[2026-03-23T15:49:51.306+0900][0.003s][info][gc,init] CardTable entry size: 512
[2026-03-23T15:49:51.306+0900][0.003s][info][gc     ] Using Parallel
[2026-03-23T15:49:51.306+0900][0.003s][info][gc,init] Version: 21.0.9+10-LTS (release)
[2026-03-23T15:49:51.306+0900][0.003s][info][gc,init] CPUs: 14 total, 14 available
[2026-03-23T15:49:51.306+0900][0.003s][info][gc,init] Memory: 49152M
[2026-03-23T15:49:51.306+0900][0.003s][info][gc,init] Large Page Support: Disabled
[2026-03-23T15:49:51.306+0900][0.003s][info][gc,init] NUMA Support: Disabled
[2026-03-23T15:49:51.306+0900][0.003s][info][gc,init] Compressed Oops: Enabled (Zero based)
[2026-03-23T15:49:51.306+0900][0.003s][info][gc,init] Alignments: Space 512K, Generation 512K, Heap 8M
[2026-03-23T15:49:51.306+0900][0.003s][info][gc,init] Heap Min Capacity: 256M
[2026-03-23T15:49:51.306+0900][0.003s][info][gc,init] Heap Initial Capacity: 256M
[2026-03-23T15:49:51.306+0900][0.003s][info][gc,init] Heap Max Capacity: 512M
[2026-03-23T15:49:51.306+0900][0.003s][info][gc,init] Pre-touch: Disabled
[2026-03-23T15:49:51.306+0900][0.003s][info][gc,init] Parallel Workers: 11
[2026-03-23T15:49:51.309+0900][0.005s][info][gc,metaspace] CDS archive(s) mapped at: [0x0000007000000000-0x0000007000c9c000-0x0000007000c9c000), size 13221888, SharedBaseAddress: 0x0000007000000000, ArchiveRelocationMode: 1.
[2026-03-23T15:49:51.309+0900][0.005s][info][gc,metaspace] Compressed class space mapped at: 0x0000007001000000-0x0000007041000000, reserved size: 1073741824
[2026-03-23T15:49:51.309+0900][0.005s][info][gc,metaspace] Narrow klass base: 0x0000007000000000, Narrow klass shift: 0, Narrow klass range: 0x100000000
[2026-03-23T15:49:51.528+0900][0.225s][info][gc,start    ] GC(0) Pause Young (Allocation Failure)
[2026-03-23T15:49:51.530+0900][0.227s][info][gc,heap     ] GC(0) PSYoungGen: 64923K(76288K)->10016K(76288K) Eden: 64923K(65536K)->0K(65536K) From: 0K(10752K)->10016K(10752K)
[2026-03-23T15:49:51.530+0900][0.227s][info][gc,heap     ] GC(0) ParOldGen: 1056K(175104K)->1064K(175104K)
[2026-03-23T15:49:51.530+0900][0.227s][info][gc,metaspace] GC(0) Metaspace: 215K(384K)->215K(384K) NonClass: 201K(256K)->201K(256K) Class: 14K(128K)->14K(128K)
[2026-03-23T15:49:51.530+0900][0.227s][info][gc          ] GC(0) Pause Young (Allocation Failure) 64M->10M(245M) 1.684ms
[2026-03-23T15:49:51.530+0900][0.227s][info][gc,cpu      ] GC(0) User=0.00s Sys=0.00s Real=0.01s
[2026-03-23T15:49:51.766+0900][0.463s][info][gc,start    ] GC(1) Pause Young (Allocation Failure)
[2026-03-23T15:49:51.768+0900][0.464s][info][gc,heap     ] GC(1) PSYoungGen: 74750K(76288K)->10512K(76288K) Eden: 64734K(65536K)->0K(65536K) From: 10016K(10752K)->10512K(10752K)
[2026-03-23T15:49:51.768+0900][0.464s][info][gc,heap     ] GC(1) ParOldGen: 1064K(175104K)->6704K(175104K)
[2026-03-23T15:49:51.768+0900][0.464s][info][gc,metaspace] GC(1) Metaspace: 216K(384K)->216K(384K) NonClass: 201K(256K)->201K(256K) Class: 14K(128K)->14K(128K)
[2026-03-23T15:49:51.768+0900][0.464s][info][gc          ] GC(1) Pause Young (Allocation Failure) 74M->16M(245M) 1.363ms
[2026-03-23T15:49:51.768+0900][0.464s][info][gc,cpu      ] GC(1) User=0.00s Sys=0.01s Real=0.00s
[2026-03-23T15:49:52.005+0900][0.701s][info][gc,start    ] GC(2) Pause Young (Allocation Failure)
[2026-03-23T15:49:52.008+0900][0.705s][info][gc,heap     ] GC(2) PSYoungGen: 75267K(76288K)->10544K(76288K) Eden: 64755K(65536K)->0K(65536K) From: 10512K(10752K)->10544K(10752K)
[2026-03-23T15:49:52.008+0900][0.705s][info][gc,heap     ] GC(2) ParOldGen: 6704K(175104K)->14392K(175104K)
[2026-03-23T15:49:52.008+0900][0.705s][info][gc,metaspace] GC(2) Metaspace: 221K(384K)->221K(384K) NonClass: 206K(256K)->206K(256K) Class: 14K(128K)->14K(128K)
[2026-03-23T15:49:52.008+0900][0.705s][info][gc          ] GC(2) Pause Young (Allocation Failure) 80M->24M(245M) 3.650ms
[2026-03-23T15:49:52.008+0900][0.705s][info][gc,cpu      ] GC(2) User=0.01s Sys=0.00s Real=0.00s
[2026-03-23T15:49:52.242+0900][0.939s][info][gc,start    ] GC(3) Pause Young (Allocation Failure)
[2026-03-23T15:49:52.243+0900][0.940s][info][gc,heap     ] GC(3) PSYoungGen: 75313K(76288K)->10512K(76288K) Eden: 64769K(65536K)->0K(65536K) From: 10544K(10752K)->10512K(10752K)
[2026-03-23T15:49:52.243+0900][0.940s][info][gc,heap     ] GC(3) ParOldGen: 14392K(175104K)->22073K(175104K)
[2026-03-23T15:49:52.243+0900][0.940s][info][gc,metaspace] GC(3) Metaspace: 223K(384K)->223K(384K) NonClass: 209K(256K)->209K(256K) Class: 14K(128K)->14K(128K)
[2026-03-23T15:49:52.243+0900][0.940s][info][gc          ] GC(3) Pause Young (Allocation Failure) 87M->31M(245M) 0.994ms
[2026-03-23T15:49:52.243+0900][0.940s][info][gc,cpu      ] GC(3) User=0.00s Sys=0.01s Real=0.00s
[2026-03-23T15:49:52.484+0900][1.180s][info][gc,start    ] GC(4) Pause Young (Allocation Failure)
[2026-03-23T15:49:52.487+0900][1.183s][info][gc,heap     ] GC(4) PSYoungGen: 75290K(76288K)->10512K(74752K) Eden: 64778K(65536K)->0K(64000K) From: 10512K(10752K)->10512K(10752K)
[2026-03-23T15:49:52.487+0900][1.184s][info][gc,heap     ] GC(4) ParOldGen: 22073K(175104K)->28217K(175104K)
[2026-03-23T15:49:52.487+0900][1.184s][info][gc,metaspace] GC(4) Metaspace: 228K(384K)->228K(384K) NonClass: 213K(256K)->213K(256K) Class: 14K(128K)->14K(128K)
[2026-03-23T15:49:52.487+0900][1.184s][info][gc          ] GC(4) Pause Young (Allocation Failure) 95M->37M(244M) 3.079ms
[2026-03-23T15:49:52.487+0900][1.184s][info][gc,cpu      ] GC(4) User=0.01s Sys=0.00s Real=0.00s
[2026-03-23T15:49:52.712+0900][1.409s][info][gc,start    ] GC(5) Pause Young (Allocation Failure)
[2026-03-23T15:49:52.715+0900][1.412s][info][gc,heap     ] GC(5) PSYoungGen: 73730K(74752K)->10000K(72704K) Eden: 63218K(64000K)->0K(62464K) From: 10512K(10752K)->10000K(10240K)
[2026-03-23T15:49:52.715+0900][1.412s][info][gc,heap     ] GC(5) ParOldGen: 28217K(175104K)->36409K(175104K)
[2026-03-23T15:49:52.715+0900][1.412s][info][gc,metaspace] GC(5) Metaspace: 228K(384K)->228K(384K) NonClass: 213K(256K)->213K(256K) Class: 14K(128K)->14K(128K)
[2026-03-23T15:49:52.715+0900][1.412s][info][gc          ] GC(5) Pause Young (Allocation Failure) 99M->45M(242M) 2.963ms
[2026-03-23T15:49:52.715+0900][1.412s][info][gc,cpu      ] GC(5) User=0.00s Sys=0.00s Real=0.00s
[2026-03-23T15:49:52.942+0900][1.638s][info][gc,start    ] GC(6) Pause Young (Allocation Failure)
[2026-03-23T15:49:52.944+0900][1.641s][info][gc,heap     ] GC(6) PSYoungGen: 71655K(72704K)->10912K(72704K) Eden: 61655K(62464K)->0K(61440K) From: 10000K(10240K)->10912K(11264K)
[2026-03-23T15:49:52.944+0900][1.641s][info][gc,heap     ] GC(6) ParOldGen: 36409K(175104K)->41721K(175104K)
[2026-03-23T15:49:52.944+0900][1.641s][info][gc,metaspace] GC(6) Metaspace: 233K(448K)->233K(448K) NonClass: 218K(320K)->218K(320K) Class: 14K(128K)->14K(128K)
[2026-03-23T15:49:52.944+0900][1.641s][info][gc          ] GC(6) Pause Young (Allocation Failure) 105M->51M(242M) 2.850ms
[2026-03-23T15:49:52.944+0900][1.641s][info][gc,cpu      ] GC(6) User=0.01s Sys=0.00s Real=0.00s
[2026-03-23T15:49:53.166+0900][1.863s][info][gc,start    ] GC(7) Pause Young (Allocation Failure)
[2026-03-23T15:49:53.167+0900][1.864s][info][gc,heap     ] GC(7) PSYoungGen: 72038K(72704K)->8352K(69120K) Eden: 61125K(61440K)->0K(60416K) From: 10912K(11264K)->8352K(8704K)
[2026-03-23T15:49:53.167+0900][1.864s][info][gc,heap     ] GC(7) ParOldGen: 41721K(175104K)->51482K(175104K)
[2026-03-23T15:49:53.167+0900][1.864s][info][gc,metaspace] GC(7) Metaspace: 235K(448K)->235K(448K) NonClass: 221K(320K)->221K(320K) Class: 14K(128K)->14K(128K)
[2026-03-23T15:49:53.167+0900][1.864s][info][gc          ] GC(7) Pause Young (Allocation Failure) 111M->58M(238M) 1.285ms
[2026-03-23T15:49:53.167+0900][1.864s][info][gc,cpu      ] GC(7) User=0.00s Sys=0.01s Real=0.00s
[2026-03-23T15:49:53.389+0900][2.086s][info][gc,start    ] GC(8) Pause Young (Allocation Failure)
[2026-03-23T15:49:53.391+0900][2.088s][info][gc,heap     ] GC(8) PSYoungGen: 68435K(69120K)->11360K(71168K) Eden: 60083K(60416K)->0K(59392K) From: 8352K(8704K)->11360K(11776K)
[2026-03-23T15:49:53.391+0900][2.088s][info][gc,heap     ] GC(8) ParOldGen: 51482K(175104K)->54570K(175104K)
[2026-03-23T15:49:53.391+0900][2.088s][info][gc,metaspace] GC(8) Metaspace: 235K(448K)->235K(448K) NonClass: 221K(320K)->221K(320K) Class: 14K(128K)->14K(128K)
[2026-03-23T15:49:53.391+0900][2.088s][info][gc          ] GC(8) Pause Young (Allocation Failure) 117M->64M(240M) 2.334ms
[2026-03-23T15:49:53.391+0900][2.088s][info][gc,cpu      ] GC(8) User=0.00s Sys=0.00s Real=0.01s
[2026-03-23T15:49:53.606+0900][2.303s][info][gc,start    ] GC(9) Pause Young (Allocation Failure)
[2026-03-23T15:49:53.609+0900][2.306s][info][gc,heap     ] GC(9) PSYoungGen: 70400K(71168K)->10368K(69120K) Eden: 59039K(59392K)->0K(58368K) From: 11360K(11776K)->10368K(10752K)
[2026-03-23T15:49:53.609+0900][2.306s][info][gc,heap     ] GC(9) ParOldGen: 54570K(175104K)->62290K(175104K)
[2026-03-23T15:49:53.609+0900][2.306s][info][gc,metaspace] GC(9) Metaspace: 235K(448K)->235K(448K) NonClass: 221K(320K)->221K(320K) Class: 14K(128K)->14K(128K)
[2026-03-23T15:49:53.609+0900][2.306s][info][gc          ] GC(9) Pause Young (Allocation Failure) 122M->70M(238M) 2.475ms
[2026-03-23T15:49:53.609+0900][2.306s][info][gc,cpu      ] GC(9) User=0.00s Sys=0.00s Real=0.00s
[2026-03-23T15:49:53.826+0900][2.523s][info][gc,start    ] GC(10) Pause Young (Allocation Failure)
[2026-03-23T15:49:53.828+0900][2.525s][info][gc,heap     ] GC(10) PSYoungGen: 68364K(69120K)->6208K(64000K) Eden: 57996K(58368K)->0K(57344K) From: 10368K(10752K)->6208K(6656K)
[2026-03-23T15:49:53.828+0900][2.525s][info][gc,heap     ] GC(10) ParOldGen: 62290K(175104K)->72058K(175104K)
[2026-03-23T15:49:53.828+0900][2.525s][info][gc,metaspace] GC(10) Metaspace: 235K(448K)->235K(448K) NonClass: 221K(320K)->221K(320K) Class: 14K(128K)->14K(128K)
[2026-03-23T15:49:53.828+0900][2.525s][info][gc          ] GC(10) Pause Young (Allocation Failure) 127M->76M(233M) 2.505ms
[2026-03-23T15:49:53.828+0900][2.525s][info][gc,cpu      ] GC(10) User=0.00s Sys=0.01s Real=0.00s
[2026-03-23T15:49:54.031+0900][2.728s][info][gc,start    ] GC(11) Pause Young (Allocation Failure)
[2026-03-23T15:49:54.033+0900][2.730s][info][gc,heap     ] GC(11) PSYoungGen: 63160K(64000K)->7776K(68608K) Eden: 56952K(57344K)->0K(56320K) From: 6208K(6656K)->7776K(12288K)
[2026-03-23T15:49:54.033+0900][2.730s][info][gc,heap     ] GC(11) ParOldGen: 72058K(175104K)->78234K(175104K)
[2026-03-23T15:49:54.034+0900][2.730s][info][gc,metaspace] GC(11) Metaspace: 235K(448K)->235K(448K) NonClass: 221K(320K)->221K(320K) Class: 14K(128K)->14K(128K)
[2026-03-23T15:49:54.034+0900][2.730s][info][gc          ] GC(11) Pause Young (Allocation Failure) 132M->83M(238M) 2.179ms
[2026-03-23T15:49:54.034+0900][2.730s][info][gc,cpu      ] GC(11) User=0.01s Sys=0.00s Real=0.00s
[2026-03-23T15:49:54.236+0900][2.932s][info][gc,start    ] GC(12) Pause Young (Allocation Failure)
[2026-03-23T15:49:54.238+0900][2.935s][info][gc,heap     ] GC(12) PSYoungGen: 63685K(68608K)->8320K(64000K) Eden: 55908K(56320K)->0K(55296K) From: 7776K(12288K)->8320K(8704K)
[2026-03-23T15:49:54.238+0900][2.935s][info][gc,heap     ] GC(12) ParOldGen: 78234K(175104K)->84419K(175104K)
[2026-03-23T15:49:54.238+0900][2.935s][info][gc,metaspace] GC(12) Metaspace: 235K(448K)->235K(448K) NonClass: 221K(320K)->221K(320K) Class: 14K(128K)->14K(128K)
[2026-03-23T15:49:54.238+0900][2.935s][info][gc          ] GC(12) Pause Young (Allocation Failure) 138M->90M(233M) 2.635ms
[2026-03-23T15:49:54.238+0900][2.935s][info][gc,cpu      ] GC(12) User=0.01s Sys=0.01s Real=0.00s
[2026-03-23T15:49:54.443+0900][3.139s][info][gc,start    ] GC(13) Pause Young (Allocation Failure)
[2026-03-23T15:49:54.444+0900][3.141s][info][gc,heap     ] GC(13) PSYoungGen: 63185K(64000K)->7264K(66560K) Eden: 54864K(55296K)->0K(54272K) From: 8320K(8704K)->7264K(12288K)
[2026-03-23T15:49:54.444+0900][3.141s][info][gc,heap     ] GC(13) ParOldGen: 84419K(175104K)->91115K(175104K)
[2026-03-23T15:49:54.444+0900][3.141s][info][gc,metaspace] GC(13) Metaspace: 235K(448K)->235K(448K) NonClass: 221K(320K)->221K(320K) Class: 14K(128K)->14K(128K)
[2026-03-23T15:49:54.444+0900][3.141s][info][gc          ] GC(13) Pause Young (Allocation Failure) 144M->96M(236M) 1.826ms
[2026-03-23T15:49:54.445+0900][3.141s][info][gc,cpu      ] GC(13) User=0.00s Sys=0.00s Real=0.00s
[2026-03-23T15:49:54.651+0900][3.348s][info][gc,start    ] GC(14) Pause Young (Allocation Failure)
[2026-03-23T15:49:54.653+0900][3.350s][info][gc,heap     ] GC(14) PSYoungGen: 61084K(66560K)->6272K(59904K) Eden: 53820K(54272K)->0K(53248K) From: 7264K(12288K)->6272K(6656K)
[2026-03-23T15:49:54.653+0900][3.350s][info][gc,heap     ] GC(14) ParOldGen: 91115K(175104K)->96787K(175104K)
[2026-03-23T15:49:54.653+0900][3.350s][info][gc,metaspace] GC(14) Metaspace: 235K(448K)->235K(448K) NonClass: 221K(320K)->221K(320K) Class: 14K(128K)->14K(128K)
[2026-03-23T15:49:54.653+0900][3.350s][info][gc          ] GC(14) Pause Young (Allocation Failure) 148M->100M(229M) 2.496ms
[2026-03-23T15:49:54.653+0900][3.350s][info][gc,cpu      ] GC(14) User=0.00s Sys=0.00s Real=0.00s
[2026-03-23T15:49:54.841+0900][3.538s][info][gc,start    ] GC(15) Pause Young (Allocation Failure)
[2026-03-23T15:49:54.842+0900][3.538s][info][gc,heap     ] GC(15) PSYoungGen: 59048K(59904K)->6720K(64000K) Eden: 52776K(53248K)->0K(52224K) From: 6272K(6656K)->6720K(11776K)
[2026-03-23T15:49:54.842+0900][3.538s][info][gc,heap     ] GC(15) ParOldGen: 96787K(175104K)->102971K(175104K)
[2026-03-23T15:49:54.842+0900][3.538s][info][gc,metaspace] GC(15) Metaspace: 235K(448K)->235K(448K) NonClass: 221K(320K)->221K(320K) Class: 14K(128K)->14K(128K)
[2026-03-23T15:49:54.842+0900][3.538s][info][gc          ] GC(15) Pause Young (Allocation Failure) 152M->107M(233M) 0.641ms
[2026-03-23T15:49:54.842+0900][3.538s][info][gc,cpu      ] GC(15) User=0.00s Sys=0.01s Real=0.00s
[2026-03-23T15:49:55.027+0900][3.723s][info][gc,start    ] GC(16) Pause Young (Allocation Failure)
[2026-03-23T15:49:55.029+0900][3.726s][info][gc,heap     ] GC(16) PSYoungGen: 58490K(64000K)->6208K(57856K) Eden: 51770K(52224K)->0K(51200K) From: 6720K(11776K)->6208K(6656K)
[2026-03-23T15:49:55.029+0900][3.726s][info][gc,heap     ] GC(16) ParOldGen: 102971K(175104K)->109147K(175104K)
[2026-03-23T15:49:55.029+0900][3.726s][info][gc,metaspace] GC(16) Metaspace: 235K(448K)->235K(448K) NonClass: 221K(320K)->221K(320K) Class: 14K(128K)->14K(128K)
[2026-03-23T15:49:55.029+0900][3.726s][info][gc          ] GC(16) Pause Young (Allocation Failure) 157M->112M(227M) 2.444ms
[2026-03-23T15:49:55.029+0900][3.726s][info][gc,cpu      ] GC(16) User=0.00s Sys=0.00s Real=0.00s
[2026-03-23T15:49:55.214+0900][3.910s][info][gc,start    ] GC(17) Pause Young (Allocation Failure)
[2026-03-23T15:49:55.216+0900][3.912s][info][gc,heap     ] GC(17) PSYoungGen: 57401K(57856K)->6240K(61952K) Eden: 51193K(51200K)->0K(50176K) From: 6208K(6656K)->6240K(11776K)
[2026-03-23T15:49:55.216+0900][3.912s][info][gc,heap     ] GC(17) ParOldGen: 109147K(175104K)->115324K(175104K)
[2026-03-23T15:49:55.216+0900][3.913s][info][gc,metaspace] GC(17) Metaspace: 235K(448K)->235K(448K) NonClass: 221K(320K)->221K(320K) Class: 14K(128K)->14K(128K)
[2026-03-23T15:49:55.216+0900][3.913s][info][gc          ] GC(17) Pause Young (Allocation Failure) 162M->118M(231M) 2.055ms
[2026-03-23T15:49:55.216+0900][3.913s][info][gc,cpu      ] GC(17) User=0.00s Sys=0.00s Real=0.00s
[2026-03-23T15:49:55.398+0900][4.095s][info][gc,start    ] GC(18) Pause Young (Allocation Failure)
[2026-03-23T15:49:55.400+0900][4.097s][info][gc,heap     ] GC(18) PSYoungGen: 56391K(61952K)->5248K(54784K) Eden: 50151K(50176K)->0K(49152K) From: 6240K(11776K)->5248K(5632K)
[2026-03-23T15:49:55.400+0900][4.097s][info][gc,heap     ] GC(18) ParOldGen: 115324K(175104K)->121500K(175104K)
[2026-03-23T15:49:55.400+0900][4.097s][info][gc,metaspace] GC(18) Metaspace: 235K(448K)->235K(448K) NonClass: 221K(320K)->221K(320K) Class: 14K(128K)->14K(128K)
[2026-03-23T15:49:55.400+0900][4.097s][info][gc          ] GC(18) Pause Young (Allocation Failure) 167M->123M(224M) 1.969ms
[2026-03-23T15:49:55.400+0900][4.097s][info][gc,cpu      ] GC(18) User=0.00s Sys=0.01s Real=0.01s
[2026-03-23T15:49:55.576+0900][4.273s][info][gc,start    ] GC(19) Pause Young (Allocation Failure)
[2026-03-23T15:49:55.578+0900][4.275s][info][gc,heap     ] GC(19) PSYoungGen: 54353K(54784K)->6240K(59904K) Eden: 49105K(49152K)->0K(48128K) From: 5248K(5632K)->6240K(11776K)
[2026-03-23T15:49:55.578+0900][4.275s][info][gc,heap     ] GC(19) ParOldGen: 121500K(175104K)->126148K(175104K)
[2026-03-23T15:49:55.578+0900][4.275s][info][gc,metaspace] GC(19) Metaspace: 235K(448K)->235K(448K) NonClass: 221K(320K)->221K(320K) Class: 14K(128K)->14K(128K)
[2026-03-23T15:49:55.578+0900][4.275s][info][gc          ] GC(19) Pause Young (Allocation Failure) 171M->129M(229M) 2.235ms
[2026-03-23T15:49:55.578+0900][4.275s][info][gc,cpu      ] GC(19) User=0.00s Sys=0.00s Real=0.00s
[2026-03-23T15:49:55.755+0900][4.452s][info][gc,start    ] GC(20) Pause Young (Allocation Failure)
[2026-03-23T15:49:55.757+0900][4.454s][info][gc,heap     ] GC(20) PSYoungGen: 54300K(59904K)->4672K(60928K) Eden: 48060K(48128K)->0K(48128K) From: 6240K(11776K)->4672K(12800K)
[2026-03-23T15:49:55.757+0900][4.454s][info][gc,heap     ] GC(20) ParOldGen: 126148K(175104K)->132324K(175104K)
[2026-03-23T15:49:55.757+0900][4.454s][info][gc,metaspace] GC(20) Metaspace: 235K(448K)->235K(448K) NonClass: 221K(320K)->221K(320K) Class: 14K(128K)->14K(128K)
[2026-03-23T15:49:55.757+0900][4.454s][info][gc          ] GC(20) Pause Young (Allocation Failure) 176M->133M(230M) 2.418ms
[2026-03-23T15:49:55.757+0900][4.454s][info][gc,cpu      ] GC(20) User=0.00s Sys=0.00s Real=0.00s
[2026-03-23T15:49:55.929+0900][4.626s][info][gc,start    ] GC(21) Pause Young (Allocation Failure)
[2026-03-23T15:49:55.932+0900][4.628s][info][gc,heap     ] GC(21) PSYoungGen: 52732K(60928K)->6272K(80384K) Eden: 48060K(48128K)->0K(67584K) From: 4672K(12800K)->6272K(12800K)
[2026-03-23T15:49:55.932+0900][4.628s][info][gc,heap     ] GC(21) ParOldGen: 132324K(175104K)->136964K(175104K)
[2026-03-23T15:49:55.932+0900][4.628s][info][gc,metaspace] GC(21) Metaspace: 237K(448K)->237K(448K) NonClass: 222K(320K)->222K(320K) Class: 14K(128K)->14K(128K)
[2026-03-23T15:49:55.932+0900][4.628s][info][gc          ] GC(21) Pause Young (Allocation Failure) 180M->139M(249M) 2.902ms
[2026-03-23T15:49:55.932+0900][4.628s][info][gc,cpu      ] GC(21) User=0.01s Sys=0.01s Real=0.01s
[2026-03-23T15:49:56.177+0900][4.873s][info][gc,start    ] GC(22) Pause Young (Allocation Failure)
[2026-03-23T15:49:56.179+0900][4.876s][info][gc,heap     ] GC(22) PSYoungGen: 73150K(80384K)->6720K(80384K) Eden: 66878K(67584K)->0K(67584K) From: 6272K(12800K)->6720K(12800K)
[2026-03-23T15:49:56.179+0900][4.876s][info][gc,heap     ] GC(22) ParOldGen: 136964K(175104K)->143140K(175104K)
[2026-03-23T15:49:56.179+0900][4.876s][info][gc,metaspace] GC(22) Metaspace: 237K(448K)->237K(448K) NonClass: 222K(320K)->222K(320K) Class: 14K(128K)->14K(128K)
[2026-03-23T15:49:56.179+0900][4.876s][info][gc          ] GC(22) Pause Young (Allocation Failure) 205M->146M(249M) 2.651ms
[2026-03-23T15:49:56.179+0900][4.876s][info][gc,cpu      ] GC(22) User=0.00s Sys=0.00s Real=0.00s
[2026-03-23T15:49:56.425+0900][5.122s][info][gc,start    ] GC(23) Pause Young (Allocation Failure)
[2026-03-23T15:49:56.427+0900][5.124s][info][gc,heap     ] GC(23) PSYoungGen: 74108K(80384K)->7808K(105984K) Eden: 67388K(67584K)->0K(94720K) From: 6720K(12800K)->7808K(11264K)
[2026-03-23T15:49:56.427+0900][5.124s][info][gc,heap     ] GC(23) ParOldGen: 143140K(175104K)->149317K(175104K)
[2026-03-23T15:49:56.427+0900][5.124s][info][gc,metaspace] GC(23) Metaspace: 237K(448K)->237K(448K) NonClass: 222K(320K)->222K(320K) Class: 14K(128K)->14K(128K)
[2026-03-23T15:49:56.427+0900][5.124s][info][gc          ] GC(23) Pause Young (Allocation Failure) 212M->153M(274M) 2.495ms
[2026-03-23T15:49:56.427+0900][5.124s][info][gc,cpu      ] GC(23) User=0.00s Sys=0.01s Real=0.00s
[2026-03-23T15:49:56.773+0900][5.469s][info][gc,start    ] GC(24) Pause Young (Allocation Failure)
[2026-03-23T15:49:56.774+0900][5.470s][info][gc,heap     ] GC(24) PSYoungGen: 102362K(105984K)->11360K(103936K) Eden: 94554K(94720K)->0K(92160K) From: 7808K(11264K)->11360K(11776K)
[2026-03-23T15:49:56.774+0900][5.470s][info][gc,heap     ] GC(24) ParOldGen: 149317K(175104K)->157037K(175104K)
[2026-03-23T15:49:56.774+0900][5.470s][info][gc,metaspace] GC(24) Metaspace: 237K(448K)->237K(448K) NonClass: 222K(320K)->222K(320K) Class: 14K(128K)->14K(128K)
[2026-03-23T15:49:56.774+0900][5.471s][info][gc          ] GC(24) Pause Young (Allocation Failure) 245M->164M(272M) 1.254ms
[2026-03-23T15:49:56.774+0900][5.471s][info][gc,cpu      ] GC(24) User=0.00s Sys=0.00s Real=0.00s
[2026-03-23T15:49:57.109+0900][5.806s][info][gc,start    ] GC(25) Pause Young (Allocation Failure)
[2026-03-23T15:49:57.112+0900][5.809s][info][gc,heap     ] GC(25) PSYoungGen: 103302K(103936K)->10848K(100864K) Eden: 91942K(92160K)->0K(89600K) From: 11360K(11776K)->10848K(11264K)
[2026-03-23T15:49:57.112+0900][5.809s][info][gc,heap     ] GC(25) ParOldGen: 157037K(175104K)->167829K(175104K)
[2026-03-23T15:49:57.112+0900][5.809s][info][gc,metaspace] GC(25) Metaspace: 237K(448K)->237K(448K) NonClass: 222K(320K)->222K(320K) Class: 14K(128K)->14K(128K)
[2026-03-23T15:49:57.112+0900][5.809s][info][gc          ] GC(25) Pause Young (Allocation Failure) 254M->174M(269M) 3.168ms
[2026-03-23T15:49:57.112+0900][5.809s][info][gc,cpu      ] GC(25) User=0.01s Sys=0.01s Real=0.01s
[2026-03-23T15:49:57.434+0900][6.131s][info][gc,start    ] GC(26) Pause Young (Allocation Failure)
[2026-03-23T15:49:57.438+0900][6.134s][info][gc,heap     ] GC(26) PSYoungGen: 100183K(100864K)->9376K(96768K) Eden: 89334K(89600K)->0K(87040K) From: 10848K(11264K)->9376K(9728K)
[2026-03-23T15:49:57.438+0900][6.134s][info][gc,heap     ] GC(26) ParOldGen: 167829K(175104K)->178621K(179712K)
[2026-03-23T15:49:57.438+0900][6.134s][info][gc,metaspace] GC(26) Metaspace: 237K(448K)->237K(448K) NonClass: 222K(320K)->222K(320K) Class: 14K(128K)->14K(128K)
[2026-03-23T15:49:57.438+0900][6.134s][info][gc          ] GC(26) Pause Young (Allocation Failure) 261M->183M(270M) 3.550ms
[2026-03-23T15:49:57.438+0900][6.134s][info][gc,cpu      ] GC(26) User=0.01s Sys=0.00s Real=0.00s
[2026-03-23T15:49:57.750+0900][6.446s][info][gc,start    ] GC(27) Pause Young (Allocation Failure)
[2026-03-23T15:49:57.753+0900][6.450s][info][gc,heap     ] GC(27) PSYoungGen: 96102K(96768K)->9824K(96768K) Eden: 86726K(87040K)->0K(84992K) From: 9376K(9728K)->9824K(11776K)
[2026-03-23T15:49:57.754+0900][6.450s][info][gc,heap     ] GC(27) ParOldGen: 178621K(179712K)->187886K(188928K)
[2026-03-23T15:49:57.754+0900][6.450s][info][gc,metaspace] GC(27) Metaspace: 237K(448K)->237K(448K) NonClass: 222K(320K)->222K(320K) Class: 14K(128K)->14K(128K)
[2026-03-23T15:49:57.754+0900][6.450s][info][gc          ] GC(27) Pause Young (Allocation Failure) 268M->193M(279M) 3.903ms
[2026-03-23T15:49:57.754+0900][6.450s][info][gc,cpu      ] GC(27) User=0.00s Sys=0.00s Real=0.00s
[2026-03-23T15:49:58.061+0900][6.758s][info][gc,start    ] GC(28) Pause Young (Allocation Failure)
[2026-03-23T15:49:58.064+0900][6.761s][info][gc,heap     ] GC(28) PSYoungGen: 94463K(96768K)->11360K(94720K) Eden: 84639K(84992K)->0K(82944K) From: 9824K(11776K)->11360K(11776K)
[2026-03-23T15:49:58.064+0900][6.761s][info][gc,heap     ] GC(28) ParOldGen: 187886K(188928K)->197142K(198144K)
[2026-03-23T15:49:58.064+0900][6.761s][info][gc,metaspace] GC(28) Metaspace: 237K(448K)->237K(448K) NonClass: 222K(320K)->222K(320K) Class: 14K(128K)->14K(128K)
[2026-03-23T15:49:58.064+0900][6.761s][info][gc          ] GC(28) Pause Young (Allocation Failure) 275M->203M(286M) 3.149ms
[2026-03-23T15:49:58.064+0900][6.761s][info][gc,cpu      ] GC(28) User=0.01s Sys=0.00s Real=0.00s
[2026-03-23T15:49:58.367+0900][7.063s][info][gc,start    ] GC(29) Pause Young (Allocation Failure)
[2026-03-23T15:49:58.370+0900][7.067s][info][gc,heap     ] GC(29) PSYoungGen: 93912K(94720K)->10336K(93184K) Eden: 82551K(82944K)->0K(80896K) From: 11360K(11776K)->10336K(12288K)
[2026-03-23T15:49:58.370+0900][7.067s][info][gc,heap     ] GC(29) ParOldGen: 197142K(198144K)->206910K(207872K)
[2026-03-23T15:49:58.370+0900][7.067s][info][gc,metaspace] GC(29) Metaspace: 237K(448K)->237K(448K) NonClass: 222K(320K)->222K(320K) Class: 14K(128K)->14K(128K)
[2026-03-23T15:49:58.370+0900][7.067s][info][gc          ] GC(29) Pause Young (Allocation Failure) 284M->212M(294M) 3.687ms
[2026-03-23T15:49:58.370+0900][7.067s][info][gc,cpu      ] GC(29) User=0.01s Sys=0.01s Real=0.01s
[2026-03-23T15:49:58.678+0900][7.374s][info][gc,start    ] GC(30) Pause Young (Allocation Failure)
[2026-03-23T15:49:58.681+0900][7.378s][info][gc,heap     ] GC(30) PSYoungGen: 90800K(93184K)->9824K(95232K) Eden: 80464K(80896K)->0K(80896K) From: 10336K(12288K)->9824K(14336K)
[2026-03-23T15:49:58.681+0900][7.378s][info][gc,heap     ] GC(30) ParOldGen: 206910K(207872K)->215647K(216576K)
[2026-03-23T15:49:58.681+0900][7.378s][info][gc,metaspace] GC(30) Metaspace: 237K(448K)->237K(448K) NonClass: 222K(320K)->222K(320K) Class: 14K(128K)->14K(128K)
[2026-03-23T15:49:58.681+0900][7.378s][info][gc          ] GC(30) Pause Young (Allocation Failure) 290M->220M(304M) 3.692ms
[2026-03-23T15:49:58.681+0900][7.378s][info][gc,cpu      ] GC(30) User=0.00s Sys=0.00s Real=0.01s
[2026-03-23T15:49:58.973+0900][7.670s][info][gc,start    ] GC(31) Pause Young (Allocation Failure)
[2026-03-23T15:49:58.977+0900][7.674s][info][gc,heap     ] GC(31) PSYoungGen: 89777K(95232K)->9920K(118784K) Eden: 79953K(80896K)->0K(105472K) From: 9824K(14336K)->9920K(13312K)
[2026-03-23T15:49:58.977+0900][7.674s][info][gc,heap     ] GC(31) ParOldGen: 215647K(216576K)->224911K(225280K)
[2026-03-23T15:49:58.977+0900][7.674s][info][gc,metaspace] GC(31) Metaspace: 237K(448K)->237K(448K) NonClass: 222K(320K)->222K(320K) Class: 14K(128K)->14K(128K)
[2026-03-23T15:49:58.977+0900][7.674s][info][gc          ] GC(31) Pause Young (Allocation Failure) 298M->229M(336M) 3.804ms
[2026-03-23T15:49:58.977+0900][7.674s][info][gc,cpu      ] GC(31) User=0.01s Sys=0.01s Real=0.00s
[2026-03-23T15:49:59.360+0900][8.057s][info][gc,start    ] GC(32) Pause Young (Allocation Failure)
[2026-03-23T15:49:59.365+0900][8.062s][info][gc,heap     ] GC(32) PSYoungGen: 114429K(118784K)->13024K(119296K) Eden: 104509K(105472K)->0K(105472K) From: 9920K(13312K)->13024K(13824K)
[2026-03-23T15:49:59.365+0900][8.062s][info][gc,heap     ] GC(32) ParOldGen: 224911K(225280K)->234167K(235520K)
[2026-03-23T15:49:59.365+0900][8.062s][info][gc,metaspace] GC(32) Metaspace: 237K(448K)->237K(448K) NonClass: 222K(320K)->222K(320K) Class: 14K(128K)->14K(128K)
[2026-03-23T15:49:59.365+0900][8.062s][info][gc          ] GC(32) Pause Young (Allocation Failure) 331M->241M(346M) 5.189ms
[2026-03-23T15:49:59.365+0900][8.062s][info][gc,cpu      ] GC(32) User=0.00s Sys=0.00s Real=0.00s
[2026-03-23T15:49:59.758+0900][8.454s][info][gc,start    ] GC(33) Pause Young (Allocation Failure)
[2026-03-23T15:49:59.762+0900][8.459s][info][gc,heap     ] GC(33) PSYoungGen: 117530K(119296K)->11424K(146432K) Eden: 104506K(105472K)->0K(131584K) From: 13024K(13824K)->11424K(14848K)
[2026-03-23T15:49:59.762+0900][8.459s][info][gc,heap     ] GC(33) ParOldGen: 234167K(235520K)->246488K(247808K)
[2026-03-23T15:49:59.762+0900][8.459s][info][gc,metaspace] GC(33) Metaspace: 237K(448K)->237K(448K) NonClass: 222K(320K)->222K(320K) Class: 14K(128K)->14K(128K)
[2026-03-23T15:49:59.762+0900][8.459s][info][gc          ] GC(33) Pause Young (Allocation Failure) 343M->251M(385M) 4.154ms
[2026-03-23T15:49:59.762+0900][8.459s][info][gc,cpu      ] GC(33) User=0.01s Sys=0.00s Real=0.01s
[2026-03-23T15:50:00.242+0900][8.938s][info][gc,start    ] GC(34) Pause Young (Allocation Failure)
[2026-03-23T15:50:00.246+0900][8.943s][info][gc,heap     ] GC(34) PSYoungGen: 142054K(146432K)->15104K(146944K) Eden: 130630K(131584K)->0K(131584K) From: 11424K(14848K)->15104K(15360K)
[2026-03-23T15:50:00.246+0900][8.943s][info][gc,heap     ] GC(34) ParOldGen: 246488K(247808K)->258288K(258560K)
[2026-03-23T15:50:00.246+0900][8.943s][info][gc,metaspace] GC(34) Metaspace: 237K(448K)->237K(448K) NonClass: 222K(320K)->222K(320K) Class: 14K(128K)->14K(128K)
[2026-03-23T15:50:00.246+0900][8.943s][info][gc          ] GC(34) Pause Young (Allocation Failure) 379M->266M(396M) 4.630ms
[2026-03-23T15:50:00.246+0900][8.943s][info][gc,cpu      ] GC(34) User=0.00s Sys=0.01s Real=0.00s
[2026-03-23T15:50:00.731+0900][9.428s][info][gc,start    ] GC(35) Pause Young (Allocation Failure)
[2026-03-23T15:50:00.737+0900][9.433s][info][gc,heap     ] GC(35) PSYoungGen: 145732K(146944K)->14528K(155648K) Eden: 130627K(131584K)->0K(138752K) From: 15104K(15360K)->14528K(16896K)
[2026-03-23T15:50:00.737+0900][9.434s][info][gc,heap     ] GC(35) ParOldGen: 258288K(258560K)->272672K(272896K)
[2026-03-23T15:50:00.737+0900][9.434s][info][gc,metaspace] GC(35) Metaspace: 237K(448K)->237K(448K) NonClass: 222K(320K)->222K(320K) Class: 14K(128K)->14K(128K)
[2026-03-23T15:50:00.737+0900][9.434s][info][gc          ] GC(35) Pause Young (Allocation Failure) 394M->280M(418M) 5.394ms
[2026-03-23T15:50:00.737+0900][9.434s][info][gc,cpu      ] GC(35) User=0.01s Sys=0.01s Real=0.00s
[2026-03-23T15:50:01.245+0900][9.942s][info][gc,start    ] GC(36) Pause Young (Allocation Failure)
[2026-03-23T15:50:01.250+0900][9.946s][info][gc,heap     ] GC(36) PSYoungGen: 152981K(155648K)->16064K(150528K) Eden: 138453K(138752K)->0K(134144K) From: 14528K(16896K)->16064K(16384K)
[2026-03-23T15:50:01.250+0900][9.947s][info][gc,heap     ] GC(36) ParOldGen: 272672K(272896K)->286561K(287232K)
[2026-03-23T15:50:01.250+0900][9.947s][info][gc,metaspace] GC(36) Metaspace: 237K(448K)->237K(448K) NonClass: 222K(320K)->222K(320K) Class: 14K(128K)->14K(128K)
[2026-03-23T15:50:01.250+0900][9.947s][info][gc          ] GC(36) Pause Young (Allocation Failure) 415M->295M(427M) 4.666ms
[2026-03-23T15:50:01.250+0900][9.947s][info][gc,cpu      ] GC(36) User=0.01s Sys=0.01s Real=0.01s
[2026-03-23T15:50:01.738+0900][10.435s][info][gc,start    ] GC(37) Pause Young (Allocation Failure)
[2026-03-23T15:50:01.743+0900][10.439s][info][gc,heap     ] GC(37) PSYoungGen: 149818K(150528K)->16064K(146432K) Eden: 133753K(134144K)->0K(130048K) From: 16064K(16384K)->16064K(16384K)
[2026-03-23T15:50:01.743+0900][10.439s][info][gc,heap     ] GC(37) ParOldGen: 286561K(287232K)->301961K(302592K)
[2026-03-23T15:50:01.743+0900][10.439s][info][gc,metaspace] GC(37) Metaspace: 237K(448K)->237K(448K) NonClass: 222K(320K)->222K(320K) Class: 14K(128K)->14K(128K)
[2026-03-23T15:50:01.743+0900][10.439s][info][gc          ] GC(37) Pause Young (Allocation Failure) 426M->310M(438M) 4.751ms
[2026-03-23T15:50:01.743+0900][10.439s][info][gc,cpu      ] GC(37) User=0.01s Sys=0.00s Real=0.01s
[2026-03-23T15:50:02.212+0900][10.909s][info][gc,start    ] GC(38) Pause Young (Allocation Failure)
[2026-03-23T15:50:02.218+0900][10.915s][info][gc,heap     ] GC(38) PSYoungGen: 145104K(146432K)->14496K(151552K) Eden: 129040K(130048K)->0K(131584K) From: 16064K(16384K)->14496K(19968K)
[2026-03-23T15:50:02.218+0900][10.915s][info][gc,heap     ] GC(38) ParOldGen: 301961K(302592K)->317394K(317952K)
[2026-03-23T15:50:02.218+0900][10.915s][info][gc,metaspace] GC(38) Metaspace: 237K(448K)->237K(448K) NonClass: 222K(320K)->222K(320K) Class: 14K(128K)->14K(128K)
[2026-03-23T15:50:02.218+0900][10.915s][info][gc          ] GC(38) Pause Young (Allocation Failure) 436M->324M(458M) 6.374ms
[2026-03-23T15:50:02.218+0900][10.915s][info][gc,cpu      ] GC(38) User=0.01s Sys=0.00s Real=0.00s
[2026-03-23T15:50:02.698+0900][11.395s][info][gc,start    ] GC(39) Pause Young (Allocation Failure)
[2026-03-23T15:50:02.703+0900][11.400s][info][gc,heap     ] GC(39) PSYoungGen: 145114K(151552K)->14432K(154112K) Eden: 130618K(131584K)->0K(133632K) From: 14496K(19968K)->14432K(20480K)
[2026-03-23T15:50:02.703+0900][11.400s][info][gc,heap     ] GC(39) ParOldGen: 317394K(317952K)->331250K(331776K)
[2026-03-23T15:50:02.703+0900][11.400s][info][gc,metaspace] GC(39) Metaspace: 237K(448K)->237K(448K) NonClass: 222K(320K)->222K(320K) Class: 14K(128K)->14K(128K)
[2026-03-23T15:50:02.703+0900][11.400s][info][gc          ] GC(39) Pause Young (Allocation Failure) 451M->337M(474M) 5.203ms
[2026-03-23T15:50:02.703+0900][11.400s][info][gc,cpu      ] GC(39) User=0.01s Sys=0.01s Real=0.01s
[2026-03-23T15:50:03.195+0900][11.892s][info][gc,start    ] GC(40) Pause Full (Ergonomics)
[2026-03-23T15:50:03.195+0900][11.892s][info][gc,phases,start] GC(40) Marking Phase
[2026-03-23T15:50:03.198+0900][11.895s][info][gc,phases      ] GC(40) Marking Phase 2.716ms
[2026-03-23T15:50:03.198+0900][11.895s][info][gc,phases,start] GC(40) Summary Phase
[2026-03-23T15:50:03.198+0900][11.895s][info][gc,phases      ] GC(40) Summary Phase 0.076ms
[2026-03-23T15:50:03.198+0900][11.895s][info][gc,phases,start] GC(40) Adjust Roots
[2026-03-23T15:50:03.199+0900][11.895s][info][gc,phases      ] GC(40) Adjust Roots 0.389ms
[2026-03-23T15:50:03.199+0900][11.895s][info][gc,phases,start] GC(40) Compaction Phase
[2026-03-23T15:50:03.212+0900][11.909s][info][gc,phases      ] GC(40) Compaction Phase 13.450ms
[2026-03-23T15:50:03.212+0900][11.909s][info][gc,phases,start] GC(40) Post Compact
[2026-03-23T15:50:03.213+0900][11.909s][info][gc,phases      ] GC(40) Post Compact 0.531ms
[2026-03-23T15:50:03.213+0900][11.909s][info][gc,heap        ] GC(40) PSYoungGen: 147657K(154112K)->27649K(154112K) Eden: 133225K(133632K)->27649K(133632K) From: 14432K(20480K)->0K(20480K)
[2026-03-23T15:50:03.213+0900][11.909s][info][gc,heap        ] GC(40) ParOldGen: 331250K(331776K)->331481K(349696K)
[2026-03-23T15:50:03.213+0900][11.909s][info][gc,metaspace   ] GC(40) Metaspace: 237K(448K)->237K(448K) NonClass: 222K(320K)->222K(320K) Class: 14K(128K)->14K(128K)
[2026-03-23T15:50:03.213+0900][11.909s][info][gc             ] GC(40) Pause Full (Ergonomics) 467M->350M(492M) 17.605ms
[2026-03-23T15:50:03.213+0900][11.909s][info][gc,cpu         ] GC(40) User=0.08s Sys=0.03s Real=0.02s
[2026-03-23T15:50:03.597+0900][12.294s][info][gc,start       ] GC(41) Pause Full (Ergonomics)
[2026-03-23T15:50:03.597+0900][12.294s][info][gc,phases,start] GC(41) Marking Phase
[2026-03-23T15:50:03.599+0900][12.296s][info][gc,phases      ] GC(41) Marking Phase 2.506ms
[2026-03-23T15:50:03.600+0900][12.296s][info][gc,phases,start] GC(41) Summary Phase
[2026-03-23T15:50:03.600+0900][12.296s][info][gc,phases      ] GC(41) Summary Phase 0.051ms
[2026-03-23T15:50:03.600+0900][12.296s][info][gc,phases,start] GC(41) Adjust Roots
[2026-03-23T15:50:03.600+0900][12.297s][info][gc,phases      ] GC(41) Adjust Roots 0.217ms
[2026-03-23T15:50:03.600+0900][12.297s][info][gc,phases,start] GC(41) Compaction Phase
[2026-03-23T15:50:03.610+0900][12.307s][info][gc,phases      ] GC(41) Compaction Phase 10.222ms
[2026-03-23T15:50:03.610+0900][12.307s][info][gc,phases,start] GC(41) Post Compact
[2026-03-23T15:50:03.610+0900][12.307s][info][gc,phases      ] GC(41) Post Compact 0.192ms
[2026-03-23T15:50:03.610+0900][12.307s][info][gc,heap        ] GC(41) PSYoungGen: 132717K(154112K)->22529K(154112K) Eden: 132717K(133632K)->22529K(133632K) From: 0K(20480K)->0K(20480K)
[2026-03-23T15:50:03.610+0900][12.307s][info][gc,heap        ] GC(41) ParOldGen: 331481K(349696K)->349401K(349696K)
[2026-03-23T15:50:03.610+0900][12.307s][info][gc,metaspace   ] GC(41) Metaspace: 237K(448K)->237K(448K) NonClass: 222K(320K)->222K(320K) Class: 14K(128K)->14K(128K)
[2026-03-23T15:50:03.610+0900][12.307s][info][gc             ] GC(41) Pause Full (Ergonomics) 453M->363M(492M) 13.575ms
[2026-03-23T15:50:03.610+0900][12.307s][info][gc,cpu         ] GC(41) User=0.07s Sys=0.00s Real=0.02s
[2026-03-23T15:50:04.030+0900][12.726s][info][gc,start       ] GC(42) Pause Full (Ergonomics)
[2026-03-23T15:50:04.030+0900][12.726s][info][gc,phases,start] GC(42) Marking Phase
[2026-03-23T15:50:04.032+0900][12.728s][info][gc,phases      ] GC(42) Marking Phase 2.044ms
[2026-03-23T15:50:04.032+0900][12.729s][info][gc,phases,start] GC(42) Summary Phase
[2026-03-23T15:50:04.032+0900][12.729s][info][gc,phases      ] GC(42) Summary Phase 0.053ms
[2026-03-23T15:50:04.032+0900][12.729s][info][gc,phases,start] GC(42) Adjust Roots
[2026-03-23T15:50:04.032+0900][12.729s][info][gc,phases      ] GC(42) Adjust Roots 0.280ms
[2026-03-23T15:50:04.032+0900][12.729s][info][gc,phases,start] GC(42) Compaction Phase
[2026-03-23T15:50:04.034+0900][12.731s][info][gc,phases      ] GC(42) Compaction Phase 2.132ms
[2026-03-23T15:50:04.034+0900][12.731s][info][gc,phases,start] GC(42) Post Compact
[2026-03-23T15:50:04.035+0900][12.731s][info][gc,phases      ] GC(42) Post Compact 0.239ms
[2026-03-23T15:50:04.035+0900][12.731s][info][gc,heap        ] GC(42) PSYoungGen: 133548K(154112K)->34818K(154112K) Eden: 133548K(133632K)->34818K(133632K) From: 0K(20480K)->0K(20480K)
[2026-03-23T15:50:04.035+0900][12.731s][info][gc,heap        ] GC(42) ParOldGen: 349401K(349696K)->349401K(349696K)
[2026-03-23T15:50:04.035+0900][12.731s][info][gc,metaspace   ] GC(42) Metaspace: 237K(448K)->237K(448K) NonClass: 222K(320K)->222K(320K) Class: 14K(128K)->14K(128K)
[2026-03-23T15:50:04.035+0900][12.732s][info][gc             ] GC(42) Pause Full (Ergonomics) 471M->375M(492M) 5.170ms
[2026-03-23T15:50:04.035+0900][12.732s][info][gc,cpu         ] GC(42) User=0.01s Sys=0.00s Real=0.00s
[2026-03-23T15:50:04.181+0900][12.877s][info][gc,heap,exit   ] Heap
[2026-03-23T15:50:04.181+0900][12.877s][info][gc,heap,exit   ]  PSYoungGen      total 154112K, used 75717K [0x000000034a580000, 0x0000000355000000, 0x0000000355000000)
[2026-03-23T15:50:04.181+0900][12.878s][info][gc,heap,exit   ]   eden space 133632K, 56% used [0x000000034a580000,0x000000034ef71500,0x0000000352800000)
[2026-03-23T15:50:04.181+0900][12.878s][info][gc,heap,exit   ]   from space 20480K, 0% used [0x0000000352800000,0x0000000352800000,0x0000000353c00000)
[2026-03-23T15:50:04.181+0900][12.878s][info][gc,heap,exit   ]   to   space 20480K, 0% used [0x0000000353c00000,0x0000000353c00000,0x0000000355000000)
[2026-03-23T15:50:04.181+0900][12.878s][info][gc,heap,exit   ]  ParOldGen       total 349696K, used 349401K [0x0000000335000000, 0x000000034a580000, 0x000000034a580000)
[2026-03-23T15:50:04.181+0900][12.878s][info][gc,heap,exit   ]   object space 349696K, 99% used [0x0000000335000000,0x000000034a5367e8,0x000000034a580000)
[2026-03-23T15:50:04.181+0900][12.878s][info][gc,heap,exit   ]  Metaspace       used 237K, committed 448K, reserved 1114112K
[2026-03-23T15:50:04.181+0900][12.878s][info][gc,heap,exit   ]   class space    used 14K, committed 128K, reserved 1048576K
