[2026-03-23T15:50:17.632+0900][0.003s][info][gc,init] CardTable entry size: 512
[2026-03-23T15:50:17.632+0900][0.003s][info][gc     ] Using Parallel
[2026-03-23T15:50:17.632+0900][0.003s][info][gc,init] Version: 21.0.9+10-LTS (release)
[2026-03-23T15:50:17.632+0900][0.003s][info][gc,init] CPUs: 14 total, 14 available
[2026-03-23T15:50:17.632+0900][0.003s][info][gc,init] Memory: 49152M
[2026-03-23T15:50:17.632+0900][0.003s][info][gc,init] Large Page Support: Disabled
[2026-03-23T15:50:17.632+0900][0.003s][info][gc,init] NUMA Support: Disabled
[2026-03-23T15:50:17.632+0900][0.003s][info][gc,init] Compressed Oops: Enabled (Zero based)
[2026-03-23T15:50:17.632+0900][0.003s][info][gc,init] Alignments: Space 512K, Generation 512K, Heap 8M
[2026-03-23T15:50:17.632+0900][0.003s][info][gc,init] Heap Min Capacity: 256M
[2026-03-23T15:50:17.632+0900][0.003s][info][gc,init] Heap Initial Capacity: 256M
[2026-03-23T15:50:17.632+0900][0.003s][info][gc,init] Heap Max Capacity: 512M
[2026-03-23T15:50:17.632+0900][0.003s][info][gc,init] Pre-touch: Disabled
[2026-03-23T15:50:17.632+0900][0.003s][info][gc,init] Parallel Workers: 11
[2026-03-23T15:50:17.635+0900][0.006s][info][gc,metaspace] CDS archive(s) mapped at: [0x0000007000000000-0x0000007000c9c000-0x0000007000c9c000), size 13221888, SharedBaseAddress: 0x0000007000000000, ArchiveRelocationMode: 1.
[2026-03-23T15:50:17.635+0900][0.006s][info][gc,metaspace] Compressed class space mapped at: 0x0000007001000000-0x0000007041000000, reserved size: 1073741824
[2026-03-23T15:50:17.635+0900][0.006s][info][gc,metaspace] Narrow klass base: 0x0000007000000000, Narrow klass shift: 0, Narrow klass range: 0x100000000
[2026-03-23T15:50:17.855+0900][0.227s][info][gc,start    ] GC(0) Pause Young (Allocation Failure)
[2026-03-23T15:50:17.857+0900][0.228s][info][gc,heap     ] GC(0) PSYoungGen: 64923K(76288K)->9984K(76288K) Eden: 64923K(65536K)->0K(65536K) From: 0K(10752K)->9984K(10752K)
[2026-03-23T15:50:17.857+0900][0.228s][info][gc,heap     ] GC(0) ParOldGen: 1056K(175104K)->1064K(175104K)
[2026-03-23T15:50:17.857+0900][0.228s][info][gc,metaspace] GC(0) Metaspace: 215K(384K)->215K(384K) NonClass: 200K(256K)->200K(256K) Class: 14K(128K)->14K(128K)
[2026-03-23T15:50:17.857+0900][0.228s][info][gc          ] GC(0) Pause Young (Allocation Failure) 64M->10M(245M) 1.411ms
[2026-03-23T15:50:17.857+0900][0.228s][info][gc,cpu      ] GC(0) User=0.00s Sys=0.00s Real=0.00s
[2026-03-23T15:50:18.097+0900][0.468s][info][gc,start    ] GC(1) Pause Young (Allocation Failure)
[2026-03-23T15:50:18.100+0900][0.471s][info][gc,heap     ] GC(1) PSYoungGen: 74718K(76288K)->10496K(76288K) Eden: 64734K(65536K)->0K(65536K) From: 9984K(10752K)->10496K(10752K)
[2026-03-23T15:50:18.100+0900][0.471s][info][gc,heap     ] GC(1) ParOldGen: 1064K(175104K)->6696K(175104K)
[2026-03-23T15:50:18.100+0900][0.471s][info][gc,metaspace] GC(1) Metaspace: 216K(384K)->216K(384K) NonClass: 201K(256K)->201K(256K) Class: 14K(128K)->14K(128K)
[2026-03-23T15:50:18.100+0900][0.471s][info][gc          ] GC(1) Pause Young (Allocation Failure) 74M->16M(245M) 3.081ms
[2026-03-23T15:50:18.100+0900][0.471s][info][gc,cpu      ] GC(1) User=0.00s Sys=0.01s Real=0.01s
[2026-03-23T15:50:18.332+0900][0.703s][info][gc,start    ] GC(2) Pause Young (Allocation Failure)
[2026-03-23T15:50:18.335+0900][0.706s][info][gc,heap     ] GC(2) PSYoungGen: 75251K(76288K)->10512K(76288K) Eden: 64755K(65536K)->0K(65536K) From: 10496K(10752K)->10512K(10752K)
[2026-03-23T15:50:18.335+0900][0.706s][info][gc,heap     ] GC(2) ParOldGen: 6696K(175104K)->14384K(175104K)
[2026-03-23T15:50:18.335+0900][0.706s][info][gc,metaspace] GC(2) Metaspace: 220K(384K)->220K(384K) NonClass: 206K(256K)->206K(256K) Class: 14K(128K)->14K(128K)
[2026-03-23T15:50:18.335+0900][0.706s][info][gc          ] GC(2) Pause Young (Allocation Failure) 80M->24M(245M) 2.851ms
[2026-03-23T15:50:18.335+0900][0.706s][info][gc,cpu      ] GC(2) User=0.01s Sys=0.00s Real=0.00s
[2026-03-23T15:50:18.562+0900][0.933s][info][gc,start    ] GC(3) Pause Young (Allocation Failure)
[2026-03-23T15:50:18.563+0900][0.935s][info][gc,heap     ] GC(3) PSYoungGen: 75281K(76288K)->10528K(76288K) Eden: 64769K(65536K)->0K(65536K) From: 10512K(10752K)->10528K(10752K)
[2026-03-23T15:50:18.564+0900][0.935s][info][gc,heap     ] GC(3) ParOldGen: 14384K(175104K)->22065K(175104K)
[2026-03-23T15:50:18.564+0900][0.935s][info][gc,metaspace] GC(3) Metaspace: 223K(384K)->223K(384K) NonClass: 209K(256K)->209K(256K) Class: 14K(128K)->14K(128K)
[2026-03-23T15:50:18.564+0900][0.935s][info][gc          ] GC(3) Pause Young (Allocation Failure) 87M->31M(245M) 1.902ms
[2026-03-23T15:50:18.564+0900][0.935s][info][gc,cpu      ] GC(3) User=0.01s Sys=0.01s Real=0.00s
[2026-03-23T15:50:18.801+0900][1.173s][info][gc,start    ] GC(4) Pause Young (Allocation Failure)
[2026-03-23T15:50:18.803+0900][1.174s][info][gc,heap     ] GC(4) PSYoungGen: 75306K(76288K)->10512K(74752K) Eden: 64778K(65536K)->0K(64000K) From: 10528K(10752K)->10512K(10752K)
[2026-03-23T15:50:18.803+0900][1.174s][info][gc,heap     ] GC(4) ParOldGen: 22065K(175104K)->28209K(175104K)
[2026-03-23T15:50:18.803+0900][1.174s][info][gc,metaspace] GC(4) Metaspace: 227K(384K)->227K(384K) NonClass: 212K(256K)->212K(256K) Class: 14K(128K)->14K(128K)
[2026-03-23T15:50:18.803+0900][1.174s][info][gc          ] GC(4) Pause Young (Allocation Failure) 95M->37M(244M) 1.099ms
[2026-03-23T15:50:18.803+0900][1.174s][info][gc,cpu      ] GC(4) User=0.00s Sys=0.00s Real=0.00s
[2026-03-23T15:50:19.027+0900][1.399s][info][gc,start    ] GC(5) Pause Young (Allocation Failure)
[2026-03-23T15:50:19.029+0900][1.400s][info][gc,heap     ] GC(5) PSYoungGen: 73730K(74752K)->9968K(72704K) Eden: 63218K(64000K)->0K(62464K) From: 10512K(10752K)->9968K(10240K)
[2026-03-23T15:50:19.029+0900][1.400s][info][gc,heap     ] GC(5) ParOldGen: 28209K(175104K)->36401K(175104K)
[2026-03-23T15:50:19.029+0900][1.400s][info][gc,metaspace] GC(5) Metaspace: 227K(384K)->227K(384K) NonClass: 212K(256K)->212K(256K) Class: 14K(128K)->14K(128K)
[2026-03-23T15:50:19.029+0900][1.400s][info][gc          ] GC(5) Pause Young (Allocation Failure) 99M->45M(242M) 1.788ms
[2026-03-23T15:50:19.029+0900][1.400s][info][gc,cpu      ] GC(5) User=0.01s Sys=0.00s Real=0.00s
[2026-03-23T15:50:19.257+0900][1.628s][info][gc,start    ] GC(6) Pause Young (Allocation Failure)
[2026-03-23T15:50:19.260+0900][1.631s][info][gc,heap     ] GC(6) PSYoungGen: 71623K(72704K)->10368K(72192K) Eden: 61655K(62464K)->0K(61440K) From: 9968K(10240K)->10368K(10752K)
[2026-03-23T15:50:19.260+0900][1.631s][info][gc,heap     ] GC(6) ParOldGen: 36401K(175104K)->42221K(175104K)
[2026-03-23T15:50:19.260+0900][1.631s][info][gc,metaspace] GC(6) Metaspace: 233K(448K)->233K(448K) NonClass: 218K(320K)->218K(320K) Class: 14K(128K)->14K(128K)
[2026-03-23T15:50:19.260+0900][1.631s][info][gc          ] GC(6) Pause Young (Allocation Failure) 105M->51M(241M) 3.419ms
[2026-03-23T15:50:19.260+0900][1.631s][info][gc,cpu      ] GC(6) User=0.00s Sys=0.01s Real=0.01s
[2026-03-23T15:50:19.484+0900][1.855s][info][gc,start    ] GC(7) Pause Young (Allocation Failure)
[2026-03-23T15:50:19.487+0900][1.858s][info][gc,heap     ] GC(7) PSYoungGen: 71494K(72192K)->8864K(69632K) Eden: 61125K(61440K)->0K(60416K) From: 10368K(10752K)->8864K(9216K)
[2026-03-23T15:50:19.487+0900][1.858s][info][gc,heap     ] GC(7) ParOldGen: 42221K(175104K)->50942K(175104K)
[2026-03-23T15:50:19.487+0900][1.858s][info][gc,metaspace] GC(7) Metaspace: 235K(448K)->235K(448K) NonClass: 221K(320K)->221K(320K) Class: 14K(128K)->14K(128K)
[2026-03-23T15:50:19.487+0900][1.858s][info][gc          ] GC(7) Pause Young (Allocation Failure) 111M->58M(239M) 2.885ms
[2026-03-23T15:50:19.487+0900][1.858s][info][gc,cpu      ] GC(7) User=0.00s Sys=0.00s Real=0.00s
[2026-03-23T15:50:19.713+0900][2.084s][info][gc,start    ] GC(8) Pause Young (Allocation Failure)
[2026-03-23T15:50:19.715+0900][2.086s][info][gc,heap     ] GC(8) PSYoungGen: 68947K(69632K)->10848K(70656K) Eden: 60083K(60416K)->0K(59392K) From: 8864K(9216K)->10848K(11264K)
[2026-03-23T15:50:19.715+0900][2.086s][info][gc,heap     ] GC(8) ParOldGen: 50942K(175104K)->55062K(175104K)
[2026-03-23T15:50:19.715+0900][2.086s][info][gc,metaspace] GC(8) Metaspace: 235K(448K)->235K(448K) NonClass: 221K(320K)->221K(320K) Class: 14K(128K)->14K(128K)
[2026-03-23T15:50:19.715+0900][2.086s][info][gc          ] GC(8) Pause Young (Allocation Failure) 117M->64M(240M) 2.498ms
[2026-03-23T15:50:19.715+0900][2.086s][info][gc,cpu      ] GC(8) User=0.01s Sys=0.01s Real=0.00s
[2026-03-23T15:50:19.932+0900][2.303s][info][gc,start    ] GC(9) Pause Young (Allocation Failure)
[2026-03-23T15:50:19.934+0900][2.305s][info][gc,heap     ] GC(9) PSYoungGen: 69888K(70656K)->8800K(67584K) Eden: 59039K(59392K)->0K(58368K) From: 10848K(11264K)->8800K(9216K)
[2026-03-23T15:50:19.934+0900][2.305s][info][gc,heap     ] GC(9) ParOldGen: 55062K(175104K)->63806K(175104K)
[2026-03-23T15:50:19.934+0900][2.305s][info][gc,metaspace] GC(9) Metaspace: 235K(448K)->235K(448K) NonClass: 221K(320K)->221K(320K) Class: 14K(128K)->14K(128K)
[2026-03-23T15:50:19.934+0900][2.305s][info][gc          ] GC(9) Pause Young (Allocation Failure) 122M->70M(237M) 2.425ms
[2026-03-23T15:50:19.934+0900][2.305s][info][gc,cpu      ] GC(9) User=0.00s Sys=0.00s Real=0.00s
[2026-03-23T15:50:20.154+0900][2.525s][info][gc,start    ] GC(10) Pause Young (Allocation Failure)
[2026-03-23T15:50:20.157+0900][2.528s][info][gc,heap     ] GC(10) PSYoungGen: 66796K(67584K)->6208K(64000K) Eden: 57996K(58368K)->0K(57344K) From: 8800K(9216K)->6208K(6656K)
[2026-03-23T15:50:20.157+0900][2.528s][info][gc,heap     ] GC(10) ParOldGen: 63806K(175104K)->72038K(175104K)
[2026-03-23T15:50:20.157+0900][2.528s][info][gc,metaspace] GC(10) Metaspace: 235K(448K)->235K(448K) NonClass: 221K(320K)->221K(320K) Class: 14K(128K)->14K(128K)
[2026-03-23T15:50:20.157+0900][2.528s][info][gc          ] GC(10) Pause Young (Allocation Failure) 127M->76M(233M) 2.801ms
[2026-03-23T15:50:20.157+0900][2.528s][info][gc,cpu      ] GC(10) User=0.00s Sys=0.01s Real=0.00s
[2026-03-23T15:50:20.358+0900][2.730s][info][gc,start    ] GC(11) Pause Young (Allocation Failure)
[2026-03-23T15:50:20.360+0900][2.731s][info][gc,heap     ] GC(11) PSYoungGen: 63160K(64000K)->7776K(67584K) Eden: 56952K(57344K)->0K(56320K) From: 6208K(6656K)->7776K(11264K)
[2026-03-23T15:50:20.360+0900][2.731s][info][gc,heap     ] GC(11) ParOldGen: 72038K(175104K)->78214K(175104K)
[2026-03-23T15:50:20.360+0900][2.731s][info][gc,metaspace] GC(11) Metaspace: 235K(448K)->235K(448K) NonClass: 221K(320K)->221K(320K) Class: 14K(128K)->14K(128K)
[2026-03-23T15:50:20.360+0900][2.731s][info][gc          ] GC(11) Pause Young (Allocation Failure) 132M->83M(237M) 1.773ms
[2026-03-23T15:50:20.360+0900][2.731s][info][gc,cpu      ] GC(11) User=0.00s Sys=0.00s Real=0.01s
[2026-03-23T15:50:20.568+0900][2.939s][info][gc,start    ] GC(12) Pause Young (Allocation Failure)
[2026-03-23T15:50:20.571+0900][2.942s][info][gc,heap     ] GC(12) PSYoungGen: 63685K(67584K)->8352K(64000K) Eden: 55908K(56320K)->0K(55296K) From: 7776K(11264K)->8352K(8704K)
[2026-03-23T15:50:20.571+0900][2.942s][info][gc,heap     ] GC(12) ParOldGen: 78214K(175104K)->84391K(175104K)
[2026-03-23T15:50:20.571+0900][2.942s][info][gc,metaspace] GC(12) Metaspace: 235K(448K)->235K(448K) NonClass: 221K(320K)->221K(320K) Class: 14K(128K)->14K(128K)
[2026-03-23T15:50:20.571+0900][2.942s][info][gc          ] GC(12) Pause Young (Allocation Failure) 138M->90M(233M) 2.878ms
[2026-03-23T15:50:20.571+0900][2.942s][info][gc,cpu      ] GC(12) User=0.00s Sys=0.00s Real=0.01s
[2026-03-23T15:50:20.775+0900][3.146s][info][gc,start    ] GC(13) Pause Young (Allocation Failure)
[2026-03-23T15:50:20.778+0900][3.149s][info][gc,heap     ] GC(13) PSYoungGen: 63217K(64000K)->7264K(65536K) Eden: 54864K(55296K)->0K(54272K) From: 8352K(8704K)->7264K(11264K)
[2026-03-23T15:50:20.778+0900][3.149s][info][gc,heap     ] GC(13) ParOldGen: 84391K(175104K)->91087K(175104K)
[2026-03-23T15:50:20.778+0900][3.149s][info][gc,metaspace] GC(13) Metaspace: 235K(448K)->235K(448K) NonClass: 221K(320K)->221K(320K) Class: 14K(128K)->14K(128K)
[2026-03-23T15:50:20.778+0900][3.149s][info][gc          ] GC(13) Pause Young (Allocation Failure) 144M->96M(235M) 3.130ms
[2026-03-23T15:50:20.778+0900][3.149s][info][gc,cpu      ] GC(13) User=0.01s Sys=0.00s Real=0.00s
[2026-03-23T15:50:20.982+0900][3.353s][info][gc,start    ] GC(14) Pause Young (Allocation Failure)
[2026-03-23T15:50:20.984+0900][3.355s][info][gc,heap     ] GC(14) PSYoungGen: 61084K(65536K)->6272K(59904K) Eden: 53820K(54272K)->0K(53248K) From: 7264K(11264K)->6272K(6656K)
[2026-03-23T15:50:20.984+0900][3.355s][info][gc,heap     ] GC(14) ParOldGen: 91087K(175104K)->96759K(175104K)
[2026-03-23T15:50:20.984+0900][3.355s][info][gc,metaspace] GC(14) Metaspace: 235K(448K)->235K(448K) NonClass: 221K(320K)->221K(320K) Class: 14K(128K)->14K(128K)
[2026-03-23T15:50:20.984+0900][3.355s][info][gc          ] GC(14) Pause Young (Allocation Failure) 148M->100M(229M) 2.576ms
[2026-03-23T15:50:20.984+0900][3.355s][info][gc,cpu      ] GC(14) User=0.01s Sys=0.00s Real=0.00s
[2026-03-23T15:50:21.176+0900][3.547s][info][gc,start    ] GC(15) Pause Young (Allocation Failure)
[2026-03-23T15:50:21.178+0900][3.549s][info][gc,heap     ] GC(15) PSYoungGen: 59048K(59904K)->6816K(63488K) Eden: 52776K(53248K)->0K(52224K) From: 6272K(6656K)->6816K(11264K)
[2026-03-23T15:50:21.178+0900][3.550s][info][gc,heap     ] GC(15) ParOldGen: 96759K(175104K)->102943K(175104K)
[2026-03-23T15:50:21.178+0900][3.550s][info][gc,metaspace] GC(15) Metaspace: 235K(448K)->235K(448K) NonClass: 221K(320K)->221K(320K) Class: 14K(128K)->14K(128K)
[2026-03-23T15:50:21.178+0900][3.550s][info][gc          ] GC(15) Pause Young (Allocation Failure) 152M->107M(233M) 2.875ms
[2026-03-23T15:50:21.178+0900][3.550s][info][gc,cpu      ] GC(15) User=0.00s Sys=0.01s Real=0.00s
[2026-03-23T15:50:21.369+0900][3.740s][info][gc,start    ] GC(16) Pause Young (Allocation Failure)
[2026-03-23T15:50:21.371+0900][3.742s][info][gc,heap     ] GC(16) PSYoungGen: 58586K(63488K)->6208K(57856K) Eden: 51770K(52224K)->0K(51200K) From: 6816K(11264K)->6208K(6656K)
[2026-03-23T15:50:21.371+0900][3.743s][info][gc,heap     ] GC(16) ParOldGen: 102943K(175104K)->109119K(175104K)
[2026-03-23T15:50:21.371+0900][3.743s][info][gc,metaspace] GC(16) Metaspace: 235K(448K)->235K(448K) NonClass: 221K(320K)->221K(320K) Class: 14K(128K)->14K(128K)
[2026-03-23T15:50:21.371+0900][3.743s][info][gc          ] GC(16) Pause Young (Allocation Failure) 157M->112M(227M) 2.357ms
[2026-03-23T15:50:21.372+0900][3.743s][info][gc,cpu      ] GC(16) User=0.00s Sys=0.00s Real=0.01s
[2026-03-23T15:50:21.558+0900][3.929s][info][gc,start    ] GC(17) Pause Young (Allocation Failure)
[2026-03-23T15:50:21.560+0900][3.931s][info][gc,heap     ] GC(17) PSYoungGen: 57401K(57856K)->6208K(61952K) Eden: 51193K(51200K)->0K(50176K) From: 6208K(6656K)->6208K(11776K)
[2026-03-23T15:50:21.560+0900][3.931s][info][gc,heap     ] GC(17) ParOldGen: 109119K(175104K)->115296K(175104K)
[2026-03-23T15:50:21.560+0900][3.931s][info][gc,metaspace] GC(17) Metaspace: 235K(448K)->235K(448K) NonClass: 221K(320K)->221K(320K) Class: 14K(128K)->14K(128K)
[2026-03-23T15:50:21.560+0900][3.931s][info][gc          ] GC(17) Pause Young (Allocation Failure) 162M->118M(231M) 2.438ms
[2026-03-23T15:50:21.560+0900][3.931s][info][gc,cpu      ] GC(17) User=0.00s Sys=0.01s Real=0.01s
[2026-03-23T15:50:21.745+0900][4.117s][info][gc,start    ] GC(18) Pause Young (Allocation Failure)
[2026-03-23T15:50:21.747+0900][4.119s][info][gc,heap     ] GC(18) PSYoungGen: 56359K(61952K)->5184K(54784K) Eden: 50151K(50176K)->0K(49152K) From: 6208K(11776K)->5184K(5632K)
[2026-03-23T15:50:21.748+0900][4.119s][info][gc,heap     ] GC(18) ParOldGen: 115296K(175104K)->121480K(175104K)
[2026-03-23T15:50:21.748+0900][4.119s][info][gc,metaspace] GC(18) Metaspace: 235K(448K)->235K(448K) NonClass: 221K(320K)->221K(320K) Class: 14K(128K)->14K(128K)
[2026-03-23T15:50:21.748+0900][4.119s][info][gc          ] GC(18) Pause Young (Allocation Failure) 167M->123M(224M) 2.197ms
[2026-03-23T15:50:21.748+0900][4.119s][info][gc,cpu      ] GC(18) User=0.00s Sys=0.00s Real=0.00s
[2026-03-23T15:50:21.927+0900][4.298s][info][gc,start    ] GC(19) Pause Young (Allocation Failure)
[2026-03-23T15:50:21.929+0900][4.300s][info][gc,heap     ] GC(19) PSYoungGen: 54289K(54784K)->6208K(58880K) Eden: 49105K(49152K)->0K(48128K) From: 5184K(5632K)->6208K(10752K)
[2026-03-23T15:50:21.929+0900][4.300s][info][gc,heap     ] GC(19) ParOldGen: 121480K(175104K)->126112K(175104K)
[2026-03-23T15:50:21.929+0900][4.300s][info][gc,metaspace] GC(19) Metaspace: 235K(448K)->235K(448K) NonClass: 221K(320K)->221K(320K) Class: 14K(128K)->14K(128K)
[2026-03-23T15:50:21.929+0900][4.300s][info][gc          ] GC(19) Pause Young (Allocation Failure) 171M->129M(228M) 2.505ms
[2026-03-23T15:50:21.929+0900][4.300s][info][gc,cpu      ] GC(19) User=0.01s Sys=0.00s Real=0.00s
[2026-03-23T15:50:22.105+0900][4.477s][info][gc,start    ] GC(20) Pause Young (Allocation Failure)
[2026-03-23T15:50:22.108+0900][4.479s][info][gc,heap     ] GC(20) PSYoungGen: 54268K(58880K)->4672K(59904K) Eden: 48060K(48128K)->0K(47616K) From: 6208K(10752K)->4672K(12288K)
[2026-03-23T15:50:22.108+0900][4.479s][info][gc,heap     ] GC(20) ParOldGen: 126112K(175104K)->132296K(175104K)
[2026-03-23T15:50:22.108+0900][4.479s][info][gc,metaspace] GC(20) Metaspace: 235K(448K)->235K(448K) NonClass: 221K(320K)->221K(320K) Class: 14K(128K)->14K(128K)
[2026-03-23T15:50:22.108+0900][4.479s][info][gc          ] GC(20) Pause Young (Allocation Failure) 176M->133M(229M) 2.457ms
[2026-03-23T15:50:22.108+0900][4.479s][info][gc,cpu      ] GC(20) User=0.01s Sys=0.01s Real=0.00s
[2026-03-23T15:50:22.273+0900][4.645s][info][gc,start    ] GC(21) Pause Young (Allocation Failure)
[2026-03-23T15:50:22.276+0900][4.647s][info][gc,heap     ] GC(21) PSYoungGen: 51698K(59904K)->6752K(58368K) Eden: 47025K(47616K)->0K(47104K) From: 4672K(12288K)->6752K(11264K)
[2026-03-23T15:50:22.276+0900][4.647s][info][gc,heap     ] GC(21) ParOldGen: 132296K(175104K)->136944K(175104K)
[2026-03-23T15:50:22.276+0900][4.647s][info][gc,metaspace] GC(21) Metaspace: 235K(448K)->235K(448K) NonClass: 221K(320K)->221K(320K) Class: 14K(128K)->14K(128K)
[2026-03-23T15:50:22.276+0900][4.647s][info][gc          ] GC(21) Pause Young (Allocation Failure) 179M->140M(228M) 2.546ms
[2026-03-23T15:50:22.276+0900][4.647s][info][gc,cpu      ] GC(21) User=0.01s Sys=0.00s Real=0.00s
[2026-03-23T15:50:22.446+0900][4.817s][info][gc,start    ] GC(22) Pause Young (Allocation Failure)
[2026-03-23T15:50:22.449+0900][4.820s][info][gc,heap     ] GC(22) PSYoungGen: 53255K(58368K)->6208K(53248K) Eden: 46503K(47104K)->0K(46592K) From: 6752K(11264K)->6208K(6656K)
[2026-03-23T15:50:22.449+0900][4.820s][info][gc,heap     ] GC(22) ParOldGen: 136944K(175104K)->142104K(175104K)
[2026-03-23T15:50:22.449+0900][4.820s][info][gc,metaspace] GC(22) Metaspace: 237K(448K)->237K(448K) NonClass: 222K(320K)->222K(320K) Class: 14K(128K)->14K(128K)
[2026-03-23T15:50:22.449+0900][4.820s][info][gc          ] GC(22) Pause Young (Allocation Failure) 185M->144M(223M) 2.501ms
[2026-03-23T15:50:22.449+0900][4.820s][info][gc,cpu      ] GC(22) User=0.01s Sys=0.00s Real=0.00s
[2026-03-23T15:50:22.620+0900][4.991s][info][gc,start    ] GC(23) Pause Young (Allocation Failure)
[2026-03-23T15:50:22.622+0900][4.993s][info][gc,heap     ] GC(23) PSYoungGen: 52701K(53248K)->5184K(57344K) Eden: 46493K(46592K)->0K(46080K) From: 6208K(6656K)->5184K(11264K)
[2026-03-23T15:50:22.622+0900][4.993s][info][gc,heap     ] GC(23) ParOldGen: 142104K(175104K)->147777K(175104K)
[2026-03-23T15:50:22.622+0900][4.993s][info][gc,metaspace] GC(23) Metaspace: 237K(448K)->237K(448K) NonClass: 222K(320K)->222K(320K) Class: 14K(128K)->14K(128K)
[2026-03-23T15:50:22.622+0900][4.993s][info][gc          ] GC(23) Pause Young (Allocation Failure) 190M->149M(227M) 2.251ms
[2026-03-23T15:50:22.622+0900][4.993s][info][gc,cpu      ] GC(23) User=0.01s Sys=0.00s Real=0.00s
[2026-03-23T15:50:22.788+0900][5.159s][info][gc,start    ] GC(24) Pause Young (Allocation Failure)
[2026-03-23T15:50:22.790+0900][5.161s][info][gc,heap     ] GC(24) PSYoungGen: 51155K(57344K)->6240K(52224K) Eden: 45970K(46080K)->0K(45568K) From: 5184K(11264K)->6240K(6656K)
[2026-03-23T15:50:22.790+0900][5.161s][info][gc,heap     ] GC(24) ParOldGen: 147777K(175104K)->152417K(175104K)
[2026-03-23T15:50:22.790+0900][5.162s][info][gc,metaspace] GC(24) Metaspace: 237K(448K)->237K(448K) NonClass: 222K(320K)->222K(320K) Class: 14K(128K)->14K(128K)
[2026-03-23T15:50:22.790+0900][5.162s][info][gc          ] GC(24) Pause Young (Allocation Failure) 194M->154M(222M) 2.437ms
[2026-03-23T15:50:22.790+0900][5.162s][info][gc,cpu      ] GC(24) User=0.00s Sys=0.00s Real=0.01s
[2026-03-23T15:50:22.956+0900][5.327s][info][gc,start    ] GC(25) Pause Young (Allocation Failure)
[2026-03-23T15:50:22.958+0900][5.330s][info][gc,heap     ] GC(25) PSYoungGen: 51688K(52224K)->6720K(55296K) Eden: 45448K(45568K)->0K(45056K) From: 6240K(6656K)->6720K(10240K)
[2026-03-23T15:50:22.959+0900][5.330s][info][gc,heap     ] GC(25) ParOldGen: 152417K(175104K)->157065K(175104K)
[2026-03-23T15:50:22.959+0900][5.330s][info][gc,metaspace] GC(25) Metaspace: 237K(448K)->237K(448K) NonClass: 222K(320K)->222K(320K) Class: 14K(128K)->14K(128K)
[2026-03-23T15:50:22.959+0900][5.330s][info][gc          ] GC(25) Pause Young (Allocation Failure) 199M->159M(225M) 2.654ms
[2026-03-23T15:50:22.959+0900][5.330s][info][gc,cpu      ] GC(25) User=0.00s Sys=0.01s Real=0.00s
[2026-03-23T15:50:23.120+0900][5.492s][info][gc,start    ] GC(26) Pause Young (Allocation Failure)
[2026-03-23T15:50:23.123+0900][5.494s][info][gc,heap     ] GC(26) PSYoungGen: 51646K(55296K)->5184K(50176K) Eden: 44926K(45056K)->0K(44544K) From: 6720K(10240K)->5184K(5632K)
[2026-03-23T15:50:23.123+0900][5.495s][info][gc,heap     ] GC(26) ParOldGen: 157065K(175104K)->163249K(175104K)
[2026-03-23T15:50:23.123+0900][5.495s][info][gc,metaspace] GC(26) Metaspace: 237K(448K)->237K(448K) NonClass: 222K(320K)->222K(320K) Class: 14K(128K)->14K(128K)
[2026-03-23T15:50:23.123+0900][5.495s][info][gc          ] GC(26) Pause Young (Allocation Failure) 203M->164M(220M) 3.073ms
[2026-03-23T15:50:23.123+0900][5.495s][info][gc,cpu      ] GC(26) User=0.00s Sys=0.00s Real=0.00s
[2026-03-23T15:50:23.288+0900][5.659s][info][gc,start    ] GC(27) Pause Young (Allocation Failure)
[2026-03-23T15:50:23.290+0900][5.661s][info][gc,heap     ] GC(27) PSYoungGen: 49588K(50176K)->4704K(53760K) Eden: 44404K(44544K)->0K(44032K) From: 5184K(5632K)->4704K(9728K)
[2026-03-23T15:50:23.290+0900][5.661s][info][gc,heap     ] GC(27) ParOldGen: 163249K(175104K)->167889K(175104K)
[2026-03-23T15:50:23.290+0900][5.661s][info][gc,metaspace] GC(27) Metaspace: 237K(448K)->237K(448K) NonClass: 222K(320K)->222K(320K) Class: 14K(128K)->14K(128K)
[2026-03-23T15:50:23.290+0900][5.661s][info][gc          ] GC(27) Pause Young (Allocation Failure) 207M->168M(223M) 2.399ms
[2026-03-23T15:50:23.290+0900][5.661s][info][gc,cpu      ] GC(27) User=0.00s Sys=0.01s Real=0.01s
[2026-03-23T15:50:23.449+0900][5.820s][info][gc,start    ] GC(28) Pause Young (Allocation Failure)
[2026-03-23T15:50:23.450+0900][5.821s][info][gc,heap     ] GC(28) PSYoungGen: 48586K(53760K)->5184K(49152K) Eden: 43882K(44032K)->0K(43520K) From: 4704K(9728K)->5184K(5632K)
[2026-03-23T15:50:23.450+0900][5.821s][info][gc,heap     ] GC(28) ParOldGen: 167889K(175104K)->172529K(175104K)
[2026-03-23T15:50:23.450+0900][5.821s][info][gc,metaspace] GC(28) Metaspace: 237K(448K)->237K(448K) NonClass: 222K(320K)->222K(320K) Class: 14K(128K)->14K(128K)
[2026-03-23T15:50:23.450+0900][5.821s][info][gc          ] GC(28) Pause Young (Allocation Failure) 211M->173M(219M) 0.663ms
[2026-03-23T15:50:23.450+0900][5.821s][info][gc,cpu      ] GC(28) User=0.00s Sys=0.00s Real=0.01s
[2026-03-23T15:50:23.603+0900][5.974s][info][gc,start    ] GC(29) Pause Young (Allocation Failure)
[2026-03-23T15:50:23.605+0900][5.977s][info][gc,heap     ] GC(29) PSYoungGen: 48544K(49152K)->5184K(53248K) Eden: 43360K(43520K)->0K(43008K) From: 5184K(5632K)->5184K(10240K)
[2026-03-23T15:50:23.605+0900][5.977s][info][gc,heap     ] GC(29) ParOldGen: 172529K(175104K)->177169K(178176K)
[2026-03-23T15:50:23.605+0900][5.977s][info][gc,metaspace] GC(29) Metaspace: 237K(448K)->237K(448K) NonClass: 222K(320K)->222K(320K) Class: 14K(128K)->14K(128K)
[2026-03-23T15:50:23.605+0900][5.977s][info][gc          ] GC(29) Pause Young (Allocation Failure) 215M->178M(226M) 2.299ms
[2026-03-23T15:50:23.605+0900][5.977s][info][gc,cpu      ] GC(29) User=0.00s Sys=0.00s Real=0.00s
[2026-03-23T15:50:23.757+0900][6.129s][info][gc,start    ] GC(30) Pause Young (Allocation Failure)
[2026-03-23T15:50:23.758+0900][6.129s][info][gc,heap     ] GC(30) PSYoungGen: 48022K(53248K)->6208K(49152K) Eden: 42838K(43008K)->0K(42496K) From: 5184K(10240K)->6208K(6656K)
[2026-03-23T15:50:23.758+0900][6.129s][info][gc,heap     ] GC(30) ParOldGen: 177169K(178176K)->181818K(182784K)
[2026-03-23T15:50:23.758+0900][6.129s][info][gc,metaspace] GC(30) Metaspace: 237K(448K)->237K(448K) NonClass: 222K(320K)->222K(320K) Class: 14K(128K)->14K(128K)
[2026-03-23T15:50:23.758+0900][6.129s][info][gc          ] GC(30) Pause Young (Allocation Failure) 219M->183M(226M) 0.725ms
[2026-03-23T15:50:23.758+0900][6.129s][info][gc,cpu      ] GC(30) User=0.00s Sys=0.00s Real=0.00s
[2026-03-23T15:50:23.908+0900][6.279s][info][gc,start    ] GC(31) Pause Young (Allocation Failure)
[2026-03-23T15:50:23.908+0900][6.279s][info][gc,heap     ] GC(31) PSYoungGen: 48524K(49152K)->6720K(51712K) Eden: 42316K(42496K)->0K(41984K) From: 6208K(6656K)->6720K(9728K)
[2026-03-23T15:50:23.908+0900][6.279s][info][gc,heap     ] GC(31) ParOldGen: 181818K(182784K)->186458K(187392K)
[2026-03-23T15:50:23.908+0900][6.279s][info][gc,metaspace] GC(31) Metaspace: 237K(448K)->237K(448K) NonClass: 222K(320K)->222K(320K) Class: 14K(128K)->14K(128K)
[2026-03-23T15:50:23.908+0900][6.279s][info][gc          ] GC(31) Pause Young (Allocation Failure) 224M->188M(233M) 0.700ms
[2026-03-23T15:50:23.908+0900][6.279s][info][gc,cpu      ] GC(31) User=0.01s Sys=0.00s Real=0.00s
[2026-03-23T15:50:24.058+0900][6.429s][info][gc,start    ] GC(32) Pause Young (Allocation Failure)
[2026-03-23T15:50:24.058+0900][6.429s][info][gc,heap     ] GC(32) PSYoungGen: 48514K(51712K)->6208K(48128K) Eden: 41794K(41984K)->0K(41472K) From: 6720K(9728K)->6208K(6656K)
[2026-03-23T15:50:24.058+0900][6.429s][info][gc,heap     ] GC(32) ParOldGen: 186458K(187392K)->191618K(192000K)
[2026-03-23T15:50:24.058+0900][6.429s][info][gc,metaspace] GC(32) Metaspace: 237K(448K)->237K(448K) NonClass: 222K(320K)->222K(320K) Class: 14K(128K)->14K(128K)
[2026-03-23T15:50:24.058+0900][6.429s][info][gc          ] GC(32) Pause Young (Allocation Failure) 229M->193M(234M) 0.676ms
[2026-03-23T15:50:24.058+0900][6.429s][info][gc,cpu      ] GC(32) User=0.00s Sys=0.00s Real=0.00s
[2026-03-23T15:50:24.207+0900][6.578s][info][gc,start    ] GC(33) Pause Young (Allocation Failure)
[2026-03-23T15:50:24.208+0900][6.579s][info][gc,heap     ] GC(33) PSYoungGen: 47480K(48128K)->5696K(50176K) Eden: 41272K(41472K)->0K(40960K) From: 6208K(6656K)->5696K(9216K)
[2026-03-23T15:50:24.208+0900][6.579s][info][gc,heap     ] GC(33) ParOldGen: 191618K(192000K)->196266K(196608K)
[2026-03-23T15:50:24.208+0900][6.579s][info][gc,metaspace] GC(33) Metaspace: 237K(448K)->237K(448K) NonClass: 222K(320K)->222K(320K) Class: 14K(128K)->14K(128K)
[2026-03-23T15:50:24.208+0900][6.579s][info][gc          ] GC(33) Pause Young (Allocation Failure) 233M->197M(241M) 1.040ms
[2026-03-23T15:50:24.208+0900][6.579s][info][gc,cpu      ] GC(33) User=0.00s Sys=0.01s Real=0.00s
[2026-03-23T15:50:24.359+0900][6.730s][info][gc,start    ] GC(34) Pause Young (Allocation Failure)
[2026-03-23T15:50:24.360+0900][6.731s][info][gc,heap     ] GC(34) PSYoungGen: 46446K(50176K)->5216K(46080K) Eden: 40750K(40960K)->0K(40448K) From: 5696K(9216K)->5216K(5632K)
[2026-03-23T15:50:24.360+0900][6.731s][info][gc,heap     ] GC(34) ParOldGen: 196266K(196608K)->200402K(200704K)
[2026-03-23T15:50:24.360+0900][6.731s][info][gc,metaspace] GC(34) Metaspace: 237K(448K)->237K(448K) NonClass: 222K(320K)->222K(320K) Class: 14K(128K)->14K(128K)
[2026-03-23T15:50:24.360+0900][6.731s][info][gc          ] GC(34) Pause Young (Allocation Failure) 237M->200M(241M) 0.797ms
[2026-03-23T15:50:24.360+0900][6.731s][info][gc,cpu      ] GC(34) User=0.00s Sys=0.00s Real=0.01s
[2026-03-23T15:50:24.504+0900][6.875s][info][gc,start    ] GC(35) Pause Young (Allocation Failure)
[2026-03-23T15:50:24.506+0900][6.877s][info][gc,heap     ] GC(35) PSYoungGen: 45444K(46080K)->5152K(48640K) Eden: 40228K(40448K)->0K(39936K) From: 5216K(5632K)->5152K(8704K)
[2026-03-23T15:50:24.506+0900][6.877s][info][gc,heap     ] GC(35) ParOldGen: 200402K(200704K)->205042K(206336K)
[2026-03-23T15:50:24.506+0900][6.877s][info][gc,metaspace] GC(35) Metaspace: 237K(448K)->237K(448K) NonClass: 222K(320K)->222K(320K) Class: 14K(128K)->14K(128K)
[2026-03-23T15:50:24.506+0900][6.878s][info][gc          ] GC(35) Pause Young (Allocation Failure) 240M->205M(249M) 2.481ms
[2026-03-23T15:50:24.506+0900][6.878s][info][gc,cpu      ] GC(35) User=0.01s Sys=0.00s Real=0.00s
[2026-03-23T15:50:24.649+0900][7.020s][info][gc,start    ] GC(36) Pause Young (Allocation Failure)
[2026-03-23T15:50:24.650+0900][7.021s][info][gc,heap     ] GC(36) PSYoungGen: 44858K(48640K)->4672K(44544K) Eden: 39705K(39936K)->0K(39424K) From: 5152K(8704K)->4672K(5120K)
[2026-03-23T15:50:24.650+0900][7.021s][info][gc,heap     ] GC(36) ParOldGen: 205042K(206336K)->209690K(210944K)
[2026-03-23T15:50:24.650+0900][7.021s][info][gc,metaspace] GC(36) Metaspace: 237K(448K)->237K(448K) NonClass: 222K(320K)->222K(320K) Class: 14K(128K)->14K(128K)
[2026-03-23T15:50:24.650+0900][7.021s][info][gc          ] GC(36) Pause Young (Allocation Failure) 244M->209M(249M) 0.521ms
[2026-03-23T15:50:24.650+0900][7.021s][info][gc,cpu      ] GC(36) User=0.00s Sys=0.00s Real=0.01s
[2026-03-23T15:50:24.784+0900][7.155s][info][gc,start    ] GC(37) Pause Young (Allocation Failure)
[2026-03-23T15:50:24.784+0900][7.156s][info][gc,heap     ] GC(37) PSYoungGen: 43856K(44544K)->5216K(47616K) Eden: 39183K(39424K)->0K(38912K) From: 4672K(5120K)->5216K(8704K)
[2026-03-23T15:50:24.784+0900][7.156s][info][gc,heap     ] GC(37) ParOldGen: 209690K(210944K)->214331K(215552K)
[2026-03-23T15:50:24.784+0900][7.156s][info][gc,metaspace] GC(37) Metaspace: 237K(448K)->237K(448K) NonClass: 222K(320K)->222K(320K) Class: 14K(128K)->14K(128K)
[2026-03-23T15:50:24.784+0900][7.156s][info][gc          ] GC(37) Pause Young (Allocation Failure) 247M->214M(257M) 0.548ms
[2026-03-23T15:50:24.784+0900][7.156s][info][gc,cpu      ] GC(37) User=0.00s Sys=0.00s Real=0.00s
[2026-03-23T15:50:24.922+0900][7.293s][info][gc,start    ] GC(38) Pause Young (Allocation Failure)
[2026-03-23T15:50:24.923+0900][7.294s][info][gc,heap     ] GC(38) PSYoungGen: 43878K(47616K)->5184K(44032K) Eden: 38661K(38912K)->0K(38400K) From: 5216K(8704K)->5184K(5632K)
[2026-03-23T15:50:24.923+0900][7.294s][info][gc,heap     ] GC(38) ParOldGen: 214331K(215552K)->218987K(220160K)
[2026-03-23T15:50:24.923+0900][7.294s][info][gc,metaspace] GC(38) Metaspace: 237K(448K)->237K(448K) NonClass: 222K(320K)->222K(320K) Class: 14K(128K)->14K(128K)
[2026-03-23T15:50:24.923+0900][7.294s][info][gc          ] GC(38) Pause Young (Allocation Failure) 252M->218M(258M) 0.734ms
[2026-03-23T15:50:24.923+0900][7.294s][info][gc,cpu      ] GC(38) User=0.01s Sys=0.00s Real=0.00s
[2026-03-23T15:50:25.059+0900][7.430s][info][gc,start    ] GC(39) Pause Young (Allocation Failure)
[2026-03-23T15:50:25.060+0900][7.431s][info][gc,heap     ] GC(39) PSYoungGen: 43323K(44032K)->4672K(46080K) Eden: 38139K(38400K)->0K(37888K) From: 5184K(5632K)->4672K(8192K)
[2026-03-23T15:50:25.060+0900][7.431s][info][gc,heap     ] GC(39) ParOldGen: 218987K(220160K)->223643K(224768K)
[2026-03-23T15:50:25.060+0900][7.431s][info][gc,metaspace] GC(39) Metaspace: 237K(448K)->237K(448K) NonClass: 222K(320K)->222K(320K) Class: 14K(128K)->14K(128K)
[2026-03-23T15:50:25.060+0900][7.431s][info][gc          ] GC(39) Pause Young (Allocation Failure) 256M->222M(264M) 0.756ms
[2026-03-23T15:50:25.060+0900][7.431s][info][gc,cpu      ] GC(39) User=0.00s Sys=0.00s Real=0.01s
[2026-03-23T15:50:25.195+0900][7.566s][info][gc,start    ] GC(40) Pause Young (Allocation Failure)
[2026-03-23T15:50:25.196+0900][7.567s][info][gc,heap     ] GC(40) PSYoungGen: 42289K(46080K)->5184K(43008K) Eden: 37617K(37888K)->0K(37376K) From: 4672K(8192K)->5184K(5632K)
[2026-03-23T15:50:25.196+0900][7.567s][info][gc,heap     ] GC(40) ParOldGen: 223643K(224768K)->226755K(227840K)
[2026-03-23T15:50:25.196+0900][7.567s][info][gc,metaspace] GC(40) Metaspace: 237K(448K)->237K(448K) NonClass: 222K(320K)->222K(320K) Class: 14K(128K)->14K(128K)
[2026-03-23T15:50:25.196+0900][7.567s][info][gc          ] GC(40) Pause Young (Allocation Failure) 259M->226M(264M) 0.780ms
[2026-03-23T15:50:25.196+0900][7.567s][info][gc,cpu      ] GC(40) User=0.01s Sys=0.00s Real=0.00s
[2026-03-23T15:50:25.325+0900][7.696s][info][gc,start    ] GC(41) Pause Young (Allocation Failure)
[2026-03-23T15:50:25.326+0900][7.697s][info][gc,heap     ] GC(41) PSYoungGen: 42279K(43008K)->5184K(44032K) Eden: 37095K(37376K)->0K(36864K) From: 5184K(5632K)->5184K(7168K)
[2026-03-23T15:50:25.326+0900][7.697s][info][gc,heap     ] GC(41) ParOldGen: 226755K(227840K)->231403K(232448K)
[2026-03-23T15:50:25.326+0900][7.697s][info][gc,metaspace] GC(41) Metaspace: 237K(448K)->237K(448K) NonClass: 222K(320K)->222K(320K) Class: 14K(128K)->14K(128K)
[2026-03-23T15:50:25.326+0900][7.697s][info][gc          ] GC(41) Pause Young (Allocation Failure) 262M->231M(270M) 1.128ms
[2026-03-23T15:50:25.326+0900][7.697s][info][gc,cpu      ] GC(41) User=0.00s Sys=0.00s Real=0.00s
[2026-03-23T15:50:25.457+0900][7.828s][info][gc,start    ] GC(42) Pause Young (Allocation Failure)
[2026-03-23T15:50:25.458+0900][7.829s][info][gc,heap     ] GC(42) PSYoungGen: 41757K(44032K)->4672K(41472K) Eden: 36573K(36864K)->0K(36352K) From: 5184K(7168K)->4672K(5120K)
[2026-03-23T15:50:25.458+0900][7.829s][info][gc,heap     ] GC(42) ParOldGen: 231403K(232448K)->236059K(237056K)
[2026-03-23T15:50:25.458+0900][7.829s][info][gc,metaspace] GC(42) Metaspace: 237K(448K)->237K(448K) NonClass: 222K(320K)->222K(320K) Class: 14K(128K)->14K(128K)
[2026-03-23T15:50:25.458+0900][7.829s][info][gc          ] GC(42) Pause Young (Allocation Failure) 266M->235M(272M) 0.827ms
[2026-03-23T15:50:25.458+0900][7.829s][info][gc,cpu      ] GC(42) User=0.01s Sys=0.00s Real=0.00s
[2026-03-23T15:50:25.588+0900][7.960s][info][gc,start    ] GC(43) Pause Young (Allocation Failure)
[2026-03-23T15:50:25.589+0900][7.961s][info][gc,heap     ] GC(43) PSYoungGen: 40723K(41472K)->5216K(43520K) Eden: 36051K(36352K)->0K(35840K) From: 4672K(5120K)->5216K(7680K)
[2026-03-23T15:50:25.590+0900][7.961s][info][gc,heap     ] GC(43) ParOldGen: 236059K(237056K)->239171K(240128K)
[2026-03-23T15:50:25.590+0900][7.961s][info][gc,metaspace] GC(43) Metaspace: 237K(448K)->237K(448K) NonClass: 222K(320K)->222K(320K) Class: 14K(128K)->14K(128K)
[2026-03-23T15:50:25.590+0900][7.961s][info][gc          ] GC(43) Pause Young (Allocation Failure) 270M->238M(277M) 1.223ms
[2026-03-23T15:50:25.590+0900][7.961s][info][gc,cpu      ] GC(43) User=0.00s Sys=0.00s Real=0.01s
[2026-03-23T15:50:25.712+0900][8.083s][info][gc,start    ] GC(44) Pause Young (Allocation Failure)
[2026-03-23T15:50:25.713+0900][8.084s][info][gc,heap     ] GC(44) PSYoungGen: 40745K(43520K)->5248K(40960K) Eden: 35529K(35840K)->0K(35328K) From: 5216K(7680K)->5248K(5632K)
[2026-03-23T15:50:25.713+0900][8.084s][info][gc,heap     ] GC(44) ParOldGen: 239171K(240128K)->243827K(244224K)
[2026-03-23T15:50:25.713+0900][8.084s][info][gc,metaspace] GC(44) Metaspace: 237K(448K)->237K(448K) NonClass: 222K(320K)->222K(320K) Class: 14K(128K)->14K(128K)
[2026-03-23T15:50:25.713+0900][8.084s][info][gc          ] GC(44) Pause Young (Allocation Failure) 273M->243M(278M) 0.796ms
[2026-03-23T15:50:25.713+0900][8.084s][info][gc,cpu      ] GC(44) User=0.01s Sys=0.00s Real=0.00s
[2026-03-23T15:50:25.846+0900][8.217s][info][gc,start    ] GC(45) Pause Young (Allocation Failure)
[2026-03-23T15:50:25.847+0900][8.218s][info][gc,heap     ] GC(45) PSYoungGen: 40255K(40960K)->3136K(42496K) Eden: 35007K(35328K)->0K(34816K) From: 5248K(5632K)->3136K(7680K)
[2026-03-23T15:50:25.847+0900][8.218s][info][gc,heap     ] GC(45) ParOldGen: 243827K(244224K)->248484K(249856K)
[2026-03-23T15:50:25.847+0900][8.218s][info][gc,metaspace] GC(45) Metaspace: 237K(448K)->237K(448K) NonClass: 222K(320K)->222K(320K) Class: 14K(128K)->14K(128K)
[2026-03-23T15:50:25.847+0900][8.218s][info][gc          ] GC(45) Pause Young (Allocation Failure) 277M->245M(285M) 1.211ms
[2026-03-23T15:50:25.848+0900][8.219s][info][gc,cpu      ] GC(45) User=0.00s Sys=0.00s Real=0.00s
[2026-03-23T15:50:25.966+0900][8.337s][info][gc,start    ] GC(46) Pause Young (Allocation Failure)
[2026-03-23T15:50:25.969+0900][8.340s][info][gc,heap     ] GC(46) PSYoungGen: 37621K(42496K)->5248K(39936K) Eden: 34485K(34816K)->0K(34304K) From: 3136K(7680K)->5248K(5632K)
[2026-03-23T15:50:25.969+0900][8.340s][info][gc,heap     ] GC(46) ParOldGen: 248484K(249856K)->251572K(252928K)
[2026-03-23T15:50:25.969+0900][8.340s][info][gc,metaspace] GC(46) Metaspace: 237K(448K)->237K(448K) NonClass: 222K(320K)->222K(320K) Class: 14K(128K)->14K(128K)
[2026-03-23T15:50:25.969+0900][8.340s][info][gc          ] GC(46) Pause Young (Allocation Failure) 279M->250M(286M) 2.426ms
[2026-03-23T15:50:25.969+0900][8.340s][info][gc,cpu      ] GC(46) User=0.00s Sys=0.00s Real=0.00s
[2026-03-23T15:50:26.091+0900][8.462s][info][gc,start    ] GC(47) Pause Young (Allocation Failure)
[2026-03-23T15:50:26.092+0900][8.463s][info][gc,heap     ] GC(47) PSYoungGen: 39211K(39936K)->3648K(40960K) Eden: 33963K(34304K)->0K(33792K) From: 5248K(5632K)->3648K(7168K)
[2026-03-23T15:50:26.092+0900][8.463s][info][gc,heap     ] GC(47) ParOldGen: 251572K(252928K)->256228K(257536K)
[2026-03-23T15:50:26.092+0900][8.463s][info][gc,metaspace] GC(47) Metaspace: 237K(448K)->237K(448K) NonClass: 222K(320K)->222K(320K) Class: 14K(128K)->14K(128K)
[2026-03-23T15:50:26.092+0900][8.463s][info][gc          ] GC(47) Pause Young (Allocation Failure) 283M->253M(291M) 0.993ms
[2026-03-23T15:50:26.092+0900][8.463s][info][gc,cpu      ] GC(47) User=0.00s Sys=0.01s Real=0.00s
[2026-03-23T15:50:26.217+0900][8.588s][info][gc,start    ] GC(48) Pause Young (Allocation Failure)
[2026-03-23T15:50:26.219+0900][8.590s][info][gc,heap     ] GC(48) PSYoungGen: 37089K(40960K)->4704K(38400K) Eden: 33441K(33792K)->0K(33280K) From: 3648K(7168K)->4704K(5120K)
[2026-03-23T15:50:26.219+0900][8.590s][info][gc,heap     ] GC(48) ParOldGen: 256228K(257536K)->259332K(260608K)
[2026-03-23T15:50:26.219+0900][8.590s][info][gc,metaspace] GC(48) Metaspace: 237K(448K)->237K(448K) NonClass: 222K(320K)->222K(320K) Class: 14K(128K)->14K(128K)
[2026-03-23T15:50:26.219+0900][8.590s][info][gc          ] GC(48) Pause Young (Allocation Failure) 286M->257M(292M) 2.388ms
[2026-03-23T15:50:26.219+0900][8.590s][info][gc,cpu      ] GC(48) User=0.00s Sys=0.00s Real=0.00s
[2026-03-23T15:50:26.340+0900][8.711s][info][gc,start    ] GC(49) Pause Young (Allocation Failure)
[2026-03-23T15:50:26.343+0900][8.714s][info][gc,heap     ] GC(49) PSYoungGen: 37623K(38400K)->5216K(39936K) Eden: 32919K(33280K)->0K(32768K) From: 4704K(5120K)->5216K(7168K)
[2026-03-23T15:50:26.343+0900][8.714s][info][gc,heap     ] GC(49) ParOldGen: 259332K(260608K)->262428K(263680K)
[2026-03-23T15:50:26.343+0900][8.714s][info][gc,metaspace] GC(49) Metaspace: 237K(448K)->237K(448K) NonClass: 222K(320K)->222K(320K) Class: 14K(128K)->14K(128K)
[2026-03-23T15:50:26.343+0900][8.714s][info][gc          ] GC(49) Pause Young (Allocation Failure) 289M->261M(296M) 3.037ms
[2026-03-23T15:50:26.343+0900][8.714s][info][gc,cpu      ] GC(49) User=0.00s Sys=0.00s Real=0.00s
[2026-03-23T15:50:26.465+0900][8.836s][info][gc,start    ] GC(50) Pause Young (Allocation Failure)
[2026-03-23T15:50:26.470+0900][8.842s][info][gc,heap     ] GC(50) PSYoungGen: 37613K(39936K)->3648K(36352K) Eden: 32397K(32768K)->0K(32256K) From: 5216K(7168K)->3648K(4096K)
[2026-03-23T15:50:26.470+0900][8.842s][info][gc,heap     ] GC(50) ParOldGen: 262428K(263680K)->267068K(267776K)
[2026-03-23T15:50:26.470+0900][8.842s][info][gc,metaspace] GC(50) Metaspace: 237K(448K)->237K(448K) NonClass: 222K(320K)->222K(320K) Class: 14K(128K)->14K(128K)
[2026-03-23T15:50:26.470+0900][8.842s][info][gc          ] GC(50) Pause Young (Allocation Failure) 293M->264M(297M) 5.144ms
[2026-03-23T15:50:26.470+0900][8.842s][info][gc,cpu      ] GC(50) User=0.00s Sys=0.00s Real=0.01s
[2026-03-23T15:50:26.586+0900][8.957s][info][gc,start    ] GC(51) Pause Young (Allocation Failure)
[2026-03-23T15:50:26.588+0900][8.959s][info][gc,heap     ] GC(51) PSYoungGen: 35523K(36352K)->4672K(37888K) Eden: 31875K(32256K)->0K(31744K) From: 3648K(4096K)->4672K(6144K)
[2026-03-23T15:50:26.588+0900][8.959s][info][gc,heap     ] GC(51) ParOldGen: 267068K(267776K)->270172K(270848K)
[2026-03-23T15:50:26.588+0900][8.959s][info][gc,metaspace] GC(51) Metaspace: 237K(448K)->237K(448K) NonClass: 222K(320K)->222K(320K) Class: 14K(128K)->14K(128K)
[2026-03-23T15:50:26.588+0900][8.959s][info][gc          ] GC(51) Pause Young (Allocation Failure) 295M->268M(301M) 2.158ms
[2026-03-23T15:50:26.588+0900][8.959s][info][gc,cpu      ] GC(51) User=0.00s Sys=0.01s Real=0.00s
[2026-03-23T15:50:26.702+0900][9.074s][info][gc,start    ] GC(52) Pause Young (Allocation Failure)
[2026-03-23T15:50:26.703+0900][9.074s][info][gc,heap     ] GC(52) PSYoungGen: 36025K(37888K)->5184K(36864K) Eden: 31353K(31744K)->0K(31232K) From: 4672K(6144K)->5184K(5632K)
[2026-03-23T15:50:26.703+0900][9.074s][info][gc,heap     ] GC(52) ParOldGen: 270172K(270848K)->273284K(273920K)
[2026-03-23T15:50:26.703+0900][9.074s][info][gc,metaspace] GC(52) Metaspace: 237K(448K)->237K(448K) NonClass: 222K(320K)->222K(320K) Class: 14K(128K)->14K(128K)
[2026-03-23T15:50:26.703+0900][9.074s][info][gc          ] GC(52) Pause Young (Allocation Failure) 299M->271M(303M) 0.871ms
[2026-03-23T15:50:26.703+0900][9.074s][info][gc,cpu      ] GC(52) User=0.01s Sys=0.00s Real=0.00s
[2026-03-23T15:50:26.817+0900][9.188s][info][gc,start    ] GC(53) Pause Young (Allocation Failure)
[2026-03-23T15:50:26.820+0900][9.191s][info][gc,heap     ] GC(53) PSYoungGen: 36015K(36864K)->3712K(38400K) Eden: 30830K(31232K)->0K(31232K) From: 5184K(5632K)->3712K(7168K)
[2026-03-23T15:50:26.820+0900][9.191s][info][gc,heap     ] GC(53) ParOldGen: 273284K(273920K)->277932K(278528K)
[2026-03-23T15:50:26.820+0900][9.191s][info][gc,metaspace] GC(53) Metaspace: 237K(448K)->237K(448K) NonClass: 222K(320K)->222K(320K) Class: 14K(128K)->14K(128K)
[2026-03-23T15:50:26.820+0900][9.191s][info][gc          ] GC(53) Pause Young (Allocation Failure) 302M->275M(309M) 3.008ms
[2026-03-23T15:50:26.820+0900][9.191s][info][gc,cpu      ] GC(53) User=0.01s Sys=0.00s Real=0.01s
[2026-03-23T15:50:26.933+0900][9.304s][info][gc,start    ] GC(54) Pause Young (Allocation Failure)
[2026-03-23T15:50:26.936+0900][9.307s][info][gc,heap     ] GC(54) PSYoungGen: 34543K(38400K)->3648K(38400K) Eden: 30831K(31232K)->0K(31232K) From: 3712K(7168K)->3648K(7168K)
[2026-03-23T15:50:26.936+0900][9.307s][info][gc,heap     ] GC(54) ParOldGen: 277932K(278528K)->281029K(281600K)
[2026-03-23T15:50:26.936+0900][9.307s][info][gc,metaspace] GC(54) Metaspace: 237K(448K)->237K(448K) NonClass: 222K(320K)->222K(320K) Class: 14K(128K)->14K(128K)
[2026-03-23T15:50:26.936+0900][9.307s][info][gc          ] GC(54) Pause Young (Allocation Failure) 305M->278M(312M) 3.445ms
[2026-03-23T15:50:26.936+0900][9.307s][info][gc,cpu      ] GC(54) User=0.01s Sys=0.00s Real=0.00s
[2026-03-23T15:50:27.052+0900][9.423s][info][gc,start    ] GC(55) Pause Young (Allocation Failure)
[2026-03-23T15:50:27.055+0900][9.426s][info][gc,heap     ] GC(55) PSYoungGen: 34479K(38400K)->3680K(38400K) Eden: 30831K(31232K)->0K(31232K) From: 3648K(7168K)->3680K(7168K)
[2026-03-23T15:50:27.055+0900][9.426s][info][gc,heap     ] GC(55) ParOldGen: 281029K(281600K)->284125K(284672K)
[2026-03-23T15:50:27.055+0900][9.426s][info][gc,metaspace] GC(55) Metaspace: 237K(448K)->237K(448K) NonClass: 222K(320K)->222K(320K) Class: 14K(128K)->14K(128K)
[2026-03-23T15:50:27.055+0900][9.426s][info][gc          ] GC(55) Pause Young (Allocation Failure) 308M->281M(315M) 2.578ms
[2026-03-23T15:50:27.055+0900][9.426s][info][gc,cpu      ] GC(55) User=0.01s Sys=0.00s Real=0.00s
[2026-03-23T15:50:27.167+0900][9.539s][info][gc,start    ] GC(56) Pause Young (Allocation Failure)
[2026-03-23T15:50:27.171+0900][9.543s][info][gc,heap     ] GC(56) PSYoungGen: 34511K(38400K)->5216K(38400K) Eden: 30831K(31232K)->0K(31232K) From: 3680K(7168K)->5216K(7168K)
[2026-03-23T15:50:27.171+0900][9.543s][info][gc,heap     ] GC(56) ParOldGen: 284125K(284672K)->287229K(287744K)
[2026-03-23T15:50:27.171+0900][9.543s][info][gc,metaspace] GC(56) Metaspace: 237K(448K)->237K(448K) NonClass: 222K(320K)->222K(320K) Class: 14K(128K)->14K(128K)
[2026-03-23T15:50:27.172+0900][9.543s][info][gc          ] GC(56) Pause Young (Allocation Failure) 311M->285M(318M) 4.070ms
[2026-03-23T15:50:27.172+0900][9.543s][info][gc,cpu      ] GC(56) User=0.01s Sys=0.00s Real=0.01s
[2026-03-23T15:50:27.287+0900][9.658s][info][gc,start    ] GC(57) Pause Young (Allocation Failure)
[2026-03-23T15:50:27.289+0900][9.660s][info][gc,heap     ] GC(57) PSYoungGen: 36047K(38400K)->3712K(38400K) Eden: 30831K(31232K)->0K(31232K) From: 5216K(7168K)->3712K(7168K)
[2026-03-23T15:50:27.289+0900][9.660s][info][gc,heap     ] GC(57) ParOldGen: 287229K(287744K)->291885K(292864K)
[2026-03-23T15:50:27.289+0900][9.660s][info][gc,metaspace] GC(57) Metaspace: 237K(448K)->237K(448K) NonClass: 222K(320K)->222K(320K) Class: 14K(128K)->14K(128K)
[2026-03-23T15:50:27.289+0900][9.660s][info][gc          ] GC(57) Pause Young (Allocation Failure) 315M->288M(323M) 2.576ms
[2026-03-23T15:50:27.289+0900][9.660s][info][gc,cpu      ] GC(57) User=0.01s Sys=0.00s Real=0.00s
[2026-03-23T15:50:27.404+0900][9.775s][info][gc,start    ] GC(58) Pause Young (Allocation Failure)
[2026-03-23T15:50:27.406+0900][9.778s][info][gc,heap     ] GC(58) PSYoungGen: 34543K(38400K)->3680K(38400K) Eden: 30831K(31232K)->0K(31232K) From: 3712K(7168K)->3680K(7168K)
[2026-03-23T15:50:27.406+0900][9.778s][info][gc,heap     ] GC(58) ParOldGen: 291885K(292864K)->294989K(295424K)
[2026-03-23T15:50:27.406+0900][9.778s][info][gc,metaspace] GC(58) Metaspace: 237K(448K)->237K(448K) NonClass: 222K(320K)->222K(320K) Class: 14K(128K)->14K(128K)
[2026-03-23T15:50:27.407+0900][9.778s][info][gc          ] GC(58) Pause Young (Allocation Failure) 318M->291M(326M) 2.433ms
[2026-03-23T15:50:27.407+0900][9.778s][info][gc,cpu      ] GC(58) User=0.01s Sys=0.00s Real=0.00s
[2026-03-23T15:50:27.521+0900][9.892s][info][gc,start    ] GC(59) Pause Young (Allocation Failure)
[2026-03-23T15:50:27.524+0900][9.896s][info][gc,heap     ] GC(59) PSYoungGen: 34511K(38400K)->3648K(37376K) Eden: 30831K(31232K)->0K(31232K) From: 3680K(7168K)->3648K(6144K)
[2026-03-23T15:50:27.524+0900][9.896s][info][gc,heap     ] GC(59) ParOldGen: 294989K(295424K)->298085K(299520K)
[2026-03-23T15:50:27.524+0900][9.896s][info][gc,metaspace] GC(59) Metaspace: 237K(448K)->237K(448K) NonClass: 222K(320K)->222K(320K) Class: 14K(128K)->14K(128K)
[2026-03-23T15:50:27.524+0900][9.896s][info][gc          ] GC(59) Pause Young (Allocation Failure) 321M->294M(329M) 3.540ms
[2026-03-23T15:50:27.524+0900][9.896s][info][gc,cpu      ] GC(59) User=0.01s Sys=0.00s Real=0.00s
[2026-03-23T15:50:27.632+0900][10.003s][info][gc,start    ] GC(60) Pause Young (Allocation Failure)
[2026-03-23T15:50:27.635+0900][10.006s][info][gc,heap     ] GC(60) PSYoungGen: 34479K(37376K)->5248K(37888K) Eden: 30831K(31232K)->0K(31232K) From: 3648K(6144K)->5248K(6656K)
[2026-03-23T15:50:27.635+0900][10.006s][info][gc,heap     ] GC(60) ParOldGen: 298085K(299520K)->301189K(302592K)
[2026-03-23T15:50:27.635+0900][10.006s][info][gc,metaspace] GC(60) Metaspace: 237K(448K)->237K(448K) NonClass: 222K(320K)->222K(320K) Class: 14K(128K)->14K(128K)
[2026-03-23T15:50:27.635+0900][10.006s][info][gc          ] GC(60) Pause Young (Allocation Failure) 324M->299M(332M) 2.655ms
[2026-03-23T15:50:27.635+0900][10.006s][info][gc,cpu      ] GC(60) User=0.01s Sys=0.00s Real=0.00s
[2026-03-23T15:50:27.746+0900][10.118s][info][gc,start    ] GC(61) Pause Young (Allocation Failure)
[2026-03-23T15:50:27.749+0900][10.121s][info][gc,heap     ] GC(61) PSYoungGen: 36079K(37888K)->4768K(37376K) Eden: 30831K(31232K)->0K(31232K) From: 5248K(6656K)->4768K(6144K)
[2026-03-23T15:50:27.750+0900][10.121s][info][gc,heap     ] GC(61) ParOldGen: 301189K(302592K)->304821K(305664K)
[2026-03-23T15:50:27.750+0900][10.121s][info][gc,metaspace] GC(61) Metaspace: 237K(448K)->237K(448K) NonClass: 222K(320K)->222K(320K) Class: 14K(128K)->14K(128K)
[2026-03-23T15:50:27.750+0900][10.121s][info][gc          ] GC(61) Pause Young (Allocation Failure) 329M->302M(335M) 3.203ms
[2026-03-23T15:50:27.750+0900][10.121s][info][gc,cpu      ] GC(61) User=0.01s Sys=0.00s Real=0.01s
[2026-03-23T15:50:27.864+0900][10.235s][info][gc,start    ] GC(62) Pause Young (Allocation Failure)
[2026-03-23T15:50:27.868+0900][10.239s][info][gc,heap     ] GC(62) PSYoungGen: 35599K(37376K)->3680K(37888K) Eden: 30831K(31232K)->0K(31232K) From: 4768K(6144K)->3680K(6656K)
[2026-03-23T15:50:27.868+0900][10.239s][info][gc,heap     ] GC(62) ParOldGen: 304821K(305664K)->308957K(310272K)
[2026-03-23T15:50:27.868+0900][10.239s][info][gc,metaspace] GC(62) Metaspace: 237K(448K)->237K(448K) NonClass: 222K(320K)->222K(320K) Class: 14K(128K)->14K(128K)
[2026-03-23T15:50:27.868+0900][10.239s][info][gc          ] GC(62) Pause Young (Allocation Failure) 332M->305M(340M) 4.094ms
[2026-03-23T15:50:27.868+0900][10.239s][info][gc,cpu      ] GC(62) User=0.01s Sys=0.00s Real=0.00s
[2026-03-23T15:50:27.987+0900][10.358s][info][gc,start    ] GC(63) Pause Young (Allocation Failure)
[2026-03-23T15:50:27.991+0900][10.363s][info][gc,heap     ] GC(63) PSYoungGen: 34511K(37888K)->3648K(37888K) Eden: 30831K(31232K)->0K(31232K) From: 3680K(6656K)->3648K(6656K)
[2026-03-23T15:50:27.992+0900][10.363s][info][gc,heap     ] GC(63) ParOldGen: 308957K(310272K)->312046K(313344K)
[2026-03-23T15:50:27.992+0900][10.363s][info][gc,metaspace] GC(63) Metaspace: 237K(448K)->237K(448K) NonClass: 222K(320K)->222K(320K) Class: 14K(128K)->14K(128K)
[2026-03-23T15:50:27.992+0900][10.363s][info][gc          ] GC(63) Pause Young (Allocation Failure) 335M->308M(343M) 4.872ms
[2026-03-23T15:50:27.992+0900][10.363s][info][gc,cpu      ] GC(63) User=0.01s Sys=0.00s Real=0.01s
[2026-03-23T15:50:28.103+0900][10.474s][info][gc,start    ] GC(64) Pause Young (Allocation Failure)
[2026-03-23T15:50:28.103+0900][10.475s][info][gc,heap     ] GC(64) PSYoungGen: 34479K(37888K)->3712K(37888K) Eden: 30831K(31232K)->0K(31232K) From: 3648K(6656K)->3712K(6656K)
[2026-03-23T15:50:28.103+0900][10.475s][info][gc,heap     ] GC(64) ParOldGen: 312046K(313344K)->315150K(316416K)
[2026-03-23T15:50:28.103+0900][10.475s][info][gc,metaspace] GC(64) Metaspace: 237K(448K)->237K(448K) NonClass: 222K(320K)->222K(320K) Class: 14K(128K)->14K(128K)
[2026-03-23T15:50:28.103+0900][10.475s][info][gc          ] GC(64) Pause Young (Allocation Failure) 338M->311M(346M) 0.844ms
[2026-03-23T15:50:28.103+0900][10.475s][info][gc,cpu      ] GC(64) User=0.01s Sys=0.01s Real=0.00s
[2026-03-23T15:50:28.208+0900][10.579s][info][gc,start    ] GC(65) Pause Young (Allocation Failure)
[2026-03-23T15:50:28.209+0900][10.580s][info][gc,heap     ] GC(65) PSYoungGen: 34543K(37888K)->5248K(37888K) Eden: 30831K(31232K)->0K(31232K) From: 3712K(6656K)->5248K(6656K)
[2026-03-23T15:50:28.209+0900][10.580s][info][gc,heap     ] GC(65) ParOldGen: 315150K(316416K)->318254K(319488K)
[2026-03-23T15:50:28.209+0900][10.580s][info][gc,metaspace] GC(65) Metaspace: 237K(448K)->237K(448K) NonClass: 222K(320K)->222K(320K) Class: 14K(128K)->14K(128K)
[2026-03-23T15:50:28.209+0900][10.580s][info][gc          ] GC(65) Pause Young (Allocation Failure) 341M->315M(349M) 0.901ms
[2026-03-23T15:50:28.209+0900][10.580s][info][gc,cpu      ] GC(65) User=0.00s Sys=0.00s Real=0.00s
[2026-03-23T15:50:28.319+0900][10.690s][info][gc,start    ] GC(66) Pause Young (Allocation Failure)
[2026-03-23T15:50:28.323+0900][10.694s][info][gc,heap     ] GC(66) PSYoungGen: 36079K(37888K)->3616K(37888K) Eden: 30831K(31232K)->0K(31232K) From: 5248K(6656K)->3616K(6656K)
[2026-03-23T15:50:28.323+0900][10.694s][info][gc,heap     ] GC(66) ParOldGen: 318254K(319488K)->322886K(324096K)
[2026-03-23T15:50:28.323+0900][10.694s][info][gc,metaspace] GC(66) Metaspace: 237K(448K)->237K(448K) NonClass: 222K(320K)->222K(320K) Class: 14K(128K)->14K(128K)
[2026-03-23T15:50:28.323+0900][10.694s][info][gc          ] GC(66) Pause Young (Allocation Failure) 346M->318M(353M) 3.320ms
[2026-03-23T15:50:28.323+0900][10.694s][info][gc,cpu      ] GC(66) User=0.00s Sys=0.00s Real=0.01s
[2026-03-23T15:50:28.434+0900][10.805s][info][gc,start    ] GC(67) Pause Young (Allocation Failure)
[2026-03-23T15:50:28.435+0900][10.807s][info][gc,heap     ] GC(67) PSYoungGen: 34447K(37888K)->3680K(37888K) Eden: 30831K(31232K)->0K(31232K) From: 3616K(6656K)->3680K(6656K)
[2026-03-23T15:50:28.435+0900][10.807s][info][gc,heap     ] GC(67) ParOldGen: 322886K(324096K)->325990K(327168K)
[2026-03-23T15:50:28.435+0900][10.807s][info][gc,metaspace] GC(67) Metaspace: 237K(448K)->237K(448K) NonClass: 222K(320K)->222K(320K) Class: 14K(128K)->14K(128K)
[2026-03-23T15:50:28.435+0900][10.807s][info][gc          ] GC(67) Pause Young (Allocation Failure) 348M->321M(356M) 1.370ms
[2026-03-23T15:50:28.436+0900][10.807s][info][gc,cpu      ] GC(67) User=0.00s Sys=0.00s Real=0.00s
[2026-03-23T15:50:28.548+0900][10.919s][info][gc,start    ] GC(68) Pause Young (Allocation Failure)
[2026-03-23T15:50:28.549+0900][10.921s][info][gc,heap     ] GC(68) PSYoungGen: 34511K(37888K)->3712K(37888K) Eden: 30831K(31232K)->0K(31232K) From: 3680K(6656K)->3712K(6656K)
[2026-03-23T15:50:28.550+0900][10.921s][info][gc,heap     ] GC(68) ParOldGen: 325990K(327168K)->329094K(330240K)
[2026-03-23T15:50:28.550+0900][10.921s][info][gc,metaspace] GC(68) Metaspace: 237K(448K)->237K(448K) NonClass: 222K(320K)->222K(320K) Class: 14K(128K)->14K(128K)
[2026-03-23T15:50:28.550+0900][10.921s][info][gc          ] GC(68) Pause Young (Allocation Failure) 352M->325M(359M) 1.470ms
[2026-03-23T15:50:28.550+0900][10.921s][info][gc,cpu      ] GC(68) User=0.01s Sys=0.00s Real=0.01s
[2026-03-23T15:50:28.657+0900][11.029s][info][gc,start    ] GC(69) Pause Young (Allocation Failure)
[2026-03-23T15:50:28.658+0900][11.029s][info][gc,heap     ] GC(69) PSYoungGen: 34543K(37888K)->5248K(37888K) Eden: 30831K(31232K)->0K(31232K) From: 3712K(6656K)->5248K(6656K)
[2026-03-23T15:50:28.658+0900][11.029s][info][gc,heap     ] GC(69) ParOldGen: 329094K(330240K)->332198K(332800K)
[2026-03-23T15:50:28.658+0900][11.029s][info][gc,metaspace] GC(69) Metaspace: 237K(448K)->237K(448K) NonClass: 222K(320K)->222K(320K) Class: 14K(128K)->14K(128K)
[2026-03-23T15:50:28.658+0900][11.029s][info][gc          ] GC(69) Pause Young (Allocation Failure) 355M->329M(362M) 0.951ms
[2026-03-23T15:50:28.658+0900][11.030s][info][gc,cpu      ] GC(69) User=0.01s Sys=0.00s Real=0.00s
[2026-03-23T15:50:28.772+0900][11.143s][info][gc,start    ] GC(70) Pause Young (Allocation Failure)
[2026-03-23T15:50:28.773+0900][11.144s][info][gc,heap     ] GC(70) PSYoungGen: 36079K(37888K)->4704K(37888K) Eden: 30831K(31232K)->0K(31232K) From: 5248K(6656K)->4704K(6656K)
[2026-03-23T15:50:28.773+0900][11.144s][info][gc,heap     ] GC(70) ParOldGen: 332198K(332800K)->335830K(336384K)
[2026-03-23T15:50:28.773+0900][11.144s][info][gc,metaspace] GC(70) Metaspace: 237K(448K)->237K(448K) NonClass: 222K(320K)->222K(320K) Class: 14K(128K)->14K(128K)
[2026-03-23T15:50:28.773+0900][11.144s][info][gc          ] GC(70) Pause Young (Allocation Failure) 359M->332M(365M) 1.219ms
[2026-03-23T15:50:28.773+0900][11.144s][info][gc,cpu      ] GC(70) User=0.00s Sys=0.01s Real=0.00s
[2026-03-23T15:50:28.885+0900][11.256s][info][gc,start    ] GC(71) Pause Young (Allocation Failure)
[2026-03-23T15:50:28.886+0900][11.257s][info][gc,heap     ] GC(71) PSYoungGen: 35535K(37888K)->3712K(37888K) Eden: 30831K(31232K)->0K(31232K) From: 4704K(6656K)->3712K(6656K)
[2026-03-23T15:50:28.886+0900][11.257s][info][gc,heap     ] GC(71) ParOldGen: 335830K(336384K)->339966K(340992K)
[2026-03-23T15:50:28.886+0900][11.257s][info][gc,metaspace] GC(71) Metaspace: 237K(448K)->237K(448K) NonClass: 222K(320K)->222K(320K) Class: 14K(128K)->14K(128K)
[2026-03-23T15:50:28.886+0900][11.257s][info][gc          ] GC(71) Pause Young (Allocation Failure) 362M->335M(370M) 1.166ms
[2026-03-23T15:50:28.886+0900][11.257s][info][gc,cpu      ] GC(71) User=0.01s Sys=0.00s Real=0.00s
[2026-03-23T15:50:29.000+0900][11.371s][info][gc,start    ] GC(72) Pause Young (Allocation Failure)
[2026-03-23T15:50:29.000+0900][11.371s][info][gc,heap     ] GC(72) PSYoungGen: 34543K(37888K)->3712K(35328K) Eden: 30831K(31232K)->0K(31232K) From: 3712K(6656K)->3712K(4096K)
[2026-03-23T15:50:29.000+0900][11.371s][info][gc,heap     ] GC(72) ParOldGen: 339966K(340992K)->343070K(343552K)
[2026-03-23T15:50:29.000+0900][11.371s][info][gc,metaspace] GC(72) Metaspace: 237K(448K)->237K(448K) NonClass: 222K(320K)->222K(320K) Class: 14K(128K)->14K(128K)
[2026-03-23T15:50:29.000+0900][11.371s][info][gc          ] GC(72) Pause Young (Allocation Failure) 365M->338M(370M) 0.750ms
[2026-03-23T15:50:29.000+0900][11.371s][info][gc,cpu      ] GC(72) User=0.00s Sys=0.00s Real=0.00s
[2026-03-23T15:50:29.111+0900][11.482s][info][gc,start    ] GC(73) Pause Young (Allocation Failure)
[2026-03-23T15:50:29.114+0900][11.485s][info][gc,heap     ] GC(73) PSYoungGen: 34543K(35328K)->3648K(37376K) Eden: 30831K(31232K)->0K(31232K) From: 3712K(4096K)->3648K(6144K)
[2026-03-23T15:50:29.114+0900][11.485s][info][gc,heap     ] GC(73) ParOldGen: 343070K(343552K)->346167K(347648K)
[2026-03-23T15:50:29.114+0900][11.485s][info][gc,metaspace] GC(73) Metaspace: 237K(448K)->237K(448K) NonClass: 222K(320K)->222K(320K) Class: 14K(128K)->14K(128K)
[2026-03-23T15:50:29.114+0900][11.485s][info][gc          ] GC(73) Pause Young (Allocation Failure) 368M->341M(376M) 2.861ms
[2026-03-23T15:50:29.114+0900][11.485s][info][gc,cpu      ] GC(73) User=0.01s Sys=0.00s Real=0.00s
[2026-03-23T15:50:29.222+0900][11.593s][info][gc,start    ] GC(74) Pause Full (Ergonomics)
[2026-03-23T15:50:29.222+0900][11.593s][info][gc,phases,start] GC(74) Marking Phase
[2026-03-23T15:50:29.225+0900][11.596s][info][gc,phases      ] GC(74) Marking Phase 2.949ms
[2026-03-23T15:50:29.225+0900][11.596s][info][gc,phases,start] GC(74) Summary Phase
[2026-03-23T15:50:29.225+0900][11.596s][info][gc,phases      ] GC(74) Summary Phase 0.023ms
[2026-03-23T15:50:29.225+0900][11.596s][info][gc,phases,start] GC(74) Adjust Roots
[2026-03-23T15:50:29.226+0900][11.598s][info][gc,phases      ] GC(74) Adjust Roots 1.197ms
[2026-03-23T15:50:29.227+0900][11.598s][info][gc,phases,start] GC(74) Compaction Phase
[2026-03-23T15:50:29.239+0900][11.610s][info][gc,phases      ] GC(74) Compaction Phase 12.667ms
[2026-03-23T15:50:29.239+0900][11.610s][info][gc,phases,start] GC(74) Post Compact
[2026-03-23T15:50:29.239+0900][11.611s][info][gc,phases      ] GC(74) Post Compact 0.243ms
[2026-03-23T15:50:29.240+0900][11.611s][info][gc,heap        ] GC(74) PSYoungGen: 34479K(37376K)->4608K(37376K) Eden: 30831K(31232K)->4608K(31232K) From: 3648K(6144K)->0K(6144K)
[2026-03-23T15:50:29.240+0900][11.611s][info][gc,heap        ] GC(74) ParOldGen: 346167K(347648K)->347353K(349696K)
[2026-03-23T15:50:29.240+0900][11.611s][info][gc,metaspace   ] GC(74) Metaspace: 237K(448K)->237K(448K) NonClass: 222K(320K)->222K(320K) Class: 14K(128K)->14K(128K)
[2026-03-23T15:50:29.240+0900][11.611s][info][gc             ] GC(74) Pause Full (Ergonomics) 371M->343M(378M) 17.479ms
[2026-03-23T15:50:29.240+0900][11.611s][info][gc,cpu         ] GC(74) User=0.07s Sys=0.03s Real=0.02s
[2026-03-23T15:50:29.336+0900][11.707s][info][gc,start       ] GC(75) Pause Full (Ergonomics)
[2026-03-23T15:50:29.336+0900][11.707s][info][gc,phases,start] GC(75) Marking Phase
[2026-03-23T15:50:29.339+0900][11.710s][info][gc,phases      ] GC(75) Marking Phase 3.672ms
[2026-03-23T15:50:29.339+0900][11.711s][info][gc,phases,start] GC(75) Summary Phase
[2026-03-23T15:50:29.339+0900][11.711s][info][gc,phases      ] GC(75) Summary Phase 0.016ms
[2026-03-23T15:50:29.339+0900][11.711s][info][gc,phases,start] GC(75) Adjust Roots
[2026-03-23T15:50:29.340+0900][11.711s][info][gc,phases      ] GC(75) Adjust Roots 0.138ms
[2026-03-23T15:50:29.340+0900][11.711s][info][gc,phases,start] GC(75) Compaction Phase
[2026-03-23T15:50:29.347+0900][11.718s][info][gc,phases      ] GC(75) Compaction Phase 7.315ms
[2026-03-23T15:50:29.347+0900][11.718s][info][gc,phases,start] GC(75) Post Compact
[2026-03-23T15:50:29.347+0900][11.718s][info][gc,phases      ] GC(75) Post Compact 0.148ms
[2026-03-23T15:50:29.347+0900][11.718s][info][gc,heap        ] GC(75) PSYoungGen: 30831K(37376K)->5632K(36864K) Eden: 30831K(31232K)->5632K(31232K) From: 0K(6144K)->0K(5632K)
[2026-03-23T15:50:29.347+0900][11.718s][info][gc,heap        ] GC(75) ParOldGen: 347353K(349696K)->349401K(349696K)
[2026-03-23T15:50:29.347+0900][11.718s][info][gc,metaspace   ] GC(75) Metaspace: 237K(448K)->237K(448K) NonClass: 222K(320K)->222K(320K) Class: 14K(128K)->14K(128K)
[2026-03-23T15:50:29.347+0900][11.718s][info][gc             ] GC(75) Pause Full (Ergonomics) 369M->346M(377M) 11.624ms
[2026-03-23T15:50:29.347+0900][11.718s][info][gc,cpu         ] GC(75) User=0.05s Sys=0.00s Real=0.01s
[2026-03-23T15:50:29.443+0900][11.814s][info][gc,start       ] GC(76) Pause Full (Ergonomics)
[2026-03-23T15:50:29.443+0900][11.814s][info][gc,phases,start] GC(76) Marking Phase
[2026-03-23T15:50:29.446+0900][11.817s][info][gc,phases      ] GC(76) Marking Phase 2.624ms
[2026-03-23T15:50:29.446+0900][11.817s][info][gc,phases,start] GC(76) Summary Phase
[2026-03-23T15:50:29.446+0900][11.817s][info][gc,phases      ] GC(76) Summary Phase 0.035ms
[2026-03-23T15:50:29.446+0900][11.817s][info][gc,phases,start] GC(76) Adjust Roots
[2026-03-23T15:50:29.446+0900][11.817s][info][gc,phases      ] GC(76) Adjust Roots 0.190ms
[2026-03-23T15:50:29.446+0900][11.817s][info][gc,phases,start] GC(76) Compaction Phase
[2026-03-23T15:50:29.447+0900][11.818s][info][gc,phases      ] GC(76) Compaction Phase 0.810ms
[2026-03-23T15:50:29.447+0900][11.818s][info][gc,phases,start] GC(76) Post Compact
[2026-03-23T15:50:29.447+0900][11.818s][info][gc,phases      ] GC(76) Post Compact 0.141ms
[2026-03-23T15:50:29.447+0900][11.818s][info][gc,heap        ] GC(76) PSYoungGen: 30286K(36864K)->7168K(37376K) Eden: 30286K(31232K)->7168K(31232K) From: 0K(5632K)->0K(6144K)
[2026-03-23T15:50:29.447+0900][11.818s][info][gc,heap        ] GC(76) ParOldGen: 349401K(349696K)->349401K(349696K)
[2026-03-23T15:50:29.447+0900][11.818s][info][gc,metaspace   ] GC(76) Metaspace: 237K(448K)->237K(448K) NonClass: 222K(320K)->222K(320K) Class: 14K(128K)->14K(128K)
[2026-03-23T15:50:29.447+0900][11.818s][info][gc             ] GC(76) Pause Full (Ergonomics) 370M->348M(378M) 4.254ms
[2026-03-23T15:50:29.447+0900][11.818s][info][gc,cpu         ] GC(76) User=0.00s Sys=0.00s Real=0.00s
[2026-03-23T15:50:29.530+0900][11.901s][info][gc,start       ] GC(77) Pause Full (Ergonomics)
[2026-03-23T15:50:29.530+0900][11.901s][info][gc,phases,start] GC(77) Marking Phase
[2026-03-23T15:50:29.532+0900][11.903s][info][gc,phases      ] GC(77) Marking Phase 2.077ms
[2026-03-23T15:50:29.532+0900][11.903s][info][gc,phases,start] GC(77) Summary Phase
[2026-03-23T15:50:29.532+0900][11.903s][info][gc,phases      ] GC(77) Summary Phase 0.041ms
[2026-03-23T15:50:29.532+0900][11.903s][info][gc,phases,start] GC(77) Adjust Roots
[2026-03-23T15:50:29.532+0900][11.903s][info][gc,phases      ] GC(77) Adjust Roots 0.259ms
[2026-03-23T15:50:29.532+0900][11.904s][info][gc,phases,start] GC(77) Compaction Phase
[2026-03-23T15:50:29.534+0900][11.905s][info][gc,phases      ] GC(77) Compaction Phase 1.202ms
[2026-03-23T15:50:29.534+0900][11.905s][info][gc,phases,start] GC(77) Post Compact
[2026-03-23T15:50:29.534+0900][11.905s][info][gc,phases      ] GC(77) Post Compact 0.154ms
[2026-03-23T15:50:29.534+0900][11.905s][info][gc,heap        ] GC(77) PSYoungGen: 30257K(37376K)->10240K(36864K) Eden: 30257K(31232K)->10240K(31232K) From: 0K(6144K)->0K(5632K)
[2026-03-23T15:50:29.534+0900][11.905s][info][gc,heap        ] GC(77) ParOldGen: 349401K(349696K)->349401K(349696K)
[2026-03-23T15:50:29.534+0900][11.905s][info][gc,metaspace   ] GC(77) Metaspace: 237K(448K)->237K(448K) NonClass: 222K(320K)->222K(320K) Class: 14K(128K)->14K(128K)
[2026-03-23T15:50:29.534+0900][11.905s][info][gc             ] GC(77) Pause Full (Ergonomics) 370M->351M(377M) 4.127ms
[2026-03-23T15:50:29.534+0900][11.905s][info][gc,cpu         ] GC(77) User=0.01s Sys=0.00s Real=0.00s
[2026-03-23T15:50:29.611+0900][11.982s][info][gc,start       ] GC(78) Pause Full (Ergonomics)
[2026-03-23T15:50:29.611+0900][11.982s][info][gc,phases,start] GC(78) Marking Phase
[2026-03-23T15:50:29.613+0900][11.984s][info][gc,phases      ] GC(78) Marking Phase 2.050ms
[2026-03-23T15:50:29.613+0900][11.984s][info][gc,phases,start] GC(78) Summary Phase
[2026-03-23T15:50:29.613+0900][11.984s][info][gc,phases      ] GC(78) Summary Phase 0.049ms
[2026-03-23T15:50:29.613+0900][11.984s][info][gc,phases,start] GC(78) Adjust Roots
[2026-03-23T15:50:29.613+0900][11.984s][info][gc,phases      ] GC(78) Adjust Roots 0.264ms
[2026-03-23T15:50:29.613+0900][11.984s][info][gc,phases,start] GC(78) Compaction Phase
[2026-03-23T15:50:29.615+0900][11.986s][info][gc,phases      ] GC(78) Compaction Phase 2.001ms
[2026-03-23T15:50:29.615+0900][11.986s][info][gc,phases,start] GC(78) Post Compact
[2026-03-23T15:50:29.616+0900][11.987s][info][gc,phases      ] GC(78) Post Compact 0.248ms
[2026-03-23T15:50:29.616+0900][11.987s][info][gc,heap        ] GC(78) PSYoungGen: 30228K(36864K)->11776K(37376K) Eden: 30228K(31232K)->11776K(31232K) From: 0K(5632K)->0K(6144K)
[2026-03-23T15:50:29.616+0900][11.987s][info][gc,heap        ] GC(78) ParOldGen: 349401K(349696K)->349401K(349696K)
[2026-03-23T15:50:29.616+0900][11.987s][info][gc,metaspace   ] GC(78) Metaspace: 237K(448K)->237K(448K) NonClass: 222K(320K)->222K(320K) Class: 14K(128K)->14K(128K)
[2026-03-23T15:50:29.616+0900][11.987s][info][gc             ] GC(78) Pause Full (Ergonomics) 370M->352M(378M) 5.159ms
[2026-03-23T15:50:29.616+0900][11.987s][info][gc,cpu         ] GC(78) User=0.01s Sys=0.01s Real=0.00s
[2026-03-23T15:50:29.683+0900][12.054s][info][gc,start       ] GC(79) Pause Full (Ergonomics)
[2026-03-23T15:50:29.683+0900][12.054s][info][gc,phases,start] GC(79) Marking Phase
[2026-03-23T15:50:29.686+0900][12.057s][info][gc,phases      ] GC(79) Marking Phase 2.919ms
[2026-03-23T15:50:29.686+0900][12.057s][info][gc,phases,start] GC(79) Summary Phase
[2026-03-23T15:50:29.686+0900][12.057s][info][gc,phases      ] GC(79) Summary Phase 0.032ms
[2026-03-23T15:50:29.686+0900][12.057s][info][gc,phases,start] GC(79) Adjust Roots
[2026-03-23T15:50:29.686+0900][12.058s][info][gc,phases      ] GC(79) Adjust Roots 0.294ms
[2026-03-23T15:50:29.686+0900][12.058s][info][gc,phases,start] GC(79) Compaction Phase
[2026-03-23T15:50:29.687+0900][12.058s][info][gc,phases      ] GC(79) Compaction Phase 0.701ms
[2026-03-23T15:50:29.687+0900][12.058s][info][gc,phases,start] GC(79) Post Compact
[2026-03-23T15:50:29.687+0900][12.059s][info][gc,phases      ] GC(79) Post Compact 0.205ms
[2026-03-23T15:50:29.687+0900][12.059s][info][gc,heap        ] GC(79) PSYoungGen: 30699K(37376K)->14849K(36864K) Eden: 30699K(31232K)->14849K(31232K) From: 0K(6144K)->0K(5632K)
[2026-03-23T15:50:29.687+0900][12.059s][info][gc,heap        ] GC(79) ParOldGen: 349401K(349696K)->349401K(349696K)
[2026-03-23T15:50:29.687+0900][12.059s][info][gc,metaspace   ] GC(79) Metaspace: 237K(448K)->237K(448K) NonClass: 222K(320K)->222K(320K) Class: 14K(128K)->14K(128K)
[2026-03-23T15:50:29.687+0900][12.059s][info][gc             ] GC(79) Pause Full (Ergonomics) 371M->355M(377M) 4.562ms
[2026-03-23T15:50:29.688+0900][12.059s][info][gc,cpu         ] GC(79) User=0.01s Sys=0.00s Real=0.00s
[2026-03-23T15:50:29.746+0900][12.117s][info][gc,start       ] GC(80) Pause Full (Ergonomics)
[2026-03-23T15:50:29.746+0900][12.117s][info][gc,phases,start] GC(80) Marking Phase
[2026-03-23T15:50:29.748+0900][12.120s][info][gc,phases      ] GC(80) Marking Phase 2.251ms
[2026-03-23T15:50:29.749+0900][12.120s][info][gc,phases,start] GC(80) Summary Phase
[2026-03-23T15:50:29.749+0900][12.120s][info][gc,phases      ] GC(80) Summary Phase 0.018ms
[2026-03-23T15:50:29.749+0900][12.120s][info][gc,phases,start] GC(80) Adjust Roots
[2026-03-23T15:50:29.749+0900][12.120s][info][gc,phases      ] GC(80) Adjust Roots 0.129ms
[2026-03-23T15:50:29.749+0900][12.120s][info][gc,phases,start] GC(80) Compaction Phase
[2026-03-23T15:50:29.749+0900][12.121s][info][gc,phases      ] GC(80) Compaction Phase 0.695ms
[2026-03-23T15:50:29.749+0900][12.121s][info][gc,phases,start] GC(80) Post Compact
[2026-03-23T15:50:29.750+0900][12.121s][info][gc,phases      ] GC(80) Post Compact 0.144ms
[2026-03-23T15:50:29.750+0900][12.121s][info][gc,heap        ] GC(80) PSYoungGen: 30662K(36864K)->16385K(37376K) Eden: 30662K(31232K)->16385K(31232K) From: 0K(5632K)->0K(6144K)
[2026-03-23T15:50:29.750+0900][12.121s][info][gc,heap        ] GC(80) ParOldGen: 349401K(349696K)->349401K(349696K)
[2026-03-23T15:50:29.750+0900][12.121s][info][gc,metaspace   ] GC(80) Metaspace: 237K(448K)->237K(448K) NonClass: 222K(320K)->222K(320K) Class: 14K(128K)->14K(128K)
[2026-03-23T15:50:29.750+0900][12.121s][info][gc             ] GC(80) Pause Full (Ergonomics) 371M->357M(378M) 3.606ms
[2026-03-23T15:50:29.750+0900][12.121s][info][gc,cpu         ] GC(80) User=0.01s Sys=0.00s Real=0.01s
[2026-03-23T15:50:29.801+0900][12.173s][info][gc,start       ] GC(81) Pause Full (Ergonomics)
[2026-03-23T15:50:29.802+0900][12.173s][info][gc,phases,start] GC(81) Marking Phase
[2026-03-23T15:50:29.803+0900][12.175s][info][gc,phases      ] GC(81) Marking Phase 1.912ms
[2026-03-23T15:50:29.803+0900][12.175s][info][gc,phases,start] GC(81) Summary Phase
[2026-03-23T15:50:29.803+0900][12.175s][info][gc,phases      ] GC(81) Summary Phase 0.011ms
[2026-03-23T15:50:29.803+0900][12.175s][info][gc,phases,start] GC(81) Adjust Roots
[2026-03-23T15:50:29.804+0900][12.175s][info][gc,phases      ] GC(81) Adjust Roots 0.154ms
[2026-03-23T15:50:29.804+0900][12.175s][info][gc,phases,start] GC(81) Compaction Phase
[2026-03-23T15:50:29.804+0900][12.175s][info][gc,phases      ] GC(81) Compaction Phase 0.496ms
[2026-03-23T15:50:29.804+0900][12.175s][info][gc,phases,start] GC(81) Post Compact
[2026-03-23T15:50:29.804+0900][12.175s][info][gc,phases      ] GC(81) Post Compact 0.124ms
[2026-03-23T15:50:29.804+0900][12.175s][info][gc,heap        ] GC(81) PSYoungGen: 30613K(37376K)->17921K(36864K) Eden: 30613K(31232K)->17921K(31232K) From: 0K(6144K)->0K(5632K)
[2026-03-23T15:50:29.804+0900][12.175s][info][gc,heap        ] GC(81) ParOldGen: 349401K(349696K)->349401K(349696K)
[2026-03-23T15:50:29.804+0900][12.175s][info][gc,metaspace   ] GC(81) Metaspace: 237K(448K)->237K(448K) NonClass: 222K(320K)->222K(320K) Class: 14K(128K)->14K(128K)
[2026-03-23T15:50:29.804+0900][12.176s][info][gc             ] GC(81) Pause Full (Ergonomics) 371M->358M(377M) 2.869ms
[2026-03-23T15:50:29.804+0900][12.176s][info][gc,cpu         ] GC(81) User=0.01s Sys=0.00s Real=0.00s
[2026-03-23T15:50:29.846+0900][12.218s][info][gc,start       ] GC(82) Pause Full (Ergonomics)
[2026-03-23T15:50:29.846+0900][12.218s][info][gc,phases,start] GC(82) Marking Phase
[2026-03-23T15:50:29.848+0900][12.219s][info][gc,phases      ] GC(82) Marking Phase 1.513ms
[2026-03-23T15:50:29.848+0900][12.219s][info][gc,phases,start] GC(82) Summary Phase
[2026-03-23T15:50:29.848+0900][12.219s][info][gc,phases      ] GC(82) Summary Phase 0.012ms
[2026-03-23T15:50:29.848+0900][12.219s][info][gc,phases,start] GC(82) Adjust Roots
[2026-03-23T15:50:29.848+0900][12.219s][info][gc,phases      ] GC(82) Adjust Roots 0.153ms
[2026-03-23T15:50:29.848+0900][12.219s][info][gc,phases,start] GC(82) Compaction Phase
[2026-03-23T15:50:29.849+0900][12.220s][info][gc,phases      ] GC(82) Compaction Phase 0.495ms
[2026-03-23T15:50:29.849+0900][12.220s][info][gc,phases,start] GC(82) Post Compact
[2026-03-23T15:50:29.849+0900][12.220s][info][gc,phases      ] GC(82) Post Compact 0.121ms
[2026-03-23T15:50:29.849+0900][12.220s][info][gc,heap        ] GC(82) PSYoungGen: 30571K(36864K)->19457K(37376K) Eden: 30571K(31232K)->19457K(31232K) From: 0K(5632K)->0K(6144K)
[2026-03-23T15:50:29.849+0900][12.220s][info][gc,heap        ] GC(82) ParOldGen: 349401K(349696K)->349401K(349696K)
[2026-03-23T15:50:29.849+0900][12.220s][info][gc,metaspace   ] GC(82) Metaspace: 237K(448K)->237K(448K) NonClass: 222K(320K)->222K(320K) Class: 14K(128K)->14K(128K)
[2026-03-23T15:50:29.849+0900][12.220s][info][gc             ] GC(82) Pause Full (Ergonomics) 371M->360M(378M) 2.464ms
[2026-03-23T15:50:29.849+0900][12.220s][info][gc,cpu         ] GC(82) User=0.02s Sys=0.00s Real=0.00s
[2026-03-23T15:50:29.887+0900][12.258s][info][gc,start       ] GC(83) Pause Full (Ergonomics)
[2026-03-23T15:50:29.887+0900][12.258s][info][gc,phases,start] GC(83) Marking Phase
[2026-03-23T15:50:29.888+0900][12.259s][info][gc,phases      ] GC(83) Marking Phase 1.224ms
[2026-03-23T15:50:29.888+0900][12.259s][info][gc,phases,start] GC(83) Summary Phase
[2026-03-23T15:50:29.888+0900][12.259s][info][gc,phases      ] GC(83) Summary Phase 0.006ms
[2026-03-23T15:50:29.888+0900][12.259s][info][gc,phases,start] GC(83) Adjust Roots
[2026-03-23T15:50:29.888+0900][12.260s][info][gc,phases      ] GC(83) Adjust Roots 0.170ms
[2026-03-23T15:50:29.888+0900][12.260s][info][gc,phases,start] GC(83) Compaction Phase
[2026-03-23T15:50:29.889+0900][12.260s][info][gc,phases      ] GC(83) Compaction Phase 0.268ms
[2026-03-23T15:50:29.889+0900][12.260s][info][gc,phases,start] GC(83) Post Compact
[2026-03-23T15:50:29.889+0900][12.260s][info][gc,phases      ] GC(83) Post Compact 0.061ms
[2026-03-23T15:50:29.889+0900][12.260s][info][gc,heap        ] GC(83) PSYoungGen: 30532K(37376K)->20993K(36864K) Eden: 30532K(31232K)->20993K(31232K) From: 0K(6144K)->0K(5632K)
[2026-03-23T15:50:29.889+0900][12.260s][info][gc,heap        ] GC(83) ParOldGen: 349401K(349696K)->349401K(349696K)
[2026-03-23T15:50:29.889+0900][12.260s][info][gc,metaspace   ] GC(83) Metaspace: 237K(448K)->237K(448K) NonClass: 222K(320K)->222K(320K) Class: 14K(128K)->14K(128K)
[2026-03-23T15:50:29.889+0900][12.260s][info][gc             ] GC(83) Pause Full (Ergonomics) 371M->361M(377M) 1.837ms
[2026-03-23T15:50:29.889+0900][12.260s][info][gc,cpu         ] GC(83) User=0.01s Sys=0.00s Real=0.00s
[2026-03-23T15:50:29.925+0900][12.297s][info][gc,start       ] GC(84) Pause Full (Ergonomics)
[2026-03-23T15:50:29.925+0900][12.297s][info][gc,phases,start] GC(84) Marking Phase
[2026-03-23T15:50:29.927+0900][12.298s][info][gc,phases      ] GC(84) Marking Phase 1.326ms
[2026-03-23T15:50:29.927+0900][12.298s][info][gc,phases,start] GC(84) Summary Phase
[2026-03-23T15:50:29.927+0900][12.298s][info][gc,phases      ] GC(84) Summary Phase 0.009ms
[2026-03-23T15:50:29.927+0900][12.298s][info][gc,phases,start] GC(84) Adjust Roots
[2026-03-23T15:50:29.927+0900][12.298s][info][gc,phases      ] GC(84) Adjust Roots 0.132ms
[2026-03-23T15:50:29.927+0900][12.298s][info][gc,phases,start] GC(84) Compaction Phase
[2026-03-23T15:50:29.927+0900][12.298s][info][gc,phases      ] GC(84) Compaction Phase 0.328ms
[2026-03-23T15:50:29.927+0900][12.298s][info][gc,phases,start] GC(84) Post Compact
[2026-03-23T15:50:29.927+0900][12.299s][info][gc,phases      ] GC(84) Post Compact 0.078ms
[2026-03-23T15:50:29.927+0900][12.299s][info][gc,heap        ] GC(84) PSYoungGen: 30496K(36864K)->20993K(37376K) Eden: 30496K(31232K)->20993K(31232K) From: 0K(5632K)->0K(6144K)
[2026-03-23T15:50:29.927+0900][12.299s][info][gc,heap        ] GC(84) ParOldGen: 349401K(349696K)->349401K(349696K)
[2026-03-23T15:50:29.927+0900][12.299s][info][gc,metaspace   ] GC(84) Metaspace: 237K(448K)->237K(448K) NonClass: 222K(320K)->222K(320K) Class: 14K(128K)->14K(128K)
[2026-03-23T15:50:29.927+0900][12.299s][info][gc             ] GC(84) Pause Full (Ergonomics) 370M->361M(378M) 2.029ms
[2026-03-23T15:50:29.927+0900][12.299s][info][gc,cpu         ] GC(84) User=0.01s Sys=0.00s Real=0.00s
[2026-03-23T15:50:29.957+0900][12.328s][info][gc,start       ] GC(85) Pause Full (Ergonomics)
[2026-03-23T15:50:29.957+0900][12.328s][info][gc,phases,start] GC(85) Marking Phase
[2026-03-23T15:50:29.959+0900][12.330s][info][gc,phases      ] GC(85) Marking Phase 1.297ms
[2026-03-23T15:50:29.959+0900][12.330s][info][gc,phases,start] GC(85) Summary Phase
[2026-03-23T15:50:29.959+0900][12.330s][info][gc,phases      ] GC(85) Summary Phase 0.008ms
[2026-03-23T15:50:29.959+0900][12.330s][info][gc,phases,start] GC(85) Adjust Roots
[2026-03-23T15:50:29.959+0900][12.330s][info][gc,phases      ] GC(85) Adjust Roots 0.090ms
[2026-03-23T15:50:29.959+0900][12.330s][info][gc,phases,start] GC(85) Compaction Phase
[2026-03-23T15:50:29.959+0900][12.330s][info][gc,phases      ] GC(85) Compaction Phase 0.338ms
[2026-03-23T15:50:29.959+0900][12.330s][info][gc,phases,start] GC(85) Post Compact
[2026-03-23T15:50:29.959+0900][12.330s][info][gc,phases      ] GC(85) Post Compact 0.086ms
[2026-03-23T15:50:29.959+0900][12.330s][info][gc,heap        ] GC(85) PSYoungGen: 30462K(37376K)->22529K(36864K) Eden: 30462K(31232K)->22529K(31232K) From: 0K(6144K)->0K(5632K)
[2026-03-23T15:50:29.959+0900][12.330s][info][gc,heap        ] GC(85) ParOldGen: 349401K(349696K)->349401K(349696K)
[2026-03-23T15:50:29.959+0900][12.330s][info][gc,metaspace   ] GC(85) Metaspace: 237K(448K)->237K(448K) NonClass: 222K(320K)->222K(320K) Class: 14K(128K)->14K(128K)
[2026-03-23T15:50:29.959+0900][12.330s][info][gc             ] GC(85) Pause Full (Ergonomics) 370M->363M(377M) 1.917ms
[2026-03-23T15:50:29.959+0900][12.330s][info][gc,cpu         ] GC(85) User=0.01s Sys=0.01s Real=0.00s
[2026-03-23T15:50:29.991+0900][12.362s][info][gc,start       ] GC(86) Pause Full (Ergonomics)
[2026-03-23T15:50:29.991+0900][12.362s][info][gc,phases,start] GC(86) Marking Phase
[2026-03-23T15:50:29.992+0900][12.364s][info][gc,phases      ] GC(86) Marking Phase 1.599ms
[2026-03-23T15:50:29.992+0900][12.364s][info][gc,phases,start] GC(86) Summary Phase
[2026-03-23T15:50:29.992+0900][12.364s][info][gc,phases      ] GC(86) Summary Phase 0.007ms
[2026-03-23T15:50:29.992+0900][12.364s][info][gc,phases,start] GC(86) Adjust Roots
[2026-03-23T15:50:29.993+0900][12.364s][info][gc,phases      ] GC(86) Adjust Roots 0.110ms
[2026-03-23T15:50:29.993+0900][12.364s][info][gc,phases,start] GC(86) Compaction Phase
[2026-03-23T15:50:29.993+0900][12.364s][info][gc,phases      ] GC(86) Compaction Phase 0.346ms
[2026-03-23T15:50:29.993+0900][12.364s][info][gc,phases,start] GC(86) Post Compact
[2026-03-23T15:50:29.993+0900][12.364s][info][gc,phases      ] GC(86) Post Compact 0.080ms
[2026-03-23T15:50:29.993+0900][12.364s][info][gc,heap        ] GC(86) PSYoungGen: 30440K(36864K)->22529K(37376K) Eden: 30440K(31232K)->22529K(31232K) From: 0K(5632K)->0K(6144K)
[2026-03-23T15:50:29.993+0900][12.364s][info][gc,heap        ] GC(86) ParOldGen: 349401K(349696K)->349401K(349696K)
[2026-03-23T15:50:29.993+0900][12.364s][info][gc,metaspace   ] GC(86) Metaspace: 237K(448K)->237K(448K) NonClass: 222K(320K)->222K(320K) Class: 14K(128K)->14K(128K)
[2026-03-23T15:50:29.993+0900][12.364s][info][gc             ] GC(86) Pause Full (Ergonomics) 370M->363M(378M) 2.219ms
[2026-03-23T15:50:29.993+0900][12.364s][info][gc,cpu         ] GC(86) User=0.01s Sys=0.00s Real=0.00s
[2026-03-23T15:50:30.018+0900][12.390s][info][gc,start       ] GC(87) Pause Full (Ergonomics)
[2026-03-23T15:50:30.018+0900][12.390s][info][gc,phases,start] GC(87) Marking Phase
[2026-03-23T15:50:30.020+0900][12.391s][info][gc,phases      ] GC(87) Marking Phase 1.597ms
[2026-03-23T15:50:30.020+0900][12.391s][info][gc,phases,start] GC(87) Summary Phase
[2026-03-23T15:50:30.020+0900][12.391s][info][gc,phases      ] GC(87) Summary Phase 0.009ms
[2026-03-23T15:50:30.020+0900][12.391s][info][gc,phases,start] GC(87) Adjust Roots
[2026-03-23T15:50:30.020+0900][12.391s][info][gc,phases      ] GC(87) Adjust Roots 0.118ms
[2026-03-23T15:50:30.020+0900][12.391s][info][gc,phases,start] GC(87) Compaction Phase
[2026-03-23T15:50:30.021+0900][12.392s][info][gc,phases      ] GC(87) Compaction Phase 0.501ms
[2026-03-23T15:50:30.021+0900][12.392s][info][gc,phases,start] GC(87) Post Compact
[2026-03-23T15:50:30.021+0900][12.392s][info][gc,phases      ] GC(87) Post Compact 0.115ms
[2026-03-23T15:50:30.021+0900][12.392s][info][gc,heap        ] GC(87) PSYoungGen: 30414K(37376K)->24065K(36864K) Eden: 30414K(31232K)->24065K(31232K) From: 0K(6144K)->0K(5632K)
[2026-03-23T15:50:30.021+0900][12.392s][info][gc,heap        ] GC(87) ParOldGen: 349401K(349696K)->349401K(349696K)
[2026-03-23T15:50:30.021+0900][12.392s][info][gc,metaspace   ] GC(87) Metaspace: 237K(448K)->237K(448K) NonClass: 222K(320K)->222K(320K) Class: 14K(128K)->14K(128K)
[2026-03-23T15:50:30.021+0900][12.392s][info][gc             ] GC(87) Pause Full (Ergonomics) 370M->364M(377M) 2.438ms
[2026-03-23T15:50:30.021+0900][12.392s][info][gc,cpu         ] GC(87) User=0.01s Sys=0.00s Real=0.01s
[2026-03-23T15:50:30.046+0900][12.417s][info][gc,start       ] GC(88) Pause Full (Ergonomics)
[2026-03-23T15:50:30.046+0900][12.418s][info][gc,phases,start] GC(88) Marking Phase
[2026-03-23T15:50:30.048+0900][12.419s][info][gc,phases      ] GC(88) Marking Phase 1.934ms
[2026-03-23T15:50:30.048+0900][12.419s][info][gc,phases,start] GC(88) Summary Phase
[2026-03-23T15:50:30.048+0900][12.419s][info][gc,phases      ] GC(88) Summary Phase 0.010ms
[2026-03-23T15:50:30.048+0900][12.419s][info][gc,phases,start] GC(88) Adjust Roots
[2026-03-23T15:50:30.048+0900][12.420s][info][gc,phases      ] GC(88) Adjust Roots 0.126ms
[2026-03-23T15:50:30.048+0900][12.420s][info][gc,phases,start] GC(88) Compaction Phase
[2026-03-23T15:50:30.049+0900][12.420s][info][gc,phases      ] GC(88) Compaction Phase 0.489ms
[2026-03-23T15:50:30.049+0900][12.420s][info][gc,phases,start] GC(88) Post Compact
[2026-03-23T15:50:30.049+0900][12.420s][info][gc,phases      ] GC(88) Post Compact 0.123ms
[2026-03-23T15:50:30.049+0900][12.420s][info][gc,heap        ] GC(88) PSYoungGen: 30398K(36864K)->24065K(37376K) Eden: 30398K(31232K)->24065K(31232K) From: 0K(5632K)->0K(6144K)
[2026-03-23T15:50:30.049+0900][12.420s][info][gc,heap        ] GC(88) ParOldGen: 349401K(349696K)->349401K(349696K)
[2026-03-23T15:50:30.049+0900][12.420s][info][gc,metaspace   ] GC(88) Metaspace: 237K(448K)->237K(448K) NonClass: 222K(320K)->222K(320K) Class: 14K(128K)->14K(128K)
[2026-03-23T15:50:30.049+0900][12.420s][info][gc             ] GC(88) Pause Full (Ergonomics) 370M->364M(378M) 2.775ms
[2026-03-23T15:50:30.049+0900][12.420s][info][gc,cpu         ] GC(88) User=0.01s Sys=0.00s Real=0.00s
[2026-03-23T15:50:30.067+0900][12.438s][info][gc,start       ] GC(89) Pause Full (Ergonomics)
[2026-03-23T15:50:30.067+0900][12.438s][info][gc,phases,start] GC(89) Marking Phase
[2026-03-23T15:50:30.069+0900][12.440s][info][gc,phases      ] GC(89) Marking Phase 1.808ms
[2026-03-23T15:50:30.069+0900][12.440s][info][gc,phases,start] GC(89) Summary Phase
[2026-03-23T15:50:30.069+0900][12.440s][info][gc,phases      ] GC(89) Summary Phase 0.011ms
[2026-03-23T15:50:30.069+0900][12.440s][info][gc,phases,start] GC(89) Adjust Roots
[2026-03-23T15:50:30.069+0900][12.440s][info][gc,phases      ] GC(89) Adjust Roots 0.113ms
[2026-03-23T15:50:30.069+0900][12.440s][info][gc,phases,start] GC(89) Compaction Phase
[2026-03-23T15:50:30.070+0900][12.441s][info][gc,phases      ] GC(89) Compaction Phase 0.492ms
[2026-03-23T15:50:30.070+0900][12.441s][info][gc,phases,start] GC(89) Post Compact
[2026-03-23T15:50:30.070+0900][12.441s][info][gc,phases      ] GC(89) Post Compact 0.135ms
[2026-03-23T15:50:30.070+0900][12.441s][info][gc,heap        ] GC(89) PSYoungGen: 30376K(37376K)->25602K(36864K) Eden: 30376K(31232K)->25602K(31232K) From: 0K(6144K)->0K(5632K)
[2026-03-23T15:50:30.070+0900][12.441s][info][gc,heap        ] GC(89) ParOldGen: 349401K(349696K)->349401K(349696K)
[2026-03-23T15:50:30.070+0900][12.441s][info][gc,metaspace   ] GC(89) Metaspace: 237K(448K)->237K(448K) NonClass: 222K(320K)->222K(320K) Class: 14K(128K)->14K(128K)
[2026-03-23T15:50:30.070+0900][12.441s][info][gc             ] GC(89) Pause Full (Ergonomics) 370M->366M(377M) 2.672ms
[2026-03-23T15:50:30.070+0900][12.441s][info][gc,cpu         ] GC(89) User=0.02s Sys=0.00s Real=0.01s
[2026-03-23T15:50:30.088+0900][12.460s][info][gc,start       ] GC(90) Pause Full (Ergonomics)
[2026-03-23T15:50:30.088+0900][12.460s][info][gc,phases,start] GC(90) Marking Phase
[2026-03-23T15:50:30.090+0900][12.462s][info][gc,phases      ] GC(90) Marking Phase 1.868ms
[2026-03-23T15:50:30.090+0900][12.462s][info][gc,phases,start] GC(90) Summary Phase
[2026-03-23T15:50:30.090+0900][12.462s][info][gc,phases      ] GC(90) Summary Phase 0.008ms
[2026-03-23T15:50:30.090+0900][12.462s][info][gc,phases,start] GC(90) Adjust Roots
[2026-03-23T15:50:30.091+0900][12.462s][info][gc,phases      ] GC(90) Adjust Roots 0.129ms
[2026-03-23T15:50:30.091+0900][12.462s][info][gc,phases,start] GC(90) Compaction Phase
[2026-03-23T15:50:30.091+0900][12.462s][info][gc,phases      ] GC(90) Compaction Phase 0.651ms
[2026-03-23T15:50:30.091+0900][12.462s][info][gc,phases,start] GC(90) Post Compact
[2026-03-23T15:50:30.091+0900][12.463s][info][gc,phases      ] GC(90) Post Compact 0.166ms
[2026-03-23T15:50:30.091+0900][12.463s][info][gc,heap        ] GC(90) PSYoungGen: 30362K(36864K)->25602K(37376K) Eden: 30362K(31232K)->25602K(31232K) From: 0K(5632K)->0K(6144K)
[2026-03-23T15:50:30.091+0900][12.463s][info][gc,heap        ] GC(90) ParOldGen: 349401K(349696K)->349401K(349696K)
[2026-03-23T15:50:30.091+0900][12.463s][info][gc,metaspace   ] GC(90) Metaspace: 237K(448K)->237K(448K) NonClass: 222K(320K)->222K(320K) Class: 14K(128K)->14K(128K)
[2026-03-23T15:50:30.091+0900][12.463s][info][gc             ] GC(90) Pause Full (Ergonomics) 370M->366M(378M) 2.931ms
[2026-03-23T15:50:30.091+0900][12.463s][info][gc,cpu         ] GC(90) User=0.01s Sys=0.00s Real=0.01s
[2026-03-23T15:50:30.104+0900][12.476s][info][gc,start       ] GC(91) Pause Full (Ergonomics)
[2026-03-23T15:50:30.104+0900][12.476s][info][gc,phases,start] GC(91) Marking Phase
[2026-03-23T15:50:30.106+0900][12.477s][info][gc,phases      ] GC(91) Marking Phase 1.048ms
[2026-03-23T15:50:30.106+0900][12.477s][info][gc,phases,start] GC(91) Summary Phase
[2026-03-23T15:50:30.106+0900][12.477s][info][gc,phases      ] GC(91) Summary Phase 0.022ms
[2026-03-23T15:50:30.106+0900][12.477s][info][gc,phases,start] GC(91) Adjust Roots
[2026-03-23T15:50:30.106+0900][12.477s][info][gc,phases      ] GC(91) Adjust Roots 0.125ms
[2026-03-23T15:50:30.106+0900][12.477s][info][gc,phases,start] GC(91) Compaction Phase
[2026-03-23T15:50:30.107+0900][12.478s][info][gc,phases      ] GC(91) Compaction Phase 0.860ms
[2026-03-23T15:50:30.107+0900][12.478s][info][gc,phases,start] GC(91) Post Compact
[2026-03-23T15:50:30.107+0900][12.478s][info][gc,phases      ] GC(91) Post Compact 0.161ms
[2026-03-23T15:50:30.107+0900][12.478s][info][gc,heap        ] GC(91) PSYoungGen: 30342K(37376K)->27138K(36864K) Eden: 30342K(31232K)->27138K(31232K) From: 0K(6144K)->0K(5632K)
[2026-03-23T15:50:30.107+0900][12.478s][info][gc,heap        ] GC(91) ParOldGen: 349401K(349696K)->349401K(349696K)
[2026-03-23T15:50:30.107+0900][12.478s][info][gc,metaspace   ] GC(91) Metaspace: 237K(448K)->237K(448K) NonClass: 222K(320K)->222K(320K) Class: 14K(128K)->14K(128K)
[2026-03-23T15:50:30.107+0900][12.478s][info][gc             ] GC(91) Pause Full (Ergonomics) 370M->367M(377M) 2.448ms
[2026-03-23T15:50:30.107+0900][12.478s][info][gc,cpu         ] GC(91) User=0.01s Sys=0.00s Real=0.00s
[2026-03-23T15:50:30.120+0900][12.491s][info][gc,start       ] GC(92) Pause Full (Ergonomics)
[2026-03-23T15:50:30.120+0900][12.491s][info][gc,phases,start] GC(92) Marking Phase
[2026-03-23T15:50:30.121+0900][12.492s][info][gc,phases      ] GC(92) Marking Phase 1.330ms
[2026-03-23T15:50:30.121+0900][12.492s][info][gc,phases,start] GC(92) Summary Phase
[2026-03-23T15:50:30.121+0900][12.492s][info][gc,phases      ] GC(92) Summary Phase 0.016ms
[2026-03-23T15:50:30.121+0900][12.492s][info][gc,phases,start] GC(92) Adjust Roots
[2026-03-23T15:50:30.121+0900][12.492s][info][gc,phases      ] GC(92) Adjust Roots 0.133ms
[2026-03-23T15:50:30.121+0900][12.493s][info][gc,phases,start] GC(92) Compaction Phase
[2026-03-23T15:50:30.122+0900][12.493s][info][gc,phases      ] GC(92) Compaction Phase 0.747ms
[2026-03-23T15:50:30.122+0900][12.493s][info][gc,phases,start] GC(92) Post Compact
[2026-03-23T15:50:30.122+0900][12.494s][info][gc,phases      ] GC(92) Post Compact 0.159ms
[2026-03-23T15:50:30.122+0900][12.494s][info][gc,heap        ] GC(92) PSYoungGen: 30329K(36864K)->27138K(37376K) Eden: 30329K(31232K)->27138K(31232K) From: 0K(5632K)->0K(6144K)
[2026-03-23T15:50:30.122+0900][12.494s][info][gc,heap        ] GC(92) ParOldGen: 349401K(349696K)->349401K(349696K)
[2026-03-23T15:50:30.122+0900][12.494s][info][gc,metaspace   ] GC(92) Metaspace: 237K(448K)->237K(448K) NonClass: 222K(320K)->222K(320K) Class: 14K(128K)->14K(128K)
[2026-03-23T15:50:30.122+0900][12.494s][info][gc             ] GC(92) Pause Full (Ergonomics) 370M->367M(378M) 2.750ms
[2026-03-23T15:50:30.122+0900][12.494s][info][gc,cpu         ] GC(92) User=0.00s Sys=0.00s Real=0.00s
[2026-03-23T15:50:30.135+0900][12.507s][info][gc,start       ] GC(93) Pause Full (Ergonomics)
[2026-03-23T15:50:30.136+0900][12.507s][info][gc,phases,start] GC(93) Marking Phase
[2026-03-23T15:50:30.137+0900][12.508s][info][gc,phases      ] GC(93) Marking Phase 1.496ms
[2026-03-23T15:50:30.137+0900][12.508s][info][gc,phases,start] GC(93) Summary Phase
[2026-03-23T15:50:30.137+0900][12.508s][info][gc,phases      ] GC(93) Summary Phase 0.037ms
[2026-03-23T15:50:30.137+0900][12.508s][info][gc,phases,start] GC(93) Adjust Roots
[2026-03-23T15:50:30.137+0900][12.509s][info][gc,phases      ] GC(93) Adjust Roots 0.166ms
[2026-03-23T15:50:30.137+0900][12.509s][info][gc,phases,start] GC(93) Compaction Phase
[2026-03-23T15:50:30.138+0900][12.509s][info][gc,phases      ] GC(93) Compaction Phase 0.706ms
[2026-03-23T15:50:30.138+0900][12.509s][info][gc,phases,start] GC(93) Post Compact
[2026-03-23T15:50:30.138+0900][12.509s][info][gc,phases      ] GC(93) Post Compact 0.155ms
[2026-03-23T15:50:30.138+0900][12.510s][info][gc,heap        ] GC(93) PSYoungGen: 30309K(37376K)->27138K(36864K) Eden: 30309K(31232K)->27138K(31232K) From: 0K(6144K)->0K(5632K)
[2026-03-23T15:50:30.138+0900][12.510s][info][gc,heap        ] GC(93) ParOldGen: 349401K(349696K)->349401K(349696K)
[2026-03-23T15:50:30.138+0900][12.510s][info][gc,metaspace   ] GC(93) Metaspace: 237K(448K)->237K(448K) NonClass: 222K(320K)->222K(320K) Class: 14K(128K)->14K(128K)
[2026-03-23T15:50:30.138+0900][12.510s][info][gc             ] GC(93) Pause Full (Ergonomics) 370M->367M(377M) 2.964ms
[2026-03-23T15:50:30.138+0900][12.510s][info][gc,cpu         ] GC(93) User=0.01s Sys=0.01s Real=0.00s
[2026-03-23T15:50:30.151+0900][12.522s][info][gc,start       ] GC(94) Pause Full (Ergonomics)
[2026-03-23T15:50:30.151+0900][12.522s][info][gc,phases,start] GC(94) Marking Phase
[2026-03-23T15:50:30.153+0900][12.524s][info][gc,phases      ] GC(94) Marking Phase 1.677ms
[2026-03-23T15:50:30.153+0900][12.524s][info][gc,phases,start] GC(94) Summary Phase
[2026-03-23T15:50:30.153+0900][12.524s][info][gc,phases      ] GC(94) Summary Phase 0.033ms
[2026-03-23T15:50:30.153+0900][12.524s][info][gc,phases,start] GC(94) Adjust Roots
[2026-03-23T15:50:30.153+0900][12.524s][info][gc,phases      ] GC(94) Adjust Roots 0.168ms
[2026-03-23T15:50:30.153+0900][12.524s][info][gc,phases,start] GC(94) Compaction Phase
[2026-03-23T15:50:30.155+0900][12.526s][info][gc,phases      ] GC(94) Compaction Phase 1.460ms
[2026-03-23T15:50:30.155+0900][12.526s][info][gc,phases,start] GC(94) Post Compact
[2026-03-23T15:50:30.155+0900][12.526s][info][gc,phases      ] GC(94) Post Compact 0.312ms
[2026-03-23T15:50:30.155+0900][12.526s][info][gc,heap        ] GC(94) PSYoungGen: 30297K(36864K)->27138K(37376K) Eden: 30297K(31232K)->27138K(31232K) From: 0K(5632K)->0K(6144K)
[2026-03-23T15:50:30.155+0900][12.526s][info][gc,heap        ] GC(94) ParOldGen: 349401K(349696K)->349401K(349696K)
[2026-03-23T15:50:30.155+0900][12.526s][info][gc,metaspace   ] GC(94) Metaspace: 237K(448K)->237K(448K) NonClass: 222K(320K)->222K(320K) Class: 14K(128K)->14K(128K)
[2026-03-23T15:50:30.155+0900][12.527s][info][gc             ] GC(94) Pause Full (Ergonomics) 370M->367M(378M) 4.406ms
[2026-03-23T15:50:30.155+0900][12.527s][info][gc,cpu         ] GC(94) User=0.01s Sys=0.00s Real=0.00s
[2026-03-23T15:50:30.168+0900][12.539s][info][gc,start       ] GC(95) Pause Full (Ergonomics)
[2026-03-23T15:50:30.168+0900][12.539s][info][gc,phases,start] GC(95) Marking Phase
[2026-03-23T15:50:30.171+0900][12.542s][info][gc,phases      ] GC(95) Marking Phase 2.300ms
[2026-03-23T15:50:30.171+0900][12.542s][info][gc,phases,start] GC(95) Summary Phase
[2026-03-23T15:50:30.171+0900][12.542s][info][gc,phases      ] GC(95) Summary Phase 0.011ms
[2026-03-23T15:50:30.171+0900][12.542s][info][gc,phases,start] GC(95) Adjust Roots
[2026-03-23T15:50:30.171+0900][12.542s][info][gc,phases      ] GC(95) Adjust Roots 0.134ms
[2026-03-23T15:50:30.171+0900][12.542s][info][gc,phases,start] GC(95) Compaction Phase
[2026-03-23T15:50:30.171+0900][12.542s][info][gc,phases      ] GC(95) Compaction Phase 0.549ms
[2026-03-23T15:50:30.171+0900][12.542s][info][gc,phases,start] GC(95) Post Compact
[2026-03-23T15:50:30.171+0900][12.543s][info][gc,phases      ] GC(95) Post Compact 0.134ms
[2026-03-23T15:50:30.171+0900][12.543s][info][gc,heap        ] GC(95) PSYoungGen: 30288K(37376K)->27138K(36864K) Eden: 30288K(31232K)->27138K(31232K) From: 0K(6144K)->0K(5632K)
[2026-03-23T15:50:30.171+0900][12.543s][info][gc,heap        ] GC(95) ParOldGen: 349401K(349696K)->349401K(349696K)
[2026-03-23T15:50:30.172+0900][12.543s][info][gc,metaspace   ] GC(95) Metaspace: 237K(448K)->237K(448K) NonClass: 222K(320K)->222K(320K) Class: 14K(128K)->14K(128K)
[2026-03-23T15:50:30.172+0900][12.543s][info][gc             ] GC(95) Pause Full (Ergonomics) 370M->367M(377M) 3.290ms
[2026-03-23T15:50:30.172+0900][12.543s][info][gc,cpu         ] GC(95) User=0.01s Sys=0.00s Real=0.01s
[2026-03-23T15:50:30.178+0900][12.549s][info][gc,start       ] GC(96) Pause Full (Ergonomics)
[2026-03-23T15:50:30.178+0900][12.549s][info][gc,phases,start] GC(96) Marking Phase
[2026-03-23T15:50:30.179+0900][12.550s][info][gc,phases      ] GC(96) Marking Phase 1.255ms
[2026-03-23T15:50:30.179+0900][12.550s][info][gc,phases,start] GC(96) Summary Phase
[2026-03-23T15:50:30.179+0900][12.550s][info][gc,phases      ] GC(96) Summary Phase 0.006ms
[2026-03-23T15:50:30.179+0900][12.550s][info][gc,phases,start] GC(96) Adjust Roots
[2026-03-23T15:50:30.179+0900][12.551s][info][gc,phases      ] GC(96) Adjust Roots 0.110ms
[2026-03-23T15:50:30.179+0900][12.551s][info][gc,phases,start] GC(96) Compaction Phase
[2026-03-23T15:50:30.180+0900][12.551s][info][gc,phases      ] GC(96) Compaction Phase 0.295ms
[2026-03-23T15:50:30.180+0900][12.551s][info][gc,phases,start] GC(96) Post Compact
[2026-03-23T15:50:30.180+0900][12.551s][info][gc,phases      ] GC(96) Post Compact 0.071ms
[2026-03-23T15:50:30.180+0900][12.551s][info][gc,heap        ] GC(96) PSYoungGen: 30283K(36864K)->28674K(37376K) Eden: 30283K(31232K)->28674K(31232K) From: 0K(5632K)->0K(6144K)
[2026-03-23T15:50:30.180+0900][12.551s][info][gc,heap        ] GC(96) ParOldGen: 349401K(349696K)->349401K(349696K)
[2026-03-23T15:50:30.180+0900][12.551s][info][gc,metaspace   ] GC(96) Metaspace: 237K(448K)->237K(448K) NonClass: 222K(320K)->222K(320K) Class: 14K(128K)->14K(128K)
[2026-03-23T15:50:30.180+0900][12.551s][info][gc             ] GC(96) Pause Full (Ergonomics) 370M->369M(378M) 1.817ms
[2026-03-23T15:50:30.180+0900][12.551s][info][gc,cpu         ] GC(96) User=0.01s Sys=0.00s Real=0.01s
[2026-03-23T15:50:30.186+0900][12.557s][info][gc,start       ] GC(97) Pause Full (Ergonomics)
[2026-03-23T15:50:30.186+0900][12.557s][info][gc,phases,start] GC(97) Marking Phase
[2026-03-23T15:50:30.188+0900][12.559s][info][gc,phases      ] GC(97) Marking Phase 1.488ms
[2026-03-23T15:50:30.188+0900][12.559s][info][gc,phases,start] GC(97) Summary Phase
[2026-03-23T15:50:30.188+0900][12.559s][info][gc,phases      ] GC(97) Summary Phase 0.007ms
[2026-03-23T15:50:30.188+0900][12.559s][info][gc,phases,start] GC(97) Adjust Roots
[2026-03-23T15:50:30.188+0900][12.559s][info][gc,phases      ] GC(97) Adjust Roots 0.112ms
[2026-03-23T15:50:30.188+0900][12.559s][info][gc,phases,start] GC(97) Compaction Phase
[2026-03-23T15:50:30.188+0900][12.559s][info][gc,phases      ] GC(97) Compaction Phase 0.363ms
[2026-03-23T15:50:30.188+0900][12.559s][info][gc,phases,start] GC(97) Post Compact
[2026-03-23T15:50:30.188+0900][12.559s][info][gc,phases      ] GC(97) Post Compact 0.089ms
[2026-03-23T15:50:30.188+0900][12.560s][info][gc,heap        ] GC(97) PSYoungGen: 30280K(37376K)->28674K(36864K) Eden: 30280K(31232K)->28674K(31232K) From: 0K(6144K)->0K(5632K)
[2026-03-23T15:50:30.188+0900][12.560s][info][gc,heap        ] GC(97) ParOldGen: 349401K(349696K)->349401K(349696K)
[2026-03-23T15:50:30.188+0900][12.560s][info][gc,metaspace   ] GC(97) Metaspace: 237K(448K)->237K(448K) NonClass: 222K(320K)->222K(320K) Class: 14K(128K)->14K(128K)
[2026-03-23T15:50:30.188+0900][12.560s][info][gc             ] GC(97) Pause Full (Ergonomics) 370M->369M(377M) 2.163ms
[2026-03-23T15:50:30.188+0900][12.560s][info][gc,cpu         ] GC(97) User=0.01s Sys=0.00s Real=0.00s
[2026-03-23T15:50:30.195+0900][12.566s][info][gc,start       ] GC(98) Pause Full (Ergonomics)
[2026-03-23T15:50:30.195+0900][12.566s][info][gc,phases,start] GC(98) Marking Phase
[2026-03-23T15:50:30.196+0900][12.568s][info][gc,phases      ] GC(98) Marking Phase 1.676ms
[2026-03-23T15:50:30.197+0900][12.568s][info][gc,phases,start] GC(98) Summary Phase
[2026-03-23T15:50:30.197+0900][12.568s][info][gc,phases      ] GC(98) Summary Phase 0.006ms
[2026-03-23T15:50:30.197+0900][12.568s][info][gc,phases,start] GC(98) Adjust Roots
[2026-03-23T15:50:30.197+0900][12.568s][info][gc,phases      ] GC(98) Adjust Roots 0.105ms
[2026-03-23T15:50:30.197+0900][12.568s][info][gc,phases,start] GC(98) Compaction Phase
[2026-03-23T15:50:30.197+0900][12.568s][info][gc,phases      ] GC(98) Compaction Phase 0.319ms
[2026-03-23T15:50:30.197+0900][12.568s][info][gc,phases,start] GC(98) Post Compact
[2026-03-23T15:50:30.197+0900][12.568s][info][gc,phases      ] GC(98) Post Compact 0.084ms
[2026-03-23T15:50:30.197+0900][12.568s][info][gc,heap        ] GC(98) PSYoungGen: 30266K(36864K)->28674K(37376K) Eden: 30266K(31232K)->28674K(31232K) From: 0K(5632K)->0K(6144K)
[2026-03-23T15:50:30.197+0900][12.568s][info][gc,heap        ] GC(98) ParOldGen: 349401K(349696K)->349401K(349696K)
[2026-03-23T15:50:30.197+0900][12.568s][info][gc,metaspace   ] GC(98) Metaspace: 237K(448K)->237K(448K) NonClass: 222K(320K)->222K(320K) Class: 14K(128K)->14K(128K)
[2026-03-23T15:50:30.197+0900][12.568s][info][gc             ] GC(98) Pause Full (Ergonomics) 370M->369M(378M) 2.290ms
[2026-03-23T15:50:30.197+0900][12.568s][info][gc,cpu         ] GC(98) User=0.01s Sys=0.00s Real=0.00s
[2026-03-23T15:50:30.203+0900][12.575s][info][gc,start       ] GC(99) Pause Full (Ergonomics)
[2026-03-23T15:50:30.203+0900][12.575s][info][gc,phases,start] GC(99) Marking Phase
[2026-03-23T15:50:30.205+0900][12.576s][info][gc,phases      ] GC(99) Marking Phase 1.514ms
[2026-03-23T15:50:30.205+0900][12.576s][info][gc,phases,start] GC(99) Summary Phase
[2026-03-23T15:50:30.205+0900][12.576s][info][gc,phases      ] GC(99) Summary Phase 0.007ms
[2026-03-23T15:50:30.205+0900][12.576s][info][gc,phases,start] GC(99) Adjust Roots
[2026-03-23T15:50:30.205+0900][12.576s][info][gc,phases      ] GC(99) Adjust Roots 0.089ms
[2026-03-23T15:50:30.205+0900][12.576s][info][gc,phases,start] GC(99) Compaction Phase
[2026-03-23T15:50:30.205+0900][12.577s][info][gc,phases      ] GC(99) Compaction Phase 0.363ms
[2026-03-23T15:50:30.205+0900][12.577s][info][gc,phases,start] GC(99) Post Compact
[2026-03-23T15:50:30.206+0900][12.577s][info][gc,phases      ] GC(99) Post Compact 0.084ms
[2026-03-23T15:50:30.206+0900][12.577s][info][gc,heap        ] GC(99) PSYoungGen: 30258K(37376K)->28674K(36864K) Eden: 30258K(31232K)->28674K(31232K) From: 0K(6144K)->0K(5632K)
[2026-03-23T15:50:30.206+0900][12.577s][info][gc,heap        ] GC(99) ParOldGen: 349401K(349696K)->349401K(349696K)
[2026-03-23T15:50:30.206+0900][12.577s][info][gc,metaspace   ] GC(99) Metaspace: 237K(448K)->237K(448K) NonClass: 222K(320K)->222K(320K) Class: 14K(128K)->14K(128K)
[2026-03-23T15:50:30.206+0900][12.577s][info][gc             ] GC(99) Pause Full (Ergonomics) 370M->369M(377M) 2.135ms
[2026-03-23T15:50:30.206+0900][12.577s][info][gc,cpu         ] GC(99) User=0.02s Sys=0.00s Real=0.00s
[2026-03-23T15:50:30.212+0900][12.583s][info][gc,start       ] GC(100) Pause Full (Ergonomics)
[2026-03-23T15:50:30.212+0900][12.583s][info][gc,phases,start] GC(100) Marking Phase
[2026-03-23T15:50:30.213+0900][12.584s][info][gc,phases      ] GC(100) Marking Phase 1.206ms
[2026-03-23T15:50:30.213+0900][12.584s][info][gc,phases,start] GC(100) Summary Phase
[2026-03-23T15:50:30.213+0900][12.584s][info][gc,phases      ] GC(100) Summary Phase 0.005ms
[2026-03-23T15:50:30.213+0900][12.584s][info][gc,phases,start] GC(100) Adjust Roots
[2026-03-23T15:50:30.213+0900][12.584s][info][gc,phases      ] GC(100) Adjust Roots 0.073ms
[2026-03-23T15:50:30.213+0900][12.584s][info][gc,phases,start] GC(100) Compaction Phase
[2026-03-23T15:50:30.214+0900][12.585s][info][gc,phases      ] GC(100) Compaction Phase 0.267ms
[2026-03-23T15:50:30.214+0900][12.585s][info][gc,phases,start] GC(100) Post Compact
[2026-03-23T15:50:30.214+0900][12.585s][info][gc,phases      ] GC(100) Post Compact 0.072ms
[2026-03-23T15:50:30.214+0900][12.585s][info][gc,heap        ] GC(100) PSYoungGen: 30252K(36864K)->28674K(37376K) Eden: 30252K(31232K)->28674K(31232K) From: 0K(5632K)->0K(6144K)
[2026-03-23T15:50:30.214+0900][12.585s][info][gc,heap        ] GC(100) ParOldGen: 349401K(349696K)->349401K(349696K)
[2026-03-23T15:50:30.214+0900][12.585s][info][gc,metaspace   ] GC(100) Metaspace: 237K(448K)->237K(448K) NonClass: 222K(320K)->222K(320K) Class: 14K(128K)->14K(128K)
[2026-03-23T15:50:30.214+0900][12.585s][info][gc             ] GC(100) Pause Full (Ergonomics) 370M->369M(378M) 1.706ms
[2026-03-23T15:50:30.214+0900][12.585s][info][gc,cpu         ] GC(100) User=0.01s Sys=0.01s Real=0.00s
[2026-03-23T15:50:30.220+0900][12.591s][info][gc,start       ] GC(101) Pause Full (Ergonomics)
[2026-03-23T15:50:30.220+0900][12.591s][info][gc,phases,start] GC(101) Marking Phase
[2026-03-23T15:50:30.222+0900][12.593s][info][gc,phases      ] GC(101) Marking Phase 1.448ms
[2026-03-23T15:50:30.222+0900][12.593s][info][gc,phases,start] GC(101) Summary Phase
[2026-03-23T15:50:30.222+0900][12.593s][info][gc,phases      ] GC(101) Summary Phase 0.008ms
[2026-03-23T15:50:30.222+0900][12.593s][info][gc,phases,start] GC(101) Adjust Roots
[2026-03-23T15:50:30.222+0900][12.593s][info][gc,phases      ] GC(101) Adjust Roots 0.118ms
[2026-03-23T15:50:30.222+0900][12.593s][info][gc,phases,start] GC(101) Compaction Phase
[2026-03-23T15:50:30.222+0900][12.593s][info][gc,phases      ] GC(101) Compaction Phase 0.360ms
[2026-03-23T15:50:30.222+0900][12.593s][info][gc,phases,start] GC(101) Post Compact
[2026-03-23T15:50:30.222+0900][12.593s][info][gc,phases      ] GC(101) Post Compact 0.089ms
[2026-03-23T15:50:30.222+0900][12.593s][info][gc,heap        ] GC(101) PSYoungGen: 30248K(37376K)->28674K(36864K) Eden: 30248K(31232K)->28674K(31232K) From: 0K(6144K)->0K(5632K)
[2026-03-23T15:50:30.222+0900][12.593s][info][gc,heap        ] GC(101) ParOldGen: 349401K(349696K)->349401K(349696K)
[2026-03-23T15:50:30.222+0900][12.593s][info][gc,metaspace   ] GC(101) Metaspace: 237K(448K)->237K(448K) NonClass: 222K(320K)->222K(320K) Class: 14K(128K)->14K(128K)
[2026-03-23T15:50:30.222+0900][12.593s][info][gc             ] GC(101) Pause Full (Ergonomics) 370M->369M(377M) 2.141ms
[2026-03-23T15:50:30.222+0900][12.593s][info][gc,cpu         ] GC(101) User=0.01s Sys=0.00s Real=0.00s
[2026-03-23T15:50:30.229+0900][12.600s][info][gc,start       ] GC(102) Pause Full (Ergonomics)
[2026-03-23T15:50:30.229+0900][12.600s][info][gc,phases,start] GC(102) Marking Phase
[2026-03-23T15:50:30.230+0900][12.601s][info][gc,phases      ] GC(102) Marking Phase 1.298ms
[2026-03-23T15:50:30.230+0900][12.601s][info][gc,phases,start] GC(102) Summary Phase
[2026-03-23T15:50:30.230+0900][12.601s][info][gc,phases      ] GC(102) Summary Phase 0.005ms
[2026-03-23T15:50:30.230+0900][12.601s][info][gc,phases,start] GC(102) Adjust Roots
[2026-03-23T15:50:30.230+0900][12.601s][info][gc,phases      ] GC(102) Adjust Roots 0.094ms
[2026-03-23T15:50:30.230+0900][12.601s][info][gc,phases,start] GC(102) Compaction Phase
[2026-03-23T15:50:30.230+0900][12.602s][info][gc,phases      ] GC(102) Compaction Phase 0.288ms
[2026-03-23T15:50:30.230+0900][12.602s][info][gc,phases,start] GC(102) Post Compact
[2026-03-23T15:50:30.230+0900][12.602s][info][gc,phases      ] GC(102) Post Compact 0.074ms
[2026-03-23T15:50:30.230+0900][12.602s][info][gc,heap        ] GC(102) PSYoungGen: 30246K(36864K)->28674K(37376K) Eden: 30246K(31232K)->28674K(31232K) From: 0K(5632K)->0K(6144K)
[2026-03-23T15:50:30.230+0900][12.602s][info][gc,heap        ] GC(102) ParOldGen: 349401K(349696K)->349401K(349696K)
[2026-03-23T15:50:30.230+0900][12.602s][info][gc,metaspace   ] GC(102) Metaspace: 237K(448K)->237K(448K) NonClass: 222K(320K)->222K(320K) Class: 14K(128K)->14K(128K)
[2026-03-23T15:50:30.230+0900][12.602s][info][gc             ] GC(102) Pause Full (Ergonomics) 370M->369M(378M) 1.856ms
[2026-03-23T15:50:30.230+0900][12.602s][info][gc,cpu         ] GC(102) User=0.01s Sys=0.00s Real=0.01s
[2026-03-23T15:50:30.237+0900][12.608s][info][gc,start       ] GC(103) Pause Full (Ergonomics)
[2026-03-23T15:50:30.237+0900][12.608s][info][gc,phases,start] GC(103) Marking Phase
[2026-03-23T15:50:30.238+0900][12.609s][info][gc,phases      ] GC(103) Marking Phase 1.249ms
[2026-03-23T15:50:30.238+0900][12.609s][info][gc,phases,start] GC(103) Summary Phase
[2026-03-23T15:50:30.238+0900][12.609s][info][gc,phases      ] GC(103) Summary Phase 0.007ms
[2026-03-23T15:50:30.238+0900][12.609s][info][gc,phases,start] GC(103) Adjust Roots
[2026-03-23T15:50:30.238+0900][12.609s][info][gc,phases      ] GC(103) Adjust Roots 0.064ms
[2026-03-23T15:50:30.238+0900][12.609s][info][gc,phases,start] GC(103) Compaction Phase
[2026-03-23T15:50:30.239+0900][12.610s][info][gc,phases      ] GC(103) Compaction Phase 0.273ms
[2026-03-23T15:50:30.239+0900][12.610s][info][gc,phases,start] GC(103) Post Compact
[2026-03-23T15:50:30.239+0900][12.610s][info][gc,phases      ] GC(103) Post Compact 0.070ms
[2026-03-23T15:50:30.239+0900][12.610s][info][gc,heap        ] GC(103) PSYoungGen: 30244K(37376K)->28674K(36864K) Eden: 30244K(31232K)->28674K(31232K) From: 0K(6144K)->0K(5632K)
[2026-03-23T15:50:30.239+0900][12.610s][info][gc,heap        ] GC(103) ParOldGen: 349401K(349696K)->349401K(349696K)
[2026-03-23T15:50:30.239+0900][12.610s][info][gc,metaspace   ] GC(103) Metaspace: 237K(448K)->237K(448K) NonClass: 222K(320K)->222K(320K) Class: 14K(128K)->14K(128K)
[2026-03-23T15:50:30.239+0900][12.610s][info][gc             ] GC(103) Pause Full (Ergonomics) 370M->369M(377M) 1.738ms
[2026-03-23T15:50:30.239+0900][12.610s][info][gc,cpu         ] GC(103) User=0.01s Sys=0.00s Real=0.00s
[2026-03-23T15:50:30.239+0900][12.610s][info][gc,start       ] GC(104) Pause Full (Ergonomics)
[2026-03-23T15:50:30.239+0900][12.610s][info][gc,phases,start] GC(104) Marking Phase
[2026-03-23T15:50:30.240+0900][12.611s][info][gc,phases      ] GC(104) Marking Phase 1.233ms
[2026-03-23T15:50:30.240+0900][12.611s][info][gc,phases,start] GC(104) Summary Phase
[2026-03-23T15:50:30.240+0900][12.611s][info][gc,phases      ] GC(104) Summary Phase 0.005ms
[2026-03-23T15:50:30.240+0900][12.611s][info][gc,phases,start] GC(104) Adjust Roots
[2026-03-23T15:50:30.240+0900][12.611s][info][gc,phases      ] GC(104) Adjust Roots 0.071ms
[2026-03-23T15:50:30.240+0900][12.611s][info][gc,phases,start] GC(104) Compaction Phase
[2026-03-23T15:50:30.240+0900][12.612s][info][gc,phases      ] GC(104) Compaction Phase 0.294ms
[2026-03-23T15:50:30.240+0900][12.612s][info][gc,phases,start] GC(104) Post Compact
[2026-03-23T15:50:30.240+0900][12.612s][info][gc,phases      ] GC(104) Post Compact 0.068ms
[2026-03-23T15:50:30.240+0900][12.612s][info][gc,heap        ] GC(104) PSYoungGen: 30243K(36864K)->30210K(37376K) Eden: 30243K(31232K)->30210K(31232K) From: 0K(5632K)->0K(6144K)
[2026-03-23T15:50:30.240+0900][12.612s][info][gc,heap        ] GC(104) ParOldGen: 349401K(349696K)->349401K(349696K)
[2026-03-23T15:50:30.240+0900][12.612s][info][gc,metaspace   ] GC(104) Metaspace: 237K(448K)->237K(448K) NonClass: 222K(320K)->222K(320K) Class: 14K(128K)->14K(128K)
[2026-03-23T15:50:30.240+0900][12.612s][info][gc             ] GC(104) Pause Full (Ergonomics) 370M->370M(378M) 1.729ms
[2026-03-23T15:50:30.240+0900][12.612s][info][gc,cpu         ] GC(104) User=0.01s Sys=0.00s Real=0.01s
[2026-03-23T15:50:30.240+0900][12.612s][info][gc,start       ] GC(105) Pause Full (Allocation Failure)
[2026-03-23T15:50:30.240+0900][12.612s][info][gc,phases,start] GC(105) Marking Phase
[2026-03-23T15:50:30.242+0900][12.613s][info][gc,phases      ] GC(105) Marking Phase 1.441ms
[2026-03-23T15:50:30.242+0900][12.613s][info][gc,phases,start] GC(105) Summary Phase
[2026-03-23T15:50:30.242+0900][12.613s][info][gc,phases      ] GC(105) Summary Phase 0.008ms
[2026-03-23T15:50:30.242+0900][12.613s][info][gc,phases,start] GC(105) Adjust Roots
[2026-03-23T15:50:30.242+0900][12.613s][info][gc,phases      ] GC(105) Adjust Roots 0.075ms
[2026-03-23T15:50:30.242+0900][12.613s][info][gc,phases,start] GC(105) Compaction Phase
[2026-03-23T15:50:30.245+0900][12.616s][info][gc,phases      ] GC(105) Compaction Phase 3.131ms
[2026-03-23T15:50:30.245+0900][12.616s][info][gc,phases,start] GC(105) Post Compact
[2026-03-23T15:50:30.245+0900][12.616s][info][gc,phases      ] GC(105) Post Compact 0.108ms
[2026-03-23T15:50:30.245+0900][12.616s][info][gc,heap        ] GC(105) PSYoungGen: 30210K(37376K)->30210K(36864K) Eden: 30210K(31232K)->30210K(31232K) From: 0K(6144K)->0K(5632K)
[2026-03-23T15:50:30.245+0900][12.616s][info][gc,heap        ] GC(105) ParOldGen: 349401K(349696K)->349395K(349696K)
[2026-03-23T15:50:30.245+0900][12.617s][info][gc,metaspace   ] GC(105) Metaspace: 237K(448K)->226K(448K) NonClass: 222K(320K)->215K(320K) Class: 14K(128K)->11K(128K)
[2026-03-23T15:50:30.245+0900][12.617s][info][gc             ] GC(105) Pause Full (Allocation Failure) 370M->370M(377M) 4.890ms
[2026-03-23T15:50:30.245+0900][12.617s][info][gc,cpu         ] GC(105) User=0.04s Sys=0.00s Real=0.00s
[2026-03-23T15:50:30.246+0900][12.617s][info][gc,heap,exit   ] Heap
[2026-03-23T15:50:30.246+0900][12.617s][info][gc,heap,exit   ]  PSYoungGen      total 36864K, used 30868K [0x000000059fd80000, 0x00000005a2880000, 0x00000005aa800000)
[2026-03-23T15:50:30.246+0900][12.617s][info][gc,heap,exit   ]   eden space 31232K, 98% used [0x000000059fd80000,0x00000005a1ba5068,0x00000005a1c00000)
[2026-03-23T15:50:30.246+0900][12.617s][info][gc,heap,exit   ]   from space 5632K, 0% used [0x00000005a2200000,0x00000005a2200000,0x00000005a2780000)
[2026-03-23T15:50:30.246+0900][12.617s][info][gc,heap,exit   ]   to   space 6144K, 0% used [0x00000005a1c00000,0x00000005a1c00000,0x00000005a2200000)
[2026-03-23T15:50:30.246+0900][12.617s][info][gc,heap,exit   ]  ParOldGen       total 349696K, used 349395K [0x000000058a800000, 0x000000059fd80000, 0x000000059fd80000)
[2026-03-23T15:50:30.246+0900][12.617s][info][gc,heap,exit   ]   object space 349696K, 99% used [0x000000058a800000,0x000000059fd34f08,0x000000059fd80000)
[2026-03-23T15:50:30.246+0900][12.617s][info][gc,heap,exit   ]  Metaspace       used 240K, committed 448K, reserved 1114112K
[2026-03-23T15:50:30.246+0900][12.617s][info][gc,heap,exit   ]   class space    used 12K, committed 128K, reserved 1048576K
