[2026-03-27T06:56:01.146+0900][0.007s][info][gc,init] CardTable entry size: 512
[2026-03-27T06:56:01.146+0900][0.007s][info][gc     ] Using G1
[2026-03-27T06:56:01.146+0900][0.008s][info][gc,init] Version: 24.0.1+9-30 (release)
[2026-03-27T06:56:01.146+0900][0.008s][info][gc,init] CPUs: 28 total, 28 available
[2026-03-27T06:56:01.146+0900][0.008s][info][gc,init] Memory: 32520M
[2026-03-27T06:56:01.146+0900][0.008s][info][gc,init] Large Page Support: Disabled
[2026-03-27T06:56:01.146+0900][0.008s][info][gc,init] NUMA Support: Disabled
[2026-03-27T06:56:01.146+0900][0.008s][info][gc,init] Compressed Oops: Enabled (32-bit)
[2026-03-27T06:56:01.146+0900][0.008s][info][gc,init] Heap Region Size: 1M
[2026-03-27T06:56:01.146+0900][0.008s][info][gc,init] Heap Min Capacity: 256M
[2026-03-27T06:56:01.166+0900][0.017s][info][gc,init] Heap Initial Capacity: 256M
[2026-03-27T06:56:01.166+0900][0.017s][info][gc,init] Heap Max Capacity: 512M
[2026-03-27T06:56:01.166+0900][0.017s][info][gc,init] Pre-touch: Disabled
[2026-03-27T06:56:01.166+0900][0.017s][info][gc,init] Parallel Workers: 20
[2026-03-27T06:56:01.166+0900][0.017s][info][gc,init] Concurrent Workers: 5
[2026-03-27T06:56:01.166+0900][0.017s][info][gc,init] Concurrent Refinement Workers: 20
[2026-03-27T06:56:01.166+0900][0.017s][info][gc,init] Periodic GC: Disabled
[2026-03-27T06:56:01.166+0900][0.021s][info][gc,metaspace] CDS archive(s) mapped at: [0x000001381f000000-0x000001381fd40000-0x000001381fd40000), size 13893632, SharedBaseAddress: 0x000001381f000000, ArchiveRelocationMode: 1.
[2026-03-27T06:56:01.166+0900][0.021s][info][gc,metaspace] Compressed class space mapped at: 0x0000013820000000-0x0000013860000000, reserved size: 1073741824
[2026-03-27T06:56:01.166+0900][0.021s][info][gc,metaspace] UseCompressedClassPointers 1, UseCompactObjectHeaders 0
[2026-03-27T06:56:01.166+0900][0.021s][info][gc,metaspace] Narrow klass pointer bits 32, Max shift 3
[2026-03-27T06:56:01.166+0900][0.021s][info][gc,metaspace] Narrow klass base: 0x000001381f000000, Narrow klass shift: 0
[2026-03-27T06:56:01.166+0900][0.021s][info][gc,metaspace] Encoding Range: [0x000001381f000000 - 0x000001391f000000), (4294967296 bytes)
[2026-03-27T06:56:01.166+0900][0.021s][info][gc,metaspace] Klass Range:    [0x000001381f000000 - 0x0000013860000000), (1090519040 bytes)
[2026-03-27T06:56:01.166+0900][0.021s][info][gc,metaspace] Klass ID Range:  [8 - 1090519033) (1090519025)
[2026-03-27T06:56:04.471+0900][3.321s][info][gc,start    ] GC(0) Pause Young (Normal) (G1 Evacuation Pause)
[2026-03-27T06:56:04.471+0900][3.322s][info][gc,task     ] GC(0) Using 6 workers of 20 for evacuation
[2026-03-27T06:56:04.472+0900][3.323s][info][gc,phases   ] GC(0)   Pre Evacuate Collection Set: 0.07ms
[2026-03-27T06:56:04.472+0900][3.323s][info][gc,phases   ] GC(0)   Merge Heap Roots: 0.05ms
[2026-03-27T06:56:04.472+0900][3.323s][info][gc,phases   ] GC(0)   Evacuate Collection Set: 0.59ms
[2026-03-27T06:56:04.472+0900][3.323s][info][gc,phases   ] GC(0)   Post Evacuate Collection Set: 0.20ms
[2026-03-27T06:56:04.472+0900][3.323s][info][gc,phases   ] GC(0)   Other: 0.21ms
[2026-03-27T06:56:04.472+0900][3.323s][info][gc,heap     ] GC(0) Eden regions: 47->0(110)
[2026-03-27T06:56:04.472+0900][3.323s][info][gc,heap     ] GC(0) Survivor regions: 0->1(6)
[2026-03-27T06:56:04.472+0900][3.323s][info][gc,heap     ] GC(0) Old regions: 2->2
[2026-03-27T06:56:04.472+0900][3.323s][info][gc,heap     ] GC(0) Humongous regions: 12->0
[2026-03-27T06:56:04.472+0900][3.323s][info][gc,metaspace] GC(0) Metaspace: 1150K(1344K)->1150K(1344K) NonClass: 1062K(1152K)->1062K(1152K) Class: 88K(192K)->88K(192K)
[2026-03-27T06:56:04.472+0900][3.323s][info][gc          ] GC(0) Pause Young (Normal) (G1 Evacuation Pause) 60M->1M(258M) 1.401ms
[2026-03-27T06:56:04.472+0900][3.323s][info][gc,cpu      ] GC(0) User=0.00s Sys=0.00s Real=0.00s
[2026-03-27T06:56:16.639+0900][15.490s][info][gc,heap,exit] Heap
[2026-03-27T06:56:16.639+0900][15.490s][info][gc,heap,exit]  garbage-first heap   total reserved 524288K, committed 264192K, used 142248K [0x00000000e0000000, 0x0000000100000000)
[2026-03-27T06:56:16.639+0900][15.490s][info][gc,heap,exit]   region size 1024K, 105 young (107520K), 1 survivors (1024K)
[2026-03-27T06:56:16.639+0900][15.490s][info][gc,heap,exit]  Metaspace       used 1158K, committed 1344K, reserved 1114112K
[2026-03-27T06:56:16.639+0900][15.490s][info][gc,heap,exit]   class space    used 88K, committed 192K, reserved 1048576K
