[2026-03-25T20:37:31.927+0900][0.008s][info][gc,init] CardTable entry size: 512
[2026-03-25T20:37:31.927+0900][0.009s][info][gc     ] Using G1
[2026-03-25T20:37:31.928+0900][0.009s][info][gc,init] Version: 25.0.2+10-69 (release)
[2026-03-25T20:37:31.928+0900][0.009s][info][gc,init] CPUs: 10 total, 10 available
[2026-03-25T20:37:31.928+0900][0.009s][info][gc,init] Memory: 16384M
[2026-03-25T20:37:31.928+0900][0.009s][info][gc,init] Large Page Support: Disabled
[2026-03-25T20:37:31.928+0900][0.009s][info][gc,init] NUMA Support: Disabled
[2026-03-25T20:37:31.928+0900][0.009s][info][gc,init] Compressed Oops: Enabled (Zero based)
[2026-03-25T20:37:31.928+0900][0.009s][info][gc,init] Heap Region Size: 1M
[2026-03-25T20:37:31.928+0900][0.009s][info][gc,init] Heap Min Capacity: 256M
[2026-03-25T20:37:31.928+0900][0.009s][info][gc,init] Heap Initial Capacity: 256M
[2026-03-25T20:37:31.928+0900][0.009s][info][gc,init] Heap Max Capacity: 512M
[2026-03-25T20:37:31.928+0900][0.009s][info][gc,init] Pre-touch: Disabled
[2026-03-25T20:37:31.928+0900][0.009s][info][gc,init] Parallel Workers: 9
[2026-03-25T20:37:31.928+0900][0.009s][info][gc,init] Concurrent Workers: 2
[2026-03-25T20:37:31.928+0900][0.009s][info][gc,init] Concurrent Refinement Workers: 9
[2026-03-25T20:37:31.928+0900][0.009s][info][gc,init] Periodic GC: Disabled
[2026-03-25T20:37:31.931+0900][0.012s][info][gc,metaspace] CDS archive(s) mapped at: [0x00003fff00000000-0x00003fff00d94000-0x00003fff00d94000), size 14237696, SharedBaseAddress: 0x00003fff00000000, ArchiveRelocationMode: 1.
[2026-03-25T20:37:31.931+0900][0.012s][info][gc,metaspace] Compressed class space mapped at: 0x00003fff01000000-0x00003fff41000000, reserved size: 1073741824
[2026-03-25T20:37:31.931+0900][0.012s][info][gc,metaspace] UseCompressedClassPointers 1, UseCompactObjectHeaders 0
[2026-03-25T20:37:31.931+0900][0.012s][info][gc,metaspace] Narrow klass pointer bits 32, Max shift 3
[2026-03-25T20:37:31.931+0900][0.012s][info][gc,metaspace] Narrow klass base: 0x00003fff00000000, Narrow klass shift: 0
[2026-03-25T20:37:31.931+0900][0.012s][info][gc,metaspace] Encoding Range: [0x00003fff00000000 - 0x0000400000000000), (4294967296 bytes)
[2026-03-25T20:37:31.931+0900][0.012s][info][gc,metaspace] Klass Range:    [0x00003fff00004000 - 0x00003fff41000000), (1090502656 bytes)
[2026-03-25T20:37:31.931+0900][0.012s][info][gc,metaspace] Klass ID Range:  [16384 - 1090519033) (1090502649)
[2026-03-25T20:37:31.931+0900][0.012s][info][gc,metaspace] Protection zone: [0x00003fff00000000 - 0x00003fff00004000), (16384 bytes)
[2026-03-25T20:37:31.966+0900][0.047s][info][gc,start    ] GC(0) Pause Young (Normal) (G1 Evacuation Pause)
[2026-03-25T20:37:31.966+0900][0.048s][info][gc,task     ] GC(0) Using 6 workers of 9 for evacuation
[2026-03-25T20:37:31.967+0900][0.049s][info][gc,phases   ] GC(0)   Pre Evacuate Collection Set: 0.06ms
[2026-03-25T20:37:31.967+0900][0.049s][info][gc,phases   ] GC(0)   Merge Heap Roots: 0.08ms
[2026-03-25T20:37:31.967+0900][0.049s][info][gc,phases   ] GC(0)   Evacuate Collection Set: 0.76ms
[2026-03-25T20:37:31.967+0900][0.049s][info][gc,phases   ] GC(0)   Post Evacuate Collection Set: 0.12ms
[2026-03-25T20:37:31.967+0900][0.049s][info][gc,phases   ] GC(0)   Other: 0.37ms
[2026-03-25T20:37:31.967+0900][0.049s][info][gc,heap     ] GC(0) Eden regions: 47->0(113)
[2026-03-25T20:37:31.967+0900][0.049s][info][gc,heap     ] GC(0) Survivor regions: 0->2(6)
[2026-03-25T20:37:31.967+0900][0.049s][info][gc,heap     ] GC(0) Old regions: 2->2
[2026-03-25T20:37:31.967+0900][0.049s][info][gc,heap     ] GC(0) Humongous regions: 0->0
[2026-03-25T20:37:31.967+0900][0.049s][info][gc,metaspace] GC(0) Metaspace: 503K(704K)->503K(704K) NonClass: 478K(576K)->478K(576K) Class: 24K(128K)->24K(128K)
[2026-03-25T20:37:31.967+0900][0.049s][info][gc          ] GC(0) Pause Young (Normal) (G1 Evacuation Pause) 47M->2M(258M) 1.616ms
[2026-03-25T20:37:31.967+0900][0.049s][info][gc,cpu      ] GC(0) User=0.01s Sys=0.00s Real=0.00s
[2026-03-25T20:37:32.025+0900][0.107s][info][gc,start    ] GC(1) Pause Young (Normal) (G1 Evacuation Pause)
[2026-03-25T20:37:32.025+0900][0.107s][info][gc,task     ] GC(1) Using 6 workers of 9 for evacuation
[2026-03-25T20:37:32.026+0900][0.108s][info][gc,phases   ] GC(1)   Pre Evacuate Collection Set: 0.07ms
[2026-03-25T20:37:32.026+0900][0.108s][info][gc,phases   ] GC(1)   Merge Heap Roots: 0.03ms
[2026-03-25T20:37:32.026+0900][0.108s][info][gc,phases   ] GC(1)   Evacuate Collection Set: 0.67ms
[2026-03-25T20:37:32.026+0900][0.108s][info][gc,phases   ] GC(1)   Post Evacuate Collection Set: 0.12ms
[2026-03-25T20:37:32.026+0900][0.108s][info][gc,phases   ] GC(1)   Other: 0.04ms
[2026-03-25T20:37:32.026+0900][0.108s][info][gc,heap     ] GC(1) Eden regions: 113->0(147)
[2026-03-25T20:37:32.026+0900][0.108s][info][gc,heap     ] GC(1) Survivor regions: 2->6(15)
[2026-03-25T20:37:32.026+0900][0.108s][info][gc,heap     ] GC(1) Old regions: 2->2
[2026-03-25T20:37:32.026+0900][0.108s][info][gc,heap     ] GC(1) Humongous regions: 0->0
[2026-03-25T20:37:32.026+0900][0.108s][info][gc,metaspace] GC(1) Metaspace: 829K(960K)->829K(960K) NonClass: 770K(832K)->770K(832K) Class: 59K(128K)->59K(128K)
[2026-03-25T20:37:32.026+0900][0.108s][info][gc          ] GC(1) Pause Young (Normal) (G1 Evacuation Pause) 115M->6M(258M) 1.052ms
[2026-03-25T20:37:32.026+0900][0.108s][info][gc,cpu      ] GC(1) User=0.00s Sys=0.01s Real=0.00s
[2026-03-25T20:37:32.085+0900][0.167s][info][gc,start    ] GC(2) Pause Young (Normal) (G1 Evacuation Pause)
[2026-03-25T20:37:32.086+0900][0.167s][info][gc,task     ] GC(2) Using 6 workers of 9 for evacuation
[2026-03-25T20:37:32.087+0900][0.168s][info][gc,phases   ] GC(2)   Pre Evacuate Collection Set: 0.06ms
[2026-03-25T20:37:32.087+0900][0.168s][info][gc,phases   ] GC(2)   Merge Heap Roots: 0.03ms
[2026-03-25T20:37:32.087+0900][0.168s][info][gc,phases   ] GC(2)   Evacuate Collection Set: 0.96ms
[2026-03-25T20:37:32.087+0900][0.168s][info][gc,phases   ] GC(2)   Post Evacuate Collection Set: 0.13ms
[2026-03-25T20:37:32.087+0900][0.168s][info][gc,phases   ] GC(2)   Other: 0.04ms
[2026-03-25T20:37:32.087+0900][0.168s][info][gc,heap     ] GC(2) Eden regions: 147->0(142)
[2026-03-25T20:37:32.087+0900][0.168s][info][gc,heap     ] GC(2) Survivor regions: 6->11(20)
[2026-03-25T20:37:32.087+0900][0.168s][info][gc,heap     ] GC(2) Old regions: 2->2
[2026-03-25T20:37:32.087+0900][0.168s][info][gc,heap     ] GC(2) Humongous regions: 0->0
[2026-03-25T20:37:32.087+0900][0.168s][info][gc,metaspace] GC(2) Metaspace: 830K(960K)->830K(960K) NonClass: 770K(832K)->770K(832K) Class: 59K(128K)->59K(128K)
[2026-03-25T20:37:32.087+0900][0.168s][info][gc          ] GC(2) Pause Young (Normal) (G1 Evacuation Pause) 153M->11M(258M) 1.328ms
[2026-03-25T20:37:32.087+0900][0.168s][info][gc,cpu      ] GC(2) User=0.00s Sys=0.00s Real=0.00s
[2026-03-25T20:37:32.144+0900][0.226s][info][gc,start    ] GC(3) Pause Young (Normal) (G1 Evacuation Pause)
[2026-03-25T20:37:32.144+0900][0.226s][info][gc,task     ] GC(3) Using 6 workers of 9 for evacuation
[2026-03-25T20:37:32.145+0900][0.227s][info][gc,phases   ] GC(3)   Pre Evacuate Collection Set: 0.05ms
[2026-03-25T20:37:32.145+0900][0.227s][info][gc,phases   ] GC(3)   Merge Heap Roots: 0.04ms
[2026-03-25T20:37:32.145+0900][0.227s][info][gc,phases   ] GC(3)   Evacuate Collection Set: 0.81ms
[2026-03-25T20:37:32.145+0900][0.227s][info][gc,phases   ] GC(3)   Post Evacuate Collection Set: 0.11ms
[2026-03-25T20:37:32.145+0900][0.227s][info][gc,phases   ] GC(3)   Other: 0.03ms
[2026-03-25T20:37:32.145+0900][0.227s][info][gc,heap     ] GC(3) Eden regions: 142->0(142)
[2026-03-25T20:37:32.145+0900][0.227s][info][gc,heap     ] GC(3) Survivor regions: 11->11(20)
[2026-03-25T20:37:32.145+0900][0.227s][info][gc,heap     ] GC(3) Old regions: 2->2
[2026-03-25T20:37:32.145+0900][0.227s][info][gc,heap     ] GC(3) Humongous regions: 0->0
[2026-03-25T20:37:32.145+0900][0.227s][info][gc,metaspace] GC(3) Metaspace: 3376K(3520K)->3376K(3520K) NonClass: 3040K(3072K)->3040K(3072K) Class: 336K(448K)->336K(448K)
[2026-03-25T20:37:32.145+0900][0.227s][info][gc          ] GC(3) Pause Young (Normal) (G1 Evacuation Pause) 153M->11M(258M) 1.133ms
[2026-03-25T20:37:32.145+0900][0.227s][info][gc,cpu      ] GC(3) User=0.00s Sys=0.00s Real=0.00s
[2026-03-25T20:37:32.203+0900][0.285s][info][gc,start    ] GC(4) Pause Young (Normal) (G1 Evacuation Pause)
[2026-03-25T20:37:32.203+0900][0.285s][info][gc,task     ] GC(4) Using 6 workers of 9 for evacuation
[2026-03-25T20:37:32.204+0900][0.286s][info][gc,phases   ] GC(4)   Pre Evacuate Collection Set: 0.05ms
[2026-03-25T20:37:32.204+0900][0.286s][info][gc,phases   ] GC(4)   Merge Heap Roots: 0.02ms
[2026-03-25T20:37:32.204+0900][0.286s][info][gc,phases   ] GC(4)   Evacuate Collection Set: 0.93ms
[2026-03-25T20:37:32.204+0900][0.286s][info][gc,phases   ] GC(4)   Post Evacuate Collection Set: 0.17ms
[2026-03-25T20:37:32.204+0900][0.286s][info][gc,phases   ] GC(4)   Other: 0.04ms
[2026-03-25T20:37:32.204+0900][0.286s][info][gc,heap     ] GC(4) Eden regions: 142->0(141)
[2026-03-25T20:37:32.204+0900][0.286s][info][gc,heap     ] GC(4) Survivor regions: 11->12(20)
[2026-03-25T20:37:32.204+0900][0.286s][info][gc,heap     ] GC(4) Old regions: 2->2
[2026-03-25T20:37:32.204+0900][0.286s][info][gc,heap     ] GC(4) Humongous regions: 0->0
[2026-03-25T20:37:32.204+0900][0.286s][info][gc,metaspace] GC(4) Metaspace: 5700K(5888K)->5700K(5888K) NonClass: 5094K(5184K)->5094K(5184K) Class: 605K(704K)->605K(704K)
[2026-03-25T20:37:32.204+0900][0.286s][info][gc          ] GC(4) Pause Young (Normal) (G1 Evacuation Pause) 153M->12M(258M) 1.316ms
[2026-03-25T20:37:32.204+0900][0.286s][info][gc,cpu      ] GC(4) User=0.01s Sys=0.00s Real=0.00s
[2026-03-25T20:37:32.261+0900][0.343s][info][gc,start    ] GC(5) Pause Young (Normal) (G1 Evacuation Pause)
[2026-03-25T20:37:32.261+0900][0.343s][info][gc,task     ] GC(5) Using 6 workers of 9 for evacuation
[2026-03-25T20:37:32.262+0900][0.344s][info][gc,phases   ] GC(5)   Pre Evacuate Collection Set: 0.08ms
[2026-03-25T20:37:32.262+0900][0.344s][info][gc,phases   ] GC(5)   Merge Heap Roots: 0.04ms
[2026-03-25T20:37:32.262+0900][0.344s][info][gc,phases   ] GC(5)   Evacuate Collection Set: 0.69ms
[2026-03-25T20:37:32.262+0900][0.344s][info][gc,phases   ] GC(5)   Post Evacuate Collection Set: 0.15ms
[2026-03-25T20:37:32.262+0900][0.344s][info][gc,phases   ] GC(5)   Other: 0.04ms
[2026-03-25T20:37:32.262+0900][0.344s][info][gc,heap     ] GC(5) Eden regions: 141->0(141)
[2026-03-25T20:37:32.262+0900][0.344s][info][gc,heap     ] GC(5) Survivor regions: 12->12(20)
[2026-03-25T20:37:32.262+0900][0.344s][info][gc,heap     ] GC(5) Old regions: 2->2
[2026-03-25T20:37:32.262+0900][0.344s][info][gc,heap     ] GC(5) Humongous regions: 0->0
[2026-03-25T20:37:32.262+0900][0.344s][info][gc,metaspace] GC(5) Metaspace: 5884K(6080K)->5884K(6080K) NonClass: 5252K(5376K)->5252K(5376K) Class: 632K(704K)->632K(704K)
[2026-03-25T20:37:32.262+0900][0.344s][info][gc          ] GC(5) Pause Young (Normal) (G1 Evacuation Pause) 153M->12M(258M) 1.107ms
[2026-03-25T20:37:32.262+0900][0.344s][info][gc,cpu      ] GC(5) User=0.00s Sys=0.00s Real=0.00s
[2026-03-25T20:37:32.319+0900][0.400s][info][gc,start    ] GC(6) Pause Young (Normal) (G1 Evacuation Pause)
[2026-03-25T20:37:32.319+0900][0.400s][info][gc,task     ] GC(6) Using 6 workers of 9 for evacuation
[2026-03-25T20:37:32.320+0900][0.401s][info][gc,phases   ] GC(6)   Pre Evacuate Collection Set: 0.04ms
[2026-03-25T20:37:32.320+0900][0.401s][info][gc,phases   ] GC(6)   Merge Heap Roots: 0.02ms
[2026-03-25T20:37:32.320+0900][0.401s][info][gc,phases   ] GC(6)   Evacuate Collection Set: 0.63ms
[2026-03-25T20:37:32.320+0900][0.401s][info][gc,phases   ] GC(6)   Post Evacuate Collection Set: 0.12ms
[2026-03-25T20:37:32.320+0900][0.401s][info][gc,phases   ] GC(6)   Other: 0.03ms
[2026-03-25T20:37:32.320+0900][0.401s][info][gc,heap     ] GC(6) Eden regions: 141->0(141)
[2026-03-25T20:37:32.320+0900][0.401s][info][gc,heap     ] GC(6) Survivor regions: 12->12(20)
[2026-03-25T20:37:32.320+0900][0.401s][info][gc,heap     ] GC(6) Old regions: 2->2
[2026-03-25T20:37:32.320+0900][0.401s][info][gc,heap     ] GC(6) Humongous regions: 0->0
[2026-03-25T20:37:32.320+0900][0.401s][info][gc,metaspace] GC(6) Metaspace: 5884K(6080K)->5884K(6080K) NonClass: 5252K(5376K)->5252K(5376K) Class: 632K(704K)->632K(704K)
[2026-03-25T20:37:32.320+0900][0.401s][info][gc          ] GC(6) Pause Young (Normal) (G1 Evacuation Pause) 153M->12M(258M) 0.918ms
[2026-03-25T20:37:32.320+0900][0.401s][info][gc,cpu      ] GC(6) User=0.01s Sys=0.00s Real=0.01s
[2026-03-25T20:37:32.376+0900][0.458s][info][gc,start    ] GC(7) Pause Young (Normal) (G1 Evacuation Pause)
[2026-03-25T20:37:32.376+0900][0.458s][info][gc,task     ] GC(7) Using 6 workers of 9 for evacuation
[2026-03-25T20:37:32.377+0900][0.459s][info][gc,phases   ] GC(7)   Pre Evacuate Collection Set: 0.06ms
[2026-03-25T20:37:32.377+0900][0.459s][info][gc,phases   ] GC(7)   Merge Heap Roots: 0.03ms
[2026-03-25T20:37:32.377+0900][0.459s][info][gc,phases   ] GC(7)   Evacuate Collection Set: 0.77ms
[2026-03-25T20:37:32.377+0900][0.459s][info][gc,phases   ] GC(7)   Post Evacuate Collection Set: 0.15ms
[2026-03-25T20:37:32.377+0900][0.459s][info][gc,phases   ] GC(7)   Other: 0.04ms
[2026-03-25T20:37:32.377+0900][0.459s][info][gc,heap     ] GC(7) Eden regions: 141->0(141)
[2026-03-25T20:37:32.377+0900][0.459s][info][gc,heap     ] GC(7) Survivor regions: 12->12(20)
[2026-03-25T20:37:32.377+0900][0.459s][info][gc,heap     ] GC(7) Old regions: 2->2
[2026-03-25T20:37:32.377+0900][0.459s][info][gc,heap     ] GC(7) Humongous regions: 0->0
[2026-03-25T20:37:32.377+0900][0.459s][info][gc,metaspace] GC(7) Metaspace: 5884K(6080K)->5884K(6080K) NonClass: 5252K(5376K)->5252K(5376K) Class: 632K(704K)->632K(704K)
[2026-03-25T20:37:32.377+0900][0.459s][info][gc          ] GC(7) Pause Young (Normal) (G1 Evacuation Pause) 153M->12M(258M) 1.163ms
[2026-03-25T20:37:32.377+0900][0.459s][info][gc,cpu      ] GC(7) User=0.00s Sys=0.00s Real=0.00s
[2026-03-25T20:37:32.434+0900][0.515s][info][gc,start    ] GC(8) Pause Young (Normal) (G1 Evacuation Pause)
[2026-03-25T20:37:32.434+0900][0.515s][info][gc,task     ] GC(8) Using 6 workers of 9 for evacuation
[2026-03-25T20:37:32.435+0900][0.516s][info][gc,phases   ] GC(8)   Pre Evacuate Collection Set: 0.05ms
[2026-03-25T20:37:32.435+0900][0.516s][info][gc,phases   ] GC(8)   Merge Heap Roots: 0.04ms
[2026-03-25T20:37:32.435+0900][0.516s][info][gc,phases   ] GC(8)   Evacuate Collection Set: 0.71ms
[2026-03-25T20:37:32.435+0900][0.516s][info][gc,phases   ] GC(8)   Post Evacuate Collection Set: 0.15ms
[2026-03-25T20:37:32.435+0900][0.516s][info][gc,phases   ] GC(8)   Other: 0.03ms
[2026-03-25T20:37:32.435+0900][0.516s][info][gc,heap     ] GC(8) Eden regions: 141->0(141)
[2026-03-25T20:37:32.435+0900][0.516s][info][gc,heap     ] GC(8) Survivor regions: 12->12(20)
[2026-03-25T20:37:32.435+0900][0.516s][info][gc,heap     ] GC(8) Old regions: 2->2
[2026-03-25T20:37:32.435+0900][0.516s][info][gc,heap     ] GC(8) Humongous regions: 0->0
[2026-03-25T20:37:32.435+0900][0.516s][info][gc,metaspace] GC(8) Metaspace: 5884K(6080K)->5884K(6080K) NonClass: 5252K(5376K)->5252K(5376K) Class: 632K(704K)->632K(704K)
[2026-03-25T20:37:32.435+0900][0.516s][info][gc          ] GC(8) Pause Young (Normal) (G1 Evacuation Pause) 153M->12M(258M) 1.056ms
[2026-03-25T20:37:32.435+0900][0.516s][info][gc,cpu      ] GC(8) User=0.01s Sys=0.00s Real=0.00s
[2026-03-25T20:37:32.492+0900][0.573s][info][gc,start    ] GC(9) Pause Young (Normal) (G1 Evacuation Pause)
[2026-03-25T20:37:32.492+0900][0.573s][info][gc,task     ] GC(9) Using 6 workers of 9 for evacuation
[2026-03-25T20:37:32.493+0900][0.574s][info][gc,phases   ] GC(9)   Pre Evacuate Collection Set: 0.05ms
[2026-03-25T20:37:32.493+0900][0.574s][info][gc,phases   ] GC(9)   Merge Heap Roots: 0.03ms
[2026-03-25T20:37:32.493+0900][0.574s][info][gc,phases   ] GC(9)   Evacuate Collection Set: 0.72ms
[2026-03-25T20:37:32.493+0900][0.574s][info][gc,phases   ] GC(9)   Post Evacuate Collection Set: 0.15ms
[2026-03-25T20:37:32.493+0900][0.574s][info][gc,phases   ] GC(9)   Other: 0.04ms
[2026-03-25T20:37:32.493+0900][0.574s][info][gc,heap     ] GC(9) Eden regions: 141->0(141)
[2026-03-25T20:37:32.493+0900][0.574s][info][gc,heap     ] GC(9) Survivor regions: 12->12(20)
[2026-03-25T20:37:32.493+0900][0.574s][info][gc,heap     ] GC(9) Old regions: 2->2
[2026-03-25T20:37:32.493+0900][0.574s][info][gc,heap     ] GC(9) Humongous regions: 0->0
[2026-03-25T20:37:32.493+0900][0.574s][info][gc,metaspace] GC(9) Metaspace: 5884K(6080K)->5884K(6080K) NonClass: 5252K(5376K)->5252K(5376K) Class: 632K(704K)->632K(704K)
[2026-03-25T20:37:32.493+0900][0.574s][info][gc          ] GC(9) Pause Young (Normal) (G1 Evacuation Pause) 153M->12M(258M) 1.139ms
[2026-03-25T20:37:32.493+0900][0.574s][info][gc,cpu      ] GC(9) User=0.00s Sys=0.00s Real=0.00s
[2026-03-25T20:37:32.550+0900][0.631s][info][gc,start    ] GC(10) Pause Young (Normal) (G1 Evacuation Pause)
[2026-03-25T20:37:32.550+0900][0.632s][info][gc,task     ] GC(10) Using 6 workers of 9 for evacuation
[2026-03-25T20:37:32.552+0900][0.634s][info][gc,phases   ] GC(10)   Pre Evacuate Collection Set: 0.07ms
[2026-03-25T20:37:32.552+0900][0.634s][info][gc,phases   ] GC(10)   Merge Heap Roots: 0.04ms
[2026-03-25T20:37:32.552+0900][0.634s][info][gc,phases   ] GC(10)   Evacuate Collection Set: 1.97ms
[2026-03-25T20:37:32.552+0900][0.634s][info][gc,phases   ] GC(10)   Post Evacuate Collection Set: 0.26ms
[2026-03-25T20:37:32.553+0900][0.634s][info][gc,phases   ] GC(10)   Other: 0.08ms
[2026-03-25T20:37:32.553+0900][0.634s][info][gc,heap     ] GC(10) Eden regions: 141->0(141)
[2026-03-25T20:37:32.553+0900][0.634s][info][gc,heap     ] GC(10) Survivor regions: 12->12(20)
[2026-03-25T20:37:32.553+0900][0.634s][info][gc,heap     ] GC(10) Old regions: 2->2
[2026-03-25T20:37:32.553+0900][0.634s][info][gc,heap     ] GC(10) Humongous regions: 0->0
[2026-03-25T20:37:32.553+0900][0.634s][info][gc,metaspace] GC(10) Metaspace: 5884K(6080K)->5884K(6080K) NonClass: 5252K(5376K)->5252K(5376K) Class: 632K(704K)->632K(704K)
[2026-03-25T20:37:32.553+0900][0.634s][info][gc          ] GC(10) Pause Young (Normal) (G1 Evacuation Pause) 153M->12M(258M) 2.709ms
[2026-03-25T20:37:32.553+0900][0.634s][info][gc,cpu      ] GC(10) User=0.01s Sys=0.00s Real=0.00s
[2026-03-25T20:37:32.608+0900][0.690s][info][gc,start    ] GC(11) Pause Young (Normal) (G1 Evacuation Pause)
[2026-03-25T20:37:32.608+0900][0.690s][info][gc,task     ] GC(11) Using 6 workers of 9 for evacuation
[2026-03-25T20:37:32.612+0900][0.694s][info][gc,phases   ] GC(11)   Pre Evacuate Collection Set: 0.11ms
[2026-03-25T20:37:32.612+0900][0.694s][info][gc,phases   ] GC(11)   Merge Heap Roots: 0.09ms
[2026-03-25T20:37:32.612+0900][0.694s][info][gc,phases   ] GC(11)   Evacuate Collection Set: 3.27ms
[2026-03-25T20:37:32.612+0900][0.694s][info][gc,phases   ] GC(11)   Post Evacuate Collection Set: 0.27ms
[2026-03-25T20:37:32.612+0900][0.694s][info][gc,phases   ] GC(11)   Other: 0.11ms
[2026-03-25T20:37:32.612+0900][0.694s][info][gc,heap     ] GC(11) Eden regions: 141->0(141)
[2026-03-25T20:37:32.612+0900][0.694s][info][gc,heap     ] GC(11) Survivor regions: 12->12(20)
[2026-03-25T20:37:32.612+0900][0.694s][info][gc,heap     ] GC(11) Old regions: 2->2
[2026-03-25T20:37:32.612+0900][0.694s][info][gc,heap     ] GC(11) Humongous regions: 0->0
[2026-03-25T20:37:32.612+0900][0.694s][info][gc,metaspace] GC(11) Metaspace: 5884K(6080K)->5884K(6080K) NonClass: 5252K(5376K)->5252K(5376K) Class: 632K(704K)->632K(704K)
[2026-03-25T20:37:32.612+0900][0.694s][info][gc          ] GC(11) Pause Young (Normal) (G1 Evacuation Pause) 153M->12M(258M) 4.195ms
[2026-03-25T20:37:32.612+0900][0.694s][info][gc,cpu      ] GC(11) User=0.02s Sys=0.00s Real=0.01s
[2026-03-25T20:37:32.671+0900][0.752s][info][gc,start    ] GC(12) Pause Young (Normal) (G1 Evacuation Pause)
[2026-03-25T20:37:32.671+0900][0.752s][info][gc,task     ] GC(12) Using 6 workers of 9 for evacuation
[2026-03-25T20:37:32.674+0900][0.756s][info][gc,phases   ] GC(12)   Pre Evacuate Collection Set: 0.10ms
[2026-03-25T20:37:32.674+0900][0.756s][info][gc,phases   ] GC(12)   Merge Heap Roots: 0.07ms
[2026-03-25T20:37:32.674+0900][0.756s][info][gc,phases   ] GC(12)   Evacuate Collection Set: 2.70ms
[2026-03-25T20:37:32.674+0900][0.756s][info][gc,phases   ] GC(12)   Post Evacuate Collection Set: 0.35ms
[2026-03-25T20:37:32.674+0900][0.756s][info][gc,phases   ] GC(12)   Other: 0.12ms
[2026-03-25T20:37:32.674+0900][0.756s][info][gc,heap     ] GC(12) Eden regions: 141->0(141)
[2026-03-25T20:37:32.674+0900][0.756s][info][gc,heap     ] GC(12) Survivor regions: 12->12(20)
[2026-03-25T20:37:32.674+0900][0.756s][info][gc,heap     ] GC(12) Old regions: 2->2
[2026-03-25T20:37:32.674+0900][0.756s][info][gc,heap     ] GC(12) Humongous regions: 0->0
[2026-03-25T20:37:32.674+0900][0.756s][info][gc,metaspace] GC(12) Metaspace: 5884K(6080K)->5884K(6080K) NonClass: 5252K(5376K)->5252K(5376K) Class: 632K(704K)->632K(704K)
[2026-03-25T20:37:32.675+0900][0.756s][info][gc          ] GC(12) Pause Young (Normal) (G1 Evacuation Pause) 153M->12M(258M) 3.739ms
[2026-03-25T20:37:32.675+0900][0.756s][info][gc,cpu      ] GC(12) User=0.01s Sys=0.00s Real=0.00s
[2026-03-25T20:37:32.733+0900][0.814s][info][gc,start    ] GC(13) Pause Young (Normal) (G1 Evacuation Pause)
[2026-03-25T20:37:32.733+0900][0.814s][info][gc,task     ] GC(13) Using 6 workers of 9 for evacuation
[2026-03-25T20:37:32.736+0900][0.817s][info][gc,phases   ] GC(13)   Pre Evacuate Collection Set: 0.07ms
[2026-03-25T20:37:32.736+0900][0.817s][info][gc,phases   ] GC(13)   Merge Heap Roots: 0.04ms
[2026-03-25T20:37:32.736+0900][0.817s][info][gc,phases   ] GC(13)   Evacuate Collection Set: 2.25ms
[2026-03-25T20:37:32.736+0900][0.817s][info][gc,phases   ] GC(13)   Post Evacuate Collection Set: 0.27ms
[2026-03-25T20:37:32.736+0900][0.817s][info][gc,phases   ] GC(13)   Other: 0.08ms
[2026-03-25T20:37:32.736+0900][0.817s][info][gc,heap     ] GC(13) Eden regions: 141->0(141)
[2026-03-25T20:37:32.736+0900][0.817s][info][gc,heap     ] GC(13) Survivor regions: 12->12(20)
[2026-03-25T20:37:32.736+0900][0.817s][info][gc,heap     ] GC(13) Old regions: 2->2
[2026-03-25T20:37:32.736+0900][0.817s][info][gc,heap     ] GC(13) Humongous regions: 0->0
[2026-03-25T20:37:32.736+0900][0.817s][info][gc,metaspace] GC(13) Metaspace: 5884K(6080K)->5884K(6080K) NonClass: 5252K(5376K)->5252K(5376K) Class: 632K(704K)->632K(704K)
[2026-03-25T20:37:32.736+0900][0.817s][info][gc          ] GC(13) Pause Young (Normal) (G1 Evacuation Pause) 153M->12M(258M) 3.016ms
[2026-03-25T20:37:32.736+0900][0.817s][info][gc,cpu      ] GC(13) User=0.01s Sys=0.01s Real=0.00s
[2026-03-25T20:37:32.792+0900][0.873s][info][gc,start    ] GC(14) Pause Young (Normal) (G1 Evacuation Pause)
[2026-03-25T20:37:32.792+0900][0.873s][info][gc,task     ] GC(14) Using 6 workers of 9 for evacuation
[2026-03-25T20:37:32.794+0900][0.875s][info][gc,phases   ] GC(14)   Pre Evacuate Collection Set: 0.10ms
[2026-03-25T20:37:32.794+0900][0.875s][info][gc,phases   ] GC(14)   Merge Heap Roots: 0.06ms
[2026-03-25T20:37:32.794+0900][0.875s][info][gc,phases   ] GC(14)   Evacuate Collection Set: 1.53ms
[2026-03-25T20:37:32.794+0900][0.875s][info][gc,phases   ] GC(14)   Post Evacuate Collection Set: 0.24ms
[2026-03-25T20:37:32.794+0900][0.876s][info][gc,phases   ] GC(14)   Other: 0.07ms
[2026-03-25T20:37:32.794+0900][0.876s][info][gc,heap     ] GC(14) Eden regions: 141->0(141)
[2026-03-25T20:37:32.794+0900][0.876s][info][gc,heap     ] GC(14) Survivor regions: 12->12(20)
[2026-03-25T20:37:32.794+0900][0.876s][info][gc,heap     ] GC(14) Old regions: 2->2
[2026-03-25T20:37:32.794+0900][0.876s][info][gc,heap     ] GC(14) Humongous regions: 0->0
[2026-03-25T20:37:32.794+0900][0.876s][info][gc,metaspace] GC(14) Metaspace: 5884K(6080K)->5884K(6080K) NonClass: 5252K(5376K)->5252K(5376K) Class: 632K(704K)->632K(704K)
[2026-03-25T20:37:32.794+0900][0.876s][info][gc          ] GC(14) Pause Young (Normal) (G1 Evacuation Pause) 153M->12M(258M) 2.276ms
[2026-03-25T20:37:32.794+0900][0.876s][info][gc,cpu      ] GC(14) User=0.01s Sys=0.00s Real=0.00s
[2026-03-25T20:37:32.850+0900][0.931s][info][gc,start    ] GC(15) Pause Young (Normal) (G1 Evacuation Pause)
[2026-03-25T20:37:32.850+0900][0.931s][info][gc,task     ] GC(15) Using 6 workers of 9 for evacuation
[2026-03-25T20:37:32.852+0900][0.933s][info][gc,phases   ] GC(15)   Pre Evacuate Collection Set: 0.08ms
[2026-03-25T20:37:32.852+0900][0.933s][info][gc,phases   ] GC(15)   Merge Heap Roots: 0.04ms
[2026-03-25T20:37:32.852+0900][0.933s][info][gc,phases   ] GC(15)   Evacuate Collection Set: 1.61ms
[2026-03-25T20:37:32.852+0900][0.933s][info][gc,phases   ] GC(15)   Post Evacuate Collection Set: 0.21ms
[2026-03-25T20:37:32.852+0900][0.933s][info][gc,phases   ] GC(15)   Other: 0.05ms
[2026-03-25T20:37:32.852+0900][0.933s][info][gc,heap     ] GC(15) Eden regions: 141->0(141)
[2026-03-25T20:37:32.852+0900][0.933s][info][gc,heap     ] GC(15) Survivor regions: 12->12(20)
[2026-03-25T20:37:32.852+0900][0.933s][info][gc,heap     ] GC(15) Old regions: 2->3
[2026-03-25T20:37:32.852+0900][0.933s][info][gc,heap     ] GC(15) Humongous regions: 0->0
[2026-03-25T20:37:32.852+0900][0.933s][info][gc,metaspace] GC(15) Metaspace: 5884K(6080K)->5884K(6080K) NonClass: 5252K(5376K)->5252K(5376K) Class: 632K(704K)->632K(704K)
[2026-03-25T20:37:32.852+0900][0.933s][info][gc          ] GC(15) Pause Young (Normal) (G1 Evacuation Pause) 153M->12M(258M) 2.248ms
[2026-03-25T20:37:32.852+0900][0.933s][info][gc,cpu      ] GC(15) User=0.00s Sys=0.00s Real=0.00s
[2026-03-25T20:37:32.909+0900][0.991s][info][gc,start    ] GC(16) Pause Young (Normal) (G1 Evacuation Pause)
[2026-03-25T20:37:32.910+0900][0.991s][info][gc,task     ] GC(16) Using 6 workers of 9 for evacuation
[2026-03-25T20:37:32.911+0900][0.992s][info][gc,phases   ] GC(16)   Pre Evacuate Collection Set: 0.07ms
[2026-03-25T20:37:32.911+0900][0.992s][info][gc,phases   ] GC(16)   Merge Heap Roots: 0.03ms
[2026-03-25T20:37:32.911+0900][0.992s][info][gc,phases   ] GC(16)   Evacuate Collection Set: 1.01ms
[2026-03-25T20:37:32.911+0900][0.992s][info][gc,phases   ] GC(16)   Post Evacuate Collection Set: 0.18ms
[2026-03-25T20:37:32.911+0900][0.992s][info][gc,phases   ] GC(16)   Other: 0.05ms
[2026-03-25T20:37:32.911+0900][0.992s][info][gc,heap     ] GC(16) Eden regions: 141->0(141)
[2026-03-25T20:37:32.911+0900][0.992s][info][gc,heap     ] GC(16) Survivor regions: 12->12(20)
[2026-03-25T20:37:32.911+0900][0.992s][info][gc,heap     ] GC(16) Old regions: 3->3
[2026-03-25T20:37:32.911+0900][0.992s][info][gc,heap     ] GC(16) Humongous regions: 0->0
[2026-03-25T20:37:32.911+0900][0.992s][info][gc,metaspace] GC(16) Metaspace: 5884K(6080K)->5884K(6080K) NonClass: 5252K(5376K)->5252K(5376K) Class: 632K(704K)->632K(704K)
[2026-03-25T20:37:32.911+0900][0.992s][info][gc          ] GC(16) Pause Young (Normal) (G1 Evacuation Pause) 153M->12M(258M) 1.529ms
[2026-03-25T20:37:32.911+0900][0.993s][info][gc,cpu      ] GC(16) User=0.00s Sys=0.00s Real=0.01s
[2026-03-25T20:37:32.966+0900][1.048s][info][gc,start    ] GC(17) Pause Young (Normal) (G1 Evacuation Pause)
[2026-03-25T20:37:32.966+0900][1.048s][info][gc,task     ] GC(17) Using 6 workers of 9 for evacuation
[2026-03-25T20:37:32.968+0900][1.050s][info][gc,phases   ] GC(17)   Pre Evacuate Collection Set: 0.07ms
[2026-03-25T20:37:32.969+0900][1.050s][info][gc,phases   ] GC(17)   Merge Heap Roots: 0.03ms
[2026-03-25T20:37:32.969+0900][1.050s][info][gc,phases   ] GC(17)   Evacuate Collection Set: 1.45ms
[2026-03-25T20:37:32.969+0900][1.050s][info][gc,phases   ] GC(17)   Post Evacuate Collection Set: 0.30ms
[2026-03-25T20:37:32.969+0900][1.050s][info][gc,phases   ] GC(17)   Other: 0.10ms
[2026-03-25T20:37:32.969+0900][1.050s][info][gc,heap     ] GC(17) Eden regions: 141->0(142)
[2026-03-25T20:37:32.969+0900][1.050s][info][gc,heap     ] GC(17) Survivor regions: 12->11(20)
[2026-03-25T20:37:32.969+0900][1.050s][info][gc,heap     ] GC(17) Old regions: 3->3
[2026-03-25T20:37:32.969+0900][1.050s][info][gc,heap     ] GC(17) Humongous regions: 0->0
[2026-03-25T20:37:32.969+0900][1.050s][info][gc,metaspace] GC(17) Metaspace: 5884K(6080K)->5884K(6080K) NonClass: 5252K(5376K)->5252K(5376K) Class: 632K(704K)->632K(704K)
[2026-03-25T20:37:32.969+0900][1.050s][info][gc          ] GC(17) Pause Young (Normal) (G1 Evacuation Pause) 153M->12M(258M) 2.247ms
[2026-03-25T20:37:32.969+0900][1.050s][info][gc,cpu      ] GC(17) User=0.01s Sys=0.00s Real=0.00s
[2026-03-25T20:37:33.026+0900][1.107s][info][gc,start    ] GC(18) Pause Young (Normal) (G1 Evacuation Pause)
[2026-03-25T20:37:33.026+0900][1.107s][info][gc,task     ] GC(18) Using 6 workers of 9 for evacuation
[2026-03-25T20:37:33.028+0900][1.109s][info][gc,phases   ] GC(18)   Pre Evacuate Collection Set: 0.11ms
[2026-03-25T20:37:33.028+0900][1.109s][info][gc,phases   ] GC(18)   Merge Heap Roots: 0.04ms
[2026-03-25T20:37:33.028+0900][1.109s][info][gc,phases   ] GC(18)   Evacuate Collection Set: 1.26ms
[2026-03-25T20:37:33.028+0900][1.109s][info][gc,phases   ] GC(18)   Post Evacuate Collection Set: 0.21ms
[2026-03-25T20:37:33.028+0900][1.109s][info][gc,phases   ] GC(18)   Other: 0.06ms
[2026-03-25T20:37:33.028+0900][1.109s][info][gc,heap     ] GC(18) Eden regions: 142->0(142)
[2026-03-25T20:37:33.028+0900][1.109s][info][gc,heap     ] GC(18) Survivor regions: 11->11(20)
[2026-03-25T20:37:33.028+0900][1.109s][info][gc,heap     ] GC(18) Old regions: 3->4
[2026-03-25T20:37:33.028+0900][1.109s][info][gc,heap     ] GC(18) Humongous regions: 0->0
[2026-03-25T20:37:33.028+0900][1.109s][info][gc,metaspace] GC(18) Metaspace: 5884K(6080K)->5884K(6080K) NonClass: 5252K(5376K)->5252K(5376K) Class: 632K(704K)->632K(704K)
[2026-03-25T20:37:33.028+0900][1.109s][info][gc          ] GC(18) Pause Young (Normal) (G1 Evacuation Pause) 154M->12M(258M) 1.914ms
[2026-03-25T20:37:33.028+0900][1.109s][info][gc,cpu      ] GC(18) User=0.01s Sys=0.00s Real=0.00s
[2026-03-25T20:37:33.086+0900][1.168s][info][gc,start    ] GC(19) Pause Young (Normal) (G1 Evacuation Pause)
[2026-03-25T20:37:33.086+0900][1.168s][info][gc,task     ] GC(19) Using 6 workers of 9 for evacuation
[2026-03-25T20:37:33.088+0900][1.169s][info][gc,phases   ] GC(19)   Pre Evacuate Collection Set: 0.05ms
[2026-03-25T20:37:33.088+0900][1.169s][info][gc,phases   ] GC(19)   Merge Heap Roots: 0.03ms
[2026-03-25T20:37:33.088+0900][1.169s][info][gc,phases   ] GC(19)   Evacuate Collection Set: 1.05ms
[2026-03-25T20:37:33.088+0900][1.169s][info][gc,phases   ] GC(19)   Post Evacuate Collection Set: 0.16ms
[2026-03-25T20:37:33.088+0900][1.169s][info][gc,phases   ] GC(19)   Other: 0.13ms
[2026-03-25T20:37:33.088+0900][1.169s][info][gc,heap     ] GC(19) Eden regions: 142->0(143)
[2026-03-25T20:37:33.088+0900][1.169s][info][gc,heap     ] GC(19) Survivor regions: 11->10(20)
[2026-03-25T20:37:33.088+0900][1.169s][info][gc,heap     ] GC(19) Old regions: 4->5
[2026-03-25T20:37:33.088+0900][1.169s][info][gc,heap     ] GC(19) Humongous regions: 0->0
[2026-03-25T20:37:33.088+0900][1.169s][info][gc,metaspace] GC(19) Metaspace: 5885K(6080K)->5885K(6080K) NonClass: 5253K(5376K)->5253K(5376K) Class: 632K(704K)->632K(704K)
[2026-03-25T20:37:33.088+0900][1.170s][info][gc          ] GC(19) Pause Young (Normal) (G1 Evacuation Pause) 154M->12M(258M) 1.617ms
[2026-03-25T20:37:33.088+0900][1.170s][info][gc,cpu      ] GC(19) User=0.01s Sys=0.00s Real=0.00s
[2026-03-25T20:37:33.142+0900][1.224s][info][gc,start    ] GC(20) Pause Young (Normal) (G1 Evacuation Pause)
[2026-03-25T20:37:33.143+0900][1.224s][info][gc,task     ] GC(20) Using 6 workers of 9 for evacuation
[2026-03-25T20:37:33.144+0900][1.225s][info][gc,phases   ] GC(20)   Pre Evacuate Collection Set: 0.07ms
[2026-03-25T20:37:33.144+0900][1.225s][info][gc,phases   ] GC(20)   Merge Heap Roots: 0.04ms
[2026-03-25T20:37:33.144+0900][1.225s][info][gc,phases   ] GC(20)   Evacuate Collection Set: 0.82ms
[2026-03-25T20:37:33.144+0900][1.225s][info][gc,phases   ] GC(20)   Post Evacuate Collection Set: 0.14ms
[2026-03-25T20:37:33.144+0900][1.225s][info][gc,phases   ] GC(20)   Other: 0.06ms
[2026-03-25T20:37:33.144+0900][1.225s][info][gc,heap     ] GC(20) Eden regions: 143->0(143)
[2026-03-25T20:37:33.144+0900][1.225s][info][gc,heap     ] GC(20) Survivor regions: 10->10(20)
[2026-03-25T20:37:33.144+0900][1.225s][info][gc,heap     ] GC(20) Old regions: 5->5
[2026-03-25T20:37:33.144+0900][1.225s][info][gc,heap     ] GC(20) Humongous regions: 0->0
[2026-03-25T20:37:33.144+0900][1.225s][info][gc,metaspace] GC(20) Metaspace: 5885K(6080K)->5885K(6080K) NonClass: 5253K(5376K)->5253K(5376K) Class: 632K(704K)->632K(704K)
[2026-03-25T20:37:33.144+0900][1.225s][info][gc          ] GC(20) Pause Young (Normal) (G1 Evacuation Pause) 155M->13M(258M) 1.317ms
[2026-03-25T20:37:33.144+0900][1.225s][info][gc,cpu      ] GC(20) User=0.01s Sys=0.00s Real=0.00s
[2026-03-25T20:37:33.200+0900][1.281s][info][gc,start    ] GC(21) Pause Young (Normal) (G1 Evacuation Pause)
[2026-03-25T20:37:33.200+0900][1.282s][info][gc,task     ] GC(21) Using 6 workers of 9 for evacuation
[2026-03-25T20:37:33.202+0900][1.284s][info][gc,phases   ] GC(21)   Pre Evacuate Collection Set: 0.11ms
[2026-03-25T20:37:33.202+0900][1.284s][info][gc,phases   ] GC(21)   Merge Heap Roots: 0.07ms
[2026-03-25T20:37:33.202+0900][1.284s][info][gc,phases   ] GC(21)   Evacuate Collection Set: 1.69ms
[2026-03-25T20:37:33.202+0900][1.284s][info][gc,phases   ] GC(21)   Post Evacuate Collection Set: 0.16ms
[2026-03-25T20:37:33.202+0900][1.284s][info][gc,phases   ] GC(21)   Other: 0.09ms
[2026-03-25T20:37:33.202+0900][1.284s][info][gc,heap     ] GC(21) Eden regions: 143->0(143)
[2026-03-25T20:37:33.202+0900][1.284s][info][gc,heap     ] GC(21) Survivor regions: 10->10(20)
[2026-03-25T20:37:33.202+0900][1.284s][info][gc,heap     ] GC(21) Old regions: 5->5
[2026-03-25T20:37:33.202+0900][1.284s][info][gc,heap     ] GC(21) Humongous regions: 0->0
[2026-03-25T20:37:33.202+0900][1.284s][info][gc,metaspace] GC(21) Metaspace: 5885K(6080K)->5885K(6080K) NonClass: 5253K(5376K)->5253K(5376K) Class: 632K(704K)->632K(704K)
[2026-03-25T20:37:33.202+0900][1.284s][info][gc          ] GC(21) Pause Young (Normal) (G1 Evacuation Pause) 155M->13M(258M) 2.382ms
[2026-03-25T20:37:33.202+0900][1.284s][info][gc,cpu      ] GC(21) User=0.01s Sys=0.00s Real=0.00s
[2026-03-25T20:37:33.258+0900][1.340s][info][gc,start    ] GC(22) Pause Young (Normal) (G1 Evacuation Pause)
[2026-03-25T20:37:33.258+0900][1.340s][info][gc,task     ] GC(22) Using 6 workers of 9 for evacuation
[2026-03-25T20:37:33.259+0900][1.340s][info][gc,phases   ] GC(22)   Pre Evacuate Collection Set: 0.06ms
[2026-03-25T20:37:33.259+0900][1.340s][info][gc,phases   ] GC(22)   Merge Heap Roots: 0.04ms
[2026-03-25T20:37:33.259+0900][1.340s][info][gc,phases   ] GC(22)   Evacuate Collection Set: 0.44ms
[2026-03-25T20:37:33.259+0900][1.340s][info][gc,phases   ] GC(22)   Post Evacuate Collection Set: 0.13ms
[2026-03-25T20:37:33.259+0900][1.340s][info][gc,phases   ] GC(22)   Other: 0.05ms
[2026-03-25T20:37:33.259+0900][1.340s][info][gc,heap     ] GC(22) Eden regions: 143->0(143)
[2026-03-25T20:37:33.259+0900][1.340s][info][gc,heap     ] GC(22) Survivor regions: 10->10(20)
[2026-03-25T20:37:33.259+0900][1.340s][info][gc,heap     ] GC(22) Old regions: 5->5
[2026-03-25T20:37:33.259+0900][1.340s][info][gc,heap     ] GC(22) Humongous regions: 0->0
[2026-03-25T20:37:33.259+0900][1.340s][info][gc,metaspace] GC(22) Metaspace: 5888K(6080K)->5888K(6080K) NonClass: 5256K(5376K)->5256K(5376K) Class: 632K(704K)->632K(704K)
[2026-03-25T20:37:33.259+0900][1.340s][info][gc          ] GC(22) Pause Young (Normal) (G1 Evacuation Pause) 155M->13M(258M) 0.898ms
[2026-03-25T20:37:33.259+0900][1.340s][info][gc,cpu      ] GC(22) User=0.00s Sys=0.00s Real=0.00s
[2026-03-25T20:37:33.317+0900][1.399s][info][gc,start    ] GC(23) Pause Young (Normal) (G1 Evacuation Pause)
[2026-03-25T20:37:33.317+0900][1.399s][info][gc,task     ] GC(23) Using 6 workers of 9 for evacuation
[2026-03-25T20:37:33.319+0900][1.401s][info][gc,phases   ] GC(23)   Pre Evacuate Collection Set: 0.12ms
[2026-03-25T20:37:33.319+0900][1.401s][info][gc,phases   ] GC(23)   Merge Heap Roots: 0.09ms
[2026-03-25T20:37:33.319+0900][1.401s][info][gc,phases   ] GC(23)   Evacuate Collection Set: 1.32ms
[2026-03-25T20:37:33.319+0900][1.401s][info][gc,phases   ] GC(23)   Post Evacuate Collection Set: 0.20ms
[2026-03-25T20:37:33.319+0900][1.401s][info][gc,phases   ] GC(23)   Other: 0.11ms
[2026-03-25T20:37:33.319+0900][1.401s][info][gc,heap     ] GC(23) Eden regions: 143->0(143)
[2026-03-25T20:37:33.319+0900][1.401s][info][gc,heap     ] GC(23) Survivor regions: 10->10(20)
[2026-03-25T20:37:33.319+0900][1.401s][info][gc,heap     ] GC(23) Old regions: 5->5
[2026-03-25T20:37:33.319+0900][1.401s][info][gc,heap     ] GC(23) Humongous regions: 0->0
[2026-03-25T20:37:33.319+0900][1.401s][info][gc,metaspace] GC(23) Metaspace: 5888K(6080K)->5888K(6080K) NonClass: 5256K(5376K)->5256K(5376K) Class: 632K(704K)->632K(704K)
[2026-03-25T20:37:33.319+0900][1.401s][info][gc          ] GC(23) Pause Young (Normal) (G1 Evacuation Pause) 155M->13M(258M) 2.149ms
[2026-03-25T20:37:33.319+0900][1.401s][info][gc,cpu      ] GC(23) User=0.00s Sys=0.00s Real=0.00s
[2026-03-25T20:37:33.377+0900][1.458s][info][gc,start    ] GC(24) Pause Young (Normal) (G1 Evacuation Pause)
[2026-03-25T20:37:33.377+0900][1.459s][info][gc,task     ] GC(24) Using 6 workers of 9 for evacuation
[2026-03-25T20:37:33.379+0900][1.461s][info][gc,phases   ] GC(24)   Pre Evacuate Collection Set: 0.09ms
[2026-03-25T20:37:33.379+0900][1.461s][info][gc,phases   ] GC(24)   Merge Heap Roots: 0.03ms
[2026-03-25T20:37:33.379+0900][1.461s][info][gc,phases   ] GC(24)   Evacuate Collection Set: 1.61ms
[2026-03-25T20:37:33.379+0900][1.461s][info][gc,phases   ] GC(24)   Post Evacuate Collection Set: 0.15ms
[2026-03-25T20:37:33.379+0900][1.461s][info][gc,phases   ] GC(24)   Other: 0.10ms
[2026-03-25T20:37:33.379+0900][1.461s][info][gc,heap     ] GC(24) Eden regions: 143->0(143)
[2026-03-25T20:37:33.379+0900][1.461s][info][gc,heap     ] GC(24) Survivor regions: 10->10(20)
[2026-03-25T20:37:33.379+0900][1.461s][info][gc,heap     ] GC(24) Old regions: 5->5
[2026-03-25T20:37:33.379+0900][1.461s][info][gc,heap     ] GC(24) Humongous regions: 0->0
[2026-03-25T20:37:33.379+0900][1.461s][info][gc,metaspace] GC(24) Metaspace: 5888K(6080K)->5888K(6080K) NonClass: 5256K(5376K)->5256K(5376K) Class: 632K(704K)->632K(704K)
[2026-03-25T20:37:33.379+0900][1.461s][info][gc          ] GC(24) Pause Young (Normal) (G1 Evacuation Pause) 155M->13M(258M) 2.409ms
[2026-03-25T20:37:33.379+0900][1.461s][info][gc,cpu      ] GC(24) User=0.00s Sys=0.01s Real=0.00s
[2026-03-25T20:37:33.435+0900][1.517s][info][gc,start    ] GC(25) Pause Young (Normal) (G1 Evacuation Pause)
[2026-03-25T20:37:33.435+0900][1.517s][info][gc,task     ] GC(25) Using 6 workers of 9 for evacuation
[2026-03-25T20:37:33.437+0900][1.518s][info][gc,phases   ] GC(25)   Pre Evacuate Collection Set: 0.07ms
[2026-03-25T20:37:33.437+0900][1.518s][info][gc,phases   ] GC(25)   Merge Heap Roots: 0.04ms
[2026-03-25T20:37:33.437+0900][1.518s][info][gc,phases   ] GC(25)   Evacuate Collection Set: 1.18ms
[2026-03-25T20:37:33.437+0900][1.518s][info][gc,phases   ] GC(25)   Post Evacuate Collection Set: 0.17ms
[2026-03-25T20:37:33.437+0900][1.518s][info][gc,phases   ] GC(25)   Other: 0.10ms
[2026-03-25T20:37:33.437+0900][1.518s][info][gc,heap     ] GC(25) Eden regions: 143->0(143)
[2026-03-25T20:37:33.437+0900][1.518s][info][gc,heap     ] GC(25) Survivor regions: 10->10(20)
[2026-03-25T20:37:33.437+0900][1.518s][info][gc,heap     ] GC(25) Old regions: 5->5
[2026-03-25T20:37:33.437+0900][1.518s][info][gc,heap     ] GC(25) Humongous regions: 0->0
[2026-03-25T20:37:33.437+0900][1.519s][info][gc,metaspace] GC(25) Metaspace: 5888K(6080K)->5888K(6080K) NonClass: 5256K(5376K)->5256K(5376K) Class: 632K(704K)->632K(704K)
[2026-03-25T20:37:33.437+0900][1.519s][info][gc          ] GC(25) Pause Young (Normal) (G1 Evacuation Pause) 155M->13M(258M) 1.829ms
[2026-03-25T20:37:33.437+0900][1.519s][info][gc,cpu      ] GC(25) User=0.00s Sys=0.00s Real=0.00s
[2026-03-25T20:37:33.493+0900][1.574s][info][gc,start    ] GC(26) Pause Young (Normal) (G1 Evacuation Pause)
[2026-03-25T20:37:33.493+0900][1.574s][info][gc,task     ] GC(26) Using 6 workers of 9 for evacuation
[2026-03-25T20:37:33.494+0900][1.576s][info][gc,phases   ] GC(26)   Pre Evacuate Collection Set: 0.07ms
[2026-03-25T20:37:33.494+0900][1.576s][info][gc,phases   ] GC(26)   Merge Heap Roots: 0.04ms
[2026-03-25T20:37:33.494+0900][1.576s][info][gc,phases   ] GC(26)   Evacuate Collection Set: 1.11ms
[2026-03-25T20:37:33.494+0900][1.576s][info][gc,phases   ] GC(26)   Post Evacuate Collection Set: 0.16ms
[2026-03-25T20:37:33.494+0900][1.576s][info][gc,phases   ] GC(26)   Other: 0.08ms
[2026-03-25T20:37:33.494+0900][1.576s][info][gc,heap     ] GC(26) Eden regions: 143->0(143)
[2026-03-25T20:37:33.494+0900][1.576s][info][gc,heap     ] GC(26) Survivor regions: 10->10(20)
[2026-03-25T20:37:33.494+0900][1.576s][info][gc,heap     ] GC(26) Old regions: 5->5
[2026-03-25T20:37:33.494+0900][1.576s][info][gc,heap     ] GC(26) Humongous regions: 0->0
[2026-03-25T20:37:33.494+0900][1.576s][info][gc,metaspace] GC(26) Metaspace: 5888K(6080K)->5888K(6080K) NonClass: 5256K(5376K)->5256K(5376K) Class: 632K(704K)->632K(704K)
[2026-03-25T20:37:33.495+0900][1.576s][info][gc          ] GC(26) Pause Young (Normal) (G1 Evacuation Pause) 155M->13M(258M) 1.716ms
[2026-03-25T20:37:33.495+0900][1.576s][info][gc,cpu      ] GC(26) User=0.00s Sys=0.00s Real=0.00s
[2026-03-25T20:37:33.553+0900][1.634s][info][gc,start    ] GC(27) Pause Young (Normal) (G1 Evacuation Pause)
[2026-03-25T20:37:33.553+0900][1.634s][info][gc,task     ] GC(27) Using 6 workers of 9 for evacuation
[2026-03-25T20:37:33.554+0900][1.636s][info][gc,phases   ] GC(27)   Pre Evacuate Collection Set: 0.07ms
[2026-03-25T20:37:33.554+0900][1.636s][info][gc,phases   ] GC(27)   Merge Heap Roots: 0.04ms
[2026-03-25T20:37:33.554+0900][1.636s][info][gc,phases   ] GC(27)   Evacuate Collection Set: 0.97ms
[2026-03-25T20:37:33.554+0900][1.636s][info][gc,phases   ] GC(27)   Post Evacuate Collection Set: 0.16ms
[2026-03-25T20:37:33.554+0900][1.636s][info][gc,phases   ] GC(27)   Other: 0.09ms
[2026-03-25T20:37:33.554+0900][1.636s][info][gc,heap     ] GC(27) Eden regions: 143->0(143)
[2026-03-25T20:37:33.554+0900][1.636s][info][gc,heap     ] GC(27) Survivor regions: 10->10(20)
[2026-03-25T20:37:33.554+0900][1.636s][info][gc,heap     ] GC(27) Old regions: 5->5
[2026-03-25T20:37:33.554+0900][1.636s][info][gc,heap     ] GC(27) Humongous regions: 0->0
[2026-03-25T20:37:33.554+0900][1.636s][info][gc,metaspace] GC(27) Metaspace: 5888K(6080K)->5888K(6080K) NonClass: 5256K(5376K)->5256K(5376K) Class: 632K(704K)->632K(704K)
[2026-03-25T20:37:33.554+0900][1.636s][info][gc          ] GC(27) Pause Young (Normal) (G1 Evacuation Pause) 155M->13M(258M) 1.593ms
[2026-03-25T20:37:33.554+0900][1.636s][info][gc,cpu      ] GC(27) User=0.01s Sys=0.00s Real=0.00s
[2026-03-25T20:37:33.609+0900][1.691s][info][gc,start    ] GC(28) Pause Young (Normal) (G1 Evacuation Pause)
[2026-03-25T20:37:33.609+0900][1.691s][info][gc,task     ] GC(28) Using 6 workers of 9 for evacuation
[2026-03-25T20:37:33.611+0900][1.692s][info][gc,phases   ] GC(28)   Pre Evacuate Collection Set: 0.08ms
[2026-03-25T20:37:33.611+0900][1.692s][info][gc,phases   ] GC(28)   Merge Heap Roots: 0.04ms
[2026-03-25T20:37:33.611+0900][1.692s][info][gc,phases   ] GC(28)   Evacuate Collection Set: 1.03ms
[2026-03-25T20:37:33.611+0900][1.693s][info][gc,phases   ] GC(28)   Post Evacuate Collection Set: 0.18ms
[2026-03-25T20:37:33.611+0900][1.693s][info][gc,phases   ] GC(28)   Other: 0.10ms
[2026-03-25T20:37:33.611+0900][1.693s][info][gc,heap     ] GC(28) Eden regions: 143->0(143)
[2026-03-25T20:37:33.611+0900][1.693s][info][gc,heap     ] GC(28) Survivor regions: 10->10(20)
[2026-03-25T20:37:33.611+0900][1.693s][info][gc,heap     ] GC(28) Old regions: 5->5
[2026-03-25T20:37:33.611+0900][1.693s][info][gc,heap     ] GC(28) Humongous regions: 0->0
[2026-03-25T20:37:33.611+0900][1.693s][info][gc,metaspace] GC(28) Metaspace: 5888K(6080K)->5888K(6080K) NonClass: 5256K(5376K)->5256K(5376K) Class: 632K(704K)->632K(704K)
[2026-03-25T20:37:33.611+0900][1.693s][info][gc          ] GC(28) Pause Young (Normal) (G1 Evacuation Pause) 155M->13M(258M) 1.746ms
[2026-03-25T20:37:33.611+0900][1.693s][info][gc,cpu      ] GC(28) User=0.01s Sys=0.00s Real=0.01s
[2026-03-25T20:37:33.670+0900][1.751s][info][gc,start    ] GC(29) Pause Young (Normal) (G1 Evacuation Pause)
[2026-03-25T20:37:33.670+0900][1.751s][info][gc,task     ] GC(29) Using 6 workers of 9 for evacuation
[2026-03-25T20:37:33.671+0900][1.753s][info][gc,phases   ] GC(29)   Pre Evacuate Collection Set: 0.11ms
[2026-03-25T20:37:33.671+0900][1.753s][info][gc,phases   ] GC(29)   Merge Heap Roots: 0.07ms
[2026-03-25T20:37:33.671+0900][1.753s][info][gc,phases   ] GC(29)   Evacuate Collection Set: 1.04ms
[2026-03-25T20:37:33.672+0900][1.753s][info][gc,phases   ] GC(29)   Post Evacuate Collection Set: 0.19ms
[2026-03-25T20:37:33.672+0900][1.753s][info][gc,phases   ] GC(29)   Other: 0.10ms
[2026-03-25T20:37:33.672+0900][1.753s][info][gc,heap     ] GC(29) Eden regions: 143->0(143)
[2026-03-25T20:37:33.672+0900][1.753s][info][gc,heap     ] GC(29) Survivor regions: 10->10(20)
[2026-03-25T20:37:33.672+0900][1.753s][info][gc,heap     ] GC(29) Old regions: 5->5
[2026-03-25T20:37:33.672+0900][1.753s][info][gc,heap     ] GC(29) Humongous regions: 0->0
[2026-03-25T20:37:33.672+0900][1.753s][info][gc,metaspace] GC(29) Metaspace: 5888K(6080K)->5888K(6080K) NonClass: 5256K(5376K)->5256K(5376K) Class: 632K(704K)->632K(704K)
[2026-03-25T20:37:33.672+0900][1.753s][info][gc          ] GC(29) Pause Young (Normal) (G1 Evacuation Pause) 155M->13M(258M) 1.864ms
[2026-03-25T20:37:33.672+0900][1.753s][info][gc,cpu      ] GC(29) User=0.01s Sys=0.00s Real=0.00s
[2026-03-25T20:37:33.730+0900][1.812s][info][gc,start    ] GC(30) Pause Young (Normal) (G1 Evacuation Pause)
[2026-03-25T20:37:33.730+0900][1.812s][info][gc,task     ] GC(30) Using 6 workers of 9 for evacuation
[2026-03-25T20:37:33.731+0900][1.813s][info][gc,phases   ] GC(30)   Pre Evacuate Collection Set: 0.09ms
[2026-03-25T20:37:33.731+0900][1.813s][info][gc,phases   ] GC(30)   Merge Heap Roots: 0.05ms
[2026-03-25T20:37:33.731+0900][1.813s][info][gc,phases   ] GC(30)   Evacuate Collection Set: 0.57ms
[2026-03-25T20:37:33.731+0900][1.813s][info][gc,phases   ] GC(30)   Post Evacuate Collection Set: 0.18ms
[2026-03-25T20:37:33.731+0900][1.813s][info][gc,phases   ] GC(30)   Other: 0.07ms
[2026-03-25T20:37:33.731+0900][1.813s][info][gc,heap     ] GC(30) Eden regions: 143->0(143)
[2026-03-25T20:37:33.731+0900][1.813s][info][gc,heap     ] GC(30) Survivor regions: 10->10(20)
[2026-03-25T20:37:33.731+0900][1.813s][info][gc,heap     ] GC(30) Old regions: 5->5
[2026-03-25T20:37:33.731+0900][1.813s][info][gc,heap     ] GC(30) Humongous regions: 0->0
[2026-03-25T20:37:33.731+0900][1.813s][info][gc,metaspace] GC(30) Metaspace: 5888K(6080K)->5888K(6080K) NonClass: 5256K(5376K)->5256K(5376K) Class: 632K(704K)->632K(704K)
[2026-03-25T20:37:33.731+0900][1.813s][info][gc          ] GC(30) Pause Young (Normal) (G1 Evacuation Pause) 155M->13M(258M) 1.182ms
[2026-03-25T20:37:33.731+0900][1.813s][info][gc,cpu      ] GC(30) User=0.01s Sys=0.00s Real=0.00s
[2026-03-25T20:37:33.790+0900][1.871s][info][gc,start    ] GC(31) Pause Young (Normal) (G1 Evacuation Pause)
[2026-03-25T20:37:33.790+0900][1.871s][info][gc,task     ] GC(31) Using 6 workers of 9 for evacuation
[2026-03-25T20:37:33.791+0900][1.872s][info][gc,phases   ] GC(31)   Pre Evacuate Collection Set: 0.07ms
[2026-03-25T20:37:33.791+0900][1.872s][info][gc,phases   ] GC(31)   Merge Heap Roots: 0.05ms
[2026-03-25T20:37:33.791+0900][1.872s][info][gc,phases   ] GC(31)   Evacuate Collection Set: 0.88ms
[2026-03-25T20:37:33.791+0900][1.872s][info][gc,phases   ] GC(31)   Post Evacuate Collection Set: 0.19ms
[2026-03-25T20:37:33.791+0900][1.872s][info][gc,phases   ] GC(31)   Other: 0.08ms
[2026-03-25T20:37:33.791+0900][1.873s][info][gc,heap     ] GC(31) Eden regions: 143->0(143)
[2026-03-25T20:37:33.791+0900][1.873s][info][gc,heap     ] GC(31) Survivor regions: 10->10(20)
[2026-03-25T20:37:33.791+0900][1.873s][info][gc,heap     ] GC(31) Old regions: 5->5
[2026-03-25T20:37:33.791+0900][1.873s][info][gc,heap     ] GC(31) Humongous regions: 0->0
[2026-03-25T20:37:33.791+0900][1.873s][info][gc,metaspace] GC(31) Metaspace: 5888K(6080K)->5888K(6080K) NonClass: 5256K(5376K)->5256K(5376K) Class: 632K(704K)->632K(704K)
[2026-03-25T20:37:33.791+0900][1.873s][info][gc          ] GC(31) Pause Young (Normal) (G1 Evacuation Pause) 155M->13M(258M) 1.494ms
[2026-03-25T20:37:33.791+0900][1.873s][info][gc,cpu      ] GC(31) User=0.00s Sys=0.00s Real=0.00s
[2026-03-25T20:37:33.850+0900][1.931s][info][gc,start    ] GC(32) Pause Young (Normal) (G1 Evacuation Pause)
[2026-03-25T20:37:33.850+0900][1.931s][info][gc,task     ] GC(32) Using 6 workers of 9 for evacuation
[2026-03-25T20:37:33.851+0900][1.933s][info][gc,phases   ] GC(32)   Pre Evacuate Collection Set: 0.07ms
[2026-03-25T20:37:33.851+0900][1.933s][info][gc,phases   ] GC(32)   Merge Heap Roots: 0.05ms
[2026-03-25T20:37:33.851+0900][1.933s][info][gc,phases   ] GC(32)   Evacuate Collection Set: 1.00ms
[2026-03-25T20:37:33.851+0900][1.933s][info][gc,phases   ] GC(32)   Post Evacuate Collection Set: 0.15ms
[2026-03-25T20:37:33.851+0900][1.933s][info][gc,phases   ] GC(32)   Other: 0.08ms
[2026-03-25T20:37:33.851+0900][1.933s][info][gc,heap     ] GC(32) Eden regions: 143->0(143)
[2026-03-25T20:37:33.851+0900][1.933s][info][gc,heap     ] GC(32) Survivor regions: 10->10(20)
[2026-03-25T20:37:33.851+0900][1.933s][info][gc,heap     ] GC(32) Old regions: 5->5
[2026-03-25T20:37:33.851+0900][1.933s][info][gc,heap     ] GC(32) Humongous regions: 0->0
[2026-03-25T20:37:33.851+0900][1.933s][info][gc,metaspace] GC(32) Metaspace: 5888K(6080K)->5888K(6080K) NonClass: 5256K(5376K)->5256K(5376K) Class: 632K(704K)->632K(704K)
[2026-03-25T20:37:33.851+0900][1.933s][info][gc          ] GC(32) Pause Young (Normal) (G1 Evacuation Pause) 155M->13M(258M) 1.677ms
[2026-03-25T20:37:33.851+0900][1.933s][info][gc,cpu      ] GC(32) User=0.00s Sys=0.00s Real=0.00s
[2026-03-25T20:37:33.910+0900][1.991s][info][gc,start    ] GC(33) Pause Young (Normal) (G1 Evacuation Pause)
[2026-03-25T20:37:33.910+0900][1.991s][info][gc,task     ] GC(33) Using 6 workers of 9 for evacuation
[2026-03-25T20:37:33.911+0900][1.993s][info][gc,phases   ] GC(33)   Pre Evacuate Collection Set: 0.07ms
[2026-03-25T20:37:33.911+0900][1.993s][info][gc,phases   ] GC(33)   Merge Heap Roots: 0.05ms
[2026-03-25T20:37:33.911+0900][1.993s][info][gc,phases   ] GC(33)   Evacuate Collection Set: 1.01ms
[2026-03-25T20:37:33.911+0900][1.993s][info][gc,phases   ] GC(33)   Post Evacuate Collection Set: 0.17ms
[2026-03-25T20:37:33.911+0900][1.993s][info][gc,phases   ] GC(33)   Other: 0.09ms
[2026-03-25T20:37:33.911+0900][1.993s][info][gc,heap     ] GC(33) Eden regions: 143->0(143)
[2026-03-25T20:37:33.911+0900][1.993s][info][gc,heap     ] GC(33) Survivor regions: 10->10(20)
[2026-03-25T20:37:33.911+0900][1.993s][info][gc,heap     ] GC(33) Old regions: 5->5
[2026-03-25T20:37:33.911+0900][1.993s][info][gc,heap     ] GC(33) Humongous regions: 0->0
[2026-03-25T20:37:33.911+0900][1.993s][info][gc,metaspace] GC(33) Metaspace: 5888K(6080K)->5888K(6080K) NonClass: 5256K(5376K)->5256K(5376K) Class: 632K(704K)->632K(704K)
[2026-03-25T20:37:33.911+0900][1.993s][info][gc          ] GC(33) Pause Young (Normal) (G1 Evacuation Pause) 155M->13M(258M) 1.712ms
[2026-03-25T20:37:33.911+0900][1.993s][info][gc,cpu      ] GC(33) User=0.00s Sys=0.00s Real=0.00s
[2026-03-25T20:37:33.970+0900][2.051s][info][gc,start    ] GC(34) Pause Young (Normal) (G1 Evacuation Pause)
[2026-03-25T20:37:33.970+0900][2.051s][info][gc,task     ] GC(34) Using 6 workers of 9 for evacuation
[2026-03-25T20:37:33.971+0900][2.053s][info][gc,phases   ] GC(34)   Pre Evacuate Collection Set: 0.07ms
[2026-03-25T20:37:33.971+0900][2.053s][info][gc,phases   ] GC(34)   Merge Heap Roots: 0.04ms
[2026-03-25T20:37:33.971+0900][2.053s][info][gc,phases   ] GC(34)   Evacuate Collection Set: 0.99ms
[2026-03-25T20:37:33.971+0900][2.053s][info][gc,phases   ] GC(34)   Post Evacuate Collection Set: 0.18ms
[2026-03-25T20:37:33.971+0900][2.053s][info][gc,phases   ] GC(34)   Other: 0.09ms
[2026-03-25T20:37:33.971+0900][2.053s][info][gc,heap     ] GC(34) Eden regions: 143->0(143)
[2026-03-25T20:37:33.971+0900][2.053s][info][gc,heap     ] GC(34) Survivor regions: 10->10(20)
[2026-03-25T20:37:33.971+0900][2.053s][info][gc,heap     ] GC(34) Old regions: 5->5
[2026-03-25T20:37:33.971+0900][2.053s][info][gc,heap     ] GC(34) Humongous regions: 0->0
[2026-03-25T20:37:33.971+0900][2.053s][info][gc,metaspace] GC(34) Metaspace: 5888K(6080K)->5888K(6080K) NonClass: 5256K(5376K)->5256K(5376K) Class: 632K(704K)->632K(704K)
[2026-03-25T20:37:33.971+0900][2.053s][info][gc          ] GC(34) Pause Young (Normal) (G1 Evacuation Pause) 155M->13M(258M) 1.661ms
[2026-03-25T20:37:33.971+0900][2.053s][info][gc,cpu      ] GC(34) User=0.01s Sys=0.00s Real=0.00s
[2026-03-25T20:37:34.085+0900][2.166s][info][gc,start    ] GC(35) Pause Young (Normal) (G1 Evacuation Pause)
[2026-03-25T20:37:34.085+0900][2.166s][info][gc,task     ] GC(35) Using 6 workers of 9 for evacuation
[2026-03-25T20:37:34.086+0900][2.168s][info][gc,phases   ] GC(35)   Pre Evacuate Collection Set: 0.20ms
[2026-03-25T20:37:34.086+0900][2.168s][info][gc,phases   ] GC(35)   Merge Heap Roots: 0.09ms
[2026-03-25T20:37:34.086+0900][2.168s][info][gc,phases   ] GC(35)   Evacuate Collection Set: 1.01ms
[2026-03-25T20:37:34.086+0900][2.168s][info][gc,phases   ] GC(35)   Post Evacuate Collection Set: 0.22ms
[2026-03-25T20:37:34.086+0900][2.168s][info][gc,phases   ] GC(35)   Other: 0.09ms
[2026-03-25T20:37:34.086+0900][2.168s][info][gc,heap     ] GC(35) Eden regions: 143->0(143)
[2026-03-25T20:37:34.087+0900][2.168s][info][gc,heap     ] GC(35) Survivor regions: 10->10(20)
[2026-03-25T20:37:34.087+0900][2.168s][info][gc,heap     ] GC(35) Old regions: 5->5
[2026-03-25T20:37:34.087+0900][2.168s][info][gc,heap     ] GC(35) Humongous regions: 0->0
[2026-03-25T20:37:34.087+0900][2.168s][info][gc,metaspace] GC(35) Metaspace: 5888K(6080K)->5888K(6080K) NonClass: 5256K(5376K)->5256K(5376K) Class: 632K(704K)->632K(704K)
[2026-03-25T20:37:34.087+0900][2.168s][info][gc          ] GC(35) Pause Young (Normal) (G1 Evacuation Pause) 155M->13M(258M) 1.899ms
[2026-03-25T20:37:34.087+0900][2.168s][info][gc,cpu      ] GC(35) User=0.01s Sys=0.00s Real=0.00s
[2026-03-25T20:37:34.144+0900][2.226s][info][gc,start    ] GC(36) Pause Young (Normal) (G1 Evacuation Pause)
[2026-03-25T20:37:34.144+0900][2.226s][info][gc,task     ] GC(36) Using 6 workers of 9 for evacuation
[2026-03-25T20:37:34.145+0900][2.227s][info][gc,phases   ] GC(36)   Pre Evacuate Collection Set: 0.06ms
[2026-03-25T20:37:34.145+0900][2.227s][info][gc,phases   ] GC(36)   Merge Heap Roots: 0.03ms
[2026-03-25T20:37:34.145+0900][2.227s][info][gc,phases   ] GC(36)   Evacuate Collection Set: 0.25ms
[2026-03-25T20:37:34.145+0900][2.227s][info][gc,phases   ] GC(36)   Post Evacuate Collection Set: 0.12ms
[2026-03-25T20:37:34.145+0900][2.227s][info][gc,phases   ] GC(36)   Other: 0.05ms
[2026-03-25T20:37:34.145+0900][2.227s][info][gc,heap     ] GC(36) Eden regions: 143->0(143)
[2026-03-25T20:37:34.145+0900][2.227s][info][gc,heap     ] GC(36) Survivor regions: 10->10(20)
[2026-03-25T20:37:34.145+0900][2.227s][info][gc,heap     ] GC(36) Old regions: 5->5
[2026-03-25T20:37:34.145+0900][2.227s][info][gc,heap     ] GC(36) Humongous regions: 0->0
[2026-03-25T20:37:34.145+0900][2.227s][info][gc,metaspace] GC(36) Metaspace: 5891K(6080K)->5891K(6080K) NonClass: 5259K(5376K)->5259K(5376K) Class: 632K(704K)->632K(704K)
[2026-03-25T20:37:34.145+0900][2.227s][info][gc          ] GC(36) Pause Young (Normal) (G1 Evacuation Pause) 155M->13M(258M) 0.661ms
[2026-03-25T20:37:34.145+0900][2.227s][info][gc,cpu      ] GC(36) User=0.00s Sys=0.00s Real=0.00s
[2026-03-25T20:37:34.198+0900][2.280s][info][gc,start    ] GC(37) Pause Young (Normal) (G1 Evacuation Pause)
[2026-03-25T20:37:34.198+0900][2.280s][info][gc,task     ] GC(37) Using 6 workers of 9 for evacuation
[2026-03-25T20:37:34.199+0900][2.281s][info][gc,phases   ] GC(37)   Pre Evacuate Collection Set: 0.06ms
[2026-03-25T20:37:34.199+0900][2.281s][info][gc,phases   ] GC(37)   Merge Heap Roots: 0.02ms
[2026-03-25T20:37:34.199+0900][2.281s][info][gc,phases   ] GC(37)   Evacuate Collection Set: 0.36ms
[2026-03-25T20:37:34.199+0900][2.281s][info][gc,phases   ] GC(37)   Post Evacuate Collection Set: 0.15ms
[2026-03-25T20:37:34.199+0900][2.281s][info][gc,phases   ] GC(37)   Other: 0.05ms
[2026-03-25T20:37:34.199+0900][2.281s][info][gc,heap     ] GC(37) Eden regions: 143->0(143)
[2026-03-25T20:37:34.199+0900][2.281s][info][gc,heap     ] GC(37) Survivor regions: 10->10(20)
[2026-03-25T20:37:34.199+0900][2.281s][info][gc,heap     ] GC(37) Old regions: 5->5
[2026-03-25T20:37:34.199+0900][2.281s][info][gc,heap     ] GC(37) Humongous regions: 0->0
[2026-03-25T20:37:34.199+0900][2.281s][info][gc,metaspace] GC(37) Metaspace: 5891K(6080K)->5891K(6080K) NonClass: 5259K(5376K)->5259K(5376K) Class: 632K(704K)->632K(704K)
[2026-03-25T20:37:34.199+0900][2.281s][info][gc          ] GC(37) Pause Young (Normal) (G1 Evacuation Pause) 155M->13M(258M) 0.827ms
[2026-03-25T20:37:34.199+0900][2.281s][info][gc,cpu      ] GC(37) User=0.01s Sys=0.01s Real=0.00s
[2026-03-25T20:37:34.252+0900][2.334s][info][gc,start    ] GC(38) Pause Young (Normal) (G1 Evacuation Pause)
[2026-03-25T20:37:34.252+0900][2.334s][info][gc,task     ] GC(38) Using 6 workers of 9 for evacuation
[2026-03-25T20:37:34.253+0900][2.334s][info][gc,phases   ] GC(38)   Pre Evacuate Collection Set: 0.07ms
[2026-03-25T20:37:34.253+0900][2.334s][info][gc,phases   ] GC(38)   Merge Heap Roots: 0.04ms
[2026-03-25T20:37:34.253+0900][2.334s][info][gc,phases   ] GC(38)   Evacuate Collection Set: 0.24ms
[2026-03-25T20:37:34.253+0900][2.334s][info][gc,phases   ] GC(38)   Post Evacuate Collection Set: 0.14ms
[2026-03-25T20:37:34.253+0900][2.334s][info][gc,phases   ] GC(38)   Other: 0.05ms
[2026-03-25T20:37:34.253+0900][2.334s][info][gc,heap     ] GC(38) Eden regions: 143->0(143)
[2026-03-25T20:37:34.253+0900][2.334s][info][gc,heap     ] GC(38) Survivor regions: 10->10(20)
[2026-03-25T20:37:34.253+0900][2.334s][info][gc,heap     ] GC(38) Old regions: 5->5
[2026-03-25T20:37:34.253+0900][2.334s][info][gc,heap     ] GC(38) Humongous regions: 0->0
[2026-03-25T20:37:34.253+0900][2.335s][info][gc,metaspace] GC(38) Metaspace: 5916K(6080K)->5916K(6080K) NonClass: 5284K(5376K)->5284K(5376K) Class: 632K(704K)->632K(704K)
[2026-03-25T20:37:34.253+0900][2.335s][info][gc          ] GC(38) Pause Young (Normal) (G1 Evacuation Pause) 155M->13M(258M) 0.696ms
[2026-03-25T20:37:34.253+0900][2.335s][info][gc,cpu      ] GC(38) User=0.00s Sys=0.00s Real=0.00s
[2026-03-25T20:37:34.309+0900][2.391s][info][gc,start    ] GC(39) Pause Young (Normal) (G1 Evacuation Pause)
[2026-03-25T20:37:34.310+0900][2.391s][info][gc,task     ] GC(39) Using 6 workers of 9 for evacuation
[2026-03-25T20:37:34.310+0900][2.392s][info][gc,phases   ] GC(39)   Pre Evacuate Collection Set: 0.06ms
[2026-03-25T20:37:34.310+0900][2.392s][info][gc,phases   ] GC(39)   Merge Heap Roots: 0.04ms
[2026-03-25T20:37:34.310+0900][2.392s][info][gc,phases   ] GC(39)   Evacuate Collection Set: 0.32ms
[2026-03-25T20:37:34.310+0900][2.392s][info][gc,phases   ] GC(39)   Post Evacuate Collection Set: 0.17ms
[2026-03-25T20:37:34.310+0900][2.392s][info][gc,phases   ] GC(39)   Other: 0.06ms
[2026-03-25T20:37:34.310+0900][2.392s][info][gc,heap     ] GC(39) Eden regions: 143->0(142)
[2026-03-25T20:37:34.310+0900][2.392s][info][gc,heap     ] GC(39) Survivor regions: 10->11(20)
[2026-03-25T20:37:34.310+0900][2.392s][info][gc,heap     ] GC(39) Old regions: 5->5
[2026-03-25T20:37:34.310+0900][2.392s][info][gc,heap     ] GC(39) Humongous regions: 0->0
[2026-03-25T20:37:34.310+0900][2.392s][info][gc,metaspace] GC(39) Metaspace: 5916K(6080K)->5916K(6080K) NonClass: 5284K(5376K)->5284K(5376K) Class: 632K(704K)->632K(704K)
[2026-03-25T20:37:34.310+0900][2.392s][info][gc          ] GC(39) Pause Young (Normal) (G1 Evacuation Pause) 155M->13M(258M) 0.822ms
[2026-03-25T20:37:34.310+0900][2.392s][info][gc,cpu      ] GC(39) User=0.00s Sys=0.00s Real=0.01s
[2026-03-25T20:37:34.365+0900][2.447s][info][gc,start    ] GC(40) Pause Young (Normal) (G1 Evacuation Pause)
[2026-03-25T20:37:34.365+0900][2.447s][info][gc,task     ] GC(40) Using 6 workers of 9 for evacuation
[2026-03-25T20:37:34.366+0900][2.448s][info][gc,phases   ] GC(40)   Pre Evacuate Collection Set: 0.10ms
[2026-03-25T20:37:34.366+0900][2.448s][info][gc,phases   ] GC(40)   Merge Heap Roots: 0.04ms
[2026-03-25T20:37:34.366+0900][2.448s][info][gc,phases   ] GC(40)   Evacuate Collection Set: 0.57ms
[2026-03-25T20:37:34.366+0900][2.448s][info][gc,phases   ] GC(40)   Post Evacuate Collection Set: 0.16ms
[2026-03-25T20:37:34.366+0900][2.448s][info][gc,phases   ] GC(40)   Other: 0.06ms
[2026-03-25T20:37:34.366+0900][2.448s][info][gc,heap     ] GC(40) Eden regions: 142->0(143)
[2026-03-25T20:37:34.366+0900][2.448s][info][gc,heap     ] GC(40) Survivor regions: 11->10(20)
[2026-03-25T20:37:34.366+0900][2.448s][info][gc,heap     ] GC(40) Old regions: 5->5
[2026-03-25T20:37:34.366+0900][2.448s][info][gc,heap     ] GC(40) Humongous regions: 0->0
[2026-03-25T20:37:34.366+0900][2.448s][info][gc,metaspace] GC(40) Metaspace: 5916K(6080K)->5916K(6080K) NonClass: 5284K(5376K)->5284K(5376K) Class: 632K(704K)->632K(704K)
[2026-03-25T20:37:34.366+0900][2.448s][info][gc          ] GC(40) Pause Young (Normal) (G1 Evacuation Pause) 155M->13M(258M) 1.185ms
[2026-03-25T20:37:34.366+0900][2.448s][info][gc,cpu      ] GC(40) User=0.01s Sys=0.00s Real=0.00s
[2026-03-25T20:37:34.423+0900][2.505s][info][gc,start    ] GC(41) Pause Young (Normal) (G1 Evacuation Pause)
[2026-03-25T20:37:34.423+0900][2.505s][info][gc,task     ] GC(41) Using 6 workers of 9 for evacuation
[2026-03-25T20:37:34.425+0900][2.506s][info][gc,phases   ] GC(41)   Pre Evacuate Collection Set: 0.12ms
[2026-03-25T20:37:34.425+0900][2.506s][info][gc,phases   ] GC(41)   Merge Heap Roots: 0.06ms
[2026-03-25T20:37:34.425+0900][2.506s][info][gc,phases   ] GC(41)   Evacuate Collection Set: 0.91ms
[2026-03-25T20:37:34.425+0900][2.506s][info][gc,phases   ] GC(41)   Post Evacuate Collection Set: 0.18ms
[2026-03-25T20:37:34.425+0900][2.506s][info][gc,phases   ] GC(41)   Other: 0.07ms
[2026-03-25T20:37:34.425+0900][2.506s][info][gc,heap     ] GC(41) Eden regions: 143->0(143)
[2026-03-25T20:37:34.425+0900][2.506s][info][gc,heap     ] GC(41) Survivor regions: 10->10(20)
[2026-03-25T20:37:34.425+0900][2.506s][info][gc,heap     ] GC(41) Old regions: 5->5
[2026-03-25T20:37:34.425+0900][2.506s][info][gc,heap     ] GC(41) Humongous regions: 0->0
[2026-03-25T20:37:34.425+0900][2.506s][info][gc,metaspace] GC(41) Metaspace: 5916K(6080K)->5916K(6080K) NonClass: 5284K(5376K)->5284K(5376K) Class: 632K(704K)->632K(704K)
[2026-03-25T20:37:34.425+0900][2.506s][info][gc          ] GC(41) Pause Young (Normal) (G1 Evacuation Pause) 155M->13M(258M) 1.590ms
[2026-03-25T20:37:34.425+0900][2.506s][info][gc,cpu      ] GC(41) User=0.01s Sys=0.00s Real=0.00s
[2026-03-25T20:37:34.483+0900][2.565s][info][gc,start    ] GC(42) Pause Young (Normal) (G1 Evacuation Pause)
[2026-03-25T20:37:34.483+0900][2.565s][info][gc,task     ] GC(42) Using 6 workers of 9 for evacuation
[2026-03-25T20:37:34.485+0900][2.567s][info][gc,phases   ] GC(42)   Pre Evacuate Collection Set: 0.06ms
[2026-03-25T20:37:34.485+0900][2.567s][info][gc,phases   ] GC(42)   Merge Heap Roots: 0.04ms
[2026-03-25T20:37:34.485+0900][2.567s][info][gc,phases   ] GC(42)   Evacuate Collection Set: 1.22ms
[2026-03-25T20:37:34.485+0900][2.567s][info][gc,phases   ] GC(42)   Post Evacuate Collection Set: 0.16ms
[2026-03-25T20:37:34.485+0900][2.567s][info][gc,phases   ] GC(42)   Other: 0.08ms
[2026-03-25T20:37:34.485+0900][2.567s][info][gc,heap     ] GC(42) Eden regions: 143->0(143)
[2026-03-25T20:37:34.485+0900][2.567s][info][gc,heap     ] GC(42) Survivor regions: 10->10(20)
[2026-03-25T20:37:34.485+0900][2.567s][info][gc,heap     ] GC(42) Old regions: 5->5
[2026-03-25T20:37:34.485+0900][2.567s][info][gc,heap     ] GC(42) Humongous regions: 0->0
[2026-03-25T20:37:34.485+0900][2.567s][info][gc,metaspace] GC(42) Metaspace: 5916K(6080K)->5916K(6080K) NonClass: 5284K(5376K)->5284K(5376K) Class: 632K(704K)->632K(704K)
[2026-03-25T20:37:34.485+0900][2.567s][info][gc          ] GC(42) Pause Young (Normal) (G1 Evacuation Pause) 155M->13M(258M) 1.837ms
[2026-03-25T20:37:34.485+0900][2.567s][info][gc,cpu      ] GC(42) User=0.00s Sys=0.00s Real=0.00s
[2026-03-25T20:37:34.543+0900][2.625s][info][gc,start    ] GC(43) Pause Young (Normal) (G1 Evacuation Pause)
[2026-03-25T20:37:34.543+0900][2.625s][info][gc,task     ] GC(43) Using 6 workers of 9 for evacuation
[2026-03-25T20:37:34.545+0900][2.626s][info][gc,phases   ] GC(43)   Pre Evacuate Collection Set: 0.12ms
[2026-03-25T20:37:34.545+0900][2.626s][info][gc,phases   ] GC(43)   Merge Heap Roots: 0.04ms
[2026-03-25T20:37:34.545+0900][2.626s][info][gc,phases   ] GC(43)   Evacuate Collection Set: 0.99ms
[2026-03-25T20:37:34.545+0900][2.626s][info][gc,phases   ] GC(43)   Post Evacuate Collection Set: 0.13ms
[2026-03-25T20:37:34.545+0900][2.626s][info][gc,phases   ] GC(43)   Other: 0.09ms
[2026-03-25T20:37:34.545+0900][2.626s][info][gc,heap     ] GC(43) Eden regions: 143->0(143)
[2026-03-25T20:37:34.545+0900][2.626s][info][gc,heap     ] GC(43) Survivor regions: 10->10(20)
[2026-03-25T20:37:34.545+0900][2.626s][info][gc,heap     ] GC(43) Old regions: 5->5
[2026-03-25T20:37:34.545+0900][2.626s][info][gc,heap     ] GC(43) Humongous regions: 0->0
[2026-03-25T20:37:34.545+0900][2.626s][info][gc,metaspace] GC(43) Metaspace: 5916K(6080K)->5916K(6080K) NonClass: 5284K(5376K)->5284K(5376K) Class: 632K(704K)->632K(704K)
[2026-03-25T20:37:34.545+0900][2.626s][info][gc          ] GC(43) Pause Young (Normal) (G1 Evacuation Pause) 155M->13M(258M) 1.745ms
[2026-03-25T20:37:34.545+0900][2.626s][info][gc,cpu      ] GC(43) User=0.00s Sys=0.00s Real=0.00s
[2026-03-25T20:37:34.602+0900][2.684s][info][gc,start    ] GC(44) Pause Young (Normal) (G1 Evacuation Pause)
[2026-03-25T20:37:34.602+0900][2.684s][info][gc,task     ] GC(44) Using 6 workers of 9 for evacuation
[2026-03-25T20:37:34.604+0900][2.685s][info][gc,phases   ] GC(44)   Pre Evacuate Collection Set: 0.08ms
[2026-03-25T20:37:34.604+0900][2.685s][info][gc,phases   ] GC(44)   Merge Heap Roots: 0.03ms
[2026-03-25T20:37:34.604+0900][2.685s][info][gc,phases   ] GC(44)   Evacuate Collection Set: 0.95ms
[2026-03-25T20:37:34.604+0900][2.685s][info][gc,phases   ] GC(44)   Post Evacuate Collection Set: 0.26ms
[2026-03-25T20:37:34.604+0900][2.685s][info][gc,phases   ] GC(44)   Other: 0.10ms
[2026-03-25T20:37:34.604+0900][2.685s][info][gc,heap     ] GC(44) Eden regions: 143->0(143)
[2026-03-25T20:37:34.604+0900][2.685s][info][gc,heap     ] GC(44) Survivor regions: 10->10(20)
[2026-03-25T20:37:34.604+0900][2.685s][info][gc,heap     ] GC(44) Old regions: 5->5
[2026-03-25T20:37:34.604+0900][2.685s][info][gc,heap     ] GC(44) Humongous regions: 0->0
[2026-03-25T20:37:34.604+0900][2.685s][info][gc,metaspace] GC(44) Metaspace: 5916K(6080K)->5916K(6080K) NonClass: 5284K(5376K)->5284K(5376K) Class: 632K(704K)->632K(704K)
[2026-03-25T20:37:34.604+0900][2.686s][info][gc          ] GC(44) Pause Young (Normal) (G1 Evacuation Pause) 155M->13M(258M) 1.810ms
[2026-03-25T20:37:34.604+0900][2.686s][info][gc,cpu      ] GC(44) User=0.00s Sys=0.00s Real=0.00s
[2026-03-25T20:37:34.662+0900][2.744s][info][gc,start    ] GC(45) Pause Young (Normal) (G1 Evacuation Pause)
[2026-03-25T20:37:34.662+0900][2.744s][info][gc,task     ] GC(45) Using 6 workers of 9 for evacuation
[2026-03-25T20:37:34.664+0900][2.746s][info][gc,phases   ] GC(45)   Pre Evacuate Collection Set: 0.08ms
[2026-03-25T20:37:34.664+0900][2.746s][info][gc,phases   ] GC(45)   Merge Heap Roots: 0.04ms
[2026-03-25T20:37:34.664+0900][2.746s][info][gc,phases   ] GC(45)   Evacuate Collection Set: 1.09ms
[2026-03-25T20:37:34.664+0900][2.746s][info][gc,phases   ] GC(45)   Post Evacuate Collection Set: 0.26ms
[2026-03-25T20:37:34.664+0900][2.746s][info][gc,phases   ] GC(45)   Other: 0.12ms
[2026-03-25T20:37:34.664+0900][2.746s][info][gc,heap     ] GC(45) Eden regions: 143->0(143)
[2026-03-25T20:37:34.664+0900][2.746s][info][gc,heap     ] GC(45) Survivor regions: 10->10(20)
[2026-03-25T20:37:34.664+0900][2.746s][info][gc,heap     ] GC(45) Old regions: 5->5
[2026-03-25T20:37:34.664+0900][2.746s][info][gc,heap     ] GC(45) Humongous regions: 0->0
[2026-03-25T20:37:34.664+0900][2.746s][info][gc,metaspace] GC(45) Metaspace: 5916K(6080K)->5916K(6080K) NonClass: 5284K(5376K)->5284K(5376K) Class: 632K(704K)->632K(704K)
[2026-03-25T20:37:34.664+0900][2.746s][info][gc          ] GC(45) Pause Young (Normal) (G1 Evacuation Pause) 155M->13M(258M) 1.993ms
[2026-03-25T20:37:34.664+0900][2.746s][info][gc,cpu      ] GC(45) User=0.01s Sys=0.00s Real=0.00s
[2026-03-25T20:37:34.723+0900][2.805s][info][gc,start    ] GC(46) Pause Young (Normal) (G1 Evacuation Pause)
[2026-03-25T20:37:34.723+0900][2.805s][info][gc,task     ] GC(46) Using 6 workers of 9 for evacuation
[2026-03-25T20:37:34.725+0900][2.807s][info][gc,phases   ] GC(46)   Pre Evacuate Collection Set: 0.15ms
[2026-03-25T20:37:34.725+0900][2.807s][info][gc,phases   ] GC(46)   Merge Heap Roots: 0.08ms
[2026-03-25T20:37:34.725+0900][2.807s][info][gc,phases   ] GC(46)   Evacuate Collection Set: 1.49ms
[2026-03-25T20:37:34.725+0900][2.807s][info][gc,phases   ] GC(46)   Post Evacuate Collection Set: 0.27ms
[2026-03-25T20:37:34.725+0900][2.807s][info][gc,phases   ] GC(46)   Other: 0.13ms
[2026-03-25T20:37:34.725+0900][2.807s][info][gc,heap     ] GC(46) Eden regions: 143->0(143)
[2026-03-25T20:37:34.725+0900][2.807s][info][gc,heap     ] GC(46) Survivor regions: 10->10(20)
[2026-03-25T20:37:34.725+0900][2.807s][info][gc,heap     ] GC(46) Old regions: 5->5
[2026-03-25T20:37:34.725+0900][2.807s][info][gc,heap     ] GC(46) Humongous regions: 0->0
[2026-03-25T20:37:34.725+0900][2.807s][info][gc,metaspace] GC(46) Metaspace: 5916K(6080K)->5916K(6080K) NonClass: 5284K(5376K)->5284K(5376K) Class: 632K(704K)->632K(704K)
[2026-03-25T20:37:34.726+0900][2.807s][info][gc          ] GC(46) Pause Young (Normal) (G1 Evacuation Pause) 155M->13M(258M) 2.438ms
[2026-03-25T20:37:34.726+0900][2.807s][info][gc,cpu      ] GC(46) User=0.00s Sys=0.00s Real=0.00s
[2026-03-25T20:37:34.784+0900][2.866s][info][gc,start    ] GC(47) Pause Young (Normal) (G1 Evacuation Pause)
[2026-03-25T20:37:34.784+0900][2.866s][info][gc,task     ] GC(47) Using 6 workers of 9 for evacuation
[2026-03-25T20:37:34.786+0900][2.867s][info][gc,phases   ] GC(47)   Pre Evacuate Collection Set: 0.08ms
[2026-03-25T20:37:34.786+0900][2.867s][info][gc,phases   ] GC(47)   Merge Heap Roots: 0.04ms
[2026-03-25T20:37:34.786+0900][2.867s][info][gc,phases   ] GC(47)   Evacuate Collection Set: 1.05ms
[2026-03-25T20:37:34.786+0900][2.867s][info][gc,phases   ] GC(47)   Post Evacuate Collection Set: 0.17ms
[2026-03-25T20:37:34.786+0900][2.867s][info][gc,phases   ] GC(47)   Other: 0.09ms
[2026-03-25T20:37:34.786+0900][2.868s][info][gc,heap     ] GC(47) Eden regions: 143->0(143)
[2026-03-25T20:37:34.786+0900][2.868s][info][gc,heap     ] GC(47) Survivor regions: 10->10(20)
[2026-03-25T20:37:34.786+0900][2.868s][info][gc,heap     ] GC(47) Old regions: 5->5
[2026-03-25T20:37:34.786+0900][2.868s][info][gc,heap     ] GC(47) Humongous regions: 0->0
[2026-03-25T20:37:34.786+0900][2.868s][info][gc,metaspace] GC(47) Metaspace: 5916K(6080K)->5916K(6080K) NonClass: 5284K(5376K)->5284K(5376K) Class: 632K(704K)->632K(704K)
[2026-03-25T20:37:34.786+0900][2.868s][info][gc          ] GC(47) Pause Young (Normal) (G1 Evacuation Pause) 155M->13M(258M) 1.756ms
[2026-03-25T20:37:34.786+0900][2.868s][info][gc,cpu      ] GC(47) User=0.01s Sys=0.00s Real=0.00s
[2026-03-25T20:37:34.842+0900][2.923s][info][gc,start    ] GC(48) Pause Young (Normal) (G1 Evacuation Pause)
[2026-03-25T20:37:34.842+0900][2.924s][info][gc,task     ] GC(48) Using 6 workers of 9 for evacuation
[2026-03-25T20:37:34.844+0900][2.925s][info][gc,phases   ] GC(48)   Pre Evacuate Collection Set: 0.11ms
[2026-03-25T20:37:34.844+0900][2.925s][info][gc,phases   ] GC(48)   Merge Heap Roots: 0.07ms
[2026-03-25T20:37:34.844+0900][2.925s][info][gc,phases   ] GC(48)   Evacuate Collection Set: 1.25ms
[2026-03-25T20:37:34.844+0900][2.925s][info][gc,phases   ] GC(48)   Post Evacuate Collection Set: 0.26ms
[2026-03-25T20:37:34.844+0900][2.925s][info][gc,phases   ] GC(48)   Other: 0.14ms
[2026-03-25T20:37:34.844+0900][2.926s][info][gc,heap     ] GC(48) Eden regions: 143->0(143)
[2026-03-25T20:37:34.844+0900][2.926s][info][gc,heap     ] GC(48) Survivor regions: 10->10(20)
[2026-03-25T20:37:34.844+0900][2.926s][info][gc,heap     ] GC(48) Old regions: 5->5
[2026-03-25T20:37:34.844+0900][2.926s][info][gc,heap     ] GC(48) Humongous regions: 0->0
[2026-03-25T20:37:34.844+0900][2.926s][info][gc,metaspace] GC(48) Metaspace: 5916K(6080K)->5916K(6080K) NonClass: 5284K(5376K)->5284K(5376K) Class: 632K(704K)->632K(704K)
[2026-03-25T20:37:34.844+0900][2.926s][info][gc          ] GC(48) Pause Young (Normal) (G1 Evacuation Pause) 155M->13M(258M) 2.194ms
[2026-03-25T20:37:34.844+0900][2.926s][info][gc,cpu      ] GC(48) User=0.01s Sys=0.00s Real=0.00s
[2026-03-25T20:37:34.900+0900][2.981s][info][gc,start    ] GC(49) Pause Young (Normal) (G1 Evacuation Pause)
[2026-03-25T20:37:34.900+0900][2.981s][info][gc,task     ] GC(49) Using 6 workers of 9 for evacuation
[2026-03-25T20:37:34.901+0900][2.983s][info][gc,phases   ] GC(49)   Pre Evacuate Collection Set: 0.07ms
[2026-03-25T20:37:34.901+0900][2.983s][info][gc,phases   ] GC(49)   Merge Heap Roots: 0.04ms
[2026-03-25T20:37:34.901+0900][2.983s][info][gc,phases   ] GC(49)   Evacuate Collection Set: 1.20ms
[2026-03-25T20:37:34.901+0900][2.983s][info][gc,phases   ] GC(49)   Post Evacuate Collection Set: 0.15ms
[2026-03-25T20:37:34.901+0900][2.983s][info][gc,phases   ] GC(49)   Other: 0.09ms
[2026-03-25T20:37:34.901+0900][2.983s][info][gc,heap     ] GC(49) Eden regions: 143->0(143)
[2026-03-25T20:37:34.901+0900][2.983s][info][gc,heap     ] GC(49) Survivor regions: 10->10(20)
[2026-03-25T20:37:34.901+0900][2.983s][info][gc,heap     ] GC(49) Old regions: 5->5
[2026-03-25T20:37:34.901+0900][2.983s][info][gc,heap     ] GC(49) Humongous regions: 0->0
[2026-03-25T20:37:34.901+0900][2.983s][info][gc,metaspace] GC(49) Metaspace: 5916K(6080K)->5916K(6080K) NonClass: 5284K(5376K)->5284K(5376K) Class: 632K(704K)->632K(704K)
[2026-03-25T20:37:34.901+0900][2.983s][info][gc          ] GC(49) Pause Young (Normal) (G1 Evacuation Pause) 155M->13M(258M) 1.809ms
[2026-03-25T20:37:34.901+0900][2.983s][info][gc,cpu      ] GC(49) User=0.01s Sys=0.00s Real=0.00s
[2026-03-25T20:37:34.960+0900][3.042s][info][gc,start    ] GC(50) Pause Young (Normal) (G1 Evacuation Pause)
[2026-03-25T20:37:34.960+0900][3.042s][info][gc,task     ] GC(50) Using 6 workers of 9 for evacuation
[2026-03-25T20:37:34.961+0900][3.043s][info][gc,phases   ] GC(50)   Pre Evacuate Collection Set: 0.08ms
[2026-03-25T20:37:34.961+0900][3.043s][info][gc,phases   ] GC(50)   Merge Heap Roots: 0.04ms
[2026-03-25T20:37:34.961+0900][3.043s][info][gc,phases   ] GC(50)   Evacuate Collection Set: 0.57ms
[2026-03-25T20:37:34.961+0900][3.043s][info][gc,phases   ] GC(50)   Post Evacuate Collection Set: 0.25ms
[2026-03-25T20:37:34.961+0900][3.043s][info][gc,phases   ] GC(50)   Other: 0.07ms
[2026-03-25T20:37:34.961+0900][3.043s][info][gc,heap     ] GC(50) Eden regions: 143->0(143)
[2026-03-25T20:37:34.961+0900][3.043s][info][gc,heap     ] GC(50) Survivor regions: 10->10(20)
[2026-03-25T20:37:34.961+0900][3.043s][info][gc,heap     ] GC(50) Old regions: 5->5
[2026-03-25T20:37:34.961+0900][3.043s][info][gc,heap     ] GC(50) Humongous regions: 0->0
[2026-03-25T20:37:34.961+0900][3.043s][info][gc,metaspace] GC(50) Metaspace: 5916K(6080K)->5916K(6080K) NonClass: 5284K(5376K)->5284K(5376K) Class: 632K(704K)->632K(704K)
[2026-03-25T20:37:34.961+0900][3.043s][info][gc          ] GC(50) Pause Young (Normal) (G1 Evacuation Pause) 155M->13M(258M) 1.264ms
[2026-03-25T20:37:34.961+0900][3.043s][info][gc,cpu      ] GC(50) User=0.00s Sys=0.00s Real=0.00s
[2026-03-25T20:37:35.020+0900][3.101s][info][gc,start    ] GC(51) Pause Young (Normal) (G1 Evacuation Pause)
[2026-03-25T20:37:35.020+0900][3.102s][info][gc,task     ] GC(51) Using 6 workers of 9 for evacuation
[2026-03-25T20:37:35.021+0900][3.102s][info][gc,phases   ] GC(51)   Pre Evacuate Collection Set: 0.07ms
[2026-03-25T20:37:35.021+0900][3.102s][info][gc,phases   ] GC(51)   Merge Heap Roots: 0.04ms
[2026-03-25T20:37:35.021+0900][3.102s][info][gc,phases   ] GC(51)   Evacuate Collection Set: 0.52ms
[2026-03-25T20:37:35.021+0900][3.102s][info][gc,phases   ] GC(51)   Post Evacuate Collection Set: 0.16ms
[2026-03-25T20:37:35.021+0900][3.102s][info][gc,phases   ] GC(51)   Other: 0.05ms
[2026-03-25T20:37:35.021+0900][3.102s][info][gc,heap     ] GC(51) Eden regions: 143->0(143)
[2026-03-25T20:37:35.021+0900][3.102s][info][gc,heap     ] GC(51) Survivor regions: 10->10(20)
[2026-03-25T20:37:35.021+0900][3.102s][info][gc,heap     ] GC(51) Old regions: 5->5
[2026-03-25T20:37:35.021+0900][3.102s][info][gc,heap     ] GC(51) Humongous regions: 0->0
[2026-03-25T20:37:35.021+0900][3.102s][info][gc,metaspace] GC(51) Metaspace: 5916K(6080K)->5916K(6080K) NonClass: 5284K(5376K)->5284K(5376K) Class: 632K(704K)->632K(704K)
[2026-03-25T20:37:35.021+0900][3.102s][info][gc          ] GC(51) Pause Young (Normal) (G1 Evacuation Pause) 155M->13M(258M) 1.019ms
[2026-03-25T20:37:35.021+0900][3.102s][info][gc,cpu      ] GC(51) User=0.00s Sys=0.00s Real=0.00s
[2026-03-25T20:37:35.078+0900][3.159s][info][gc,start    ] GC(52) Pause Young (Normal) (G1 Evacuation Pause)
[2026-03-25T20:37:35.078+0900][3.159s][info][gc,task     ] GC(52) Using 6 workers of 9 for evacuation
[2026-03-25T20:37:35.079+0900][3.160s][info][gc,phases   ] GC(52)   Pre Evacuate Collection Set: 0.07ms
[2026-03-25T20:37:35.079+0900][3.160s][info][gc,phases   ] GC(52)   Merge Heap Roots: 0.04ms
[2026-03-25T20:37:35.079+0900][3.160s][info][gc,phases   ] GC(52)   Evacuate Collection Set: 0.76ms
[2026-03-25T20:37:35.079+0900][3.160s][info][gc,phases   ] GC(52)   Post Evacuate Collection Set: 0.16ms
[2026-03-25T20:37:35.079+0900][3.160s][info][gc,phases   ] GC(52)   Other: 0.06ms
[2026-03-25T20:37:35.079+0900][3.160s][info][gc,heap     ] GC(52) Eden regions: 143->0(143)
[2026-03-25T20:37:35.079+0900][3.160s][info][gc,heap     ] GC(52) Survivor regions: 10->10(20)
[2026-03-25T20:37:35.079+0900][3.160s][info][gc,heap     ] GC(52) Old regions: 5->5
[2026-03-25T20:37:35.079+0900][3.160s][info][gc,heap     ] GC(52) Humongous regions: 0->0
[2026-03-25T20:37:35.079+0900][3.160s][info][gc,metaspace] GC(52) Metaspace: 5916K(6080K)->5916K(6080K) NonClass: 5284K(5376K)->5284K(5376K) Class: 632K(704K)->632K(704K)
[2026-03-25T20:37:35.079+0900][3.160s][info][gc          ] GC(52) Pause Young (Normal) (G1 Evacuation Pause) 155M->13M(258M) 1.280ms
[2026-03-25T20:37:35.079+0900][3.160s][info][gc,cpu      ] GC(52) User=0.01s Sys=0.00s Real=0.00s
[2026-03-25T20:37:35.136+0900][3.218s][info][gc,start    ] GC(53) Pause Young (Normal) (G1 Evacuation Pause)
[2026-03-25T20:37:35.136+0900][3.218s][info][gc,task     ] GC(53) Using 6 workers of 9 for evacuation
[2026-03-25T20:37:35.137+0900][3.219s][info][gc,phases   ] GC(53)   Pre Evacuate Collection Set: 0.06ms
[2026-03-25T20:37:35.137+0900][3.219s][info][gc,phases   ] GC(53)   Merge Heap Roots: 0.04ms
[2026-03-25T20:37:35.137+0900][3.219s][info][gc,phases   ] GC(53)   Evacuate Collection Set: 0.50ms
[2026-03-25T20:37:35.137+0900][3.219s][info][gc,phases   ] GC(53)   Post Evacuate Collection Set: 0.14ms
[2026-03-25T20:37:35.137+0900][3.219s][info][gc,phases   ] GC(53)   Other: 0.05ms
[2026-03-25T20:37:35.137+0900][3.219s][info][gc,heap     ] GC(53) Eden regions: 143->0(143)
[2026-03-25T20:37:35.137+0900][3.219s][info][gc,heap     ] GC(53) Survivor regions: 10->10(20)
[2026-03-25T20:37:35.137+0900][3.219s][info][gc,heap     ] GC(53) Old regions: 5->5
[2026-03-25T20:37:35.137+0900][3.219s][info][gc,heap     ] GC(53) Humongous regions: 0->0
[2026-03-25T20:37:35.137+0900][3.219s][info][gc,metaspace] GC(53) Metaspace: 5916K(6080K)->5916K(6080K) NonClass: 5284K(5376K)->5284K(5376K) Class: 632K(704K)->632K(704K)
[2026-03-25T20:37:35.137+0900][3.219s][info][gc          ] GC(53) Pause Young (Normal) (G1 Evacuation Pause) 155M->13M(258M) 0.959ms
[2026-03-25T20:37:35.137+0900][3.219s][info][gc,cpu      ] GC(53) User=0.00s Sys=0.00s Real=0.00s
[2026-03-25T20:37:35.192+0900][3.274s][info][gc,start    ] GC(54) Pause Young (Normal) (G1 Evacuation Pause)
[2026-03-25T20:37:35.192+0900][3.274s][info][gc,task     ] GC(54) Using 6 workers of 9 for evacuation
[2026-03-25T20:37:35.193+0900][3.275s][info][gc,phases   ] GC(54)   Pre Evacuate Collection Set: 0.07ms
[2026-03-25T20:37:35.193+0900][3.275s][info][gc,phases   ] GC(54)   Merge Heap Roots: 0.04ms
[2026-03-25T20:37:35.193+0900][3.275s][info][gc,phases   ] GC(54)   Evacuate Collection Set: 0.46ms
[2026-03-25T20:37:35.193+0900][3.275s][info][gc,phases   ] GC(54)   Post Evacuate Collection Set: 0.14ms
[2026-03-25T20:37:35.193+0900][3.275s][info][gc,phases   ] GC(54)   Other: 0.06ms
[2026-03-25T20:37:35.193+0900][3.275s][info][gc,heap     ] GC(54) Eden regions: 143->0(143)
[2026-03-25T20:37:35.193+0900][3.275s][info][gc,heap     ] GC(54) Survivor regions: 10->10(20)
[2026-03-25T20:37:35.193+0900][3.275s][info][gc,heap     ] GC(54) Old regions: 5->5
[2026-03-25T20:37:35.193+0900][3.275s][info][gc,heap     ] GC(54) Humongous regions: 0->0
[2026-03-25T20:37:35.193+0900][3.275s][info][gc,metaspace] GC(54) Metaspace: 5916K(6080K)->5916K(6080K) NonClass: 5284K(5376K)->5284K(5376K) Class: 632K(704K)->632K(704K)
[2026-03-25T20:37:35.193+0900][3.275s][info][gc          ] GC(54) Pause Young (Normal) (G1 Evacuation Pause) 155M->13M(258M) 0.945ms
[2026-03-25T20:37:35.193+0900][3.275s][info][gc,cpu      ] GC(54) User=0.00s Sys=0.00s Real=0.00s
[2026-03-25T20:37:35.251+0900][3.333s][info][gc,start    ] GC(55) Pause Young (Normal) (G1 Evacuation Pause)
[2026-03-25T20:37:35.251+0900][3.333s][info][gc,task     ] GC(55) Using 6 workers of 9 for evacuation
[2026-03-25T20:37:35.252+0900][3.333s][info][gc,phases   ] GC(55)   Pre Evacuate Collection Set: 0.08ms
[2026-03-25T20:37:35.252+0900][3.333s][info][gc,phases   ] GC(55)   Merge Heap Roots: 0.05ms
[2026-03-25T20:37:35.252+0900][3.333s][info][gc,phases   ] GC(55)   Evacuate Collection Set: 0.38ms
[2026-03-25T20:37:35.252+0900][3.333s][info][gc,phases   ] GC(55)   Post Evacuate Collection Set: 0.15ms
[2026-03-25T20:37:35.252+0900][3.333s][info][gc,phases   ] GC(55)   Other: 0.05ms
[2026-03-25T20:37:35.252+0900][3.333s][info][gc,heap     ] GC(55) Eden regions: 143->0(143)
[2026-03-25T20:37:35.252+0900][3.333s][info][gc,heap     ] GC(55) Survivor regions: 10->10(20)
[2026-03-25T20:37:35.252+0900][3.333s][info][gc,heap     ] GC(55) Old regions: 5->5
[2026-03-25T20:37:35.252+0900][3.333s][info][gc,heap     ] GC(55) Humongous regions: 0->0
[2026-03-25T20:37:35.252+0900][3.333s][info][gc,metaspace] GC(55) Metaspace: 5920K(6080K)->5920K(6080K) NonClass: 5288K(5376K)->5288K(5376K) Class: 632K(704K)->632K(704K)
[2026-03-25T20:37:35.252+0900][3.333s][info][gc          ] GC(55) Pause Young (Normal) (G1 Evacuation Pause) 155M->13M(258M) 0.882ms
[2026-03-25T20:37:35.252+0900][3.333s][info][gc,cpu      ] GC(55) User=0.00s Sys=0.00s Real=0.00s
[2026-03-25T20:37:35.309+0900][3.390s][info][gc,start    ] GC(56) Pause Young (Normal) (G1 Evacuation Pause)
[2026-03-25T20:37:35.309+0900][3.390s][info][gc,task     ] GC(56) Using 6 workers of 9 for evacuation
[2026-03-25T20:37:35.310+0900][3.391s][info][gc,phases   ] GC(56)   Pre Evacuate Collection Set: 0.07ms
[2026-03-25T20:37:35.310+0900][3.391s][info][gc,phases   ] GC(56)   Merge Heap Roots: 0.05ms
[2026-03-25T20:37:35.310+0900][3.391s][info][gc,phases   ] GC(56)   Evacuate Collection Set: 0.51ms
[2026-03-25T20:37:35.310+0900][3.391s][info][gc,phases   ] GC(56)   Post Evacuate Collection Set: 0.15ms
[2026-03-25T20:37:35.310+0900][3.391s][info][gc,phases   ] GC(56)   Other: 0.05ms
[2026-03-25T20:37:35.310+0900][3.391s][info][gc,heap     ] GC(56) Eden regions: 143->0(143)
[2026-03-25T20:37:35.310+0900][3.391s][info][gc,heap     ] GC(56) Survivor regions: 10->10(20)
[2026-03-25T20:37:35.310+0900][3.391s][info][gc,heap     ] GC(56) Old regions: 5->5
[2026-03-25T20:37:35.310+0900][3.391s][info][gc,heap     ] GC(56) Humongous regions: 0->0
[2026-03-25T20:37:35.310+0900][3.391s][info][gc,metaspace] GC(56) Metaspace: 5920K(6080K)->5920K(6080K) NonClass: 5288K(5376K)->5288K(5376K) Class: 632K(704K)->632K(704K)
[2026-03-25T20:37:35.310+0900][3.391s][info][gc          ] GC(56) Pause Young (Normal) (G1 Evacuation Pause) 155M->13M(258M) 1.024ms
[2026-03-25T20:37:35.310+0900][3.391s][info][gc,cpu      ] GC(56) User=0.01s Sys=0.00s Real=0.01s
[2026-03-25T20:37:35.368+0900][3.450s][info][gc,start    ] GC(57) Pause Young (Normal) (G1 Evacuation Pause)
[2026-03-25T20:37:35.369+0900][3.450s][info][gc,task     ] GC(57) Using 6 workers of 9 for evacuation
[2026-03-25T20:37:35.370+0900][3.451s][info][gc,phases   ] GC(57)   Pre Evacuate Collection Set: 0.11ms
[2026-03-25T20:37:35.370+0900][3.451s][info][gc,phases   ] GC(57)   Merge Heap Roots: 0.04ms
[2026-03-25T20:37:35.370+0900][3.451s][info][gc,phases   ] GC(57)   Evacuate Collection Set: 0.76ms
[2026-03-25T20:37:35.370+0900][3.451s][info][gc,phases   ] GC(57)   Post Evacuate Collection Set: 0.22ms
[2026-03-25T20:37:35.370+0900][3.451s][info][gc,phases   ] GC(57)   Other: 0.12ms
[2026-03-25T20:37:35.370+0900][3.451s][info][gc,heap     ] GC(57) Eden regions: 143->0(143)
[2026-03-25T20:37:35.370+0900][3.451s][info][gc,heap     ] GC(57) Survivor regions: 10->10(20)
[2026-03-25T20:37:35.370+0900][3.451s][info][gc,heap     ] GC(57) Old regions: 5->5
[2026-03-25T20:37:35.370+0900][3.451s][info][gc,heap     ] GC(57) Humongous regions: 0->0
[2026-03-25T20:37:35.370+0900][3.451s][info][gc,metaspace] GC(57) Metaspace: 5920K(6080K)->5920K(6080K) NonClass: 5288K(5376K)->5288K(5376K) Class: 632K(704K)->632K(704K)
[2026-03-25T20:37:35.370+0900][3.452s][info][gc          ] GC(57) Pause Young (Normal) (G1 Evacuation Pause) 155M->13M(258M) 1.592ms
[2026-03-25T20:37:35.370+0900][3.452s][info][gc,cpu      ] GC(57) User=0.00s Sys=0.00s Real=0.01s
[2026-03-25T20:37:35.427+0900][3.508s][info][gc,start    ] GC(58) Pause Young (Normal) (G1 Evacuation Pause)
[2026-03-25T20:37:35.427+0900][3.508s][info][gc,task     ] GC(58) Using 6 workers of 9 for evacuation
[2026-03-25T20:37:35.428+0900][3.509s][info][gc,phases   ] GC(58)   Pre Evacuate Collection Set: 0.06ms
[2026-03-25T20:37:35.428+0900][3.510s][info][gc,phases   ] GC(58)   Merge Heap Roots: 0.03ms
[2026-03-25T20:37:35.428+0900][3.510s][info][gc,phases   ] GC(58)   Evacuate Collection Set: 0.80ms
[2026-03-25T20:37:35.428+0900][3.510s][info][gc,phases   ] GC(58)   Post Evacuate Collection Set: 0.18ms
[2026-03-25T20:37:35.428+0900][3.510s][info][gc,phases   ] GC(58)   Other: 0.09ms
[2026-03-25T20:37:35.428+0900][3.510s][info][gc,heap     ] GC(58) Eden regions: 143->0(143)
[2026-03-25T20:37:35.428+0900][3.510s][info][gc,heap     ] GC(58) Survivor regions: 10->10(20)
[2026-03-25T20:37:35.428+0900][3.510s][info][gc,heap     ] GC(58) Old regions: 5->5
[2026-03-25T20:37:35.428+0900][3.510s][info][gc,heap     ] GC(58) Humongous regions: 0->0
[2026-03-25T20:37:35.428+0900][3.510s][info][gc,metaspace] GC(58) Metaspace: 5920K(6080K)->5920K(6080K) NonClass: 5288K(5376K)->5288K(5376K) Class: 632K(704K)->632K(704K)
[2026-03-25T20:37:35.428+0900][3.510s][info][gc          ] GC(58) Pause Young (Normal) (G1 Evacuation Pause) 155M->13M(258M) 1.460ms
[2026-03-25T20:37:35.428+0900][3.510s][info][gc,cpu      ] GC(58) User=0.00s Sys=0.00s Real=0.00s
[2026-03-25T20:37:35.487+0900][3.568s][info][gc,start    ] GC(59) Pause Young (Normal) (G1 Evacuation Pause)
[2026-03-25T20:37:35.487+0900][3.569s][info][gc,task     ] GC(59) Using 6 workers of 9 for evacuation
[2026-03-25T20:37:35.489+0900][3.570s][info][gc,phases   ] GC(59)   Pre Evacuate Collection Set: 0.11ms
[2026-03-25T20:37:35.489+0900][3.570s][info][gc,phases   ] GC(59)   Merge Heap Roots: 0.06ms
[2026-03-25T20:37:35.489+0900][3.570s][info][gc,phases   ] GC(59)   Evacuate Collection Set: 1.10ms
[2026-03-25T20:37:35.489+0900][3.570s][info][gc,phases   ] GC(59)   Post Evacuate Collection Set: 0.19ms
[2026-03-25T20:37:35.489+0900][3.570s][info][gc,phases   ] GC(59)   Other: 0.12ms
[2026-03-25T20:37:35.489+0900][3.570s][info][gc,heap     ] GC(59) Eden regions: 143->0(143)
[2026-03-25T20:37:35.489+0900][3.570s][info][gc,heap     ] GC(59) Survivor regions: 10->10(20)
[2026-03-25T20:37:35.489+0900][3.570s][info][gc,heap     ] GC(59) Old regions: 5->5
[2026-03-25T20:37:35.489+0900][3.570s][info][gc,heap     ] GC(59) Humongous regions: 0->0
[2026-03-25T20:37:35.489+0900][3.570s][info][gc,metaspace] GC(59) Metaspace: 5920K(6080K)->5920K(6080K) NonClass: 5288K(5376K)->5288K(5376K) Class: 632K(704K)->632K(704K)
[2026-03-25T20:37:35.489+0900][3.570s][info][gc          ] GC(59) Pause Young (Normal) (G1 Evacuation Pause) 155M->13M(258M) 1.918ms
[2026-03-25T20:37:35.489+0900][3.570s][info][gc,cpu      ] GC(59) User=0.00s Sys=0.00s Real=0.00s
[2026-03-25T20:37:35.548+0900][3.629s][info][gc,start    ] GC(60) Pause Young (Normal) (G1 Evacuation Pause)
[2026-03-25T20:37:35.548+0900][3.629s][info][gc,task     ] GC(60) Using 6 workers of 9 for evacuation
[2026-03-25T20:37:35.549+0900][3.630s][info][gc,phases   ] GC(60)   Pre Evacuate Collection Set: 0.06ms
[2026-03-25T20:37:35.549+0900][3.630s][info][gc,phases   ] GC(60)   Merge Heap Roots: 0.04ms
[2026-03-25T20:37:35.549+0900][3.630s][info][gc,phases   ] GC(60)   Evacuate Collection Set: 0.83ms
[2026-03-25T20:37:35.549+0900][3.630s][info][gc,phases   ] GC(60)   Post Evacuate Collection Set: 0.14ms
[2026-03-25T20:37:35.549+0900][3.630s][info][gc,phases   ] GC(60)   Other: 0.08ms
[2026-03-25T20:37:35.549+0900][3.630s][info][gc,heap     ] GC(60) Eden regions: 143->0(143)
[2026-03-25T20:37:35.549+0900][3.630s][info][gc,heap     ] GC(60) Survivor regions: 10->10(20)
[2026-03-25T20:37:35.549+0900][3.630s][info][gc,heap     ] GC(60) Old regions: 5->5
[2026-03-25T20:37:35.549+0900][3.630s][info][gc,heap     ] GC(60) Humongous regions: 0->0
[2026-03-25T20:37:35.549+0900][3.630s][info][gc,metaspace] GC(60) Metaspace: 5920K(6080K)->5920K(6080K) NonClass: 5288K(5376K)->5288K(5376K) Class: 632K(704K)->632K(704K)
[2026-03-25T20:37:35.549+0900][3.630s][info][gc          ] GC(60) Pause Young (Normal) (G1 Evacuation Pause) 155M->13M(258M) 1.396ms
[2026-03-25T20:37:35.549+0900][3.630s][info][gc,cpu      ] GC(60) User=0.01s Sys=0.00s Real=0.00s
[2026-03-25T20:37:35.608+0900][3.689s][info][gc,start    ] GC(61) Pause Young (Normal) (G1 Evacuation Pause)
[2026-03-25T20:37:35.608+0900][3.689s][info][gc,task     ] GC(61) Using 6 workers of 9 for evacuation
[2026-03-25T20:37:35.609+0900][3.690s][info][gc,phases   ] GC(61)   Pre Evacuate Collection Set: 0.07ms
[2026-03-25T20:37:35.609+0900][3.690s][info][gc,phases   ] GC(61)   Merge Heap Roots: 0.06ms
[2026-03-25T20:37:35.609+0900][3.690s][info][gc,phases   ] GC(61)   Evacuate Collection Set: 0.82ms
[2026-03-25T20:37:35.609+0900][3.690s][info][gc,phases   ] GC(61)   Post Evacuate Collection Set: 0.15ms
[2026-03-25T20:37:35.609+0900][3.691s][info][gc,phases   ] GC(61)   Other: 0.12ms
[2026-03-25T20:37:35.609+0900][3.691s][info][gc,heap     ] GC(61) Eden regions: 143->0(143)
[2026-03-25T20:37:35.609+0900][3.691s][info][gc,heap     ] GC(61) Survivor regions: 10->10(20)
[2026-03-25T20:37:35.609+0900][3.691s][info][gc,heap     ] GC(61) Old regions: 5->5
[2026-03-25T20:37:35.609+0900][3.691s][info][gc,heap     ] GC(61) Humongous regions: 0->0
[2026-03-25T20:37:35.609+0900][3.691s][info][gc,metaspace] GC(61) Metaspace: 5920K(6080K)->5920K(6080K) NonClass: 5288K(5376K)->5288K(5376K) Class: 632K(704K)->632K(704K)
[2026-03-25T20:37:35.609+0900][3.691s][info][gc          ] GC(61) Pause Young (Normal) (G1 Evacuation Pause) 155M->13M(258M) 1.425ms
[2026-03-25T20:37:35.609+0900][3.691s][info][gc,cpu      ] GC(61) User=0.01s Sys=0.00s Real=0.00s
[2026-03-25T20:37:35.667+0900][3.749s][info][gc,start    ] GC(62) Pause Young (Normal) (G1 Evacuation Pause)
[2026-03-25T20:37:35.667+0900][3.749s][info][gc,task     ] GC(62) Using 6 workers of 9 for evacuation
[2026-03-25T20:37:35.669+0900][3.750s][info][gc,phases   ] GC(62)   Pre Evacuate Collection Set: 0.08ms
[2026-03-25T20:37:35.669+0900][3.750s][info][gc,phases   ] GC(62)   Merge Heap Roots: 0.04ms
[2026-03-25T20:37:35.669+0900][3.750s][info][gc,phases   ] GC(62)   Evacuate Collection Set: 1.00ms
[2026-03-25T20:37:35.669+0900][3.750s][info][gc,phases   ] GC(62)   Post Evacuate Collection Set: 0.16ms
[2026-03-25T20:37:35.669+0900][3.750s][info][gc,phases   ] GC(62)   Other: 0.09ms
[2026-03-25T20:37:35.669+0900][3.750s][info][gc,heap     ] GC(62) Eden regions: 143->0(143)
[2026-03-25T20:37:35.669+0900][3.750s][info][gc,heap     ] GC(62) Survivor regions: 10->10(20)
[2026-03-25T20:37:35.669+0900][3.750s][info][gc,heap     ] GC(62) Old regions: 5->5
[2026-03-25T20:37:35.669+0900][3.750s][info][gc,heap     ] GC(62) Humongous regions: 0->0
[2026-03-25T20:37:35.669+0900][3.750s][info][gc,metaspace] GC(62) Metaspace: 5920K(6080K)->5920K(6080K) NonClass: 5288K(5376K)->5288K(5376K) Class: 632K(704K)->632K(704K)
[2026-03-25T20:37:35.669+0900][3.750s][info][gc          ] GC(62) Pause Young (Normal) (G1 Evacuation Pause) 155M->13M(258M) 1.656ms
[2026-03-25T20:37:35.669+0900][3.750s][info][gc,cpu      ] GC(62) User=0.00s Sys=0.00s Real=0.00s
[2026-03-25T20:37:35.728+0900][3.809s][info][gc,start    ] GC(63) Pause Young (Normal) (G1 Evacuation Pause)
[2026-03-25T20:37:35.728+0900][3.809s][info][gc,task     ] GC(63) Using 6 workers of 9 for evacuation
[2026-03-25T20:37:35.729+0900][3.811s][info][gc,phases   ] GC(63)   Pre Evacuate Collection Set: 0.08ms
[2026-03-25T20:37:35.729+0900][3.811s][info][gc,phases   ] GC(63)   Merge Heap Roots: 0.04ms
[2026-03-25T20:37:35.729+0900][3.811s][info][gc,phases   ] GC(63)   Evacuate Collection Set: 0.97ms
[2026-03-25T20:37:35.729+0900][3.811s][info][gc,phases   ] GC(63)   Post Evacuate Collection Set: 0.15ms
[2026-03-25T20:37:35.729+0900][3.811s][info][gc,phases   ] GC(63)   Other: 0.08ms
[2026-03-25T20:37:35.729+0900][3.811s][info][gc,heap     ] GC(63) Eden regions: 143->0(143)
[2026-03-25T20:37:35.729+0900][3.811s][info][gc,heap     ] GC(63) Survivor regions: 10->10(20)
[2026-03-25T20:37:35.729+0900][3.811s][info][gc,heap     ] GC(63) Old regions: 5->5
[2026-03-25T20:37:35.729+0900][3.811s][info][gc,heap     ] GC(63) Humongous regions: 0->0
[2026-03-25T20:37:35.729+0900][3.811s][info][gc,metaspace] GC(63) Metaspace: 5920K(6080K)->5920K(6080K) NonClass: 5288K(5376K)->5288K(5376K) Class: 632K(704K)->632K(704K)
[2026-03-25T20:37:35.729+0900][3.811s][info][gc          ] GC(63) Pause Young (Normal) (G1 Evacuation Pause) 155M->13M(258M) 1.599ms
[2026-03-25T20:37:35.729+0900][3.811s][info][gc,cpu      ] GC(63) User=0.00s Sys=0.01s Real=0.00s
[2026-03-25T20:37:35.788+0900][3.869s][info][gc,start    ] GC(64) Pause Young (Normal) (G1 Evacuation Pause)
[2026-03-25T20:37:35.788+0900][3.869s][info][gc,task     ] GC(64) Using 6 workers of 9 for evacuation
[2026-03-25T20:37:35.789+0900][3.870s][info][gc,phases   ] GC(64)   Pre Evacuate Collection Set: 0.07ms
[2026-03-25T20:37:35.789+0900][3.870s][info][gc,phases   ] GC(64)   Merge Heap Roots: 0.04ms
[2026-03-25T20:37:35.789+0900][3.870s][info][gc,phases   ] GC(64)   Evacuate Collection Set: 0.70ms
[2026-03-25T20:37:35.789+0900][3.870s][info][gc,phases   ] GC(64)   Post Evacuate Collection Set: 0.17ms
[2026-03-25T20:37:35.789+0900][3.870s][info][gc,phases   ] GC(64)   Other: 0.08ms
[2026-03-25T20:37:35.789+0900][3.870s][info][gc,heap     ] GC(64) Eden regions: 143->0(143)
[2026-03-25T20:37:35.789+0900][3.870s][info][gc,heap     ] GC(64) Survivor regions: 10->10(20)
[2026-03-25T20:37:35.789+0900][3.870s][info][gc,heap     ] GC(64) Old regions: 5->5
[2026-03-25T20:37:35.789+0900][3.870s][info][gc,heap     ] GC(64) Humongous regions: 0->0
[2026-03-25T20:37:35.789+0900][3.870s][info][gc,metaspace] GC(64) Metaspace: 5920K(6080K)->5920K(6080K) NonClass: 5288K(5376K)->5288K(5376K) Class: 632K(704K)->632K(704K)
[2026-03-25T20:37:35.789+0900][3.870s][info][gc          ] GC(64) Pause Young (Normal) (G1 Evacuation Pause) 155M->13M(258M) 1.320ms
[2026-03-25T20:37:35.789+0900][3.870s][info][gc,cpu      ] GC(64) User=0.00s Sys=0.00s Real=0.00s
[2026-03-25T20:37:35.899+0900][3.980s][info][gc,start    ] GC(65) Pause Young (Normal) (G1 Evacuation Pause)
[2026-03-25T20:37:35.899+0900][3.980s][info][gc,task     ] GC(65) Using 6 workers of 9 for evacuation
[2026-03-25T20:37:35.901+0900][3.982s][info][gc,phases   ] GC(65)   Pre Evacuate Collection Set: 0.11ms
[2026-03-25T20:37:35.901+0900][3.982s][info][gc,phases   ] GC(65)   Merge Heap Roots: 0.07ms
[2026-03-25T20:37:35.901+0900][3.982s][info][gc,phases   ] GC(65)   Evacuate Collection Set: 1.14ms
[2026-03-25T20:37:35.901+0900][3.982s][info][gc,phases   ] GC(65)   Post Evacuate Collection Set: 0.27ms
[2026-03-25T20:37:35.901+0900][3.982s][info][gc,phases   ] GC(65)   Other: 0.13ms
[2026-03-25T20:37:35.901+0900][3.982s][info][gc,heap     ] GC(65) Eden regions: 143->0(143)
[2026-03-25T20:37:35.901+0900][3.982s][info][gc,heap     ] GC(65) Survivor regions: 10->10(20)
[2026-03-25T20:37:35.901+0900][3.982s][info][gc,heap     ] GC(65) Old regions: 5->5
[2026-03-25T20:37:35.901+0900][3.982s][info][gc,heap     ] GC(65) Humongous regions: 0->0
[2026-03-25T20:37:35.901+0900][3.982s][info][gc,metaspace] GC(65) Metaspace: 5920K(6080K)->5920K(6080K) NonClass: 5288K(5376K)->5288K(5376K) Class: 632K(704K)->632K(704K)
[2026-03-25T20:37:35.901+0900][3.982s][info][gc          ] GC(65) Pause Young (Normal) (G1 Evacuation Pause) 155M->13M(258M) 2.134ms
[2026-03-25T20:37:35.901+0900][3.982s][info][gc,cpu      ] GC(65) User=0.01s Sys=0.00s Real=0.01s
[2026-03-25T20:37:35.959+0900][4.041s][info][gc,start    ] GC(66) Pause Young (Normal) (G1 Evacuation Pause)
[2026-03-25T20:37:35.959+0900][4.041s][info][gc,task     ] GC(66) Using 6 workers of 9 for evacuation
[2026-03-25T20:37:35.961+0900][4.043s][info][gc,phases   ] GC(66)   Pre Evacuate Collection Set: 0.08ms
[2026-03-25T20:37:35.961+0900][4.043s][info][gc,phases   ] GC(66)   Merge Heap Roots: 0.12ms
[2026-03-25T20:37:35.961+0900][4.043s][info][gc,phases   ] GC(66)   Evacuate Collection Set: 1.46ms
[2026-03-25T20:37:35.961+0900][4.043s][info][gc,phases   ] GC(66)   Post Evacuate Collection Set: 0.20ms
[2026-03-25T20:37:35.961+0900][4.043s][info][gc,phases   ] GC(66)   Other: 0.11ms
[2026-03-25T20:37:35.962+0900][4.043s][info][gc,heap     ] GC(66) Eden regions: 143->0(143)
[2026-03-25T20:37:35.962+0900][4.043s][info][gc,heap     ] GC(66) Survivor regions: 10->10(20)
[2026-03-25T20:37:35.962+0900][4.043s][info][gc,heap     ] GC(66) Old regions: 5->5
[2026-03-25T20:37:35.962+0900][4.043s][info][gc,heap     ] GC(66) Humongous regions: 0->0
[2026-03-25T20:37:35.962+0900][4.043s][info][gc,metaspace] GC(66) Metaspace: 5920K(6080K)->5920K(6080K) NonClass: 5288K(5376K)->5288K(5376K) Class: 632K(704K)->632K(704K)
[2026-03-25T20:37:35.962+0900][4.043s][info][gc          ] GC(66) Pause Young (Normal) (G1 Evacuation Pause) 155M->13M(258M) 2.357ms
[2026-03-25T20:37:35.962+0900][4.043s][info][gc,cpu      ] GC(66) User=0.01s Sys=0.00s Real=0.01s
[2026-03-25T20:37:36.019+0900][4.101s][info][gc,start    ] GC(67) Pause Young (Normal) (G1 Evacuation Pause)
[2026-03-25T20:37:36.020+0900][4.101s][info][gc,task     ] GC(67) Using 6 workers of 9 for evacuation
[2026-03-25T20:37:36.021+0900][4.103s][info][gc,phases   ] GC(67)   Pre Evacuate Collection Set: 0.14ms
[2026-03-25T20:37:36.021+0900][4.103s][info][gc,phases   ] GC(67)   Merge Heap Roots: 0.05ms
[2026-03-25T20:37:36.021+0900][4.103s][info][gc,phases   ] GC(67)   Evacuate Collection Set: 0.95ms
[2026-03-25T20:37:36.021+0900][4.103s][info][gc,phases   ] GC(67)   Post Evacuate Collection Set: 0.18ms
[2026-03-25T20:37:36.021+0900][4.103s][info][gc,phases   ] GC(67)   Other: 0.11ms
[2026-03-25T20:37:36.021+0900][4.103s][info][gc,heap     ] GC(67) Eden regions: 143->0(143)
[2026-03-25T20:37:36.021+0900][4.103s][info][gc,heap     ] GC(67) Survivor regions: 10->10(20)
[2026-03-25T20:37:36.021+0900][4.103s][info][gc,heap     ] GC(67) Old regions: 5->5
[2026-03-25T20:37:36.021+0900][4.103s][info][gc,heap     ] GC(67) Humongous regions: 0->0
[2026-03-25T20:37:36.021+0900][4.103s][info][gc,metaspace] GC(67) Metaspace: 5920K(6080K)->5920K(6080K) NonClass: 5288K(5376K)->5288K(5376K) Class: 632K(704K)->632K(704K)
[2026-03-25T20:37:36.021+0900][4.103s][info][gc          ] GC(67) Pause Young (Normal) (G1 Evacuation Pause) 155M->13M(258M) 1.803ms
[2026-03-25T20:37:36.021+0900][4.103s][info][gc,cpu      ] GC(67) User=0.01s Sys=0.00s Real=0.01s
[2026-03-25T20:37:36.080+0900][4.161s][info][gc,start    ] GC(68) Pause Young (Normal) (G1 Evacuation Pause)
[2026-03-25T20:37:36.080+0900][4.161s][info][gc,task     ] GC(68) Using 6 workers of 9 for evacuation
[2026-03-25T20:37:36.081+0900][4.163s][info][gc,phases   ] GC(68)   Pre Evacuate Collection Set: 0.11ms
[2026-03-25T20:37:36.081+0900][4.163s][info][gc,phases   ] GC(68)   Merge Heap Roots: 0.07ms
[2026-03-25T20:37:36.081+0900][4.163s][info][gc,phases   ] GC(68)   Evacuate Collection Set: 1.06ms
[2026-03-25T20:37:36.081+0900][4.163s][info][gc,phases   ] GC(68)   Post Evacuate Collection Set: 0.26ms
[2026-03-25T20:37:36.081+0900][4.163s][info][gc,phases   ] GC(68)   Other: 0.08ms
[2026-03-25T20:37:36.081+0900][4.163s][info][gc,heap     ] GC(68) Eden regions: 143->0(143)
[2026-03-25T20:37:36.081+0900][4.163s][info][gc,heap     ] GC(68) Survivor regions: 10->10(20)
[2026-03-25T20:37:36.081+0900][4.163s][info][gc,heap     ] GC(68) Old regions: 5->5
[2026-03-25T20:37:36.081+0900][4.163s][info][gc,heap     ] GC(68) Humongous regions: 0->0
[2026-03-25T20:37:36.081+0900][4.163s][info][gc,metaspace] GC(68) Metaspace: 5920K(6080K)->5920K(6080K) NonClass: 5288K(5376K)->5288K(5376K) Class: 632K(704K)->632K(704K)
[2026-03-25T20:37:36.082+0900][4.163s][info][gc          ] GC(68) Pause Young (Normal) (G1 Evacuation Pause) 155M->13M(258M) 1.786ms
[2026-03-25T20:37:36.082+0900][4.163s][info][gc,cpu      ] GC(68) User=0.01s Sys=0.00s Real=0.00s
[2026-03-25T20:37:36.139+0900][4.220s][info][gc,start    ] GC(69) Pause Young (Normal) (G1 Evacuation Pause)
[2026-03-25T20:37:36.139+0900][4.221s][info][gc,task     ] GC(69) Using 6 workers of 9 for evacuation
[2026-03-25T20:37:36.140+0900][4.221s][info][gc,phases   ] GC(69)   Pre Evacuate Collection Set: 0.08ms
[2026-03-25T20:37:36.140+0900][4.221s][info][gc,phases   ] GC(69)   Merge Heap Roots: 0.03ms
[2026-03-25T20:37:36.140+0900][4.221s][info][gc,phases   ] GC(69)   Evacuate Collection Set: 0.44ms
[2026-03-25T20:37:36.140+0900][4.221s][info][gc,phases   ] GC(69)   Post Evacuate Collection Set: 0.12ms
[2026-03-25T20:37:36.140+0900][4.221s][info][gc,phases   ] GC(69)   Other: 0.04ms
[2026-03-25T20:37:36.140+0900][4.221s][info][gc,heap     ] GC(69) Eden regions: 143->0(143)
[2026-03-25T20:37:36.140+0900][4.221s][info][gc,heap     ] GC(69) Survivor regions: 10->10(20)
[2026-03-25T20:37:36.140+0900][4.221s][info][gc,heap     ] GC(69) Old regions: 5->5
[2026-03-25T20:37:36.140+0900][4.221s][info][gc,heap     ] GC(69) Humongous regions: 0->0
[2026-03-25T20:37:36.140+0900][4.221s][info][gc,metaspace] GC(69) Metaspace: 5920K(6080K)->5920K(6080K) NonClass: 5288K(5376K)->5288K(5376K) Class: 632K(704K)->632K(704K)
[2026-03-25T20:37:36.140+0900][4.221s][info][gc          ] GC(69) Pause Young (Normal) (G1 Evacuation Pause) 155M->13M(258M) 0.853ms
[2026-03-25T20:37:36.140+0900][4.221s][info][gc,cpu      ] GC(69) User=0.00s Sys=0.00s Real=0.01s
[2026-03-25T20:37:36.196+0900][4.278s][info][gc,start    ] GC(70) Pause Young (Normal) (G1 Evacuation Pause)
[2026-03-25T20:37:36.196+0900][4.278s][info][gc,task     ] GC(70) Using 6 workers of 9 for evacuation
[2026-03-25T20:37:36.197+0900][4.279s][info][gc,phases   ] GC(70)   Pre Evacuate Collection Set: 0.07ms
[2026-03-25T20:37:36.197+0900][4.279s][info][gc,phases   ] GC(70)   Merge Heap Roots: 0.04ms
[2026-03-25T20:37:36.197+0900][4.279s][info][gc,phases   ] GC(70)   Evacuate Collection Set: 0.43ms
[2026-03-25T20:37:36.197+0900][4.279s][info][gc,phases   ] GC(70)   Post Evacuate Collection Set: 0.15ms
[2026-03-25T20:37:36.197+0900][4.279s][info][gc,phases   ] GC(70)   Other: 0.05ms
[2026-03-25T20:37:36.197+0900][4.279s][info][gc,heap     ] GC(70) Eden regions: 143->0(143)
[2026-03-25T20:37:36.197+0900][4.279s][info][gc,heap     ] GC(70) Survivor regions: 10->10(20)
[2026-03-25T20:37:36.197+0900][4.279s][info][gc,heap     ] GC(70) Old regions: 5->5
[2026-03-25T20:37:36.197+0900][4.279s][info][gc,heap     ] GC(70) Humongous regions: 0->0
[2026-03-25T20:37:36.197+0900][4.279s][info][gc,metaspace] GC(70) Metaspace: 5920K(6080K)->5920K(6080K) NonClass: 5288K(5376K)->5288K(5376K) Class: 632K(704K)->632K(704K)
[2026-03-25T20:37:36.197+0900][4.279s][info][gc          ] GC(70) Pause Young (Normal) (G1 Evacuation Pause) 155M->13M(258M) 0.907ms
[2026-03-25T20:37:36.197+0900][4.279s][info][gc,cpu      ] GC(70) User=0.01s Sys=0.00s Real=0.00s
[2026-03-25T20:37:36.251+0900][4.332s][info][gc,start    ] GC(71) Pause Young (Normal) (G1 Evacuation Pause)
[2026-03-25T20:37:36.251+0900][4.332s][info][gc,task     ] GC(71) Using 6 workers of 9 for evacuation
[2026-03-25T20:37:36.251+0900][4.333s][info][gc,phases   ] GC(71)   Pre Evacuate Collection Set: 0.03ms
[2026-03-25T20:37:36.251+0900][4.333s][info][gc,phases   ] GC(71)   Merge Heap Roots: 0.02ms
[2026-03-25T20:37:36.251+0900][4.333s][info][gc,phases   ] GC(71)   Evacuate Collection Set: 0.36ms
[2026-03-25T20:37:36.251+0900][4.333s][info][gc,phases   ] GC(71)   Post Evacuate Collection Set: 0.12ms
[2026-03-25T20:37:36.251+0900][4.333s][info][gc,phases   ] GC(71)   Other: 0.04ms
[2026-03-25T20:37:36.251+0900][4.333s][info][gc,heap     ] GC(71) Eden regions: 143->0(142)
[2026-03-25T20:37:36.251+0900][4.333s][info][gc,heap     ] GC(71) Survivor regions: 10->11(20)
[2026-03-25T20:37:36.251+0900][4.333s][info][gc,heap     ] GC(71) Old regions: 5->5
[2026-03-25T20:37:36.251+0900][4.333s][info][gc,heap     ] GC(71) Humongous regions: 0->0
[2026-03-25T20:37:36.251+0900][4.333s][info][gc,metaspace] GC(71) Metaspace: 5936K(6144K)->5936K(6144K) NonClass: 5304K(5440K)->5304K(5440K) Class: 632K(704K)->632K(704K)
[2026-03-25T20:37:36.251+0900][4.333s][info][gc          ] GC(71) Pause Young (Normal) (G1 Evacuation Pause) 155M->13M(258M) 0.681ms
[2026-03-25T20:37:36.251+0900][4.333s][info][gc,cpu      ] GC(71) User=0.00s Sys=0.00s Real=0.00s
[2026-03-25T20:37:36.307+0900][4.389s][info][gc,start    ] GC(72) Pause Young (Normal) (G1 Evacuation Pause)
[2026-03-25T20:37:36.307+0900][4.389s][info][gc,task     ] GC(72) Using 6 workers of 9 for evacuation
[2026-03-25T20:37:36.308+0900][4.389s][info][gc,phases   ] GC(72)   Pre Evacuate Collection Set: 0.04ms
[2026-03-25T20:37:36.308+0900][4.389s][info][gc,phases   ] GC(72)   Merge Heap Roots: 0.02ms
[2026-03-25T20:37:36.308+0900][4.389s][info][gc,phases   ] GC(72)   Evacuate Collection Set: 0.28ms
[2026-03-25T20:37:36.308+0900][4.389s][info][gc,phases   ] GC(72)   Post Evacuate Collection Set: 0.09ms
[2026-03-25T20:37:36.308+0900][4.389s][info][gc,phases   ] GC(72)   Other: 0.03ms
[2026-03-25T20:37:36.308+0900][4.389s][info][gc,heap     ] GC(72) Eden regions: 142->0(143)
[2026-03-25T20:37:36.308+0900][4.389s][info][gc,heap     ] GC(72) Survivor regions: 11->10(20)
[2026-03-25T20:37:36.308+0900][4.389s][info][gc,heap     ] GC(72) Old regions: 5->5
[2026-03-25T20:37:36.308+0900][4.389s][info][gc,heap     ] GC(72) Humongous regions: 0->0
[2026-03-25T20:37:36.308+0900][4.389s][info][gc,metaspace] GC(72) Metaspace: 5936K(6144K)->5936K(6144K) NonClass: 5304K(5440K)->5304K(5440K) Class: 632K(704K)->632K(704K)
[2026-03-25T20:37:36.308+0900][4.389s][info][gc          ] GC(72) Pause Young (Normal) (G1 Evacuation Pause) 155M->13M(258M) 0.564ms
[2026-03-25T20:37:36.308+0900][4.389s][info][gc,cpu      ] GC(72) User=0.01s Sys=0.00s Real=0.00s
[2026-03-25T20:37:36.364+0900][4.445s][info][gc,start    ] GC(73) Pause Young (Normal) (G1 Evacuation Pause)
[2026-03-25T20:37:36.364+0900][4.446s][info][gc,task     ] GC(73) Using 6 workers of 9 for evacuation
[2026-03-25T20:37:36.365+0900][4.446s][info][gc,phases   ] GC(73)   Pre Evacuate Collection Set: 0.06ms
[2026-03-25T20:37:36.365+0900][4.446s][info][gc,phases   ] GC(73)   Merge Heap Roots: 0.04ms
[2026-03-25T20:37:36.365+0900][4.446s][info][gc,phases   ] GC(73)   Evacuate Collection Set: 0.30ms
[2026-03-25T20:37:36.365+0900][4.446s][info][gc,phases   ] GC(73)   Post Evacuate Collection Set: 0.15ms
[2026-03-25T20:37:36.365+0900][4.446s][info][gc,phases   ] GC(73)   Other: 0.05ms
[2026-03-25T20:37:36.365+0900][4.446s][info][gc,heap     ] GC(73) Eden regions: 143->0(143)
[2026-03-25T20:37:36.365+0900][4.446s][info][gc,heap     ] GC(73) Survivor regions: 10->10(20)
[2026-03-25T20:37:36.365+0900][4.446s][info][gc,heap     ] GC(73) Old regions: 5->5
[2026-03-25T20:37:36.365+0900][4.446s][info][gc,heap     ] GC(73) Humongous regions: 0->0
[2026-03-25T20:37:36.365+0900][4.446s][info][gc,metaspace] GC(73) Metaspace: 5936K(6144K)->5936K(6144K) NonClass: 5304K(5440K)->5304K(5440K) Class: 632K(704K)->632K(704K)
[2026-03-25T20:37:36.365+0900][4.446s][info][gc          ] GC(73) Pause Young (Normal) (G1 Evacuation Pause) 155M->13M(258M) 0.713ms
[2026-03-25T20:37:36.365+0900][4.446s][info][gc,cpu      ] GC(73) User=0.00s Sys=0.00s Real=0.00s
[2026-03-25T20:37:36.421+0900][4.503s][info][gc,start    ] GC(74) Pause Young (Normal) (G1 Evacuation Pause)
[2026-03-25T20:37:36.421+0900][4.503s][info][gc,task     ] GC(74) Using 6 workers of 9 for evacuation
[2026-03-25T20:37:36.422+0900][4.503s][info][gc,phases   ] GC(74)   Pre Evacuate Collection Set: 0.03ms
[2026-03-25T20:37:36.422+0900][4.503s][info][gc,phases   ] GC(74)   Merge Heap Roots: 0.03ms
[2026-03-25T20:37:36.422+0900][4.503s][info][gc,phases   ] GC(74)   Evacuate Collection Set: 0.29ms
[2026-03-25T20:37:36.422+0900][4.503s][info][gc,phases   ] GC(74)   Post Evacuate Collection Set: 0.12ms
[2026-03-25T20:37:36.422+0900][4.503s][info][gc,phases   ] GC(74)   Other: 0.05ms
[2026-03-25T20:37:36.422+0900][4.503s][info][gc,heap     ] GC(74) Eden regions: 143->0(143)
[2026-03-25T20:37:36.422+0900][4.503s][info][gc,heap     ] GC(74) Survivor regions: 10->10(20)
[2026-03-25T20:37:36.422+0900][4.503s][info][gc,heap     ] GC(74) Old regions: 5->5
[2026-03-25T20:37:36.422+0900][4.503s][info][gc,heap     ] GC(74) Humongous regions: 0->0
[2026-03-25T20:37:36.422+0900][4.503s][info][gc,metaspace] GC(74) Metaspace: 5936K(6144K)->5936K(6144K) NonClass: 5304K(5440K)->5304K(5440K) Class: 632K(704K)->632K(704K)
[2026-03-25T20:37:36.422+0900][4.503s][info][gc          ] GC(74) Pause Young (Normal) (G1 Evacuation Pause) 155M->13M(258M) 0.637ms
[2026-03-25T20:37:36.422+0900][4.503s][info][gc,cpu      ] GC(74) User=0.00s Sys=0.00s Real=0.00s
[2026-03-25T20:37:36.479+0900][4.560s][info][gc,start    ] GC(75) Pause Young (Normal) (G1 Evacuation Pause)
[2026-03-25T20:37:36.479+0900][4.560s][info][gc,task     ] GC(75) Using 6 workers of 9 for evacuation
[2026-03-25T20:37:36.479+0900][4.561s][info][gc,phases   ] GC(75)   Pre Evacuate Collection Set: 0.07ms
[2026-03-25T20:37:36.479+0900][4.561s][info][gc,phases   ] GC(75)   Merge Heap Roots: 0.03ms
[2026-03-25T20:37:36.479+0900][4.561s][info][gc,phases   ] GC(75)   Evacuate Collection Set: 0.43ms
[2026-03-25T20:37:36.479+0900][4.561s][info][gc,phases   ] GC(75)   Post Evacuate Collection Set: 0.10ms
[2026-03-25T20:37:36.479+0900][4.561s][info][gc,phases   ] GC(75)   Other: 0.03ms
[2026-03-25T20:37:36.480+0900][4.561s][info][gc,heap     ] GC(75) Eden regions: 143->0(143)
[2026-03-25T20:37:36.480+0900][4.561s][info][gc,heap     ] GC(75) Survivor regions: 10->10(20)
[2026-03-25T20:37:36.480+0900][4.561s][info][gc,heap     ] GC(75) Old regions: 5->5
[2026-03-25T20:37:36.480+0900][4.561s][info][gc,heap     ] GC(75) Humongous regions: 0->0
[2026-03-25T20:37:36.480+0900][4.561s][info][gc,metaspace] GC(75) Metaspace: 5936K(6144K)->5936K(6144K) NonClass: 5304K(5440K)->5304K(5440K) Class: 632K(704K)->632K(704K)
[2026-03-25T20:37:36.480+0900][4.561s][info][gc          ] GC(75) Pause Young (Normal) (G1 Evacuation Pause) 155M->13M(258M) 0.751ms
[2026-03-25T20:37:36.480+0900][4.561s][info][gc,cpu      ] GC(75) User=0.00s Sys=0.00s Real=0.01s
[2026-03-25T20:37:36.534+0900][4.616s][info][gc,start    ] GC(76) Pause Young (Normal) (G1 Evacuation Pause)
[2026-03-25T20:37:36.534+0900][4.616s][info][gc,task     ] GC(76) Using 6 workers of 9 for evacuation
[2026-03-25T20:37:36.535+0900][4.616s][info][gc,phases   ] GC(76)   Pre Evacuate Collection Set: 0.06ms
[2026-03-25T20:37:36.535+0900][4.616s][info][gc,phases   ] GC(76)   Merge Heap Roots: 0.03ms
[2026-03-25T20:37:36.535+0900][4.616s][info][gc,phases   ] GC(76)   Evacuate Collection Set: 0.31ms
[2026-03-25T20:37:36.535+0900][4.616s][info][gc,phases   ] GC(76)   Post Evacuate Collection Set: 0.13ms
[2026-03-25T20:37:36.535+0900][4.616s][info][gc,phases   ] GC(76)   Other: 0.04ms
[2026-03-25T20:37:36.535+0900][4.616s][info][gc,heap     ] GC(76) Eden regions: 143->0(143)
[2026-03-25T20:37:36.535+0900][4.616s][info][gc,heap     ] GC(76) Survivor regions: 10->10(20)
[2026-03-25T20:37:36.535+0900][4.616s][info][gc,heap     ] GC(76) Old regions: 5->5
[2026-03-25T20:37:36.535+0900][4.616s][info][gc,heap     ] GC(76) Humongous regions: 0->0
[2026-03-25T20:37:36.535+0900][4.616s][info][gc,metaspace] GC(76) Metaspace: 5936K(6144K)->5936K(6144K) NonClass: 5304K(5440K)->5304K(5440K) Class: 632K(704K)->632K(704K)
[2026-03-25T20:37:36.535+0900][4.616s][info][gc          ] GC(76) Pause Young (Normal) (G1 Evacuation Pause) 155M->13M(258M) 0.713ms
[2026-03-25T20:37:36.535+0900][4.616s][info][gc,cpu      ] GC(76) User=0.00s Sys=0.00s Real=0.00s
[2026-03-25T20:37:36.593+0900][4.674s][info][gc,start    ] GC(77) Pause Young (Normal) (G1 Evacuation Pause)
[2026-03-25T20:37:36.593+0900][4.674s][info][gc,task     ] GC(77) Using 6 workers of 9 for evacuation
[2026-03-25T20:37:36.594+0900][4.676s][info][gc,phases   ] GC(77)   Pre Evacuate Collection Set: 0.06ms
[2026-03-25T20:37:36.594+0900][4.676s][info][gc,phases   ] GC(77)   Merge Heap Roots: 0.04ms
[2026-03-25T20:37:36.594+0900][4.676s][info][gc,phases   ] GC(77)   Evacuate Collection Set: 1.01ms
[2026-03-25T20:37:36.594+0900][4.676s][info][gc,phases   ] GC(77)   Post Evacuate Collection Set: 0.13ms
[2026-03-25T20:37:36.594+0900][4.676s][info][gc,phases   ] GC(77)   Other: 0.08ms
[2026-03-25T20:37:36.594+0900][4.676s][info][gc,heap     ] GC(77) Eden regions: 143->0(143)
[2026-03-25T20:37:36.594+0900][4.676s][info][gc,heap     ] GC(77) Survivor regions: 10->10(20)
[2026-03-25T20:37:36.594+0900][4.676s][info][gc,heap     ] GC(77) Old regions: 5->5
[2026-03-25T20:37:36.594+0900][4.676s][info][gc,heap     ] GC(77) Humongous regions: 0->0
[2026-03-25T20:37:36.594+0900][4.676s][info][gc,metaspace] GC(77) Metaspace: 5936K(6144K)->5936K(6144K) NonClass: 5304K(5440K)->5304K(5440K) Class: 632K(704K)->632K(704K)
[2026-03-25T20:37:36.594+0900][4.676s][info][gc          ] GC(77) Pause Young (Normal) (G1 Evacuation Pause) 155M->13M(258M) 1.616ms
[2026-03-25T20:37:36.594+0900][4.676s][info][gc,cpu      ] GC(77) User=0.01s Sys=0.00s Real=0.00s
[2026-03-25T20:37:36.653+0900][4.734s][info][gc,start    ] GC(78) Pause Young (Normal) (G1 Evacuation Pause)
[2026-03-25T20:37:36.653+0900][4.734s][info][gc,task     ] GC(78) Using 6 workers of 9 for evacuation
[2026-03-25T20:37:36.654+0900][4.736s][info][gc,phases   ] GC(78)   Pre Evacuate Collection Set: 0.09ms
[2026-03-25T20:37:36.654+0900][4.736s][info][gc,phases   ] GC(78)   Merge Heap Roots: 0.05ms
[2026-03-25T20:37:36.654+0900][4.736s][info][gc,phases   ] GC(78)   Evacuate Collection Set: 1.14ms
[2026-03-25T20:37:36.654+0900][4.736s][info][gc,phases   ] GC(78)   Post Evacuate Collection Set: 0.18ms
[2026-03-25T20:37:36.654+0900][4.736s][info][gc,phases   ] GC(78)   Other: 0.10ms
[2026-03-25T20:37:36.655+0900][4.736s][info][gc,heap     ] GC(78) Eden regions: 143->0(143)
[2026-03-25T20:37:36.655+0900][4.736s][info][gc,heap     ] GC(78) Survivor regions: 10->10(20)
[2026-03-25T20:37:36.655+0900][4.736s][info][gc,heap     ] GC(78) Old regions: 5->5
[2026-03-25T20:37:36.655+0900][4.736s][info][gc,heap     ] GC(78) Humongous regions: 0->0
[2026-03-25T20:37:36.655+0900][4.736s][info][gc,metaspace] GC(78) Metaspace: 5936K(6144K)->5936K(6144K) NonClass: 5304K(5440K)->5304K(5440K) Class: 632K(704K)->632K(704K)
[2026-03-25T20:37:36.655+0900][4.736s][info][gc          ] GC(78) Pause Young (Normal) (G1 Evacuation Pause) 155M->13M(258M) 1.912ms
[2026-03-25T20:37:36.655+0900][4.736s][info][gc,cpu      ] GC(78) User=0.01s Sys=0.00s Real=0.00s
[2026-03-25T20:37:36.710+0900][4.791s][info][gc,start    ] GC(79) Pause Young (Normal) (G1 Evacuation Pause)
[2026-03-25T20:37:36.710+0900][4.791s][info][gc,task     ] GC(79) Using 6 workers of 9 for evacuation
[2026-03-25T20:37:36.711+0900][4.793s][info][gc,phases   ] GC(79)   Pre Evacuate Collection Set: 0.07ms
[2026-03-25T20:37:36.711+0900][4.793s][info][gc,phases   ] GC(79)   Merge Heap Roots: 0.04ms
[2026-03-25T20:37:36.711+0900][4.793s][info][gc,phases   ] GC(79)   Evacuate Collection Set: 0.92ms
[2026-03-25T20:37:36.711+0900][4.793s][info][gc,phases   ] GC(79)   Post Evacuate Collection Set: 0.16ms
[2026-03-25T20:37:36.711+0900][4.793s][info][gc,phases   ] GC(79)   Other: 0.09ms
[2026-03-25T20:37:36.711+0900][4.793s][info][gc,heap     ] GC(79) Eden regions: 143->0(143)
[2026-03-25T20:37:36.711+0900][4.793s][info][gc,heap     ] GC(79) Survivor regions: 10->10(20)
[2026-03-25T20:37:36.711+0900][4.793s][info][gc,heap     ] GC(79) Old regions: 5->5
[2026-03-25T20:37:36.711+0900][4.793s][info][gc,heap     ] GC(79) Humongous regions: 0->0
[2026-03-25T20:37:36.711+0900][4.793s][info][gc,metaspace] GC(79) Metaspace: 5936K(6144K)->5936K(6144K) NonClass: 5304K(5440K)->5304K(5440K) Class: 632K(704K)->632K(704K)
[2026-03-25T20:37:36.711+0900][4.793s][info][gc          ] GC(79) Pause Young (Normal) (G1 Evacuation Pause) 155M->13M(258M) 1.598ms
[2026-03-25T20:37:36.711+0900][4.793s][info][gc,cpu      ] GC(79) User=0.01s Sys=0.01s Real=0.00s
[2026-03-25T20:37:36.770+0900][4.851s][info][gc,start    ] GC(80) Pause Young (Normal) (G1 Evacuation Pause)
[2026-03-25T20:37:36.770+0900][4.851s][info][gc,task     ] GC(80) Using 6 workers of 9 for evacuation
[2026-03-25T20:37:36.771+0900][4.852s][info][gc,phases   ] GC(80)   Pre Evacuate Collection Set: 0.14ms
[2026-03-25T20:37:36.771+0900][4.853s][info][gc,phases   ] GC(80)   Merge Heap Roots: 0.04ms
[2026-03-25T20:37:36.771+0900][4.853s][info][gc,phases   ] GC(80)   Evacuate Collection Set: 0.60ms
[2026-03-25T20:37:36.771+0900][4.853s][info][gc,phases   ] GC(80)   Post Evacuate Collection Set: 0.16ms
[2026-03-25T20:37:36.771+0900][4.853s][info][gc,phases   ] GC(80)   Other: 0.10ms
[2026-03-25T20:37:36.771+0900][4.853s][info][gc,heap     ] GC(80) Eden regions: 143->0(143)
[2026-03-25T20:37:36.771+0900][4.853s][info][gc,heap     ] GC(80) Survivor regions: 10->10(20)
[2026-03-25T20:37:36.771+0900][4.853s][info][gc,heap     ] GC(80) Old regions: 5->5
[2026-03-25T20:37:36.771+0900][4.853s][info][gc,heap     ] GC(80) Humongous regions: 0->0
[2026-03-25T20:37:36.771+0900][4.853s][info][gc,metaspace] GC(80) Metaspace: 5936K(6144K)->5936K(6144K) NonClass: 5304K(5440K)->5304K(5440K) Class: 632K(704K)->632K(704K)
[2026-03-25T20:37:36.771+0900][4.853s][info][gc          ] GC(80) Pause Young (Normal) (G1 Evacuation Pause) 155M->13M(258M) 1.216ms
[2026-03-25T20:37:36.771+0900][4.853s][info][gc,cpu      ] GC(80) User=0.00s Sys=0.00s Real=0.00s
[2026-03-25T20:37:36.830+0900][4.911s][info][gc,start    ] GC(81) Pause Young (Normal) (G1 Evacuation Pause)
[2026-03-25T20:37:36.830+0900][4.911s][info][gc,task     ] GC(81) Using 6 workers of 9 for evacuation
[2026-03-25T20:37:36.831+0900][4.912s][info][gc,phases   ] GC(81)   Pre Evacuate Collection Set: 0.07ms
[2026-03-25T20:37:36.831+0900][4.912s][info][gc,phases   ] GC(81)   Merge Heap Roots: 0.05ms
[2026-03-25T20:37:36.831+0900][4.912s][info][gc,phases   ] GC(81)   Evacuate Collection Set: 0.47ms
[2026-03-25T20:37:36.831+0900][4.912s][info][gc,phases   ] GC(81)   Post Evacuate Collection Set: 0.15ms
[2026-03-25T20:37:36.831+0900][4.912s][info][gc,phases   ] GC(81)   Other: 0.05ms
[2026-03-25T20:37:36.831+0900][4.912s][info][gc,heap     ] GC(81) Eden regions: 143->0(143)
[2026-03-25T20:37:36.831+0900][4.912s][info][gc,heap     ] GC(81) Survivor regions: 10->10(20)
[2026-03-25T20:37:36.831+0900][4.912s][info][gc,heap     ] GC(81) Old regions: 5->5
[2026-03-25T20:37:36.831+0900][4.912s][info][gc,heap     ] GC(81) Humongous regions: 0->0
[2026-03-25T20:37:36.831+0900][4.912s][info][gc,metaspace] GC(81) Metaspace: 5936K(6144K)->5936K(6144K) NonClass: 5304K(5440K)->5304K(5440K) Class: 632K(704K)->632K(704K)
[2026-03-25T20:37:36.831+0900][4.912s][info][gc          ] GC(81) Pause Young (Normal) (G1 Evacuation Pause) 155M->13M(258M) 0.980ms
[2026-03-25T20:37:36.831+0900][4.912s][info][gc,cpu      ] GC(81) User=0.00s Sys=0.00s Real=0.00s
[2026-03-25T20:37:36.889+0900][4.970s][info][gc,start    ] GC(82) Pause Young (Normal) (G1 Evacuation Pause)
[2026-03-25T20:37:36.889+0900][4.970s][info][gc,task     ] GC(82) Using 6 workers of 9 for evacuation
[2026-03-25T20:37:36.890+0900][4.971s][info][gc,phases   ] GC(82)   Pre Evacuate Collection Set: 0.08ms
[2026-03-25T20:37:36.890+0900][4.971s][info][gc,phases   ] GC(82)   Merge Heap Roots: 0.06ms
[2026-03-25T20:37:36.890+0900][4.971s][info][gc,phases   ] GC(82)   Evacuate Collection Set: 0.57ms
[2026-03-25T20:37:36.890+0900][4.971s][info][gc,phases   ] GC(82)   Post Evacuate Collection Set: 0.16ms
[2026-03-25T20:37:36.890+0900][4.971s][info][gc,phases   ] GC(82)   Other: 0.06ms
[2026-03-25T20:37:36.890+0900][4.971s][info][gc,heap     ] GC(82) Eden regions: 143->0(143)
[2026-03-25T20:37:36.890+0900][4.971s][info][gc,heap     ] GC(82) Survivor regions: 10->10(20)
[2026-03-25T20:37:36.890+0900][4.971s][info][gc,heap     ] GC(82) Old regions: 5->5
[2026-03-25T20:37:36.890+0900][4.971s][info][gc,heap     ] GC(82) Humongous regions: 0->0
[2026-03-25T20:37:36.890+0900][4.971s][info][gc,metaspace] GC(82) Metaspace: 5936K(6144K)->5936K(6144K) NonClass: 5304K(5440K)->5304K(5440K) Class: 632K(704K)->632K(704K)
[2026-03-25T20:37:36.890+0900][4.971s][info][gc          ] GC(82) Pause Young (Normal) (G1 Evacuation Pause) 155M->13M(258M) 1.148ms
[2026-03-25T20:37:36.890+0900][4.971s][info][gc,cpu      ] GC(82) User=0.01s Sys=0.00s Real=0.01s
[2026-03-25T20:37:36.944+0900][5.026s][info][gc,start    ] GC(83) Pause Young (Normal) (G1 Evacuation Pause)
[2026-03-25T20:37:36.945+0900][5.026s][info][gc,task     ] GC(83) Using 6 workers of 9 for evacuation
[2026-03-25T20:37:36.945+0900][5.027s][info][gc,phases   ] GC(83)   Pre Evacuate Collection Set: 0.07ms
[2026-03-25T20:37:36.945+0900][5.027s][info][gc,phases   ] GC(83)   Merge Heap Roots: 0.04ms
[2026-03-25T20:37:36.945+0900][5.027s][info][gc,phases   ] GC(83)   Evacuate Collection Set: 0.45ms
[2026-03-25T20:37:36.945+0900][5.027s][info][gc,phases   ] GC(83)   Post Evacuate Collection Set: 0.14ms
[2026-03-25T20:37:36.945+0900][5.027s][info][gc,phases   ] GC(83)   Other: 0.05ms
[2026-03-25T20:37:36.945+0900][5.027s][info][gc,heap     ] GC(83) Eden regions: 143->0(143)
[2026-03-25T20:37:36.945+0900][5.027s][info][gc,heap     ] GC(83) Survivor regions: 10->10(20)
[2026-03-25T20:37:36.945+0900][5.027s][info][gc,heap     ] GC(83) Old regions: 5->5
[2026-03-25T20:37:36.945+0900][5.027s][info][gc,heap     ] GC(83) Humongous regions: 0->0
[2026-03-25T20:37:36.945+0900][5.027s][info][gc,metaspace] GC(83) Metaspace: 5936K(6144K)->5936K(6144K) NonClass: 5304K(5440K)->5304K(5440K) Class: 632K(704K)->632K(704K)
[2026-03-25T20:37:36.945+0900][5.027s][info][gc          ] GC(83) Pause Young (Normal) (G1 Evacuation Pause) 155M->13M(258M) 0.953ms
[2026-03-25T20:37:36.945+0900][5.027s][info][gc,cpu      ] GC(83) User=0.00s Sys=0.00s Real=0.00s
[2026-03-25T20:37:37.003+0900][5.084s][info][gc,start    ] GC(84) Pause Young (Normal) (G1 Evacuation Pause)
[2026-03-25T20:37:37.003+0900][5.084s][info][gc,task     ] GC(84) Using 6 workers of 9 for evacuation
[2026-03-25T20:37:37.004+0900][5.085s][info][gc,phases   ] GC(84)   Pre Evacuate Collection Set: 0.07ms
[2026-03-25T20:37:37.004+0900][5.085s][info][gc,phases   ] GC(84)   Merge Heap Roots: 0.03ms
[2026-03-25T20:37:37.004+0900][5.085s][info][gc,phases   ] GC(84)   Evacuate Collection Set: 0.31ms
[2026-03-25T20:37:37.004+0900][5.085s][info][gc,phases   ] GC(84)   Post Evacuate Collection Set: 0.14ms
[2026-03-25T20:37:37.004+0900][5.085s][info][gc,phases   ] GC(84)   Other: 0.05ms
[2026-03-25T20:37:37.004+0900][5.085s][info][gc,heap     ] GC(84) Eden regions: 143->0(143)
[2026-03-25T20:37:37.004+0900][5.085s][info][gc,heap     ] GC(84) Survivor regions: 10->10(20)
[2026-03-25T20:37:37.004+0900][5.085s][info][gc,heap     ] GC(84) Old regions: 5->5
[2026-03-25T20:37:37.004+0900][5.085s][info][gc,heap     ] GC(84) Humongous regions: 0->0
[2026-03-25T20:37:37.004+0900][5.085s][info][gc,metaspace] GC(84) Metaspace: 5936K(6144K)->5936K(6144K) NonClass: 5304K(5440K)->5304K(5440K) Class: 632K(704K)->632K(704K)
[2026-03-25T20:37:37.004+0900][5.085s][info][gc          ] GC(84) Pause Young (Normal) (G1 Evacuation Pause) 155M->13M(258M) 0.742ms
[2026-03-25T20:37:37.004+0900][5.085s][info][gc,cpu      ] GC(84) User=0.01s Sys=0.00s Real=0.00s
[2026-03-25T20:37:37.059+0900][5.140s][info][gc,start    ] GC(85) Pause Young (Normal) (G1 Evacuation Pause)
[2026-03-25T20:37:37.059+0900][5.140s][info][gc,task     ] GC(85) Using 6 workers of 9 for evacuation
[2026-03-25T20:37:37.060+0900][5.141s][info][gc,phases   ] GC(85)   Pre Evacuate Collection Set: 0.08ms
[2026-03-25T20:37:37.060+0900][5.141s][info][gc,phases   ] GC(85)   Merge Heap Roots: 0.04ms
[2026-03-25T20:37:37.060+0900][5.141s][info][gc,phases   ] GC(85)   Evacuate Collection Set: 0.54ms
[2026-03-25T20:37:37.060+0900][5.141s][info][gc,phases   ] GC(85)   Post Evacuate Collection Set: 0.13ms
[2026-03-25T20:37:37.060+0900][5.141s][info][gc,phases   ] GC(85)   Other: 0.05ms
[2026-03-25T20:37:37.060+0900][5.141s][info][gc,heap     ] GC(85) Eden regions: 143->0(143)
[2026-03-25T20:37:37.060+0900][5.141s][info][gc,heap     ] GC(85) Survivor regions: 10->10(20)
[2026-03-25T20:37:37.060+0900][5.141s][info][gc,heap     ] GC(85) Old regions: 5->5
[2026-03-25T20:37:37.060+0900][5.141s][info][gc,heap     ] GC(85) Humongous regions: 0->0
[2026-03-25T20:37:37.060+0900][5.141s][info][gc,metaspace] GC(85) Metaspace: 5936K(6144K)->5936K(6144K) NonClass: 5304K(5440K)->5304K(5440K) Class: 632K(704K)->632K(704K)
[2026-03-25T20:37:37.060+0900][5.141s][info][gc          ] GC(85) Pause Young (Normal) (G1 Evacuation Pause) 155M->13M(258M) 1.009ms
[2026-03-25T20:37:37.060+0900][5.141s][info][gc,cpu      ] GC(85) User=0.00s Sys=0.00s Real=0.01s
[2026-03-25T20:37:37.118+0900][5.200s][info][gc,start    ] GC(86) Pause Young (Normal) (G1 Evacuation Pause)
[2026-03-25T20:37:37.118+0900][5.200s][info][gc,task     ] GC(86) Using 6 workers of 9 for evacuation
[2026-03-25T20:37:37.120+0900][5.201s][info][gc,phases   ] GC(86)   Pre Evacuate Collection Set: 0.08ms
[2026-03-25T20:37:37.120+0900][5.201s][info][gc,phases   ] GC(86)   Merge Heap Roots: 0.05ms
[2026-03-25T20:37:37.120+0900][5.201s][info][gc,phases   ] GC(86)   Evacuate Collection Set: 0.84ms
[2026-03-25T20:37:37.120+0900][5.201s][info][gc,phases   ] GC(86)   Post Evacuate Collection Set: 0.21ms
[2026-03-25T20:37:37.120+0900][5.201s][info][gc,phases   ] GC(86)   Other: 0.09ms
[2026-03-25T20:37:37.120+0900][5.201s][info][gc,heap     ] GC(86) Eden regions: 143->0(143)
[2026-03-25T20:37:37.120+0900][5.201s][info][gc,heap     ] GC(86) Survivor regions: 10->10(20)
[2026-03-25T20:37:37.120+0900][5.201s][info][gc,heap     ] GC(86) Old regions: 5->5
[2026-03-25T20:37:37.120+0900][5.201s][info][gc,heap     ] GC(86) Humongous regions: 0->0
[2026-03-25T20:37:37.120+0900][5.201s][info][gc,metaspace] GC(86) Metaspace: 5936K(6144K)->5936K(6144K) NonClass: 5304K(5440K)->5304K(5440K) Class: 632K(704K)->632K(704K)
[2026-03-25T20:37:37.120+0900][5.201s][info][gc          ] GC(86) Pause Young (Normal) (G1 Evacuation Pause) 155M->13M(258M) 1.588ms
[2026-03-25T20:37:37.120+0900][5.201s][info][gc,cpu      ] GC(86) User=0.00s Sys=0.00s Real=0.01s
[2026-03-25T20:37:37.178+0900][5.260s][info][gc,start    ] GC(87) Pause Young (Normal) (G1 Evacuation Pause)
[2026-03-25T20:37:37.178+0900][5.260s][info][gc,task     ] GC(87) Using 6 workers of 9 for evacuation
[2026-03-25T20:37:37.179+0900][5.261s][info][gc,phases   ] GC(87)   Pre Evacuate Collection Set: 0.05ms
[2026-03-25T20:37:37.179+0900][5.261s][info][gc,phases   ] GC(87)   Merge Heap Roots: 0.04ms
[2026-03-25T20:37:37.179+0900][5.261s][info][gc,phases   ] GC(87)   Evacuate Collection Set: 0.46ms
[2026-03-25T20:37:37.179+0900][5.261s][info][gc,phases   ] GC(87)   Post Evacuate Collection Set: 0.11ms
[2026-03-25T20:37:37.179+0900][5.261s][info][gc,phases   ] GC(87)   Other: 0.05ms
[2026-03-25T20:37:37.179+0900][5.261s][info][gc,heap     ] GC(87) Eden regions: 143->0(143)
[2026-03-25T20:37:37.179+0900][5.261s][info][gc,heap     ] GC(87) Survivor regions: 10->10(20)
[2026-03-25T20:37:37.179+0900][5.261s][info][gc,heap     ] GC(87) Old regions: 5->5
[2026-03-25T20:37:37.179+0900][5.261s][info][gc,heap     ] GC(87) Humongous regions: 0->0
[2026-03-25T20:37:37.179+0900][5.261s][info][gc,metaspace] GC(87) Metaspace: 5936K(6144K)->5936K(6144K) NonClass: 5304K(5440K)->5304K(5440K) Class: 632K(704K)->632K(704K)
[2026-03-25T20:37:37.179+0900][5.261s][info][gc          ] GC(87) Pause Young (Normal) (G1 Evacuation Pause) 155M->13M(258M) 0.886ms
[2026-03-25T20:37:37.179+0900][5.261s][info][gc,cpu      ] GC(87) User=0.00s Sys=0.00s Real=0.00s
[2026-03-25T20:37:37.237+0900][5.318s][info][gc,start    ] GC(88) Pause Young (Normal) (G1 Evacuation Pause)
[2026-03-25T20:37:37.237+0900][5.318s][info][gc,task     ] GC(88) Using 6 workers of 9 for evacuation
[2026-03-25T20:37:37.237+0900][5.319s][info][gc,phases   ] GC(88)   Pre Evacuate Collection Set: 0.04ms
[2026-03-25T20:37:37.237+0900][5.319s][info][gc,phases   ] GC(88)   Merge Heap Roots: 0.03ms
[2026-03-25T20:37:37.237+0900][5.319s][info][gc,phases   ] GC(88)   Evacuate Collection Set: 0.44ms
[2026-03-25T20:37:37.237+0900][5.319s][info][gc,phases   ] GC(88)   Post Evacuate Collection Set: 0.12ms
[2026-03-25T20:37:37.237+0900][5.319s][info][gc,phases   ] GC(88)   Other: 0.05ms
[2026-03-25T20:37:37.237+0900][5.319s][info][gc,heap     ] GC(88) Eden regions: 143->0(143)
[2026-03-25T20:37:37.237+0900][5.319s][info][gc,heap     ] GC(88) Survivor regions: 10->10(20)
[2026-03-25T20:37:37.237+0900][5.319s][info][gc,heap     ] GC(88) Old regions: 5->5
[2026-03-25T20:37:37.237+0900][5.319s][info][gc,heap     ] GC(88) Humongous regions: 0->0
[2026-03-25T20:37:37.237+0900][5.319s][info][gc,metaspace] GC(88) Metaspace: 5936K(6144K)->5936K(6144K) NonClass: 5304K(5440K)->5304K(5440K) Class: 632K(704K)->632K(704K)
[2026-03-25T20:37:37.237+0900][5.319s][info][gc          ] GC(88) Pause Young (Normal) (G1 Evacuation Pause) 155M->13M(258M) 0.844ms
[2026-03-25T20:37:37.237+0900][5.319s][info][gc,cpu      ] GC(88) User=0.00s Sys=0.00s Real=0.00s
[2026-03-25T20:37:37.292+0900][5.374s][info][gc,start    ] GC(89) Pause Young (Normal) (G1 Evacuation Pause)
[2026-03-25T20:37:37.292+0900][5.374s][info][gc,task     ] GC(89) Using 6 workers of 9 for evacuation
[2026-03-25T20:37:37.293+0900][5.374s][info][gc,phases   ] GC(89)   Pre Evacuate Collection Set: 0.07ms
[2026-03-25T20:37:37.293+0900][5.374s][info][gc,phases   ] GC(89)   Merge Heap Roots: 0.03ms
[2026-03-25T20:37:37.293+0900][5.374s][info][gc,phases   ] GC(89)   Evacuate Collection Set: 0.42ms
[2026-03-25T20:37:37.293+0900][5.374s][info][gc,phases   ] GC(89)   Post Evacuate Collection Set: 0.11ms
[2026-03-25T20:37:37.293+0900][5.374s][info][gc,phases   ] GC(89)   Other: 0.05ms
[2026-03-25T20:37:37.293+0900][5.374s][info][gc,heap     ] GC(89) Eden regions: 143->0(143)
[2026-03-25T20:37:37.293+0900][5.374s][info][gc,heap     ] GC(89) Survivor regions: 10->10(20)
[2026-03-25T20:37:37.293+0900][5.374s][info][gc,heap     ] GC(89) Old regions: 5->5
[2026-03-25T20:37:37.293+0900][5.374s][info][gc,heap     ] GC(89) Humongous regions: 0->0
[2026-03-25T20:37:37.293+0900][5.374s][info][gc,metaspace] GC(89) Metaspace: 5941K(6144K)->5941K(6144K) NonClass: 5309K(5440K)->5309K(5440K) Class: 632K(704K)->632K(704K)
[2026-03-25T20:37:37.293+0900][5.374s][info][gc          ] GC(89) Pause Young (Normal) (G1 Evacuation Pause) 155M->13M(258M) 0.843ms
[2026-03-25T20:37:37.293+0900][5.374s][info][gc,cpu      ] GC(89) User=0.00s Sys=0.00s Real=0.00s
[2026-03-25T20:37:37.351+0900][5.433s][info][gc,start    ] GC(90) Pause Young (Normal) (G1 Evacuation Pause)
[2026-03-25T20:37:37.352+0900][5.433s][info][gc,task     ] GC(90) Using 6 workers of 9 for evacuation
[2026-03-25T20:37:37.353+0900][5.434s][info][gc,phases   ] GC(90)   Pre Evacuate Collection Set: 0.06ms
[2026-03-25T20:37:37.353+0900][5.434s][info][gc,phases   ] GC(90)   Merge Heap Roots: 0.03ms
[2026-03-25T20:37:37.353+0900][5.434s][info][gc,phases   ] GC(90)   Evacuate Collection Set: 0.81ms
[2026-03-25T20:37:37.353+0900][5.434s][info][gc,phases   ] GC(90)   Post Evacuate Collection Set: 0.14ms
[2026-03-25T20:37:37.353+0900][5.434s][info][gc,phases   ] GC(90)   Other: 0.06ms
[2026-03-25T20:37:37.353+0900][5.434s][info][gc,heap     ] GC(90) Eden regions: 143->0(143)
[2026-03-25T20:37:37.353+0900][5.434s][info][gc,heap     ] GC(90) Survivor regions: 10->10(20)
[2026-03-25T20:37:37.353+0900][5.434s][info][gc,heap     ] GC(90) Old regions: 5->5
[2026-03-25T20:37:37.353+0900][5.434s][info][gc,heap     ] GC(90) Humongous regions: 0->0
[2026-03-25T20:37:37.353+0900][5.434s][info][gc,metaspace] GC(90) Metaspace: 5941K(6144K)->5941K(6144K) NonClass: 5309K(5440K)->5309K(5440K) Class: 632K(704K)->632K(704K)
[2026-03-25T20:37:37.353+0900][5.434s][info][gc          ] GC(90) Pause Young (Normal) (G1 Evacuation Pause) 155M->13M(258M) 1.321ms
[2026-03-25T20:37:37.353+0900][5.434s][info][gc,cpu      ] GC(90) User=0.01s Sys=0.00s Real=0.00s
[2026-03-25T20:37:37.409+0900][5.491s][info][gc,start    ] GC(91) Pause Young (Normal) (G1 Evacuation Pause)
[2026-03-25T20:37:37.410+0900][5.491s][info][gc,task     ] GC(91) Using 6 workers of 9 for evacuation
[2026-03-25T20:37:37.411+0900][5.492s][info][gc,phases   ] GC(91)   Pre Evacuate Collection Set: 0.06ms
[2026-03-25T20:37:37.411+0900][5.492s][info][gc,phases   ] GC(91)   Merge Heap Roots: 0.03ms
[2026-03-25T20:37:37.411+0900][5.492s][info][gc,phases   ] GC(91)   Evacuate Collection Set: 0.75ms
[2026-03-25T20:37:37.411+0900][5.492s][info][gc,phases   ] GC(91)   Post Evacuate Collection Set: 0.13ms
[2026-03-25T20:37:37.411+0900][5.492s][info][gc,phases   ] GC(91)   Other: 0.05ms
[2026-03-25T20:37:37.411+0900][5.492s][info][gc,heap     ] GC(91) Eden regions: 143->0(143)
[2026-03-25T20:37:37.411+0900][5.492s][info][gc,heap     ] GC(91) Survivor regions: 10->10(20)
[2026-03-25T20:37:37.411+0900][5.492s][info][gc,heap     ] GC(91) Old regions: 5->5
[2026-03-25T20:37:37.411+0900][5.492s][info][gc,heap     ] GC(91) Humongous regions: 0->0
[2026-03-25T20:37:37.411+0900][5.492s][info][gc,metaspace] GC(91) Metaspace: 5941K(6144K)->5941K(6144K) NonClass: 5309K(5440K)->5309K(5440K) Class: 632K(704K)->632K(704K)
[2026-03-25T20:37:37.411+0900][5.492s][info][gc          ] GC(91) Pause Young (Normal) (G1 Evacuation Pause) 155M->13M(258M) 1.235ms
[2026-03-25T20:37:37.411+0900][5.492s][info][gc,cpu      ] GC(91) User=0.01s Sys=0.00s Real=0.01s
[2026-03-25T20:37:37.469+0900][5.551s][info][gc,start    ] GC(92) Pause Young (Normal) (G1 Evacuation Pause)
[2026-03-25T20:37:37.469+0900][5.551s][info][gc,task     ] GC(92) Using 6 workers of 9 for evacuation
[2026-03-25T20:37:37.470+0900][5.551s][info][gc,phases   ] GC(92)   Pre Evacuate Collection Set: 0.07ms
[2026-03-25T20:37:37.470+0900][5.551s][info][gc,phases   ] GC(92)   Merge Heap Roots: 0.04ms
[2026-03-25T20:37:37.470+0900][5.551s][info][gc,phases   ] GC(92)   Evacuate Collection Set: 0.49ms
[2026-03-25T20:37:37.470+0900][5.552s][info][gc,phases   ] GC(92)   Post Evacuate Collection Set: 0.15ms
[2026-03-25T20:37:37.470+0900][5.552s][info][gc,phases   ] GC(92)   Other: 0.05ms
[2026-03-25T20:37:37.470+0900][5.552s][info][gc,heap     ] GC(92) Eden regions: 143->0(143)
[2026-03-25T20:37:37.470+0900][5.552s][info][gc,heap     ] GC(92) Survivor regions: 10->10(20)
[2026-03-25T20:37:37.470+0900][5.552s][info][gc,heap     ] GC(92) Old regions: 5->5
[2026-03-25T20:37:37.470+0900][5.552s][info][gc,heap     ] GC(92) Humongous regions: 0->0
[2026-03-25T20:37:37.470+0900][5.552s][info][gc,metaspace] GC(92) Metaspace: 5941K(6144K)->5941K(6144K) NonClass: 5309K(5440K)->5309K(5440K) Class: 632K(704K)->632K(704K)
[2026-03-25T20:37:37.470+0900][5.552s][info][gc          ] GC(92) Pause Young (Normal) (G1 Evacuation Pause) 155M->13M(258M) 0.960ms
[2026-03-25T20:37:37.470+0900][5.552s][info][gc,cpu      ] GC(92) User=0.00s Sys=0.00s Real=0.01s
[2026-03-25T20:37:37.526+0900][5.608s][info][gc,start    ] GC(93) Pause Young (Normal) (G1 Evacuation Pause)
[2026-03-25T20:37:37.526+0900][5.608s][info][gc,task     ] GC(93) Using 6 workers of 9 for evacuation
[2026-03-25T20:37:37.527+0900][5.609s][info][gc,phases   ] GC(93)   Pre Evacuate Collection Set: 0.07ms
[2026-03-25T20:37:37.527+0900][5.609s][info][gc,phases   ] GC(93)   Merge Heap Roots: 0.04ms
[2026-03-25T20:37:37.527+0900][5.609s][info][gc,phases   ] GC(93)   Evacuate Collection Set: 0.47ms
[2026-03-25T20:37:37.527+0900][5.609s][info][gc,phases   ] GC(93)   Post Evacuate Collection Set: 0.14ms
[2026-03-25T20:37:37.527+0900][5.609s][info][gc,phases   ] GC(93)   Other: 0.05ms
[2026-03-25T20:37:37.527+0900][5.609s][info][gc,heap     ] GC(93) Eden regions: 143->0(143)
[2026-03-25T20:37:37.527+0900][5.609s][info][gc,heap     ] GC(93) Survivor regions: 10->10(20)
[2026-03-25T20:37:37.527+0900][5.609s][info][gc,heap     ] GC(93) Old regions: 5->5
[2026-03-25T20:37:37.527+0900][5.609s][info][gc,heap     ] GC(93) Humongous regions: 0->0
[2026-03-25T20:37:37.527+0900][5.609s][info][gc,metaspace] GC(93) Metaspace: 5941K(6144K)->5941K(6144K) NonClass: 5309K(5440K)->5309K(5440K) Class: 632K(704K)->632K(704K)
[2026-03-25T20:37:37.527+0900][5.609s][info][gc          ] GC(93) Pause Young (Normal) (G1 Evacuation Pause) 155M->13M(258M) 0.931ms
[2026-03-25T20:37:37.527+0900][5.609s][info][gc,cpu      ] GC(93) User=0.01s Sys=0.01s Real=0.00s
[2026-03-25T20:37:37.639+0900][5.720s][info][gc,start    ] GC(94) Pause Young (Normal) (G1 Evacuation Pause)
[2026-03-25T20:37:37.639+0900][5.720s][info][gc,task     ] GC(94) Using 6 workers of 9 for evacuation
[2026-03-25T20:37:37.640+0900][5.722s][info][gc,phases   ] GC(94)   Pre Evacuate Collection Set: 0.09ms
[2026-03-25T20:37:37.640+0900][5.722s][info][gc,phases   ] GC(94)   Merge Heap Roots: 0.06ms
[2026-03-25T20:37:37.640+0900][5.722s][info][gc,phases   ] GC(94)   Evacuate Collection Set: 0.90ms
[2026-03-25T20:37:37.640+0900][5.722s][info][gc,phases   ] GC(94)   Post Evacuate Collection Set: 0.17ms
[2026-03-25T20:37:37.640+0900][5.722s][info][gc,phases   ] GC(94)   Other: 0.07ms
[2026-03-25T20:37:37.640+0900][5.722s][info][gc,heap     ] GC(94) Eden regions: 143->0(143)
[2026-03-25T20:37:37.640+0900][5.722s][info][gc,heap     ] GC(94) Survivor regions: 10->10(20)
[2026-03-25T20:37:37.640+0900][5.722s][info][gc,heap     ] GC(94) Old regions: 5->5
[2026-03-25T20:37:37.640+0900][5.722s][info][gc,heap     ] GC(94) Humongous regions: 0->0
[2026-03-25T20:37:37.640+0900][5.722s][info][gc,metaspace] GC(94) Metaspace: 5941K(6144K)->5941K(6144K) NonClass: 5309K(5440K)->5309K(5440K) Class: 632K(704K)->632K(704K)
[2026-03-25T20:37:37.640+0900][5.722s][info][gc          ] GC(94) Pause Young (Normal) (G1 Evacuation Pause) 155M->13M(258M) 1.546ms
[2026-03-25T20:37:37.640+0900][5.722s][info][gc,cpu      ] GC(94) User=0.01s Sys=0.00s Real=0.01s
[2026-03-25T20:37:37.698+0900][5.780s][info][gc,start    ] GC(95) Pause Young (Normal) (G1 Evacuation Pause)
[2026-03-25T20:37:37.698+0900][5.780s][info][gc,task     ] GC(95) Using 6 workers of 9 for evacuation
[2026-03-25T20:37:37.700+0900][5.781s][info][gc,phases   ] GC(95)   Pre Evacuate Collection Set: 0.08ms
[2026-03-25T20:37:37.700+0900][5.781s][info][gc,phases   ] GC(95)   Merge Heap Roots: 0.04ms
[2026-03-25T20:37:37.700+0900][5.782s][info][gc,phases   ] GC(95)   Evacuate Collection Set: 1.14ms
[2026-03-25T20:37:37.700+0900][5.782s][info][gc,phases   ] GC(95)   Post Evacuate Collection Set: 0.15ms
[2026-03-25T20:37:37.700+0900][5.782s][info][gc,phases   ] GC(95)   Other: 0.10ms
[2026-03-25T20:37:37.700+0900][5.782s][info][gc,heap     ] GC(95) Eden regions: 143->0(143)
[2026-03-25T20:37:37.700+0900][5.782s][info][gc,heap     ] GC(95) Survivor regions: 10->10(20)
[2026-03-25T20:37:37.700+0900][5.782s][info][gc,heap     ] GC(95) Old regions: 5->5
[2026-03-25T20:37:37.700+0900][5.782s][info][gc,heap     ] GC(95) Humongous regions: 0->0
[2026-03-25T20:37:37.700+0900][5.782s][info][gc,metaspace] GC(95) Metaspace: 5941K(6144K)->5941K(6144K) NonClass: 5309K(5440K)->5309K(5440K) Class: 632K(704K)->632K(704K)
[2026-03-25T20:37:37.700+0900][5.782s][info][gc          ] GC(95) Pause Young (Normal) (G1 Evacuation Pause) 155M->13M(258M) 1.796ms
[2026-03-25T20:37:37.700+0900][5.782s][info][gc,cpu      ] GC(95) User=0.00s Sys=0.00s Real=0.01s
[2026-03-25T20:37:37.758+0900][5.840s][info][gc,start    ] GC(96) Pause Young (Normal) (G1 Evacuation Pause)
[2026-03-25T20:37:37.759+0900][5.840s][info][gc,task     ] GC(96) Using 6 workers of 9 for evacuation
[2026-03-25T20:37:37.760+0900][5.842s][info][gc,phases   ] GC(96)   Pre Evacuate Collection Set: 0.12ms
[2026-03-25T20:37:37.760+0900][5.842s][info][gc,phases   ] GC(96)   Merge Heap Roots: 0.06ms
[2026-03-25T20:37:37.760+0900][5.842s][info][gc,phases   ] GC(96)   Evacuate Collection Set: 1.13ms
[2026-03-25T20:37:37.760+0900][5.842s][info][gc,phases   ] GC(96)   Post Evacuate Collection Set: 0.26ms
[2026-03-25T20:37:37.760+0900][5.842s][info][gc,phases   ] GC(96)   Other: 0.14ms
[2026-03-25T20:37:37.760+0900][5.842s][info][gc,heap     ] GC(96) Eden regions: 143->0(143)
[2026-03-25T20:37:37.760+0900][5.842s][info][gc,heap     ] GC(96) Survivor regions: 10->10(20)
[2026-03-25T20:37:37.760+0900][5.842s][info][gc,heap     ] GC(96) Old regions: 5->5
[2026-03-25T20:37:37.760+0900][5.842s][info][gc,heap     ] GC(96) Humongous regions: 0->0
[2026-03-25T20:37:37.760+0900][5.842s][info][gc,metaspace] GC(96) Metaspace: 5941K(6144K)->5941K(6144K) NonClass: 5309K(5440K)->5309K(5440K) Class: 632K(704K)->632K(704K)
[2026-03-25T20:37:37.761+0900][5.842s][info][gc          ] GC(96) Pause Young (Normal) (G1 Evacuation Pause) 155M->13M(258M) 2.159ms
[2026-03-25T20:37:37.761+0900][5.842s][info][gc,cpu      ] GC(96) User=0.00s Sys=0.00s Real=0.01s
[2026-03-25T20:37:37.819+0900][5.900s][info][gc,start    ] GC(97) Pause Young (Normal) (G1 Evacuation Pause)
[2026-03-25T20:37:37.819+0900][5.900s][info][gc,task     ] GC(97) Using 6 workers of 9 for evacuation
[2026-03-25T20:37:37.821+0900][5.902s][info][gc,phases   ] GC(97)   Pre Evacuate Collection Set: 0.11ms
[2026-03-25T20:37:37.821+0900][5.902s][info][gc,phases   ] GC(97)   Merge Heap Roots: 0.07ms
[2026-03-25T20:37:37.821+0900][5.902s][info][gc,phases   ] GC(97)   Evacuate Collection Set: 1.16ms
[2026-03-25T20:37:37.821+0900][5.902s][info][gc,phases   ] GC(97)   Post Evacuate Collection Set: 0.26ms
[2026-03-25T20:37:37.821+0900][5.902s][info][gc,phases   ] GC(97)   Other: 0.13ms
[2026-03-25T20:37:37.821+0900][5.902s][info][gc,heap     ] GC(97) Eden regions: 143->0(143)
[2026-03-25T20:37:37.821+0900][5.902s][info][gc,heap     ] GC(97) Survivor regions: 10->10(20)
[2026-03-25T20:37:37.821+0900][5.902s][info][gc,heap     ] GC(97) Old regions: 5->5
[2026-03-25T20:37:37.821+0900][5.902s][info][gc,heap     ] GC(97) Humongous regions: 0->0
[2026-03-25T20:37:37.821+0900][5.902s][info][gc,metaspace] GC(97) Metaspace: 5941K(6144K)->5941K(6144K) NonClass: 5309K(5440K)->5309K(5440K) Class: 632K(704K)->632K(704K)
[2026-03-25T20:37:37.821+0900][5.902s][info][gc          ] GC(97) Pause Young (Normal) (G1 Evacuation Pause) 155M->13M(258M) 2.196ms
[2026-03-25T20:37:37.821+0900][5.903s][info][gc,cpu      ] GC(97) User=0.01s Sys=0.00s Real=0.01s
[2026-03-25T20:37:37.880+0900][5.961s][info][gc,start    ] GC(98) Pause Young (Normal) (G1 Evacuation Pause)
[2026-03-25T20:37:37.880+0900][5.961s][info][gc,task     ] GC(98) Using 6 workers of 9 for evacuation
[2026-03-25T20:37:37.881+0900][5.963s][info][gc,phases   ] GC(98)   Pre Evacuate Collection Set: 0.10ms
[2026-03-25T20:37:37.881+0900][5.963s][info][gc,phases   ] GC(98)   Merge Heap Roots: 0.06ms
[2026-03-25T20:37:37.881+0900][5.963s][info][gc,phases   ] GC(98)   Evacuate Collection Set: 1.12ms
[2026-03-25T20:37:37.881+0900][5.963s][info][gc,phases   ] GC(98)   Post Evacuate Collection Set: 0.16ms
[2026-03-25T20:37:37.881+0900][5.963s][info][gc,phases   ] GC(98)   Other: 0.11ms
[2026-03-25T20:37:37.881+0900][5.963s][info][gc,heap     ] GC(98) Eden regions: 143->0(143)
[2026-03-25T20:37:37.881+0900][5.963s][info][gc,heap     ] GC(98) Survivor regions: 10->10(20)
[2026-03-25T20:37:37.881+0900][5.963s][info][gc,heap     ] GC(98) Old regions: 5->5
[2026-03-25T20:37:37.881+0900][5.963s][info][gc,heap     ] GC(98) Humongous regions: 0->0
[2026-03-25T20:37:37.881+0900][5.963s][info][gc,metaspace] GC(98) Metaspace: 5941K(6144K)->5941K(6144K) NonClass: 5309K(5440K)->5309K(5440K) Class: 632K(704K)->632K(704K)
[2026-03-25T20:37:37.882+0900][5.963s][info][gc          ] GC(98) Pause Young (Normal) (G1 Evacuation Pause) 155M->13M(258M) 1.911ms
[2026-03-25T20:37:37.882+0900][5.963s][info][gc,cpu      ] GC(98) User=0.01s Sys=0.00s Real=0.00s
[2026-03-25T20:37:37.937+0900][6.018s][info][gc,start    ] GC(99) Pause Young (Normal) (G1 Evacuation Pause)
[2026-03-25T20:37:37.937+0900][6.019s][info][gc,task     ] GC(99) Using 6 workers of 9 for evacuation
[2026-03-25T20:37:37.939+0900][6.020s][info][gc,phases   ] GC(99)   Pre Evacuate Collection Set: 0.12ms
[2026-03-25T20:37:37.939+0900][6.020s][info][gc,phases   ] GC(99)   Merge Heap Roots: 0.06ms
[2026-03-25T20:37:37.939+0900][6.020s][info][gc,phases   ] GC(99)   Evacuate Collection Set: 1.11ms
[2026-03-25T20:37:37.939+0900][6.020s][info][gc,phases   ] GC(99)   Post Evacuate Collection Set: 0.18ms
[2026-03-25T20:37:37.939+0900][6.020s][info][gc,phases   ] GC(99)   Other: 0.11ms
[2026-03-25T20:37:37.939+0900][6.020s][info][gc,heap     ] GC(99) Eden regions: 143->0(143)
[2026-03-25T20:37:37.939+0900][6.020s][info][gc,heap     ] GC(99) Survivor regions: 10->10(20)
[2026-03-25T20:37:37.939+0900][6.020s][info][gc,heap     ] GC(99) Old regions: 5->5
[2026-03-25T20:37:37.939+0900][6.020s][info][gc,heap     ] GC(99) Humongous regions: 0->0
[2026-03-25T20:37:37.939+0900][6.020s][info][gc,metaspace] GC(99) Metaspace: 5941K(6144K)->5941K(6144K) NonClass: 5309K(5440K)->5309K(5440K) Class: 632K(704K)->632K(704K)
[2026-03-25T20:37:37.939+0900][6.020s][info][gc          ] GC(99) Pause Young (Normal) (G1 Evacuation Pause) 155M->13M(258M) 1.932ms
[2026-03-25T20:37:37.939+0900][6.020s][info][gc,cpu      ] GC(99) User=0.01s Sys=0.00s Real=0.00s
[2026-03-25T20:37:37.998+0900][6.079s][info][gc,start    ] GC(100) Pause Young (Normal) (G1 Evacuation Pause)
[2026-03-25T20:37:37.998+0900][6.079s][info][gc,task     ] GC(100) Using 6 workers of 9 for evacuation
[2026-03-25T20:37:37.999+0900][6.081s][info][gc,phases   ] GC(100)   Pre Evacuate Collection Set: 0.07ms
[2026-03-25T20:37:37.999+0900][6.081s][info][gc,phases   ] GC(100)   Merge Heap Roots: 0.04ms
[2026-03-25T20:37:37.999+0900][6.081s][info][gc,phases   ] GC(100)   Evacuate Collection Set: 1.01ms
[2026-03-25T20:37:37.999+0900][6.081s][info][gc,phases   ] GC(100)   Post Evacuate Collection Set: 0.15ms
[2026-03-25T20:37:37.999+0900][6.081s][info][gc,phases   ] GC(100)   Other: 0.08ms
[2026-03-25T20:37:37.999+0900][6.081s][info][gc,heap     ] GC(100) Eden regions: 143->0(143)
[2026-03-25T20:37:37.999+0900][6.081s][info][gc,heap     ] GC(100) Survivor regions: 10->10(20)
[2026-03-25T20:37:37.999+0900][6.081s][info][gc,heap     ] GC(100) Old regions: 5->5
[2026-03-25T20:37:37.999+0900][6.081s][info][gc,heap     ] GC(100) Humongous regions: 0->0
[2026-03-25T20:37:37.999+0900][6.081s][info][gc,metaspace] GC(100) Metaspace: 5941K(6144K)->5941K(6144K) NonClass: 5309K(5440K)->5309K(5440K) Class: 632K(704K)->632K(704K)
[2026-03-25T20:37:37.999+0900][6.081s][info][gc          ] GC(100) Pause Young (Normal) (G1 Evacuation Pause) 155M->13M(258M) 1.651ms
[2026-03-25T20:37:37.999+0900][6.081s][info][gc,cpu      ] GC(100) User=0.00s Sys=0.00s Real=0.00s
[2026-03-25T20:37:38.060+0900][6.142s][info][gc,start    ] GC(101) Pause Young (Normal) (G1 Evacuation Pause)
[2026-03-25T20:37:38.060+0900][6.142s][info][gc,task     ] GC(101) Using 6 workers of 9 for evacuation
[2026-03-25T20:37:38.063+0900][6.144s][info][gc,phases   ] GC(101)   Pre Evacuate Collection Set: 0.16ms
[2026-03-25T20:37:38.063+0900][6.144s][info][gc,phases   ] GC(101)   Merge Heap Roots: 0.05ms
[2026-03-25T20:37:38.063+0900][6.144s][info][gc,phases   ] GC(101)   Evacuate Collection Set: 1.72ms
[2026-03-25T20:37:38.063+0900][6.144s][info][gc,phases   ] GC(101)   Post Evacuate Collection Set: 0.23ms
[2026-03-25T20:37:38.063+0900][6.144s][info][gc,phases   ] GC(101)   Other: 0.14ms
[2026-03-25T20:37:38.063+0900][6.144s][info][gc,heap     ] GC(101) Eden regions: 143->0(143)
[2026-03-25T20:37:38.063+0900][6.144s][info][gc,heap     ] GC(101) Survivor regions: 10->10(20)
[2026-03-25T20:37:38.063+0900][6.144s][info][gc,heap     ] GC(101) Old regions: 5->5
[2026-03-25T20:37:38.063+0900][6.144s][info][gc,heap     ] GC(101) Humongous regions: 0->0
[2026-03-25T20:37:38.063+0900][6.144s][info][gc,metaspace] GC(101) Metaspace: 5941K(6144K)->5941K(6144K) NonClass: 5309K(5440K)->5309K(5440K) Class: 632K(704K)->632K(704K)
[2026-03-25T20:37:38.063+0900][6.144s][info][gc          ] GC(101) Pause Young (Normal) (G1 Evacuation Pause) 155M->13M(258M) 2.725ms
[2026-03-25T20:37:38.063+0900][6.144s][info][gc,cpu      ] GC(101) User=0.00s Sys=0.00s Real=0.00s
[2026-03-25T20:37:38.122+0900][6.204s][info][gc,start    ] GC(102) Pause Young (Normal) (G1 Evacuation Pause)
[2026-03-25T20:37:38.122+0900][6.204s][info][gc,task     ] GC(102) Using 6 workers of 9 for evacuation
[2026-03-25T20:37:38.123+0900][6.205s][info][gc,phases   ] GC(102)   Pre Evacuate Collection Set: 0.07ms
[2026-03-25T20:37:38.123+0900][6.205s][info][gc,phases   ] GC(102)   Merge Heap Roots: 0.04ms
[2026-03-25T20:37:38.123+0900][6.205s][info][gc,phases   ] GC(102)   Evacuate Collection Set: 0.82ms
[2026-03-25T20:37:38.123+0900][6.205s][info][gc,phases   ] GC(102)   Post Evacuate Collection Set: 0.17ms
[2026-03-25T20:37:38.123+0900][6.205s][info][gc,phases   ] GC(102)   Other: 0.07ms
[2026-03-25T20:37:38.123+0900][6.205s][info][gc,heap     ] GC(102) Eden regions: 143->0(143)
[2026-03-25T20:37:38.123+0900][6.205s][info][gc,heap     ] GC(102) Survivor regions: 10->10(20)
[2026-03-25T20:37:38.123+0900][6.205s][info][gc,heap     ] GC(102) Old regions: 5->5
[2026-03-25T20:37:38.123+0900][6.205s][info][gc,heap     ] GC(102) Humongous regions: 0->0
[2026-03-25T20:37:38.123+0900][6.205s][info][gc,metaspace] GC(102) Metaspace: 5941K(6144K)->5941K(6144K) NonClass: 5309K(5440K)->5309K(5440K) Class: 632K(704K)->632K(704K)
[2026-03-25T20:37:38.123+0900][6.205s][info][gc          ] GC(102) Pause Young (Normal) (G1 Evacuation Pause) 155M->13M(258M) 1.410ms
[2026-03-25T20:37:38.123+0900][6.205s][info][gc,cpu      ] GC(102) User=0.00s Sys=0.00s Real=0.00s
[2026-03-25T20:37:38.182+0900][6.263s][info][gc,start    ] GC(103) Pause Young (Normal) (G1 Evacuation Pause)
[2026-03-25T20:37:38.182+0900][6.263s][info][gc,task     ] GC(103) Using 6 workers of 9 for evacuation
[2026-03-25T20:37:38.183+0900][6.264s][info][gc,phases   ] GC(103)   Pre Evacuate Collection Set: 0.10ms
[2026-03-25T20:37:38.183+0900][6.264s][info][gc,phases   ] GC(103)   Merge Heap Roots: 0.04ms
[2026-03-25T20:37:38.183+0900][6.264s][info][gc,phases   ] GC(103)   Evacuate Collection Set: 0.56ms
[2026-03-25T20:37:38.183+0900][6.264s][info][gc,phases   ] GC(103)   Post Evacuate Collection Set: 0.18ms
[2026-03-25T20:37:38.183+0900][6.264s][info][gc,phases   ] GC(103)   Other: 0.06ms
[2026-03-25T20:37:38.183+0900][6.264s][info][gc,heap     ] GC(103) Eden regions: 143->0(142)
[2026-03-25T20:37:38.183+0900][6.264s][info][gc,heap     ] GC(103) Survivor regions: 10->11(20)
[2026-03-25T20:37:38.183+0900][6.264s][info][gc,heap     ] GC(103) Old regions: 5->5
[2026-03-25T20:37:38.183+0900][6.264s][info][gc,heap     ] GC(103) Humongous regions: 0->0
[2026-03-25T20:37:38.183+0900][6.264s][info][gc,metaspace] GC(103) Metaspace: 5941K(6144K)->5941K(6144K) NonClass: 5309K(5440K)->5309K(5440K) Class: 632K(704K)->632K(704K)
[2026-03-25T20:37:38.183+0900][6.264s][info][gc          ] GC(103) Pause Young (Normal) (G1 Evacuation Pause) 155M->13M(258M) 1.138ms
[2026-03-25T20:37:38.183+0900][6.264s][info][gc,cpu      ] GC(103) User=0.00s Sys=0.00s Real=0.00s
[2026-03-25T20:37:38.240+0900][6.321s][info][gc,start    ] GC(104) Pause Young (Normal) (G1 Evacuation Pause)
[2026-03-25T20:37:38.240+0900][6.321s][info][gc,task     ] GC(104) Using 6 workers of 9 for evacuation
[2026-03-25T20:37:38.241+0900][6.322s][info][gc,phases   ] GC(104)   Pre Evacuate Collection Set: 0.06ms
[2026-03-25T20:37:38.241+0900][6.322s][info][gc,phases   ] GC(104)   Merge Heap Roots: 0.05ms
[2026-03-25T20:37:38.241+0900][6.322s][info][gc,phases   ] GC(104)   Evacuate Collection Set: 0.61ms
[2026-03-25T20:37:38.241+0900][6.322s][info][gc,phases   ] GC(104)   Post Evacuate Collection Set: 0.20ms
[2026-03-25T20:37:38.241+0900][6.322s][info][gc,phases   ] GC(104)   Other: 0.05ms
[2026-03-25T20:37:38.241+0900][6.322s][info][gc,heap     ] GC(104) Eden regions: 142->0(143)
[2026-03-25T20:37:38.241+0900][6.322s][info][gc,heap     ] GC(104) Survivor regions: 11->10(20)
[2026-03-25T20:37:38.241+0900][6.322s][info][gc,heap     ] GC(104) Old regions: 5->5
[2026-03-25T20:37:38.241+0900][6.322s][info][gc,heap     ] GC(104) Humongous regions: 0->0
[2026-03-25T20:37:38.241+0900][6.322s][info][gc,metaspace] GC(104) Metaspace: 5941K(6144K)->5941K(6144K) NonClass: 5309K(5440K)->5309K(5440K) Class: 632K(704K)->632K(704K)
[2026-03-25T20:37:38.241+0900][6.322s][info][gc          ] GC(104) Pause Young (Normal) (G1 Evacuation Pause) 155M->13M(258M) 1.170ms
[2026-03-25T20:37:38.241+0900][6.322s][info][gc,cpu      ] GC(104) User=0.01s Sys=0.00s Real=0.00s
[2026-03-25T20:37:38.296+0900][6.377s][info][gc,start    ] GC(105) Pause Young (Normal) (G1 Evacuation Pause)
[2026-03-25T20:37:38.296+0900][6.377s][info][gc,task     ] GC(105) Using 6 workers of 9 for evacuation
[2026-03-25T20:37:38.296+0900][6.378s][info][gc,phases   ] GC(105)   Pre Evacuate Collection Set: 0.07ms
[2026-03-25T20:37:38.297+0900][6.378s][info][gc,phases   ] GC(105)   Merge Heap Roots: 0.05ms
[2026-03-25T20:37:38.297+0900][6.378s][info][gc,phases   ] GC(105)   Evacuate Collection Set: 0.51ms
[2026-03-25T20:37:38.297+0900][6.378s][info][gc,phases   ] GC(105)   Post Evacuate Collection Set: 0.14ms
[2026-03-25T20:37:38.297+0900][6.378s][info][gc,phases   ] GC(105)   Other: 0.06ms
[2026-03-25T20:37:38.297+0900][6.378s][info][gc,heap     ] GC(105) Eden regions: 143->0(143)
[2026-03-25T20:37:38.297+0900][6.378s][info][gc,heap     ] GC(105) Survivor regions: 10->10(20)
[2026-03-25T20:37:38.297+0900][6.378s][info][gc,heap     ] GC(105) Old regions: 5->5
[2026-03-25T20:37:38.297+0900][6.378s][info][gc,heap     ] GC(105) Humongous regions: 0->0
[2026-03-25T20:37:38.297+0900][6.378s][info][gc,metaspace] GC(105) Metaspace: 5954K(6144K)->5954K(6144K) NonClass: 5322K(5440K)->5322K(5440K) Class: 632K(704K)->632K(704K)
[2026-03-25T20:37:38.297+0900][6.378s][info][gc          ] GC(105) Pause Young (Normal) (G1 Evacuation Pause) 155M->13M(258M) 1.036ms
[2026-03-25T20:37:38.297+0900][6.378s][info][gc,cpu      ] GC(105) User=0.01s Sys=0.01s Real=0.00s
[2026-03-25T20:37:38.351+0900][6.432s][info][gc,start    ] GC(106) Pause Young (Normal) (G1 Evacuation Pause)
[2026-03-25T20:37:38.351+0900][6.432s][info][gc,task     ] GC(106) Using 6 workers of 9 for evacuation
[2026-03-25T20:37:38.352+0900][6.433s][info][gc,phases   ] GC(106)   Pre Evacuate Collection Set: 0.08ms
[2026-03-25T20:37:38.352+0900][6.433s][info][gc,phases   ] GC(106)   Merge Heap Roots: 0.05ms
[2026-03-25T20:37:38.352+0900][6.433s][info][gc,phases   ] GC(106)   Evacuate Collection Set: 0.49ms
[2026-03-25T20:37:38.352+0900][6.433s][info][gc,phases   ] GC(106)   Post Evacuate Collection Set: 0.13ms
[2026-03-25T20:37:38.352+0900][6.433s][info][gc,phases   ] GC(106)   Other: 0.05ms
[2026-03-25T20:37:38.352+0900][6.433s][info][gc,heap     ] GC(106) Eden regions: 143->0(143)
[2026-03-25T20:37:38.352+0900][6.433s][info][gc,heap     ] GC(106) Survivor regions: 10->10(20)
[2026-03-25T20:37:38.352+0900][6.433s][info][gc,heap     ] GC(106) Old regions: 5->5
[2026-03-25T20:37:38.352+0900][6.433s][info][gc,heap     ] GC(106) Humongous regions: 0->0
[2026-03-25T20:37:38.352+0900][6.433s][info][gc,metaspace] GC(106) Metaspace: 5954K(6144K)->5954K(6144K) NonClass: 5322K(5440K)->5322K(5440K) Class: 632K(704K)->632K(704K)
[2026-03-25T20:37:38.352+0900][6.433s][info][gc          ] GC(106) Pause Young (Normal) (G1 Evacuation Pause) 155M->13M(258M) 0.978ms
[2026-03-25T20:37:38.352+0900][6.433s][info][gc,cpu      ] GC(106) User=0.00s Sys=0.00s Real=0.00s
[2026-03-25T20:37:38.410+0900][6.492s][info][gc,start    ] GC(107) Pause Young (Normal) (G1 Evacuation Pause)
[2026-03-25T20:37:38.411+0900][6.492s][info][gc,task     ] GC(107) Using 6 workers of 9 for evacuation
[2026-03-25T20:37:38.412+0900][6.493s][info][gc,phases   ] GC(107)   Pre Evacuate Collection Set: 0.07ms
[2026-03-25T20:37:38.412+0900][6.493s][info][gc,phases   ] GC(107)   Merge Heap Roots: 0.04ms
[2026-03-25T20:37:38.412+0900][6.493s][info][gc,phases   ] GC(107)   Evacuate Collection Set: 0.84ms
[2026-03-25T20:37:38.412+0900][6.493s][info][gc,phases   ] GC(107)   Post Evacuate Collection Set: 0.16ms
[2026-03-25T20:37:38.412+0900][6.493s][info][gc,phases   ] GC(107)   Other: 0.09ms
[2026-03-25T20:37:38.412+0900][6.493s][info][gc,heap     ] GC(107) Eden regions: 143->0(143)
[2026-03-25T20:37:38.412+0900][6.493s][info][gc,heap     ] GC(107) Survivor regions: 10->10(20)
[2026-03-25T20:37:38.412+0900][6.493s][info][gc,heap     ] GC(107) Old regions: 5->5
[2026-03-25T20:37:38.412+0900][6.493s][info][gc,heap     ] GC(107) Humongous regions: 0->0
[2026-03-25T20:37:38.412+0900][6.493s][info][gc,metaspace] GC(107) Metaspace: 5954K(6144K)->5954K(6144K) NonClass: 5322K(5440K)->5322K(5440K) Class: 632K(704K)->632K(704K)
[2026-03-25T20:37:38.412+0900][6.493s][info][gc          ] GC(107) Pause Young (Normal) (G1 Evacuation Pause) 155M->13M(258M) 1.495ms
[2026-03-25T20:37:38.412+0900][6.493s][info][gc,cpu      ] GC(107) User=0.00s Sys=0.00s Real=0.00s
[2026-03-25T20:37:38.466+0900][6.548s][info][gc,start    ] GC(108) Pause Young (Normal) (G1 Evacuation Pause)
[2026-03-25T20:37:38.466+0900][6.548s][info][gc,task     ] GC(108) Using 6 workers of 9 for evacuation
[2026-03-25T20:37:38.467+0900][6.549s][info][gc,phases   ] GC(108)   Pre Evacuate Collection Set: 0.07ms
[2026-03-25T20:37:38.468+0900][6.549s][info][gc,phases   ] GC(108)   Merge Heap Roots: 0.04ms
[2026-03-25T20:37:38.468+0900][6.549s][info][gc,phases   ] GC(108)   Evacuate Collection Set: 1.00ms
[2026-03-25T20:37:38.468+0900][6.549s][info][gc,phases   ] GC(108)   Post Evacuate Collection Set: 0.14ms
[2026-03-25T20:37:38.468+0900][6.549s][info][gc,phases   ] GC(108)   Other: 0.08ms
[2026-03-25T20:37:38.468+0900][6.549s][info][gc,heap     ] GC(108) Eden regions: 143->0(143)
[2026-03-25T20:37:38.468+0900][6.549s][info][gc,heap     ] GC(108) Survivor regions: 10->10(20)
[2026-03-25T20:37:38.468+0900][6.549s][info][gc,heap     ] GC(108) Old regions: 5->5
[2026-03-25T20:37:38.468+0900][6.549s][info][gc,heap     ] GC(108) Humongous regions: 0->0
[2026-03-25T20:37:38.468+0900][6.549s][info][gc,metaspace] GC(108) Metaspace: 5954K(6144K)->5954K(6144K) NonClass: 5322K(5440K)->5322K(5440K) Class: 632K(704K)->632K(704K)
[2026-03-25T20:37:38.468+0900][6.549s][info][gc          ] GC(108) Pause Young (Normal) (G1 Evacuation Pause) 155M->13M(258M) 1.613ms
[2026-03-25T20:37:38.468+0900][6.549s][info][gc,cpu      ] GC(108) User=0.01s Sys=0.00s Real=0.00s
[2026-03-25T20:37:38.526+0900][6.608s][info][gc,start    ] GC(109) Pause Young (Normal) (G1 Evacuation Pause)
[2026-03-25T20:37:38.526+0900][6.608s][info][gc,task     ] GC(109) Using 6 workers of 9 for evacuation
[2026-03-25T20:37:38.527+0900][6.609s][info][gc,phases   ] GC(109)   Pre Evacuate Collection Set: 0.08ms
[2026-03-25T20:37:38.527+0900][6.609s][info][gc,phases   ] GC(109)   Merge Heap Roots: 0.03ms
[2026-03-25T20:37:38.527+0900][6.609s][info][gc,phases   ] GC(109)   Evacuate Collection Set: 0.75ms
[2026-03-25T20:37:38.527+0900][6.609s][info][gc,phases   ] GC(109)   Post Evacuate Collection Set: 0.14ms
[2026-03-25T20:37:38.527+0900][6.609s][info][gc,phases   ] GC(109)   Other: 0.10ms
[2026-03-25T20:37:38.528+0900][6.609s][info][gc,heap     ] GC(109) Eden regions: 143->0(143)
[2026-03-25T20:37:38.528+0900][6.609s][info][gc,heap     ] GC(109) Survivor regions: 10->10(20)
[2026-03-25T20:37:38.528+0900][6.609s][info][gc,heap     ] GC(109) Old regions: 5->5
[2026-03-25T20:37:38.528+0900][6.609s][info][gc,heap     ] GC(109) Humongous regions: 0->0
[2026-03-25T20:37:38.528+0900][6.609s][info][gc,metaspace] GC(109) Metaspace: 5954K(6144K)->5954K(6144K) NonClass: 5322K(5440K)->5322K(5440K) Class: 632K(704K)->632K(704K)
[2026-03-25T20:37:38.528+0900][6.609s][info][gc          ] GC(109) Pause Young (Normal) (G1 Evacuation Pause) 155M->13M(258M) 1.418ms
[2026-03-25T20:37:38.528+0900][6.609s][info][gc,cpu      ] GC(109) User=0.01s Sys=0.00s Real=0.00s
[2026-03-25T20:37:38.584+0900][6.666s][info][gc,start    ] GC(110) Pause Young (Normal) (G1 Evacuation Pause)
[2026-03-25T20:37:38.584+0900][6.666s][info][gc,task     ] GC(110) Using 6 workers of 9 for evacuation
[2026-03-25T20:37:38.586+0900][6.667s][info][gc,phases   ] GC(110)   Pre Evacuate Collection Set: 0.07ms
[2026-03-25T20:37:38.586+0900][6.667s][info][gc,phases   ] GC(110)   Merge Heap Roots: 0.03ms
[2026-03-25T20:37:38.586+0900][6.667s][info][gc,phases   ] GC(110)   Evacuate Collection Set: 1.02ms
[2026-03-25T20:37:38.586+0900][6.667s][info][gc,phases   ] GC(110)   Post Evacuate Collection Set: 0.16ms
[2026-03-25T20:37:38.586+0900][6.667s][info][gc,phases   ] GC(110)   Other: 0.09ms
[2026-03-25T20:37:38.586+0900][6.668s][info][gc,heap     ] GC(110) Eden regions: 143->0(143)
[2026-03-25T20:37:38.586+0900][6.668s][info][gc,heap     ] GC(110) Survivor regions: 10->10(20)
[2026-03-25T20:37:38.586+0900][6.668s][info][gc,heap     ] GC(110) Old regions: 5->5
[2026-03-25T20:37:38.586+0900][6.668s][info][gc,heap     ] GC(110) Humongous regions: 0->0
[2026-03-25T20:37:38.586+0900][6.668s][info][gc,metaspace] GC(110) Metaspace: 5954K(6144K)->5954K(6144K) NonClass: 5322K(5440K)->5322K(5440K) Class: 632K(704K)->632K(704K)
[2026-03-25T20:37:38.586+0900][6.668s][info][gc          ] GC(110) Pause Young (Normal) (G1 Evacuation Pause) 155M->13M(258M) 1.666ms
[2026-03-25T20:37:38.586+0900][6.668s][info][gc,cpu      ] GC(110) User=0.01s Sys=0.00s Real=0.00s
[2026-03-25T20:37:38.645+0900][6.726s][info][gc,start    ] GC(111) Pause Young (Normal) (G1 Evacuation Pause)
[2026-03-25T20:37:38.645+0900][6.726s][info][gc,task     ] GC(111) Using 6 workers of 9 for evacuation
[2026-03-25T20:37:38.646+0900][6.728s][info][gc,phases   ] GC(111)   Pre Evacuate Collection Set: 0.07ms
[2026-03-25T20:37:38.646+0900][6.728s][info][gc,phases   ] GC(111)   Merge Heap Roots: 0.04ms
[2026-03-25T20:37:38.646+0900][6.728s][info][gc,phases   ] GC(111)   Evacuate Collection Set: 0.72ms
[2026-03-25T20:37:38.646+0900][6.728s][info][gc,phases   ] GC(111)   Post Evacuate Collection Set: 0.21ms
[2026-03-25T20:37:38.646+0900][6.728s][info][gc,phases   ] GC(111)   Other: 0.10ms
[2026-03-25T20:37:38.646+0900][6.728s][info][gc,heap     ] GC(111) Eden regions: 143->0(143)
[2026-03-25T20:37:38.646+0900][6.728s][info][gc,heap     ] GC(111) Survivor regions: 10->10(20)
[2026-03-25T20:37:38.646+0900][6.728s][info][gc,heap     ] GC(111) Old regions: 5->5
[2026-03-25T20:37:38.646+0900][6.728s][info][gc,heap     ] GC(111) Humongous regions: 0->0
[2026-03-25T20:37:38.646+0900][6.728s][info][gc,metaspace] GC(111) Metaspace: 5954K(6144K)->5954K(6144K) NonClass: 5322K(5440K)->5322K(5440K) Class: 632K(704K)->632K(704K)
[2026-03-25T20:37:38.646+0900][6.728s][info][gc          ] GC(111) Pause Young (Normal) (G1 Evacuation Pause) 155M->13M(258M) 1.519ms
[2026-03-25T20:37:38.646+0900][6.728s][info][gc,cpu      ] GC(111) User=0.00s Sys=0.00s Real=0.00s
[2026-03-25T20:37:38.705+0900][6.787s][info][gc,start    ] GC(112) Pause Young (Normal) (G1 Evacuation Pause)
[2026-03-25T20:37:38.705+0900][6.787s][info][gc,task     ] GC(112) Using 6 workers of 9 for evacuation
[2026-03-25T20:37:38.706+0900][6.788s][info][gc,phases   ] GC(112)   Pre Evacuate Collection Set: 0.09ms
[2026-03-25T20:37:38.706+0900][6.788s][info][gc,phases   ] GC(112)   Merge Heap Roots: 0.04ms
[2026-03-25T20:37:38.706+0900][6.788s][info][gc,phases   ] GC(112)   Evacuate Collection Set: 0.77ms
[2026-03-25T20:37:38.706+0900][6.788s][info][gc,phases   ] GC(112)   Post Evacuate Collection Set: 0.18ms
[2026-03-25T20:37:38.706+0900][6.788s][info][gc,phases   ] GC(112)   Other: 0.06ms
[2026-03-25T20:37:38.706+0900][6.788s][info][gc,heap     ] GC(112) Eden regions: 143->0(143)
[2026-03-25T20:37:38.706+0900][6.788s][info][gc,heap     ] GC(112) Survivor regions: 10->10(20)
[2026-03-25T20:37:38.706+0900][6.788s][info][gc,heap     ] GC(112) Old regions: 5->5
[2026-03-25T20:37:38.706+0900][6.788s][info][gc,heap     ] GC(112) Humongous regions: 0->0
[2026-03-25T20:37:38.706+0900][6.788s][info][gc,metaspace] GC(112) Metaspace: 5954K(6144K)->5954K(6144K) NonClass: 5322K(5440K)->5322K(5440K) Class: 632K(704K)->632K(704K)
[2026-03-25T20:37:38.706+0900][6.788s][info][gc          ] GC(112) Pause Young (Normal) (G1 Evacuation Pause) 155M->13M(258M) 1.345ms
[2026-03-25T20:37:38.706+0900][6.788s][info][gc,cpu      ] GC(112) User=0.00s Sys=0.00s Real=0.00s
[2026-03-25T20:37:38.760+0900][6.842s][info][gc,start    ] GC(113) Pause Young (Normal) (G1 Evacuation Pause)
[2026-03-25T20:37:38.760+0900][6.842s][info][gc,task     ] GC(113) Using 6 workers of 9 for evacuation
[2026-03-25T20:37:38.761+0900][6.843s][info][gc,phases   ] GC(113)   Pre Evacuate Collection Set: 0.10ms
[2026-03-25T20:37:38.761+0900][6.843s][info][gc,phases   ] GC(113)   Merge Heap Roots: 0.05ms
[2026-03-25T20:37:38.761+0900][6.843s][info][gc,phases   ] GC(113)   Evacuate Collection Set: 0.51ms
[2026-03-25T20:37:38.761+0900][6.843s][info][gc,phases   ] GC(113)   Post Evacuate Collection Set: 0.17ms
[2026-03-25T20:37:38.761+0900][6.843s][info][gc,phases   ] GC(113)   Other: 0.06ms
[2026-03-25T20:37:38.761+0900][6.843s][info][gc,heap     ] GC(113) Eden regions: 143->0(143)
[2026-03-25T20:37:38.761+0900][6.843s][info][gc,heap     ] GC(113) Survivor regions: 10->10(20)
[2026-03-25T20:37:38.761+0900][6.843s][info][gc,heap     ] GC(113) Old regions: 5->5
[2026-03-25T20:37:38.761+0900][6.843s][info][gc,heap     ] GC(113) Humongous regions: 0->0
[2026-03-25T20:37:38.762+0900][6.843s][info][gc,metaspace] GC(113) Metaspace: 5954K(6144K)->5954K(6144K) NonClass: 5322K(5440K)->5322K(5440K) Class: 632K(704K)->632K(704K)
[2026-03-25T20:37:38.762+0900][6.843s][info][gc          ] GC(113) Pause Young (Normal) (G1 Evacuation Pause) 155M->13M(258M) 1.133ms
[2026-03-25T20:37:38.762+0900][6.843s][info][gc,cpu      ] GC(113) User=0.00s Sys=0.00s Real=0.00s
[2026-03-25T20:37:38.820+0900][6.902s][info][gc,start    ] GC(114) Pause Young (Normal) (G1 Evacuation Pause)
[2026-03-25T20:37:38.820+0900][6.902s][info][gc,task     ] GC(114) Using 6 workers of 9 for evacuation
[2026-03-25T20:37:38.821+0900][6.902s][info][gc,phases   ] GC(114)   Pre Evacuate Collection Set: 0.07ms
[2026-03-25T20:37:38.821+0900][6.902s][info][gc,phases   ] GC(114)   Merge Heap Roots: 0.04ms
[2026-03-25T20:37:38.821+0900][6.902s][info][gc,phases   ] GC(114)   Evacuate Collection Set: 0.48ms
[2026-03-25T20:37:38.821+0900][6.902s][info][gc,phases   ] GC(114)   Post Evacuate Collection Set: 0.12ms
[2026-03-25T20:37:38.821+0900][6.902s][info][gc,phases   ] GC(114)   Other: 0.05ms
[2026-03-25T20:37:38.821+0900][6.902s][info][gc,heap     ] GC(114) Eden regions: 143->0(143)
[2026-03-25T20:37:38.821+0900][6.902s][info][gc,heap     ] GC(114) Survivor regions: 10->10(20)
[2026-03-25T20:37:38.821+0900][6.902s][info][gc,heap     ] GC(114) Old regions: 5->5
[2026-03-25T20:37:38.821+0900][6.902s][info][gc,heap     ] GC(114) Humongous regions: 0->0
[2026-03-25T20:37:38.821+0900][6.902s][info][gc,metaspace] GC(114) Metaspace: 5954K(6144K)->5954K(6144K) NonClass: 5322K(5440K)->5322K(5440K) Class: 632K(704K)->632K(704K)
[2026-03-25T20:37:38.821+0900][6.903s][info][gc          ] GC(114) Pause Young (Normal) (G1 Evacuation Pause) 155M->13M(258M) 0.940ms
[2026-03-25T20:37:38.821+0900][6.903s][info][gc,cpu      ] GC(114) User=0.01s Sys=0.00s Real=0.00s
[2026-03-25T20:37:38.878+0900][6.960s][info][gc,start    ] GC(115) Pause Young (Normal) (G1 Evacuation Pause)
[2026-03-25T20:37:38.878+0900][6.960s][info][gc,task     ] GC(115) Using 6 workers of 9 for evacuation
[2026-03-25T20:37:38.879+0900][6.961s][info][gc,phases   ] GC(115)   Pre Evacuate Collection Set: 0.07ms
[2026-03-25T20:37:38.879+0900][6.961s][info][gc,phases   ] GC(115)   Merge Heap Roots: 0.03ms
[2026-03-25T20:37:38.879+0900][6.961s][info][gc,phases   ] GC(115)   Evacuate Collection Set: 0.92ms
[2026-03-25T20:37:38.879+0900][6.961s][info][gc,phases   ] GC(115)   Post Evacuate Collection Set: 0.18ms
[2026-03-25T20:37:38.880+0900][6.961s][info][gc,phases   ] GC(115)   Other: 0.09ms
[2026-03-25T20:37:38.880+0900][6.961s][info][gc,heap     ] GC(115) Eden regions: 143->0(143)
[2026-03-25T20:37:38.880+0900][6.961s][info][gc,heap     ] GC(115) Survivor regions: 10->10(20)
[2026-03-25T20:37:38.880+0900][6.961s][info][gc,heap     ] GC(115) Old regions: 5->5
[2026-03-25T20:37:38.880+0900][6.961s][info][gc,heap     ] GC(115) Humongous regions: 0->0
[2026-03-25T20:37:38.880+0900][6.961s][info][gc,metaspace] GC(115) Metaspace: 5954K(6144K)->5954K(6144K) NonClass: 5322K(5440K)->5322K(5440K) Class: 632K(704K)->632K(704K)
[2026-03-25T20:37:38.880+0900][6.961s][info][gc          ] GC(115) Pause Young (Normal) (G1 Evacuation Pause) 155M->13M(258M) 1.631ms
[2026-03-25T20:37:38.880+0900][6.961s][info][gc,cpu      ] GC(115) User=0.00s Sys=0.00s Real=0.01s
[2026-03-25T20:37:38.938+0900][7.020s][info][gc,start    ] GC(116) Pause Young (Normal) (G1 Evacuation Pause)
[2026-03-25T20:37:38.938+0900][7.020s][info][gc,task     ] GC(116) Using 6 workers of 9 for evacuation
[2026-03-25T20:37:38.939+0900][7.021s][info][gc,phases   ] GC(116)   Pre Evacuate Collection Set: 0.07ms
[2026-03-25T20:37:38.939+0900][7.021s][info][gc,phases   ] GC(116)   Merge Heap Roots: 0.04ms
[2026-03-25T20:37:38.939+0900][7.021s][info][gc,phases   ] GC(116)   Evacuate Collection Set: 0.76ms
[2026-03-25T20:37:38.939+0900][7.021s][info][gc,phases   ] GC(116)   Post Evacuate Collection Set: 0.14ms
[2026-03-25T20:37:38.939+0900][7.021s][info][gc,phases   ] GC(116)   Other: 0.08ms
[2026-03-25T20:37:38.939+0900][7.021s][info][gc,heap     ] GC(116) Eden regions: 143->0(143)
[2026-03-25T20:37:38.939+0900][7.021s][info][gc,heap     ] GC(116) Survivor regions: 10->10(20)
[2026-03-25T20:37:38.939+0900][7.021s][info][gc,heap     ] GC(116) Old regions: 5->5
[2026-03-25T20:37:38.939+0900][7.021s][info][gc,heap     ] GC(116) Humongous regions: 0->0
[2026-03-25T20:37:38.939+0900][7.021s][info][gc,metaspace] GC(116) Metaspace: 5954K(6144K)->5954K(6144K) NonClass: 5322K(5440K)->5322K(5440K) Class: 632K(704K)->632K(704K)
[2026-03-25T20:37:38.939+0900][7.021s][info][gc          ] GC(116) Pause Young (Normal) (G1 Evacuation Pause) 155M->13M(258M) 1.379ms
[2026-03-25T20:37:38.939+0900][7.021s][info][gc,cpu      ] GC(116) User=0.00s Sys=0.00s Real=0.00s
[2026-03-25T20:37:38.994+0900][7.076s][info][gc,start    ] GC(117) Pause Young (Normal) (G1 Evacuation Pause)
[2026-03-25T20:37:38.994+0900][7.076s][info][gc,task     ] GC(117) Using 6 workers of 9 for evacuation
[2026-03-25T20:37:38.995+0900][7.077s][info][gc,phases   ] GC(117)   Pre Evacuate Collection Set: 0.06ms
[2026-03-25T20:37:38.995+0900][7.077s][info][gc,phases   ] GC(117)   Merge Heap Roots: 0.03ms
[2026-03-25T20:37:38.995+0900][7.077s][info][gc,phases   ] GC(117)   Evacuate Collection Set: 0.69ms
[2026-03-25T20:37:38.995+0900][7.077s][info][gc,phases   ] GC(117)   Post Evacuate Collection Set: 0.28ms
[2026-03-25T20:37:38.995+0900][7.077s][info][gc,phases   ] GC(117)   Other: 0.09ms
[2026-03-25T20:37:38.995+0900][7.077s][info][gc,heap     ] GC(117) Eden regions: 143->0(143)
[2026-03-25T20:37:38.995+0900][7.077s][info][gc,heap     ] GC(117) Survivor regions: 10->10(20)
[2026-03-25T20:37:38.995+0900][7.077s][info][gc,heap     ] GC(117) Old regions: 5->5
[2026-03-25T20:37:38.996+0900][7.077s][info][gc,heap     ] GC(117) Humongous regions: 0->0
[2026-03-25T20:37:38.996+0900][7.077s][info][gc,metaspace] GC(117) Metaspace: 5954K(6144K)->5954K(6144K) NonClass: 5322K(5440K)->5322K(5440K) Class: 632K(704K)->632K(704K)
[2026-03-25T20:37:38.996+0900][7.077s][info][gc          ] GC(117) Pause Young (Normal) (G1 Evacuation Pause) 155M->13M(258M) 1.507ms
[2026-03-25T20:37:38.996+0900][7.077s][info][gc,cpu      ] GC(117) User=0.01s Sys=0.00s Real=0.00s
[2026-03-25T20:37:39.055+0900][7.136s][info][gc,start    ] GC(118) Pause Young (Normal) (G1 Evacuation Pause)
[2026-03-25T20:37:39.055+0900][7.136s][info][gc,task     ] GC(118) Using 6 workers of 9 for evacuation
[2026-03-25T20:37:39.056+0900][7.138s][info][gc,phases   ] GC(118)   Pre Evacuate Collection Set: 0.06ms
[2026-03-25T20:37:39.056+0900][7.138s][info][gc,phases   ] GC(118)   Merge Heap Roots: 0.04ms
[2026-03-25T20:37:39.056+0900][7.138s][info][gc,phases   ] GC(118)   Evacuate Collection Set: 0.77ms
[2026-03-25T20:37:39.056+0900][7.138s][info][gc,phases   ] GC(118)   Post Evacuate Collection Set: 0.15ms
[2026-03-25T20:37:39.056+0900][7.138s][info][gc,phases   ] GC(118)   Other: 0.07ms
[2026-03-25T20:37:39.056+0900][7.138s][info][gc,heap     ] GC(118) Eden regions: 143->0(143)
[2026-03-25T20:37:39.056+0900][7.138s][info][gc,heap     ] GC(118) Survivor regions: 10->10(20)
[2026-03-25T20:37:39.056+0900][7.138s][info][gc,heap     ] GC(118) Old regions: 5->5
[2026-03-25T20:37:39.056+0900][7.138s][info][gc,heap     ] GC(118) Humongous regions: 0->0
[2026-03-25T20:37:39.056+0900][7.138s][info][gc,metaspace] GC(118) Metaspace: 5954K(6144K)->5954K(6144K) NonClass: 5322K(5440K)->5322K(5440K) Class: 632K(704K)->632K(704K)
[2026-03-25T20:37:39.056+0900][7.138s][info][gc          ] GC(118) Pause Young (Normal) (G1 Evacuation Pause) 155M->13M(258M) 1.346ms
[2026-03-25T20:37:39.056+0900][7.138s][info][gc,cpu      ] GC(118) User=0.01s Sys=0.00s Real=0.00s
[2026-03-25T20:37:39.113+0900][7.195s][info][gc,start    ] GC(119) Pause Young (Normal) (G1 Evacuation Pause)
[2026-03-25T20:37:39.114+0900][7.195s][info][gc,task     ] GC(119) Using 6 workers of 9 for evacuation
[2026-03-25T20:37:39.115+0900][7.196s][info][gc,phases   ] GC(119)   Pre Evacuate Collection Set: 0.08ms
[2026-03-25T20:37:39.115+0900][7.197s][info][gc,phases   ] GC(119)   Merge Heap Roots: 0.04ms
[2026-03-25T20:37:39.115+0900][7.197s][info][gc,phases   ] GC(119)   Evacuate Collection Set: 1.01ms
[2026-03-25T20:37:39.115+0900][7.197s][info][gc,phases   ] GC(119)   Post Evacuate Collection Set: 0.18ms
[2026-03-25T20:37:39.115+0900][7.197s][info][gc,phases   ] GC(119)   Other: 0.12ms
[2026-03-25T20:37:39.115+0900][7.197s][info][gc,heap     ] GC(119) Eden regions: 143->0(143)
[2026-03-25T20:37:39.115+0900][7.197s][info][gc,heap     ] GC(119) Survivor regions: 10->10(20)
[2026-03-25T20:37:39.115+0900][7.197s][info][gc,heap     ] GC(119) Old regions: 5->5
[2026-03-25T20:37:39.115+0900][7.197s][info][gc,heap     ] GC(119) Humongous regions: 0->0
[2026-03-25T20:37:39.115+0900][7.197s][info][gc,metaspace] GC(119) Metaspace: 5954K(6144K)->5954K(6144K) NonClass: 5322K(5440K)->5322K(5440K) Class: 632K(704K)->632K(704K)
[2026-03-25T20:37:39.115+0900][7.197s][info][gc          ] GC(119) Pause Young (Normal) (G1 Evacuation Pause) 155M->13M(258M) 1.775ms
[2026-03-25T20:37:39.115+0900][7.197s][info][gc,cpu      ] GC(119) User=0.01s Sys=0.00s Real=0.00s
[2026-03-25T20:37:39.171+0900][7.253s][info][gc,start    ] GC(120) Pause Young (Normal) (G1 Evacuation Pause)
[2026-03-25T20:37:39.171+0900][7.253s][info][gc,task     ] GC(120) Using 6 workers of 9 for evacuation
[2026-03-25T20:37:39.172+0900][7.254s][info][gc,phases   ] GC(120)   Pre Evacuate Collection Set: 0.07ms
[2026-03-25T20:37:39.172+0900][7.254s][info][gc,phases   ] GC(120)   Merge Heap Roots: 0.04ms
[2026-03-25T20:37:39.172+0900][7.254s][info][gc,phases   ] GC(120)   Evacuate Collection Set: 0.69ms
[2026-03-25T20:37:39.172+0900][7.254s][info][gc,phases   ] GC(120)   Post Evacuate Collection Set: 0.20ms
[2026-03-25T20:37:39.172+0900][7.254s][info][gc,phases   ] GC(120)   Other: 0.09ms
[2026-03-25T20:37:39.172+0900][7.254s][info][gc,heap     ] GC(120) Eden regions: 143->0(143)
[2026-03-25T20:37:39.172+0900][7.254s][info][gc,heap     ] GC(120) Survivor regions: 10->10(20)
[2026-03-25T20:37:39.172+0900][7.254s][info][gc,heap     ] GC(120) Old regions: 5->5
[2026-03-25T20:37:39.172+0900][7.254s][info][gc,heap     ] GC(120) Humongous regions: 0->0
[2026-03-25T20:37:39.172+0900][7.254s][info][gc,metaspace] GC(120) Metaspace: 5954K(6144K)->5954K(6144K) NonClass: 5322K(5440K)->5322K(5440K) Class: 632K(704K)->632K(704K)
[2026-03-25T20:37:39.172+0900][7.254s][info][gc          ] GC(120) Pause Young (Normal) (G1 Evacuation Pause) 155M->13M(258M) 1.416ms
[2026-03-25T20:37:39.173+0900][7.254s][info][gc,cpu      ] GC(120) User=0.00s Sys=0.01s Real=0.00s
[2026-03-25T20:37:39.231+0900][7.313s][info][gc,start    ] GC(121) Pause Young (Normal) (G1 Evacuation Pause)
[2026-03-25T20:37:39.231+0900][7.313s][info][gc,task     ] GC(121) Using 6 workers of 9 for evacuation
[2026-03-25T20:37:39.233+0900][7.314s][info][gc,phases   ] GC(121)   Pre Evacuate Collection Set: 0.10ms
[2026-03-25T20:37:39.233+0900][7.314s][info][gc,phases   ] GC(121)   Merge Heap Roots: 0.07ms
[2026-03-25T20:37:39.233+0900][7.314s][info][gc,phases   ] GC(121)   Evacuate Collection Set: 1.15ms
[2026-03-25T20:37:39.233+0900][7.314s][info][gc,phases   ] GC(121)   Post Evacuate Collection Set: 0.18ms
[2026-03-25T20:37:39.233+0900][7.314s][info][gc,phases   ] GC(121)   Other: 0.12ms
[2026-03-25T20:37:39.233+0900][7.314s][info][gc,heap     ] GC(121) Eden regions: 143->0(143)
[2026-03-25T20:37:39.233+0900][7.314s][info][gc,heap     ] GC(121) Survivor regions: 10->10(20)
[2026-03-25T20:37:39.233+0900][7.314s][info][gc,heap     ] GC(121) Old regions: 5->5
[2026-03-25T20:37:39.233+0900][7.314s][info][gc,heap     ] GC(121) Humongous regions: 0->0
[2026-03-25T20:37:39.233+0900][7.314s][info][gc,metaspace] GC(121) Metaspace: 5954K(6144K)->5954K(6144K) NonClass: 5322K(5440K)->5322K(5440K) Class: 632K(704K)->632K(704K)
[2026-03-25T20:37:39.233+0900][7.315s][info][gc          ] GC(121) Pause Young (Normal) (G1 Evacuation Pause) 155M->13M(258M) 1.972ms
[2026-03-25T20:37:39.233+0900][7.315s][info][gc,cpu      ] GC(121) User=0.00s Sys=0.00s Real=0.00s
[2026-03-25T20:37:39.288+0900][7.370s][info][gc,start    ] GC(122) Pause Young (Normal) (G1 Evacuation Pause)
[2026-03-25T20:37:39.288+0900][7.370s][info][gc,task     ] GC(122) Using 6 workers of 9 for evacuation
[2026-03-25T20:37:39.290+0900][7.371s][info][gc,phases   ] GC(122)   Pre Evacuate Collection Set: 0.09ms
[2026-03-25T20:37:39.290+0900][7.371s][info][gc,phases   ] GC(122)   Merge Heap Roots: 0.05ms
[2026-03-25T20:37:39.290+0900][7.371s][info][gc,phases   ] GC(122)   Evacuate Collection Set: 0.98ms
[2026-03-25T20:37:39.290+0900][7.371s][info][gc,phases   ] GC(122)   Post Evacuate Collection Set: 0.18ms
[2026-03-25T20:37:39.290+0900][7.371s][info][gc,phases   ] GC(122)   Other: 0.09ms
[2026-03-25T20:37:39.290+0900][7.371s][info][gc,heap     ] GC(122) Eden regions: 143->0(143)
[2026-03-25T20:37:39.290+0900][7.371s][info][gc,heap     ] GC(122) Survivor regions: 10->10(20)
[2026-03-25T20:37:39.290+0900][7.371s][info][gc,heap     ] GC(122) Old regions: 5->5
[2026-03-25T20:37:39.290+0900][7.371s][info][gc,heap     ] GC(122) Humongous regions: 0->0
[2026-03-25T20:37:39.290+0900][7.371s][info][gc,metaspace] GC(122) Metaspace: 5958K(6144K)->5958K(6144K) NonClass: 5326K(5440K)->5326K(5440K) Class: 632K(704K)->632K(704K)
[2026-03-25T20:37:39.290+0900][7.371s][info][gc          ] GC(122) Pause Young (Normal) (G1 Evacuation Pause) 155M->13M(258M) 1.705ms
[2026-03-25T20:37:39.290+0900][7.371s][info][gc,cpu      ] GC(122) User=0.01s Sys=0.00s Real=0.01s
[2026-03-25T20:37:39.348+0900][7.430s][info][gc,start    ] GC(123) Pause Young (Normal) (G1 Evacuation Pause)
[2026-03-25T20:37:39.348+0900][7.430s][info][gc,task     ] GC(123) Using 6 workers of 9 for evacuation
[2026-03-25T20:37:39.349+0900][7.431s][info][gc,phases   ] GC(123)   Pre Evacuate Collection Set: 0.07ms
[2026-03-25T20:37:39.349+0900][7.431s][info][gc,phases   ] GC(123)   Merge Heap Roots: 0.04ms
[2026-03-25T20:37:39.349+0900][7.431s][info][gc,phases   ] GC(123)   Evacuate Collection Set: 0.76ms
[2026-03-25T20:37:39.349+0900][7.431s][info][gc,phases   ] GC(123)   Post Evacuate Collection Set: 0.17ms
[2026-03-25T20:37:39.350+0900][7.431s][info][gc,phases   ] GC(123)   Other: 0.10ms
[2026-03-25T20:37:39.350+0900][7.431s][info][gc,heap     ] GC(123) Eden regions: 143->0(143)
[2026-03-25T20:37:39.350+0900][7.431s][info][gc,heap     ] GC(123) Survivor regions: 10->10(20)
[2026-03-25T20:37:39.350+0900][7.431s][info][gc,heap     ] GC(123) Old regions: 5->5
[2026-03-25T20:37:39.350+0900][7.431s][info][gc,heap     ] GC(123) Humongous regions: 0->0
[2026-03-25T20:37:39.350+0900][7.431s][info][gc,metaspace] GC(123) Metaspace: 5958K(6144K)->5958K(6144K) NonClass: 5326K(5440K)->5326K(5440K) Class: 632K(704K)->632K(704K)
[2026-03-25T20:37:39.350+0900][7.431s][info][gc          ] GC(123) Pause Young (Normal) (G1 Evacuation Pause) 155M->13M(258M) 1.466ms
[2026-03-25T20:37:39.350+0900][7.431s][info][gc,cpu      ] GC(123) User=0.01s Sys=0.00s Real=0.01s
[2026-03-25T20:37:39.464+0900][7.545s][info][gc,start    ] GC(124) Pause Young (Normal) (G1 Evacuation Pause)
[2026-03-25T20:37:39.464+0900][7.545s][info][gc,task     ] GC(124) Using 6 workers of 9 for evacuation
[2026-03-25T20:37:39.466+0900][7.547s][info][gc,phases   ] GC(124)   Pre Evacuate Collection Set: 0.13ms
[2026-03-25T20:37:39.466+0900][7.547s][info][gc,phases   ] GC(124)   Merge Heap Roots: 0.08ms
[2026-03-25T20:37:39.466+0900][7.547s][info][gc,phases   ] GC(124)   Evacuate Collection Set: 1.20ms
[2026-03-25T20:37:39.466+0900][7.547s][info][gc,phases   ] GC(124)   Post Evacuate Collection Set: 0.22ms
[2026-03-25T20:37:39.466+0900][7.547s][info][gc,phases   ] GC(124)   Other: 0.12ms
[2026-03-25T20:37:39.466+0900][7.547s][info][gc,heap     ] GC(124) Eden regions: 143->0(143)
[2026-03-25T20:37:39.466+0900][7.547s][info][gc,heap     ] GC(124) Survivor regions: 10->10(20)
[2026-03-25T20:37:39.466+0900][7.547s][info][gc,heap     ] GC(124) Old regions: 5->5
[2026-03-25T20:37:39.466+0900][7.547s][info][gc,heap     ] GC(124) Humongous regions: 0->0
[2026-03-25T20:37:39.466+0900][7.547s][info][gc,metaspace] GC(124) Metaspace: 5958K(6144K)->5958K(6144K) NonClass: 5326K(5440K)->5326K(5440K) Class: 632K(704K)->632K(704K)
[2026-03-25T20:37:39.466+0900][7.547s][info][gc          ] GC(124) Pause Young (Normal) (G1 Evacuation Pause) 155M->13M(258M) 2.189ms
[2026-03-25T20:37:39.466+0900][7.547s][info][gc,cpu      ] GC(124) User=0.01s Sys=0.00s Real=0.00s
[2026-03-25T20:37:39.524+0900][7.605s][info][gc,start    ] GC(125) Pause Young (Normal) (G1 Evacuation Pause)
[2026-03-25T20:37:39.524+0900][7.606s][info][gc,task     ] GC(125) Using 6 workers of 9 for evacuation
[2026-03-25T20:37:39.526+0900][7.607s][info][gc,phases   ] GC(125)   Pre Evacuate Collection Set: 0.13ms
[2026-03-25T20:37:39.526+0900][7.607s][info][gc,phases   ] GC(125)   Merge Heap Roots: 0.07ms
[2026-03-25T20:37:39.526+0900][7.607s][info][gc,phases   ] GC(125)   Evacuate Collection Set: 1.19ms
[2026-03-25T20:37:39.526+0900][7.607s][info][gc,phases   ] GC(125)   Post Evacuate Collection Set: 0.17ms
[2026-03-25T20:37:39.526+0900][7.607s][info][gc,phases   ] GC(125)   Other: 0.14ms
[2026-03-25T20:37:39.526+0900][7.607s][info][gc,heap     ] GC(125) Eden regions: 143->0(143)
[2026-03-25T20:37:39.526+0900][7.607s][info][gc,heap     ] GC(125) Survivor regions: 10->10(20)
[2026-03-25T20:37:39.526+0900][7.607s][info][gc,heap     ] GC(125) Old regions: 5->5
[2026-03-25T20:37:39.526+0900][7.607s][info][gc,heap     ] GC(125) Humongous regions: 0->0
[2026-03-25T20:37:39.526+0900][7.607s][info][gc,metaspace] GC(125) Metaspace: 5958K(6144K)->5958K(6144K) NonClass: 5326K(5440K)->5326K(5440K) Class: 632K(704K)->632K(704K)
[2026-03-25T20:37:39.526+0900][7.607s][info][gc          ] GC(125) Pause Young (Normal) (G1 Evacuation Pause) 155M->13M(258M) 2.155ms
[2026-03-25T20:37:39.526+0900][7.607s][info][gc,cpu      ] GC(125) User=0.00s Sys=0.00s Real=0.00s
[2026-03-25T20:37:39.583+0900][7.665s][info][gc,start    ] GC(126) Pause Young (Normal) (G1 Evacuation Pause)
[2026-03-25T20:37:39.583+0900][7.665s][info][gc,task     ] GC(126) Using 6 workers of 9 for evacuation
[2026-03-25T20:37:39.585+0900][7.666s][info][gc,phases   ] GC(126)   Pre Evacuate Collection Set: 0.11ms
[2026-03-25T20:37:39.585+0900][7.666s][info][gc,phases   ] GC(126)   Merge Heap Roots: 0.05ms
[2026-03-25T20:37:39.585+0900][7.667s][info][gc,phases   ] GC(126)   Evacuate Collection Set: 1.10ms
[2026-03-25T20:37:39.585+0900][7.667s][info][gc,phases   ] GC(126)   Post Evacuate Collection Set: 0.21ms
[2026-03-25T20:37:39.585+0900][7.667s][info][gc,phases   ] GC(126)   Other: 0.12ms
[2026-03-25T20:37:39.585+0900][7.667s][info][gc,heap     ] GC(126) Eden regions: 143->0(143)
[2026-03-25T20:37:39.585+0900][7.667s][info][gc,heap     ] GC(126) Survivor regions: 10->10(20)
[2026-03-25T20:37:39.585+0900][7.667s][info][gc,heap     ] GC(126) Old regions: 5->5
[2026-03-25T20:37:39.585+0900][7.667s][info][gc,heap     ] GC(126) Humongous regions: 0->0
[2026-03-25T20:37:39.585+0900][7.667s][info][gc,metaspace] GC(126) Metaspace: 5958K(6144K)->5958K(6144K) NonClass: 5326K(5440K)->5326K(5440K) Class: 632K(704K)->632K(704K)
[2026-03-25T20:37:39.585+0900][7.667s][info][gc          ] GC(126) Pause Young (Normal) (G1 Evacuation Pause) 155M->13M(258M) 2.066ms
[2026-03-25T20:37:39.585+0900][7.667s][info][gc,cpu      ] GC(126) User=0.00s Sys=0.00s Real=0.00s
[2026-03-25T20:37:39.641+0900][7.722s][info][gc,start    ] GC(127) Pause Young (Normal) (G1 Evacuation Pause)
[2026-03-25T20:37:39.641+0900][7.722s][info][gc,task     ] GC(127) Using 6 workers of 9 for evacuation
[2026-03-25T20:37:39.643+0900][7.724s][info][gc,phases   ] GC(127)   Pre Evacuate Collection Set: 0.12ms
[2026-03-25T20:37:39.643+0900][7.724s][info][gc,phases   ] GC(127)   Merge Heap Roots: 0.07ms
[2026-03-25T20:37:39.643+0900][7.724s][info][gc,phases   ] GC(127)   Evacuate Collection Set: 1.25ms
[2026-03-25T20:37:39.643+0900][7.724s][info][gc,phases   ] GC(127)   Post Evacuate Collection Set: 0.19ms
[2026-03-25T20:37:39.643+0900][7.724s][info][gc,phases   ] GC(127)   Other: 0.14ms
[2026-03-25T20:37:39.643+0900][7.724s][info][gc,heap     ] GC(127) Eden regions: 143->0(143)
[2026-03-25T20:37:39.643+0900][7.724s][info][gc,heap     ] GC(127) Survivor regions: 10->10(20)
[2026-03-25T20:37:39.643+0900][7.724s][info][gc,heap     ] GC(127) Old regions: 5->5
[2026-03-25T20:37:39.643+0900][7.724s][info][gc,heap     ] GC(127) Humongous regions: 0->0
[2026-03-25T20:37:39.643+0900][7.724s][info][gc,metaspace] GC(127) Metaspace: 5958K(6144K)->5958K(6144K) NonClass: 5326K(5440K)->5326K(5440K) Class: 632K(704K)->632K(704K)
[2026-03-25T20:37:39.643+0900][7.724s][info][gc          ] GC(127) Pause Young (Normal) (G1 Evacuation Pause) 155M->13M(258M) 2.141ms
[2026-03-25T20:37:39.643+0900][7.724s][info][gc,cpu      ] GC(127) User=0.00s Sys=0.00s Real=0.00s
[2026-03-25T20:37:39.698+0900][7.780s][info][gc,start    ] GC(128) Pause Young (Normal) (G1 Evacuation Pause)
[2026-03-25T20:37:39.698+0900][7.780s][info][gc,task     ] GC(128) Using 6 workers of 9 for evacuation
[2026-03-25T20:37:39.701+0900][7.782s][info][gc,phases   ] GC(128)   Pre Evacuate Collection Set: 0.16ms
[2026-03-25T20:37:39.701+0900][7.782s][info][gc,phases   ] GC(128)   Merge Heap Roots: 0.12ms
[2026-03-25T20:37:39.701+0900][7.782s][info][gc,phases   ] GC(128)   Evacuate Collection Set: 1.80ms
[2026-03-25T20:37:39.701+0900][7.782s][info][gc,phases   ] GC(128)   Post Evacuate Collection Set: 0.17ms
[2026-03-25T20:37:39.701+0900][7.782s][info][gc,phases   ] GC(128)   Other: 0.12ms
[2026-03-25T20:37:39.701+0900][7.782s][info][gc,heap     ] GC(128) Eden regions: 143->0(143)
[2026-03-25T20:37:39.701+0900][7.782s][info][gc,heap     ] GC(128) Survivor regions: 10->10(20)
[2026-03-25T20:37:39.701+0900][7.782s][info][gc,heap     ] GC(128) Old regions: 5->5
[2026-03-25T20:37:39.701+0900][7.782s][info][gc,heap     ] GC(128) Humongous regions: 0->0
[2026-03-25T20:37:39.701+0900][7.782s][info][gc,metaspace] GC(128) Metaspace: 5958K(6144K)->5958K(6144K) NonClass: 5326K(5440K)->5326K(5440K) Class: 632K(704K)->632K(704K)
[2026-03-25T20:37:39.701+0900][7.782s][info][gc          ] GC(128) Pause Young (Normal) (G1 Evacuation Pause) 155M->13M(258M) 2.741ms
[2026-03-25T20:37:39.701+0900][7.782s][info][gc,cpu      ] GC(128) User=0.01s Sys=0.00s Real=0.01s
[2026-03-25T20:37:39.759+0900][7.841s][info][gc,start    ] GC(129) Pause Young (Normal) (G1 Evacuation Pause)
[2026-03-25T20:37:39.760+0900][7.841s][info][gc,task     ] GC(129) Using 6 workers of 9 for evacuation
[2026-03-25T20:37:39.761+0900][7.843s][info][gc,phases   ] GC(129)   Pre Evacuate Collection Set: 0.08ms
[2026-03-25T20:37:39.761+0900][7.843s][info][gc,phases   ] GC(129)   Merge Heap Roots: 0.05ms
[2026-03-25T20:37:39.761+0900][7.843s][info][gc,phases   ] GC(129)   Evacuate Collection Set: 1.21ms
[2026-03-25T20:37:39.761+0900][7.843s][info][gc,phases   ] GC(129)   Post Evacuate Collection Set: 0.21ms
[2026-03-25T20:37:39.761+0900][7.843s][info][gc,phases   ] GC(129)   Other: 0.09ms
[2026-03-25T20:37:39.761+0900][7.843s][info][gc,heap     ] GC(129) Eden regions: 143->0(143)
[2026-03-25T20:37:39.761+0900][7.843s][info][gc,heap     ] GC(129) Survivor regions: 10->10(20)
[2026-03-25T20:37:39.761+0900][7.843s][info][gc,heap     ] GC(129) Old regions: 5->5
[2026-03-25T20:37:39.761+0900][7.843s][info][gc,heap     ] GC(129) Humongous regions: 0->0
[2026-03-25T20:37:39.761+0900][7.843s][info][gc,metaspace] GC(129) Metaspace: 5958K(6144K)->5958K(6144K) NonClass: 5326K(5440K)->5326K(5440K) Class: 632K(704K)->632K(704K)
[2026-03-25T20:37:39.761+0900][7.843s][info][gc          ] GC(129) Pause Young (Normal) (G1 Evacuation Pause) 155M->13M(258M) 1.952ms
[2026-03-25T20:37:39.761+0900][7.843s][info][gc,cpu      ] GC(129) User=0.01s Sys=0.00s Real=0.01s
[2026-03-25T20:37:39.820+0900][7.901s][info][gc,start    ] GC(130) Pause Young (Normal) (G1 Evacuation Pause)
[2026-03-25T20:37:39.820+0900][7.902s][info][gc,task     ] GC(130) Using 6 workers of 9 for evacuation
[2026-03-25T20:37:39.822+0900][7.903s][info][gc,phases   ] GC(130)   Pre Evacuate Collection Set: 0.08ms
[2026-03-25T20:37:39.822+0900][7.903s][info][gc,phases   ] GC(130)   Merge Heap Roots: 0.05ms
[2026-03-25T20:37:39.822+0900][7.903s][info][gc,phases   ] GC(130)   Evacuate Collection Set: 1.15ms
[2026-03-25T20:37:39.822+0900][7.903s][info][gc,phases   ] GC(130)   Post Evacuate Collection Set: 0.21ms
[2026-03-25T20:37:39.822+0900][7.903s][info][gc,phases   ] GC(130)   Other: 0.10ms
[2026-03-25T20:37:39.822+0900][7.903s][info][gc,heap     ] GC(130) Eden regions: 143->0(143)
[2026-03-25T20:37:39.822+0900][7.903s][info][gc,heap     ] GC(130) Survivor regions: 10->10(20)
[2026-03-25T20:37:39.822+0900][7.903s][info][gc,heap     ] GC(130) Old regions: 5->5
[2026-03-25T20:37:39.822+0900][7.903s][info][gc,heap     ] GC(130) Humongous regions: 0->0
[2026-03-25T20:37:39.822+0900][7.903s][info][gc,metaspace] GC(130) Metaspace: 5958K(6144K)->5958K(6144K) NonClass: 5326K(5440K)->5326K(5440K) Class: 632K(704K)->632K(704K)
[2026-03-25T20:37:39.822+0900][7.903s][info][gc          ] GC(130) Pause Young (Normal) (G1 Evacuation Pause) 155M->13M(258M) 1.977ms
[2026-03-25T20:37:39.822+0900][7.903s][info][gc,cpu      ] GC(130) User=0.00s Sys=0.00s Real=0.00s
[2026-03-25T20:37:39.877+0900][7.958s][info][gc,start    ] GC(131) Pause Young (Normal) (G1 Evacuation Pause)
[2026-03-25T20:37:39.877+0900][7.958s][info][gc,task     ] GC(131) Using 6 workers of 9 for evacuation
[2026-03-25T20:37:39.878+0900][7.959s][info][gc,phases   ] GC(131)   Pre Evacuate Collection Set: 0.07ms
[2026-03-25T20:37:39.878+0900][7.960s][info][gc,phases   ] GC(131)   Merge Heap Roots: 0.04ms
[2026-03-25T20:37:39.878+0900][7.960s][info][gc,phases   ] GC(131)   Evacuate Collection Set: 0.76ms
[2026-03-25T20:37:39.878+0900][7.960s][info][gc,phases   ] GC(131)   Post Evacuate Collection Set: 0.13ms
[2026-03-25T20:37:39.878+0900][7.960s][info][gc,phases   ] GC(131)   Other: 0.11ms
[2026-03-25T20:37:39.878+0900][7.960s][info][gc,heap     ] GC(131) Eden regions: 143->0(143)
[2026-03-25T20:37:39.878+0900][7.960s][info][gc,heap     ] GC(131) Survivor regions: 10->10(20)
[2026-03-25T20:37:39.878+0900][7.960s][info][gc,heap     ] GC(131) Old regions: 5->5
[2026-03-25T20:37:39.878+0900][7.960s][info][gc,heap     ] GC(131) Humongous regions: 0->0
[2026-03-25T20:37:39.878+0900][7.960s][info][gc,metaspace] GC(131) Metaspace: 5958K(6144K)->5958K(6144K) NonClass: 5326K(5440K)->5326K(5440K) Class: 632K(704K)->632K(704K)
[2026-03-25T20:37:39.878+0900][7.960s][info][gc          ] GC(131) Pause Young (Normal) (G1 Evacuation Pause) 155M->13M(258M) 1.390ms
[2026-03-25T20:37:39.878+0900][7.960s][info][gc,cpu      ] GC(131) User=0.00s Sys=0.00s Real=0.00s
[2026-03-25T20:37:39.936+0900][8.018s][info][gc,start    ] GC(132) Pause Young (Normal) (G1 Evacuation Pause)
[2026-03-25T20:37:39.936+0900][8.018s][info][gc,task     ] GC(132) Using 6 workers of 9 for evacuation
[2026-03-25T20:37:39.938+0900][8.019s][info][gc,phases   ] GC(132)   Pre Evacuate Collection Set: 0.09ms
[2026-03-25T20:37:39.938+0900][8.019s][info][gc,phases   ] GC(132)   Merge Heap Roots: 0.05ms
[2026-03-25T20:37:39.938+0900][8.019s][info][gc,phases   ] GC(132)   Evacuate Collection Set: 0.89ms
[2026-03-25T20:37:39.938+0900][8.019s][info][gc,phases   ] GC(132)   Post Evacuate Collection Set: 0.17ms
[2026-03-25T20:37:39.938+0900][8.019s][info][gc,phases   ] GC(132)   Other: 0.07ms
[2026-03-25T20:37:39.938+0900][8.019s][info][gc,heap     ] GC(132) Eden regions: 143->0(143)
[2026-03-25T20:37:39.938+0900][8.019s][info][gc,heap     ] GC(132) Survivor regions: 10->10(20)
[2026-03-25T20:37:39.938+0900][8.019s][info][gc,heap     ] GC(132) Old regions: 5->5
[2026-03-25T20:37:39.938+0900][8.019s][info][gc,heap     ] GC(132) Humongous regions: 0->0
[2026-03-25T20:37:39.938+0900][8.019s][info][gc,metaspace] GC(132) Metaspace: 5958K(6144K)->5958K(6144K) NonClass: 5326K(5440K)->5326K(5440K) Class: 632K(704K)->632K(704K)
[2026-03-25T20:37:39.938+0900][8.020s][info][gc          ] GC(132) Pause Young (Normal) (G1 Evacuation Pause) 155M->13M(258M) 1.583ms
[2026-03-25T20:37:39.938+0900][8.020s][info][gc,cpu      ] GC(132) User=0.00s Sys=0.00s Real=0.00s
[2026-03-25T20:37:39.997+0900][8.078s][info][gc,start    ] GC(133) Pause Young (Normal) (G1 Evacuation Pause)
[2026-03-25T20:37:39.997+0900][8.078s][info][gc,task     ] GC(133) Using 6 workers of 9 for evacuation
[2026-03-25T20:37:39.998+0900][8.080s][info][gc,phases   ] GC(133)   Pre Evacuate Collection Set: 0.07ms
[2026-03-25T20:37:39.998+0900][8.080s][info][gc,phases   ] GC(133)   Merge Heap Roots: 0.04ms
[2026-03-25T20:37:39.998+0900][8.080s][info][gc,phases   ] GC(133)   Evacuate Collection Set: 1.07ms
[2026-03-25T20:37:39.998+0900][8.080s][info][gc,phases   ] GC(133)   Post Evacuate Collection Set: 0.16ms
[2026-03-25T20:37:39.998+0900][8.080s][info][gc,phases   ] GC(133)   Other: 0.08ms
[2026-03-25T20:37:39.998+0900][8.080s][info][gc,heap     ] GC(133) Eden regions: 143->0(143)
[2026-03-25T20:37:39.998+0900][8.080s][info][gc,heap     ] GC(133) Survivor regions: 10->10(20)
[2026-03-25T20:37:39.998+0900][8.080s][info][gc,heap     ] GC(133) Old regions: 5->5
[2026-03-25T20:37:39.998+0900][8.080s][info][gc,heap     ] GC(133) Humongous regions: 0->0
[2026-03-25T20:37:39.998+0900][8.080s][info][gc,metaspace] GC(133) Metaspace: 5958K(6144K)->5958K(6144K) NonClass: 5326K(5440K)->5326K(5440K) Class: 632K(704K)->632K(704K)
[2026-03-25T20:37:39.998+0900][8.080s][info][gc          ] GC(133) Pause Young (Normal) (G1 Evacuation Pause) 155M->13M(258M) 1.708ms
[2026-03-25T20:37:39.998+0900][8.080s][info][gc,cpu      ] GC(133) User=0.01s Sys=0.00s Real=0.00s
[2026-03-25T20:37:40.056+0900][8.138s][info][gc,start    ] GC(134) Pause Young (Normal) (G1 Evacuation Pause)
[2026-03-25T20:37:40.056+0900][8.138s][info][gc,task     ] GC(134) Using 6 workers of 9 for evacuation
[2026-03-25T20:37:40.058+0900][8.140s][info][gc,phases   ] GC(134)   Pre Evacuate Collection Set: 0.05ms
[2026-03-25T20:37:40.058+0900][8.140s][info][gc,phases   ] GC(134)   Merge Heap Roots: 0.03ms
[2026-03-25T20:37:40.058+0900][8.140s][info][gc,phases   ] GC(134)   Evacuate Collection Set: 1.44ms
[2026-03-25T20:37:40.058+0900][8.140s][info][gc,phases   ] GC(134)   Post Evacuate Collection Set: 0.18ms
[2026-03-25T20:37:40.058+0900][8.140s][info][gc,phases   ] GC(134)   Other: 0.05ms
[2026-03-25T20:37:40.058+0900][8.140s][info][gc,heap     ] GC(134) Eden regions: 143->0(143)
[2026-03-25T20:37:40.058+0900][8.140s][info][gc,heap     ] GC(134) Survivor regions: 10->10(20)
[2026-03-25T20:37:40.058+0900][8.140s][info][gc,heap     ] GC(134) Old regions: 5->5
[2026-03-25T20:37:40.058+0900][8.140s][info][gc,heap     ] GC(134) Humongous regions: 0->0
[2026-03-25T20:37:40.058+0900][8.140s][info][gc,metaspace] GC(134) Metaspace: 5958K(6144K)->5958K(6144K) NonClass: 5326K(5440K)->5326K(5440K) Class: 632K(704K)->632K(704K)
[2026-03-25T20:37:40.058+0900][8.140s][info][gc          ] GC(134) Pause Young (Normal) (G1 Evacuation Pause) 155M->13M(258M) 2.201ms
[2026-03-25T20:37:40.058+0900][8.140s][info][gc,cpu      ] GC(134) User=0.00s Sys=0.00s Real=0.00s
[2026-03-25T20:37:40.111+0900][8.193s][info][gc,start    ] GC(135) Pause Young (Normal) (G1 Evacuation Pause)
[2026-03-25T20:37:40.111+0900][8.193s][info][gc,task     ] GC(135) Using 6 workers of 9 for evacuation
[2026-03-25T20:37:40.113+0900][8.194s][info][gc,phases   ] GC(135)   Pre Evacuate Collection Set: 0.10ms
[2026-03-25T20:37:40.113+0900][8.194s][info][gc,phases   ] GC(135)   Merge Heap Roots: 0.06ms
[2026-03-25T20:37:40.113+0900][8.194s][info][gc,phases   ] GC(135)   Evacuate Collection Set: 1.06ms
[2026-03-25T20:37:40.113+0900][8.194s][info][gc,phases   ] GC(135)   Post Evacuate Collection Set: 0.18ms
[2026-03-25T20:37:40.113+0900][8.194s][info][gc,phases   ] GC(135)   Other: 0.13ms
[2026-03-25T20:37:40.113+0900][8.194s][info][gc,heap     ] GC(135) Eden regions: 143->0(142)
[2026-03-25T20:37:40.113+0900][8.194s][info][gc,heap     ] GC(135) Survivor regions: 10->11(20)
[2026-03-25T20:37:40.113+0900][8.194s][info][gc,heap     ] GC(135) Old regions: 5->5
[2026-03-25T20:37:40.113+0900][8.194s][info][gc,heap     ] GC(135) Humongous regions: 0->0
[2026-03-25T20:37:40.113+0900][8.195s][info][gc,metaspace] GC(135) Metaspace: 5958K(6144K)->5958K(6144K) NonClass: 5326K(5440K)->5326K(5440K) Class: 632K(704K)->632K(704K)
[2026-03-25T20:37:40.113+0900][8.195s][info][gc          ] GC(135) Pause Young (Normal) (G1 Evacuation Pause) 155M->13M(258M) 1.946ms
[2026-03-25T20:37:40.113+0900][8.195s][info][gc,cpu      ] GC(135) User=0.00s Sys=0.00s Real=0.00s
[2026-03-25T20:37:40.172+0900][8.253s][info][gc,start    ] GC(136) Pause Young (Normal) (G1 Evacuation Pause)
[2026-03-25T20:37:40.172+0900][8.253s][info][gc,task     ] GC(136) Using 6 workers of 9 for evacuation
[2026-03-25T20:37:40.173+0900][8.255s][info][gc,phases   ] GC(136)   Pre Evacuate Collection Set: 0.11ms
[2026-03-25T20:37:40.173+0900][8.255s][info][gc,phases   ] GC(136)   Merge Heap Roots: 0.06ms
[2026-03-25T20:37:40.173+0900][8.255s][info][gc,phases   ] GC(136)   Evacuate Collection Set: 1.10ms
[2026-03-25T20:37:40.173+0900][8.255s][info][gc,phases   ] GC(136)   Post Evacuate Collection Set: 0.18ms
[2026-03-25T20:37:40.173+0900][8.255s][info][gc,phases   ] GC(136)   Other: 0.11ms
[2026-03-25T20:37:40.173+0900][8.255s][info][gc,heap     ] GC(136) Eden regions: 142->0(143)
[2026-03-25T20:37:40.173+0900][8.255s][info][gc,heap     ] GC(136) Survivor regions: 11->10(20)
[2026-03-25T20:37:40.173+0900][8.255s][info][gc,heap     ] GC(136) Old regions: 5->5
[2026-03-25T20:37:40.173+0900][8.255s][info][gc,heap     ] GC(136) Humongous regions: 0->0
[2026-03-25T20:37:40.173+0900][8.255s][info][gc,metaspace] GC(136) Metaspace: 5958K(6144K)->5958K(6144K) NonClass: 5326K(5440K)->5326K(5440K) Class: 632K(704K)->632K(704K)
[2026-03-25T20:37:40.173+0900][8.255s][info][gc          ] GC(136) Pause Young (Normal) (G1 Evacuation Pause) 155M->13M(258M) 1.868ms
[2026-03-25T20:37:40.173+0900][8.255s][info][gc,cpu      ] GC(136) User=0.00s Sys=0.00s Real=0.00s
[2026-03-25T20:37:40.231+0900][8.313s][info][gc,start    ] GC(137) Pause Young (Normal) (G1 Evacuation Pause)
[2026-03-25T20:37:40.232+0900][8.313s][info][gc,task     ] GC(137) Using 6 workers of 9 for evacuation
[2026-03-25T20:37:40.233+0900][8.315s][info][gc,phases   ] GC(137)   Pre Evacuate Collection Set: 0.12ms
[2026-03-25T20:37:40.233+0900][8.315s][info][gc,phases   ] GC(137)   Merge Heap Roots: 0.08ms
[2026-03-25T20:37:40.233+0900][8.315s][info][gc,phases   ] GC(137)   Evacuate Collection Set: 1.19ms
[2026-03-25T20:37:40.233+0900][8.315s][info][gc,phases   ] GC(137)   Post Evacuate Collection Set: 0.24ms
[2026-03-25T20:37:40.233+0900][8.315s][info][gc,phases   ] GC(137)   Other: 0.14ms
[2026-03-25T20:37:40.233+0900][8.315s][info][gc,heap     ] GC(137) Eden regions: 143->0(143)
[2026-03-25T20:37:40.233+0900][8.315s][info][gc,heap     ] GC(137) Survivor regions: 10->10(20)
[2026-03-25T20:37:40.234+0900][8.315s][info][gc,heap     ] GC(137) Old regions: 5->5
[2026-03-25T20:37:40.234+0900][8.315s][info][gc,heap     ] GC(137) Humongous regions: 0->0
[2026-03-25T20:37:40.234+0900][8.315s][info][gc,metaspace] GC(137) Metaspace: 5958K(6144K)->5958K(6144K) NonClass: 5326K(5440K)->5326K(5440K) Class: 632K(704K)->632K(704K)
[2026-03-25T20:37:40.234+0900][8.315s][info][gc          ] GC(137) Pause Young (Normal) (G1 Evacuation Pause) 155M->13M(258M) 2.213ms
[2026-03-25T20:37:40.234+0900][8.315s][info][gc,cpu      ] GC(137) User=0.00s Sys=0.00s Real=0.00s
[2026-03-25T20:37:40.288+0900][8.369s][info][gc,start    ] GC(138) Pause Young (Normal) (G1 Evacuation Pause)
[2026-03-25T20:37:40.288+0900][8.369s][info][gc,task     ] GC(138) Using 6 workers of 9 for evacuation
[2026-03-25T20:37:40.289+0900][8.371s][info][gc,phases   ] GC(138)   Pre Evacuate Collection Set: 0.09ms
[2026-03-25T20:37:40.289+0900][8.371s][info][gc,phases   ] GC(138)   Merge Heap Roots: 0.05ms
[2026-03-25T20:37:40.289+0900][8.371s][info][gc,phases   ] GC(138)   Evacuate Collection Set: 0.95ms
[2026-03-25T20:37:40.289+0900][8.371s][info][gc,phases   ] GC(138)   Post Evacuate Collection Set: 0.20ms
[2026-03-25T20:37:40.289+0900][8.371s][info][gc,phases   ] GC(138)   Other: 0.10ms
[2026-03-25T20:37:40.289+0900][8.371s][info][gc,heap     ] GC(138) Eden regions: 143->0(143)
[2026-03-25T20:37:40.289+0900][8.371s][info][gc,heap     ] GC(138) Survivor regions: 10->10(20)
[2026-03-25T20:37:40.289+0900][8.371s][info][gc,heap     ] GC(138) Old regions: 5->5
[2026-03-25T20:37:40.289+0900][8.371s][info][gc,heap     ] GC(138) Humongous regions: 0->0
[2026-03-25T20:37:40.289+0900][8.371s][info][gc,metaspace] GC(138) Metaspace: 5963K(6144K)->5963K(6144K) NonClass: 5331K(5440K)->5331K(5440K) Class: 632K(704K)->632K(704K)
[2026-03-25T20:37:40.290+0900][8.371s][info][gc          ] GC(138) Pause Young (Normal) (G1 Evacuation Pause) 155M->13M(258M) 1.717ms
[2026-03-25T20:37:40.290+0900][8.371s][info][gc,cpu      ] GC(138) User=0.01s Sys=0.00s Real=0.01s
[2026-03-25T20:37:40.344+0900][8.426s][info][gc,start    ] GC(139) Pause Young (Normal) (G1 Evacuation Pause)
[2026-03-25T20:37:40.344+0900][8.426s][info][gc,task     ] GC(139) Using 6 workers of 9 for evacuation
[2026-03-25T20:37:40.346+0900][8.427s][info][gc,phases   ] GC(139)   Pre Evacuate Collection Set: 0.07ms
[2026-03-25T20:37:40.346+0900][8.427s][info][gc,phases   ] GC(139)   Merge Heap Roots: 0.04ms
[2026-03-25T20:37:40.346+0900][8.427s][info][gc,phases   ] GC(139)   Evacuate Collection Set: 0.75ms
[2026-03-25T20:37:40.346+0900][8.427s][info][gc,phases   ] GC(139)   Post Evacuate Collection Set: 0.17ms
[2026-03-25T20:37:40.346+0900][8.427s][info][gc,phases   ] GC(139)   Other: 0.09ms
[2026-03-25T20:37:40.346+0900][8.427s][info][gc,heap     ] GC(139) Eden regions: 143->0(143)
[2026-03-25T20:37:40.346+0900][8.427s][info][gc,heap     ] GC(139) Survivor regions: 10->10(20)
[2026-03-25T20:37:40.346+0900][8.427s][info][gc,heap     ] GC(139) Old regions: 5->5
[2026-03-25T20:37:40.346+0900][8.427s][info][gc,heap     ] GC(139) Humongous regions: 0->0
[2026-03-25T20:37:40.346+0900][8.427s][info][gc,metaspace] GC(139) Metaspace: 5963K(6144K)->5963K(6144K) NonClass: 5331K(5440K)->5331K(5440K) Class: 632K(704K)->632K(704K)
[2026-03-25T20:37:40.346+0900][8.427s][info][gc          ] GC(139) Pause Young (Normal) (G1 Evacuation Pause) 155M->13M(258M) 1.409ms
[2026-03-25T20:37:40.346+0900][8.427s][info][gc,cpu      ] GC(139) User=0.01s Sys=0.00s Real=0.00s
[2026-03-25T20:37:40.404+0900][8.486s][info][gc,start    ] GC(140) Pause Young (Normal) (G1 Evacuation Pause)
[2026-03-25T20:37:40.404+0900][8.486s][info][gc,task     ] GC(140) Using 6 workers of 9 for evacuation
[2026-03-25T20:37:40.406+0900][8.487s][info][gc,phases   ] GC(140)   Pre Evacuate Collection Set: 0.09ms
[2026-03-25T20:37:40.406+0900][8.487s][info][gc,phases   ] GC(140)   Merge Heap Roots: 0.05ms
[2026-03-25T20:37:40.406+0900][8.487s][info][gc,phases   ] GC(140)   Evacuate Collection Set: 1.01ms
[2026-03-25T20:37:40.406+0900][8.487s][info][gc,phases   ] GC(140)   Post Evacuate Collection Set: 0.20ms
[2026-03-25T20:37:40.406+0900][8.487s][info][gc,phases   ] GC(140)   Other: 0.10ms
[2026-03-25T20:37:40.406+0900][8.487s][info][gc,heap     ] GC(140) Eden regions: 143->0(143)
[2026-03-25T20:37:40.406+0900][8.487s][info][gc,heap     ] GC(140) Survivor regions: 10->10(20)
[2026-03-25T20:37:40.406+0900][8.487s][info][gc,heap     ] GC(140) Old regions: 5->5
[2026-03-25T20:37:40.406+0900][8.487s][info][gc,heap     ] GC(140) Humongous regions: 0->0
[2026-03-25T20:37:40.406+0900][8.487s][info][gc,metaspace] GC(140) Metaspace: 5963K(6144K)->5963K(6144K) NonClass: 5331K(5440K)->5331K(5440K) Class: 632K(704K)->632K(704K)
[2026-03-25T20:37:40.406+0900][8.488s][info][gc          ] GC(140) Pause Young (Normal) (G1 Evacuation Pause) 155M->13M(258M) 1.764ms
[2026-03-25T20:37:40.406+0900][8.488s][info][gc,cpu      ] GC(140) User=0.01s Sys=0.00s Real=0.00s
[2026-03-25T20:37:40.461+0900][8.543s][info][gc,start    ] GC(141) Pause Young (Normal) (G1 Evacuation Pause)
[2026-03-25T20:37:40.461+0900][8.543s][info][gc,task     ] GC(141) Using 6 workers of 9 for evacuation
[2026-03-25T20:37:40.463+0900][8.544s][info][gc,phases   ] GC(141)   Pre Evacuate Collection Set: 0.07ms
[2026-03-25T20:37:40.463+0900][8.544s][info][gc,phases   ] GC(141)   Merge Heap Roots: 0.05ms
[2026-03-25T20:37:40.463+0900][8.544s][info][gc,phases   ] GC(141)   Evacuate Collection Set: 1.14ms
[2026-03-25T20:37:40.463+0900][8.544s][info][gc,phases   ] GC(141)   Post Evacuate Collection Set: 0.17ms
[2026-03-25T20:37:40.463+0900][8.544s][info][gc,phases   ] GC(141)   Other: 0.11ms
[2026-03-25T20:37:40.463+0900][8.544s][info][gc,heap     ] GC(141) Eden regions: 143->0(143)
[2026-03-25T20:37:40.463+0900][8.544s][info][gc,heap     ] GC(141) Survivor regions: 10->10(20)
[2026-03-25T20:37:40.463+0900][8.544s][info][gc,heap     ] GC(141) Old regions: 5->5
[2026-03-25T20:37:40.463+0900][8.544s][info][gc,heap     ] GC(141) Humongous regions: 0->0
[2026-03-25T20:37:40.463+0900][8.544s][info][gc,metaspace] GC(141) Metaspace: 5963K(6144K)->5963K(6144K) NonClass: 5331K(5440K)->5331K(5440K) Class: 632K(704K)->632K(704K)
[2026-03-25T20:37:40.463+0900][8.544s][info][gc          ] GC(141) Pause Young (Normal) (G1 Evacuation Pause) 155M->13M(258M) 1.853ms
[2026-03-25T20:37:40.463+0900][8.544s][info][gc,cpu      ] GC(141) User=0.01s Sys=0.00s Real=0.00s
[2026-03-25T20:37:40.522+0900][8.603s][info][gc,start    ] GC(142) Pause Young (Normal) (G1 Evacuation Pause)
[2026-03-25T20:37:40.522+0900][8.603s][info][gc,task     ] GC(142) Using 6 workers of 9 for evacuation
[2026-03-25T20:37:40.524+0900][8.605s][info][gc,phases   ] GC(142)   Pre Evacuate Collection Set: 0.07ms
[2026-03-25T20:37:40.524+0900][8.606s][info][gc,phases   ] GC(142)   Merge Heap Roots: 0.05ms
[2026-03-25T20:37:40.524+0900][8.606s][info][gc,phases   ] GC(142)   Evacuate Collection Set: 1.63ms
[2026-03-25T20:37:40.524+0900][8.606s][info][gc,phases   ] GC(142)   Post Evacuate Collection Set: 0.39ms
[2026-03-25T20:37:40.524+0900][8.606s][info][gc,phases   ] GC(142)   Other: 0.10ms
[2026-03-25T20:37:40.524+0900][8.606s][info][gc,heap     ] GC(142) Eden regions: 143->0(143)
[2026-03-25T20:37:40.524+0900][8.606s][info][gc,heap     ] GC(142) Survivor regions: 10->10(20)
[2026-03-25T20:37:40.524+0900][8.606s][info][gc,heap     ] GC(142) Old regions: 5->5
[2026-03-25T20:37:40.524+0900][8.606s][info][gc,heap     ] GC(142) Humongous regions: 0->0
[2026-03-25T20:37:40.524+0900][8.606s][info][gc,metaspace] GC(142) Metaspace: 5963K(6144K)->5963K(6144K) NonClass: 5331K(5440K)->5331K(5440K) Class: 632K(704K)->632K(704K)
[2026-03-25T20:37:40.524+0900][8.606s][info][gc          ] GC(142) Pause Young (Normal) (G1 Evacuation Pause) 155M->13M(258M) 2.581ms
[2026-03-25T20:37:40.524+0900][8.606s][info][gc,cpu      ] GC(142) User=0.01s Sys=0.00s Real=0.00s
[2026-03-25T20:37:40.583+0900][8.665s][info][gc,start    ] GC(143) Pause Young (Normal) (G1 Evacuation Pause)
[2026-03-25T20:37:40.583+0900][8.665s][info][gc,task     ] GC(143) Using 6 workers of 9 for evacuation
[2026-03-25T20:37:40.584+0900][8.666s][info][gc,phases   ] GC(143)   Pre Evacuate Collection Set: 0.09ms
[2026-03-25T20:37:40.585+0900][8.666s][info][gc,phases   ] GC(143)   Merge Heap Roots: 0.04ms
[2026-03-25T20:37:40.585+0900][8.666s][info][gc,phases   ] GC(143)   Evacuate Collection Set: 1.01ms
[2026-03-25T20:37:40.585+0900][8.666s][info][gc,phases   ] GC(143)   Post Evacuate Collection Set: 0.16ms
[2026-03-25T20:37:40.585+0900][8.666s][info][gc,phases   ] GC(143)   Other: 0.08ms
[2026-03-25T20:37:40.585+0900][8.666s][info][gc,heap     ] GC(143) Eden regions: 143->0(143)
[2026-03-25T20:37:40.585+0900][8.666s][info][gc,heap     ] GC(143) Survivor regions: 10->10(20)
[2026-03-25T20:37:40.585+0900][8.666s][info][gc,heap     ] GC(143) Old regions: 5->5
[2026-03-25T20:37:40.585+0900][8.666s][info][gc,heap     ] GC(143) Humongous regions: 0->0
[2026-03-25T20:37:40.585+0900][8.666s][info][gc,metaspace] GC(143) Metaspace: 5963K(6144K)->5963K(6144K) NonClass: 5331K(5440K)->5331K(5440K) Class: 632K(704K)->632K(704K)
[2026-03-25T20:37:40.585+0900][8.666s][info][gc          ] GC(143) Pause Young (Normal) (G1 Evacuation Pause) 155M->13M(258M) 1.652ms
[2026-03-25T20:37:40.585+0900][8.666s][info][gc,cpu      ] GC(143) User=0.00s Sys=0.01s Real=0.00s
[2026-03-25T20:37:40.642+0900][8.723s][info][gc,start    ] GC(144) Pause Young (Normal) (G1 Evacuation Pause)
[2026-03-25T20:37:40.642+0900][8.724s][info][gc,task     ] GC(144) Using 6 workers of 9 for evacuation
[2026-03-25T20:37:40.644+0900][8.725s][info][gc,phases   ] GC(144)   Pre Evacuate Collection Set: 0.09ms
[2026-03-25T20:37:40.644+0900][8.725s][info][gc,phases   ] GC(144)   Merge Heap Roots: 0.05ms
[2026-03-25T20:37:40.644+0900][8.725s][info][gc,phases   ] GC(144)   Evacuate Collection Set: 1.38ms
[2026-03-25T20:37:40.644+0900][8.725s][info][gc,phases   ] GC(144)   Post Evacuate Collection Set: 0.17ms
[2026-03-25T20:37:40.644+0900][8.726s][info][gc,phases   ] GC(144)   Other: 0.12ms
[2026-03-25T20:37:40.644+0900][8.726s][info][gc,heap     ] GC(144) Eden regions: 143->0(143)
[2026-03-25T20:37:40.644+0900][8.726s][info][gc,heap     ] GC(144) Survivor regions: 10->10(20)
[2026-03-25T20:37:40.644+0900][8.726s][info][gc,heap     ] GC(144) Old regions: 5->5
[2026-03-25T20:37:40.644+0900][8.726s][info][gc,heap     ] GC(144) Humongous regions: 0->0
[2026-03-25T20:37:40.644+0900][8.726s][info][gc,metaspace] GC(144) Metaspace: 5963K(6144K)->5963K(6144K) NonClass: 5331K(5440K)->5331K(5440K) Class: 632K(704K)->632K(704K)
[2026-03-25T20:37:40.644+0900][8.726s][info][gc          ] GC(144) Pause Young (Normal) (G1 Evacuation Pause) 155M->13M(258M) 2.159ms
[2026-03-25T20:37:40.644+0900][8.726s][info][gc,cpu      ] GC(144) User=0.00s Sys=0.00s Real=0.00s
[2026-03-25T20:37:40.703+0900][8.784s][info][gc,start    ] GC(145) Pause Young (Normal) (G1 Evacuation Pause)
[2026-03-25T20:37:40.703+0900][8.784s][info][gc,task     ] GC(145) Using 6 workers of 9 for evacuation
[2026-03-25T20:37:40.704+0900][8.786s][info][gc,phases   ] GC(145)   Pre Evacuate Collection Set: 0.08ms
[2026-03-25T20:37:40.704+0900][8.786s][info][gc,phases   ] GC(145)   Merge Heap Roots: 0.04ms
[2026-03-25T20:37:40.704+0900][8.786s][info][gc,phases   ] GC(145)   Evacuate Collection Set: 0.95ms
[2026-03-25T20:37:40.704+0900][8.786s][info][gc,phases   ] GC(145)   Post Evacuate Collection Set: 0.18ms
[2026-03-25T20:37:40.704+0900][8.786s][info][gc,phases   ] GC(145)   Other: 0.10ms
[2026-03-25T20:37:40.704+0900][8.786s][info][gc,heap     ] GC(145) Eden regions: 143->0(143)
[2026-03-25T20:37:40.704+0900][8.786s][info][gc,heap     ] GC(145) Survivor regions: 10->10(20)
[2026-03-25T20:37:40.704+0900][8.786s][info][gc,heap     ] GC(145) Old regions: 5->5
[2026-03-25T20:37:40.704+0900][8.786s][info][gc,heap     ] GC(145) Humongous regions: 0->0
[2026-03-25T20:37:40.704+0900][8.786s][info][gc,metaspace] GC(145) Metaspace: 5963K(6144K)->5963K(6144K) NonClass: 5331K(5440K)->5331K(5440K) Class: 632K(704K)->632K(704K)
[2026-03-25T20:37:40.704+0900][8.786s][info][gc          ] GC(145) Pause Young (Normal) (G1 Evacuation Pause) 155M->13M(258M) 1.648ms
[2026-03-25T20:37:40.704+0900][8.786s][info][gc,cpu      ] GC(145) User=0.00s Sys=0.00s Real=0.00s
[2026-03-25T20:37:40.761+0900][8.842s][info][gc,start    ] GC(146) Pause Young (Normal) (G1 Evacuation Pause)
[2026-03-25T20:37:40.761+0900][8.842s][info][gc,task     ] GC(146) Using 6 workers of 9 for evacuation
[2026-03-25T20:37:40.762+0900][8.844s][info][gc,phases   ] GC(146)   Pre Evacuate Collection Set: 0.07ms
[2026-03-25T20:37:40.762+0900][8.844s][info][gc,phases   ] GC(146)   Merge Heap Roots: 0.04ms
[2026-03-25T20:37:40.762+0900][8.844s][info][gc,phases   ] GC(146)   Evacuate Collection Set: 0.77ms
[2026-03-25T20:37:40.762+0900][8.844s][info][gc,phases   ] GC(146)   Post Evacuate Collection Set: 0.17ms
[2026-03-25T20:37:40.762+0900][8.844s][info][gc,phases   ] GC(146)   Other: 0.09ms
[2026-03-25T20:37:40.762+0900][8.844s][info][gc,heap     ] GC(146) Eden regions: 143->0(143)
[2026-03-25T20:37:40.762+0900][8.844s][info][gc,heap     ] GC(146) Survivor regions: 10->10(20)
[2026-03-25T20:37:40.762+0900][8.844s][info][gc,heap     ] GC(146) Old regions: 5->5
[2026-03-25T20:37:40.762+0900][8.844s][info][gc,heap     ] GC(146) Humongous regions: 0->0
[2026-03-25T20:37:40.762+0900][8.844s][info][gc,metaspace] GC(146) Metaspace: 5963K(6144K)->5963K(6144K) NonClass: 5331K(5440K)->5331K(5440K) Class: 632K(704K)->632K(704K)
[2026-03-25T20:37:40.762+0900][8.844s][info][gc          ] GC(146) Pause Young (Normal) (G1 Evacuation Pause) 155M->13M(258M) 1.460ms
[2026-03-25T20:37:40.762+0900][8.844s][info][gc,cpu      ] GC(146) User=0.00s Sys=0.00s Real=0.00s
[2026-03-25T20:37:40.821+0900][8.902s][info][gc,start    ] GC(147) Pause Young (Normal) (G1 Evacuation Pause)
[2026-03-25T20:37:40.821+0900][8.903s][info][gc,task     ] GC(147) Using 6 workers of 9 for evacuation
[2026-03-25T20:37:40.822+0900][8.904s][info][gc,phases   ] GC(147)   Pre Evacuate Collection Set: 0.07ms
[2026-03-25T20:37:40.822+0900][8.904s][info][gc,phases   ] GC(147)   Merge Heap Roots: 0.04ms
[2026-03-25T20:37:40.822+0900][8.904s][info][gc,phases   ] GC(147)   Evacuate Collection Set: 0.76ms
[2026-03-25T20:37:40.822+0900][8.904s][info][gc,phases   ] GC(147)   Post Evacuate Collection Set: 0.16ms
[2026-03-25T20:37:40.822+0900][8.904s][info][gc,phases   ] GC(147)   Other: 0.08ms
[2026-03-25T20:37:40.822+0900][8.904s][info][gc,heap     ] GC(147) Eden regions: 143->0(143)
[2026-03-25T20:37:40.822+0900][8.904s][info][gc,heap     ] GC(147) Survivor regions: 10->10(20)
[2026-03-25T20:37:40.822+0900][8.904s][info][gc,heap     ] GC(147) Old regions: 5->5
[2026-03-25T20:37:40.822+0900][8.904s][info][gc,heap     ] GC(147) Humongous regions: 0->0
[2026-03-25T20:37:40.822+0900][8.904s][info][gc,metaspace] GC(147) Metaspace: 5963K(6144K)->5963K(6144K) NonClass: 5331K(5440K)->5331K(5440K) Class: 632K(704K)->632K(704K)
[2026-03-25T20:37:40.822+0900][8.904s][info][gc          ] GC(147) Pause Young (Normal) (G1 Evacuation Pause) 155M->13M(258M) 1.418ms
[2026-03-25T20:37:40.822+0900][8.904s][info][gc,cpu      ] GC(147) User=0.01s Sys=0.00s Real=0.00s
[2026-03-25T20:37:40.881+0900][8.963s][info][gc,start    ] GC(148) Pause Young (Normal) (G1 Evacuation Pause)
[2026-03-25T20:37:40.881+0900][8.963s][info][gc,task     ] GC(148) Using 6 workers of 9 for evacuation
[2026-03-25T20:37:40.883+0900][8.964s][info][gc,phases   ] GC(148)   Pre Evacuate Collection Set: 0.10ms
[2026-03-25T20:37:40.883+0900][8.964s][info][gc,phases   ] GC(148)   Merge Heap Roots: 0.07ms
[2026-03-25T20:37:40.883+0900][8.964s][info][gc,phases   ] GC(148)   Evacuate Collection Set: 1.12ms
[2026-03-25T20:37:40.883+0900][8.964s][info][gc,phases   ] GC(148)   Post Evacuate Collection Set: 0.17ms
[2026-03-25T20:37:40.883+0900][8.964s][info][gc,phases   ] GC(148)   Other: 0.10ms
[2026-03-25T20:37:40.883+0900][8.964s][info][gc,heap     ] GC(148) Eden regions: 143->0(143)
[2026-03-25T20:37:40.883+0900][8.964s][info][gc,heap     ] GC(148) Survivor regions: 10->10(20)
[2026-03-25T20:37:40.883+0900][8.964s][info][gc,heap     ] GC(148) Old regions: 5->5
[2026-03-25T20:37:40.883+0900][8.964s][info][gc,heap     ] GC(148) Humongous regions: 0->0
[2026-03-25T20:37:40.883+0900][8.964s][info][gc,metaspace] GC(148) Metaspace: 5963K(6144K)->5963K(6144K) NonClass: 5331K(5440K)->5331K(5440K) Class: 632K(704K)->632K(704K)
[2026-03-25T20:37:40.883+0900][8.964s][info][gc          ] GC(148) Pause Young (Normal) (G1 Evacuation Pause) 155M->13M(258M) 1.895ms
[2026-03-25T20:37:40.883+0900][8.964s][info][gc,cpu      ] GC(148) User=0.01s Sys=0.00s Real=0.00s
[2026-03-25T20:37:40.939+0900][9.021s][info][gc,start    ] GC(149) Pause Young (Normal) (G1 Evacuation Pause)
[2026-03-25T20:37:40.939+0900][9.021s][info][gc,task     ] GC(149) Using 6 workers of 9 for evacuation
[2026-03-25T20:37:40.940+0900][9.022s][info][gc,phases   ] GC(149)   Pre Evacuate Collection Set: 0.07ms
[2026-03-25T20:37:40.940+0900][9.022s][info][gc,phases   ] GC(149)   Merge Heap Roots: 0.04ms
[2026-03-25T20:37:40.940+0900][9.022s][info][gc,phases   ] GC(149)   Evacuate Collection Set: 0.76ms
[2026-03-25T20:37:40.940+0900][9.022s][info][gc,phases   ] GC(149)   Post Evacuate Collection Set: 0.19ms
[2026-03-25T20:37:40.940+0900][9.022s][info][gc,phases   ] GC(149)   Other: 0.09ms
[2026-03-25T20:37:40.940+0900][9.022s][info][gc,heap     ] GC(149) Eden regions: 143->0(143)
[2026-03-25T20:37:40.940+0900][9.022s][info][gc,heap     ] GC(149) Survivor regions: 10->10(20)
[2026-03-25T20:37:40.940+0900][9.022s][info][gc,heap     ] GC(149) Old regions: 5->5
[2026-03-25T20:37:40.940+0900][9.022s][info][gc,heap     ] GC(149) Humongous regions: 0->0
[2026-03-25T20:37:40.940+0900][9.022s][info][gc,metaspace] GC(149) Metaspace: 5963K(6144K)->5963K(6144K) NonClass: 5331K(5440K)->5331K(5440K) Class: 632K(704K)->632K(704K)
[2026-03-25T20:37:40.940+0900][9.022s][info][gc          ] GC(149) Pause Young (Normal) (G1 Evacuation Pause) 155M->13M(258M) 1.455ms
[2026-03-25T20:37:40.940+0900][9.022s][info][gc,cpu      ] GC(149) User=0.00s Sys=0.00s Real=0.01s
[2026-03-25T20:37:40.998+0900][9.080s][info][gc,start    ] GC(150) Pause Young (Normal) (G1 Evacuation Pause)
[2026-03-25T20:37:40.998+0900][9.080s][info][gc,task     ] GC(150) Using 6 workers of 9 for evacuation
[2026-03-25T20:37:41.000+0900][9.081s][info][gc,phases   ] GC(150)   Pre Evacuate Collection Set: 0.08ms
[2026-03-25T20:37:41.000+0900][9.081s][info][gc,phases   ] GC(150)   Merge Heap Roots: 0.05ms
[2026-03-25T20:37:41.000+0900][9.081s][info][gc,phases   ] GC(150)   Evacuate Collection Set: 0.81ms
[2026-03-25T20:37:41.000+0900][9.081s][info][gc,phases   ] GC(150)   Post Evacuate Collection Set: 0.17ms
[2026-03-25T20:37:41.000+0900][9.081s][info][gc,phases   ] GC(150)   Other: 0.09ms
[2026-03-25T20:37:41.000+0900][9.081s][info][gc,heap     ] GC(150) Eden regions: 143->0(143)
[2026-03-25T20:37:41.000+0900][9.081s][info][gc,heap     ] GC(150) Survivor regions: 10->10(20)
[2026-03-25T20:37:41.000+0900][9.081s][info][gc,heap     ] GC(150) Old regions: 5->5
[2026-03-25T20:37:41.000+0900][9.081s][info][gc,heap     ] GC(150) Humongous regions: 0->0
[2026-03-25T20:37:41.000+0900][9.081s][info][gc,metaspace] GC(150) Metaspace: 5963K(6144K)->5963K(6144K) NonClass: 5331K(5440K)->5331K(5440K) Class: 632K(704K)->632K(704K)
[2026-03-25T20:37:41.000+0900][9.081s][info][gc          ] GC(150) Pause Young (Normal) (G1 Evacuation Pause) 155M->13M(258M) 1.464ms
[2026-03-25T20:37:41.000+0900][9.081s][info][gc,cpu      ] GC(150) User=0.00s Sys=0.00s Real=0.01s
[2026-03-25T20:37:41.059+0900][9.140s][info][gc,start    ] GC(151) Pause Young (Normal) (G1 Evacuation Pause)
[2026-03-25T20:37:41.059+0900][9.140s][info][gc,task     ] GC(151) Using 6 workers of 9 for evacuation
[2026-03-25T20:37:41.060+0900][9.142s][info][gc,phases   ] GC(151)   Pre Evacuate Collection Set: 0.09ms
[2026-03-25T20:37:41.060+0900][9.142s][info][gc,phases   ] GC(151)   Merge Heap Roots: 0.05ms
[2026-03-25T20:37:41.060+0900][9.142s][info][gc,phases   ] GC(151)   Evacuate Collection Set: 1.06ms
[2026-03-25T20:37:41.060+0900][9.142s][info][gc,phases   ] GC(151)   Post Evacuate Collection Set: 0.16ms
[2026-03-25T20:37:41.060+0900][9.142s][info][gc,phases   ] GC(151)   Other: 0.09ms
[2026-03-25T20:37:41.060+0900][9.142s][info][gc,heap     ] GC(151) Eden regions: 143->0(143)
[2026-03-25T20:37:41.060+0900][9.142s][info][gc,heap     ] GC(151) Survivor regions: 10->10(20)
[2026-03-25T20:37:41.060+0900][9.142s][info][gc,heap     ] GC(151) Old regions: 5->5
[2026-03-25T20:37:41.060+0900][9.142s][info][gc,heap     ] GC(151) Humongous regions: 0->0
[2026-03-25T20:37:41.060+0900][9.142s][info][gc,metaspace] GC(151) Metaspace: 5963K(6144K)->5963K(6144K) NonClass: 5331K(5440K)->5331K(5440K) Class: 632K(704K)->632K(704K)
[2026-03-25T20:37:41.060+0900][9.142s][info][gc          ] GC(151) Pause Young (Normal) (G1 Evacuation Pause) 155M->13M(258M) 1.737ms
[2026-03-25T20:37:41.060+0900][9.142s][info][gc,cpu      ] GC(151) User=0.00s Sys=0.00s Real=0.01s
[2026-03-25T20:37:41.117+0900][9.199s][info][gc,start    ] GC(152) Pause Young (Normal) (G1 Evacuation Pause)
[2026-03-25T20:37:41.117+0900][9.199s][info][gc,task     ] GC(152) Using 6 workers of 9 for evacuation
[2026-03-25T20:37:41.119+0900][9.200s][info][gc,phases   ] GC(152)   Pre Evacuate Collection Set: 0.07ms
[2026-03-25T20:37:41.119+0900][9.200s][info][gc,phases   ] GC(152)   Merge Heap Roots: 0.04ms
[2026-03-25T20:37:41.119+0900][9.200s][info][gc,phases   ] GC(152)   Evacuate Collection Set: 1.11ms
[2026-03-25T20:37:41.119+0900][9.200s][info][gc,phases   ] GC(152)   Post Evacuate Collection Set: 0.16ms
[2026-03-25T20:37:41.119+0900][9.200s][info][gc,phases   ] GC(152)   Other: 0.08ms
[2026-03-25T20:37:41.119+0900][9.200s][info][gc,heap     ] GC(152) Eden regions: 143->0(143)
[2026-03-25T20:37:41.119+0900][9.201s][info][gc,heap     ] GC(152) Survivor regions: 10->10(20)
[2026-03-25T20:37:41.119+0900][9.201s][info][gc,heap     ] GC(152) Old regions: 5->5
[2026-03-25T20:37:41.119+0900][9.201s][info][gc,heap     ] GC(152) Humongous regions: 0->0
[2026-03-25T20:37:41.119+0900][9.201s][info][gc,metaspace] GC(152) Metaspace: 5963K(6144K)->5963K(6144K) NonClass: 5331K(5440K)->5331K(5440K) Class: 632K(704K)->632K(704K)
[2026-03-25T20:37:41.119+0900][9.201s][info][gc          ] GC(152) Pause Young (Normal) (G1 Evacuation Pause) 155M->13M(258M) 1.756ms
[2026-03-25T20:37:41.119+0900][9.201s][info][gc,cpu      ] GC(152) User=0.01s Sys=0.00s Real=0.00s
[2026-03-25T20:37:41.177+0900][9.259s][info][gc,start    ] GC(153) Pause Young (Normal) (G1 Evacuation Pause)
[2026-03-25T20:37:41.177+0900][9.259s][info][gc,task     ] GC(153) Using 6 workers of 9 for evacuation
[2026-03-25T20:37:41.179+0900][9.260s][info][gc,phases   ] GC(153)   Pre Evacuate Collection Set: 0.09ms
[2026-03-25T20:37:41.179+0900][9.260s][info][gc,phases   ] GC(153)   Merge Heap Roots: 0.04ms
[2026-03-25T20:37:41.179+0900][9.260s][info][gc,phases   ] GC(153)   Evacuate Collection Set: 1.00ms
[2026-03-25T20:37:41.179+0900][9.260s][info][gc,phases   ] GC(153)   Post Evacuate Collection Set: 0.16ms
[2026-03-25T20:37:41.179+0900][9.260s][info][gc,phases   ] GC(153)   Other: 0.08ms
[2026-03-25T20:37:41.179+0900][9.260s][info][gc,heap     ] GC(153) Eden regions: 143->0(143)
[2026-03-25T20:37:41.179+0900][9.260s][info][gc,heap     ] GC(153) Survivor regions: 10->10(20)
[2026-03-25T20:37:41.179+0900][9.260s][info][gc,heap     ] GC(153) Old regions: 5->5
[2026-03-25T20:37:41.179+0900][9.261s][info][gc,heap     ] GC(153) Humongous regions: 0->0
[2026-03-25T20:37:41.179+0900][9.261s][info][gc,metaspace] GC(153) Metaspace: 5963K(6144K)->5963K(6144K) NonClass: 5331K(5440K)->5331K(5440K) Class: 632K(704K)->632K(704K)
[2026-03-25T20:37:41.179+0900][9.261s][info][gc          ] GC(153) Pause Young (Normal) (G1 Evacuation Pause) 155M->13M(258M) 1.672ms
[2026-03-25T20:37:41.179+0900][9.261s][info][gc,cpu      ] GC(153) User=0.01s Sys=0.00s Real=0.00s
[2026-03-25T20:37:41.290+0900][9.372s][info][gc,start    ] GC(154) Pause Young (Normal) (G1 Evacuation Pause)
[2026-03-25T20:37:41.290+0900][9.372s][info][gc,task     ] GC(154) Using 6 workers of 9 for evacuation
[2026-03-25T20:37:41.293+0900][9.374s][info][gc,phases   ] GC(154)   Pre Evacuate Collection Set: 0.09ms
[2026-03-25T20:37:41.293+0900][9.374s][info][gc,phases   ] GC(154)   Merge Heap Roots: 0.04ms
[2026-03-25T20:37:41.293+0900][9.374s][info][gc,phases   ] GC(154)   Evacuate Collection Set: 1.90ms
[2026-03-25T20:37:41.293+0900][9.374s][info][gc,phases   ] GC(154)   Post Evacuate Collection Set: 0.17ms
[2026-03-25T20:37:41.293+0900][9.374s][info][gc,phases   ] GC(154)   Other: 0.11ms
[2026-03-25T20:37:41.293+0900][9.374s][info][gc,heap     ] GC(154) Eden regions: 143->0(143)
[2026-03-25T20:37:41.293+0900][9.374s][info][gc,heap     ] GC(154) Survivor regions: 10->10(20)
[2026-03-25T20:37:41.293+0900][9.374s][info][gc,heap     ] GC(154) Old regions: 5->5
[2026-03-25T20:37:41.293+0900][9.374s][info][gc,heap     ] GC(154) Humongous regions: 0->0
[2026-03-25T20:37:41.293+0900][9.374s][info][gc,metaspace] GC(154) Metaspace: 5968K(6144K)->5968K(6144K) NonClass: 5336K(5440K)->5336K(5440K) Class: 632K(704K)->632K(704K)
[2026-03-25T20:37:41.293+0900][9.374s][info][gc          ] GC(154) Pause Young (Normal) (G1 Evacuation Pause) 155M->13M(258M) 2.684ms
[2026-03-25T20:37:41.293+0900][9.374s][info][gc,cpu      ] GC(154) User=0.00s Sys=0.00s Real=0.00s
[2026-03-25T20:37:41.347+0900][9.428s][info][gc,start    ] GC(155) Pause Young (Normal) (G1 Evacuation Pause)
[2026-03-25T20:37:41.347+0900][9.428s][info][gc,task     ] GC(155) Using 6 workers of 9 for evacuation
[2026-03-25T20:37:41.348+0900][9.430s][info][gc,phases   ] GC(155)   Pre Evacuate Collection Set: 0.12ms
[2026-03-25T20:37:41.348+0900][9.430s][info][gc,phases   ] GC(155)   Merge Heap Roots: 0.06ms
[2026-03-25T20:37:41.348+0900][9.430s][info][gc,phases   ] GC(155)   Evacuate Collection Set: 1.21ms
[2026-03-25T20:37:41.348+0900][9.430s][info][gc,phases   ] GC(155)   Post Evacuate Collection Set: 0.19ms
[2026-03-25T20:37:41.349+0900][9.430s][info][gc,phases   ] GC(155)   Other: 0.11ms
[2026-03-25T20:37:41.349+0900][9.430s][info][gc,heap     ] GC(155) Eden regions: 143->0(143)
[2026-03-25T20:37:41.349+0900][9.430s][info][gc,heap     ] GC(155) Survivor regions: 10->10(20)
[2026-03-25T20:37:41.349+0900][9.430s][info][gc,heap     ] GC(155) Old regions: 5->5
[2026-03-25T20:37:41.349+0900][9.430s][info][gc,heap     ] GC(155) Humongous regions: 0->0
[2026-03-25T20:37:41.349+0900][9.430s][info][gc,metaspace] GC(155) Metaspace: 5968K(6144K)->5968K(6144K) NonClass: 5336K(5440K)->5336K(5440K) Class: 632K(704K)->632K(704K)
[2026-03-25T20:37:41.349+0900][9.430s][info][gc          ] GC(155) Pause Young (Normal) (G1 Evacuation Pause) 155M->13M(258M) 2.104ms
[2026-03-25T20:37:41.349+0900][9.430s][info][gc,cpu      ] GC(155) User=0.01s Sys=0.00s Real=0.00s
[2026-03-25T20:37:41.407+0900][9.488s][info][gc,start    ] GC(156) Pause Young (Normal) (G1 Evacuation Pause)
[2026-03-25T20:37:41.407+0900][9.489s][info][gc,task     ] GC(156) Using 6 workers of 9 for evacuation
[2026-03-25T20:37:41.409+0900][9.491s][info][gc,phases   ] GC(156)   Pre Evacuate Collection Set: 0.12ms
[2026-03-25T20:37:41.409+0900][9.491s][info][gc,phases   ] GC(156)   Merge Heap Roots: 0.07ms
[2026-03-25T20:37:41.409+0900][9.491s][info][gc,phases   ] GC(156)   Evacuate Collection Set: 1.41ms
[2026-03-25T20:37:41.409+0900][9.491s][info][gc,phases   ] GC(156)   Post Evacuate Collection Set: 0.28ms
[2026-03-25T20:37:41.409+0900][9.491s][info][gc,phases   ] GC(156)   Other: 0.13ms
[2026-03-25T20:37:41.409+0900][9.491s][info][gc,heap     ] GC(156) Eden regions: 143->0(143)
[2026-03-25T20:37:41.409+0900][9.491s][info][gc,heap     ] GC(156) Survivor regions: 10->10(20)
[2026-03-25T20:37:41.409+0900][9.491s][info][gc,heap     ] GC(156) Old regions: 5->5
[2026-03-25T20:37:41.409+0900][9.491s][info][gc,heap     ] GC(156) Humongous regions: 0->0
[2026-03-25T20:37:41.409+0900][9.491s][info][gc,metaspace] GC(156) Metaspace: 5968K(6144K)->5968K(6144K) NonClass: 5336K(5440K)->5336K(5440K) Class: 632K(704K)->632K(704K)
[2026-03-25T20:37:41.409+0900][9.491s][info][gc          ] GC(156) Pause Young (Normal) (G1 Evacuation Pause) 155M->13M(258M) 2.403ms
[2026-03-25T20:37:41.409+0900][9.491s][info][gc,cpu      ] GC(156) User=0.01s Sys=0.01s Real=0.00s
[2026-03-25T20:37:41.468+0900][9.550s][info][gc,start    ] GC(157) Pause Young (Normal) (G1 Evacuation Pause)
[2026-03-25T20:37:41.468+0900][9.550s][info][gc,task     ] GC(157) Using 6 workers of 9 for evacuation
[2026-03-25T20:37:41.470+0900][9.551s][info][gc,phases   ] GC(157)   Pre Evacuate Collection Set: 0.12ms
[2026-03-25T20:37:41.470+0900][9.551s][info][gc,phases   ] GC(157)   Merge Heap Roots: 0.07ms
[2026-03-25T20:37:41.470+0900][9.551s][info][gc,phases   ] GC(157)   Evacuate Collection Set: 1.17ms
[2026-03-25T20:37:41.470+0900][9.551s][info][gc,phases   ] GC(157)   Post Evacuate Collection Set: 0.18ms
[2026-03-25T20:37:41.470+0900][9.551s][info][gc,phases   ] GC(157)   Other: 0.13ms
[2026-03-25T20:37:41.470+0900][9.551s][info][gc,heap     ] GC(157) Eden regions: 143->0(143)
[2026-03-25T20:37:41.470+0900][9.551s][info][gc,heap     ] GC(157) Survivor regions: 10->10(20)
[2026-03-25T20:37:41.470+0900][9.551s][info][gc,heap     ] GC(157) Old regions: 5->5
[2026-03-25T20:37:41.470+0900][9.551s][info][gc,heap     ] GC(157) Humongous regions: 0->0
[2026-03-25T20:37:41.470+0900][9.551s][info][gc,metaspace] GC(157) Metaspace: 5968K(6144K)->5968K(6144K) NonClass: 5336K(5440K)->5336K(5440K) Class: 632K(704K)->632K(704K)
[2026-03-25T20:37:41.470+0900][9.552s][info][gc          ] GC(157) Pause Young (Normal) (G1 Evacuation Pause) 155M->13M(258M) 1.974ms
[2026-03-25T20:37:41.470+0900][9.552s][info][gc,cpu      ] GC(157) User=0.01s Sys=0.00s Real=0.01s
[2026-03-25T20:37:41.528+0900][9.610s][info][gc,start    ] GC(158) Pause Young (Normal) (G1 Evacuation Pause)
[2026-03-25T20:37:41.528+0900][9.610s][info][gc,task     ] GC(158) Using 6 workers of 9 for evacuation
[2026-03-25T20:37:41.530+0900][9.612s][info][gc,phases   ] GC(158)   Pre Evacuate Collection Set: 0.11ms
[2026-03-25T20:37:41.530+0900][9.612s][info][gc,phases   ] GC(158)   Merge Heap Roots: 0.06ms
[2026-03-25T20:37:41.530+0900][9.612s][info][gc,phases   ] GC(158)   Evacuate Collection Set: 1.12ms
[2026-03-25T20:37:41.530+0900][9.612s][info][gc,phases   ] GC(158)   Post Evacuate Collection Set: 0.25ms
[2026-03-25T20:37:41.530+0900][9.612s][info][gc,phases   ] GC(158)   Other: 0.14ms
[2026-03-25T20:37:41.530+0900][9.612s][info][gc,heap     ] GC(158) Eden regions: 143->0(143)
[2026-03-25T20:37:41.530+0900][9.612s][info][gc,heap     ] GC(158) Survivor regions: 10->10(20)
[2026-03-25T20:37:41.530+0900][9.612s][info][gc,heap     ] GC(158) Old regions: 5->5
[2026-03-25T20:37:41.530+0900][9.612s][info][gc,heap     ] GC(158) Humongous regions: 0->0
[2026-03-25T20:37:41.530+0900][9.612s][info][gc,metaspace] GC(158) Metaspace: 5968K(6144K)->5968K(6144K) NonClass: 5336K(5440K)->5336K(5440K) Class: 632K(704K)->632K(704K)
[2026-03-25T20:37:41.530+0900][9.612s][info][gc          ] GC(158) Pause Young (Normal) (G1 Evacuation Pause) 155M->13M(258M) 2.078ms
[2026-03-25T20:37:41.530+0900][9.612s][info][gc,cpu      ] GC(158) User=0.01s Sys=0.00s Real=0.01s
[2026-03-25T20:37:41.589+0900][9.671s][info][gc,start    ] GC(159) Pause Young (Normal) (G1 Evacuation Pause)
[2026-03-25T20:37:41.589+0900][9.671s][info][gc,task     ] GC(159) Using 6 workers of 9 for evacuation
[2026-03-25T20:37:41.591+0900][9.672s][info][gc,phases   ] GC(159)   Pre Evacuate Collection Set: 0.09ms
[2026-03-25T20:37:41.591+0900][9.672s][info][gc,phases   ] GC(159)   Merge Heap Roots: 0.05ms
[2026-03-25T20:37:41.591+0900][9.672s][info][gc,phases   ] GC(159)   Evacuate Collection Set: 1.14ms
[2026-03-25T20:37:41.591+0900][9.672s][info][gc,phases   ] GC(159)   Post Evacuate Collection Set: 0.27ms
[2026-03-25T20:37:41.591+0900][9.672s][info][gc,phases   ] GC(159)   Other: 0.11ms
[2026-03-25T20:37:41.591+0900][9.672s][info][gc,heap     ] GC(159) Eden regions: 143->0(143)
[2026-03-25T20:37:41.591+0900][9.673s][info][gc,heap     ] GC(159) Survivor regions: 10->10(20)
[2026-03-25T20:37:41.591+0900][9.673s][info][gc,heap     ] GC(159) Old regions: 5->5
[2026-03-25T20:37:41.591+0900][9.673s][info][gc,heap     ] GC(159) Humongous regions: 0->0
[2026-03-25T20:37:41.591+0900][9.673s][info][gc,metaspace] GC(159) Metaspace: 5968K(6144K)->5968K(6144K) NonClass: 5336K(5440K)->5336K(5440K) Class: 632K(704K)->632K(704K)
[2026-03-25T20:37:41.591+0900][9.673s][info][gc          ] GC(159) Pause Young (Normal) (G1 Evacuation Pause) 155M->13M(258M) 2.088ms
[2026-03-25T20:37:41.591+0900][9.673s][info][gc,cpu      ] GC(159) User=0.01s Sys=0.00s Real=0.01s
[2026-03-25T20:37:41.648+0900][9.729s][info][gc,start    ] GC(160) Pause Young (Normal) (G1 Evacuation Pause)
[2026-03-25T20:37:41.648+0900][9.729s][info][gc,task     ] GC(160) Using 6 workers of 9 for evacuation
[2026-03-25T20:37:41.649+0900][9.731s][info][gc,phases   ] GC(160)   Pre Evacuate Collection Set: 0.07ms
[2026-03-25T20:37:41.649+0900][9.731s][info][gc,phases   ] GC(160)   Merge Heap Roots: 0.05ms
[2026-03-25T20:37:41.649+0900][9.731s][info][gc,phases   ] GC(160)   Evacuate Collection Set: 1.05ms
[2026-03-25T20:37:41.649+0900][9.731s][info][gc,phases   ] GC(160)   Post Evacuate Collection Set: 0.15ms
[2026-03-25T20:37:41.649+0900][9.731s][info][gc,phases   ] GC(160)   Other: 0.09ms
[2026-03-25T20:37:41.649+0900][9.731s][info][gc,heap     ] GC(160) Eden regions: 143->0(143)
[2026-03-25T20:37:41.649+0900][9.731s][info][gc,heap     ] GC(160) Survivor regions: 10->10(20)
[2026-03-25T20:37:41.649+0900][9.731s][info][gc,heap     ] GC(160) Old regions: 5->5
[2026-03-25T20:37:41.649+0900][9.731s][info][gc,heap     ] GC(160) Humongous regions: 0->0
[2026-03-25T20:37:41.649+0900][9.731s][info][gc,metaspace] GC(160) Metaspace: 5968K(6144K)->5968K(6144K) NonClass: 5336K(5440K)->5336K(5440K) Class: 632K(704K)->632K(704K)
[2026-03-25T20:37:41.649+0900][9.731s][info][gc          ] GC(160) Pause Young (Normal) (G1 Evacuation Pause) 155M->13M(258M) 1.659ms
[2026-03-25T20:37:41.649+0900][9.731s][info][gc,cpu      ] GC(160) User=0.01s Sys=0.00s Real=0.00s
[2026-03-25T20:37:41.708+0900][9.789s][info][gc,start    ] GC(161) Pause Young (Normal) (G1 Evacuation Pause)
[2026-03-25T20:37:41.708+0900][9.789s][info][gc,task     ] GC(161) Using 6 workers of 9 for evacuation
[2026-03-25T20:37:41.710+0900][9.791s][info][gc,phases   ] GC(161)   Pre Evacuate Collection Set: 0.13ms
[2026-03-25T20:37:41.710+0900][9.791s][info][gc,phases   ] GC(161)   Merge Heap Roots: 0.08ms
[2026-03-25T20:37:41.710+0900][9.792s][info][gc,phases   ] GC(161)   Evacuate Collection Set: 1.34ms
[2026-03-25T20:37:41.710+0900][9.792s][info][gc,phases   ] GC(161)   Post Evacuate Collection Set: 0.25ms
[2026-03-25T20:37:41.710+0900][9.792s][info][gc,phases   ] GC(161)   Other: 0.15ms
[2026-03-25T20:37:41.710+0900][9.792s][info][gc,heap     ] GC(161) Eden regions: 143->0(143)
[2026-03-25T20:37:41.710+0900][9.792s][info][gc,heap     ] GC(161) Survivor regions: 10->10(20)
[2026-03-25T20:37:41.710+0900][9.792s][info][gc,heap     ] GC(161) Old regions: 5->5
[2026-03-25T20:37:41.710+0900][9.792s][info][gc,heap     ] GC(161) Humongous regions: 0->0
[2026-03-25T20:37:41.710+0900][9.792s][info][gc,metaspace] GC(161) Metaspace: 5968K(6144K)->5968K(6144K) NonClass: 5336K(5440K)->5336K(5440K) Class: 632K(704K)->632K(704K)
[2026-03-25T20:37:41.710+0900][9.792s][info][gc          ] GC(161) Pause Young (Normal) (G1 Evacuation Pause) 155M->13M(258M) 2.297ms
[2026-03-25T20:37:41.710+0900][9.792s][info][gc,cpu      ] GC(161) User=0.00s Sys=0.00s Real=0.01s
[2026-03-25T20:37:41.766+0900][9.847s][info][gc,start    ] GC(162) Pause Young (Normal) (G1 Evacuation Pause)
[2026-03-25T20:37:41.766+0900][9.847s][info][gc,task     ] GC(162) Using 6 workers of 9 for evacuation
[2026-03-25T20:37:41.768+0900][9.849s][info][gc,phases   ] GC(162)   Pre Evacuate Collection Set: 0.11ms
[2026-03-25T20:37:41.768+0900][9.849s][info][gc,phases   ] GC(162)   Merge Heap Roots: 0.07ms
[2026-03-25T20:37:41.768+0900][9.849s][info][gc,phases   ] GC(162)   Evacuate Collection Set: 1.24ms
[2026-03-25T20:37:41.768+0900][9.849s][info][gc,phases   ] GC(162)   Post Evacuate Collection Set: 0.25ms
[2026-03-25T20:37:41.768+0900][9.849s][info][gc,phases   ] GC(162)   Other: 0.13ms
[2026-03-25T20:37:41.768+0900][9.849s][info][gc,heap     ] GC(162) Eden regions: 143->0(143)
[2026-03-25T20:37:41.768+0900][9.849s][info][gc,heap     ] GC(162) Survivor regions: 10->10(20)
[2026-03-25T20:37:41.768+0900][9.849s][info][gc,heap     ] GC(162) Old regions: 5->5
[2026-03-25T20:37:41.768+0900][9.849s][info][gc,heap     ] GC(162) Humongous regions: 0->0
[2026-03-25T20:37:41.768+0900][9.849s][info][gc,metaspace] GC(162) Metaspace: 5968K(6144K)->5968K(6144K) NonClass: 5336K(5440K)->5336K(5440K) Class: 632K(704K)->632K(704K)
[2026-03-25T20:37:41.768+0900][9.849s][info][gc          ] GC(162) Pause Young (Normal) (G1 Evacuation Pause) 155M->13M(258M) 2.156ms
[2026-03-25T20:37:41.768+0900][9.849s][info][gc,cpu      ] GC(162) User=0.00s Sys=0.00s Real=0.00s
[2026-03-25T20:37:41.825+0900][9.906s][info][gc,start    ] GC(163) Pause Young (Normal) (G1 Evacuation Pause)
[2026-03-25T20:37:41.825+0900][9.906s][info][gc,task     ] GC(163) Using 6 workers of 9 for evacuation
[2026-03-25T20:37:41.827+0900][9.908s][info][gc,phases   ] GC(163)   Pre Evacuate Collection Set: 0.11ms
[2026-03-25T20:37:41.827+0900][9.908s][info][gc,phases   ] GC(163)   Merge Heap Roots: 0.05ms
[2026-03-25T20:37:41.827+0900][9.908s][info][gc,phases   ] GC(163)   Evacuate Collection Set: 1.21ms
[2026-03-25T20:37:41.827+0900][9.908s][info][gc,phases   ] GC(163)   Post Evacuate Collection Set: 0.17ms
[2026-03-25T20:37:41.827+0900][9.908s][info][gc,phases   ] GC(163)   Other: 0.11ms
[2026-03-25T20:37:41.827+0900][9.908s][info][gc,heap     ] GC(163) Eden regions: 143->0(143)
[2026-03-25T20:37:41.827+0900][9.908s][info][gc,heap     ] GC(163) Survivor regions: 10->10(20)
[2026-03-25T20:37:41.827+0900][9.908s][info][gc,heap     ] GC(163) Old regions: 5->5
[2026-03-25T20:37:41.827+0900][9.908s][info][gc,heap     ] GC(163) Humongous regions: 0->0
[2026-03-25T20:37:41.827+0900][9.908s][info][gc,metaspace] GC(163) Metaspace: 5968K(6144K)->5968K(6144K) NonClass: 5336K(5440K)->5336K(5440K) Class: 632K(704K)->632K(704K)
[2026-03-25T20:37:41.827+0900][9.908s][info][gc          ] GC(163) Pause Young (Normal) (G1 Evacuation Pause) 155M->13M(258M) 1.974ms
[2026-03-25T20:37:41.827+0900][9.908s][info][gc,cpu      ] GC(163) User=0.00s Sys=0.00s Real=0.00s
[2026-03-25T20:37:41.886+0900][9.967s][info][gc,start    ] GC(164) Pause Young (Normal) (G1 Evacuation Pause)
[2026-03-25T20:37:41.886+0900][9.967s][info][gc,task     ] GC(164) Using 6 workers of 9 for evacuation
[2026-03-25T20:37:41.887+0900][9.969s][info][gc,phases   ] GC(164)   Pre Evacuate Collection Set: 0.11ms
[2026-03-25T20:37:41.887+0900][9.969s][info][gc,phases   ] GC(164)   Merge Heap Roots: 0.07ms
[2026-03-25T20:37:41.887+0900][9.969s][info][gc,phases   ] GC(164)   Evacuate Collection Set: 1.15ms
[2026-03-25T20:37:41.887+0900][9.969s][info][gc,phases   ] GC(164)   Post Evacuate Collection Set: 0.19ms
[2026-03-25T20:37:41.887+0900][9.969s][info][gc,phases   ] GC(164)   Other: 0.11ms
[2026-03-25T20:37:41.887+0900][9.969s][info][gc,heap     ] GC(164) Eden regions: 143->0(143)
[2026-03-25T20:37:41.887+0900][9.969s][info][gc,heap     ] GC(164) Survivor regions: 10->10(20)
[2026-03-25T20:37:41.887+0900][9.969s][info][gc,heap     ] GC(164) Old regions: 5->5
[2026-03-25T20:37:41.887+0900][9.969s][info][gc,heap     ] GC(164) Humongous regions: 0->0
[2026-03-25T20:37:41.887+0900][9.969s][info][gc,metaspace] GC(164) Metaspace: 5968K(6144K)->5968K(6144K) NonClass: 5336K(5440K)->5336K(5440K) Class: 632K(704K)->632K(704K)
[2026-03-25T20:37:41.887+0900][9.969s][info][gc          ] GC(164) Pause Young (Normal) (G1 Evacuation Pause) 155M->13M(258M) 1.953ms
[2026-03-25T20:37:41.888+0900][9.969s][info][gc,cpu      ] GC(164) User=0.00s Sys=0.00s Real=0.00s
[2026-03-25T20:37:41.945+0900][10.026s][info][gc,start    ] GC(165) Pause Young (Normal) (G1 Evacuation Pause)
[2026-03-25T20:37:41.945+0900][10.027s][info][gc,task     ] GC(165) Using 6 workers of 9 for evacuation
[2026-03-25T20:37:41.946+0900][10.028s][info][gc,phases   ] GC(165)   Pre Evacuate Collection Set: 0.08ms
[2026-03-25T20:37:41.946+0900][10.028s][info][gc,phases   ] GC(165)   Merge Heap Roots: 0.06ms
[2026-03-25T20:37:41.946+0900][10.028s][info][gc,phases   ] GC(165)   Evacuate Collection Set: 0.99ms
[2026-03-25T20:37:41.946+0900][10.028s][info][gc,phases   ] GC(165)   Post Evacuate Collection Set: 0.18ms
[2026-03-25T20:37:41.946+0900][10.028s][info][gc,phases   ] GC(165)   Other: 0.10ms
[2026-03-25T20:37:41.946+0900][10.028s][info][gc,heap     ] GC(165) Eden regions: 143->0(143)
[2026-03-25T20:37:41.946+0900][10.028s][info][gc,heap     ] GC(165) Survivor regions: 10->10(20)
[2026-03-25T20:37:41.946+0900][10.028s][info][gc,heap     ] GC(165) Old regions: 5->5
[2026-03-25T20:37:41.947+0900][10.028s][info][gc,heap     ] GC(165) Humongous regions: 0->0
[2026-03-25T20:37:41.947+0900][10.028s][info][gc,metaspace] GC(165) Metaspace: 5968K(6144K)->5968K(6144K) NonClass: 5336K(5440K)->5336K(5440K) Class: 632K(704K)->632K(704K)
[2026-03-25T20:37:41.947+0900][10.028s][info][gc          ] GC(165) Pause Young (Normal) (G1 Evacuation Pause) 155M->13M(258M) 1.711ms
[2026-03-25T20:37:41.947+0900][10.028s][info][gc,cpu      ] GC(165) User=0.00s Sys=0.00s Real=0.00s
[2026-03-25T20:37:42.000+0900][10.082s][info][gc,start    ] GC(166) Pause Young (Normal) (G1 Evacuation Pause)
[2026-03-25T20:37:42.000+0900][10.082s][info][gc,task     ] GC(166) Using 6 workers of 9 for evacuation
[2026-03-25T20:37:42.002+0900][10.084s][info][gc,phases   ] GC(166)   Pre Evacuate Collection Set: 0.07ms
[2026-03-25T20:37:42.002+0900][10.084s][info][gc,phases   ] GC(166)   Merge Heap Roots: 0.05ms
[2026-03-25T20:37:42.002+0900][10.084s][info][gc,phases   ] GC(166)   Evacuate Collection Set: 1.21ms
[2026-03-25T20:37:42.002+0900][10.084s][info][gc,phases   ] GC(166)   Post Evacuate Collection Set: 0.15ms
[2026-03-25T20:37:42.002+0900][10.084s][info][gc,phases   ] GC(166)   Other: 0.09ms
[2026-03-25T20:37:42.002+0900][10.084s][info][gc,heap     ] GC(166) Eden regions: 143->0(143)
[2026-03-25T20:37:42.002+0900][10.084s][info][gc,heap     ] GC(166) Survivor regions: 10->10(20)
[2026-03-25T20:37:42.002+0900][10.084s][info][gc,heap     ] GC(166) Old regions: 5->5
[2026-03-25T20:37:42.002+0900][10.084s][info][gc,heap     ] GC(166) Humongous regions: 0->0
[2026-03-25T20:37:42.002+0900][10.084s][info][gc,metaspace] GC(166) Metaspace: 5968K(6144K)->5968K(6144K) NonClass: 5336K(5440K)->5336K(5440K) Class: 632K(704K)->632K(704K)
[2026-03-25T20:37:42.002+0900][10.084s][info][gc          ] GC(166) Pause Young (Normal) (G1 Evacuation Pause) 155M->13M(258M) 1.838ms
[2026-03-25T20:37:42.002+0900][10.084s][info][gc,cpu      ] GC(166) User=0.00s Sys=0.00s Real=0.00s
[2026-03-25T20:37:42.058+0900][10.139s][info][gc,start    ] GC(167) Pause Young (Normal) (G1 Evacuation Pause)
[2026-03-25T20:37:42.058+0900][10.139s][info][gc,task     ] GC(167) Using 6 workers of 9 for evacuation
[2026-03-25T20:37:42.059+0900][10.141s][info][gc,phases   ] GC(167)   Pre Evacuate Collection Set: 0.09ms
[2026-03-25T20:37:42.059+0900][10.141s][info][gc,phases   ] GC(167)   Merge Heap Roots: 0.05ms
[2026-03-25T20:37:42.059+0900][10.141s][info][gc,phases   ] GC(167)   Evacuate Collection Set: 0.82ms
[2026-03-25T20:37:42.059+0900][10.141s][info][gc,phases   ] GC(167)   Post Evacuate Collection Set: 0.17ms
[2026-03-25T20:37:42.059+0900][10.141s][info][gc,phases   ] GC(167)   Other: 0.07ms
[2026-03-25T20:37:42.059+0900][10.141s][info][gc,heap     ] GC(167) Eden regions: 143->0(142)
[2026-03-25T20:37:42.059+0900][10.141s][info][gc,heap     ] GC(167) Survivor regions: 10->11(20)
[2026-03-25T20:37:42.059+0900][10.141s][info][gc,heap     ] GC(167) Old regions: 5->5
[2026-03-25T20:37:42.059+0900][10.141s][info][gc,heap     ] GC(167) Humongous regions: 0->0
[2026-03-25T20:37:42.059+0900][10.141s][info][gc,metaspace] GC(167) Metaspace: 5968K(6144K)->5968K(6144K) NonClass: 5336K(5440K)->5336K(5440K) Class: 632K(704K)->632K(704K)
[2026-03-25T20:37:42.059+0900][10.141s][info][gc          ] GC(167) Pause Young (Normal) (G1 Evacuation Pause) 155M->13M(258M) 1.361ms
[2026-03-25T20:37:42.059+0900][10.141s][info][gc,cpu      ] GC(167) User=0.01s Sys=0.01s Real=0.00s
[2026-03-25T20:37:42.118+0900][10.199s][info][gc,start    ] GC(168) Pause Young (Normal) (G1 Evacuation Pause)
[2026-03-25T20:37:42.118+0900][10.199s][info][gc,task     ] GC(168) Using 6 workers of 9 for evacuation
[2026-03-25T20:37:42.119+0900][10.201s][info][gc,phases   ] GC(168)   Pre Evacuate Collection Set: 0.08ms
[2026-03-25T20:37:42.119+0900][10.201s][info][gc,phases   ] GC(168)   Merge Heap Roots: 0.05ms
[2026-03-25T20:37:42.119+0900][10.201s][info][gc,phases   ] GC(168)   Evacuate Collection Set: 1.12ms
[2026-03-25T20:37:42.119+0900][10.201s][info][gc,phases   ] GC(168)   Post Evacuate Collection Set: 0.18ms
[2026-03-25T20:37:42.119+0900][10.201s][info][gc,phases   ] GC(168)   Other: 0.11ms
[2026-03-25T20:37:42.119+0900][10.201s][info][gc,heap     ] GC(168) Eden regions: 142->0(143)
[2026-03-25T20:37:42.120+0900][10.201s][info][gc,heap     ] GC(168) Survivor regions: 11->10(20)
[2026-03-25T20:37:42.120+0900][10.201s][info][gc,heap     ] GC(168) Old regions: 5->5
[2026-03-25T20:37:42.120+0900][10.201s][info][gc,heap     ] GC(168) Humongous regions: 0->0
[2026-03-25T20:37:42.120+0900][10.201s][info][gc,metaspace] GC(168) Metaspace: 5968K(6144K)->5968K(6144K) NonClass: 5336K(5440K)->5336K(5440K) Class: 632K(704K)->632K(704K)
[2026-03-25T20:37:42.120+0900][10.201s][info][gc          ] GC(168) Pause Young (Normal) (G1 Evacuation Pause) 155M->13M(258M) 1.871ms
[2026-03-25T20:37:42.120+0900][10.201s][info][gc,cpu      ] GC(168) User=0.01s Sys=0.00s Real=0.01s
[2026-03-25T20:37:42.178+0900][10.260s][info][gc,start    ] GC(169) Pause Young (Normal) (G1 Evacuation Pause)
[2026-03-25T20:37:42.178+0900][10.260s][info][gc,task     ] GC(169) Using 6 workers of 9 for evacuation
[2026-03-25T20:37:42.180+0900][10.261s][info][gc,phases   ] GC(169)   Pre Evacuate Collection Set: 0.08ms
[2026-03-25T20:37:42.180+0900][10.261s][info][gc,phases   ] GC(169)   Merge Heap Roots: 0.04ms
[2026-03-25T20:37:42.180+0900][10.261s][info][gc,phases   ] GC(169)   Evacuate Collection Set: 0.99ms
[2026-03-25T20:37:42.180+0900][10.261s][info][gc,phases   ] GC(169)   Post Evacuate Collection Set: 0.16ms
[2026-03-25T20:37:42.180+0900][10.261s][info][gc,phases   ] GC(169)   Other: 0.09ms
[2026-03-25T20:37:42.180+0900][10.261s][info][gc,heap     ] GC(169) Eden regions: 143->0(143)
[2026-03-25T20:37:42.180+0900][10.261s][info][gc,heap     ] GC(169) Survivor regions: 10->10(20)
[2026-03-25T20:37:42.180+0900][10.261s][info][gc,heap     ] GC(169) Old regions: 5->5
[2026-03-25T20:37:42.180+0900][10.261s][info][gc,heap     ] GC(169) Humongous regions: 0->0
[2026-03-25T20:37:42.180+0900][10.261s][info][gc,metaspace] GC(169) Metaspace: 5968K(6144K)->5968K(6144K) NonClass: 5336K(5440K)->5336K(5440K) Class: 632K(704K)->632K(704K)
[2026-03-25T20:37:42.180+0900][10.262s][info][gc          ] GC(169) Pause Young (Normal) (G1 Evacuation Pause) 155M->13M(258M) 1.633ms
[2026-03-25T20:37:42.180+0900][10.262s][info][gc,cpu      ] GC(169) User=0.01s Sys=0.00s Real=0.01s
[2026-03-25T20:37:42.239+0900][10.320s][info][gc,start    ] GC(170) Pause Young (Normal) (G1 Evacuation Pause)
[2026-03-25T20:37:42.239+0900][10.320s][info][gc,task     ] GC(170) Using 6 workers of 9 for evacuation
[2026-03-25T20:37:42.240+0900][10.322s][info][gc,phases   ] GC(170)   Pre Evacuate Collection Set: 0.09ms
[2026-03-25T20:37:42.241+0900][10.322s][info][gc,phases   ] GC(170)   Merge Heap Roots: 0.05ms
[2026-03-25T20:37:42.241+0900][10.322s][info][gc,phases   ] GC(170)   Evacuate Collection Set: 1.19ms
[2026-03-25T20:37:42.241+0900][10.322s][info][gc,phases   ] GC(170)   Post Evacuate Collection Set: 0.21ms
[2026-03-25T20:37:42.241+0900][10.322s][info][gc,phases   ] GC(170)   Other: 0.11ms
[2026-03-25T20:37:42.241+0900][10.322s][info][gc,heap     ] GC(170) Eden regions: 143->0(143)
[2026-03-25T20:37:42.241+0900][10.322s][info][gc,heap     ] GC(170) Survivor regions: 10->10(20)
[2026-03-25T20:37:42.241+0900][10.322s][info][gc,heap     ] GC(170) Old regions: 5->5
[2026-03-25T20:37:42.241+0900][10.322s][info][gc,heap     ] GC(170) Humongous regions: 0->0
[2026-03-25T20:37:42.241+0900][10.322s][info][gc,metaspace] GC(170) Metaspace: 5968K(6144K)->5968K(6144K) NonClass: 5336K(5440K)->5336K(5440K) Class: 632K(704K)->632K(704K)
[2026-03-25T20:37:42.241+0900][10.322s][info][gc          ] GC(170) Pause Young (Normal) (G1 Evacuation Pause) 155M->13M(258M) 1.968ms
[2026-03-25T20:37:42.241+0900][10.322s][info][gc,cpu      ] GC(170) User=0.01s Sys=0.00s Real=0.01s
[2026-03-25T20:37:42.299+0900][10.381s][info][gc,start    ] GC(171) Pause Young (Normal) (G1 Evacuation Pause)
[2026-03-25T20:37:42.299+0900][10.381s][info][gc,task     ] GC(171) Using 6 workers of 9 for evacuation
[2026-03-25T20:37:42.300+0900][10.382s][info][gc,phases   ] GC(171)   Pre Evacuate Collection Set: 0.07ms
[2026-03-25T20:37:42.301+0900][10.382s][info][gc,phases   ] GC(171)   Merge Heap Roots: 0.04ms
[2026-03-25T20:37:42.301+0900][10.382s][info][gc,phases   ] GC(171)   Evacuate Collection Set: 0.73ms
[2026-03-25T20:37:42.301+0900][10.382s][info][gc,phases   ] GC(171)   Post Evacuate Collection Set: 0.14ms
[2026-03-25T20:37:42.301+0900][10.382s][info][gc,phases   ] GC(171)   Other: 0.08ms
[2026-03-25T20:37:42.301+0900][10.382s][info][gc,heap     ] GC(171) Eden regions: 143->0(143)
[2026-03-25T20:37:42.301+0900][10.382s][info][gc,heap     ] GC(171) Survivor regions: 10->10(20)
[2026-03-25T20:37:42.301+0900][10.382s][info][gc,heap     ] GC(171) Old regions: 5->5
[2026-03-25T20:37:42.301+0900][10.382s][info][gc,heap     ] GC(171) Humongous regions: 0->0
[2026-03-25T20:37:42.301+0900][10.382s][info][gc,metaspace] GC(171) Metaspace: 5976K(6144K)->5976K(6144K) NonClass: 5344K(5440K)->5344K(5440K) Class: 632K(704K)->632K(704K)
[2026-03-25T20:37:42.301+0900][10.382s][info][gc          ] GC(171) Pause Young (Normal) (G1 Evacuation Pause) 155M->13M(258M) 1.316ms
[2026-03-25T20:37:42.301+0900][10.382s][info][gc,cpu      ] GC(171) User=0.01s Sys=0.00s Real=0.01s
[2026-03-25T20:37:42.354+0900][10.436s][info][gc,start    ] GC(172) Pause Young (Normal) (G1 Evacuation Pause)
[2026-03-25T20:37:42.354+0900][10.436s][info][gc,task     ] GC(172) Using 6 workers of 9 for evacuation
[2026-03-25T20:37:42.356+0900][10.437s][info][gc,phases   ] GC(172)   Pre Evacuate Collection Set: 0.10ms
[2026-03-25T20:37:42.356+0900][10.437s][info][gc,phases   ] GC(172)   Merge Heap Roots: 0.04ms
[2026-03-25T20:37:42.356+0900][10.437s][info][gc,phases   ] GC(172)   Evacuate Collection Set: 0.96ms
[2026-03-25T20:37:42.356+0900][10.437s][info][gc,phases   ] GC(172)   Post Evacuate Collection Set: 0.18ms
[2026-03-25T20:37:42.356+0900][10.437s][info][gc,phases   ] GC(172)   Other: 0.10ms
[2026-03-25T20:37:42.356+0900][10.437s][info][gc,heap     ] GC(172) Eden regions: 143->0(143)
[2026-03-25T20:37:42.356+0900][10.437s][info][gc,heap     ] GC(172) Survivor regions: 10->10(20)
[2026-03-25T20:37:42.356+0900][10.437s][info][gc,heap     ] GC(172) Old regions: 5->5
[2026-03-25T20:37:42.356+0900][10.437s][info][gc,heap     ] GC(172) Humongous regions: 0->0
[2026-03-25T20:37:42.356+0900][10.437s][info][gc,metaspace] GC(172) Metaspace: 5976K(6144K)->5976K(6144K) NonClass: 5344K(5440K)->5344K(5440K) Class: 632K(704K)->632K(704K)
[2026-03-25T20:37:42.356+0900][10.438s][info][gc          ] GC(172) Pause Young (Normal) (G1 Evacuation Pause) 155M->13M(258M) 1.728ms
[2026-03-25T20:37:42.356+0900][10.438s][info][gc,cpu      ] GC(172) User=0.01s Sys=0.00s Real=0.00s
[2026-03-25T20:37:42.415+0900][10.496s][info][gc,start    ] GC(173) Pause Young (Normal) (G1 Evacuation Pause)
[2026-03-25T20:37:42.415+0900][10.496s][info][gc,task     ] GC(173) Using 6 workers of 9 for evacuation
[2026-03-25T20:37:42.416+0900][10.498s][info][gc,phases   ] GC(173)   Pre Evacuate Collection Set: 0.11ms
[2026-03-25T20:37:42.417+0900][10.498s][info][gc,phases   ] GC(173)   Merge Heap Roots: 0.05ms
[2026-03-25T20:37:42.417+0900][10.498s][info][gc,phases   ] GC(173)   Evacuate Collection Set: 1.12ms
[2026-03-25T20:37:42.417+0900][10.498s][info][gc,phases   ] GC(173)   Post Evacuate Collection Set: 0.19ms
[2026-03-25T20:37:42.417+0900][10.498s][info][gc,phases   ] GC(173)   Other: 0.11ms
[2026-03-25T20:37:42.417+0900][10.498s][info][gc,heap     ] GC(173) Eden regions: 143->0(143)
[2026-03-25T20:37:42.417+0900][10.498s][info][gc,heap     ] GC(173) Survivor regions: 10->10(20)
[2026-03-25T20:37:42.417+0900][10.498s][info][gc,heap     ] GC(173) Old regions: 5->5
[2026-03-25T20:37:42.417+0900][10.498s][info][gc,heap     ] GC(173) Humongous regions: 0->0
[2026-03-25T20:37:42.417+0900][10.498s][info][gc,metaspace] GC(173) Metaspace: 5976K(6144K)->5976K(6144K) NonClass: 5344K(5440K)->5344K(5440K) Class: 632K(704K)->632K(704K)
[2026-03-25T20:37:42.417+0900][10.498s][info][gc          ] GC(173) Pause Young (Normal) (G1 Evacuation Pause) 155M->13M(258M) 1.910ms
[2026-03-25T20:37:42.417+0900][10.498s][info][gc,cpu      ] GC(173) User=0.01s Sys=0.00s Real=0.00s
[2026-03-25T20:37:42.476+0900][10.557s][info][gc,start    ] GC(174) Pause Young (Normal) (G1 Evacuation Pause)
[2026-03-25T20:37:42.476+0900][10.557s][info][gc,task     ] GC(174) Using 6 workers of 9 for evacuation
[2026-03-25T20:37:42.477+0900][10.559s][info][gc,phases   ] GC(174)   Pre Evacuate Collection Set: 0.11ms
[2026-03-25T20:37:42.477+0900][10.559s][info][gc,phases   ] GC(174)   Merge Heap Roots: 0.10ms
[2026-03-25T20:37:42.477+0900][10.559s][info][gc,phases   ] GC(174)   Evacuate Collection Set: 1.17ms
[2026-03-25T20:37:42.477+0900][10.559s][info][gc,phases   ] GC(174)   Post Evacuate Collection Set: 0.17ms
[2026-03-25T20:37:42.477+0900][10.559s][info][gc,phases   ] GC(174)   Other: 0.11ms
[2026-03-25T20:37:42.477+0900][10.559s][info][gc,heap     ] GC(174) Eden regions: 143->0(143)
[2026-03-25T20:37:42.477+0900][10.559s][info][gc,heap     ] GC(174) Survivor regions: 10->10(20)
[2026-03-25T20:37:42.477+0900][10.559s][info][gc,heap     ] GC(174) Old regions: 5->5
[2026-03-25T20:37:42.477+0900][10.559s][info][gc,heap     ] GC(174) Humongous regions: 0->0
[2026-03-25T20:37:42.478+0900][10.559s][info][gc,metaspace] GC(174) Metaspace: 5976K(6144K)->5976K(6144K) NonClass: 5344K(5440K)->5344K(5440K) Class: 632K(704K)->632K(704K)
[2026-03-25T20:37:42.478+0900][10.559s][info][gc          ] GC(174) Pause Young (Normal) (G1 Evacuation Pause) 155M->13M(258M) 1.958ms
[2026-03-25T20:37:42.478+0900][10.559s][info][gc,cpu      ] GC(174) User=0.01s Sys=0.00s Real=0.00s
[2026-03-25T20:37:42.536+0900][10.618s][info][gc,start    ] GC(175) Pause Young (Normal) (G1 Evacuation Pause)
[2026-03-25T20:37:42.536+0900][10.618s][info][gc,task     ] GC(175) Using 6 workers of 9 for evacuation
[2026-03-25T20:37:42.538+0900][10.619s][info][gc,phases   ] GC(175)   Pre Evacuate Collection Set: 0.09ms
[2026-03-25T20:37:42.538+0900][10.619s][info][gc,phases   ] GC(175)   Merge Heap Roots: 0.05ms
[2026-03-25T20:37:42.538+0900][10.619s][info][gc,phases   ] GC(175)   Evacuate Collection Set: 1.01ms
[2026-03-25T20:37:42.538+0900][10.619s][info][gc,phases   ] GC(175)   Post Evacuate Collection Set: 0.18ms
[2026-03-25T20:37:42.538+0900][10.619s][info][gc,phases   ] GC(175)   Other: 0.09ms
[2026-03-25T20:37:42.538+0900][10.619s][info][gc,heap     ] GC(175) Eden regions: 143->0(143)
[2026-03-25T20:37:42.538+0900][10.619s][info][gc,heap     ] GC(175) Survivor regions: 10->10(20)
[2026-03-25T20:37:42.538+0900][10.619s][info][gc,heap     ] GC(175) Old regions: 5->5
[2026-03-25T20:37:42.538+0900][10.619s][info][gc,heap     ] GC(175) Humongous regions: 0->0
[2026-03-25T20:37:42.538+0900][10.619s][info][gc,metaspace] GC(175) Metaspace: 5976K(6144K)->5976K(6144K) NonClass: 5344K(5440K)->5344K(5440K) Class: 632K(704K)->632K(704K)
[2026-03-25T20:37:42.538+0900][10.619s][info][gc          ] GC(175) Pause Young (Normal) (G1 Evacuation Pause) 155M->13M(258M) 1.714ms
[2026-03-25T20:37:42.538+0900][10.619s][info][gc,cpu      ] GC(175) User=0.01s Sys=0.00s Real=0.00s
[2026-03-25T20:37:42.594+0900][10.676s][info][gc,start    ] GC(176) Pause Young (Normal) (G1 Evacuation Pause)
[2026-03-25T20:37:42.595+0900][10.676s][info][gc,task     ] GC(176) Using 6 workers of 9 for evacuation
[2026-03-25T20:37:42.596+0900][10.677s][info][gc,phases   ] GC(176)   Pre Evacuate Collection Set: 0.07ms
[2026-03-25T20:37:42.596+0900][10.677s][info][gc,phases   ] GC(176)   Merge Heap Roots: 0.04ms
[2026-03-25T20:37:42.596+0900][10.677s][info][gc,phases   ] GC(176)   Evacuate Collection Set: 0.71ms
[2026-03-25T20:37:42.596+0900][10.677s][info][gc,phases   ] GC(176)   Post Evacuate Collection Set: 0.18ms
[2026-03-25T20:37:42.596+0900][10.677s][info][gc,phases   ] GC(176)   Other: 0.08ms
[2026-03-25T20:37:42.596+0900][10.677s][info][gc,heap     ] GC(176) Eden regions: 143->0(143)
[2026-03-25T20:37:42.596+0900][10.677s][info][gc,heap     ] GC(176) Survivor regions: 10->10(20)
[2026-03-25T20:37:42.596+0900][10.677s][info][gc,heap     ] GC(176) Old regions: 5->5
[2026-03-25T20:37:42.596+0900][10.677s][info][gc,heap     ] GC(176) Humongous regions: 0->0
[2026-03-25T20:37:42.596+0900][10.677s][info][gc,metaspace] GC(176) Metaspace: 5976K(6144K)->5976K(6144K) NonClass: 5344K(5440K)->5344K(5440K) Class: 632K(704K)->632K(704K)
[2026-03-25T20:37:42.596+0900][10.677s][info][gc          ] GC(176) Pause Young (Normal) (G1 Evacuation Pause) 155M->13M(258M) 1.380ms
[2026-03-25T20:37:42.596+0900][10.677s][info][gc,cpu      ] GC(176) User=0.00s Sys=0.00s Real=0.00s
[2026-03-25T20:37:42.654+0900][10.736s][info][gc,start    ] GC(177) Pause Young (Normal) (G1 Evacuation Pause)
[2026-03-25T20:37:42.654+0900][10.736s][info][gc,task     ] GC(177) Using 6 workers of 9 for evacuation
[2026-03-25T20:37:42.656+0900][10.737s][info][gc,phases   ] GC(177)   Pre Evacuate Collection Set: 0.10ms
[2026-03-25T20:37:42.656+0900][10.737s][info][gc,phases   ] GC(177)   Merge Heap Roots: 0.06ms
[2026-03-25T20:37:42.656+0900][10.738s][info][gc,phases   ] GC(177)   Evacuate Collection Set: 1.02ms
[2026-03-25T20:37:42.656+0900][10.738s][info][gc,phases   ] GC(177)   Post Evacuate Collection Set: 0.18ms
[2026-03-25T20:37:42.656+0900][10.738s][info][gc,phases   ] GC(177)   Other: 0.10ms
[2026-03-25T20:37:42.656+0900][10.738s][info][gc,heap     ] GC(177) Eden regions: 143->0(143)
[2026-03-25T20:37:42.656+0900][10.738s][info][gc,heap     ] GC(177) Survivor regions: 10->10(20)
[2026-03-25T20:37:42.656+0900][10.738s][info][gc,heap     ] GC(177) Old regions: 5->5
[2026-03-25T20:37:42.656+0900][10.738s][info][gc,heap     ] GC(177) Humongous regions: 0->0
[2026-03-25T20:37:42.656+0900][10.738s][info][gc,metaspace] GC(177) Metaspace: 5976K(6144K)->5976K(6144K) NonClass: 5344K(5440K)->5344K(5440K) Class: 632K(704K)->632K(704K)
[2026-03-25T20:37:42.656+0900][10.738s][info][gc          ] GC(177) Pause Young (Normal) (G1 Evacuation Pause) 155M->13M(258M) 1.768ms
[2026-03-25T20:37:42.656+0900][10.738s][info][gc,cpu      ] GC(177) User=0.00s Sys=0.00s Real=0.00s
[2026-03-25T20:37:42.715+0900][10.796s][info][gc,start    ] GC(178) Pause Young (Normal) (G1 Evacuation Pause)
[2026-03-25T20:37:42.715+0900][10.796s][info][gc,task     ] GC(178) Using 6 workers of 9 for evacuation
[2026-03-25T20:37:42.716+0900][10.798s][info][gc,phases   ] GC(178)   Pre Evacuate Collection Set: 0.09ms
[2026-03-25T20:37:42.716+0900][10.798s][info][gc,phases   ] GC(178)   Merge Heap Roots: 0.04ms
[2026-03-25T20:37:42.716+0900][10.798s][info][gc,phases   ] GC(178)   Evacuate Collection Set: 0.99ms
[2026-03-25T20:37:42.716+0900][10.798s][info][gc,phases   ] GC(178)   Post Evacuate Collection Set: 0.17ms
[2026-03-25T20:37:42.716+0900][10.798s][info][gc,phases   ] GC(178)   Other: 0.11ms
[2026-03-25T20:37:42.716+0900][10.798s][info][gc,heap     ] GC(178) Eden regions: 143->0(143)
[2026-03-25T20:37:42.716+0900][10.798s][info][gc,heap     ] GC(178) Survivor regions: 10->10(20)
[2026-03-25T20:37:42.716+0900][10.798s][info][gc,heap     ] GC(178) Old regions: 5->5
[2026-03-25T20:37:42.716+0900][10.798s][info][gc,heap     ] GC(178) Humongous regions: 0->0
[2026-03-25T20:37:42.716+0900][10.798s][info][gc,metaspace] GC(178) Metaspace: 5976K(6144K)->5976K(6144K) NonClass: 5344K(5440K)->5344K(5440K) Class: 632K(704K)->632K(704K)
[2026-03-25T20:37:42.716+0900][10.798s][info][gc          ] GC(178) Pause Young (Normal) (G1 Evacuation Pause) 155M->13M(258M) 1.694ms
[2026-03-25T20:37:42.716+0900][10.798s][info][gc,cpu      ] GC(178) User=0.00s Sys=0.00s Real=0.00s
[2026-03-25T20:37:42.775+0900][10.857s][info][gc,start    ] GC(179) Pause Young (Normal) (G1 Evacuation Pause)
[2026-03-25T20:37:42.775+0900][10.857s][info][gc,task     ] GC(179) Using 6 workers of 9 for evacuation
[2026-03-25T20:37:42.777+0900][10.858s][info][gc,phases   ] GC(179)   Pre Evacuate Collection Set: 0.09ms
[2026-03-25T20:37:42.777+0900][10.858s][info][gc,phases   ] GC(179)   Merge Heap Roots: 0.05ms
[2026-03-25T20:37:42.777+0900][10.858s][info][gc,phases   ] GC(179)   Evacuate Collection Set: 1.06ms
[2026-03-25T20:37:42.777+0900][10.858s][info][gc,phases   ] GC(179)   Post Evacuate Collection Set: 0.16ms
[2026-03-25T20:37:42.777+0900][10.858s][info][gc,phases   ] GC(179)   Other: 0.10ms
[2026-03-25T20:37:42.777+0900][10.858s][info][gc,heap     ] GC(179) Eden regions: 143->0(143)
[2026-03-25T20:37:42.777+0900][10.858s][info][gc,heap     ] GC(179) Survivor regions: 10->10(20)
[2026-03-25T20:37:42.777+0900][10.858s][info][gc,heap     ] GC(179) Old regions: 5->5
[2026-03-25T20:37:42.777+0900][10.858s][info][gc,heap     ] GC(179) Humongous regions: 0->0
[2026-03-25T20:37:42.777+0900][10.858s][info][gc,metaspace] GC(179) Metaspace: 5976K(6144K)->5976K(6144K) NonClass: 5344K(5440K)->5344K(5440K) Class: 632K(704K)->632K(704K)
[2026-03-25T20:37:42.777+0900][10.858s][info][gc          ] GC(179) Pause Young (Normal) (G1 Evacuation Pause) 155M->13M(258M) 1.731ms
[2026-03-25T20:37:42.777+0900][10.858s][info][gc,cpu      ] GC(179) User=0.00s Sys=0.00s Real=0.00s
[2026-03-25T20:37:42.831+0900][10.913s][info][gc,start    ] GC(180) Pause Young (Normal) (G1 Evacuation Pause)
[2026-03-25T20:37:42.831+0900][10.913s][info][gc,task     ] GC(180) Using 6 workers of 9 for evacuation
[2026-03-25T20:37:42.833+0900][10.914s][info][gc,phases   ] GC(180)   Pre Evacuate Collection Set: 0.10ms
[2026-03-25T20:37:42.833+0900][10.914s][info][gc,phases   ] GC(180)   Merge Heap Roots: 0.07ms
[2026-03-25T20:37:42.833+0900][10.914s][info][gc,phases   ] GC(180)   Evacuate Collection Set: 1.11ms
[2026-03-25T20:37:42.833+0900][10.914s][info][gc,phases   ] GC(180)   Post Evacuate Collection Set: 0.20ms
[2026-03-25T20:37:42.833+0900][10.914s][info][gc,phases   ] GC(180)   Other: 0.12ms
[2026-03-25T20:37:42.833+0900][10.915s][info][gc,heap     ] GC(180) Eden regions: 143->0(143)
[2026-03-25T20:37:42.833+0900][10.915s][info][gc,heap     ] GC(180) Survivor regions: 10->10(20)
[2026-03-25T20:37:42.833+0900][10.915s][info][gc,heap     ] GC(180) Old regions: 5->5
[2026-03-25T20:37:42.833+0900][10.915s][info][gc,heap     ] GC(180) Humongous regions: 0->0
[2026-03-25T20:37:42.833+0900][10.915s][info][gc,metaspace] GC(180) Metaspace: 5976K(6144K)->5976K(6144K) NonClass: 5344K(5440K)->5344K(5440K) Class: 632K(704K)->632K(704K)
[2026-03-25T20:37:42.833+0900][10.915s][info][gc          ] GC(180) Pause Young (Normal) (G1 Evacuation Pause) 155M->13M(258M) 1.937ms
[2026-03-25T20:37:42.833+0900][10.915s][info][gc,cpu      ] GC(180) User=0.01s Sys=0.01s Real=0.00s
[2026-03-25T20:37:42.892+0900][10.973s][info][gc,start    ] GC(181) Pause Young (Normal) (G1 Evacuation Pause)
[2026-03-25T20:37:42.892+0900][10.973s][info][gc,task     ] GC(181) Using 6 workers of 9 for evacuation
[2026-03-25T20:37:42.893+0900][10.975s][info][gc,phases   ] GC(181)   Pre Evacuate Collection Set: 0.12ms
[2026-03-25T20:37:42.893+0900][10.975s][info][gc,phases   ] GC(181)   Merge Heap Roots: 0.04ms
[2026-03-25T20:37:42.893+0900][10.975s][info][gc,phases   ] GC(181)   Evacuate Collection Set: 1.04ms
[2026-03-25T20:37:42.893+0900][10.975s][info][gc,phases   ] GC(181)   Post Evacuate Collection Set: 0.18ms
[2026-03-25T20:37:42.893+0900][10.975s][info][gc,phases   ] GC(181)   Other: 0.11ms
[2026-03-25T20:37:42.893+0900][10.975s][info][gc,heap     ] GC(181) Eden regions: 143->0(143)
[2026-03-25T20:37:42.893+0900][10.975s][info][gc,heap     ] GC(181) Survivor regions: 10->10(20)
[2026-03-25T20:37:42.893+0900][10.975s][info][gc,heap     ] GC(181) Old regions: 5->5
[2026-03-25T20:37:42.893+0900][10.975s][info][gc,heap     ] GC(181) Humongous regions: 0->0
[2026-03-25T20:37:42.894+0900][10.975s][info][gc,metaspace] GC(181) Metaspace: 5976K(6144K)->5976K(6144K) NonClass: 5344K(5440K)->5344K(5440K) Class: 632K(704K)->632K(704K)
[2026-03-25T20:37:42.894+0900][10.975s][info][gc          ] GC(181) Pause Young (Normal) (G1 Evacuation Pause) 155M->13M(258M) 1.782ms
[2026-03-25T20:37:42.894+0900][10.975s][info][gc,cpu      ] GC(181) User=0.01s Sys=0.00s Real=0.00s
[2026-03-25T20:37:42.952+0900][11.033s][info][gc,start    ] GC(182) Pause Young (Normal) (G1 Evacuation Pause)
[2026-03-25T20:37:42.952+0900][11.034s][info][gc,task     ] GC(182) Using 6 workers of 9 for evacuation
[2026-03-25T20:37:42.954+0900][11.035s][info][gc,phases   ] GC(182)   Pre Evacuate Collection Set: 0.12ms
[2026-03-25T20:37:42.954+0900][11.035s][info][gc,phases   ] GC(182)   Merge Heap Roots: 0.06ms
[2026-03-25T20:37:42.954+0900][11.035s][info][gc,phases   ] GC(182)   Evacuate Collection Set: 1.01ms
[2026-03-25T20:37:42.954+0900][11.035s][info][gc,phases   ] GC(182)   Post Evacuate Collection Set: 0.23ms
[2026-03-25T20:37:42.954+0900][11.035s][info][gc,phases   ] GC(182)   Other: 0.11ms
[2026-03-25T20:37:42.954+0900][11.035s][info][gc,heap     ] GC(182) Eden regions: 143->0(143)
[2026-03-25T20:37:42.954+0900][11.035s][info][gc,heap     ] GC(182) Survivor regions: 10->10(20)
[2026-03-25T20:37:42.954+0900][11.035s][info][gc,heap     ] GC(182) Old regions: 5->5
[2026-03-25T20:37:42.954+0900][11.035s][info][gc,heap     ] GC(182) Humongous regions: 0->0
[2026-03-25T20:37:42.954+0900][11.035s][info][gc,metaspace] GC(182) Metaspace: 5976K(6144K)->5976K(6144K) NonClass: 5344K(5440K)->5344K(5440K) Class: 632K(704K)->632K(704K)
[2026-03-25T20:37:42.954+0900][11.035s][info][gc          ] GC(182) Pause Young (Normal) (G1 Evacuation Pause) 155M->13M(258M) 1.887ms
[2026-03-25T20:37:42.954+0900][11.035s][info][gc,cpu      ] GC(182) User=0.01s Sys=0.00s Real=0.00s
[2026-03-25T20:37:43.012+0900][11.094s][info][gc,start    ] GC(183) Pause Young (Normal) (G1 Evacuation Pause)
[2026-03-25T20:37:43.012+0900][11.094s][info][gc,task     ] GC(183) Using 6 workers of 9 for evacuation
[2026-03-25T20:37:43.013+0900][11.095s][info][gc,phases   ] GC(183)   Pre Evacuate Collection Set: 0.06ms
[2026-03-25T20:37:43.013+0900][11.095s][info][gc,phases   ] GC(183)   Merge Heap Roots: 0.03ms
[2026-03-25T20:37:43.013+0900][11.095s][info][gc,phases   ] GC(183)   Evacuate Collection Set: 0.71ms
[2026-03-25T20:37:43.013+0900][11.095s][info][gc,phases   ] GC(183)   Post Evacuate Collection Set: 0.18ms
[2026-03-25T20:37:43.013+0900][11.095s][info][gc,phases   ] GC(183)   Other: 0.08ms
[2026-03-25T20:37:43.013+0900][11.095s][info][gc,heap     ] GC(183) Eden regions: 143->0(143)
[2026-03-25T20:37:43.013+0900][11.095s][info][gc,heap     ] GC(183) Survivor regions: 10->10(20)
[2026-03-25T20:37:43.013+0900][11.095s][info][gc,heap     ] GC(183) Old regions: 5->5
[2026-03-25T20:37:43.013+0900][11.095s][info][gc,heap     ] GC(183) Humongous regions: 0->0
[2026-03-25T20:37:43.013+0900][11.095s][info][gc,metaspace] GC(183) Metaspace: 5976K(6144K)->5976K(6144K) NonClass: 5344K(5440K)->5344K(5440K) Class: 632K(704K)->632K(704K)
[2026-03-25T20:37:43.013+0900][11.095s][info][gc          ] GC(183) Pause Young (Normal) (G1 Evacuation Pause) 155M->13M(258M) 1.361ms
[2026-03-25T20:37:43.013+0900][11.095s][info][gc,cpu      ] GC(183) User=0.01s Sys=0.00s Real=0.00s
[2026-03-25T20:37:43.125+0900][11.207s][info][gc,start    ] GC(184) Pause Young (Normal) (G1 Evacuation Pause)
[2026-03-25T20:37:43.125+0900][11.207s][info][gc,task     ] GC(184) Using 6 workers of 9 for evacuation
[2026-03-25T20:37:43.127+0900][11.209s][info][gc,phases   ] GC(184)   Pre Evacuate Collection Set: 0.12ms
[2026-03-25T20:37:43.127+0900][11.209s][info][gc,phases   ] GC(184)   Merge Heap Roots: 0.07ms
[2026-03-25T20:37:43.127+0900][11.209s][info][gc,phases   ] GC(184)   Evacuate Collection Set: 1.21ms
[2026-03-25T20:37:43.127+0900][11.209s][info][gc,phases   ] GC(184)   Post Evacuate Collection Set: 0.18ms
[2026-03-25T20:37:43.127+0900][11.209s][info][gc,phases   ] GC(184)   Other: 0.11ms
[2026-03-25T20:37:43.127+0900][11.209s][info][gc,heap     ] GC(184) Eden regions: 143->0(143)
[2026-03-25T20:37:43.127+0900][11.209s][info][gc,heap     ] GC(184) Survivor regions: 10->10(20)
[2026-03-25T20:37:43.127+0900][11.209s][info][gc,heap     ] GC(184) Old regions: 5->5
[2026-03-25T20:37:43.127+0900][11.209s][info][gc,heap     ] GC(184) Humongous regions: 0->0
[2026-03-25T20:37:43.127+0900][11.209s][info][gc,metaspace] GC(184) Metaspace: 5976K(6144K)->5976K(6144K) NonClass: 5344K(5440K)->5344K(5440K) Class: 632K(704K)->632K(704K)
[2026-03-25T20:37:43.127+0900][11.209s][info][gc          ] GC(184) Pause Young (Normal) (G1 Evacuation Pause) 155M->13M(258M) 2.016ms
[2026-03-25T20:37:43.127+0900][11.209s][info][gc,cpu      ] GC(184) User=0.01s Sys=0.00s Real=0.00s
[2026-03-25T20:37:43.186+0900][11.267s][info][gc,start    ] GC(185) Pause Young (Normal) (G1 Evacuation Pause)
[2026-03-25T20:37:43.186+0900][11.267s][info][gc,task     ] GC(185) Using 6 workers of 9 for evacuation
[2026-03-25T20:37:43.188+0900][11.269s][info][gc,phases   ] GC(185)   Pre Evacuate Collection Set: 0.13ms
[2026-03-25T20:37:43.188+0900][11.269s][info][gc,phases   ] GC(185)   Merge Heap Roots: 0.08ms
[2026-03-25T20:37:43.188+0900][11.269s][info][gc,phases   ] GC(185)   Evacuate Collection Set: 1.11ms
[2026-03-25T20:37:43.188+0900][11.269s][info][gc,phases   ] GC(185)   Post Evacuate Collection Set: 0.25ms
[2026-03-25T20:37:43.188+0900][11.269s][info][gc,phases   ] GC(185)   Other: 0.16ms
[2026-03-25T20:37:43.188+0900][11.269s][info][gc,heap     ] GC(185) Eden regions: 143->0(143)
[2026-03-25T20:37:43.188+0900][11.269s][info][gc,heap     ] GC(185) Survivor regions: 10->10(20)
[2026-03-25T20:37:43.188+0900][11.269s][info][gc,heap     ] GC(185) Old regions: 5->5
[2026-03-25T20:37:43.188+0900][11.269s][info][gc,heap     ] GC(185) Humongous regions: 0->0
[2026-03-25T20:37:43.188+0900][11.269s][info][gc,metaspace] GC(185) Metaspace: 5976K(6144K)->5976K(6144K) NonClass: 5344K(5440K)->5344K(5440K) Class: 632K(704K)->632K(704K)
[2026-03-25T20:37:43.188+0900][11.269s][info][gc          ] GC(185) Pause Young (Normal) (G1 Evacuation Pause) 155M->13M(258M) 2.262ms
[2026-03-25T20:37:43.188+0900][11.269s][info][gc,cpu      ] GC(185) User=0.01s Sys=0.00s Real=0.00s
[2026-03-25T20:37:43.246+0900][11.328s][info][gc,start    ] GC(186) Pause Young (Normal) (G1 Evacuation Pause)
[2026-03-25T20:37:43.246+0900][11.328s][info][gc,task     ] GC(186) Using 6 workers of 9 for evacuation
[2026-03-25T20:37:43.248+0900][11.330s][info][gc,phases   ] GC(186)   Pre Evacuate Collection Set: 0.13ms
[2026-03-25T20:37:43.248+0900][11.330s][info][gc,phases   ] GC(186)   Merge Heap Roots: 0.06ms
[2026-03-25T20:37:43.248+0900][11.330s][info][gc,phases   ] GC(186)   Evacuate Collection Set: 1.10ms
[2026-03-25T20:37:43.248+0900][11.330s][info][gc,phases   ] GC(186)   Post Evacuate Collection Set: 0.26ms
[2026-03-25T20:37:43.248+0900][11.330s][info][gc,phases   ] GC(186)   Other: 0.14ms
[2026-03-25T20:37:43.248+0900][11.330s][info][gc,heap     ] GC(186) Eden regions: 143->0(143)
[2026-03-25T20:37:43.248+0900][11.330s][info][gc,heap     ] GC(186) Survivor regions: 10->10(20)
[2026-03-25T20:37:43.248+0900][11.330s][info][gc,heap     ] GC(186) Old regions: 5->5
[2026-03-25T20:37:43.248+0900][11.330s][info][gc,heap     ] GC(186) Humongous regions: 0->0
[2026-03-25T20:37:43.248+0900][11.330s][info][gc,metaspace] GC(186) Metaspace: 5976K(6144K)->5976K(6144K) NonClass: 5344K(5440K)->5344K(5440K) Class: 632K(704K)->632K(704K)
[2026-03-25T20:37:43.248+0900][11.330s][info][gc          ] GC(186) Pause Young (Normal) (G1 Evacuation Pause) 155M->13M(258M) 2.176ms
[2026-03-25T20:37:43.248+0900][11.330s][info][gc,cpu      ] GC(186) User=0.01s Sys=0.00s Real=0.00s
[2026-03-25T20:37:43.307+0900][11.388s][info][gc,start    ] GC(187) Pause Young (Normal) (G1 Evacuation Pause)
[2026-03-25T20:37:43.307+0900][11.389s][info][gc,task     ] GC(187) Using 6 workers of 9 for evacuation
[2026-03-25T20:37:43.309+0900][11.390s][info][gc,phases   ] GC(187)   Pre Evacuate Collection Set: 0.09ms
[2026-03-25T20:37:43.309+0900][11.390s][info][gc,phases   ] GC(187)   Merge Heap Roots: 0.04ms
[2026-03-25T20:37:43.309+0900][11.390s][info][gc,phases   ] GC(187)   Evacuate Collection Set: 1.19ms
[2026-03-25T20:37:43.309+0900][11.390s][info][gc,phases   ] GC(187)   Post Evacuate Collection Set: 0.18ms
[2026-03-25T20:37:43.309+0900][11.390s][info][gc,phases   ] GC(187)   Other: 0.10ms
[2026-03-25T20:37:43.309+0900][11.390s][info][gc,heap     ] GC(187) Eden regions: 143->0(143)
[2026-03-25T20:37:43.309+0900][11.390s][info][gc,heap     ] GC(187) Survivor regions: 10->10(20)
[2026-03-25T20:37:43.309+0900][11.390s][info][gc,heap     ] GC(187) Old regions: 5->5
[2026-03-25T20:37:43.309+0900][11.390s][info][gc,heap     ] GC(187) Humongous regions: 0->0
[2026-03-25T20:37:43.309+0900][11.390s][info][gc,metaspace] GC(187) Metaspace: 5984K(6144K)->5984K(6144K) NonClass: 5351K(5440K)->5351K(5440K) Class: 632K(704K)->632K(704K)
[2026-03-25T20:37:43.309+0900][11.390s][info][gc          ] GC(187) Pause Young (Normal) (G1 Evacuation Pause) 155M->13M(258M) 1.924ms
[2026-03-25T20:37:43.309+0900][11.390s][info][gc,cpu      ] GC(187) User=0.00s Sys=0.00s Real=0.00s
[2026-03-25T20:37:43.367+0900][11.449s][info][gc,start    ] GC(188) Pause Young (Normal) (G1 Evacuation Pause)
[2026-03-25T20:37:43.368+0900][11.449s][info][gc,task     ] GC(188) Using 6 workers of 9 for evacuation
[2026-03-25T20:37:43.369+0900][11.451s][info][gc,phases   ] GC(188)   Pre Evacuate Collection Set: 0.12ms
[2026-03-25T20:37:43.369+0900][11.451s][info][gc,phases   ] GC(188)   Merge Heap Roots: 0.07ms
[2026-03-25T20:37:43.369+0900][11.451s][info][gc,phases   ] GC(188)   Evacuate Collection Set: 1.24ms
[2026-03-25T20:37:43.369+0900][11.451s][info][gc,phases   ] GC(188)   Post Evacuate Collection Set: 0.16ms
[2026-03-25T20:37:43.369+0900][11.451s][info][gc,phases   ] GC(188)   Other: 0.12ms
[2026-03-25T20:37:43.369+0900][11.451s][info][gc,heap     ] GC(188) Eden regions: 143->0(143)
[2026-03-25T20:37:43.369+0900][11.451s][info][gc,heap     ] GC(188) Survivor regions: 10->10(20)
[2026-03-25T20:37:43.369+0900][11.451s][info][gc,heap     ] GC(188) Old regions: 5->5
[2026-03-25T20:37:43.369+0900][11.451s][info][gc,heap     ] GC(188) Humongous regions: 0->0
[2026-03-25T20:37:43.369+0900][11.451s][info][gc,metaspace] GC(188) Metaspace: 5984K(6144K)->5984K(6144K) NonClass: 5351K(5440K)->5351K(5440K) Class: 632K(704K)->632K(704K)
[2026-03-25T20:37:43.370+0900][11.451s][info][gc          ] GC(188) Pause Young (Normal) (G1 Evacuation Pause) 155M->13M(258M) 2.054ms
[2026-03-25T20:37:43.370+0900][11.451s][info][gc,cpu      ] GC(188) User=0.00s Sys=0.00s Real=0.01s
[2026-03-25T20:37:43.428+0900][11.509s][info][gc,start    ] GC(189) Pause Young (Normal) (G1 Evacuation Pause)
[2026-03-25T20:37:43.428+0900][11.509s][info][gc,task     ] GC(189) Using 6 workers of 9 for evacuation
[2026-03-25T20:37:43.429+0900][11.511s][info][gc,phases   ] GC(189)   Pre Evacuate Collection Set: 0.12ms
[2026-03-25T20:37:43.429+0900][11.511s][info][gc,phases   ] GC(189)   Merge Heap Roots: 0.06ms
[2026-03-25T20:37:43.429+0900][11.511s][info][gc,phases   ] GC(189)   Evacuate Collection Set: 1.14ms
[2026-03-25T20:37:43.430+0900][11.511s][info][gc,phases   ] GC(189)   Post Evacuate Collection Set: 0.20ms
[2026-03-25T20:37:43.430+0900][11.511s][info][gc,phases   ] GC(189)   Other: 0.12ms
[2026-03-25T20:37:43.430+0900][11.511s][info][gc,heap     ] GC(189) Eden regions: 143->0(143)
[2026-03-25T20:37:43.430+0900][11.511s][info][gc,heap     ] GC(189) Survivor regions: 10->10(20)
[2026-03-25T20:37:43.430+0900][11.511s][info][gc,heap     ] GC(189) Old regions: 5->5
[2026-03-25T20:37:43.430+0900][11.511s][info][gc,heap     ] GC(189) Humongous regions: 0->0
[2026-03-25T20:37:43.430+0900][11.511s][info][gc,metaspace] GC(189) Metaspace: 5984K(6144K)->5984K(6144K) NonClass: 5351K(5440K)->5351K(5440K) Class: 632K(704K)->632K(704K)
[2026-03-25T20:37:43.430+0900][11.511s][info][gc          ] GC(189) Pause Young (Normal) (G1 Evacuation Pause) 155M->13M(258M) 1.991ms
[2026-03-25T20:37:43.430+0900][11.511s][info][gc,cpu      ] GC(189) User=0.00s Sys=0.00s Real=0.01s
[2026-03-25T20:37:43.488+0900][11.570s][info][gc,start    ] GC(190) Pause Young (Normal) (G1 Evacuation Pause)
[2026-03-25T20:37:43.488+0900][11.570s][info][gc,task     ] GC(190) Using 6 workers of 9 for evacuation
[2026-03-25T20:37:43.490+0900][11.572s][info][gc,phases   ] GC(190)   Pre Evacuate Collection Set: 0.11ms
[2026-03-25T20:37:43.490+0900][11.572s][info][gc,phases   ] GC(190)   Merge Heap Roots: 0.06ms
[2026-03-25T20:37:43.490+0900][11.572s][info][gc,phases   ] GC(190)   Evacuate Collection Set: 1.21ms
[2026-03-25T20:37:43.490+0900][11.572s][info][gc,phases   ] GC(190)   Post Evacuate Collection Set: 0.25ms
[2026-03-25T20:37:43.490+0900][11.572s][info][gc,phases   ] GC(190)   Other: 0.15ms
[2026-03-25T20:37:43.490+0900][11.572s][info][gc,heap     ] GC(190) Eden regions: 143->0(143)
[2026-03-25T20:37:43.490+0900][11.572s][info][gc,heap     ] GC(190) Survivor regions: 10->10(20)
[2026-03-25T20:37:43.490+0900][11.572s][info][gc,heap     ] GC(190) Old regions: 5->5
[2026-03-25T20:37:43.490+0900][11.572s][info][gc,heap     ] GC(190) Humongous regions: 0->0
[2026-03-25T20:37:43.490+0900][11.572s][info][gc,metaspace] GC(190) Metaspace: 5984K(6144K)->5984K(6144K) NonClass: 5351K(5440K)->5351K(5440K) Class: 632K(704K)->632K(704K)
[2026-03-25T20:37:43.490+0900][11.572s][info][gc          ] GC(190) Pause Young (Normal) (G1 Evacuation Pause) 155M->13M(258M) 2.191ms
[2026-03-25T20:37:43.490+0900][11.572s][info][gc,cpu      ] GC(190) User=0.00s Sys=0.01s Real=0.01s
[2026-03-25T20:37:43.549+0900][11.630s][info][gc,start    ] GC(191) Pause Young (Normal) (G1 Evacuation Pause)
[2026-03-25T20:37:43.549+0900][11.631s][info][gc,task     ] GC(191) Using 6 workers of 9 for evacuation
[2026-03-25T20:37:43.551+0900][11.632s][info][gc,phases   ] GC(191)   Pre Evacuate Collection Set: 0.13ms
[2026-03-25T20:37:43.551+0900][11.632s][info][gc,phases   ] GC(191)   Merge Heap Roots: 0.07ms
[2026-03-25T20:37:43.551+0900][11.632s][info][gc,phases   ] GC(191)   Evacuate Collection Set: 1.15ms
[2026-03-25T20:37:43.551+0900][11.632s][info][gc,phases   ] GC(191)   Post Evacuate Collection Set: 0.26ms
[2026-03-25T20:37:43.551+0900][11.633s][info][gc,phases   ] GC(191)   Other: 0.14ms
[2026-03-25T20:37:43.551+0900][11.633s][info][gc,heap     ] GC(191) Eden regions: 143->0(143)
[2026-03-25T20:37:43.551+0900][11.633s][info][gc,heap     ] GC(191) Survivor regions: 10->10(20)
[2026-03-25T20:37:43.551+0900][11.633s][info][gc,heap     ] GC(191) Old regions: 5->5
[2026-03-25T20:37:43.551+0900][11.633s][info][gc,heap     ] GC(191) Humongous regions: 0->0
[2026-03-25T20:37:43.551+0900][11.633s][info][gc,metaspace] GC(191) Metaspace: 5984K(6144K)->5984K(6144K) NonClass: 5351K(5440K)->5351K(5440K) Class: 632K(704K)->632K(704K)
[2026-03-25T20:37:43.551+0900][11.633s][info][gc          ] GC(191) Pause Young (Normal) (G1 Evacuation Pause) 155M->13M(258M) 2.205ms
[2026-03-25T20:37:43.551+0900][11.633s][info][gc,cpu      ] GC(191) User=0.00s Sys=0.00s Real=0.01s
[2026-03-25T20:37:43.610+0900][11.691s][info][gc,start    ] GC(192) Pause Young (Normal) (G1 Evacuation Pause)
[2026-03-25T20:37:43.610+0900][11.692s][info][gc,task     ] GC(192) Using 6 workers of 9 for evacuation
[2026-03-25T20:37:43.612+0900][11.693s][info][gc,phases   ] GC(192)   Pre Evacuate Collection Set: 0.07ms
[2026-03-25T20:37:43.612+0900][11.693s][info][gc,phases   ] GC(192)   Merge Heap Roots: 0.04ms
[2026-03-25T20:37:43.612+0900][11.693s][info][gc,phases   ] GC(192)   Evacuate Collection Set: 1.07ms
[2026-03-25T20:37:43.612+0900][11.693s][info][gc,phases   ] GC(192)   Post Evacuate Collection Set: 0.25ms
[2026-03-25T20:37:43.612+0900][11.693s][info][gc,phases   ] GC(192)   Other: 0.12ms
[2026-03-25T20:37:43.612+0900][11.693s][info][gc,heap     ] GC(192) Eden regions: 143->0(143)
[2026-03-25T20:37:43.612+0900][11.693s][info][gc,heap     ] GC(192) Survivor regions: 10->10(20)
[2026-03-25T20:37:43.612+0900][11.693s][info][gc,heap     ] GC(192) Old regions: 5->5
[2026-03-25T20:37:43.612+0900][11.693s][info][gc,heap     ] GC(192) Humongous regions: 0->0
[2026-03-25T20:37:43.612+0900][11.693s][info][gc,metaspace] GC(192) Metaspace: 5984K(6144K)->5984K(6144K) NonClass: 5351K(5440K)->5351K(5440K) Class: 632K(704K)->632K(704K)
[2026-03-25T20:37:43.612+0900][11.693s][info][gc          ] GC(192) Pause Young (Normal) (G1 Evacuation Pause) 155M->13M(258M) 1.992ms
[2026-03-25T20:37:43.612+0900][11.693s][info][gc,cpu      ] GC(192) User=0.00s Sys=0.00s Real=0.00s
[2026-03-25T20:37:43.670+0900][11.752s][info][gc,start    ] GC(193) Pause Young (Normal) (G1 Evacuation Pause)
[2026-03-25T20:37:43.670+0900][11.752s][info][gc,task     ] GC(193) Using 6 workers of 9 for evacuation
[2026-03-25T20:37:43.672+0900][11.754s][info][gc,phases   ] GC(193)   Pre Evacuate Collection Set: 0.10ms
[2026-03-25T20:37:43.672+0900][11.754s][info][gc,phases   ] GC(193)   Merge Heap Roots: 0.06ms
[2026-03-25T20:37:43.672+0900][11.754s][info][gc,phases   ] GC(193)   Evacuate Collection Set: 1.09ms
[2026-03-25T20:37:43.672+0900][11.754s][info][gc,phases   ] GC(193)   Post Evacuate Collection Set: 0.25ms
[2026-03-25T20:37:43.672+0900][11.754s][info][gc,phases   ] GC(193)   Other: 0.14ms
[2026-03-25T20:37:43.672+0900][11.754s][info][gc,heap     ] GC(193) Eden regions: 143->0(143)
[2026-03-25T20:37:43.672+0900][11.754s][info][gc,heap     ] GC(193) Survivor regions: 10->10(20)
[2026-03-25T20:37:43.672+0900][11.754s][info][gc,heap     ] GC(193) Old regions: 5->5
[2026-03-25T20:37:43.672+0900][11.754s][info][gc,heap     ] GC(193) Humongous regions: 0->0
[2026-03-25T20:37:43.672+0900][11.754s][info][gc,metaspace] GC(193) Metaspace: 5984K(6144K)->5984K(6144K) NonClass: 5351K(5440K)->5351K(5440K) Class: 632K(704K)->632K(704K)
[2026-03-25T20:37:43.672+0900][11.754s][info][gc          ] GC(193) Pause Young (Normal) (G1 Evacuation Pause) 155M->13M(258M) 2.073ms
[2026-03-25T20:37:43.672+0900][11.754s][info][gc,cpu      ] GC(193) User=0.00s Sys=0.00s Real=0.00s
[2026-03-25T20:37:43.731+0900][11.813s][info][gc,start    ] GC(194) Pause Young (Normal) (G1 Evacuation Pause)
[2026-03-25T20:37:43.731+0900][11.813s][info][gc,task     ] GC(194) Using 6 workers of 9 for evacuation
[2026-03-25T20:37:43.733+0900][11.814s][info][gc,phases   ] GC(194)   Pre Evacuate Collection Set: 0.09ms
[2026-03-25T20:37:43.733+0900][11.814s][info][gc,phases   ] GC(194)   Merge Heap Roots: 0.05ms
[2026-03-25T20:37:43.733+0900][11.814s][info][gc,phases   ] GC(194)   Evacuate Collection Set: 1.14ms
[2026-03-25T20:37:43.733+0900][11.815s][info][gc,phases   ] GC(194)   Post Evacuate Collection Set: 0.17ms
[2026-03-25T20:37:43.733+0900][11.815s][info][gc,phases   ] GC(194)   Other: 0.11ms
[2026-03-25T20:37:43.733+0900][11.815s][info][gc,heap     ] GC(194) Eden regions: 143->0(143)
[2026-03-25T20:37:43.733+0900][11.815s][info][gc,heap     ] GC(194) Survivor regions: 10->10(20)
[2026-03-25T20:37:43.733+0900][11.815s][info][gc,heap     ] GC(194) Old regions: 5->5
[2026-03-25T20:37:43.733+0900][11.815s][info][gc,heap     ] GC(194) Humongous regions: 0->0
[2026-03-25T20:37:43.733+0900][11.815s][info][gc,metaspace] GC(194) Metaspace: 5984K(6144K)->5984K(6144K) NonClass: 5351K(5440K)->5351K(5440K) Class: 632K(704K)->632K(704K)
[2026-03-25T20:37:43.733+0900][11.815s][info][gc          ] GC(194) Pause Young (Normal) (G1 Evacuation Pause) 155M->13M(258M) 1.908ms
[2026-03-25T20:37:43.733+0900][11.815s][info][gc,cpu      ] GC(194) User=0.00s Sys=0.00s Real=0.00s
[2026-03-25T20:37:43.792+0900][11.873s][info][gc,start    ] GC(195) Pause Young (Normal) (G1 Evacuation Pause)
[2026-03-25T20:37:43.792+0900][11.874s][info][gc,task     ] GC(195) Using 6 workers of 9 for evacuation
[2026-03-25T20:37:43.794+0900][11.875s][info][gc,phases   ] GC(195)   Pre Evacuate Collection Set: 0.12ms
[2026-03-25T20:37:43.794+0900][11.875s][info][gc,phases   ] GC(195)   Merge Heap Roots: 0.05ms
[2026-03-25T20:37:43.794+0900][11.875s][info][gc,phases   ] GC(195)   Evacuate Collection Set: 1.05ms
[2026-03-25T20:37:43.794+0900][11.875s][info][gc,phases   ] GC(195)   Post Evacuate Collection Set: 0.17ms
[2026-03-25T20:37:43.794+0900][11.875s][info][gc,phases   ] GC(195)   Other: 0.12ms
[2026-03-25T20:37:43.794+0900][11.875s][info][gc,heap     ] GC(195) Eden regions: 143->0(143)
[2026-03-25T20:37:43.794+0900][11.875s][info][gc,heap     ] GC(195) Survivor regions: 10->10(20)
[2026-03-25T20:37:43.794+0900][11.875s][info][gc,heap     ] GC(195) Old regions: 5->5
[2026-03-25T20:37:43.794+0900][11.875s][info][gc,heap     ] GC(195) Humongous regions: 0->0
[2026-03-25T20:37:43.794+0900][11.875s][info][gc,metaspace] GC(195) Metaspace: 5984K(6144K)->5984K(6144K) NonClass: 5351K(5440K)->5351K(5440K) Class: 632K(704K)->632K(704K)
[2026-03-25T20:37:43.794+0900][11.875s][info][gc          ] GC(195) Pause Young (Normal) (G1 Evacuation Pause) 155M->13M(258M) 1.798ms
[2026-03-25T20:37:43.794+0900][11.875s][info][gc,cpu      ] GC(195) User=0.00s Sys=0.00s Real=0.00s
[2026-03-25T20:37:43.852+0900][11.934s][info][gc,start    ] GC(196) Pause Young (Normal) (G1 Evacuation Pause)
[2026-03-25T20:37:43.852+0900][11.934s][info][gc,task     ] GC(196) Using 6 workers of 9 for evacuation
[2026-03-25T20:37:43.854+0900][11.935s][info][gc,phases   ] GC(196)   Pre Evacuate Collection Set: 0.09ms
[2026-03-25T20:37:43.854+0900][11.936s][info][gc,phases   ] GC(196)   Merge Heap Roots: 0.04ms
[2026-03-25T20:37:43.854+0900][11.936s][info][gc,phases   ] GC(196)   Evacuate Collection Set: 1.09ms
[2026-03-25T20:37:43.854+0900][11.936s][info][gc,phases   ] GC(196)   Post Evacuate Collection Set: 0.17ms
[2026-03-25T20:37:43.854+0900][11.936s][info][gc,phases   ] GC(196)   Other: 0.10ms
[2026-03-25T20:37:43.854+0900][11.936s][info][gc,heap     ] GC(196) Eden regions: 143->0(143)
[2026-03-25T20:37:43.854+0900][11.936s][info][gc,heap     ] GC(196) Survivor regions: 10->10(20)
[2026-03-25T20:37:43.854+0900][11.936s][info][gc,heap     ] GC(196) Old regions: 5->5
[2026-03-25T20:37:43.854+0900][11.936s][info][gc,heap     ] GC(196) Humongous regions: 0->0
[2026-03-25T20:37:43.854+0900][11.936s][info][gc,metaspace] GC(196) Metaspace: 5984K(6144K)->5984K(6144K) NonClass: 5351K(5440K)->5351K(5440K) Class: 632K(704K)->632K(704K)
[2026-03-25T20:37:43.854+0900][11.936s][info][gc          ] GC(196) Pause Young (Normal) (G1 Evacuation Pause) 155M->13M(258M) 1.795ms
[2026-03-25T20:37:43.854+0900][11.936s][info][gc,cpu      ] GC(196) User=0.00s Sys=0.00s Real=0.00s
[2026-03-25T20:37:43.913+0900][11.994s][info][gc,start    ] GC(197) Pause Young (Normal) (G1 Evacuation Pause)
[2026-03-25T20:37:43.913+0900][11.994s][info][gc,task     ] GC(197) Using 6 workers of 9 for evacuation
[2026-03-25T20:37:43.914+0900][11.996s][info][gc,phases   ] GC(197)   Pre Evacuate Collection Set: 0.11ms
[2026-03-25T20:37:43.914+0900][11.996s][info][gc,phases   ] GC(197)   Merge Heap Roots: 0.06ms
[2026-03-25T20:37:43.914+0900][11.996s][info][gc,phases   ] GC(197)   Evacuate Collection Set: 1.13ms
[2026-03-25T20:37:43.914+0900][11.996s][info][gc,phases   ] GC(197)   Post Evacuate Collection Set: 0.22ms
[2026-03-25T20:37:43.914+0900][11.996s][info][gc,phases   ] GC(197)   Other: 0.10ms
[2026-03-25T20:37:43.914+0900][11.996s][info][gc,heap     ] GC(197) Eden regions: 143->0(143)
[2026-03-25T20:37:43.914+0900][11.996s][info][gc,heap     ] GC(197) Survivor regions: 10->10(20)
[2026-03-25T20:37:43.914+0900][11.996s][info][gc,heap     ] GC(197) Old regions: 5->5
[2026-03-25T20:37:43.914+0900][11.996s][info][gc,heap     ] GC(197) Humongous regions: 0->0
[2026-03-25T20:37:43.914+0900][11.996s][info][gc,metaspace] GC(197) Metaspace: 5984K(6144K)->5984K(6144K) NonClass: 5351K(5440K)->5351K(5440K) Class: 632K(704K)->632K(704K)
[2026-03-25T20:37:43.915+0900][11.996s][info][gc          ] GC(197) Pause Young (Normal) (G1 Evacuation Pause) 155M->13M(258M) 1.958ms
[2026-03-25T20:37:43.915+0900][11.996s][info][gc,cpu      ] GC(197) User=0.01s Sys=0.00s Real=0.00s
[2026-03-25T20:37:43.970+0900][12.052s][info][gc,start    ] GC(198) Pause Young (Normal) (G1 Evacuation Pause)
[2026-03-25T20:37:43.970+0900][12.052s][info][gc,task     ] GC(198) Using 6 workers of 9 for evacuation
[2026-03-25T20:37:43.972+0900][12.053s][info][gc,phases   ] GC(198)   Pre Evacuate Collection Set: 0.07ms
[2026-03-25T20:37:43.972+0900][12.053s][info][gc,phases   ] GC(198)   Merge Heap Roots: 0.04ms
[2026-03-25T20:37:43.972+0900][12.053s][info][gc,phases   ] GC(198)   Evacuate Collection Set: 0.96ms
[2026-03-25T20:37:43.972+0900][12.053s][info][gc,phases   ] GC(198)   Post Evacuate Collection Set: 0.17ms
[2026-03-25T20:37:43.972+0900][12.053s][info][gc,phases   ] GC(198)   Other: 0.09ms
[2026-03-25T20:37:43.972+0900][12.053s][info][gc,heap     ] GC(198) Eden regions: 143->0(143)
[2026-03-25T20:37:43.972+0900][12.053s][info][gc,heap     ] GC(198) Survivor regions: 10->10(20)
[2026-03-25T20:37:43.972+0900][12.053s][info][gc,heap     ] GC(198) Old regions: 5->5
[2026-03-25T20:37:43.972+0900][12.053s][info][gc,heap     ] GC(198) Humongous regions: 0->0
[2026-03-25T20:37:43.972+0900][12.053s][info][gc,metaspace] GC(198) Metaspace: 5984K(6144K)->5984K(6144K) NonClass: 5351K(5440K)->5351K(5440K) Class: 632K(704K)->632K(704K)
[2026-03-25T20:37:43.972+0900][12.053s][info][gc          ] GC(198) Pause Young (Normal) (G1 Evacuation Pause) 155M->13M(258M) 1.621ms
[2026-03-25T20:37:43.972+0900][12.053s][info][gc,cpu      ] GC(198) User=0.00s Sys=0.00s Real=0.00s
[2026-03-25T20:37:44.030+0900][12.112s][info][gc,start    ] GC(199) Pause Young (Normal) (G1 Evacuation Pause)
[2026-03-25T20:37:44.030+0900][12.112s][info][gc,task     ] GC(199) Using 6 workers of 9 for evacuation
[2026-03-25T20:37:44.032+0900][12.113s][info][gc,phases   ] GC(199)   Pre Evacuate Collection Set: 0.11ms
[2026-03-25T20:37:44.032+0900][12.113s][info][gc,phases   ] GC(199)   Merge Heap Roots: 0.06ms
[2026-03-25T20:37:44.032+0900][12.113s][info][gc,phases   ] GC(199)   Evacuate Collection Set: 1.05ms
[2026-03-25T20:37:44.032+0900][12.113s][info][gc,phases   ] GC(199)   Post Evacuate Collection Set: 0.19ms
[2026-03-25T20:37:44.032+0900][12.113s][info][gc,phases   ] GC(199)   Other: 0.10ms
[2026-03-25T20:37:44.032+0900][12.113s][info][gc,heap     ] GC(199) Eden regions: 143->0(142)
[2026-03-25T20:37:44.032+0900][12.113s][info][gc,heap     ] GC(199) Survivor regions: 10->11(20)
[2026-03-25T20:37:44.032+0900][12.113s][info][gc,heap     ] GC(199) Old regions: 5->5
[2026-03-25T20:37:44.032+0900][12.113s][info][gc,heap     ] GC(199) Humongous regions: 0->0
[2026-03-25T20:37:44.032+0900][12.113s][info][gc,metaspace] GC(199) Metaspace: 5984K(6144K)->5984K(6144K) NonClass: 5351K(5440K)->5351K(5440K) Class: 632K(704K)->632K(704K)
[2026-03-25T20:37:44.032+0900][12.114s][info][gc          ] GC(199) Pause Young (Normal) (G1 Evacuation Pause) 155M->13M(258M) 1.847ms
[2026-03-25T20:37:44.032+0900][12.114s][info][gc,cpu      ] GC(199) User=0.01s Sys=0.00s Real=0.00s
[2026-03-25T20:37:44.089+0900][12.170s][info][gc,start    ] GC(200) Pause Young (Normal) (G1 Evacuation Pause)
[2026-03-25T20:37:44.089+0900][12.170s][info][gc,task     ] GC(200) Using 6 workers of 9 for evacuation
[2026-03-25T20:37:44.090+0900][12.172s][info][gc,phases   ] GC(200)   Pre Evacuate Collection Set: 0.08ms
[2026-03-25T20:37:44.090+0900][12.172s][info][gc,phases   ] GC(200)   Merge Heap Roots: 0.05ms
[2026-03-25T20:37:44.090+0900][12.172s][info][gc,phases   ] GC(200)   Evacuate Collection Set: 0.99ms
[2026-03-25T20:37:44.090+0900][12.172s][info][gc,phases   ] GC(200)   Post Evacuate Collection Set: 0.21ms
[2026-03-25T20:37:44.090+0900][12.172s][info][gc,phases   ] GC(200)   Other: 0.08ms
[2026-03-25T20:37:44.090+0900][12.172s][info][gc,heap     ] GC(200) Eden regions: 142->0(143)
[2026-03-25T20:37:44.090+0900][12.172s][info][gc,heap     ] GC(200) Survivor regions: 11->10(20)
[2026-03-25T20:37:44.090+0900][12.172s][info][gc,heap     ] GC(200) Old regions: 5->5
[2026-03-25T20:37:44.090+0900][12.172s][info][gc,heap     ] GC(200) Humongous regions: 0->0
[2026-03-25T20:37:44.090+0900][12.172s][info][gc,metaspace] GC(200) Metaspace: 5984K(6144K)->5984K(6144K) NonClass: 5351K(5440K)->5351K(5440K) Class: 632K(704K)->632K(704K)
[2026-03-25T20:37:44.090+0900][12.172s][info][gc          ] GC(200) Pause Young (Normal) (G1 Evacuation Pause) 155M->13M(258M) 1.705ms
[2026-03-25T20:37:44.090+0900][12.172s][info][gc,cpu      ] GC(200) User=0.01s Sys=0.00s Real=0.01s
[2026-03-25T20:37:44.149+0900][12.231s][info][gc,start    ] GC(201) Pause Young (Normal) (G1 Evacuation Pause)
[2026-03-25T20:37:44.149+0900][12.231s][info][gc,task     ] GC(201) Using 6 workers of 9 for evacuation
[2026-03-25T20:37:44.151+0900][12.232s][info][gc,phases   ] GC(201)   Pre Evacuate Collection Set: 0.08ms
[2026-03-25T20:37:44.151+0900][12.232s][info][gc,phases   ] GC(201)   Merge Heap Roots: 0.04ms
[2026-03-25T20:37:44.151+0900][12.232s][info][gc,phases   ] GC(201)   Evacuate Collection Set: 1.01ms
[2026-03-25T20:37:44.151+0900][12.232s][info][gc,phases   ] GC(201)   Post Evacuate Collection Set: 0.17ms
[2026-03-25T20:37:44.151+0900][12.232s][info][gc,phases   ] GC(201)   Other: 0.09ms
[2026-03-25T20:37:44.151+0900][12.232s][info][gc,heap     ] GC(201) Eden regions: 143->0(143)
[2026-03-25T20:37:44.151+0900][12.232s][info][gc,heap     ] GC(201) Survivor regions: 10->10(20)
[2026-03-25T20:37:44.151+0900][12.232s][info][gc,heap     ] GC(201) Old regions: 5->5
[2026-03-25T20:37:44.151+0900][12.232s][info][gc,heap     ] GC(201) Humongous regions: 0->0
[2026-03-25T20:37:44.151+0900][12.232s][info][gc,metaspace] GC(201) Metaspace: 5984K(6144K)->5984K(6144K) NonClass: 5351K(5440K)->5351K(5440K) Class: 632K(704K)->632K(704K)
[2026-03-25T20:37:44.151+0900][12.232s][info][gc          ] GC(201) Pause Young (Normal) (G1 Evacuation Pause) 155M->13M(258M) 1.689ms
[2026-03-25T20:37:44.151+0900][12.232s][info][gc,cpu      ] GC(201) User=0.01s Sys=0.00s Real=0.01s
[2026-03-25T20:37:44.210+0900][12.291s][info][gc,start    ] GC(202) Pause Young (Normal) (G1 Evacuation Pause)
[2026-03-25T20:37:44.210+0900][12.291s][info][gc,task     ] GC(202) Using 6 workers of 9 for evacuation
[2026-03-25T20:37:44.211+0900][12.293s][info][gc,phases   ] GC(202)   Pre Evacuate Collection Set: 0.09ms
[2026-03-25T20:37:44.212+0900][12.293s][info][gc,phases   ] GC(202)   Merge Heap Roots: 0.04ms
[2026-03-25T20:37:44.212+0900][12.293s][info][gc,phases   ] GC(202)   Evacuate Collection Set: 1.18ms
[2026-03-25T20:37:44.212+0900][12.293s][info][gc,phases   ] GC(202)   Post Evacuate Collection Set: 0.17ms
[2026-03-25T20:37:44.212+0900][12.293s][info][gc,phases   ] GC(202)   Other: 0.09ms
[2026-03-25T20:37:44.212+0900][12.293s][info][gc,heap     ] GC(202) Eden regions: 143->0(143)
[2026-03-25T20:37:44.212+0900][12.293s][info][gc,heap     ] GC(202) Survivor regions: 10->10(20)
[2026-03-25T20:37:44.212+0900][12.293s][info][gc,heap     ] GC(202) Old regions: 5->5
[2026-03-25T20:37:44.212+0900][12.293s][info][gc,heap     ] GC(202) Humongous regions: 0->0
[2026-03-25T20:37:44.212+0900][12.293s][info][gc,metaspace] GC(202) Metaspace: 5984K(6144K)->5984K(6144K) NonClass: 5351K(5440K)->5351K(5440K) Class: 632K(704K)->632K(704K)
[2026-03-25T20:37:44.212+0900][12.293s][info][gc          ] GC(202) Pause Young (Normal) (G1 Evacuation Pause) 155M->13M(258M) 1.881ms
[2026-03-25T20:37:44.212+0900][12.293s][info][gc,cpu      ] GC(202) User=0.01s Sys=0.01s Real=0.00s
[2026-03-25T20:37:44.271+0900][12.352s][info][gc,start    ] GC(203) Pause Young (Normal) (G1 Evacuation Pause)
[2026-03-25T20:37:44.271+0900][12.352s][info][gc,task     ] GC(203) Using 6 workers of 9 for evacuation
[2026-03-25T20:37:44.272+0900][12.354s][info][gc,phases   ] GC(203)   Pre Evacuate Collection Set: 0.11ms
[2026-03-25T20:37:44.272+0900][12.354s][info][gc,phases   ] GC(203)   Merge Heap Roots: 0.06ms
[2026-03-25T20:37:44.272+0900][12.354s][info][gc,phases   ] GC(203)   Evacuate Collection Set: 1.09ms
[2026-03-25T20:37:44.272+0900][12.354s][info][gc,phases   ] GC(203)   Post Evacuate Collection Set: 0.18ms
[2026-03-25T20:37:44.272+0900][12.354s][info][gc,phases   ] GC(203)   Other: 0.11ms
[2026-03-25T20:37:44.272+0900][12.354s][info][gc,heap     ] GC(203) Eden regions: 143->0(143)
[2026-03-25T20:37:44.272+0900][12.354s][info][gc,heap     ] GC(203) Survivor regions: 10->10(20)
[2026-03-25T20:37:44.272+0900][12.354s][info][gc,heap     ] GC(203) Old regions: 5->5
[2026-03-25T20:37:44.272+0900][12.354s][info][gc,heap     ] GC(203) Humongous regions: 0->0
[2026-03-25T20:37:44.272+0900][12.354s][info][gc,metaspace] GC(203) Metaspace: 5984K(6144K)->5984K(6144K) NonClass: 5351K(5440K)->5351K(5440K) Class: 632K(704K)->632K(704K)
[2026-03-25T20:37:44.272+0900][12.354s][info][gc          ] GC(203) Pause Young (Normal) (G1 Evacuation Pause) 155M->13M(258M) 1.869ms
[2026-03-25T20:37:44.272+0900][12.354s][info][gc,cpu      ] GC(203) User=0.01s Sys=0.00s Real=0.00s
[2026-03-25T20:37:44.331+0900][12.412s][info][gc,start    ] GC(204) Pause Young (Normal) (G1 Evacuation Pause)
[2026-03-25T20:37:44.331+0900][12.413s][info][gc,task     ] GC(204) Using 6 workers of 9 for evacuation
[2026-03-25T20:37:44.333+0900][12.414s][info][gc,phases   ] GC(204)   Pre Evacuate Collection Set: 0.09ms
[2026-03-25T20:37:44.333+0900][12.414s][info][gc,phases   ] GC(204)   Merge Heap Roots: 0.05ms
[2026-03-25T20:37:44.333+0900][12.414s][info][gc,phases   ] GC(204)   Evacuate Collection Set: 1.15ms
[2026-03-25T20:37:44.333+0900][12.414s][info][gc,phases   ] GC(204)   Post Evacuate Collection Set: 0.17ms
[2026-03-25T20:37:44.333+0900][12.414s][info][gc,phases   ] GC(204)   Other: 0.09ms
[2026-03-25T20:37:44.333+0900][12.414s][info][gc,heap     ] GC(204) Eden regions: 143->0(143)
[2026-03-25T20:37:44.333+0900][12.414s][info][gc,heap     ] GC(204) Survivor regions: 10->10(20)
[2026-03-25T20:37:44.333+0900][12.414s][info][gc,heap     ] GC(204) Old regions: 5->5
[2026-03-25T20:37:44.333+0900][12.414s][info][gc,heap     ] GC(204) Humongous regions: 0->0
[2026-03-25T20:37:44.333+0900][12.414s][info][gc,metaspace] GC(204) Metaspace: 5988K(6144K)->5988K(6144K) NonClass: 5355K(5440K)->5355K(5440K) Class: 632K(704K)->632K(704K)
[2026-03-25T20:37:44.333+0900][12.414s][info][gc          ] GC(204) Pause Young (Normal) (G1 Evacuation Pause) 155M->13M(258M) 1.838ms
[2026-03-25T20:37:44.333+0900][12.414s][info][gc,cpu      ] GC(204) User=0.00s Sys=0.00s Real=0.00s
[2026-03-25T20:37:44.392+0900][12.473s][info][gc,start    ] GC(205) Pause Young (Normal) (G1 Evacuation Pause)
[2026-03-25T20:37:44.392+0900][12.473s][info][gc,task     ] GC(205) Using 6 workers of 9 for evacuation
[2026-03-25T20:37:44.393+0900][12.475s][info][gc,phases   ] GC(205)   Pre Evacuate Collection Set: 0.08ms
[2026-03-25T20:37:44.393+0900][12.475s][info][gc,phases   ] GC(205)   Merge Heap Roots: 0.04ms
[2026-03-25T20:37:44.393+0900][12.475s][info][gc,phases   ] GC(205)   Evacuate Collection Set: 1.05ms
[2026-03-25T20:37:44.393+0900][12.475s][info][gc,phases   ] GC(205)   Post Evacuate Collection Set: 0.17ms
[2026-03-25T20:37:44.393+0900][12.475s][info][gc,phases   ] GC(205)   Other: 0.09ms
[2026-03-25T20:37:44.393+0900][12.475s][info][gc,heap     ] GC(205) Eden regions: 143->0(143)
[2026-03-25T20:37:44.393+0900][12.475s][info][gc,heap     ] GC(205) Survivor regions: 10->10(20)
[2026-03-25T20:37:44.393+0900][12.475s][info][gc,heap     ] GC(205) Old regions: 5->5
[2026-03-25T20:37:44.393+0900][12.475s][info][gc,heap     ] GC(205) Humongous regions: 0->0
[2026-03-25T20:37:44.393+0900][12.475s][info][gc,metaspace] GC(205) Metaspace: 5988K(6144K)->5988K(6144K) NonClass: 5355K(5440K)->5355K(5440K) Class: 632K(704K)->632K(704K)
[2026-03-25T20:37:44.393+0900][12.475s][info][gc          ] GC(205) Pause Young (Normal) (G1 Evacuation Pause) 155M->13M(258M) 1.715ms
[2026-03-25T20:37:44.393+0900][12.475s][info][gc,cpu      ] GC(205) User=0.00s Sys=0.00s Real=0.00s
[2026-03-25T20:37:44.452+0900][12.533s][info][gc,start    ] GC(206) Pause Young (Normal) (G1 Evacuation Pause)
[2026-03-25T20:37:44.452+0900][12.534s][info][gc,task     ] GC(206) Using 6 workers of 9 for evacuation
[2026-03-25T20:37:44.454+0900][12.535s][info][gc,phases   ] GC(206)   Pre Evacuate Collection Set: 0.12ms
[2026-03-25T20:37:44.454+0900][12.535s][info][gc,phases   ] GC(206)   Merge Heap Roots: 0.07ms
[2026-03-25T20:37:44.454+0900][12.535s][info][gc,phases   ] GC(206)   Evacuate Collection Set: 1.11ms
[2026-03-25T20:37:44.454+0900][12.535s][info][gc,phases   ] GC(206)   Post Evacuate Collection Set: 0.27ms
[2026-03-25T20:37:44.454+0900][12.535s][info][gc,phases   ] GC(206)   Other: 0.14ms
[2026-03-25T20:37:44.454+0900][12.535s][info][gc,heap     ] GC(206) Eden regions: 143->0(143)
[2026-03-25T20:37:44.454+0900][12.535s][info][gc,heap     ] GC(206) Survivor regions: 10->10(20)
[2026-03-25T20:37:44.454+0900][12.535s][info][gc,heap     ] GC(206) Old regions: 5->5
[2026-03-25T20:37:44.454+0900][12.535s][info][gc,heap     ] GC(206) Humongous regions: 0->0
[2026-03-25T20:37:44.454+0900][12.535s][info][gc,metaspace] GC(206) Metaspace: 5988K(6144K)->5988K(6144K) NonClass: 5355K(5440K)->5355K(5440K) Class: 632K(704K)->632K(704K)
[2026-03-25T20:37:44.454+0900][12.536s][info][gc          ] GC(206) Pause Young (Normal) (G1 Evacuation Pause) 155M->13M(258M) 2.053ms
[2026-03-25T20:37:44.454+0900][12.536s][info][gc,cpu      ] GC(206) User=0.00s Sys=0.00s Real=0.00s
[2026-03-25T20:37:44.510+0900][12.591s][info][gc,start    ] GC(207) Pause Young (Normal) (G1 Evacuation Pause)
[2026-03-25T20:37:44.510+0900][12.591s][info][gc,task     ] GC(207) Using 6 workers of 9 for evacuation
[2026-03-25T20:37:44.511+0900][12.592s][info][gc,phases   ] GC(207)   Pre Evacuate Collection Set: 0.07ms
[2026-03-25T20:37:44.511+0900][12.592s][info][gc,phases   ] GC(207)   Merge Heap Roots: 0.04ms
[2026-03-25T20:37:44.511+0900][12.592s][info][gc,phases   ] GC(207)   Evacuate Collection Set: 0.78ms
[2026-03-25T20:37:44.511+0900][12.592s][info][gc,phases   ] GC(207)   Post Evacuate Collection Set: 0.15ms
[2026-03-25T20:37:44.511+0900][12.592s][info][gc,phases   ] GC(207)   Other: 0.08ms
[2026-03-25T20:37:44.511+0900][12.592s][info][gc,heap     ] GC(207) Eden regions: 143->0(143)
[2026-03-25T20:37:44.511+0900][12.592s][info][gc,heap     ] GC(207) Survivor regions: 10->10(20)
[2026-03-25T20:37:44.511+0900][12.592s][info][gc,heap     ] GC(207) Old regions: 5->5
[2026-03-25T20:37:44.511+0900][12.592s][info][gc,heap     ] GC(207) Humongous regions: 0->0
[2026-03-25T20:37:44.511+0900][12.592s][info][gc,metaspace] GC(207) Metaspace: 5988K(6144K)->5988K(6144K) NonClass: 5355K(5440K)->5355K(5440K) Class: 632K(704K)->632K(704K)
[2026-03-25T20:37:44.511+0900][12.592s][info][gc          ] GC(207) Pause Young (Normal) (G1 Evacuation Pause) 155M->13M(258M) 1.379ms
[2026-03-25T20:37:44.511+0900][12.593s][info][gc,cpu      ] GC(207) User=0.01s Sys=0.00s Real=0.00s
[2026-03-25T20:37:44.569+0900][12.651s][info][gc,start    ] GC(208) Pause Young (Normal) (G1 Evacuation Pause)
[2026-03-25T20:37:44.569+0900][12.651s][info][gc,task     ] GC(208) Using 6 workers of 9 for evacuation
[2026-03-25T20:37:44.571+0900][12.652s][info][gc,phases   ] GC(208)   Pre Evacuate Collection Set: 0.08ms
[2026-03-25T20:37:44.571+0900][12.652s][info][gc,phases   ] GC(208)   Merge Heap Roots: 0.04ms
[2026-03-25T20:37:44.571+0900][12.652s][info][gc,phases   ] GC(208)   Evacuate Collection Set: 1.04ms
[2026-03-25T20:37:44.571+0900][12.652s][info][gc,phases   ] GC(208)   Post Evacuate Collection Set: 0.19ms
[2026-03-25T20:37:44.571+0900][12.653s][info][gc,phases   ] GC(208)   Other: 0.09ms
[2026-03-25T20:37:44.571+0900][12.653s][info][gc,heap     ] GC(208) Eden regions: 143->0(143)
[2026-03-25T20:37:44.571+0900][12.653s][info][gc,heap     ] GC(208) Survivor regions: 10->10(20)
[2026-03-25T20:37:44.571+0900][12.653s][info][gc,heap     ] GC(208) Old regions: 5->5
[2026-03-25T20:37:44.571+0900][12.653s][info][gc,heap     ] GC(208) Humongous regions: 0->0
[2026-03-25T20:37:44.571+0900][12.653s][info][gc,metaspace] GC(208) Metaspace: 5988K(6144K)->5988K(6144K) NonClass: 5355K(5440K)->5355K(5440K) Class: 632K(704K)->632K(704K)
[2026-03-25T20:37:44.571+0900][12.653s][info][gc          ] GC(208) Pause Young (Normal) (G1 Evacuation Pause) 155M->13M(258M) 1.738ms
[2026-03-25T20:37:44.571+0900][12.653s][info][gc,cpu      ] GC(208) User=0.01s Sys=0.00s Real=0.01s
[2026-03-25T20:37:44.627+0900][12.709s][info][gc,start    ] GC(209) Pause Young (Normal) (G1 Evacuation Pause)
[2026-03-25T20:37:44.627+0900][12.709s][info][gc,task     ] GC(209) Using 6 workers of 9 for evacuation
[2026-03-25T20:37:44.628+0900][12.710s][info][gc,phases   ] GC(209)   Pre Evacuate Collection Set: 0.07ms
[2026-03-25T20:37:44.628+0900][12.710s][info][gc,phases   ] GC(209)   Merge Heap Roots: 0.04ms
[2026-03-25T20:37:44.628+0900][12.710s][info][gc,phases   ] GC(209)   Evacuate Collection Set: 0.76ms
[2026-03-25T20:37:44.628+0900][12.710s][info][gc,phases   ] GC(209)   Post Evacuate Collection Set: 0.20ms
[2026-03-25T20:37:44.628+0900][12.710s][info][gc,phases   ] GC(209)   Other: 0.09ms
[2026-03-25T20:37:44.628+0900][12.710s][info][gc,heap     ] GC(209) Eden regions: 143->0(143)
[2026-03-25T20:37:44.628+0900][12.710s][info][gc,heap     ] GC(209) Survivor regions: 10->10(20)
[2026-03-25T20:37:44.628+0900][12.710s][info][gc,heap     ] GC(209) Old regions: 5->5
[2026-03-25T20:37:44.628+0900][12.710s][info][gc,heap     ] GC(209) Humongous regions: 0->0
[2026-03-25T20:37:44.628+0900][12.710s][info][gc,metaspace] GC(209) Metaspace: 5988K(6144K)->5988K(6144K) NonClass: 5355K(5440K)->5355K(5440K) Class: 632K(704K)->632K(704K)
[2026-03-25T20:37:44.628+0900][12.710s][info][gc          ] GC(209) Pause Young (Normal) (G1 Evacuation Pause) 155M->13M(258M) 1.465ms
[2026-03-25T20:37:44.628+0900][12.710s][info][gc,cpu      ] GC(209) User=0.01s Sys=0.00s Real=0.00s
[2026-03-25T20:37:44.685+0900][12.767s][info][gc,start    ] GC(210) Pause Young (Normal) (G1 Evacuation Pause)
[2026-03-25T20:37:44.685+0900][12.767s][info][gc,task     ] GC(210) Using 6 workers of 9 for evacuation
[2026-03-25T20:37:44.686+0900][12.768s][info][gc,phases   ] GC(210)   Pre Evacuate Collection Set: 0.09ms
[2026-03-25T20:37:44.686+0900][12.768s][info][gc,phases   ] GC(210)   Merge Heap Roots: 0.05ms
[2026-03-25T20:37:44.686+0900][12.768s][info][gc,phases   ] GC(210)   Evacuate Collection Set: 0.79ms
[2026-03-25T20:37:44.686+0900][12.768s][info][gc,phases   ] GC(210)   Post Evacuate Collection Set: 0.19ms
[2026-03-25T20:37:44.686+0900][12.768s][info][gc,phases   ] GC(210)   Other: 0.09ms
[2026-03-25T20:37:44.686+0900][12.768s][info][gc,heap     ] GC(210) Eden regions: 143->0(143)
[2026-03-25T20:37:44.686+0900][12.768s][info][gc,heap     ] GC(210) Survivor regions: 10->10(20)
[2026-03-25T20:37:44.686+0900][12.768s][info][gc,heap     ] GC(210) Old regions: 5->5
[2026-03-25T20:37:44.686+0900][12.768s][info][gc,heap     ] GC(210) Humongous regions: 0->0
[2026-03-25T20:37:44.686+0900][12.768s][info][gc,metaspace] GC(210) Metaspace: 5988K(6144K)->5988K(6144K) NonClass: 5355K(5440K)->5355K(5440K) Class: 632K(704K)->632K(704K)
[2026-03-25T20:37:44.686+0900][12.768s][info][gc          ] GC(210) Pause Young (Normal) (G1 Evacuation Pause) 155M->13M(258M) 1.514ms
[2026-03-25T20:37:44.687+0900][12.768s][info][gc,cpu      ] GC(210) User=0.00s Sys=0.00s Real=0.00s
[2026-03-25T20:37:44.745+0900][12.827s][info][gc,start    ] GC(211) Pause Young (Normal) (G1 Evacuation Pause)
[2026-03-25T20:37:44.745+0900][12.827s][info][gc,task     ] GC(211) Using 6 workers of 9 for evacuation
[2026-03-25T20:37:44.746+0900][12.828s][info][gc,phases   ] GC(211)   Pre Evacuate Collection Set: 0.08ms
[2026-03-25T20:37:44.746+0900][12.828s][info][gc,phases   ] GC(211)   Merge Heap Roots: 0.04ms
[2026-03-25T20:37:44.746+0900][12.828s][info][gc,phases   ] GC(211)   Evacuate Collection Set: 0.97ms
[2026-03-25T20:37:44.747+0900][12.828s][info][gc,phases   ] GC(211)   Post Evacuate Collection Set: 0.16ms
[2026-03-25T20:37:44.747+0900][12.828s][info][gc,phases   ] GC(211)   Other: 0.08ms
[2026-03-25T20:37:44.747+0900][12.828s][info][gc,heap     ] GC(211) Eden regions: 143->0(143)
[2026-03-25T20:37:44.747+0900][12.828s][info][gc,heap     ] GC(211) Survivor regions: 10->10(20)
[2026-03-25T20:37:44.747+0900][12.828s][info][gc,heap     ] GC(211) Old regions: 5->5
[2026-03-25T20:37:44.747+0900][12.828s][info][gc,heap     ] GC(211) Humongous regions: 0->0
[2026-03-25T20:37:44.747+0900][12.828s][info][gc,metaspace] GC(211) Metaspace: 5988K(6144K)->5988K(6144K) NonClass: 5355K(5440K)->5355K(5440K) Class: 632K(704K)->632K(704K)
[2026-03-25T20:37:44.747+0900][12.828s][info][gc          ] GC(211) Pause Young (Normal) (G1 Evacuation Pause) 155M->13M(258M) 1.606ms
[2026-03-25T20:37:44.747+0900][12.828s][info][gc,cpu      ] GC(211) User=0.00s Sys=0.00s Real=0.00s
[2026-03-25T20:37:44.804+0900][12.886s][info][gc,start    ] GC(212) Pause Young (Normal) (G1 Evacuation Pause)
[2026-03-25T20:37:44.804+0900][12.886s][info][gc,task     ] GC(212) Using 6 workers of 9 for evacuation
[2026-03-25T20:37:44.806+0900][12.887s][info][gc,phases   ] GC(212)   Pre Evacuate Collection Set: 0.12ms
[2026-03-25T20:37:44.806+0900][12.887s][info][gc,phases   ] GC(212)   Merge Heap Roots: 0.06ms
[2026-03-25T20:37:44.806+0900][12.887s][info][gc,phases   ] GC(212)   Evacuate Collection Set: 1.04ms
[2026-03-25T20:37:44.806+0900][12.887s][info][gc,phases   ] GC(212)   Post Evacuate Collection Set: 0.18ms
[2026-03-25T20:37:44.806+0900][12.887s][info][gc,phases   ] GC(212)   Other: 0.10ms
[2026-03-25T20:37:44.806+0900][12.887s][info][gc,heap     ] GC(212) Eden regions: 143->0(143)
[2026-03-25T20:37:44.806+0900][12.888s][info][gc,heap     ] GC(212) Survivor regions: 10->10(20)
[2026-03-25T20:37:44.806+0900][12.888s][info][gc,heap     ] GC(212) Old regions: 5->5
[2026-03-25T20:37:44.806+0900][12.888s][info][gc,heap     ] GC(212) Humongous regions: 0->0
[2026-03-25T20:37:44.806+0900][12.888s][info][gc,metaspace] GC(212) Metaspace: 5988K(6144K)->5988K(6144K) NonClass: 5355K(5440K)->5355K(5440K) Class: 632K(704K)->632K(704K)
[2026-03-25T20:37:44.806+0900][12.888s][info][gc          ] GC(212) Pause Young (Normal) (G1 Evacuation Pause) 155M->13M(258M) 1.846ms
[2026-03-25T20:37:44.806+0900][12.888s][info][gc,cpu      ] GC(212) User=0.00s Sys=0.00s Real=0.00s
[2026-03-25T20:37:44.863+0900][12.945s][info][gc,start    ] GC(213) Pause Young (Normal) (G1 Evacuation Pause)
[2026-03-25T20:37:44.863+0900][12.945s][info][gc,task     ] GC(213) Using 6 workers of 9 for evacuation
[2026-03-25T20:37:44.865+0900][12.946s][info][gc,phases   ] GC(213)   Pre Evacuate Collection Set: 0.07ms
[2026-03-25T20:37:44.865+0900][12.946s][info][gc,phases   ] GC(213)   Merge Heap Roots: 0.04ms
[2026-03-25T20:37:44.865+0900][12.946s][info][gc,phases   ] GC(213)   Evacuate Collection Set: 1.00ms
[2026-03-25T20:37:44.865+0900][12.946s][info][gc,phases   ] GC(213)   Post Evacuate Collection Set: 0.16ms
[2026-03-25T20:37:44.865+0900][12.946s][info][gc,phases   ] GC(213)   Other: 0.09ms
[2026-03-25T20:37:44.865+0900][12.946s][info][gc,heap     ] GC(213) Eden regions: 143->0(143)
[2026-03-25T20:37:44.865+0900][12.946s][info][gc,heap     ] GC(213) Survivor regions: 10->10(20)
[2026-03-25T20:37:44.865+0900][12.946s][info][gc,heap     ] GC(213) Old regions: 5->5
[2026-03-25T20:37:44.865+0900][12.946s][info][gc,heap     ] GC(213) Humongous regions: 0->0
[2026-03-25T20:37:44.865+0900][12.946s][info][gc,metaspace] GC(213) Metaspace: 5988K(6144K)->5988K(6144K) NonClass: 5355K(5440K)->5355K(5440K) Class: 632K(704K)->632K(704K)
[2026-03-25T20:37:44.865+0900][12.947s][info][gc          ] GC(213) Pause Young (Normal) (G1 Evacuation Pause) 155M->13M(258M) 1.636ms
[2026-03-25T20:37:44.865+0900][12.947s][info][gc,cpu      ] GC(213) User=0.00s Sys=0.00s Real=0.00s
[2026-03-25T20:37:44.975+0900][13.057s][info][gc,start    ] GC(214) Pause Young (Normal) (G1 Evacuation Pause)
[2026-03-25T20:37:44.975+0900][13.057s][info][gc,task     ] GC(214) Using 6 workers of 9 for evacuation
[2026-03-25T20:37:44.977+0900][13.059s][info][gc,phases   ] GC(214)   Pre Evacuate Collection Set: 0.09ms
[2026-03-25T20:37:44.977+0900][13.059s][info][gc,phases   ] GC(214)   Merge Heap Roots: 0.04ms
[2026-03-25T20:37:44.977+0900][13.059s][info][gc,phases   ] GC(214)   Evacuate Collection Set: 1.21ms
[2026-03-25T20:37:44.977+0900][13.059s][info][gc,phases   ] GC(214)   Post Evacuate Collection Set: 0.18ms
[2026-03-25T20:37:44.977+0900][13.059s][info][gc,phases   ] GC(214)   Other: 0.10ms
[2026-03-25T20:37:44.977+0900][13.059s][info][gc,heap     ] GC(214) Eden regions: 143->0(143)
[2026-03-25T20:37:44.977+0900][13.059s][info][gc,heap     ] GC(214) Survivor regions: 10->10(20)
[2026-03-25T20:37:44.977+0900][13.059s][info][gc,heap     ] GC(214) Old regions: 5->5
[2026-03-25T20:37:44.977+0900][13.059s][info][gc,heap     ] GC(214) Humongous regions: 0->0
[2026-03-25T20:37:44.977+0900][13.059s][info][gc,metaspace] GC(214) Metaspace: 5988K(6144K)->5988K(6144K) NonClass: 5355K(5440K)->5355K(5440K) Class: 632K(704K)->632K(704K)
[2026-03-25T20:37:44.977+0900][13.059s][info][gc          ] GC(214) Pause Young (Normal) (G1 Evacuation Pause) 155M->13M(258M) 1.962ms
[2026-03-25T20:37:44.977+0900][13.059s][info][gc,cpu      ] GC(214) User=0.01s Sys=0.00s Real=0.00s
[2026-03-25T20:37:45.035+0900][13.117s][info][gc,start    ] GC(215) Pause Young (Normal) (G1 Evacuation Pause)
[2026-03-25T20:37:45.036+0900][13.117s][info][gc,task     ] GC(215) Using 6 workers of 9 for evacuation
[2026-03-25T20:37:45.037+0900][13.119s][info][gc,phases   ] GC(215)   Pre Evacuate Collection Set: 0.13ms
[2026-03-25T20:37:45.037+0900][13.119s][info][gc,phases   ] GC(215)   Merge Heap Roots: 0.07ms
[2026-03-25T20:37:45.037+0900][13.119s][info][gc,phases   ] GC(215)   Evacuate Collection Set: 1.19ms
[2026-03-25T20:37:45.037+0900][13.119s][info][gc,phases   ] GC(215)   Post Evacuate Collection Set: 0.18ms
[2026-03-25T20:37:45.037+0900][13.119s][info][gc,phases   ] GC(215)   Other: 0.12ms
[2026-03-25T20:37:45.037+0900][13.119s][info][gc,heap     ] GC(215) Eden regions: 143->0(143)
[2026-03-25T20:37:45.037+0900][13.119s][info][gc,heap     ] GC(215) Survivor regions: 10->10(20)
[2026-03-25T20:37:45.037+0900][13.119s][info][gc,heap     ] GC(215) Old regions: 5->5
[2026-03-25T20:37:45.037+0900][13.119s][info][gc,heap     ] GC(215) Humongous regions: 0->0
[2026-03-25T20:37:45.037+0900][13.119s][info][gc,metaspace] GC(215) Metaspace: 5988K(6144K)->5988K(6144K) NonClass: 5355K(5440K)->5355K(5440K) Class: 632K(704K)->632K(704K)
[2026-03-25T20:37:45.037+0900][13.119s][info][gc          ] GC(215) Pause Young (Normal) (G1 Evacuation Pause) 155M->13M(258M) 2.074ms
[2026-03-25T20:37:45.037+0900][13.119s][info][gc,cpu      ] GC(215) User=0.01s Sys=0.00s Real=0.00s
[2026-03-25T20:37:45.096+0900][13.178s][info][gc,start    ] GC(216) Pause Young (Normal) (G1 Evacuation Pause)
[2026-03-25T20:37:45.096+0900][13.178s][info][gc,task     ] GC(216) Using 6 workers of 9 for evacuation
[2026-03-25T20:37:45.098+0900][13.180s][info][gc,phases   ] GC(216)   Pre Evacuate Collection Set: 0.11ms
[2026-03-25T20:37:45.098+0900][13.180s][info][gc,phases   ] GC(216)   Merge Heap Roots: 0.06ms
[2026-03-25T20:37:45.098+0900][13.180s][info][gc,phases   ] GC(216)   Evacuate Collection Set: 1.19ms
[2026-03-25T20:37:45.098+0900][13.180s][info][gc,phases   ] GC(216)   Post Evacuate Collection Set: 0.21ms
[2026-03-25T20:37:45.098+0900][13.180s][info][gc,phases   ] GC(216)   Other: 0.12ms
[2026-03-25T20:37:45.098+0900][13.180s][info][gc,heap     ] GC(216) Eden regions: 143->0(143)
[2026-03-25T20:37:45.098+0900][13.180s][info][gc,heap     ] GC(216) Survivor regions: 10->10(20)
[2026-03-25T20:37:45.098+0900][13.180s][info][gc,heap     ] GC(216) Old regions: 5->5
[2026-03-25T20:37:45.098+0900][13.180s][info][gc,heap     ] GC(216) Humongous regions: 0->0
[2026-03-25T20:37:45.098+0900][13.180s][info][gc,metaspace] GC(216) Metaspace: 5988K(6144K)->5988K(6144K) NonClass: 5355K(5440K)->5355K(5440K) Class: 632K(704K)->632K(704K)
[2026-03-25T20:37:45.098+0900][13.180s][info][gc          ] GC(216) Pause Young (Normal) (G1 Evacuation Pause) 155M->13M(258M) 2.104ms
[2026-03-25T20:37:45.098+0900][13.180s][info][gc,cpu      ] GC(216) User=0.01s Sys=0.00s Real=0.00s
[2026-03-25T20:37:45.156+0900][13.238s][info][gc,start    ] GC(217) Pause Young (Normal) (G1 Evacuation Pause)
[2026-03-25T20:37:45.157+0900][13.238s][info][gc,task     ] GC(217) Using 6 workers of 9 for evacuation
[2026-03-25T20:37:45.158+0900][13.240s][info][gc,phases   ] GC(217)   Pre Evacuate Collection Set: 0.13ms
[2026-03-25T20:37:45.158+0900][13.240s][info][gc,phases   ] GC(217)   Merge Heap Roots: 0.08ms
[2026-03-25T20:37:45.158+0900][13.240s][info][gc,phases   ] GC(217)   Evacuate Collection Set: 1.22ms
[2026-03-25T20:37:45.158+0900][13.240s][info][gc,phases   ] GC(217)   Post Evacuate Collection Set: 0.18ms
[2026-03-25T20:37:45.158+0900][13.240s][info][gc,phases   ] GC(217)   Other: 0.12ms
[2026-03-25T20:37:45.158+0900][13.240s][info][gc,heap     ] GC(217) Eden regions: 143->0(143)
[2026-03-25T20:37:45.158+0900][13.240s][info][gc,heap     ] GC(217) Survivor regions: 10->10(20)
[2026-03-25T20:37:45.158+0900][13.240s][info][gc,heap     ] GC(217) Old regions: 5->5
[2026-03-25T20:37:45.158+0900][13.240s][info][gc,heap     ] GC(217) Humongous regions: 0->0
[2026-03-25T20:37:45.158+0900][13.240s][info][gc,metaspace] GC(217) Metaspace: 5988K(6144K)->5988K(6144K) NonClass: 5355K(5440K)->5355K(5440K) Class: 632K(704K)->632K(704K)
[2026-03-25T20:37:45.158+0900][13.240s][info][gc          ] GC(217) Pause Young (Normal) (G1 Evacuation Pause) 155M->13M(258M) 2.068ms
[2026-03-25T20:37:45.158+0900][13.240s][info][gc,cpu      ] GC(217) User=0.01s Sys=0.00s Real=0.00s
[2026-03-25T20:37:45.217+0900][13.299s][info][gc,start    ] GC(218) Pause Young (Normal) (G1 Evacuation Pause)
[2026-03-25T20:37:45.217+0900][13.299s][info][gc,task     ] GC(218) Using 6 workers of 9 for evacuation
[2026-03-25T20:37:45.219+0900][13.300s][info][gc,phases   ] GC(218)   Pre Evacuate Collection Set: 0.07ms
[2026-03-25T20:37:45.219+0900][13.301s][info][gc,phases   ] GC(218)   Merge Heap Roots: 0.04ms
[2026-03-25T20:37:45.219+0900][13.301s][info][gc,phases   ] GC(218)   Evacuate Collection Set: 1.28ms
[2026-03-25T20:37:45.219+0900][13.301s][info][gc,phases   ] GC(218)   Post Evacuate Collection Set: 0.20ms
[2026-03-25T20:37:45.219+0900][13.301s][info][gc,phases   ] GC(218)   Other: 0.08ms
[2026-03-25T20:37:45.219+0900][13.301s][info][gc,heap     ] GC(218) Eden regions: 143->0(143)
[2026-03-25T20:37:45.219+0900][13.301s][info][gc,heap     ] GC(218) Survivor regions: 10->10(20)
[2026-03-25T20:37:45.219+0900][13.301s][info][gc,heap     ] GC(218) Old regions: 5->5
[2026-03-25T20:37:45.219+0900][13.301s][info][gc,heap     ] GC(218) Humongous regions: 0->0
[2026-03-25T20:37:45.219+0900][13.301s][info][gc,metaspace] GC(218) Metaspace: 5988K(6144K)->5988K(6144K) NonClass: 5355K(5440K)->5355K(5440K) Class: 632K(704K)->632K(704K)
[2026-03-25T20:37:45.219+0900][13.301s][info][gc          ] GC(218) Pause Young (Normal) (G1 Evacuation Pause) 155M->13M(258M) 1.923ms
[2026-03-25T20:37:45.219+0900][13.301s][info][gc,cpu      ] GC(218) User=0.00s Sys=0.00s Real=0.00s
[2026-03-25T20:37:45.277+0900][13.358s][info][gc,start    ] GC(219) Pause Young (Normal) (G1 Evacuation Pause)
[2026-03-25T20:37:45.277+0900][13.358s][info][gc,task     ] GC(219) Using 6 workers of 9 for evacuation
[2026-03-25T20:37:45.278+0900][13.360s][info][gc,phases   ] GC(219)   Pre Evacuate Collection Set: 0.08ms
[2026-03-25T20:37:45.278+0900][13.360s][info][gc,phases   ] GC(219)   Merge Heap Roots: 0.04ms
[2026-03-25T20:37:45.278+0900][13.360s][info][gc,phases   ] GC(219)   Evacuate Collection Set: 1.24ms
[2026-03-25T20:37:45.278+0900][13.360s][info][gc,phases   ] GC(219)   Post Evacuate Collection Set: 0.15ms
[2026-03-25T20:37:45.278+0900][13.360s][info][gc,phases   ] GC(219)   Other: 0.10ms
[2026-03-25T20:37:45.278+0900][13.360s][info][gc,heap     ] GC(219) Eden regions: 143->0(143)
[2026-03-25T20:37:45.278+0900][13.360s][info][gc,heap     ] GC(219) Survivor regions: 10->10(20)
[2026-03-25T20:37:45.278+0900][13.360s][info][gc,heap     ] GC(219) Old regions: 5->5
[2026-03-25T20:37:45.278+0900][13.360s][info][gc,heap     ] GC(219) Humongous regions: 0->0
[2026-03-25T20:37:45.278+0900][13.360s][info][gc,metaspace] GC(219) Metaspace: 5988K(6144K)->5988K(6144K) NonClass: 5355K(5440K)->5355K(5440K) Class: 632K(704K)->632K(704K)
[2026-03-25T20:37:45.279+0900][13.360s][info][gc          ] GC(219) Pause Young (Normal) (G1 Evacuation Pause) 155M->13M(258M) 1.897ms
[2026-03-25T20:37:45.279+0900][13.360s][info][gc,cpu      ] GC(219) User=0.00s Sys=0.00s Real=0.00s
[2026-03-25T20:37:45.332+0900][13.414s][info][gc,start    ] GC(220) Pause Young (Normal) (G1 Evacuation Pause)
[2026-03-25T20:37:45.332+0900][13.414s][info][gc,task     ] GC(220) Using 6 workers of 9 for evacuation
[2026-03-25T20:37:45.334+0900][13.416s][info][gc,phases   ] GC(220)   Pre Evacuate Collection Set: 0.11ms
[2026-03-25T20:37:45.334+0900][13.416s][info][gc,phases   ] GC(220)   Merge Heap Roots: 0.08ms
[2026-03-25T20:37:45.334+0900][13.416s][info][gc,phases   ] GC(220)   Evacuate Collection Set: 1.19ms
[2026-03-25T20:37:45.334+0900][13.416s][info][gc,phases   ] GC(220)   Post Evacuate Collection Set: 0.17ms
[2026-03-25T20:37:45.334+0900][13.416s][info][gc,phases   ] GC(220)   Other: 0.11ms
[2026-03-25T20:37:45.334+0900][13.416s][info][gc,heap     ] GC(220) Eden regions: 143->0(143)
[2026-03-25T20:37:45.334+0900][13.416s][info][gc,heap     ] GC(220) Survivor regions: 10->10(20)
[2026-03-25T20:37:45.334+0900][13.416s][info][gc,heap     ] GC(220) Old regions: 5->5
[2026-03-25T20:37:45.334+0900][13.416s][info][gc,heap     ] GC(220) Humongous regions: 0->0
[2026-03-25T20:37:45.334+0900][13.416s][info][gc,metaspace] GC(220) Metaspace: 6010K(6208K)->6010K(6208K) NonClass: 5378K(5504K)->5378K(5504K) Class: 632K(704K)->632K(704K)
[2026-03-25T20:37:45.334+0900][13.416s][info][gc          ] GC(220) Pause Young (Normal) (G1 Evacuation Pause) 155M->13M(258M) 2.004ms
[2026-03-25T20:37:45.334+0900][13.416s][info][gc,cpu      ] GC(220) User=0.00s Sys=0.00s Real=0.00s
[2026-03-25T20:37:45.391+0900][13.473s][info][gc,start    ] GC(221) Pause Young (Normal) (G1 Evacuation Pause)
[2026-03-25T20:37:45.391+0900][13.473s][info][gc,task     ] GC(221) Using 6 workers of 9 for evacuation
[2026-03-25T20:37:45.393+0900][13.475s][info][gc,phases   ] GC(221)   Pre Evacuate Collection Set: 0.11ms
[2026-03-25T20:37:45.393+0900][13.475s][info][gc,phases   ] GC(221)   Merge Heap Roots: 0.08ms
[2026-03-25T20:37:45.393+0900][13.475s][info][gc,phases   ] GC(221)   Evacuate Collection Set: 1.30ms
[2026-03-25T20:37:45.393+0900][13.475s][info][gc,phases   ] GC(221)   Post Evacuate Collection Set: 0.21ms
[2026-03-25T20:37:45.393+0900][13.475s][info][gc,phases   ] GC(221)   Other: 0.12ms
[2026-03-25T20:37:45.393+0900][13.475s][info][gc,heap     ] GC(221) Eden regions: 143->0(143)
[2026-03-25T20:37:45.393+0900][13.475s][info][gc,heap     ] GC(221) Survivor regions: 10->10(20)
[2026-03-25T20:37:45.393+0900][13.475s][info][gc,heap     ] GC(221) Old regions: 5->5
[2026-03-25T20:37:45.393+0900][13.475s][info][gc,heap     ] GC(221) Humongous regions: 0->0
[2026-03-25T20:37:45.393+0900][13.475s][info][gc,metaspace] GC(221) Metaspace: 6010K(6208K)->6010K(6208K) NonClass: 5378K(5504K)->5378K(5504K) Class: 632K(704K)->632K(704K)
[2026-03-25T20:37:45.393+0900][13.475s][info][gc          ] GC(221) Pause Young (Normal) (G1 Evacuation Pause) 155M->13M(258M) 2.198ms
[2026-03-25T20:37:45.393+0900][13.475s][info][gc,cpu      ] GC(221) User=0.00s Sys=0.00s Real=0.00s
[2026-03-25T20:37:45.451+0900][13.533s][info][gc,start    ] GC(222) Pause Young (Normal) (G1 Evacuation Pause)
[2026-03-25T20:37:45.451+0900][13.533s][info][gc,task     ] GC(222) Using 6 workers of 9 for evacuation
[2026-03-25T20:37:45.453+0900][13.534s][info][gc,phases   ] GC(222)   Pre Evacuate Collection Set: 0.06ms
[2026-03-25T20:37:45.453+0900][13.534s][info][gc,phases   ] GC(222)   Merge Heap Roots: 0.03ms
[2026-03-25T20:37:45.453+0900][13.534s][info][gc,phases   ] GC(222)   Evacuate Collection Set: 1.30ms
[2026-03-25T20:37:45.453+0900][13.534s][info][gc,phases   ] GC(222)   Post Evacuate Collection Set: 0.15ms
[2026-03-25T20:37:45.453+0900][13.534s][info][gc,phases   ] GC(222)   Other: 0.08ms
[2026-03-25T20:37:45.453+0900][13.534s][info][gc,heap     ] GC(222) Eden regions: 143->0(143)
[2026-03-25T20:37:45.453+0900][13.534s][info][gc,heap     ] GC(222) Survivor regions: 10->10(20)
[2026-03-25T20:37:45.453+0900][13.534s][info][gc,heap     ] GC(222) Old regions: 5->5
[2026-03-25T20:37:45.453+0900][13.534s][info][gc,heap     ] GC(222) Humongous regions: 0->0
[2026-03-25T20:37:45.453+0900][13.534s][info][gc,metaspace] GC(222) Metaspace: 6010K(6208K)->6010K(6208K) NonClass: 5378K(5504K)->5378K(5504K) Class: 632K(704K)->632K(704K)
[2026-03-25T20:37:45.453+0900][13.534s][info][gc          ] GC(222) Pause Young (Normal) (G1 Evacuation Pause) 155M->13M(258M) 1.864ms
[2026-03-25T20:37:45.453+0900][13.534s][info][gc,cpu      ] GC(222) User=0.01s Sys=0.00s Real=0.00s
[2026-03-25T20:37:45.508+0900][13.589s][info][gc,start    ] GC(223) Pause Young (Normal) (G1 Evacuation Pause)
[2026-03-25T20:37:45.508+0900][13.589s][info][gc,task     ] GC(223) Using 6 workers of 9 for evacuation
[2026-03-25T20:37:45.509+0900][13.591s][info][gc,phases   ] GC(223)   Pre Evacuate Collection Set: 0.12ms
[2026-03-25T20:37:45.509+0900][13.591s][info][gc,phases   ] GC(223)   Merge Heap Roots: 0.07ms
[2026-03-25T20:37:45.509+0900][13.591s][info][gc,phases   ] GC(223)   Evacuate Collection Set: 0.86ms
[2026-03-25T20:37:45.509+0900][13.591s][info][gc,phases   ] GC(223)   Post Evacuate Collection Set: 0.15ms
[2026-03-25T20:37:45.509+0900][13.591s][info][gc,phases   ] GC(223)   Other: 0.10ms
[2026-03-25T20:37:45.509+0900][13.591s][info][gc,heap     ] GC(223) Eden regions: 143->0(143)
[2026-03-25T20:37:45.509+0900][13.591s][info][gc,heap     ] GC(223) Survivor regions: 10->10(20)
[2026-03-25T20:37:45.509+0900][13.591s][info][gc,heap     ] GC(223) Old regions: 5->5
[2026-03-25T20:37:45.509+0900][13.591s][info][gc,heap     ] GC(223) Humongous regions: 0->0
[2026-03-25T20:37:45.509+0900][13.591s][info][gc,metaspace] GC(223) Metaspace: 6010K(6208K)->6010K(6208K) NonClass: 5378K(5504K)->5378K(5504K) Class: 632K(704K)->632K(704K)
[2026-03-25T20:37:45.509+0900][13.591s][info][gc          ] GC(223) Pause Young (Normal) (G1 Evacuation Pause) 155M->13M(258M) 1.563ms
[2026-03-25T20:37:45.509+0900][13.591s][info][gc,cpu      ] GC(223) User=0.00s Sys=0.00s Real=0.00s
[2026-03-25T20:37:45.565+0900][13.647s][info][gc,start    ] GC(224) Pause Young (Normal) (G1 Evacuation Pause)
[2026-03-25T20:37:45.565+0900][13.647s][info][gc,task     ] GC(224) Using 6 workers of 9 for evacuation
[2026-03-25T20:37:45.566+0900][13.648s][info][gc,phases   ] GC(224)   Pre Evacuate Collection Set: 0.06ms
[2026-03-25T20:37:45.567+0900][13.648s][info][gc,phases   ] GC(224)   Merge Heap Roots: 0.03ms
[2026-03-25T20:37:45.567+0900][13.648s][info][gc,phases   ] GC(224)   Evacuate Collection Set: 0.77ms
[2026-03-25T20:37:45.567+0900][13.648s][info][gc,phases   ] GC(224)   Post Evacuate Collection Set: 0.16ms
[2026-03-25T20:37:45.567+0900][13.648s][info][gc,phases   ] GC(224)   Other: 0.09ms
[2026-03-25T20:37:45.567+0900][13.648s][info][gc,heap     ] GC(224) Eden regions: 143->0(143)
[2026-03-25T20:37:45.567+0900][13.648s][info][gc,heap     ] GC(224) Survivor regions: 10->10(20)
[2026-03-25T20:37:45.567+0900][13.648s][info][gc,heap     ] GC(224) Old regions: 5->5
[2026-03-25T20:37:45.567+0900][13.648s][info][gc,heap     ] GC(224) Humongous regions: 0->0
[2026-03-25T20:37:45.567+0900][13.648s][info][gc,metaspace] GC(224) Metaspace: 6010K(6208K)->6010K(6208K) NonClass: 5378K(5504K)->5378K(5504K) Class: 632K(704K)->632K(704K)
[2026-03-25T20:37:45.567+0900][13.648s][info][gc          ] GC(224) Pause Young (Normal) (G1 Evacuation Pause) 155M->13M(258M) 1.487ms
[2026-03-25T20:37:45.567+0900][13.648s][info][gc,cpu      ] GC(224) User=0.00s Sys=0.00s Real=0.00s
[2026-03-25T20:37:45.625+0900][13.707s][info][gc,start    ] GC(225) Pause Young (Normal) (G1 Evacuation Pause)
[2026-03-25T20:37:45.625+0900][13.707s][info][gc,task     ] GC(225) Using 6 workers of 9 for evacuation
[2026-03-25T20:37:45.627+0900][13.708s][info][gc,phases   ] GC(225)   Pre Evacuate Collection Set: 0.08ms
[2026-03-25T20:37:45.627+0900][13.708s][info][gc,phases   ] GC(225)   Merge Heap Roots: 0.05ms
[2026-03-25T20:37:45.627+0900][13.708s][info][gc,phases   ] GC(225)   Evacuate Collection Set: 1.09ms
[2026-03-25T20:37:45.627+0900][13.708s][info][gc,phases   ] GC(225)   Post Evacuate Collection Set: 0.16ms
[2026-03-25T20:37:45.627+0900][13.708s][info][gc,phases   ] GC(225)   Other: 0.09ms
[2026-03-25T20:37:45.627+0900][13.708s][info][gc,heap     ] GC(225) Eden regions: 143->0(143)
[2026-03-25T20:37:45.627+0900][13.708s][info][gc,heap     ] GC(225) Survivor regions: 10->10(20)
[2026-03-25T20:37:45.627+0900][13.708s][info][gc,heap     ] GC(225) Old regions: 5->5
[2026-03-25T20:37:45.627+0900][13.708s][info][gc,heap     ] GC(225) Humongous regions: 0->0
[2026-03-25T20:37:45.627+0900][13.708s][info][gc,metaspace] GC(225) Metaspace: 6010K(6208K)->6010K(6208K) NonClass: 5378K(5504K)->5378K(5504K) Class: 632K(704K)->632K(704K)
[2026-03-25T20:37:45.627+0900][13.708s][info][gc          ] GC(225) Pause Young (Normal) (G1 Evacuation Pause) 155M->13M(258M) 1.769ms
[2026-03-25T20:37:45.627+0900][13.708s][info][gc,cpu      ] GC(225) User=0.01s Sys=0.00s Real=0.00s
[2026-03-25T20:37:45.686+0900][13.767s][info][gc,start    ] GC(226) Pause Young (Normal) (G1 Evacuation Pause)
[2026-03-25T20:37:45.686+0900][13.767s][info][gc,task     ] GC(226) Using 6 workers of 9 for evacuation
[2026-03-25T20:37:45.687+0900][13.769s][info][gc,phases   ] GC(226)   Pre Evacuate Collection Set: 0.11ms
[2026-03-25T20:37:45.687+0900][13.769s][info][gc,phases   ] GC(226)   Merge Heap Roots: 0.06ms
[2026-03-25T20:37:45.687+0900][13.769s][info][gc,phases   ] GC(226)   Evacuate Collection Set: 1.11ms
[2026-03-25T20:37:45.687+0900][13.769s][info][gc,phases   ] GC(226)   Post Evacuate Collection Set: 0.18ms
[2026-03-25T20:37:45.687+0900][13.769s][info][gc,phases   ] GC(226)   Other: 0.13ms
[2026-03-25T20:37:45.687+0900][13.769s][info][gc,heap     ] GC(226) Eden regions: 143->0(143)
[2026-03-25T20:37:45.687+0900][13.769s][info][gc,heap     ] GC(226) Survivor regions: 10->10(20)
[2026-03-25T20:37:45.687+0900][13.769s][info][gc,heap     ] GC(226) Old regions: 5->5
[2026-03-25T20:37:45.687+0900][13.769s][info][gc,heap     ] GC(226) Humongous regions: 0->0
[2026-03-25T20:37:45.687+0900][13.769s][info][gc,metaspace] GC(226) Metaspace: 6010K(6208K)->6010K(6208K) NonClass: 5378K(5504K)->5378K(5504K) Class: 632K(704K)->632K(704K)
[2026-03-25T20:37:45.687+0900][13.769s][info][gc          ] GC(226) Pause Young (Normal) (G1 Evacuation Pause) 155M->13M(258M) 1.923ms
[2026-03-25T20:37:45.687+0900][13.769s][info][gc,cpu      ] GC(226) User=0.01s Sys=0.00s Real=0.00s
[2026-03-25T20:37:45.744+0900][13.826s][info][gc,start    ] GC(227) Pause Young (Normal) (G1 Evacuation Pause)
[2026-03-25T20:37:45.744+0900][13.826s][info][gc,task     ] GC(227) Using 6 workers of 9 for evacuation
[2026-03-25T20:37:45.746+0900][13.827s][info][gc,phases   ] GC(227)   Pre Evacuate Collection Set: 0.10ms
[2026-03-25T20:37:45.746+0900][13.827s][info][gc,phases   ] GC(227)   Merge Heap Roots: 0.06ms
[2026-03-25T20:37:45.746+0900][13.827s][info][gc,phases   ] GC(227)   Evacuate Collection Set: 1.05ms
[2026-03-25T20:37:45.746+0900][13.827s][info][gc,phases   ] GC(227)   Post Evacuate Collection Set: 0.18ms
[2026-03-25T20:37:45.746+0900][13.827s][info][gc,phases   ] GC(227)   Other: 0.11ms
[2026-03-25T20:37:45.746+0900][13.827s][info][gc,heap     ] GC(227) Eden regions: 143->0(143)
[2026-03-25T20:37:45.746+0900][13.827s][info][gc,heap     ] GC(227) Survivor regions: 10->10(20)
[2026-03-25T20:37:45.746+0900][13.827s][info][gc,heap     ] GC(227) Old regions: 5->5
[2026-03-25T20:37:45.746+0900][13.827s][info][gc,heap     ] GC(227) Humongous regions: 0->0
[2026-03-25T20:37:45.746+0900][13.827s][info][gc,metaspace] GC(227) Metaspace: 6010K(6208K)->6010K(6208K) NonClass: 5378K(5504K)->5378K(5504K) Class: 632K(704K)->632K(704K)
[2026-03-25T20:37:45.746+0900][13.827s][info][gc          ] GC(227) Pause Young (Normal) (G1 Evacuation Pause) 155M->13M(258M) 1.800ms
[2026-03-25T20:37:45.746+0900][13.827s][info][gc,cpu      ] GC(227) User=0.01s Sys=0.00s Real=0.00s
[2026-03-25T20:37:45.804+0900][13.886s][info][gc,start    ] GC(228) Pause Young (Normal) (G1 Evacuation Pause)
[2026-03-25T20:37:45.805+0900][13.886s][info][gc,task     ] GC(228) Using 6 workers of 9 for evacuation
[2026-03-25T20:37:45.806+0900][13.888s][info][gc,phases   ] GC(228)   Pre Evacuate Collection Set: 0.12ms
[2026-03-25T20:37:45.806+0900][13.888s][info][gc,phases   ] GC(228)   Merge Heap Roots: 0.06ms
[2026-03-25T20:37:45.806+0900][13.888s][info][gc,phases   ] GC(228)   Evacuate Collection Set: 1.08ms
[2026-03-25T20:37:45.806+0900][13.888s][info][gc,phases   ] GC(228)   Post Evacuate Collection Set: 0.16ms
[2026-03-25T20:37:45.806+0900][13.888s][info][gc,phases   ] GC(228)   Other: 0.10ms
[2026-03-25T20:37:45.806+0900][13.888s][info][gc,heap     ] GC(228) Eden regions: 143->0(143)
[2026-03-25T20:37:45.806+0900][13.888s][info][gc,heap     ] GC(228) Survivor regions: 10->10(20)
[2026-03-25T20:37:45.806+0900][13.888s][info][gc,heap     ] GC(228) Old regions: 5->5
[2026-03-25T20:37:45.806+0900][13.888s][info][gc,heap     ] GC(228) Humongous regions: 0->0
[2026-03-25T20:37:45.806+0900][13.888s][info][gc,metaspace] GC(228) Metaspace: 6010K(6208K)->6010K(6208K) NonClass: 5378K(5504K)->5378K(5504K) Class: 632K(704K)->632K(704K)
[2026-03-25T20:37:45.806+0900][13.888s][info][gc          ] GC(228) Pause Young (Normal) (G1 Evacuation Pause) 155M->13M(258M) 1.850ms
[2026-03-25T20:37:45.806+0900][13.888s][info][gc,cpu      ] GC(228) User=0.01s Sys=0.00s Real=0.00s
[2026-03-25T20:37:45.865+0900][13.947s][info][gc,start    ] GC(229) Pause Young (Normal) (G1 Evacuation Pause)
[2026-03-25T20:37:45.865+0900][13.947s][info][gc,task     ] GC(229) Using 6 workers of 9 for evacuation
[2026-03-25T20:37:45.867+0900][13.948s][info][gc,phases   ] GC(229)   Pre Evacuate Collection Set: 0.11ms
[2026-03-25T20:37:45.867+0900][13.948s][info][gc,phases   ] GC(229)   Merge Heap Roots: 0.06ms
[2026-03-25T20:37:45.867+0900][13.948s][info][gc,phases   ] GC(229)   Evacuate Collection Set: 1.18ms
[2026-03-25T20:37:45.867+0900][13.948s][info][gc,phases   ] GC(229)   Post Evacuate Collection Set: 0.15ms
[2026-03-25T20:37:45.867+0900][13.948s][info][gc,phases   ] GC(229)   Other: 0.11ms
[2026-03-25T20:37:45.867+0900][13.948s][info][gc,heap     ] GC(229) Eden regions: 143->0(143)
[2026-03-25T20:37:45.867+0900][13.948s][info][gc,heap     ] GC(229) Survivor regions: 10->10(20)
[2026-03-25T20:37:45.867+0900][13.948s][info][gc,heap     ] GC(229) Old regions: 5->5
[2026-03-25T20:37:45.867+0900][13.948s][info][gc,heap     ] GC(229) Humongous regions: 0->0
[2026-03-25T20:37:45.867+0900][13.948s][info][gc,metaspace] GC(229) Metaspace: 6010K(6208K)->6010K(6208K) NonClass: 5378K(5504K)->5378K(5504K) Class: 632K(704K)->632K(704K)
[2026-03-25T20:37:45.867+0900][13.948s][info][gc          ] GC(229) Pause Young (Normal) (G1 Evacuation Pause) 155M->13M(258M) 1.935ms
[2026-03-25T20:37:45.867+0900][13.948s][info][gc,cpu      ] GC(229) User=0.01s Sys=0.00s Real=0.00s
[2026-03-25T20:37:45.922+0900][14.004s][info][gc,start    ] GC(230) Pause Young (Normal) (G1 Evacuation Pause)
[2026-03-25T20:37:45.922+0900][14.004s][info][gc,task     ] GC(230) Using 6 workers of 9 for evacuation
[2026-03-25T20:37:45.924+0900][14.005s][info][gc,phases   ] GC(230)   Pre Evacuate Collection Set: 0.08ms
[2026-03-25T20:37:45.924+0900][14.005s][info][gc,phases   ] GC(230)   Merge Heap Roots: 0.08ms
[2026-03-25T20:37:45.924+0900][14.005s][info][gc,phases   ] GC(230)   Evacuate Collection Set: 1.24ms
[2026-03-25T20:37:45.924+0900][14.005s][info][gc,phases   ] GC(230)   Post Evacuate Collection Set: 0.19ms
[2026-03-25T20:37:45.924+0900][14.005s][info][gc,phases   ] GC(230)   Other: 0.10ms
[2026-03-25T20:37:45.924+0900][14.006s][info][gc,heap     ] GC(230) Eden regions: 143->0(143)
[2026-03-25T20:37:45.924+0900][14.006s][info][gc,heap     ] GC(230) Survivor regions: 10->10(20)
[2026-03-25T20:37:45.924+0900][14.006s][info][gc,heap     ] GC(230) Old regions: 5->5
[2026-03-25T20:37:45.924+0900][14.006s][info][gc,heap     ] GC(230) Humongous regions: 0->0
[2026-03-25T20:37:45.924+0900][14.006s][info][gc,metaspace] GC(230) Metaspace: 6010K(6208K)->6010K(6208K) NonClass: 5378K(5504K)->5378K(5504K) Class: 632K(704K)->632K(704K)
[2026-03-25T20:37:45.924+0900][14.006s][info][gc          ] GC(230) Pause Young (Normal) (G1 Evacuation Pause) 155M->13M(258M) 1.980ms
[2026-03-25T20:37:45.924+0900][14.006s][info][gc,cpu      ] GC(230) User=0.01s Sys=0.00s Real=0.00s
[2026-03-25T20:37:45.983+0900][14.064s][info][gc,start    ] GC(231) Pause Young (Normal) (G1 Evacuation Pause)
[2026-03-25T20:37:45.983+0900][14.064s][info][gc,task     ] GC(231) Using 6 workers of 9 for evacuation
[2026-03-25T20:37:45.984+0900][14.066s][info][gc,phases   ] GC(231)   Pre Evacuate Collection Set: 0.07ms
[2026-03-25T20:37:45.984+0900][14.066s][info][gc,phases   ] GC(231)   Merge Heap Roots: 0.05ms
[2026-03-25T20:37:45.984+0900][14.066s][info][gc,phases   ] GC(231)   Evacuate Collection Set: 1.03ms
[2026-03-25T20:37:45.984+0900][14.066s][info][gc,phases   ] GC(231)   Post Evacuate Collection Set: 0.17ms
[2026-03-25T20:37:45.984+0900][14.066s][info][gc,phases   ] GC(231)   Other: 0.09ms
[2026-03-25T20:37:45.984+0900][14.066s][info][gc,heap     ] GC(231) Eden regions: 143->0(142)
[2026-03-25T20:37:45.984+0900][14.066s][info][gc,heap     ] GC(231) Survivor regions: 10->11(20)
[2026-03-25T20:37:45.984+0900][14.066s][info][gc,heap     ] GC(231) Old regions: 5->5
[2026-03-25T20:37:45.984+0900][14.066s][info][gc,heap     ] GC(231) Humongous regions: 0->0
[2026-03-25T20:37:45.984+0900][14.066s][info][gc,metaspace] GC(231) Metaspace: 6010K(6208K)->6010K(6208K) NonClass: 5378K(5504K)->5378K(5504K) Class: 632K(704K)->632K(704K)
[2026-03-25T20:37:45.984+0900][14.066s][info][gc          ] GC(231) Pause Young (Normal) (G1 Evacuation Pause) 155M->13M(258M) 1.716ms
[2026-03-25T20:37:45.984+0900][14.066s][info][gc,cpu      ] GC(231) User=0.00s Sys=0.00s Real=0.00s
[2026-03-25T20:37:46.044+0900][14.125s][info][gc,start    ] GC(232) Pause Young (Normal) (G1 Evacuation Pause)
[2026-03-25T20:37:46.044+0900][14.125s][info][gc,task     ] GC(232) Using 6 workers of 9 for evacuation
[2026-03-25T20:37:46.045+0900][14.127s][info][gc,phases   ] GC(232)   Pre Evacuate Collection Set: 0.08ms
[2026-03-25T20:37:46.045+0900][14.127s][info][gc,phases   ] GC(232)   Merge Heap Roots: 0.04ms
[2026-03-25T20:37:46.045+0900][14.127s][info][gc,phases   ] GC(232)   Evacuate Collection Set: 1.25ms
[2026-03-25T20:37:46.045+0900][14.127s][info][gc,phases   ] GC(232)   Post Evacuate Collection Set: 0.16ms
[2026-03-25T20:37:46.045+0900][14.127s][info][gc,phases   ] GC(232)   Other: 0.09ms
[2026-03-25T20:37:46.046+0900][14.127s][info][gc,heap     ] GC(232) Eden regions: 142->0(143)
[2026-03-25T20:37:46.046+0900][14.127s][info][gc,heap     ] GC(232) Survivor regions: 11->10(20)
[2026-03-25T20:37:46.046+0900][14.127s][info][gc,heap     ] GC(232) Old regions: 5->5
[2026-03-25T20:37:46.046+0900][14.127s][info][gc,heap     ] GC(232) Humongous regions: 0->0
[2026-03-25T20:37:46.046+0900][14.127s][info][gc,metaspace] GC(232) Metaspace: 6010K(6208K)->6010K(6208K) NonClass: 5378K(5504K)->5378K(5504K) Class: 632K(704K)->632K(704K)
[2026-03-25T20:37:46.046+0900][14.127s][info][gc          ] GC(232) Pause Young (Normal) (G1 Evacuation Pause) 155M->13M(258M) 1.919ms
[2026-03-25T20:37:46.046+0900][14.127s][info][gc,cpu      ] GC(232) User=0.00s Sys=0.00s Real=0.00s
[2026-03-25T20:37:46.100+0900][14.182s][info][gc,start    ] GC(233) Pause Young (Normal) (G1 Evacuation Pause)
[2026-03-25T20:37:46.100+0900][14.182s][info][gc,task     ] GC(233) Using 6 workers of 9 for evacuation
[2026-03-25T20:37:46.102+0900][14.183s][info][gc,phases   ] GC(233)   Pre Evacuate Collection Set: 0.07ms
[2026-03-25T20:37:46.102+0900][14.183s][info][gc,phases   ] GC(233)   Merge Heap Roots: 0.04ms
[2026-03-25T20:37:46.102+0900][14.183s][info][gc,phases   ] GC(233)   Evacuate Collection Set: 1.09ms
[2026-03-25T20:37:46.102+0900][14.183s][info][gc,phases   ] GC(233)   Post Evacuate Collection Set: 0.19ms
[2026-03-25T20:37:46.102+0900][14.183s][info][gc,phases   ] GC(233)   Other: 0.09ms
[2026-03-25T20:37:46.102+0900][14.183s][info][gc,heap     ] GC(233) Eden regions: 143->0(143)
[2026-03-25T20:37:46.102+0900][14.183s][info][gc,heap     ] GC(233) Survivor regions: 10->10(20)
[2026-03-25T20:37:46.102+0900][14.183s][info][gc,heap     ] GC(233) Old regions: 5->5
[2026-03-25T20:37:46.102+0900][14.183s][info][gc,heap     ] GC(233) Humongous regions: 0->0
[2026-03-25T20:37:46.102+0900][14.183s][info][gc,metaspace] GC(233) Metaspace: 6010K(6208K)->6010K(6208K) NonClass: 5378K(5504K)->5378K(5504K) Class: 632K(704K)->632K(704K)
[2026-03-25T20:37:46.102+0900][14.183s][info][gc          ] GC(233) Pause Young (Normal) (G1 Evacuation Pause) 155M->13M(258M) 1.798ms
[2026-03-25T20:37:46.102+0900][14.183s][info][gc,cpu      ] GC(233) User=0.00s Sys=0.00s Real=0.00s
[2026-03-25T20:37:46.161+0900][14.242s][info][gc,start    ] GC(234) Pause Young (Normal) (G1 Evacuation Pause)
[2026-03-25T20:37:46.161+0900][14.242s][info][gc,task     ] GC(234) Using 6 workers of 9 for evacuation
[2026-03-25T20:37:46.162+0900][14.244s][info][gc,phases   ] GC(234)   Pre Evacuate Collection Set: 0.07ms
[2026-03-25T20:37:46.162+0900][14.244s][info][gc,phases   ] GC(234)   Merge Heap Roots: 0.05ms
[2026-03-25T20:37:46.162+0900][14.244s][info][gc,phases   ] GC(234)   Evacuate Collection Set: 0.96ms
[2026-03-25T20:37:46.162+0900][14.244s][info][gc,phases   ] GC(234)   Post Evacuate Collection Set: 0.26ms
[2026-03-25T20:37:46.162+0900][14.244s][info][gc,phases   ] GC(234)   Other: 0.10ms
[2026-03-25T20:37:46.162+0900][14.244s][info][gc,heap     ] GC(234) Eden regions: 143->0(143)
[2026-03-25T20:37:46.162+0900][14.244s][info][gc,heap     ] GC(234) Survivor regions: 10->10(20)
[2026-03-25T20:37:46.162+0900][14.244s][info][gc,heap     ] GC(234) Old regions: 5->5
[2026-03-25T20:37:46.162+0900][14.244s][info][gc,heap     ] GC(234) Humongous regions: 0->0
[2026-03-25T20:37:46.162+0900][14.244s][info][gc,metaspace] GC(234) Metaspace: 6010K(6208K)->6010K(6208K) NonClass: 5378K(5504K)->5378K(5504K) Class: 632K(704K)->632K(704K)
[2026-03-25T20:37:46.162+0900][14.244s][info][gc          ] GC(234) Pause Young (Normal) (G1 Evacuation Pause) 155M->13M(258M) 1.778ms
[2026-03-25T20:37:46.162+0900][14.244s][info][gc,cpu      ] GC(234) User=0.00s Sys=0.00s Real=0.00s
[2026-03-25T20:37:46.217+0900][14.298s][info][gc,start    ] GC(235) Pause Young (Normal) (G1 Evacuation Pause)
[2026-03-25T20:37:46.217+0900][14.298s][info][gc,task     ] GC(235) Using 6 workers of 9 for evacuation
[2026-03-25T20:37:46.219+0900][14.300s][info][gc,phases   ] GC(235)   Pre Evacuate Collection Set: 0.11ms
[2026-03-25T20:37:46.219+0900][14.300s][info][gc,phases   ] GC(235)   Merge Heap Roots: 0.07ms
[2026-03-25T20:37:46.219+0900][14.300s][info][gc,phases   ] GC(235)   Evacuate Collection Set: 1.14ms
[2026-03-25T20:37:46.219+0900][14.300s][info][gc,phases   ] GC(235)   Post Evacuate Collection Set: 0.17ms
[2026-03-25T20:37:46.219+0900][14.300s][info][gc,phases   ] GC(235)   Other: 0.12ms
[2026-03-25T20:37:46.219+0900][14.300s][info][gc,heap     ] GC(235) Eden regions: 143->0(143)
[2026-03-25T20:37:46.219+0900][14.300s][info][gc,heap     ] GC(235) Survivor regions: 10->10(20)
[2026-03-25T20:37:46.219+0900][14.300s][info][gc,heap     ] GC(235) Old regions: 5->5
[2026-03-25T20:37:46.219+0900][14.300s][info][gc,heap     ] GC(235) Humongous regions: 0->0
[2026-03-25T20:37:46.219+0900][14.300s][info][gc,metaspace] GC(235) Metaspace: 6010K(6208K)->6010K(6208K) NonClass: 5378K(5504K)->5378K(5504K) Class: 632K(704K)->632K(704K)
[2026-03-25T20:37:46.219+0900][14.300s][info][gc          ] GC(235) Pause Young (Normal) (G1 Evacuation Pause) 155M->13M(258M) 1.956ms
[2026-03-25T20:37:46.219+0900][14.300s][info][gc,cpu      ] GC(235) User=0.01s Sys=0.00s Real=0.00s
[2026-03-25T20:37:46.276+0900][14.357s][info][gc,start    ] GC(236) Pause Young (Normal) (G1 Evacuation Pause)
[2026-03-25T20:37:46.276+0900][14.357s][info][gc,task     ] GC(236) Using 6 workers of 9 for evacuation
[2026-03-25T20:37:46.278+0900][14.359s][info][gc,phases   ] GC(236)   Pre Evacuate Collection Set: 0.10ms
[2026-03-25T20:37:46.278+0900][14.359s][info][gc,phases   ] GC(236)   Merge Heap Roots: 0.07ms
[2026-03-25T20:37:46.278+0900][14.359s][info][gc,phases   ] GC(236)   Evacuate Collection Set: 1.12ms
[2026-03-25T20:37:46.278+0900][14.359s][info][gc,phases   ] GC(236)   Post Evacuate Collection Set: 0.16ms
[2026-03-25T20:37:46.278+0900][14.359s][info][gc,phases   ] GC(236)   Other: 0.11ms
[2026-03-25T20:37:46.278+0900][14.359s][info][gc,heap     ] GC(236) Eden regions: 143->0(143)
[2026-03-25T20:37:46.278+0900][14.359s][info][gc,heap     ] GC(236) Survivor regions: 10->10(20)
[2026-03-25T20:37:46.278+0900][14.359s][info][gc,heap     ] GC(236) Old regions: 5->5
[2026-03-25T20:37:46.278+0900][14.359s][info][gc,heap     ] GC(236) Humongous regions: 0->0
[2026-03-25T20:37:46.278+0900][14.359s][info][gc,metaspace] GC(236) Metaspace: 6010K(6208K)->6010K(6208K) NonClass: 5378K(5504K)->5378K(5504K) Class: 632K(704K)->632K(704K)
[2026-03-25T20:37:46.278+0900][14.359s][info][gc          ] GC(236) Pause Young (Normal) (G1 Evacuation Pause) 155M->13M(258M) 1.839ms
[2026-03-25T20:37:46.278+0900][14.359s][info][gc,cpu      ] GC(236) User=0.01s Sys=0.00s Real=0.00s
[2026-03-25T20:37:46.336+0900][14.417s][info][gc,start    ] GC(237) Pause Young (Normal) (G1 Evacuation Pause)
[2026-03-25T20:37:46.336+0900][14.417s][info][gc,task     ] GC(237) Using 6 workers of 9 for evacuation
[2026-03-25T20:37:46.337+0900][14.419s][info][gc,phases   ] GC(237)   Pre Evacuate Collection Set: 0.09ms
[2026-03-25T20:37:46.337+0900][14.419s][info][gc,phases   ] GC(237)   Merge Heap Roots: 0.05ms
[2026-03-25T20:37:46.337+0900][14.419s][info][gc,phases   ] GC(237)   Evacuate Collection Set: 1.09ms
[2026-03-25T20:37:46.337+0900][14.419s][info][gc,phases   ] GC(237)   Post Evacuate Collection Set: 0.15ms
[2026-03-25T20:37:46.337+0900][14.419s][info][gc,phases   ] GC(237)   Other: 0.09ms
[2026-03-25T20:37:46.337+0900][14.419s][info][gc,heap     ] GC(237) Eden regions: 143->0(143)
[2026-03-25T20:37:46.337+0900][14.419s][info][gc,heap     ] GC(237) Survivor regions: 10->10(20)
[2026-03-25T20:37:46.337+0900][14.419s][info][gc,heap     ] GC(237) Old regions: 5->5
[2026-03-25T20:37:46.337+0900][14.419s][info][gc,heap     ] GC(237) Humongous regions: 0->0
[2026-03-25T20:37:46.337+0900][14.419s][info][gc,metaspace] GC(237) Metaspace: 6021K(6208K)->6021K(6208K) NonClass: 5389K(5504K)->5389K(5504K) Class: 632K(704K)->632K(704K)
[2026-03-25T20:37:46.337+0900][14.419s][info][gc          ] GC(237) Pause Young (Normal) (G1 Evacuation Pause) 155M->13M(258M) 1.761ms
[2026-03-25T20:37:46.337+0900][14.419s][info][gc,cpu      ] GC(237) User=0.00s Sys=0.00s Real=0.00s
[2026-03-25T20:37:46.394+0900][14.475s][info][gc,start    ] GC(238) Pause Young (Normal) (G1 Evacuation Pause)
[2026-03-25T20:37:46.394+0900][14.475s][info][gc,task     ] GC(238) Using 6 workers of 9 for evacuation
[2026-03-25T20:37:46.395+0900][14.477s][info][gc,phases   ] GC(238)   Pre Evacuate Collection Set: 0.08ms
[2026-03-25T20:37:46.395+0900][14.477s][info][gc,phases   ] GC(238)   Merge Heap Roots: 0.05ms
[2026-03-25T20:37:46.395+0900][14.477s][info][gc,phases   ] GC(238)   Evacuate Collection Set: 1.03ms
[2026-03-25T20:37:46.395+0900][14.477s][info][gc,phases   ] GC(238)   Post Evacuate Collection Set: 0.16ms
[2026-03-25T20:37:46.395+0900][14.477s][info][gc,phases   ] GC(238)   Other: 0.08ms
[2026-03-25T20:37:46.395+0900][14.477s][info][gc,heap     ] GC(238) Eden regions: 143->0(143)
[2026-03-25T20:37:46.395+0900][14.477s][info][gc,heap     ] GC(238) Survivor regions: 10->10(20)
[2026-03-25T20:37:46.395+0900][14.477s][info][gc,heap     ] GC(238) Old regions: 5->5
[2026-03-25T20:37:46.395+0900][14.477s][info][gc,heap     ] GC(238) Humongous regions: 0->0
[2026-03-25T20:37:46.395+0900][14.477s][info][gc,metaspace] GC(238) Metaspace: 6021K(6208K)->6021K(6208K) NonClass: 5389K(5504K)->5389K(5504K) Class: 632K(704K)->632K(704K)
[2026-03-25T20:37:46.395+0900][14.477s][info][gc          ] GC(238) Pause Young (Normal) (G1 Evacuation Pause) 155M->13M(258M) 1.677ms
[2026-03-25T20:37:46.395+0900][14.477s][info][gc,cpu      ] GC(238) User=0.00s Sys=0.00s Real=0.00s
[2026-03-25T20:37:46.454+0900][14.536s][info][gc,start    ] GC(239) Pause Young (Normal) (G1 Evacuation Pause)
[2026-03-25T20:37:46.454+0900][14.536s][info][gc,task     ] GC(239) Using 6 workers of 9 for evacuation
[2026-03-25T20:37:46.456+0900][14.537s][info][gc,phases   ] GC(239)   Pre Evacuate Collection Set: 0.10ms
[2026-03-25T20:37:46.456+0900][14.537s][info][gc,phases   ] GC(239)   Merge Heap Roots: 0.07ms
[2026-03-25T20:37:46.456+0900][14.537s][info][gc,phases   ] GC(239)   Evacuate Collection Set: 1.00ms
[2026-03-25T20:37:46.456+0900][14.537s][info][gc,phases   ] GC(239)   Post Evacuate Collection Set: 0.16ms
[2026-03-25T20:37:46.456+0900][14.537s][info][gc,phases   ] GC(239)   Other: 0.10ms
[2026-03-25T20:37:46.456+0900][14.537s][info][gc,heap     ] GC(239) Eden regions: 143->0(143)
[2026-03-25T20:37:46.456+0900][14.537s][info][gc,heap     ] GC(239) Survivor regions: 10->10(20)
[2026-03-25T20:37:46.456+0900][14.537s][info][gc,heap     ] GC(239) Old regions: 5->5
[2026-03-25T20:37:46.456+0900][14.537s][info][gc,heap     ] GC(239) Humongous regions: 0->0
[2026-03-25T20:37:46.456+0900][14.537s][info][gc,metaspace] GC(239) Metaspace: 6021K(6208K)->6021K(6208K) NonClass: 5389K(5504K)->5389K(5504K) Class: 632K(704K)->632K(704K)
[2026-03-25T20:37:46.456+0900][14.537s][info][gc          ] GC(239) Pause Young (Normal) (G1 Evacuation Pause) 155M->13M(258M) 1.723ms
[2026-03-25T20:37:46.456+0900][14.537s][info][gc,cpu      ] GC(239) User=0.00s Sys=0.01s Real=0.00s
[2026-03-25T20:37:46.510+0900][14.592s][info][gc,start    ] GC(240) Pause Young (Normal) (G1 Evacuation Pause)
[2026-03-25T20:37:46.511+0900][14.592s][info][gc,task     ] GC(240) Using 6 workers of 9 for evacuation
[2026-03-25T20:37:46.512+0900][14.593s][info][gc,phases   ] GC(240)   Pre Evacuate Collection Set: 0.07ms
[2026-03-25T20:37:46.512+0900][14.593s][info][gc,phases   ] GC(240)   Merge Heap Roots: 0.04ms
[2026-03-25T20:37:46.512+0900][14.593s][info][gc,phases   ] GC(240)   Evacuate Collection Set: 0.71ms
[2026-03-25T20:37:46.512+0900][14.593s][info][gc,phases   ] GC(240)   Post Evacuate Collection Set: 0.17ms
[2026-03-25T20:37:46.512+0900][14.593s][info][gc,phases   ] GC(240)   Other: 0.08ms
[2026-03-25T20:37:46.512+0900][14.593s][info][gc,heap     ] GC(240) Eden regions: 143->0(143)
[2026-03-25T20:37:46.512+0900][14.593s][info][gc,heap     ] GC(240) Survivor regions: 10->10(20)
[2026-03-25T20:37:46.512+0900][14.593s][info][gc,heap     ] GC(240) Old regions: 5->5
[2026-03-25T20:37:46.512+0900][14.593s][info][gc,heap     ] GC(240) Humongous regions: 0->0
[2026-03-25T20:37:46.512+0900][14.593s][info][gc,metaspace] GC(240) Metaspace: 6021K(6208K)->6021K(6208K) NonClass: 5389K(5504K)->5389K(5504K) Class: 632K(704K)->632K(704K)
[2026-03-25T20:37:46.512+0900][14.593s][info][gc          ] GC(240) Pause Young (Normal) (G1 Evacuation Pause) 155M->13M(258M) 1.379ms
[2026-03-25T20:37:46.512+0900][14.593s][info][gc,cpu      ] GC(240) User=0.00s Sys=0.00s Real=0.00s
[2026-03-25T20:37:46.570+0900][14.652s][info][gc,start    ] GC(241) Pause Young (Normal) (G1 Evacuation Pause)
[2026-03-25T20:37:46.570+0900][14.652s][info][gc,task     ] GC(241) Using 6 workers of 9 for evacuation
[2026-03-25T20:37:46.572+0900][14.653s][info][gc,phases   ] GC(241)   Pre Evacuate Collection Set: 0.09ms
[2026-03-25T20:37:46.572+0900][14.653s][info][gc,phases   ] GC(241)   Merge Heap Roots: 0.06ms
[2026-03-25T20:37:46.572+0900][14.654s][info][gc,phases   ] GC(241)   Evacuate Collection Set: 1.01ms
[2026-03-25T20:37:46.572+0900][14.654s][info][gc,phases   ] GC(241)   Post Evacuate Collection Set: 0.18ms
[2026-03-25T20:37:46.572+0900][14.654s][info][gc,phases   ] GC(241)   Other: 0.10ms
[2026-03-25T20:37:46.572+0900][14.654s][info][gc,heap     ] GC(241) Eden regions: 143->0(143)
[2026-03-25T20:37:46.572+0900][14.654s][info][gc,heap     ] GC(241) Survivor regions: 10->10(20)
[2026-03-25T20:37:46.572+0900][14.654s][info][gc,heap     ] GC(241) Old regions: 5->5
[2026-03-25T20:37:46.572+0900][14.654s][info][gc,heap     ] GC(241) Humongous regions: 0->0
[2026-03-25T20:37:46.572+0900][14.654s][info][gc,metaspace] GC(241) Metaspace: 6021K(6208K)->6021K(6208K) NonClass: 5389K(5504K)->5389K(5504K) Class: 632K(704K)->632K(704K)
[2026-03-25T20:37:46.572+0900][14.654s][info][gc          ] GC(241) Pause Young (Normal) (G1 Evacuation Pause) 155M->13M(258M) 1.760ms
[2026-03-25T20:37:46.572+0900][14.654s][info][gc,cpu      ] GC(241) User=0.01s Sys=0.00s Real=0.00s
[2026-03-25T20:37:46.627+0900][14.709s][info][gc,start    ] GC(242) Pause Young (Normal) (G1 Evacuation Pause)
[2026-03-25T20:37:46.627+0900][14.709s][info][gc,task     ] GC(242) Using 6 workers of 9 for evacuation
[2026-03-25T20:37:46.629+0900][14.710s][info][gc,phases   ] GC(242)   Pre Evacuate Collection Set: 0.07ms
[2026-03-25T20:37:46.629+0900][14.710s][info][gc,phases   ] GC(242)   Merge Heap Roots: 0.04ms
[2026-03-25T20:37:46.629+0900][14.710s][info][gc,phases   ] GC(242)   Evacuate Collection Set: 0.97ms
[2026-03-25T20:37:46.629+0900][14.710s][info][gc,phases   ] GC(242)   Post Evacuate Collection Set: 0.16ms
[2026-03-25T20:37:46.629+0900][14.710s][info][gc,phases   ] GC(242)   Other: 0.08ms
[2026-03-25T20:37:46.629+0900][14.710s][info][gc,heap     ] GC(242) Eden regions: 143->0(143)
[2026-03-25T20:37:46.629+0900][14.710s][info][gc,heap     ] GC(242) Survivor regions: 10->10(20)
[2026-03-25T20:37:46.629+0900][14.710s][info][gc,heap     ] GC(242) Old regions: 5->5
[2026-03-25T20:37:46.629+0900][14.710s][info][gc,heap     ] GC(242) Humongous regions: 0->0
[2026-03-25T20:37:46.629+0900][14.710s][info][gc,metaspace] GC(242) Metaspace: 6021K(6208K)->6021K(6208K) NonClass: 5389K(5504K)->5389K(5504K) Class: 632K(704K)->632K(704K)
[2026-03-25T20:37:46.629+0900][14.710s][info][gc          ] GC(242) Pause Young (Normal) (G1 Evacuation Pause) 155M->13M(258M) 1.573ms
[2026-03-25T20:37:46.629+0900][14.710s][info][gc,cpu      ] GC(242) User=0.01s Sys=0.00s Real=0.00s
[2026-03-25T20:37:46.740+0900][14.822s][info][gc,start    ] GC(243) Pause Young (Normal) (G1 Evacuation Pause)
[2026-03-25T20:37:46.740+0900][14.822s][info][gc,task     ] GC(243) Using 6 workers of 9 for evacuation
[2026-03-25T20:37:46.742+0900][14.824s][info][gc,phases   ] GC(243)   Pre Evacuate Collection Set: 0.12ms
[2026-03-25T20:37:46.742+0900][14.824s][info][gc,phases   ] GC(243)   Merge Heap Roots: 0.07ms
[2026-03-25T20:37:46.742+0900][14.824s][info][gc,phases   ] GC(243)   Evacuate Collection Set: 1.30ms
[2026-03-25T20:37:46.742+0900][14.824s][info][gc,phases   ] GC(243)   Post Evacuate Collection Set: 0.25ms
[2026-03-25T20:37:46.742+0900][14.824s][info][gc,phases   ] GC(243)   Other: 0.15ms
[2026-03-25T20:37:46.742+0900][14.824s][info][gc,heap     ] GC(243) Eden regions: 143->0(143)
[2026-03-25T20:37:46.742+0900][14.824s][info][gc,heap     ] GC(243) Survivor regions: 10->10(20)
[2026-03-25T20:37:46.742+0900][14.824s][info][gc,heap     ] GC(243) Old regions: 5->5
[2026-03-25T20:37:46.742+0900][14.824s][info][gc,heap     ] GC(243) Humongous regions: 0->0
[2026-03-25T20:37:46.742+0900][14.824s][info][gc,metaspace] GC(243) Metaspace: 6021K(6208K)->6021K(6208K) NonClass: 5389K(5504K)->5389K(5504K) Class: 632K(704K)->632K(704K)
[2026-03-25T20:37:46.742+0900][14.824s][info][gc          ] GC(243) Pause Young (Normal) (G1 Evacuation Pause) 155M->13M(258M) 2.302ms
[2026-03-25T20:37:46.742+0900][14.824s][info][gc,cpu      ] GC(243) User=0.01s Sys=0.00s Real=0.00s
[2026-03-25T20:37:46.801+0900][14.882s][info][gc,start    ] GC(244) Pause Young (Normal) (G1 Evacuation Pause)
[2026-03-25T20:37:46.801+0900][14.882s][info][gc,task     ] GC(244) Using 6 workers of 9 for evacuation
[2026-03-25T20:37:46.802+0900][14.884s][info][gc,phases   ] GC(244)   Pre Evacuate Collection Set: 0.12ms
[2026-03-25T20:37:46.802+0900][14.884s][info][gc,phases   ] GC(244)   Merge Heap Roots: 0.07ms
[2026-03-25T20:37:46.803+0900][14.884s][info][gc,phases   ] GC(244)   Evacuate Collection Set: 1.17ms
[2026-03-25T20:37:46.803+0900][14.884s][info][gc,phases   ] GC(244)   Post Evacuate Collection Set: 0.27ms
[2026-03-25T20:37:46.803+0900][14.884s][info][gc,phases   ] GC(244)   Other: 0.13ms
[2026-03-25T20:37:46.803+0900][14.884s][info][gc,heap     ] GC(244) Eden regions: 143->0(143)
[2026-03-25T20:37:46.803+0900][14.884s][info][gc,heap     ] GC(244) Survivor regions: 10->10(20)
[2026-03-25T20:37:46.803+0900][14.884s][info][gc,heap     ] GC(244) Old regions: 5->5
[2026-03-25T20:37:46.803+0900][14.884s][info][gc,heap     ] GC(244) Humongous regions: 0->0
[2026-03-25T20:37:46.803+0900][14.884s][info][gc,metaspace] GC(244) Metaspace: 6021K(6208K)->6021K(6208K) NonClass: 5389K(5504K)->5389K(5504K) Class: 632K(704K)->632K(704K)
[2026-03-25T20:37:46.803+0900][14.884s][info][gc          ] GC(244) Pause Young (Normal) (G1 Evacuation Pause) 155M->13M(258M) 2.227ms
[2026-03-25T20:37:46.803+0900][14.884s][info][gc,cpu      ] GC(244) User=0.01s Sys=0.00s Real=0.00s
[2026-03-25T20:37:46.857+0900][14.939s][info][gc,start    ] GC(245) Pause Young (Normal) (G1 Evacuation Pause)
[2026-03-25T20:37:46.857+0900][14.939s][info][gc,task     ] GC(245) Using 6 workers of 9 for evacuation
[2026-03-25T20:37:46.859+0900][14.941s][info][gc,phases   ] GC(245)   Pre Evacuate Collection Set: 0.13ms
[2026-03-25T20:37:46.859+0900][14.941s][info][gc,phases   ] GC(245)   Merge Heap Roots: 0.10ms
[2026-03-25T20:37:46.859+0900][14.941s][info][gc,phases   ] GC(245)   Evacuate Collection Set: 1.24ms
[2026-03-25T20:37:46.859+0900][14.941s][info][gc,phases   ] GC(245)   Post Evacuate Collection Set: 0.19ms
[2026-03-25T20:37:46.859+0900][14.941s][info][gc,phases   ] GC(245)   Other: 0.14ms
[2026-03-25T20:37:46.859+0900][14.941s][info][gc,heap     ] GC(245) Eden regions: 143->0(143)
[2026-03-25T20:37:46.859+0900][14.941s][info][gc,heap     ] GC(245) Survivor regions: 10->10(20)
[2026-03-25T20:37:46.859+0900][14.941s][info][gc,heap     ] GC(245) Old regions: 5->5
[2026-03-25T20:37:46.859+0900][14.941s][info][gc,heap     ] GC(245) Humongous regions: 0->0
[2026-03-25T20:37:46.859+0900][14.941s][info][gc,metaspace] GC(245) Metaspace: 6021K(6208K)->6021K(6208K) NonClass: 5389K(5504K)->5389K(5504K) Class: 632K(704K)->632K(704K)
[2026-03-25T20:37:46.859+0900][14.941s][info][gc          ] GC(245) Pause Young (Normal) (G1 Evacuation Pause) 155M->13M(258M) 2.175ms
[2026-03-25T20:37:46.859+0900][14.941s][info][gc,cpu      ] GC(245) User=0.01s Sys=0.00s Real=0.00s
[2026-03-25T20:37:46.918+0900][14.999s][info][gc,start    ] GC(246) Pause Young (Normal) (G1 Evacuation Pause)
[2026-03-25T20:37:46.918+0900][14.999s][info][gc,task     ] GC(246) Using 6 workers of 9 for evacuation
[2026-03-25T20:37:46.919+0900][15.001s][info][gc,phases   ] GC(246)   Pre Evacuate Collection Set: 0.10ms
[2026-03-25T20:37:46.919+0900][15.001s][info][gc,phases   ] GC(246)   Merge Heap Roots: 0.05ms
[2026-03-25T20:37:46.919+0900][15.001s][info][gc,phases   ] GC(246)   Evacuate Collection Set: 1.14ms
[2026-03-25T20:37:46.919+0900][15.001s][info][gc,phases   ] GC(246)   Post Evacuate Collection Set: 0.16ms
[2026-03-25T20:37:46.919+0900][15.001s][info][gc,phases   ] GC(246)   Other: 0.11ms
[2026-03-25T20:37:46.919+0900][15.001s][info][gc,heap     ] GC(246) Eden regions: 143->0(143)
[2026-03-25T20:37:46.919+0900][15.001s][info][gc,heap     ] GC(246) Survivor regions: 10->10(20)
[2026-03-25T20:37:46.919+0900][15.001s][info][gc,heap     ] GC(246) Old regions: 5->5
[2026-03-25T20:37:46.919+0900][15.001s][info][gc,heap     ] GC(246) Humongous regions: 0->0
[2026-03-25T20:37:46.919+0900][15.001s][info][gc,metaspace] GC(246) Metaspace: 6021K(6208K)->6021K(6208K) NonClass: 5389K(5504K)->5389K(5504K) Class: 632K(704K)->632K(704K)
[2026-03-25T20:37:46.919+0900][15.001s][info][gc          ] GC(246) Pause Young (Normal) (G1 Evacuation Pause) 155M->13M(258M) 1.898ms
[2026-03-25T20:37:46.919+0900][15.001s][info][gc,cpu      ] GC(246) User=0.01s Sys=0.00s Real=0.00s
[2026-03-25T20:37:46.974+0900][15.056s][info][gc,start    ] GC(247) Pause Young (Normal) (G1 Evacuation Pause)
[2026-03-25T20:37:46.974+0900][15.056s][info][gc,task     ] GC(247) Using 6 workers of 9 for evacuation
[2026-03-25T20:37:46.976+0900][15.058s][info][gc,phases   ] GC(247)   Pre Evacuate Collection Set: 0.11ms
[2026-03-25T20:37:46.976+0900][15.058s][info][gc,phases   ] GC(247)   Merge Heap Roots: 0.07ms
[2026-03-25T20:37:46.976+0900][15.058s][info][gc,phases   ] GC(247)   Evacuate Collection Set: 1.32ms
[2026-03-25T20:37:46.976+0900][15.058s][info][gc,phases   ] GC(247)   Post Evacuate Collection Set: 0.25ms
[2026-03-25T20:37:46.976+0900][15.058s][info][gc,phases   ] GC(247)   Other: 0.12ms
[2026-03-25T20:37:46.976+0900][15.058s][info][gc,heap     ] GC(247) Eden regions: 143->0(143)
[2026-03-25T20:37:46.976+0900][15.058s][info][gc,heap     ] GC(247) Survivor regions: 10->10(20)
[2026-03-25T20:37:46.976+0900][15.058s][info][gc,heap     ] GC(247) Old regions: 5->5
[2026-03-25T20:37:46.976+0900][15.058s][info][gc,heap     ] GC(247) Humongous regions: 0->0
[2026-03-25T20:37:46.976+0900][15.058s][info][gc,metaspace] GC(247) Metaspace: 6021K(6208K)->6021K(6208K) NonClass: 5389K(5504K)->5389K(5504K) Class: 632K(704K)->632K(704K)
[2026-03-25T20:37:46.976+0900][15.058s][info][gc          ] GC(247) Pause Young (Normal) (G1 Evacuation Pause) 155M->13M(258M) 2.279ms
[2026-03-25T20:37:46.976+0900][15.058s][info][gc,cpu      ] GC(247) User=0.01s Sys=0.00s Real=0.00s
[2026-03-25T20:37:47.034+0900][15.116s][info][gc,start    ] GC(248) Pause Young (Normal) (G1 Evacuation Pause)
[2026-03-25T20:37:47.035+0900][15.116s][info][gc,task     ] GC(248) Using 6 workers of 9 for evacuation
[2026-03-25T20:37:47.036+0900][15.118s][info][gc,phases   ] GC(248)   Pre Evacuate Collection Set: 0.12ms
[2026-03-25T20:37:47.036+0900][15.118s][info][gc,phases   ] GC(248)   Merge Heap Roots: 0.07ms
[2026-03-25T20:37:47.036+0900][15.118s][info][gc,phases   ] GC(248)   Evacuate Collection Set: 1.19ms
[2026-03-25T20:37:47.036+0900][15.118s][info][gc,phases   ] GC(248)   Post Evacuate Collection Set: 0.17ms
[2026-03-25T20:37:47.036+0900][15.118s][info][gc,phases   ] GC(248)   Other: 0.11ms
[2026-03-25T20:37:47.036+0900][15.118s][info][gc,heap     ] GC(248) Eden regions: 143->0(143)
[2026-03-25T20:37:47.036+0900][15.118s][info][gc,heap     ] GC(248) Survivor regions: 10->10(20)
[2026-03-25T20:37:47.036+0900][15.118s][info][gc,heap     ] GC(248) Old regions: 5->5
[2026-03-25T20:37:47.036+0900][15.118s][info][gc,heap     ] GC(248) Humongous regions: 0->0
[2026-03-25T20:37:47.036+0900][15.118s][info][gc,metaspace] GC(248) Metaspace: 6024K(6208K)->6024K(6208K) NonClass: 5391K(5504K)->5391K(5504K) Class: 632K(704K)->632K(704K)
[2026-03-25T20:37:47.036+0900][15.118s][info][gc          ] GC(248) Pause Young (Normal) (G1 Evacuation Pause) 155M->13M(258M) 1.987ms
[2026-03-25T20:37:47.036+0900][15.118s][info][gc,cpu      ] GC(248) User=0.01s Sys=0.00s Real=0.00s
[2026-03-25T20:37:47.090+0900][15.172s][info][gc,start    ] GC(249) Pause Young (Normal) (G1 Evacuation Pause)
[2026-03-25T20:37:47.090+0900][15.172s][info][gc,task     ] GC(249) Using 6 workers of 9 for evacuation
[2026-03-25T20:37:47.092+0900][15.173s][info][gc,phases   ] GC(249)   Pre Evacuate Collection Set: 0.10ms
[2026-03-25T20:37:47.092+0900][15.173s][info][gc,phases   ] GC(249)   Merge Heap Roots: 0.08ms
[2026-03-25T20:37:47.092+0900][15.173s][info][gc,phases   ] GC(249)   Evacuate Collection Set: 1.22ms
[2026-03-25T20:37:47.092+0900][15.173s][info][gc,phases   ] GC(249)   Post Evacuate Collection Set: 0.18ms
[2026-03-25T20:37:47.092+0900][15.173s][info][gc,phases   ] GC(249)   Other: 0.11ms
[2026-03-25T20:37:47.092+0900][15.173s][info][gc,heap     ] GC(249) Eden regions: 143->0(143)
[2026-03-25T20:37:47.092+0900][15.173s][info][gc,heap     ] GC(249) Survivor regions: 10->10(20)
[2026-03-25T20:37:47.092+0900][15.173s][info][gc,heap     ] GC(249) Old regions: 5->5
[2026-03-25T20:37:47.092+0900][15.173s][info][gc,heap     ] GC(249) Humongous regions: 0->0
[2026-03-25T20:37:47.092+0900][15.174s][info][gc,metaspace] GC(249) Metaspace: 6024K(6208K)->6024K(6208K) NonClass: 5391K(5504K)->5391K(5504K) Class: 632K(704K)->632K(704K)
[2026-03-25T20:37:47.092+0900][15.174s][info][gc          ] GC(249) Pause Young (Normal) (G1 Evacuation Pause) 155M->13M(258M) 1.994ms
[2026-03-25T20:37:47.092+0900][15.174s][info][gc,cpu      ] GC(249) User=0.00s Sys=0.00s Real=0.00s
[2026-03-25T20:37:47.151+0900][15.232s][info][gc,start    ] GC(250) Pause Young (Normal) (G1 Evacuation Pause)
[2026-03-25T20:37:47.151+0900][15.232s][info][gc,task     ] GC(250) Using 6 workers of 9 for evacuation
[2026-03-25T20:37:47.152+0900][15.234s][info][gc,phases   ] GC(250)   Pre Evacuate Collection Set: 0.10ms
[2026-03-25T20:37:47.152+0900][15.234s][info][gc,phases   ] GC(250)   Merge Heap Roots: 0.06ms
[2026-03-25T20:37:47.152+0900][15.234s][info][gc,phases   ] GC(250)   Evacuate Collection Set: 1.19ms
[2026-03-25T20:37:47.152+0900][15.234s][info][gc,phases   ] GC(250)   Post Evacuate Collection Set: 0.19ms
[2026-03-25T20:37:47.152+0900][15.234s][info][gc,phases   ] GC(250)   Other: 0.09ms
[2026-03-25T20:37:47.152+0900][15.234s][info][gc,heap     ] GC(250) Eden regions: 143->0(143)
[2026-03-25T20:37:47.152+0900][15.234s][info][gc,heap     ] GC(250) Survivor regions: 10->10(20)
[2026-03-25T20:37:47.152+0900][15.234s][info][gc,heap     ] GC(250) Old regions: 5->5
[2026-03-25T20:37:47.152+0900][15.234s][info][gc,heap     ] GC(250) Humongous regions: 0->0
[2026-03-25T20:37:47.152+0900][15.234s][info][gc,metaspace] GC(250) Metaspace: 6024K(6208K)->6024K(6208K) NonClass: 5391K(5504K)->5391K(5504K) Class: 632K(704K)->632K(704K)
[2026-03-25T20:37:47.152+0900][15.234s][info][gc          ] GC(250) Pause Young (Normal) (G1 Evacuation Pause) 155M->13M(258M) 1.943ms
[2026-03-25T20:37:47.153+0900][15.234s][info][gc,cpu      ] GC(250) User=0.00s Sys=0.00s Real=0.00s
[2026-03-25T20:37:47.211+0900][15.292s][info][gc,start    ] GC(251) Pause Young (Normal) (G1 Evacuation Pause)
[2026-03-25T20:37:47.211+0900][15.293s][info][gc,task     ] GC(251) Using 6 workers of 9 for evacuation
[2026-03-25T20:37:47.213+0900][15.294s][info][gc,phases   ] GC(251)   Pre Evacuate Collection Set: 0.11ms
[2026-03-25T20:37:47.213+0900][15.294s][info][gc,phases   ] GC(251)   Merge Heap Roots: 0.06ms
[2026-03-25T20:37:47.213+0900][15.294s][info][gc,phases   ] GC(251)   Evacuate Collection Set: 1.13ms
[2026-03-25T20:37:47.213+0900][15.294s][info][gc,phases   ] GC(251)   Post Evacuate Collection Set: 0.17ms
[2026-03-25T20:37:47.213+0900][15.294s][info][gc,phases   ] GC(251)   Other: 0.11ms
[2026-03-25T20:37:47.213+0900][15.294s][info][gc,heap     ] GC(251) Eden regions: 143->0(143)
[2026-03-25T20:37:47.213+0900][15.294s][info][gc,heap     ] GC(251) Survivor regions: 10->10(20)
[2026-03-25T20:37:47.213+0900][15.294s][info][gc,heap     ] GC(251) Old regions: 5->5
[2026-03-25T20:37:47.213+0900][15.294s][info][gc,heap     ] GC(251) Humongous regions: 0->0
[2026-03-25T20:37:47.213+0900][15.294s][info][gc,metaspace] GC(251) Metaspace: 6024K(6208K)->6024K(6208K) NonClass: 5391K(5504K)->5391K(5504K) Class: 632K(704K)->632K(704K)
[2026-03-25T20:37:47.213+0900][15.294s][info][gc          ] GC(251) Pause Young (Normal) (G1 Evacuation Pause) 155M->13M(258M) 1.872ms
[2026-03-25T20:37:47.213+0900][15.294s][info][gc,cpu      ] GC(251) User=0.00s Sys=0.01s Real=0.00s
[2026-03-25T20:37:47.271+0900][15.353s][info][gc,start    ] GC(252) Pause Young (Normal) (G1 Evacuation Pause)
[2026-03-25T20:37:47.271+0900][15.353s][info][gc,task     ] GC(252) Using 6 workers of 9 for evacuation
[2026-03-25T20:37:47.273+0900][15.354s][info][gc,phases   ] GC(252)   Pre Evacuate Collection Set: 0.10ms
[2026-03-25T20:37:47.273+0900][15.355s][info][gc,phases   ] GC(252)   Merge Heap Roots: 0.06ms
[2026-03-25T20:37:47.273+0900][15.355s][info][gc,phases   ] GC(252)   Evacuate Collection Set: 1.09ms
[2026-03-25T20:37:47.273+0900][15.355s][info][gc,phases   ] GC(252)   Post Evacuate Collection Set: 0.17ms
[2026-03-25T20:37:47.273+0900][15.355s][info][gc,phases   ] GC(252)   Other: 0.10ms
[2026-03-25T20:37:47.273+0900][15.355s][info][gc,heap     ] GC(252) Eden regions: 143->0(143)
[2026-03-25T20:37:47.273+0900][15.355s][info][gc,heap     ] GC(252) Survivor regions: 10->10(20)
[2026-03-25T20:37:47.273+0900][15.355s][info][gc,heap     ] GC(252) Old regions: 5->5
[2026-03-25T20:37:47.273+0900][15.355s][info][gc,heap     ] GC(252) Humongous regions: 0->0
[2026-03-25T20:37:47.273+0900][15.355s][info][gc,metaspace] GC(252) Metaspace: 6024K(6208K)->6024K(6208K) NonClass: 5391K(5504K)->5391K(5504K) Class: 632K(704K)->632K(704K)
[2026-03-25T20:37:47.273+0900][15.355s][info][gc          ] GC(252) Pause Young (Normal) (G1 Evacuation Pause) 155M->13M(258M) 1.803ms
[2026-03-25T20:37:47.273+0900][15.355s][info][gc,cpu      ] GC(252) User=0.00s Sys=0.00s Real=0.00s
[2026-03-25T20:37:47.332+0900][15.414s][info][gc,start    ] GC(253) Pause Young (Normal) (G1 Evacuation Pause)
[2026-03-25T20:37:47.332+0900][15.414s][info][gc,task     ] GC(253) Using 6 workers of 9 for evacuation
[2026-03-25T20:37:47.334+0900][15.415s][info][gc,phases   ] GC(253)   Pre Evacuate Collection Set: 0.08ms
[2026-03-25T20:37:47.334+0900][15.415s][info][gc,phases   ] GC(253)   Merge Heap Roots: 0.04ms
[2026-03-25T20:37:47.334+0900][15.415s][info][gc,phases   ] GC(253)   Evacuate Collection Set: 1.06ms
[2026-03-25T20:37:47.334+0900][15.415s][info][gc,phases   ] GC(253)   Post Evacuate Collection Set: 0.16ms
[2026-03-25T20:37:47.334+0900][15.415s][info][gc,phases   ] GC(253)   Other: 0.11ms
[2026-03-25T20:37:47.334+0900][15.415s][info][gc,heap     ] GC(253) Eden regions: 143->0(143)
[2026-03-25T20:37:47.334+0900][15.415s][info][gc,heap     ] GC(253) Survivor regions: 10->10(20)
[2026-03-25T20:37:47.334+0900][15.415s][info][gc,heap     ] GC(253) Old regions: 5->5
[2026-03-25T20:37:47.334+0900][15.415s][info][gc,heap     ] GC(253) Humongous regions: 0->0
[2026-03-25T20:37:47.334+0900][15.415s][info][gc,metaspace] GC(253) Metaspace: 6032K(6208K)->6032K(6208K) NonClass: 5399K(5504K)->5399K(5504K) Class: 632K(704K)->632K(704K)
[2026-03-25T20:37:47.334+0900][15.415s][info][gc          ] GC(253) Pause Young (Normal) (G1 Evacuation Pause) 155M->13M(258M) 1.771ms
[2026-03-25T20:37:47.334+0900][15.415s][info][gc,cpu      ] GC(253) User=0.01s Sys=0.00s Real=0.00s
[2026-03-25T20:37:47.391+0900][15.473s][info][gc,start    ] GC(254) Pause Young (Normal) (G1 Evacuation Pause)
[2026-03-25T20:37:47.392+0900][15.473s][info][gc,task     ] GC(254) Using 6 workers of 9 for evacuation
[2026-03-25T20:37:47.393+0900][15.475s][info][gc,phases   ] GC(254)   Pre Evacuate Collection Set: 0.11ms
[2026-03-25T20:37:47.393+0900][15.475s][info][gc,phases   ] GC(254)   Merge Heap Roots: 0.07ms
[2026-03-25T20:37:47.393+0900][15.475s][info][gc,phases   ] GC(254)   Evacuate Collection Set: 1.24ms
[2026-03-25T20:37:47.393+0900][15.475s][info][gc,phases   ] GC(254)   Post Evacuate Collection Set: 0.18ms
[2026-03-25T20:37:47.393+0900][15.475s][info][gc,phases   ] GC(254)   Other: 0.11ms
[2026-03-25T20:37:47.393+0900][15.475s][info][gc,heap     ] GC(254) Eden regions: 143->0(143)
[2026-03-25T20:37:47.393+0900][15.475s][info][gc,heap     ] GC(254) Survivor regions: 10->10(20)
[2026-03-25T20:37:47.393+0900][15.475s][info][gc,heap     ] GC(254) Old regions: 5->5
[2026-03-25T20:37:47.393+0900][15.475s][info][gc,heap     ] GC(254) Humongous regions: 0->0
[2026-03-25T20:37:47.393+0900][15.475s][info][gc,metaspace] GC(254) Metaspace: 6032K(6208K)->6032K(6208K) NonClass: 5399K(5504K)->5399K(5504K) Class: 632K(704K)->632K(704K)
[2026-03-25T20:37:47.393+0900][15.475s][info][gc          ] GC(254) Pause Young (Normal) (G1 Evacuation Pause) 155M->13M(258M) 2.067ms
[2026-03-25T20:37:47.394+0900][15.475s][info][gc,cpu      ] GC(254) User=0.01s Sys=0.00s Real=0.00s
[2026-03-25T20:37:47.452+0900][15.534s][info][gc,start    ] GC(255) Pause Young (Normal) (G1 Evacuation Pause)
[2026-03-25T20:37:47.453+0900][15.534s][info][gc,task     ] GC(255) Using 6 workers of 9 for evacuation
[2026-03-25T20:37:47.454+0900][15.536s][info][gc,phases   ] GC(255)   Pre Evacuate Collection Set: 0.13ms
[2026-03-25T20:37:47.454+0900][15.536s][info][gc,phases   ] GC(255)   Merge Heap Roots: 0.07ms
[2026-03-25T20:37:47.454+0900][15.536s][info][gc,phases   ] GC(255)   Evacuate Collection Set: 1.12ms
[2026-03-25T20:37:47.454+0900][15.536s][info][gc,phases   ] GC(255)   Post Evacuate Collection Set: 0.18ms
[2026-03-25T20:37:47.454+0900][15.536s][info][gc,phases   ] GC(255)   Other: 0.12ms
[2026-03-25T20:37:47.454+0900][15.536s][info][gc,heap     ] GC(255) Eden regions: 143->0(143)
[2026-03-25T20:37:47.454+0900][15.536s][info][gc,heap     ] GC(255) Survivor regions: 10->10(20)
[2026-03-25T20:37:47.454+0900][15.536s][info][gc,heap     ] GC(255) Old regions: 5->5
[2026-03-25T20:37:47.454+0900][15.536s][info][gc,heap     ] GC(255) Humongous regions: 0->0
[2026-03-25T20:37:47.454+0900][15.536s][info][gc,metaspace] GC(255) Metaspace: 6032K(6208K)->6032K(6208K) NonClass: 5399K(5504K)->5399K(5504K) Class: 632K(704K)->632K(704K)
[2026-03-25T20:37:47.454+0900][15.536s][info][gc          ] GC(255) Pause Young (Normal) (G1 Evacuation Pause) 155M->13M(258M) 2.004ms
[2026-03-25T20:37:47.454+0900][15.536s][info][gc,cpu      ] GC(255) User=0.01s Sys=0.00s Real=0.00s
[2026-03-25T20:37:47.511+0900][15.592s][info][gc,start    ] GC(256) Pause Young (Normal) (G1 Evacuation Pause)
[2026-03-25T20:37:47.511+0900][15.592s][info][gc,task     ] GC(256) Using 6 workers of 9 for evacuation
[2026-03-25T20:37:47.512+0900][15.594s][info][gc,phases   ] GC(256)   Pre Evacuate Collection Set: 0.08ms
[2026-03-25T20:37:47.512+0900][15.594s][info][gc,phases   ] GC(256)   Merge Heap Roots: 0.05ms
[2026-03-25T20:37:47.512+0900][15.594s][info][gc,phases   ] GC(256)   Evacuate Collection Set: 1.10ms
[2026-03-25T20:37:47.512+0900][15.594s][info][gc,phases   ] GC(256)   Post Evacuate Collection Set: 0.16ms
[2026-03-25T20:37:47.512+0900][15.594s][info][gc,phases   ] GC(256)   Other: 0.09ms
[2026-03-25T20:37:47.512+0900][15.594s][info][gc,heap     ] GC(256) Eden regions: 143->0(143)
[2026-03-25T20:37:47.512+0900][15.594s][info][gc,heap     ] GC(256) Survivor regions: 10->10(20)
[2026-03-25T20:37:47.512+0900][15.594s][info][gc,heap     ] GC(256) Old regions: 5->5
[2026-03-25T20:37:47.512+0900][15.594s][info][gc,heap     ] GC(256) Humongous regions: 0->0
[2026-03-25T20:37:47.512+0900][15.594s][info][gc,metaspace] GC(256) Metaspace: 6032K(6208K)->6032K(6208K) NonClass: 5399K(5504K)->5399K(5504K) Class: 632K(704K)->632K(704K)
[2026-03-25T20:37:47.512+0900][15.594s][info][gc          ] GC(256) Pause Young (Normal) (G1 Evacuation Pause) 155M->13M(258M) 1.784ms
[2026-03-25T20:37:47.512+0900][15.594s][info][gc,cpu      ] GC(256) User=0.01s Sys=0.00s Real=0.00s
[2026-03-25T20:37:47.571+0900][15.653s][info][gc,start    ] GC(257) Pause Young (Normal) (G1 Evacuation Pause)
[2026-03-25T20:37:47.571+0900][15.653s][info][gc,task     ] GC(257) Using 6 workers of 9 for evacuation
[2026-03-25T20:37:47.573+0900][15.654s][info][gc,phases   ] GC(257)   Pre Evacuate Collection Set: 0.08ms
[2026-03-25T20:37:47.573+0900][15.654s][info][gc,phases   ] GC(257)   Merge Heap Roots: 0.04ms
[2026-03-25T20:37:47.573+0900][15.654s][info][gc,phases   ] GC(257)   Evacuate Collection Set: 0.97ms
[2026-03-25T20:37:47.573+0900][15.654s][info][gc,phases   ] GC(257)   Post Evacuate Collection Set: 0.19ms
[2026-03-25T20:37:47.573+0900][15.654s][info][gc,phases   ] GC(257)   Other: 0.09ms
[2026-03-25T20:37:47.573+0900][15.654s][info][gc,heap     ] GC(257) Eden regions: 143->0(143)
[2026-03-25T20:37:47.573+0900][15.654s][info][gc,heap     ] GC(257) Survivor regions: 10->10(20)
[2026-03-25T20:37:47.573+0900][15.654s][info][gc,heap     ] GC(257) Old regions: 5->5
[2026-03-25T20:37:47.573+0900][15.654s][info][gc,heap     ] GC(257) Humongous regions: 0->0
[2026-03-25T20:37:47.573+0900][15.654s][info][gc,metaspace] GC(257) Metaspace: 6032K(6208K)->6032K(6208K) NonClass: 5399K(5504K)->5399K(5504K) Class: 632K(704K)->632K(704K)
[2026-03-25T20:37:47.573+0900][15.654s][info][gc          ] GC(257) Pause Young (Normal) (G1 Evacuation Pause) 155M->13M(258M) 1.682ms
[2026-03-25T20:37:47.573+0900][15.654s][info][gc,cpu      ] GC(257) User=0.01s Sys=0.00s Real=0.00s
[2026-03-25T20:37:47.628+0900][15.709s][info][gc,start    ] GC(258) Pause Young (Normal) (G1 Evacuation Pause)
[2026-03-25T20:37:47.628+0900][15.710s][info][gc,task     ] GC(258) Using 6 workers of 9 for evacuation
[2026-03-25T20:37:47.629+0900][15.711s][info][gc,phases   ] GC(258)   Pre Evacuate Collection Set: 0.07ms
[2026-03-25T20:37:47.630+0900][15.711s][info][gc,phases   ] GC(258)   Merge Heap Roots: 0.04ms
[2026-03-25T20:37:47.630+0900][15.711s][info][gc,phases   ] GC(258)   Evacuate Collection Set: 0.96ms
[2026-03-25T20:37:47.630+0900][15.711s][info][gc,phases   ] GC(258)   Post Evacuate Collection Set: 0.26ms
[2026-03-25T20:37:47.630+0900][15.711s][info][gc,phases   ] GC(258)   Other: 0.10ms
[2026-03-25T20:37:47.630+0900][15.711s][info][gc,heap     ] GC(258) Eden regions: 143->0(143)
[2026-03-25T20:37:47.630+0900][15.711s][info][gc,heap     ] GC(258) Survivor regions: 10->10(20)
[2026-03-25T20:37:47.630+0900][15.711s][info][gc,heap     ] GC(258) Old regions: 5->5
[2026-03-25T20:37:47.630+0900][15.711s][info][gc,heap     ] GC(258) Humongous regions: 0->0
[2026-03-25T20:37:47.630+0900][15.711s][info][gc,metaspace] GC(258) Metaspace: 6032K(6208K)->6032K(6208K) NonClass: 5399K(5504K)->5399K(5504K) Class: 632K(704K)->632K(704K)
[2026-03-25T20:37:47.630+0900][15.711s][info][gc          ] GC(258) Pause Young (Normal) (G1 Evacuation Pause) 155M->13M(258M) 1.761ms
[2026-03-25T20:37:47.630+0900][15.711s][info][gc,cpu      ] GC(258) User=0.01s Sys=0.00s Real=0.01s
[2026-03-25T20:37:47.685+0900][15.766s][info][gc,start    ] GC(259) Pause Young (Normal) (G1 Evacuation Pause)
[2026-03-25T20:37:47.685+0900][15.766s][info][gc,task     ] GC(259) Using 6 workers of 9 for evacuation
[2026-03-25T20:37:47.686+0900][15.768s][info][gc,phases   ] GC(259)   Pre Evacuate Collection Set: 0.08ms
[2026-03-25T20:37:47.686+0900][15.768s][info][gc,phases   ] GC(259)   Merge Heap Roots: 0.04ms
[2026-03-25T20:37:47.686+0900][15.768s][info][gc,phases   ] GC(259)   Evacuate Collection Set: 1.11ms
[2026-03-25T20:37:47.686+0900][15.768s][info][gc,phases   ] GC(259)   Post Evacuate Collection Set: 0.19ms
[2026-03-25T20:37:47.686+0900][15.768s][info][gc,phases   ] GC(259)   Other: 0.10ms
[2026-03-25T20:37:47.686+0900][15.768s][info][gc,heap     ] GC(259) Eden regions: 143->0(143)
[2026-03-25T20:37:47.686+0900][15.768s][info][gc,heap     ] GC(259) Survivor regions: 10->10(20)
[2026-03-25T20:37:47.686+0900][15.768s][info][gc,heap     ] GC(259) Old regions: 5->5
[2026-03-25T20:37:47.686+0900][15.768s][info][gc,heap     ] GC(259) Humongous regions: 0->0
[2026-03-25T20:37:47.686+0900][15.768s][info][gc,metaspace] GC(259) Metaspace: 6032K(6208K)->6032K(6208K) NonClass: 5399K(5504K)->5399K(5504K) Class: 632K(704K)->632K(704K)
[2026-03-25T20:37:47.686+0900][15.768s][info][gc          ] GC(259) Pause Young (Normal) (G1 Evacuation Pause) 155M->13M(258M) 1.849ms
[2026-03-25T20:37:47.686+0900][15.768s][info][gc,cpu      ] GC(259) User=0.01s Sys=0.00s Real=0.00s
[2026-03-25T20:37:47.745+0900][15.827s][info][gc,start    ] GC(260) Pause Young (Normal) (G1 Evacuation Pause)
[2026-03-25T20:37:47.745+0900][15.827s][info][gc,task     ] GC(260) Using 6 workers of 9 for evacuation
[2026-03-25T20:37:47.747+0900][15.828s][info][gc,phases   ] GC(260)   Pre Evacuate Collection Set: 0.08ms
[2026-03-25T20:37:47.747+0900][15.828s][info][gc,phases   ] GC(260)   Merge Heap Roots: 0.04ms
[2026-03-25T20:37:47.747+0900][15.828s][info][gc,phases   ] GC(260)   Evacuate Collection Set: 1.01ms
[2026-03-25T20:37:47.747+0900][15.828s][info][gc,phases   ] GC(260)   Post Evacuate Collection Set: 0.20ms
[2026-03-25T20:37:47.747+0900][15.829s][info][gc,phases   ] GC(260)   Other: 0.09ms
[2026-03-25T20:37:47.747+0900][15.829s][info][gc,heap     ] GC(260) Eden regions: 143->0(143)
[2026-03-25T20:37:47.747+0900][15.829s][info][gc,heap     ] GC(260) Survivor regions: 10->10(20)
[2026-03-25T20:37:47.747+0900][15.829s][info][gc,heap     ] GC(260) Old regions: 5->5
[2026-03-25T20:37:47.747+0900][15.829s][info][gc,heap     ] GC(260) Humongous regions: 0->0
[2026-03-25T20:37:47.747+0900][15.829s][info][gc,metaspace] GC(260) Metaspace: 6032K(6208K)->6032K(6208K) NonClass: 5399K(5504K)->5399K(5504K) Class: 632K(704K)->632K(704K)
[2026-03-25T20:37:47.747+0900][15.829s][info][gc          ] GC(260) Pause Young (Normal) (G1 Evacuation Pause) 155M->13M(258M) 1.735ms
[2026-03-25T20:37:47.747+0900][15.829s][info][gc,cpu      ] GC(260) User=0.01s Sys=0.00s Real=0.00s
[2026-03-25T20:37:47.804+0900][15.886s][info][gc,start    ] GC(261) Pause Young (Normal) (G1 Evacuation Pause)
[2026-03-25T20:37:47.804+0900][15.886s][info][gc,task     ] GC(261) Using 6 workers of 9 for evacuation
[2026-03-25T20:37:47.806+0900][15.887s][info][gc,phases   ] GC(261)   Pre Evacuate Collection Set: 0.11ms
[2026-03-25T20:37:47.806+0900][15.887s][info][gc,phases   ] GC(261)   Merge Heap Roots: 0.06ms
[2026-03-25T20:37:47.806+0900][15.887s][info][gc,phases   ] GC(261)   Evacuate Collection Set: 1.10ms
[2026-03-25T20:37:47.806+0900][15.887s][info][gc,phases   ] GC(261)   Post Evacuate Collection Set: 0.18ms
[2026-03-25T20:37:47.806+0900][15.888s][info][gc,phases   ] GC(261)   Other: 0.09ms
[2026-03-25T20:37:47.806+0900][15.888s][info][gc,heap     ] GC(261) Eden regions: 143->0(143)
[2026-03-25T20:37:47.806+0900][15.888s][info][gc,heap     ] GC(261) Survivor regions: 10->10(20)
[2026-03-25T20:37:47.806+0900][15.888s][info][gc,heap     ] GC(261) Old regions: 5->5
[2026-03-25T20:37:47.806+0900][15.888s][info][gc,heap     ] GC(261) Humongous regions: 0->0
[2026-03-25T20:37:47.806+0900][15.888s][info][gc,metaspace] GC(261) Metaspace: 6032K(6208K)->6032K(6208K) NonClass: 5399K(5504K)->5399K(5504K) Class: 632K(704K)->632K(704K)
[2026-03-25T20:37:47.806+0900][15.888s][info][gc          ] GC(261) Pause Young (Normal) (G1 Evacuation Pause) 155M->13M(258M) 1.844ms
[2026-03-25T20:37:47.806+0900][15.888s][info][gc,cpu      ] GC(261) User=0.01s Sys=0.00s Real=0.00s
[2026-03-25T20:37:47.865+0900][15.946s][info][gc,start    ] GC(262) Pause Young (Normal) (G1 Evacuation Pause)
[2026-03-25T20:37:47.865+0900][15.947s][info][gc,task     ] GC(262) Using 6 workers of 9 for evacuation
[2026-03-25T20:37:47.867+0900][15.949s][info][gc,phases   ] GC(262)   Pre Evacuate Collection Set: 0.11ms
[2026-03-25T20:37:47.867+0900][15.949s][info][gc,phases   ] GC(262)   Merge Heap Roots: 0.07ms
[2026-03-25T20:37:47.867+0900][15.949s][info][gc,phases   ] GC(262)   Evacuate Collection Set: 1.72ms
[2026-03-25T20:37:47.867+0900][15.949s][info][gc,phases   ] GC(262)   Post Evacuate Collection Set: 0.18ms
[2026-03-25T20:37:47.867+0900][15.949s][info][gc,phases   ] GC(262)   Other: 0.16ms
[2026-03-25T20:37:47.867+0900][15.949s][info][gc,heap     ] GC(262) Eden regions: 143->0(143)
[2026-03-25T20:37:47.867+0900][15.949s][info][gc,heap     ] GC(262) Survivor regions: 10->10(20)
[2026-03-25T20:37:47.867+0900][15.949s][info][gc,heap     ] GC(262) Old regions: 5->5
[2026-03-25T20:37:47.867+0900][15.949s][info][gc,heap     ] GC(262) Humongous regions: 0->0
[2026-03-25T20:37:47.868+0900][15.949s][info][gc,metaspace] GC(262) Metaspace: 6032K(6208K)->6032K(6208K) NonClass: 5399K(5504K)->5399K(5504K) Class: 632K(704K)->632K(704K)
[2026-03-25T20:37:47.868+0900][15.949s][info][gc          ] GC(262) Pause Young (Normal) (G1 Evacuation Pause) 155M->13M(258M) 2.624ms
[2026-03-25T20:37:47.868+0900][15.949s][info][gc,cpu      ] GC(262) User=0.00s Sys=0.01s Real=0.00s
[2026-03-25T20:37:47.922+0900][16.004s][info][gc,start    ] GC(263) Pause Young (Normal) (G1 Evacuation Pause)
[2026-03-25T20:37:47.922+0900][16.004s][info][gc,task     ] GC(263) Using 6 workers of 9 for evacuation
[2026-03-25T20:37:47.923+0900][16.005s][info][gc,phases   ] GC(263)   Pre Evacuate Collection Set: 0.08ms
[2026-03-25T20:37:47.923+0900][16.005s][info][gc,phases   ] GC(263)   Merge Heap Roots: 0.04ms
[2026-03-25T20:37:47.924+0900][16.005s][info][gc,phases   ] GC(263)   Evacuate Collection Set: 0.73ms
[2026-03-25T20:37:47.924+0900][16.005s][info][gc,phases   ] GC(263)   Post Evacuate Collection Set: 0.19ms
[2026-03-25T20:37:47.924+0900][16.005s][info][gc,phases   ] GC(263)   Other: 0.09ms
[2026-03-25T20:37:47.924+0900][16.005s][info][gc,heap     ] GC(263) Eden regions: 143->0(142)
[2026-03-25T20:37:47.924+0900][16.005s][info][gc,heap     ] GC(263) Survivor regions: 10->11(20)
[2026-03-25T20:37:47.924+0900][16.005s][info][gc,heap     ] GC(263) Old regions: 5->5
[2026-03-25T20:37:47.924+0900][16.005s][info][gc,heap     ] GC(263) Humongous regions: 0->0
[2026-03-25T20:37:47.924+0900][16.005s][info][gc,metaspace] GC(263) Metaspace: 6032K(6208K)->6032K(6208K) NonClass: 5399K(5504K)->5399K(5504K) Class: 632K(704K)->632K(704K)
[2026-03-25T20:37:47.924+0900][16.005s][info][gc          ] GC(263) Pause Young (Normal) (G1 Evacuation Pause) 155M->13M(258M) 1.441ms
[2026-03-25T20:37:47.924+0900][16.005s][info][gc,cpu      ] GC(263) User=0.00s Sys=0.00s Real=0.00s
[2026-03-25T20:37:47.981+0900][16.062s][info][gc,start    ] GC(264) Pause Young (Normal) (G1 Evacuation Pause)
[2026-03-25T20:37:47.981+0900][16.062s][info][gc,task     ] GC(264) Using 6 workers of 9 for evacuation
[2026-03-25T20:37:47.982+0900][16.064s][info][gc,phases   ] GC(264)   Pre Evacuate Collection Set: 0.13ms
[2026-03-25T20:37:47.982+0900][16.064s][info][gc,phases   ] GC(264)   Merge Heap Roots: 0.07ms
[2026-03-25T20:37:47.982+0900][16.064s][info][gc,phases   ] GC(264)   Evacuate Collection Set: 1.15ms
[2026-03-25T20:37:47.982+0900][16.064s][info][gc,phases   ] GC(264)   Post Evacuate Collection Set: 0.18ms
[2026-03-25T20:37:47.982+0900][16.064s][info][gc,phases   ] GC(264)   Other: 0.11ms
[2026-03-25T20:37:47.982+0900][16.064s][info][gc,heap     ] GC(264) Eden regions: 142->0(143)
[2026-03-25T20:37:47.982+0900][16.064s][info][gc,heap     ] GC(264) Survivor regions: 11->10(20)
[2026-03-25T20:37:47.982+0900][16.064s][info][gc,heap     ] GC(264) Old regions: 5->5
[2026-03-25T20:37:47.982+0900][16.064s][info][gc,heap     ] GC(264) Humongous regions: 0->0
[2026-03-25T20:37:47.982+0900][16.064s][info][gc,metaspace] GC(264) Metaspace: 6032K(6208K)->6032K(6208K) NonClass: 5399K(5504K)->5399K(5504K) Class: 632K(704K)->632K(704K)
[2026-03-25T20:37:47.982+0900][16.064s][info][gc          ] GC(264) Pause Young (Normal) (G1 Evacuation Pause) 155M->13M(258M) 1.959ms
[2026-03-25T20:37:47.983+0900][16.064s][info][gc,cpu      ] GC(264) User=0.00s Sys=0.00s Real=0.00s
[2026-03-25T20:37:48.041+0900][16.123s][info][gc,start    ] GC(265) Pause Young (Normal) (G1 Evacuation Pause)
[2026-03-25T20:37:48.041+0900][16.123s][info][gc,task     ] GC(265) Using 6 workers of 9 for evacuation
[2026-03-25T20:37:48.043+0900][16.125s][info][gc,phases   ] GC(265)   Pre Evacuate Collection Set: 0.12ms
[2026-03-25T20:37:48.043+0900][16.125s][info][gc,phases   ] GC(265)   Merge Heap Roots: 0.08ms
[2026-03-25T20:37:48.043+0900][16.125s][info][gc,phases   ] GC(265)   Evacuate Collection Set: 1.24ms
[2026-03-25T20:37:48.043+0900][16.125s][info][gc,phases   ] GC(265)   Post Evacuate Collection Set: 0.22ms
[2026-03-25T20:37:48.043+0900][16.125s][info][gc,phases   ] GC(265)   Other: 0.11ms
[2026-03-25T20:37:48.043+0900][16.125s][info][gc,heap     ] GC(265) Eden regions: 143->0(143)
[2026-03-25T20:37:48.043+0900][16.125s][info][gc,heap     ] GC(265) Survivor regions: 10->10(20)
[2026-03-25T20:37:48.043+0900][16.125s][info][gc,heap     ] GC(265) Old regions: 5->5
[2026-03-25T20:37:48.043+0900][16.125s][info][gc,heap     ] GC(265) Humongous regions: 0->0
[2026-03-25T20:37:48.043+0900][16.125s][info][gc,metaspace] GC(265) Metaspace: 6032K(6208K)->6032K(6208K) NonClass: 5399K(5504K)->5399K(5504K) Class: 632K(704K)->632K(704K)
[2026-03-25T20:37:48.043+0900][16.125s][info][gc          ] GC(265) Pause Young (Normal) (G1 Evacuation Pause) 155M->13M(258M) 2.091ms
[2026-03-25T20:37:48.043+0900][16.125s][info][gc,cpu      ] GC(265) User=0.00s Sys=0.00s Real=0.00s
[2026-03-25T20:37:48.102+0900][16.184s][info][gc,start    ] GC(266) Pause Young (Normal) (G1 Evacuation Pause)
[2026-03-25T20:37:48.102+0900][16.184s][info][gc,task     ] GC(266) Using 6 workers of 9 for evacuation
[2026-03-25T20:37:48.103+0900][16.185s][info][gc,phases   ] GC(266)   Pre Evacuate Collection Set: 0.08ms
[2026-03-25T20:37:48.103+0900][16.185s][info][gc,phases   ] GC(266)   Merge Heap Roots: 0.04ms
[2026-03-25T20:37:48.103+0900][16.185s][info][gc,phases   ] GC(266)   Evacuate Collection Set: 0.79ms
[2026-03-25T20:37:48.103+0900][16.185s][info][gc,phases   ] GC(266)   Post Evacuate Collection Set: 0.16ms
[2026-03-25T20:37:48.103+0900][16.185s][info][gc,phases   ] GC(266)   Other: 0.10ms
[2026-03-25T20:37:48.103+0900][16.185s][info][gc,heap     ] GC(266) Eden regions: 143->0(143)
[2026-03-25T20:37:48.103+0900][16.185s][info][gc,heap     ] GC(266) Survivor regions: 10->10(20)
[2026-03-25T20:37:48.103+0900][16.185s][info][gc,heap     ] GC(266) Old regions: 5->5
[2026-03-25T20:37:48.103+0900][16.185s][info][gc,heap     ] GC(266) Humongous regions: 0->0
[2026-03-25T20:37:48.103+0900][16.185s][info][gc,metaspace] GC(266) Metaspace: 6032K(6208K)->6032K(6208K) NonClass: 5399K(5504K)->5399K(5504K) Class: 632K(704K)->632K(704K)
[2026-03-25T20:37:48.103+0900][16.185s][info][gc          ] GC(266) Pause Young (Normal) (G1 Evacuation Pause) 155M->13M(258M) 1.431ms
[2026-03-25T20:37:48.103+0900][16.185s][info][gc,cpu      ] GC(266) User=0.01s Sys=0.00s Real=0.00s
[2026-03-25T20:37:48.158+0900][16.239s][info][gc,start    ] GC(267) Pause Young (Normal) (G1 Evacuation Pause)
[2026-03-25T20:37:48.158+0900][16.239s][info][gc,task     ] GC(267) Using 6 workers of 9 for evacuation
[2026-03-25T20:37:48.159+0900][16.241s][info][gc,phases   ] GC(267)   Pre Evacuate Collection Set: 0.08ms
[2026-03-25T20:37:48.159+0900][16.241s][info][gc,phases   ] GC(267)   Merge Heap Roots: 0.04ms
[2026-03-25T20:37:48.159+0900][16.241s][info][gc,phases   ] GC(267)   Evacuate Collection Set: 0.90ms
[2026-03-25T20:37:48.159+0900][16.241s][info][gc,phases   ] GC(267)   Post Evacuate Collection Set: 0.21ms
[2026-03-25T20:37:48.159+0900][16.241s][info][gc,phases   ] GC(267)   Other: 0.10ms
[2026-03-25T20:37:48.159+0900][16.241s][info][gc,heap     ] GC(267) Eden regions: 143->0(143)
[2026-03-25T20:37:48.159+0900][16.241s][info][gc,heap     ] GC(267) Survivor regions: 10->10(20)
[2026-03-25T20:37:48.159+0900][16.241s][info][gc,heap     ] GC(267) Old regions: 5->5
[2026-03-25T20:37:48.159+0900][16.241s][info][gc,heap     ] GC(267) Humongous regions: 0->0
[2026-03-25T20:37:48.159+0900][16.241s][info][gc,metaspace] GC(267) Metaspace: 6032K(6208K)->6032K(6208K) NonClass: 5399K(5504K)->5399K(5504K) Class: 632K(704K)->632K(704K)
[2026-03-25T20:37:48.159+0900][16.241s][info][gc          ] GC(267) Pause Young (Normal) (G1 Evacuation Pause) 155M->13M(258M) 1.683ms
[2026-03-25T20:37:48.159+0900][16.241s][info][gc,cpu      ] GC(267) User=0.01s Sys=0.00s Real=0.00s
[2026-03-25T20:37:48.217+0900][16.299s][info][gc,start    ] GC(268) Pause Young (Normal) (G1 Evacuation Pause)
[2026-03-25T20:37:48.217+0900][16.299s][info][gc,task     ] GC(268) Using 6 workers of 9 for evacuation
[2026-03-25T20:37:48.219+0900][16.300s][info][gc,phases   ] GC(268)   Pre Evacuate Collection Set: 0.11ms
[2026-03-25T20:37:48.219+0900][16.300s][info][gc,phases   ] GC(268)   Merge Heap Roots: 0.05ms
[2026-03-25T20:37:48.219+0900][16.300s][info][gc,phases   ] GC(268)   Evacuate Collection Set: 1.11ms
[2026-03-25T20:37:48.219+0900][16.300s][info][gc,phases   ] GC(268)   Post Evacuate Collection Set: 0.18ms
[2026-03-25T20:37:48.219+0900][16.300s][info][gc,phases   ] GC(268)   Other: 0.10ms
[2026-03-25T20:37:48.219+0900][16.300s][info][gc,heap     ] GC(268) Eden regions: 143->0(143)
[2026-03-25T20:37:48.219+0900][16.300s][info][gc,heap     ] GC(268) Survivor regions: 10->10(20)
[2026-03-25T20:37:48.219+0900][16.300s][info][gc,heap     ] GC(268) Old regions: 5->5
[2026-03-25T20:37:48.219+0900][16.300s][info][gc,heap     ] GC(268) Humongous regions: 0->0
[2026-03-25T20:37:48.219+0900][16.300s][info][gc,metaspace] GC(268) Metaspace: 6032K(6208K)->6032K(6208K) NonClass: 5399K(5504K)->5399K(5504K) Class: 632K(704K)->632K(704K)
[2026-03-25T20:37:48.219+0900][16.301s][info][gc          ] GC(268) Pause Young (Normal) (G1 Evacuation Pause) 155M->13M(258M) 1.896ms
[2026-03-25T20:37:48.219+0900][16.301s][info][gc,cpu      ] GC(268) User=0.01s Sys=0.00s Real=0.00s
[2026-03-25T20:37:48.278+0900][16.359s][info][gc,start    ] GC(269) Pause Young (Normal) (G1 Evacuation Pause)
[2026-03-25T20:37:48.278+0900][16.359s][info][gc,task     ] GC(269) Using 6 workers of 9 for evacuation
[2026-03-25T20:37:48.279+0900][16.360s][info][gc,phases   ] GC(269)   Pre Evacuate Collection Set: 0.09ms
[2026-03-25T20:37:48.279+0900][16.361s][info][gc,phases   ] GC(269)   Merge Heap Roots: 0.05ms
[2026-03-25T20:37:48.279+0900][16.361s][info][gc,phases   ] GC(269)   Evacuate Collection Set: 0.77ms
[2026-03-25T20:37:48.279+0900][16.361s][info][gc,phases   ] GC(269)   Post Evacuate Collection Set: 0.18ms
[2026-03-25T20:37:48.279+0900][16.361s][info][gc,phases   ] GC(269)   Other: 0.10ms
[2026-03-25T20:37:48.279+0900][16.361s][info][gc,heap     ] GC(269) Eden regions: 143->0(143)
[2026-03-25T20:37:48.279+0900][16.361s][info][gc,heap     ] GC(269) Survivor regions: 10->10(20)
[2026-03-25T20:37:48.279+0900][16.361s][info][gc,heap     ] GC(269) Old regions: 5->5
[2026-03-25T20:37:48.279+0900][16.361s][info][gc,heap     ] GC(269) Humongous regions: 0->0
[2026-03-25T20:37:48.279+0900][16.361s][info][gc,metaspace] GC(269) Metaspace: 6032K(6208K)->6032K(6208K) NonClass: 5399K(5504K)->5399K(5504K) Class: 632K(704K)->632K(704K)
[2026-03-25T20:37:48.279+0900][16.361s][info][gc          ] GC(269) Pause Young (Normal) (G1 Evacuation Pause) 155M->13M(258M) 1.479ms
[2026-03-25T20:37:48.279+0900][16.361s][info][gc,cpu      ] GC(269) User=0.00s Sys=0.00s Real=0.00s
[2026-03-25T20:37:48.338+0900][16.419s][info][gc,start    ] GC(270) Pause Young (Normal) (G1 Evacuation Pause)
[2026-03-25T20:37:48.338+0900][16.420s][info][gc,task     ] GC(270) Using 6 workers of 9 for evacuation
[2026-03-25T20:37:48.339+0900][16.421s][info][gc,phases   ] GC(270)   Pre Evacuate Collection Set: 0.08ms
[2026-03-25T20:37:48.339+0900][16.421s][info][gc,phases   ] GC(270)   Merge Heap Roots: 0.04ms
[2026-03-25T20:37:48.339+0900][16.421s][info][gc,phases   ] GC(270)   Evacuate Collection Set: 0.70ms
[2026-03-25T20:37:48.339+0900][16.421s][info][gc,phases   ] GC(270)   Post Evacuate Collection Set: 0.17ms
[2026-03-25T20:37:48.339+0900][16.421s][info][gc,phases   ] GC(270)   Other: 0.09ms
[2026-03-25T20:37:48.339+0900][16.421s][info][gc,heap     ] GC(270) Eden regions: 143->0(143)
[2026-03-25T20:37:48.339+0900][16.421s][info][gc,heap     ] GC(270) Survivor regions: 10->10(20)
[2026-03-25T20:37:48.339+0900][16.421s][info][gc,heap     ] GC(270) Old regions: 5->5
[2026-03-25T20:37:48.339+0900][16.421s][info][gc,heap     ] GC(270) Humongous regions: 0->0
[2026-03-25T20:37:48.339+0900][16.421s][info][gc,metaspace] GC(270) Metaspace: 6034K(6208K)->6034K(6208K) NonClass: 5401K(5504K)->5401K(5504K) Class: 632K(704K)->632K(704K)
[2026-03-25T20:37:48.339+0900][16.421s][info][gc          ] GC(270) Pause Young (Normal) (G1 Evacuation Pause) 155M->13M(258M) 1.354ms
[2026-03-25T20:37:48.339+0900][16.421s][info][gc,cpu      ] GC(270) User=0.01s Sys=0.00s Real=0.00s
[2026-03-25T20:37:48.398+0900][16.479s][info][gc,start    ] GC(271) Pause Young (Normal) (G1 Evacuation Pause)
[2026-03-25T20:37:48.398+0900][16.479s][info][gc,task     ] GC(271) Using 6 workers of 9 for evacuation
[2026-03-25T20:37:48.399+0900][16.480s][info][gc,phases   ] GC(271)   Pre Evacuate Collection Set: 0.07ms
[2026-03-25T20:37:48.399+0900][16.480s][info][gc,phases   ] GC(271)   Merge Heap Roots: 0.04ms
[2026-03-25T20:37:48.399+0900][16.480s][info][gc,phases   ] GC(271)   Evacuate Collection Set: 0.76ms
[2026-03-25T20:37:48.399+0900][16.480s][info][gc,phases   ] GC(271)   Post Evacuate Collection Set: 0.18ms
[2026-03-25T20:37:48.399+0900][16.480s][info][gc,phases   ] GC(271)   Other: 0.08ms
[2026-03-25T20:37:48.399+0900][16.480s][info][gc,heap     ] GC(271) Eden regions: 143->0(143)
[2026-03-25T20:37:48.399+0900][16.481s][info][gc,heap     ] GC(271) Survivor regions: 10->10(20)
[2026-03-25T20:37:48.399+0900][16.481s][info][gc,heap     ] GC(271) Old regions: 5->5
[2026-03-25T20:37:48.399+0900][16.481s][info][gc,heap     ] GC(271) Humongous regions: 0->0
[2026-03-25T20:37:48.399+0900][16.481s][info][gc,metaspace] GC(271) Metaspace: 6034K(6208K)->6034K(6208K) NonClass: 5401K(5504K)->5401K(5504K) Class: 632K(704K)->632K(704K)
[2026-03-25T20:37:48.399+0900][16.481s][info][gc          ] GC(271) Pause Young (Normal) (G1 Evacuation Pause) 155M->13M(258M) 1.420ms
[2026-03-25T20:37:48.399+0900][16.481s][info][gc,cpu      ] GC(271) User=0.01s Sys=0.00s Real=0.00s
[2026-03-25T20:37:48.457+0900][16.539s][info][gc,start    ] GC(272) Pause Young (Normal) (G1 Evacuation Pause)
[2026-03-25T20:37:48.457+0900][16.539s][info][gc,task     ] GC(272) Using 6 workers of 9 for evacuation
[2026-03-25T20:37:48.459+0900][16.540s][info][gc,phases   ] GC(272)   Pre Evacuate Collection Set: 0.08ms
[2026-03-25T20:37:48.459+0900][16.541s][info][gc,phases   ] GC(272)   Merge Heap Roots: 0.05ms
[2026-03-25T20:37:48.459+0900][16.541s][info][gc,phases   ] GC(272)   Evacuate Collection Set: 1.12ms
[2026-03-25T20:37:48.459+0900][16.541s][info][gc,phases   ] GC(272)   Post Evacuate Collection Set: 0.17ms
[2026-03-25T20:37:48.459+0900][16.541s][info][gc,phases   ] GC(272)   Other: 0.09ms
[2026-03-25T20:37:48.459+0900][16.541s][info][gc,heap     ] GC(272) Eden regions: 143->0(143)
[2026-03-25T20:37:48.459+0900][16.541s][info][gc,heap     ] GC(272) Survivor regions: 10->10(20)
[2026-03-25T20:37:48.459+0900][16.541s][info][gc,heap     ] GC(272) Old regions: 5->5
[2026-03-25T20:37:48.459+0900][16.541s][info][gc,heap     ] GC(272) Humongous regions: 0->0
[2026-03-25T20:37:48.459+0900][16.541s][info][gc,metaspace] GC(272) Metaspace: 6034K(6208K)->6034K(6208K) NonClass: 5401K(5504K)->5401K(5504K) Class: 632K(704K)->632K(704K)
[2026-03-25T20:37:48.459+0900][16.541s][info][gc          ] GC(272) Pause Young (Normal) (G1 Evacuation Pause) 155M->13M(258M) 1.785ms
[2026-03-25T20:37:48.459+0900][16.541s][info][gc,cpu      ] GC(272) User=0.00s Sys=0.00s Real=0.00s
[2026-03-25T20:37:48.573+0900][16.654s][info][gc,start    ] GC(273) Pause Young (Normal) (G1 Evacuation Pause)
[2026-03-25T20:37:48.573+0900][16.654s][info][gc,task     ] GC(273) Using 6 workers of 9 for evacuation
[2026-03-25T20:37:48.574+0900][16.656s][info][gc,phases   ] GC(273)   Pre Evacuate Collection Set: 0.11ms
[2026-03-25T20:37:48.574+0900][16.656s][info][gc,phases   ] GC(273)   Merge Heap Roots: 0.07ms
[2026-03-25T20:37:48.574+0900][16.656s][info][gc,phases   ] GC(273)   Evacuate Collection Set: 1.11ms
[2026-03-25T20:37:48.574+0900][16.656s][info][gc,phases   ] GC(273)   Post Evacuate Collection Set: 0.17ms
[2026-03-25T20:37:48.574+0900][16.656s][info][gc,phases   ] GC(273)   Other: 0.13ms
[2026-03-25T20:37:48.574+0900][16.656s][info][gc,heap     ] GC(273) Eden regions: 143->0(143)
[2026-03-25T20:37:48.575+0900][16.656s][info][gc,heap     ] GC(273) Survivor regions: 10->10(20)
[2026-03-25T20:37:48.575+0900][16.656s][info][gc,heap     ] GC(273) Old regions: 5->5
[2026-03-25T20:37:48.575+0900][16.656s][info][gc,heap     ] GC(273) Humongous regions: 0->0
[2026-03-25T20:37:48.575+0900][16.656s][info][gc,metaspace] GC(273) Metaspace: 6034K(6208K)->6034K(6208K) NonClass: 5401K(5504K)->5401K(5504K) Class: 632K(704K)->632K(704K)
[2026-03-25T20:37:48.575+0900][16.656s][info][gc          ] GC(273) Pause Young (Normal) (G1 Evacuation Pause) 155M->13M(258M) 1.982ms
[2026-03-25T20:37:48.575+0900][16.656s][info][gc,cpu      ] GC(273) User=0.00s Sys=0.00s Real=0.00s
[2026-03-25T20:37:48.633+0900][16.715s][info][gc,start    ] GC(274) Pause Young (Normal) (G1 Evacuation Pause)
[2026-03-25T20:37:48.633+0900][16.715s][info][gc,task     ] GC(274) Using 6 workers of 9 for evacuation
[2026-03-25T20:37:48.635+0900][16.716s][info][gc,phases   ] GC(274)   Pre Evacuate Collection Set: 0.12ms
[2026-03-25T20:37:48.635+0900][16.717s][info][gc,phases   ] GC(274)   Merge Heap Roots: 0.07ms
[2026-03-25T20:37:48.635+0900][16.717s][info][gc,phases   ] GC(274)   Evacuate Collection Set: 1.21ms
[2026-03-25T20:37:48.635+0900][16.717s][info][gc,phases   ] GC(274)   Post Evacuate Collection Set: 0.19ms
[2026-03-25T20:37:48.635+0900][16.717s][info][gc,phases   ] GC(274)   Other: 0.12ms
[2026-03-25T20:37:48.635+0900][16.717s][info][gc,heap     ] GC(274) Eden regions: 143->0(143)
[2026-03-25T20:37:48.635+0900][16.717s][info][gc,heap     ] GC(274) Survivor regions: 10->10(20)
[2026-03-25T20:37:48.635+0900][16.717s][info][gc,heap     ] GC(274) Old regions: 5->5
[2026-03-25T20:37:48.635+0900][16.717s][info][gc,heap     ] GC(274) Humongous regions: 0->0
[2026-03-25T20:37:48.635+0900][16.717s][info][gc,metaspace] GC(274) Metaspace: 6034K(6208K)->6034K(6208K) NonClass: 5401K(5504K)->5401K(5504K) Class: 632K(704K)->632K(704K)
[2026-03-25T20:37:48.635+0900][16.717s][info][gc          ] GC(274) Pause Young (Normal) (G1 Evacuation Pause) 155M->13M(258M) 2.080ms
[2026-03-25T20:37:48.635+0900][16.717s][info][gc,cpu      ] GC(274) User=0.01s Sys=0.01s Real=0.00s
[2026-03-25T20:37:48.691+0900][16.773s][info][gc,start    ] GC(275) Pause Young (Normal) (G1 Evacuation Pause)
[2026-03-25T20:37:48.691+0900][16.773s][info][gc,task     ] GC(275) Using 6 workers of 9 for evacuation
[2026-03-25T20:37:48.693+0900][16.774s][info][gc,phases   ] GC(275)   Pre Evacuate Collection Set: 0.06ms
[2026-03-25T20:37:48.693+0900][16.774s][info][gc,phases   ] GC(275)   Merge Heap Roots: 0.03ms
[2026-03-25T20:37:48.693+0900][16.774s][info][gc,phases   ] GC(275)   Evacuate Collection Set: 1.20ms
[2026-03-25T20:37:48.693+0900][16.774s][info][gc,phases   ] GC(275)   Post Evacuate Collection Set: 0.14ms
[2026-03-25T20:37:48.693+0900][16.774s][info][gc,phases   ] GC(275)   Other: 0.06ms
[2026-03-25T20:37:48.693+0900][16.774s][info][gc,heap     ] GC(275) Eden regions: 143->0(143)
[2026-03-25T20:37:48.693+0900][16.774s][info][gc,heap     ] GC(275) Survivor regions: 10->10(20)
[2026-03-25T20:37:48.693+0900][16.775s][info][gc,heap     ] GC(275) Old regions: 5->5
[2026-03-25T20:37:48.693+0900][16.775s][info][gc,heap     ] GC(275) Humongous regions: 0->0
[2026-03-25T20:37:48.693+0900][16.775s][info][gc,metaspace] GC(275) Metaspace: 6034K(6208K)->6034K(6208K) NonClass: 5401K(5504K)->5401K(5504K) Class: 632K(704K)->632K(704K)
[2026-03-25T20:37:48.693+0900][16.775s][info][gc          ] GC(275) Pause Young (Normal) (G1 Evacuation Pause) 155M->13M(258M) 1.725ms
[2026-03-25T20:37:48.693+0900][16.775s][info][gc,cpu      ] GC(275) User=0.00s Sys=0.00s Real=0.00s
[2026-03-25T20:37:48.750+0900][16.831s][info][gc,start    ] GC(276) Pause Young (Normal) (G1 Evacuation Pause)
[2026-03-25T20:37:48.750+0900][16.831s][info][gc,task     ] GC(276) Using 6 workers of 9 for evacuation
[2026-03-25T20:37:48.751+0900][16.833s][info][gc,phases   ] GC(276)   Pre Evacuate Collection Set: 0.09ms
[2026-03-25T20:37:48.751+0900][16.833s][info][gc,phases   ] GC(276)   Merge Heap Roots: 0.07ms
[2026-03-25T20:37:48.751+0900][16.833s][info][gc,phases   ] GC(276)   Evacuate Collection Set: 0.76ms
[2026-03-25T20:37:48.751+0900][16.833s][info][gc,phases   ] GC(276)   Post Evacuate Collection Set: 0.26ms
[2026-03-25T20:37:48.751+0900][16.833s][info][gc,phases   ] GC(276)   Other: 0.14ms
[2026-03-25T20:37:48.751+0900][16.833s][info][gc,heap     ] GC(276) Eden regions: 143->0(143)
[2026-03-25T20:37:48.751+0900][16.833s][info][gc,heap     ] GC(276) Survivor regions: 10->10(20)
[2026-03-25T20:37:48.751+0900][16.833s][info][gc,heap     ] GC(276) Old regions: 5->5
[2026-03-25T20:37:48.751+0900][16.833s][info][gc,heap     ] GC(276) Humongous regions: 0->0
[2026-03-25T20:37:48.751+0900][16.833s][info][gc,metaspace] GC(276) Metaspace: 6034K(6208K)->6034K(6208K) NonClass: 5401K(5504K)->5401K(5504K) Class: 632K(704K)->632K(704K)
[2026-03-25T20:37:48.751+0900][16.833s][info][gc          ] GC(276) Pause Young (Normal) (G1 Evacuation Pause) 155M->13M(258M) 1.751ms
[2026-03-25T20:37:48.751+0900][16.833s][info][gc,cpu      ] GC(276) User=0.01s Sys=0.00s Real=0.00s
[2026-03-25T20:37:48.810+0900][16.891s][info][gc,start    ] GC(277) Pause Young (Normal) (G1 Evacuation Pause)
[2026-03-25T20:37:48.810+0900][16.891s][info][gc,task     ] GC(277) Using 6 workers of 9 for evacuation
[2026-03-25T20:37:48.811+0900][16.893s][info][gc,phases   ] GC(277)   Pre Evacuate Collection Set: 0.10ms
[2026-03-25T20:37:48.811+0900][16.893s][info][gc,phases   ] GC(277)   Merge Heap Roots: 0.06ms
[2026-03-25T20:37:48.812+0900][16.893s][info][gc,phases   ] GC(277)   Evacuate Collection Set: 1.15ms
[2026-03-25T20:37:48.812+0900][16.893s][info][gc,phases   ] GC(277)   Post Evacuate Collection Set: 0.18ms
[2026-03-25T20:37:48.812+0900][16.893s][info][gc,phases   ] GC(277)   Other: 0.11ms
[2026-03-25T20:37:48.812+0900][16.893s][info][gc,heap     ] GC(277) Eden regions: 143->0(143)
[2026-03-25T20:37:48.812+0900][16.893s][info][gc,heap     ] GC(277) Survivor regions: 10->10(20)
[2026-03-25T20:37:48.812+0900][16.893s][info][gc,heap     ] GC(277) Old regions: 5->5
[2026-03-25T20:37:48.812+0900][16.893s][info][gc,heap     ] GC(277) Humongous regions: 0->0
[2026-03-25T20:37:48.812+0900][16.893s][info][gc,metaspace] GC(277) Metaspace: 6034K(6208K)->6034K(6208K) NonClass: 5401K(5504K)->5401K(5504K) Class: 632K(704K)->632K(704K)
[2026-03-25T20:37:48.812+0900][16.893s][info][gc          ] GC(277) Pause Young (Normal) (G1 Evacuation Pause) 155M->13M(258M) 1.924ms
[2026-03-25T20:37:48.812+0900][16.893s][info][gc,cpu      ] GC(277) User=0.01s Sys=0.00s Real=0.00s
[2026-03-25T20:37:48.870+0900][16.951s][info][gc,start    ] GC(278) Pause Young (Normal) (G1 Evacuation Pause)
[2026-03-25T20:37:48.870+0900][16.952s][info][gc,task     ] GC(278) Using 6 workers of 9 for evacuation
[2026-03-25T20:37:48.872+0900][16.953s][info][gc,phases   ] GC(278)   Pre Evacuate Collection Set: 0.11ms
[2026-03-25T20:37:48.872+0900][16.953s][info][gc,phases   ] GC(278)   Merge Heap Roots: 0.07ms
[2026-03-25T20:37:48.872+0900][16.953s][info][gc,phases   ] GC(278)   Evacuate Collection Set: 1.24ms
[2026-03-25T20:37:48.872+0900][16.953s][info][gc,phases   ] GC(278)   Post Evacuate Collection Set: 0.17ms
[2026-03-25T20:37:48.872+0900][16.953s][info][gc,phases   ] GC(278)   Other: 0.11ms
[2026-03-25T20:37:48.872+0900][16.953s][info][gc,heap     ] GC(278) Eden regions: 143->0(143)
[2026-03-25T20:37:48.872+0900][16.953s][info][gc,heap     ] GC(278) Survivor regions: 10->10(20)
[2026-03-25T20:37:48.872+0900][16.953s][info][gc,heap     ] GC(278) Old regions: 5->5
[2026-03-25T20:37:48.872+0900][16.953s][info][gc,heap     ] GC(278) Humongous regions: 0->0
[2026-03-25T20:37:48.872+0900][16.953s][info][gc,metaspace] GC(278) Metaspace: 6034K(6208K)->6034K(6208K) NonClass: 5401K(5504K)->5401K(5504K) Class: 632K(704K)->632K(704K)
[2026-03-25T20:37:48.872+0900][16.953s][info][gc          ] GC(278) Pause Young (Normal) (G1 Evacuation Pause) 155M->13M(258M) 1.994ms
[2026-03-25T20:37:48.872+0900][16.954s][info][gc,cpu      ] GC(278) User=0.01s Sys=0.00s Real=0.00s
[2026-03-25T20:37:48.927+0900][17.009s][info][gc,start    ] GC(279) Pause Young (Normal) (G1 Evacuation Pause)
[2026-03-25T20:37:48.927+0900][17.009s][info][gc,task     ] GC(279) Using 6 workers of 9 for evacuation
[2026-03-25T20:37:48.929+0900][17.010s][info][gc,phases   ] GC(279)   Pre Evacuate Collection Set: 0.11ms
[2026-03-25T20:37:48.929+0900][17.011s][info][gc,phases   ] GC(279)   Merge Heap Roots: 0.06ms
[2026-03-25T20:37:48.929+0900][17.011s][info][gc,phases   ] GC(279)   Evacuate Collection Set: 1.09ms
[2026-03-25T20:37:48.929+0900][17.011s][info][gc,phases   ] GC(279)   Post Evacuate Collection Set: 0.17ms
[2026-03-25T20:37:48.929+0900][17.011s][info][gc,phases   ] GC(279)   Other: 0.11ms
[2026-03-25T20:37:48.929+0900][17.011s][info][gc,heap     ] GC(279) Eden regions: 143->0(143)
[2026-03-25T20:37:48.929+0900][17.011s][info][gc,heap     ] GC(279) Survivor regions: 10->10(20)
[2026-03-25T20:37:48.929+0900][17.011s][info][gc,heap     ] GC(279) Old regions: 5->5
[2026-03-25T20:37:48.929+0900][17.011s][info][gc,heap     ] GC(279) Humongous regions: 0->0
[2026-03-25T20:37:48.929+0900][17.011s][info][gc,metaspace] GC(279) Metaspace: 6034K(6208K)->6034K(6208K) NonClass: 5401K(5504K)->5401K(5504K) Class: 632K(704K)->632K(704K)
[2026-03-25T20:37:48.929+0900][17.011s][info][gc          ] GC(279) Pause Young (Normal) (G1 Evacuation Pause) 155M->13M(258M) 1.911ms
[2026-03-25T20:37:48.929+0900][17.011s][info][gc,cpu      ] GC(279) User=0.01s Sys=0.00s Real=0.00s
[2026-03-25T20:37:48.985+0900][17.067s][info][gc,start    ] GC(280) Pause Young (Normal) (G1 Evacuation Pause)
[2026-03-25T20:37:48.985+0900][17.067s][info][gc,task     ] GC(280) Using 6 workers of 9 for evacuation
[2026-03-25T20:37:48.987+0900][17.068s][info][gc,phases   ] GC(280)   Pre Evacuate Collection Set: 0.09ms
[2026-03-25T20:37:48.987+0900][17.068s][info][gc,phases   ] GC(280)   Merge Heap Roots: 0.05ms
[2026-03-25T20:37:48.987+0900][17.068s][info][gc,phases   ] GC(280)   Evacuate Collection Set: 1.18ms
[2026-03-25T20:37:48.987+0900][17.069s][info][gc,phases   ] GC(280)   Post Evacuate Collection Set: 0.18ms
[2026-03-25T20:37:48.987+0900][17.069s][info][gc,phases   ] GC(280)   Other: 0.09ms
[2026-03-25T20:37:48.987+0900][17.069s][info][gc,heap     ] GC(280) Eden regions: 143->0(143)
[2026-03-25T20:37:48.987+0900][17.069s][info][gc,heap     ] GC(280) Survivor regions: 10->10(20)
[2026-03-25T20:37:48.987+0900][17.069s][info][gc,heap     ] GC(280) Old regions: 5->5
[2026-03-25T20:37:48.987+0900][17.069s][info][gc,heap     ] GC(280) Humongous regions: 0->0
[2026-03-25T20:37:48.987+0900][17.069s][info][gc,metaspace] GC(280) Metaspace: 6034K(6208K)->6034K(6208K) NonClass: 5401K(5504K)->5401K(5504K) Class: 632K(704K)->632K(704K)
[2026-03-25T20:37:48.987+0900][17.069s][info][gc          ] GC(280) Pause Young (Normal) (G1 Evacuation Pause) 155M->13M(258M) 1.918ms
[2026-03-25T20:37:48.987+0900][17.069s][info][gc,cpu      ] GC(280) User=0.01s Sys=0.00s Real=0.00s
[2026-03-25T20:37:49.041+0900][17.123s][info][gc,start    ] GC(281) Pause Young (Normal) (G1 Evacuation Pause)
[2026-03-25T20:37:49.041+0900][17.123s][info][gc,task     ] GC(281) Using 6 workers of 9 for evacuation
[2026-03-25T20:37:49.043+0900][17.124s][info][gc,phases   ] GC(281)   Pre Evacuate Collection Set: 0.08ms
[2026-03-25T20:37:49.043+0900][17.124s][info][gc,phases   ] GC(281)   Merge Heap Roots: 0.05ms
[2026-03-25T20:37:49.043+0900][17.124s][info][gc,phases   ] GC(281)   Evacuate Collection Set: 1.22ms
[2026-03-25T20:37:49.043+0900][17.124s][info][gc,phases   ] GC(281)   Post Evacuate Collection Set: 0.18ms
[2026-03-25T20:37:49.043+0900][17.124s][info][gc,phases   ] GC(281)   Other: 0.09ms
[2026-03-25T20:37:49.043+0900][17.124s][info][gc,heap     ] GC(281) Eden regions: 143->0(143)
[2026-03-25T20:37:49.043+0900][17.125s][info][gc,heap     ] GC(281) Survivor regions: 10->10(20)
[2026-03-25T20:37:49.043+0900][17.125s][info][gc,heap     ] GC(281) Old regions: 5->5
[2026-03-25T20:37:49.043+0900][17.125s][info][gc,heap     ] GC(281) Humongous regions: 0->0
[2026-03-25T20:37:49.043+0900][17.125s][info][gc,metaspace] GC(281) Metaspace: 6034K(6208K)->6034K(6208K) NonClass: 5401K(5504K)->5401K(5504K) Class: 632K(704K)->632K(704K)
[2026-03-25T20:37:49.043+0900][17.125s][info][gc          ] GC(281) Pause Young (Normal) (G1 Evacuation Pause) 155M->13M(258M) 1.912ms
[2026-03-25T20:37:49.043+0900][17.125s][info][gc,cpu      ] GC(281) User=0.01s Sys=0.00s Real=0.00s
[2026-03-25T20:37:49.100+0900][17.182s][info][gc,start    ] GC(282) Pause Young (Normal) (G1 Evacuation Pause)
[2026-03-25T20:37:49.100+0900][17.182s][info][gc,task     ] GC(282) Using 6 workers of 9 for evacuation
[2026-03-25T20:37:49.102+0900][17.183s][info][gc,phases   ] GC(282)   Pre Evacuate Collection Set: 0.09ms
[2026-03-25T20:37:49.102+0900][17.183s][info][gc,phases   ] GC(282)   Merge Heap Roots: 0.05ms
[2026-03-25T20:37:49.102+0900][17.183s][info][gc,phases   ] GC(282)   Evacuate Collection Set: 1.13ms
[2026-03-25T20:37:49.102+0900][17.183s][info][gc,phases   ] GC(282)   Post Evacuate Collection Set: 0.18ms
[2026-03-25T20:37:49.102+0900][17.183s][info][gc,phases   ] GC(282)   Other: 0.09ms
[2026-03-25T20:37:49.102+0900][17.184s][info][gc,heap     ] GC(282) Eden regions: 143->0(143)
[2026-03-25T20:37:49.102+0900][17.184s][info][gc,heap     ] GC(282) Survivor regions: 10->10(20)
[2026-03-25T20:37:49.102+0900][17.184s][info][gc,heap     ] GC(282) Old regions: 5->5
[2026-03-25T20:37:49.102+0900][17.184s][info][gc,heap     ] GC(282) Humongous regions: 0->0
[2026-03-25T20:37:49.102+0900][17.184s][info][gc,metaspace] GC(282) Metaspace: 6034K(6208K)->6034K(6208K) NonClass: 5401K(5504K)->5401K(5504K) Class: 632K(704K)->632K(704K)
[2026-03-25T20:37:49.102+0900][17.184s][info][gc          ] GC(282) Pause Young (Normal) (G1 Evacuation Pause) 155M->13M(258M) 1.855ms
[2026-03-25T20:37:49.102+0900][17.184s][info][gc,cpu      ] GC(282) User=0.01s Sys=0.00s Real=0.00s
[2026-03-25T20:37:49.157+0900][17.239s][info][gc,start    ] GC(283) Pause Young (Normal) (G1 Evacuation Pause)
[2026-03-25T20:37:49.157+0900][17.239s][info][gc,task     ] GC(283) Using 6 workers of 9 for evacuation
[2026-03-25T20:37:49.159+0900][17.240s][info][gc,phases   ] GC(283)   Pre Evacuate Collection Set: 0.11ms
[2026-03-25T20:37:49.159+0900][17.240s][info][gc,phases   ] GC(283)   Merge Heap Roots: 0.07ms
[2026-03-25T20:37:49.159+0900][17.240s][info][gc,phases   ] GC(283)   Evacuate Collection Set: 1.21ms
[2026-03-25T20:37:49.159+0900][17.240s][info][gc,phases   ] GC(283)   Post Evacuate Collection Set: 0.18ms
[2026-03-25T20:37:49.159+0900][17.240s][info][gc,phases   ] GC(283)   Other: 0.12ms
[2026-03-25T20:37:49.159+0900][17.240s][info][gc,heap     ] GC(283) Eden regions: 143->0(143)
[2026-03-25T20:37:49.159+0900][17.240s][info][gc,heap     ] GC(283) Survivor regions: 10->10(20)
[2026-03-25T20:37:49.159+0900][17.241s][info][gc,heap     ] GC(283) Old regions: 5->5
[2026-03-25T20:37:49.159+0900][17.241s][info][gc,heap     ] GC(283) Humongous regions: 0->0
[2026-03-25T20:37:49.159+0900][17.241s][info][gc,metaspace] GC(283) Metaspace: 6034K(6208K)->6034K(6208K) NonClass: 5401K(5504K)->5401K(5504K) Class: 632K(704K)->632K(704K)
[2026-03-25T20:37:49.159+0900][17.241s][info][gc          ] GC(283) Pause Young (Normal) (G1 Evacuation Pause) 155M->13M(258M) 2.009ms
[2026-03-25T20:37:49.159+0900][17.241s][info][gc,cpu      ] GC(283) User=0.00s Sys=0.00s Real=0.00s
[2026-03-25T20:37:49.218+0900][17.299s][info][gc,start    ] GC(284) Pause Young (Normal) (G1 Evacuation Pause)
[2026-03-25T20:37:49.218+0900][17.299s][info][gc,task     ] GC(284) Using 6 workers of 9 for evacuation
[2026-03-25T20:37:49.219+0900][17.301s][info][gc,phases   ] GC(284)   Pre Evacuate Collection Set: 0.10ms
[2026-03-25T20:37:49.219+0900][17.301s][info][gc,phases   ] GC(284)   Merge Heap Roots: 0.08ms
[2026-03-25T20:37:49.219+0900][17.301s][info][gc,phases   ] GC(284)   Evacuate Collection Set: 1.11ms
[2026-03-25T20:37:49.219+0900][17.301s][info][gc,phases   ] GC(284)   Post Evacuate Collection Set: 0.16ms
[2026-03-25T20:37:49.219+0900][17.301s][info][gc,phases   ] GC(284)   Other: 0.12ms
[2026-03-25T20:37:49.219+0900][17.301s][info][gc,heap     ] GC(284) Eden regions: 143->0(143)
[2026-03-25T20:37:49.219+0900][17.301s][info][gc,heap     ] GC(284) Survivor regions: 10->10(20)
[2026-03-25T20:37:49.219+0900][17.301s][info][gc,heap     ] GC(284) Old regions: 5->5
[2026-03-25T20:37:49.220+0900][17.301s][info][gc,heap     ] GC(284) Humongous regions: 0->0
[2026-03-25T20:37:49.220+0900][17.301s][info][gc,metaspace] GC(284) Metaspace: 6034K(6208K)->6034K(6208K) NonClass: 5401K(5504K)->5401K(5504K) Class: 632K(704K)->632K(704K)
[2026-03-25T20:37:49.220+0900][17.301s][info][gc          ] GC(284) Pause Young (Normal) (G1 Evacuation Pause) 155M->13M(258M) 1.871ms
[2026-03-25T20:37:49.220+0900][17.301s][info][gc,cpu      ] GC(284) User=0.00s Sys=0.00s Real=0.01s
[2026-03-25T20:37:49.275+0900][17.357s][info][gc,start    ] GC(285) Pause Young (Normal) (G1 Evacuation Pause)
[2026-03-25T20:37:49.275+0900][17.357s][info][gc,task     ] GC(285) Using 6 workers of 9 for evacuation
[2026-03-25T20:37:49.277+0900][17.358s][info][gc,phases   ] GC(285)   Pre Evacuate Collection Set: 0.10ms
[2026-03-25T20:37:49.277+0900][17.358s][info][gc,phases   ] GC(285)   Merge Heap Roots: 0.07ms
[2026-03-25T20:37:49.277+0900][17.358s][info][gc,phases   ] GC(285)   Evacuate Collection Set: 1.23ms
[2026-03-25T20:37:49.277+0900][17.359s][info][gc,phases   ] GC(285)   Post Evacuate Collection Set: 0.21ms
[2026-03-25T20:37:49.277+0900][17.359s][info][gc,phases   ] GC(285)   Other: 0.12ms
[2026-03-25T20:37:49.277+0900][17.359s][info][gc,heap     ] GC(285) Eden regions: 143->0(143)
[2026-03-25T20:37:49.277+0900][17.359s][info][gc,heap     ] GC(285) Survivor regions: 10->10(20)
[2026-03-25T20:37:49.277+0900][17.359s][info][gc,heap     ] GC(285) Old regions: 5->5
[2026-03-25T20:37:49.277+0900][17.359s][info][gc,heap     ] GC(285) Humongous regions: 0->0
[2026-03-25T20:37:49.277+0900][17.359s][info][gc,metaspace] GC(285) Metaspace: 6034K(6208K)->6034K(6208K) NonClass: 5401K(5504K)->5401K(5504K) Class: 632K(704K)->632K(704K)
[2026-03-25T20:37:49.277+0900][17.359s][info][gc          ] GC(285) Pause Young (Normal) (G1 Evacuation Pause) 155M->13M(258M) 2.031ms
[2026-03-25T20:37:49.277+0900][17.359s][info][gc,cpu      ] GC(285) User=0.00s Sys=0.00s Real=0.00s
[2026-03-25T20:37:49.335+0900][17.417s][info][gc,start    ] GC(286) Pause Young (Normal) (G1 Evacuation Pause)
[2026-03-25T20:37:49.335+0900][17.417s][info][gc,task     ] GC(286) Using 6 workers of 9 for evacuation
[2026-03-25T20:37:49.337+0900][17.418s][info][gc,phases   ] GC(286)   Pre Evacuate Collection Set: 0.11ms
[2026-03-25T20:37:49.337+0900][17.418s][info][gc,phases   ] GC(286)   Merge Heap Roots: 0.06ms
[2026-03-25T20:37:49.337+0900][17.419s][info][gc,phases   ] GC(286)   Evacuate Collection Set: 1.01ms
[2026-03-25T20:37:49.337+0900][17.419s][info][gc,phases   ] GC(286)   Post Evacuate Collection Set: 0.17ms
[2026-03-25T20:37:49.337+0900][17.419s][info][gc,phases   ] GC(286)   Other: 0.12ms
[2026-03-25T20:37:49.337+0900][17.419s][info][gc,heap     ] GC(286) Eden regions: 143->0(143)
[2026-03-25T20:37:49.337+0900][17.419s][info][gc,heap     ] GC(286) Survivor regions: 10->10(20)
[2026-03-25T20:37:49.337+0900][17.419s][info][gc,heap     ] GC(286) Old regions: 5->5
[2026-03-25T20:37:49.337+0900][17.419s][info][gc,heap     ] GC(286) Humongous regions: 0->0
[2026-03-25T20:37:49.337+0900][17.419s][info][gc,metaspace] GC(286) Metaspace: 6034K(6208K)->6034K(6208K) NonClass: 5401K(5504K)->5401K(5504K) Class: 632K(704K)->632K(704K)
[2026-03-25T20:37:49.337+0900][17.419s][info][gc          ] GC(286) Pause Young (Normal) (G1 Evacuation Pause) 155M->13M(258M) 1.792ms
[2026-03-25T20:37:49.337+0900][17.419s][info][gc,cpu      ] GC(286) User=0.00s Sys=0.00s Real=0.00s
[2026-03-25T20:37:49.394+0900][17.475s][info][gc,start    ] GC(287) Pause Young (Normal) (G1 Evacuation Pause)
[2026-03-25T20:37:49.394+0900][17.476s][info][gc,task     ] GC(287) Using 6 workers of 9 for evacuation
[2026-03-25T20:37:49.395+0900][17.477s][info][gc,phases   ] GC(287)   Pre Evacuate Collection Set: 0.07ms
[2026-03-25T20:37:49.396+0900][17.477s][info][gc,phases   ] GC(287)   Merge Heap Roots: 0.05ms
[2026-03-25T20:37:49.396+0900][17.477s][info][gc,phases   ] GC(287)   Evacuate Collection Set: 1.01ms
[2026-03-25T20:37:49.396+0900][17.477s][info][gc,phases   ] GC(287)   Post Evacuate Collection Set: 0.25ms
[2026-03-25T20:37:49.396+0900][17.477s][info][gc,phases   ] GC(287)   Other: 0.09ms
[2026-03-25T20:37:49.396+0900][17.477s][info][gc,heap     ] GC(287) Eden regions: 143->0(143)
[2026-03-25T20:37:49.396+0900][17.477s][info][gc,heap     ] GC(287) Survivor regions: 10->10(20)
[2026-03-25T20:37:49.396+0900][17.477s][info][gc,heap     ] GC(287) Old regions: 5->5
[2026-03-25T20:37:49.396+0900][17.477s][info][gc,heap     ] GC(287) Humongous regions: 0->0
[2026-03-25T20:37:49.396+0900][17.477s][info][gc,metaspace] GC(287) Metaspace: 6038K(6208K)->6038K(6208K) NonClass: 5405K(5504K)->5405K(5504K) Class: 632K(704K)->632K(704K)
[2026-03-25T20:37:49.396+0900][17.477s][info][gc          ] GC(287) Pause Young (Normal) (G1 Evacuation Pause) 155M->13M(258M) 1.775ms
[2026-03-25T20:37:49.396+0900][17.477s][info][gc,cpu      ] GC(287) User=0.01s Sys=0.00s Real=0.00s
[2026-03-25T20:37:49.454+0900][17.536s][info][gc,start    ] GC(288) Pause Young (Normal) (G1 Evacuation Pause)
[2026-03-25T20:37:49.454+0900][17.536s][info][gc,task     ] GC(288) Using 6 workers of 9 for evacuation
[2026-03-25T20:37:49.456+0900][17.538s][info][gc,phases   ] GC(288)   Pre Evacuate Collection Set: 0.10ms
[2026-03-25T20:37:49.456+0900][17.538s][info][gc,phases   ] GC(288)   Merge Heap Roots: 0.06ms
[2026-03-25T20:37:49.456+0900][17.538s][info][gc,phases   ] GC(288)   Evacuate Collection Set: 1.16ms
[2026-03-25T20:37:49.456+0900][17.538s][info][gc,phases   ] GC(288)   Post Evacuate Collection Set: 0.21ms
[2026-03-25T20:37:49.456+0900][17.538s][info][gc,phases   ] GC(288)   Other: 0.11ms
[2026-03-25T20:37:49.456+0900][17.538s][info][gc,heap     ] GC(288) Eden regions: 143->0(143)
[2026-03-25T20:37:49.456+0900][17.538s][info][gc,heap     ] GC(288) Survivor regions: 10->10(20)
[2026-03-25T20:37:49.456+0900][17.538s][info][gc,heap     ] GC(288) Old regions: 5->5
[2026-03-25T20:37:49.456+0900][17.538s][info][gc,heap     ] GC(288) Humongous regions: 0->0
[2026-03-25T20:37:49.456+0900][17.538s][info][gc,metaspace] GC(288) Metaspace: 6038K(6208K)->6038K(6208K) NonClass: 5405K(5504K)->5405K(5504K) Class: 632K(704K)->632K(704K)
[2026-03-25T20:37:49.456+0900][17.538s][info][gc          ] GC(288) Pause Young (Normal) (G1 Evacuation Pause) 155M->13M(258M) 2.005ms
[2026-03-25T20:37:49.456+0900][17.538s][info][gc,cpu      ] GC(288) User=0.01s Sys=0.00s Real=0.00s
[2026-03-25T20:37:49.515+0900][17.597s][info][gc,start    ] GC(289) Pause Young (Normal) (G1 Evacuation Pause)
[2026-03-25T20:37:49.515+0900][17.597s][info][gc,task     ] GC(289) Using 6 workers of 9 for evacuation
[2026-03-25T20:37:49.517+0900][17.598s][info][gc,phases   ] GC(289)   Pre Evacuate Collection Set: 0.08ms
[2026-03-25T20:37:49.517+0900][17.598s][info][gc,phases   ] GC(289)   Merge Heap Roots: 0.04ms
[2026-03-25T20:37:49.517+0900][17.598s][info][gc,phases   ] GC(289)   Evacuate Collection Set: 1.12ms
[2026-03-25T20:37:49.517+0900][17.598s][info][gc,phases   ] GC(289)   Post Evacuate Collection Set: 0.17ms
[2026-03-25T20:37:49.517+0900][17.598s][info][gc,phases   ] GC(289)   Other: 0.10ms
[2026-03-25T20:37:49.517+0900][17.598s][info][gc,heap     ] GC(289) Eden regions: 143->0(143)
[2026-03-25T20:37:49.517+0900][17.598s][info][gc,heap     ] GC(289) Survivor regions: 10->10(20)
[2026-03-25T20:37:49.517+0900][17.598s][info][gc,heap     ] GC(289) Old regions: 5->5
[2026-03-25T20:37:49.517+0900][17.598s][info][gc,heap     ] GC(289) Humongous regions: 0->0
[2026-03-25T20:37:49.517+0900][17.598s][info][gc,metaspace] GC(289) Metaspace: 6038K(6208K)->6038K(6208K) NonClass: 5405K(5504K)->5405K(5504K) Class: 632K(704K)->632K(704K)
[2026-03-25T20:37:49.517+0900][17.598s][info][gc          ] GC(289) Pause Young (Normal) (G1 Evacuation Pause) 155M->13M(258M) 1.838ms
[2026-03-25T20:37:49.517+0900][17.598s][info][gc,cpu      ] GC(289) User=0.01s Sys=0.00s Real=0.00s
[2026-03-25T20:37:49.574+0900][17.656s][info][gc,start    ] GC(290) Pause Young (Normal) (G1 Evacuation Pause)
[2026-03-25T20:37:49.575+0900][17.656s][info][gc,task     ] GC(290) Using 6 workers of 9 for evacuation
[2026-03-25T20:37:49.576+0900][17.658s][info][gc,phases   ] GC(290)   Pre Evacuate Collection Set: 0.08ms
[2026-03-25T20:37:49.576+0900][17.658s][info][gc,phases   ] GC(290)   Merge Heap Roots: 0.05ms
[2026-03-25T20:37:49.576+0900][17.658s][info][gc,phases   ] GC(290)   Evacuate Collection Set: 1.17ms
[2026-03-25T20:37:49.576+0900][17.658s][info][gc,phases   ] GC(290)   Post Evacuate Collection Set: 0.17ms
[2026-03-25T20:37:49.576+0900][17.658s][info][gc,phases   ] GC(290)   Other: 0.10ms
[2026-03-25T20:37:49.576+0900][17.658s][info][gc,heap     ] GC(290) Eden regions: 143->0(143)
[2026-03-25T20:37:49.576+0900][17.658s][info][gc,heap     ] GC(290) Survivor regions: 10->10(20)
[2026-03-25T20:37:49.576+0900][17.658s][info][gc,heap     ] GC(290) Old regions: 5->5
[2026-03-25T20:37:49.576+0900][17.658s][info][gc,heap     ] GC(290) Humongous regions: 0->0
[2026-03-25T20:37:49.576+0900][17.658s][info][gc,metaspace] GC(290) Metaspace: 6038K(6208K)->6038K(6208K) NonClass: 5405K(5504K)->5405K(5504K) Class: 632K(704K)->632K(704K)
[2026-03-25T20:37:49.576+0900][17.658s][info][gc          ] GC(290) Pause Young (Normal) (G1 Evacuation Pause) 155M->13M(258M) 1.860ms
[2026-03-25T20:37:49.576+0900][17.658s][info][gc,cpu      ] GC(290) User=0.01s Sys=0.00s Real=0.00s
[2026-03-25T20:37:49.635+0900][17.717s][info][gc,start    ] GC(291) Pause Young (Normal) (G1 Evacuation Pause)
[2026-03-25T20:37:49.635+0900][17.717s][info][gc,task     ] GC(291) Using 6 workers of 9 for evacuation
[2026-03-25T20:37:49.637+0900][17.718s][info][gc,phases   ] GC(291)   Pre Evacuate Collection Set: 0.07ms
[2026-03-25T20:37:49.637+0900][17.718s][info][gc,phases   ] GC(291)   Merge Heap Roots: 0.04ms
[2026-03-25T20:37:49.637+0900][17.718s][info][gc,phases   ] GC(291)   Evacuate Collection Set: 0.93ms
[2026-03-25T20:37:49.637+0900][17.718s][info][gc,phases   ] GC(291)   Post Evacuate Collection Set: 0.17ms
[2026-03-25T20:37:49.637+0900][17.718s][info][gc,phases   ] GC(291)   Other: 0.10ms
[2026-03-25T20:37:49.637+0900][17.718s][info][gc,heap     ] GC(291) Eden regions: 143->0(143)
[2026-03-25T20:37:49.637+0900][17.718s][info][gc,heap     ] GC(291) Survivor regions: 10->10(20)
[2026-03-25T20:37:49.637+0900][17.718s][info][gc,heap     ] GC(291) Old regions: 5->5
[2026-03-25T20:37:49.637+0900][17.718s][info][gc,heap     ] GC(291) Humongous regions: 0->0
[2026-03-25T20:37:49.637+0900][17.718s][info][gc,metaspace] GC(291) Metaspace: 6039K(6208K)->6039K(6208K) NonClass: 5406K(5504K)->5406K(5504K) Class: 632K(704K)->632K(704K)
[2026-03-25T20:37:49.637+0900][17.718s][info][gc          ] GC(291) Pause Young (Normal) (G1 Evacuation Pause) 155M->13M(258M) 1.621ms
[2026-03-25T20:37:49.637+0900][17.718s][info][gc,cpu      ] GC(291) User=0.01s Sys=0.00s Real=0.00s
[2026-03-25T20:37:49.695+0900][17.777s][info][gc,start    ] GC(292) Pause Young (Normal) (G1 Evacuation Pause)
[2026-03-25T20:37:49.695+0900][17.777s][info][gc,task     ] GC(292) Using 6 workers of 9 for evacuation
[2026-03-25T20:37:49.697+0900][17.779s][info][gc,phases   ] GC(292)   Pre Evacuate Collection Set: 0.11ms
[2026-03-25T20:37:49.697+0900][17.779s][info][gc,phases   ] GC(292)   Merge Heap Roots: 0.06ms
[2026-03-25T20:37:49.697+0900][17.779s][info][gc,phases   ] GC(292)   Evacuate Collection Set: 1.12ms
[2026-03-25T20:37:49.697+0900][17.779s][info][gc,phases   ] GC(292)   Post Evacuate Collection Set: 0.18ms
[2026-03-25T20:37:49.697+0900][17.779s][info][gc,phases   ] GC(292)   Other: 0.11ms
[2026-03-25T20:37:49.697+0900][17.779s][info][gc,heap     ] GC(292) Eden regions: 143->0(143)
[2026-03-25T20:37:49.697+0900][17.779s][info][gc,heap     ] GC(292) Survivor regions: 10->10(20)
[2026-03-25T20:37:49.697+0900][17.779s][info][gc,heap     ] GC(292) Old regions: 5->5
[2026-03-25T20:37:49.697+0900][17.779s][info][gc,heap     ] GC(292) Humongous regions: 0->0
[2026-03-25T20:37:49.697+0900][17.779s][info][gc,metaspace] GC(292) Metaspace: 6039K(6208K)->6039K(6208K) NonClass: 5406K(5504K)->5406K(5504K) Class: 632K(704K)->632K(704K)
[2026-03-25T20:37:49.697+0900][17.779s][info][gc          ] GC(292) Pause Young (Normal) (G1 Evacuation Pause) 155M->13M(258M) 1.906ms
[2026-03-25T20:37:49.697+0900][17.779s][info][gc,cpu      ] GC(292) User=0.01s Sys=0.00s Real=0.00s
[2026-03-25T20:37:49.753+0900][17.835s][info][gc,start    ] GC(293) Pause Young (Normal) (G1 Evacuation Pause)
[2026-03-25T20:37:49.753+0900][17.835s][info][gc,task     ] GC(293) Using 6 workers of 9 for evacuation
[2026-03-25T20:37:49.755+0900][17.837s][info][gc,phases   ] GC(293)   Pre Evacuate Collection Set: 0.10ms
[2026-03-25T20:37:49.755+0900][17.837s][info][gc,phases   ] GC(293)   Merge Heap Roots: 0.06ms
[2026-03-25T20:37:49.755+0900][17.837s][info][gc,phases   ] GC(293)   Evacuate Collection Set: 1.07ms
[2026-03-25T20:37:49.755+0900][17.837s][info][gc,phases   ] GC(293)   Post Evacuate Collection Set: 0.18ms
[2026-03-25T20:37:49.755+0900][17.837s][info][gc,phases   ] GC(293)   Other: 0.12ms
[2026-03-25T20:37:49.755+0900][17.837s][info][gc,heap     ] GC(293) Eden regions: 143->0(143)
[2026-03-25T20:37:49.755+0900][17.837s][info][gc,heap     ] GC(293) Survivor regions: 10->10(20)
[2026-03-25T20:37:49.755+0900][17.837s][info][gc,heap     ] GC(293) Old regions: 5->5
[2026-03-25T20:37:49.755+0900][17.837s][info][gc,heap     ] GC(293) Humongous regions: 0->0
[2026-03-25T20:37:49.755+0900][17.837s][info][gc,metaspace] GC(293) Metaspace: 6039K(6208K)->6039K(6208K) NonClass: 5406K(5504K)->5406K(5504K) Class: 632K(704K)->632K(704K)
[2026-03-25T20:37:49.755+0900][17.837s][info][gc          ] GC(293) Pause Young (Normal) (G1 Evacuation Pause) 155M->13M(258M) 1.875ms
[2026-03-25T20:37:49.755+0900][17.837s][info][gc,cpu      ] GC(293) User=0.01s Sys=0.00s Real=0.00s
[2026-03-25T20:37:49.809+0900][17.890s][info][gc,start    ] GC(294) Pause Young (Normal) (G1 Evacuation Pause)
[2026-03-25T20:37:49.809+0900][17.891s][info][gc,task     ] GC(294) Using 6 workers of 9 for evacuation
[2026-03-25T20:37:49.811+0900][17.892s][info][gc,phases   ] GC(294)   Pre Evacuate Collection Set: 0.08ms
[2026-03-25T20:37:49.811+0900][17.892s][info][gc,phases   ] GC(294)   Merge Heap Roots: 0.05ms
[2026-03-25T20:37:49.811+0900][17.892s][info][gc,phases   ] GC(294)   Evacuate Collection Set: 1.06ms
[2026-03-25T20:37:49.811+0900][17.892s][info][gc,phases   ] GC(294)   Post Evacuate Collection Set: 0.22ms
[2026-03-25T20:37:49.811+0900][17.892s][info][gc,phases   ] GC(294)   Other: 0.10ms
[2026-03-25T20:37:49.811+0900][17.892s][info][gc,heap     ] GC(294) Eden regions: 143->0(143)
[2026-03-25T20:37:49.811+0900][17.892s][info][gc,heap     ] GC(294) Survivor regions: 10->10(20)
[2026-03-25T20:37:49.811+0900][17.892s][info][gc,heap     ] GC(294) Old regions: 5->5
[2026-03-25T20:37:49.811+0900][17.892s][info][gc,heap     ] GC(294) Humongous regions: 0->0
[2026-03-25T20:37:49.811+0900][17.892s][info][gc,metaspace] GC(294) Metaspace: 6039K(6208K)->6039K(6208K) NonClass: 5406K(5504K)->5406K(5504K) Class: 632K(704K)->632K(704K)
[2026-03-25T20:37:49.811+0900][17.892s][info][gc          ] GC(294) Pause Young (Normal) (G1 Evacuation Pause) 155M->13M(258M) 1.776ms
[2026-03-25T20:37:49.811+0900][17.892s][info][gc,cpu      ] GC(294) User=0.01s Sys=0.00s Real=0.01s
[2026-03-25T20:37:49.869+0900][17.950s][info][gc,start    ] GC(295) Pause Young (Normal) (G1 Evacuation Pause)
[2026-03-25T20:37:49.869+0900][17.951s][info][gc,task     ] GC(295) Using 6 workers of 9 for evacuation
[2026-03-25T20:37:49.870+0900][17.952s][info][gc,phases   ] GC(295)   Pre Evacuate Collection Set: 0.07ms
[2026-03-25T20:37:49.870+0900][17.952s][info][gc,phases   ] GC(295)   Merge Heap Roots: 0.04ms
[2026-03-25T20:37:49.870+0900][17.952s][info][gc,phases   ] GC(295)   Evacuate Collection Set: 0.81ms
[2026-03-25T20:37:49.870+0900][17.952s][info][gc,phases   ] GC(295)   Post Evacuate Collection Set: 0.19ms
[2026-03-25T20:37:49.870+0900][17.952s][info][gc,phases   ] GC(295)   Other: 0.09ms
[2026-03-25T20:37:49.870+0900][17.952s][info][gc,heap     ] GC(295) Eden regions: 143->0(142)
[2026-03-25T20:37:49.870+0900][17.952s][info][gc,heap     ] GC(295) Survivor regions: 10->11(20)
[2026-03-25T20:37:49.870+0900][17.952s][info][gc,heap     ] GC(295) Old regions: 5->5
[2026-03-25T20:37:49.870+0900][17.952s][info][gc,heap     ] GC(295) Humongous regions: 0->0
[2026-03-25T20:37:49.870+0900][17.952s][info][gc,metaspace] GC(295) Metaspace: 6039K(6208K)->6039K(6208K) NonClass: 5406K(5504K)->5406K(5504K) Class: 632K(704K)->632K(704K)
[2026-03-25T20:37:49.870+0900][17.952s][info][gc          ] GC(295) Pause Young (Normal) (G1 Evacuation Pause) 155M->13M(258M) 1.495ms
[2026-03-25T20:37:49.870+0900][17.952s][info][gc,cpu      ] GC(295) User=0.00s Sys=0.00s Real=0.01s
[2026-03-25T20:37:49.926+0900][18.007s][info][gc,start    ] GC(296) Pause Young (Normal) (G1 Evacuation Pause)
[2026-03-25T20:37:49.926+0900][18.008s][info][gc,task     ] GC(296) Using 6 workers of 9 for evacuation
[2026-03-25T20:37:49.927+0900][18.009s][info][gc,phases   ] GC(296)   Pre Evacuate Collection Set: 0.07ms
[2026-03-25T20:37:49.927+0900][18.009s][info][gc,phases   ] GC(296)   Merge Heap Roots: 0.04ms
[2026-03-25T20:37:49.927+0900][18.009s][info][gc,phases   ] GC(296)   Evacuate Collection Set: 1.04ms
[2026-03-25T20:37:49.927+0900][18.009s][info][gc,phases   ] GC(296)   Post Evacuate Collection Set: 0.20ms
[2026-03-25T20:37:49.928+0900][18.009s][info][gc,phases   ] GC(296)   Other: 0.08ms
[2026-03-25T20:37:49.928+0900][18.009s][info][gc,heap     ] GC(296) Eden regions: 142->0(143)
[2026-03-25T20:37:49.928+0900][18.009s][info][gc,heap     ] GC(296) Survivor regions: 11->10(20)
[2026-03-25T20:37:49.928+0900][18.009s][info][gc,heap     ] GC(296) Old regions: 5->5
[2026-03-25T20:37:49.928+0900][18.009s][info][gc,heap     ] GC(296) Humongous regions: 0->0
[2026-03-25T20:37:49.928+0900][18.009s][info][gc,metaspace] GC(296) Metaspace: 6039K(6208K)->6039K(6208K) NonClass: 5406K(5504K)->5406K(5504K) Class: 632K(704K)->632K(704K)
[2026-03-25T20:37:49.928+0900][18.009s][info][gc          ] GC(296) Pause Young (Normal) (G1 Evacuation Pause) 155M->13M(258M) 1.712ms
[2026-03-25T20:37:49.928+0900][18.009s][info][gc,cpu      ] GC(296) User=0.00s Sys=0.00s Real=0.00s
[2026-03-25T20:37:49.986+0900][18.068s][info][gc,start    ] GC(297) Pause Young (Normal) (G1 Evacuation Pause)
[2026-03-25T20:37:49.986+0900][18.068s][info][gc,task     ] GC(297) Using 6 workers of 9 for evacuation
[2026-03-25T20:37:49.988+0900][18.069s][info][gc,phases   ] GC(297)   Pre Evacuate Collection Set: 0.09ms
[2026-03-25T20:37:49.988+0900][18.069s][info][gc,phases   ] GC(297)   Merge Heap Roots: 0.04ms
[2026-03-25T20:37:49.988+0900][18.069s][info][gc,phases   ] GC(297)   Evacuate Collection Set: 1.00ms
[2026-03-25T20:37:49.988+0900][18.069s][info][gc,phases   ] GC(297)   Post Evacuate Collection Set: 0.17ms
[2026-03-25T20:37:49.988+0900][18.069s][info][gc,phases   ] GC(297)   Other: 0.09ms
[2026-03-25T20:37:49.988+0900][18.069s][info][gc,heap     ] GC(297) Eden regions: 143->0(143)
[2026-03-25T20:37:49.988+0900][18.069s][info][gc,heap     ] GC(297) Survivor regions: 10->10(20)
[2026-03-25T20:37:49.988+0900][18.069s][info][gc,heap     ] GC(297) Old regions: 5->5
[2026-03-25T20:37:49.988+0900][18.069s][info][gc,heap     ] GC(297) Humongous regions: 0->0
[2026-03-25T20:37:49.988+0900][18.069s][info][gc,metaspace] GC(297) Metaspace: 6039K(6208K)->6039K(6208K) NonClass: 5406K(5504K)->5406K(5504K) Class: 632K(704K)->632K(704K)
[2026-03-25T20:37:49.988+0900][18.069s][info][gc          ] GC(297) Pause Young (Normal) (G1 Evacuation Pause) 155M->13M(258M) 1.650ms
[2026-03-25T20:37:49.988+0900][18.069s][info][gc,cpu      ] GC(297) User=0.00s Sys=0.00s Real=0.00s
[2026-03-25T20:37:50.046+0900][18.128s][info][gc,start    ] GC(298) Pause Young (Normal) (G1 Evacuation Pause)
[2026-03-25T20:37:50.047+0900][18.128s][info][gc,task     ] GC(298) Using 6 workers of 9 for evacuation
[2026-03-25T20:37:50.048+0900][18.130s][info][gc,phases   ] GC(298)   Pre Evacuate Collection Set: 0.07ms
[2026-03-25T20:37:50.048+0900][18.130s][info][gc,phases   ] GC(298)   Merge Heap Roots: 0.04ms
[2026-03-25T20:37:50.048+0900][18.130s][info][gc,phases   ] GC(298)   Evacuate Collection Set: 1.23ms
[2026-03-25T20:37:50.048+0900][18.130s][info][gc,phases   ] GC(298)   Post Evacuate Collection Set: 0.16ms
[2026-03-25T20:37:50.048+0900][18.130s][info][gc,phases   ] GC(298)   Other: 0.09ms
[2026-03-25T20:37:50.048+0900][18.130s][info][gc,heap     ] GC(298) Eden regions: 143->0(143)
[2026-03-25T20:37:50.048+0900][18.130s][info][gc,heap     ] GC(298) Survivor regions: 10->10(20)
[2026-03-25T20:37:50.048+0900][18.130s][info][gc,heap     ] GC(298) Old regions: 5->5
[2026-03-25T20:37:50.048+0900][18.130s][info][gc,heap     ] GC(298) Humongous regions: 0->0
[2026-03-25T20:37:50.048+0900][18.130s][info][gc,metaspace] GC(298) Metaspace: 6039K(6208K)->6039K(6208K) NonClass: 5406K(5504K)->5406K(5504K) Class: 632K(704K)->632K(704K)
[2026-03-25T20:37:50.048+0900][18.130s][info][gc          ] GC(298) Pause Young (Normal) (G1 Evacuation Pause) 155M->13M(258M) 1.889ms
[2026-03-25T20:37:50.048+0900][18.130s][info][gc,cpu      ] GC(298) User=0.00s Sys=0.00s Real=0.00s
[2026-03-25T20:37:50.103+0900][18.184s][info][gc,start    ] GC(299) Pause Young (Normal) (G1 Evacuation Pause)
[2026-03-25T20:37:50.103+0900][18.185s][info][gc,task     ] GC(299) Using 6 workers of 9 for evacuation
[2026-03-25T20:37:50.104+0900][18.186s][info][gc,phases   ] GC(299)   Pre Evacuate Collection Set: 0.07ms
[2026-03-25T20:37:50.104+0900][18.186s][info][gc,phases   ] GC(299)   Merge Heap Roots: 0.04ms
[2026-03-25T20:37:50.104+0900][18.186s][info][gc,phases   ] GC(299)   Evacuate Collection Set: 0.79ms
[2026-03-25T20:37:50.104+0900][18.186s][info][gc,phases   ] GC(299)   Post Evacuate Collection Set: 0.17ms
[2026-03-25T20:37:50.104+0900][18.186s][info][gc,phases   ] GC(299)   Other: 0.10ms
[2026-03-25T20:37:50.104+0900][18.186s][info][gc,heap     ] GC(299) Eden regions: 143->0(143)
[2026-03-25T20:37:50.104+0900][18.186s][info][gc,heap     ] GC(299) Survivor regions: 10->10(20)
[2026-03-25T20:37:50.104+0900][18.186s][info][gc,heap     ] GC(299) Old regions: 5->5
[2026-03-25T20:37:50.104+0900][18.186s][info][gc,heap     ] GC(299) Humongous regions: 0->0
[2026-03-25T20:37:50.104+0900][18.186s][info][gc,metaspace] GC(299) Metaspace: 6039K(6208K)->6039K(6208K) NonClass: 5406K(5504K)->5406K(5504K) Class: 632K(704K)->632K(704K)
[2026-03-25T20:37:50.104+0900][18.186s][info][gc          ] GC(299) Pause Young (Normal) (G1 Evacuation Pause) 155M->13M(258M) 1.481ms
[2026-03-25T20:37:50.104+0900][18.186s][info][gc,cpu      ] GC(299) User=0.00s Sys=0.01s Real=0.00s
[2026-03-25T20:37:50.162+0900][18.244s][info][gc,start    ] GC(300) Pause Young (Normal) (G1 Evacuation Pause)
[2026-03-25T20:37:50.162+0900][18.244s][info][gc,task     ] GC(300) Using 6 workers of 9 for evacuation
[2026-03-25T20:37:50.164+0900][18.245s][info][gc,phases   ] GC(300)   Pre Evacuate Collection Set: 0.08ms
[2026-03-25T20:37:50.164+0900][18.245s][info][gc,phases   ] GC(300)   Merge Heap Roots: 0.04ms
[2026-03-25T20:37:50.164+0900][18.245s][info][gc,phases   ] GC(300)   Evacuate Collection Set: 0.99ms
[2026-03-25T20:37:50.164+0900][18.245s][info][gc,phases   ] GC(300)   Post Evacuate Collection Set: 0.18ms
[2026-03-25T20:37:50.164+0900][18.245s][info][gc,phases   ] GC(300)   Other: 0.09ms
[2026-03-25T20:37:50.164+0900][18.245s][info][gc,heap     ] GC(300) Eden regions: 143->0(143)
[2026-03-25T20:37:50.164+0900][18.245s][info][gc,heap     ] GC(300) Survivor regions: 10->10(20)
[2026-03-25T20:37:50.164+0900][18.245s][info][gc,heap     ] GC(300) Old regions: 5->5
[2026-03-25T20:37:50.164+0900][18.245s][info][gc,heap     ] GC(300) Humongous regions: 0->0
[2026-03-25T20:37:50.164+0900][18.245s][info][gc,metaspace] GC(300) Metaspace: 6039K(6208K)->6039K(6208K) NonClass: 5406K(5504K)->5406K(5504K) Class: 632K(704K)->632K(704K)
[2026-03-25T20:37:50.164+0900][18.245s][info][gc          ] GC(300) Pause Young (Normal) (G1 Evacuation Pause) 155M->13M(258M) 1.707ms
[2026-03-25T20:37:50.164+0900][18.245s][info][gc,cpu      ] GC(300) User=0.01s Sys=0.00s Real=0.00s
[2026-03-25T20:37:50.222+0900][18.304s][info][gc,start    ] GC(301) Pause Young (Normal) (G1 Evacuation Pause)
[2026-03-25T20:37:50.222+0900][18.304s][info][gc,task     ] GC(301) Using 6 workers of 9 for evacuation
[2026-03-25T20:37:50.224+0900][18.305s][info][gc,phases   ] GC(301)   Pre Evacuate Collection Set: 0.07ms
[2026-03-25T20:37:50.224+0900][18.305s][info][gc,phases   ] GC(301)   Merge Heap Roots: 0.04ms
[2026-03-25T20:37:50.224+0900][18.305s][info][gc,phases   ] GC(301)   Evacuate Collection Set: 1.18ms
[2026-03-25T20:37:50.224+0900][18.305s][info][gc,phases   ] GC(301)   Post Evacuate Collection Set: 0.18ms
[2026-03-25T20:37:50.224+0900][18.305s][info][gc,phases   ] GC(301)   Other: 0.08ms
[2026-03-25T20:37:50.224+0900][18.305s][info][gc,heap     ] GC(301) Eden regions: 143->0(143)
[2026-03-25T20:37:50.224+0900][18.306s][info][gc,heap     ] GC(301) Survivor regions: 10->10(20)
[2026-03-25T20:37:50.224+0900][18.306s][info][gc,heap     ] GC(301) Old regions: 5->5
[2026-03-25T20:37:50.224+0900][18.306s][info][gc,heap     ] GC(301) Humongous regions: 0->0
[2026-03-25T20:37:50.224+0900][18.306s][info][gc,metaspace] GC(301) Metaspace: 6039K(6208K)->6039K(6208K) NonClass: 5406K(5504K)->5406K(5504K) Class: 632K(704K)->632K(704K)
[2026-03-25T20:37:50.224+0900][18.306s][info][gc          ] GC(301) Pause Young (Normal) (G1 Evacuation Pause) 155M->13M(258M) 1.806ms
[2026-03-25T20:37:50.224+0900][18.306s][info][gc,cpu      ] GC(301) User=0.01s Sys=0.00s Real=0.00s
[2026-03-25T20:37:50.281+0900][18.362s][info][gc,start    ] GC(302) Pause Young (Normal) (G1 Evacuation Pause)
[2026-03-25T20:37:50.281+0900][18.362s][info][gc,task     ] GC(302) Using 6 workers of 9 for evacuation
[2026-03-25T20:37:50.282+0900][18.363s][info][gc,phases   ] GC(302)   Pre Evacuate Collection Set: 0.07ms
[2026-03-25T20:37:50.282+0900][18.363s][info][gc,phases   ] GC(302)   Merge Heap Roots: 0.04ms
[2026-03-25T20:37:50.282+0900][18.363s][info][gc,phases   ] GC(302)   Evacuate Collection Set: 0.76ms
[2026-03-25T20:37:50.282+0900][18.363s][info][gc,phases   ] GC(302)   Post Evacuate Collection Set: 0.18ms
[2026-03-25T20:37:50.282+0900][18.363s][info][gc,phases   ] GC(302)   Other: 0.09ms
[2026-03-25T20:37:50.282+0900][18.363s][info][gc,heap     ] GC(302) Eden regions: 143->0(143)
[2026-03-25T20:37:50.282+0900][18.364s][info][gc,heap     ] GC(302) Survivor regions: 10->10(20)
[2026-03-25T20:37:50.282+0900][18.364s][info][gc,heap     ] GC(302) Old regions: 5->5
[2026-03-25T20:37:50.282+0900][18.364s][info][gc,heap     ] GC(302) Humongous regions: 0->0
[2026-03-25T20:37:50.282+0900][18.364s][info][gc,metaspace] GC(302) Metaspace: 6039K(6208K)->6039K(6208K) NonClass: 5406K(5504K)->5406K(5504K) Class: 632K(704K)->632K(704K)
[2026-03-25T20:37:50.282+0900][18.364s][info][gc          ] GC(302) Pause Young (Normal) (G1 Evacuation Pause) 155M->13M(258M) 1.432ms
[2026-03-25T20:37:50.282+0900][18.364s][info][gc,cpu      ] GC(302) User=0.01s Sys=0.00s Real=0.00s
[2026-03-25T20:37:50.390+0900][18.472s][info][gc,start    ] GC(303) Pause Young (Normal) (G1 Evacuation Pause)
[2026-03-25T20:37:50.390+0900][18.472s][info][gc,task     ] GC(303) Using 6 workers of 9 for evacuation
[2026-03-25T20:37:50.392+0900][18.473s][info][gc,phases   ] GC(303)   Pre Evacuate Collection Set: 0.13ms
[2026-03-25T20:37:50.392+0900][18.473s][info][gc,phases   ] GC(303)   Merge Heap Roots: 0.07ms
[2026-03-25T20:37:50.392+0900][18.474s][info][gc,phases   ] GC(303)   Evacuate Collection Set: 1.16ms
[2026-03-25T20:37:50.392+0900][18.474s][info][gc,phases   ] GC(303)   Post Evacuate Collection Set: 0.16ms
[2026-03-25T20:37:50.392+0900][18.474s][info][gc,phases   ] GC(303)   Other: 0.13ms
[2026-03-25T20:37:50.392+0900][18.474s][info][gc,heap     ] GC(303) Eden regions: 143->0(143)
[2026-03-25T20:37:50.392+0900][18.474s][info][gc,heap     ] GC(303) Survivor regions: 10->10(20)
[2026-03-25T20:37:50.392+0900][18.474s][info][gc,heap     ] GC(303) Old regions: 5->5
[2026-03-25T20:37:50.392+0900][18.474s][info][gc,heap     ] GC(303) Humongous regions: 0->0
[2026-03-25T20:37:50.392+0900][18.474s][info][gc,metaspace] GC(303) Metaspace: 6049K(6208K)->6049K(6208K) NonClass: 5416K(5504K)->5416K(5504K) Class: 632K(704K)->632K(704K)
[2026-03-25T20:37:50.392+0900][18.474s][info][gc          ] GC(303) Pause Young (Normal) (G1 Evacuation Pause) 155M->13M(258M) 2.011ms
[2026-03-25T20:37:50.392+0900][18.474s][info][gc,cpu      ] GC(303) User=0.01s Sys=0.00s Real=0.00s
[2026-03-25T20:37:50.450+0900][18.532s][info][gc,start    ] GC(304) Pause Young (Normal) (G1 Evacuation Pause)
[2026-03-25T20:37:50.450+0900][18.532s][info][gc,task     ] GC(304) Using 6 workers of 9 for evacuation
[2026-03-25T20:37:50.452+0900][18.534s][info][gc,phases   ] GC(304)   Pre Evacuate Collection Set: 0.10ms
[2026-03-25T20:37:50.452+0900][18.534s][info][gc,phases   ] GC(304)   Merge Heap Roots: 0.05ms
[2026-03-25T20:37:50.452+0900][18.534s][info][gc,phases   ] GC(304)   Evacuate Collection Set: 1.21ms
[2026-03-25T20:37:50.452+0900][18.534s][info][gc,phases   ] GC(304)   Post Evacuate Collection Set: 0.20ms
[2026-03-25T20:37:50.452+0900][18.534s][info][gc,phases   ] GC(304)   Other: 0.11ms
[2026-03-25T20:37:50.452+0900][18.534s][info][gc,heap     ] GC(304) Eden regions: 143->0(143)
[2026-03-25T20:37:50.452+0900][18.534s][info][gc,heap     ] GC(304) Survivor regions: 10->10(20)
[2026-03-25T20:37:50.452+0900][18.534s][info][gc,heap     ] GC(304) Old regions: 5->5
[2026-03-25T20:37:50.452+0900][18.534s][info][gc,heap     ] GC(304) Humongous regions: 0->0
[2026-03-25T20:37:50.452+0900][18.534s][info][gc,metaspace] GC(304) Metaspace: 6049K(6208K)->6049K(6208K) NonClass: 5416K(5504K)->5416K(5504K) Class: 632K(704K)->632K(704K)
[2026-03-25T20:37:50.452+0900][18.534s][info][gc          ] GC(304) Pause Young (Normal) (G1 Evacuation Pause) 155M->13M(258M) 2.092ms
[2026-03-25T20:37:50.452+0900][18.534s][info][gc,cpu      ] GC(304) User=0.01s Sys=0.00s Real=0.00s
[2026-03-25T20:37:50.511+0900][18.592s][info][gc,start    ] GC(305) Pause Young (Normal) (G1 Evacuation Pause)
[2026-03-25T20:37:50.511+0900][18.592s][info][gc,task     ] GC(305) Using 6 workers of 9 for evacuation
[2026-03-25T20:37:50.512+0900][18.594s][info][gc,phases   ] GC(305)   Pre Evacuate Collection Set: 0.09ms
[2026-03-25T20:37:50.512+0900][18.594s][info][gc,phases   ] GC(305)   Merge Heap Roots: 0.05ms
[2026-03-25T20:37:50.512+0900][18.594s][info][gc,phases   ] GC(305)   Evacuate Collection Set: 1.15ms
[2026-03-25T20:37:50.512+0900][18.594s][info][gc,phases   ] GC(305)   Post Evacuate Collection Set: 0.25ms
[2026-03-25T20:37:50.512+0900][18.594s][info][gc,phases   ] GC(305)   Other: 0.12ms
[2026-03-25T20:37:50.512+0900][18.594s][info][gc,heap     ] GC(305) Eden regions: 143->0(143)
[2026-03-25T20:37:50.512+0900][18.594s][info][gc,heap     ] GC(305) Survivor regions: 10->10(20)
[2026-03-25T20:37:50.513+0900][18.594s][info][gc,heap     ] GC(305) Old regions: 5->5
[2026-03-25T20:37:50.513+0900][18.594s][info][gc,heap     ] GC(305) Humongous regions: 0->0
[2026-03-25T20:37:50.513+0900][18.594s][info][gc,metaspace] GC(305) Metaspace: 6049K(6208K)->6049K(6208K) NonClass: 5416K(5504K)->5416K(5504K) Class: 632K(704K)->632K(704K)
[2026-03-25T20:37:50.513+0900][18.594s][info][gc          ] GC(305) Pause Young (Normal) (G1 Evacuation Pause) 155M->13M(258M) 2.090ms
[2026-03-25T20:37:50.513+0900][18.594s][info][gc,cpu      ] GC(305) User=0.01s Sys=0.00s Real=0.00s
[2026-03-25T20:37:50.571+0900][18.653s][info][gc,start    ] GC(306) Pause Young (Normal) (G1 Evacuation Pause)
[2026-03-25T20:37:50.571+0900][18.653s][info][gc,task     ] GC(306) Using 6 workers of 9 for evacuation
[2026-03-25T20:37:50.573+0900][18.655s][info][gc,phases   ] GC(306)   Pre Evacuate Collection Set: 0.09ms
[2026-03-25T20:37:50.573+0900][18.655s][info][gc,phases   ] GC(306)   Merge Heap Roots: 0.06ms
[2026-03-25T20:37:50.573+0900][18.655s][info][gc,phases   ] GC(306)   Evacuate Collection Set: 1.36ms
[2026-03-25T20:37:50.573+0900][18.655s][info][gc,phases   ] GC(306)   Post Evacuate Collection Set: 0.39ms
[2026-03-25T20:37:50.573+0900][18.655s][info][gc,phases   ] GC(306)   Other: 0.11ms
[2026-03-25T20:37:50.573+0900][18.655s][info][gc,heap     ] GC(306) Eden regions: 143->0(143)
[2026-03-25T20:37:50.573+0900][18.655s][info][gc,heap     ] GC(306) Survivor regions: 10->10(20)
[2026-03-25T20:37:50.573+0900][18.655s][info][gc,heap     ] GC(306) Old regions: 5->5
[2026-03-25T20:37:50.573+0900][18.655s][info][gc,heap     ] GC(306) Humongous regions: 0->0
[2026-03-25T20:37:50.573+0900][18.655s][info][gc,metaspace] GC(306) Metaspace: 6049K(6208K)->6049K(6208K) NonClass: 5416K(5504K)->5416K(5504K) Class: 632K(704K)->632K(704K)
[2026-03-25T20:37:50.573+0900][18.655s][info][gc          ] GC(306) Pause Young (Normal) (G1 Evacuation Pause) 155M->13M(258M) 2.426ms
[2026-03-25T20:37:50.574+0900][18.655s][info][gc,cpu      ] GC(306) User=0.01s Sys=0.00s Real=0.00s
[2026-03-25T20:37:50.633+0900][18.714s][info][gc,start    ] GC(307) Pause Young (Normal) (G1 Evacuation Pause)
[2026-03-25T20:37:50.633+0900][18.714s][info][gc,task     ] GC(307) Using 6 workers of 9 for evacuation
[2026-03-25T20:37:50.634+0900][18.716s][info][gc,phases   ] GC(307)   Pre Evacuate Collection Set: 0.09ms
[2026-03-25T20:37:50.634+0900][18.716s][info][gc,phases   ] GC(307)   Merge Heap Roots: 0.05ms
[2026-03-25T20:37:50.634+0900][18.716s][info][gc,phases   ] GC(307)   Evacuate Collection Set: 1.08ms
[2026-03-25T20:37:50.634+0900][18.716s][info][gc,phases   ] GC(307)   Post Evacuate Collection Set: 0.17ms
[2026-03-25T20:37:50.634+0900][18.716s][info][gc,phases   ] GC(307)   Other: 0.10ms
[2026-03-25T20:37:50.634+0900][18.716s][info][gc,heap     ] GC(307) Eden regions: 143->0(143)
[2026-03-25T20:37:50.634+0900][18.716s][info][gc,heap     ] GC(307) Survivor regions: 10->10(20)
[2026-03-25T20:37:50.634+0900][18.716s][info][gc,heap     ] GC(307) Old regions: 5->5
[2026-03-25T20:37:50.634+0900][18.716s][info][gc,heap     ] GC(307) Humongous regions: 0->0
[2026-03-25T20:37:50.634+0900][18.716s][info][gc,metaspace] GC(307) Metaspace: 6049K(6208K)->6049K(6208K) NonClass: 5416K(5504K)->5416K(5504K) Class: 632K(704K)->632K(704K)
[2026-03-25T20:37:50.634+0900][18.716s][info][gc          ] GC(307) Pause Young (Normal) (G1 Evacuation Pause) 155M->13M(258M) 1.781ms
[2026-03-25T20:37:50.634+0900][18.716s][info][gc,cpu      ] GC(307) User=0.01s Sys=0.00s Real=0.00s
[2026-03-25T20:37:50.691+0900][18.772s][info][gc,start    ] GC(308) Pause Young (Normal) (G1 Evacuation Pause)
[2026-03-25T20:37:50.691+0900][18.773s][info][gc,task     ] GC(308) Using 6 workers of 9 for evacuation
[2026-03-25T20:37:50.693+0900][18.774s][info][gc,phases   ] GC(308)   Pre Evacuate Collection Set: 0.12ms
[2026-03-25T20:37:50.693+0900][18.774s][info][gc,phases   ] GC(308)   Merge Heap Roots: 0.08ms
[2026-03-25T20:37:50.693+0900][18.775s][info][gc,phases   ] GC(308)   Evacuate Collection Set: 1.30ms
[2026-03-25T20:37:50.693+0900][18.775s][info][gc,phases   ] GC(308)   Post Evacuate Collection Set: 0.25ms
[2026-03-25T20:37:50.693+0900][18.775s][info][gc,phases   ] GC(308)   Other: 0.14ms
[2026-03-25T20:37:50.693+0900][18.775s][info][gc,heap     ] GC(308) Eden regions: 143->0(143)
[2026-03-25T20:37:50.693+0900][18.775s][info][gc,heap     ] GC(308) Survivor regions: 10->10(20)
[2026-03-25T20:37:50.693+0900][18.775s][info][gc,heap     ] GC(308) Old regions: 5->5
[2026-03-25T20:37:50.693+0900][18.775s][info][gc,heap     ] GC(308) Humongous regions: 0->0
[2026-03-25T20:37:50.693+0900][18.775s][info][gc,metaspace] GC(308) Metaspace: 6049K(6208K)->6049K(6208K) NonClass: 5416K(5504K)->5416K(5504K) Class: 632K(704K)->632K(704K)
[2026-03-25T20:37:50.693+0900][18.775s][info][gc          ] GC(308) Pause Young (Normal) (G1 Evacuation Pause) 155M->13M(258M) 2.337ms
[2026-03-25T20:37:50.693+0900][18.775s][info][gc,cpu      ] GC(308) User=0.01s Sys=0.00s Real=0.00s
[2026-03-25T20:37:50.752+0900][18.833s][info][gc,start    ] GC(309) Pause Young (Normal) (G1 Evacuation Pause)
[2026-03-25T20:37:50.752+0900][18.833s][info][gc,task     ] GC(309) Using 6 workers of 9 for evacuation
[2026-03-25T20:37:50.754+0900][18.835s][info][gc,phases   ] GC(309)   Pre Evacuate Collection Set: 0.13ms
[2026-03-25T20:37:50.754+0900][18.835s][info][gc,phases   ] GC(309)   Merge Heap Roots: 0.06ms
[2026-03-25T20:37:50.754+0900][18.835s][info][gc,phases   ] GC(309)   Evacuate Collection Set: 1.14ms
[2026-03-25T20:37:50.754+0900][18.835s][info][gc,phases   ] GC(309)   Post Evacuate Collection Set: 0.26ms
[2026-03-25T20:37:50.754+0900][18.835s][info][gc,phases   ] GC(309)   Other: 0.12ms
[2026-03-25T20:37:50.754+0900][18.835s][info][gc,heap     ] GC(309) Eden regions: 143->0(143)
[2026-03-25T20:37:50.754+0900][18.835s][info][gc,heap     ] GC(309) Survivor regions: 10->10(20)
[2026-03-25T20:37:50.754+0900][18.835s][info][gc,heap     ] GC(309) Old regions: 5->5
[2026-03-25T20:37:50.754+0900][18.835s][info][gc,heap     ] GC(309) Humongous regions: 0->0
[2026-03-25T20:37:50.754+0900][18.835s][info][gc,metaspace] GC(309) Metaspace: 6049K(6208K)->6049K(6208K) NonClass: 5416K(5504K)->5416K(5504K) Class: 632K(704K)->632K(704K)
[2026-03-25T20:37:50.754+0900][18.835s][info][gc          ] GC(309) Pause Young (Normal) (G1 Evacuation Pause) 155M->13M(258M) 2.148ms
[2026-03-25T20:37:50.754+0900][18.835s][info][gc,cpu      ] GC(309) User=0.01s Sys=0.00s Real=0.00s
[2026-03-25T20:37:50.812+0900][18.894s][info][gc,start    ] GC(310) Pause Young (Normal) (G1 Evacuation Pause)
[2026-03-25T20:37:50.813+0900][18.894s][info][gc,task     ] GC(310) Using 6 workers of 9 for evacuation
[2026-03-25T20:37:50.814+0900][18.896s][info][gc,phases   ] GC(310)   Pre Evacuate Collection Set: 0.11ms
[2026-03-25T20:37:50.814+0900][18.896s][info][gc,phases   ] GC(310)   Merge Heap Roots: 0.06ms
[2026-03-25T20:37:50.814+0900][18.896s][info][gc,phases   ] GC(310)   Evacuate Collection Set: 1.10ms
[2026-03-25T20:37:50.814+0900][18.896s][info][gc,phases   ] GC(310)   Post Evacuate Collection Set: 0.18ms
[2026-03-25T20:37:50.814+0900][18.896s][info][gc,phases   ] GC(310)   Other: 0.13ms
[2026-03-25T20:37:50.814+0900][18.896s][info][gc,heap     ] GC(310) Eden regions: 143->0(143)
[2026-03-25T20:37:50.814+0900][18.896s][info][gc,heap     ] GC(310) Survivor regions: 10->10(20)
[2026-03-25T20:37:50.814+0900][18.896s][info][gc,heap     ] GC(310) Old regions: 5->5
[2026-03-25T20:37:50.814+0900][18.896s][info][gc,heap     ] GC(310) Humongous regions: 0->0
[2026-03-25T20:37:50.814+0900][18.896s][info][gc,metaspace] GC(310) Metaspace: 6049K(6208K)->6049K(6208K) NonClass: 5416K(5504K)->5416K(5504K) Class: 632K(704K)->632K(704K)
[2026-03-25T20:37:50.814+0900][18.896s][info][gc          ] GC(310) Pause Young (Normal) (G1 Evacuation Pause) 155M->13M(258M) 2.080ms
[2026-03-25T20:37:50.814+0900][18.896s][info][gc,cpu      ] GC(310) User=0.01s Sys=0.00s Real=0.00s
[2026-03-25T20:37:50.873+0900][18.954s][info][gc,start    ] GC(311) Pause Young (Normal) (G1 Evacuation Pause)
[2026-03-25T20:37:50.873+0900][18.954s][info][gc,task     ] GC(311) Using 6 workers of 9 for evacuation
[2026-03-25T20:37:50.875+0900][18.956s][info][gc,phases   ] GC(311)   Pre Evacuate Collection Set: 0.12ms
[2026-03-25T20:37:50.875+0900][18.956s][info][gc,phases   ] GC(311)   Merge Heap Roots: 0.12ms
[2026-03-25T20:37:50.875+0900][18.956s][info][gc,phases   ] GC(311)   Evacuate Collection Set: 1.30ms
[2026-03-25T20:37:50.875+0900][18.956s][info][gc,phases   ] GC(311)   Post Evacuate Collection Set: 0.16ms
[2026-03-25T20:37:50.875+0900][18.956s][info][gc,phases   ] GC(311)   Other: 0.11ms
[2026-03-25T20:37:50.875+0900][18.956s][info][gc,heap     ] GC(311) Eden regions: 143->0(143)
[2026-03-25T20:37:50.875+0900][18.956s][info][gc,heap     ] GC(311) Survivor regions: 10->10(20)
[2026-03-25T20:37:50.875+0900][18.956s][info][gc,heap     ] GC(311) Old regions: 5->5
[2026-03-25T20:37:50.875+0900][18.956s][info][gc,heap     ] GC(311) Humongous regions: 0->0
[2026-03-25T20:37:50.875+0900][18.956s][info][gc,metaspace] GC(311) Metaspace: 6049K(6208K)->6049K(6208K) NonClass: 5416K(5504K)->5416K(5504K) Class: 632K(704K)->632K(704K)
[2026-03-25T20:37:50.875+0900][18.956s][info][gc          ] GC(311) Pause Young (Normal) (G1 Evacuation Pause) 155M->13M(258M) 2.150ms
[2026-03-25T20:37:50.875+0900][18.957s][info][gc,cpu      ] GC(311) User=0.00s Sys=0.00s Real=0.00s
[2026-03-25T20:37:50.934+0900][19.015s][info][gc,start    ] GC(312) Pause Young (Normal) (G1 Evacuation Pause)
[2026-03-25T20:37:50.934+0900][19.015s][info][gc,task     ] GC(312) Using 6 workers of 9 for evacuation
[2026-03-25T20:37:50.936+0900][19.017s][info][gc,phases   ] GC(312)   Pre Evacuate Collection Set: 0.10ms
[2026-03-25T20:37:50.936+0900][19.017s][info][gc,phases   ] GC(312)   Merge Heap Roots: 0.07ms
[2026-03-25T20:37:50.936+0900][19.017s][info][gc,phases   ] GC(312)   Evacuate Collection Set: 1.22ms
[2026-03-25T20:37:50.936+0900][19.017s][info][gc,phases   ] GC(312)   Post Evacuate Collection Set: 0.18ms
[2026-03-25T20:37:50.936+0900][19.017s][info][gc,phases   ] GC(312)   Other: 0.11ms
[2026-03-25T20:37:50.936+0900][19.017s][info][gc,heap     ] GC(312) Eden regions: 143->0(143)
[2026-03-25T20:37:50.936+0900][19.017s][info][gc,heap     ] GC(312) Survivor regions: 10->10(20)
[2026-03-25T20:37:50.936+0900][19.017s][info][gc,heap     ] GC(312) Old regions: 5->5
[2026-03-25T20:37:50.936+0900][19.017s][info][gc,heap     ] GC(312) Humongous regions: 0->0
[2026-03-25T20:37:50.936+0900][19.017s][info][gc,metaspace] GC(312) Metaspace: 6049K(6208K)->6049K(6208K) NonClass: 5416K(5504K)->5416K(5504K) Class: 632K(704K)->632K(704K)
[2026-03-25T20:37:50.936+0900][19.017s][info][gc          ] GC(312) Pause Young (Normal) (G1 Evacuation Pause) 155M->13M(258M) 2.078ms
[2026-03-25T20:37:50.936+0900][19.017s][info][gc,cpu      ] GC(312) User=0.00s Sys=0.00s Real=0.00s
[2026-03-25T20:37:50.991+0900][19.073s][info][gc,start    ] GC(313) Pause Young (Normal) (G1 Evacuation Pause)
[2026-03-25T20:37:50.991+0900][19.073s][info][gc,task     ] GC(313) Using 6 workers of 9 for evacuation
[2026-03-25T20:37:50.993+0900][19.074s][info][gc,phases   ] GC(313)   Pre Evacuate Collection Set: 0.08ms
[2026-03-25T20:37:50.993+0900][19.075s][info][gc,phases   ] GC(313)   Merge Heap Roots: 0.04ms
[2026-03-25T20:37:50.993+0900][19.075s][info][gc,phases   ] GC(313)   Evacuate Collection Set: 1.05ms
[2026-03-25T20:37:50.993+0900][19.075s][info][gc,phases   ] GC(313)   Post Evacuate Collection Set: 0.17ms
[2026-03-25T20:37:50.993+0900][19.075s][info][gc,phases   ] GC(313)   Other: 0.10ms
[2026-03-25T20:37:50.993+0900][19.075s][info][gc,heap     ] GC(313) Eden regions: 143->0(143)
[2026-03-25T20:37:50.993+0900][19.075s][info][gc,heap     ] GC(313) Survivor regions: 10->10(20)
[2026-03-25T20:37:50.993+0900][19.075s][info][gc,heap     ] GC(313) Old regions: 5->5
[2026-03-25T20:37:50.993+0900][19.075s][info][gc,heap     ] GC(313) Humongous regions: 0->0
[2026-03-25T20:37:50.993+0900][19.075s][info][gc,metaspace] GC(313) Metaspace: 6049K(6208K)->6049K(6208K) NonClass: 5416K(5504K)->5416K(5504K) Class: 632K(704K)->632K(704K)
[2026-03-25T20:37:50.993+0900][19.075s][info][gc          ] GC(313) Pause Young (Normal) (G1 Evacuation Pause) 155M->13M(258M) 1.722ms
[2026-03-25T20:37:50.993+0900][19.075s][info][gc,cpu      ] GC(313) User=0.00s Sys=0.00s Real=0.00s
[2026-03-25T20:37:51.052+0900][19.133s][info][gc,start    ] GC(314) Pause Young (Normal) (G1 Evacuation Pause)
[2026-03-25T20:37:51.052+0900][19.134s][info][gc,task     ] GC(314) Using 6 workers of 9 for evacuation
[2026-03-25T20:37:51.054+0900][19.135s][info][gc,phases   ] GC(314)   Pre Evacuate Collection Set: 0.11ms
[2026-03-25T20:37:51.054+0900][19.135s][info][gc,phases   ] GC(314)   Merge Heap Roots: 0.07ms
[2026-03-25T20:37:51.054+0900][19.135s][info][gc,phases   ] GC(314)   Evacuate Collection Set: 1.23ms
[2026-03-25T20:37:51.054+0900][19.135s][info][gc,phases   ] GC(314)   Post Evacuate Collection Set: 0.21ms
[2026-03-25T20:37:51.054+0900][19.135s][info][gc,phases   ] GC(314)   Other: 0.11ms
[2026-03-25T20:37:51.054+0900][19.135s][info][gc,heap     ] GC(314) Eden regions: 143->0(143)
[2026-03-25T20:37:51.054+0900][19.135s][info][gc,heap     ] GC(314) Survivor regions: 10->10(20)
[2026-03-25T20:37:51.054+0900][19.135s][info][gc,heap     ] GC(314) Old regions: 5->5
[2026-03-25T20:37:51.054+0900][19.135s][info][gc,heap     ] GC(314) Humongous regions: 0->0
[2026-03-25T20:37:51.054+0900][19.135s][info][gc,metaspace] GC(314) Metaspace: 6049K(6208K)->6049K(6208K) NonClass: 5416K(5504K)->5416K(5504K) Class: 632K(704K)->632K(704K)
[2026-03-25T20:37:51.054+0900][19.135s][info][gc          ] GC(314) Pause Young (Normal) (G1 Evacuation Pause) 155M->13M(258M) 2.095ms
[2026-03-25T20:37:51.054+0900][19.135s][info][gc,cpu      ] GC(314) User=0.00s Sys=0.00s Real=0.00s
[2026-03-25T20:37:51.109+0900][19.191s][info][gc,start    ] GC(315) Pause Young (Normal) (G1 Evacuation Pause)
[2026-03-25T20:37:51.109+0900][19.191s][info][gc,task     ] GC(315) Using 6 workers of 9 for evacuation
[2026-03-25T20:37:51.111+0900][19.192s][info][gc,phases   ] GC(315)   Pre Evacuate Collection Set: 0.07ms
[2026-03-25T20:37:51.111+0900][19.192s][info][gc,phases   ] GC(315)   Merge Heap Roots: 0.04ms
[2026-03-25T20:37:51.111+0900][19.192s][info][gc,phases   ] GC(315)   Evacuate Collection Set: 0.96ms
[2026-03-25T20:37:51.111+0900][19.192s][info][gc,phases   ] GC(315)   Post Evacuate Collection Set: 0.19ms
[2026-03-25T20:37:51.111+0900][19.192s][info][gc,phases   ] GC(315)   Other: 0.08ms
[2026-03-25T20:37:51.111+0900][19.192s][info][gc,heap     ] GC(315) Eden regions: 143->0(143)
[2026-03-25T20:37:51.111+0900][19.192s][info][gc,heap     ] GC(315) Survivor regions: 10->10(20)
[2026-03-25T20:37:51.111+0900][19.192s][info][gc,heap     ] GC(315) Old regions: 5->5
[2026-03-25T20:37:51.111+0900][19.192s][info][gc,heap     ] GC(315) Humongous regions: 0->0
[2026-03-25T20:37:51.111+0900][19.192s][info][gc,metaspace] GC(315) Metaspace: 6049K(6208K)->6049K(6208K) NonClass: 5416K(5504K)->5416K(5504K) Class: 632K(704K)->632K(704K)
[2026-03-25T20:37:51.111+0900][19.192s][info][gc          ] GC(315) Pause Young (Normal) (G1 Evacuation Pause) 155M->13M(258M) 1.640ms
[2026-03-25T20:37:51.111+0900][19.192s][info][gc,cpu      ] GC(315) User=0.00s Sys=0.00s Real=0.01s
[2026-03-25T20:37:51.169+0900][19.251s][info][gc,start    ] GC(316) Pause Young (Normal) (G1 Evacuation Pause)
[2026-03-25T20:37:51.169+0900][19.251s][info][gc,task     ] GC(316) Using 6 workers of 9 for evacuation
[2026-03-25T20:37:51.171+0900][19.252s][info][gc,phases   ] GC(316)   Pre Evacuate Collection Set: 0.09ms
[2026-03-25T20:37:51.171+0900][19.252s][info][gc,phases   ] GC(316)   Merge Heap Roots: 0.05ms
[2026-03-25T20:37:51.171+0900][19.252s][info][gc,phases   ] GC(316)   Evacuate Collection Set: 1.12ms
[2026-03-25T20:37:51.171+0900][19.252s][info][gc,phases   ] GC(316)   Post Evacuate Collection Set: 0.26ms
[2026-03-25T20:37:51.171+0900][19.252s][info][gc,phases   ] GC(316)   Other: 0.11ms
[2026-03-25T20:37:51.171+0900][19.253s][info][gc,heap     ] GC(316) Eden regions: 143->0(143)
[2026-03-25T20:37:51.171+0900][19.253s][info][gc,heap     ] GC(316) Survivor regions: 10->10(20)
[2026-03-25T20:37:51.171+0900][19.253s][info][gc,heap     ] GC(316) Old regions: 5->5
[2026-03-25T20:37:51.171+0900][19.253s][info][gc,heap     ] GC(316) Humongous regions: 0->0
[2026-03-25T20:37:51.171+0900][19.253s][info][gc,metaspace] GC(316) Metaspace: 6049K(6208K)->6049K(6208K) NonClass: 5416K(5504K)->5416K(5504K) Class: 632K(704K)->632K(704K)
[2026-03-25T20:37:51.171+0900][19.253s][info][gc          ] GC(316) Pause Young (Normal) (G1 Evacuation Pause) 155M->13M(258M) 1.950ms
[2026-03-25T20:37:51.171+0900][19.253s][info][gc,cpu      ] GC(316) User=0.01s Sys=0.00s Real=0.01s
[2026-03-25T20:37:51.226+0900][19.308s][info][gc,start    ] GC(317) Pause Young (Normal) (G1 Evacuation Pause)
[2026-03-25T20:37:51.226+0900][19.308s][info][gc,task     ] GC(317) Using 6 workers of 9 for evacuation
[2026-03-25T20:37:51.228+0900][19.309s][info][gc,phases   ] GC(317)   Pre Evacuate Collection Set: 0.07ms
[2026-03-25T20:37:51.228+0900][19.309s][info][gc,phases   ] GC(317)   Merge Heap Roots: 0.04ms
[2026-03-25T20:37:51.228+0900][19.309s][info][gc,phases   ] GC(317)   Evacuate Collection Set: 1.01ms
[2026-03-25T20:37:51.228+0900][19.309s][info][gc,phases   ] GC(317)   Post Evacuate Collection Set: 0.20ms
[2026-03-25T20:37:51.228+0900][19.309s][info][gc,phases   ] GC(317)   Other: 0.10ms
[2026-03-25T20:37:51.228+0900][19.309s][info][gc,heap     ] GC(317) Eden regions: 143->0(143)
[2026-03-25T20:37:51.228+0900][19.309s][info][gc,heap     ] GC(317) Survivor regions: 10->10(20)
[2026-03-25T20:37:51.228+0900][19.310s][info][gc,heap     ] GC(317) Old regions: 5->5
[2026-03-25T20:37:51.228+0900][19.310s][info][gc,heap     ] GC(317) Humongous regions: 0->0
[2026-03-25T20:37:51.228+0900][19.310s][info][gc,metaspace] GC(317) Metaspace: 6049K(6208K)->6049K(6208K) NonClass: 5416K(5504K)->5416K(5504K) Class: 632K(704K)->632K(704K)
[2026-03-25T20:37:51.228+0900][19.310s][info][gc          ] GC(317) Pause Young (Normal) (G1 Evacuation Pause) 155M->13M(258M) 1.760ms
[2026-03-25T20:37:51.228+0900][19.310s][info][gc,cpu      ] GC(317) User=0.01s Sys=0.00s Real=0.00s
[2026-03-25T20:37:51.287+0900][19.368s][info][gc,start    ] GC(318) Pause Young (Normal) (G1 Evacuation Pause)
[2026-03-25T20:37:51.287+0900][19.368s][info][gc,task     ] GC(318) Using 6 workers of 9 for evacuation
[2026-03-25T20:37:51.288+0900][19.369s][info][gc,phases   ] GC(318)   Pre Evacuate Collection Set: 0.08ms
[2026-03-25T20:37:51.288+0900][19.370s][info][gc,phases   ] GC(318)   Merge Heap Roots: 0.04ms
[2026-03-25T20:37:51.288+0900][19.370s][info][gc,phases   ] GC(318)   Evacuate Collection Set: 0.95ms
[2026-03-25T20:37:51.288+0900][19.370s][info][gc,phases   ] GC(318)   Post Evacuate Collection Set: 0.17ms
[2026-03-25T20:37:51.288+0900][19.370s][info][gc,phases   ] GC(318)   Other: 0.09ms
[2026-03-25T20:37:51.288+0900][19.370s][info][gc,heap     ] GC(318) Eden regions: 143->0(143)
[2026-03-25T20:37:51.288+0900][19.370s][info][gc,heap     ] GC(318) Survivor regions: 10->10(20)
[2026-03-25T20:37:51.288+0900][19.370s][info][gc,heap     ] GC(318) Old regions: 5->5
[2026-03-25T20:37:51.288+0900][19.370s][info][gc,heap     ] GC(318) Humongous regions: 0->0
[2026-03-25T20:37:51.288+0900][19.370s][info][gc,metaspace] GC(318) Metaspace: 6049K(6208K)->6049K(6208K) NonClass: 5416K(5504K)->5416K(5504K) Class: 632K(704K)->632K(704K)
[2026-03-25T20:37:51.288+0900][19.370s][info][gc          ] GC(318) Pause Young (Normal) (G1 Evacuation Pause) 155M->13M(258M) 1.619ms
[2026-03-25T20:37:51.288+0900][19.370s][info][gc,cpu      ] GC(318) User=0.01s Sys=0.00s Real=0.00s
[2026-03-25T20:37:51.347+0900][19.428s][info][gc,start    ] GC(319) Pause Young (Normal) (G1 Evacuation Pause)
[2026-03-25T20:37:51.347+0900][19.428s][info][gc,task     ] GC(319) Using 6 workers of 9 for evacuation
[2026-03-25T20:37:51.348+0900][19.430s][info][gc,phases   ] GC(319)   Pre Evacuate Collection Set: 0.10ms
[2026-03-25T20:37:51.348+0900][19.430s][info][gc,phases   ] GC(319)   Merge Heap Roots: 0.06ms
[2026-03-25T20:37:51.348+0900][19.430s][info][gc,phases   ] GC(319)   Evacuate Collection Set: 1.16ms
[2026-03-25T20:37:51.348+0900][19.430s][info][gc,phases   ] GC(319)   Post Evacuate Collection Set: 0.19ms
[2026-03-25T20:37:51.348+0900][19.430s][info][gc,phases   ] GC(319)   Other: 0.11ms
[2026-03-25T20:37:51.348+0900][19.430s][info][gc,heap     ] GC(319) Eden regions: 143->0(143)
[2026-03-25T20:37:51.348+0900][19.430s][info][gc,heap     ] GC(319) Survivor regions: 10->10(20)
[2026-03-25T20:37:51.349+0900][19.430s][info][gc,heap     ] GC(319) Old regions: 5->5
[2026-03-25T20:37:51.349+0900][19.430s][info][gc,heap     ] GC(319) Humongous regions: 0->0
[2026-03-25T20:37:51.349+0900][19.430s][info][gc,metaspace] GC(319) Metaspace: 6049K(6208K)->6049K(6208K) NonClass: 5416K(5504K)->5416K(5504K) Class: 632K(704K)->632K(704K)
[2026-03-25T20:37:51.349+0900][19.430s][info][gc          ] GC(319) Pause Young (Normal) (G1 Evacuation Pause) 155M->13M(258M) 1.919ms
[2026-03-25T20:37:51.349+0900][19.430s][info][gc,cpu      ] GC(319) User=0.01s Sys=0.00s Real=0.00s
[2026-03-25T20:37:51.405+0900][19.487s][info][gc,start    ] GC(320) Pause Young (Normal) (G1 Evacuation Pause)
[2026-03-25T20:37:51.405+0900][19.487s][info][gc,task     ] GC(320) Using 6 workers of 9 for evacuation
[2026-03-25T20:37:51.407+0900][19.489s][info][gc,phases   ] GC(320)   Pre Evacuate Collection Set: 0.13ms
[2026-03-25T20:37:51.407+0900][19.489s][info][gc,phases   ] GC(320)   Merge Heap Roots: 0.07ms
[2026-03-25T20:37:51.407+0900][19.489s][info][gc,phases   ] GC(320)   Evacuate Collection Set: 1.14ms
[2026-03-25T20:37:51.407+0900][19.489s][info][gc,phases   ] GC(320)   Post Evacuate Collection Set: 0.19ms
[2026-03-25T20:37:51.407+0900][19.489s][info][gc,phases   ] GC(320)   Other: 0.11ms
[2026-03-25T20:37:51.407+0900][19.489s][info][gc,heap     ] GC(320) Eden regions: 143->0(143)
[2026-03-25T20:37:51.407+0900][19.489s][info][gc,heap     ] GC(320) Survivor regions: 10->10(20)
[2026-03-25T20:37:51.407+0900][19.489s][info][gc,heap     ] GC(320) Old regions: 5->5
[2026-03-25T20:37:51.407+0900][19.489s][info][gc,heap     ] GC(320) Humongous regions: 0->0
[2026-03-25T20:37:51.407+0900][19.489s][info][gc,metaspace] GC(320) Metaspace: 6051K(6208K)->6051K(6208K) NonClass: 5419K(5504K)->5419K(5504K) Class: 632K(704K)->632K(704K)
[2026-03-25T20:37:51.407+0900][19.489s][info][gc          ] GC(320) Pause Young (Normal) (G1 Evacuation Pause) 155M->13M(258M) 2.005ms
[2026-03-25T20:37:51.407+0900][19.489s][info][gc,cpu      ] GC(320) User=0.01s Sys=0.00s Real=0.00s
[2026-03-25T20:37:51.466+0900][19.548s][info][gc,start    ] GC(321) Pause Young (Normal) (G1 Evacuation Pause)
[2026-03-25T20:37:51.466+0900][19.548s][info][gc,task     ] GC(321) Using 6 workers of 9 for evacuation
[2026-03-25T20:37:51.468+0900][19.549s][info][gc,phases   ] GC(321)   Pre Evacuate Collection Set: 0.07ms
[2026-03-25T20:37:51.468+0900][19.549s][info][gc,phases   ] GC(321)   Merge Heap Roots: 0.04ms
[2026-03-25T20:37:51.468+0900][19.549s][info][gc,phases   ] GC(321)   Evacuate Collection Set: 1.01ms
[2026-03-25T20:37:51.468+0900][19.549s][info][gc,phases   ] GC(321)   Post Evacuate Collection Set: 0.16ms
[2026-03-25T20:37:51.468+0900][19.549s][info][gc,phases   ] GC(321)   Other: 0.10ms
[2026-03-25T20:37:51.468+0900][19.549s][info][gc,heap     ] GC(321) Eden regions: 143->0(143)
[2026-03-25T20:37:51.468+0900][19.549s][info][gc,heap     ] GC(321) Survivor regions: 10->10(20)
[2026-03-25T20:37:51.468+0900][19.549s][info][gc,heap     ] GC(321) Old regions: 5->5
[2026-03-25T20:37:51.468+0900][19.549s][info][gc,heap     ] GC(321) Humongous regions: 0->0
[2026-03-25T20:37:51.468+0900][19.549s][info][gc,metaspace] GC(321) Metaspace: 6051K(6208K)->6051K(6208K) NonClass: 5419K(5504K)->5419K(5504K) Class: 632K(704K)->632K(704K)
[2026-03-25T20:37:51.468+0900][19.549s][info][gc          ] GC(321) Pause Young (Normal) (G1 Evacuation Pause) 155M->13M(258M) 1.710ms
[2026-03-25T20:37:51.468+0900][19.549s][info][gc,cpu      ] GC(321) User=0.01s Sys=0.01s Real=0.00s
[2026-03-25T20:37:51.524+0900][19.606s][info][gc,start    ] GC(322) Pause Young (Normal) (G1 Evacuation Pause)
[2026-03-25T20:37:51.525+0900][19.606s][info][gc,task     ] GC(322) Using 6 workers of 9 for evacuation
[2026-03-25T20:37:51.526+0900][19.608s][info][gc,phases   ] GC(322)   Pre Evacuate Collection Set: 0.11ms
[2026-03-25T20:37:51.526+0900][19.608s][info][gc,phases   ] GC(322)   Merge Heap Roots: 0.07ms
[2026-03-25T20:37:51.527+0900][19.608s][info][gc,phases   ] GC(322)   Evacuate Collection Set: 1.23ms
[2026-03-25T20:37:51.527+0900][19.608s][info][gc,phases   ] GC(322)   Post Evacuate Collection Set: 0.25ms
[2026-03-25T20:37:51.527+0900][19.608s][info][gc,phases   ] GC(322)   Other: 0.13ms
[2026-03-25T20:37:51.527+0900][19.608s][info][gc,heap     ] GC(322) Eden regions: 143->0(143)
[2026-03-25T20:37:51.527+0900][19.608s][info][gc,heap     ] GC(322) Survivor regions: 10->10(20)
[2026-03-25T20:37:51.527+0900][19.608s][info][gc,heap     ] GC(322) Old regions: 5->5
[2026-03-25T20:37:51.527+0900][19.608s][info][gc,heap     ] GC(322) Humongous regions: 0->0
[2026-03-25T20:37:51.527+0900][19.608s][info][gc,metaspace] GC(322) Metaspace: 6051K(6208K)->6051K(6208K) NonClass: 5419K(5504K)->5419K(5504K) Class: 632K(704K)->632K(704K)
[2026-03-25T20:37:51.527+0900][19.608s][info][gc          ] GC(322) Pause Young (Normal) (G1 Evacuation Pause) 155M->13M(258M) 2.231ms
[2026-03-25T20:37:51.527+0900][19.608s][info][gc,cpu      ] GC(322) User=0.00s Sys=0.00s Real=0.00s
[2026-03-25T20:37:51.585+0900][19.666s][info][gc,start    ] GC(323) Pause Young (Normal) (G1 Evacuation Pause)
[2026-03-25T20:37:51.585+0900][19.666s][info][gc,task     ] GC(323) Using 6 workers of 9 for evacuation
[2026-03-25T20:37:51.586+0900][19.668s][info][gc,phases   ] GC(323)   Pre Evacuate Collection Set: 0.07ms
[2026-03-25T20:37:51.586+0900][19.668s][info][gc,phases   ] GC(323)   Merge Heap Roots: 0.04ms
[2026-03-25T20:37:51.586+0900][19.668s][info][gc,phases   ] GC(323)   Evacuate Collection Set: 1.03ms
[2026-03-25T20:37:51.586+0900][19.668s][info][gc,phases   ] GC(323)   Post Evacuate Collection Set: 0.18ms
[2026-03-25T20:37:51.586+0900][19.668s][info][gc,phases   ] GC(323)   Other: 0.09ms
[2026-03-25T20:37:51.586+0900][19.668s][info][gc,heap     ] GC(323) Eden regions: 143->0(143)
[2026-03-25T20:37:51.586+0900][19.668s][info][gc,heap     ] GC(323) Survivor regions: 10->10(20)
[2026-03-25T20:37:51.586+0900][19.668s][info][gc,heap     ] GC(323) Old regions: 5->5
[2026-03-25T20:37:51.586+0900][19.668s][info][gc,heap     ] GC(323) Humongous regions: 0->0
[2026-03-25T20:37:51.586+0900][19.668s][info][gc,metaspace] GC(323) Metaspace: 6051K(6208K)->6051K(6208K) NonClass: 5419K(5504K)->5419K(5504K) Class: 632K(704K)->632K(704K)
[2026-03-25T20:37:51.586+0900][19.668s][info][gc          ] GC(323) Pause Young (Normal) (G1 Evacuation Pause) 155M->13M(258M) 1.718ms
[2026-03-25T20:37:51.586+0900][19.668s][info][gc,cpu      ] GC(323) User=0.00s Sys=0.00s Real=0.00s
[2026-03-25T20:37:51.642+0900][19.724s][info][gc,start    ] GC(324) Pause Young (Normal) (G1 Evacuation Pause)
[2026-03-25T20:37:51.642+0900][19.724s][info][gc,task     ] GC(324) Using 6 workers of 9 for evacuation
[2026-03-25T20:37:51.644+0900][19.725s][info][gc,phases   ] GC(324)   Pre Evacuate Collection Set: 0.09ms
[2026-03-25T20:37:51.644+0900][19.725s][info][gc,phases   ] GC(324)   Merge Heap Roots: 0.05ms
[2026-03-25T20:37:51.644+0900][19.725s][info][gc,phases   ] GC(324)   Evacuate Collection Set: 1.06ms
[2026-03-25T20:37:51.644+0900][19.725s][info][gc,phases   ] GC(324)   Post Evacuate Collection Set: 0.18ms
[2026-03-25T20:37:51.644+0900][19.725s][info][gc,phases   ] GC(324)   Other: 0.10ms
[2026-03-25T20:37:51.644+0900][19.726s][info][gc,heap     ] GC(324) Eden regions: 143->0(143)
[2026-03-25T20:37:51.644+0900][19.726s][info][gc,heap     ] GC(324) Survivor regions: 10->10(20)
[2026-03-25T20:37:51.644+0900][19.726s][info][gc,heap     ] GC(324) Old regions: 5->5
[2026-03-25T20:37:51.644+0900][19.726s][info][gc,heap     ] GC(324) Humongous regions: 0->0
[2026-03-25T20:37:51.644+0900][19.726s][info][gc,metaspace] GC(324) Metaspace: 6051K(6208K)->6051K(6208K) NonClass: 5419K(5504K)->5419K(5504K) Class: 632K(704K)->632K(704K)
[2026-03-25T20:37:51.644+0900][19.726s][info][gc          ] GC(324) Pause Young (Normal) (G1 Evacuation Pause) 155M->13M(258M) 1.770ms
[2026-03-25T20:37:51.644+0900][19.726s][info][gc,cpu      ] GC(324) User=0.00s Sys=0.00s Real=0.00s
[2026-03-25T20:37:51.703+0900][19.784s][info][gc,start    ] GC(325) Pause Young (Normal) (G1 Evacuation Pause)
[2026-03-25T20:37:51.703+0900][19.784s][info][gc,task     ] GC(325) Using 6 workers of 9 for evacuation
[2026-03-25T20:37:51.704+0900][19.786s][info][gc,phases   ] GC(325)   Pre Evacuate Collection Set: 0.09ms
[2026-03-25T20:37:51.704+0900][19.786s][info][gc,phases   ] GC(325)   Merge Heap Roots: 0.04ms
[2026-03-25T20:37:51.704+0900][19.786s][info][gc,phases   ] GC(325)   Evacuate Collection Set: 0.97ms
[2026-03-25T20:37:51.704+0900][19.786s][info][gc,phases   ] GC(325)   Post Evacuate Collection Set: 0.18ms
[2026-03-25T20:37:51.704+0900][19.786s][info][gc,phases   ] GC(325)   Other: 0.09ms
[2026-03-25T20:37:51.704+0900][19.786s][info][gc,heap     ] GC(325) Eden regions: 143->0(143)
[2026-03-25T20:37:51.704+0900][19.786s][info][gc,heap     ] GC(325) Survivor regions: 10->10(20)
[2026-03-25T20:37:51.704+0900][19.786s][info][gc,heap     ] GC(325) Old regions: 5->5
[2026-03-25T20:37:51.704+0900][19.786s][info][gc,heap     ] GC(325) Humongous regions: 0->0
[2026-03-25T20:37:51.704+0900][19.786s][info][gc,metaspace] GC(325) Metaspace: 6051K(6208K)->6051K(6208K) NonClass: 5419K(5504K)->5419K(5504K) Class: 632K(704K)->632K(704K)
[2026-03-25T20:37:51.704+0900][19.786s][info][gc          ] GC(325) Pause Young (Normal) (G1 Evacuation Pause) 155M->13M(258M) 1.687ms
[2026-03-25T20:37:51.704+0900][19.786s][info][gc,cpu      ] GC(325) User=0.00s Sys=0.00s Real=0.00s
[2026-03-25T20:37:51.763+0900][19.844s][info][gc,start    ] GC(326) Pause Young (Normal) (G1 Evacuation Pause)
[2026-03-25T20:37:51.763+0900][19.844s][info][gc,task     ] GC(326) Using 6 workers of 9 for evacuation
[2026-03-25T20:37:51.764+0900][19.846s][info][gc,phases   ] GC(326)   Pre Evacuate Collection Set: 0.11ms
[2026-03-25T20:37:51.764+0900][19.846s][info][gc,phases   ] GC(326)   Merge Heap Roots: 0.06ms
[2026-03-25T20:37:51.765+0900][19.846s][info][gc,phases   ] GC(326)   Evacuate Collection Set: 1.08ms
[2026-03-25T20:37:51.765+0900][19.846s][info][gc,phases   ] GC(326)   Post Evacuate Collection Set: 0.18ms
[2026-03-25T20:37:51.765+0900][19.846s][info][gc,phases   ] GC(326)   Other: 0.10ms
[2026-03-25T20:37:51.765+0900][19.846s][info][gc,heap     ] GC(326) Eden regions: 143->0(143)
[2026-03-25T20:37:51.765+0900][19.846s][info][gc,heap     ] GC(326) Survivor regions: 10->10(20)
[2026-03-25T20:37:51.765+0900][19.846s][info][gc,heap     ] GC(326) Old regions: 5->5
[2026-03-25T20:37:51.765+0900][19.846s][info][gc,heap     ] GC(326) Humongous regions: 0->0
[2026-03-25T20:37:51.765+0900][19.846s][info][gc,metaspace] GC(326) Metaspace: 6051K(6208K)->6051K(6208K) NonClass: 5419K(5504K)->5419K(5504K) Class: 632K(704K)->632K(704K)
[2026-03-25T20:37:51.765+0900][19.846s][info][gc          ] GC(326) Pause Young (Normal) (G1 Evacuation Pause) 155M->13M(258M) 1.843ms
[2026-03-25T20:37:51.765+0900][19.846s][info][gc,cpu      ] GC(326) User=0.01s Sys=0.00s Real=0.00s
[2026-03-25T20:37:51.823+0900][19.905s][info][gc,start    ] GC(327) Pause Young (Normal) (G1 Evacuation Pause)
[2026-03-25T20:37:51.823+0900][19.905s][info][gc,task     ] GC(327) Using 6 workers of 9 for evacuation
[2026-03-25T20:37:51.824+0900][19.906s][info][gc,phases   ] GC(327)   Pre Evacuate Collection Set: 0.07ms
[2026-03-25T20:37:51.825+0900][19.906s][info][gc,phases   ] GC(327)   Merge Heap Roots: 0.04ms
[2026-03-25T20:37:51.825+0900][19.906s][info][gc,phases   ] GC(327)   Evacuate Collection Set: 0.85ms
[2026-03-25T20:37:51.825+0900][19.906s][info][gc,phases   ] GC(327)   Post Evacuate Collection Set: 0.15ms
[2026-03-25T20:37:51.825+0900][19.906s][info][gc,phases   ] GC(327)   Other: 0.08ms
[2026-03-25T20:37:51.825+0900][19.906s][info][gc,heap     ] GC(327) Eden regions: 143->0(143)
[2026-03-25T20:37:51.825+0900][19.906s][info][gc,heap     ] GC(327) Survivor regions: 10->10(20)
[2026-03-25T20:37:51.825+0900][19.906s][info][gc,heap     ] GC(327) Old regions: 5->5
[2026-03-25T20:37:51.825+0900][19.906s][info][gc,heap     ] GC(327) Humongous regions: 0->0
[2026-03-25T20:37:51.825+0900][19.906s][info][gc,metaspace] GC(327) Metaspace: 6051K(6208K)->6051K(6208K) NonClass: 5419K(5504K)->5419K(5504K) Class: 632K(704K)->632K(704K)
[2026-03-25T20:37:51.825+0900][19.906s][info][gc          ] GC(327) Pause Young (Normal) (G1 Evacuation Pause) 155M->13M(258M) 1.438ms
[2026-03-25T20:37:51.825+0900][19.906s][info][gc,cpu      ] GC(327) User=0.01s Sys=0.00s Real=0.00s
[2026-03-25T20:37:51.883+0900][19.965s][info][gc,start    ] GC(328) Pause Young (Normal) (G1 Evacuation Pause)
[2026-03-25T20:37:51.883+0900][19.965s][info][gc,task     ] GC(328) Using 6 workers of 9 for evacuation
[2026-03-25T20:37:51.885+0900][19.967s][info][gc,phases   ] GC(328)   Pre Evacuate Collection Set: 0.11ms
[2026-03-25T20:37:51.885+0900][19.967s][info][gc,phases   ] GC(328)   Merge Heap Roots: 0.07ms
[2026-03-25T20:37:51.885+0900][19.967s][info][gc,phases   ] GC(328)   Evacuate Collection Set: 1.09ms
[2026-03-25T20:37:51.885+0900][19.967s][info][gc,phases   ] GC(328)   Post Evacuate Collection Set: 0.26ms
[2026-03-25T20:37:51.885+0900][19.967s][info][gc,phases   ] GC(328)   Other: 0.13ms
[2026-03-25T20:37:51.885+0900][19.967s][info][gc,heap     ] GC(328) Eden regions: 143->0(143)
[2026-03-25T20:37:51.885+0900][19.967s][info][gc,heap     ] GC(328) Survivor regions: 10->10(20)
[2026-03-25T20:37:51.885+0900][19.967s][info][gc,heap     ] GC(328) Old regions: 5->5
[2026-03-25T20:37:51.885+0900][19.967s][info][gc,heap     ] GC(328) Humongous regions: 0->0
[2026-03-25T20:37:51.885+0900][19.967s][info][gc,metaspace] GC(328) Metaspace: 6051K(6208K)->6051K(6208K) NonClass: 5419K(5504K)->5419K(5504K) Class: 632K(704K)->632K(704K)
[2026-03-25T20:37:51.885+0900][19.967s][info][gc          ] GC(328) Pause Young (Normal) (G1 Evacuation Pause) 155M->13M(258M) 2.124ms
[2026-03-25T20:37:51.885+0900][19.967s][info][gc,cpu      ] GC(328) User=0.01s Sys=0.00s Real=0.00s
[2026-03-25T20:37:51.943+0900][20.024s][info][gc,start    ] GC(329) Pause Young (Normal) (G1 Evacuation Pause)
[2026-03-25T20:37:51.943+0900][20.024s][info][gc,task     ] GC(329) Using 6 workers of 9 for evacuation
[2026-03-25T20:37:51.944+0900][20.026s][info][gc,phases   ] GC(329)   Pre Evacuate Collection Set: 0.08ms
[2026-03-25T20:37:51.944+0900][20.026s][info][gc,phases   ] GC(329)   Merge Heap Roots: 0.04ms
[2026-03-25T20:37:51.944+0900][20.026s][info][gc,phases   ] GC(329)   Evacuate Collection Set: 0.83ms
[2026-03-25T20:37:51.944+0900][20.026s][info][gc,phases   ] GC(329)   Post Evacuate Collection Set: 0.16ms
[2026-03-25T20:37:51.944+0900][20.026s][info][gc,phases   ] GC(329)   Other: 0.08ms
[2026-03-25T20:37:51.944+0900][20.026s][info][gc,heap     ] GC(329) Eden regions: 143->0(143)
[2026-03-25T20:37:51.944+0900][20.026s][info][gc,heap     ] GC(329) Survivor regions: 10->10(20)
[2026-03-25T20:37:51.944+0900][20.026s][info][gc,heap     ] GC(329) Old regions: 5->5
[2026-03-25T20:37:51.944+0900][20.026s][info][gc,heap     ] GC(329) Humongous regions: 0->0
[2026-03-25T20:37:51.944+0900][20.026s][info][gc,metaspace] GC(329) Metaspace: 6051K(6208K)->6051K(6208K) NonClass: 5419K(5504K)->5419K(5504K) Class: 632K(704K)->632K(704K)
[2026-03-25T20:37:51.944+0900][20.026s][info][gc          ] GC(329) Pause Young (Normal) (G1 Evacuation Pause) 155M->13M(258M) 1.490ms
[2026-03-25T20:37:51.944+0900][20.026s][info][gc,cpu      ] GC(329) User=0.01s Sys=0.00s Real=0.00s
[2026-03-25T20:37:52.002+0900][20.084s][info][gc,exit     ] Heap
[2026-03-25T20:37:52.002+0900][20.084s][info][gc,exit     ]  garbage-first heap   total reserved 524288K, committed 264192K, used 28791K [0x00000007e0000000, 0x0000000800000000)
[2026-03-25T20:37:52.002+0900][20.084s][info][gc,exit     ]   region size 1024K, 25 young (25600K), 10 survivors (10240K)
[2026-03-25T20:37:52.002+0900][20.084s][info][gc,exit     ]  Metaspace       used 6054K, committed 6208K, reserved 1114112K
[2026-03-25T20:37:52.002+0900][20.084s][info][gc,exit     ]   class space    used 632K, committed 704K, reserved 1048576K
