[2026-03-27T03:18:01.848+0900][0.062s][info][gc] Using G1
[2026-03-27T03:18:01.849+0900][0.064s][info][gc,init] Version: 17+35-2724 (release)
[2026-03-27T03:18:01.850+0900][0.064s][info][gc,init] CPUs: 18 total, 18 available
[2026-03-27T03:18:01.850+0900][0.064s][info][gc,init] Memory: 32496M
[2026-03-27T03:18:01.850+0900][0.064s][info][gc,init] Large Page Support: Disabled
[2026-03-27T03:18:01.850+0900][0.064s][info][gc,init] NUMA Support: Disabled
[2026-03-27T03:18:01.850+0900][0.064s][info][gc,init] Compressed Oops: Enabled (32-bit)
[2026-03-27T03:18:01.850+0900][0.064s][info][gc,init] Heap Region Size: 1M
[2026-03-27T03:18:01.850+0900][0.064s][info][gc,init] Heap Min Capacity: 256M
[2026-03-27T03:18:01.850+0900][0.064s][info][gc,init] Heap Initial Capacity: 256M
[2026-03-27T03:18:01.850+0900][0.064s][info][gc,init] Heap Max Capacity: 512M
[2026-03-27T03:18:01.850+0900][0.064s][info][gc,init] Pre-touch: Disabled
[2026-03-27T03:18:01.850+0900][0.064s][info][gc,init] Parallel Workers: 14
[2026-03-27T03:18:01.850+0900][0.064s][info][gc,init] Concurrent Workers: 4
[2026-03-27T03:18:01.850+0900][0.064s][info][gc,init] Concurrent Refinement Workers: 14
[2026-03-27T03:18:01.850+0900][0.064s][info][gc,init] Periodic GC: Disabled
[2026-03-27T03:18:01.857+0900][0.071s][info][gc,metaspace] CDS archive(s) mapped at: [0x0000000800000000-0x0000000800bc0000-0x0000000800bc0000), size 12320768, SharedBaseAddress: 0x0000000800000000, ArchiveRelocationMode: 0.
[2026-03-27T03:18:01.857+0900][0.071s][info][gc,metaspace] Compressed class space mapped at: 0x0000000800c00000-0x0000000840c00000, reserved size: 1073741824
[2026-03-27T03:18:01.858+0900][0.071s][info][gc,metaspace] Narrow klass base: 0x0000000800000000, Narrow klass shift: 0, Narrow klass range: 0x100000000
[2026-03-27T03:18:01.926+0900][0.140s][info][gc,start    ] GC(0) Pause Young (Normal) (G1 Evacuation Pause)
[2026-03-27T03:18:01.927+0900][0.140s][info][gc,task     ] GC(0) Using 6 workers of 14 for evacuation
[2026-03-27T03:18:01.927+0900][0.141s][info][gc,phases   ] GC(0)   Pre Evacuate Collection Set: 0.0ms
[2026-03-27T03:18:01.928+0900][0.141s][info][gc,phases   ] GC(0)   Merge Heap Roots: 0.0ms
[2026-03-27T03:18:01.928+0900][0.141s][info][gc,phases   ] GC(0)   Evacuate Collection Set: 0.6ms
[2026-03-27T03:18:01.928+0900][0.141s][info][gc,phases   ] GC(0)   Post Evacuate Collection Set: 0.3ms
[2026-03-27T03:18:01.928+0900][0.141s][info][gc,phases   ] GC(0)   Other: 0.3ms
[2026-03-27T03:18:01.928+0900][0.141s][info][gc,heap     ] GC(0) Eden regions: 23->0(36)
[2026-03-27T03:18:01.928+0900][0.141s][info][gc,heap     ] GC(0) Survivor regions: 0->1(3)
[2026-03-27T03:18:01.928+0900][0.141s][info][gc,heap     ] GC(0) Old regions: 0->0
[2026-03-27T03:18:01.928+0900][0.141s][info][gc,heap     ] GC(0) Archive regions: 0->0
[2026-03-27T03:18:01.928+0900][0.141s][info][gc,heap     ] GC(0) Humongous regions: 23->14
[2026-03-27T03:18:01.928+0900][0.141s][info][gc,metaspace] GC(0) Metaspace: 267K(448K)->267K(448K) NonClass: 254K(320K)->254K(320K) Class: 12K(128K)->12K(128K)
[2026-03-27T03:18:01.928+0900][0.141s][info][gc          ] GC(0) Pause Young (Normal) (G1 Evacuation Pause) 45M->14M(256M) 1.393ms
[2026-03-27T03:18:01.928+0900][0.141s][info][gc,cpu      ] GC(0) User=0.00s Sys=0.00s Real=0.00s
[2026-03-27T03:18:02.043+0900][0.257s][info][gc,start    ] GC(1) Pause Young (Normal) (G1 Evacuation Pause)
[2026-03-27T03:18:02.043+0900][0.257s][info][gc,task     ] GC(1) Using 6 workers of 14 for evacuation
[2026-03-27T03:18:02.045+0900][0.258s][info][gc,phases   ] GC(1)   Pre Evacuate Collection Set: 0.1ms
[2026-03-27T03:18:02.045+0900][0.258s][info][gc,phases   ] GC(1)   Merge Heap Roots: 0.2ms
[2026-03-27T03:18:02.045+0900][0.258s][info][gc,phases   ] GC(1)   Evacuate Collection Set: 0.9ms
[2026-03-27T03:18:02.045+0900][0.258s][info][gc,phases   ] GC(1)   Post Evacuate Collection Set: 0.4ms
[2026-03-27T03:18:02.045+0900][0.258s][info][gc,phases   ] GC(1)   Other: 0.1ms
[2026-03-27T03:18:02.045+0900][0.259s][info][gc,heap     ] GC(1) Eden regions: 36->0(152)
[2026-03-27T03:18:02.045+0900][0.259s][info][gc,heap     ] GC(1) Survivor regions: 1->1(5)
[2026-03-27T03:18:02.045+0900][0.259s][info][gc,heap     ] GC(1) Old regions: 0->0
[2026-03-27T03:18:02.045+0900][0.259s][info][gc,heap     ] GC(1) Archive regions: 0->0
[2026-03-27T03:18:02.045+0900][0.259s][info][gc,heap     ] GC(1) Humongous regions: 46->34
[2026-03-27T03:18:02.045+0900][0.259s][info][gc,metaspace] GC(1) Metaspace: 271K(448K)->271K(448K) NonClass: 259K(320K)->259K(320K) Class: 12K(128K)->12K(128K)
[2026-03-27T03:18:02.045+0900][0.259s][info][gc          ] GC(1) Pause Young (Normal) (G1 Evacuation Pause) 82M->34M(256M) 1.986ms
[2026-03-27T03:18:02.045+0900][0.259s][info][gc,cpu      ] GC(1) User=0.00s Sys=0.00s Real=0.00s
[2026-03-27T03:18:02.410+0900][0.624s][info][gc,start    ] GC(2) Pause Young (Concurrent Start) (G1 Humongous Allocation)
[2026-03-27T03:18:02.410+0900][0.624s][info][gc,task     ] GC(2) Using 6 workers of 14 for evacuation
[2026-03-27T03:18:02.412+0900][0.626s][info][gc,phases   ] GC(2)   Pre Evacuate Collection Set: 0.3ms
[2026-03-27T03:18:02.412+0900][0.627s][info][gc,phases   ] GC(2)   Merge Heap Roots: 0.3ms
[2026-03-27T03:18:02.412+0900][0.627s][info][gc,phases   ] GC(2)   Evacuate Collection Set: 1.1ms
[2026-03-27T03:18:02.412+0900][0.627s][info][gc,phases   ] GC(2)   Post Evacuate Collection Set: 0.7ms
[2026-03-27T03:18:02.412+0900][0.627s][info][gc,phases   ] GC(2)   Other: 0.4ms
[2026-03-27T03:18:02.412+0900][0.627s][info][gc,heap     ] GC(2) Eden regions: 86->0(139)
[2026-03-27T03:18:02.412+0900][0.627s][info][gc,heap     ] GC(2) Survivor regions: 1->2(20)
[2026-03-27T03:18:02.412+0900][0.627s][info][gc,heap     ] GC(2) Old regions: 0->0
[2026-03-27T03:18:02.412+0900][0.627s][info][gc,heap     ] GC(2) Archive regions: 0->0
[2026-03-27T03:18:02.412+0900][0.627s][info][gc,heap     ] GC(2) Humongous regions: 116->86
[2026-03-27T03:18:02.412+0900][0.627s][info][gc,metaspace] GC(2) Metaspace: 280K(448K)->280K(448K) NonClass: 267K(320K)->267K(320K) Class: 12K(128K)->12K(128K)
[2026-03-27T03:18:02.412+0900][0.627s][info][gc          ] GC(2) Pause Young (Concurrent Start) (G1 Humongous Allocation) 202M->87M(256M) 2.893ms
[2026-03-27T03:18:02.412+0900][0.627s][info][gc,cpu      ] GC(2) User=0.00s Sys=0.00s Real=0.00s
[2026-03-27T03:18:02.412+0900][0.627s][info][gc          ] GC(3) Concurrent Undo Cycle
[2026-03-27T03:18:02.413+0900][0.627s][info][gc,marking  ] GC(3) Concurrent Cleanup for Next Mark
[2026-03-27T03:18:02.414+0900][0.629s][info][gc,marking  ] GC(3) Concurrent Cleanup for Next Mark 1.947ms
[2026-03-27T03:18:02.415+0900][0.629s][info][gc          ] GC(3) Concurrent Undo Cycle 2.059ms
[2026-03-27T03:18:02.531+0900][0.746s][info][gc,start    ] GC(4) Pause Young (Concurrent Start) (G1 Humongous Allocation)
[2026-03-27T03:18:02.531+0900][0.746s][info][gc,task     ] GC(4) Using 6 workers of 14 for evacuation
[2026-03-27T03:18:02.534+0900][0.747s][info][gc,phases   ] GC(4)   Pre Evacuate Collection Set: 0.2ms
[2026-03-27T03:18:02.534+0900][0.747s][info][gc,phases   ] GC(4)   Merge Heap Roots: 0.1ms
[2026-03-27T03:18:02.534+0900][0.747s][info][gc,phases   ] GC(4)   Evacuate Collection Set: 0.7ms
[2026-03-27T03:18:02.534+0900][0.747s][info][gc,phases   ] GC(4)   Post Evacuate Collection Set: 0.5ms
[2026-03-27T03:18:02.534+0900][0.747s][info][gc,phases   ] GC(4)   Other: 0.2ms
[2026-03-27T03:18:02.534+0900][0.747s][info][gc,heap     ] GC(4) Eden regions: 32->0(122)
[2026-03-27T03:18:02.534+0900][0.747s][info][gc,heap     ] GC(4) Survivor regions: 2->2(18)
[2026-03-27T03:18:02.534+0900][0.747s][info][gc,heap     ] GC(4) Old regions: 0->0
[2026-03-27T03:18:02.534+0900][0.747s][info][gc,heap     ] GC(4) Archive regions: 0->0
[2026-03-27T03:18:02.534+0900][0.747s][info][gc,heap     ] GC(4) Humongous regions: 116->104
[2026-03-27T03:18:02.534+0900][0.747s][info][gc,metaspace] GC(4) Metaspace: 280K(448K)->280K(448K) NonClass: 267K(320K)->267K(320K) Class: 12K(128K)->12K(128K)
[2026-03-27T03:18:02.534+0900][0.747s][info][gc          ] GC(4) Pause Young (Concurrent Start) (G1 Humongous Allocation) 148M->105M(256M) 1.920ms
[2026-03-27T03:18:02.534+0900][0.748s][info][gc,cpu      ] GC(4) User=0.00s Sys=0.00s Real=0.00s
[2026-03-27T03:18:02.534+0900][0.748s][info][gc          ] GC(5) Concurrent Undo Cycle
[2026-03-27T03:18:02.534+0900][0.748s][info][gc,marking  ] GC(5) Concurrent Cleanup for Next Mark
[2026-03-27T03:18:02.534+0900][0.748s][info][gc,marking  ] GC(5) Concurrent Cleanup for Next Mark 0.411ms
[2026-03-27T03:18:02.534+0900][0.748s][info][gc          ] GC(5) Concurrent Undo Cycle 0.497ms
[2026-03-27T03:18:02.535+0900][0.749s][info][gc,start    ] GC(6) Pause Young (Concurrent Start) (G1 Humongous Allocation)
[2026-03-27T03:18:02.536+0900][0.749s][info][gc,task     ] GC(6) Using 6 workers of 14 for evacuation
[2026-03-27T03:18:02.537+0900][0.751s][info][gc,phases   ] GC(6)   Pre Evacuate Collection Set: 0.2ms
[2026-03-27T03:18:02.537+0900][0.751s][info][gc,phases   ] GC(6)   Merge Heap Roots: 0.1ms
[2026-03-27T03:18:02.537+0900][0.751s][info][gc,phases   ] GC(6)   Evacuate Collection Set: 0.6ms
[2026-03-27T03:18:02.537+0900][0.751s][info][gc,phases   ] GC(6)   Post Evacuate Collection Set: 0.5ms
[2026-03-27T03:18:02.537+0900][0.751s][info][gc,phases   ] GC(6)   Other: 0.1ms
[2026-03-27T03:18:02.537+0900][0.751s][info][gc,heap     ] GC(6) Eden regions: 11->0(114)
[2026-03-27T03:18:02.537+0900][0.751s][info][gc,heap     ] GC(6) Survivor regions: 2->2(16)
[2026-03-27T03:18:02.537+0900][0.751s][info][gc,heap     ] GC(6) Old regions: 0->0
[2026-03-27T03:18:02.537+0900][0.751s][info][gc,heap     ] GC(6) Archive regions: 0->0
[2026-03-27T03:18:02.537+0900][0.751s][info][gc,heap     ] GC(6) Humongous regions: 115->112
[2026-03-27T03:18:02.537+0900][0.751s][info][gc,metaspace] GC(6) Metaspace: 280K(448K)->280K(448K) NonClass: 267K(320K)->267K(320K) Class: 12K(128K)->12K(128K)
[2026-03-27T03:18:02.537+0900][0.751s][info][gc          ] GC(6) Pause Young (Concurrent Start) (G1 Humongous Allocation) 126M->113M(256M) 1.593ms
[2026-03-27T03:18:02.537+0900][0.751s][info][gc,cpu      ] GC(6) User=0.00s Sys=0.00s Real=0.00s
[2026-03-27T03:18:02.537+0900][0.751s][info][gc          ] GC(7) Concurrent Undo Cycle
[2026-03-27T03:18:02.537+0900][0.751s][info][gc,marking  ] GC(7) Concurrent Cleanup for Next Mark
[2026-03-27T03:18:02.537+0900][0.751s][info][gc,marking  ] GC(7) Concurrent Cleanup for Next Mark 0.376ms
[2026-03-27T03:18:02.537+0900][0.751s][info][gc          ] GC(7) Concurrent Undo Cycle 0.424ms
[2026-03-27T03:18:02.538+0900][0.752s][info][gc,start    ] GC(8) Pause Young (Concurrent Start) (G1 Humongous Allocation)
[2026-03-27T03:18:02.538+0900][0.752s][info][gc,task     ] GC(8) Using 6 workers of 14 for evacuation
[2026-03-27T03:18:02.539+0900][0.753s][info][gc,phases   ] GC(8)   Pre Evacuate Collection Set: 0.1ms
[2026-03-27T03:18:02.539+0900][0.753s][info][gc,phases   ] GC(8)   Merge Heap Roots: 0.1ms
[2026-03-27T03:18:02.539+0900][0.753s][info][gc,phases   ] GC(8)   Evacuate Collection Set: 0.6ms
[2026-03-27T03:18:02.539+0900][0.753s][info][gc,phases   ] GC(8)   Post Evacuate Collection Set: 0.2ms
[2026-03-27T03:18:02.539+0900][0.753s][info][gc,phases   ] GC(8)   Other: 0.1ms
[2026-03-27T03:18:02.539+0900][0.753s][info][gc,heap     ] GC(8) Eden regions: 7->0(112)
[2026-03-27T03:18:02.539+0900][0.753s][info][gc,heap     ] GC(8) Survivor regions: 2->2(15)
[2026-03-27T03:18:02.539+0900][0.753s][info][gc,heap     ] GC(8) Old regions: 0->0
[2026-03-27T03:18:02.539+0900][0.753s][info][gc,heap     ] GC(8) Archive regions: 0->0
[2026-03-27T03:18:02.539+0900][0.753s][info][gc,heap     ] GC(8) Humongous regions: 117->114
[2026-03-27T03:18:02.539+0900][0.753s][info][gc,metaspace] GC(8) Metaspace: 280K(448K)->280K(448K) NonClass: 267K(320K)->267K(320K) Class: 12K(128K)->12K(128K)
[2026-03-27T03:18:02.539+0900][0.753s][info][gc          ] GC(8) Pause Young (Concurrent Start) (G1 Humongous Allocation) 124M->115M(256M) 1.240ms
[2026-03-27T03:18:02.539+0900][0.753s][info][gc,cpu      ] GC(8) User=0.00s Sys=0.00s Real=0.00s
[2026-03-27T03:18:02.539+0900][0.753s][info][gc          ] GC(9) Concurrent Undo Cycle
[2026-03-27T03:18:02.539+0900][0.753s][info][gc,marking  ] GC(9) Concurrent Cleanup for Next Mark
[2026-03-27T03:18:02.540+0900][0.754s][info][gc,marking  ] GC(9) Concurrent Cleanup for Next Mark 0.322ms
[2026-03-27T03:18:02.540+0900][0.754s][info][gc          ] GC(9) Concurrent Undo Cycle 0.430ms
[2026-03-27T03:18:02.541+0900][0.754s][info][gc,start    ] GC(10) Pause Young (Concurrent Start) (G1 Humongous Allocation)
[2026-03-27T03:18:02.541+0900][0.754s][info][gc,task     ] GC(10) Using 6 workers of 14 for evacuation
[2026-03-27T03:18:02.542+0900][0.756s][info][gc,phases   ] GC(10)   Pre Evacuate Collection Set: 0.2ms
[2026-03-27T03:18:02.542+0900][0.756s][info][gc,phases   ] GC(10)   Merge Heap Roots: 0.2ms
[2026-03-27T03:18:02.542+0900][0.756s][info][gc,phases   ] GC(10)   Evacuate Collection Set: 0.7ms
[2026-03-27T03:18:02.542+0900][0.756s][info][gc,phases   ] GC(10)   Post Evacuate Collection Set: 0.3ms
[2026-03-27T03:18:02.542+0900][0.756s][info][gc,phases   ] GC(10)   Other: 0.1ms
[2026-03-27T03:18:02.542+0900][0.756s][info][gc,heap     ] GC(10) Eden regions: 4->0(110)
[2026-03-27T03:18:02.542+0900][0.756s][info][gc,heap     ] GC(10) Survivor regions: 2->2(15)
[2026-03-27T03:18:02.542+0900][0.756s][info][gc,heap     ] GC(10) Old regions: 0->0
[2026-03-27T03:18:02.542+0900][0.756s][info][gc,heap     ] GC(10) Archive regions: 0->0
[2026-03-27T03:18:02.542+0900][0.756s][info][gc,heap     ] GC(10) Humongous regions: 119->116
[2026-03-27T03:18:02.542+0900][0.756s][info][gc,metaspace] GC(10) Metaspace: 280K(448K)->280K(448K) NonClass: 267K(320K)->267K(320K) Class: 12K(128K)->12K(128K)
[2026-03-27T03:18:02.542+0900][0.756s][info][gc          ] GC(10) Pause Young (Concurrent Start) (G1 Humongous Allocation) 123M->117M(256M) 1.586ms
[2026-03-27T03:18:02.542+0900][0.756s][info][gc,cpu      ] GC(10) User=0.00s Sys=0.00s Real=0.00s
[2026-03-27T03:18:02.542+0900][0.756s][info][gc          ] GC(11) Concurrent Mark Cycle
[2026-03-27T03:18:02.542+0900][0.756s][info][gc,marking  ] GC(11) Concurrent Clear Claimed Marks
[2026-03-27T03:18:02.542+0900][0.756s][info][gc,marking  ] GC(11) Concurrent Clear Claimed Marks 0.034ms
[2026-03-27T03:18:02.542+0900][0.756s][info][gc,marking  ] GC(11) Concurrent Scan Root Regions
[2026-03-27T03:18:02.542+0900][0.757s][info][gc,marking  ] GC(11) Concurrent Scan Root Regions 0.452ms
[2026-03-27T03:18:02.543+0900][0.757s][info][gc,marking  ] GC(11) Concurrent Mark
[2026-03-27T03:18:02.543+0900][0.757s][info][gc,marking  ] GC(11) Concurrent Mark From Roots
[2026-03-27T03:18:02.543+0900][0.757s][info][gc,task     ] GC(11) Using 4 workers of 4 for marking
[2026-03-27T03:18:02.543+0900][0.757s][info][gc,marking  ] GC(11) Concurrent Mark From Roots 0.234ms
[2026-03-27T03:18:02.543+0900][0.757s][info][gc,marking  ] GC(11) Concurrent Preclean
[2026-03-27T03:18:02.543+0900][0.757s][info][gc,marking  ] GC(11) Concurrent Preclean 0.043ms
[2026-03-27T03:18:02.543+0900][0.757s][info][gc,start    ] GC(11) Pause Remark
[2026-03-27T03:18:02.543+0900][0.757s][info][gc          ] GC(11) Pause Remark 127M->127M(256M) 0.398ms
[2026-03-27T03:18:02.543+0900][0.757s][info][gc,cpu      ] GC(11) User=0.00s Sys=0.00s Real=0.00s
[2026-03-27T03:18:02.543+0900][0.757s][info][gc,marking  ] GC(11) Concurrent Mark 0.811ms
[2026-03-27T03:18:02.543+0900][0.757s][info][gc,marking  ] GC(11) Concurrent Rebuild Remembered Sets
[2026-03-27T03:18:02.543+0900][0.757s][info][gc,marking  ] GC(11) Concurrent Rebuild Remembered Sets 0.009ms
[2026-03-27T03:18:02.543+0900][0.758s][info][gc,start    ] GC(11) Pause Cleanup
[2026-03-27T03:18:02.543+0900][0.758s][info][gc          ] GC(11) Pause Cleanup 127M->127M(256M) 0.014ms
[2026-03-27T03:18:02.543+0900][0.758s][info][gc,cpu      ] GC(11) User=0.00s Sys=0.00s Real=0.00s
[2026-03-27T03:18:02.543+0900][0.758s][info][gc,marking  ] GC(11) Concurrent Cleanup for Next Mark
[2026-03-27T03:18:02.544+0900][0.758s][info][gc,marking  ] GC(11) Concurrent Cleanup for Next Mark 0.640ms
[2026-03-27T03:18:02.544+0900][0.758s][info][gc          ] GC(11) Concurrent Mark Cycle 2.205ms
[2026-03-27T03:18:02.655+0900][0.869s][info][gc,start    ] GC(12) Pause Young (Concurrent Start) (G1 Humongous Allocation)
[2026-03-27T03:18:02.655+0900][0.869s][info][gc,task     ] GC(12) Using 6 workers of 14 for evacuation
[2026-03-27T03:18:02.656+0900][0.870s][info][gc,phases   ] GC(12)   Pre Evacuate Collection Set: 0.1ms
[2026-03-27T03:18:02.656+0900][0.870s][info][gc,phases   ] GC(12)   Merge Heap Roots: 0.1ms
[2026-03-27T03:18:02.657+0900][0.870s][info][gc,phases   ] GC(12)   Evacuate Collection Set: 0.9ms
[2026-03-27T03:18:02.657+0900][0.871s][info][gc,phases   ] GC(12)   Post Evacuate Collection Set: 0.3ms
[2026-03-27T03:18:02.657+0900][0.871s][info][gc,phases   ] GC(12)   Other: 0.2ms
[2026-03-27T03:18:02.657+0900][0.871s][info][gc,heap     ] GC(12) Eden regions: 7->0(106)
[2026-03-27T03:18:02.657+0900][0.871s][info][gc,heap     ] GC(12) Survivor regions: 2->2(14)
[2026-03-27T03:18:02.657+0900][0.871s][info][gc,heap     ] GC(12) Old regions: 0->0
[2026-03-27T03:18:02.657+0900][0.871s][info][gc,heap     ] GC(12) Archive regions: 0->0
[2026-03-27T03:18:02.657+0900][0.871s][info][gc,heap     ] GC(12) Humongous regions: 120->120
[2026-03-27T03:18:02.657+0900][0.871s][info][gc,metaspace] GC(12) Metaspace: 280K(448K)->280K(448K) NonClass: 267K(320K)->267K(320K) Class: 12K(128K)->12K(128K)
[2026-03-27T03:18:02.657+0900][0.871s][info][gc          ] GC(12) Pause Young (Concurrent Start) (G1 Humongous Allocation) 127M->121M(256M) 2.292ms
[2026-03-27T03:18:02.657+0900][0.871s][info][gc,cpu      ] GC(12) User=0.00s Sys=0.00s Real=0.00s
[2026-03-27T03:18:02.657+0900][0.871s][info][gc          ] GC(13) Concurrent Mark Cycle
[2026-03-27T03:18:02.657+0900][0.871s][info][gc,marking  ] GC(13) Concurrent Clear Claimed Marks
[2026-03-27T03:18:02.657+0900][0.871s][info][gc,marking  ] GC(13) Concurrent Clear Claimed Marks 0.015ms
[2026-03-27T03:18:02.657+0900][0.871s][info][gc,marking  ] GC(13) Concurrent Scan Root Regions
[2026-03-27T03:18:02.658+0900][0.871s][info][gc,marking  ] GC(13) Concurrent Scan Root Regions 0.296ms
[2026-03-27T03:18:02.658+0900][0.871s][info][gc,marking  ] GC(13) Concurrent Mark
[2026-03-27T03:18:02.658+0900][0.872s][info][gc,marking  ] GC(13) Concurrent Mark From Roots
[2026-03-27T03:18:02.658+0900][0.872s][info][gc,task     ] GC(13) Using 4 workers of 4 for marking
[2026-03-27T03:18:02.658+0900][0.872s][info][gc,marking  ] GC(13) Concurrent Mark From Roots 0.113ms
[2026-03-27T03:18:02.658+0900][0.872s][info][gc,marking  ] GC(13) Concurrent Preclean
[2026-03-27T03:18:02.658+0900][0.872s][info][gc,marking  ] GC(13) Concurrent Preclean 0.050ms
[2026-03-27T03:18:02.658+0900][0.872s][info][gc,start    ] GC(13) Pause Remark
[2026-03-27T03:18:02.659+0900][0.873s][info][gc          ] GC(13) Pause Remark 126M->126M(256M) 0.493ms
[2026-03-27T03:18:02.659+0900][0.873s][info][gc,cpu      ] GC(13) User=0.00s Sys=0.00s Real=0.00s
[2026-03-27T03:18:02.659+0900][0.873s][info][gc,marking  ] GC(13) Concurrent Mark 1.282ms
[2026-03-27T03:18:02.659+0900][0.873s][info][gc,marking  ] GC(13) Concurrent Rebuild Remembered Sets
[2026-03-27T03:18:02.659+0900][0.873s][info][gc,marking  ] GC(13) Concurrent Rebuild Remembered Sets 0.009ms
[2026-03-27T03:18:02.659+0900][0.873s][info][gc,start    ] GC(13) Pause Cleanup
[2026-03-27T03:18:02.659+0900][0.873s][info][gc          ] GC(13) Pause Cleanup 126M->126M(256M) 0.015ms
[2026-03-27T03:18:02.659+0900][0.873s][info][gc,cpu      ] GC(13) User=0.00s Sys=0.00s Real=0.00s
[2026-03-27T03:18:02.659+0900][0.873s][info][gc,marking  ] GC(13) Concurrent Cleanup for Next Mark
[2026-03-27T03:18:02.659+0900][0.873s][info][gc,marking  ] GC(13) Concurrent Cleanup for Next Mark 0.196ms
[2026-03-27T03:18:02.659+0900][0.873s][info][gc          ] GC(13) Concurrent Mark Cycle 2.000ms
[2026-03-27T03:18:02.660+0900][0.874s][info][gc,start    ] GC(14) Pause Young (Concurrent Start) (G1 Humongous Allocation)
[2026-03-27T03:18:02.660+0900][0.874s][info][gc,task     ] GC(14) Using 6 workers of 14 for evacuation
[2026-03-27T03:18:02.661+0900][0.875s][info][gc,phases   ] GC(14)   Pre Evacuate Collection Set: 0.1ms
[2026-03-27T03:18:02.661+0900][0.875s][info][gc,phases   ] GC(14)   Merge Heap Roots: 0.2ms
[2026-03-27T03:18:02.661+0900][0.875s][info][gc,phases   ] GC(14)   Evacuate Collection Set: 0.5ms
[2026-03-27T03:18:02.661+0900][0.875s][info][gc,phases   ] GC(14)   Post Evacuate Collection Set: 0.2ms
[2026-03-27T03:18:02.661+0900][0.875s][info][gc,phases   ] GC(14)   Other: 0.1ms
[2026-03-27T03:18:02.661+0900][0.875s][info][gc,heap     ] GC(14) Eden regions: 7->0(102)
[2026-03-27T03:18:02.661+0900][0.875s][info][gc,heap     ] GC(14) Survivor regions: 2->2(14)
[2026-03-27T03:18:02.661+0900][0.875s][info][gc,heap     ] GC(14) Old regions: 0->0
[2026-03-27T03:18:02.661+0900][0.875s][info][gc,heap     ] GC(14) Archive regions: 0->0
[2026-03-27T03:18:02.661+0900][0.875s][info][gc,heap     ] GC(14) Humongous regions: 127->124
[2026-03-27T03:18:02.661+0900][0.875s][info][gc,metaspace] GC(14) Metaspace: 280K(448K)->280K(448K) NonClass: 267K(320K)->267K(320K) Class: 12K(128K)->12K(128K)
[2026-03-27T03:18:02.661+0900][0.875s][info][gc          ] GC(14) Pause Young (Concurrent Start) (G1 Humongous Allocation) 134M->125M(256M) 1.226ms
[2026-03-27T03:18:02.661+0900][0.875s][info][gc,cpu      ] GC(14) User=0.00s Sys=0.00s Real=0.00s
[2026-03-27T03:18:02.661+0900][0.875s][info][gc          ] GC(15) Concurrent Mark Cycle
[2026-03-27T03:18:02.661+0900][0.875s][info][gc,marking  ] GC(15) Concurrent Clear Claimed Marks
[2026-03-27T03:18:02.661+0900][0.875s][info][gc,marking  ] GC(15) Concurrent Clear Claimed Marks 0.009ms
[2026-03-27T03:18:02.661+0900][0.875s][info][gc,marking  ] GC(15) Concurrent Scan Root Regions
[2026-03-27T03:18:02.661+0900][0.875s][info][gc,marking  ] GC(15) Concurrent Scan Root Regions 0.249ms
[2026-03-27T03:18:02.661+0900][0.875s][info][gc,marking  ] GC(15) Concurrent Mark
[2026-03-27T03:18:02.661+0900][0.875s][info][gc,marking  ] GC(15) Concurrent Mark From Roots
[2026-03-27T03:18:02.661+0900][0.875s][info][gc,task     ] GC(15) Using 4 workers of 4 for marking
[2026-03-27T03:18:02.661+0900][0.876s][info][gc,marking  ] GC(15) Concurrent Mark From Roots 0.272ms
[2026-03-27T03:18:02.661+0900][0.876s][info][gc,marking  ] GC(15) Concurrent Preclean
[2026-03-27T03:18:02.661+0900][0.876s][info][gc,marking  ] GC(15) Concurrent Preclean 0.042ms
[2026-03-27T03:18:02.662+0900][0.876s][info][gc,start    ] GC(15) Pause Remark
[2026-03-27T03:18:02.662+0900][0.877s][info][gc          ] GC(15) Pause Remark 131M->131M(256M) 0.583ms
[2026-03-27T03:18:02.662+0900][0.877s][info][gc,cpu      ] GC(15) User=0.00s Sys=0.00s Real=0.00s
[2026-03-27T03:18:02.662+0900][0.877s][info][gc,marking  ] GC(15) Concurrent Mark 1.362ms
[2026-03-27T03:18:02.662+0900][0.877s][info][gc,marking  ] GC(15) Concurrent Rebuild Remembered Sets
[2026-03-27T03:18:02.662+0900][0.877s][info][gc,marking  ] GC(15) Concurrent Rebuild Remembered Sets 0.010ms
[2026-03-27T03:18:02.662+0900][0.877s][info][gc,start    ] GC(15) Pause Cleanup
[2026-03-27T03:18:02.662+0900][0.877s][info][gc          ] GC(15) Pause Cleanup 132M->132M(256M) 0.020ms
[2026-03-27T03:18:02.662+0900][0.877s][info][gc,cpu      ] GC(15) User=0.00s Sys=0.00s Real=0.00s
[2026-03-27T03:18:02.663+0900][0.877s][info][gc,marking  ] GC(15) Concurrent Cleanup for Next Mark
[2026-03-27T03:18:02.663+0900][0.877s][info][gc,marking  ] GC(15) Concurrent Cleanup for Next Mark 0.167ms
[2026-03-27T03:18:02.663+0900][0.877s][info][gc          ] GC(15) Concurrent Mark Cycle 1.995ms
[2026-03-27T03:18:02.663+0900][0.877s][info][gc,start    ] GC(16) Pause Young (Concurrent Start) (G1 Humongous Allocation)
[2026-03-27T03:18:02.663+0900][0.877s][info][gc,task     ] GC(16) Using 6 workers of 14 for evacuation
[2026-03-27T03:18:02.664+0900][0.878s][info][gc,phases   ] GC(16)   Pre Evacuate Collection Set: 0.0ms
[2026-03-27T03:18:02.664+0900][0.878s][info][gc,phases   ] GC(16)   Merge Heap Roots: 0.0ms
[2026-03-27T03:18:02.664+0900][0.878s][info][gc,phases   ] GC(16)   Evacuate Collection Set: 0.6ms
[2026-03-27T03:18:02.664+0900][0.878s][info][gc,phases   ] GC(16)   Post Evacuate Collection Set: 0.1ms
[2026-03-27T03:18:02.664+0900][0.878s][info][gc,phases   ] GC(16)   Other: 0.1ms
[2026-03-27T03:18:02.664+0900][0.878s][info][gc,heap     ] GC(16) Eden regions: 7->0(98)
[2026-03-27T03:18:02.664+0900][0.878s][info][gc,heap     ] GC(16) Survivor regions: 2->2(13)
[2026-03-27T03:18:02.664+0900][0.878s][info][gc,heap     ] GC(16) Old regions: 0->0
[2026-03-27T03:18:02.664+0900][0.878s][info][gc,heap     ] GC(16) Archive regions: 0->0
[2026-03-27T03:18:02.664+0900][0.878s][info][gc,heap     ] GC(16) Humongous regions: 131->128
[2026-03-27T03:18:02.664+0900][0.878s][info][gc,metaspace] GC(16) Metaspace: 280K(448K)->280K(448K) NonClass: 267K(320K)->267K(320K) Class: 12K(128K)->12K(128K)
[2026-03-27T03:18:02.664+0900][0.878s][info][gc          ] GC(16) Pause Young (Concurrent Start) (G1 Humongous Allocation) 138M->129M(256M) 0.971ms
[2026-03-27T03:18:02.664+0900][0.878s][info][gc,cpu      ] GC(16) User=0.00s Sys=0.00s Real=0.00s
[2026-03-27T03:18:02.664+0900][0.878s][info][gc          ] GC(17) Concurrent Mark Cycle
[2026-03-27T03:18:02.664+0900][0.878s][info][gc,marking  ] GC(17) Concurrent Clear Claimed Marks
[2026-03-27T03:18:02.664+0900][0.878s][info][gc,marking  ] GC(17) Concurrent Clear Claimed Marks 0.008ms
[2026-03-27T03:18:02.664+0900][0.878s][info][gc,marking  ] GC(17) Concurrent Scan Root Regions
[2026-03-27T03:18:02.664+0900][0.879s][info][gc,marking  ] GC(17) Concurrent Scan Root Regions 0.233ms
[2026-03-27T03:18:02.664+0900][0.879s][info][gc,marking  ] GC(17) Concurrent Mark
[2026-03-27T03:18:02.664+0900][0.879s][info][gc,marking  ] GC(17) Concurrent Mark From Roots
[2026-03-27T03:18:02.664+0900][0.879s][info][gc,task     ] GC(17) Using 4 workers of 4 for marking
[2026-03-27T03:18:02.665+0900][0.879s][info][gc,marking  ] GC(17) Concurrent Mark From Roots 0.122ms
[2026-03-27T03:18:02.665+0900][0.879s][info][gc,marking  ] GC(17) Concurrent Preclean
[2026-03-27T03:18:02.665+0900][0.879s][info][gc,marking  ] GC(17) Concurrent Preclean 0.041ms
[2026-03-27T03:18:02.665+0900][0.879s][info][gc,start    ] GC(17) Pause Remark
[2026-03-27T03:18:02.665+0900][0.879s][info][gc          ] GC(17) Pause Remark 136M->136M(256M) 0.253ms
[2026-03-27T03:18:02.665+0900][0.879s][info][gc,cpu      ] GC(17) User=0.00s Sys=0.00s Real=0.00s
[2026-03-27T03:18:02.665+0900][0.879s][info][gc,marking  ] GC(17) Concurrent Mark 0.626ms
[2026-03-27T03:18:02.665+0900][0.879s][info][gc,marking  ] GC(17) Concurrent Rebuild Remembered Sets
[2026-03-27T03:18:02.665+0900][0.879s][info][gc,marking  ] GC(17) Concurrent Rebuild Remembered Sets 0.009ms
[2026-03-27T03:18:02.666+0900][0.880s][info][gc,start    ] GC(17) Pause Cleanup
[2026-03-27T03:18:02.666+0900][0.880s][info][gc          ] GC(17) Pause Cleanup 139M->139M(256M) 0.013ms
[2026-03-27T03:18:02.666+0900][0.880s][info][gc,cpu      ] GC(17) User=0.00s Sys=0.00s Real=0.00s
[2026-03-27T03:18:02.666+0900][0.880s][info][gc,marking  ] GC(17) Concurrent Cleanup for Next Mark
[2026-03-27T03:18:02.666+0900][0.880s][info][gc,marking  ] GC(17) Concurrent Cleanup for Next Mark 0.149ms
[2026-03-27T03:18:02.666+0900][0.880s][info][gc          ] GC(17) Concurrent Mark Cycle 1.748ms
[2026-03-27T03:18:02.666+0900][0.880s][info][gc,start    ] GC(18) Pause Young (Concurrent Start) (G1 Humongous Allocation)
[2026-03-27T03:18:02.666+0900][0.880s][info][gc,task     ] GC(18) Using 6 workers of 14 for evacuation
[2026-03-27T03:18:02.667+0900][0.881s][info][gc,phases   ] GC(18)   Pre Evacuate Collection Set: 0.0ms
[2026-03-27T03:18:02.667+0900][0.881s][info][gc,phases   ] GC(18)   Merge Heap Roots: 0.0ms
[2026-03-27T03:18:02.667+0900][0.881s][info][gc,phases   ] GC(18)   Evacuate Collection Set: 0.5ms
[2026-03-27T03:18:02.667+0900][0.881s][info][gc,phases   ] GC(18)   Post Evacuate Collection Set: 0.1ms
[2026-03-27T03:18:02.667+0900][0.881s][info][gc,phases   ] GC(18)   Other: 0.1ms
[2026-03-27T03:18:02.667+0900][0.881s][info][gc,heap     ] GC(18) Eden regions: 7->0(94)
[2026-03-27T03:18:02.667+0900][0.881s][info][gc,heap     ] GC(18) Survivor regions: 2->2(13)
[2026-03-27T03:18:02.667+0900][0.881s][info][gc,heap     ] GC(18) Old regions: 0->0
[2026-03-27T03:18:02.667+0900][0.881s][info][gc,heap     ] GC(18) Archive regions: 0->0
[2026-03-27T03:18:02.667+0900][0.881s][info][gc,heap     ] GC(18) Humongous regions: 135->132
[2026-03-27T03:18:02.667+0900][0.881s][info][gc,metaspace] GC(18) Metaspace: 280K(448K)->280K(448K) NonClass: 267K(320K)->267K(320K) Class: 12K(128K)->12K(128K)
[2026-03-27T03:18:02.667+0900][0.881s][info][gc          ] GC(18) Pause Young (Concurrent Start) (G1 Humongous Allocation) 142M->133M(256M) 0.821ms
[2026-03-27T03:18:02.667+0900][0.881s][info][gc,cpu      ] GC(18) User=0.00s Sys=0.00s Real=0.00s
[2026-03-27T03:18:02.667+0900][0.881s][info][gc          ] GC(19) Concurrent Mark Cycle
[2026-03-27T03:18:02.667+0900][0.881s][info][gc,marking  ] GC(19) Concurrent Clear Claimed Marks
[2026-03-27T03:18:02.667+0900][0.881s][info][gc,marking  ] GC(19) Concurrent Clear Claimed Marks 0.009ms
[2026-03-27T03:18:02.667+0900][0.881s][info][gc,marking  ] GC(19) Concurrent Scan Root Regions
[2026-03-27T03:18:02.667+0900][0.881s][info][gc,marking  ] GC(19) Concurrent Scan Root Regions 0.228ms
[2026-03-27T03:18:02.667+0900][0.881s][info][gc,marking  ] GC(19) Concurrent Mark
[2026-03-27T03:18:02.667+0900][0.881s][info][gc,marking  ] GC(19) Concurrent Mark From Roots
[2026-03-27T03:18:02.667+0900][0.881s][info][gc,task     ] GC(19) Using 4 workers of 4 for marking
[2026-03-27T03:18:02.667+0900][0.881s][info][gc,marking  ] GC(19) Concurrent Mark From Roots 0.112ms
[2026-03-27T03:18:02.667+0900][0.881s][info][gc,marking  ] GC(19) Concurrent Preclean
[2026-03-27T03:18:02.667+0900][0.881s][info][gc,marking  ] GC(19) Concurrent Preclean 0.042ms
[2026-03-27T03:18:02.667+0900][0.882s][info][gc,start    ] GC(19) Pause Remark
[2026-03-27T03:18:02.668+0900][0.882s][info][gc          ] GC(19) Pause Remark 140M->140M(256M) 0.247ms
[2026-03-27T03:18:02.668+0900][0.882s][info][gc,cpu      ] GC(19) User=0.00s Sys=0.00s Real=0.00s
[2026-03-27T03:18:02.668+0900][0.882s][info][gc,marking  ] GC(19) Concurrent Mark 0.658ms
[2026-03-27T03:18:02.668+0900][0.882s][info][gc,marking  ] GC(19) Concurrent Rebuild Remembered Sets
[2026-03-27T03:18:02.668+0900][0.882s][info][gc,marking  ] GC(19) Concurrent Rebuild Remembered Sets 0.008ms
[2026-03-27T03:18:02.668+0900][0.882s][info][gc,start    ] GC(19) Pause Cleanup
[2026-03-27T03:18:02.668+0900][0.882s][info][gc          ] GC(19) Pause Cleanup 141M->141M(256M) 0.022ms
[2026-03-27T03:18:02.668+0900][0.882s][info][gc,cpu      ] GC(19) User=0.00s Sys=0.00s Real=0.00s
[2026-03-27T03:18:02.668+0900][0.882s][info][gc,marking  ] GC(19) Concurrent Cleanup for Next Mark
[2026-03-27T03:18:02.668+0900][0.882s][info][gc,marking  ] GC(19) Concurrent Cleanup for Next Mark 0.138ms
[2026-03-27T03:18:02.668+0900][0.882s][info][gc          ] GC(19) Concurrent Mark Cycle 1.232ms
[2026-03-27T03:18:02.669+0900][0.883s][info][gc,start    ] GC(20) Pause Young (Concurrent Start) (G1 Humongous Allocation)
[2026-03-27T03:18:02.669+0900][0.883s][info][gc,task     ] GC(20) Using 6 workers of 14 for evacuation
[2026-03-27T03:18:02.669+0900][0.884s][info][gc,phases   ] GC(20)   Pre Evacuate Collection Set: 0.0ms
[2026-03-27T03:18:02.669+0900][0.884s][info][gc,phases   ] GC(20)   Merge Heap Roots: 0.0ms
[2026-03-27T03:18:02.669+0900][0.884s][info][gc,phases   ] GC(20)   Evacuate Collection Set: 0.4ms
[2026-03-27T03:18:02.669+0900][0.884s][info][gc,phases   ] GC(20)   Post Evacuate Collection Set: 0.1ms
[2026-03-27T03:18:02.669+0900][0.884s][info][gc,phases   ] GC(20)   Other: 0.1ms
[2026-03-27T03:18:02.669+0900][0.884s][info][gc,heap     ] GC(20) Eden regions: 7->0(90)
[2026-03-27T03:18:02.669+0900][0.884s][info][gc,heap     ] GC(20) Survivor regions: 2->2(12)
[2026-03-27T03:18:02.669+0900][0.884s][info][gc,heap     ] GC(20) Old regions: 0->0
[2026-03-27T03:18:02.669+0900][0.884s][info][gc,heap     ] GC(20) Archive regions: 0->0
[2026-03-27T03:18:02.670+0900][0.884s][info][gc,heap     ] GC(20) Humongous regions: 139->136
[2026-03-27T03:18:02.670+0900][0.884s][info][gc,metaspace] GC(20) Metaspace: 280K(448K)->280K(448K) NonClass: 267K(320K)->267K(320K) Class: 12K(128K)->12K(128K)
[2026-03-27T03:18:02.670+0900][0.884s][info][gc          ] GC(20) Pause Young (Concurrent Start) (G1 Humongous Allocation) 146M->137M(256M) 0.850ms
[2026-03-27T03:18:02.670+0900][0.884s][info][gc,cpu      ] GC(20) User=0.00s Sys=0.00s Real=0.00s
[2026-03-27T03:18:02.670+0900][0.884s][info][gc          ] GC(21) Concurrent Mark Cycle
[2026-03-27T03:18:02.670+0900][0.884s][info][gc,marking  ] GC(21) Concurrent Clear Claimed Marks
[2026-03-27T03:18:02.670+0900][0.884s][info][gc,marking  ] GC(21) Concurrent Clear Claimed Marks 0.020ms
[2026-03-27T03:18:02.670+0900][0.884s][info][gc,marking  ] GC(21) Concurrent Scan Root Regions
[2026-03-27T03:18:02.670+0900][0.884s][info][gc,marking  ] GC(21) Concurrent Scan Root Regions 0.306ms
[2026-03-27T03:18:02.670+0900][0.884s][info][gc,marking  ] GC(21) Concurrent Mark
[2026-03-27T03:18:02.670+0900][0.884s][info][gc,marking  ] GC(21) Concurrent Mark From Roots
[2026-03-27T03:18:02.670+0900][0.884s][info][gc,task     ] GC(21) Using 4 workers of 4 for marking
[2026-03-27T03:18:02.670+0900][0.884s][info][gc,marking  ] GC(21) Concurrent Mark From Roots 0.090ms
[2026-03-27T03:18:02.670+0900][0.884s][info][gc,marking  ] GC(21) Concurrent Preclean
[2026-03-27T03:18:02.670+0900][0.885s][info][gc,marking  ] GC(21) Concurrent Preclean 0.043ms
[2026-03-27T03:18:02.670+0900][0.885s][info][gc,start    ] GC(21) Pause Remark
[2026-03-27T03:18:02.671+0900][0.885s][info][gc          ] GC(21) Pause Remark 144M->144M(256M) 0.716ms
[2026-03-27T03:18:02.671+0900][0.885s][info][gc,cpu      ] GC(21) User=0.00s Sys=0.00s Real=0.00s
[2026-03-27T03:18:02.671+0900][0.885s][info][gc,marking  ] GC(21) Concurrent Mark 1.134ms
[2026-03-27T03:18:02.671+0900][0.886s][info][gc,marking  ] GC(21) Concurrent Rebuild Remembered Sets
[2026-03-27T03:18:02.671+0900][0.886s][info][gc,marking  ] GC(21) Concurrent Rebuild Remembered Sets 0.017ms
[2026-03-27T03:18:02.671+0900][0.886s][info][gc,start    ] GC(21) Pause Cleanup
[2026-03-27T03:18:02.671+0900][0.886s][info][gc          ] GC(21) Pause Cleanup 145M->145M(256M) 0.019ms
[2026-03-27T03:18:02.671+0900][0.886s][info][gc,cpu      ] GC(21) User=0.00s Sys=0.00s Real=0.00s
[2026-03-27T03:18:02.671+0900][0.886s][info][gc,marking  ] GC(21) Concurrent Cleanup for Next Mark
[2026-03-27T03:18:02.672+0900][0.886s][info][gc,marking  ] GC(21) Concurrent Cleanup for Next Mark 0.157ms
[2026-03-27T03:18:02.672+0900][0.886s][info][gc          ] GC(21) Concurrent Mark Cycle 2.008ms
[2026-03-27T03:18:02.781+0900][0.995s][info][gc,start    ] GC(22) Pause Young (Concurrent Start) (G1 Humongous Allocation)
[2026-03-27T03:18:02.781+0900][0.995s][info][gc,task     ] GC(22) Using 6 workers of 14 for evacuation
[2026-03-27T03:18:02.783+0900][0.996s][info][gc,phases   ] GC(22)   Pre Evacuate Collection Set: 0.2ms
[2026-03-27T03:18:02.783+0900][0.996s][info][gc,phases   ] GC(22)   Merge Heap Roots: 0.1ms
[2026-03-27T03:18:02.783+0900][0.996s][info][gc,phases   ] GC(22)   Evacuate Collection Set: 0.6ms
[2026-03-27T03:18:02.783+0900][0.996s][info][gc,phases   ] GC(22)   Post Evacuate Collection Set: 0.6ms
[2026-03-27T03:18:02.783+0900][0.996s][info][gc,phases   ] GC(22)   Other: 0.2ms
[2026-03-27T03:18:02.783+0900][0.996s][info][gc,heap     ] GC(22) Eden regions: 7->0(106)
[2026-03-27T03:18:02.783+0900][0.996s][info][gc,heap     ] GC(22) Survivor regions: 2->2(12)
[2026-03-27T03:18:02.783+0900][0.996s][info][gc,heap     ] GC(22) Old regions: 0->0
[2026-03-27T03:18:02.783+0900][0.996s][info][gc,heap     ] GC(22) Archive regions: 0->0
[2026-03-27T03:18:02.783+0900][0.997s][info][gc,heap     ] GC(22) Humongous regions: 140->120
[2026-03-27T03:18:02.783+0900][0.997s][info][gc,metaspace] GC(22) Metaspace: 280K(448K)->280K(448K) NonClass: 268K(320K)->268K(320K) Class: 12K(128K)->12K(128K)
[2026-03-27T03:18:02.783+0900][0.997s][info][gc          ] GC(22) Pause Young (Concurrent Start) (G1 Humongous Allocation) 147M->121M(256M) 1.970ms
[2026-03-27T03:18:02.783+0900][0.997s][info][gc,cpu      ] GC(22) User=0.02s Sys=0.00s Real=0.00s
[2026-03-27T03:18:02.783+0900][0.997s][info][gc          ] GC(23) Concurrent Mark Cycle
[2026-03-27T03:18:02.783+0900][0.997s][info][gc,marking  ] GC(23) Concurrent Clear Claimed Marks
[2026-03-27T03:18:02.783+0900][0.997s][info][gc,marking  ] GC(23) Concurrent Clear Claimed Marks 0.011ms
[2026-03-27T03:18:02.783+0900][0.997s][info][gc,marking  ] GC(23) Concurrent Scan Root Regions
[2026-03-27T03:18:02.783+0900][0.997s][info][gc,marking  ] GC(23) Concurrent Scan Root Regions 0.314ms
[2026-03-27T03:18:02.783+0900][0.997s][info][gc,marking  ] GC(23) Concurrent Mark
[2026-03-27T03:18:02.783+0900][0.997s][info][gc,marking  ] GC(23) Concurrent Mark From Roots
[2026-03-27T03:18:02.783+0900][0.997s][info][gc,task     ] GC(23) Using 4 workers of 4 for marking
[2026-03-27T03:18:02.784+0900][0.997s][info][gc,marking  ] GC(23) Concurrent Mark From Roots 0.216ms
[2026-03-27T03:18:02.784+0900][0.997s][info][gc,marking  ] GC(23) Concurrent Preclean
[2026-03-27T03:18:02.784+0900][0.997s][info][gc,marking  ] GC(23) Concurrent Preclean 0.048ms
[2026-03-27T03:18:02.784+0900][0.998s][info][gc,start    ] GC(23) Pause Remark
[2026-03-27T03:18:02.784+0900][0.998s][info][gc          ] GC(23) Pause Remark 132M->132M(256M) 0.463ms
[2026-03-27T03:18:02.784+0900][0.998s][info][gc,cpu      ] GC(23) User=0.00s Sys=0.00s Real=0.00s
[2026-03-27T03:18:02.784+0900][0.998s][info][gc,marking  ] GC(23) Concurrent Mark 1.054ms
[2026-03-27T03:18:02.784+0900][0.998s][info][gc,marking  ] GC(23) Concurrent Rebuild Remembered Sets
[2026-03-27T03:18:02.785+0900][0.998s][info][gc,marking  ] GC(23) Concurrent Rebuild Remembered Sets 0.012ms
[2026-03-27T03:18:02.785+0900][0.998s][info][gc,start    ] GC(23) Pause Cleanup
[2026-03-27T03:18:02.785+0900][0.998s][info][gc          ] GC(23) Pause Cleanup 133M->133M(256M) 0.026ms
[2026-03-27T03:18:02.785+0900][0.998s][info][gc,cpu      ] GC(23) User=0.00s Sys=0.00s Real=0.00s
[2026-03-27T03:18:02.785+0900][0.998s][info][gc,marking  ] GC(23) Concurrent Cleanup for Next Mark
[2026-03-27T03:18:02.785+0900][0.998s][info][gc,marking  ] GC(23) Concurrent Cleanup for Next Mark 0.170ms
[2026-03-27T03:18:02.785+0900][0.998s][info][gc          ] GC(23) Concurrent Mark Cycle 1.822ms
[2026-03-27T03:18:02.785+0900][0.999s][info][gc,start    ] GC(24) Pause Young (Concurrent Start) (G1 Humongous Allocation)
[2026-03-27T03:18:02.785+0900][0.999s][info][gc,task     ] GC(24) Using 6 workers of 14 for evacuation
[2026-03-27T03:18:02.786+0900][1.000s][info][gc,phases   ] GC(24)   Pre Evacuate Collection Set: 0.1ms
[2026-03-27T03:18:02.786+0900][1.000s][info][gc,phases   ] GC(24)   Merge Heap Roots: 0.0ms
[2026-03-27T03:18:02.786+0900][1.000s][info][gc,phases   ] GC(24)   Evacuate Collection Set: 0.6ms
[2026-03-27T03:18:02.786+0900][1.000s][info][gc,phases   ] GC(24)   Post Evacuate Collection Set: 0.3ms
[2026-03-27T03:18:02.786+0900][1.000s][info][gc,phases   ] GC(24)   Other: 0.1ms
[2026-03-27T03:18:02.786+0900][1.000s][info][gc,heap     ] GC(24) Eden regions: 7->0(102)
[2026-03-27T03:18:02.786+0900][1.000s][info][gc,heap     ] GC(24) Survivor regions: 2->2(14)
[2026-03-27T03:18:02.786+0900][1.000s][info][gc,heap     ] GC(24) Old regions: 0->0
[2026-03-27T03:18:02.786+0900][1.000s][info][gc,heap     ] GC(24) Archive regions: 0->0
[2026-03-27T03:18:02.786+0900][1.000s][info][gc,heap     ] GC(24) Humongous regions: 127->124
[2026-03-27T03:18:02.786+0900][1.000s][info][gc,metaspace] GC(24) Metaspace: 280K(448K)->280K(448K) NonClass: 268K(320K)->268K(320K) Class: 12K(128K)->12K(128K)
[2026-03-27T03:18:02.786+0900][1.000s][info][gc          ] GC(24) Pause Young (Concurrent Start) (G1 Humongous Allocation) 134M->125M(256M) 1.137ms
[2026-03-27T03:18:02.786+0900][1.000s][info][gc,cpu      ] GC(24) User=0.00s Sys=0.00s Real=0.00s
[2026-03-27T03:18:02.786+0900][1.000s][info][gc          ] GC(25) Concurrent Mark Cycle
[2026-03-27T03:18:02.786+0900][1.000s][info][gc,marking  ] GC(25) Concurrent Clear Claimed Marks
[2026-03-27T03:18:02.786+0900][1.000s][info][gc,marking  ] GC(25) Concurrent Clear Claimed Marks 0.025ms
[2026-03-27T03:18:02.786+0900][1.000s][info][gc,marking  ] GC(25) Concurrent Scan Root Regions
[2026-03-27T03:18:02.786+0900][1.000s][info][gc,marking  ] GC(25) Concurrent Scan Root Regions 0.259ms
[2026-03-27T03:18:02.786+0900][1.000s][info][gc,marking  ] GC(25) Concurrent Mark
[2026-03-27T03:18:02.786+0900][1.000s][info][gc,marking  ] GC(25) Concurrent Mark From Roots
[2026-03-27T03:18:02.786+0900][1.000s][info][gc,task     ] GC(25) Using 4 workers of 4 for marking
[2026-03-27T03:18:02.787+0900][1.000s][info][gc,marking  ] GC(25) Concurrent Mark From Roots 0.105ms
[2026-03-27T03:18:02.787+0900][1.000s][info][gc,marking  ] GC(25) Concurrent Preclean
[2026-03-27T03:18:02.787+0900][1.000s][info][gc,marking  ] GC(25) Concurrent Preclean 0.046ms
[2026-03-27T03:18:02.787+0900][1.000s][info][gc,start    ] GC(25) Pause Remark
[2026-03-27T03:18:02.787+0900][1.001s][info][gc          ] GC(25) Pause Remark 131M->131M(256M) 0.425ms
[2026-03-27T03:18:02.787+0900][1.001s][info][gc,cpu      ] GC(25) User=0.00s Sys=0.00s Real=0.00s
[2026-03-27T03:18:02.787+0900][1.001s][info][gc,marking  ] GC(25) Concurrent Mark 0.983ms
[2026-03-27T03:18:02.787+0900][1.001s][info][gc,marking  ] GC(25) Concurrent Rebuild Remembered Sets
[2026-03-27T03:18:02.787+0900][1.001s][info][gc,marking  ] GC(25) Concurrent Rebuild Remembered Sets 0.018ms
[2026-03-27T03:18:02.788+0900][1.001s][info][gc,start    ] GC(25) Pause Cleanup
[2026-03-27T03:18:02.788+0900][1.001s][info][gc          ] GC(25) Pause Cleanup 133M->133M(256M) 0.096ms
[2026-03-27T03:18:02.788+0900][1.001s][info][gc,cpu      ] GC(25) User=0.00s Sys=0.00s Real=0.00s
[2026-03-27T03:18:02.788+0900][1.001s][info][gc,marking  ] GC(25) Concurrent Cleanup for Next Mark
[2026-03-27T03:18:02.788+0900][1.002s][info][gc,marking  ] GC(25) Concurrent Cleanup for Next Mark 0.169ms
[2026-03-27T03:18:02.788+0900][1.002s][info][gc          ] GC(25) Concurrent Mark Cycle 1.880ms
[2026-03-27T03:18:02.788+0900][1.002s][info][gc,start    ] GC(26) Pause Young (Concurrent Start) (G1 Humongous Allocation)
[2026-03-27T03:18:02.788+0900][1.002s][info][gc,task     ] GC(26) Using 6 workers of 14 for evacuation
[2026-03-27T03:18:02.789+0900][1.003s][info][gc,phases   ] GC(26)   Pre Evacuate Collection Set: 0.1ms
[2026-03-27T03:18:02.789+0900][1.003s][info][gc,phases   ] GC(26)   Merge Heap Roots: 0.0ms
[2026-03-27T03:18:02.789+0900][1.003s][info][gc,phases   ] GC(26)   Evacuate Collection Set: 0.4ms
[2026-03-27T03:18:02.789+0900][1.003s][info][gc,phases   ] GC(26)   Post Evacuate Collection Set: 0.2ms
[2026-03-27T03:18:02.789+0900][1.003s][info][gc,phases   ] GC(26)   Other: 0.1ms
[2026-03-27T03:18:02.789+0900][1.003s][info][gc,heap     ] GC(26) Eden regions: 7->0(98)
[2026-03-27T03:18:02.789+0900][1.003s][info][gc,heap     ] GC(26) Survivor regions: 2->2(13)
[2026-03-27T03:18:02.789+0900][1.003s][info][gc,heap     ] GC(26) Old regions: 0->0
[2026-03-27T03:18:02.789+0900][1.003s][info][gc,heap     ] GC(26) Archive regions: 0->0
[2026-03-27T03:18:02.789+0900][1.003s][info][gc,heap     ] GC(26) Humongous regions: 131->128
[2026-03-27T03:18:02.789+0900][1.003s][info][gc,metaspace] GC(26) Metaspace: 280K(448K)->280K(448K) NonClass: 268K(320K)->268K(320K) Class: 12K(128K)->12K(128K)
[2026-03-27T03:18:02.789+0900][1.003s][info][gc          ] GC(26) Pause Young (Concurrent Start) (G1 Humongous Allocation) 138M->129M(256M) 0.968ms
[2026-03-27T03:18:02.789+0900][1.003s][info][gc,cpu      ] GC(26) User=0.00s Sys=0.00s Real=0.00s
[2026-03-27T03:18:02.789+0900][1.003s][info][gc          ] GC(27) Concurrent Mark Cycle
[2026-03-27T03:18:02.789+0900][1.003s][info][gc,marking  ] GC(27) Concurrent Clear Claimed Marks
[2026-03-27T03:18:02.789+0900][1.003s][info][gc,marking  ] GC(27) Concurrent Clear Claimed Marks 0.009ms
[2026-03-27T03:18:02.789+0900][1.003s][info][gc,marking  ] GC(27) Concurrent Scan Root Regions
[2026-03-27T03:18:02.790+0900][1.003s][info][gc,marking  ] GC(27) Concurrent Scan Root Regions 0.282ms
[2026-03-27T03:18:02.790+0900][1.003s][info][gc,marking  ] GC(27) Concurrent Mark
[2026-03-27T03:18:02.790+0900][1.003s][info][gc,marking  ] GC(27) Concurrent Mark From Roots
[2026-03-27T03:18:02.790+0900][1.003s][info][gc,task     ] GC(27) Using 4 workers of 4 for marking
[2026-03-27T03:18:02.790+0900][1.003s][info][gc,marking  ] GC(27) Concurrent Mark From Roots 0.117ms
[2026-03-27T03:18:02.790+0900][1.003s][info][gc,marking  ] GC(27) Concurrent Preclean
[2026-03-27T03:18:02.790+0900][1.003s][info][gc,marking  ] GC(27) Concurrent Preclean 0.042ms
[2026-03-27T03:18:02.790+0900][1.004s][info][gc,start    ] GC(27) Pause Remark
[2026-03-27T03:18:02.790+0900][1.004s][info][gc          ] GC(27) Pause Remark 136M->136M(256M) 0.395ms
[2026-03-27T03:18:02.790+0900][1.004s][info][gc,cpu      ] GC(27) User=0.00s Sys=0.00s Real=0.00s
[2026-03-27T03:18:02.790+0900][1.004s][info][gc,marking  ] GC(27) Concurrent Mark 0.845ms
[2026-03-27T03:18:02.790+0900][1.004s][info][gc,marking  ] GC(27) Concurrent Rebuild Remembered Sets
[2026-03-27T03:18:02.790+0900][1.004s][info][gc,marking  ] GC(27) Concurrent Rebuild Remembered Sets 0.009ms
[2026-03-27T03:18:02.791+0900][1.005s][info][gc,start    ] GC(27) Pause Cleanup
[2026-03-27T03:18:02.791+0900][1.005s][info][gc          ] GC(27) Pause Cleanup 139M->139M(256M) 0.030ms
[2026-03-27T03:18:02.791+0900][1.005s][info][gc,cpu      ] GC(27) User=0.00s Sys=0.00s Real=0.00s
[2026-03-27T03:18:02.791+0900][1.005s][info][gc,marking  ] GC(27) Concurrent Cleanup for Next Mark
[2026-03-27T03:18:02.791+0900][1.005s][info][gc,marking  ] GC(27) Concurrent Cleanup for Next Mark 0.150ms
[2026-03-27T03:18:02.791+0900][1.005s][info][gc          ] GC(27) Concurrent Mark Cycle 1.906ms
[2026-03-27T03:18:02.791+0900][1.005s][info][gc,start    ] GC(28) Pause Young (Concurrent Start) (G1 Humongous Allocation)
[2026-03-27T03:18:02.791+0900][1.005s][info][gc,task     ] GC(28) Using 6 workers of 14 for evacuation
[2026-03-27T03:18:02.792+0900][1.006s][info][gc,phases   ] GC(28)   Pre Evacuate Collection Set: 0.0ms
[2026-03-27T03:18:02.792+0900][1.006s][info][gc,phases   ] GC(28)   Merge Heap Roots: 0.0ms
[2026-03-27T03:18:02.792+0900][1.006s][info][gc,phases   ] GC(28)   Evacuate Collection Set: 0.6ms
[2026-03-27T03:18:02.792+0900][1.006s][info][gc,phases   ] GC(28)   Post Evacuate Collection Set: 0.2ms
[2026-03-27T03:18:02.792+0900][1.006s][info][gc,phases   ] GC(28)   Other: 0.1ms
[2026-03-27T03:18:02.792+0900][1.006s][info][gc,heap     ] GC(28) Eden regions: 7->0(95)
[2026-03-27T03:18:02.792+0900][1.006s][info][gc,heap     ] GC(28) Survivor regions: 2->1(13)
[2026-03-27T03:18:02.792+0900][1.006s][info][gc,heap     ] GC(28) Old regions: 0->1
[2026-03-27T03:18:02.792+0900][1.006s][info][gc,heap     ] GC(28) Archive regions: 0->0
[2026-03-27T03:18:02.792+0900][1.006s][info][gc,heap     ] GC(28) Humongous regions: 135->132
[2026-03-27T03:18:02.792+0900][1.006s][info][gc,metaspace] GC(28) Metaspace: 280K(448K)->280K(448K) NonClass: 268K(320K)->268K(320K) Class: 12K(128K)->12K(128K)
[2026-03-27T03:18:02.792+0900][1.006s][info][gc          ] GC(28) Pause Young (Concurrent Start) (G1 Humongous Allocation) 142M->133M(256M) 1.040ms
[2026-03-27T03:18:02.792+0900][1.006s][info][gc,cpu      ] GC(28) User=0.00s Sys=0.00s Real=0.00s
[2026-03-27T03:18:02.792+0900][1.006s][info][gc          ] GC(29) Concurrent Mark Cycle
[2026-03-27T03:18:02.792+0900][1.006s][info][gc,marking  ] GC(29) Concurrent Clear Claimed Marks
[2026-03-27T03:18:02.792+0900][1.006s][info][gc,marking  ] GC(29) Concurrent Clear Claimed Marks 0.011ms
[2026-03-27T03:18:02.792+0900][1.006s][info][gc,marking  ] GC(29) Concurrent Scan Root Regions
[2026-03-27T03:18:02.793+0900][1.006s][info][gc,marking  ] GC(29) Concurrent Scan Root Regions 0.248ms
[2026-03-27T03:18:02.793+0900][1.006s][info][gc,marking  ] GC(29) Concurrent Mark
[2026-03-27T03:18:02.793+0900][1.006s][info][gc,marking  ] GC(29) Concurrent Mark From Roots
[2026-03-27T03:18:02.793+0900][1.006s][info][gc,task     ] GC(29) Using 4 workers of 4 for marking
[2026-03-27T03:18:02.793+0900][1.006s][info][gc,marking  ] GC(29) Concurrent Mark From Roots 0.120ms
[2026-03-27T03:18:02.793+0900][1.006s][info][gc,marking  ] GC(29) Concurrent Preclean
[2026-03-27T03:18:02.793+0900][1.006s][info][gc,marking  ] GC(29) Concurrent Preclean 0.044ms
[2026-03-27T03:18:02.793+0900][1.007s][info][gc,start    ] GC(29) Pause Remark
[2026-03-27T03:18:02.793+0900][1.007s][info][gc          ] GC(29) Pause Remark 140M->140M(256M) 0.236ms
[2026-03-27T03:18:02.793+0900][1.007s][info][gc,cpu      ] GC(29) User=0.00s Sys=0.00s Real=0.00s
[2026-03-27T03:18:02.793+0900][1.007s][info][gc,marking  ] GC(29) Concurrent Mark 0.682ms
[2026-03-27T03:18:02.793+0900][1.007s][info][gc,marking  ] GC(29) Concurrent Rebuild Remembered Sets
[2026-03-27T03:18:02.794+0900][1.007s][info][gc,marking  ] GC(29) Concurrent Rebuild Remembered Sets 0.335ms
[2026-03-27T03:18:02.794+0900][1.008s][info][gc,start    ] GC(29) Pause Cleanup
[2026-03-27T03:18:02.794+0900][1.008s][info][gc          ] GC(29) Pause Cleanup 145M->145M(256M) 0.129ms
[2026-03-27T03:18:02.794+0900][1.008s][info][gc,cpu      ] GC(29) User=0.00s Sys=0.00s Real=0.00s
[2026-03-27T03:18:02.794+0900][1.008s][info][gc,marking  ] GC(29) Concurrent Cleanup for Next Mark
[2026-03-27T03:18:02.794+0900][1.008s][info][gc,marking  ] GC(29) Concurrent Cleanup for Next Mark 0.158ms
[2026-03-27T03:18:02.794+0900][1.008s][info][gc          ] GC(29) Concurrent Mark Cycle 1.913ms
[2026-03-27T03:18:02.795+0900][1.008s][info][gc,start    ] GC(30) Pause Young (Concurrent Start) (G1 Humongous Allocation)
[2026-03-27T03:18:02.795+0900][1.008s][info][gc,task     ] GC(30) Using 6 workers of 14 for evacuation
[2026-03-27T03:18:02.795+0900][1.009s][info][gc,phases   ] GC(30)   Pre Evacuate Collection Set: 0.0ms
[2026-03-27T03:18:02.795+0900][1.009s][info][gc,phases   ] GC(30)   Merge Heap Roots: 0.0ms
[2026-03-27T03:18:02.795+0900][1.009s][info][gc,phases   ] GC(30)   Evacuate Collection Set: 0.1ms
[2026-03-27T03:18:02.795+0900][1.009s][info][gc,phases   ] GC(30)   Post Evacuate Collection Set: 0.1ms
[2026-03-27T03:18:02.795+0900][1.009s][info][gc,phases   ] GC(30)   Other: 0.1ms
[2026-03-27T03:18:02.795+0900][1.009s][info][gc,heap     ] GC(30) Eden regions: 11->0(89)
[2026-03-27T03:18:02.795+0900][1.009s][info][gc,heap     ] GC(30) Survivor regions: 1->1(12)
[2026-03-27T03:18:02.795+0900][1.009s][info][gc,heap     ] GC(30) Old regions: 1->1
[2026-03-27T03:18:02.795+0900][1.009s][info][gc,heap     ] GC(30) Archive regions: 0->0
[2026-03-27T03:18:02.795+0900][1.009s][info][gc,heap     ] GC(30) Humongous regions: 141->138
[2026-03-27T03:18:02.795+0900][1.009s][info][gc,metaspace] GC(30) Metaspace: 280K(448K)->280K(448K) NonClass: 268K(320K)->268K(320K) Class: 12K(128K)->12K(128K)
[2026-03-27T03:18:02.795+0900][1.009s][info][gc          ] GC(30) Pause Young (Concurrent Start) (G1 Humongous Allocation) 152M->139M(256M) 0.403ms
[2026-03-27T03:18:02.795+0900][1.009s][info][gc,cpu      ] GC(30) User=0.00s Sys=0.00s Real=0.00s
[2026-03-27T03:18:02.795+0900][1.009s][info][gc          ] GC(31) Concurrent Mark Cycle
[2026-03-27T03:18:02.795+0900][1.009s][info][gc,marking  ] GC(31) Concurrent Clear Claimed Marks
[2026-03-27T03:18:02.795+0900][1.009s][info][gc,marking  ] GC(31) Concurrent Clear Claimed Marks 0.010ms
[2026-03-27T03:18:02.795+0900][1.009s][info][gc,marking  ] GC(31) Concurrent Scan Root Regions
[2026-03-27T03:18:02.795+0900][1.009s][info][gc,marking  ] GC(31) Concurrent Scan Root Regions 0.027ms
[2026-03-27T03:18:02.795+0900][1.009s][info][gc,marking  ] GC(31) Concurrent Mark
[2026-03-27T03:18:02.795+0900][1.009s][info][gc,marking  ] GC(31) Concurrent Mark From Roots
[2026-03-27T03:18:02.795+0900][1.009s][info][gc,task     ] GC(31) Using 4 workers of 4 for marking
[2026-03-27T03:18:02.796+0900][1.010s][info][gc,marking  ] GC(31) Concurrent Mark From Roots 0.580ms
[2026-03-27T03:18:02.796+0900][1.010s][info][gc,marking  ] GC(31) Concurrent Preclean
[2026-03-27T03:18:02.796+0900][1.010s][info][gc,marking  ] GC(31) Concurrent Preclean 0.049ms
[2026-03-27T03:18:02.796+0900][1.010s][info][gc,start    ] GC(31) Pause Remark
[2026-03-27T03:18:02.796+0900][1.010s][info][gc          ] GC(31) Pause Remark 144M->144M(256M) 0.197ms
[2026-03-27T03:18:02.796+0900][1.010s][info][gc,cpu      ] GC(31) User=0.00s Sys=0.00s Real=0.00s
[2026-03-27T03:18:02.796+0900][1.010s][info][gc,marking  ] GC(31) Concurrent Mark 0.942ms
[2026-03-27T03:18:02.796+0900][1.010s][info][gc,marking  ] GC(31) Concurrent Rebuild Remembered Sets
[2026-03-27T03:18:02.797+0900][1.010s][info][gc,marking  ] GC(31) Concurrent Rebuild Remembered Sets 0.458ms
[2026-03-27T03:18:02.797+0900][1.011s][info][gc,start    ] GC(31) Pause Cleanup
[2026-03-27T03:18:02.797+0900][1.011s][info][gc          ] GC(31) Pause Cleanup 144M->144M(256M) 0.063ms
[2026-03-27T03:18:02.797+0900][1.011s][info][gc,cpu      ] GC(31) User=0.00s Sys=0.00s Real=0.00s
[2026-03-27T03:18:02.797+0900][1.011s][info][gc,marking  ] GC(31) Concurrent Cleanup for Next Mark
[2026-03-27T03:18:02.797+0900][1.011s][info][gc,marking  ] GC(31) Concurrent Cleanup for Next Mark 0.156ms
[2026-03-27T03:18:02.797+0900][1.011s][info][gc          ] GC(31) Concurrent Mark Cycle 2.004ms
[2026-03-27T03:18:02.906+0900][1.119s][info][gc,start    ] GC(32) Pause Young (Concurrent Start) (G1 Humongous Allocation)
[2026-03-27T03:18:02.906+0900][1.120s][info][gc,task     ] GC(32) Using 6 workers of 14 for evacuation
[2026-03-27T03:18:02.907+0900][1.121s][info][gc,phases   ] GC(32)   Pre Evacuate Collection Set: 0.1ms
[2026-03-27T03:18:02.907+0900][1.121s][info][gc,phases   ] GC(32)   Merge Heap Roots: 0.2ms
[2026-03-27T03:18:02.907+0900][1.121s][info][gc,phases   ] GC(32)   Evacuate Collection Set: 0.2ms
[2026-03-27T03:18:02.907+0900][1.121s][info][gc,phases   ] GC(32)   Post Evacuate Collection Set: 0.4ms
[2026-03-27T03:18:02.907+0900][1.121s][info][gc,phases   ] GC(32)   Other: 0.3ms
[2026-03-27T03:18:02.907+0900][1.121s][info][gc,heap     ] GC(32) Eden regions: 4->0(93)
[2026-03-27T03:18:02.907+0900][1.121s][info][gc,heap     ] GC(32) Survivor regions: 1->1(12)
[2026-03-27T03:18:02.907+0900][1.121s][info][gc,heap     ] GC(32) Old regions: 1->1
[2026-03-27T03:18:02.907+0900][1.121s][info][gc,heap     ] GC(32) Archive regions: 0->0
[2026-03-27T03:18:02.907+0900][1.121s][info][gc,heap     ] GC(32) Humongous regions: 140->134
[2026-03-27T03:18:02.907+0900][1.121s][info][gc,metaspace] GC(32) Metaspace: 280K(448K)->280K(448K) NonClass: 268K(320K)->268K(320K) Class: 12K(128K)->12K(128K)
[2026-03-27T03:18:02.907+0900][1.121s][info][gc          ] GC(32) Pause Young (Concurrent Start) (G1 Humongous Allocation) 144M->135M(256M) 1.535ms
[2026-03-27T03:18:02.907+0900][1.121s][info][gc,cpu      ] GC(32) User=0.00s Sys=0.00s Real=0.00s
[2026-03-27T03:18:02.907+0900][1.121s][info][gc          ] GC(33) Concurrent Mark Cycle
[2026-03-27T03:18:02.907+0900][1.121s][info][gc,marking  ] GC(33) Concurrent Clear Claimed Marks
[2026-03-27T03:18:02.907+0900][1.121s][info][gc,marking  ] GC(33) Concurrent Clear Claimed Marks 0.020ms
[2026-03-27T03:18:02.907+0900][1.121s][info][gc,marking  ] GC(33) Concurrent Scan Root Regions
[2026-03-27T03:18:02.908+0900][1.122s][info][gc,marking  ] GC(33) Concurrent Scan Root Regions 0.378ms
[2026-03-27T03:18:02.908+0900][1.122s][info][gc,marking  ] GC(33) Concurrent Mark
[2026-03-27T03:18:02.908+0900][1.122s][info][gc,marking  ] GC(33) Concurrent Mark From Roots
[2026-03-27T03:18:02.908+0900][1.122s][info][gc,task     ] GC(33) Using 4 workers of 4 for marking
[2026-03-27T03:18:02.908+0900][1.122s][info][gc,marking  ] GC(33) Concurrent Mark From Roots 0.775ms
[2026-03-27T03:18:02.909+0900][1.122s][info][gc,marking  ] GC(33) Concurrent Preclean
[2026-03-27T03:18:02.909+0900][1.122s][info][gc,marking  ] GC(33) Concurrent Preclean 0.071ms
[2026-03-27T03:18:02.909+0900][1.123s][info][gc,start    ] GC(33) Pause Remark
[2026-03-27T03:18:02.909+0900][1.123s][info][gc          ] GC(33) Pause Remark 151M->137M(256M) 0.487ms
[2026-03-27T03:18:02.909+0900][1.123s][info][gc,cpu      ] GC(33) User=0.00s Sys=0.00s Real=0.00s
[2026-03-27T03:18:02.909+0900][1.123s][info][gc,marking  ] GC(33) Concurrent Mark 1.590ms
[2026-03-27T03:18:02.909+0900][1.123s][info][gc,marking  ] GC(33) Concurrent Rebuild Remembered Sets
[2026-03-27T03:18:02.910+0900][1.124s][info][gc,marking  ] GC(33) Concurrent Rebuild Remembered Sets 0.377ms
[2026-03-27T03:18:02.910+0900][1.124s][info][gc,start    ] GC(33) Pause Cleanup
[2026-03-27T03:18:02.910+0900][1.124s][info][gc          ] GC(33) Pause Cleanup 141M->141M(256M) 0.159ms
[2026-03-27T03:18:02.910+0900][1.124s][info][gc,cpu      ] GC(33) User=0.00s Sys=0.00s Real=0.00s
[2026-03-27T03:18:02.910+0900][1.124s][info][gc,marking  ] GC(33) Concurrent Cleanup for Next Mark
[2026-03-27T03:18:02.910+0900][1.124s][info][gc,marking  ] GC(33) Concurrent Cleanup for Next Mark 0.162ms
[2026-03-27T03:18:02.910+0900][1.124s][info][gc          ] GC(33) Concurrent Mark Cycle 3.189ms
[2026-03-27T03:18:02.911+0900][1.125s][info][gc,start    ] GC(34) Pause Young (Concurrent Start) (G1 Humongous Allocation)
[2026-03-27T03:18:02.911+0900][1.125s][info][gc,task     ] GC(34) Using 6 workers of 14 for evacuation
[2026-03-27T03:18:02.912+0900][1.125s][info][gc,phases   ] GC(34)   Pre Evacuate Collection Set: 0.0ms
[2026-03-27T03:18:02.912+0900][1.125s][info][gc,phases   ] GC(34)   Merge Heap Roots: 0.1ms
[2026-03-27T03:18:02.912+0900][1.125s][info][gc,phases   ] GC(34)   Evacuate Collection Set: 0.2ms
[2026-03-27T03:18:02.912+0900][1.125s][info][gc,phases   ] GC(34)   Post Evacuate Collection Set: 0.1ms
[2026-03-27T03:18:02.912+0900][1.125s][info][gc,phases   ] GC(34)   Other: 0.1ms
[2026-03-27T03:18:02.912+0900][1.125s][info][gc,heap     ] GC(34) Eden regions: 14->0(99)
[2026-03-27T03:18:02.912+0900][1.125s][info][gc,heap     ] GC(34) Survivor regions: 1->1(12)
[2026-03-27T03:18:02.912+0900][1.125s][info][gc,heap     ] GC(34) Old regions: 1->1
[2026-03-27T03:18:02.912+0900][1.126s][info][gc,heap     ] GC(34) Archive regions: 0->0
[2026-03-27T03:18:02.912+0900][1.126s][info][gc,heap     ] GC(34) Humongous regions: 134->128
[2026-03-27T03:18:02.912+0900][1.126s][info][gc,metaspace] GC(34) Metaspace: 280K(448K)->280K(448K) NonClass: 268K(320K)->268K(320K) Class: 12K(128K)->12K(128K)
[2026-03-27T03:18:02.912+0900][1.126s][info][gc          ] GC(34) Pause Young (Concurrent Start) (G1 Humongous Allocation) 148M->129M(256M) 0.649ms
[2026-03-27T03:18:02.912+0900][1.126s][info][gc,cpu      ] GC(34) User=0.00s Sys=0.00s Real=0.00s
[2026-03-27T03:18:02.912+0900][1.126s][info][gc          ] GC(35) Concurrent Mark Cycle
[2026-03-27T03:18:02.912+0900][1.126s][info][gc,marking  ] GC(35) Concurrent Clear Claimed Marks
[2026-03-27T03:18:02.912+0900][1.126s][info][gc,marking  ] GC(35) Concurrent Clear Claimed Marks 0.023ms
[2026-03-27T03:18:02.912+0900][1.126s][info][gc,marking  ] GC(35) Concurrent Scan Root Regions
[2026-03-27T03:18:02.912+0900][1.126s][info][gc,marking  ] GC(35) Concurrent Scan Root Regions 0.024ms
[2026-03-27T03:18:02.912+0900][1.126s][info][gc,marking  ] GC(35) Concurrent Mark
[2026-03-27T03:18:02.912+0900][1.126s][info][gc,marking  ] GC(35) Concurrent Mark From Roots
[2026-03-27T03:18:02.912+0900][1.126s][info][gc,task     ] GC(35) Using 4 workers of 4 for marking
[2026-03-27T03:18:02.912+0900][1.126s][info][gc,marking  ] GC(35) Concurrent Mark From Roots 0.634ms
[2026-03-27T03:18:02.912+0900][1.126s][info][gc,marking  ] GC(35) Concurrent Preclean
[2026-03-27T03:18:02.912+0900][1.126s][info][gc,marking  ] GC(35) Concurrent Preclean 0.044ms
[2026-03-27T03:18:02.913+0900][1.126s][info][gc,start    ] GC(35) Pause Remark
[2026-03-27T03:18:02.913+0900][1.127s][info][gc          ] GC(35) Pause Remark 136M->136M(256M) 0.253ms
[2026-03-27T03:18:02.913+0900][1.127s][info][gc,cpu      ] GC(35) User=0.00s Sys=0.00s Real=0.00s
[2026-03-27T03:18:02.913+0900][1.127s][info][gc,marking  ] GC(35) Concurrent Mark 1.139ms
[2026-03-27T03:18:02.913+0900][1.127s][info][gc,marking  ] GC(35) Concurrent Rebuild Remembered Sets
[2026-03-27T03:18:02.913+0900][1.127s][info][gc,marking  ] GC(35) Concurrent Rebuild Remembered Sets 0.359ms
[2026-03-27T03:18:02.914+0900][1.127s][info][gc,start    ] GC(35) Pause Cleanup
[2026-03-27T03:18:02.914+0900][1.128s][info][gc          ] GC(35) Pause Cleanup 139M->139M(256M) 0.188ms
[2026-03-27T03:18:02.914+0900][1.128s][info][gc,cpu      ] GC(35) User=0.00s Sys=0.00s Real=0.00s
[2026-03-27T03:18:02.914+0900][1.128s][info][gc,marking  ] GC(35) Concurrent Cleanup for Next Mark
[2026-03-27T03:18:02.914+0900][1.128s][info][gc,marking  ] GC(35) Concurrent Cleanup for Next Mark 0.157ms
[2026-03-27T03:18:02.914+0900][1.128s][info][gc          ] GC(35) Concurrent Mark Cycle 2.346ms
[2026-03-27T03:18:02.914+0900][1.128s][info][gc,start    ] GC(36) Pause Young (Concurrent Start) (G1 Humongous Allocation)
[2026-03-27T03:18:02.914+0900][1.128s][info][gc,task     ] GC(36) Using 6 workers of 14 for evacuation
[2026-03-27T03:18:02.915+0900][1.129s][info][gc,phases   ] GC(36)   Pre Evacuate Collection Set: 0.1ms
[2026-03-27T03:18:02.915+0900][1.129s][info][gc,phases   ] GC(36)   Merge Heap Roots: 0.0ms
[2026-03-27T03:18:02.915+0900][1.129s][info][gc,phases   ] GC(36)   Evacuate Collection Set: 0.1ms
[2026-03-27T03:18:02.915+0900][1.129s][info][gc,phases   ] GC(36)   Post Evacuate Collection Set: 0.1ms
[2026-03-27T03:18:02.915+0900][1.129s][info][gc,phases   ] GC(36)   Other: 0.1ms
[2026-03-27T03:18:02.915+0900][1.129s][info][gc,heap     ] GC(36) Eden regions: 7->0(95)
[2026-03-27T03:18:02.915+0900][1.129s][info][gc,heap     ] GC(36) Survivor regions: 1->1(13)
[2026-03-27T03:18:02.915+0900][1.129s][info][gc,heap     ] GC(36) Old regions: 1->1
[2026-03-27T03:18:02.915+0900][1.129s][info][gc,heap     ] GC(36) Archive regions: 0->0
[2026-03-27T03:18:02.915+0900][1.129s][info][gc,heap     ] GC(36) Humongous regions: 135->132
[2026-03-27T03:18:02.915+0900][1.129s][info][gc,metaspace] GC(36) Metaspace: 280K(448K)->280K(448K) NonClass: 268K(320K)->268K(320K) Class: 12K(128K)->12K(128K)
[2026-03-27T03:18:02.915+0900][1.129s][info][gc          ] GC(36) Pause Young (Concurrent Start) (G1 Humongous Allocation) 142M->133M(256M) 0.459ms
[2026-03-27T03:18:02.915+0900][1.129s][info][gc,cpu      ] GC(36) User=0.00s Sys=0.00s Real=0.00s
[2026-03-27T03:18:02.915+0900][1.129s][info][gc          ] GC(37) Concurrent Mark Cycle
[2026-03-27T03:18:02.915+0900][1.129s][info][gc,marking  ] GC(37) Concurrent Clear Claimed Marks
[2026-03-27T03:18:02.915+0900][1.129s][info][gc,marking  ] GC(37) Concurrent Clear Claimed Marks 0.009ms
[2026-03-27T03:18:02.915+0900][1.129s][info][gc,marking  ] GC(37) Concurrent Scan Root Regions
[2026-03-27T03:18:02.915+0900][1.129s][info][gc,marking  ] GC(37) Concurrent Scan Root Regions 0.022ms
[2026-03-27T03:18:02.915+0900][1.129s][info][gc,marking  ] GC(37) Concurrent Mark
[2026-03-27T03:18:02.915+0900][1.129s][info][gc,marking  ] GC(37) Concurrent Mark From Roots
[2026-03-27T03:18:02.915+0900][1.129s][info][gc,task     ] GC(37) Using 4 workers of 4 for marking
[2026-03-27T03:18:02.916+0900][1.129s][info][gc,marking  ] GC(37) Concurrent Mark From Roots 0.641ms
[2026-03-27T03:18:02.916+0900][1.129s][info][gc,marking  ] GC(37) Concurrent Preclean
[2026-03-27T03:18:02.916+0900][1.130s][info][gc,marking  ] GC(37) Concurrent Preclean 0.044ms
[2026-03-27T03:18:02.916+0900][1.130s][info][gc,start    ] GC(37) Pause Remark
[2026-03-27T03:18:02.916+0900][1.130s][info][gc          ] GC(37) Pause Remark 145M->145M(256M) 0.251ms
[2026-03-27T03:18:02.916+0900][1.130s][info][gc,cpu      ] GC(37) User=0.00s Sys=0.00s Real=0.00s
[2026-03-27T03:18:02.916+0900][1.130s][info][gc,marking  ] GC(37) Concurrent Mark 1.461ms
[2026-03-27T03:18:02.916+0900][1.130s][info][gc,marking  ] GC(37) Concurrent Rebuild Remembered Sets
[2026-03-27T03:18:02.917+0900][1.131s][info][gc,marking  ] GC(37) Concurrent Rebuild Remembered Sets 0.346ms
[2026-03-27T03:18:02.917+0900][1.131s][info][gc,start    ] GC(37) Pause Cleanup
[2026-03-27T03:18:02.917+0900][1.131s][info][gc          ] GC(37) Pause Cleanup 148M->148M(256M) 0.046ms
[2026-03-27T03:18:02.917+0900][1.131s][info][gc,cpu      ] GC(37) User=0.00s Sys=0.00s Real=0.00s
[2026-03-27T03:18:02.917+0900][1.131s][info][gc,marking  ] GC(37) Concurrent Cleanup for Next Mark
[2026-03-27T03:18:02.917+0900][1.131s][info][gc,marking  ] GC(37) Concurrent Cleanup for Next Mark 0.190ms
[2026-03-27T03:18:02.917+0900][1.131s][info][gc          ] GC(37) Concurrent Mark Cycle 2.471ms
[2026-03-27T03:18:02.918+0900][1.131s][info][gc,start    ] GC(38) Pause Young (Concurrent Start) (G1 Humongous Allocation)
[2026-03-27T03:18:02.918+0900][1.131s][info][gc,task     ] GC(38) Using 6 workers of 14 for evacuation
[2026-03-27T03:18:02.918+0900][1.132s][info][gc,phases   ] GC(38)   Pre Evacuate Collection Set: 0.0ms
[2026-03-27T03:18:02.918+0900][1.132s][info][gc,phases   ] GC(38)   Merge Heap Roots: 0.0ms
[2026-03-27T03:18:02.918+0900][1.132s][info][gc,phases   ] GC(38)   Evacuate Collection Set: 0.2ms
[2026-03-27T03:18:02.918+0900][1.132s][info][gc,phases   ] GC(38)   Post Evacuate Collection Set: 0.2ms
[2026-03-27T03:18:02.918+0900][1.132s][info][gc,phases   ] GC(38)   Other: 0.1ms
[2026-03-27T03:18:02.918+0900][1.132s][info][gc,heap     ] GC(38) Eden regions: 11->0(89)
[2026-03-27T03:18:02.918+0900][1.132s][info][gc,heap     ] GC(38) Survivor regions: 1->1(12)
[2026-03-27T03:18:02.918+0900][1.132s][info][gc,heap     ] GC(38) Old regions: 1->1
[2026-03-27T03:18:02.918+0900][1.132s][info][gc,heap     ] GC(38) Archive regions: 0->0
[2026-03-27T03:18:02.918+0900][1.132s][info][gc,heap     ] GC(38) Humongous regions: 141->138
[2026-03-27T03:18:02.918+0900][1.132s][info][gc,metaspace] GC(38) Metaspace: 280K(448K)->280K(448K) NonClass: 268K(320K)->268K(320K) Class: 12K(128K)->12K(128K)
[2026-03-27T03:18:02.918+0900][1.132s][info][gc          ] GC(38) Pause Young (Concurrent Start) (G1 Humongous Allocation) 152M->139M(256M) 0.624ms
[2026-03-27T03:18:02.918+0900][1.132s][info][gc,cpu      ] GC(38) User=0.00s Sys=0.00s Real=0.00s
[2026-03-27T03:18:02.918+0900][1.132s][info][gc          ] GC(39) Concurrent Mark Cycle
[2026-03-27T03:18:02.918+0900][1.132s][info][gc,marking  ] GC(39) Concurrent Clear Claimed Marks
[2026-03-27T03:18:02.918+0900][1.132s][info][gc,marking  ] GC(39) Concurrent Clear Claimed Marks 0.023ms
[2026-03-27T03:18:02.918+0900][1.132s][info][gc,marking  ] GC(39) Concurrent Scan Root Regions
[2026-03-27T03:18:02.918+0900][1.132s][info][gc,marking  ] GC(39) Concurrent Scan Root Regions 0.042ms
[2026-03-27T03:18:02.918+0900][1.132s][info][gc,marking  ] GC(39) Concurrent Mark
[2026-03-27T03:18:02.918+0900][1.132s][info][gc,marking  ] GC(39) Concurrent Mark From Roots
[2026-03-27T03:18:02.918+0900][1.132s][info][gc,task     ] GC(39) Using 4 workers of 4 for marking
[2026-03-27T03:18:02.919+0900][1.133s][info][gc,marking  ] GC(39) Concurrent Mark From Roots 0.629ms
[2026-03-27T03:18:02.919+0900][1.133s][info][gc,marking  ] GC(39) Concurrent Preclean
[2026-03-27T03:18:02.919+0900][1.133s][info][gc,marking  ] GC(39) Concurrent Preclean 0.044ms
[2026-03-27T03:18:02.919+0900][1.133s][info][gc,start    ] GC(39) Pause Remark
[2026-03-27T03:18:02.919+0900][1.133s][info][gc          ] GC(39) Pause Remark 144M->144M(256M) 0.211ms
[2026-03-27T03:18:02.919+0900][1.133s][info][gc,cpu      ] GC(39) User=0.00s Sys=0.00s Real=0.00s
[2026-03-27T03:18:02.919+0900][1.133s][info][gc,marking  ] GC(39) Concurrent Mark 1.003ms
[2026-03-27T03:18:02.919+0900][1.133s][info][gc,marking  ] GC(39) Concurrent Rebuild Remembered Sets
[2026-03-27T03:18:02.920+0900][1.134s][info][gc,marking  ] GC(39) Concurrent Rebuild Remembered Sets 0.335ms
[2026-03-27T03:18:02.920+0900][1.134s][info][gc,start    ] GC(39) Pause Cleanup
[2026-03-27T03:18:02.920+0900][1.134s][info][gc          ] GC(39) Pause Cleanup 144M->144M(256M) 0.059ms
[2026-03-27T03:18:02.920+0900][1.134s][info][gc,cpu      ] GC(39) User=0.00s Sys=0.00s Real=0.00s
[2026-03-27T03:18:02.920+0900][1.134s][info][gc,marking  ] GC(39) Concurrent Cleanup for Next Mark
[2026-03-27T03:18:02.920+0900][1.134s][info][gc,marking  ] GC(39) Concurrent Cleanup for Next Mark 0.130ms
[2026-03-27T03:18:02.920+0900][1.134s][info][gc          ] GC(39) Concurrent Mark Cycle 1.826ms
[2026-03-27T03:18:03.032+0900][1.246s][info][gc,start    ] GC(40) Pause Young (Concurrent Start) (G1 Humongous Allocation)
[2026-03-27T03:18:03.032+0900][1.246s][info][gc,task     ] GC(40) Using 6 workers of 14 for evacuation
[2026-03-27T03:18:03.033+0900][1.246s][info][gc,phases   ] GC(40)   Pre Evacuate Collection Set: 0.1ms
[2026-03-27T03:18:03.033+0900][1.246s][info][gc,phases   ] GC(40)   Merge Heap Roots: 0.1ms
[2026-03-27T03:18:03.033+0900][1.246s][info][gc,phases   ] GC(40)   Evacuate Collection Set: 0.1ms
[2026-03-27T03:18:03.033+0900][1.246s][info][gc,phases   ] GC(40)   Post Evacuate Collection Set: 0.2ms
[2026-03-27T03:18:03.033+0900][1.246s][info][gc,phases   ] GC(40)   Other: 0.2ms
[2026-03-27T03:18:03.033+0900][1.246s][info][gc,heap     ] GC(40) Eden regions: 4->0(87)
[2026-03-27T03:18:03.033+0900][1.246s][info][gc,heap     ] GC(40) Survivor regions: 1->1(12)
[2026-03-27T03:18:03.033+0900][1.246s][info][gc,heap     ] GC(40) Old regions: 1->1
[2026-03-27T03:18:03.033+0900][1.246s][info][gc,heap     ] GC(40) Archive regions: 0->0
[2026-03-27T03:18:03.033+0900][1.246s][info][gc,heap     ] GC(40) Humongous regions: 140->140
[2026-03-27T03:18:03.033+0900][1.246s][info][gc,metaspace] GC(40) Metaspace: 280K(448K)->280K(448K) NonClass: 268K(320K)->268K(320K) Class: 12K(128K)->12K(128K)
[2026-03-27T03:18:03.033+0900][1.246s][info][gc          ] GC(40) Pause Young (Concurrent Start) (G1 Humongous Allocation) 144M->141M(256M) 0.850ms
[2026-03-27T03:18:03.033+0900][1.246s][info][gc,cpu      ] GC(40) User=0.00s Sys=0.02s Real=0.00s
[2026-03-27T03:18:03.033+0900][1.246s][info][gc          ] GC(41) Concurrent Mark Cycle
[2026-03-27T03:18:03.033+0900][1.246s][info][gc,marking  ] GC(41) Concurrent Clear Claimed Marks
[2026-03-27T03:18:03.033+0900][1.246s][info][gc,marking  ] GC(41) Concurrent Clear Claimed Marks 0.020ms
[2026-03-27T03:18:03.033+0900][1.247s][info][gc,marking  ] GC(41) Concurrent Scan Root Regions
[2026-03-27T03:18:03.033+0900][1.247s][info][gc,marking  ] GC(41) Concurrent Scan Root Regions 0.055ms
[2026-03-27T03:18:03.033+0900][1.247s][info][gc,marking  ] GC(41) Concurrent Mark
[2026-03-27T03:18:03.033+0900][1.247s][info][gc,marking  ] GC(41) Concurrent Mark From Roots
[2026-03-27T03:18:03.033+0900][1.247s][info][gc,task     ] GC(41) Using 4 workers of 4 for marking
[2026-03-27T03:18:03.034+0900][1.247s][info][gc,marking  ] GC(41) Concurrent Mark From Roots 0.748ms
[2026-03-27T03:18:03.034+0900][1.247s][info][gc,marking  ] GC(41) Concurrent Preclean
[2026-03-27T03:18:03.034+0900][1.247s][info][gc,marking  ] GC(41) Concurrent Preclean 0.050ms
[2026-03-27T03:18:03.034+0900][1.248s][info][gc,start    ] GC(41) Pause Remark
[2026-03-27T03:18:03.035+0900][1.248s][info][gc          ] GC(41) Pause Remark 146M->126M(256M) 0.342ms
[2026-03-27T03:18:03.035+0900][1.248s][info][gc,cpu      ] GC(41) User=0.00s Sys=0.00s Real=0.00s
[2026-03-27T03:18:03.035+0900][1.248s][info][gc,marking  ] GC(41) Concurrent Mark 1.845ms
[2026-03-27T03:18:03.035+0900][1.248s][info][gc,marking  ] GC(41) Concurrent Rebuild Remembered Sets
[2026-03-27T03:18:03.035+0900][1.249s][info][gc,marking  ] GC(41) Concurrent Rebuild Remembered Sets 0.374ms
[2026-03-27T03:18:03.035+0900][1.249s][info][gc,start    ] GC(41) Pause Cleanup
[2026-03-27T03:18:03.035+0900][1.249s][info][gc          ] GC(41) Pause Cleanup 131M->131M(256M) 0.075ms
[2026-03-27T03:18:03.035+0900][1.249s][info][gc,cpu      ] GC(41) User=0.00s Sys=0.00s Real=0.00s
[2026-03-27T03:18:03.035+0900][1.249s][info][gc,marking  ] GC(41) Concurrent Cleanup for Next Mark
[2026-03-27T03:18:03.036+0900][1.249s][info][gc,marking  ] GC(41) Concurrent Cleanup for Next Mark 0.155ms
[2026-03-27T03:18:03.036+0900][1.249s][info][gc          ] GC(41) Concurrent Mark Cycle 3.026ms
[2026-03-27T03:18:03.036+0900][1.250s][info][gc,start    ] GC(42) Pause Young (Concurrent Start) (G1 Humongous Allocation)
[2026-03-27T03:18:03.036+0900][1.250s][info][gc,task     ] GC(42) Using 6 workers of 14 for evacuation
[2026-03-27T03:18:03.036+0900][1.250s][info][gc,phases   ] GC(42)   Pre Evacuate Collection Set: 0.0ms
[2026-03-27T03:18:03.036+0900][1.250s][info][gc,phases   ] GC(42)   Merge Heap Roots: 0.0ms
[2026-03-27T03:18:03.036+0900][1.250s][info][gc,phases   ] GC(42)   Evacuate Collection Set: 0.1ms
[2026-03-27T03:18:03.036+0900][1.250s][info][gc,phases   ] GC(42)   Post Evacuate Collection Set: 0.1ms
[2026-03-27T03:18:03.036+0900][1.250s][info][gc,phases   ] GC(42)   Other: 0.1ms
[2026-03-27T03:18:03.036+0900][1.250s][info][gc,heap     ] GC(42) Eden regions: 7->0(103)
[2026-03-27T03:18:03.036+0900][1.250s][info][gc,heap     ] GC(42) Survivor regions: 1->1(11)
[2026-03-27T03:18:03.036+0900][1.250s][info][gc,heap     ] GC(42) Old regions: 1->1
[2026-03-27T03:18:03.036+0900][1.250s][info][gc,heap     ] GC(42) Archive regions: 0->0
[2026-03-27T03:18:03.036+0900][1.250s][info][gc,heap     ] GC(42) Humongous regions: 127->124
[2026-03-27T03:18:03.036+0900][1.250s][info][gc,metaspace] GC(42) Metaspace: 280K(448K)->280K(448K) NonClass: 268K(320K)->268K(320K) Class: 12K(128K)->12K(128K)
[2026-03-27T03:18:03.036+0900][1.250s][info][gc          ] GC(42) Pause Young (Concurrent Start) (G1 Humongous Allocation) 134M->125M(256M) 0.450ms
[2026-03-27T03:18:03.036+0900][1.250s][info][gc,cpu      ] GC(42) User=0.00s Sys=0.00s Real=0.00s
[2026-03-27T03:18:03.036+0900][1.250s][info][gc          ] GC(43) Concurrent Mark Cycle
[2026-03-27T03:18:03.036+0900][1.250s][info][gc,marking  ] GC(43) Concurrent Clear Claimed Marks
[2026-03-27T03:18:03.036+0900][1.250s][info][gc,marking  ] GC(43) Concurrent Clear Claimed Marks 0.009ms
[2026-03-27T03:18:03.036+0900][1.250s][info][gc,marking  ] GC(43) Concurrent Scan Root Regions
[2026-03-27T03:18:03.036+0900][1.250s][info][gc,marking  ] GC(43) Concurrent Scan Root Regions 0.037ms
[2026-03-27T03:18:03.036+0900][1.250s][info][gc,marking  ] GC(43) Concurrent Mark
[2026-03-27T03:18:03.036+0900][1.250s][info][gc,marking  ] GC(43) Concurrent Mark From Roots
[2026-03-27T03:18:03.036+0900][1.250s][info][gc,task     ] GC(43) Using 4 workers of 4 for marking
[2026-03-27T03:18:03.037+0900][1.251s][info][gc,marking  ] GC(43) Concurrent Mark From Roots 0.637ms
[2026-03-27T03:18:03.037+0900][1.251s][info][gc,marking  ] GC(43) Concurrent Preclean
[2026-03-27T03:18:03.037+0900][1.251s][info][gc,marking  ] GC(43) Concurrent Preclean 0.044ms
[2026-03-27T03:18:03.037+0900][1.251s][info][gc,start    ] GC(43) Pause Remark
[2026-03-27T03:18:03.037+0900][1.251s][info][gc          ] GC(43) Pause Remark 128M->128M(256M) 0.391ms
[2026-03-27T03:18:03.037+0900][1.251s][info][gc,cpu      ] GC(43) User=0.00s Sys=0.00s Real=0.00s
[2026-03-27T03:18:03.038+0900][1.251s][info][gc,marking  ] GC(43) Concurrent Mark 1.227ms
[2026-03-27T03:18:03.038+0900][1.252s][info][gc,marking  ] GC(43) Concurrent Rebuild Remembered Sets
[2026-03-27T03:18:03.038+0900][1.252s][info][gc,marking  ] GC(43) Concurrent Rebuild Remembered Sets 0.389ms
[2026-03-27T03:18:03.038+0900][1.252s][info][gc,start    ] GC(43) Pause Cleanup
[2026-03-27T03:18:03.038+0900][1.252s][info][gc          ] GC(43) Pause Cleanup 131M->131M(256M) 0.062ms
[2026-03-27T03:18:03.038+0900][1.252s][info][gc,cpu      ] GC(43) User=0.00s Sys=0.00s Real=0.00s
[2026-03-27T03:18:03.038+0900][1.252s][info][gc,marking  ] GC(43) Concurrent Cleanup for Next Mark
[2026-03-27T03:18:03.038+0900][1.252s][info][gc,marking  ] GC(43) Concurrent Cleanup for Next Mark 0.149ms
[2026-03-27T03:18:03.038+0900][1.252s][info][gc          ] GC(43) Concurrent Mark Cycle 2.192ms
[2026-03-27T03:18:03.038+0900][1.252s][info][gc,start    ] GC(44) Pause Young (Concurrent Start) (G1 Humongous Allocation)
[2026-03-27T03:18:03.038+0900][1.252s][info][gc,task     ] GC(44) Using 6 workers of 14 for evacuation
[2026-03-27T03:18:03.039+0900][1.253s][info][gc,phases   ] GC(44)   Pre Evacuate Collection Set: 0.0ms
[2026-03-27T03:18:03.039+0900][1.253s][info][gc,phases   ] GC(44)   Merge Heap Roots: 0.0ms
[2026-03-27T03:18:03.039+0900][1.253s][info][gc,phases   ] GC(44)   Evacuate Collection Set: 0.1ms
[2026-03-27T03:18:03.039+0900][1.253s][info][gc,phases   ] GC(44)   Post Evacuate Collection Set: 0.1ms
[2026-03-27T03:18:03.039+0900][1.253s][info][gc,phases   ] GC(44)   Other: 0.1ms
[2026-03-27T03:18:03.039+0900][1.253s][info][gc,heap     ] GC(44) Eden regions: 4->0(101)
[2026-03-27T03:18:03.039+0900][1.253s][info][gc,heap     ] GC(44) Survivor regions: 1->1(13)
[2026-03-27T03:18:03.039+0900][1.253s][info][gc,heap     ] GC(44) Old regions: 1->1
[2026-03-27T03:18:03.039+0900][1.253s][info][gc,heap     ] GC(44) Archive regions: 0->0
[2026-03-27T03:18:03.039+0900][1.253s][info][gc,heap     ] GC(44) Humongous regions: 129->126
[2026-03-27T03:18:03.039+0900][1.253s][info][gc,metaspace] GC(44) Metaspace: 280K(448K)->280K(448K) NonClass: 268K(320K)->268K(320K) Class: 12K(128K)->12K(128K)
[2026-03-27T03:18:03.039+0900][1.253s][info][gc          ] GC(44) Pause Young (Concurrent Start) (G1 Humongous Allocation) 133M->127M(256M) 0.471ms
[2026-03-27T03:18:03.039+0900][1.253s][info][gc,cpu      ] GC(44) User=0.00s Sys=0.00s Real=0.00s
[2026-03-27T03:18:03.039+0900][1.253s][info][gc          ] GC(45) Concurrent Mark Cycle
[2026-03-27T03:18:03.039+0900][1.253s][info][gc,marking  ] GC(45) Concurrent Clear Claimed Marks
[2026-03-27T03:18:03.039+0900][1.253s][info][gc,marking  ] GC(45) Concurrent Clear Claimed Marks 0.009ms
[2026-03-27T03:18:03.039+0900][1.253s][info][gc,marking  ] GC(45) Concurrent Scan Root Regions
[2026-03-27T03:18:03.039+0900][1.253s][info][gc,marking  ] GC(45) Concurrent Scan Root Regions 0.026ms
[2026-03-27T03:18:03.039+0900][1.253s][info][gc,marking  ] GC(45) Concurrent Mark
[2026-03-27T03:18:03.039+0900][1.253s][info][gc,marking  ] GC(45) Concurrent Mark From Roots
[2026-03-27T03:18:03.039+0900][1.253s][info][gc,task     ] GC(45) Using 4 workers of 4 for marking
[2026-03-27T03:18:03.040+0900][1.254s][info][gc,marking  ] GC(45) Concurrent Mark From Roots 0.618ms
[2026-03-27T03:18:03.040+0900][1.254s][info][gc,marking  ] GC(45) Concurrent Preclean
[2026-03-27T03:18:03.040+0900][1.254s][info][gc,marking  ] GC(45) Concurrent Preclean 0.055ms
[2026-03-27T03:18:03.040+0900][1.254s][info][gc,start    ] GC(45) Pause Remark
[2026-03-27T03:18:03.040+0900][1.254s][info][gc          ] GC(45) Pause Remark 134M->134M(256M) 0.192ms
[2026-03-27T03:18:03.040+0900][1.254s][info][gc,cpu      ] GC(45) User=0.00s Sys=0.00s Real=0.00s
[2026-03-27T03:18:03.040+0900][1.254s][info][gc,marking  ] GC(45) Concurrent Mark 1.008ms
[2026-03-27T03:18:03.040+0900][1.254s][info][gc,marking  ] GC(45) Concurrent Rebuild Remembered Sets
[2026-03-27T03:18:03.040+0900][1.254s][info][gc,marking  ] GC(45) Concurrent Rebuild Remembered Sets 0.335ms
[2026-03-27T03:18:03.041+0900][1.255s][info][gc,start    ] GC(45) Pause Cleanup
[2026-03-27T03:18:03.041+0900][1.255s][info][gc          ] GC(45) Pause Cleanup 139M->139M(256M) 0.071ms
[2026-03-27T03:18:03.041+0900][1.255s][info][gc,cpu      ] GC(45) User=0.00s Sys=0.00s Real=0.00s
[2026-03-27T03:18:03.041+0900][1.255s][info][gc,marking  ] GC(45) Concurrent Cleanup for Next Mark
[2026-03-27T03:18:03.041+0900][1.255s][info][gc,marking  ] GC(45) Concurrent Cleanup for Next Mark 0.161ms
[2026-03-27T03:18:03.041+0900][1.255s][info][gc          ] GC(45) Concurrent Mark Cycle 1.979ms
[2026-03-27T03:18:03.042+0900][1.256s][info][gc,start    ] GC(46) Pause Young (Concurrent Start) (G1 Humongous Allocation)
[2026-03-27T03:18:03.042+0900][1.256s][info][gc,task     ] GC(46) Using 6 workers of 14 for evacuation
[2026-03-27T03:18:03.043+0900][1.256s][info][gc,phases   ] GC(46)   Pre Evacuate Collection Set: 0.0ms
[2026-03-27T03:18:03.043+0900][1.256s][info][gc,phases   ] GC(46)   Merge Heap Roots: 0.0ms
[2026-03-27T03:18:03.043+0900][1.256s][info][gc,phases   ] GC(46)   Evacuate Collection Set: 0.3ms
[2026-03-27T03:18:03.043+0900][1.256s][info][gc,phases   ] GC(46)   Post Evacuate Collection Set: 0.3ms
[2026-03-27T03:18:03.043+0900][1.256s][info][gc,phases   ] GC(46)   Other: 0.1ms
[2026-03-27T03:18:03.043+0900][1.256s][info][gc,heap     ] GC(46) Eden regions: 11->0(116)
[2026-03-27T03:18:03.043+0900][1.256s][info][gc,heap     ] GC(46) Survivor regions: 1->1(13)
[2026-03-27T03:18:03.043+0900][1.256s][info][gc,heap     ] GC(46) Old regions: 1->1
[2026-03-27T03:18:03.043+0900][1.256s][info][gc,heap     ] GC(46) Archive regions: 0->0
[2026-03-27T03:18:03.043+0900][1.256s][info][gc,heap     ] GC(46) Humongous regions: 135->132
[2026-03-27T03:18:03.043+0900][1.256s][info][gc,metaspace] GC(46) Metaspace: 280K(448K)->280K(448K) NonClass: 268K(320K)->268K(320K) Class: 12K(128K)->12K(128K)
[2026-03-27T03:18:03.043+0900][1.256s][info][gc          ] GC(46) Pause Young (Concurrent Start) (G1 Humongous Allocation) 146M->133M(279M) 0.923ms
[2026-03-27T03:18:03.043+0900][1.256s][info][gc,cpu      ] GC(46) User=0.00s Sys=0.00s Real=0.00s
[2026-03-27T03:18:03.043+0900][1.256s][info][gc          ] GC(47) Concurrent Mark Cycle
[2026-03-27T03:18:03.043+0900][1.257s][info][gc,marking  ] GC(47) Concurrent Clear Claimed Marks
[2026-03-27T03:18:03.043+0900][1.257s][info][gc,marking  ] GC(47) Concurrent Clear Claimed Marks 0.009ms
[2026-03-27T03:18:03.043+0900][1.257s][info][gc,marking  ] GC(47) Concurrent Scan Root Regions
[2026-03-27T03:18:03.043+0900][1.257s][info][gc,marking  ] GC(47) Concurrent Scan Root Regions 0.030ms
[2026-03-27T03:18:03.043+0900][1.257s][info][gc,marking  ] GC(47) Concurrent Mark
[2026-03-27T03:18:03.043+0900][1.257s][info][gc,marking  ] GC(47) Concurrent Mark From Roots
[2026-03-27T03:18:03.043+0900][1.257s][info][gc,task     ] GC(47) Using 4 workers of 4 for marking
[2026-03-27T03:18:03.044+0900][1.257s][info][gc,marking  ] GC(47) Concurrent Mark From Roots 0.592ms
[2026-03-27T03:18:03.044+0900][1.257s][info][gc,marking  ] GC(47) Concurrent Preclean
[2026-03-27T03:18:03.044+0900][1.257s][info][gc,marking  ] GC(47) Concurrent Preclean 0.053ms
[2026-03-27T03:18:03.044+0900][1.257s][info][gc,start    ] GC(47) Pause Remark
[2026-03-27T03:18:03.044+0900][1.258s][info][gc          ] GC(47) Pause Remark 137M->137M(279M) 0.202ms
[2026-03-27T03:18:03.044+0900][1.258s][info][gc,cpu      ] GC(47) User=0.00s Sys=0.00s Real=0.00s
[2026-03-27T03:18:03.044+0900][1.258s][info][gc,marking  ] GC(47) Concurrent Mark 0.992ms
[2026-03-27T03:18:03.044+0900][1.258s][info][gc,marking  ] GC(47) Concurrent Rebuild Remembered Sets
[2026-03-27T03:18:03.044+0900][1.258s][info][gc,marking  ] GC(47) Concurrent Rebuild Remembered Sets 0.339ms
[2026-03-27T03:18:03.045+0900][1.258s][info][gc,start    ] GC(47) Pause Cleanup
[2026-03-27T03:18:03.045+0900][1.258s][info][gc          ] GC(47) Pause Cleanup 140M->140M(279M) 0.063ms
[2026-03-27T03:18:03.045+0900][1.258s][info][gc,cpu      ] GC(47) User=0.00s Sys=0.00s Real=0.00s
[2026-03-27T03:18:03.045+0900][1.258s][info][gc,marking  ] GC(47) Concurrent Cleanup for Next Mark
[2026-03-27T03:18:03.045+0900][1.259s][info][gc,marking  ] GC(47) Concurrent Cleanup for Next Mark 0.235ms
[2026-03-27T03:18:03.045+0900][1.259s][info][gc          ] GC(47) Concurrent Mark Cycle 2.128ms
[2026-03-27T03:18:03.045+0900][1.259s][info][gc,start    ] GC(48) Pause Young (Concurrent Start) (G1 Humongous Allocation)
[2026-03-27T03:18:03.045+0900][1.259s][info][gc,task     ] GC(48) Using 6 workers of 14 for evacuation
[2026-03-27T03:18:03.046+0900][1.260s][info][gc,phases   ] GC(48)   Pre Evacuate Collection Set: 0.0ms
[2026-03-27T03:18:03.046+0900][1.260s][info][gc,phases   ] GC(48)   Merge Heap Roots: 0.0ms
[2026-03-27T03:18:03.046+0900][1.260s][info][gc,phases   ] GC(48)   Evacuate Collection Set: 0.3ms
[2026-03-27T03:18:03.046+0900][1.260s][info][gc,phases   ] GC(48)   Post Evacuate Collection Set: 0.3ms
[2026-03-27T03:18:03.046+0900][1.260s][info][gc,phases   ] GC(48)   Other: 0.1ms
[2026-03-27T03:18:03.046+0900][1.260s][info][gc,heap     ] GC(48) Eden regions: 6->0(112)
[2026-03-27T03:18:03.046+0900][1.260s][info][gc,heap     ] GC(48) Survivor regions: 1->1(15)
[2026-03-27T03:18:03.046+0900][1.260s][info][gc,heap     ] GC(48) Old regions: 1->1
[2026-03-27T03:18:03.046+0900][1.260s][info][gc,heap     ] GC(48) Archive regions: 0->0
[2026-03-27T03:18:03.046+0900][1.260s][info][gc,heap     ] GC(48) Humongous regions: 136->136
[2026-03-27T03:18:03.046+0900][1.260s][info][gc,metaspace] GC(48) Metaspace: 280K(448K)->280K(448K) NonClass: 268K(320K)->268K(320K) Class: 12K(128K)->12K(128K)
[2026-03-27T03:18:03.046+0900][1.260s][info][gc          ] GC(48) Pause Young (Concurrent Start) (G1 Humongous Allocation) 142M->137M(279M) 0.758ms
[2026-03-27T03:18:03.046+0900][1.260s][info][gc,cpu      ] GC(48) User=0.00s Sys=0.00s Real=0.00s
[2026-03-27T03:18:03.046+0900][1.260s][info][gc          ] GC(49) Concurrent Mark Cycle
[2026-03-27T03:18:03.046+0900][1.260s][info][gc,marking  ] GC(49) Concurrent Clear Claimed Marks
[2026-03-27T03:18:03.046+0900][1.260s][info][gc,marking  ] GC(49) Concurrent Clear Claimed Marks 0.010ms
[2026-03-27T03:18:03.046+0900][1.260s][info][gc,marking  ] GC(49) Concurrent Scan Root Regions
[2026-03-27T03:18:03.046+0900][1.260s][info][gc,marking  ] GC(49) Concurrent Scan Root Regions 0.043ms
[2026-03-27T03:18:03.046+0900][1.260s][info][gc,marking  ] GC(49) Concurrent Mark
[2026-03-27T03:18:03.046+0900][1.260s][info][gc,marking  ] GC(49) Concurrent Mark From Roots
[2026-03-27T03:18:03.046+0900][1.260s][info][gc,task     ] GC(49) Using 4 workers of 4 for marking
[2026-03-27T03:18:03.047+0900][1.261s][info][gc,marking  ] GC(49) Concurrent Mark From Roots 0.598ms
[2026-03-27T03:18:03.047+0900][1.261s][info][gc,marking  ] GC(49) Concurrent Preclean
[2026-03-27T03:18:03.047+0900][1.261s][info][gc,marking  ] GC(49) Concurrent Preclean 0.046ms
[2026-03-27T03:18:03.047+0900][1.261s][info][gc,start    ] GC(49) Pause Remark
[2026-03-27T03:18:03.048+0900][1.261s][info][gc          ] GC(49) Pause Remark 143M->143M(279M) 0.355ms
[2026-03-27T03:18:03.048+0900][1.261s][info][gc,cpu      ] GC(49) User=0.00s Sys=0.00s Real=0.00s
[2026-03-27T03:18:03.048+0900][1.261s][info][gc,marking  ] GC(49) Concurrent Mark 1.457ms
[2026-03-27T03:18:03.048+0900][1.262s][info][gc,marking  ] GC(49) Concurrent Rebuild Remembered Sets
[2026-03-27T03:18:03.048+0900][1.262s][info][gc,marking  ] GC(49) Concurrent Rebuild Remembered Sets 0.364ms
[2026-03-27T03:18:03.049+0900][1.262s][info][gc,start    ] GC(49) Pause Cleanup
[2026-03-27T03:18:03.049+0900][1.262s][info][gc          ] GC(49) Pause Cleanup 149M->149M(279M) 0.061ms
[2026-03-27T03:18:03.049+0900][1.262s][info][gc,cpu      ] GC(49) User=0.00s Sys=0.00s Real=0.00s
[2026-03-27T03:18:03.049+0900][1.262s][info][gc,marking  ] GC(49) Concurrent Cleanup for Next Mark
[2026-03-27T03:18:03.049+0900][1.263s][info][gc,marking  ] GC(49) Concurrent Cleanup for Next Mark 0.279ms
[2026-03-27T03:18:03.049+0900][1.263s][info][gc          ] GC(49) Concurrent Mark Cycle 2.785ms
[2026-03-27T03:18:03.155+0900][1.369s][info][gc,start    ] GC(50) Pause Young (Concurrent Start) (G1 Humongous Allocation)
[2026-03-27T03:18:03.155+0900][1.370s][info][gc,task     ] GC(50) Using 6 workers of 14 for evacuation
[2026-03-27T03:18:03.156+0900][1.371s][info][gc,phases   ] GC(50)   Pre Evacuate Collection Set: 0.2ms
[2026-03-27T03:18:03.156+0900][1.371s][info][gc,phases   ] GC(50)   Merge Heap Roots: 0.2ms
[2026-03-27T03:18:03.156+0900][1.371s][info][gc,phases   ] GC(50)   Evacuate Collection Set: 0.5ms
[2026-03-27T03:18:03.156+0900][1.371s][info][gc,phases   ] GC(50)   Post Evacuate Collection Set: 0.5ms
[2026-03-27T03:18:03.156+0900][1.371s][info][gc,phases   ] GC(50)   Other: 0.3ms
[2026-03-27T03:18:03.156+0900][1.371s][info][gc,heap     ] GC(50) Eden regions: 9->0(108)
[2026-03-27T03:18:03.156+0900][1.371s][info][gc,heap     ] GC(50) Survivor regions: 1->1(15)
[2026-03-27T03:18:03.156+0900][1.371s][info][gc,heap     ] GC(50) Old regions: 1->1
[2026-03-27T03:18:03.156+0900][1.371s][info][gc,heap     ] GC(50) Archive regions: 0->0
[2026-03-27T03:18:03.156+0900][1.371s][info][gc,heap     ] GC(50) Humongous regions: 143->140
[2026-03-27T03:18:03.156+0900][1.371s][info][gc,metaspace] GC(50) Metaspace: 280K(448K)->280K(448K) NonClass: 268K(320K)->268K(320K) Class: 12K(128K)->12K(128K)
[2026-03-27T03:18:03.156+0900][1.371s][info][gc          ] GC(50) Pause Young (Concurrent Start) (G1 Humongous Allocation) 152M->141M(279M) 1.756ms
[2026-03-27T03:18:03.156+0900][1.371s][info][gc,cpu      ] GC(50) User=0.00s Sys=0.02s Real=0.00s
[2026-03-27T03:18:03.158+0900][1.371s][info][gc          ] GC(51) Concurrent Mark Cycle
[2026-03-27T03:18:03.158+0900][1.371s][info][gc,marking  ] GC(51) Concurrent Clear Claimed Marks
[2026-03-27T03:18:03.158+0900][1.371s][info][gc,marking  ] GC(51) Concurrent Clear Claimed Marks 0.016ms
[2026-03-27T03:18:03.158+0900][1.371s][info][gc,marking  ] GC(51) Concurrent Scan Root Regions
[2026-03-27T03:18:03.158+0900][1.371s][info][gc,marking  ] GC(51) Concurrent Scan Root Regions 0.079ms
[2026-03-27T03:18:03.158+0900][1.372s][info][gc,marking  ] GC(51) Concurrent Mark
[2026-03-27T03:18:03.158+0900][1.372s][info][gc,marking  ] GC(51) Concurrent Mark From Roots
[2026-03-27T03:18:03.158+0900][1.372s][info][gc,task     ] GC(51) Using 4 workers of 4 for marking
[2026-03-27T03:18:03.159+0900][1.373s][info][gc,marking  ] GC(51) Concurrent Mark From Roots 1.432ms
[2026-03-27T03:18:03.159+0900][1.373s][info][gc,marking  ] GC(51) Concurrent Preclean
[2026-03-27T03:18:03.159+0900][1.373s][info][gc,marking  ] GC(51) Concurrent Preclean 0.073ms
[2026-03-27T03:18:03.160+0900][1.373s][info][gc,start    ] GC(51) Pause Remark
[2026-03-27T03:18:03.160+0900][1.374s][info][gc          ] GC(51) Pause Remark 152M->132M(279M) 0.566ms
[2026-03-27T03:18:03.160+0900][1.374s][info][gc,cpu      ] GC(51) User=0.00s Sys=0.00s Real=0.00s
[2026-03-27T03:18:03.160+0900][1.374s][info][gc,marking  ] GC(51) Concurrent Mark 2.367ms
[2026-03-27T03:18:03.160+0900][1.374s][info][gc,marking  ] GC(51) Concurrent Rebuild Remembered Sets
[2026-03-27T03:18:03.160+0900][1.374s][info][gc,marking  ] GC(51) Concurrent Rebuild Remembered Sets 0.471ms
[2026-03-27T03:18:03.161+0900][1.375s][info][gc,start    ] GC(51) Pause Cleanup
[2026-03-27T03:18:03.161+0900][1.375s][info][gc          ] GC(51) Pause Cleanup 136M->136M(279M) 0.141ms
[2026-03-27T03:18:03.161+0900][1.375s][info][gc,cpu      ] GC(51) User=0.00s Sys=0.00s Real=0.00s
[2026-03-27T03:18:03.161+0900][1.375s][info][gc,marking  ] GC(51) Concurrent Cleanup for Next Mark
[2026-03-27T03:18:03.161+0900][1.375s][info][gc,marking  ] GC(51) Concurrent Cleanup for Next Mark 0.179ms
[2026-03-27T03:18:03.161+0900][1.375s][info][gc          ] GC(51) Concurrent Mark Cycle 3.755ms
[2026-03-27T03:18:03.161+0900][1.375s][info][gc,start    ] GC(52) Pause Young (Concurrent Start) (G1 Humongous Allocation)
[2026-03-27T03:18:03.161+0900][1.375s][info][gc,task     ] GC(52) Using 6 workers of 14 for evacuation
[2026-03-27T03:18:03.162+0900][1.376s][info][gc,phases   ] GC(52)   Pre Evacuate Collection Set: 0.1ms
[2026-03-27T03:18:03.162+0900][1.376s][info][gc,phases   ] GC(52)   Merge Heap Roots: 0.0ms
[2026-03-27T03:18:03.162+0900][1.376s][info][gc,phases   ] GC(52)   Evacuate Collection Set: 0.1ms
[2026-03-27T03:18:03.162+0900][1.376s][info][gc,phases   ] GC(52)   Post Evacuate Collection Set: 0.2ms
[2026-03-27T03:18:03.162+0900][1.376s][info][gc,phases   ] GC(52)   Other: 0.1ms
[2026-03-27T03:18:03.162+0900][1.376s][info][gc,heap     ] GC(52) Eden regions: 9->0(122)
[2026-03-27T03:18:03.162+0900][1.376s][info][gc,heap     ] GC(52) Survivor regions: 1->1(14)
[2026-03-27T03:18:03.162+0900][1.376s][info][gc,heap     ] GC(52) Old regions: 1->1
[2026-03-27T03:18:03.162+0900][1.376s][info][gc,heap     ] GC(52) Archive regions: 0->0
[2026-03-27T03:18:03.162+0900][1.376s][info][gc,heap     ] GC(52) Humongous regions: 129->126
[2026-03-27T03:18:03.162+0900][1.376s][info][gc,metaspace] GC(52) Metaspace: 280K(448K)->280K(448K) NonClass: 268K(320K)->268K(320K) Class: 12K(128K)->12K(128K)
[2026-03-27T03:18:03.162+0900][1.376s][info][gc          ] GC(52) Pause Young (Concurrent Start) (G1 Humongous Allocation) 138M->127M(279M) 0.539ms
[2026-03-27T03:18:03.162+0900][1.376s][info][gc,cpu      ] GC(52) User=0.00s Sys=0.00s Real=0.00s
[2026-03-27T03:18:03.162+0900][1.376s][info][gc          ] GC(53) Concurrent Mark Cycle
[2026-03-27T03:18:03.162+0900][1.376s][info][gc,marking  ] GC(53) Concurrent Clear Claimed Marks
[2026-03-27T03:18:03.162+0900][1.376s][info][gc,marking  ] GC(53) Concurrent Clear Claimed Marks 0.008ms
[2026-03-27T03:18:03.162+0900][1.376s][info][gc,marking  ] GC(53) Concurrent Scan Root Regions
[2026-03-27T03:18:03.162+0900][1.376s][info][gc,marking  ] GC(53) Concurrent Scan Root Regions 0.028ms
[2026-03-27T03:18:03.162+0900][1.376s][info][gc,marking  ] GC(53) Concurrent Mark
[2026-03-27T03:18:03.162+0900][1.376s][info][gc,marking  ] GC(53) Concurrent Mark From Roots
[2026-03-27T03:18:03.162+0900][1.376s][info][gc,task     ] GC(53) Using 4 workers of 4 for marking
[2026-03-27T03:18:03.162+0900][1.376s][info][gc,marking  ] GC(53) Concurrent Mark From Roots 0.584ms
[2026-03-27T03:18:03.162+0900][1.376s][info][gc,marking  ] GC(53) Concurrent Preclean
[2026-03-27T03:18:03.162+0900][1.376s][info][gc,marking  ] GC(53) Concurrent Preclean 0.041ms
[2026-03-27T03:18:03.162+0900][1.377s][info][gc,start    ] GC(53) Pause Remark
[2026-03-27T03:18:03.163+0900][1.377s][info][gc          ] GC(53) Pause Remark 133M->133M(279M) 0.208ms
[2026-03-27T03:18:03.163+0900][1.377s][info][gc,cpu      ] GC(53) User=0.00s Sys=0.00s Real=0.00s
[2026-03-27T03:18:03.163+0900][1.377s][info][gc,marking  ] GC(53) Concurrent Mark 0.972ms
[2026-03-27T03:18:03.163+0900][1.377s][info][gc,marking  ] GC(53) Concurrent Rebuild Remembered Sets
[2026-03-27T03:18:03.163+0900][1.377s][info][gc,marking  ] GC(53) Concurrent Rebuild Remembered Sets 0.329ms
[2026-03-27T03:18:03.163+0900][1.377s][info][gc,start    ] GC(53) Pause Cleanup
[2026-03-27T03:18:03.163+0900][1.378s][info][gc          ] GC(53) Pause Cleanup 139M->139M(279M) 0.143ms
[2026-03-27T03:18:03.163+0900][1.378s][info][gc,cpu      ] GC(53) User=0.00s Sys=0.00s Real=0.00s
[2026-03-27T03:18:03.163+0900][1.378s][info][gc,marking  ] GC(53) Concurrent Cleanup for Next Mark
[2026-03-27T03:18:03.164+0900][1.378s][info][gc,marking  ] GC(53) Concurrent Cleanup for Next Mark 0.150ms
[2026-03-27T03:18:03.164+0900][1.378s][info][gc          ] GC(53) Concurrent Mark Cycle 1.983ms
[2026-03-27T03:18:03.164+0900][1.378s][info][gc,start    ] GC(54) Pause Young (Concurrent Start) (G1 Humongous Allocation)
[2026-03-27T03:18:03.164+0900][1.378s][info][gc,task     ] GC(54) Using 6 workers of 14 for evacuation
[2026-03-27T03:18:03.164+0900][1.378s][info][gc,phases   ] GC(54)   Pre Evacuate Collection Set: 0.1ms
[2026-03-27T03:18:03.164+0900][1.378s][info][gc,phases   ] GC(54)   Merge Heap Roots: 0.0ms
[2026-03-27T03:18:03.164+0900][1.378s][info][gc,phases   ] GC(54)   Evacuate Collection Set: 0.1ms
[2026-03-27T03:18:03.164+0900][1.378s][info][gc,phases   ] GC(54)   Post Evacuate Collection Set: 0.1ms
[2026-03-27T03:18:03.164+0900][1.378s][info][gc,phases   ] GC(54)   Other: 0.1ms
[2026-03-27T03:18:03.164+0900][1.378s][info][gc,heap     ] GC(54) Eden regions: 9->0(118)
[2026-03-27T03:18:03.164+0900][1.378s][info][gc,heap     ] GC(54) Survivor regions: 1->1(16)
[2026-03-27T03:18:03.164+0900][1.378s][info][gc,heap     ] GC(54) Old regions: 1->1
[2026-03-27T03:18:03.164+0900][1.378s][info][gc,heap     ] GC(54) Archive regions: 0->0
[2026-03-27T03:18:03.164+0900][1.378s][info][gc,heap     ] GC(54) Humongous regions: 133->130
[2026-03-27T03:18:03.164+0900][1.378s][info][gc,metaspace] GC(54) Metaspace: 280K(448K)->280K(448K) NonClass: 268K(320K)->268K(320K) Class: 12K(128K)->12K(128K)
[2026-03-27T03:18:03.164+0900][1.378s][info][gc          ] GC(54) Pause Young (Concurrent Start) (G1 Humongous Allocation) 142M->131M(279M) 0.435ms
[2026-03-27T03:18:03.164+0900][1.378s][info][gc,cpu      ] GC(54) User=0.00s Sys=0.00s Real=0.00s
[2026-03-27T03:18:03.164+0900][1.378s][info][gc          ] GC(55) Concurrent Mark Cycle
[2026-03-27T03:18:03.164+0900][1.378s][info][gc,marking  ] GC(55) Concurrent Clear Claimed Marks
[2026-03-27T03:18:03.164+0900][1.378s][info][gc,marking  ] GC(55) Concurrent Clear Claimed Marks 0.006ms
[2026-03-27T03:18:03.164+0900][1.378s][info][gc,marking  ] GC(55) Concurrent Scan Root Regions
[2026-03-27T03:18:03.164+0900][1.378s][info][gc,marking  ] GC(55) Concurrent Scan Root Regions 0.027ms
[2026-03-27T03:18:03.164+0900][1.378s][info][gc,marking  ] GC(55) Concurrent Mark
[2026-03-27T03:18:03.164+0900][1.378s][info][gc,marking  ] GC(55) Concurrent Mark From Roots
[2026-03-27T03:18:03.164+0900][1.378s][info][gc,task     ] GC(55) Using 4 workers of 4 for marking
[2026-03-27T03:18:03.165+0900][1.379s][info][gc,marking  ] GC(55) Concurrent Mark From Roots 0.579ms
[2026-03-27T03:18:03.165+0900][1.379s][info][gc,marking  ] GC(55) Concurrent Preclean
[2026-03-27T03:18:03.165+0900][1.379s][info][gc,marking  ] GC(55) Concurrent Preclean 0.042ms
[2026-03-27T03:18:03.165+0900][1.379s][info][gc,start    ] GC(55) Pause Remark
[2026-03-27T03:18:03.165+0900][1.379s][info][gc          ] GC(55) Pause Remark 136M->136M(279M) 0.193ms
[2026-03-27T03:18:03.165+0900][1.379s][info][gc,cpu      ] GC(55) User=0.00s Sys=0.00s Real=0.00s
[2026-03-27T03:18:03.165+0900][1.379s][info][gc,marking  ] GC(55) Concurrent Mark 0.913ms
[2026-03-27T03:18:03.165+0900][1.379s][info][gc,marking  ] GC(55) Concurrent Rebuild Remembered Sets
[2026-03-27T03:18:03.166+0900][1.380s][info][gc,marking  ] GC(55) Concurrent Rebuild Remembered Sets 0.331ms
[2026-03-27T03:18:03.166+0900][1.380s][info][gc,start    ] GC(55) Pause Cleanup
[2026-03-27T03:18:03.166+0900][1.380s][info][gc          ] GC(55) Pause Cleanup 143M->143M(279M) 0.056ms
[2026-03-27T03:18:03.166+0900][1.380s][info][gc,cpu      ] GC(55) User=0.00s Sys=0.00s Real=0.00s
[2026-03-27T03:18:03.166+0900][1.380s][info][gc,marking  ] GC(55) Concurrent Cleanup for Next Mark
[2026-03-27T03:18:03.166+0900][1.380s][info][gc,marking  ] GC(55) Concurrent Cleanup for Next Mark 0.144ms
[2026-03-27T03:18:03.166+0900][1.380s][info][gc          ] GC(55) Concurrent Mark Cycle 1.645ms
[2026-03-27T03:18:03.166+0900][1.381s][info][gc,start    ] GC(56) Pause Young (Concurrent Start) (G1 Humongous Allocation)
[2026-03-27T03:18:03.166+0900][1.381s][info][gc,task     ] GC(56) Using 6 workers of 14 for evacuation
[2026-03-27T03:18:03.167+0900][1.381s][info][gc,phases   ] GC(56)   Pre Evacuate Collection Set: 0.0ms
[2026-03-27T03:18:03.167+0900][1.381s][info][gc,phases   ] GC(56)   Merge Heap Roots: 0.0ms
[2026-03-27T03:18:03.167+0900][1.381s][info][gc,phases   ] GC(56)   Evacuate Collection Set: 0.1ms
[2026-03-27T03:18:03.167+0900][1.381s][info][gc,phases   ] GC(56)   Post Evacuate Collection Set: 0.1ms
[2026-03-27T03:18:03.167+0900][1.381s][info][gc,phases   ] GC(56)   Other: 0.1ms
[2026-03-27T03:18:03.167+0900][1.381s][info][gc,heap     ] GC(56) Eden regions: 9->0(112)
[2026-03-27T03:18:03.167+0900][1.381s][info][gc,heap     ] GC(56) Survivor regions: 1->1(15)
[2026-03-27T03:18:03.167+0900][1.381s][info][gc,heap     ] GC(56) Old regions: 1->1
[2026-03-27T03:18:03.167+0900][1.381s][info][gc,heap     ] GC(56) Archive regions: 0->0
[2026-03-27T03:18:03.167+0900][1.381s][info][gc,heap     ] GC(56) Humongous regions: 139->136
[2026-03-27T03:18:03.167+0900][1.381s][info][gc,metaspace] GC(56) Metaspace: 280K(448K)->280K(448K) NonClass: 268K(320K)->268K(320K) Class: 12K(128K)->12K(128K)
[2026-03-27T03:18:03.167+0900][1.381s][info][gc          ] GC(56) Pause Young (Concurrent Start) (G1 Humongous Allocation) 148M->137M(279M) 0.373ms
[2026-03-27T03:18:03.167+0900][1.381s][info][gc,cpu      ] GC(56) User=0.00s Sys=0.00s Real=0.00s
[2026-03-27T03:18:03.167+0900][1.381s][info][gc          ] GC(57) Concurrent Mark Cycle
[2026-03-27T03:18:03.167+0900][1.381s][info][gc,marking  ] GC(57) Concurrent Clear Claimed Marks
[2026-03-27T03:18:03.167+0900][1.381s][info][gc,marking  ] GC(57) Concurrent Clear Claimed Marks 0.007ms
[2026-03-27T03:18:03.167+0900][1.381s][info][gc,marking  ] GC(57) Concurrent Scan Root Regions
[2026-03-27T03:18:03.167+0900][1.381s][info][gc,marking  ] GC(57) Concurrent Scan Root Regions 0.018ms
[2026-03-27T03:18:03.167+0900][1.381s][info][gc,marking  ] GC(57) Concurrent Mark
[2026-03-27T03:18:03.167+0900][1.381s][info][gc,marking  ] GC(57) Concurrent Mark From Roots
[2026-03-27T03:18:03.167+0900][1.381s][info][gc,task     ] GC(57) Using 4 workers of 4 for marking
[2026-03-27T03:18:03.167+0900][1.382s][info][gc,marking  ] GC(57) Concurrent Mark From Roots 0.554ms
[2026-03-27T03:18:03.167+0900][1.382s][info][gc,marking  ] GC(57) Concurrent Preclean
[2026-03-27T03:18:03.168+0900][1.382s][info][gc,marking  ] GC(57) Concurrent Preclean 0.046ms
[2026-03-27T03:18:03.168+0900][1.382s][info][gc,start    ] GC(57) Pause Remark
[2026-03-27T03:18:03.168+0900][1.382s][info][gc          ] GC(57) Pause Remark 143M->143M(279M) 0.209ms
[2026-03-27T03:18:03.168+0900][1.382s][info][gc,cpu      ] GC(57) User=0.00s Sys=0.00s Real=0.00s
[2026-03-27T03:18:03.168+0900][1.382s][info][gc,marking  ] GC(57) Concurrent Mark 1.019ms
[2026-03-27T03:18:03.168+0900][1.382s][info][gc,marking  ] GC(57) Concurrent Rebuild Remembered Sets
[2026-03-27T03:18:03.168+0900][1.382s][info][gc,marking  ] GC(57) Concurrent Rebuild Remembered Sets 0.344ms
[2026-03-27T03:18:03.168+0900][1.383s][info][gc,start    ] GC(57) Pause Cleanup
[2026-03-27T03:18:03.169+0900][1.383s][info][gc          ] GC(57) Pause Cleanup 149M->149M(279M) 0.050ms
[2026-03-27T03:18:03.169+0900][1.383s][info][gc,cpu      ] GC(57) User=0.00s Sys=0.00s Real=0.00s
[2026-03-27T03:18:03.169+0900][1.383s][info][gc,marking  ] GC(57) Concurrent Cleanup for Next Mark
[2026-03-27T03:18:03.169+0900][1.383s][info][gc,marking  ] GC(57) Concurrent Cleanup for Next Mark 0.167ms
[2026-03-27T03:18:03.169+0900][1.383s][info][gc          ] GC(57) Concurrent Mark Cycle 1.903ms
[2026-03-27T03:18:03.282+0900][1.496s][info][gc,start    ] GC(58) Pause Young (Concurrent Start) (G1 Humongous Allocation)
[2026-03-27T03:18:03.282+0900][1.496s][info][gc,task     ] GC(58) Using 6 workers of 14 for evacuation
[2026-03-27T03:18:03.283+0900][1.497s][info][gc,phases   ] GC(58)   Pre Evacuate Collection Set: 0.2ms
[2026-03-27T03:18:03.283+0900][1.497s][info][gc,phases   ] GC(58)   Merge Heap Roots: 0.2ms
[2026-03-27T03:18:03.283+0900][1.497s][info][gc,phases   ] GC(58)   Evacuate Collection Set: 0.2ms
[2026-03-27T03:18:03.283+0900][1.497s][info][gc,phases   ] GC(58)   Post Evacuate Collection Set: 0.4ms
[2026-03-27T03:18:03.283+0900][1.497s][info][gc,phases   ] GC(58)   Other: 0.2ms
[2026-03-27T03:18:03.283+0900][1.497s][info][gc,heap     ] GC(58) Eden regions: 9->0(108)
[2026-03-27T03:18:03.283+0900][1.497s][info][gc,heap     ] GC(58) Survivor regions: 1->1(15)
[2026-03-27T03:18:03.283+0900][1.497s][info][gc,heap     ] GC(58) Old regions: 1->1
[2026-03-27T03:18:03.283+0900][1.497s][info][gc,heap     ] GC(58) Archive regions: 0->0
[2026-03-27T03:18:03.283+0900][1.497s][info][gc,heap     ] GC(58) Humongous regions: 143->140
[2026-03-27T03:18:03.283+0900][1.497s][info][gc,metaspace] GC(58) Metaspace: 280K(448K)->280K(448K) NonClass: 268K(320K)->268K(320K) Class: 12K(128K)->12K(128K)
[2026-03-27T03:18:03.283+0900][1.497s][info][gc          ] GC(58) Pause Young (Concurrent Start) (G1 Humongous Allocation) 152M->141M(279M) 1.338ms
[2026-03-27T03:18:03.283+0900][1.497s][info][gc,cpu      ] GC(58) User=0.02s Sys=0.00s Real=0.00s
[2026-03-27T03:18:03.283+0900][1.497s][info][gc          ] GC(59) Concurrent Mark Cycle
[2026-03-27T03:18:03.283+0900][1.497s][info][gc,marking  ] GC(59) Concurrent Clear Claimed Marks
[2026-03-27T03:18:03.283+0900][1.497s][info][gc,marking  ] GC(59) Concurrent Clear Claimed Marks 0.011ms
[2026-03-27T03:18:03.283+0900][1.497s][info][gc,marking  ] GC(59) Concurrent Scan Root Regions
[2026-03-27T03:18:03.283+0900][1.497s][info][gc,marking  ] GC(59) Concurrent Scan Root Regions 0.046ms
[2026-03-27T03:18:03.283+0900][1.497s][info][gc,marking  ] GC(59) Concurrent Mark
[2026-03-27T03:18:03.283+0900][1.497s][info][gc,marking  ] GC(59) Concurrent Mark From Roots
[2026-03-27T03:18:03.283+0900][1.497s][info][gc,task     ] GC(59) Using 4 workers of 4 for marking
[2026-03-27T03:18:03.284+0900][1.498s][info][gc,marking  ] GC(59) Concurrent Mark From Roots 0.888ms
[2026-03-27T03:18:03.284+0900][1.498s][info][gc,marking  ] GC(59) Concurrent Preclean
[2026-03-27T03:18:03.284+0900][1.498s][info][gc,marking  ] GC(59) Concurrent Preclean 0.071ms
[2026-03-27T03:18:03.284+0900][1.498s][info][gc,start    ] GC(59) Pause Remark
[2026-03-27T03:18:03.285+0900][1.499s][info][gc          ] GC(59) Pause Remark 148M->128M(279M) 0.532ms
[2026-03-27T03:18:03.285+0900][1.499s][info][gc,cpu      ] GC(59) User=0.00s Sys=0.00s Real=0.00s
[2026-03-27T03:18:03.285+0900][1.499s][info][gc,marking  ] GC(59) Concurrent Mark 1.674ms
[2026-03-27T03:18:03.285+0900][1.499s][info][gc,marking  ] GC(59) Concurrent Rebuild Remembered Sets
[2026-03-27T03:18:03.285+0900][1.499s][info][gc,marking  ] GC(59) Concurrent Rebuild Remembered Sets 0.354ms
[2026-03-27T03:18:03.285+0900][1.499s][info][gc,start    ] GC(59) Pause Cleanup
[2026-03-27T03:18:03.285+0900][1.500s][info][gc          ] GC(59) Pause Cleanup 131M->131M(279M) 0.166ms
[2026-03-27T03:18:03.285+0900][1.500s][info][gc,cpu      ] GC(59) User=0.00s Sys=0.00s Real=0.00s
[2026-03-27T03:18:03.285+0900][1.500s][info][gc,marking  ] GC(59) Concurrent Cleanup for Next Mark
[2026-03-27T03:18:03.285+0900][1.500s][info][gc,marking  ] GC(59) Concurrent Cleanup for Next Mark 0.207ms
[2026-03-27T03:18:03.286+0900][1.500s][info][gc          ] GC(59) Concurrent Mark Cycle 2.762ms
[2026-03-27T03:18:03.286+0900][1.500s][info][gc,start    ] GC(60) Pause Young (Concurrent Start) (G1 Humongous Allocation)
[2026-03-27T03:18:03.286+0900][1.500s][info][gc,task     ] GC(60) Using 6 workers of 14 for evacuation
[2026-03-27T03:18:03.286+0900][1.501s][info][gc,phases   ] GC(60)   Pre Evacuate Collection Set: 0.1ms
[2026-03-27T03:18:03.286+0900][1.501s][info][gc,phases   ] GC(60)   Merge Heap Roots: 0.0ms
[2026-03-27T03:18:03.286+0900][1.501s][info][gc,phases   ] GC(60)   Evacuate Collection Set: 0.3ms
[2026-03-27T03:18:03.286+0900][1.501s][info][gc,phases   ] GC(60)   Post Evacuate Collection Set: 0.3ms
[2026-03-27T03:18:03.286+0900][1.501s][info][gc,phases   ] GC(60)   Other: 0.1ms
[2026-03-27T03:18:03.286+0900][1.501s][info][gc,heap     ] GC(60) Eden regions: 7->0(164)
[2026-03-27T03:18:03.286+0900][1.501s][info][gc,heap     ] GC(60) Survivor regions: 1->1(14)
[2026-03-27T03:18:03.286+0900][1.501s][info][gc,heap     ] GC(60) Old regions: 1->1
[2026-03-27T03:18:03.286+0900][1.501s][info][gc,heap     ] GC(60) Archive regions: 0->0
[2026-03-27T03:18:03.286+0900][1.501s][info][gc,heap     ] GC(60) Humongous regions: 127->124
[2026-03-27T03:18:03.286+0900][1.501s][info][gc,metaspace] GC(60) Metaspace: 280K(448K)->280K(448K) NonClass: 268K(320K)->268K(320K) Class: 12K(128K)->12K(128K)
[2026-03-27T03:18:03.286+0900][1.501s][info][gc          ] GC(60) Pause Young (Concurrent Start) (G1 Humongous Allocation) 134M->125M(324M) 0.807ms
[2026-03-27T03:18:03.286+0900][1.501s][info][gc,cpu      ] GC(60) User=0.00s Sys=0.00s Real=0.00s
[2026-03-27T03:18:03.287+0900][1.501s][info][gc          ] GC(61) Concurrent Undo Cycle
[2026-03-27T03:18:03.287+0900][1.501s][info][gc,marking  ] GC(61) Concurrent Cleanup for Next Mark
[2026-03-27T03:18:03.287+0900][1.501s][info][gc,marking  ] GC(61) Concurrent Cleanup for Next Mark 0.433ms
[2026-03-27T03:18:03.287+0900][1.501s][info][gc          ] GC(61) Concurrent Undo Cycle 0.529ms
[2026-03-27T03:18:03.295+0900][1.509s][info][gc,start    ] GC(62) Pause Young (Concurrent Start) (G1 Humongous Allocation)
[2026-03-27T03:18:03.295+0900][1.509s][info][gc,task     ] GC(62) Using 7 workers of 14 for evacuation
[2026-03-27T03:18:03.296+0900][1.510s][info][gc,phases   ] GC(62)   Pre Evacuate Collection Set: 0.1ms
[2026-03-27T03:18:03.296+0900][1.510s][info][gc,phases   ] GC(62)   Merge Heap Roots: 0.1ms
[2026-03-27T03:18:03.296+0900][1.510s][info][gc,phases   ] GC(62)   Evacuate Collection Set: 0.2ms
[2026-03-27T03:18:03.296+0900][1.510s][info][gc,phases   ] GC(62)   Post Evacuate Collection Set: 0.3ms
[2026-03-27T03:18:03.296+0900][1.510s][info][gc,phases   ] GC(62)   Other: 0.2ms
[2026-03-27T03:18:03.296+0900][1.510s][info][gc,heap     ] GC(62) Eden regions: 21->0(152)
[2026-03-27T03:18:03.296+0900][1.510s][info][gc,heap     ] GC(62) Survivor regions: 1->1(21)
[2026-03-27T03:18:03.296+0900][1.510s][info][gc,heap     ] GC(62) Old regions: 1->1
[2026-03-27T03:18:03.296+0900][1.510s][info][gc,heap     ] GC(62) Archive regions: 0->0
[2026-03-27T03:18:03.296+0900][1.510s][info][gc,heap     ] GC(62) Humongous regions: 145->136
[2026-03-27T03:18:03.296+0900][1.510s][info][gc,metaspace] GC(62) Metaspace: 280K(448K)->280K(448K) NonClass: 268K(320K)->268K(320K) Class: 12K(128K)->12K(128K)
[2026-03-27T03:18:03.296+0900][1.510s][info][gc          ] GC(62) Pause Young (Concurrent Start) (G1 Humongous Allocation) 166M->137M(324M) 0.975ms
[2026-03-27T03:18:03.296+0900][1.510s][info][gc,cpu      ] GC(62) User=0.00s Sys=0.00s Real=0.00s
[2026-03-27T03:18:03.296+0900][1.510s][info][gc          ] GC(63) Concurrent Undo Cycle
[2026-03-27T03:18:03.296+0900][1.510s][info][gc,marking  ] GC(63) Concurrent Cleanup for Next Mark
[2026-03-27T03:18:03.296+0900][1.510s][info][gc,marking  ] GC(63) Concurrent Cleanup for Next Mark 0.164ms
[2026-03-27T03:18:03.296+0900][1.511s][info][gc          ] GC(63) Concurrent Undo Cycle 0.225ms
[2026-03-27T03:18:03.408+0900][1.623s][info][gc,start    ] GC(64) Pause Young (Concurrent Start) (G1 Humongous Allocation)
[2026-03-27T03:18:03.408+0900][1.623s][info][gc,task     ] GC(64) Using 7 workers of 14 for evacuation
[2026-03-27T03:18:03.410+0900][1.624s][info][gc,phases   ] GC(64)   Pre Evacuate Collection Set: 0.1ms
[2026-03-27T03:18:03.410+0900][1.624s][info][gc,phases   ] GC(64)   Merge Heap Roots: 0.1ms
[2026-03-27T03:18:03.410+0900][1.624s][info][gc,phases   ] GC(64)   Evacuate Collection Set: 0.4ms
[2026-03-27T03:18:03.410+0900][1.624s][info][gc,phases   ] GC(64)   Post Evacuate Collection Set: 0.3ms
[2026-03-27T03:18:03.410+0900][1.624s][info][gc,phases   ] GC(64)   Other: 0.2ms
[2026-03-27T03:18:03.410+0900][1.624s][info][gc,heap     ] GC(64) Eden regions: 11->0(146)
[2026-03-27T03:18:03.410+0900][1.624s][info][gc,heap     ] GC(64) Survivor regions: 1->1(20)
[2026-03-27T03:18:03.410+0900][1.624s][info][gc,heap     ] GC(64) Old regions: 1->1
[2026-03-27T03:18:03.410+0900][1.624s][info][gc,heap     ] GC(64) Archive regions: 0->0
[2026-03-27T03:18:03.410+0900][1.624s][info][gc,heap     ] GC(64) Humongous regions: 145->142
[2026-03-27T03:18:03.410+0900][1.624s][info][gc,metaspace] GC(64) Metaspace: 280K(448K)->280K(448K) NonClass: 268K(320K)->268K(320K) Class: 12K(128K)->12K(128K)
[2026-03-27T03:18:03.410+0900][1.624s][info][gc          ] GC(64) Pause Young (Concurrent Start) (G1 Humongous Allocation) 156M->143M(324M) 1.170ms
[2026-03-27T03:18:03.410+0900][1.624s][info][gc,cpu      ] GC(64) User=0.00s Sys=0.00s Real=0.00s
[2026-03-27T03:18:03.410+0900][1.624s][info][gc          ] GC(65) Concurrent Undo Cycle
[2026-03-27T03:18:03.410+0900][1.624s][info][gc,marking  ] GC(65) Concurrent Cleanup for Next Mark
[2026-03-27T03:18:03.410+0900][1.624s][info][gc,marking  ] GC(65) Concurrent Cleanup for Next Mark 0.218ms
[2026-03-27T03:18:03.410+0900][1.624s][info][gc          ] GC(65) Concurrent Undo Cycle 0.303ms
[2026-03-27T03:18:03.410+0900][1.625s][info][gc,start    ] GC(66) Pause Young (Concurrent Start) (G1 Humongous Allocation)
[2026-03-27T03:18:03.410+0900][1.625s][info][gc,task     ] GC(66) Using 7 workers of 14 for evacuation
[2026-03-27T03:18:03.412+0900][1.626s][info][gc,phases   ] GC(66)   Pre Evacuate Collection Set: 0.1ms
[2026-03-27T03:18:03.412+0900][1.626s][info][gc,phases   ] GC(66)   Merge Heap Roots: 0.1ms
[2026-03-27T03:18:03.412+0900][1.626s][info][gc,phases   ] GC(66)   Evacuate Collection Set: 0.4ms
[2026-03-27T03:18:03.412+0900][1.626s][info][gc,phases   ] GC(66)   Post Evacuate Collection Set: 0.3ms
[2026-03-27T03:18:03.412+0900][1.626s][info][gc,phases   ] GC(66)   Other: 0.1ms
[2026-03-27T03:18:03.412+0900][1.626s][info][gc,heap     ] GC(66) Eden regions: 4->0(144)
[2026-03-27T03:18:03.412+0900][1.626s][info][gc,heap     ] GC(66) Survivor regions: 1->1(19)
[2026-03-27T03:18:03.412+0900][1.626s][info][gc,heap     ] GC(66) Old regions: 1->1
[2026-03-27T03:18:03.412+0900][1.626s][info][gc,heap     ] GC(66) Archive regions: 0->0
[2026-03-27T03:18:03.412+0900][1.626s][info][gc,heap     ] GC(66) Humongous regions: 144->144
[2026-03-27T03:18:03.412+0900][1.626s][info][gc,metaspace] GC(66) Metaspace: 280K(448K)->280K(448K) NonClass: 268K(320K)->268K(320K) Class: 12K(128K)->12K(128K)
[2026-03-27T03:18:03.412+0900][1.626s][info][gc          ] GC(66) Pause Young (Concurrent Start) (G1 Humongous Allocation) 148M->145M(324M) 1.233ms
[2026-03-27T03:18:03.412+0900][1.626s][info][gc,cpu      ] GC(66) User=0.00s Sys=0.00s Real=0.00s
[2026-03-27T03:18:03.412+0900][1.626s][info][gc          ] GC(67) Concurrent Undo Cycle
[2026-03-27T03:18:03.412+0900][1.626s][info][gc,marking  ] GC(67) Concurrent Cleanup for Next Mark
[2026-03-27T03:18:03.412+0900][1.626s][info][gc,marking  ] GC(67) Concurrent Cleanup for Next Mark 0.222ms
[2026-03-27T03:18:03.412+0900][1.626s][info][gc          ] GC(67) Concurrent Undo Cycle 0.262ms
[2026-03-27T03:18:03.412+0900][1.627s][info][gc,start    ] GC(68) Pause Young (Concurrent Start) (G1 Humongous Allocation)
[2026-03-27T03:18:03.412+0900][1.627s][info][gc,task     ] GC(68) Using 7 workers of 14 for evacuation
[2026-03-27T03:18:03.413+0900][1.628s][info][gc,phases   ] GC(68)   Pre Evacuate Collection Set: 0.1ms
[2026-03-27T03:18:03.413+0900][1.628s][info][gc,phases   ] GC(68)   Merge Heap Roots: 0.1ms
[2026-03-27T03:18:03.413+0900][1.628s][info][gc,phases   ] GC(68)   Evacuate Collection Set: 0.3ms
[2026-03-27T03:18:03.413+0900][1.628s][info][gc,phases   ] GC(68)   Post Evacuate Collection Set: 0.3ms
[2026-03-27T03:18:03.413+0900][1.628s][info][gc,phases   ] GC(68)   Other: 0.1ms
[2026-03-27T03:18:03.413+0900][1.628s][info][gc,heap     ] GC(68) Eden regions: 2->0(142)
[2026-03-27T03:18:03.413+0900][1.628s][info][gc,heap     ] GC(68) Survivor regions: 1->1(19)
[2026-03-27T03:18:03.413+0900][1.628s][info][gc,heap     ] GC(68) Old regions: 1->1
[2026-03-27T03:18:03.413+0900][1.628s][info][gc,heap     ] GC(68) Archive regions: 0->0
[2026-03-27T03:18:03.413+0900][1.628s][info][gc,heap     ] GC(68) Humongous regions: 146->146
[2026-03-27T03:18:03.413+0900][1.628s][info][gc,metaspace] GC(68) Metaspace: 280K(448K)->280K(448K) NonClass: 268K(320K)->268K(320K) Class: 12K(128K)->12K(128K)
[2026-03-27T03:18:03.413+0900][1.628s][info][gc          ] GC(68) Pause Young (Concurrent Start) (G1 Humongous Allocation) 148M->147M(324M) 1.003ms
[2026-03-27T03:18:03.413+0900][1.628s][info][gc,cpu      ] GC(68) User=0.00s Sys=0.00s Real=0.00s
[2026-03-27T03:18:03.414+0900][1.628s][info][gc          ] GC(69) Concurrent Mark Cycle
[2026-03-27T03:18:03.414+0900][1.628s][info][gc,marking  ] GC(69) Concurrent Clear Claimed Marks
[2026-03-27T03:18:03.414+0900][1.628s][info][gc,marking  ] GC(69) Concurrent Clear Claimed Marks 0.034ms
[2026-03-27T03:18:03.414+0900][1.628s][info][gc,marking  ] GC(69) Concurrent Scan Root Regions
[2026-03-27T03:18:03.414+0900][1.628s][info][gc,marking  ] GC(69) Concurrent Scan Root Regions 0.063ms
[2026-03-27T03:18:03.414+0900][1.628s][info][gc,marking  ] GC(69) Concurrent Mark
[2026-03-27T03:18:03.414+0900][1.628s][info][gc,marking  ] GC(69) Concurrent Mark From Roots
[2026-03-27T03:18:03.414+0900][1.628s][info][gc,task     ] GC(69) Using 4 workers of 4 for marking
[2026-03-27T03:18:03.414+0900][1.629s][info][gc,marking  ] GC(69) Concurrent Mark From Roots 0.712ms
[2026-03-27T03:18:03.414+0900][1.629s][info][gc,marking  ] GC(69) Concurrent Preclean
[2026-03-27T03:18:03.415+0900][1.629s][info][gc,marking  ] GC(69) Concurrent Preclean 0.042ms
[2026-03-27T03:18:03.415+0900][1.629s][info][gc,start    ] GC(69) Pause Remark
[2026-03-27T03:18:03.415+0900][1.630s][info][gc          ] GC(69) Pause Remark 150M->130M(324M) 0.534ms
[2026-03-27T03:18:03.416+0900][1.630s][info][gc,cpu      ] GC(69) User=0.00s Sys=0.00s Real=0.00s
[2026-03-27T03:18:03.416+0900][1.630s][info][gc,marking  ] GC(69) Concurrent Mark 1.954ms
[2026-03-27T03:18:03.416+0900][1.630s][info][gc,marking  ] GC(69) Concurrent Rebuild Remembered Sets
[2026-03-27T03:18:03.416+0900][1.630s][info][gc,marking  ] GC(69) Concurrent Rebuild Remembered Sets 0.433ms
[2026-03-27T03:18:03.416+0900][1.631s][info][gc,start    ] GC(69) Pause Cleanup
[2026-03-27T03:18:03.416+0900][1.631s][info][gc          ] GC(69) Pause Cleanup 133M->133M(324M) 0.067ms
[2026-03-27T03:18:03.416+0900][1.631s][info][gc,cpu      ] GC(69) User=0.00s Sys=0.00s Real=0.00s
[2026-03-27T03:18:03.416+0900][1.631s][info][gc,marking  ] GC(69) Concurrent Cleanup for Next Mark
[2026-03-27T03:18:03.417+0900][1.631s][info][gc,marking  ] GC(69) Concurrent Cleanup for Next Mark 0.394ms
[2026-03-27T03:18:03.417+0900][1.631s][info][gc          ] GC(69) Concurrent Mark Cycle 3.380ms
[2026-03-27T03:18:03.419+0900][1.634s][info][gc,start    ] GC(70) Pause Young (Concurrent Start) (G1 Humongous Allocation)
[2026-03-27T03:18:03.419+0900][1.634s][info][gc,task     ] GC(70) Using 7 workers of 14 for evacuation
[2026-03-27T03:18:03.420+0900][1.634s][info][gc,phases   ] GC(70)   Pre Evacuate Collection Set: 0.1ms
[2026-03-27T03:18:03.420+0900][1.634s][info][gc,phases   ] GC(70)   Merge Heap Roots: 0.0ms
[2026-03-27T03:18:03.420+0900][1.634s][info][gc,phases   ] GC(70)   Evacuate Collection Set: 0.1ms
[2026-03-27T03:18:03.420+0900][1.634s][info][gc,phases   ] GC(70)   Post Evacuate Collection Set: 0.1ms
[2026-03-27T03:18:03.420+0900][1.634s][info][gc,phases   ] GC(70)   Other: 0.1ms
[2026-03-27T03:18:03.420+0900][1.634s][info][gc,heap     ] GC(70) Eden regions: 19->0(152)
[2026-03-27T03:18:03.420+0900][1.634s][info][gc,heap     ] GC(70) Survivor regions: 1->1(18)
[2026-03-27T03:18:03.420+0900][1.634s][info][gc,heap     ] GC(70) Old regions: 1->1
[2026-03-27T03:18:03.420+0900][1.634s][info][gc,heap     ] GC(70) Archive regions: 0->0
[2026-03-27T03:18:03.420+0900][1.634s][info][gc,heap     ] GC(70) Humongous regions: 145->136
[2026-03-27T03:18:03.420+0900][1.634s][info][gc,metaspace] GC(70) Metaspace: 280K(448K)->280K(448K) NonClass: 268K(320K)->268K(320K) Class: 12K(128K)->12K(128K)
[2026-03-27T03:18:03.420+0900][1.634s][info][gc          ] GC(70) Pause Young (Concurrent Start) (G1 Humongous Allocation) 164M->137M(324M) 0.528ms
[2026-03-27T03:18:03.420+0900][1.634s][info][gc,cpu      ] GC(70) User=0.00s Sys=0.00s Real=0.00s
[2026-03-27T03:18:03.420+0900][1.634s][info][gc          ] GC(71) Concurrent Undo Cycle
[2026-03-27T03:18:03.420+0900][1.634s][info][gc,marking  ] GC(71) Concurrent Cleanup for Next Mark
[2026-03-27T03:18:03.420+0900][1.634s][info][gc,marking  ] GC(71) Concurrent Cleanup for Next Mark 0.154ms
[2026-03-27T03:18:03.420+0900][1.634s][info][gc          ] GC(71) Concurrent Undo Cycle 0.183ms
[2026-03-27T03:18:03.533+0900][1.747s][info][gc,start    ] GC(72) Pause Young (Concurrent Start) (G1 Humongous Allocation)
[2026-03-27T03:18:03.533+0900][1.747s][info][gc,task     ] GC(72) Using 7 workers of 14 for evacuation
[2026-03-27T03:18:03.534+0900][1.748s][info][gc,phases   ] GC(72)   Pre Evacuate Collection Set: 0.2ms
[2026-03-27T03:18:03.534+0900][1.748s][info][gc,phases   ] GC(72)   Merge Heap Roots: 0.3ms
[2026-03-27T03:18:03.534+0900][1.748s][info][gc,phases   ] GC(72)   Evacuate Collection Set: 0.4ms
[2026-03-27T03:18:03.534+0900][1.748s][info][gc,phases   ] GC(72)   Post Evacuate Collection Set: 0.3ms
[2026-03-27T03:18:03.534+0900][1.748s][info][gc,phases   ] GC(72)   Other: 0.1ms
[2026-03-27T03:18:03.534+0900][1.748s][info][gc,heap     ] GC(72) Eden regions: 11->0(146)
[2026-03-27T03:18:03.534+0900][1.749s][info][gc,heap     ] GC(72) Survivor regions: 1->1(20)
[2026-03-27T03:18:03.534+0900][1.749s][info][gc,heap     ] GC(72) Old regions: 1->1
[2026-03-27T03:18:03.534+0900][1.749s][info][gc,heap     ] GC(72) Archive regions: 0->0
[2026-03-27T03:18:03.534+0900][1.749s][info][gc,heap     ] GC(72) Humongous regions: 145->142
[2026-03-27T03:18:03.534+0900][1.749s][info][gc,metaspace] GC(72) Metaspace: 280K(448K)->280K(448K) NonClass: 268K(320K)->268K(320K) Class: 12K(128K)->12K(128K)
[2026-03-27T03:18:03.534+0900][1.749s][info][gc          ] GC(72) Pause Young (Concurrent Start) (G1 Humongous Allocation) 156M->143M(324M) 1.425ms
[2026-03-27T03:18:03.534+0900][1.749s][info][gc,cpu      ] GC(72) User=0.00s Sys=0.00s Real=0.00s
[2026-03-27T03:18:03.534+0900][1.749s][info][gc          ] GC(73) Concurrent Undo Cycle
[2026-03-27T03:18:03.534+0900][1.749s][info][gc,marking  ] GC(73) Concurrent Cleanup for Next Mark
[2026-03-27T03:18:03.535+0900][1.749s][info][gc,marking  ] GC(73) Concurrent Cleanup for Next Mark 0.267ms
[2026-03-27T03:18:03.535+0900][1.749s][info][gc          ] GC(73) Concurrent Undo Cycle 0.347ms
[2026-03-27T03:18:03.535+0900][1.749s][info][gc,start    ] GC(74) Pause Young (Concurrent Start) (G1 Humongous Allocation)
[2026-03-27T03:18:03.535+0900][1.749s][info][gc,task     ] GC(74) Using 7 workers of 14 for evacuation
[2026-03-27T03:18:03.536+0900][1.750s][info][gc,phases   ] GC(74)   Pre Evacuate Collection Set: 0.1ms
[2026-03-27T03:18:03.536+0900][1.750s][info][gc,phases   ] GC(74)   Merge Heap Roots: 0.2ms
[2026-03-27T03:18:03.536+0900][1.750s][info][gc,phases   ] GC(74)   Evacuate Collection Set: 0.3ms
[2026-03-27T03:18:03.536+0900][1.750s][info][gc,phases   ] GC(74)   Post Evacuate Collection Set: 0.3ms
[2026-03-27T03:18:03.536+0900][1.750s][info][gc,phases   ] GC(74)   Other: 0.1ms
[2026-03-27T03:18:03.536+0900][1.750s][info][gc,heap     ] GC(74) Eden regions: 4->0(144)
[2026-03-27T03:18:03.536+0900][1.750s][info][gc,heap     ] GC(74) Survivor regions: 1->1(19)
[2026-03-27T03:18:03.536+0900][1.750s][info][gc,heap     ] GC(74) Old regions: 1->1
[2026-03-27T03:18:03.536+0900][1.750s][info][gc,heap     ] GC(74) Archive regions: 0->0
[2026-03-27T03:18:03.536+0900][1.750s][info][gc,heap     ] GC(74) Humongous regions: 144->144
[2026-03-27T03:18:03.536+0900][1.750s][info][gc,metaspace] GC(74) Metaspace: 280K(448K)->280K(448K) NonClass: 268K(320K)->268K(320K) Class: 12K(128K)->12K(128K)
[2026-03-27T03:18:03.536+0900][1.750s][info][gc          ] GC(74) Pause Young (Concurrent Start) (G1 Humongous Allocation) 148M->145M(324M) 1.061ms
[2026-03-27T03:18:03.536+0900][1.750s][info][gc,cpu      ] GC(74) User=0.00s Sys=0.00s Real=0.00s
[2026-03-27T03:18:03.536+0900][1.750s][info][gc          ] GC(75) Concurrent Undo Cycle
[2026-03-27T03:18:03.536+0900][1.750s][info][gc,marking  ] GC(75) Concurrent Cleanup for Next Mark
[2026-03-27T03:18:03.536+0900][1.750s][info][gc,marking  ] GC(75) Concurrent Cleanup for Next Mark 0.157ms
[2026-03-27T03:18:03.536+0900][1.750s][info][gc          ] GC(75) Concurrent Undo Cycle 0.211ms
[2026-03-27T03:18:03.536+0900][1.751s][info][gc,start    ] GC(76) Pause Young (Concurrent Start) (G1 Humongous Allocation)
[2026-03-27T03:18:03.536+0900][1.751s][info][gc,task     ] GC(76) Using 7 workers of 14 for evacuation
[2026-03-27T03:18:03.537+0900][1.752s][info][gc,phases   ] GC(76)   Pre Evacuate Collection Set: 0.1ms
[2026-03-27T03:18:03.537+0900][1.752s][info][gc,phases   ] GC(76)   Merge Heap Roots: 0.2ms
[2026-03-27T03:18:03.537+0900][1.752s][info][gc,phases   ] GC(76)   Evacuate Collection Set: 0.1ms
[2026-03-27T03:18:03.537+0900][1.752s][info][gc,phases   ] GC(76)   Post Evacuate Collection Set: 0.5ms
[2026-03-27T03:18:03.537+0900][1.752s][info][gc,phases   ] GC(76)   Other: 0.1ms
[2026-03-27T03:18:03.537+0900][1.752s][info][gc,heap     ] GC(76) Eden regions: 4->0(211)
[2026-03-27T03:18:03.537+0900][1.752s][info][gc,heap     ] GC(76) Survivor regions: 1->1(19)
[2026-03-27T03:18:03.537+0900][1.752s][info][gc,heap     ] GC(76) Old regions: 1->1
[2026-03-27T03:18:03.537+0900][1.752s][info][gc,heap     ] GC(76) Archive regions: 0->0
[2026-03-27T03:18:03.537+0900][1.752s][info][gc,heap     ] GC(76) Humongous regions: 149->146
[2026-03-27T03:18:03.537+0900][1.752s][info][gc,metaspace] GC(76) Metaspace: 280K(448K)->280K(448K) NonClass: 268K(320K)->268K(320K) Class: 12K(128K)->12K(128K)
[2026-03-27T03:18:03.537+0900][1.752s][info][gc          ] GC(76) Pause Young (Concurrent Start) (G1 Humongous Allocation) 153M->147M(400M) 1.002ms
[2026-03-27T03:18:03.537+0900][1.752s][info][gc,cpu      ] GC(76) User=0.00s Sys=0.00s Real=0.00s
[2026-03-27T03:18:03.537+0900][1.752s][info][gc          ] GC(77) Concurrent Undo Cycle
[2026-03-27T03:18:03.537+0900][1.752s][info][gc,marking  ] GC(77) Concurrent Cleanup for Next Mark
[2026-03-27T03:18:03.538+0900][1.752s][info][gc,marking  ] GC(77) Concurrent Cleanup for Next Mark 0.547ms
[2026-03-27T03:18:03.538+0900][1.752s][info][gc          ] GC(77) Concurrent Undo Cycle 0.622ms
[2026-03-27T03:18:03.659+0900][1.873s][info][gc,start    ] GC(78) Pause Young (Concurrent Start) (G1 Humongous Allocation)
[2026-03-27T03:18:03.659+0900][1.873s][info][gc,task     ] GC(78) Using 9 workers of 14 for evacuation
[2026-03-27T03:18:03.661+0900][1.875s][info][gc,phases   ] GC(78)   Pre Evacuate Collection Set: 0.2ms
[2026-03-27T03:18:03.661+0900][1.875s][info][gc,phases   ] GC(78)   Merge Heap Roots: 0.2ms
[2026-03-27T03:18:03.661+0900][1.875s][info][gc,phases   ] GC(78)   Evacuate Collection Set: 0.4ms
[2026-03-27T03:18:03.661+0900][1.875s][info][gc,phases   ] GC(78)   Post Evacuate Collection Set: 0.4ms
[2026-03-27T03:18:03.661+0900][1.875s][info][gc,phases   ] GC(78)   Other: 0.3ms
[2026-03-27T03:18:03.661+0900][1.875s][info][gc,heap     ] GC(78) Eden regions: 34->0(191)
[2026-03-27T03:18:03.661+0900][1.875s][info][gc,heap     ] GC(78) Survivor regions: 1->1(27)
[2026-03-27T03:18:03.661+0900][1.875s][info][gc,heap     ] GC(78) Old regions: 1->1
[2026-03-27T03:18:03.661+0900][1.875s][info][gc,heap     ] GC(78) Archive regions: 0->0
[2026-03-27T03:18:03.661+0900][1.875s][info][gc,heap     ] GC(78) Humongous regions: 178->166
[2026-03-27T03:18:03.661+0900][1.875s][info][gc,metaspace] GC(78) Metaspace: 280K(448K)->280K(448K) NonClass: 268K(320K)->268K(320K) Class: 12K(128K)->12K(128K)
[2026-03-27T03:18:03.661+0900][1.875s][info][gc          ] GC(78) Pause Young (Concurrent Start) (G1 Humongous Allocation) 212M->167M(400M) 1.502ms
[2026-03-27T03:18:03.661+0900][1.875s][info][gc,cpu      ] GC(78) User=0.00s Sys=0.00s Real=0.00s
[2026-03-27T03:18:03.661+0900][1.875s][info][gc          ] GC(79) Concurrent Undo Cycle
[2026-03-27T03:18:03.661+0900][1.875s][info][gc,marking  ] GC(79) Concurrent Cleanup for Next Mark
[2026-03-27T03:18:03.661+0900][1.875s][info][gc,marking  ] GC(79) Concurrent Cleanup for Next Mark 0.223ms
[2026-03-27T03:18:03.661+0900][1.875s][info][gc          ] GC(79) Concurrent Undo Cycle 0.264ms
[2026-03-27T03:18:03.663+0900][1.877s][info][gc,start    ] GC(80) Pause Young (Concurrent Start) (G1 Humongous Allocation)
[2026-03-27T03:18:03.663+0900][1.877s][info][gc,task     ] GC(80) Using 9 workers of 14 for evacuation
[2026-03-27T03:18:03.664+0900][1.878s][info][gc,phases   ] GC(80)   Pre Evacuate Collection Set: 0.1ms
[2026-03-27T03:18:03.664+0900][1.878s][info][gc,phases   ] GC(80)   Merge Heap Roots: 0.1ms
[2026-03-27T03:18:03.664+0900][1.878s][info][gc,phases   ] GC(80)   Evacuate Collection Set: 0.2ms
[2026-03-27T03:18:03.664+0900][1.878s][info][gc,phases   ] GC(80)   Post Evacuate Collection Set: 0.4ms
[2026-03-27T03:18:03.664+0900][1.878s][info][gc,phases   ] GC(80)   Other: 0.1ms
[2026-03-27T03:18:03.664+0900][1.878s][info][gc,heap     ] GC(80) Eden regions: 16->0(181)
[2026-03-27T03:18:03.664+0900][1.878s][info][gc,heap     ] GC(80) Survivor regions: 1->1(24)
[2026-03-27T03:18:03.664+0900][1.878s][info][gc,heap     ] GC(80) Old regions: 1->1
[2026-03-27T03:18:03.664+0900][1.878s][info][gc,heap     ] GC(80) Archive regions: 0->0
[2026-03-27T03:18:03.664+0900][1.878s][info][gc,heap     ] GC(80) Humongous regions: 179->176
[2026-03-27T03:18:03.664+0900][1.878s][info][gc,metaspace] GC(80) Metaspace: 280K(448K)->280K(448K) NonClass: 268K(320K)->268K(320K) Class: 12K(128K)->12K(128K)
[2026-03-27T03:18:03.664+0900][1.878s][info][gc          ] GC(80) Pause Young (Concurrent Start) (G1 Humongous Allocation) 195M->177M(400M) 1.115ms
[2026-03-27T03:18:03.664+0900][1.878s][info][gc,cpu      ] GC(80) User=0.00s Sys=0.00s Real=0.00s
[2026-03-27T03:18:03.664+0900][1.878s][info][gc          ] GC(81) Concurrent Undo Cycle
[2026-03-27T03:18:03.664+0900][1.878s][info][gc,marking  ] GC(81) Concurrent Cleanup for Next Mark
[2026-03-27T03:18:03.664+0900][1.878s][info][gc,marking  ] GC(81) Concurrent Cleanup for Next Mark 0.232ms
[2026-03-27T03:18:03.664+0900][1.878s][info][gc          ] GC(81) Concurrent Undo Cycle 0.273ms
[2026-03-27T03:18:03.664+0900][1.878s][info][gc,start    ] GC(82) Pause Young (Concurrent Start) (G1 Humongous Allocation)
[2026-03-27T03:18:03.664+0900][1.878s][info][gc,task     ] GC(82) Using 9 workers of 14 for evacuation
[2026-03-27T03:18:03.666+0900][1.879s][info][gc,phases   ] GC(82)   Pre Evacuate Collection Set: 0.1ms
[2026-03-27T03:18:03.666+0900][1.879s][info][gc,phases   ] GC(82)   Merge Heap Roots: 0.0ms
[2026-03-27T03:18:03.666+0900][1.879s][info][gc,phases   ] GC(82)   Evacuate Collection Set: 0.3ms
[2026-03-27T03:18:03.666+0900][1.879s][info][gc,phases   ] GC(82)   Post Evacuate Collection Set: 0.2ms
[2026-03-27T03:18:03.666+0900][1.879s][info][gc,phases   ] GC(82)   Other: 0.1ms
[2026-03-27T03:18:03.666+0900][1.879s][info][gc,heap     ] GC(82) Eden regions: 2->0(181)
[2026-03-27T03:18:03.666+0900][1.879s][info][gc,heap     ] GC(82) Survivor regions: 1->1(23)
[2026-03-27T03:18:03.666+0900][1.879s][info][gc,heap     ] GC(82) Old regions: 1->1
[2026-03-27T03:18:03.666+0900][1.879s][info][gc,heap     ] GC(82) Archive regions: 0->0
[2026-03-27T03:18:03.666+0900][1.879s][info][gc,heap     ] GC(82) Humongous regions: 179->176
[2026-03-27T03:18:03.666+0900][1.879s][info][gc,metaspace] GC(82) Metaspace: 280K(448K)->280K(448K) NonClass: 268K(320K)->268K(320K) Class: 12K(128K)->12K(128K)
[2026-03-27T03:18:03.666+0900][1.879s][info][gc          ] GC(82) Pause Young (Concurrent Start) (G1 Humongous Allocation) 181M->177M(400M) 0.777ms
[2026-03-27T03:18:03.666+0900][1.879s][info][gc,cpu      ] GC(82) User=0.00s Sys=0.00s Real=0.00s
[2026-03-27T03:18:03.666+0900][1.879s][info][gc          ] GC(83) Concurrent Undo Cycle
[2026-03-27T03:18:03.666+0900][1.879s][info][gc,marking  ] GC(83) Concurrent Cleanup for Next Mark
[2026-03-27T03:18:03.666+0900][1.879s][info][gc,marking  ] GC(83) Concurrent Cleanup for Next Mark 0.142ms
[2026-03-27T03:18:03.666+0900][1.879s][info][gc          ] GC(83) Concurrent Undo Cycle 0.234ms
[2026-03-27T03:18:03.666+0900][1.880s][info][gc,start    ] GC(84) Pause Young (Concurrent Start) (G1 Humongous Allocation)
[2026-03-27T03:18:03.666+0900][1.880s][info][gc,task     ] GC(84) Using 9 workers of 14 for evacuation
[2026-03-27T03:18:03.667+0900][1.880s][info][gc,phases   ] GC(84)   Pre Evacuate Collection Set: 0.1ms
[2026-03-27T03:18:03.667+0900][1.880s][info][gc,phases   ] GC(84)   Merge Heap Roots: 0.0ms
[2026-03-27T03:18:03.667+0900][1.880s][info][gc,phases   ] GC(84)   Evacuate Collection Set: 0.3ms
[2026-03-27T03:18:03.667+0900][1.880s][info][gc,phases   ] GC(84)   Post Evacuate Collection Set: 0.2ms
[2026-03-27T03:18:03.667+0900][1.880s][info][gc,phases   ] GC(84)   Other: 0.1ms
[2026-03-27T03:18:03.667+0900][1.880s][info][gc,heap     ] GC(84) Eden regions: 4->0(179)
[2026-03-27T03:18:03.667+0900][1.880s][info][gc,heap     ] GC(84) Survivor regions: 1->1(23)
[2026-03-27T03:18:03.667+0900][1.880s][info][gc,heap     ] GC(84) Old regions: 1->1
[2026-03-27T03:18:03.667+0900][1.880s][info][gc,heap     ] GC(84) Archive regions: 0->0
[2026-03-27T03:18:03.667+0900][1.880s][info][gc,heap     ] GC(84) Humongous regions: 178->178
[2026-03-27T03:18:03.667+0900][1.880s][info][gc,metaspace] GC(84) Metaspace: 280K(448K)->280K(448K) NonClass: 268K(320K)->268K(320K) Class: 12K(128K)->12K(128K)
[2026-03-27T03:18:03.667+0900][1.880s][info][gc          ] GC(84) Pause Young (Concurrent Start) (G1 Humongous Allocation) 182M->179M(400M) 0.751ms
[2026-03-27T03:18:03.667+0900][1.880s][info][gc,cpu      ] GC(84) User=0.00s Sys=0.00s Real=0.00s
[2026-03-27T03:18:03.667+0900][1.880s][info][gc          ] GC(85) Concurrent Undo Cycle
[2026-03-27T03:18:03.667+0900][1.880s][info][gc,marking  ] GC(85) Concurrent Cleanup for Next Mark
[2026-03-27T03:18:03.667+0900][1.880s][info][gc,marking  ] GC(85) Concurrent Cleanup for Next Mark 0.133ms
[2026-03-27T03:18:03.667+0900][1.881s][info][gc          ] GC(85) Concurrent Undo Cycle 0.256ms
[2026-03-27T03:18:03.779+0900][1.993s][info][gc,start    ] GC(86) Pause Young (Concurrent Start) (G1 Humongous Allocation)
[2026-03-27T03:18:03.779+0900][1.993s][info][gc,task     ] GC(86) Using 9 workers of 14 for evacuation
[2026-03-27T03:18:03.781+0900][1.995s][info][gc,phases   ] GC(86)   Pre Evacuate Collection Set: 0.2ms
[2026-03-27T03:18:03.781+0900][1.995s][info][gc,phases   ] GC(86)   Merge Heap Roots: 0.0ms
[2026-03-27T03:18:03.781+0900][1.995s][info][gc,phases   ] GC(86)   Evacuate Collection Set: 0.3ms
[2026-03-27T03:18:03.781+0900][1.995s][info][gc,phases   ] GC(86)   Post Evacuate Collection Set: 0.5ms
[2026-03-27T03:18:03.781+0900][1.995s][info][gc,phases   ] GC(86)   Other: 0.2ms
[2026-03-27T03:18:03.781+0900][1.995s][info][gc,heap     ] GC(86) Eden regions: 4->0(217)
[2026-03-27T03:18:03.781+0900][1.995s][info][gc,heap     ] GC(86) Survivor regions: 1->1(23)
[2026-03-27T03:18:03.781+0900][1.995s][info][gc,heap     ] GC(86) Old regions: 1->1
[2026-03-27T03:18:03.781+0900][1.995s][info][gc,heap     ] GC(86) Archive regions: 0->0
[2026-03-27T03:18:03.781+0900][1.995s][info][gc,heap     ] GC(86) Humongous regions: 180->180
[2026-03-27T03:18:03.781+0900][1.995s][info][gc,metaspace] GC(86) Metaspace: 280K(448K)->280K(448K) NonClass: 268K(320K)->268K(320K) Class: 12K(128K)->12K(128K)
[2026-03-27T03:18:03.781+0900][1.995s][info][gc          ] GC(86) Pause Young (Concurrent Start) (G1 Humongous Allocation) 184M->181M(445M) 1.378ms
[2026-03-27T03:18:03.781+0900][1.995s][info][gc,cpu      ] GC(86) User=0.00s Sys=0.00s Real=0.00s
[2026-03-27T03:18:03.781+0900][1.995s][info][gc          ] GC(87) Concurrent Undo Cycle
[2026-03-27T03:18:03.781+0900][1.995s][info][gc,marking  ] GC(87) Concurrent Cleanup for Next Mark
[2026-03-27T03:18:03.782+0900][1.995s][info][gc,marking  ] GC(87) Concurrent Cleanup for Next Mark 0.458ms
[2026-03-27T03:18:03.782+0900][1.995s][info][gc          ] GC(87) Concurrent Undo Cycle 0.531ms
[2026-03-27T03:18:03.787+0900][2.001s][info][gc,start    ] GC(88) Pause Young (Concurrent Start) (G1 Humongous Allocation)
[2026-03-27T03:18:03.787+0900][2.001s][info][gc,task     ] GC(88) Using 10 workers of 14 for evacuation
[2026-03-27T03:18:03.788+0900][2.002s][info][gc,phases   ] GC(88)   Pre Evacuate Collection Set: 0.1ms
[2026-03-27T03:18:03.788+0900][2.002s][info][gc,phases   ] GC(88)   Merge Heap Roots: 0.2ms
[2026-03-27T03:18:03.788+0900][2.002s][info][gc,phases   ] GC(88)   Evacuate Collection Set: 0.4ms
[2026-03-27T03:18:03.788+0900][2.002s][info][gc,phases   ] GC(88)   Post Evacuate Collection Set: 0.5ms
[2026-03-27T03:18:03.788+0900][2.002s][info][gc,phases   ] GC(88)   Other: 0.2ms
[2026-03-27T03:18:03.788+0900][2.002s][info][gc,heap     ] GC(88) Eden regions: 17->0(205)
[2026-03-27T03:18:03.788+0900][2.002s][info][gc,heap     ] GC(88) Survivor regions: 1->1(28)
[2026-03-27T03:18:03.789+0900][2.002s][info][gc,heap     ] GC(88) Old regions: 1->1
[2026-03-27T03:18:03.789+0900][2.002s][info][gc,heap     ] GC(88) Archive regions: 0->0
[2026-03-27T03:18:03.789+0900][2.002s][info][gc,heap     ] GC(88) Humongous regions: 198->192
[2026-03-27T03:18:03.789+0900][2.002s][info][gc,metaspace] GC(88) Metaspace: 280K(448K)->280K(448K) NonClass: 268K(320K)->268K(320K) Class: 12K(128K)->12K(128K)
[2026-03-27T03:18:03.789+0900][2.002s][info][gc          ] GC(88) Pause Young (Concurrent Start) (G1 Humongous Allocation) 215M->193M(445M) 1.515ms
[2026-03-27T03:18:03.789+0900][2.002s][info][gc,cpu      ] GC(88) User=0.00s Sys=0.00s Real=0.00s
[2026-03-27T03:18:03.789+0900][2.002s][info][gc          ] GC(89) Concurrent Undo Cycle
[2026-03-27T03:18:03.789+0900][2.002s][info][gc,marking  ] GC(89) Concurrent Cleanup for Next Mark
[2026-03-27T03:18:03.789+0900][2.003s][info][gc,marking  ] GC(89) Concurrent Cleanup for Next Mark 0.227ms
[2026-03-27T03:18:03.789+0900][2.003s][info][gc          ] GC(89) Concurrent Undo Cycle 0.290ms
[2026-03-27T03:18:03.790+0900][2.003s][info][gc,start    ] GC(90) Pause Young (Concurrent Start) (G1 Humongous Allocation)
[2026-03-27T03:18:03.790+0900][2.003s][info][gc,task     ] GC(90) Using 10 workers of 14 for evacuation
[2026-03-27T03:18:03.790+0900][2.004s][info][gc,phases   ] GC(90)   Pre Evacuate Collection Set: 0.1ms
[2026-03-27T03:18:03.790+0900][2.004s][info][gc,phases   ] GC(90)   Merge Heap Roots: 0.1ms
[2026-03-27T03:18:03.790+0900][2.004s][info][gc,phases   ] GC(90)   Evacuate Collection Set: 0.2ms
[2026-03-27T03:18:03.790+0900][2.004s][info][gc,phases   ] GC(90)   Post Evacuate Collection Set: 0.2ms
[2026-03-27T03:18:03.790+0900][2.004s][info][gc,phases   ] GC(90)   Other: 0.1ms
[2026-03-27T03:18:03.790+0900][2.004s][info][gc,heap     ] GC(90) Eden regions: 9->0(201)
[2026-03-27T03:18:03.790+0900][2.004s][info][gc,heap     ] GC(90) Survivor regions: 1->1(26)
[2026-03-27T03:18:03.790+0900][2.004s][info][gc,heap     ] GC(90) Old regions: 1->1
[2026-03-27T03:18:03.790+0900][2.004s][info][gc,heap     ] GC(90) Archive regions: 0->0
[2026-03-27T03:18:03.790+0900][2.004s][info][gc,heap     ] GC(90) Humongous regions: 199->196
[2026-03-27T03:18:03.790+0900][2.004s][info][gc,metaspace] GC(90) Metaspace: 280K(448K)->280K(448K) NonClass: 268K(320K)->268K(320K) Class: 12K(128K)->12K(128K)
[2026-03-27T03:18:03.790+0900][2.004s][info][gc          ] GC(90) Pause Young (Concurrent Start) (G1 Humongous Allocation) 208M->197M(445M) 0.715ms
[2026-03-27T03:18:03.790+0900][2.004s][info][gc,cpu      ] GC(90) User=0.00s Sys=0.00s Real=0.00s
[2026-03-27T03:18:03.790+0900][2.004s][info][gc          ] GC(91) Concurrent Undo Cycle
[2026-03-27T03:18:03.790+0900][2.004s][info][gc,marking  ] GC(91) Concurrent Cleanup for Next Mark
[2026-03-27T03:18:03.791+0900][2.004s][info][gc,marking  ] GC(91) Concurrent Cleanup for Next Mark 0.159ms
[2026-03-27T03:18:03.791+0900][2.004s][info][gc          ] GC(91) Concurrent Undo Cycle 0.196ms
[2026-03-27T03:18:03.791+0900][2.005s][info][gc,start    ] GC(92) Pause Young (Concurrent Start) (G1 Humongous Allocation)
[2026-03-27T03:18:03.791+0900][2.005s][info][gc,task     ] GC(92) Using 10 workers of 14 for evacuation
[2026-03-27T03:18:03.791+0900][2.005s][info][gc,phases   ] GC(92)   Pre Evacuate Collection Set: 0.0ms
[2026-03-27T03:18:03.791+0900][2.005s][info][gc,phases   ] GC(92)   Merge Heap Roots: 0.2ms
[2026-03-27T03:18:03.791+0900][2.005s][info][gc,phases   ] GC(92)   Evacuate Collection Set: 0.2ms
[2026-03-27T03:18:03.791+0900][2.005s][info][gc,phases   ] GC(92)   Post Evacuate Collection Set: 0.2ms
[2026-03-27T03:18:03.791+0900][2.005s][info][gc,phases   ] GC(92)   Other: 0.1ms
[2026-03-27T03:18:03.791+0900][2.005s][info][gc,heap     ] GC(92) Eden regions: 2->0(201)
[2026-03-27T03:18:03.791+0900][2.005s][info][gc,heap     ] GC(92) Survivor regions: 1->1(26)
[2026-03-27T03:18:03.791+0900][2.005s][info][gc,heap     ] GC(92) Old regions: 1->1
[2026-03-27T03:18:03.791+0900][2.005s][info][gc,heap     ] GC(92) Archive regions: 0->0
[2026-03-27T03:18:03.791+0900][2.005s][info][gc,heap     ] GC(92) Humongous regions: 199->196
[2026-03-27T03:18:03.791+0900][2.005s][info][gc,metaspace] GC(92) Metaspace: 280K(448K)->280K(448K) NonClass: 268K(320K)->268K(320K) Class: 12K(128K)->12K(128K)
[2026-03-27T03:18:03.791+0900][2.005s][info][gc          ] GC(92) Pause Young (Concurrent Start) (G1 Humongous Allocation) 201M->197M(445M) 0.742ms
[2026-03-27T03:18:03.791+0900][2.005s][info][gc,cpu      ] GC(92) User=0.00s Sys=0.00s Real=0.00s
[2026-03-27T03:18:03.791+0900][2.005s][info][gc          ] GC(93) Concurrent Undo Cycle
[2026-03-27T03:18:03.791+0900][2.005s][info][gc,marking  ] GC(93) Concurrent Cleanup for Next Mark
[2026-03-27T03:18:03.791+0900][2.005s][info][gc,marking  ] GC(93) Concurrent Cleanup for Next Mark 0.157ms
[2026-03-27T03:18:03.791+0900][2.005s][info][gc          ] GC(93) Concurrent Undo Cycle 0.197ms
[2026-03-27T03:18:03.906+0900][2.120s][info][gc,start    ] GC(94) Pause Young (Concurrent Start) (G1 Humongous Allocation)
[2026-03-27T03:18:03.906+0900][2.120s][info][gc,task     ] GC(94) Using 10 workers of 14 for evacuation
[2026-03-27T03:18:03.908+0900][2.122s][info][gc,phases   ] GC(94)   Pre Evacuate Collection Set: 0.3ms
[2026-03-27T03:18:03.908+0900][2.122s][info][gc,phases   ] GC(94)   Merge Heap Roots: 0.2ms
[2026-03-27T03:18:03.908+0900][2.122s][info][gc,phases   ] GC(94)   Evacuate Collection Set: 0.6ms
[2026-03-27T03:18:03.908+0900][2.122s][info][gc,phases   ] GC(94)   Post Evacuate Collection Set: 0.6ms
[2026-03-27T03:18:03.908+0900][2.122s][info][gc,phases   ] GC(94)   Other: 0.4ms
[2026-03-27T03:18:03.908+0900][2.122s][info][gc,heap     ] GC(94) Eden regions: 7->0(197)
[2026-03-27T03:18:03.908+0900][2.122s][info][gc,heap     ] GC(94) Survivor regions: 1->1(26)
[2026-03-27T03:18:03.908+0900][2.122s][info][gc,heap     ] GC(94) Old regions: 1->1
[2026-03-27T03:18:03.909+0900][2.122s][info][gc,heap     ] GC(94) Archive regions: 0->0
[2026-03-27T03:18:03.909+0900][2.122s][info][gc,heap     ] GC(94) Humongous regions: 200->200
[2026-03-27T03:18:03.909+0900][2.123s][info][gc,metaspace] GC(94) Metaspace: 280K(448K)->280K(448K) NonClass: 268K(320K)->268K(320K) Class: 12K(128K)->12K(128K)
[2026-03-27T03:18:03.909+0900][2.123s][info][gc          ] GC(94) Pause Young (Concurrent Start) (G1 Humongous Allocation) 207M->201M(445M) 2.592ms
[2026-03-27T03:18:03.909+0900][2.123s][info][gc,cpu      ] GC(94) User=0.02s Sys=0.00s Real=0.00s
[2026-03-27T03:18:03.909+0900][2.123s][info][gc          ] GC(95) Concurrent Mark Cycle
[2026-03-27T03:18:03.909+0900][2.123s][info][gc,marking  ] GC(95) Concurrent Clear Claimed Marks
[2026-03-27T03:18:03.909+0900][2.123s][info][gc,marking  ] GC(95) Concurrent Clear Claimed Marks 0.015ms
[2026-03-27T03:18:03.909+0900][2.123s][info][gc,marking  ] GC(95) Concurrent Scan Root Regions
[2026-03-27T03:18:03.909+0900][2.123s][info][gc,marking  ] GC(95) Concurrent Scan Root Regions 0.063ms
[2026-03-27T03:18:03.909+0900][2.123s][info][gc,marking  ] GC(95) Concurrent Mark
[2026-03-27T03:18:03.909+0900][2.123s][info][gc,marking  ] GC(95) Concurrent Mark From Roots
[2026-03-27T03:18:03.909+0900][2.123s][info][gc,task     ] GC(95) Using 4 workers of 4 for marking
[2026-03-27T03:18:03.910+0900][2.124s][info][gc,marking  ] GC(95) Concurrent Mark From Roots 1.224ms
[2026-03-27T03:18:03.910+0900][2.124s][info][gc,marking  ] GC(95) Concurrent Preclean
[2026-03-27T03:18:03.910+0900][2.124s][info][gc,marking  ] GC(95) Concurrent Preclean 0.081ms
[2026-03-27T03:18:03.910+0900][2.125s][info][gc,start    ] GC(95) Pause Remark
[2026-03-27T03:18:03.912+0900][2.126s][info][gc          ] GC(95) Pause Remark 216M->136M(445M) 1.274ms
[2026-03-27T03:18:03.912+0900][2.126s][info][gc,cpu      ] GC(95) User=0.00s Sys=0.00s Real=0.00s
[2026-03-27T03:18:03.912+0900][2.126s][info][gc,marking  ] GC(95) Concurrent Mark 3.102ms
[2026-03-27T03:18:03.912+0900][2.126s][info][gc,marking  ] GC(95) Concurrent Rebuild Remembered Sets
[2026-03-27T03:18:03.912+0900][2.126s][info][gc,marking  ] GC(95) Concurrent Rebuild Remembered Sets 0.385ms
[2026-03-27T03:18:03.913+0900][2.127s][info][gc,start    ] GC(95) Pause Cleanup
[2026-03-27T03:18:03.913+0900][2.127s][info][gc          ] GC(95) Pause Cleanup 141M->141M(445M) 0.310ms
[2026-03-27T03:18:03.913+0900][2.127s][info][gc,cpu      ] GC(95) User=0.00s Sys=0.00s Real=0.00s
[2026-03-27T03:18:03.913+0900][2.127s][info][gc,marking  ] GC(95) Concurrent Cleanup for Next Mark
[2026-03-27T03:18:03.914+0900][2.128s][info][gc,marking  ] GC(95) Concurrent Cleanup for Next Mark 0.652ms
[2026-03-27T03:18:03.914+0900][2.128s][info][gc          ] GC(95) Concurrent Mark Cycle 5.267ms
[2026-03-27T03:18:04.144+0900][2.358s][info][gc,start    ] GC(96) Pause Young (Concurrent Start) (G1 Humongous Allocation)
[2026-03-27T03:18:04.144+0900][2.358s][info][gc,task     ] GC(96) Using 10 workers of 14 for evacuation
[2026-03-27T03:18:04.146+0900][2.360s][info][gc,phases   ] GC(96)   Pre Evacuate Collection Set: 0.2ms
[2026-03-27T03:18:04.146+0900][2.360s][info][gc,phases   ] GC(96)   Merge Heap Roots: 0.1ms
[2026-03-27T03:18:04.146+0900][2.360s][info][gc,phases   ] GC(96)   Evacuate Collection Set: 0.2ms
[2026-03-27T03:18:04.146+0900][2.360s][info][gc,phases   ] GC(96)   Post Evacuate Collection Set: 1.0ms
[2026-03-27T03:18:04.146+0900][2.360s][info][gc,phases   ] GC(96)   Other: 0.3ms
[2026-03-27T03:18:04.146+0900][2.360s][info][gc,heap     ] GC(96) Eden regions: 84->0(248)
[2026-03-27T03:18:04.146+0900][2.360s][info][gc,heap     ] GC(96) Survivor regions: 1->1(25)
[2026-03-27T03:18:04.146+0900][2.360s][info][gc,heap     ] GC(96) Old regions: 1->1
[2026-03-27T03:18:04.146+0900][2.360s][info][gc,heap     ] GC(96) Archive regions: 0->0
[2026-03-27T03:18:04.146+0900][2.360s][info][gc,heap     ] GC(96) Humongous regions: 200->170
[2026-03-27T03:18:04.146+0900][2.360s][info][gc,metaspace] GC(96) Metaspace: 280K(448K)->280K(448K) NonClass: 268K(320K)->268K(320K) Class: 12K(128K)->12K(128K)
[2026-03-27T03:18:04.146+0900][2.360s][info][gc          ] GC(96) Pause Young (Concurrent Start) (G1 Humongous Allocation) 284M->171M(469M) 2.063ms
[2026-03-27T03:18:04.146+0900][2.360s][info][gc,cpu      ] GC(96) User=0.00s Sys=0.00s Real=0.00s
[2026-03-27T03:18:04.146+0900][2.360s][info][gc          ] GC(97) Concurrent Undo Cycle
[2026-03-27T03:18:04.146+0900][2.360s][info][gc,marking  ] GC(97) Concurrent Cleanup for Next Mark
[2026-03-27T03:18:04.146+0900][2.360s][info][gc,marking  ] GC(97) Concurrent Cleanup for Next Mark 0.388ms
[2026-03-27T03:18:04.146+0900][2.360s][info][gc          ] GC(97) Concurrent Undo Cycle 0.439ms
[2026-03-27T03:18:04.268+0900][2.483s][info][gc,start    ] GC(98) Pause Young (Concurrent Start) (G1 Humongous Allocation)
[2026-03-27T03:18:04.268+0900][2.483s][info][gc,task     ] GC(98) Using 11 workers of 14 for evacuation
[2026-03-27T03:18:04.270+0900][2.484s][info][gc,phases   ] GC(98)   Pre Evacuate Collection Set: 0.3ms
[2026-03-27T03:18:04.270+0900][2.484s][info][gc,phases   ] GC(98)   Merge Heap Roots: 0.3ms
[2026-03-27T03:18:04.270+0900][2.484s][info][gc,phases   ] GC(98)   Evacuate Collection Set: 0.4ms
[2026-03-27T03:18:04.270+0900][2.484s][info][gc,phases   ] GC(98)   Post Evacuate Collection Set: 0.7ms
[2026-03-27T03:18:04.270+0900][2.485s][info][gc,phases   ] GC(98)   Other: 0.3ms
[2026-03-27T03:18:04.270+0900][2.485s][info][gc,heap     ] GC(98) Eden regions: 42->0(236)
[2026-03-27T03:18:04.270+0900][2.485s][info][gc,heap     ] GC(98) Survivor regions: 1->1(32)
[2026-03-27T03:18:04.270+0900][2.485s][info][gc,heap     ] GC(98) Old regions: 1->1
[2026-03-27T03:18:04.270+0900][2.485s][info][gc,heap     ] GC(98) Archive regions: 0->0
[2026-03-27T03:18:04.270+0900][2.485s][info][gc,heap     ] GC(98) Humongous regions: 211->182
[2026-03-27T03:18:04.270+0900][2.485s][info][gc,metaspace] GC(98) Metaspace: 282K(512K)->282K(512K) NonClass: 270K(384K)->270K(384K) Class: 12K(128K)->12K(128K)
[2026-03-27T03:18:04.270+0900][2.485s][info][gc          ] GC(98) Pause Young (Concurrent Start) (G1 Humongous Allocation) 253M->183M(469M) 2.022ms
[2026-03-27T03:18:04.270+0900][2.485s][info][gc,cpu      ] GC(98) User=0.00s Sys=0.00s Real=0.00s
[2026-03-27T03:18:04.270+0900][2.485s][info][gc          ] GC(99) Concurrent Undo Cycle
[2026-03-27T03:18:04.271+0900][2.485s][info][gc,marking  ] GC(99) Concurrent Cleanup for Next Mark
[2026-03-27T03:18:04.271+0900][2.485s][info][gc,marking  ] GC(99) Concurrent Cleanup for Next Mark 0.357ms
[2026-03-27T03:18:04.271+0900][2.485s][info][gc          ] GC(99) Concurrent Undo Cycle 0.476ms
[2026-03-27T03:18:04.377+0900][2.590s][info][gc,start    ] GC(100) Pause Young (Concurrent Start) (G1 Humongous Allocation)
[2026-03-27T03:18:04.390+0900][2.603s][info][gc,task     ] GC(100) Using 11 workers of 14 for evacuation
[2026-03-27T03:18:04.391+0900][2.605s][info][gc,phases   ] GC(100)   Pre Evacuate Collection Set: 0.1ms
[2026-03-27T03:18:04.391+0900][2.605s][info][gc,phases   ] GC(100)   Merge Heap Roots: 0.2ms
[2026-03-27T03:18:04.391+0900][2.605s][info][gc,phases   ] GC(100)   Evacuate Collection Set: 0.3ms
[2026-03-27T03:18:04.391+0900][2.605s][info][gc,phases   ] GC(100)   Post Evacuate Collection Set: 0.6ms
[2026-03-27T03:18:04.391+0900][2.605s][info][gc,phases   ] GC(100)   Other: 13.1ms
[2026-03-27T03:18:04.391+0900][2.605s][info][gc,heap     ] GC(100) Eden regions: 29->0(240)
[2026-03-27T03:18:04.391+0900][2.605s][info][gc,heap     ] GC(100) Survivor regions: 1->1(30)
[2026-03-27T03:18:04.391+0900][2.605s][info][gc,heap     ] GC(100) Old regions: 1->1
[2026-03-27T03:18:04.391+0900][2.605s][info][gc,heap     ] GC(100) Archive regions: 0->0
[2026-03-27T03:18:04.391+0900][2.605s][info][gc,heap     ] GC(100) Humongous regions: 210->178
[2026-03-27T03:18:04.391+0900][2.605s][info][gc,metaspace] GC(100) Metaspace: 282K(512K)->282K(512K) NonClass: 270K(384K)->270K(384K) Class: 12K(128K)->12K(128K)
[2026-03-27T03:18:04.391+0900][2.605s][info][gc          ] GC(100) Pause Young (Concurrent Start) (G1 Humongous Allocation) 239M->179M(469M) 14.510ms
[2026-03-27T03:18:04.391+0900][2.605s][info][gc,cpu      ] GC(100) User=0.00s Sys=0.00s Real=0.01s
[2026-03-27T03:18:04.391+0900][2.605s][info][gc          ] GC(101) Concurrent Undo Cycle
[2026-03-27T03:18:04.391+0900][2.605s][info][gc,marking  ] GC(101) Concurrent Cleanup for Next Mark
[2026-03-27T03:18:04.392+0900][2.605s][info][gc,marking  ] GC(101) Concurrent Cleanup for Next Mark 0.226ms
[2026-03-27T03:18:04.392+0900][2.605s][info][gc          ] GC(101) Concurrent Undo Cycle 0.266ms
[2026-03-27T03:18:04.501+0900][2.715s][info][gc,start    ] GC(102) Pause Young (Concurrent Start) (G1 Humongous Allocation)
[2026-03-27T03:18:04.501+0900][2.715s][info][gc,task     ] GC(102) Using 11 workers of 14 for evacuation
[2026-03-27T03:18:04.504+0900][2.718s][info][gc,phases   ] GC(102)   Pre Evacuate Collection Set: 0.3ms
[2026-03-27T03:18:04.504+0900][2.718s][info][gc,phases   ] GC(102)   Merge Heap Roots: 0.5ms
[2026-03-27T03:18:04.504+0900][2.718s][info][gc,phases   ] GC(102)   Evacuate Collection Set: 0.5ms
[2026-03-27T03:18:04.504+0900][2.718s][info][gc,phases   ] GC(102)   Post Evacuate Collection Set: 1.4ms
[2026-03-27T03:18:04.504+0900][2.718s][info][gc,phases   ] GC(102)   Other: 0.4ms
[2026-03-27T03:18:04.504+0900][2.719s][info][gc,heap     ] GC(102) Eden regions: 34->0(240)
[2026-03-27T03:18:04.504+0900][2.719s][info][gc,heap     ] GC(102) Survivor regions: 1->1(31)
[2026-03-27T03:18:04.504+0900][2.719s][info][gc,heap     ] GC(102) Old regions: 1->1
[2026-03-27T03:18:04.504+0900][2.719s][info][gc,heap     ] GC(102) Archive regions: 0->0
[2026-03-27T03:18:04.505+0900][2.719s][info][gc,heap     ] GC(102) Humongous regions: 210->178
[2026-03-27T03:18:04.505+0900][2.719s][info][gc,metaspace] GC(102) Metaspace: 282K(512K)->282K(512K) NonClass: 270K(384K)->270K(384K) Class: 12K(128K)->12K(128K)
[2026-03-27T03:18:04.505+0900][2.719s][info][gc          ] GC(102) Pause Young (Concurrent Start) (G1 Humongous Allocation) 244M->179M(469M) 3.511ms
[2026-03-27T03:18:04.505+0900][2.719s][info][gc,cpu      ] GC(102) User=0.00s Sys=0.00s Real=0.00s
[2026-03-27T03:18:04.505+0900][2.719s][info][gc          ] GC(103) Concurrent Undo Cycle
[2026-03-27T03:18:04.505+0900][2.719s][info][gc,marking  ] GC(103) Concurrent Cleanup for Next Mark
[2026-03-27T03:18:04.506+0900][2.720s][info][gc,marking  ] GC(103) Concurrent Cleanup for Next Mark 0.566ms
[2026-03-27T03:18:04.506+0900][2.720s][info][gc          ] GC(103) Concurrent Undo Cycle 0.777ms
[2026-03-27T03:18:04.612+0900][2.825s][info][gc,start    ] GC(104) Pause Young (Concurrent Start) (G1 Humongous Allocation)
[2026-03-27T03:18:04.612+0900][2.825s][info][gc,task     ] GC(104) Using 11 workers of 14 for evacuation
[2026-03-27T03:18:04.613+0900][2.826s][info][gc,phases   ] GC(104)   Pre Evacuate Collection Set: 0.2ms
[2026-03-27T03:18:04.613+0900][2.826s][info][gc,phases   ] GC(104)   Merge Heap Roots: 0.1ms
[2026-03-27T03:18:04.613+0900][2.826s][info][gc,phases   ] GC(104)   Evacuate Collection Set: 0.3ms
[2026-03-27T03:18:04.613+0900][2.826s][info][gc,phases   ] GC(104)   Post Evacuate Collection Set: 0.3ms
[2026-03-27T03:18:04.613+0900][2.826s][info][gc,phases   ] GC(104)   Other: 0.2ms
[2026-03-27T03:18:04.613+0900][2.826s][info][gc,heap     ] GC(104) Eden regions: 34->0(240)
[2026-03-27T03:18:04.613+0900][2.826s][info][gc,heap     ] GC(104) Survivor regions: 1->1(31)
[2026-03-27T03:18:04.613+0900][2.826s][info][gc,heap     ] GC(104) Old regions: 1->1
[2026-03-27T03:18:04.613+0900][2.826s][info][gc,heap     ] GC(104) Archive regions: 0->0
[2026-03-27T03:18:04.613+0900][2.826s][info][gc,heap     ] GC(104) Humongous regions: 210->178
[2026-03-27T03:18:04.613+0900][2.826s][info][gc,metaspace] GC(104) Metaspace: 282K(512K)->282K(512K) NonClass: 270K(384K)->270K(384K) Class: 12K(128K)->12K(128K)
[2026-03-27T03:18:04.613+0900][2.826s][info][gc          ] GC(104) Pause Young (Concurrent Start) (G1 Humongous Allocation) 244M->179M(469M) 1.198ms
[2026-03-27T03:18:04.613+0900][2.826s][info][gc,cpu      ] GC(104) User=0.00s Sys=0.00s Real=0.00s
[2026-03-27T03:18:04.613+0900][2.826s][info][gc          ] GC(105) Concurrent Undo Cycle
[2026-03-27T03:18:04.613+0900][2.826s][info][gc,marking  ] GC(105) Concurrent Cleanup for Next Mark
[2026-03-27T03:18:04.613+0900][2.826s][info][gc,marking  ] GC(105) Concurrent Cleanup for Next Mark 0.252ms
[2026-03-27T03:18:04.613+0900][2.827s][info][gc          ] GC(105) Concurrent Undo Cycle 0.359ms
[2026-03-27T03:18:04.722+0900][2.935s][info][gc,start    ] GC(106) Pause Young (Concurrent Start) (G1 Humongous Allocation)
[2026-03-27T03:18:04.722+0900][2.935s][info][gc,task     ] GC(106) Using 11 workers of 14 for evacuation
[2026-03-27T03:18:04.723+0900][2.937s][info][gc,phases   ] GC(106)   Pre Evacuate Collection Set: 0.1ms
[2026-03-27T03:18:04.723+0900][2.937s][info][gc,phases   ] GC(106)   Merge Heap Roots: 0.2ms
[2026-03-27T03:18:04.723+0900][2.937s][info][gc,phases   ] GC(106)   Evacuate Collection Set: 0.4ms
[2026-03-27T03:18:04.723+0900][2.937s][info][gc,phases   ] GC(106)   Post Evacuate Collection Set: 0.7ms
[2026-03-27T03:18:04.723+0900][2.937s][info][gc,phases   ] GC(106)   Other: 0.2ms
[2026-03-27T03:18:04.723+0900][2.937s][info][gc,heap     ] GC(106) Eden regions: 34->0(240)
[2026-03-27T03:18:04.723+0900][2.937s][info][gc,heap     ] GC(106) Survivor regions: 1->1(31)
[2026-03-27T03:18:04.723+0900][2.937s][info][gc,heap     ] GC(106) Old regions: 1->1
[2026-03-27T03:18:04.723+0900][2.937s][info][gc,heap     ] GC(106) Archive regions: 0->0
[2026-03-27T03:18:04.723+0900][2.937s][info][gc,heap     ] GC(106) Humongous regions: 210->178
[2026-03-27T03:18:04.723+0900][2.937s][info][gc,metaspace] GC(106) Metaspace: 282K(512K)->282K(512K) NonClass: 270K(384K)->270K(384K) Class: 12K(128K)->12K(128K)
[2026-03-27T03:18:04.723+0900][2.937s][info][gc          ] GC(106) Pause Young (Concurrent Start) (G1 Humongous Allocation) 244M->179M(469M) 1.777ms
[2026-03-27T03:18:04.723+0900][2.937s][info][gc,cpu      ] GC(106) User=0.00s Sys=0.00s Real=0.00s
[2026-03-27T03:18:04.723+0900][2.937s][info][gc          ] GC(107) Concurrent Undo Cycle
[2026-03-27T03:18:04.723+0900][2.937s][info][gc,marking  ] GC(107) Concurrent Cleanup for Next Mark
[2026-03-27T03:18:04.724+0900][2.937s][info][gc,marking  ] GC(107) Concurrent Cleanup for Next Mark 0.275ms
[2026-03-27T03:18:04.724+0900][2.937s][info][gc          ] GC(107) Concurrent Undo Cycle 0.348ms
[2026-03-27T03:18:04.830+0900][3.044s][info][gc,start    ] GC(108) Pause Young (Concurrent Start) (G1 Humongous Allocation)
[2026-03-27T03:18:04.830+0900][3.044s][info][gc,task     ] GC(108) Using 11 workers of 14 for evacuation
[2026-03-27T03:18:04.832+0900][3.046s][info][gc,phases   ] GC(108)   Pre Evacuate Collection Set: 0.2ms
[2026-03-27T03:18:04.832+0900][3.046s][info][gc,phases   ] GC(108)   Merge Heap Roots: 0.2ms
[2026-03-27T03:18:04.832+0900][3.046s][info][gc,phases   ] GC(108)   Evacuate Collection Set: 0.5ms
[2026-03-27T03:18:04.832+0900][3.046s][info][gc,phases   ] GC(108)   Post Evacuate Collection Set: 0.5ms
[2026-03-27T03:18:04.832+0900][3.046s][info][gc,phases   ] GC(108)   Other: 0.3ms
[2026-03-27T03:18:04.832+0900][3.046s][info][gc,heap     ] GC(108) Eden regions: 34->0(241)
[2026-03-27T03:18:04.832+0900][3.046s][info][gc,heap     ] GC(108) Survivor regions: 1->1(31)
[2026-03-27T03:18:04.832+0900][3.046s][info][gc,heap     ] GC(108) Old regions: 1->1
[2026-03-27T03:18:04.832+0900][3.046s][info][gc,heap     ] GC(108) Archive regions: 0->0
[2026-03-27T03:18:04.832+0900][3.046s][info][gc,heap     ] GC(108) Humongous regions: 210->178
[2026-03-27T03:18:04.832+0900][3.046s][info][gc,metaspace] GC(108) Metaspace: 282K(512K)->282K(512K) NonClass: 270K(384K)->270K(384K) Class: 12K(128K)->12K(128K)
[2026-03-27T03:18:04.832+0900][3.046s][info][gc          ] GC(108) Pause Young (Concurrent Start) (G1 Humongous Allocation) 244M->179M(469M) 1.954ms
[2026-03-27T03:18:04.832+0900][3.046s][info][gc,cpu      ] GC(108) User=0.00s Sys=0.00s Real=0.00s
[2026-03-27T03:18:04.832+0900][3.046s][info][gc          ] GC(109) Concurrent Undo Cycle
[2026-03-27T03:18:04.832+0900][3.046s][info][gc,marking  ] GC(109) Concurrent Cleanup for Next Mark
[2026-03-27T03:18:04.833+0900][3.047s][info][gc,marking  ] GC(109) Concurrent Cleanup for Next Mark 0.366ms
[2026-03-27T03:18:04.833+0900][3.047s][info][gc          ] GC(109) Concurrent Undo Cycle 0.459ms
[2026-03-27T03:18:04.940+0900][3.153s][info][gc,start    ] GC(110) Pause Young (Concurrent Start) (G1 Humongous Allocation)
[2026-03-27T03:18:04.940+0900][3.153s][info][gc,task     ] GC(110) Using 11 workers of 14 for evacuation
[2026-03-27T03:18:04.942+0900][3.155s][info][gc,phases   ] GC(110)   Pre Evacuate Collection Set: 0.4ms
[2026-03-27T03:18:04.942+0900][3.155s][info][gc,phases   ] GC(110)   Merge Heap Roots: 0.3ms
[2026-03-27T03:18:04.942+0900][3.155s][info][gc,phases   ] GC(110)   Evacuate Collection Set: 0.4ms
[2026-03-27T03:18:04.942+0900][3.155s][info][gc,phases   ] GC(110)   Post Evacuate Collection Set: 0.6ms
[2026-03-27T03:18:04.942+0900][3.155s][info][gc,phases   ] GC(110)   Other: 0.3ms
[2026-03-27T03:18:04.942+0900][3.155s][info][gc,heap     ] GC(110) Eden regions: 34->0(241)
[2026-03-27T03:18:04.942+0900][3.156s][info][gc,heap     ] GC(110) Survivor regions: 1->1(31)
[2026-03-27T03:18:04.942+0900][3.156s][info][gc,heap     ] GC(110) Old regions: 1->1
[2026-03-27T03:18:04.942+0900][3.156s][info][gc,heap     ] GC(110) Archive regions: 0->0
[2026-03-27T03:18:04.942+0900][3.156s][info][gc,heap     ] GC(110) Humongous regions: 210->178
[2026-03-27T03:18:04.942+0900][3.156s][info][gc,metaspace] GC(110) Metaspace: 282K(512K)->282K(512K) NonClass: 270K(384K)->270K(384K) Class: 12K(128K)->12K(128K)
[2026-03-27T03:18:04.942+0900][3.156s][info][gc          ] GC(110) Pause Young (Concurrent Start) (G1 Humongous Allocation) 244M->179M(469M) 2.396ms
[2026-03-27T03:18:04.942+0900][3.156s][info][gc,cpu      ] GC(110) User=0.00s Sys=0.00s Real=0.00s
[2026-03-27T03:18:04.942+0900][3.156s][info][gc          ] GC(111) Concurrent Undo Cycle
[2026-03-27T03:18:04.942+0900][3.156s][info][gc,marking  ] GC(111) Concurrent Cleanup for Next Mark
[2026-03-27T03:18:04.943+0900][3.156s][info][gc,marking  ] GC(111) Concurrent Cleanup for Next Mark 0.321ms
[2026-03-27T03:18:04.943+0900][3.156s][info][gc          ] GC(111) Concurrent Undo Cycle 0.440ms
[2026-03-27T03:18:05.048+0900][3.261s][info][gc,start    ] GC(112) Pause Young (Concurrent Start) (G1 Humongous Allocation)
[2026-03-27T03:18:05.048+0900][3.261s][info][gc,task     ] GC(112) Using 11 workers of 14 for evacuation
[2026-03-27T03:18:05.050+0900][3.263s][info][gc,phases   ] GC(112)   Pre Evacuate Collection Set: 0.1ms
[2026-03-27T03:18:05.050+0900][3.263s][info][gc,phases   ] GC(112)   Merge Heap Roots: 0.0ms
[2026-03-27T03:18:05.050+0900][3.263s][info][gc,phases   ] GC(112)   Evacuate Collection Set: 1.4ms
[2026-03-27T03:18:05.050+0900][3.263s][info][gc,phases   ] GC(112)   Post Evacuate Collection Set: 0.3ms
[2026-03-27T03:18:05.050+0900][3.263s][info][gc,phases   ] GC(112)   Other: 0.1ms
[2026-03-27T03:18:05.050+0900][3.263s][info][gc,heap     ] GC(112) Eden regions: 34->0(241)
[2026-03-27T03:18:05.050+0900][3.263s][info][gc,heap     ] GC(112) Survivor regions: 1->1(31)
[2026-03-27T03:18:05.050+0900][3.263s][info][gc,heap     ] GC(112) Old regions: 1->1
[2026-03-27T03:18:05.050+0900][3.263s][info][gc,heap     ] GC(112) Archive regions: 0->0
[2026-03-27T03:18:05.050+0900][3.263s][info][gc,heap     ] GC(112) Humongous regions: 210->178
[2026-03-27T03:18:05.050+0900][3.263s][info][gc,metaspace] GC(112) Metaspace: 282K(512K)->282K(512K) NonClass: 270K(384K)->270K(384K) Class: 12K(128K)->12K(128K)
[2026-03-27T03:18:05.050+0900][3.263s][info][gc          ] GC(112) Pause Young (Concurrent Start) (G1 Humongous Allocation) 244M->179M(469M) 2.053ms
[2026-03-27T03:18:05.050+0900][3.263s][info][gc,cpu      ] GC(112) User=0.00s Sys=0.02s Real=0.00s
[2026-03-27T03:18:05.050+0900][3.263s][info][gc          ] GC(113) Concurrent Undo Cycle
[2026-03-27T03:18:05.050+0900][3.263s][info][gc,marking  ] GC(113) Concurrent Cleanup for Next Mark
[2026-03-27T03:18:05.050+0900][3.264s][info][gc,marking  ] GC(113) Concurrent Cleanup for Next Mark 0.349ms
[2026-03-27T03:18:05.050+0900][3.264s][info][gc          ] GC(113) Concurrent Undo Cycle 0.428ms
[2026-03-27T03:18:05.157+0900][3.371s][info][gc,start    ] GC(114) Pause Young (Concurrent Start) (G1 Humongous Allocation)
[2026-03-27T03:18:05.157+0900][3.371s][info][gc,task     ] GC(114) Using 11 workers of 14 for evacuation
[2026-03-27T03:18:05.158+0900][3.372s][info][gc,phases   ] GC(114)   Pre Evacuate Collection Set: 0.4ms
[2026-03-27T03:18:05.158+0900][3.372s][info][gc,phases   ] GC(114)   Merge Heap Roots: 0.3ms
[2026-03-27T03:18:05.158+0900][3.372s][info][gc,phases   ] GC(114)   Evacuate Collection Set: 0.2ms
[2026-03-27T03:18:05.158+0900][3.372s][info][gc,phases   ] GC(114)   Post Evacuate Collection Set: 0.3ms
[2026-03-27T03:18:05.158+0900][3.372s][info][gc,phases   ] GC(114)   Other: 0.3ms
[2026-03-27T03:18:05.158+0900][3.372s][info][gc,heap     ] GC(114) Eden regions: 34->0(241)
[2026-03-27T03:18:05.158+0900][3.372s][info][gc,heap     ] GC(114) Survivor regions: 1->1(31)
[2026-03-27T03:18:05.158+0900][3.372s][info][gc,heap     ] GC(114) Old regions: 1->1
[2026-03-27T03:18:05.158+0900][3.372s][info][gc,heap     ] GC(114) Archive regions: 0->0
[2026-03-27T03:18:05.158+0900][3.373s][info][gc,heap     ] GC(114) Humongous regions: 210->178
[2026-03-27T03:18:05.158+0900][3.373s][info][gc,metaspace] GC(114) Metaspace: 282K(512K)->282K(512K) NonClass: 270K(384K)->270K(384K) Class: 12K(128K)->12K(128K)
[2026-03-27T03:18:05.158+0900][3.373s][info][gc          ] GC(114) Pause Young (Concurrent Start) (G1 Humongous Allocation) 244M->179M(469M) 1.758ms
[2026-03-27T03:18:05.158+0900][3.373s][info][gc,cpu      ] GC(114) User=0.02s Sys=0.00s Real=0.00s
[2026-03-27T03:18:05.158+0900][3.373s][info][gc          ] GC(115) Concurrent Undo Cycle
[2026-03-27T03:18:05.159+0900][3.373s][info][gc,marking  ] GC(115) Concurrent Cleanup for Next Mark
[2026-03-27T03:18:05.159+0900][3.373s][info][gc,marking  ] GC(115) Concurrent Cleanup for Next Mark 0.289ms
[2026-03-27T03:18:05.159+0900][3.373s][info][gc          ] GC(115) Concurrent Undo Cycle 0.366ms
[2026-03-27T03:18:05.265+0900][3.479s][info][gc,start    ] GC(116) Pause Young (Concurrent Start) (G1 Humongous Allocation)
[2026-03-27T03:18:05.265+0900][3.479s][info][gc,task     ] GC(116) Using 11 workers of 14 for evacuation
[2026-03-27T03:18:05.265+0900][3.479s][info][gc,phases   ] GC(116)   Pre Evacuate Collection Set: 0.2ms
[2026-03-27T03:18:05.265+0900][3.479s][info][gc,phases   ] GC(116)   Merge Heap Roots: 0.1ms
[2026-03-27T03:18:05.265+0900][3.479s][info][gc,phases   ] GC(116)   Evacuate Collection Set: 0.2ms
[2026-03-27T03:18:05.265+0900][3.479s][info][gc,phases   ] GC(116)   Post Evacuate Collection Set: 0.3ms
[2026-03-27T03:18:05.265+0900][3.479s][info][gc,phases   ] GC(116)   Other: 0.1ms
[2026-03-27T03:18:05.266+0900][3.480s][info][gc,heap     ] GC(116) Eden regions: 34->0(241)
[2026-03-27T03:18:05.266+0900][3.480s][info][gc,heap     ] GC(116) Survivor regions: 1->1(31)
[2026-03-27T03:18:05.266+0900][3.480s][info][gc,heap     ] GC(116) Old regions: 1->1
[2026-03-27T03:18:05.266+0900][3.480s][info][gc,heap     ] GC(116) Archive regions: 0->0
[2026-03-27T03:18:05.266+0900][3.480s][info][gc,heap     ] GC(116) Humongous regions: 210->178
[2026-03-27T03:18:05.266+0900][3.480s][info][gc,metaspace] GC(116) Metaspace: 282K(512K)->282K(512K) NonClass: 270K(384K)->270K(384K) Class: 12K(128K)->12K(128K)
[2026-03-27T03:18:05.266+0900][3.480s][info][gc          ] GC(116) Pause Young (Concurrent Start) (G1 Humongous Allocation) 244M->179M(469M) 1.009ms
[2026-03-27T03:18:05.266+0900][3.480s][info][gc,cpu      ] GC(116) User=0.00s Sys=0.00s Real=0.00s
[2026-03-27T03:18:05.266+0900][3.480s][info][gc          ] GC(117) Concurrent Undo Cycle
[2026-03-27T03:18:05.266+0900][3.480s][info][gc,marking  ] GC(117) Concurrent Cleanup for Next Mark
[2026-03-27T03:18:05.266+0900][3.480s][info][gc,marking  ] GC(117) Concurrent Cleanup for Next Mark 0.267ms
[2026-03-27T03:18:05.266+0900][3.480s][info][gc          ] GC(117) Concurrent Undo Cycle 0.339ms
[2026-03-27T03:18:05.375+0900][3.589s][info][gc,start    ] GC(118) Pause Young (Concurrent Start) (G1 Humongous Allocation)
[2026-03-27T03:18:05.375+0900][3.589s][info][gc,task     ] GC(118) Using 11 workers of 14 for evacuation
[2026-03-27T03:18:05.377+0900][3.590s][info][gc,phases   ] GC(118)   Pre Evacuate Collection Set: 0.3ms
[2026-03-27T03:18:05.377+0900][3.590s][info][gc,phases   ] GC(118)   Merge Heap Roots: 0.2ms
[2026-03-27T03:18:05.377+0900][3.590s][info][gc,phases   ] GC(118)   Evacuate Collection Set: 0.4ms
[2026-03-27T03:18:05.377+0900][3.591s][info][gc,phases   ] GC(118)   Post Evacuate Collection Set: 0.5ms
[2026-03-27T03:18:05.377+0900][3.591s][info][gc,phases   ] GC(118)   Other: 0.3ms
[2026-03-27T03:18:05.377+0900][3.591s][info][gc,heap     ] GC(118) Eden regions: 34->0(241)
[2026-03-27T03:18:05.377+0900][3.591s][info][gc,heap     ] GC(118) Survivor regions: 1->1(31)
[2026-03-27T03:18:05.377+0900][3.591s][info][gc,heap     ] GC(118) Old regions: 1->1
[2026-03-27T03:18:05.377+0900][3.591s][info][gc,heap     ] GC(118) Archive regions: 0->0
[2026-03-27T03:18:05.377+0900][3.591s][info][gc,heap     ] GC(118) Humongous regions: 210->178
[2026-03-27T03:18:05.377+0900][3.591s][info][gc,metaspace] GC(118) Metaspace: 282K(512K)->282K(512K) NonClass: 270K(384K)->270K(384K) Class: 12K(128K)->12K(128K)
[2026-03-27T03:18:05.377+0900][3.591s][info][gc          ] GC(118) Pause Young (Concurrent Start) (G1 Humongous Allocation) 244M->179M(469M) 1.828ms
[2026-03-27T03:18:05.377+0900][3.591s][info][gc,cpu      ] GC(118) User=0.03s Sys=0.02s Real=0.00s
[2026-03-27T03:18:05.377+0900][3.591s][info][gc          ] GC(119) Concurrent Undo Cycle
[2026-03-27T03:18:05.377+0900][3.591s][info][gc,marking  ] GC(119) Concurrent Cleanup for Next Mark
[2026-03-27T03:18:05.377+0900][3.591s][info][gc,marking  ] GC(119) Concurrent Cleanup for Next Mark 0.281ms
[2026-03-27T03:18:05.377+0900][3.591s][info][gc          ] GC(119) Concurrent Undo Cycle 0.358ms
[2026-03-27T03:18:05.485+0900][3.699s][info][gc,start    ] GC(120) Pause Young (Concurrent Start) (G1 Humongous Allocation)
[2026-03-27T03:18:05.485+0900][3.699s][info][gc,task     ] GC(120) Using 11 workers of 14 for evacuation
[2026-03-27T03:18:05.488+0900][3.701s][info][gc,phases   ] GC(120)   Pre Evacuate Collection Set: 0.4ms
[2026-03-27T03:18:05.488+0900][3.701s][info][gc,phases   ] GC(120)   Merge Heap Roots: 0.3ms
[2026-03-27T03:18:05.488+0900][3.702s][info][gc,phases   ] GC(120)   Evacuate Collection Set: 0.6ms
[2026-03-27T03:18:05.488+0900][3.702s][info][gc,phases   ] GC(120)   Post Evacuate Collection Set: 1.1ms
[2026-03-27T03:18:05.488+0900][3.702s][info][gc,phases   ] GC(120)   Other: 0.3ms
[2026-03-27T03:18:05.488+0900][3.702s][info][gc,heap     ] GC(120) Eden regions: 34->0(241)
[2026-03-27T03:18:05.488+0900][3.702s][info][gc,heap     ] GC(120) Survivor regions: 1->1(31)
[2026-03-27T03:18:05.488+0900][3.702s][info][gc,heap     ] GC(120) Old regions: 1->1
[2026-03-27T03:18:05.488+0900][3.702s][info][gc,heap     ] GC(120) Archive regions: 0->0
[2026-03-27T03:18:05.488+0900][3.702s][info][gc,heap     ] GC(120) Humongous regions: 210->178
[2026-03-27T03:18:05.488+0900][3.702s][info][gc,metaspace] GC(120) Metaspace: 282K(512K)->282K(512K) NonClass: 270K(384K)->270K(384K) Class: 12K(128K)->12K(128K)
[2026-03-27T03:18:05.488+0900][3.702s][info][gc          ] GC(120) Pause Young (Concurrent Start) (G1 Humongous Allocation) 244M->179M(469M) 3.225ms
[2026-03-27T03:18:05.488+0900][3.702s][info][gc,cpu      ] GC(120) User=0.00s Sys=0.02s Real=0.00s
[2026-03-27T03:18:05.489+0900][3.702s][info][gc          ] GC(121) Concurrent Undo Cycle
[2026-03-27T03:18:05.489+0900][3.702s][info][gc,marking  ] GC(121) Concurrent Cleanup for Next Mark
[2026-03-27T03:18:05.489+0900][3.703s][info][gc,marking  ] GC(121) Concurrent Cleanup for Next Mark 0.550ms
[2026-03-27T03:18:05.489+0900][3.703s][info][gc          ] GC(121) Concurrent Undo Cycle 0.722ms
[2026-03-27T03:18:05.606+0900][3.820s][info][gc,start    ] GC(122) Pause Young (Concurrent Start) (G1 Humongous Allocation)
[2026-03-27T03:18:05.606+0900][3.820s][info][gc,task     ] GC(122) Using 11 workers of 14 for evacuation
[2026-03-27T03:18:05.608+0900][3.821s][info][gc,phases   ] GC(122)   Pre Evacuate Collection Set: 0.1ms
[2026-03-27T03:18:05.608+0900][3.821s][info][gc,phases   ] GC(122)   Merge Heap Roots: 0.2ms
[2026-03-27T03:18:05.608+0900][3.821s][info][gc,phases   ] GC(122)   Evacuate Collection Set: 0.3ms
[2026-03-27T03:18:05.608+0900][3.821s][info][gc,phases   ] GC(122)   Post Evacuate Collection Set: 0.5ms
[2026-03-27T03:18:05.608+0900][3.821s][info][gc,phases   ] GC(122)   Other: 0.2ms
[2026-03-27T03:18:05.608+0900][3.821s][info][gc,heap     ] GC(122) Eden regions: 34->0(241)
[2026-03-27T03:18:05.608+0900][3.821s][info][gc,heap     ] GC(122) Survivor regions: 1->1(31)
[2026-03-27T03:18:05.608+0900][3.821s][info][gc,heap     ] GC(122) Old regions: 1->1
[2026-03-27T03:18:05.608+0900][3.821s][info][gc,heap     ] GC(122) Archive regions: 0->0
[2026-03-27T03:18:05.608+0900][3.821s][info][gc,heap     ] GC(122) Humongous regions: 210->178
[2026-03-27T03:18:05.608+0900][3.821s][info][gc,metaspace] GC(122) Metaspace: 282K(512K)->282K(512K) NonClass: 270K(384K)->270K(384K) Class: 12K(128K)->12K(128K)
[2026-03-27T03:18:05.608+0900][3.821s][info][gc          ] GC(122) Pause Young (Concurrent Start) (G1 Humongous Allocation) 244M->179M(469M) 1.353ms
[2026-03-27T03:18:05.608+0900][3.821s][info][gc,cpu      ] GC(122) User=0.00s Sys=0.00s Real=0.00s
[2026-03-27T03:18:05.608+0900][3.821s][info][gc          ] GC(123) Concurrent Undo Cycle
[2026-03-27T03:18:05.608+0900][3.821s][info][gc,marking  ] GC(123) Concurrent Cleanup for Next Mark
[2026-03-27T03:18:05.608+0900][3.822s][info][gc,marking  ] GC(123) Concurrent Cleanup for Next Mark 0.256ms
[2026-03-27T03:18:05.608+0900][3.822s][info][gc          ] GC(123) Concurrent Undo Cycle 0.313ms
[2026-03-27T03:18:05.715+0900][3.929s][info][gc,start    ] GC(124) Pause Young (Concurrent Start) (G1 Humongous Allocation)
[2026-03-27T03:18:05.715+0900][3.929s][info][gc,task     ] GC(124) Using 11 workers of 14 for evacuation
[2026-03-27T03:18:05.716+0900][3.930s][info][gc,phases   ] GC(124)   Pre Evacuate Collection Set: 0.1ms
[2026-03-27T03:18:05.716+0900][3.930s][info][gc,phases   ] GC(124)   Merge Heap Roots: 0.1ms
[2026-03-27T03:18:05.716+0900][3.930s][info][gc,phases   ] GC(124)   Evacuate Collection Set: 0.3ms
[2026-03-27T03:18:05.716+0900][3.930s][info][gc,phases   ] GC(124)   Post Evacuate Collection Set: 0.3ms
[2026-03-27T03:18:05.716+0900][3.930s][info][gc,phases   ] GC(124)   Other: 0.2ms
[2026-03-27T03:18:05.716+0900][3.930s][info][gc,heap     ] GC(124) Eden regions: 34->0(241)
[2026-03-27T03:18:05.716+0900][3.930s][info][gc,heap     ] GC(124) Survivor regions: 1->1(31)
[2026-03-27T03:18:05.716+0900][3.930s][info][gc,heap     ] GC(124) Old regions: 1->1
[2026-03-27T03:18:05.716+0900][3.930s][info][gc,heap     ] GC(124) Archive regions: 0->0
[2026-03-27T03:18:05.716+0900][3.930s][info][gc,heap     ] GC(124) Humongous regions: 210->178
[2026-03-27T03:18:05.716+0900][3.930s][info][gc,metaspace] GC(124) Metaspace: 282K(512K)->282K(512K) NonClass: 270K(384K)->270K(384K) Class: 12K(128K)->12K(128K)
[2026-03-27T03:18:05.716+0900][3.930s][info][gc          ] GC(124) Pause Young (Concurrent Start) (G1 Humongous Allocation) 244M->179M(469M) 1.047ms
[2026-03-27T03:18:05.716+0900][3.930s][info][gc,cpu      ] GC(124) User=0.00s Sys=0.00s Real=0.00s
[2026-03-27T03:18:05.716+0900][3.930s][info][gc          ] GC(125) Concurrent Undo Cycle
[2026-03-27T03:18:05.716+0900][3.930s][info][gc,marking  ] GC(125) Concurrent Cleanup for Next Mark
[2026-03-27T03:18:05.716+0900][3.930s][info][gc,marking  ] GC(125) Concurrent Cleanup for Next Mark 0.307ms
[2026-03-27T03:18:05.717+0900][3.930s][info][gc          ] GC(125) Concurrent Undo Cycle 0.398ms
[2026-03-27T03:18:05.824+0900][4.038s][info][gc,start    ] GC(126) Pause Young (Concurrent Start) (G1 Humongous Allocation)
[2026-03-27T03:18:05.824+0900][4.038s][info][gc,task     ] GC(126) Using 11 workers of 14 for evacuation
[2026-03-27T03:18:05.826+0900][4.039s][info][gc,phases   ] GC(126)   Pre Evacuate Collection Set: 0.2ms
[2026-03-27T03:18:05.826+0900][4.039s][info][gc,phases   ] GC(126)   Merge Heap Roots: 0.2ms
[2026-03-27T03:18:05.826+0900][4.039s][info][gc,phases   ] GC(126)   Evacuate Collection Set: 0.4ms
[2026-03-27T03:18:05.826+0900][4.039s][info][gc,phases   ] GC(126)   Post Evacuate Collection Set: 0.5ms
[2026-03-27T03:18:05.826+0900][4.039s][info][gc,phases   ] GC(126)   Other: 0.2ms
[2026-03-27T03:18:05.826+0900][4.039s][info][gc,heap     ] GC(126) Eden regions: 34->0(241)
[2026-03-27T03:18:05.826+0900][4.039s][info][gc,heap     ] GC(126) Survivor regions: 1->1(31)
[2026-03-27T03:18:05.826+0900][4.039s][info][gc,heap     ] GC(126) Old regions: 1->1
[2026-03-27T03:18:05.826+0900][4.039s][info][gc,heap     ] GC(126) Archive regions: 0->0
[2026-03-27T03:18:05.826+0900][4.039s][info][gc,heap     ] GC(126) Humongous regions: 210->178
[2026-03-27T03:18:05.826+0900][4.039s][info][gc,metaspace] GC(126) Metaspace: 282K(512K)->282K(512K) NonClass: 270K(384K)->270K(384K) Class: 12K(128K)->12K(128K)
[2026-03-27T03:18:05.826+0900][4.039s][info][gc          ] GC(126) Pause Young (Concurrent Start) (G1 Humongous Allocation) 244M->179M(469M) 1.626ms
[2026-03-27T03:18:05.826+0900][4.039s][info][gc,cpu      ] GC(126) User=0.00s Sys=0.00s Real=0.00s
[2026-03-27T03:18:05.826+0900][4.039s][info][gc          ] GC(127) Concurrent Undo Cycle
[2026-03-27T03:18:05.826+0900][4.040s][info][gc,marking  ] GC(127) Concurrent Cleanup for Next Mark
[2026-03-27T03:18:05.826+0900][4.040s][info][gc,marking  ] GC(127) Concurrent Cleanup for Next Mark 0.314ms
[2026-03-27T03:18:05.826+0900][4.040s][info][gc          ] GC(127) Concurrent Undo Cycle 0.421ms
[2026-03-27T03:18:05.932+0900][4.146s][info][gc,start    ] GC(128) Pause Young (Concurrent Start) (G1 Humongous Allocation)
[2026-03-27T03:18:05.933+0900][4.146s][info][gc,task     ] GC(128) Using 11 workers of 14 for evacuation
[2026-03-27T03:18:05.934+0900][4.148s][info][gc,phases   ] GC(128)   Pre Evacuate Collection Set: 0.2ms
[2026-03-27T03:18:05.934+0900][4.148s][info][gc,phases   ] GC(128)   Merge Heap Roots: 0.2ms
[2026-03-27T03:18:05.934+0900][4.148s][info][gc,phases   ] GC(128)   Evacuate Collection Set: 0.6ms
[2026-03-27T03:18:05.934+0900][4.148s][info][gc,phases   ] GC(128)   Post Evacuate Collection Set: 0.6ms
[2026-03-27T03:18:05.934+0900][4.148s][info][gc,phases   ] GC(128)   Other: 0.2ms
[2026-03-27T03:18:05.934+0900][4.148s][info][gc,heap     ] GC(128) Eden regions: 34->0(241)
[2026-03-27T03:18:05.934+0900][4.148s][info][gc,heap     ] GC(128) Survivor regions: 1->1(31)
[2026-03-27T03:18:05.934+0900][4.148s][info][gc,heap     ] GC(128) Old regions: 1->1
[2026-03-27T03:18:05.934+0900][4.148s][info][gc,heap     ] GC(128) Archive regions: 0->0
[2026-03-27T03:18:05.934+0900][4.148s][info][gc,heap     ] GC(128) Humongous regions: 210->178
[2026-03-27T03:18:05.934+0900][4.148s][info][gc,metaspace] GC(128) Metaspace: 282K(512K)->282K(512K) NonClass: 270K(384K)->270K(384K) Class: 12K(128K)->12K(128K)
[2026-03-27T03:18:05.934+0900][4.148s][info][gc          ] GC(128) Pause Young (Concurrent Start) (G1 Humongous Allocation) 244M->179M(469M) 1.909ms
[2026-03-27T03:18:05.934+0900][4.148s][info][gc,cpu      ] GC(128) User=0.00s Sys=0.00s Real=0.00s
[2026-03-27T03:18:05.934+0900][4.148s][info][gc          ] GC(129) Concurrent Undo Cycle
[2026-03-27T03:18:05.934+0900][4.148s][info][gc,marking  ] GC(129) Concurrent Cleanup for Next Mark
[2026-03-27T03:18:05.935+0900][4.148s][info][gc,marking  ] GC(129) Concurrent Cleanup for Next Mark 0.380ms
[2026-03-27T03:18:05.935+0900][4.149s][info][gc          ] GC(129) Concurrent Undo Cycle 0.488ms
[2026-03-27T03:18:06.043+0900][4.256s][info][gc,start    ] GC(130) Pause Young (Concurrent Start) (G1 Humongous Allocation)
[2026-03-27T03:18:06.043+0900][4.256s][info][gc,task     ] GC(130) Using 11 workers of 14 for evacuation
[2026-03-27T03:18:06.044+0900][4.257s][info][gc,phases   ] GC(130)   Pre Evacuate Collection Set: 0.2ms
[2026-03-27T03:18:06.044+0900][4.258s][info][gc,phases   ] GC(130)   Merge Heap Roots: 0.2ms
[2026-03-27T03:18:06.044+0900][4.258s][info][gc,phases   ] GC(130)   Evacuate Collection Set: 0.5ms
[2026-03-27T03:18:06.044+0900][4.258s][info][gc,phases   ] GC(130)   Post Evacuate Collection Set: 0.5ms
[2026-03-27T03:18:06.044+0900][4.258s][info][gc,phases   ] GC(130)   Other: 0.2ms
[2026-03-27T03:18:06.044+0900][4.258s][info][gc,heap     ] GC(130) Eden regions: 34->0(241)
[2026-03-27T03:18:06.044+0900][4.258s][info][gc,heap     ] GC(130) Survivor regions: 1->1(31)
[2026-03-27T03:18:06.044+0900][4.258s][info][gc,heap     ] GC(130) Old regions: 1->1
[2026-03-27T03:18:06.044+0900][4.258s][info][gc,heap     ] GC(130) Archive regions: 0->0
[2026-03-27T03:18:06.044+0900][4.258s][info][gc,heap     ] GC(130) Humongous regions: 210->178
[2026-03-27T03:18:06.044+0900][4.258s][info][gc,metaspace] GC(130) Metaspace: 282K(512K)->282K(512K) NonClass: 270K(384K)->270K(384K) Class: 12K(128K)->12K(128K)
[2026-03-27T03:18:06.044+0900][4.258s][info][gc          ] GC(130) Pause Young (Concurrent Start) (G1 Humongous Allocation) 244M->179M(469M) 1.727ms
[2026-03-27T03:18:06.044+0900][4.258s][info][gc,cpu      ] GC(130) User=0.00s Sys=0.00s Real=0.00s
[2026-03-27T03:18:06.044+0900][4.258s][info][gc          ] GC(131) Concurrent Undo Cycle
[2026-03-27T03:18:06.044+0900][4.258s][info][gc,marking  ] GC(131) Concurrent Cleanup for Next Mark
[2026-03-27T03:18:06.044+0900][4.258s][info][gc,marking  ] GC(131) Concurrent Cleanup for Next Mark 0.290ms
[2026-03-27T03:18:06.044+0900][4.258s][info][gc          ] GC(131) Concurrent Undo Cycle 0.375ms
[2026-03-27T03:18:06.155+0900][4.368s][info][gc,start    ] GC(132) Pause Young (Concurrent Start) (G1 Humongous Allocation)
[2026-03-27T03:18:06.155+0900][4.368s][info][gc,task     ] GC(132) Using 11 workers of 14 for evacuation
[2026-03-27T03:18:06.156+0900][4.370s][info][gc,phases   ] GC(132)   Pre Evacuate Collection Set: 0.2ms
[2026-03-27T03:18:06.156+0900][4.370s][info][gc,phases   ] GC(132)   Merge Heap Roots: 0.2ms
[2026-03-27T03:18:06.156+0900][4.370s][info][gc,phases   ] GC(132)   Evacuate Collection Set: 0.4ms
[2026-03-27T03:18:06.156+0900][4.370s][info][gc,phases   ] GC(132)   Post Evacuate Collection Set: 0.6ms
[2026-03-27T03:18:06.156+0900][4.370s][info][gc,phases   ] GC(132)   Other: 0.2ms
[2026-03-27T03:18:06.156+0900][4.370s][info][gc,heap     ] GC(132) Eden regions: 34->0(241)
[2026-03-27T03:18:06.156+0900][4.370s][info][gc,heap     ] GC(132) Survivor regions: 1->1(31)
[2026-03-27T03:18:06.156+0900][4.370s][info][gc,heap     ] GC(132) Old regions: 1->1
[2026-03-27T03:18:06.156+0900][4.370s][info][gc,heap     ] GC(132) Archive regions: 0->0
[2026-03-27T03:18:06.156+0900][4.370s][info][gc,heap     ] GC(132) Humongous regions: 210->178
[2026-03-27T03:18:06.156+0900][4.370s][info][gc,metaspace] GC(132) Metaspace: 282K(512K)->282K(512K) NonClass: 270K(384K)->270K(384K) Class: 12K(128K)->12K(128K)
[2026-03-27T03:18:06.156+0900][4.370s][info][gc          ] GC(132) Pause Young (Concurrent Start) (G1 Humongous Allocation) 244M->179M(469M) 1.687ms
[2026-03-27T03:18:06.156+0900][4.370s][info][gc,cpu      ] GC(132) User=0.00s Sys=0.00s Real=0.00s
[2026-03-27T03:18:06.156+0900][4.370s][info][gc          ] GC(133) Concurrent Undo Cycle
[2026-03-27T03:18:06.156+0900][4.370s][info][gc,marking  ] GC(133) Concurrent Cleanup for Next Mark
[2026-03-27T03:18:06.157+0900][4.370s][info][gc,marking  ] GC(133) Concurrent Cleanup for Next Mark 0.307ms
[2026-03-27T03:18:06.157+0900][4.370s][info][gc          ] GC(133) Concurrent Undo Cycle 0.399ms
[2026-03-27T03:18:06.262+0900][4.477s][info][gc,start    ] GC(134) Pause Young (Concurrent Start) (G1 Humongous Allocation)
[2026-03-27T03:18:06.262+0900][4.477s][info][gc,task     ] GC(134) Using 11 workers of 14 for evacuation
[2026-03-27T03:18:06.264+0900][4.478s][info][gc,phases   ] GC(134)   Pre Evacuate Collection Set: 0.2ms
[2026-03-27T03:18:06.264+0900][4.478s][info][gc,phases   ] GC(134)   Merge Heap Roots: 0.2ms
[2026-03-27T03:18:06.264+0900][4.478s][info][gc,phases   ] GC(134)   Evacuate Collection Set: 0.3ms
[2026-03-27T03:18:06.264+0900][4.478s][info][gc,phases   ] GC(134)   Post Evacuate Collection Set: 0.8ms
[2026-03-27T03:18:06.264+0900][4.478s][info][gc,phases   ] GC(134)   Other: 0.2ms
[2026-03-27T03:18:06.264+0900][4.478s][info][gc,heap     ] GC(134) Eden regions: 34->0(241)
[2026-03-27T03:18:06.264+0900][4.478s][info][gc,heap     ] GC(134) Survivor regions: 1->1(31)
[2026-03-27T03:18:06.264+0900][4.478s][info][gc,heap     ] GC(134) Old regions: 1->1
[2026-03-27T03:18:06.264+0900][4.478s][info][gc,heap     ] GC(134) Archive regions: 0->0
[2026-03-27T03:18:06.264+0900][4.478s][info][gc,heap     ] GC(134) Humongous regions: 210->178
[2026-03-27T03:18:06.264+0900][4.478s][info][gc,metaspace] GC(134) Metaspace: 282K(512K)->282K(512K) NonClass: 270K(384K)->270K(384K) Class: 12K(128K)->12K(128K)
[2026-03-27T03:18:06.264+0900][4.479s][info][gc          ] GC(134) Pause Young (Concurrent Start) (G1 Humongous Allocation) 244M->179M(469M) 1.891ms
[2026-03-27T03:18:06.264+0900][4.479s][info][gc,cpu      ] GC(134) User=0.00s Sys=0.00s Real=0.00s
[2026-03-27T03:18:06.264+0900][4.479s][info][gc          ] GC(135) Concurrent Undo Cycle
[2026-03-27T03:18:06.264+0900][4.479s][info][gc,marking  ] GC(135) Concurrent Cleanup for Next Mark
[2026-03-27T03:18:06.265+0900][4.479s][info][gc,marking  ] GC(135) Concurrent Cleanup for Next Mark 0.286ms
[2026-03-27T03:18:06.265+0900][4.479s][info][gc          ] GC(135) Concurrent Undo Cycle 0.353ms
[2026-03-27T03:18:06.370+0900][4.585s][info][gc,start    ] GC(136) Pause Young (Concurrent Start) (G1 Humongous Allocation)
[2026-03-27T03:18:06.370+0900][4.585s][info][gc,task     ] GC(136) Using 11 workers of 14 for evacuation
[2026-03-27T03:18:06.372+0900][4.586s][info][gc,phases   ] GC(136)   Pre Evacuate Collection Set: 0.2ms
[2026-03-27T03:18:06.372+0900][4.586s][info][gc,phases   ] GC(136)   Merge Heap Roots: 0.2ms
[2026-03-27T03:18:06.372+0900][4.586s][info][gc,phases   ] GC(136)   Evacuate Collection Set: 0.5ms
[2026-03-27T03:18:06.372+0900][4.586s][info][gc,phases   ] GC(136)   Post Evacuate Collection Set: 0.7ms
[2026-03-27T03:18:06.372+0900][4.586s][info][gc,phases   ] GC(136)   Other: 0.2ms
[2026-03-27T03:18:06.372+0900][4.586s][info][gc,heap     ] GC(136) Eden regions: 34->0(241)
[2026-03-27T03:18:06.372+0900][4.586s][info][gc,heap     ] GC(136) Survivor regions: 1->1(31)
[2026-03-27T03:18:06.372+0900][4.586s][info][gc,heap     ] GC(136) Old regions: 1->1
[2026-03-27T03:18:06.372+0900][4.586s][info][gc,heap     ] GC(136) Archive regions: 0->0
[2026-03-27T03:18:06.372+0900][4.587s][info][gc,heap     ] GC(136) Humongous regions: 210->178
[2026-03-27T03:18:06.372+0900][4.587s][info][gc,metaspace] GC(136) Metaspace: 282K(512K)->282K(512K) NonClass: 270K(384K)->270K(384K) Class: 12K(128K)->12K(128K)
[2026-03-27T03:18:06.372+0900][4.587s][info][gc          ] GC(136) Pause Young (Concurrent Start) (G1 Humongous Allocation) 244M->179M(469M) 1.955ms
[2026-03-27T03:18:06.372+0900][4.587s][info][gc,cpu      ] GC(136) User=0.00s Sys=0.00s Real=0.00s
[2026-03-27T03:18:06.372+0900][4.587s][info][gc          ] GC(137) Concurrent Undo Cycle
[2026-03-27T03:18:06.372+0900][4.587s][info][gc,marking  ] GC(137) Concurrent Cleanup for Next Mark
[2026-03-27T03:18:06.374+0900][4.587s][info][gc,marking  ] GC(137) Concurrent Cleanup for Next Mark 0.298ms
[2026-03-27T03:18:06.374+0900][4.587s][info][gc          ] GC(137) Concurrent Undo Cycle 0.396ms
[2026-03-27T03:18:06.481+0900][4.694s][info][gc,start    ] GC(138) Pause Young (Concurrent Start) (G1 Humongous Allocation)
[2026-03-27T03:18:06.481+0900][4.694s][info][gc,task     ] GC(138) Using 11 workers of 14 for evacuation
[2026-03-27T03:18:06.483+0900][4.696s][info][gc,phases   ] GC(138)   Pre Evacuate Collection Set: 0.3ms
[2026-03-27T03:18:06.483+0900][4.696s][info][gc,phases   ] GC(138)   Merge Heap Roots: 0.3ms
[2026-03-27T03:18:06.483+0900][4.696s][info][gc,phases   ] GC(138)   Evacuate Collection Set: 0.5ms
[2026-03-27T03:18:06.483+0900][4.696s][info][gc,phases   ] GC(138)   Post Evacuate Collection Set: 0.9ms
[2026-03-27T03:18:06.483+0900][4.696s][info][gc,phases   ] GC(138)   Other: 0.2ms
[2026-03-27T03:18:06.483+0900][4.696s][info][gc,heap     ] GC(138) Eden regions: 34->0(241)
[2026-03-27T03:18:06.483+0900][4.696s][info][gc,heap     ] GC(138) Survivor regions: 1->1(31)
[2026-03-27T03:18:06.483+0900][4.696s][info][gc,heap     ] GC(138) Old regions: 1->1
[2026-03-27T03:18:06.483+0900][4.696s][info][gc,heap     ] GC(138) Archive regions: 0->0
[2026-03-27T03:18:06.483+0900][4.696s][info][gc,heap     ] GC(138) Humongous regions: 210->178
[2026-03-27T03:18:06.483+0900][4.696s][info][gc,metaspace] GC(138) Metaspace: 282K(512K)->282K(512K) NonClass: 270K(384K)->270K(384K) Class: 12K(128K)->12K(128K)
[2026-03-27T03:18:06.483+0900][4.696s][info][gc          ] GC(138) Pause Young (Concurrent Start) (G1 Humongous Allocation) 244M->179M(469M) 2.228ms
[2026-03-27T03:18:06.483+0900][4.696s][info][gc,cpu      ] GC(138) User=0.00s Sys=0.00s Real=0.00s
[2026-03-27T03:18:06.483+0900][4.697s][info][gc          ] GC(139) Concurrent Undo Cycle
[2026-03-27T03:18:06.483+0900][4.697s][info][gc,marking  ] GC(139) Concurrent Cleanup for Next Mark
[2026-03-27T03:18:06.484+0900][4.697s][info][gc,marking  ] GC(139) Concurrent Cleanup for Next Mark 0.375ms
[2026-03-27T03:18:06.484+0900][4.697s][info][gc          ] GC(139) Concurrent Undo Cycle 0.468ms
[2026-03-27T03:18:06.591+0900][4.805s][info][gc,start    ] GC(140) Pause Young (Concurrent Start) (G1 Humongous Allocation)
[2026-03-27T03:18:06.591+0900][4.805s][info][gc,task     ] GC(140) Using 11 workers of 14 for evacuation
[2026-03-27T03:18:06.592+0900][4.806s][info][gc,phases   ] GC(140)   Pre Evacuate Collection Set: 0.1ms
[2026-03-27T03:18:06.592+0900][4.806s][info][gc,phases   ] GC(140)   Merge Heap Roots: 0.2ms
[2026-03-27T03:18:06.592+0900][4.806s][info][gc,phases   ] GC(140)   Evacuate Collection Set: 0.4ms
[2026-03-27T03:18:06.592+0900][4.806s][info][gc,phases   ] GC(140)   Post Evacuate Collection Set: 0.5ms
[2026-03-27T03:18:06.592+0900][4.806s][info][gc,phases   ] GC(140)   Other: 0.2ms
[2026-03-27T03:18:06.592+0900][4.806s][info][gc,heap     ] GC(140) Eden regions: 34->0(241)
[2026-03-27T03:18:06.592+0900][4.806s][info][gc,heap     ] GC(140) Survivor regions: 1->1(31)
[2026-03-27T03:18:06.592+0900][4.806s][info][gc,heap     ] GC(140) Old regions: 1->1
[2026-03-27T03:18:06.592+0900][4.806s][info][gc,heap     ] GC(140) Archive regions: 0->0
[2026-03-27T03:18:06.592+0900][4.806s][info][gc,heap     ] GC(140) Humongous regions: 210->178
[2026-03-27T03:18:06.592+0900][4.806s][info][gc,metaspace] GC(140) Metaspace: 282K(512K)->282K(512K) NonClass: 270K(384K)->270K(384K) Class: 12K(128K)->12K(128K)
[2026-03-27T03:18:06.592+0900][4.806s][info][gc          ] GC(140) Pause Young (Concurrent Start) (G1 Humongous Allocation) 244M->179M(469M) 1.397ms
[2026-03-27T03:18:06.592+0900][4.806s][info][gc,cpu      ] GC(140) User=0.00s Sys=0.00s Real=0.00s
[2026-03-27T03:18:06.592+0900][4.806s][info][gc          ] GC(141) Concurrent Undo Cycle
[2026-03-27T03:18:06.592+0900][4.806s][info][gc,marking  ] GC(141) Concurrent Cleanup for Next Mark
[2026-03-27T03:18:06.593+0900][4.807s][info][gc,marking  ] GC(141) Concurrent Cleanup for Next Mark 0.292ms
[2026-03-27T03:18:06.593+0900][4.807s][info][gc          ] GC(141) Concurrent Undo Cycle 0.371ms
[2026-03-27T03:18:06.700+0900][4.914s][info][gc,start    ] GC(142) Pause Young (Concurrent Start) (G1 Humongous Allocation)
[2026-03-27T03:18:06.700+0900][4.914s][info][gc,task     ] GC(142) Using 11 workers of 14 for evacuation
[2026-03-27T03:18:06.701+0900][4.915s][info][gc,phases   ] GC(142)   Pre Evacuate Collection Set: 0.2ms
[2026-03-27T03:18:06.701+0900][4.916s][info][gc,phases   ] GC(142)   Merge Heap Roots: 0.2ms
[2026-03-27T03:18:06.701+0900][4.916s][info][gc,phases   ] GC(142)   Evacuate Collection Set: 0.5ms
[2026-03-27T03:18:06.701+0900][4.916s][info][gc,phases   ] GC(142)   Post Evacuate Collection Set: 0.8ms
[2026-03-27T03:18:06.701+0900][4.916s][info][gc,phases   ] GC(142)   Other: 0.2ms
[2026-03-27T03:18:06.701+0900][4.916s][info][gc,heap     ] GC(142) Eden regions: 34->0(241)
[2026-03-27T03:18:06.701+0900][4.916s][info][gc,heap     ] GC(142) Survivor regions: 1->1(31)
[2026-03-27T03:18:06.701+0900][4.916s][info][gc,heap     ] GC(142) Old regions: 1->1
[2026-03-27T03:18:06.701+0900][4.916s][info][gc,heap     ] GC(142) Archive regions: 0->0
[2026-03-27T03:18:06.701+0900][4.916s][info][gc,heap     ] GC(142) Humongous regions: 210->178
[2026-03-27T03:18:06.701+0900][4.916s][info][gc,metaspace] GC(142) Metaspace: 282K(512K)->282K(512K) NonClass: 270K(384K)->270K(384K) Class: 12K(128K)->12K(128K)
[2026-03-27T03:18:06.701+0900][4.916s][info][gc          ] GC(142) Pause Young (Concurrent Start) (G1 Humongous Allocation) 244M->179M(469M) 2.034ms
[2026-03-27T03:18:06.702+0900][4.916s][info][gc,cpu      ] GC(142) User=0.00s Sys=0.00s Real=0.00s
[2026-03-27T03:18:06.702+0900][4.916s][info][gc          ] GC(143) Concurrent Undo Cycle
[2026-03-27T03:18:06.702+0900][4.916s][info][gc,marking  ] GC(143) Concurrent Cleanup for Next Mark
[2026-03-27T03:18:06.702+0900][4.916s][info][gc,marking  ] GC(143) Concurrent Cleanup for Next Mark 0.285ms
[2026-03-27T03:18:06.702+0900][4.916s][info][gc          ] GC(143) Concurrent Undo Cycle 0.358ms
[2026-03-27T03:18:06.823+0900][5.037s][info][gc,start    ] GC(144) Pause Young (Concurrent Start) (G1 Humongous Allocation)
[2026-03-27T03:18:06.823+0900][5.037s][info][gc,task     ] GC(144) Using 11 workers of 14 for evacuation
[2026-03-27T03:18:06.825+0900][5.039s][info][gc,phases   ] GC(144)   Pre Evacuate Collection Set: 0.2ms
[2026-03-27T03:18:06.825+0900][5.039s][info][gc,phases   ] GC(144)   Merge Heap Roots: 0.3ms
[2026-03-27T03:18:06.825+0900][5.039s][info][gc,phases   ] GC(144)   Evacuate Collection Set: 0.6ms
[2026-03-27T03:18:06.825+0900][5.039s][info][gc,phases   ] GC(144)   Post Evacuate Collection Set: 0.7ms
[2026-03-27T03:18:06.825+0900][5.039s][info][gc,phases   ] GC(144)   Other: 0.2ms
[2026-03-27T03:18:06.825+0900][5.039s][info][gc,heap     ] GC(144) Eden regions: 34->0(241)
[2026-03-27T03:18:06.825+0900][5.039s][info][gc,heap     ] GC(144) Survivor regions: 1->1(31)
[2026-03-27T03:18:06.825+0900][5.039s][info][gc,heap     ] GC(144) Old regions: 1->1
[2026-03-27T03:18:06.825+0900][5.039s][info][gc,heap     ] GC(144) Archive regions: 0->0
[2026-03-27T03:18:06.825+0900][5.039s][info][gc,heap     ] GC(144) Humongous regions: 210->178
[2026-03-27T03:18:06.825+0900][5.039s][info][gc,metaspace] GC(144) Metaspace: 282K(512K)->282K(512K) NonClass: 270K(384K)->270K(384K) Class: 12K(128K)->12K(128K)
[2026-03-27T03:18:06.825+0900][5.039s][info][gc          ] GC(144) Pause Young (Concurrent Start) (G1 Humongous Allocation) 244M->179M(469M) 2.185ms
[2026-03-27T03:18:06.825+0900][5.039s][info][gc,cpu      ] GC(144) User=0.00s Sys=0.00s Real=0.00s
[2026-03-27T03:18:06.825+0900][5.039s][info][gc          ] GC(145) Concurrent Undo Cycle
[2026-03-27T03:18:06.825+0900][5.039s][info][gc,marking  ] GC(145) Concurrent Cleanup for Next Mark
[2026-03-27T03:18:06.825+0900][5.039s][info][gc,marking  ] GC(145) Concurrent Cleanup for Next Mark 0.309ms
[2026-03-27T03:18:06.825+0900][5.039s][info][gc          ] GC(145) Concurrent Undo Cycle 0.403ms
[2026-03-27T03:18:06.933+0900][5.147s][info][gc,start    ] GC(146) Pause Young (Concurrent Start) (G1 Humongous Allocation)
[2026-03-27T03:18:06.933+0900][5.147s][info][gc,task     ] GC(146) Using 11 workers of 14 for evacuation
[2026-03-27T03:18:06.935+0900][5.149s][info][gc,phases   ] GC(146)   Pre Evacuate Collection Set: 0.3ms
[2026-03-27T03:18:06.935+0900][5.149s][info][gc,phases   ] GC(146)   Merge Heap Roots: 0.4ms
[2026-03-27T03:18:06.935+0900][5.149s][info][gc,phases   ] GC(146)   Evacuate Collection Set: 0.7ms
[2026-03-27T03:18:06.935+0900][5.149s][info][gc,phases   ] GC(146)   Post Evacuate Collection Set: 0.8ms
[2026-03-27T03:18:06.935+0900][5.149s][info][gc,phases   ] GC(146)   Other: 0.2ms
[2026-03-27T03:18:06.935+0900][5.149s][info][gc,heap     ] GC(146) Eden regions: 34->0(241)
[2026-03-27T03:18:06.935+0900][5.149s][info][gc,heap     ] GC(146) Survivor regions: 1->1(31)
[2026-03-27T03:18:06.935+0900][5.149s][info][gc,heap     ] GC(146) Old regions: 1->1
[2026-03-27T03:18:06.935+0900][5.149s][info][gc,heap     ] GC(146) Archive regions: 0->0
[2026-03-27T03:18:06.935+0900][5.149s][info][gc,heap     ] GC(146) Humongous regions: 210->178
[2026-03-27T03:18:06.935+0900][5.149s][info][gc,metaspace] GC(146) Metaspace: 282K(512K)->282K(512K) NonClass: 270K(384K)->270K(384K) Class: 12K(128K)->12K(128K)
[2026-03-27T03:18:06.935+0900][5.149s][info][gc          ] GC(146) Pause Young (Concurrent Start) (G1 Humongous Allocation) 244M->179M(469M) 2.637ms
[2026-03-27T03:18:06.935+0900][5.149s][info][gc,cpu      ] GC(146) User=0.00s Sys=0.00s Real=0.00s
[2026-03-27T03:18:06.935+0900][5.150s][info][gc          ] GC(147) Concurrent Undo Cycle
[2026-03-27T03:18:06.936+0900][5.150s][info][gc,marking  ] GC(147) Concurrent Cleanup for Next Mark
[2026-03-27T03:18:06.936+0900][5.150s][info][gc,marking  ] GC(147) Concurrent Cleanup for Next Mark 0.371ms
[2026-03-27T03:18:06.936+0900][5.150s][info][gc          ] GC(147) Concurrent Undo Cycle 0.526ms
[2026-03-27T03:18:07.054+0900][5.268s][info][gc,start    ] GC(148) Pause Young (Concurrent Start) (G1 Humongous Allocation)
[2026-03-27T03:18:07.054+0900][5.268s][info][gc,task     ] GC(148) Using 11 workers of 14 for evacuation
[2026-03-27T03:18:07.056+0900][5.270s][info][gc,phases   ] GC(148)   Pre Evacuate Collection Set: 0.2ms
[2026-03-27T03:18:07.056+0900][5.270s][info][gc,phases   ] GC(148)   Merge Heap Roots: 0.2ms
[2026-03-27T03:18:07.056+0900][5.270s][info][gc,phases   ] GC(148)   Evacuate Collection Set: 0.5ms
[2026-03-27T03:18:07.056+0900][5.270s][info][gc,phases   ] GC(148)   Post Evacuate Collection Set: 0.8ms
[2026-03-27T03:18:07.056+0900][5.270s][info][gc,phases   ] GC(148)   Other: 0.3ms
[2026-03-27T03:18:07.056+0900][5.270s][info][gc,heap     ] GC(148) Eden regions: 34->0(241)
[2026-03-27T03:18:07.056+0900][5.270s][info][gc,heap     ] GC(148) Survivor regions: 1->1(31)
[2026-03-27T03:18:07.056+0900][5.270s][info][gc,heap     ] GC(148) Old regions: 1->1
[2026-03-27T03:18:07.056+0900][5.270s][info][gc,heap     ] GC(148) Archive regions: 0->0
[2026-03-27T03:18:07.056+0900][5.270s][info][gc,heap     ] GC(148) Humongous regions: 210->178
[2026-03-27T03:18:07.056+0900][5.270s][info][gc,metaspace] GC(148) Metaspace: 282K(512K)->282K(512K) NonClass: 270K(384K)->270K(384K) Class: 12K(128K)->12K(128K)
[2026-03-27T03:18:07.056+0900][5.270s][info][gc          ] GC(148) Pause Young (Concurrent Start) (G1 Humongous Allocation) 244M->179M(469M) 2.168ms
[2026-03-27T03:18:07.056+0900][5.270s][info][gc,cpu      ] GC(148) User=0.00s Sys=0.00s Real=0.00s
[2026-03-27T03:18:07.056+0900][5.270s][info][gc          ] GC(149) Concurrent Undo Cycle
[2026-03-27T03:18:07.056+0900][5.270s][info][gc,marking  ] GC(149) Concurrent Cleanup for Next Mark
[2026-03-27T03:18:07.057+0900][5.271s][info][gc,marking  ] GC(149) Concurrent Cleanup for Next Mark 0.411ms
[2026-03-27T03:18:07.057+0900][5.271s][info][gc          ] GC(149) Concurrent Undo Cycle 0.527ms
[2026-03-27T03:18:07.163+0900][5.377s][info][gc,start    ] GC(150) Pause Young (Concurrent Start) (G1 Humongous Allocation)
[2026-03-27T03:18:07.163+0900][5.377s][info][gc,task     ] GC(150) Using 11 workers of 14 for evacuation
[2026-03-27T03:18:07.164+0900][5.378s][info][gc,phases   ] GC(150)   Pre Evacuate Collection Set: 0.1ms
[2026-03-27T03:18:07.164+0900][5.378s][info][gc,phases   ] GC(150)   Merge Heap Roots: 0.2ms
[2026-03-27T03:18:07.164+0900][5.378s][info][gc,phases   ] GC(150)   Evacuate Collection Set: 0.2ms
[2026-03-27T03:18:07.164+0900][5.378s][info][gc,phases   ] GC(150)   Post Evacuate Collection Set: 0.5ms
[2026-03-27T03:18:07.164+0900][5.378s][info][gc,phases   ] GC(150)   Other: 0.2ms
[2026-03-27T03:18:07.164+0900][5.378s][info][gc,heap     ] GC(150) Eden regions: 34->0(241)
[2026-03-27T03:18:07.164+0900][5.378s][info][gc,heap     ] GC(150) Survivor regions: 1->1(31)
[2026-03-27T03:18:07.164+0900][5.378s][info][gc,heap     ] GC(150) Old regions: 1->1
[2026-03-27T03:18:07.164+0900][5.378s][info][gc,heap     ] GC(150) Archive regions: 0->0
[2026-03-27T03:18:07.164+0900][5.378s][info][gc,heap     ] GC(150) Humongous regions: 210->178
[2026-03-27T03:18:07.164+0900][5.378s][info][gc,metaspace] GC(150) Metaspace: 282K(512K)->282K(512K) NonClass: 270K(384K)->270K(384K) Class: 12K(128K)->12K(128K)
[2026-03-27T03:18:07.164+0900][5.378s][info][gc          ] GC(150) Pause Young (Concurrent Start) (G1 Humongous Allocation) 244M->179M(469M) 1.262ms
[2026-03-27T03:18:07.164+0900][5.378s][info][gc,cpu      ] GC(150) User=0.00s Sys=0.00s Real=0.00s
[2026-03-27T03:18:07.164+0900][5.378s][info][gc          ] GC(151) Concurrent Undo Cycle
[2026-03-27T03:18:07.164+0900][5.378s][info][gc,marking  ] GC(151) Concurrent Cleanup for Next Mark
[2026-03-27T03:18:07.164+0900][5.378s][info][gc,marking  ] GC(151) Concurrent Cleanup for Next Mark 0.297ms
[2026-03-27T03:18:07.164+0900][5.379s][info][gc          ] GC(151) Concurrent Undo Cycle 0.371ms
[2026-03-27T03:18:07.272+0900][5.486s][info][gc,start    ] GC(152) Pause Young (Concurrent Start) (G1 Humongous Allocation)
[2026-03-27T03:18:07.272+0900][5.486s][info][gc,task     ] GC(152) Using 11 workers of 14 for evacuation
[2026-03-27T03:18:07.274+0900][5.488s][info][gc,phases   ] GC(152)   Pre Evacuate Collection Set: 0.2ms
[2026-03-27T03:18:07.274+0900][5.488s][info][gc,phases   ] GC(152)   Merge Heap Roots: 0.2ms
[2026-03-27T03:18:07.274+0900][5.488s][info][gc,phases   ] GC(152)   Evacuate Collection Set: 0.4ms
[2026-03-27T03:18:07.274+0900][5.488s][info][gc,phases   ] GC(152)   Post Evacuate Collection Set: 0.8ms
[2026-03-27T03:18:07.274+0900][5.488s][info][gc,phases   ] GC(152)   Other: 0.2ms
[2026-03-27T03:18:07.274+0900][5.488s][info][gc,heap     ] GC(152) Eden regions: 34->0(240)
[2026-03-27T03:18:07.274+0900][5.488s][info][gc,heap     ] GC(152) Survivor regions: 1->1(31)
[2026-03-27T03:18:07.274+0900][5.488s][info][gc,heap     ] GC(152) Old regions: 1->1
[2026-03-27T03:18:07.274+0900][5.488s][info][gc,heap     ] GC(152) Archive regions: 0->0
[2026-03-27T03:18:07.274+0900][5.488s][info][gc,heap     ] GC(152) Humongous regions: 210->178
[2026-03-27T03:18:07.274+0900][5.488s][info][gc,metaspace] GC(152) Metaspace: 282K(512K)->282K(512K) NonClass: 270K(384K)->270K(384K) Class: 12K(128K)->12K(128K)
[2026-03-27T03:18:07.274+0900][5.488s][info][gc          ] GC(152) Pause Young (Concurrent Start) (G1 Humongous Allocation) 244M->179M(469M) 1.991ms
[2026-03-27T03:18:07.274+0900][5.488s][info][gc,cpu      ] GC(152) User=0.00s Sys=0.00s Real=0.00s
[2026-03-27T03:18:07.274+0900][5.488s][info][gc          ] GC(153) Concurrent Undo Cycle
[2026-03-27T03:18:07.274+0900][5.488s][info][gc,marking  ] GC(153) Concurrent Cleanup for Next Mark
[2026-03-27T03:18:07.274+0900][5.489s][info][gc,marking  ] GC(153) Concurrent Cleanup for Next Mark 0.398ms
[2026-03-27T03:18:07.274+0900][5.489s][info][gc          ] GC(153) Concurrent Undo Cycle 0.500ms
[2026-03-27T03:18:07.381+0900][5.594s][info][gc,start    ] GC(154) Pause Young (Concurrent Start) (G1 Humongous Allocation)
[2026-03-27T03:18:07.381+0900][5.594s][info][gc,task     ] GC(154) Using 11 workers of 14 for evacuation
[2026-03-27T03:18:07.382+0900][5.596s][info][gc,phases   ] GC(154)   Pre Evacuate Collection Set: 0.2ms
[2026-03-27T03:18:07.382+0900][5.596s][info][gc,phases   ] GC(154)   Merge Heap Roots: 0.2ms
[2026-03-27T03:18:07.382+0900][5.596s][info][gc,phases   ] GC(154)   Evacuate Collection Set: 0.5ms
[2026-03-27T03:18:07.382+0900][5.596s][info][gc,phases   ] GC(154)   Post Evacuate Collection Set: 0.7ms
[2026-03-27T03:18:07.382+0900][5.596s][info][gc,phases   ] GC(154)   Other: 0.2ms
[2026-03-27T03:18:07.382+0900][5.596s][info][gc,heap     ] GC(154) Eden regions: 34->0(240)
[2026-03-27T03:18:07.382+0900][5.596s][info][gc,heap     ] GC(154) Survivor regions: 1->1(31)
[2026-03-27T03:18:07.382+0900][5.596s][info][gc,heap     ] GC(154) Old regions: 1->1
[2026-03-27T03:18:07.383+0900][5.596s][info][gc,heap     ] GC(154) Archive regions: 0->0
[2026-03-27T03:18:07.383+0900][5.596s][info][gc,heap     ] GC(154) Humongous regions: 210->178
[2026-03-27T03:18:07.383+0900][5.596s][info][gc,metaspace] GC(154) Metaspace: 282K(512K)->282K(512K) NonClass: 270K(384K)->270K(384K) Class: 12K(128K)->12K(128K)
[2026-03-27T03:18:07.383+0900][5.596s][info][gc          ] GC(154) Pause Young (Concurrent Start) (G1 Humongous Allocation) 244M->179M(469M) 2.009ms
[2026-03-27T03:18:07.383+0900][5.596s][info][gc,cpu      ] GC(154) User=0.00s Sys=0.00s Real=0.00s
[2026-03-27T03:18:07.383+0900][5.596s][info][gc          ] GC(155) Concurrent Undo Cycle
[2026-03-27T03:18:07.383+0900][5.596s][info][gc,marking  ] GC(155) Concurrent Cleanup for Next Mark
[2026-03-27T03:18:07.383+0900][5.597s][info][gc,marking  ] GC(155) Concurrent Cleanup for Next Mark 0.329ms
[2026-03-27T03:18:07.383+0900][5.597s][info][gc          ] GC(155) Concurrent Undo Cycle 0.409ms
[2026-03-27T03:18:07.489+0900][5.703s][info][gc,start    ] GC(156) Pause Young (Concurrent Start) (G1 Humongous Allocation)
[2026-03-27T03:18:07.489+0900][5.703s][info][gc,task     ] GC(156) Using 11 workers of 14 for evacuation
[2026-03-27T03:18:07.492+0900][5.705s][info][gc,phases   ] GC(156)   Pre Evacuate Collection Set: 0.2ms
[2026-03-27T03:18:07.492+0900][5.706s][info][gc,phases   ] GC(156)   Merge Heap Roots: 0.3ms
[2026-03-27T03:18:07.492+0900][5.706s][info][gc,phases   ] GC(156)   Evacuate Collection Set: 0.9ms
[2026-03-27T03:18:07.492+0900][5.706s][info][gc,phases   ] GC(156)   Post Evacuate Collection Set: 1.1ms
[2026-03-27T03:18:07.492+0900][5.706s][info][gc,phases   ] GC(156)   Other: 0.2ms
[2026-03-27T03:18:07.492+0900][5.706s][info][gc,heap     ] GC(156) Eden regions: 34->0(240)
[2026-03-27T03:18:07.492+0900][5.706s][info][gc,heap     ] GC(156) Survivor regions: 1->1(31)
[2026-03-27T03:18:07.492+0900][5.706s][info][gc,heap     ] GC(156) Old regions: 1->1
[2026-03-27T03:18:07.492+0900][5.706s][info][gc,heap     ] GC(156) Archive regions: 0->0
[2026-03-27T03:18:07.492+0900][5.706s][info][gc,heap     ] GC(156) Humongous regions: 210->178
[2026-03-27T03:18:07.492+0900][5.706s][info][gc,metaspace] GC(156) Metaspace: 282K(512K)->282K(512K) NonClass: 270K(384K)->270K(384K) Class: 12K(128K)->12K(128K)
[2026-03-27T03:18:07.492+0900][5.706s][info][gc          ] GC(156) Pause Young (Concurrent Start) (G1 Humongous Allocation) 244M->179M(469M) 2.986ms
[2026-03-27T03:18:07.492+0900][5.706s][info][gc,cpu      ] GC(156) User=0.00s Sys=0.00s Real=0.00s
[2026-03-27T03:18:07.492+0900][5.706s][info][gc          ] GC(157) Concurrent Undo Cycle
[2026-03-27T03:18:07.492+0900][5.706s][info][gc,marking  ] GC(157) Concurrent Cleanup for Next Mark
[2026-03-27T03:18:07.492+0900][5.706s][info][gc,marking  ] GC(157) Concurrent Cleanup for Next Mark 0.418ms
[2026-03-27T03:18:07.492+0900][5.706s][info][gc          ] GC(157) Concurrent Undo Cycle 0.504ms
[2026-03-27T03:18:07.612+0900][5.826s][info][gc,start    ] GC(158) Pause Young (Concurrent Start) (G1 Humongous Allocation)
[2026-03-27T03:18:07.612+0900][5.826s][info][gc,task     ] GC(158) Using 11 workers of 14 for evacuation
[2026-03-27T03:18:07.613+0900][5.827s][info][gc,phases   ] GC(158)   Pre Evacuate Collection Set: 0.2ms
[2026-03-27T03:18:07.613+0900][5.827s][info][gc,phases   ] GC(158)   Merge Heap Roots: 0.2ms
[2026-03-27T03:18:07.613+0900][5.827s][info][gc,phases   ] GC(158)   Evacuate Collection Set: 0.5ms
[2026-03-27T03:18:07.613+0900][5.827s][info][gc,phases   ] GC(158)   Post Evacuate Collection Set: 0.6ms
[2026-03-27T03:18:07.613+0900][5.827s][info][gc,phases   ] GC(158)   Other: 0.2ms
[2026-03-27T03:18:07.613+0900][5.827s][info][gc,heap     ] GC(158) Eden regions: 34->0(240)
[2026-03-27T03:18:07.613+0900][5.827s][info][gc,heap     ] GC(158) Survivor regions: 1->1(31)
[2026-03-27T03:18:07.613+0900][5.827s][info][gc,heap     ] GC(158) Old regions: 1->1
[2026-03-27T03:18:07.613+0900][5.827s][info][gc,heap     ] GC(158) Archive regions: 0->0
[2026-03-27T03:18:07.613+0900][5.827s][info][gc,heap     ] GC(158) Humongous regions: 210->178
[2026-03-27T03:18:07.613+0900][5.827s][info][gc,metaspace] GC(158) Metaspace: 282K(512K)->282K(512K) NonClass: 270K(384K)->270K(384K) Class: 12K(128K)->12K(128K)
[2026-03-27T03:18:07.614+0900][5.828s][info][gc          ] GC(158) Pause Young (Concurrent Start) (G1 Humongous Allocation) 244M->179M(469M) 1.909ms
[2026-03-27T03:18:07.614+0900][5.828s][info][gc,cpu      ] GC(158) User=0.00s Sys=0.00s Real=0.00s
[2026-03-27T03:18:07.614+0900][5.828s][info][gc          ] GC(159) Concurrent Undo Cycle
[2026-03-27T03:18:07.614+0900][5.828s][info][gc,marking  ] GC(159) Concurrent Cleanup for Next Mark
[2026-03-27T03:18:07.614+0900][5.828s][info][gc,marking  ] GC(159) Concurrent Cleanup for Next Mark 0.320ms
[2026-03-27T03:18:07.614+0900][5.828s][info][gc          ] GC(159) Concurrent Undo Cycle 0.424ms
[2026-03-27T03:18:07.723+0900][5.936s][info][gc,start    ] GC(160) Pause Young (Concurrent Start) (G1 Humongous Allocation)
[2026-03-27T03:18:07.723+0900][5.936s][info][gc,task     ] GC(160) Using 11 workers of 14 for evacuation
[2026-03-27T03:18:07.724+0900][5.938s][info][gc,phases   ] GC(160)   Pre Evacuate Collection Set: 0.3ms
[2026-03-27T03:18:07.724+0900][5.938s][info][gc,phases   ] GC(160)   Merge Heap Roots: 0.3ms
[2026-03-27T03:18:07.724+0900][5.938s][info][gc,phases   ] GC(160)   Evacuate Collection Set: 0.3ms
[2026-03-27T03:18:07.724+0900][5.938s][info][gc,phases   ] GC(160)   Post Evacuate Collection Set: 0.8ms
[2026-03-27T03:18:07.724+0900][5.938s][info][gc,phases   ] GC(160)   Other: 0.2ms
[2026-03-27T03:18:07.724+0900][5.938s][info][gc,heap     ] GC(160) Eden regions: 34->0(240)
[2026-03-27T03:18:07.724+0900][5.938s][info][gc,heap     ] GC(160) Survivor regions: 1->1(31)
[2026-03-27T03:18:07.724+0900][5.938s][info][gc,heap     ] GC(160) Old regions: 1->1
[2026-03-27T03:18:07.724+0900][5.938s][info][gc,heap     ] GC(160) Archive regions: 0->0
[2026-03-27T03:18:07.724+0900][5.938s][info][gc,heap     ] GC(160) Humongous regions: 210->178
[2026-03-27T03:18:07.724+0900][5.938s][info][gc,metaspace] GC(160) Metaspace: 282K(512K)->282K(512K) NonClass: 270K(384K)->270K(384K) Class: 12K(128K)->12K(128K)
[2026-03-27T03:18:07.724+0900][5.938s][info][gc          ] GC(160) Pause Young (Concurrent Start) (G1 Humongous Allocation) 244M->179M(469M) 2.069ms
[2026-03-27T03:18:07.724+0900][5.938s][info][gc,cpu      ] GC(160) User=0.00s Sys=0.00s Real=0.00s
[2026-03-27T03:18:07.724+0900][5.938s][info][gc          ] GC(161) Concurrent Undo Cycle
[2026-03-27T03:18:07.724+0900][5.938s][info][gc,marking  ] GC(161) Concurrent Cleanup for Next Mark
[2026-03-27T03:18:07.724+0900][5.939s][info][gc,marking  ] GC(161) Concurrent Cleanup for Next Mark 0.287ms
[2026-03-27T03:18:07.724+0900][5.939s][info][gc          ] GC(161) Concurrent Undo Cycle 0.363ms
[2026-03-27T03:18:07.832+0900][6.045s][info][gc,start    ] GC(162) Pause Young (Concurrent Start) (G1 Humongous Allocation)
[2026-03-27T03:18:07.832+0900][6.045s][info][gc,task     ] GC(162) Using 11 workers of 14 for evacuation
[2026-03-27T03:18:07.833+0900][6.047s][info][gc,phases   ] GC(162)   Pre Evacuate Collection Set: 0.2ms
[2026-03-27T03:18:07.833+0900][6.047s][info][gc,phases   ] GC(162)   Merge Heap Roots: 0.2ms
[2026-03-27T03:18:07.833+0900][6.047s][info][gc,phases   ] GC(162)   Evacuate Collection Set: 0.4ms
[2026-03-27T03:18:07.833+0900][6.047s][info][gc,phases   ] GC(162)   Post Evacuate Collection Set: 0.6ms
[2026-03-27T03:18:07.833+0900][6.047s][info][gc,phases   ] GC(162)   Other: 0.2ms
[2026-03-27T03:18:07.833+0900][6.047s][info][gc,heap     ] GC(162) Eden regions: 34->0(240)
[2026-03-27T03:18:07.833+0900][6.047s][info][gc,heap     ] GC(162) Survivor regions: 1->1(31)
[2026-03-27T03:18:07.833+0900][6.047s][info][gc,heap     ] GC(162) Old regions: 1->1
[2026-03-27T03:18:07.833+0900][6.047s][info][gc,heap     ] GC(162) Archive regions: 0->0
[2026-03-27T03:18:07.833+0900][6.047s][info][gc,heap     ] GC(162) Humongous regions: 210->178
[2026-03-27T03:18:07.833+0900][6.047s][info][gc,metaspace] GC(162) Metaspace: 282K(512K)->282K(512K) NonClass: 270K(384K)->270K(384K) Class: 12K(128K)->12K(128K)
[2026-03-27T03:18:07.833+0900][6.047s][info][gc          ] GC(162) Pause Young (Concurrent Start) (G1 Humongous Allocation) 244M->179M(469M) 1.829ms
[2026-03-27T03:18:07.833+0900][6.047s][info][gc,cpu      ] GC(162) User=0.00s Sys=0.00s Real=0.00s
[2026-03-27T03:18:07.833+0900][6.047s][info][gc          ] GC(163) Concurrent Undo Cycle
[2026-03-27T03:18:07.834+0900][6.047s][info][gc,marking  ] GC(163) Concurrent Cleanup for Next Mark
[2026-03-27T03:18:07.834+0900][6.047s][info][gc,marking  ] GC(163) Concurrent Cleanup for Next Mark 0.325ms
[2026-03-27T03:18:07.834+0900][6.047s][info][gc          ] GC(163) Concurrent Undo Cycle 0.422ms
[2026-03-27T03:18:07.940+0900][6.154s][info][gc,start    ] GC(164) Pause Young (Concurrent Start) (G1 Humongous Allocation)
[2026-03-27T03:18:07.940+0900][6.154s][info][gc,task     ] GC(164) Using 11 workers of 14 for evacuation
[2026-03-27T03:18:07.942+0900][6.156s][info][gc,phases   ] GC(164)   Pre Evacuate Collection Set: 0.2ms
[2026-03-27T03:18:07.942+0900][6.156s][info][gc,phases   ] GC(164)   Merge Heap Roots: 0.2ms
[2026-03-27T03:18:07.942+0900][6.156s][info][gc,phases   ] GC(164)   Evacuate Collection Set: 0.6ms
[2026-03-27T03:18:07.942+0900][6.156s][info][gc,phases   ] GC(164)   Post Evacuate Collection Set: 0.7ms
[2026-03-27T03:18:07.942+0900][6.156s][info][gc,phases   ] GC(164)   Other: 0.2ms
[2026-03-27T03:18:07.942+0900][6.156s][info][gc,heap     ] GC(164) Eden regions: 34->0(240)
[2026-03-27T03:18:07.942+0900][6.156s][info][gc,heap     ] GC(164) Survivor regions: 1->1(31)
[2026-03-27T03:18:07.942+0900][6.156s][info][gc,heap     ] GC(164) Old regions: 1->1
[2026-03-27T03:18:07.942+0900][6.156s][info][gc,heap     ] GC(164) Archive regions: 0->0
[2026-03-27T03:18:07.942+0900][6.156s][info][gc,heap     ] GC(164) Humongous regions: 210->178
[2026-03-27T03:18:07.942+0900][6.156s][info][gc,metaspace] GC(164) Metaspace: 282K(512K)->282K(512K) NonClass: 270K(384K)->270K(384K) Class: 12K(128K)->12K(128K)
[2026-03-27T03:18:07.942+0900][6.156s][info][gc          ] GC(164) Pause Young (Concurrent Start) (G1 Humongous Allocation) 244M->179M(469M) 2.073ms
[2026-03-27T03:18:07.942+0900][6.156s][info][gc,cpu      ] GC(164) User=0.00s Sys=0.00s Real=0.00s
[2026-03-27T03:18:07.942+0900][6.156s][info][gc          ] GC(165) Concurrent Undo Cycle
[2026-03-27T03:18:07.942+0900][6.157s][info][gc,marking  ] GC(165) Concurrent Cleanup for Next Mark
[2026-03-27T03:18:07.943+0900][6.157s][info][gc,marking  ] GC(165) Concurrent Cleanup for Next Mark 0.383ms
[2026-03-27T03:18:07.943+0900][6.157s][info][gc          ] GC(165) Concurrent Undo Cycle 0.486ms
[2026-03-27T03:18:08.048+0900][6.262s][info][gc,start    ] GC(166) Pause Young (Concurrent Start) (G1 Humongous Allocation)
[2026-03-27T03:18:08.048+0900][6.262s][info][gc,task     ] GC(166) Using 11 workers of 14 for evacuation
[2026-03-27T03:18:08.049+0900][6.264s][info][gc,phases   ] GC(166)   Pre Evacuate Collection Set: 0.2ms
[2026-03-27T03:18:08.049+0900][6.264s][info][gc,phases   ] GC(166)   Merge Heap Roots: 0.2ms
[2026-03-27T03:18:08.049+0900][6.264s][info][gc,phases   ] GC(166)   Evacuate Collection Set: 0.4ms
[2026-03-27T03:18:08.049+0900][6.264s][info][gc,phases   ] GC(166)   Post Evacuate Collection Set: 0.6ms
[2026-03-27T03:18:08.049+0900][6.264s][info][gc,phases   ] GC(166)   Other: 0.2ms
[2026-03-27T03:18:08.049+0900][6.264s][info][gc,heap     ] GC(166) Eden regions: 34->0(240)
[2026-03-27T03:18:08.049+0900][6.264s][info][gc,heap     ] GC(166) Survivor regions: 1->1(31)
[2026-03-27T03:18:08.049+0900][6.264s][info][gc,heap     ] GC(166) Old regions: 1->1
[2026-03-27T03:18:08.049+0900][6.264s][info][gc,heap     ] GC(166) Archive regions: 0->0
[2026-03-27T03:18:08.049+0900][6.264s][info][gc,heap     ] GC(166) Humongous regions: 210->178
[2026-03-27T03:18:08.049+0900][6.264s][info][gc,metaspace] GC(166) Metaspace: 282K(512K)->282K(512K) NonClass: 270K(384K)->270K(384K) Class: 12K(128K)->12K(128K)
[2026-03-27T03:18:08.049+0900][6.264s][info][gc          ] GC(166) Pause Young (Concurrent Start) (G1 Humongous Allocation) 244M->179M(469M) 1.703ms
[2026-03-27T03:18:08.049+0900][6.264s][info][gc,cpu      ] GC(166) User=0.00s Sys=0.00s Real=0.00s
[2026-03-27T03:18:08.049+0900][6.264s][info][gc          ] GC(167) Concurrent Undo Cycle
[2026-03-27T03:18:08.050+0900][6.264s][info][gc,marking  ] GC(167) Concurrent Cleanup for Next Mark
[2026-03-27T03:18:08.050+0900][6.264s][info][gc,marking  ] GC(167) Concurrent Cleanup for Next Mark 0.390ms
[2026-03-27T03:18:08.050+0900][6.264s][info][gc          ] GC(167) Concurrent Undo Cycle 0.555ms
[2026-03-27T03:18:08.158+0900][6.371s][info][gc,start    ] GC(168) Pause Young (Concurrent Start) (G1 Humongous Allocation)
[2026-03-27T03:18:08.158+0900][6.372s][info][gc,task     ] GC(168) Using 11 workers of 14 for evacuation
[2026-03-27T03:18:08.159+0900][6.373s][info][gc,phases   ] GC(168)   Pre Evacuate Collection Set: 0.2ms
[2026-03-27T03:18:08.159+0900][6.373s][info][gc,phases   ] GC(168)   Merge Heap Roots: 0.2ms
[2026-03-27T03:18:08.159+0900][6.373s][info][gc,phases   ] GC(168)   Evacuate Collection Set: 0.2ms
[2026-03-27T03:18:08.159+0900][6.373s][info][gc,phases   ] GC(168)   Post Evacuate Collection Set: 0.4ms
[2026-03-27T03:18:08.159+0900][6.373s][info][gc,phases   ] GC(168)   Other: 0.2ms
[2026-03-27T03:18:08.159+0900][6.373s][info][gc,heap     ] GC(168) Eden regions: 34->0(241)
[2026-03-27T03:18:08.159+0900][6.373s][info][gc,heap     ] GC(168) Survivor regions: 1->1(31)
[2026-03-27T03:18:08.159+0900][6.373s][info][gc,heap     ] GC(168) Old regions: 1->1
[2026-03-27T03:18:08.159+0900][6.373s][info][gc,heap     ] GC(168) Archive regions: 0->0
[2026-03-27T03:18:08.159+0900][6.373s][info][gc,heap     ] GC(168) Humongous regions: 210->178
[2026-03-27T03:18:08.159+0900][6.373s][info][gc,metaspace] GC(168) Metaspace: 282K(512K)->282K(512K) NonClass: 270K(384K)->270K(384K) Class: 12K(128K)->12K(128K)
[2026-03-27T03:18:08.159+0900][6.373s][info][gc          ] GC(168) Pause Young (Concurrent Start) (G1 Humongous Allocation) 244M->179M(469M) 1.201ms
[2026-03-27T03:18:08.159+0900][6.373s][info][gc,cpu      ] GC(168) User=0.00s Sys=0.00s Real=0.00s
[2026-03-27T03:18:08.159+0900][6.373s][info][gc          ] GC(169) Concurrent Undo Cycle
[2026-03-27T03:18:08.159+0900][6.373s][info][gc,marking  ] GC(169) Concurrent Cleanup for Next Mark
[2026-03-27T03:18:08.159+0900][6.373s][info][gc,marking  ] GC(169) Concurrent Cleanup for Next Mark 0.271ms
[2026-03-27T03:18:08.159+0900][6.373s][info][gc          ] GC(169) Concurrent Undo Cycle 0.339ms
[2026-03-27T03:18:08.266+0900][6.480s][info][gc,start    ] GC(170) Pause Young (Concurrent Start) (G1 Humongous Allocation)
[2026-03-27T03:18:08.266+0900][6.480s][info][gc,task     ] GC(170) Using 11 workers of 14 for evacuation
[2026-03-27T03:18:08.268+0900][6.482s][info][gc,phases   ] GC(170)   Pre Evacuate Collection Set: 0.3ms
[2026-03-27T03:18:08.268+0900][6.482s][info][gc,phases   ] GC(170)   Merge Heap Roots: 0.3ms
[2026-03-27T03:18:08.268+0900][6.482s][info][gc,phases   ] GC(170)   Evacuate Collection Set: 0.6ms
[2026-03-27T03:18:08.268+0900][6.482s][info][gc,phases   ] GC(170)   Post Evacuate Collection Set: 1.0ms
[2026-03-27T03:18:08.268+0900][6.482s][info][gc,phases   ] GC(170)   Other: 0.2ms
[2026-03-27T03:18:08.268+0900][6.482s][info][gc,heap     ] GC(170) Eden regions: 34->0(241)
[2026-03-27T03:18:08.268+0900][6.482s][info][gc,heap     ] GC(170) Survivor regions: 1->1(31)
[2026-03-27T03:18:08.268+0900][6.482s][info][gc,heap     ] GC(170) Old regions: 1->1
[2026-03-27T03:18:08.268+0900][6.482s][info][gc,heap     ] GC(170) Archive regions: 0->0
[2026-03-27T03:18:08.268+0900][6.482s][info][gc,heap     ] GC(170) Humongous regions: 210->178
[2026-03-27T03:18:08.269+0900][6.482s][info][gc,metaspace] GC(170) Metaspace: 282K(512K)->282K(512K) NonClass: 270K(384K)->270K(384K) Class: 12K(128K)->12K(128K)
[2026-03-27T03:18:08.269+0900][6.483s][info][gc          ] GC(170) Pause Young (Concurrent Start) (G1 Humongous Allocation) 244M->179M(469M) 2.660ms
[2026-03-27T03:18:08.269+0900][6.483s][info][gc,cpu      ] GC(170) User=0.00s Sys=0.00s Real=0.00s
[2026-03-27T03:18:08.269+0900][6.483s][info][gc          ] GC(171) Concurrent Undo Cycle
[2026-03-27T03:18:08.269+0900][6.483s][info][gc,marking  ] GC(171) Concurrent Cleanup for Next Mark
[2026-03-27T03:18:08.269+0900][6.483s][info][gc,marking  ] GC(171) Concurrent Cleanup for Next Mark 0.428ms
[2026-03-27T03:18:08.269+0900][6.483s][info][gc          ] GC(171) Concurrent Undo Cycle 0.524ms
[2026-03-27T03:18:08.389+0900][6.603s][info][gc,start    ] GC(172) Pause Young (Concurrent Start) (G1 Humongous Allocation)
[2026-03-27T03:18:08.390+0900][6.603s][info][gc,task     ] GC(172) Using 11 workers of 14 for evacuation
[2026-03-27T03:18:08.391+0900][6.605s][info][gc,phases   ] GC(172)   Pre Evacuate Collection Set: 0.2ms
[2026-03-27T03:18:08.391+0900][6.605s][info][gc,phases   ] GC(172)   Merge Heap Roots: 0.2ms
[2026-03-27T03:18:08.391+0900][6.605s][info][gc,phases   ] GC(172)   Evacuate Collection Set: 0.5ms
[2026-03-27T03:18:08.391+0900][6.605s][info][gc,phases   ] GC(172)   Post Evacuate Collection Set: 0.5ms
[2026-03-27T03:18:08.391+0900][6.605s][info][gc,phases   ] GC(172)   Other: 0.2ms
[2026-03-27T03:18:08.391+0900][6.605s][info][gc,heap     ] GC(172) Eden regions: 34->0(241)
[2026-03-27T03:18:08.391+0900][6.605s][info][gc,heap     ] GC(172) Survivor regions: 1->1(31)
[2026-03-27T03:18:08.391+0900][6.605s][info][gc,heap     ] GC(172) Old regions: 1->1
[2026-03-27T03:18:08.391+0900][6.605s][info][gc,heap     ] GC(172) Archive regions: 0->0
[2026-03-27T03:18:08.391+0900][6.605s][info][gc,heap     ] GC(172) Humongous regions: 210->178
[2026-03-27T03:18:08.391+0900][6.605s][info][gc,metaspace] GC(172) Metaspace: 282K(512K)->282K(512K) NonClass: 270K(384K)->270K(384K) Class: 12K(128K)->12K(128K)
[2026-03-27T03:18:08.391+0900][6.605s][info][gc          ] GC(172) Pause Young (Concurrent Start) (G1 Humongous Allocation) 244M->179M(469M) 1.751ms
[2026-03-27T03:18:08.391+0900][6.605s][info][gc,cpu      ] GC(172) User=0.00s Sys=0.00s Real=0.00s
[2026-03-27T03:18:08.391+0900][6.605s][info][gc          ] GC(173) Concurrent Undo Cycle
[2026-03-27T03:18:08.391+0900][6.605s][info][gc,marking  ] GC(173) Concurrent Cleanup for Next Mark
[2026-03-27T03:18:08.392+0900][6.605s][info][gc,marking  ] GC(173) Concurrent Cleanup for Next Mark 0.491ms
[2026-03-27T03:18:08.392+0900][6.605s][info][gc          ] GC(173) Concurrent Undo Cycle 0.547ms
[2026-03-27T03:18:08.500+0900][6.714s][info][gc,start    ] GC(174) Pause Young (Concurrent Start) (G1 Humongous Allocation)
[2026-03-27T03:18:08.500+0900][6.714s][info][gc,task     ] GC(174) Using 11 workers of 14 for evacuation
[2026-03-27T03:18:08.502+0900][6.716s][info][gc,phases   ] GC(174)   Pre Evacuate Collection Set: 0.2ms
[2026-03-27T03:18:08.502+0900][6.716s][info][gc,phases   ] GC(174)   Merge Heap Roots: 0.2ms
[2026-03-27T03:18:08.502+0900][6.716s][info][gc,phases   ] GC(174)   Evacuate Collection Set: 0.5ms
[2026-03-27T03:18:08.502+0900][6.716s][info][gc,phases   ] GC(174)   Post Evacuate Collection Set: 0.6ms
[2026-03-27T03:18:08.502+0900][6.716s][info][gc,phases   ] GC(174)   Other: 0.2ms
[2026-03-27T03:18:08.502+0900][6.716s][info][gc,heap     ] GC(174) Eden regions: 34->0(241)
[2026-03-27T03:18:08.502+0900][6.716s][info][gc,heap     ] GC(174) Survivor regions: 1->1(31)
[2026-03-27T03:18:08.502+0900][6.716s][info][gc,heap     ] GC(174) Old regions: 1->1
[2026-03-27T03:18:08.502+0900][6.716s][info][gc,heap     ] GC(174) Archive regions: 0->0
[2026-03-27T03:18:08.502+0900][6.716s][info][gc,heap     ] GC(174) Humongous regions: 210->178
[2026-03-27T03:18:08.502+0900][6.716s][info][gc,metaspace] GC(174) Metaspace: 282K(512K)->282K(512K) NonClass: 270K(384K)->270K(384K) Class: 12K(128K)->12K(128K)
[2026-03-27T03:18:08.502+0900][6.716s][info][gc          ] GC(174) Pause Young (Concurrent Start) (G1 Humongous Allocation) 244M->179M(469M) 2.041ms
[2026-03-27T03:18:08.502+0900][6.716s][info][gc,cpu      ] GC(174) User=0.02s Sys=0.00s Real=0.00s
[2026-03-27T03:18:08.502+0900][6.716s][info][gc          ] GC(175) Concurrent Undo Cycle
[2026-03-27T03:18:08.502+0900][6.716s][info][gc,marking  ] GC(175) Concurrent Cleanup for Next Mark
[2026-03-27T03:18:08.502+0900][6.716s][info][gc,marking  ] GC(175) Concurrent Cleanup for Next Mark 0.390ms
[2026-03-27T03:18:08.502+0900][6.716s][info][gc          ] GC(175) Concurrent Undo Cycle 0.474ms
[2026-03-27T03:18:08.622+0900][6.835s][info][gc,start    ] GC(176) Pause Young (Concurrent Start) (G1 Humongous Allocation)
[2026-03-27T03:18:08.622+0900][6.836s][info][gc,task     ] GC(176) Using 11 workers of 14 for evacuation
[2026-03-27T03:18:08.624+0900][6.837s][info][gc,phases   ] GC(176)   Pre Evacuate Collection Set: 0.3ms
[2026-03-27T03:18:08.624+0900][6.837s][info][gc,phases   ] GC(176)   Merge Heap Roots: 0.2ms
[2026-03-27T03:18:08.624+0900][6.837s][info][gc,phases   ] GC(176)   Evacuate Collection Set: 0.4ms
[2026-03-27T03:18:08.624+0900][6.837s][info][gc,phases   ] GC(176)   Post Evacuate Collection Set: 0.7ms
[2026-03-27T03:18:08.624+0900][6.837s][info][gc,phases   ] GC(176)   Other: 0.4ms
[2026-03-27T03:18:08.624+0900][6.837s][info][gc,heap     ] GC(176) Eden regions: 34->0(241)
[2026-03-27T03:18:08.624+0900][6.837s][info][gc,heap     ] GC(176) Survivor regions: 1->1(31)
[2026-03-27T03:18:08.624+0900][6.838s][info][gc,heap     ] GC(176) Old regions: 1->1
[2026-03-27T03:18:08.624+0900][6.838s][info][gc,heap     ] GC(176) Archive regions: 0->0
[2026-03-27T03:18:08.624+0900][6.838s][info][gc,heap     ] GC(176) Humongous regions: 210->178
[2026-03-27T03:18:08.624+0900][6.838s][info][gc,metaspace] GC(176) Metaspace: 282K(512K)->282K(512K) NonClass: 270K(384K)->270K(384K) Class: 12K(128K)->12K(128K)
[2026-03-27T03:18:08.624+0900][6.838s][info][gc          ] GC(176) Pause Young (Concurrent Start) (G1 Humongous Allocation) 244M->179M(469M) 2.237ms
[2026-03-27T03:18:08.624+0900][6.838s][info][gc,cpu      ] GC(176) User=0.00s Sys=0.00s Real=0.00s
[2026-03-27T03:18:08.624+0900][6.838s][info][gc          ] GC(177) Concurrent Undo Cycle
[2026-03-27T03:18:08.624+0900][6.838s][info][gc,marking  ] GC(177) Concurrent Cleanup for Next Mark
[2026-03-27T03:18:08.625+0900][6.838s][info][gc,marking  ] GC(177) Concurrent Cleanup for Next Mark 0.334ms
[2026-03-27T03:18:08.625+0900][6.838s][info][gc          ] GC(177) Concurrent Undo Cycle 0.469ms
[2026-03-27T03:18:08.730+0900][6.944s][info][gc,start    ] GC(178) Pause Young (Concurrent Start) (G1 Humongous Allocation)
[2026-03-27T03:18:08.730+0900][6.944s][info][gc,task     ] GC(178) Using 11 workers of 14 for evacuation
[2026-03-27T03:18:08.732+0900][6.945s][info][gc,phases   ] GC(178)   Pre Evacuate Collection Set: 0.2ms
[2026-03-27T03:18:08.732+0900][6.945s][info][gc,phases   ] GC(178)   Merge Heap Roots: 0.2ms
[2026-03-27T03:18:08.732+0900][6.945s][info][gc,phases   ] GC(178)   Evacuate Collection Set: 0.4ms
[2026-03-27T03:18:08.732+0900][6.945s][info][gc,phases   ] GC(178)   Post Evacuate Collection Set: 0.7ms
[2026-03-27T03:18:08.732+0900][6.945s][info][gc,phases   ] GC(178)   Other: 0.2ms
[2026-03-27T03:18:08.732+0900][6.945s][info][gc,heap     ] GC(178) Eden regions: 34->0(241)
[2026-03-27T03:18:08.732+0900][6.945s][info][gc,heap     ] GC(178) Survivor regions: 1->1(31)
[2026-03-27T03:18:08.732+0900][6.945s][info][gc,heap     ] GC(178) Old regions: 1->1
[2026-03-27T03:18:08.732+0900][6.945s][info][gc,heap     ] GC(178) Archive regions: 0->0
[2026-03-27T03:18:08.732+0900][6.945s][info][gc,heap     ] GC(178) Humongous regions: 210->178
[2026-03-27T03:18:08.732+0900][6.945s][info][gc,metaspace] GC(178) Metaspace: 282K(512K)->282K(512K) NonClass: 270K(384K)->270K(384K) Class: 12K(128K)->12K(128K)
[2026-03-27T03:18:08.732+0900][6.946s][info][gc          ] GC(178) Pause Young (Concurrent Start) (G1 Humongous Allocation) 244M->179M(469M) 1.903ms
[2026-03-27T03:18:08.732+0900][6.946s][info][gc,cpu      ] GC(178) User=0.00s Sys=0.00s Real=0.00s
[2026-03-27T03:18:08.732+0900][6.946s][info][gc          ] GC(179) Concurrent Undo Cycle
[2026-03-27T03:18:08.732+0900][6.946s][info][gc,marking  ] GC(179) Concurrent Cleanup for Next Mark
[2026-03-27T03:18:08.732+0900][6.946s][info][gc,marking  ] GC(179) Concurrent Cleanup for Next Mark 0.322ms
[2026-03-27T03:18:08.732+0900][6.946s][info][gc          ] GC(179) Concurrent Undo Cycle 0.415ms
[2026-03-27T03:18:08.839+0900][7.053s][info][gc,start    ] GC(180) Pause Young (Concurrent Start) (G1 Humongous Allocation)
[2026-03-27T03:18:08.839+0900][7.053s][info][gc,task     ] GC(180) Using 11 workers of 14 for evacuation
[2026-03-27T03:18:08.840+0900][7.054s][info][gc,phases   ] GC(180)   Pre Evacuate Collection Set: 0.3ms
[2026-03-27T03:18:08.840+0900][7.054s][info][gc,phases   ] GC(180)   Merge Heap Roots: 0.2ms
[2026-03-27T03:18:08.840+0900][7.054s][info][gc,phases   ] GC(180)   Evacuate Collection Set: 0.3ms
[2026-03-27T03:18:08.840+0900][7.054s][info][gc,phases   ] GC(180)   Post Evacuate Collection Set: 0.3ms
[2026-03-27T03:18:08.840+0900][7.054s][info][gc,phases   ] GC(180)   Other: 0.2ms
[2026-03-27T03:18:08.840+0900][7.054s][info][gc,heap     ] GC(180) Eden regions: 34->0(241)
[2026-03-27T03:18:08.840+0900][7.054s][info][gc,heap     ] GC(180) Survivor regions: 1->1(31)
[2026-03-27T03:18:08.840+0900][7.054s][info][gc,heap     ] GC(180) Old regions: 1->1
[2026-03-27T03:18:08.840+0900][7.054s][info][gc,heap     ] GC(180) Archive regions: 0->0
[2026-03-27T03:18:08.840+0900][7.054s][info][gc,heap     ] GC(180) Humongous regions: 210->178
[2026-03-27T03:18:08.840+0900][7.054s][info][gc,metaspace] GC(180) Metaspace: 282K(512K)->282K(512K) NonClass: 270K(384K)->270K(384K) Class: 12K(128K)->12K(128K)
[2026-03-27T03:18:08.840+0900][7.054s][info][gc          ] GC(180) Pause Young (Concurrent Start) (G1 Humongous Allocation) 244M->179M(469M) 1.379ms
[2026-03-27T03:18:08.840+0900][7.054s][info][gc,cpu      ] GC(180) User=0.00s Sys=0.00s Real=0.00s
[2026-03-27T03:18:08.840+0900][7.054s][info][gc          ] GC(181) Concurrent Undo Cycle
[2026-03-27T03:18:08.840+0900][7.054s][info][gc,marking  ] GC(181) Concurrent Cleanup for Next Mark
[2026-03-27T03:18:08.841+0900][7.054s][info][gc,marking  ] GC(181) Concurrent Cleanup for Next Mark 0.272ms
[2026-03-27T03:18:08.841+0900][7.054s][info][gc          ] GC(181) Concurrent Undo Cycle 0.321ms
[2026-03-27T03:18:08.949+0900][7.163s][info][gc,start    ] GC(182) Pause Young (Concurrent Start) (G1 Humongous Allocation)
[2026-03-27T03:18:08.949+0900][7.163s][info][gc,task     ] GC(182) Using 11 workers of 14 for evacuation
[2026-03-27T03:18:08.951+0900][7.165s][info][gc,phases   ] GC(182)   Pre Evacuate Collection Set: 0.2ms
[2026-03-27T03:18:08.951+0900][7.165s][info][gc,phases   ] GC(182)   Merge Heap Roots: 0.2ms
[2026-03-27T03:18:08.951+0900][7.165s][info][gc,phases   ] GC(182)   Evacuate Collection Set: 0.5ms
[2026-03-27T03:18:08.951+0900][7.165s][info][gc,phases   ] GC(182)   Post Evacuate Collection Set: 0.7ms
[2026-03-27T03:18:08.951+0900][7.165s][info][gc,phases   ] GC(182)   Other: 0.2ms
[2026-03-27T03:18:08.951+0900][7.165s][info][gc,heap     ] GC(182) Eden regions: 34->0(241)
[2026-03-27T03:18:08.951+0900][7.165s][info][gc,heap     ] GC(182) Survivor regions: 1->1(31)
[2026-03-27T03:18:08.951+0900][7.165s][info][gc,heap     ] GC(182) Old regions: 1->1
[2026-03-27T03:18:08.951+0900][7.165s][info][gc,heap     ] GC(182) Archive regions: 0->0
[2026-03-27T03:18:08.951+0900][7.165s][info][gc,heap     ] GC(182) Humongous regions: 210->178
[2026-03-27T03:18:08.951+0900][7.165s][info][gc,metaspace] GC(182) Metaspace: 282K(512K)->282K(512K) NonClass: 270K(384K)->270K(384K) Class: 12K(128K)->12K(128K)
[2026-03-27T03:18:08.951+0900][7.165s][info][gc          ] GC(182) Pause Young (Concurrent Start) (G1 Humongous Allocation) 244M->179M(469M) 1.991ms
[2026-03-27T03:18:08.951+0900][7.165s][info][gc,cpu      ] GC(182) User=0.00s Sys=0.00s Real=0.00s
[2026-03-27T03:18:08.952+0900][7.165s][info][gc          ] GC(183) Concurrent Undo Cycle
[2026-03-27T03:18:08.952+0900][7.165s][info][gc,marking  ] GC(183) Concurrent Cleanup for Next Mark
[2026-03-27T03:18:08.952+0900][7.166s][info][gc,marking  ] GC(183) Concurrent Cleanup for Next Mark 0.291ms
[2026-03-27T03:18:08.952+0900][7.166s][info][gc          ] GC(183) Concurrent Undo Cycle 0.367ms
[2026-03-27T03:18:09.057+0900][7.271s][info][gc,start    ] GC(184) Pause Young (Concurrent Start) (G1 Humongous Allocation)
[2026-03-27T03:18:09.057+0900][7.271s][info][gc,task     ] GC(184) Using 11 workers of 14 for evacuation
[2026-03-27T03:18:09.058+0900][7.272s][info][gc,phases   ] GC(184)   Pre Evacuate Collection Set: 0.1ms
[2026-03-27T03:18:09.058+0900][7.272s][info][gc,phases   ] GC(184)   Merge Heap Roots: 0.3ms
[2026-03-27T03:18:09.058+0900][7.272s][info][gc,phases   ] GC(184)   Evacuate Collection Set: 0.2ms
[2026-03-27T03:18:09.058+0900][7.272s][info][gc,phases   ] GC(184)   Post Evacuate Collection Set: 0.5ms
[2026-03-27T03:18:09.058+0900][7.272s][info][gc,phases   ] GC(184)   Other: 0.2ms
[2026-03-27T03:18:09.058+0900][7.272s][info][gc,heap     ] GC(184) Eden regions: 34->0(241)
[2026-03-27T03:18:09.058+0900][7.272s][info][gc,heap     ] GC(184) Survivor regions: 1->1(31)
[2026-03-27T03:18:09.058+0900][7.272s][info][gc,heap     ] GC(184) Old regions: 1->1
[2026-03-27T03:18:09.058+0900][7.272s][info][gc,heap     ] GC(184) Archive regions: 0->0
[2026-03-27T03:18:09.058+0900][7.272s][info][gc,heap     ] GC(184) Humongous regions: 210->178
[2026-03-27T03:18:09.058+0900][7.272s][info][gc,metaspace] GC(184) Metaspace: 282K(512K)->282K(512K) NonClass: 270K(384K)->270K(384K) Class: 12K(128K)->12K(128K)
[2026-03-27T03:18:09.058+0900][7.272s][info][gc          ] GC(184) Pause Young (Concurrent Start) (G1 Humongous Allocation) 244M->179M(469M) 1.487ms
[2026-03-27T03:18:09.058+0900][7.272s][info][gc,cpu      ] GC(184) User=0.00s Sys=0.00s Real=0.00s
[2026-03-27T03:18:09.058+0900][7.272s][info][gc          ] GC(185) Concurrent Undo Cycle
[2026-03-27T03:18:09.058+0900][7.272s][info][gc,marking  ] GC(185) Concurrent Cleanup for Next Mark
[2026-03-27T03:18:09.059+0900][7.273s][info][gc,marking  ] GC(185) Concurrent Cleanup for Next Mark 0.283ms
[2026-03-27T03:18:09.059+0900][7.273s][info][gc          ] GC(185) Concurrent Undo Cycle 0.333ms
[2026-03-27T03:18:09.166+0900][7.380s][info][gc,start    ] GC(186) Pause Young (Concurrent Start) (G1 Humongous Allocation)
[2026-03-27T03:18:09.166+0900][7.380s][info][gc,task     ] GC(186) Using 11 workers of 14 for evacuation
[2026-03-27T03:18:09.168+0900][7.381s][info][gc,phases   ] GC(186)   Pre Evacuate Collection Set: 0.2ms
[2026-03-27T03:18:09.168+0900][7.381s][info][gc,phases   ] GC(186)   Merge Heap Roots: 0.2ms
[2026-03-27T03:18:09.168+0900][7.381s][info][gc,phases   ] GC(186)   Evacuate Collection Set: 0.4ms
[2026-03-27T03:18:09.168+0900][7.381s][info][gc,phases   ] GC(186)   Post Evacuate Collection Set: 0.4ms
[2026-03-27T03:18:09.168+0900][7.381s][info][gc,phases   ] GC(186)   Other: 0.2ms
[2026-03-27T03:18:09.168+0900][7.381s][info][gc,heap     ] GC(186) Eden regions: 34->0(241)
[2026-03-27T03:18:09.168+0900][7.381s][info][gc,heap     ] GC(186) Survivor regions: 1->1(31)
[2026-03-27T03:18:09.168+0900][7.381s][info][gc,heap     ] GC(186) Old regions: 1->1
[2026-03-27T03:18:09.168+0900][7.381s][info][gc,heap     ] GC(186) Archive regions: 0->0
[2026-03-27T03:18:09.168+0900][7.381s][info][gc,heap     ] GC(186) Humongous regions: 210->178
[2026-03-27T03:18:09.168+0900][7.381s][info][gc,metaspace] GC(186) Metaspace: 282K(512K)->282K(512K) NonClass: 270K(384K)->270K(384K) Class: 12K(128K)->12K(128K)
[2026-03-27T03:18:09.168+0900][7.381s][info][gc          ] GC(186) Pause Young (Concurrent Start) (G1 Humongous Allocation) 244M->179M(469M) 1.449ms
[2026-03-27T03:18:09.168+0900][7.381s][info][gc,cpu      ] GC(186) User=0.00s Sys=0.00s Real=0.00s
[2026-03-27T03:18:09.168+0900][7.381s][info][gc          ] GC(187) Concurrent Undo Cycle
[2026-03-27T03:18:09.168+0900][7.381s][info][gc,marking  ] GC(187) Concurrent Cleanup for Next Mark
[2026-03-27T03:18:09.168+0900][7.382s][info][gc,marking  ] GC(187) Concurrent Cleanup for Next Mark 0.295ms
[2026-03-27T03:18:09.168+0900][7.382s][info][gc          ] GC(187) Concurrent Undo Cycle 0.373ms
[2026-03-27T03:18:09.276+0900][7.490s][info][gc,start    ] GC(188) Pause Young (Concurrent Start) (G1 Humongous Allocation)
[2026-03-27T03:18:09.276+0900][7.490s][info][gc,task     ] GC(188) Using 11 workers of 14 for evacuation
[2026-03-27T03:18:09.277+0900][7.492s][info][gc,phases   ] GC(188)   Pre Evacuate Collection Set: 0.3ms
[2026-03-27T03:18:09.277+0900][7.492s][info][gc,phases   ] GC(188)   Merge Heap Roots: 0.2ms
[2026-03-27T03:18:09.277+0900][7.492s][info][gc,phases   ] GC(188)   Evacuate Collection Set: 0.5ms
[2026-03-27T03:18:09.277+0900][7.492s][info][gc,phases   ] GC(188)   Post Evacuate Collection Set: 0.8ms
[2026-03-27T03:18:09.279+0900][7.492s][info][gc,phases   ] GC(188)   Other: 0.2ms
[2026-03-27T03:18:09.279+0900][7.492s][info][gc,heap     ] GC(188) Eden regions: 34->0(241)
[2026-03-27T03:18:09.279+0900][7.492s][info][gc,heap     ] GC(188) Survivor regions: 1->1(31)
[2026-03-27T03:18:09.279+0900][7.492s][info][gc,heap     ] GC(188) Old regions: 1->1
[2026-03-27T03:18:09.279+0900][7.492s][info][gc,heap     ] GC(188) Archive regions: 0->0
[2026-03-27T03:18:09.279+0900][7.492s][info][gc,heap     ] GC(188) Humongous regions: 210->178
[2026-03-27T03:18:09.279+0900][7.492s][info][gc,metaspace] GC(188) Metaspace: 282K(512K)->282K(512K) NonClass: 270K(384K)->270K(384K) Class: 12K(128K)->12K(128K)
[2026-03-27T03:18:09.279+0900][7.492s][info][gc          ] GC(188) Pause Young (Concurrent Start) (G1 Humongous Allocation) 244M->179M(469M) 2.151ms
[2026-03-27T03:18:09.279+0900][7.492s][info][gc,cpu      ] GC(188) User=0.00s Sys=0.00s Real=0.00s
[2026-03-27T03:18:09.279+0900][7.492s][info][gc          ] GC(189) Concurrent Undo Cycle
[2026-03-27T03:18:09.279+0900][7.492s][info][gc,marking  ] GC(189) Concurrent Cleanup for Next Mark
[2026-03-27T03:18:09.279+0900][7.493s][info][gc,marking  ] GC(189) Concurrent Cleanup for Next Mark 0.303ms
[2026-03-27T03:18:09.279+0900][7.493s][info][gc          ] GC(189) Concurrent Undo Cycle 0.396ms
[2026-03-27T03:18:09.385+0900][7.599s][info][gc,start    ] GC(190) Pause Young (Concurrent Start) (G1 Humongous Allocation)
[2026-03-27T03:18:09.385+0900][7.599s][info][gc,task     ] GC(190) Using 11 workers of 14 for evacuation
[2026-03-27T03:18:09.387+0900][7.601s][info][gc,phases   ] GC(190)   Pre Evacuate Collection Set: 0.2ms
[2026-03-27T03:18:09.387+0900][7.601s][info][gc,phases   ] GC(190)   Merge Heap Roots: 0.2ms
[2026-03-27T03:18:09.387+0900][7.601s][info][gc,phases   ] GC(190)   Evacuate Collection Set: 0.6ms
[2026-03-27T03:18:09.387+0900][7.601s][info][gc,phases   ] GC(190)   Post Evacuate Collection Set: 0.6ms
[2026-03-27T03:18:09.387+0900][7.601s][info][gc,phases   ] GC(190)   Other: 0.2ms
[2026-03-27T03:18:09.387+0900][7.601s][info][gc,heap     ] GC(190) Eden regions: 34->0(241)
[2026-03-27T03:18:09.387+0900][7.601s][info][gc,heap     ] GC(190) Survivor regions: 1->1(31)
[2026-03-27T03:18:09.387+0900][7.601s][info][gc,heap     ] GC(190) Old regions: 1->1
[2026-03-27T03:18:09.387+0900][7.601s][info][gc,heap     ] GC(190) Archive regions: 0->0
[2026-03-27T03:18:09.387+0900][7.601s][info][gc,heap     ] GC(190) Humongous regions: 210->178
[2026-03-27T03:18:09.388+0900][7.601s][info][gc,metaspace] GC(190) Metaspace: 282K(512K)->282K(512K) NonClass: 270K(384K)->270K(384K) Class: 12K(128K)->12K(128K)
[2026-03-27T03:18:09.388+0900][7.601s][info][gc          ] GC(190) Pause Young (Concurrent Start) (G1 Humongous Allocation) 244M->179M(469M) 1.907ms
[2026-03-27T03:18:09.388+0900][7.601s][info][gc,cpu      ] GC(190) User=0.00s Sys=0.00s Real=0.00s
[2026-03-27T03:18:09.388+0900][7.601s][info][gc          ] GC(191) Concurrent Undo Cycle
[2026-03-27T03:18:09.388+0900][7.601s][info][gc,marking  ] GC(191) Concurrent Cleanup for Next Mark
[2026-03-27T03:18:09.388+0900][7.601s][info][gc,marking  ] GC(191) Concurrent Cleanup for Next Mark 0.317ms
[2026-03-27T03:18:09.388+0900][7.601s][info][gc          ] GC(191) Concurrent Undo Cycle 0.419ms
[2026-03-27T03:18:09.494+0900][7.708s][info][gc,start    ] GC(192) Pause Young (Concurrent Start) (G1 Humongous Allocation)
[2026-03-27T03:18:09.494+0900][7.708s][info][gc,task     ] GC(192) Using 11 workers of 14 for evacuation
[2026-03-27T03:18:09.496+0900][7.710s][info][gc,phases   ] GC(192)   Pre Evacuate Collection Set: 0.3ms
[2026-03-27T03:18:09.496+0900][7.710s][info][gc,phases   ] GC(192)   Merge Heap Roots: 0.3ms
[2026-03-27T03:18:09.496+0900][7.710s][info][gc,phases   ] GC(192)   Evacuate Collection Set: 0.4ms
[2026-03-27T03:18:09.496+0900][7.710s][info][gc,phases   ] GC(192)   Post Evacuate Collection Set: 1.0ms
[2026-03-27T03:18:09.496+0900][7.710s][info][gc,phases   ] GC(192)   Other: 0.2ms
[2026-03-27T03:18:09.496+0900][7.710s][info][gc,heap     ] GC(192) Eden regions: 34->0(241)
[2026-03-27T03:18:09.496+0900][7.710s][info][gc,heap     ] GC(192) Survivor regions: 1->1(31)
[2026-03-27T03:18:09.496+0900][7.710s][info][gc,heap     ] GC(192) Old regions: 1->1
[2026-03-27T03:18:09.496+0900][7.710s][info][gc,heap     ] GC(192) Archive regions: 0->0
[2026-03-27T03:18:09.496+0900][7.710s][info][gc,heap     ] GC(192) Humongous regions: 210->178
[2026-03-27T03:18:09.496+0900][7.710s][info][gc,metaspace] GC(192) Metaspace: 282K(512K)->282K(512K) NonClass: 270K(384K)->270K(384K) Class: 12K(128K)->12K(128K)
[2026-03-27T03:18:09.496+0900][7.710s][info][gc          ] GC(192) Pause Young (Concurrent Start) (G1 Humongous Allocation) 244M->179M(469M) 2.429ms
[2026-03-27T03:18:09.496+0900][7.710s][info][gc,cpu      ] GC(192) User=0.00s Sys=0.00s Real=0.00s
[2026-03-27T03:18:09.496+0900][7.710s][info][gc          ] GC(193) Concurrent Undo Cycle
[2026-03-27T03:18:09.496+0900][7.710s][info][gc,marking  ] GC(193) Concurrent Cleanup for Next Mark
[2026-03-27T03:18:09.497+0900][7.711s][info][gc,marking  ] GC(193) Concurrent Cleanup for Next Mark 0.371ms
[2026-03-27T03:18:09.497+0900][7.711s][info][gc          ] GC(193) Concurrent Undo Cycle 0.454ms
[2026-03-27T03:18:09.602+0900][7.816s][info][gc,start    ] GC(194) Pause Young (Concurrent Start) (G1 Humongous Allocation)
[2026-03-27T03:18:09.602+0900][7.816s][info][gc,task     ] GC(194) Using 11 workers of 14 for evacuation
[2026-03-27T03:18:09.605+0900][7.818s][info][gc,phases   ] GC(194)   Pre Evacuate Collection Set: 0.3ms
[2026-03-27T03:18:09.605+0900][7.818s][info][gc,phases   ] GC(194)   Merge Heap Roots: 0.3ms
[2026-03-27T03:18:09.605+0900][7.818s][info][gc,phases   ] GC(194)   Evacuate Collection Set: 0.5ms
[2026-03-27T03:18:09.605+0900][7.819s][info][gc,phases   ] GC(194)   Post Evacuate Collection Set: 1.0ms
[2026-03-27T03:18:09.605+0900][7.819s][info][gc,phases   ] GC(194)   Other: 0.2ms
[2026-03-27T03:18:09.605+0900][7.819s][info][gc,heap     ] GC(194) Eden regions: 34->0(241)
[2026-03-27T03:18:09.605+0900][7.819s][info][gc,heap     ] GC(194) Survivor regions: 1->1(31)
[2026-03-27T03:18:09.605+0900][7.819s][info][gc,heap     ] GC(194) Old regions: 1->1
[2026-03-27T03:18:09.605+0900][7.819s][info][gc,heap     ] GC(194) Archive regions: 0->0
[2026-03-27T03:18:09.605+0900][7.819s][info][gc,heap     ] GC(194) Humongous regions: 210->178
[2026-03-27T03:18:09.605+0900][7.819s][info][gc,metaspace] GC(194) Metaspace: 282K(512K)->282K(512K) NonClass: 270K(384K)->270K(384K) Class: 12K(128K)->12K(128K)
[2026-03-27T03:18:09.605+0900][7.819s][info][gc          ] GC(194) Pause Young (Concurrent Start) (G1 Humongous Allocation) 244M->179M(469M) 2.524ms
[2026-03-27T03:18:09.605+0900][7.819s][info][gc,cpu      ] GC(194) User=0.00s Sys=0.00s Real=0.00s
[2026-03-27T03:18:09.605+0900][7.819s][info][gc          ] GC(195) Concurrent Undo Cycle
[2026-03-27T03:18:09.605+0900][7.819s][info][gc,marking  ] GC(195) Concurrent Cleanup for Next Mark
[2026-03-27T03:18:09.605+0900][7.819s][info][gc,marking  ] GC(195) Concurrent Cleanup for Next Mark 0.288ms
[2026-03-27T03:18:09.606+0900][7.819s][info][gc          ] GC(195) Concurrent Undo Cycle 0.381ms
[2026-03-27T03:18:09.713+0900][7.927s][info][gc,start    ] GC(196) Pause Young (Concurrent Start) (G1 Humongous Allocation)
[2026-03-27T03:18:09.714+0900][7.927s][info][gc,task     ] GC(196) Using 11 workers of 14 for evacuation
[2026-03-27T03:18:09.715+0900][7.929s][info][gc,phases   ] GC(196)   Pre Evacuate Collection Set: 0.2ms
[2026-03-27T03:18:09.715+0900][7.929s][info][gc,phases   ] GC(196)   Merge Heap Roots: 0.2ms
[2026-03-27T03:18:09.715+0900][7.929s][info][gc,phases   ] GC(196)   Evacuate Collection Set: 0.4ms
[2026-03-27T03:18:09.715+0900][7.929s][info][gc,phases   ] GC(196)   Post Evacuate Collection Set: 0.5ms
[2026-03-27T03:18:09.715+0900][7.929s][info][gc,phases   ] GC(196)   Other: 0.2ms
[2026-03-27T03:18:09.715+0900][7.929s][info][gc,heap     ] GC(196) Eden regions: 34->0(241)
[2026-03-27T03:18:09.715+0900][7.929s][info][gc,heap     ] GC(196) Survivor regions: 1->1(31)
[2026-03-27T03:18:09.715+0900][7.929s][info][gc,heap     ] GC(196) Old regions: 1->1
[2026-03-27T03:18:09.715+0900][7.929s][info][gc,heap     ] GC(196) Archive regions: 0->0
[2026-03-27T03:18:09.715+0900][7.929s][info][gc,heap     ] GC(196) Humongous regions: 210->178
[2026-03-27T03:18:09.715+0900][7.929s][info][gc,metaspace] GC(196) Metaspace: 282K(512K)->282K(512K) NonClass: 270K(384K)->270K(384K) Class: 12K(128K)->12K(128K)
[2026-03-27T03:18:09.715+0900][7.929s][info][gc          ] GC(196) Pause Young (Concurrent Start) (G1 Humongous Allocation) 244M->179M(469M) 1.734ms
[2026-03-27T03:18:09.715+0900][7.929s][info][gc,cpu      ] GC(196) User=0.00s Sys=0.00s Real=0.00s
[2026-03-27T03:18:09.715+0900][7.929s][info][gc          ] GC(197) Concurrent Undo Cycle
[2026-03-27T03:18:09.715+0900][7.929s][info][gc,marking  ] GC(197) Concurrent Cleanup for Next Mark
[2026-03-27T03:18:09.716+0900][7.930s][info][gc,marking  ] GC(197) Concurrent Cleanup for Next Mark 0.296ms
[2026-03-27T03:18:09.716+0900][7.930s][info][gc          ] GC(197) Concurrent Undo Cycle 0.375ms
[2026-03-27T03:18:09.833+0900][8.047s][info][gc,start    ] GC(198) Pause Young (Concurrent Start) (G1 Humongous Allocation)
[2026-03-27T03:18:09.833+0900][8.047s][info][gc,task     ] GC(198) Using 11 workers of 14 for evacuation
[2026-03-27T03:18:09.834+0900][8.049s][info][gc,phases   ] GC(198)   Pre Evacuate Collection Set: 0.2ms
[2026-03-27T03:18:09.834+0900][8.049s][info][gc,phases   ] GC(198)   Merge Heap Roots: 0.2ms
[2026-03-27T03:18:09.834+0900][8.049s][info][gc,phases   ] GC(198)   Evacuate Collection Set: 0.4ms
[2026-03-27T03:18:09.834+0900][8.049s][info][gc,phases   ] GC(198)   Post Evacuate Collection Set: 0.6ms
[2026-03-27T03:18:09.834+0900][8.049s][info][gc,phases   ] GC(198)   Other: 0.2ms
[2026-03-27T03:18:09.834+0900][8.049s][info][gc,heap     ] GC(198) Eden regions: 34->0(241)
[2026-03-27T03:18:09.834+0900][8.049s][info][gc,heap     ] GC(198) Survivor regions: 1->1(31)
[2026-03-27T03:18:09.834+0900][8.049s][info][gc,heap     ] GC(198) Old regions: 1->1
[2026-03-27T03:18:09.834+0900][8.049s][info][gc,heap     ] GC(198) Archive regions: 0->0
[2026-03-27T03:18:09.834+0900][8.049s][info][gc,heap     ] GC(198) Humongous regions: 210->178
[2026-03-27T03:18:09.834+0900][8.049s][info][gc,metaspace] GC(198) Metaspace: 282K(512K)->282K(512K) NonClass: 270K(384K)->270K(384K) Class: 12K(128K)->12K(128K)
[2026-03-27T03:18:09.834+0900][8.049s][info][gc          ] GC(198) Pause Young (Concurrent Start) (G1 Humongous Allocation) 244M->179M(469M) 1.718ms
[2026-03-27T03:18:09.834+0900][8.049s][info][gc,cpu      ] GC(198) User=0.00s Sys=0.00s Real=0.00s
[2026-03-27T03:18:09.835+0900][8.049s][info][gc          ] GC(199) Concurrent Undo Cycle
[2026-03-27T03:18:09.835+0900][8.049s][info][gc,marking  ] GC(199) Concurrent Cleanup for Next Mark
[2026-03-27T03:18:09.835+0900][8.049s][info][gc,marking  ] GC(199) Concurrent Cleanup for Next Mark 0.282ms
[2026-03-27T03:18:09.835+0900][8.049s][info][gc          ] GC(199) Concurrent Undo Cycle 0.363ms
[2026-03-27T03:18:09.942+0900][8.156s][info][gc,start    ] GC(200) Pause Young (Concurrent Start) (G1 Humongous Allocation)
[2026-03-27T03:18:09.942+0900][8.156s][info][gc,task     ] GC(200) Using 11 workers of 14 for evacuation
[2026-03-27T03:18:09.943+0900][8.157s][info][gc,phases   ] GC(200)   Pre Evacuate Collection Set: 0.2ms
[2026-03-27T03:18:09.943+0900][8.157s][info][gc,phases   ] GC(200)   Merge Heap Roots: 0.2ms
[2026-03-27T03:18:09.943+0900][8.157s][info][gc,phases   ] GC(200)   Evacuate Collection Set: 0.4ms
[2026-03-27T03:18:09.944+0900][8.157s][info][gc,phases   ] GC(200)   Post Evacuate Collection Set: 0.4ms
[2026-03-27T03:18:09.944+0900][8.157s][info][gc,phases   ] GC(200)   Other: 0.2ms
[2026-03-27T03:18:09.944+0900][8.157s][info][gc,heap     ] GC(200) Eden regions: 34->0(241)
[2026-03-27T03:18:09.944+0900][8.157s][info][gc,heap     ] GC(200) Survivor regions: 1->1(31)
[2026-03-27T03:18:09.944+0900][8.157s][info][gc,heap     ] GC(200) Old regions: 1->1
[2026-03-27T03:18:09.944+0900][8.157s][info][gc,heap     ] GC(200) Archive regions: 0->0
[2026-03-27T03:18:09.944+0900][8.157s][info][gc,heap     ] GC(200) Humongous regions: 210->178
[2026-03-27T03:18:09.944+0900][8.157s][info][gc,metaspace] GC(200) Metaspace: 282K(512K)->282K(512K) NonClass: 270K(384K)->270K(384K) Class: 12K(128K)->12K(128K)
[2026-03-27T03:18:09.944+0900][8.157s][info][gc          ] GC(200) Pause Young (Concurrent Start) (G1 Humongous Allocation) 244M->179M(469M) 1.567ms
[2026-03-27T03:18:09.944+0900][8.157s][info][gc,cpu      ] GC(200) User=0.00s Sys=0.00s Real=0.00s
[2026-03-27T03:18:09.944+0900][8.157s][info][gc          ] GC(201) Concurrent Undo Cycle
[2026-03-27T03:18:09.944+0900][8.157s][info][gc,marking  ] GC(201) Concurrent Cleanup for Next Mark
[2026-03-27T03:18:09.944+0900][8.158s][info][gc,marking  ] GC(201) Concurrent Cleanup for Next Mark 0.295ms
[2026-03-27T03:18:09.944+0900][8.158s][info][gc          ] GC(201) Concurrent Undo Cycle 0.374ms
[2026-03-27T03:18:10.049+0900][8.263s][info][gc,start    ] GC(202) Pause Young (Concurrent Start) (G1 Humongous Allocation)
[2026-03-27T03:18:10.049+0900][8.263s][info][gc,task     ] GC(202) Using 11 workers of 14 for evacuation
[2026-03-27T03:18:10.051+0900][8.265s][info][gc,phases   ] GC(202)   Pre Evacuate Collection Set: 0.3ms
[2026-03-27T03:18:10.051+0900][8.265s][info][gc,phases   ] GC(202)   Merge Heap Roots: 0.7ms
[2026-03-27T03:18:10.051+0900][8.265s][info][gc,phases   ] GC(202)   Evacuate Collection Set: 0.5ms
[2026-03-27T03:18:10.051+0900][8.265s][info][gc,phases   ] GC(202)   Post Evacuate Collection Set: 0.6ms
[2026-03-27T03:18:10.051+0900][8.265s][info][gc,phases   ] GC(202)   Other: 0.4ms
[2026-03-27T03:18:10.051+0900][8.265s][info][gc,heap     ] GC(202) Eden regions: 34->0(241)
[2026-03-27T03:18:10.051+0900][8.266s][info][gc,heap     ] GC(202) Survivor regions: 1->1(31)
[2026-03-27T03:18:10.051+0900][8.266s][info][gc,heap     ] GC(202) Old regions: 1->1
[2026-03-27T03:18:10.051+0900][8.266s][info][gc,heap     ] GC(202) Archive regions: 0->0
[2026-03-27T03:18:10.051+0900][8.266s][info][gc,heap     ] GC(202) Humongous regions: 210->178
[2026-03-27T03:18:10.051+0900][8.266s][info][gc,metaspace] GC(202) Metaspace: 282K(512K)->282K(512K) NonClass: 270K(384K)->270K(384K) Class: 12K(128K)->12K(128K)
[2026-03-27T03:18:10.051+0900][8.266s][info][gc          ] GC(202) Pause Young (Concurrent Start) (G1 Humongous Allocation) 244M->179M(469M) 2.652ms
[2026-03-27T03:18:10.051+0900][8.266s][info][gc,cpu      ] GC(202) User=0.00s Sys=0.00s Real=0.00s
[2026-03-27T03:18:10.051+0900][8.266s][info][gc          ] GC(203) Concurrent Undo Cycle
[2026-03-27T03:18:10.052+0900][8.266s][info][gc,marking  ] GC(203) Concurrent Cleanup for Next Mark
[2026-03-27T03:18:10.052+0900][8.266s][info][gc,marking  ] GC(203) Concurrent Cleanup for Next Mark 0.388ms
[2026-03-27T03:18:10.052+0900][8.266s][info][gc          ] GC(203) Concurrent Undo Cycle 0.459ms
[2026-03-27T03:18:10.159+0900][8.372s][info][gc,start    ] GC(204) Pause Young (Concurrent Start) (G1 Humongous Allocation)
[2026-03-27T03:18:10.159+0900][8.372s][info][gc,task     ] GC(204) Using 11 workers of 14 for evacuation
[2026-03-27T03:18:10.160+0900][8.374s][info][gc,phases   ] GC(204)   Pre Evacuate Collection Set: 0.1ms
[2026-03-27T03:18:10.160+0900][8.374s][info][gc,phases   ] GC(204)   Merge Heap Roots: 0.2ms
[2026-03-27T03:18:10.160+0900][8.374s][info][gc,phases   ] GC(204)   Evacuate Collection Set: 0.4ms
[2026-03-27T03:18:10.160+0900][8.374s][info][gc,phases   ] GC(204)   Post Evacuate Collection Set: 0.6ms
[2026-03-27T03:18:10.160+0900][8.374s][info][gc,phases   ] GC(204)   Other: 0.2ms
[2026-03-27T03:18:10.160+0900][8.374s][info][gc,heap     ] GC(204) Eden regions: 34->0(241)
[2026-03-27T03:18:10.160+0900][8.374s][info][gc,heap     ] GC(204) Survivor regions: 1->1(31)
[2026-03-27T03:18:10.160+0900][8.374s][info][gc,heap     ] GC(204) Old regions: 1->1
[2026-03-27T03:18:10.160+0900][8.374s][info][gc,heap     ] GC(204) Archive regions: 0->0
[2026-03-27T03:18:10.160+0900][8.374s][info][gc,heap     ] GC(204) Humongous regions: 210->178
[2026-03-27T03:18:10.160+0900][8.374s][info][gc,metaspace] GC(204) Metaspace: 282K(512K)->282K(512K) NonClass: 270K(384K)->270K(384K) Class: 12K(128K)->12K(128K)
[2026-03-27T03:18:10.160+0900][8.374s][info][gc          ] GC(204) Pause Young (Concurrent Start) (G1 Humongous Allocation) 244M->179M(469M) 1.615ms
[2026-03-27T03:18:10.160+0900][8.374s][info][gc,cpu      ] GC(204) User=0.00s Sys=0.00s Real=0.00s
[2026-03-27T03:18:10.160+0900][8.374s][info][gc          ] GC(205) Concurrent Undo Cycle
[2026-03-27T03:18:10.160+0900][8.374s][info][gc,marking  ] GC(205) Concurrent Cleanup for Next Mark
[2026-03-27T03:18:10.160+0900][8.374s][info][gc,marking  ] GC(205) Concurrent Cleanup for Next Mark 0.277ms
[2026-03-27T03:18:10.160+0900][8.374s][info][gc          ] GC(205) Concurrent Undo Cycle 0.357ms
[2026-03-27T03:18:10.267+0900][8.481s][info][gc,start    ] GC(206) Pause Young (Concurrent Start) (G1 Humongous Allocation)
[2026-03-27T03:18:10.267+0900][8.481s][info][gc,task     ] GC(206) Using 11 workers of 14 for evacuation
[2026-03-27T03:18:10.269+0900][8.483s][info][gc,phases   ] GC(206)   Pre Evacuate Collection Set: 0.3ms
[2026-03-27T03:18:10.269+0900][8.483s][info][gc,phases   ] GC(206)   Merge Heap Roots: 0.3ms
[2026-03-27T03:18:10.269+0900][8.483s][info][gc,phases   ] GC(206)   Evacuate Collection Set: 0.5ms
[2026-03-27T03:18:10.269+0900][8.483s][info][gc,phases   ] GC(206)   Post Evacuate Collection Set: 0.9ms
[2026-03-27T03:18:10.270+0900][8.483s][info][gc,phases   ] GC(206)   Other: 0.2ms
[2026-03-27T03:18:10.270+0900][8.483s][info][gc,heap     ] GC(206) Eden regions: 34->0(241)
[2026-03-27T03:18:10.270+0900][8.483s][info][gc,heap     ] GC(206) Survivor regions: 1->1(31)
[2026-03-27T03:18:10.270+0900][8.483s][info][gc,heap     ] GC(206) Old regions: 1->1
[2026-03-27T03:18:10.270+0900][8.483s][info][gc,heap     ] GC(206) Archive regions: 0->0
[2026-03-27T03:18:10.270+0900][8.483s][info][gc,heap     ] GC(206) Humongous regions: 210->178
[2026-03-27T03:18:10.270+0900][8.483s][info][gc,metaspace] GC(206) Metaspace: 282K(512K)->282K(512K) NonClass: 270K(384K)->270K(384K) Class: 12K(128K)->12K(128K)
[2026-03-27T03:18:10.270+0900][8.483s][info][gc          ] GC(206) Pause Young (Concurrent Start) (G1 Humongous Allocation) 244M->179M(469M) 2.439ms
[2026-03-27T03:18:10.270+0900][8.483s][info][gc,cpu      ] GC(206) User=0.00s Sys=0.00s Real=0.00s
[2026-03-27T03:18:10.270+0900][8.483s][info][gc          ] GC(207) Concurrent Undo Cycle
[2026-03-27T03:18:10.270+0900][8.483s][info][gc,marking  ] GC(207) Concurrent Cleanup for Next Mark
[2026-03-27T03:18:10.270+0900][8.484s][info][gc,marking  ] GC(207) Concurrent Cleanup for Next Mark 0.321ms
[2026-03-27T03:18:10.270+0900][8.484s][info][gc          ] GC(207) Concurrent Undo Cycle 0.409ms
[2026-03-27T03:18:10.376+0900][8.590s][info][gc,start    ] GC(208) Pause Young (Concurrent Start) (G1 Humongous Allocation)
[2026-03-27T03:18:10.376+0900][8.590s][info][gc,task     ] GC(208) Using 11 workers of 14 for evacuation
[2026-03-27T03:18:10.378+0900][8.591s][info][gc,phases   ] GC(208)   Pre Evacuate Collection Set: 0.2ms
[2026-03-27T03:18:10.378+0900][8.591s][info][gc,phases   ] GC(208)   Merge Heap Roots: 0.2ms
[2026-03-27T03:18:10.378+0900][8.591s][info][gc,phases   ] GC(208)   Evacuate Collection Set: 0.6ms
[2026-03-27T03:18:10.378+0900][8.591s][info][gc,phases   ] GC(208)   Post Evacuate Collection Set: 0.5ms
[2026-03-27T03:18:10.378+0900][8.591s][info][gc,phases   ] GC(208)   Other: 0.2ms
[2026-03-27T03:18:10.378+0900][8.591s][info][gc,heap     ] GC(208) Eden regions: 34->0(241)
[2026-03-27T03:18:10.378+0900][8.591s][info][gc,heap     ] GC(208) Survivor regions: 1->1(31)
[2026-03-27T03:18:10.378+0900][8.591s][info][gc,heap     ] GC(208) Old regions: 1->1
[2026-03-27T03:18:10.378+0900][8.591s][info][gc,heap     ] GC(208) Archive regions: 0->0
[2026-03-27T03:18:10.378+0900][8.591s][info][gc,heap     ] GC(208) Humongous regions: 210->178
[2026-03-27T03:18:10.378+0900][8.591s][info][gc,metaspace] GC(208) Metaspace: 282K(512K)->282K(512K) NonClass: 270K(384K)->270K(384K) Class: 12K(128K)->12K(128K)
[2026-03-27T03:18:10.378+0900][8.591s][info][gc          ] GC(208) Pause Young (Concurrent Start) (G1 Humongous Allocation) 244M->179M(469M) 1.771ms
[2026-03-27T03:18:10.378+0900][8.591s][info][gc,cpu      ] GC(208) User=0.00s Sys=0.00s Real=0.00s
[2026-03-27T03:18:10.378+0900][8.591s][info][gc          ] GC(209) Concurrent Undo Cycle
[2026-03-27T03:18:10.378+0900][8.592s][info][gc,marking  ] GC(209) Concurrent Cleanup for Next Mark
[2026-03-27T03:18:10.378+0900][8.592s][info][gc,marking  ] GC(209) Concurrent Cleanup for Next Mark 0.306ms
[2026-03-27T03:18:10.378+0900][8.592s][info][gc          ] GC(209) Concurrent Undo Cycle 0.388ms
[2026-03-27T03:18:10.484+0900][8.698s][info][gc,start    ] GC(210) Pause Young (Concurrent Start) (G1 Humongous Allocation)
[2026-03-27T03:18:10.484+0900][8.698s][info][gc,task     ] GC(210) Using 11 workers of 14 for evacuation
[2026-03-27T03:18:10.487+0900][8.700s][info][gc,phases   ] GC(210)   Pre Evacuate Collection Set: 0.3ms
[2026-03-27T03:18:10.487+0900][8.701s][info][gc,phases   ] GC(210)   Merge Heap Roots: 0.3ms
[2026-03-27T03:18:10.487+0900][8.701s][info][gc,phases   ] GC(210)   Evacuate Collection Set: 0.6ms
[2026-03-27T03:18:10.487+0900][8.701s][info][gc,phases   ] GC(210)   Post Evacuate Collection Set: 0.9ms
[2026-03-27T03:18:10.487+0900][8.701s][info][gc,phases   ] GC(210)   Other: 0.2ms
[2026-03-27T03:18:10.487+0900][8.701s][info][gc,heap     ] GC(210) Eden regions: 34->0(241)
[2026-03-27T03:18:10.487+0900][8.701s][info][gc,heap     ] GC(210) Survivor regions: 1->1(31)
[2026-03-27T03:18:10.487+0900][8.701s][info][gc,heap     ] GC(210) Old regions: 1->1
[2026-03-27T03:18:10.487+0900][8.701s][info][gc,heap     ] GC(210) Archive regions: 0->0
[2026-03-27T03:18:10.487+0900][8.701s][info][gc,heap     ] GC(210) Humongous regions: 210->178
[2026-03-27T03:18:10.487+0900][8.701s][info][gc,metaspace] GC(210) Metaspace: 282K(512K)->282K(512K) NonClass: 270K(384K)->270K(384K) Class: 12K(128K)->12K(128K)
[2026-03-27T03:18:10.487+0900][8.701s][info][gc          ] GC(210) Pause Young (Concurrent Start) (G1 Humongous Allocation) 244M->179M(469M) 2.396ms
[2026-03-27T03:18:10.487+0900][8.701s][info][gc,cpu      ] GC(210) User=0.11s Sys=0.02s Real=0.00s
[2026-03-27T03:18:10.487+0900][8.701s][info][gc          ] GC(211) Concurrent Undo Cycle
[2026-03-27T03:18:10.487+0900][8.701s][info][gc,marking  ] GC(211) Concurrent Cleanup for Next Mark
[2026-03-27T03:18:10.487+0900][8.701s][info][gc,marking  ] GC(211) Concurrent Cleanup for Next Mark 0.550ms
[2026-03-27T03:18:10.487+0900][8.701s][info][gc          ] GC(211) Concurrent Undo Cycle 0.639ms
[2026-03-27T03:18:10.592+0900][8.806s][info][gc,start    ] GC(212) Pause Young (Concurrent Start) (G1 Humongous Allocation)
[2026-03-27T03:18:10.592+0900][8.806s][info][gc,task     ] GC(212) Using 11 workers of 14 for evacuation
[2026-03-27T03:18:10.594+0900][8.808s][info][gc,phases   ] GC(212)   Pre Evacuate Collection Set: 0.2ms
[2026-03-27T03:18:10.594+0900][8.808s][info][gc,phases   ] GC(212)   Merge Heap Roots: 0.2ms
[2026-03-27T03:18:10.594+0900][8.808s][info][gc,phases   ] GC(212)   Evacuate Collection Set: 0.5ms
[2026-03-27T03:18:10.594+0900][8.808s][info][gc,phases   ] GC(212)   Post Evacuate Collection Set: 0.7ms
[2026-03-27T03:18:10.594+0900][8.808s][info][gc,phases   ] GC(212)   Other: 0.2ms
[2026-03-27T03:18:10.594+0900][8.808s][info][gc,heap     ] GC(212) Eden regions: 34->0(241)
[2026-03-27T03:18:10.594+0900][8.808s][info][gc,heap     ] GC(212) Survivor regions: 1->1(31)
[2026-03-27T03:18:10.594+0900][8.808s][info][gc,heap     ] GC(212) Old regions: 1->1
[2026-03-27T03:18:10.594+0900][8.808s][info][gc,heap     ] GC(212) Archive regions: 0->0
[2026-03-27T03:18:10.594+0900][8.808s][info][gc,heap     ] GC(212) Humongous regions: 210->178
[2026-03-27T03:18:10.594+0900][8.808s][info][gc,metaspace] GC(212) Metaspace: 282K(512K)->282K(512K) NonClass: 270K(384K)->270K(384K) Class: 12K(128K)->12K(128K)
[2026-03-27T03:18:10.594+0900][8.808s][info][gc          ] GC(212) Pause Young (Concurrent Start) (G1 Humongous Allocation) 244M->179M(469M) 1.874ms
[2026-03-27T03:18:10.594+0900][8.808s][info][gc,cpu      ] GC(212) User=0.00s Sys=0.00s Real=0.00s
[2026-03-27T03:18:10.594+0900][8.808s][info][gc          ] GC(213) Concurrent Undo Cycle
[2026-03-27T03:18:10.594+0900][8.808s][info][gc,marking  ] GC(213) Concurrent Cleanup for Next Mark
[2026-03-27T03:18:10.595+0900][8.808s][info][gc,marking  ] GC(213) Concurrent Cleanup for Next Mark 0.317ms
[2026-03-27T03:18:10.595+0900][8.808s][info][gc          ] GC(213) Concurrent Undo Cycle 0.403ms
[2026-03-27T03:18:10.701+0900][8.914s][info][gc,start    ] GC(214) Pause Young (Concurrent Start) (G1 Humongous Allocation)
[2026-03-27T03:18:10.701+0900][8.915s][info][gc,task     ] GC(214) Using 11 workers of 14 for evacuation
[2026-03-27T03:18:10.703+0900][8.916s][info][gc,phases   ] GC(214)   Pre Evacuate Collection Set: 0.3ms
[2026-03-27T03:18:10.703+0900][8.916s][info][gc,phases   ] GC(214)   Merge Heap Roots: 0.3ms
[2026-03-27T03:18:10.703+0900][8.916s][info][gc,phases   ] GC(214)   Evacuate Collection Set: 0.2ms
[2026-03-27T03:18:10.703+0900][8.916s][info][gc,phases   ] GC(214)   Post Evacuate Collection Set: 0.8ms
[2026-03-27T03:18:10.703+0900][8.916s][info][gc,phases   ] GC(214)   Other: 0.2ms
[2026-03-27T03:18:10.703+0900][8.916s][info][gc,heap     ] GC(214) Eden regions: 34->0(241)
[2026-03-27T03:18:10.703+0900][8.916s][info][gc,heap     ] GC(214) Survivor regions: 1->1(31)
[2026-03-27T03:18:10.703+0900][8.916s][info][gc,heap     ] GC(214) Old regions: 1->1
[2026-03-27T03:18:10.703+0900][8.916s][info][gc,heap     ] GC(214) Archive regions: 0->0
[2026-03-27T03:18:10.703+0900][8.916s][info][gc,heap     ] GC(214) Humongous regions: 210->178
[2026-03-27T03:18:10.703+0900][8.916s][info][gc,metaspace] GC(214) Metaspace: 282K(512K)->282K(512K) NonClass: 270K(384K)->270K(384K) Class: 12K(128K)->12K(128K)
[2026-03-27T03:18:10.703+0900][8.916s][info][gc          ] GC(214) Pause Young (Concurrent Start) (G1 Humongous Allocation) 244M->179M(469M) 1.964ms
[2026-03-27T03:18:10.703+0900][8.916s][info][gc,cpu      ] GC(214) User=0.00s Sys=0.00s Real=0.00s
[2026-03-27T03:18:10.703+0900][8.917s][info][gc          ] GC(215) Concurrent Undo Cycle
[2026-03-27T03:18:10.703+0900][8.917s][info][gc,marking  ] GC(215) Concurrent Cleanup for Next Mark
[2026-03-27T03:18:10.704+0900][8.917s][info][gc,marking  ] GC(215) Concurrent Cleanup for Next Mark 0.294ms
[2026-03-27T03:18:10.704+0900][8.917s][info][gc          ] GC(215) Concurrent Undo Cycle 0.449ms
[2026-03-27T03:18:10.810+0900][9.024s][info][gc,start    ] GC(216) Pause Young (Concurrent Start) (G1 Humongous Allocation)
[2026-03-27T03:18:10.810+0900][9.024s][info][gc,task     ] GC(216) Using 11 workers of 14 for evacuation
[2026-03-27T03:18:10.811+0900][9.025s][info][gc,phases   ] GC(216)   Pre Evacuate Collection Set: 0.1ms
[2026-03-27T03:18:10.811+0900][9.025s][info][gc,phases   ] GC(216)   Merge Heap Roots: 0.3ms
[2026-03-27T03:18:10.811+0900][9.025s][info][gc,phases   ] GC(216)   Evacuate Collection Set: 0.2ms
[2026-03-27T03:18:10.811+0900][9.025s][info][gc,phases   ] GC(216)   Post Evacuate Collection Set: 0.6ms
[2026-03-27T03:18:10.811+0900][9.025s][info][gc,phases   ] GC(216)   Other: 0.2ms
[2026-03-27T03:18:10.811+0900][9.025s][info][gc,heap     ] GC(216) Eden regions: 34->0(241)
[2026-03-27T03:18:10.811+0900][9.025s][info][gc,heap     ] GC(216) Survivor regions: 1->1(31)
[2026-03-27T03:18:10.811+0900][9.025s][info][gc,heap     ] GC(216) Old regions: 1->1
[2026-03-27T03:18:10.811+0900][9.025s][info][gc,heap     ] GC(216) Archive regions: 0->0
[2026-03-27T03:18:10.811+0900][9.025s][info][gc,heap     ] GC(216) Humongous regions: 210->178
[2026-03-27T03:18:10.811+0900][9.025s][info][gc,metaspace] GC(216) Metaspace: 282K(512K)->282K(512K) NonClass: 270K(384K)->270K(384K) Class: 12K(128K)->12K(128K)
[2026-03-27T03:18:10.811+0900][9.025s][info][gc          ] GC(216) Pause Young (Concurrent Start) (G1 Humongous Allocation) 244M->179M(469M) 1.556ms
[2026-03-27T03:18:10.811+0900][9.025s][info][gc,cpu      ] GC(216) User=0.00s Sys=0.00s Real=0.00s
[2026-03-27T03:18:10.811+0900][9.025s][info][gc          ] GC(217) Concurrent Undo Cycle
[2026-03-27T03:18:10.812+0900][9.025s][info][gc,marking  ] GC(217) Concurrent Cleanup for Next Mark
[2026-03-27T03:18:10.812+0900][9.026s][info][gc,marking  ] GC(217) Concurrent Cleanup for Next Mark 0.267ms
[2026-03-27T03:18:10.812+0900][9.026s][info][gc          ] GC(217) Concurrent Undo Cycle 0.333ms
[2026-03-27T03:18:10.921+0900][9.134s][info][gc,start    ] GC(218) Pause Young (Concurrent Start) (G1 Humongous Allocation)
[2026-03-27T03:18:10.921+0900][9.134s][info][gc,task     ] GC(218) Using 11 workers of 14 for evacuation
[2026-03-27T03:18:10.922+0900][9.136s][info][gc,phases   ] GC(218)   Pre Evacuate Collection Set: 0.2ms
[2026-03-27T03:18:10.922+0900][9.136s][info][gc,phases   ] GC(218)   Merge Heap Roots: 0.2ms
[2026-03-27T03:18:10.922+0900][9.136s][info][gc,phases   ] GC(218)   Evacuate Collection Set: 0.3ms
[2026-03-27T03:18:10.922+0900][9.136s][info][gc,phases   ] GC(218)   Post Evacuate Collection Set: 0.6ms
[2026-03-27T03:18:10.922+0900][9.136s][info][gc,phases   ] GC(218)   Other: 0.2ms
[2026-03-27T03:18:10.922+0900][9.136s][info][gc,heap     ] GC(218) Eden regions: 34->0(241)
[2026-03-27T03:18:10.922+0900][9.136s][info][gc,heap     ] GC(218) Survivor regions: 1->1(31)
[2026-03-27T03:18:10.922+0900][9.136s][info][gc,heap     ] GC(218) Old regions: 1->1
[2026-03-27T03:18:10.922+0900][9.136s][info][gc,heap     ] GC(218) Archive regions: 0->0
[2026-03-27T03:18:10.922+0900][9.136s][info][gc,heap     ] GC(218) Humongous regions: 210->178
[2026-03-27T03:18:10.922+0900][9.136s][info][gc,metaspace] GC(218) Metaspace: 282K(512K)->282K(512K) NonClass: 270K(384K)->270K(384K) Class: 12K(128K)->12K(128K)
[2026-03-27T03:18:10.922+0900][9.136s][info][gc          ] GC(218) Pause Young (Concurrent Start) (G1 Humongous Allocation) 244M->179M(469M) 1.635ms
[2026-03-27T03:18:10.922+0900][9.136s][info][gc,cpu      ] GC(218) User=0.00s Sys=0.00s Real=0.00s
[2026-03-27T03:18:10.922+0900][9.136s][info][gc          ] GC(219) Concurrent Undo Cycle
[2026-03-27T03:18:10.922+0900][9.136s][info][gc,marking  ] GC(219) Concurrent Cleanup for Next Mark
[2026-03-27T03:18:10.923+0900][9.137s][info][gc,marking  ] GC(219) Concurrent Cleanup for Next Mark 0.295ms
[2026-03-27T03:18:10.923+0900][9.137s][info][gc          ] GC(219) Concurrent Undo Cycle 0.367ms
[2026-03-27T03:18:11.032+0900][9.246s][info][gc,start    ] GC(220) Pause Young (Concurrent Start) (G1 Humongous Allocation)
[2026-03-27T03:18:11.033+0900][9.247s][info][gc,task     ] GC(220) Using 11 workers of 14 for evacuation
[2026-03-27T03:18:11.033+0900][9.247s][info][gc,phases   ] GC(220)   Pre Evacuate Collection Set: 0.1ms
[2026-03-27T03:18:11.033+0900][9.247s][info][gc,phases   ] GC(220)   Merge Heap Roots: 0.2ms
[2026-03-27T03:18:11.033+0900][9.247s][info][gc,phases   ] GC(220)   Evacuate Collection Set: 0.2ms
[2026-03-27T03:18:11.033+0900][9.247s][info][gc,phases   ] GC(220)   Post Evacuate Collection Set: 0.2ms
[2026-03-27T03:18:11.033+0900][9.247s][info][gc,phases   ] GC(220)   Other: 0.2ms
[2026-03-27T03:18:11.033+0900][9.247s][info][gc,heap     ] GC(220) Eden regions: 34->0(241)
[2026-03-27T03:18:11.033+0900][9.247s][info][gc,heap     ] GC(220) Survivor regions: 1->1(31)
[2026-03-27T03:18:11.033+0900][9.247s][info][gc,heap     ] GC(220) Old regions: 1->1
[2026-03-27T03:18:11.033+0900][9.247s][info][gc,heap     ] GC(220) Archive regions: 0->0
[2026-03-27T03:18:11.033+0900][9.247s][info][gc,heap     ] GC(220) Humongous regions: 210->178
[2026-03-27T03:18:11.033+0900][9.247s][info][gc,metaspace] GC(220) Metaspace: 282K(512K)->282K(512K) NonClass: 270K(384K)->270K(384K) Class: 12K(128K)->12K(128K)
[2026-03-27T03:18:11.033+0900][9.247s][info][gc          ] GC(220) Pause Young (Concurrent Start) (G1 Humongous Allocation) 244M->179M(469M) 0.780ms
[2026-03-27T03:18:11.033+0900][9.247s][info][gc,cpu      ] GC(220) User=0.00s Sys=0.00s Real=0.00s
[2026-03-27T03:18:11.033+0900][9.247s][info][gc          ] GC(221) Concurrent Undo Cycle
[2026-03-27T03:18:11.033+0900][9.247s][info][gc,marking  ] GC(221) Concurrent Cleanup for Next Mark
[2026-03-27T03:18:11.034+0900][9.248s][info][gc,marking  ] GC(221) Concurrent Cleanup for Next Mark 0.278ms
[2026-03-27T03:18:11.034+0900][9.248s][info][gc          ] GC(221) Concurrent Undo Cycle 0.325ms
[2026-03-27T03:18:11.140+0900][9.354s][info][gc,start    ] GC(222) Pause Young (Concurrent Start) (G1 Humongous Allocation)
[2026-03-27T03:18:11.140+0900][9.354s][info][gc,task     ] GC(222) Using 11 workers of 14 for evacuation
[2026-03-27T03:18:11.141+0900][9.355s][info][gc,phases   ] GC(222)   Pre Evacuate Collection Set: 0.1ms
[2026-03-27T03:18:11.141+0900][9.355s][info][gc,phases   ] GC(222)   Merge Heap Roots: 0.2ms
[2026-03-27T03:18:11.141+0900][9.355s][info][gc,phases   ] GC(222)   Evacuate Collection Set: 0.3ms
[2026-03-27T03:18:11.141+0900][9.355s][info][gc,phases   ] GC(222)   Post Evacuate Collection Set: 0.6ms
[2026-03-27T03:18:11.141+0900][9.355s][info][gc,phases   ] GC(222)   Other: 0.1ms
[2026-03-27T03:18:11.141+0900][9.355s][info][gc,heap     ] GC(222) Eden regions: 34->0(241)
[2026-03-27T03:18:11.141+0900][9.355s][info][gc,heap     ] GC(222) Survivor regions: 1->1(31)
[2026-03-27T03:18:11.141+0900][9.355s][info][gc,heap     ] GC(222) Old regions: 1->1
[2026-03-27T03:18:11.141+0900][9.355s][info][gc,heap     ] GC(222) Archive regions: 0->0
[2026-03-27T03:18:11.141+0900][9.355s][info][gc,heap     ] GC(222) Humongous regions: 210->178
[2026-03-27T03:18:11.141+0900][9.355s][info][gc,metaspace] GC(222) Metaspace: 282K(512K)->282K(512K) NonClass: 270K(384K)->270K(384K) Class: 12K(128K)->12K(128K)
[2026-03-27T03:18:11.141+0900][9.355s][info][gc          ] GC(222) Pause Young (Concurrent Start) (G1 Humongous Allocation) 244M->179M(469M) 1.326ms
[2026-03-27T03:18:11.141+0900][9.355s][info][gc,cpu      ] GC(222) User=0.00s Sys=0.00s Real=0.00s
[2026-03-27T03:18:11.141+0900][9.355s][info][gc          ] GC(223) Concurrent Undo Cycle
[2026-03-27T03:18:11.141+0900][9.355s][info][gc,marking  ] GC(223) Concurrent Cleanup for Next Mark
[2026-03-27T03:18:11.141+0900][9.356s][info][gc,marking  ] GC(223) Concurrent Cleanup for Next Mark 0.303ms
[2026-03-27T03:18:11.141+0900][9.356s][info][gc          ] GC(223) Concurrent Undo Cycle 0.375ms
[2026-03-27T03:18:11.250+0900][9.464s][info][gc,start    ] GC(224) Pause Young (Concurrent Start) (G1 Humongous Allocation)
[2026-03-27T03:18:11.250+0900][9.464s][info][gc,task     ] GC(224) Using 11 workers of 14 for evacuation
[2026-03-27T03:18:11.251+0900][9.465s][info][gc,phases   ] GC(224)   Pre Evacuate Collection Set: 0.2ms
[2026-03-27T03:18:11.251+0900][9.465s][info][gc,phases   ] GC(224)   Merge Heap Roots: 0.2ms
[2026-03-27T03:18:11.251+0900][9.465s][info][gc,phases   ] GC(224)   Evacuate Collection Set: 0.3ms
[2026-03-27T03:18:11.251+0900][9.465s][info][gc,phases   ] GC(224)   Post Evacuate Collection Set: 0.7ms
[2026-03-27T03:18:11.251+0900][9.465s][info][gc,phases   ] GC(224)   Other: 0.2ms
[2026-03-27T03:18:11.251+0900][9.465s][info][gc,heap     ] GC(224) Eden regions: 34->0(241)
[2026-03-27T03:18:11.251+0900][9.465s][info][gc,heap     ] GC(224) Survivor regions: 1->1(31)
[2026-03-27T03:18:11.251+0900][9.465s][info][gc,heap     ] GC(224) Old regions: 1->1
[2026-03-27T03:18:11.251+0900][9.465s][info][gc,heap     ] GC(224) Archive regions: 0->0
[2026-03-27T03:18:11.251+0900][9.465s][info][gc,heap     ] GC(224) Humongous regions: 210->178
[2026-03-27T03:18:11.251+0900][9.465s][info][gc,metaspace] GC(224) Metaspace: 282K(512K)->282K(512K) NonClass: 270K(384K)->270K(384K) Class: 12K(128K)->12K(128K)
[2026-03-27T03:18:11.251+0900][9.465s][info][gc          ] GC(224) Pause Young (Concurrent Start) (G1 Humongous Allocation) 244M->179M(469M) 1.663ms
[2026-03-27T03:18:11.251+0900][9.465s][info][gc,cpu      ] GC(224) User=0.00s Sys=0.00s Real=0.00s
[2026-03-27T03:18:11.251+0900][9.465s][info][gc          ] GC(225) Concurrent Undo Cycle
[2026-03-27T03:18:11.251+0900][9.465s][info][gc,marking  ] GC(225) Concurrent Cleanup for Next Mark
[2026-03-27T03:18:11.252+0900][9.466s][info][gc,marking  ] GC(225) Concurrent Cleanup for Next Mark 0.301ms
[2026-03-27T03:18:11.252+0900][9.466s][info][gc          ] GC(225) Concurrent Undo Cycle 0.360ms
[2026-03-27T03:18:11.358+0900][9.572s][info][gc,start    ] GC(226) Pause Young (Concurrent Start) (G1 Humongous Allocation)
[2026-03-27T03:18:11.358+0900][9.572s][info][gc,task     ] GC(226) Using 11 workers of 14 for evacuation
[2026-03-27T03:18:11.359+0900][9.573s][info][gc,phases   ] GC(226)   Pre Evacuate Collection Set: 0.2ms
[2026-03-27T03:18:11.359+0900][9.573s][info][gc,phases   ] GC(226)   Merge Heap Roots: 0.2ms
[2026-03-27T03:18:11.359+0900][9.573s][info][gc,phases   ] GC(226)   Evacuate Collection Set: 0.4ms
[2026-03-27T03:18:11.359+0900][9.573s][info][gc,phases   ] GC(226)   Post Evacuate Collection Set: 0.5ms
[2026-03-27T03:18:11.359+0900][9.573s][info][gc,phases   ] GC(226)   Other: 0.2ms
[2026-03-27T03:18:11.359+0900][9.573s][info][gc,heap     ] GC(226) Eden regions: 34->0(241)
[2026-03-27T03:18:11.359+0900][9.573s][info][gc,heap     ] GC(226) Survivor regions: 1->1(31)
[2026-03-27T03:18:11.359+0900][9.573s][info][gc,heap     ] GC(226) Old regions: 1->1
[2026-03-27T03:18:11.359+0900][9.573s][info][gc,heap     ] GC(226) Archive regions: 0->0
[2026-03-27T03:18:11.359+0900][9.573s][info][gc,heap     ] GC(226) Humongous regions: 210->178
[2026-03-27T03:18:11.359+0900][9.573s][info][gc,metaspace] GC(226) Metaspace: 282K(512K)->282K(512K) NonClass: 270K(384K)->270K(384K) Class: 12K(128K)->12K(128K)
[2026-03-27T03:18:11.359+0900][9.573s][info][gc          ] GC(226) Pause Young (Concurrent Start) (G1 Humongous Allocation) 244M->179M(469M) 1.608ms
[2026-03-27T03:18:11.359+0900][9.573s][info][gc,cpu      ] GC(226) User=0.00s Sys=0.00s Real=0.00s
[2026-03-27T03:18:11.359+0900][9.573s][info][gc          ] GC(227) Concurrent Undo Cycle
[2026-03-27T03:18:11.359+0900][9.574s][info][gc,marking  ] GC(227) Concurrent Cleanup for Next Mark
[2026-03-27T03:18:11.360+0900][9.574s][info][gc,marking  ] GC(227) Concurrent Cleanup for Next Mark 0.291ms
[2026-03-27T03:18:11.360+0900][9.574s][info][gc          ] GC(227) Concurrent Undo Cycle 0.377ms
[2026-03-27T03:18:11.467+0900][9.681s][info][gc,start    ] GC(228) Pause Young (Concurrent Start) (G1 Humongous Allocation)
[2026-03-27T03:18:11.467+0900][9.681s][info][gc,task     ] GC(228) Using 11 workers of 14 for evacuation
[2026-03-27T03:18:11.470+0900][9.684s][info][gc,phases   ] GC(228)   Pre Evacuate Collection Set: 0.3ms
[2026-03-27T03:18:11.470+0900][9.684s][info][gc,phases   ] GC(228)   Merge Heap Roots: 0.4ms
[2026-03-27T03:18:11.470+0900][9.684s][info][gc,phases   ] GC(228)   Evacuate Collection Set: 0.7ms
[2026-03-27T03:18:11.470+0900][9.684s][info][gc,phases   ] GC(228)   Post Evacuate Collection Set: 1.1ms
[2026-03-27T03:18:11.470+0900][9.684s][info][gc,phases   ] GC(228)   Other: 0.3ms
[2026-03-27T03:18:11.470+0900][9.684s][info][gc,heap     ] GC(228) Eden regions: 34->0(241)
[2026-03-27T03:18:11.470+0900][9.684s][info][gc,heap     ] GC(228) Survivor regions: 1->1(31)
[2026-03-27T03:18:11.470+0900][9.684s][info][gc,heap     ] GC(228) Old regions: 1->1
[2026-03-27T03:18:11.470+0900][9.684s][info][gc,heap     ] GC(228) Archive regions: 0->0
[2026-03-27T03:18:11.470+0900][9.684s][info][gc,heap     ] GC(228) Humongous regions: 210->178
[2026-03-27T03:18:11.470+0900][9.684s][info][gc,metaspace] GC(228) Metaspace: 282K(512K)->282K(512K) NonClass: 270K(384K)->270K(384K) Class: 12K(128K)->12K(128K)
[2026-03-27T03:18:11.470+0900][9.684s][info][gc          ] GC(228) Pause Young (Concurrent Start) (G1 Humongous Allocation) 244M->179M(469M) 2.957ms
[2026-03-27T03:18:11.470+0900][9.684s][info][gc,cpu      ] GC(228) User=0.00s Sys=0.00s Real=0.00s
[2026-03-27T03:18:11.470+0900][9.684s][info][gc          ] GC(229) Concurrent Undo Cycle
[2026-03-27T03:18:11.470+0900][9.684s][info][gc,marking  ] GC(229) Concurrent Cleanup for Next Mark
[2026-03-27T03:18:11.471+0900][9.684s][info][gc,marking  ] GC(229) Concurrent Cleanup for Next Mark 0.396ms
[2026-03-27T03:18:11.471+0900][9.684s][info][gc          ] GC(229) Concurrent Undo Cycle 0.499ms
[2026-03-27T03:18:11.576+0900][9.790s][info][gc,start    ] GC(230) Pause Young (Concurrent Start) (G1 Humongous Allocation)
[2026-03-27T03:18:11.576+0900][9.790s][info][gc,task     ] GC(230) Using 11 workers of 14 for evacuation
[2026-03-27T03:18:11.577+0900][9.791s][info][gc,phases   ] GC(230)   Pre Evacuate Collection Set: 0.2ms
[2026-03-27T03:18:11.578+0900][9.791s][info][gc,phases   ] GC(230)   Merge Heap Roots: 0.2ms
[2026-03-27T03:18:11.578+0900][9.791s][info][gc,phases   ] GC(230)   Evacuate Collection Set: 0.3ms
[2026-03-27T03:18:11.578+0900][9.791s][info][gc,phases   ] GC(230)   Post Evacuate Collection Set: 0.8ms
[2026-03-27T03:18:11.578+0900][9.791s][info][gc,phases   ] GC(230)   Other: 0.2ms
[2026-03-27T03:18:11.578+0900][9.791s][info][gc,heap     ] GC(230) Eden regions: 34->0(241)
[2026-03-27T03:18:11.578+0900][9.791s][info][gc,heap     ] GC(230) Survivor regions: 1->1(31)
[2026-03-27T03:18:11.578+0900][9.791s][info][gc,heap     ] GC(230) Old regions: 1->1
[2026-03-27T03:18:11.578+0900][9.791s][info][gc,heap     ] GC(230) Archive regions: 0->0
[2026-03-27T03:18:11.578+0900][9.791s][info][gc,heap     ] GC(230) Humongous regions: 210->178
[2026-03-27T03:18:11.578+0900][9.791s][info][gc,metaspace] GC(230) Metaspace: 282K(512K)->282K(512K) NonClass: 270K(384K)->270K(384K) Class: 12K(128K)->12K(128K)
[2026-03-27T03:18:11.578+0900][9.791s][info][gc          ] GC(230) Pause Young (Concurrent Start) (G1 Humongous Allocation) 244M->179M(469M) 1.767ms
[2026-03-27T03:18:11.578+0900][9.791s][info][gc,cpu      ] GC(230) User=0.00s Sys=0.00s Real=0.00s
[2026-03-27T03:18:11.578+0900][9.792s][info][gc          ] GC(231) Concurrent Undo Cycle
[2026-03-27T03:18:11.578+0900][9.792s][info][gc,marking  ] GC(231) Concurrent Cleanup for Next Mark
[2026-03-27T03:18:11.578+0900][9.792s][info][gc,marking  ] GC(231) Concurrent Cleanup for Next Mark 0.261ms
[2026-03-27T03:18:11.578+0900][9.792s][info][gc          ] GC(231) Concurrent Undo Cycle 0.324ms
[2026-03-27T03:18:11.685+0900][9.899s][info][gc,start    ] GC(232) Pause Young (Concurrent Start) (G1 Humongous Allocation)
[2026-03-27T03:18:11.685+0900][9.899s][info][gc,task     ] GC(232) Using 11 workers of 14 for evacuation
[2026-03-27T03:18:11.687+0900][9.900s][info][gc,phases   ] GC(232)   Pre Evacuate Collection Set: 0.2ms
[2026-03-27T03:18:11.687+0900][9.901s][info][gc,phases   ] GC(232)   Merge Heap Roots: 0.2ms
[2026-03-27T03:18:11.687+0900][9.901s][info][gc,phases   ] GC(232)   Evacuate Collection Set: 0.6ms
[2026-03-27T03:18:11.687+0900][9.901s][info][gc,phases   ] GC(232)   Post Evacuate Collection Set: 0.6ms
[2026-03-27T03:18:11.687+0900][9.901s][info][gc,phases   ] GC(232)   Other: 0.2ms
[2026-03-27T03:18:11.687+0900][9.901s][info][gc,heap     ] GC(232) Eden regions: 34->0(241)
[2026-03-27T03:18:11.687+0900][9.901s][info][gc,heap     ] GC(232) Survivor regions: 1->1(31)
[2026-03-27T03:18:11.687+0900][9.901s][info][gc,heap     ] GC(232) Old regions: 1->1
[2026-03-27T03:18:11.687+0900][9.901s][info][gc,heap     ] GC(232) Archive regions: 0->0
[2026-03-27T03:18:11.687+0900][9.901s][info][gc,heap     ] GC(232) Humongous regions: 210->178
[2026-03-27T03:18:11.687+0900][9.901s][info][gc,metaspace] GC(232) Metaspace: 282K(512K)->282K(512K) NonClass: 270K(384K)->270K(384K) Class: 12K(128K)->12K(128K)
[2026-03-27T03:18:11.687+0900][9.901s][info][gc          ] GC(232) Pause Young (Concurrent Start) (G1 Humongous Allocation) 244M->179M(469M) 1.983ms
[2026-03-27T03:18:11.687+0900][9.901s][info][gc,cpu      ] GC(232) User=0.00s Sys=0.00s Real=0.00s
[2026-03-27T03:18:11.687+0900][9.901s][info][gc          ] GC(233) Concurrent Undo Cycle
[2026-03-27T03:18:11.687+0900][9.901s][info][gc,marking  ] GC(233) Concurrent Cleanup for Next Mark
[2026-03-27T03:18:11.688+0900][9.901s][info][gc,marking  ] GC(233) Concurrent Cleanup for Next Mark 0.263ms
[2026-03-27T03:18:11.688+0900][9.901s][info][gc          ] GC(233) Concurrent Undo Cycle 0.326ms
[2026-03-27T03:18:11.792+0900][10.005s][info][gc,start    ] GC(234) Pause Young (Concurrent Start) (G1 Humongous Allocation)
[2026-03-27T03:18:11.792+0900][10.006s][info][gc,task     ] GC(234) Using 11 workers of 14 for evacuation
[2026-03-27T03:18:11.794+0900][10.007s][info][gc,phases   ] GC(234)   Pre Evacuate Collection Set: 0.2ms
[2026-03-27T03:18:11.794+0900][10.007s][info][gc,phases   ] GC(234)   Merge Heap Roots: 0.2ms
[2026-03-27T03:18:11.794+0900][10.007s][info][gc,phases   ] GC(234)   Evacuate Collection Set: 0.4ms
[2026-03-27T03:18:11.794+0900][10.007s][info][gc,phases   ] GC(234)   Post Evacuate Collection Set: 0.5ms
[2026-03-27T03:18:11.794+0900][10.007s][info][gc,phases   ] GC(234)   Other: 0.2ms
[2026-03-27T03:18:11.794+0900][10.007s][info][gc,heap     ] GC(234) Eden regions: 34->0(241)
[2026-03-27T03:18:11.794+0900][10.007s][info][gc,heap     ] GC(234) Survivor regions: 1->1(31)
[2026-03-27T03:18:11.794+0900][10.007s][info][gc,heap     ] GC(234) Old regions: 1->1
[2026-03-27T03:18:11.794+0900][10.007s][info][gc,heap     ] GC(234) Archive regions: 0->0
[2026-03-27T03:18:11.794+0900][10.007s][info][gc,heap     ] GC(234) Humongous regions: 210->178
[2026-03-27T03:18:11.794+0900][10.007s][info][gc,metaspace] GC(234) Metaspace: 282K(512K)->282K(512K) NonClass: 270K(384K)->270K(384K) Class: 12K(128K)->12K(128K)
[2026-03-27T03:18:11.794+0900][10.007s][info][gc          ] GC(234) Pause Young (Concurrent Start) (G1 Humongous Allocation) 244M->179M(469M) 1.664ms
[2026-03-27T03:18:11.794+0900][10.007s][info][gc,cpu      ] GC(234) User=0.00s Sys=0.00s Real=0.00s
[2026-03-27T03:18:11.794+0900][10.007s][info][gc          ] GC(235) Concurrent Undo Cycle
[2026-03-27T03:18:11.794+0900][10.007s][info][gc,marking  ] GC(235) Concurrent Cleanup for Next Mark
[2026-03-27T03:18:11.794+0900][10.008s][info][gc,marking  ] GC(235) Concurrent Cleanup for Next Mark 0.284ms
[2026-03-27T03:18:11.794+0900][10.008s][info][gc          ] GC(235) Concurrent Undo Cycle 0.367ms
[2026-03-27T03:18:11.902+0900][10.115s][info][gc,start    ] GC(236) Pause Young (Concurrent Start) (G1 Humongous Allocation)
[2026-03-27T03:18:11.902+0900][10.115s][info][gc,task     ] GC(236) Using 11 workers of 14 for evacuation
[2026-03-27T03:18:11.902+0900][10.116s][info][gc,phases   ] GC(236)   Pre Evacuate Collection Set: 0.2ms
[2026-03-27T03:18:11.902+0900][10.116s][info][gc,phases   ] GC(236)   Merge Heap Roots: 0.2ms
[2026-03-27T03:18:11.902+0900][10.116s][info][gc,phases   ] GC(236)   Evacuate Collection Set: 0.3ms
[2026-03-27T03:18:11.902+0900][10.116s][info][gc,phases   ] GC(236)   Post Evacuate Collection Set: 0.5ms
[2026-03-27T03:18:11.902+0900][10.116s][info][gc,phases   ] GC(236)   Other: 0.2ms
[2026-03-27T03:18:11.902+0900][10.117s][info][gc,heap     ] GC(236) Eden regions: 34->0(241)
[2026-03-27T03:18:11.902+0900][10.117s][info][gc,heap     ] GC(236) Survivor regions: 1->1(31)
[2026-03-27T03:18:11.902+0900][10.117s][info][gc,heap     ] GC(236) Old regions: 1->1
[2026-03-27T03:18:11.902+0900][10.117s][info][gc,heap     ] GC(236) Archive regions: 0->0
[2026-03-27T03:18:11.902+0900][10.117s][info][gc,heap     ] GC(236) Humongous regions: 210->178
[2026-03-27T03:18:11.902+0900][10.117s][info][gc,metaspace] GC(236) Metaspace: 282K(512K)->282K(512K) NonClass: 270K(384K)->270K(384K) Class: 12K(128K)->12K(128K)
[2026-03-27T03:18:11.902+0900][10.117s][info][gc          ] GC(236) Pause Young (Concurrent Start) (G1 Humongous Allocation) 244M->179M(469M) 1.675ms
[2026-03-27T03:18:11.902+0900][10.117s][info][gc,cpu      ] GC(236) User=0.00s Sys=0.00s Real=0.00s
[2026-03-27T03:18:11.902+0900][10.117s][info][gc          ] GC(237) Concurrent Undo Cycle
[2026-03-27T03:18:11.902+0900][10.117s][info][gc,marking  ] GC(237) Concurrent Cleanup for Next Mark
[2026-03-27T03:18:11.903+0900][10.117s][info][gc,marking  ] GC(237) Concurrent Cleanup for Next Mark 0.298ms
[2026-03-27T03:18:11.903+0900][10.117s][info][gc          ] GC(237) Concurrent Undo Cycle 0.365ms
[2026-03-27T03:18:12.010+0900][10.223s][info][gc,start    ] GC(238) Pause Young (Concurrent Start) (G1 Humongous Allocation)
[2026-03-27T03:18:12.010+0900][10.224s][info][gc,task     ] GC(238) Using 11 workers of 14 for evacuation
[2026-03-27T03:18:12.011+0900][10.225s][info][gc,phases   ] GC(238)   Pre Evacuate Collection Set: 0.2ms
[2026-03-27T03:18:12.011+0900][10.225s][info][gc,phases   ] GC(238)   Merge Heap Roots: 0.2ms
[2026-03-27T03:18:12.011+0900][10.225s][info][gc,phases   ] GC(238)   Evacuate Collection Set: 0.5ms
[2026-03-27T03:18:12.012+0900][10.225s][info][gc,phases   ] GC(238)   Post Evacuate Collection Set: 0.6ms
[2026-03-27T03:18:12.012+0900][10.225s][info][gc,phases   ] GC(238)   Other: 0.2ms
[2026-03-27T03:18:12.012+0900][10.225s][info][gc,heap     ] GC(238) Eden regions: 34->0(241)
[2026-03-27T03:18:12.012+0900][10.225s][info][gc,heap     ] GC(238) Survivor regions: 1->1(31)
[2026-03-27T03:18:12.012+0900][10.225s][info][gc,heap     ] GC(238) Old regions: 1->1
[2026-03-27T03:18:12.012+0900][10.225s][info][gc,heap     ] GC(238) Archive regions: 0->0
[2026-03-27T03:18:12.012+0900][10.225s][info][gc,heap     ] GC(238) Humongous regions: 210->178
[2026-03-27T03:18:12.012+0900][10.225s][info][gc,metaspace] GC(238) Metaspace: 282K(512K)->282K(512K) NonClass: 270K(384K)->270K(384K) Class: 12K(128K)->12K(128K)
[2026-03-27T03:18:12.012+0900][10.225s][info][gc          ] GC(238) Pause Young (Concurrent Start) (G1 Humongous Allocation) 244M->179M(469M) 1.842ms
[2026-03-27T03:18:12.012+0900][10.225s][info][gc,cpu      ] GC(238) User=0.00s Sys=0.00s Real=0.00s
[2026-03-27T03:18:12.012+0900][10.225s][info][gc          ] GC(239) Concurrent Undo Cycle
[2026-03-27T03:18:12.012+0900][10.225s][info][gc,marking  ] GC(239) Concurrent Cleanup for Next Mark
[2026-03-27T03:18:12.012+0900][10.226s][info][gc,marking  ] GC(239) Concurrent Cleanup for Next Mark 0.294ms
[2026-03-27T03:18:12.012+0900][10.226s][info][gc          ] GC(239) Concurrent Undo Cycle 0.375ms
[2026-03-27T03:18:12.120+0900][10.333s][info][gc,start    ] GC(240) Pause Young (Concurrent Start) (G1 Humongous Allocation)
[2026-03-27T03:18:12.120+0900][10.333s][info][gc,task     ] GC(240) Using 11 workers of 14 for evacuation
[2026-03-27T03:18:12.121+0900][10.335s][info][gc,phases   ] GC(240)   Pre Evacuate Collection Set: 0.2ms
[2026-03-27T03:18:12.121+0900][10.335s][info][gc,phases   ] GC(240)   Merge Heap Roots: 0.2ms
[2026-03-27T03:18:12.121+0900][10.335s][info][gc,phases   ] GC(240)   Evacuate Collection Set: 0.4ms
[2026-03-27T03:18:12.121+0900][10.335s][info][gc,phases   ] GC(240)   Post Evacuate Collection Set: 0.7ms
[2026-03-27T03:18:12.121+0900][10.335s][info][gc,phases   ] GC(240)   Other: 0.2ms
[2026-03-27T03:18:12.121+0900][10.335s][info][gc,heap     ] GC(240) Eden regions: 34->0(241)
[2026-03-27T03:18:12.121+0900][10.335s][info][gc,heap     ] GC(240) Survivor regions: 1->1(31)
[2026-03-27T03:18:12.121+0900][10.335s][info][gc,heap     ] GC(240) Old regions: 1->1
[2026-03-27T03:18:12.121+0900][10.335s][info][gc,heap     ] GC(240) Archive regions: 0->0
[2026-03-27T03:18:12.121+0900][10.335s][info][gc,heap     ] GC(240) Humongous regions: 210->178
[2026-03-27T03:18:12.121+0900][10.335s][info][gc,metaspace] GC(240) Metaspace: 282K(512K)->282K(512K) NonClass: 270K(384K)->270K(384K) Class: 12K(128K)->12K(128K)
[2026-03-27T03:18:12.122+0900][10.335s][info][gc          ] GC(240) Pause Young (Concurrent Start) (G1 Humongous Allocation) 244M->179M(469M) 1.946ms
[2026-03-27T03:18:12.122+0900][10.335s][info][gc,cpu      ] GC(240) User=0.00s Sys=0.00s Real=0.00s
[2026-03-27T03:18:12.122+0900][10.335s][info][gc          ] GC(241) Concurrent Undo Cycle
[2026-03-27T03:18:12.122+0900][10.335s][info][gc,marking  ] GC(241) Concurrent Cleanup for Next Mark
[2026-03-27T03:18:12.122+0900][10.336s][info][gc,marking  ] GC(241) Concurrent Cleanup for Next Mark 0.281ms
[2026-03-27T03:18:12.122+0900][10.336s][info][gc          ] GC(241) Concurrent Undo Cycle 0.368ms
[2026-03-27T03:18:12.229+0900][10.443s][info][gc,start    ] GC(242) Pause Young (Concurrent Start) (G1 Humongous Allocation)
[2026-03-27T03:18:12.229+0900][10.443s][info][gc,task     ] GC(242) Using 11 workers of 14 for evacuation
[2026-03-27T03:18:12.231+0900][10.445s][info][gc,phases   ] GC(242)   Pre Evacuate Collection Set: 0.2ms
[2026-03-27T03:18:12.231+0900][10.445s][info][gc,phases   ] GC(242)   Merge Heap Roots: 0.1ms
[2026-03-27T03:18:12.231+0900][10.445s][info][gc,phases   ] GC(242)   Evacuate Collection Set: 0.5ms
[2026-03-27T03:18:12.231+0900][10.445s][info][gc,phases   ] GC(242)   Post Evacuate Collection Set: 1.0ms
[2026-03-27T03:18:12.231+0900][10.445s][info][gc,phases   ] GC(242)   Other: 0.2ms
[2026-03-27T03:18:12.231+0900][10.445s][info][gc,heap     ] GC(242) Eden regions: 34->0(241)
[2026-03-27T03:18:12.231+0900][10.445s][info][gc,heap     ] GC(242) Survivor regions: 1->1(31)
[2026-03-27T03:18:12.231+0900][10.445s][info][gc,heap     ] GC(242) Old regions: 1->1
[2026-03-27T03:18:12.231+0900][10.445s][info][gc,heap     ] GC(242) Archive regions: 0->0
[2026-03-27T03:18:12.231+0900][10.445s][info][gc,heap     ] GC(242) Humongous regions: 210->178
[2026-03-27T03:18:12.231+0900][10.445s][info][gc,metaspace] GC(242) Metaspace: 282K(512K)->282K(512K) NonClass: 270K(384K)->270K(384K) Class: 12K(128K)->12K(128K)
[2026-03-27T03:18:12.231+0900][10.445s][info][gc          ] GC(242) Pause Young (Concurrent Start) (G1 Humongous Allocation) 244M->179M(469M) 2.232ms
[2026-03-27T03:18:12.231+0900][10.445s][info][gc,cpu      ] GC(242) User=0.00s Sys=0.00s Real=0.00s
[2026-03-27T03:18:12.231+0900][10.445s][info][gc          ] GC(243) Concurrent Undo Cycle
[2026-03-27T03:18:12.232+0900][10.445s][info][gc,marking  ] GC(243) Concurrent Cleanup for Next Mark
[2026-03-27T03:18:12.232+0900][10.445s][info][gc,marking  ] GC(243) Concurrent Cleanup for Next Mark 0.287ms
[2026-03-27T03:18:12.232+0900][10.445s][info][gc          ] GC(243) Concurrent Undo Cycle 0.353ms
[2026-03-27T03:18:12.337+0900][10.550s][info][gc,start    ] GC(244) Pause Young (Concurrent Start) (G1 Humongous Allocation)
[2026-03-27T03:18:12.337+0900][10.551s][info][gc,task     ] GC(244) Using 11 workers of 14 for evacuation
[2026-03-27T03:18:12.339+0900][10.552s][info][gc,phases   ] GC(244)   Pre Evacuate Collection Set: 0.2ms
[2026-03-27T03:18:12.339+0900][10.552s][info][gc,phases   ] GC(244)   Merge Heap Roots: 0.2ms
[2026-03-27T03:18:12.339+0900][10.552s][info][gc,phases   ] GC(244)   Evacuate Collection Set: 0.7ms
[2026-03-27T03:18:12.339+0900][10.553s][info][gc,phases   ] GC(244)   Post Evacuate Collection Set: 0.6ms
[2026-03-27T03:18:12.339+0900][10.553s][info][gc,phases   ] GC(244)   Other: 0.2ms
[2026-03-27T03:18:12.339+0900][10.553s][info][gc,heap     ] GC(244) Eden regions: 34->0(241)
[2026-03-27T03:18:12.339+0900][10.553s][info][gc,heap     ] GC(244) Survivor regions: 1->1(31)
[2026-03-27T03:18:12.339+0900][10.553s][info][gc,heap     ] GC(244) Old regions: 1->1
[2026-03-27T03:18:12.339+0900][10.553s][info][gc,heap     ] GC(244) Archive regions: 0->0
[2026-03-27T03:18:12.339+0900][10.553s][info][gc,heap     ] GC(244) Humongous regions: 210->178
[2026-03-27T03:18:12.339+0900][10.553s][info][gc,metaspace] GC(244) Metaspace: 282K(512K)->282K(512K) NonClass: 270K(384K)->270K(384K) Class: 12K(128K)->12K(128K)
[2026-03-27T03:18:12.339+0900][10.553s][info][gc          ] GC(244) Pause Young (Concurrent Start) (G1 Humongous Allocation) 244M->179M(469M) 2.214ms
[2026-03-27T03:18:12.339+0900][10.553s][info][gc,cpu      ] GC(244) User=0.00s Sys=0.00s Real=0.00s
[2026-03-27T03:18:12.339+0900][10.553s][info][gc          ] GC(245) Concurrent Undo Cycle
[2026-03-27T03:18:12.339+0900][10.553s][info][gc,marking  ] GC(245) Concurrent Cleanup for Next Mark
[2026-03-27T03:18:12.340+0900][10.553s][info][gc,marking  ] GC(245) Concurrent Cleanup for Next Mark 0.313ms
[2026-03-27T03:18:12.340+0900][10.553s][info][gc          ] GC(245) Concurrent Undo Cycle 0.404ms
[2026-03-27T03:18:12.444+0900][10.658s][info][gc,start    ] GC(246) Pause Young (Concurrent Start) (G1 Humongous Allocation)
[2026-03-27T03:18:12.444+0900][10.658s][info][gc,task     ] GC(246) Using 11 workers of 14 for evacuation
[2026-03-27T03:18:12.445+0900][10.659s][info][gc,phases   ] GC(246)   Pre Evacuate Collection Set: 0.1ms
[2026-03-27T03:18:12.445+0900][10.659s][info][gc,phases   ] GC(246)   Merge Heap Roots: 0.1ms
[2026-03-27T03:18:12.445+0900][10.659s][info][gc,phases   ] GC(246)   Evacuate Collection Set: 0.2ms
[2026-03-27T03:18:12.445+0900][10.659s][info][gc,phases   ] GC(246)   Post Evacuate Collection Set: 0.3ms
[2026-03-27T03:18:12.445+0900][10.659s][info][gc,phases   ] GC(246)   Other: 0.1ms
[2026-03-27T03:18:12.445+0900][10.659s][info][gc,heap     ] GC(246) Eden regions: 34->0(241)
[2026-03-27T03:18:12.445+0900][10.659s][info][gc,heap     ] GC(246) Survivor regions: 1->1(31)
[2026-03-27T03:18:12.445+0900][10.659s][info][gc,heap     ] GC(246) Old regions: 1->1
[2026-03-27T03:18:12.445+0900][10.659s][info][gc,heap     ] GC(246) Archive regions: 0->0
[2026-03-27T03:18:12.445+0900][10.659s][info][gc,heap     ] GC(246) Humongous regions: 210->178
[2026-03-27T03:18:12.445+0900][10.659s][info][gc,metaspace] GC(246) Metaspace: 282K(512K)->282K(512K) NonClass: 270K(384K)->270K(384K) Class: 12K(128K)->12K(128K)
[2026-03-27T03:18:12.445+0900][10.659s][info][gc          ] GC(246) Pause Young (Concurrent Start) (G1 Humongous Allocation) 244M->179M(469M) 0.991ms
[2026-03-27T03:18:12.445+0900][10.659s][info][gc,cpu      ] GC(246) User=0.00s Sys=0.00s Real=0.00s
[2026-03-27T03:18:12.445+0900][10.659s][info][gc          ] GC(247) Concurrent Undo Cycle
[2026-03-27T03:18:12.445+0900][10.659s][info][gc,marking  ] GC(247) Concurrent Cleanup for Next Mark
[2026-03-27T03:18:12.446+0900][10.659s][info][gc,marking  ] GC(247) Concurrent Cleanup for Next Mark 0.283ms
[2026-03-27T03:18:12.446+0900][10.659s][info][gc          ] GC(247) Concurrent Undo Cycle 0.350ms
[2026-03-27T03:18:12.554+0900][10.768s][info][gc,start    ] GC(248) Pause Young (Concurrent Start) (G1 Humongous Allocation)
[2026-03-27T03:18:12.565+0900][10.779s][info][gc,task     ] GC(248) Using 11 workers of 14 for evacuation
[2026-03-27T03:18:12.567+0900][10.781s][info][gc,phases   ] GC(248)   Pre Evacuate Collection Set: 0.3ms
[2026-03-27T03:18:12.567+0900][10.781s][info][gc,phases   ] GC(248)   Merge Heap Roots: 0.2ms
[2026-03-27T03:18:12.567+0900][10.781s][info][gc,phases   ] GC(248)   Evacuate Collection Set: 0.6ms
[2026-03-27T03:18:12.568+0900][10.781s][info][gc,phases   ] GC(248)   Post Evacuate Collection Set: 0.6ms
[2026-03-27T03:18:12.568+0900][10.781s][info][gc,phases   ] GC(248)   Other: 11.6ms
[2026-03-27T03:18:12.568+0900][10.781s][info][gc,heap     ] GC(248) Eden regions: 34->0(241)
[2026-03-27T03:18:12.568+0900][10.781s][info][gc,heap     ] GC(248) Survivor regions: 1->1(31)
[2026-03-27T03:18:12.568+0900][10.781s][info][gc,heap     ] GC(248) Old regions: 1->1
[2026-03-27T03:18:12.568+0900][10.781s][info][gc,heap     ] GC(248) Archive regions: 0->0
[2026-03-27T03:18:12.568+0900][10.781s][info][gc,heap     ] GC(248) Humongous regions: 210->178
[2026-03-27T03:18:12.568+0900][10.781s][info][gc,metaspace] GC(248) Metaspace: 282K(512K)->282K(512K) NonClass: 270K(384K)->270K(384K) Class: 12K(128K)->12K(128K)
[2026-03-27T03:18:12.568+0900][10.781s][info][gc          ] GC(248) Pause Young (Concurrent Start) (G1 Humongous Allocation) 244M->179M(469M) 13.642ms
[2026-03-27T03:18:12.568+0900][10.782s][info][gc,cpu      ] GC(248) User=0.00s Sys=0.00s Real=0.01s
[2026-03-27T03:18:12.568+0900][10.782s][info][gc          ] GC(249) Concurrent Undo Cycle
[2026-03-27T03:18:12.568+0900][10.782s][info][gc,marking  ] GC(249) Concurrent Cleanup for Next Mark
[2026-03-27T03:18:12.568+0900][10.782s][info][gc,marking  ] GC(249) Concurrent Cleanup for Next Mark 0.335ms
[2026-03-27T03:18:12.568+0900][10.782s][info][gc          ] GC(249) Concurrent Undo Cycle 0.453ms
[2026-03-27T03:18:12.677+0900][10.890s][info][gc,start    ] GC(250) Pause Young (Concurrent Start) (G1 Humongous Allocation)
[2026-03-27T03:18:12.677+0900][10.890s][info][gc,task     ] GC(250) Using 11 workers of 14 for evacuation
[2026-03-27T03:18:12.679+0900][10.892s][info][gc,phases   ] GC(250)   Pre Evacuate Collection Set: 0.3ms
[2026-03-27T03:18:12.679+0900][10.892s][info][gc,phases   ] GC(250)   Merge Heap Roots: 0.3ms
[2026-03-27T03:18:12.679+0900][10.892s][info][gc,phases   ] GC(250)   Evacuate Collection Set: 0.5ms
[2026-03-27T03:18:12.679+0900][10.892s][info][gc,phases   ] GC(250)   Post Evacuate Collection Set: 0.8ms
[2026-03-27T03:18:12.679+0900][10.892s][info][gc,phases   ] GC(250)   Other: 0.2ms
[2026-03-27T03:18:12.679+0900][10.892s][info][gc,heap     ] GC(250) Eden regions: 34->0(241)
[2026-03-27T03:18:12.679+0900][10.893s][info][gc,heap     ] GC(250) Survivor regions: 1->1(31)
[2026-03-27T03:18:12.679+0900][10.893s][info][gc,heap     ] GC(250) Old regions: 1->1
[2026-03-27T03:18:12.679+0900][10.893s][info][gc,heap     ] GC(250) Archive regions: 0->0
[2026-03-27T03:18:12.679+0900][10.893s][info][gc,heap     ] GC(250) Humongous regions: 210->178
[2026-03-27T03:18:12.679+0900][10.893s][info][gc,metaspace] GC(250) Metaspace: 282K(512K)->282K(512K) NonClass: 270K(384K)->270K(384K) Class: 12K(128K)->12K(128K)
[2026-03-27T03:18:12.679+0900][10.893s][info][gc          ] GC(250) Pause Young (Concurrent Start) (G1 Humongous Allocation) 244M->179M(469M) 2.313ms
[2026-03-27T03:18:12.679+0900][10.893s][info][gc,cpu      ] GC(250) User=0.00s Sys=0.00s Real=0.00s
[2026-03-27T03:18:12.679+0900][10.893s][info][gc          ] GC(251) Concurrent Undo Cycle
[2026-03-27T03:18:12.679+0900][10.893s][info][gc,marking  ] GC(251) Concurrent Cleanup for Next Mark
[2026-03-27T03:18:12.679+0900][10.893s][info][gc,marking  ] GC(251) Concurrent Cleanup for Next Mark 0.302ms
[2026-03-27T03:18:12.679+0900][10.893s][info][gc          ] GC(251) Concurrent Undo Cycle 0.370ms
[2026-03-27T03:18:12.787+0900][11.001s][info][gc,start    ] GC(252) Pause Young (Concurrent Start) (G1 Humongous Allocation)
[2026-03-27T03:18:12.787+0900][11.001s][info][gc,task     ] GC(252) Using 11 workers of 14 for evacuation
[2026-03-27T03:18:12.788+0900][11.003s][info][gc,phases   ] GC(252)   Pre Evacuate Collection Set: 0.2ms
[2026-03-27T03:18:12.789+0900][11.003s][info][gc,phases   ] GC(252)   Merge Heap Roots: 0.2ms
[2026-03-27T03:18:12.789+0900][11.003s][info][gc,phases   ] GC(252)   Evacuate Collection Set: 0.7ms
[2026-03-27T03:18:12.789+0900][11.003s][info][gc,phases   ] GC(252)   Post Evacuate Collection Set: 0.6ms
[2026-03-27T03:18:12.789+0900][11.003s][info][gc,phases   ] GC(252)   Other: 0.2ms
[2026-03-27T03:18:12.789+0900][11.003s][info][gc,heap     ] GC(252) Eden regions: 34->0(241)
[2026-03-27T03:18:12.789+0900][11.003s][info][gc,heap     ] GC(252) Survivor regions: 1->1(31)
[2026-03-27T03:18:12.789+0900][11.003s][info][gc,heap     ] GC(252) Old regions: 1->1
[2026-03-27T03:18:12.789+0900][11.003s][info][gc,heap     ] GC(252) Archive regions: 0->0
[2026-03-27T03:18:12.789+0900][11.003s][info][gc,heap     ] GC(252) Humongous regions: 210->178
[2026-03-27T03:18:12.789+0900][11.003s][info][gc,metaspace] GC(252) Metaspace: 282K(512K)->282K(512K) NonClass: 270K(384K)->270K(384K) Class: 12K(128K)->12K(128K)
[2026-03-27T03:18:12.789+0900][11.003s][info][gc          ] GC(252) Pause Young (Concurrent Start) (G1 Humongous Allocation) 244M->179M(469M) 2.164ms
[2026-03-27T03:18:12.789+0900][11.003s][info][gc,cpu      ] GC(252) User=0.00s Sys=0.00s Real=0.00s
[2026-03-27T03:18:12.789+0900][11.003s][info][gc          ] GC(253) Concurrent Undo Cycle
[2026-03-27T03:18:12.789+0900][11.003s][info][gc,marking  ] GC(253) Concurrent Cleanup for Next Mark
[2026-03-27T03:18:12.789+0900][11.003s][info][gc,marking  ] GC(253) Concurrent Cleanup for Next Mark 0.311ms
[2026-03-27T03:18:12.789+0900][11.003s][info][gc          ] GC(253) Concurrent Undo Cycle 0.395ms
[2026-03-27T03:18:12.895+0900][11.109s][info][gc,start    ] GC(254) Pause Young (Concurrent Start) (G1 Humongous Allocation)
[2026-03-27T03:18:12.895+0900][11.109s][info][gc,task     ] GC(254) Using 11 workers of 14 for evacuation
[2026-03-27T03:18:12.896+0900][11.110s][info][gc,phases   ] GC(254)   Pre Evacuate Collection Set: 0.2ms
[2026-03-27T03:18:12.896+0900][11.110s][info][gc,phases   ] GC(254)   Merge Heap Roots: 0.2ms
[2026-03-27T03:18:12.896+0900][11.110s][info][gc,phases   ] GC(254)   Evacuate Collection Set: 0.3ms
[2026-03-27T03:18:12.896+0900][11.110s][info][gc,phases   ] GC(254)   Post Evacuate Collection Set: 0.6ms
[2026-03-27T03:18:12.896+0900][11.111s][info][gc,phases   ] GC(254)   Other: 0.2ms
[2026-03-27T03:18:12.896+0900][11.111s][info][gc,heap     ] GC(254) Eden regions: 34->0(241)
[2026-03-27T03:18:12.896+0900][11.111s][info][gc,heap     ] GC(254) Survivor regions: 1->1(31)
[2026-03-27T03:18:12.896+0900][11.111s][info][gc,heap     ] GC(254) Old regions: 1->1
[2026-03-27T03:18:12.896+0900][11.111s][info][gc,heap     ] GC(254) Archive regions: 0->0
[2026-03-27T03:18:12.896+0900][11.111s][info][gc,heap     ] GC(254) Humongous regions: 210->178
[2026-03-27T03:18:12.896+0900][11.111s][info][gc,metaspace] GC(254) Metaspace: 282K(512K)->282K(512K) NonClass: 270K(384K)->270K(384K) Class: 12K(128K)->12K(128K)
[2026-03-27T03:18:12.896+0900][11.111s][info][gc          ] GC(254) Pause Young (Concurrent Start) (G1 Humongous Allocation) 244M->179M(469M) 1.777ms
[2026-03-27T03:18:12.896+0900][11.111s][info][gc,cpu      ] GC(254) User=0.00s Sys=0.00s Real=0.00s
[2026-03-27T03:18:12.897+0900][11.111s][info][gc          ] GC(255) Concurrent Undo Cycle
[2026-03-27T03:18:12.897+0900][11.111s][info][gc,marking  ] GC(255) Concurrent Cleanup for Next Mark
[2026-03-27T03:18:12.897+0900][11.111s][info][gc,marking  ] GC(255) Concurrent Cleanup for Next Mark 0.293ms
[2026-03-27T03:18:12.897+0900][11.111s][info][gc          ] GC(255) Concurrent Undo Cycle 0.356ms
[2026-03-27T03:18:13.004+0900][11.217s][info][gc,start    ] GC(256) Pause Young (Concurrent Start) (G1 Humongous Allocation)
[2026-03-27T03:18:13.004+0900][11.217s][info][gc,task     ] GC(256) Using 11 workers of 14 for evacuation
[2026-03-27T03:18:13.005+0900][11.219s][info][gc,phases   ] GC(256)   Pre Evacuate Collection Set: 0.2ms
[2026-03-27T03:18:13.005+0900][11.219s][info][gc,phases   ] GC(256)   Merge Heap Roots: 0.2ms
[2026-03-27T03:18:13.005+0900][11.219s][info][gc,phases   ] GC(256)   Evacuate Collection Set: 0.5ms
[2026-03-27T03:18:13.005+0900][11.219s][info][gc,phases   ] GC(256)   Post Evacuate Collection Set: 0.4ms
[2026-03-27T03:18:13.005+0900][11.219s][info][gc,phases   ] GC(256)   Other: 0.2ms
[2026-03-27T03:18:13.005+0900][11.219s][info][gc,heap     ] GC(256) Eden regions: 34->0(241)
[2026-03-27T03:18:13.005+0900][11.219s][info][gc,heap     ] GC(256) Survivor regions: 1->1(31)
[2026-03-27T03:18:13.005+0900][11.219s][info][gc,heap     ] GC(256) Old regions: 1->1
[2026-03-27T03:18:13.005+0900][11.219s][info][gc,heap     ] GC(256) Archive regions: 0->0
[2026-03-27T03:18:13.005+0900][11.219s][info][gc,heap     ] GC(256) Humongous regions: 210->178
[2026-03-27T03:18:13.005+0900][11.219s][info][gc,metaspace] GC(256) Metaspace: 282K(512K)->282K(512K) NonClass: 270K(384K)->270K(384K) Class: 12K(128K)->12K(128K)
[2026-03-27T03:18:13.005+0900][11.219s][info][gc          ] GC(256) Pause Young (Concurrent Start) (G1 Humongous Allocation) 244M->179M(469M) 1.655ms
[2026-03-27T03:18:13.005+0900][11.219s][info][gc,cpu      ] GC(256) User=0.00s Sys=0.00s Real=0.00s
[2026-03-27T03:18:13.005+0900][11.219s][info][gc          ] GC(257) Concurrent Undo Cycle
[2026-03-27T03:18:13.005+0900][11.219s][info][gc,marking  ] GC(257) Concurrent Cleanup for Next Mark
[2026-03-27T03:18:13.006+0900][11.219s][info][gc,marking  ] GC(257) Concurrent Cleanup for Next Mark 0.304ms
[2026-03-27T03:18:13.006+0900][11.219s][info][gc          ] GC(257) Concurrent Undo Cycle 0.391ms
[2026-03-27T03:18:13.112+0900][11.326s][info][gc,start    ] GC(258) Pause Young (Concurrent Start) (G1 Humongous Allocation)
[2026-03-27T03:18:13.112+0900][11.326s][info][gc,task     ] GC(258) Using 11 workers of 14 for evacuation
[2026-03-27T03:18:13.114+0900][11.328s][info][gc,phases   ] GC(258)   Pre Evacuate Collection Set: 0.2ms
[2026-03-27T03:18:13.114+0900][11.328s][info][gc,phases   ] GC(258)   Merge Heap Roots: 0.2ms
[2026-03-27T03:18:13.114+0900][11.328s][info][gc,phases   ] GC(258)   Evacuate Collection Set: 0.4ms
[2026-03-27T03:18:13.114+0900][11.328s][info][gc,phases   ] GC(258)   Post Evacuate Collection Set: 0.6ms
[2026-03-27T03:18:13.114+0900][11.328s][info][gc,phases   ] GC(258)   Other: 0.2ms
[2026-03-27T03:18:13.114+0900][11.328s][info][gc,heap     ] GC(258) Eden regions: 34->0(241)
[2026-03-27T03:18:13.114+0900][11.328s][info][gc,heap     ] GC(258) Survivor regions: 1->1(31)
[2026-03-27T03:18:13.114+0900][11.328s][info][gc,heap     ] GC(258) Old regions: 1->1
[2026-03-27T03:18:13.114+0900][11.328s][info][gc,heap     ] GC(258) Archive regions: 0->0
[2026-03-27T03:18:13.114+0900][11.328s][info][gc,heap     ] GC(258) Humongous regions: 210->178
[2026-03-27T03:18:13.114+0900][11.328s][info][gc,metaspace] GC(258) Metaspace: 282K(512K)->282K(512K) NonClass: 270K(384K)->270K(384K) Class: 12K(128K)->12K(128K)
[2026-03-27T03:18:13.114+0900][11.328s][info][gc          ] GC(258) Pause Young (Concurrent Start) (G1 Humongous Allocation) 244M->179M(469M) 1.809ms
[2026-03-27T03:18:13.114+0900][11.328s][info][gc,cpu      ] GC(258) User=0.00s Sys=0.00s Real=0.00s
[2026-03-27T03:18:13.114+0900][11.328s][info][gc          ] GC(259) Concurrent Undo Cycle
[2026-03-27T03:18:13.114+0900][11.328s][info][gc,marking  ] GC(259) Concurrent Cleanup for Next Mark
[2026-03-27T03:18:13.114+0900][11.328s][info][gc,marking  ] GC(259) Concurrent Cleanup for Next Mark 0.296ms
[2026-03-27T03:18:13.114+0900][11.328s][info][gc          ] GC(259) Concurrent Undo Cycle 0.390ms
[2026-03-27T03:18:13.222+0900][11.435s][info][gc,start    ] GC(260) Pause Young (Concurrent Start) (G1 Humongous Allocation)
[2026-03-27T03:18:13.222+0900][11.435s][info][gc,task     ] GC(260) Using 11 workers of 14 for evacuation
[2026-03-27T03:18:13.223+0900][11.437s][info][gc,phases   ] GC(260)   Pre Evacuate Collection Set: 0.2ms
[2026-03-27T03:18:13.223+0900][11.437s][info][gc,phases   ] GC(260)   Merge Heap Roots: 0.2ms
[2026-03-27T03:18:13.223+0900][11.437s][info][gc,phases   ] GC(260)   Evacuate Collection Set: 0.4ms
[2026-03-27T03:18:13.223+0900][11.437s][info][gc,phases   ] GC(260)   Post Evacuate Collection Set: 0.7ms
[2026-03-27T03:18:13.223+0900][11.437s][info][gc,phases   ] GC(260)   Other: 0.2ms
[2026-03-27T03:18:13.223+0900][11.437s][info][gc,heap     ] GC(260) Eden regions: 34->0(241)
[2026-03-27T03:18:13.223+0900][11.437s][info][gc,heap     ] GC(260) Survivor regions: 1->1(31)
[2026-03-27T03:18:13.223+0900][11.437s][info][gc,heap     ] GC(260) Old regions: 1->1
[2026-03-27T03:18:13.223+0900][11.437s][info][gc,heap     ] GC(260) Archive regions: 0->0
[2026-03-27T03:18:13.223+0900][11.437s][info][gc,heap     ] GC(260) Humongous regions: 210->178
[2026-03-27T03:18:13.223+0900][11.437s][info][gc,metaspace] GC(260) Metaspace: 282K(512K)->282K(512K) NonClass: 270K(384K)->270K(384K) Class: 12K(128K)->12K(128K)
[2026-03-27T03:18:13.223+0900][11.437s][info][gc          ] GC(260) Pause Young (Concurrent Start) (G1 Humongous Allocation) 244M->179M(469M) 1.797ms
[2026-03-27T03:18:13.223+0900][11.437s][info][gc,cpu      ] GC(260) User=0.00s Sys=0.00s Real=0.00s
[2026-03-27T03:18:13.223+0900][11.437s][info][gc          ] GC(261) Concurrent Undo Cycle
[2026-03-27T03:18:13.223+0900][11.437s][info][gc,marking  ] GC(261) Concurrent Cleanup for Next Mark
[2026-03-27T03:18:13.223+0900][11.437s][info][gc,marking  ] GC(261) Concurrent Cleanup for Next Mark 0.296ms
[2026-03-27T03:18:13.223+0900][11.437s][info][gc          ] GC(261) Concurrent Undo Cycle 0.381ms
[2026-03-27T03:18:13.331+0900][11.544s][info][gc,start    ] GC(262) Pause Young (Concurrent Start) (G1 Humongous Allocation)
[2026-03-27T03:18:13.331+0900][11.544s][info][gc,task     ] GC(262) Using 11 workers of 14 for evacuation
[2026-03-27T03:18:13.332+0900][11.546s][info][gc,phases   ] GC(262)   Pre Evacuate Collection Set: 0.2ms
[2026-03-27T03:18:13.332+0900][11.546s][info][gc,phases   ] GC(262)   Merge Heap Roots: 0.2ms
[2026-03-27T03:18:13.332+0900][11.546s][info][gc,phases   ] GC(262)   Evacuate Collection Set: 0.5ms
[2026-03-27T03:18:13.332+0900][11.546s][info][gc,phases   ] GC(262)   Post Evacuate Collection Set: 0.6ms
[2026-03-27T03:18:13.332+0900][11.546s][info][gc,phases   ] GC(262)   Other: 0.2ms
[2026-03-27T03:18:13.332+0900][11.546s][info][gc,heap     ] GC(262) Eden regions: 34->0(241)
[2026-03-27T03:18:13.332+0900][11.546s][info][gc,heap     ] GC(262) Survivor regions: 1->1(31)
[2026-03-27T03:18:13.332+0900][11.546s][info][gc,heap     ] GC(262) Old regions: 1->1
[2026-03-27T03:18:13.332+0900][11.546s][info][gc,heap     ] GC(262) Archive regions: 0->0
[2026-03-27T03:18:13.332+0900][11.546s][info][gc,heap     ] GC(262) Humongous regions: 210->178
[2026-03-27T03:18:13.332+0900][11.546s][info][gc,metaspace] GC(262) Metaspace: 282K(512K)->282K(512K) NonClass: 270K(384K)->270K(384K) Class: 12K(128K)->12K(128K)
[2026-03-27T03:18:13.332+0900][11.546s][info][gc          ] GC(262) Pause Young (Concurrent Start) (G1 Humongous Allocation) 244M->179M(469M) 1.780ms
[2026-03-27T03:18:13.332+0900][11.546s][info][gc,cpu      ] GC(262) User=0.00s Sys=0.00s Real=0.00s
[2026-03-27T03:18:13.332+0900][11.546s][info][gc          ] GC(263) Concurrent Undo Cycle
[2026-03-27T03:18:13.332+0900][11.546s][info][gc,marking  ] GC(263) Concurrent Cleanup for Next Mark
[2026-03-27T03:18:13.332+0900][11.546s][info][gc,marking  ] GC(263) Concurrent Cleanup for Next Mark 0.297ms
[2026-03-27T03:18:13.332+0900][11.546s][info][gc          ] GC(263) Concurrent Undo Cycle 0.379ms
[2026-03-27T03:18:13.439+0900][11.652s][info][gc,start    ] GC(264) Pause Young (Concurrent Start) (G1 Humongous Allocation)
[2026-03-27T03:18:13.439+0900][11.652s][info][gc,task     ] GC(264) Using 11 workers of 14 for evacuation
[2026-03-27T03:18:13.440+0900][11.654s][info][gc,phases   ] GC(264)   Pre Evacuate Collection Set: 0.2ms
[2026-03-27T03:18:13.440+0900][11.654s][info][gc,phases   ] GC(264)   Merge Heap Roots: 0.2ms
[2026-03-27T03:18:13.440+0900][11.654s][info][gc,phases   ] GC(264)   Evacuate Collection Set: 0.3ms
[2026-03-27T03:18:13.440+0900][11.654s][info][gc,phases   ] GC(264)   Post Evacuate Collection Set: 0.6ms
[2026-03-27T03:18:13.440+0900][11.654s][info][gc,phases   ] GC(264)   Other: 0.1ms
[2026-03-27T03:18:13.440+0900][11.654s][info][gc,heap     ] GC(264) Eden regions: 34->0(241)
[2026-03-27T03:18:13.440+0900][11.654s][info][gc,heap     ] GC(264) Survivor regions: 1->1(31)
[2026-03-27T03:18:13.440+0900][11.654s][info][gc,heap     ] GC(264) Old regions: 1->1
[2026-03-27T03:18:13.440+0900][11.654s][info][gc,heap     ] GC(264) Archive regions: 0->0
[2026-03-27T03:18:13.440+0900][11.654s][info][gc,heap     ] GC(264) Humongous regions: 210->178
[2026-03-27T03:18:13.440+0900][11.654s][info][gc,metaspace] GC(264) Metaspace: 282K(512K)->282K(512K) NonClass: 270K(384K)->270K(384K) Class: 12K(128K)->12K(128K)
[2026-03-27T03:18:13.440+0900][11.654s][info][gc          ] GC(264) Pause Young (Concurrent Start) (G1 Humongous Allocation) 244M->179M(469M) 1.542ms
[2026-03-27T03:18:13.440+0900][11.654s][info][gc,cpu      ] GC(264) User=0.00s Sys=0.00s Real=0.00s
[2026-03-27T03:18:13.440+0900][11.654s][info][gc          ] GC(265) Concurrent Undo Cycle
[2026-03-27T03:18:13.440+0900][11.654s][info][gc,marking  ] GC(265) Concurrent Cleanup for Next Mark
[2026-03-27T03:18:13.441+0900][11.654s][info][gc,marking  ] GC(265) Concurrent Cleanup for Next Mark 0.412ms
[2026-03-27T03:18:13.441+0900][11.654s][info][gc          ] GC(265) Concurrent Undo Cycle 0.511ms
[2026-03-27T03:18:13.549+0900][11.762s][info][gc,start    ] GC(266) Pause Young (Concurrent Start) (G1 Humongous Allocation)
[2026-03-27T03:18:13.549+0900][11.762s][info][gc,task     ] GC(266) Using 11 workers of 14 for evacuation
[2026-03-27T03:18:13.550+0900][11.764s][info][gc,phases   ] GC(266)   Pre Evacuate Collection Set: 0.4ms
[2026-03-27T03:18:13.551+0900][11.764s][info][gc,phases   ] GC(266)   Merge Heap Roots: 0.3ms
[2026-03-27T03:18:13.551+0900][11.764s][info][gc,phases   ] GC(266)   Evacuate Collection Set: 0.3ms
[2026-03-27T03:18:13.551+0900][11.764s][info][gc,phases   ] GC(266)   Post Evacuate Collection Set: 0.8ms
[2026-03-27T03:18:13.551+0900][11.764s][info][gc,phases   ] GC(266)   Other: 0.2ms
[2026-03-27T03:18:13.551+0900][11.764s][info][gc,heap     ] GC(266) Eden regions: 34->0(241)
[2026-03-27T03:18:13.551+0900][11.764s][info][gc,heap     ] GC(266) Survivor regions: 1->1(31)
[2026-03-27T03:18:13.551+0900][11.764s][info][gc,heap     ] GC(266) Old regions: 1->1
[2026-03-27T03:18:13.551+0900][11.764s][info][gc,heap     ] GC(266) Archive regions: 0->0
[2026-03-27T03:18:13.551+0900][11.764s][info][gc,heap     ] GC(266) Humongous regions: 210->178
[2026-03-27T03:18:13.551+0900][11.764s][info][gc,metaspace] GC(266) Metaspace: 282K(512K)->282K(512K) NonClass: 270K(384K)->270K(384K) Class: 12K(128K)->12K(128K)
[2026-03-27T03:18:13.551+0900][11.764s][info][gc          ] GC(266) Pause Young (Concurrent Start) (G1 Humongous Allocation) 244M->179M(469M) 2.130ms
[2026-03-27T03:18:13.551+0900][11.764s][info][gc,cpu      ] GC(266) User=0.00s Sys=0.00s Real=0.00s
[2026-03-27T03:18:13.551+0900][11.765s][info][gc          ] GC(267) Concurrent Undo Cycle
[2026-03-27T03:18:13.551+0900][11.765s][info][gc,marking  ] GC(267) Concurrent Cleanup for Next Mark
[2026-03-27T03:18:13.551+0900][11.765s][info][gc,marking  ] GC(267) Concurrent Cleanup for Next Mark 0.274ms
[2026-03-27T03:18:13.551+0900][11.765s][info][gc          ] GC(267) Concurrent Undo Cycle 0.347ms
[2026-03-27T03:18:13.659+0900][11.872s][info][gc,start    ] GC(268) Pause Young (Concurrent Start) (G1 Humongous Allocation)
[2026-03-27T03:18:13.659+0900][11.873s][info][gc,task     ] GC(268) Using 11 workers of 14 for evacuation
[2026-03-27T03:18:13.660+0900][11.874s][info][gc,phases   ] GC(268)   Pre Evacuate Collection Set: 0.3ms
[2026-03-27T03:18:13.660+0900][11.874s][info][gc,phases   ] GC(268)   Merge Heap Roots: 0.2ms
[2026-03-27T03:18:13.660+0900][11.874s][info][gc,phases   ] GC(268)   Evacuate Collection Set: 0.7ms
[2026-03-27T03:18:13.660+0900][11.874s][info][gc,phases   ] GC(268)   Post Evacuate Collection Set: 0.5ms
[2026-03-27T03:18:13.660+0900][11.874s][info][gc,phases   ] GC(268)   Other: 0.2ms
[2026-03-27T03:18:13.660+0900][11.874s][info][gc,heap     ] GC(268) Eden regions: 34->0(241)
[2026-03-27T03:18:13.660+0900][11.874s][info][gc,heap     ] GC(268) Survivor regions: 1->1(31)
[2026-03-27T03:18:13.660+0900][11.874s][info][gc,heap     ] GC(268) Old regions: 1->1
[2026-03-27T03:18:13.660+0900][11.874s][info][gc,heap     ] GC(268) Archive regions: 0->0
[2026-03-27T03:18:13.660+0900][11.874s][info][gc,heap     ] GC(268) Humongous regions: 210->178
[2026-03-27T03:18:13.660+0900][11.875s][info][gc,metaspace] GC(268) Metaspace: 282K(512K)->282K(512K) NonClass: 270K(384K)->270K(384K) Class: 12K(128K)->12K(128K)
[2026-03-27T03:18:13.660+0900][11.875s][info][gc          ] GC(268) Pause Young (Concurrent Start) (G1 Humongous Allocation) 244M->179M(469M) 2.108ms
[2026-03-27T03:18:13.660+0900][11.875s][info][gc,cpu      ] GC(268) User=0.00s Sys=0.00s Real=0.00s
[2026-03-27T03:18:13.660+0900][11.875s][info][gc          ] GC(269) Concurrent Undo Cycle
[2026-03-27T03:18:13.660+0900][11.875s][info][gc,marking  ] GC(269) Concurrent Cleanup for Next Mark
[2026-03-27T03:18:13.661+0900][11.875s][info][gc,marking  ] GC(269) Concurrent Cleanup for Next Mark 0.315ms
[2026-03-27T03:18:13.661+0900][11.875s][info][gc          ] GC(269) Concurrent Undo Cycle 0.397ms
[2026-03-27T03:18:13.767+0900][11.980s][info][gc,start    ] GC(270) Pause Young (Concurrent Start) (G1 Humongous Allocation)
[2026-03-27T03:18:13.767+0900][11.980s][info][gc,task     ] GC(270) Using 11 workers of 14 for evacuation
[2026-03-27T03:18:13.768+0900][11.982s][info][gc,phases   ] GC(270)   Pre Evacuate Collection Set: 0.2ms
[2026-03-27T03:18:13.768+0900][11.982s][info][gc,phases   ] GC(270)   Merge Heap Roots: 0.2ms
[2026-03-27T03:18:13.768+0900][11.982s][info][gc,phases   ] GC(270)   Evacuate Collection Set: 0.7ms
[2026-03-27T03:18:13.768+0900][11.982s][info][gc,phases   ] GC(270)   Post Evacuate Collection Set: 0.5ms
[2026-03-27T03:18:13.768+0900][11.982s][info][gc,phases   ] GC(270)   Other: 0.2ms
[2026-03-27T03:18:13.768+0900][11.982s][info][gc,heap     ] GC(270) Eden regions: 34->0(241)
[2026-03-27T03:18:13.768+0900][11.982s][info][gc,heap     ] GC(270) Survivor regions: 1->1(31)
[2026-03-27T03:18:13.768+0900][11.982s][info][gc,heap     ] GC(270) Old regions: 1->1
[2026-03-27T03:18:13.768+0900][11.982s][info][gc,heap     ] GC(270) Archive regions: 0->0
[2026-03-27T03:18:13.769+0900][11.982s][info][gc,heap     ] GC(270) Humongous regions: 210->178
[2026-03-27T03:18:13.769+0900][11.982s][info][gc,metaspace] GC(270) Metaspace: 282K(512K)->282K(512K) NonClass: 270K(384K)->270K(384K) Class: 12K(128K)->12K(128K)
[2026-03-27T03:18:13.769+0900][11.982s][info][gc          ] GC(270) Pause Young (Concurrent Start) (G1 Humongous Allocation) 244M->179M(469M) 1.976ms
[2026-03-27T03:18:13.769+0900][11.982s][info][gc,cpu      ] GC(270) User=0.00s Sys=0.00s Real=0.00s
[2026-03-27T03:18:13.769+0900][11.982s][info][gc          ] GC(271) Concurrent Undo Cycle
[2026-03-27T03:18:13.769+0900][11.982s][info][gc,marking  ] GC(271) Concurrent Cleanup for Next Mark
[2026-03-27T03:18:13.769+0900][11.983s][info][gc,marking  ] GC(271) Concurrent Cleanup for Next Mark 0.291ms
[2026-03-27T03:18:13.769+0900][11.983s][info][gc          ] GC(271) Concurrent Undo Cycle 0.374ms
[2026-03-27T03:18:13.875+0900][12.089s][info][gc,start    ] GC(272) Pause Young (Concurrent Start) (G1 Humongous Allocation)
[2026-03-27T03:18:13.875+0900][12.089s][info][gc,task     ] GC(272) Using 11 workers of 14 for evacuation
[2026-03-27T03:18:13.877+0900][12.090s][info][gc,phases   ] GC(272)   Pre Evacuate Collection Set: 0.2ms
[2026-03-27T03:18:13.877+0900][12.090s][info][gc,phases   ] GC(272)   Merge Heap Roots: 0.3ms
[2026-03-27T03:18:13.877+0900][12.090s][info][gc,phases   ] GC(272)   Evacuate Collection Set: 0.4ms
[2026-03-27T03:18:13.877+0900][12.090s][info][gc,phases   ] GC(272)   Post Evacuate Collection Set: 0.5ms
[2026-03-27T03:18:13.877+0900][12.090s][info][gc,phases   ] GC(272)   Other: 0.2ms
[2026-03-27T03:18:13.877+0900][12.090s][info][gc,heap     ] GC(272) Eden regions: 34->0(241)
[2026-03-27T03:18:13.877+0900][12.090s][info][gc,heap     ] GC(272) Survivor regions: 1->1(31)
[2026-03-27T03:18:13.877+0900][12.090s][info][gc,heap     ] GC(272) Old regions: 1->1
[2026-03-27T03:18:13.877+0900][12.090s][info][gc,heap     ] GC(272) Archive regions: 0->0
[2026-03-27T03:18:13.877+0900][12.090s][info][gc,heap     ] GC(272) Humongous regions: 210->178
[2026-03-27T03:18:13.877+0900][12.090s][info][gc,metaspace] GC(272) Metaspace: 282K(512K)->282K(512K) NonClass: 270K(384K)->270K(384K) Class: 12K(128K)->12K(128K)
[2026-03-27T03:18:13.877+0900][12.090s][info][gc          ] GC(272) Pause Young (Concurrent Start) (G1 Humongous Allocation) 244M->179M(469M) 1.751ms
[2026-03-27T03:18:13.877+0900][12.090s][info][gc,cpu      ] GC(272) User=0.05s Sys=0.00s Real=0.00s
[2026-03-27T03:18:13.877+0900][12.091s][info][gc          ] GC(273) Concurrent Undo Cycle
[2026-03-27T03:18:13.877+0900][12.091s][info][gc,marking  ] GC(273) Concurrent Cleanup for Next Mark
[2026-03-27T03:18:13.877+0900][12.091s][info][gc,marking  ] GC(273) Concurrent Cleanup for Next Mark 0.296ms
[2026-03-27T03:18:13.877+0900][12.091s][info][gc          ] GC(273) Concurrent Undo Cycle 0.391ms
[2026-03-27T03:18:13.984+0900][12.198s][info][gc,start    ] GC(274) Pause Young (Concurrent Start) (G1 Humongous Allocation)
[2026-03-27T03:18:13.984+0900][12.198s][info][gc,task     ] GC(274) Using 11 workers of 14 for evacuation
[2026-03-27T03:18:13.986+0900][12.199s][info][gc,phases   ] GC(274)   Pre Evacuate Collection Set: 0.2ms
[2026-03-27T03:18:13.986+0900][12.199s][info][gc,phases   ] GC(274)   Merge Heap Roots: 0.2ms
[2026-03-27T03:18:13.986+0900][12.199s][info][gc,phases   ] GC(274)   Evacuate Collection Set: 0.4ms
[2026-03-27T03:18:13.986+0900][12.199s][info][gc,phases   ] GC(274)   Post Evacuate Collection Set: 0.6ms
[2026-03-27T03:18:13.986+0900][12.199s][info][gc,phases   ] GC(274)   Other: 0.2ms
[2026-03-27T03:18:13.986+0900][12.199s][info][gc,heap     ] GC(274) Eden regions: 34->0(241)
[2026-03-27T03:18:13.986+0900][12.199s][info][gc,heap     ] GC(274) Survivor regions: 1->1(31)
[2026-03-27T03:18:13.986+0900][12.199s][info][gc,heap     ] GC(274) Old regions: 1->1
[2026-03-27T03:18:13.986+0900][12.199s][info][gc,heap     ] GC(274) Archive regions: 0->0
[2026-03-27T03:18:13.986+0900][12.200s][info][gc,heap     ] GC(274) Humongous regions: 210->178
[2026-03-27T03:18:13.986+0900][12.200s][info][gc,metaspace] GC(274) Metaspace: 282K(512K)->282K(512K) NonClass: 270K(384K)->270K(384K) Class: 12K(128K)->12K(128K)
[2026-03-27T03:18:13.986+0900][12.200s][info][gc          ] GC(274) Pause Young (Concurrent Start) (G1 Humongous Allocation) 244M->179M(469M) 1.709ms
[2026-03-27T03:18:13.986+0900][12.200s][info][gc,cpu      ] GC(274) User=0.03s Sys=0.00s Real=0.00s
[2026-03-27T03:18:13.986+0900][12.200s][info][gc          ] GC(275) Concurrent Undo Cycle
[2026-03-27T03:18:13.986+0900][12.200s][info][gc,marking  ] GC(275) Concurrent Cleanup for Next Mark
[2026-03-27T03:18:13.987+0900][12.200s][info][gc,marking  ] GC(275) Concurrent Cleanup for Next Mark 0.325ms
[2026-03-27T03:18:13.987+0900][12.200s][info][gc          ] GC(275) Concurrent Undo Cycle 0.435ms
[2026-03-27T03:18:14.092+0900][12.306s][info][gc,start    ] GC(276) Pause Young (Concurrent Start) (G1 Humongous Allocation)
[2026-03-27T03:18:14.093+0900][12.306s][info][gc,task     ] GC(276) Using 11 workers of 14 for evacuation
[2026-03-27T03:18:14.094+0900][12.308s][info][gc,phases   ] GC(276)   Pre Evacuate Collection Set: 0.2ms
[2026-03-27T03:18:14.094+0900][12.308s][info][gc,phases   ] GC(276)   Merge Heap Roots: 0.2ms
[2026-03-27T03:18:14.094+0900][12.308s][info][gc,phases   ] GC(276)   Evacuate Collection Set: 0.4ms
[2026-03-27T03:18:14.094+0900][12.308s][info][gc,phases   ] GC(276)   Post Evacuate Collection Set: 0.5ms
[2026-03-27T03:18:14.094+0900][12.308s][info][gc,phases   ] GC(276)   Other: 0.2ms
[2026-03-27T03:18:14.094+0900][12.308s][info][gc,heap     ] GC(276) Eden regions: 34->0(241)
[2026-03-27T03:18:14.094+0900][12.308s][info][gc,heap     ] GC(276) Survivor regions: 1->1(31)
[2026-03-27T03:18:14.094+0900][12.308s][info][gc,heap     ] GC(276) Old regions: 1->1
[2026-03-27T03:18:14.094+0900][12.308s][info][gc,heap     ] GC(276) Archive regions: 0->0
[2026-03-27T03:18:14.094+0900][12.308s][info][gc,heap     ] GC(276) Humongous regions: 210->178
[2026-03-27T03:18:14.094+0900][12.308s][info][gc,metaspace] GC(276) Metaspace: 282K(512K)->282K(512K) NonClass: 270K(384K)->270K(384K) Class: 12K(128K)->12K(128K)
[2026-03-27T03:18:14.094+0900][12.308s][info][gc          ] GC(276) Pause Young (Concurrent Start) (G1 Humongous Allocation) 244M->179M(469M) 1.525ms
[2026-03-27T03:18:14.094+0900][12.308s][info][gc,cpu      ] GC(276) User=0.00s Sys=0.00s Real=0.00s
[2026-03-27T03:18:14.094+0900][12.308s][info][gc          ] GC(277) Concurrent Undo Cycle
[2026-03-27T03:18:14.094+0900][12.308s][info][gc,marking  ] GC(277) Concurrent Cleanup for Next Mark
[2026-03-27T03:18:14.094+0900][12.308s][info][gc,marking  ] GC(277) Concurrent Cleanup for Next Mark 0.264ms
[2026-03-27T03:18:14.094+0900][12.308s][info][gc          ] GC(277) Concurrent Undo Cycle 0.342ms
[2026-03-27T03:18:14.201+0900][12.414s][info][gc,start    ] GC(278) Pause Young (Concurrent Start) (G1 Humongous Allocation)
[2026-03-27T03:18:14.201+0900][12.414s][info][gc,task     ] GC(278) Using 11 workers of 14 for evacuation
[2026-03-27T03:18:14.202+0900][12.416s][info][gc,phases   ] GC(278)   Pre Evacuate Collection Set: 0.2ms
[2026-03-27T03:18:14.202+0900][12.416s][info][gc,phases   ] GC(278)   Merge Heap Roots: 0.4ms
[2026-03-27T03:18:14.202+0900][12.416s][info][gc,phases   ] GC(278)   Evacuate Collection Set: 0.3ms
[2026-03-27T03:18:14.202+0900][12.416s][info][gc,phases   ] GC(278)   Post Evacuate Collection Set: 1.1ms
[2026-03-27T03:18:14.202+0900][12.417s][info][gc,phases   ] GC(278)   Other: 0.2ms
[2026-03-27T03:18:14.202+0900][12.417s][info][gc,heap     ] GC(278) Eden regions: 34->0(241)
[2026-03-27T03:18:14.202+0900][12.417s][info][gc,heap     ] GC(278) Survivor regions: 1->1(31)
[2026-03-27T03:18:14.202+0900][12.417s][info][gc,heap     ] GC(278) Old regions: 1->1
[2026-03-27T03:18:14.202+0900][12.417s][info][gc,heap     ] GC(278) Archive regions: 0->0
[2026-03-27T03:18:14.202+0900][12.417s][info][gc,heap     ] GC(278) Humongous regions: 210->178
[2026-03-27T03:18:14.202+0900][12.417s][info][gc,metaspace] GC(278) Metaspace: 282K(512K)->282K(512K) NonClass: 270K(384K)->270K(384K) Class: 12K(128K)->12K(128K)
[2026-03-27T03:18:14.203+0900][12.417s][info][gc          ] GC(278) Pause Young (Concurrent Start) (G1 Humongous Allocation) 244M->179M(469M) 2.231ms
[2026-03-27T03:18:14.203+0900][12.417s][info][gc,cpu      ] GC(278) User=0.00s Sys=0.00s Real=0.00s
[2026-03-27T03:18:14.203+0900][12.417s][info][gc          ] GC(279) Concurrent Undo Cycle
[2026-03-27T03:18:14.203+0900][12.417s][info][gc,marking  ] GC(279) Concurrent Cleanup for Next Mark
[2026-03-27T03:18:14.203+0900][12.417s][info][gc,marking  ] GC(279) Concurrent Cleanup for Next Mark 0.292ms
[2026-03-27T03:18:14.203+0900][12.417s][info][gc          ] GC(279) Concurrent Undo Cycle 0.364ms
[2026-03-27T03:18:14.311+0900][12.525s][info][gc,start    ] GC(280) Pause Young (Concurrent Start) (G1 Humongous Allocation)
[2026-03-27T03:18:14.311+0900][12.525s][info][gc,task     ] GC(280) Using 11 workers of 14 for evacuation
[2026-03-27T03:18:14.312+0900][12.526s][info][gc,phases   ] GC(280)   Pre Evacuate Collection Set: 0.2ms
[2026-03-27T03:18:14.312+0900][12.526s][info][gc,phases   ] GC(280)   Merge Heap Roots: 0.2ms
[2026-03-27T03:18:14.312+0900][12.526s][info][gc,phases   ] GC(280)   Evacuate Collection Set: 0.4ms
[2026-03-27T03:18:14.312+0900][12.526s][info][gc,phases   ] GC(280)   Post Evacuate Collection Set: 0.5ms
[2026-03-27T03:18:14.312+0900][12.526s][info][gc,phases   ] GC(280)   Other: 0.2ms
[2026-03-27T03:18:14.312+0900][12.526s][info][gc,heap     ] GC(280) Eden regions: 34->0(241)
[2026-03-27T03:18:14.312+0900][12.526s][info][gc,heap     ] GC(280) Survivor regions: 1->1(31)
[2026-03-27T03:18:14.312+0900][12.526s][info][gc,heap     ] GC(280) Old regions: 1->1
[2026-03-27T03:18:14.312+0900][12.526s][info][gc,heap     ] GC(280) Archive regions: 0->0
[2026-03-27T03:18:14.312+0900][12.526s][info][gc,heap     ] GC(280) Humongous regions: 210->178
[2026-03-27T03:18:14.312+0900][12.526s][info][gc,metaspace] GC(280) Metaspace: 282K(512K)->282K(512K) NonClass: 270K(384K)->270K(384K) Class: 12K(128K)->12K(128K)
[2026-03-27T03:18:14.312+0900][12.526s][info][gc          ] GC(280) Pause Young (Concurrent Start) (G1 Humongous Allocation) 244M->179M(469M) 1.710ms
[2026-03-27T03:18:14.312+0900][12.526s][info][gc,cpu      ] GC(280) User=0.00s Sys=0.00s Real=0.00s
[2026-03-27T03:18:14.312+0900][12.526s][info][gc          ] GC(281) Concurrent Undo Cycle
[2026-03-27T03:18:14.312+0900][12.527s][info][gc,marking  ] GC(281) Concurrent Cleanup for Next Mark
[2026-03-27T03:18:14.313+0900][12.527s][info][gc,marking  ] GC(281) Concurrent Cleanup for Next Mark 0.297ms
[2026-03-27T03:18:14.313+0900][12.527s][info][gc          ] GC(281) Concurrent Undo Cycle 0.382ms
[2026-03-27T03:18:14.420+0900][12.635s][info][gc,start    ] GC(282) Pause Young (Concurrent Start) (G1 Humongous Allocation)
[2026-03-27T03:18:14.420+0900][12.635s][info][gc,task     ] GC(282) Using 11 workers of 14 for evacuation
[2026-03-27T03:18:14.423+0900][12.637s][info][gc,phases   ] GC(282)   Pre Evacuate Collection Set: 0.2ms
[2026-03-27T03:18:14.423+0900][12.637s][info][gc,phases   ] GC(282)   Merge Heap Roots: 0.3ms
[2026-03-27T03:18:14.423+0900][12.637s][info][gc,phases   ] GC(282)   Evacuate Collection Set: 0.5ms
[2026-03-27T03:18:14.423+0900][12.637s][info][gc,phases   ] GC(282)   Post Evacuate Collection Set: 0.5ms
[2026-03-27T03:18:14.423+0900][12.637s][info][gc,phases   ] GC(282)   Other: 0.1ms
[2026-03-27T03:18:14.423+0900][12.637s][info][gc,heap     ] GC(282) Eden regions: 34->0(241)
[2026-03-27T03:18:14.423+0900][12.637s][info][gc,heap     ] GC(282) Survivor regions: 1->1(31)
[2026-03-27T03:18:14.423+0900][12.637s][info][gc,heap     ] GC(282) Old regions: 1->1
[2026-03-27T03:18:14.423+0900][12.637s][info][gc,heap     ] GC(282) Archive regions: 0->0
[2026-03-27T03:18:14.423+0900][12.637s][info][gc,heap     ] GC(282) Humongous regions: 210->178
[2026-03-27T03:18:14.423+0900][12.637s][info][gc,metaspace] GC(282) Metaspace: 282K(512K)->282K(512K) NonClass: 270K(384K)->270K(384K) Class: 12K(128K)->12K(128K)
[2026-03-27T03:18:14.423+0900][12.637s][info][gc          ] GC(282) Pause Young (Concurrent Start) (G1 Humongous Allocation) 244M->179M(469M) 1.631ms
[2026-03-27T03:18:14.423+0900][12.637s][info][gc,cpu      ] GC(282) User=0.02s Sys=0.00s Real=0.00s
[2026-03-27T03:18:14.423+0900][12.637s][info][gc          ] GC(283) Concurrent Undo Cycle
[2026-03-27T03:18:14.423+0900][12.637s][info][gc,marking  ] GC(283) Concurrent Cleanup for Next Mark
[2026-03-27T03:18:14.423+0900][12.637s][info][gc,marking  ] GC(283) Concurrent Cleanup for Next Mark 0.282ms
[2026-03-27T03:18:14.423+0900][12.637s][info][gc          ] GC(283) Concurrent Undo Cycle 0.359ms
[2026-03-27T03:18:14.529+0900][12.743s][info][gc,start    ] GC(284) Pause Young (Concurrent Start) (G1 Humongous Allocation)
[2026-03-27T03:18:14.529+0900][12.743s][info][gc,task     ] GC(284) Using 11 workers of 14 for evacuation
[2026-03-27T03:18:14.530+0900][12.744s][info][gc,phases   ] GC(284)   Pre Evacuate Collection Set: 0.2ms
[2026-03-27T03:18:14.530+0900][12.744s][info][gc,phases   ] GC(284)   Merge Heap Roots: 0.2ms
[2026-03-27T03:18:14.530+0900][12.744s][info][gc,phases   ] GC(284)   Evacuate Collection Set: 0.4ms
[2026-03-27T03:18:14.530+0900][12.744s][info][gc,phases   ] GC(284)   Post Evacuate Collection Set: 0.6ms
[2026-03-27T03:18:14.530+0900][12.744s][info][gc,phases   ] GC(284)   Other: 0.2ms
[2026-03-27T03:18:14.530+0900][12.744s][info][gc,heap     ] GC(284) Eden regions: 34->0(241)
[2026-03-27T03:18:14.530+0900][12.744s][info][gc,heap     ] GC(284) Survivor regions: 1->1(31)
[2026-03-27T03:18:14.530+0900][12.744s][info][gc,heap     ] GC(284) Old regions: 1->1
[2026-03-27T03:18:14.530+0900][12.744s][info][gc,heap     ] GC(284) Archive regions: 0->0
[2026-03-27T03:18:14.531+0900][12.744s][info][gc,heap     ] GC(284) Humongous regions: 210->178
[2026-03-27T03:18:14.531+0900][12.744s][info][gc,metaspace] GC(284) Metaspace: 282K(512K)->282K(512K) NonClass: 270K(384K)->270K(384K) Class: 12K(128K)->12K(128K)
[2026-03-27T03:18:14.531+0900][12.745s][info][gc          ] GC(284) Pause Young (Concurrent Start) (G1 Humongous Allocation) 244M->179M(469M) 1.827ms
[2026-03-27T03:18:14.531+0900][12.745s][info][gc,cpu      ] GC(284) User=0.00s Sys=0.00s Real=0.00s
[2026-03-27T03:18:14.531+0900][12.745s][info][gc          ] GC(285) Concurrent Undo Cycle
[2026-03-27T03:18:14.531+0900][12.745s][info][gc,marking  ] GC(285) Concurrent Cleanup for Next Mark
[2026-03-27T03:18:14.531+0900][12.745s][info][gc,marking  ] GC(285) Concurrent Cleanup for Next Mark 0.321ms
[2026-03-27T03:18:14.531+0900][12.745s][info][gc          ] GC(285) Concurrent Undo Cycle 0.423ms
[2026-03-27T03:18:14.638+0900][12.851s][info][gc,start    ] GC(286) Pause Young (Concurrent Start) (G1 Humongous Allocation)
[2026-03-27T03:18:14.638+0900][12.851s][info][gc,task     ] GC(286) Using 11 workers of 14 for evacuation
[2026-03-27T03:18:14.639+0900][12.853s][info][gc,phases   ] GC(286)   Pre Evacuate Collection Set: 0.2ms
[2026-03-27T03:18:14.639+0900][12.853s][info][gc,phases   ] GC(286)   Merge Heap Roots: 0.2ms
[2026-03-27T03:18:14.639+0900][12.853s][info][gc,phases   ] GC(286)   Evacuate Collection Set: 0.5ms
[2026-03-27T03:18:14.639+0900][12.853s][info][gc,phases   ] GC(286)   Post Evacuate Collection Set: 0.7ms
[2026-03-27T03:18:14.639+0900][12.853s][info][gc,phases   ] GC(286)   Other: 0.2ms
[2026-03-27T03:18:14.639+0900][12.853s][info][gc,heap     ] GC(286) Eden regions: 34->0(241)
[2026-03-27T03:18:14.639+0900][12.853s][info][gc,heap     ] GC(286) Survivor regions: 1->1(31)
[2026-03-27T03:18:14.639+0900][12.853s][info][gc,heap     ] GC(286) Old regions: 1->1
[2026-03-27T03:18:14.639+0900][12.853s][info][gc,heap     ] GC(286) Archive regions: 0->0
[2026-03-27T03:18:14.639+0900][12.853s][info][gc,heap     ] GC(286) Humongous regions: 210->178
[2026-03-27T03:18:14.639+0900][12.853s][info][gc,metaspace] GC(286) Metaspace: 282K(512K)->282K(512K) NonClass: 270K(384K)->270K(384K) Class: 12K(128K)->12K(128K)
[2026-03-27T03:18:14.639+0900][12.853s][info][gc          ] GC(286) Pause Young (Concurrent Start) (G1 Humongous Allocation) 244M->179M(469M) 1.874ms
[2026-03-27T03:18:14.639+0900][12.853s][info][gc,cpu      ] GC(286) User=0.00s Sys=0.00s Real=0.00s
[2026-03-27T03:18:14.639+0900][12.853s][info][gc          ] GC(287) Concurrent Undo Cycle
[2026-03-27T03:18:14.639+0900][12.853s][info][gc,marking  ] GC(287) Concurrent Cleanup for Next Mark
[2026-03-27T03:18:14.640+0900][12.854s][info][gc,marking  ] GC(287) Concurrent Cleanup for Next Mark 0.311ms
[2026-03-27T03:18:14.640+0900][12.854s][info][gc          ] GC(287) Concurrent Undo Cycle 0.406ms
[2026-03-27T03:18:14.746+0900][12.960s][info][gc,start    ] GC(288) Pause Young (Concurrent Start) (G1 Humongous Allocation)
[2026-03-27T03:18:14.747+0900][12.960s][info][gc,task     ] GC(288) Using 11 workers of 14 for evacuation
[2026-03-27T03:18:14.748+0900][12.962s][info][gc,phases   ] GC(288)   Pre Evacuate Collection Set: 0.1ms
[2026-03-27T03:18:14.748+0900][12.962s][info][gc,phases   ] GC(288)   Merge Heap Roots: 0.2ms
[2026-03-27T03:18:14.748+0900][12.962s][info][gc,phases   ] GC(288)   Evacuate Collection Set: 0.5ms
[2026-03-27T03:18:14.748+0900][12.962s][info][gc,phases   ] GC(288)   Post Evacuate Collection Set: 0.6ms
[2026-03-27T03:18:14.748+0900][12.962s][info][gc,phases   ] GC(288)   Other: 0.2ms
[2026-03-27T03:18:14.748+0900][12.962s][info][gc,heap     ] GC(288) Eden regions: 34->0(241)
[2026-03-27T03:18:14.748+0900][12.962s][info][gc,heap     ] GC(288) Survivor regions: 1->1(31)
[2026-03-27T03:18:14.748+0900][12.962s][info][gc,heap     ] GC(288) Old regions: 1->1
[2026-03-27T03:18:14.748+0900][12.962s][info][gc,heap     ] GC(288) Archive regions: 0->0
[2026-03-27T03:18:14.748+0900][12.962s][info][gc,heap     ] GC(288) Humongous regions: 210->178
[2026-03-27T03:18:14.748+0900][12.962s][info][gc,metaspace] GC(288) Metaspace: 282K(512K)->282K(512K) NonClass: 270K(384K)->270K(384K) Class: 12K(128K)->12K(128K)
[2026-03-27T03:18:14.748+0900][12.962s][info][gc          ] GC(288) Pause Young (Concurrent Start) (G1 Humongous Allocation) 244M->179M(469M) 1.816ms
[2026-03-27T03:18:14.748+0900][12.962s][info][gc,cpu      ] GC(288) User=0.00s Sys=0.00s Real=0.00s
[2026-03-27T03:18:14.748+0900][12.962s][info][gc          ] GC(289) Concurrent Undo Cycle
[2026-03-27T03:18:14.748+0900][12.962s][info][gc,marking  ] GC(289) Concurrent Cleanup for Next Mark
[2026-03-27T03:18:14.749+0900][12.963s][info][gc,marking  ] GC(289) Concurrent Cleanup for Next Mark 0.294ms
[2026-03-27T03:18:14.749+0900][12.963s][info][gc          ] GC(289) Concurrent Undo Cycle 0.384ms
[2026-03-27T03:18:14.854+0900][13.068s][info][gc,start    ] GC(290) Pause Young (Concurrent Start) (G1 Humongous Allocation)
[2026-03-27T03:18:14.854+0900][13.068s][info][gc,task     ] GC(290) Using 11 workers of 14 for evacuation
[2026-03-27T03:18:14.856+0900][13.069s][info][gc,phases   ] GC(290)   Pre Evacuate Collection Set: 0.2ms
[2026-03-27T03:18:14.856+0900][13.069s][info][gc,phases   ] GC(290)   Merge Heap Roots: 0.2ms
[2026-03-27T03:18:14.856+0900][13.070s][info][gc,phases   ] GC(290)   Evacuate Collection Set: 0.3ms
[2026-03-27T03:18:14.856+0900][13.070s][info][gc,phases   ] GC(290)   Post Evacuate Collection Set: 0.7ms
[2026-03-27T03:18:14.856+0900][13.070s][info][gc,phases   ] GC(290)   Other: 0.2ms
[2026-03-27T03:18:14.856+0900][13.070s][info][gc,heap     ] GC(290) Eden regions: 34->0(241)
[2026-03-27T03:18:14.856+0900][13.070s][info][gc,heap     ] GC(290) Survivor regions: 1->1(31)
[2026-03-27T03:18:14.856+0900][13.070s][info][gc,heap     ] GC(290) Old regions: 1->1
[2026-03-27T03:18:14.856+0900][13.070s][info][gc,heap     ] GC(290) Archive regions: 0->0
[2026-03-27T03:18:14.856+0900][13.070s][info][gc,heap     ] GC(290) Humongous regions: 210->178
[2026-03-27T03:18:14.856+0900][13.070s][info][gc,metaspace] GC(290) Metaspace: 282K(512K)->282K(512K) NonClass: 270K(384K)->270K(384K) Class: 12K(128K)->12K(128K)
[2026-03-27T03:18:14.856+0900][13.070s][info][gc          ] GC(290) Pause Young (Concurrent Start) (G1 Humongous Allocation) 244M->179M(469M) 1.826ms
[2026-03-27T03:18:14.856+0900][13.070s][info][gc,cpu      ] GC(290) User=0.00s Sys=0.00s Real=0.00s
[2026-03-27T03:18:14.856+0900][13.070s][info][gc          ] GC(291) Concurrent Undo Cycle
[2026-03-27T03:18:14.856+0900][13.070s][info][gc,marking  ] GC(291) Concurrent Cleanup for Next Mark
[2026-03-27T03:18:14.856+0900][13.070s][info][gc,marking  ] GC(291) Concurrent Cleanup for Next Mark 0.297ms
[2026-03-27T03:18:14.856+0900][13.070s][info][gc          ] GC(291) Concurrent Undo Cycle 0.384ms
[2026-03-27T03:18:14.963+0900][13.177s][info][gc,start    ] GC(292) Pause Young (Concurrent Start) (G1 Humongous Allocation)
[2026-03-27T03:18:14.964+0900][13.177s][info][gc,task     ] GC(292) Using 11 workers of 14 for evacuation
[2026-03-27T03:18:14.965+0900][13.179s][info][gc,phases   ] GC(292)   Pre Evacuate Collection Set: 0.3ms
[2026-03-27T03:18:14.965+0900][13.179s][info][gc,phases   ] GC(292)   Merge Heap Roots: 0.3ms
[2026-03-27T03:18:14.965+0900][13.179s][info][gc,phases   ] GC(292)   Evacuate Collection Set: 0.6ms
[2026-03-27T03:18:14.965+0900][13.179s][info][gc,phases   ] GC(292)   Post Evacuate Collection Set: 0.7ms
[2026-03-27T03:18:14.965+0900][13.179s][info][gc,phases   ] GC(292)   Other: 0.3ms
[2026-03-27T03:18:14.965+0900][13.179s][info][gc,heap     ] GC(292) Eden regions: 34->0(241)
[2026-03-27T03:18:14.965+0900][13.179s][info][gc,heap     ] GC(292) Survivor regions: 1->1(31)
[2026-03-27T03:18:14.965+0900][13.179s][info][gc,heap     ] GC(292) Old regions: 1->1
[2026-03-27T03:18:14.965+0900][13.179s][info][gc,heap     ] GC(292) Archive regions: 0->0
[2026-03-27T03:18:14.965+0900][13.179s][info][gc,heap     ] GC(292) Humongous regions: 210->178
[2026-03-27T03:18:14.965+0900][13.179s][info][gc,metaspace] GC(292) Metaspace: 282K(512K)->282K(512K) NonClass: 270K(384K)->270K(384K) Class: 12K(128K)->12K(128K)
[2026-03-27T03:18:14.965+0900][13.179s][info][gc          ] GC(292) Pause Young (Concurrent Start) (G1 Humongous Allocation) 244M->179M(469M) 2.231ms
[2026-03-27T03:18:14.965+0900][13.179s][info][gc,cpu      ] GC(292) User=0.00s Sys=0.00s Real=0.00s
[2026-03-27T03:18:14.965+0900][13.179s][info][gc          ] GC(293) Concurrent Undo Cycle
[2026-03-27T03:18:14.965+0900][13.179s][info][gc,marking  ] GC(293) Concurrent Cleanup for Next Mark
[2026-03-27T03:18:14.965+0900][13.180s][info][gc,marking  ] GC(293) Concurrent Cleanup for Next Mark 0.299ms
[2026-03-27T03:18:14.965+0900][13.180s][info][gc          ] GC(293) Concurrent Undo Cycle 0.385ms
[2026-03-27T03:18:15.073+0900][13.286s][info][gc,start    ] GC(294) Pause Young (Concurrent Start) (G1 Humongous Allocation)
[2026-03-27T03:18:15.073+0900][13.287s][info][gc,task     ] GC(294) Using 11 workers of 14 for evacuation
[2026-03-27T03:18:15.075+0900][13.288s][info][gc,phases   ] GC(294)   Pre Evacuate Collection Set: 0.3ms
[2026-03-27T03:18:15.075+0900][13.288s][info][gc,phases   ] GC(294)   Merge Heap Roots: 0.3ms
[2026-03-27T03:18:15.075+0900][13.288s][info][gc,phases   ] GC(294)   Evacuate Collection Set: 0.4ms
[2026-03-27T03:18:15.075+0900][13.288s][info][gc,phases   ] GC(294)   Post Evacuate Collection Set: 0.7ms
[2026-03-27T03:18:15.075+0900][13.288s][info][gc,phases   ] GC(294)   Other: 0.2ms
[2026-03-27T03:18:15.075+0900][13.288s][info][gc,heap     ] GC(294) Eden regions: 34->0(241)
[2026-03-27T03:18:15.075+0900][13.288s][info][gc,heap     ] GC(294) Survivor regions: 1->1(31)
[2026-03-27T03:18:15.075+0900][13.288s][info][gc,heap     ] GC(294) Old regions: 1->1
[2026-03-27T03:18:15.075+0900][13.288s][info][gc,heap     ] GC(294) Archive regions: 0->0
[2026-03-27T03:18:15.075+0900][13.288s][info][gc,heap     ] GC(294) Humongous regions: 210->178
[2026-03-27T03:18:15.075+0900][13.288s][info][gc,metaspace] GC(294) Metaspace: 282K(512K)->282K(512K) NonClass: 270K(384K)->270K(384K) Class: 12K(128K)->12K(128K)
[2026-03-27T03:18:15.075+0900][13.288s][info][gc          ] GC(294) Pause Young (Concurrent Start) (G1 Humongous Allocation) 244M->179M(469M) 1.952ms
[2026-03-27T03:18:15.075+0900][13.288s][info][gc,cpu      ] GC(294) User=0.00s Sys=0.00s Real=0.00s
[2026-03-27T03:18:15.075+0900][13.288s][info][gc          ] GC(295) Concurrent Undo Cycle
[2026-03-27T03:18:15.075+0900][13.289s][info][gc,marking  ] GC(295) Concurrent Cleanup for Next Mark
[2026-03-27T03:18:15.075+0900][13.289s][info][gc,marking  ] GC(295) Concurrent Cleanup for Next Mark 0.301ms
[2026-03-27T03:18:15.075+0900][13.289s][info][gc          ] GC(295) Concurrent Undo Cycle 0.376ms
[2026-03-27T03:18:15.183+0900][13.396s][info][gc,start    ] GC(296) Pause Young (Concurrent Start) (G1 Humongous Allocation)
[2026-03-27T03:18:15.183+0900][13.396s][info][gc,task     ] GC(296) Using 11 workers of 14 for evacuation
[2026-03-27T03:18:15.184+0900][13.398s][info][gc,phases   ] GC(296)   Pre Evacuate Collection Set: 0.2ms
[2026-03-27T03:18:15.184+0900][13.398s][info][gc,phases   ] GC(296)   Merge Heap Roots: 0.2ms
[2026-03-27T03:18:15.184+0900][13.398s][info][gc,phases   ] GC(296)   Evacuate Collection Set: 0.5ms
[2026-03-27T03:18:15.184+0900][13.398s][info][gc,phases   ] GC(296)   Post Evacuate Collection Set: 0.6ms
[2026-03-27T03:18:15.184+0900][13.398s][info][gc,phases   ] GC(296)   Other: 0.2ms
[2026-03-27T03:18:15.184+0900][13.398s][info][gc,heap     ] GC(296) Eden regions: 34->0(241)
[2026-03-27T03:18:15.184+0900][13.398s][info][gc,heap     ] GC(296) Survivor regions: 1->1(31)
[2026-03-27T03:18:15.184+0900][13.398s][info][gc,heap     ] GC(296) Old regions: 1->1
[2026-03-27T03:18:15.184+0900][13.398s][info][gc,heap     ] GC(296) Archive regions: 0->0
[2026-03-27T03:18:15.184+0900][13.398s][info][gc,heap     ] GC(296) Humongous regions: 210->178
[2026-03-27T03:18:15.184+0900][13.398s][info][gc,metaspace] GC(296) Metaspace: 282K(512K)->282K(512K) NonClass: 270K(384K)->270K(384K) Class: 12K(128K)->12K(128K)
[2026-03-27T03:18:15.184+0900][13.398s][info][gc          ] GC(296) Pause Young (Concurrent Start) (G1 Humongous Allocation) 244M->179M(469M) 1.825ms
[2026-03-27T03:18:15.184+0900][13.398s][info][gc,cpu      ] GC(296) User=0.00s Sys=0.00s Real=0.00s
[2026-03-27T03:18:15.184+0900][13.398s][info][gc          ] GC(297) Concurrent Undo Cycle
[2026-03-27T03:18:15.184+0900][13.398s][info][gc,marking  ] GC(297) Concurrent Cleanup for Next Mark
[2026-03-27T03:18:15.184+0900][13.398s][info][gc,marking  ] GC(297) Concurrent Cleanup for Next Mark 0.301ms
[2026-03-27T03:18:15.184+0900][13.398s][info][gc          ] GC(297) Concurrent Undo Cycle 0.382ms
[2026-03-27T03:18:15.292+0900][13.505s][info][gc,start    ] GC(298) Pause Young (Concurrent Start) (G1 Humongous Allocation)
[2026-03-27T03:18:15.292+0900][13.505s][info][gc,task     ] GC(298) Using 11 workers of 14 for evacuation
[2026-03-27T03:18:15.293+0900][13.507s][info][gc,phases   ] GC(298)   Pre Evacuate Collection Set: 0.2ms
[2026-03-27T03:18:15.293+0900][13.507s][info][gc,phases   ] GC(298)   Merge Heap Roots: 0.2ms
[2026-03-27T03:18:15.293+0900][13.507s][info][gc,phases   ] GC(298)   Evacuate Collection Set: 0.6ms
[2026-03-27T03:18:15.293+0900][13.507s][info][gc,phases   ] GC(298)   Post Evacuate Collection Set: 0.8ms
[2026-03-27T03:18:15.294+0900][13.507s][info][gc,phases   ] GC(298)   Other: 0.1ms
[2026-03-27T03:18:15.294+0900][13.507s][info][gc,heap     ] GC(298) Eden regions: 34->0(241)
[2026-03-27T03:18:15.294+0900][13.507s][info][gc,heap     ] GC(298) Survivor regions: 1->1(31)
[2026-03-27T03:18:15.294+0900][13.507s][info][gc,heap     ] GC(298) Old regions: 1->1
[2026-03-27T03:18:15.294+0900][13.507s][info][gc,heap     ] GC(298) Archive regions: 0->0
[2026-03-27T03:18:15.294+0900][13.507s][info][gc,heap     ] GC(298) Humongous regions: 210->178
[2026-03-27T03:18:15.294+0900][13.507s][info][gc,metaspace] GC(298) Metaspace: 282K(512K)->282K(512K) NonClass: 270K(384K)->270K(384K) Class: 12K(128K)->12K(128K)
[2026-03-27T03:18:15.294+0900][13.507s][info][gc          ] GC(298) Pause Young (Concurrent Start) (G1 Humongous Allocation) 244M->179M(469M) 2.184ms
[2026-03-27T03:18:15.294+0900][13.507s][info][gc,cpu      ] GC(298) User=0.00s Sys=0.00s Real=0.00s
[2026-03-27T03:18:15.294+0900][13.508s][info][gc          ] GC(299) Concurrent Undo Cycle
[2026-03-27T03:18:15.294+0900][13.508s][info][gc,marking  ] GC(299) Concurrent Cleanup for Next Mark
[2026-03-27T03:18:15.294+0900][13.508s][info][gc,marking  ] GC(299) Concurrent Cleanup for Next Mark 0.244ms
[2026-03-27T03:18:15.294+0900][13.508s][info][gc          ] GC(299) Concurrent Undo Cycle 0.283ms
[2026-03-27T03:18:15.401+0900][13.614s][info][gc,start    ] GC(300) Pause Young (Concurrent Start) (G1 Humongous Allocation)
[2026-03-27T03:18:15.401+0900][13.614s][info][gc,task     ] GC(300) Using 11 workers of 14 for evacuation
[2026-03-27T03:18:15.402+0900][13.616s][info][gc,phases   ] GC(300)   Pre Evacuate Collection Set: 0.2ms
[2026-03-27T03:18:15.402+0900][13.616s][info][gc,phases   ] GC(300)   Merge Heap Roots: 0.2ms
[2026-03-27T03:18:15.402+0900][13.616s][info][gc,phases   ] GC(300)   Evacuate Collection Set: 0.4ms
[2026-03-27T03:18:15.402+0900][13.616s][info][gc,phases   ] GC(300)   Post Evacuate Collection Set: 0.6ms
[2026-03-27T03:18:15.402+0900][13.616s][info][gc,phases   ] GC(300)   Other: 0.2ms
[2026-03-27T03:18:15.402+0900][13.616s][info][gc,heap     ] GC(300) Eden regions: 34->0(241)
[2026-03-27T03:18:15.402+0900][13.616s][info][gc,heap     ] GC(300) Survivor regions: 1->1(31)
[2026-03-27T03:18:15.402+0900][13.616s][info][gc,heap     ] GC(300) Old regions: 1->1
[2026-03-27T03:18:15.402+0900][13.616s][info][gc,heap     ] GC(300) Archive regions: 0->0
[2026-03-27T03:18:15.402+0900][13.616s][info][gc,heap     ] GC(300) Humongous regions: 210->178
[2026-03-27T03:18:15.402+0900][13.616s][info][gc,metaspace] GC(300) Metaspace: 282K(512K)->282K(512K) NonClass: 270K(384K)->270K(384K) Class: 12K(128K)->12K(128K)
[2026-03-27T03:18:15.402+0900][13.616s][info][gc          ] GC(300) Pause Young (Concurrent Start) (G1 Humongous Allocation) 244M->179M(469M) 1.759ms
[2026-03-27T03:18:15.402+0900][13.616s][info][gc,cpu      ] GC(300) User=0.00s Sys=0.00s Real=0.00s
[2026-03-27T03:18:15.402+0900][13.616s][info][gc          ] GC(301) Concurrent Undo Cycle
[2026-03-27T03:18:15.402+0900][13.616s][info][gc,marking  ] GC(301) Concurrent Cleanup for Next Mark
[2026-03-27T03:18:15.402+0900][13.616s][info][gc,marking  ] GC(301) Concurrent Cleanup for Next Mark 0.314ms
[2026-03-27T03:18:15.402+0900][13.616s][info][gc          ] GC(301) Concurrent Undo Cycle 0.408ms
[2026-03-27T03:18:15.508+0900][13.722s][info][gc,start    ] GC(302) Pause Young (Concurrent Start) (G1 Humongous Allocation)
[2026-03-27T03:18:15.508+0900][13.722s][info][gc,task     ] GC(302) Using 11 workers of 14 for evacuation
[2026-03-27T03:18:15.510+0900][13.724s][info][gc,phases   ] GC(302)   Pre Evacuate Collection Set: 0.3ms
[2026-03-27T03:18:15.510+0900][13.724s][info][gc,phases   ] GC(302)   Merge Heap Roots: 0.3ms
[2026-03-27T03:18:15.510+0900][13.724s][info][gc,phases   ] GC(302)   Evacuate Collection Set: 0.5ms
[2026-03-27T03:18:15.510+0900][13.724s][info][gc,phases   ] GC(302)   Post Evacuate Collection Set: 0.9ms
[2026-03-27T03:18:15.510+0900][13.724s][info][gc,phases   ] GC(302)   Other: 0.2ms
[2026-03-27T03:18:15.510+0900][13.724s][info][gc,heap     ] GC(302) Eden regions: 34->0(241)
[2026-03-27T03:18:15.510+0900][13.724s][info][gc,heap     ] GC(302) Survivor regions: 1->1(31)
[2026-03-27T03:18:15.510+0900][13.724s][info][gc,heap     ] GC(302) Old regions: 1->1
[2026-03-27T03:18:15.510+0900][13.724s][info][gc,heap     ] GC(302) Archive regions: 0->0
[2026-03-27T03:18:15.510+0900][13.724s][info][gc,heap     ] GC(302) Humongous regions: 210->178
[2026-03-27T03:18:15.510+0900][13.724s][info][gc,metaspace] GC(302) Metaspace: 282K(512K)->282K(512K) NonClass: 270K(384K)->270K(384K) Class: 12K(128K)->12K(128K)
[2026-03-27T03:18:15.510+0900][13.724s][info][gc          ] GC(302) Pause Young (Concurrent Start) (G1 Humongous Allocation) 244M->179M(469M) 2.383ms
[2026-03-27T03:18:15.510+0900][13.724s][info][gc,cpu      ] GC(302) User=0.00s Sys=0.00s Real=0.00s
[2026-03-27T03:18:15.510+0900][13.724s][info][gc          ] GC(303) Concurrent Undo Cycle
[2026-03-27T03:18:15.510+0900][13.724s][info][gc,marking  ] GC(303) Concurrent Cleanup for Next Mark
[2026-03-27T03:18:15.511+0900][13.725s][info][gc,marking  ] GC(303) Concurrent Cleanup for Next Mark 0.347ms
[2026-03-27T03:18:15.511+0900][13.725s][info][gc          ] GC(303) Concurrent Undo Cycle 0.461ms
[2026-03-27T03:18:15.615+0900][13.829s][info][gc,start    ] GC(304) Pause Young (Concurrent Start) (G1 Humongous Allocation)
[2026-03-27T03:18:15.615+0900][13.829s][info][gc,task     ] GC(304) Using 11 workers of 14 for evacuation
[2026-03-27T03:18:15.617+0900][13.831s][info][gc,phases   ] GC(304)   Pre Evacuate Collection Set: 0.2ms
[2026-03-27T03:18:15.617+0900][13.831s][info][gc,phases   ] GC(304)   Merge Heap Roots: 0.2ms
[2026-03-27T03:18:15.617+0900][13.831s][info][gc,phases   ] GC(304)   Evacuate Collection Set: 0.3ms
[2026-03-27T03:18:15.617+0900][13.831s][info][gc,phases   ] GC(304)   Post Evacuate Collection Set: 0.7ms
[2026-03-27T03:18:15.617+0900][13.831s][info][gc,phases   ] GC(304)   Other: 0.2ms
[2026-03-27T03:18:15.617+0900][13.831s][info][gc,heap     ] GC(304) Eden regions: 34->0(241)
[2026-03-27T03:18:15.617+0900][13.831s][info][gc,heap     ] GC(304) Survivor regions: 1->1(31)
[2026-03-27T03:18:15.617+0900][13.831s][info][gc,heap     ] GC(304) Old regions: 1->1
[2026-03-27T03:18:15.617+0900][13.831s][info][gc,heap     ] GC(304) Archive regions: 0->0
[2026-03-27T03:18:15.617+0900][13.831s][info][gc,heap     ] GC(304) Humongous regions: 210->178
[2026-03-27T03:18:15.617+0900][13.831s][info][gc,metaspace] GC(304) Metaspace: 282K(512K)->282K(512K) NonClass: 270K(384K)->270K(384K) Class: 12K(128K)->12K(128K)
[2026-03-27T03:18:15.617+0900][13.831s][info][gc          ] GC(304) Pause Young (Concurrent Start) (G1 Humongous Allocation) 244M->179M(469M) 1.834ms
[2026-03-27T03:18:15.617+0900][13.831s][info][gc,cpu      ] GC(304) User=0.00s Sys=0.00s Real=0.00s
[2026-03-27T03:18:15.617+0900][13.831s][info][gc          ] GC(305) Concurrent Undo Cycle
[2026-03-27T03:18:15.617+0900][13.831s][info][gc,marking  ] GC(305) Concurrent Cleanup for Next Mark
[2026-03-27T03:18:15.618+0900][13.831s][info][gc,marking  ] GC(305) Concurrent Cleanup for Next Mark 0.317ms
[2026-03-27T03:18:15.618+0900][13.831s][info][gc          ] GC(305) Concurrent Undo Cycle 0.423ms
[2026-03-27T03:18:15.723+0900][13.936s][info][gc,start    ] GC(306) Pause Young (Concurrent Start) (G1 Humongous Allocation)
[2026-03-27T03:18:15.723+0900][13.936s][info][gc,task     ] GC(306) Using 11 workers of 14 for evacuation
[2026-03-27T03:18:15.725+0900][13.939s][info][gc,phases   ] GC(306)   Pre Evacuate Collection Set: 0.4ms
[2026-03-27T03:18:15.725+0900][13.939s][info][gc,phases   ] GC(306)   Merge Heap Roots: 0.3ms
[2026-03-27T03:18:15.725+0900][13.939s][info][gc,phases   ] GC(306)   Evacuate Collection Set: 0.5ms
[2026-03-27T03:18:15.725+0900][13.939s][info][gc,phases   ] GC(306)   Post Evacuate Collection Set: 1.0ms
[2026-03-27T03:18:15.725+0900][13.939s][info][gc,phases   ] GC(306)   Other: 0.2ms
[2026-03-27T03:18:15.725+0900][13.939s][info][gc,heap     ] GC(306) Eden regions: 34->0(241)
[2026-03-27T03:18:15.725+0900][13.939s][info][gc,heap     ] GC(306) Survivor regions: 1->1(31)
[2026-03-27T03:18:15.725+0900][13.939s][info][gc,heap     ] GC(306) Old regions: 1->1
[2026-03-27T03:18:15.725+0900][13.939s][info][gc,heap     ] GC(306) Archive regions: 0->0
[2026-03-27T03:18:15.725+0900][13.939s][info][gc,heap     ] GC(306) Humongous regions: 210->178
[2026-03-27T03:18:15.725+0900][13.939s][info][gc,metaspace] GC(306) Metaspace: 282K(512K)->282K(512K) NonClass: 270K(384K)->270K(384K) Class: 12K(128K)->12K(128K)
[2026-03-27T03:18:15.725+0900][13.939s][info][gc          ] GC(306) Pause Young (Concurrent Start) (G1 Humongous Allocation) 244M->179M(469M) 2.646ms
[2026-03-27T03:18:15.725+0900][13.939s][info][gc,cpu      ] GC(306) User=0.00s Sys=0.00s Real=0.00s
[2026-03-27T03:18:15.725+0900][13.939s][info][gc          ] GC(307) Concurrent Undo Cycle
[2026-03-27T03:18:15.725+0900][13.939s][info][gc,marking  ] GC(307) Concurrent Cleanup for Next Mark
[2026-03-27T03:18:15.725+0900][13.940s][info][gc,marking  ] GC(307) Concurrent Cleanup for Next Mark 0.377ms
[2026-03-27T03:18:15.725+0900][13.940s][info][gc          ] GC(307) Concurrent Undo Cycle 0.476ms
[2026-03-27T03:18:15.832+0900][14.045s][info][gc,start    ] GC(308) Pause Young (Concurrent Start) (G1 Humongous Allocation)
[2026-03-27T03:18:15.832+0900][14.045s][info][gc,task     ] GC(308) Using 11 workers of 14 for evacuation
[2026-03-27T03:18:15.833+0900][14.047s][info][gc,phases   ] GC(308)   Pre Evacuate Collection Set: 0.2ms
[2026-03-27T03:18:15.833+0900][14.047s][info][gc,phases   ] GC(308)   Merge Heap Roots: 0.3ms
[2026-03-27T03:18:15.833+0900][14.047s][info][gc,phases   ] GC(308)   Evacuate Collection Set: 0.5ms
[2026-03-27T03:18:15.833+0900][14.047s][info][gc,phases   ] GC(308)   Post Evacuate Collection Set: 0.5ms
[2026-03-27T03:18:15.833+0900][14.047s][info][gc,phases   ] GC(308)   Other: 0.2ms
[2026-03-27T03:18:15.833+0900][14.047s][info][gc,heap     ] GC(308) Eden regions: 34->0(241)
[2026-03-27T03:18:15.833+0900][14.047s][info][gc,heap     ] GC(308) Survivor regions: 1->1(31)
[2026-03-27T03:18:15.833+0900][14.047s][info][gc,heap     ] GC(308) Old regions: 1->1
[2026-03-27T03:18:15.833+0900][14.047s][info][gc,heap     ] GC(308) Archive regions: 0->0
[2026-03-27T03:18:15.833+0900][14.047s][info][gc,heap     ] GC(308) Humongous regions: 210->178
[2026-03-27T03:18:15.833+0900][14.047s][info][gc,metaspace] GC(308) Metaspace: 282K(512K)->282K(512K) NonClass: 270K(384K)->270K(384K) Class: 12K(128K)->12K(128K)
[2026-03-27T03:18:15.833+0900][14.047s][info][gc          ] GC(308) Pause Young (Concurrent Start) (G1 Humongous Allocation) 244M->179M(469M) 1.770ms
[2026-03-27T03:18:15.833+0900][14.047s][info][gc,cpu      ] GC(308) User=0.00s Sys=0.00s Real=0.00s
[2026-03-27T03:18:15.834+0900][14.047s][info][gc          ] GC(309) Concurrent Undo Cycle
[2026-03-27T03:18:15.834+0900][14.047s][info][gc,marking  ] GC(309) Concurrent Cleanup for Next Mark
[2026-03-27T03:18:15.834+0900][14.047s][info][gc,marking  ] GC(309) Concurrent Cleanup for Next Mark 0.403ms
[2026-03-27T03:18:15.834+0900][14.048s][info][gc          ] GC(309) Concurrent Undo Cycle 0.527ms
[2026-03-27T03:18:15.942+0900][14.156s][info][gc,start    ] GC(310) Pause Young (Concurrent Start) (G1 Humongous Allocation)
[2026-03-27T03:18:15.942+0900][14.156s][info][gc,task     ] GC(310) Using 11 workers of 14 for evacuation
[2026-03-27T03:18:15.944+0900][14.158s][info][gc,phases   ] GC(310)   Pre Evacuate Collection Set: 0.2ms
[2026-03-27T03:18:15.944+0900][14.158s][info][gc,phases   ] GC(310)   Merge Heap Roots: 0.3ms
[2026-03-27T03:18:15.944+0900][14.158s][info][gc,phases   ] GC(310)   Evacuate Collection Set: 0.4ms
[2026-03-27T03:18:15.944+0900][14.158s][info][gc,phases   ] GC(310)   Post Evacuate Collection Set: 1.0ms
[2026-03-27T03:18:15.944+0900][14.158s][info][gc,phases   ] GC(310)   Other: 0.2ms
[2026-03-27T03:18:15.944+0900][14.158s][info][gc,heap     ] GC(310) Eden regions: 34->0(241)
[2026-03-27T03:18:15.944+0900][14.158s][info][gc,heap     ] GC(310) Survivor regions: 1->1(31)
[2026-03-27T03:18:15.944+0900][14.158s][info][gc,heap     ] GC(310) Old regions: 1->1
[2026-03-27T03:18:15.944+0900][14.158s][info][gc,heap     ] GC(310) Archive regions: 0->0
[2026-03-27T03:18:15.944+0900][14.158s][info][gc,heap     ] GC(310) Humongous regions: 210->178
[2026-03-27T03:18:15.944+0900][14.158s][info][gc,metaspace] GC(310) Metaspace: 282K(512K)->282K(512K) NonClass: 270K(384K)->270K(384K) Class: 12K(128K)->12K(128K)
[2026-03-27T03:18:15.944+0900][14.158s][info][gc          ] GC(310) Pause Young (Concurrent Start) (G1 Humongous Allocation) 244M->179M(469M) 2.216ms
[2026-03-27T03:18:15.944+0900][14.158s][info][gc,cpu      ] GC(310) User=0.00s Sys=0.00s Real=0.00s
[2026-03-27T03:18:15.944+0900][14.158s][info][gc          ] GC(311) Concurrent Undo Cycle
[2026-03-27T03:18:15.944+0900][14.158s][info][gc,marking  ] GC(311) Concurrent Cleanup for Next Mark
[2026-03-27T03:18:15.944+0900][14.159s][info][gc,marking  ] GC(311) Concurrent Cleanup for Next Mark 0.307ms
[2026-03-27T03:18:15.945+0900][14.159s][info][gc          ] GC(311) Concurrent Undo Cycle 0.383ms
[2026-03-27T03:18:16.054+0900][14.267s][info][gc,start    ] GC(312) Pause Young (Concurrent Start) (G1 Humongous Allocation)
[2026-03-27T03:18:16.054+0900][14.267s][info][gc,task     ] GC(312) Using 11 workers of 14 for evacuation
[2026-03-27T03:18:16.055+0900][14.269s][info][gc,phases   ] GC(312)   Pre Evacuate Collection Set: 0.2ms
[2026-03-27T03:18:16.055+0900][14.269s][info][gc,phases   ] GC(312)   Merge Heap Roots: 0.2ms
[2026-03-27T03:18:16.055+0900][14.269s][info][gc,phases   ] GC(312)   Evacuate Collection Set: 0.4ms
[2026-03-27T03:18:16.055+0900][14.269s][info][gc,phases   ] GC(312)   Post Evacuate Collection Set: 0.7ms
[2026-03-27T03:18:16.056+0900][14.269s][info][gc,phases   ] GC(312)   Other: 0.2ms
[2026-03-27T03:18:16.056+0900][14.269s][info][gc,heap     ] GC(312) Eden regions: 34->0(241)
[2026-03-27T03:18:16.056+0900][14.269s][info][gc,heap     ] GC(312) Survivor regions: 1->1(31)
[2026-03-27T03:18:16.056+0900][14.269s][info][gc,heap     ] GC(312) Old regions: 1->1
[2026-03-27T03:18:16.056+0900][14.269s][info][gc,heap     ] GC(312) Archive regions: 0->0
[2026-03-27T03:18:16.056+0900][14.269s][info][gc,heap     ] GC(312) Humongous regions: 210->178
[2026-03-27T03:18:16.056+0900][14.269s][info][gc,metaspace] GC(312) Metaspace: 282K(512K)->282K(512K) NonClass: 270K(384K)->270K(384K) Class: 12K(128K)->12K(128K)
[2026-03-27T03:18:16.056+0900][14.269s][info][gc          ] GC(312) Pause Young (Concurrent Start) (G1 Humongous Allocation) 244M->179M(469M) 1.934ms
[2026-03-27T03:18:16.056+0900][14.269s][info][gc,cpu      ] GC(312) User=0.00s Sys=0.00s Real=0.00s
[2026-03-27T03:18:16.056+0900][14.269s][info][gc          ] GC(313) Concurrent Undo Cycle
[2026-03-27T03:18:16.056+0900][14.269s][info][gc,marking  ] GC(313) Concurrent Cleanup for Next Mark
[2026-03-27T03:18:16.056+0900][14.270s][info][gc,marking  ] GC(313) Concurrent Cleanup for Next Mark 0.353ms
[2026-03-27T03:18:16.056+0900][14.270s][info][gc          ] GC(313) Concurrent Undo Cycle 0.421ms
[2026-03-27T03:18:16.163+0900][14.376s][info][gc,start    ] GC(314) Pause Young (Concurrent Start) (G1 Humongous Allocation)
[2026-03-27T03:18:16.163+0900][14.377s][info][gc,task     ] GC(314) Using 11 workers of 14 for evacuation
[2026-03-27T03:18:16.165+0900][14.379s][info][gc,phases   ] GC(314)   Pre Evacuate Collection Set: 0.3ms
[2026-03-27T03:18:16.165+0900][14.379s][info][gc,phases   ] GC(314)   Merge Heap Roots: 0.3ms
[2026-03-27T03:18:16.165+0900][14.379s][info][gc,phases   ] GC(314)   Evacuate Collection Set: 0.6ms
[2026-03-27T03:18:16.165+0900][14.379s][info][gc,phases   ] GC(314)   Post Evacuate Collection Set: 1.1ms
[2026-03-27T03:18:16.165+0900][14.379s][info][gc,phases   ] GC(314)   Other: 0.2ms
[2026-03-27T03:18:16.165+0900][14.379s][info][gc,heap     ] GC(314) Eden regions: 34->0(241)
[2026-03-27T03:18:16.165+0900][14.379s][info][gc,heap     ] GC(314) Survivor regions: 1->1(31)
[2026-03-27T03:18:16.165+0900][14.379s][info][gc,heap     ] GC(314) Old regions: 1->1
[2026-03-27T03:18:16.165+0900][14.379s][info][gc,heap     ] GC(314) Archive regions: 0->0
[2026-03-27T03:18:16.165+0900][14.379s][info][gc,heap     ] GC(314) Humongous regions: 210->178
[2026-03-27T03:18:16.165+0900][14.379s][info][gc,metaspace] GC(314) Metaspace: 282K(512K)->282K(512K) NonClass: 270K(384K)->270K(384K) Class: 12K(128K)->12K(128K)
[2026-03-27T03:18:16.165+0900][14.379s][info][gc          ] GC(314) Pause Young (Concurrent Start) (G1 Humongous Allocation) 244M->179M(469M) 2.476ms
[2026-03-27T03:18:16.165+0900][14.379s][info][gc,cpu      ] GC(314) User=0.00s Sys=0.00s Real=0.00s
[2026-03-27T03:18:16.165+0900][14.379s][info][gc          ] GC(315) Concurrent Undo Cycle
[2026-03-27T03:18:16.165+0900][14.379s][info][gc,marking  ] GC(315) Concurrent Cleanup for Next Mark
[2026-03-27T03:18:16.165+0900][14.379s][info][gc,marking  ] GC(315) Concurrent Cleanup for Next Mark 0.275ms
[2026-03-27T03:18:16.165+0900][14.379s][info][gc          ] GC(315) Concurrent Undo Cycle 0.329ms
[2026-03-27T03:18:16.273+0900][14.486s][info][gc,start    ] GC(316) Pause Young (Concurrent Start) (G1 Humongous Allocation)
[2026-03-27T03:18:16.273+0900][14.486s][info][gc,task     ] GC(316) Using 11 workers of 14 for evacuation
[2026-03-27T03:18:16.275+0900][14.489s][info][gc,phases   ] GC(316)   Pre Evacuate Collection Set: 0.3ms
[2026-03-27T03:18:16.275+0900][14.489s][info][gc,phases   ] GC(316)   Merge Heap Roots: 0.4ms
[2026-03-27T03:18:16.275+0900][14.489s][info][gc,phases   ] GC(316)   Evacuate Collection Set: 0.7ms
[2026-03-27T03:18:16.275+0900][14.489s][info][gc,phases   ] GC(316)   Post Evacuate Collection Set: 1.0ms
[2026-03-27T03:18:16.275+0900][14.489s][info][gc,phases   ] GC(316)   Other: 0.2ms
[2026-03-27T03:18:16.275+0900][14.489s][info][gc,heap     ] GC(316) Eden regions: 34->0(241)
[2026-03-27T03:18:16.275+0900][14.489s][info][gc,heap     ] GC(316) Survivor regions: 1->1(31)
[2026-03-27T03:18:16.275+0900][14.489s][info][gc,heap     ] GC(316) Old regions: 1->1
[2026-03-27T03:18:16.275+0900][14.489s][info][gc,heap     ] GC(316) Archive regions: 0->0
[2026-03-27T03:18:16.275+0900][14.489s][info][gc,heap     ] GC(316) Humongous regions: 210->178
[2026-03-27T03:18:16.275+0900][14.489s][info][gc,metaspace] GC(316) Metaspace: 282K(512K)->282K(512K) NonClass: 270K(384K)->270K(384K) Class: 12K(128K)->12K(128K)
[2026-03-27T03:18:16.275+0900][14.489s][info][gc          ] GC(316) Pause Young (Concurrent Start) (G1 Humongous Allocation) 244M->179M(469M) 2.799ms
[2026-03-27T03:18:16.275+0900][14.489s][info][gc,cpu      ] GC(316) User=0.00s Sys=0.00s Real=0.00s
[2026-03-27T03:18:16.275+0900][14.489s][info][gc          ] GC(317) Concurrent Undo Cycle
[2026-03-27T03:18:16.275+0900][14.489s][info][gc,marking  ] GC(317) Concurrent Cleanup for Next Mark
[2026-03-27T03:18:16.276+0900][14.489s][info][gc,marking  ] GC(317) Concurrent Cleanup for Next Mark 0.357ms
[2026-03-27T03:18:16.276+0900][14.489s][info][gc          ] GC(317) Concurrent Undo Cycle 0.449ms
[2026-03-27T03:18:16.395+0900][14.609s][info][gc,start    ] GC(318) Pause Young (Concurrent Start) (G1 Humongous Allocation)
[2026-03-27T03:18:16.395+0900][14.609s][info][gc,task     ] GC(318) Using 11 workers of 14 for evacuation
[2026-03-27T03:18:16.397+0900][14.611s][info][gc,phases   ] GC(318)   Pre Evacuate Collection Set: 0.3ms
[2026-03-27T03:18:16.397+0900][14.611s][info][gc,phases   ] GC(318)   Merge Heap Roots: 0.3ms
[2026-03-27T03:18:16.397+0900][14.611s][info][gc,phases   ] GC(318)   Evacuate Collection Set: 0.4ms
[2026-03-27T03:18:16.397+0900][14.611s][info][gc,phases   ] GC(318)   Post Evacuate Collection Set: 0.9ms
[2026-03-27T03:18:16.397+0900][14.611s][info][gc,phases   ] GC(318)   Other: 0.2ms
[2026-03-27T03:18:16.397+0900][14.611s][info][gc,heap     ] GC(318) Eden regions: 34->0(241)
[2026-03-27T03:18:16.397+0900][14.611s][info][gc,heap     ] GC(318) Survivor regions: 1->1(31)
[2026-03-27T03:18:16.397+0900][14.611s][info][gc,heap     ] GC(318) Old regions: 1->1
[2026-03-27T03:18:16.397+0900][14.611s][info][gc,heap     ] GC(318) Archive regions: 0->0
[2026-03-27T03:18:16.397+0900][14.611s][info][gc,heap     ] GC(318) Humongous regions: 210->178
[2026-03-27T03:18:16.397+0900][14.611s][info][gc,metaspace] GC(318) Metaspace: 282K(512K)->282K(512K) NonClass: 270K(384K)->270K(384K) Class: 12K(128K)->12K(128K)
[2026-03-27T03:18:16.397+0900][14.611s][info][gc          ] GC(318) Pause Young (Concurrent Start) (G1 Humongous Allocation) 244M->179M(469M) 2.247ms
[2026-03-27T03:18:16.397+0900][14.611s][info][gc,cpu      ] GC(318) User=0.00s Sys=0.00s Real=0.00s
[2026-03-27T03:18:16.397+0900][14.611s][info][gc          ] GC(319) Concurrent Undo Cycle
[2026-03-27T03:18:16.397+0900][14.611s][info][gc,marking  ] GC(319) Concurrent Cleanup for Next Mark
[2026-03-27T03:18:16.397+0900][14.612s][info][gc,marking  ] GC(319) Concurrent Cleanup for Next Mark 0.301ms
[2026-03-27T03:18:16.397+0900][14.612s][info][gc          ] GC(319) Concurrent Undo Cycle 0.387ms
[2026-03-27T03:18:16.503+0900][14.717s][info][gc,start    ] GC(320) Pause Young (Concurrent Start) (G1 Humongous Allocation)
[2026-03-27T03:18:16.504+0900][14.717s][info][gc,task     ] GC(320) Using 11 workers of 14 for evacuation
[2026-03-27T03:18:16.505+0900][14.720s][info][gc,phases   ] GC(320)   Pre Evacuate Collection Set: 0.4ms
[2026-03-27T03:18:16.505+0900][14.720s][info][gc,phases   ] GC(320)   Merge Heap Roots: 0.4ms
[2026-03-27T03:18:16.505+0900][14.720s][info][gc,phases   ] GC(320)   Evacuate Collection Set: 0.6ms
[2026-03-27T03:18:16.505+0900][14.720s][info][gc,phases   ] GC(320)   Post Evacuate Collection Set: 1.0ms
[2026-03-27T03:18:16.505+0900][14.720s][info][gc,phases   ] GC(320)   Other: 0.2ms
[2026-03-27T03:18:16.505+0900][14.720s][info][gc,heap     ] GC(320) Eden regions: 34->0(241)
[2026-03-27T03:18:16.506+0900][14.720s][info][gc,heap     ] GC(320) Survivor regions: 1->1(31)
[2026-03-27T03:18:16.506+0900][14.720s][info][gc,heap     ] GC(320) Old regions: 1->1
[2026-03-27T03:18:16.506+0900][14.720s][info][gc,heap     ] GC(320) Archive regions: 0->0
[2026-03-27T03:18:16.506+0900][14.720s][info][gc,heap     ] GC(320) Humongous regions: 210->178
[2026-03-27T03:18:16.506+0900][14.720s][info][gc,metaspace] GC(320) Metaspace: 282K(512K)->282K(512K) NonClass: 270K(384K)->270K(384K) Class: 12K(128K)->12K(128K)
[2026-03-27T03:18:16.506+0900][14.720s][info][gc          ] GC(320) Pause Young (Concurrent Start) (G1 Humongous Allocation) 244M->179M(469M) 2.697ms
[2026-03-27T03:18:16.506+0900][14.720s][info][gc,cpu      ] GC(320) User=0.00s Sys=0.00s Real=0.00s
[2026-03-27T03:18:16.506+0900][14.720s][info][gc          ] GC(321) Concurrent Undo Cycle
[2026-03-27T03:18:16.506+0900][14.720s][info][gc,marking  ] GC(321) Concurrent Cleanup for Next Mark
[2026-03-27T03:18:16.506+0900][14.720s][info][gc,marking  ] GC(321) Concurrent Cleanup for Next Mark 0.441ms
[2026-03-27T03:18:16.506+0900][14.720s][info][gc          ] GC(321) Concurrent Undo Cycle 0.564ms
[2026-03-27T03:18:16.613+0900][14.827s][info][gc,start    ] GC(322) Pause Young (Concurrent Start) (G1 Humongous Allocation)
[2026-03-27T03:18:16.613+0900][14.828s][info][gc,task     ] GC(322) Using 11 workers of 14 for evacuation
[2026-03-27T03:18:16.616+0900][14.829s][info][gc,phases   ] GC(322)   Pre Evacuate Collection Set: 0.4ms
[2026-03-27T03:18:16.616+0900][14.829s][info][gc,phases   ] GC(322)   Merge Heap Roots: 0.2ms
[2026-03-27T03:18:16.616+0900][14.829s][info][gc,phases   ] GC(322)   Evacuate Collection Set: 0.4ms
[2026-03-27T03:18:16.616+0900][14.829s][info][gc,phases   ] GC(322)   Post Evacuate Collection Set: 0.6ms
[2026-03-27T03:18:16.616+0900][14.829s][info][gc,phases   ] GC(322)   Other: 0.3ms
[2026-03-27T03:18:16.616+0900][14.829s][info][gc,heap     ] GC(322) Eden regions: 34->0(241)
[2026-03-27T03:18:16.616+0900][14.829s][info][gc,heap     ] GC(322) Survivor regions: 1->1(31)
[2026-03-27T03:18:16.616+0900][14.829s][info][gc,heap     ] GC(322) Old regions: 1->1
[2026-03-27T03:18:16.616+0900][14.829s][info][gc,heap     ] GC(322) Archive regions: 0->0
[2026-03-27T03:18:16.616+0900][14.829s][info][gc,heap     ] GC(322) Humongous regions: 210->178
[2026-03-27T03:18:16.616+0900][14.829s][info][gc,metaspace] GC(322) Metaspace: 282K(512K)->282K(512K) NonClass: 270K(384K)->270K(384K) Class: 12K(128K)->12K(128K)
[2026-03-27T03:18:16.616+0900][14.829s][info][gc          ] GC(322) Pause Young (Concurrent Start) (G1 Humongous Allocation) 244M->179M(469M) 1.907ms
[2026-03-27T03:18:16.616+0900][14.829s][info][gc,cpu      ] GC(322) User=0.00s Sys=0.00s Real=0.00s
[2026-03-27T03:18:16.616+0900][14.829s][info][gc          ] GC(323) Concurrent Undo Cycle
[2026-03-27T03:18:16.616+0900][14.830s][info][gc,marking  ] GC(323) Concurrent Cleanup for Next Mark
[2026-03-27T03:18:16.616+0900][14.830s][info][gc,marking  ] GC(323) Concurrent Cleanup for Next Mark 0.295ms
[2026-03-27T03:18:16.616+0900][14.830s][info][gc          ] GC(323) Concurrent Undo Cycle 0.358ms
[2026-03-27T03:18:16.722+0900][14.936s][info][gc,start    ] GC(324) Pause Young (Concurrent Start) (G1 Humongous Allocation)
[2026-03-27T03:18:16.722+0900][14.936s][info][gc,task     ] GC(324) Using 11 workers of 14 for evacuation
[2026-03-27T03:18:16.724+0900][14.938s][info][gc,phases   ] GC(324)   Pre Evacuate Collection Set: 0.3ms
[2026-03-27T03:18:16.724+0900][14.938s][info][gc,phases   ] GC(324)   Merge Heap Roots: 0.3ms
[2026-03-27T03:18:16.724+0900][14.938s][info][gc,phases   ] GC(324)   Evacuate Collection Set: 0.6ms
[2026-03-27T03:18:16.724+0900][14.938s][info][gc,phases   ] GC(324)   Post Evacuate Collection Set: 0.7ms
[2026-03-27T03:18:16.724+0900][14.938s][info][gc,phases   ] GC(324)   Other: 0.2ms
[2026-03-27T03:18:16.724+0900][14.938s][info][gc,heap     ] GC(324) Eden regions: 34->0(241)
[2026-03-27T03:18:16.724+0900][14.938s][info][gc,heap     ] GC(324) Survivor regions: 1->1(31)
[2026-03-27T03:18:16.724+0900][14.938s][info][gc,heap     ] GC(324) Old regions: 1->1
[2026-03-27T03:18:16.724+0900][14.938s][info][gc,heap     ] GC(324) Archive regions: 0->0
[2026-03-27T03:18:16.724+0900][14.938s][info][gc,heap     ] GC(324) Humongous regions: 210->178
[2026-03-27T03:18:16.724+0900][14.938s][info][gc,metaspace] GC(324) Metaspace: 282K(512K)->282K(512K) NonClass: 270K(384K)->270K(384K) Class: 12K(128K)->12K(128K)
[2026-03-27T03:18:16.724+0900][14.938s][info][gc          ] GC(324) Pause Young (Concurrent Start) (G1 Humongous Allocation) 244M->179M(469M) 2.222ms
[2026-03-27T03:18:16.724+0900][14.938s][info][gc,cpu      ] GC(324) User=0.00s Sys=0.00s Real=0.00s
[2026-03-27T03:18:16.724+0900][14.938s][info][gc          ] GC(325) Concurrent Undo Cycle
[2026-03-27T03:18:16.724+0900][14.938s][info][gc,marking  ] GC(325) Concurrent Cleanup for Next Mark
[2026-03-27T03:18:16.725+0900][14.938s][info][gc,marking  ] GC(325) Concurrent Cleanup for Next Mark 0.363ms
[2026-03-27T03:18:16.725+0900][14.938s][info][gc          ] GC(325) Concurrent Undo Cycle 0.444ms
[2026-03-27T03:18:16.831+0900][15.045s][info][gc,start    ] GC(326) Pause Young (Concurrent Start) (G1 Humongous Allocation)
[2026-03-27T03:18:16.831+0900][15.045s][info][gc,task     ] GC(326) Using 11 workers of 14 for evacuation
[2026-03-27T03:18:16.834+0900][15.047s][info][gc,phases   ] GC(326)   Pre Evacuate Collection Set: 0.3ms
[2026-03-27T03:18:16.834+0900][15.047s][info][gc,phases   ] GC(326)   Merge Heap Roots: 0.3ms
[2026-03-27T03:18:16.834+0900][15.047s][info][gc,phases   ] GC(326)   Evacuate Collection Set: 0.6ms
[2026-03-27T03:18:16.834+0900][15.047s][info][gc,phases   ] GC(326)   Post Evacuate Collection Set: 1.0ms
[2026-03-27T03:18:16.834+0900][15.047s][info][gc,phases   ] GC(326)   Other: 0.3ms
[2026-03-27T03:18:16.834+0900][15.047s][info][gc,heap     ] GC(326) Eden regions: 34->0(241)
[2026-03-27T03:18:16.834+0900][15.047s][info][gc,heap     ] GC(326) Survivor regions: 1->1(31)
[2026-03-27T03:18:16.834+0900][15.047s][info][gc,heap     ] GC(326) Old regions: 1->1
[2026-03-27T03:18:16.834+0900][15.047s][info][gc,heap     ] GC(326) Archive regions: 0->0
[2026-03-27T03:18:16.834+0900][15.047s][info][gc,heap     ] GC(326) Humongous regions: 210->178
[2026-03-27T03:18:16.834+0900][15.047s][info][gc,metaspace] GC(326) Metaspace: 282K(512K)->282K(512K) NonClass: 270K(384K)->270K(384K) Class: 12K(128K)->12K(128K)
[2026-03-27T03:18:16.834+0900][15.047s][info][gc          ] GC(326) Pause Young (Concurrent Start) (G1 Humongous Allocation) 244M->179M(469M) 2.605ms
[2026-03-27T03:18:16.834+0900][15.048s][info][gc,cpu      ] GC(326) User=0.00s Sys=0.00s Real=0.00s
[2026-03-27T03:18:16.834+0900][15.048s][info][gc          ] GC(327) Concurrent Undo Cycle
[2026-03-27T03:18:16.834+0900][15.048s][info][gc,marking  ] GC(327) Concurrent Cleanup for Next Mark
[2026-03-27T03:18:16.834+0900][15.048s][info][gc,marking  ] GC(327) Concurrent Cleanup for Next Mark 0.305ms
[2026-03-27T03:18:16.834+0900][15.048s][info][gc          ] GC(327) Concurrent Undo Cycle 0.401ms
[2026-03-27T03:18:16.937+0900][15.151s][info][gc,heap,exit] Heap
[2026-03-27T03:18:16.937+0900][15.151s][info][gc,heap,exit]  garbage-first heap   total 480256K, used 208345K [0x00000000e0000000, 0x0000000100000000)
[2026-03-27T03:18:16.937+0900][15.151s][info][gc,heap,exit]   region size 1024K, 15 young (15360K), 1 survivors (1024K)
[2026-03-27T03:18:16.937+0900][15.151s][info][gc,heap,exit]  Metaspace       used 283K, committed 512K, reserved 1056768K
[2026-03-27T03:18:16.937+0900][15.151s][info][gc,heap,exit]   class space    used 12K, committed 128K, reserved 1048576K
