[2026-03-27T03:19:15.618+0900][0.023s][info][gc] Using G1
[2026-03-27T03:19:15.619+0900][0.025s][info][gc,init] Version: 17+35-2724 (release)
[2026-03-27T03:19:15.619+0900][0.025s][info][gc,init] CPUs: 18 total, 18 available
[2026-03-27T03:19:15.619+0900][0.025s][info][gc,init] Memory: 32496M
[2026-03-27T03:19:15.619+0900][0.025s][info][gc,init] Large Page Support: Disabled
[2026-03-27T03:19:15.619+0900][0.025s][info][gc,init] NUMA Support: Disabled
[2026-03-27T03:19:15.619+0900][0.025s][info][gc,init] Compressed Oops: Enabled (32-bit)
[2026-03-27T03:19:15.619+0900][0.025s][info][gc,init] Heap Region Size: 4M
[2026-03-27T03:19:15.620+0900][0.025s][info][gc,init] Heap Min Capacity: 256M
[2026-03-27T03:19:15.620+0900][0.025s][info][gc,init] Heap Initial Capacity: 256M
[2026-03-27T03:19:15.620+0900][0.025s][info][gc,init] Heap Max Capacity: 512M
[2026-03-27T03:19:15.620+0900][0.025s][info][gc,init] Pre-touch: Disabled
[2026-03-27T03:19:15.620+0900][0.025s][info][gc,init] Parallel Workers: 14
[2026-03-27T03:19:15.620+0900][0.025s][info][gc,init] Concurrent Workers: 4
[2026-03-27T03:19:15.620+0900][0.025s][info][gc,init] Concurrent Refinement Workers: 14
[2026-03-27T03:19:15.620+0900][0.025s][info][gc,init] Periodic GC: Disabled
[2026-03-27T03:19:15.620+0900][0.025s][info][gc,metaspace] CDS archive(s) mapped at: [0x0000000800000000-0x0000000800bc0000-0x0000000800bc0000), size 12320768, SharedBaseAddress: 0x0000000800000000, ArchiveRelocationMode: 0.
[2026-03-27T03:19:15.620+0900][0.025s][info][gc,metaspace] Compressed class space mapped at: 0x0000000800c00000-0x0000000840c00000, reserved size: 1073741824
[2026-03-27T03:19:15.620+0900][0.025s][info][gc,metaspace] Narrow klass base: 0x0000000800000000, Narrow klass shift: 0, Narrow klass range: 0x100000000
[2026-03-27T03:19:15.656+0900][0.061s][info][gc,start    ] GC(0) Pause Young (Normal) (G1 Evacuation Pause)
[2026-03-27T03:19:15.657+0900][0.061s][info][gc,task     ] GC(0) Using 6 workers of 14 for evacuation
[2026-03-27T03:19:15.658+0900][0.063s][info][gc,phases   ] GC(0)   Pre Evacuate Collection Set: 0.0ms
[2026-03-27T03:19:15.658+0900][0.063s][info][gc,phases   ] GC(0)   Merge Heap Roots: 0.0ms
[2026-03-27T03:19:15.658+0900][0.063s][info][gc,phases   ] GC(0)   Evacuate Collection Set: 0.9ms
[2026-03-27T03:19:15.658+0900][0.063s][info][gc,phases   ] GC(0)   Post Evacuate Collection Set: 0.4ms
[2026-03-27T03:19:15.658+0900][0.063s][info][gc,phases   ] GC(0)   Other: 0.3ms
[2026-03-27T03:19:15.658+0900][0.063s][info][gc,heap     ] GC(0) Eden regions: 3->0(2)
[2026-03-27T03:19:15.658+0900][0.063s][info][gc,heap     ] GC(0) Survivor regions: 0->1(1)
[2026-03-27T03:19:15.658+0900][0.063s][info][gc,heap     ] GC(0) Old regions: 0->0
[2026-03-27T03:19:15.658+0900][0.063s][info][gc,heap     ] GC(0) Archive regions: 0->0
[2026-03-27T03:19:15.658+0900][0.063s][info][gc,heap     ] GC(0) Humongous regions: 2->0
[2026-03-27T03:19:15.658+0900][0.063s][info][gc,metaspace] GC(0) Metaspace: 268K(448K)->268K(448K) NonClass: 255K(320K)->255K(320K) Class: 12K(128K)->12K(128K)
[2026-03-27T03:19:15.658+0900][0.063s][info][gc          ] GC(0) Pause Young (Normal) (G1 Evacuation Pause) 19M->4M(256M) 1.789ms
[2026-03-27T03:19:15.658+0900][0.063s][info][gc,cpu      ] GC(0) User=0.03s Sys=0.03s Real=0.00s
[2026-03-27T03:19:15.659+0900][0.064s][info][gc,start    ] GC(1) Pause Young (Normal) (G1 Evacuation Pause)
[2026-03-27T03:19:15.659+0900][0.064s][info][gc,task     ] GC(1) Using 6 workers of 14 for evacuation
[2026-03-27T03:19:15.660+0900][0.065s][info][gc,phases   ] GC(1)   Pre Evacuate Collection Set: 0.1ms
[2026-03-27T03:19:15.660+0900][0.065s][info][gc,phases   ] GC(1)   Merge Heap Roots: 0.0ms
[2026-03-27T03:19:15.660+0900][0.065s][info][gc,phases   ] GC(1)   Evacuate Collection Set: 0.5ms
[2026-03-27T03:19:15.660+0900][0.065s][info][gc,phases   ] GC(1)   Post Evacuate Collection Set: 0.1ms
[2026-03-27T03:19:15.660+0900][0.065s][info][gc,phases   ] GC(1)   Other: 0.1ms
[2026-03-27T03:19:15.660+0900][0.065s][info][gc,heap     ] GC(1) Eden regions: 2->0(3)
[2026-03-27T03:19:15.660+0900][0.065s][info][gc,heap     ] GC(1) Survivor regions: 1->1(1)
[2026-03-27T03:19:15.660+0900][0.065s][info][gc,heap     ] GC(1) Old regions: 0->1
[2026-03-27T03:19:15.660+0900][0.065s][info][gc,heap     ] GC(1) Archive regions: 0->0
[2026-03-27T03:19:15.660+0900][0.065s][info][gc,heap     ] GC(1) Humongous regions: 0->0
[2026-03-27T03:19:15.660+0900][0.065s][info][gc,metaspace] GC(1) Metaspace: 268K(448K)->268K(448K) NonClass: 256K(320K)->256K(320K) Class: 12K(128K)->12K(128K)
[2026-03-27T03:19:15.660+0900][0.065s][info][gc          ] GC(1) Pause Young (Normal) (G1 Evacuation Pause) 11M->5M(256M) 1.123ms
[2026-03-27T03:19:15.660+0900][0.065s][info][gc,cpu      ] GC(1) User=0.00s Sys=0.00s Real=0.00s
[2026-03-27T03:19:15.662+0900][0.067s][info][gc,start    ] GC(2) Pause Young (Normal) (G1 Evacuation Pause)
[2026-03-27T03:19:15.662+0900][0.067s][info][gc,task     ] GC(2) Using 6 workers of 14 for evacuation
[2026-03-27T03:19:15.663+0900][0.068s][info][gc,phases   ] GC(2)   Pre Evacuate Collection Set: 0.0ms
[2026-03-27T03:19:15.663+0900][0.068s][info][gc,phases   ] GC(2)   Merge Heap Roots: 0.0ms
[2026-03-27T03:19:15.663+0900][0.068s][info][gc,phases   ] GC(2)   Evacuate Collection Set: 0.8ms
[2026-03-27T03:19:15.663+0900][0.068s][info][gc,phases   ] GC(2)   Post Evacuate Collection Set: 0.2ms
[2026-03-27T03:19:15.663+0900][0.068s][info][gc,phases   ] GC(2)   Other: 0.1ms
[2026-03-27T03:19:15.663+0900][0.068s][info][gc,heap     ] GC(2) Eden regions: 3->0(6)
[2026-03-27T03:19:15.663+0900][0.068s][info][gc,heap     ] GC(2) Survivor regions: 1->1(1)
[2026-03-27T03:19:15.663+0900][0.068s][info][gc,heap     ] GC(2) Old regions: 1->2
[2026-03-27T03:19:15.663+0900][0.068s][info][gc,heap     ] GC(2) Archive regions: 0->0
[2026-03-27T03:19:15.663+0900][0.068s][info][gc,heap     ] GC(2) Humongous regions: 2->0
[2026-03-27T03:19:15.663+0900][0.068s][info][gc,metaspace] GC(2) Metaspace: 268K(448K)->268K(448K) NonClass: 256K(320K)->256K(320K) Class: 12K(128K)->12K(128K)
[2026-03-27T03:19:15.663+0900][0.068s][info][gc          ] GC(2) Pause Young (Normal) (G1 Evacuation Pause) 25M->9M(256M) 1.296ms
[2026-03-27T03:19:15.663+0900][0.068s][info][gc,cpu      ] GC(2) User=0.00s Sys=0.00s Real=0.00s
[2026-03-27T03:19:15.771+0900][0.176s][info][gc,start    ] GC(3) Pause Young (Normal) (G1 Evacuation Pause)
[2026-03-27T03:19:15.771+0900][0.176s][info][gc,task     ] GC(3) Using 6 workers of 14 for evacuation
[2026-03-27T03:19:15.773+0900][0.178s][info][gc,phases   ] GC(3)   Pre Evacuate Collection Set: 0.2ms
[2026-03-27T03:19:15.773+0900][0.178s][info][gc,phases   ] GC(3)   Merge Heap Roots: 0.1ms
[2026-03-27T03:19:15.773+0900][0.178s][info][gc,phases   ] GC(3)   Evacuate Collection Set: 1.3ms
[2026-03-27T03:19:15.773+0900][0.178s][info][gc,phases   ] GC(3)   Post Evacuate Collection Set: 0.6ms
[2026-03-27T03:19:15.773+0900][0.178s][info][gc,phases   ] GC(3)   Other: 0.2ms
[2026-03-27T03:19:15.773+0900][0.178s][info][gc,heap     ] GC(3) Eden regions: 6->0(9)
[2026-03-27T03:19:15.773+0900][0.178s][info][gc,heap     ] GC(3) Survivor regions: 1->1(1)
[2026-03-27T03:19:15.773+0900][0.178s][info][gc,heap     ] GC(3) Old regions: 2->4
[2026-03-27T03:19:15.773+0900][0.178s][info][gc,heap     ] GC(3) Archive regions: 0->0
[2026-03-27T03:19:15.773+0900][0.178s][info][gc,heap     ] GC(3) Humongous regions: 2->0
[2026-03-27T03:19:15.773+0900][0.178s][info][gc,metaspace] GC(3) Metaspace: 270K(448K)->270K(448K) NonClass: 258K(320K)->258K(320K) Class: 12K(128K)->12K(128K)
[2026-03-27T03:19:15.773+0900][0.179s][info][gc          ] GC(3) Pause Young (Normal) (G1 Evacuation Pause) 41M->19M(256M) 2.650ms
[2026-03-27T03:19:15.773+0900][0.179s][info][gc,cpu      ] GC(3) User=0.00s Sys=0.00s Real=0.00s
[2026-03-27T03:19:15.896+0900][0.301s][info][gc,start    ] GC(4) Pause Young (Normal) (G1 Evacuation Pause)
[2026-03-27T03:19:15.896+0900][0.301s][info][gc,task     ] GC(4) Using 6 workers of 14 for evacuation
[2026-03-27T03:19:15.899+0900][0.303s][info][gc,phases   ] GC(4)   Pre Evacuate Collection Set: 0.3ms
[2026-03-27T03:19:15.899+0900][0.304s][info][gc,phases   ] GC(4)   Merge Heap Roots: 0.2ms
[2026-03-27T03:19:15.899+0900][0.304s][info][gc,phases   ] GC(4)   Evacuate Collection Set: 1.2ms
[2026-03-27T03:19:15.899+0900][0.304s][info][gc,phases   ] GC(4)   Post Evacuate Collection Set: 0.7ms
[2026-03-27T03:19:15.899+0900][0.304s][info][gc,phases   ] GC(4)   Other: 0.2ms
[2026-03-27T03:19:15.899+0900][0.304s][info][gc,heap     ] GC(4) Eden regions: 9->0(13)
[2026-03-27T03:19:15.899+0900][0.304s][info][gc,heap     ] GC(4) Survivor regions: 1->2(2)
[2026-03-27T03:19:15.899+0900][0.304s][info][gc,heap     ] GC(4) Old regions: 4->6
[2026-03-27T03:19:15.899+0900][0.304s][info][gc,heap     ] GC(4) Archive regions: 0->0
[2026-03-27T03:19:15.899+0900][0.304s][info][gc,heap     ] GC(4) Humongous regions: 4->0
[2026-03-27T03:19:15.899+0900][0.304s][info][gc,metaspace] GC(4) Metaspace: 281K(448K)->281K(448K) NonClass: 269K(320K)->269K(320K) Class: 12K(128K)->12K(128K)
[2026-03-27T03:19:15.899+0900][0.304s][info][gc          ] GC(4) Pause Young (Normal) (G1 Evacuation Pause) 70M->31M(256M) 2.792ms
[2026-03-27T03:19:15.899+0900][0.304s][info][gc,cpu      ] GC(4) User=0.00s Sys=0.00s Real=0.00s
[2026-03-27T03:19:16.028+0900][0.433s][info][gc,start    ] GC(5) Pause Young (Normal) (G1 Evacuation Pause)
[2026-03-27T03:19:16.028+0900][0.433s][info][gc,task     ] GC(5) Using 6 workers of 14 for evacuation
[2026-03-27T03:19:16.030+0900][0.435s][info][gc,phases   ] GC(5)   Pre Evacuate Collection Set: 0.0ms
[2026-03-27T03:19:16.030+0900][0.435s][info][gc,phases   ] GC(5)   Merge Heap Roots: 0.1ms
[2026-03-27T03:19:16.030+0900][0.435s][info][gc,phases   ] GC(5)   Evacuate Collection Set: 1.6ms
[2026-03-27T03:19:16.030+0900][0.435s][info][gc,phases   ] GC(5)   Post Evacuate Collection Set: 0.2ms
[2026-03-27T03:19:16.030+0900][0.436s][info][gc,phases   ] GC(5)   Other: 0.1ms
[2026-03-27T03:19:16.030+0900][0.436s][info][gc,heap     ] GC(5) Eden regions: 13->0(14)
[2026-03-27T03:19:16.030+0900][0.436s][info][gc,heap     ] GC(5) Survivor regions: 2->2(2)
[2026-03-27T03:19:16.030+0900][0.436s][info][gc,heap     ] GC(5) Old regions: 6->11
[2026-03-27T03:19:16.030+0900][0.436s][info][gc,heap     ] GC(5) Archive regions: 0->0
[2026-03-27T03:19:16.030+0900][0.436s][info][gc,heap     ] GC(5) Humongous regions: 6->0
[2026-03-27T03:19:16.030+0900][0.436s][info][gc,metaspace] GC(5) Metaspace: 281K(448K)->281K(448K) NonClass: 269K(320K)->269K(320K) Class: 12K(128K)->12K(128K)
[2026-03-27T03:19:16.030+0900][0.436s][info][gc          ] GC(5) Pause Young (Normal) (G1 Evacuation Pause) 106M->50M(256M) 2.250ms
[2026-03-27T03:19:16.030+0900][0.436s][info][gc,cpu      ] GC(5) User=0.00s Sys=0.00s Real=0.00s
[2026-03-27T03:19:16.252+0900][0.656s][info][gc,start    ] GC(6) Pause Young (Normal) (G1 Evacuation Pause)
[2026-03-27T03:19:16.252+0900][0.657s][info][gc,task     ] GC(6) Using 6 workers of 14 for evacuation
[2026-03-27T03:19:16.254+0900][0.660s][info][gc,phases   ] GC(6)   Pre Evacuate Collection Set: 0.2ms
[2026-03-27T03:19:16.255+0900][0.660s][info][gc,phases   ] GC(6)   Merge Heap Roots: 0.3ms
[2026-03-27T03:19:16.255+0900][0.660s][info][gc,phases   ] GC(6)   Evacuate Collection Set: 2.0ms
[2026-03-27T03:19:16.255+0900][0.660s][info][gc,phases   ] GC(6)   Post Evacuate Collection Set: 0.6ms
[2026-03-27T03:19:16.255+0900][0.660s][info][gc,phases   ] GC(6)   Other: 0.2ms
[2026-03-27T03:19:16.255+0900][0.660s][info][gc,heap     ] GC(6) Eden regions: 14->0(19)
[2026-03-27T03:19:16.255+0900][0.660s][info][gc,heap     ] GC(6) Survivor regions: 2->2(2)
[2026-03-27T03:19:16.255+0900][0.660s][info][gc,heap     ] GC(6) Old regions: 11->16
[2026-03-27T03:19:16.255+0900][0.660s][info][gc,heap     ] GC(6) Archive regions: 0->0
[2026-03-27T03:19:16.255+0900][0.660s][info][gc,heap     ] GC(6) Humongous regions: 6->0
[2026-03-27T03:19:16.255+0900][0.660s][info][gc,metaspace] GC(6) Metaspace: 281K(448K)->281K(448K) NonClass: 269K(320K)->269K(320K) Class: 12K(128K)->12K(128K)
[2026-03-27T03:19:16.255+0900][0.661s][info][gc          ] GC(6) Pause Young (Normal) (G1 Evacuation Pause) 129M->70M(256M) 4.072ms
[2026-03-27T03:19:16.255+0900][0.661s][info][gc,cpu      ] GC(6) User=0.00s Sys=0.00s Real=0.00s
[2026-03-27T03:19:16.361+0900][0.765s][info][gc,start    ] GC(7) Pause Young (Concurrent Start) (G1 Humongous Allocation)
[2026-03-27T03:19:16.361+0900][0.766s][info][gc,task     ] GC(7) Using 6 workers of 14 for evacuation
[2026-03-27T03:19:16.364+0900][0.768s][info][gc,phases   ] GC(7)   Pre Evacuate Collection Set: 0.2ms
[2026-03-27T03:19:16.364+0900][0.768s][info][gc,phases   ] GC(7)   Merge Heap Roots: 0.3ms
[2026-03-27T03:19:16.364+0900][0.768s][info][gc,phases   ] GC(7)   Evacuate Collection Set: 1.3ms
[2026-03-27T03:19:16.364+0900][0.768s][info][gc,phases   ] GC(7)   Post Evacuate Collection Set: 0.7ms
[2026-03-27T03:19:16.364+0900][0.768s][info][gc,phases   ] GC(7)   Other: 0.3ms
[2026-03-27T03:19:16.364+0900][0.768s][info][gc,heap     ] GC(7) Eden regions: 10->0(19)
[2026-03-27T03:19:16.364+0900][0.768s][info][gc,heap     ] GC(7) Survivor regions: 2->3(3)
[2026-03-27T03:19:16.364+0900][0.768s][info][gc,heap     ] GC(7) Old regions: 16->18
[2026-03-27T03:19:16.364+0900][0.768s][info][gc,heap     ] GC(7) Archive regions: 0->0
[2026-03-27T03:19:16.364+0900][0.768s][info][gc,heap     ] GC(7) Humongous regions: 3->0
[2026-03-27T03:19:16.364+0900][0.768s][info][gc,metaspace] GC(7) Metaspace: 281K(448K)->281K(448K) NonClass: 269K(320K)->269K(320K) Class: 12K(128K)->12K(128K)
[2026-03-27T03:19:16.364+0900][0.768s][info][gc          ] GC(7) Pause Young (Concurrent Start) (G1 Humongous Allocation) 118M->83M(256M) 2.942ms
[2026-03-27T03:19:16.364+0900][0.768s][info][gc,cpu      ] GC(7) User=0.00s Sys=0.00s Real=0.00s
[2026-03-27T03:19:16.364+0900][0.768s][info][gc          ] GC(8) Concurrent Undo Cycle
[2026-03-27T03:19:16.364+0900][0.769s][info][gc,marking  ] GC(8) Concurrent Cleanup for Next Mark
[2026-03-27T03:19:16.365+0900][0.770s][info][gc,marking  ] GC(8) Concurrent Cleanup for Next Mark 1.087ms
[2026-03-27T03:19:16.365+0900][0.770s][info][gc          ] GC(8) Concurrent Undo Cycle 1.163ms
[2026-03-27T03:19:16.366+0900][0.770s][info][gc,start    ] GC(9) Pause Young (Concurrent Start) (G1 Humongous Allocation)
[2026-03-27T03:19:16.366+0900][0.771s][info][gc,task     ] GC(9) Using 6 workers of 14 for evacuation
[2026-03-27T03:19:16.368+0900][0.772s][info][gc,phases   ] GC(9)   Pre Evacuate Collection Set: 0.2ms
[2026-03-27T03:19:16.368+0900][0.772s][info][gc,phases   ] GC(9)   Merge Heap Roots: 0.0ms
[2026-03-27T03:19:16.368+0900][0.772s][info][gc,phases   ] GC(9)   Evacuate Collection Set: 1.2ms
[2026-03-27T03:19:16.368+0900][0.772s][info][gc,phases   ] GC(9)   Post Evacuate Collection Set: 0.3ms
[2026-03-27T03:19:16.368+0900][0.772s][info][gc,phases   ] GC(9)   Other: 0.1ms
[2026-03-27T03:19:16.368+0900][0.772s][info][gc,heap     ] GC(9) Eden regions: 5->0(19)
[2026-03-27T03:19:16.368+0900][0.772s][info][gc,heap     ] GC(9) Survivor regions: 3->2(3)
[2026-03-27T03:19:16.368+0900][0.772s][info][gc,heap     ] GC(9) Old regions: 18->21
[2026-03-27T03:19:16.368+0900][0.772s][info][gc,heap     ] GC(9) Archive regions: 0->0
[2026-03-27T03:19:16.368+0900][0.772s][info][gc,heap     ] GC(9) Humongous regions: 2->0
[2026-03-27T03:19:16.368+0900][0.772s][info][gc,metaspace] GC(9) Metaspace: 281K(448K)->281K(448K) NonClass: 269K(320K)->269K(320K) Class: 12K(128K)->12K(128K)
[2026-03-27T03:19:16.368+0900][0.772s][info][gc          ] GC(9) Pause Young (Concurrent Start) (G1 Humongous Allocation) 109M->89M(256M) 1.970ms
[2026-03-27T03:19:16.368+0900][0.772s][info][gc,cpu      ] GC(9) User=0.00s Sys=0.00s Real=0.00s
[2026-03-27T03:19:16.368+0900][0.773s][info][gc          ] GC(10) Concurrent Mark Cycle
[2026-03-27T03:19:16.368+0900][0.773s][info][gc,marking  ] GC(10) Concurrent Clear Claimed Marks
[2026-03-27T03:19:16.368+0900][0.773s][info][gc,marking  ] GC(10) Concurrent Clear Claimed Marks 0.030ms
[2026-03-27T03:19:16.368+0900][0.773s][info][gc,marking  ] GC(10) Concurrent Scan Root Regions
[2026-03-27T03:19:16.368+0900][0.773s][info][gc,marking  ] GC(10) Concurrent Scan Root Regions 0.243ms
[2026-03-27T03:19:16.368+0900][0.773s][info][gc,marking  ] GC(10) Concurrent Mark
[2026-03-27T03:19:16.368+0900][0.773s][info][gc,marking  ] GC(10) Concurrent Mark From Roots
[2026-03-27T03:19:16.368+0900][0.773s][info][gc,task     ] GC(10) Using 4 workers of 4 for marking
[2026-03-27T03:19:16.369+0900][0.774s][info][gc,marking  ] GC(10) Concurrent Mark From Roots 0.688ms
[2026-03-27T03:19:16.369+0900][0.774s][info][gc,marking  ] GC(10) Concurrent Preclean
[2026-03-27T03:19:16.369+0900][0.774s][info][gc,marking  ] GC(10) Concurrent Preclean 0.059ms
[2026-03-27T03:19:16.369+0900][0.774s][info][gc,start    ] GC(10) Pause Remark
[2026-03-27T03:19:16.370+0900][0.774s][info][gc          ] GC(10) Pause Remark 101M->101M(256M) 0.339ms
[2026-03-27T03:19:16.370+0900][0.774s][info][gc,cpu      ] GC(10) User=0.00s Sys=0.00s Real=0.00s
[2026-03-27T03:19:16.370+0900][0.774s][info][gc,marking  ] GC(10) Concurrent Mark 1.246ms
[2026-03-27T03:19:16.370+0900][0.774s][info][gc,marking  ] GC(10) Concurrent Rebuild Remembered Sets
[2026-03-27T03:19:16.370+0900][0.775s][info][gc,marking  ] GC(10) Concurrent Rebuild Remembered Sets 0.456ms
[2026-03-27T03:19:16.370+0900][0.775s][info][gc,start    ] GC(10) Pause Cleanup
[2026-03-27T03:19:16.370+0900][0.775s][info][gc          ] GC(10) Pause Cleanup 101M->101M(256M) 0.145ms
[2026-03-27T03:19:16.370+0900][0.775s][info][gc,cpu      ] GC(10) User=0.00s Sys=0.00s Real=0.00s
[2026-03-27T03:19:16.370+0900][0.775s][info][gc,marking  ] GC(10) Concurrent Cleanup for Next Mark
[2026-03-27T03:19:16.371+0900][0.775s][info][gc,marking  ] GC(10) Concurrent Cleanup for Next Mark 0.394ms
[2026-03-27T03:19:16.371+0900][0.775s][info][gc          ] GC(10) Concurrent Mark Cycle 2.904ms
[2026-03-27T03:19:16.597+0900][1.001s][info][gc,start    ] GC(11) Pause Young (Prepare Mixed) (G1 Evacuation Pause)
[2026-03-27T03:19:16.597+0900][1.001s][info][gc,task     ] GC(11) Using 6 workers of 14 for evacuation
[2026-03-27T03:19:16.600+0900][1.005s][info][gc,phases   ] GC(11)   Pre Evacuate Collection Set: 0.3ms
[2026-03-27T03:19:16.600+0900][1.005s][info][gc,phases   ] GC(11)   Merge Heap Roots: 0.2ms
[2026-03-27T03:19:16.601+0900][1.006s][info][gc,phases   ] GC(11)   Evacuate Collection Set: 2.6ms
[2026-03-27T03:19:16.601+0900][1.006s][info][gc,phases   ] GC(11)   Post Evacuate Collection Set: 1.0ms
[2026-03-27T03:19:16.601+0900][1.006s][info][gc,phases   ] GC(11)   Other: 0.2ms
[2026-03-27T03:19:16.601+0900][1.006s][info][gc,heap     ] GC(11) Eden regions: 19->0(2)
[2026-03-27T03:19:16.601+0900][1.006s][info][gc,heap     ] GC(11) Survivor regions: 2->3(3)
[2026-03-27T03:19:16.601+0900][1.006s][info][gc,heap     ] GC(11) Old regions: 21->27
[2026-03-27T03:19:16.601+0900][1.006s][info][gc,heap     ] GC(11) Archive regions: 0->0
[2026-03-27T03:19:16.601+0900][1.006s][info][gc,heap     ] GC(11) Humongous regions: 9->0
[2026-03-27T03:19:16.601+0900][1.006s][info][gc,metaspace] GC(11) Metaspace: 281K(448K)->281K(448K) NonClass: 269K(320K)->269K(320K) Class: 12K(128K)->12K(128K)
[2026-03-27T03:19:16.601+0900][1.006s][info][gc          ] GC(11) Pause Young (Prepare Mixed) (G1 Evacuation Pause) 200M->117M(256M) 4.451ms
[2026-03-27T03:19:16.601+0900][1.006s][info][gc,cpu      ] GC(11) User=0.00s Sys=0.00s Real=0.00s
[2026-03-27T03:19:16.713+0900][1.119s][info][gc,start    ] GC(12) Pause Young (Mixed) (G1 Evacuation Pause)
[2026-03-27T03:19:16.713+0900][1.119s][info][gc,task     ] GC(12) Using 6 workers of 14 for evacuation
[2026-03-27T03:19:16.716+0900][1.121s][info][gc,phases   ] GC(12)   Pre Evacuate Collection Set: 0.2ms
[2026-03-27T03:19:16.716+0900][1.121s][info][gc,phases   ] GC(12)   Merge Heap Roots: 0.2ms
[2026-03-27T03:19:16.716+0900][1.121s][info][gc,phases   ] GC(12)   Evacuate Collection Set: 1.9ms
[2026-03-27T03:19:16.716+0900][1.122s][info][gc,phases   ] GC(12)   Post Evacuate Collection Set: 0.3ms
[2026-03-27T03:19:16.716+0900][1.122s][info][gc,phases   ] GC(12)   Other: 0.2ms
[2026-03-27T03:19:16.716+0900][1.122s][info][gc,heap     ] GC(12) Eden regions: 2->0(14)
[2026-03-27T03:19:16.716+0900][1.122s][info][gc,heap     ] GC(12) Survivor regions: 3->1(1)
[2026-03-27T03:19:16.716+0900][1.122s][info][gc,heap     ] GC(12) Old regions: 27->30
[2026-03-27T03:19:16.716+0900][1.122s][info][gc,heap     ] GC(12) Archive regions: 0->0
[2026-03-27T03:19:16.716+0900][1.122s][info][gc,heap     ] GC(12) Humongous regions: 0->0
[2026-03-27T03:19:16.716+0900][1.122s][info][gc,metaspace] GC(12) Metaspace: 281K(448K)->281K(448K) NonClass: 269K(320K)->269K(320K) Class: 12K(128K)->12K(128K)
[2026-03-27T03:19:16.716+0900][1.122s][info][gc          ] GC(12) Pause Young (Mixed) (G1 Evacuation Pause) 124M->119M(256M) 3.114ms
[2026-03-27T03:19:16.716+0900][1.122s][info][gc,cpu      ] GC(12) User=0.00s Sys=0.00s Real=0.00s
[2026-03-27T03:19:16.717+0900][1.122s][info][gc,start    ] GC(13) Pause Young (Concurrent Start) (G1 Humongous Allocation)
[2026-03-27T03:19:16.717+0900][1.122s][info][gc,task     ] GC(13) Using 6 workers of 14 for evacuation
[2026-03-27T03:19:16.717+0900][1.123s][info][gc,phases   ] GC(13)   Pre Evacuate Collection Set: 0.1ms
[2026-03-27T03:19:16.717+0900][1.123s][info][gc,phases   ] GC(13)   Merge Heap Roots: 0.0ms
[2026-03-27T03:19:16.717+0900][1.123s][info][gc,phases   ] GC(13)   Evacuate Collection Set: 0.2ms
[2026-03-27T03:19:16.717+0900][1.123s][info][gc,phases   ] GC(13)   Post Evacuate Collection Set: 0.3ms
[2026-03-27T03:19:16.717+0900][1.123s][info][gc,phases   ] GC(13)   Other: 0.1ms
[2026-03-27T03:19:16.717+0900][1.123s][info][gc,heap     ] GC(13) Eden regions: 1->0(15)
[2026-03-27T03:19:16.717+0900][1.123s][info][gc,heap     ] GC(13) Survivor regions: 1->1(2)
[2026-03-27T03:19:16.718+0900][1.123s][info][gc,heap     ] GC(13) Old regions: 30->30
[2026-03-27T03:19:16.718+0900][1.123s][info][gc,heap     ] GC(13) Archive regions: 0->0
[2026-03-27T03:19:16.718+0900][1.123s][info][gc,heap     ] GC(13) Humongous regions: 0->0
[2026-03-27T03:19:16.718+0900][1.123s][info][gc,metaspace] GC(13) Metaspace: 281K(448K)->281K(448K) NonClass: 269K(320K)->269K(320K) Class: 12K(128K)->12K(128K)
[2026-03-27T03:19:16.718+0900][1.123s][info][gc          ] GC(13) Pause Young (Concurrent Start) (G1 Humongous Allocation) 121M->120M(256M) 0.826ms
[2026-03-27T03:19:16.718+0900][1.123s][info][gc,cpu      ] GC(13) User=0.00s Sys=0.00s Real=0.00s
[2026-03-27T03:19:16.718+0900][1.123s][info][gc          ] GC(14) Concurrent Mark Cycle
[2026-03-27T03:19:16.718+0900][1.123s][info][gc,marking  ] GC(14) Concurrent Clear Claimed Marks
[2026-03-27T03:19:16.718+0900][1.123s][info][gc,marking  ] GC(14) Concurrent Clear Claimed Marks 0.018ms
[2026-03-27T03:19:16.718+0900][1.123s][info][gc,marking  ] GC(14) Concurrent Scan Root Regions
[2026-03-27T03:19:16.718+0900][1.123s][info][gc,marking  ] GC(14) Concurrent Scan Root Regions 0.047ms
[2026-03-27T03:19:16.718+0900][1.123s][info][gc,marking  ] GC(14) Concurrent Mark
[2026-03-27T03:19:16.718+0900][1.123s][info][gc,marking  ] GC(14) Concurrent Mark From Roots
[2026-03-27T03:19:16.718+0900][1.123s][info][gc,task     ] GC(14) Using 4 workers of 4 for marking
[2026-03-27T03:19:16.719+0900][1.124s][info][gc,marking  ] GC(14) Concurrent Mark From Roots 0.770ms
[2026-03-27T03:19:16.719+0900][1.124s][info][gc,marking  ] GC(14) Concurrent Preclean
[2026-03-27T03:19:16.719+0900][1.124s][info][gc,marking  ] GC(14) Concurrent Preclean 0.053ms
[2026-03-27T03:19:16.719+0900][1.124s][info][gc,start    ] GC(14) Pause Remark
[2026-03-27T03:19:16.719+0900][1.125s][info][gc          ] GC(14) Pause Remark 131M->119M(256M) 0.422ms
[2026-03-27T03:19:16.719+0900][1.125s][info][gc,cpu      ] GC(14) User=0.02s Sys=0.00s Real=0.00s
[2026-03-27T03:19:16.719+0900][1.125s][info][gc,marking  ] GC(14) Concurrent Mark 1.377ms
[2026-03-27T03:19:16.719+0900][1.125s][info][gc,marking  ] GC(14) Concurrent Rebuild Remembered Sets
[2026-03-27T03:19:16.720+0900][1.125s][info][gc,marking  ] GC(14) Concurrent Rebuild Remembered Sets 0.365ms
[2026-03-27T03:19:16.720+0900][1.125s][info][gc,start    ] GC(14) Pause Cleanup
[2026-03-27T03:19:16.720+0900][1.125s][info][gc          ] GC(14) Pause Cleanup 125M->125M(256M) 0.152ms
[2026-03-27T03:19:16.720+0900][1.125s][info][gc,cpu      ] GC(14) User=0.00s Sys=0.00s Real=0.00s
[2026-03-27T03:19:16.720+0900][1.125s][info][gc,marking  ] GC(14) Concurrent Cleanup for Next Mark
[2026-03-27T03:19:16.720+0900][1.125s][info][gc,marking  ] GC(14) Concurrent Cleanup for Next Mark 0.142ms
[2026-03-27T03:19:16.720+0900][1.125s][info][gc          ] GC(14) Concurrent Mark Cycle 2.403ms
[2026-03-27T03:19:16.829+0900][1.234s][info][gc,start    ] GC(15) Pause Young (Prepare Mixed) (G1 Evacuation Pause)
[2026-03-27T03:19:16.829+0900][1.234s][info][gc,task     ] GC(15) Using 6 workers of 14 for evacuation
[2026-03-27T03:19:16.832+0900][1.237s][info][gc,phases   ] GC(15)   Pre Evacuate Collection Set: 0.3ms
[2026-03-27T03:19:16.832+0900][1.237s][info][gc,phases   ] GC(15)   Merge Heap Roots: 0.2ms
[2026-03-27T03:19:16.832+0900][1.237s][info][gc,phases   ] GC(15)   Evacuate Collection Set: 1.5ms
[2026-03-27T03:19:16.832+0900][1.237s][info][gc,phases   ] GC(15)   Post Evacuate Collection Set: 1.1ms
[2026-03-27T03:19:16.832+0900][1.237s][info][gc,phases   ] GC(15)   Other: 0.2ms
[2026-03-27T03:19:16.832+0900][1.237s][info][gc,heap     ] GC(15) Eden regions: 15->0(1)
[2026-03-27T03:19:16.832+0900][1.237s][info][gc,heap     ] GC(15) Survivor regions: 1->2(2)
[2026-03-27T03:19:16.832+0900][1.237s][info][gc,heap     ] GC(15) Old regions: 27->31
[2026-03-27T03:19:16.832+0900][1.237s][info][gc,heap     ] GC(15) Archive regions: 0->0
[2026-03-27T03:19:16.832+0900][1.237s][info][gc,heap     ] GC(15) Humongous regions: 7->0
[2026-03-27T03:19:16.832+0900][1.237s][info][gc,metaspace] GC(15) Metaspace: 281K(448K)->281K(448K) NonClass: 269K(320K)->269K(320K) Class: 12K(128K)->12K(128K)
[2026-03-27T03:19:16.832+0900][1.237s][info][gc          ] GC(15) Pause Young (Prepare Mixed) (G1 Evacuation Pause) 196M->130M(268M) 3.375ms
[2026-03-27T03:19:16.832+0900][1.237s][info][gc,cpu      ] GC(15) User=0.00s Sys=0.00s Real=0.00s
[2026-03-27T03:19:16.834+0900][1.239s][info][gc,start    ] GC(16) Pause Young (Mixed) (G1 Evacuation Pause)
[2026-03-27T03:19:16.834+0900][1.239s][info][gc,task     ] GC(16) Using 6 workers of 14 for evacuation
[2026-03-27T03:19:16.836+0900][1.241s][info][gc,phases   ] GC(16)   Pre Evacuate Collection Set: 0.2ms
[2026-03-27T03:19:16.836+0900][1.241s][info][gc,phases   ] GC(16)   Merge Heap Roots: 0.1ms
[2026-03-27T03:19:16.836+0900][1.241s][info][gc,phases   ] GC(16)   Evacuate Collection Set: 0.9ms
[2026-03-27T03:19:16.836+0900][1.241s][info][gc,phases   ] GC(16)   Post Evacuate Collection Set: 0.5ms
[2026-03-27T03:19:16.836+0900][1.241s][info][gc,phases   ] GC(16)   Other: 0.1ms
[2026-03-27T03:19:16.836+0900][1.241s][info][gc,heap     ] GC(16) Eden regions: 1->0(2)
[2026-03-27T03:19:16.836+0900][1.241s][info][gc,heap     ] GC(16) Survivor regions: 2->1(1)
[2026-03-27T03:19:16.836+0900][1.241s][info][gc,heap     ] GC(16) Old regions: 31->27
[2026-03-27T03:19:16.836+0900][1.241s][info][gc,heap     ] GC(16) Archive regions: 0->0
[2026-03-27T03:19:16.836+0900][1.241s][info][gc,heap     ] GC(16) Humongous regions: 0->0
[2026-03-27T03:19:16.836+0900][1.241s][info][gc,metaspace] GC(16) Metaspace: 281K(448K)->281K(448K) NonClass: 269K(320K)->269K(320K) Class: 12K(128K)->12K(128K)
[2026-03-27T03:19:16.836+0900][1.241s][info][gc          ] GC(16) Pause Young (Mixed) (G1 Evacuation Pause) 133M->107M(268M) 1.882ms
[2026-03-27T03:19:16.836+0900][1.241s][info][gc,cpu      ] GC(16) User=0.00s Sys=0.00s Real=0.00s
[2026-03-27T03:19:16.838+0900][1.242s][info][gc,start    ] GC(17) Pause Young (Mixed) (G1 Evacuation Pause)
[2026-03-27T03:19:16.838+0900][1.242s][info][gc,task     ] GC(17) Using 6 workers of 14 for evacuation
[2026-03-27T03:19:16.839+0900][1.244s][info][gc,phases   ] GC(17)   Pre Evacuate Collection Set: 0.2ms
[2026-03-27T03:19:16.839+0900][1.244s][info][gc,phases   ] GC(17)   Merge Heap Roots: 0.1ms
[2026-03-27T03:19:16.839+0900][1.244s][info][gc,phases   ] GC(17)   Evacuate Collection Set: 0.9ms
[2026-03-27T03:19:16.839+0900][1.244s][info][gc,phases   ] GC(17)   Post Evacuate Collection Set: 0.3ms
[2026-03-27T03:19:16.839+0900][1.244s][info][gc,phases   ] GC(17)   Other: 0.1ms
[2026-03-27T03:19:16.839+0900][1.244s][info][gc,heap     ] GC(17) Eden regions: 2->0(19)
[2026-03-27T03:19:16.839+0900][1.244s][info][gc,heap     ] GC(17) Survivor regions: 1->1(1)
[2026-03-27T03:19:16.839+0900][1.244s][info][gc,heap     ] GC(17) Old regions: 27->25
[2026-03-27T03:19:16.839+0900][1.244s][info][gc,heap     ] GC(17) Archive regions: 0->0
[2026-03-27T03:19:16.839+0900][1.244s][info][gc,heap     ] GC(17) Humongous regions: 1->0
[2026-03-27T03:19:16.839+0900][1.244s][info][gc,metaspace] GC(17) Metaspace: 281K(448K)->281K(448K) NonClass: 269K(320K)->269K(320K) Class: 12K(128K)->12K(128K)
[2026-03-27T03:19:16.839+0900][1.244s][info][gc          ] GC(17) Pause Young (Mixed) (G1 Evacuation Pause) 119M->101M(268M) 1.695ms
[2026-03-27T03:19:16.839+0900][1.244s][info][gc,cpu      ] GC(17) User=0.00s Sys=0.00s Real=0.00s
[2026-03-27T03:19:16.946+0900][1.351s][info][gc,start    ] GC(18) Pause Young (Concurrent Start) (G1 Humongous Allocation)
[2026-03-27T03:19:16.946+0900][1.351s][info][gc,task     ] GC(18) Using 6 workers of 14 for evacuation
[2026-03-27T03:19:16.948+0900][1.353s][info][gc,phases   ] GC(18)   Pre Evacuate Collection Set: 0.2ms
[2026-03-27T03:19:16.948+0900][1.353s][info][gc,phases   ] GC(18)   Merge Heap Roots: 0.1ms
[2026-03-27T03:19:16.948+0900][1.353s][info][gc,phases   ] GC(18)   Evacuate Collection Set: 1.1ms
[2026-03-27T03:19:16.948+0900][1.353s][info][gc,phases   ] GC(18)   Post Evacuate Collection Set: 0.9ms
[2026-03-27T03:19:16.948+0900][1.353s][info][gc,phases   ] GC(18)   Other: 0.2ms
[2026-03-27T03:19:16.948+0900][1.353s][info][gc,heap     ] GC(18) Eden regions: 1->0(19)
[2026-03-27T03:19:16.948+0900][1.353s][info][gc,heap     ] GC(18) Survivor regions: 1->2(3)
[2026-03-27T03:19:16.948+0900][1.353s][info][gc,heap     ] GC(18) Old regions: 25->25
[2026-03-27T03:19:16.948+0900][1.353s][info][gc,heap     ] GC(18) Archive regions: 0->0
[2026-03-27T03:19:16.948+0900][1.353s][info][gc,heap     ] GC(18) Humongous regions: 0->0
[2026-03-27T03:19:16.948+0900][1.353s][info][gc,metaspace] GC(18) Metaspace: 281K(448K)->281K(448K) NonClass: 269K(320K)->269K(320K) Class: 12K(128K)->12K(128K)
[2026-03-27T03:19:16.948+0900][1.353s][info][gc          ] GC(18) Pause Young (Concurrent Start) (G1 Humongous Allocation) 103M->103M(268M) 2.690ms
[2026-03-27T03:19:16.949+0900][1.353s][info][gc,cpu      ] GC(18) User=0.00s Sys=0.00s Real=0.00s
[2026-03-27T03:19:16.949+0900][1.354s][info][gc          ] GC(19) Concurrent Mark Cycle
[2026-03-27T03:19:16.949+0900][1.354s][info][gc,marking  ] GC(19) Concurrent Clear Claimed Marks
[2026-03-27T03:19:16.949+0900][1.354s][info][gc,marking  ] GC(19) Concurrent Clear Claimed Marks 0.011ms
[2026-03-27T03:19:16.949+0900][1.354s][info][gc,marking  ] GC(19) Concurrent Scan Root Regions
[2026-03-27T03:19:16.949+0900][1.354s][info][gc,marking  ] GC(19) Concurrent Scan Root Regions 0.041ms
[2026-03-27T03:19:16.949+0900][1.354s][info][gc,marking  ] GC(19) Concurrent Mark
[2026-03-27T03:19:16.949+0900][1.354s][info][gc,marking  ] GC(19) Concurrent Mark From Roots
[2026-03-27T03:19:16.949+0900][1.354s][info][gc,task     ] GC(19) Using 4 workers of 4 for marking
[2026-03-27T03:19:16.949+0900][1.354s][info][gc,marking  ] GC(19) Concurrent Mark From Roots 0.671ms
[2026-03-27T03:19:16.949+0900][1.354s][info][gc,marking  ] GC(19) Concurrent Preclean
[2026-03-27T03:19:16.949+0900][1.354s][info][gc,marking  ] GC(19) Concurrent Preclean 0.045ms
[2026-03-27T03:19:16.950+0900][1.355s][info][gc,start    ] GC(19) Pause Remark
[2026-03-27T03:19:16.950+0900][1.355s][info][gc          ] GC(19) Pause Remark 113M->109M(268M) 0.701ms
[2026-03-27T03:19:16.950+0900][1.355s][info][gc,cpu      ] GC(19) User=0.00s Sys=0.00s Real=0.00s
[2026-03-27T03:19:16.950+0900][1.356s][info][gc,marking  ] GC(19) Concurrent Mark 1.815ms
[2026-03-27T03:19:16.950+0900][1.356s][info][gc,marking  ] GC(19) Concurrent Rebuild Remembered Sets
[2026-03-27T03:19:16.951+0900][1.356s][info][gc,marking  ] GC(19) Concurrent Rebuild Remembered Sets 0.316ms
[2026-03-27T03:19:16.951+0900][1.356s][info][gc,start    ] GC(19) Pause Cleanup
[2026-03-27T03:19:16.951+0900][1.356s][info][gc          ] GC(19) Pause Cleanup 115M->115M(268M) 0.069ms
[2026-03-27T03:19:16.951+0900][1.356s][info][gc,cpu      ] GC(19) User=0.00s Sys=0.00s Real=0.00s
[2026-03-27T03:19:16.951+0900][1.356s][info][gc,marking  ] GC(19) Concurrent Cleanup for Next Mark
[2026-03-27T03:19:16.951+0900][1.356s][info][gc,marking  ] GC(19) Concurrent Cleanup for Next Mark 0.168ms
[2026-03-27T03:19:16.951+0900][1.356s][info][gc          ] GC(19) Concurrent Mark Cycle 2.817ms
[2026-03-27T03:19:17.163+0900][1.568s][info][gc,start    ] GC(20) Pause Young (Prepare Mixed) (G1 Evacuation Pause)
[2026-03-27T03:19:17.163+0900][1.568s][info][gc,task     ] GC(20) Using 6 workers of 14 for evacuation
[2026-03-27T03:19:17.166+0900][1.571s][info][gc,phases   ] GC(20)   Pre Evacuate Collection Set: 0.2ms
[2026-03-27T03:19:17.166+0900][1.571s][info][gc,phases   ] GC(20)   Merge Heap Roots: 0.2ms
[2026-03-27T03:19:17.166+0900][1.571s][info][gc,phases   ] GC(20)   Evacuate Collection Set: 1.2ms
[2026-03-27T03:19:17.166+0900][1.571s][info][gc,phases   ] GC(20)   Post Evacuate Collection Set: 0.7ms
[2026-03-27T03:19:17.166+0900][1.571s][info][gc,phases   ] GC(20)   Other: 0.2ms
[2026-03-27T03:19:17.166+0900][1.571s][info][gc,heap     ] GC(20) Eden regions: 19->0(1)
[2026-03-27T03:19:17.166+0900][1.571s][info][gc,heap     ] GC(20) Survivor regions: 2->3(3)
[2026-03-27T03:19:17.166+0900][1.571s][info][gc,heap     ] GC(20) Old regions: 24->29
[2026-03-27T03:19:17.166+0900][1.571s][info][gc,heap     ] GC(20) Archive regions: 0->0
[2026-03-27T03:19:17.166+0900][1.572s][info][gc,heap     ] GC(20) Humongous regions: 9->0
[2026-03-27T03:19:17.166+0900][1.572s][info][gc,metaspace] GC(20) Metaspace: 281K(448K)->281K(448K) NonClass: 269K(320K)->269K(320K) Class: 12K(128K)->12K(128K)
[2026-03-27T03:19:17.166+0900][1.572s][info][gc          ] GC(20) Pause Young (Prepare Mixed) (G1 Evacuation Pause) 210M->126M(268M) 3.256ms
[2026-03-27T03:19:17.166+0900][1.572s][info][gc,cpu      ] GC(20) User=0.00s Sys=0.00s Real=0.00s
[2026-03-27T03:19:17.167+0900][1.572s][info][gc,start    ] GC(21) Pause Young (Mixed) (G1 Evacuation Pause)
[2026-03-27T03:19:17.167+0900][1.573s][info][gc,task     ] GC(21) Using 6 workers of 14 for evacuation
[2026-03-27T03:19:17.169+0900][1.574s][info][gc,phases   ] GC(21)   Pre Evacuate Collection Set: 0.2ms
[2026-03-27T03:19:17.169+0900][1.574s][info][gc,phases   ] GC(21)   Merge Heap Roots: 0.2ms
[2026-03-27T03:19:17.169+0900][1.574s][info][gc,phases   ] GC(21)   Evacuate Collection Set: 0.9ms
[2026-03-27T03:19:17.169+0900][1.574s][info][gc,phases   ] GC(21)   Post Evacuate Collection Set: 0.4ms
[2026-03-27T03:19:17.169+0900][1.574s][info][gc,phases   ] GC(21)   Other: 0.2ms
[2026-03-27T03:19:17.169+0900][1.574s][info][gc,heap     ] GC(21) Eden regions: 1->0(2)
[2026-03-27T03:19:17.169+0900][1.574s][info][gc,heap     ] GC(21) Survivor regions: 3->1(1)
[2026-03-27T03:19:17.169+0900][1.574s][info][gc,heap     ] GC(21) Old regions: 29->27
[2026-03-27T03:19:17.169+0900][1.574s][info][gc,heap     ] GC(21) Archive regions: 0->0
[2026-03-27T03:19:17.169+0900][1.574s][info][gc,heap     ] GC(21) Humongous regions: 0->0
[2026-03-27T03:19:17.169+0900][1.574s][info][gc,metaspace] GC(21) Metaspace: 281K(448K)->281K(448K) NonClass: 269K(320K)->269K(320K) Class: 12K(128K)->12K(128K)
[2026-03-27T03:19:17.169+0900][1.574s][info][gc          ] GC(21) Pause Young (Mixed) (G1 Evacuation Pause) 129M->108M(268M) 1.972ms
[2026-03-27T03:19:17.169+0900][1.574s][info][gc,cpu      ] GC(21) User=0.00s Sys=0.00s Real=0.00s
[2026-03-27T03:19:17.170+0900][1.575s][info][gc,start    ] GC(22) Pause Young (Mixed) (G1 Evacuation Pause)
[2026-03-27T03:19:17.170+0900][1.575s][info][gc,task     ] GC(22) Using 6 workers of 14 for evacuation
[2026-03-27T03:19:17.171+0900][1.577s][info][gc,phases   ] GC(22)   Pre Evacuate Collection Set: 0.2ms
[2026-03-27T03:19:17.171+0900][1.577s][info][gc,phases   ] GC(22)   Merge Heap Roots: 0.2ms
[2026-03-27T03:19:17.171+0900][1.577s][info][gc,phases   ] GC(22)   Evacuate Collection Set: 0.6ms
[2026-03-27T03:19:17.171+0900][1.577s][info][gc,phases   ] GC(22)   Post Evacuate Collection Set: 0.2ms
[2026-03-27T03:19:17.171+0900][1.577s][info][gc,phases   ] GC(22)   Other: 0.1ms
[2026-03-27T03:19:17.171+0900][1.577s][info][gc,heap     ] GC(22) Eden regions: 2->0(19)
[2026-03-27T03:19:17.171+0900][1.577s][info][gc,heap     ] GC(22) Survivor regions: 1->1(1)
[2026-03-27T03:19:17.171+0900][1.577s][info][gc,heap     ] GC(22) Old regions: 27->27
[2026-03-27T03:19:17.171+0900][1.577s][info][gc,heap     ] GC(22) Archive regions: 0->0
[2026-03-27T03:19:17.171+0900][1.577s][info][gc,heap     ] GC(22) Humongous regions: 1->0
[2026-03-27T03:19:17.171+0900][1.577s][info][gc,metaspace] GC(22) Metaspace: 281K(448K)->281K(448K) NonClass: 269K(320K)->269K(320K) Class: 12K(128K)->12K(128K)
[2026-03-27T03:19:17.171+0900][1.577s][info][gc          ] GC(22) Pause Young (Mixed) (G1 Evacuation Pause) 119M->108M(268M) 1.244ms
[2026-03-27T03:19:17.171+0900][1.577s][info][gc,cpu      ] GC(22) User=0.00s Sys=0.00s Real=0.00s
[2026-03-27T03:19:17.398+0900][1.803s][info][gc,start    ] GC(23) Pause Young (Normal) (G1 Evacuation Pause)
[2026-03-27T03:19:17.398+0900][1.804s][info][gc,task     ] GC(23) Using 6 workers of 14 for evacuation
[2026-03-27T03:19:17.401+0900][1.807s][info][gc,phases   ] GC(23)   Pre Evacuate Collection Set: 0.3ms
[2026-03-27T03:19:17.402+0900][1.807s][info][gc,phases   ] GC(23)   Merge Heap Roots: 0.2ms
[2026-03-27T03:19:17.402+0900][1.807s][info][gc,phases   ] GC(23)   Evacuate Collection Set: 1.6ms
[2026-03-27T03:19:17.402+0900][1.807s][info][gc,phases   ] GC(23)   Post Evacuate Collection Set: 1.1ms
[2026-03-27T03:19:17.402+0900][1.807s][info][gc,phases   ] GC(23)   Other: 0.3ms
[2026-03-27T03:19:17.402+0900][1.807s][info][gc,heap     ] GC(23) Eden regions: 19->0(29)
[2026-03-27T03:19:17.402+0900][1.807s][info][gc,heap     ] GC(23) Survivor regions: 1->3(3)
[2026-03-27T03:19:17.402+0900][1.807s][info][gc,heap     ] GC(23) Old regions: 27->31
[2026-03-27T03:19:17.402+0900][1.807s][info][gc,heap     ] GC(23) Archive regions: 0->0
[2026-03-27T03:19:17.402+0900][1.807s][info][gc,heap     ] GC(23) Humongous regions: 8->0
[2026-03-27T03:19:17.402+0900][1.807s][info][gc,metaspace] GC(23) Metaspace: 281K(448K)->281K(448K) NonClass: 269K(320K)->269K(320K) Class: 12K(128K)->12K(128K)
[2026-03-27T03:19:17.402+0900][1.807s][info][gc          ] GC(23) Pause Young (Normal) (G1 Evacuation Pause) 215M->135M(368M) 3.672ms
[2026-03-27T03:19:17.402+0900][1.807s][info][gc,cpu      ] GC(23) User=0.00s Sys=0.00s Real=0.00s
[2026-03-27T03:19:17.769+0900][2.174s][info][gc,start    ] GC(24) Pause Young (Normal) (G1 Evacuation Pause)
[2026-03-27T03:19:17.769+0900][2.174s][info][gc,task     ] GC(24) Using 8 workers of 14 for evacuation
[2026-03-27T03:19:17.772+0900][2.177s][info][gc,phases   ] GC(24)   Pre Evacuate Collection Set: 0.2ms
[2026-03-27T03:19:17.772+0900][2.177s][info][gc,phases   ] GC(24)   Merge Heap Roots: 0.1ms
[2026-03-27T03:19:17.772+0900][2.177s][info][gc,phases   ] GC(24)   Evacuate Collection Set: 2.2ms
[2026-03-27T03:19:17.772+0900][2.177s][info][gc,phases   ] GC(24)   Post Evacuate Collection Set: 0.5ms
[2026-03-27T03:19:17.772+0900][2.177s][info][gc,phases   ] GC(24)   Other: 0.4ms
[2026-03-27T03:19:17.772+0900][2.177s][info][gc,heap     ] GC(24) Eden regions: 29->0(21)
[2026-03-27T03:19:17.772+0900][2.177s][info][gc,heap     ] GC(24) Survivor regions: 3->4(4)
[2026-03-27T03:19:17.772+0900][2.177s][info][gc,heap     ] GC(24) Old regions: 31->41
[2026-03-27T03:19:17.772+0900][2.177s][info][gc,heap     ] GC(24) Archive regions: 0->0
[2026-03-27T03:19:17.772+0900][2.177s][info][gc,heap     ] GC(24) Humongous regions: 12->0
[2026-03-27T03:19:17.772+0900][2.177s][info][gc,metaspace] GC(24) Metaspace: 281K(448K)->281K(448K) NonClass: 269K(320K)->269K(320K) Class: 12K(128K)->12K(128K)
[2026-03-27T03:19:17.772+0900][2.178s][info][gc          ] GC(24) Pause Young (Normal) (G1 Evacuation Pause) 298M->177M(368M) 3.821ms
[2026-03-27T03:19:17.772+0900][2.178s][info][gc,cpu      ] GC(24) User=0.00s Sys=0.00s Real=0.00s
[2026-03-27T03:19:17.987+0900][2.392s][info][gc,start    ] GC(25) Pause Young (Normal) (G1 Evacuation Pause)
[2026-03-27T03:19:17.987+0900][2.393s][info][gc,task     ] GC(25) Using 8 workers of 14 for evacuation
[2026-03-27T03:19:17.990+0900][2.395s][info][gc,phases   ] GC(25)   Pre Evacuate Collection Set: 0.3ms
[2026-03-27T03:19:17.990+0900][2.396s][info][gc,phases   ] GC(25)   Merge Heap Roots: 0.2ms
[2026-03-27T03:19:17.990+0900][2.396s][info][gc,phases   ] GC(25)   Evacuate Collection Set: 1.6ms
[2026-03-27T03:19:17.991+0900][2.396s][info][gc,phases   ] GC(25)   Post Evacuate Collection Set: 0.7ms
[2026-03-27T03:19:17.991+0900][2.396s][info][gc,phases   ] GC(25)   Other: 0.2ms
[2026-03-27T03:19:17.991+0900][2.396s][info][gc,heap     ] GC(25) Eden regions: 21->0(18)
[2026-03-27T03:19:17.991+0900][2.396s][info][gc,heap     ] GC(25) Survivor regions: 4->4(4)
[2026-03-27T03:19:17.991+0900][2.396s][info][gc,heap     ] GC(25) Old regions: 41->47
[2026-03-27T03:19:17.991+0900][2.396s][info][gc,heap     ] GC(25) Archive regions: 0->0
[2026-03-27T03:19:17.991+0900][2.396s][info][gc,heap     ] GC(25) Humongous regions: 9->0
[2026-03-27T03:19:17.991+0900][2.396s][info][gc,metaspace] GC(25) Metaspace: 283K(512K)->283K(512K) NonClass: 271K(384K)->271K(384K) Class: 12K(128K)->12K(128K)
[2026-03-27T03:19:17.991+0900][2.396s][info][gc          ] GC(25) Pause Young (Normal) (G1 Evacuation Pause) 296M->202M(368M) 3.434ms
[2026-03-27T03:19:17.991+0900][2.396s][info][gc,cpu      ] GC(25) User=0.00s Sys=0.00s Real=0.00s
[2026-03-27T03:19:18.207+0900][2.612s][info][gc,start    ] GC(26) Pause Young (Normal) (G1 Evacuation Pause)
[2026-03-27T03:19:18.207+0900][2.612s][info][gc,task     ] GC(26) Using 8 workers of 14 for evacuation
[2026-03-27T03:19:18.210+0900][2.615s][info][gc,phases   ] GC(26)   Pre Evacuate Collection Set: 0.2ms
[2026-03-27T03:19:18.210+0900][2.615s][info][gc,phases   ] GC(26)   Merge Heap Roots: 0.2ms
[2026-03-27T03:19:18.210+0900][2.615s][info][gc,phases   ] GC(26)   Evacuate Collection Set: 1.4ms
[2026-03-27T03:19:18.210+0900][2.615s][info][gc,phases   ] GC(26)   Post Evacuate Collection Set: 0.8ms
[2026-03-27T03:19:18.210+0900][2.615s][info][gc,phases   ] GC(26)   Other: 0.2ms
[2026-03-27T03:19:18.210+0900][2.615s][info][gc,heap     ] GC(26) Eden regions: 18->0(14)
[2026-03-27T03:19:18.210+0900][2.615s][info][gc,heap     ] GC(26) Survivor regions: 4->3(3)
[2026-03-27T03:19:18.210+0900][2.615s][info][gc,heap     ] GC(26) Old regions: 47->54
[2026-03-27T03:19:18.210+0900][2.615s][info][gc,heap     ] GC(26) Archive regions: 0->0
[2026-03-27T03:19:18.210+0900][2.615s][info][gc,heap     ] GC(26) Humongous regions: 8->0
[2026-03-27T03:19:18.210+0900][2.615s][info][gc,metaspace] GC(26) Metaspace: 283K(512K)->283K(512K) NonClass: 271K(384K)->271K(384K) Class: 12K(128K)->12K(128K)
[2026-03-27T03:19:18.210+0900][2.615s][info][gc          ] GC(26) Pause Young (Normal) (G1 Evacuation Pause) 305M->225M(368M) 3.173ms
[2026-03-27T03:19:18.210+0900][2.615s][info][gc,cpu      ] GC(26) User=0.00s Sys=0.00s Real=0.00s
[2026-03-27T03:19:18.422+0900][2.827s][info][gc,start    ] GC(27) Pause Young (Normal) (G1 Evacuation Pause)
[2026-03-27T03:19:18.422+0900][2.827s][info][gc,task     ] GC(27) Using 8 workers of 14 for evacuation
[2026-03-27T03:19:18.425+0900][2.830s][info][gc,phases   ] GC(27)   Pre Evacuate Collection Set: 0.1ms
[2026-03-27T03:19:18.425+0900][2.830s][info][gc,phases   ] GC(27)   Merge Heap Roots: 0.1ms
[2026-03-27T03:19:18.425+0900][2.830s][info][gc,phases   ] GC(27)   Evacuate Collection Set: 1.5ms
[2026-03-27T03:19:18.425+0900][2.830s][info][gc,phases   ] GC(27)   Post Evacuate Collection Set: 0.8ms
[2026-03-27T03:19:18.425+0900][2.830s][info][gc,phases   ] GC(27)   Other: 0.3ms
[2026-03-27T03:19:18.425+0900][2.830s][info][gc,heap     ] GC(27) Eden regions: 14->0(11)
[2026-03-27T03:19:18.425+0900][2.830s][info][gc,heap     ] GC(27) Survivor regions: 3->3(3)
[2026-03-27T03:19:18.425+0900][2.830s][info][gc,heap     ] GC(27) Old regions: 54->59
[2026-03-27T03:19:18.425+0900][2.830s][info][gc,heap     ] GC(27) Archive regions: 0->0
[2026-03-27T03:19:18.425+0900][2.830s][info][gc,heap     ] GC(27) Humongous regions: 6->0
[2026-03-27T03:19:18.425+0900][2.830s][info][gc,metaspace] GC(27) Metaspace: 283K(512K)->283K(512K) NonClass: 271K(384K)->271K(384K) Class: 12K(128K)->12K(128K)
[2026-03-27T03:19:18.425+0900][2.830s][info][gc          ] GC(27) Pause Young (Normal) (G1 Evacuation Pause) 304M->245M(368M) 2.991ms
[2026-03-27T03:19:18.425+0900][2.830s][info][gc,cpu      ] GC(27) User=0.02s Sys=0.00s Real=0.00s
[2026-03-27T03:19:18.534+0900][2.938s][info][gc,start    ] GC(28) Pause Young (Normal) (G1 Evacuation Pause)
[2026-03-27T03:19:18.534+0900][2.939s][info][gc,task     ] GC(28) Using 8 workers of 14 for evacuation
[2026-03-27T03:19:18.537+0900][2.941s][info][gc,phases   ] GC(28)   Pre Evacuate Collection Set: 0.3ms
[2026-03-27T03:19:18.537+0900][2.941s][info][gc,phases   ] GC(28)   Merge Heap Roots: 0.5ms
[2026-03-27T03:19:18.537+0900][2.941s][info][gc,phases   ] GC(28)   Evacuate Collection Set: 1.2ms
[2026-03-27T03:19:18.537+0900][2.941s][info][gc,phases   ] GC(28)   Post Evacuate Collection Set: 0.7ms
[2026-03-27T03:19:18.537+0900][2.942s][info][gc,phases   ] GC(28)   Other: 0.2ms
[2026-03-27T03:19:18.537+0900][2.942s][info][gc,heap     ] GC(28) Eden regions: 11->0(9)
[2026-03-27T03:19:18.537+0900][2.942s][info][gc,heap     ] GC(28) Survivor regions: 3->2(2)
[2026-03-27T03:19:18.537+0900][2.942s][info][gc,heap     ] GC(28) Old regions: 59->64
[2026-03-27T03:19:18.537+0900][2.942s][info][gc,heap     ] GC(28) Archive regions: 0->0
[2026-03-27T03:19:18.537+0900][2.942s][info][gc,heap     ] GC(28) Humongous regions: 5->0
[2026-03-27T03:19:18.537+0900][2.942s][info][gc,metaspace] GC(28) Metaspace: 283K(512K)->283K(512K) NonClass: 271K(384K)->271K(384K) Class: 12K(128K)->12K(128K)
[2026-03-27T03:19:18.537+0900][2.942s][info][gc          ] GC(28) Pause Young (Normal) (G1 Evacuation Pause) 308M->261M(368M) 3.158ms
[2026-03-27T03:19:18.537+0900][2.942s][info][gc,cpu      ] GC(28) User=0.00s Sys=0.00s Real=0.00s
[2026-03-27T03:19:18.642+0900][3.047s][info][gc,start    ] GC(29) Pause Young (Normal) (G1 Evacuation Pause)
[2026-03-27T03:19:18.642+0900][3.047s][info][gc,task     ] GC(29) Using 8 workers of 14 for evacuation
[2026-03-27T03:19:18.644+0900][3.049s][info][gc,phases   ] GC(29)   Pre Evacuate Collection Set: 0.3ms
[2026-03-27T03:19:18.644+0900][3.049s][info][gc,phases   ] GC(29)   Merge Heap Roots: 0.3ms
[2026-03-27T03:19:18.644+0900][3.049s][info][gc,phases   ] GC(29)   Evacuate Collection Set: 1.1ms
[2026-03-27T03:19:18.644+0900][3.049s][info][gc,phases   ] GC(29)   Post Evacuate Collection Set: 0.6ms
[2026-03-27T03:19:18.644+0900][3.049s][info][gc,phases   ] GC(29)   Other: 0.2ms
[2026-03-27T03:19:18.644+0900][3.049s][info][gc,heap     ] GC(29) Eden regions: 9->0(7)
[2026-03-27T03:19:18.644+0900][3.049s][info][gc,heap     ] GC(29) Survivor regions: 2->2(2)
[2026-03-27T03:19:18.644+0900][3.049s][info][gc,heap     ] GC(29) Old regions: 64->67
[2026-03-27T03:19:18.644+0900][3.049s][info][gc,heap     ] GC(29) Archive regions: 0->0
[2026-03-27T03:19:18.644+0900][3.049s][info][gc,heap     ] GC(29) Humongous regions: 4->0
[2026-03-27T03:19:18.644+0900][3.049s][info][gc,metaspace] GC(29) Metaspace: 283K(512K)->283K(512K) NonClass: 271K(384K)->271K(384K) Class: 12K(128K)->12K(128K)
[2026-03-27T03:19:18.644+0900][3.049s][info][gc          ] GC(29) Pause Young (Normal) (G1 Evacuation Pause) 312M->273M(368M) 2.540ms
[2026-03-27T03:19:18.644+0900][3.049s][info][gc,cpu      ] GC(29) User=0.00s Sys=0.00s Real=0.00s
[2026-03-27T03:19:18.750+0900][3.155s][info][gc,start    ] GC(30) Pause Young (Normal) (G1 Evacuation Pause)
[2026-03-27T03:19:18.750+0900][3.155s][info][gc,task     ] GC(30) Using 8 workers of 14 for evacuation
[2026-03-27T03:19:18.752+0900][3.157s][info][gc,phases   ] GC(30)   Pre Evacuate Collection Set: 0.3ms
[2026-03-27T03:19:18.752+0900][3.157s][info][gc,phases   ] GC(30)   Merge Heap Roots: 0.3ms
[2026-03-27T03:19:18.752+0900][3.157s][info][gc,phases   ] GC(30)   Evacuate Collection Set: 1.1ms
[2026-03-27T03:19:18.752+0900][3.157s][info][gc,phases   ] GC(30)   Post Evacuate Collection Set: 0.7ms
[2026-03-27T03:19:18.753+0900][3.157s][info][gc,phases   ] GC(30)   Other: 0.2ms
[2026-03-27T03:19:18.753+0900][3.157s][info][gc,heap     ] GC(30) Eden regions: 7->0(6)
[2026-03-27T03:19:18.753+0900][3.157s][info][gc,heap     ] GC(30) Survivor regions: 2->2(2)
[2026-03-27T03:19:18.753+0900][3.157s][info][gc,heap     ] GC(30) Old regions: 67->69
[2026-03-27T03:19:18.753+0900][3.157s][info][gc,heap     ] GC(30) Archive regions: 0->0
[2026-03-27T03:19:18.753+0900][3.157s][info][gc,heap     ] GC(30) Humongous regions: 3->0
[2026-03-27T03:19:18.753+0900][3.157s][info][gc,metaspace] GC(30) Metaspace: 283K(512K)->283K(512K) NonClass: 271K(384K)->271K(384K) Class: 12K(128K)->12K(128K)
[2026-03-27T03:19:18.753+0900][3.157s][info][gc          ] GC(30) Pause Young (Normal) (G1 Evacuation Pause) 312M->283M(368M) 2.685ms
[2026-03-27T03:19:18.753+0900][3.157s][info][gc,cpu      ] GC(30) User=0.05s Sys=0.05s Real=0.00s
[2026-03-27T03:19:18.755+0900][3.160s][info][gc,start    ] GC(31) Pause Young (Normal) (G1 Evacuation Pause)
[2026-03-27T03:19:18.755+0900][3.160s][info][gc,task     ] GC(31) Using 8 workers of 14 for evacuation
[2026-03-27T03:19:18.756+0900][3.161s][info][gc,phases   ] GC(31)   Pre Evacuate Collection Set: 0.2ms
[2026-03-27T03:19:18.756+0900][3.162s][info][gc,phases   ] GC(31)   Merge Heap Roots: 0.1ms
[2026-03-27T03:19:18.756+0900][3.162s][info][gc,phases   ] GC(31)   Evacuate Collection Set: 0.8ms
[2026-03-27T03:19:18.756+0900][3.162s][info][gc,phases   ] GC(31)   Post Evacuate Collection Set: 0.4ms
[2026-03-27T03:19:18.756+0900][3.162s][info][gc,phases   ] GC(31)   Other: 0.1ms
[2026-03-27T03:19:18.756+0900][3.162s][info][gc,heap     ] GC(31) Eden regions: 6->0(5)
[2026-03-27T03:19:18.756+0900][3.162s][info][gc,heap     ] GC(31) Survivor regions: 2->1(1)
[2026-03-27T03:19:18.756+0900][3.162s][info][gc,heap     ] GC(31) Old regions: 69->72
[2026-03-27T03:19:18.756+0900][3.162s][info][gc,heap     ] GC(31) Archive regions: 0->0
[2026-03-27T03:19:18.756+0900][3.162s][info][gc,heap     ] GC(31) Humongous regions: 2->0
[2026-03-27T03:19:18.756+0900][3.162s][info][gc,metaspace] GC(31) Metaspace: 283K(512K)->283K(512K) NonClass: 271K(384K)->271K(384K) Class: 12K(128K)->12K(128K)
[2026-03-27T03:19:18.756+0900][3.162s][info][gc          ] GC(31) Pause Young (Normal) (G1 Evacuation Pause) 314M->291M(368M) 1.684ms
[2026-03-27T03:19:18.756+0900][3.162s][info][gc,cpu      ] GC(31) User=0.00s Sys=0.00s Real=0.00s
[2026-03-27T03:19:18.860+0900][3.265s][info][gc,start    ] GC(32) Pause Young (Normal) (G1 Evacuation Pause)
[2026-03-27T03:19:18.860+0900][3.265s][info][gc,task     ] GC(32) Using 8 workers of 14 for evacuation
[2026-03-27T03:19:18.862+0900][3.267s][info][gc,phases   ] GC(32)   Pre Evacuate Collection Set: 0.3ms
[2026-03-27T03:19:18.862+0900][3.267s][info][gc,phases   ] GC(32)   Merge Heap Roots: 0.2ms
[2026-03-27T03:19:18.862+0900][3.267s][info][gc,phases   ] GC(32)   Evacuate Collection Set: 0.7ms
[2026-03-27T03:19:18.862+0900][3.267s][info][gc,phases   ] GC(32)   Post Evacuate Collection Set: 0.7ms
[2026-03-27T03:19:18.862+0900][3.267s][info][gc,phases   ] GC(32)   Other: 0.2ms
[2026-03-27T03:19:18.862+0900][3.267s][info][gc,heap     ] GC(32) Eden regions: 5->0(3)
[2026-03-27T03:19:18.862+0900][3.267s][info][gc,heap     ] GC(32) Survivor regions: 1->1(1)
[2026-03-27T03:19:18.862+0900][3.267s][info][gc,heap     ] GC(32) Old regions: 72->74
[2026-03-27T03:19:18.862+0900][3.267s][info][gc,heap     ] GC(32) Archive regions: 0->0
[2026-03-27T03:19:18.862+0900][3.267s][info][gc,heap     ] GC(32) Humongous regions: 2->0
[2026-03-27T03:19:18.862+0900][3.267s][info][gc,metaspace] GC(32) Metaspace: 283K(512K)->283K(512K) NonClass: 271K(384K)->271K(384K) Class: 12K(128K)->12K(128K)
[2026-03-27T03:19:18.862+0900][3.267s][info][gc          ] GC(32) Pause Young (Normal) (G1 Evacuation Pause) 318M->299M(368M) 2.265ms
[2026-03-27T03:19:18.862+0900][3.267s][info][gc,cpu      ] GC(32) User=0.02s Sys=0.00s Real=0.00s
[2026-03-27T03:19:18.864+0900][3.269s][info][gc,start    ] GC(33) Pause Young (Normal) (G1 Evacuation Pause)
[2026-03-27T03:19:18.864+0900][3.269s][info][gc,task     ] GC(33) Using 8 workers of 14 for evacuation
[2026-03-27T03:19:18.866+0900][3.270s][info][gc,phases   ] GC(33)   Pre Evacuate Collection Set: 0.1ms
[2026-03-27T03:19:18.866+0900][3.270s][info][gc,phases   ] GC(33)   Merge Heap Roots: 0.0ms
[2026-03-27T03:19:18.866+0900][3.270s][info][gc,phases   ] GC(33)   Evacuate Collection Set: 0.6ms
[2026-03-27T03:19:18.866+0900][3.270s][info][gc,phases   ] GC(33)   Post Evacuate Collection Set: 0.3ms
[2026-03-27T03:19:18.866+0900][3.270s][info][gc,phases   ] GC(33)   Other: 0.1ms
[2026-03-27T03:19:18.866+0900][3.270s][info][gc,heap     ] GC(33) Eden regions: 3->0(3)
[2026-03-27T03:19:18.866+0900][3.270s][info][gc,heap     ] GC(33) Survivor regions: 1->1(1)
[2026-03-27T03:19:18.866+0900][3.270s][info][gc,heap     ] GC(33) Old regions: 74->75
[2026-03-27T03:19:18.866+0900][3.270s][info][gc,heap     ] GC(33) Archive regions: 0->0
[2026-03-27T03:19:18.866+0900][3.270s][info][gc,heap     ] GC(33) Humongous regions: 2->0
[2026-03-27T03:19:18.866+0900][3.270s][info][gc,metaspace] GC(33) Metaspace: 283K(512K)->283K(512K) NonClass: 271K(384K)->271K(384K) Class: 12K(128K)->12K(128K)
[2026-03-27T03:19:18.866+0900][3.270s][info][gc          ] GC(33) Pause Young (Normal) (G1 Evacuation Pause) 318M->302M(368M) 1.324ms
[2026-03-27T03:19:18.866+0900][3.270s][info][gc,cpu      ] GC(33) User=0.00s Sys=0.00s Real=0.00s
[2026-03-27T03:19:18.867+0900][3.271s][info][gc,start    ] GC(34) Pause Young (Normal) (G1 Evacuation Pause)
[2026-03-27T03:19:18.867+0900][3.271s][info][gc,task     ] GC(34) Using 8 workers of 14 for evacuation
[2026-03-27T03:19:18.868+0900][3.272s][info][gc,phases   ] GC(34)   Pre Evacuate Collection Set: 0.2ms
[2026-03-27T03:19:18.868+0900][3.272s][info][gc,phases   ] GC(34)   Merge Heap Roots: 0.0ms
[2026-03-27T03:19:18.868+0900][3.272s][info][gc,phases   ] GC(34)   Evacuate Collection Set: 0.5ms
[2026-03-27T03:19:18.868+0900][3.272s][info][gc,phases   ] GC(34)   Post Evacuate Collection Set: 0.3ms
[2026-03-27T03:19:18.868+0900][3.272s][info][gc,phases   ] GC(34)   Other: 0.0ms
[2026-03-27T03:19:18.868+0900][3.272s][info][gc,heap     ] GC(34) Eden regions: 3->0(3)
[2026-03-27T03:19:18.868+0900][3.272s][info][gc,heap     ] GC(34) Survivor regions: 1->1(1)
[2026-03-27T03:19:18.868+0900][3.272s][info][gc,heap     ] GC(34) Old regions: 75->76
[2026-03-27T03:19:18.868+0900][3.273s][info][gc,heap     ] GC(34) Archive regions: 0->0
[2026-03-27T03:19:18.868+0900][3.273s][info][gc,heap     ] GC(34) Humongous regions: 1->0
[2026-03-27T03:19:18.868+0900][3.273s][info][gc,metaspace] GC(34) Metaspace: 283K(512K)->283K(512K) NonClass: 271K(384K)->271K(384K) Class: 12K(128K)->12K(128K)
[2026-03-27T03:19:18.868+0900][3.273s][info][gc          ] GC(34) Pause Young (Normal) (G1 Evacuation Pause) 317M->306M(368M) 1.102ms
[2026-03-27T03:19:18.868+0900][3.273s][info][gc,cpu      ] GC(34) User=0.00s Sys=0.00s Real=0.00s
[2026-03-27T03:19:18.970+0900][3.375s][info][gc,start    ] GC(35) Pause Young (Normal) (G1 Evacuation Pause)
[2026-03-27T03:19:18.970+0900][3.375s][info][gc,task     ] GC(35) Using 8 workers of 14 for evacuation
[2026-03-27T03:19:18.972+0900][3.377s][info][gc,phases   ] GC(35)   Pre Evacuate Collection Set: 0.3ms
[2026-03-27T03:19:18.972+0900][3.377s][info][gc,phases   ] GC(35)   Merge Heap Roots: 0.3ms
[2026-03-27T03:19:18.972+0900][3.377s][info][gc,phases   ] GC(35)   Evacuate Collection Set: 0.5ms
[2026-03-27T03:19:18.972+0900][3.377s][info][gc,phases   ] GC(35)   Post Evacuate Collection Set: 0.4ms
[2026-03-27T03:19:18.972+0900][3.377s][info][gc,phases   ] GC(35)   Other: 0.1ms
[2026-03-27T03:19:18.972+0900][3.377s][info][gc,heap     ] GC(35) Eden regions: 3->0(3)
[2026-03-27T03:19:18.972+0900][3.377s][info][gc,heap     ] GC(35) Survivor regions: 1->1(1)
[2026-03-27T03:19:18.972+0900][3.377s][info][gc,heap     ] GC(35) Old regions: 76->77
[2026-03-27T03:19:18.972+0900][3.377s][info][gc,heap     ] GC(35) Archive regions: 0->0
[2026-03-27T03:19:18.972+0900][3.377s][info][gc,heap     ] GC(35) Humongous regions: 1->0
[2026-03-27T03:19:18.972+0900][3.377s][info][gc,metaspace] GC(35) Metaspace: 283K(512K)->283K(512K) NonClass: 271K(384K)->271K(384K) Class: 12K(128K)->12K(128K)
[2026-03-27T03:19:18.972+0900][3.377s][info][gc          ] GC(35) Pause Young (Normal) (G1 Evacuation Pause) 321M->310M(368M) 1.877ms
[2026-03-27T03:19:18.972+0900][3.377s][info][gc,cpu      ] GC(35) User=0.00s Sys=0.00s Real=0.00s
[2026-03-27T03:19:18.973+0900][3.378s][info][gc,start    ] GC(36) Pause Young (Normal) (G1 Evacuation Pause)
[2026-03-27T03:19:18.973+0900][3.378s][info][gc,task     ] GC(36) Using 8 workers of 14 for evacuation
[2026-03-27T03:19:18.974+0900][3.380s][info][gc,phases   ] GC(36)   Pre Evacuate Collection Set: 0.2ms
[2026-03-27T03:19:18.974+0900][3.380s][info][gc,phases   ] GC(36)   Merge Heap Roots: 0.1ms
[2026-03-27T03:19:18.974+0900][3.380s][info][gc,phases   ] GC(36)   Evacuate Collection Set: 0.5ms
[2026-03-27T03:19:18.974+0900][3.380s][info][gc,phases   ] GC(36)   Post Evacuate Collection Set: 0.4ms
[2026-03-27T03:19:18.974+0900][3.380s][info][gc,phases   ] GC(36)   Other: 0.1ms
[2026-03-27T03:19:18.974+0900][3.380s][info][gc,heap     ] GC(36) Eden regions: 3->0(3)
[2026-03-27T03:19:18.974+0900][3.380s][info][gc,heap     ] GC(36) Survivor regions: 1->1(1)
[2026-03-27T03:19:18.974+0900][3.380s][info][gc,heap     ] GC(36) Old regions: 77->78
[2026-03-27T03:19:18.974+0900][3.380s][info][gc,heap     ] GC(36) Archive regions: 0->0
[2026-03-27T03:19:18.974+0900][3.380s][info][gc,heap     ] GC(36) Humongous regions: 1->0
[2026-03-27T03:19:18.974+0900][3.380s][info][gc,metaspace] GC(36) Metaspace: 283K(512K)->283K(512K) NonClass: 271K(384K)->271K(384K) Class: 12K(128K)->12K(128K)
[2026-03-27T03:19:18.974+0900][3.380s][info][gc          ] GC(36) Pause Young (Normal) (G1 Evacuation Pause) 325M->314M(368M) 1.307ms
[2026-03-27T03:19:18.974+0900][3.380s][info][gc,cpu      ] GC(36) User=0.00s Sys=0.00s Real=0.00s
[2026-03-27T03:19:18.976+0900][3.381s][info][gc,start    ] GC(37) Pause Young (Normal) (G1 Evacuation Pause)
[2026-03-27T03:19:18.976+0900][3.381s][info][gc,task     ] GC(37) Using 8 workers of 14 for evacuation
[2026-03-27T03:19:18.977+0900][3.382s][info][gc,phases   ] GC(37)   Pre Evacuate Collection Set: 0.1ms
[2026-03-27T03:19:18.977+0900][3.382s][info][gc,phases   ] GC(37)   Merge Heap Roots: 0.0ms
[2026-03-27T03:19:18.977+0900][3.382s][info][gc,phases   ] GC(37)   Evacuate Collection Set: 0.4ms
[2026-03-27T03:19:18.977+0900][3.382s][info][gc,phases   ] GC(37)   Post Evacuate Collection Set: 0.4ms
[2026-03-27T03:19:18.977+0900][3.382s][info][gc,phases   ] GC(37)   Other: 0.1ms
[2026-03-27T03:19:18.977+0900][3.382s][info][gc,heap     ] GC(37) Eden regions: 3->0(9)
[2026-03-27T03:19:18.977+0900][3.382s][info][gc,heap     ] GC(37) Survivor regions: 1->1(1)
[2026-03-27T03:19:18.977+0900][3.382s][info][gc,heap     ] GC(37) Old regions: 78->79
[2026-03-27T03:19:18.977+0900][3.382s][info][gc,heap     ] GC(37) Archive regions: 0->0
[2026-03-27T03:19:18.977+0900][3.382s][info][gc,heap     ] GC(37) Humongous regions: 2->0
[2026-03-27T03:19:18.977+0900][3.382s][info][gc,metaspace] GC(37) Metaspace: 283K(512K)->283K(512K) NonClass: 271K(384K)->271K(384K) Class: 12K(128K)->12K(128K)
[2026-03-27T03:19:18.977+0900][3.382s][info][gc          ] GC(37) Pause Young (Normal) (G1 Evacuation Pause) 333M->318M(428M) 1.036ms
[2026-03-27T03:19:18.977+0900][3.382s][info][gc,cpu      ] GC(37) User=0.00s Sys=0.00s Real=0.00s
[2026-03-27T03:19:19.100+0900][3.505s][info][gc,start    ] GC(38) Pause Young (Normal) (G1 Evacuation Pause)
[2026-03-27T03:19:19.100+0900][3.505s][info][gc,task     ] GC(38) Using 10 workers of 14 for evacuation
[2026-03-27T03:19:19.103+0900][3.508s][info][gc,phases   ] GC(38)   Pre Evacuate Collection Set: 0.2ms
[2026-03-27T03:19:19.103+0900][3.508s][info][gc,phases   ] GC(38)   Merge Heap Roots: 0.2ms
[2026-03-27T03:19:19.103+0900][3.508s][info][gc,phases   ] GC(38)   Evacuate Collection Set: 1.5ms
[2026-03-27T03:19:19.103+0900][3.508s][info][gc,phases   ] GC(38)   Post Evacuate Collection Set: 0.8ms
[2026-03-27T03:19:19.103+0900][3.508s][info][gc,phases   ] GC(38)   Other: 0.3ms
[2026-03-27T03:19:19.103+0900][3.508s][info][gc,heap     ] GC(38) Eden regions: 9->0(7)
[2026-03-27T03:19:19.103+0900][3.508s][info][gc,heap     ] GC(38) Survivor regions: 1->2(2)
[2026-03-27T03:19:19.103+0900][3.508s][info][gc,heap     ] GC(38) Old regions: 79->82
[2026-03-27T03:19:19.103+0900][3.508s][info][gc,heap     ] GC(38) Archive regions: 0->0
[2026-03-27T03:19:19.103+0900][3.508s][info][gc,heap     ] GC(38) Humongous regions: 4->0
[2026-03-27T03:19:19.103+0900][3.508s][info][gc,metaspace] GC(38) Metaspace: 283K(512K)->283K(512K) NonClass: 271K(384K)->271K(384K) Class: 12K(128K)->12K(128K)
[2026-03-27T03:19:19.103+0900][3.508s][info][gc          ] GC(38) Pause Young (Normal) (G1 Evacuation Pause) 370M->333M(428M) 3.106ms
[2026-03-27T03:19:19.103+0900][3.508s][info][gc,cpu      ] GC(38) User=0.00s Sys=0.00s Real=0.00s
[2026-03-27T03:19:19.219+0900][3.624s][info][gc,start    ] GC(39) Pause Young (Normal) (G1 Evacuation Pause)
[2026-03-27T03:19:19.219+0900][3.624s][info][gc,task     ] GC(39) Using 10 workers of 14 for evacuation
[2026-03-27T03:19:19.222+0900][3.627s][info][gc,phases   ] GC(39)   Pre Evacuate Collection Set: 0.3ms
[2026-03-27T03:19:19.222+0900][3.627s][info][gc,phases   ] GC(39)   Merge Heap Roots: 0.3ms
[2026-03-27T03:19:19.222+0900][3.627s][info][gc,phases   ] GC(39)   Evacuate Collection Set: 0.9ms
[2026-03-27T03:19:19.222+0900][3.627s][info][gc,phases   ] GC(39)   Post Evacuate Collection Set: 0.9ms
[2026-03-27T03:19:19.222+0900][3.627s][info][gc,phases   ] GC(39)   Other: 0.2ms
[2026-03-27T03:19:19.222+0900][3.627s][info][gc,heap     ] GC(39) Eden regions: 7->0(5)
[2026-03-27T03:19:19.222+0900][3.627s][info][gc,heap     ] GC(39) Survivor regions: 2->2(2)
[2026-03-27T03:19:19.222+0900][3.627s][info][gc,heap     ] GC(39) Old regions: 82->84
[2026-03-27T03:19:19.222+0900][3.627s][info][gc,heap     ] GC(39) Archive regions: 0->0
[2026-03-27T03:19:19.222+0900][3.627s][info][gc,heap     ] GC(39) Humongous regions: 2->0
[2026-03-27T03:19:19.222+0900][3.627s][info][gc,metaspace] GC(39) Metaspace: 283K(512K)->283K(512K) NonClass: 271K(384K)->271K(384K) Class: 12K(128K)->12K(128K)
[2026-03-27T03:19:19.222+0900][3.627s][info][gc          ] GC(39) Pause Young (Normal) (G1 Evacuation Pause) 368M->342M(428M) 2.801ms
[2026-03-27T03:19:19.222+0900][3.627s][info][gc,cpu      ] GC(39) User=0.02s Sys=0.00s Real=0.00s
[2026-03-27T03:19:19.328+0900][3.732s][info][gc,start    ] GC(40) Pause Young (Normal) (G1 Evacuation Pause)
[2026-03-27T03:19:19.328+0900][3.732s][info][gc,task     ] GC(40) Using 10 workers of 14 for evacuation
[2026-03-27T03:19:19.330+0900][3.735s][info][gc,phases   ] GC(40)   Pre Evacuate Collection Set: 0.3ms
[2026-03-27T03:19:19.330+0900][3.735s][info][gc,phases   ] GC(40)   Merge Heap Roots: 0.2ms
[2026-03-27T03:19:19.330+0900][3.735s][info][gc,phases   ] GC(40)   Evacuate Collection Set: 1.1ms
[2026-03-27T03:19:19.330+0900][3.735s][info][gc,phases   ] GC(40)   Post Evacuate Collection Set: 0.9ms
[2026-03-27T03:19:19.330+0900][3.735s][info][gc,phases   ] GC(40)   Other: 0.2ms
[2026-03-27T03:19:19.330+0900][3.735s][info][gc,heap     ] GC(40) Eden regions: 5->0(4)
[2026-03-27T03:19:19.330+0900][3.735s][info][gc,heap     ] GC(40) Survivor regions: 2->1(1)
[2026-03-27T03:19:19.330+0900][3.735s][info][gc,heap     ] GC(40) Old regions: 84->87
[2026-03-27T03:19:19.330+0900][3.735s][info][gc,heap     ] GC(40) Archive regions: 0->0
[2026-03-27T03:19:19.330+0900][3.735s][info][gc,heap     ] GC(40) Humongous regions: 3->0
[2026-03-27T03:19:19.330+0900][3.735s][info][gc,metaspace] GC(40) Metaspace: 283K(512K)->283K(512K) NonClass: 271K(384K)->271K(384K) Class: 12K(128K)->12K(128K)
[2026-03-27T03:19:19.330+0900][3.735s][info][gc          ] GC(40) Pause Young (Normal) (G1 Evacuation Pause) 373M->350M(428M) 2.959ms
[2026-03-27T03:19:19.330+0900][3.735s][info][gc,cpu      ] GC(40) User=0.03s Sys=0.02s Real=0.00s
[2026-03-27T03:19:19.332+0900][3.737s][info][gc,start    ] GC(41) Pause Young (Normal) (G1 Evacuation Pause)
[2026-03-27T03:19:19.332+0900][3.737s][info][gc,task     ] GC(41) Using 10 workers of 14 for evacuation
[2026-03-27T03:19:19.334+0900][3.739s][info][gc,phases   ] GC(41)   Pre Evacuate Collection Set: 0.3ms
[2026-03-27T03:19:19.334+0900][3.739s][info][gc,phases   ] GC(41)   Merge Heap Roots: 0.3ms
[2026-03-27T03:19:19.334+0900][3.739s][info][gc,phases   ] GC(41)   Evacuate Collection Set: 0.6ms
[2026-03-27T03:19:19.334+0900][3.739s][info][gc,phases   ] GC(41)   Post Evacuate Collection Set: 0.4ms
[2026-03-27T03:19:19.334+0900][3.739s][info][gc,phases   ] GC(41)   Other: 0.1ms
[2026-03-27T03:19:19.334+0900][3.739s][info][gc,heap     ] GC(41) Eden regions: 4->0(4)
[2026-03-27T03:19:19.334+0900][3.739s][info][gc,heap     ] GC(41) Survivor regions: 1->1(1)
[2026-03-27T03:19:19.334+0900][3.739s][info][gc,heap     ] GC(41) Old regions: 87->88
[2026-03-27T03:19:19.334+0900][3.739s][info][gc,heap     ] GC(41) Archive regions: 0->0
[2026-03-27T03:19:19.334+0900][3.739s][info][gc,heap     ] GC(41) Humongous regions: 1->0
[2026-03-27T03:19:19.334+0900][3.739s][info][gc,metaspace] GC(41) Metaspace: 283K(512K)->283K(512K) NonClass: 271K(384K)->271K(384K) Class: 12K(128K)->12K(128K)
[2026-03-27T03:19:19.334+0900][3.739s][info][gc          ] GC(41) Pause Young (Normal) (G1 Evacuation Pause) 369M->355M(428M) 1.785ms
[2026-03-27T03:19:19.334+0900][3.739s][info][gc,cpu      ] GC(41) User=0.00s Sys=0.00s Real=0.00s
[2026-03-27T03:19:19.336+0900][3.741s][info][gc,start    ] GC(42) Pause Young (Normal) (G1 Evacuation Pause)
[2026-03-27T03:19:19.336+0900][3.741s][info][gc,task     ] GC(42) Using 10 workers of 14 for evacuation
[2026-03-27T03:19:19.336+0900][3.741s][info][gc,phases   ] GC(42)   Pre Evacuate Collection Set: 0.2ms
[2026-03-27T03:19:19.336+0900][3.741s][info][gc,phases   ] GC(42)   Merge Heap Roots: 0.0ms
[2026-03-27T03:19:19.336+0900][3.742s][info][gc,phases   ] GC(42)   Evacuate Collection Set: 0.4ms
[2026-03-27T03:19:19.336+0900][3.742s][info][gc,phases   ] GC(42)   Post Evacuate Collection Set: 0.2ms
[2026-03-27T03:19:19.336+0900][3.742s][info][gc,phases   ] GC(42)   Other: 0.1ms
[2026-03-27T03:19:19.336+0900][3.742s][info][gc,heap     ] GC(42) Eden regions: 4->0(4)
[2026-03-27T03:19:19.336+0900][3.742s][info][gc,heap     ] GC(42) Survivor regions: 1->1(1)
[2026-03-27T03:19:19.337+0900][3.742s][info][gc,heap     ] GC(42) Old regions: 88->90
[2026-03-27T03:19:19.337+0900][3.742s][info][gc,heap     ] GC(42) Archive regions: 0->0
[2026-03-27T03:19:19.337+0900][3.742s][info][gc,heap     ] GC(42) Humongous regions: 2->0
[2026-03-27T03:19:19.337+0900][3.742s][info][gc,metaspace] GC(42) Metaspace: 283K(512K)->283K(512K) NonClass: 271K(384K)->271K(384K) Class: 12K(128K)->12K(128K)
[2026-03-27T03:19:19.337+0900][3.742s][info][gc          ] GC(42) Pause Young (Normal) (G1 Evacuation Pause) 378M->361M(428M) 1.038ms
[2026-03-27T03:19:19.337+0900][3.742s][info][gc,cpu      ] GC(42) User=0.00s Sys=0.00s Real=0.00s
[2026-03-27T03:19:19.452+0900][3.857s][info][gc,start    ] GC(43) Pause Young (Normal) (G1 Evacuation Pause)
[2026-03-27T03:19:19.452+0900][3.857s][info][gc,task     ] GC(43) Using 10 workers of 14 for evacuation
[2026-03-27T03:19:19.455+0900][3.861s][info][gc,phases   ] GC(43)   Pre Evacuate Collection Set: 0.3ms
[2026-03-27T03:19:19.455+0900][3.861s][info][gc,phases   ] GC(43)   Merge Heap Roots: 0.3ms
[2026-03-27T03:19:19.455+0900][3.861s][info][gc,phases   ] GC(43)   Evacuate Collection Set: 1.6ms
[2026-03-27T03:19:19.455+0900][3.861s][info][gc,phases   ] GC(43)   Post Evacuate Collection Set: 1.1ms
[2026-03-27T03:19:19.455+0900][3.861s][info][gc,phases   ] GC(43)   Other: 0.2ms
[2026-03-27T03:19:19.455+0900][3.861s][info][gc,heap     ] GC(43) Eden regions: 4->0(4)
[2026-03-27T03:19:19.455+0900][3.861s][info][gc,heap     ] GC(43) Survivor regions: 1->1(1)
[2026-03-27T03:19:19.455+0900][3.861s][info][gc,heap     ] GC(43) Old regions: 90->91
[2026-03-27T03:19:19.455+0900][3.861s][info][gc,heap     ] GC(43) Archive regions: 0->0
[2026-03-27T03:19:19.455+0900][3.861s][info][gc,heap     ] GC(43) Humongous regions: 2->0
[2026-03-27T03:19:19.455+0900][3.861s][info][gc,metaspace] GC(43) Metaspace: 283K(512K)->283K(512K) NonClass: 271K(384K)->271K(384K) Class: 12K(128K)->12K(128K)
[2026-03-27T03:19:19.455+0900][3.861s][info][gc          ] GC(43) Pause Young (Normal) (G1 Evacuation Pause) 384M->366M(428M) 3.762ms
[2026-03-27T03:19:19.455+0900][3.861s][info][gc,cpu      ] GC(43) User=0.03s Sys=0.02s Real=0.00s
[2026-03-27T03:19:19.458+0900][3.863s][info][gc,start    ] GC(44) Pause Young (Normal) (G1 Evacuation Pause)
[2026-03-27T03:19:19.458+0900][3.863s][info][gc,task     ] GC(44) Using 10 workers of 14 for evacuation
[2026-03-27T03:19:19.460+0900][3.865s][info][gc,phases   ] GC(44)   Pre Evacuate Collection Set: 0.2ms
[2026-03-27T03:19:19.460+0900][3.865s][info][gc,phases   ] GC(44)   Merge Heap Roots: 0.2ms
[2026-03-27T03:19:19.460+0900][3.865s][info][gc,phases   ] GC(44)   Evacuate Collection Set: 1.1ms
[2026-03-27T03:19:19.460+0900][3.865s][info][gc,phases   ] GC(44)   Post Evacuate Collection Set: 0.5ms
[2026-03-27T03:19:19.460+0900][3.865s][info][gc,phases   ] GC(44)   Other: 0.1ms
[2026-03-27T03:19:19.460+0900][3.865s][info][gc,heap     ] GC(44) Eden regions: 4->0(4)
[2026-03-27T03:19:19.460+0900][3.865s][info][gc,heap     ] GC(44) Survivor regions: 1->1(1)
[2026-03-27T03:19:19.460+0900][3.865s][info][gc,heap     ] GC(44) Old regions: 91->93
[2026-03-27T03:19:19.460+0900][3.865s][info][gc,heap     ] GC(44) Archive regions: 0->0
[2026-03-27T03:19:19.460+0900][3.865s][info][gc,heap     ] GC(44) Humongous regions: 1->0
[2026-03-27T03:19:19.460+0900][3.865s][info][gc,metaspace] GC(44) Metaspace: 283K(512K)->283K(512K) NonClass: 271K(384K)->271K(384K) Class: 12K(128K)->12K(128K)
[2026-03-27T03:19:19.460+0900][3.865s][info][gc          ] GC(44) Pause Young (Normal) (G1 Evacuation Pause) 385M->373M(428M) 2.338ms
[2026-03-27T03:19:19.460+0900][3.865s][info][gc,cpu      ] GC(44) User=0.00s Sys=0.00s Real=0.00s
[2026-03-27T03:19:19.574+0900][3.979s][info][gc,start    ] GC(45) Pause Young (Concurrent Start) (G1 Humongous Allocation)
[2026-03-27T03:19:19.574+0900][3.980s][info][gc,task     ] GC(45) Using 10 workers of 14 for evacuation
[2026-03-27T03:19:19.578+0900][3.983s][info][gc,phases   ] GC(45)   Pre Evacuate Collection Set: 0.2ms
[2026-03-27T03:19:19.578+0900][3.983s][info][gc,phases   ] GC(45)   Merge Heap Roots: 0.2ms
[2026-03-27T03:19:19.578+0900][3.983s][info][gc,phases   ] GC(45)   Evacuate Collection Set: 1.5ms
[2026-03-27T03:19:19.578+0900][3.983s][info][gc,phases   ] GC(45)   Post Evacuate Collection Set: 1.1ms
[2026-03-27T03:19:19.578+0900][3.983s][info][gc,phases   ] GC(45)   Other: 0.2ms
[2026-03-27T03:19:19.578+0900][3.983s][info][gc,heap     ] GC(45) Eden regions: 3->0(5)
[2026-03-27T03:19:19.578+0900][3.983s][info][gc,heap     ] GC(45) Survivor regions: 1->1(1)
[2026-03-27T03:19:19.578+0900][3.983s][info][gc,heap     ] GC(45) Old regions: 93->94
[2026-03-27T03:19:19.578+0900][3.983s][info][gc,heap     ] GC(45) Archive regions: 0->0
[2026-03-27T03:19:19.578+0900][3.983s][info][gc,heap     ] GC(45) Humongous regions: 1->0
[2026-03-27T03:19:19.578+0900][3.983s][info][gc,metaspace] GC(45) Metaspace: 283K(512K)->283K(512K) NonClass: 271K(384K)->271K(384K) Class: 12K(128K)->12K(128K)
[2026-03-27T03:19:19.578+0900][3.983s][info][gc          ] GC(45) Pause Young (Concurrent Start) (G1 Humongous Allocation) 387M->376M(464M) 3.529ms
[2026-03-27T03:19:19.578+0900][3.983s][info][gc,cpu      ] GC(45) User=0.00s Sys=0.00s Real=0.00s
[2026-03-27T03:19:19.578+0900][3.983s][info][gc          ] GC(46) Concurrent Undo Cycle
[2026-03-27T03:19:19.579+0900][3.983s][info][gc,marking  ] GC(46) Concurrent Cleanup for Next Mark
[2026-03-27T03:19:19.580+0900][3.985s][info][gc,marking  ] GC(46) Concurrent Cleanup for Next Mark 1.357ms
[2026-03-27T03:19:19.580+0900][3.985s][info][gc          ] GC(46) Concurrent Undo Cycle 1.457ms
[2026-03-27T03:19:19.586+0900][3.991s][info][gc,start    ] GC(47) Pause Young (Normal) (G1 Evacuation Pause)
[2026-03-27T03:19:19.586+0900][3.991s][info][gc,task     ] GC(47) Using 11 workers of 14 for evacuation
[2026-03-27T03:19:19.589+0900][3.993s][info][gc,phases   ] GC(47)   Pre Evacuate Collection Set: 0.1ms
[2026-03-27T03:19:19.589+0900][3.993s][info][gc,phases   ] GC(47)   Merge Heap Roots: 0.3ms
[2026-03-27T03:19:19.589+0900][3.993s][info][gc,phases   ] GC(47)   Evacuate Collection Set: 1.2ms
[2026-03-27T03:19:19.589+0900][3.993s][info][gc,phases   ] GC(47)   Post Evacuate Collection Set: 0.8ms
[2026-03-27T03:19:19.589+0900][3.993s][info][gc,phases   ] GC(47)   Other: 0.3ms
[2026-03-27T03:19:19.589+0900][3.993s][info][gc,heap     ] GC(47) Eden regions: 5->0(4)
[2026-03-27T03:19:19.589+0900][3.993s][info][gc,heap     ] GC(47) Survivor regions: 1->1(1)
[2026-03-27T03:19:19.589+0900][3.993s][info][gc,heap     ] GC(47) Old regions: 94->95
[2026-03-27T03:19:19.589+0900][3.993s][info][gc,heap     ] GC(47) Archive regions: 0->0
[2026-03-27T03:19:19.589+0900][3.993s][info][gc,heap     ] GC(47) Humongous regions: 3->0
[2026-03-27T03:19:19.589+0900][3.993s][info][gc,metaspace] GC(47) Metaspace: 283K(512K)->283K(512K) NonClass: 271K(384K)->271K(384K) Class: 12K(128K)->12K(128K)
[2026-03-27T03:19:19.589+0900][3.993s][info][gc          ] GC(47) Pause Young (Normal) (G1 Evacuation Pause) 408M->383M(464M) 2.948ms
[2026-03-27T03:19:19.589+0900][3.993s][info][gc,cpu      ] GC(47) User=0.00s Sys=0.00s Real=0.00s
[2026-03-27T03:19:19.697+0900][4.102s][info][gc,start    ] GC(48) Pause Young (Normal) (G1 Evacuation Pause)
[2026-03-27T03:19:19.697+0900][4.103s][info][gc,task     ] GC(48) Using 11 workers of 14 for evacuation
[2026-03-27T03:19:19.700+0900][4.105s][info][gc,phases   ] GC(48)   Pre Evacuate Collection Set: 0.4ms
[2026-03-27T03:19:19.700+0900][4.105s][info][gc,phases   ] GC(48)   Merge Heap Roots: 0.3ms
[2026-03-27T03:19:19.700+0900][4.105s][info][gc,phases   ] GC(48)   Evacuate Collection Set: 1.2ms
[2026-03-27T03:19:19.700+0900][4.105s][info][gc,phases   ] GC(48)   Post Evacuate Collection Set: 0.6ms
[2026-03-27T03:19:19.700+0900][4.105s][info][gc,phases   ] GC(48)   Other: 0.2ms
[2026-03-27T03:19:19.700+0900][4.105s][info][gc,heap     ] GC(48) Eden regions: 4->0(4)
[2026-03-27T03:19:19.700+0900][4.105s][info][gc,heap     ] GC(48) Survivor regions: 1->1(1)
[2026-03-27T03:19:19.700+0900][4.105s][info][gc,heap     ] GC(48) Old regions: 95->97
[2026-03-27T03:19:19.700+0900][4.105s][info][gc,heap     ] GC(48) Archive regions: 0->0
[2026-03-27T03:19:19.700+0900][4.105s][info][gc,heap     ] GC(48) Humongous regions: 1->0
[2026-03-27T03:19:19.700+0900][4.105s][info][gc,metaspace] GC(48) Metaspace: 283K(512K)->283K(512K) NonClass: 271K(384K)->271K(384K) Class: 12K(128K)->12K(128K)
[2026-03-27T03:19:19.701+0900][4.105s][info][gc          ] GC(48) Pause Young (Normal) (G1 Evacuation Pause) 402M->389M(464M) 2.792ms
[2026-03-27T03:19:19.701+0900][4.105s][info][gc,cpu      ] GC(48) User=0.00s Sys=0.00s Real=0.00s
[2026-03-27T03:19:19.702+0900][4.107s][info][gc,start    ] GC(49) Pause Young (Normal) (G1 Evacuation Pause)
[2026-03-27T03:19:19.702+0900][4.107s][info][gc,task     ] GC(49) Using 11 workers of 14 for evacuation
[2026-03-27T03:19:19.705+0900][4.109s][info][gc,phases   ] GC(49)   Pre Evacuate Collection Set: 0.2ms
[2026-03-27T03:19:19.705+0900][4.110s][info][gc,phases   ] GC(49)   Merge Heap Roots: 0.2ms
[2026-03-27T03:19:19.705+0900][4.110s][info][gc,phases   ] GC(49)   Evacuate Collection Set: 1.1ms
[2026-03-27T03:19:19.705+0900][4.110s][info][gc,phases   ] GC(49)   Post Evacuate Collection Set: 0.8ms
[2026-03-27T03:19:19.705+0900][4.110s][info][gc,phases   ] GC(49)   Other: 0.1ms
[2026-03-27T03:19:19.705+0900][4.110s][info][gc,heap     ] GC(49) Eden regions: 4->0(4)
[2026-03-27T03:19:19.705+0900][4.110s][info][gc,heap     ] GC(49) Survivor regions: 1->1(1)
[2026-03-27T03:19:19.705+0900][4.110s][info][gc,heap     ] GC(49) Old regions: 97->98
[2026-03-27T03:19:19.705+0900][4.110s][info][gc,heap     ] GC(49) Archive regions: 0->0
[2026-03-27T03:19:19.705+0900][4.110s][info][gc,heap     ] GC(49) Humongous regions: 2->0
[2026-03-27T03:19:19.705+0900][4.110s][info][gc,metaspace] GC(49) Metaspace: 283K(512K)->283K(512K) NonClass: 271K(384K)->271K(384K) Class: 12K(128K)->12K(128K)
[2026-03-27T03:19:19.705+0900][4.110s][info][gc          ] GC(49) Pause Young (Normal) (G1 Evacuation Pause) 412M->394M(464M) 2.462ms
[2026-03-27T03:19:19.705+0900][4.110s][info][gc,cpu      ] GC(49) User=0.00s Sys=0.00s Real=0.00s
[2026-03-27T03:19:19.707+0900][4.111s][info][gc,start    ] GC(50) Pause Young (Normal) (G1 Evacuation Pause)
[2026-03-27T03:19:19.707+0900][4.111s][info][gc,task     ] GC(50) Using 11 workers of 14 for evacuation
[2026-03-27T03:19:19.708+0900][4.112s][info][gc,phases   ] GC(50)   Pre Evacuate Collection Set: 0.2ms
[2026-03-27T03:19:19.708+0900][4.113s][info][gc,phases   ] GC(50)   Merge Heap Roots: 0.1ms
[2026-03-27T03:19:19.708+0900][4.113s][info][gc,phases   ] GC(50)   Evacuate Collection Set: 0.6ms
[2026-03-27T03:19:19.708+0900][4.113s][info][gc,phases   ] GC(50)   Post Evacuate Collection Set: 0.3ms
[2026-03-27T03:19:19.708+0900][4.113s][info][gc,phases   ] GC(50)   Other: 0.1ms
[2026-03-27T03:19:19.708+0900][4.113s][info][gc,heap     ] GC(50) Eden regions: 4->0(4)
[2026-03-27T03:19:19.708+0900][4.113s][info][gc,heap     ] GC(50) Survivor regions: 1->1(1)
[2026-03-27T03:19:19.708+0900][4.113s][info][gc,heap     ] GC(50) Old regions: 98->100
[2026-03-27T03:19:19.708+0900][4.113s][info][gc,heap     ] GC(50) Archive regions: 0->0
[2026-03-27T03:19:19.708+0900][4.113s][info][gc,heap     ] GC(50) Humongous regions: 2->0
[2026-03-27T03:19:19.708+0900][4.113s][info][gc,metaspace] GC(50) Metaspace: 283K(512K)->283K(512K) NonClass: 271K(384K)->271K(384K) Class: 12K(128K)->12K(128K)
[2026-03-27T03:19:19.708+0900][4.113s][info][gc          ] GC(50) Pause Young (Normal) (G1 Evacuation Pause) 417M->401M(464M) 1.300ms
[2026-03-27T03:19:19.708+0900][4.113s][info][gc,cpu      ] GC(50) User=0.00s Sys=0.00s Real=0.00s
[2026-03-27T03:19:19.823+0900][4.228s][info][gc,start    ] GC(51) Pause Young (Normal) (G1 Evacuation Pause)
[2026-03-27T03:19:19.823+0900][4.228s][info][gc,task     ] GC(51) Using 11 workers of 14 for evacuation
[2026-03-27T03:19:19.825+0900][4.230s][info][gc,phases   ] GC(51)   Pre Evacuate Collection Set: 0.2ms
[2026-03-27T03:19:19.825+0900][4.230s][info][gc,phases   ] GC(51)   Merge Heap Roots: 0.2ms
[2026-03-27T03:19:19.825+0900][4.230s][info][gc,phases   ] GC(51)   Evacuate Collection Set: 0.9ms
[2026-03-27T03:19:19.825+0900][4.230s][info][gc,phases   ] GC(51)   Post Evacuate Collection Set: 0.7ms
[2026-03-27T03:19:19.825+0900][4.230s][info][gc,phases   ] GC(51)   Other: 0.2ms
[2026-03-27T03:19:19.825+0900][4.230s][info][gc,heap     ] GC(51) Eden regions: 4->0(4)
[2026-03-27T03:19:19.825+0900][4.230s][info][gc,heap     ] GC(51) Survivor regions: 1->1(1)
[2026-03-27T03:19:19.825+0900][4.230s][info][gc,heap     ] GC(51) Old regions: 100->101
[2026-03-27T03:19:19.825+0900][4.230s][info][gc,heap     ] GC(51) Archive regions: 0->0
[2026-03-27T03:19:19.825+0900][4.230s][info][gc,heap     ] GC(51) Humongous regions: 1->0
[2026-03-27T03:19:19.825+0900][4.230s][info][gc,metaspace] GC(51) Metaspace: 283K(512K)->283K(512K) NonClass: 271K(384K)->271K(384K) Class: 12K(128K)->12K(128K)
[2026-03-27T03:19:19.825+0900][4.230s][info][gc          ] GC(51) Pause Young (Normal) (G1 Evacuation Pause) 420M->406M(464M) 2.374ms
[2026-03-27T03:19:19.826+0900][4.230s][info][gc,cpu      ] GC(51) User=0.00s Sys=0.00s Real=0.00s
[2026-03-27T03:19:19.827+0900][4.232s][info][gc,start    ] GC(52) Pause Young (Concurrent Start) (G1 Humongous Allocation)
[2026-03-27T03:19:19.827+0900][4.232s][info][gc,task     ] GC(52) Using 11 workers of 14 for evacuation
[2026-03-27T03:19:19.829+0900][4.233s][info][gc,phases   ] GC(52)   Pre Evacuate Collection Set: 0.2ms
[2026-03-27T03:19:19.829+0900][4.233s][info][gc,phases   ] GC(52)   Merge Heap Roots: 0.2ms
[2026-03-27T03:19:19.829+0900][4.233s][info][gc,phases   ] GC(52)   Evacuate Collection Set: 0.6ms
[2026-03-27T03:19:19.829+0900][4.233s][info][gc,phases   ] GC(52)   Post Evacuate Collection Set: 0.5ms
[2026-03-27T03:19:19.829+0900][4.233s][info][gc,phases   ] GC(52)   Other: 0.1ms
[2026-03-27T03:19:19.829+0900][4.233s][info][gc,heap     ] GC(52) Eden regions: 3->0(4)
[2026-03-27T03:19:19.829+0900][4.233s][info][gc,heap     ] GC(52) Survivor regions: 1->1(1)
[2026-03-27T03:19:19.829+0900][4.233s][info][gc,heap     ] GC(52) Old regions: 101->102
[2026-03-27T03:19:19.829+0900][4.233s][info][gc,heap     ] GC(52) Archive regions: 0->0
[2026-03-27T03:19:19.829+0900][4.233s][info][gc,heap     ] GC(52) Humongous regions: 1->0
[2026-03-27T03:19:19.829+0900][4.233s][info][gc,metaspace] GC(52) Metaspace: 283K(512K)->283K(512K) NonClass: 271K(384K)->271K(384K) Class: 12K(128K)->12K(128K)
[2026-03-27T03:19:19.829+0900][4.233s][info][gc          ] GC(52) Pause Young (Concurrent Start) (G1 Humongous Allocation) 419M->409M(464M) 1.745ms
[2026-03-27T03:19:19.829+0900][4.233s][info][gc,cpu      ] GC(52) User=0.00s Sys=0.00s Real=0.00s
[2026-03-27T03:19:19.829+0900][4.234s][info][gc          ] GC(53) Concurrent Mark Cycle
[2026-03-27T03:19:19.829+0900][4.234s][info][gc,marking  ] GC(53) Concurrent Clear Claimed Marks
[2026-03-27T03:19:19.829+0900][4.234s][info][gc,marking  ] GC(53) Concurrent Clear Claimed Marks 0.018ms
[2026-03-27T03:19:19.829+0900][4.234s][info][gc,marking  ] GC(53) Concurrent Scan Root Regions
[2026-03-27T03:19:19.829+0900][4.234s][info][gc,marking  ] GC(53) Concurrent Scan Root Regions 0.055ms
[2026-03-27T03:19:19.829+0900][4.234s][info][gc,marking  ] GC(53) Concurrent Mark
[2026-03-27T03:19:19.829+0900][4.234s][info][gc,marking  ] GC(53) Concurrent Mark From Roots
[2026-03-27T03:19:19.829+0900][4.234s][info][gc,task     ] GC(53) Using 4 workers of 4 for marking
[2026-03-27T03:19:19.829+0900][4.234s][info][gc,marking  ] GC(53) Concurrent Mark From Roots 0.593ms
[2026-03-27T03:19:19.829+0900][4.234s][info][gc,marking  ] GC(53) Concurrent Preclean
[2026-03-27T03:19:19.830+0900][4.234s][info][gc,marking  ] GC(53) Concurrent Preclean 0.040ms
[2026-03-27T03:19:19.830+0900][4.235s][info][gc,start    ] GC(53) Pause Remark
[2026-03-27T03:19:19.831+0900][4.235s][info][gc          ] GC(53) Pause Remark 416M->128M(440M) 0.825ms
[2026-03-27T03:19:19.831+0900][4.235s][info][gc,cpu      ] GC(53) User=0.00s Sys=0.00s Real=0.00s
[2026-03-27T03:19:19.831+0900][4.235s][info][gc,marking  ] GC(53) Concurrent Mark 1.735ms
[2026-03-27T03:19:19.831+0900][4.235s][info][gc,marking  ] GC(53) Concurrent Rebuild Remembered Sets
[2026-03-27T03:19:19.831+0900][4.236s][info][gc,marking  ] GC(53) Concurrent Rebuild Remembered Sets 0.534ms
[2026-03-27T03:19:19.832+0900][4.237s][info][gc,start    ] GC(53) Pause Cleanup
[2026-03-27T03:19:19.832+0900][4.237s][info][gc          ] GC(53) Pause Cleanup 131M->131M(440M) 0.183ms
[2026-03-27T03:19:19.832+0900][4.237s][info][gc,cpu      ] GC(53) User=0.00s Sys=0.00s Real=0.00s
[2026-03-27T03:19:19.832+0900][4.237s][info][gc,marking  ] GC(53) Concurrent Cleanup for Next Mark
[2026-03-27T03:19:19.833+0900][4.238s][info][gc,marking  ] GC(53) Concurrent Cleanup for Next Mark 0.712ms
[2026-03-27T03:19:19.833+0900][4.238s][info][gc          ] GC(53) Concurrent Mark Cycle 4.051ms
[2026-03-27T03:19:19.834+0900][4.239s][info][gc,start    ] GC(54) Pause Young (Prepare Mixed) (G1 Evacuation Pause)
[2026-03-27T03:19:19.834+0900][4.239s][info][gc,task     ] GC(54) Using 10 workers of 14 for evacuation
[2026-03-27T03:19:19.835+0900][4.240s][info][gc,phases   ] GC(54)   Pre Evacuate Collection Set: 0.1ms
[2026-03-27T03:19:19.835+0900][4.240s][info][gc,phases   ] GC(54)   Merge Heap Roots: 0.0ms
[2026-03-27T03:19:19.835+0900][4.240s][info][gc,phases   ] GC(54)   Evacuate Collection Set: 0.5ms
[2026-03-27T03:19:19.835+0900][4.240s][info][gc,phases   ] GC(54)   Post Evacuate Collection Set: 0.3ms
[2026-03-27T03:19:19.835+0900][4.240s][info][gc,phases   ] GC(54)   Other: 0.0ms
[2026-03-27T03:19:19.835+0900][4.240s][info][gc,heap     ] GC(54) Eden regions: 4->0(4)
[2026-03-27T03:19:19.835+0900][4.240s][info][gc,heap     ] GC(54) Survivor regions: 1->1(1)
[2026-03-27T03:19:19.835+0900][4.240s][info][gc,heap     ] GC(54) Old regions: 30->32
[2026-03-27T03:19:19.835+0900][4.240s][info][gc,heap     ] GC(54) Archive regions: 0->0
[2026-03-27T03:19:19.835+0900][4.240s][info][gc,heap     ] GC(54) Humongous regions: 2->0
[2026-03-27T03:19:19.835+0900][4.240s][info][gc,metaspace] GC(54) Metaspace: 283K(512K)->283K(512K) NonClass: 271K(384K)->271K(384K) Class: 12K(128K)->12K(128K)
[2026-03-27T03:19:19.835+0900][4.240s][info][gc          ] GC(54) Pause Young (Prepare Mixed) (G1 Evacuation Pause) 145M->127M(468M) 1.158ms
[2026-03-27T03:19:19.835+0900][4.240s][info][gc,cpu      ] GC(54) User=0.00s Sys=0.00s Real=0.00s
[2026-03-27T03:19:19.950+0900][4.355s][info][gc,start    ] GC(55) Pause Young (Mixed) (G1 Evacuation Pause)
[2026-03-27T03:19:19.960+0900][4.366s][info][gc,task     ] GC(55) Using 11 workers of 14 for evacuation
[2026-03-27T03:19:19.963+0900][4.368s][info][gc,phases   ] GC(55)   Pre Evacuate Collection Set: 0.2ms
[2026-03-27T03:19:19.963+0900][4.368s][info][gc,phases   ] GC(55)   Merge Heap Roots: 0.2ms
[2026-03-27T03:19:19.963+0900][4.368s][info][gc,phases   ] GC(55)   Evacuate Collection Set: 1.2ms
[2026-03-27T03:19:19.963+0900][4.368s][info][gc,phases   ] GC(55)   Post Evacuate Collection Set: 0.7ms
[2026-03-27T03:19:19.963+0900][4.368s][info][gc,phases   ] GC(55)   Other: 10.5ms
[2026-03-27T03:19:19.963+0900][4.368s][info][gc,heap     ] GC(55) Eden regions: 4->0(51)
[2026-03-27T03:19:19.963+0900][4.368s][info][gc,heap     ] GC(55) Survivor regions: 1->1(1)
[2026-03-27T03:19:19.963+0900][4.368s][info][gc,heap     ] GC(55) Old regions: 32->24
[2026-03-27T03:19:19.963+0900][4.368s][info][gc,heap     ] GC(55) Archive regions: 0->0
[2026-03-27T03:19:19.963+0900][4.368s][info][gc,heap     ] GC(55) Humongous regions: 2->0
[2026-03-27T03:19:19.963+0900][4.368s][info][gc,metaspace] GC(55) Metaspace: 283K(512K)->283K(512K) NonClass: 271K(384K)->271K(384K) Class: 12K(128K)->12K(128K)
[2026-03-27T03:19:19.963+0900][4.368s][info][gc          ] GC(55) Pause Young (Mixed) (G1 Evacuation Pause) 150M->98M(468M) 13.019ms
[2026-03-27T03:19:19.964+0900][4.368s][info][gc,cpu      ] GC(55) User=0.00s Sys=0.00s Real=0.01s
[2026-03-27T03:19:20.509+0900][4.914s][info][gc,start    ] GC(56) Pause Young (Normal) (G1 Evacuation Pause)
[2026-03-27T03:19:20.509+0900][4.914s][info][gc,task     ] GC(56) Using 11 workers of 14 for evacuation
[2026-03-27T03:19:20.514+0900][4.919s][info][gc,phases   ] GC(56)   Pre Evacuate Collection Set: 0.4ms
[2026-03-27T03:19:20.514+0900][4.919s][info][gc,phases   ] GC(56)   Merge Heap Roots: 0.3ms
[2026-03-27T03:19:20.514+0900][4.919s][info][gc,phases   ] GC(56)   Evacuate Collection Set: 3.2ms
[2026-03-27T03:19:20.514+0900][4.919s][info][gc,phases   ] GC(56)   Post Evacuate Collection Set: 1.0ms
[2026-03-27T03:19:20.515+0900][4.919s][info][gc,phases   ] GC(56)   Other: 0.2ms
[2026-03-27T03:19:20.515+0900][4.919s][info][gc,heap     ] GC(56) Eden regions: 51->0(35)
[2026-03-27T03:19:20.515+0900][4.919s][info][gc,heap     ] GC(56) Survivor regions: 1->7(7)
[2026-03-27T03:19:20.515+0900][4.919s][info][gc,heap     ] GC(56) Old regions: 24->36
[2026-03-27T03:19:20.515+0900][4.919s][info][gc,heap     ] GC(56) Archive regions: 0->0
[2026-03-27T03:19:20.515+0900][4.919s][info][gc,heap     ] GC(56) Humongous regions: 22->0
[2026-03-27T03:19:20.515+0900][4.919s][info][gc,metaspace] GC(56) Metaspace: 283K(512K)->283K(512K) NonClass: 271K(384K)->271K(384K) Class: 12K(128K)->12K(128K)
[2026-03-27T03:19:20.515+0900][4.919s][info][gc          ] GC(56) Pause Young (Normal) (G1 Evacuation Pause) 389M->171M(468M) 5.501ms
[2026-03-27T03:19:20.515+0900][4.920s][info][gc,cpu      ] GC(56) User=0.00s Sys=0.00s Real=0.01s
[2026-03-27T03:19:20.957+0900][5.361s][info][gc,start    ] GC(57) Pause Young (Normal) (G1 Evacuation Pause)
[2026-03-27T03:19:20.957+0900][5.361s][info][gc,task     ] GC(57) Using 11 workers of 14 for evacuation
[2026-03-27T03:19:20.959+0900][5.365s][info][gc,phases   ] GC(57)   Pre Evacuate Collection Set: 0.2ms
[2026-03-27T03:19:20.959+0900][5.365s][info][gc,phases   ] GC(57)   Merge Heap Roots: 0.3ms
[2026-03-27T03:19:20.959+0900][5.365s][info][gc,phases   ] GC(57)   Evacuate Collection Set: 2.2ms
[2026-03-27T03:19:20.959+0900][5.365s][info][gc,phases   ] GC(57)   Post Evacuate Collection Set: 1.0ms
[2026-03-27T03:19:20.959+0900][5.365s][info][gc,phases   ] GC(57)   Other: 0.2ms
[2026-03-27T03:19:20.959+0900][5.365s][info][gc,heap     ] GC(57) Eden regions: 35->0(33)
[2026-03-27T03:19:20.959+0900][5.365s][info][gc,heap     ] GC(57) Survivor regions: 7->6(6)
[2026-03-27T03:19:20.959+0900][5.365s][info][gc,heap     ] GC(57) Old regions: 36->43
[2026-03-27T03:19:20.959+0900][5.365s][info][gc,heap     ] GC(57) Archive regions: 0->0
[2026-03-27T03:19:20.959+0900][5.365s][info][gc,heap     ] GC(57) Humongous regions: 15->0
[2026-03-27T03:19:20.959+0900][5.365s][info][gc,metaspace] GC(57) Metaspace: 283K(512K)->283K(512K) NonClass: 271K(384K)->271K(384K) Class: 12K(128K)->12K(128K)
[2026-03-27T03:19:20.959+0900][5.365s][info][gc          ] GC(57) Pause Young (Normal) (G1 Evacuation Pause) 370M->195M(468M) 4.062ms
[2026-03-27T03:19:20.959+0900][5.365s][info][gc,cpu      ] GC(57) User=0.00s Sys=0.00s Real=0.00s
[2026-03-27T03:19:21.405+0900][5.810s][info][gc,start    ] GC(58) Pause Young (Normal) (G1 Evacuation Pause)
[2026-03-27T03:19:21.405+0900][5.810s][info][gc,task     ] GC(58) Using 11 workers of 14 for evacuation
[2026-03-27T03:19:21.408+0900][5.813s][info][gc,phases   ] GC(58)   Pre Evacuate Collection Set: 0.2ms
[2026-03-27T03:19:21.408+0900][5.813s][info][gc,phases   ] GC(58)   Merge Heap Roots: 0.2ms
[2026-03-27T03:19:21.408+0900][5.813s][info][gc,phases   ] GC(58)   Evacuate Collection Set: 1.8ms
[2026-03-27T03:19:21.408+0900][5.813s][info][gc,phases   ] GC(58)   Post Evacuate Collection Set: 0.3ms
[2026-03-27T03:19:21.408+0900][5.813s][info][gc,phases   ] GC(58)   Other: 0.1ms
[2026-03-27T03:19:21.408+0900][5.813s][info][gc,heap     ] GC(58) Eden regions: 33->0(29)
[2026-03-27T03:19:21.408+0900][5.813s][info][gc,heap     ] GC(58) Survivor regions: 6->5(5)
[2026-03-27T03:19:21.408+0900][5.813s][info][gc,heap     ] GC(58) Old regions: 43->52
[2026-03-27T03:19:21.408+0900][5.813s][info][gc,heap     ] GC(58) Archive regions: 0->0
[2026-03-27T03:19:21.408+0900][5.813s][info][gc,heap     ] GC(58) Humongous regions: 14->0
[2026-03-27T03:19:21.408+0900][5.813s][info][gc,metaspace] GC(58) Metaspace: 283K(512K)->283K(512K) NonClass: 271K(384K)->271K(384K) Class: 12K(128K)->12K(128K)
[2026-03-27T03:19:21.408+0900][5.813s][info][gc          ] GC(58) Pause Young (Normal) (G1 Evacuation Pause) 382M->227M(468M) 2.718ms
[2026-03-27T03:19:21.408+0900][5.813s][info][gc,cpu      ] GC(58) User=0.11s Sys=0.05s Real=0.00s
[2026-03-27T03:19:21.731+0900][6.136s][info][gc,start    ] GC(59) Pause Young (Normal) (G1 Evacuation Pause)
[2026-03-27T03:19:21.731+0900][6.136s][info][gc,task     ] GC(59) Using 11 workers of 14 for evacuation
[2026-03-27T03:19:21.734+0900][6.139s][info][gc,phases   ] GC(59)   Pre Evacuate Collection Set: 0.3ms
[2026-03-27T03:19:21.734+0900][6.139s][info][gc,phases   ] GC(59)   Merge Heap Roots: 0.2ms
[2026-03-27T03:19:21.734+0900][6.139s][info][gc,phases   ] GC(59)   Evacuate Collection Set: 2.1ms
[2026-03-27T03:19:21.734+0900][6.139s][info][gc,phases   ] GC(59)   Post Evacuate Collection Set: 0.9ms
[2026-03-27T03:19:21.734+0900][6.139s][info][gc,phases   ] GC(59)   Other: 0.2ms
[2026-03-27T03:19:21.734+0900][6.139s][info][gc,heap     ] GC(59) Eden regions: 29->0(23)
[2026-03-27T03:19:21.734+0900][6.140s][info][gc,heap     ] GC(59) Survivor regions: 5->5(5)
[2026-03-27T03:19:21.734+0900][6.140s][info][gc,heap     ] GC(59) Old regions: 52->61
[2026-03-27T03:19:21.734+0900][6.140s][info][gc,heap     ] GC(59) Archive regions: 0->0
[2026-03-27T03:19:21.734+0900][6.140s][info][gc,heap     ] GC(59) Humongous regions: 12->0
[2026-03-27T03:19:21.734+0900][6.140s][info][gc,metaspace] GC(59) Metaspace: 283K(512K)->283K(512K) NonClass: 271K(384K)->271K(384K) Class: 12K(128K)->12K(128K)
[2026-03-27T03:19:21.734+0900][6.140s][info][gc          ] GC(59) Pause Young (Normal) (G1 Evacuation Pause) 390M->263M(468M) 3.894ms
[2026-03-27T03:19:21.734+0900][6.140s][info][gc,cpu      ] GC(59) User=0.00s Sys=0.00s Real=0.00s
[2026-03-27T03:19:21.950+0900][6.355s][info][gc,start    ] GC(60) Pause Young (Normal) (G1 Evacuation Pause)
[2026-03-27T03:19:21.950+0900][6.355s][info][gc,task     ] GC(60) Using 11 workers of 14 for evacuation
[2026-03-27T03:19:21.953+0900][6.358s][info][gc,phases   ] GC(60)   Pre Evacuate Collection Set: 0.2ms
[2026-03-27T03:19:21.953+0900][6.358s][info][gc,phases   ] GC(60)   Merge Heap Roots: 0.3ms
[2026-03-27T03:19:21.953+0900][6.358s][info][gc,phases   ] GC(60)   Evacuate Collection Set: 1.9ms
[2026-03-27T03:19:21.953+0900][6.358s][info][gc,phases   ] GC(60)   Post Evacuate Collection Set: 0.6ms
[2026-03-27T03:19:21.953+0900][6.358s][info][gc,phases   ] GC(60)   Other: 0.2ms
[2026-03-27T03:19:21.953+0900][6.359s][info][gc,heap     ] GC(60) Eden regions: 23->0(18)
[2026-03-27T03:19:21.953+0900][6.359s][info][gc,heap     ] GC(60) Survivor regions: 5->4(4)
[2026-03-27T03:19:21.953+0900][6.359s][info][gc,heap     ] GC(60) Old regions: 61->71
[2026-03-27T03:19:21.953+0900][6.359s][info][gc,heap     ] GC(60) Archive regions: 0->0
[2026-03-27T03:19:21.953+0900][6.359s][info][gc,heap     ] GC(60) Humongous regions: 10->0
[2026-03-27T03:19:21.953+0900][6.359s][info][gc,metaspace] GC(60) Metaspace: 283K(512K)->283K(512K) NonClass: 271K(384K)->271K(384K) Class: 12K(128K)->12K(128K)
[2026-03-27T03:19:21.953+0900][6.359s][info][gc          ] GC(60) Pause Young (Normal) (G1 Evacuation Pause) 394M->297M(468M) 3.604ms
[2026-03-27T03:19:21.954+0900][6.359s][info][gc,cpu      ] GC(60) User=0.00s Sys=0.00s Real=0.00s
[2026-03-27T03:19:22.166+0900][6.572s][info][gc,start    ] GC(61) Pause Young (Normal) (G1 Evacuation Pause)
[2026-03-27T03:19:22.166+0900][6.572s][info][gc,task     ] GC(61) Using 11 workers of 14 for evacuation
[2026-03-27T03:19:22.169+0900][6.574s][info][gc,phases   ] GC(61)   Pre Evacuate Collection Set: 0.2ms
[2026-03-27T03:19:22.169+0900][6.574s][info][gc,phases   ] GC(61)   Merge Heap Roots: 0.2ms
[2026-03-27T03:19:22.169+0900][6.574s][info][gc,phases   ] GC(61)   Evacuate Collection Set: 1.5ms
[2026-03-27T03:19:22.169+0900][6.574s][info][gc,phases   ] GC(61)   Post Evacuate Collection Set: 0.3ms
[2026-03-27T03:19:22.169+0900][6.574s][info][gc,phases   ] GC(61)   Other: 0.1ms
[2026-03-27T03:19:22.169+0900][6.574s][info][gc,heap     ] GC(61) Eden regions: 18->0(14)
[2026-03-27T03:19:22.169+0900][6.574s][info][gc,heap     ] GC(61) Survivor regions: 4->3(3)
[2026-03-27T03:19:22.169+0900][6.574s][info][gc,heap     ] GC(61) Old regions: 71->78
[2026-03-27T03:19:22.169+0900][6.574s][info][gc,heap     ] GC(61) Archive regions: 0->0
[2026-03-27T03:19:22.169+0900][6.574s][info][gc,heap     ] GC(61) Humongous regions: 8->0
[2026-03-27T03:19:22.169+0900][6.574s][info][gc,metaspace] GC(61) Metaspace: 283K(512K)->283K(512K) NonClass: 271K(384K)->271K(384K) Class: 12K(128K)->12K(128K)
[2026-03-27T03:19:22.169+0900][6.574s][info][gc          ] GC(61) Pause Young (Normal) (G1 Evacuation Pause) 400M->322M(468M) 2.502ms
[2026-03-27T03:19:22.169+0900][6.574s][info][gc,cpu      ] GC(61) User=0.00s Sys=0.00s Real=0.00s
[2026-03-27T03:19:22.384+0900][6.789s][info][gc,start    ] GC(62) Pause Young (Normal) (G1 Evacuation Pause)
[2026-03-27T03:19:22.384+0900][6.789s][info][gc,task     ] GC(62) Using 11 workers of 14 for evacuation
[2026-03-27T03:19:22.387+0900][6.793s][info][gc,phases   ] GC(62)   Pre Evacuate Collection Set: 0.3ms
[2026-03-27T03:19:22.387+0900][6.793s][info][gc,phases   ] GC(62)   Merge Heap Roots: 0.2ms
[2026-03-27T03:19:22.387+0900][6.793s][info][gc,phases   ] GC(62)   Evacuate Collection Set: 1.5ms
[2026-03-27T03:19:22.387+0900][6.793s][info][gc,phases   ] GC(62)   Post Evacuate Collection Set: 1.3ms
[2026-03-27T03:19:22.387+0900][6.793s][info][gc,phases   ] GC(62)   Other: 0.2ms
[2026-03-27T03:19:22.388+0900][6.793s][info][gc,heap     ] GC(62) Eden regions: 14->0(11)
[2026-03-27T03:19:22.388+0900][6.793s][info][gc,heap     ] GC(62) Survivor regions: 3->3(3)
[2026-03-27T03:19:22.388+0900][6.793s][info][gc,heap     ] GC(62) Old regions: 78->83
[2026-03-27T03:19:22.388+0900][6.793s][info][gc,heap     ] GC(62) Archive regions: 0->0
[2026-03-27T03:19:22.388+0900][6.793s][info][gc,heap     ] GC(62) Humongous regions: 6->0
[2026-03-27T03:19:22.388+0900][6.793s][info][gc,metaspace] GC(62) Metaspace: 283K(512K)->283K(512K) NonClass: 271K(384K)->271K(384K) Class: 12K(128K)->12K(128K)
[2026-03-27T03:19:22.388+0900][6.793s][info][gc          ] GC(62) Pause Young (Normal) (G1 Evacuation Pause) 401M->342M(468M) 3.700ms
[2026-03-27T03:19:22.388+0900][6.793s][info][gc,cpu      ] GC(62) User=0.00s Sys=0.00s Real=0.00s
[2026-03-27T03:19:22.509+0900][6.913s][info][gc,start    ] GC(63) Pause Young (Normal) (G1 Evacuation Pause)
[2026-03-27T03:19:22.509+0900][6.913s][info][gc,task     ] GC(63) Using 11 workers of 14 for evacuation
[2026-03-27T03:19:22.512+0900][6.917s][info][gc,phases   ] GC(63)   Pre Evacuate Collection Set: 0.3ms
[2026-03-27T03:19:22.512+0900][6.917s][info][gc,phases   ] GC(63)   Merge Heap Roots: 0.3ms
[2026-03-27T03:19:22.512+0900][6.917s][info][gc,phases   ] GC(63)   Evacuate Collection Set: 1.4ms
[2026-03-27T03:19:22.512+0900][6.917s][info][gc,phases   ] GC(63)   Post Evacuate Collection Set: 1.1ms
[2026-03-27T03:19:22.512+0900][6.917s][info][gc,phases   ] GC(63)   Other: 0.2ms
[2026-03-27T03:19:22.512+0900][6.917s][info][gc,heap     ] GC(63) Eden regions: 11->0(8)
[2026-03-27T03:19:22.512+0900][6.917s][info][gc,heap     ] GC(63) Survivor regions: 3->2(2)
[2026-03-27T03:19:22.512+0900][6.917s][info][gc,heap     ] GC(63) Old regions: 83->88
[2026-03-27T03:19:22.512+0900][6.917s][info][gc,heap     ] GC(63) Archive regions: 0->0
[2026-03-27T03:19:22.512+0900][6.917s][info][gc,heap     ] GC(63) Humongous regions: 5->0
[2026-03-27T03:19:22.512+0900][6.917s][info][gc,metaspace] GC(63) Metaspace: 283K(512K)->283K(512K) NonClass: 271K(384K)->271K(384K) Class: 12K(128K)->12K(128K)
[2026-03-27T03:19:22.512+0900][6.917s][info][gc          ] GC(63) Pause Young (Normal) (G1 Evacuation Pause) 405M->358M(468M) 3.575ms
[2026-03-27T03:19:22.512+0900][6.917s][info][gc,cpu      ] GC(63) User=0.00s Sys=0.00s Real=0.00s
[2026-03-27T03:19:22.630+0900][7.036s][info][gc,start    ] GC(64) Pause Young (Normal) (G1 Evacuation Pause)
[2026-03-27T03:19:22.630+0900][7.036s][info][gc,task     ] GC(64) Using 11 workers of 14 for evacuation
[2026-03-27T03:19:22.633+0900][7.038s][info][gc,phases   ] GC(64)   Pre Evacuate Collection Set: 0.3ms
[2026-03-27T03:19:22.633+0900][7.038s][info][gc,phases   ] GC(64)   Merge Heap Roots: 0.2ms
[2026-03-27T03:19:22.633+0900][7.038s][info][gc,phases   ] GC(64)   Evacuate Collection Set: 1.1ms
[2026-03-27T03:19:22.633+0900][7.038s][info][gc,phases   ] GC(64)   Post Evacuate Collection Set: 0.6ms
[2026-03-27T03:19:22.633+0900][7.038s][info][gc,phases   ] GC(64)   Other: 0.1ms
[2026-03-27T03:19:22.633+0900][7.038s][info][gc,heap     ] GC(64) Eden regions: 8->0(6)
[2026-03-27T03:19:22.633+0900][7.038s][info][gc,heap     ] GC(64) Survivor regions: 2->2(2)
[2026-03-27T03:19:22.633+0900][7.038s][info][gc,heap     ] GC(64) Old regions: 88->91
[2026-03-27T03:19:22.633+0900][7.038s][info][gc,heap     ] GC(64) Archive regions: 0->0
[2026-03-27T03:19:22.633+0900][7.038s][info][gc,heap     ] GC(64) Humongous regions: 3->0
[2026-03-27T03:19:22.633+0900][7.038s][info][gc,metaspace] GC(64) Metaspace: 283K(512K)->283K(512K) NonClass: 271K(384K)->271K(384K) Class: 12K(128K)->12K(128K)
[2026-03-27T03:19:22.633+0900][7.038s][info][gc          ] GC(64) Pause Young (Normal) (G1 Evacuation Pause) 401M->370M(468M) 2.409ms
[2026-03-27T03:19:22.633+0900][7.038s][info][gc,cpu      ] GC(64) User=0.00s Sys=0.00s Real=0.00s
[2026-03-27T03:19:22.635+0900][7.041s][info][gc,start    ] GC(65) Pause Young (Normal) (G1 Evacuation Pause)
[2026-03-27T03:19:22.635+0900][7.041s][info][gc,task     ] GC(65) Using 11 workers of 14 for evacuation
[2026-03-27T03:19:22.637+0900][7.042s][info][gc,phases   ] GC(65)   Pre Evacuate Collection Set: 0.1ms
[2026-03-27T03:19:22.637+0900][7.042s][info][gc,phases   ] GC(65)   Merge Heap Roots: 0.1ms
[2026-03-27T03:19:22.637+0900][7.042s][info][gc,phases   ] GC(65)   Evacuate Collection Set: 0.9ms
[2026-03-27T03:19:22.637+0900][7.042s][info][gc,phases   ] GC(65)   Post Evacuate Collection Set: 0.2ms
[2026-03-27T03:19:22.637+0900][7.042s][info][gc,phases   ] GC(65)   Other: 0.1ms
[2026-03-27T03:19:22.637+0900][7.042s][info][gc,heap     ] GC(65) Eden regions: 6->0(5)
[2026-03-27T03:19:22.637+0900][7.042s][info][gc,heap     ] GC(65) Survivor regions: 2->1(1)
[2026-03-27T03:19:22.637+0900][7.042s][info][gc,heap     ] GC(65) Old regions: 91->94
[2026-03-27T03:19:22.637+0900][7.042s][info][gc,heap     ] GC(65) Archive regions: 0->0
[2026-03-27T03:19:22.637+0900][7.042s][info][gc,heap     ] GC(65) Humongous regions: 3->0
[2026-03-27T03:19:22.637+0900][7.042s][info][gc,metaspace] GC(65) Metaspace: 283K(512K)->283K(512K) NonClass: 271K(384K)->271K(384K) Class: 12K(128K)->12K(128K)
[2026-03-27T03:19:22.637+0900][7.042s][info][gc          ] GC(65) Pause Young (Normal) (G1 Evacuation Pause) 405M->378M(468M) 1.504ms
[2026-03-27T03:19:22.637+0900][7.042s][info][gc,cpu      ] GC(65) User=0.00s Sys=0.00s Real=0.00s
[2026-03-27T03:19:22.742+0900][7.147s][info][gc,start    ] GC(66) Pause Young (Normal) (G1 Evacuation Pause)
[2026-03-27T03:19:22.742+0900][7.147s][info][gc,task     ] GC(66) Using 11 workers of 14 for evacuation
[2026-03-27T03:19:22.744+0900][7.149s][info][gc,phases   ] GC(66)   Pre Evacuate Collection Set: 0.2ms
[2026-03-27T03:19:22.744+0900][7.149s][info][gc,phases   ] GC(66)   Merge Heap Roots: 0.2ms
[2026-03-27T03:19:22.744+0900][7.149s][info][gc,phases   ] GC(66)   Evacuate Collection Set: 1.1ms
[2026-03-27T03:19:22.744+0900][7.149s][info][gc,phases   ] GC(66)   Post Evacuate Collection Set: 0.5ms
[2026-03-27T03:19:22.744+0900][7.149s][info][gc,phases   ] GC(66)   Other: 0.2ms
[2026-03-27T03:19:22.744+0900][7.149s][info][gc,heap     ] GC(66) Eden regions: 5->0(4)
[2026-03-27T03:19:22.744+0900][7.149s][info][gc,heap     ] GC(66) Survivor regions: 1->1(1)
[2026-03-27T03:19:22.744+0900][7.149s][info][gc,heap     ] GC(66) Old regions: 94->96
[2026-03-27T03:19:22.744+0900][7.149s][info][gc,heap     ] GC(66) Archive regions: 0->0
[2026-03-27T03:19:22.744+0900][7.149s][info][gc,heap     ] GC(66) Humongous regions: 2->0
[2026-03-27T03:19:22.744+0900][7.149s][info][gc,metaspace] GC(66) Metaspace: 283K(512K)->283K(512K) NonClass: 271K(384K)->271K(384K) Class: 12K(128K)->12K(128K)
[2026-03-27T03:19:22.744+0900][7.149s][info][gc          ] GC(66) Pause Young (Normal) (G1 Evacuation Pause) 405M->385M(468M) 2.425ms
[2026-03-27T03:19:22.744+0900][7.149s][info][gc,cpu      ] GC(66) User=0.00s Sys=0.00s Real=0.00s
[2026-03-27T03:19:22.746+0900][7.151s][info][gc,start    ] GC(67) Pause Young (Normal) (G1 Evacuation Pause)
[2026-03-27T03:19:22.746+0900][7.151s][info][gc,task     ] GC(67) Using 11 workers of 14 for evacuation
[2026-03-27T03:19:22.748+0900][7.153s][info][gc,phases   ] GC(67)   Pre Evacuate Collection Set: 0.2ms
[2026-03-27T03:19:22.748+0900][7.153s][info][gc,phases   ] GC(67)   Merge Heap Roots: 0.2ms
[2026-03-27T03:19:22.748+0900][7.153s][info][gc,phases   ] GC(67)   Evacuate Collection Set: 0.7ms
[2026-03-27T03:19:22.748+0900][7.153s][info][gc,phases   ] GC(67)   Post Evacuate Collection Set: 0.5ms
[2026-03-27T03:19:22.748+0900][7.153s][info][gc,phases   ] GC(67)   Other: 0.1ms
[2026-03-27T03:19:22.748+0900][7.153s][info][gc,heap     ] GC(67) Eden regions: 4->0(4)
[2026-03-27T03:19:22.748+0900][7.153s][info][gc,heap     ] GC(67) Survivor regions: 1->1(1)
[2026-03-27T03:19:22.748+0900][7.153s][info][gc,heap     ] GC(67) Old regions: 96->97
[2026-03-27T03:19:22.748+0900][7.153s][info][gc,heap     ] GC(67) Archive regions: 0->0
[2026-03-27T03:19:22.748+0900][7.153s][info][gc,heap     ] GC(67) Humongous regions: 1->0
[2026-03-27T03:19:22.748+0900][7.153s][info][gc,metaspace] GC(67) Metaspace: 283K(512K)->283K(512K) NonClass: 271K(384K)->271K(384K) Class: 12K(128K)->12K(128K)
[2026-03-27T03:19:22.748+0900][7.153s][info][gc          ] GC(67) Pause Young (Normal) (G1 Evacuation Pause) 404M->391M(468M) 1.835ms
[2026-03-27T03:19:22.748+0900][7.153s][info][gc,cpu      ] GC(67) User=0.00s Sys=0.00s Real=0.00s
[2026-03-27T03:19:22.865+0900][7.269s][info][gc,start    ] GC(68) Pause Young (Normal) (G1 Evacuation Pause)
[2026-03-27T03:19:22.865+0900][7.269s][info][gc,task     ] GC(68) Using 11 workers of 14 for evacuation
[2026-03-27T03:19:22.868+0900][7.272s][info][gc,phases   ] GC(68)   Pre Evacuate Collection Set: 0.3ms
[2026-03-27T03:19:22.868+0900][7.272s][info][gc,phases   ] GC(68)   Merge Heap Roots: 0.3ms
[2026-03-27T03:19:22.868+0900][7.272s][info][gc,phases   ] GC(68)   Evacuate Collection Set: 1.5ms
[2026-03-27T03:19:22.868+0900][7.272s][info][gc,phases   ] GC(68)   Post Evacuate Collection Set: 0.7ms
[2026-03-27T03:19:22.868+0900][7.272s][info][gc,phases   ] GC(68)   Other: 0.3ms
[2026-03-27T03:19:22.868+0900][7.272s][info][gc,heap     ] GC(68) Eden regions: 4->0(4)
[2026-03-27T03:19:22.868+0900][7.272s][info][gc,heap     ] GC(68) Survivor regions: 1->1(1)
[2026-03-27T03:19:22.868+0900][7.272s][info][gc,heap     ] GC(68) Old regions: 97->99
[2026-03-27T03:19:22.868+0900][7.272s][info][gc,heap     ] GC(68) Archive regions: 0->0
[2026-03-27T03:19:22.868+0900][7.272s][info][gc,heap     ] GC(68) Humongous regions: 2->0
[2026-03-27T03:19:22.868+0900][7.272s][info][gc,metaspace] GC(68) Metaspace: 283K(512K)->283K(512K) NonClass: 271K(384K)->271K(384K) Class: 12K(128K)->12K(128K)
[2026-03-27T03:19:22.868+0900][7.273s][info][gc          ] GC(68) Pause Young (Normal) (G1 Evacuation Pause) 414M->397M(468M) 3.257ms
[2026-03-27T03:19:22.868+0900][7.273s][info][gc,cpu      ] GC(68) User=0.00s Sys=0.00s Real=0.00s
[2026-03-27T03:19:22.870+0900][7.275s][info][gc,start    ] GC(69) Pause Young (Normal) (G1 Evacuation Pause)
[2026-03-27T03:19:22.870+0900][7.275s][info][gc,task     ] GC(69) Using 11 workers of 14 for evacuation
[2026-03-27T03:19:22.871+0900][7.276s][info][gc,phases   ] GC(69)   Pre Evacuate Collection Set: 0.2ms
[2026-03-27T03:19:22.871+0900][7.276s][info][gc,phases   ] GC(69)   Merge Heap Roots: 0.2ms
[2026-03-27T03:19:22.871+0900][7.276s][info][gc,phases   ] GC(69)   Evacuate Collection Set: 0.7ms
[2026-03-27T03:19:22.871+0900][7.276s][info][gc,phases   ] GC(69)   Post Evacuate Collection Set: 0.3ms
[2026-03-27T03:19:22.871+0900][7.276s][info][gc,phases   ] GC(69)   Other: 0.1ms
[2026-03-27T03:19:22.871+0900][7.276s][info][gc,heap     ] GC(69) Eden regions: 4->0(4)
[2026-03-27T03:19:22.871+0900][7.276s][info][gc,heap     ] GC(69) Survivor regions: 1->1(1)
[2026-03-27T03:19:22.871+0900][7.276s][info][gc,heap     ] GC(69) Old regions: 99->100
[2026-03-27T03:19:22.871+0900][7.276s][info][gc,heap     ] GC(69) Archive regions: 0->0
[2026-03-27T03:19:22.871+0900][7.276s][info][gc,heap     ] GC(69) Humongous regions: 2->0
[2026-03-27T03:19:22.871+0900][7.276s][info][gc,metaspace] GC(69) Metaspace: 283K(512K)->283K(512K) NonClass: 271K(384K)->271K(384K) Class: 12K(128K)->12K(128K)
[2026-03-27T03:19:22.872+0900][7.276s][info][gc          ] GC(69) Pause Young (Normal) (G1 Evacuation Pause) 420M->402M(468M) 1.577ms
[2026-03-27T03:19:22.872+0900][7.276s][info][gc,cpu      ] GC(69) User=0.00s Sys=0.00s Real=0.00s
[2026-03-27T03:19:22.986+0900][7.391s][info][gc,start    ] GC(70) Pause Young (Normal) (G1 Evacuation Pause)
[2026-03-27T03:19:22.986+0900][7.392s][info][gc,task     ] GC(70) Using 11 workers of 14 for evacuation
[2026-03-27T03:19:22.989+0900][7.394s][info][gc,phases   ] GC(70)   Pre Evacuate Collection Set: 0.2ms
[2026-03-27T03:19:22.989+0900][7.394s][info][gc,phases   ] GC(70)   Merge Heap Roots: 0.2ms
[2026-03-27T03:19:22.989+0900][7.394s][info][gc,phases   ] GC(70)   Evacuate Collection Set: 0.9ms
[2026-03-27T03:19:22.989+0900][7.394s][info][gc,phases   ] GC(70)   Post Evacuate Collection Set: 0.8ms
[2026-03-27T03:19:22.989+0900][7.394s][info][gc,phases   ] GC(70)   Other: 0.2ms
[2026-03-27T03:19:22.989+0900][7.394s][info][gc,heap     ] GC(70) Eden regions: 4->0(4)
[2026-03-27T03:19:22.989+0900][7.394s][info][gc,heap     ] GC(70) Survivor regions: 1->1(1)
[2026-03-27T03:19:22.989+0900][7.394s][info][gc,heap     ] GC(70) Old regions: 100->101
[2026-03-27T03:19:22.989+0900][7.394s][info][gc,heap     ] GC(70) Archive regions: 0->0
[2026-03-27T03:19:22.989+0900][7.394s][info][gc,heap     ] GC(70) Humongous regions: 1->0
[2026-03-27T03:19:22.989+0900][7.394s][info][gc,metaspace] GC(70) Metaspace: 283K(512K)->283K(512K) NonClass: 271K(384K)->271K(384K) Class: 12K(128K)->12K(128K)
[2026-03-27T03:19:22.989+0900][7.394s][info][gc          ] GC(70) Pause Young (Normal) (G1 Evacuation Pause) 421M->407M(468M) 2.436ms
[2026-03-27T03:19:22.989+0900][7.394s][info][gc,cpu      ] GC(70) User=0.00s Sys=0.00s Real=0.00s
[2026-03-27T03:19:22.991+0900][7.396s][info][gc,start    ] GC(71) Pause Young (Normal) (G1 Evacuation Pause)
[2026-03-27T03:19:22.991+0900][7.396s][info][gc,task     ] GC(71) Using 11 workers of 14 for evacuation
[2026-03-27T03:19:22.992+0900][7.397s][info][gc,phases   ] GC(71)   Pre Evacuate Collection Set: 0.2ms
[2026-03-27T03:19:22.993+0900][7.397s][info][gc,phases   ] GC(71)   Merge Heap Roots: 0.2ms
[2026-03-27T03:19:22.993+0900][7.397s][info][gc,phases   ] GC(71)   Evacuate Collection Set: 0.7ms
[2026-03-27T03:19:22.993+0900][7.397s][info][gc,phases   ] GC(71)   Post Evacuate Collection Set: 0.4ms
[2026-03-27T03:19:22.993+0900][7.398s][info][gc,phases   ] GC(71)   Other: 0.1ms
[2026-03-27T03:19:22.993+0900][7.398s][info][gc,heap     ] GC(71) Eden regions: 4->0(4)
[2026-03-27T03:19:22.993+0900][7.398s][info][gc,heap     ] GC(71) Survivor regions: 1->1(1)
[2026-03-27T03:19:22.993+0900][7.398s][info][gc,heap     ] GC(71) Old regions: 101->103
[2026-03-27T03:19:22.993+0900][7.398s][info][gc,heap     ] GC(71) Archive regions: 0->0
[2026-03-27T03:19:22.993+0900][7.398s][info][gc,heap     ] GC(71) Humongous regions: 2->0
[2026-03-27T03:19:22.993+0900][7.398s][info][gc,metaspace] GC(71) Metaspace: 283K(512K)->283K(512K) NonClass: 271K(384K)->271K(384K) Class: 12K(128K)->12K(128K)
[2026-03-27T03:19:22.993+0900][7.398s][info][gc          ] GC(71) Pause Young (Normal) (G1 Evacuation Pause) 430M->414M(468M) 1.646ms
[2026-03-27T03:19:22.993+0900][7.398s][info][gc,cpu      ] GC(71) User=0.00s Sys=0.00s Real=0.00s
[2026-03-27T03:19:22.993+0900][7.398s][info][gc,start    ] GC(72) Pause Young (Concurrent Start) (G1 Humongous Allocation)
[2026-03-27T03:19:22.993+0900][7.398s][info][gc,task     ] GC(72) Using 11 workers of 14 for evacuation
[2026-03-27T03:19:22.994+0900][7.399s][info][gc,phases   ] GC(72)   Pre Evacuate Collection Set: 0.2ms
[2026-03-27T03:19:22.994+0900][7.399s][info][gc,phases   ] GC(72)   Merge Heap Roots: 0.1ms
[2026-03-27T03:19:22.994+0900][7.399s][info][gc,phases   ] GC(72)   Evacuate Collection Set: 0.5ms
[2026-03-27T03:19:22.994+0900][7.399s][info][gc,phases   ] GC(72)   Post Evacuate Collection Set: 0.4ms
[2026-03-27T03:19:22.994+0900][7.399s][info][gc,phases   ] GC(72)   Other: 0.1ms
[2026-03-27T03:19:22.994+0900][7.399s][info][gc,heap     ] GC(72) Eden regions: 1->0(5)
[2026-03-27T03:19:22.994+0900][7.399s][info][gc,heap     ] GC(72) Survivor regions: 1->1(1)
[2026-03-27T03:19:22.994+0900][7.399s][info][gc,heap     ] GC(72) Old regions: 103->104
[2026-03-27T03:19:22.994+0900][7.399s][info][gc,heap     ] GC(72) Archive regions: 0->0
[2026-03-27T03:19:22.994+0900][7.399s][info][gc,heap     ] GC(72) Humongous regions: 0->0
[2026-03-27T03:19:22.994+0900][7.399s][info][gc,metaspace] GC(72) Metaspace: 283K(512K)->283K(512K) NonClass: 271K(384K)->271K(384K) Class: 12K(128K)->12K(128K)
[2026-03-27T03:19:22.994+0900][7.399s][info][gc          ] GC(72) Pause Young (Concurrent Start) (G1 Humongous Allocation) 417M->415M(488M) 1.338ms
[2026-03-27T03:19:22.994+0900][7.399s][info][gc,cpu      ] GC(72) User=0.00s Sys=0.00s Real=0.00s
[2026-03-27T03:19:22.995+0900][7.399s][info][gc          ] GC(73) Concurrent Mark Cycle
[2026-03-27T03:19:22.995+0900][7.400s][info][gc,marking  ] GC(73) Concurrent Clear Claimed Marks
[2026-03-27T03:19:22.995+0900][7.400s][info][gc,marking  ] GC(73) Concurrent Clear Claimed Marks 0.008ms
[2026-03-27T03:19:22.995+0900][7.400s][info][gc,marking  ] GC(73) Concurrent Scan Root Regions
[2026-03-27T03:19:22.995+0900][7.400s][info][gc,marking  ] GC(73) Concurrent Scan Root Regions 0.028ms
[2026-03-27T03:19:22.995+0900][7.400s][info][gc,marking  ] GC(73) Concurrent Mark
[2026-03-27T03:19:22.995+0900][7.400s][info][gc,marking  ] GC(73) Concurrent Mark From Roots
[2026-03-27T03:19:22.995+0900][7.400s][info][gc,task     ] GC(73) Using 4 workers of 4 for marking
[2026-03-27T03:19:22.995+0900][7.400s][info][gc,marking  ] GC(73) Concurrent Mark From Roots 0.558ms
[2026-03-27T03:19:22.995+0900][7.400s][info][gc,marking  ] GC(73) Concurrent Preclean
[2026-03-27T03:19:22.995+0900][7.400s][info][gc,marking  ] GC(73) Concurrent Preclean 0.046ms
[2026-03-27T03:19:22.995+0900][7.400s][info][gc,start    ] GC(73) Pause Remark
[2026-03-27T03:19:22.996+0900][7.401s][info][gc          ] GC(73) Pause Remark 419M->127M(456M) 0.779ms
[2026-03-27T03:19:22.996+0900][7.401s][info][gc,cpu      ] GC(73) User=0.00s Sys=0.00s Real=0.00s
[2026-03-27T03:19:22.996+0900][7.401s][info][gc,marking  ] GC(73) Concurrent Mark 1.539ms
[2026-03-27T03:19:22.996+0900][7.401s][info][gc,marking  ] GC(73) Concurrent Rebuild Remembered Sets
[2026-03-27T03:19:22.996+0900][7.401s][info][gc,marking  ] GC(73) Concurrent Rebuild Remembered Sets 0.248ms
[2026-03-27T03:19:22.997+0900][7.401s][info][gc,start    ] GC(73) Pause Cleanup
[2026-03-27T03:19:22.997+0900][7.402s][info][gc          ] GC(73) Pause Cleanup 128M->128M(456M) 0.139ms
[2026-03-27T03:19:22.997+0900][7.402s][info][gc,cpu      ] GC(73) User=0.00s Sys=0.00s Real=0.00s
[2026-03-27T03:19:22.997+0900][7.402s][info][gc,marking  ] GC(73) Concurrent Cleanup for Next Mark
[2026-03-27T03:19:22.997+0900][7.402s][info][gc,marking  ] GC(73) Concurrent Cleanup for Next Mark 0.274ms
[2026-03-27T03:19:22.997+0900][7.402s][info][gc          ] GC(73) Concurrent Mark Cycle 2.490ms
[2026-03-27T03:19:23.112+0900][7.517s][info][gc,start    ] GC(74) Pause Young (Prepare Mixed) (G1 Evacuation Pause)
[2026-03-27T03:19:23.112+0900][7.517s][info][gc,task     ] GC(74) Using 10 workers of 14 for evacuation
[2026-03-27T03:19:23.114+0900][7.519s][info][gc,phases   ] GC(74)   Pre Evacuate Collection Set: 0.2ms
[2026-03-27T03:19:23.114+0900][7.519s][info][gc,phases   ] GC(74)   Merge Heap Roots: 0.3ms
[2026-03-27T03:19:23.114+0900][7.519s][info][gc,phases   ] GC(74)   Evacuate Collection Set: 0.7ms
[2026-03-27T03:19:23.114+0900][7.519s][info][gc,phases   ] GC(74)   Post Evacuate Collection Set: 0.7ms
[2026-03-27T03:19:23.114+0900][7.519s][info][gc,phases   ] GC(74)   Other: 0.1ms
[2026-03-27T03:19:23.114+0900][7.519s][info][gc,heap     ] GC(74) Eden regions: 5->0(4)
[2026-03-27T03:19:23.114+0900][7.519s][info][gc,heap     ] GC(74) Survivor regions: 1->1(1)
[2026-03-27T03:19:23.114+0900][7.519s][info][gc,heap     ] GC(74) Old regions: 31->32
[2026-03-27T03:19:23.114+0900][7.519s][info][gc,heap     ] GC(74) Archive regions: 0->0
[2026-03-27T03:19:23.114+0900][7.519s][info][gc,heap     ] GC(74) Humongous regions: 3->0
[2026-03-27T03:19:23.114+0900][7.519s][info][gc,metaspace] GC(74) Metaspace: 283K(512K)->283K(512K) NonClass: 271K(384K)->271K(384K) Class: 12K(128K)->12K(128K)
[2026-03-27T03:19:23.114+0900][7.519s][info][gc          ] GC(74) Pause Young (Prepare Mixed) (G1 Evacuation Pause) 155M->129M(456M) 2.202ms
[2026-03-27T03:19:23.114+0900][7.519s][info][gc,cpu      ] GC(74) User=0.00s Sys=0.00s Real=0.00s
[2026-03-27T03:19:23.116+0900][7.521s][info][gc,start    ] GC(75) Pause Young (Mixed) (G1 Evacuation Pause)
[2026-03-27T03:19:23.116+0900][7.521s][info][gc,task     ] GC(75) Using 10 workers of 14 for evacuation
[2026-03-27T03:19:23.117+0900][7.522s][info][gc,phases   ] GC(75)   Pre Evacuate Collection Set: 0.2ms
[2026-03-27T03:19:23.117+0900][7.522s][info][gc,phases   ] GC(75)   Merge Heap Roots: 0.1ms
[2026-03-27T03:19:23.117+0900][7.522s][info][gc,phases   ] GC(75)   Evacuate Collection Set: 0.9ms
[2026-03-27T03:19:23.117+0900][7.522s][info][gc,phases   ] GC(75)   Post Evacuate Collection Set: 0.3ms
[2026-03-27T03:19:23.117+0900][7.522s][info][gc,phases   ] GC(75)   Other: 0.1ms
[2026-03-27T03:19:23.117+0900][7.522s][info][gc,heap     ] GC(75) Eden regions: 4->0(47)
[2026-03-27T03:19:23.117+0900][7.522s][info][gc,heap     ] GC(75) Survivor regions: 1->1(1)
[2026-03-27T03:19:23.117+0900][7.522s][info][gc,heap     ] GC(75) Old regions: 32->24
[2026-03-27T03:19:23.117+0900][7.522s][info][gc,heap     ] GC(75) Archive regions: 0->0
[2026-03-27T03:19:23.117+0900][7.522s][info][gc,heap     ] GC(75) Humongous regions: 1->0
[2026-03-27T03:19:23.117+0900][7.522s][info][gc,metaspace] GC(75) Metaspace: 283K(512K)->283K(512K) NonClass: 271K(384K)->271K(384K) Class: 12K(128K)->12K(128K)
[2026-03-27T03:19:23.118+0900][7.522s][info][gc          ] GC(75) Pause Young (Mixed) (G1 Evacuation Pause) 148M->99M(456M) 1.615ms
[2026-03-27T03:19:23.118+0900][7.522s][info][gc,cpu      ] GC(75) User=0.00s Sys=0.00s Real=0.00s
[2026-03-27T03:19:23.671+0900][8.076s][info][gc,start    ] GC(76) Pause Young (Normal) (G1 Evacuation Pause)
[2026-03-27T03:19:23.671+0900][8.076s][info][gc,task     ] GC(76) Using 10 workers of 14 for evacuation
[2026-03-27T03:19:23.675+0900][8.080s][info][gc,phases   ] GC(76)   Pre Evacuate Collection Set: 0.4ms
[2026-03-27T03:19:23.675+0900][8.080s][info][gc,phases   ] GC(76)   Merge Heap Roots: 0.2ms
[2026-03-27T03:19:23.675+0900][8.080s][info][gc,phases   ] GC(76)   Evacuate Collection Set: 2.5ms
[2026-03-27T03:19:23.675+0900][8.080s][info][gc,phases   ] GC(76)   Post Evacuate Collection Set: 0.7ms
[2026-03-27T03:19:23.675+0900][8.080s][info][gc,phases   ] GC(76)   Other: 0.1ms
[2026-03-27T03:19:23.675+0900][8.080s][info][gc,heap     ] GC(76) Eden regions: 47->0(36)
[2026-03-27T03:19:23.675+0900][8.080s][info][gc,heap     ] GC(76) Survivor regions: 1->6(6)
[2026-03-27T03:19:23.675+0900][8.080s][info][gc,heap     ] GC(76) Old regions: 24->36
[2026-03-27T03:19:23.675+0900][8.080s][info][gc,heap     ] GC(76) Archive regions: 0->0
[2026-03-27T03:19:23.675+0900][8.080s][info][gc,heap     ] GC(76) Humongous regions: 20->0
[2026-03-27T03:19:23.675+0900][8.080s][info][gc,metaspace] GC(76) Metaspace: 283K(512K)->283K(512K) NonClass: 271K(384K)->271K(384K) Class: 12K(128K)->12K(128K)
[2026-03-27T03:19:23.675+0900][8.080s][info][gc          ] GC(76) Pause Young (Normal) (G1 Evacuation Pause) 366M->166M(456M) 3.912ms
[2026-03-27T03:19:23.675+0900][8.080s][info][gc,cpu      ] GC(76) User=0.12s Sys=0.03s Real=0.00s
[2026-03-27T03:19:24.106+0900][8.510s][info][gc,start    ] GC(77) Pause Young (Normal) (G1 Evacuation Pause)
[2026-03-27T03:19:24.106+0900][8.510s][info][gc,task     ] GC(77) Using 10 workers of 14 for evacuation
[2026-03-27T03:19:24.110+0900][8.515s][info][gc,phases   ] GC(77)   Pre Evacuate Collection Set: 0.3ms
[2026-03-27T03:19:24.110+0900][8.515s][info][gc,phases   ] GC(77)   Merge Heap Roots: 0.3ms
[2026-03-27T03:19:24.110+0900][8.515s][info][gc,phases   ] GC(77)   Evacuate Collection Set: 2.6ms
[2026-03-27T03:19:24.110+0900][8.515s][info][gc,phases   ] GC(77)   Post Evacuate Collection Set: 1.0ms
[2026-03-27T03:19:24.110+0900][8.515s][info][gc,phases   ] GC(77)   Other: 0.2ms
[2026-03-27T03:19:24.110+0900][8.515s][info][gc,heap     ] GC(77) Eden regions: 36->0(31)
[2026-03-27T03:19:24.110+0900][8.515s][info][gc,heap     ] GC(77) Survivor regions: 6->6(6)
[2026-03-27T03:19:24.110+0900][8.515s][info][gc,heap     ] GC(77) Old regions: 36->44
[2026-03-27T03:19:24.110+0900][8.515s][info][gc,heap     ] GC(77) Archive regions: 0->0
[2026-03-27T03:19:24.110+0900][8.515s][info][gc,heap     ] GC(77) Humongous regions: 16->0
[2026-03-27T03:19:24.110+0900][8.515s][info][gc,metaspace] GC(77) Metaspace: 283K(512K)->283K(512K) NonClass: 271K(384K)->271K(384K) Class: 12K(128K)->12K(128K)
[2026-03-27T03:19:24.110+0900][8.515s][info][gc          ] GC(77) Pause Young (Normal) (G1 Evacuation Pause) 373M->198M(456M) 4.722ms
[2026-03-27T03:19:24.110+0900][8.515s][info][gc,cpu      ] GC(77) User=0.00s Sys=0.00s Real=0.00s
[2026-03-27T03:19:24.432+0900][8.837s][info][gc,start    ] GC(78) Pause Young (Normal) (G1 Evacuation Pause)
[2026-03-27T03:19:24.432+0900][8.837s][info][gc,task     ] GC(78) Using 10 workers of 14 for evacuation
[2026-03-27T03:19:24.434+0900][8.840s][info][gc,phases   ] GC(78)   Pre Evacuate Collection Set: 0.2ms
[2026-03-27T03:19:24.435+0900][8.840s][info][gc,phases   ] GC(78)   Merge Heap Roots: 0.2ms
[2026-03-27T03:19:24.435+0900][8.840s][info][gc,phases   ] GC(78)   Evacuate Collection Set: 2.0ms
[2026-03-27T03:19:24.435+0900][8.840s][info][gc,phases   ] GC(78)   Post Evacuate Collection Set: 0.4ms
[2026-03-27T03:19:24.435+0900][8.840s][info][gc,phases   ] GC(78)   Other: 0.1ms
[2026-03-27T03:19:24.435+0900][8.840s][info][gc,heap     ] GC(78) Eden regions: 31->0(25)
[2026-03-27T03:19:24.435+0900][8.840s][info][gc,heap     ] GC(78) Survivor regions: 6->5(5)
[2026-03-27T03:19:24.435+0900][8.840s][info][gc,heap     ] GC(78) Old regions: 44->55
[2026-03-27T03:19:24.435+0900][8.840s][info][gc,heap     ] GC(78) Archive regions: 0->0
[2026-03-27T03:19:24.435+0900][8.840s][info][gc,heap     ] GC(78) Humongous regions: 13->0
[2026-03-27T03:19:24.435+0900][8.840s][info][gc,metaspace] GC(78) Metaspace: 283K(512K)->283K(512K) NonClass: 271K(384K)->271K(384K) Class: 12K(128K)->12K(128K)
[2026-03-27T03:19:24.435+0900][8.840s][info][gc          ] GC(78) Pause Young (Normal) (G1 Evacuation Pause) 373M->237M(456M) 3.136ms
[2026-03-27T03:19:24.435+0900][8.840s][info][gc,cpu      ] GC(78) User=0.00s Sys=0.00s Real=0.00s
[2026-03-27T03:19:24.761+0900][9.165s][info][gc,start    ] GC(79) Pause Young (Normal) (G1 Evacuation Pause)
[2026-03-27T03:19:24.761+0900][9.165s][info][gc,task     ] GC(79) Using 10 workers of 14 for evacuation
[2026-03-27T03:19:24.765+0900][9.170s][info][gc,phases   ] GC(79)   Pre Evacuate Collection Set: 0.4ms
[2026-03-27T03:19:24.765+0900][9.170s][info][gc,phases   ] GC(79)   Merge Heap Roots: 0.3ms
[2026-03-27T03:19:24.765+0900][9.170s][info][gc,phases   ] GC(79)   Evacuate Collection Set: 2.4ms
[2026-03-27T03:19:24.765+0900][9.170s][info][gc,phases   ] GC(79)   Post Evacuate Collection Set: 1.1ms
[2026-03-27T03:19:24.765+0900][9.170s][info][gc,phases   ] GC(79)   Other: 0.2ms
[2026-03-27T03:19:24.765+0900][9.170s][info][gc,heap     ] GC(79) Eden regions: 25->0(19)
[2026-03-27T03:19:24.765+0900][9.170s][info][gc,heap     ] GC(79) Survivor regions: 5->4(4)
[2026-03-27T03:19:24.765+0900][9.170s][info][gc,heap     ] GC(79) Old regions: 55->65
[2026-03-27T03:19:24.765+0900][9.170s][info][gc,heap     ] GC(79) Archive regions: 0->0
[2026-03-27T03:19:24.765+0900][9.170s][info][gc,heap     ] GC(79) Humongous regions: 11->0
[2026-03-27T03:19:24.765+0900][9.170s][info][gc,metaspace] GC(79) Metaspace: 283K(512K)->283K(512K) NonClass: 271K(384K)->271K(384K) Class: 12K(128K)->12K(128K)
[2026-03-27T03:19:24.765+0900][9.170s][info][gc          ] GC(79) Pause Young (Normal) (G1 Evacuation Pause) 380M->273M(456M) 4.697ms
[2026-03-27T03:19:24.765+0900][9.170s][info][gc,cpu      ] GC(79) User=0.00s Sys=0.00s Real=0.00s
[2026-03-27T03:19:24.992+0900][9.397s][info][gc,start    ] GC(80) Pause Young (Normal) (G1 Evacuation Pause)
[2026-03-27T03:19:24.992+0900][9.397s][info][gc,task     ] GC(80) Using 10 workers of 14 for evacuation
[2026-03-27T03:19:24.995+0900][9.400s][info][gc,phases   ] GC(80)   Pre Evacuate Collection Set: 0.3ms
[2026-03-27T03:19:24.995+0900][9.401s][info][gc,phases   ] GC(80)   Merge Heap Roots: 0.3ms
[2026-03-27T03:19:24.995+0900][9.401s][info][gc,phases   ] GC(80)   Evacuate Collection Set: 1.7ms
[2026-03-27T03:19:24.995+0900][9.401s][info][gc,phases   ] GC(80)   Post Evacuate Collection Set: 0.8ms
[2026-03-27T03:19:24.995+0900][9.401s][info][gc,phases   ] GC(80)   Other: 0.2ms
[2026-03-27T03:19:24.995+0900][9.401s][info][gc,heap     ] GC(80) Eden regions: 19->0(16)
[2026-03-27T03:19:24.995+0900][9.401s][info][gc,heap     ] GC(80) Survivor regions: 4->3(3)
[2026-03-27T03:19:24.995+0900][9.401s][info][gc,heap     ] GC(80) Old regions: 65->72
[2026-03-27T03:19:24.995+0900][9.401s][info][gc,heap     ] GC(80) Archive regions: 0->0
[2026-03-27T03:19:24.995+0900][9.401s][info][gc,heap     ] GC(80) Humongous regions: 8->0
[2026-03-27T03:19:24.995+0900][9.401s][info][gc,metaspace] GC(80) Metaspace: 283K(512K)->283K(512K) NonClass: 271K(384K)->271K(384K) Class: 12K(128K)->12K(128K)
[2026-03-27T03:19:24.995+0900][9.401s][info][gc          ] GC(80) Pause Young (Normal) (G1 Evacuation Pause) 380M->299M(456M) 3.554ms
[2026-03-27T03:19:24.995+0900][9.401s][info][gc,cpu      ] GC(80) User=0.00s Sys=0.00s Real=0.00s
[2026-03-27T03:19:25.210+0900][9.615s][info][gc,start    ] GC(81) Pause Young (Normal) (G1 Evacuation Pause)
[2026-03-27T03:19:25.210+0900][9.616s][info][gc,task     ] GC(81) Using 10 workers of 14 for evacuation
[2026-03-27T03:19:25.214+0900][9.619s][info][gc,phases   ] GC(81)   Pre Evacuate Collection Set: 0.2ms
[2026-03-27T03:19:25.214+0900][9.619s][info][gc,phases   ] GC(81)   Merge Heap Roots: 0.3ms
[2026-03-27T03:19:25.214+0900][9.619s][info][gc,phases   ] GC(81)   Evacuate Collection Set: 1.6ms
[2026-03-27T03:19:25.214+0900][9.619s][info][gc,phases   ] GC(81)   Post Evacuate Collection Set: 1.0ms
[2026-03-27T03:19:25.214+0900][9.619s][info][gc,phases   ] GC(81)   Other: 0.2ms
[2026-03-27T03:19:25.214+0900][9.619s][info][gc,heap     ] GC(81) Eden regions: 16->0(12)
[2026-03-27T03:19:25.214+0900][9.619s][info][gc,heap     ] GC(81) Survivor regions: 3->3(3)
[2026-03-27T03:19:25.214+0900][9.619s][info][gc,heap     ] GC(81) Old regions: 72->78
[2026-03-27T03:19:25.214+0900][9.619s][info][gc,heap     ] GC(81) Archive regions: 0->0
[2026-03-27T03:19:25.214+0900][9.619s][info][gc,heap     ] GC(81) Humongous regions: 7->0
[2026-03-27T03:19:25.214+0900][9.619s][info][gc,metaspace] GC(81) Metaspace: 283K(512K)->283K(512K) NonClass: 271K(384K)->271K(384K) Class: 12K(128K)->12K(128K)
[2026-03-27T03:19:25.214+0900][9.619s][info][gc          ] GC(81) Pause Young (Normal) (G1 Evacuation Pause) 390M->322M(456M) 3.580ms
[2026-03-27T03:19:25.214+0900][9.619s][info][gc,cpu      ] GC(81) User=0.00s Sys=0.00s Real=0.00s
[2026-03-27T03:19:25.321+0900][9.725s][info][gc,start    ] GC(82) Pause Young (Normal) (G1 Evacuation Pause)
[2026-03-27T03:19:25.321+0900][9.725s][info][gc,task     ] GC(82) Using 10 workers of 14 for evacuation
[2026-03-27T03:19:25.323+0900][9.728s][info][gc,phases   ] GC(82)   Pre Evacuate Collection Set: 0.2ms
[2026-03-27T03:19:25.323+0900][9.728s][info][gc,phases   ] GC(82)   Merge Heap Roots: 0.2ms
[2026-03-27T03:19:25.323+0900][9.728s][info][gc,phases   ] GC(82)   Evacuate Collection Set: 1.2ms
[2026-03-27T03:19:25.323+0900][9.728s][info][gc,phases   ] GC(82)   Post Evacuate Collection Set: 0.7ms
[2026-03-27T03:19:25.323+0900][9.728s][info][gc,phases   ] GC(82)   Other: 0.2ms
[2026-03-27T03:19:25.323+0900][9.728s][info][gc,heap     ] GC(82) Eden regions: 12->0(9)
[2026-03-27T03:19:25.323+0900][9.728s][info][gc,heap     ] GC(82) Survivor regions: 3->2(2)
[2026-03-27T03:19:25.323+0900][9.728s][info][gc,heap     ] GC(82) Old regions: 78->83
[2026-03-27T03:19:25.323+0900][9.728s][info][gc,heap     ] GC(82) Archive regions: 0->0
[2026-03-27T03:19:25.323+0900][9.728s][info][gc,heap     ] GC(82) Humongous regions: 5->0
[2026-03-27T03:19:25.323+0900][9.728s][info][gc,metaspace] GC(82) Metaspace: 283K(512K)->283K(512K) NonClass: 271K(384K)->271K(384K) Class: 12K(128K)->12K(128K)
[2026-03-27T03:19:25.323+0900][9.728s][info][gc          ] GC(82) Pause Young (Normal) (G1 Evacuation Pause) 389M->339M(456M) 2.728ms
[2026-03-27T03:19:25.323+0900][9.728s][info][gc,cpu      ] GC(82) User=0.00s Sys=0.00s Real=0.00s
[2026-03-27T03:19:25.429+0900][9.833s][info][gc,start    ] GC(83) Pause Young (Normal) (G1 Evacuation Pause)
[2026-03-27T03:19:25.429+0900][9.833s][info][gc,task     ] GC(83) Using 10 workers of 14 for evacuation
[2026-03-27T03:19:25.431+0900][9.835s][info][gc,phases   ] GC(83)   Pre Evacuate Collection Set: 0.3ms
[2026-03-27T03:19:25.431+0900][9.835s][info][gc,phases   ] GC(83)   Merge Heap Roots: 0.1ms
[2026-03-27T03:19:25.431+0900][9.835s][info][gc,phases   ] GC(83)   Evacuate Collection Set: 0.9ms
[2026-03-27T03:19:25.431+0900][9.835s][info][gc,phases   ] GC(83)   Post Evacuate Collection Set: 0.3ms
[2026-03-27T03:19:25.431+0900][9.835s][info][gc,phases   ] GC(83)   Other: 0.2ms
[2026-03-27T03:19:25.431+0900][9.835s][info][gc,heap     ] GC(83) Eden regions: 9->0(7)
[2026-03-27T03:19:25.431+0900][9.835s][info][gc,heap     ] GC(83) Survivor regions: 2->2(2)
[2026-03-27T03:19:25.431+0900][9.835s][info][gc,heap     ] GC(83) Old regions: 83->87
[2026-03-27T03:19:25.431+0900][9.835s][info][gc,heap     ] GC(83) Archive regions: 0->0
[2026-03-27T03:19:25.431+0900][9.835s][info][gc,heap     ] GC(83) Humongous regions: 4->0
[2026-03-27T03:19:25.431+0900][9.835s][info][gc,metaspace] GC(83) Metaspace: 283K(512K)->283K(512K) NonClass: 271K(384K)->271K(384K) Class: 12K(128K)->12K(128K)
[2026-03-27T03:19:25.431+0900][9.835s][info][gc          ] GC(83) Pause Young (Normal) (G1 Evacuation Pause) 390M->353M(456M) 1.882ms
[2026-03-27T03:19:25.431+0900][9.835s][info][gc,cpu      ] GC(83) User=0.00s Sys=0.00s Real=0.00s
[2026-03-27T03:19:25.536+0900][9.941s][info][gc,start    ] GC(84) Pause Young (Normal) (G1 Evacuation Pause)
[2026-03-27T03:19:25.536+0900][9.941s][info][gc,task     ] GC(84) Using 10 workers of 14 for evacuation
[2026-03-27T03:19:25.538+0900][9.942s][info][gc,phases   ] GC(84)   Pre Evacuate Collection Set: 0.2ms
[2026-03-27T03:19:25.538+0900][9.942s][info][gc,phases   ] GC(84)   Merge Heap Roots: 0.1ms
[2026-03-27T03:19:25.538+0900][9.942s][info][gc,phases   ] GC(84)   Evacuate Collection Set: 0.8ms
[2026-03-27T03:19:25.538+0900][9.942s][info][gc,phases   ] GC(84)   Post Evacuate Collection Set: 0.3ms
[2026-03-27T03:19:25.538+0900][9.942s][info][gc,phases   ] GC(84)   Other: 0.1ms
[2026-03-27T03:19:25.538+0900][9.942s][info][gc,heap     ] GC(84) Eden regions: 7->0(6)
[2026-03-27T03:19:25.538+0900][9.942s][info][gc,heap     ] GC(84) Survivor regions: 2->2(2)
[2026-03-27T03:19:25.538+0900][9.942s][info][gc,heap     ] GC(84) Old regions: 87->89
[2026-03-27T03:19:25.538+0900][9.942s][info][gc,heap     ] GC(84) Archive regions: 0->0
[2026-03-27T03:19:25.538+0900][9.942s][info][gc,heap     ] GC(84) Humongous regions: 3->0
[2026-03-27T03:19:25.538+0900][9.942s][info][gc,metaspace] GC(84) Metaspace: 283K(512K)->283K(512K) NonClass: 271K(384K)->271K(384K) Class: 12K(128K)->12K(128K)
[2026-03-27T03:19:25.538+0900][9.942s][info][gc          ] GC(84) Pause Young (Normal) (G1 Evacuation Pause) 392M->362M(456M) 1.560ms
[2026-03-27T03:19:25.538+0900][9.942s][info][gc,cpu      ] GC(84) User=0.00s Sys=0.00s Real=0.00s
[2026-03-27T03:19:25.540+0900][9.945s][info][gc,start    ] GC(85) Pause Young (Normal) (G1 Evacuation Pause)
[2026-03-27T03:19:25.540+0900][9.945s][info][gc,task     ] GC(85) Using 10 workers of 14 for evacuation
[2026-03-27T03:19:25.541+0900][9.946s][info][gc,phases   ] GC(85)   Pre Evacuate Collection Set: 0.1ms
[2026-03-27T03:19:25.541+0900][9.946s][info][gc,phases   ] GC(85)   Merge Heap Roots: 0.1ms
[2026-03-27T03:19:25.541+0900][9.946s][info][gc,phases   ] GC(85)   Evacuate Collection Set: 0.9ms
[2026-03-27T03:19:25.541+0900][9.946s][info][gc,phases   ] GC(85)   Post Evacuate Collection Set: 0.2ms
[2026-03-27T03:19:25.541+0900][9.946s][info][gc,phases   ] GC(85)   Other: 0.1ms
[2026-03-27T03:19:25.541+0900][9.946s][info][gc,heap     ] GC(85) Eden regions: 6->0(5)
[2026-03-27T03:19:25.541+0900][9.946s][info][gc,heap     ] GC(85) Survivor regions: 2->1(1)
[2026-03-27T03:19:25.541+0900][9.946s][info][gc,heap     ] GC(85) Old regions: 89->92
[2026-03-27T03:19:25.541+0900][9.946s][info][gc,heap     ] GC(85) Archive regions: 0->0
[2026-03-27T03:19:25.541+0900][9.946s][info][gc,heap     ] GC(85) Humongous regions: 2->0
[2026-03-27T03:19:25.541+0900][9.946s][info][gc,metaspace] GC(85) Metaspace: 283K(512K)->283K(512K) NonClass: 271K(384K)->271K(384K) Class: 12K(128K)->12K(128K)
[2026-03-27T03:19:25.541+0900][9.946s][info][gc          ] GC(85) Pause Young (Normal) (G1 Evacuation Pause) 393M->371M(456M) 1.494ms
[2026-03-27T03:19:25.542+0900][9.946s][info][gc,cpu      ] GC(85) User=0.00s Sys=0.00s Real=0.00s
[2026-03-27T03:19:25.645+0900][10.049s][info][gc,start    ] GC(86) Pause Young (Normal) (G1 Evacuation Pause)
[2026-03-27T03:19:25.645+0900][10.050s][info][gc,task     ] GC(86) Using 10 workers of 14 for evacuation
[2026-03-27T03:19:25.647+0900][10.052s][info][gc,phases   ] GC(86)   Pre Evacuate Collection Set: 0.3ms
[2026-03-27T03:19:25.647+0900][10.052s][info][gc,phases   ] GC(86)   Merge Heap Roots: 0.3ms
[2026-03-27T03:19:25.647+0900][10.052s][info][gc,phases   ] GC(86)   Evacuate Collection Set: 1.1ms
[2026-03-27T03:19:25.647+0900][10.052s][info][gc,phases   ] GC(86)   Post Evacuate Collection Set: 0.5ms
[2026-03-27T03:19:25.647+0900][10.052s][info][gc,phases   ] GC(86)   Other: 0.2ms
[2026-03-27T03:19:25.647+0900][10.052s][info][gc,heap     ] GC(86) Eden regions: 5->0(4)
[2026-03-27T03:19:25.647+0900][10.052s][info][gc,heap     ] GC(86) Survivor regions: 1->1(1)
[2026-03-27T03:19:25.647+0900][10.052s][info][gc,heap     ] GC(86) Old regions: 92->94
[2026-03-27T03:19:25.647+0900][10.052s][info][gc,heap     ] GC(86) Archive regions: 0->0
[2026-03-27T03:19:25.647+0900][10.052s][info][gc,heap     ] GC(86) Humongous regions: 3->0
[2026-03-27T03:19:25.647+0900][10.052s][info][gc,metaspace] GC(86) Metaspace: 283K(512K)->283K(512K) NonClass: 271K(384K)->271K(384K) Class: 12K(128K)->12K(128K)
[2026-03-27T03:19:25.647+0900][10.052s][info][gc          ] GC(86) Pause Young (Normal) (G1 Evacuation Pause) 402M->378M(456M) 2.399ms
[2026-03-27T03:19:25.647+0900][10.052s][info][gc,cpu      ] GC(86) User=0.00s Sys=0.00s Real=0.00s
[2026-03-27T03:19:25.649+0900][10.054s][info][gc,start    ] GC(87) Pause Young (Normal) (G1 Evacuation Pause)
[2026-03-27T03:19:25.649+0900][10.054s][info][gc,task     ] GC(87) Using 10 workers of 14 for evacuation
[2026-03-27T03:19:25.650+0900][10.055s][info][gc,phases   ] GC(87)   Pre Evacuate Collection Set: 0.1ms
[2026-03-27T03:19:25.650+0900][10.055s][info][gc,phases   ] GC(87)   Merge Heap Roots: 0.1ms
[2026-03-27T03:19:25.650+0900][10.055s][info][gc,phases   ] GC(87)   Evacuate Collection Set: 0.5ms
[2026-03-27T03:19:25.650+0900][10.055s][info][gc,phases   ] GC(87)   Post Evacuate Collection Set: 0.3ms
[2026-03-27T03:19:25.650+0900][10.055s][info][gc,phases   ] GC(87)   Other: 0.1ms
[2026-03-27T03:19:25.650+0900][10.055s][info][gc,heap     ] GC(87) Eden regions: 4->0(4)
[2026-03-27T03:19:25.650+0900][10.055s][info][gc,heap     ] GC(87) Survivor regions: 1->1(1)
[2026-03-27T03:19:25.650+0900][10.055s][info][gc,heap     ] GC(87) Old regions: 94->95
[2026-03-27T03:19:25.650+0900][10.055s][info][gc,heap     ] GC(87) Archive regions: 0->0
[2026-03-27T03:19:25.650+0900][10.055s][info][gc,heap     ] GC(87) Humongous regions: 1->0
[2026-03-27T03:19:25.650+0900][10.055s][info][gc,metaspace] GC(87) Metaspace: 283K(512K)->283K(512K) NonClass: 271K(384K)->271K(384K) Class: 12K(128K)->12K(128K)
[2026-03-27T03:19:25.650+0900][10.055s][info][gc          ] GC(87) Pause Young (Normal) (G1 Evacuation Pause) 397M->383M(456M) 1.156ms
[2026-03-27T03:19:25.650+0900][10.055s][info][gc,cpu      ] GC(87) User=0.00s Sys=0.00s Real=0.00s
[2026-03-27T03:19:25.766+0900][10.171s][info][gc,start    ] GC(88) Pause Young (Normal) (G1 Evacuation Pause)
[2026-03-27T03:19:25.766+0900][10.171s][info][gc,task     ] GC(88) Using 10 workers of 14 for evacuation
[2026-03-27T03:19:25.768+0900][10.173s][info][gc,phases   ] GC(88)   Pre Evacuate Collection Set: 0.1ms
[2026-03-27T03:19:25.768+0900][10.173s][info][gc,phases   ] GC(88)   Merge Heap Roots: 0.1ms
[2026-03-27T03:19:25.768+0900][10.173s][info][gc,phases   ] GC(88)   Evacuate Collection Set: 0.6ms
[2026-03-27T03:19:25.768+0900][10.173s][info][gc,phases   ] GC(88)   Post Evacuate Collection Set: 0.8ms
[2026-03-27T03:19:25.768+0900][10.173s][info][gc,phases   ] GC(88)   Other: 0.2ms
[2026-03-27T03:19:25.768+0900][10.173s][info][gc,heap     ] GC(88) Eden regions: 4->0(4)
[2026-03-27T03:19:25.768+0900][10.173s][info][gc,heap     ] GC(88) Survivor regions: 1->1(1)
[2026-03-27T03:19:25.768+0900][10.173s][info][gc,heap     ] GC(88) Old regions: 95->97
[2026-03-27T03:19:25.768+0900][10.173s][info][gc,heap     ] GC(88) Archive regions: 0->0
[2026-03-27T03:19:25.768+0900][10.173s][info][gc,heap     ] GC(88) Humongous regions: 2->0
[2026-03-27T03:19:25.768+0900][10.173s][info][gc,metaspace] GC(88) Metaspace: 283K(512K)->283K(512K) NonClass: 271K(384K)->271K(384K) Class: 12K(128K)->12K(128K)
[2026-03-27T03:19:25.768+0900][10.173s][info][gc          ] GC(88) Pause Young (Normal) (G1 Evacuation Pause) 406M->389M(456M) 2.124ms
[2026-03-27T03:19:25.768+0900][10.173s][info][gc,cpu      ] GC(88) User=0.00s Sys=0.09s Real=0.00s
[2026-03-27T03:19:25.770+0900][10.175s][info][gc,start    ] GC(89) Pause Young (Normal) (G1 Evacuation Pause)
[2026-03-27T03:19:25.770+0900][10.175s][info][gc,task     ] GC(89) Using 10 workers of 14 for evacuation
[2026-03-27T03:19:25.771+0900][10.177s][info][gc,phases   ] GC(89)   Pre Evacuate Collection Set: 0.1ms
[2026-03-27T03:19:25.771+0900][10.177s][info][gc,phases   ] GC(89)   Merge Heap Roots: 0.2ms
[2026-03-27T03:19:25.771+0900][10.177s][info][gc,phases   ] GC(89)   Evacuate Collection Set: 0.5ms
[2026-03-27T03:19:25.771+0900][10.177s][info][gc,phases   ] GC(89)   Post Evacuate Collection Set: 0.6ms
[2026-03-27T03:19:25.771+0900][10.177s][info][gc,phases   ] GC(89)   Other: 0.1ms
[2026-03-27T03:19:25.771+0900][10.177s][info][gc,heap     ] GC(89) Eden regions: 4->0(4)
[2026-03-27T03:19:25.771+0900][10.177s][info][gc,heap     ] GC(89) Survivor regions: 1->1(1)
[2026-03-27T03:19:25.771+0900][10.177s][info][gc,heap     ] GC(89) Old regions: 97->98
[2026-03-27T03:19:25.771+0900][10.177s][info][gc,heap     ] GC(89) Archive regions: 0->0
[2026-03-27T03:19:25.771+0900][10.177s][info][gc,heap     ] GC(89) Humongous regions: 2->0
[2026-03-27T03:19:25.771+0900][10.177s][info][gc,metaspace] GC(89) Metaspace: 283K(512K)->283K(512K) NonClass: 271K(384K)->271K(384K) Class: 12K(128K)->12K(128K)
[2026-03-27T03:19:25.771+0900][10.177s][info][gc          ] GC(89) Pause Young (Normal) (G1 Evacuation Pause) 412M->395M(456M) 1.587ms
[2026-03-27T03:19:25.771+0900][10.177s][info][gc,cpu      ] GC(89) User=0.00s Sys=0.00s Real=0.00s
[2026-03-27T03:19:25.773+0900][10.178s][info][gc,start    ] GC(90) Pause Young (Normal) (G1 Evacuation Pause)
[2026-03-27T03:19:25.773+0900][10.178s][info][gc,task     ] GC(90) Using 10 workers of 14 for evacuation
[2026-03-27T03:19:25.774+0900][10.180s][info][gc,phases   ] GC(90)   Pre Evacuate Collection Set: 0.2ms
[2026-03-27T03:19:25.774+0900][10.180s][info][gc,phases   ] GC(90)   Merge Heap Roots: 0.2ms
[2026-03-27T03:19:25.774+0900][10.180s][info][gc,phases   ] GC(90)   Evacuate Collection Set: 0.5ms
[2026-03-27T03:19:25.774+0900][10.180s][info][gc,phases   ] GC(90)   Post Evacuate Collection Set: 0.4ms
[2026-03-27T03:19:25.774+0900][10.180s][info][gc,phases   ] GC(90)   Other: 0.1ms
[2026-03-27T03:19:25.774+0900][10.180s][info][gc,heap     ] GC(90) Eden regions: 4->0(4)
[2026-03-27T03:19:25.774+0900][10.180s][info][gc,heap     ] GC(90) Survivor regions: 1->1(1)
[2026-03-27T03:19:25.774+0900][10.180s][info][gc,heap     ] GC(90) Old regions: 98->100
[2026-03-27T03:19:25.774+0900][10.180s][info][gc,heap     ] GC(90) Archive regions: 0->0
[2026-03-27T03:19:25.774+0900][10.180s][info][gc,heap     ] GC(90) Humongous regions: 1->0
[2026-03-27T03:19:25.774+0900][10.180s][info][gc,metaspace] GC(90) Metaspace: 283K(512K)->283K(512K) NonClass: 271K(384K)->271K(384K) Class: 12K(128K)->12K(128K)
[2026-03-27T03:19:25.774+0900][10.180s][info][gc          ] GC(90) Pause Young (Normal) (G1 Evacuation Pause) 414M->401M(456M) 1.447ms
[2026-03-27T03:19:25.774+0900][10.180s][info][gc,cpu      ] GC(90) User=0.00s Sys=0.00s Real=0.00s
[2026-03-27T03:19:25.891+0900][10.296s][info][gc,start    ] GC(91) Pause Young (Normal) (G1 Evacuation Pause)
[2026-03-27T03:19:25.891+0900][10.296s][info][gc,task     ] GC(91) Using 10 workers of 14 for evacuation
[2026-03-27T03:19:25.893+0900][10.298s][info][gc,phases   ] GC(91)   Pre Evacuate Collection Set: 0.2ms
[2026-03-27T03:19:25.893+0900][10.298s][info][gc,phases   ] GC(91)   Merge Heap Roots: 0.2ms
[2026-03-27T03:19:25.893+0900][10.298s][info][gc,phases   ] GC(91)   Evacuate Collection Set: 0.7ms
[2026-03-27T03:19:25.893+0900][10.298s][info][gc,phases   ] GC(91)   Post Evacuate Collection Set: 0.9ms
[2026-03-27T03:19:25.893+0900][10.298s][info][gc,phases   ] GC(91)   Other: 0.2ms
[2026-03-27T03:19:25.893+0900][10.298s][info][gc,heap     ] GC(91) Eden regions: 4->0(5)
[2026-03-27T03:19:25.893+0900][10.298s][info][gc,heap     ] GC(91) Survivor regions: 1->1(1)
[2026-03-27T03:19:25.893+0900][10.298s][info][gc,heap     ] GC(91) Old regions: 100->101
[2026-03-27T03:19:25.893+0900][10.298s][info][gc,heap     ] GC(91) Archive regions: 0->0
[2026-03-27T03:19:25.893+0900][10.298s][info][gc,heap     ] GC(91) Humongous regions: 2->0
[2026-03-27T03:19:25.893+0900][10.298s][info][gc,metaspace] GC(91) Metaspace: 283K(512K)->283K(512K) NonClass: 271K(384K)->271K(384K) Class: 12K(128K)->12K(128K)
[2026-03-27T03:19:25.893+0900][10.298s][info][gc          ] GC(91) Pause Young (Normal) (G1 Evacuation Pause) 424M->406M(480M) 2.419ms
[2026-03-27T03:19:25.893+0900][10.298s][info][gc,cpu      ] GC(91) User=0.05s Sys=0.08s Real=0.00s
[2026-03-27T03:19:25.896+0900][10.302s][info][gc,start    ] GC(92) Pause Young (Concurrent Start) (G1 Humongous Allocation)
[2026-03-27T03:19:25.896+0900][10.302s][info][gc,task     ] GC(92) Using 11 workers of 14 for evacuation
[2026-03-27T03:19:25.898+0900][10.303s][info][gc,phases   ] GC(92)   Pre Evacuate Collection Set: 0.2ms
[2026-03-27T03:19:25.898+0900][10.303s][info][gc,phases   ] GC(92)   Merge Heap Roots: 0.1ms
[2026-03-27T03:19:25.898+0900][10.303s][info][gc,phases   ] GC(92)   Evacuate Collection Set: 0.6ms
[2026-03-27T03:19:25.898+0900][10.303s][info][gc,phases   ] GC(92)   Post Evacuate Collection Set: 0.4ms
[2026-03-27T03:19:25.898+0900][10.303s][info][gc,phases   ] GC(92)   Other: 0.1ms
[2026-03-27T03:19:25.898+0900][10.303s][info][gc,heap     ] GC(92) Eden regions: 4->0(5)
[2026-03-27T03:19:25.898+0900][10.303s][info][gc,heap     ] GC(92) Survivor regions: 1->1(1)
[2026-03-27T03:19:25.898+0900][10.303s][info][gc,heap     ] GC(92) Old regions: 101->102
[2026-03-27T03:19:25.898+0900][10.303s][info][gc,heap     ] GC(92) Archive regions: 0->0
[2026-03-27T03:19:25.898+0900][10.303s][info][gc,heap     ] GC(92) Humongous regions: 1->0
[2026-03-27T03:19:25.898+0900][10.303s][info][gc,metaspace] GC(92) Metaspace: 283K(512K)->283K(512K) NonClass: 271K(384K)->271K(384K) Class: 12K(128K)->12K(128K)
[2026-03-27T03:19:25.898+0900][10.303s][info][gc          ] GC(92) Pause Young (Concurrent Start) (G1 Humongous Allocation) 423M->411M(480M) 1.590ms
[2026-03-27T03:19:25.898+0900][10.303s][info][gc,cpu      ] GC(92) User=0.00s Sys=0.00s Real=0.00s
[2026-03-27T03:19:25.898+0900][10.303s][info][gc          ] GC(93) Concurrent Undo Cycle
[2026-03-27T03:19:25.898+0900][10.303s][info][gc,marking  ] GC(93) Concurrent Cleanup for Next Mark
[2026-03-27T03:19:25.898+0900][10.304s][info][gc,marking  ] GC(93) Concurrent Cleanup for Next Mark 0.358ms
[2026-03-27T03:19:25.898+0900][10.304s][info][gc          ] GC(93) Concurrent Undo Cycle 0.438ms
[2026-03-27T03:19:26.015+0900][10.420s][info][gc,start    ] GC(94) Pause Young (Concurrent Start) (G1 Humongous Allocation)
[2026-03-27T03:19:26.015+0900][10.420s][info][gc,task     ] GC(94) Using 11 workers of 14 for evacuation
[2026-03-27T03:19:26.017+0900][10.422s][info][gc,phases   ] GC(94)   Pre Evacuate Collection Set: 0.2ms
[2026-03-27T03:19:26.017+0900][10.422s][info][gc,phases   ] GC(94)   Merge Heap Roots: 0.2ms
[2026-03-27T03:19:26.017+0900][10.422s][info][gc,phases   ] GC(94)   Evacuate Collection Set: 0.7ms
[2026-03-27T03:19:26.017+0900][10.422s][info][gc,phases   ] GC(94)   Post Evacuate Collection Set: 0.5ms
[2026-03-27T03:19:26.017+0900][10.422s][info][gc,phases   ] GC(94)   Other: 0.2ms
[2026-03-27T03:19:26.017+0900][10.422s][info][gc,heap     ] GC(94) Eden regions: 3->0(5)
[2026-03-27T03:19:26.017+0900][10.422s][info][gc,heap     ] GC(94) Survivor regions: 1->1(1)
[2026-03-27T03:19:26.017+0900][10.422s][info][gc,heap     ] GC(94) Old regions: 102->103
[2026-03-27T03:19:26.017+0900][10.422s][info][gc,heap     ] GC(94) Archive regions: 0->0
[2026-03-27T03:19:26.017+0900][10.422s][info][gc,heap     ] GC(94) Humongous regions: 1->0
[2026-03-27T03:19:26.017+0900][10.422s][info][gc,metaspace] GC(94) Metaspace: 283K(512K)->283K(512K) NonClass: 271K(384K)->271K(384K) Class: 12K(128K)->12K(128K)
[2026-03-27T03:19:26.017+0900][10.422s][info][gc          ] GC(94) Pause Young (Concurrent Start) (G1 Humongous Allocation) 424M->414M(480M) 1.863ms
[2026-03-27T03:19:26.017+0900][10.422s][info][gc,cpu      ] GC(94) User=0.00s Sys=0.00s Real=0.00s
[2026-03-27T03:19:26.017+0900][10.422s][info][gc          ] GC(95) Concurrent Mark Cycle
[2026-03-27T03:19:26.017+0900][10.422s][info][gc,marking  ] GC(95) Concurrent Clear Claimed Marks
[2026-03-27T03:19:26.017+0900][10.422s][info][gc,marking  ] GC(95) Concurrent Clear Claimed Marks 0.022ms
[2026-03-27T03:19:26.017+0900][10.422s][info][gc,marking  ] GC(95) Concurrent Scan Root Regions
[2026-03-27T03:19:26.017+0900][10.422s][info][gc,marking  ] GC(95) Concurrent Scan Root Regions 0.108ms
[2026-03-27T03:19:26.017+0900][10.422s][info][gc,marking  ] GC(95) Concurrent Mark
[2026-03-27T03:19:26.017+0900][10.422s][info][gc,marking  ] GC(95) Concurrent Mark From Roots
[2026-03-27T03:19:26.017+0900][10.422s][info][gc,task     ] GC(95) Using 4 workers of 4 for marking
[2026-03-27T03:19:26.018+0900][10.423s][info][gc,marking  ] GC(95) Concurrent Mark From Roots 0.811ms
[2026-03-27T03:19:26.018+0900][10.423s][info][gc,marking  ] GC(95) Concurrent Preclean
[2026-03-27T03:19:26.018+0900][10.423s][info][gc,marking  ] GC(95) Concurrent Preclean 0.041ms
[2026-03-27T03:19:26.018+0900][10.423s][info][gc,start    ] GC(95) Pause Remark
[2026-03-27T03:19:26.019+0900][10.424s][info][gc          ] GC(95) Pause Remark 430M->118M(416M) 0.557ms
[2026-03-27T03:19:26.019+0900][10.424s][info][gc,cpu      ] GC(95) User=0.00s Sys=0.00s Real=0.00s
[2026-03-27T03:19:26.019+0900][10.424s][info][gc,marking  ] GC(95) Concurrent Mark 1.704ms
[2026-03-27T03:19:26.019+0900][10.424s][info][gc,marking  ] GC(95) Concurrent Rebuild Remembered Sets
[2026-03-27T03:19:26.019+0900][10.424s][info][gc,marking  ] GC(95) Concurrent Rebuild Remembered Sets 0.315ms
[2026-03-27T03:19:26.019+0900][10.424s][info][gc,start    ] GC(95) Pause Cleanup
[2026-03-27T03:19:26.019+0900][10.424s][info][gc          ] GC(95) Pause Cleanup 124M->124M(416M) 0.061ms
[2026-03-27T03:19:26.019+0900][10.424s][info][gc,cpu      ] GC(95) User=0.00s Sys=0.00s Real=0.00s
[2026-03-27T03:19:26.019+0900][10.424s][info][gc,marking  ] GC(95) Concurrent Cleanup for Next Mark
[2026-03-27T03:19:26.020+0900][10.425s][info][gc,marking  ] GC(95) Concurrent Cleanup for Next Mark 0.305ms
[2026-03-27T03:19:26.020+0900][10.425s][info][gc          ] GC(95) Concurrent Mark Cycle 2.880ms
[2026-03-27T03:19:26.020+0900][10.425s][info][gc,start    ] GC(96) Pause Young (Prepare Mixed) (G1 Evacuation Pause)
[2026-03-27T03:19:26.020+0900][10.425s][info][gc,task     ] GC(96) Using 10 workers of 14 for evacuation
[2026-03-27T03:19:26.021+0900][10.426s][info][gc,phases   ] GC(96)   Pre Evacuate Collection Set: 0.0ms
[2026-03-27T03:19:26.021+0900][10.426s][info][gc,phases   ] GC(96)   Merge Heap Roots: 0.0ms
[2026-03-27T03:19:26.021+0900][10.426s][info][gc,phases   ] GC(96)   Evacuate Collection Set: 0.5ms
[2026-03-27T03:19:26.021+0900][10.426s][info][gc,phases   ] GC(96)   Post Evacuate Collection Set: 0.1ms
[2026-03-27T03:19:26.021+0900][10.426s][info][gc,phases   ] GC(96)   Other: 0.1ms
[2026-03-27T03:19:26.021+0900][10.426s][info][gc,heap     ] GC(96) Eden regions: 5->0(4)
[2026-03-27T03:19:26.021+0900][10.426s][info][gc,heap     ] GC(96) Survivor regions: 1->1(1)
[2026-03-27T03:19:26.021+0900][10.426s][info][gc,heap     ] GC(96) Old regions: 25->27
[2026-03-27T03:19:26.021+0900][10.426s][info][gc,heap     ] GC(96) Archive regions: 0->0
[2026-03-27T03:19:26.021+0900][10.426s][info][gc,heap     ] GC(96) Humongous regions: 3->0
[2026-03-27T03:19:26.021+0900][10.426s][info][gc,metaspace] GC(96) Metaspace: 283K(512K)->283K(512K) NonClass: 271K(384K)->271K(384K) Class: 12K(128K)->12K(128K)
[2026-03-27T03:19:26.021+0900][10.426s][info][gc          ] GC(96) Pause Young (Prepare Mixed) (G1 Evacuation Pause) 134M->109M(416M) 0.851ms
[2026-03-27T03:19:26.021+0900][10.426s][info][gc,cpu      ] GC(96) User=0.00s Sys=0.00s Real=0.00s
[2026-03-27T03:19:26.130+0900][10.535s][info][gc,start    ] GC(97) Pause Young (Mixed) (G1 Evacuation Pause)
[2026-03-27T03:19:26.130+0900][10.535s][info][gc,task     ] GC(97) Using 10 workers of 14 for evacuation
[2026-03-27T03:19:26.131+0900][10.536s][info][gc,phases   ] GC(97)   Pre Evacuate Collection Set: 0.0ms
[2026-03-27T03:19:26.131+0900][10.536s][info][gc,phases   ] GC(97)   Merge Heap Roots: 0.0ms
[2026-03-27T03:19:26.131+0900][10.536s][info][gc,phases   ] GC(97)   Evacuate Collection Set: 0.5ms
[2026-03-27T03:19:26.131+0900][10.536s][info][gc,phases   ] GC(97)   Post Evacuate Collection Set: 0.2ms
[2026-03-27T03:19:26.131+0900][10.536s][info][gc,phases   ] GC(97)   Other: 0.1ms
[2026-03-27T03:19:26.131+0900][10.536s][info][gc,heap     ] GC(97) Eden regions: 4->0(43)
[2026-03-27T03:19:26.131+0900][10.536s][info][gc,heap     ] GC(97) Survivor regions: 1->1(1)
[2026-03-27T03:19:26.131+0900][10.536s][info][gc,heap     ] GC(97) Old regions: 27->23
[2026-03-27T03:19:26.131+0900][10.536s][info][gc,heap     ] GC(97) Archive regions: 0->0
[2026-03-27T03:19:26.131+0900][10.536s][info][gc,heap     ] GC(97) Humongous regions: 1->0
[2026-03-27T03:19:26.131+0900][10.536s][info][gc,metaspace] GC(97) Metaspace: 283K(512K)->283K(512K) NonClass: 271K(384K)->271K(384K) Class: 12K(128K)->12K(128K)
[2026-03-27T03:19:26.131+0900][10.536s][info][gc          ] GC(97) Pause Young (Mixed) (G1 Evacuation Pause) 128M->94M(416M) 0.935ms
[2026-03-27T03:19:26.131+0900][10.536s][info][gc,cpu      ] GC(97) User=0.00s Sys=0.00s Real=0.00s
[2026-03-27T03:19:26.567+0900][10.972s][info][gc,start    ] GC(98) Pause Young (Normal) (G1 Evacuation Pause)
[2026-03-27T03:19:26.567+0900][10.972s][info][gc,task     ] GC(98) Using 10 workers of 14 for evacuation
[2026-03-27T03:19:26.571+0900][10.976s][info][gc,phases   ] GC(98)   Pre Evacuate Collection Set: 0.3ms
[2026-03-27T03:19:26.571+0900][10.976s][info][gc,phases   ] GC(98)   Merge Heap Roots: 0.2ms
[2026-03-27T03:19:26.571+0900][10.976s][info][gc,phases   ] GC(98)   Evacuate Collection Set: 2.3ms
[2026-03-27T03:19:26.571+0900][10.976s][info][gc,phases   ] GC(98)   Post Evacuate Collection Set: 1.0ms
[2026-03-27T03:19:26.571+0900][10.976s][info][gc,phases   ] GC(98)   Other: 0.2ms
[2026-03-27T03:19:26.571+0900][10.976s][info][gc,heap     ] GC(98) Eden regions: 43->0(33)
[2026-03-27T03:19:26.571+0900][10.976s][info][gc,heap     ] GC(98) Survivor regions: 1->6(6)
[2026-03-27T03:19:26.571+0900][10.976s][info][gc,heap     ] GC(98) Old regions: 23->34
[2026-03-27T03:19:26.571+0900][10.976s][info][gc,heap     ] GC(98) Archive regions: 0->0
[2026-03-27T03:19:26.571+0900][10.976s][info][gc,heap     ] GC(98) Humongous regions: 19->0
[2026-03-27T03:19:26.571+0900][10.976s][info][gc,metaspace] GC(98) Metaspace: 283K(512K)->283K(512K) NonClass: 271K(384K)->271K(384K) Class: 12K(128K)->12K(128K)
[2026-03-27T03:19:26.571+0900][10.976s][info][gc          ] GC(98) Pause Young (Normal) (G1 Evacuation Pause) 342M->156M(416M) 4.087ms
[2026-03-27T03:19:26.571+0900][10.976s][info][gc,cpu      ] GC(98) User=0.00s Sys=0.00s Real=0.00s
[2026-03-27T03:19:27.014+0900][11.418s][info][gc,start    ] GC(99) Pause Young (Normal) (G1 Evacuation Pause)
[2026-03-27T03:19:27.014+0900][11.418s][info][gc,task     ] GC(99) Using 10 workers of 14 for evacuation
[2026-03-27T03:19:27.017+0900][11.422s][info][gc,phases   ] GC(99)   Pre Evacuate Collection Set: 0.3ms
[2026-03-27T03:19:27.017+0900][11.422s][info][gc,phases   ] GC(99)   Merge Heap Roots: 0.3ms
[2026-03-27T03:19:27.017+0900][11.422s][info][gc,phases   ] GC(99)   Evacuate Collection Set: 2.1ms
[2026-03-27T03:19:27.017+0900][11.422s][info][gc,phases   ] GC(99)   Post Evacuate Collection Set: 0.9ms
[2026-03-27T03:19:27.017+0900][11.422s][info][gc,phases   ] GC(99)   Other: 0.2ms
[2026-03-27T03:19:27.017+0900][11.422s][info][gc,heap     ] GC(99) Eden regions: 33->0(28)
[2026-03-27T03:19:27.017+0900][11.422s][info][gc,heap     ] GC(99) Survivor regions: 6->5(5)
[2026-03-27T03:19:27.017+0900][11.422s][info][gc,heap     ] GC(99) Old regions: 34->42
[2026-03-27T03:19:27.017+0900][11.422s][info][gc,heap     ] GC(99) Archive regions: 0->0
[2026-03-27T03:19:27.017+0900][11.422s][info][gc,heap     ] GC(99) Humongous regions: 14->0
[2026-03-27T03:19:27.017+0900][11.422s][info][gc,metaspace] GC(99) Metaspace: 283K(512K)->283K(512K) NonClass: 271K(384K)->271K(384K) Class: 12K(128K)->12K(128K)
[2026-03-27T03:19:27.017+0900][11.422s][info][gc          ] GC(99) Pause Young (Normal) (G1 Evacuation Pause) 343M->184M(416M) 3.864ms
[2026-03-27T03:19:27.017+0900][11.422s][info][gc,cpu      ] GC(99) User=0.00s Sys=0.02s Real=0.00s
[2026-03-27T03:19:27.340+0900][11.744s][info][gc,start    ] GC(100) Pause Young (Normal) (G1 Evacuation Pause)
[2026-03-27T03:19:27.340+0900][11.745s][info][gc,task     ] GC(100) Using 10 workers of 14 for evacuation
[2026-03-27T03:19:27.344+0900][11.749s][info][gc,phases   ] GC(100)   Pre Evacuate Collection Set: 0.2ms
[2026-03-27T03:19:27.344+0900][11.749s][info][gc,phases   ] GC(100)   Merge Heap Roots: 0.1ms
[2026-03-27T03:19:27.344+0900][11.749s][info][gc,phases   ] GC(100)   Evacuate Collection Set: 2.6ms
[2026-03-27T03:19:27.344+0900][11.749s][info][gc,phases   ] GC(100)   Post Evacuate Collection Set: 0.9ms
[2026-03-27T03:19:27.344+0900][11.749s][info][gc,phases   ] GC(100)   Other: 0.3ms
[2026-03-27T03:19:27.344+0900][11.749s][info][gc,heap     ] GC(100) Eden regions: 28->0(23)
[2026-03-27T03:19:27.344+0900][11.749s][info][gc,heap     ] GC(100) Survivor regions: 5->5(5)
[2026-03-27T03:19:27.344+0900][11.749s][info][gc,heap     ] GC(100) Old regions: 42->50
[2026-03-27T03:19:27.344+0900][11.749s][info][gc,heap     ] GC(100) Archive regions: 0->0
[2026-03-27T03:19:27.344+0900][11.749s][info][gc,heap     ] GC(100) Humongous regions: 12->0
[2026-03-27T03:19:27.344+0900][11.749s][info][gc,metaspace] GC(100) Metaspace: 283K(512K)->283K(512K) NonClass: 271K(384K)->271K(384K) Class: 12K(128K)->12K(128K)
[2026-03-27T03:19:27.344+0900][11.749s][info][gc          ] GC(100) Pause Young (Normal) (G1 Evacuation Pause) 343M->218M(416M) 4.338ms
[2026-03-27T03:19:27.344+0900][11.749s][info][gc,cpu      ] GC(100) User=0.00s Sys=0.00s Real=0.00s
[2026-03-27T03:19:27.559+0900][11.964s][info][gc,start    ] GC(101) Pause Young (Normal) (G1 Evacuation Pause)
[2026-03-27T03:19:27.559+0900][11.964s][info][gc,task     ] GC(101) Using 10 workers of 14 for evacuation
[2026-03-27T03:19:27.563+0900][11.968s][info][gc,phases   ] GC(101)   Pre Evacuate Collection Set: 0.2ms
[2026-03-27T03:19:27.563+0900][11.968s][info][gc,phases   ] GC(101)   Merge Heap Roots: 0.2ms
[2026-03-27T03:19:27.563+0900][11.968s][info][gc,phases   ] GC(101)   Evacuate Collection Set: 2.3ms
[2026-03-27T03:19:27.563+0900][11.968s][info][gc,phases   ] GC(101)   Post Evacuate Collection Set: 0.9ms
[2026-03-27T03:19:27.564+0900][11.968s][info][gc,phases   ] GC(101)   Other: 0.2ms
[2026-03-27T03:19:27.564+0900][11.968s][info][gc,heap     ] GC(101) Eden regions: 23->0(17)
[2026-03-27T03:19:27.564+0900][11.968s][info][gc,heap     ] GC(101) Survivor regions: 5->4(4)
[2026-03-27T03:19:27.564+0900][11.968s][info][gc,heap     ] GC(101) Old regions: 50->60
[2026-03-27T03:19:27.564+0900][11.968s][info][gc,heap     ] GC(101) Archive regions: 0->0
[2026-03-27T03:19:27.564+0900][11.968s][info][gc,heap     ] GC(101) Humongous regions: 10->0
[2026-03-27T03:19:27.564+0900][11.968s][info][gc,metaspace] GC(101) Metaspace: 283K(512K)->283K(512K) NonClass: 271K(384K)->271K(384K) Class: 12K(128K)->12K(128K)
[2026-03-27T03:19:27.564+0900][11.968s][info][gc          ] GC(101) Pause Young (Normal) (G1 Evacuation Pause) 349M->252M(416M) 4.078ms
[2026-03-27T03:19:27.564+0900][11.968s][info][gc,cpu      ] GC(101) User=0.00s Sys=0.00s Real=0.00s
[2026-03-27T03:19:27.791+0900][12.196s][info][gc,start    ] GC(102) Pause Young (Normal) (G1 Evacuation Pause)
[2026-03-27T03:19:27.791+0900][12.196s][info][gc,task     ] GC(102) Using 10 workers of 14 for evacuation
[2026-03-27T03:19:27.794+0900][12.199s][info][gc,phases   ] GC(102)   Pre Evacuate Collection Set: 0.3ms
[2026-03-27T03:19:27.794+0900][12.199s][info][gc,phases   ] GC(102)   Merge Heap Roots: 0.3ms
[2026-03-27T03:19:27.794+0900][12.199s][info][gc,phases   ] GC(102)   Evacuate Collection Set: 1.8ms
[2026-03-27T03:19:27.794+0900][12.199s][info][gc,phases   ] GC(102)   Post Evacuate Collection Set: 0.9ms
[2026-03-27T03:19:27.794+0900][12.199s][info][gc,phases   ] GC(102)   Other: 0.2ms
[2026-03-27T03:19:27.794+0900][12.199s][info][gc,heap     ] GC(102) Eden regions: 17->0(13)
[2026-03-27T03:19:27.794+0900][12.199s][info][gc,heap     ] GC(102) Survivor regions: 4->3(3)
[2026-03-27T03:19:27.794+0900][12.199s][info][gc,heap     ] GC(102) Old regions: 60->67
[2026-03-27T03:19:27.794+0900][12.199s][info][gc,heap     ] GC(102) Archive regions: 0->0
[2026-03-27T03:19:27.794+0900][12.199s][info][gc,heap     ] GC(102) Humongous regions: 7->0
[2026-03-27T03:19:27.794+0900][12.199s][info][gc,metaspace] GC(102) Metaspace: 283K(512K)->283K(512K) NonClass: 271K(384K)->271K(384K) Class: 12K(128K)->12K(128K)
[2026-03-27T03:19:27.794+0900][12.200s][info][gc          ] GC(102) Pause Young (Normal) (G1 Evacuation Pause) 347M->276M(416M) 3.687ms
[2026-03-27T03:19:27.794+0900][12.200s][info][gc,cpu      ] GC(102) User=0.00s Sys=0.00s Real=0.00s
[2026-03-27T03:19:27.902+0900][12.307s][info][gc,start    ] GC(103) Pause Young (Normal) (G1 Evacuation Pause)
[2026-03-27T03:19:27.902+0900][12.307s][info][gc,task     ] GC(103) Using 10 workers of 14 for evacuation
[2026-03-27T03:19:27.905+0900][12.310s][info][gc,phases   ] GC(103)   Pre Evacuate Collection Set: 0.2ms
[2026-03-27T03:19:27.905+0900][12.310s][info][gc,phases   ] GC(103)   Merge Heap Roots: 0.2ms
[2026-03-27T03:19:27.905+0900][12.310s][info][gc,phases   ] GC(103)   Evacuate Collection Set: 1.5ms
[2026-03-27T03:19:27.905+0900][12.310s][info][gc,phases   ] GC(103)   Post Evacuate Collection Set: 0.8ms
[2026-03-27T03:19:27.905+0900][12.310s][info][gc,phases   ] GC(103)   Other: 0.2ms
[2026-03-27T03:19:27.905+0900][12.310s][info][gc,heap     ] GC(103) Eden regions: 13->0(11)
[2026-03-27T03:19:27.905+0900][12.310s][info][gc,heap     ] GC(103) Survivor regions: 3->2(2)
[2026-03-27T03:19:27.906+0900][12.310s][info][gc,heap     ] GC(103) Old regions: 67->72
[2026-03-27T03:19:27.906+0900][12.310s][info][gc,heap     ] GC(103) Archive regions: 0->0
[2026-03-27T03:19:27.906+0900][12.310s][info][gc,heap     ] GC(103) Humongous regions: 6->0
[2026-03-27T03:19:27.906+0900][12.310s][info][gc,metaspace] GC(103) Metaspace: 283K(512K)->283K(512K) NonClass: 271K(384K)->271K(384K) Class: 12K(128K)->12K(128K)
[2026-03-27T03:19:27.906+0900][12.310s][info][gc          ] GC(103) Pause Young (Normal) (G1 Evacuation Pause) 351M->294M(416M) 3.203ms
[2026-03-27T03:19:27.906+0900][12.310s][info][gc,cpu      ] GC(103) User=0.00s Sys=0.00s Real=0.00s
[2026-03-27T03:19:28.012+0900][12.416s][info][gc,start    ] GC(104) Pause Young (Normal) (G1 Evacuation Pause)
[2026-03-27T03:19:28.012+0900][12.417s][info][gc,task     ] GC(104) Using 10 workers of 14 for evacuation
[2026-03-27T03:19:28.016+0900][12.420s][info][gc,phases   ] GC(104)   Pre Evacuate Collection Set: 0.3ms
[2026-03-27T03:19:28.016+0900][12.420s][info][gc,phases   ] GC(104)   Merge Heap Roots: 0.3ms
[2026-03-27T03:19:28.016+0900][12.420s][info][gc,phases   ] GC(104)   Evacuate Collection Set: 1.9ms
[2026-03-27T03:19:28.016+0900][12.420s][info][gc,phases   ] GC(104)   Post Evacuate Collection Set: 1.1ms
[2026-03-27T03:19:28.016+0900][12.420s][info][gc,phases   ] GC(104)   Other: 0.2ms
[2026-03-27T03:19:28.016+0900][12.420s][info][gc,heap     ] GC(104) Eden regions: 11->0(8)
[2026-03-27T03:19:28.016+0900][12.420s][info][gc,heap     ] GC(104) Survivor regions: 2->2(2)
[2026-03-27T03:19:28.016+0900][12.420s][info][gc,heap     ] GC(104) Old regions: 72->76
[2026-03-27T03:19:28.016+0900][12.420s][info][gc,heap     ] GC(104) Archive regions: 0->0
[2026-03-27T03:19:28.016+0900][12.420s][info][gc,heap     ] GC(104) Humongous regions: 4->0
[2026-03-27T03:19:28.016+0900][12.420s][info][gc,metaspace] GC(104) Metaspace: 283K(512K)->283K(512K) NonClass: 271K(384K)->271K(384K) Class: 12K(128K)->12K(128K)
[2026-03-27T03:19:28.016+0900][12.420s][info][gc          ] GC(104) Pause Young (Normal) (G1 Evacuation Pause) 353M->310M(416M) 3.837ms
[2026-03-27T03:19:28.016+0900][12.420s][info][gc,cpu      ] GC(104) User=0.00s Sys=0.00s Real=0.00s
[2026-03-27T03:19:28.121+0900][12.526s][info][gc,start    ] GC(105) Pause Young (Normal) (G1 Evacuation Pause)
[2026-03-27T03:19:28.134+0900][12.538s][info][gc,task     ] GC(105) Using 10 workers of 14 for evacuation
[2026-03-27T03:19:28.136+0900][12.541s][info][gc,phases   ] GC(105)   Pre Evacuate Collection Set: 0.3ms
[2026-03-27T03:19:28.136+0900][12.541s][info][gc,phases   ] GC(105)   Merge Heap Roots: 0.3ms
[2026-03-27T03:19:28.136+0900][12.541s][info][gc,phases   ] GC(105)   Evacuate Collection Set: 1.0ms
[2026-03-27T03:19:28.136+0900][12.541s][info][gc,phases   ] GC(105)   Post Evacuate Collection Set: 0.8ms
[2026-03-27T03:19:28.136+0900][12.541s][info][gc,phases   ] GC(105)   Other: 12.6ms
[2026-03-27T03:19:28.136+0900][12.541s][info][gc,heap     ] GC(105) Eden regions: 8->0(6)
[2026-03-27T03:19:28.136+0900][12.541s][info][gc,heap     ] GC(105) Survivor regions: 2->2(2)
[2026-03-27T03:19:28.136+0900][12.541s][info][gc,heap     ] GC(105) Old regions: 76->79
[2026-03-27T03:19:28.136+0900][12.541s][info][gc,heap     ] GC(105) Archive regions: 0->0
[2026-03-27T03:19:28.136+0900][12.541s][info][gc,heap     ] GC(105) Humongous regions: 4->0
[2026-03-27T03:19:28.136+0900][12.541s][info][gc,metaspace] GC(105) Metaspace: 283K(512K)->283K(512K) NonClass: 271K(384K)->271K(384K) Class: 12K(128K)->12K(128K)
[2026-03-27T03:19:28.136+0900][12.541s][info][gc          ] GC(105) Pause Young (Normal) (G1 Evacuation Pause) 357M->321M(416M) 15.156ms
[2026-03-27T03:19:28.136+0900][12.541s][info][gc,cpu      ] GC(105) User=0.00s Sys=0.00s Real=0.01s
[2026-03-27T03:19:28.243+0900][12.648s][info][gc,start    ] GC(106) Pause Young (Normal) (G1 Evacuation Pause)
[2026-03-27T03:19:28.243+0900][12.648s][info][gc,task     ] GC(106) Using 10 workers of 14 for evacuation
[2026-03-27T03:19:28.245+0900][12.650s][info][gc,phases   ] GC(106)   Pre Evacuate Collection Set: 0.2ms
[2026-03-27T03:19:28.245+0900][12.650s][info][gc,phases   ] GC(106)   Merge Heap Roots: 0.2ms
[2026-03-27T03:19:28.245+0900][12.650s][info][gc,phases   ] GC(106)   Evacuate Collection Set: 1.0ms
[2026-03-27T03:19:28.245+0900][12.650s][info][gc,phases   ] GC(106)   Post Evacuate Collection Set: 0.4ms
[2026-03-27T03:19:28.245+0900][12.650s][info][gc,phases   ] GC(106)   Other: 0.2ms
[2026-03-27T03:19:28.245+0900][12.650s][info][gc,heap     ] GC(106) Eden regions: 6->0(5)
[2026-03-27T03:19:28.245+0900][12.650s][info][gc,heap     ] GC(106) Survivor regions: 2->1(1)
[2026-03-27T03:19:28.245+0900][12.650s][info][gc,heap     ] GC(106) Old regions: 79->82
[2026-03-27T03:19:28.245+0900][12.650s][info][gc,heap     ] GC(106) Archive regions: 0->0
[2026-03-27T03:19:28.245+0900][12.650s][info][gc,heap     ] GC(106) Humongous regions: 2->0
[2026-03-27T03:19:28.245+0900][12.650s][info][gc,metaspace] GC(106) Metaspace: 283K(512K)->283K(512K) NonClass: 271K(384K)->271K(384K) Class: 12K(128K)->12K(128K)
[2026-03-27T03:19:28.245+0900][12.650s][info][gc          ] GC(106) Pause Young (Normal) (G1 Evacuation Pause) 352M->330M(416M) 2.258ms
[2026-03-27T03:19:28.245+0900][12.650s][info][gc,cpu      ] GC(106) User=0.00s Sys=0.00s Real=0.00s
[2026-03-27T03:19:28.248+0900][12.653s][info][gc,start    ] GC(107) Pause Young (Normal) (G1 Evacuation Pause)
[2026-03-27T03:19:28.248+0900][12.653s][info][gc,task     ] GC(107) Using 10 workers of 14 for evacuation
[2026-03-27T03:19:28.249+0900][12.654s][info][gc,phases   ] GC(107)   Pre Evacuate Collection Set: 0.2ms
[2026-03-27T03:19:28.249+0900][12.654s][info][gc,phases   ] GC(107)   Merge Heap Roots: 0.1ms
[2026-03-27T03:19:28.249+0900][12.654s][info][gc,phases   ] GC(107)   Evacuate Collection Set: 0.6ms
[2026-03-27T03:19:28.249+0900][12.654s][info][gc,phases   ] GC(107)   Post Evacuate Collection Set: 0.3ms
[2026-03-27T03:19:28.249+0900][12.654s][info][gc,phases   ] GC(107)   Other: 0.1ms
[2026-03-27T03:19:28.249+0900][12.654s][info][gc,heap     ] GC(107) Eden regions: 5->0(4)
[2026-03-27T03:19:28.249+0900][12.654s][info][gc,heap     ] GC(107) Survivor regions: 1->1(1)
[2026-03-27T03:19:28.249+0900][12.654s][info][gc,heap     ] GC(107) Old regions: 82->84
[2026-03-27T03:19:28.249+0900][12.654s][info][gc,heap     ] GC(107) Archive regions: 0->0
[2026-03-27T03:19:28.249+0900][12.654s][info][gc,heap     ] GC(107) Humongous regions: 2->0
[2026-03-27T03:19:28.249+0900][12.654s][info][gc,metaspace] GC(107) Metaspace: 283K(512K)->283K(512K) NonClass: 271K(384K)->271K(384K) Class: 12K(128K)->12K(128K)
[2026-03-27T03:19:28.249+0900][12.654s][info][gc          ] GC(107) Pause Young (Normal) (G1 Evacuation Pause) 357M->337M(416M) 1.315ms
[2026-03-27T03:19:28.249+0900][12.654s][info][gc,cpu      ] GC(107) User=0.00s Sys=0.00s Real=0.00s
[2026-03-27T03:19:28.353+0900][12.758s][info][gc,start    ] GC(108) Pause Young (Normal) (G1 Evacuation Pause)
[2026-03-27T03:19:28.353+0900][12.758s][info][gc,task     ] GC(108) Using 10 workers of 14 for evacuation
[2026-03-27T03:19:28.355+0900][12.760s][info][gc,phases   ] GC(108)   Pre Evacuate Collection Set: 0.3ms
[2026-03-27T03:19:28.355+0900][12.760s][info][gc,phases   ] GC(108)   Merge Heap Roots: 0.3ms
[2026-03-27T03:19:28.355+0900][12.760s][info][gc,phases   ] GC(108)   Evacuate Collection Set: 0.6ms
[2026-03-27T03:19:28.355+0900][12.760s][info][gc,phases   ] GC(108)   Post Evacuate Collection Set: 0.8ms
[2026-03-27T03:19:28.355+0900][12.760s][info][gc,phases   ] GC(108)   Other: 0.2ms
[2026-03-27T03:19:28.355+0900][12.760s][info][gc,heap     ] GC(108) Eden regions: 4->0(4)
[2026-03-27T03:19:28.355+0900][12.760s][info][gc,heap     ] GC(108) Survivor regions: 1->1(1)
[2026-03-27T03:19:28.355+0900][12.760s][info][gc,heap     ] GC(108) Old regions: 84->85
[2026-03-27T03:19:28.355+0900][12.760s][info][gc,heap     ] GC(108) Archive regions: 0->0
[2026-03-27T03:19:28.355+0900][12.760s][info][gc,heap     ] GC(108) Humongous regions: 2->0
[2026-03-27T03:19:28.355+0900][12.760s][info][gc,metaspace] GC(108) Metaspace: 283K(512K)->283K(512K) NonClass: 271K(384K)->271K(384K) Class: 12K(128K)->12K(128K)
[2026-03-27T03:19:28.355+0900][12.760s][info][gc          ] GC(108) Pause Young (Normal) (G1 Evacuation Pause) 360M->342M(416M) 2.311ms
[2026-03-27T03:19:28.355+0900][12.760s][info][gc,cpu      ] GC(108) User=0.00s Sys=0.00s Real=0.00s
[2026-03-27T03:19:28.357+0900][12.762s][info][gc,start    ] GC(109) Pause Young (Normal) (G1 Evacuation Pause)
[2026-03-27T03:19:28.357+0900][12.762s][info][gc,task     ] GC(109) Using 10 workers of 14 for evacuation
[2026-03-27T03:19:28.359+0900][12.764s][info][gc,phases   ] GC(109)   Pre Evacuate Collection Set: 0.2ms
[2026-03-27T03:19:28.359+0900][12.764s][info][gc,phases   ] GC(109)   Merge Heap Roots: 0.2ms
[2026-03-27T03:19:28.359+0900][12.764s][info][gc,phases   ] GC(109)   Evacuate Collection Set: 0.6ms
[2026-03-27T03:19:28.359+0900][12.764s][info][gc,phases   ] GC(109)   Post Evacuate Collection Set: 0.5ms
[2026-03-27T03:19:28.359+0900][12.764s][info][gc,phases   ] GC(109)   Other: 0.1ms
[2026-03-27T03:19:28.359+0900][12.764s][info][gc,heap     ] GC(109) Eden regions: 4->0(4)
[2026-03-27T03:19:28.359+0900][12.764s][info][gc,heap     ] GC(109) Survivor regions: 1->1(1)
[2026-03-27T03:19:28.359+0900][12.764s][info][gc,heap     ] GC(109) Old regions: 85->87
[2026-03-27T03:19:28.359+0900][12.764s][info][gc,heap     ] GC(109) Archive regions: 0->0
[2026-03-27T03:19:28.359+0900][12.764s][info][gc,heap     ] GC(109) Humongous regions: 2->0
[2026-03-27T03:19:28.359+0900][12.764s][info][gc,metaspace] GC(109) Metaspace: 283K(512K)->283K(512K) NonClass: 271K(384K)->271K(384K) Class: 12K(128K)->12K(128K)
[2026-03-27T03:19:28.359+0900][12.764s][info][gc          ] GC(109) Pause Young (Normal) (G1 Evacuation Pause) 365M->349M(416M) 1.626ms
[2026-03-27T03:19:28.359+0900][12.764s][info][gc,cpu      ] GC(109) User=0.00s Sys=0.00s Real=0.00s
[2026-03-27T03:19:28.474+0900][12.879s][info][gc,start    ] GC(110) Pause Young (Normal) (G1 Evacuation Pause)
[2026-03-27T03:19:28.474+0900][12.879s][info][gc,task     ] GC(110) Using 10 workers of 14 for evacuation
[2026-03-27T03:19:28.477+0900][12.882s][info][gc,phases   ] GC(110)   Pre Evacuate Collection Set: 0.3ms
[2026-03-27T03:19:28.477+0900][12.882s][info][gc,phases   ] GC(110)   Merge Heap Roots: 0.3ms
[2026-03-27T03:19:28.477+0900][12.882s][info][gc,phases   ] GC(110)   Evacuate Collection Set: 1.1ms
[2026-03-27T03:19:28.477+0900][12.882s][info][gc,phases   ] GC(110)   Post Evacuate Collection Set: 0.8ms
[2026-03-27T03:19:28.477+0900][12.882s][info][gc,phases   ] GC(110)   Other: 0.2ms
[2026-03-27T03:19:28.477+0900][12.882s][info][gc,heap     ] GC(110) Eden regions: 4->0(4)
[2026-03-27T03:19:28.477+0900][12.882s][info][gc,heap     ] GC(110) Survivor regions: 1->1(1)
[2026-03-27T03:19:28.477+0900][12.882s][info][gc,heap     ] GC(110) Old regions: 87->88
[2026-03-27T03:19:28.477+0900][12.882s][info][gc,heap     ] GC(110) Archive regions: 0->0
[2026-03-27T03:19:28.477+0900][12.882s][info][gc,heap     ] GC(110) Humongous regions: 1->0
[2026-03-27T03:19:28.477+0900][12.882s][info][gc,metaspace] GC(110) Metaspace: 283K(512K)->283K(512K) NonClass: 271K(384K)->271K(384K) Class: 12K(128K)->12K(128K)
[2026-03-27T03:19:28.477+0900][12.882s][info][gc          ] GC(110) Pause Young (Normal) (G1 Evacuation Pause) 368M->354M(416M) 2.931ms
[2026-03-27T03:19:28.477+0900][12.882s][info][gc,cpu      ] GC(110) User=0.00s Sys=0.00s Real=0.00s
[2026-03-27T03:19:28.479+0900][12.885s][info][gc,start    ] GC(111) Pause Young (Normal) (G1 Evacuation Pause)
[2026-03-27T03:19:28.480+0900][12.885s][info][gc,task     ] GC(111) Using 10 workers of 14 for evacuation
[2026-03-27T03:19:28.481+0900][12.886s][info][gc,phases   ] GC(111)   Pre Evacuate Collection Set: 0.2ms
[2026-03-27T03:19:28.481+0900][12.886s][info][gc,phases   ] GC(111)   Merge Heap Roots: 0.3ms
[2026-03-27T03:19:28.481+0900][12.886s][info][gc,phases   ] GC(111)   Evacuate Collection Set: 0.7ms
[2026-03-27T03:19:28.481+0900][12.886s][info][gc,phases   ] GC(111)   Post Evacuate Collection Set: 0.5ms
[2026-03-27T03:19:28.481+0900][12.886s][info][gc,phases   ] GC(111)   Other: 0.1ms
[2026-03-27T03:19:28.481+0900][12.886s][info][gc,heap     ] GC(111) Eden regions: 4->0(4)
[2026-03-27T03:19:28.481+0900][12.887s][info][gc,heap     ] GC(111) Survivor regions: 1->1(1)
[2026-03-27T03:19:28.481+0900][12.887s][info][gc,heap     ] GC(111) Old regions: 88->90
[2026-03-27T03:19:28.481+0900][12.887s][info][gc,heap     ] GC(111) Archive regions: 0->0
[2026-03-27T03:19:28.481+0900][12.887s][info][gc,heap     ] GC(111) Humongous regions: 2->0
[2026-03-27T03:19:28.481+0900][12.887s][info][gc,metaspace] GC(111) Metaspace: 283K(512K)->283K(512K) NonClass: 271K(384K)->271K(384K) Class: 12K(128K)->12K(128K)
[2026-03-27T03:19:28.481+0900][12.887s][info][gc          ] GC(111) Pause Young (Normal) (G1 Evacuation Pause) 377M->360M(416M) 1.901ms
[2026-03-27T03:19:28.481+0900][12.887s][info][gc,cpu      ] GC(111) User=0.00s Sys=0.00s Real=0.00s
[2026-03-27T03:19:28.585+0900][12.990s][info][gc,start    ] GC(112) Pause Young (Normal) (G1 Evacuation Pause)
[2026-03-27T03:19:28.585+0900][12.990s][info][gc,task     ] GC(112) Using 10 workers of 14 for evacuation
[2026-03-27T03:19:28.587+0900][12.992s][info][gc,phases   ] GC(112)   Pre Evacuate Collection Set: 0.2ms
[2026-03-27T03:19:28.587+0900][12.992s][info][gc,phases   ] GC(112)   Merge Heap Roots: 0.2ms
[2026-03-27T03:19:28.587+0900][12.992s][info][gc,phases   ] GC(112)   Evacuate Collection Set: 0.7ms
[2026-03-27T03:19:28.587+0900][12.992s][info][gc,phases   ] GC(112)   Post Evacuate Collection Set: 0.7ms
[2026-03-27T03:19:28.587+0900][12.992s][info][gc,phases   ] GC(112)   Other: 0.2ms
[2026-03-27T03:19:28.587+0900][12.992s][info][gc,heap     ] GC(112) Eden regions: 4->0(4)
[2026-03-27T03:19:28.587+0900][12.992s][info][gc,heap     ] GC(112) Survivor regions: 1->1(1)
[2026-03-27T03:19:28.587+0900][12.992s][info][gc,heap     ] GC(112) Old regions: 90->91
[2026-03-27T03:19:28.587+0900][12.992s][info][gc,heap     ] GC(112) Archive regions: 0->0
[2026-03-27T03:19:28.587+0900][12.992s][info][gc,heap     ] GC(112) Humongous regions: 2->0
[2026-03-27T03:19:28.587+0900][12.992s][info][gc,metaspace] GC(112) Metaspace: 283K(512K)->283K(512K) NonClass: 271K(384K)->271K(384K) Class: 12K(128K)->12K(128K)
[2026-03-27T03:19:28.587+0900][12.992s][info][gc          ] GC(112) Pause Young (Normal) (G1 Evacuation Pause) 383M->365M(416M) 2.115ms
[2026-03-27T03:19:28.587+0900][12.992s][info][gc,cpu      ] GC(112) User=0.00s Sys=0.00s Real=0.00s
[2026-03-27T03:19:28.589+0900][12.994s][info][gc,start    ] GC(113) Pause Young (Normal) (G1 Evacuation Pause)
[2026-03-27T03:19:28.589+0900][12.994s][info][gc,task     ] GC(113) Using 10 workers of 14 for evacuation
[2026-03-27T03:19:28.591+0900][12.996s][info][gc,phases   ] GC(113)   Pre Evacuate Collection Set: 0.2ms
[2026-03-27T03:19:28.591+0900][12.996s][info][gc,phases   ] GC(113)   Merge Heap Roots: 0.2ms
[2026-03-27T03:19:28.591+0900][12.996s][info][gc,phases   ] GC(113)   Evacuate Collection Set: 0.6ms
[2026-03-27T03:19:28.591+0900][12.996s][info][gc,phases   ] GC(113)   Post Evacuate Collection Set: 0.4ms
[2026-03-27T03:19:28.591+0900][12.996s][info][gc,phases   ] GC(113)   Other: 0.1ms
[2026-03-27T03:19:28.591+0900][12.996s][info][gc,heap     ] GC(113) Eden regions: 4->0(4)
[2026-03-27T03:19:28.591+0900][12.996s][info][gc,heap     ] GC(113) Survivor regions: 1->1(1)
[2026-03-27T03:19:28.591+0900][12.996s][info][gc,heap     ] GC(113) Old regions: 91->93
[2026-03-27T03:19:28.591+0900][12.996s][info][gc,heap     ] GC(113) Archive regions: 0->0
[2026-03-27T03:19:28.591+0900][12.996s][info][gc,heap     ] GC(113) Humongous regions: 2->0
[2026-03-27T03:19:28.591+0900][12.996s][info][gc,metaspace] GC(113) Metaspace: 283K(512K)->283K(512K) NonClass: 271K(384K)->271K(384K) Class: 12K(128K)->12K(128K)
[2026-03-27T03:19:28.591+0900][12.996s][info][gc          ] GC(113) Pause Young (Normal) (G1 Evacuation Pause) 388M->372M(416M) 1.626ms
[2026-03-27T03:19:28.591+0900][12.996s][info][gc,cpu      ] GC(113) User=0.00s Sys=0.00s Real=0.00s
[2026-03-27T03:19:28.592+0900][12.997s][info][gc,start    ] GC(114) Pause Young (Concurrent Start) (G1 Humongous Allocation)
[2026-03-27T03:19:28.592+0900][12.997s][info][gc,task     ] GC(114) Using 10 workers of 14 for evacuation
[2026-03-27T03:19:28.593+0900][12.998s][info][gc,phases   ] GC(114)   Pre Evacuate Collection Set: 0.0ms
[2026-03-27T03:19:28.593+0900][12.998s][info][gc,phases   ] GC(114)   Merge Heap Roots: 0.2ms
[2026-03-27T03:19:28.593+0900][12.998s][info][gc,phases   ] GC(114)   Evacuate Collection Set: 0.3ms
[2026-03-27T03:19:28.593+0900][12.998s][info][gc,phases   ] GC(114)   Post Evacuate Collection Set: 0.4ms
[2026-03-27T03:19:28.593+0900][12.998s][info][gc,phases   ] GC(114)   Other: 0.1ms
[2026-03-27T03:19:28.593+0900][12.998s][info][gc,heap     ] GC(114) Eden regions: 3->0(4)
[2026-03-27T03:19:28.593+0900][12.998s][info][gc,heap     ] GC(114) Survivor regions: 1->1(1)
[2026-03-27T03:19:28.593+0900][12.998s][info][gc,heap     ] GC(114) Old regions: 93->94
[2026-03-27T03:19:28.593+0900][12.998s][info][gc,heap     ] GC(114) Archive regions: 0->0
[2026-03-27T03:19:28.593+0900][12.998s][info][gc,heap     ] GC(114) Humongous regions: 0->0
[2026-03-27T03:19:28.593+0900][12.998s][info][gc,metaspace] GC(114) Metaspace: 283K(512K)->283K(512K) NonClass: 271K(384K)->271K(384K) Class: 12K(128K)->12K(128K)
[2026-03-27T03:19:28.593+0900][12.998s][info][gc          ] GC(114) Pause Young (Concurrent Start) (G1 Humongous Allocation) 380M->374M(456M) 1.191ms
[2026-03-27T03:19:28.593+0900][12.998s][info][gc,cpu      ] GC(114) User=0.00s Sys=0.00s Real=0.00s
[2026-03-27T03:19:28.593+0900][12.998s][info][gc          ] GC(115) Concurrent Undo Cycle
[2026-03-27T03:19:28.593+0900][12.998s][info][gc,marking  ] GC(115) Concurrent Cleanup for Next Mark
[2026-03-27T03:19:28.593+0900][12.998s][info][gc,marking  ] GC(115) Concurrent Cleanup for Next Mark 0.300ms
[2026-03-27T03:19:28.593+0900][12.998s][info][gc          ] GC(115) Concurrent Undo Cycle 0.372ms
[2026-03-27T03:19:28.708+0900][13.113s][info][gc,start    ] GC(116) Pause Young (Normal) (G1 Evacuation Pause)
[2026-03-27T03:19:28.708+0900][13.113s][info][gc,task     ] GC(116) Using 10 workers of 14 for evacuation
[2026-03-27T03:19:28.711+0900][13.115s][info][gc,phases   ] GC(116)   Pre Evacuate Collection Set: 0.2ms
[2026-03-27T03:19:28.711+0900][13.115s][info][gc,phases   ] GC(116)   Merge Heap Roots: 0.1ms
[2026-03-27T03:19:28.711+0900][13.115s][info][gc,phases   ] GC(116)   Evacuate Collection Set: 1.0ms
[2026-03-27T03:19:28.711+0900][13.115s][info][gc,phases   ] GC(116)   Post Evacuate Collection Set: 0.7ms
[2026-03-27T03:19:28.711+0900][13.115s][info][gc,phases   ] GC(116)   Other: 0.2ms
[2026-03-27T03:19:28.711+0900][13.115s][info][gc,heap     ] GC(116) Eden regions: 4->0(4)
[2026-03-27T03:19:28.711+0900][13.115s][info][gc,heap     ] GC(116) Survivor regions: 1->1(1)
[2026-03-27T03:19:28.711+0900][13.115s][info][gc,heap     ] GC(116) Old regions: 94->95
[2026-03-27T03:19:28.711+0900][13.115s][info][gc,heap     ] GC(116) Archive regions: 0->0
[2026-03-27T03:19:28.711+0900][13.115s][info][gc,heap     ] GC(116) Humongous regions: 2->0
[2026-03-27T03:19:28.711+0900][13.115s][info][gc,metaspace] GC(116) Metaspace: 283K(512K)->283K(512K) NonClass: 271K(384K)->271K(384K) Class: 12K(128K)->12K(128K)
[2026-03-27T03:19:28.711+0900][13.115s][info][gc          ] GC(116) Pause Young (Normal) (G1 Evacuation Pause) 398M->380M(456M) 2.369ms
[2026-03-27T03:19:28.711+0900][13.116s][info][gc,cpu      ] GC(116) User=0.00s Sys=0.00s Real=0.00s
[2026-03-27T03:19:28.713+0900][13.117s][info][gc,start    ] GC(117) Pause Young (Normal) (G1 Evacuation Pause)
[2026-03-27T03:19:28.713+0900][13.117s][info][gc,task     ] GC(117) Using 10 workers of 14 for evacuation
[2026-03-27T03:19:28.714+0900][13.119s][info][gc,phases   ] GC(117)   Pre Evacuate Collection Set: 0.3ms
[2026-03-27T03:19:28.714+0900][13.119s][info][gc,phases   ] GC(117)   Merge Heap Roots: 0.2ms
[2026-03-27T03:19:28.714+0900][13.119s][info][gc,phases   ] GC(117)   Evacuate Collection Set: 0.5ms
[2026-03-27T03:19:28.714+0900][13.119s][info][gc,phases   ] GC(117)   Post Evacuate Collection Set: 0.4ms
[2026-03-27T03:19:28.714+0900][13.119s][info][gc,phases   ] GC(117)   Other: 0.1ms
[2026-03-27T03:19:28.714+0900][13.119s][info][gc,heap     ] GC(117) Eden regions: 4->0(4)
[2026-03-27T03:19:28.714+0900][13.119s][info][gc,heap     ] GC(117) Survivor regions: 1->1(1)
[2026-03-27T03:19:28.714+0900][13.119s][info][gc,heap     ] GC(117) Old regions: 95->96
[2026-03-27T03:19:28.714+0900][13.119s][info][gc,heap     ] GC(117) Archive regions: 0->0
[2026-03-27T03:19:28.714+0900][13.119s][info][gc,heap     ] GC(117) Humongous regions: 2->0
[2026-03-27T03:19:28.714+0900][13.119s][info][gc,metaspace] GC(117) Metaspace: 283K(512K)->283K(512K) NonClass: 271K(384K)->271K(384K) Class: 12K(128K)->12K(128K)
[2026-03-27T03:19:28.714+0900][13.119s][info][gc          ] GC(117) Pause Young (Normal) (G1 Evacuation Pause) 403M->385M(456M) 1.588ms
[2026-03-27T03:19:28.714+0900][13.119s][info][gc,cpu      ] GC(117) User=0.00s Sys=0.00s Real=0.00s
[2026-03-27T03:19:28.830+0900][13.235s][info][gc,start    ] GC(118) Pause Young (Normal) (G1 Evacuation Pause)
[2026-03-27T03:19:28.830+0900][13.235s][info][gc,task     ] GC(118) Using 10 workers of 14 for evacuation
[2026-03-27T03:19:28.833+0900][13.238s][info][gc,phases   ] GC(118)   Pre Evacuate Collection Set: 0.3ms
[2026-03-27T03:19:28.833+0900][13.238s][info][gc,phases   ] GC(118)   Merge Heap Roots: 0.2ms
[2026-03-27T03:19:28.833+0900][13.238s][info][gc,phases   ] GC(118)   Evacuate Collection Set: 1.2ms
[2026-03-27T03:19:28.833+0900][13.238s][info][gc,phases   ] GC(118)   Post Evacuate Collection Set: 0.8ms
[2026-03-27T03:19:28.833+0900][13.238s][info][gc,phases   ] GC(118)   Other: 0.2ms
[2026-03-27T03:19:28.833+0900][13.238s][info][gc,heap     ] GC(118) Eden regions: 4->0(4)
[2026-03-27T03:19:28.833+0900][13.238s][info][gc,heap     ] GC(118) Survivor regions: 1->1(1)
[2026-03-27T03:19:28.833+0900][13.238s][info][gc,heap     ] GC(118) Old regions: 96->98
[2026-03-27T03:19:28.833+0900][13.238s][info][gc,heap     ] GC(118) Archive regions: 0->0
[2026-03-27T03:19:28.833+0900][13.238s][info][gc,heap     ] GC(118) Humongous regions: 2->0
[2026-03-27T03:19:28.833+0900][13.238s][info][gc,metaspace] GC(118) Metaspace: 283K(512K)->283K(512K) NonClass: 271K(384K)->271K(384K) Class: 12K(128K)->12K(128K)
[2026-03-27T03:19:28.833+0900][13.238s][info][gc          ] GC(118) Pause Young (Normal) (G1 Evacuation Pause) 408M->392M(456M) 2.848ms
[2026-03-27T03:19:28.833+0900][13.238s][info][gc,cpu      ] GC(118) User=0.00s Sys=0.00s Real=0.00s
[2026-03-27T03:19:28.835+0900][13.240s][info][gc,start    ] GC(119) Pause Young (Normal) (G1 Evacuation Pause)
[2026-03-27T03:19:28.835+0900][13.240s][info][gc,task     ] GC(119) Using 10 workers of 14 for evacuation
[2026-03-27T03:19:28.836+0900][13.242s][info][gc,phases   ] GC(119)   Pre Evacuate Collection Set: 0.2ms
[2026-03-27T03:19:28.836+0900][13.242s][info][gc,phases   ] GC(119)   Merge Heap Roots: 0.2ms
[2026-03-27T03:19:28.837+0900][13.242s][info][gc,phases   ] GC(119)   Evacuate Collection Set: 0.7ms
[2026-03-27T03:19:28.837+0900][13.242s][info][gc,phases   ] GC(119)   Post Evacuate Collection Set: 0.3ms
[2026-03-27T03:19:28.837+0900][13.242s][info][gc,phases   ] GC(119)   Other: 0.1ms
[2026-03-27T03:19:28.837+0900][13.242s][info][gc,heap     ] GC(119) Eden regions: 4->0(4)
[2026-03-27T03:19:28.837+0900][13.242s][info][gc,heap     ] GC(119) Survivor regions: 1->1(1)
[2026-03-27T03:19:28.837+0900][13.242s][info][gc,heap     ] GC(119) Old regions: 98->99
[2026-03-27T03:19:28.837+0900][13.242s][info][gc,heap     ] GC(119) Archive regions: 0->0
[2026-03-27T03:19:28.837+0900][13.242s][info][gc,heap     ] GC(119) Humongous regions: 1->0
[2026-03-27T03:19:28.837+0900][13.242s][info][gc,metaspace] GC(119) Metaspace: 283K(512K)->283K(512K) NonClass: 271K(384K)->271K(384K) Class: 12K(128K)->12K(128K)
[2026-03-27T03:19:28.837+0900][13.242s][info][gc          ] GC(119) Pause Young (Normal) (G1 Evacuation Pause) 411M->397M(456M) 1.691ms
[2026-03-27T03:19:28.837+0900][13.242s][info][gc,cpu      ] GC(119) User=0.00s Sys=0.00s Real=0.00s
[2026-03-27T03:19:28.839+0900][13.244s][info][gc,start    ] GC(120) Pause Young (Normal) (G1 Evacuation Pause)
[2026-03-27T03:19:28.839+0900][13.244s][info][gc,task     ] GC(120) Using 10 workers of 14 for evacuation
[2026-03-27T03:19:28.840+0900][13.245s][info][gc,phases   ] GC(120)   Pre Evacuate Collection Set: 0.2ms
[2026-03-27T03:19:28.840+0900][13.245s][info][gc,phases   ] GC(120)   Merge Heap Roots: 0.1ms
[2026-03-27T03:19:28.840+0900][13.245s][info][gc,phases   ] GC(120)   Evacuate Collection Set: 0.5ms
[2026-03-27T03:19:28.840+0900][13.245s][info][gc,phases   ] GC(120)   Post Evacuate Collection Set: 0.2ms
[2026-03-27T03:19:28.840+0900][13.245s][info][gc,phases   ] GC(120)   Other: 0.1ms
[2026-03-27T03:19:28.840+0900][13.245s][info][gc,heap     ] GC(120) Eden regions: 4->0(4)
[2026-03-27T03:19:28.840+0900][13.245s][info][gc,heap     ] GC(120) Survivor regions: 1->1(1)
[2026-03-27T03:19:28.840+0900][13.245s][info][gc,heap     ] GC(120) Old regions: 99->100
[2026-03-27T03:19:28.840+0900][13.245s][info][gc,heap     ] GC(120) Archive regions: 0->0
[2026-03-27T03:19:28.840+0900][13.245s][info][gc,heap     ] GC(120) Humongous regions: 2->0
[2026-03-27T03:19:28.840+0900][13.245s][info][gc,metaspace] GC(120) Metaspace: 283K(512K)->283K(512K) NonClass: 271K(384K)->271K(384K) Class: 12K(128K)->12K(128K)
[2026-03-27T03:19:28.840+0900][13.245s][info][gc          ] GC(120) Pause Young (Normal) (G1 Evacuation Pause) 420M->402M(456M) 1.295ms
[2026-03-27T03:19:28.840+0900][13.245s][info][gc,cpu      ] GC(120) User=0.00s Sys=0.00s Real=0.00s
[2026-03-27T03:19:28.955+0900][13.361s][info][gc,start    ] GC(121) Pause Young (Normal) (G1 Evacuation Pause)
[2026-03-27T03:19:28.956+0900][13.361s][info][gc,task     ] GC(121) Using 10 workers of 14 for evacuation
[2026-03-27T03:19:28.958+0900][13.363s][info][gc,phases   ] GC(121)   Pre Evacuate Collection Set: 0.2ms
[2026-03-27T03:19:28.958+0900][13.363s][info][gc,phases   ] GC(121)   Merge Heap Roots: 0.2ms
[2026-03-27T03:19:28.958+0900][13.363s][info][gc,phases   ] GC(121)   Evacuate Collection Set: 1.3ms
[2026-03-27T03:19:28.958+0900][13.363s][info][gc,phases   ] GC(121)   Post Evacuate Collection Set: 0.7ms
[2026-03-27T03:19:28.958+0900][13.363s][info][gc,phases   ] GC(121)   Other: 0.2ms
[2026-03-27T03:19:28.958+0900][13.363s][info][gc,heap     ] GC(121) Eden regions: 4->0(5)
[2026-03-27T03:19:28.958+0900][13.363s][info][gc,heap     ] GC(121) Survivor regions: 1->1(1)
[2026-03-27T03:19:28.958+0900][13.363s][info][gc,heap     ] GC(121) Old regions: 100->102
[2026-03-27T03:19:28.958+0900][13.363s][info][gc,heap     ] GC(121) Archive regions: 0->0
[2026-03-27T03:19:28.958+0900][13.363s][info][gc,heap     ] GC(121) Humongous regions: 2->0
[2026-03-27T03:19:28.958+0900][13.363s][info][gc,metaspace] GC(121) Metaspace: 283K(512K)->283K(512K) NonClass: 271K(384K)->271K(384K) Class: 12K(128K)->12K(128K)
[2026-03-27T03:19:28.958+0900][13.363s][info][gc          ] GC(121) Pause Young (Normal) (G1 Evacuation Pause) 425M->408M(480M) 2.674ms
[2026-03-27T03:19:28.958+0900][13.363s][info][gc,cpu      ] GC(121) User=0.00s Sys=0.00s Real=0.00s
[2026-03-27T03:19:28.960+0900][13.365s][info][gc,start    ] GC(122) Pause Young (Concurrent Start) (G1 Humongous Allocation)
[2026-03-27T03:19:28.960+0900][13.365s][info][gc,task     ] GC(122) Using 11 workers of 14 for evacuation
[2026-03-27T03:19:28.961+0900][13.366s][info][gc,phases   ] GC(122)   Pre Evacuate Collection Set: 0.2ms
[2026-03-27T03:19:28.961+0900][13.366s][info][gc,phases   ] GC(122)   Merge Heap Roots: 0.2ms
[2026-03-27T03:19:28.961+0900][13.366s][info][gc,phases   ] GC(122)   Evacuate Collection Set: 0.9ms
[2026-03-27T03:19:28.961+0900][13.366s][info][gc,phases   ] GC(122)   Post Evacuate Collection Set: 0.3ms
[2026-03-27T03:19:28.961+0900][13.366s][info][gc,phases   ] GC(122)   Other: 0.1ms
[2026-03-27T03:19:28.961+0900][13.366s][info][gc,heap     ] GC(122) Eden regions: 3->0(5)
[2026-03-27T03:19:28.962+0900][13.366s][info][gc,heap     ] GC(122) Survivor regions: 1->1(1)
[2026-03-27T03:19:28.962+0900][13.366s][info][gc,heap     ] GC(122) Old regions: 102->103
[2026-03-27T03:19:28.962+0900][13.366s][info][gc,heap     ] GC(122) Archive regions: 0->0
[2026-03-27T03:19:28.962+0900][13.366s][info][gc,heap     ] GC(122) Humongous regions: 0->0
[2026-03-27T03:19:28.962+0900][13.366s][info][gc,metaspace] GC(122) Metaspace: 283K(512K)->283K(512K) NonClass: 271K(384K)->271K(384K) Class: 12K(128K)->12K(128K)
[2026-03-27T03:19:28.962+0900][13.366s][info][gc          ] GC(122) Pause Young (Concurrent Start) (G1 Humongous Allocation) 416M->411M(480M) 1.834ms
[2026-03-27T03:19:28.962+0900][13.367s][info][gc,cpu      ] GC(122) User=0.00s Sys=0.00s Real=0.00s
[2026-03-27T03:19:28.962+0900][13.367s][info][gc          ] GC(123) Concurrent Mark Cycle
[2026-03-27T03:19:28.962+0900][13.367s][info][gc,marking  ] GC(123) Concurrent Clear Claimed Marks
[2026-03-27T03:19:28.962+0900][13.367s][info][gc,marking  ] GC(123) Concurrent Clear Claimed Marks 0.016ms
[2026-03-27T03:19:28.962+0900][13.367s][info][gc,marking  ] GC(123) Concurrent Scan Root Regions
[2026-03-27T03:19:28.962+0900][13.367s][info][gc,marking  ] GC(123) Concurrent Scan Root Regions 0.040ms
[2026-03-27T03:19:28.962+0900][13.367s][info][gc,marking  ] GC(123) Concurrent Mark
[2026-03-27T03:19:28.962+0900][13.367s][info][gc,marking  ] GC(123) Concurrent Mark From Roots
[2026-03-27T03:19:28.962+0900][13.367s][info][gc,task     ] GC(123) Using 4 workers of 4 for marking
[2026-03-27T03:19:28.963+0900][13.368s][info][gc,marking  ] GC(123) Concurrent Mark From Roots 0.982ms
[2026-03-27T03:19:28.963+0900][13.368s][info][gc,marking  ] GC(123) Concurrent Preclean
[2026-03-27T03:19:28.963+0900][13.368s][info][gc,marking  ] GC(123) Concurrent Preclean 0.042ms
[2026-03-27T03:19:28.963+0900][13.368s][info][gc,start    ] GC(123) Pause Remark
[2026-03-27T03:19:28.964+0900][13.369s][info][gc          ] GC(123) Pause Remark 423M->124M(440M) 0.788ms
[2026-03-27T03:19:28.964+0900][13.369s][info][gc,cpu      ] GC(123) User=0.00s Sys=0.00s Real=0.00s
[2026-03-27T03:19:28.964+0900][13.369s][info][gc,marking  ] GC(123) Concurrent Mark 2.079ms
[2026-03-27T03:19:28.964+0900][13.369s][info][gc,marking  ] GC(123) Concurrent Rebuild Remembered Sets
[2026-03-27T03:19:28.964+0900][13.369s][info][gc,marking  ] GC(123) Concurrent Rebuild Remembered Sets 0.414ms
[2026-03-27T03:19:28.964+0900][13.369s][info][gc,start    ] GC(123) Pause Cleanup
[2026-03-27T03:19:28.964+0900][13.369s][info][gc          ] GC(123) Pause Cleanup 131M->131M(440M) 0.123ms
[2026-03-27T03:19:28.964+0900][13.369s][info][gc,cpu      ] GC(123) User=0.00s Sys=0.00s Real=0.00s
[2026-03-27T03:19:28.964+0900][13.369s][info][gc,marking  ] GC(123) Concurrent Cleanup for Next Mark
[2026-03-27T03:19:28.965+0900][13.370s][info][gc,marking  ] GC(123) Concurrent Cleanup for Next Mark 0.261ms
[2026-03-27T03:19:28.965+0900][13.370s][info][gc          ] GC(123) Concurrent Mark Cycle 3.199ms
[2026-03-27T03:19:29.078+0900][13.484s][info][gc,start    ] GC(124) Pause Young (Prepare Mixed) (G1 Evacuation Pause)
[2026-03-27T03:19:29.078+0900][13.484s][info][gc,task     ] GC(124) Using 10 workers of 14 for evacuation
[2026-03-27T03:19:29.081+0900][13.486s][info][gc,phases   ] GC(124)   Pre Evacuate Collection Set: 0.2ms
[2026-03-27T03:19:29.081+0900][13.486s][info][gc,phases   ] GC(124)   Merge Heap Roots: 0.3ms
[2026-03-27T03:19:29.081+0900][13.486s][info][gc,phases   ] GC(124)   Evacuate Collection Set: 1.1ms
[2026-03-27T03:19:29.081+0900][13.486s][info][gc,phases   ] GC(124)   Post Evacuate Collection Set: 0.4ms
[2026-03-27T03:19:29.081+0900][13.486s][info][gc,phases   ] GC(124)   Other: 0.2ms
[2026-03-27T03:19:29.081+0900][13.486s][info][gc,heap     ] GC(124) Eden regions: 5->0(4)
[2026-03-27T03:19:29.081+0900][13.486s][info][gc,heap     ] GC(124) Survivor regions: 1->1(1)
[2026-03-27T03:19:29.081+0900][13.486s][info][gc,heap     ] GC(124) Old regions: 28->30
[2026-03-27T03:19:29.081+0900][13.486s][info][gc,heap     ] GC(124) Archive regions: 0->0
[2026-03-27T03:19:29.081+0900][13.486s][info][gc,heap     ] GC(124) Humongous regions: 3->0
[2026-03-27T03:19:29.081+0900][13.486s][info][gc,metaspace] GC(124) Metaspace: 283K(512K)->283K(512K) NonClass: 271K(384K)->271K(384K) Class: 12K(128K)->12K(128K)
[2026-03-27T03:19:29.081+0900][13.486s][info][gc          ] GC(124) Pause Young (Prepare Mixed) (G1 Evacuation Pause) 144M->119M(440M) 2.291ms
[2026-03-27T03:19:29.082+0900][13.486s][info][gc,cpu      ] GC(124) User=0.00s Sys=0.00s Real=0.00s
[2026-03-27T03:19:29.083+0900][13.488s][info][gc,start    ] GC(125) Pause Young (Mixed) (G1 Evacuation Pause)
[2026-03-27T03:19:29.083+0900][13.488s][info][gc,task     ] GC(125) Using 10 workers of 14 for evacuation
[2026-03-27T03:19:29.085+0900][13.490s][info][gc,phases   ] GC(125)   Pre Evacuate Collection Set: 0.2ms
[2026-03-27T03:19:29.085+0900][13.490s][info][gc,phases   ] GC(125)   Merge Heap Roots: 0.2ms
[2026-03-27T03:19:29.085+0900][13.490s][info][gc,phases   ] GC(125)   Evacuate Collection Set: 0.9ms
[2026-03-27T03:19:29.085+0900][13.490s][info][gc,phases   ] GC(125)   Post Evacuate Collection Set: 0.3ms
[2026-03-27T03:19:29.085+0900][13.490s][info][gc,phases   ] GC(125)   Other: 0.1ms
[2026-03-27T03:19:29.085+0900][13.490s][info][gc,heap     ] GC(125) Eden regions: 4->0(46)
[2026-03-27T03:19:29.085+0900][13.490s][info][gc,heap     ] GC(125) Survivor regions: 1->1(1)
[2026-03-27T03:19:29.085+0900][13.490s][info][gc,heap     ] GC(125) Old regions: 30->25
[2026-03-27T03:19:29.085+0900][13.490s][info][gc,heap     ] GC(125) Archive regions: 0->0
[2026-03-27T03:19:29.085+0900][13.490s][info][gc,heap     ] GC(125) Humongous regions: 1->0
[2026-03-27T03:19:29.085+0900][13.490s][info][gc,metaspace] GC(125) Metaspace: 283K(512K)->283K(512K) NonClass: 271K(384K)->271K(384K) Class: 12K(128K)->12K(128K)
[2026-03-27T03:19:29.085+0900][13.490s][info][gc          ] GC(125) Pause Young (Mixed) (G1 Evacuation Pause) 138M->101M(440M) 1.822ms
[2026-03-27T03:19:29.085+0900][13.490s][info][gc,cpu      ] GC(125) User=0.00s Sys=0.00s Real=0.00s
[2026-03-27T03:19:29.640+0900][14.045s][info][gc,start    ] GC(126) Pause Young (Normal) (G1 Evacuation Pause)
[2026-03-27T03:19:29.640+0900][14.045s][info][gc,task     ] GC(126) Using 10 workers of 14 for evacuation
[2026-03-27T03:19:29.645+0900][14.050s][info][gc,phases   ] GC(126)   Pre Evacuate Collection Set: 0.3ms
[2026-03-27T03:19:29.645+0900][14.050s][info][gc,phases   ] GC(126)   Merge Heap Roots: 0.3ms
[2026-03-27T03:19:29.645+0900][14.050s][info][gc,phases   ] GC(126)   Evacuate Collection Set: 3.0ms
[2026-03-27T03:19:29.645+0900][14.050s][info][gc,phases   ] GC(126)   Post Evacuate Collection Set: 1.2ms
[2026-03-27T03:19:29.645+0900][14.050s][info][gc,phases   ] GC(126)   Other: 0.2ms
[2026-03-27T03:19:29.645+0900][14.050s][info][gc,heap     ] GC(126) Eden regions: 46->0(35)
[2026-03-27T03:19:29.645+0900][14.050s][info][gc,heap     ] GC(126) Survivor regions: 1->6(6)
[2026-03-27T03:19:29.645+0900][14.050s][info][gc,heap     ] GC(126) Old regions: 25->36
[2026-03-27T03:19:29.645+0900][14.050s][info][gc,heap     ] GC(126) Archive regions: 0->0
[2026-03-27T03:19:29.645+0900][14.050s][info][gc,heap     ] GC(126) Humongous regions: 20->0
[2026-03-27T03:19:29.645+0900][14.050s][info][gc,metaspace] GC(126) Metaspace: 283K(512K)->283K(512K) NonClass: 271K(384K)->271K(384K) Class: 12K(128K)->12K(128K)
[2026-03-27T03:19:29.645+0900][14.050s][info][gc          ] GC(126) Pause Young (Normal) (G1 Evacuation Pause) 364M->166M(440M) 4.999ms
[2026-03-27T03:19:29.645+0900][14.050s][info][gc,cpu      ] GC(126) User=0.03s Sys=0.05s Real=0.00s
[2026-03-27T03:19:30.090+0900][14.495s][info][gc,start    ] GC(127) Pause Young (Normal) (G1 Evacuation Pause)
[2026-03-27T03:19:30.090+0900][14.495s][info][gc,task     ] GC(127) Using 10 workers of 14 for evacuation
[2026-03-27T03:19:30.094+0900][14.499s][info][gc,phases   ] GC(127)   Pre Evacuate Collection Set: 0.3ms
[2026-03-27T03:19:30.094+0900][14.499s][info][gc,phases   ] GC(127)   Merge Heap Roots: 0.3ms
[2026-03-27T03:19:30.094+0900][14.499s][info][gc,phases   ] GC(127)   Evacuate Collection Set: 2.3ms
[2026-03-27T03:19:30.094+0900][14.499s][info][gc,phases   ] GC(127)   Post Evacuate Collection Set: 1.0ms
[2026-03-27T03:19:30.094+0900][14.499s][info][gc,phases   ] GC(127)   Other: 0.1ms
[2026-03-27T03:19:30.094+0900][14.499s][info][gc,heap     ] GC(127) Eden regions: 35->0(30)
[2026-03-27T03:19:30.094+0900][14.499s][info][gc,heap     ] GC(127) Survivor regions: 6->6(6)
[2026-03-27T03:19:30.094+0900][14.499s][info][gc,heap     ] GC(127) Old regions: 36->44
[2026-03-27T03:19:30.094+0900][14.499s][info][gc,heap     ] GC(127) Archive regions: 0->0
[2026-03-27T03:19:30.094+0900][14.499s][info][gc,heap     ] GC(127) Humongous regions: 15->0
[2026-03-27T03:19:30.094+0900][14.499s][info][gc,metaspace] GC(127) Metaspace: 283K(512K)->283K(512K) NonClass: 271K(384K)->271K(384K) Class: 12K(128K)->12K(128K)
[2026-03-27T03:19:30.094+0900][14.499s][info][gc          ] GC(127) Pause Young (Normal) (G1 Evacuation Pause) 365M->198M(440M) 4.183ms
[2026-03-27T03:19:30.094+0900][14.499s][info][gc,cpu      ] GC(127) User=0.00s Sys=0.00s Real=0.00s
[2026-03-27T03:19:30.418+0900][14.823s][info][gc,start    ] GC(128) Pause Young (Normal) (G1 Evacuation Pause)
[2026-03-27T03:19:30.418+0900][14.823s][info][gc,task     ] GC(128) Using 10 workers of 14 for evacuation
[2026-03-27T03:19:30.422+0900][14.827s][info][gc,phases   ] GC(128)   Pre Evacuate Collection Set: 0.3ms
[2026-03-27T03:19:30.422+0900][14.827s][info][gc,phases   ] GC(128)   Merge Heap Roots: 0.3ms
[2026-03-27T03:19:30.422+0900][14.827s][info][gc,phases   ] GC(128)   Evacuate Collection Set: 2.1ms
[2026-03-27T03:19:30.422+0900][14.827s][info][gc,phases   ] GC(128)   Post Evacuate Collection Set: 0.6ms
[2026-03-27T03:19:30.422+0900][14.827s][info][gc,phases   ] GC(128)   Other: 0.2ms
[2026-03-27T03:19:30.422+0900][14.827s][info][gc,heap     ] GC(128) Eden regions: 30->0(24)
[2026-03-27T03:19:30.422+0900][14.827s][info][gc,heap     ] GC(128) Survivor regions: 6->5(5)
[2026-03-27T03:19:30.422+0900][14.827s][info][gc,heap     ] GC(128) Old regions: 44->54
[2026-03-27T03:19:30.422+0900][14.827s][info][gc,heap     ] GC(128) Archive regions: 0->0
[2026-03-27T03:19:30.422+0900][14.827s][info][gc,heap     ] GC(128) Humongous regions: 13->0
[2026-03-27T03:19:30.422+0900][14.827s][info][gc,metaspace] GC(128) Metaspace: 283K(512K)->283K(512K) NonClass: 271K(384K)->271K(384K) Class: 12K(128K)->12K(128K)
[2026-03-27T03:19:30.422+0900][14.827s][info][gc          ] GC(128) Pause Young (Normal) (G1 Evacuation Pause) 369M->234M(440M) 3.582ms
[2026-03-27T03:19:30.422+0900][14.827s][info][gc,cpu      ] GC(128) User=0.00s Sys=0.00s Real=0.00s
[2026-03-27T03:19:30.638+0900][15.043s][info][gc,start    ] GC(129) Pause Young (Normal) (G1 Evacuation Pause)
[2026-03-27T03:19:30.638+0900][15.043s][info][gc,task     ] GC(129) Using 10 workers of 14 for evacuation
[2026-03-27T03:19:30.642+0900][15.047s][info][gc,phases   ] GC(129)   Pre Evacuate Collection Set: 0.3ms
[2026-03-27T03:19:30.642+0900][15.047s][info][gc,phases   ] GC(129)   Merge Heap Roots: 0.3ms
[2026-03-27T03:19:30.642+0900][15.047s][info][gc,phases   ] GC(129)   Evacuate Collection Set: 2.2ms
[2026-03-27T03:19:30.642+0900][15.047s][info][gc,phases   ] GC(129)   Post Evacuate Collection Set: 0.9ms
[2026-03-27T03:19:30.642+0900][15.047s][info][gc,phases   ] GC(129)   Other: 0.2ms
[2026-03-27T03:19:30.642+0900][15.047s][info][gc,heap     ] GC(129) Eden regions: 24->0(19)
[2026-03-27T03:19:30.642+0900][15.047s][info][gc,heap     ] GC(129) Survivor regions: 5->4(4)
[2026-03-27T03:19:30.642+0900][15.047s][info][gc,heap     ] GC(129) Old regions: 54->63
[2026-03-27T03:19:30.642+0900][15.047s][info][gc,heap     ] GC(129) Archive regions: 0->0
[2026-03-27T03:19:30.642+0900][15.047s][info][gc,heap     ] GC(129) Humongous regions: 10->0
[2026-03-27T03:19:30.642+0900][15.047s][info][gc,metaspace] GC(129) Metaspace: 283K(512K)->283K(512K) NonClass: 271K(384K)->271K(384K) Class: 12K(128K)->12K(128K)
[2026-03-27T03:19:30.642+0900][15.047s][info][gc          ] GC(129) Pause Young (Normal) (G1 Evacuation Pause) 369M->267M(440M) 4.185ms
[2026-03-27T03:19:30.642+0900][15.047s][info][gc,cpu      ] GC(129) User=0.02s Sys=0.00s Real=0.00s
[2026-03-27T03:19:30.758+0900][15.163s][info][gc,heap,exit] Heap
[2026-03-27T03:19:30.758+0900][15.163s][info][gc,heap,exit]  garbage-first heap   total 450560K, used 277506K [0x00000000e0000000, 0x0000000100000000)
[2026-03-27T03:19:30.758+0900][15.163s][info][gc,heap,exit]   region size 4096K, 6 young (24576K), 4 survivors (16384K)
[2026-03-27T03:19:30.758+0900][15.163s][info][gc,heap,exit]  Metaspace       used 284K, committed 512K, reserved 1056768K
[2026-03-27T03:19:30.758+0900][15.163s][info][gc,heap,exit]   class space    used 12K, committed 128K, reserved 1048576K
