[2026-03-26T14:02:17.654+0900][0.014s][info][gc,init] CardTable entry size: 512
[2026-03-26T14:02:17.654+0900][0.014s][info][gc     ] Using G1
[2026-03-26T14:02:17.654+0900][0.016s][info][gc,init] Version: 21.0.10+8-LTS-217 (release)
[2026-03-26T14:02:17.654+0900][0.016s][info][gc,init] CPUs: 16 total, 16 available
[2026-03-26T14:02:17.654+0900][0.016s][info][gc,init] Memory: 32380M
[2026-03-26T14:02:17.654+0900][0.016s][info][gc,init] Large Page Support: Disabled
[2026-03-26T14:02:17.654+0900][0.016s][info][gc,init] NUMA Support: Disabled
[2026-03-26T14:02:17.654+0900][0.016s][info][gc,init] Compressed Oops: Enabled (32-bit)
[2026-03-26T14:02:17.670+0900][0.026s][info][gc,init] Heap Region Size: 1M
[2026-03-26T14:02:17.670+0900][0.026s][info][gc,init] Heap Min Capacity: 256M
[2026-03-26T14:02:17.670+0900][0.026s][info][gc,init] Heap Initial Capacity: 256M
[2026-03-26T14:02:17.670+0900][0.026s][info][gc,init] Heap Max Capacity: 512M
[2026-03-26T14:02:17.670+0900][0.026s][info][gc,init] Pre-touch: Disabled
[2026-03-26T14:02:17.670+0900][0.026s][info][gc,init] Parallel Workers: 13
[2026-03-26T14:02:17.670+0900][0.026s][info][gc,init] Concurrent Workers: 3
[2026-03-26T14:02:17.670+0900][0.026s][info][gc,init] Concurrent Refinement Workers: 13
[2026-03-26T14:02:17.670+0900][0.026s][info][gc,init] Periodic GC: Disabled
[2026-03-26T14:02:17.678+0900][0.035s][info][gc,metaspace] CDS archive(s) mapped at: [0x0000014f39000000-0x0000014f39c90000-0x0000014f39c90000), size 13172736, SharedBaseAddress: 0x0000014f39000000, ArchiveRelocationMode: 1.
[2026-03-26T14:02:17.678+0900][0.035s][info][gc,metaspace] Compressed class space mapped at: 0x0000014f3a000000-0x0000014f7a000000, reserved size: 1073741824
[2026-03-26T14:02:17.678+0900][0.035s][info][gc,metaspace] Narrow klass base: 0x0000014f39000000, Narrow klass shift: 0, Narrow klass range: 0x100000000
[2026-03-26T14:02:17.746+0900][0.102s][info][gc,start    ] GC(0) Pause Young (Normal) (G1 Evacuation Pause)
[2026-03-26T14:02:17.746+0900][0.102s][info][gc,task     ] GC(0) Using 6 workers of 13 for evacuation
[2026-03-26T14:02:17.746+0900][0.104s][info][gc,phases   ] GC(0)   Pre Evacuate Collection Set: 0.1ms
[2026-03-26T14:02:17.746+0900][0.104s][info][gc,phases   ] GC(0)   Merge Heap Roots: 0.0ms
[2026-03-26T14:02:17.746+0900][0.104s][info][gc,phases   ] GC(0)   Evacuate Collection Set: 0.9ms
[2026-03-26T14:02:17.746+0900][0.104s][info][gc,phases   ] GC(0)   Post Evacuate Collection Set: 0.4ms
[2026-03-26T14:02:17.746+0900][0.104s][info][gc,phases   ] GC(0)   Other: 0.3ms
[2026-03-26T14:02:17.746+0900][0.104s][info][gc,heap     ] GC(0) Eden regions: 12->0(11)
[2026-03-26T14:02:17.746+0900][0.104s][info][gc,heap     ] GC(0) Survivor regions: 0->1(2)
[2026-03-26T14:02:17.746+0900][0.104s][info][gc,heap     ] GC(0) Old regions: 0->0
[2026-03-26T14:02:17.746+0900][0.104s][info][gc,heap     ] GC(0) Humongous regions: 0->0
[2026-03-26T14:02:17.746+0900][0.104s][info][gc,metaspace] GC(0) Metaspace: 195K(384K)->195K(384K) NonClass: 183K(256K)->183K(256K) Class: 11K(128K)->11K(128K)
[2026-03-26T14:02:17.746+0900][0.104s][info][gc          ] GC(0) Pause Young (Normal) (G1 Evacuation Pause) 11M->0M(256M) 2.138ms
[2026-03-26T14:02:17.746+0900][0.104s][info][gc,cpu      ] GC(0) User=0.00s Sys=0.00s Real=0.00s
[2026-03-26T14:02:17.778+0900][0.134s][info][gc,start    ] GC(1) Pause Young (Normal) (G1 Evacuation Pause)
[2026-03-26T14:02:17.778+0900][0.135s][info][gc,task     ] GC(1) Using 6 workers of 13 for evacuation
[2026-03-26T14:02:17.778+0900][0.136s][info][gc,phases   ] GC(1)   Pre Evacuate Collection Set: 0.3ms
[2026-03-26T14:02:17.778+0900][0.136s][info][gc,phases   ] GC(1)   Merge Heap Roots: 0.2ms
[2026-03-26T14:02:17.778+0900][0.136s][info][gc,phases   ] GC(1)   Evacuate Collection Set: 0.5ms
[2026-03-26T14:02:17.778+0900][0.136s][info][gc,phases   ] GC(1)   Post Evacuate Collection Set: 0.6ms
[2026-03-26T14:02:17.778+0900][0.136s][info][gc,phases   ] GC(1)   Other: 0.1ms
[2026-03-26T14:02:17.778+0900][0.136s][info][gc,heap     ] GC(1) Eden regions: 11->0(11)
[2026-03-26T14:02:17.778+0900][0.136s][info][gc,heap     ] GC(1) Survivor regions: 1->1(2)
[2026-03-26T14:02:17.778+0900][0.136s][info][gc,heap     ] GC(1) Old regions: 0->0
[2026-03-26T14:02:17.778+0900][0.136s][info][gc,heap     ] GC(1) Humongous regions: 0->0
[2026-03-26T14:02:17.778+0900][0.136s][info][gc,metaspace] GC(1) Metaspace: 195K(384K)->195K(384K) NonClass: 183K(256K)->183K(256K) Class: 11K(128K)->11K(128K)
[2026-03-26T14:02:17.778+0900][0.136s][info][gc          ] GC(1) Pause Young (Normal) (G1 Evacuation Pause) 11M->0M(256M) 1.951ms
[2026-03-26T14:02:17.778+0900][0.136s][info][gc,cpu      ] GC(1) User=0.00s Sys=0.00s Real=0.00s
[2026-03-26T14:02:17.810+0900][0.166s][info][gc,start    ] GC(2) Pause Young (Normal) (G1 Evacuation Pause)
[2026-03-26T14:02:17.810+0900][0.166s][info][gc,task     ] GC(2) Using 6 workers of 13 for evacuation
[2026-03-26T14:02:17.814+0900][0.172s][info][gc,mmu      ] GC(2) MMU target violated: 5.4ms (5.0ms/6.0ms)
[2026-03-26T14:02:17.814+0900][0.172s][info][gc,phases   ] GC(2)   Pre Evacuate Collection Set: 0.1ms
[2026-03-26T14:02:17.814+0900][0.172s][info][gc,phases   ] GC(2)   Merge Heap Roots: 0.0ms
[2026-03-26T14:02:17.814+0900][0.172s][info][gc,phases   ] GC(2)   Evacuate Collection Set: 4.9ms
[2026-03-26T14:02:17.814+0900][0.172s][info][gc,phases   ] GC(2)   Post Evacuate Collection Set: 0.4ms
[2026-03-26T14:02:17.814+0900][0.172s][info][gc,phases   ] GC(2)   Other: 0.1ms
[2026-03-26T14:02:17.814+0900][0.172s][info][gc,heap     ] GC(2) Eden regions: 11->0(11)
[2026-03-26T14:02:17.814+0900][0.172s][info][gc,heap     ] GC(2) Survivor regions: 1->1(2)
[2026-03-26T14:02:17.814+0900][0.172s][info][gc,heap     ] GC(2) Old regions: 0->0
[2026-03-26T14:02:17.814+0900][0.172s][info][gc,heap     ] GC(2) Humongous regions: 0->0
[2026-03-26T14:02:17.814+0900][0.172s][info][gc,metaspace] GC(2) Metaspace: 195K(384K)->195K(384K) NonClass: 183K(256K)->183K(256K) Class: 11K(128K)->11K(128K)
[2026-03-26T14:02:17.814+0900][0.172s][info][gc          ] GC(2) Pause Young (Normal) (G1 Evacuation Pause) 11M->0M(256M) 5.887ms
[2026-03-26T14:02:17.814+0900][0.172s][info][gc,cpu      ] GC(2) User=0.00s Sys=0.00s Real=0.00s
[2026-03-26T14:02:17.842+0900][0.198s][info][gc,start    ] GC(3) Pause Young (Normal) (G1 Evacuation Pause)
[2026-03-26T14:02:17.842+0900][0.198s][info][gc,task     ] GC(3) Using 6 workers of 13 for evacuation
[2026-03-26T14:02:17.843+0900][0.199s][info][gc,phases   ] GC(3)   Pre Evacuate Collection Set: 0.1ms
[2026-03-26T14:02:17.843+0900][0.199s][info][gc,phases   ] GC(3)   Merge Heap Roots: 0.0ms
[2026-03-26T14:02:17.843+0900][0.199s][info][gc,phases   ] GC(3)   Evacuate Collection Set: 0.6ms
[2026-03-26T14:02:17.843+0900][0.199s][info][gc,phases   ] GC(3)   Post Evacuate Collection Set: 0.2ms
[2026-03-26T14:02:17.843+0900][0.199s][info][gc,phases   ] GC(3)   Other: 0.1ms
[2026-03-26T14:02:17.843+0900][0.199s][info][gc,heap     ] GC(3) Eden regions: 11->0(11)
[2026-03-26T14:02:17.843+0900][0.199s][info][gc,heap     ] GC(3) Survivor regions: 1->1(2)
[2026-03-26T14:02:17.843+0900][0.199s][info][gc,heap     ] GC(3) Old regions: 0->0
[2026-03-26T14:02:17.843+0900][0.199s][info][gc,heap     ] GC(3) Humongous regions: 0->0
[2026-03-26T14:02:17.843+0900][0.199s][info][gc,metaspace] GC(3) Metaspace: 195K(384K)->195K(384K) NonClass: 183K(256K)->183K(256K) Class: 11K(128K)->11K(128K)
[2026-03-26T14:02:17.843+0900][0.199s][info][gc          ] GC(3) Pause Young (Normal) (G1 Evacuation Pause) 11M->0M(256M) 1.278ms
[2026-03-26T14:02:17.843+0900][0.199s][info][gc,cpu      ] GC(3) User=0.00s Sys=0.00s Real=0.00s
[2026-03-26T14:02:17.875+0900][0.231s][info][gc,start    ] GC(4) Pause Young (Normal) (G1 Evacuation Pause)
[2026-03-26T14:02:17.875+0900][0.231s][info][gc,task     ] GC(4) Using 6 workers of 13 for evacuation
[2026-03-26T14:02:17.876+0900][0.232s][info][gc,phases   ] GC(4)   Pre Evacuate Collection Set: 0.1ms
[2026-03-26T14:02:17.876+0900][0.232s][info][gc,phases   ] GC(4)   Merge Heap Roots: 0.0ms
[2026-03-26T14:02:17.876+0900][0.232s][info][gc,phases   ] GC(4)   Evacuate Collection Set: 0.6ms
[2026-03-26T14:02:17.876+0900][0.232s][info][gc,phases   ] GC(4)   Post Evacuate Collection Set: 0.2ms
[2026-03-26T14:02:17.876+0900][0.232s][info][gc,phases   ] GC(4)   Other: 0.1ms
[2026-03-26T14:02:17.876+0900][0.232s][info][gc,heap     ] GC(4) Eden regions: 11->0(11)
[2026-03-26T14:02:17.876+0900][0.232s][info][gc,heap     ] GC(4) Survivor regions: 1->1(2)
[2026-03-26T14:02:17.876+0900][0.232s][info][gc,heap     ] GC(4) Old regions: 0->0
[2026-03-26T14:02:17.876+0900][0.232s][info][gc,heap     ] GC(4) Humongous regions: 6->6
[2026-03-26T14:02:17.876+0900][0.232s][info][gc,metaspace] GC(4) Metaspace: 195K(384K)->195K(384K) NonClass: 183K(256K)->183K(256K) Class: 11K(128K)->11K(128K)
[2026-03-26T14:02:17.876+0900][0.232s][info][gc          ] GC(4) Pause Young (Normal) (G1 Evacuation Pause) 17M->6M(256M) 1.401ms
[2026-03-26T14:02:17.876+0900][0.232s][info][gc,cpu      ] GC(4) User=0.00s Sys=0.00s Real=0.00s
[2026-03-26T14:02:17.921+0900][0.277s][info][gc,start    ] GC(5) Pause Young (Normal) (G1 Evacuation Pause)
[2026-03-26T14:02:17.921+0900][0.277s][info][gc,task     ] GC(5) Using 6 workers of 13 for evacuation
[2026-03-26T14:02:17.923+0900][0.278s][info][gc,phases   ] GC(5)   Pre Evacuate Collection Set: 0.1ms
[2026-03-26T14:02:17.923+0900][0.278s][info][gc,phases   ] GC(5)   Merge Heap Roots: 0.0ms
[2026-03-26T14:02:17.923+0900][0.278s][info][gc,phases   ] GC(5)   Evacuate Collection Set: 0.6ms
[2026-03-26T14:02:17.923+0900][0.278s][info][gc,phases   ] GC(5)   Post Evacuate Collection Set: 0.2ms
[2026-03-26T14:02:17.923+0900][0.278s][info][gc,phases   ] GC(5)   Other: 0.0ms
[2026-03-26T14:02:17.923+0900][0.278s][info][gc,heap     ] GC(5) Eden regions: 11->0(12)
[2026-03-26T14:02:17.923+0900][0.278s][info][gc,heap     ] GC(5) Survivor regions: 1->1(2)
[2026-03-26T14:02:17.923+0900][0.278s][info][gc,heap     ] GC(5) Old regions: 0->0
[2026-03-26T14:02:17.923+0900][0.278s][info][gc,heap     ] GC(5) Humongous regions: 6->6
[2026-03-26T14:02:17.923+0900][0.278s][info][gc,metaspace] GC(5) Metaspace: 195K(384K)->195K(384K) NonClass: 183K(256K)->183K(256K) Class: 11K(128K)->11K(128K)
[2026-03-26T14:02:17.923+0900][0.278s][info][gc          ] GC(5) Pause Young (Normal) (G1 Evacuation Pause) 17M->6M(256M) 1.132ms
[2026-03-26T14:02:17.923+0900][0.278s][info][gc,cpu      ] GC(5) User=0.00s Sys=0.00s Real=0.00s
[2026-03-26T14:02:17.953+0900][0.309s][info][gc,start    ] GC(6) Pause Young (Normal) (G1 Evacuation Pause)
[2026-03-26T14:02:17.953+0900][0.309s][info][gc,task     ] GC(6) Using 6 workers of 13 for evacuation
[2026-03-26T14:02:17.953+0900][0.311s][info][gc,phases   ] GC(6)   Pre Evacuate Collection Set: 0.2ms
[2026-03-26T14:02:17.953+0900][0.311s][info][gc,phases   ] GC(6)   Merge Heap Roots: 0.0ms
[2026-03-26T14:02:17.953+0900][0.311s][info][gc,phases   ] GC(6)   Evacuate Collection Set: 0.8ms
[2026-03-26T14:02:17.953+0900][0.311s][info][gc,phases   ] GC(6)   Post Evacuate Collection Set: 0.3ms
[2026-03-26T14:02:17.953+0900][0.311s][info][gc,phases   ] GC(6)   Other: 0.1ms
[2026-03-26T14:02:17.953+0900][0.311s][info][gc,heap     ] GC(6) Eden regions: 12->0(15)
[2026-03-26T14:02:17.953+0900][0.311s][info][gc,heap     ] GC(6) Survivor regions: 1->1(2)
[2026-03-26T14:02:17.953+0900][0.311s][info][gc,heap     ] GC(6) Old regions: 0->0
[2026-03-26T14:02:17.953+0900][0.311s][info][gc,heap     ] GC(6) Humongous regions: 6->6
[2026-03-26T14:02:17.953+0900][0.311s][info][gc,metaspace] GC(6) Metaspace: 195K(384K)->195K(384K) NonClass: 183K(256K)->183K(256K) Class: 11K(128K)->11K(128K)
[2026-03-26T14:02:17.953+0900][0.311s][info][gc          ] GC(6) Pause Young (Normal) (G1 Evacuation Pause) 18M->6M(256M) 1.548ms
[2026-03-26T14:02:17.953+0900][0.311s][info][gc,cpu      ] GC(6) User=0.00s Sys=0.00s Real=0.00s
[2026-03-26T14:02:18.003+0900][0.359s][info][gc,start    ] GC(7) Pause Young (Normal) (G1 Evacuation Pause)
[2026-03-26T14:02:18.003+0900][0.359s][info][gc,task     ] GC(7) Using 6 workers of 13 for evacuation
[2026-03-26T14:02:18.005+0900][0.361s][info][gc,phases   ] GC(7)   Pre Evacuate Collection Set: 0.1ms
[2026-03-26T14:02:18.005+0900][0.361s][info][gc,phases   ] GC(7)   Merge Heap Roots: 0.0ms
[2026-03-26T14:02:18.005+0900][0.361s][info][gc,phases   ] GC(7)   Evacuate Collection Set: 1.5ms
[2026-03-26T14:02:18.005+0900][0.361s][info][gc,phases   ] GC(7)   Post Evacuate Collection Set: 0.2ms
[2026-03-26T14:02:18.005+0900][0.361s][info][gc,phases   ] GC(7)   Other: 0.1ms
[2026-03-26T14:02:18.005+0900][0.361s][info][gc,heap     ] GC(7) Eden regions: 15->0(138)
[2026-03-26T14:02:18.005+0900][0.361s][info][gc,heap     ] GC(7) Survivor regions: 1->1(2)
[2026-03-26T14:02:18.005+0900][0.361s][info][gc,heap     ] GC(7) Old regions: 0->0
[2026-03-26T14:02:18.005+0900][0.361s][info][gc,heap     ] GC(7) Humongous regions: 6->6
[2026-03-26T14:02:18.005+0900][0.361s][info][gc,metaspace] GC(7) Metaspace: 195K(384K)->195K(384K) NonClass: 183K(256K)->183K(256K) Class: 11K(128K)->11K(128K)
[2026-03-26T14:02:18.005+0900][0.361s][info][gc          ] GC(7) Pause Young (Normal) (G1 Evacuation Pause) 21M->6M(256M) 2.276ms
[2026-03-26T14:02:18.005+0900][0.361s][info][gc,cpu      ] GC(7) User=0.00s Sys=0.00s Real=0.00s
[2026-03-26T14:02:18.575+0900][0.930s][info][gc,start    ] GC(8) Pause Young (Normal) (G1 Evacuation Pause)
[2026-03-26T14:02:18.575+0900][0.931s][info][gc,task     ] GC(8) Using 6 workers of 13 for evacuation
[2026-03-26T14:02:18.577+0900][0.933s][info][gc,phases   ] GC(8)   Pre Evacuate Collection Set: 0.4ms
[2026-03-26T14:02:18.577+0900][0.933s][info][gc,phases   ] GC(8)   Merge Heap Roots: 0.2ms
[2026-03-26T14:02:18.577+0900][0.933s][info][gc,phases   ] GC(8)   Evacuate Collection Set: 1.0ms
[2026-03-26T14:02:18.577+0900][0.933s][info][gc,phases   ] GC(8)   Post Evacuate Collection Set: 0.6ms
[2026-03-26T14:02:18.577+0900][0.933s][info][gc,phases   ] GC(8)   Other: 0.3ms
[2026-03-26T14:02:18.577+0900][0.933s][info][gc,heap     ] GC(8) Eden regions: 138->0(152)
[2026-03-26T14:02:18.577+0900][0.933s][info][gc,heap     ] GC(8) Survivor regions: 1->1(18)
[2026-03-26T14:02:18.577+0900][0.933s][info][gc,heap     ] GC(8) Old regions: 0->0
[2026-03-26T14:02:18.577+0900][0.933s][info][gc,heap     ] GC(8) Humongous regions: 24->24
[2026-03-26T14:02:18.577+0900][0.933s][info][gc,metaspace] GC(8) Metaspace: 195K(384K)->195K(384K) NonClass: 183K(256K)->183K(256K) Class: 11K(128K)->11K(128K)
[2026-03-26T14:02:18.577+0900][0.933s][info][gc          ] GC(8) Pause Young (Normal) (G1 Evacuation Pause) 162M->24M(256M) 2.859ms
[2026-03-26T14:02:18.577+0900][0.933s][info][gc,cpu      ] GC(8) User=0.00s Sys=0.00s Real=0.00s
[2026-03-26T14:02:19.136+0900][1.492s][info][gc,start    ] GC(9) Pause Young (Normal) (G1 Evacuation Pause)
[2026-03-26T14:02:19.136+0900][1.492s][info][gc,task     ] GC(9) Using 6 workers of 13 for evacuation
[2026-03-26T14:02:19.138+0900][1.495s][info][gc,phases   ] GC(9)   Pre Evacuate Collection Set: 0.5ms
[2026-03-26T14:02:19.138+0900][1.495s][info][gc,phases   ] GC(9)   Merge Heap Roots: 0.3ms
[2026-03-26T14:02:19.138+0900][1.495s][info][gc,phases   ] GC(9)   Evacuate Collection Set: 1.5ms
[2026-03-26T14:02:19.138+0900][1.496s][info][gc,phases   ] GC(9)   Post Evacuate Collection Set: 1.0ms
[2026-03-26T14:02:19.138+0900][1.496s][info][gc,phases   ] GC(9)   Other: 0.2ms
[2026-03-26T14:02:19.138+0900][1.496s][info][gc,heap     ] GC(9) Eden regions: 152->0(152)
[2026-03-26T14:02:19.138+0900][1.496s][info][gc,heap     ] GC(9) Survivor regions: 1->1(20)
[2026-03-26T14:02:19.138+0900][1.496s][info][gc,heap     ] GC(9) Old regions: 0->0
[2026-03-26T14:02:19.138+0900][1.496s][info][gc,heap     ] GC(9) Humongous regions: 42->42
[2026-03-26T14:02:19.138+0900][1.496s][info][gc,metaspace] GC(9) Metaspace: 195K(384K)->195K(384K) NonClass: 183K(256K)->183K(256K) Class: 11K(128K)->11K(128K)
[2026-03-26T14:02:19.138+0900][1.496s][info][gc          ] GC(9) Pause Young (Normal) (G1 Evacuation Pause) 194M->42M(256M) 3.983ms
[2026-03-26T14:02:19.138+0900][1.496s][info][gc,cpu      ] GC(9) User=0.00s Sys=0.00s Real=0.00s
[2026-03-26T14:02:19.672+0900][2.029s][info][gc,start    ] GC(10) Pause Young (Normal) (G1 Evacuation Pause)
[2026-03-26T14:02:19.672+0900][2.029s][info][gc,task     ] GC(10) Using 6 workers of 13 for evacuation
[2026-03-26T14:02:19.675+0900][2.030s][info][gc,phases   ] GC(10)   Pre Evacuate Collection Set: 0.2ms
[2026-03-26T14:02:19.675+0900][2.030s][info][gc,phases   ] GC(10)   Merge Heap Roots: 0.1ms
[2026-03-26T14:02:19.675+0900][2.030s][info][gc,phases   ] GC(10)   Evacuate Collection Set: 0.6ms
[2026-03-26T14:02:19.675+0900][2.030s][info][gc,phases   ] GC(10)   Post Evacuate Collection Set: 0.4ms
[2026-03-26T14:02:19.675+0900][2.030s][info][gc,phases   ] GC(10)   Other: 0.1ms
[2026-03-26T14:02:19.675+0900][2.030s][info][gc,heap     ] GC(10) Eden regions: 152->0(152)
[2026-03-26T14:02:19.675+0900][2.030s][info][gc,heap     ] GC(10) Survivor regions: 1->1(20)
[2026-03-26T14:02:19.675+0900][2.030s][info][gc,heap     ] GC(10) Old regions: 0->0
[2026-03-26T14:02:19.675+0900][2.030s][info][gc,heap     ] GC(10) Humongous regions: 60->60
[2026-03-26T14:02:19.675+0900][2.030s][info][gc,metaspace] GC(10) Metaspace: 309K(512K)->309K(512K) NonClass: 292K(384K)->292K(384K) Class: 17K(128K)->17K(128K)
[2026-03-26T14:02:19.675+0900][2.030s][info][gc          ] GC(10) Pause Young (Normal) (G1 Evacuation Pause) 212M->60M(256M) 1.734ms
[2026-03-26T14:02:19.675+0900][2.030s][info][gc,cpu      ] GC(10) User=0.00s Sys=0.00s Real=0.00s
[2026-03-26T14:02:20.160+0900][2.517s][info][gc,start    ] GC(11) Pause Young (Normal) (G1 Evacuation Pause)
[2026-03-26T14:02:20.160+0900][2.517s][info][gc,task     ] GC(11) Using 6 workers of 13 for evacuation
[2026-03-26T14:02:20.162+0900][2.519s][info][gc,phases   ] GC(11)   Pre Evacuate Collection Set: 0.2ms
[2026-03-26T14:02:20.162+0900][2.519s][info][gc,phases   ] GC(11)   Merge Heap Roots: 0.1ms
[2026-03-26T14:02:20.162+0900][2.519s][info][gc,phases   ] GC(11)   Evacuate Collection Set: 1.2ms
[2026-03-26T14:02:20.162+0900][2.519s][info][gc,phases   ] GC(11)   Post Evacuate Collection Set: 0.5ms
[2026-03-26T14:02:20.162+0900][2.519s][info][gc,phases   ] GC(11)   Other: 0.1ms
[2026-03-26T14:02:20.162+0900][2.519s][info][gc,heap     ] GC(11) Eden regions: 152->0(152)
[2026-03-26T14:02:20.162+0900][2.519s][info][gc,heap     ] GC(11) Survivor regions: 1->1(20)
[2026-03-26T14:02:20.162+0900][2.519s][info][gc,heap     ] GC(11) Old regions: 0->0
[2026-03-26T14:02:20.162+0900][2.519s][info][gc,heap     ] GC(11) Humongous regions: 78->78
[2026-03-26T14:02:20.162+0900][2.519s][info][gc,metaspace] GC(11) Metaspace: 309K(512K)->309K(512K) NonClass: 292K(384K)->292K(384K) Class: 17K(128K)->17K(128K)
[2026-03-26T14:02:20.162+0900][2.519s][info][gc          ] GC(11) Pause Young (Normal) (G1 Evacuation Pause) 230M->78M(256M) 2.535ms
[2026-03-26T14:02:20.162+0900][2.519s][info][gc,cpu      ] GC(11) User=0.00s Sys=0.00s Real=0.00s
[2026-03-26T14:02:20.658+0900][3.015s][info][gc,start    ] GC(12) Pause Young (Normal) (G1 Evacuation Pause)
[2026-03-26T14:02:20.658+0900][3.015s][info][gc,task     ] GC(12) Using 6 workers of 13 for evacuation
[2026-03-26T14:02:20.658+0900][3.017s][info][gc,phases   ] GC(12)   Pre Evacuate Collection Set: 0.2ms
[2026-03-26T14:02:20.658+0900][3.017s][info][gc,phases   ] GC(12)   Merge Heap Roots: 0.2ms
[2026-03-26T14:02:20.658+0900][3.017s][info][gc,phases   ] GC(12)   Evacuate Collection Set: 1.0ms
[2026-03-26T14:02:20.658+0900][3.017s][info][gc,phases   ] GC(12)   Post Evacuate Collection Set: 0.5ms
[2026-03-26T14:02:20.658+0900][3.017s][info][gc,phases   ] GC(12)   Other: 0.1ms
[2026-03-26T14:02:20.658+0900][3.017s][info][gc,heap     ] GC(12) Eden regions: 152->0(144)
[2026-03-26T14:02:20.658+0900][3.017s][info][gc,heap     ] GC(12) Survivor regions: 1->1(20)
[2026-03-26T14:02:20.658+0900][3.017s][info][gc,heap     ] GC(12) Old regions: 0->0
[2026-03-26T14:02:20.658+0900][3.017s][info][gc,heap     ] GC(12) Humongous regions: 96->96
[2026-03-26T14:02:20.658+0900][3.017s][info][gc,metaspace] GC(12) Metaspace: 309K(512K)->309K(512K) NonClass: 292K(384K)->292K(384K) Class: 17K(128K)->17K(128K)
[2026-03-26T14:02:20.658+0900][3.017s][info][gc          ] GC(12) Pause Young (Normal) (G1 Evacuation Pause) 248M->96M(256M) 2.496ms
[2026-03-26T14:02:20.658+0900][3.017s][info][gc,cpu      ] GC(12) User=0.00s Sys=0.00s Real=0.00s
[2026-03-26T14:02:21.106+0900][3.462s][info][gc,start    ] GC(13) Pause Young (Normal) (G1 Evacuation Pause)
[2026-03-26T14:02:21.106+0900][3.462s][info][gc,task     ] GC(13) Using 6 workers of 13 for evacuation
[2026-03-26T14:02:21.108+0900][3.465s][info][gc,phases   ] GC(13)   Pre Evacuate Collection Set: 0.1ms
[2026-03-26T14:02:21.108+0900][3.465s][info][gc,phases   ] GC(13)   Merge Heap Roots: 0.1ms
[2026-03-26T14:02:21.108+0900][3.465s][info][gc,phases   ] GC(13)   Evacuate Collection Set: 1.4ms
[2026-03-26T14:02:21.108+0900][3.465s][info][gc,phases   ] GC(13)   Post Evacuate Collection Set: 0.3ms
[2026-03-26T14:02:21.108+0900][3.465s][info][gc,phases   ] GC(13)   Other: 0.1ms
[2026-03-26T14:02:21.108+0900][3.465s][info][gc,heap     ] GC(13) Eden regions: 141->0(127)
[2026-03-26T14:02:21.108+0900][3.465s][info][gc,heap     ] GC(13) Survivor regions: 1->1(19)
[2026-03-26T14:02:21.108+0900][3.465s][info][gc,heap     ] GC(13) Old regions: 0->0
[2026-03-26T14:02:21.108+0900][3.465s][info][gc,heap     ] GC(13) Humongous regions: 114->114
[2026-03-26T14:02:21.108+0900][3.465s][info][gc,metaspace] GC(13) Metaspace: 309K(512K)->309K(512K) NonClass: 292K(384K)->292K(384K) Class: 17K(128K)->17K(128K)
[2026-03-26T14:02:21.108+0900][3.465s][info][gc          ] GC(13) Pause Young (Normal) (G1 Evacuation Pause) 255M->114M(257M) 2.425ms
[2026-03-26T14:02:21.108+0900][3.465s][info][gc,cpu      ] GC(13) User=0.00s Sys=0.00s Real=0.00s
[2026-03-26T14:02:21.171+0900][3.527s][info][gc,start    ] GC(14) Pause Young (Concurrent Start) (G1 Humongous Allocation)
[2026-03-26T14:02:21.171+0900][3.527s][info][gc,task     ] GC(14) Using 6 workers of 13 for evacuation
[2026-03-26T14:02:21.173+0900][3.529s][info][gc,phases   ] GC(14)   Pre Evacuate Collection Set: 0.2ms
[2026-03-26T14:02:21.173+0900][3.529s][info][gc,phases   ] GC(14)   Merge Heap Roots: 0.1ms
[2026-03-26T14:02:21.173+0900][3.529s][info][gc,phases   ] GC(14)   Evacuate Collection Set: 1.1ms
[2026-03-26T14:02:21.173+0900][3.529s][info][gc,phases   ] GC(14)   Post Evacuate Collection Set: 0.3ms
[2026-03-26T14:02:21.173+0900][3.529s][info][gc,phases   ] GC(14)   Other: 0.1ms
[2026-03-26T14:02:21.173+0900][3.529s][info][gc,heap     ] GC(14) Eden regions: 23->0(127)
[2026-03-26T14:02:21.173+0900][3.529s][info][gc,heap     ] GC(14) Survivor regions: 1->1(16)
[2026-03-26T14:02:21.173+0900][3.529s][info][gc,heap     ] GC(14) Old regions: 0->0
[2026-03-26T14:02:21.173+0900][3.529s][info][gc,heap     ] GC(14) Humongous regions: 114->114
[2026-03-26T14:02:21.173+0900][3.529s][info][gc,metaspace] GC(14) Metaspace: 309K(512K)->309K(512K) NonClass: 292K(384K)->292K(384K) Class: 17K(128K)->17K(128K)
[2026-03-26T14:02:21.173+0900][3.530s][info][gc          ] GC(14) Pause Young (Concurrent Start) (G1 Humongous Allocation) 137M->114M(257M) 2.379ms
[2026-03-26T14:02:21.173+0900][3.530s][info][gc,cpu      ] GC(14) User=0.00s Sys=0.00s Real=0.00s
[2026-03-26T14:02:21.173+0900][3.530s][info][gc          ] GC(15) Concurrent Undo Cycle
[2026-03-26T14:02:21.173+0900][3.530s][info][gc,marking  ] GC(15) Concurrent Clear Claimed Marks
[2026-03-26T14:02:21.173+0900][3.530s][info][gc,marking  ] GC(15) Concurrent Clear Claimed Marks 0.042ms
[2026-03-26T14:02:21.173+0900][3.530s][info][gc,marking  ] GC(15) Concurrent Cleanup for Next Mark
[2026-03-26T14:02:21.173+0900][3.530s][info][gc,marking  ] GC(15) Concurrent Cleanup for Next Mark 0.065ms
[2026-03-26T14:02:21.173+0900][3.530s][info][gc          ] GC(15) Concurrent Undo Cycle 0.420ms
[2026-03-26T14:02:21.349+0900][3.704s][info][gc,start    ] GC(16) Pause Young (Concurrent Start) (G1 Humongous Allocation)
[2026-03-26T14:02:21.349+0900][3.704s][info][gc,task     ] GC(16) Using 6 workers of 13 for evacuation
[2026-03-26T14:02:21.350+0900][3.705s][info][gc,phases   ] GC(16)   Pre Evacuate Collection Set: 0.1ms
[2026-03-26T14:02:21.350+0900][3.705s][info][gc,phases   ] GC(16)   Merge Heap Roots: 0.0ms
[2026-03-26T14:02:21.350+0900][3.705s][info][gc,phases   ] GC(16)   Evacuate Collection Set: 0.6ms
[2026-03-26T14:02:21.350+0900][3.705s][info][gc,phases   ] GC(16)   Post Evacuate Collection Set: 0.2ms
[2026-03-26T14:02:21.350+0900][3.705s][info][gc,phases   ] GC(16)   Other: 0.1ms
[2026-03-26T14:02:21.350+0900][3.705s][info][gc,heap     ] GC(16) Eden regions: 50->0(120)
[2026-03-26T14:02:21.350+0900][3.705s][info][gc,heap     ] GC(16) Survivor regions: 1->1(16)
[2026-03-26T14:02:21.350+0900][3.705s][info][gc,heap     ] GC(16) Old regions: 0->1
[2026-03-26T14:02:21.350+0900][3.705s][info][gc,heap     ] GC(16) Humongous regions: 120->120
[2026-03-26T14:02:21.350+0900][3.705s][info][gc,metaspace] GC(16) Metaspace: 309K(512K)->309K(512K) NonClass: 292K(384K)->292K(384K) Class: 17K(128K)->17K(128K)
[2026-03-26T14:02:21.350+0900][3.705s][info][gc          ] GC(16) Pause Young (Concurrent Start) (G1 Humongous Allocation) 170M->120M(257M) 1.257ms
[2026-03-26T14:02:21.350+0900][3.705s][info][gc,cpu      ] GC(16) User=0.00s Sys=0.00s Real=0.00s
[2026-03-26T14:02:21.350+0900][3.705s][info][gc          ] GC(17) Concurrent Mark Cycle
[2026-03-26T14:02:21.350+0900][3.705s][info][gc,marking  ] GC(17) Concurrent Scan Root Regions
[2026-03-26T14:02:21.350+0900][3.706s][info][gc,marking  ] GC(17) Concurrent Scan Root Regions 0.468ms
[2026-03-26T14:02:21.350+0900][3.706s][info][gc,marking  ] GC(17) Concurrent Mark
[2026-03-26T14:02:21.350+0900][3.706s][info][gc,marking  ] GC(17) Concurrent Mark From Roots
[2026-03-26T14:02:21.350+0900][3.706s][info][gc,task     ] GC(17) Using 3 workers of 3 for marking
[2026-03-26T14:02:21.350+0900][3.706s][info][gc,marking  ] GC(17) Concurrent Mark From Roots 0.508ms
[2026-03-26T14:02:21.350+0900][3.707s][info][gc,marking  ] GC(17) Concurrent Preclean
[2026-03-26T14:02:21.350+0900][3.707s][info][gc,marking  ] GC(17) Concurrent Preclean 0.017ms
[2026-03-26T14:02:21.350+0900][3.707s][info][gc,start    ] GC(17) Pause Remark
[2026-03-26T14:02:21.350+0900][3.707s][info][gc          ] GC(17) Pause Remark 126M->126M(257M) 0.435ms
[2026-03-26T14:02:21.350+0900][3.707s][info][gc,cpu      ] GC(17) User=0.00s Sys=0.00s Real=0.00s
[2026-03-26T14:02:21.350+0900][3.707s][info][gc,marking  ] GC(17) Concurrent Mark 1.120ms
[2026-03-26T14:02:21.350+0900][3.707s][info][gc,marking  ] GC(17) Concurrent Rebuild Remembered Sets and Scrub Regions
[2026-03-26T14:02:21.350+0900][3.707s][info][gc,marking  ] GC(17) Concurrent Rebuild Remembered Sets and Scrub Regions 0.362ms
[2026-03-26T14:02:21.350+0900][3.708s][info][gc,start    ] GC(17) Pause Cleanup
[2026-03-26T14:02:21.350+0900][3.708s][info][gc          ] GC(17) Pause Cleanup 126M->126M(257M) 0.052ms
[2026-03-26T14:02:21.350+0900][3.708s][info][gc,cpu      ] GC(17) User=0.00s Sys=0.00s Real=0.00s
[2026-03-26T14:02:21.350+0900][3.708s][info][gc,marking  ] GC(17) Concurrent Clear Claimed Marks
[2026-03-26T14:02:21.350+0900][3.708s][info][gc,marking  ] GC(17) Concurrent Clear Claimed Marks 0.049ms
[2026-03-26T14:02:21.350+0900][3.708s][info][gc,marking  ] GC(17) Concurrent Cleanup for Next Mark
[2026-03-26T14:02:21.350+0900][3.708s][info][gc,marking  ] GC(17) Concurrent Cleanup for Next Mark 0.600ms
[2026-03-26T14:02:21.350+0900][3.708s][info][gc          ] GC(17) Concurrent Mark Cycle 2.918ms
[2026-03-26T14:02:21.521+0900][3.877s][info][gc,start    ] GC(18) Pause Young (Concurrent Start) (G1 Humongous Allocation)
[2026-03-26T14:02:21.521+0900][3.877s][info][gc,task     ] GC(18) Using 6 workers of 13 for evacuation
[2026-03-26T14:02:21.521+0900][3.878s][info][gc,phases   ] GC(18)   Pre Evacuate Collection Set: 0.1ms
[2026-03-26T14:02:21.521+0900][3.878s][info][gc,phases   ] GC(18)   Merge Heap Roots: 0.0ms
[2026-03-26T14:02:21.521+0900][3.878s][info][gc,phases   ] GC(18)   Evacuate Collection Set: 0.2ms
[2026-03-26T14:02:21.521+0900][3.878s][info][gc,phases   ] GC(18)   Post Evacuate Collection Set: 0.2ms
[2026-03-26T14:02:21.521+0900][3.878s][info][gc,phases   ] GC(18)   Other: 0.1ms
[2026-03-26T14:02:21.521+0900][3.878s][info][gc,heap     ] GC(18) Eden regions: 50->0(114)
[2026-03-26T14:02:21.521+0900][3.878s][info][gc,heap     ] GC(18) Survivor regions: 1->1(16)
[2026-03-26T14:02:21.521+0900][3.878s][info][gc,heap     ] GC(18) Old regions: 1->1
[2026-03-26T14:02:21.521+0900][3.878s][info][gc,heap     ] GC(18) Humongous regions: 126->126
[2026-03-26T14:02:21.521+0900][3.878s][info][gc,metaspace] GC(18) Metaspace: 309K(512K)->309K(512K) NonClass: 292K(384K)->292K(384K) Class: 17K(128K)->17K(128K)
[2026-03-26T14:02:21.521+0900][3.878s][info][gc          ] GC(18) Pause Young (Concurrent Start) (G1 Humongous Allocation) 176M->126M(257M) 0.929ms
[2026-03-26T14:02:21.521+0900][3.878s][info][gc,cpu      ] GC(18) User=0.00s Sys=0.00s Real=0.00s
[2026-03-26T14:02:21.521+0900][3.878s][info][gc          ] GC(19) Concurrent Mark Cycle
[2026-03-26T14:02:21.521+0900][3.878s][info][gc,marking  ] GC(19) Concurrent Scan Root Regions
[2026-03-26T14:02:21.521+0900][3.878s][info][gc,marking  ] GC(19) Concurrent Scan Root Regions 0.116ms
[2026-03-26T14:02:21.521+0900][3.878s][info][gc,marking  ] GC(19) Concurrent Mark
[2026-03-26T14:02:21.521+0900][3.878s][info][gc,marking  ] GC(19) Concurrent Mark From Roots
[2026-03-26T14:02:21.521+0900][3.878s][info][gc,task     ] GC(19) Using 3 workers of 3 for marking
[2026-03-26T14:02:21.521+0900][3.879s][info][gc,marking  ] GC(19) Concurrent Mark From Roots 0.702ms
[2026-03-26T14:02:21.521+0900][3.879s][info][gc,marking  ] GC(19) Concurrent Preclean
[2026-03-26T14:02:21.521+0900][3.879s][info][gc,marking  ] GC(19) Concurrent Preclean 0.017ms
[2026-03-26T14:02:21.521+0900][3.879s][info][gc,start    ] GC(19) Pause Remark
[2026-03-26T14:02:21.521+0900][3.879s][info][gc          ] GC(19) Pause Remark 132M->132M(257M) 0.354ms
[2026-03-26T14:02:21.521+0900][3.880s][info][gc,cpu      ] GC(19) User=0.00s Sys=0.00s Real=0.00s
[2026-03-26T14:02:21.521+0900][3.880s][info][gc,marking  ] GC(19) Concurrent Mark 1.235ms
[2026-03-26T14:02:21.521+0900][3.880s][info][gc,marking  ] GC(19) Concurrent Rebuild Remembered Sets and Scrub Regions
[2026-03-26T14:02:21.521+0900][3.880s][info][gc,marking  ] GC(19) Concurrent Rebuild Remembered Sets and Scrub Regions 0.302ms
[2026-03-26T14:02:21.521+0900][3.880s][info][gc,start    ] GC(19) Pause Cleanup
[2026-03-26T14:02:21.521+0900][3.880s][info][gc          ] GC(19) Pause Cleanup 132M->132M(257M) 0.200ms
[2026-03-26T14:02:21.521+0900][3.880s][info][gc,cpu      ] GC(19) User=0.00s Sys=0.00s Real=0.00s
[2026-03-26T14:02:21.521+0900][3.880s][info][gc,marking  ] GC(19) Concurrent Clear Claimed Marks
[2026-03-26T14:02:21.521+0900][3.880s][info][gc,marking  ] GC(19) Concurrent Clear Claimed Marks 0.013ms
[2026-03-26T14:02:21.521+0900][3.880s][info][gc,marking  ] GC(19) Concurrent Cleanup for Next Mark
[2026-03-26T14:02:21.521+0900][3.880s][info][gc,marking  ] GC(19) Concurrent Cleanup for Next Mark 0.135ms
[2026-03-26T14:02:21.521+0900][3.880s][info][gc          ] GC(19) Concurrent Mark Cycle 2.283ms
[2026-03-26T14:02:21.683+0900][4.039s][info][gc,start    ] GC(20) Pause Young (Concurrent Start) (G1 Humongous Allocation)
[2026-03-26T14:02:21.684+0900][4.039s][info][gc,task     ] GC(20) Using 6 workers of 13 for evacuation
[2026-03-26T14:02:21.684+0900][4.040s][info][gc,phases   ] GC(20)   Pre Evacuate Collection Set: 0.1ms
[2026-03-26T14:02:21.684+0900][4.040s][info][gc,phases   ] GC(20)   Merge Heap Roots: 0.0ms
[2026-03-26T14:02:21.684+0900][4.040s][info][gc,phases   ] GC(20)   Evacuate Collection Set: 0.3ms
[2026-03-26T14:02:21.684+0900][4.040s][info][gc,phases   ] GC(20)   Post Evacuate Collection Set: 0.2ms
[2026-03-26T14:02:21.684+0900][4.040s][info][gc,phases   ] GC(20)   Other: 0.1ms
[2026-03-26T14:02:21.684+0900][4.040s][info][gc,heap     ] GC(20) Eden regions: 50->0(108)
[2026-03-26T14:02:21.684+0900][4.040s][info][gc,heap     ] GC(20) Survivor regions: 1->1(15)
[2026-03-26T14:02:21.684+0900][4.040s][info][gc,heap     ] GC(20) Old regions: 1->1
[2026-03-26T14:02:21.684+0900][4.040s][info][gc,heap     ] GC(20) Humongous regions: 132->132
[2026-03-26T14:02:21.684+0900][4.040s][info][gc,metaspace] GC(20) Metaspace: 309K(512K)->309K(512K) NonClass: 292K(384K)->292K(384K) Class: 17K(128K)->17K(128K)
[2026-03-26T14:02:21.684+0900][4.040s][info][gc          ] GC(20) Pause Young (Concurrent Start) (G1 Humongous Allocation) 182M->132M(257M) 1.222ms
[2026-03-26T14:02:21.684+0900][4.040s][info][gc,cpu      ] GC(20) User=0.00s Sys=0.00s Real=0.00s
[2026-03-26T14:02:21.684+0900][4.040s][info][gc          ] GC(21) Concurrent Mark Cycle
[2026-03-26T14:02:21.684+0900][4.041s][info][gc,marking  ] GC(21) Concurrent Scan Root Regions
[2026-03-26T14:02:21.684+0900][4.041s][info][gc,marking  ] GC(21) Concurrent Scan Root Regions 0.215ms
[2026-03-26T14:02:21.684+0900][4.041s][info][gc,marking  ] GC(21) Concurrent Mark
[2026-03-26T14:02:21.684+0900][4.041s][info][gc,marking  ] GC(21) Concurrent Mark From Roots
[2026-03-26T14:02:21.684+0900][4.041s][info][gc,task     ] GC(21) Using 3 workers of 3 for marking
[2026-03-26T14:02:21.684+0900][4.042s][info][gc,marking  ] GC(21) Concurrent Mark From Roots 0.888ms
[2026-03-26T14:02:21.684+0900][4.042s][info][gc,marking  ] GC(21) Concurrent Preclean
[2026-03-26T14:02:21.684+0900][4.042s][info][gc,marking  ] GC(21) Concurrent Preclean 0.028ms
[2026-03-26T14:02:21.684+0900][4.042s][info][gc,start    ] GC(21) Pause Remark
[2026-03-26T14:02:21.684+0900][4.042s][info][gc          ] GC(21) Pause Remark 139M->139M(257M) 0.411ms
[2026-03-26T14:02:21.684+0900][4.042s][info][gc,cpu      ] GC(21) User=0.00s Sys=0.00s Real=0.00s
[2026-03-26T14:02:21.684+0900][4.042s][info][gc,marking  ] GC(21) Concurrent Mark 1.553ms
[2026-03-26T14:02:21.684+0900][4.042s][info][gc,marking  ] GC(21) Concurrent Rebuild Remembered Sets and Scrub Regions
[2026-03-26T14:02:21.684+0900][4.043s][info][gc,marking  ] GC(21) Concurrent Rebuild Remembered Sets and Scrub Regions 0.378ms
[2026-03-26T14:02:21.684+0900][4.043s][info][gc,start    ] GC(21) Pause Cleanup
[2026-03-26T14:02:21.684+0900][4.043s][info][gc          ] GC(21) Pause Cleanup 139M->139M(257M) 0.128ms
[2026-03-26T14:02:21.684+0900][4.043s][info][gc,cpu      ] GC(21) User=0.00s Sys=0.00s Real=0.00s
[2026-03-26T14:02:21.684+0900][4.043s][info][gc,marking  ] GC(21) Concurrent Clear Claimed Marks
[2026-03-26T14:02:21.684+0900][4.043s][info][gc,marking  ] GC(21) Concurrent Clear Claimed Marks 0.039ms
[2026-03-26T14:02:21.684+0900][4.043s][info][gc,marking  ] GC(21) Concurrent Cleanup for Next Mark
[2026-03-26T14:02:21.684+0900][4.043s][info][gc,marking  ] GC(21) Concurrent Cleanup for Next Mark 0.214ms
[2026-03-26T14:02:21.684+0900][4.043s][info][gc          ] GC(21) Concurrent Mark Cycle 2.812ms
[2026-03-26T14:02:21.843+0900][4.200s][info][gc,start    ] GC(22) Pause Young (Concurrent Start) (G1 Humongous Allocation)
[2026-03-26T14:02:21.845+0900][4.200s][info][gc,task     ] GC(22) Using 6 workers of 13 for evacuation
[2026-03-26T14:02:21.845+0900][4.201s][info][gc,phases   ] GC(22)   Pre Evacuate Collection Set: 0.3ms
[2026-03-26T14:02:21.845+0900][4.201s][info][gc,phases   ] GC(22)   Merge Heap Roots: 0.2ms
[2026-03-26T14:02:21.845+0900][4.201s][info][gc,phases   ] GC(22)   Evacuate Collection Set: 0.3ms
[2026-03-26T14:02:21.845+0900][4.201s][info][gc,phases   ] GC(22)   Post Evacuate Collection Set: 0.3ms
[2026-03-26T14:02:21.845+0900][4.201s][info][gc,phases   ] GC(22)   Other: 0.1ms
[2026-03-26T14:02:21.845+0900][4.201s][info][gc,heap     ] GC(22) Eden regions: 50->0(102)
[2026-03-26T14:02:21.845+0900][4.201s][info][gc,heap     ] GC(22) Survivor regions: 1->1(14)
[2026-03-26T14:02:21.845+0900][4.201s][info][gc,heap     ] GC(22) Old regions: 1->1
[2026-03-26T14:02:21.845+0900][4.201s][info][gc,heap     ] GC(22) Humongous regions: 138->138
[2026-03-26T14:02:21.845+0900][4.201s][info][gc,metaspace] GC(22) Metaspace: 309K(512K)->309K(512K) NonClass: 292K(384K)->292K(384K) Class: 17K(128K)->17K(128K)
[2026-03-26T14:02:21.845+0900][4.201s][info][gc          ] GC(22) Pause Young (Concurrent Start) (G1 Humongous Allocation) 188M->138M(257M) 1.581ms
[2026-03-26T14:02:21.845+0900][4.201s][info][gc,cpu      ] GC(22) User=0.00s Sys=0.00s Real=0.00s
[2026-03-26T14:02:21.845+0900][4.202s][info][gc          ] GC(23) Concurrent Mark Cycle
[2026-03-26T14:02:21.845+0900][4.202s][info][gc,marking  ] GC(23) Concurrent Scan Root Regions
[2026-03-26T14:02:21.845+0900][4.202s][info][gc,marking  ] GC(23) Concurrent Scan Root Regions 0.189ms
[2026-03-26T14:02:21.845+0900][4.202s][info][gc,marking  ] GC(23) Concurrent Mark
[2026-03-26T14:02:21.845+0900][4.202s][info][gc,marking  ] GC(23) Concurrent Mark From Roots
[2026-03-26T14:02:21.845+0900][4.202s][info][gc,task     ] GC(23) Using 3 workers of 3 for marking
[2026-03-26T14:02:21.847+0900][4.203s][info][gc,marking  ] GC(23) Concurrent Mark From Roots 1.010ms
[2026-03-26T14:02:21.847+0900][4.203s][info][gc,marking  ] GC(23) Concurrent Preclean
[2026-03-26T14:02:21.847+0900][4.203s][info][gc,marking  ] GC(23) Concurrent Preclean 0.023ms
[2026-03-26T14:02:21.847+0900][4.203s][info][gc,start    ] GC(23) Pause Remark
[2026-03-26T14:02:21.847+0900][4.204s][info][gc          ] GC(23) Pause Remark 144M->144M(257M) 0.676ms
[2026-03-26T14:02:21.847+0900][4.204s][info][gc,cpu      ] GC(23) User=0.00s Sys=0.00s Real=0.00s
[2026-03-26T14:02:21.847+0900][4.204s][info][gc,marking  ] GC(23) Concurrent Mark 2.017ms
[2026-03-26T14:02:21.849+0900][4.204s][info][gc,marking  ] GC(23) Concurrent Rebuild Remembered Sets and Scrub Regions
[2026-03-26T14:02:21.849+0900][4.204s][info][gc,marking  ] GC(23) Concurrent Rebuild Remembered Sets and Scrub Regions 0.542ms
[2026-03-26T14:02:21.849+0900][4.205s][info][gc,start    ] GC(23) Pause Cleanup
[2026-03-26T14:02:21.849+0900][4.205s][info][gc          ] GC(23) Pause Cleanup 144M->144M(257M) 0.185ms
[2026-03-26T14:02:21.849+0900][4.205s][info][gc,cpu      ] GC(23) User=0.00s Sys=0.00s Real=0.00s
[2026-03-26T14:02:21.849+0900][4.205s][info][gc,marking  ] GC(23) Concurrent Clear Claimed Marks
[2026-03-26T14:02:21.849+0900][4.205s][info][gc,marking  ] GC(23) Concurrent Clear Claimed Marks 0.071ms
[2026-03-26T14:02:21.849+0900][4.205s][info][gc,marking  ] GC(23) Concurrent Cleanup for Next Mark
[2026-03-26T14:02:21.849+0900][4.205s][info][gc,marking  ] GC(23) Concurrent Cleanup for Next Mark 0.162ms
[2026-03-26T14:02:21.849+0900][4.205s][info][gc          ] GC(23) Concurrent Mark Cycle 3.709ms
[2026-03-26T14:02:22.012+0900][4.368s][info][gc,start    ] GC(24) Pause Young (Concurrent Start) (G1 Humongous Allocation)
[2026-03-26T14:02:22.012+0900][4.369s][info][gc,task     ] GC(24) Using 6 workers of 13 for evacuation
[2026-03-26T14:02:22.012+0900][4.371s][info][gc,phases   ] GC(24)   Pre Evacuate Collection Set: 0.5ms
[2026-03-26T14:02:22.012+0900][4.371s][info][gc,phases   ] GC(24)   Merge Heap Roots: 0.2ms
[2026-03-26T14:02:22.012+0900][4.371s][info][gc,phases   ] GC(24)   Evacuate Collection Set: 0.6ms
[2026-03-26T14:02:22.012+0900][4.371s][info][gc,phases   ] GC(24)   Post Evacuate Collection Set: 0.9ms
[2026-03-26T14:02:22.012+0900][4.371s][info][gc,phases   ] GC(24)   Other: 0.4ms
[2026-03-26T14:02:22.012+0900][4.371s][info][gc,heap     ] GC(24) Eden regions: 50->0(96)
[2026-03-26T14:02:22.012+0900][4.371s][info][gc,heap     ] GC(24) Survivor regions: 1->1(13)
[2026-03-26T14:02:22.012+0900][4.371s][info][gc,heap     ] GC(24) Old regions: 1->1
[2026-03-26T14:02:22.012+0900][4.371s][info][gc,heap     ] GC(24) Humongous regions: 144->144
[2026-03-26T14:02:22.012+0900][4.371s][info][gc,metaspace] GC(24) Metaspace: 309K(512K)->309K(512K) NonClass: 292K(384K)->292K(384K) Class: 17K(128K)->17K(128K)
[2026-03-26T14:02:22.012+0900][4.372s][info][gc          ] GC(24) Pause Young (Concurrent Start) (G1 Humongous Allocation) 194M->144M(257M) 3.137ms
[2026-03-26T14:02:22.012+0900][4.372s][info][gc,cpu      ] GC(24) User=0.00s Sys=0.00s Real=0.00s
[2026-03-26T14:02:22.012+0900][4.372s][info][gc          ] GC(25) Concurrent Mark Cycle
[2026-03-26T14:02:22.012+0900][4.372s][info][gc,marking  ] GC(25) Concurrent Scan Root Regions
[2026-03-26T14:02:22.012+0900][4.372s][info][gc,marking  ] GC(25) Concurrent Scan Root Regions 0.423ms
[2026-03-26T14:02:22.012+0900][4.372s][info][gc,marking  ] GC(25) Concurrent Mark
[2026-03-26T14:02:22.012+0900][4.372s][info][gc,marking  ] GC(25) Concurrent Mark From Roots
[2026-03-26T14:02:22.012+0900][4.372s][info][gc,task     ] GC(25) Using 3 workers of 3 for marking
[2026-03-26T14:02:22.012+0900][4.374s][info][gc,marking  ] GC(25) Concurrent Mark From Roots 1.424ms
[2026-03-26T14:02:22.012+0900][4.374s][info][gc,marking  ] GC(25) Concurrent Preclean
[2026-03-26T14:02:22.012+0900][4.374s][info][gc,marking  ] GC(25) Concurrent Preclean 0.037ms
[2026-03-26T14:02:22.012+0900][4.374s][info][gc,start    ] GC(25) Pause Remark
[2026-03-26T14:02:22.012+0900][4.376s][info][gc          ] GC(25) Pause Remark 150M->150M(257M) 1.530ms
[2026-03-26T14:02:22.012+0900][4.376s][info][gc,cpu      ] GC(25) User=0.00s Sys=0.00s Real=0.00s
[2026-03-26T14:02:22.012+0900][4.376s][info][gc,marking  ] GC(25) Concurrent Mark 3.474ms
[2026-03-26T14:02:22.012+0900][4.376s][info][gc,marking  ] GC(25) Concurrent Rebuild Remembered Sets and Scrub Regions
[2026-03-26T14:02:22.012+0900][4.377s][info][gc,marking  ] GC(25) Concurrent Rebuild Remembered Sets and Scrub Regions 0.727ms
[2026-03-26T14:02:22.012+0900][4.377s][info][gc,start    ] GC(25) Pause Cleanup
[2026-03-26T14:02:22.012+0900][4.377s][info][gc          ] GC(25) Pause Cleanup 150M->150M(257M) 0.389ms
[2026-03-26T14:02:22.012+0900][4.377s][info][gc,cpu      ] GC(25) User=0.00s Sys=0.00s Real=0.00s
[2026-03-26T14:02:22.012+0900][4.378s][info][gc,marking  ] GC(25) Concurrent Clear Claimed Marks
[2026-03-26T14:02:22.012+0900][4.378s][info][gc,marking  ] GC(25) Concurrent Clear Claimed Marks 0.090ms
[2026-03-26T14:02:22.012+0900][4.378s][info][gc,marking  ] GC(25) Concurrent Cleanup for Next Mark
[2026-03-26T14:02:22.012+0900][4.378s][info][gc,marking  ] GC(25) Concurrent Cleanup for Next Mark 0.289ms
[2026-03-26T14:02:22.012+0900][4.378s][info][gc          ] GC(25) Concurrent Mark Cycle 6.248ms
[2026-03-26T14:02:22.196+0900][4.553s][info][gc,start    ] GC(26) Pause Young (Concurrent Start) (G1 Humongous Allocation)
[2026-03-26T14:02:22.196+0900][4.553s][info][gc,task     ] GC(26) Using 6 workers of 13 for evacuation
[2026-03-26T14:02:22.196+0900][4.557s][info][gc,phases   ] GC(26)   Pre Evacuate Collection Set: 0.5ms
[2026-03-26T14:02:22.196+0900][4.557s][info][gc,phases   ] GC(26)   Merge Heap Roots: 0.2ms
[2026-03-26T14:02:22.196+0900][4.557s][info][gc,phases   ] GC(26)   Evacuate Collection Set: 0.6ms
[2026-03-26T14:02:22.196+0900][4.557s][info][gc,phases   ] GC(26)   Post Evacuate Collection Set: 1.6ms
[2026-03-26T14:02:22.196+0900][4.557s][info][gc,phases   ] GC(26)   Other: 0.4ms
[2026-03-26T14:02:22.196+0900][4.557s][info][gc,heap     ] GC(26) Eden regions: 50->0(139)
[2026-03-26T14:02:22.196+0900][4.557s][info][gc,heap     ] GC(26) Survivor regions: 1->1(13)
[2026-03-26T14:02:22.196+0900][4.557s][info][gc,heap     ] GC(26) Old regions: 1->1
[2026-03-26T14:02:22.196+0900][4.557s][info][gc,heap     ] GC(26) Humongous regions: 150->150
[2026-03-26T14:02:22.196+0900][4.557s][info][gc,metaspace] GC(26) Metaspace: 312K(512K)->312K(512K) NonClass: 295K(384K)->295K(384K) Class: 17K(128K)->17K(128K)
[2026-03-26T14:02:22.196+0900][4.557s][info][gc          ] GC(26) Pause Young (Concurrent Start) (G1 Humongous Allocation) 200M->150M(308M) 3.808ms
[2026-03-26T14:02:22.196+0900][4.557s][info][gc,cpu      ] GC(26) User=0.02s Sys=0.00s Real=0.00s
[2026-03-26T14:02:22.196+0900][4.557s][info][gc          ] GC(27) Concurrent Mark Cycle
[2026-03-26T14:02:22.196+0900][4.557s][info][gc,marking  ] GC(27) Concurrent Scan Root Regions
[2026-03-26T14:02:22.196+0900][4.558s][info][gc,marking  ] GC(27) Concurrent Scan Root Regions 0.440ms
[2026-03-26T14:02:22.196+0900][4.558s][info][gc,marking  ] GC(27) Concurrent Mark
[2026-03-26T14:02:22.196+0900][4.558s][info][gc,marking  ] GC(27) Concurrent Mark From Roots
[2026-03-26T14:02:22.196+0900][4.558s][info][gc,task     ] GC(27) Using 3 workers of 3 for marking
[2026-03-26T14:02:22.196+0900][4.559s][info][gc,marking  ] GC(27) Concurrent Mark From Roots 1.517ms
[2026-03-26T14:02:22.196+0900][4.559s][info][gc,marking  ] GC(27) Concurrent Preclean
[2026-03-26T14:02:22.196+0900][4.559s][info][gc,marking  ] GC(27) Concurrent Preclean 0.031ms
[2026-03-26T14:02:22.196+0900][4.560s][info][gc,start    ] GC(27) Pause Remark
[2026-03-26T14:02:22.196+0900][4.561s][info][gc          ] GC(27) Pause Remark 156M->156M(308M) 1.589ms
[2026-03-26T14:02:22.196+0900][4.561s][info][gc,cpu      ] GC(27) User=0.00s Sys=0.00s Real=0.00s
[2026-03-26T14:02:22.196+0900][4.562s][info][gc,marking  ] GC(27) Concurrent Mark 3.676ms
[2026-03-26T14:02:22.196+0900][4.562s][info][gc,marking  ] GC(27) Concurrent Rebuild Remembered Sets and Scrub Regions
[2026-03-26T14:02:22.196+0900][4.562s][info][gc,marking  ] GC(27) Concurrent Rebuild Remembered Sets and Scrub Regions 0.779ms
[2026-03-26T14:02:22.196+0900][4.563s][info][gc,start    ] GC(27) Pause Cleanup
[2026-03-26T14:02:22.196+0900][4.563s][info][gc          ] GC(27) Pause Cleanup 156M->156M(308M) 0.413ms
[2026-03-26T14:02:22.196+0900][4.563s][info][gc,cpu      ] GC(27) User=0.00s Sys=0.00s Real=0.00s
[2026-03-26T14:02:22.196+0900][4.563s][info][gc,marking  ] GC(27) Concurrent Clear Claimed Marks
[2026-03-26T14:02:22.196+0900][4.563s][info][gc,marking  ] GC(27) Concurrent Clear Claimed Marks 0.097ms
[2026-03-26T14:02:22.196+0900][4.563s][info][gc,marking  ] GC(27) Concurrent Cleanup for Next Mark
[2026-03-26T14:02:22.196+0900][4.565s][info][gc,marking  ] GC(27) Concurrent Cleanup for Next Mark 1.231ms
[2026-03-26T14:02:22.196+0900][4.565s][info][gc          ] GC(27) Concurrent Mark Cycle 7.692ms
[2026-03-26T14:02:22.373+0900][4.730s][info][gc,start    ] GC(28) Pause Young (Concurrent Start) (G1 Humongous Allocation)
[2026-03-26T14:02:22.373+0900][4.730s][info][gc,task     ] GC(28) Using 7 workers of 13 for evacuation
[2026-03-26T14:02:22.375+0900][4.731s][info][gc,phases   ] GC(28)   Pre Evacuate Collection Set: 0.1ms
[2026-03-26T14:02:22.375+0900][4.731s][info][gc,phases   ] GC(28)   Merge Heap Roots: 0.0ms
[2026-03-26T14:02:22.375+0900][4.731s][info][gc,phases   ] GC(28)   Evacuate Collection Set: 0.7ms
[2026-03-26T14:02:22.375+0900][4.731s][info][gc,phases   ] GC(28)   Post Evacuate Collection Set: 0.2ms
[2026-03-26T14:02:22.375+0900][4.731s][info][gc,phases   ] GC(28)   Other: 0.1ms
[2026-03-26T14:02:22.375+0900][4.731s][info][gc,heap     ] GC(28) Eden regions: 50->0(133)
[2026-03-26T14:02:22.375+0900][4.731s][info][gc,heap     ] GC(28) Survivor regions: 1->1(18)
[2026-03-26T14:02:22.375+0900][4.731s][info][gc,heap     ] GC(28) Old regions: 1->1
[2026-03-26T14:02:22.375+0900][4.731s][info][gc,heap     ] GC(28) Humongous regions: 156->156
[2026-03-26T14:02:22.375+0900][4.731s][info][gc,metaspace] GC(28) Metaspace: 312K(512K)->312K(512K) NonClass: 295K(384K)->295K(384K) Class: 17K(128K)->17K(128K)
[2026-03-26T14:02:22.375+0900][4.731s][info][gc          ] GC(28) Pause Young (Concurrent Start) (G1 Humongous Allocation) 206M->156M(308M) 1.456ms
[2026-03-26T14:02:22.375+0900][4.732s][info][gc,cpu      ] GC(28) User=0.00s Sys=0.00s Real=0.00s
[2026-03-26T14:02:22.376+0900][4.732s][info][gc          ] GC(29) Concurrent Mark Cycle
[2026-03-26T14:02:22.376+0900][4.732s][info][gc,marking  ] GC(29) Concurrent Scan Root Regions
[2026-03-26T14:02:22.376+0900][4.732s][info][gc,marking  ] GC(29) Concurrent Scan Root Regions 0.116ms
[2026-03-26T14:02:22.376+0900][4.732s][info][gc,marking  ] GC(29) Concurrent Mark
[2026-03-26T14:02:22.376+0900][4.732s][info][gc,marking  ] GC(29) Concurrent Mark From Roots
[2026-03-26T14:02:22.376+0900][4.732s][info][gc,task     ] GC(29) Using 3 workers of 3 for marking
[2026-03-26T14:02:22.376+0900][4.732s][info][gc,marking  ] GC(29) Concurrent Mark From Roots 0.669ms
[2026-03-26T14:02:22.376+0900][4.733s][info][gc,marking  ] GC(29) Concurrent Preclean
[2026-03-26T14:02:22.376+0900][4.733s][info][gc,marking  ] GC(29) Concurrent Preclean 0.017ms
[2026-03-26T14:02:22.376+0900][4.733s][info][gc,start    ] GC(29) Pause Remark
[2026-03-26T14:02:22.376+0900][4.734s][info][gc          ] GC(29) Pause Remark 162M->162M(308M) 0.952ms
[2026-03-26T14:02:22.376+0900][4.734s][info][gc,cpu      ] GC(29) User=0.00s Sys=0.00s Real=0.00s
[2026-03-26T14:02:22.376+0900][4.734s][info][gc,marking  ] GC(29) Concurrent Mark 1.922ms
[2026-03-26T14:02:22.376+0900][4.734s][info][gc,marking  ] GC(29) Concurrent Rebuild Remembered Sets and Scrub Regions
[2026-03-26T14:02:22.376+0900][4.734s][info][gc,marking  ] GC(29) Concurrent Rebuild Remembered Sets and Scrub Regions 0.387ms
[2026-03-26T14:02:22.376+0900][4.734s][info][gc,start    ] GC(29) Pause Cleanup
[2026-03-26T14:02:22.376+0900][4.735s][info][gc          ] GC(29) Pause Cleanup 162M->162M(308M) 0.249ms
[2026-03-26T14:02:22.376+0900][4.735s][info][gc,cpu      ] GC(29) User=0.00s Sys=0.00s Real=0.00s
[2026-03-26T14:02:22.376+0900][4.735s][info][gc,marking  ] GC(29) Concurrent Clear Claimed Marks
[2026-03-26T14:02:22.376+0900][4.735s][info][gc,marking  ] GC(29) Concurrent Clear Claimed Marks 0.044ms
[2026-03-26T14:02:22.376+0900][4.735s][info][gc,marking  ] GC(29) Concurrent Cleanup for Next Mark
[2026-03-26T14:02:22.376+0900][4.735s][info][gc,marking  ] GC(29) Concurrent Cleanup for Next Mark 0.231ms
[2026-03-26T14:02:22.376+0900][4.735s][info][gc          ] GC(29) Concurrent Mark Cycle 3.444ms
[2026-03-26T14:02:22.532+0900][4.887s][info][gc,start    ] GC(30) Pause Young (Concurrent Start) (G1 Humongous Allocation)
[2026-03-26T14:02:22.532+0900][4.887s][info][gc,task     ] GC(30) Using 7 workers of 13 for evacuation
[2026-03-26T14:02:22.532+0900][4.888s][info][gc,phases   ] GC(30)   Pre Evacuate Collection Set: 0.1ms
[2026-03-26T14:02:22.532+0900][4.888s][info][gc,phases   ] GC(30)   Merge Heap Roots: 0.1ms
[2026-03-26T14:02:22.532+0900][4.888s][info][gc,phases   ] GC(30)   Evacuate Collection Set: 0.2ms
[2026-03-26T14:02:22.532+0900][4.888s][info][gc,phases   ] GC(30)   Post Evacuate Collection Set: 0.2ms
[2026-03-26T14:02:22.532+0900][4.888s][info][gc,phases   ] GC(30)   Other: 0.2ms
[2026-03-26T14:02:22.532+0900][4.888s][info][gc,heap     ] GC(30) Eden regions: 50->0(127)
[2026-03-26T14:02:22.532+0900][4.888s][info][gc,heap     ] GC(30) Survivor regions: 1->1(17)
[2026-03-26T14:02:22.532+0900][4.888s][info][gc,heap     ] GC(30) Old regions: 1->1
[2026-03-26T14:02:22.532+0900][4.888s][info][gc,heap     ] GC(30) Humongous regions: 162->162
[2026-03-26T14:02:22.532+0900][4.888s][info][gc,metaspace] GC(30) Metaspace: 312K(512K)->312K(512K) NonClass: 295K(384K)->295K(384K) Class: 17K(128K)->17K(128K)
[2026-03-26T14:02:22.532+0900][4.888s][info][gc          ] GC(30) Pause Young (Concurrent Start) (G1 Humongous Allocation) 212M->162M(308M) 1.075ms
[2026-03-26T14:02:22.532+0900][4.888s][info][gc,cpu      ] GC(30) User=0.00s Sys=0.00s Real=0.00s
[2026-03-26T14:02:22.532+0900][4.888s][info][gc          ] GC(31) Concurrent Mark Cycle
[2026-03-26T14:02:22.532+0900][4.889s][info][gc,marking  ] GC(31) Concurrent Scan Root Regions
[2026-03-26T14:02:22.532+0900][4.889s][info][gc,marking  ] GC(31) Concurrent Scan Root Regions 0.121ms
[2026-03-26T14:02:22.532+0900][4.889s][info][gc,marking  ] GC(31) Concurrent Mark
[2026-03-26T14:02:22.532+0900][4.889s][info][gc,marking  ] GC(31) Concurrent Mark From Roots
[2026-03-26T14:02:22.532+0900][4.889s][info][gc,task     ] GC(31) Using 3 workers of 3 for marking
[2026-03-26T14:02:22.532+0900][4.890s][info][gc,marking  ] GC(31) Concurrent Mark From Roots 1.002ms
[2026-03-26T14:02:22.532+0900][4.890s][info][gc,marking  ] GC(31) Concurrent Preclean
[2026-03-26T14:02:22.532+0900][4.890s][info][gc,marking  ] GC(31) Concurrent Preclean 0.015ms
[2026-03-26T14:02:22.532+0900][4.890s][info][gc,start    ] GC(31) Pause Remark
[2026-03-26T14:02:22.532+0900][4.890s][info][gc          ] GC(31) Pause Remark 168M->168M(308M) 0.563ms
[2026-03-26T14:02:22.532+0900][4.890s][info][gc,cpu      ] GC(31) User=0.00s Sys=0.00s Real=0.00s
[2026-03-26T14:02:22.532+0900][4.890s][info][gc,marking  ] GC(31) Concurrent Mark 1.746ms
[2026-03-26T14:02:22.532+0900][4.890s][info][gc,marking  ] GC(31) Concurrent Rebuild Remembered Sets and Scrub Regions
[2026-03-26T14:02:22.532+0900][4.891s][info][gc,marking  ] GC(31) Concurrent Rebuild Remembered Sets and Scrub Regions 0.432ms
[2026-03-26T14:02:22.532+0900][4.891s][info][gc,start    ] GC(31) Pause Cleanup
[2026-03-26T14:02:22.532+0900][4.891s][info][gc          ] GC(31) Pause Cleanup 168M->168M(308M) 0.203ms
[2026-03-26T14:02:22.532+0900][4.891s][info][gc,cpu      ] GC(31) User=0.00s Sys=0.00s Real=0.00s
[2026-03-26T14:02:22.532+0900][4.891s][info][gc,marking  ] GC(31) Concurrent Clear Claimed Marks
[2026-03-26T14:02:22.532+0900][4.891s][info][gc,marking  ] GC(31) Concurrent Clear Claimed Marks 0.038ms
[2026-03-26T14:02:22.532+0900][4.891s][info][gc,marking  ] GC(31) Concurrent Cleanup for Next Mark
[2026-03-26T14:02:22.532+0900][4.891s][info][gc,marking  ] GC(31) Concurrent Cleanup for Next Mark 0.176ms
[2026-03-26T14:02:22.532+0900][4.892s][info][gc          ] GC(31) Concurrent Mark Cycle 3.062ms
[2026-03-26T14:02:22.708+0900][5.064s][info][gc,start    ] GC(32) Pause Young (Concurrent Start) (G1 Humongous Allocation)
[2026-03-26T14:02:22.708+0900][5.064s][info][gc,task     ] GC(32) Using 7 workers of 13 for evacuation
[2026-03-26T14:02:22.708+0900][5.065s][info][gc,phases   ] GC(32)   Pre Evacuate Collection Set: 0.1ms
[2026-03-26T14:02:22.708+0900][5.065s][info][gc,phases   ] GC(32)   Merge Heap Roots: 0.0ms
[2026-03-26T14:02:22.708+0900][5.065s][info][gc,phases   ] GC(32)   Evacuate Collection Set: 0.2ms
[2026-03-26T14:02:22.708+0900][5.065s][info][gc,phases   ] GC(32)   Post Evacuate Collection Set: 0.2ms
[2026-03-26T14:02:22.708+0900][5.065s][info][gc,phases   ] GC(32)   Other: 0.1ms
[2026-03-26T14:02:22.708+0900][5.065s][info][gc,heap     ] GC(32) Eden regions: 50->0(121)
[2026-03-26T14:02:22.708+0900][5.065s][info][gc,heap     ] GC(32) Survivor regions: 1->1(16)
[2026-03-26T14:02:22.708+0900][5.065s][info][gc,heap     ] GC(32) Old regions: 1->1
[2026-03-26T14:02:22.708+0900][5.065s][info][gc,heap     ] GC(32) Humongous regions: 168->168
[2026-03-26T14:02:22.708+0900][5.065s][info][gc,metaspace] GC(32) Metaspace: 312K(512K)->312K(512K) NonClass: 295K(384K)->295K(384K) Class: 17K(128K)->17K(128K)
[2026-03-26T14:02:22.708+0900][5.065s][info][gc          ] GC(32) Pause Young (Concurrent Start) (G1 Humongous Allocation) 218M->168M(308M) 1.075ms
[2026-03-26T14:02:22.708+0900][5.065s][info][gc,cpu      ] GC(32) User=0.00s Sys=0.00s Real=0.00s
[2026-03-26T14:02:22.708+0900][5.065s][info][gc          ] GC(33) Concurrent Mark Cycle
[2026-03-26T14:02:22.708+0900][5.065s][info][gc,marking  ] GC(33) Concurrent Scan Root Regions
[2026-03-26T14:02:22.708+0900][5.065s][info][gc,marking  ] GC(33) Concurrent Scan Root Regions 0.125ms
[2026-03-26T14:02:22.708+0900][5.066s][info][gc,marking  ] GC(33) Concurrent Mark
[2026-03-26T14:02:22.708+0900][5.066s][info][gc,marking  ] GC(33) Concurrent Mark From Roots
[2026-03-26T14:02:22.708+0900][5.066s][info][gc,task     ] GC(33) Using 3 workers of 3 for marking
[2026-03-26T14:02:22.710+0900][5.066s][info][gc,marking  ] GC(33) Concurrent Mark From Roots 0.708ms
[2026-03-26T14:02:22.710+0900][5.066s][info][gc,marking  ] GC(33) Concurrent Preclean
[2026-03-26T14:02:22.710+0900][5.066s][info][gc,marking  ] GC(33) Concurrent Preclean 0.022ms
[2026-03-26T14:02:22.710+0900][5.067s][info][gc,start    ] GC(33) Pause Remark
[2026-03-26T14:02:22.710+0900][5.067s][info][gc          ] GC(33) Pause Remark 174M->174M(308M) 0.409ms
[2026-03-26T14:02:22.710+0900][5.067s][info][gc,cpu      ] GC(33) User=0.00s Sys=0.00s Real=0.00s
[2026-03-26T14:02:22.755+0900][5.111s][info][gc,marking  ] GC(33) Concurrent Mark 45.078ms
[2026-03-26T14:02:22.755+0900][5.111s][info][gc,marking  ] GC(33) Concurrent Rebuild Remembered Sets and Scrub Regions
[2026-03-26T14:02:22.755+0900][5.111s][info][gc,marking  ] GC(33) Concurrent Rebuild Remembered Sets and Scrub Regions 0.463ms
[2026-03-26T14:02:22.755+0900][5.111s][info][gc,start    ] GC(33) Pause Cleanup
[2026-03-26T14:02:22.755+0900][5.111s][info][gc          ] GC(33) Pause Cleanup 174M->174M(308M) 0.130ms
[2026-03-26T14:02:22.755+0900][5.111s][info][gc,cpu      ] GC(33) User=0.00s Sys=0.00s Real=0.00s
[2026-03-26T14:02:22.755+0900][5.112s][info][gc,marking  ] GC(33) Concurrent Clear Claimed Marks
[2026-03-26T14:02:22.755+0900][5.112s][info][gc,marking  ] GC(33) Concurrent Clear Claimed Marks 0.031ms
[2026-03-26T14:02:22.755+0900][5.112s][info][gc,marking  ] GC(33) Concurrent Cleanup for Next Mark
[2026-03-26T14:02:22.755+0900][5.112s][info][gc,marking  ] GC(33) Concurrent Cleanup for Next Mark 0.196ms
[2026-03-26T14:02:22.755+0900][5.112s][info][gc          ] GC(33) Concurrent Mark Cycle 46.463ms
[2026-03-26T14:02:22.921+0900][5.277s][info][gc,start    ] GC(34) Pause Young (Concurrent Start) (G1 Humongous Allocation)
[2026-03-26T14:02:22.921+0900][5.277s][info][gc,task     ] GC(34) Using 7 workers of 13 for evacuation
[2026-03-26T14:02:22.921+0900][5.279s][info][gc,phases   ] GC(34)   Pre Evacuate Collection Set: 0.3ms
[2026-03-26T14:02:22.921+0900][5.279s][info][gc,phases   ] GC(34)   Merge Heap Roots: 0.1ms
[2026-03-26T14:02:22.921+0900][5.279s][info][gc,phases   ] GC(34)   Evacuate Collection Set: 0.5ms
[2026-03-26T14:02:22.921+0900][5.279s][info][gc,phases   ] GC(34)   Post Evacuate Collection Set: 0.6ms
[2026-03-26T14:02:22.921+0900][5.279s][info][gc,phases   ] GC(34)   Other: 0.2ms
[2026-03-26T14:02:22.921+0900][5.279s][info][gc,heap     ] GC(34) Eden regions: 50->0(115)
[2026-03-26T14:02:22.921+0900][5.279s][info][gc,heap     ] GC(34) Survivor regions: 1->1(16)
[2026-03-26T14:02:22.921+0900][5.279s][info][gc,heap     ] GC(34) Old regions: 1->1
[2026-03-26T14:02:22.921+0900][5.279s][info][gc,heap     ] GC(34) Humongous regions: 174->174
[2026-03-26T14:02:22.921+0900][5.279s][info][gc,metaspace] GC(34) Metaspace: 312K(512K)->312K(512K) NonClass: 295K(384K)->295K(384K) Class: 17K(128K)->17K(128K)
[2026-03-26T14:02:22.921+0900][5.279s][info][gc          ] GC(34) Pause Young (Concurrent Start) (G1 Humongous Allocation) 224M->174M(308M) 2.300ms
[2026-03-26T14:02:22.921+0900][5.279s][info][gc,cpu      ] GC(34) User=0.00s Sys=0.00s Real=0.00s
[2026-03-26T14:02:22.921+0900][5.280s][info][gc          ] GC(35) Concurrent Mark Cycle
[2026-03-26T14:02:22.921+0900][5.280s][info][gc,marking  ] GC(35) Concurrent Scan Root Regions
[2026-03-26T14:02:22.921+0900][5.280s][info][gc,marking  ] GC(35) Concurrent Scan Root Regions 0.332ms
[2026-03-26T14:02:22.921+0900][5.280s][info][gc,marking  ] GC(35) Concurrent Mark
[2026-03-26T14:02:22.921+0900][5.280s][info][gc,marking  ] GC(35) Concurrent Mark From Roots
[2026-03-26T14:02:22.921+0900][5.280s][info][gc,task     ] GC(35) Using 3 workers of 3 for marking
[2026-03-26T14:02:22.926+0900][5.282s][info][gc,marking  ] GC(35) Concurrent Mark From Roots 1.808ms
[2026-03-26T14:02:22.926+0900][5.282s][info][gc,marking  ] GC(35) Concurrent Preclean
[2026-03-26T14:02:22.926+0900][5.282s][info][gc,marking  ] GC(35) Concurrent Preclean 0.053ms
[2026-03-26T14:02:22.926+0900][5.282s][info][gc,start    ] GC(35) Pause Remark
[2026-03-26T14:02:22.926+0900][5.283s][info][gc          ] GC(35) Pause Remark 181M->181M(308M) 0.947ms
[2026-03-26T14:02:22.926+0900][5.283s][info][gc,cpu      ] GC(35) User=0.00s Sys=0.00s Real=0.00s
[2026-03-26T14:02:22.926+0900][5.283s][info][gc,marking  ] GC(35) Concurrent Mark 3.217ms
[2026-03-26T14:02:22.926+0900][5.283s][info][gc,marking  ] GC(35) Concurrent Rebuild Remembered Sets and Scrub Regions
[2026-03-26T14:02:22.926+0900][5.284s][info][gc,marking  ] GC(35) Concurrent Rebuild Remembered Sets and Scrub Regions 0.670ms
[2026-03-26T14:02:22.926+0900][5.284s][info][gc,start    ] GC(35) Pause Cleanup
[2026-03-26T14:02:22.926+0900][5.284s][info][gc          ] GC(35) Pause Cleanup 181M->181M(308M) 0.272ms
[2026-03-26T14:02:22.926+0900][5.285s][info][gc,cpu      ] GC(35) User=0.00s Sys=0.00s Real=0.00s
[2026-03-26T14:02:22.926+0900][5.285s][info][gc,marking  ] GC(35) Concurrent Clear Claimed Marks
[2026-03-26T14:02:22.926+0900][5.285s][info][gc,marking  ] GC(35) Concurrent Clear Claimed Marks 0.053ms
[2026-03-26T14:02:22.926+0900][5.285s][info][gc,marking  ] GC(35) Concurrent Cleanup for Next Mark
[2026-03-26T14:02:22.926+0900][5.285s][info][gc,marking  ] GC(35) Concurrent Cleanup for Next Mark 0.292ms
[2026-03-26T14:02:22.926+0900][5.285s][info][gc          ] GC(35) Concurrent Mark Cycle 5.500ms
[2026-03-26T14:02:23.090+0900][5.446s][info][gc,start    ] GC(36) Pause Young (Concurrent Start) (G1 Humongous Allocation)
[2026-03-26T14:02:23.090+0900][5.446s][info][gc,task     ] GC(36) Using 7 workers of 13 for evacuation
[2026-03-26T14:02:23.091+0900][5.447s][info][gc,phases   ] GC(36)   Pre Evacuate Collection Set: 0.1ms
[2026-03-26T14:02:23.091+0900][5.447s][info][gc,phases   ] GC(36)   Merge Heap Roots: 0.0ms
[2026-03-26T14:02:23.091+0900][5.447s][info][gc,phases   ] GC(36)   Evacuate Collection Set: 0.3ms
[2026-03-26T14:02:23.091+0900][5.447s][info][gc,phases   ] GC(36)   Post Evacuate Collection Set: 0.4ms
[2026-03-26T14:02:23.091+0900][5.447s][info][gc,phases   ] GC(36)   Other: 0.1ms
[2026-03-26T14:02:23.091+0900][5.447s][info][gc,heap     ] GC(36) Eden regions: 50->0(148)
[2026-03-26T14:02:23.091+0900][5.447s][info][gc,heap     ] GC(36) Survivor regions: 1->1(15)
[2026-03-26T14:02:23.091+0900][5.447s][info][gc,heap     ] GC(36) Old regions: 1->1
[2026-03-26T14:02:23.091+0900][5.447s][info][gc,heap     ] GC(36) Humongous regions: 180->180
[2026-03-26T14:02:23.091+0900][5.447s][info][gc,metaspace] GC(36) Metaspace: 312K(512K)->312K(512K) NonClass: 295K(384K)->295K(384K) Class: 17K(128K)->17K(128K)
[2026-03-26T14:02:23.091+0900][5.447s][info][gc          ] GC(36) Pause Young (Concurrent Start) (G1 Humongous Allocation) 230M->180M(349M) 1.172ms
[2026-03-26T14:02:23.091+0900][5.448s][info][gc,cpu      ] GC(36) User=0.00s Sys=0.00s Real=0.00s
[2026-03-26T14:02:23.091+0900][5.448s][info][gc          ] GC(37) Concurrent Mark Cycle
[2026-03-26T14:02:23.091+0900][5.448s][info][gc,marking  ] GC(37) Concurrent Scan Root Regions
[2026-03-26T14:02:23.091+0900][5.448s][info][gc,marking  ] GC(37) Concurrent Scan Root Regions 0.124ms
[2026-03-26T14:02:23.091+0900][5.448s][info][gc,marking  ] GC(37) Concurrent Mark
[2026-03-26T14:02:23.091+0900][5.448s][info][gc,marking  ] GC(37) Concurrent Mark From Roots
[2026-03-26T14:02:23.091+0900][5.448s][info][gc,task     ] GC(37) Using 3 workers of 3 for marking
[2026-03-26T14:02:23.091+0900][5.448s][info][gc,marking  ] GC(37) Concurrent Mark From Roots 0.692ms
[2026-03-26T14:02:23.091+0900][5.448s][info][gc,marking  ] GC(37) Concurrent Preclean
[2026-03-26T14:02:23.091+0900][5.448s][info][gc,marking  ] GC(37) Concurrent Preclean 0.015ms
[2026-03-26T14:02:23.093+0900][5.449s][info][gc,start    ] GC(37) Pause Remark
[2026-03-26T14:02:23.094+0900][5.449s][info][gc          ] GC(37) Pause Remark 186M->186M(349M) 0.374ms
[2026-03-26T14:02:23.094+0900][5.449s][info][gc,cpu      ] GC(37) User=0.00s Sys=0.00s Real=0.00s
[2026-03-26T14:02:23.094+0900][5.449s][info][gc,marking  ] GC(37) Concurrent Mark 1.538ms
[2026-03-26T14:02:23.094+0900][5.449s][info][gc,marking  ] GC(37) Concurrent Rebuild Remembered Sets and Scrub Regions
[2026-03-26T14:02:23.094+0900][5.450s][info][gc,marking  ] GC(37) Concurrent Rebuild Remembered Sets and Scrub Regions 0.396ms
[2026-03-26T14:02:23.094+0900][5.450s][info][gc,start    ] GC(37) Pause Cleanup
[2026-03-26T14:02:23.094+0900][5.450s][info][gc          ] GC(37) Pause Cleanup 186M->186M(349M) 0.076ms
[2026-03-26T14:02:23.094+0900][5.450s][info][gc,cpu      ] GC(37) User=0.00s Sys=0.00s Real=0.00s
[2026-03-26T14:02:23.094+0900][5.450s][info][gc,marking  ] GC(37) Concurrent Clear Claimed Marks
[2026-03-26T14:02:23.094+0900][5.450s][info][gc,marking  ] GC(37) Concurrent Clear Claimed Marks 0.022ms
[2026-03-26T14:02:23.094+0900][5.450s][info][gc,marking  ] GC(37) Concurrent Cleanup for Next Mark
[2026-03-26T14:02:23.094+0900][5.450s][info][gc,marking  ] GC(37) Concurrent Cleanup for Next Mark 0.299ms
[2026-03-26T14:02:23.094+0900][5.450s][info][gc          ] GC(37) Concurrent Mark Cycle 2.724ms
[2026-03-26T14:02:23.248+0900][5.604s][info][gc,start    ] GC(38) Pause Young (Concurrent Start) (G1 Humongous Allocation)
[2026-03-26T14:02:23.248+0900][5.604s][info][gc,task     ] GC(38) Using 8 workers of 13 for evacuation
[2026-03-26T14:02:23.249+0900][5.605s][info][gc,phases   ] GC(38)   Pre Evacuate Collection Set: 0.1ms
[2026-03-26T14:02:23.249+0900][5.605s][info][gc,phases   ] GC(38)   Merge Heap Roots: 0.0ms
[2026-03-26T14:02:23.249+0900][5.605s][info][gc,phases   ] GC(38)   Evacuate Collection Set: 0.3ms
[2026-03-26T14:02:23.249+0900][5.605s][info][gc,phases   ] GC(38)   Post Evacuate Collection Set: 0.2ms
[2026-03-26T14:02:23.249+0900][5.605s][info][gc,phases   ] GC(38)   Other: 0.1ms
[2026-03-26T14:02:23.249+0900][5.605s][info][gc,heap     ] GC(38) Eden regions: 50->0(142)
[2026-03-26T14:02:23.249+0900][5.605s][info][gc,heap     ] GC(38) Survivor regions: 1->1(19)
[2026-03-26T14:02:23.249+0900][5.605s][info][gc,heap     ] GC(38) Old regions: 1->1
[2026-03-26T14:02:23.249+0900][5.605s][info][gc,heap     ] GC(38) Humongous regions: 186->186
[2026-03-26T14:02:23.249+0900][5.605s][info][gc,metaspace] GC(38) Metaspace: 312K(512K)->312K(512K) NonClass: 295K(384K)->295K(384K) Class: 17K(128K)->17K(128K)
[2026-03-26T14:02:23.250+0900][5.605s][info][gc          ] GC(38) Pause Young (Concurrent Start) (G1 Humongous Allocation) 236M->186M(349M) 1.113ms
[2026-03-26T14:02:23.250+0900][5.605s][info][gc,cpu      ] GC(38) User=0.00s Sys=0.00s Real=0.00s
[2026-03-26T14:02:23.250+0900][5.605s][info][gc          ] GC(39) Concurrent Mark Cycle
[2026-03-26T14:02:23.250+0900][5.605s][info][gc,marking  ] GC(39) Concurrent Scan Root Regions
[2026-03-26T14:02:23.250+0900][5.605s][info][gc,marking  ] GC(39) Concurrent Scan Root Regions 0.083ms
[2026-03-26T14:02:23.250+0900][5.605s][info][gc,marking  ] GC(39) Concurrent Mark
[2026-03-26T14:02:23.250+0900][5.605s][info][gc,marking  ] GC(39) Concurrent Mark From Roots
[2026-03-26T14:02:23.250+0900][5.605s][info][gc,task     ] GC(39) Using 3 workers of 3 for marking
[2026-03-26T14:02:23.250+0900][5.606s][info][gc,marking  ] GC(39) Concurrent Mark From Roots 1.197ms
[2026-03-26T14:02:23.250+0900][5.606s][info][gc,marking  ] GC(39) Concurrent Preclean
[2026-03-26T14:02:23.250+0900][5.606s][info][gc,marking  ] GC(39) Concurrent Preclean 0.025ms
[2026-03-26T14:02:23.250+0900][5.606s][info][gc,start    ] GC(39) Pause Remark
[2026-03-26T14:02:23.250+0900][5.607s][info][gc          ] GC(39) Pause Remark 192M->192M(349M) 0.423ms
[2026-03-26T14:02:23.250+0900][5.607s][info][gc,cpu      ] GC(39) User=0.00s Sys=0.00s Real=0.00s
[2026-03-26T14:02:23.250+0900][5.607s][info][gc,marking  ] GC(39) Concurrent Mark 1.832ms
[2026-03-26T14:02:23.250+0900][5.607s][info][gc,marking  ] GC(39) Concurrent Rebuild Remembered Sets and Scrub Regions
[2026-03-26T14:02:23.250+0900][5.607s][info][gc,marking  ] GC(39) Concurrent Rebuild Remembered Sets and Scrub Regions 0.391ms
[2026-03-26T14:02:23.250+0900][5.607s][info][gc,start    ] GC(39) Pause Cleanup
[2026-03-26T14:02:23.250+0900][5.608s][info][gc          ] GC(39) Pause Cleanup 192M->192M(349M) 0.192ms
[2026-03-26T14:02:23.250+0900][5.608s][info][gc,cpu      ] GC(39) User=0.00s Sys=0.00s Real=0.00s
[2026-03-26T14:02:23.250+0900][5.608s][info][gc,marking  ] GC(39) Concurrent Clear Claimed Marks
[2026-03-26T14:02:23.250+0900][5.608s][info][gc,marking  ] GC(39) Concurrent Clear Claimed Marks 0.033ms
[2026-03-26T14:02:23.250+0900][5.608s][info][gc,marking  ] GC(39) Concurrent Cleanup for Next Mark
[2026-03-26T14:02:23.250+0900][5.608s][info][gc,marking  ] GC(39) Concurrent Cleanup for Next Mark 0.244ms
[2026-03-26T14:02:23.250+0900][5.608s][info][gc          ] GC(39) Concurrent Mark Cycle 3.088ms
[2026-03-26T14:02:23.424+0900][5.780s][info][gc,start    ] GC(40) Pause Young (Concurrent Start) (G1 Humongous Allocation)
[2026-03-26T14:02:23.424+0900][5.781s][info][gc,task     ] GC(40) Using 8 workers of 13 for evacuation
[2026-03-26T14:02:23.424+0900][5.783s][info][gc,phases   ] GC(40)   Pre Evacuate Collection Set: 0.5ms
[2026-03-26T14:02:23.424+0900][5.783s][info][gc,phases   ] GC(40)   Merge Heap Roots: 0.2ms
[2026-03-26T14:02:23.424+0900][5.783s][info][gc,phases   ] GC(40)   Evacuate Collection Set: 0.3ms
[2026-03-26T14:02:23.424+0900][5.783s][info][gc,phases   ] GC(40)   Post Evacuate Collection Set: 0.7ms
[2026-03-26T14:02:23.424+0900][5.783s][info][gc,phases   ] GC(40)   Other: 0.3ms
[2026-03-26T14:02:23.424+0900][5.783s][info][gc,heap     ] GC(40) Eden regions: 50->0(136)
[2026-03-26T14:02:23.424+0900][5.783s][info][gc,heap     ] GC(40) Survivor regions: 1->1(18)
[2026-03-26T14:02:23.424+0900][5.783s][info][gc,heap     ] GC(40) Old regions: 1->1
[2026-03-26T14:02:23.424+0900][5.783s][info][gc,heap     ] GC(40) Humongous regions: 192->192
[2026-03-26T14:02:23.424+0900][5.783s][info][gc,metaspace] GC(40) Metaspace: 312K(512K)->312K(512K) NonClass: 295K(384K)->295K(384K) Class: 17K(128K)->17K(128K)
[2026-03-26T14:02:23.424+0900][5.783s][info][gc          ] GC(40) Pause Young (Concurrent Start) (G1 Humongous Allocation) 242M->192M(349M) 2.567ms
[2026-03-26T14:02:23.424+0900][5.783s][info][gc,cpu      ] GC(40) User=0.00s Sys=0.00s Real=0.00s
[2026-03-26T14:02:23.424+0900][5.783s][info][gc          ] GC(41) Concurrent Mark Cycle
[2026-03-26T14:02:23.424+0900][5.783s][info][gc,marking  ] GC(41) Concurrent Scan Root Regions
[2026-03-26T14:02:23.424+0900][5.783s][info][gc,marking  ] GC(41) Concurrent Scan Root Regions 0.150ms
[2026-03-26T14:02:23.424+0900][5.783s][info][gc,marking  ] GC(41) Concurrent Mark
[2026-03-26T14:02:23.424+0900][5.783s][info][gc,marking  ] GC(41) Concurrent Mark From Roots
[2026-03-26T14:02:23.424+0900][5.783s][info][gc,task     ] GC(41) Using 3 workers of 3 for marking
[2026-03-26T14:02:23.424+0900][5.785s][info][gc,marking  ] GC(41) Concurrent Mark From Roots 1.677ms
[2026-03-26T14:02:23.424+0900][5.785s][info][gc,marking  ] GC(41) Concurrent Preclean
[2026-03-26T14:02:23.424+0900][5.785s][info][gc,marking  ] GC(41) Concurrent Preclean 0.027ms
[2026-03-26T14:02:23.424+0900][5.785s][info][gc,start    ] GC(41) Pause Remark
[2026-03-26T14:02:23.424+0900][5.786s][info][gc          ] GC(41) Pause Remark 198M->198M(349M) 1.219ms
[2026-03-26T14:02:23.424+0900][5.787s][info][gc,cpu      ] GC(41) User=0.00s Sys=0.00s Real=0.00s
[2026-03-26T14:02:23.424+0900][5.787s][info][gc,marking  ] GC(41) Concurrent Mark 3.246ms
[2026-03-26T14:02:23.424+0900][5.787s][info][gc,marking  ] GC(41) Concurrent Rebuild Remembered Sets and Scrub Regions
[2026-03-26T14:02:23.424+0900][5.787s][info][gc,marking  ] GC(41) Concurrent Rebuild Remembered Sets and Scrub Regions 0.775ms
[2026-03-26T14:02:23.424+0900][5.788s][info][gc,start    ] GC(41) Pause Cleanup
[2026-03-26T14:02:23.424+0900][5.788s][info][gc          ] GC(41) Pause Cleanup 198M->198M(349M) 0.351ms
[2026-03-26T14:02:23.424+0900][5.788s][info][gc,cpu      ] GC(41) User=0.00s Sys=0.00s Real=0.00s
[2026-03-26T14:02:23.424+0900][5.788s][info][gc,marking  ] GC(41) Concurrent Clear Claimed Marks
[2026-03-26T14:02:23.424+0900][5.788s][info][gc,marking  ] GC(41) Concurrent Clear Claimed Marks 0.033ms
[2026-03-26T14:02:23.424+0900][5.788s][info][gc,marking  ] GC(41) Concurrent Cleanup for Next Mark
[2026-03-26T14:02:23.424+0900][5.789s][info][gc,marking  ] GC(41) Concurrent Cleanup for Next Mark 0.399ms
[2026-03-26T14:02:23.424+0900][5.789s][info][gc          ] GC(41) Concurrent Mark Cycle 5.537ms
[2026-03-26T14:02:23.585+0900][5.941s][info][gc,start    ] GC(42) Pause Young (Concurrent Start) (G1 Humongous Allocation)
[2026-03-26T14:02:23.585+0900][5.941s][info][gc,task     ] GC(42) Using 8 workers of 13 for evacuation
[2026-03-26T14:02:23.585+0900][5.942s][info][gc,phases   ] GC(42)   Pre Evacuate Collection Set: 0.2ms
[2026-03-26T14:02:23.585+0900][5.942s][info][gc,phases   ] GC(42)   Merge Heap Roots: 0.1ms
[2026-03-26T14:02:23.585+0900][5.942s][info][gc,phases   ] GC(42)   Evacuate Collection Set: 0.3ms
[2026-03-26T14:02:23.585+0900][5.942s][info][gc,phases   ] GC(42)   Post Evacuate Collection Set: 0.4ms
[2026-03-26T14:02:23.585+0900][5.943s][info][gc,phases   ] GC(42)   Other: 0.1ms
[2026-03-26T14:02:23.585+0900][5.943s][info][gc,heap     ] GC(42) Eden regions: 50->0(130)
[2026-03-26T14:02:23.585+0900][5.943s][info][gc,heap     ] GC(42) Survivor regions: 1->1(18)
[2026-03-26T14:02:23.585+0900][5.943s][info][gc,heap     ] GC(42) Old regions: 1->1
[2026-03-26T14:02:23.585+0900][5.943s][info][gc,heap     ] GC(42) Humongous regions: 198->198
[2026-03-26T14:02:23.585+0900][5.943s][info][gc,metaspace] GC(42) Metaspace: 312K(512K)->312K(512K) NonClass: 295K(384K)->295K(384K) Class: 17K(128K)->17K(128K)
[2026-03-26T14:02:23.585+0900][5.943s][info][gc          ] GC(42) Pause Young (Concurrent Start) (G1 Humongous Allocation) 248M->198M(349M) 1.682ms
[2026-03-26T14:02:23.585+0900][5.943s][info][gc,cpu      ] GC(42) User=0.00s Sys=0.00s Real=0.00s
[2026-03-26T14:02:23.585+0900][5.943s][info][gc          ] GC(43) Concurrent Mark Cycle
[2026-03-26T14:02:23.585+0900][5.943s][info][gc,marking  ] GC(43) Concurrent Scan Root Regions
[2026-03-26T14:02:23.585+0900][5.943s][info][gc,marking  ] GC(43) Concurrent Scan Root Regions 0.231ms
[2026-03-26T14:02:23.585+0900][5.943s][info][gc,marking  ] GC(43) Concurrent Mark
[2026-03-26T14:02:23.585+0900][5.943s][info][gc,marking  ] GC(43) Concurrent Mark From Roots
[2026-03-26T14:02:23.585+0900][5.943s][info][gc,task     ] GC(43) Using 3 workers of 3 for marking
[2026-03-26T14:02:23.585+0900][5.945s][info][gc,marking  ] GC(43) Concurrent Mark From Roots 1.723ms
[2026-03-26T14:02:23.585+0900][5.945s][info][gc,marking  ] GC(43) Concurrent Preclean
[2026-03-26T14:02:23.585+0900][5.945s][info][gc,marking  ] GC(43) Concurrent Preclean 0.033ms
[2026-03-26T14:02:23.585+0900][5.945s][info][gc,start    ] GC(43) Pause Remark
[2026-03-26T14:02:23.585+0900][5.947s][info][gc          ] GC(43) Pause Remark 205M->205M(349M) 1.444ms
[2026-03-26T14:02:23.585+0900][5.947s][info][gc,cpu      ] GC(43) User=0.00s Sys=0.00s Real=0.00s
[2026-03-26T14:02:23.585+0900][5.947s][info][gc,marking  ] GC(43) Concurrent Mark 3.735ms
[2026-03-26T14:02:23.585+0900][5.947s][info][gc,marking  ] GC(43) Concurrent Rebuild Remembered Sets and Scrub Regions
[2026-03-26T14:02:23.585+0900][5.948s][info][gc,marking  ] GC(43) Concurrent Rebuild Remembered Sets and Scrub Regions 0.751ms
[2026-03-26T14:02:23.585+0900][5.948s][info][gc,start    ] GC(43) Pause Cleanup
[2026-03-26T14:02:23.585+0900][5.948s][info][gc          ] GC(43) Pause Cleanup 205M->205M(349M) 0.140ms
[2026-03-26T14:02:23.585+0900][5.948s][info][gc,cpu      ] GC(43) User=0.00s Sys=0.00s Real=0.00s
[2026-03-26T14:02:23.585+0900][5.948s][info][gc,marking  ] GC(43) Concurrent Clear Claimed Marks
[2026-03-26T14:02:23.585+0900][5.948s][info][gc,marking  ] GC(43) Concurrent Clear Claimed Marks 0.089ms
[2026-03-26T14:02:23.585+0900][5.948s][info][gc,marking  ] GC(43) Concurrent Cleanup for Next Mark
[2026-03-26T14:02:23.585+0900][5.949s][info][gc,marking  ] GC(43) Concurrent Cleanup for Next Mark 0.337ms
[2026-03-26T14:02:23.585+0900][5.949s][info][gc          ] GC(43) Concurrent Mark Cycle 5.972ms
[2026-03-26T14:02:23.747+0900][6.104s][info][gc,start    ] GC(44) Pause Young (Concurrent Start) (G1 Humongous Allocation)
[2026-03-26T14:02:23.747+0900][6.104s][info][gc,task     ] GC(44) Using 8 workers of 13 for evacuation
[2026-03-26T14:02:23.747+0900][6.105s][info][gc,phases   ] GC(44)   Pre Evacuate Collection Set: 0.4ms
[2026-03-26T14:02:23.747+0900][6.106s][info][gc,phases   ] GC(44)   Merge Heap Roots: 0.1ms
[2026-03-26T14:02:23.747+0900][6.106s][info][gc,phases   ] GC(44)   Evacuate Collection Set: 0.3ms
[2026-03-26T14:02:23.747+0900][6.106s][info][gc,phases   ] GC(44)   Post Evacuate Collection Set: 0.5ms
[2026-03-26T14:02:23.747+0900][6.106s][info][gc,phases   ] GC(44)   Other: 0.1ms
[2026-03-26T14:02:23.747+0900][6.106s][info][gc,heap     ] GC(44) Eden regions: 50->0(124)
[2026-03-26T14:02:23.747+0900][6.106s][info][gc,heap     ] GC(44) Survivor regions: 1->1(17)
[2026-03-26T14:02:23.747+0900][6.106s][info][gc,heap     ] GC(44) Old regions: 1->1
[2026-03-26T14:02:23.747+0900][6.106s][info][gc,heap     ] GC(44) Humongous regions: 204->204
[2026-03-26T14:02:23.747+0900][6.106s][info][gc,metaspace] GC(44) Metaspace: 312K(512K)->312K(512K) NonClass: 295K(384K)->295K(384K) Class: 17K(128K)->17K(128K)
[2026-03-26T14:02:23.747+0900][6.106s][info][gc          ] GC(44) Pause Young (Concurrent Start) (G1 Humongous Allocation) 254M->204M(349M) 2.176ms
[2026-03-26T14:02:23.747+0900][6.106s][info][gc,cpu      ] GC(44) User=0.00s Sys=0.00s Real=0.00s
[2026-03-26T14:02:23.747+0900][6.106s][info][gc          ] GC(45) Concurrent Mark Cycle
[2026-03-26T14:02:23.747+0900][6.106s][info][gc,marking  ] GC(45) Concurrent Scan Root Regions
[2026-03-26T14:02:23.747+0900][6.106s][info][gc,marking  ] GC(45) Concurrent Scan Root Regions 0.096ms
[2026-03-26T14:02:23.747+0900][6.106s][info][gc,marking  ] GC(45) Concurrent Mark
[2026-03-26T14:02:23.747+0900][6.106s][info][gc,marking  ] GC(45) Concurrent Mark From Roots
[2026-03-26T14:02:23.747+0900][6.106s][info][gc,task     ] GC(45) Using 3 workers of 3 for marking
[2026-03-26T14:02:23.747+0900][6.108s][info][gc,marking  ] GC(45) Concurrent Mark From Roots 1.587ms
[2026-03-26T14:02:23.747+0900][6.108s][info][gc,marking  ] GC(45) Concurrent Preclean
[2026-03-26T14:02:23.747+0900][6.108s][info][gc,marking  ] GC(45) Concurrent Preclean 0.121ms
[2026-03-26T14:02:23.747+0900][6.108s][info][gc,start    ] GC(45) Pause Remark
[2026-03-26T14:02:23.747+0900][6.110s][info][gc          ] GC(45) Pause Remark 210M->210M(354M) 1.466ms
[2026-03-26T14:02:23.747+0900][6.110s][info][gc,cpu      ] GC(45) User=0.00s Sys=0.00s Real=0.00s
[2026-03-26T14:02:23.747+0900][6.110s][info][gc,marking  ] GC(45) Concurrent Mark 3.692ms
[2026-03-26T14:02:23.747+0900][6.110s][info][gc,marking  ] GC(45) Concurrent Rebuild Remembered Sets and Scrub Regions
[2026-03-26T14:02:23.747+0900][6.111s][info][gc,marking  ] GC(45) Concurrent Rebuild Remembered Sets and Scrub Regions 0.814ms
[2026-03-26T14:02:23.747+0900][6.111s][info][gc,start    ] GC(45) Pause Cleanup
[2026-03-26T14:02:23.747+0900][6.111s][info][gc          ] GC(45) Pause Cleanup 210M->210M(354M) 0.306ms
[2026-03-26T14:02:23.747+0900][6.112s][info][gc,cpu      ] GC(45) User=0.00s Sys=0.00s Real=0.00s
[2026-03-26T14:02:23.747+0900][6.112s][info][gc,marking  ] GC(45) Concurrent Clear Claimed Marks
[2026-03-26T14:02:23.747+0900][6.112s][info][gc,marking  ] GC(45) Concurrent Clear Claimed Marks 0.087ms
[2026-03-26T14:02:23.747+0900][6.112s][info][gc,marking  ] GC(45) Concurrent Cleanup for Next Mark
[2026-03-26T14:02:23.747+0900][6.112s][info][gc,marking  ] GC(45) Concurrent Cleanup for Next Mark 0.473ms
[2026-03-26T14:02:23.747+0900][6.112s][info][gc          ] GC(45) Concurrent Mark Cycle 6.220ms
[2026-03-26T14:02:23.908+0900][6.265s][info][gc,start    ] GC(46) Pause Young (Concurrent Start) (G1 Humongous Allocation)
[2026-03-26T14:02:23.908+0900][6.265s][info][gc,task     ] GC(46) Using 8 workers of 13 for evacuation
[2026-03-26T14:02:23.910+0900][6.266s][info][gc,phases   ] GC(46)   Pre Evacuate Collection Set: 0.2ms
[2026-03-26T14:02:23.910+0900][6.266s][info][gc,phases   ] GC(46)   Merge Heap Roots: 0.1ms
[2026-03-26T14:02:23.910+0900][6.266s][info][gc,phases   ] GC(46)   Evacuate Collection Set: 0.3ms
[2026-03-26T14:02:23.910+0900][6.266s][info][gc,phases   ] GC(46)   Post Evacuate Collection Set: 0.3ms
[2026-03-26T14:02:23.910+0900][6.266s][info][gc,phases   ] GC(46)   Other: 0.1ms
[2026-03-26T14:02:23.910+0900][6.266s][info][gc,heap     ] GC(46) Eden regions: 50->0(122)
[2026-03-26T14:02:23.910+0900][6.266s][info][gc,heap     ] GC(46) Survivor regions: 1->1(16)
[2026-03-26T14:02:23.910+0900][6.266s][info][gc,heap     ] GC(46) Old regions: 1->1
[2026-03-26T14:02:23.910+0900][6.266s][info][gc,heap     ] GC(46) Humongous regions: 210->210
[2026-03-26T14:02:23.910+0900][6.266s][info][gc,metaspace] GC(46) Metaspace: 312K(512K)->312K(512K) NonClass: 295K(384K)->295K(384K) Class: 17K(128K)->17K(128K)
[2026-03-26T14:02:23.911+0900][6.266s][info][gc          ] GC(46) Pause Young (Concurrent Start) (G1 Humongous Allocation) 260M->210M(354M) 1.475ms
[2026-03-26T14:02:23.911+0900][6.266s][info][gc,cpu      ] GC(46) User=0.00s Sys=0.00s Real=0.00s
[2026-03-26T14:02:23.911+0900][6.266s][info][gc          ] GC(47) Concurrent Mark Cycle
[2026-03-26T14:02:23.911+0900][6.266s][info][gc,marking  ] GC(47) Concurrent Scan Root Regions
[2026-03-26T14:02:23.911+0900][6.266s][info][gc,marking  ] GC(47) Concurrent Scan Root Regions 0.068ms
[2026-03-26T14:02:23.911+0900][6.266s][info][gc,marking  ] GC(47) Concurrent Mark
[2026-03-26T14:02:23.911+0900][6.266s][info][gc,marking  ] GC(47) Concurrent Mark From Roots
[2026-03-26T14:02:23.911+0900][6.267s][info][gc,task     ] GC(47) Using 3 workers of 3 for marking
[2026-03-26T14:02:23.913+0900][6.268s][info][gc,marking  ] GC(47) Concurrent Mark From Roots 1.620ms
[2026-03-26T14:02:23.913+0900][6.268s][info][gc,marking  ] GC(47) Concurrent Preclean
[2026-03-26T14:02:23.913+0900][6.268s][info][gc,marking  ] GC(47) Concurrent Preclean 0.027ms
[2026-03-26T14:02:23.913+0900][6.268s][info][gc,start    ] GC(47) Pause Remark
[2026-03-26T14:02:23.913+0900][6.269s][info][gc          ] GC(47) Pause Remark 216M->216M(364M) 0.870ms
[2026-03-26T14:02:23.913+0900][6.269s][info][gc,cpu      ] GC(47) User=0.00s Sys=0.00s Real=0.00s
[2026-03-26T14:02:23.913+0900][6.269s][info][gc,marking  ] GC(47) Concurrent Mark 2.793ms
[2026-03-26T14:02:23.913+0900][6.269s][info][gc,marking  ] GC(47) Concurrent Rebuild Remembered Sets and Scrub Regions
[2026-03-26T14:02:23.914+0900][6.270s][info][gc,marking  ] GC(47) Concurrent Rebuild Remembered Sets and Scrub Regions 0.735ms
[2026-03-26T14:02:23.914+0900][6.270s][info][gc,start    ] GC(47) Pause Cleanup
[2026-03-26T14:02:23.914+0900][6.270s][info][gc          ] GC(47) Pause Cleanup 216M->216M(364M) 0.154ms
[2026-03-26T14:02:23.914+0900][6.270s][info][gc,cpu      ] GC(47) User=0.00s Sys=0.00s Real=0.00s
[2026-03-26T14:02:23.914+0900][6.270s][info][gc,marking  ] GC(47) Concurrent Clear Claimed Marks
[2026-03-26T14:02:23.914+0900][6.270s][info][gc,marking  ] GC(47) Concurrent Clear Claimed Marks 0.047ms
[2026-03-26T14:02:23.914+0900][6.270s][info][gc,marking  ] GC(47) Concurrent Cleanup for Next Mark
[2026-03-26T14:02:23.916+0900][6.271s][info][gc,marking  ] GC(47) Concurrent Cleanup for Next Mark 0.461ms
[2026-03-26T14:02:23.916+0900][6.271s][info][gc          ] GC(47) Concurrent Mark Cycle 4.619ms
[2026-03-26T14:02:24.066+0900][6.423s][info][gc,start    ] GC(48) Pause Young (Concurrent Start) (G1 Humongous Allocation)
[2026-03-26T14:02:24.066+0900][6.423s][info][gc,task     ] GC(48) Using 8 workers of 13 for evacuation
[2026-03-26T14:02:24.066+0900][6.424s][info][gc,phases   ] GC(48)   Pre Evacuate Collection Set: 0.3ms
[2026-03-26T14:02:24.066+0900][6.424s][info][gc,phases   ] GC(48)   Merge Heap Roots: 0.1ms
[2026-03-26T14:02:24.066+0900][6.424s][info][gc,phases   ] GC(48)   Evacuate Collection Set: 0.1ms
[2026-03-26T14:02:24.066+0900][6.424s][info][gc,phases   ] GC(48)   Post Evacuate Collection Set: 0.5ms
[2026-03-26T14:02:24.066+0900][6.424s][info][gc,phases   ] GC(48)   Other: 0.1ms
[2026-03-26T14:02:24.066+0900][6.424s][info][gc,heap     ] GC(48) Eden regions: 50->0(151)
[2026-03-26T14:02:24.066+0900][6.424s][info][gc,heap     ] GC(48) Survivor regions: 1->1(16)
[2026-03-26T14:02:24.066+0900][6.424s][info][gc,heap     ] GC(48) Old regions: 1->1
[2026-03-26T14:02:24.066+0900][6.424s][info][gc,heap     ] GC(48) Humongous regions: 216->216
[2026-03-26T14:02:24.066+0900][6.424s][info][gc,metaspace] GC(48) Metaspace: 312K(512K)->312K(512K) NonClass: 295K(384K)->295K(384K) Class: 17K(128K)->17K(128K)
[2026-03-26T14:02:24.066+0900][6.424s][info][gc          ] GC(48) Pause Young (Concurrent Start) (G1 Humongous Allocation) 266M->216M(390M) 1.454ms
[2026-03-26T14:02:24.066+0900][6.424s][info][gc,cpu      ] GC(48) User=0.00s Sys=0.00s Real=0.00s
[2026-03-26T14:02:24.066+0900][6.424s][info][gc          ] GC(49) Concurrent Mark Cycle
[2026-03-26T14:02:24.066+0900][6.424s][info][gc,marking  ] GC(49) Concurrent Scan Root Regions
[2026-03-26T14:02:24.066+0900][6.424s][info][gc,marking  ] GC(49) Concurrent Scan Root Regions 0.050ms
[2026-03-26T14:02:24.066+0900][6.424s][info][gc,marking  ] GC(49) Concurrent Mark
[2026-03-26T14:02:24.066+0900][6.424s][info][gc,marking  ] GC(49) Concurrent Mark From Roots
[2026-03-26T14:02:24.066+0900][6.424s][info][gc,task     ] GC(49) Using 3 workers of 3 for marking
[2026-03-26T14:02:24.066+0900][6.425s][info][gc,marking  ] GC(49) Concurrent Mark From Roots 0.979ms
[2026-03-26T14:02:24.066+0900][6.425s][info][gc,marking  ] GC(49) Concurrent Preclean
[2026-03-26T14:02:24.066+0900][6.425s][info][gc,marking  ] GC(49) Concurrent Preclean 0.017ms
[2026-03-26T14:02:24.070+0900][6.426s][info][gc,start    ] GC(49) Pause Remark
[2026-03-26T14:02:24.070+0900][6.426s][info][gc          ] GC(49) Pause Remark 222M->222M(390M) 0.716ms
[2026-03-26T14:02:24.070+0900][6.426s][info][gc,cpu      ] GC(49) User=0.00s Sys=0.00s Real=0.00s
[2026-03-26T14:02:24.070+0900][6.426s][info][gc,marking  ] GC(49) Concurrent Mark 1.955ms
[2026-03-26T14:02:24.070+0900][6.426s][info][gc,marking  ] GC(49) Concurrent Rebuild Remembered Sets and Scrub Regions
[2026-03-26T14:02:24.070+0900][6.427s][info][gc,marking  ] GC(49) Concurrent Rebuild Remembered Sets and Scrub Regions 0.507ms
[2026-03-26T14:02:24.070+0900][6.427s][info][gc,start    ] GC(49) Pause Cleanup
[2026-03-26T14:02:24.070+0900][6.427s][info][gc          ] GC(49) Pause Cleanup 222M->222M(390M) 0.196ms
[2026-03-26T14:02:24.070+0900][6.427s][info][gc,cpu      ] GC(49) User=0.00s Sys=0.00s Real=0.00s
[2026-03-26T14:02:24.070+0900][6.427s][info][gc,marking  ] GC(49) Concurrent Clear Claimed Marks
[2026-03-26T14:02:24.070+0900][6.427s][info][gc,marking  ] GC(49) Concurrent Clear Claimed Marks 0.046ms
[2026-03-26T14:02:24.070+0900][6.427s][info][gc,marking  ] GC(49) Concurrent Cleanup for Next Mark
[2026-03-26T14:02:24.070+0900][6.428s][info][gc,marking  ] GC(49) Concurrent Cleanup for Next Mark 0.377ms
[2026-03-26T14:02:24.070+0900][6.428s][info][gc          ] GC(49) Concurrent Mark Cycle 3.496ms
[2026-03-26T14:02:24.226+0900][6.582s][info][gc,start    ] GC(50) Pause Young (Concurrent Start) (G1 Humongous Allocation)
[2026-03-26T14:02:24.226+0900][6.582s][info][gc,task     ] GC(50) Using 9 workers of 13 for evacuation
[2026-03-26T14:02:24.226+0900][6.583s][info][gc,phases   ] GC(50)   Pre Evacuate Collection Set: 0.1ms
[2026-03-26T14:02:24.226+0900][6.583s][info][gc,phases   ] GC(50)   Merge Heap Roots: 0.0ms
[2026-03-26T14:02:24.226+0900][6.583s][info][gc,phases   ] GC(50)   Evacuate Collection Set: 0.3ms
[2026-03-26T14:02:24.226+0900][6.583s][info][gc,phases   ] GC(50)   Post Evacuate Collection Set: 0.2ms
[2026-03-26T14:02:24.226+0900][6.583s][info][gc,phases   ] GC(50)   Other: 0.1ms
[2026-03-26T14:02:24.226+0900][6.583s][info][gc,heap     ] GC(50) Eden regions: 50->0(145)
[2026-03-26T14:02:24.226+0900][6.583s][info][gc,heap     ] GC(50) Survivor regions: 1->1(19)
[2026-03-26T14:02:24.226+0900][6.583s][info][gc,heap     ] GC(50) Old regions: 1->1
[2026-03-26T14:02:24.226+0900][6.583s][info][gc,heap     ] GC(50) Humongous regions: 222->222
[2026-03-26T14:02:24.226+0900][6.583s][info][gc,metaspace] GC(50) Metaspace: 312K(512K)->312K(512K) NonClass: 295K(384K)->295K(384K) Class: 17K(128K)->17K(128K)
[2026-03-26T14:02:24.226+0900][6.583s][info][gc          ] GC(50) Pause Young (Concurrent Start) (G1 Humongous Allocation) 272M->222M(390M) 1.002ms
[2026-03-26T14:02:24.226+0900][6.583s][info][gc,cpu      ] GC(50) User=0.00s Sys=0.00s Real=0.00s
[2026-03-26T14:02:24.226+0900][6.583s][info][gc          ] GC(51) Concurrent Mark Cycle
[2026-03-26T14:02:24.226+0900][6.583s][info][gc,marking  ] GC(51) Concurrent Scan Root Regions
[2026-03-26T14:02:24.226+0900][6.583s][info][gc,marking  ] GC(51) Concurrent Scan Root Regions 0.041ms
[2026-03-26T14:02:24.226+0900][6.583s][info][gc,marking  ] GC(51) Concurrent Mark
[2026-03-26T14:02:24.226+0900][6.583s][info][gc,marking  ] GC(51) Concurrent Mark From Roots
[2026-03-26T14:02:24.226+0900][6.583s][info][gc,task     ] GC(51) Using 3 workers of 3 for marking
[2026-03-26T14:02:24.229+0900][6.584s][info][gc,marking  ] GC(51) Concurrent Mark From Roots 0.913ms
[2026-03-26T14:02:24.229+0900][6.584s][info][gc,marking  ] GC(51) Concurrent Preclean
[2026-03-26T14:02:24.229+0900][6.584s][info][gc,marking  ] GC(51) Concurrent Preclean 0.015ms
[2026-03-26T14:02:24.229+0900][6.584s][info][gc,start    ] GC(51) Pause Remark
[2026-03-26T14:02:24.229+0900][6.585s][info][gc          ] GC(51) Pause Remark 228M->228M(390M) 0.385ms
[2026-03-26T14:02:24.229+0900][6.585s][info][gc,cpu      ] GC(51) User=0.00s Sys=0.00s Real=0.00s
[2026-03-26T14:02:24.229+0900][6.585s][info][gc,marking  ] GC(51) Concurrent Mark 1.441ms
[2026-03-26T14:02:24.229+0900][6.585s][info][gc,marking  ] GC(51) Concurrent Rebuild Remembered Sets and Scrub Regions
[2026-03-26T14:02:24.229+0900][6.585s][info][gc,marking  ] GC(51) Concurrent Rebuild Remembered Sets and Scrub Regions 0.387ms
[2026-03-26T14:02:24.229+0900][6.585s][info][gc,start    ] GC(51) Pause Cleanup
[2026-03-26T14:02:24.229+0900][6.585s][info][gc          ] GC(51) Pause Cleanup 228M->228M(390M) 0.102ms
[2026-03-26T14:02:24.229+0900][6.585s][info][gc,cpu      ] GC(51) User=0.00s Sys=0.00s Real=0.00s
[2026-03-26T14:02:24.229+0900][6.585s][info][gc,marking  ] GC(51) Concurrent Clear Claimed Marks
[2026-03-26T14:02:24.229+0900][6.585s][info][gc,marking  ] GC(51) Concurrent Clear Claimed Marks 0.014ms
[2026-03-26T14:02:24.229+0900][6.585s][info][gc,marking  ] GC(51) Concurrent Cleanup for Next Mark
[2026-03-26T14:02:24.229+0900][6.585s][info][gc,marking  ] GC(51) Concurrent Cleanup for Next Mark 0.227ms
[2026-03-26T14:02:24.229+0900][6.586s][info][gc          ] GC(51) Concurrent Mark Cycle 2.451ms
[2026-03-26T14:02:24.383+0900][6.740s][info][gc,start    ] GC(52) Pause Young (Concurrent Start) (G1 Humongous Allocation)
[2026-03-26T14:02:24.383+0900][6.740s][info][gc,task     ] GC(52) Using 9 workers of 13 for evacuation
[2026-03-26T14:02:24.383+0900][6.742s][info][gc,phases   ] GC(52)   Pre Evacuate Collection Set: 0.5ms
[2026-03-26T14:02:24.383+0900][6.742s][info][gc,phases   ] GC(52)   Merge Heap Roots: 0.1ms
[2026-03-26T14:02:24.383+0900][6.742s][info][gc,phases   ] GC(52)   Evacuate Collection Set: 0.4ms
[2026-03-26T14:02:24.383+0900][6.743s][info][gc,phases   ] GC(52)   Post Evacuate Collection Set: 0.6ms
[2026-03-26T14:02:24.383+0900][6.743s][info][gc,phases   ] GC(52)   Other: 0.3ms
[2026-03-26T14:02:24.383+0900][6.743s][info][gc,heap     ] GC(52) Eden regions: 50->0(139)
[2026-03-26T14:02:24.383+0900][6.743s][info][gc,heap     ] GC(52) Survivor regions: 1->1(19)
[2026-03-26T14:02:24.383+0900][6.743s][info][gc,heap     ] GC(52) Old regions: 1->1
[2026-03-26T14:02:24.383+0900][6.743s][info][gc,heap     ] GC(52) Humongous regions: 228->228
[2026-03-26T14:02:24.383+0900][6.743s][info][gc,metaspace] GC(52) Metaspace: 312K(512K)->312K(512K) NonClass: 295K(384K)->295K(384K) Class: 17K(128K)->17K(128K)
[2026-03-26T14:02:24.383+0900][6.743s][info][gc          ] GC(52) Pause Young (Concurrent Start) (G1 Humongous Allocation) 278M->228M(390M) 2.779ms
[2026-03-26T14:02:24.383+0900][6.743s][info][gc,cpu      ] GC(52) User=0.02s Sys=0.00s Real=0.00s
[2026-03-26T14:02:24.383+0900][6.743s][info][gc          ] GC(53) Concurrent Mark Cycle
[2026-03-26T14:02:24.383+0900][6.743s][info][gc,marking  ] GC(53) Concurrent Scan Root Regions
[2026-03-26T14:02:24.383+0900][6.743s][info][gc,marking  ] GC(53) Concurrent Scan Root Regions 0.093ms
[2026-03-26T14:02:24.383+0900][6.743s][info][gc,marking  ] GC(53) Concurrent Mark
[2026-03-26T14:02:24.383+0900][6.743s][info][gc,marking  ] GC(53) Concurrent Mark From Roots
[2026-03-26T14:02:24.383+0900][6.743s][info][gc,task     ] GC(53) Using 3 workers of 3 for marking
[2026-03-26T14:02:24.389+0900][6.745s][info][gc,marking  ] GC(53) Concurrent Mark From Roots 2.089ms
[2026-03-26T14:02:24.389+0900][6.745s][info][gc,marking  ] GC(53) Concurrent Preclean
[2026-03-26T14:02:24.389+0900][6.745s][info][gc,marking  ] GC(53) Concurrent Preclean 0.034ms
[2026-03-26T14:02:24.389+0900][6.745s][info][gc,start    ] GC(53) Pause Remark
[2026-03-26T14:02:24.389+0900][6.746s][info][gc          ] GC(53) Pause Remark 234M->234M(394M) 1.005ms
[2026-03-26T14:02:24.389+0900][6.747s][info][gc,cpu      ] GC(53) User=0.00s Sys=0.00s Real=0.00s
[2026-03-26T14:02:24.389+0900][6.747s][info][gc,marking  ] GC(53) Concurrent Mark 3.408ms
[2026-03-26T14:02:24.389+0900][6.747s][info][gc,marking  ] GC(53) Concurrent Rebuild Remembered Sets and Scrub Regions
[2026-03-26T14:02:24.389+0900][6.747s][info][gc,marking  ] GC(53) Concurrent Rebuild Remembered Sets and Scrub Regions 0.757ms
[2026-03-26T14:02:24.389+0900][6.748s][info][gc,start    ] GC(53) Pause Cleanup
[2026-03-26T14:02:24.389+0900][6.748s][info][gc          ] GC(53) Pause Cleanup 234M->234M(394M) 0.368ms
[2026-03-26T14:02:24.389+0900][6.748s][info][gc,cpu      ] GC(53) User=0.00s Sys=0.00s Real=0.00s
[2026-03-26T14:02:24.389+0900][6.748s][info][gc,marking  ] GC(53) Concurrent Clear Claimed Marks
[2026-03-26T14:02:24.389+0900][6.748s][info][gc,marking  ] GC(53) Concurrent Clear Claimed Marks 0.091ms
[2026-03-26T14:02:24.389+0900][6.748s][info][gc,marking  ] GC(53) Concurrent Cleanup for Next Mark
[2026-03-26T14:02:24.389+0900][6.749s][info][gc,marking  ] GC(53) Concurrent Cleanup for Next Mark 0.440ms
[2026-03-26T14:02:24.389+0900][6.749s][info][gc          ] GC(53) Concurrent Mark Cycle 5.919ms
[2026-03-26T14:02:24.544+0900][6.901s][info][gc,start    ] GC(54) Pause Young (Concurrent Start) (G1 Humongous Allocation)
[2026-03-26T14:02:24.544+0900][6.901s][info][gc,task     ] GC(54) Using 9 workers of 13 for evacuation
[2026-03-26T14:02:24.544+0900][6.903s][info][gc,phases   ] GC(54)   Pre Evacuate Collection Set: 0.5ms
[2026-03-26T14:02:24.544+0900][6.903s][info][gc,phases   ] GC(54)   Merge Heap Roots: 0.2ms
[2026-03-26T14:02:24.544+0900][6.903s][info][gc,phases   ] GC(54)   Evacuate Collection Set: 0.4ms
[2026-03-26T14:02:24.544+0900][6.903s][info][gc,phases   ] GC(54)   Post Evacuate Collection Set: 0.9ms
[2026-03-26T14:02:24.544+0900][6.903s][info][gc,phases   ] GC(54)   Other: 0.3ms
[2026-03-26T14:02:24.544+0900][6.903s][info][gc,heap     ] GC(54) Eden regions: 50->0(136)
[2026-03-26T14:02:24.544+0900][6.903s][info][gc,heap     ] GC(54) Survivor regions: 1->1(18)
[2026-03-26T14:02:24.544+0900][6.903s][info][gc,heap     ] GC(54) Old regions: 1->1
[2026-03-26T14:02:24.544+0900][6.904s][info][gc,heap     ] GC(54) Humongous regions: 234->234
[2026-03-26T14:02:24.544+0900][6.904s][info][gc,metaspace] GC(54) Metaspace: 312K(512K)->312K(512K) NonClass: 295K(384K)->295K(384K) Class: 17K(128K)->17K(128K)
[2026-03-26T14:02:24.544+0900][6.904s][info][gc          ] GC(54) Pause Young (Concurrent Start) (G1 Humongous Allocation) 284M->234M(394M) 2.863ms
[2026-03-26T14:02:24.544+0900][6.904s][info][gc,cpu      ] GC(54) User=0.00s Sys=0.00s Real=0.00s
[2026-03-26T14:02:24.544+0900][6.904s][info][gc          ] GC(55) Concurrent Mark Cycle
[2026-03-26T14:02:24.544+0900][6.904s][info][gc,marking  ] GC(55) Concurrent Scan Root Regions
[2026-03-26T14:02:24.544+0900][6.904s][info][gc,marking  ] GC(55) Concurrent Scan Root Regions 0.101ms
[2026-03-26T14:02:24.544+0900][6.904s][info][gc,marking  ] GC(55) Concurrent Mark
[2026-03-26T14:02:24.544+0900][6.904s][info][gc,marking  ] GC(55) Concurrent Mark From Roots
[2026-03-26T14:02:24.544+0900][6.904s][info][gc,task     ] GC(55) Using 3 workers of 3 for marking
[2026-03-26T14:02:24.550+0900][6.906s][info][gc,marking  ] GC(55) Concurrent Mark From Roots 1.947ms
[2026-03-26T14:02:24.550+0900][6.906s][info][gc,marking  ] GC(55) Concurrent Preclean
[2026-03-26T14:02:24.550+0900][6.906s][info][gc,marking  ] GC(55) Concurrent Preclean 0.031ms
[2026-03-26T14:02:24.550+0900][6.906s][info][gc,start    ] GC(55) Pause Remark
[2026-03-26T14:02:24.550+0900][6.907s][info][gc          ] GC(55) Pause Remark 241M->241M(405M) 1.190ms
[2026-03-26T14:02:24.550+0900][6.907s][info][gc,cpu      ] GC(55) User=0.00s Sys=0.00s Real=0.00s
[2026-03-26T14:02:24.550+0900][6.908s][info][gc,marking  ] GC(55) Concurrent Mark 3.727ms
[2026-03-26T14:02:24.550+0900][6.908s][info][gc,marking  ] GC(55) Concurrent Rebuild Remembered Sets and Scrub Regions
[2026-03-26T14:02:24.550+0900][6.909s][info][gc,marking  ] GC(55) Concurrent Rebuild Remembered Sets and Scrub Regions 0.884ms
[2026-03-26T14:02:24.550+0900][6.909s][info][gc,start    ] GC(55) Pause Cleanup
[2026-03-26T14:02:24.550+0900][6.909s][info][gc          ] GC(55) Pause Cleanup 241M->241M(405M) 0.260ms
[2026-03-26T14:02:24.550+0900][6.909s][info][gc,cpu      ] GC(55) User=0.00s Sys=0.00s Real=0.00s
[2026-03-26T14:02:24.550+0900][6.909s][info][gc,marking  ] GC(55) Concurrent Clear Claimed Marks
[2026-03-26T14:02:24.550+0900][6.909s][info][gc,marking  ] GC(55) Concurrent Clear Claimed Marks 0.096ms
[2026-03-26T14:02:24.550+0900][6.909s][info][gc,marking  ] GC(55) Concurrent Cleanup for Next Mark
[2026-03-26T14:02:24.550+0900][6.910s][info][gc,marking  ] GC(55) Concurrent Cleanup for Next Mark 0.570ms
[2026-03-26T14:02:24.550+0900][6.910s][info][gc          ] GC(55) Concurrent Mark Cycle 6.367ms
[2026-03-26T14:02:24.720+0900][7.077s][info][gc,start    ] GC(56) Pause Young (Concurrent Start) (G1 Humongous Allocation)
[2026-03-26T14:02:24.720+0900][7.077s][info][gc,task     ] GC(56) Using 9 workers of 13 for evacuation
[2026-03-26T14:02:24.720+0900][7.078s][info][gc,phases   ] GC(56)   Pre Evacuate Collection Set: 0.2ms
[2026-03-26T14:02:24.720+0900][7.078s][info][gc,phases   ] GC(56)   Merge Heap Roots: 0.0ms
[2026-03-26T14:02:24.720+0900][7.078s][info][gc,phases   ] GC(56)   Evacuate Collection Set: 0.2ms
[2026-03-26T14:02:24.720+0900][7.078s][info][gc,phases   ] GC(56)   Post Evacuate Collection Set: 0.2ms
[2026-03-26T14:02:24.720+0900][7.078s][info][gc,phases   ] GC(56)   Other: 0.1ms
[2026-03-26T14:02:24.720+0900][7.078s][info][gc,heap     ] GC(56) Eden regions: 50->0(157)
[2026-03-26T14:02:24.720+0900][7.078s][info][gc,heap     ] GC(56) Survivor regions: 1->1(18)
[2026-03-26T14:02:24.720+0900][7.078s][info][gc,heap     ] GC(56) Old regions: 1->1
[2026-03-26T14:02:24.720+0900][7.078s][info][gc,heap     ] GC(56) Humongous regions: 240->240
[2026-03-26T14:02:24.720+0900][7.078s][info][gc,metaspace] GC(56) Metaspace: 312K(512K)->312K(512K) NonClass: 295K(384K)->295K(384K) Class: 17K(128K)->17K(128K)
[2026-03-26T14:02:24.720+0900][7.078s][info][gc          ] GC(56) Pause Young (Concurrent Start) (G1 Humongous Allocation) 290M->240M(422M) 1.052ms
[2026-03-26T14:02:24.720+0900][7.078s][info][gc,cpu      ] GC(56) User=0.00s Sys=0.00s Real=0.00s
[2026-03-26T14:02:24.720+0900][7.078s][info][gc          ] GC(57) Concurrent Mark Cycle
[2026-03-26T14:02:24.720+0900][7.078s][info][gc,marking  ] GC(57) Concurrent Scan Root Regions
[2026-03-26T14:02:24.720+0900][7.078s][info][gc,marking  ] GC(57) Concurrent Scan Root Regions 0.038ms
[2026-03-26T14:02:24.720+0900][7.078s][info][gc,marking  ] GC(57) Concurrent Mark
[2026-03-26T14:02:24.720+0900][7.078s][info][gc,marking  ] GC(57) Concurrent Mark From Roots
[2026-03-26T14:02:24.720+0900][7.078s][info][gc,task     ] GC(57) Using 3 workers of 3 for marking
[2026-03-26T14:02:24.720+0900][7.079s][info][gc,marking  ] GC(57) Concurrent Mark From Roots 0.879ms
[2026-03-26T14:02:24.720+0900][7.079s][info][gc,marking  ] GC(57) Concurrent Preclean
[2026-03-26T14:02:24.720+0900][7.079s][info][gc,marking  ] GC(57) Concurrent Preclean 0.015ms
[2026-03-26T14:02:24.720+0900][7.079s][info][gc,start    ] GC(57) Pause Remark
[2026-03-26T14:02:24.720+0900][7.079s][info][gc          ] GC(57) Pause Remark 240M->240M(422M) 0.394ms
[2026-03-26T14:02:24.720+0900][7.079s][info][gc,cpu      ] GC(57) User=0.00s Sys=0.00s Real=0.00s
[2026-03-26T14:02:24.720+0900][7.079s][info][gc,marking  ] GC(57) Concurrent Mark 1.450ms
[2026-03-26T14:02:24.720+0900][7.079s][info][gc,marking  ] GC(57) Concurrent Rebuild Remembered Sets and Scrub Regions
[2026-03-26T14:02:24.720+0900][7.080s][info][gc,marking  ] GC(57) Concurrent Rebuild Remembered Sets and Scrub Regions 0.386ms
[2026-03-26T14:02:24.720+0900][7.080s][info][gc,start    ] GC(57) Pause Cleanup
[2026-03-26T14:02:24.720+0900][7.080s][info][gc          ] GC(57) Pause Cleanup 240M->240M(422M) 0.083ms
[2026-03-26T14:02:24.720+0900][7.080s][info][gc,cpu      ] GC(57) User=0.00s Sys=0.00s Real=0.00s
[2026-03-26T14:02:24.720+0900][7.080s][info][gc,marking  ] GC(57) Concurrent Clear Claimed Marks
[2026-03-26T14:02:24.720+0900][7.080s][info][gc,marking  ] GC(57) Concurrent Clear Claimed Marks 0.013ms
[2026-03-26T14:02:24.720+0900][7.080s][info][gc,marking  ] GC(57) Concurrent Cleanup for Next Mark
[2026-03-26T14:02:24.720+0900][7.080s][info][gc,marking  ] GC(57) Concurrent Cleanup for Next Mark 0.505ms
[2026-03-26T14:02:24.720+0900][7.081s][info][gc          ] GC(57) Concurrent Mark Cycle 2.729ms
[2026-03-26T14:02:24.882+0900][7.238s][info][gc,start    ] GC(58) Pause Young (Concurrent Start) (G1 Humongous Allocation)
[2026-03-26T14:02:24.882+0900][7.238s][info][gc,task     ] GC(58) Using 10 workers of 13 for evacuation
[2026-03-26T14:02:24.882+0900][7.239s][info][gc,phases   ] GC(58)   Pre Evacuate Collection Set: 0.1ms
[2026-03-26T14:02:24.882+0900][7.239s][info][gc,phases   ] GC(58)   Merge Heap Roots: 0.0ms
[2026-03-26T14:02:24.882+0900][7.239s][info][gc,phases   ] GC(58)   Evacuate Collection Set: 0.5ms
[2026-03-26T14:02:24.882+0900][7.239s][info][gc,phases   ] GC(58)   Post Evacuate Collection Set: 0.1ms
[2026-03-26T14:02:24.882+0900][7.239s][info][gc,phases   ] GC(58)   Other: 0.1ms
[2026-03-26T14:02:24.882+0900][7.239s][info][gc,heap     ] GC(58) Eden regions: 50->0(151)
[2026-03-26T14:02:24.882+0900][7.239s][info][gc,heap     ] GC(58) Survivor regions: 1->1(20)
[2026-03-26T14:02:24.882+0900][7.239s][info][gc,heap     ] GC(58) Old regions: 1->1
[2026-03-26T14:02:24.882+0900][7.239s][info][gc,heap     ] GC(58) Humongous regions: 246->246
[2026-03-26T14:02:24.882+0900][7.239s][info][gc,metaspace] GC(58) Metaspace: 312K(512K)->312K(512K) NonClass: 295K(384K)->295K(384K) Class: 17K(128K)->17K(128K)
[2026-03-26T14:02:24.882+0900][7.239s][info][gc          ] GC(58) Pause Young (Concurrent Start) (G1 Humongous Allocation) 296M->246M(422M) 1.192ms
[2026-03-26T14:02:24.882+0900][7.239s][info][gc,cpu      ] GC(58) User=0.00s Sys=0.00s Real=0.00s
[2026-03-26T14:02:24.882+0900][7.239s][info][gc          ] GC(59) Concurrent Mark Cycle
[2026-03-26T14:02:24.882+0900][7.240s][info][gc,marking  ] GC(59) Concurrent Scan Root Regions
[2026-03-26T14:02:24.882+0900][7.240s][info][gc,marking  ] GC(59) Concurrent Scan Root Regions 0.040ms
[2026-03-26T14:02:24.882+0900][7.240s][info][gc,marking  ] GC(59) Concurrent Mark
[2026-03-26T14:02:24.882+0900][7.240s][info][gc,marking  ] GC(59) Concurrent Mark From Roots
[2026-03-26T14:02:24.882+0900][7.240s][info][gc,task     ] GC(59) Using 3 workers of 3 for marking
[2026-03-26T14:02:24.882+0900][7.240s][info][gc,marking  ] GC(59) Concurrent Mark From Roots 0.863ms
[2026-03-26T14:02:24.882+0900][7.240s][info][gc,marking  ] GC(59) Concurrent Preclean
[2026-03-26T14:02:24.882+0900][7.240s][info][gc,marking  ] GC(59) Concurrent Preclean 0.015ms
[2026-03-26T14:02:24.882+0900][7.241s][info][gc,start    ] GC(59) Pause Remark
[2026-03-26T14:02:24.886+0900][7.241s][info][gc          ] GC(59) Pause Remark 252M->252M(424M) 0.439ms
[2026-03-26T14:02:24.886+0900][7.241s][info][gc,cpu      ] GC(59) User=0.00s Sys=0.00s Real=0.00s
[2026-03-26T14:02:24.886+0900][7.241s][info][gc,marking  ] GC(59) Concurrent Mark 1.758ms
[2026-03-26T14:02:24.886+0900][7.241s][info][gc,marking  ] GC(59) Concurrent Rebuild Remembered Sets and Scrub Regions
[2026-03-26T14:02:24.886+0900][7.242s][info][gc,marking  ] GC(59) Concurrent Rebuild Remembered Sets and Scrub Regions 0.397ms
[2026-03-26T14:02:24.886+0900][7.242s][info][gc,start    ] GC(59) Pause Cleanup
[2026-03-26T14:02:24.886+0900][7.242s][info][gc          ] GC(59) Pause Cleanup 252M->252M(424M) 0.078ms
[2026-03-26T14:02:24.886+0900][7.242s][info][gc,cpu      ] GC(59) User=0.00s Sys=0.00s Real=0.00s
[2026-03-26T14:02:24.886+0900][7.242s][info][gc,marking  ] GC(59) Concurrent Clear Claimed Marks
[2026-03-26T14:02:24.886+0900][7.242s][info][gc,marking  ] GC(59) Concurrent Clear Claimed Marks 0.027ms
[2026-03-26T14:02:24.886+0900][7.242s][info][gc,marking  ] GC(59) Concurrent Cleanup for Next Mark
[2026-03-26T14:02:24.886+0900][7.242s][info][gc,marking  ] GC(59) Concurrent Cleanup for Next Mark 0.319ms
[2026-03-26T14:02:24.886+0900][7.242s][info][gc          ] GC(59) Concurrent Mark Cycle 2.845ms
[2026-03-26T14:02:25.042+0900][7.398s][info][gc,start    ] GC(60) Pause Young (Concurrent Start) (G1 Humongous Allocation)
[2026-03-26T14:02:25.042+0900][7.398s][info][gc,task     ] GC(60) Using 10 workers of 13 for evacuation
[2026-03-26T14:02:25.042+0900][7.399s][info][gc,phases   ] GC(60)   Pre Evacuate Collection Set: 0.1ms
[2026-03-26T14:02:25.042+0900][7.399s][info][gc,phases   ] GC(60)   Merge Heap Roots: 0.0ms
[2026-03-26T14:02:25.042+0900][7.399s][info][gc,phases   ] GC(60)   Evacuate Collection Set: 0.1ms
[2026-03-26T14:02:25.042+0900][7.399s][info][gc,phases   ] GC(60)   Post Evacuate Collection Set: 0.2ms
[2026-03-26T14:02:25.042+0900][7.399s][info][gc,phases   ] GC(60)   Other: 0.1ms
[2026-03-26T14:02:25.042+0900][7.399s][info][gc,heap     ] GC(60) Eden regions: 50->0(147)
[2026-03-26T14:02:25.042+0900][7.399s][info][gc,heap     ] GC(60) Survivor regions: 1->1(19)
[2026-03-26T14:02:25.042+0900][7.399s][info][gc,heap     ] GC(60) Old regions: 1->1
[2026-03-26T14:02:25.042+0900][7.399s][info][gc,heap     ] GC(60) Humongous regions: 252->252
[2026-03-26T14:02:25.042+0900][7.399s][info][gc,metaspace] GC(60) Metaspace: 312K(512K)->312K(512K) NonClass: 295K(384K)->295K(384K) Class: 17K(128K)->17K(128K)
[2026-03-26T14:02:25.042+0900][7.399s][info][gc          ] GC(60) Pause Young (Concurrent Start) (G1 Humongous Allocation) 302M->252M(424M) 0.805ms
[2026-03-26T14:02:25.042+0900][7.399s][info][gc,cpu      ] GC(60) User=0.02s Sys=0.00s Real=0.00s
[2026-03-26T14:02:25.042+0900][7.399s][info][gc          ] GC(61) Concurrent Mark Cycle
[2026-03-26T14:02:25.042+0900][7.399s][info][gc,marking  ] GC(61) Concurrent Scan Root Regions
[2026-03-26T14:02:25.042+0900][7.399s][info][gc,marking  ] GC(61) Concurrent Scan Root Regions 0.068ms
[2026-03-26T14:02:25.042+0900][7.399s][info][gc,marking  ] GC(61) Concurrent Mark
[2026-03-26T14:02:25.042+0900][7.399s][info][gc,marking  ] GC(61) Concurrent Mark From Roots
[2026-03-26T14:02:25.042+0900][7.399s][info][gc,task     ] GC(61) Using 3 workers of 3 for marking
[2026-03-26T14:02:25.044+0900][7.400s][info][gc,marking  ] GC(61) Concurrent Mark From Roots 0.948ms
[2026-03-26T14:02:25.044+0900][7.400s][info][gc,marking  ] GC(61) Concurrent Preclean
[2026-03-26T14:02:25.044+0900][7.400s][info][gc,marking  ] GC(61) Concurrent Preclean 0.026ms
[2026-03-26T14:02:25.044+0900][7.400s][info][gc,start    ] GC(61) Pause Remark
[2026-03-26T14:02:25.044+0900][7.401s][info][gc          ] GC(61) Pause Remark 258M->258M(434M) 0.712ms
[2026-03-26T14:02:25.044+0900][7.401s][info][gc,cpu      ] GC(61) User=0.00s Sys=0.00s Real=0.00s
[2026-03-26T14:02:25.044+0900][7.401s][info][gc,marking  ] GC(61) Concurrent Mark 1.945ms
[2026-03-26T14:02:25.044+0900][7.401s][info][gc,marking  ] GC(61) Concurrent Rebuild Remembered Sets and Scrub Regions
[2026-03-26T14:02:25.044+0900][7.401s][info][gc,marking  ] GC(61) Concurrent Rebuild Remembered Sets and Scrub Regions 0.368ms
[2026-03-26T14:02:25.044+0900][7.401s][info][gc,start    ] GC(61) Pause Cleanup
[2026-03-26T14:02:25.044+0900][7.401s][info][gc          ] GC(61) Pause Cleanup 258M->258M(434M) 0.098ms
[2026-03-26T14:02:25.044+0900][7.401s][info][gc,cpu      ] GC(61) User=0.00s Sys=0.00s Real=0.00s
[2026-03-26T14:02:25.044+0900][7.401s][info][gc,marking  ] GC(61) Concurrent Clear Claimed Marks
[2026-03-26T14:02:25.044+0900][7.402s][info][gc,marking  ] GC(61) Concurrent Clear Claimed Marks 0.059ms
[2026-03-26T14:02:25.044+0900][7.402s][info][gc,marking  ] GC(61) Concurrent Cleanup for Next Mark
[2026-03-26T14:02:25.044+0900][7.402s][info][gc,marking  ] GC(61) Concurrent Cleanup for Next Mark 0.288ms
[2026-03-26T14:02:25.044+0900][7.402s][info][gc          ] GC(61) Concurrent Mark Cycle 3.141ms
[2026-03-26T14:02:25.199+0900][7.555s][info][gc,start    ] GC(62) Pause Young (Concurrent Start) (G1 Humongous Allocation)
[2026-03-26T14:02:25.199+0900][7.555s][info][gc,task     ] GC(62) Using 10 workers of 13 for evacuation
[2026-03-26T14:02:25.201+0900][7.556s][info][gc,phases   ] GC(62)   Pre Evacuate Collection Set: 0.2ms
[2026-03-26T14:02:25.201+0900][7.557s][info][gc,phases   ] GC(62)   Merge Heap Roots: 0.1ms
[2026-03-26T14:02:25.201+0900][7.557s][info][gc,phases   ] GC(62)   Evacuate Collection Set: 0.2ms
[2026-03-26T14:02:25.201+0900][7.557s][info][gc,phases   ] GC(62)   Post Evacuate Collection Set: 0.5ms
[2026-03-26T14:02:25.201+0900][7.557s][info][gc,phases   ] GC(62)   Other: 0.1ms
[2026-03-26T14:02:25.201+0900][7.557s][info][gc,heap     ] GC(62) Eden regions: 50->0(150)
[2026-03-26T14:02:25.201+0900][7.557s][info][gc,heap     ] GC(62) Survivor regions: 1->1(19)
[2026-03-26T14:02:25.201+0900][7.557s][info][gc,heap     ] GC(62) Old regions: 1->1
[2026-03-26T14:02:25.201+0900][7.557s][info][gc,heap     ] GC(62) Humongous regions: 258->258
[2026-03-26T14:02:25.201+0900][7.557s][info][gc,metaspace] GC(62) Metaspace: 312K(512K)->312K(512K) NonClass: 295K(384K)->295K(384K) Class: 17K(128K)->17K(128K)
[2026-03-26T14:02:25.201+0900][7.557s][info][gc          ] GC(62) Pause Young (Concurrent Start) (G1 Humongous Allocation) 308M->258M(434M) 1.618ms
[2026-03-26T14:02:25.201+0900][7.557s][info][gc,cpu      ] GC(62) User=0.00s Sys=0.00s Real=0.00s
[2026-03-26T14:02:25.201+0900][7.557s][info][gc          ] GC(63) Concurrent Mark Cycle
[2026-03-26T14:02:25.201+0900][7.557s][info][gc,marking  ] GC(63) Concurrent Scan Root Regions
[2026-03-26T14:02:25.201+0900][7.557s][info][gc,marking  ] GC(63) Concurrent Scan Root Regions 0.081ms
[2026-03-26T14:02:25.201+0900][7.557s][info][gc,marking  ] GC(63) Concurrent Mark
[2026-03-26T14:02:25.201+0900][7.557s][info][gc,marking  ] GC(63) Concurrent Mark From Roots
[2026-03-26T14:02:25.201+0900][7.557s][info][gc,task     ] GC(63) Using 3 workers of 3 for marking
[2026-03-26T14:02:25.201+0900][7.559s][info][gc,marking  ] GC(63) Concurrent Mark From Roots 1.473ms
[2026-03-26T14:02:25.201+0900][7.559s][info][gc,marking  ] GC(63) Concurrent Preclean
[2026-03-26T14:02:25.201+0900][7.559s][info][gc,marking  ] GC(63) Concurrent Preclean 0.027ms
[2026-03-26T14:02:25.201+0900][7.559s][info][gc,start    ] GC(63) Pause Remark
[2026-03-26T14:02:25.201+0900][7.560s][info][gc          ] GC(63) Pause Remark 264M->264M(444M) 0.907ms
[2026-03-26T14:02:25.201+0900][7.560s][info][gc,cpu      ] GC(63) User=0.00s Sys=0.00s Real=0.00s
[2026-03-26T14:02:25.201+0900][7.560s][info][gc,marking  ] GC(63) Concurrent Mark 2.822ms
[2026-03-26T14:02:25.201+0900][7.560s][info][gc,marking  ] GC(63) Concurrent Rebuild Remembered Sets and Scrub Regions
[2026-03-26T14:02:25.201+0900][7.561s][info][gc,marking  ] GC(63) Concurrent Rebuild Remembered Sets and Scrub Regions 0.570ms
[2026-03-26T14:02:25.201+0900][7.561s][info][gc,start    ] GC(63) Pause Cleanup
[2026-03-26T14:02:25.201+0900][7.561s][info][gc          ] GC(63) Pause Cleanup 264M->264M(444M) 0.180ms
[2026-03-26T14:02:25.201+0900][7.561s][info][gc,cpu      ] GC(63) User=0.00s Sys=0.00s Real=0.00s
[2026-03-26T14:02:25.201+0900][7.561s][info][gc,marking  ] GC(63) Concurrent Clear Claimed Marks
[2026-03-26T14:02:25.201+0900][7.561s][info][gc,marking  ] GC(63) Concurrent Clear Claimed Marks 0.065ms
[2026-03-26T14:02:25.201+0900][7.561s][info][gc,marking  ] GC(63) Concurrent Cleanup for Next Mark
[2026-03-26T14:02:25.201+0900][7.562s][info][gc,marking  ] GC(63) Concurrent Cleanup for Next Mark 0.374ms
[2026-03-26T14:02:25.201+0900][7.562s][info][gc          ] GC(63) Concurrent Mark Cycle 4.726ms
[2026-03-26T14:02:25.361+0900][7.716s][info][gc,start    ] GC(64) Pause Young (Concurrent Start) (G1 Humongous Allocation)
[2026-03-26T14:02:25.361+0900][7.716s][info][gc,task     ] GC(64) Using 10 workers of 13 for evacuation
[2026-03-26T14:02:25.361+0900][7.717s][info][gc,phases   ] GC(64)   Pre Evacuate Collection Set: 0.2ms
[2026-03-26T14:02:25.361+0900][7.717s][info][gc,phases   ] GC(64)   Merge Heap Roots: 0.1ms
[2026-03-26T14:02:25.361+0900][7.717s][info][gc,phases   ] GC(64)   Evacuate Collection Set: 0.2ms
[2026-03-26T14:02:25.362+0900][7.717s][info][gc,phases   ] GC(64)   Post Evacuate Collection Set: 0.3ms
[2026-03-26T14:02:25.362+0900][7.717s][info][gc,phases   ] GC(64)   Other: 0.1ms
[2026-03-26T14:02:25.362+0900][7.717s][info][gc,heap     ] GC(64) Eden regions: 50->0(157)
[2026-03-26T14:02:25.362+0900][7.717s][info][gc,heap     ] GC(64) Survivor regions: 1->1(19)
[2026-03-26T14:02:25.362+0900][7.717s][info][gc,heap     ] GC(64) Old regions: 1->1
[2026-03-26T14:02:25.362+0900][7.717s][info][gc,heap     ] GC(64) Humongous regions: 264->264
[2026-03-26T14:02:25.362+0900][7.717s][info][gc,metaspace] GC(64) Metaspace: 312K(512K)->312K(512K) NonClass: 295K(384K)->295K(384K) Class: 17K(128K)->17K(128K)
[2026-03-26T14:02:25.362+0900][7.718s][info][gc          ] GC(64) Pause Young (Concurrent Start) (G1 Humongous Allocation) 314M->264M(447M) 1.348ms
[2026-03-26T14:02:25.362+0900][7.718s][info][gc,cpu      ] GC(64) User=0.00s Sys=0.00s Real=0.00s
[2026-03-26T14:02:25.362+0900][7.718s][info][gc          ] GC(65) Concurrent Mark Cycle
[2026-03-26T14:02:25.362+0900][7.718s][info][gc,marking  ] GC(65) Concurrent Scan Root Regions
[2026-03-26T14:02:25.362+0900][7.718s][info][gc,marking  ] GC(65) Concurrent Scan Root Regions 0.058ms
[2026-03-26T14:02:25.362+0900][7.718s][info][gc,marking  ] GC(65) Concurrent Mark
[2026-03-26T14:02:25.362+0900][7.718s][info][gc,marking  ] GC(65) Concurrent Mark From Roots
[2026-03-26T14:02:25.362+0900][7.718s][info][gc,task     ] GC(65) Using 3 workers of 3 for marking
[2026-03-26T14:02:25.364+0900][7.719s][info][gc,marking  ] GC(65) Concurrent Mark From Roots 1.250ms
[2026-03-26T14:02:25.364+0900][7.719s][info][gc,marking  ] GC(65) Concurrent Preclean
[2026-03-26T14:02:25.364+0900][7.719s][info][gc,marking  ] GC(65) Concurrent Preclean 0.028ms
[2026-03-26T14:02:25.364+0900][7.719s][info][gc,start    ] GC(65) Pause Remark
[2026-03-26T14:02:25.364+0900][7.720s][info][gc          ] GC(65) Pause Remark 270M->270M(454M) 0.926ms
[2026-03-26T14:02:25.364+0900][7.720s][info][gc,cpu      ] GC(65) User=0.00s Sys=0.00s Real=0.00s
[2026-03-26T14:02:25.364+0900][7.720s][info][gc,marking  ] GC(65) Concurrent Mark 2.443ms
[2026-03-26T14:02:25.364+0900][7.720s][info][gc,marking  ] GC(65) Concurrent Rebuild Remembered Sets and Scrub Regions
[2026-03-26T14:02:25.364+0900][7.721s][info][gc,marking  ] GC(65) Concurrent Rebuild Remembered Sets and Scrub Regions 0.513ms
[2026-03-26T14:02:25.364+0900][7.721s][info][gc,start    ] GC(65) Pause Cleanup
[2026-03-26T14:02:25.364+0900][7.721s][info][gc          ] GC(65) Pause Cleanup 270M->270M(454M) 0.149ms
[2026-03-26T14:02:25.364+0900][7.721s][info][gc,cpu      ] GC(65) User=0.00s Sys=0.00s Real=0.00s
[2026-03-26T14:02:25.364+0900][7.721s][info][gc,marking  ] GC(65) Concurrent Clear Claimed Marks
[2026-03-26T14:02:25.364+0900][7.721s][info][gc,marking  ] GC(65) Concurrent Clear Claimed Marks 0.048ms
[2026-03-26T14:02:25.364+0900][7.721s][info][gc,marking  ] GC(65) Concurrent Cleanup for Next Mark
[2026-03-26T14:02:25.364+0900][7.722s][info][gc,marking  ] GC(65) Concurrent Cleanup for Next Mark 0.340ms
[2026-03-26T14:02:25.364+0900][7.722s][info][gc          ] GC(65) Concurrent Mark Cycle 3.976ms
[2026-03-26T14:02:25.520+0900][7.876s][info][gc,start    ] GC(66) Pause Young (Concurrent Start) (G1 Humongous Allocation)
[2026-03-26T14:02:25.520+0900][7.876s][info][gc,task     ] GC(66) Using 10 workers of 13 for evacuation
[2026-03-26T14:02:25.520+0900][7.876s][info][gc,phases   ] GC(66)   Pre Evacuate Collection Set: 0.1ms
[2026-03-26T14:02:25.520+0900][7.877s][info][gc,phases   ] GC(66)   Merge Heap Roots: 0.0ms
[2026-03-26T14:02:25.520+0900][7.877s][info][gc,phases   ] GC(66)   Evacuate Collection Set: 0.1ms
[2026-03-26T14:02:25.520+0900][7.877s][info][gc,phases   ] GC(66)   Post Evacuate Collection Set: 0.2ms
[2026-03-26T14:02:25.520+0900][7.877s][info][gc,phases   ] GC(66)   Other: 0.1ms
[2026-03-26T14:02:25.520+0900][7.877s][info][gc,heap     ] GC(66) Eden regions: 50->0(157)
[2026-03-26T14:02:25.520+0900][7.877s][info][gc,heap     ] GC(66) Survivor regions: 1->1(20)
[2026-03-26T14:02:25.520+0900][7.877s][info][gc,heap     ] GC(66) Old regions: 1->1
[2026-03-26T14:02:25.520+0900][7.877s][info][gc,heap     ] GC(66) Humongous regions: 270->270
[2026-03-26T14:02:25.520+0900][7.877s][info][gc,metaspace] GC(66) Metaspace: 312K(512K)->312K(512K) NonClass: 295K(384K)->295K(384K) Class: 17K(128K)->17K(128K)
[2026-03-26T14:02:25.520+0900][7.877s][info][gc          ] GC(66) Pause Young (Concurrent Start) (G1 Humongous Allocation) 320M->270M(454M) 0.837ms
[2026-03-26T14:02:25.520+0900][7.877s][info][gc,cpu      ] GC(66) User=0.00s Sys=0.00s Real=0.00s
[2026-03-26T14:02:25.520+0900][7.877s][info][gc          ] GC(67) Concurrent Mark Cycle
[2026-03-26T14:02:25.520+0900][7.877s][info][gc,marking  ] GC(67) Concurrent Scan Root Regions
[2026-03-26T14:02:25.520+0900][7.877s][info][gc,marking  ] GC(67) Concurrent Scan Root Regions 0.064ms
[2026-03-26T14:02:25.520+0900][7.877s][info][gc,marking  ] GC(67) Concurrent Mark
[2026-03-26T14:02:25.520+0900][7.877s][info][gc,marking  ] GC(67) Concurrent Mark From Roots
[2026-03-26T14:02:25.520+0900][7.877s][info][gc,task     ] GC(67) Using 3 workers of 3 for marking
[2026-03-26T14:02:25.522+0900][7.878s][info][gc,marking  ] GC(67) Concurrent Mark From Roots 0.884ms
[2026-03-26T14:02:25.522+0900][7.878s][info][gc,marking  ] GC(67) Concurrent Preclean
[2026-03-26T14:02:25.522+0900][7.878s][info][gc,marking  ] GC(67) Concurrent Preclean 0.016ms
[2026-03-26T14:02:25.522+0900][7.878s][info][gc,start    ] GC(67) Pause Remark
[2026-03-26T14:02:25.522+0900][7.878s][info][gc          ] GC(67) Pause Remark 276M->276M(464M) 0.492ms
[2026-03-26T14:02:25.522+0900][7.878s][info][gc,cpu      ] GC(67) User=0.00s Sys=0.00s Real=0.00s
[2026-03-26T14:02:25.522+0900][7.878s][info][gc,marking  ] GC(67) Concurrent Mark 1.550ms
[2026-03-26T14:02:25.522+0900][7.878s][info][gc,marking  ] GC(67) Concurrent Rebuild Remembered Sets and Scrub Regions
[2026-03-26T14:02:25.522+0900][7.879s][info][gc,marking  ] GC(67) Concurrent Rebuild Remembered Sets and Scrub Regions 0.395ms
[2026-03-26T14:02:25.522+0900][7.879s][info][gc,start    ] GC(67) Pause Cleanup
[2026-03-26T14:02:25.522+0900][7.879s][info][gc          ] GC(67) Pause Cleanup 276M->276M(464M) 0.091ms
[2026-03-26T14:02:25.522+0900][7.879s][info][gc,cpu      ] GC(67) User=0.00s Sys=0.00s Real=0.00s
[2026-03-26T14:02:25.522+0900][7.879s][info][gc,marking  ] GC(67) Concurrent Clear Claimed Marks
[2026-03-26T14:02:25.522+0900][7.879s][info][gc,marking  ] GC(67) Concurrent Clear Claimed Marks 0.069ms
[2026-03-26T14:02:25.522+0900][7.879s][info][gc,marking  ] GC(67) Concurrent Cleanup for Next Mark
[2026-03-26T14:02:25.522+0900][7.880s][info][gc,marking  ] GC(67) Concurrent Cleanup for Next Mark 0.334ms
[2026-03-26T14:02:25.522+0900][7.880s][info][gc          ] GC(67) Concurrent Mark Cycle 2.836ms
[2026-03-26T14:02:25.694+0900][8.051s][info][gc,start    ] GC(68) Pause Young (Concurrent Start) (G1 Humongous Allocation)
[2026-03-26T14:02:25.696+0900][8.051s][info][gc,task     ] GC(68) Using 11 workers of 13 for evacuation
[2026-03-26T14:02:25.698+0900][8.054s][info][gc,phases   ] GC(68)   Pre Evacuate Collection Set: 0.2ms
[2026-03-26T14:02:25.698+0900][8.054s][info][gc,phases   ] GC(68)   Merge Heap Roots: 0.0ms
[2026-03-26T14:02:25.698+0900][8.054s][info][gc,phases   ] GC(68)   Evacuate Collection Set: 2.3ms
[2026-03-26T14:02:25.698+0900][8.054s][info][gc,phases   ] GC(68)   Post Evacuate Collection Set: 0.2ms
[2026-03-26T14:02:25.698+0900][8.054s][info][gc,phases   ] GC(68)   Other: 0.2ms
[2026-03-26T14:02:25.698+0900][8.054s][info][gc,heap     ] GC(68) Eden regions: 50->0(161)
[2026-03-26T14:02:25.698+0900][8.054s][info][gc,heap     ] GC(68) Survivor regions: 1->1(20)
[2026-03-26T14:02:25.698+0900][8.054s][info][gc,heap     ] GC(68) Old regions: 1->1
[2026-03-26T14:02:25.698+0900][8.054s][info][gc,heap     ] GC(68) Humongous regions: 276->276
[2026-03-26T14:02:25.698+0900][8.054s][info][gc,metaspace] GC(68) Metaspace: 312K(512K)->312K(512K) NonClass: 295K(384K)->295K(384K) Class: 17K(128K)->17K(128K)
[2026-03-26T14:02:25.698+0900][8.054s][info][gc          ] GC(68) Pause Young (Concurrent Start) (G1 Humongous Allocation) 326M->276M(464M) 3.312ms
[2026-03-26T14:02:25.698+0900][8.054s][info][gc,cpu      ] GC(68) User=0.03s Sys=0.00s Real=0.00s
[2026-03-26T14:02:25.698+0900][8.055s][info][gc          ] GC(69) Concurrent Mark Cycle
[2026-03-26T14:02:25.698+0900][8.055s][info][gc,marking  ] GC(69) Concurrent Scan Root Regions
[2026-03-26T14:02:25.700+0900][8.055s][info][gc,marking  ] GC(69) Concurrent Scan Root Regions 0.498ms
[2026-03-26T14:02:25.700+0900][8.055s][info][gc,marking  ] GC(69) Concurrent Mark
[2026-03-26T14:02:25.700+0900][8.055s][info][gc,marking  ] GC(69) Concurrent Mark From Roots
[2026-03-26T14:02:25.700+0900][8.055s][info][gc,task     ] GC(69) Using 3 workers of 3 for marking
[2026-03-26T14:02:25.700+0900][8.056s][info][gc,marking  ] GC(69) Concurrent Mark From Roots 0.946ms
[2026-03-26T14:02:25.700+0900][8.056s][info][gc,marking  ] GC(69) Concurrent Preclean
[2026-03-26T14:02:25.700+0900][8.056s][info][gc,marking  ] GC(69) Concurrent Preclean 0.015ms
[2026-03-26T14:02:25.701+0900][8.057s][info][gc,start    ] GC(69) Pause Remark
[2026-03-26T14:02:25.701+0900][8.057s][info][gc          ] GC(69) Pause Remark 276M->276M(464M) 0.559ms
[2026-03-26T14:02:25.701+0900][8.057s][info][gc,cpu      ] GC(69) User=0.00s Sys=0.00s Real=0.00s
[2026-03-26T14:02:25.701+0900][8.057s][info][gc,marking  ] GC(69) Concurrent Mark 2.034ms
[2026-03-26T14:02:25.701+0900][8.057s][info][gc,marking  ] GC(69) Concurrent Rebuild Remembered Sets and Scrub Regions
[2026-03-26T14:02:25.702+0900][8.058s][info][gc,marking  ] GC(69) Concurrent Rebuild Remembered Sets and Scrub Regions 0.544ms
[2026-03-26T14:02:25.713+0900][8.069s][info][gc,start    ] GC(69) Pause Cleanup
[2026-03-26T14:02:25.713+0900][8.069s][info][gc          ] GC(69) Pause Cleanup 282M->282M(464M) 0.169ms
[2026-03-26T14:02:25.713+0900][8.069s][info][gc,cpu      ] GC(69) User=0.00s Sys=0.00s Real=0.00s
[2026-03-26T14:02:25.713+0900][8.069s][info][gc,marking  ] GC(69) Concurrent Clear Claimed Marks
[2026-03-26T14:02:25.713+0900][8.069s][info][gc,marking  ] GC(69) Concurrent Clear Claimed Marks 0.038ms
[2026-03-26T14:02:25.713+0900][8.069s][info][gc,marking  ] GC(69) Concurrent Cleanup for Next Mark
[2026-03-26T14:02:25.713+0900][8.069s][info][gc,marking  ] GC(69) Concurrent Cleanup for Next Mark 0.301ms
[2026-03-26T14:02:25.713+0900][8.070s][info][gc          ] GC(69) Concurrent Mark Cycle 14.948ms
[2026-03-26T14:02:25.874+0900][8.231s][info][gc,start    ] GC(70) Pause Young (Concurrent Start) (G1 Humongous Allocation)
[2026-03-26T14:02:25.874+0900][8.231s][info][gc,task     ] GC(70) Using 11 workers of 13 for evacuation
[2026-03-26T14:02:25.876+0900][8.232s][info][gc,phases   ] GC(70)   Pre Evacuate Collection Set: 0.1ms
[2026-03-26T14:02:25.876+0900][8.232s][info][gc,phases   ] GC(70)   Merge Heap Roots: 0.0ms
[2026-03-26T14:02:25.876+0900][8.232s][info][gc,phases   ] GC(70)   Evacuate Collection Set: 0.2ms
[2026-03-26T14:02:25.876+0900][8.232s][info][gc,phases   ] GC(70)   Post Evacuate Collection Set: 0.2ms
[2026-03-26T14:02:25.876+0900][8.232s][info][gc,phases   ] GC(70)   Other: 0.1ms
[2026-03-26T14:02:25.876+0900][8.232s][info][gc,heap     ] GC(70) Eden regions: 50->0(155)
[2026-03-26T14:02:25.876+0900][8.232s][info][gc,heap     ] GC(70) Survivor regions: 1->1(21)
[2026-03-26T14:02:25.876+0900][8.232s][info][gc,heap     ] GC(70) Old regions: 1->1
[2026-03-26T14:02:25.876+0900][8.232s][info][gc,heap     ] GC(70) Humongous regions: 282->282
[2026-03-26T14:02:25.876+0900][8.232s][info][gc,metaspace] GC(70) Metaspace: 312K(512K)->312K(512K) NonClass: 295K(384K)->295K(384K) Class: 17K(128K)->17K(128K)
[2026-03-26T14:02:25.876+0900][8.232s][info][gc          ] GC(70) Pause Young (Concurrent Start) (G1 Humongous Allocation) 332M->282M(464M) 0.941ms
[2026-03-26T14:02:25.876+0900][8.232s][info][gc,cpu      ] GC(70) User=0.00s Sys=0.00s Real=0.00s
[2026-03-26T14:02:25.876+0900][8.232s][info][gc          ] GC(71) Concurrent Mark Cycle
[2026-03-26T14:02:25.876+0900][8.232s][info][gc,marking  ] GC(71) Concurrent Scan Root Regions
[2026-03-26T14:02:25.876+0900][8.232s][info][gc,marking  ] GC(71) Concurrent Scan Root Regions 0.041ms
[2026-03-26T14:02:25.876+0900][8.232s][info][gc,marking  ] GC(71) Concurrent Mark
[2026-03-26T14:02:25.876+0900][8.232s][info][gc,marking  ] GC(71) Concurrent Mark From Roots
[2026-03-26T14:02:25.876+0900][8.232s][info][gc,task     ] GC(71) Using 3 workers of 3 for marking
[2026-03-26T14:02:25.876+0900][8.233s][info][gc,marking  ] GC(71) Concurrent Mark From Roots 0.873ms
[2026-03-26T14:02:25.876+0900][8.233s][info][gc,marking  ] GC(71) Concurrent Preclean
[2026-03-26T14:02:25.876+0900][8.233s][info][gc,marking  ] GC(71) Concurrent Preclean 0.018ms
[2026-03-26T14:02:25.876+0900][8.233s][info][gc,start    ] GC(71) Pause Remark
[2026-03-26T14:02:25.876+0900][8.234s][info][gc          ] GC(71) Pause Remark 282M->282M(474M) 0.552ms
[2026-03-26T14:02:25.876+0900][8.234s][info][gc,cpu      ] GC(71) User=0.00s Sys=0.00s Real=0.00s
[2026-03-26T14:02:25.876+0900][8.234s][info][gc,marking  ] GC(71) Concurrent Mark 1.800ms
[2026-03-26T14:02:25.876+0900][8.234s][info][gc,marking  ] GC(71) Concurrent Rebuild Remembered Sets and Scrub Regions
[2026-03-26T14:02:25.876+0900][8.234s][info][gc,marking  ] GC(71) Concurrent Rebuild Remembered Sets and Scrub Regions 0.379ms
[2026-03-26T14:02:25.876+0900][8.234s][info][gc,start    ] GC(71) Pause Cleanup
[2026-03-26T14:02:25.876+0900][8.235s][info][gc          ] GC(71) Pause Cleanup 288M->288M(474M) 0.076ms
[2026-03-26T14:02:25.876+0900][8.235s][info][gc,cpu      ] GC(71) User=0.00s Sys=0.00s Real=0.00s
[2026-03-26T14:02:25.876+0900][8.235s][info][gc,marking  ] GC(71) Concurrent Clear Claimed Marks
[2026-03-26T14:02:25.876+0900][8.235s][info][gc,marking  ] GC(71) Concurrent Clear Claimed Marks 0.015ms
[2026-03-26T14:02:25.876+0900][8.235s][info][gc,marking  ] GC(71) Concurrent Cleanup for Next Mark
[2026-03-26T14:02:25.876+0900][8.235s][info][gc,marking  ] GC(71) Concurrent Cleanup for Next Mark 0.318ms
[2026-03-26T14:02:25.876+0900][8.235s][info][gc          ] GC(71) Concurrent Mark Cycle 2.994ms
[2026-03-26T14:02:26.034+0900][8.391s][info][gc,start    ] GC(72) Pause Young (Concurrent Start) (G1 Humongous Allocation)
[2026-03-26T14:02:26.034+0900][8.391s][info][gc,task     ] GC(72) Using 11 workers of 13 for evacuation
[2026-03-26T14:02:26.034+0900][8.392s][info][gc,phases   ] GC(72)   Pre Evacuate Collection Set: 0.3ms
[2026-03-26T14:02:26.034+0900][8.392s][info][gc,phases   ] GC(72)   Merge Heap Roots: 0.2ms
[2026-03-26T14:02:26.034+0900][8.392s][info][gc,phases   ] GC(72)   Evacuate Collection Set: 0.2ms
[2026-03-26T14:02:26.034+0900][8.392s][info][gc,phases   ] GC(72)   Post Evacuate Collection Set: 0.4ms
[2026-03-26T14:02:26.034+0900][8.392s][info][gc,phases   ] GC(72)   Other: 0.2ms
[2026-03-26T14:02:26.034+0900][8.392s][info][gc,heap     ] GC(72) Eden regions: 50->0(158)
[2026-03-26T14:02:26.034+0900][8.392s][info][gc,heap     ] GC(72) Survivor regions: 1->1(20)
[2026-03-26T14:02:26.034+0900][8.392s][info][gc,heap     ] GC(72) Old regions: 1->1
[2026-03-26T14:02:26.034+0900][8.392s][info][gc,heap     ] GC(72) Humongous regions: 288->288
[2026-03-26T14:02:26.034+0900][8.392s][info][gc,metaspace] GC(72) Metaspace: 312K(512K)->312K(512K) NonClass: 295K(384K)->295K(384K) Class: 17K(128K)->17K(128K)
[2026-03-26T14:02:26.034+0900][8.392s][info][gc          ] GC(72) Pause Young (Concurrent Start) (G1 Humongous Allocation) 338M->288M(474M) 1.744ms
[2026-03-26T14:02:26.034+0900][8.392s][info][gc,cpu      ] GC(72) User=0.00s Sys=0.00s Real=0.00s
[2026-03-26T14:02:26.034+0900][8.393s][info][gc          ] GC(73) Concurrent Mark Cycle
[2026-03-26T14:02:26.034+0900][8.393s][info][gc,marking  ] GC(73) Concurrent Scan Root Regions
[2026-03-26T14:02:26.034+0900][8.393s][info][gc,marking  ] GC(73) Concurrent Scan Root Regions 0.220ms
[2026-03-26T14:02:26.034+0900][8.393s][info][gc,marking  ] GC(73) Concurrent Mark
[2026-03-26T14:02:26.034+0900][8.393s][info][gc,marking  ] GC(73) Concurrent Mark From Roots
[2026-03-26T14:02:26.034+0900][8.393s][info][gc,task     ] GC(73) Using 3 workers of 3 for marking
[2026-03-26T14:02:26.034+0900][8.395s][info][gc,marking  ] GC(73) Concurrent Mark From Roots 1.531ms
[2026-03-26T14:02:26.034+0900][8.395s][info][gc,marking  ] GC(73) Concurrent Preclean
[2026-03-26T14:02:26.034+0900][8.395s][info][gc,marking  ] GC(73) Concurrent Preclean 0.030ms
[2026-03-26T14:02:26.034+0900][8.395s][info][gc,start    ] GC(73) Pause Remark
[2026-03-26T14:02:26.034+0900][8.396s][info][gc          ] GC(73) Pause Remark 294M->294M(494M) 1.045ms
[2026-03-26T14:02:26.034+0900][8.396s][info][gc,cpu      ] GC(73) User=0.00s Sys=0.00s Real=0.00s
[2026-03-26T14:02:26.034+0900][8.396s][info][gc,marking  ] GC(73) Concurrent Mark 3.076ms
[2026-03-26T14:02:26.034+0900][8.396s][info][gc,marking  ] GC(73) Concurrent Rebuild Remembered Sets and Scrub Regions
[2026-03-26T14:02:26.034+0900][8.397s][info][gc,marking  ] GC(73) Concurrent Rebuild Remembered Sets and Scrub Regions 0.726ms
[2026-03-26T14:02:26.034+0900][8.397s][info][gc,start    ] GC(73) Pause Cleanup
[2026-03-26T14:02:26.034+0900][8.397s][info][gc          ] GC(73) Pause Cleanup 294M->294M(494M) 0.193ms
[2026-03-26T14:02:26.034+0900][8.397s][info][gc,cpu      ] GC(73) User=0.00s Sys=0.00s Real=0.00s
[2026-03-26T14:02:26.034+0900][8.398s][info][gc,marking  ] GC(73) Concurrent Clear Claimed Marks
[2026-03-26T14:02:26.034+0900][8.398s][info][gc,marking  ] GC(73) Concurrent Clear Claimed Marks 0.088ms
[2026-03-26T14:02:26.034+0900][8.398s][info][gc,marking  ] GC(73) Concurrent Cleanup for Next Mark
[2026-03-26T14:02:26.034+0900][8.398s][info][gc,marking  ] GC(73) Concurrent Cleanup for Next Mark 0.594ms
[2026-03-26T14:02:26.034+0900][8.398s][info][gc          ] GC(73) Concurrent Mark Cycle 5.740ms
[2026-03-26T14:02:26.194+0900][8.551s][info][gc,start    ] GC(74) Pause Young (Concurrent Start) (G1 Humongous Allocation)
[2026-03-26T14:02:26.194+0900][8.551s][info][gc,task     ] GC(74) Using 11 workers of 13 for evacuation
[2026-03-26T14:02:26.194+0900][8.552s][info][gc,phases   ] GC(74)   Pre Evacuate Collection Set: 0.4ms
[2026-03-26T14:02:26.194+0900][8.552s][info][gc,phases   ] GC(74)   Merge Heap Roots: 0.1ms
[2026-03-26T14:02:26.194+0900][8.552s][info][gc,phases   ] GC(74)   Evacuate Collection Set: 0.4ms
[2026-03-26T14:02:26.194+0900][8.552s][info][gc,phases   ] GC(74)   Post Evacuate Collection Set: 0.3ms
[2026-03-26T14:02:26.194+0900][8.552s][info][gc,phases   ] GC(74)   Other: 0.1ms
[2026-03-26T14:02:26.194+0900][8.552s][info][gc,heap     ] GC(74) Eden regions: 50->0(171)
[2026-03-26T14:02:26.194+0900][8.552s][info][gc,heap     ] GC(74) Survivor regions: 1->1(20)
[2026-03-26T14:02:26.194+0900][8.552s][info][gc,heap     ] GC(74) Old regions: 1->1
[2026-03-26T14:02:26.194+0900][8.552s][info][gc,heap     ] GC(74) Humongous regions: 294->294
[2026-03-26T14:02:26.194+0900][8.552s][info][gc,metaspace] GC(74) Metaspace: 312K(512K)->312K(512K) NonClass: 295K(384K)->295K(384K) Class: 17K(128K)->17K(128K)
[2026-03-26T14:02:26.194+0900][8.552s][info][gc          ] GC(74) Pause Young (Concurrent Start) (G1 Humongous Allocation) 344M->294M(494M) 1.640ms
[2026-03-26T14:02:26.194+0900][8.552s][info][gc,cpu      ] GC(74) User=0.00s Sys=0.00s Real=0.00s
[2026-03-26T14:02:26.194+0900][8.552s][info][gc          ] GC(75) Concurrent Mark Cycle
[2026-03-26T14:02:26.194+0900][8.552s][info][gc,marking  ] GC(75) Concurrent Scan Root Regions
[2026-03-26T14:02:26.194+0900][8.552s][info][gc,marking  ] GC(75) Concurrent Scan Root Regions 0.048ms
[2026-03-26T14:02:26.194+0900][8.552s][info][gc,marking  ] GC(75) Concurrent Mark
[2026-03-26T14:02:26.194+0900][8.552s][info][gc,marking  ] GC(75) Concurrent Mark From Roots
[2026-03-26T14:02:26.194+0900][8.553s][info][gc,task     ] GC(75) Using 3 workers of 3 for marking
[2026-03-26T14:02:26.200+0900][8.555s][info][gc,marking  ] GC(75) Concurrent Mark From Roots 2.778ms
[2026-03-26T14:02:26.200+0900][8.555s][info][gc,marking  ] GC(75) Concurrent Preclean
[2026-03-26T14:02:26.200+0900][8.555s][info][gc,marking  ] GC(75) Concurrent Preclean 0.036ms
[2026-03-26T14:02:26.211+0900][8.567s][info][gc,start    ] GC(75) Pause Remark
[2026-03-26T14:02:26.211+0900][8.569s][info][gc          ] GC(75) Pause Remark 294M->294M(494M) 1.749ms
[2026-03-26T14:02:26.211+0900][8.569s][info][gc,cpu      ] GC(75) User=0.00s Sys=0.00s Real=0.00s
[2026-03-26T14:02:26.211+0900][8.569s][info][gc,marking  ] GC(75) Concurrent Mark 16.531ms
[2026-03-26T14:02:26.211+0900][8.569s][info][gc,marking  ] GC(75) Concurrent Rebuild Remembered Sets and Scrub Regions
[2026-03-26T14:02:26.211+0900][8.569s][info][gc,marking  ] GC(75) Concurrent Rebuild Remembered Sets and Scrub Regions 0.445ms
[2026-03-26T14:02:26.211+0900][8.570s][info][gc,start    ] GC(75) Pause Cleanup
[2026-03-26T14:02:26.211+0900][8.570s][info][gc          ] GC(75) Pause Cleanup 300M->300M(494M) 0.132ms
[2026-03-26T14:02:26.211+0900][8.570s][info][gc,cpu      ] GC(75) User=0.00s Sys=0.00s Real=0.00s
[2026-03-26T14:02:26.211+0900][8.570s][info][gc,marking  ] GC(75) Concurrent Clear Claimed Marks
[2026-03-26T14:02:26.211+0900][8.570s][info][gc,marking  ] GC(75) Concurrent Clear Claimed Marks 0.031ms
[2026-03-26T14:02:26.211+0900][8.570s][info][gc,marking  ] GC(75) Concurrent Cleanup for Next Mark
[2026-03-26T14:02:26.211+0900][8.570s][info][gc,marking  ] GC(75) Concurrent Cleanup for Next Mark 0.284ms
[2026-03-26T14:02:26.211+0900][8.570s][info][gc          ] GC(75) Concurrent Mark Cycle 17.898ms
[2026-03-26T14:02:26.404+0900][8.760s][info][gc,start    ] GC(76) Pause Young (Concurrent Start) (G1 Humongous Allocation)
[2026-03-26T14:02:26.404+0900][8.760s][info][gc,task     ] GC(76) Using 11 workers of 13 for evacuation
[2026-03-26T14:02:26.404+0900][8.761s][info][gc,phases   ] GC(76)   Pre Evacuate Collection Set: 0.2ms
[2026-03-26T14:02:26.404+0900][8.761s][info][gc,phases   ] GC(76)   Merge Heap Roots: 0.1ms
[2026-03-26T14:02:26.404+0900][8.761s][info][gc,phases   ] GC(76)   Evacuate Collection Set: 0.1ms
[2026-03-26T14:02:26.406+0900][8.761s][info][gc,phases   ] GC(76)   Post Evacuate Collection Set: 0.2ms
[2026-03-26T14:02:26.406+0900][8.761s][info][gc,phases   ] GC(76)   Other: 0.1ms
[2026-03-26T14:02:26.406+0900][8.761s][info][gc,heap     ] GC(76) Eden regions: 50->0(165)
[2026-03-26T14:02:26.406+0900][8.761s][info][gc,heap     ] GC(76) Survivor regions: 1->1(22)
[2026-03-26T14:02:26.406+0900][8.761s][info][gc,heap     ] GC(76) Old regions: 1->1
[2026-03-26T14:02:26.406+0900][8.761s][info][gc,heap     ] GC(76) Humongous regions: 300->300
[2026-03-26T14:02:26.406+0900][8.761s][info][gc,metaspace] GC(76) Metaspace: 312K(512K)->312K(512K) NonClass: 295K(384K)->295K(384K) Class: 17K(128K)->17K(128K)
[2026-03-26T14:02:26.406+0900][8.761s][info][gc          ] GC(76) Pause Young (Concurrent Start) (G1 Humongous Allocation) 350M->300M(494M) 0.893ms
[2026-03-26T14:02:26.406+0900][8.761s][info][gc,cpu      ] GC(76) User=0.00s Sys=0.00s Real=0.00s
[2026-03-26T14:02:26.406+0900][8.761s][info][gc          ] GC(77) Concurrent Mark Cycle
[2026-03-26T14:02:26.406+0900][8.761s][info][gc,marking  ] GC(77) Concurrent Scan Root Regions
[2026-03-26T14:02:26.406+0900][8.761s][info][gc,marking  ] GC(77) Concurrent Scan Root Regions 0.056ms
[2026-03-26T14:02:26.406+0900][8.761s][info][gc,marking  ] GC(77) Concurrent Mark
[2026-03-26T14:02:26.406+0900][8.761s][info][gc,marking  ] GC(77) Concurrent Mark From Roots
[2026-03-26T14:02:26.406+0900][8.761s][info][gc,task     ] GC(77) Using 3 workers of 3 for marking
[2026-03-26T14:02:26.406+0900][8.762s][info][gc,marking  ] GC(77) Concurrent Mark From Roots 0.883ms
[2026-03-26T14:02:26.406+0900][8.762s][info][gc,marking  ] GC(77) Concurrent Preclean
[2026-03-26T14:02:26.406+0900][8.762s][info][gc,marking  ] GC(77) Concurrent Preclean 0.020ms
[2026-03-26T14:02:26.427+0900][8.782s][info][gc,start    ] GC(77) Pause Remark
[2026-03-26T14:02:26.427+0900][8.783s][info][gc          ] GC(77) Pause Remark 300M->300M(504M) 0.684ms
[2026-03-26T14:02:26.427+0900][8.783s][info][gc,cpu      ] GC(77) User=0.00s Sys=0.00s Real=0.00s
[2026-03-26T14:02:26.427+0900][8.783s][info][gc,marking  ] GC(77) Concurrent Mark 22.121ms
[2026-03-26T14:02:26.427+0900][8.783s][info][gc,marking  ] GC(77) Concurrent Rebuild Remembered Sets and Scrub Regions
[2026-03-26T14:02:26.427+0900][8.784s][info][gc,marking  ] GC(77) Concurrent Rebuild Remembered Sets and Scrub Regions 0.626ms
[2026-03-26T14:02:26.427+0900][8.784s][info][gc,start    ] GC(77) Pause Cleanup
[2026-03-26T14:02:26.429+0900][8.784s][info][gc          ] GC(77) Pause Cleanup 306M->306M(504M) 0.135ms
[2026-03-26T14:02:26.429+0900][8.784s][info][gc,cpu      ] GC(77) User=0.00s Sys=0.00s Real=0.00s
[2026-03-26T14:02:26.429+0900][8.784s][info][gc,marking  ] GC(77) Concurrent Clear Claimed Marks
[2026-03-26T14:02:26.429+0900][8.784s][info][gc,marking  ] GC(77) Concurrent Clear Claimed Marks 0.043ms
[2026-03-26T14:02:26.429+0900][8.785s][info][gc,marking  ] GC(77) Concurrent Cleanup for Next Mark
[2026-03-26T14:02:26.429+0900][8.785s][info][gc,marking  ] GC(77) Concurrent Cleanup for Next Mark 0.382ms
[2026-03-26T14:02:26.429+0900][8.785s][info][gc          ] GC(77) Concurrent Mark Cycle 24.000ms
[2026-03-26T14:02:26.602+0900][8.957s][info][gc,start    ] GC(78) Pause Young (Concurrent Start) (G1 Humongous Allocation)
[2026-03-26T14:02:26.602+0900][8.958s][info][gc,task     ] GC(78) Using 12 workers of 13 for evacuation
[2026-03-26T14:02:26.603+0900][8.958s][info][gc,phases   ] GC(78)   Pre Evacuate Collection Set: 0.2ms
[2026-03-26T14:02:26.603+0900][8.958s][info][gc,phases   ] GC(78)   Merge Heap Roots: 0.0ms
[2026-03-26T14:02:26.603+0900][8.958s][info][gc,phases   ] GC(78)   Evacuate Collection Set: 0.1ms
[2026-03-26T14:02:26.603+0900][8.958s][info][gc,phases   ] GC(78)   Post Evacuate Collection Set: 0.2ms
[2026-03-26T14:02:26.603+0900][8.958s][info][gc,phases   ] GC(78)   Other: 0.2ms
[2026-03-26T14:02:26.603+0900][8.958s][info][gc,heap     ] GC(78) Eden regions: 50->0(169)
[2026-03-26T14:02:26.603+0900][8.958s][info][gc,heap     ] GC(78) Survivor regions: 1->1(21)
[2026-03-26T14:02:26.603+0900][8.958s][info][gc,heap     ] GC(78) Old regions: 1->1
[2026-03-26T14:02:26.603+0900][8.958s][info][gc,heap     ] GC(78) Humongous regions: 306->306
[2026-03-26T14:02:26.603+0900][8.958s][info][gc,metaspace] GC(78) Metaspace: 312K(512K)->312K(512K) NonClass: 295K(384K)->295K(384K) Class: 17K(128K)->17K(128K)
[2026-03-26T14:02:26.603+0900][8.958s][info][gc          ] GC(78) Pause Young (Concurrent Start) (G1 Humongous Allocation) 356M->306M(504M) 1.052ms
[2026-03-26T14:02:26.603+0900][8.958s][info][gc,cpu      ] GC(78) User=0.00s Sys=0.00s Real=0.00s
[2026-03-26T14:02:26.603+0900][8.959s][info][gc          ] GC(79) Concurrent Mark Cycle
[2026-03-26T14:02:26.603+0900][8.959s][info][gc,marking  ] GC(79) Concurrent Scan Root Regions
[2026-03-26T14:02:26.603+0900][8.959s][info][gc,marking  ] GC(79) Concurrent Scan Root Regions 0.073ms
[2026-03-26T14:02:26.603+0900][8.959s][info][gc,marking  ] GC(79) Concurrent Mark
[2026-03-26T14:02:26.603+0900][8.959s][info][gc,marking  ] GC(79) Concurrent Mark From Roots
[2026-03-26T14:02:26.603+0900][8.959s][info][gc,task     ] GC(79) Using 3 workers of 3 for marking
[2026-03-26T14:02:26.603+0900][8.960s][info][gc,marking  ] GC(79) Concurrent Mark From Roots 1.076ms
[2026-03-26T14:02:26.603+0900][8.960s][info][gc,marking  ] GC(79) Concurrent Preclean
[2026-03-26T14:02:26.603+0900][8.960s][info][gc,marking  ] GC(79) Concurrent Preclean 0.018ms
[2026-03-26T14:02:26.603+0900][8.960s][info][gc,start    ] GC(79) Pause Remark
[2026-03-26T14:02:26.603+0900][8.960s][info][gc          ] GC(79) Pause Remark 312M->312M(512M) 0.534ms
[2026-03-26T14:02:26.603+0900][8.960s][info][gc,cpu      ] GC(79) User=0.00s Sys=0.00s Real=0.00s
[2026-03-26T14:02:26.603+0900][8.960s][info][gc,marking  ] GC(79) Concurrent Mark 1.800ms
[2026-03-26T14:02:26.603+0900][8.961s][info][gc,marking  ] GC(79) Concurrent Rebuild Remembered Sets and Scrub Regions
[2026-03-26T14:02:26.603+0900][8.961s][info][gc,marking  ] GC(79) Concurrent Rebuild Remembered Sets and Scrub Regions 0.545ms
[2026-03-26T14:02:26.603+0900][8.961s][info][gc,start    ] GC(79) Pause Cleanup
[2026-03-26T14:02:26.603+0900][8.961s][info][gc          ] GC(79) Pause Cleanup 312M->312M(512M) 0.139ms
[2026-03-26T14:02:26.603+0900][8.961s][info][gc,cpu      ] GC(79) User=0.00s Sys=0.00s Real=0.00s
[2026-03-26T14:02:26.603+0900][8.961s][info][gc,marking  ] GC(79) Concurrent Clear Claimed Marks
[2026-03-26T14:02:26.603+0900][8.961s][info][gc,marking  ] GC(79) Concurrent Clear Claimed Marks 0.033ms
[2026-03-26T14:02:26.603+0900][8.961s][info][gc,marking  ] GC(79) Concurrent Cleanup for Next Mark
[2026-03-26T14:02:26.603+0900][8.962s][info][gc,marking  ] GC(79) Concurrent Cleanup for Next Mark 0.366ms
[2026-03-26T14:02:26.603+0900][8.962s][info][gc          ] GC(79) Concurrent Mark Cycle 3.214ms
[2026-03-26T14:02:26.761+0900][9.118s][info][gc,start    ] GC(80) Pause Young (Concurrent Start) (G1 Humongous Allocation)
[2026-03-26T14:02:26.761+0900][9.118s][info][gc,task     ] GC(80) Using 12 workers of 13 for evacuation
[2026-03-26T14:02:26.761+0900][9.120s][info][gc,phases   ] GC(80)   Pre Evacuate Collection Set: 0.5ms
[2026-03-26T14:02:26.761+0900][9.120s][info][gc,phases   ] GC(80)   Merge Heap Roots: 0.1ms
[2026-03-26T14:02:26.761+0900][9.121s][info][gc,phases   ] GC(80)   Evacuate Collection Set: 0.3ms
[2026-03-26T14:02:26.761+0900][9.121s][info][gc,phases   ] GC(80)   Post Evacuate Collection Set: 0.8ms
[2026-03-26T14:02:26.761+0900][9.121s][info][gc,phases   ] GC(80)   Other: 0.3ms
[2026-03-26T14:02:26.761+0900][9.121s][info][gc,heap     ] GC(80) Eden regions: 50->0(170)
[2026-03-26T14:02:26.761+0900][9.121s][info][gc,heap     ] GC(80) Survivor regions: 1->1(22)
[2026-03-26T14:02:26.761+0900][9.121s][info][gc,heap     ] GC(80) Old regions: 1->1
[2026-03-26T14:02:26.761+0900][9.121s][info][gc,heap     ] GC(80) Humongous regions: 312->312
[2026-03-26T14:02:26.761+0900][9.121s][info][gc,metaspace] GC(80) Metaspace: 312K(512K)->312K(512K) NonClass: 295K(384K)->295K(384K) Class: 17K(128K)->17K(128K)
[2026-03-26T14:02:26.761+0900][9.121s][info][gc          ] GC(80) Pause Young (Concurrent Start) (G1 Humongous Allocation) 362M->312M(512M) 2.661ms
[2026-03-26T14:02:26.761+0900][9.121s][info][gc,cpu      ] GC(80) User=0.00s Sys=0.00s Real=0.00s
[2026-03-26T14:02:26.761+0900][9.121s][info][gc          ] GC(81) Concurrent Mark Cycle
[2026-03-26T14:02:26.761+0900][9.121s][info][gc,marking  ] GC(81) Concurrent Scan Root Regions
[2026-03-26T14:02:26.761+0900][9.121s][info][gc,marking  ] GC(81) Concurrent Scan Root Regions 0.230ms
[2026-03-26T14:02:26.761+0900][9.121s][info][gc,marking  ] GC(81) Concurrent Mark
[2026-03-26T14:02:26.761+0900][9.121s][info][gc,marking  ] GC(81) Concurrent Mark From Roots
[2026-03-26T14:02:26.761+0900][9.121s][info][gc,task     ] GC(81) Using 3 workers of 3 for marking
[2026-03-26T14:02:26.761+0900][9.123s][info][gc,marking  ] GC(81) Concurrent Mark From Roots 1.683ms
[2026-03-26T14:02:26.761+0900][9.123s][info][gc,marking  ] GC(81) Concurrent Preclean
[2026-03-26T14:02:26.761+0900][9.123s][info][gc,marking  ] GC(81) Concurrent Preclean 0.030ms
[2026-03-26T14:02:26.761+0900][9.123s][info][gc,start    ] GC(81) Pause Remark
[2026-03-26T14:02:26.761+0900][9.125s][info][gc          ] GC(81) Pause Remark 318M->318M(512M) 1.505ms
[2026-03-26T14:02:26.761+0900][9.125s][info][gc,cpu      ] GC(81) User=0.00s Sys=0.00s Real=0.00s
[2026-03-26T14:02:26.761+0900][9.125s][info][gc,marking  ] GC(81) Concurrent Mark 3.653ms
[2026-03-26T14:02:26.761+0900][9.125s][info][gc,marking  ] GC(81) Concurrent Rebuild Remembered Sets and Scrub Regions
[2026-03-26T14:02:26.761+0900][9.126s][info][gc,marking  ] GC(81) Concurrent Rebuild Remembered Sets and Scrub Regions 0.832ms
[2026-03-26T14:02:26.761+0900][9.126s][info][gc,start    ] GC(81) Pause Cleanup
[2026-03-26T14:02:26.761+0900][9.126s][info][gc          ] GC(81) Pause Cleanup 318M->318M(512M) 0.373ms
[2026-03-26T14:02:26.761+0900][9.127s][info][gc,cpu      ] GC(81) User=0.00s Sys=0.00s Real=0.00s
[2026-03-26T14:02:26.761+0900][9.127s][info][gc,marking  ] GC(81) Concurrent Clear Claimed Marks
[2026-03-26T14:02:26.761+0900][9.127s][info][gc,marking  ] GC(81) Concurrent Clear Claimed Marks 0.090ms
[2026-03-26T14:02:26.761+0900][9.127s][info][gc,marking  ] GC(81) Concurrent Cleanup for Next Mark
[2026-03-26T14:02:26.761+0900][9.127s][info][gc,marking  ] GC(81) Concurrent Cleanup for Next Mark 0.472ms
[2026-03-26T14:02:26.761+0900][9.127s][info][gc          ] GC(81) Concurrent Mark Cycle 6.459ms
[2026-03-26T14:02:26.925+0900][9.282s][info][gc,start    ] GC(82) Pause Young (Concurrent Start) (G1 Humongous Allocation)
[2026-03-26T14:02:26.925+0900][9.282s][info][gc,task     ] GC(82) Using 12 workers of 13 for evacuation
[2026-03-26T14:02:26.928+0900][9.283s][info][gc,phases   ] GC(82)   Pre Evacuate Collection Set: 0.4ms
[2026-03-26T14:02:26.928+0900][9.283s][info][gc,phases   ] GC(82)   Merge Heap Roots: 0.1ms
[2026-03-26T14:02:26.928+0900][9.283s][info][gc,phases   ] GC(82)   Evacuate Collection Set: 0.4ms
[2026-03-26T14:02:26.928+0900][9.283s][info][gc,phases   ] GC(82)   Post Evacuate Collection Set: 0.5ms
[2026-03-26T14:02:26.928+0900][9.284s][info][gc,phases   ] GC(82)   Other: 0.2ms
[2026-03-26T14:02:26.928+0900][9.284s][info][gc,heap     ] GC(82) Eden regions: 50->0(164)
[2026-03-26T14:02:26.928+0900][9.284s][info][gc,heap     ] GC(82) Survivor regions: 1->1(22)
[2026-03-26T14:02:26.928+0900][9.284s][info][gc,heap     ] GC(82) Old regions: 1->1
[2026-03-26T14:02:26.928+0900][9.284s][info][gc,heap     ] GC(82) Humongous regions: 318->318
[2026-03-26T14:02:26.928+0900][9.284s][info][gc,metaspace] GC(82) Metaspace: 312K(512K)->312K(512K) NonClass: 295K(384K)->295K(384K) Class: 17K(128K)->17K(128K)
[2026-03-26T14:02:26.928+0900][9.284s][info][gc          ] GC(82) Pause Young (Concurrent Start) (G1 Humongous Allocation) 368M->318M(512M) 2.166ms
[2026-03-26T14:02:26.928+0900][9.284s][info][gc,cpu      ] GC(82) User=0.00s Sys=0.00s Real=0.00s
[2026-03-26T14:02:26.928+0900][9.284s][info][gc          ] GC(83) Concurrent Mark Cycle
[2026-03-26T14:02:26.928+0900][9.284s][info][gc,marking  ] GC(83) Concurrent Scan Root Regions
[2026-03-26T14:02:26.928+0900][9.284s][info][gc,marking  ] GC(83) Concurrent Scan Root Regions 0.081ms
[2026-03-26T14:02:26.928+0900][9.284s][info][gc,marking  ] GC(83) Concurrent Mark
[2026-03-26T14:02:26.928+0900][9.284s][info][gc,marking  ] GC(83) Concurrent Mark From Roots
[2026-03-26T14:02:26.928+0900][9.284s][info][gc,task     ] GC(83) Using 3 workers of 3 for marking
[2026-03-26T14:02:26.930+0900][9.286s][info][gc,marking  ] GC(83) Concurrent Mark From Roots 1.858ms
[2026-03-26T14:02:26.930+0900][9.286s][info][gc,marking  ] GC(83) Concurrent Preclean
[2026-03-26T14:02:26.930+0900][9.286s][info][gc,marking  ] GC(83) Concurrent Preclean 0.035ms
[2026-03-26T14:02:26.930+0900][9.286s][info][gc,start    ] GC(83) Pause Remark
[2026-03-26T14:02:26.930+0900][9.287s][info][gc          ] GC(83) Pause Remark 324M->324M(512M) 0.915ms
[2026-03-26T14:02:26.930+0900][9.287s][info][gc,cpu      ] GC(83) User=0.00s Sys=0.00s Real=0.00s
[2026-03-26T14:02:26.930+0900][9.287s][info][gc,marking  ] GC(83) Concurrent Mark 3.088ms
[2026-03-26T14:02:26.930+0900][9.287s][info][gc,marking  ] GC(83) Concurrent Rebuild Remembered Sets and Scrub Regions
[2026-03-26T14:02:26.932+0900][9.288s][info][gc,marking  ] GC(83) Concurrent Rebuild Remembered Sets and Scrub Regions 0.845ms
[2026-03-26T14:02:26.932+0900][9.288s][info][gc,start    ] GC(83) Pause Cleanup
[2026-03-26T14:02:26.932+0900][9.288s][info][gc          ] GC(83) Pause Cleanup 324M->324M(512M) 0.237ms
[2026-03-26T14:02:26.932+0900][9.288s][info][gc,cpu      ] GC(83) User=0.00s Sys=0.00s Real=0.00s
[2026-03-26T14:02:26.932+0900][9.289s][info][gc,marking  ] GC(83) Concurrent Clear Claimed Marks
[2026-03-26T14:02:26.932+0900][9.289s][info][gc,marking  ] GC(83) Concurrent Clear Claimed Marks 0.100ms
[2026-03-26T14:02:26.932+0900][9.289s][info][gc,marking  ] GC(83) Concurrent Cleanup for Next Mark
[2026-03-26T14:02:26.932+0900][9.289s][info][gc,marking  ] GC(83) Concurrent Cleanup for Next Mark 0.554ms
[2026-03-26T14:02:26.932+0900][9.289s][info][gc          ] GC(83) Concurrent Mark Cycle 5.640ms
[2026-03-26T14:02:27.092+0900][9.449s][info][gc,start    ] GC(84) Pause Young (Concurrent Start) (G1 Humongous Allocation)
[2026-03-26T14:02:27.092+0900][9.449s][info][gc,task     ] GC(84) Using 12 workers of 13 for evacuation
[2026-03-26T14:02:27.094+0900][9.450s][info][gc,phases   ] GC(84)   Pre Evacuate Collection Set: 0.3ms
[2026-03-26T14:02:27.094+0900][9.451s][info][gc,phases   ] GC(84)   Merge Heap Roots: 0.1ms
[2026-03-26T14:02:27.094+0900][9.451s][info][gc,phases   ] GC(84)   Evacuate Collection Set: 0.8ms
[2026-03-26T14:02:27.094+0900][9.451s][info][gc,phases   ] GC(84)   Post Evacuate Collection Set: 0.4ms
[2026-03-26T14:02:27.094+0900][9.451s][info][gc,phases   ] GC(84)   Other: 0.1ms
[2026-03-26T14:02:27.094+0900][9.451s][info][gc,heap     ] GC(84) Eden regions: 50->0(158)
[2026-03-26T14:02:27.094+0900][9.451s][info][gc,heap     ] GC(84) Survivor regions: 1->1(21)
[2026-03-26T14:02:27.094+0900][9.451s][info][gc,heap     ] GC(84) Old regions: 1->1
[2026-03-26T14:02:27.094+0900][9.451s][info][gc,heap     ] GC(84) Humongous regions: 324->324
[2026-03-26T14:02:27.094+0900][9.451s][info][gc,metaspace] GC(84) Metaspace: 312K(512K)->312K(512K) NonClass: 295K(384K)->295K(384K) Class: 17K(128K)->17K(128K)
[2026-03-26T14:02:27.094+0900][9.451s][info][gc          ] GC(84) Pause Young (Concurrent Start) (G1 Humongous Allocation) 374M->324M(512M) 2.244ms
[2026-03-26T14:02:27.094+0900][9.451s][info][gc,cpu      ] GC(84) User=0.00s Sys=0.00s Real=0.00s
[2026-03-26T14:02:27.094+0900][9.451s][info][gc          ] GC(85) Concurrent Mark Cycle
[2026-03-26T14:02:27.094+0900][9.451s][info][gc,marking  ] GC(85) Concurrent Scan Root Regions
[2026-03-26T14:02:27.094+0900][9.451s][info][gc,marking  ] GC(85) Concurrent Scan Root Regions 0.128ms
[2026-03-26T14:02:27.094+0900][9.451s][info][gc,marking  ] GC(85) Concurrent Mark
[2026-03-26T14:02:27.094+0900][9.451s][info][gc,marking  ] GC(85) Concurrent Mark From Roots
[2026-03-26T14:02:27.094+0900][9.451s][info][gc,task     ] GC(85) Using 3 workers of 3 for marking
[2026-03-26T14:02:27.098+0900][9.453s][info][gc,marking  ] GC(85) Concurrent Mark From Roots 1.996ms
[2026-03-26T14:02:27.098+0900][9.453s][info][gc,marking  ] GC(85) Concurrent Preclean
[2026-03-26T14:02:27.098+0900][9.453s][info][gc,marking  ] GC(85) Concurrent Preclean 0.032ms
[2026-03-26T14:02:27.098+0900][9.454s][info][gc,start    ] GC(85) Pause Remark
[2026-03-26T14:02:27.098+0900][9.455s][info][gc          ] GC(85) Pause Remark 330M->330M(512M) 1.652ms
[2026-03-26T14:02:27.098+0900][9.455s][info][gc,cpu      ] GC(85) User=0.00s Sys=0.00s Real=0.00s
[2026-03-26T14:02:27.098+0900][9.455s][info][gc,marking  ] GC(85) Concurrent Mark 4.165ms
[2026-03-26T14:02:27.098+0900][9.456s][info][gc,marking  ] GC(85) Concurrent Rebuild Remembered Sets and Scrub Regions
[2026-03-26T14:02:27.098+0900][9.456s][info][gc,marking  ] GC(85) Concurrent Rebuild Remembered Sets and Scrub Regions 0.876ms
[2026-03-26T14:02:27.098+0900][9.457s][info][gc,start    ] GC(85) Pause Cleanup
[2026-03-26T14:02:27.098+0900][9.457s][info][gc          ] GC(85) Pause Cleanup 330M->330M(512M) 0.221ms
[2026-03-26T14:02:27.098+0900][9.457s][info][gc,cpu      ] GC(85) User=0.00s Sys=0.00s Real=0.00s
[2026-03-26T14:02:27.098+0900][9.457s][info][gc,marking  ] GC(85) Concurrent Clear Claimed Marks
[2026-03-26T14:02:27.098+0900][9.457s][info][gc,marking  ] GC(85) Concurrent Clear Claimed Marks 0.096ms
[2026-03-26T14:02:27.098+0900][9.457s][info][gc,marking  ] GC(85) Concurrent Cleanup for Next Mark
[2026-03-26T14:02:27.098+0900][9.458s][info][gc,marking  ] GC(85) Concurrent Cleanup for Next Mark 0.574ms
[2026-03-26T14:02:27.098+0900][9.458s][info][gc          ] GC(85) Concurrent Mark Cycle 6.878ms
[2026-03-26T14:02:27.262+0900][9.619s][info][gc,start    ] GC(86) Pause Young (Concurrent Start) (G1 Humongous Allocation)
[2026-03-26T14:02:27.262+0900][9.619s][info][gc,task     ] GC(86) Using 12 workers of 13 for evacuation
[2026-03-26T14:02:27.262+0900][9.621s][info][gc,phases   ] GC(86)   Pre Evacuate Collection Set: 0.5ms
[2026-03-26T14:02:27.262+0900][9.621s][info][gc,phases   ] GC(86)   Merge Heap Roots: 0.2ms
[2026-03-26T14:02:27.262+0900][9.621s][info][gc,phases   ] GC(86)   Evacuate Collection Set: 0.8ms
[2026-03-26T14:02:27.262+0900][9.621s][info][gc,phases   ] GC(86)   Post Evacuate Collection Set: 0.3ms
[2026-03-26T14:02:27.262+0900][9.621s][info][gc,phases   ] GC(86)   Other: 0.4ms
[2026-03-26T14:02:27.262+0900][9.621s][info][gc,heap     ] GC(86) Eden regions: 50->0(152)
[2026-03-26T14:02:27.262+0900][9.621s][info][gc,heap     ] GC(86) Survivor regions: 1->1(20)
[2026-03-26T14:02:27.262+0900][9.621s][info][gc,heap     ] GC(86) Old regions: 1->1
[2026-03-26T14:02:27.262+0900][9.621s][info][gc,heap     ] GC(86) Humongous regions: 330->330
[2026-03-26T14:02:27.262+0900][9.621s][info][gc,metaspace] GC(86) Metaspace: 312K(512K)->312K(512K) NonClass: 295K(384K)->295K(384K) Class: 17K(128K)->17K(128K)
[2026-03-26T14:02:27.262+0900][9.621s][info][gc          ] GC(86) Pause Young (Concurrent Start) (G1 Humongous Allocation) 380M->330M(512M) 2.723ms
[2026-03-26T14:02:27.262+0900][9.621s][info][gc,cpu      ] GC(86) User=0.00s Sys=0.00s Real=0.00s
[2026-03-26T14:02:27.262+0900][9.621s][info][gc          ] GC(87) Concurrent Mark Cycle
[2026-03-26T14:02:27.266+0900][9.622s][info][gc,marking  ] GC(87) Concurrent Scan Root Regions
[2026-03-26T14:02:27.266+0900][9.622s][info][gc,marking  ] GC(87) Concurrent Scan Root Regions 0.092ms
[2026-03-26T14:02:27.266+0900][9.622s][info][gc,marking  ] GC(87) Concurrent Mark
[2026-03-26T14:02:27.266+0900][9.622s][info][gc,marking  ] GC(87) Concurrent Mark From Roots
[2026-03-26T14:02:27.266+0900][9.622s][info][gc,task     ] GC(87) Using 3 workers of 3 for marking
[2026-03-26T14:02:27.268+0900][9.624s][info][gc,marking  ] GC(87) Concurrent Mark From Roots 2.024ms
[2026-03-26T14:02:27.268+0900][9.624s][info][gc,marking  ] GC(87) Concurrent Preclean
[2026-03-26T14:02:27.268+0900][9.624s][info][gc,marking  ] GC(87) Concurrent Preclean 0.036ms
[2026-03-26T14:02:27.268+0900][9.624s][info][gc,start    ] GC(87) Pause Remark
[2026-03-26T14:02:27.268+0900][9.625s][info][gc          ] GC(87) Pause Remark 336M->336M(512M) 1.368ms
[2026-03-26T14:02:27.268+0900][9.625s][info][gc,cpu      ] GC(87) User=0.00s Sys=0.00s Real=0.00s
[2026-03-26T14:02:27.268+0900][9.626s][info][gc,marking  ] GC(87) Concurrent Mark 3.926ms
[2026-03-26T14:02:27.268+0900][9.626s][info][gc,marking  ] GC(87) Concurrent Rebuild Remembered Sets and Scrub Regions
[2026-03-26T14:02:27.268+0900][9.627s][info][gc,marking  ] GC(87) Concurrent Rebuild Remembered Sets and Scrub Regions 0.863ms
[2026-03-26T14:02:27.268+0900][9.627s][info][gc,start    ] GC(87) Pause Cleanup
[2026-03-26T14:02:27.268+0900][9.627s][info][gc          ] GC(87) Pause Cleanup 336M->336M(512M) 0.324ms
[2026-03-26T14:02:27.268+0900][9.627s][info][gc,cpu      ] GC(87) User=0.00s Sys=0.00s Real=0.00s
[2026-03-26T14:02:27.268+0900][9.627s][info][gc,marking  ] GC(87) Concurrent Clear Claimed Marks
[2026-03-26T14:02:27.268+0900][9.627s][info][gc,marking  ] GC(87) Concurrent Clear Claimed Marks 0.028ms
[2026-03-26T14:02:27.268+0900][9.627s][info][gc,marking  ] GC(87) Concurrent Cleanup for Next Mark
[2026-03-26T14:02:27.268+0900][9.628s][info][gc,marking  ] GC(87) Concurrent Cleanup for Next Mark 0.732ms
[2026-03-26T14:02:27.268+0900][9.628s][info][gc          ] GC(87) Concurrent Mark Cycle 6.798ms
[2026-03-26T14:02:27.430+0900][9.786s][info][gc,start    ] GC(88) Pause Young (Concurrent Start) (G1 Humongous Allocation)
[2026-03-26T14:02:27.430+0900][9.787s][info][gc,task     ] GC(88) Using 12 workers of 13 for evacuation
[2026-03-26T14:02:27.433+0900][9.788s][info][gc,phases   ] GC(88)   Pre Evacuate Collection Set: 0.3ms
[2026-03-26T14:02:27.433+0900][9.788s][info][gc,phases   ] GC(88)   Merge Heap Roots: 0.1ms
[2026-03-26T14:02:27.433+0900][9.788s][info][gc,phases   ] GC(88)   Evacuate Collection Set: 0.4ms
[2026-03-26T14:02:27.433+0900][9.788s][info][gc,phases   ] GC(88)   Post Evacuate Collection Set: 0.4ms
[2026-03-26T14:02:27.433+0900][9.788s][info][gc,phases   ] GC(88)   Other: 0.2ms
[2026-03-26T14:02:27.433+0900][9.788s][info][gc,heap     ] GC(88) Eden regions: 50->0(146)
[2026-03-26T14:02:27.433+0900][9.788s][info][gc,heap     ] GC(88) Survivor regions: 1->1(20)
[2026-03-26T14:02:27.433+0900][9.788s][info][gc,heap     ] GC(88) Old regions: 1->1
[2026-03-26T14:02:27.433+0900][9.788s][info][gc,heap     ] GC(88) Humongous regions: 336->336
[2026-03-26T14:02:27.433+0900][9.788s][info][gc,metaspace] GC(88) Metaspace: 312K(512K)->312K(512K) NonClass: 295K(384K)->295K(384K) Class: 17K(128K)->17K(128K)
[2026-03-26T14:02:27.433+0900][9.788s][info][gc          ] GC(88) Pause Young (Concurrent Start) (G1 Humongous Allocation) 386M->336M(512M) 1.940ms
[2026-03-26T14:02:27.433+0900][9.788s][info][gc,cpu      ] GC(88) User=0.00s Sys=0.00s Real=0.00s
[2026-03-26T14:02:27.433+0900][9.789s][info][gc          ] GC(89) Concurrent Mark Cycle
[2026-03-26T14:02:27.433+0900][9.789s][info][gc,marking  ] GC(89) Concurrent Scan Root Regions
[2026-03-26T14:02:27.433+0900][9.789s][info][gc,marking  ] GC(89) Concurrent Scan Root Regions 0.079ms
[2026-03-26T14:02:27.433+0900][9.789s][info][gc,marking  ] GC(89) Concurrent Mark
[2026-03-26T14:02:27.433+0900][9.789s][info][gc,marking  ] GC(89) Concurrent Mark From Roots
[2026-03-26T14:02:27.433+0900][9.789s][info][gc,task     ] GC(89) Using 3 workers of 3 for marking
[2026-03-26T14:02:27.435+0900][9.791s][info][gc,marking  ] GC(89) Concurrent Mark From Roots 1.875ms
[2026-03-26T14:02:27.435+0900][9.791s][info][gc,marking  ] GC(89) Concurrent Preclean
[2026-03-26T14:02:27.435+0900][9.791s][info][gc,marking  ] GC(89) Concurrent Preclean 0.030ms
[2026-03-26T14:02:27.435+0900][9.791s][info][gc,start    ] GC(89) Pause Remark
[2026-03-26T14:02:27.435+0900][9.792s][info][gc          ] GC(89) Pause Remark 342M->342M(512M) 0.926ms
[2026-03-26T14:02:27.435+0900][9.792s][info][gc,cpu      ] GC(89) User=0.00s Sys=0.00s Real=0.00s
[2026-03-26T14:02:27.435+0900][9.792s][info][gc,marking  ] GC(89) Concurrent Mark 3.091ms
[2026-03-26T14:02:27.435+0900][9.792s][info][gc,marking  ] GC(89) Concurrent Rebuild Remembered Sets and Scrub Regions
[2026-03-26T14:02:27.437+0900][9.793s][info][gc,marking  ] GC(89) Concurrent Rebuild Remembered Sets and Scrub Regions 0.750ms
[2026-03-26T14:02:27.437+0900][9.793s][info][gc,start    ] GC(89) Pause Cleanup
[2026-03-26T14:02:27.437+0900][9.793s][info][gc          ] GC(89) Pause Cleanup 342M->342M(512M) 0.226ms
[2026-03-26T14:02:27.437+0900][9.793s][info][gc,cpu      ] GC(89) User=0.00s Sys=0.00s Real=0.00s
[2026-03-26T14:02:27.437+0900][9.793s][info][gc,marking  ] GC(89) Concurrent Clear Claimed Marks
[2026-03-26T14:02:27.437+0900][9.793s][info][gc,marking  ] GC(89) Concurrent Clear Claimed Marks 0.055ms
[2026-03-26T14:02:27.437+0900][9.793s][info][gc,marking  ] GC(89) Concurrent Cleanup for Next Mark
[2026-03-26T14:02:27.437+0900][9.794s][info][gc,marking  ] GC(89) Concurrent Cleanup for Next Mark 0.534ms
[2026-03-26T14:02:27.437+0900][9.794s][info][gc          ] GC(89) Concurrent Mark Cycle 5.086ms
[2026-03-26T14:02:27.734+0900][10.089s][info][gc,start    ] GC(90) Pause Young (Concurrent Start) (G1 Humongous Allocation)
[2026-03-26T14:02:27.734+0900][10.089s][info][gc,task     ] GC(90) Using 12 workers of 13 for evacuation
[2026-03-26T14:02:27.734+0900][10.090s][info][gc,phases   ] GC(90)   Pre Evacuate Collection Set: 0.2ms
[2026-03-26T14:02:27.734+0900][10.090s][info][gc,phases   ] GC(90)   Merge Heap Roots: 0.1ms
[2026-03-26T14:02:27.734+0900][10.090s][info][gc,phases   ] GC(90)   Evacuate Collection Set: 0.1ms
[2026-03-26T14:02:27.734+0900][10.090s][info][gc,phases   ] GC(90)   Post Evacuate Collection Set: 0.2ms
[2026-03-26T14:02:27.734+0900][10.090s][info][gc,phases   ] GC(90)   Other: 0.1ms
[2026-03-26T14:02:27.734+0900][10.090s][info][gc,heap     ] GC(90) Eden regions: 50->0(140)
[2026-03-26T14:02:27.734+0900][10.090s][info][gc,heap     ] GC(90) Survivor regions: 1->1(19)
[2026-03-26T14:02:27.734+0900][10.090s][info][gc,heap     ] GC(90) Old regions: 1->1
[2026-03-26T14:02:27.734+0900][10.090s][info][gc,heap     ] GC(90) Humongous regions: 342->342
[2026-03-26T14:02:27.734+0900][10.090s][info][gc,metaspace] GC(90) Metaspace: 312K(512K)->312K(512K) NonClass: 295K(384K)->295K(384K) Class: 17K(128K)->17K(128K)
[2026-03-26T14:02:27.734+0900][10.090s][info][gc          ] GC(90) Pause Young (Concurrent Start) (G1 Humongous Allocation) 392M->342M(512M) 1.116ms
[2026-03-26T14:02:27.734+0900][10.090s][info][gc,cpu      ] GC(90) User=0.00s Sys=0.00s Real=0.00s
[2026-03-26T14:02:27.734+0900][10.090s][info][gc          ] GC(91) Concurrent Mark Cycle
[2026-03-26T14:02:27.734+0900][10.090s][info][gc,marking  ] GC(91) Concurrent Scan Root Regions
[2026-03-26T14:02:27.734+0900][10.090s][info][gc,marking  ] GC(91) Concurrent Scan Root Regions 0.076ms
[2026-03-26T14:02:27.734+0900][10.090s][info][gc,marking  ] GC(91) Concurrent Mark
[2026-03-26T14:02:27.734+0900][10.090s][info][gc,marking  ] GC(91) Concurrent Mark From Roots
[2026-03-26T14:02:27.734+0900][10.090s][info][gc,task     ] GC(91) Using 3 workers of 3 for marking
[2026-03-26T14:02:27.736+0900][10.092s][info][gc,marking  ] GC(91) Concurrent Mark From Roots 1.386ms
[2026-03-26T14:02:27.736+0900][10.092s][info][gc,marking  ] GC(91) Concurrent Preclean
[2026-03-26T14:02:27.736+0900][10.092s][info][gc,marking  ] GC(91) Concurrent Preclean 0.017ms
[2026-03-26T14:02:27.736+0900][10.092s][info][gc,start    ] GC(91) Pause Remark
[2026-03-26T14:02:27.737+0900][10.092s][info][gc          ] GC(91) Pause Remark 348M->348M(512M) 0.540ms
[2026-03-26T14:02:27.737+0900][10.092s][info][gc,cpu      ] GC(91) User=0.00s Sys=0.00s Real=0.00s
[2026-03-26T14:02:27.737+0900][10.092s][info][gc,marking  ] GC(91) Concurrent Mark 2.153ms
[2026-03-26T14:02:27.737+0900][10.092s][info][gc,marking  ] GC(91) Concurrent Rebuild Remembered Sets and Scrub Regions
[2026-03-26T14:02:27.737+0900][10.093s][info][gc,marking  ] GC(91) Concurrent Rebuild Remembered Sets and Scrub Regions 0.371ms
[2026-03-26T14:02:27.737+0900][10.093s][info][gc,start    ] GC(91) Pause Cleanup
[2026-03-26T14:02:27.737+0900][10.093s][info][gc          ] GC(91) Pause Cleanup 348M->348M(512M) 0.129ms
[2026-03-26T14:02:27.737+0900][10.093s][info][gc,cpu      ] GC(91) User=0.00s Sys=0.00s Real=0.00s
[2026-03-26T14:02:27.737+0900][10.093s][info][gc,marking  ] GC(91) Concurrent Clear Claimed Marks
[2026-03-26T14:02:27.737+0900][10.093s][info][gc,marking  ] GC(91) Concurrent Clear Claimed Marks 0.021ms
[2026-03-26T14:02:27.737+0900][10.093s][info][gc,marking  ] GC(91) Concurrent Cleanup for Next Mark
[2026-03-26T14:02:27.737+0900][10.093s][info][gc,marking  ] GC(91) Concurrent Cleanup for Next Mark 0.332ms
[2026-03-26T14:02:27.737+0900][10.093s][info][gc          ] GC(91) Concurrent Mark Cycle 3.379ms
[2026-03-26T14:02:27.902+0900][10.258s][info][gc,start    ] GC(92) Pause Young (Concurrent Start) (G1 Humongous Allocation)
[2026-03-26T14:02:27.902+0900][10.258s][info][gc,task     ] GC(92) Using 12 workers of 13 for evacuation
[2026-03-26T14:02:27.902+0900][10.261s][info][gc,phases   ] GC(92)   Pre Evacuate Collection Set: 0.6ms
[2026-03-26T14:02:27.905+0900][10.261s][info][gc,phases   ] GC(92)   Merge Heap Roots: 0.1ms
[2026-03-26T14:02:27.905+0900][10.261s][info][gc,phases   ] GC(92)   Evacuate Collection Set: 0.4ms
[2026-03-26T14:02:27.905+0900][10.261s][info][gc,phases   ] GC(92)   Post Evacuate Collection Set: 0.9ms
[2026-03-26T14:02:27.905+0900][10.261s][info][gc,phases   ] GC(92)   Other: 0.3ms
[2026-03-26T14:02:27.905+0900][10.261s][info][gc,heap     ] GC(92) Eden regions: 50->0(134)
[2026-03-26T14:02:27.905+0900][10.261s][info][gc,heap     ] GC(92) Survivor regions: 1->1(18)
[2026-03-26T14:02:27.905+0900][10.261s][info][gc,heap     ] GC(92) Old regions: 1->1
[2026-03-26T14:02:27.905+0900][10.261s][info][gc,heap     ] GC(92) Humongous regions: 348->348
[2026-03-26T14:02:27.905+0900][10.261s][info][gc,metaspace] GC(92) Metaspace: 312K(512K)->312K(512K) NonClass: 295K(384K)->295K(384K) Class: 17K(128K)->17K(128K)
[2026-03-26T14:02:27.905+0900][10.261s][info][gc          ] GC(92) Pause Young (Concurrent Start) (G1 Humongous Allocation) 398M->348M(512M) 2.864ms
[2026-03-26T14:02:27.905+0900][10.261s][info][gc,cpu      ] GC(92) User=0.00s Sys=0.00s Real=0.00s
[2026-03-26T14:02:27.905+0900][10.261s][info][gc          ] GC(93) Concurrent Mark Cycle
[2026-03-26T14:02:27.905+0900][10.261s][info][gc,marking  ] GC(93) Concurrent Scan Root Regions
[2026-03-26T14:02:27.905+0900][10.261s][info][gc,marking  ] GC(93) Concurrent Scan Root Regions 0.223ms
[2026-03-26T14:02:27.905+0900][10.262s][info][gc,marking  ] GC(93) Concurrent Mark
[2026-03-26T14:02:27.905+0900][10.262s][info][gc,marking  ] GC(93) Concurrent Mark From Roots
[2026-03-26T14:02:27.905+0900][10.262s][info][gc,task     ] GC(93) Using 3 workers of 3 for marking
[2026-03-26T14:02:27.905+0900][10.263s][info][gc,marking  ] GC(93) Concurrent Mark From Roots 1.693ms
[2026-03-26T14:02:27.905+0900][10.263s][info][gc,marking  ] GC(93) Concurrent Preclean
[2026-03-26T14:02:27.905+0900][10.263s][info][gc,marking  ] GC(93) Concurrent Preclean 0.028ms
[2026-03-26T14:02:27.905+0900][10.264s][info][gc,start    ] GC(93) Pause Remark
[2026-03-26T14:02:27.905+0900][10.265s][info][gc          ] GC(93) Pause Remark 354M->354M(512M) 1.628ms
[2026-03-26T14:02:27.905+0900][10.265s][info][gc,cpu      ] GC(93) User=0.00s Sys=0.00s Real=0.00s
[2026-03-26T14:02:27.905+0900][10.265s][info][gc,marking  ] GC(93) Concurrent Mark 3.747ms
[2026-03-26T14:02:27.905+0900][10.265s][info][gc,marking  ] GC(93) Concurrent Rebuild Remembered Sets and Scrub Regions
[2026-03-26T14:02:27.910+0900][10.266s][info][gc,marking  ] GC(93) Concurrent Rebuild Remembered Sets and Scrub Regions 0.924ms
[2026-03-26T14:02:27.910+0900][10.267s][info][gc,start    ] GC(93) Pause Cleanup
[2026-03-26T14:02:27.910+0900][10.267s][info][gc          ] GC(93) Pause Cleanup 354M->354M(512M) 0.291ms
[2026-03-26T14:02:27.910+0900][10.267s][info][gc,cpu      ] GC(93) User=0.00s Sys=0.00s Real=0.00s
[2026-03-26T14:02:27.910+0900][10.267s][info][gc,marking  ] GC(93) Concurrent Clear Claimed Marks
[2026-03-26T14:02:27.910+0900][10.267s][info][gc,marking  ] GC(93) Concurrent Clear Claimed Marks 0.098ms
[2026-03-26T14:02:27.910+0900][10.267s][info][gc,marking  ] GC(93) Concurrent Cleanup for Next Mark
[2026-03-26T14:02:27.910+0900][10.268s][info][gc,marking  ] GC(93) Concurrent Cleanup for Next Mark 0.476ms
[2026-03-26T14:02:27.910+0900][10.268s][info][gc          ] GC(93) Concurrent Mark Cycle 6.533ms
[2026-03-26T14:02:28.070+0900][10.425s][info][gc,start    ] GC(94) Pause Young (Concurrent Start) (G1 Humongous Allocation)
[2026-03-26T14:02:28.070+0900][10.425s][info][gc,task     ] GC(94) Using 12 workers of 13 for evacuation
[2026-03-26T14:02:28.070+0900][10.427s][info][gc,phases   ] GC(94)   Pre Evacuate Collection Set: 0.4ms
[2026-03-26T14:02:28.070+0900][10.427s][info][gc,phases   ] GC(94)   Merge Heap Roots: 0.2ms
[2026-03-26T14:02:28.070+0900][10.427s][info][gc,phases   ] GC(94)   Evacuate Collection Set: 0.2ms
[2026-03-26T14:02:28.070+0900][10.427s][info][gc,phases   ] GC(94)   Post Evacuate Collection Set: 0.6ms
[2026-03-26T14:02:28.070+0900][10.427s][info][gc,phases   ] GC(94)   Other: 0.3ms
[2026-03-26T14:02:28.070+0900][10.427s][info][gc,heap     ] GC(94) Eden regions: 50->0(128)
[2026-03-26T14:02:28.070+0900][10.427s][info][gc,heap     ] GC(94) Survivor regions: 1->1(17)
[2026-03-26T14:02:28.070+0900][10.427s][info][gc,heap     ] GC(94) Old regions: 1->1
[2026-03-26T14:02:28.070+0900][10.427s][info][gc,heap     ] GC(94) Humongous regions: 354->354
[2026-03-26T14:02:28.070+0900][10.427s][info][gc,metaspace] GC(94) Metaspace: 312K(512K)->312K(512K) NonClass: 295K(384K)->295K(384K) Class: 17K(128K)->17K(128K)
[2026-03-26T14:02:28.070+0900][10.427s][info][gc          ] GC(94) Pause Young (Concurrent Start) (G1 Humongous Allocation) 404M->354M(512M) 1.977ms
[2026-03-26T14:02:28.070+0900][10.427s][info][gc,cpu      ] GC(94) User=0.00s Sys=0.00s Real=0.00s
[2026-03-26T14:02:28.070+0900][10.427s][info][gc          ] GC(95) Concurrent Mark Cycle
[2026-03-26T14:02:28.070+0900][10.427s][info][gc,marking  ] GC(95) Concurrent Scan Root Regions
[2026-03-26T14:02:28.070+0900][10.427s][info][gc,marking  ] GC(95) Concurrent Scan Root Regions 0.148ms
[2026-03-26T14:02:28.070+0900][10.427s][info][gc,marking  ] GC(95) Concurrent Mark
[2026-03-26T14:02:28.070+0900][10.427s][info][gc,marking  ] GC(95) Concurrent Mark From Roots
[2026-03-26T14:02:28.070+0900][10.427s][info][gc,task     ] GC(95) Using 3 workers of 3 for marking
[2026-03-26T14:02:28.070+0900][10.428s][info][gc,marking  ] GC(95) Concurrent Mark From Roots 0.950ms
[2026-03-26T14:02:28.070+0900][10.428s][info][gc,marking  ] GC(95) Concurrent Preclean
[2026-03-26T14:02:28.070+0900][10.428s][info][gc,marking  ] GC(95) Concurrent Preclean 0.015ms
[2026-03-26T14:02:28.070+0900][10.428s][info][gc,start    ] GC(95) Pause Remark
[2026-03-26T14:02:28.070+0900][10.430s][info][gc          ] GC(95) Pause Remark 361M->361M(512M) 1.067ms
[2026-03-26T14:02:28.070+0900][10.430s][info][gc,cpu      ] GC(95) User=0.00s Sys=0.00s Real=0.00s
[2026-03-26T14:02:28.070+0900][10.430s][info][gc,marking  ] GC(95) Concurrent Mark 2.366ms
[2026-03-26T14:02:28.070+0900][10.430s][info][gc,marking  ] GC(95) Concurrent Rebuild Remembered Sets and Scrub Regions
[2026-03-26T14:02:28.070+0900][10.430s][info][gc,marking  ] GC(95) Concurrent Rebuild Remembered Sets and Scrub Regions 0.528ms
[2026-03-26T14:02:28.070+0900][10.431s][info][gc,start    ] GC(95) Pause Cleanup
[2026-03-26T14:02:28.070+0900][10.431s][info][gc          ] GC(95) Pause Cleanup 361M->361M(512M) 0.104ms
[2026-03-26T14:02:28.070+0900][10.431s][info][gc,cpu      ] GC(95) User=0.00s Sys=0.00s Real=0.00s
[2026-03-26T14:02:28.070+0900][10.431s][info][gc,marking  ] GC(95) Concurrent Clear Claimed Marks
[2026-03-26T14:02:28.070+0900][10.431s][info][gc,marking  ] GC(95) Concurrent Clear Claimed Marks 0.014ms
[2026-03-26T14:02:28.070+0900][10.431s][info][gc,marking  ] GC(95) Concurrent Cleanup for Next Mark
[2026-03-26T14:02:28.070+0900][10.431s][info][gc,marking  ] GC(95) Concurrent Cleanup for Next Mark 0.432ms
[2026-03-26T14:02:28.070+0900][10.431s][info][gc          ] GC(95) Concurrent Mark Cycle 4.305ms
[2026-03-26T14:02:28.233+0900][10.589s][info][gc,start    ] GC(96) Pause Young (Concurrent Start) (G1 Humongous Allocation)
[2026-03-26T14:02:28.233+0900][10.589s][info][gc,task     ] GC(96) Using 12 workers of 13 for evacuation
[2026-03-26T14:02:28.233+0900][10.589s][info][gc,phases   ] GC(96)   Pre Evacuate Collection Set: 0.2ms
[2026-03-26T14:02:28.233+0900][10.589s][info][gc,phases   ] GC(96)   Merge Heap Roots: 0.0ms
[2026-03-26T14:02:28.233+0900][10.589s][info][gc,phases   ] GC(96)   Evacuate Collection Set: 0.2ms
[2026-03-26T14:02:28.233+0900][10.589s][info][gc,phases   ] GC(96)   Post Evacuate Collection Set: 0.2ms
[2026-03-26T14:02:28.233+0900][10.589s][info][gc,phases   ] GC(96)   Other: 0.1ms
[2026-03-26T14:02:28.233+0900][10.589s][info][gc,heap     ] GC(96) Eden regions: 50->0(122)
[2026-03-26T14:02:28.233+0900][10.589s][info][gc,heap     ] GC(96) Survivor regions: 1->1(17)
[2026-03-26T14:02:28.233+0900][10.589s][info][gc,heap     ] GC(96) Old regions: 1->1
[2026-03-26T14:02:28.233+0900][10.589s][info][gc,heap     ] GC(96) Humongous regions: 360->360
[2026-03-26T14:02:28.233+0900][10.589s][info][gc,metaspace] GC(96) Metaspace: 312K(512K)->312K(512K) NonClass: 295K(384K)->295K(384K) Class: 17K(128K)->17K(128K)
[2026-03-26T14:02:28.233+0900][10.590s][info][gc          ] GC(96) Pause Young (Concurrent Start) (G1 Humongous Allocation) 410M->360M(512M) 0.856ms
[2026-03-26T14:02:28.233+0900][10.590s][info][gc,cpu      ] GC(96) User=0.00s Sys=0.00s Real=0.00s
[2026-03-26T14:02:28.233+0900][10.590s][info][gc          ] GC(97) Concurrent Mark Cycle
[2026-03-26T14:02:28.233+0900][10.590s][info][gc,marking  ] GC(97) Concurrent Scan Root Regions
[2026-03-26T14:02:28.233+0900][10.590s][info][gc,marking  ] GC(97) Concurrent Scan Root Regions 0.037ms
[2026-03-26T14:02:28.233+0900][10.590s][info][gc,marking  ] GC(97) Concurrent Mark
[2026-03-26T14:02:28.233+0900][10.590s][info][gc,marking  ] GC(97) Concurrent Mark From Roots
[2026-03-26T14:02:28.233+0900][10.590s][info][gc,task     ] GC(97) Using 3 workers of 3 for marking
[2026-03-26T14:02:28.235+0900][10.591s][info][gc,marking  ] GC(97) Concurrent Mark From Roots 0.874ms
[2026-03-26T14:02:28.235+0900][10.591s][info][gc,marking  ] GC(97) Concurrent Preclean
[2026-03-26T14:02:28.235+0900][10.591s][info][gc,marking  ] GC(97) Concurrent Preclean 0.015ms
[2026-03-26T14:02:28.235+0900][10.591s][info][gc,start    ] GC(97) Pause Remark
[2026-03-26T14:02:28.235+0900][10.591s][info][gc          ] GC(97) Pause Remark 366M->366M(512M) 0.452ms
[2026-03-26T14:02:28.235+0900][10.591s][info][gc,cpu      ] GC(97) User=0.00s Sys=0.00s Real=0.00s
[2026-03-26T14:02:28.235+0900][10.591s][info][gc,marking  ] GC(97) Concurrent Mark 1.748ms
[2026-03-26T14:02:28.235+0900][10.591s][info][gc,marking  ] GC(97) Concurrent Rebuild Remembered Sets and Scrub Regions
[2026-03-26T14:02:28.235+0900][10.592s][info][gc,marking  ] GC(97) Concurrent Rebuild Remembered Sets and Scrub Regions 0.372ms
[2026-03-26T14:02:28.235+0900][10.592s][info][gc,start    ] GC(97) Pause Cleanup
[2026-03-26T14:02:28.235+0900][10.592s][info][gc          ] GC(97) Pause Cleanup 366M->366M(512M) 0.081ms
[2026-03-26T14:02:28.235+0900][10.592s][info][gc,cpu      ] GC(97) User=0.00s Sys=0.00s Real=0.00s
[2026-03-26T14:02:28.235+0900][10.592s][info][gc,marking  ] GC(97) Concurrent Clear Claimed Marks
[2026-03-26T14:02:28.237+0900][10.592s][info][gc,marking  ] GC(97) Concurrent Clear Claimed Marks 0.023ms
[2026-03-26T14:02:28.237+0900][10.592s][info][gc,marking  ] GC(97) Concurrent Cleanup for Next Mark
[2026-03-26T14:02:28.237+0900][10.592s][info][gc,marking  ] GC(97) Concurrent Cleanup for Next Mark 0.382ms
[2026-03-26T14:02:28.237+0900][10.592s][info][gc          ] GC(97) Concurrent Mark Cycle 2.848ms
[2026-03-26T14:02:28.398+0900][10.753s][info][gc,start    ] GC(98) Pause Young (Concurrent Start) (G1 Humongous Allocation)
[2026-03-26T14:02:28.398+0900][10.754s][info][gc,task     ] GC(98) Using 12 workers of 13 for evacuation
[2026-03-26T14:02:28.398+0900][10.754s][info][gc,phases   ] GC(98)   Pre Evacuate Collection Set: 0.2ms
[2026-03-26T14:02:28.398+0900][10.754s][info][gc,phases   ] GC(98)   Merge Heap Roots: 0.1ms
[2026-03-26T14:02:28.398+0900][10.754s][info][gc,phases   ] GC(98)   Evacuate Collection Set: 0.2ms
[2026-03-26T14:02:28.398+0900][10.754s][info][gc,phases   ] GC(98)   Post Evacuate Collection Set: 0.1ms
[2026-03-26T14:02:28.398+0900][10.754s][info][gc,phases   ] GC(98)   Other: 0.1ms
[2026-03-26T14:02:28.398+0900][10.754s][info][gc,heap     ] GC(98) Eden regions: 50->0(206)
[2026-03-26T14:02:28.398+0900][10.754s][info][gc,heap     ] GC(98) Survivor regions: 1->1(16)
[2026-03-26T14:02:28.398+0900][10.754s][info][gc,heap     ] GC(98) Old regions: 1->1
[2026-03-26T14:02:28.398+0900][10.754s][info][gc,heap     ] GC(98) Humongous regions: 366->276
[2026-03-26T14:02:28.398+0900][10.754s][info][gc,metaspace] GC(98) Metaspace: 312K(512K)->312K(512K) NonClass: 295K(384K)->295K(384K) Class: 17K(128K)->17K(128K)
[2026-03-26T14:02:28.398+0900][10.754s][info][gc          ] GC(98) Pause Young (Concurrent Start) (G1 Humongous Allocation) 416M->276M(512M) 0.861ms
[2026-03-26T14:02:28.398+0900][10.754s][info][gc,cpu      ] GC(98) User=0.00s Sys=0.00s Real=0.00s
[2026-03-26T14:02:28.398+0900][10.754s][info][gc          ] GC(99) Concurrent Mark Cycle
[2026-03-26T14:02:28.398+0900][10.754s][info][gc,marking  ] GC(99) Concurrent Scan Root Regions
[2026-03-26T14:02:28.398+0900][10.754s][info][gc,marking  ] GC(99) Concurrent Scan Root Regions 0.033ms
[2026-03-26T14:02:28.398+0900][10.754s][info][gc,marking  ] GC(99) Concurrent Mark
[2026-03-26T14:02:28.398+0900][10.754s][info][gc,marking  ] GC(99) Concurrent Mark From Roots
[2026-03-26T14:02:28.398+0900][10.755s][info][gc,task     ] GC(99) Using 3 workers of 3 for marking
[2026-03-26T14:02:28.400+0900][10.755s][info][gc,marking  ] GC(99) Concurrent Mark From Roots 0.868ms
[2026-03-26T14:02:28.400+0900][10.755s][info][gc,marking  ] GC(99) Concurrent Preclean
[2026-03-26T14:02:28.400+0900][10.755s][info][gc,marking  ] GC(99) Concurrent Preclean 0.016ms
[2026-03-26T14:02:28.400+0900][10.756s][info][gc,start    ] GC(99) Pause Remark
[2026-03-26T14:02:28.400+0900][10.757s][info][gc          ] GC(99) Pause Remark 282M->282M(512M) 0.413ms
[2026-03-26T14:02:28.400+0900][10.757s][info][gc,cpu      ] GC(99) User=0.00s Sys=0.00s Real=0.00s
[2026-03-26T14:02:28.400+0900][10.757s][info][gc,marking  ] GC(99) Concurrent Mark 2.240ms
[2026-03-26T14:02:28.400+0900][10.757s][info][gc,marking  ] GC(99) Concurrent Rebuild Remembered Sets and Scrub Regions
[2026-03-26T14:02:28.402+0900][10.757s][info][gc,marking  ] GC(99) Concurrent Rebuild Remembered Sets and Scrub Regions 0.356ms
[2026-03-26T14:02:28.402+0900][10.757s][info][gc,start    ] GC(99) Pause Cleanup
[2026-03-26T14:02:28.402+0900][10.757s][info][gc          ] GC(99) Pause Cleanup 282M->282M(512M) 0.088ms
[2026-03-26T14:02:28.402+0900][10.757s][info][gc,cpu      ] GC(99) User=0.00s Sys=0.00s Real=0.00s
[2026-03-26T14:02:28.402+0900][10.757s][info][gc,marking  ] GC(99) Concurrent Clear Claimed Marks
[2026-03-26T14:02:28.402+0900][10.757s][info][gc,marking  ] GC(99) Concurrent Clear Claimed Marks 0.026ms
[2026-03-26T14:02:28.402+0900][10.757s][info][gc,marking  ] GC(99) Concurrent Cleanup for Next Mark
[2026-03-26T14:02:28.402+0900][10.758s][info][gc,marking  ] GC(99) Concurrent Cleanup for Next Mark 0.359ms
[2026-03-26T14:02:28.402+0900][10.758s][info][gc          ] GC(99) Concurrent Mark Cycle 3.332ms
[2026-03-26T14:02:28.574+0900][10.931s][info][gc,start    ] GC(100) Pause Young (Concurrent Start) (G1 Humongous Allocation)
[2026-03-26T14:02:28.574+0900][10.931s][info][gc,task     ] GC(100) Using 12 workers of 13 for evacuation
[2026-03-26T14:02:28.577+0900][10.933s][info][gc,phases   ] GC(100)   Pre Evacuate Collection Set: 0.3ms
[2026-03-26T14:02:28.577+0900][10.933s][info][gc,phases   ] GC(100)   Merge Heap Roots: 0.2ms
[2026-03-26T14:02:28.577+0900][10.933s][info][gc,phases   ] GC(100)   Evacuate Collection Set: 0.5ms
[2026-03-26T14:02:28.577+0900][10.933s][info][gc,phases   ] GC(100)   Post Evacuate Collection Set: 0.5ms
[2026-03-26T14:02:28.577+0900][10.933s][info][gc,phases   ] GC(100)   Other: 0.1ms
[2026-03-26T14:02:28.577+0900][10.933s][info][gc,heap     ] GC(100) Eden regions: 50->0(200)
[2026-03-26T14:02:28.577+0900][10.933s][info][gc,heap     ] GC(100) Survivor regions: 1->1(26)
[2026-03-26T14:02:28.577+0900][10.933s][info][gc,heap     ] GC(100) Old regions: 1->1
[2026-03-26T14:02:28.577+0900][10.933s][info][gc,heap     ] GC(100) Humongous regions: 282->282
[2026-03-26T14:02:28.577+0900][10.933s][info][gc,metaspace] GC(100) Metaspace: 312K(512K)->312K(512K) NonClass: 295K(384K)->295K(384K) Class: 17K(128K)->17K(128K)
[2026-03-26T14:02:28.577+0900][10.933s][info][gc          ] GC(100) Pause Young (Concurrent Start) (G1 Humongous Allocation) 332M->282M(512M) 2.283ms
[2026-03-26T14:02:28.577+0900][10.933s][info][gc,cpu      ] GC(100) User=0.00s Sys=0.00s Real=0.00s
[2026-03-26T14:02:28.577+0900][10.933s][info][gc          ] GC(101) Concurrent Mark Cycle
[2026-03-26T14:02:28.577+0900][10.933s][info][gc,marking  ] GC(101) Concurrent Scan Root Regions
[2026-03-26T14:02:28.578+0900][10.933s][info][gc,marking  ] GC(101) Concurrent Scan Root Regions 0.069ms
[2026-03-26T14:02:28.578+0900][10.934s][info][gc,marking  ] GC(101) Concurrent Mark
[2026-03-26T14:02:28.578+0900][10.934s][info][gc,marking  ] GC(101) Concurrent Mark From Roots
[2026-03-26T14:02:28.578+0900][10.934s][info][gc,task     ] GC(101) Using 3 workers of 3 for marking
[2026-03-26T14:02:28.578+0900][10.935s][info][gc,marking  ] GC(101) Concurrent Mark From Roots 1.767ms
[2026-03-26T14:02:28.578+0900][10.935s][info][gc,marking  ] GC(101) Concurrent Preclean
[2026-03-26T14:02:28.578+0900][10.935s][info][gc,marking  ] GC(101) Concurrent Preclean 0.034ms
[2026-03-26T14:02:28.578+0900][10.936s][info][gc,start    ] GC(101) Pause Remark
[2026-03-26T14:02:28.578+0900][10.937s][info][gc          ] GC(101) Pause Remark 288M->288M(512M) 1.189ms
[2026-03-26T14:02:28.578+0900][10.937s][info][gc,cpu      ] GC(101) User=0.00s Sys=0.00s Real=0.00s
[2026-03-26T14:02:28.578+0900][10.938s][info][gc,marking  ] GC(101) Concurrent Mark 3.990ms
[2026-03-26T14:02:28.578+0900][10.938s][info][gc,marking  ] GC(101) Concurrent Rebuild Remembered Sets and Scrub Regions
[2026-03-26T14:02:28.578+0900][10.938s][info][gc,marking  ] GC(101) Concurrent Rebuild Remembered Sets and Scrub Regions 0.781ms
[2026-03-26T14:02:28.578+0900][10.938s][info][gc,start    ] GC(101) Pause Cleanup
[2026-03-26T14:02:28.578+0900][10.939s][info][gc          ] GC(101) Pause Cleanup 288M->288M(512M) 0.256ms
[2026-03-26T14:02:28.578+0900][10.939s][info][gc,cpu      ] GC(101) User=0.00s Sys=0.00s Real=0.00s
[2026-03-26T14:02:28.578+0900][10.939s][info][gc,marking  ] GC(101) Concurrent Clear Claimed Marks
[2026-03-26T14:02:28.578+0900][10.939s][info][gc,marking  ] GC(101) Concurrent Clear Claimed Marks 0.043ms
[2026-03-26T14:02:28.578+0900][10.939s][info][gc,marking  ] GC(101) Concurrent Cleanup for Next Mark
[2026-03-26T14:02:28.578+0900][10.940s][info][gc,marking  ] GC(101) Concurrent Cleanup for Next Mark 0.583ms
[2026-03-26T14:02:28.578+0900][10.940s][info][gc          ] GC(101) Concurrent Mark Cycle 6.244ms
[2026-03-26T14:02:28.751+0900][11.108s][info][gc,start    ] GC(102) Pause Young (Concurrent Start) (G1 Humongous Allocation)
[2026-03-26T14:02:28.751+0900][11.108s][info][gc,task     ] GC(102) Using 12 workers of 13 for evacuation
[2026-03-26T14:02:28.751+0900][11.110s][info][gc,phases   ] GC(102)   Pre Evacuate Collection Set: 0.5ms
[2026-03-26T14:02:28.751+0900][11.110s][info][gc,phases   ] GC(102)   Merge Heap Roots: 0.2ms
[2026-03-26T14:02:28.751+0900][11.110s][info][gc,phases   ] GC(102)   Evacuate Collection Set: 0.3ms
[2026-03-26T14:02:28.751+0900][11.110s][info][gc,phases   ] GC(102)   Post Evacuate Collection Set: 0.8ms
[2026-03-26T14:02:28.751+0900][11.110s][info][gc,phases   ] GC(102)   Other: 0.4ms
[2026-03-26T14:02:28.751+0900][11.110s][info][gc,heap     ] GC(102) Eden regions: 50->0(194)
[2026-03-26T14:02:28.751+0900][11.110s][info][gc,heap     ] GC(102) Survivor regions: 1->1(26)
[2026-03-26T14:02:28.751+0900][11.110s][info][gc,heap     ] GC(102) Old regions: 1->1
[2026-03-26T14:02:28.751+0900][11.110s][info][gc,heap     ] GC(102) Humongous regions: 288->288
[2026-03-26T14:02:28.751+0900][11.110s][info][gc,metaspace] GC(102) Metaspace: 312K(512K)->312K(512K) NonClass: 295K(384K)->295K(384K) Class: 17K(128K)->17K(128K)
[2026-03-26T14:02:28.751+0900][11.110s][info][gc          ] GC(102) Pause Young (Concurrent Start) (G1 Humongous Allocation) 338M->288M(512M) 2.787ms
[2026-03-26T14:02:28.751+0900][11.111s][info][gc,cpu      ] GC(102) User=0.00s Sys=0.00s Real=0.00s
[2026-03-26T14:02:28.751+0900][11.111s][info][gc          ] GC(103) Concurrent Mark Cycle
[2026-03-26T14:02:28.751+0900][11.111s][info][gc,marking  ] GC(103) Concurrent Scan Root Regions
[2026-03-26T14:02:28.751+0900][11.111s][info][gc,marking  ] GC(103) Concurrent Scan Root Regions 0.237ms
[2026-03-26T14:02:28.751+0900][11.111s][info][gc,marking  ] GC(103) Concurrent Mark
[2026-03-26T14:02:28.751+0900][11.111s][info][gc,marking  ] GC(103) Concurrent Mark From Roots
[2026-03-26T14:02:28.751+0900][11.111s][info][gc,task     ] GC(103) Using 3 workers of 3 for marking
[2026-03-26T14:02:28.757+0900][11.113s][info][gc,marking  ] GC(103) Concurrent Mark From Roots 1.804ms
[2026-03-26T14:02:28.757+0900][11.113s][info][gc,marking  ] GC(103) Concurrent Preclean
[2026-03-26T14:02:28.757+0900][11.113s][info][gc,marking  ] GC(103) Concurrent Preclean 0.034ms
[2026-03-26T14:02:28.757+0900][11.113s][info][gc,start    ] GC(103) Pause Remark
[2026-03-26T14:02:28.757+0900][11.115s][info][gc          ] GC(103) Pause Remark 294M->294M(512M) 1.596ms
[2026-03-26T14:02:28.757+0900][11.115s][info][gc,cpu      ] GC(103) User=0.00s Sys=0.00s Real=0.00s
[2026-03-26T14:02:28.757+0900][11.115s][info][gc,marking  ] GC(103) Concurrent Mark 3.948ms
[2026-03-26T14:02:28.757+0900][11.115s][info][gc,marking  ] GC(103) Concurrent Rebuild Remembered Sets and Scrub Regions
[2026-03-26T14:02:28.757+0900][11.116s][info][gc,marking  ] GC(103) Concurrent Rebuild Remembered Sets and Scrub Regions 0.885ms
[2026-03-26T14:02:28.757+0900][11.116s][info][gc,start    ] GC(103) Pause Cleanup
[2026-03-26T14:02:28.757+0900][11.117s][info][gc          ] GC(103) Pause Cleanup 294M->294M(512M) 0.378ms
[2026-03-26T14:02:28.757+0900][11.117s][info][gc,cpu      ] GC(103) User=0.00s Sys=0.00s Real=0.00s
[2026-03-26T14:02:28.757+0900][11.117s][info][gc,marking  ] GC(103) Concurrent Clear Claimed Marks
[2026-03-26T14:02:28.757+0900][11.117s][info][gc,marking  ] GC(103) Concurrent Clear Claimed Marks 0.098ms
[2026-03-26T14:02:28.757+0900][11.117s][info][gc,marking  ] GC(103) Concurrent Cleanup for Next Mark
[2026-03-26T14:02:28.757+0900][11.118s][info][gc,marking  ] GC(103) Concurrent Cleanup for Next Mark 0.504ms
[2026-03-26T14:02:28.757+0900][11.118s][info][gc          ] GC(103) Concurrent Mark Cycle 7.016ms
[2026-03-26T14:02:28.923+0900][11.280s][info][gc,start    ] GC(104) Pause Young (Concurrent Start) (G1 Humongous Allocation)
[2026-03-26T14:02:28.923+0900][11.281s][info][gc,task     ] GC(104) Using 12 workers of 13 for evacuation
[2026-03-26T14:02:28.923+0900][11.283s][info][gc,phases   ] GC(104)   Pre Evacuate Collection Set: 0.3ms
[2026-03-26T14:02:28.923+0900][11.283s][info][gc,phases   ] GC(104)   Merge Heap Roots: 0.2ms
[2026-03-26T14:02:28.923+0900][11.283s][info][gc,phases   ] GC(104)   Evacuate Collection Set: 0.4ms
[2026-03-26T14:02:28.923+0900][11.283s][info][gc,phases   ] GC(104)   Post Evacuate Collection Set: 0.5ms
[2026-03-26T14:02:28.923+0900][11.283s][info][gc,phases   ] GC(104)   Other: 0.5ms
[2026-03-26T14:02:28.923+0900][11.283s][info][gc,heap     ] GC(104) Eden regions: 50->0(188)
[2026-03-26T14:02:28.923+0900][11.283s][info][gc,heap     ] GC(104) Survivor regions: 1->1(25)
[2026-03-26T14:02:28.923+0900][11.283s][info][gc,heap     ] GC(104) Old regions: 1->1
[2026-03-26T14:02:28.923+0900][11.283s][info][gc,heap     ] GC(104) Humongous regions: 294->294
[2026-03-26T14:02:28.923+0900][11.283s][info][gc,metaspace] GC(104) Metaspace: 312K(512K)->312K(512K) NonClass: 295K(384K)->295K(384K) Class: 17K(128K)->17K(128K)
[2026-03-26T14:02:28.923+0900][11.283s][info][gc          ] GC(104) Pause Young (Concurrent Start) (G1 Humongous Allocation) 344M->294M(512M) 2.938ms
[2026-03-26T14:02:28.923+0900][11.283s][info][gc,cpu      ] GC(104) User=0.00s Sys=0.00s Real=0.00s
[2026-03-26T14:02:28.923+0900][11.283s][info][gc          ] GC(105) Concurrent Mark Cycle
[2026-03-26T14:02:28.923+0900][11.283s][info][gc,marking  ] GC(105) Concurrent Scan Root Regions
[2026-03-26T14:02:28.923+0900][11.283s][info][gc,marking  ] GC(105) Concurrent Scan Root Regions 0.093ms
[2026-03-26T14:02:28.923+0900][11.283s][info][gc,marking  ] GC(105) Concurrent Mark
[2026-03-26T14:02:28.923+0900][11.284s][info][gc,marking  ] GC(105) Concurrent Mark From Roots
[2026-03-26T14:02:28.923+0900][11.284s][info][gc,task     ] GC(105) Using 3 workers of 3 for marking
[2026-03-26T14:02:28.929+0900][11.285s][info][gc,marking  ] GC(105) Concurrent Mark From Roots 1.718ms
[2026-03-26T14:02:28.929+0900][11.285s][info][gc,marking  ] GC(105) Concurrent Preclean
[2026-03-26T14:02:28.929+0900][11.285s][info][gc,marking  ] GC(105) Concurrent Preclean 0.029ms
[2026-03-26T14:02:28.929+0900][11.285s][info][gc,start    ] GC(105) Pause Remark
[2026-03-26T14:02:28.929+0900][11.287s][info][gc          ] GC(105) Pause Remark 300M->300M(512M) 1.281ms
[2026-03-26T14:02:28.929+0900][11.287s][info][gc,cpu      ] GC(105) User=0.00s Sys=0.00s Real=0.00s
[2026-03-26T14:02:28.929+0900][11.287s][info][gc,marking  ] GC(105) Concurrent Mark 3.420ms
[2026-03-26T14:02:28.929+0900][11.287s][info][gc,marking  ] GC(105) Concurrent Rebuild Remembered Sets and Scrub Regions
[2026-03-26T14:02:28.929+0900][11.288s][info][gc,marking  ] GC(105) Concurrent Rebuild Remembered Sets and Scrub Regions 0.921ms
[2026-03-26T14:02:28.929+0900][11.288s][info][gc,start    ] GC(105) Pause Cleanup
[2026-03-26T14:02:28.929+0900][11.288s][info][gc          ] GC(105) Pause Cleanup 300M->300M(512M) 0.132ms
[2026-03-26T14:02:28.929+0900][11.288s][info][gc,cpu      ] GC(105) User=0.00s Sys=0.00s Real=0.00s
[2026-03-26T14:02:28.929+0900][11.288s][info][gc,marking  ] GC(105) Concurrent Clear Claimed Marks
[2026-03-26T14:02:28.929+0900][11.288s][info][gc,marking  ] GC(105) Concurrent Clear Claimed Marks 0.026ms
[2026-03-26T14:02:28.929+0900][11.288s][info][gc,marking  ] GC(105) Concurrent Cleanup for Next Mark
[2026-03-26T14:02:28.933+0900][11.289s][info][gc,marking  ] GC(105) Concurrent Cleanup for Next Mark 0.544ms
[2026-03-26T14:02:28.933+0900][11.289s][info][gc          ] GC(105) Concurrent Mark Cycle 5.658ms
[2026-03-26T14:02:29.082+0900][11.438s][info][gc,start    ] GC(106) Pause Young (Concurrent Start) (G1 Humongous Allocation)
[2026-03-26T14:02:29.082+0900][11.438s][info][gc,task     ] GC(106) Using 12 workers of 13 for evacuation
[2026-03-26T14:02:29.082+0900][11.439s][info][gc,phases   ] GC(106)   Pre Evacuate Collection Set: 0.2ms
[2026-03-26T14:02:29.082+0900][11.439s][info][gc,phases   ] GC(106)   Merge Heap Roots: 0.0ms
[2026-03-26T14:02:29.082+0900][11.439s][info][gc,phases   ] GC(106)   Evacuate Collection Set: 0.1ms
[2026-03-26T14:02:29.082+0900][11.439s][info][gc,phases   ] GC(106)   Post Evacuate Collection Set: 0.2ms
[2026-03-26T14:02:29.082+0900][11.439s][info][gc,phases   ] GC(106)   Other: 0.1ms
[2026-03-26T14:02:29.082+0900][11.439s][info][gc,heap     ] GC(106) Eden regions: 50->0(184)
[2026-03-26T14:02:29.082+0900][11.439s][info][gc,heap     ] GC(106) Survivor regions: 1->0(24)
[2026-03-26T14:02:29.082+0900][11.439s][info][gc,heap     ] GC(106) Old regions: 1->1
[2026-03-26T14:02:29.082+0900][11.439s][info][gc,heap     ] GC(106) Humongous regions: 300->300
[2026-03-26T14:02:29.082+0900][11.439s][info][gc,metaspace] GC(106) Metaspace: 312K(512K)->312K(512K) NonClass: 295K(384K)->295K(384K) Class: 17K(128K)->17K(128K)
[2026-03-26T14:02:29.082+0900][11.439s][info][gc          ] GC(106) Pause Young (Concurrent Start) (G1 Humongous Allocation) 350M->300M(512M) 0.822ms
[2026-03-26T14:02:29.082+0900][11.439s][info][gc,cpu      ] GC(106) User=0.00s Sys=0.00s Real=0.00s
[2026-03-26T14:02:29.082+0900][11.439s][info][gc          ] GC(107) Concurrent Mark Cycle
[2026-03-26T14:02:29.082+0900][11.439s][info][gc,marking  ] GC(107) Concurrent Scan Root Regions
[2026-03-26T14:02:29.082+0900][11.439s][info][gc,marking  ] GC(107) Concurrent Scan Root Regions 0.052ms
[2026-03-26T14:02:29.082+0900][11.439s][info][gc,marking  ] GC(107) Concurrent Mark
[2026-03-26T14:02:29.082+0900][11.439s][info][gc,marking  ] GC(107) Concurrent Mark From Roots
[2026-03-26T14:02:29.082+0900][11.439s][info][gc,task     ] GC(107) Using 3 workers of 3 for marking
[2026-03-26T14:02:29.085+0900][11.440s][info][gc,marking  ] GC(107) Concurrent Mark From Roots 0.862ms
[2026-03-26T14:02:29.085+0900][11.440s][info][gc,marking  ] GC(107) Concurrent Preclean
[2026-03-26T14:02:29.085+0900][11.440s][info][gc,marking  ] GC(107) Concurrent Preclean 0.017ms
[2026-03-26T14:02:29.085+0900][11.440s][info][gc,start    ] GC(107) Pause Remark
[2026-03-26T14:02:29.085+0900][11.441s][info][gc          ] GC(107) Pause Remark 306M->306M(512M) 0.469ms
[2026-03-26T14:02:29.085+0900][11.441s][info][gc,cpu      ] GC(107) User=0.00s Sys=0.00s Real=0.00s
[2026-03-26T14:02:29.085+0900][11.441s][info][gc,marking  ] GC(107) Concurrent Mark 1.523ms
[2026-03-26T14:02:29.085+0900][11.441s][info][gc,marking  ] GC(107) Concurrent Rebuild Remembered Sets and Scrub Regions
[2026-03-26T14:02:29.085+0900][11.441s][info][gc,marking  ] GC(107) Concurrent Rebuild Remembered Sets and Scrub Regions 0.480ms
[2026-03-26T14:02:29.085+0900][11.441s][info][gc,start    ] GC(107) Pause Cleanup
[2026-03-26T14:02:29.085+0900][11.442s][info][gc          ] GC(107) Pause Cleanup 306M->306M(512M) 0.125ms
[2026-03-26T14:02:29.085+0900][11.442s][info][gc,cpu      ] GC(107) User=0.00s Sys=0.00s Real=0.00s
[2026-03-26T14:02:29.085+0900][11.442s][info][gc,marking  ] GC(107) Concurrent Clear Claimed Marks
[2026-03-26T14:02:29.085+0900][11.442s][info][gc,marking  ] GC(107) Concurrent Clear Claimed Marks 0.014ms
[2026-03-26T14:02:29.085+0900][11.442s][info][gc,marking  ] GC(107) Concurrent Cleanup for Next Mark
[2026-03-26T14:02:29.085+0900][11.442s][info][gc,marking  ] GC(107) Concurrent Cleanup for Next Mark 0.363ms
[2026-03-26T14:02:29.085+0900][11.442s][info][gc          ] GC(107) Concurrent Mark Cycle 2.885ms
[2026-03-26T14:02:29.241+0900][11.598s][info][gc,start    ] GC(108) Pause Young (Concurrent Start) (G1 Humongous Allocation)
[2026-03-26T14:02:29.241+0900][11.598s][info][gc,task     ] GC(108) Using 12 workers of 13 for evacuation
[2026-03-26T14:02:29.241+0900][11.600s][info][gc,phases   ] GC(108)   Pre Evacuate Collection Set: 0.4ms
[2026-03-26T14:02:29.241+0900][11.600s][info][gc,phases   ] GC(108)   Merge Heap Roots: 0.2ms
[2026-03-26T14:02:29.241+0900][11.600s][info][gc,phases   ] GC(108)   Evacuate Collection Set: 0.4ms
[2026-03-26T14:02:29.241+0900][11.600s][info][gc,phases   ] GC(108)   Post Evacuate Collection Set: 0.9ms
[2026-03-26T14:02:29.241+0900][11.600s][info][gc,phases   ] GC(108)   Other: 0.3ms
[2026-03-26T14:02:29.241+0900][11.600s][info][gc,heap     ] GC(108) Eden regions: 50->0(178)
[2026-03-26T14:02:29.241+0900][11.600s][info][gc,heap     ] GC(108) Survivor regions: 0->0(23)
[2026-03-26T14:02:29.241+0900][11.600s][info][gc,heap     ] GC(108) Old regions: 1->1
[2026-03-26T14:02:29.241+0900][11.600s][info][gc,heap     ] GC(108) Humongous regions: 306->306
[2026-03-26T14:02:29.241+0900][11.600s][info][gc,metaspace] GC(108) Metaspace: 312K(512K)->312K(512K) NonClass: 295K(384K)->295K(384K) Class: 17K(128K)->17K(128K)
[2026-03-26T14:02:29.241+0900][11.600s][info][gc          ] GC(108) Pause Young (Concurrent Start) (G1 Humongous Allocation) 356M->306M(512M) 2.779ms
[2026-03-26T14:02:29.241+0900][11.600s][info][gc,cpu      ] GC(108) User=0.00s Sys=0.00s Real=0.00s
[2026-03-26T14:02:29.241+0900][11.600s][info][gc          ] GC(109) Concurrent Mark Cycle
[2026-03-26T14:02:29.241+0900][11.601s][info][gc,marking  ] GC(109) Concurrent Scan Root Regions
[2026-03-26T14:02:29.241+0900][11.601s][info][gc,marking  ] GC(109) Concurrent Scan Root Regions 0.032ms
[2026-03-26T14:02:29.241+0900][11.601s][info][gc,marking  ] GC(109) Concurrent Mark
[2026-03-26T14:02:29.241+0900][11.601s][info][gc,marking  ] GC(109) Concurrent Mark From Roots
[2026-03-26T14:02:29.241+0900][11.601s][info][gc,task     ] GC(109) Using 3 workers of 3 for marking
[2026-03-26T14:02:29.246+0900][11.603s][info][gc,marking  ] GC(109) Concurrent Mark From Roots 1.966ms
[2026-03-26T14:02:29.246+0900][11.603s][info][gc,marking  ] GC(109) Concurrent Preclean
[2026-03-26T14:02:29.246+0900][11.603s][info][gc,marking  ] GC(109) Concurrent Preclean 0.031ms
[2026-03-26T14:02:29.246+0900][11.603s][info][gc,start    ] GC(109) Pause Remark
[2026-03-26T14:02:29.246+0900][11.604s][info][gc          ] GC(109) Pause Remark 312M->312M(512M) 1.429ms
[2026-03-26T14:02:29.246+0900][11.604s][info][gc,cpu      ] GC(109) User=0.00s Sys=0.00s Real=0.00s
[2026-03-26T14:02:29.246+0900][11.605s][info][gc,marking  ] GC(109) Concurrent Mark 3.863ms
[2026-03-26T14:02:29.246+0900][11.605s][info][gc,marking  ] GC(109) Concurrent Rebuild Remembered Sets and Scrub Regions
[2026-03-26T14:02:29.246+0900][11.605s][info][gc,marking  ] GC(109) Concurrent Rebuild Remembered Sets and Scrub Regions 0.865ms
[2026-03-26T14:02:29.246+0900][11.606s][info][gc,start    ] GC(109) Pause Cleanup
[2026-03-26T14:02:29.246+0900][11.606s][info][gc          ] GC(109) Pause Cleanup 312M->312M(512M) 0.371ms
[2026-03-26T14:02:29.246+0900][11.606s][info][gc,cpu      ] GC(109) User=0.00s Sys=0.00s Real=0.00s
[2026-03-26T14:02:29.246+0900][11.606s][info][gc,marking  ] GC(109) Concurrent Clear Claimed Marks
[2026-03-26T14:02:29.246+0900][11.606s][info][gc,marking  ] GC(109) Concurrent Clear Claimed Marks 0.091ms
[2026-03-26T14:02:29.246+0900][11.606s][info][gc,marking  ] GC(109) Concurrent Cleanup for Next Mark
[2026-03-26T14:02:29.246+0900][11.607s][info][gc,marking  ] GC(109) Concurrent Cleanup for Next Mark 0.477ms
[2026-03-26T14:02:29.246+0900][11.607s][info][gc          ] GC(109) Concurrent Mark Cycle 6.499ms
[2026-03-26T14:02:29.402+0900][11.759s][info][gc,start    ] GC(110) Pause Young (Concurrent Start) (G1 Humongous Allocation)
[2026-03-26T14:02:29.402+0900][11.759s][info][gc,task     ] GC(110) Using 12 workers of 13 for evacuation
[2026-03-26T14:02:29.402+0900][11.762s][info][gc,phases   ] GC(110)   Pre Evacuate Collection Set: 0.5ms
[2026-03-26T14:02:29.402+0900][11.762s][info][gc,phases   ] GC(110)   Merge Heap Roots: 0.2ms
[2026-03-26T14:02:29.402+0900][11.762s][info][gc,phases   ] GC(110)   Evacuate Collection Set: 0.4ms
[2026-03-26T14:02:29.402+0900][11.762s][info][gc,phases   ] GC(110)   Post Evacuate Collection Set: 0.7ms
[2026-03-26T14:02:29.402+0900][11.762s][info][gc,phases   ] GC(110)   Other: 0.3ms
[2026-03-26T14:02:29.402+0900][11.762s][info][gc,heap     ] GC(110) Eden regions: 50->0(172)
[2026-03-26T14:02:29.402+0900][11.762s][info][gc,heap     ] GC(110) Survivor regions: 0->0(23)
[2026-03-26T14:02:29.402+0900][11.762s][info][gc,heap     ] GC(110) Old regions: 1->1
[2026-03-26T14:02:29.402+0900][11.762s][info][gc,heap     ] GC(110) Humongous regions: 312->312
[2026-03-26T14:02:29.402+0900][11.762s][info][gc,metaspace] GC(110) Metaspace: 312K(512K)->312K(512K) NonClass: 295K(384K)->295K(384K) Class: 17K(128K)->17K(128K)
[2026-03-26T14:02:29.402+0900][11.762s][info][gc          ] GC(110) Pause Young (Concurrent Start) (G1 Humongous Allocation) 362M->312M(512M) 2.694ms
[2026-03-26T14:02:29.402+0900][11.762s][info][gc,cpu      ] GC(110) User=0.00s Sys=0.00s Real=0.00s
[2026-03-26T14:02:29.402+0900][11.762s][info][gc          ] GC(111) Concurrent Mark Cycle
[2026-03-26T14:02:29.402+0900][11.762s][info][gc,marking  ] GC(111) Concurrent Scan Root Regions
[2026-03-26T14:02:29.402+0900][11.762s][info][gc,marking  ] GC(111) Concurrent Scan Root Regions 0.033ms
[2026-03-26T14:02:29.402+0900][11.762s][info][gc,marking  ] GC(111) Concurrent Mark
[2026-03-26T14:02:29.402+0900][11.762s][info][gc,marking  ] GC(111) Concurrent Mark From Roots
[2026-03-26T14:02:29.402+0900][11.762s][info][gc,task     ] GC(111) Using 3 workers of 3 for marking
[2026-03-26T14:02:29.408+0900][11.765s][info][gc,marking  ] GC(111) Concurrent Mark From Roots 2.597ms
[2026-03-26T14:02:29.408+0900][11.765s][info][gc,marking  ] GC(111) Concurrent Preclean
[2026-03-26T14:02:29.408+0900][11.765s][info][gc,marking  ] GC(111) Concurrent Preclean 0.033ms
[2026-03-26T14:02:29.408+0900][11.765s][info][gc,start    ] GC(111) Pause Remark
[2026-03-26T14:02:29.410+0900][11.766s][info][gc          ] GC(111) Pause Remark 318M->318M(512M) 1.277ms
[2026-03-26T14:02:29.410+0900][11.767s][info][gc,cpu      ] GC(111) User=0.00s Sys=0.00s Real=0.00s
[2026-03-26T14:02:29.410+0900][11.767s][info][gc,marking  ] GC(111) Concurrent Mark 4.361ms
[2026-03-26T14:02:29.410+0900][11.767s][info][gc,marking  ] GC(111) Concurrent Rebuild Remembered Sets and Scrub Regions
[2026-03-26T14:02:29.410+0900][11.768s][info][gc,marking  ] GC(111) Concurrent Rebuild Remembered Sets and Scrub Regions 1.000ms
[2026-03-26T14:02:29.410+0900][11.768s][info][gc,start    ] GC(111) Pause Cleanup
[2026-03-26T14:02:29.410+0900][11.768s][info][gc          ] GC(111) Pause Cleanup 318M->318M(512M) 0.259ms
[2026-03-26T14:02:29.410+0900][11.768s][info][gc,cpu      ] GC(111) User=0.00s Sys=0.00s Real=0.00s
[2026-03-26T14:02:29.410+0900][11.769s][info][gc,marking  ] GC(111) Concurrent Clear Claimed Marks
[2026-03-26T14:02:29.410+0900][11.769s][info][gc,marking  ] GC(111) Concurrent Clear Claimed Marks 0.115ms
[2026-03-26T14:02:29.410+0900][11.769s][info][gc,marking  ] GC(111) Concurrent Cleanup for Next Mark
[2026-03-26T14:02:29.410+0900][11.769s][info][gc,marking  ] GC(111) Concurrent Cleanup for Next Mark 0.721ms
[2026-03-26T14:02:29.410+0900][11.769s][info][gc          ] GC(111) Concurrent Mark Cycle 7.303ms
[2026-03-26T14:02:29.561+0900][11.917s][info][gc,start    ] GC(112) Pause Young (Concurrent Start) (G1 Humongous Allocation)
[2026-03-26T14:02:29.561+0900][11.917s][info][gc,task     ] GC(112) Using 12 workers of 13 for evacuation
[2026-03-26T14:02:29.561+0900][11.919s][info][gc,phases   ] GC(112)   Pre Evacuate Collection Set: 0.7ms
[2026-03-26T14:02:29.561+0900][11.919s][info][gc,phases   ] GC(112)   Merge Heap Roots: 0.1ms
[2026-03-26T14:02:29.561+0900][11.919s][info][gc,phases   ] GC(112)   Evacuate Collection Set: 0.4ms
[2026-03-26T14:02:29.561+0900][11.919s][info][gc,phases   ] GC(112)   Post Evacuate Collection Set: 0.6ms
[2026-03-26T14:02:29.561+0900][11.919s][info][gc,phases   ] GC(112)   Other: 0.1ms
[2026-03-26T14:02:29.561+0900][11.919s][info][gc,heap     ] GC(112) Eden regions: 50->0(166)
[2026-03-26T14:02:29.561+0900][11.919s][info][gc,heap     ] GC(112) Survivor regions: 0->0(22)
[2026-03-26T14:02:29.561+0900][11.919s][info][gc,heap     ] GC(112) Old regions: 1->1
[2026-03-26T14:02:29.561+0900][11.919s][info][gc,heap     ] GC(112) Humongous regions: 318->318
[2026-03-26T14:02:29.561+0900][11.919s][info][gc,metaspace] GC(112) Metaspace: 312K(512K)->312K(512K) NonClass: 295K(384K)->295K(384K) Class: 17K(128K)->17K(128K)
[2026-03-26T14:02:29.561+0900][11.919s][info][gc          ] GC(112) Pause Young (Concurrent Start) (G1 Humongous Allocation) 368M->318M(512M) 2.528ms
[2026-03-26T14:02:29.561+0900][11.919s][info][gc,cpu      ] GC(112) User=0.00s Sys=0.00s Real=0.00s
[2026-03-26T14:02:29.561+0900][11.920s][info][gc          ] GC(113) Concurrent Mark Cycle
[2026-03-26T14:02:29.561+0900][11.920s][info][gc,marking  ] GC(113) Concurrent Scan Root Regions
[2026-03-26T14:02:29.561+0900][11.920s][info][gc,marking  ] GC(113) Concurrent Scan Root Regions 0.038ms
[2026-03-26T14:02:29.561+0900][11.920s][info][gc,marking  ] GC(113) Concurrent Mark
[2026-03-26T14:02:29.561+0900][11.920s][info][gc,marking  ] GC(113) Concurrent Mark From Roots
[2026-03-26T14:02:29.561+0900][11.920s][info][gc,task     ] GC(113) Using 3 workers of 3 for marking
[2026-03-26T14:02:29.565+0900][11.922s][info][gc,marking  ] GC(113) Concurrent Mark From Roots 1.915ms
[2026-03-26T14:02:29.565+0900][11.922s][info][gc,marking  ] GC(113) Concurrent Preclean
[2026-03-26T14:02:29.565+0900][11.922s][info][gc,marking  ] GC(113) Concurrent Preclean 0.035ms
[2026-03-26T14:02:29.565+0900][11.922s][info][gc,start    ] GC(113) Pause Remark
[2026-03-26T14:02:29.565+0900][11.923s][info][gc          ] GC(113) Pause Remark 324M->324M(512M) 1.423ms
[2026-03-26T14:02:29.565+0900][11.923s][info][gc,cpu      ] GC(113) User=0.00s Sys=0.00s Real=0.00s
[2026-03-26T14:02:29.565+0900][11.924s][info][gc,marking  ] GC(113) Concurrent Mark 3.867ms
[2026-03-26T14:02:29.565+0900][11.924s][info][gc,marking  ] GC(113) Concurrent Rebuild Remembered Sets and Scrub Regions
[2026-03-26T14:02:29.565+0900][11.925s][info][gc,marking  ] GC(113) Concurrent Rebuild Remembered Sets and Scrub Regions 0.906ms
[2026-03-26T14:02:29.565+0900][11.925s][info][gc,start    ] GC(113) Pause Cleanup
[2026-03-26T14:02:29.565+0900][11.925s][info][gc          ] GC(113) Pause Cleanup 324M->324M(512M) 0.228ms
[2026-03-26T14:02:29.565+0900][11.925s][info][gc,cpu      ] GC(113) User=0.00s Sys=0.00s Real=0.00s
[2026-03-26T14:02:29.565+0900][11.925s][info][gc,marking  ] GC(113) Concurrent Clear Claimed Marks
[2026-03-26T14:02:29.565+0900][11.925s][info][gc,marking  ] GC(113) Concurrent Clear Claimed Marks 0.101ms
[2026-03-26T14:02:29.565+0900][11.925s][info][gc,marking  ] GC(113) Concurrent Cleanup for Next Mark
[2026-03-26T14:02:29.565+0900][11.926s][info][gc,marking  ] GC(113) Concurrent Cleanup for Next Mark 0.488ms
[2026-03-26T14:02:29.565+0900][11.926s][info][gc          ] GC(113) Concurrent Mark Cycle 6.467ms
[2026-03-26T14:02:29.721+0900][12.077s][info][gc,start    ] GC(114) Pause Young (Concurrent Start) (G1 Humongous Allocation)
[2026-03-26T14:02:29.721+0900][12.077s][info][gc,task     ] GC(114) Using 12 workers of 13 for evacuation
[2026-03-26T14:02:29.721+0900][12.078s][info][gc,phases   ] GC(114)   Pre Evacuate Collection Set: 0.3ms
[2026-03-26T14:02:29.721+0900][12.078s][info][gc,phases   ] GC(114)   Merge Heap Roots: 0.1ms
[2026-03-26T14:02:29.721+0900][12.078s][info][gc,phases   ] GC(114)   Evacuate Collection Set: 0.2ms
[2026-03-26T14:02:29.721+0900][12.078s][info][gc,phases   ] GC(114)   Post Evacuate Collection Set: 0.2ms
[2026-03-26T14:02:29.721+0900][12.078s][info][gc,phases   ] GC(114)   Other: 0.1ms
[2026-03-26T14:02:29.721+0900][12.078s][info][gc,heap     ] GC(114) Eden regions: 50->0(160)
[2026-03-26T14:02:29.721+0900][12.078s][info][gc,heap     ] GC(114) Survivor regions: 0->0(21)
[2026-03-26T14:02:29.721+0900][12.078s][info][gc,heap     ] GC(114) Old regions: 1->1
[2026-03-26T14:02:29.721+0900][12.078s][info][gc,heap     ] GC(114) Humongous regions: 324->324
[2026-03-26T14:02:29.721+0900][12.078s][info][gc,metaspace] GC(114) Metaspace: 312K(512K)->312K(512K) NonClass: 295K(384K)->295K(384K) Class: 17K(128K)->17K(128K)
[2026-03-26T14:02:29.721+0900][12.078s][info][gc          ] GC(114) Pause Young (Concurrent Start) (G1 Humongous Allocation) 374M->324M(512M) 1.186ms
[2026-03-26T14:02:29.721+0900][12.078s][info][gc,cpu      ] GC(114) User=0.00s Sys=0.00s Real=0.00s
[2026-03-26T14:02:29.721+0900][12.078s][info][gc          ] GC(115) Concurrent Mark Cycle
[2026-03-26T14:02:29.721+0900][12.078s][info][gc,marking  ] GC(115) Concurrent Scan Root Regions
[2026-03-26T14:02:29.723+0900][12.078s][info][gc,marking  ] GC(115) Concurrent Scan Root Regions 0.018ms
[2026-03-26T14:02:29.723+0900][12.078s][info][gc,marking  ] GC(115) Concurrent Mark
[2026-03-26T14:02:29.723+0900][12.078s][info][gc,marking  ] GC(115) Concurrent Mark From Roots
[2026-03-26T14:02:29.723+0900][12.078s][info][gc,task     ] GC(115) Using 3 workers of 3 for marking
[2026-03-26T14:02:29.723+0900][12.080s][info][gc,marking  ] GC(115) Concurrent Mark From Roots 1.043ms
[2026-03-26T14:02:29.723+0900][12.080s][info][gc,marking  ] GC(115) Concurrent Preclean
[2026-03-26T14:02:29.723+0900][12.080s][info][gc,marking  ] GC(115) Concurrent Preclean 0.017ms
[2026-03-26T14:02:29.723+0900][12.080s][info][gc,start    ] GC(115) Pause Remark
[2026-03-26T14:02:29.723+0900][12.080s][info][gc          ] GC(115) Pause Remark 331M->331M(512M) 0.461ms
[2026-03-26T14:02:29.723+0900][12.080s][info][gc,cpu      ] GC(115) User=0.00s Sys=0.00s Real=0.00s
[2026-03-26T14:02:29.723+0900][12.080s][info][gc,marking  ] GC(115) Concurrent Mark 1.667ms
[2026-03-26T14:02:29.723+0900][12.080s][info][gc,marking  ] GC(115) Concurrent Rebuild Remembered Sets and Scrub Regions
[2026-03-26T14:02:29.725+0900][12.081s][info][gc,marking  ] GC(115) Concurrent Rebuild Remembered Sets and Scrub Regions 0.589ms
[2026-03-26T14:02:29.725+0900][12.081s][info][gc,start    ] GC(115) Pause Cleanup
[2026-03-26T14:02:29.725+0900][12.081s][info][gc          ] GC(115) Pause Cleanup 331M->331M(512M) 0.108ms
[2026-03-26T14:02:29.725+0900][12.081s][info][gc,cpu      ] GC(115) User=0.00s Sys=0.00s Real=0.00s
[2026-03-26T14:02:29.725+0900][12.081s][info][gc,marking  ] GC(115) Concurrent Clear Claimed Marks
[2026-03-26T14:02:29.725+0900][12.081s][info][gc,marking  ] GC(115) Concurrent Clear Claimed Marks 0.025ms
[2026-03-26T14:02:29.725+0900][12.081s][info][gc,marking  ] GC(115) Concurrent Cleanup for Next Mark
[2026-03-26T14:02:29.725+0900][12.081s][info][gc,marking  ] GC(115) Concurrent Cleanup for Next Mark 0.398ms
[2026-03-26T14:02:29.725+0900][12.081s][info][gc          ] GC(115) Concurrent Mark Cycle 3.053ms
[2026-03-26T14:02:29.881+0900][12.237s][info][gc,start    ] GC(116) Pause Young (Concurrent Start) (G1 Humongous Allocation)
[2026-03-26T14:02:29.881+0900][12.237s][info][gc,task     ] GC(116) Using 12 workers of 13 for evacuation
[2026-03-26T14:02:29.882+0900][12.237s][info][gc,phases   ] GC(116)   Pre Evacuate Collection Set: 0.2ms
[2026-03-26T14:02:29.882+0900][12.237s][info][gc,phases   ] GC(116)   Merge Heap Roots: 0.1ms
[2026-03-26T14:02:29.882+0900][12.237s][info][gc,phases   ] GC(116)   Evacuate Collection Set: 0.1ms
[2026-03-26T14:02:29.882+0900][12.237s][info][gc,phases   ] GC(116)   Post Evacuate Collection Set: 0.2ms
[2026-03-26T14:02:29.882+0900][12.237s][info][gc,phases   ] GC(116)   Other: 0.1ms
[2026-03-26T14:02:29.882+0900][12.237s][info][gc,heap     ] GC(116) Eden regions: 50->0(154)
[2026-03-26T14:02:29.882+0900][12.238s][info][gc,heap     ] GC(116) Survivor regions: 0->0(20)
[2026-03-26T14:02:29.882+0900][12.238s][info][gc,heap     ] GC(116) Old regions: 1->1
[2026-03-26T14:02:29.882+0900][12.238s][info][gc,heap     ] GC(116) Humongous regions: 330->330
[2026-03-26T14:02:29.882+0900][12.238s][info][gc,metaspace] GC(116) Metaspace: 312K(512K)->312K(512K) NonClass: 295K(384K)->295K(384K) Class: 17K(128K)->17K(128K)
[2026-03-26T14:02:29.882+0900][12.238s][info][gc          ] GC(116) Pause Young (Concurrent Start) (G1 Humongous Allocation) 380M->330M(512M) 0.863ms
[2026-03-26T14:02:29.882+0900][12.238s][info][gc,cpu      ] GC(116) User=0.00s Sys=0.00s Real=0.00s
[2026-03-26T14:02:29.882+0900][12.238s][info][gc          ] GC(117) Concurrent Mark Cycle
[2026-03-26T14:02:29.882+0900][12.238s][info][gc,marking  ] GC(117) Concurrent Scan Root Regions
[2026-03-26T14:02:29.882+0900][12.238s][info][gc,marking  ] GC(117) Concurrent Scan Root Regions 0.016ms
[2026-03-26T14:02:29.882+0900][12.238s][info][gc,marking  ] GC(117) Concurrent Mark
[2026-03-26T14:02:29.882+0900][12.238s][info][gc,marking  ] GC(117) Concurrent Mark From Roots
[2026-03-26T14:02:29.882+0900][12.238s][info][gc,task     ] GC(117) Using 3 workers of 3 for marking
[2026-03-26T14:02:29.882+0900][12.239s][info][gc,marking  ] GC(117) Concurrent Mark From Roots 0.850ms
[2026-03-26T14:02:29.882+0900][12.239s][info][gc,marking  ] GC(117) Concurrent Preclean
[2026-03-26T14:02:29.882+0900][12.239s][info][gc,marking  ] GC(117) Concurrent Preclean 0.014ms
[2026-03-26T14:02:29.882+0900][12.239s][info][gc,start    ] GC(117) Pause Remark
[2026-03-26T14:02:29.882+0900][12.239s][info][gc          ] GC(117) Pause Remark 336M->336M(512M) 0.428ms
[2026-03-26T14:02:29.882+0900][12.239s][info][gc,cpu      ] GC(117) User=0.00s Sys=0.00s Real=0.00s
[2026-03-26T14:02:29.884+0900][12.239s][info][gc,marking  ] GC(117) Concurrent Mark 1.706ms
[2026-03-26T14:02:29.884+0900][12.239s][info][gc,marking  ] GC(117) Concurrent Rebuild Remembered Sets and Scrub Regions
[2026-03-26T14:02:29.884+0900][12.240s][info][gc,marking  ] GC(117) Concurrent Rebuild Remembered Sets and Scrub Regions 0.407ms
[2026-03-26T14:02:29.884+0900][12.240s][info][gc,start    ] GC(117) Pause Cleanup
[2026-03-26T14:02:29.884+0900][12.240s][info][gc          ] GC(117) Pause Cleanup 336M->336M(512M) 0.109ms
[2026-03-26T14:02:29.884+0900][12.240s][info][gc,cpu      ] GC(117) User=0.00s Sys=0.00s Real=0.00s
[2026-03-26T14:02:29.884+0900][12.240s][info][gc,marking  ] GC(117) Concurrent Clear Claimed Marks
[2026-03-26T14:02:29.884+0900][12.240s][info][gc,marking  ] GC(117) Concurrent Clear Claimed Marks 0.029ms
[2026-03-26T14:02:29.884+0900][12.240s][info][gc,marking  ] GC(117) Concurrent Cleanup for Next Mark
[2026-03-26T14:02:29.884+0900][12.240s][info][gc,marking  ] GC(117) Concurrent Cleanup for Next Mark 0.316ms
[2026-03-26T14:02:29.884+0900][12.240s][info][gc          ] GC(117) Concurrent Mark Cycle 2.846ms
[2026-03-26T14:02:30.059+0900][12.416s][info][gc,start    ] GC(118) Pause Young (Concurrent Start) (G1 Humongous Allocation)
[2026-03-26T14:02:30.059+0900][12.416s][info][gc,task     ] GC(118) Using 12 workers of 13 for evacuation
[2026-03-26T14:02:30.061+0900][12.416s][info][gc,phases   ] GC(118)   Pre Evacuate Collection Set: 0.2ms
[2026-03-26T14:02:30.061+0900][12.416s][info][gc,phases   ] GC(118)   Merge Heap Roots: 0.1ms
[2026-03-26T14:02:30.061+0900][12.416s][info][gc,phases   ] GC(118)   Evacuate Collection Set: 0.1ms
[2026-03-26T14:02:30.061+0900][12.416s][info][gc,phases   ] GC(118)   Post Evacuate Collection Set: 0.2ms
[2026-03-26T14:02:30.061+0900][12.416s][info][gc,phases   ] GC(118)   Other: 0.1ms
[2026-03-26T14:02:30.061+0900][12.416s][info][gc,heap     ] GC(118) Eden regions: 50->0(148)
[2026-03-26T14:02:30.061+0900][12.416s][info][gc,heap     ] GC(118) Survivor regions: 0->0(20)
[2026-03-26T14:02:30.061+0900][12.416s][info][gc,heap     ] GC(118) Old regions: 1->1
[2026-03-26T14:02:30.061+0900][12.416s][info][gc,heap     ] GC(118) Humongous regions: 336->336
[2026-03-26T14:02:30.061+0900][12.416s][info][gc,metaspace] GC(118) Metaspace: 312K(512K)->312K(512K) NonClass: 295K(384K)->295K(384K) Class: 17K(128K)->17K(128K)
[2026-03-26T14:02:30.061+0900][12.416s][info][gc          ] GC(118) Pause Young (Concurrent Start) (G1 Humongous Allocation) 386M->336M(512M) 0.941ms
[2026-03-26T14:02:30.061+0900][12.416s][info][gc,cpu      ] GC(118) User=0.00s Sys=0.00s Real=0.00s
[2026-03-26T14:02:30.061+0900][12.416s][info][gc          ] GC(119) Concurrent Mark Cycle
[2026-03-26T14:02:30.061+0900][12.417s][info][gc,marking  ] GC(119) Concurrent Scan Root Regions
[2026-03-26T14:02:30.061+0900][12.417s][info][gc,marking  ] GC(119) Concurrent Scan Root Regions 0.021ms
[2026-03-26T14:02:30.061+0900][12.417s][info][gc,marking  ] GC(119) Concurrent Mark
[2026-03-26T14:02:30.061+0900][12.417s][info][gc,marking  ] GC(119) Concurrent Mark From Roots
[2026-03-26T14:02:30.061+0900][12.417s][info][gc,task     ] GC(119) Using 3 workers of 3 for marking
[2026-03-26T14:02:30.061+0900][12.417s][info][gc,marking  ] GC(119) Concurrent Mark From Roots 0.873ms
[2026-03-26T14:02:30.061+0900][12.418s][info][gc,marking  ] GC(119) Concurrent Preclean
[2026-03-26T14:02:30.061+0900][12.418s][info][gc,marking  ] GC(119) Concurrent Preclean 0.023ms
[2026-03-26T14:02:30.077+0900][12.432s][info][gc,start    ] GC(119) Pause Remark
[2026-03-26T14:02:30.077+0900][12.433s][info][gc          ] GC(119) Pause Remark 336M->336M(512M) 0.662ms
[2026-03-26T14:02:30.077+0900][12.433s][info][gc,cpu      ] GC(119) User=0.00s Sys=0.00s Real=0.00s
[2026-03-26T14:02:30.077+0900][12.433s][info][gc,marking  ] GC(119) Concurrent Mark 16.103ms
[2026-03-26T14:02:30.077+0900][12.433s][info][gc,marking  ] GC(119) Concurrent Rebuild Remembered Sets and Scrub Regions
[2026-03-26T14:02:30.077+0900][12.433s][info][gc,marking  ] GC(119) Concurrent Rebuild Remembered Sets and Scrub Regions 0.611ms
[2026-03-26T14:02:30.077+0900][12.433s][info][gc,start    ] GC(119) Pause Cleanup
[2026-03-26T14:02:30.077+0900][12.434s][info][gc          ] GC(119) Pause Cleanup 336M->336M(512M) 0.151ms
[2026-03-26T14:02:30.077+0900][12.434s][info][gc,cpu      ] GC(119) User=0.00s Sys=0.00s Real=0.00s
[2026-03-26T14:02:30.077+0900][12.434s][info][gc,marking  ] GC(119) Concurrent Clear Claimed Marks
[2026-03-26T14:02:30.077+0900][12.434s][info][gc,marking  ] GC(119) Concurrent Clear Claimed Marks 0.015ms
[2026-03-26T14:02:30.077+0900][12.434s][info][gc,marking  ] GC(119) Concurrent Cleanup for Next Mark
[2026-03-26T14:02:30.079+0900][12.434s][info][gc,marking  ] GC(119) Concurrent Cleanup for Next Mark 0.274ms
[2026-03-26T14:02:30.079+0900][12.434s][info][gc          ] GC(119) Concurrent Mark Cycle 17.459ms
[2026-03-26T14:02:30.248+0900][12.604s][info][gc,start    ] GC(120) Pause Young (Concurrent Start) (G1 Humongous Allocation)
[2026-03-26T14:02:30.248+0900][12.604s][info][gc,task     ] GC(120) Using 12 workers of 13 for evacuation
[2026-03-26T14:02:30.248+0900][12.604s][info][gc,phases   ] GC(120)   Pre Evacuate Collection Set: 0.2ms
[2026-03-26T14:02:30.248+0900][12.605s][info][gc,phases   ] GC(120)   Merge Heap Roots: 0.1ms
[2026-03-26T14:02:30.248+0900][12.605s][info][gc,phases   ] GC(120)   Evacuate Collection Set: 0.1ms
[2026-03-26T14:02:30.248+0900][12.605s][info][gc,phases   ] GC(120)   Post Evacuate Collection Set: 0.2ms
[2026-03-26T14:02:30.248+0900][12.605s][info][gc,phases   ] GC(120)   Other: 0.1ms
[2026-03-26T14:02:30.248+0900][12.605s][info][gc,heap     ] GC(120) Eden regions: 50->0(142)
[2026-03-26T14:02:30.248+0900][12.605s][info][gc,heap     ] GC(120) Survivor regions: 0->0(19)
[2026-03-26T14:02:30.248+0900][12.605s][info][gc,heap     ] GC(120) Old regions: 1->1
[2026-03-26T14:02:30.248+0900][12.605s][info][gc,heap     ] GC(120) Humongous regions: 342->342
[2026-03-26T14:02:30.248+0900][12.605s][info][gc,metaspace] GC(120) Metaspace: 312K(512K)->312K(512K) NonClass: 295K(384K)->295K(384K) Class: 17K(128K)->17K(128K)
[2026-03-26T14:02:30.248+0900][12.605s][info][gc          ] GC(120) Pause Young (Concurrent Start) (G1 Humongous Allocation) 392M->342M(512M) 0.920ms
[2026-03-26T14:02:30.248+0900][12.605s][info][gc,cpu      ] GC(120) User=0.00s Sys=0.00s Real=0.00s
[2026-03-26T14:02:30.248+0900][12.605s][info][gc          ] GC(121) Concurrent Mark Cycle
[2026-03-26T14:02:30.248+0900][12.605s][info][gc,marking  ] GC(121) Concurrent Scan Root Regions
[2026-03-26T14:02:30.248+0900][12.605s][info][gc,marking  ] GC(121) Concurrent Scan Root Regions 0.014ms
[2026-03-26T14:02:30.248+0900][12.605s][info][gc,marking  ] GC(121) Concurrent Mark
[2026-03-26T14:02:30.248+0900][12.605s][info][gc,marking  ] GC(121) Concurrent Mark From Roots
[2026-03-26T14:02:30.248+0900][12.605s][info][gc,task     ] GC(121) Using 3 workers of 3 for marking
[2026-03-26T14:02:30.248+0900][12.606s][info][gc,marking  ] GC(121) Concurrent Mark From Roots 1.009ms
[2026-03-26T14:02:30.248+0900][12.606s][info][gc,marking  ] GC(121) Concurrent Preclean
[2026-03-26T14:02:30.248+0900][12.606s][info][gc,marking  ] GC(121) Concurrent Preclean 0.025ms
[2026-03-26T14:02:30.248+0900][12.606s][info][gc,start    ] GC(121) Pause Remark
[2026-03-26T14:02:30.248+0900][12.606s][info][gc          ] GC(121) Pause Remark 348M->348M(512M) 0.451ms
[2026-03-26T14:02:30.248+0900][12.606s][info][gc,cpu      ] GC(121) User=0.00s Sys=0.00s Real=0.00s
[2026-03-26T14:02:30.248+0900][12.606s][info][gc,marking  ] GC(121) Concurrent Mark 1.667ms
[2026-03-26T14:02:30.248+0900][12.606s][info][gc,marking  ] GC(121) Concurrent Rebuild Remembered Sets and Scrub Regions
[2026-03-26T14:02:30.248+0900][12.607s][info][gc,marking  ] GC(121) Concurrent Rebuild Remembered Sets and Scrub Regions 0.446ms
[2026-03-26T14:02:30.248+0900][12.607s][info][gc,start    ] GC(121) Pause Cleanup
[2026-03-26T14:02:30.248+0900][12.607s][info][gc          ] GC(121) Pause Cleanup 348M->348M(512M) 0.121ms
[2026-03-26T14:02:30.248+0900][12.607s][info][gc,cpu      ] GC(121) User=0.00s Sys=0.00s Real=0.00s
[2026-03-26T14:02:30.248+0900][12.607s][info][gc,marking  ] GC(121) Concurrent Clear Claimed Marks
[2026-03-26T14:02:30.248+0900][12.607s][info][gc,marking  ] GC(121) Concurrent Clear Claimed Marks 0.035ms
[2026-03-26T14:02:30.248+0900][12.607s][info][gc,marking  ] GC(121) Concurrent Cleanup for Next Mark
[2026-03-26T14:02:30.248+0900][12.608s][info][gc,marking  ] GC(121) Concurrent Cleanup for Next Mark 0.337ms
[2026-03-26T14:02:30.248+0900][12.608s][info][gc          ] GC(121) Concurrent Mark Cycle 2.950ms
[2026-03-26T14:02:30.406+0900][12.763s][info][gc,start    ] GC(122) Pause Young (Concurrent Start) (G1 Humongous Allocation)
[2026-03-26T14:02:30.406+0900][12.763s][info][gc,task     ] GC(122) Using 12 workers of 13 for evacuation
[2026-03-26T14:02:30.406+0900][12.765s][info][gc,phases   ] GC(122)   Pre Evacuate Collection Set: 0.5ms
[2026-03-26T14:02:30.406+0900][12.765s][info][gc,phases   ] GC(122)   Merge Heap Roots: 0.1ms
[2026-03-26T14:02:30.406+0900][12.765s][info][gc,phases   ] GC(122)   Evacuate Collection Set: 0.3ms
[2026-03-26T14:02:30.406+0900][12.765s][info][gc,phases   ] GC(122)   Post Evacuate Collection Set: 0.4ms
[2026-03-26T14:02:30.406+0900][12.765s][info][gc,phases   ] GC(122)   Other: 0.1ms
[2026-03-26T14:02:30.406+0900][12.765s][info][gc,heap     ] GC(122) Eden regions: 50->0(136)
[2026-03-26T14:02:30.406+0900][12.765s][info][gc,heap     ] GC(122) Survivor regions: 0->0(18)
[2026-03-26T14:02:30.406+0900][12.765s][info][gc,heap     ] GC(122) Old regions: 1->1
[2026-03-26T14:02:30.406+0900][12.765s][info][gc,heap     ] GC(122) Humongous regions: 348->348
[2026-03-26T14:02:30.406+0900][12.765s][info][gc,metaspace] GC(122) Metaspace: 312K(512K)->312K(512K) NonClass: 295K(384K)->295K(384K) Class: 17K(128K)->17K(128K)
[2026-03-26T14:02:30.406+0900][12.765s][info][gc          ] GC(122) Pause Young (Concurrent Start) (G1 Humongous Allocation) 398M->348M(512M) 1.876ms
[2026-03-26T14:02:30.406+0900][12.765s][info][gc,cpu      ] GC(122) User=0.00s Sys=0.00s Real=0.00s
[2026-03-26T14:02:30.410+0900][12.765s][info][gc          ] GC(123) Concurrent Mark Cycle
[2026-03-26T14:02:30.410+0900][12.765s][info][gc,marking  ] GC(123) Concurrent Scan Root Regions
[2026-03-26T14:02:30.410+0900][12.766s][info][gc,marking  ] GC(123) Concurrent Scan Root Regions 0.025ms
[2026-03-26T14:02:30.410+0900][12.766s][info][gc,marking  ] GC(123) Concurrent Mark
[2026-03-26T14:02:30.410+0900][12.766s][info][gc,marking  ] GC(123) Concurrent Mark From Roots
[2026-03-26T14:02:30.410+0900][12.766s][info][gc,task     ] GC(123) Using 3 workers of 3 for marking
[2026-03-26T14:02:30.410+0900][12.767s][info][gc,marking  ] GC(123) Concurrent Mark From Roots 1.455ms
[2026-03-26T14:02:30.410+0900][12.767s][info][gc,marking  ] GC(123) Concurrent Preclean
[2026-03-26T14:02:30.410+0900][12.767s][info][gc,marking  ] GC(123) Concurrent Preclean 0.029ms
[2026-03-26T14:02:30.410+0900][12.767s][info][gc,start    ] GC(123) Pause Remark
[2026-03-26T14:02:30.410+0900][12.768s][info][gc          ] GC(123) Pause Remark 354M->354M(512M) 1.067ms
[2026-03-26T14:02:30.410+0900][12.768s][info][gc,cpu      ] GC(123) User=0.00s Sys=0.00s Real=0.00s
[2026-03-26T14:02:30.410+0900][12.769s][info][gc,marking  ] GC(123) Concurrent Mark 2.973ms
[2026-03-26T14:02:30.410+0900][12.769s][info][gc,marking  ] GC(123) Concurrent Rebuild Remembered Sets and Scrub Regions
[2026-03-26T14:02:30.410+0900][12.769s][info][gc,marking  ] GC(123) Concurrent Rebuild Remembered Sets and Scrub Regions 0.659ms
[2026-03-26T14:02:30.410+0900][12.769s][info][gc,start    ] GC(123) Pause Cleanup
[2026-03-26T14:02:30.410+0900][12.770s][info][gc          ] GC(123) Pause Cleanup 354M->354M(512M) 0.197ms
[2026-03-26T14:02:30.410+0900][12.770s][info][gc,cpu      ] GC(123) User=0.00s Sys=0.00s Real=0.00s
[2026-03-26T14:02:30.410+0900][12.770s][info][gc,marking  ] GC(123) Concurrent Clear Claimed Marks
[2026-03-26T14:02:30.410+0900][12.770s][info][gc,marking  ] GC(123) Concurrent Clear Claimed Marks 0.068ms
[2026-03-26T14:02:30.410+0900][12.770s][info][gc,marking  ] GC(123) Concurrent Cleanup for Next Mark
[2026-03-26T14:02:30.410+0900][12.770s][info][gc,marking  ] GC(123) Concurrent Cleanup for Next Mark 0.363ms
[2026-03-26T14:02:30.410+0900][12.770s][info][gc          ] GC(123) Concurrent Mark Cycle 4.847ms
[2026-03-26T14:02:30.566+0900][12.921s][info][gc,start    ] GC(124) Pause Young (Concurrent Start) (G1 Humongous Allocation)
[2026-03-26T14:02:30.566+0900][12.921s][info][gc,task     ] GC(124) Using 12 workers of 13 for evacuation
[2026-03-26T14:02:30.566+0900][12.922s][info][gc,phases   ] GC(124)   Pre Evacuate Collection Set: 0.1ms
[2026-03-26T14:02:30.566+0900][12.922s][info][gc,phases   ] GC(124)   Merge Heap Roots: 0.1ms
[2026-03-26T14:02:30.566+0900][12.922s][info][gc,phases   ] GC(124)   Evacuate Collection Set: 0.2ms
[2026-03-26T14:02:30.566+0900][12.922s][info][gc,phases   ] GC(124)   Post Evacuate Collection Set: 0.1ms
[2026-03-26T14:02:30.566+0900][12.922s][info][gc,phases   ] GC(124)   Other: 0.1ms
[2026-03-26T14:02:30.566+0900][12.922s][info][gc,heap     ] GC(124) Eden regions: 50->0(130)
[2026-03-26T14:02:30.566+0900][12.922s][info][gc,heap     ] GC(124) Survivor regions: 0->0(17)
[2026-03-26T14:02:30.566+0900][12.922s][info][gc,heap     ] GC(124) Old regions: 1->1
[2026-03-26T14:02:30.566+0900][12.922s][info][gc,heap     ] GC(124) Humongous regions: 354->354
[2026-03-26T14:02:30.566+0900][12.922s][info][gc,metaspace] GC(124) Metaspace: 312K(512K)->312K(512K) NonClass: 295K(384K)->295K(384K) Class: 17K(128K)->17K(128K)
[2026-03-26T14:02:30.566+0900][12.922s][info][gc          ] GC(124) Pause Young (Concurrent Start) (G1 Humongous Allocation) 404M->354M(512M) 0.915ms
[2026-03-26T14:02:30.566+0900][12.922s][info][gc,cpu      ] GC(124) User=0.00s Sys=0.00s Real=0.00s
[2026-03-26T14:02:30.566+0900][12.922s][info][gc          ] GC(125) Concurrent Mark Cycle
[2026-03-26T14:02:30.566+0900][12.922s][info][gc,marking  ] GC(125) Concurrent Scan Root Regions
[2026-03-26T14:02:30.566+0900][12.922s][info][gc,marking  ] GC(125) Concurrent Scan Root Regions 0.016ms
[2026-03-26T14:02:30.566+0900][12.922s][info][gc,marking  ] GC(125) Concurrent Mark
[2026-03-26T14:02:30.566+0900][12.922s][info][gc,marking  ] GC(125) Concurrent Mark From Roots
[2026-03-26T14:02:30.566+0900][12.922s][info][gc,task     ] GC(125) Using 3 workers of 3 for marking
[2026-03-26T14:02:30.566+0900][12.923s][info][gc,marking  ] GC(125) Concurrent Mark From Roots 0.835ms
[2026-03-26T14:02:30.566+0900][12.923s][info][gc,marking  ] GC(125) Concurrent Preclean
[2026-03-26T14:02:30.566+0900][12.923s][info][gc,marking  ] GC(125) Concurrent Preclean 0.016ms
[2026-03-26T14:02:30.566+0900][12.923s][info][gc,start    ] GC(125) Pause Remark
[2026-03-26T14:02:30.566+0900][12.924s][info][gc          ] GC(125) Pause Remark 360M->360M(512M) 0.451ms
[2026-03-26T14:02:30.566+0900][12.924s][info][gc,cpu      ] GC(125) User=0.00s Sys=0.00s Real=0.00s
[2026-03-26T14:02:30.566+0900][12.924s][info][gc,marking  ] GC(125) Concurrent Mark 1.433ms
[2026-03-26T14:02:30.566+0900][12.924s][info][gc,marking  ] GC(125) Concurrent Rebuild Remembered Sets and Scrub Regions
[2026-03-26T14:02:30.566+0900][12.924s][info][gc,marking  ] GC(125) Concurrent Rebuild Remembered Sets and Scrub Regions 0.394ms
[2026-03-26T14:02:30.566+0900][12.924s][info][gc,start    ] GC(125) Pause Cleanup
[2026-03-26T14:02:30.566+0900][12.924s][info][gc          ] GC(125) Pause Cleanup 360M->360M(512M) 0.110ms
[2026-03-26T14:02:30.566+0900][12.924s][info][gc,cpu      ] GC(125) User=0.00s Sys=0.00s Real=0.00s
[2026-03-26T14:02:30.566+0900][12.924s][info][gc,marking  ] GC(125) Concurrent Clear Claimed Marks
[2026-03-26T14:02:30.566+0900][12.924s][info][gc,marking  ] GC(125) Concurrent Clear Claimed Marks 0.025ms
[2026-03-26T14:02:30.566+0900][12.924s][info][gc,marking  ] GC(125) Concurrent Cleanup for Next Mark
[2026-03-26T14:02:30.566+0900][12.925s][info][gc,marking  ] GC(125) Concurrent Cleanup for Next Mark 0.298ms
[2026-03-26T14:02:30.566+0900][12.925s][info][gc          ] GC(125) Concurrent Mark Cycle 2.530ms
[2026-03-26T14:02:30.732+0900][13.088s][info][gc,start    ] GC(126) Pause Young (Concurrent Start) (G1 Humongous Allocation)
[2026-03-26T14:02:30.733+0900][13.088s][info][gc,task     ] GC(126) Using 12 workers of 13 for evacuation
[2026-03-26T14:02:30.736+0900][13.091s][info][gc,phases   ] GC(126)   Pre Evacuate Collection Set: 0.7ms
[2026-03-26T14:02:30.736+0900][13.091s][info][gc,phases   ] GC(126)   Merge Heap Roots: 0.1ms
[2026-03-26T14:02:30.736+0900][13.091s][info][gc,phases   ] GC(126)   Evacuate Collection Set: 2.1ms
[2026-03-26T14:02:30.736+0900][13.091s][info][gc,phases   ] GC(126)   Post Evacuate Collection Set: 0.2ms
[2026-03-26T14:02:30.736+0900][13.091s][info][gc,phases   ] GC(126)   Other: 0.1ms
[2026-03-26T14:02:30.736+0900][13.091s][info][gc,heap     ] GC(126) Eden regions: 50->0(124)
[2026-03-26T14:02:30.736+0900][13.091s][info][gc,heap     ] GC(126) Survivor regions: 0->0(17)
[2026-03-26T14:02:30.736+0900][13.091s][info][gc,heap     ] GC(126) Old regions: 1->1
[2026-03-26T14:02:30.736+0900][13.091s][info][gc,heap     ] GC(126) Humongous regions: 360->360
[2026-03-26T14:02:30.736+0900][13.091s][info][gc,metaspace] GC(126) Metaspace: 312K(512K)->312K(512K) NonClass: 295K(384K)->295K(384K) Class: 17K(128K)->17K(128K)
[2026-03-26T14:02:30.736+0900][13.091s][info][gc          ] GC(126) Pause Young (Concurrent Start) (G1 Humongous Allocation) 410M->360M(512M) 3.931ms
[2026-03-26T14:02:30.736+0900][13.091s][info][gc,cpu      ] GC(126) User=0.00s Sys=0.00s Real=0.00s
[2026-03-26T14:02:30.736+0900][13.091s][info][gc          ] GC(127) Concurrent Mark Cycle
[2026-03-26T14:02:30.736+0900][13.092s][info][gc,marking  ] GC(127) Concurrent Scan Root Regions
[2026-03-26T14:02:30.736+0900][13.092s][info][gc,marking  ] GC(127) Concurrent Scan Root Regions 0.016ms
[2026-03-26T14:02:30.736+0900][13.092s][info][gc,marking  ] GC(127) Concurrent Mark
[2026-03-26T14:02:30.736+0900][13.092s][info][gc,marking  ] GC(127) Concurrent Mark From Roots
[2026-03-26T14:02:30.736+0900][13.092s][info][gc,task     ] GC(127) Using 3 workers of 3 for marking
[2026-03-26T14:02:30.737+0900][13.093s][info][gc,marking  ] GC(127) Concurrent Mark From Roots 0.950ms
[2026-03-26T14:02:30.737+0900][13.093s][info][gc,marking  ] GC(127) Concurrent Preclean
[2026-03-26T14:02:30.737+0900][13.093s][info][gc,marking  ] GC(127) Concurrent Preclean 0.018ms
[2026-03-26T14:02:30.737+0900][13.093s][info][gc,start    ] GC(127) Pause Remark
[2026-03-26T14:02:30.737+0900][13.093s][info][gc          ] GC(127) Pause Remark 366M->366M(512M) 0.521ms
[2026-03-26T14:02:30.737+0900][13.093s][info][gc,cpu      ] GC(127) User=0.00s Sys=0.00s Real=0.00s
[2026-03-26T14:02:30.737+0900][13.093s][info][gc,marking  ] GC(127) Concurrent Mark 1.669ms
[2026-03-26T14:02:30.737+0900][13.093s][info][gc,marking  ] GC(127) Concurrent Rebuild Remembered Sets and Scrub Regions
[2026-03-26T14:02:30.738+0900][13.094s][info][gc,marking  ] GC(127) Concurrent Rebuild Remembered Sets and Scrub Regions 0.418ms
[2026-03-26T14:02:30.738+0900][13.094s][info][gc,start    ] GC(127) Pause Cleanup
[2026-03-26T14:02:30.738+0900][13.094s][info][gc          ] GC(127) Pause Cleanup 366M->366M(512M) 0.076ms
[2026-03-26T14:02:30.738+0900][13.094s][info][gc,cpu      ] GC(127) User=0.00s Sys=0.00s Real=0.00s
[2026-03-26T14:02:30.738+0900][13.094s][info][gc,marking  ] GC(127) Concurrent Clear Claimed Marks
[2026-03-26T14:02:30.738+0900][13.094s][info][gc,marking  ] GC(127) Concurrent Clear Claimed Marks 0.036ms
[2026-03-26T14:02:30.738+0900][13.094s][info][gc,marking  ] GC(127) Concurrent Cleanup for Next Mark
[2026-03-26T14:02:30.738+0900][13.094s][info][gc,marking  ] GC(127) Concurrent Cleanup for Next Mark 0.381ms
[2026-03-26T14:02:30.738+0900][13.094s][info][gc          ] GC(127) Concurrent Mark Cycle 2.878ms
[2026-03-26T14:02:30.894+0900][13.250s][info][gc,start    ] GC(128) Pause Young (Concurrent Start) (G1 Humongous Allocation)
[2026-03-26T14:02:30.894+0900][13.250s][info][gc,task     ] GC(128) Using 12 workers of 13 for evacuation
[2026-03-26T14:02:30.894+0900][13.251s][info][gc,phases   ] GC(128)   Pre Evacuate Collection Set: 0.2ms
[2026-03-26T14:02:30.894+0900][13.251s][info][gc,phases   ] GC(128)   Merge Heap Roots: 0.1ms
[2026-03-26T14:02:30.894+0900][13.251s][info][gc,phases   ] GC(128)   Evacuate Collection Set: 0.2ms
[2026-03-26T14:02:30.894+0900][13.251s][info][gc,phases   ] GC(128)   Post Evacuate Collection Set: 0.2ms
[2026-03-26T14:02:30.894+0900][13.251s][info][gc,phases   ] GC(128)   Other: 0.1ms
[2026-03-26T14:02:30.894+0900][13.251s][info][gc,heap     ] GC(128) Eden regions: 50->0(208)
[2026-03-26T14:02:30.894+0900][13.251s][info][gc,heap     ] GC(128) Survivor regions: 0->0(16)
[2026-03-26T14:02:30.894+0900][13.251s][info][gc,heap     ] GC(128) Old regions: 1->1
[2026-03-26T14:02:30.894+0900][13.251s][info][gc,heap     ] GC(128) Humongous regions: 366->276
[2026-03-26T14:02:30.894+0900][13.251s][info][gc,metaspace] GC(128) Metaspace: 312K(512K)->312K(512K) NonClass: 295K(384K)->295K(384K) Class: 17K(128K)->17K(128K)
[2026-03-26T14:02:30.894+0900][13.251s][info][gc          ] GC(128) Pause Young (Concurrent Start) (G1 Humongous Allocation) 416M->276M(512M) 1.318ms
[2026-03-26T14:02:30.894+0900][13.251s][info][gc,cpu      ] GC(128) User=0.00s Sys=0.00s Real=0.00s
[2026-03-26T14:02:30.894+0900][13.251s][info][gc          ] GC(129) Concurrent Mark Cycle
[2026-03-26T14:02:30.894+0900][13.251s][info][gc,marking  ] GC(129) Concurrent Scan Root Regions
[2026-03-26T14:02:30.894+0900][13.251s][info][gc,marking  ] GC(129) Concurrent Scan Root Regions 0.030ms
[2026-03-26T14:02:30.894+0900][13.251s][info][gc,marking  ] GC(129) Concurrent Mark
[2026-03-26T14:02:30.894+0900][13.251s][info][gc,marking  ] GC(129) Concurrent Mark From Roots
[2026-03-26T14:02:30.894+0900][13.251s][info][gc,task     ] GC(129) Using 3 workers of 3 for marking
[2026-03-26T14:02:30.894+0900][13.252s][info][gc,marking  ] GC(129) Concurrent Mark From Roots 1.151ms
[2026-03-26T14:02:30.894+0900][13.252s][info][gc,marking  ] GC(129) Concurrent Preclean
[2026-03-26T14:02:30.894+0900][13.252s][info][gc,marking  ] GC(129) Concurrent Preclean 0.021ms
[2026-03-26T14:02:30.894+0900][13.252s][info][gc,start    ] GC(129) Pause Remark
[2026-03-26T14:02:30.894+0900][13.253s][info][gc          ] GC(129) Pause Remark 282M->282M(512M) 0.624ms
[2026-03-26T14:02:30.894+0900][13.253s][info][gc,cpu      ] GC(129) User=0.00s Sys=0.00s Real=0.00s
[2026-03-26T14:02:30.894+0900][13.253s][info][gc,marking  ] GC(129) Concurrent Mark 1.997ms
[2026-03-26T14:02:30.894+0900][13.253s][info][gc,marking  ] GC(129) Concurrent Rebuild Remembered Sets and Scrub Regions
[2026-03-26T14:02:30.894+0900][13.254s][info][gc,marking  ] GC(129) Concurrent Rebuild Remembered Sets and Scrub Regions 0.520ms
[2026-03-26T14:02:30.894+0900][13.254s][info][gc,start    ] GC(129) Pause Cleanup
[2026-03-26T14:02:30.894+0900][13.254s][info][gc          ] GC(129) Pause Cleanup 282M->282M(512M) 0.151ms
[2026-03-26T14:02:30.894+0900][13.254s][info][gc,cpu      ] GC(129) User=0.00s Sys=0.00s Real=0.00s
[2026-03-26T14:02:30.894+0900][13.254s][info][gc,marking  ] GC(129) Concurrent Clear Claimed Marks
[2026-03-26T14:02:30.894+0900][13.254s][info][gc,marking  ] GC(129) Concurrent Clear Claimed Marks 0.037ms
[2026-03-26T14:02:30.894+0900][13.254s][info][gc,marking  ] GC(129) Concurrent Cleanup for Next Mark
[2026-03-26T14:02:30.894+0900][13.255s][info][gc,marking  ] GC(129) Concurrent Cleanup for Next Mark 0.318ms
[2026-03-26T14:02:30.894+0900][13.255s][info][gc          ] GC(129) Concurrent Mark Cycle 3.544ms
[2026-03-26T14:02:31.053+0900][13.409s][info][gc,start    ] GC(130) Pause Young (Concurrent Start) (G1 Humongous Allocation)
[2026-03-26T14:02:31.053+0900][13.409s][info][gc,task     ] GC(130) Using 12 workers of 13 for evacuation
[2026-03-26T14:02:31.053+0900][13.411s][info][gc,phases   ] GC(130)   Pre Evacuate Collection Set: 0.2ms
[2026-03-26T14:02:31.053+0900][13.411s][info][gc,phases   ] GC(130)   Merge Heap Roots: 0.1ms
[2026-03-26T14:02:31.053+0900][13.411s][info][gc,phases   ] GC(130)   Evacuate Collection Set: 0.2ms
[2026-03-26T14:02:31.053+0900][13.411s][info][gc,phases   ] GC(130)   Post Evacuate Collection Set: 1.8ms
[2026-03-26T14:02:31.053+0900][13.411s][info][gc,phases   ] GC(130)   Other: 0.1ms
[2026-03-26T14:02:31.053+0900][13.411s][info][gc,heap     ] GC(130) Eden regions: 50->0(202)
[2026-03-26T14:02:31.053+0900][13.411s][info][gc,heap     ] GC(130) Survivor regions: 0->0(26)
[2026-03-26T14:02:31.053+0900][13.411s][info][gc,heap     ] GC(130) Old regions: 1->1
[2026-03-26T14:02:31.053+0900][13.411s][info][gc,heap     ] GC(130) Humongous regions: 282->282
[2026-03-26T14:02:31.053+0900][13.411s][info][gc,metaspace] GC(130) Metaspace: 312K(512K)->312K(512K) NonClass: 295K(384K)->295K(384K) Class: 17K(128K)->17K(128K)
[2026-03-26T14:02:31.053+0900][13.411s][info][gc          ] GC(130) Pause Young (Concurrent Start) (G1 Humongous Allocation) 332M->282M(512M) 2.605ms
[2026-03-26T14:02:31.053+0900][13.411s][info][gc,cpu      ] GC(130) User=0.00s Sys=0.00s Real=0.00s
[2026-03-26T14:02:31.053+0900][13.411s][info][gc          ] GC(131) Concurrent Mark Cycle
[2026-03-26T14:02:31.053+0900][13.411s][info][gc,marking  ] GC(131) Concurrent Scan Root Regions
[2026-03-26T14:02:31.053+0900][13.411s][info][gc,marking  ] GC(131) Concurrent Scan Root Regions 0.015ms
[2026-03-26T14:02:31.053+0900][13.411s][info][gc,marking  ] GC(131) Concurrent Mark
[2026-03-26T14:02:31.053+0900][13.411s][info][gc,marking  ] GC(131) Concurrent Mark From Roots
[2026-03-26T14:02:31.053+0900][13.411s][info][gc,task     ] GC(131) Using 3 workers of 3 for marking
[2026-03-26T14:02:31.057+0900][13.412s][info][gc,marking  ] GC(131) Concurrent Mark From Roots 0.966ms
[2026-03-26T14:02:31.057+0900][13.412s][info][gc,marking  ] GC(131) Concurrent Preclean
[2026-03-26T14:02:31.057+0900][13.412s][info][gc,marking  ] GC(131) Concurrent Preclean 0.017ms
[2026-03-26T14:02:31.057+0900][13.412s][info][gc,start    ] GC(131) Pause Remark
[2026-03-26T14:02:31.057+0900][13.413s][info][gc          ] GC(131) Pause Remark 288M->288M(512M) 0.949ms
[2026-03-26T14:02:31.057+0900][13.413s][info][gc,cpu      ] GC(131) User=0.00s Sys=0.00s Real=0.00s
[2026-03-26T14:02:31.057+0900][13.413s][info][gc,marking  ] GC(131) Concurrent Mark 2.226ms
[2026-03-26T14:02:31.057+0900][13.414s][info][gc,marking  ] GC(131) Concurrent Rebuild Remembered Sets and Scrub Regions
[2026-03-26T14:02:31.057+0900][13.414s][info][gc,marking  ] GC(131) Concurrent Rebuild Remembered Sets and Scrub Regions 0.489ms
[2026-03-26T14:02:31.057+0900][13.414s][info][gc,start    ] GC(131) Pause Cleanup
[2026-03-26T14:02:31.057+0900][13.414s][info][gc          ] GC(131) Pause Cleanup 288M->288M(512M) 0.149ms
[2026-03-26T14:02:31.057+0900][13.414s][info][gc,cpu      ] GC(131) User=0.00s Sys=0.00s Real=0.00s
[2026-03-26T14:02:31.057+0900][13.414s][info][gc,marking  ] GC(131) Concurrent Clear Claimed Marks
[2026-03-26T14:02:31.057+0900][13.414s][info][gc,marking  ] GC(131) Concurrent Clear Claimed Marks 0.042ms
[2026-03-26T14:02:31.057+0900][13.414s][info][gc,marking  ] GC(131) Concurrent Cleanup for Next Mark
[2026-03-26T14:02:31.057+0900][13.415s][info][gc,marking  ] GC(131) Concurrent Cleanup for Next Mark 0.316ms
[2026-03-26T14:02:31.057+0900][13.415s][info][gc          ] GC(131) Concurrent Mark Cycle 3.584ms
[2026-03-26T14:02:31.213+0900][13.569s][info][gc,start    ] GC(132) Pause Young (Concurrent Start) (G1 Humongous Allocation)
[2026-03-26T14:02:31.213+0900][13.569s][info][gc,task     ] GC(132) Using 12 workers of 13 for evacuation
[2026-03-26T14:02:31.214+0900][13.570s][info][gc,phases   ] GC(132)   Pre Evacuate Collection Set: 0.2ms
[2026-03-26T14:02:31.214+0900][13.570s][info][gc,phases   ] GC(132)   Merge Heap Roots: 0.1ms
[2026-03-26T14:02:31.214+0900][13.570s][info][gc,phases   ] GC(132)   Evacuate Collection Set: 0.2ms
[2026-03-26T14:02:31.214+0900][13.570s][info][gc,phases   ] GC(132)   Post Evacuate Collection Set: 0.2ms
[2026-03-26T14:02:31.214+0900][13.570s][info][gc,phases   ] GC(132)   Other: 0.1ms
[2026-03-26T14:02:31.214+0900][13.570s][info][gc,heap     ] GC(132) Eden regions: 50->0(196)
[2026-03-26T14:02:31.214+0900][13.570s][info][gc,heap     ] GC(132) Survivor regions: 0->0(26)
[2026-03-26T14:02:31.214+0900][13.570s][info][gc,heap     ] GC(132) Old regions: 1->1
[2026-03-26T14:02:31.214+0900][13.570s][info][gc,heap     ] GC(132) Humongous regions: 288->288
[2026-03-26T14:02:31.214+0900][13.570s][info][gc,metaspace] GC(132) Metaspace: 312K(512K)->312K(512K) NonClass: 295K(384K)->295K(384K) Class: 17K(128K)->17K(128K)
[2026-03-26T14:02:31.214+0900][13.570s][info][gc          ] GC(132) Pause Young (Concurrent Start) (G1 Humongous Allocation) 338M->288M(512M) 0.868ms
[2026-03-26T14:02:31.214+0900][13.570s][info][gc,cpu      ] GC(132) User=0.00s Sys=0.00s Real=0.00s
[2026-03-26T14:02:31.214+0900][13.570s][info][gc          ] GC(133) Concurrent Mark Cycle
[2026-03-26T14:02:31.214+0900][13.570s][info][gc,marking  ] GC(133) Concurrent Scan Root Regions
[2026-03-26T14:02:31.214+0900][13.570s][info][gc,marking  ] GC(133) Concurrent Scan Root Regions 0.015ms
[2026-03-26T14:02:31.214+0900][13.570s][info][gc,marking  ] GC(133) Concurrent Mark
[2026-03-26T14:02:31.214+0900][13.570s][info][gc,marking  ] GC(133) Concurrent Mark From Roots
[2026-03-26T14:02:31.214+0900][13.570s][info][gc,task     ] GC(133) Using 3 workers of 3 for marking
[2026-03-26T14:02:31.215+0900][13.571s][info][gc,marking  ] GC(133) Concurrent Mark From Roots 0.887ms
[2026-03-26T14:02:31.215+0900][13.571s][info][gc,marking  ] GC(133) Concurrent Preclean
[2026-03-26T14:02:31.215+0900][13.571s][info][gc,marking  ] GC(133) Concurrent Preclean 0.019ms
[2026-03-26T14:02:31.215+0900][13.571s][info][gc,start    ] GC(133) Pause Remark
[2026-03-26T14:02:31.216+0900][13.572s][info][gc          ] GC(133) Pause Remark 294M->294M(512M) 0.639ms
[2026-03-26T14:02:31.216+0900][13.572s][info][gc,cpu      ] GC(133) User=0.00s Sys=0.00s Real=0.00s
[2026-03-26T14:02:31.216+0900][13.572s][info][gc,marking  ] GC(133) Concurrent Mark 2.050ms
[2026-03-26T14:02:31.216+0900][13.572s][info][gc,marking  ] GC(133) Concurrent Rebuild Remembered Sets and Scrub Regions
[2026-03-26T14:02:31.217+0900][13.573s][info][gc,marking  ] GC(133) Concurrent Rebuild Remembered Sets and Scrub Regions 0.610ms
[2026-03-26T14:02:31.217+0900][13.573s][info][gc,start    ] GC(133) Pause Cleanup
[2026-03-26T14:02:31.217+0900][13.573s][info][gc          ] GC(133) Pause Cleanup 294M->294M(512M) 0.122ms
[2026-03-26T14:02:31.217+0900][13.573s][info][gc,cpu      ] GC(133) User=0.00s Sys=0.00s Real=0.00s
[2026-03-26T14:02:31.217+0900][13.573s][info][gc,marking  ] GC(133) Concurrent Clear Claimed Marks
[2026-03-26T14:02:31.217+0900][13.573s][info][gc,marking  ] GC(133) Concurrent Clear Claimed Marks 0.045ms
[2026-03-26T14:02:31.217+0900][13.573s][info][gc,marking  ] GC(133) Concurrent Cleanup for Next Mark
[2026-03-26T14:02:31.217+0900][13.573s][info][gc,marking  ] GC(133) Concurrent Cleanup for Next Mark 0.377ms
[2026-03-26T14:02:31.217+0900][13.573s][info][gc          ] GC(133) Concurrent Mark Cycle 3.559ms
[2026-03-26T14:02:31.373+0900][13.729s][info][gc,start    ] GC(134) Pause Young (Concurrent Start) (G1 Humongous Allocation)
[2026-03-26T14:02:31.373+0900][13.729s][info][gc,task     ] GC(134) Using 12 workers of 13 for evacuation
[2026-03-26T14:02:31.373+0900][13.730s][info][gc,phases   ] GC(134)   Pre Evacuate Collection Set: 0.2ms
[2026-03-26T14:02:31.373+0900][13.730s][info][gc,phases   ] GC(134)   Merge Heap Roots: 0.1ms
[2026-03-26T14:02:31.373+0900][13.730s][info][gc,phases   ] GC(134)   Evacuate Collection Set: 0.2ms
[2026-03-26T14:02:31.373+0900][13.730s][info][gc,phases   ] GC(134)   Post Evacuate Collection Set: 0.5ms
[2026-03-26T14:02:31.373+0900][13.730s][info][gc,phases   ] GC(134)   Other: 0.1ms
[2026-03-26T14:02:31.373+0900][13.730s][info][gc,heap     ] GC(134) Eden regions: 50->0(190)
[2026-03-26T14:02:31.373+0900][13.730s][info][gc,heap     ] GC(134) Survivor regions: 0->0(25)
[2026-03-26T14:02:31.373+0900][13.730s][info][gc,heap     ] GC(134) Old regions: 1->1
[2026-03-26T14:02:31.373+0900][13.731s][info][gc,heap     ] GC(134) Humongous regions: 294->294
[2026-03-26T14:02:31.373+0900][13.731s][info][gc,metaspace] GC(134) Metaspace: 312K(512K)->312K(512K) NonClass: 295K(384K)->295K(384K) Class: 17K(128K)->17K(128K)
[2026-03-26T14:02:31.373+0900][13.731s][info][gc          ] GC(134) Pause Young (Concurrent Start) (G1 Humongous Allocation) 344M->294M(512M) 1.476ms
[2026-03-26T14:02:31.373+0900][13.731s][info][gc,cpu      ] GC(134) User=0.00s Sys=0.00s Real=0.00s
[2026-03-26T14:02:31.373+0900][13.731s][info][gc          ] GC(135) Concurrent Mark Cycle
[2026-03-26T14:02:31.373+0900][13.731s][info][gc,marking  ] GC(135) Concurrent Scan Root Regions
[2026-03-26T14:02:31.373+0900][13.731s][info][gc,marking  ] GC(135) Concurrent Scan Root Regions 0.013ms
[2026-03-26T14:02:31.373+0900][13.731s][info][gc,marking  ] GC(135) Concurrent Mark
[2026-03-26T14:02:31.373+0900][13.731s][info][gc,marking  ] GC(135) Concurrent Mark From Roots
[2026-03-26T14:02:31.373+0900][13.731s][info][gc,task     ] GC(135) Using 3 workers of 3 for marking
[2026-03-26T14:02:31.373+0900][13.732s][info][gc,marking  ] GC(135) Concurrent Mark From Roots 0.839ms
[2026-03-26T14:02:31.373+0900][13.732s][info][gc,marking  ] GC(135) Concurrent Preclean
[2026-03-26T14:02:31.373+0900][13.732s][info][gc,marking  ] GC(135) Concurrent Preclean 0.018ms
[2026-03-26T14:02:31.377+0900][13.732s][info][gc,start    ] GC(135) Pause Remark
[2026-03-26T14:02:31.377+0900][13.733s][info][gc          ] GC(135) Pause Remark 300M->300M(512M) 0.846ms
[2026-03-26T14:02:31.377+0900][13.733s][info][gc,cpu      ] GC(135) User=0.00s Sys=0.00s Real=0.00s
[2026-03-26T14:02:31.377+0900][13.733s][info][gc,marking  ] GC(135) Concurrent Mark 2.144ms
[2026-03-26T14:02:31.377+0900][13.733s][info][gc,marking  ] GC(135) Concurrent Rebuild Remembered Sets and Scrub Regions
[2026-03-26T14:02:31.377+0900][13.733s][info][gc,marking  ] GC(135) Concurrent Rebuild Remembered Sets and Scrub Regions 0.452ms
[2026-03-26T14:02:31.377+0900][13.734s][info][gc,start    ] GC(135) Pause Cleanup
[2026-03-26T14:02:31.377+0900][13.734s][info][gc          ] GC(135) Pause Cleanup 301M->301M(512M) 0.135ms
[2026-03-26T14:02:31.377+0900][13.734s][info][gc,cpu      ] GC(135) User=0.00s Sys=0.00s Real=0.00s
[2026-03-26T14:02:31.377+0900][13.734s][info][gc,marking  ] GC(135) Concurrent Clear Claimed Marks
[2026-03-26T14:02:31.377+0900][13.734s][info][gc,marking  ] GC(135) Concurrent Clear Claimed Marks 0.044ms
[2026-03-26T14:02:31.377+0900][13.734s][info][gc,marking  ] GC(135) Concurrent Cleanup for Next Mark
[2026-03-26T14:02:31.377+0900][13.734s][info][gc,marking  ] GC(135) Concurrent Cleanup for Next Mark 0.316ms
[2026-03-26T14:02:31.377+0900][13.734s][info][gc          ] GC(135) Concurrent Mark Cycle 3.454ms
[2026-03-26T14:02:31.561+0900][13.917s][info][gc,start    ] GC(136) Pause Young (Concurrent Start) (G1 Humongous Allocation)
[2026-03-26T14:02:31.561+0900][13.917s][info][gc,task     ] GC(136) Using 12 workers of 13 for evacuation
[2026-03-26T14:02:31.561+0900][13.918s][info][gc,phases   ] GC(136)   Pre Evacuate Collection Set: 0.2ms
[2026-03-26T14:02:31.561+0900][13.918s][info][gc,phases   ] GC(136)   Merge Heap Roots: 0.1ms
[2026-03-26T14:02:31.561+0900][13.918s][info][gc,phases   ] GC(136)   Evacuate Collection Set: 0.2ms
[2026-03-26T14:02:31.561+0900][13.918s][info][gc,phases   ] GC(136)   Post Evacuate Collection Set: 0.2ms
[2026-03-26T14:02:31.561+0900][13.918s][info][gc,phases   ] GC(136)   Other: 0.1ms
[2026-03-26T14:02:31.561+0900][13.918s][info][gc,heap     ] GC(136) Eden regions: 50->0(184)
[2026-03-26T14:02:31.561+0900][13.918s][info][gc,heap     ] GC(136) Survivor regions: 0->0(24)
[2026-03-26T14:02:31.561+0900][13.918s][info][gc,heap     ] GC(136) Old regions: 1->1
[2026-03-26T14:02:31.561+0900][13.918s][info][gc,heap     ] GC(136) Humongous regions: 300->300
[2026-03-26T14:02:31.561+0900][13.918s][info][gc,metaspace] GC(136) Metaspace: 312K(512K)->312K(512K) NonClass: 295K(384K)->295K(384K) Class: 17K(128K)->17K(128K)
[2026-03-26T14:02:31.561+0900][13.918s][info][gc          ] GC(136) Pause Young (Concurrent Start) (G1 Humongous Allocation) 350M->300M(512M) 1.040ms
[2026-03-26T14:02:31.561+0900][13.918s][info][gc,cpu      ] GC(136) User=0.00s Sys=0.00s Real=0.00s
[2026-03-26T14:02:31.561+0900][13.918s][info][gc          ] GC(137) Concurrent Mark Cycle
[2026-03-26T14:02:31.561+0900][13.918s][info][gc,marking  ] GC(137) Concurrent Scan Root Regions
[2026-03-26T14:02:31.561+0900][13.918s][info][gc,marking  ] GC(137) Concurrent Scan Root Regions 0.013ms
[2026-03-26T14:02:31.561+0900][13.918s][info][gc,marking  ] GC(137) Concurrent Mark
[2026-03-26T14:02:31.561+0900][13.918s][info][gc,marking  ] GC(137) Concurrent Mark From Roots
[2026-03-26T14:02:31.561+0900][13.918s][info][gc,task     ] GC(137) Using 3 workers of 3 for marking
[2026-03-26T14:02:31.563+0900][13.919s][info][gc,marking  ] GC(137) Concurrent Mark From Roots 1.119ms
[2026-03-26T14:02:31.563+0900][13.919s][info][gc,marking  ] GC(137) Concurrent Preclean
[2026-03-26T14:02:31.563+0900][13.919s][info][gc,marking  ] GC(137) Concurrent Preclean 0.017ms
[2026-03-26T14:02:31.565+0900][13.920s][info][gc,start    ] GC(137) Pause Remark
[2026-03-26T14:02:31.566+0900][13.921s][info][gc          ] GC(137) Pause Remark 300M->300M(512M) 0.627ms
[2026-03-26T14:02:31.566+0900][13.921s][info][gc,cpu      ] GC(137) User=0.00s Sys=0.00s Real=0.00s
[2026-03-26T14:02:31.566+0900][13.921s][info][gc,marking  ] GC(137) Concurrent Mark 3.045ms
[2026-03-26T14:02:31.566+0900][13.921s][info][gc,marking  ] GC(137) Concurrent Rebuild Remembered Sets and Scrub Regions
[2026-03-26T14:02:31.566+0900][13.922s][info][gc,marking  ] GC(137) Concurrent Rebuild Remembered Sets and Scrub Regions 0.412ms
[2026-03-26T14:02:31.566+0900][13.922s][info][gc,start    ] GC(137) Pause Cleanup
[2026-03-26T14:02:31.566+0900][13.922s][info][gc          ] GC(137) Pause Cleanup 300M->300M(512M) 0.105ms
[2026-03-26T14:02:31.566+0900][13.922s][info][gc,cpu      ] GC(137) User=0.00s Sys=0.00s Real=0.00s
[2026-03-26T14:02:31.566+0900][13.922s][info][gc,marking  ] GC(137) Concurrent Clear Claimed Marks
[2026-03-26T14:02:31.566+0900][13.922s][info][gc,marking  ] GC(137) Concurrent Clear Claimed Marks 0.026ms
[2026-03-26T14:02:31.566+0900][13.922s][info][gc,marking  ] GC(137) Concurrent Cleanup for Next Mark
[2026-03-26T14:02:31.566+0900][13.922s][info][gc,marking  ] GC(137) Concurrent Cleanup for Next Mark 0.379ms
[2026-03-26T14:02:31.567+0900][13.922s][info][gc          ] GC(137) Concurrent Mark Cycle 4.211ms
[2026-03-26T14:02:31.726+0900][14.082s][info][gc,start    ] GC(138) Pause Young (Concurrent Start) (G1 Humongous Allocation)
[2026-03-26T14:02:31.726+0900][14.083s][info][gc,task     ] GC(138) Using 12 workers of 13 for evacuation
[2026-03-26T14:02:31.726+0900][14.084s][info][gc,phases   ] GC(138)   Pre Evacuate Collection Set: 0.3ms
[2026-03-26T14:02:31.726+0900][14.084s][info][gc,phases   ] GC(138)   Merge Heap Roots: 0.1ms
[2026-03-26T14:02:31.726+0900][14.084s][info][gc,phases   ] GC(138)   Evacuate Collection Set: 0.2ms
[2026-03-26T14:02:31.726+0900][14.084s][info][gc,phases   ] GC(138)   Post Evacuate Collection Set: 0.2ms
[2026-03-26T14:02:31.726+0900][14.084s][info][gc,phases   ] GC(138)   Other: 0.1ms
[2026-03-26T14:02:31.726+0900][14.084s][info][gc,heap     ] GC(138) Eden regions: 50->0(178)
[2026-03-26T14:02:31.726+0900][14.084s][info][gc,heap     ] GC(138) Survivor regions: 0->0(23)
[2026-03-26T14:02:31.726+0900][14.084s][info][gc,heap     ] GC(138) Old regions: 1->1
[2026-03-26T14:02:31.726+0900][14.084s][info][gc,heap     ] GC(138) Humongous regions: 306->306
[2026-03-26T14:02:31.726+0900][14.084s][info][gc,metaspace] GC(138) Metaspace: 312K(512K)->312K(512K) NonClass: 295K(384K)->295K(384K) Class: 17K(128K)->17K(128K)
[2026-03-26T14:02:31.726+0900][14.084s][info][gc          ] GC(138) Pause Young (Concurrent Start) (G1 Humongous Allocation) 356M->306M(512M) 1.227ms
[2026-03-26T14:02:31.726+0900][14.084s][info][gc,cpu      ] GC(138) User=0.00s Sys=0.00s Real=0.00s
[2026-03-26T14:02:31.726+0900][14.084s][info][gc          ] GC(139) Concurrent Mark Cycle
[2026-03-26T14:02:31.726+0900][14.084s][info][gc,marking  ] GC(139) Concurrent Scan Root Regions
[2026-03-26T14:02:31.726+0900][14.084s][info][gc,marking  ] GC(139) Concurrent Scan Root Regions 0.015ms
[2026-03-26T14:02:31.726+0900][14.084s][info][gc,marking  ] GC(139) Concurrent Mark
[2026-03-26T14:02:31.726+0900][14.084s][info][gc,marking  ] GC(139) Concurrent Mark From Roots
[2026-03-26T14:02:31.726+0900][14.084s][info][gc,task     ] GC(139) Using 3 workers of 3 for marking
[2026-03-26T14:02:31.726+0900][14.085s][info][gc,marking  ] GC(139) Concurrent Mark From Roots 0.918ms
[2026-03-26T14:02:31.726+0900][14.085s][info][gc,marking  ] GC(139) Concurrent Preclean
[2026-03-26T14:02:31.726+0900][14.085s][info][gc,marking  ] GC(139) Concurrent Preclean 0.016ms
[2026-03-26T14:02:31.726+0900][14.085s][info][gc,start    ] GC(139) Pause Remark
[2026-03-26T14:02:31.726+0900][14.086s][info][gc          ] GC(139) Pause Remark 312M->312M(512M) 0.581ms
[2026-03-26T14:02:31.726+0900][14.086s][info][gc,cpu      ] GC(139) User=0.00s Sys=0.00s Real=0.00s
[2026-03-26T14:02:31.726+0900][14.086s][info][gc,marking  ] GC(139) Concurrent Mark 1.718ms
[2026-03-26T14:02:31.726+0900][14.086s][info][gc,marking  ] GC(139) Concurrent Rebuild Remembered Sets and Scrub Regions
[2026-03-26T14:02:31.726+0900][14.086s][info][gc,marking  ] GC(139) Concurrent Rebuild Remembered Sets and Scrub Regions 0.513ms
[2026-03-26T14:02:31.726+0900][14.086s][info][gc,start    ] GC(139) Pause Cleanup
[2026-03-26T14:02:31.726+0900][14.086s][info][gc          ] GC(139) Pause Cleanup 312M->312M(512M) 0.123ms
[2026-03-26T14:02:31.726+0900][14.086s][info][gc,cpu      ] GC(139) User=0.00s Sys=0.00s Real=0.00s
[2026-03-26T14:02:31.726+0900][14.086s][info][gc,marking  ] GC(139) Concurrent Clear Claimed Marks
[2026-03-26T14:02:31.726+0900][14.086s][info][gc,marking  ] GC(139) Concurrent Clear Claimed Marks 0.045ms
[2026-03-26T14:02:31.726+0900][14.086s][info][gc,marking  ] GC(139) Concurrent Cleanup for Next Mark
[2026-03-26T14:02:31.726+0900][14.087s][info][gc,marking  ] GC(139) Concurrent Cleanup for Next Mark 0.407ms
[2026-03-26T14:02:31.726+0900][14.087s][info][gc          ] GC(139) Concurrent Mark Cycle 3.144ms
[2026-03-26T14:02:31.898+0900][14.256s][info][gc,start    ] GC(140) Pause Young (Concurrent Start) (G1 Humongous Allocation)
[2026-03-26T14:02:31.898+0900][14.256s][info][gc,task     ] GC(140) Using 12 workers of 13 for evacuation
[2026-03-26T14:02:31.898+0900][14.258s][info][gc,phases   ] GC(140)   Pre Evacuate Collection Set: 0.6ms
[2026-03-26T14:02:31.898+0900][14.258s][info][gc,phases   ] GC(140)   Merge Heap Roots: 0.2ms
[2026-03-26T14:02:31.898+0900][14.258s][info][gc,phases   ] GC(140)   Evacuate Collection Set: 0.4ms
[2026-03-26T14:02:31.898+0900][14.258s][info][gc,phases   ] GC(140)   Post Evacuate Collection Set: 0.7ms
[2026-03-26T14:02:31.898+0900][14.258s][info][gc,phases   ] GC(140)   Other: 0.3ms
[2026-03-26T14:02:31.898+0900][14.258s][info][gc,heap     ] GC(140) Eden regions: 50->0(172)
[2026-03-26T14:02:31.898+0900][14.258s][info][gc,heap     ] GC(140) Survivor regions: 0->0(23)
[2026-03-26T14:02:31.898+0900][14.258s][info][gc,heap     ] GC(140) Old regions: 1->1
[2026-03-26T14:02:31.898+0900][14.258s][info][gc,heap     ] GC(140) Humongous regions: 312->312
[2026-03-26T14:02:31.898+0900][14.258s][info][gc,metaspace] GC(140) Metaspace: 312K(512K)->312K(512K) NonClass: 295K(384K)->295K(384K) Class: 17K(128K)->17K(128K)
[2026-03-26T14:02:31.898+0900][14.258s][info][gc          ] GC(140) Pause Young (Concurrent Start) (G1 Humongous Allocation) 362M->312M(512M) 2.866ms
[2026-03-26T14:02:31.898+0900][14.258s][info][gc,cpu      ] GC(140) User=0.02s Sys=0.00s Real=0.00s
[2026-03-26T14:02:31.898+0900][14.259s][info][gc          ] GC(141) Concurrent Mark Cycle
[2026-03-26T14:02:31.898+0900][14.259s][info][gc,marking  ] GC(141) Concurrent Scan Root Regions
[2026-03-26T14:02:31.898+0900][14.259s][info][gc,marking  ] GC(141) Concurrent Scan Root Regions 0.036ms
[2026-03-26T14:02:31.898+0900][14.259s][info][gc,marking  ] GC(141) Concurrent Mark
[2026-03-26T14:02:31.898+0900][14.259s][info][gc,marking  ] GC(141) Concurrent Mark From Roots
[2026-03-26T14:02:31.898+0900][14.259s][info][gc,task     ] GC(141) Using 3 workers of 3 for marking
[2026-03-26T14:02:31.905+0900][14.261s][info][gc,marking  ] GC(141) Concurrent Mark From Roots 2.098ms
[2026-03-26T14:02:31.905+0900][14.261s][info][gc,marking  ] GC(141) Concurrent Preclean
[2026-03-26T14:02:31.905+0900][14.261s][info][gc,marking  ] GC(141) Concurrent Preclean 0.035ms
[2026-03-26T14:02:31.905+0900][14.261s][info][gc,start    ] GC(141) Pause Remark
[2026-03-26T14:02:31.905+0900][14.262s][info][gc          ] GC(141) Pause Remark 318M->318M(512M) 1.298ms
[2026-03-26T14:02:31.905+0900][14.263s][info][gc,cpu      ] GC(141) User=0.00s Sys=0.00s Real=0.00s
[2026-03-26T14:02:31.905+0900][14.263s][info][gc,marking  ] GC(141) Concurrent Mark 3.841ms
[2026-03-26T14:02:31.905+0900][14.263s][info][gc,marking  ] GC(141) Concurrent Rebuild Remembered Sets and Scrub Regions
[2026-03-26T14:02:31.905+0900][14.264s][info][gc,marking  ] GC(141) Concurrent Rebuild Remembered Sets and Scrub Regions 1.123ms
[2026-03-26T14:02:31.905+0900][14.264s][info][gc,start    ] GC(141) Pause Cleanup
[2026-03-26T14:02:31.905+0900][14.264s][info][gc          ] GC(141) Pause Cleanup 318M->318M(512M) 0.212ms
[2026-03-26T14:02:31.905+0900][14.264s][info][gc,cpu      ] GC(141) User=0.00s Sys=0.00s Real=0.00s
[2026-03-26T14:02:31.905+0900][14.265s][info][gc,marking  ] GC(141) Concurrent Clear Claimed Marks
[2026-03-26T14:02:31.905+0900][14.265s][info][gc,marking  ] GC(141) Concurrent Clear Claimed Marks 0.111ms
[2026-03-26T14:02:31.905+0900][14.265s][info][gc,marking  ] GC(141) Concurrent Cleanup for Next Mark
[2026-03-26T14:02:31.905+0900][14.265s][info][gc,marking  ] GC(141) Concurrent Cleanup for Next Mark 0.655ms
[2026-03-26T14:02:31.905+0900][14.266s][info][gc          ] GC(141) Concurrent Mark Cycle 7.002ms
[2026-03-26T14:02:32.064+0900][14.420s][info][gc,start    ] GC(142) Pause Young (Concurrent Start) (G1 Humongous Allocation)
[2026-03-26T14:02:32.064+0900][14.420s][info][gc,task     ] GC(142) Using 12 workers of 13 for evacuation
[2026-03-26T14:02:32.064+0900][14.421s][info][gc,phases   ] GC(142)   Pre Evacuate Collection Set: 0.3ms
[2026-03-26T14:02:32.064+0900][14.421s][info][gc,phases   ] GC(142)   Merge Heap Roots: 0.1ms
[2026-03-26T14:02:32.064+0900][14.421s][info][gc,phases   ] GC(142)   Evacuate Collection Set: 0.2ms
[2026-03-26T14:02:32.064+0900][14.421s][info][gc,phases   ] GC(142)   Post Evacuate Collection Set: 0.3ms
[2026-03-26T14:02:32.064+0900][14.421s][info][gc,phases   ] GC(142)   Other: 0.2ms
[2026-03-26T14:02:32.064+0900][14.421s][info][gc,heap     ] GC(142) Eden regions: 50->0(166)
[2026-03-26T14:02:32.064+0900][14.421s][info][gc,heap     ] GC(142) Survivor regions: 0->0(22)
[2026-03-26T14:02:32.064+0900][14.421s][info][gc,heap     ] GC(142) Old regions: 1->1
[2026-03-26T14:02:32.064+0900][14.421s][info][gc,heap     ] GC(142) Humongous regions: 318->318
[2026-03-26T14:02:32.064+0900][14.421s][info][gc,metaspace] GC(142) Metaspace: 312K(512K)->312K(512K) NonClass: 295K(384K)->295K(384K) Class: 17K(128K)->17K(128K)
[2026-03-26T14:02:32.064+0900][14.421s][info][gc          ] GC(142) Pause Young (Concurrent Start) (G1 Humongous Allocation) 368M->318M(512M) 1.367ms
[2026-03-26T14:02:32.064+0900][14.421s][info][gc,cpu      ] GC(142) User=0.00s Sys=0.00s Real=0.00s
[2026-03-26T14:02:32.064+0900][14.421s][info][gc          ] GC(143) Concurrent Mark Cycle
[2026-03-26T14:02:32.064+0900][14.421s][info][gc,marking  ] GC(143) Concurrent Scan Root Regions
[2026-03-26T14:02:32.064+0900][14.421s][info][gc,marking  ] GC(143) Concurrent Scan Root Regions 0.015ms
[2026-03-26T14:02:32.064+0900][14.421s][info][gc,marking  ] GC(143) Concurrent Mark
[2026-03-26T14:02:32.064+0900][14.421s][info][gc,marking  ] GC(143) Concurrent Mark From Roots
[2026-03-26T14:02:32.064+0900][14.421s][info][gc,task     ] GC(143) Using 3 workers of 3 for marking
[2026-03-26T14:02:32.067+0900][14.424s][info][gc,marking  ] GC(143) Concurrent Mark From Roots 2.149ms
[2026-03-26T14:02:32.067+0900][14.424s][info][gc,marking  ] GC(143) Concurrent Preclean
[2026-03-26T14:02:32.067+0900][14.424s][info][gc,marking  ] GC(143) Concurrent Preclean 0.017ms
[2026-03-26T14:02:32.067+0900][14.424s][info][gc,start    ] GC(143) Pause Remark
[2026-03-26T14:02:32.067+0900][14.424s][info][gc          ] GC(143) Pause Remark 324M->324M(512M) 0.544ms
[2026-03-26T14:02:32.067+0900][14.424s][info][gc,cpu      ] GC(143) User=0.00s Sys=0.00s Real=0.00s
[2026-03-26T14:02:32.067+0900][14.425s][info][gc,marking  ] GC(143) Concurrent Mark 3.146ms
[2026-03-26T14:02:32.067+0900][14.425s][info][gc,marking  ] GC(143) Concurrent Rebuild Remembered Sets and Scrub Regions
[2026-03-26T14:02:32.069+0900][14.425s][info][gc,marking  ] GC(143) Concurrent Rebuild Remembered Sets and Scrub Regions 0.484ms
[2026-03-26T14:02:32.069+0900][14.425s][info][gc,start    ] GC(143) Pause Cleanup
[2026-03-26T14:02:32.069+0900][14.425s][info][gc          ] GC(143) Pause Cleanup 324M->324M(512M) 0.073ms
[2026-03-26T14:02:32.069+0900][14.425s][info][gc,cpu      ] GC(143) User=0.00s Sys=0.00s Real=0.00s
[2026-03-26T14:02:32.069+0900][14.425s][info][gc,marking  ] GC(143) Concurrent Clear Claimed Marks
[2026-03-26T14:02:32.069+0900][14.425s][info][gc,marking  ] GC(143) Concurrent Clear Claimed Marks 0.013ms
[2026-03-26T14:02:32.069+0900][14.425s][info][gc,marking  ] GC(143) Concurrent Cleanup for Next Mark
[2026-03-26T14:02:32.069+0900][14.426s][info][gc,marking  ] GC(143) Concurrent Cleanup for Next Mark 1.009ms
[2026-03-26T14:02:32.069+0900][14.426s][info][gc          ] GC(143) Concurrent Mark Cycle 5.143ms
[2026-03-26T14:02:32.222+0900][14.578s][info][gc,start    ] GC(144) Pause Young (Concurrent Start) (G1 Humongous Allocation)
[2026-03-26T14:02:32.223+0900][14.578s][info][gc,task     ] GC(144) Using 12 workers of 13 for evacuation
[2026-03-26T14:02:32.223+0900][14.579s][info][gc,phases   ] GC(144)   Pre Evacuate Collection Set: 0.2ms
[2026-03-26T14:02:32.223+0900][14.579s][info][gc,phases   ] GC(144)   Merge Heap Roots: 0.2ms
[2026-03-26T14:02:32.223+0900][14.579s][info][gc,phases   ] GC(144)   Evacuate Collection Set: 0.1ms
[2026-03-26T14:02:32.223+0900][14.579s][info][gc,phases   ] GC(144)   Post Evacuate Collection Set: 0.3ms
[2026-03-26T14:02:32.223+0900][14.579s][info][gc,phases   ] GC(144)   Other: 0.1ms
[2026-03-26T14:02:32.223+0900][14.579s][info][gc,heap     ] GC(144) Eden regions: 50->0(160)
[2026-03-26T14:02:32.223+0900][14.579s][info][gc,heap     ] GC(144) Survivor regions: 0->0(21)
[2026-03-26T14:02:32.223+0900][14.579s][info][gc,heap     ] GC(144) Old regions: 1->1
[2026-03-26T14:02:32.223+0900][14.579s][info][gc,heap     ] GC(144) Humongous regions: 324->324
[2026-03-26T14:02:32.223+0900][14.579s][info][gc,metaspace] GC(144) Metaspace: 312K(512K)->312K(512K) NonClass: 295K(384K)->295K(384K) Class: 17K(128K)->17K(128K)
[2026-03-26T14:02:32.223+0900][14.579s][info][gc          ] GC(144) Pause Young (Concurrent Start) (G1 Humongous Allocation) 374M->324M(512M) 1.340ms
[2026-03-26T14:02:32.223+0900][14.580s][info][gc,cpu      ] GC(144) User=0.00s Sys=0.00s Real=0.00s
[2026-03-26T14:02:32.223+0900][14.580s][info][gc          ] GC(145) Concurrent Mark Cycle
[2026-03-26T14:02:32.223+0900][14.580s][info][gc,marking  ] GC(145) Concurrent Scan Root Regions
[2026-03-26T14:02:32.223+0900][14.580s][info][gc,marking  ] GC(145) Concurrent Scan Root Regions 0.018ms
[2026-03-26T14:02:32.223+0900][14.580s][info][gc,marking  ] GC(145) Concurrent Mark
[2026-03-26T14:02:32.223+0900][14.580s][info][gc,marking  ] GC(145) Concurrent Mark From Roots
[2026-03-26T14:02:32.223+0900][14.580s][info][gc,task     ] GC(145) Using 3 workers of 3 for marking
[2026-03-26T14:02:32.223+0900][14.581s][info][gc,marking  ] GC(145) Concurrent Mark From Roots 1.068ms
[2026-03-26T14:02:32.223+0900][14.581s][info][gc,marking  ] GC(145) Concurrent Preclean
[2026-03-26T14:02:32.223+0900][14.581s][info][gc,marking  ] GC(145) Concurrent Preclean 0.029ms
[2026-03-26T14:02:32.223+0900][14.581s][info][gc,start    ] GC(145) Pause Remark
[2026-03-26T14:02:32.223+0900][14.582s][info][gc          ] GC(145) Pause Remark 330M->330M(512M) 0.948ms
[2026-03-26T14:02:32.223+0900][14.582s][info][gc,cpu      ] GC(145) User=0.00s Sys=0.00s Real=0.00s
[2026-03-26T14:02:32.223+0900][14.582s][info][gc,marking  ] GC(145) Concurrent Mark 2.301ms
[2026-03-26T14:02:32.223+0900][14.582s][info][gc,marking  ] GC(145) Concurrent Rebuild Remembered Sets and Scrub Regions
[2026-03-26T14:02:32.223+0900][14.583s][info][gc,marking  ] GC(145) Concurrent Rebuild Remembered Sets and Scrub Regions 0.524ms
[2026-03-26T14:02:32.223+0900][14.583s][info][gc,start    ] GC(145) Pause Cleanup
[2026-03-26T14:02:32.223+0900][14.583s][info][gc          ] GC(145) Pause Cleanup 330M->330M(512M) 0.224ms
[2026-03-26T14:02:32.223+0900][14.583s][info][gc,cpu      ] GC(145) User=0.00s Sys=0.00s Real=0.00s
[2026-03-26T14:02:32.223+0900][14.583s][info][gc,marking  ] GC(145) Concurrent Clear Claimed Marks
[2026-03-26T14:02:32.223+0900][14.583s][info][gc,marking  ] GC(145) Concurrent Clear Claimed Marks 0.048ms
[2026-03-26T14:02:32.223+0900][14.583s][info][gc,marking  ] GC(145) Concurrent Cleanup for Next Mark
[2026-03-26T14:02:32.223+0900][14.584s][info][gc,marking  ] GC(145) Concurrent Cleanup for Next Mark 0.502ms
[2026-03-26T14:02:32.223+0900][14.584s][info][gc          ] GC(145) Concurrent Mark Cycle 4.080ms
[2026-03-26T14:02:32.392+0900][14.748s][info][gc,start    ] GC(146) Pause Young (Concurrent Start) (G1 Humongous Allocation)
[2026-03-26T14:02:32.392+0900][14.748s][info][gc,task     ] GC(146) Using 12 workers of 13 for evacuation
[2026-03-26T14:02:32.394+0900][14.751s][info][gc,phases   ] GC(146)   Pre Evacuate Collection Set: 0.5ms
[2026-03-26T14:02:32.394+0900][14.751s][info][gc,phases   ] GC(146)   Merge Heap Roots: 0.2ms
[2026-03-26T14:02:32.394+0900][14.751s][info][gc,phases   ] GC(146)   Evacuate Collection Set: 0.6ms
[2026-03-26T14:02:32.394+0900][14.751s][info][gc,phases   ] GC(146)   Post Evacuate Collection Set: 0.9ms
[2026-03-26T14:02:32.394+0900][14.751s][info][gc,phases   ] GC(146)   Other: 0.4ms
[2026-03-26T14:02:32.394+0900][14.751s][info][gc,heap     ] GC(146) Eden regions: 50->0(154)
[2026-03-26T14:02:32.394+0900][14.751s][info][gc,heap     ] GC(146) Survivor regions: 0->0(20)
[2026-03-26T14:02:32.394+0900][14.751s][info][gc,heap     ] GC(146) Old regions: 1->1
[2026-03-26T14:02:32.394+0900][14.751s][info][gc,heap     ] GC(146) Humongous regions: 330->330
[2026-03-26T14:02:32.394+0900][14.751s][info][gc,metaspace] GC(146) Metaspace: 312K(512K)->312K(512K) NonClass: 295K(384K)->295K(384K) Class: 17K(128K)->17K(128K)
[2026-03-26T14:02:32.394+0900][14.751s][info][gc          ] GC(146) Pause Young (Concurrent Start) (G1 Humongous Allocation) 380M->330M(512M) 3.201ms
[2026-03-26T14:02:32.394+0900][14.752s][info][gc,cpu      ] GC(146) User=0.00s Sys=0.00s Real=0.00s
[2026-03-26T14:02:32.394+0900][14.752s][info][gc          ] GC(147) Concurrent Mark Cycle
[2026-03-26T14:02:32.394+0900][14.752s][info][gc,marking  ] GC(147) Concurrent Scan Root Regions
[2026-03-26T14:02:32.394+0900][14.752s][info][gc,marking  ] GC(147) Concurrent Scan Root Regions 0.034ms
[2026-03-26T14:02:32.394+0900][14.752s][info][gc,marking  ] GC(147) Concurrent Mark
[2026-03-26T14:02:32.394+0900][14.752s][info][gc,marking  ] GC(147) Concurrent Mark From Roots
[2026-03-26T14:02:32.394+0900][14.752s][info][gc,task     ] GC(147) Using 3 workers of 3 for marking
[2026-03-26T14:02:32.394+0900][14.754s][info][gc,marking  ] GC(147) Concurrent Mark From Roots 2.094ms
[2026-03-26T14:02:32.394+0900][14.754s][info][gc,marking  ] GC(147) Concurrent Preclean
[2026-03-26T14:02:32.394+0900][14.754s][info][gc,marking  ] GC(147) Concurrent Preclean 0.036ms
[2026-03-26T14:02:32.394+0900][14.754s][info][gc,start    ] GC(147) Pause Remark
[2026-03-26T14:02:32.394+0900][14.756s][info][gc          ] GC(147) Pause Remark 336M->336M(512M) 1.577ms
[2026-03-26T14:02:32.394+0900][14.756s][info][gc,cpu      ] GC(147) User=0.00s Sys=0.00s Real=0.00s
[2026-03-26T14:02:32.394+0900][14.756s][info][gc,marking  ] GC(147) Concurrent Mark 4.253ms
[2026-03-26T14:02:32.394+0900][14.756s][info][gc,marking  ] GC(147) Concurrent Rebuild Remembered Sets and Scrub Regions
[2026-03-26T14:02:32.394+0900][14.757s][info][gc,marking  ] GC(147) Concurrent Rebuild Remembered Sets and Scrub Regions 0.986ms
[2026-03-26T14:02:32.394+0900][14.757s][info][gc,start    ] GC(147) Pause Cleanup
[2026-03-26T14:02:32.394+0900][14.758s][info][gc          ] GC(147) Pause Cleanup 336M->336M(512M) 0.325ms
[2026-03-26T14:02:32.394+0900][14.758s][info][gc,cpu      ] GC(147) User=0.00s Sys=0.00s Real=0.00s
[2026-03-26T14:02:32.394+0900][14.758s][info][gc,marking  ] GC(147) Concurrent Clear Claimed Marks
[2026-03-26T14:02:32.394+0900][14.758s][info][gc,marking  ] GC(147) Concurrent Clear Claimed Marks 0.097ms
[2026-03-26T14:02:32.394+0900][14.758s][info][gc,marking  ] GC(147) Concurrent Cleanup for Next Mark
[2026-03-26T14:02:32.394+0900][14.759s][info][gc,marking  ] GC(147) Concurrent Cleanup for Next Mark 0.633ms
[2026-03-26T14:02:32.394+0900][14.759s][info][gc          ] GC(147) Concurrent Mark Cycle 7.089ms
[2026-03-26T14:02:32.558+0900][14.916s][info][gc,start    ] GC(148) Pause Young (Concurrent Start) (G1 Humongous Allocation)
[2026-03-26T14:02:32.560+0900][14.916s][info][gc,task     ] GC(148) Using 12 workers of 13 for evacuation
[2026-03-26T14:02:32.562+0900][14.918s][info][gc,phases   ] GC(148)   Pre Evacuate Collection Set: 0.2ms
[2026-03-26T14:02:32.562+0900][14.918s][info][gc,phases   ] GC(148)   Merge Heap Roots: 0.1ms
[2026-03-26T14:02:32.562+0900][14.918s][info][gc,phases   ] GC(148)   Evacuate Collection Set: 1.1ms
[2026-03-26T14:02:32.562+0900][14.918s][info][gc,phases   ] GC(148)   Post Evacuate Collection Set: 0.2ms
[2026-03-26T14:02:32.562+0900][14.918s][info][gc,phases   ] GC(148)   Other: 0.2ms
[2026-03-26T14:02:32.562+0900][14.918s][info][gc,heap     ] GC(148) Eden regions: 50->0(148)
[2026-03-26T14:02:32.562+0900][14.918s][info][gc,heap     ] GC(148) Survivor regions: 0->0(20)
[2026-03-26T14:02:32.562+0900][14.918s][info][gc,heap     ] GC(148) Old regions: 1->1
[2026-03-26T14:02:32.562+0900][14.918s][info][gc,heap     ] GC(148) Humongous regions: 336->336
[2026-03-26T14:02:32.562+0900][14.918s][info][gc,metaspace] GC(148) Metaspace: 312K(512K)->312K(512K) NonClass: 295K(384K)->295K(384K) Class: 17K(128K)->17K(128K)
[2026-03-26T14:02:32.562+0900][14.918s][info][gc          ] GC(148) Pause Young (Concurrent Start) (G1 Humongous Allocation) 386M->336M(512M) 2.363ms
[2026-03-26T14:02:32.562+0900][14.918s][info][gc,cpu      ] GC(148) User=0.00s Sys=0.00s Real=0.00s
[2026-03-26T14:02:32.562+0900][14.918s][info][gc          ] GC(149) Concurrent Mark Cycle
[2026-03-26T14:02:32.562+0900][14.918s][info][gc,marking  ] GC(149) Concurrent Scan Root Regions
[2026-03-26T14:02:32.562+0900][14.918s][info][gc,marking  ] GC(149) Concurrent Scan Root Regions 0.022ms
[2026-03-26T14:02:32.562+0900][14.918s][info][gc,marking  ] GC(149) Concurrent Mark
[2026-03-26T14:02:32.562+0900][14.918s][info][gc,marking  ] GC(149) Concurrent Mark From Roots
[2026-03-26T14:02:32.562+0900][14.918s][info][gc,task     ] GC(149) Using 3 workers of 3 for marking
[2026-03-26T14:02:32.564+0900][14.920s][info][gc,marking  ] GC(149) Concurrent Mark From Roots 1.762ms
[2026-03-26T14:02:32.564+0900][14.920s][info][gc,marking  ] GC(149) Concurrent Preclean
[2026-03-26T14:02:32.564+0900][14.920s][info][gc,marking  ] GC(149) Concurrent Preclean 0.023ms
[2026-03-26T14:02:32.564+0900][14.920s][info][gc,start    ] GC(149) Pause Remark
[2026-03-26T14:02:32.564+0900][14.921s][info][gc          ] GC(149) Pause Remark 336M->336M(512M) 0.748ms
[2026-03-26T14:02:32.564+0900][14.921s][info][gc,cpu      ] GC(149) User=0.00s Sys=0.00s Real=0.00s
[2026-03-26T14:02:32.564+0900][14.921s][info][gc,marking  ] GC(149) Concurrent Mark 2.809ms
[2026-03-26T14:02:32.564+0900][14.921s][info][gc,marking  ] GC(149) Concurrent Rebuild Remembered Sets and Scrub Regions
[2026-03-26T14:02:32.564+0900][14.922s][info][gc,marking  ] GC(149) Concurrent Rebuild Remembered Sets and Scrub Regions 0.585ms
[2026-03-26T14:02:32.564+0900][14.922s][info][gc,start    ] GC(149) Pause Cleanup
[2026-03-26T14:02:32.566+0900][14.922s][info][gc          ] GC(149) Pause Cleanup 336M->336M(512M) 0.096ms
[2026-03-26T14:02:32.566+0900][14.922s][info][gc,cpu      ] GC(149) User=0.00s Sys=0.00s Real=0.00s
[2026-03-26T14:02:32.566+0900][14.922s][info][gc,marking  ] GC(149) Concurrent Clear Claimed Marks
[2026-03-26T14:02:32.566+0900][14.922s][info][gc,marking  ] GC(149) Concurrent Clear Claimed Marks 0.018ms
[2026-03-26T14:02:32.566+0900][14.922s][info][gc,marking  ] GC(149) Concurrent Cleanup for Next Mark
[2026-03-26T14:02:32.566+0900][14.923s][info][gc,marking  ] GC(149) Concurrent Cleanup for Next Mark 0.734ms
[2026-03-26T14:02:32.566+0900][14.923s][info][gc          ] GC(149) Concurrent Mark Cycle 4.484ms
[2026-03-26T14:02:32.736+0900][15.092s][info][gc,start    ] GC(150) Pause Young (Concurrent Start) (G1 Humongous Allocation)
[2026-03-26T14:02:32.736+0900][15.093s][info][gc,task     ] GC(150) Using 12 workers of 13 for evacuation
[2026-03-26T14:02:32.736+0900][15.095s][info][gc,phases   ] GC(150)   Pre Evacuate Collection Set: 0.5ms
[2026-03-26T14:02:32.736+0900][15.095s][info][gc,phases   ] GC(150)   Merge Heap Roots: 0.2ms
[2026-03-26T14:02:32.736+0900][15.095s][info][gc,phases   ] GC(150)   Evacuate Collection Set: 0.5ms
[2026-03-26T14:02:32.736+0900][15.095s][info][gc,phases   ] GC(150)   Post Evacuate Collection Set: 0.6ms
[2026-03-26T14:02:32.736+0900][15.095s][info][gc,phases   ] GC(150)   Other: 0.2ms
[2026-03-26T14:02:32.736+0900][15.095s][info][gc,heap     ] GC(150) Eden regions: 50->0(142)
[2026-03-26T14:02:32.736+0900][15.095s][info][gc,heap     ] GC(150) Survivor regions: 0->0(19)
[2026-03-26T14:02:32.736+0900][15.095s][info][gc,heap     ] GC(150) Old regions: 1->1
[2026-03-26T14:02:32.736+0900][15.095s][info][gc,heap     ] GC(150) Humongous regions: 342->342
[2026-03-26T14:02:32.736+0900][15.095s][info][gc,metaspace] GC(150) Metaspace: 312K(512K)->312K(512K) NonClass: 295K(384K)->295K(384K) Class: 17K(128K)->17K(128K)
[2026-03-26T14:02:32.736+0900][15.095s][info][gc          ] GC(150) Pause Young (Concurrent Start) (G1 Humongous Allocation) 392M->342M(512M) 2.740ms
[2026-03-26T14:02:32.736+0900][15.095s][info][gc,cpu      ] GC(150) User=0.00s Sys=0.00s Real=0.00s
[2026-03-26T14:02:32.736+0900][15.095s][info][gc          ] GC(151) Concurrent Mark Cycle
[2026-03-26T14:02:32.736+0900][15.095s][info][gc,marking  ] GC(151) Concurrent Scan Root Regions
[2026-03-26T14:02:32.736+0900][15.095s][info][gc,marking  ] GC(151) Concurrent Scan Root Regions 0.035ms
[2026-03-26T14:02:32.736+0900][15.095s][info][gc,marking  ] GC(151) Concurrent Mark
[2026-03-26T14:02:32.736+0900][15.095s][info][gc,marking  ] GC(151) Concurrent Mark From Roots
[2026-03-26T14:02:32.736+0900][15.096s][info][gc,task     ] GC(151) Using 3 workers of 3 for marking
[2026-03-26T14:02:32.742+0900][15.098s][info][gc,marking  ] GC(151) Concurrent Mark From Roots 2.196ms
[2026-03-26T14:02:32.742+0900][15.098s][info][gc,marking  ] GC(151) Concurrent Preclean
[2026-03-26T14:02:32.742+0900][15.098s][info][gc,marking  ] GC(151) Concurrent Preclean 0.037ms
[2026-03-26T14:02:32.742+0900][15.098s][info][gc,start    ] GC(151) Pause Remark
[2026-03-26T14:02:32.742+0900][15.099s][info][gc          ] GC(151) Pause Remark 348M->348M(512M) 1.391ms
[2026-03-26T14:02:32.742+0900][15.099s][info][gc,cpu      ] GC(151) User=0.00s Sys=0.00s Real=0.00s
[2026-03-26T14:02:32.742+0900][15.100s][info][gc,marking  ] GC(151) Concurrent Mark 4.052ms
[2026-03-26T14:02:32.742+0900][15.100s][info][gc,marking  ] GC(151) Concurrent Rebuild Remembered Sets and Scrub Regions
[2026-03-26T14:02:32.742+0900][15.101s][info][gc,marking  ] GC(151) Concurrent Rebuild Remembered Sets and Scrub Regions 0.951ms
[2026-03-26T14:02:32.742+0900][15.101s][info][gc,start    ] GC(151) Pause Cleanup
[2026-03-26T14:02:32.742+0900][15.101s][info][gc          ] GC(151) Pause Cleanup 348M->348M(512M) 0.257ms
[2026-03-26T14:02:32.742+0900][15.101s][info][gc,cpu      ] GC(151) User=0.00s Sys=0.00s Real=0.00s
[2026-03-26T14:02:32.742+0900][15.101s][info][gc,marking  ] GC(151) Concurrent Clear Claimed Marks
[2026-03-26T14:02:32.742+0900][15.101s][info][gc,marking  ] GC(151) Concurrent Clear Claimed Marks 0.106ms
[2026-03-26T14:02:32.742+0900][15.101s][info][gc,marking  ] GC(151) Concurrent Cleanup for Next Mark
[2026-03-26T14:02:32.742+0900][15.102s][info][gc,marking  ] GC(151) Concurrent Cleanup for Next Mark 0.593ms
[2026-03-26T14:02:32.742+0900][15.102s][info][gc          ] GC(151) Concurrent Mark Cycle 6.893ms
[2026-03-26T14:02:32.897+0900][15.253s][info][gc,start    ] GC(152) Pause Young (Concurrent Start) (G1 Humongous Allocation)
[2026-03-26T14:02:32.897+0900][15.253s][info][gc,task     ] GC(152) Using 12 workers of 13 for evacuation
[2026-03-26T14:02:32.897+0900][15.255s][info][gc,phases   ] GC(152)   Pre Evacuate Collection Set: 0.5ms
[2026-03-26T14:02:32.897+0900][15.255s][info][gc,phases   ] GC(152)   Merge Heap Roots: 0.2ms
[2026-03-26T14:02:32.897+0900][15.255s][info][gc,phases   ] GC(152)   Evacuate Collection Set: 0.4ms
[2026-03-26T14:02:32.897+0900][15.255s][info][gc,phases   ] GC(152)   Post Evacuate Collection Set: 0.7ms
[2026-03-26T14:02:32.897+0900][15.255s][info][gc,phases   ] GC(152)   Other: 0.2ms
[2026-03-26T14:02:32.897+0900][15.255s][info][gc,heap     ] GC(152) Eden regions: 50->0(136)
[2026-03-26T14:02:32.897+0900][15.255s][info][gc,heap     ] GC(152) Survivor regions: 0->0(18)
[2026-03-26T14:02:32.897+0900][15.255s][info][gc,heap     ] GC(152) Old regions: 1->1
[2026-03-26T14:02:32.897+0900][15.255s][info][gc,heap     ] GC(152) Humongous regions: 348->348
[2026-03-26T14:02:32.897+0900][15.256s][info][gc,metaspace] GC(152) Metaspace: 312K(512K)->312K(512K) NonClass: 295K(384K)->295K(384K) Class: 17K(128K)->17K(128K)
[2026-03-26T14:02:32.897+0900][15.256s][info][gc          ] GC(152) Pause Young (Concurrent Start) (G1 Humongous Allocation) 398M->348M(512M) 2.581ms
[2026-03-26T14:02:32.897+0900][15.256s][info][gc,cpu      ] GC(152) User=0.00s Sys=0.00s Real=0.00s
[2026-03-26T14:02:32.897+0900][15.256s][info][gc          ] GC(153) Concurrent Mark Cycle
[2026-03-26T14:02:32.897+0900][15.256s][info][gc,marking  ] GC(153) Concurrent Scan Root Regions
[2026-03-26T14:02:32.897+0900][15.256s][info][gc,marking  ] GC(153) Concurrent Scan Root Regions 0.031ms
[2026-03-26T14:02:32.897+0900][15.256s][info][gc,marking  ] GC(153) Concurrent Mark
[2026-03-26T14:02:32.897+0900][15.256s][info][gc,marking  ] GC(153) Concurrent Mark From Roots
[2026-03-26T14:02:32.897+0900][15.256s][info][gc,task     ] GC(153) Using 3 workers of 3 for marking
[2026-03-26T14:02:32.902+0900][15.258s][info][gc,marking  ] GC(153) Concurrent Mark From Roots 1.822ms
[2026-03-26T14:02:32.902+0900][15.258s][info][gc,marking  ] GC(153) Concurrent Preclean
[2026-03-26T14:02:32.902+0900][15.258s][info][gc,marking  ] GC(153) Concurrent Preclean 0.032ms
[2026-03-26T14:02:32.902+0900][15.258s][info][gc,start    ] GC(153) Pause Remark
[2026-03-26T14:02:32.902+0900][15.260s][info][gc          ] GC(153) Pause Remark 354M->354M(512M) 1.528ms
[2026-03-26T14:02:32.902+0900][15.260s][info][gc,cpu      ] GC(153) User=0.00s Sys=0.00s Real=0.00s
[2026-03-26T14:02:32.902+0900][15.260s][info][gc,marking  ] GC(153) Concurrent Mark 3.834ms
[2026-03-26T14:02:32.902+0900][15.260s][info][gc,marking  ] GC(153) Concurrent Rebuild Remembered Sets and Scrub Regions
[2026-03-26T14:02:32.902+0900][15.261s][info][gc,marking  ] GC(153) Concurrent Rebuild Remembered Sets and Scrub Regions 0.891ms
[2026-03-26T14:02:32.902+0900][15.261s][info][gc,start    ] GC(153) Pause Cleanup
[2026-03-26T14:02:32.902+0900][15.261s][info][gc          ] GC(153) Pause Cleanup 354M->354M(512M) 0.261ms
[2026-03-26T14:02:32.902+0900][15.261s][info][gc,cpu      ] GC(153) User=0.00s Sys=0.00s Real=0.00s
[2026-03-26T14:02:32.902+0900][15.261s][info][gc,marking  ] GC(153) Concurrent Clear Claimed Marks
[2026-03-26T14:02:32.902+0900][15.261s][info][gc,marking  ] GC(153) Concurrent Clear Claimed Marks 0.091ms
[2026-03-26T14:02:32.902+0900][15.261s][info][gc,marking  ] GC(153) Concurrent Cleanup for Next Mark
[2026-03-26T14:02:32.902+0900][15.262s][info][gc,marking  ] GC(153) Concurrent Cleanup for Next Mark 0.555ms
[2026-03-26T14:02:32.902+0900][15.262s][info][gc          ] GC(153) Concurrent Mark Cycle 6.429ms
[2026-03-26T14:02:33.060+0900][15.416s][info][gc,start    ] GC(154) Pause Young (Concurrent Start) (G1 Humongous Allocation)
[2026-03-26T14:02:33.060+0900][15.416s][info][gc,task     ] GC(154) Using 12 workers of 13 for evacuation
[2026-03-26T14:02:33.062+0900][15.417s][info][gc,phases   ] GC(154)   Pre Evacuate Collection Set: 0.2ms
[2026-03-26T14:02:33.062+0900][15.417s][info][gc,phases   ] GC(154)   Merge Heap Roots: 0.2ms
[2026-03-26T14:02:33.062+0900][15.417s][info][gc,phases   ] GC(154)   Evacuate Collection Set: 0.5ms
[2026-03-26T14:02:33.062+0900][15.417s][info][gc,phases   ] GC(154)   Post Evacuate Collection Set: 0.2ms
[2026-03-26T14:02:33.062+0900][15.417s][info][gc,phases   ] GC(154)   Other: 0.1ms
[2026-03-26T14:02:33.062+0900][15.417s][info][gc,heap     ] GC(154) Eden regions: 50->0(130)
[2026-03-26T14:02:33.062+0900][15.417s][info][gc,heap     ] GC(154) Survivor regions: 0->0(17)
[2026-03-26T14:02:33.062+0900][15.417s][info][gc,heap     ] GC(154) Old regions: 1->1
[2026-03-26T14:02:33.062+0900][15.417s][info][gc,heap     ] GC(154) Humongous regions: 354->354
[2026-03-26T14:02:33.062+0900][15.417s][info][gc,metaspace] GC(154) Metaspace: 312K(512K)->312K(512K) NonClass: 295K(384K)->295K(384K) Class: 17K(128K)->17K(128K)
[2026-03-26T14:02:33.062+0900][15.417s][info][gc          ] GC(154) Pause Young (Concurrent Start) (G1 Humongous Allocation) 404M->354M(512M) 1.678ms
[2026-03-26T14:02:33.062+0900][15.417s][info][gc,cpu      ] GC(154) User=0.00s Sys=0.00s Real=0.00s
[2026-03-26T14:02:33.062+0900][15.417s][info][gc          ] GC(155) Concurrent Mark Cycle
[2026-03-26T14:02:33.062+0900][15.417s][info][gc,marking  ] GC(155) Concurrent Scan Root Regions
[2026-03-26T14:02:33.062+0900][15.418s][info][gc,marking  ] GC(155) Concurrent Scan Root Regions 0.024ms
[2026-03-26T14:02:33.062+0900][15.418s][info][gc,marking  ] GC(155) Concurrent Mark
[2026-03-26T14:02:33.062+0900][15.418s][info][gc,marking  ] GC(155) Concurrent Mark From Roots
[2026-03-26T14:02:33.062+0900][15.418s][info][gc,task     ] GC(155) Using 3 workers of 3 for marking
[2026-03-26T14:02:33.064+0900][15.419s][info][gc,marking  ] GC(155) Concurrent Mark From Roots 1.822ms
[2026-03-26T14:02:33.064+0900][15.419s][info][gc,marking  ] GC(155) Concurrent Preclean
[2026-03-26T14:02:33.064+0900][15.420s][info][gc,marking  ] GC(155) Concurrent Preclean 0.033ms
[2026-03-26T14:02:33.064+0900][15.420s][info][gc,start    ] GC(155) Pause Remark
[2026-03-26T14:02:33.064+0900][15.421s][info][gc          ] GC(155) Pause Remark 360M->360M(512M) 1.499ms
[2026-03-26T14:02:33.064+0900][15.421s][info][gc,cpu      ] GC(155) User=0.00s Sys=0.00s Real=0.00s
[2026-03-26T14:02:33.064+0900][15.422s][info][gc,marking  ] GC(155) Concurrent Mark 4.071ms
[2026-03-26T14:02:33.064+0900][15.422s][info][gc,marking  ] GC(155) Concurrent Rebuild Remembered Sets and Scrub Regions
[2026-03-26T14:02:33.064+0900][15.422s][info][gc,marking  ] GC(155) Concurrent Rebuild Remembered Sets and Scrub Regions 0.838ms
[2026-03-26T14:02:33.064+0900][15.423s][info][gc,start    ] GC(155) Pause Cleanup
[2026-03-26T14:02:33.064+0900][15.423s][info][gc          ] GC(155) Pause Cleanup 361M->361M(512M) 0.242ms
[2026-03-26T14:02:33.064+0900][15.423s][info][gc,cpu      ] GC(155) User=0.00s Sys=0.00s Real=0.00s
[2026-03-26T14:02:33.064+0900][15.423s][info][gc,marking  ] GC(155) Concurrent Clear Claimed Marks
[2026-03-26T14:02:33.064+0900][15.423s][info][gc,marking  ] GC(155) Concurrent Clear Claimed Marks 0.090ms
[2026-03-26T14:02:33.064+0900][15.423s][info][gc,marking  ] GC(155) Concurrent Cleanup for Next Mark
[2026-03-26T14:02:33.064+0900][15.424s][info][gc,marking  ] GC(155) Concurrent Cleanup for Next Mark 0.554ms
[2026-03-26T14:02:33.064+0900][15.424s][info][gc          ] GC(155) Concurrent Mark Cycle 6.400ms
[2026-03-26T14:02:33.220+0900][15.576s][info][gc,start    ] GC(156) Pause Young (Concurrent Start) (G1 Humongous Allocation)
[2026-03-26T14:02:33.220+0900][15.576s][info][gc,task     ] GC(156) Using 12 workers of 13 for evacuation
[2026-03-26T14:02:33.220+0900][15.578s][info][gc,phases   ] GC(156)   Pre Evacuate Collection Set: 0.4ms
[2026-03-26T14:02:33.220+0900][15.578s][info][gc,phases   ] GC(156)   Merge Heap Roots: 0.1ms
[2026-03-26T14:02:33.220+0900][15.578s][info][gc,phases   ] GC(156)   Evacuate Collection Set: 0.2ms
[2026-03-26T14:02:33.220+0900][15.578s][info][gc,phases   ] GC(156)   Post Evacuate Collection Set: 0.4ms
[2026-03-26T14:02:33.220+0900][15.578s][info][gc,phases   ] GC(156)   Other: 0.1ms
[2026-03-26T14:02:33.220+0900][15.578s][info][gc,heap     ] GC(156) Eden regions: 50->0(124)
[2026-03-26T14:02:33.220+0900][15.578s][info][gc,heap     ] GC(156) Survivor regions: 0->0(17)
[2026-03-26T14:02:33.220+0900][15.578s][info][gc,heap     ] GC(156) Old regions: 1->1
[2026-03-26T14:02:33.220+0900][15.578s][info][gc,heap     ] GC(156) Humongous regions: 360->360
[2026-03-26T14:02:33.220+0900][15.578s][info][gc,metaspace] GC(156) Metaspace: 312K(512K)->312K(512K) NonClass: 295K(384K)->295K(384K) Class: 17K(128K)->17K(128K)
[2026-03-26T14:02:33.220+0900][15.578s][info][gc          ] GC(156) Pause Young (Concurrent Start) (G1 Humongous Allocation) 410M->360M(512M) 1.490ms
[2026-03-26T14:02:33.220+0900][15.578s][info][gc,cpu      ] GC(156) User=0.00s Sys=0.00s Real=0.00s
[2026-03-26T14:02:33.220+0900][15.578s][info][gc          ] GC(157) Concurrent Mark Cycle
[2026-03-26T14:02:33.220+0900][15.578s][info][gc,marking  ] GC(157) Concurrent Scan Root Regions
[2026-03-26T14:02:33.220+0900][15.578s][info][gc,marking  ] GC(157) Concurrent Scan Root Regions 0.016ms
[2026-03-26T14:02:33.220+0900][15.578s][info][gc,marking  ] GC(157) Concurrent Mark
[2026-03-26T14:02:33.220+0900][15.578s][info][gc,marking  ] GC(157) Concurrent Mark From Roots
[2026-03-26T14:02:33.220+0900][15.578s][info][gc,task     ] GC(157) Using 3 workers of 3 for marking
[2026-03-26T14:02:33.220+0900][15.579s][info][gc,marking  ] GC(157) Concurrent Mark From Roots 0.911ms
[2026-03-26T14:02:33.220+0900][15.579s][info][gc,marking  ] GC(157) Concurrent Preclean
[2026-03-26T14:02:33.220+0900][15.579s][info][gc,marking  ] GC(157) Concurrent Preclean 0.015ms
[2026-03-26T14:02:33.220+0900][15.579s][info][gc,start    ] GC(157) Pause Remark
[2026-03-26T14:02:33.220+0900][15.580s][info][gc          ] GC(157) Pause Remark 366M->366M(512M) 0.630ms
[2026-03-26T14:02:33.220+0900][15.580s][info][gc,cpu      ] GC(157) User=0.00s Sys=0.00s Real=0.00s
[2026-03-26T14:02:33.220+0900][15.580s][info][gc,marking  ] GC(157) Concurrent Mark 1.727ms
[2026-03-26T14:02:33.220+0900][15.580s][info][gc,marking  ] GC(157) Concurrent Rebuild Remembered Sets and Scrub Regions
[2026-03-26T14:02:33.220+0900][15.580s][info][gc,marking  ] GC(157) Concurrent Rebuild Remembered Sets and Scrub Regions 0.439ms
[2026-03-26T14:02:33.220+0900][15.580s][info][gc,start    ] GC(157) Pause Cleanup
[2026-03-26T14:02:33.220+0900][15.580s][info][gc          ] GC(157) Pause Cleanup 366M->366M(512M) 0.121ms
[2026-03-26T14:02:33.220+0900][15.580s][info][gc,cpu      ] GC(157) User=0.00s Sys=0.00s Real=0.00s
[2026-03-26T14:02:33.220+0900][15.581s][info][gc,marking  ] GC(157) Concurrent Clear Claimed Marks
[2026-03-26T14:02:33.220+0900][15.581s][info][gc,marking  ] GC(157) Concurrent Clear Claimed Marks 0.048ms
[2026-03-26T14:02:33.220+0900][15.581s][info][gc,marking  ] GC(157) Concurrent Cleanup for Next Mark
[2026-03-26T14:02:33.220+0900][15.581s][info][gc,marking  ] GC(157) Concurrent Cleanup for Next Mark 0.487ms
[2026-03-26T14:02:33.220+0900][15.581s][info][gc          ] GC(157) Concurrent Mark Cycle 3.348ms
[2026-03-26T14:02:33.381+0900][15.737s][info][gc,start    ] GC(158) Pause Young (Concurrent Start) (G1 Humongous Allocation)
[2026-03-26T14:02:33.381+0900][15.737s][info][gc,task     ] GC(158) Using 12 workers of 13 for evacuation
[2026-03-26T14:02:33.381+0900][15.738s][info][gc,phases   ] GC(158)   Pre Evacuate Collection Set: 0.2ms
[2026-03-26T14:02:33.381+0900][15.738s][info][gc,phases   ] GC(158)   Merge Heap Roots: 0.1ms
[2026-03-26T14:02:33.381+0900][15.738s][info][gc,phases   ] GC(158)   Evacuate Collection Set: 0.3ms
[2026-03-26T14:02:33.381+0900][15.738s][info][gc,phases   ] GC(158)   Post Evacuate Collection Set: 0.2ms
[2026-03-26T14:02:33.381+0900][15.738s][info][gc,phases   ] GC(158)   Other: 0.1ms
[2026-03-26T14:02:33.381+0900][15.738s][info][gc,heap     ] GC(158) Eden regions: 50->0(208)
[2026-03-26T14:02:33.381+0900][15.738s][info][gc,heap     ] GC(158) Survivor regions: 0->0(16)
[2026-03-26T14:02:33.381+0900][15.738s][info][gc,heap     ] GC(158) Old regions: 1->1
[2026-03-26T14:02:33.381+0900][15.738s][info][gc,heap     ] GC(158) Humongous regions: 366->276
[2026-03-26T14:02:33.381+0900][15.738s][info][gc,metaspace] GC(158) Metaspace: 312K(512K)->312K(512K) NonClass: 295K(384K)->295K(384K) Class: 17K(128K)->17K(128K)
[2026-03-26T14:02:33.381+0900][15.738s][info][gc          ] GC(158) Pause Young (Concurrent Start) (G1 Humongous Allocation) 416M->276M(512M) 1.007ms
[2026-03-26T14:02:33.381+0900][15.738s][info][gc,cpu      ] GC(158) User=0.00s Sys=0.00s Real=0.00s
[2026-03-26T14:02:33.383+0900][15.738s][info][gc          ] GC(159) Concurrent Mark Cycle
[2026-03-26T14:02:33.383+0900][15.738s][info][gc,marking  ] GC(159) Concurrent Scan Root Regions
[2026-03-26T14:02:33.383+0900][15.738s][info][gc,marking  ] GC(159) Concurrent Scan Root Regions 0.013ms
[2026-03-26T14:02:33.383+0900][15.738s][info][gc,marking  ] GC(159) Concurrent Mark
[2026-03-26T14:02:33.383+0900][15.738s][info][gc,marking  ] GC(159) Concurrent Mark From Roots
[2026-03-26T14:02:33.383+0900][15.738s][info][gc,task     ] GC(159) Using 3 workers of 3 for marking
[2026-03-26T14:02:33.383+0900][15.739s][info][gc,marking  ] GC(159) Concurrent Mark From Roots 1.078ms
[2026-03-26T14:02:33.383+0900][15.739s][info][gc,marking  ] GC(159) Concurrent Preclean
[2026-03-26T14:02:33.383+0900][15.739s][info][gc,marking  ] GC(159) Concurrent Preclean 0.015ms
[2026-03-26T14:02:33.383+0900][15.740s][info][gc,start    ] GC(159) Pause Remark
[2026-03-26T14:02:33.383+0900][15.740s][info][gc          ] GC(159) Pause Remark 276M->276M(512M) 0.520ms
[2026-03-26T14:02:33.383+0900][15.740s][info][gc,cpu      ] GC(159) User=0.00s Sys=0.00s Real=0.00s
[2026-03-26T14:02:33.383+0900][15.740s][info][gc,marking  ] GC(159) Concurrent Mark 1.856ms
[2026-03-26T14:02:33.383+0900][15.740s][info][gc,marking  ] GC(159) Concurrent Rebuild Remembered Sets and Scrub Regions
[2026-03-26T14:02:33.385+0900][15.741s][info][gc,marking  ] GC(159) Concurrent Rebuild Remembered Sets and Scrub Regions 0.419ms
[2026-03-26T14:02:33.385+0900][15.741s][info][gc,start    ] GC(159) Pause Cleanup
[2026-03-26T14:02:33.385+0900][15.741s][info][gc          ] GC(159) Pause Cleanup 276M->276M(512M) 0.064ms
[2026-03-26T14:02:33.385+0900][15.741s][info][gc,cpu      ] GC(159) User=0.00s Sys=0.00s Real=0.00s
[2026-03-26T14:02:33.385+0900][15.741s][info][gc,marking  ] GC(159) Concurrent Clear Claimed Marks
[2026-03-26T14:02:33.385+0900][15.741s][info][gc,marking  ] GC(159) Concurrent Clear Claimed Marks 0.013ms
[2026-03-26T14:02:33.385+0900][15.741s][info][gc,marking  ] GC(159) Concurrent Cleanup for Next Mark
[2026-03-26T14:02:33.385+0900][15.741s][info][gc,marking  ] GC(159) Concurrent Cleanup for Next Mark 0.639ms
[2026-03-26T14:02:33.385+0900][15.741s][info][gc          ] GC(159) Concurrent Mark Cycle 3.166ms
[2026-03-26T14:02:33.544+0900][15.900s][info][gc,start    ] GC(160) Pause Young (Concurrent Start) (G1 Humongous Allocation)
[2026-03-26T14:02:33.544+0900][15.900s][info][gc,task     ] GC(160) Using 12 workers of 13 for evacuation
[2026-03-26T14:02:33.546+0900][15.902s][info][gc,phases   ] GC(160)   Pre Evacuate Collection Set: 0.4ms
[2026-03-26T14:02:33.546+0900][15.902s][info][gc,phases   ] GC(160)   Merge Heap Roots: 0.2ms
[2026-03-26T14:02:33.546+0900][15.902s][info][gc,phases   ] GC(160)   Evacuate Collection Set: 0.5ms
[2026-03-26T14:02:33.547+0900][15.902s][info][gc,phases   ] GC(160)   Post Evacuate Collection Set: 0.4ms
[2026-03-26T14:02:33.547+0900][15.902s][info][gc,phases   ] GC(160)   Other: 0.2ms
[2026-03-26T14:02:33.547+0900][15.902s][info][gc,heap     ] GC(160) Eden regions: 50->0(202)
[2026-03-26T14:02:33.547+0900][15.902s][info][gc,heap     ] GC(160) Survivor regions: 0->0(26)
[2026-03-26T14:02:33.547+0900][15.902s][info][gc,heap     ] GC(160) Old regions: 1->1
[2026-03-26T14:02:33.547+0900][15.902s][info][gc,heap     ] GC(160) Humongous regions: 282->282
[2026-03-26T14:02:33.547+0900][15.902s][info][gc,metaspace] GC(160) Metaspace: 312K(512K)->312K(512K) NonClass: 295K(384K)->295K(384K) Class: 17K(128K)->17K(128K)
[2026-03-26T14:02:33.547+0900][15.902s][info][gc          ] GC(160) Pause Young (Concurrent Start) (G1 Humongous Allocation) 332M->282M(512M) 2.312ms
[2026-03-26T14:02:33.547+0900][15.902s][info][gc,cpu      ] GC(160) User=0.00s Sys=0.00s Real=0.00s
[2026-03-26T14:02:33.547+0900][15.902s][info][gc          ] GC(161) Concurrent Mark Cycle
[2026-03-26T14:02:33.547+0900][15.903s][info][gc,marking  ] GC(161) Concurrent Scan Root Regions
[2026-03-26T14:02:33.547+0900][15.903s][info][gc,marking  ] GC(161) Concurrent Scan Root Regions 0.039ms
[2026-03-26T14:02:33.547+0900][15.903s][info][gc,marking  ] GC(161) Concurrent Mark
[2026-03-26T14:02:33.547+0900][15.903s][info][gc,marking  ] GC(161) Concurrent Mark From Roots
[2026-03-26T14:02:33.547+0900][15.903s][info][gc,task     ] GC(161) Using 3 workers of 3 for marking
[2026-03-26T14:02:33.548+0900][15.905s][info][gc,marking  ] GC(161) Concurrent Mark From Roots 1.968ms
[2026-03-26T14:02:33.548+0900][15.905s][info][gc,marking  ] GC(161) Concurrent Preclean
[2026-03-26T14:02:33.548+0900][15.905s][info][gc,marking  ] GC(161) Concurrent Preclean 0.030ms
[2026-03-26T14:02:33.548+0900][15.905s][info][gc,start    ] GC(161) Pause Remark
[2026-03-26T14:02:33.550+0900][15.906s][info][gc          ] GC(161) Pause Remark 288M->288M(512M) 0.899ms
[2026-03-26T14:02:33.550+0900][15.906s][info][gc,cpu      ] GC(161) User=0.00s Sys=0.00s Real=0.00s
[2026-03-26T14:02:33.550+0900][15.906s][info][gc,marking  ] GC(161) Concurrent Mark 3.148ms
[2026-03-26T14:02:33.550+0900][15.906s][info][gc,marking  ] GC(161) Concurrent Rebuild Remembered Sets and Scrub Regions
[2026-03-26T14:02:33.550+0900][15.907s][info][gc,marking  ] GC(161) Concurrent Rebuild Remembered Sets and Scrub Regions 0.860ms
[2026-03-26T14:02:33.550+0900][15.907s][info][gc,start    ] GC(161) Pause Cleanup
[2026-03-26T14:02:33.550+0900][15.907s][info][gc          ] GC(161) Pause Cleanup 288M->288M(512M) 0.240ms
[2026-03-26T14:02:33.550+0900][15.907s][info][gc,cpu      ] GC(161) User=0.00s Sys=0.00s Real=0.00s
[2026-03-26T14:02:33.550+0900][15.907s][info][gc,marking  ] GC(161) Concurrent Clear Claimed Marks
[2026-03-26T14:02:33.550+0900][15.908s][info][gc,marking  ] GC(161) Concurrent Clear Claimed Marks 0.092ms
[2026-03-26T14:02:33.550+0900][15.908s][info][gc,marking  ] GC(161) Concurrent Cleanup for Next Mark
[2026-03-26T14:02:33.550+0900][15.908s][info][gc,marking  ] GC(161) Concurrent Cleanup for Next Mark 0.566ms
[2026-03-26T14:02:33.550+0900][15.908s][info][gc          ] GC(161) Concurrent Mark Cycle 5.739ms
[2026-03-26T14:02:33.707+0900][16.064s][info][gc,start    ] GC(162) Pause Young (Concurrent Start) (G1 Humongous Allocation)
[2026-03-26T14:02:33.707+0900][16.064s][info][gc,task     ] GC(162) Using 12 workers of 13 for evacuation
[2026-03-26T14:02:33.707+0900][16.066s][info][gc,phases   ] GC(162)   Pre Evacuate Collection Set: 0.9ms
[2026-03-26T14:02:33.707+0900][16.066s][info][gc,phases   ] GC(162)   Merge Heap Roots: 0.2ms
[2026-03-26T14:02:33.707+0900][16.066s][info][gc,phases   ] GC(162)   Evacuate Collection Set: 0.4ms
[2026-03-26T14:02:33.707+0900][16.066s][info][gc,phases   ] GC(162)   Post Evacuate Collection Set: 0.9ms
[2026-03-26T14:02:33.707+0900][16.066s][info][gc,phases   ] GC(162)   Other: 0.2ms
[2026-03-26T14:02:33.707+0900][16.067s][info][gc,heap     ] GC(162) Eden regions: 50->0(196)
[2026-03-26T14:02:33.707+0900][16.067s][info][gc,heap     ] GC(162) Survivor regions: 0->0(26)
[2026-03-26T14:02:33.707+0900][16.067s][info][gc,heap     ] GC(162) Old regions: 1->1
[2026-03-26T14:02:33.707+0900][16.067s][info][gc,heap     ] GC(162) Humongous regions: 288->288
[2026-03-26T14:02:33.707+0900][16.067s][info][gc,metaspace] GC(162) Metaspace: 312K(512K)->312K(512K) NonClass: 295K(384K)->295K(384K) Class: 17K(128K)->17K(128K)
[2026-03-26T14:02:33.707+0900][16.067s][info][gc          ] GC(162) Pause Young (Concurrent Start) (G1 Humongous Allocation) 338M->288M(512M) 3.149ms
[2026-03-26T14:02:33.707+0900][16.067s][info][gc,cpu      ] GC(162) User=0.00s Sys=0.00s Real=0.00s
[2026-03-26T14:02:33.707+0900][16.067s][info][gc          ] GC(163) Concurrent Mark Cycle
[2026-03-26T14:02:33.707+0900][16.067s][info][gc,marking  ] GC(163) Concurrent Scan Root Regions
[2026-03-26T14:02:33.707+0900][16.067s][info][gc,marking  ] GC(163) Concurrent Scan Root Regions 0.034ms
[2026-03-26T14:02:33.707+0900][16.067s][info][gc,marking  ] GC(163) Concurrent Mark
[2026-03-26T14:02:33.707+0900][16.067s][info][gc,marking  ] GC(163) Concurrent Mark From Roots
[2026-03-26T14:02:33.707+0900][16.067s][info][gc,task     ] GC(163) Using 3 workers of 3 for marking
[2026-03-26T14:02:33.713+0900][16.069s][info][gc,marking  ] GC(163) Concurrent Mark From Roots 1.771ms
[2026-03-26T14:02:33.713+0900][16.069s][info][gc,marking  ] GC(163) Concurrent Preclean
[2026-03-26T14:02:33.713+0900][16.069s][info][gc,marking  ] GC(163) Concurrent Preclean 0.030ms
[2026-03-26T14:02:33.713+0900][16.069s][info][gc,start    ] GC(163) Pause Remark
[2026-03-26T14:02:33.713+0900][16.070s][info][gc          ] GC(163) Pause Remark 294M->294M(512M) 1.326ms
[2026-03-26T14:02:33.713+0900][16.070s][info][gc,cpu      ] GC(163) User=0.03s Sys=0.00s Real=0.00s
[2026-03-26T14:02:33.713+0900][16.071s][info][gc,marking  ] GC(163) Concurrent Mark 3.557ms
[2026-03-26T14:02:33.713+0900][16.071s][info][gc,marking  ] GC(163) Concurrent Rebuild Remembered Sets and Scrub Regions
[2026-03-26T14:02:33.713+0900][16.072s][info][gc,marking  ] GC(163) Concurrent Rebuild Remembered Sets and Scrub Regions 0.911ms
[2026-03-26T14:02:33.713+0900][16.072s][info][gc,start    ] GC(163) Pause Cleanup
[2026-03-26T14:02:33.713+0900][16.072s][info][gc          ] GC(163) Pause Cleanup 294M->294M(512M) 0.250ms
[2026-03-26T14:02:33.713+0900][16.072s][info][gc,cpu      ] GC(163) User=0.00s Sys=0.00s Real=0.00s
[2026-03-26T14:02:33.713+0900][16.072s][info][gc,marking  ] GC(163) Concurrent Clear Claimed Marks
[2026-03-26T14:02:33.713+0900][16.072s][info][gc,marking  ] GC(163) Concurrent Clear Claimed Marks 0.098ms
[2026-03-26T14:02:33.713+0900][16.072s][info][gc,marking  ] GC(163) Concurrent Cleanup for Next Mark
[2026-03-26T14:02:33.717+0900][16.073s][info][gc,marking  ] GC(163) Concurrent Cleanup for Next Mark 0.605ms
[2026-03-26T14:02:33.717+0900][16.073s][info][gc          ] GC(163) Concurrent Mark Cycle 6.225ms
[2026-03-26T14:02:33.870+0900][16.227s][info][gc,start    ] GC(164) Pause Young (Concurrent Start) (G1 Humongous Allocation)
[2026-03-26T14:02:33.870+0900][16.227s][info][gc,task     ] GC(164) Using 12 workers of 13 for evacuation
[2026-03-26T14:02:33.870+0900][16.229s][info][gc,phases   ] GC(164)   Pre Evacuate Collection Set: 0.5ms
[2026-03-26T14:02:33.870+0900][16.229s][info][gc,phases   ] GC(164)   Merge Heap Roots: 0.2ms
[2026-03-26T14:02:33.870+0900][16.229s][info][gc,phases   ] GC(164)   Evacuate Collection Set: 0.4ms
[2026-03-26T14:02:33.870+0900][16.229s][info][gc,phases   ] GC(164)   Post Evacuate Collection Set: 0.7ms
[2026-03-26T14:02:33.870+0900][16.229s][info][gc,phases   ] GC(164)   Other: 0.2ms
[2026-03-26T14:02:33.870+0900][16.229s][info][gc,heap     ] GC(164) Eden regions: 50->0(190)
[2026-03-26T14:02:33.870+0900][16.229s][info][gc,heap     ] GC(164) Survivor regions: 0->0(25)
[2026-03-26T14:02:33.870+0900][16.229s][info][gc,heap     ] GC(164) Old regions: 1->1
[2026-03-26T14:02:33.870+0900][16.229s][info][gc,heap     ] GC(164) Humongous regions: 294->294
[2026-03-26T14:02:33.870+0900][16.229s][info][gc,metaspace] GC(164) Metaspace: 312K(512K)->312K(512K) NonClass: 295K(384K)->295K(384K) Class: 17K(128K)->17K(128K)
[2026-03-26T14:02:33.870+0900][16.229s][info][gc          ] GC(164) Pause Young (Concurrent Start) (G1 Humongous Allocation) 344M->294M(512M) 2.463ms
[2026-03-26T14:02:33.870+0900][16.229s][info][gc,cpu      ] GC(164) User=0.00s Sys=0.00s Real=0.00s
[2026-03-26T14:02:33.870+0900][16.229s][info][gc          ] GC(165) Concurrent Mark Cycle
[2026-03-26T14:02:33.870+0900][16.229s][info][gc,marking  ] GC(165) Concurrent Scan Root Regions
[2026-03-26T14:02:33.870+0900][16.229s][info][gc,marking  ] GC(165) Concurrent Scan Root Regions 0.032ms
[2026-03-26T14:02:33.870+0900][16.229s][info][gc,marking  ] GC(165) Concurrent Mark
[2026-03-26T14:02:33.870+0900][16.229s][info][gc,marking  ] GC(165) Concurrent Mark From Roots
[2026-03-26T14:02:33.870+0900][16.229s][info][gc,task     ] GC(165) Using 3 workers of 3 for marking
[2026-03-26T14:02:33.876+0900][16.232s][info][gc,marking  ] GC(165) Concurrent Mark From Roots 2.232ms
[2026-03-26T14:02:33.876+0900][16.232s][info][gc,marking  ] GC(165) Concurrent Preclean
[2026-03-26T14:02:33.876+0900][16.232s][info][gc,marking  ] GC(165) Concurrent Preclean 0.035ms
[2026-03-26T14:02:33.876+0900][16.232s][info][gc,start    ] GC(165) Pause Remark
[2026-03-26T14:02:33.876+0900][16.233s][info][gc          ] GC(165) Pause Remark 300M->300M(512M) 1.407ms
[2026-03-26T14:02:33.876+0900][16.233s][info][gc,cpu      ] GC(165) User=0.00s Sys=0.00s Real=0.00s
[2026-03-26T14:02:33.876+0900][16.234s][info][gc,marking  ] GC(165) Concurrent Mark 4.134ms
[2026-03-26T14:02:33.876+0900][16.234s][info][gc,marking  ] GC(165) Concurrent Rebuild Remembered Sets and Scrub Regions
[2026-03-26T14:02:33.876+0900][16.235s][info][gc,marking  ] GC(165) Concurrent Rebuild Remembered Sets and Scrub Regions 0.901ms
[2026-03-26T14:02:33.876+0900][16.235s][info][gc,start    ] GC(165) Pause Cleanup
[2026-03-26T14:02:33.876+0900][16.235s][info][gc          ] GC(165) Pause Cleanup 300M->300M(512M) 0.251ms
[2026-03-26T14:02:33.876+0900][16.235s][info][gc,cpu      ] GC(165) User=0.00s Sys=0.00s Real=0.00s
[2026-03-26T14:02:33.876+0900][16.235s][info][gc,marking  ] GC(165) Concurrent Clear Claimed Marks
[2026-03-26T14:02:33.876+0900][16.235s][info][gc,marking  ] GC(165) Concurrent Clear Claimed Marks 0.098ms
[2026-03-26T14:02:33.876+0900][16.235s][info][gc,marking  ] GC(165) Concurrent Cleanup for Next Mark
[2026-03-26T14:02:33.876+0900][16.236s][info][gc,marking  ] GC(165) Concurrent Cleanup for Next Mark 0.576ms
[2026-03-26T14:02:33.876+0900][16.236s][info][gc          ] GC(165) Concurrent Mark Cycle 6.749ms
[2026-03-26T14:02:34.034+0900][16.390s][info][gc,start    ] GC(166) Pause Young (Concurrent Start) (G1 Humongous Allocation)
[2026-03-26T14:02:34.034+0900][16.391s][info][gc,task     ] GC(166) Using 12 workers of 13 for evacuation
[2026-03-26T14:02:34.034+0900][16.393s][info][gc,phases   ] GC(166)   Pre Evacuate Collection Set: 0.5ms
[2026-03-26T14:02:34.034+0900][16.393s][info][gc,phases   ] GC(166)   Merge Heap Roots: 0.2ms
[2026-03-26T14:02:34.034+0900][16.393s][info][gc,phases   ] GC(166)   Evacuate Collection Set: 0.5ms
[2026-03-26T14:02:34.034+0900][16.393s][info][gc,phases   ] GC(166)   Post Evacuate Collection Set: 0.5ms
[2026-03-26T14:02:34.034+0900][16.393s][info][gc,phases   ] GC(166)   Other: 0.3ms
[2026-03-26T14:02:34.034+0900][16.393s][info][gc,heap     ] GC(166) Eden regions: 50->0(184)
[2026-03-26T14:02:34.034+0900][16.393s][info][gc,heap     ] GC(166) Survivor regions: 0->0(24)
[2026-03-26T14:02:34.034+0900][16.393s][info][gc,heap     ] GC(166) Old regions: 1->1
[2026-03-26T14:02:34.034+0900][16.393s][info][gc,heap     ] GC(166) Humongous regions: 300->300
[2026-03-26T14:02:34.034+0900][16.393s][info][gc,metaspace] GC(166) Metaspace: 312K(512K)->312K(512K) NonClass: 295K(384K)->295K(384K) Class: 17K(128K)->17K(128K)
[2026-03-26T14:02:34.034+0900][16.393s][info][gc          ] GC(166) Pause Young (Concurrent Start) (G1 Humongous Allocation) 350M->300M(512M) 2.633ms
[2026-03-26T14:02:34.034+0900][16.393s][info][gc,cpu      ] GC(166) User=0.00s Sys=0.00s Real=0.00s
[2026-03-26T14:02:34.034+0900][16.393s][info][gc          ] GC(167) Concurrent Mark Cycle
[2026-03-26T14:02:34.034+0900][16.393s][info][gc,marking  ] GC(167) Concurrent Scan Root Regions
[2026-03-26T14:02:34.034+0900][16.393s][info][gc,marking  ] GC(167) Concurrent Scan Root Regions 0.034ms
[2026-03-26T14:02:34.034+0900][16.393s][info][gc,marking  ] GC(167) Concurrent Mark
[2026-03-26T14:02:34.034+0900][16.393s][info][gc,marking  ] GC(167) Concurrent Mark From Roots
[2026-03-26T14:02:34.034+0900][16.393s][info][gc,task     ] GC(167) Using 3 workers of 3 for marking
[2026-03-26T14:02:34.040+0900][16.395s][info][gc,marking  ] GC(167) Concurrent Mark From Roots 1.808ms
[2026-03-26T14:02:34.040+0900][16.395s][info][gc,marking  ] GC(167) Concurrent Preclean
[2026-03-26T14:02:34.040+0900][16.395s][info][gc,marking  ] GC(167) Concurrent Preclean 0.030ms
[2026-03-26T14:02:34.040+0900][16.395s][info][gc,start    ] GC(167) Pause Remark
[2026-03-26T14:02:34.040+0900][16.397s][info][gc          ] GC(167) Pause Remark 306M->306M(512M) 1.365ms
[2026-03-26T14:02:34.040+0900][16.397s][info][gc,cpu      ] GC(167) User=0.00s Sys=0.00s Real=0.00s
[2026-03-26T14:02:34.040+0900][16.397s][info][gc,marking  ] GC(167) Concurrent Mark 3.651ms
[2026-03-26T14:02:34.040+0900][16.397s][info][gc,marking  ] GC(167) Concurrent Rebuild Remembered Sets and Scrub Regions
[2026-03-26T14:02:34.040+0900][16.398s][info][gc,marking  ] GC(167) Concurrent Rebuild Remembered Sets and Scrub Regions 1.204ms
[2026-03-26T14:02:34.040+0900][16.399s][info][gc,start    ] GC(167) Pause Cleanup
[2026-03-26T14:02:34.040+0900][16.399s][info][gc          ] GC(167) Pause Cleanup 306M->306M(512M) 0.257ms
[2026-03-26T14:02:34.040+0900][16.399s][info][gc,cpu      ] GC(167) User=0.00s Sys=0.00s Real=0.00s
[2026-03-26T14:02:34.040+0900][16.399s][info][gc,marking  ] GC(167) Concurrent Clear Claimed Marks
[2026-03-26T14:02:34.040+0900][16.399s][info][gc,marking  ] GC(167) Concurrent Clear Claimed Marks 0.097ms
[2026-03-26T14:02:34.040+0900][16.399s][info][gc,marking  ] GC(167) Concurrent Cleanup for Next Mark
[2026-03-26T14:02:34.040+0900][16.400s][info][gc,marking  ] GC(167) Concurrent Cleanup for Next Mark 0.580ms
[2026-03-26T14:02:34.040+0900][16.400s][info][gc          ] GC(167) Concurrent Mark Cycle 6.608ms
[2026-03-26T14:02:34.195+0900][16.551s][info][gc,start    ] GC(168) Pause Young (Concurrent Start) (G1 Humongous Allocation)
[2026-03-26T14:02:34.195+0900][16.551s][info][gc,task     ] GC(168) Using 12 workers of 13 for evacuation
[2026-03-26T14:02:34.195+0900][16.552s][info][gc,phases   ] GC(168)   Pre Evacuate Collection Set: 0.1ms
[2026-03-26T14:02:34.195+0900][16.552s][info][gc,phases   ] GC(168)   Merge Heap Roots: 0.1ms
[2026-03-26T14:02:34.195+0900][16.552s][info][gc,phases   ] GC(168)   Evacuate Collection Set: 0.3ms
[2026-03-26T14:02:34.195+0900][16.552s][info][gc,phases   ] GC(168)   Post Evacuate Collection Set: 0.1ms
[2026-03-26T14:02:34.195+0900][16.552s][info][gc,phases   ] GC(168)   Other: 0.1ms
[2026-03-26T14:02:34.195+0900][16.552s][info][gc,heap     ] GC(168) Eden regions: 50->0(178)
[2026-03-26T14:02:34.195+0900][16.552s][info][gc,heap     ] GC(168) Survivor regions: 0->0(23)
[2026-03-26T14:02:34.195+0900][16.552s][info][gc,heap     ] GC(168) Old regions: 1->1
[2026-03-26T14:02:34.195+0900][16.552s][info][gc,heap     ] GC(168) Humongous regions: 306->306
[2026-03-26T14:02:34.195+0900][16.552s][info][gc,metaspace] GC(168) Metaspace: 312K(512K)->312K(512K) NonClass: 295K(384K)->295K(384K) Class: 17K(128K)->17K(128K)
[2026-03-26T14:02:34.195+0900][16.552s][info][gc          ] GC(168) Pause Young (Concurrent Start) (G1 Humongous Allocation) 356M->306M(512M) 0.939ms
[2026-03-26T14:02:34.195+0900][16.552s][info][gc,cpu      ] GC(168) User=0.00s Sys=0.00s Real=0.00s
[2026-03-26T14:02:34.195+0900][16.552s][info][gc          ] GC(169) Concurrent Mark Cycle
[2026-03-26T14:02:34.195+0900][16.552s][info][gc,marking  ] GC(169) Concurrent Scan Root Regions
[2026-03-26T14:02:34.195+0900][16.552s][info][gc,marking  ] GC(169) Concurrent Scan Root Regions 0.012ms
[2026-03-26T14:02:34.195+0900][16.552s][info][gc,marking  ] GC(169) Concurrent Mark
[2026-03-26T14:02:34.195+0900][16.552s][info][gc,marking  ] GC(169) Concurrent Mark From Roots
[2026-03-26T14:02:34.195+0900][16.552s][info][gc,task     ] GC(169) Using 3 workers of 3 for marking
[2026-03-26T14:02:34.197+0900][16.553s][info][gc,marking  ] GC(169) Concurrent Mark From Roots 0.989ms
[2026-03-26T14:02:34.197+0900][16.553s][info][gc,marking  ] GC(169) Concurrent Preclean
[2026-03-26T14:02:34.197+0900][16.553s][info][gc,marking  ] GC(169) Concurrent Preclean 0.015ms
[2026-03-26T14:02:34.197+0900][16.553s][info][gc,start    ] GC(169) Pause Remark
[2026-03-26T14:02:34.197+0900][16.554s][info][gc          ] GC(169) Pause Remark 306M->306M(512M) 0.468ms
[2026-03-26T14:02:34.197+0900][16.554s][info][gc,cpu      ] GC(169) User=0.00s Sys=0.00s Real=0.00s
[2026-03-26T14:02:34.197+0900][16.554s][info][gc,marking  ] GC(169) Concurrent Mark 1.630ms
[2026-03-26T14:02:34.197+0900][16.554s][info][gc,marking  ] GC(169) Concurrent Rebuild Remembered Sets and Scrub Regions
[2026-03-26T14:02:34.197+0900][16.554s][info][gc,marking  ] GC(169) Concurrent Rebuild Remembered Sets and Scrub Regions 0.378ms
[2026-03-26T14:02:34.197+0900][16.554s][info][gc,start    ] GC(169) Pause Cleanup
[2026-03-26T14:02:34.197+0900][16.554s][info][gc          ] GC(169) Pause Cleanup 306M->306M(512M) 0.062ms
[2026-03-26T14:02:34.197+0900][16.554s][info][gc,cpu      ] GC(169) User=0.00s Sys=0.00s Real=0.00s
[2026-03-26T14:02:34.197+0900][16.554s][info][gc,marking  ] GC(169) Concurrent Clear Claimed Marks
[2026-03-26T14:02:34.197+0900][16.555s][info][gc,marking  ] GC(169) Concurrent Clear Claimed Marks 0.013ms
[2026-03-26T14:02:34.197+0900][16.555s][info][gc,marking  ] GC(169) Concurrent Cleanup for Next Mark
[2026-03-26T14:02:34.199+0900][16.555s][info][gc,marking  ] GC(169) Concurrent Cleanup for Next Mark 0.538ms
[2026-03-26T14:02:34.199+0900][16.555s][info][gc          ] GC(169) Concurrent Mark Cycle 2.811ms
[2026-03-26T14:02:34.355+0900][16.711s][info][gc,start    ] GC(170) Pause Young (Concurrent Start) (G1 Humongous Allocation)
[2026-03-26T14:02:34.355+0900][16.711s][info][gc,task     ] GC(170) Using 12 workers of 13 for evacuation
[2026-03-26T14:02:34.357+0900][16.712s][info][gc,phases   ] GC(170)   Pre Evacuate Collection Set: 0.3ms
[2026-03-26T14:02:34.357+0900][16.712s][info][gc,phases   ] GC(170)   Merge Heap Roots: 0.1ms
[2026-03-26T14:02:34.357+0900][16.712s][info][gc,phases   ] GC(170)   Evacuate Collection Set: 0.2ms
[2026-03-26T14:02:34.357+0900][16.712s][info][gc,phases   ] GC(170)   Post Evacuate Collection Set: 0.3ms
[2026-03-26T14:02:34.357+0900][16.712s][info][gc,phases   ] GC(170)   Other: 0.1ms
[2026-03-26T14:02:34.357+0900][16.712s][info][gc,heap     ] GC(170) Eden regions: 50->0(172)
[2026-03-26T14:02:34.357+0900][16.712s][info][gc,heap     ] GC(170) Survivor regions: 0->0(23)
[2026-03-26T14:02:34.357+0900][16.712s][info][gc,heap     ] GC(170) Old regions: 1->1
[2026-03-26T14:02:34.357+0900][16.712s][info][gc,heap     ] GC(170) Humongous regions: 312->312
[2026-03-26T14:02:34.357+0900][16.712s][info][gc,metaspace] GC(170) Metaspace: 312K(512K)->312K(512K) NonClass: 295K(384K)->295K(384K) Class: 17K(128K)->17K(128K)
[2026-03-26T14:02:34.357+0900][16.712s][info][gc          ] GC(170) Pause Young (Concurrent Start) (G1 Humongous Allocation) 362M->312M(512M) 1.399ms
[2026-03-26T14:02:34.357+0900][16.712s][info][gc,cpu      ] GC(170) User=0.00s Sys=0.00s Real=0.00s
[2026-03-26T14:02:34.357+0900][16.712s][info][gc          ] GC(171) Concurrent Mark Cycle
[2026-03-26T14:02:34.357+0900][16.712s][info][gc,marking  ] GC(171) Concurrent Scan Root Regions
[2026-03-26T14:02:34.357+0900][16.712s][info][gc,marking  ] GC(171) Concurrent Scan Root Regions 0.021ms
[2026-03-26T14:02:34.357+0900][16.712s][info][gc,marking  ] GC(171) Concurrent Mark
[2026-03-26T14:02:34.357+0900][16.712s][info][gc,marking  ] GC(171) Concurrent Mark From Roots
[2026-03-26T14:02:34.357+0900][16.712s][info][gc,task     ] GC(171) Using 3 workers of 3 for marking
[2026-03-26T14:02:34.357+0900][16.714s][info][gc,marking  ] GC(171) Concurrent Mark From Roots 1.422ms
[2026-03-26T14:02:34.357+0900][16.714s][info][gc,marking  ] GC(171) Concurrent Preclean
[2026-03-26T14:02:34.357+0900][16.714s][info][gc,marking  ] GC(171) Concurrent Preclean 0.028ms
[2026-03-26T14:02:34.357+0900][16.714s][info][gc,start    ] GC(171) Pause Remark
[2026-03-26T14:02:34.359+0900][16.715s][info][gc          ] GC(171) Pause Remark 318M->318M(512M) 0.725ms
[2026-03-26T14:02:34.359+0900][16.715s][info][gc,cpu      ] GC(171) User=0.00s Sys=0.00s Real=0.00s
[2026-03-26T14:02:34.359+0900][16.715s][info][gc,marking  ] GC(171) Concurrent Mark 2.465ms
[2026-03-26T14:02:34.359+0900][16.715s][info][gc,marking  ] GC(171) Concurrent Rebuild Remembered Sets and Scrub Regions
[2026-03-26T14:02:34.360+0900][16.715s][info][gc,marking  ] GC(171) Concurrent Rebuild Remembered Sets and Scrub Regions 0.584ms
[2026-03-26T14:02:34.360+0900][16.716s][info][gc,start    ] GC(171) Pause Cleanup
[2026-03-26T14:02:34.360+0900][16.716s][info][gc          ] GC(171) Pause Cleanup 318M->318M(512M) 0.179ms
[2026-03-26T14:02:34.360+0900][16.716s][info][gc,cpu      ] GC(171) User=0.00s Sys=0.00s Real=0.00s
[2026-03-26T14:02:34.360+0900][16.716s][info][gc,marking  ] GC(171) Concurrent Clear Claimed Marks
[2026-03-26T14:02:34.360+0900][16.716s][info][gc,marking  ] GC(171) Concurrent Clear Claimed Marks 0.072ms
[2026-03-26T14:02:34.360+0900][16.716s][info][gc,marking  ] GC(171) Concurrent Cleanup for Next Mark
[2026-03-26T14:02:34.360+0900][16.716s][info][gc,marking  ] GC(171) Concurrent Cleanup for Next Mark 0.343ms
[2026-03-26T14:02:34.360+0900][16.717s][info][gc          ] GC(171) Concurrent Mark Cycle 4.194ms
[2026-03-26T14:02:34.513+0900][16.869s][info][gc,start    ] GC(172) Pause Young (Concurrent Start) (G1 Humongous Allocation)
[2026-03-26T14:02:34.513+0900][16.870s][info][gc,task     ] GC(172) Using 12 workers of 13 for evacuation
[2026-03-26T14:02:34.513+0900][16.871s][info][gc,phases   ] GC(172)   Pre Evacuate Collection Set: 0.5ms
[2026-03-26T14:02:34.513+0900][16.871s][info][gc,phases   ] GC(172)   Merge Heap Roots: 0.1ms
[2026-03-26T14:02:34.513+0900][16.871s][info][gc,phases   ] GC(172)   Evacuate Collection Set: 0.3ms
[2026-03-26T14:02:34.513+0900][16.871s][info][gc,phases   ] GC(172)   Post Evacuate Collection Set: 0.5ms
[2026-03-26T14:02:34.513+0900][16.871s][info][gc,phases   ] GC(172)   Other: 0.3ms
[2026-03-26T14:02:34.513+0900][16.871s][info][gc,heap     ] GC(172) Eden regions: 50->0(166)
[2026-03-26T14:02:34.513+0900][16.871s][info][gc,heap     ] GC(172) Survivor regions: 0->0(22)
[2026-03-26T14:02:34.513+0900][16.871s][info][gc,heap     ] GC(172) Old regions: 1->1
[2026-03-26T14:02:34.513+0900][16.871s][info][gc,heap     ] GC(172) Humongous regions: 318->318
[2026-03-26T14:02:34.513+0900][16.871s][info][gc,metaspace] GC(172) Metaspace: 312K(512K)->312K(512K) NonClass: 295K(384K)->295K(384K) Class: 17K(128K)->17K(128K)
[2026-03-26T14:02:34.513+0900][16.872s][info][gc          ] GC(172) Pause Young (Concurrent Start) (G1 Humongous Allocation) 368M->318M(512M) 2.253ms
[2026-03-26T14:02:34.513+0900][16.872s][info][gc,cpu      ] GC(172) User=0.00s Sys=0.00s Real=0.00s
[2026-03-26T14:02:34.513+0900][16.872s][info][gc          ] GC(173) Concurrent Mark Cycle
[2026-03-26T14:02:34.513+0900][16.872s][info][gc,marking  ] GC(173) Concurrent Scan Root Regions
[2026-03-26T14:02:34.513+0900][16.872s][info][gc,marking  ] GC(173) Concurrent Scan Root Regions 0.023ms
[2026-03-26T14:02:34.513+0900][16.872s][info][gc,marking  ] GC(173) Concurrent Mark
[2026-03-26T14:02:34.513+0900][16.872s][info][gc,marking  ] GC(173) Concurrent Mark From Roots
[2026-03-26T14:02:34.513+0900][16.872s][info][gc,task     ] GC(173) Using 3 workers of 3 for marking
[2026-03-26T14:02:34.513+0900][16.873s][info][gc,marking  ] GC(173) Concurrent Mark From Roots 1.270ms
[2026-03-26T14:02:34.513+0900][16.873s][info][gc,marking  ] GC(173) Concurrent Preclean
[2026-03-26T14:02:34.513+0900][16.873s][info][gc,marking  ] GC(173) Concurrent Preclean 0.021ms
[2026-03-26T14:02:34.513+0900][16.873s][info][gc,start    ] GC(173) Pause Remark
[2026-03-26T14:02:34.519+0900][16.874s][info][gc          ] GC(173) Pause Remark 324M->324M(512M) 0.824ms
[2026-03-26T14:02:34.519+0900][16.874s][info][gc,cpu      ] GC(173) User=0.00s Sys=0.00s Real=0.01s
[2026-03-26T14:02:34.519+0900][16.874s][info][gc,marking  ] GC(173) Concurrent Mark 2.445ms
[2026-03-26T14:02:34.519+0900][16.874s][info][gc,marking  ] GC(173) Concurrent Rebuild Remembered Sets and Scrub Regions
[2026-03-26T14:02:34.519+0900][16.875s][info][gc,marking  ] GC(173) Concurrent Rebuild Remembered Sets and Scrub Regions 0.488ms
[2026-03-26T14:02:34.519+0900][16.875s][info][gc,start    ] GC(173) Pause Cleanup
[2026-03-26T14:02:34.519+0900][16.875s][info][gc          ] GC(173) Pause Cleanup 324M->324M(512M) 0.165ms
[2026-03-26T14:02:34.519+0900][16.875s][info][gc,cpu      ] GC(173) User=0.00s Sys=0.00s Real=0.00s
[2026-03-26T14:02:34.519+0900][16.875s][info][gc,marking  ] GC(173) Concurrent Clear Claimed Marks
[2026-03-26T14:02:34.519+0900][16.875s][info][gc,marking  ] GC(173) Concurrent Clear Claimed Marks 0.064ms
[2026-03-26T14:02:34.519+0900][16.875s][info][gc,marking  ] GC(173) Concurrent Cleanup for Next Mark
[2026-03-26T14:02:34.519+0900][16.876s][info][gc,marking  ] GC(173) Concurrent Cleanup for Next Mark 0.346ms
[2026-03-26T14:02:34.519+0900][16.876s][info][gc          ] GC(173) Concurrent Mark Cycle 4.043ms
[2026-03-26T14:02:34.670+0900][17.026s][info][gc,start    ] GC(174) Pause Young (Concurrent Start) (G1 Humongous Allocation)
[2026-03-26T14:02:34.670+0900][17.027s][info][gc,task     ] GC(174) Using 12 workers of 13 for evacuation
[2026-03-26T14:02:34.670+0900][17.027s][info][gc,phases   ] GC(174)   Pre Evacuate Collection Set: 0.2ms
[2026-03-26T14:02:34.670+0900][17.027s][info][gc,phases   ] GC(174)   Merge Heap Roots: 0.1ms
[2026-03-26T14:02:34.670+0900][17.027s][info][gc,phases   ] GC(174)   Evacuate Collection Set: 0.2ms
[2026-03-26T14:02:34.670+0900][17.027s][info][gc,phases   ] GC(174)   Post Evacuate Collection Set: 0.2ms
[2026-03-26T14:02:34.670+0900][17.027s][info][gc,phases   ] GC(174)   Other: 0.1ms
[2026-03-26T14:02:34.670+0900][17.027s][info][gc,heap     ] GC(174) Eden regions: 50->0(160)
[2026-03-26T14:02:34.670+0900][17.027s][info][gc,heap     ] GC(174) Survivor regions: 0->0(21)
[2026-03-26T14:02:34.670+0900][17.027s][info][gc,heap     ] GC(174) Old regions: 1->1
[2026-03-26T14:02:34.670+0900][17.027s][info][gc,heap     ] GC(174) Humongous regions: 324->324
[2026-03-26T14:02:34.670+0900][17.027s][info][gc,metaspace] GC(174) Metaspace: 312K(512K)->312K(512K) NonClass: 295K(384K)->295K(384K) Class: 17K(128K)->17K(128K)
[2026-03-26T14:02:34.670+0900][17.027s][info][gc          ] GC(174) Pause Young (Concurrent Start) (G1 Humongous Allocation) 374M->324M(512M) 1.058ms
[2026-03-26T14:02:34.670+0900][17.027s][info][gc,cpu      ] GC(174) User=0.00s Sys=0.00s Real=0.00s
[2026-03-26T14:02:34.670+0900][17.028s][info][gc          ] GC(175) Concurrent Mark Cycle
[2026-03-26T14:02:34.670+0900][17.028s][info][gc,marking  ] GC(175) Concurrent Scan Root Regions
[2026-03-26T14:02:34.670+0900][17.028s][info][gc,marking  ] GC(175) Concurrent Scan Root Regions 0.017ms
[2026-03-26T14:02:34.670+0900][17.028s][info][gc,marking  ] GC(175) Concurrent Mark
[2026-03-26T14:02:34.670+0900][17.028s][info][gc,marking  ] GC(175) Concurrent Mark From Roots
[2026-03-26T14:02:34.670+0900][17.028s][info][gc,task     ] GC(175) Using 3 workers of 3 for marking
[2026-03-26T14:02:34.673+0900][17.029s][info][gc,marking  ] GC(175) Concurrent Mark From Roots 0.957ms
[2026-03-26T14:02:34.673+0900][17.029s][info][gc,marking  ] GC(175) Concurrent Preclean
[2026-03-26T14:02:34.673+0900][17.029s][info][gc,marking  ] GC(175) Concurrent Preclean 0.021ms
[2026-03-26T14:02:34.673+0900][17.029s][info][gc,start    ] GC(175) Pause Remark
[2026-03-26T14:02:34.673+0900][17.029s][info][gc          ] GC(175) Pause Remark 330M->330M(512M) 0.652ms
[2026-03-26T14:02:34.673+0900][17.029s][info][gc,cpu      ] GC(175) User=0.00s Sys=0.00s Real=0.00s
[2026-03-26T14:02:34.673+0900][17.029s][info][gc,marking  ] GC(175) Concurrent Mark 1.868ms
[2026-03-26T14:02:34.673+0900][17.030s][info][gc,marking  ] GC(175) Concurrent Rebuild Remembered Sets and Scrub Regions
[2026-03-26T14:02:34.673+0900][17.030s][info][gc,marking  ] GC(175) Concurrent Rebuild Remembered Sets and Scrub Regions 0.392ms
[2026-03-26T14:02:34.673+0900][17.030s][info][gc,start    ] GC(175) Pause Cleanup
[2026-03-26T14:02:34.673+0900][17.030s][info][gc          ] GC(175) Pause Cleanup 331M->331M(512M) 0.071ms
[2026-03-26T14:02:34.673+0900][17.030s][info][gc,cpu      ] GC(175) User=0.00s Sys=0.00s Real=0.00s
[2026-03-26T14:02:34.673+0900][17.030s][info][gc,marking  ] GC(175) Concurrent Clear Claimed Marks
[2026-03-26T14:02:34.673+0900][17.030s][info][gc,marking  ] GC(175) Concurrent Clear Claimed Marks 0.015ms
[2026-03-26T14:02:34.673+0900][17.030s][info][gc,marking  ] GC(175) Concurrent Cleanup for Next Mark
[2026-03-26T14:02:34.673+0900][17.031s][info][gc,marking  ] GC(175) Concurrent Cleanup for Next Mark 0.400ms
[2026-03-26T14:02:34.673+0900][17.031s][info][gc          ] GC(175) Concurrent Mark Cycle 3.071ms
[2026-03-26T14:02:34.830+0900][17.186s][info][gc,start    ] GC(176) Pause Young (Concurrent Start) (G1 Humongous Allocation)
[2026-03-26T14:02:34.830+0900][17.186s][info][gc,task     ] GC(176) Using 12 workers of 13 for evacuation
[2026-03-26T14:02:34.830+0900][17.187s][info][gc,phases   ] GC(176)   Pre Evacuate Collection Set: 0.2ms
[2026-03-26T14:02:34.830+0900][17.187s][info][gc,phases   ] GC(176)   Merge Heap Roots: 0.1ms
[2026-03-26T14:02:34.830+0900][17.187s][info][gc,phases   ] GC(176)   Evacuate Collection Set: 0.2ms
[2026-03-26T14:02:34.830+0900][17.187s][info][gc,phases   ] GC(176)   Post Evacuate Collection Set: 0.2ms
[2026-03-26T14:02:34.830+0900][17.187s][info][gc,phases   ] GC(176)   Other: 0.1ms
[2026-03-26T14:02:34.830+0900][17.187s][info][gc,heap     ] GC(176) Eden regions: 50->0(154)
[2026-03-26T14:02:34.830+0900][17.187s][info][gc,heap     ] GC(176) Survivor regions: 0->0(20)
[2026-03-26T14:02:34.830+0900][17.187s][info][gc,heap     ] GC(176) Old regions: 1->1
[2026-03-26T14:02:34.830+0900][17.187s][info][gc,heap     ] GC(176) Humongous regions: 330->330
[2026-03-26T14:02:34.830+0900][17.187s][info][gc,metaspace] GC(176) Metaspace: 312K(512K)->312K(512K) NonClass: 295K(384K)->295K(384K) Class: 17K(128K)->17K(128K)
[2026-03-26T14:02:34.830+0900][17.187s][info][gc          ] GC(176) Pause Young (Concurrent Start) (G1 Humongous Allocation) 380M->330M(512M) 0.887ms
[2026-03-26T14:02:34.830+0900][17.187s][info][gc,cpu      ] GC(176) User=0.00s Sys=0.00s Real=0.00s
[2026-03-26T14:02:34.830+0900][17.187s][info][gc          ] GC(177) Concurrent Mark Cycle
[2026-03-26T14:02:34.830+0900][17.187s][info][gc,marking  ] GC(177) Concurrent Scan Root Regions
[2026-03-26T14:02:34.830+0900][17.187s][info][gc,marking  ] GC(177) Concurrent Scan Root Regions 0.013ms
[2026-03-26T14:02:34.830+0900][17.187s][info][gc,marking  ] GC(177) Concurrent Mark
[2026-03-26T14:02:34.830+0900][17.187s][info][gc,marking  ] GC(177) Concurrent Mark From Roots
[2026-03-26T14:02:34.830+0900][17.187s][info][gc,task     ] GC(177) Using 3 workers of 3 for marking
[2026-03-26T14:02:34.832+0900][17.188s][info][gc,marking  ] GC(177) Concurrent Mark From Roots 0.891ms
[2026-03-26T14:02:34.832+0900][17.188s][info][gc,marking  ] GC(177) Concurrent Preclean
[2026-03-26T14:02:34.832+0900][17.188s][info][gc,marking  ] GC(177) Concurrent Preclean 0.016ms
[2026-03-26T14:02:34.832+0900][17.188s][info][gc,start    ] GC(177) Pause Remark
[2026-03-26T14:02:34.832+0900][17.188s][info][gc          ] GC(177) Pause Remark 336M->336M(512M) 0.453ms
[2026-03-26T14:02:34.832+0900][17.188s][info][gc,cpu      ] GC(177) User=0.00s Sys=0.00s Real=0.00s
[2026-03-26T14:02:34.832+0900][17.188s][info][gc,marking  ] GC(177) Concurrent Mark 1.534ms
[2026-03-26T14:02:34.832+0900][17.188s][info][gc,marking  ] GC(177) Concurrent Rebuild Remembered Sets and Scrub Regions
[2026-03-26T14:02:34.832+0900][17.189s][info][gc,marking  ] GC(177) Concurrent Rebuild Remembered Sets and Scrub Regions 0.391ms
[2026-03-26T14:02:34.832+0900][17.189s][info][gc,start    ] GC(177) Pause Cleanup
[2026-03-26T14:02:34.832+0900][17.189s][info][gc          ] GC(177) Pause Cleanup 336M->336M(512M) 0.077ms
[2026-03-26T14:02:34.832+0900][17.189s][info][gc,cpu      ] GC(177) User=0.00s Sys=0.00s Real=0.00s
[2026-03-26T14:02:34.832+0900][17.189s][info][gc,marking  ] GC(177) Concurrent Clear Claimed Marks
[2026-03-26T14:02:34.832+0900][17.189s][info][gc,marking  ] GC(177) Concurrent Clear Claimed Marks 0.046ms
[2026-03-26T14:02:34.832+0900][17.189s][info][gc,marking  ] GC(177) Concurrent Cleanup for Next Mark
[2026-03-26T14:02:34.834+0900][17.189s][info][gc,marking  ] GC(177) Concurrent Cleanup for Next Mark 0.373ms
[2026-03-26T14:02:34.834+0900][17.189s][info][gc          ] GC(177) Concurrent Mark Cycle 2.641ms
[2026-03-26T14:02:34.989+0900][17.344s][info][gc,start    ] GC(178) Pause Young (Concurrent Start) (G1 Humongous Allocation)
[2026-03-26T14:02:34.989+0900][17.345s][info][gc,task     ] GC(178) Using 12 workers of 13 for evacuation
[2026-03-26T14:02:34.989+0900][17.345s][info][gc,phases   ] GC(178)   Pre Evacuate Collection Set: 0.2ms
[2026-03-26T14:02:34.989+0900][17.345s][info][gc,phases   ] GC(178)   Merge Heap Roots: 0.1ms
[2026-03-26T14:02:34.989+0900][17.345s][info][gc,phases   ] GC(178)   Evacuate Collection Set: 0.2ms
[2026-03-26T14:02:34.989+0900][17.345s][info][gc,phases   ] GC(178)   Post Evacuate Collection Set: 0.1ms
[2026-03-26T14:02:34.990+0900][17.345s][info][gc,phases   ] GC(178)   Other: 0.1ms
[2026-03-26T14:02:34.990+0900][17.345s][info][gc,heap     ] GC(178) Eden regions: 50->0(148)
[2026-03-26T14:02:34.990+0900][17.345s][info][gc,heap     ] GC(178) Survivor regions: 0->0(20)
[2026-03-26T14:02:34.990+0900][17.345s][info][gc,heap     ] GC(178) Old regions: 1->1
[2026-03-26T14:02:34.990+0900][17.345s][info][gc,heap     ] GC(178) Humongous regions: 336->336
[2026-03-26T14:02:34.990+0900][17.345s][info][gc,metaspace] GC(178) Metaspace: 312K(512K)->312K(512K) NonClass: 295K(384K)->295K(384K) Class: 17K(128K)->17K(128K)
[2026-03-26T14:02:34.990+0900][17.345s][info][gc          ] GC(178) Pause Young (Concurrent Start) (G1 Humongous Allocation) 386M->336M(512M) 1.016ms
[2026-03-26T14:02:34.990+0900][17.345s][info][gc,cpu      ] GC(178) User=0.00s Sys=0.00s Real=0.00s
[2026-03-26T14:02:34.990+0900][17.345s][info][gc          ] GC(179) Concurrent Mark Cycle
[2026-03-26T14:02:34.990+0900][17.345s][info][gc,marking  ] GC(179) Concurrent Scan Root Regions
[2026-03-26T14:02:34.990+0900][17.346s][info][gc,marking  ] GC(179) Concurrent Scan Root Regions 0.015ms
[2026-03-26T14:02:34.990+0900][17.346s][info][gc,marking  ] GC(179) Concurrent Mark
[2026-03-26T14:02:34.990+0900][17.346s][info][gc,marking  ] GC(179) Concurrent Mark From Roots
[2026-03-26T14:02:34.990+0900][17.346s][info][gc,task     ] GC(179) Using 3 workers of 3 for marking
[2026-03-26T14:02:34.990+0900][17.346s][info][gc,marking  ] GC(179) Concurrent Mark From Roots 0.879ms
[2026-03-26T14:02:34.990+0900][17.346s][info][gc,marking  ] GC(179) Concurrent Preclean
[2026-03-26T14:02:34.990+0900][17.346s][info][gc,marking  ] GC(179) Concurrent Preclean 0.014ms
[2026-03-26T14:02:34.990+0900][17.346s][info][gc,start    ] GC(179) Pause Remark
[2026-03-26T14:02:34.990+0900][17.347s][info][gc          ] GC(179) Pause Remark 342M->342M(512M) 0.413ms
[2026-03-26T14:02:34.990+0900][17.347s][info][gc,cpu      ] GC(179) User=0.00s Sys=0.00s Real=0.00s
[2026-03-26T14:02:34.990+0900][17.347s][info][gc,marking  ] GC(179) Concurrent Mark 1.440ms
[2026-03-26T14:02:34.990+0900][17.347s][info][gc,marking  ] GC(179) Concurrent Rebuild Remembered Sets and Scrub Regions
[2026-03-26T14:02:34.992+0900][17.348s][info][gc,marking  ] GC(179) Concurrent Rebuild Remembered Sets and Scrub Regions 0.520ms
[2026-03-26T14:02:34.992+0900][17.348s][info][gc,start    ] GC(179) Pause Cleanup
[2026-03-26T14:02:34.992+0900][17.348s][info][gc          ] GC(179) Pause Cleanup 342M->342M(512M) 0.068ms
[2026-03-26T14:02:34.992+0900][17.348s][info][gc,cpu      ] GC(179) User=0.00s Sys=0.00s Real=0.00s
[2026-03-26T14:02:34.992+0900][17.348s][info][gc,marking  ] GC(179) Concurrent Clear Claimed Marks
[2026-03-26T14:02:34.992+0900][17.348s][info][gc,marking  ] GC(179) Concurrent Clear Claimed Marks 0.013ms
[2026-03-26T14:02:34.992+0900][17.348s][info][gc,marking  ] GC(179) Concurrent Cleanup for Next Mark
[2026-03-26T14:02:34.992+0900][17.348s][info][gc,marking  ] GC(179) Concurrent Cleanup for Next Mark 0.354ms
[2026-03-26T14:02:34.992+0900][17.348s][info][gc          ] GC(179) Concurrent Mark Cycle 2.650ms
[2026-03-26T14:02:35.147+0900][17.503s][info][gc,start    ] GC(180) Pause Young (Concurrent Start) (G1 Humongous Allocation)
[2026-03-26T14:02:35.147+0900][17.503s][info][gc,task     ] GC(180) Using 12 workers of 13 for evacuation
[2026-03-26T14:02:35.147+0900][17.504s][info][gc,phases   ] GC(180)   Pre Evacuate Collection Set: 0.2ms
[2026-03-26T14:02:35.147+0900][17.504s][info][gc,phases   ] GC(180)   Merge Heap Roots: 0.1ms
[2026-03-26T14:02:35.147+0900][17.504s][info][gc,phases   ] GC(180)   Evacuate Collection Set: 0.2ms
[2026-03-26T14:02:35.147+0900][17.504s][info][gc,phases   ] GC(180)   Post Evacuate Collection Set: 0.3ms
[2026-03-26T14:02:35.147+0900][17.504s][info][gc,phases   ] GC(180)   Other: 0.1ms
[2026-03-26T14:02:35.147+0900][17.504s][info][gc,heap     ] GC(180) Eden regions: 50->0(142)
[2026-03-26T14:02:35.147+0900][17.505s][info][gc,heap     ] GC(180) Survivor regions: 0->0(19)
[2026-03-26T14:02:35.147+0900][17.505s][info][gc,heap     ] GC(180) Old regions: 1->1
[2026-03-26T14:02:35.147+0900][17.505s][info][gc,heap     ] GC(180) Humongous regions: 342->342
[2026-03-26T14:02:35.147+0900][17.505s][info][gc,metaspace] GC(180) Metaspace: 312K(512K)->312K(512K) NonClass: 295K(384K)->295K(384K) Class: 17K(128K)->17K(128K)
[2026-03-26T14:02:35.147+0900][17.505s][info][gc          ] GC(180) Pause Young (Concurrent Start) (G1 Humongous Allocation) 392M->342M(512M) 1.386ms
[2026-03-26T14:02:35.147+0900][17.505s][info][gc,cpu      ] GC(180) User=0.00s Sys=0.00s Real=0.00s
[2026-03-26T14:02:35.147+0900][17.505s][info][gc          ] GC(181) Concurrent Mark Cycle
[2026-03-26T14:02:35.147+0900][17.505s][info][gc,marking  ] GC(181) Concurrent Scan Root Regions
[2026-03-26T14:02:35.147+0900][17.505s][info][gc,marking  ] GC(181) Concurrent Scan Root Regions 0.022ms
[2026-03-26T14:02:35.147+0900][17.505s][info][gc,marking  ] GC(181) Concurrent Mark
[2026-03-26T14:02:35.147+0900][17.505s][info][gc,marking  ] GC(181) Concurrent Mark From Roots
[2026-03-26T14:02:35.147+0900][17.505s][info][gc,task     ] GC(181) Using 3 workers of 3 for marking
[2026-03-26T14:02:35.147+0900][17.506s][info][gc,marking  ] GC(181) Concurrent Mark From Roots 1.194ms
[2026-03-26T14:02:35.147+0900][17.506s][info][gc,marking  ] GC(181) Concurrent Preclean
[2026-03-26T14:02:35.147+0900][17.506s][info][gc,marking  ] GC(181) Concurrent Preclean 0.021ms
[2026-03-26T14:02:35.147+0900][17.506s][info][gc,start    ] GC(181) Pause Remark
[2026-03-26T14:02:35.147+0900][17.507s][info][gc          ] GC(181) Pause Remark 348M->348M(512M) 0.610ms
[2026-03-26T14:02:35.147+0900][17.507s][info][gc,cpu      ] GC(181) User=0.00s Sys=0.00s Real=0.00s
[2026-03-26T14:02:35.147+0900][17.507s][info][gc,marking  ] GC(181) Concurrent Mark 2.021ms
[2026-03-26T14:02:35.147+0900][17.507s][info][gc,marking  ] GC(181) Concurrent Rebuild Remembered Sets and Scrub Regions
[2026-03-26T14:02:35.147+0900][17.507s][info][gc,marking  ] GC(181) Concurrent Rebuild Remembered Sets and Scrub Regions 0.572ms
[2026-03-26T14:02:35.147+0900][17.508s][info][gc,start    ] GC(181) Pause Cleanup
[2026-03-26T14:02:35.147+0900][17.508s][info][gc          ] GC(181) Pause Cleanup 348M->348M(512M) 0.133ms
[2026-03-26T14:02:35.147+0900][17.508s][info][gc,cpu      ] GC(181) User=0.00s Sys=0.00s Real=0.00s
[2026-03-26T14:02:35.147+0900][17.508s][info][gc,marking  ] GC(181) Concurrent Clear Claimed Marks
[2026-03-26T14:02:35.147+0900][17.508s][info][gc,marking  ] GC(181) Concurrent Clear Claimed Marks 0.058ms
[2026-03-26T14:02:35.147+0900][17.508s][info][gc,marking  ] GC(181) Concurrent Cleanup for Next Mark
[2026-03-26T14:02:35.147+0900][17.508s][info][gc,marking  ] GC(181) Concurrent Cleanup for Next Mark 0.310ms
[2026-03-26T14:02:35.147+0900][17.508s][info][gc          ] GC(181) Concurrent Mark Cycle 3.501ms
[2026-03-26T14:02:35.306+0900][17.662s][info][gc,start    ] GC(182) Pause Young (Concurrent Start) (G1 Humongous Allocation)
[2026-03-26T14:02:35.306+0900][17.662s][info][gc,task     ] GC(182) Using 12 workers of 13 for evacuation
[2026-03-26T14:02:35.306+0900][17.662s][info][gc,phases   ] GC(182)   Pre Evacuate Collection Set: 0.2ms
[2026-03-26T14:02:35.306+0900][17.662s][info][gc,phases   ] GC(182)   Merge Heap Roots: 0.1ms
[2026-03-26T14:02:35.306+0900][17.663s][info][gc,phases   ] GC(182)   Evacuate Collection Set: 0.1ms
[2026-03-26T14:02:35.306+0900][17.663s][info][gc,phases   ] GC(182)   Post Evacuate Collection Set: 0.2ms
[2026-03-26T14:02:35.306+0900][17.663s][info][gc,phases   ] GC(182)   Other: 0.1ms
[2026-03-26T14:02:35.306+0900][17.663s][info][gc,heap     ] GC(182) Eden regions: 50->0(136)
[2026-03-26T14:02:35.306+0900][17.663s][info][gc,heap     ] GC(182) Survivor regions: 0->0(18)
[2026-03-26T14:02:35.306+0900][17.663s][info][gc,heap     ] GC(182) Old regions: 1->1
[2026-03-26T14:02:35.306+0900][17.663s][info][gc,heap     ] GC(182) Humongous regions: 348->348
[2026-03-26T14:02:35.306+0900][17.663s][info][gc,metaspace] GC(182) Metaspace: 312K(512K)->312K(512K) NonClass: 295K(384K)->295K(384K) Class: 17K(128K)->17K(128K)
[2026-03-26T14:02:35.306+0900][17.663s][info][gc          ] GC(182) Pause Young (Concurrent Start) (G1 Humongous Allocation) 398M->348M(512M) 0.921ms
[2026-03-26T14:02:35.306+0900][17.663s][info][gc,cpu      ] GC(182) User=0.00s Sys=0.00s Real=0.00s
[2026-03-26T14:02:35.306+0900][17.663s][info][gc          ] GC(183) Concurrent Mark Cycle
[2026-03-26T14:02:35.306+0900][17.663s][info][gc,marking  ] GC(183) Concurrent Scan Root Regions
[2026-03-26T14:02:35.306+0900][17.663s][info][gc,marking  ] GC(183) Concurrent Scan Root Regions 0.016ms
[2026-03-26T14:02:35.306+0900][17.663s][info][gc,marking  ] GC(183) Concurrent Mark
[2026-03-26T14:02:35.306+0900][17.663s][info][gc,marking  ] GC(183) Concurrent Mark From Roots
[2026-03-26T14:02:35.306+0900][17.663s][info][gc,task     ] GC(183) Using 3 workers of 3 for marking
[2026-03-26T14:02:35.306+0900][17.664s][info][gc,marking  ] GC(183) Concurrent Mark From Roots 0.866ms
[2026-03-26T14:02:35.306+0900][17.664s][info][gc,marking  ] GC(183) Concurrent Preclean
[2026-03-26T14:02:35.306+0900][17.664s][info][gc,marking  ] GC(183) Concurrent Preclean 0.015ms
[2026-03-26T14:02:35.306+0900][17.664s][info][gc,start    ] GC(183) Pause Remark
[2026-03-26T14:02:35.306+0900][17.664s][info][gc          ] GC(183) Pause Remark 354M->354M(512M) 0.555ms
[2026-03-26T14:02:35.306+0900][17.664s][info][gc,cpu      ] GC(183) User=0.00s Sys=0.00s Real=0.00s
[2026-03-26T14:02:35.306+0900][17.664s][info][gc,marking  ] GC(183) Concurrent Mark 1.591ms
[2026-03-26T14:02:35.306+0900][17.664s][info][gc,marking  ] GC(183) Concurrent Rebuild Remembered Sets and Scrub Regions
[2026-03-26T14:02:35.306+0900][17.665s][info][gc,marking  ] GC(183) Concurrent Rebuild Remembered Sets and Scrub Regions 0.401ms
[2026-03-26T14:02:35.306+0900][17.665s][info][gc,start    ] GC(183) Pause Cleanup
[2026-03-26T14:02:35.306+0900][17.665s][info][gc          ] GC(183) Pause Cleanup 354M->354M(512M) 0.142ms
[2026-03-26T14:02:35.306+0900][17.665s][info][gc,cpu      ] GC(183) User=0.00s Sys=0.00s Real=0.00s
[2026-03-26T14:02:35.306+0900][17.665s][info][gc,marking  ] GC(183) Concurrent Clear Claimed Marks
[2026-03-26T14:02:35.306+0900][17.665s][info][gc,marking  ] GC(183) Concurrent Clear Claimed Marks 0.044ms
[2026-03-26T14:02:35.306+0900][17.665s][info][gc,marking  ] GC(183) Concurrent Cleanup for Next Mark
[2026-03-26T14:02:35.306+0900][17.665s][info][gc,marking  ] GC(183) Concurrent Cleanup for Next Mark 0.275ms
[2026-03-26T14:02:35.306+0900][17.665s][info][gc          ] GC(183) Concurrent Mark Cycle 2.788ms
[2026-03-26T14:02:35.466+0900][17.821s][info][gc,start    ] GC(184) Pause Young (Concurrent Start) (G1 Humongous Allocation)
[2026-03-26T14:02:35.466+0900][17.821s][info][gc,task     ] GC(184) Using 12 workers of 13 for evacuation
[2026-03-26T14:02:35.466+0900][17.823s][info][gc,phases   ] GC(184)   Pre Evacuate Collection Set: 0.5ms
[2026-03-26T14:02:35.466+0900][17.823s][info][gc,phases   ] GC(184)   Merge Heap Roots: 0.2ms
[2026-03-26T14:02:35.466+0900][17.823s][info][gc,phases   ] GC(184)   Evacuate Collection Set: 0.4ms
[2026-03-26T14:02:35.466+0900][17.823s][info][gc,phases   ] GC(184)   Post Evacuate Collection Set: 0.4ms
[2026-03-26T14:02:35.466+0900][17.823s][info][gc,phases   ] GC(184)   Other: 0.4ms
[2026-03-26T14:02:35.466+0900][17.823s][info][gc,heap     ] GC(184) Eden regions: 50->0(130)
[2026-03-26T14:02:35.466+0900][17.824s][info][gc,heap     ] GC(184) Survivor regions: 0->0(17)
[2026-03-26T14:02:35.466+0900][17.824s][info][gc,heap     ] GC(184) Old regions: 1->1
[2026-03-26T14:02:35.466+0900][17.824s][info][gc,heap     ] GC(184) Humongous regions: 354->354
[2026-03-26T14:02:35.466+0900][17.824s][info][gc,metaspace] GC(184) Metaspace: 312K(512K)->312K(512K) NonClass: 295K(384K)->295K(384K) Class: 17K(128K)->17K(128K)
[2026-03-26T14:02:35.466+0900][17.824s][info][gc          ] GC(184) Pause Young (Concurrent Start) (G1 Humongous Allocation) 404M->354M(512M) 2.405ms
[2026-03-26T14:02:35.466+0900][17.824s][info][gc,cpu      ] GC(184) User=0.00s Sys=0.00s Real=0.00s
[2026-03-26T14:02:35.466+0900][17.824s][info][gc          ] GC(185) Concurrent Mark Cycle
[2026-03-26T14:02:35.466+0900][17.824s][info][gc,marking  ] GC(185) Concurrent Scan Root Regions
[2026-03-26T14:02:35.466+0900][17.824s][info][gc,marking  ] GC(185) Concurrent Scan Root Regions 0.027ms
[2026-03-26T14:02:35.466+0900][17.824s][info][gc,marking  ] GC(185) Concurrent Mark
[2026-03-26T14:02:35.466+0900][17.824s][info][gc,marking  ] GC(185) Concurrent Mark From Roots
[2026-03-26T14:02:35.466+0900][17.824s][info][gc,task     ] GC(185) Using 3 workers of 3 for marking
[2026-03-26T14:02:35.470+0900][17.825s][info][gc,marking  ] GC(185) Concurrent Mark From Roots 1.499ms
[2026-03-26T14:02:35.470+0900][17.825s][info][gc,marking  ] GC(185) Concurrent Preclean
[2026-03-26T14:02:35.470+0900][17.825s][info][gc,marking  ] GC(185) Concurrent Preclean 0.026ms
[2026-03-26T14:02:35.470+0900][17.826s][info][gc,start    ] GC(185) Pause Remark
[2026-03-26T14:02:35.470+0900][17.827s][info][gc          ] GC(185) Pause Remark 360M->360M(512M) 1.099ms
[2026-03-26T14:02:35.470+0900][17.827s][info][gc,cpu      ] GC(185) User=0.00s Sys=0.00s Real=0.00s
[2026-03-26T14:02:35.470+0900][17.827s][info][gc,marking  ] GC(185) Concurrent Mark 2.979ms
[2026-03-26T14:02:35.470+0900][17.827s][info][gc,marking  ] GC(185) Concurrent Rebuild Remembered Sets and Scrub Regions
[2026-03-26T14:02:35.470+0900][17.828s][info][gc,marking  ] GC(185) Concurrent Rebuild Remembered Sets and Scrub Regions 0.693ms
[2026-03-26T14:02:35.470+0900][17.828s][info][gc,start    ] GC(185) Pause Cleanup
[2026-03-26T14:02:35.470+0900][17.828s][info][gc          ] GC(185) Pause Cleanup 360M->360M(512M) 0.188ms
[2026-03-26T14:02:35.470+0900][17.828s][info][gc,cpu      ] GC(185) User=0.00s Sys=0.00s Real=0.00s
[2026-03-26T14:02:35.470+0900][17.828s][info][gc,marking  ] GC(185) Concurrent Clear Claimed Marks
[2026-03-26T14:02:35.470+0900][17.828s][info][gc,marking  ] GC(185) Concurrent Clear Claimed Marks 0.078ms
[2026-03-26T14:02:35.470+0900][17.828s][info][gc,marking  ] GC(185) Concurrent Cleanup for Next Mark
[2026-03-26T14:02:35.470+0900][17.829s][info][gc,marking  ] GC(185) Concurrent Cleanup for Next Mark 0.380ms
[2026-03-26T14:02:35.470+0900][17.829s][info][gc          ] GC(185) Concurrent Mark Cycle 4.954ms
[2026-03-26T14:02:35.624+0900][17.981s][info][gc,start    ] GC(186) Pause Young (Concurrent Start) (G1 Humongous Allocation)
[2026-03-26T14:02:35.624+0900][17.981s][info][gc,task     ] GC(186) Using 12 workers of 13 for evacuation
[2026-03-26T14:02:35.626+0900][17.982s][info][gc,phases   ] GC(186)   Pre Evacuate Collection Set: 0.3ms
[2026-03-26T14:02:35.626+0900][17.982s][info][gc,phases   ] GC(186)   Merge Heap Roots: 0.1ms
[2026-03-26T14:02:35.626+0900][17.982s][info][gc,phases   ] GC(186)   Evacuate Collection Set: 0.2ms
[2026-03-26T14:02:35.626+0900][17.982s][info][gc,phases   ] GC(186)   Post Evacuate Collection Set: 0.2ms
[2026-03-26T14:02:35.626+0900][17.982s][info][gc,phases   ] GC(186)   Other: 0.1ms
[2026-03-26T14:02:35.626+0900][17.982s][info][gc,heap     ] GC(186) Eden regions: 50->0(124)
[2026-03-26T14:02:35.626+0900][17.982s][info][gc,heap     ] GC(186) Survivor regions: 0->0(17)
[2026-03-26T14:02:35.626+0900][17.982s][info][gc,heap     ] GC(186) Old regions: 1->1
[2026-03-26T14:02:35.626+0900][17.982s][info][gc,heap     ] GC(186) Humongous regions: 360->360
[2026-03-26T14:02:35.626+0900][17.982s][info][gc,metaspace] GC(186) Metaspace: 312K(512K)->312K(512K) NonClass: 295K(384K)->295K(384K) Class: 17K(128K)->17K(128K)
[2026-03-26T14:02:35.626+0900][17.982s][info][gc          ] GC(186) Pause Young (Concurrent Start) (G1 Humongous Allocation) 410M->360M(512M) 1.189ms
[2026-03-26T14:02:35.626+0900][17.982s][info][gc,cpu      ] GC(186) User=0.00s Sys=0.00s Real=0.00s
[2026-03-26T14:02:35.626+0900][17.982s][info][gc          ] GC(187) Concurrent Mark Cycle
[2026-03-26T14:02:35.626+0900][17.982s][info][gc,marking  ] GC(187) Concurrent Scan Root Regions
[2026-03-26T14:02:35.626+0900][17.982s][info][gc,marking  ] GC(187) Concurrent Scan Root Regions 0.017ms
[2026-03-26T14:02:35.626+0900][17.982s][info][gc,marking  ] GC(187) Concurrent Mark
[2026-03-26T14:02:35.626+0900][17.982s][info][gc,marking  ] GC(187) Concurrent Mark From Roots
[2026-03-26T14:02:35.626+0900][17.982s][info][gc,task     ] GC(187) Using 3 workers of 3 for marking
[2026-03-26T14:02:35.627+0900][17.983s][info][gc,marking  ] GC(187) Concurrent Mark From Roots 0.935ms
[2026-03-26T14:02:35.627+0900][17.983s][info][gc,marking  ] GC(187) Concurrent Preclean
[2026-03-26T14:02:35.627+0900][17.983s][info][gc,marking  ] GC(187) Concurrent Preclean 0.016ms
[2026-03-26T14:02:35.627+0900][17.983s][info][gc,start    ] GC(187) Pause Remark
[2026-03-26T14:02:35.628+0900][17.984s][info][gc          ] GC(187) Pause Remark 366M->366M(512M) 0.601ms
[2026-03-26T14:02:35.628+0900][17.984s][info][gc,cpu      ] GC(187) User=0.00s Sys=0.00s Real=0.00s
[2026-03-26T14:02:35.628+0900][17.984s][info][gc,marking  ] GC(187) Concurrent Mark 1.690ms
[2026-03-26T14:02:35.628+0900][17.984s][info][gc,marking  ] GC(187) Concurrent Rebuild Remembered Sets and Scrub Regions
[2026-03-26T14:02:35.629+0900][17.984s][info][gc,marking  ] GC(187) Concurrent Rebuild Remembered Sets and Scrub Regions 0.425ms
[2026-03-26T14:02:35.629+0900][17.984s][info][gc,start    ] GC(187) Pause Cleanup
[2026-03-26T14:02:35.629+0900][17.984s][info][gc          ] GC(187) Pause Cleanup 366M->366M(512M) 0.097ms
[2026-03-26T14:02:35.629+0900][17.984s][info][gc,cpu      ] GC(187) User=0.00s Sys=0.00s Real=0.00s
[2026-03-26T14:02:35.629+0900][17.984s][info][gc,marking  ] GC(187) Concurrent Clear Claimed Marks
[2026-03-26T14:02:35.629+0900][17.984s][info][gc,marking  ] GC(187) Concurrent Clear Claimed Marks 0.025ms
[2026-03-26T14:02:35.629+0900][17.984s][info][gc,marking  ] GC(187) Concurrent Cleanup for Next Mark
[2026-03-26T14:02:35.629+0900][17.985s][info][gc,marking  ] GC(187) Concurrent Cleanup for Next Mark 0.370ms
[2026-03-26T14:02:35.629+0900][17.985s][info][gc          ] GC(187) Concurrent Mark Cycle 2.885ms
[2026-03-26T14:02:35.782+0900][18.138s][info][gc,start    ] GC(188) Pause Young (Concurrent Start) (G1 Humongous Allocation)
[2026-03-26T14:02:35.782+0900][18.138s][info][gc,task     ] GC(188) Using 12 workers of 13 for evacuation
[2026-03-26T14:02:35.782+0900][18.139s][info][gc,phases   ] GC(188)   Pre Evacuate Collection Set: 0.3ms
[2026-03-26T14:02:35.782+0900][18.139s][info][gc,phases   ] GC(188)   Merge Heap Roots: 0.1ms
[2026-03-26T14:02:35.782+0900][18.139s][info][gc,phases   ] GC(188)   Evacuate Collection Set: 0.3ms
[2026-03-26T14:02:35.782+0900][18.139s][info][gc,phases   ] GC(188)   Post Evacuate Collection Set: 0.3ms
[2026-03-26T14:02:35.782+0900][18.139s][info][gc,phases   ] GC(188)   Other: 0.1ms
[2026-03-26T14:02:35.782+0900][18.139s][info][gc,heap     ] GC(188) Eden regions: 50->0(208)
[2026-03-26T14:02:35.782+0900][18.139s][info][gc,heap     ] GC(188) Survivor regions: 0->0(16)
[2026-03-26T14:02:35.782+0900][18.139s][info][gc,heap     ] GC(188) Old regions: 1->1
[2026-03-26T14:02:35.782+0900][18.139s][info][gc,heap     ] GC(188) Humongous regions: 366->276
[2026-03-26T14:02:35.782+0900][18.139s][info][gc,metaspace] GC(188) Metaspace: 312K(512K)->312K(512K) NonClass: 295K(384K)->295K(384K) Class: 17K(128K)->17K(128K)
[2026-03-26T14:02:35.782+0900][18.139s][info][gc          ] GC(188) Pause Young (Concurrent Start) (G1 Humongous Allocation) 416M->276M(512M) 1.558ms
[2026-03-26T14:02:35.782+0900][18.139s][info][gc,cpu      ] GC(188) User=0.00s Sys=0.00s Real=0.00s
[2026-03-26T14:02:35.782+0900][18.139s][info][gc          ] GC(189) Concurrent Mark Cycle
[2026-03-26T14:02:35.782+0900][18.140s][info][gc,marking  ] GC(189) Concurrent Scan Root Regions
[2026-03-26T14:02:35.782+0900][18.140s][info][gc,marking  ] GC(189) Concurrent Scan Root Regions 0.028ms
[2026-03-26T14:02:35.782+0900][18.140s][info][gc,marking  ] GC(189) Concurrent Mark
[2026-03-26T14:02:35.782+0900][18.140s][info][gc,marking  ] GC(189) Concurrent Mark From Roots
[2026-03-26T14:02:35.782+0900][18.140s][info][gc,task     ] GC(189) Using 3 workers of 3 for marking
[2026-03-26T14:02:35.782+0900][18.141s][info][gc,marking  ] GC(189) Concurrent Mark From Roots 1.437ms
[2026-03-26T14:02:35.786+0900][18.141s][info][gc,marking  ] GC(189) Concurrent Preclean
[2026-03-26T14:02:35.786+0900][18.141s][info][gc,marking  ] GC(189) Concurrent Preclean 0.030ms
[2026-03-26T14:02:35.786+0900][18.141s][info][gc,start    ] GC(189) Pause Remark
[2026-03-26T14:02:35.786+0900][18.142s][info][gc          ] GC(189) Pause Remark 282M->282M(512M) 0.892ms
[2026-03-26T14:02:35.786+0900][18.142s][info][gc,cpu      ] GC(189) User=0.00s Sys=0.00s Real=0.00s
[2026-03-26T14:02:35.786+0900][18.142s][info][gc,marking  ] GC(189) Concurrent Mark 2.701ms
[2026-03-26T14:02:35.786+0900][18.142s][info][gc,marking  ] GC(189) Concurrent Rebuild Remembered Sets and Scrub Regions
[2026-03-26T14:02:35.786+0900][18.143s][info][gc,marking  ] GC(189) Concurrent Rebuild Remembered Sets and Scrub Regions 0.788ms
[2026-03-26T14:02:35.786+0900][18.143s][info][gc,start    ] GC(189) Pause Cleanup
[2026-03-26T14:02:35.786+0900][18.143s][info][gc          ] GC(189) Pause Cleanup 282M->282M(512M) 0.202ms
[2026-03-26T14:02:35.786+0900][18.144s][info][gc,cpu      ] GC(189) User=0.00s Sys=0.00s Real=0.00s
[2026-03-26T14:02:35.786+0900][18.144s][info][gc,marking  ] GC(189) Concurrent Clear Claimed Marks
[2026-03-26T14:02:35.786+0900][18.144s][info][gc,marking  ] GC(189) Concurrent Clear Claimed Marks 0.087ms
[2026-03-26T14:02:35.786+0900][18.144s][info][gc,marking  ] GC(189) Concurrent Cleanup for Next Mark
[2026-03-26T14:02:35.786+0900][18.144s][info][gc,marking  ] GC(189) Concurrent Cleanup for Next Mark 0.389ms
[2026-03-26T14:02:35.789+0900][18.144s][info][gc          ] GC(189) Concurrent Mark Cycle 4.857ms
[2026-03-26T14:02:35.942+0900][18.298s][info][gc,start    ] GC(190) Pause Young (Concurrent Start) (G1 Humongous Allocation)
[2026-03-26T14:02:35.942+0900][18.298s][info][gc,task     ] GC(190) Using 12 workers of 13 for evacuation
[2026-03-26T14:02:35.942+0900][18.299s][info][gc,phases   ] GC(190)   Pre Evacuate Collection Set: 0.2ms
[2026-03-26T14:02:35.942+0900][18.299s][info][gc,phases   ] GC(190)   Merge Heap Roots: 0.1ms
[2026-03-26T14:02:35.942+0900][18.299s][info][gc,phases   ] GC(190)   Evacuate Collection Set: 0.2ms
[2026-03-26T14:02:35.942+0900][18.299s][info][gc,phases   ] GC(190)   Post Evacuate Collection Set: 0.3ms
[2026-03-26T14:02:35.942+0900][18.299s][info][gc,phases   ] GC(190)   Other: 0.1ms
[2026-03-26T14:02:35.942+0900][18.299s][info][gc,heap     ] GC(190) Eden regions: 50->0(202)
[2026-03-26T14:02:35.942+0900][18.299s][info][gc,heap     ] GC(190) Survivor regions: 0->0(26)
[2026-03-26T14:02:35.942+0900][18.300s][info][gc,heap     ] GC(190) Old regions: 1->1
[2026-03-26T14:02:35.942+0900][18.300s][info][gc,heap     ] GC(190) Humongous regions: 282->282
[2026-03-26T14:02:35.942+0900][18.300s][info][gc,metaspace] GC(190) Metaspace: 312K(512K)->312K(512K) NonClass: 295K(384K)->295K(384K) Class: 17K(128K)->17K(128K)
[2026-03-26T14:02:35.942+0900][18.300s][info][gc          ] GC(190) Pause Young (Concurrent Start) (G1 Humongous Allocation) 332M->282M(512M) 1.229ms
[2026-03-26T14:02:35.942+0900][18.300s][info][gc,cpu      ] GC(190) User=0.00s Sys=0.00s Real=0.00s
[2026-03-26T14:02:35.942+0900][18.300s][info][gc          ] GC(191) Concurrent Mark Cycle
[2026-03-26T14:02:35.942+0900][18.300s][info][gc,marking  ] GC(191) Concurrent Scan Root Regions
[2026-03-26T14:02:35.942+0900][18.300s][info][gc,marking  ] GC(191) Concurrent Scan Root Regions 0.020ms
[2026-03-26T14:02:35.942+0900][18.300s][info][gc,marking  ] GC(191) Concurrent Mark
[2026-03-26T14:02:35.942+0900][18.300s][info][gc,marking  ] GC(191) Concurrent Mark From Roots
[2026-03-26T14:02:35.942+0900][18.300s][info][gc,task     ] GC(191) Using 3 workers of 3 for marking
[2026-03-26T14:02:35.942+0900][18.301s][info][gc,marking  ] GC(191) Concurrent Mark From Roots 0.852ms
[2026-03-26T14:02:35.942+0900][18.301s][info][gc,marking  ] GC(191) Concurrent Preclean
[2026-03-26T14:02:35.942+0900][18.301s][info][gc,marking  ] GC(191) Concurrent Preclean 0.017ms
[2026-03-26T14:02:35.942+0900][18.301s][info][gc,start    ] GC(191) Pause Remark
[2026-03-26T14:02:35.942+0900][18.301s][info][gc          ] GC(191) Pause Remark 288M->288M(512M) 0.558ms
[2026-03-26T14:02:35.942+0900][18.301s][info][gc,cpu      ] GC(191) User=0.00s Sys=0.00s Real=0.00s
[2026-03-26T14:02:35.942+0900][18.301s][info][gc,marking  ] GC(191) Concurrent Mark 1.581ms
[2026-03-26T14:02:35.942+0900][18.301s][info][gc,marking  ] GC(191) Concurrent Rebuild Remembered Sets and Scrub Regions
[2026-03-26T14:02:35.942+0900][18.302s][info][gc,marking  ] GC(191) Concurrent Rebuild Remembered Sets and Scrub Regions 0.502ms
[2026-03-26T14:02:35.942+0900][18.302s][info][gc,start    ] GC(191) Pause Cleanup
[2026-03-26T14:02:35.942+0900][18.302s][info][gc          ] GC(191) Pause Cleanup 288M->288M(512M) 0.211ms
[2026-03-26T14:02:35.942+0900][18.302s][info][gc,cpu      ] GC(191) User=0.00s Sys=0.00s Real=0.00s
[2026-03-26T14:02:35.942+0900][18.302s][info][gc,marking  ] GC(191) Concurrent Clear Claimed Marks
[2026-03-26T14:02:35.942+0900][18.302s][info][gc,marking  ] GC(191) Concurrent Clear Claimed Marks 0.044ms
[2026-03-26T14:02:35.942+0900][18.302s][info][gc,marking  ] GC(191) Concurrent Cleanup for Next Mark
[2026-03-26T14:02:35.942+0900][18.303s][info][gc,marking  ] GC(191) Concurrent Cleanup for Next Mark 0.317ms
[2026-03-26T14:02:35.942+0900][18.303s][info][gc          ] GC(191) Concurrent Mark Cycle 3.085ms
[2026-03-26T14:02:36.101+0900][18.457s][info][gc,start    ] GC(192) Pause Young (Concurrent Start) (G1 Humongous Allocation)
[2026-03-26T14:02:36.101+0900][18.457s][info][gc,task     ] GC(192) Using 12 workers of 13 for evacuation
[2026-03-26T14:02:36.102+0900][18.458s][info][gc,phases   ] GC(192)   Pre Evacuate Collection Set: 0.3ms
[2026-03-26T14:02:36.102+0900][18.458s][info][gc,phases   ] GC(192)   Merge Heap Roots: 0.1ms
[2026-03-26T14:02:36.102+0900][18.459s][info][gc,phases   ] GC(192)   Evacuate Collection Set: 0.3ms
[2026-03-26T14:02:36.102+0900][18.459s][info][gc,phases   ] GC(192)   Post Evacuate Collection Set: 0.3ms
[2026-03-26T14:02:36.102+0900][18.459s][info][gc,phases   ] GC(192)   Other: 0.1ms
[2026-03-26T14:02:36.102+0900][18.459s][info][gc,heap     ] GC(192) Eden regions: 50->0(196)
[2026-03-26T14:02:36.102+0900][18.459s][info][gc,heap     ] GC(192) Survivor regions: 0->0(26)
[2026-03-26T14:02:36.103+0900][18.459s][info][gc,heap     ] GC(192) Old regions: 1->1
[2026-03-26T14:02:36.103+0900][18.459s][info][gc,heap     ] GC(192) Humongous regions: 288->288
[2026-03-26T14:02:36.103+0900][18.459s][info][gc,metaspace] GC(192) Metaspace: 312K(512K)->312K(512K) NonClass: 295K(384K)->295K(384K) Class: 17K(128K)->17K(128K)
[2026-03-26T14:02:36.103+0900][18.459s][info][gc          ] GC(192) Pause Young (Concurrent Start) (G1 Humongous Allocation) 338M->288M(512M) 1.501ms
[2026-03-26T14:02:36.103+0900][18.459s][info][gc,cpu      ] GC(192) User=0.00s Sys=0.00s Real=0.00s
[2026-03-26T14:02:36.103+0900][18.459s][info][gc          ] GC(193) Concurrent Mark Cycle
[2026-03-26T14:02:36.103+0900][18.459s][info][gc,marking  ] GC(193) Concurrent Scan Root Regions
[2026-03-26T14:02:36.103+0900][18.459s][info][gc,marking  ] GC(193) Concurrent Scan Root Regions 0.026ms
[2026-03-26T14:02:36.103+0900][18.459s][info][gc,marking  ] GC(193) Concurrent Mark
[2026-03-26T14:02:36.103+0900][18.459s][info][gc,marking  ] GC(193) Concurrent Mark From Roots
[2026-03-26T14:02:36.103+0900][18.459s][info][gc,task     ] GC(193) Using 3 workers of 3 for marking
[2026-03-26T14:02:36.105+0900][18.460s][info][gc,marking  ] GC(193) Concurrent Mark From Roots 1.528ms
[2026-03-26T14:02:36.105+0900][18.461s][info][gc,marking  ] GC(193) Concurrent Preclean
[2026-03-26T14:02:36.105+0900][18.461s][info][gc,marking  ] GC(193) Concurrent Preclean 0.030ms
[2026-03-26T14:02:36.105+0900][18.461s][info][gc,start    ] GC(193) Pause Remark
[2026-03-26T14:02:36.105+0900][18.461s][info][gc          ] GC(193) Pause Remark 294M->294M(512M) 0.745ms
[2026-03-26T14:02:36.105+0900][18.461s][info][gc,cpu      ] GC(193) User=0.00s Sys=0.00s Real=0.00s
[2026-03-26T14:02:36.105+0900][18.462s][info][gc,marking  ] GC(193) Concurrent Mark 2.709ms
[2026-03-26T14:02:36.105+0900][18.462s][info][gc,marking  ] GC(193) Concurrent Rebuild Remembered Sets and Scrub Regions
[2026-03-26T14:02:36.105+0900][18.462s][info][gc,marking  ] GC(193) Concurrent Rebuild Remembered Sets and Scrub Regions 0.665ms
[2026-03-26T14:02:36.105+0900][18.462s][info][gc,start    ] GC(193) Pause Cleanup
[2026-03-26T14:02:36.105+0900][18.463s][info][gc          ] GC(193) Pause Cleanup 294M->294M(512M) 0.154ms
[2026-03-26T14:02:36.105+0900][18.463s][info][gc,cpu      ] GC(193) User=0.00s Sys=0.00s Real=0.00s
[2026-03-26T14:02:36.105+0900][18.463s][info][gc,marking  ] GC(193) Concurrent Clear Claimed Marks
[2026-03-26T14:02:36.105+0900][18.463s][info][gc,marking  ] GC(193) Concurrent Clear Claimed Marks 0.023ms
[2026-03-26T14:02:36.105+0900][18.463s][info][gc,marking  ] GC(193) Concurrent Cleanup for Next Mark
[2026-03-26T14:02:36.108+0900][18.463s][info][gc,marking  ] GC(193) Concurrent Cleanup for Next Mark 0.805ms
[2026-03-26T14:02:36.108+0900][18.464s][info][gc          ] GC(193) Concurrent Mark Cycle 4.764ms
[2026-03-26T14:02:36.260+0900][18.616s][info][gc,start    ] GC(194) Pause Young (Concurrent Start) (G1 Humongous Allocation)
[2026-03-26T14:02:36.260+0900][18.616s][info][gc,task     ] GC(194) Using 12 workers of 13 for evacuation
[2026-03-26T14:02:36.260+0900][18.618s][info][gc,phases   ] GC(194)   Pre Evacuate Collection Set: 0.5ms
[2026-03-26T14:02:36.260+0900][18.618s][info][gc,phases   ] GC(194)   Merge Heap Roots: 0.2ms
[2026-03-26T14:02:36.260+0900][18.618s][info][gc,phases   ] GC(194)   Evacuate Collection Set: 0.4ms
[2026-03-26T14:02:36.260+0900][18.618s][info][gc,phases   ] GC(194)   Post Evacuate Collection Set: 0.7ms
[2026-03-26T14:02:36.260+0900][18.618s][info][gc,phases   ] GC(194)   Other: 0.1ms
[2026-03-26T14:02:36.260+0900][18.618s][info][gc,heap     ] GC(194) Eden regions: 50->0(190)
[2026-03-26T14:02:36.260+0900][18.618s][info][gc,heap     ] GC(194) Survivor regions: 0->0(25)
[2026-03-26T14:02:36.260+0900][18.618s][info][gc,heap     ] GC(194) Old regions: 1->1
[2026-03-26T14:02:36.260+0900][18.618s][info][gc,heap     ] GC(194) Humongous regions: 294->294
[2026-03-26T14:02:36.260+0900][18.618s][info][gc,metaspace] GC(194) Metaspace: 312K(512K)->312K(512K) NonClass: 295K(384K)->295K(384K) Class: 17K(128K)->17K(128K)
[2026-03-26T14:02:36.260+0900][18.618s][info][gc          ] GC(194) Pause Young (Concurrent Start) (G1 Humongous Allocation) 344M->294M(512M) 2.243ms
[2026-03-26T14:02:36.260+0900][18.618s][info][gc,cpu      ] GC(194) User=0.03s Sys=0.00s Real=0.00s
[2026-03-26T14:02:36.260+0900][18.618s][info][gc          ] GC(195) Concurrent Mark Cycle
[2026-03-26T14:02:36.260+0900][18.619s][info][gc,marking  ] GC(195) Concurrent Scan Root Regions
[2026-03-26T14:02:36.260+0900][18.619s][info][gc,marking  ] GC(195) Concurrent Scan Root Regions 0.025ms
[2026-03-26T14:02:36.260+0900][18.619s][info][gc,marking  ] GC(195) Concurrent Mark
[2026-03-26T14:02:36.260+0900][18.619s][info][gc,marking  ] GC(195) Concurrent Mark From Roots
[2026-03-26T14:02:36.260+0900][18.619s][info][gc,task     ] GC(195) Using 3 workers of 3 for marking
[2026-03-26T14:02:36.264+0900][18.620s][info][gc,marking  ] GC(195) Concurrent Mark From Roots 1.454ms
[2026-03-26T14:02:36.264+0900][18.620s][info][gc,marking  ] GC(195) Concurrent Preclean
[2026-03-26T14:02:36.264+0900][18.620s][info][gc,marking  ] GC(195) Concurrent Preclean 0.039ms
[2026-03-26T14:02:36.264+0900][18.620s][info][gc,start    ] GC(195) Pause Remark
[2026-03-26T14:02:36.264+0900][18.621s][info][gc          ] GC(195) Pause Remark 301M->301M(512M) 1.093ms
[2026-03-26T14:02:36.264+0900][18.621s][info][gc,cpu      ] GC(195) User=0.00s Sys=0.00s Real=0.00s
[2026-03-26T14:02:36.264+0900][18.622s][info][gc,marking  ] GC(195) Concurrent Mark 2.990ms
[2026-03-26T14:02:36.264+0900][18.622s][info][gc,marking  ] GC(195) Concurrent Rebuild Remembered Sets and Scrub Regions
[2026-03-26T14:02:36.264+0900][18.622s][info][gc,marking  ] GC(195) Concurrent Rebuild Remembered Sets and Scrub Regions 0.670ms
[2026-03-26T14:02:36.264+0900][18.622s][info][gc,start    ] GC(195) Pause Cleanup
[2026-03-26T14:02:36.264+0900][18.623s][info][gc          ] GC(195) Pause Cleanup 301M->301M(512M) 0.324ms
[2026-03-26T14:02:36.264+0900][18.623s][info][gc,cpu      ] GC(195) User=0.00s Sys=0.00s Real=0.00s
[2026-03-26T14:02:36.264+0900][18.623s][info][gc,marking  ] GC(195) Concurrent Clear Claimed Marks
[2026-03-26T14:02:36.264+0900][18.623s][info][gc,marking  ] GC(195) Concurrent Clear Claimed Marks 0.081ms
[2026-03-26T14:02:36.264+0900][18.623s][info][gc,marking  ] GC(195) Concurrent Cleanup for Next Mark
[2026-03-26T14:02:36.268+0900][18.624s][info][gc,marking  ] GC(195) Concurrent Cleanup for Next Mark 0.478ms
[2026-03-26T14:02:36.268+0900][18.624s][info][gc          ] GC(195) Concurrent Mark Cycle 5.153ms
[2026-03-26T14:02:36.421+0900][18.776s][info][gc,start    ] GC(196) Pause Young (Concurrent Start) (G1 Humongous Allocation)
[2026-03-26T14:02:36.421+0900][18.776s][info][gc,task     ] GC(196) Using 12 workers of 13 for evacuation
[2026-03-26T14:02:36.421+0900][18.777s][info][gc,phases   ] GC(196)   Pre Evacuate Collection Set: 0.2ms
[2026-03-26T14:02:36.421+0900][18.777s][info][gc,phases   ] GC(196)   Merge Heap Roots: 0.1ms
[2026-03-26T14:02:36.421+0900][18.777s][info][gc,phases   ] GC(196)   Evacuate Collection Set: 0.3ms
[2026-03-26T14:02:36.421+0900][18.777s][info][gc,phases   ] GC(196)   Post Evacuate Collection Set: 0.2ms
[2026-03-26T14:02:36.421+0900][18.777s][info][gc,phases   ] GC(196)   Other: 0.1ms
[2026-03-26T14:02:36.421+0900][18.777s][info][gc,heap     ] GC(196) Eden regions: 50->0(184)
[2026-03-26T14:02:36.421+0900][18.777s][info][gc,heap     ] GC(196) Survivor regions: 0->0(24)
[2026-03-26T14:02:36.421+0900][18.777s][info][gc,heap     ] GC(196) Old regions: 1->1
[2026-03-26T14:02:36.421+0900][18.777s][info][gc,heap     ] GC(196) Humongous regions: 300->300
[2026-03-26T14:02:36.421+0900][18.777s][info][gc,metaspace] GC(196) Metaspace: 312K(512K)->312K(512K) NonClass: 295K(384K)->295K(384K) Class: 17K(128K)->17K(128K)
[2026-03-26T14:02:36.421+0900][18.777s][info][gc          ] GC(196) Pause Young (Concurrent Start) (G1 Humongous Allocation) 350M->300M(512M) 1.128ms
[2026-03-26T14:02:36.421+0900][18.777s][info][gc,cpu      ] GC(196) User=0.00s Sys=0.00s Real=0.00s
[2026-03-26T14:02:36.421+0900][18.777s][info][gc          ] GC(197) Concurrent Mark Cycle
[2026-03-26T14:02:36.421+0900][18.777s][info][gc,marking  ] GC(197) Concurrent Scan Root Regions
[2026-03-26T14:02:36.421+0900][18.777s][info][gc,marking  ] GC(197) Concurrent Scan Root Regions 0.016ms
[2026-03-26T14:02:36.421+0900][18.777s][info][gc,marking  ] GC(197) Concurrent Mark
[2026-03-26T14:02:36.421+0900][18.778s][info][gc,marking  ] GC(197) Concurrent Mark From Roots
[2026-03-26T14:02:36.421+0900][18.778s][info][gc,task     ] GC(197) Using 3 workers of 3 for marking
[2026-03-26T14:02:36.422+0900][18.778s][info][gc,marking  ] GC(197) Concurrent Mark From Roots 0.906ms
[2026-03-26T14:02:36.422+0900][18.778s][info][gc,marking  ] GC(197) Concurrent Preclean
[2026-03-26T14:02:36.422+0900][18.778s][info][gc,marking  ] GC(197) Concurrent Preclean 0.015ms
[2026-03-26T14:02:36.422+0900][18.779s][info][gc,start    ] GC(197) Pause Remark
[2026-03-26T14:02:36.422+0900][18.779s][info][gc          ] GC(197) Pause Remark 300M->300M(512M) 0.477ms
[2026-03-26T14:02:36.422+0900][18.779s][info][gc,cpu      ] GC(197) User=0.00s Sys=0.00s Real=0.00s
[2026-03-26T14:02:36.422+0900][18.779s][info][gc,marking  ] GC(197) Concurrent Mark 1.572ms
[2026-03-26T14:02:36.422+0900][18.779s][info][gc,marking  ] GC(197) Concurrent Rebuild Remembered Sets and Scrub Regions
[2026-03-26T14:02:36.422+0900][18.779s][info][gc,marking  ] GC(197) Concurrent Rebuild Remembered Sets and Scrub Regions 0.402ms
[2026-03-26T14:02:36.422+0900][18.780s][info][gc,start    ] GC(197) Pause Cleanup
[2026-03-26T14:02:36.424+0900][18.780s][info][gc          ] GC(197) Pause Cleanup 300M->300M(512M) 0.093ms
[2026-03-26T14:02:36.424+0900][18.780s][info][gc,cpu      ] GC(197) User=0.00s Sys=0.00s Real=0.00s
[2026-03-26T14:02:36.424+0900][18.780s][info][gc,marking  ] GC(197) Concurrent Clear Claimed Marks
[2026-03-26T14:02:36.424+0900][18.780s][info][gc,marking  ] GC(197) Concurrent Clear Claimed Marks 0.025ms
[2026-03-26T14:02:36.424+0900][18.780s][info][gc,marking  ] GC(197) Concurrent Cleanup for Next Mark
[2026-03-26T14:02:36.424+0900][18.780s][info][gc,marking  ] GC(197) Concurrent Cleanup for Next Mark 0.376ms
[2026-03-26T14:02:36.424+0900][18.780s][info][gc          ] GC(197) Concurrent Mark Cycle 2.712ms
[2026-03-26T14:02:36.577+0900][18.934s][info][gc,start    ] GC(198) Pause Young (Concurrent Start) (G1 Humongous Allocation)
[2026-03-26T14:02:36.577+0900][18.934s][info][gc,task     ] GC(198) Using 12 workers of 13 for evacuation
[2026-03-26T14:02:36.577+0900][18.935s][info][gc,phases   ] GC(198)   Pre Evacuate Collection Set: 0.3ms
[2026-03-26T14:02:36.577+0900][18.935s][info][gc,phases   ] GC(198)   Merge Heap Roots: 0.2ms
[2026-03-26T14:02:36.577+0900][18.935s][info][gc,phases   ] GC(198)   Evacuate Collection Set: 0.2ms
[2026-03-26T14:02:36.577+0900][18.935s][info][gc,phases   ] GC(198)   Post Evacuate Collection Set: 0.5ms
[2026-03-26T14:02:36.577+0900][18.935s][info][gc,phases   ] GC(198)   Other: 0.1ms
[2026-03-26T14:02:36.577+0900][18.935s][info][gc,heap     ] GC(198) Eden regions: 50->0(178)
[2026-03-26T14:02:36.577+0900][18.935s][info][gc,heap     ] GC(198) Survivor regions: 0->0(23)
[2026-03-26T14:02:36.577+0900][18.935s][info][gc,heap     ] GC(198) Old regions: 1->1
[2026-03-26T14:02:36.577+0900][18.935s][info][gc,heap     ] GC(198) Humongous regions: 306->306
[2026-03-26T14:02:36.577+0900][18.935s][info][gc,metaspace] GC(198) Metaspace: 312K(512K)->312K(512K) NonClass: 295K(384K)->295K(384K) Class: 17K(128K)->17K(128K)
[2026-03-26T14:02:36.577+0900][18.935s][info][gc          ] GC(198) Pause Young (Concurrent Start) (G1 Humongous Allocation) 356M->306M(512M) 1.596ms
[2026-03-26T14:02:36.577+0900][18.935s][info][gc,cpu      ] GC(198) User=0.00s Sys=0.00s Real=0.00s
[2026-03-26T14:02:36.577+0900][18.935s][info][gc          ] GC(199) Concurrent Mark Cycle
[2026-03-26T14:02:36.577+0900][18.935s][info][gc,marking  ] GC(199) Concurrent Scan Root Regions
[2026-03-26T14:02:36.577+0900][18.935s][info][gc,marking  ] GC(199) Concurrent Scan Root Regions 0.015ms
[2026-03-26T14:02:36.577+0900][18.935s][info][gc,marking  ] GC(199) Concurrent Mark
[2026-03-26T14:02:36.577+0900][18.935s][info][gc,marking  ] GC(199) Concurrent Mark From Roots
[2026-03-26T14:02:36.577+0900][18.935s][info][gc,task     ] GC(199) Using 3 workers of 3 for marking
[2026-03-26T14:02:36.577+0900][18.936s][info][gc,marking  ] GC(199) Concurrent Mark From Roots 0.947ms
[2026-03-26T14:02:36.577+0900][18.936s][info][gc,marking  ] GC(199) Concurrent Preclean
[2026-03-26T14:02:36.577+0900][18.936s][info][gc,marking  ] GC(199) Concurrent Preclean 0.017ms
[2026-03-26T14:02:36.577+0900][18.936s][info][gc,start    ] GC(199) Pause Remark
[2026-03-26T14:02:36.577+0900][18.937s][info][gc          ] GC(199) Pause Remark 312M->312M(512M) 0.534ms
[2026-03-26T14:02:36.577+0900][18.937s][info][gc,cpu      ] GC(199) User=0.00s Sys=0.00s Real=0.00s
[2026-03-26T14:02:36.577+0900][18.937s][info][gc,marking  ] GC(199) Concurrent Mark 1.693ms
[2026-03-26T14:02:36.577+0900][18.937s][info][gc,marking  ] GC(199) Concurrent Rebuild Remembered Sets and Scrub Regions
[2026-03-26T14:02:36.582+0900][18.937s][info][gc,marking  ] GC(199) Concurrent Rebuild Remembered Sets and Scrub Regions 0.451ms
[2026-03-26T14:02:36.582+0900][18.938s][info][gc,start    ] GC(199) Pause Cleanup
[2026-03-26T14:02:36.582+0900][18.938s][info][gc          ] GC(199) Pause Cleanup 312M->312M(512M) 0.100ms
[2026-03-26T14:02:36.582+0900][18.938s][info][gc,cpu      ] GC(199) User=0.00s Sys=0.00s Real=0.00s
[2026-03-26T14:02:36.582+0900][18.938s][info][gc,marking  ] GC(199) Concurrent Clear Claimed Marks
[2026-03-26T14:02:36.582+0900][18.938s][info][gc,marking  ] GC(199) Concurrent Clear Claimed Marks 0.044ms
[2026-03-26T14:02:36.582+0900][18.938s][info][gc,marking  ] GC(199) Concurrent Cleanup for Next Mark
[2026-03-26T14:02:36.582+0900][18.938s][info][gc,marking  ] GC(199) Concurrent Cleanup for Next Mark 0.296ms
[2026-03-26T14:02:36.582+0900][18.938s][info][gc          ] GC(199) Concurrent Mark Cycle 2.889ms
[2026-03-26T14:02:36.737+0900][19.093s][info][gc,start    ] GC(200) Pause Young (Concurrent Start) (G1 Humongous Allocation)
[2026-03-26T14:02:36.737+0900][19.093s][info][gc,task     ] GC(200) Using 12 workers of 13 for evacuation
[2026-03-26T14:02:36.737+0900][19.094s][info][gc,phases   ] GC(200)   Pre Evacuate Collection Set: 0.2ms
[2026-03-26T14:02:36.737+0900][19.094s][info][gc,phases   ] GC(200)   Merge Heap Roots: 0.1ms
[2026-03-26T14:02:36.737+0900][19.094s][info][gc,phases   ] GC(200)   Evacuate Collection Set: 0.1ms
[2026-03-26T14:02:36.737+0900][19.094s][info][gc,phases   ] GC(200)   Post Evacuate Collection Set: 0.2ms
[2026-03-26T14:02:36.737+0900][19.094s][info][gc,phases   ] GC(200)   Other: 0.1ms
[2026-03-26T14:02:36.737+0900][19.094s][info][gc,heap     ] GC(200) Eden regions: 50->0(172)
[2026-03-26T14:02:36.737+0900][19.094s][info][gc,heap     ] GC(200) Survivor regions: 0->0(23)
[2026-03-26T14:02:36.737+0900][19.094s][info][gc,heap     ] GC(200) Old regions: 1->1
[2026-03-26T14:02:36.737+0900][19.094s][info][gc,heap     ] GC(200) Humongous regions: 312->312
[2026-03-26T14:02:36.737+0900][19.094s][info][gc,metaspace] GC(200) Metaspace: 312K(512K)->312K(512K) NonClass: 295K(384K)->295K(384K) Class: 17K(128K)->17K(128K)
[2026-03-26T14:02:36.737+0900][19.094s][info][gc          ] GC(200) Pause Young (Concurrent Start) (G1 Humongous Allocation) 362M->312M(512M) 0.914ms
[2026-03-26T14:02:36.737+0900][19.094s][info][gc,cpu      ] GC(200) User=0.00s Sys=0.00s Real=0.00s
[2026-03-26T14:02:36.737+0900][19.094s][info][gc          ] GC(201) Concurrent Mark Cycle
[2026-03-26T14:02:36.737+0900][19.094s][info][gc,marking  ] GC(201) Concurrent Scan Root Regions
[2026-03-26T14:02:36.737+0900][19.094s][info][gc,marking  ] GC(201) Concurrent Scan Root Regions 0.013ms
[2026-03-26T14:02:36.737+0900][19.094s][info][gc,marking  ] GC(201) Concurrent Mark
[2026-03-26T14:02:36.737+0900][19.094s][info][gc,marking  ] GC(201) Concurrent Mark From Roots
[2026-03-26T14:02:36.737+0900][19.094s][info][gc,task     ] GC(201) Using 3 workers of 3 for marking
[2026-03-26T14:02:36.739+0900][19.095s][info][gc,marking  ] GC(201) Concurrent Mark From Roots 0.901ms
[2026-03-26T14:02:36.739+0900][19.095s][info][gc,marking  ] GC(201) Concurrent Preclean
[2026-03-26T14:02:36.739+0900][19.095s][info][gc,marking  ] GC(201) Concurrent Preclean 0.015ms
[2026-03-26T14:02:36.739+0900][19.095s][info][gc,start    ] GC(201) Pause Remark
[2026-03-26T14:02:36.739+0900][19.095s][info][gc          ] GC(201) Pause Remark 318M->318M(512M) 0.457ms
[2026-03-26T14:02:36.739+0900][19.095s][info][gc,cpu      ] GC(201) User=0.00s Sys=0.00s Real=0.00s
[2026-03-26T14:02:36.739+0900][19.095s][info][gc,marking  ] GC(201) Concurrent Mark 1.501ms
[2026-03-26T14:02:36.739+0900][19.095s][info][gc,marking  ] GC(201) Concurrent Rebuild Remembered Sets and Scrub Regions
[2026-03-26T14:02:36.739+0900][19.096s][info][gc,marking  ] GC(201) Concurrent Rebuild Remembered Sets and Scrub Regions 0.401ms
[2026-03-26T14:02:36.739+0900][19.096s][info][gc,start    ] GC(201) Pause Cleanup
[2026-03-26T14:02:36.741+0900][19.096s][info][gc          ] GC(201) Pause Cleanup 318M->318M(512M) 0.114ms
[2026-03-26T14:02:36.741+0900][19.096s][info][gc,cpu      ] GC(201) User=0.00s Sys=0.00s Real=0.00s
[2026-03-26T14:02:36.741+0900][19.096s][info][gc,marking  ] GC(201) Concurrent Clear Claimed Marks
[2026-03-26T14:02:36.741+0900][19.096s][info][gc,marking  ] GC(201) Concurrent Clear Claimed Marks 0.014ms
[2026-03-26T14:02:36.741+0900][19.096s][info][gc,marking  ] GC(201) Concurrent Cleanup for Next Mark
[2026-03-26T14:02:36.741+0900][19.096s][info][gc,marking  ] GC(201) Concurrent Cleanup for Next Mark 0.284ms
[2026-03-26T14:02:36.741+0900][19.096s][info][gc          ] GC(201) Concurrent Mark Cycle 2.536ms
[2026-03-26T14:02:36.896+0900][19.252s][info][gc,start    ] GC(202) Pause Young (Concurrent Start) (G1 Humongous Allocation)
[2026-03-26T14:02:36.896+0900][19.253s][info][gc,task     ] GC(202) Using 12 workers of 13 for evacuation
[2026-03-26T14:02:36.896+0900][19.255s][info][gc,phases   ] GC(202)   Pre Evacuate Collection Set: 0.5ms
[2026-03-26T14:02:36.896+0900][19.255s][info][gc,phases   ] GC(202)   Merge Heap Roots: 0.2ms
[2026-03-26T14:02:36.896+0900][19.255s][info][gc,phases   ] GC(202)   Evacuate Collection Set: 0.4ms
[2026-03-26T14:02:36.896+0900][19.255s][info][gc,phases   ] GC(202)   Post Evacuate Collection Set: 0.5ms
[2026-03-26T14:02:36.896+0900][19.255s][info][gc,phases   ] GC(202)   Other: 0.3ms
[2026-03-26T14:02:36.896+0900][19.255s][info][gc,heap     ] GC(202) Eden regions: 50->0(166)
[2026-03-26T14:02:36.896+0900][19.255s][info][gc,heap     ] GC(202) Survivor regions: 0->0(22)
[2026-03-26T14:02:36.896+0900][19.255s][info][gc,heap     ] GC(202) Old regions: 1->1
[2026-03-26T14:02:36.896+0900][19.255s][info][gc,heap     ] GC(202) Humongous regions: 318->318
[2026-03-26T14:02:36.896+0900][19.255s][info][gc,metaspace] GC(202) Metaspace: 312K(512K)->312K(512K) NonClass: 295K(384K)->295K(384K) Class: 17K(128K)->17K(128K)
[2026-03-26T14:02:36.896+0900][19.255s][info][gc          ] GC(202) Pause Young (Concurrent Start) (G1 Humongous Allocation) 368M->318M(512M) 2.427ms
[2026-03-26T14:02:36.896+0900][19.255s][info][gc,cpu      ] GC(202) User=0.00s Sys=0.00s Real=0.00s
[2026-03-26T14:02:36.896+0900][19.255s][info][gc          ] GC(203) Concurrent Mark Cycle
[2026-03-26T14:02:36.896+0900][19.255s][info][gc,marking  ] GC(203) Concurrent Scan Root Regions
[2026-03-26T14:02:36.896+0900][19.255s][info][gc,marking  ] GC(203) Concurrent Scan Root Regions 0.029ms
[2026-03-26T14:02:36.896+0900][19.255s][info][gc,marking  ] GC(203) Concurrent Mark
[2026-03-26T14:02:36.896+0900][19.255s][info][gc,marking  ] GC(203) Concurrent Mark From Roots
[2026-03-26T14:02:36.896+0900][19.255s][info][gc,task     ] GC(203) Using 3 workers of 3 for marking
[2026-03-26T14:02:36.901+0900][19.257s][info][gc,marking  ] GC(203) Concurrent Mark From Roots 1.752ms
[2026-03-26T14:02:36.901+0900][19.257s][info][gc,marking  ] GC(203) Concurrent Preclean
[2026-03-26T14:02:36.901+0900][19.257s][info][gc,marking  ] GC(203) Concurrent Preclean 0.032ms
[2026-03-26T14:02:36.901+0900][19.257s][info][gc,start    ] GC(203) Pause Remark
[2026-03-26T14:02:36.901+0900][19.259s][info][gc          ] GC(203) Pause Remark 324M->324M(512M) 1.374ms
[2026-03-26T14:02:36.901+0900][19.259s][info][gc,cpu      ] GC(203) User=0.00s Sys=0.02s Real=0.00s
[2026-03-26T14:02:36.901+0900][19.259s][info][gc,marking  ] GC(203) Concurrent Mark 3.595ms
[2026-03-26T14:02:36.901+0900][19.259s][info][gc,marking  ] GC(203) Concurrent Rebuild Remembered Sets and Scrub Regions
[2026-03-26T14:02:36.901+0900][19.260s][info][gc,marking  ] GC(203) Concurrent Rebuild Remembered Sets and Scrub Regions 0.792ms
[2026-03-26T14:02:36.901+0900][19.260s][info][gc,start    ] GC(203) Pause Cleanup
[2026-03-26T14:02:36.901+0900][19.260s][info][gc          ] GC(203) Pause Cleanup 324M->324M(512M) 0.225ms
[2026-03-26T14:02:36.901+0900][19.260s][info][gc,cpu      ] GC(203) User=0.00s Sys=0.00s Real=0.00s
[2026-03-26T14:02:36.901+0900][19.260s][info][gc,marking  ] GC(203) Concurrent Clear Claimed Marks
[2026-03-26T14:02:36.901+0900][19.260s][info][gc,marking  ] GC(203) Concurrent Clear Claimed Marks 0.090ms
[2026-03-26T14:02:36.901+0900][19.260s][info][gc,marking  ] GC(203) Concurrent Cleanup for Next Mark
[2026-03-26T14:02:36.901+0900][19.261s][info][gc,marking  ] GC(203) Concurrent Cleanup for Next Mark 0.536ms
[2026-03-26T14:02:36.901+0900][19.261s][info][gc          ] GC(203) Concurrent Mark Cycle 5.968ms
[2026-03-26T14:02:37.060+0900][19.417s][info][gc,start    ] GC(204) Pause Young (Concurrent Start) (G1 Humongous Allocation)
[2026-03-26T14:02:37.060+0900][19.417s][info][gc,task     ] GC(204) Using 12 workers of 13 for evacuation
[2026-03-26T14:02:37.063+0900][19.418s][info][gc,phases   ] GC(204)   Pre Evacuate Collection Set: 0.2ms
[2026-03-26T14:02:37.063+0900][19.418s][info][gc,phases   ] GC(204)   Merge Heap Roots: 0.1ms
[2026-03-26T14:02:37.063+0900][19.418s][info][gc,phases   ] GC(204)   Evacuate Collection Set: 0.4ms
[2026-03-26T14:02:37.063+0900][19.418s][info][gc,phases   ] GC(204)   Post Evacuate Collection Set: 0.3ms
[2026-03-26T14:02:37.063+0900][19.418s][info][gc,phases   ] GC(204)   Other: 0.1ms
[2026-03-26T14:02:37.063+0900][19.418s][info][gc,heap     ] GC(204) Eden regions: 50->0(160)
[2026-03-26T14:02:37.063+0900][19.418s][info][gc,heap     ] GC(204) Survivor regions: 0->0(21)
[2026-03-26T14:02:37.063+0900][19.418s][info][gc,heap     ] GC(204) Old regions: 1->1
[2026-03-26T14:02:37.063+0900][19.418s][info][gc,heap     ] GC(204) Humongous regions: 324->324
[2026-03-26T14:02:37.063+0900][19.418s][info][gc,metaspace] GC(204) Metaspace: 312K(512K)->312K(512K) NonClass: 295K(384K)->295K(384K) Class: 17K(128K)->17K(128K)
[2026-03-26T14:02:37.063+0900][19.418s][info][gc          ] GC(204) Pause Young (Concurrent Start) (G1 Humongous Allocation) 374M->324M(512M) 1.536ms
[2026-03-26T14:02:37.063+0900][19.418s][info][gc,cpu      ] GC(204) User=0.00s Sys=0.00s Real=0.00s
[2026-03-26T14:02:37.063+0900][19.418s][info][gc          ] GC(205) Concurrent Mark Cycle
[2026-03-26T14:02:37.063+0900][19.418s][info][gc,marking  ] GC(205) Concurrent Scan Root Regions
[2026-03-26T14:02:37.063+0900][19.418s][info][gc,marking  ] GC(205) Concurrent Scan Root Regions 0.023ms
[2026-03-26T14:02:37.063+0900][19.418s][info][gc,marking  ] GC(205) Concurrent Mark
[2026-03-26T14:02:37.063+0900][19.418s][info][gc,marking  ] GC(205) Concurrent Mark From Roots
[2026-03-26T14:02:37.063+0900][19.418s][info][gc,task     ] GC(205) Using 3 workers of 3 for marking
[2026-03-26T14:02:37.065+0900][19.420s][info][gc,marking  ] GC(205) Concurrent Mark From Roots 1.786ms
[2026-03-26T14:02:37.065+0900][19.420s][info][gc,marking  ] GC(205) Concurrent Preclean
[2026-03-26T14:02:37.065+0900][19.420s][info][gc,marking  ] GC(205) Concurrent Preclean 0.025ms
[2026-03-26T14:02:37.065+0900][19.420s][info][gc,start    ] GC(205) Pause Remark
[2026-03-26T14:02:37.065+0900][19.421s][info][gc          ] GC(205) Pause Remark 324M->324M(512M) 0.704ms
[2026-03-26T14:02:37.065+0900][19.421s][info][gc,cpu      ] GC(205) User=0.00s Sys=0.00s Real=0.00s
[2026-03-26T14:02:37.065+0900][19.421s][info][gc,marking  ] GC(205) Concurrent Mark 2.745ms
[2026-03-26T14:02:37.065+0900][19.421s][info][gc,marking  ] GC(205) Concurrent Rebuild Remembered Sets and Scrub Regions
[2026-03-26T14:02:37.065+0900][19.422s][info][gc,marking  ] GC(205) Concurrent Rebuild Remembered Sets and Scrub Regions 0.654ms
[2026-03-26T14:02:37.067+0900][19.422s][info][gc,start    ] GC(205) Pause Cleanup
[2026-03-26T14:02:37.067+0900][19.422s][info][gc          ] GC(205) Pause Cleanup 324M->324M(512M) 0.113ms
[2026-03-26T14:02:37.067+0900][19.422s][info][gc,cpu      ] GC(205) User=0.00s Sys=0.00s Real=0.00s
[2026-03-26T14:02:37.067+0900][19.422s][info][gc,marking  ] GC(205) Concurrent Clear Claimed Marks
[2026-03-26T14:02:37.067+0900][19.422s][info][gc,marking  ] GC(205) Concurrent Clear Claimed Marks 0.022ms
[2026-03-26T14:02:37.067+0900][19.422s][info][gc,marking  ] GC(205) Concurrent Cleanup for Next Mark
[2026-03-26T14:02:37.067+0900][19.423s][info][gc,marking  ] GC(205) Concurrent Cleanup for Next Mark 0.843ms
[2026-03-26T14:02:37.067+0900][19.423s][info][gc          ] GC(205) Concurrent Mark Cycle 4.651ms
[2026-03-26T14:02:37.239+0900][19.595s][info][gc,start    ] GC(206) Pause Young (Concurrent Start) (G1 Humongous Allocation)
[2026-03-26T14:02:37.239+0900][19.596s][info][gc,task     ] GC(206) Using 12 workers of 13 for evacuation
[2026-03-26T14:02:37.239+0900][19.597s][info][gc,phases   ] GC(206)   Pre Evacuate Collection Set: 0.5ms
[2026-03-26T14:02:37.239+0900][19.597s][info][gc,phases   ] GC(206)   Merge Heap Roots: 0.2ms
[2026-03-26T14:02:37.239+0900][19.597s][info][gc,phases   ] GC(206)   Evacuate Collection Set: 0.4ms
[2026-03-26T14:02:37.239+0900][19.597s][info][gc,phases   ] GC(206)   Post Evacuate Collection Set: 0.3ms
[2026-03-26T14:02:37.239+0900][19.597s][info][gc,phases   ] GC(206)   Other: 0.3ms
[2026-03-26T14:02:37.239+0900][19.597s][info][gc,heap     ] GC(206) Eden regions: 50->0(154)
[2026-03-26T14:02:37.239+0900][19.597s][info][gc,heap     ] GC(206) Survivor regions: 0->0(20)
[2026-03-26T14:02:37.239+0900][19.598s][info][gc,heap     ] GC(206) Old regions: 1->1
[2026-03-26T14:02:37.239+0900][19.598s][info][gc,heap     ] GC(206) Humongous regions: 330->330
[2026-03-26T14:02:37.239+0900][19.598s][info][gc,metaspace] GC(206) Metaspace: 312K(512K)->312K(512K) NonClass: 295K(384K)->295K(384K) Class: 17K(128K)->17K(128K)
[2026-03-26T14:02:37.239+0900][19.598s][info][gc          ] GC(206) Pause Young (Concurrent Start) (G1 Humongous Allocation) 380M->330M(512M) 2.153ms
[2026-03-26T14:02:37.239+0900][19.598s][info][gc,cpu      ] GC(206) User=0.00s Sys=0.00s Real=0.00s
[2026-03-26T14:02:37.239+0900][19.598s][info][gc          ] GC(207) Concurrent Mark Cycle
[2026-03-26T14:02:37.239+0900][19.598s][info][gc,marking  ] GC(207) Concurrent Scan Root Regions
[2026-03-26T14:02:37.239+0900][19.598s][info][gc,marking  ] GC(207) Concurrent Scan Root Regions 0.029ms
[2026-03-26T14:02:37.239+0900][19.598s][info][gc,marking  ] GC(207) Concurrent Mark
[2026-03-26T14:02:37.239+0900][19.598s][info][gc,marking  ] GC(207) Concurrent Mark From Roots
[2026-03-26T14:02:37.239+0900][19.598s][info][gc,task     ] GC(207) Using 3 workers of 3 for marking
[2026-03-26T14:02:37.244+0900][19.600s][info][gc,marking  ] GC(207) Concurrent Mark From Roots 1.738ms
[2026-03-26T14:02:37.244+0900][19.600s][info][gc,marking  ] GC(207) Concurrent Preclean
[2026-03-26T14:02:37.244+0900][19.600s][info][gc,marking  ] GC(207) Concurrent Preclean 0.028ms
[2026-03-26T14:02:37.244+0900][19.600s][info][gc,start    ] GC(207) Pause Remark
[2026-03-26T14:02:37.244+0900][19.601s][info][gc          ] GC(207) Pause Remark 336M->336M(512M) 1.476ms
[2026-03-26T14:02:37.244+0900][19.602s][info][gc,cpu      ] GC(207) User=0.02s Sys=0.00s Real=0.00s
[2026-03-26T14:02:37.244+0900][19.602s][info][gc,marking  ] GC(207) Concurrent Mark 3.659ms
[2026-03-26T14:02:37.244+0900][19.602s][info][gc,marking  ] GC(207) Concurrent Rebuild Remembered Sets and Scrub Regions
[2026-03-26T14:02:37.244+0900][19.603s][info][gc,marking  ] GC(207) Concurrent Rebuild Remembered Sets and Scrub Regions 0.853ms
[2026-03-26T14:02:37.244+0900][19.603s][info][gc,start    ] GC(207) Pause Cleanup
[2026-03-26T14:02:37.244+0900][19.603s][info][gc          ] GC(207) Pause Cleanup 336M->336M(512M) 0.235ms
[2026-03-26T14:02:37.244+0900][19.603s][info][gc,cpu      ] GC(207) User=0.00s Sys=0.00s Real=0.00s
[2026-03-26T14:02:37.244+0900][19.603s][info][gc,marking  ] GC(207) Concurrent Clear Claimed Marks
[2026-03-26T14:02:37.244+0900][19.603s][info][gc,marking  ] GC(207) Concurrent Clear Claimed Marks 0.092ms
[2026-03-26T14:02:37.244+0900][19.603s][info][gc,marking  ] GC(207) Concurrent Cleanup for Next Mark
[2026-03-26T14:02:37.244+0900][19.604s][info][gc,marking  ] GC(207) Concurrent Cleanup for Next Mark 0.561ms
[2026-03-26T14:02:37.244+0900][19.604s][info][gc          ] GC(207) Concurrent Mark Cycle 6.132ms
[2026-03-26T14:02:37.400+0900][19.757s][info][gc,start    ] GC(208) Pause Young (Concurrent Start) (G1 Humongous Allocation)
[2026-03-26T14:02:37.400+0900][19.757s][info][gc,task     ] GC(208) Using 12 workers of 13 for evacuation
[2026-03-26T14:02:37.400+0900][19.759s][info][gc,phases   ] GC(208)   Pre Evacuate Collection Set: 0.3ms
[2026-03-26T14:02:37.400+0900][19.759s][info][gc,phases   ] GC(208)   Merge Heap Roots: 0.2ms
[2026-03-26T14:02:37.400+0900][19.759s][info][gc,phases   ] GC(208)   Evacuate Collection Set: 0.4ms
[2026-03-26T14:02:37.400+0900][19.759s][info][gc,phases   ] GC(208)   Post Evacuate Collection Set: 0.5ms
[2026-03-26T14:02:37.400+0900][19.759s][info][gc,phases   ] GC(208)   Other: 0.3ms
[2026-03-26T14:02:37.400+0900][19.759s][info][gc,heap     ] GC(208) Eden regions: 50->0(148)
[2026-03-26T14:02:37.400+0900][19.759s][info][gc,heap     ] GC(208) Survivor regions: 0->0(20)
[2026-03-26T14:02:37.400+0900][19.759s][info][gc,heap     ] GC(208) Old regions: 1->1
[2026-03-26T14:02:37.400+0900][19.759s][info][gc,heap     ] GC(208) Humongous regions: 336->336
[2026-03-26T14:02:37.400+0900][19.759s][info][gc,metaspace] GC(208) Metaspace: 312K(512K)->312K(512K) NonClass: 295K(384K)->295K(384K) Class: 17K(128K)->17K(128K)
[2026-03-26T14:02:37.400+0900][19.759s][info][gc          ] GC(208) Pause Young (Concurrent Start) (G1 Humongous Allocation) 386M->336M(512M) 2.313ms
[2026-03-26T14:02:37.400+0900][19.759s][info][gc,cpu      ] GC(208) User=0.00s Sys=0.00s Real=0.00s
[2026-03-26T14:02:37.400+0900][19.759s][info][gc          ] GC(209) Concurrent Mark Cycle
[2026-03-26T14:02:37.400+0900][19.759s][info][gc,marking  ] GC(209) Concurrent Scan Root Regions
[2026-03-26T14:02:37.400+0900][19.759s][info][gc,marking  ] GC(209) Concurrent Scan Root Regions 0.030ms
[2026-03-26T14:02:37.400+0900][19.759s][info][gc,marking  ] GC(209) Concurrent Mark
[2026-03-26T14:02:37.400+0900][19.759s][info][gc,marking  ] GC(209) Concurrent Mark From Roots
[2026-03-26T14:02:37.400+0900][19.759s][info][gc,task     ] GC(209) Using 3 workers of 3 for marking
[2026-03-26T14:02:37.405+0900][19.761s][info][gc,marking  ] GC(209) Concurrent Mark From Roots 1.871ms
[2026-03-26T14:02:37.405+0900][19.761s][info][gc,marking  ] GC(209) Concurrent Preclean
[2026-03-26T14:02:37.405+0900][19.761s][info][gc,marking  ] GC(209) Concurrent Preclean 0.032ms
[2026-03-26T14:02:37.405+0900][19.761s][info][gc,start    ] GC(209) Pause Remark
[2026-03-26T14:02:37.405+0900][19.763s][info][gc          ] GC(209) Pause Remark 342M->342M(512M) 1.537ms
[2026-03-26T14:02:37.405+0900][19.763s][info][gc,cpu      ] GC(209) User=0.00s Sys=0.00s Real=0.00s
[2026-03-26T14:02:37.405+0900][19.763s][info][gc,marking  ] GC(209) Concurrent Mark 3.877ms
[2026-03-26T14:02:37.405+0900][19.763s][info][gc,marking  ] GC(209) Concurrent Rebuild Remembered Sets and Scrub Regions
[2026-03-26T14:02:37.405+0900][19.764s][info][gc,marking  ] GC(209) Concurrent Rebuild Remembered Sets and Scrub Regions 0.880ms
[2026-03-26T14:02:37.405+0900][19.765s][info][gc,start    ] GC(209) Pause Cleanup
[2026-03-26T14:02:37.405+0900][19.765s][info][gc          ] GC(209) Pause Cleanup 342M->342M(512M) 0.196ms
[2026-03-26T14:02:37.405+0900][19.765s][info][gc,cpu      ] GC(209) User=0.00s Sys=0.00s Real=0.00s
[2026-03-26T14:02:37.405+0900][19.765s][info][gc,marking  ] GC(209) Concurrent Clear Claimed Marks
[2026-03-26T14:02:37.405+0900][19.765s][info][gc,marking  ] GC(209) Concurrent Clear Claimed Marks 0.026ms
[2026-03-26T14:02:37.405+0900][19.765s][info][gc,marking  ] GC(209) Concurrent Cleanup for Next Mark
[2026-03-26T14:02:37.405+0900][19.766s][info][gc,marking  ] GC(209) Concurrent Cleanup for Next Mark 0.553ms
[2026-03-26T14:02:37.405+0900][19.766s][info][gc          ] GC(209) Concurrent Mark Cycle 6.560ms
[2026-03-26T14:02:37.561+0900][19.917s][info][gc,start    ] GC(210) Pause Young (Concurrent Start) (G1 Humongous Allocation)
[2026-03-26T14:02:37.561+0900][19.918s][info][gc,task     ] GC(210) Using 12 workers of 13 for evacuation
[2026-03-26T14:02:37.563+0900][19.919s][info][gc,phases   ] GC(210)   Pre Evacuate Collection Set: 0.3ms
[2026-03-26T14:02:37.564+0900][19.919s][info][gc,phases   ] GC(210)   Merge Heap Roots: 0.2ms
[2026-03-26T14:02:37.564+0900][19.919s][info][gc,phases   ] GC(210)   Evacuate Collection Set: 0.4ms
[2026-03-26T14:02:37.564+0900][19.919s][info][gc,phases   ] GC(210)   Post Evacuate Collection Set: 0.4ms
[2026-03-26T14:02:37.564+0900][19.919s][info][gc,phases   ] GC(210)   Other: 0.1ms
[2026-03-26T14:02:37.564+0900][19.919s][info][gc,heap     ] GC(210) Eden regions: 50->0(142)
[2026-03-26T14:02:37.564+0900][19.919s][info][gc,heap     ] GC(210) Survivor regions: 0->0(19)
[2026-03-26T14:02:37.564+0900][19.919s][info][gc,heap     ] GC(210) Old regions: 1->1
[2026-03-26T14:02:37.564+0900][19.920s][info][gc,heap     ] GC(210) Humongous regions: 342->342
[2026-03-26T14:02:37.564+0900][19.920s][info][gc,metaspace] GC(210) Metaspace: 312K(512K)->312K(512K) NonClass: 295K(384K)->295K(384K) Class: 17K(128K)->17K(128K)
[2026-03-26T14:02:37.564+0900][19.920s][info][gc          ] GC(210) Pause Young (Concurrent Start) (G1 Humongous Allocation) 392M->342M(512M) 2.115ms
[2026-03-26T14:02:37.564+0900][19.920s][info][gc,cpu      ] GC(210) User=0.00s Sys=0.00s Real=0.00s
[2026-03-26T14:02:37.564+0900][19.920s][info][gc          ] GC(211) Concurrent Mark Cycle
[2026-03-26T14:02:37.564+0900][19.920s][info][gc,marking  ] GC(211) Concurrent Scan Root Regions
[2026-03-26T14:02:37.564+0900][19.920s][info][gc,marking  ] GC(211) Concurrent Scan Root Regions 0.033ms
[2026-03-26T14:02:37.564+0900][19.920s][info][gc,marking  ] GC(211) Concurrent Mark
[2026-03-26T14:02:37.564+0900][19.920s][info][gc,marking  ] GC(211) Concurrent Mark From Roots
[2026-03-26T14:02:37.564+0900][19.920s][info][gc,task     ] GC(211) Using 3 workers of 3 for marking
[2026-03-26T14:02:37.566+0900][19.922s][info][gc,marking  ] GC(211) Concurrent Mark From Roots 1.942ms
[2026-03-26T14:02:37.566+0900][19.922s][info][gc,marking  ] GC(211) Concurrent Preclean
[2026-03-26T14:02:37.566+0900][19.922s][info][gc,marking  ] GC(211) Concurrent Preclean 0.031ms
[2026-03-26T14:02:37.566+0900][19.922s][info][gc,start    ] GC(211) Pause Remark
[2026-03-26T14:02:37.566+0900][19.924s][info][gc          ] GC(211) Pause Remark 348M->348M(512M) 1.582ms
[2026-03-26T14:02:37.566+0900][19.924s][info][gc,cpu      ] GC(211) User=0.00s Sys=0.00s Real=0.00s
[2026-03-26T14:02:37.566+0900][19.924s][info][gc,marking  ] GC(211) Concurrent Mark 4.031ms
[2026-03-26T14:02:37.566+0900][19.924s][info][gc,marking  ] GC(211) Concurrent Rebuild Remembered Sets and Scrub Regions
[2026-03-26T14:02:37.566+0900][19.925s][info][gc,marking  ] GC(211) Concurrent Rebuild Remembered Sets and Scrub Regions 0.885ms
[2026-03-26T14:02:37.566+0900][19.925s][info][gc,start    ] GC(211) Pause Cleanup
[2026-03-26T14:02:37.566+0900][19.925s][info][gc          ] GC(211) Pause Cleanup 348M->348M(512M) 0.253ms
[2026-03-26T14:02:37.566+0900][19.925s][info][gc,cpu      ] GC(211) User=0.00s Sys=0.00s Real=0.00s
[2026-03-26T14:02:37.566+0900][19.926s][info][gc,marking  ] GC(211) Concurrent Clear Claimed Marks
[2026-03-26T14:02:37.566+0900][19.926s][info][gc,marking  ] GC(211) Concurrent Clear Claimed Marks 0.099ms
[2026-03-26T14:02:37.566+0900][19.926s][info][gc,marking  ] GC(211) Concurrent Cleanup for Next Mark
[2026-03-26T14:02:37.566+0900][19.926s][info][gc,marking  ] GC(211) Concurrent Cleanup for Next Mark 0.582ms
[2026-03-26T14:02:37.566+0900][19.926s][info][gc          ] GC(211) Concurrent Mark Cycle 6.642ms
[2026-03-26T14:02:37.723+0900][20.079s][info][gc,start    ] GC(212) Pause Young (Concurrent Start) (G1 Humongous Allocation)
[2026-03-26T14:02:37.723+0900][20.079s][info][gc,task     ] GC(212) Using 12 workers of 13 for evacuation
[2026-03-26T14:02:37.724+0900][20.080s][info][gc,phases   ] GC(212)   Pre Evacuate Collection Set: 0.2ms
[2026-03-26T14:02:37.724+0900][20.080s][info][gc,phases   ] GC(212)   Merge Heap Roots: 0.2ms
[2026-03-26T14:02:37.724+0900][20.080s][info][gc,phases   ] GC(212)   Evacuate Collection Set: 0.4ms
[2026-03-26T14:02:37.724+0900][20.080s][info][gc,phases   ] GC(212)   Post Evacuate Collection Set: 0.2ms
[2026-03-26T14:02:37.724+0900][20.080s][info][gc,phases   ] GC(212)   Other: 0.1ms
[2026-03-26T14:02:37.724+0900][20.080s][info][gc,heap     ] GC(212) Eden regions: 50->0(134)
[2026-03-26T14:02:37.724+0900][20.080s][info][gc,heap     ] GC(212) Survivor regions: 0->1(18)
[2026-03-26T14:02:37.724+0900][20.080s][info][gc,heap     ] GC(212) Old regions: 1->1
[2026-03-26T14:02:37.724+0900][20.080s][info][gc,heap     ] GC(212) Humongous regions: 348->348
[2026-03-26T14:02:37.724+0900][20.080s][info][gc,metaspace] GC(212) Metaspace: 324K(512K)->324K(512K) NonClass: 307K(384K)->307K(384K) Class: 17K(128K)->17K(128K)
[2026-03-26T14:02:37.724+0900][20.081s][info][gc          ] GC(212) Pause Young (Concurrent Start) (G1 Humongous Allocation) 398M->348M(512M) 1.665ms
[2026-03-26T14:02:37.724+0900][20.081s][info][gc,cpu      ] GC(212) User=0.00s Sys=0.00s Real=0.00s
[2026-03-26T14:02:37.724+0900][20.081s][info][gc          ] GC(213) Concurrent Mark Cycle
[2026-03-26T14:02:37.724+0900][20.081s][info][gc,marking  ] GC(213) Concurrent Scan Root Regions
[2026-03-26T14:02:37.724+0900][20.081s][info][gc,marking  ] GC(213) Concurrent Scan Root Regions 0.043ms
[2026-03-26T14:02:37.724+0900][20.081s][info][gc,marking  ] GC(213) Concurrent Mark
[2026-03-26T14:02:37.724+0900][20.081s][info][gc,marking  ] GC(213) Concurrent Mark From Roots
[2026-03-26T14:02:37.724+0900][20.081s][info][gc,task     ] GC(213) Using 3 workers of 3 for marking
[2026-03-26T14:02:37.728+0900][20.083s][info][gc,marking  ] GC(213) Concurrent Mark From Roots 2.708ms
[2026-03-26T14:02:37.728+0900][20.083s][info][gc,marking  ] GC(213) Concurrent Preclean
[2026-03-26T14:02:37.728+0900][20.083s][info][gc,marking  ] GC(213) Concurrent Preclean 0.025ms
[2026-03-26T14:02:37.728+0900][20.084s][info][gc,start    ] GC(213) Pause Remark
[2026-03-26T14:02:37.728+0900][20.084s][info][gc          ] GC(213) Pause Remark 348M->348M(512M) 0.714ms
[2026-03-26T14:02:37.728+0900][20.084s][info][gc,cpu      ] GC(213) User=0.00s Sys=0.00s Real=0.00s
[2026-03-26T14:02:37.728+0900][20.084s][info][gc,marking  ] GC(213) Concurrent Mark 3.737ms
[2026-03-26T14:02:37.728+0900][20.084s][info][gc,marking  ] GC(213) Concurrent Rebuild Remembered Sets and Scrub Regions
[2026-03-26T14:02:37.728+0900][20.085s][info][gc,marking  ] GC(213) Concurrent Rebuild Remembered Sets and Scrub Regions 0.645ms
[2026-03-26T14:02:37.728+0900][20.085s][info][gc,start    ] GC(213) Pause Cleanup
[2026-03-26T14:02:37.728+0900][20.085s][info][gc          ] GC(213) Pause Cleanup 348M->348M(512M) 0.123ms
[2026-03-26T14:02:37.728+0900][20.085s][info][gc,cpu      ] GC(213) User=0.00s Sys=0.00s Real=0.00s
[2026-03-26T14:02:37.728+0900][20.085s][info][gc,marking  ] GC(213) Concurrent Clear Claimed Marks
[2026-03-26T14:02:37.728+0900][20.085s][info][gc,marking  ] GC(213) Concurrent Clear Claimed Marks 0.023ms
[2026-03-26T14:02:37.728+0900][20.085s][info][gc,marking  ] GC(213) Concurrent Cleanup for Next Mark
[2026-03-26T14:02:37.730+0900][20.086s][info][gc,marking  ] GC(213) Concurrent Cleanup for Next Mark 0.845ms
[2026-03-26T14:02:37.730+0900][20.086s][info][gc          ] GC(213) Concurrent Mark Cycle 5.662ms
[2026-03-26T14:02:37.901+0900][20.258s][info][gc,start    ] GC(214) Pause Young (Concurrent Start) (G1 Humongous Allocation)
[2026-03-26T14:02:37.901+0900][20.258s][info][gc,task     ] GC(214) Using 12 workers of 13 for evacuation
[2026-03-26T14:02:37.901+0900][20.260s][info][gc,phases   ] GC(214)   Pre Evacuate Collection Set: 0.3ms
[2026-03-26T14:02:37.901+0900][20.260s][info][gc,phases   ] GC(214)   Merge Heap Roots: 0.1ms
[2026-03-26T14:02:37.901+0900][20.260s][info][gc,phases   ] GC(214)   Evacuate Collection Set: 0.4ms
[2026-03-26T14:02:37.901+0900][20.260s][info][gc,phases   ] GC(214)   Post Evacuate Collection Set: 0.4ms
[2026-03-26T14:02:37.901+0900][20.260s][info][gc,phases   ] GC(214)   Other: 0.1ms
[2026-03-26T14:02:37.901+0900][20.260s][info][gc,heap     ] GC(214) Eden regions: 50->0(128)
[2026-03-26T14:02:37.901+0900][20.260s][info][gc,heap     ] GC(214) Survivor regions: 1->1(17)
[2026-03-26T14:02:37.901+0900][20.260s][info][gc,heap     ] GC(214) Old regions: 1->1
[2026-03-26T14:02:37.901+0900][20.260s][info][gc,heap     ] GC(214) Humongous regions: 354->354
[2026-03-26T14:02:37.901+0900][20.260s][info][gc,metaspace] GC(214) Metaspace: 324K(512K)->324K(512K) NonClass: 307K(384K)->307K(384K) Class: 17K(128K)->17K(128K)
[2026-03-26T14:02:37.901+0900][20.260s][info][gc          ] GC(214) Pause Young (Concurrent Start) (G1 Humongous Allocation) 404M->354M(512M) 1.968ms
[2026-03-26T14:02:37.901+0900][20.260s][info][gc,cpu      ] GC(214) User=0.00s Sys=0.00s Real=0.00s
[2026-03-26T14:02:37.901+0900][20.260s][info][gc          ] GC(215) Concurrent Mark Cycle
[2026-03-26T14:02:37.905+0900][20.260s][info][gc,marking  ] GC(215) Concurrent Scan Root Regions
[2026-03-26T14:02:37.905+0900][20.260s][info][gc,marking  ] GC(215) Concurrent Scan Root Regions 0.080ms
[2026-03-26T14:02:37.905+0900][20.261s][info][gc,marking  ] GC(215) Concurrent Mark
[2026-03-26T14:02:37.905+0900][20.261s][info][gc,marking  ] GC(215) Concurrent Mark From Roots
[2026-03-26T14:02:37.905+0900][20.261s][info][gc,task     ] GC(215) Using 3 workers of 3 for marking
[2026-03-26T14:02:37.907+0900][20.262s][info][gc,marking  ] GC(215) Concurrent Mark From Roots 1.805ms
[2026-03-26T14:02:37.907+0900][20.262s][info][gc,marking  ] GC(215) Concurrent Preclean
[2026-03-26T14:02:37.907+0900][20.262s][info][gc,marking  ] GC(215) Concurrent Preclean 0.030ms
[2026-03-26T14:02:37.907+0900][20.263s][info][gc,start    ] GC(215) Pause Remark
[2026-03-26T14:02:37.907+0900][20.264s][info][gc          ] GC(215) Pause Remark 360M->360M(512M) 0.909ms
[2026-03-26T14:02:37.907+0900][20.264s][info][gc,cpu      ] GC(215) User=0.00s Sys=0.00s Real=0.00s
[2026-03-26T14:02:37.907+0900][20.264s][info][gc,marking  ] GC(215) Concurrent Mark 3.381ms
[2026-03-26T14:02:37.907+0900][20.264s][info][gc,marking  ] GC(215) Concurrent Rebuild Remembered Sets and Scrub Regions
[2026-03-26T14:02:37.909+0900][20.265s][info][gc,marking  ] GC(215) Concurrent Rebuild Remembered Sets and Scrub Regions 1.149ms
[2026-03-26T14:02:37.909+0900][20.265s][info][gc,start    ] GC(215) Pause Cleanup
[2026-03-26T14:02:37.909+0900][20.265s][info][gc          ] GC(215) Pause Cleanup 361M->361M(512M) 0.159ms
[2026-03-26T14:02:37.909+0900][20.265s][info][gc,cpu      ] GC(215) User=0.00s Sys=0.00s Real=0.00s
[2026-03-26T14:02:37.909+0900][20.266s][info][gc,marking  ] GC(215) Concurrent Clear Claimed Marks
[2026-03-26T14:02:37.909+0900][20.266s][info][gc,marking  ] GC(215) Concurrent Clear Claimed Marks 0.033ms
[2026-03-26T14:02:37.909+0900][20.266s][info][gc,marking  ] GC(215) Concurrent Cleanup for Next Mark
[2026-03-26T14:02:37.909+0900][20.266s][info][gc,marking  ] GC(215) Concurrent Cleanup for Next Mark 0.571ms
[2026-03-26T14:02:37.909+0900][20.266s][info][gc          ] GC(215) Concurrent Mark Cycle 6.081ms
[2026-03-26T14:02:38.078+0900][20.434s][info][gc,start    ] GC(216) Pause Young (Concurrent Start) (G1 Humongous Allocation)
[2026-03-26T14:02:38.078+0900][20.434s][info][gc,task     ] GC(216) Using 12 workers of 13 for evacuation
[2026-03-26T14:02:38.080+0900][20.435s][info][gc,phases   ] GC(216)   Pre Evacuate Collection Set: 0.2ms
[2026-03-26T14:02:38.080+0900][20.436s][info][gc,phases   ] GC(216)   Merge Heap Roots: 0.1ms
[2026-03-26T14:02:38.080+0900][20.436s][info][gc,phases   ] GC(216)   Evacuate Collection Set: 0.4ms
[2026-03-26T14:02:38.080+0900][20.436s][info][gc,phases   ] GC(216)   Post Evacuate Collection Set: 0.1ms
[2026-03-26T14:02:38.080+0900][20.436s][info][gc,phases   ] GC(216)   Other: 0.1ms
[2026-03-26T14:02:38.080+0900][20.436s][info][gc,heap     ] GC(216) Eden regions: 50->0(122)
[2026-03-26T14:02:38.080+0900][20.436s][info][gc,heap     ] GC(216) Survivor regions: 1->1(17)
[2026-03-26T14:02:38.080+0900][20.436s][info][gc,heap     ] GC(216) Old regions: 1->1
[2026-03-26T14:02:38.080+0900][20.436s][info][gc,heap     ] GC(216) Humongous regions: 360->360
[2026-03-26T14:02:38.080+0900][20.436s][info][gc,metaspace] GC(216) Metaspace: 324K(512K)->324K(512K) NonClass: 307K(384K)->307K(384K) Class: 17K(128K)->17K(128K)
[2026-03-26T14:02:38.080+0900][20.436s][info][gc          ] GC(216) Pause Young (Concurrent Start) (G1 Humongous Allocation) 410M->360M(512M) 1.337ms
[2026-03-26T14:02:38.080+0900][20.436s][info][gc,cpu      ] GC(216) User=0.00s Sys=0.00s Real=0.00s
[2026-03-26T14:02:38.080+0900][20.436s][info][gc          ] GC(217) Concurrent Mark Cycle
[2026-03-26T14:02:38.080+0900][20.436s][info][gc,marking  ] GC(217) Concurrent Scan Root Regions
[2026-03-26T14:02:38.080+0900][20.436s][info][gc,marking  ] GC(217) Concurrent Scan Root Regions 0.026ms
[2026-03-26T14:02:38.080+0900][20.436s][info][gc,marking  ] GC(217) Concurrent Mark
[2026-03-26T14:02:38.080+0900][20.436s][info][gc,marking  ] GC(217) Concurrent Mark From Roots
[2026-03-26T14:02:38.080+0900][20.436s][info][gc,task     ] GC(217) Using 3 workers of 3 for marking
[2026-03-26T14:02:38.080+0900][20.437s][info][gc,marking  ] GC(217) Concurrent Mark From Roots 1.070ms
[2026-03-26T14:02:38.080+0900][20.437s][info][gc,marking  ] GC(217) Concurrent Preclean
[2026-03-26T14:02:38.080+0900][20.437s][info][gc,marking  ] GC(217) Concurrent Preclean 0.014ms
[2026-03-26T14:02:38.080+0900][20.437s][info][gc,start    ] GC(217) Pause Remark
[2026-03-26T14:02:38.082+0900][20.437s][info][gc          ] GC(217) Pause Remark 360M->360M(512M) 0.524ms
[2026-03-26T14:02:38.082+0900][20.438s][info][gc,cpu      ] GC(217) User=0.00s Sys=0.00s Real=0.00s
[2026-03-26T14:02:38.082+0900][20.438s][info][gc,marking  ] GC(217) Concurrent Mark 1.772ms
[2026-03-26T14:02:38.082+0900][20.438s][info][gc,marking  ] GC(217) Concurrent Rebuild Remembered Sets and Scrub Regions
[2026-03-26T14:02:38.082+0900][20.438s][info][gc,marking  ] GC(217) Concurrent Rebuild Remembered Sets and Scrub Regions 0.403ms
[2026-03-26T14:02:38.082+0900][20.438s][info][gc,start    ] GC(217) Pause Cleanup
[2026-03-26T14:02:38.082+0900][20.438s][info][gc          ] GC(217) Pause Cleanup 360M->360M(512M) 0.061ms
[2026-03-26T14:02:38.082+0900][20.438s][info][gc,cpu      ] GC(217) User=0.00s Sys=0.00s Real=0.00s
[2026-03-26T14:02:38.082+0900][20.438s][info][gc,marking  ] GC(217) Concurrent Clear Claimed Marks
[2026-03-26T14:02:38.082+0900][20.438s][info][gc,marking  ] GC(217) Concurrent Clear Claimed Marks 0.013ms
[2026-03-26T14:02:38.082+0900][20.438s][info][gc,marking  ] GC(217) Concurrent Cleanup for Next Mark
[2026-03-26T14:02:38.082+0900][20.439s][info][gc,marking  ] GC(217) Concurrent Cleanup for Next Mark 0.632ms
[2026-03-26T14:02:38.082+0900][20.439s][info][gc          ] GC(217) Concurrent Mark Cycle 3.054ms
[2026-03-26T14:02:38.239+0900][20.596s][info][gc,start    ] GC(218) Pause Young (Concurrent Start) (G1 Humongous Allocation)
[2026-03-26T14:02:38.243+0900][20.600s][info][gc,task     ] GC(218) Using 12 workers of 13 for evacuation
[2026-03-26T14:02:38.335+0900][20.691s][info][gc,mmu      ] GC(218) MMU target violated: 6.0ms (5.0ms/6.0ms)
[2026-03-26T14:02:38.335+0900][20.691s][info][gc,phases   ] GC(218)   Pre Evacuate Collection Set: 86.3ms
[2026-03-26T14:02:38.335+0900][20.691s][info][gc,phases   ] GC(218)   Merge Heap Roots: 0.1ms
[2026-03-26T14:02:38.335+0900][20.691s][info][gc,phases   ] GC(218)   Evacuate Collection Set: 2.3ms
[2026-03-26T14:02:38.335+0900][20.691s][info][gc,phases   ] GC(218)   Post Evacuate Collection Set: 0.2ms
[2026-03-26T14:02:38.335+0900][20.691s][info][gc,phases   ] GC(218)   Other: 2.0ms
[2026-03-26T14:02:38.335+0900][20.691s][info][gc,heap     ] GC(218) Eden regions: 50->0(24)
[2026-03-26T14:02:38.335+0900][20.691s][info][gc,heap     ] GC(218) Survivor regions: 1->1(16)
[2026-03-26T14:02:38.335+0900][20.691s][info][gc,heap     ] GC(218) Old regions: 1->1
[2026-03-26T14:02:38.335+0900][20.691s][info][gc,heap     ] GC(218) Humongous regions: 366->276
[2026-03-26T14:02:38.335+0900][20.692s][info][gc,metaspace] GC(218) Metaspace: 324K(512K)->324K(512K) NonClass: 307K(384K)->307K(384K) Class: 17K(128K)->17K(128K)
[2026-03-26T14:02:38.335+0900][20.692s][info][gc          ] GC(218) Pause Young (Concurrent Start) (G1 Humongous Allocation) 416M->276M(512M) 95.124ms
[2026-03-26T14:02:38.335+0900][20.692s][info][gc,cpu      ] GC(218) User=0.00s Sys=0.00s Real=0.10s
[2026-03-26T14:02:38.335+0900][20.692s][info][gc          ] GC(219) Concurrent Mark Cycle
[2026-03-26T14:02:38.335+0900][20.692s][info][gc,marking  ] GC(219) Concurrent Scan Root Regions
[2026-03-26T14:02:38.335+0900][20.692s][info][gc,marking  ] GC(219) Concurrent Scan Root Regions 0.028ms
[2026-03-26T14:02:38.335+0900][20.692s][info][gc,marking  ] GC(219) Concurrent Mark
[2026-03-26T14:02:38.335+0900][20.692s][info][gc,marking  ] GC(219) Concurrent Mark From Roots
[2026-03-26T14:02:38.335+0900][20.692s][info][gc,task     ] GC(219) Using 3 workers of 3 for marking
[2026-03-26T14:02:38.337+0900][20.693s][info][gc,marking  ] GC(219) Concurrent Mark From Roots 1.244ms
[2026-03-26T14:02:38.337+0900][20.693s][info][gc,marking  ] GC(219) Concurrent Preclean
[2026-03-26T14:02:38.337+0900][20.693s][info][gc,marking  ] GC(219) Concurrent Preclean 0.016ms
[2026-03-26T14:02:38.350+0900][20.706s][info][gc,start    ] GC(219) Pause Remark
[2026-03-26T14:02:38.350+0900][20.707s][info][gc          ] GC(219) Pause Remark 276M->276M(512M) 0.895ms
[2026-03-26T14:02:38.350+0900][20.707s][info][gc,cpu      ] GC(219) User=0.00s Sys=0.00s Real=0.00s
[2026-03-26T14:02:38.350+0900][20.707s][info][gc,marking  ] GC(219) Concurrent Mark 14.964ms
[2026-03-26T14:02:38.350+0900][20.707s][info][gc,marking  ] GC(219) Concurrent Rebuild Remembered Sets and Scrub Regions
[2026-03-26T14:02:38.350+0900][20.707s][info][gc,marking  ] GC(219) Concurrent Rebuild Remembered Sets and Scrub Regions 0.402ms
[2026-03-26T14:02:38.352+0900][20.707s][info][gc,start    ] GC(219) Pause Cleanup
[2026-03-26T14:02:38.352+0900][20.707s][info][gc          ] GC(219) Pause Cleanup 282M->282M(512M) 0.086ms
[2026-03-26T14:02:38.352+0900][20.708s][info][gc,cpu      ] GC(219) User=0.00s Sys=0.00s Real=0.00s
[2026-03-26T14:02:38.352+0900][20.708s][info][gc,marking  ] GC(219) Concurrent Clear Claimed Marks
[2026-03-26T14:02:38.352+0900][20.708s][info][gc,marking  ] GC(219) Concurrent Clear Claimed Marks 0.016ms
[2026-03-26T14:02:38.352+0900][20.708s][info][gc,marking  ] GC(219) Concurrent Cleanup for Next Mark
[2026-03-26T14:02:38.352+0900][20.708s][info][gc,marking  ] GC(219) Concurrent Cleanup for Next Mark 0.377ms
[2026-03-26T14:02:38.352+0900][20.708s][info][gc          ] GC(219) Concurrent Mark Cycle 16.376ms
[2026-03-26T14:02:38.437+0900][20.793s][info][gc,start    ] GC(220) Pause Young (Normal) (G1 Evacuation Pause)
[2026-03-26T14:02:38.437+0900][20.793s][info][gc,task     ] GC(220) Using 12 workers of 13 for evacuation
[2026-03-26T14:02:38.439+0900][20.794s][info][gc,phases   ] GC(220)   Pre Evacuate Collection Set: 0.2ms
[2026-03-26T14:02:38.439+0900][20.794s][info][gc,phases   ] GC(220)   Merge Heap Roots: 0.1ms
[2026-03-26T14:02:38.439+0900][20.794s][info][gc,phases   ] GC(220)   Evacuate Collection Set: 0.3ms
[2026-03-26T14:02:38.439+0900][20.794s][info][gc,phases   ] GC(220)   Post Evacuate Collection Set: 0.2ms
[2026-03-26T14:02:38.439+0900][20.795s][info][gc,phases   ] GC(220)   Other: 0.1ms
[2026-03-26T14:02:38.439+0900][20.795s][info][gc,heap     ] GC(220) Eden regions: 24->0(24)
[2026-03-26T14:02:38.439+0900][20.795s][info][gc,heap     ] GC(220) Survivor regions: 1->1(4)
[2026-03-26T14:02:38.439+0900][20.795s][info][gc,heap     ] GC(220) Old regions: 1->1
[2026-03-26T14:02:38.439+0900][20.795s][info][gc,heap     ] GC(220) Humongous regions: 282->282
[2026-03-26T14:02:38.439+0900][20.795s][info][gc,metaspace] GC(220) Metaspace: 324K(512K)->324K(512K) NonClass: 307K(384K)->307K(384K) Class: 17K(128K)->17K(128K)
[2026-03-26T14:02:38.439+0900][20.795s][info][gc          ] GC(220) Pause Young (Normal) (G1 Evacuation Pause) 306M->282M(512M) 1.275ms
[2026-03-26T14:02:38.439+0900][20.795s][info][gc,cpu      ] GC(220) User=0.00s Sys=0.00s Real=0.00s
[2026-03-26T14:02:38.517+0900][20.873s][info][gc,start    ] GC(221) Pause Young (Concurrent Start) (G1 Evacuation Pause)
[2026-03-26T14:02:38.517+0900][20.873s][info][gc,task     ] GC(221) Using 12 workers of 13 for evacuation
[2026-03-26T14:02:38.517+0900][20.876s][info][gc,phases   ] GC(221)   Pre Evacuate Collection Set: 0.7ms
[2026-03-26T14:02:38.517+0900][20.876s][info][gc,phases   ] GC(221)   Merge Heap Roots: 0.2ms
[2026-03-26T14:02:38.517+0900][20.876s][info][gc,phases   ] GC(221)   Evacuate Collection Set: 0.6ms
[2026-03-26T14:02:38.517+0900][20.876s][info][gc,phases   ] GC(221)   Post Evacuate Collection Set: 0.8ms
[2026-03-26T14:02:38.517+0900][20.876s][info][gc,phases   ] GC(221)   Other: 0.4ms
[2026-03-26T14:02:38.517+0900][20.877s][info][gc,heap     ] GC(221) Eden regions: 24->0(24)
[2026-03-26T14:02:38.517+0900][20.877s][info][gc,heap     ] GC(221) Survivor regions: 1->1(4)
[2026-03-26T14:02:38.517+0900][20.877s][info][gc,heap     ] GC(221) Old regions: 1->1
[2026-03-26T14:02:38.517+0900][20.877s][info][gc,heap     ] GC(221) Humongous regions: 282->282
[2026-03-26T14:02:38.517+0900][20.877s][info][gc,metaspace] GC(221) Metaspace: 324K(512K)->324K(512K) NonClass: 307K(384K)->307K(384K) Class: 17K(128K)->17K(128K)
[2026-03-26T14:02:38.517+0900][20.877s][info][gc          ] GC(221) Pause Young (Concurrent Start) (G1 Evacuation Pause) 306M->282M(512M) 3.526ms
[2026-03-26T14:02:38.517+0900][20.877s][info][gc,cpu      ] GC(221) User=0.00s Sys=0.00s Real=0.00s
[2026-03-26T14:02:38.517+0900][20.877s][info][gc          ] GC(222) Concurrent Mark Cycle
[2026-03-26T14:02:38.517+0900][20.877s][info][gc,marking  ] GC(222) Concurrent Scan Root Regions
[2026-03-26T14:02:38.517+0900][20.877s][info][gc,marking  ] GC(222) Concurrent Scan Root Regions 0.112ms
[2026-03-26T14:02:38.517+0900][20.877s][info][gc,marking  ] GC(222) Concurrent Mark
[2026-03-26T14:02:38.517+0900][20.877s][info][gc,marking  ] GC(222) Concurrent Mark From Roots
[2026-03-26T14:02:38.517+0900][20.877s][info][gc,task     ] GC(222) Using 3 workers of 3 for marking
[2026-03-26T14:02:38.524+0900][20.879s][info][gc,marking  ] GC(222) Concurrent Mark From Roots 2.136ms
[2026-03-26T14:02:38.524+0900][20.879s][info][gc,marking  ] GC(222) Concurrent Preclean
[2026-03-26T14:02:38.524+0900][20.879s][info][gc,marking  ] GC(222) Concurrent Preclean 0.031ms
[2026-03-26T14:02:38.524+0900][20.880s][info][gc,start    ] GC(222) Pause Remark
[2026-03-26T14:02:38.526+0900][20.881s][info][gc          ] GC(222) Pause Remark 290M->290M(512M) 1.683ms
[2026-03-26T14:02:38.526+0900][20.881s][info][gc,cpu      ] GC(222) User=0.00s Sys=0.00s Real=0.00s
[2026-03-26T14:02:38.526+0900][20.881s][info][gc,marking  ] GC(222) Concurrent Mark 4.214ms
[2026-03-26T14:02:38.526+0900][20.881s][info][gc,marking  ] GC(222) Concurrent Rebuild Remembered Sets and Scrub Regions
[2026-03-26T14:02:38.526+0900][20.882s][info][gc,marking  ] GC(222) Concurrent Rebuild Remembered Sets and Scrub Regions 0.818ms
[2026-03-26T14:02:38.526+0900][20.882s][info][gc,start    ] GC(222) Pause Cleanup
[2026-03-26T14:02:38.526+0900][20.883s][info][gc          ] GC(222) Pause Cleanup 290M->290M(512M) 0.236ms
[2026-03-26T14:02:38.526+0900][20.883s][info][gc,cpu      ] GC(222) User=0.00s Sys=0.00s Real=0.00s
[2026-03-26T14:02:38.526+0900][20.883s][info][gc,marking  ] GC(222) Concurrent Clear Claimed Marks
[2026-03-26T14:02:38.526+0900][20.883s][info][gc,marking  ] GC(222) Concurrent Clear Claimed Marks 0.086ms
[2026-03-26T14:02:38.526+0900][20.883s][info][gc,marking  ] GC(222) Concurrent Cleanup for Next Mark
[2026-03-26T14:02:38.526+0900][20.884s][info][gc,marking  ] GC(222) Concurrent Cleanup for Next Mark 0.532ms
[2026-03-26T14:02:38.526+0900][20.884s][info][gc          ] GC(222) Concurrent Mark Cycle 6.729ms
[2026-03-26T14:02:38.598+0900][20.954s][info][gc,start    ] GC(223) Pause Young (Normal) (G1 Evacuation Pause)
[2026-03-26T14:02:38.598+0900][20.955s][info][gc,task     ] GC(223) Using 12 workers of 13 for evacuation
[2026-03-26T14:02:38.598+0900][20.956s][info][gc,phases   ] GC(223)   Pre Evacuate Collection Set: 0.5ms
[2026-03-26T14:02:38.598+0900][20.957s][info][gc,phases   ] GC(223)   Merge Heap Roots: 0.2ms
[2026-03-26T14:02:38.598+0900][20.957s][info][gc,phases   ] GC(223)   Evacuate Collection Set: 0.4ms
[2026-03-26T14:02:38.598+0900][20.957s][info][gc,phases   ] GC(223)   Post Evacuate Collection Set: 0.7ms
[2026-03-26T14:02:38.598+0900][20.957s][info][gc,phases   ] GC(223)   Other: 0.1ms
[2026-03-26T14:02:38.598+0900][20.957s][info][gc,heap     ] GC(223) Eden regions: 24->0(24)
[2026-03-26T14:02:38.598+0900][20.957s][info][gc,heap     ] GC(223) Survivor regions: 1->1(4)
[2026-03-26T14:02:38.598+0900][20.957s][info][gc,heap     ] GC(223) Old regions: 1->1
[2026-03-26T14:02:38.598+0900][20.957s][info][gc,heap     ] GC(223) Humongous regions: 288->288
[2026-03-26T14:02:38.598+0900][20.957s][info][gc,metaspace] GC(223) Metaspace: 324K(512K)->324K(512K) NonClass: 307K(384K)->307K(384K) Class: 17K(128K)->17K(128K)
[2026-03-26T14:02:38.598+0900][20.957s][info][gc          ] GC(223) Pause Young (Normal) (G1 Evacuation Pause) 312M->288M(512M) 2.453ms
[2026-03-26T14:02:38.598+0900][20.957s][info][gc,cpu      ] GC(223) User=0.00s Sys=0.00s Real=0.00s
[2026-03-26T14:02:38.679+0900][21.035s][info][gc,start    ] GC(224) Pause Young (Concurrent Start) (G1 Evacuation Pause)
[2026-03-26T14:02:38.679+0900][21.036s][info][gc,task     ] GC(224) Using 12 workers of 13 for evacuation
[2026-03-26T14:02:38.679+0900][21.038s][info][gc,phases   ] GC(224)   Pre Evacuate Collection Set: 0.5ms
[2026-03-26T14:02:38.679+0900][21.038s][info][gc,phases   ] GC(224)   Merge Heap Roots: 0.1ms
[2026-03-26T14:02:38.679+0900][21.038s][info][gc,phases   ] GC(224)   Evacuate Collection Set: 0.4ms
[2026-03-26T14:02:38.679+0900][21.038s][info][gc,phases   ] GC(224)   Post Evacuate Collection Set: 0.8ms
[2026-03-26T14:02:38.679+0900][21.038s][info][gc,phases   ] GC(224)   Other: 0.3ms
[2026-03-26T14:02:38.679+0900][21.038s][info][gc,heap     ] GC(224) Eden regions: 24->0(24)
[2026-03-26T14:02:38.679+0900][21.038s][info][gc,heap     ] GC(224) Survivor regions: 1->1(4)
[2026-03-26T14:02:38.679+0900][21.038s][info][gc,heap     ] GC(224) Old regions: 1->1
[2026-03-26T14:02:38.679+0900][21.038s][info][gc,heap     ] GC(224) Humongous regions: 288->288
[2026-03-26T14:02:38.679+0900][21.038s][info][gc,metaspace] GC(224) Metaspace: 324K(512K)->324K(512K) NonClass: 307K(384K)->307K(384K) Class: 17K(128K)->17K(128K)
[2026-03-26T14:02:38.679+0900][21.038s][info][gc          ] GC(224) Pause Young (Concurrent Start) (G1 Evacuation Pause) 312M->288M(512M) 2.825ms
[2026-03-26T14:02:38.679+0900][21.038s][info][gc,cpu      ] GC(224) User=0.00s Sys=0.00s Real=0.00s
[2026-03-26T14:02:38.679+0900][21.038s][info][gc          ] GC(225) Concurrent Mark Cycle
[2026-03-26T14:02:38.679+0900][21.038s][info][gc,marking  ] GC(225) Concurrent Scan Root Regions
[2026-03-26T14:02:38.679+0900][21.039s][info][gc,marking  ] GC(225) Concurrent Scan Root Regions 0.086ms
[2026-03-26T14:02:38.679+0900][21.039s][info][gc,marking  ] GC(225) Concurrent Mark
[2026-03-26T14:02:38.679+0900][21.039s][info][gc,marking  ] GC(225) Concurrent Mark From Roots
[2026-03-26T14:02:38.679+0900][21.039s][info][gc,task     ] GC(225) Using 3 workers of 3 for marking
[2026-03-26T14:02:38.679+0900][21.040s][info][gc,marking  ] GC(225) Concurrent Mark From Roots 1.656ms
[2026-03-26T14:02:38.679+0900][21.040s][info][gc,marking  ] GC(225) Concurrent Preclean
[2026-03-26T14:02:38.679+0900][21.040s][info][gc,marking  ] GC(225) Concurrent Preclean 0.028ms
[2026-03-26T14:02:38.679+0900][21.040s][info][gc,start    ] GC(225) Pause Remark
[2026-03-26T14:02:38.679+0900][21.042s][info][gc          ] GC(225) Pause Remark 298M->298M(512M) 1.446ms
[2026-03-26T14:02:38.679+0900][21.042s][info][gc,cpu      ] GC(225) User=0.00s Sys=0.00s Real=0.00s
[2026-03-26T14:02:38.679+0900][21.042s][info][gc,marking  ] GC(225) Concurrent Mark 3.554ms
[2026-03-26T14:02:38.679+0900][21.042s][info][gc,marking  ] GC(225) Concurrent Rebuild Remembered Sets and Scrub Regions
[2026-03-26T14:02:38.679+0900][21.043s][info][gc,marking  ] GC(225) Concurrent Rebuild Remembered Sets and Scrub Regions 0.833ms
[2026-03-26T14:02:38.679+0900][21.043s][info][gc,start    ] GC(225) Pause Cleanup
[2026-03-26T14:02:38.679+0900][21.044s][info][gc          ] GC(225) Pause Cleanup 298M->298M(512M) 0.241ms
[2026-03-26T14:02:38.679+0900][21.044s][info][gc,cpu      ] GC(225) User=0.00s Sys=0.00s Real=0.00s
[2026-03-26T14:02:38.679+0900][21.044s][info][gc,marking  ] GC(225) Concurrent Clear Claimed Marks
[2026-03-26T14:02:38.679+0900][21.044s][info][gc,marking  ] GC(225) Concurrent Clear Claimed Marks 0.092ms
[2026-03-26T14:02:38.679+0900][21.044s][info][gc,marking  ] GC(225) Concurrent Cleanup for Next Mark
[2026-03-26T14:02:38.679+0900][21.044s][info][gc,marking  ] GC(225) Concurrent Cleanup for Next Mark 0.594ms
[2026-03-26T14:02:38.679+0900][21.045s][info][gc          ] GC(225) Concurrent Mark Cycle 6.163ms
[2026-03-26T14:02:38.760+0900][21.116s][info][gc,start    ] GC(226) Pause Young (Normal) (G1 Evacuation Pause)
[2026-03-26T14:02:38.760+0900][21.116s][info][gc,task     ] GC(226) Using 12 workers of 13 for evacuation
[2026-03-26T14:02:38.761+0900][21.117s][info][gc,phases   ] GC(226)   Pre Evacuate Collection Set: 0.3ms
[2026-03-26T14:02:38.761+0900][21.117s][info][gc,phases   ] GC(226)   Merge Heap Roots: 0.1ms
[2026-03-26T14:02:38.761+0900][21.117s][info][gc,phases   ] GC(226)   Evacuate Collection Set: 0.4ms
[2026-03-26T14:02:38.761+0900][21.117s][info][gc,phases   ] GC(226)   Post Evacuate Collection Set: 0.3ms
[2026-03-26T14:02:38.761+0900][21.117s][info][gc,phases   ] GC(226)   Other: 0.1ms
[2026-03-26T14:02:38.761+0900][21.117s][info][gc,heap     ] GC(226) Eden regions: 24->0(24)
[2026-03-26T14:02:38.762+0900][21.117s][info][gc,heap     ] GC(226) Survivor regions: 1->1(4)
[2026-03-26T14:02:38.762+0900][21.117s][info][gc,heap     ] GC(226) Old regions: 1->1
[2026-03-26T14:02:38.762+0900][21.117s][info][gc,heap     ] GC(226) Humongous regions: 294->294
[2026-03-26T14:02:38.762+0900][21.117s][info][gc,metaspace] GC(226) Metaspace: 324K(512K)->324K(512K) NonClass: 307K(384K)->307K(384K) Class: 17K(128K)->17K(128K)
[2026-03-26T14:02:38.762+0900][21.117s][info][gc          ] GC(226) Pause Young (Normal) (G1 Evacuation Pause) 318M->294M(512M) 1.729ms
[2026-03-26T14:02:38.762+0900][21.117s][info][gc,cpu      ] GC(226) User=0.02s Sys=0.00s Real=0.00s
[2026-03-26T14:02:38.827+0900][21.183s][info][gc,start    ] GC(227) Pause Young (Concurrent Start) (G1 Evacuation Pause)
[2026-03-26T14:02:38.827+0900][21.183s][info][gc,task     ] GC(227) Using 12 workers of 13 for evacuation
[2026-03-26T14:02:38.827+0900][21.185s][info][gc,phases   ] GC(227)   Pre Evacuate Collection Set: 0.5ms
[2026-03-26T14:02:38.827+0900][21.186s][info][gc,phases   ] GC(227)   Merge Heap Roots: 0.2ms
[2026-03-26T14:02:38.827+0900][21.186s][info][gc,phases   ] GC(227)   Evacuate Collection Set: 0.5ms
[2026-03-26T14:02:38.827+0900][21.186s][info][gc,phases   ] GC(227)   Post Evacuate Collection Set: 0.7ms
[2026-03-26T14:02:38.827+0900][21.186s][info][gc,phases   ] GC(227)   Other: 0.2ms
[2026-03-26T14:02:38.827+0900][21.186s][info][gc,heap     ] GC(227) Eden regions: 24->0(24)
[2026-03-26T14:02:38.827+0900][21.186s][info][gc,heap     ] GC(227) Survivor regions: 1->1(4)
[2026-03-26T14:02:38.827+0900][21.186s][info][gc,heap     ] GC(227) Old regions: 1->1
[2026-03-26T14:02:38.827+0900][21.186s][info][gc,heap     ] GC(227) Humongous regions: 294->294
[2026-03-26T14:02:38.827+0900][21.186s][info][gc,metaspace] GC(227) Metaspace: 324K(512K)->324K(512K) NonClass: 307K(384K)->307K(384K) Class: 17K(128K)->17K(128K)
[2026-03-26T14:02:38.827+0900][21.186s][info][gc          ] GC(227) Pause Young (Concurrent Start) (G1 Evacuation Pause) 318M->294M(512M) 2.586ms
[2026-03-26T14:02:38.827+0900][21.186s][info][gc,cpu      ] GC(227) User=0.00s Sys=0.00s Real=0.00s
[2026-03-26T14:02:38.827+0900][21.186s][info][gc          ] GC(228) Concurrent Mark Cycle
[2026-03-26T14:02:38.827+0900][21.186s][info][gc,marking  ] GC(228) Concurrent Scan Root Regions
[2026-03-26T14:02:38.827+0900][21.186s][info][gc,marking  ] GC(228) Concurrent Scan Root Regions 0.130ms
[2026-03-26T14:02:38.827+0900][21.186s][info][gc,marking  ] GC(228) Concurrent Mark
[2026-03-26T14:02:38.827+0900][21.186s][info][gc,marking  ] GC(228) Concurrent Mark From Roots
[2026-03-26T14:02:38.827+0900][21.186s][info][gc,task     ] GC(228) Using 3 workers of 3 for marking
[2026-03-26T14:02:38.833+0900][21.188s][info][gc,marking  ] GC(228) Concurrent Mark From Roots 1.740ms
[2026-03-26T14:02:38.833+0900][21.188s][info][gc,marking  ] GC(228) Concurrent Preclean
[2026-03-26T14:02:38.833+0900][21.188s][info][gc,marking  ] GC(228) Concurrent Preclean 0.034ms
[2026-03-26T14:02:38.833+0900][21.188s][info][gc,start    ] GC(228) Pause Remark
[2026-03-26T14:02:38.833+0900][21.190s][info][gc          ] GC(228) Pause Remark 295M->295M(512M) 1.576ms
[2026-03-26T14:02:38.833+0900][21.190s][info][gc,cpu      ] GC(228) User=0.00s Sys=0.00s Real=0.00s
[2026-03-26T14:02:38.833+0900][21.190s][info][gc,marking  ] GC(228) Concurrent Mark 3.860ms
[2026-03-26T14:02:38.833+0900][21.190s][info][gc,marking  ] GC(228) Concurrent Rebuild Remembered Sets and Scrub Regions
[2026-03-26T14:02:38.833+0900][21.191s][info][gc,marking  ] GC(228) Concurrent Rebuild Remembered Sets and Scrub Regions 0.881ms
[2026-03-26T14:02:38.833+0900][21.191s][info][gc,start    ] GC(228) Pause Cleanup
[2026-03-26T14:02:38.833+0900][21.192s][info][gc          ] GC(228) Pause Cleanup 295M->295M(512M) 0.252ms
[2026-03-26T14:02:38.833+0900][21.192s][info][gc,cpu      ] GC(228) User=0.00s Sys=0.00s Real=0.00s
[2026-03-26T14:02:38.833+0900][21.192s][info][gc,marking  ] GC(228) Concurrent Clear Claimed Marks
[2026-03-26T14:02:38.833+0900][21.192s][info][gc,marking  ] GC(228) Concurrent Clear Claimed Marks 0.091ms
[2026-03-26T14:02:38.833+0900][21.192s][info][gc,marking  ] GC(228) Concurrent Cleanup for Next Mark
[2026-03-26T14:02:38.833+0900][21.192s][info][gc,marking  ] GC(228) Concurrent Cleanup for Next Mark 0.580ms
[2026-03-26T14:02:38.833+0900][21.193s][info][gc          ] GC(228) Concurrent Mark Cycle 6.575ms
[2026-03-26T14:02:38.842+0900][21.199s][info][gc,start    ] GC(229) Pause Young (Concurrent Start) (G1 Humongous Allocation)
[2026-03-26T14:02:38.842+0900][21.200s][info][gc,task     ] GC(229) Using 12 workers of 13 for evacuation
[2026-03-26T14:02:38.842+0900][21.202s][info][gc,phases   ] GC(229)   Pre Evacuate Collection Set: 0.5ms
[2026-03-26T14:02:38.842+0900][21.202s][info][gc,phases   ] GC(229)   Merge Heap Roots: 0.2ms
[2026-03-26T14:02:38.842+0900][21.202s][info][gc,phases   ] GC(229)   Evacuate Collection Set: 0.5ms
[2026-03-26T14:02:38.842+0900][21.202s][info][gc,phases   ] GC(229)   Post Evacuate Collection Set: 0.5ms
[2026-03-26T14:02:38.842+0900][21.202s][info][gc,phases   ] GC(229)   Other: 0.3ms
[2026-03-26T14:02:38.842+0900][21.202s][info][gc,heap     ] GC(229) Eden regions: 6->0(24)
[2026-03-26T14:02:38.842+0900][21.202s][info][gc,heap     ] GC(229) Survivor regions: 1->1(4)
[2026-03-26T14:02:38.842+0900][21.202s][info][gc,heap     ] GC(229) Old regions: 1->1
[2026-03-26T14:02:38.842+0900][21.202s][info][gc,heap     ] GC(229) Humongous regions: 294->294
[2026-03-26T14:02:38.842+0900][21.202s][info][gc,metaspace] GC(229) Metaspace: 324K(512K)->324K(512K) NonClass: 307K(384K)->307K(384K) Class: 17K(128K)->17K(128K)
[2026-03-26T14:02:38.842+0900][21.202s][info][gc          ] GC(229) Pause Young (Concurrent Start) (G1 Humongous Allocation) 300M->294M(512M) 2.519ms
[2026-03-26T14:02:38.842+0900][21.202s][info][gc,cpu      ] GC(229) User=0.00s Sys=0.00s Real=0.00s
[2026-03-26T14:02:38.842+0900][21.202s][info][gc          ] GC(230) Concurrent Mark Cycle
[2026-03-26T14:02:38.842+0900][21.202s][info][gc,marking  ] GC(230) Concurrent Scan Root Regions
[2026-03-26T14:02:38.842+0900][21.202s][info][gc,marking  ] GC(230) Concurrent Scan Root Regions 0.080ms
[2026-03-26T14:02:38.842+0900][21.202s][info][gc,marking  ] GC(230) Concurrent Mark
[2026-03-26T14:02:38.842+0900][21.202s][info][gc,marking  ] GC(230) Concurrent Mark From Roots
[2026-03-26T14:02:38.842+0900][21.202s][info][gc,task     ] GC(230) Using 3 workers of 3 for marking
[2026-03-26T14:02:38.848+0900][21.204s][info][gc,marking  ] GC(230) Concurrent Mark From Roots 1.771ms
[2026-03-26T14:02:38.848+0900][21.204s][info][gc,marking  ] GC(230) Concurrent Preclean
[2026-03-26T14:02:38.848+0900][21.204s][info][gc,marking  ] GC(230) Concurrent Preclean 0.030ms
[2026-03-26T14:02:38.848+0900][21.204s][info][gc,start    ] GC(230) Pause Remark
[2026-03-26T14:02:38.848+0900][21.206s][info][gc          ] GC(230) Pause Remark 300M->300M(512M) 1.514ms
[2026-03-26T14:02:38.848+0900][21.206s][info][gc,cpu      ] GC(230) User=0.00s Sys=0.00s Real=0.00s
[2026-03-26T14:02:38.848+0900][21.206s][info][gc,marking  ] GC(230) Concurrent Mark 3.754ms
[2026-03-26T14:02:38.848+0900][21.206s][info][gc,marking  ] GC(230) Concurrent Rebuild Remembered Sets and Scrub Regions
[2026-03-26T14:02:38.848+0900][21.207s][info][gc,marking  ] GC(230) Concurrent Rebuild Remembered Sets and Scrub Regions 0.832ms
[2026-03-26T14:02:38.848+0900][21.207s][info][gc,start    ] GC(230) Pause Cleanup
[2026-03-26T14:02:38.848+0900][21.207s][info][gc          ] GC(230) Pause Cleanup 300M->300M(512M) 0.254ms
[2026-03-26T14:02:38.848+0900][21.208s][info][gc,cpu      ] GC(230) User=0.00s Sys=0.00s Real=0.00s
[2026-03-26T14:02:38.848+0900][21.208s][info][gc,marking  ] GC(230) Concurrent Clear Claimed Marks
[2026-03-26T14:02:38.848+0900][21.208s][info][gc,marking  ] GC(230) Concurrent Clear Claimed Marks 0.091ms
[2026-03-26T14:02:38.848+0900][21.208s][info][gc,marking  ] GC(230) Concurrent Cleanup for Next Mark
[2026-03-26T14:02:38.848+0900][21.208s][info][gc,marking  ] GC(230) Concurrent Cleanup for Next Mark 0.556ms
[2026-03-26T14:02:38.848+0900][21.208s][info][gc          ] GC(230) Concurrent Mark Cycle 6.323ms
[2026-03-26T14:02:38.923+0900][21.280s][info][gc,start    ] GC(231) Pause Young (Normal) (G1 Evacuation Pause)
[2026-03-26T14:02:38.923+0900][21.280s][info][gc,task     ] GC(231) Using 12 workers of 13 for evacuation
[2026-03-26T14:02:38.923+0900][21.281s][info][gc,phases   ] GC(231)   Pre Evacuate Collection Set: 0.4ms
[2026-03-26T14:02:38.923+0900][21.281s][info][gc,phases   ] GC(231)   Merge Heap Roots: 0.2ms
[2026-03-26T14:02:38.923+0900][21.282s][info][gc,phases   ] GC(231)   Evacuate Collection Set: 0.4ms
[2026-03-26T14:02:38.923+0900][21.282s][info][gc,phases   ] GC(231)   Post Evacuate Collection Set: 0.6ms
[2026-03-26T14:02:38.923+0900][21.282s][info][gc,phases   ] GC(231)   Other: 0.1ms
[2026-03-26T14:02:38.923+0900][21.282s][info][gc,heap     ] GC(231) Eden regions: 24->0(24)
[2026-03-26T14:02:38.923+0900][21.282s][info][gc,heap     ] GC(231) Survivor regions: 1->1(4)
[2026-03-26T14:02:38.923+0900][21.282s][info][gc,heap     ] GC(231) Old regions: 1->1
[2026-03-26T14:02:38.923+0900][21.282s][info][gc,heap     ] GC(231) Humongous regions: 300->300
[2026-03-26T14:02:38.923+0900][21.282s][info][gc,metaspace] GC(231) Metaspace: 324K(512K)->324K(512K) NonClass: 307K(384K)->307K(384K) Class: 17K(128K)->17K(128K)
[2026-03-26T14:02:38.923+0900][21.282s][info][gc          ] GC(231) Pause Young (Normal) (G1 Evacuation Pause) 324M->300M(512M) 2.207ms
[2026-03-26T14:02:38.923+0900][21.282s][info][gc,cpu      ] GC(231) User=0.00s Sys=0.00s Real=0.00s
[2026-03-26T14:02:39.004+0900][21.360s][info][gc,start    ] GC(232) Pause Young (Concurrent Start) (G1 Evacuation Pause)
[2026-03-26T14:02:39.004+0900][21.361s][info][gc,task     ] GC(232) Using 12 workers of 13 for evacuation
[2026-03-26T14:02:39.005+0900][21.362s][info][gc,phases   ] GC(232)   Pre Evacuate Collection Set: 0.3ms
[2026-03-26T14:02:39.005+0900][21.363s][info][gc,phases   ] GC(232)   Merge Heap Roots: 0.2ms
[2026-03-26T14:02:39.005+0900][21.363s][info][gc,phases   ] GC(232)   Evacuate Collection Set: 0.5ms
[2026-03-26T14:02:39.005+0900][21.363s][info][gc,phases   ] GC(232)   Post Evacuate Collection Set: 0.7ms
[2026-03-26T14:02:39.005+0900][21.363s][info][gc,phases   ] GC(232)   Other: 0.2ms
[2026-03-26T14:02:39.005+0900][21.363s][info][gc,heap     ] GC(232) Eden regions: 24->0(24)
[2026-03-26T14:02:39.005+0900][21.363s][info][gc,heap     ] GC(232) Survivor regions: 1->1(4)
[2026-03-26T14:02:39.005+0900][21.363s][info][gc,heap     ] GC(232) Old regions: 1->1
[2026-03-26T14:02:39.005+0900][21.363s][info][gc,heap     ] GC(232) Humongous regions: 300->300
[2026-03-26T14:02:39.005+0900][21.363s][info][gc,metaspace] GC(232) Metaspace: 324K(512K)->324K(512K) NonClass: 307K(384K)->307K(384K) Class: 17K(128K)->17K(128K)
[2026-03-26T14:02:39.005+0900][21.363s][info][gc          ] GC(232) Pause Young (Concurrent Start) (G1 Evacuation Pause) 324M->300M(512M) 2.507ms
[2026-03-26T14:02:39.005+0900][21.363s][info][gc,cpu      ] GC(232) User=0.00s Sys=0.00s Real=0.00s
[2026-03-26T14:02:39.005+0900][21.363s][info][gc          ] GC(233) Concurrent Mark Cycle
[2026-03-26T14:02:39.005+0900][21.363s][info][gc,marking  ] GC(233) Concurrent Scan Root Regions
[2026-03-26T14:02:39.005+0900][21.363s][info][gc,marking  ] GC(233) Concurrent Scan Root Regions 0.092ms
[2026-03-26T14:02:39.005+0900][21.363s][info][gc,marking  ] GC(233) Concurrent Mark
[2026-03-26T14:02:39.005+0900][21.363s][info][gc,marking  ] GC(233) Concurrent Mark From Roots
[2026-03-26T14:02:39.005+0900][21.363s][info][gc,task     ] GC(233) Using 3 workers of 3 for marking
[2026-03-26T14:02:39.009+0900][21.366s][info][gc,marking  ] GC(233) Concurrent Mark From Roots 2.160ms
[2026-03-26T14:02:39.009+0900][21.366s][info][gc,marking  ] GC(233) Concurrent Preclean
[2026-03-26T14:02:39.009+0900][21.366s][info][gc,marking  ] GC(233) Concurrent Preclean 0.030ms
[2026-03-26T14:02:39.011+0900][21.366s][info][gc,start    ] GC(233) Pause Remark
[2026-03-26T14:02:39.011+0900][21.368s][info][gc          ] GC(233) Pause Remark 308M->308M(512M) 1.373ms
[2026-03-26T14:02:39.011+0900][21.368s][info][gc,cpu      ] GC(233) User=0.00s Sys=0.00s Real=0.00s
[2026-03-26T14:02:39.011+0900][21.368s][info][gc,marking  ] GC(233) Concurrent Mark 4.549ms
[2026-03-26T14:02:39.011+0900][21.368s][info][gc,marking  ] GC(233) Concurrent Rebuild Remembered Sets and Scrub Regions
[2026-03-26T14:02:39.011+0900][21.369s][info][gc,marking  ] GC(233) Concurrent Rebuild Remembered Sets and Scrub Regions 0.904ms
[2026-03-26T14:02:39.011+0900][21.369s][info][gc,start    ] GC(233) Pause Cleanup
[2026-03-26T14:02:39.011+0900][21.369s][info][gc          ] GC(233) Pause Cleanup 308M->308M(512M) 0.257ms
[2026-03-26T14:02:39.011+0900][21.369s][info][gc,cpu      ] GC(233) User=0.00s Sys=0.00s Real=0.00s
[2026-03-26T14:02:39.011+0900][21.369s][info][gc,marking  ] GC(233) Concurrent Clear Claimed Marks
[2026-03-26T14:02:39.011+0900][21.370s][info][gc,marking  ] GC(233) Concurrent Clear Claimed Marks 0.097ms
[2026-03-26T14:02:39.011+0900][21.370s][info][gc,marking  ] GC(233) Concurrent Cleanup for Next Mark
[2026-03-26T14:02:39.011+0900][21.370s][info][gc,marking  ] GC(233) Concurrent Cleanup for Next Mark 0.579ms
[2026-03-26T14:02:39.011+0900][21.370s][info][gc          ] GC(233) Concurrent Mark Cycle 7.217ms
[2026-03-26T14:02:39.101+0900][21.457s][info][gc,start    ] GC(234) Pause Young (Normal) (G1 Evacuation Pause)
[2026-03-26T14:02:39.101+0900][21.457s][info][gc,task     ] GC(234) Using 12 workers of 13 for evacuation
[2026-03-26T14:02:39.103+0900][21.458s][info][gc,phases   ] GC(234)   Pre Evacuate Collection Set: 0.2ms
[2026-03-26T14:02:39.103+0900][21.458s][info][gc,phases   ] GC(234)   Merge Heap Roots: 0.1ms
[2026-03-26T14:02:39.103+0900][21.458s][info][gc,phases   ] GC(234)   Evacuate Collection Set: 0.3ms
[2026-03-26T14:02:39.103+0900][21.458s][info][gc,phases   ] GC(234)   Post Evacuate Collection Set: 0.3ms
[2026-03-26T14:02:39.103+0900][21.459s][info][gc,phases   ] GC(234)   Other: 0.1ms
[2026-03-26T14:02:39.103+0900][21.459s][info][gc,heap     ] GC(234) Eden regions: 24->0(24)
[2026-03-26T14:02:39.103+0900][21.459s][info][gc,heap     ] GC(234) Survivor regions: 1->1(4)
[2026-03-26T14:02:39.103+0900][21.459s][info][gc,heap     ] GC(234) Old regions: 1->1
[2026-03-26T14:02:39.103+0900][21.459s][info][gc,heap     ] GC(234) Humongous regions: 306->306
[2026-03-26T14:02:39.103+0900][21.459s][info][gc,metaspace] GC(234) Metaspace: 324K(512K)->324K(512K) NonClass: 307K(384K)->307K(384K) Class: 17K(128K)->17K(128K)
[2026-03-26T14:02:39.103+0900][21.459s][info][gc          ] GC(234) Pause Young (Normal) (G1 Evacuation Pause) 330M->306M(512M) 1.495ms
[2026-03-26T14:02:39.103+0900][21.459s][info][gc,cpu      ] GC(234) User=0.00s Sys=0.00s Real=0.00s
[2026-03-26T14:02:39.181+0900][21.537s][info][gc,start    ] GC(235) Pause Young (Concurrent Start) (G1 Evacuation Pause)
[2026-03-26T14:02:39.181+0900][21.537s][info][gc,task     ] GC(235) Using 12 workers of 13 for evacuation
[2026-03-26T14:02:39.183+0900][21.539s][info][gc,phases   ] GC(235)   Pre Evacuate Collection Set: 0.3ms
[2026-03-26T14:02:39.183+0900][21.539s][info][gc,phases   ] GC(235)   Merge Heap Roots: 0.1ms
[2026-03-26T14:02:39.183+0900][21.539s][info][gc,phases   ] GC(235)   Evacuate Collection Set: 0.4ms
[2026-03-26T14:02:39.183+0900][21.539s][info][gc,phases   ] GC(235)   Post Evacuate Collection Set: 0.4ms
[2026-03-26T14:02:39.183+0900][21.539s][info][gc,phases   ] GC(235)   Other: 0.1ms
[2026-03-26T14:02:39.184+0900][21.539s][info][gc,heap     ] GC(235) Eden regions: 24->0(156)
[2026-03-26T14:02:39.184+0900][21.539s][info][gc,heap     ] GC(235) Survivor regions: 1->1(4)
[2026-03-26T14:02:39.184+0900][21.539s][info][gc,heap     ] GC(235) Old regions: 1->1
[2026-03-26T14:02:39.184+0900][21.539s][info][gc,heap     ] GC(235) Humongous regions: 306->306
[2026-03-26T14:02:39.184+0900][21.539s][info][gc,metaspace] GC(235) Metaspace: 324K(512K)->324K(512K) NonClass: 307K(384K)->307K(384K) Class: 17K(128K)->17K(128K)
[2026-03-26T14:02:39.184+0900][21.539s][info][gc          ] GC(235) Pause Young (Concurrent Start) (G1 Evacuation Pause) 330M->306M(512M) 1.882ms
[2026-03-26T14:02:39.184+0900][21.539s][info][gc,cpu      ] GC(235) User=0.02s Sys=0.00s Real=0.00s
[2026-03-26T14:02:39.184+0900][21.539s][info][gc          ] GC(236) Concurrent Mark Cycle
[2026-03-26T14:02:39.184+0900][21.539s][info][gc,marking  ] GC(236) Concurrent Scan Root Regions
[2026-03-26T14:02:39.184+0900][21.539s][info][gc,marking  ] GC(236) Concurrent Scan Root Regions 0.075ms
[2026-03-26T14:02:39.184+0900][21.540s][info][gc,marking  ] GC(236) Concurrent Mark
[2026-03-26T14:02:39.184+0900][21.540s][info][gc,marking  ] GC(236) Concurrent Mark From Roots
[2026-03-26T14:02:39.184+0900][21.540s][info][gc,task     ] GC(236) Using 3 workers of 3 for marking
[2026-03-26T14:02:39.186+0900][21.541s][info][gc,marking  ] GC(236) Concurrent Mark From Roots 1.843ms
[2026-03-26T14:02:39.186+0900][21.541s][info][gc,marking  ] GC(236) Concurrent Preclean
[2026-03-26T14:02:39.186+0900][21.541s][info][gc,marking  ] GC(236) Concurrent Preclean 0.029ms
[2026-03-26T14:02:39.186+0900][21.542s][info][gc,start    ] GC(236) Pause Remark
[2026-03-26T14:02:39.186+0900][21.543s][info][gc          ] GC(236) Pause Remark 316M->316M(512M) 0.897ms
[2026-03-26T14:02:39.186+0900][21.543s][info][gc,cpu      ] GC(236) User=0.00s Sys=0.00s Real=0.00s
[2026-03-26T14:02:39.186+0900][21.543s][info][gc,marking  ] GC(236) Concurrent Mark 3.382ms
[2026-03-26T14:02:39.186+0900][21.543s][info][gc,marking  ] GC(236) Concurrent Rebuild Remembered Sets and Scrub Regions
[2026-03-26T14:02:39.188+0900][21.544s][info][gc,marking  ] GC(236) Concurrent Rebuild Remembered Sets and Scrub Regions 0.784ms
[2026-03-26T14:02:39.188+0900][21.544s][info][gc,start    ] GC(236) Pause Cleanup
[2026-03-26T14:02:39.188+0900][21.544s][info][gc          ] GC(236) Pause Cleanup 316M->316M(512M) 0.210ms
[2026-03-26T14:02:39.188+0900][21.544s][info][gc,cpu      ] GC(236) User=0.00s Sys=0.00s Real=0.00s
[2026-03-26T14:02:39.188+0900][21.544s][info][gc,marking  ] GC(236) Concurrent Clear Claimed Marks
[2026-03-26T14:02:39.188+0900][21.544s][info][gc,marking  ] GC(236) Concurrent Clear Claimed Marks 0.029ms
[2026-03-26T14:02:39.188+0900][21.544s][info][gc,marking  ] GC(236) Concurrent Cleanup for Next Mark
[2026-03-26T14:02:39.189+0900][21.545s][info][gc,marking  ] GC(236) Concurrent Cleanup for Next Mark 0.586ms
[2026-03-26T14:02:39.189+0900][21.545s][info][gc          ] GC(236) Concurrent Mark Cycle 5.579ms
[2026-03-26T14:02:39.345+0900][21.701s][info][gc,start    ] GC(237) Pause Young (Concurrent Start) (G1 Humongous Allocation)
[2026-03-26T14:02:39.355+0900][21.710s][info][gc,task     ] GC(237) Using 12 workers of 13 for evacuation
[2026-03-26T14:02:39.356+0900][21.711s][info][gc,phases   ] GC(237)   Pre Evacuate Collection Set: 0.3ms
[2026-03-26T14:02:39.356+0900][21.712s][info][gc,phases   ] GC(237)   Merge Heap Roots: 0.1ms
[2026-03-26T14:02:39.356+0900][21.712s][info][gc,phases   ] GC(237)   Evacuate Collection Set: 0.4ms
[2026-03-26T14:02:39.356+0900][21.712s][info][gc,phases   ] GC(237)   Post Evacuate Collection Set: 0.3ms
[2026-03-26T14:02:39.356+0900][21.712s][info][gc,phases   ] GC(237)   Other: 0.2ms
[2026-03-26T14:02:39.356+0900][21.712s][info][gc,heap     ] GC(237) Eden regions: 54->0(172)
[2026-03-26T14:02:39.356+0900][21.712s][info][gc,heap     ] GC(237) Survivor regions: 1->0(20)
[2026-03-26T14:02:39.356+0900][21.712s][info][gc,heap     ] GC(237) Old regions: 1->1
[2026-03-26T14:02:39.356+0900][21.712s][info][gc,heap     ] GC(237) Humongous regions: 312->312
[2026-03-26T14:02:39.356+0900][21.712s][info][gc,metaspace] GC(237) Metaspace: 324K(512K)->324K(512K) NonClass: 307K(384K)->307K(384K) Class: 17K(128K)->17K(128K)
[2026-03-26T14:02:39.356+0900][21.712s][info][gc          ] GC(237) Pause Young (Concurrent Start) (G1 Humongous Allocation) 366M->312M(512M) 10.573ms
[2026-03-26T14:02:39.356+0900][21.712s][info][gc,cpu      ] GC(237) User=0.02s Sys=0.02s Real=0.01s
[2026-03-26T14:02:39.356+0900][21.712s][info][gc          ] GC(238) Concurrent Mark Cycle
[2026-03-26T14:02:39.356+0900][21.712s][info][gc,marking  ] GC(238) Concurrent Scan Root Regions
[2026-03-26T14:02:39.356+0900][21.712s][info][gc,marking  ] GC(238) Concurrent Scan Root Regions 0.057ms
[2026-03-26T14:02:39.356+0900][21.712s][info][gc,marking  ] GC(238) Concurrent Mark
[2026-03-26T14:02:39.356+0900][21.712s][info][gc,marking  ] GC(238) Concurrent Mark From Roots
[2026-03-26T14:02:39.356+0900][21.712s][info][gc,task     ] GC(238) Using 3 workers of 3 for marking
[2026-03-26T14:02:39.358+0900][21.714s][info][gc,marking  ] GC(238) Concurrent Mark From Roots 1.624ms
[2026-03-26T14:02:39.358+0900][21.714s][info][gc,marking  ] GC(238) Concurrent Preclean
[2026-03-26T14:02:39.358+0900][21.714s][info][gc,marking  ] GC(238) Concurrent Preclean 0.031ms
[2026-03-26T14:02:39.359+0900][21.714s][info][gc,start    ] GC(238) Pause Remark
[2026-03-26T14:02:39.360+0900][21.715s][info][gc          ] GC(238) Pause Remark 312M->312M(512M) 1.363ms
[2026-03-26T14:02:39.360+0900][21.715s][info][gc,cpu      ] GC(238) User=0.00s Sys=0.00s Real=0.00s
[2026-03-26T14:02:39.360+0900][21.716s][info][gc,marking  ] GC(238) Concurrent Mark 3.446ms
[2026-03-26T14:02:39.360+0900][21.716s][info][gc,marking  ] GC(238) Concurrent Rebuild Remembered Sets and Scrub Regions
[2026-03-26T14:02:39.360+0900][21.716s][info][gc,marking  ] GC(238) Concurrent Rebuild Remembered Sets and Scrub Regions 0.699ms
[2026-03-26T14:02:39.360+0900][21.716s][info][gc,start    ] GC(238) Pause Cleanup
[2026-03-26T14:02:39.360+0900][21.717s][info][gc          ] GC(238) Pause Cleanup 312M->312M(512M) 0.213ms
[2026-03-26T14:02:39.360+0900][21.717s][info][gc,cpu      ] GC(238) User=0.00s Sys=0.00s Real=0.00s
[2026-03-26T14:02:39.360+0900][21.717s][info][gc,marking  ] GC(238) Concurrent Clear Claimed Marks
[2026-03-26T14:02:39.360+0900][21.717s][info][gc,marking  ] GC(238) Concurrent Clear Claimed Marks 0.048ms
[2026-03-26T14:02:39.360+0900][21.717s][info][gc,marking  ] GC(238) Concurrent Cleanup for Next Mark
[2026-03-26T14:02:39.362+0900][21.717s][info][gc,marking  ] GC(238) Concurrent Cleanup for Next Mark 0.508ms
[2026-03-26T14:02:39.362+0900][21.717s][info][gc          ] GC(238) Concurrent Mark Cycle 5.374ms
[2026-03-26T14:02:39.519+0900][21.875s][info][gc,start    ] GC(239) Pause Young (Concurrent Start) (G1 Humongous Allocation)
[2026-03-26T14:02:39.519+0900][21.875s][info][gc,task     ] GC(239) Using 12 workers of 13 for evacuation
[2026-03-26T14:02:39.520+0900][21.876s][info][gc,phases   ] GC(239)   Pre Evacuate Collection Set: 0.1ms
[2026-03-26T14:02:39.520+0900][21.876s][info][gc,phases   ] GC(239)   Merge Heap Roots: 0.1ms
[2026-03-26T14:02:39.520+0900][21.876s][info][gc,phases   ] GC(239)   Evacuate Collection Set: 0.2ms
[2026-03-26T14:02:39.520+0900][21.876s][info][gc,phases   ] GC(239)   Post Evacuate Collection Set: 0.2ms
[2026-03-26T14:02:39.520+0900][21.876s][info][gc,phases   ] GC(239)   Other: 0.1ms
[2026-03-26T14:02:39.520+0900][21.876s][info][gc,heap     ] GC(239) Eden regions: 50->0(166)
[2026-03-26T14:02:39.520+0900][21.876s][info][gc,heap     ] GC(239) Survivor regions: 0->0(22)
[2026-03-26T14:02:39.520+0900][21.876s][info][gc,heap     ] GC(239) Old regions: 1->1
[2026-03-26T14:02:39.520+0900][21.876s][info][gc,heap     ] GC(239) Humongous regions: 318->318
[2026-03-26T14:02:39.520+0900][21.876s][info][gc,metaspace] GC(239) Metaspace: 324K(512K)->324K(512K) NonClass: 307K(384K)->307K(384K) Class: 17K(128K)->17K(128K)
[2026-03-26T14:02:39.520+0900][21.876s][info][gc          ] GC(239) Pause Young (Concurrent Start) (G1 Humongous Allocation) 368M->318M(512M) 0.902ms
[2026-03-26T14:02:39.520+0900][21.876s][info][gc,cpu      ] GC(239) User=0.00s Sys=0.00s Real=0.00s
[2026-03-26T14:02:39.520+0900][21.876s][info][gc          ] GC(240) Concurrent Mark Cycle
[2026-03-26T14:02:39.520+0900][21.876s][info][gc,marking  ] GC(240) Concurrent Scan Root Regions
[2026-03-26T14:02:39.520+0900][21.876s][info][gc,marking  ] GC(240) Concurrent Scan Root Regions 0.015ms
[2026-03-26T14:02:39.520+0900][21.876s][info][gc,marking  ] GC(240) Concurrent Mark
[2026-03-26T14:02:39.520+0900][21.876s][info][gc,marking  ] GC(240) Concurrent Mark From Roots
[2026-03-26T14:02:39.520+0900][21.876s][info][gc,task     ] GC(240) Using 3 workers of 3 for marking
[2026-03-26T14:02:39.521+0900][21.877s][info][gc,marking  ] GC(240) Concurrent Mark From Roots 0.870ms
[2026-03-26T14:02:39.521+0900][21.877s][info][gc,marking  ] GC(240) Concurrent Preclean
[2026-03-26T14:02:39.521+0900][21.877s][info][gc,marking  ] GC(240) Concurrent Preclean 0.015ms
[2026-03-26T14:02:39.521+0900][21.877s][info][gc,start    ] GC(240) Pause Remark
[2026-03-26T14:02:39.521+0900][21.877s][info][gc          ] GC(240) Pause Remark 324M->324M(512M) 0.456ms
[2026-03-26T14:02:39.521+0900][21.877s][info][gc,cpu      ] GC(240) User=0.00s Sys=0.00s Real=0.00s
[2026-03-26T14:02:39.521+0900][21.878s][info][gc,marking  ] GC(240) Concurrent Mark 1.811ms
[2026-03-26T14:02:39.521+0900][21.878s][info][gc,marking  ] GC(240) Concurrent Rebuild Remembered Sets and Scrub Regions
[2026-03-26T14:02:39.523+0900][21.878s][info][gc,marking  ] GC(240) Concurrent Rebuild Remembered Sets and Scrub Regions 0.398ms
[2026-03-26T14:02:39.523+0900][21.878s][info][gc,start    ] GC(240) Pause Cleanup
[2026-03-26T14:02:39.523+0900][21.878s][info][gc          ] GC(240) Pause Cleanup 324M->324M(512M) 0.113ms
[2026-03-26T14:02:39.523+0900][21.878s][info][gc,cpu      ] GC(240) User=0.00s Sys=0.00s Real=0.00s
[2026-03-26T14:02:39.523+0900][21.878s][info][gc,marking  ] GC(240) Concurrent Clear Claimed Marks
[2026-03-26T14:02:39.523+0900][21.878s][info][gc,marking  ] GC(240) Concurrent Clear Claimed Marks 0.014ms
[2026-03-26T14:02:39.523+0900][21.878s][info][gc,marking  ] GC(240) Concurrent Cleanup for Next Mark
[2026-03-26T14:02:39.523+0900][21.879s][info][gc,marking  ] GC(240) Concurrent Cleanup for Next Mark 0.379ms
[2026-03-26T14:02:39.523+0900][21.879s][info][gc          ] GC(240) Concurrent Mark Cycle 3.012ms
[2026-03-26T14:02:39.678+0900][22.034s][info][gc,start    ] GC(241) Pause Young (Concurrent Start) (G1 Humongous Allocation)
[2026-03-26T14:02:39.678+0900][22.034s][info][gc,task     ] GC(241) Using 12 workers of 13 for evacuation
[2026-03-26T14:02:39.678+0900][22.035s][info][gc,phases   ] GC(241)   Pre Evacuate Collection Set: 0.2ms
[2026-03-26T14:02:39.678+0900][22.035s][info][gc,phases   ] GC(241)   Merge Heap Roots: 0.1ms
[2026-03-26T14:02:39.678+0900][22.035s][info][gc,phases   ] GC(241)   Evacuate Collection Set: 0.2ms
[2026-03-26T14:02:39.678+0900][22.035s][info][gc,phases   ] GC(241)   Post Evacuate Collection Set: 0.2ms
[2026-03-26T14:02:39.678+0900][22.035s][info][gc,phases   ] GC(241)   Other: 0.1ms
[2026-03-26T14:02:39.678+0900][22.035s][info][gc,heap     ] GC(241) Eden regions: 50->0(160)
[2026-03-26T14:02:39.678+0900][22.035s][info][gc,heap     ] GC(241) Survivor regions: 0->0(21)
[2026-03-26T14:02:39.678+0900][22.035s][info][gc,heap     ] GC(241) Old regions: 1->1
[2026-03-26T14:02:39.678+0900][22.035s][info][gc,heap     ] GC(241) Humongous regions: 324->324
[2026-03-26T14:02:39.678+0900][22.035s][info][gc,metaspace] GC(241) Metaspace: 324K(512K)->324K(512K) NonClass: 307K(384K)->307K(384K) Class: 17K(128K)->17K(128K)
[2026-03-26T14:02:39.678+0900][22.035s][info][gc          ] GC(241) Pause Young (Concurrent Start) (G1 Humongous Allocation) 374M->324M(512M) 0.957ms
[2026-03-26T14:02:39.678+0900][22.035s][info][gc,cpu      ] GC(241) User=0.00s Sys=0.00s Real=0.00s
[2026-03-26T14:02:39.678+0900][22.035s][info][gc          ] GC(242) Concurrent Mark Cycle
[2026-03-26T14:02:39.678+0900][22.035s][info][gc,marking  ] GC(242) Concurrent Scan Root Regions
[2026-03-26T14:02:39.678+0900][22.035s][info][gc,marking  ] GC(242) Concurrent Scan Root Regions 0.013ms
[2026-03-26T14:02:39.678+0900][22.035s][info][gc,marking  ] GC(242) Concurrent Mark
[2026-03-26T14:02:39.678+0900][22.035s][info][gc,marking  ] GC(242) Concurrent Mark From Roots
[2026-03-26T14:02:39.678+0900][22.035s][info][gc,task     ] GC(242) Using 3 workers of 3 for marking
[2026-03-26T14:02:39.680+0900][22.036s][info][gc,marking  ] GC(242) Concurrent Mark From Roots 1.106ms
[2026-03-26T14:02:39.680+0900][22.036s][info][gc,marking  ] GC(242) Concurrent Preclean
[2026-03-26T14:02:39.680+0900][22.036s][info][gc,marking  ] GC(242) Concurrent Preclean 0.014ms
[2026-03-26T14:02:39.680+0900][22.036s][info][gc,start    ] GC(242) Pause Remark
[2026-03-26T14:02:39.680+0900][22.037s][info][gc          ] GC(242) Pause Remark 324M->324M(512M) 0.503ms
[2026-03-26T14:02:39.680+0900][22.037s][info][gc,cpu      ] GC(242) User=0.00s Sys=0.00s Real=0.00s
[2026-03-26T14:02:39.680+0900][22.037s][info][gc,marking  ] GC(242) Concurrent Mark 1.834ms
[2026-03-26T14:02:39.680+0900][22.037s][info][gc,marking  ] GC(242) Concurrent Rebuild Remembered Sets and Scrub Regions
[2026-03-26T14:02:39.682+0900][22.037s][info][gc,marking  ] GC(242) Concurrent Rebuild Remembered Sets and Scrub Regions 0.416ms
[2026-03-26T14:02:39.682+0900][22.037s][info][gc,start    ] GC(242) Pause Cleanup
[2026-03-26T14:02:39.682+0900][22.037s][info][gc          ] GC(242) Pause Cleanup 330M->330M(512M) 0.135ms
[2026-03-26T14:02:39.682+0900][22.037s][info][gc,cpu      ] GC(242) User=0.00s Sys=0.00s Real=0.00s
[2026-03-26T14:02:39.682+0900][22.037s][info][gc,marking  ] GC(242) Concurrent Clear Claimed Marks
[2026-03-26T14:02:39.682+0900][22.037s][info][gc,marking  ] GC(242) Concurrent Clear Claimed Marks 0.021ms
[2026-03-26T14:02:39.682+0900][22.037s][info][gc,marking  ] GC(242) Concurrent Cleanup for Next Mark
[2026-03-26T14:02:39.682+0900][22.038s][info][gc,marking  ] GC(242) Concurrent Cleanup for Next Mark 0.376ms
[2026-03-26T14:02:39.682+0900][22.038s][info][gc          ] GC(242) Concurrent Mark Cycle 3.028ms
[2026-03-26T14:02:39.839+0900][22.195s][info][gc,start    ] GC(243) Pause Young (Concurrent Start) (G1 Humongous Allocation)
[2026-03-26T14:02:39.839+0900][22.195s][info][gc,task     ] GC(243) Using 12 workers of 13 for evacuation
[2026-03-26T14:02:39.840+0900][22.196s][info][gc,phases   ] GC(243)   Pre Evacuate Collection Set: 0.1ms
[2026-03-26T14:02:39.840+0900][22.196s][info][gc,phases   ] GC(243)   Merge Heap Roots: 0.1ms
[2026-03-26T14:02:39.840+0900][22.196s][info][gc,phases   ] GC(243)   Evacuate Collection Set: 0.2ms
[2026-03-26T14:02:39.840+0900][22.196s][info][gc,phases   ] GC(243)   Post Evacuate Collection Set: 0.2ms
[2026-03-26T14:02:39.840+0900][22.196s][info][gc,phases   ] GC(243)   Other: 0.1ms
[2026-03-26T14:02:39.840+0900][22.196s][info][gc,heap     ] GC(243) Eden regions: 50->0(154)
[2026-03-26T14:02:39.840+0900][22.196s][info][gc,heap     ] GC(243) Survivor regions: 0->0(20)
[2026-03-26T14:02:39.840+0900][22.196s][info][gc,heap     ] GC(243) Old regions: 1->1
[2026-03-26T14:02:39.840+0900][22.196s][info][gc,heap     ] GC(243) Humongous regions: 330->330
[2026-03-26T14:02:39.840+0900][22.196s][info][gc,metaspace] GC(243) Metaspace: 324K(512K)->324K(512K) NonClass: 307K(384K)->307K(384K) Class: 17K(128K)->17K(128K)
[2026-03-26T14:02:39.840+0900][22.196s][info][gc          ] GC(243) Pause Young (Concurrent Start) (G1 Humongous Allocation) 380M->330M(512M) 1.012ms
[2026-03-26T14:02:39.840+0900][22.196s][info][gc,cpu      ] GC(243) User=0.00s Sys=0.00s Real=0.00s
[2026-03-26T14:02:39.840+0900][22.196s][info][gc          ] GC(244) Concurrent Mark Cycle
[2026-03-26T14:02:39.840+0900][22.196s][info][gc,marking  ] GC(244) Concurrent Scan Root Regions
[2026-03-26T14:02:39.840+0900][22.196s][info][gc,marking  ] GC(244) Concurrent Scan Root Regions 0.015ms
[2026-03-26T14:02:39.840+0900][22.196s][info][gc,marking  ] GC(244) Concurrent Mark
[2026-03-26T14:02:39.840+0900][22.196s][info][gc,marking  ] GC(244) Concurrent Mark From Roots
[2026-03-26T14:02:39.840+0900][22.196s][info][gc,task     ] GC(244) Using 3 workers of 3 for marking
[2026-03-26T14:02:39.841+0900][22.197s][info][gc,marking  ] GC(244) Concurrent Mark From Roots 0.847ms
[2026-03-26T14:02:39.841+0900][22.197s][info][gc,marking  ] GC(244) Concurrent Preclean
[2026-03-26T14:02:39.841+0900][22.197s][info][gc,marking  ] GC(244) Concurrent Preclean 0.015ms
[2026-03-26T14:02:39.841+0900][22.197s][info][gc,start    ] GC(244) Pause Remark
[2026-03-26T14:02:39.841+0900][22.198s][info][gc          ] GC(244) Pause Remark 330M->330M(512M) 0.456ms
[2026-03-26T14:02:39.841+0900][22.198s][info][gc,cpu      ] GC(244) User=0.00s Sys=0.00s Real=0.00s
[2026-03-26T14:02:39.843+0900][22.198s][info][gc,marking  ] GC(244) Concurrent Mark 1.682ms
[2026-03-26T14:02:39.843+0900][22.198s][info][gc,marking  ] GC(244) Concurrent Rebuild Remembered Sets and Scrub Regions
[2026-03-26T14:02:39.843+0900][22.198s][info][gc,marking  ] GC(244) Concurrent Rebuild Remembered Sets and Scrub Regions 0.383ms
[2026-03-26T14:02:39.843+0900][22.198s][info][gc,start    ] GC(244) Pause Cleanup
[2026-03-26T14:02:39.843+0900][22.198s][info][gc          ] GC(244) Pause Cleanup 330M->330M(512M) 0.064ms
[2026-03-26T14:02:39.843+0900][22.198s][info][gc,cpu      ] GC(244) User=0.00s Sys=0.00s Real=0.00s
[2026-03-26T14:02:39.843+0900][22.198s][info][gc,marking  ] GC(244) Concurrent Clear Claimed Marks
[2026-03-26T14:02:39.843+0900][22.198s][info][gc,marking  ] GC(244) Concurrent Clear Claimed Marks 0.041ms
[2026-03-26T14:02:39.843+0900][22.198s][info][gc,marking  ] GC(244) Concurrent Cleanup for Next Mark
[2026-03-26T14:02:39.843+0900][22.199s][info][gc,marking  ] GC(244) Concurrent Cleanup for Next Mark 0.380ms
[2026-03-26T14:02:39.843+0900][22.199s][info][gc          ] GC(244) Concurrent Mark Cycle 2.751ms
[2026-03-26T14:02:40.000+0900][22.355s][info][gc,start    ] GC(245) Pause Young (Concurrent Start) (G1 Humongous Allocation)
[2026-03-26T14:02:40.000+0900][22.355s][info][gc,task     ] GC(245) Using 12 workers of 13 for evacuation
[2026-03-26T14:02:40.000+0900][22.356s][info][gc,phases   ] GC(245)   Pre Evacuate Collection Set: 0.2ms
[2026-03-26T14:02:40.000+0900][22.356s][info][gc,phases   ] GC(245)   Merge Heap Roots: 0.1ms
[2026-03-26T14:02:40.000+0900][22.356s][info][gc,phases   ] GC(245)   Evacuate Collection Set: 0.2ms
[2026-03-26T14:02:40.000+0900][22.356s][info][gc,phases   ] GC(245)   Post Evacuate Collection Set: 0.2ms
[2026-03-26T14:02:40.000+0900][22.356s][info][gc,phases   ] GC(245)   Other: 0.1ms
[2026-03-26T14:02:40.000+0900][22.356s][info][gc,heap     ] GC(245) Eden regions: 50->0(148)
[2026-03-26T14:02:40.000+0900][22.356s][info][gc,heap     ] GC(245) Survivor regions: 0->0(20)
[2026-03-26T14:02:40.000+0900][22.356s][info][gc,heap     ] GC(245) Old regions: 1->1
[2026-03-26T14:02:40.000+0900][22.356s][info][gc,heap     ] GC(245) Humongous regions: 336->336
[2026-03-26T14:02:40.000+0900][22.356s][info][gc,metaspace] GC(245) Metaspace: 324K(512K)->324K(512K) NonClass: 307K(384K)->307K(384K) Class: 17K(128K)->17K(128K)
[2026-03-26T14:02:40.000+0900][22.356s][info][gc          ] GC(245) Pause Young (Concurrent Start) (G1 Humongous Allocation) 386M->336M(512M) 0.961ms
[2026-03-26T14:02:40.000+0900][22.356s][info][gc,cpu      ] GC(245) User=0.00s Sys=0.00s Real=0.00s
[2026-03-26T14:02:40.000+0900][22.356s][info][gc          ] GC(246) Concurrent Mark Cycle
[2026-03-26T14:02:40.000+0900][22.356s][info][gc,marking  ] GC(246) Concurrent Scan Root Regions
[2026-03-26T14:02:40.000+0900][22.356s][info][gc,marking  ] GC(246) Concurrent Scan Root Regions 0.013ms
[2026-03-26T14:02:40.000+0900][22.356s][info][gc,marking  ] GC(246) Concurrent Mark
[2026-03-26T14:02:40.000+0900][22.356s][info][gc,marking  ] GC(246) Concurrent Mark From Roots
[2026-03-26T14:02:40.000+0900][22.356s][info][gc,task     ] GC(246) Using 3 workers of 3 for marking
[2026-03-26T14:02:40.001+0900][22.357s][info][gc,marking  ] GC(246) Concurrent Mark From Roots 0.851ms
[2026-03-26T14:02:40.001+0900][22.357s][info][gc,marking  ] GC(246) Concurrent Preclean
[2026-03-26T14:02:40.001+0900][22.357s][info][gc,marking  ] GC(246) Concurrent Preclean 0.015ms
[2026-03-26T14:02:40.001+0900][22.357s][info][gc,start    ] GC(246) Pause Remark
[2026-03-26T14:02:40.001+0900][22.358s][info][gc          ] GC(246) Pause Remark 342M->342M(512M) 0.511ms
[2026-03-26T14:02:40.001+0900][22.358s][info][gc,cpu      ] GC(246) User=0.00s Sys=0.00s Real=0.00s
[2026-03-26T14:02:40.001+0900][22.358s][info][gc,marking  ] GC(246) Concurrent Mark 1.526ms
[2026-03-26T14:02:40.001+0900][22.358s][info][gc,marking  ] GC(246) Concurrent Rebuild Remembered Sets and Scrub Regions
[2026-03-26T14:02:40.003+0900][22.358s][info][gc,marking  ] GC(246) Concurrent Rebuild Remembered Sets and Scrub Regions 0.387ms
[2026-03-26T14:02:40.003+0900][22.358s][info][gc,start    ] GC(246) Pause Cleanup
[2026-03-26T14:02:40.003+0900][22.358s][info][gc          ] GC(246) Pause Cleanup 342M->342M(512M) 0.096ms
[2026-03-26T14:02:40.003+0900][22.358s][info][gc,cpu      ] GC(246) User=0.00s Sys=0.00s Real=0.00s
[2026-03-26T14:02:40.003+0900][22.359s][info][gc,marking  ] GC(246) Concurrent Clear Claimed Marks
[2026-03-26T14:02:40.003+0900][22.359s][info][gc,marking  ] GC(246) Concurrent Clear Claimed Marks 0.022ms
[2026-03-26T14:02:40.003+0900][22.359s][info][gc,marking  ] GC(246) Concurrent Cleanup for Next Mark
[2026-03-26T14:02:40.003+0900][22.359s][info][gc,marking  ] GC(246) Concurrent Cleanup for Next Mark 0.395ms
[2026-03-26T14:02:40.004+0900][22.359s][info][gc          ] GC(246) Concurrent Mark Cycle 2.647ms
[2026-03-26T14:02:40.160+0900][22.516s][info][gc,start    ] GC(247) Pause Young (Concurrent Start) (G1 Humongous Allocation)
[2026-03-26T14:02:40.160+0900][22.516s][info][gc,task     ] GC(247) Using 12 workers of 13 for evacuation
[2026-03-26T14:02:40.160+0900][22.518s][info][gc,phases   ] GC(247)   Pre Evacuate Collection Set: 0.4ms
[2026-03-26T14:02:40.160+0900][22.518s][info][gc,phases   ] GC(247)   Merge Heap Roots: 0.1ms
[2026-03-26T14:02:40.160+0900][22.518s][info][gc,phases   ] GC(247)   Evacuate Collection Set: 0.3ms
[2026-03-26T14:02:40.160+0900][22.518s][info][gc,phases   ] GC(247)   Post Evacuate Collection Set: 0.4ms
[2026-03-26T14:02:40.160+0900][22.518s][info][gc,phases   ] GC(247)   Other: 0.2ms
[2026-03-26T14:02:40.160+0900][22.518s][info][gc,heap     ] GC(247) Eden regions: 50->0(142)
[2026-03-26T14:02:40.160+0900][22.518s][info][gc,heap     ] GC(247) Survivor regions: 0->0(19)
[2026-03-26T14:02:40.160+0900][22.518s][info][gc,heap     ] GC(247) Old regions: 1->1
[2026-03-26T14:02:40.160+0900][22.518s][info][gc,heap     ] GC(247) Humongous regions: 342->342
[2026-03-26T14:02:40.160+0900][22.518s][info][gc,metaspace] GC(247) Metaspace: 324K(512K)->324K(512K) NonClass: 307K(384K)->307K(384K) Class: 17K(128K)->17K(128K)
[2026-03-26T14:02:40.160+0900][22.518s][info][gc          ] GC(247) Pause Young (Concurrent Start) (G1 Humongous Allocation) 392M->342M(512M) 1.898ms
[2026-03-26T14:02:40.160+0900][22.518s][info][gc,cpu      ] GC(247) User=0.00s Sys=0.00s Real=0.00s
[2026-03-26T14:02:40.160+0900][22.518s][info][gc          ] GC(248) Concurrent Mark Cycle
[2026-03-26T14:02:40.160+0900][22.518s][info][gc,marking  ] GC(248) Concurrent Scan Root Regions
[2026-03-26T14:02:40.160+0900][22.518s][info][gc,marking  ] GC(248) Concurrent Scan Root Regions 0.032ms
[2026-03-26T14:02:40.160+0900][22.518s][info][gc,marking  ] GC(248) Concurrent Mark
[2026-03-26T14:02:40.160+0900][22.518s][info][gc,marking  ] GC(248) Concurrent Mark From Roots
[2026-03-26T14:02:40.160+0900][22.518s][info][gc,task     ] GC(248) Using 3 workers of 3 for marking
[2026-03-26T14:02:40.160+0900][22.520s][info][gc,marking  ] GC(248) Concurrent Mark From Roots 1.853ms
[2026-03-26T14:02:40.160+0900][22.520s][info][gc,marking  ] GC(248) Concurrent Preclean
[2026-03-26T14:02:40.160+0900][22.520s][info][gc,marking  ] GC(248) Concurrent Preclean 0.035ms
[2026-03-26T14:02:40.160+0900][22.520s][info][gc,start    ] GC(248) Pause Remark
[2026-03-26T14:02:40.160+0900][22.522s][info][gc          ] GC(248) Pause Remark 348M->348M(512M) 1.189ms
[2026-03-26T14:02:40.160+0900][22.522s][info][gc,cpu      ] GC(248) User=0.00s Sys=0.00s Real=0.00s
[2026-03-26T14:02:40.160+0900][22.522s][info][gc,marking  ] GC(248) Concurrent Mark 3.430ms
[2026-03-26T14:02:40.160+0900][22.522s][info][gc,marking  ] GC(248) Concurrent Rebuild Remembered Sets and Scrub Regions
[2026-03-26T14:02:40.160+0900][22.523s][info][gc,marking  ] GC(248) Concurrent Rebuild Remembered Sets and Scrub Regions 0.876ms
[2026-03-26T14:02:40.160+0900][22.523s][info][gc,start    ] GC(248) Pause Cleanup
[2026-03-26T14:02:40.160+0900][22.523s][info][gc          ] GC(248) Pause Cleanup 348M->348M(512M) 0.238ms
[2026-03-26T14:02:40.160+0900][22.523s][info][gc,cpu      ] GC(248) User=0.02s Sys=0.00s Real=0.00s
[2026-03-26T14:02:40.160+0900][22.523s][info][gc,marking  ] GC(248) Concurrent Clear Claimed Marks
[2026-03-26T14:02:40.160+0900][22.523s][info][gc,marking  ] GC(248) Concurrent Clear Claimed Marks 0.066ms
[2026-03-26T14:02:40.160+0900][22.523s][info][gc,marking  ] GC(248) Concurrent Cleanup for Next Mark
[2026-03-26T14:02:40.160+0900][22.524s][info][gc,marking  ] GC(248) Concurrent Cleanup for Next Mark 0.420ms
[2026-03-26T14:02:40.160+0900][22.524s][info][gc          ] GC(248) Concurrent Mark Cycle 5.724ms
[2026-03-26T14:02:40.318+0900][22.674s][info][gc,start    ] GC(249) Pause Young (Concurrent Start) (G1 Humongous Allocation)
[2026-03-26T14:02:40.318+0900][22.674s][info][gc,task     ] GC(249) Using 12 workers of 13 for evacuation
[2026-03-26T14:02:40.318+0900][22.675s][info][gc,phases   ] GC(249)   Pre Evacuate Collection Set: 0.3ms
[2026-03-26T14:02:40.318+0900][22.675s][info][gc,phases   ] GC(249)   Merge Heap Roots: 0.1ms
[2026-03-26T14:02:40.318+0900][22.675s][info][gc,phases   ] GC(249)   Evacuate Collection Set: 0.3ms
[2026-03-26T14:02:40.318+0900][22.675s][info][gc,phases   ] GC(249)   Post Evacuate Collection Set: 0.4ms
[2026-03-26T14:02:40.318+0900][22.675s][info][gc,phases   ] GC(249)   Other: 0.1ms
[2026-03-26T14:02:40.318+0900][22.675s][info][gc,heap     ] GC(249) Eden regions: 50->0(136)
[2026-03-26T14:02:40.318+0900][22.675s][info][gc,heap     ] GC(249) Survivor regions: 0->0(18)
[2026-03-26T14:02:40.318+0900][22.675s][info][gc,heap     ] GC(249) Old regions: 1->1
[2026-03-26T14:02:40.318+0900][22.675s][info][gc,heap     ] GC(249) Humongous regions: 348->348
[2026-03-26T14:02:40.318+0900][22.675s][info][gc,metaspace] GC(249) Metaspace: 324K(512K)->324K(512K) NonClass: 307K(384K)->307K(384K) Class: 17K(128K)->17K(128K)
[2026-03-26T14:02:40.318+0900][22.675s][info][gc          ] GC(249) Pause Young (Concurrent Start) (G1 Humongous Allocation) 398M->348M(512M) 1.672ms
[2026-03-26T14:02:40.318+0900][22.675s][info][gc,cpu      ] GC(249) User=0.00s Sys=0.00s Real=0.00s
[2026-03-26T14:02:40.318+0900][22.675s][info][gc          ] GC(250) Concurrent Mark Cycle
[2026-03-26T14:02:40.318+0900][22.676s][info][gc,marking  ] GC(250) Concurrent Scan Root Regions
[2026-03-26T14:02:40.318+0900][22.676s][info][gc,marking  ] GC(250) Concurrent Scan Root Regions 0.026ms
[2026-03-26T14:02:40.318+0900][22.676s][info][gc,marking  ] GC(250) Concurrent Mark
[2026-03-26T14:02:40.318+0900][22.676s][info][gc,marking  ] GC(250) Concurrent Mark From Roots
[2026-03-26T14:02:40.318+0900][22.676s][info][gc,task     ] GC(250) Using 3 workers of 3 for marking
[2026-03-26T14:02:40.321+0900][22.677s][info][gc,marking  ] GC(250) Concurrent Mark From Roots 1.492ms
[2026-03-26T14:02:40.321+0900][22.677s][info][gc,marking  ] GC(250) Concurrent Preclean
[2026-03-26T14:02:40.321+0900][22.677s][info][gc,marking  ] GC(250) Concurrent Preclean 0.030ms
[2026-03-26T14:02:40.321+0900][22.677s][info][gc,start    ] GC(250) Pause Remark
[2026-03-26T14:02:40.321+0900][22.678s][info][gc          ] GC(250) Pause Remark 354M->354M(512M) 1.084ms
[2026-03-26T14:02:40.321+0900][22.678s][info][gc,cpu      ] GC(250) User=0.00s Sys=0.00s Real=0.00s
[2026-03-26T14:02:40.321+0900][22.679s][info][gc,marking  ] GC(250) Concurrent Mark 3.019ms
[2026-03-26T14:02:40.321+0900][22.679s][info][gc,marking  ] GC(250) Concurrent Rebuild Remembered Sets and Scrub Regions
[2026-03-26T14:02:40.321+0900][22.679s][info][gc,marking  ] GC(250) Concurrent Rebuild Remembered Sets and Scrub Regions 0.729ms
[2026-03-26T14:02:40.321+0900][22.680s][info][gc,start    ] GC(250) Pause Cleanup
[2026-03-26T14:02:40.321+0900][22.680s][info][gc          ] GC(250) Pause Cleanup 354M->354M(512M) 0.168ms
[2026-03-26T14:02:40.321+0900][22.680s][info][gc,cpu      ] GC(250) User=0.00s Sys=0.00s Real=0.00s
[2026-03-26T14:02:40.321+0900][22.680s][info][gc,marking  ] GC(250) Concurrent Clear Claimed Marks
[2026-03-26T14:02:40.321+0900][22.680s][info][gc,marking  ] GC(250) Concurrent Clear Claimed Marks 0.073ms
[2026-03-26T14:02:40.321+0900][22.680s][info][gc,marking  ] GC(250) Concurrent Cleanup for Next Mark
[2026-03-26T14:02:40.321+0900][22.680s][info][gc,marking  ] GC(250) Concurrent Cleanup for Next Mark 0.457ms
[2026-03-26T14:02:40.321+0900][22.680s][info][gc          ] GC(250) Concurrent Mark Cycle 5.065ms
[2026-03-26T14:02:40.477+0900][22.833s][info][gc,start    ] GC(251) Pause Young (Concurrent Start) (G1 Humongous Allocation)
[2026-03-26T14:02:40.477+0900][22.833s][info][gc,task     ] GC(251) Using 12 workers of 13 for evacuation
[2026-03-26T14:02:40.477+0900][22.835s][info][gc,phases   ] GC(251)   Pre Evacuate Collection Set: 0.4ms
[2026-03-26T14:02:40.477+0900][22.835s][info][gc,phases   ] GC(251)   Merge Heap Roots: 0.2ms
[2026-03-26T14:02:40.477+0900][22.835s][info][gc,phases   ] GC(251)   Evacuate Collection Set: 0.3ms
[2026-03-26T14:02:40.477+0900][22.835s][info][gc,phases   ] GC(251)   Post Evacuate Collection Set: 0.7ms
[2026-03-26T14:02:40.477+0900][22.835s][info][gc,phases   ] GC(251)   Other: 0.3ms
[2026-03-26T14:02:40.477+0900][22.835s][info][gc,heap     ] GC(251) Eden regions: 50->0(130)
[2026-03-26T14:02:40.477+0900][22.835s][info][gc,heap     ] GC(251) Survivor regions: 0->0(17)
[2026-03-26T14:02:40.477+0900][22.835s][info][gc,heap     ] GC(251) Old regions: 1->1
[2026-03-26T14:02:40.477+0900][22.835s][info][gc,heap     ] GC(251) Humongous regions: 354->354
[2026-03-26T14:02:40.477+0900][22.835s][info][gc,metaspace] GC(251) Metaspace: 324K(512K)->324K(512K) NonClass: 307K(384K)->307K(384K) Class: 17K(128K)->17K(128K)
[2026-03-26T14:02:40.477+0900][22.835s][info][gc          ] GC(251) Pause Young (Concurrent Start) (G1 Humongous Allocation) 404M->354M(512M) 2.363ms
[2026-03-26T14:02:40.477+0900][22.836s][info][gc,cpu      ] GC(251) User=0.00s Sys=0.00s Real=0.00s
[2026-03-26T14:02:40.477+0900][22.836s][info][gc          ] GC(252) Concurrent Mark Cycle
[2026-03-26T14:02:40.477+0900][22.836s][info][gc,marking  ] GC(252) Concurrent Scan Root Regions
[2026-03-26T14:02:40.477+0900][22.836s][info][gc,marking  ] GC(252) Concurrent Scan Root Regions 0.033ms
[2026-03-26T14:02:40.477+0900][22.836s][info][gc,marking  ] GC(252) Concurrent Mark
[2026-03-26T14:02:40.477+0900][22.836s][info][gc,marking  ] GC(252) Concurrent Mark From Roots
[2026-03-26T14:02:40.477+0900][22.836s][info][gc,task     ] GC(252) Using 3 workers of 3 for marking
[2026-03-26T14:02:40.482+0900][22.837s][info][gc,marking  ] GC(252) Concurrent Mark From Roots 1.334ms
[2026-03-26T14:02:40.482+0900][22.837s][info][gc,marking  ] GC(252) Concurrent Preclean
[2026-03-26T14:02:40.482+0900][22.837s][info][gc,marking  ] GC(252) Concurrent Preclean 0.023ms
[2026-03-26T14:02:40.482+0900][22.837s][info][gc,start    ] GC(252) Pause Remark
[2026-03-26T14:02:40.482+0900][22.838s][info][gc          ] GC(252) Pause Remark 360M->360M(512M) 0.861ms
[2026-03-26T14:02:40.482+0900][22.838s][info][gc,cpu      ] GC(252) User=0.00s Sys=0.00s Real=0.00s
[2026-03-26T14:02:40.482+0900][22.838s][info][gc,marking  ] GC(252) Concurrent Mark 2.541ms
[2026-03-26T14:02:40.482+0900][22.838s][info][gc,marking  ] GC(252) Concurrent Rebuild Remembered Sets and Scrub Regions
[2026-03-26T14:02:40.482+0900][22.839s][info][gc,marking  ] GC(252) Concurrent Rebuild Remembered Sets and Scrub Regions 0.577ms
[2026-03-26T14:02:40.482+0900][22.839s][info][gc,start    ] GC(252) Pause Cleanup
[2026-03-26T14:02:40.482+0900][22.839s][info][gc          ] GC(252) Pause Cleanup 360M->360M(512M) 0.255ms
[2026-03-26T14:02:40.482+0900][22.839s][info][gc,cpu      ] GC(252) User=0.00s Sys=0.00s Real=0.00s
[2026-03-26T14:02:40.482+0900][22.839s][info][gc,marking  ] GC(252) Concurrent Clear Claimed Marks
[2026-03-26T14:02:40.482+0900][22.839s][info][gc,marking  ] GC(252) Concurrent Clear Claimed Marks 0.060ms
[2026-03-26T14:02:40.482+0900][22.840s][info][gc,marking  ] GC(252) Concurrent Cleanup for Next Mark
[2026-03-26T14:02:40.482+0900][22.840s][info][gc,marking  ] GC(252) Concurrent Cleanup for Next Mark 0.374ms
[2026-03-26T14:02:40.482+0900][22.840s][info][gc          ] GC(252) Concurrent Mark Cycle 4.365ms
[2026-03-26T14:02:40.637+0900][22.992s][info][gc,start    ] GC(253) Pause Young (Concurrent Start) (G1 Humongous Allocation)
[2026-03-26T14:02:40.637+0900][22.993s][info][gc,task     ] GC(253) Using 12 workers of 13 for evacuation
[2026-03-26T14:02:40.637+0900][22.994s][info][gc,phases   ] GC(253)   Pre Evacuate Collection Set: 0.3ms
[2026-03-26T14:02:40.637+0900][22.994s][info][gc,phases   ] GC(253)   Merge Heap Roots: 0.2ms
[2026-03-26T14:02:40.637+0900][22.994s][info][gc,phases   ] GC(253)   Evacuate Collection Set: 0.3ms
[2026-03-26T14:02:40.637+0900][22.994s][info][gc,phases   ] GC(253)   Post Evacuate Collection Set: 0.3ms
[2026-03-26T14:02:40.637+0900][22.994s][info][gc,phases   ] GC(253)   Other: 0.1ms
[2026-03-26T14:02:40.637+0900][22.994s][info][gc,heap     ] GC(253) Eden regions: 50->0(124)
[2026-03-26T14:02:40.637+0900][22.994s][info][gc,heap     ] GC(253) Survivor regions: 0->0(17)
[2026-03-26T14:02:40.637+0900][22.994s][info][gc,heap     ] GC(253) Old regions: 1->1
[2026-03-26T14:02:40.637+0900][22.994s][info][gc,heap     ] GC(253) Humongous regions: 360->360
[2026-03-26T14:02:40.637+0900][22.994s][info][gc,metaspace] GC(253) Metaspace: 324K(512K)->324K(512K) NonClass: 307K(384K)->307K(384K) Class: 17K(128K)->17K(128K)
[2026-03-26T14:02:40.637+0900][22.994s][info][gc          ] GC(253) Pause Young (Concurrent Start) (G1 Humongous Allocation) 410M->360M(512M) 1.639ms
[2026-03-26T14:02:40.639+0900][22.994s][info][gc,cpu      ] GC(253) User=0.00s Sys=0.00s Real=0.00s
[2026-03-26T14:02:40.639+0900][22.994s][info][gc          ] GC(254) Concurrent Mark Cycle
[2026-03-26T14:02:40.639+0900][22.994s][info][gc,marking  ] GC(254) Concurrent Scan Root Regions
[2026-03-26T14:02:40.639+0900][22.994s][info][gc,marking  ] GC(254) Concurrent Scan Root Regions 0.023ms
[2026-03-26T14:02:40.639+0900][22.994s][info][gc,marking  ] GC(254) Concurrent Mark
[2026-03-26T14:02:40.639+0900][22.994s][info][gc,marking  ] GC(254) Concurrent Mark From Roots
[2026-03-26T14:02:40.639+0900][22.994s][info][gc,task     ] GC(254) Using 3 workers of 3 for marking
[2026-03-26T14:02:40.639+0900][22.996s][info][gc,marking  ] GC(254) Concurrent Mark From Roots 1.250ms
[2026-03-26T14:02:40.639+0900][22.996s][info][gc,marking  ] GC(254) Concurrent Preclean
[2026-03-26T14:02:40.639+0900][22.996s][info][gc,marking  ] GC(254) Concurrent Preclean 0.021ms
[2026-03-26T14:02:40.639+0900][22.996s][info][gc,start    ] GC(254) Pause Remark
[2026-03-26T14:02:40.639+0900][22.996s][info][gc          ] GC(254) Pause Remark 366M->366M(512M) 0.635ms
[2026-03-26T14:02:40.639+0900][22.996s][info][gc,cpu      ] GC(254) User=0.00s Sys=0.00s Real=0.00s
[2026-03-26T14:02:40.639+0900][22.996s][info][gc,marking  ] GC(254) Concurrent Mark 2.113ms
[2026-03-26T14:02:40.639+0900][22.996s][info][gc,marking  ] GC(254) Concurrent Rebuild Remembered Sets and Scrub Regions
[2026-03-26T14:02:40.641+0900][22.997s][info][gc,marking  ] GC(254) Concurrent Rebuild Remembered Sets and Scrub Regions 0.486ms
[2026-03-26T14:02:40.641+0900][22.997s][info][gc,start    ] GC(254) Pause Cleanup
[2026-03-26T14:02:40.641+0900][22.997s][info][gc          ] GC(254) Pause Cleanup 366M->366M(512M) 0.089ms
[2026-03-26T14:02:40.641+0900][22.997s][info][gc,cpu      ] GC(254) User=0.00s Sys=0.00s Real=0.00s
[2026-03-26T14:02:40.641+0900][22.997s][info][gc,marking  ] GC(254) Concurrent Clear Claimed Marks
[2026-03-26T14:02:40.641+0900][22.997s][info][gc,marking  ] GC(254) Concurrent Clear Claimed Marks 0.031ms
[2026-03-26T14:02:40.641+0900][22.997s][info][gc,marking  ] GC(254) Concurrent Cleanup for Next Mark
[2026-03-26T14:02:40.642+0900][22.998s][info][gc,marking  ] GC(254) Concurrent Cleanup for Next Mark 0.415ms
[2026-03-26T14:02:40.642+0900][22.998s][info][gc          ] GC(254) Concurrent Mark Cycle 3.433ms
[2026-03-26T14:02:40.794+0900][23.151s][info][gc,start    ] GC(255) Pause Young (Concurrent Start) (G1 Humongous Allocation)
[2026-03-26T14:02:40.795+0900][23.151s][info][gc,task     ] GC(255) Using 12 workers of 13 for evacuation
[2026-03-26T14:02:40.795+0900][23.152s][info][gc,phases   ] GC(255)   Pre Evacuate Collection Set: 0.2ms
[2026-03-26T14:02:40.795+0900][23.152s][info][gc,phases   ] GC(255)   Merge Heap Roots: 0.1ms
[2026-03-26T14:02:40.795+0900][23.152s][info][gc,phases   ] GC(255)   Evacuate Collection Set: 0.3ms
[2026-03-26T14:02:40.795+0900][23.152s][info][gc,phases   ] GC(255)   Post Evacuate Collection Set: 0.2ms
[2026-03-26T14:02:40.795+0900][23.152s][info][gc,phases   ] GC(255)   Other: 0.1ms
[2026-03-26T14:02:40.795+0900][23.152s][info][gc,heap     ] GC(255) Eden regions: 50->0(208)
[2026-03-26T14:02:40.795+0900][23.152s][info][gc,heap     ] GC(255) Survivor regions: 0->0(16)
[2026-03-26T14:02:40.795+0900][23.152s][info][gc,heap     ] GC(255) Old regions: 1->1
[2026-03-26T14:02:40.795+0900][23.152s][info][gc,heap     ] GC(255) Humongous regions: 366->276
[2026-03-26T14:02:40.795+0900][23.152s][info][gc,metaspace] GC(255) Metaspace: 324K(512K)->324K(512K) NonClass: 307K(384K)->307K(384K) Class: 17K(128K)->17K(128K)
[2026-03-26T14:02:40.795+0900][23.152s][info][gc          ] GC(255) Pause Young (Concurrent Start) (G1 Humongous Allocation) 416M->276M(512M) 1.239ms
[2026-03-26T14:02:40.797+0900][23.152s][info][gc,cpu      ] GC(255) User=0.00s Sys=0.00s Real=0.00s
[2026-03-26T14:02:40.797+0900][23.152s][info][gc          ] GC(256) Concurrent Mark Cycle
[2026-03-26T14:02:40.797+0900][23.152s][info][gc,marking  ] GC(256) Concurrent Scan Root Regions
[2026-03-26T14:02:40.797+0900][23.152s][info][gc,marking  ] GC(256) Concurrent Scan Root Regions 0.017ms
[2026-03-26T14:02:40.797+0900][23.152s][info][gc,marking  ] GC(256) Concurrent Mark
[2026-03-26T14:02:40.797+0900][23.152s][info][gc,marking  ] GC(256) Concurrent Mark From Roots
[2026-03-26T14:02:40.797+0900][23.152s][info][gc,task     ] GC(256) Using 3 workers of 3 for marking
[2026-03-26T14:02:40.798+0900][23.153s][info][gc,marking  ] GC(256) Concurrent Mark From Roots 0.954ms
[2026-03-26T14:02:40.798+0900][23.153s][info][gc,marking  ] GC(256) Concurrent Preclean
[2026-03-26T14:02:40.798+0900][23.153s][info][gc,marking  ] GC(256) Concurrent Preclean 0.019ms
[2026-03-26T14:02:40.798+0900][23.153s][info][gc,start    ] GC(256) Pause Remark
[2026-03-26T14:02:40.798+0900][23.154s][info][gc          ] GC(256) Pause Remark 282M->282M(512M) 0.459ms
[2026-03-26T14:02:40.798+0900][23.154s][info][gc,cpu      ] GC(256) User=0.00s Sys=0.00s Real=0.00s
[2026-03-26T14:02:40.798+0900][23.154s][info][gc,marking  ] GC(256) Concurrent Mark 1.916ms
[2026-03-26T14:02:40.798+0900][23.154s][info][gc,marking  ] GC(256) Concurrent Rebuild Remembered Sets and Scrub Regions
[2026-03-26T14:02:40.799+0900][23.154s][info][gc,marking  ] GC(256) Concurrent Rebuild Remembered Sets and Scrub Regions 0.411ms
[2026-03-26T14:02:40.799+0900][23.154s][info][gc,start    ] GC(256) Pause Cleanup
[2026-03-26T14:02:40.799+0900][23.154s][info][gc          ] GC(256) Pause Cleanup 282M->282M(512M) 0.069ms
[2026-03-26T14:02:40.799+0900][23.154s][info][gc,cpu      ] GC(256) User=0.00s Sys=0.00s Real=0.00s
[2026-03-26T14:02:40.799+0900][23.155s][info][gc,marking  ] GC(256) Concurrent Clear Claimed Marks
[2026-03-26T14:02:40.799+0900][23.155s][info][gc,marking  ] GC(256) Concurrent Clear Claimed Marks 0.013ms
[2026-03-26T14:02:40.799+0900][23.155s][info][gc,marking  ] GC(256) Concurrent Cleanup for Next Mark
[2026-03-26T14:02:40.799+0900][23.155s][info][gc,marking  ] GC(256) Concurrent Cleanup for Next Mark 0.380ms
[2026-03-26T14:02:40.799+0900][23.155s][info][gc          ] GC(256) Concurrent Mark Cycle 2.998ms
[2026-03-26T14:02:40.953+0900][23.309s][info][gc,start    ] GC(257) Pause Young (Concurrent Start) (G1 Humongous Allocation)
[2026-03-26T14:02:40.953+0900][23.309s][info][gc,task     ] GC(257) Using 12 workers of 13 for evacuation
[2026-03-26T14:02:40.954+0900][23.310s][info][gc,phases   ] GC(257)   Pre Evacuate Collection Set: 0.4ms
[2026-03-26T14:02:40.954+0900][23.311s][info][gc,phases   ] GC(257)   Merge Heap Roots: 0.1ms
[2026-03-26T14:02:40.954+0900][23.311s][info][gc,phases   ] GC(257)   Evacuate Collection Set: 0.4ms
[2026-03-26T14:02:40.954+0900][23.311s][info][gc,phases   ] GC(257)   Post Evacuate Collection Set: 0.4ms
[2026-03-26T14:02:40.954+0900][23.311s][info][gc,phases   ] GC(257)   Other: 0.2ms
[2026-03-26T14:02:40.954+0900][23.311s][info][gc,heap     ] GC(257) Eden regions: 50->0(202)
[2026-03-26T14:02:40.954+0900][23.311s][info][gc,heap     ] GC(257) Survivor regions: 0->0(26)
[2026-03-26T14:02:40.954+0900][23.311s][info][gc,heap     ] GC(257) Old regions: 1->1
[2026-03-26T14:02:40.955+0900][23.311s][info][gc,heap     ] GC(257) Humongous regions: 282->282
[2026-03-26T14:02:40.955+0900][23.311s][info][gc,metaspace] GC(257) Metaspace: 324K(512K)->324K(512K) NonClass: 307K(384K)->307K(384K) Class: 17K(128K)->17K(128K)
[2026-03-26T14:02:40.955+0900][23.311s][info][gc          ] GC(257) Pause Young (Concurrent Start) (G1 Humongous Allocation) 332M->282M(512M) 1.962ms
[2026-03-26T14:02:40.955+0900][23.311s][info][gc,cpu      ] GC(257) User=0.00s Sys=0.00s Real=0.00s
[2026-03-26T14:02:40.955+0900][23.311s][info][gc          ] GC(258) Concurrent Mark Cycle
[2026-03-26T14:02:40.955+0900][23.311s][info][gc,marking  ] GC(258) Concurrent Scan Root Regions
[2026-03-26T14:02:40.955+0900][23.311s][info][gc,marking  ] GC(258) Concurrent Scan Root Regions 0.026ms
[2026-03-26T14:02:40.955+0900][23.311s][info][gc,marking  ] GC(258) Concurrent Mark
[2026-03-26T14:02:40.955+0900][23.311s][info][gc,marking  ] GC(258) Concurrent Mark From Roots
[2026-03-26T14:02:40.955+0900][23.311s][info][gc,task     ] GC(258) Using 3 workers of 3 for marking
[2026-03-26T14:02:40.955+0900][23.312s][info][gc,marking  ] GC(258) Concurrent Mark From Roots 1.382ms
[2026-03-26T14:02:40.955+0900][23.313s][info][gc,marking  ] GC(258) Concurrent Preclean
[2026-03-26T14:02:40.955+0900][23.313s][info][gc,marking  ] GC(258) Concurrent Preclean 0.026ms
[2026-03-26T14:02:40.955+0900][23.313s][info][gc,start    ] GC(258) Pause Remark
[2026-03-26T14:02:40.955+0900][23.314s][info][gc          ] GC(258) Pause Remark 288M->288M(512M) 1.190ms
[2026-03-26T14:02:40.955+0900][23.314s][info][gc,cpu      ] GC(258) User=0.00s Sys=0.00s Real=0.00s
[2026-03-26T14:02:40.955+0900][23.314s][info][gc,marking  ] GC(258) Concurrent Mark 2.988ms
[2026-03-26T14:02:40.955+0900][23.314s][info][gc,marking  ] GC(258) Concurrent Rebuild Remembered Sets and Scrub Regions
[2026-03-26T14:02:40.955+0900][23.315s][info][gc,marking  ] GC(258) Concurrent Rebuild Remembered Sets and Scrub Regions 0.558ms
[2026-03-26T14:02:40.955+0900][23.315s][info][gc,start    ] GC(258) Pause Cleanup
[2026-03-26T14:02:40.955+0900][23.315s][info][gc          ] GC(258) Pause Cleanup 288M->288M(512M) 0.105ms
[2026-03-26T14:02:40.955+0900][23.315s][info][gc,cpu      ] GC(258) User=0.00s Sys=0.00s Real=0.00s
[2026-03-26T14:02:40.955+0900][23.315s][info][gc,marking  ] GC(258) Concurrent Clear Claimed Marks
[2026-03-26T14:02:40.955+0900][23.315s][info][gc,marking  ] GC(258) Concurrent Clear Claimed Marks 0.071ms
[2026-03-26T14:02:40.955+0900][23.315s][info][gc,marking  ] GC(258) Concurrent Cleanup for Next Mark
[2026-03-26T14:02:40.955+0900][23.315s][info][gc,marking  ] GC(258) Concurrent Cleanup for Next Mark 0.381ms
[2026-03-26T14:02:40.955+0900][23.316s][info][gc          ] GC(258) Concurrent Mark Cycle 4.593ms
[2026-03-26T14:02:41.111+0900][23.467s][info][gc,start    ] GC(259) Pause Young (Concurrent Start) (G1 Humongous Allocation)
[2026-03-26T14:02:41.111+0900][23.467s][info][gc,task     ] GC(259) Using 12 workers of 13 for evacuation
[2026-03-26T14:02:41.112+0900][23.468s][info][gc,phases   ] GC(259)   Pre Evacuate Collection Set: 0.2ms
[2026-03-26T14:02:41.112+0900][23.468s][info][gc,phases   ] GC(259)   Merge Heap Roots: 0.1ms
[2026-03-26T14:02:41.112+0900][23.468s][info][gc,phases   ] GC(259)   Evacuate Collection Set: 0.4ms
[2026-03-26T14:02:41.112+0900][23.468s][info][gc,phases   ] GC(259)   Post Evacuate Collection Set: 0.3ms
[2026-03-26T14:02:41.112+0900][23.468s][info][gc,phases   ] GC(259)   Other: 0.1ms
[2026-03-26T14:02:41.112+0900][23.468s][info][gc,heap     ] GC(259) Eden regions: 50->0(196)
[2026-03-26T14:02:41.112+0900][23.468s][info][gc,heap     ] GC(259) Survivor regions: 0->0(26)
[2026-03-26T14:02:41.112+0900][23.468s][info][gc,heap     ] GC(259) Old regions: 1->1
[2026-03-26T14:02:41.112+0900][23.468s][info][gc,heap     ] GC(259) Humongous regions: 288->288
[2026-03-26T14:02:41.112+0900][23.468s][info][gc,metaspace] GC(259) Metaspace: 324K(512K)->324K(512K) NonClass: 307K(384K)->307K(384K) Class: 17K(128K)->17K(128K)
[2026-03-26T14:02:41.112+0900][23.468s][info][gc          ] GC(259) Pause Young (Concurrent Start) (G1 Humongous Allocation) 338M->288M(512M) 1.428ms
[2026-03-26T14:02:41.112+0900][23.468s][info][gc,cpu      ] GC(259) User=0.00s Sys=0.00s Real=0.00s
[2026-03-26T14:02:41.112+0900][23.468s][info][gc          ] GC(260) Concurrent Mark Cycle
[2026-03-26T14:02:41.112+0900][23.468s][info][gc,marking  ] GC(260) Concurrent Scan Root Regions
[2026-03-26T14:02:41.112+0900][23.468s][info][gc,marking  ] GC(260) Concurrent Scan Root Regions 0.023ms
[2026-03-26T14:02:41.112+0900][23.468s][info][gc,marking  ] GC(260) Concurrent Mark
[2026-03-26T14:02:41.112+0900][23.468s][info][gc,marking  ] GC(260) Concurrent Mark From Roots
[2026-03-26T14:02:41.113+0900][23.468s][info][gc,task     ] GC(260) Using 3 workers of 3 for marking
[2026-03-26T14:02:41.113+0900][23.469s][info][gc,marking  ] GC(260) Concurrent Mark From Roots 1.151ms
[2026-03-26T14:02:41.113+0900][23.469s][info][gc,marking  ] GC(260) Concurrent Preclean
[2026-03-26T14:02:41.113+0900][23.469s][info][gc,marking  ] GC(260) Concurrent Preclean 0.035ms
[2026-03-26T14:02:41.113+0900][23.469s][info][gc,start    ] GC(260) Pause Remark
[2026-03-26T14:02:41.113+0900][23.470s][info][gc          ] GC(260) Pause Remark 294M->294M(512M) 0.556ms
[2026-03-26T14:02:41.113+0900][23.470s][info][gc,cpu      ] GC(260) User=0.00s Sys=0.00s Real=0.00s
[2026-03-26T14:02:41.113+0900][23.470s][info][gc,marking  ] GC(260) Concurrent Mark 2.022ms
[2026-03-26T14:02:41.115+0900][23.470s][info][gc,marking  ] GC(260) Concurrent Rebuild Remembered Sets and Scrub Regions
[2026-03-26T14:02:41.115+0900][23.471s][info][gc,marking  ] GC(260) Concurrent Rebuild Remembered Sets and Scrub Regions 0.518ms
[2026-03-26T14:02:41.115+0900][23.471s][info][gc,start    ] GC(260) Pause Cleanup
[2026-03-26T14:02:41.115+0900][23.471s][info][gc          ] GC(260) Pause Cleanup 294M->294M(512M) 0.081ms
[2026-03-26T14:02:41.115+0900][23.471s][info][gc,cpu      ] GC(260) User=0.00s Sys=0.00s Real=0.00s
[2026-03-26T14:02:41.115+0900][23.471s][info][gc,marking  ] GC(260) Concurrent Clear Claimed Marks
[2026-03-26T14:02:41.115+0900][23.471s][info][gc,marking  ] GC(260) Concurrent Clear Claimed Marks 0.051ms
[2026-03-26T14:02:41.115+0900][23.471s][info][gc,marking  ] GC(260) Concurrent Cleanup for Next Mark
[2026-03-26T14:02:41.115+0900][23.471s][info][gc,marking  ] GC(260) Concurrent Cleanup for Next Mark 0.394ms
[2026-03-26T14:02:41.115+0900][23.471s][info][gc          ] GC(260) Concurrent Mark Cycle 3.374ms
[2026-03-26T14:02:41.270+0900][23.626s][info][gc,start    ] GC(261) Pause Young (Concurrent Start) (G1 Humongous Allocation)
[2026-03-26T14:02:41.270+0900][23.626s][info][gc,task     ] GC(261) Using 12 workers of 13 for evacuation
[2026-03-26T14:02:41.270+0900][23.627s][info][gc,phases   ] GC(261)   Pre Evacuate Collection Set: 0.3ms
[2026-03-26T14:02:41.270+0900][23.627s][info][gc,phases   ] GC(261)   Merge Heap Roots: 0.1ms
[2026-03-26T14:02:41.270+0900][23.627s][info][gc,phases   ] GC(261)   Evacuate Collection Set: 0.3ms
[2026-03-26T14:02:41.270+0900][23.627s][info][gc,phases   ] GC(261)   Post Evacuate Collection Set: 0.4ms
[2026-03-26T14:02:41.270+0900][23.627s][info][gc,phases   ] GC(261)   Other: 0.1ms
[2026-03-26T14:02:41.270+0900][23.627s][info][gc,heap     ] GC(261) Eden regions: 50->0(190)
[2026-03-26T14:02:41.270+0900][23.627s][info][gc,heap     ] GC(261) Survivor regions: 0->0(25)
[2026-03-26T14:02:41.270+0900][23.627s][info][gc,heap     ] GC(261) Old regions: 1->1
[2026-03-26T14:02:41.270+0900][23.627s][info][gc,heap     ] GC(261) Humongous regions: 294->294
[2026-03-26T14:02:41.270+0900][23.627s][info][gc,metaspace] GC(261) Metaspace: 324K(512K)->324K(512K) NonClass: 307K(384K)->307K(384K) Class: 17K(128K)->17K(128K)
[2026-03-26T14:02:41.270+0900][23.627s][info][gc          ] GC(261) Pause Young (Concurrent Start) (G1 Humongous Allocation) 344M->294M(512M) 1.546ms
[2026-03-26T14:02:41.270+0900][23.627s][info][gc,cpu      ] GC(261) User=0.00s Sys=0.00s Real=0.00s
[2026-03-26T14:02:41.270+0900][23.627s][info][gc          ] GC(262) Concurrent Mark Cycle
[2026-03-26T14:02:41.270+0900][23.627s][info][gc,marking  ] GC(262) Concurrent Scan Root Regions
[2026-03-26T14:02:41.270+0900][23.627s][info][gc,marking  ] GC(262) Concurrent Scan Root Regions 0.026ms
[2026-03-26T14:02:41.270+0900][23.627s][info][gc,marking  ] GC(262) Concurrent Mark
[2026-03-26T14:02:41.270+0900][23.627s][info][gc,marking  ] GC(262) Concurrent Mark From Roots
[2026-03-26T14:02:41.270+0900][23.627s][info][gc,task     ] GC(262) Using 3 workers of 3 for marking
[2026-03-26T14:02:41.270+0900][23.629s][info][gc,marking  ] GC(262) Concurrent Mark From Roots 1.451ms
[2026-03-26T14:02:41.270+0900][23.629s][info][gc,marking  ] GC(262) Concurrent Preclean
[2026-03-26T14:02:41.270+0900][23.629s][info][gc,marking  ] GC(262) Concurrent Preclean 0.030ms
[2026-03-26T14:02:41.270+0900][23.629s][info][gc,start    ] GC(262) Pause Remark
[2026-03-26T14:02:41.270+0900][23.630s][info][gc          ] GC(262) Pause Remark 301M->301M(512M) 1.145ms
[2026-03-26T14:02:41.270+0900][23.630s][info][gc,cpu      ] GC(262) User=0.00s Sys=0.00s Real=0.00s
[2026-03-26T14:02:41.270+0900][23.630s][info][gc,marking  ] GC(262) Concurrent Mark 3.000ms
[2026-03-26T14:02:41.270+0900][23.630s][info][gc,marking  ] GC(262) Concurrent Rebuild Remembered Sets and Scrub Regions
[2026-03-26T14:02:41.270+0900][23.631s][info][gc,marking  ] GC(262) Concurrent Rebuild Remembered Sets and Scrub Regions 0.992ms
[2026-03-26T14:02:41.270+0900][23.631s][info][gc,start    ] GC(262) Pause Cleanup
[2026-03-26T14:02:41.270+0900][23.632s][info][gc          ] GC(262) Pause Cleanup 301M->301M(512M) 0.124ms
[2026-03-26T14:02:41.270+0900][23.632s][info][gc,cpu      ] GC(262) User=0.00s Sys=0.00s Real=0.00s
[2026-03-26T14:02:41.270+0900][23.632s][info][gc,marking  ] GC(262) Concurrent Clear Claimed Marks
[2026-03-26T14:02:41.270+0900][23.632s][info][gc,marking  ] GC(262) Concurrent Clear Claimed Marks 0.078ms
[2026-03-26T14:02:41.270+0900][23.632s][info][gc,marking  ] GC(262) Concurrent Cleanup for Next Mark
[2026-03-26T14:02:41.270+0900][23.632s][info][gc,marking  ] GC(262) Concurrent Cleanup for Next Mark 0.475ms
[2026-03-26T14:02:41.270+0900][23.632s][info][gc          ] GC(262) Concurrent Mark Cycle 5.137ms
[2026-03-26T14:02:41.430+0900][23.785s][info][gc,start    ] GC(263) Pause Young (Concurrent Start) (G1 Humongous Allocation)
[2026-03-26T14:02:41.430+0900][23.786s][info][gc,task     ] GC(263) Using 12 workers of 13 for evacuation
[2026-03-26T14:02:41.430+0900][23.786s][info][gc,phases   ] GC(263)   Pre Evacuate Collection Set: 0.2ms
[2026-03-26T14:02:41.430+0900][23.787s][info][gc,phases   ] GC(263)   Merge Heap Roots: 0.1ms
[2026-03-26T14:02:41.430+0900][23.787s][info][gc,phases   ] GC(263)   Evacuate Collection Set: 0.4ms
[2026-03-26T14:02:41.430+0900][23.787s][info][gc,phases   ] GC(263)   Post Evacuate Collection Set: 0.2ms
[2026-03-26T14:02:41.430+0900][23.787s][info][gc,phases   ] GC(263)   Other: 0.1ms
[2026-03-26T14:02:41.430+0900][23.787s][info][gc,heap     ] GC(263) Eden regions: 50->0(184)
[2026-03-26T14:02:41.430+0900][23.787s][info][gc,heap     ] GC(263) Survivor regions: 0->0(24)
[2026-03-26T14:02:41.430+0900][23.787s][info][gc,heap     ] GC(263) Old regions: 1->1
[2026-03-26T14:02:41.430+0900][23.787s][info][gc,heap     ] GC(263) Humongous regions: 300->300
[2026-03-26T14:02:41.430+0900][23.787s][info][gc,metaspace] GC(263) Metaspace: 324K(512K)->324K(512K) NonClass: 307K(384K)->307K(384K) Class: 17K(128K)->17K(128K)
[2026-03-26T14:02:41.430+0900][23.787s][info][gc          ] GC(263) Pause Young (Concurrent Start) (G1 Humongous Allocation) 350M->300M(512M) 1.287ms
[2026-03-26T14:02:41.430+0900][23.787s][info][gc,cpu      ] GC(263) User=0.00s Sys=0.00s Real=0.00s
[2026-03-26T14:02:41.430+0900][23.787s][info][gc          ] GC(264) Concurrent Mark Cycle
[2026-03-26T14:02:41.430+0900][23.787s][info][gc,marking  ] GC(264) Concurrent Scan Root Regions
[2026-03-26T14:02:41.430+0900][23.787s][info][gc,marking  ] GC(264) Concurrent Scan Root Regions 0.013ms
[2026-03-26T14:02:41.430+0900][23.787s][info][gc,marking  ] GC(264) Concurrent Mark
[2026-03-26T14:02:41.430+0900][23.787s][info][gc,marking  ] GC(264) Concurrent Mark From Roots
[2026-03-26T14:02:41.430+0900][23.787s][info][gc,task     ] GC(264) Using 3 workers of 3 for marking
[2026-03-26T14:02:41.432+0900][23.788s][info][gc,marking  ] GC(264) Concurrent Mark From Roots 1.027ms
[2026-03-26T14:02:41.432+0900][23.788s][info][gc,marking  ] GC(264) Concurrent Preclean
[2026-03-26T14:02:41.432+0900][23.788s][info][gc,marking  ] GC(264) Concurrent Preclean 0.014ms
[2026-03-26T14:02:41.432+0900][23.788s][info][gc,start    ] GC(264) Pause Remark
[2026-03-26T14:02:41.432+0900][23.788s][info][gc          ] GC(264) Pause Remark 300M->300M(512M) 0.514ms
[2026-03-26T14:02:41.432+0900][23.788s][info][gc,cpu      ] GC(264) User=0.00s Sys=0.00s Real=0.00s
[2026-03-26T14:02:41.432+0900][23.789s][info][gc,marking  ] GC(264) Concurrent Mark 1.738ms
[2026-03-26T14:02:41.432+0900][23.789s][info][gc,marking  ] GC(264) Concurrent Rebuild Remembered Sets and Scrub Regions
[2026-03-26T14:02:41.432+0900][23.789s][info][gc,marking  ] GC(264) Concurrent Rebuild Remembered Sets and Scrub Regions 0.378ms
[2026-03-26T14:02:41.432+0900][23.789s][info][gc,start    ] GC(264) Pause Cleanup
[2026-03-26T14:02:41.432+0900][23.789s][info][gc          ] GC(264) Pause Cleanup 300M->300M(512M) 0.063ms
[2026-03-26T14:02:41.432+0900][23.789s][info][gc,cpu      ] GC(264) User=0.00s Sys=0.00s Real=0.00s
[2026-03-26T14:02:41.434+0900][23.789s][info][gc,marking  ] GC(264) Concurrent Clear Claimed Marks
[2026-03-26T14:02:41.434+0900][23.789s][info][gc,marking  ] GC(264) Concurrent Clear Claimed Marks 0.013ms
[2026-03-26T14:02:41.434+0900][23.789s][info][gc,marking  ] GC(264) Concurrent Cleanup for Next Mark
[2026-03-26T14:02:41.434+0900][23.790s][info][gc,marking  ] GC(264) Concurrent Cleanup for Next Mark 0.562ms
[2026-03-26T14:02:41.434+0900][23.790s][info][gc          ] GC(264) Concurrent Mark Cycle 2.929ms
[2026-03-26T14:02:41.589+0900][23.944s][info][gc,start    ] GC(265) Pause Young (Concurrent Start) (G1 Humongous Allocation)
[2026-03-26T14:02:41.589+0900][23.944s][info][gc,task     ] GC(265) Using 12 workers of 13 for evacuation
[2026-03-26T14:02:41.589+0900][23.945s][info][gc,phases   ] GC(265)   Pre Evacuate Collection Set: 0.2ms
[2026-03-26T14:02:41.589+0900][23.945s][info][gc,phases   ] GC(265)   Merge Heap Roots: 0.1ms
[2026-03-26T14:02:41.589+0900][23.945s][info][gc,phases   ] GC(265)   Evacuate Collection Set: 0.2ms
[2026-03-26T14:02:41.589+0900][23.945s][info][gc,phases   ] GC(265)   Post Evacuate Collection Set: 0.2ms
[2026-03-26T14:02:41.589+0900][23.945s][info][gc,phases   ] GC(265)   Other: 0.1ms
[2026-03-26T14:02:41.589+0900][23.945s][info][gc,heap     ] GC(265) Eden regions: 50->0(178)
[2026-03-26T14:02:41.589+0900][23.945s][info][gc,heap     ] GC(265) Survivor regions: 0->0(23)
[2026-03-26T14:02:41.589+0900][23.945s][info][gc,heap     ] GC(265) Old regions: 1->1
[2026-03-26T14:02:41.589+0900][23.945s][info][gc,heap     ] GC(265) Humongous regions: 306->306
[2026-03-26T14:02:41.589+0900][23.945s][info][gc,metaspace] GC(265) Metaspace: 324K(512K)->324K(512K) NonClass: 307K(384K)->307K(384K) Class: 17K(128K)->17K(128K)
[2026-03-26T14:02:41.589+0900][23.945s][info][gc          ] GC(265) Pause Young (Concurrent Start) (G1 Humongous Allocation) 356M->306M(512M) 1.205ms
[2026-03-26T14:02:41.589+0900][23.945s][info][gc,cpu      ] GC(265) User=0.02s Sys=0.00s Real=0.00s
[2026-03-26T14:02:41.589+0900][23.945s][info][gc          ] GC(266) Concurrent Mark Cycle
[2026-03-26T14:02:41.589+0900][23.945s][info][gc,marking  ] GC(266) Concurrent Scan Root Regions
[2026-03-26T14:02:41.589+0900][23.945s][info][gc,marking  ] GC(266) Concurrent Scan Root Regions 0.015ms
[2026-03-26T14:02:41.589+0900][23.945s][info][gc,marking  ] GC(266) Concurrent Mark
[2026-03-26T14:02:41.589+0900][23.945s][info][gc,marking  ] GC(266) Concurrent Mark From Roots
[2026-03-26T14:02:41.590+0900][23.945s][info][gc,task     ] GC(266) Using 3 workers of 3 for marking
[2026-03-26T14:02:41.590+0900][23.946s][info][gc,marking  ] GC(266) Concurrent Mark From Roots 0.966ms
[2026-03-26T14:02:41.590+0900][23.946s][info][gc,marking  ] GC(266) Concurrent Preclean
[2026-03-26T14:02:41.590+0900][23.946s][info][gc,marking  ] GC(266) Concurrent Preclean 0.016ms
[2026-03-26T14:02:41.590+0900][23.946s][info][gc,start    ] GC(266) Pause Remark
[2026-03-26T14:02:41.590+0900][23.947s][info][gc          ] GC(266) Pause Remark 312M->312M(512M) 0.523ms
[2026-03-26T14:02:41.590+0900][23.947s][info][gc,cpu      ] GC(266) User=0.00s Sys=0.00s Real=0.00s
[2026-03-26T14:02:41.590+0900][23.947s][info][gc,marking  ] GC(266) Concurrent Mark 1.661ms
[2026-03-26T14:02:41.590+0900][23.947s][info][gc,marking  ] GC(266) Concurrent Rebuild Remembered Sets and Scrub Regions
[2026-03-26T14:02:41.592+0900][23.947s][info][gc,marking  ] GC(266) Concurrent Rebuild Remembered Sets and Scrub Regions 0.400ms
[2026-03-26T14:02:41.592+0900][23.948s][info][gc,start    ] GC(266) Pause Cleanup
[2026-03-26T14:02:41.592+0900][23.948s][info][gc          ] GC(266) Pause Cleanup 312M->312M(512M) 0.091ms
[2026-03-26T14:02:41.592+0900][23.948s][info][gc,cpu      ] GC(266) User=0.00s Sys=0.00s Real=0.00s
[2026-03-26T14:02:41.592+0900][23.948s][info][gc,marking  ] GC(266) Concurrent Clear Claimed Marks
[2026-03-26T14:02:41.592+0900][23.948s][info][gc,marking  ] GC(266) Concurrent Clear Claimed Marks 0.026ms
[2026-03-26T14:02:41.592+0900][23.948s][info][gc,marking  ] GC(266) Concurrent Cleanup for Next Mark
[2026-03-26T14:02:41.592+0900][23.948s][info][gc,marking  ] GC(266) Concurrent Cleanup for Next Mark 0.433ms
[2026-03-26T14:02:41.592+0900][23.948s][info][gc          ] GC(266) Concurrent Mark Cycle 3.071ms
[2026-03-26T14:02:41.747+0900][24.104s][info][gc,start    ] GC(267) Pause Young (Concurrent Start) (G1 Humongous Allocation)
[2026-03-26T14:02:41.747+0900][24.105s][info][gc,task     ] GC(267) Using 12 workers of 13 for evacuation
[2026-03-26T14:02:41.747+0900][24.107s][info][gc,phases   ] GC(267)   Pre Evacuate Collection Set: 0.6ms
[2026-03-26T14:02:41.747+0900][24.107s][info][gc,phases   ] GC(267)   Merge Heap Roots: 0.2ms
[2026-03-26T14:02:41.747+0900][24.107s][info][gc,phases   ] GC(267)   Evacuate Collection Set: 0.5ms
[2026-03-26T14:02:41.747+0900][24.107s][info][gc,phases   ] GC(267)   Post Evacuate Collection Set: 0.5ms
[2026-03-26T14:02:41.747+0900][24.107s][info][gc,phases   ] GC(267)   Other: 0.2ms
[2026-03-26T14:02:41.747+0900][24.107s][info][gc,heap     ] GC(267) Eden regions: 50->0(172)
[2026-03-26T14:02:41.747+0900][24.107s][info][gc,heap     ] GC(267) Survivor regions: 0->0(23)
[2026-03-26T14:02:41.747+0900][24.107s][info][gc,heap     ] GC(267) Old regions: 1->1
[2026-03-26T14:02:41.747+0900][24.107s][info][gc,heap     ] GC(267) Humongous regions: 312->312
[2026-03-26T14:02:41.747+0900][24.107s][info][gc,metaspace] GC(267) Metaspace: 324K(512K)->324K(512K) NonClass: 307K(384K)->307K(384K) Class: 17K(128K)->17K(128K)
[2026-03-26T14:02:41.747+0900][24.107s][info][gc          ] GC(267) Pause Young (Concurrent Start) (G1 Humongous Allocation) 362M->312M(512M) 2.639ms
[2026-03-26T14:02:41.747+0900][24.107s][info][gc,cpu      ] GC(267) User=0.00s Sys=0.00s Real=0.00s
[2026-03-26T14:02:41.747+0900][24.107s][info][gc          ] GC(268) Concurrent Mark Cycle
[2026-03-26T14:02:41.747+0900][24.107s][info][gc,marking  ] GC(268) Concurrent Scan Root Regions
[2026-03-26T14:02:41.747+0900][24.107s][info][gc,marking  ] GC(268) Concurrent Scan Root Regions 0.038ms
[2026-03-26T14:02:41.747+0900][24.107s][info][gc,marking  ] GC(268) Concurrent Mark
[2026-03-26T14:02:41.747+0900][24.107s][info][gc,marking  ] GC(268) Concurrent Mark From Roots
[2026-03-26T14:02:41.747+0900][24.108s][info][gc,task     ] GC(268) Using 3 workers of 3 for marking
[2026-03-26T14:02:41.754+0900][24.109s][info][gc,marking  ] GC(268) Concurrent Mark From Roots 1.946ms
[2026-03-26T14:02:41.754+0900][24.109s][info][gc,marking  ] GC(268) Concurrent Preclean
[2026-03-26T14:02:41.754+0900][24.110s][info][gc,marking  ] GC(268) Concurrent Preclean 0.033ms
[2026-03-26T14:02:41.754+0900][24.110s][info][gc,start    ] GC(268) Pause Remark
[2026-03-26T14:02:41.754+0900][24.111s][info][gc          ] GC(268) Pause Remark 318M->318M(512M) 1.075ms
[2026-03-26T14:02:41.754+0900][24.111s][info][gc,cpu      ] GC(268) User=0.00s Sys=0.00s Real=0.00s
[2026-03-26T14:02:41.754+0900][24.111s][info][gc,marking  ] GC(268) Concurrent Mark 3.462ms
[2026-03-26T14:02:41.754+0900][24.111s][info][gc,marking  ] GC(268) Concurrent Rebuild Remembered Sets and Scrub Regions
[2026-03-26T14:02:41.754+0900][24.112s][info][gc,marking  ] GC(268) Concurrent Rebuild Remembered Sets and Scrub Regions 0.787ms
[2026-03-26T14:02:41.754+0900][24.112s][info][gc,start    ] GC(268) Pause Cleanup
[2026-03-26T14:02:41.754+0900][24.112s][info][gc          ] GC(268) Pause Cleanup 318M->318M(512M) 0.223ms
[2026-03-26T14:02:41.754+0900][24.112s][info][gc,cpu      ] GC(268) User=0.00s Sys=0.00s Real=0.00s
[2026-03-26T14:02:41.754+0900][24.112s][info][gc,marking  ] GC(268) Concurrent Clear Claimed Marks
[2026-03-26T14:02:41.754+0900][24.112s][info][gc,marking  ] GC(268) Concurrent Clear Claimed Marks 0.088ms
[2026-03-26T14:02:41.754+0900][24.112s][info][gc,marking  ] GC(268) Concurrent Cleanup for Next Mark
[2026-03-26T14:02:41.754+0900][24.113s][info][gc,marking  ] GC(268) Concurrent Cleanup for Next Mark 0.501ms
[2026-03-26T14:02:41.754+0900][24.113s][info][gc          ] GC(268) Concurrent Mark Cycle 5.745ms
[2026-03-26T14:02:41.908+0900][24.266s][info][gc,start    ] GC(269) Pause Young (Concurrent Start) (G1 Humongous Allocation)
[2026-03-26T14:02:41.908+0900][24.266s][info][gc,task     ] GC(269) Using 12 workers of 13 for evacuation
[2026-03-26T14:02:41.908+0900][24.268s][info][gc,phases   ] GC(269)   Pre Evacuate Collection Set: 0.5ms
[2026-03-26T14:02:41.908+0900][24.268s][info][gc,phases   ] GC(269)   Merge Heap Roots: 0.2ms
[2026-03-26T14:02:41.908+0900][24.268s][info][gc,phases   ] GC(269)   Evacuate Collection Set: 0.4ms
[2026-03-26T14:02:41.908+0900][24.268s][info][gc,phases   ] GC(269)   Post Evacuate Collection Set: 0.7ms
[2026-03-26T14:02:41.908+0900][24.268s][info][gc,phases   ] GC(269)   Other: 0.2ms
[2026-03-26T14:02:41.908+0900][24.268s][info][gc,heap     ] GC(269) Eden regions: 50->0(166)
[2026-03-26T14:02:41.908+0900][24.268s][info][gc,heap     ] GC(269) Survivor regions: 0->0(22)
[2026-03-26T14:02:41.908+0900][24.268s][info][gc,heap     ] GC(269) Old regions: 1->1
[2026-03-26T14:02:41.908+0900][24.268s][info][gc,heap     ] GC(269) Humongous regions: 318->318
[2026-03-26T14:02:41.908+0900][24.268s][info][gc,metaspace] GC(269) Metaspace: 324K(512K)->324K(512K) NonClass: 307K(384K)->307K(384K) Class: 17K(128K)->17K(128K)
[2026-03-26T14:02:41.908+0900][24.268s][info][gc          ] GC(269) Pause Young (Concurrent Start) (G1 Humongous Allocation) 368M->318M(512M) 2.394ms
[2026-03-26T14:02:41.908+0900][24.268s][info][gc,cpu      ] GC(269) User=0.00s Sys=0.00s Real=0.00s
[2026-03-26T14:02:41.908+0900][24.268s][info][gc          ] GC(270) Concurrent Mark Cycle
[2026-03-26T14:02:41.908+0900][24.268s][info][gc,marking  ] GC(270) Concurrent Scan Root Regions
[2026-03-26T14:02:41.908+0900][24.268s][info][gc,marking  ] GC(270) Concurrent Scan Root Regions 0.029ms
[2026-03-26T14:02:41.908+0900][24.269s][info][gc,marking  ] GC(270) Concurrent Mark
[2026-03-26T14:02:41.908+0900][24.269s][info][gc,marking  ] GC(270) Concurrent Mark From Roots
[2026-03-26T14:02:41.908+0900][24.269s][info][gc,task     ] GC(270) Using 3 workers of 3 for marking
[2026-03-26T14:02:41.915+0900][24.270s][info][gc,marking  ] GC(270) Concurrent Mark From Roots 1.719ms
[2026-03-26T14:02:41.915+0900][24.270s][info][gc,marking  ] GC(270) Concurrent Preclean
[2026-03-26T14:02:41.915+0900][24.270s][info][gc,marking  ] GC(270) Concurrent Preclean 0.028ms
[2026-03-26T14:02:41.915+0900][24.270s][info][gc,start    ] GC(270) Pause Remark
[2026-03-26T14:02:41.915+0900][24.272s][info][gc          ] GC(270) Pause Remark 324M->324M(512M) 1.420ms
[2026-03-26T14:02:41.915+0900][24.272s][info][gc,cpu      ] GC(270) User=0.00s Sys=0.00s Real=0.00s
[2026-03-26T14:02:41.915+0900][24.272s][info][gc,marking  ] GC(270) Concurrent Mark 3.591ms
[2026-03-26T14:02:41.915+0900][24.272s][info][gc,marking  ] GC(270) Concurrent Rebuild Remembered Sets and Scrub Regions
[2026-03-26T14:02:41.915+0900][24.273s][info][gc,marking  ] GC(270) Concurrent Rebuild Remembered Sets and Scrub Regions 0.839ms
[2026-03-26T14:02:41.915+0900][24.273s][info][gc,start    ] GC(270) Pause Cleanup
[2026-03-26T14:02:41.915+0900][24.273s][info][gc          ] GC(270) Pause Cleanup 324M->324M(512M) 0.225ms
[2026-03-26T14:02:41.915+0900][24.274s][info][gc,cpu      ] GC(270) User=0.00s Sys=0.00s Real=0.00s
[2026-03-26T14:02:41.915+0900][24.274s][info][gc,marking  ] GC(270) Concurrent Clear Claimed Marks
[2026-03-26T14:02:41.915+0900][24.274s][info][gc,marking  ] GC(270) Concurrent Clear Claimed Marks 0.085ms
[2026-03-26T14:02:41.915+0900][24.274s][info][gc,marking  ] GC(270) Concurrent Cleanup for Next Mark
[2026-03-26T14:02:41.915+0900][24.274s][info][gc,marking  ] GC(270) Concurrent Cleanup for Next Mark 0.535ms
[2026-03-26T14:02:41.915+0900][24.274s][info][gc          ] GC(270) Concurrent Mark Cycle 6.011ms
[2026-03-26T14:02:42.086+0900][24.442s][info][gc,start    ] GC(271) Pause Young (Concurrent Start) (G1 Humongous Allocation)
[2026-03-26T14:02:42.086+0900][24.443s][info][gc,task     ] GC(271) Using 12 workers of 13 for evacuation
[2026-03-26T14:02:42.086+0900][24.445s][info][gc,phases   ] GC(271)   Pre Evacuate Collection Set: 0.6ms
[2026-03-26T14:02:42.086+0900][24.445s][info][gc,phases   ] GC(271)   Merge Heap Roots: 0.2ms
[2026-03-26T14:02:42.086+0900][24.445s][info][gc,phases   ] GC(271)   Evacuate Collection Set: 0.4ms
[2026-03-26T14:02:42.086+0900][24.445s][info][gc,phases   ] GC(271)   Post Evacuate Collection Set: 0.9ms
[2026-03-26T14:02:42.086+0900][24.445s][info][gc,phases   ] GC(271)   Other: 0.2ms
[2026-03-26T14:02:42.086+0900][24.445s][info][gc,heap     ] GC(271) Eden regions: 50->0(160)
[2026-03-26T14:02:42.086+0900][24.445s][info][gc,heap     ] GC(271) Survivor regions: 0->0(21)
[2026-03-26T14:02:42.086+0900][24.445s][info][gc,heap     ] GC(271) Old regions: 1->1
[2026-03-26T14:02:42.086+0900][24.445s][info][gc,heap     ] GC(271) Humongous regions: 324->324
[2026-03-26T14:02:42.086+0900][24.445s][info][gc,metaspace] GC(271) Metaspace: 324K(512K)->324K(512K) NonClass: 307K(384K)->307K(384K) Class: 17K(128K)->17K(128K)
[2026-03-26T14:02:42.086+0900][24.445s][info][gc          ] GC(271) Pause Young (Concurrent Start) (G1 Humongous Allocation) 374M->324M(512M) 2.888ms
[2026-03-26T14:02:42.086+0900][24.445s][info][gc,cpu      ] GC(271) User=0.00s Sys=0.00s Real=0.00s
[2026-03-26T14:02:42.086+0900][24.445s][info][gc          ] GC(272) Concurrent Mark Cycle
[2026-03-26T14:02:42.086+0900][24.446s][info][gc,marking  ] GC(272) Concurrent Scan Root Regions
[2026-03-26T14:02:42.086+0900][24.446s][info][gc,marking  ] GC(272) Concurrent Scan Root Regions 0.035ms
[2026-03-26T14:02:42.086+0900][24.446s][info][gc,marking  ] GC(272) Concurrent Mark
[2026-03-26T14:02:42.086+0900][24.446s][info][gc,marking  ] GC(272) Concurrent Mark From Roots
[2026-03-26T14:02:42.086+0900][24.446s][info][gc,task     ] GC(272) Using 3 workers of 3 for marking
[2026-03-26T14:02:42.091+0900][24.448s][info][gc,marking  ] GC(272) Concurrent Mark From Roots 1.869ms
[2026-03-26T14:02:42.091+0900][24.448s][info][gc,marking  ] GC(272) Concurrent Preclean
[2026-03-26T14:02:42.091+0900][24.448s][info][gc,marking  ] GC(272) Concurrent Preclean 0.033ms
[2026-03-26T14:02:42.091+0900][24.448s][info][gc,start    ] GC(272) Pause Remark
[2026-03-26T14:02:42.091+0900][24.449s][info][gc          ] GC(272) Pause Remark 330M->330M(512M) 1.597ms
[2026-03-26T14:02:42.091+0900][24.450s][info][gc,cpu      ] GC(272) User=0.00s Sys=0.00s Real=0.00s
[2026-03-26T14:02:42.091+0900][24.450s][info][gc,marking  ] GC(272) Concurrent Mark 4.048ms
[2026-03-26T14:02:42.091+0900][24.450s][info][gc,marking  ] GC(272) Concurrent Rebuild Remembered Sets and Scrub Regions
[2026-03-26T14:02:42.091+0900][24.451s][info][gc,marking  ] GC(272) Concurrent Rebuild Remembered Sets and Scrub Regions 0.907ms
[2026-03-26T14:02:42.091+0900][24.451s][info][gc,start    ] GC(272) Pause Cleanup
[2026-03-26T14:02:42.091+0900][24.451s][info][gc          ] GC(272) Pause Cleanup 330M->330M(512M) 0.330ms
[2026-03-26T14:02:42.091+0900][24.451s][info][gc,cpu      ] GC(272) User=0.00s Sys=0.00s Real=0.00s
[2026-03-26T14:02:42.091+0900][24.451s][info][gc,marking  ] GC(272) Concurrent Clear Claimed Marks
[2026-03-26T14:02:42.091+0900][24.452s][info][gc,marking  ] GC(272) Concurrent Clear Claimed Marks 0.096ms
[2026-03-26T14:02:42.091+0900][24.452s][info][gc,marking  ] GC(272) Concurrent Cleanup for Next Mark
[2026-03-26T14:02:42.091+0900][24.452s][info][gc,marking  ] GC(272) Concurrent Cleanup for Next Mark 0.502ms
[2026-03-26T14:02:42.091+0900][24.452s][info][gc          ] GC(272) Concurrent Mark Cycle 6.672ms
[2026-03-26T14:02:42.247+0900][24.603s][info][gc,start    ] GC(273) Pause Young (Concurrent Start) (G1 Humongous Allocation)
[2026-03-26T14:02:42.247+0900][24.604s][info][gc,task     ] GC(273) Using 12 workers of 13 for evacuation
[2026-03-26T14:02:42.247+0900][24.605s][info][gc,phases   ] GC(273)   Pre Evacuate Collection Set: 0.5ms
[2026-03-26T14:02:42.247+0900][24.605s][info][gc,phases   ] GC(273)   Merge Heap Roots: 0.2ms
[2026-03-26T14:02:42.247+0900][24.605s][info][gc,phases   ] GC(273)   Evacuate Collection Set: 0.4ms
[2026-03-26T14:02:42.247+0900][24.605s][info][gc,phases   ] GC(273)   Post Evacuate Collection Set: 0.7ms
[2026-03-26T14:02:42.247+0900][24.605s][info][gc,phases   ] GC(273)   Other: 0.1ms
[2026-03-26T14:02:42.247+0900][24.606s][info][gc,heap     ] GC(273) Eden regions: 50->0(154)
[2026-03-26T14:02:42.247+0900][24.606s][info][gc,heap     ] GC(273) Survivor regions: 0->0(20)
[2026-03-26T14:02:42.247+0900][24.606s][info][gc,heap     ] GC(273) Old regions: 1->1
[2026-03-26T14:02:42.247+0900][24.606s][info][gc,heap     ] GC(273) Humongous regions: 330->330
[2026-03-26T14:02:42.247+0900][24.606s][info][gc,metaspace] GC(273) Metaspace: 324K(512K)->324K(512K) NonClass: 307K(384K)->307K(384K) Class: 17K(128K)->17K(128K)
[2026-03-26T14:02:42.247+0900][24.606s][info][gc          ] GC(273) Pause Young (Concurrent Start) (G1 Humongous Allocation) 380M->330M(512M) 2.260ms
[2026-03-26T14:02:42.247+0900][24.606s][info][gc,cpu      ] GC(273) User=0.00s Sys=0.00s Real=0.00s
[2026-03-26T14:02:42.247+0900][24.606s][info][gc          ] GC(274) Concurrent Mark Cycle
[2026-03-26T14:02:42.247+0900][24.606s][info][gc,marking  ] GC(274) Concurrent Scan Root Regions
[2026-03-26T14:02:42.247+0900][24.606s][info][gc,marking  ] GC(274) Concurrent Scan Root Regions 0.027ms
[2026-03-26T14:02:42.247+0900][24.606s][info][gc,marking  ] GC(274) Concurrent Mark
[2026-03-26T14:02:42.247+0900][24.606s][info][gc,marking  ] GC(274) Concurrent Mark From Roots
[2026-03-26T14:02:42.247+0900][24.606s][info][gc,task     ] GC(274) Using 3 workers of 3 for marking
[2026-03-26T14:02:42.252+0900][24.607s][info][gc,marking  ] GC(274) Concurrent Mark From Roots 1.478ms
[2026-03-26T14:02:42.252+0900][24.608s][info][gc,marking  ] GC(274) Concurrent Preclean
[2026-03-26T14:02:42.252+0900][24.608s][info][gc,marking  ] GC(274) Concurrent Preclean 0.025ms
[2026-03-26T14:02:42.252+0900][24.608s][info][gc,start    ] GC(274) Pause Remark
[2026-03-26T14:02:42.252+0900][24.609s][info][gc          ] GC(274) Pause Remark 336M->336M(512M) 1.328ms
[2026-03-26T14:02:42.252+0900][24.609s][info][gc,cpu      ] GC(274) User=0.00s Sys=0.00s Real=0.00s
[2026-03-26T14:02:42.252+0900][24.609s][info][gc,marking  ] GC(274) Concurrent Mark 3.241ms
[2026-03-26T14:02:42.252+0900][24.609s][info][gc,marking  ] GC(274) Concurrent Rebuild Remembered Sets and Scrub Regions
[2026-03-26T14:02:42.252+0900][24.610s][info][gc,marking  ] GC(274) Concurrent Rebuild Remembered Sets and Scrub Regions 0.826ms
[2026-03-26T14:02:42.252+0900][24.610s][info][gc,start    ] GC(274) Pause Cleanup
[2026-03-26T14:02:42.252+0900][24.611s][info][gc          ] GC(274) Pause Cleanup 336M->336M(512M) 0.228ms
[2026-03-26T14:02:42.252+0900][24.611s][info][gc,cpu      ] GC(274) User=0.00s Sys=0.00s Real=0.00s
[2026-03-26T14:02:42.252+0900][24.611s][info][gc,marking  ] GC(274) Concurrent Clear Claimed Marks
[2026-03-26T14:02:42.252+0900][24.611s][info][gc,marking  ] GC(274) Concurrent Clear Claimed Marks 0.085ms
[2026-03-26T14:02:42.252+0900][24.611s][info][gc,marking  ] GC(274) Concurrent Cleanup for Next Mark
[2026-03-26T14:02:42.252+0900][24.611s][info][gc,marking  ] GC(274) Concurrent Cleanup for Next Mark 0.515ms
[2026-03-26T14:02:42.252+0900][24.611s][info][gc          ] GC(274) Concurrent Mark Cycle 5.605ms
[2026-03-26T14:02:42.407+0900][24.764s][info][gc,start    ] GC(275) Pause Young (Concurrent Start) (G1 Humongous Allocation)
[2026-03-26T14:02:42.407+0900][24.764s][info][gc,task     ] GC(275) Using 12 workers of 13 for evacuation
[2026-03-26T14:02:42.407+0900][24.766s][info][gc,phases   ] GC(275)   Pre Evacuate Collection Set: 0.5ms
[2026-03-26T14:02:42.407+0900][24.766s][info][gc,phases   ] GC(275)   Merge Heap Roots: 0.2ms
[2026-03-26T14:02:42.407+0900][24.766s][info][gc,phases   ] GC(275)   Evacuate Collection Set: 0.5ms
[2026-03-26T14:02:42.407+0900][24.766s][info][gc,phases   ] GC(275)   Post Evacuate Collection Set: 0.4ms
[2026-03-26T14:02:42.407+0900][24.766s][info][gc,phases   ] GC(275)   Other: 0.5ms
[2026-03-26T14:02:42.407+0900][24.766s][info][gc,heap     ] GC(275) Eden regions: 50->0(148)
[2026-03-26T14:02:42.407+0900][24.766s][info][gc,heap     ] GC(275) Survivor regions: 0->0(20)
[2026-03-26T14:02:42.407+0900][24.766s][info][gc,heap     ] GC(275) Old regions: 1->1
[2026-03-26T14:02:42.407+0900][24.766s][info][gc,heap     ] GC(275) Humongous regions: 336->336
[2026-03-26T14:02:42.407+0900][24.766s][info][gc,metaspace] GC(275) Metaspace: 324K(512K)->324K(512K) NonClass: 307K(384K)->307K(384K) Class: 17K(128K)->17K(128K)
[2026-03-26T14:02:42.407+0900][24.766s][info][gc          ] GC(275) Pause Young (Concurrent Start) (G1 Humongous Allocation) 386M->336M(512M) 2.651ms
[2026-03-26T14:02:42.407+0900][24.766s][info][gc,cpu      ] GC(275) User=0.00s Sys=0.00s Real=0.00s
[2026-03-26T14:02:42.407+0900][24.767s][info][gc          ] GC(276) Concurrent Mark Cycle
[2026-03-26T14:02:42.407+0900][24.767s][info][gc,marking  ] GC(276) Concurrent Scan Root Regions
[2026-03-26T14:02:42.407+0900][24.767s][info][gc,marking  ] GC(276) Concurrent Scan Root Regions 0.030ms
[2026-03-26T14:02:42.407+0900][24.767s][info][gc,marking  ] GC(276) Concurrent Mark
[2026-03-26T14:02:42.407+0900][24.767s][info][gc,marking  ] GC(276) Concurrent Mark From Roots
[2026-03-26T14:02:42.407+0900][24.767s][info][gc,task     ] GC(276) Using 3 workers of 3 for marking
[2026-03-26T14:02:42.412+0900][24.769s][info][gc,marking  ] GC(276) Concurrent Mark From Roots 1.797ms
[2026-03-26T14:02:42.412+0900][24.769s][info][gc,marking  ] GC(276) Concurrent Preclean
[2026-03-26T14:02:42.412+0900][24.769s][info][gc,marking  ] GC(276) Concurrent Preclean 0.029ms
[2026-03-26T14:02:42.412+0900][24.769s][info][gc,start    ] GC(276) Pause Remark
[2026-03-26T14:02:42.412+0900][24.770s][info][gc          ] GC(276) Pause Remark 342M->342M(512M) 1.540ms
[2026-03-26T14:02:42.412+0900][24.770s][info][gc,cpu      ] GC(276) User=0.00s Sys=0.00s Real=0.00s
[2026-03-26T14:02:42.412+0900][24.771s][info][gc,marking  ] GC(276) Concurrent Mark 3.817ms
[2026-03-26T14:02:42.412+0900][24.771s][info][gc,marking  ] GC(276) Concurrent Rebuild Remembered Sets and Scrub Regions
[2026-03-26T14:02:42.412+0900][24.772s][info][gc,marking  ] GC(276) Concurrent Rebuild Remembered Sets and Scrub Regions 0.903ms
[2026-03-26T14:02:42.412+0900][24.772s][info][gc,start    ] GC(276) Pause Cleanup
[2026-03-26T14:02:42.412+0900][24.772s][info][gc          ] GC(276) Pause Cleanup 342M->342M(512M) 0.257ms
[2026-03-26T14:02:42.412+0900][24.772s][info][gc,cpu      ] GC(276) User=0.00s Sys=0.00s Real=0.00s
[2026-03-26T14:02:42.412+0900][24.772s][info][gc,marking  ] GC(276) Concurrent Clear Claimed Marks
[2026-03-26T14:02:42.412+0900][24.772s][info][gc,marking  ] GC(276) Concurrent Clear Claimed Marks 0.091ms
[2026-03-26T14:02:42.412+0900][24.772s][info][gc,marking  ] GC(276) Concurrent Cleanup for Next Mark
[2026-03-26T14:02:42.412+0900][24.773s][info][gc,marking  ] GC(276) Concurrent Cleanup for Next Mark 0.554ms
[2026-03-26T14:02:42.412+0900][24.773s][info][gc          ] GC(276) Concurrent Mark Cycle 6.418ms
[2026-03-26T14:02:42.569+0900][24.925s][info][gc,start    ] GC(277) Pause Young (Concurrent Start) (G1 Humongous Allocation)
[2026-03-26T14:02:42.569+0900][24.926s][info][gc,task     ] GC(277) Using 12 workers of 13 for evacuation
[2026-03-26T14:02:42.571+0900][24.927s][info][gc,phases   ] GC(277)   Pre Evacuate Collection Set: 0.3ms
[2026-03-26T14:02:42.571+0900][24.927s][info][gc,phases   ] GC(277)   Merge Heap Roots: 0.1ms
[2026-03-26T14:02:42.571+0900][24.927s][info][gc,phases   ] GC(277)   Evacuate Collection Set: 0.4ms
[2026-03-26T14:02:42.571+0900][24.927s][info][gc,phases   ] GC(277)   Post Evacuate Collection Set: 0.3ms
[2026-03-26T14:02:42.571+0900][24.927s][info][gc,phases   ] GC(277)   Other: 0.1ms
[2026-03-26T14:02:42.571+0900][24.927s][info][gc,heap     ] GC(277) Eden regions: 50->0(142)
[2026-03-26T14:02:42.571+0900][24.927s][info][gc,heap     ] GC(277) Survivor regions: 0->0(19)
[2026-03-26T14:02:42.571+0900][24.927s][info][gc,heap     ] GC(277) Old regions: 1->1
[2026-03-26T14:02:42.571+0900][24.927s][info][gc,heap     ] GC(277) Humongous regions: 342->342
[2026-03-26T14:02:42.571+0900][24.927s][info][gc,metaspace] GC(277) Metaspace: 324K(512K)->324K(512K) NonClass: 307K(384K)->307K(384K) Class: 17K(128K)->17K(128K)
[2026-03-26T14:02:42.571+0900][24.927s][info][gc          ] GC(277) Pause Young (Concurrent Start) (G1 Humongous Allocation) 392M->342M(512M) 1.764ms
[2026-03-26T14:02:42.571+0900][24.927s][info][gc,cpu      ] GC(277) User=0.00s Sys=0.00s Real=0.00s
[2026-03-26T14:02:42.571+0900][24.927s][info][gc          ] GC(278) Concurrent Mark Cycle
[2026-03-26T14:02:42.571+0900][24.927s][info][gc,marking  ] GC(278) Concurrent Scan Root Regions
[2026-03-26T14:02:42.571+0900][24.927s][info][gc,marking  ] GC(278) Concurrent Scan Root Regions 0.025ms
[2026-03-26T14:02:42.571+0900][24.927s][info][gc,marking  ] GC(278) Concurrent Mark
[2026-03-26T14:02:42.571+0900][24.927s][info][gc,marking  ] GC(278) Concurrent Mark From Roots
[2026-03-26T14:02:42.571+0900][24.927s][info][gc,task     ] GC(278) Using 3 workers of 3 for marking
[2026-03-26T14:02:42.573+0900][24.929s][info][gc,marking  ] GC(278) Concurrent Mark From Roots 1.972ms
[2026-03-26T14:02:42.573+0900][24.929s][info][gc,marking  ] GC(278) Concurrent Preclean
[2026-03-26T14:02:42.573+0900][24.929s][info][gc,marking  ] GC(278) Concurrent Preclean 0.028ms
[2026-03-26T14:02:42.573+0900][24.930s][info][gc,start    ] GC(278) Pause Remark
[2026-03-26T14:02:42.573+0900][24.930s][info][gc          ] GC(278) Pause Remark 342M->342M(512M) 0.747ms
[2026-03-26T14:02:42.573+0900][24.930s][info][gc,cpu      ] GC(278) User=0.00s Sys=0.00s Real=0.00s
[2026-03-26T14:02:42.573+0900][24.930s][info][gc,marking  ] GC(278) Concurrent Mark 2.965ms
[2026-03-26T14:02:42.573+0900][24.930s][info][gc,marking  ] GC(278) Concurrent Rebuild Remembered Sets and Scrub Regions
[2026-03-26T14:02:42.575+0900][24.932s][info][gc,marking  ] GC(278) Concurrent Rebuild Remembered Sets and Scrub Regions 1.563ms
[2026-03-26T14:02:42.575+0900][24.932s][info][gc,start    ] GC(278) Pause Cleanup
[2026-03-26T14:02:42.575+0900][24.932s][info][gc          ] GC(278) Pause Cleanup 342M->342M(512M) 0.126ms
[2026-03-26T14:02:42.575+0900][24.932s][info][gc,cpu      ] GC(278) User=0.00s Sys=0.00s Real=0.00s
[2026-03-26T14:02:42.575+0900][24.932s][info][gc,marking  ] GC(278) Concurrent Clear Claimed Marks
[2026-03-26T14:02:42.575+0900][24.932s][info][gc,marking  ] GC(278) Concurrent Clear Claimed Marks 0.024ms
[2026-03-26T14:02:42.575+0900][24.932s][info][gc,marking  ] GC(278) Concurrent Cleanup for Next Mark
[2026-03-26T14:02:42.577+0900][24.933s][info][gc,marking  ] GC(278) Concurrent Cleanup for Next Mark 0.891ms
[2026-03-26T14:02:42.577+0900][24.933s][info][gc          ] GC(278) Concurrent Mark Cycle 5.888ms
[2026-03-26T14:02:42.748+0900][25.104s][info][gc,start    ] GC(279) Pause Young (Concurrent Start) (G1 Humongous Allocation)
[2026-03-26T14:02:42.748+0900][25.104s][info][gc,task     ] GC(279) Using 12 workers of 13 for evacuation
[2026-03-26T14:02:42.750+0900][25.106s][info][gc,phases   ] GC(279)   Pre Evacuate Collection Set: 0.3ms
[2026-03-26T14:02:42.750+0900][25.106s][info][gc,phases   ] GC(279)   Merge Heap Roots: 0.2ms
[2026-03-26T14:02:42.750+0900][25.106s][info][gc,phases   ] GC(279)   Evacuate Collection Set: 0.5ms
[2026-03-26T14:02:42.750+0900][25.106s][info][gc,phases   ] GC(279)   Post Evacuate Collection Set: 0.3ms
[2026-03-26T14:02:42.750+0900][25.106s][info][gc,phases   ] GC(279)   Other: 0.1ms
[2026-03-26T14:02:42.750+0900][25.106s][info][gc,heap     ] GC(279) Eden regions: 50->0(136)
[2026-03-26T14:02:42.750+0900][25.106s][info][gc,heap     ] GC(279) Survivor regions: 0->0(18)
[2026-03-26T14:02:42.750+0900][25.106s][info][gc,heap     ] GC(279) Old regions: 1->1
[2026-03-26T14:02:42.750+0900][25.106s][info][gc,heap     ] GC(279) Humongous regions: 348->348
[2026-03-26T14:02:42.750+0900][25.106s][info][gc,metaspace] GC(279) Metaspace: 324K(512K)->324K(512K) NonClass: 307K(384K)->307K(384K) Class: 17K(128K)->17K(128K)
[2026-03-26T14:02:42.750+0900][25.106s][info][gc          ] GC(279) Pause Young (Concurrent Start) (G1 Humongous Allocation) 398M->348M(512M) 1.970ms
[2026-03-26T14:02:42.750+0900][25.106s][info][gc,cpu      ] GC(279) User=0.00s Sys=0.00s Real=0.00s
[2026-03-26T14:02:42.750+0900][25.106s][info][gc          ] GC(280) Concurrent Mark Cycle
[2026-03-26T14:02:42.750+0900][25.106s][info][gc,marking  ] GC(280) Concurrent Scan Root Regions
[2026-03-26T14:02:42.750+0900][25.106s][info][gc,marking  ] GC(280) Concurrent Scan Root Regions 0.026ms
[2026-03-26T14:02:42.750+0900][25.106s][info][gc,marking  ] GC(280) Concurrent Mark
[2026-03-26T14:02:42.750+0900][25.106s][info][gc,marking  ] GC(280) Concurrent Mark From Roots
[2026-03-26T14:02:42.750+0900][25.106s][info][gc,task     ] GC(280) Using 3 workers of 3 for marking
[2026-03-26T14:02:42.752+0900][25.108s][info][gc,marking  ] GC(280) Concurrent Mark From Roots 1.977ms
[2026-03-26T14:02:42.752+0900][25.108s][info][gc,marking  ] GC(280) Concurrent Preclean
[2026-03-26T14:02:42.752+0900][25.108s][info][gc,marking  ] GC(280) Concurrent Preclean 0.027ms
[2026-03-26T14:02:42.752+0900][25.108s][info][gc,start    ] GC(280) Pause Remark
[2026-03-26T14:02:42.754+0900][25.109s][info][gc          ] GC(280) Pause Remark 348M->348M(512M) 0.809ms
[2026-03-26T14:02:42.754+0900][25.109s][info][gc,cpu      ] GC(280) User=0.00s Sys=0.00s Real=0.00s
[2026-03-26T14:02:42.754+0900][25.109s][info][gc,marking  ] GC(280) Concurrent Mark 3.175ms
[2026-03-26T14:02:42.754+0900][25.109s][info][gc,marking  ] GC(280) Concurrent Rebuild Remembered Sets and Scrub Regions
[2026-03-26T14:02:42.754+0900][25.110s][info][gc,marking  ] GC(280) Concurrent Rebuild Remembered Sets and Scrub Regions 0.675ms
[2026-03-26T14:02:42.754+0900][25.110s][info][gc,start    ] GC(280) Pause Cleanup
[2026-03-26T14:02:42.754+0900][25.110s][info][gc          ] GC(280) Pause Cleanup 348M->348M(512M) 0.113ms
[2026-03-26T14:02:42.754+0900][25.110s][info][gc,cpu      ] GC(280) User=0.00s Sys=0.00s Real=0.00s
[2026-03-26T14:02:42.754+0900][25.110s][info][gc,marking  ] GC(280) Concurrent Clear Claimed Marks
[2026-03-26T14:02:42.754+0900][25.110s][info][gc,marking  ] GC(280) Concurrent Clear Claimed Marks 0.024ms
[2026-03-26T14:02:42.754+0900][25.110s][info][gc,marking  ] GC(280) Concurrent Cleanup for Next Mark
[2026-03-26T14:02:42.756+0900][25.111s][info][gc,marking  ] GC(280) Concurrent Cleanup for Next Mark 0.842ms
[2026-03-26T14:02:42.756+0900][25.111s][info][gc          ] GC(280) Concurrent Mark Cycle 5.106ms
[2026-03-26T14:02:42.931+0900][25.287s][info][gc,start    ] GC(281) Pause Young (Concurrent Start) (G1 Humongous Allocation)
[2026-03-26T14:02:42.931+0900][25.287s][info][gc,task     ] GC(281) Using 12 workers of 13 for evacuation
[2026-03-26T14:02:42.932+0900][25.288s][info][gc,phases   ] GC(281)   Pre Evacuate Collection Set: 0.2ms
[2026-03-26T14:02:42.932+0900][25.288s][info][gc,phases   ] GC(281)   Merge Heap Roots: 0.1ms
[2026-03-26T14:02:42.932+0900][25.288s][info][gc,phases   ] GC(281)   Evacuate Collection Set: 0.2ms
[2026-03-26T14:02:42.932+0900][25.288s][info][gc,phases   ] GC(281)   Post Evacuate Collection Set: 0.2ms
[2026-03-26T14:02:42.932+0900][25.288s][info][gc,phases   ] GC(281)   Other: 0.1ms
[2026-03-26T14:02:42.932+0900][25.288s][info][gc,heap     ] GC(281) Eden regions: 50->0(130)
[2026-03-26T14:02:42.932+0900][25.288s][info][gc,heap     ] GC(281) Survivor regions: 0->0(17)
[2026-03-26T14:02:42.932+0900][25.288s][info][gc,heap     ] GC(281) Old regions: 1->1
[2026-03-26T14:02:42.932+0900][25.288s][info][gc,heap     ] GC(281) Humongous regions: 354->354
[2026-03-26T14:02:42.932+0900][25.288s][info][gc,metaspace] GC(281) Metaspace: 324K(512K)->324K(512K) NonClass: 307K(384K)->307K(384K) Class: 17K(128K)->17K(128K)
[2026-03-26T14:02:42.932+0900][25.288s][info][gc          ] GC(281) Pause Young (Concurrent Start) (G1 Humongous Allocation) 404M->354M(512M) 1.195ms
[2026-03-26T14:02:42.932+0900][25.288s][info][gc,cpu      ] GC(281) User=0.00s Sys=0.00s Real=0.00s
[2026-03-26T14:02:42.932+0900][25.288s][info][gc          ] GC(282) Concurrent Mark Cycle
[2026-03-26T14:02:42.933+0900][25.288s][info][gc,marking  ] GC(282) Concurrent Scan Root Regions
[2026-03-26T14:02:42.933+0900][25.288s][info][gc,marking  ] GC(282) Concurrent Scan Root Regions 0.020ms
[2026-03-26T14:02:42.933+0900][25.288s][info][gc,marking  ] GC(282) Concurrent Mark
[2026-03-26T14:02:42.933+0900][25.288s][info][gc,marking  ] GC(282) Concurrent Mark From Roots
[2026-03-26T14:02:42.933+0900][25.288s][info][gc,task     ] GC(282) Using 3 workers of 3 for marking
[2026-03-26T14:02:42.933+0900][25.289s][info][gc,marking  ] GC(282) Concurrent Mark From Roots 1.129ms
[2026-03-26T14:02:42.933+0900][25.289s][info][gc,marking  ] GC(282) Concurrent Preclean
[2026-03-26T14:02:42.933+0900][25.289s][info][gc,marking  ] GC(282) Concurrent Preclean 0.019ms
[2026-03-26T14:02:42.933+0900][25.289s][info][gc,start    ] GC(282) Pause Remark
[2026-03-26T14:02:42.934+0900][25.290s][info][gc          ] GC(282) Pause Remark 354M->354M(512M) 0.581ms
[2026-03-26T14:02:42.934+0900][25.290s][info][gc,cpu      ] GC(282) User=0.00s Sys=0.00s Real=0.00s
[2026-03-26T14:02:42.934+0900][25.290s][info][gc,marking  ] GC(282) Concurrent Mark 1.967ms
[2026-03-26T14:02:42.934+0900][25.290s][info][gc,marking  ] GC(282) Concurrent Rebuild Remembered Sets and Scrub Regions
[2026-03-26T14:02:42.935+0900][25.291s][info][gc,marking  ] GC(282) Concurrent Rebuild Remembered Sets and Scrub Regions 0.450ms
[2026-03-26T14:02:42.935+0900][25.291s][info][gc,start    ] GC(282) Pause Cleanup
[2026-03-26T14:02:42.935+0900][25.291s][info][gc          ] GC(282) Pause Cleanup 354M->354M(512M) 0.088ms
[2026-03-26T14:02:42.935+0900][25.291s][info][gc,cpu      ] GC(282) User=0.00s Sys=0.00s Real=0.00s
[2026-03-26T14:02:42.935+0900][25.291s][info][gc,marking  ] GC(282) Concurrent Clear Claimed Marks
[2026-03-26T14:02:42.935+0900][25.291s][info][gc,marking  ] GC(282) Concurrent Clear Claimed Marks 0.026ms
[2026-03-26T14:02:42.935+0900][25.291s][info][gc,marking  ] GC(282) Concurrent Cleanup for Next Mark
[2026-03-26T14:02:42.935+0900][25.291s][info][gc,marking  ] GC(282) Concurrent Cleanup for Next Mark 0.386ms
[2026-03-26T14:02:42.936+0900][25.291s][info][gc          ] GC(282) Concurrent Mark Cycle 3.218ms
[2026-03-26T14:02:43.092+0900][25.449s][info][gc,start    ] GC(283) Pause Young (Concurrent Start) (G1 Humongous Allocation)
[2026-03-26T14:02:43.092+0900][25.449s][info][gc,task     ] GC(283) Using 12 workers of 13 for evacuation
[2026-03-26T14:02:43.092+0900][25.450s][info][gc,phases   ] GC(283)   Pre Evacuate Collection Set: 0.1ms
[2026-03-26T14:02:43.092+0900][25.450s][info][gc,phases   ] GC(283)   Merge Heap Roots: 0.1ms
[2026-03-26T14:02:43.092+0900][25.450s][info][gc,phases   ] GC(283)   Evacuate Collection Set: 0.3ms
[2026-03-26T14:02:43.092+0900][25.450s][info][gc,phases   ] GC(283)   Post Evacuate Collection Set: 0.1ms
[2026-03-26T14:02:43.092+0900][25.450s][info][gc,phases   ] GC(283)   Other: 0.1ms
[2026-03-26T14:02:43.092+0900][25.450s][info][gc,heap     ] GC(283) Eden regions: 50->0(124)
[2026-03-26T14:02:43.092+0900][25.450s][info][gc,heap     ] GC(283) Survivor regions: 0->0(17)
[2026-03-26T14:02:43.092+0900][25.450s][info][gc,heap     ] GC(283) Old regions: 1->1
[2026-03-26T14:02:43.092+0900][25.450s][info][gc,heap     ] GC(283) Humongous regions: 360->360
[2026-03-26T14:02:43.092+0900][25.450s][info][gc,metaspace] GC(283) Metaspace: 324K(512K)->324K(512K) NonClass: 307K(384K)->307K(384K) Class: 17K(128K)->17K(128K)
[2026-03-26T14:02:43.092+0900][25.450s][info][gc          ] GC(283) Pause Young (Concurrent Start) (G1 Humongous Allocation) 410M->360M(512M) 0.974ms
[2026-03-26T14:02:43.094+0900][25.450s][info][gc,cpu      ] GC(283) User=0.00s Sys=0.00s Real=0.00s
[2026-03-26T14:02:43.094+0900][25.450s][info][gc          ] GC(284) Concurrent Mark Cycle
[2026-03-26T14:02:43.094+0900][25.450s][info][gc,marking  ] GC(284) Concurrent Scan Root Regions
[2026-03-26T14:02:43.094+0900][25.450s][info][gc,marking  ] GC(284) Concurrent Scan Root Regions 0.012ms
[2026-03-26T14:02:43.094+0900][25.450s][info][gc,marking  ] GC(284) Concurrent Mark
[2026-03-26T14:02:43.094+0900][25.450s][info][gc,marking  ] GC(284) Concurrent Mark From Roots
[2026-03-26T14:02:43.094+0900][25.450s][info][gc,task     ] GC(284) Using 3 workers of 3 for marking
[2026-03-26T14:02:43.094+0900][25.451s][info][gc,marking  ] GC(284) Concurrent Mark From Roots 0.924ms
[2026-03-26T14:02:43.094+0900][25.451s][info][gc,marking  ] GC(284) Concurrent Preclean
[2026-03-26T14:02:43.094+0900][25.451s][info][gc,marking  ] GC(284) Concurrent Preclean 0.015ms
[2026-03-26T14:02:43.094+0900][25.451s][info][gc,start    ] GC(284) Pause Remark
[2026-03-26T14:02:43.094+0900][25.452s][info][gc          ] GC(284) Pause Remark 366M->366M(512M) 0.679ms
[2026-03-26T14:02:43.094+0900][25.452s][info][gc,cpu      ] GC(284) User=0.00s Sys=0.00s Real=0.00s
[2026-03-26T14:02:43.094+0900][25.452s][info][gc,marking  ] GC(284) Concurrent Mark 1.854ms
[2026-03-26T14:02:43.094+0900][25.452s][info][gc,marking  ] GC(284) Concurrent Rebuild Remembered Sets and Scrub Regions
[2026-03-26T14:02:43.094+0900][25.452s][info][gc,marking  ] GC(284) Concurrent Rebuild Remembered Sets and Scrub Regions 0.433ms
[2026-03-26T14:02:43.094+0900][25.452s][info][gc,start    ] GC(284) Pause Cleanup
[2026-03-26T14:02:43.094+0900][25.452s][info][gc          ] GC(284) Pause Cleanup 366M->366M(512M) 0.113ms
[2026-03-26T14:02:43.094+0900][25.452s][info][gc,cpu      ] GC(284) User=0.00s Sys=0.00s Real=0.00s
[2026-03-26T14:02:43.094+0900][25.452s][info][gc,marking  ] GC(284) Concurrent Clear Claimed Marks
[2026-03-26T14:02:43.094+0900][25.452s][info][gc,marking  ] GC(284) Concurrent Clear Claimed Marks 0.045ms
[2026-03-26T14:02:43.094+0900][25.453s][info][gc,marking  ] GC(284) Concurrent Cleanup for Next Mark
[2026-03-26T14:02:43.094+0900][25.453s][info][gc,marking  ] GC(284) Concurrent Cleanup for Next Mark 0.383ms
[2026-03-26T14:02:43.094+0900][25.453s][info][gc          ] GC(284) Concurrent Mark Cycle 3.144ms
[2026-03-26T14:02:43.251+0900][25.607s][info][gc,start    ] GC(285) Pause Young (Concurrent Start) (G1 Humongous Allocation)
[2026-03-26T14:02:43.251+0900][25.607s][info][gc,task     ] GC(285) Using 12 workers of 13 for evacuation
[2026-03-26T14:02:43.251+0900][25.608s][info][gc,phases   ] GC(285)   Pre Evacuate Collection Set: 0.1ms
[2026-03-26T14:02:43.251+0900][25.608s][info][gc,phases   ] GC(285)   Merge Heap Roots: 0.1ms
[2026-03-26T14:02:43.251+0900][25.608s][info][gc,phases   ] GC(285)   Evacuate Collection Set: 0.3ms
[2026-03-26T14:02:43.251+0900][25.608s][info][gc,phases   ] GC(285)   Post Evacuate Collection Set: 0.2ms
[2026-03-26T14:02:43.251+0900][25.608s][info][gc,phases   ] GC(285)   Other: 0.1ms
[2026-03-26T14:02:43.251+0900][25.608s][info][gc,heap     ] GC(285) Eden regions: 50->0(208)
[2026-03-26T14:02:43.251+0900][25.608s][info][gc,heap     ] GC(285) Survivor regions: 0->0(16)
[2026-03-26T14:02:43.251+0900][25.608s][info][gc,heap     ] GC(285) Old regions: 1->1
[2026-03-26T14:02:43.251+0900][25.608s][info][gc,heap     ] GC(285) Humongous regions: 366->276
[2026-03-26T14:02:43.251+0900][25.608s][info][gc,metaspace] GC(285) Metaspace: 324K(512K)->324K(512K) NonClass: 307K(384K)->307K(384K) Class: 17K(128K)->17K(128K)
[2026-03-26T14:02:43.251+0900][25.608s][info][gc          ] GC(285) Pause Young (Concurrent Start) (G1 Humongous Allocation) 416M->276M(512M) 0.974ms
[2026-03-26T14:02:43.253+0900][25.608s][info][gc,cpu      ] GC(285) User=0.00s Sys=0.00s Real=0.00s
[2026-03-26T14:02:43.253+0900][25.608s][info][gc          ] GC(286) Concurrent Mark Cycle
[2026-03-26T14:02:43.253+0900][25.608s][info][gc,marking  ] GC(286) Concurrent Scan Root Regions
[2026-03-26T14:02:43.253+0900][25.608s][info][gc,marking  ] GC(286) Concurrent Scan Root Regions 0.013ms
[2026-03-26T14:02:43.253+0900][25.608s][info][gc,marking  ] GC(286) Concurrent Mark
[2026-03-26T14:02:43.253+0900][25.608s][info][gc,marking  ] GC(286) Concurrent Mark From Roots
[2026-03-26T14:02:43.253+0900][25.608s][info][gc,task     ] GC(286) Using 3 workers of 3 for marking
[2026-03-26T14:02:43.253+0900][25.609s][info][gc,marking  ] GC(286) Concurrent Mark From Roots 1.022ms
[2026-03-26T14:02:43.253+0900][25.609s][info][gc,marking  ] GC(286) Concurrent Preclean
[2026-03-26T14:02:43.253+0900][25.609s][info][gc,marking  ] GC(286) Concurrent Preclean 0.013ms
[2026-03-26T14:02:43.253+0900][25.610s][info][gc,start    ] GC(286) Pause Remark
[2026-03-26T14:02:43.253+0900][25.610s][info][gc          ] GC(286) Pause Remark 276M->276M(512M) 0.527ms
[2026-03-26T14:02:43.253+0900][25.610s][info][gc,cpu      ] GC(286) User=0.00s Sys=0.00s Real=0.00s
[2026-03-26T14:02:43.253+0900][25.610s][info][gc,marking  ] GC(286) Concurrent Mark 1.733ms
[2026-03-26T14:02:43.253+0900][25.610s][info][gc,marking  ] GC(286) Concurrent Rebuild Remembered Sets and Scrub Regions
[2026-03-26T14:02:43.255+0900][25.611s][info][gc,marking  ] GC(286) Concurrent Rebuild Remembered Sets and Scrub Regions 0.410ms
[2026-03-26T14:02:43.255+0900][25.611s][info][gc,start    ] GC(286) Pause Cleanup
[2026-03-26T14:02:43.255+0900][25.611s][info][gc          ] GC(286) Pause Cleanup 276M->276M(512M) 0.062ms
[2026-03-26T14:02:43.255+0900][25.611s][info][gc,cpu      ] GC(286) User=0.00s Sys=0.00s Real=0.00s
[2026-03-26T14:02:43.255+0900][25.611s][info][gc,marking  ] GC(286) Concurrent Clear Claimed Marks
[2026-03-26T14:02:43.255+0900][25.611s][info][gc,marking  ] GC(286) Concurrent Clear Claimed Marks 0.013ms
[2026-03-26T14:02:43.255+0900][25.611s][info][gc,marking  ] GC(286) Concurrent Cleanup for Next Mark
[2026-03-26T14:02:43.255+0900][25.611s][info][gc,marking  ] GC(286) Concurrent Cleanup for Next Mark 0.665ms
[2026-03-26T14:02:43.255+0900][25.611s][info][gc          ] GC(286) Concurrent Mark Cycle 3.048ms
[2026-03-26T14:02:43.411+0900][25.768s][info][gc,start    ] GC(287) Pause Young (Concurrent Start) (G1 Humongous Allocation)
[2026-03-26T14:02:43.411+0900][25.768s][info][gc,task     ] GC(287) Using 12 workers of 13 for evacuation
[2026-03-26T14:02:43.411+0900][25.770s][info][gc,phases   ] GC(287)   Pre Evacuate Collection Set: 0.6ms
[2026-03-26T14:02:43.411+0900][25.770s][info][gc,phases   ] GC(287)   Merge Heap Roots: 0.3ms
[2026-03-26T14:02:43.411+0900][25.770s][info][gc,phases   ] GC(287)   Evacuate Collection Set: 0.6ms
[2026-03-26T14:02:43.411+0900][25.770s][info][gc,phases   ] GC(287)   Post Evacuate Collection Set: 0.6ms
[2026-03-26T14:02:43.411+0900][25.770s][info][gc,phases   ] GC(287)   Other: 0.4ms
[2026-03-26T14:02:43.411+0900][25.771s][info][gc,heap     ] GC(287) Eden regions: 50->0(202)
[2026-03-26T14:02:43.411+0900][25.771s][info][gc,heap     ] GC(287) Survivor regions: 0->0(26)
[2026-03-26T14:02:43.411+0900][25.771s][info][gc,heap     ] GC(287) Old regions: 1->1
[2026-03-26T14:02:43.411+0900][25.771s][info][gc,heap     ] GC(287) Humongous regions: 282->282
[2026-03-26T14:02:43.411+0900][25.771s][info][gc,metaspace] GC(287) Metaspace: 324K(512K)->324K(512K) NonClass: 307K(384K)->307K(384K) Class: 17K(128K)->17K(128K)
[2026-03-26T14:02:43.411+0900][25.771s][info][gc          ] GC(287) Pause Young (Concurrent Start) (G1 Humongous Allocation) 332M->282M(512M) 3.126ms
[2026-03-26T14:02:43.411+0900][25.771s][info][gc,cpu      ] GC(287) User=0.00s Sys=0.00s Real=0.00s
[2026-03-26T14:02:43.411+0900][25.771s][info][gc          ] GC(288) Concurrent Mark Cycle
[2026-03-26T14:02:43.411+0900][25.771s][info][gc,marking  ] GC(288) Concurrent Scan Root Regions
[2026-03-26T14:02:43.411+0900][25.771s][info][gc,marking  ] GC(288) Concurrent Scan Root Regions 0.038ms
[2026-03-26T14:02:43.411+0900][25.771s][info][gc,marking  ] GC(288) Concurrent Mark
[2026-03-26T14:02:43.411+0900][25.771s][info][gc,marking  ] GC(288) Concurrent Mark From Roots
[2026-03-26T14:02:43.411+0900][25.771s][info][gc,task     ] GC(288) Using 3 workers of 3 for marking
[2026-03-26T14:02:43.417+0900][25.773s][info][gc,marking  ] GC(288) Concurrent Mark From Roots 1.839ms
[2026-03-26T14:02:43.417+0900][25.773s][info][gc,marking  ] GC(288) Concurrent Preclean
[2026-03-26T14:02:43.417+0900][25.773s][info][gc,marking  ] GC(288) Concurrent Preclean 0.040ms
[2026-03-26T14:02:43.417+0900][25.773s][info][gc,start    ] GC(288) Pause Remark
[2026-03-26T14:02:43.417+0900][25.775s][info][gc          ] GC(288) Pause Remark 288M->288M(512M) 1.434ms
[2026-03-26T14:02:43.417+0900][25.775s][info][gc,cpu      ] GC(288) User=0.00s Sys=0.00s Real=0.00s
[2026-03-26T14:02:43.417+0900][25.775s][info][gc,marking  ] GC(288) Concurrent Mark 3.747ms
[2026-03-26T14:02:43.417+0900][25.775s][info][gc,marking  ] GC(288) Concurrent Rebuild Remembered Sets and Scrub Regions
[2026-03-26T14:02:43.417+0900][25.776s][info][gc,marking  ] GC(288) Concurrent Rebuild Remembered Sets and Scrub Regions 0.798ms
[2026-03-26T14:02:43.417+0900][25.776s][info][gc,start    ] GC(288) Pause Cleanup
[2026-03-26T14:02:43.417+0900][25.776s][info][gc          ] GC(288) Pause Cleanup 288M->288M(512M) 0.216ms
[2026-03-26T14:02:43.417+0900][25.776s][info][gc,cpu      ] GC(288) User=0.00s Sys=0.00s Real=0.00s
[2026-03-26T14:02:43.417+0900][25.776s][info][gc,marking  ] GC(288) Concurrent Clear Claimed Marks
[2026-03-26T14:02:43.417+0900][25.776s][info][gc,marking  ] GC(288) Concurrent Clear Claimed Marks 0.081ms
[2026-03-26T14:02:43.417+0900][25.776s][info][gc,marking  ] GC(288) Concurrent Cleanup for Next Mark
[2026-03-26T14:02:43.417+0900][25.777s][info][gc,marking  ] GC(288) Concurrent Cleanup for Next Mark 0.514ms
[2026-03-26T14:02:43.417+0900][25.777s][info][gc          ] GC(288) Concurrent Mark Cycle 6.091ms
[2026-03-26T14:02:43.576+0900][25.934s][info][gc,start    ] GC(289) Pause Young (Concurrent Start) (G1 Humongous Allocation)
[2026-03-26T14:02:43.578+0900][25.934s][info][gc,task     ] GC(289) Using 12 workers of 13 for evacuation
[2026-03-26T14:02:43.579+0900][25.935s][info][gc,phases   ] GC(289)   Pre Evacuate Collection Set: 0.3ms
[2026-03-26T14:02:43.579+0900][25.935s][info][gc,phases   ] GC(289)   Merge Heap Roots: 0.1ms
[2026-03-26T14:02:43.579+0900][25.935s][info][gc,phases   ] GC(289)   Evacuate Collection Set: 0.3ms
[2026-03-26T14:02:43.579+0900][25.935s][info][gc,phases   ] GC(289)   Post Evacuate Collection Set: 0.4ms
[2026-03-26T14:02:43.579+0900][25.935s][info][gc,phases   ] GC(289)   Other: 0.1ms
[2026-03-26T14:02:43.579+0900][25.935s][info][gc,heap     ] GC(289) Eden regions: 50->0(196)
[2026-03-26T14:02:43.579+0900][25.935s][info][gc,heap     ] GC(289) Survivor regions: 0->0(26)
[2026-03-26T14:02:43.579+0900][25.935s][info][gc,heap     ] GC(289) Old regions: 1->1
[2026-03-26T14:02:43.579+0900][25.935s][info][gc,heap     ] GC(289) Humongous regions: 288->288
[2026-03-26T14:02:43.579+0900][25.935s][info][gc,metaspace] GC(289) Metaspace: 324K(512K)->324K(512K) NonClass: 307K(384K)->307K(384K) Class: 17K(128K)->17K(128K)
[2026-03-26T14:02:43.579+0900][25.935s][info][gc          ] GC(289) Pause Young (Concurrent Start) (G1 Humongous Allocation) 338M->288M(512M) 1.762ms
[2026-03-26T14:02:43.579+0900][25.935s][info][gc,cpu      ] GC(289) User=0.00s Sys=0.00s Real=0.00s
[2026-03-26T14:02:43.579+0900][25.935s][info][gc          ] GC(290) Concurrent Mark Cycle
[2026-03-26T14:02:43.580+0900][25.936s][info][gc,marking  ] GC(290) Concurrent Scan Root Regions
[2026-03-26T14:02:43.580+0900][25.936s][info][gc,marking  ] GC(290) Concurrent Scan Root Regions 0.031ms
[2026-03-26T14:02:43.580+0900][25.936s][info][gc,marking  ] GC(290) Concurrent Mark
[2026-03-26T14:02:43.580+0900][25.936s][info][gc,marking  ] GC(290) Concurrent Mark From Roots
[2026-03-26T14:02:43.580+0900][25.936s][info][gc,task     ] GC(290) Using 3 workers of 3 for marking
[2026-03-26T14:02:43.580+0900][25.937s][info][gc,marking  ] GC(290) Concurrent Mark From Roots 1.606ms
[2026-03-26T14:02:43.580+0900][25.937s][info][gc,marking  ] GC(290) Concurrent Preclean
[2026-03-26T14:02:43.580+0900][25.937s][info][gc,marking  ] GC(290) Concurrent Preclean 0.028ms
[2026-03-26T14:02:43.580+0900][25.937s][info][gc,start    ] GC(290) Pause Remark
[2026-03-26T14:02:43.582+0900][25.938s][info][gc          ] GC(290) Pause Remark 294M->294M(512M) 0.865ms
[2026-03-26T14:02:43.582+0900][25.938s][info][gc,cpu      ] GC(290) User=0.00s Sys=0.00s Real=0.00s
[2026-03-26T14:02:43.582+0900][25.938s][info][gc,marking  ] GC(290) Concurrent Mark 2.752ms
[2026-03-26T14:02:43.582+0900][25.938s][info][gc,marking  ] GC(290) Concurrent Rebuild Remembered Sets and Scrub Regions
[2026-03-26T14:02:43.583+0900][25.939s][info][gc,marking  ] GC(290) Concurrent Rebuild Remembered Sets and Scrub Regions 0.730ms
[2026-03-26T14:02:43.583+0900][25.939s][info][gc,start    ] GC(290) Pause Cleanup
[2026-03-26T14:02:43.583+0900][25.939s][info][gc          ] GC(290) Pause Cleanup 294M->294M(512M) 0.176ms
[2026-03-26T14:02:43.583+0900][25.939s][info][gc,cpu      ] GC(290) User=0.00s Sys=0.00s Real=0.00s
[2026-03-26T14:02:43.583+0900][25.939s][info][gc,marking  ] GC(290) Concurrent Clear Claimed Marks
[2026-03-26T14:02:43.583+0900][25.939s][info][gc,marking  ] GC(290) Concurrent Clear Claimed Marks 0.046ms
[2026-03-26T14:02:43.583+0900][25.940s][info][gc,marking  ] GC(290) Concurrent Cleanup for Next Mark
[2026-03-26T14:02:43.585+0900][25.940s][info][gc,marking  ] GC(290) Concurrent Cleanup for Next Mark 0.531ms
[2026-03-26T14:02:43.585+0900][25.940s][info][gc          ] GC(290) Concurrent Mark Cycle 4.691ms
[2026-03-26T14:02:43.738+0900][26.095s][info][gc,start    ] GC(291) Pause Young (Concurrent Start) (G1 Humongous Allocation)
[2026-03-26T14:02:43.738+0900][26.095s][info][gc,task     ] GC(291) Using 12 workers of 13 for evacuation
[2026-03-26T14:02:43.740+0900][26.096s][info][gc,phases   ] GC(291)   Pre Evacuate Collection Set: 0.2ms
[2026-03-26T14:02:43.740+0900][26.096s][info][gc,phases   ] GC(291)   Merge Heap Roots: 0.1ms
[2026-03-26T14:02:43.740+0900][26.096s][info][gc,phases   ] GC(291)   Evacuate Collection Set: 0.4ms
[2026-03-26T14:02:43.740+0900][26.096s][info][gc,phases   ] GC(291)   Post Evacuate Collection Set: 0.2ms
[2026-03-26T14:02:43.740+0900][26.096s][info][gc,phases   ] GC(291)   Other: 0.1ms
[2026-03-26T14:02:43.740+0900][26.096s][info][gc,heap     ] GC(291) Eden regions: 50->0(190)
[2026-03-26T14:02:43.740+0900][26.096s][info][gc,heap     ] GC(291) Survivor regions: 0->0(25)
[2026-03-26T14:02:43.740+0900][26.096s][info][gc,heap     ] GC(291) Old regions: 1->1
[2026-03-26T14:02:43.740+0900][26.096s][info][gc,heap     ] GC(291) Humongous regions: 294->294
[2026-03-26T14:02:43.740+0900][26.096s][info][gc,metaspace] GC(291) Metaspace: 324K(512K)->324K(512K) NonClass: 307K(384K)->307K(384K) Class: 17K(128K)->17K(128K)
[2026-03-26T14:02:43.740+0900][26.096s][info][gc          ] GC(291) Pause Young (Concurrent Start) (G1 Humongous Allocation) 344M->294M(512M) 1.613ms
[2026-03-26T14:02:43.740+0900][26.096s][info][gc,cpu      ] GC(291) User=0.00s Sys=0.00s Real=0.00s
[2026-03-26T14:02:43.740+0900][26.096s][info][gc          ] GC(292) Concurrent Mark Cycle
[2026-03-26T14:02:43.740+0900][26.096s][info][gc,marking  ] GC(292) Concurrent Scan Root Regions
[2026-03-26T14:02:43.740+0900][26.096s][info][gc,marking  ] GC(292) Concurrent Scan Root Regions 0.024ms
[2026-03-26T14:02:43.740+0900][26.096s][info][gc,marking  ] GC(292) Concurrent Mark
[2026-03-26T14:02:43.740+0900][26.096s][info][gc,marking  ] GC(292) Concurrent Mark From Roots
[2026-03-26T14:02:43.740+0900][26.097s][info][gc,task     ] GC(292) Using 3 workers of 3 for marking
[2026-03-26T14:02:43.742+0900][26.099s][info][gc,marking  ] GC(292) Concurrent Mark From Roots 2.714ms
[2026-03-26T14:02:43.742+0900][26.099s][info][gc,marking  ] GC(292) Concurrent Preclean
[2026-03-26T14:02:43.742+0900][26.099s][info][gc,marking  ] GC(292) Concurrent Preclean 0.027ms
[2026-03-26T14:02:43.742+0900][26.099s][info][gc,start    ] GC(292) Pause Remark
[2026-03-26T14:02:43.744+0900][26.100s][info][gc          ] GC(292) Pause Remark 294M->294M(512M) 0.747ms
[2026-03-26T14:02:43.744+0900][26.100s][info][gc,cpu      ] GC(292) User=0.00s Sys=0.00s Real=0.00s
[2026-03-26T14:02:43.744+0900][26.100s][info][gc,marking  ] GC(292) Concurrent Mark 3.761ms
[2026-03-26T14:02:43.744+0900][26.100s][info][gc,marking  ] GC(292) Concurrent Rebuild Remembered Sets and Scrub Regions
[2026-03-26T14:02:43.744+0900][26.101s][info][gc,marking  ] GC(292) Concurrent Rebuild Remembered Sets and Scrub Regions 0.652ms
[2026-03-26T14:02:43.744+0900][26.101s][info][gc,start    ] GC(292) Pause Cleanup
[2026-03-26T14:02:43.744+0900][26.101s][info][gc          ] GC(292) Pause Cleanup 294M->294M(512M) 0.107ms
[2026-03-26T14:02:43.744+0900][26.101s][info][gc,cpu      ] GC(292) User=0.00s Sys=0.00s Real=0.00s
[2026-03-26T14:02:43.744+0900][26.101s][info][gc,marking  ] GC(292) Concurrent Clear Claimed Marks
[2026-03-26T14:02:43.744+0900][26.101s][info][gc,marking  ] GC(292) Concurrent Clear Claimed Marks 0.022ms
[2026-03-26T14:02:43.744+0900][26.101s][info][gc,marking  ] GC(292) Concurrent Cleanup for Next Mark
[2026-03-26T14:02:43.746+0900][26.102s][info][gc,marking  ] GC(292) Concurrent Cleanup for Next Mark 0.846ms
[2026-03-26T14:02:43.746+0900][26.102s][info][gc          ] GC(292) Concurrent Mark Cycle 5.657ms
[2026-03-26T14:02:43.935+0900][26.291s][info][gc,start    ] GC(293) Pause Young (Concurrent Start) (G1 Humongous Allocation)
[2026-03-26T14:02:43.935+0900][26.291s][info][gc,task     ] GC(293) Using 12 workers of 13 for evacuation
[2026-03-26T14:02:43.936+0900][26.292s][info][gc,phases   ] GC(293)   Pre Evacuate Collection Set: 0.3ms
[2026-03-26T14:02:43.936+0900][26.293s][info][gc,phases   ] GC(293)   Merge Heap Roots: 0.1ms
[2026-03-26T14:02:43.936+0900][26.293s][info][gc,phases   ] GC(293)   Evacuate Collection Set: 0.3ms
[2026-03-26T14:02:43.936+0900][26.293s][info][gc,phases   ] GC(293)   Post Evacuate Collection Set: 0.3ms
[2026-03-26T14:02:43.936+0900][26.293s][info][gc,phases   ] GC(293)   Other: 0.1ms
[2026-03-26T14:02:43.936+0900][26.293s][info][gc,heap     ] GC(293) Eden regions: 50->0(184)
[2026-03-26T14:02:43.936+0900][26.293s][info][gc,heap     ] GC(293) Survivor regions: 0->0(24)
[2026-03-26T14:02:43.936+0900][26.293s][info][gc,heap     ] GC(293) Old regions: 1->1
[2026-03-26T14:02:43.936+0900][26.293s][info][gc,heap     ] GC(293) Humongous regions: 300->300
[2026-03-26T14:02:43.936+0900][26.293s][info][gc,metaspace] GC(293) Metaspace: 324K(512K)->324K(512K) NonClass: 307K(384K)->307K(384K) Class: 17K(128K)->17K(128K)
[2026-03-26T14:02:43.938+0900][26.293s][info][gc          ] GC(293) Pause Young (Concurrent Start) (G1 Humongous Allocation) 350M->300M(512M) 1.649ms
[2026-03-26T14:02:43.938+0900][26.293s][info][gc,cpu      ] GC(293) User=0.00s Sys=0.00s Real=0.00s
[2026-03-26T14:02:43.938+0900][26.293s][info][gc          ] GC(294) Concurrent Mark Cycle
[2026-03-26T14:02:43.938+0900][26.293s][info][gc,marking  ] GC(294) Concurrent Scan Root Regions
[2026-03-26T14:02:43.938+0900][26.293s][info][gc,marking  ] GC(294) Concurrent Scan Root Regions 0.023ms
[2026-03-26T14:02:43.938+0900][26.293s][info][gc,marking  ] GC(294) Concurrent Mark
[2026-03-26T14:02:43.938+0900][26.293s][info][gc,marking  ] GC(294) Concurrent Mark From Roots
[2026-03-26T14:02:43.938+0900][26.293s][info][gc,task     ] GC(294) Using 3 workers of 3 for marking
[2026-03-26T14:02:43.938+0900][26.295s][info][gc,marking  ] GC(294) Concurrent Mark From Roots 1.541ms
[2026-03-26T14:02:43.938+0900][26.295s][info][gc,marking  ] GC(294) Concurrent Preclean
[2026-03-26T14:02:43.938+0900][26.295s][info][gc,marking  ] GC(294) Concurrent Preclean 0.025ms
[2026-03-26T14:02:43.940+0900][26.295s][info][gc,start    ] GC(294) Pause Remark
[2026-03-26T14:02:43.940+0900][26.296s][info][gc          ] GC(294) Pause Remark 306M->306M(512M) 0.796ms
[2026-03-26T14:02:43.940+0900][26.296s][info][gc,cpu      ] GC(294) User=0.00s Sys=0.00s Real=0.00s
[2026-03-26T14:02:43.940+0900][26.296s][info][gc,marking  ] GC(294) Concurrent Mark 2.806ms
[2026-03-26T14:02:43.940+0900][26.296s][info][gc,marking  ] GC(294) Concurrent Rebuild Remembered Sets and Scrub Regions
[2026-03-26T14:02:43.940+0900][26.297s][info][gc,marking  ] GC(294) Concurrent Rebuild Remembered Sets and Scrub Regions 0.822ms
[2026-03-26T14:02:43.940+0900][26.297s][info][gc,start    ] GC(294) Pause Cleanup
[2026-03-26T14:02:43.940+0900][26.297s][info][gc          ] GC(294) Pause Cleanup 306M->306M(512M) 0.232ms
[2026-03-26T14:02:43.940+0900][26.297s][info][gc,cpu      ] GC(294) User=0.00s Sys=0.00s Real=0.00s
[2026-03-26T14:02:43.940+0900][26.297s][info][gc,marking  ] GC(294) Concurrent Clear Claimed Marks
[2026-03-26T14:02:43.940+0900][26.297s][info][gc,marking  ] GC(294) Concurrent Clear Claimed Marks 0.085ms
[2026-03-26T14:02:43.940+0900][26.297s][info][gc,marking  ] GC(294) Concurrent Cleanup for Next Mark
[2026-03-26T14:02:43.940+0900][26.298s][info][gc,marking  ] GC(294) Concurrent Cleanup for Next Mark 0.767ms
[2026-03-26T14:02:43.940+0900][26.298s][info][gc          ] GC(294) Concurrent Mark Cycle 5.284ms
[2026-03-26T14:02:44.098+0900][26.454s][info][gc,start    ] GC(295) Pause Young (Concurrent Start) (G1 Humongous Allocation)
[2026-03-26T14:02:44.098+0900][26.454s][info][gc,task     ] GC(295) Using 12 workers of 13 for evacuation
[2026-03-26T14:02:44.100+0900][26.455s][info][gc,phases   ] GC(295)   Pre Evacuate Collection Set: 0.2ms
[2026-03-26T14:02:44.100+0900][26.455s][info][gc,phases   ] GC(295)   Merge Heap Roots: 0.1ms
[2026-03-26T14:02:44.100+0900][26.455s][info][gc,phases   ] GC(295)   Evacuate Collection Set: 0.4ms
[2026-03-26T14:02:44.100+0900][26.455s][info][gc,phases   ] GC(295)   Post Evacuate Collection Set: 0.3ms
[2026-03-26T14:02:44.100+0900][26.455s][info][gc,phases   ] GC(295)   Other: 0.1ms
[2026-03-26T14:02:44.100+0900][26.455s][info][gc,heap     ] GC(295) Eden regions: 50->0(178)
[2026-03-26T14:02:44.100+0900][26.455s][info][gc,heap     ] GC(295) Survivor regions: 0->0(23)
[2026-03-26T14:02:44.100+0900][26.455s][info][gc,heap     ] GC(295) Old regions: 1->1
[2026-03-26T14:02:44.100+0900][26.455s][info][gc,heap     ] GC(295) Humongous regions: 306->306
[2026-03-26T14:02:44.100+0900][26.455s][info][gc,metaspace] GC(295) Metaspace: 324K(512K)->324K(512K) NonClass: 307K(384K)->307K(384K) Class: 17K(128K)->17K(128K)
[2026-03-26T14:02:44.100+0900][26.455s][info][gc          ] GC(295) Pause Young (Concurrent Start) (G1 Humongous Allocation) 356M->306M(512M) 1.628ms
[2026-03-26T14:02:44.100+0900][26.455s][info][gc,cpu      ] GC(295) User=0.00s Sys=0.00s Real=0.00s
[2026-03-26T14:02:44.100+0900][26.455s][info][gc          ] GC(296) Concurrent Mark Cycle
[2026-03-26T14:02:44.100+0900][26.455s][info][gc,marking  ] GC(296) Concurrent Scan Root Regions
[2026-03-26T14:02:44.100+0900][26.456s][info][gc,marking  ] GC(296) Concurrent Scan Root Regions 0.024ms
[2026-03-26T14:02:44.100+0900][26.456s][info][gc,marking  ] GC(296) Concurrent Mark
[2026-03-26T14:02:44.100+0900][26.456s][info][gc,marking  ] GC(296) Concurrent Mark From Roots
[2026-03-26T14:02:44.100+0900][26.456s][info][gc,task     ] GC(296) Using 3 workers of 3 for marking
[2026-03-26T14:02:44.102+0900][26.457s][info][gc,marking  ] GC(296) Concurrent Mark From Roots 1.900ms
[2026-03-26T14:02:44.102+0900][26.458s][info][gc,marking  ] GC(296) Concurrent Preclean
[2026-03-26T14:02:44.102+0900][26.458s][info][gc,marking  ] GC(296) Concurrent Preclean 0.026ms
[2026-03-26T14:02:44.102+0900][26.458s][info][gc,start    ] GC(296) Pause Remark
[2026-03-26T14:02:44.102+0900][26.458s][info][gc          ] GC(296) Pause Remark 306M->306M(512M) 0.723ms
[2026-03-26T14:02:44.102+0900][26.458s][info][gc,cpu      ] GC(296) User=0.00s Sys=0.00s Real=0.00s
[2026-03-26T14:02:44.102+0900][26.458s][info][gc,marking  ] GC(296) Concurrent Mark 2.864ms
[2026-03-26T14:02:44.102+0900][26.458s][info][gc,marking  ] GC(296) Concurrent Rebuild Remembered Sets and Scrub Regions
[2026-03-26T14:02:44.104+0900][26.459s][info][gc,marking  ] GC(296) Concurrent Rebuild Remembered Sets and Scrub Regions 0.679ms
[2026-03-26T14:02:44.104+0900][26.459s][info][gc,start    ] GC(296) Pause Cleanup
[2026-03-26T14:02:44.104+0900][26.459s][info][gc          ] GC(296) Pause Cleanup 306M->306M(512M) 0.108ms
[2026-03-26T14:02:44.104+0900][26.459s][info][gc,cpu      ] GC(296) User=0.00s Sys=0.00s Real=0.00s
[2026-03-26T14:02:44.104+0900][26.459s][info][gc,marking  ] GC(296) Concurrent Clear Claimed Marks
[2026-03-26T14:02:44.104+0900][26.459s][info][gc,marking  ] GC(296) Concurrent Clear Claimed Marks 0.030ms
[2026-03-26T14:02:44.104+0900][26.459s][info][gc,marking  ] GC(296) Concurrent Cleanup for Next Mark
[2026-03-26T14:02:44.104+0900][26.460s][info][gc,marking  ] GC(296) Concurrent Cleanup for Next Mark 0.833ms
[2026-03-26T14:02:44.104+0900][26.460s][info][gc          ] GC(296) Concurrent Mark Cycle 4.780ms
[2026-03-26T14:02:44.260+0900][26.617s][info][gc,start    ] GC(297) Pause Young (Concurrent Start) (G1 Humongous Allocation)
[2026-03-26T14:02:44.260+0900][26.617s][info][gc,task     ] GC(297) Using 12 workers of 13 for evacuation
[2026-03-26T14:02:44.260+0900][26.619s][info][gc,phases   ] GC(297)   Pre Evacuate Collection Set: 0.5ms
[2026-03-26T14:02:44.260+0900][26.619s][info][gc,phases   ] GC(297)   Merge Heap Roots: 0.2ms
[2026-03-26T14:02:44.260+0900][26.619s][info][gc,phases   ] GC(297)   Evacuate Collection Set: 0.4ms
[2026-03-26T14:02:44.260+0900][26.619s][info][gc,phases   ] GC(297)   Post Evacuate Collection Set: 0.8ms
[2026-03-26T14:02:44.260+0900][26.619s][info][gc,phases   ] GC(297)   Other: 0.1ms
[2026-03-26T14:02:44.260+0900][26.619s][info][gc,heap     ] GC(297) Eden regions: 50->0(172)
[2026-03-26T14:02:44.260+0900][26.619s][info][gc,heap     ] GC(297) Survivor regions: 0->0(23)
[2026-03-26T14:02:44.260+0900][26.619s][info][gc,heap     ] GC(297) Old regions: 1->1
[2026-03-26T14:02:44.260+0900][26.619s][info][gc,heap     ] GC(297) Humongous regions: 312->312
[2026-03-26T14:02:44.260+0900][26.619s][info][gc,metaspace] GC(297) Metaspace: 324K(512K)->324K(512K) NonClass: 307K(384K)->307K(384K) Class: 17K(128K)->17K(128K)
[2026-03-26T14:02:44.260+0900][26.619s][info][gc          ] GC(297) Pause Young (Concurrent Start) (G1 Humongous Allocation) 362M->312M(512M) 2.615ms
[2026-03-26T14:02:44.260+0900][26.619s][info][gc,cpu      ] GC(297) User=0.00s Sys=0.00s Real=0.00s
[2026-03-26T14:02:44.260+0900][26.620s][info][gc          ] GC(298) Concurrent Mark Cycle
[2026-03-26T14:02:44.260+0900][26.620s][info][gc,marking  ] GC(298) Concurrent Scan Root Regions
[2026-03-26T14:02:44.260+0900][26.620s][info][gc,marking  ] GC(298) Concurrent Scan Root Regions 0.029ms
[2026-03-26T14:02:44.260+0900][26.620s][info][gc,marking  ] GC(298) Concurrent Mark
[2026-03-26T14:02:44.260+0900][26.620s][info][gc,marking  ] GC(298) Concurrent Mark From Roots
[2026-03-26T14:02:44.260+0900][26.620s][info][gc,task     ] GC(298) Using 3 workers of 3 for marking
[2026-03-26T14:02:44.266+0900][26.622s][info][gc,marking  ] GC(298) Concurrent Mark From Roots 1.802ms
[2026-03-26T14:02:44.266+0900][26.622s][info][gc,marking  ] GC(298) Concurrent Preclean
[2026-03-26T14:02:44.266+0900][26.622s][info][gc,marking  ] GC(298) Concurrent Preclean 0.029ms
[2026-03-26T14:02:44.266+0900][26.622s][info][gc,start    ] GC(298) Pause Remark
[2026-03-26T14:02:44.266+0900][26.623s][info][gc          ] GC(298) Pause Remark 318M->318M(512M) 1.477ms
[2026-03-26T14:02:44.266+0900][26.623s][info][gc,cpu      ] GC(298) User=0.00s Sys=0.00s Real=0.00s
[2026-03-26T14:02:44.266+0900][26.624s][info][gc,marking  ] GC(298) Concurrent Mark 3.734ms
[2026-03-26T14:02:44.266+0900][26.624s][info][gc,marking  ] GC(298) Concurrent Rebuild Remembered Sets and Scrub Regions
[2026-03-26T14:02:44.266+0900][26.624s][info][gc,marking  ] GC(298) Concurrent Rebuild Remembered Sets and Scrub Regions 0.839ms
[2026-03-26T14:02:44.266+0900][26.625s][info][gc,start    ] GC(298) Pause Cleanup
[2026-03-26T14:02:44.266+0900][26.625s][info][gc          ] GC(298) Pause Cleanup 318M->318M(512M) 0.241ms
[2026-03-26T14:02:44.266+0900][26.625s][info][gc,cpu      ] GC(298) User=0.00s Sys=0.00s Real=0.00s
[2026-03-26T14:02:44.266+0900][26.625s][info][gc,marking  ] GC(298) Concurrent Clear Claimed Marks
[2026-03-26T14:02:44.266+0900][26.625s][info][gc,marking  ] GC(298) Concurrent Clear Claimed Marks 0.091ms
[2026-03-26T14:02:44.266+0900][26.625s][info][gc,marking  ] GC(298) Concurrent Cleanup for Next Mark
[2026-03-26T14:02:44.266+0900][26.626s][info][gc,marking  ] GC(298) Concurrent Cleanup for Next Mark 0.567ms
[2026-03-26T14:02:44.266+0900][26.626s][info][gc          ] GC(298) Concurrent Mark Cycle 6.220ms
[2026-03-26T14:02:44.421+0900][26.777s][info][gc,start    ] GC(299) Pause Young (Concurrent Start) (G1 Humongous Allocation)
[2026-03-26T14:02:44.421+0900][26.777s][info][gc,task     ] GC(299) Using 12 workers of 13 for evacuation
[2026-03-26T14:02:44.423+0900][26.778s][info][gc,phases   ] GC(299)   Pre Evacuate Collection Set: 0.3ms
[2026-03-26T14:02:44.423+0900][26.778s][info][gc,phases   ] GC(299)   Merge Heap Roots: 0.1ms
[2026-03-26T14:02:44.423+0900][26.778s][info][gc,phases   ] GC(299)   Evacuate Collection Set: 0.2ms
[2026-03-26T14:02:44.423+0900][26.778s][info][gc,phases   ] GC(299)   Post Evacuate Collection Set: 0.2ms
[2026-03-26T14:02:44.423+0900][26.778s][info][gc,phases   ] GC(299)   Other: 0.1ms
[2026-03-26T14:02:44.423+0900][26.778s][info][gc,heap     ] GC(299) Eden regions: 50->0(166)
[2026-03-26T14:02:44.423+0900][26.778s][info][gc,heap     ] GC(299) Survivor regions: 0->0(22)
[2026-03-26T14:02:44.423+0900][26.778s][info][gc,heap     ] GC(299) Old regions: 1->1
[2026-03-26T14:02:44.423+0900][26.778s][info][gc,heap     ] GC(299) Humongous regions: 318->318
[2026-03-26T14:02:44.423+0900][26.778s][info][gc,metaspace] GC(299) Metaspace: 324K(512K)->324K(512K) NonClass: 307K(384K)->307K(384K) Class: 17K(128K)->17K(128K)
[2026-03-26T14:02:44.423+0900][26.778s][info][gc          ] GC(299) Pause Young (Concurrent Start) (G1 Humongous Allocation) 368M->318M(512M) 1.241ms
[2026-03-26T14:02:44.423+0900][26.778s][info][gc,cpu      ] GC(299) User=0.00s Sys=0.00s Real=0.00s
[2026-03-26T14:02:44.423+0900][26.778s][info][gc          ] GC(300) Concurrent Mark Cycle
[2026-03-26T14:02:44.423+0900][26.778s][info][gc,marking  ] GC(300) Concurrent Scan Root Regions
[2026-03-26T14:02:44.423+0900][26.778s][info][gc,marking  ] GC(300) Concurrent Scan Root Regions 0.013ms
[2026-03-26T14:02:44.423+0900][26.778s][info][gc,marking  ] GC(300) Concurrent Mark
[2026-03-26T14:02:44.423+0900][26.778s][info][gc,marking  ] GC(300) Concurrent Mark From Roots
[2026-03-26T14:02:44.423+0900][26.778s][info][gc,task     ] GC(300) Using 3 workers of 3 for marking
[2026-03-26T14:02:44.424+0900][26.779s][info][gc,marking  ] GC(300) Concurrent Mark From Roots 0.933ms
[2026-03-26T14:02:44.424+0900][26.779s][info][gc,marking  ] GC(300) Concurrent Preclean
[2026-03-26T14:02:44.424+0900][26.779s][info][gc,marking  ] GC(300) Concurrent Preclean 0.016ms
[2026-03-26T14:02:44.424+0900][26.780s][info][gc,start    ] GC(300) Pause Remark
[2026-03-26T14:02:44.425+0900][26.780s][info][gc          ] GC(300) Pause Remark 324M->324M(512M) 0.523ms
[2026-03-26T14:02:44.425+0900][26.780s][info][gc,cpu      ] GC(300) User=0.00s Sys=0.00s Real=0.00s
[2026-03-26T14:02:44.425+0900][26.780s][info][gc,marking  ] GC(300) Concurrent Mark 1.954ms
[2026-03-26T14:02:44.425+0900][26.780s][info][gc,marking  ] GC(300) Concurrent Rebuild Remembered Sets and Scrub Regions
[2026-03-26T14:02:44.425+0900][26.781s][info][gc,marking  ] GC(300) Concurrent Rebuild Remembered Sets and Scrub Regions 0.403ms
[2026-03-26T14:02:44.425+0900][26.781s][info][gc,start    ] GC(300) Pause Cleanup
[2026-03-26T14:02:44.425+0900][26.781s][info][gc          ] GC(300) Pause Cleanup 324M->324M(512M) 0.088ms
[2026-03-26T14:02:44.425+0900][26.781s][info][gc,cpu      ] GC(300) User=0.00s Sys=0.00s Real=0.00s
[2026-03-26T14:02:44.425+0900][26.781s][info][gc,marking  ] GC(300) Concurrent Clear Claimed Marks
[2026-03-26T14:02:44.425+0900][26.781s][info][gc,marking  ] GC(300) Concurrent Clear Claimed Marks 0.014ms
[2026-03-26T14:02:44.425+0900][26.781s][info][gc,marking  ] GC(300) Concurrent Cleanup for Next Mark
[2026-03-26T14:02:44.426+0900][26.781s][info][gc,marking  ] GC(300) Concurrent Cleanup for Next Mark 0.399ms
[2026-03-26T14:02:44.426+0900][26.781s][info][gc          ] GC(300) Concurrent Mark Cycle 3.256ms
[2026-03-26T14:02:44.579+0900][26.935s][info][gc,start    ] GC(301) Pause Young (Concurrent Start) (G1 Humongous Allocation)
[2026-03-26T14:02:44.579+0900][26.935s][info][gc,task     ] GC(301) Using 12 workers of 13 for evacuation
[2026-03-26T14:02:44.580+0900][26.935s][info][gc,phases   ] GC(301)   Pre Evacuate Collection Set: 0.2ms
[2026-03-26T14:02:44.580+0900][26.935s][info][gc,phases   ] GC(301)   Merge Heap Roots: 0.1ms
[2026-03-26T14:02:44.580+0900][26.935s][info][gc,phases   ] GC(301)   Evacuate Collection Set: 0.2ms
[2026-03-26T14:02:44.580+0900][26.935s][info][gc,phases   ] GC(301)   Post Evacuate Collection Set: 0.1ms
[2026-03-26T14:02:44.580+0900][26.935s][info][gc,phases   ] GC(301)   Other: 0.1ms
[2026-03-26T14:02:44.580+0900][26.935s][info][gc,heap     ] GC(301) Eden regions: 50->0(160)
[2026-03-26T14:02:44.580+0900][26.935s][info][gc,heap     ] GC(301) Survivor regions: 0->0(21)
[2026-03-26T14:02:44.580+0900][26.935s][info][gc,heap     ] GC(301) Old regions: 1->1
[2026-03-26T14:02:44.580+0900][26.936s][info][gc,heap     ] GC(301) Humongous regions: 324->324
[2026-03-26T14:02:44.580+0900][26.936s][info][gc,metaspace] GC(301) Metaspace: 324K(512K)->324K(512K) NonClass: 307K(384K)->307K(384K) Class: 17K(128K)->17K(128K)
[2026-03-26T14:02:44.580+0900][26.936s][info][gc          ] GC(301) Pause Young (Concurrent Start) (G1 Humongous Allocation) 374M->324M(512M) 0.853ms
[2026-03-26T14:02:44.580+0900][26.936s][info][gc,cpu      ] GC(301) User=0.00s Sys=0.00s Real=0.00s
[2026-03-26T14:02:44.580+0900][26.936s][info][gc          ] GC(302) Concurrent Mark Cycle
[2026-03-26T14:02:44.580+0900][26.936s][info][gc,marking  ] GC(302) Concurrent Scan Root Regions
[2026-03-26T14:02:44.580+0900][26.936s][info][gc,marking  ] GC(302) Concurrent Scan Root Regions 0.016ms
[2026-03-26T14:02:44.580+0900][26.936s][info][gc,marking  ] GC(302) Concurrent Mark
[2026-03-26T14:02:44.580+0900][26.936s][info][gc,marking  ] GC(302) Concurrent Mark From Roots
[2026-03-26T14:02:44.580+0900][26.936s][info][gc,task     ] GC(302) Using 3 workers of 3 for marking
[2026-03-26T14:02:44.581+0900][26.937s][info][gc,marking  ] GC(302) Concurrent Mark From Roots 0.889ms
[2026-03-26T14:02:44.581+0900][26.937s][info][gc,marking  ] GC(302) Concurrent Preclean
[2026-03-26T14:02:44.581+0900][26.937s][info][gc,marking  ] GC(302) Concurrent Preclean 0.017ms
[2026-03-26T14:02:44.581+0900][26.937s][info][gc,start    ] GC(302) Pause Remark
[2026-03-26T14:02:44.582+0900][26.937s][info][gc          ] GC(302) Pause Remark 330M->330M(512M) 0.435ms
[2026-03-26T14:02:44.582+0900][26.937s][info][gc,cpu      ] GC(302) User=0.00s Sys=0.00s Real=0.00s
[2026-03-26T14:02:44.582+0900][26.937s][info][gc,marking  ] GC(302) Concurrent Mark 1.598ms
[2026-03-26T14:02:44.582+0900][26.937s][info][gc,marking  ] GC(302) Concurrent Rebuild Remembered Sets and Scrub Regions
[2026-03-26T14:02:44.582+0900][26.938s][info][gc,marking  ] GC(302) Concurrent Rebuild Remembered Sets and Scrub Regions 0.414ms
[2026-03-26T14:02:44.582+0900][26.938s][info][gc,start    ] GC(302) Pause Cleanup
[2026-03-26T14:02:44.582+0900][26.938s][info][gc          ] GC(302) Pause Cleanup 331M->331M(512M) 0.098ms
[2026-03-26T14:02:44.582+0900][26.938s][info][gc,cpu      ] GC(302) User=0.00s Sys=0.00s Real=0.00s
[2026-03-26T14:02:44.582+0900][26.938s][info][gc,marking  ] GC(302) Concurrent Clear Claimed Marks
[2026-03-26T14:02:44.582+0900][26.938s][info][gc,marking  ] GC(302) Concurrent Clear Claimed Marks 0.026ms
[2026-03-26T14:02:44.582+0900][26.938s][info][gc,marking  ] GC(302) Concurrent Cleanup for Next Mark
[2026-03-26T14:02:44.582+0900][26.938s][info][gc,marking  ] GC(302) Concurrent Cleanup for Next Mark 0.284ms
[2026-03-26T14:02:44.583+0900][26.938s][info][gc          ] GC(302) Concurrent Mark Cycle 2.722ms
[2026-03-26T14:02:44.738+0900][27.094s][info][gc,start    ] GC(303) Pause Young (Concurrent Start) (G1 Humongous Allocation)
[2026-03-26T14:02:44.738+0900][27.094s][info][gc,task     ] GC(303) Using 12 workers of 13 for evacuation
[2026-03-26T14:02:44.738+0900][27.095s][info][gc,phases   ] GC(303)   Pre Evacuate Collection Set: 0.3ms
[2026-03-26T14:02:44.738+0900][27.095s][info][gc,phases   ] GC(303)   Merge Heap Roots: 0.1ms
[2026-03-26T14:02:44.738+0900][27.095s][info][gc,phases   ] GC(303)   Evacuate Collection Set: 0.2ms
[2026-03-26T14:02:44.738+0900][27.095s][info][gc,phases   ] GC(303)   Post Evacuate Collection Set: 0.3ms
[2026-03-26T14:02:44.738+0900][27.095s][info][gc,phases   ] GC(303)   Other: 0.1ms
[2026-03-26T14:02:44.738+0900][27.095s][info][gc,heap     ] GC(303) Eden regions: 50->0(154)
[2026-03-26T14:02:44.738+0900][27.095s][info][gc,heap     ] GC(303) Survivor regions: 0->0(20)
[2026-03-26T14:02:44.738+0900][27.095s][info][gc,heap     ] GC(303) Old regions: 1->1
[2026-03-26T14:02:44.738+0900][27.095s][info][gc,heap     ] GC(303) Humongous regions: 330->330
[2026-03-26T14:02:44.738+0900][27.095s][info][gc,metaspace] GC(303) Metaspace: 324K(512K)->324K(512K) NonClass: 307K(384K)->307K(384K) Class: 17K(128K)->17K(128K)
[2026-03-26T14:02:44.738+0900][27.095s][info][gc          ] GC(303) Pause Young (Concurrent Start) (G1 Humongous Allocation) 380M->330M(512M) 1.301ms
[2026-03-26T14:02:44.738+0900][27.095s][info][gc,cpu      ] GC(303) User=0.00s Sys=0.00s Real=0.00s
[2026-03-26T14:02:44.738+0900][27.095s][info][gc          ] GC(304) Concurrent Mark Cycle
[2026-03-26T14:02:44.738+0900][27.095s][info][gc,marking  ] GC(304) Concurrent Scan Root Regions
[2026-03-26T14:02:44.738+0900][27.095s][info][gc,marking  ] GC(304) Concurrent Scan Root Regions 0.015ms
[2026-03-26T14:02:44.738+0900][27.095s][info][gc,marking  ] GC(304) Concurrent Mark
[2026-03-26T14:02:44.738+0900][27.095s][info][gc,marking  ] GC(304) Concurrent Mark From Roots
[2026-03-26T14:02:44.738+0900][27.095s][info][gc,task     ] GC(304) Using 3 workers of 3 for marking
[2026-03-26T14:02:44.738+0900][27.096s][info][gc,marking  ] GC(304) Concurrent Mark From Roots 0.851ms
[2026-03-26T14:02:44.738+0900][27.096s][info][gc,marking  ] GC(304) Concurrent Preclean
[2026-03-26T14:02:44.738+0900][27.096s][info][gc,marking  ] GC(304) Concurrent Preclean 0.014ms
[2026-03-26T14:02:44.738+0900][27.096s][info][gc,start    ] GC(304) Pause Remark
[2026-03-26T14:02:44.738+0900][27.097s][info][gc          ] GC(304) Pause Remark 336M->336M(512M) 0.589ms
[2026-03-26T14:02:44.738+0900][27.097s][info][gc,cpu      ] GC(304) User=0.00s Sys=0.00s Real=0.00s
[2026-03-26T14:02:44.738+0900][27.097s][info][gc,marking  ] GC(304) Concurrent Mark 1.589ms
[2026-03-26T14:02:44.738+0900][27.097s][info][gc,marking  ] GC(304) Concurrent Rebuild Remembered Sets and Scrub Regions
[2026-03-26T14:02:44.738+0900][27.097s][info][gc,marking  ] GC(304) Concurrent Rebuild Remembered Sets and Scrub Regions 0.431ms
[2026-03-26T14:02:44.738+0900][27.097s][info][gc,start    ] GC(304) Pause Cleanup
[2026-03-26T14:02:44.738+0900][27.098s][info][gc          ] GC(304) Pause Cleanup 336M->336M(512M) 0.119ms
[2026-03-26T14:02:44.738+0900][27.098s][info][gc,cpu      ] GC(304) User=0.00s Sys=0.00s Real=0.00s
[2026-03-26T14:02:44.738+0900][27.098s][info][gc,marking  ] GC(304) Concurrent Clear Claimed Marks
[2026-03-26T14:02:44.738+0900][27.098s][info][gc,marking  ] GC(304) Concurrent Clear Claimed Marks 0.046ms
[2026-03-26T14:02:44.738+0900][27.098s][info][gc,marking  ] GC(304) Concurrent Cleanup for Next Mark
[2026-03-26T14:02:44.738+0900][27.098s][info][gc,marking  ] GC(304) Concurrent Cleanup for Next Mark 0.372ms
[2026-03-26T14:02:44.738+0900][27.098s][info][gc          ] GC(304) Concurrent Mark Cycle 2.898ms
[2026-03-26T14:02:44.898+0900][27.254s][info][gc,start    ] GC(305) Pause Young (Concurrent Start) (G1 Humongous Allocation)
[2026-03-26T14:02:44.898+0900][27.254s][info][gc,task     ] GC(305) Using 12 workers of 13 for evacuation
[2026-03-26T14:02:44.898+0900][27.255s][info][gc,phases   ] GC(305)   Pre Evacuate Collection Set: 0.1ms
[2026-03-26T14:02:44.898+0900][27.255s][info][gc,phases   ] GC(305)   Merge Heap Roots: 0.1ms
[2026-03-26T14:02:44.898+0900][27.255s][info][gc,phases   ] GC(305)   Evacuate Collection Set: 0.2ms
[2026-03-26T14:02:44.898+0900][27.255s][info][gc,phases   ] GC(305)   Post Evacuate Collection Set: 0.1ms
[2026-03-26T14:02:44.898+0900][27.255s][info][gc,phases   ] GC(305)   Other: 0.1ms
[2026-03-26T14:02:44.898+0900][27.255s][info][gc,heap     ] GC(305) Eden regions: 50->0(148)
[2026-03-26T14:02:44.898+0900][27.255s][info][gc,heap     ] GC(305) Survivor regions: 0->0(20)
[2026-03-26T14:02:44.898+0900][27.255s][info][gc,heap     ] GC(305) Old regions: 1->1
[2026-03-26T14:02:44.898+0900][27.255s][info][gc,heap     ] GC(305) Humongous regions: 336->336
[2026-03-26T14:02:44.898+0900][27.255s][info][gc,metaspace] GC(305) Metaspace: 324K(512K)->324K(512K) NonClass: 307K(384K)->307K(384K) Class: 17K(128K)->17K(128K)
[2026-03-26T14:02:44.898+0900][27.255s][info][gc          ] GC(305) Pause Young (Concurrent Start) (G1 Humongous Allocation) 386M->336M(512M) 0.908ms
[2026-03-26T14:02:44.898+0900][27.255s][info][gc,cpu      ] GC(305) User=0.00s Sys=0.00s Real=0.00s
[2026-03-26T14:02:44.898+0900][27.255s][info][gc          ] GC(306) Concurrent Mark Cycle
[2026-03-26T14:02:44.898+0900][27.255s][info][gc,marking  ] GC(306) Concurrent Scan Root Regions
[2026-03-26T14:02:44.898+0900][27.255s][info][gc,marking  ] GC(306) Concurrent Scan Root Regions 0.012ms
[2026-03-26T14:02:44.898+0900][27.255s][info][gc,marking  ] GC(306) Concurrent Mark
[2026-03-26T14:02:44.898+0900][27.255s][info][gc,marking  ] GC(306) Concurrent Mark From Roots
[2026-03-26T14:02:44.898+0900][27.255s][info][gc,task     ] GC(306) Using 3 workers of 3 for marking
[2026-03-26T14:02:44.900+0900][27.256s][info][gc,marking  ] GC(306) Concurrent Mark From Roots 0.988ms
[2026-03-26T14:02:44.900+0900][27.256s][info][gc,marking  ] GC(306) Concurrent Preclean
[2026-03-26T14:02:44.900+0900][27.256s][info][gc,marking  ] GC(306) Concurrent Preclean 0.016ms
[2026-03-26T14:02:44.900+0900][27.257s][info][gc,start    ] GC(306) Pause Remark
[2026-03-26T14:02:44.900+0900][27.257s][info][gc          ] GC(306) Pause Remark 336M->336M(512M) 0.441ms
[2026-03-26T14:02:44.902+0900][27.257s][info][gc,cpu      ] GC(306) User=0.00s Sys=0.00s Real=0.00s
[2026-03-26T14:02:44.902+0900][27.257s][info][gc,marking  ] GC(306) Concurrent Mark 1.676ms
[2026-03-26T14:02:44.902+0900][27.257s][info][gc,marking  ] GC(306) Concurrent Rebuild Remembered Sets and Scrub Regions
[2026-03-26T14:02:44.902+0900][27.257s][info][gc,marking  ] GC(306) Concurrent Rebuild Remembered Sets and Scrub Regions 0.380ms
[2026-03-26T14:02:44.902+0900][27.257s][info][gc,start    ] GC(306) Pause Cleanup
[2026-03-26T14:02:44.902+0900][27.258s][info][gc          ] GC(306) Pause Cleanup 336M->336M(512M) 0.118ms
[2026-03-26T14:02:44.902+0900][27.258s][info][gc,cpu      ] GC(306) User=0.00s Sys=0.00s Real=0.00s
[2026-03-26T14:02:44.902+0900][27.258s][info][gc,marking  ] GC(306) Concurrent Clear Claimed Marks
[2026-03-26T14:02:44.902+0900][27.258s][info][gc,marking  ] GC(306) Concurrent Clear Claimed Marks 0.028ms
[2026-03-26T14:02:44.902+0900][27.258s][info][gc,marking  ] GC(306) Concurrent Cleanup for Next Mark
[2026-03-26T14:02:44.903+0900][27.258s][info][gc,marking  ] GC(306) Concurrent Cleanup for Next Mark 0.355ms
[2026-03-26T14:02:44.903+0900][27.258s][info][gc          ] GC(306) Concurrent Mark Cycle 2.749ms
[2026-03-26T14:02:45.056+0900][27.412s][info][gc,start    ] GC(307) Pause Young (Concurrent Start) (G1 Humongous Allocation)
[2026-03-26T14:02:45.056+0900][27.412s][info][gc,task     ] GC(307) Using 12 workers of 13 for evacuation
[2026-03-26T14:02:45.056+0900][27.414s][info][gc,phases   ] GC(307)   Pre Evacuate Collection Set: 0.2ms
[2026-03-26T14:02:45.056+0900][27.414s][info][gc,phases   ] GC(307)   Merge Heap Roots: 0.1ms
[2026-03-26T14:02:45.056+0900][27.414s][info][gc,phases   ] GC(307)   Evacuate Collection Set: 0.4ms
[2026-03-26T14:02:45.058+0900][27.414s][info][gc,phases   ] GC(307)   Post Evacuate Collection Set: 0.2ms
[2026-03-26T14:02:45.058+0900][27.414s][info][gc,phases   ] GC(307)   Other: 0.1ms
[2026-03-26T14:02:45.058+0900][27.414s][info][gc,heap     ] GC(307) Eden regions: 50->0(142)
[2026-03-26T14:02:45.058+0900][27.414s][info][gc,heap     ] GC(307) Survivor regions: 0->0(19)
[2026-03-26T14:02:45.058+0900][27.414s][info][gc,heap     ] GC(307) Old regions: 1->1
[2026-03-26T14:02:45.058+0900][27.414s][info][gc,heap     ] GC(307) Humongous regions: 342->342
[2026-03-26T14:02:45.058+0900][27.414s][info][gc,metaspace] GC(307) Metaspace: 324K(512K)->324K(512K) NonClass: 307K(384K)->307K(384K) Class: 17K(128K)->17K(128K)
[2026-03-26T14:02:45.058+0900][27.414s][info][gc          ] GC(307) Pause Young (Concurrent Start) (G1 Humongous Allocation) 392M->342M(512M) 1.428ms
[2026-03-26T14:02:45.058+0900][27.414s][info][gc,cpu      ] GC(307) User=0.00s Sys=0.00s Real=0.00s
[2026-03-26T14:02:45.058+0900][27.414s][info][gc          ] GC(308) Concurrent Mark Cycle
[2026-03-26T14:02:45.058+0900][27.414s][info][gc,marking  ] GC(308) Concurrent Scan Root Regions
[2026-03-26T14:02:45.058+0900][27.414s][info][gc,marking  ] GC(308) Concurrent Scan Root Regions 0.018ms
[2026-03-26T14:02:45.058+0900][27.414s][info][gc,marking  ] GC(308) Concurrent Mark
[2026-03-26T14:02:45.058+0900][27.414s][info][gc,marking  ] GC(308) Concurrent Mark From Roots
[2026-03-26T14:02:45.058+0900][27.414s][info][gc,task     ] GC(308) Using 3 workers of 3 for marking
[2026-03-26T14:02:45.058+0900][27.415s][info][gc,marking  ] GC(308) Concurrent Mark From Roots 1.244ms
[2026-03-26T14:02:45.058+0900][27.415s][info][gc,marking  ] GC(308) Concurrent Preclean
[2026-03-26T14:02:45.058+0900][27.415s][info][gc,marking  ] GC(308) Concurrent Preclean 0.023ms
[2026-03-26T14:02:45.058+0900][27.415s][info][gc,start    ] GC(308) Pause Remark
[2026-03-26T14:02:45.060+0900][27.416s][info][gc          ] GC(308) Pause Remark 348M->348M(512M) 0.652ms
[2026-03-26T14:02:45.060+0900][27.416s][info][gc,cpu      ] GC(308) User=0.00s Sys=0.00s Real=0.00s
[2026-03-26T14:02:45.060+0900][27.416s][info][gc,marking  ] GC(308) Concurrent Mark 2.193ms
[2026-03-26T14:02:45.060+0900][27.416s][info][gc,marking  ] GC(308) Concurrent Rebuild Remembered Sets and Scrub Regions
[2026-03-26T14:02:45.060+0900][27.417s][info][gc,marking  ] GC(308) Concurrent Rebuild Remembered Sets and Scrub Regions 0.582ms
[2026-03-26T14:02:45.060+0900][27.417s][info][gc,start    ] GC(308) Pause Cleanup
[2026-03-26T14:02:45.060+0900][27.417s][info][gc          ] GC(308) Pause Cleanup 348M->348M(512M) 0.187ms
[2026-03-26T14:02:45.060+0900][27.417s][info][gc,cpu      ] GC(308) User=0.00s Sys=0.00s Real=0.00s
[2026-03-26T14:02:45.060+0900][27.417s][info][gc,marking  ] GC(308) Concurrent Clear Claimed Marks
[2026-03-26T14:02:45.060+0900][27.417s][info][gc,marking  ] GC(308) Concurrent Clear Claimed Marks 0.057ms
[2026-03-26T14:02:45.060+0900][27.417s][info][gc,marking  ] GC(308) Concurrent Cleanup for Next Mark
[2026-03-26T14:02:45.060+0900][27.418s][info][gc,marking  ] GC(308) Concurrent Cleanup for Next Mark 0.313ms
[2026-03-26T14:02:45.060+0900][27.418s][info][gc          ] GC(308) Concurrent Mark Cycle 3.732ms
[2026-03-26T14:02:45.215+0900][27.571s][info][gc,start    ] GC(309) Pause Young (Concurrent Start) (G1 Humongous Allocation)
[2026-03-26T14:02:45.215+0900][27.571s][info][gc,task     ] GC(309) Using 12 workers of 13 for evacuation
[2026-03-26T14:02:45.215+0900][27.572s][info][gc,phases   ] GC(309)   Pre Evacuate Collection Set: 0.2ms
[2026-03-26T14:02:45.215+0900][27.572s][info][gc,phases   ] GC(309)   Merge Heap Roots: 0.1ms
[2026-03-26T14:02:45.215+0900][27.572s][info][gc,phases   ] GC(309)   Evacuate Collection Set: 0.2ms
[2026-03-26T14:02:45.215+0900][27.572s][info][gc,phases   ] GC(309)   Post Evacuate Collection Set: 0.3ms
[2026-03-26T14:02:45.215+0900][27.572s][info][gc,phases   ] GC(309)   Other: 0.2ms
[2026-03-26T14:02:45.215+0900][27.572s][info][gc,heap     ] GC(309) Eden regions: 50->0(136)
[2026-03-26T14:02:45.215+0900][27.572s][info][gc,heap     ] GC(309) Survivor regions: 0->0(18)
[2026-03-26T14:02:45.215+0900][27.572s][info][gc,heap     ] GC(309) Old regions: 1->1
[2026-03-26T14:02:45.215+0900][27.572s][info][gc,heap     ] GC(309) Humongous regions: 348->348
[2026-03-26T14:02:45.215+0900][27.572s][info][gc,metaspace] GC(309) Metaspace: 324K(512K)->324K(512K) NonClass: 307K(384K)->307K(384K) Class: 17K(128K)->17K(128K)
[2026-03-26T14:02:45.215+0900][27.573s][info][gc          ] GC(309) Pause Young (Concurrent Start) (G1 Humongous Allocation) 398M->348M(512M) 1.483ms
[2026-03-26T14:02:45.215+0900][27.573s][info][gc,cpu      ] GC(309) User=0.00s Sys=0.00s Real=0.00s
[2026-03-26T14:02:45.215+0900][27.573s][info][gc          ] GC(310) Concurrent Mark Cycle
[2026-03-26T14:02:45.215+0900][27.573s][info][gc,marking  ] GC(310) Concurrent Scan Root Regions
[2026-03-26T14:02:45.215+0900][27.573s][info][gc,marking  ] GC(310) Concurrent Scan Root Regions 0.025ms
[2026-03-26T14:02:45.215+0900][27.573s][info][gc,marking  ] GC(310) Concurrent Mark
[2026-03-26T14:02:45.215+0900][27.573s][info][gc,marking  ] GC(310) Concurrent Mark From Roots
[2026-03-26T14:02:45.215+0900][27.573s][info][gc,task     ] GC(310) Using 3 workers of 3 for marking
[2026-03-26T14:02:45.219+0900][27.574s][info][gc,marking  ] GC(310) Concurrent Mark From Roots 1.342ms
[2026-03-26T14:02:45.219+0900][27.574s][info][gc,marking  ] GC(310) Concurrent Preclean
[2026-03-26T14:02:45.219+0900][27.574s][info][gc,marking  ] GC(310) Concurrent Preclean 0.026ms
[2026-03-26T14:02:45.219+0900][27.574s][info][gc,start    ] GC(310) Pause Remark
[2026-03-26T14:02:45.219+0900][27.575s][info][gc          ] GC(310) Pause Remark 354M->354M(512M) 0.640ms
[2026-03-26T14:02:45.219+0900][27.575s][info][gc,cpu      ] GC(310) User=0.00s Sys=0.00s Real=0.00s
[2026-03-26T14:02:45.219+0900][27.575s][info][gc,marking  ] GC(310) Concurrent Mark 2.235ms
[2026-03-26T14:02:45.219+0900][27.575s][info][gc,marking  ] GC(310) Concurrent Rebuild Remembered Sets and Scrub Regions
[2026-03-26T14:02:45.219+0900][27.576s][info][gc,marking  ] GC(310) Concurrent Rebuild Remembered Sets and Scrub Regions 0.580ms
[2026-03-26T14:02:45.219+0900][27.576s][info][gc,start    ] GC(310) Pause Cleanup
[2026-03-26T14:02:45.219+0900][27.576s][info][gc          ] GC(310) Pause Cleanup 354M->354M(512M) 0.136ms
[2026-03-26T14:02:45.219+0900][27.576s][info][gc,cpu      ] GC(310) User=0.00s Sys=0.00s Real=0.00s
[2026-03-26T14:02:45.219+0900][27.576s][info][gc,marking  ] GC(310) Concurrent Clear Claimed Marks
[2026-03-26T14:02:45.219+0900][27.576s][info][gc,marking  ] GC(310) Concurrent Clear Claimed Marks 0.019ms
[2026-03-26T14:02:45.219+0900][27.576s][info][gc,marking  ] GC(310) Concurrent Cleanup for Next Mark
[2026-03-26T14:02:45.219+0900][27.577s][info][gc,marking  ] GC(310) Concurrent Cleanup for Next Mark 0.514ms
[2026-03-26T14:02:45.219+0900][27.577s][info][gc          ] GC(310) Concurrent Mark Cycle 3.941ms
[2026-03-26T14:02:45.373+0900][27.729s][info][gc,start    ] GC(311) Pause Young (Concurrent Start) (G1 Humongous Allocation)
[2026-03-26T14:02:45.373+0900][27.730s][info][gc,task     ] GC(311) Using 12 workers of 13 for evacuation
[2026-03-26T14:02:45.373+0900][27.731s][info][gc,phases   ] GC(311)   Pre Evacuate Collection Set: 0.3ms
[2026-03-26T14:02:45.373+0900][27.731s][info][gc,phases   ] GC(311)   Merge Heap Roots: 0.2ms
[2026-03-26T14:02:45.373+0900][27.731s][info][gc,phases   ] GC(311)   Evacuate Collection Set: 0.3ms
[2026-03-26T14:02:45.373+0900][27.731s][info][gc,phases   ] GC(311)   Post Evacuate Collection Set: 0.3ms
[2026-03-26T14:02:45.373+0900][27.731s][info][gc,phases   ] GC(311)   Other: 0.1ms
[2026-03-26T14:02:45.373+0900][27.731s][info][gc,heap     ] GC(311) Eden regions: 50->0(130)
[2026-03-26T14:02:45.373+0900][27.731s][info][gc,heap     ] GC(311) Survivor regions: 0->0(17)
[2026-03-26T14:02:45.373+0900][27.731s][info][gc,heap     ] GC(311) Old regions: 1->1
[2026-03-26T14:02:45.373+0900][27.731s][info][gc,heap     ] GC(311) Humongous regions: 354->354
[2026-03-26T14:02:45.373+0900][27.731s][info][gc,metaspace] GC(311) Metaspace: 324K(512K)->324K(512K) NonClass: 307K(384K)->307K(384K) Class: 17K(128K)->17K(128K)
[2026-03-26T14:02:45.373+0900][27.731s][info][gc          ] GC(311) Pause Young (Concurrent Start) (G1 Humongous Allocation) 404M->354M(512M) 1.605ms
[2026-03-26T14:02:45.373+0900][27.731s][info][gc,cpu      ] GC(311) User=0.00s Sys=0.00s Real=0.00s
[2026-03-26T14:02:45.373+0900][27.731s][info][gc          ] GC(312) Concurrent Mark Cycle
[2026-03-26T14:02:45.373+0900][27.731s][info][gc,marking  ] GC(312) Concurrent Scan Root Regions
[2026-03-26T14:02:45.373+0900][27.731s][info][gc,marking  ] GC(312) Concurrent Scan Root Regions 0.026ms
[2026-03-26T14:02:45.373+0900][27.731s][info][gc,marking  ] GC(312) Concurrent Mark
[2026-03-26T14:02:45.373+0900][27.731s][info][gc,marking  ] GC(312) Concurrent Mark From Roots
[2026-03-26T14:02:45.373+0900][27.731s][info][gc,task     ] GC(312) Using 3 workers of 3 for marking
[2026-03-26T14:02:45.377+0900][27.733s][info][gc,marking  ] GC(312) Concurrent Mark From Roots 1.550ms
[2026-03-26T14:02:45.377+0900][27.733s][info][gc,marking  ] GC(312) Concurrent Preclean
[2026-03-26T14:02:45.377+0900][27.733s][info][gc,marking  ] GC(312) Concurrent Preclean 0.031ms
[2026-03-26T14:02:45.377+0900][27.733s][info][gc,start    ] GC(312) Pause Remark
[2026-03-26T14:02:45.377+0900][27.734s][info][gc          ] GC(312) Pause Remark 360M->360M(512M) 0.876ms
[2026-03-26T14:02:45.377+0900][27.734s][info][gc,cpu      ] GC(312) User=0.00s Sys=0.00s Real=0.00s
[2026-03-26T14:02:45.377+0900][27.734s][info][gc,marking  ] GC(312) Concurrent Mark 2.732ms
[2026-03-26T14:02:45.377+0900][27.734s][info][gc,marking  ] GC(312) Concurrent Rebuild Remembered Sets and Scrub Regions
[2026-03-26T14:02:45.377+0900][27.735s][info][gc,marking  ] GC(312) Concurrent Rebuild Remembered Sets and Scrub Regions 0.665ms
[2026-03-26T14:02:45.377+0900][27.735s][info][gc,start    ] GC(312) Pause Cleanup
[2026-03-26T14:02:45.377+0900][27.735s][info][gc          ] GC(312) Pause Cleanup 360M->360M(512M) 0.188ms
[2026-03-26T14:02:45.377+0900][27.735s][info][gc,cpu      ] GC(312) User=0.00s Sys=0.00s Real=0.00s
[2026-03-26T14:02:45.377+0900][27.735s][info][gc,marking  ] GC(312) Concurrent Clear Claimed Marks
[2026-03-26T14:02:45.377+0900][27.735s][info][gc,marking  ] GC(312) Concurrent Clear Claimed Marks 0.059ms
[2026-03-26T14:02:45.377+0900][27.735s][info][gc,marking  ] GC(312) Concurrent Cleanup for Next Mark
[2026-03-26T14:02:45.377+0900][27.736s][info][gc,marking  ] GC(312) Concurrent Cleanup for Next Mark 0.370ms
[2026-03-26T14:02:45.377+0900][27.736s][info][gc          ] GC(312) Concurrent Mark Cycle 4.489ms
[2026-03-26T14:02:45.531+0900][27.887s][info][gc,start    ] GC(313) Pause Young (Concurrent Start) (G1 Humongous Allocation)
[2026-03-26T14:02:45.531+0900][27.887s][info][gc,task     ] GC(313) Using 12 workers of 13 for evacuation
[2026-03-26T14:02:45.532+0900][27.889s][info][gc,phases   ] GC(313)   Pre Evacuate Collection Set: 0.3ms
[2026-03-26T14:02:45.532+0900][27.889s][info][gc,phases   ] GC(313)   Merge Heap Roots: 0.2ms
[2026-03-26T14:02:45.532+0900][27.889s][info][gc,phases   ] GC(313)   Evacuate Collection Set: 0.5ms
[2026-03-26T14:02:45.532+0900][27.889s][info][gc,phases   ] GC(313)   Post Evacuate Collection Set: 0.3ms
[2026-03-26T14:02:45.532+0900][27.889s][info][gc,phases   ] GC(313)   Other: 0.1ms
[2026-03-26T14:02:45.532+0900][27.889s][info][gc,heap     ] GC(313) Eden regions: 50->0(124)
[2026-03-26T14:02:45.532+0900][27.889s][info][gc,heap     ] GC(313) Survivor regions: 0->0(17)
[2026-03-26T14:02:45.532+0900][27.889s][info][gc,heap     ] GC(313) Old regions: 1->1
[2026-03-26T14:02:45.532+0900][27.889s][info][gc,heap     ] GC(313) Humongous regions: 360->360
[2026-03-26T14:02:45.532+0900][27.889s][info][gc,metaspace] GC(313) Metaspace: 324K(512K)->324K(512K) NonClass: 307K(384K)->307K(384K) Class: 17K(128K)->17K(128K)
[2026-03-26T14:02:45.532+0900][27.889s][info][gc          ] GC(313) Pause Young (Concurrent Start) (G1 Humongous Allocation) 410M->360M(512M) 1.856ms
[2026-03-26T14:02:45.532+0900][27.889s][info][gc,cpu      ] GC(313) User=0.00s Sys=0.00s Real=0.00s
[2026-03-26T14:02:45.532+0900][27.889s][info][gc          ] GC(314) Concurrent Mark Cycle
[2026-03-26T14:02:45.532+0900][27.889s][info][gc,marking  ] GC(314) Concurrent Scan Root Regions
[2026-03-26T14:02:45.532+0900][27.889s][info][gc,marking  ] GC(314) Concurrent Scan Root Regions 0.116ms
[2026-03-26T14:02:45.532+0900][27.889s][info][gc,marking  ] GC(314) Concurrent Mark
[2026-03-26T14:02:45.532+0900][27.889s][info][gc,marking  ] GC(314) Concurrent Mark From Roots
[2026-03-26T14:02:45.532+0900][27.889s][info][gc,task     ] GC(314) Using 3 workers of 3 for marking
[2026-03-26T14:02:45.534+0900][27.891s][info][gc,marking  ] GC(314) Concurrent Mark From Roots 1.810ms
[2026-03-26T14:02:45.534+0900][27.891s][info][gc,marking  ] GC(314) Concurrent Preclean
[2026-03-26T14:02:45.534+0900][27.891s][info][gc,marking  ] GC(314) Concurrent Preclean 0.026ms
[2026-03-26T14:02:45.547+0900][27.902s][info][gc,start    ] GC(314) Pause Remark
[2026-03-26T14:02:45.547+0900][27.903s][info][gc          ] GC(314) Pause Remark 360M->360M(512M) 1.085ms
[2026-03-26T14:02:45.547+0900][27.903s][info][gc,cpu      ] GC(314) User=0.00s Sys=0.00s Real=0.00s
[2026-03-26T14:02:45.547+0900][27.904s][info][gc,marking  ] GC(314) Concurrent Mark 14.097ms
[2026-03-26T14:02:45.547+0900][27.904s][info][gc,marking  ] GC(314) Concurrent Rebuild Remembered Sets and Scrub Regions
[2026-03-26T14:02:45.549+0900][27.904s][info][gc,marking  ] GC(314) Concurrent Rebuild Remembered Sets and Scrub Regions 0.681ms
[2026-03-26T14:02:45.549+0900][27.905s][info][gc,start    ] GC(314) Pause Cleanup
[2026-03-26T14:02:45.549+0900][27.905s][info][gc          ] GC(314) Pause Cleanup 366M->366M(512M) 0.146ms
[2026-03-26T14:02:45.549+0900][27.905s][info][gc,cpu      ] GC(314) User=0.00s Sys=0.00s Real=0.00s
[2026-03-26T14:02:45.550+0900][27.905s][info][gc,marking  ] GC(314) Concurrent Clear Claimed Marks
[2026-03-26T14:02:45.550+0900][27.905s][info][gc,marking  ] GC(314) Concurrent Clear Claimed Marks 0.037ms
[2026-03-26T14:02:45.550+0900][27.905s][info][gc,marking  ] GC(314) Concurrent Cleanup for Next Mark
[2026-03-26T14:02:45.550+0900][27.906s][info][gc,marking  ] GC(314) Concurrent Cleanup for Next Mark 0.537ms
[2026-03-26T14:02:45.550+0900][27.906s][info][gc          ] GC(314) Concurrent Mark Cycle 16.412ms
[2026-03-26T14:02:45.706+0900][28.063s][info][gc,start    ] GC(315) Pause Young (Concurrent Start) (G1 Humongous Allocation)
[2026-03-26T14:02:45.706+0900][28.063s][info][gc,task     ] GC(315) Using 12 workers of 13 for evacuation
[2026-03-26T14:02:45.708+0900][28.063s][info][gc,phases   ] GC(315)   Pre Evacuate Collection Set: 0.2ms
[2026-03-26T14:02:45.708+0900][28.063s][info][gc,phases   ] GC(315)   Merge Heap Roots: 0.1ms
[2026-03-26T14:02:45.708+0900][28.064s][info][gc,phases   ] GC(315)   Evacuate Collection Set: 0.2ms
[2026-03-26T14:02:45.708+0900][28.064s][info][gc,phases   ] GC(315)   Post Evacuate Collection Set: 0.2ms
[2026-03-26T14:02:45.708+0900][28.064s][info][gc,phases   ] GC(315)   Other: 0.1ms
[2026-03-26T14:02:45.708+0900][28.064s][info][gc,heap     ] GC(315) Eden regions: 50->0(208)
[2026-03-26T14:02:45.708+0900][28.064s][info][gc,heap     ] GC(315) Survivor regions: 0->0(16)
[2026-03-26T14:02:45.708+0900][28.064s][info][gc,heap     ] GC(315) Old regions: 1->1
[2026-03-26T14:02:45.708+0900][28.064s][info][gc,heap     ] GC(315) Humongous regions: 366->276
[2026-03-26T14:02:45.708+0900][28.064s][info][gc,metaspace] GC(315) Metaspace: 324K(512K)->324K(512K) NonClass: 307K(384K)->307K(384K) Class: 17K(128K)->17K(128K)
[2026-03-26T14:02:45.708+0900][28.064s][info][gc          ] GC(315) Pause Young (Concurrent Start) (G1 Humongous Allocation) 416M->276M(512M) 0.968ms
[2026-03-26T14:02:45.708+0900][28.064s][info][gc,cpu      ] GC(315) User=0.00s Sys=0.00s Real=0.00s
[2026-03-26T14:02:45.708+0900][28.064s][info][gc          ] GC(316) Concurrent Mark Cycle
[2026-03-26T14:02:45.708+0900][28.064s][info][gc,marking  ] GC(316) Concurrent Scan Root Regions
[2026-03-26T14:02:45.708+0900][28.064s][info][gc,marking  ] GC(316) Concurrent Scan Root Regions 0.016ms
[2026-03-26T14:02:45.708+0900][28.064s][info][gc,marking  ] GC(316) Concurrent Mark
[2026-03-26T14:02:45.708+0900][28.064s][info][gc,marking  ] GC(316) Concurrent Mark From Roots
[2026-03-26T14:02:45.708+0900][28.064s][info][gc,task     ] GC(316) Using 3 workers of 3 for marking
[2026-03-26T14:02:45.709+0900][28.065s][info][gc,marking  ] GC(316) Concurrent Mark From Roots 1.085ms
[2026-03-26T14:02:45.709+0900][28.065s][info][gc,marking  ] GC(316) Concurrent Preclean
[2026-03-26T14:02:45.709+0900][28.065s][info][gc,marking  ] GC(316) Concurrent Preclean 0.016ms
[2026-03-26T14:02:45.709+0900][28.065s][info][gc,start    ] GC(316) Pause Remark
[2026-03-26T14:02:45.709+0900][28.065s][info][gc          ] GC(316) Pause Remark 282M->282M(512M) 0.448ms
[2026-03-26T14:02:45.709+0900][28.065s][info][gc,cpu      ] GC(316) User=0.00s Sys=0.00s Real=0.00s
[2026-03-26T14:02:45.709+0900][28.065s][info][gc,marking  ] GC(316) Concurrent Mark 1.702ms
[2026-03-26T14:02:45.709+0900][28.065s][info][gc,marking  ] GC(316) Concurrent Rebuild Remembered Sets and Scrub Regions
[2026-03-26T14:02:45.711+0900][28.066s][info][gc,marking  ] GC(316) Concurrent Rebuild Remembered Sets and Scrub Regions 0.398ms
[2026-03-26T14:02:45.711+0900][28.066s][info][gc,start    ] GC(316) Pause Cleanup
[2026-03-26T14:02:45.711+0900][28.066s][info][gc          ] GC(316) Pause Cleanup 282M->282M(512M) 0.120ms
[2026-03-26T14:02:45.711+0900][28.066s][info][gc,cpu      ] GC(316) User=0.00s Sys=0.00s Real=0.00s
[2026-03-26T14:02:45.711+0900][28.066s][info][gc,marking  ] GC(316) Concurrent Clear Claimed Marks
[2026-03-26T14:02:45.711+0900][28.066s][info][gc,marking  ] GC(316) Concurrent Clear Claimed Marks 0.027ms
[2026-03-26T14:02:45.711+0900][28.066s][info][gc,marking  ] GC(316) Concurrent Cleanup for Next Mark
[2026-03-26T14:02:45.711+0900][28.067s][info][gc,marking  ] GC(316) Concurrent Cleanup for Next Mark 0.368ms
[2026-03-26T14:02:45.711+0900][28.067s][info][gc          ] GC(316) Concurrent Mark Cycle 2.870ms
[2026-03-26T14:02:45.864+0900][28.219s][info][gc,start    ] GC(317) Pause Young (Concurrent Start) (G1 Humongous Allocation)
[2026-03-26T14:02:45.864+0900][28.219s][info][gc,task     ] GC(317) Using 12 workers of 13 for evacuation
[2026-03-26T14:02:45.864+0900][28.220s][info][gc,phases   ] GC(317)   Pre Evacuate Collection Set: 0.2ms
[2026-03-26T14:02:45.864+0900][28.220s][info][gc,phases   ] GC(317)   Merge Heap Roots: 0.1ms
[2026-03-26T14:02:45.864+0900][28.220s][info][gc,phases   ] GC(317)   Evacuate Collection Set: 0.1ms
[2026-03-26T14:02:45.864+0900][28.220s][info][gc,phases   ] GC(317)   Post Evacuate Collection Set: 0.1ms
[2026-03-26T14:02:45.865+0900][28.220s][info][gc,phases   ] GC(317)   Other: 0.1ms
[2026-03-26T14:02:45.865+0900][28.220s][info][gc,heap     ] GC(317) Eden regions: 50->0(202)
[2026-03-26T14:02:45.865+0900][28.220s][info][gc,heap     ] GC(317) Survivor regions: 0->0(26)
[2026-03-26T14:02:45.865+0900][28.220s][info][gc,heap     ] GC(317) Old regions: 1->1
[2026-03-26T14:02:45.865+0900][28.220s][info][gc,heap     ] GC(317) Humongous regions: 282->282
[2026-03-26T14:02:45.865+0900][28.220s][info][gc,metaspace] GC(317) Metaspace: 324K(512K)->324K(512K) NonClass: 307K(384K)->307K(384K) Class: 17K(128K)->17K(128K)
[2026-03-26T14:02:45.865+0900][28.220s][info][gc          ] GC(317) Pause Young (Concurrent Start) (G1 Humongous Allocation) 332M->282M(512M) 0.859ms
[2026-03-26T14:02:45.865+0900][28.220s][info][gc,cpu      ] GC(317) User=0.00s Sys=0.00s Real=0.00s
[2026-03-26T14:02:45.865+0900][28.220s][info][gc          ] GC(318) Concurrent Mark Cycle
[2026-03-26T14:02:45.865+0900][28.220s][info][gc,marking  ] GC(318) Concurrent Scan Root Regions
[2026-03-26T14:02:45.865+0900][28.220s][info][gc,marking  ] GC(318) Concurrent Scan Root Regions 0.013ms
[2026-03-26T14:02:45.865+0900][28.220s][info][gc,marking  ] GC(318) Concurrent Mark
[2026-03-26T14:02:45.865+0900][28.220s][info][gc,marking  ] GC(318) Concurrent Mark From Roots
[2026-03-26T14:02:45.865+0900][28.220s][info][gc,task     ] GC(318) Using 3 workers of 3 for marking
[2026-03-26T14:02:45.865+0900][28.221s][info][gc,marking  ] GC(318) Concurrent Mark From Roots 0.874ms
[2026-03-26T14:02:45.865+0900][28.221s][info][gc,marking  ] GC(318) Concurrent Preclean
[2026-03-26T14:02:45.865+0900][28.221s][info][gc,marking  ] GC(318) Concurrent Preclean 0.018ms
[2026-03-26T14:02:45.865+0900][28.221s][info][gc,start    ] GC(318) Pause Remark
[2026-03-26T14:02:45.866+0900][28.222s][info][gc          ] GC(318) Pause Remark 288M->288M(512M) 0.460ms
[2026-03-26T14:02:45.866+0900][28.222s][info][gc,cpu      ] GC(318) User=0.00s Sys=0.00s Real=0.00s
[2026-03-26T14:02:45.866+0900][28.222s][info][gc,marking  ] GC(318) Concurrent Mark 1.589ms
[2026-03-26T14:02:45.866+0900][28.222s][info][gc,marking  ] GC(318) Concurrent Rebuild Remembered Sets and Scrub Regions
[2026-03-26T14:02:45.866+0900][28.222s][info][gc,marking  ] GC(318) Concurrent Rebuild Remembered Sets and Scrub Regions 0.414ms
[2026-03-26T14:02:45.866+0900][28.222s][info][gc,start    ] GC(318) Pause Cleanup
[2026-03-26T14:02:45.866+0900][28.222s][info][gc          ] GC(318) Pause Cleanup 288M->288M(512M) 0.104ms
[2026-03-26T14:02:45.866+0900][28.222s][info][gc,cpu      ] GC(318) User=0.00s Sys=0.00s Real=0.00s
[2026-03-26T14:02:45.866+0900][28.222s][info][gc,marking  ] GC(318) Concurrent Clear Claimed Marks
[2026-03-26T14:02:45.866+0900][28.222s][info][gc,marking  ] GC(318) Concurrent Clear Claimed Marks 0.044ms
[2026-03-26T14:02:45.866+0900][28.222s][info][gc,marking  ] GC(318) Concurrent Cleanup for Next Mark
[2026-03-26T14:02:45.866+0900][28.223s][info][gc,marking  ] GC(318) Concurrent Cleanup for Next Mark 0.312ms
[2026-03-26T14:02:45.866+0900][28.223s][info][gc          ] GC(318) Concurrent Mark Cycle 2.674ms
[2026-03-26T14:02:46.022+0900][28.378s][info][gc,start    ] GC(319) Pause Young (Concurrent Start) (G1 Humongous Allocation)
[2026-03-26T14:02:46.022+0900][28.378s][info][gc,task     ] GC(319) Using 12 workers of 13 for evacuation
[2026-03-26T14:02:46.023+0900][28.379s][info][gc,phases   ] GC(319)   Pre Evacuate Collection Set: 0.2ms
[2026-03-26T14:02:46.023+0900][28.379s][info][gc,phases   ] GC(319)   Merge Heap Roots: 0.1ms
[2026-03-26T14:02:46.023+0900][28.379s][info][gc,phases   ] GC(319)   Evacuate Collection Set: 0.2ms
[2026-03-26T14:02:46.023+0900][28.379s][info][gc,phases   ] GC(319)   Post Evacuate Collection Set: 0.2ms
[2026-03-26T14:02:46.023+0900][28.379s][info][gc,phases   ] GC(319)   Other: 0.1ms
[2026-03-26T14:02:46.023+0900][28.379s][info][gc,heap     ] GC(319) Eden regions: 50->0(196)
[2026-03-26T14:02:46.023+0900][28.379s][info][gc,heap     ] GC(319) Survivor regions: 0->0(26)
[2026-03-26T14:02:46.023+0900][28.379s][info][gc,heap     ] GC(319) Old regions: 1->1
[2026-03-26T14:02:46.023+0900][28.379s][info][gc,heap     ] GC(319) Humongous regions: 288->288
[2026-03-26T14:02:46.023+0900][28.379s][info][gc,metaspace] GC(319) Metaspace: 324K(512K)->324K(512K) NonClass: 307K(384K)->307K(384K) Class: 17K(128K)->17K(128K)
[2026-03-26T14:02:46.023+0900][28.379s][info][gc          ] GC(319) Pause Young (Concurrent Start) (G1 Humongous Allocation) 338M->288M(512M) 1.151ms
[2026-03-26T14:02:46.023+0900][28.379s][info][gc,cpu      ] GC(319) User=0.00s Sys=0.00s Real=0.00s
[2026-03-26T14:02:46.023+0900][28.379s][info][gc          ] GC(320) Concurrent Mark Cycle
[2026-03-26T14:02:46.023+0900][28.379s][info][gc,marking  ] GC(320) Concurrent Scan Root Regions
[2026-03-26T14:02:46.023+0900][28.379s][info][gc,marking  ] GC(320) Concurrent Scan Root Regions 0.012ms
[2026-03-26T14:02:46.023+0900][28.379s][info][gc,marking  ] GC(320) Concurrent Mark
[2026-03-26T14:02:46.023+0900][28.379s][info][gc,marking  ] GC(320) Concurrent Mark From Roots
[2026-03-26T14:02:46.023+0900][28.379s][info][gc,task     ] GC(320) Using 3 workers of 3 for marking
[2026-03-26T14:02:46.024+0900][28.380s][info][gc,marking  ] GC(320) Concurrent Mark From Roots 1.024ms
[2026-03-26T14:02:46.024+0900][28.380s][info][gc,marking  ] GC(320) Concurrent Preclean
[2026-03-26T14:02:46.024+0900][28.380s][info][gc,marking  ] GC(320) Concurrent Preclean 0.016ms
[2026-03-26T14:02:46.024+0900][28.380s][info][gc,start    ] GC(320) Pause Remark
[2026-03-26T14:02:46.024+0900][28.381s][info][gc          ] GC(320) Pause Remark 288M->288M(512M) 0.543ms
[2026-03-26T14:02:46.024+0900][28.381s][info][gc,cpu      ] GC(320) User=0.00s Sys=0.00s Real=0.00s
[2026-03-26T14:02:46.024+0900][28.381s][info][gc,marking  ] GC(320) Concurrent Mark 1.764ms
[2026-03-26T14:02:46.024+0900][28.381s][info][gc,marking  ] GC(320) Concurrent Rebuild Remembered Sets and Scrub Regions
[2026-03-26T14:02:46.026+0900][28.382s][info][gc,marking  ] GC(320) Concurrent Rebuild Remembered Sets and Scrub Regions 0.567ms
[2026-03-26T14:02:46.026+0900][28.382s][info][gc,start    ] GC(320) Pause Cleanup
[2026-03-26T14:02:46.026+0900][28.382s][info][gc          ] GC(320) Pause Cleanup 294M->294M(512M) 0.090ms
[2026-03-26T14:02:46.026+0900][28.382s][info][gc,cpu      ] GC(320) User=0.00s Sys=0.00s Real=0.00s
[2026-03-26T14:02:46.026+0900][28.382s][info][gc,marking  ] GC(320) Concurrent Clear Claimed Marks
[2026-03-26T14:02:46.026+0900][28.382s][info][gc,marking  ] GC(320) Concurrent Clear Claimed Marks 0.020ms
[2026-03-26T14:02:46.026+0900][28.382s][info][gc,marking  ] GC(320) Concurrent Cleanup for Next Mark
[2026-03-26T14:02:46.027+0900][28.382s][info][gc,marking  ] GC(320) Concurrent Cleanup for Next Mark 0.362ms
[2026-03-26T14:02:46.027+0900][28.382s][info][gc          ] GC(320) Concurrent Mark Cycle 3.234ms
[2026-03-26T14:02:46.180+0900][28.537s][info][gc,start    ] GC(321) Pause Young (Concurrent Start) (G1 Humongous Allocation)
[2026-03-26T14:02:46.180+0900][28.537s][info][gc,task     ] GC(321) Using 12 workers of 13 for evacuation
[2026-03-26T14:02:46.182+0900][28.538s][info][gc,phases   ] GC(321)   Pre Evacuate Collection Set: 0.3ms
[2026-03-26T14:02:46.182+0900][28.538s][info][gc,phases   ] GC(321)   Merge Heap Roots: 0.1ms
[2026-03-26T14:02:46.182+0900][28.538s][info][gc,phases   ] GC(321)   Evacuate Collection Set: 0.3ms
[2026-03-26T14:02:46.182+0900][28.538s][info][gc,phases   ] GC(321)   Post Evacuate Collection Set: 0.3ms
[2026-03-26T14:02:46.182+0900][28.538s][info][gc,phases   ] GC(321)   Other: 0.1ms
[2026-03-26T14:02:46.182+0900][28.538s][info][gc,heap     ] GC(321) Eden regions: 50->0(190)
[2026-03-26T14:02:46.182+0900][28.538s][info][gc,heap     ] GC(321) Survivor regions: 0->0(25)
[2026-03-26T14:02:46.182+0900][28.538s][info][gc,heap     ] GC(321) Old regions: 1->1
[2026-03-26T14:02:46.183+0900][28.538s][info][gc,heap     ] GC(321) Humongous regions: 294->294
[2026-03-26T14:02:46.183+0900][28.538s][info][gc,metaspace] GC(321) Metaspace: 324K(512K)->324K(512K) NonClass: 307K(384K)->307K(384K) Class: 17K(128K)->17K(128K)
[2026-03-26T14:02:46.183+0900][28.539s][info][gc          ] GC(321) Pause Young (Concurrent Start) (G1 Humongous Allocation) 344M->294M(512M) 1.605ms
[2026-03-26T14:02:46.183+0900][28.539s][info][gc,cpu      ] GC(321) User=0.00s Sys=0.00s Real=0.00s
[2026-03-26T14:02:46.183+0900][28.539s][info][gc          ] GC(322) Concurrent Mark Cycle
[2026-03-26T14:02:46.183+0900][28.539s][info][gc,marking  ] GC(322) Concurrent Scan Root Regions
[2026-03-26T14:02:46.183+0900][28.539s][info][gc,marking  ] GC(322) Concurrent Scan Root Regions 0.023ms
[2026-03-26T14:02:46.183+0900][28.539s][info][gc,marking  ] GC(322) Concurrent Mark
[2026-03-26T14:02:46.183+0900][28.539s][info][gc,marking  ] GC(322) Concurrent Mark From Roots
[2026-03-26T14:02:46.183+0900][28.539s][info][gc,task     ] GC(322) Using 3 workers of 3 for marking
[2026-03-26T14:02:46.183+0900][28.540s][info][gc,marking  ] GC(322) Concurrent Mark From Roots 1.478ms
[2026-03-26T14:02:46.183+0900][28.540s][info][gc,marking  ] GC(322) Concurrent Preclean
[2026-03-26T14:02:46.183+0900][28.540s][info][gc,marking  ] GC(322) Concurrent Preclean 0.024ms
[2026-03-26T14:02:46.183+0900][28.540s][info][gc,start    ] GC(322) Pause Remark
[2026-03-26T14:02:46.185+0900][28.541s][info][gc          ] GC(322) Pause Remark 301M->301M(512M) 0.843ms
[2026-03-26T14:02:46.185+0900][28.541s][info][gc,cpu      ] GC(322) User=0.00s Sys=0.00s Real=0.00s
[2026-03-26T14:02:46.185+0900][28.541s][info][gc,marking  ] GC(322) Concurrent Mark 2.566ms
[2026-03-26T14:02:46.185+0900][28.541s][info][gc,marking  ] GC(322) Concurrent Rebuild Remembered Sets and Scrub Regions
[2026-03-26T14:02:46.186+0900][28.542s][info][gc,marking  ] GC(322) Concurrent Rebuild Remembered Sets and Scrub Regions 0.579ms
[2026-03-26T14:02:46.186+0900][28.542s][info][gc,start    ] GC(322) Pause Cleanup
[2026-03-26T14:02:46.186+0900][28.542s][info][gc          ] GC(322) Pause Cleanup 301M->301M(512M) 0.173ms
[2026-03-26T14:02:46.186+0900][28.542s][info][gc,cpu      ] GC(322) User=0.00s Sys=0.00s Real=0.00s
[2026-03-26T14:02:46.186+0900][28.542s][info][gc,marking  ] GC(322) Concurrent Clear Claimed Marks
[2026-03-26T14:02:46.186+0900][28.542s][info][gc,marking  ] GC(322) Concurrent Clear Claimed Marks 0.039ms
[2026-03-26T14:02:46.186+0900][28.542s][info][gc,marking  ] GC(322) Concurrent Cleanup for Next Mark
[2026-03-26T14:02:46.187+0900][28.543s][info][gc,marking  ] GC(322) Concurrent Cleanup for Next Mark 0.430ms
[2026-03-26T14:02:46.187+0900][28.543s][info][gc          ] GC(322) Concurrent Mark Cycle 4.079ms
[2026-03-26T14:02:46.343+0900][28.699s][info][gc,start    ] GC(323) Pause Young (Concurrent Start) (G1 Humongous Allocation)
[2026-03-26T14:02:46.343+0900][28.700s][info][gc,task     ] GC(323) Using 12 workers of 13 for evacuation
[2026-03-26T14:02:46.345+0900][28.700s][info][gc,phases   ] GC(323)   Pre Evacuate Collection Set: 0.2ms
[2026-03-26T14:02:46.345+0900][28.701s][info][gc,phases   ] GC(323)   Merge Heap Roots: 0.1ms
[2026-03-26T14:02:46.345+0900][28.701s][info][gc,phases   ] GC(323)   Evacuate Collection Set: 0.3ms
[2026-03-26T14:02:46.345+0900][28.701s][info][gc,phases   ] GC(323)   Post Evacuate Collection Set: 0.1ms
[2026-03-26T14:02:46.345+0900][28.701s][info][gc,phases   ] GC(323)   Other: 0.1ms
[2026-03-26T14:02:46.345+0900][28.701s][info][gc,heap     ] GC(323) Eden regions: 50->0(184)
[2026-03-26T14:02:46.345+0900][28.701s][info][gc,heap     ] GC(323) Survivor regions: 0->0(24)
[2026-03-26T14:02:46.345+0900][28.701s][info][gc,heap     ] GC(323) Old regions: 1->1
[2026-03-26T14:02:46.345+0900][28.701s][info][gc,heap     ] GC(323) Humongous regions: 300->300
[2026-03-26T14:02:46.345+0900][28.701s][info][gc,metaspace] GC(323) Metaspace: 324K(512K)->324K(512K) NonClass: 307K(384K)->307K(384K) Class: 17K(128K)->17K(128K)
[2026-03-26T14:02:46.345+0900][28.701s][info][gc          ] GC(323) Pause Young (Concurrent Start) (G1 Humongous Allocation) 350M->300M(512M) 1.185ms
[2026-03-26T14:02:46.345+0900][28.701s][info][gc,cpu      ] GC(323) User=0.00s Sys=0.00s Real=0.00s
[2026-03-26T14:02:46.345+0900][28.701s][info][gc          ] GC(324) Concurrent Mark Cycle
[2026-03-26T14:02:46.345+0900][28.701s][info][gc,marking  ] GC(324) Concurrent Scan Root Regions
[2026-03-26T14:02:46.345+0900][28.701s][info][gc,marking  ] GC(324) Concurrent Scan Root Regions 0.013ms
[2026-03-26T14:02:46.345+0900][28.701s][info][gc,marking  ] GC(324) Concurrent Mark
[2026-03-26T14:02:46.345+0900][28.701s][info][gc,marking  ] GC(324) Concurrent Mark From Roots
[2026-03-26T14:02:46.345+0900][28.701s][info][gc,task     ] GC(324) Using 3 workers of 3 for marking
[2026-03-26T14:02:46.345+0900][28.702s][info][gc,marking  ] GC(324) Concurrent Mark From Roots 1.059ms
[2026-03-26T14:02:46.345+0900][28.702s][info][gc,marking  ] GC(324) Concurrent Preclean
[2026-03-26T14:02:46.345+0900][28.702s][info][gc,marking  ] GC(324) Concurrent Preclean 0.014ms
[2026-03-26T14:02:46.345+0900][28.702s][info][gc,start    ] GC(324) Pause Remark
[2026-03-26T14:02:46.347+0900][28.702s][info][gc          ] GC(324) Pause Remark 300M->300M(512M) 0.517ms
[2026-03-26T14:02:46.347+0900][28.703s][info][gc,cpu      ] GC(324) User=0.00s Sys=0.00s Real=0.00s
[2026-03-26T14:02:46.347+0900][28.703s][info][gc,marking  ] GC(324) Concurrent Mark 1.758ms
[2026-03-26T14:02:46.347+0900][28.703s][info][gc,marking  ] GC(324) Concurrent Rebuild Remembered Sets and Scrub Regions
[2026-03-26T14:02:46.347+0900][28.703s][info][gc,marking  ] GC(324) Concurrent Rebuild Remembered Sets and Scrub Regions 0.400ms
[2026-03-26T14:02:46.347+0900][28.703s][info][gc,start    ] GC(324) Pause Cleanup
[2026-03-26T14:02:46.347+0900][28.703s][info][gc          ] GC(324) Pause Cleanup 300M->300M(512M) 0.067ms
[2026-03-26T14:02:46.347+0900][28.703s][info][gc,cpu      ] GC(324) User=0.00s Sys=0.00s Real=0.00s
[2026-03-26T14:02:46.347+0900][28.703s][info][gc,marking  ] GC(324) Concurrent Clear Claimed Marks
[2026-03-26T14:02:46.347+0900][28.703s][info][gc,marking  ] GC(324) Concurrent Clear Claimed Marks 0.013ms
[2026-03-26T14:02:46.347+0900][28.703s][info][gc,marking  ] GC(324) Concurrent Cleanup for Next Mark
[2026-03-26T14:02:46.347+0900][28.704s][info][gc,marking  ] GC(324) Concurrent Cleanup for Next Mark 0.639ms
[2026-03-26T14:02:46.347+0900][28.704s][info][gc          ] GC(324) Concurrent Mark Cycle 3.045ms
[2026-03-26T14:02:46.520+0900][28.876s][info][gc,start    ] GC(325) Pause Young (Concurrent Start) (G1 Humongous Allocation)
[2026-03-26T14:02:46.520+0900][28.876s][info][gc,task     ] GC(325) Using 12 workers of 13 for evacuation
[2026-03-26T14:02:46.520+0900][28.877s][info][gc,phases   ] GC(325)   Pre Evacuate Collection Set: 0.2ms
[2026-03-26T14:02:46.520+0900][28.877s][info][gc,phases   ] GC(325)   Merge Heap Roots: 0.1ms
[2026-03-26T14:02:46.520+0900][28.877s][info][gc,phases   ] GC(325)   Evacuate Collection Set: 0.4ms
[2026-03-26T14:02:46.520+0900][28.877s][info][gc,phases   ] GC(325)   Post Evacuate Collection Set: 0.2ms
[2026-03-26T14:02:46.520+0900][28.877s][info][gc,phases   ] GC(325)   Other: 0.1ms
[2026-03-26T14:02:46.520+0900][28.877s][info][gc,heap     ] GC(325) Eden regions: 50->0(178)
[2026-03-26T14:02:46.522+0900][28.877s][info][gc,heap     ] GC(325) Survivor regions: 0->0(23)
[2026-03-26T14:02:46.522+0900][28.877s][info][gc,heap     ] GC(325) Old regions: 1->1
[2026-03-26T14:02:46.522+0900][28.877s][info][gc,heap     ] GC(325) Humongous regions: 306->306
[2026-03-26T14:02:46.522+0900][28.877s][info][gc,metaspace] GC(325) Metaspace: 324K(512K)->324K(512K) NonClass: 307K(384K)->307K(384K) Class: 17K(128K)->17K(128K)
[2026-03-26T14:02:46.522+0900][28.877s][info][gc          ] GC(325) Pause Young (Concurrent Start) (G1 Humongous Allocation) 356M->306M(512M) 1.260ms
[2026-03-26T14:02:46.522+0900][28.877s][info][gc,cpu      ] GC(325) User=0.00s Sys=0.00s Real=0.00s
[2026-03-26T14:02:46.522+0900][28.877s][info][gc          ] GC(326) Concurrent Mark Cycle
[2026-03-26T14:02:46.522+0900][28.877s][info][gc,marking  ] GC(326) Concurrent Scan Root Regions
[2026-03-26T14:02:46.522+0900][28.877s][info][gc,marking  ] GC(326) Concurrent Scan Root Regions 0.013ms
[2026-03-26T14:02:46.522+0900][28.877s][info][gc,marking  ] GC(326) Concurrent Mark
[2026-03-26T14:02:46.522+0900][28.877s][info][gc,marking  ] GC(326) Concurrent Mark From Roots
[2026-03-26T14:02:46.522+0900][28.877s][info][gc,task     ] GC(326) Using 3 workers of 3 for marking
[2026-03-26T14:02:46.522+0900][28.878s][info][gc,marking  ] GC(326) Concurrent Mark From Roots 1.060ms
[2026-03-26T14:02:46.522+0900][28.878s][info][gc,marking  ] GC(326) Concurrent Preclean
[2026-03-26T14:02:46.522+0900][28.878s][info][gc,marking  ] GC(326) Concurrent Preclean 0.014ms
[2026-03-26T14:02:46.522+0900][28.879s][info][gc,start    ] GC(326) Pause Remark
[2026-03-26T14:02:46.524+0900][28.879s][info][gc          ] GC(326) Pause Remark 306M->306M(512M) 0.534ms
[2026-03-26T14:02:46.524+0900][28.879s][info][gc,cpu      ] GC(326) User=0.00s Sys=0.00s Real=0.00s
[2026-03-26T14:02:46.524+0900][28.879s][info][gc,marking  ] GC(326) Concurrent Mark 1.892ms
[2026-03-26T14:02:46.524+0900][28.879s][info][gc,marking  ] GC(326) Concurrent Rebuild Remembered Sets and Scrub Regions
[2026-03-26T14:02:46.524+0900][28.880s][info][gc,marking  ] GC(326) Concurrent Rebuild Remembered Sets and Scrub Regions 0.405ms
[2026-03-26T14:02:46.524+0900][28.880s][info][gc,start    ] GC(326) Pause Cleanup
[2026-03-26T14:02:46.524+0900][28.880s][info][gc          ] GC(326) Pause Cleanup 306M->306M(512M) 0.063ms
[2026-03-26T14:02:46.524+0900][28.880s][info][gc,cpu      ] GC(326) User=0.00s Sys=0.00s Real=0.00s
[2026-03-26T14:02:46.524+0900][28.880s][info][gc,marking  ] GC(326) Concurrent Clear Claimed Marks
[2026-03-26T14:02:46.524+0900][28.880s][info][gc,marking  ] GC(326) Concurrent Clear Claimed Marks 0.016ms
[2026-03-26T14:02:46.524+0900][28.880s][info][gc,marking  ] GC(326) Concurrent Cleanup for Next Mark
[2026-03-26T14:02:46.524+0900][28.880s][info][gc,marking  ] GC(326) Concurrent Cleanup for Next Mark 0.638ms
[2026-03-26T14:02:46.524+0900][28.880s][info][gc          ] GC(326) Concurrent Mark Cycle 3.186ms
[2026-03-26T14:02:46.681+0900][29.037s][info][gc,start    ] GC(327) Pause Young (Concurrent Start) (G1 Humongous Allocation)
[2026-03-26T14:02:46.681+0900][29.037s][info][gc,task     ] GC(327) Using 12 workers of 13 for evacuation
[2026-03-26T14:02:46.683+0900][29.038s][info][gc,phases   ] GC(327)   Pre Evacuate Collection Set: 0.3ms
[2026-03-26T14:02:46.683+0900][29.038s][info][gc,phases   ] GC(327)   Merge Heap Roots: 0.1ms
[2026-03-26T14:02:46.683+0900][29.038s][info][gc,phases   ] GC(327)   Evacuate Collection Set: 0.4ms
[2026-03-26T14:02:46.683+0900][29.038s][info][gc,phases   ] GC(327)   Post Evacuate Collection Set: 0.3ms
[2026-03-26T14:02:46.683+0900][29.039s][info][gc,phases   ] GC(327)   Other: 0.1ms
[2026-03-26T14:02:46.683+0900][29.039s][info][gc,heap     ] GC(327) Eden regions: 50->0(172)
[2026-03-26T14:02:46.683+0900][29.039s][info][gc,heap     ] GC(327) Survivor regions: 0->0(23)
[2026-03-26T14:02:46.683+0900][29.039s][info][gc,heap     ] GC(327) Old regions: 1->1
[2026-03-26T14:02:46.683+0900][29.039s][info][gc,heap     ] GC(327) Humongous regions: 312->312
[2026-03-26T14:02:46.683+0900][29.039s][info][gc,metaspace] GC(327) Metaspace: 324K(512K)->324K(512K) NonClass: 307K(384K)->307K(384K) Class: 17K(128K)->17K(128K)
[2026-03-26T14:02:46.683+0900][29.039s][info][gc          ] GC(327) Pause Young (Concurrent Start) (G1 Humongous Allocation) 362M->312M(512M) 1.659ms
[2026-03-26T14:02:46.683+0900][29.039s][info][gc,cpu      ] GC(327) User=0.00s Sys=0.00s Real=0.00s
[2026-03-26T14:02:46.683+0900][29.039s][info][gc          ] GC(328) Concurrent Mark Cycle
[2026-03-26T14:02:46.683+0900][29.039s][info][gc,marking  ] GC(328) Concurrent Scan Root Regions
[2026-03-26T14:02:46.683+0900][29.039s][info][gc,marking  ] GC(328) Concurrent Scan Root Regions 0.024ms
[2026-03-26T14:02:46.683+0900][29.039s][info][gc,marking  ] GC(328) Concurrent Mark
[2026-03-26T14:02:46.683+0900][29.039s][info][gc,marking  ] GC(328) Concurrent Mark From Roots
[2026-03-26T14:02:46.683+0900][29.039s][info][gc,task     ] GC(328) Using 3 workers of 3 for marking
[2026-03-26T14:02:46.685+0900][29.041s][info][gc,marking  ] GC(328) Concurrent Mark From Roots 1.850ms
[2026-03-26T14:02:46.685+0900][29.041s][info][gc,marking  ] GC(328) Concurrent Preclean
[2026-03-26T14:02:46.685+0900][29.041s][info][gc,marking  ] GC(328) Concurrent Preclean 0.024ms
[2026-03-26T14:02:46.685+0900][29.041s][info][gc,start    ] GC(328) Pause Remark
[2026-03-26T14:02:46.685+0900][29.042s][info][gc          ] GC(328) Pause Remark 312M->312M(512M) 0.707ms
[2026-03-26T14:02:46.685+0900][29.042s][info][gc,cpu      ] GC(328) User=0.00s Sys=0.00s Real=0.00s
[2026-03-26T14:02:46.685+0900][29.042s][info][gc,marking  ] GC(328) Concurrent Mark 2.805ms
[2026-03-26T14:02:46.685+0900][29.042s][info][gc,marking  ] GC(328) Concurrent Rebuild Remembered Sets and Scrub Regions
[2026-03-26T14:02:46.687+0900][29.042s][info][gc,marking  ] GC(328) Concurrent Rebuild Remembered Sets and Scrub Regions 0.620ms
[2026-03-26T14:02:46.687+0900][29.042s][info][gc,start    ] GC(328) Pause Cleanup
[2026-03-26T14:02:46.687+0900][29.042s][info][gc          ] GC(328) Pause Cleanup 312M->312M(512M) 0.104ms
[2026-03-26T14:02:46.687+0900][29.043s][info][gc,cpu      ] GC(328) User=0.00s Sys=0.00s Real=0.00s
[2026-03-26T14:02:46.687+0900][29.043s][info][gc,marking  ] GC(328) Concurrent Clear Claimed Marks
[2026-03-26T14:02:46.687+0900][29.043s][info][gc,marking  ] GC(328) Concurrent Clear Claimed Marks 0.021ms
[2026-03-26T14:02:46.687+0900][29.043s][info][gc,marking  ] GC(328) Concurrent Cleanup for Next Mark
[2026-03-26T14:02:46.687+0900][29.043s][info][gc,marking  ] GC(328) Concurrent Cleanup for Next Mark 0.790ms
[2026-03-26T14:02:46.687+0900][29.043s][info][gc          ] GC(328) Concurrent Mark Cycle 4.611ms
[2026-03-26T14:02:46.846+0900][29.202s][info][gc,start    ] GC(329) Pause Young (Concurrent Start) (G1 Humongous Allocation)
[2026-03-26T14:02:46.846+0900][29.203s][info][gc,task     ] GC(329) Using 12 workers of 13 for evacuation
[2026-03-26T14:02:46.848+0900][29.204s][info][gc,phases   ] GC(329)   Pre Evacuate Collection Set: 0.2ms
[2026-03-26T14:02:46.848+0900][29.204s][info][gc,phases   ] GC(329)   Merge Heap Roots: 0.1ms
[2026-03-26T14:02:46.848+0900][29.204s][info][gc,phases   ] GC(329)   Evacuate Collection Set: 0.4ms
[2026-03-26T14:02:46.848+0900][29.204s][info][gc,phases   ] GC(329)   Post Evacuate Collection Set: 0.2ms
[2026-03-26T14:02:46.848+0900][29.204s][info][gc,phases   ] GC(329)   Other: 0.1ms
[2026-03-26T14:02:46.848+0900][29.204s][info][gc,heap     ] GC(329) Eden regions: 50->0(166)
[2026-03-26T14:02:46.848+0900][29.204s][info][gc,heap     ] GC(329) Survivor regions: 0->0(22)
[2026-03-26T14:02:46.848+0900][29.204s][info][gc,heap     ] GC(329) Old regions: 1->1
[2026-03-26T14:02:46.848+0900][29.204s][info][gc,heap     ] GC(329) Humongous regions: 318->318
[2026-03-26T14:02:46.848+0900][29.204s][info][gc,metaspace] GC(329) Metaspace: 324K(512K)->324K(512K) NonClass: 307K(384K)->307K(384K) Class: 17K(128K)->17K(128K)
[2026-03-26T14:02:46.848+0900][29.204s][info][gc          ] GC(329) Pause Young (Concurrent Start) (G1 Humongous Allocation) 368M->318M(512M) 1.540ms
[2026-03-26T14:02:46.848+0900][29.204s][info][gc,cpu      ] GC(329) User=0.00s Sys=0.00s Real=0.00s
[2026-03-26T14:02:46.848+0900][29.204s][info][gc          ] GC(330) Concurrent Mark Cycle
[2026-03-26T14:02:46.848+0900][29.204s][info][gc,marking  ] GC(330) Concurrent Scan Root Regions
[2026-03-26T14:02:46.848+0900][29.204s][info][gc,marking  ] GC(330) Concurrent Scan Root Regions 0.024ms
[2026-03-26T14:02:46.848+0900][29.204s][info][gc,marking  ] GC(330) Concurrent Mark
[2026-03-26T14:02:46.848+0900][29.204s][info][gc,marking  ] GC(330) Concurrent Mark From Roots
[2026-03-26T14:02:46.848+0900][29.204s][info][gc,task     ] GC(330) Using 3 workers of 3 for marking
[2026-03-26T14:02:46.850+0900][29.206s][info][gc,marking  ] GC(330) Concurrent Mark From Roots 1.838ms
[2026-03-26T14:02:46.850+0900][29.206s][info][gc,marking  ] GC(330) Concurrent Preclean
[2026-03-26T14:02:46.850+0900][29.206s][info][gc,marking  ] GC(330) Concurrent Preclean 0.025ms
[2026-03-26T14:02:46.850+0900][29.206s][info][gc,start    ] GC(330) Pause Remark
[2026-03-26T14:02:46.850+0900][29.207s][info][gc          ] GC(330) Pause Remark 318M->318M(512M) 0.721ms
[2026-03-26T14:02:46.850+0900][29.207s][info][gc,cpu      ] GC(330) User=0.00s Sys=0.00s Real=0.00s
[2026-03-26T14:02:46.850+0900][29.207s][info][gc,marking  ] GC(330) Concurrent Mark 2.794ms
[2026-03-26T14:02:46.850+0900][29.207s][info][gc,marking  ] GC(330) Concurrent Rebuild Remembered Sets and Scrub Regions
[2026-03-26T14:02:46.852+0900][29.208s][info][gc,marking  ] GC(330) Concurrent Rebuild Remembered Sets and Scrub Regions 0.679ms
[2026-03-26T14:02:46.852+0900][29.208s][info][gc,start    ] GC(330) Pause Cleanup
[2026-03-26T14:02:46.852+0900][29.208s][info][gc          ] GC(330) Pause Cleanup 318M->318M(512M) 0.111ms
[2026-03-26T14:02:46.852+0900][29.208s][info][gc,cpu      ] GC(330) User=0.00s Sys=0.00s Real=0.00s
[2026-03-26T14:02:46.852+0900][29.208s][info][gc,marking  ] GC(330) Concurrent Clear Claimed Marks
[2026-03-26T14:02:46.852+0900][29.208s][info][gc,marking  ] GC(330) Concurrent Clear Claimed Marks 0.022ms
[2026-03-26T14:02:46.852+0900][29.208s][info][gc,marking  ] GC(330) Concurrent Cleanup for Next Mark
[2026-03-26T14:02:46.852+0900][29.209s][info][gc,marking  ] GC(330) Concurrent Cleanup for Next Mark 0.809ms
[2026-03-26T14:02:46.852+0900][29.209s][info][gc          ] GC(330) Concurrent Mark Cycle 4.693ms
[2026-03-26T14:02:47.012+0900][29.368s][info][gc,start    ] GC(331) Pause Young (Concurrent Start) (G1 Humongous Allocation)
[2026-03-26T14:02:47.012+0900][29.368s][info][gc,task     ] GC(331) Using 12 workers of 13 for evacuation
[2026-03-26T14:02:47.014+0900][29.369s][info][gc,phases   ] GC(331)   Pre Evacuate Collection Set: 0.2ms
[2026-03-26T14:02:47.014+0900][29.369s][info][gc,phases   ] GC(331)   Merge Heap Roots: 0.1ms
[2026-03-26T14:02:47.014+0900][29.369s][info][gc,phases   ] GC(331)   Evacuate Collection Set: 0.4ms
[2026-03-26T14:02:47.014+0900][29.369s][info][gc,phases   ] GC(331)   Post Evacuate Collection Set: 0.3ms
[2026-03-26T14:02:47.014+0900][29.369s][info][gc,phases   ] GC(331)   Other: 0.1ms
[2026-03-26T14:02:47.014+0900][29.369s][info][gc,heap     ] GC(331) Eden regions: 50->0(160)
[2026-03-26T14:02:47.014+0900][29.370s][info][gc,heap     ] GC(331) Survivor regions: 0->0(21)
[2026-03-26T14:02:47.014+0900][29.370s][info][gc,heap     ] GC(331) Old regions: 1->1
[2026-03-26T14:02:47.014+0900][29.370s][info][gc,heap     ] GC(331) Humongous regions: 324->324
[2026-03-26T14:02:47.014+0900][29.370s][info][gc,metaspace] GC(331) Metaspace: 324K(512K)->324K(512K) NonClass: 307K(384K)->307K(384K) Class: 17K(128K)->17K(128K)
[2026-03-26T14:02:47.014+0900][29.370s][info][gc          ] GC(331) Pause Young (Concurrent Start) (G1 Humongous Allocation) 374M->324M(512M) 1.625ms
[2026-03-26T14:02:47.014+0900][29.370s][info][gc,cpu      ] GC(331) User=0.00s Sys=0.00s Real=0.00s
[2026-03-26T14:02:47.014+0900][29.370s][info][gc          ] GC(332) Concurrent Mark Cycle
[2026-03-26T14:02:47.014+0900][29.370s][info][gc,marking  ] GC(332) Concurrent Scan Root Regions
[2026-03-26T14:02:47.014+0900][29.370s][info][gc,marking  ] GC(332) Concurrent Scan Root Regions 0.024ms
[2026-03-26T14:02:47.014+0900][29.370s][info][gc,marking  ] GC(332) Concurrent Mark
[2026-03-26T14:02:47.014+0900][29.370s][info][gc,marking  ] GC(332) Concurrent Mark From Roots
[2026-03-26T14:02:47.014+0900][29.370s][info][gc,task     ] GC(332) Using 3 workers of 3 for marking
[2026-03-26T14:02:47.016+0900][29.372s][info][gc,marking  ] GC(332) Concurrent Mark From Roots 1.927ms
[2026-03-26T14:02:47.016+0900][29.372s][info][gc,marking  ] GC(332) Concurrent Preclean
[2026-03-26T14:02:47.016+0900][29.372s][info][gc,marking  ] GC(332) Concurrent Preclean 0.027ms
[2026-03-26T14:02:47.016+0900][29.372s][info][gc,start    ] GC(332) Pause Remark
[2026-03-26T14:02:47.016+0900][29.373s][info][gc          ] GC(332) Pause Remark 324M->324M(512M) 0.728ms
[2026-03-26T14:02:47.016+0900][29.373s][info][gc,cpu      ] GC(332) User=0.00s Sys=0.00s Real=0.00s
[2026-03-26T14:02:47.016+0900][29.373s][info][gc,marking  ] GC(332) Concurrent Mark 2.897ms
[2026-03-26T14:02:47.016+0900][29.373s][info][gc,marking  ] GC(332) Concurrent Rebuild Remembered Sets and Scrub Regions
[2026-03-26T14:02:47.018+0900][29.373s][info][gc,marking  ] GC(332) Concurrent Rebuild Remembered Sets and Scrub Regions 0.706ms
[2026-03-26T14:02:47.018+0900][29.373s][info][gc,start    ] GC(332) Pause Cleanup
[2026-03-26T14:02:47.018+0900][29.374s][info][gc          ] GC(332) Pause Cleanup 324M->324M(512M) 0.114ms
[2026-03-26T14:02:47.018+0900][29.374s][info][gc,cpu      ] GC(332) User=0.00s Sys=0.00s Real=0.00s
[2026-03-26T14:02:47.018+0900][29.374s][info][gc,marking  ] GC(332) Concurrent Clear Claimed Marks
[2026-03-26T14:02:47.018+0900][29.374s][info][gc,marking  ] GC(332) Concurrent Clear Claimed Marks 0.023ms
[2026-03-26T14:02:47.018+0900][29.374s][info][gc,marking  ] GC(332) Concurrent Cleanup for Next Mark
[2026-03-26T14:02:47.018+0900][29.375s][info][gc,marking  ] GC(332) Concurrent Cleanup for Next Mark 0.872ms
[2026-03-26T14:02:47.018+0900][29.375s][info][gc          ] GC(332) Concurrent Mark Cycle 4.882ms
[2026-03-26T14:02:47.190+0900][29.546s][info][gc,start    ] GC(333) Pause Young (Concurrent Start) (G1 Humongous Allocation)
[2026-03-26T14:02:47.190+0900][29.546s][info][gc,task     ] GC(333) Using 12 workers of 13 for evacuation
[2026-03-26T14:02:47.190+0900][29.549s][info][gc,phases   ] GC(333)   Pre Evacuate Collection Set: 0.5ms
[2026-03-26T14:02:47.190+0900][29.549s][info][gc,phases   ] GC(333)   Merge Heap Roots: 0.2ms
[2026-03-26T14:02:47.190+0900][29.549s][info][gc,phases   ] GC(333)   Evacuate Collection Set: 0.4ms
[2026-03-26T14:02:47.190+0900][29.549s][info][gc,phases   ] GC(333)   Post Evacuate Collection Set: 0.8ms
[2026-03-26T14:02:47.190+0900][29.549s][info][gc,phases   ] GC(333)   Other: 0.2ms
[2026-03-26T14:02:47.190+0900][29.549s][info][gc,heap     ] GC(333) Eden regions: 50->0(154)
[2026-03-26T14:02:47.190+0900][29.549s][info][gc,heap     ] GC(333) Survivor regions: 0->0(20)
[2026-03-26T14:02:47.190+0900][29.549s][info][gc,heap     ] GC(333) Old regions: 1->1
[2026-03-26T14:02:47.190+0900][29.549s][info][gc,heap     ] GC(333) Humongous regions: 330->330
[2026-03-26T14:02:47.190+0900][29.549s][info][gc,metaspace] GC(333) Metaspace: 324K(512K)->324K(512K) NonClass: 307K(384K)->307K(384K) Class: 17K(128K)->17K(128K)
[2026-03-26T14:02:47.190+0900][29.549s][info][gc          ] GC(333) Pause Young (Concurrent Start) (G1 Humongous Allocation) 380M->330M(512M) 2.619ms
[2026-03-26T14:02:47.190+0900][29.549s][info][gc,cpu      ] GC(333) User=0.00s Sys=0.00s Real=0.00s
[2026-03-26T14:02:47.190+0900][29.549s][info][gc          ] GC(334) Concurrent Mark Cycle
[2026-03-26T14:02:47.190+0900][29.549s][info][gc,marking  ] GC(334) Concurrent Scan Root Regions
[2026-03-26T14:02:47.190+0900][29.549s][info][gc,marking  ] GC(334) Concurrent Scan Root Regions 0.031ms
[2026-03-26T14:02:47.190+0900][29.549s][info][gc,marking  ] GC(334) Concurrent Mark
[2026-03-26T14:02:47.190+0900][29.549s][info][gc,marking  ] GC(334) Concurrent Mark From Roots
[2026-03-26T14:02:47.190+0900][29.549s][info][gc,task     ] GC(334) Using 3 workers of 3 for marking
[2026-03-26T14:02:47.195+0900][29.551s][info][gc,marking  ] GC(334) Concurrent Mark From Roots 1.815ms
[2026-03-26T14:02:47.195+0900][29.551s][info][gc,marking  ] GC(334) Concurrent Preclean
[2026-03-26T14:02:47.195+0900][29.551s][info][gc,marking  ] GC(334) Concurrent Preclean 0.029ms
[2026-03-26T14:02:47.195+0900][29.551s][info][gc,start    ] GC(334) Pause Remark
[2026-03-26T14:02:47.195+0900][29.553s][info][gc          ] GC(334) Pause Remark 336M->336M(512M) 1.488ms
[2026-03-26T14:02:47.195+0900][29.553s][info][gc,cpu      ] GC(334) User=0.00s Sys=0.00s Real=0.00s
[2026-03-26T14:02:47.195+0900][29.553s][info][gc,marking  ] GC(334) Concurrent Mark 3.786ms
[2026-03-26T14:02:47.195+0900][29.553s][info][gc,marking  ] GC(334) Concurrent Rebuild Remembered Sets and Scrub Regions
[2026-03-26T14:02:47.195+0900][29.554s][info][gc,marking  ] GC(334) Concurrent Rebuild Remembered Sets and Scrub Regions 0.873ms
[2026-03-26T14:02:47.195+0900][29.554s][info][gc,start    ] GC(334) Pause Cleanup
[2026-03-26T14:02:47.195+0900][29.554s][info][gc          ] GC(334) Pause Cleanup 336M->336M(512M) 0.238ms
[2026-03-26T14:02:47.195+0900][29.554s][info][gc,cpu      ] GC(334) User=0.02s Sys=0.00s Real=0.00s
[2026-03-26T14:02:47.195+0900][29.555s][info][gc,marking  ] GC(334) Concurrent Clear Claimed Marks
[2026-03-26T14:02:47.195+0900][29.555s][info][gc,marking  ] GC(334) Concurrent Clear Claimed Marks 0.091ms
[2026-03-26T14:02:47.195+0900][29.555s][info][gc,marking  ] GC(334) Concurrent Cleanup for Next Mark
[2026-03-26T14:02:47.195+0900][29.555s][info][gc,marking  ] GC(334) Concurrent Cleanup for Next Mark 0.553ms
[2026-03-26T14:02:47.195+0900][29.555s][info][gc          ] GC(334) Concurrent Mark Cycle 6.316ms
[2026-03-26T14:02:47.350+0900][29.707s][info][gc,start    ] GC(335) Pause Young (Concurrent Start) (G1 Humongous Allocation)
[2026-03-26T14:02:47.350+0900][29.707s][info][gc,task     ] GC(335) Using 12 workers of 13 for evacuation
[2026-03-26T14:02:47.350+0900][29.709s][info][gc,phases   ] GC(335)   Pre Evacuate Collection Set: 0.5ms
[2026-03-26T14:02:47.350+0900][29.709s][info][gc,phases   ] GC(335)   Merge Heap Roots: 0.2ms
[2026-03-26T14:02:47.350+0900][29.709s][info][gc,phases   ] GC(335)   Evacuate Collection Set: 0.4ms
[2026-03-26T14:02:47.350+0900][29.709s][info][gc,phases   ] GC(335)   Post Evacuate Collection Set: 0.5ms
[2026-03-26T14:02:47.350+0900][29.709s][info][gc,phases   ] GC(335)   Other: 0.2ms
[2026-03-26T14:02:47.350+0900][29.709s][info][gc,heap     ] GC(335) Eden regions: 50->0(148)
[2026-03-26T14:02:47.350+0900][29.709s][info][gc,heap     ] GC(335) Survivor regions: 0->0(20)
[2026-03-26T14:02:47.350+0900][29.709s][info][gc,heap     ] GC(335) Old regions: 1->1
[2026-03-26T14:02:47.350+0900][29.709s][info][gc,heap     ] GC(335) Humongous regions: 336->336
[2026-03-26T14:02:47.350+0900][29.709s][info][gc,metaspace] GC(335) Metaspace: 324K(512K)->324K(512K) NonClass: 307K(384K)->307K(384K) Class: 17K(128K)->17K(128K)
[2026-03-26T14:02:47.350+0900][29.709s][info][gc          ] GC(335) Pause Young (Concurrent Start) (G1 Humongous Allocation) 386M->336M(512M) 2.370ms
[2026-03-26T14:02:47.350+0900][29.709s][info][gc,cpu      ] GC(335) User=0.00s Sys=0.00s Real=0.00s
[2026-03-26T14:02:47.350+0900][29.710s][info][gc          ] GC(336) Concurrent Mark Cycle
[2026-03-26T14:02:47.350+0900][29.710s][info][gc,marking  ] GC(336) Concurrent Scan Root Regions
[2026-03-26T14:02:47.350+0900][29.710s][info][gc,marking  ] GC(336) Concurrent Scan Root Regions 0.029ms
[2026-03-26T14:02:47.350+0900][29.710s][info][gc,marking  ] GC(336) Concurrent Mark
[2026-03-26T14:02:47.350+0900][29.710s][info][gc,marking  ] GC(336) Concurrent Mark From Roots
[2026-03-26T14:02:47.350+0900][29.710s][info][gc,task     ] GC(336) Using 3 workers of 3 for marking
[2026-03-26T14:02:47.356+0900][29.712s][info][gc,marking  ] GC(336) Concurrent Mark From Roots 1.792ms
[2026-03-26T14:02:47.356+0900][29.712s][info][gc,marking  ] GC(336) Concurrent Preclean
[2026-03-26T14:02:47.356+0900][29.712s][info][gc,marking  ] GC(336) Concurrent Preclean 0.028ms
[2026-03-26T14:02:47.356+0900][29.712s][info][gc,start    ] GC(336) Pause Remark
[2026-03-26T14:02:47.356+0900][29.713s][info][gc          ] GC(336) Pause Remark 342M->342M(512M) 1.429ms
[2026-03-26T14:02:47.356+0900][29.713s][info][gc,cpu      ] GC(336) User=0.00s Sys=0.00s Real=0.00s
[2026-03-26T14:02:47.356+0900][29.713s][info][gc,marking  ] GC(336) Concurrent Mark 3.659ms
[2026-03-26T14:02:47.356+0900][29.713s][info][gc,marking  ] GC(336) Concurrent Rebuild Remembered Sets and Scrub Regions
[2026-03-26T14:02:47.356+0900][29.714s][info][gc,marking  ] GC(336) Concurrent Rebuild Remembered Sets and Scrub Regions 0.854ms
[2026-03-26T14:02:47.356+0900][29.714s][info][gc,start    ] GC(336) Pause Cleanup
[2026-03-26T14:02:47.356+0900][29.715s][info][gc          ] GC(336) Pause Cleanup 342M->342M(512M) 0.488ms
[2026-03-26T14:02:47.356+0900][29.715s][info][gc,cpu      ] GC(336) User=0.00s Sys=0.00s Real=0.00s
[2026-03-26T14:02:47.356+0900][29.715s][info][gc,marking  ] GC(336) Concurrent Clear Claimed Marks
[2026-03-26T14:02:47.356+0900][29.715s][info][gc,marking  ] GC(336) Concurrent Clear Claimed Marks 0.025ms
[2026-03-26T14:02:47.356+0900][29.715s][info][gc,marking  ] GC(336) Concurrent Cleanup for Next Mark
[2026-03-26T14:02:47.356+0900][29.716s][info][gc,marking  ] GC(336) Concurrent Cleanup for Next Mark 0.588ms
[2026-03-26T14:02:47.356+0900][29.716s][info][gc          ] GC(336) Concurrent Mark Cycle 6.308ms
[2026-03-26T14:02:47.512+0900][29.868s][info][gc,start    ] GC(337) Pause Young (Concurrent Start) (G1 Humongous Allocation)
[2026-03-26T14:02:47.514+0900][29.869s][info][gc,task     ] GC(337) Using 12 workers of 13 for evacuation
[2026-03-26T14:02:47.514+0900][29.872s][info][gc,phases   ] GC(337)   Pre Evacuate Collection Set: 0.5ms
[2026-03-26T14:02:47.514+0900][29.872s][info][gc,phases   ] GC(337)   Merge Heap Roots: 0.2ms
[2026-03-26T14:02:47.514+0900][29.872s][info][gc,phases   ] GC(337)   Evacuate Collection Set: 0.5ms
[2026-03-26T14:02:47.514+0900][29.872s][info][gc,phases   ] GC(337)   Post Evacuate Collection Set: 0.6ms
[2026-03-26T14:02:47.514+0900][29.872s][info][gc,phases   ] GC(337)   Other: 0.5ms
[2026-03-26T14:02:47.514+0900][29.872s][info][gc,heap     ] GC(337) Eden regions: 50->0(142)
[2026-03-26T14:02:47.514+0900][29.872s][info][gc,heap     ] GC(337) Survivor regions: 0->0(19)
[2026-03-26T14:02:47.514+0900][29.872s][info][gc,heap     ] GC(337) Old regions: 1->1
[2026-03-26T14:02:47.514+0900][29.872s][info][gc,heap     ] GC(337) Humongous regions: 342->342
[2026-03-26T14:02:47.514+0900][29.872s][info][gc,metaspace] GC(337) Metaspace: 324K(512K)->324K(512K) NonClass: 307K(384K)->307K(384K) Class: 17K(128K)->17K(128K)
[2026-03-26T14:02:47.514+0900][29.872s][info][gc          ] GC(337) Pause Young (Concurrent Start) (G1 Humongous Allocation) 392M->342M(512M) 4.472ms
[2026-03-26T14:02:47.514+0900][29.872s][info][gc,cpu      ] GC(337) User=0.00s Sys=0.00s Real=0.00s
[2026-03-26T14:02:47.514+0900][29.872s][info][gc          ] GC(338) Concurrent Mark Cycle
[2026-03-26T14:02:47.514+0900][29.872s][info][gc,marking  ] GC(338) Concurrent Scan Root Regions
[2026-03-26T14:02:47.514+0900][29.872s][info][gc,marking  ] GC(338) Concurrent Scan Root Regions 0.034ms
[2026-03-26T14:02:47.514+0900][29.872s][info][gc,marking  ] GC(338) Concurrent Mark
[2026-03-26T14:02:47.514+0900][29.872s][info][gc,marking  ] GC(338) Concurrent Mark From Roots
[2026-03-26T14:02:47.514+0900][29.873s][info][gc,task     ] GC(338) Using 3 workers of 3 for marking
[2026-03-26T14:02:47.518+0900][29.874s][info][gc,marking  ] GC(338) Concurrent Mark From Roots 1.853ms
[2026-03-26T14:02:47.518+0900][29.874s][info][gc,marking  ] GC(338) Concurrent Preclean
[2026-03-26T14:02:47.518+0900][29.874s][info][gc,marking  ] GC(338) Concurrent Preclean 0.032ms
[2026-03-26T14:02:47.518+0900][29.875s][info][gc,start    ] GC(338) Pause Remark
[2026-03-26T14:02:47.518+0900][29.876s][info][gc          ] GC(338) Pause Remark 348M->348M(512M) 1.458ms
[2026-03-26T14:02:47.518+0900][29.876s][info][gc,cpu      ] GC(338) User=0.00s Sys=0.00s Real=0.00s
[2026-03-26T14:02:47.518+0900][29.876s][info][gc,marking  ] GC(338) Concurrent Mark 3.780ms
[2026-03-26T14:02:47.518+0900][29.876s][info][gc,marking  ] GC(338) Concurrent Rebuild Remembered Sets and Scrub Regions
[2026-03-26T14:02:47.518+0900][29.877s][info][gc,marking  ] GC(338) Concurrent Rebuild Remembered Sets and Scrub Regions 0.899ms
[2026-03-26T14:02:47.518+0900][29.877s][info][gc,start    ] GC(338) Pause Cleanup
[2026-03-26T14:02:47.518+0900][29.878s][info][gc          ] GC(338) Pause Cleanup 348M->348M(512M) 0.269ms
[2026-03-26T14:02:47.518+0900][29.878s][info][gc,cpu      ] GC(338) User=0.00s Sys=0.00s Real=0.00s
[2026-03-26T14:02:47.518+0900][29.878s][info][gc,marking  ] GC(338) Concurrent Clear Claimed Marks
[2026-03-26T14:02:47.518+0900][29.878s][info][gc,marking  ] GC(338) Concurrent Clear Claimed Marks 0.092ms
[2026-03-26T14:02:47.518+0900][29.878s][info][gc,marking  ] GC(338) Concurrent Cleanup for Next Mark
[2026-03-26T14:02:47.518+0900][29.879s][info][gc,marking  ] GC(338) Concurrent Cleanup for Next Mark 0.555ms
[2026-03-26T14:02:47.518+0900][29.879s][info][gc          ] GC(338) Concurrent Mark Cycle 6.381ms
[2026-03-26T14:02:47.676+0900][30.033s][info][gc,start    ] GC(339) Pause Young (Concurrent Start) (G1 Humongous Allocation)
[2026-03-26T14:02:47.676+0900][30.033s][info][gc,task     ] GC(339) Using 12 workers of 13 for evacuation
[2026-03-26T14:02:47.676+0900][30.034s][info][gc,phases   ] GC(339)   Pre Evacuate Collection Set: 0.3ms
[2026-03-26T14:02:47.676+0900][30.034s][info][gc,phases   ] GC(339)   Merge Heap Roots: 0.1ms
[2026-03-26T14:02:47.676+0900][30.034s][info][gc,phases   ] GC(339)   Evacuate Collection Set: 0.3ms
[2026-03-26T14:02:47.676+0900][30.034s][info][gc,phases   ] GC(339)   Post Evacuate Collection Set: 0.3ms
[2026-03-26T14:02:47.676+0900][30.034s][info][gc,phases   ] GC(339)   Other: 0.1ms
[2026-03-26T14:02:47.676+0900][30.034s][info][gc,heap     ] GC(339) Eden regions: 50->0(136)
[2026-03-26T14:02:47.676+0900][30.034s][info][gc,heap     ] GC(339) Survivor regions: 0->0(18)
[2026-03-26T14:02:47.676+0900][30.034s][info][gc,heap     ] GC(339) Old regions: 1->1
[2026-03-26T14:02:47.676+0900][30.034s][info][gc,heap     ] GC(339) Humongous regions: 348->348
[2026-03-26T14:02:47.676+0900][30.034s][info][gc,metaspace] GC(339) Metaspace: 324K(512K)->324K(512K) NonClass: 307K(384K)->307K(384K) Class: 17K(128K)->17K(128K)
[2026-03-26T14:02:47.676+0900][30.034s][info][gc          ] GC(339) Pause Young (Concurrent Start) (G1 Humongous Allocation) 398M->348M(512M) 1.583ms
[2026-03-26T14:02:47.676+0900][30.034s][info][gc,cpu      ] GC(339) User=0.00s Sys=0.00s Real=0.00s
[2026-03-26T14:02:47.676+0900][30.034s][info][gc          ] GC(340) Concurrent Mark Cycle
[2026-03-26T14:02:47.679+0900][30.034s][info][gc,marking  ] GC(340) Concurrent Scan Root Regions
[2026-03-26T14:02:47.679+0900][30.034s][info][gc,marking  ] GC(340) Concurrent Scan Root Regions 0.028ms
[2026-03-26T14:02:47.679+0900][30.034s][info][gc,marking  ] GC(340) Concurrent Mark
[2026-03-26T14:02:47.679+0900][30.034s][info][gc,marking  ] GC(340) Concurrent Mark From Roots
[2026-03-26T14:02:47.679+0900][30.034s][info][gc,task     ] GC(340) Using 3 workers of 3 for marking
[2026-03-26T14:02:47.679+0900][30.036s][info][gc,marking  ] GC(340) Concurrent Mark From Roots 1.581ms
[2026-03-26T14:02:47.679+0900][30.036s][info][gc,marking  ] GC(340) Concurrent Preclean
[2026-03-26T14:02:47.679+0900][30.036s][info][gc,marking  ] GC(340) Concurrent Preclean 0.028ms
[2026-03-26T14:02:47.679+0900][30.036s][info][gc,start    ] GC(340) Pause Remark
[2026-03-26T14:02:47.682+0900][30.037s][info][gc          ] GC(340) Pause Remark 354M->354M(512M) 0.923ms
[2026-03-26T14:02:47.682+0900][30.037s][info][gc,cpu      ] GC(340) User=0.00s Sys=0.00s Real=0.00s
[2026-03-26T14:02:47.682+0900][30.037s][info][gc,marking  ] GC(340) Concurrent Mark 2.794ms
[2026-03-26T14:02:47.682+0900][30.037s][info][gc,marking  ] GC(340) Concurrent Rebuild Remembered Sets and Scrub Regions
[2026-03-26T14:02:47.682+0900][30.038s][info][gc,marking  ] GC(340) Concurrent Rebuild Remembered Sets and Scrub Regions 0.711ms
[2026-03-26T14:02:47.682+0900][30.038s][info][gc,start    ] GC(340) Pause Cleanup
[2026-03-26T14:02:47.682+0900][30.038s][info][gc          ] GC(340) Pause Cleanup 354M->354M(512M) 0.201ms
[2026-03-26T14:02:47.682+0900][30.038s][info][gc,cpu      ] GC(340) User=0.00s Sys=0.00s Real=0.00s
[2026-03-26T14:02:47.682+0900][30.038s][info][gc,marking  ] GC(340) Concurrent Clear Claimed Marks
[2026-03-26T14:02:47.682+0900][30.038s][info][gc,marking  ] GC(340) Concurrent Clear Claimed Marks 0.030ms
[2026-03-26T14:02:47.682+0900][30.038s][info][gc,marking  ] GC(340) Concurrent Cleanup for Next Mark
[2026-03-26T14:02:47.683+0900][30.039s][info][gc,marking  ] GC(340) Concurrent Cleanup for Next Mark 0.505ms
[2026-03-26T14:02:47.683+0900][30.039s][info][gc          ] GC(340) Concurrent Mark Cycle 4.717ms
[2026-03-26T14:02:47.885+0900][30.240s][info][gc,start    ] GC(341) Pause Young (Concurrent Start) (G1 Humongous Allocation)
[2026-03-26T14:02:47.885+0900][30.241s][info][gc,task     ] GC(341) Using 12 workers of 13 for evacuation
[2026-03-26T14:02:47.885+0900][30.242s][info][gc,phases   ] GC(341)   Pre Evacuate Collection Set: 0.3ms
[2026-03-26T14:02:47.885+0900][30.242s][info][gc,phases   ] GC(341)   Merge Heap Roots: 0.1ms
[2026-03-26T14:02:47.885+0900][30.242s][info][gc,phases   ] GC(341)   Evacuate Collection Set: 0.2ms
[2026-03-26T14:02:47.885+0900][30.242s][info][gc,phases   ] GC(341)   Post Evacuate Collection Set: 0.6ms
[2026-03-26T14:02:47.885+0900][30.242s][info][gc,phases   ] GC(341)   Other: 0.1ms
[2026-03-26T14:02:47.885+0900][30.242s][info][gc,heap     ] GC(341) Eden regions: 50->0(130)
[2026-03-26T14:02:47.885+0900][30.242s][info][gc,heap     ] GC(341) Survivor regions: 0->0(17)
[2026-03-26T14:02:47.885+0900][30.242s][info][gc,heap     ] GC(341) Old regions: 1->1
[2026-03-26T14:02:47.885+0900][30.242s][info][gc,heap     ] GC(341) Humongous regions: 354->354
[2026-03-26T14:02:47.885+0900][30.242s][info][gc,metaspace] GC(341) Metaspace: 324K(512K)->324K(512K) NonClass: 307K(384K)->307K(384K) Class: 17K(128K)->17K(128K)
[2026-03-26T14:02:47.885+0900][30.242s][info][gc          ] GC(341) Pause Young (Concurrent Start) (G1 Humongous Allocation) 404M->354M(512M) 1.574ms
[2026-03-26T14:02:47.887+0900][30.242s][info][gc,cpu      ] GC(341) User=0.00s Sys=0.00s Real=0.00s
[2026-03-26T14:02:47.887+0900][30.242s][info][gc          ] GC(342) Concurrent Mark Cycle
[2026-03-26T14:02:47.887+0900][30.242s][info][gc,marking  ] GC(342) Concurrent Scan Root Regions
[2026-03-26T14:02:47.887+0900][30.242s][info][gc,marking  ] GC(342) Concurrent Scan Root Regions 0.016ms
[2026-03-26T14:02:47.887+0900][30.242s][info][gc,marking  ] GC(342) Concurrent Mark
[2026-03-26T14:02:47.887+0900][30.242s][info][gc,marking  ] GC(342) Concurrent Mark From Roots
[2026-03-26T14:02:47.887+0900][30.242s][info][gc,task     ] GC(342) Using 3 workers of 3 for marking
[2026-03-26T14:02:47.887+0900][30.244s][info][gc,marking  ] GC(342) Concurrent Mark From Roots 1.346ms
[2026-03-26T14:02:47.887+0900][30.244s][info][gc,marking  ] GC(342) Concurrent Preclean
[2026-03-26T14:02:47.887+0900][30.244s][info][gc,marking  ] GC(342) Concurrent Preclean 0.018ms
[2026-03-26T14:02:47.887+0900][30.244s][info][gc,start    ] GC(342) Pause Remark
[2026-03-26T14:02:47.887+0900][30.245s][info][gc          ] GC(342) Pause Remark 361M->361M(512M) 0.855ms
[2026-03-26T14:02:47.887+0900][30.245s][info][gc,cpu      ] GC(342) User=0.00s Sys=0.00s Real=0.00s
[2026-03-26T14:02:47.887+0900][30.245s][info][gc,marking  ] GC(342) Concurrent Mark 2.498ms
[2026-03-26T14:02:47.887+0900][30.245s][info][gc,marking  ] GC(342) Concurrent Rebuild Remembered Sets and Scrub Regions
[2026-03-26T14:02:47.887+0900][30.245s][info][gc,marking  ] GC(342) Concurrent Rebuild Remembered Sets and Scrub Regions 0.521ms
[2026-03-26T14:02:47.887+0900][30.245s][info][gc,start    ] GC(342) Pause Cleanup
[2026-03-26T14:02:47.887+0900][30.246s][info][gc          ] GC(342) Pause Cleanup 361M->361M(512M) 0.220ms
[2026-03-26T14:02:47.887+0900][30.246s][info][gc,cpu      ] GC(342) User=0.00s Sys=0.00s Real=0.00s
[2026-03-26T14:02:47.887+0900][30.246s][info][gc,marking  ] GC(342) Concurrent Clear Claimed Marks
[2026-03-26T14:02:47.887+0900][30.246s][info][gc,marking  ] GC(342) Concurrent Clear Claimed Marks 0.061ms
[2026-03-26T14:02:47.887+0900][30.246s][info][gc,marking  ] GC(342) Concurrent Cleanup for Next Mark
[2026-03-26T14:02:47.887+0900][30.246s][info][gc,marking  ] GC(342) Concurrent Cleanup for Next Mark 0.300ms
[2026-03-26T14:02:47.887+0900][30.246s][info][gc          ] GC(342) Concurrent Mark Cycle 4.005ms
[2026-03-26T14:02:48.044+0900][30.400s][info][gc,start    ] GC(343) Pause Young (Concurrent Start) (G1 Humongous Allocation)
[2026-03-26T14:02:48.044+0900][30.400s][info][gc,task     ] GC(343) Using 12 workers of 13 for evacuation
[2026-03-26T14:02:48.044+0900][30.401s][info][gc,phases   ] GC(343)   Pre Evacuate Collection Set: 0.2ms
[2026-03-26T14:02:48.044+0900][30.401s][info][gc,phases   ] GC(343)   Merge Heap Roots: 0.1ms
[2026-03-26T14:02:48.044+0900][30.401s][info][gc,phases   ] GC(343)   Evacuate Collection Set: 0.3ms
[2026-03-26T14:02:48.044+0900][30.401s][info][gc,phases   ] GC(343)   Post Evacuate Collection Set: 0.1ms
[2026-03-26T14:02:48.044+0900][30.401s][info][gc,phases   ] GC(343)   Other: 0.1ms
[2026-03-26T14:02:48.044+0900][30.401s][info][gc,heap     ] GC(343) Eden regions: 50->0(124)
[2026-03-26T14:02:48.044+0900][30.401s][info][gc,heap     ] GC(343) Survivor regions: 0->0(17)
[2026-03-26T14:02:48.044+0900][30.401s][info][gc,heap     ] GC(343) Old regions: 1->1
[2026-03-26T14:02:48.044+0900][30.401s][info][gc,heap     ] GC(343) Humongous regions: 360->360
[2026-03-26T14:02:48.044+0900][30.401s][info][gc,metaspace] GC(343) Metaspace: 324K(512K)->324K(512K) NonClass: 307K(384K)->307K(384K) Class: 17K(128K)->17K(128K)
[2026-03-26T14:02:48.044+0900][30.401s][info][gc          ] GC(343) Pause Young (Concurrent Start) (G1 Humongous Allocation) 410M->360M(512M) 1.030ms
[2026-03-26T14:02:48.044+0900][30.401s][info][gc,cpu      ] GC(343) User=0.00s Sys=0.00s Real=0.00s
[2026-03-26T14:02:48.046+0900][30.401s][info][gc          ] GC(344) Concurrent Mark Cycle
[2026-03-26T14:02:48.046+0900][30.401s][info][gc,marking  ] GC(344) Concurrent Scan Root Regions
[2026-03-26T14:02:48.046+0900][30.401s][info][gc,marking  ] GC(344) Concurrent Scan Root Regions 0.013ms
[2026-03-26T14:02:48.046+0900][30.401s][info][gc,marking  ] GC(344) Concurrent Mark
[2026-03-26T14:02:48.046+0900][30.401s][info][gc,marking  ] GC(344) Concurrent Mark From Roots
[2026-03-26T14:02:48.046+0900][30.401s][info][gc,task     ] GC(344) Using 3 workers of 3 for marking
[2026-03-26T14:02:48.046+0900][30.402s][info][gc,marking  ] GC(344) Concurrent Mark From Roots 1.130ms
[2026-03-26T14:02:48.046+0900][30.402s][info][gc,marking  ] GC(344) Concurrent Preclean
[2026-03-26T14:02:48.046+0900][30.402s][info][gc,marking  ] GC(344) Concurrent Preclean 0.015ms
[2026-03-26T14:02:48.046+0900][30.403s][info][gc,start    ] GC(344) Pause Remark
[2026-03-26T14:02:48.048+0900][30.403s][info][gc          ] GC(344) Pause Remark 360M->360M(512M) 0.566ms
[2026-03-26T14:02:48.048+0900][30.403s][info][gc,cpu      ] GC(344) User=0.00s Sys=0.00s Real=0.00s
[2026-03-26T14:02:48.048+0900][30.403s][info][gc,marking  ] GC(344) Concurrent Mark 2.170ms
[2026-03-26T14:02:48.048+0900][30.403s][info][gc,marking  ] GC(344) Concurrent Rebuild Remembered Sets and Scrub Regions
[2026-03-26T14:02:48.048+0900][30.404s][info][gc,marking  ] GC(344) Concurrent Rebuild Remembered Sets and Scrub Regions 0.424ms
[2026-03-26T14:02:48.048+0900][30.404s][info][gc,start    ] GC(344) Pause Cleanup
[2026-03-26T14:02:48.048+0900][30.404s][info][gc          ] GC(344) Pause Cleanup 360M->360M(512M) 0.062ms
[2026-03-26T14:02:48.048+0900][30.404s][info][gc,cpu      ] GC(344) User=0.00s Sys=0.00s Real=0.00s
[2026-03-26T14:02:48.048+0900][30.404s][info][gc,marking  ] GC(344) Concurrent Clear Claimed Marks
[2026-03-26T14:02:48.048+0900][30.404s][info][gc,marking  ] GC(344) Concurrent Clear Claimed Marks 0.014ms
[2026-03-26T14:02:48.048+0900][30.404s][info][gc,marking  ] GC(344) Concurrent Cleanup for Next Mark
[2026-03-26T14:02:48.048+0900][30.405s][info][gc,marking  ] GC(344) Concurrent Cleanup for Next Mark 0.646ms
[2026-03-26T14:02:48.048+0900][30.405s][info][gc          ] GC(344) Concurrent Mark Cycle 3.490ms
[2026-03-26T14:02:48.216+0900][30.572s][info][gc,start    ] GC(345) Pause Young (Concurrent Start) (G1 Humongous Allocation)
[2026-03-26T14:02:48.216+0900][30.572s][info][gc,task     ] GC(345) Using 12 workers of 13 for evacuation
[2026-03-26T14:02:48.217+0900][30.573s][info][gc,phases   ] GC(345)   Pre Evacuate Collection Set: 0.2ms
[2026-03-26T14:02:48.217+0900][30.573s][info][gc,phases   ] GC(345)   Merge Heap Roots: 0.1ms
[2026-03-26T14:02:48.217+0900][30.573s][info][gc,phases   ] GC(345)   Evacuate Collection Set: 0.2ms
[2026-03-26T14:02:48.217+0900][30.573s][info][gc,phases   ] GC(345)   Post Evacuate Collection Set: 0.2ms
[2026-03-26T14:02:48.217+0900][30.573s][info][gc,phases   ] GC(345)   Other: 0.1ms
[2026-03-26T14:02:48.217+0900][30.573s][info][gc,heap     ] GC(345) Eden regions: 50->0(208)
[2026-03-26T14:02:48.217+0900][30.573s][info][gc,heap     ] GC(345) Survivor regions: 0->0(16)
[2026-03-26T14:02:48.217+0900][30.573s][info][gc,heap     ] GC(345) Old regions: 1->1
[2026-03-26T14:02:48.217+0900][30.573s][info][gc,heap     ] GC(345) Humongous regions: 366->276
[2026-03-26T14:02:48.217+0900][30.573s][info][gc,metaspace] GC(345) Metaspace: 324K(512K)->324K(512K) NonClass: 307K(384K)->307K(384K) Class: 17K(128K)->17K(128K)
[2026-03-26T14:02:48.217+0900][30.573s][info][gc          ] GC(345) Pause Young (Concurrent Start) (G1 Humongous Allocation) 416M->276M(512M) 0.897ms
[2026-03-26T14:02:48.217+0900][30.573s][info][gc,cpu      ] GC(345) User=0.00s Sys=0.00s Real=0.00s
[2026-03-26T14:02:48.217+0900][30.573s][info][gc          ] GC(346) Concurrent Mark Cycle
[2026-03-26T14:02:48.217+0900][30.573s][info][gc,marking  ] GC(346) Concurrent Scan Root Regions
[2026-03-26T14:02:48.217+0900][30.573s][info][gc,marking  ] GC(346) Concurrent Scan Root Regions 0.015ms
[2026-03-26T14:02:48.217+0900][30.573s][info][gc,marking  ] GC(346) Concurrent Mark
[2026-03-26T14:02:48.217+0900][30.573s][info][gc,marking  ] GC(346) Concurrent Mark From Roots
[2026-03-26T14:02:48.217+0900][30.573s][info][gc,task     ] GC(346) Using 3 workers of 3 for marking
[2026-03-26T14:02:48.218+0900][30.574s][info][gc,marking  ] GC(346) Concurrent Mark From Roots 0.858ms
[2026-03-26T14:02:48.218+0900][30.574s][info][gc,marking  ] GC(346) Concurrent Preclean
[2026-03-26T14:02:48.218+0900][30.574s][info][gc,marking  ] GC(346) Concurrent Preclean 0.017ms
[2026-03-26T14:02:48.218+0900][30.574s][info][gc,start    ] GC(346) Pause Remark
[2026-03-26T14:02:48.218+0900][30.574s][info][gc          ] GC(346) Pause Remark 282M->282M(512M) 0.460ms
[2026-03-26T14:02:48.218+0900][30.574s][info][gc,cpu      ] GC(346) User=0.00s Sys=0.00s Real=0.00s
[2026-03-26T14:02:48.218+0900][30.574s][info][gc,marking  ] GC(346) Concurrent Mark 1.495ms
[2026-03-26T14:02:48.218+0900][30.575s][info][gc,marking  ] GC(346) Concurrent Rebuild Remembered Sets and Scrub Regions
[2026-03-26T14:02:48.218+0900][30.575s][info][gc,marking  ] GC(346) Concurrent Rebuild Remembered Sets and Scrub Regions 0.374ms
[2026-03-26T14:02:48.220+0900][30.575s][info][gc,start    ] GC(346) Pause Cleanup
[2026-03-26T14:02:48.220+0900][30.575s][info][gc          ] GC(346) Pause Cleanup 282M->282M(512M) 0.102ms
[2026-03-26T14:02:48.220+0900][30.575s][info][gc,cpu      ] GC(346) User=0.00s Sys=0.00s Real=0.00s
[2026-03-26T14:02:48.220+0900][30.575s][info][gc,marking  ] GC(346) Concurrent Clear Claimed Marks
[2026-03-26T14:02:48.220+0900][30.575s][info][gc,marking  ] GC(346) Concurrent Clear Claimed Marks 0.047ms
[2026-03-26T14:02:48.220+0900][30.575s][info][gc,marking  ] GC(346) Concurrent Cleanup for Next Mark
[2026-03-26T14:02:48.220+0900][30.576s][info][gc,marking  ] GC(346) Concurrent Cleanup for Next Mark 0.369ms
[2026-03-26T14:02:48.220+0900][30.576s][info][gc          ] GC(346) Concurrent Mark Cycle 2.697ms
[2026-03-26T14:02:48.375+0900][30.732s][info][gc,start    ] GC(347) Pause Young (Concurrent Start) (G1 Humongous Allocation)
[2026-03-26T14:02:48.375+0900][30.732s][info][gc,task     ] GC(347) Using 12 workers of 13 for evacuation
[2026-03-26T14:02:48.375+0900][30.735s][info][gc,phases   ] GC(347)   Pre Evacuate Collection Set: 0.4ms
[2026-03-26T14:02:48.375+0900][30.735s][info][gc,phases   ] GC(347)   Merge Heap Roots: 0.2ms
[2026-03-26T14:02:48.375+0900][30.735s][info][gc,phases   ] GC(347)   Evacuate Collection Set: 0.6ms
[2026-03-26T14:02:48.375+0900][30.735s][info][gc,phases   ] GC(347)   Post Evacuate Collection Set: 0.8ms
[2026-03-26T14:02:48.375+0900][30.735s][info][gc,phases   ] GC(347)   Other: 0.2ms
[2026-03-26T14:02:48.375+0900][30.735s][info][gc,heap     ] GC(347) Eden regions: 50->0(202)
[2026-03-26T14:02:48.375+0900][30.735s][info][gc,heap     ] GC(347) Survivor regions: 0->0(26)
[2026-03-26T14:02:48.375+0900][30.735s][info][gc,heap     ] GC(347) Old regions: 1->1
[2026-03-26T14:02:48.375+0900][30.735s][info][gc,heap     ] GC(347) Humongous regions: 282->282
[2026-03-26T14:02:48.375+0900][30.735s][info][gc,metaspace] GC(347) Metaspace: 324K(512K)->324K(512K) NonClass: 307K(384K)->307K(384K) Class: 17K(128K)->17K(128K)
[2026-03-26T14:02:48.375+0900][30.735s][info][gc          ] GC(347) Pause Young (Concurrent Start) (G1 Humongous Allocation) 332M->282M(512M) 2.771ms
[2026-03-26T14:02:48.375+0900][30.735s][info][gc,cpu      ] GC(347) User=0.00s Sys=0.00s Real=0.00s
[2026-03-26T14:02:48.375+0900][30.735s][info][gc          ] GC(348) Concurrent Mark Cycle
[2026-03-26T14:02:48.375+0900][30.735s][info][gc,marking  ] GC(348) Concurrent Scan Root Regions
[2026-03-26T14:02:48.375+0900][30.735s][info][gc,marking  ] GC(348) Concurrent Scan Root Regions 0.034ms
[2026-03-26T14:02:48.375+0900][30.735s][info][gc,marking  ] GC(348) Concurrent Mark
[2026-03-26T14:02:48.375+0900][30.735s][info][gc,marking  ] GC(348) Concurrent Mark From Roots
[2026-03-26T14:02:48.375+0900][30.735s][info][gc,task     ] GC(348) Using 3 workers of 3 for marking
[2026-03-26T14:02:48.382+0900][30.737s][info][gc,marking  ] GC(348) Concurrent Mark From Roots 1.935ms
[2026-03-26T14:02:48.382+0900][30.737s][info][gc,marking  ] GC(348) Concurrent Preclean
[2026-03-26T14:02:48.382+0900][30.737s][info][gc,marking  ] GC(348) Concurrent Preclean 0.029ms
[2026-03-26T14:02:48.382+0900][30.737s][info][gc,start    ] GC(348) Pause Remark
[2026-03-26T14:02:48.382+0900][30.739s][info][gc          ] GC(348) Pause Remark 288M->288M(512M) 1.387ms
[2026-03-26T14:02:48.382+0900][30.739s][info][gc,cpu      ] GC(348) User=0.00s Sys=0.00s Real=0.00s
[2026-03-26T14:02:48.382+0900][30.739s][info][gc,marking  ] GC(348) Concurrent Mark 3.774ms
[2026-03-26T14:02:48.382+0900][30.739s][info][gc,marking  ] GC(348) Concurrent Rebuild Remembered Sets and Scrub Regions
[2026-03-26T14:02:48.382+0900][30.740s][info][gc,marking  ] GC(348) Concurrent Rebuild Remembered Sets and Scrub Regions 0.828ms
[2026-03-26T14:02:48.382+0900][30.740s][info][gc,start    ] GC(348) Pause Cleanup
[2026-03-26T14:02:48.382+0900][30.740s][info][gc          ] GC(348) Pause Cleanup 288M->288M(512M) 0.224ms
[2026-03-26T14:02:48.382+0900][30.740s][info][gc,cpu      ] GC(348) User=0.00s Sys=0.00s Real=0.00s
[2026-03-26T14:02:48.382+0900][30.741s][info][gc,marking  ] GC(348) Concurrent Clear Claimed Marks
[2026-03-26T14:02:48.382+0900][30.741s][info][gc,marking  ] GC(348) Concurrent Clear Claimed Marks 0.080ms
[2026-03-26T14:02:48.382+0900][30.741s][info][gc,marking  ] GC(348) Concurrent Cleanup for Next Mark
[2026-03-26T14:02:48.382+0900][30.741s][info][gc,marking  ] GC(348) Concurrent Cleanup for Next Mark 0.514ms
[2026-03-26T14:02:48.382+0900][30.741s][info][gc          ] GC(348) Concurrent Mark Cycle 6.178ms
[2026-03-26T14:02:48.538+0900][30.894s][info][gc,start    ] GC(349) Pause Young (Concurrent Start) (G1 Humongous Allocation)
[2026-03-26T14:02:48.538+0900][30.895s][info][gc,task     ] GC(349) Using 12 workers of 13 for evacuation
[2026-03-26T14:02:48.538+0900][30.897s][info][gc,phases   ] GC(349)   Pre Evacuate Collection Set: 0.5ms
[2026-03-26T14:02:48.538+0900][30.897s][info][gc,phases   ] GC(349)   Merge Heap Roots: 0.2ms
[2026-03-26T14:02:48.538+0900][30.897s][info][gc,phases   ] GC(349)   Evacuate Collection Set: 0.4ms
[2026-03-26T14:02:48.538+0900][30.897s][info][gc,phases   ] GC(349)   Post Evacuate Collection Set: 0.7ms
[2026-03-26T14:02:48.538+0900][30.897s][info][gc,phases   ] GC(349)   Other: 0.2ms
[2026-03-26T14:02:48.538+0900][30.897s][info][gc,heap     ] GC(349) Eden regions: 50->0(196)
[2026-03-26T14:02:48.538+0900][30.897s][info][gc,heap     ] GC(349) Survivor regions: 0->0(26)
[2026-03-26T14:02:48.538+0900][30.897s][info][gc,heap     ] GC(349) Old regions: 1->1
[2026-03-26T14:02:48.538+0900][30.897s][info][gc,heap     ] GC(349) Humongous regions: 288->288
[2026-03-26T14:02:48.538+0900][30.897s][info][gc,metaspace] GC(349) Metaspace: 324K(512K)->324K(512K) NonClass: 307K(384K)->307K(384K) Class: 17K(128K)->17K(128K)
[2026-03-26T14:02:48.538+0900][30.897s][info][gc          ] GC(349) Pause Young (Concurrent Start) (G1 Humongous Allocation) 338M->288M(512M) 2.494ms
[2026-03-26T14:02:48.538+0900][30.897s][info][gc,cpu      ] GC(349) User=0.00s Sys=0.00s Real=0.00s
[2026-03-26T14:02:48.538+0900][30.897s][info][gc          ] GC(350) Concurrent Mark Cycle
[2026-03-26T14:02:48.538+0900][30.897s][info][gc,marking  ] GC(350) Concurrent Scan Root Regions
[2026-03-26T14:02:48.538+0900][30.897s][info][gc,marking  ] GC(350) Concurrent Scan Root Regions 0.028ms
[2026-03-26T14:02:48.538+0900][30.897s][info][gc,marking  ] GC(350) Concurrent Mark
[2026-03-26T14:02:48.538+0900][30.897s][info][gc,marking  ] GC(350) Concurrent Mark From Roots
[2026-03-26T14:02:48.538+0900][30.897s][info][gc,task     ] GC(350) Using 3 workers of 3 for marking
[2026-03-26T14:02:48.543+0900][30.899s][info][gc,marking  ] GC(350) Concurrent Mark From Roots 1.997ms
[2026-03-26T14:02:48.543+0900][30.899s][info][gc,marking  ] GC(350) Concurrent Preclean
[2026-03-26T14:02:48.543+0900][30.899s][info][gc,marking  ] GC(350) Concurrent Preclean 0.029ms
[2026-03-26T14:02:48.543+0900][30.899s][info][gc,start    ] GC(350) Pause Remark
[2026-03-26T14:02:48.543+0900][30.901s][info][gc          ] GC(350) Pause Remark 294M->294M(512M) 1.420ms
[2026-03-26T14:02:48.543+0900][30.901s][info][gc,cpu      ] GC(350) User=0.00s Sys=0.00s Real=0.00s
[2026-03-26T14:02:48.543+0900][30.901s][info][gc,marking  ] GC(350) Concurrent Mark 3.877ms
[2026-03-26T14:02:48.543+0900][30.901s][info][gc,marking  ] GC(350) Concurrent Rebuild Remembered Sets and Scrub Regions
[2026-03-26T14:02:48.543+0900][30.902s][info][gc,marking  ] GC(350) Concurrent Rebuild Remembered Sets and Scrub Regions 0.839ms
[2026-03-26T14:02:48.543+0900][30.902s][info][gc,start    ] GC(350) Pause Cleanup
[2026-03-26T14:02:48.543+0900][30.902s][info][gc          ] GC(350) Pause Cleanup 294M->294M(512M) 0.235ms
[2026-03-26T14:02:48.543+0900][30.902s][info][gc,cpu      ] GC(350) User=0.00s Sys=0.00s Real=0.00s
[2026-03-26T14:02:48.543+0900][30.903s][info][gc,marking  ] GC(350) Concurrent Clear Claimed Marks
[2026-03-26T14:02:48.543+0900][30.903s][info][gc,marking  ] GC(350) Concurrent Clear Claimed Marks 0.091ms
[2026-03-26T14:02:48.543+0900][30.903s][info][gc,marking  ] GC(350) Concurrent Cleanup for Next Mark
[2026-03-26T14:02:48.543+0900][30.903s][info][gc,marking  ] GC(350) Concurrent Cleanup for Next Mark 0.549ms
[2026-03-26T14:02:48.543+0900][30.903s][info][gc          ] GC(350) Concurrent Mark Cycle 6.298ms
[2026-03-26T14:02:48.699+0900][31.055s][info][gc,start    ] GC(351) Pause Young (Concurrent Start) (G1 Humongous Allocation)
[2026-03-26T14:02:48.699+0900][31.055s][info][gc,task     ] GC(351) Using 12 workers of 13 for evacuation
[2026-03-26T14:02:48.700+0900][31.056s][info][gc,phases   ] GC(351)   Pre Evacuate Collection Set: 0.2ms
[2026-03-26T14:02:48.700+0900][31.056s][info][gc,phases   ] GC(351)   Merge Heap Roots: 0.1ms
[2026-03-26T14:02:48.700+0900][31.056s][info][gc,phases   ] GC(351)   Evacuate Collection Set: 0.3ms
[2026-03-26T14:02:48.700+0900][31.056s][info][gc,phases   ] GC(351)   Post Evacuate Collection Set: 0.2ms
[2026-03-26T14:02:48.700+0900][31.056s][info][gc,phases   ] GC(351)   Other: 0.1ms
[2026-03-26T14:02:48.700+0900][31.056s][info][gc,heap     ] GC(351) Eden regions: 50->0(190)
[2026-03-26T14:02:48.700+0900][31.056s][info][gc,heap     ] GC(351) Survivor regions: 0->0(25)
[2026-03-26T14:02:48.700+0900][31.056s][info][gc,heap     ] GC(351) Old regions: 1->1
[2026-03-26T14:02:48.700+0900][31.056s][info][gc,heap     ] GC(351) Humongous regions: 294->294
[2026-03-26T14:02:48.701+0900][31.056s][info][gc,metaspace] GC(351) Metaspace: 324K(512K)->324K(512K) NonClass: 307K(384K)->307K(384K) Class: 17K(128K)->17K(128K)
[2026-03-26T14:02:48.701+0900][31.056s][info][gc          ] GC(351) Pause Young (Concurrent Start) (G1 Humongous Allocation) 344M->294M(512M) 1.307ms
[2026-03-26T14:02:48.701+0900][31.056s][info][gc,cpu      ] GC(351) User=0.00s Sys=0.00s Real=0.00s
[2026-03-26T14:02:48.701+0900][31.056s][info][gc          ] GC(352) Concurrent Mark Cycle
[2026-03-26T14:02:48.701+0900][31.056s][info][gc,marking  ] GC(352) Concurrent Scan Root Regions
[2026-03-26T14:02:48.701+0900][31.056s][info][gc,marking  ] GC(352) Concurrent Scan Root Regions 0.024ms
[2026-03-26T14:02:48.701+0900][31.056s][info][gc,marking  ] GC(352) Concurrent Mark
[2026-03-26T14:02:48.701+0900][31.056s][info][gc,marking  ] GC(352) Concurrent Mark From Roots
[2026-03-26T14:02:48.701+0900][31.056s][info][gc,task     ] GC(352) Using 3 workers of 3 for marking
[2026-03-26T14:02:48.701+0900][31.058s][info][gc,marking  ] GC(352) Concurrent Mark From Roots 1.317ms
[2026-03-26T14:02:48.701+0900][31.058s][info][gc,marking  ] GC(352) Concurrent Preclean
[2026-03-26T14:02:48.701+0900][31.058s][info][gc,marking  ] GC(352) Concurrent Preclean 0.023ms
[2026-03-26T14:02:48.701+0900][31.058s][info][gc,start    ] GC(352) Pause Remark
[2026-03-26T14:02:48.701+0900][31.059s][info][gc          ] GC(352) Pause Remark 300M->300M(512M) 0.736ms
[2026-03-26T14:02:48.701+0900][31.059s][info][gc,cpu      ] GC(352) User=0.00s Sys=0.00s Real=0.00s
[2026-03-26T14:02:48.701+0900][31.059s][info][gc,marking  ] GC(352) Concurrent Mark 2.363ms
[2026-03-26T14:02:48.701+0900][31.059s][info][gc,marking  ] GC(352) Concurrent Rebuild Remembered Sets and Scrub Regions
[2026-03-26T14:02:48.704+0900][31.059s][info][gc,marking  ] GC(352) Concurrent Rebuild Remembered Sets and Scrub Regions 0.644ms
[2026-03-26T14:02:48.704+0900][31.059s][info][gc,start    ] GC(352) Pause Cleanup
[2026-03-26T14:02:48.704+0900][31.060s][info][gc          ] GC(352) Pause Cleanup 300M->300M(512M) 0.184ms
[2026-03-26T14:02:48.704+0900][31.060s][info][gc,cpu      ] GC(352) User=0.00s Sys=0.00s Real=0.00s
[2026-03-26T14:02:48.704+0900][31.060s][info][gc,marking  ] GC(352) Concurrent Clear Claimed Marks
[2026-03-26T14:02:48.704+0900][31.060s][info][gc,marking  ] GC(352) Concurrent Clear Claimed Marks 0.021ms
[2026-03-26T14:02:48.704+0900][31.060s][info][gc,marking  ] GC(352) Concurrent Cleanup for Next Mark
[2026-03-26T14:02:48.705+0900][31.060s][info][gc,marking  ] GC(352) Concurrent Cleanup for Next Mark 0.463ms
[2026-03-26T14:02:48.705+0900][31.060s][info][gc          ] GC(352) Concurrent Mark Cycle 4.071ms
[2026-03-26T14:02:48.857+0900][31.213s][info][gc,start    ] GC(353) Pause Young (Concurrent Start) (G1 Humongous Allocation)
[2026-03-26T14:02:48.857+0900][31.213s][info][gc,task     ] GC(353) Using 12 workers of 13 for evacuation
[2026-03-26T14:02:48.857+0900][31.214s][info][gc,phases   ] GC(353)   Pre Evacuate Collection Set: 0.2ms
[2026-03-26T14:02:48.857+0900][31.214s][info][gc,phases   ] GC(353)   Merge Heap Roots: 0.1ms
[2026-03-26T14:02:48.857+0900][31.214s][info][gc,phases   ] GC(353)   Evacuate Collection Set: 0.3ms
[2026-03-26T14:02:48.857+0900][31.214s][info][gc,phases   ] GC(353)   Post Evacuate Collection Set: 0.2ms
[2026-03-26T14:02:48.857+0900][31.214s][info][gc,phases   ] GC(353)   Other: 0.1ms
[2026-03-26T14:02:48.857+0900][31.214s][info][gc,heap     ] GC(353) Eden regions: 50->0(184)
[2026-03-26T14:02:48.857+0900][31.214s][info][gc,heap     ] GC(353) Survivor regions: 0->0(24)
[2026-03-26T14:02:48.857+0900][31.214s][info][gc,heap     ] GC(353) Old regions: 1->1
[2026-03-26T14:02:48.857+0900][31.214s][info][gc,heap     ] GC(353) Humongous regions: 300->300
[2026-03-26T14:02:48.857+0900][31.214s][info][gc,metaspace] GC(353) Metaspace: 324K(512K)->324K(512K) NonClass: 307K(384K)->307K(384K) Class: 17K(128K)->17K(128K)
[2026-03-26T14:02:48.857+0900][31.214s][info][gc          ] GC(353) Pause Young (Concurrent Start) (G1 Humongous Allocation) 350M->300M(512M) 1.287ms
[2026-03-26T14:02:48.857+0900][31.214s][info][gc,cpu      ] GC(353) User=0.00s Sys=0.00s Real=0.00s
[2026-03-26T14:02:48.857+0900][31.214s][info][gc          ] GC(354) Concurrent Mark Cycle
[2026-03-26T14:02:48.857+0900][31.214s][info][gc,marking  ] GC(354) Concurrent Scan Root Regions
[2026-03-26T14:02:48.857+0900][31.214s][info][gc,marking  ] GC(354) Concurrent Scan Root Regions 0.018ms
[2026-03-26T14:02:48.859+0900][31.214s][info][gc,marking  ] GC(354) Concurrent Mark
[2026-03-26T14:02:48.859+0900][31.215s][info][gc,marking  ] GC(354) Concurrent Mark From Roots
[2026-03-26T14:02:48.859+0900][31.215s][info][gc,task     ] GC(354) Using 3 workers of 3 for marking
[2026-03-26T14:02:48.859+0900][31.216s][info][gc,marking  ] GC(354) Concurrent Mark From Roots 1.353ms
[2026-03-26T14:02:48.859+0900][31.216s][info][gc,marking  ] GC(354) Concurrent Preclean
[2026-03-26T14:02:48.859+0900][31.216s][info][gc,marking  ] GC(354) Concurrent Preclean 0.019ms
[2026-03-26T14:02:48.859+0900][31.216s][info][gc,start    ] GC(354) Pause Remark
[2026-03-26T14:02:48.859+0900][31.217s][info][gc          ] GC(354) Pause Remark 306M->306M(512M) 0.629ms
[2026-03-26T14:02:48.859+0900][31.217s][info][gc,cpu      ] GC(354) User=0.00s Sys=0.00s Real=0.00s
[2026-03-26T14:02:48.859+0900][31.217s][info][gc,marking  ] GC(354) Concurrent Mark 2.208ms
[2026-03-26T14:02:48.859+0900][31.217s][info][gc,marking  ] GC(354) Concurrent Rebuild Remembered Sets and Scrub Regions
[2026-03-26T14:02:48.861+0900][31.217s][info][gc,marking  ] GC(354) Concurrent Rebuild Remembered Sets and Scrub Regions 0.500ms
[2026-03-26T14:02:48.861+0900][31.217s][info][gc,start    ] GC(354) Pause Cleanup
[2026-03-26T14:02:48.862+0900][31.217s][info][gc          ] GC(354) Pause Cleanup 306M->306M(512M) 0.115ms
[2026-03-26T14:02:48.862+0900][31.217s][info][gc,cpu      ] GC(354) User=0.00s Sys=0.00s Real=0.00s
[2026-03-26T14:02:48.862+0900][31.217s][info][gc,marking  ] GC(354) Concurrent Clear Claimed Marks
[2026-03-26T14:02:48.862+0900][31.217s][info][gc,marking  ] GC(354) Concurrent Clear Claimed Marks 0.015ms
[2026-03-26T14:02:48.862+0900][31.217s][info][gc,marking  ] GC(354) Concurrent Cleanup for Next Mark
[2026-03-26T14:02:48.863+0900][31.218s][info][gc,marking  ] GC(354) Concurrent Cleanup for Next Mark 0.389ms
[2026-03-26T14:02:48.863+0900][31.218s][info][gc          ] GC(354) Concurrent Mark Cycle 3.484ms
[2026-03-26T14:02:49.016+0900][31.372s][info][gc,start    ] GC(355) Pause Young (Concurrent Start) (G1 Humongous Allocation)
[2026-03-26T14:02:49.016+0900][31.372s][info][gc,task     ] GC(355) Using 12 workers of 13 for evacuation
[2026-03-26T14:02:49.016+0900][31.373s][info][gc,phases   ] GC(355)   Pre Evacuate Collection Set: 0.2ms
[2026-03-26T14:02:49.016+0900][31.373s][info][gc,phases   ] GC(355)   Merge Heap Roots: 0.1ms
[2026-03-26T14:02:49.016+0900][31.373s][info][gc,phases   ] GC(355)   Evacuate Collection Set: 0.2ms
[2026-03-26T14:02:49.016+0900][31.373s][info][gc,phases   ] GC(355)   Post Evacuate Collection Set: 0.3ms
[2026-03-26T14:02:49.016+0900][31.373s][info][gc,phases   ] GC(355)   Other: 0.2ms
[2026-03-26T14:02:49.016+0900][31.373s][info][gc,heap     ] GC(355) Eden regions: 50->0(178)
[2026-03-26T14:02:49.016+0900][31.373s][info][gc,heap     ] GC(355) Survivor regions: 0->0(23)
[2026-03-26T14:02:49.016+0900][31.373s][info][gc,heap     ] GC(355) Old regions: 1->1
[2026-03-26T14:02:49.016+0900][31.373s][info][gc,heap     ] GC(355) Humongous regions: 306->306
[2026-03-26T14:02:49.016+0900][31.373s][info][gc,metaspace] GC(355) Metaspace: 324K(512K)->324K(512K) NonClass: 307K(384K)->307K(384K) Class: 17K(128K)->17K(128K)
[2026-03-26T14:02:49.016+0900][31.373s][info][gc          ] GC(355) Pause Young (Concurrent Start) (G1 Humongous Allocation) 356M->306M(512M) 1.189ms
[2026-03-26T14:02:49.016+0900][31.373s][info][gc,cpu      ] GC(355) User=0.00s Sys=0.00s Real=0.00s
[2026-03-26T14:02:49.018+0900][31.373s][info][gc          ] GC(356) Concurrent Mark Cycle
[2026-03-26T14:02:49.018+0900][31.373s][info][gc,marking  ] GC(356) Concurrent Scan Root Regions
[2026-03-26T14:02:49.018+0900][31.373s][info][gc,marking  ] GC(356) Concurrent Scan Root Regions 0.015ms
[2026-03-26T14:02:49.018+0900][31.373s][info][gc,marking  ] GC(356) Concurrent Mark
[2026-03-26T14:02:49.018+0900][31.373s][info][gc,marking  ] GC(356) Concurrent Mark From Roots
[2026-03-26T14:02:49.018+0900][31.373s][info][gc,task     ] GC(356) Using 3 workers of 3 for marking
[2026-03-26T14:02:49.018+0900][31.374s][info][gc,marking  ] GC(356) Concurrent Mark From Roots 0.888ms
[2026-03-26T14:02:49.018+0900][31.374s][info][gc,marking  ] GC(356) Concurrent Preclean
[2026-03-26T14:02:49.018+0900][31.374s][info][gc,marking  ] GC(356) Concurrent Preclean 0.017ms
[2026-03-26T14:02:49.018+0900][31.374s][info][gc,start    ] GC(356) Pause Remark
[2026-03-26T14:02:49.018+0900][31.375s][info][gc          ] GC(356) Pause Remark 312M->312M(512M) 0.588ms
[2026-03-26T14:02:49.018+0900][31.375s][info][gc,cpu      ] GC(356) User=0.00s Sys=0.00s Real=0.00s
[2026-03-26T14:02:49.018+0900][31.375s][info][gc,marking  ] GC(356) Concurrent Mark 1.694ms
[2026-03-26T14:02:49.018+0900][31.375s][info][gc,marking  ] GC(356) Concurrent Rebuild Remembered Sets and Scrub Regions
[2026-03-26T14:02:49.018+0900][31.375s][info][gc,marking  ] GC(356) Concurrent Rebuild Remembered Sets and Scrub Regions 0.503ms
[2026-03-26T14:02:49.020+0900][31.376s][info][gc,start    ] GC(356) Pause Cleanup
[2026-03-26T14:02:49.020+0900][31.376s][info][gc          ] GC(356) Pause Cleanup 312M->312M(512M) 0.124ms
[2026-03-26T14:02:49.020+0900][31.376s][info][gc,cpu      ] GC(356) User=0.00s Sys=0.00s Real=0.00s
[2026-03-26T14:02:49.020+0900][31.376s][info][gc,marking  ] GC(356) Concurrent Clear Claimed Marks
[2026-03-26T14:02:49.020+0900][31.376s][info][gc,marking  ] GC(356) Concurrent Clear Claimed Marks 0.046ms
[2026-03-26T14:02:49.020+0900][31.376s][info][gc,marking  ] GC(356) Concurrent Cleanup for Next Mark
[2026-03-26T14:02:49.020+0900][31.376s][info][gc,marking  ] GC(356) Concurrent Cleanup for Next Mark 0.301ms
[2026-03-26T14:02:49.020+0900][31.376s][info][gc          ] GC(356) Concurrent Mark Cycle 2.998ms
[2026-03-26T14:02:49.176+0900][31.532s][info][gc,start    ] GC(357) Pause Young (Concurrent Start) (G1 Humongous Allocation)
[2026-03-26T14:02:49.176+0900][31.532s][info][gc,task     ] GC(357) Using 12 workers of 13 for evacuation
[2026-03-26T14:02:49.176+0900][31.533s][info][gc,phases   ] GC(357)   Pre Evacuate Collection Set: 0.2ms
[2026-03-26T14:02:49.176+0900][31.533s][info][gc,phases   ] GC(357)   Merge Heap Roots: 0.1ms
[2026-03-26T14:02:49.176+0900][31.533s][info][gc,phases   ] GC(357)   Evacuate Collection Set: 0.3ms
[2026-03-26T14:02:49.176+0900][31.533s][info][gc,phases   ] GC(357)   Post Evacuate Collection Set: 0.2ms
[2026-03-26T14:02:49.176+0900][31.533s][info][gc,phases   ] GC(357)   Other: 0.1ms
[2026-03-26T14:02:49.176+0900][31.533s][info][gc,heap     ] GC(357) Eden regions: 50->0(172)
[2026-03-26T14:02:49.176+0900][31.533s][info][gc,heap     ] GC(357) Survivor regions: 0->0(23)
[2026-03-26T14:02:49.176+0900][31.533s][info][gc,heap     ] GC(357) Old regions: 1->1
[2026-03-26T14:02:49.176+0900][31.533s][info][gc,heap     ] GC(357) Humongous regions: 312->312
[2026-03-26T14:02:49.176+0900][31.533s][info][gc,metaspace] GC(357) Metaspace: 324K(512K)->324K(512K) NonClass: 307K(384K)->307K(384K) Class: 17K(128K)->17K(128K)
[2026-03-26T14:02:49.178+0900][31.533s][info][gc          ] GC(357) Pause Young (Concurrent Start) (G1 Humongous Allocation) 362M->312M(512M) 1.347ms
[2026-03-26T14:02:49.178+0900][31.533s][info][gc,cpu      ] GC(357) User=0.00s Sys=0.00s Real=0.00s
[2026-03-26T14:02:49.178+0900][31.533s][info][gc          ] GC(358) Concurrent Mark Cycle
[2026-03-26T14:02:49.178+0900][31.533s][info][gc,marking  ] GC(358) Concurrent Scan Root Regions
[2026-03-26T14:02:49.178+0900][31.533s][info][gc,marking  ] GC(358) Concurrent Scan Root Regions 0.028ms
[2026-03-26T14:02:49.178+0900][31.533s][info][gc,marking  ] GC(358) Concurrent Mark
[2026-03-26T14:02:49.178+0900][31.533s][info][gc,marking  ] GC(358) Concurrent Mark From Roots
[2026-03-26T14:02:49.178+0900][31.533s][info][gc,task     ] GC(358) Using 3 workers of 3 for marking
[2026-03-26T14:02:49.178+0900][31.535s][info][gc,marking  ] GC(358) Concurrent Mark From Roots 1.433ms
[2026-03-26T14:02:49.178+0900][31.535s][info][gc,marking  ] GC(358) Concurrent Preclean
[2026-03-26T14:02:49.178+0900][31.535s][info][gc,marking  ] GC(358) Concurrent Preclean 0.028ms
[2026-03-26T14:02:49.179+0900][31.535s][info][gc,start    ] GC(358) Pause Remark
[2026-03-26T14:02:49.180+0900][31.536s][info][gc          ] GC(358) Pause Remark 318M->318M(512M) 0.784ms
[2026-03-26T14:02:49.181+0900][31.536s][info][gc,cpu      ] GC(358) User=0.00s Sys=0.00s Real=0.00s
[2026-03-26T14:02:49.181+0900][31.536s][info][gc,marking  ] GC(358) Concurrent Mark 3.174ms
[2026-03-26T14:02:49.181+0900][31.536s][info][gc,marking  ] GC(358) Concurrent Rebuild Remembered Sets and Scrub Regions
[2026-03-26T14:02:49.181+0900][31.537s][info][gc,marking  ] GC(358) Concurrent Rebuild Remembered Sets and Scrub Regions 0.721ms
[2026-03-26T14:02:49.181+0900][31.537s][info][gc,start    ] GC(358) Pause Cleanup
[2026-03-26T14:02:49.181+0900][31.537s][info][gc          ] GC(358) Pause Cleanup 318M->318M(512M) 0.227ms
[2026-03-26T14:02:49.181+0900][31.537s][info][gc,cpu      ] GC(358) User=0.00s Sys=0.00s Real=0.00s
[2026-03-26T14:02:49.181+0900][31.537s][info][gc,marking  ] GC(358) Concurrent Clear Claimed Marks
[2026-03-26T14:02:49.181+0900][31.537s][info][gc,marking  ] GC(358) Concurrent Clear Claimed Marks 0.034ms
[2026-03-26T14:02:49.181+0900][31.537s][info][gc,marking  ] GC(358) Concurrent Cleanup for Next Mark
[2026-03-26T14:02:49.183+0900][31.538s][info][gc,marking  ] GC(358) Concurrent Cleanup for Next Mark 0.385ms
[2026-03-26T14:02:49.183+0900][31.538s][info][gc          ] GC(358) Concurrent Mark Cycle 4.998ms
[2026-03-26T14:02:49.335+0900][31.691s][info][gc,start    ] GC(359) Pause Young (Concurrent Start) (G1 Humongous Allocation)
[2026-03-26T14:02:49.335+0900][31.691s][info][gc,task     ] GC(359) Using 12 workers of 13 for evacuation
[2026-03-26T14:02:49.335+0900][31.692s][info][gc,phases   ] GC(359)   Pre Evacuate Collection Set: 0.2ms
[2026-03-26T14:02:49.335+0900][31.692s][info][gc,phases   ] GC(359)   Merge Heap Roots: 0.1ms
[2026-03-26T14:02:49.335+0900][31.692s][info][gc,phases   ] GC(359)   Evacuate Collection Set: 0.3ms
[2026-03-26T14:02:49.335+0900][31.692s][info][gc,phases   ] GC(359)   Post Evacuate Collection Set: 0.3ms
[2026-03-26T14:02:49.337+0900][31.692s][info][gc,phases   ] GC(359)   Other: 0.1ms
[2026-03-26T14:02:49.337+0900][31.692s][info][gc,heap     ] GC(359) Eden regions: 50->0(166)
[2026-03-26T14:02:49.337+0900][31.692s][info][gc,heap     ] GC(359) Survivor regions: 0->0(22)
[2026-03-26T14:02:49.337+0900][31.692s][info][gc,heap     ] GC(359) Old regions: 1->1
[2026-03-26T14:02:49.337+0900][31.692s][info][gc,heap     ] GC(359) Humongous regions: 318->318
[2026-03-26T14:02:49.337+0900][31.692s][info][gc,metaspace] GC(359) Metaspace: 324K(512K)->324K(512K) NonClass: 307K(384K)->307K(384K) Class: 17K(128K)->17K(128K)
[2026-03-26T14:02:49.337+0900][31.692s][info][gc          ] GC(359) Pause Young (Concurrent Start) (G1 Humongous Allocation) 368M->318M(512M) 1.467ms
[2026-03-26T14:02:49.337+0900][31.692s][info][gc,cpu      ] GC(359) User=0.00s Sys=0.00s Real=0.00s
[2026-03-26T14:02:49.337+0900][31.692s][info][gc          ] GC(360) Concurrent Mark Cycle
[2026-03-26T14:02:49.337+0900][31.692s][info][gc,marking  ] GC(360) Concurrent Scan Root Regions
[2026-03-26T14:02:49.337+0900][31.693s][info][gc,marking  ] GC(360) Concurrent Scan Root Regions 0.023ms
[2026-03-26T14:02:49.337+0900][31.693s][info][gc,marking  ] GC(360) Concurrent Mark
[2026-03-26T14:02:49.337+0900][31.693s][info][gc,marking  ] GC(360) Concurrent Mark From Roots
[2026-03-26T14:02:49.337+0900][31.693s][info][gc,task     ] GC(360) Using 3 workers of 3 for marking
[2026-03-26T14:02:49.337+0900][31.694s][info][gc,marking  ] GC(360) Concurrent Mark From Roots 1.554ms
[2026-03-26T14:02:49.337+0900][31.694s][info][gc,marking  ] GC(360) Concurrent Preclean
[2026-03-26T14:02:49.337+0900][31.694s][info][gc,marking  ] GC(360) Concurrent Preclean 0.026ms
[2026-03-26T14:02:49.339+0900][31.695s][info][gc,start    ] GC(360) Pause Remark
[2026-03-26T14:02:49.339+0900][31.695s][info][gc          ] GC(360) Pause Remark 324M->324M(512M) 0.839ms
[2026-03-26T14:02:49.340+0900][31.696s][info][gc,cpu      ] GC(360) User=0.03s Sys=0.00s Real=0.00s
[2026-03-26T14:02:49.340+0900][31.696s][info][gc,marking  ] GC(360) Concurrent Mark 3.086ms
[2026-03-26T14:02:49.340+0900][31.696s][info][gc,marking  ] GC(360) Concurrent Rebuild Remembered Sets and Scrub Regions
[2026-03-26T14:02:49.341+0900][31.696s][info][gc,marking  ] GC(360) Concurrent Rebuild Remembered Sets and Scrub Regions 0.732ms
[2026-03-26T14:02:49.341+0900][31.697s][info][gc,start    ] GC(360) Pause Cleanup
[2026-03-26T14:02:49.341+0900][31.697s][info][gc          ] GC(360) Pause Cleanup 324M->324M(512M) 0.184ms
[2026-03-26T14:02:49.341+0900][31.697s][info][gc,cpu      ] GC(360) User=0.00s Sys=0.00s Real=0.00s
[2026-03-26T14:02:49.341+0900][31.697s][info][gc,marking  ] GC(360) Concurrent Clear Claimed Marks
[2026-03-26T14:02:49.341+0900][31.697s][info][gc,marking  ] GC(360) Concurrent Clear Claimed Marks 0.025ms
[2026-03-26T14:02:49.341+0900][31.697s][info][gc,marking  ] GC(360) Concurrent Cleanup for Next Mark
[2026-03-26T14:02:49.342+0900][31.697s][info][gc,marking  ] GC(360) Concurrent Cleanup for Next Mark 0.559ms
[2026-03-26T14:02:49.342+0900][31.697s][info][gc          ] GC(360) Concurrent Mark Cycle 5.000ms
[2026-03-26T14:02:49.508+0900][31.865s][info][gc,start    ] GC(361) Pause Young (Concurrent Start) (G1 Humongous Allocation)
[2026-03-26T14:02:49.508+0900][31.865s][info][gc,task     ] GC(361) Using 12 workers of 13 for evacuation
[2026-03-26T14:02:49.508+0900][31.866s][info][gc,phases   ] GC(361)   Pre Evacuate Collection Set: 0.4ms
[2026-03-26T14:02:49.508+0900][31.866s][info][gc,phases   ] GC(361)   Merge Heap Roots: 0.1ms
[2026-03-26T14:02:49.508+0900][31.866s][info][gc,phases   ] GC(361)   Evacuate Collection Set: 0.2ms
[2026-03-26T14:02:49.508+0900][31.866s][info][gc,phases   ] GC(361)   Post Evacuate Collection Set: 0.2ms
[2026-03-26T14:02:49.508+0900][31.866s][info][gc,phases   ] GC(361)   Other: 0.1ms
[2026-03-26T14:02:49.508+0900][31.866s][info][gc,heap     ] GC(361) Eden regions: 50->0(160)
[2026-03-26T14:02:49.508+0900][31.866s][info][gc,heap     ] GC(361) Survivor regions: 0->0(21)
[2026-03-26T14:02:49.508+0900][31.866s][info][gc,heap     ] GC(361) Old regions: 1->1
[2026-03-26T14:02:49.508+0900][31.866s][info][gc,heap     ] GC(361) Humongous regions: 324->324
[2026-03-26T14:02:49.508+0900][31.866s][info][gc,metaspace] GC(361) Metaspace: 324K(512K)->324K(512K) NonClass: 307K(384K)->307K(384K) Class: 17K(128K)->17K(128K)
[2026-03-26T14:02:49.508+0900][31.866s][info][gc          ] GC(361) Pause Young (Concurrent Start) (G1 Humongous Allocation) 374M->324M(512M) 1.396ms
[2026-03-26T14:02:49.508+0900][31.866s][info][gc,cpu      ] GC(361) User=0.00s Sys=0.00s Real=0.00s
[2026-03-26T14:02:49.508+0900][31.866s][info][gc          ] GC(362) Concurrent Mark Cycle
[2026-03-26T14:02:49.508+0900][31.866s][info][gc,marking  ] GC(362) Concurrent Scan Root Regions
[2026-03-26T14:02:49.508+0900][31.866s][info][gc,marking  ] GC(362) Concurrent Scan Root Regions 0.015ms
[2026-03-26T14:02:49.508+0900][31.866s][info][gc,marking  ] GC(362) Concurrent Mark
[2026-03-26T14:02:49.508+0900][31.866s][info][gc,marking  ] GC(362) Concurrent Mark From Roots
[2026-03-26T14:02:49.508+0900][31.866s][info][gc,task     ] GC(362) Using 3 workers of 3 for marking
[2026-03-26T14:02:49.508+0900][31.867s][info][gc,marking  ] GC(362) Concurrent Mark From Roots 0.891ms
[2026-03-26T14:02:49.508+0900][31.867s][info][gc,marking  ] GC(362) Concurrent Preclean
[2026-03-26T14:02:49.508+0900][31.867s][info][gc,marking  ] GC(362) Concurrent Preclean 0.016ms
[2026-03-26T14:02:49.512+0900][31.868s][info][gc,start    ] GC(362) Pause Remark
[2026-03-26T14:02:49.512+0900][31.868s][info][gc          ] GC(362) Pause Remark 330M->330M(512M) 0.790ms
[2026-03-26T14:02:49.512+0900][31.869s][info][gc,cpu      ] GC(362) User=0.00s Sys=0.00s Real=0.00s
[2026-03-26T14:02:49.512+0900][31.869s][info][gc,marking  ] GC(362) Concurrent Mark 2.369ms
[2026-03-26T14:02:49.512+0900][31.869s][info][gc,marking  ] GC(362) Concurrent Rebuild Remembered Sets and Scrub Regions
[2026-03-26T14:02:49.514+0900][31.869s][info][gc,marking  ] GC(362) Concurrent Rebuild Remembered Sets and Scrub Regions 0.427ms
[2026-03-26T14:02:49.514+0900][31.869s][info][gc,start    ] GC(362) Pause Cleanup
[2026-03-26T14:02:49.514+0900][31.869s][info][gc          ] GC(362) Pause Cleanup 331M->331M(512M) 0.123ms
[2026-03-26T14:02:49.514+0900][31.869s][info][gc,cpu      ] GC(362) User=0.00s Sys=0.00s Real=0.00s
[2026-03-26T14:02:49.514+0900][31.869s][info][gc,marking  ] GC(362) Concurrent Clear Claimed Marks
[2026-03-26T14:02:49.514+0900][31.870s][info][gc,marking  ] GC(362) Concurrent Clear Claimed Marks 0.063ms
[2026-03-26T14:02:49.514+0900][31.870s][info][gc,marking  ] GC(362) Concurrent Cleanup for Next Mark
[2026-03-26T14:02:49.514+0900][31.870s][info][gc,marking  ] GC(362) Concurrent Cleanup for Next Mark 0.313ms
[2026-03-26T14:02:49.514+0900][31.870s][info][gc          ] GC(362) Concurrent Mark Cycle 3.709ms
[2026-03-26T14:02:49.668+0900][32.024s][info][gc,start    ] GC(363) Pause Young (Concurrent Start) (G1 Humongous Allocation)
[2026-03-26T14:02:49.668+0900][32.024s][info][gc,task     ] GC(363) Using 12 workers of 13 for evacuation
[2026-03-26T14:02:49.669+0900][32.025s][info][gc,phases   ] GC(363)   Pre Evacuate Collection Set: 0.2ms
[2026-03-26T14:02:49.669+0900][32.025s][info][gc,phases   ] GC(363)   Merge Heap Roots: 0.1ms
[2026-03-26T14:02:49.669+0900][32.025s][info][gc,phases   ] GC(363)   Evacuate Collection Set: 0.2ms
[2026-03-26T14:02:49.669+0900][32.025s][info][gc,phases   ] GC(363)   Post Evacuate Collection Set: 0.2ms
[2026-03-26T14:02:49.669+0900][32.025s][info][gc,phases   ] GC(363)   Other: 0.1ms
[2026-03-26T14:02:49.669+0900][32.025s][info][gc,heap     ] GC(363) Eden regions: 50->0(154)
[2026-03-26T14:02:49.669+0900][32.025s][info][gc,heap     ] GC(363) Survivor regions: 0->0(20)
[2026-03-26T14:02:49.669+0900][32.025s][info][gc,heap     ] GC(363) Old regions: 1->1
[2026-03-26T14:02:49.669+0900][32.025s][info][gc,heap     ] GC(363) Humongous regions: 330->330
[2026-03-26T14:02:49.669+0900][32.025s][info][gc,metaspace] GC(363) Metaspace: 326K(512K)->326K(512K) NonClass: 309K(384K)->309K(384K) Class: 17K(128K)->17K(128K)
[2026-03-26T14:02:49.669+0900][32.025s][info][gc          ] GC(363) Pause Young (Concurrent Start) (G1 Humongous Allocation) 380M->330M(512M) 0.906ms
[2026-03-26T14:02:49.669+0900][32.025s][info][gc,cpu      ] GC(363) User=0.00s Sys=0.00s Real=0.00s
[2026-03-26T14:02:49.669+0900][32.025s][info][gc          ] GC(364) Concurrent Mark Cycle
[2026-03-26T14:02:49.669+0900][32.025s][info][gc,marking  ] GC(364) Concurrent Scan Root Regions
[2026-03-26T14:02:49.669+0900][32.025s][info][gc,marking  ] GC(364) Concurrent Scan Root Regions 0.014ms
[2026-03-26T14:02:49.669+0900][32.025s][info][gc,marking  ] GC(364) Concurrent Mark
[2026-03-26T14:02:49.669+0900][32.025s][info][gc,marking  ] GC(364) Concurrent Mark From Roots
[2026-03-26T14:02:49.669+0900][32.025s][info][gc,task     ] GC(364) Using 3 workers of 3 for marking
[2026-03-26T14:02:49.670+0900][32.026s][info][gc,marking  ] GC(364) Concurrent Mark From Roots 0.881ms
[2026-03-26T14:02:49.670+0900][32.026s][info][gc,marking  ] GC(364) Concurrent Preclean
[2026-03-26T14:02:49.670+0900][32.026s][info][gc,marking  ] GC(364) Concurrent Preclean 0.015ms
[2026-03-26T14:02:49.670+0900][32.026s][info][gc,start    ] GC(364) Pause Remark
[2026-03-26T14:02:49.670+0900][32.027s][info][gc          ] GC(364) Pause Remark 330M->330M(512M) 0.474ms
[2026-03-26T14:02:49.670+0900][32.027s][info][gc,cpu      ] GC(364) User=0.00s Sys=0.00s Real=0.00s
[2026-03-26T14:02:49.670+0900][32.027s][info][gc,marking  ] GC(364) Concurrent Mark 1.544ms
[2026-03-26T14:02:49.670+0900][32.027s][info][gc,marking  ] GC(364) Concurrent Rebuild Remembered Sets and Scrub Regions
[2026-03-26T14:02:49.672+0900][32.027s][info][gc,marking  ] GC(364) Concurrent Rebuild Remembered Sets and Scrub Regions 0.397ms
[2026-03-26T14:02:49.672+0900][32.028s][info][gc,start    ] GC(364) Pause Cleanup
[2026-03-26T14:02:49.672+0900][32.028s][info][gc          ] GC(364) Pause Cleanup 336M->336M(512M) 0.089ms
[2026-03-26T14:02:49.672+0900][32.028s][info][gc,cpu      ] GC(364) User=0.00s Sys=0.00s Real=0.00s
[2026-03-26T14:02:49.672+0900][32.028s][info][gc,marking  ] GC(364) Concurrent Clear Claimed Marks
[2026-03-26T14:02:49.672+0900][32.028s][info][gc,marking  ] GC(364) Concurrent Clear Claimed Marks 0.014ms
[2026-03-26T14:02:49.672+0900][32.028s][info][gc,marking  ] GC(364) Concurrent Cleanup for Next Mark
[2026-03-26T14:02:49.672+0900][32.028s][info][gc,marking  ] GC(364) Concurrent Cleanup for Next Mark 0.642ms
[2026-03-26T14:02:49.672+0900][32.028s][info][gc          ] GC(364) Concurrent Mark Cycle 3.167ms
[2026-03-26T14:02:49.828+0900][32.183s][info][gc,start    ] GC(365) Pause Young (Concurrent Start) (G1 Humongous Allocation)
[2026-03-26T14:02:49.828+0900][32.183s][info][gc,task     ] GC(365) Using 12 workers of 13 for evacuation
[2026-03-26T14:02:49.828+0900][32.184s][info][gc,phases   ] GC(365)   Pre Evacuate Collection Set: 0.2ms
[2026-03-26T14:02:49.828+0900][32.184s][info][gc,phases   ] GC(365)   Merge Heap Roots: 0.1ms
[2026-03-26T14:02:49.828+0900][32.184s][info][gc,phases   ] GC(365)   Evacuate Collection Set: 0.1ms
[2026-03-26T14:02:49.828+0900][32.184s][info][gc,phases   ] GC(365)   Post Evacuate Collection Set: 0.2ms
[2026-03-26T14:02:49.828+0900][32.184s][info][gc,phases   ] GC(365)   Other: 0.1ms
[2026-03-26T14:02:49.828+0900][32.184s][info][gc,heap     ] GC(365) Eden regions: 50->0(148)
[2026-03-26T14:02:49.828+0900][32.184s][info][gc,heap     ] GC(365) Survivor regions: 0->0(20)
[2026-03-26T14:02:49.828+0900][32.184s][info][gc,heap     ] GC(365) Old regions: 1->1
[2026-03-26T14:02:49.828+0900][32.184s][info][gc,heap     ] GC(365) Humongous regions: 336->336
[2026-03-26T14:02:49.828+0900][32.184s][info][gc,metaspace] GC(365) Metaspace: 326K(512K)->326K(512K) NonClass: 309K(384K)->309K(384K) Class: 17K(128K)->17K(128K)
[2026-03-26T14:02:49.828+0900][32.184s][info][gc          ] GC(365) Pause Young (Concurrent Start) (G1 Humongous Allocation) 386M->336M(512M) 1.087ms
[2026-03-26T14:02:49.828+0900][32.184s][info][gc,cpu      ] GC(365) User=0.00s Sys=0.00s Real=0.00s
[2026-03-26T14:02:49.828+0900][32.184s][info][gc          ] GC(366) Concurrent Mark Cycle
[2026-03-26T14:02:49.828+0900][32.184s][info][gc,marking  ] GC(366) Concurrent Scan Root Regions
[2026-03-26T14:02:49.828+0900][32.184s][info][gc,marking  ] GC(366) Concurrent Scan Root Regions 0.015ms
[2026-03-26T14:02:49.828+0900][32.184s][info][gc,marking  ] GC(366) Concurrent Mark
[2026-03-26T14:02:49.828+0900][32.184s][info][gc,marking  ] GC(366) Concurrent Mark From Roots
[2026-03-26T14:02:49.828+0900][32.184s][info][gc,task     ] GC(366) Using 3 workers of 3 for marking
[2026-03-26T14:02:49.828+0900][32.185s][info][gc,marking  ] GC(366) Concurrent Mark From Roots 0.891ms
[2026-03-26T14:02:49.828+0900][32.185s][info][gc,marking  ] GC(366) Concurrent Preclean
[2026-03-26T14:02:49.828+0900][32.185s][info][gc,marking  ] GC(366) Concurrent Preclean 0.015ms
[2026-03-26T14:02:49.828+0900][32.185s][info][gc,start    ] GC(366) Pause Remark
[2026-03-26T14:02:49.828+0900][32.186s][info][gc          ] GC(366) Pause Remark 342M->342M(512M) 0.556ms
[2026-03-26T14:02:49.828+0900][32.186s][info][gc,cpu      ] GC(366) User=0.00s Sys=0.00s Real=0.00s
[2026-03-26T14:02:49.828+0900][32.186s][info][gc,marking  ] GC(366) Concurrent Mark 1.632ms
[2026-03-26T14:02:49.828+0900][32.186s][info][gc,marking  ] GC(366) Concurrent Rebuild Remembered Sets and Scrub Regions
[2026-03-26T14:02:49.828+0900][32.187s][info][gc,marking  ] GC(366) Concurrent Rebuild Remembered Sets and Scrub Regions 0.443ms
[2026-03-26T14:02:49.828+0900][32.187s][info][gc,start    ] GC(366) Pause Cleanup
[2026-03-26T14:02:49.828+0900][32.187s][info][gc          ] GC(366) Pause Cleanup 342M->342M(512M) 0.111ms
[2026-03-26T14:02:49.828+0900][32.187s][info][gc,cpu      ] GC(366) User=0.00s Sys=0.00s Real=0.00s
[2026-03-26T14:02:49.828+0900][32.187s][info][gc,marking  ] GC(366) Concurrent Clear Claimed Marks
[2026-03-26T14:02:49.828+0900][32.187s][info][gc,marking  ] GC(366) Concurrent Clear Claimed Marks 0.025ms
[2026-03-26T14:02:49.828+0900][32.187s][info][gc,marking  ] GC(366) Concurrent Cleanup for Next Mark
[2026-03-26T14:02:49.828+0900][32.187s][info][gc,marking  ] GC(366) Concurrent Cleanup for Next Mark 0.292ms
[2026-03-26T14:02:49.828+0900][32.187s][info][gc          ] GC(366) Concurrent Mark Cycle 2.805ms
[2026-03-26T14:02:49.985+0900][32.341s][info][gc,start    ] GC(367) Pause Young (Concurrent Start) (G1 Humongous Allocation)
[2026-03-26T14:02:49.985+0900][32.342s][info][gc,task     ] GC(367) Using 12 workers of 13 for evacuation
[2026-03-26T14:02:49.985+0900][32.343s][info][gc,phases   ] GC(367)   Pre Evacuate Collection Set: 0.3ms
[2026-03-26T14:02:49.985+0900][32.343s][info][gc,phases   ] GC(367)   Merge Heap Roots: 0.1ms
[2026-03-26T14:02:49.985+0900][32.343s][info][gc,phases   ] GC(367)   Evacuate Collection Set: 0.2ms
[2026-03-26T14:02:49.985+0900][32.343s][info][gc,phases   ] GC(367)   Post Evacuate Collection Set: 0.2ms
[2026-03-26T14:02:49.985+0900][32.343s][info][gc,phases   ] GC(367)   Other: 0.1ms
[2026-03-26T14:02:49.985+0900][32.343s][info][gc,heap     ] GC(367) Eden regions: 50->0(142)
[2026-03-26T14:02:49.985+0900][32.343s][info][gc,heap     ] GC(367) Survivor regions: 0->0(19)
[2026-03-26T14:02:49.985+0900][32.343s][info][gc,heap     ] GC(367) Old regions: 1->1
[2026-03-26T14:02:49.985+0900][32.343s][info][gc,heap     ] GC(367) Humongous regions: 342->342
[2026-03-26T14:02:49.985+0900][32.343s][info][gc,metaspace] GC(367) Metaspace: 326K(512K)->326K(512K) NonClass: 309K(384K)->309K(384K) Class: 17K(128K)->17K(128K)
[2026-03-26T14:02:49.985+0900][32.343s][info][gc          ] GC(367) Pause Young (Concurrent Start) (G1 Humongous Allocation) 392M->342M(512M) 1.417ms
[2026-03-26T14:02:49.985+0900][32.343s][info][gc,cpu      ] GC(367) User=0.00s Sys=0.00s Real=0.00s
[2026-03-26T14:02:49.985+0900][32.343s][info][gc          ] GC(368) Concurrent Mark Cycle
[2026-03-26T14:02:49.988+0900][32.343s][info][gc,marking  ] GC(368) Concurrent Scan Root Regions
[2026-03-26T14:02:49.988+0900][32.343s][info][gc,marking  ] GC(368) Concurrent Scan Root Regions 0.025ms
[2026-03-26T14:02:49.988+0900][32.343s][info][gc,marking  ] GC(368) Concurrent Mark
[2026-03-26T14:02:49.988+0900][32.343s][info][gc,marking  ] GC(368) Concurrent Mark From Roots
[2026-03-26T14:02:49.988+0900][32.343s][info][gc,task     ] GC(368) Using 3 workers of 3 for marking
[2026-03-26T14:02:49.988+0900][32.345s][info][gc,marking  ] GC(368) Concurrent Mark From Roots 1.398ms
[2026-03-26T14:02:49.988+0900][32.345s][info][gc,marking  ] GC(368) Concurrent Preclean
[2026-03-26T14:02:49.988+0900][32.345s][info][gc,marking  ] GC(368) Concurrent Preclean 0.025ms
[2026-03-26T14:02:49.988+0900][32.345s][info][gc,start    ] GC(368) Pause Remark
[2026-03-26T14:02:49.988+0900][32.345s][info][gc          ] GC(368) Pause Remark 348M->348M(512M) 0.846ms
[2026-03-26T14:02:49.988+0900][32.346s][info][gc,cpu      ] GC(368) User=0.00s Sys=0.00s Real=0.00s
[2026-03-26T14:02:49.988+0900][32.346s][info][gc,marking  ] GC(368) Concurrent Mark 2.510ms
[2026-03-26T14:02:49.988+0900][32.346s][info][gc,marking  ] GC(368) Concurrent Rebuild Remembered Sets and Scrub Regions
[2026-03-26T14:02:49.988+0900][32.346s][info][gc,marking  ] GC(368) Concurrent Rebuild Remembered Sets and Scrub Regions 0.636ms
[2026-03-26T14:02:49.988+0900][32.346s][info][gc,start    ] GC(368) Pause Cleanup
[2026-03-26T14:02:49.988+0900][32.347s][info][gc          ] GC(368) Pause Cleanup 348M->348M(512M) 0.156ms
[2026-03-26T14:02:49.988+0900][32.347s][info][gc,cpu      ] GC(368) User=0.00s Sys=0.00s Real=0.00s
[2026-03-26T14:02:49.988+0900][32.347s][info][gc,marking  ] GC(368) Concurrent Clear Claimed Marks
[2026-03-26T14:02:49.988+0900][32.347s][info][gc,marking  ] GC(368) Concurrent Clear Claimed Marks 0.048ms
[2026-03-26T14:02:49.988+0900][32.347s][info][gc,marking  ] GC(368) Concurrent Cleanup for Next Mark
[2026-03-26T14:02:49.988+0900][32.347s][info][gc,marking  ] GC(368) Concurrent Cleanup for Next Mark 0.351ms
[2026-03-26T14:02:49.988+0900][32.347s][info][gc          ] GC(368) Concurrent Mark Cycle 4.180ms
[2026-03-26T14:02:50.145+0900][32.500s][info][gc,start    ] GC(369) Pause Young (Concurrent Start) (G1 Humongous Allocation)
[2026-03-26T14:02:50.145+0900][32.500s][info][gc,task     ] GC(369) Using 12 workers of 13 for evacuation
[2026-03-26T14:02:50.146+0900][32.501s][info][gc,phases   ] GC(369)   Pre Evacuate Collection Set: 0.2ms
[2026-03-26T14:02:50.146+0900][32.501s][info][gc,phases   ] GC(369)   Merge Heap Roots: 0.1ms
[2026-03-26T14:02:50.146+0900][32.501s][info][gc,phases   ] GC(369)   Evacuate Collection Set: 0.1ms
[2026-03-26T14:02:50.146+0900][32.501s][info][gc,phases   ] GC(369)   Post Evacuate Collection Set: 0.2ms
[2026-03-26T14:02:50.146+0900][32.501s][info][gc,phases   ] GC(369)   Other: 0.1ms
[2026-03-26T14:02:50.146+0900][32.501s][info][gc,heap     ] GC(369) Eden regions: 50->0(136)
[2026-03-26T14:02:50.146+0900][32.501s][info][gc,heap     ] GC(369) Survivor regions: 0->0(18)
[2026-03-26T14:02:50.146+0900][32.501s][info][gc,heap     ] GC(369) Old regions: 1->1
[2026-03-26T14:02:50.146+0900][32.501s][info][gc,heap     ] GC(369) Humongous regions: 348->348
[2026-03-26T14:02:50.146+0900][32.501s][info][gc,metaspace] GC(369) Metaspace: 326K(512K)->326K(512K) NonClass: 309K(384K)->309K(384K) Class: 17K(128K)->17K(128K)
[2026-03-26T14:02:50.146+0900][32.501s][info][gc          ] GC(369) Pause Young (Concurrent Start) (G1 Humongous Allocation) 398M->348M(512M) 0.925ms
[2026-03-26T14:02:50.146+0900][32.501s][info][gc,cpu      ] GC(369) User=0.00s Sys=0.00s Real=0.00s
[2026-03-26T14:02:50.146+0900][32.501s][info][gc          ] GC(370) Concurrent Mark Cycle
[2026-03-26T14:02:50.146+0900][32.501s][info][gc,marking  ] GC(370) Concurrent Scan Root Regions
[2026-03-26T14:02:50.146+0900][32.501s][info][gc,marking  ] GC(370) Concurrent Scan Root Regions 0.015ms
[2026-03-26T14:02:50.146+0900][32.501s][info][gc,marking  ] GC(370) Concurrent Mark
[2026-03-26T14:02:50.146+0900][32.501s][info][gc,marking  ] GC(370) Concurrent Mark From Roots
[2026-03-26T14:02:50.146+0900][32.502s][info][gc,task     ] GC(370) Using 3 workers of 3 for marking
[2026-03-26T14:02:50.146+0900][32.502s][info][gc,marking  ] GC(370) Concurrent Mark From Roots 0.852ms
[2026-03-26T14:02:50.146+0900][32.502s][info][gc,marking  ] GC(370) Concurrent Preclean
[2026-03-26T14:02:50.146+0900][32.502s][info][gc,marking  ] GC(370) Concurrent Preclean 0.017ms
[2026-03-26T14:02:50.146+0900][32.502s][info][gc,start    ] GC(370) Pause Remark
[2026-03-26T14:02:50.147+0900][32.503s][info][gc          ] GC(370) Pause Remark 354M->354M(512M) 0.444ms
[2026-03-26T14:02:50.147+0900][32.503s][info][gc,cpu      ] GC(370) User=0.00s Sys=0.00s Real=0.00s
[2026-03-26T14:02:50.147+0900][32.503s][info][gc,marking  ] GC(370) Concurrent Mark 1.476ms
[2026-03-26T14:02:50.147+0900][32.503s][info][gc,marking  ] GC(370) Concurrent Rebuild Remembered Sets and Scrub Regions
[2026-03-26T14:02:50.148+0900][32.503s][info][gc,marking  ] GC(370) Concurrent Rebuild Remembered Sets and Scrub Regions 0.391ms
[2026-03-26T14:02:50.148+0900][32.503s][info][gc,start    ] GC(370) Pause Cleanup
[2026-03-26T14:02:50.148+0900][32.504s][info][gc          ] GC(370) Pause Cleanup 354M->354M(512M) 0.122ms
[2026-03-26T14:02:50.148+0900][32.504s][info][gc,cpu      ] GC(370) User=0.00s Sys=0.00s Real=0.00s
[2026-03-26T14:02:50.148+0900][32.504s][info][gc,marking  ] GC(370) Concurrent Clear Claimed Marks
[2026-03-26T14:02:50.148+0900][32.504s][info][gc,marking  ] GC(370) Concurrent Clear Claimed Marks 0.031ms
[2026-03-26T14:02:50.148+0900][32.504s][info][gc,marking  ] GC(370) Concurrent Cleanup for Next Mark
[2026-03-26T14:02:50.149+0900][32.504s][info][gc,marking  ] GC(370) Concurrent Cleanup for Next Mark 0.284ms
[2026-03-26T14:02:50.149+0900][32.504s][info][gc          ] GC(370) Concurrent Mark Cycle 2.598ms
[2026-03-26T14:02:50.306+0900][32.661s][info][gc,start    ] GC(371) Pause Young (Concurrent Start) (G1 Humongous Allocation)
[2026-03-26T14:02:50.306+0900][32.662s][info][gc,task     ] GC(371) Using 12 workers of 13 for evacuation
[2026-03-26T14:02:50.307+0900][32.663s][info][gc,phases   ] GC(371)   Pre Evacuate Collection Set: 0.3ms
[2026-03-26T14:02:50.307+0900][32.663s][info][gc,phases   ] GC(371)   Merge Heap Roots: 0.1ms
[2026-03-26T14:02:50.307+0900][32.663s][info][gc,phases   ] GC(371)   Evacuate Collection Set: 0.3ms
[2026-03-26T14:02:50.307+0900][32.663s][info][gc,phases   ] GC(371)   Post Evacuate Collection Set: 0.3ms
[2026-03-26T14:02:50.307+0900][32.663s][info][gc,phases   ] GC(371)   Other: 0.1ms
[2026-03-26T14:02:50.307+0900][32.663s][info][gc,heap     ] GC(371) Eden regions: 50->0(130)
[2026-03-26T14:02:50.307+0900][32.663s][info][gc,heap     ] GC(371) Survivor regions: 0->0(17)
[2026-03-26T14:02:50.307+0900][32.663s][info][gc,heap     ] GC(371) Old regions: 1->1
[2026-03-26T14:02:50.307+0900][32.663s][info][gc,heap     ] GC(371) Humongous regions: 354->354
[2026-03-26T14:02:50.307+0900][32.663s][info][gc,metaspace] GC(371) Metaspace: 326K(512K)->326K(512K) NonClass: 309K(384K)->309K(384K) Class: 17K(128K)->17K(128K)
[2026-03-26T14:02:50.308+0900][32.663s][info][gc          ] GC(371) Pause Young (Concurrent Start) (G1 Humongous Allocation) 404M->354M(512M) 1.568ms
[2026-03-26T14:02:50.308+0900][32.663s][info][gc,cpu      ] GC(371) User=0.00s Sys=0.00s Real=0.00s
[2026-03-26T14:02:50.308+0900][32.663s][info][gc          ] GC(372) Concurrent Mark Cycle
[2026-03-26T14:02:50.308+0900][32.663s][info][gc,marking  ] GC(372) Concurrent Scan Root Regions
[2026-03-26T14:02:50.308+0900][32.663s][info][gc,marking  ] GC(372) Concurrent Scan Root Regions 0.027ms
[2026-03-26T14:02:50.308+0900][32.663s][info][gc,marking  ] GC(372) Concurrent Mark
[2026-03-26T14:02:50.308+0900][32.663s][info][gc,marking  ] GC(372) Concurrent Mark From Roots
[2026-03-26T14:02:50.308+0900][32.663s][info][gc,task     ] GC(372) Using 3 workers of 3 for marking
[2026-03-26T14:02:50.309+0900][32.665s][info][gc,marking  ] GC(372) Concurrent Mark From Roots 1.514ms
[2026-03-26T14:02:50.309+0900][32.665s][info][gc,marking  ] GC(372) Concurrent Preclean
[2026-03-26T14:02:50.309+0900][32.665s][info][gc,marking  ] GC(372) Concurrent Preclean 0.031ms
[2026-03-26T14:02:50.310+0900][32.665s][info][gc,start    ] GC(372) Pause Remark
[2026-03-26T14:02:50.310+0900][32.666s][info][gc          ] GC(372) Pause Remark 360M->360M(512M) 0.802ms
[2026-03-26T14:02:50.310+0900][32.666s][info][gc,cpu      ] GC(372) User=0.00s Sys=0.00s Real=0.00s
[2026-03-26T14:02:50.310+0900][32.666s][info][gc,marking  ] GC(372) Concurrent Mark 2.728ms
[2026-03-26T14:02:50.310+0900][32.666s][info][gc,marking  ] GC(372) Concurrent Rebuild Remembered Sets and Scrub Regions
[2026-03-26T14:02:50.311+0900][32.667s][info][gc,marking  ] GC(372) Concurrent Rebuild Remembered Sets and Scrub Regions 0.699ms
[2026-03-26T14:02:50.311+0900][32.667s][info][gc,start    ] GC(372) Pause Cleanup
[2026-03-26T14:02:50.311+0900][32.667s][info][gc          ] GC(372) Pause Cleanup 360M->360M(512M) 0.155ms
[2026-03-26T14:02:50.311+0900][32.667s][info][gc,cpu      ] GC(372) User=0.00s Sys=0.00s Real=0.00s
[2026-03-26T14:02:50.311+0900][32.667s][info][gc,marking  ] GC(372) Concurrent Clear Claimed Marks
[2026-03-26T14:02:50.311+0900][32.667s][info][gc,marking  ] GC(372) Concurrent Clear Claimed Marks 0.023ms
[2026-03-26T14:02:50.311+0900][32.667s][info][gc,marking  ] GC(372) Concurrent Cleanup for Next Mark
[2026-03-26T14:02:50.312+0900][32.667s][info][gc,marking  ] GC(372) Concurrent Cleanup for Next Mark 0.366ms
[2026-03-26T14:02:50.312+0900][32.667s][info][gc          ] GC(372) Concurrent Mark Cycle 4.451ms
[2026-03-26T14:02:50.464+0900][32.820s][info][gc,start    ] GC(373) Pause Young (Concurrent Start) (G1 Humongous Allocation)
[2026-03-26T14:02:50.464+0900][32.820s][info][gc,task     ] GC(373) Using 12 workers of 13 for evacuation
[2026-03-26T14:02:50.464+0900][32.822s][info][gc,phases   ] GC(373)   Pre Evacuate Collection Set: 0.5ms
[2026-03-26T14:02:50.464+0900][32.822s][info][gc,phases   ] GC(373)   Merge Heap Roots: 0.2ms
[2026-03-26T14:02:50.464+0900][32.822s][info][gc,phases   ] GC(373)   Evacuate Collection Set: 0.3ms
[2026-03-26T14:02:50.464+0900][32.822s][info][gc,phases   ] GC(373)   Post Evacuate Collection Set: 0.6ms
[2026-03-26T14:02:50.464+0900][32.822s][info][gc,phases   ] GC(373)   Other: 0.4ms
[2026-03-26T14:02:50.464+0900][32.822s][info][gc,heap     ] GC(373) Eden regions: 50->0(124)
[2026-03-26T14:02:50.464+0900][32.822s][info][gc,heap     ] GC(373) Survivor regions: 0->0(17)
[2026-03-26T14:02:50.464+0900][32.822s][info][gc,heap     ] GC(373) Old regions: 1->1
[2026-03-26T14:02:50.464+0900][32.822s][info][gc,heap     ] GC(373) Humongous regions: 360->360
[2026-03-26T14:02:50.464+0900][32.822s][info][gc,metaspace] GC(373) Metaspace: 326K(512K)->326K(512K) NonClass: 309K(384K)->309K(384K) Class: 17K(128K)->17K(128K)
[2026-03-26T14:02:50.464+0900][32.822s][info][gc          ] GC(373) Pause Young (Concurrent Start) (G1 Humongous Allocation) 410M->360M(512M) 2.465ms
[2026-03-26T14:02:50.464+0900][32.822s][info][gc,cpu      ] GC(373) User=0.00s Sys=0.00s Real=0.00s
[2026-03-26T14:02:50.464+0900][32.822s][info][gc          ] GC(374) Concurrent Mark Cycle
[2026-03-26T14:02:50.464+0900][32.822s][info][gc,marking  ] GC(374) Concurrent Scan Root Regions
[2026-03-26T14:02:50.464+0900][32.822s][info][gc,marking  ] GC(374) Concurrent Scan Root Regions 0.026ms
[2026-03-26T14:02:50.464+0900][32.822s][info][gc,marking  ] GC(374) Concurrent Mark
[2026-03-26T14:02:50.464+0900][32.822s][info][gc,marking  ] GC(374) Concurrent Mark From Roots
[2026-03-26T14:02:50.464+0900][32.822s][info][gc,task     ] GC(374) Using 3 workers of 3 for marking
[2026-03-26T14:02:50.468+0900][32.824s][info][gc,marking  ] GC(374) Concurrent Mark From Roots 1.465ms
[2026-03-26T14:02:50.468+0900][32.824s][info][gc,marking  ] GC(374) Concurrent Preclean
[2026-03-26T14:02:50.468+0900][32.824s][info][gc,marking  ] GC(374) Concurrent Preclean 0.027ms
[2026-03-26T14:02:50.468+0900][32.824s][info][gc,start    ] GC(374) Pause Remark
[2026-03-26T14:02:50.468+0900][32.825s][info][gc          ] GC(374) Pause Remark 366M->366M(512M) 1.223ms
[2026-03-26T14:02:50.468+0900][32.825s][info][gc,cpu      ] GC(374) User=0.00s Sys=0.00s Real=0.00s
[2026-03-26T14:02:50.468+0900][32.825s][info][gc,marking  ] GC(374) Concurrent Mark 3.058ms
[2026-03-26T14:02:50.468+0900][32.825s][info][gc,marking  ] GC(374) Concurrent Rebuild Remembered Sets and Scrub Regions
[2026-03-26T14:02:50.470+0900][32.826s][info][gc,marking  ] GC(374) Concurrent Rebuild Remembered Sets and Scrub Regions 0.834ms
[2026-03-26T14:02:50.470+0900][32.826s][info][gc,start    ] GC(374) Pause Cleanup
[2026-03-26T14:02:50.470+0900][32.827s][info][gc          ] GC(374) Pause Cleanup 366M->366M(512M) 0.257ms
[2026-03-26T14:02:50.470+0900][32.827s][info][gc,cpu      ] GC(374) User=0.00s Sys=0.00s Real=0.00s
[2026-03-26T14:02:50.470+0900][32.827s][info][gc,marking  ] GC(374) Concurrent Clear Claimed Marks
[2026-03-26T14:02:50.470+0900][32.827s][info][gc,marking  ] GC(374) Concurrent Clear Claimed Marks 0.086ms
[2026-03-26T14:02:50.470+0900][32.827s][info][gc,marking  ] GC(374) Concurrent Cleanup for Next Mark
[2026-03-26T14:02:50.470+0900][32.827s][info][gc,marking  ] GC(374) Concurrent Cleanup for Next Mark 0.437ms
[2026-03-26T14:02:50.470+0900][32.827s][info][gc          ] GC(374) Concurrent Mark Cycle 5.276ms
[2026-03-26T14:02:50.625+0900][32.981s][info][gc,start    ] GC(375) Pause Young (Concurrent Start) (G1 Humongous Allocation)
[2026-03-26T14:02:50.625+0900][32.981s][info][gc,task     ] GC(375) Using 12 workers of 13 for evacuation
[2026-03-26T14:02:50.625+0900][32.981s][info][gc,phases   ] GC(375)   Pre Evacuate Collection Set: 0.2ms
[2026-03-26T14:02:50.626+0900][32.981s][info][gc,phases   ] GC(375)   Merge Heap Roots: 0.1ms
[2026-03-26T14:02:50.626+0900][32.981s][info][gc,phases   ] GC(375)   Evacuate Collection Set: 0.2ms
[2026-03-26T14:02:50.626+0900][32.981s][info][gc,phases   ] GC(375)   Post Evacuate Collection Set: 0.2ms
[2026-03-26T14:02:50.626+0900][32.981s][info][gc,phases   ] GC(375)   Other: 0.1ms
[2026-03-26T14:02:50.626+0900][32.981s][info][gc,heap     ] GC(375) Eden regions: 50->0(208)
[2026-03-26T14:02:50.626+0900][32.981s][info][gc,heap     ] GC(375) Survivor regions: 0->0(16)
[2026-03-26T14:02:50.626+0900][32.981s][info][gc,heap     ] GC(375) Old regions: 1->1
[2026-03-26T14:02:50.626+0900][32.981s][info][gc,heap     ] GC(375) Humongous regions: 366->276
[2026-03-26T14:02:50.626+0900][32.981s][info][gc,metaspace] GC(375) Metaspace: 326K(512K)->326K(512K) NonClass: 309K(384K)->309K(384K) Class: 17K(128K)->17K(128K)
[2026-03-26T14:02:50.626+0900][32.981s][info][gc          ] GC(375) Pause Young (Concurrent Start) (G1 Humongous Allocation) 416M->276M(512M) 0.898ms
[2026-03-26T14:02:50.626+0900][32.981s][info][gc,cpu      ] GC(375) User=0.00s Sys=0.00s Real=0.00s
[2026-03-26T14:02:50.626+0900][32.981s][info][gc          ] GC(376) Concurrent Mark Cycle
[2026-03-26T14:02:50.626+0900][32.982s][info][gc,marking  ] GC(376) Concurrent Scan Root Regions
[2026-03-26T14:02:50.626+0900][32.982s][info][gc,marking  ] GC(376) Concurrent Scan Root Regions 0.032ms
[2026-03-26T14:02:50.626+0900][32.982s][info][gc,marking  ] GC(376) Concurrent Mark
[2026-03-26T14:02:50.626+0900][32.982s][info][gc,marking  ] GC(376) Concurrent Mark From Roots
[2026-03-26T14:02:50.626+0900][32.982s][info][gc,task     ] GC(376) Using 3 workers of 3 for marking
[2026-03-26T14:02:50.626+0900][32.983s][info][gc,marking  ] GC(376) Concurrent Mark From Roots 0.907ms
[2026-03-26T14:02:50.626+0900][32.983s][info][gc,marking  ] GC(376) Concurrent Preclean
[2026-03-26T14:02:50.626+0900][32.983s][info][gc,marking  ] GC(376) Concurrent Preclean 0.017ms
[2026-03-26T14:02:50.626+0900][32.983s][info][gc,start    ] GC(376) Pause Remark
[2026-03-26T14:02:50.628+0900][32.983s][info][gc          ] GC(376) Pause Remark 276M->276M(512M) 0.487ms
[2026-03-26T14:02:50.628+0900][32.983s][info][gc,cpu      ] GC(376) User=0.00s Sys=0.00s Real=0.00s
[2026-03-26T14:02:50.628+0900][32.983s][info][gc,marking  ] GC(376) Concurrent Mark 1.619ms
[2026-03-26T14:02:50.628+0900][32.983s][info][gc,marking  ] GC(376) Concurrent Rebuild Remembered Sets and Scrub Regions
[2026-03-26T14:02:50.629+0900][32.984s][info][gc,marking  ] GC(376) Concurrent Rebuild Remembered Sets and Scrub Regions 0.413ms
[2026-03-26T14:02:50.629+0900][32.984s][info][gc,start    ] GC(376) Pause Cleanup
[2026-03-26T14:02:50.629+0900][32.984s][info][gc          ] GC(376) Pause Cleanup 276M->276M(512M) 0.098ms
[2026-03-26T14:02:50.629+0900][32.984s][info][gc,cpu      ] GC(376) User=0.00s Sys=0.00s Real=0.00s
[2026-03-26T14:02:50.629+0900][32.984s][info][gc,marking  ] GC(376) Concurrent Clear Claimed Marks
[2026-03-26T14:02:50.629+0900][32.984s][info][gc,marking  ] GC(376) Concurrent Clear Claimed Marks 0.023ms
[2026-03-26T14:02:50.629+0900][32.984s][info][gc,marking  ] GC(376) Concurrent Cleanup for Next Mark
[2026-03-26T14:02:50.629+0900][32.984s][info][gc,marking  ] GC(376) Concurrent Cleanup for Next Mark 0.362ms
[2026-03-26T14:02:50.629+0900][32.984s][info][gc          ] GC(376) Concurrent Mark Cycle 2.980ms
[2026-03-26T14:02:50.783+0900][33.139s][info][gc,start    ] GC(377) Pause Young (Concurrent Start) (G1 Humongous Allocation)
[2026-03-26T14:02:50.783+0900][33.139s][info][gc,task     ] GC(377) Using 12 workers of 13 for evacuation
[2026-03-26T14:02:50.783+0900][33.140s][info][gc,phases   ] GC(377)   Pre Evacuate Collection Set: 0.4ms
[2026-03-26T14:02:50.783+0900][33.140s][info][gc,phases   ] GC(377)   Merge Heap Roots: 0.1ms
[2026-03-26T14:02:50.783+0900][33.140s][info][gc,phases   ] GC(377)   Evacuate Collection Set: 0.3ms
[2026-03-26T14:02:50.783+0900][33.140s][info][gc,phases   ] GC(377)   Post Evacuate Collection Set: 0.3ms
[2026-03-26T14:02:50.783+0900][33.140s][info][gc,phases   ] GC(377)   Other: 0.2ms
[2026-03-26T14:02:50.783+0900][33.140s][info][gc,heap     ] GC(377) Eden regions: 50->0(202)
[2026-03-26T14:02:50.783+0900][33.140s][info][gc,heap     ] GC(377) Survivor regions: 0->0(26)
[2026-03-26T14:02:50.785+0900][33.140s][info][gc,heap     ] GC(377) Old regions: 1->1
[2026-03-26T14:02:50.785+0900][33.140s][info][gc,heap     ] GC(377) Humongous regions: 282->282
[2026-03-26T14:02:50.785+0900][33.140s][info][gc,metaspace] GC(377) Metaspace: 326K(512K)->326K(512K) NonClass: 309K(384K)->309K(384K) Class: 17K(128K)->17K(128K)
[2026-03-26T14:02:50.785+0900][33.140s][info][gc          ] GC(377) Pause Young (Concurrent Start) (G1 Humongous Allocation) 332M->282M(512M) 1.746ms
[2026-03-26T14:02:50.785+0900][33.140s][info][gc,cpu      ] GC(377) User=0.00s Sys=0.00s Real=0.00s
[2026-03-26T14:02:50.785+0900][33.141s][info][gc          ] GC(378) Concurrent Mark Cycle
[2026-03-26T14:02:50.785+0900][33.141s][info][gc,marking  ] GC(378) Concurrent Scan Root Regions
[2026-03-26T14:02:50.785+0900][33.141s][info][gc,marking  ] GC(378) Concurrent Scan Root Regions 0.024ms
[2026-03-26T14:02:50.785+0900][33.141s][info][gc,marking  ] GC(378) Concurrent Mark
[2026-03-26T14:02:50.785+0900][33.141s][info][gc,marking  ] GC(378) Concurrent Mark From Roots
[2026-03-26T14:02:50.785+0900][33.141s][info][gc,task     ] GC(378) Using 3 workers of 3 for marking
[2026-03-26T14:02:50.785+0900][33.142s][info][gc,marking  ] GC(378) Concurrent Mark From Roots 1.475ms
[2026-03-26T14:02:50.785+0900][33.142s][info][gc,marking  ] GC(378) Concurrent Preclean
[2026-03-26T14:02:50.785+0900][33.142s][info][gc,marking  ] GC(378) Concurrent Preclean 0.029ms
[2026-03-26T14:02:50.787+0900][33.142s][info][gc,start    ] GC(378) Pause Remark
[2026-03-26T14:02:50.787+0900][33.143s][info][gc          ] GC(378) Pause Remark 288M->288M(512M) 0.951ms
[2026-03-26T14:02:50.787+0900][33.143s][info][gc,cpu      ] GC(378) User=0.00s Sys=0.00s Real=0.00s
[2026-03-26T14:02:50.787+0900][33.143s][info][gc,marking  ] GC(378) Concurrent Mark 2.760ms
[2026-03-26T14:02:50.787+0900][33.144s][info][gc,marking  ] GC(378) Concurrent Rebuild Remembered Sets and Scrub Regions
[2026-03-26T14:02:50.787+0900][33.144s][info][gc,marking  ] GC(378) Concurrent Rebuild Remembered Sets and Scrub Regions 0.768ms
[2026-03-26T14:02:50.787+0900][33.144s][info][gc,start    ] GC(378) Pause Cleanup
[2026-03-26T14:02:50.787+0900][33.145s][info][gc          ] GC(378) Pause Cleanup 288M->288M(512M) 0.224ms
[2026-03-26T14:02:50.787+0900][33.145s][info][gc,cpu      ] GC(378) User=0.00s Sys=0.00s Real=0.00s
[2026-03-26T14:02:50.787+0900][33.145s][info][gc,marking  ] GC(378) Concurrent Clear Claimed Marks
[2026-03-26T14:02:50.787+0900][33.145s][info][gc,marking  ] GC(378) Concurrent Clear Claimed Marks 0.065ms
[2026-03-26T14:02:50.787+0900][33.145s][info][gc,marking  ] GC(378) Concurrent Cleanup for Next Mark
[2026-03-26T14:02:50.787+0900][33.145s][info][gc,marking  ] GC(378) Concurrent Cleanup for Next Mark 0.448ms
[2026-03-26T14:02:50.787+0900][33.145s][info][gc          ] GC(378) Concurrent Mark Cycle 4.808ms
[2026-03-26T14:02:50.942+0900][33.298s][info][gc,start    ] GC(379) Pause Young (Concurrent Start) (G1 Humongous Allocation)
[2026-03-26T14:02:50.942+0900][33.299s][info][gc,task     ] GC(379) Using 12 workers of 13 for evacuation
[2026-03-26T14:02:50.942+0900][33.300s][info][gc,phases   ] GC(379)   Pre Evacuate Collection Set: 0.3ms
[2026-03-26T14:02:50.942+0900][33.300s][info][gc,phases   ] GC(379)   Merge Heap Roots: 0.1ms
[2026-03-26T14:02:50.942+0900][33.300s][info][gc,phases   ] GC(379)   Evacuate Collection Set: 0.3ms
[2026-03-26T14:02:50.942+0900][33.300s][info][gc,phases   ] GC(379)   Post Evacuate Collection Set: 0.3ms
[2026-03-26T14:02:50.942+0900][33.300s][info][gc,phases   ] GC(379)   Other: 0.1ms
[2026-03-26T14:02:50.942+0900][33.300s][info][gc,heap     ] GC(379) Eden regions: 50->0(194)
[2026-03-26T14:02:50.942+0900][33.300s][info][gc,heap     ] GC(379) Survivor regions: 0->1(26)
[2026-03-26T14:02:50.942+0900][33.300s][info][gc,heap     ] GC(379) Old regions: 1->1
[2026-03-26T14:02:50.942+0900][33.300s][info][gc,heap     ] GC(379) Humongous regions: 288->288
[2026-03-26T14:02:50.942+0900][33.300s][info][gc,metaspace] GC(379) Metaspace: 326K(512K)->326K(512K) NonClass: 309K(384K)->309K(384K) Class: 17K(128K)->17K(128K)
[2026-03-26T14:02:50.942+0900][33.300s][info][gc          ] GC(379) Pause Young (Concurrent Start) (G1 Humongous Allocation) 338M->288M(512M) 1.848ms
[2026-03-26T14:02:50.942+0900][33.300s][info][gc,cpu      ] GC(379) User=0.00s Sys=0.00s Real=0.00s
[2026-03-26T14:02:50.942+0900][33.300s][info][gc          ] GC(380) Concurrent Mark Cycle
[2026-03-26T14:02:50.942+0900][33.300s][info][gc,marking  ] GC(380) Concurrent Scan Root Regions
[2026-03-26T14:02:50.942+0900][33.300s][info][gc,marking  ] GC(380) Concurrent Scan Root Regions 0.065ms
[2026-03-26T14:02:50.942+0900][33.300s][info][gc,marking  ] GC(380) Concurrent Mark
[2026-03-26T14:02:50.942+0900][33.300s][info][gc,marking  ] GC(380) Concurrent Mark From Roots
[2026-03-26T14:02:50.942+0900][33.300s][info][gc,task     ] GC(380) Using 3 workers of 3 for marking
[2026-03-26T14:02:50.946+0900][33.301s][info][gc,marking  ] GC(380) Concurrent Mark From Roots 1.119ms
[2026-03-26T14:02:50.946+0900][33.301s][info][gc,marking  ] GC(380) Concurrent Preclean
[2026-03-26T14:02:50.946+0900][33.302s][info][gc,marking  ] GC(380) Concurrent Preclean 0.032ms
[2026-03-26T14:02:50.946+0900][33.302s][info][gc,start    ] GC(380) Pause Remark
[2026-03-26T14:02:50.946+0900][33.302s][info][gc          ] GC(380) Pause Remark 294M->294M(512M) 0.713ms
[2026-03-26T14:02:50.946+0900][33.302s][info][gc,cpu      ] GC(380) User=0.00s Sys=0.00s Real=0.00s
[2026-03-26T14:02:50.946+0900][33.302s][info][gc,marking  ] GC(380) Concurrent Mark 2.145ms
[2026-03-26T14:02:50.946+0900][33.302s][info][gc,marking  ] GC(380) Concurrent Rebuild Remembered Sets and Scrub Regions
[2026-03-26T14:02:50.946+0900][33.303s][info][gc,marking  ] GC(380) Concurrent Rebuild Remembered Sets and Scrub Regions 0.483ms
[2026-03-26T14:02:50.946+0900][33.303s][info][gc,start    ] GC(380) Pause Cleanup
[2026-03-26T14:02:50.946+0900][33.303s][info][gc          ] GC(380) Pause Cleanup 294M->294M(512M) 0.161ms
[2026-03-26T14:02:50.946+0900][33.303s][info][gc,cpu      ] GC(380) User=0.00s Sys=0.00s Real=0.00s
[2026-03-26T14:02:50.946+0900][33.303s][info][gc,marking  ] GC(380) Concurrent Clear Claimed Marks
[2026-03-26T14:02:50.946+0900][33.303s][info][gc,marking  ] GC(380) Concurrent Clear Claimed Marks 0.038ms
[2026-03-26T14:02:50.946+0900][33.303s][info][gc,marking  ] GC(380) Concurrent Cleanup for Next Mark
[2026-03-26T14:02:50.946+0900][33.304s][info][gc,marking  ] GC(380) Concurrent Cleanup for Next Mark 0.314ms
[2026-03-26T14:02:50.946+0900][33.304s][info][gc          ] GC(380) Concurrent Mark Cycle 3.669ms
[2026-03-26T14:02:51.101+0900][33.457s][info][gc,start    ] GC(381) Pause Young (Concurrent Start) (G1 Humongous Allocation)
[2026-03-26T14:02:51.101+0900][33.457s][info][gc,task     ] GC(381) Using 12 workers of 13 for evacuation
[2026-03-26T14:02:51.102+0900][33.458s][info][gc,phases   ] GC(381)   Pre Evacuate Collection Set: 0.2ms
[2026-03-26T14:02:51.102+0900][33.458s][info][gc,phases   ] GC(381)   Merge Heap Roots: 0.2ms
[2026-03-26T14:02:51.102+0900][33.458s][info][gc,phases   ] GC(381)   Evacuate Collection Set: 0.3ms
[2026-03-26T14:02:51.102+0900][33.458s][info][gc,phases   ] GC(381)   Post Evacuate Collection Set: 0.5ms
[2026-03-26T14:02:51.102+0900][33.458s][info][gc,phases   ] GC(381)   Other: 0.1ms
[2026-03-26T14:02:51.103+0900][33.458s][info][gc,heap     ] GC(381) Eden regions: 50->0(188)
[2026-03-26T14:02:51.103+0900][33.458s][info][gc,heap     ] GC(381) Survivor regions: 1->1(25)
[2026-03-26T14:02:51.103+0900][33.458s][info][gc,heap     ] GC(381) Old regions: 1->1
[2026-03-26T14:02:51.103+0900][33.458s][info][gc,heap     ] GC(381) Humongous regions: 294->294
[2026-03-26T14:02:51.103+0900][33.458s][info][gc,metaspace] GC(381) Metaspace: 326K(512K)->326K(512K) NonClass: 309K(384K)->309K(384K) Class: 17K(128K)->17K(128K)
[2026-03-26T14:02:51.103+0900][33.458s][info][gc          ] GC(381) Pause Young (Concurrent Start) (G1 Humongous Allocation) 344M->294M(512M) 1.726ms
[2026-03-26T14:02:51.103+0900][33.458s][info][gc,cpu      ] GC(381) User=0.00s Sys=0.00s Real=0.00s
[2026-03-26T14:02:51.103+0900][33.459s][info][gc          ] GC(382) Concurrent Mark Cycle
[2026-03-26T14:02:51.103+0900][33.459s][info][gc,marking  ] GC(382) Concurrent Scan Root Regions
[2026-03-26T14:02:51.103+0900][33.459s][info][gc,marking  ] GC(382) Concurrent Scan Root Regions 0.061ms
[2026-03-26T14:02:51.103+0900][33.459s][info][gc,marking  ] GC(382) Concurrent Mark
[2026-03-26T14:02:51.103+0900][33.459s][info][gc,marking  ] GC(382) Concurrent Mark From Roots
[2026-03-26T14:02:51.103+0900][33.459s][info][gc,task     ] GC(382) Using 3 workers of 3 for marking
[2026-03-26T14:02:51.103+0900][33.460s][info][gc,marking  ] GC(382) Concurrent Mark From Roots 1.418ms
[2026-03-26T14:02:51.103+0900][33.460s][info][gc,marking  ] GC(382) Concurrent Preclean
[2026-03-26T14:02:51.103+0900][33.460s][info][gc,marking  ] GC(382) Concurrent Preclean 0.023ms
[2026-03-26T14:02:51.103+0900][33.460s][info][gc,start    ] GC(382) Pause Remark
[2026-03-26T14:02:51.103+0900][33.461s][info][gc          ] GC(382) Pause Remark 301M->301M(512M) 1.003ms
[2026-03-26T14:02:51.103+0900][33.461s][info][gc,cpu      ] GC(382) User=0.02s Sys=0.00s Real=0.00s
[2026-03-26T14:02:51.103+0900][33.461s][info][gc,marking  ] GC(382) Concurrent Mark 2.689ms
[2026-03-26T14:02:51.103+0900][33.461s][info][gc,marking  ] GC(382) Concurrent Rebuild Remembered Sets and Scrub Regions
[2026-03-26T14:02:51.103+0900][33.462s][info][gc,marking  ] GC(382) Concurrent Rebuild Remembered Sets and Scrub Regions 0.693ms
[2026-03-26T14:02:51.103+0900][33.462s][info][gc,start    ] GC(382) Pause Cleanup
[2026-03-26T14:02:51.103+0900][33.462s][info][gc          ] GC(382) Pause Cleanup 301M->301M(512M) 0.201ms
[2026-03-26T14:02:51.103+0900][33.463s][info][gc,cpu      ] GC(382) User=0.00s Sys=0.00s Real=0.00s
[2026-03-26T14:02:51.103+0900][33.463s][info][gc,marking  ] GC(382) Concurrent Clear Claimed Marks
[2026-03-26T14:02:51.103+0900][33.463s][info][gc,marking  ] GC(382) Concurrent Clear Claimed Marks 0.052ms
[2026-03-26T14:02:51.103+0900][33.463s][info][gc,marking  ] GC(382) Concurrent Cleanup for Next Mark
[2026-03-26T14:02:51.103+0900][33.463s][info][gc,marking  ] GC(382) Concurrent Cleanup for Next Mark 0.323ms
[2026-03-26T14:02:51.103+0900][33.463s][info][gc          ] GC(382) Concurrent Mark Cycle 4.529ms
[2026-03-26T14:02:51.119+0900][33.475s][info][gc,heap,exit] Heap
[2026-03-26T14:02:51.119+0900][33.475s][info][gc,heap,exit]  garbage-first heap   total 524288K, used 309051K [0x00000000e0000000, 0x0000000100000000)
[2026-03-26T14:02:51.119+0900][33.475s][info][gc,heap,exit]   region size 1024K, 2 young (2048K), 1 survivors (1024K)
[2026-03-26T14:02:51.119+0900][33.475s][info][gc,heap,exit]  Metaspace       used 326K, committed 512K, reserved 1114112K
[2026-03-26T14:02:51.119+0900][33.475s][info][gc,heap,exit]   class space    used 17K, committed 128K, reserved 1048576K
