[2026-03-27T17:00:47.301+0900][0.005s][info][gc,init] CardTable entry size: 512
[2026-03-27T17:00:47.302+0900][0.005s][info][gc     ] Using G1
[2026-03-27T17:00:47.302+0900][0.006s][info][gc,init] Version: 24+36-3646 (release)
[2026-03-27T17:00:47.302+0900][0.006s][info][gc,init] CPUs: 8 total, 8 available
[2026-03-27T17:00:47.302+0900][0.006s][info][gc,init] Memory: 16384M
[2026-03-27T17:00:47.302+0900][0.006s][info][gc,init] Large Page Support: Disabled
[2026-03-27T17:00:47.302+0900][0.006s][info][gc,init] NUMA Support: Disabled
[2026-03-27T17:00:47.302+0900][0.006s][info][gc,init] Compressed Oops: Enabled (Zero based)
[2026-03-27T17:00:47.302+0900][0.006s][info][gc,init] Heap Region Size: 1M
[2026-03-27T17:00:47.302+0900][0.006s][info][gc,init] Heap Min Capacity: 256M
[2026-03-27T17:00:47.302+0900][0.006s][info][gc,init] Heap Initial Capacity: 256M
[2026-03-27T17:00:47.302+0900][0.006s][info][gc,init] Heap Max Capacity: 512M
[2026-03-27T17:00:47.302+0900][0.006s][info][gc,init] Pre-touch: Disabled
[2026-03-27T17:00:47.302+0900][0.006s][info][gc,init] Parallel Workers: 8
[2026-03-27T17:00:47.302+0900][0.006s][info][gc,init] Concurrent Workers: 2
[2026-03-27T17:00:47.302+0900][0.006s][info][gc,init] Concurrent Refinement Workers: 8
[2026-03-27T17:00:47.302+0900][0.006s][info][gc,init] Periodic GC: Disabled
[2026-03-27T17:00:47.304+0900][0.008s][info][gc,metaspace] CDS archive(s) mapped at: [0x00000fc000000000-0x00000fc000d18000-0x00000fc000d18000), size 13729792, SharedBaseAddress: 0x00000fc000000000, ArchiveRelocationMode: 1.
[2026-03-27T17:00:47.304+0900][0.008s][info][gc,metaspace] Compressed class space mapped at: 0x00000fc001000000-0x00000fc041000000, reserved size: 1073741824
[2026-03-27T17:00:47.304+0900][0.008s][info][gc,metaspace] UseCompressedClassPointers 1, UseCompactObjectHeaders 0
[2026-03-27T17:00:47.304+0900][0.008s][info][gc,metaspace] Narrow klass pointer bits 32, Max shift 3
[2026-03-27T17:00:47.304+0900][0.008s][info][gc,metaspace] Narrow klass base: 0x00000fc000000000, Narrow klass shift: 0
[2026-03-27T17:00:47.304+0900][0.008s][info][gc,metaspace] Encoding Range: [0x00000fc000000000 - 0x00000fc100000000), (4294967296 bytes)
[2026-03-27T17:00:47.304+0900][0.008s][info][gc,metaspace] Klass Range:    [0x00000fc000000000 - 0x00000fc041000000), (1090519040 bytes)
[2026-03-27T17:00:47.304+0900][0.008s][info][gc,metaspace] Klass ID Range:  [8 - 1090519033) (1090519025)
[2026-03-27T17:00:52.344+0900][5.048s][info][gc,start    ] GC(0) Pause Young (Normal) (G1 Evacuation Pause)
[2026-03-27T17:00:52.345+0900][5.049s][info][gc,task     ] GC(0) Using 6 workers of 8 for evacuation
[2026-03-27T17:00:52.347+0900][5.051s][info][gc,phases   ] GC(0)   Pre Evacuate Collection Set: 0.15ms
[2026-03-27T17:00:52.347+0900][5.051s][info][gc,phases   ] GC(0)   Merge Heap Roots: 0.18ms
[2026-03-27T17:00:52.347+0900][5.051s][info][gc,phases   ] GC(0)   Evacuate Collection Set: 0.72ms
[2026-03-27T17:00:52.347+0900][5.051s][info][gc,phases   ] GC(0)   Post Evacuate Collection Set: 0.32ms
[2026-03-27T17:00:52.347+0900][5.051s][info][gc,phases   ] GC(0)   Other: 0.68ms
[2026-03-27T17:00:52.347+0900][5.051s][info][gc,heap     ] GC(0) Eden regions: 47->0(108)
[2026-03-27T17:00:52.347+0900][5.051s][info][gc,heap     ] GC(0) Survivor regions: 0->1(6)
[2026-03-27T17:00:52.347+0900][5.051s][info][gc,heap     ] GC(0) Old regions: 2->2
[2026-03-27T17:00:52.347+0900][5.051s][info][gc,heap     ] GC(0) Humongous regions: 20->20
[2026-03-27T17:00:52.347+0900][5.051s][info][gc,metaspace] GC(0) Metaspace: 120K(320K)->120K(320K) NonClass: 113K(192K)->113K(192K) Class: 7K(128K)->7K(128K)
[2026-03-27T17:00:52.347+0900][5.051s][info][gc          ] GC(0) Pause Young (Normal) (G1 Evacuation Pause) 68M->21M(258M) 2.753ms
[2026-03-27T17:00:52.347+0900][5.051s][info][gc,cpu      ] GC(0) User=0.00s Sys=0.00s Real=0.00s
[2026-03-27T17:01:02.324+0900][15.029s][info][gc,heap,exit] Heap
[2026-03-27T17:01:02.325+0900][15.029s][info][gc,heap,exit]  garbage-first heap   total reserved 524288K, committed 264192K, used 151832K [0x000000058a800000, 0x00000005aa800000)
[2026-03-27T17:01:02.325+0900][15.029s][info][gc,heap,exit]   region size 1024K, 92 young (94208K), 1 survivors (1024K)
[2026-03-27T17:01:02.325+0900][15.029s][info][gc,heap,exit]  Metaspace       used 124K, committed 320K, reserved 1114112K
[2026-03-27T17:01:02.325+0900][15.029s][info][gc,heap,exit]   class space    used 7K, committed 128K, reserved 1048576K
