[2026-03-26T14:01:11.444+0900][0.020s][info][gc,init] CardTable entry size: 512
[2026-03-26T14:01:11.444+0900][0.020s][info][gc     ] Using G1
[2026-03-26T14:01:11.448+0900][0.023s][info][gc,init] Version: 21.0.10+8-LTS-217 (release)
[2026-03-26T14:01:11.448+0900][0.023s][info][gc,init] CPUs: 16 total, 16 available
[2026-03-26T14:01:11.448+0900][0.023s][info][gc,init] Memory: 32380M
[2026-03-26T14:01:11.448+0900][0.024s][info][gc,init] Large Page Support: Disabled
[2026-03-26T14:01:11.448+0900][0.024s][info][gc,init] NUMA Support: Disabled
[2026-03-26T14:01:11.448+0900][0.024s][info][gc,init] Compressed Oops: Enabled (32-bit)
[2026-03-26T14:01:11.459+0900][0.034s][info][gc,init] Heap Region Size: 1M
[2026-03-26T14:01:11.459+0900][0.034s][info][gc,init] Heap Min Capacity: 256M
[2026-03-26T14:01:11.459+0900][0.034s][info][gc,init] Heap Initial Capacity: 256M
[2026-03-26T14:01:11.459+0900][0.034s][info][gc,init] Heap Max Capacity: 512M
[2026-03-26T14:01:11.459+0900][0.034s][info][gc,init] Pre-touch: Disabled
[2026-03-26T14:01:11.459+0900][0.034s][info][gc,init] Parallel Workers: 13
[2026-03-26T14:01:11.459+0900][0.034s][info][gc,init] Concurrent Workers: 3
[2026-03-26T14:01:11.459+0900][0.034s][info][gc,init] Concurrent Refinement Workers: 13
[2026-03-26T14:01:11.459+0900][0.034s][info][gc,init] Periodic GC: Disabled
[2026-03-26T14:01:11.459+0900][0.043s][info][gc,metaspace] CDS archive(s) mapped at: [0x000001e082000000-0x000001e082c90000-0x000001e082c90000), size 13172736, SharedBaseAddress: 0x000001e082000000, ArchiveRelocationMode: 1.
[2026-03-26T14:01:11.459+0900][0.043s][info][gc,metaspace] Compressed class space mapped at: 0x000001e083000000-0x000001e0c3000000, reserved size: 1073741824
[2026-03-26T14:01:11.459+0900][0.043s][info][gc,metaspace] Narrow klass base: 0x000001e082000000, Narrow klass shift: 0, Narrow klass range: 0x100000000
[2026-03-26T14:01:11.577+0900][0.153s][info][gc,start    ] GC(0) Pause Young (Normal) (G1 Evacuation Pause)
[2026-03-26T14:01:11.577+0900][0.154s][info][gc,task     ] GC(0) Using 6 workers of 13 for evacuation
[2026-03-26T14:01:11.580+0900][0.156s][info][gc,phases   ] GC(0)   Pre Evacuate Collection Set: 0.1ms
[2026-03-26T14:01:11.580+0900][0.156s][info][gc,phases   ] GC(0)   Merge Heap Roots: 0.1ms
[2026-03-26T14:01:11.580+0900][0.156s][info][gc,phases   ] GC(0)   Evacuate Collection Set: 1.1ms
[2026-03-26T14:01:11.580+0900][0.156s][info][gc,phases   ] GC(0)   Post Evacuate Collection Set: 0.2ms
[2026-03-26T14:01:11.580+0900][0.156s][info][gc,phases   ] GC(0)   Other: 0.3ms
[2026-03-26T14:01:11.580+0900][0.156s][info][gc,heap     ] GC(0) Eden regions: 23->0(39)
[2026-03-26T14:01:11.580+0900][0.156s][info][gc,heap     ] GC(0) Survivor regions: 0->1(3)
[2026-03-26T14:01:11.580+0900][0.156s][info][gc,heap     ] GC(0) Old regions: 0->0
[2026-03-26T14:01:11.580+0900][0.156s][info][gc,heap     ] GC(0) Humongous regions: 0->0
[2026-03-26T14:01:11.580+0900][0.156s][info][gc,metaspace] GC(0) Metaspace: 192K(384K)->192K(384K) NonClass: 181K(256K)->181K(256K) Class: 11K(128K)->11K(128K)
[2026-03-26T14:01:11.580+0900][0.156s][info][gc          ] GC(0) Pause Young (Normal) (G1 Evacuation Pause) 22M->0M(256M) 2.856ms
[2026-03-26T14:01:11.580+0900][0.156s][info][gc,cpu      ] GC(0) User=0.00s Sys=0.00s Real=0.00s
[2026-03-26T14:01:11.697+0900][0.274s][info][gc,start    ] GC(1) Pause Young (Normal) (G1 Evacuation Pause)
[2026-03-26T14:01:11.697+0900][0.274s][info][gc,task     ] GC(1) Using 6 workers of 13 for evacuation
[2026-03-26T14:01:11.697+0900][0.275s][info][gc,phases   ] GC(1)   Pre Evacuate Collection Set: 0.3ms
[2026-03-26T14:01:11.697+0900][0.275s][info][gc,phases   ] GC(1)   Merge Heap Roots: 0.2ms
[2026-03-26T14:01:11.697+0900][0.275s][info][gc,phases   ] GC(1)   Evacuate Collection Set: 0.6ms
[2026-03-26T14:01:11.697+0900][0.275s][info][gc,phases   ] GC(1)   Post Evacuate Collection Set: 0.6ms
[2026-03-26T14:01:11.697+0900][0.275s][info][gc,phases   ] GC(1)   Other: 0.1ms
[2026-03-26T14:01:11.697+0900][0.275s][info][gc,heap     ] GC(1) Eden regions: 39->0(152)
[2026-03-26T14:01:11.697+0900][0.276s][info][gc,heap     ] GC(1) Survivor regions: 1->1(5)
[2026-03-26T14:01:11.697+0900][0.276s][info][gc,heap     ] GC(1) Old regions: 0->0
[2026-03-26T14:01:11.697+0900][0.276s][info][gc,heap     ] GC(1) Humongous regions: 6->6
[2026-03-26T14:01:11.697+0900][0.276s][info][gc,metaspace] GC(1) Metaspace: 192K(384K)->192K(384K) NonClass: 181K(256K)->181K(256K) Class: 11K(128K)->11K(128K)
[2026-03-26T14:01:11.697+0900][0.276s][info][gc          ] GC(1) Pause Young (Normal) (G1 Evacuation Pause) 45M->6M(256M) 2.055ms
[2026-03-26T14:01:11.697+0900][0.276s][info][gc,cpu      ] GC(1) User=0.00s Sys=0.00s Real=0.00s
[2026-03-26T14:01:12.197+0900][0.772s][info][gc,start    ] GC(2) Pause Young (Normal) (G1 Evacuation Pause)
[2026-03-26T14:01:12.197+0900][0.773s][info][gc,task     ] GC(2) Using 6 workers of 13 for evacuation
[2026-03-26T14:01:12.200+0900][0.776s][info][gc,phases   ] GC(2)   Pre Evacuate Collection Set: 0.3ms
[2026-03-26T14:01:12.200+0900][0.776s][info][gc,phases   ] GC(2)   Merge Heap Roots: 0.1ms
[2026-03-26T14:01:12.200+0900][0.776s][info][gc,phases   ] GC(2)   Evacuate Collection Set: 2.0ms
[2026-03-26T14:01:12.200+0900][0.776s][info][gc,phases   ] GC(2)   Post Evacuate Collection Set: 0.9ms
[2026-03-26T14:01:12.200+0900][0.776s][info][gc,phases   ] GC(2)   Other: 0.2ms
[2026-03-26T14:01:12.200+0900][0.776s][info][gc,heap     ] GC(2) Eden regions: 152->0(152)
[2026-03-26T14:01:12.200+0900][0.776s][info][gc,heap     ] GC(2) Survivor regions: 1->1(20)
[2026-03-26T14:01:12.200+0900][0.777s][info][gc,heap     ] GC(2) Old regions: 0->0
[2026-03-26T14:01:12.200+0900][0.777s][info][gc,heap     ] GC(2) Humongous regions: 24->24
[2026-03-26T14:01:12.200+0900][0.777s][info][gc,metaspace] GC(2) Metaspace: 192K(384K)->192K(384K) NonClass: 181K(256K)->181K(256K) Class: 11K(128K)->11K(128K)
[2026-03-26T14:01:12.200+0900][0.777s][info][gc          ] GC(2) Pause Young (Normal) (G1 Evacuation Pause) 176M->24M(256M) 4.175ms
[2026-03-26T14:01:12.200+0900][0.777s][info][gc,cpu      ] GC(2) User=0.03s Sys=0.00s Real=0.00s
[2026-03-26T14:01:12.699+0900][1.274s][info][gc,start    ] GC(3) Pause Young (Normal) (G1 Evacuation Pause)
[2026-03-26T14:01:12.699+0900][1.275s][info][gc,task     ] GC(3) Using 6 workers of 13 for evacuation
[2026-03-26T14:01:12.699+0900][1.277s][info][gc,phases   ] GC(3)   Pre Evacuate Collection Set: 0.4ms
[2026-03-26T14:01:12.699+0900][1.277s][info][gc,phases   ] GC(3)   Merge Heap Roots: 0.2ms
[2026-03-26T14:01:12.699+0900][1.277s][info][gc,phases   ] GC(3)   Evacuate Collection Set: 1.3ms
[2026-03-26T14:01:12.699+0900][1.277s][info][gc,phases   ] GC(3)   Post Evacuate Collection Set: 0.6ms
[2026-03-26T14:01:12.699+0900][1.277s][info][gc,phases   ] GC(3)   Other: 0.1ms
[2026-03-26T14:01:12.699+0900][1.277s][info][gc,heap     ] GC(3) Eden regions: 152->0(152)
[2026-03-26T14:01:12.699+0900][1.277s][info][gc,heap     ] GC(3) Survivor regions: 1->1(20)
[2026-03-26T14:01:12.699+0900][1.277s][info][gc,heap     ] GC(3) Old regions: 0->0
[2026-03-26T14:01:12.699+0900][1.278s][info][gc,heap     ] GC(3) Humongous regions: 42->42
[2026-03-26T14:01:12.699+0900][1.278s][info][gc,metaspace] GC(3) Metaspace: 192K(384K)->192K(384K) NonClass: 181K(256K)->181K(256K) Class: 11K(128K)->11K(128K)
[2026-03-26T14:01:12.699+0900][1.278s][info][gc          ] GC(3) Pause Young (Normal) (G1 Evacuation Pause) 194M->42M(256M) 3.154ms
[2026-03-26T14:01:12.699+0900][1.278s][info][gc,cpu      ] GC(3) User=0.00s Sys=0.00s Real=0.00s
[2026-03-26T14:01:13.216+0900][1.792s][info][gc,start    ] GC(4) Pause Young (Normal) (G1 Evacuation Pause)
[2026-03-26T14:01:13.216+0900][1.793s][info][gc,task     ] GC(4) Using 6 workers of 13 for evacuation
[2026-03-26T14:01:13.222+0900][1.798s][info][gc,phases   ] GC(4)   Pre Evacuate Collection Set: 0.2ms
[2026-03-26T14:01:13.222+0900][1.798s][info][gc,phases   ] GC(4)   Merge Heap Roots: 0.1ms
[2026-03-26T14:01:13.222+0900][1.798s][info][gc,phases   ] GC(4)   Evacuate Collection Set: 3.0ms
[2026-03-26T14:01:13.222+0900][1.798s][info][gc,phases   ] GC(4)   Post Evacuate Collection Set: 1.9ms
[2026-03-26T14:01:13.222+0900][1.798s][info][gc,phases   ] GC(4)   Other: 0.1ms
[2026-03-26T14:01:13.222+0900][1.798s][info][gc,heap     ] GC(4) Eden regions: 152->0(152)
[2026-03-26T14:01:13.222+0900][1.798s][info][gc,heap     ] GC(4) Survivor regions: 1->1(20)
[2026-03-26T14:01:13.222+0900][1.798s][info][gc,heap     ] GC(4) Old regions: 0->0
[2026-03-26T14:01:13.222+0900][1.798s][info][gc,heap     ] GC(4) Humongous regions: 60->60
[2026-03-26T14:01:13.222+0900][1.799s][info][gc,metaspace] GC(4) Metaspace: 307K(512K)->307K(512K) NonClass: 289K(384K)->289K(384K) Class: 17K(128K)->17K(128K)
[2026-03-26T14:01:13.222+0900][1.799s][info][gc          ] GC(4) Pause Young (Normal) (G1 Evacuation Pause) 212M->60M(256M) 6.264ms
[2026-03-26T14:01:13.222+0900][1.799s][info][gc,cpu      ] GC(4) User=0.00s Sys=0.00s Real=0.01s
[2026-03-26T14:01:13.740+0900][2.317s][info][gc,start    ] GC(5) Pause Young (Normal) (G1 Evacuation Pause)
[2026-03-26T14:01:13.740+0900][2.317s][info][gc,task     ] GC(5) Using 6 workers of 13 for evacuation
[2026-03-26T14:01:13.740+0900][2.321s][info][gc,phases   ] GC(5)   Pre Evacuate Collection Set: 0.2ms
[2026-03-26T14:01:13.740+0900][2.321s][info][gc,phases   ] GC(5)   Merge Heap Roots: 0.2ms
[2026-03-26T14:01:13.740+0900][2.321s][info][gc,phases   ] GC(5)   Evacuate Collection Set: 1.7ms
[2026-03-26T14:01:13.740+0900][2.321s][info][gc,phases   ] GC(5)   Post Evacuate Collection Set: 0.8ms
[2026-03-26T14:01:13.740+0900][2.321s][info][gc,phases   ] GC(5)   Other: 0.4ms
[2026-03-26T14:01:13.740+0900][2.321s][info][gc,heap     ] GC(5) Eden regions: 152->0(152)
[2026-03-26T14:01:13.740+0900][2.321s][info][gc,heap     ] GC(5) Survivor regions: 1->1(20)
[2026-03-26T14:01:13.740+0900][2.321s][info][gc,heap     ] GC(5) Old regions: 0->0
[2026-03-26T14:01:13.740+0900][2.321s][info][gc,heap     ] GC(5) Humongous regions: 78->78
[2026-03-26T14:01:13.740+0900][2.321s][info][gc,metaspace] GC(5) Metaspace: 307K(512K)->307K(512K) NonClass: 290K(384K)->290K(384K) Class: 17K(128K)->17K(128K)
[2026-03-26T14:01:13.740+0900][2.321s][info][gc          ] GC(5) Pause Young (Normal) (G1 Evacuation Pause) 230M->78M(256M) 4.196ms
[2026-03-26T14:01:13.740+0900][2.321s][info][gc,cpu      ] GC(5) User=0.00s Sys=0.00s Real=0.00s
[2026-03-26T14:01:14.222+0900][2.798s][info][gc,start    ] GC(6) Pause Young (Normal) (G1 Evacuation Pause)
[2026-03-26T14:01:14.230+0900][2.806s][info][gc,task     ] GC(6) Using 6 workers of 13 for evacuation
[2026-03-26T14:01:14.231+0900][2.808s][info][gc,phases   ] GC(6)   Pre Evacuate Collection Set: 0.2ms
[2026-03-26T14:01:14.231+0900][2.808s][info][gc,phases   ] GC(6)   Merge Heap Roots: 0.1ms
[2026-03-26T14:01:14.231+0900][2.808s][info][gc,phases   ] GC(6)   Evacuate Collection Set: 0.8ms
[2026-03-26T14:01:14.231+0900][2.808s][info][gc,phases   ] GC(6)   Post Evacuate Collection Set: 0.3ms
[2026-03-26T14:01:14.231+0900][2.808s][info][gc,phases   ] GC(6)   Other: 0.2ms
[2026-03-26T14:01:14.231+0900][2.808s][info][gc,heap     ] GC(6) Eden regions: 152->0(144)
[2026-03-26T14:01:14.231+0900][2.808s][info][gc,heap     ] GC(6) Survivor regions: 1->1(20)
[2026-03-26T14:01:14.231+0900][2.808s][info][gc,heap     ] GC(6) Old regions: 0->0
[2026-03-26T14:01:14.231+0900][2.808s][info][gc,heap     ] GC(6) Humongous regions: 96->96
[2026-03-26T14:01:14.231+0900][2.808s][info][gc,metaspace] GC(6) Metaspace: 307K(512K)->307K(512K) NonClass: 290K(384K)->290K(384K) Class: 17K(128K)->17K(128K)
[2026-03-26T14:01:14.231+0900][2.808s][info][gc          ] GC(6) Pause Young (Normal) (G1 Evacuation Pause) 248M->96M(256M) 10.231ms
[2026-03-26T14:01:14.231+0900][2.808s][info][gc,cpu      ] GC(6) User=0.00s Sys=0.00s Real=0.01s
[2026-03-26T14:01:14.683+0900][3.259s][info][gc,start    ] GC(7) Pause Young (Normal) (G1 Evacuation Pause)
[2026-03-26T14:01:14.683+0900][3.260s][info][gc,task     ] GC(7) Using 6 workers of 13 for evacuation
[2026-03-26T14:01:14.683+0900][3.263s][info][gc,phases   ] GC(7)   Pre Evacuate Collection Set: 0.4ms
[2026-03-26T14:01:14.683+0900][3.263s][info][gc,phases   ] GC(7)   Merge Heap Roots: 0.3ms
[2026-03-26T14:01:14.683+0900][3.263s][info][gc,phases   ] GC(7)   Evacuate Collection Set: 1.3ms
[2026-03-26T14:01:14.683+0900][3.263s][info][gc,phases   ] GC(7)   Post Evacuate Collection Set: 0.8ms
[2026-03-26T14:01:14.683+0900][3.263s][info][gc,phases   ] GC(7)   Other: 0.2ms
[2026-03-26T14:01:14.683+0900][3.263s][info][gc,heap     ] GC(7) Eden regions: 141->0(127)
[2026-03-26T14:01:14.683+0900][3.263s][info][gc,heap     ] GC(7) Survivor regions: 1->1(19)
[2026-03-26T14:01:14.683+0900][3.263s][info][gc,heap     ] GC(7) Old regions: 0->0
[2026-03-26T14:01:14.683+0900][3.263s][info][gc,heap     ] GC(7) Humongous regions: 114->114
[2026-03-26T14:01:14.683+0900][3.263s][info][gc,metaspace] GC(7) Metaspace: 307K(512K)->307K(512K) NonClass: 290K(384K)->290K(384K) Class: 17K(128K)->17K(128K)
[2026-03-26T14:01:14.683+0900][3.263s][info][gc          ] GC(7) Pause Young (Normal) (G1 Evacuation Pause) 255M->114M(257M) 3.557ms
[2026-03-26T14:01:14.683+0900][3.263s][info][gc,cpu      ] GC(7) User=0.00s Sys=0.00s Real=0.00s
[2026-03-26T14:01:14.809+0900][3.385s][info][gc,start    ] GC(8) Pause Young (Concurrent Start) (G1 Humongous Allocation)
[2026-03-26T14:01:14.809+0900][3.385s][info][gc,task     ] GC(8) Using 6 workers of 13 for evacuation
[2026-03-26T14:01:14.809+0900][3.387s][info][gc,phases   ] GC(8)   Pre Evacuate Collection Set: 0.2ms
[2026-03-26T14:01:14.809+0900][3.387s][info][gc,phases   ] GC(8)   Merge Heap Roots: 0.2ms
[2026-03-26T14:01:14.809+0900][3.387s][info][gc,phases   ] GC(8)   Evacuate Collection Set: 0.8ms
[2026-03-26T14:01:14.809+0900][3.387s][info][gc,phases   ] GC(8)   Post Evacuate Collection Set: 0.3ms
[2026-03-26T14:01:14.809+0900][3.387s][info][gc,phases   ] GC(8)   Other: 0.1ms
[2026-03-26T14:01:14.809+0900][3.387s][info][gc,heap     ] GC(8) Eden regions: 42->0(127)
[2026-03-26T14:01:14.809+0900][3.387s][info][gc,heap     ] GC(8) Survivor regions: 1->1(16)
[2026-03-26T14:01:14.809+0900][3.387s][info][gc,heap     ] GC(8) Old regions: 0->0
[2026-03-26T14:01:14.809+0900][3.387s][info][gc,heap     ] GC(8) Humongous regions: 114->114
[2026-03-26T14:01:14.809+0900][3.387s][info][gc,metaspace] GC(8) Metaspace: 307K(512K)->307K(512K) NonClass: 290K(384K)->290K(384K) Class: 17K(128K)->17K(128K)
[2026-03-26T14:01:14.809+0900][3.387s][info][gc          ] GC(8) Pause Young (Concurrent Start) (G1 Humongous Allocation) 156M->114M(257M) 1.993ms
[2026-03-26T14:01:14.809+0900][3.387s][info][gc,cpu      ] GC(8) User=0.00s Sys=0.00s Real=0.00s
[2026-03-26T14:01:14.809+0900][3.387s][info][gc          ] GC(9) Concurrent Undo Cycle
[2026-03-26T14:01:14.809+0900][3.387s][info][gc,marking  ] GC(9) Concurrent Clear Claimed Marks
[2026-03-26T14:01:14.809+0900][3.387s][info][gc,marking  ] GC(9) Concurrent Clear Claimed Marks 0.020ms
[2026-03-26T14:01:14.809+0900][3.387s][info][gc,marking  ] GC(9) Concurrent Cleanup for Next Mark
[2026-03-26T14:01:14.809+0900][3.387s][info][gc,marking  ] GC(9) Concurrent Cleanup for Next Mark 0.037ms
[2026-03-26T14:01:14.809+0900][3.387s][info][gc          ] GC(9) Concurrent Undo Cycle 0.185ms
[2026-03-26T14:01:14.967+0900][3.544s][info][gc,start    ] GC(10) Pause Young (Concurrent Start) (G1 Humongous Allocation)
[2026-03-26T14:01:14.967+0900][3.544s][info][gc,task     ] GC(10) Using 6 workers of 13 for evacuation
[2026-03-26T14:01:14.967+0900][3.545s][info][gc,phases   ] GC(10)   Pre Evacuate Collection Set: 0.2ms
[2026-03-26T14:01:14.967+0900][3.545s][info][gc,phases   ] GC(10)   Merge Heap Roots: 0.0ms
[2026-03-26T14:01:14.967+0900][3.545s][info][gc,phases   ] GC(10)   Evacuate Collection Set: 0.7ms
[2026-03-26T14:01:14.967+0900][3.545s][info][gc,phases   ] GC(10)   Post Evacuate Collection Set: 0.3ms
[2026-03-26T14:01:14.967+0900][3.545s][info][gc,phases   ] GC(10)   Other: 0.1ms
[2026-03-26T14:01:14.967+0900][3.545s][info][gc,heap     ] GC(10) Eden regions: 50->0(121)
[2026-03-26T14:01:14.967+0900][3.545s][info][gc,heap     ] GC(10) Survivor regions: 1->1(16)
[2026-03-26T14:01:14.967+0900][3.545s][info][gc,heap     ] GC(10) Old regions: 0->0
[2026-03-26T14:01:14.967+0900][3.545s][info][gc,heap     ] GC(10) Humongous regions: 120->120
[2026-03-26T14:01:14.967+0900][3.545s][info][gc,metaspace] GC(10) Metaspace: 307K(512K)->307K(512K) NonClass: 290K(384K)->290K(384K) Class: 17K(128K)->17K(128K)
[2026-03-26T14:01:14.967+0900][3.545s][info][gc          ] GC(10) Pause Young (Concurrent Start) (G1 Humongous Allocation) 170M->120M(257M) 1.700ms
[2026-03-26T14:01:14.967+0900][3.545s][info][gc,cpu      ] GC(10) User=0.00s Sys=0.00s Real=0.00s
[2026-03-26T14:01:14.967+0900][3.545s][info][gc          ] GC(11) Concurrent Mark Cycle
[2026-03-26T14:01:14.967+0900][3.545s][info][gc,marking  ] GC(11) Concurrent Scan Root Regions
[2026-03-26T14:01:14.970+0900][3.546s][info][gc,marking  ] GC(11) Concurrent Scan Root Regions 0.447ms
[2026-03-26T14:01:14.970+0900][3.546s][info][gc,marking  ] GC(11) Concurrent Mark
[2026-03-26T14:01:14.970+0900][3.546s][info][gc,marking  ] GC(11) Concurrent Mark From Roots
[2026-03-26T14:01:14.970+0900][3.546s][info][gc,task     ] GC(11) Using 3 workers of 3 for marking
[2026-03-26T14:01:14.970+0900][3.546s][info][gc,marking  ] GC(11) Concurrent Mark From Roots 0.360ms
[2026-03-26T14:01:14.970+0900][3.546s][info][gc,marking  ] GC(11) Concurrent Preclean
[2026-03-26T14:01:14.970+0900][3.546s][info][gc,marking  ] GC(11) Concurrent Preclean 0.013ms
[2026-03-26T14:01:14.970+0900][3.546s][info][gc,start    ] GC(11) Pause Remark
[2026-03-26T14:01:14.970+0900][3.547s][info][gc          ] GC(11) Pause Remark 126M->126M(257M) 0.503ms
[2026-03-26T14:01:14.970+0900][3.547s][info][gc,cpu      ] GC(11) User=0.00s Sys=0.00s Real=0.00s
[2026-03-26T14:01:14.970+0900][3.547s][info][gc,marking  ] GC(11) Concurrent Mark 1.066ms
[2026-03-26T14:01:14.970+0900][3.547s][info][gc,marking  ] GC(11) Concurrent Rebuild Remembered Sets and Scrub Regions
[2026-03-26T14:01:14.970+0900][3.547s][info][gc,marking  ] GC(11) Concurrent Rebuild Remembered Sets and Scrub Regions 0.083ms
[2026-03-26T14:01:14.970+0900][3.547s][info][gc,start    ] GC(11) Pause Cleanup
[2026-03-26T14:01:14.970+0900][3.547s][info][gc          ] GC(11) Pause Cleanup 126M->126M(257M) 0.049ms
[2026-03-26T14:01:14.970+0900][3.547s][info][gc,cpu      ] GC(11) User=0.00s Sys=0.00s Real=0.00s
[2026-03-26T14:01:14.970+0900][3.547s][info][gc,marking  ] GC(11) Concurrent Clear Claimed Marks
[2026-03-26T14:01:14.970+0900][3.547s][info][gc,marking  ] GC(11) Concurrent Clear Claimed Marks 0.046ms
[2026-03-26T14:01:14.970+0900][3.547s][info][gc,marking  ] GC(11) Concurrent Cleanup for Next Mark
[2026-03-26T14:01:14.970+0900][3.548s][info][gc,marking  ] GC(11) Concurrent Cleanup for Next Mark 0.497ms
[2026-03-26T14:01:14.970+0900][3.548s][info][gc          ] GC(11) Concurrent Mark Cycle 2.509ms
[2026-03-26T14:01:15.126+0900][3.703s][info][gc,start    ] GC(12) Pause Young (Concurrent Start) (G1 Humongous Allocation)
[2026-03-26T14:01:15.126+0900][3.703s][info][gc,task     ] GC(12) Using 6 workers of 13 for evacuation
[2026-03-26T14:01:15.128+0900][3.704s][info][gc,phases   ] GC(12)   Pre Evacuate Collection Set: 0.2ms
[2026-03-26T14:01:15.128+0900][3.704s][info][gc,phases   ] GC(12)   Merge Heap Roots: 0.0ms
[2026-03-26T14:01:15.128+0900][3.704s][info][gc,phases   ] GC(12)   Evacuate Collection Set: 0.7ms
[2026-03-26T14:01:15.128+0900][3.704s][info][gc,phases   ] GC(12)   Post Evacuate Collection Set: 0.2ms
[2026-03-26T14:01:15.128+0900][3.704s][info][gc,phases   ] GC(12)   Other: 0.1ms
[2026-03-26T14:01:15.128+0900][3.704s][info][gc,heap     ] GC(12) Eden regions: 50->0(115)
[2026-03-26T14:01:15.128+0900][3.704s][info][gc,heap     ] GC(12) Survivor regions: 1->1(16)
[2026-03-26T14:01:15.128+0900][3.704s][info][gc,heap     ] GC(12) Old regions: 0->0
[2026-03-26T14:01:15.128+0900][3.704s][info][gc,heap     ] GC(12) Humongous regions: 126->126
[2026-03-26T14:01:15.128+0900][3.704s][info][gc,metaspace] GC(12) Metaspace: 307K(512K)->307K(512K) NonClass: 290K(384K)->290K(384K) Class: 17K(128K)->17K(128K)
[2026-03-26T14:01:15.128+0900][3.704s][info][gc          ] GC(12) Pause Young (Concurrent Start) (G1 Humongous Allocation) 176M->126M(257M) 1.471ms
[2026-03-26T14:01:15.128+0900][3.704s][info][gc,cpu      ] GC(12) User=0.00s Sys=0.00s Real=0.00s
[2026-03-26T14:01:15.128+0900][3.704s][info][gc          ] GC(13) Concurrent Mark Cycle
[2026-03-26T14:01:15.128+0900][3.704s][info][gc,marking  ] GC(13) Concurrent Scan Root Regions
[2026-03-26T14:01:15.128+0900][3.705s][info][gc,marking  ] GC(13) Concurrent Scan Root Regions 0.415ms
[2026-03-26T14:01:15.128+0900][3.705s][info][gc,marking  ] GC(13) Concurrent Mark
[2026-03-26T14:01:15.128+0900][3.705s][info][gc,marking  ] GC(13) Concurrent Mark From Roots
[2026-03-26T14:01:15.128+0900][3.705s][info][gc,task     ] GC(13) Using 3 workers of 3 for marking
[2026-03-26T14:01:15.128+0900][3.705s][info][gc,marking  ] GC(13) Concurrent Mark From Roots 0.182ms
[2026-03-26T14:01:15.128+0900][3.705s][info][gc,marking  ] GC(13) Concurrent Preclean
[2026-03-26T14:01:15.128+0900][3.705s][info][gc,marking  ] GC(13) Concurrent Preclean 0.015ms
[2026-03-26T14:01:15.128+0900][3.705s][info][gc,start    ] GC(13) Pause Remark
[2026-03-26T14:01:15.130+0900][3.705s][info][gc          ] GC(13) Pause Remark 132M->132M(257M) 0.360ms
[2026-03-26T14:01:15.130+0900][3.705s][info][gc,cpu      ] GC(13) User=0.00s Sys=0.00s Real=0.00s
[2026-03-26T14:01:15.130+0900][3.705s][info][gc,marking  ] GC(13) Concurrent Mark 0.700ms
[2026-03-26T14:01:15.130+0900][3.705s][info][gc,marking  ] GC(13) Concurrent Rebuild Remembered Sets and Scrub Regions
[2026-03-26T14:01:15.130+0900][3.705s][info][gc,marking  ] GC(13) Concurrent Rebuild Remembered Sets and Scrub Regions 0.031ms
[2026-03-26T14:01:15.130+0900][3.705s][info][gc,start    ] GC(13) Pause Cleanup
[2026-03-26T14:01:15.130+0900][3.705s][info][gc          ] GC(13) Pause Cleanup 132M->132M(257M) 0.020ms
[2026-03-26T14:01:15.130+0900][3.705s][info][gc,cpu      ] GC(13) User=0.00s Sys=0.00s Real=0.00s
[2026-03-26T14:01:15.130+0900][3.705s][info][gc,marking  ] GC(13) Concurrent Clear Claimed Marks
[2026-03-26T14:01:15.130+0900][3.705s][info][gc,marking  ] GC(13) Concurrent Clear Claimed Marks 0.013ms
[2026-03-26T14:01:15.130+0900][3.705s][info][gc,marking  ] GC(13) Concurrent Cleanup for Next Mark
[2026-03-26T14:01:15.130+0900][3.706s][info][gc,marking  ] GC(13) Concurrent Cleanup for Next Mark 0.197ms
[2026-03-26T14:01:15.130+0900][3.706s][info][gc          ] GC(13) Concurrent Mark Cycle 1.602ms
[2026-03-26T14:01:15.285+0900][3.860s][info][gc,start    ] GC(14) Pause Young (Concurrent Start) (G1 Humongous Allocation)
[2026-03-26T14:01:15.285+0900][3.860s][info][gc,task     ] GC(14) Using 6 workers of 13 for evacuation
[2026-03-26T14:01:15.287+0900][3.862s][info][gc,phases   ] GC(14)   Pre Evacuate Collection Set: 0.2ms
[2026-03-26T14:01:15.287+0900][3.862s][info][gc,phases   ] GC(14)   Merge Heap Roots: 0.1ms
[2026-03-26T14:01:15.287+0900][3.862s][info][gc,phases   ] GC(14)   Evacuate Collection Set: 1.0ms
[2026-03-26T14:01:15.287+0900][3.862s][info][gc,phases   ] GC(14)   Post Evacuate Collection Set: 0.3ms
[2026-03-26T14:01:15.287+0900][3.862s][info][gc,phases   ] GC(14)   Other: 0.1ms
[2026-03-26T14:01:15.287+0900][3.862s][info][gc,heap     ] GC(14) Eden regions: 50->0(109)
[2026-03-26T14:01:15.287+0900][3.862s][info][gc,heap     ] GC(14) Survivor regions: 1->1(15)
[2026-03-26T14:01:15.287+0900][3.862s][info][gc,heap     ] GC(14) Old regions: 0->0
[2026-03-26T14:01:15.287+0900][3.862s][info][gc,heap     ] GC(14) Humongous regions: 132->132
[2026-03-26T14:01:15.287+0900][3.862s][info][gc,metaspace] GC(14) Metaspace: 307K(512K)->307K(512K) NonClass: 290K(384K)->290K(384K) Class: 17K(128K)->17K(128K)
[2026-03-26T14:01:15.287+0900][3.862s][info][gc          ] GC(14) Pause Young (Concurrent Start) (G1 Humongous Allocation) 182M->132M(257M) 2.089ms
[2026-03-26T14:01:15.287+0900][3.863s][info][gc,cpu      ] GC(14) User=0.00s Sys=0.00s Real=0.00s
[2026-03-26T14:01:15.287+0900][3.863s][info][gc          ] GC(15) Concurrent Mark Cycle
[2026-03-26T14:01:15.287+0900][3.863s][info][gc,marking  ] GC(15) Concurrent Scan Root Regions
[2026-03-26T14:01:15.287+0900][3.863s][info][gc,marking  ] GC(15) Concurrent Scan Root Regions 0.540ms
[2026-03-26T14:01:15.287+0900][3.863s][info][gc,marking  ] GC(15) Concurrent Mark
[2026-03-26T14:01:15.287+0900][3.863s][info][gc,marking  ] GC(15) Concurrent Mark From Roots
[2026-03-26T14:01:15.287+0900][3.863s][info][gc,task     ] GC(15) Using 3 workers of 3 for marking
[2026-03-26T14:01:15.287+0900][3.863s][info][gc,marking  ] GC(15) Concurrent Mark From Roots 0.199ms
[2026-03-26T14:01:15.287+0900][3.863s][info][gc,marking  ] GC(15) Concurrent Preclean
[2026-03-26T14:01:15.287+0900][3.863s][info][gc,marking  ] GC(15) Concurrent Preclean 0.022ms
[2026-03-26T14:01:15.287+0900][3.864s][info][gc,start    ] GC(15) Pause Remark
[2026-03-26T14:01:15.287+0900][3.864s][info][gc          ] GC(15) Pause Remark 138M->138M(257M) 0.639ms
[2026-03-26T14:01:15.287+0900][3.865s][info][gc,cpu      ] GC(15) User=0.00s Sys=0.00s Real=0.00s
[2026-03-26T14:01:15.287+0900][3.865s][info][gc,marking  ] GC(15) Concurrent Mark 1.391ms
[2026-03-26T14:01:15.287+0900][3.865s][info][gc,marking  ] GC(15) Concurrent Rebuild Remembered Sets and Scrub Regions
[2026-03-26T14:01:15.287+0900][3.865s][info][gc,marking  ] GC(15) Concurrent Rebuild Remembered Sets and Scrub Regions 0.062ms
[2026-03-26T14:01:15.287+0900][3.865s][info][gc,start    ] GC(15) Pause Cleanup
[2026-03-26T14:01:15.287+0900][3.865s][info][gc          ] GC(15) Pause Cleanup 139M->139M(257M) 0.059ms
[2026-03-26T14:01:15.287+0900][3.865s][info][gc,cpu      ] GC(15) User=0.00s Sys=0.00s Real=0.00s
[2026-03-26T14:01:15.287+0900][3.865s][info][gc,marking  ] GC(15) Concurrent Clear Claimed Marks
[2026-03-26T14:01:15.287+0900][3.865s][info][gc,marking  ] GC(15) Concurrent Clear Claimed Marks 0.034ms
[2026-03-26T14:01:15.287+0900][3.865s][info][gc,marking  ] GC(15) Concurrent Cleanup for Next Mark
[2026-03-26T14:01:15.287+0900][3.865s][info][gc,marking  ] GC(15) Concurrent Cleanup for Next Mark 0.228ms
[2026-03-26T14:01:15.287+0900][3.865s][info][gc          ] GC(15) Concurrent Mark Cycle 2.671ms
[2026-03-26T14:01:15.444+0900][4.020s][info][gc,start    ] GC(16) Pause Young (Concurrent Start) (G1 Humongous Allocation)
[2026-03-26T14:01:15.445+0900][4.020s][info][gc,task     ] GC(16) Using 6 workers of 13 for evacuation
[2026-03-26T14:01:15.446+0900][4.022s][info][gc,phases   ] GC(16)   Pre Evacuate Collection Set: 0.2ms
[2026-03-26T14:01:15.446+0900][4.022s][info][gc,phases   ] GC(16)   Merge Heap Roots: 0.0ms
[2026-03-26T14:01:15.446+0900][4.022s][info][gc,phases   ] GC(16)   Evacuate Collection Set: 0.9ms
[2026-03-26T14:01:15.446+0900][4.022s][info][gc,phases   ] GC(16)   Post Evacuate Collection Set: 0.3ms
[2026-03-26T14:01:15.446+0900][4.022s][info][gc,phases   ] GC(16)   Other: 0.1ms
[2026-03-26T14:01:15.446+0900][4.022s][info][gc,heap     ] GC(16) Eden regions: 50->0(103)
[2026-03-26T14:01:15.446+0900][4.022s][info][gc,heap     ] GC(16) Survivor regions: 1->1(14)
[2026-03-26T14:01:15.446+0900][4.022s][info][gc,heap     ] GC(16) Old regions: 0->0
[2026-03-26T14:01:15.446+0900][4.022s][info][gc,heap     ] GC(16) Humongous regions: 138->138
[2026-03-26T14:01:15.446+0900][4.022s][info][gc,metaspace] GC(16) Metaspace: 307K(512K)->307K(512K) NonClass: 290K(384K)->290K(384K) Class: 17K(128K)->17K(128K)
[2026-03-26T14:01:15.446+0900][4.022s][info][gc          ] GC(16) Pause Young (Concurrent Start) (G1 Humongous Allocation) 188M->138M(257M) 1.986ms
[2026-03-26T14:01:15.446+0900][4.022s][info][gc,cpu      ] GC(16) User=0.00s Sys=0.00s Real=0.00s
[2026-03-26T14:01:15.446+0900][4.022s][info][gc          ] GC(17) Concurrent Mark Cycle
[2026-03-26T14:01:15.446+0900][4.022s][info][gc,marking  ] GC(17) Concurrent Scan Root Regions
[2026-03-26T14:01:15.447+0900][4.023s][info][gc,marking  ] GC(17) Concurrent Scan Root Regions 0.638ms
[2026-03-26T14:01:15.448+0900][4.023s][info][gc,marking  ] GC(17) Concurrent Mark
[2026-03-26T14:01:15.448+0900][4.023s][info][gc,marking  ] GC(17) Concurrent Mark From Roots
[2026-03-26T14:01:15.448+0900][4.023s][info][gc,task     ] GC(17) Using 3 workers of 3 for marking
[2026-03-26T14:01:15.448+0900][4.023s][info][gc,marking  ] GC(17) Concurrent Mark From Roots 0.201ms
[2026-03-26T14:01:15.448+0900][4.023s][info][gc,marking  ] GC(17) Concurrent Preclean
[2026-03-26T14:01:15.448+0900][4.023s][info][gc,marking  ] GC(17) Concurrent Preclean 0.028ms
[2026-03-26T14:01:15.448+0900][4.023s][info][gc,start    ] GC(17) Pause Remark
[2026-03-26T14:01:15.449+0900][4.024s][info][gc          ] GC(17) Pause Remark 144M->144M(257M) 0.515ms
[2026-03-26T14:01:15.449+0900][4.024s][info][gc,cpu      ] GC(17) User=0.00s Sys=0.00s Real=0.00s
[2026-03-26T14:01:15.449+0900][4.024s][info][gc,marking  ] GC(17) Concurrent Mark 0.958ms
[2026-03-26T14:01:15.449+0900][4.024s][info][gc,marking  ] GC(17) Concurrent Rebuild Remembered Sets and Scrub Regions
[2026-03-26T14:01:15.449+0900][4.024s][info][gc,marking  ] GC(17) Concurrent Rebuild Remembered Sets and Scrub Regions 0.053ms
[2026-03-26T14:01:15.449+0900][4.024s][info][gc,start    ] GC(17) Pause Cleanup
[2026-03-26T14:01:15.449+0900][4.024s][info][gc          ] GC(17) Pause Cleanup 144M->144M(257M) 0.041ms
[2026-03-26T14:01:15.449+0900][4.024s][info][gc,cpu      ] GC(17) User=0.00s Sys=0.00s Real=0.00s
[2026-03-26T14:01:15.449+0900][4.024s][info][gc,marking  ] GC(17) Concurrent Clear Claimed Marks
[2026-03-26T14:01:15.449+0900][4.024s][info][gc,marking  ] GC(17) Concurrent Clear Claimed Marks 0.033ms
[2026-03-26T14:01:15.449+0900][4.024s][info][gc,marking  ] GC(17) Concurrent Cleanup for Next Mark
[2026-03-26T14:01:15.449+0900][4.024s][info][gc,marking  ] GC(17) Concurrent Cleanup for Next Mark 0.185ms
[2026-03-26T14:01:15.449+0900][4.024s][info][gc          ] GC(17) Concurrent Mark Cycle 2.268ms
[2026-03-26T14:01:15.604+0900][4.180s][info][gc,start    ] GC(18) Pause Young (Concurrent Start) (G1 Humongous Allocation)
[2026-03-26T14:01:15.604+0900][4.180s][info][gc,task     ] GC(18) Using 6 workers of 13 for evacuation
[2026-03-26T14:01:15.605+0900][4.181s][info][gc,phases   ] GC(18)   Pre Evacuate Collection Set: 0.1ms
[2026-03-26T14:01:15.605+0900][4.181s][info][gc,phases   ] GC(18)   Merge Heap Roots: 0.0ms
[2026-03-26T14:01:15.605+0900][4.181s][info][gc,phases   ] GC(18)   Evacuate Collection Set: 0.8ms
[2026-03-26T14:01:15.605+0900][4.181s][info][gc,phases   ] GC(18)   Post Evacuate Collection Set: 0.2ms
[2026-03-26T14:01:15.605+0900][4.182s][info][gc,phases   ] GC(18)   Other: 0.1ms
[2026-03-26T14:01:15.605+0900][4.182s][info][gc,heap     ] GC(18) Eden regions: 50->0(97)
[2026-03-26T14:01:15.605+0900][4.182s][info][gc,heap     ] GC(18) Survivor regions: 1->1(13)
[2026-03-26T14:01:15.605+0900][4.182s][info][gc,heap     ] GC(18) Old regions: 0->0
[2026-03-26T14:01:15.605+0900][4.182s][info][gc,heap     ] GC(18) Humongous regions: 144->144
[2026-03-26T14:01:15.605+0900][4.182s][info][gc,metaspace] GC(18) Metaspace: 307K(512K)->307K(512K) NonClass: 290K(384K)->290K(384K) Class: 17K(128K)->17K(128K)
[2026-03-26T14:01:15.605+0900][4.182s][info][gc          ] GC(18) Pause Young (Concurrent Start) (G1 Humongous Allocation) 194M->144M(257M) 1.536ms
[2026-03-26T14:01:15.605+0900][4.182s][info][gc,cpu      ] GC(18) User=0.02s Sys=0.02s Real=0.00s
[2026-03-26T14:01:15.605+0900][4.182s][info][gc          ] GC(19) Concurrent Mark Cycle
[2026-03-26T14:01:15.605+0900][4.182s][info][gc,marking  ] GC(19) Concurrent Scan Root Regions
[2026-03-26T14:01:15.605+0900][4.182s][info][gc,marking  ] GC(19) Concurrent Scan Root Regions 0.405ms
[2026-03-26T14:01:15.605+0900][4.182s][info][gc,marking  ] GC(19) Concurrent Mark
[2026-03-26T14:01:15.605+0900][4.182s][info][gc,marking  ] GC(19) Concurrent Mark From Roots
[2026-03-26T14:01:15.605+0900][4.182s][info][gc,task     ] GC(19) Using 3 workers of 3 for marking
[2026-03-26T14:01:15.605+0900][4.182s][info][gc,marking  ] GC(19) Concurrent Mark From Roots 0.162ms
[2026-03-26T14:01:15.605+0900][4.182s][info][gc,marking  ] GC(19) Concurrent Preclean
[2026-03-26T14:01:15.605+0900][4.182s][info][gc,marking  ] GC(19) Concurrent Preclean 0.013ms
[2026-03-26T14:01:15.605+0900][4.182s][info][gc,start    ] GC(19) Pause Remark
[2026-03-26T14:01:15.607+0900][4.183s][info][gc          ] GC(19) Pause Remark 144M->144M(257M) 0.405ms
[2026-03-26T14:01:15.607+0900][4.183s][info][gc,cpu      ] GC(19) User=0.00s Sys=0.00s Real=0.00s
[2026-03-26T14:01:15.607+0900][4.183s][info][gc,marking  ] GC(19) Concurrent Mark 0.817ms
[2026-03-26T14:01:15.607+0900][4.183s][info][gc,marking  ] GC(19) Concurrent Rebuild Remembered Sets and Scrub Regions
[2026-03-26T14:01:15.607+0900][4.183s][info][gc,marking  ] GC(19) Concurrent Rebuild Remembered Sets and Scrub Regions 0.026ms
[2026-03-26T14:01:15.607+0900][4.183s][info][gc,start    ] GC(19) Pause Cleanup
[2026-03-26T14:01:15.607+0900][4.183s][info][gc          ] GC(19) Pause Cleanup 144M->144M(257M) 0.020ms
[2026-03-26T14:01:15.607+0900][4.183s][info][gc,cpu      ] GC(19) User=0.00s Sys=0.00s Real=0.00s
[2026-03-26T14:01:15.607+0900][4.183s][info][gc,marking  ] GC(19) Concurrent Clear Claimed Marks
[2026-03-26T14:01:15.607+0900][4.183s][info][gc,marking  ] GC(19) Concurrent Clear Claimed Marks 0.013ms
[2026-03-26T14:01:15.607+0900][4.183s][info][gc,marking  ] GC(19) Concurrent Cleanup for Next Mark
[2026-03-26T14:01:15.607+0900][4.183s][info][gc,marking  ] GC(19) Concurrent Cleanup for Next Mark 0.223ms
[2026-03-26T14:01:15.607+0900][4.183s][info][gc          ] GC(19) Concurrent Mark Cycle 1.696ms
[2026-03-26T14:01:15.763+0900][4.339s][info][gc,start    ] GC(20) Pause Young (Concurrent Start) (G1 Humongous Allocation)
[2026-03-26T14:01:15.763+0900][4.339s][info][gc,task     ] GC(20) Using 6 workers of 13 for evacuation
[2026-03-26T14:01:15.764+0900][4.340s][info][gc,phases   ] GC(20)   Pre Evacuate Collection Set: 0.1ms
[2026-03-26T14:01:15.764+0900][4.340s][info][gc,phases   ] GC(20)   Merge Heap Roots: 0.0ms
[2026-03-26T14:01:15.764+0900][4.340s][info][gc,phases   ] GC(20)   Evacuate Collection Set: 0.6ms
[2026-03-26T14:01:15.764+0900][4.340s][info][gc,phases   ] GC(20)   Post Evacuate Collection Set: 0.2ms
[2026-03-26T14:01:15.764+0900][4.340s][info][gc,phases   ] GC(20)   Other: 0.1ms
[2026-03-26T14:01:15.764+0900][4.340s][info][gc,heap     ] GC(20) Eden regions: 50->0(91)
[2026-03-26T14:01:15.764+0900][4.340s][info][gc,heap     ] GC(20) Survivor regions: 1->1(13)
[2026-03-26T14:01:15.764+0900][4.340s][info][gc,heap     ] GC(20) Old regions: 0->0
[2026-03-26T14:01:15.764+0900][4.340s][info][gc,heap     ] GC(20) Humongous regions: 150->150
[2026-03-26T14:01:15.764+0900][4.340s][info][gc,metaspace] GC(20) Metaspace: 309K(512K)->309K(512K) NonClass: 292K(384K)->292K(384K) Class: 17K(128K)->17K(128K)
[2026-03-26T14:01:15.764+0900][4.340s][info][gc          ] GC(20) Pause Young (Concurrent Start) (G1 Humongous Allocation) 200M->150M(257M) 1.275ms
[2026-03-26T14:01:15.764+0900][4.340s][info][gc,cpu      ] GC(20) User=0.00s Sys=0.00s Real=0.00s
[2026-03-26T14:01:15.764+0900][4.340s][info][gc          ] GC(21) Concurrent Mark Cycle
[2026-03-26T14:01:15.764+0900][4.340s][info][gc,marking  ] GC(21) Concurrent Scan Root Regions
[2026-03-26T14:01:15.765+0900][4.341s][info][gc,marking  ] GC(21) Concurrent Scan Root Regions 0.371ms
[2026-03-26T14:01:15.765+0900][4.341s][info][gc,marking  ] GC(21) Concurrent Mark
[2026-03-26T14:01:15.765+0900][4.341s][info][gc,marking  ] GC(21) Concurrent Mark From Roots
[2026-03-26T14:01:15.765+0900][4.341s][info][gc,task     ] GC(21) Using 3 workers of 3 for marking
[2026-03-26T14:01:15.765+0900][4.341s][info][gc,marking  ] GC(21) Concurrent Mark From Roots 0.120ms
[2026-03-26T14:01:15.765+0900][4.341s][info][gc,marking  ] GC(21) Concurrent Preclean
[2026-03-26T14:01:15.765+0900][4.341s][info][gc,marking  ] GC(21) Concurrent Preclean 0.013ms
[2026-03-26T14:01:15.765+0900][4.341s][info][gc,start    ] GC(21) Pause Remark
[2026-03-26T14:01:15.765+0900][4.341s][info][gc          ] GC(21) Pause Remark 156M->156M(262M) 0.374ms
[2026-03-26T14:01:15.765+0900][4.341s][info][gc,cpu      ] GC(21) User=0.00s Sys=0.00s Real=0.00s
[2026-03-26T14:01:15.765+0900][4.341s][info][gc,marking  ] GC(21) Concurrent Mark 0.786ms
[2026-03-26T14:01:15.765+0900][4.341s][info][gc,marking  ] GC(21) Concurrent Rebuild Remembered Sets and Scrub Regions
[2026-03-26T14:01:15.765+0900][4.341s][info][gc,marking  ] GC(21) Concurrent Rebuild Remembered Sets and Scrub Regions 0.036ms
[2026-03-26T14:01:15.765+0900][4.342s][info][gc,start    ] GC(21) Pause Cleanup
[2026-03-26T14:01:15.765+0900][4.342s][info][gc          ] GC(21) Pause Cleanup 156M->156M(262M) 0.027ms
[2026-03-26T14:01:15.765+0900][4.342s][info][gc,cpu      ] GC(21) User=0.00s Sys=0.00s Real=0.00s
[2026-03-26T14:01:15.765+0900][4.342s][info][gc,marking  ] GC(21) Concurrent Clear Claimed Marks
[2026-03-26T14:01:15.765+0900][4.342s][info][gc,marking  ] GC(21) Concurrent Clear Claimed Marks 0.023ms
[2026-03-26T14:01:15.765+0900][4.342s][info][gc,marking  ] GC(21) Concurrent Cleanup for Next Mark
[2026-03-26T14:01:15.767+0900][4.342s][info][gc,marking  ] GC(21) Concurrent Cleanup for Next Mark 0.215ms
[2026-03-26T14:01:15.767+0900][4.342s][info][gc          ] GC(21) Concurrent Mark Cycle 1.695ms
[2026-03-26T14:01:15.923+0900][4.498s][info][gc,start    ] GC(22) Pause Young (Concurrent Start) (G1 Humongous Allocation)
[2026-03-26T14:01:15.923+0900][4.499s][info][gc,task     ] GC(22) Using 6 workers of 13 for evacuation
[2026-03-26T14:01:15.924+0900][4.500s][info][gc,phases   ] GC(22)   Pre Evacuate Collection Set: 0.1ms
[2026-03-26T14:01:15.924+0900][4.500s][info][gc,phases   ] GC(22)   Merge Heap Roots: 0.0ms
[2026-03-26T14:01:15.924+0900][4.500s][info][gc,phases   ] GC(22)   Evacuate Collection Set: 0.7ms
[2026-03-26T14:01:15.924+0900][4.500s][info][gc,phases   ] GC(22)   Post Evacuate Collection Set: 0.2ms
[2026-03-26T14:01:15.924+0900][4.500s][info][gc,phases   ] GC(22)   Other: 0.1ms
[2026-03-26T14:01:15.924+0900][4.500s][info][gc,heap     ] GC(22) Eden regions: 50->0(89)
[2026-03-26T14:01:15.924+0900][4.500s][info][gc,heap     ] GC(22) Survivor regions: 1->1(12)
[2026-03-26T14:01:15.924+0900][4.500s][info][gc,heap     ] GC(22) Old regions: 0->1
[2026-03-26T14:01:15.924+0900][4.500s][info][gc,heap     ] GC(22) Humongous regions: 156->156
[2026-03-26T14:01:15.924+0900][4.500s][info][gc,metaspace] GC(22) Metaspace: 309K(512K)->309K(512K) NonClass: 292K(384K)->292K(384K) Class: 17K(128K)->17K(128K)
[2026-03-26T14:01:15.924+0900][4.500s][info][gc          ] GC(22) Pause Young (Concurrent Start) (G1 Humongous Allocation) 206M->156M(262M) 1.335ms
[2026-03-26T14:01:15.924+0900][4.500s][info][gc,cpu      ] GC(22) User=0.00s Sys=0.00s Real=0.00s
[2026-03-26T14:01:15.924+0900][4.500s][info][gc          ] GC(23) Concurrent Mark Cycle
[2026-03-26T14:01:15.924+0900][4.500s][info][gc,marking  ] GC(23) Concurrent Scan Root Regions
[2026-03-26T14:01:15.925+0900][4.500s][info][gc,marking  ] GC(23) Concurrent Scan Root Regions 0.309ms
[2026-03-26T14:01:15.925+0900][4.500s][info][gc,marking  ] GC(23) Concurrent Mark
[2026-03-26T14:01:15.925+0900][4.500s][info][gc,marking  ] GC(23) Concurrent Mark From Roots
[2026-03-26T14:01:15.925+0900][4.500s][info][gc,task     ] GC(23) Using 3 workers of 3 for marking
[2026-03-26T14:01:15.925+0900][4.500s][info][gc,marking  ] GC(23) Concurrent Mark From Roots 0.133ms
[2026-03-26T14:01:15.925+0900][4.500s][info][gc,marking  ] GC(23) Concurrent Preclean
[2026-03-26T14:01:15.925+0900][4.500s][info][gc,marking  ] GC(23) Concurrent Preclean 0.014ms
[2026-03-26T14:01:15.925+0900][4.501s][info][gc,start    ] GC(23) Pause Remark
[2026-03-26T14:01:15.925+0900][4.501s][info][gc          ] GC(23) Pause Remark 162M->162M(274M) 0.424ms
[2026-03-26T14:01:15.925+0900][4.501s][info][gc,cpu      ] GC(23) User=0.00s Sys=0.00s Real=0.00s
[2026-03-26T14:01:15.925+0900][4.501s][info][gc,marking  ] GC(23) Concurrent Mark 0.977ms
[2026-03-26T14:01:15.925+0900][4.501s][info][gc,marking  ] GC(23) Concurrent Rebuild Remembered Sets and Scrub Regions
[2026-03-26T14:01:15.925+0900][4.502s][info][gc,marking  ] GC(23) Concurrent Rebuild Remembered Sets and Scrub Regions 0.310ms
[2026-03-26T14:01:15.925+0900][4.502s][info][gc,start    ] GC(23) Pause Cleanup
[2026-03-26T14:01:15.925+0900][4.502s][info][gc          ] GC(23) Pause Cleanup 162M->162M(274M) 0.057ms
[2026-03-26T14:01:15.925+0900][4.502s][info][gc,cpu      ] GC(23) User=0.00s Sys=0.00s Real=0.00s
[2026-03-26T14:01:15.925+0900][4.502s][info][gc,marking  ] GC(23) Concurrent Clear Claimed Marks
[2026-03-26T14:01:15.925+0900][4.502s][info][gc,marking  ] GC(23) Concurrent Clear Claimed Marks 0.013ms
[2026-03-26T14:01:15.925+0900][4.502s][info][gc,marking  ] GC(23) Concurrent Cleanup for Next Mark
[2026-03-26T14:01:15.927+0900][4.502s][info][gc,marking  ] GC(23) Concurrent Cleanup for Next Mark 0.319ms
[2026-03-26T14:01:15.927+0900][4.502s][info][gc          ] GC(23) Concurrent Mark Cycle 2.222ms
[2026-03-26T14:01:16.082+0900][4.658s][info][gc,start    ] GC(24) Pause Young (Concurrent Start) (G1 Humongous Allocation)
[2026-03-26T14:01:16.082+0900][4.659s][info][gc,task     ] GC(24) Using 6 workers of 13 for evacuation
[2026-03-26T14:01:16.082+0900][4.661s][info][gc,phases   ] GC(24)   Pre Evacuate Collection Set: 0.3ms
[2026-03-26T14:01:16.082+0900][4.661s][info][gc,phases   ] GC(24)   Merge Heap Roots: 0.1ms
[2026-03-26T14:01:16.082+0900][4.661s][info][gc,phases   ] GC(24)   Evacuate Collection Set: 0.7ms
[2026-03-26T14:01:16.082+0900][4.661s][info][gc,phases   ] GC(24)   Post Evacuate Collection Set: 0.5ms
[2026-03-26T14:01:16.082+0900][4.661s][info][gc,phases   ] GC(24)   Other: 0.2ms
[2026-03-26T14:01:16.082+0900][4.661s][info][gc,heap     ] GC(24) Eden regions: 50->0(94)
[2026-03-26T14:01:16.082+0900][4.661s][info][gc,heap     ] GC(24) Survivor regions: 1->1(12)
[2026-03-26T14:01:16.082+0900][4.661s][info][gc,heap     ] GC(24) Old regions: 1->1
[2026-03-26T14:01:16.082+0900][4.661s][info][gc,heap     ] GC(24) Humongous regions: 162->162
[2026-03-26T14:01:16.082+0900][4.661s][info][gc,metaspace] GC(24) Metaspace: 309K(512K)->309K(512K) NonClass: 292K(384K)->292K(384K) Class: 17K(128K)->17K(128K)
[2026-03-26T14:01:16.082+0900][4.661s][info][gc          ] GC(24) Pause Young (Concurrent Start) (G1 Humongous Allocation) 212M->162M(274M) 2.496ms
[2026-03-26T14:01:16.082+0900][4.661s][info][gc,cpu      ] GC(24) User=0.00s Sys=0.00s Real=0.00s
[2026-03-26T14:01:16.082+0900][4.661s][info][gc          ] GC(25) Concurrent Mark Cycle
[2026-03-26T14:01:16.082+0900][4.661s][info][gc,marking  ] GC(25) Concurrent Scan Root Regions
[2026-03-26T14:01:16.082+0900][4.661s][info][gc,marking  ] GC(25) Concurrent Scan Root Regions 0.286ms
[2026-03-26T14:01:16.082+0900][4.662s][info][gc,marking  ] GC(25) Concurrent Mark
[2026-03-26T14:01:16.082+0900][4.662s][info][gc,marking  ] GC(25) Concurrent Mark From Roots
[2026-03-26T14:01:16.082+0900][4.662s][info][gc,task     ] GC(25) Using 3 workers of 3 for marking
[2026-03-26T14:01:16.088+0900][4.663s][info][gc,marking  ] GC(25) Concurrent Mark From Roots 1.794ms
[2026-03-26T14:01:16.088+0900][4.663s][info][gc,marking  ] GC(25) Concurrent Preclean
[2026-03-26T14:01:16.088+0900][4.663s][info][gc,marking  ] GC(25) Concurrent Preclean 0.031ms
[2026-03-26T14:01:16.088+0900][4.664s][info][gc,start    ] GC(25) Pause Remark
[2026-03-26T14:01:16.088+0900][4.664s][info][gc          ] GC(25) Pause Remark 168M->168M(284M) 0.897ms
[2026-03-26T14:01:16.088+0900][4.664s][info][gc,cpu      ] GC(25) User=0.00s Sys=0.00s Real=0.00s
[2026-03-26T14:01:16.088+0900][4.665s][info][gc,marking  ] GC(25) Concurrent Mark 3.044ms
[2026-03-26T14:01:16.088+0900][4.665s][info][gc,marking  ] GC(25) Concurrent Rebuild Remembered Sets and Scrub Regions
[2026-03-26T14:01:16.088+0900][4.665s][info][gc,marking  ] GC(25) Concurrent Rebuild Remembered Sets and Scrub Regions 0.595ms
[2026-03-26T14:01:16.088+0900][4.665s][info][gc,start    ] GC(25) Pause Cleanup
[2026-03-26T14:01:16.088+0900][4.665s][info][gc          ] GC(25) Pause Cleanup 168M->168M(284M) 0.145ms
[2026-03-26T14:01:16.088+0900][4.665s][info][gc,cpu      ] GC(25) User=0.00s Sys=0.00s Real=0.00s
[2026-03-26T14:01:16.088+0900][4.665s][info][gc,marking  ] GC(25) Concurrent Clear Claimed Marks
[2026-03-26T14:01:16.088+0900][4.666s][info][gc,marking  ] GC(25) Concurrent Clear Claimed Marks 0.041ms
[2026-03-26T14:01:16.088+0900][4.666s][info][gc,marking  ] GC(25) Concurrent Cleanup for Next Mark
[2026-03-26T14:01:16.088+0900][4.666s][info][gc,marking  ] GC(25) Concurrent Cleanup for Next Mark 0.319ms
[2026-03-26T14:01:16.088+0900][4.666s][info][gc          ] GC(25) Concurrent Mark Cycle 4.868ms
[2026-03-26T14:01:16.247+0900][4.823s][info][gc,start    ] GC(26) Pause Young (Concurrent Start) (G1 Humongous Allocation)
[2026-03-26T14:01:16.247+0900][4.824s][info][gc,task     ] GC(26) Using 6 workers of 13 for evacuation
[2026-03-26T14:01:16.247+0900][4.826s][info][gc,phases   ] GC(26)   Pre Evacuate Collection Set: 0.4ms
[2026-03-26T14:01:16.247+0900][4.826s][info][gc,phases   ] GC(26)   Merge Heap Roots: 0.2ms
[2026-03-26T14:01:16.247+0900][4.826s][info][gc,phases   ] GC(26)   Evacuate Collection Set: 0.6ms
[2026-03-26T14:01:16.247+0900][4.826s][info][gc,phases   ] GC(26)   Post Evacuate Collection Set: 0.8ms
[2026-03-26T14:01:16.247+0900][4.826s][info][gc,phases   ] GC(26)   Other: 0.2ms
[2026-03-26T14:01:16.247+0900][4.826s][info][gc,heap     ] GC(26) Eden regions: 50->0(98)
[2026-03-26T14:01:16.247+0900][4.826s][info][gc,heap     ] GC(26) Survivor regions: 1->1(12)
[2026-03-26T14:01:16.247+0900][4.826s][info][gc,heap     ] GC(26) Old regions: 1->1
[2026-03-26T14:01:16.247+0900][4.826s][info][gc,heap     ] GC(26) Humongous regions: 168->168
[2026-03-26T14:01:16.247+0900][4.826s][info][gc,metaspace] GC(26) Metaspace: 309K(512K)->309K(512K) NonClass: 292K(384K)->292K(384K) Class: 17K(128K)->17K(128K)
[2026-03-26T14:01:16.247+0900][4.826s][info][gc          ] GC(26) Pause Young (Concurrent Start) (G1 Humongous Allocation) 218M->168M(284M) 2.747ms
[2026-03-26T14:01:16.247+0900][4.826s][info][gc,cpu      ] GC(26) User=0.00s Sys=0.00s Real=0.00s
[2026-03-26T14:01:16.247+0900][4.826s][info][gc          ] GC(27) Concurrent Mark Cycle
[2026-03-26T14:01:16.247+0900][4.827s][info][gc,marking  ] GC(27) Concurrent Scan Root Regions
[2026-03-26T14:01:16.247+0900][4.827s][info][gc,marking  ] GC(27) Concurrent Scan Root Regions 0.235ms
[2026-03-26T14:01:16.247+0900][4.827s][info][gc,marking  ] GC(27) Concurrent Mark
[2026-03-26T14:01:16.247+0900][4.827s][info][gc,marking  ] GC(27) Concurrent Mark From Roots
[2026-03-26T14:01:16.247+0900][4.827s][info][gc,task     ] GC(27) Using 3 workers of 3 for marking
[2026-03-26T14:01:16.252+0900][4.828s][info][gc,marking  ] GC(27) Concurrent Mark From Roots 1.246ms
[2026-03-26T14:01:16.252+0900][4.828s][info][gc,marking  ] GC(27) Concurrent Preclean
[2026-03-26T14:01:16.252+0900][4.828s][info][gc,marking  ] GC(27) Concurrent Preclean 0.027ms
[2026-03-26T14:01:16.252+0900][4.828s][info][gc,start    ] GC(27) Pause Remark
[2026-03-26T14:01:16.252+0900][4.830s][info][gc          ] GC(27) Pause Remark 174M->174M(294M) 1.337ms
[2026-03-26T14:01:16.252+0900][4.830s][info][gc,cpu      ] GC(27) User=0.00s Sys=0.00s Real=0.00s
[2026-03-26T14:01:16.252+0900][4.830s][info][gc,marking  ] GC(27) Concurrent Mark 3.421ms
[2026-03-26T14:01:16.252+0900][4.830s][info][gc,marking  ] GC(27) Concurrent Rebuild Remembered Sets and Scrub Regions
[2026-03-26T14:01:16.252+0900][4.831s][info][gc,marking  ] GC(27) Concurrent Rebuild Remembered Sets and Scrub Regions 0.700ms
[2026-03-26T14:01:16.252+0900][4.831s][info][gc,start    ] GC(27) Pause Cleanup
[2026-03-26T14:01:16.252+0900][4.831s][info][gc          ] GC(27) Pause Cleanup 174M->174M(294M) 0.319ms
[2026-03-26T14:01:16.252+0900][4.832s][info][gc,cpu      ] GC(27) User=0.00s Sys=0.00s Real=0.00s
[2026-03-26T14:01:16.252+0900][4.832s][info][gc,marking  ] GC(27) Concurrent Clear Claimed Marks
[2026-03-26T14:01:16.252+0900][4.832s][info][gc,marking  ] GC(27) Concurrent Clear Claimed Marks 0.090ms
[2026-03-26T14:01:16.252+0900][4.832s][info][gc,marking  ] GC(27) Concurrent Cleanup for Next Mark
[2026-03-26T14:01:16.252+0900][4.832s][info][gc,marking  ] GC(27) Concurrent Cleanup for Next Mark 0.447ms
[2026-03-26T14:01:16.252+0900][4.832s][info][gc          ] GC(27) Concurrent Mark Cycle 5.951ms
[2026-03-26T14:01:16.416+0900][4.991s][info][gc,start    ] GC(28) Pause Young (Concurrent Start) (G1 Humongous Allocation)
[2026-03-26T14:01:16.416+0900][4.991s][info][gc,task     ] GC(28) Using 7 workers of 13 for evacuation
[2026-03-26T14:01:16.418+0900][4.994s][info][gc,phases   ] GC(28)   Pre Evacuate Collection Set: 0.1ms
[2026-03-26T14:01:16.418+0900][4.994s][info][gc,phases   ] GC(28)   Merge Heap Roots: 0.0ms
[2026-03-26T14:01:16.418+0900][4.994s][info][gc,phases   ] GC(28)   Evacuate Collection Set: 1.9ms
[2026-03-26T14:01:16.418+0900][4.994s][info][gc,phases   ] GC(28)   Post Evacuate Collection Set: 0.5ms
[2026-03-26T14:01:16.418+0900][4.994s][info][gc,phases   ] GC(28)   Other: 0.2ms
[2026-03-26T14:01:16.418+0900][4.994s][info][gc,heap     ] GC(28) Eden regions: 50->0(101)
[2026-03-26T14:01:16.418+0900][4.994s][info][gc,heap     ] GC(28) Survivor regions: 1->1(13)
[2026-03-26T14:01:16.418+0900][4.994s][info][gc,heap     ] GC(28) Old regions: 1->1
[2026-03-26T14:01:16.418+0900][4.994s][info][gc,heap     ] GC(28) Humongous regions: 174->174
[2026-03-26T14:01:16.418+0900][4.994s][info][gc,metaspace] GC(28) Metaspace: 309K(512K)->309K(512K) NonClass: 292K(384K)->292K(384K) Class: 17K(128K)->17K(128K)
[2026-03-26T14:01:16.418+0900][4.994s][info][gc          ] GC(28) Pause Young (Concurrent Start) (G1 Humongous Allocation) 224M->174M(294M) 3.157ms
[2026-03-26T14:01:16.418+0900][4.994s][info][gc,cpu      ] GC(28) User=0.00s Sys=0.00s Real=0.00s
[2026-03-26T14:01:16.418+0900][4.994s][info][gc          ] GC(29) Concurrent Mark Cycle
[2026-03-26T14:01:16.418+0900][4.994s][info][gc,marking  ] GC(29) Concurrent Scan Root Regions
[2026-03-26T14:01:16.419+0900][4.994s][info][gc,marking  ] GC(29) Concurrent Scan Root Regions 0.187ms
[2026-03-26T14:01:16.419+0900][4.994s][info][gc,marking  ] GC(29) Concurrent Mark
[2026-03-26T14:01:16.419+0900][4.994s][info][gc,marking  ] GC(29) Concurrent Mark From Roots
[2026-03-26T14:01:16.419+0900][4.994s][info][gc,task     ] GC(29) Using 3 workers of 3 for marking
[2026-03-26T14:01:16.419+0900][4.995s][info][gc,marking  ] GC(29) Concurrent Mark From Roots 0.906ms
[2026-03-26T14:01:16.419+0900][4.995s][info][gc,marking  ] GC(29) Concurrent Preclean
[2026-03-26T14:01:16.419+0900][4.995s][info][gc,marking  ] GC(29) Concurrent Preclean 0.018ms
[2026-03-26T14:01:16.419+0900][4.995s][info][gc,start    ] GC(29) Pause Remark
[2026-03-26T14:01:16.419+0900][4.996s][info][gc          ] GC(29) Pause Remark 181M->181M(305M) 0.516ms
[2026-03-26T14:01:16.419+0900][4.996s][info][gc,cpu      ] GC(29) User=0.00s Sys=0.00s Real=0.00s
[2026-03-26T14:01:16.419+0900][4.996s][info][gc,marking  ] GC(29) Concurrent Mark 1.858ms
[2026-03-26T14:01:16.419+0900][4.996s][info][gc,marking  ] GC(29) Concurrent Rebuild Remembered Sets and Scrub Regions
[2026-03-26T14:01:16.421+0900][4.997s][info][gc,marking  ] GC(29) Concurrent Rebuild Remembered Sets and Scrub Regions 0.549ms
[2026-03-26T14:01:16.421+0900][4.997s][info][gc,start    ] GC(29) Pause Cleanup
[2026-03-26T14:01:16.421+0900][4.997s][info][gc          ] GC(29) Pause Cleanup 181M->181M(305M) 0.262ms
[2026-03-26T14:01:16.421+0900][4.997s][info][gc,cpu      ] GC(29) User=0.00s Sys=0.00s Real=0.00s
[2026-03-26T14:01:16.421+0900][4.997s][info][gc,marking  ] GC(29) Concurrent Clear Claimed Marks
[2026-03-26T14:01:16.421+0900][4.997s][info][gc,marking  ] GC(29) Concurrent Clear Claimed Marks 0.067ms
[2026-03-26T14:01:16.421+0900][4.997s][info][gc,marking  ] GC(29) Concurrent Cleanup for Next Mark
[2026-03-26T14:01:16.421+0900][4.998s][info][gc,marking  ] GC(29) Concurrent Cleanup for Next Mark 0.292ms
[2026-03-26T14:01:16.421+0900][4.998s][info][gc          ] GC(29) Concurrent Mark Cycle 3.568ms
[2026-03-26T14:01:16.595+0900][5.172s][info][gc,start    ] GC(30) Pause Young (Concurrent Start) (G1 Humongous Allocation)
[2026-03-26T14:01:16.595+0900][5.172s][info][gc,task     ] GC(30) Using 7 workers of 13 for evacuation
[2026-03-26T14:01:16.595+0900][5.172s][info][gc,phases   ] GC(30)   Pre Evacuate Collection Set: 0.1ms
[2026-03-26T14:01:16.595+0900][5.172s][info][gc,phases   ] GC(30)   Merge Heap Roots: 0.0ms
[2026-03-26T14:01:16.595+0900][5.173s][info][gc,phases   ] GC(30)   Evacuate Collection Set: 0.3ms
[2026-03-26T14:01:16.595+0900][5.173s][info][gc,phases   ] GC(30)   Post Evacuate Collection Set: 0.2ms
[2026-03-26T14:01:16.595+0900][5.173s][info][gc,phases   ] GC(30)   Other: 0.1ms
[2026-03-26T14:01:16.595+0900][5.173s][info][gc,heap     ] GC(30) Eden regions: 50->0(106)
[2026-03-26T14:01:16.595+0900][5.173s][info][gc,heap     ] GC(30) Survivor regions: 1->1(13)
[2026-03-26T14:01:16.595+0900][5.173s][info][gc,heap     ] GC(30) Old regions: 1->1
[2026-03-26T14:01:16.595+0900][5.173s][info][gc,heap     ] GC(30) Humongous regions: 180->180
[2026-03-26T14:01:16.595+0900][5.173s][info][gc,metaspace] GC(30) Metaspace: 309K(512K)->309K(512K) NonClass: 292K(384K)->292K(384K) Class: 17K(128K)->17K(128K)
[2026-03-26T14:01:16.595+0900][5.173s][info][gc          ] GC(30) Pause Young (Concurrent Start) (G1 Humongous Allocation) 230M->180M(305M) 0.976ms
[2026-03-26T14:01:16.595+0900][5.173s][info][gc,cpu      ] GC(30) User=0.00s Sys=0.00s Real=0.00s
[2026-03-26T14:01:16.595+0900][5.173s][info][gc          ] GC(31) Concurrent Mark Cycle
[2026-03-26T14:01:16.595+0900][5.173s][info][gc,marking  ] GC(31) Concurrent Scan Root Regions
[2026-03-26T14:01:16.595+0900][5.173s][info][gc,marking  ] GC(31) Concurrent Scan Root Regions 0.115ms
[2026-03-26T14:01:16.595+0900][5.173s][info][gc,marking  ] GC(31) Concurrent Mark
[2026-03-26T14:01:16.595+0900][5.173s][info][gc,marking  ] GC(31) Concurrent Mark From Roots
[2026-03-26T14:01:16.595+0900][5.173s][info][gc,task     ] GC(31) Using 3 workers of 3 for marking
[2026-03-26T14:01:16.595+0900][5.174s][info][gc,marking  ] GC(31) Concurrent Mark From Roots 0.691ms
[2026-03-26T14:01:16.595+0900][5.174s][info][gc,marking  ] GC(31) Concurrent Preclean
[2026-03-26T14:01:16.595+0900][5.174s][info][gc,marking  ] GC(31) Concurrent Preclean 0.014ms
[2026-03-26T14:01:16.595+0900][5.174s][info][gc,start    ] GC(31) Pause Remark
[2026-03-26T14:01:16.595+0900][5.174s][info][gc          ] GC(31) Pause Remark 186M->186M(314M) 0.588ms
[2026-03-26T14:01:16.595+0900][5.174s][info][gc,cpu      ] GC(31) User=0.00s Sys=0.00s Real=0.00s
[2026-03-26T14:01:16.595+0900][5.174s][info][gc,marking  ] GC(31) Concurrent Mark 1.479ms
[2026-03-26T14:01:16.595+0900][5.174s][info][gc,marking  ] GC(31) Concurrent Rebuild Remembered Sets and Scrub Regions
[2026-03-26T14:01:16.595+0900][5.175s][info][gc,marking  ] GC(31) Concurrent Rebuild Remembered Sets and Scrub Regions 0.419ms
[2026-03-26T14:01:16.595+0900][5.175s][info][gc,start    ] GC(31) Pause Cleanup
[2026-03-26T14:01:16.595+0900][5.175s][info][gc          ] GC(31) Pause Cleanup 186M->186M(314M) 0.100ms
[2026-03-26T14:01:16.595+0900][5.175s][info][gc,cpu      ] GC(31) User=0.00s Sys=0.00s Real=0.00s
[2026-03-26T14:01:16.595+0900][5.175s][info][gc,marking  ] GC(31) Concurrent Clear Claimed Marks
[2026-03-26T14:01:16.595+0900][5.175s][info][gc,marking  ] GC(31) Concurrent Clear Claimed Marks 0.045ms
[2026-03-26T14:01:16.595+0900][5.175s][info][gc,marking  ] GC(31) Concurrent Cleanup for Next Mark
[2026-03-26T14:01:16.595+0900][5.175s][info][gc,marking  ] GC(31) Concurrent Cleanup for Next Mark 0.299ms
[2026-03-26T14:01:16.595+0900][5.175s][info][gc          ] GC(31) Concurrent Mark Cycle 2.740ms
[2026-03-26T14:01:16.781+0900][5.357s][info][gc,start    ] GC(32) Pause Young (Concurrent Start) (G1 Humongous Allocation)
[2026-03-26T14:01:16.781+0900][5.357s][info][gc,task     ] GC(32) Using 7 workers of 13 for evacuation
[2026-03-26T14:01:16.781+0900][5.358s][info][gc,phases   ] GC(32)   Pre Evacuate Collection Set: 0.2ms
[2026-03-26T14:01:16.781+0900][5.358s][info][gc,phases   ] GC(32)   Merge Heap Roots: 0.0ms
[2026-03-26T14:01:16.781+0900][5.358s][info][gc,phases   ] GC(32)   Evacuate Collection Set: 0.2ms
[2026-03-26T14:01:16.781+0900][5.358s][info][gc,phases   ] GC(32)   Post Evacuate Collection Set: 0.3ms
[2026-03-26T14:01:16.781+0900][5.358s][info][gc,phases   ] GC(32)   Other: 0.1ms
[2026-03-26T14:01:16.781+0900][5.358s][info][gc,heap     ] GC(32) Eden regions: 50->0(132)
[2026-03-26T14:01:16.781+0900][5.358s][info][gc,heap     ] GC(32) Survivor regions: 1->1(14)
[2026-03-26T14:01:16.781+0900][5.358s][info][gc,heap     ] GC(32) Old regions: 1->1
[2026-03-26T14:01:16.781+0900][5.358s][info][gc,heap     ] GC(32) Humongous regions: 186->186
[2026-03-26T14:01:16.781+0900][5.358s][info][gc,metaspace] GC(32) Metaspace: 309K(512K)->309K(512K) NonClass: 292K(384K)->292K(384K) Class: 17K(128K)->17K(128K)
[2026-03-26T14:01:16.781+0900][5.358s][info][gc          ] GC(32) Pause Young (Concurrent Start) (G1 Humongous Allocation) 236M->186M(339M) 1.046ms
[2026-03-26T14:01:16.781+0900][5.358s][info][gc,cpu      ] GC(32) User=0.00s Sys=0.00s Real=0.00s
[2026-03-26T14:01:16.781+0900][5.358s][info][gc          ] GC(33) Concurrent Mark Cycle
[2026-03-26T14:01:16.783+0900][5.359s][info][gc,marking  ] GC(33) Concurrent Scan Root Regions
[2026-03-26T14:01:16.783+0900][5.359s][info][gc,marking  ] GC(33) Concurrent Scan Root Regions 0.124ms
[2026-03-26T14:01:16.783+0900][5.359s][info][gc,marking  ] GC(33) Concurrent Mark
[2026-03-26T14:01:16.783+0900][5.359s][info][gc,marking  ] GC(33) Concurrent Mark From Roots
[2026-03-26T14:01:16.783+0900][5.359s][info][gc,task     ] GC(33) Using 3 workers of 3 for marking
[2026-03-26T14:01:16.783+0900][5.360s][info][gc,marking  ] GC(33) Concurrent Mark From Roots 0.839ms
[2026-03-26T14:01:16.783+0900][5.360s][info][gc,marking  ] GC(33) Concurrent Preclean
[2026-03-26T14:01:16.783+0900][5.360s][info][gc,marking  ] GC(33) Concurrent Preclean 0.015ms
[2026-03-26T14:01:16.783+0900][5.360s][info][gc,start    ] GC(33) Pause Remark
[2026-03-26T14:01:16.783+0900][5.360s][info][gc          ] GC(33) Pause Remark 192M->192M(339M) 0.747ms
[2026-03-26T14:01:16.783+0900][5.360s][info][gc,cpu      ] GC(33) User=0.00s Sys=0.00s Real=0.00s
[2026-03-26T14:01:16.783+0900][5.360s][info][gc,marking  ] GC(33) Concurrent Mark 1.801ms
[2026-03-26T14:01:16.785+0900][5.360s][info][gc,marking  ] GC(33) Concurrent Rebuild Remembered Sets and Scrub Regions
[2026-03-26T14:01:16.785+0900][5.361s][info][gc,marking  ] GC(33) Concurrent Rebuild Remembered Sets and Scrub Regions 0.427ms
[2026-03-26T14:01:16.785+0900][5.361s][info][gc,start    ] GC(33) Pause Cleanup
[2026-03-26T14:01:16.785+0900][5.361s][info][gc          ] GC(33) Pause Cleanup 192M->192M(339M) 0.190ms
[2026-03-26T14:01:16.785+0900][5.361s][info][gc,cpu      ] GC(33) User=0.00s Sys=0.00s Real=0.00s
[2026-03-26T14:01:16.785+0900][5.361s][info][gc,marking  ] GC(33) Concurrent Clear Claimed Marks
[2026-03-26T14:01:16.785+0900][5.361s][info][gc,marking  ] GC(33) Concurrent Clear Claimed Marks 0.026ms
[2026-03-26T14:01:16.785+0900][5.361s][info][gc,marking  ] GC(33) Concurrent Cleanup for Next Mark
[2026-03-26T14:01:16.785+0900][5.362s][info][gc,marking  ] GC(33) Concurrent Cleanup for Next Mark 0.298ms
[2026-03-26T14:01:16.785+0900][5.362s][info][gc          ] GC(33) Concurrent Mark Cycle 3.277ms
[2026-03-26T14:01:16.978+0900][5.554s][info][gc,start    ] GC(34) Pause Young (Concurrent Start) (G1 Humongous Allocation)
[2026-03-26T14:01:16.978+0900][5.554s][info][gc,task     ] GC(34) Using 8 workers of 13 for evacuation
[2026-03-26T14:01:16.978+0900][5.556s][info][gc,phases   ] GC(34)   Pre Evacuate Collection Set: 0.3ms
[2026-03-26T14:01:16.978+0900][5.556s][info][gc,phases   ] GC(34)   Merge Heap Roots: 0.1ms
[2026-03-26T14:01:16.978+0900][5.556s][info][gc,phases   ] GC(34)   Evacuate Collection Set: 0.6ms
[2026-03-26T14:01:16.978+0900][5.556s][info][gc,phases   ] GC(34)   Post Evacuate Collection Set: 0.8ms
[2026-03-26T14:01:16.978+0900][5.556s][info][gc,phases   ] GC(34)   Other: 0.5ms
[2026-03-26T14:01:16.978+0900][5.556s][info][gc,heap     ] GC(34) Eden regions: 50->0(126)
[2026-03-26T14:01:16.978+0900][5.556s][info][gc,heap     ] GC(34) Survivor regions: 1->1(17)
[2026-03-26T14:01:16.978+0900][5.556s][info][gc,heap     ] GC(34) Old regions: 1->1
[2026-03-26T14:01:16.978+0900][5.556s][info][gc,heap     ] GC(34) Humongous regions: 192->192
[2026-03-26T14:01:16.978+0900][5.556s][info][gc,metaspace] GC(34) Metaspace: 309K(512K)->309K(512K) NonClass: 292K(384K)->292K(384K) Class: 17K(128K)->17K(128K)
[2026-03-26T14:01:16.978+0900][5.557s][info][gc          ] GC(34) Pause Young (Concurrent Start) (G1 Humongous Allocation) 242M->192M(339M) 2.819ms
[2026-03-26T14:01:16.978+0900][5.557s][info][gc,cpu      ] GC(34) User=0.02s Sys=0.00s Real=0.00s
[2026-03-26T14:01:16.978+0900][5.557s][info][gc          ] GC(35) Concurrent Mark Cycle
[2026-03-26T14:01:16.978+0900][5.557s][info][gc,marking  ] GC(35) Concurrent Scan Root Regions
[2026-03-26T14:01:16.978+0900][5.557s][info][gc,marking  ] GC(35) Concurrent Scan Root Regions 0.112ms
[2026-03-26T14:01:16.978+0900][5.557s][info][gc,marking  ] GC(35) Concurrent Mark
[2026-03-26T14:01:16.978+0900][5.557s][info][gc,marking  ] GC(35) Concurrent Mark From Roots
[2026-03-26T14:01:16.978+0900][5.557s][info][gc,task     ] GC(35) Using 3 workers of 3 for marking
[2026-03-26T14:01:16.982+0900][5.559s][info][gc,marking  ] GC(35) Concurrent Mark From Roots 2.089ms
[2026-03-26T14:01:16.982+0900][5.559s][info][gc,marking  ] GC(35) Concurrent Preclean
[2026-03-26T14:01:16.982+0900][5.559s][info][gc,marking  ] GC(35) Concurrent Preclean 0.034ms
[2026-03-26T14:01:16.982+0900][5.559s][info][gc,start    ] GC(35) Pause Remark
[2026-03-26T14:01:16.984+0900][5.561s][info][gc          ] GC(35) Pause Remark 198M->198M(339M) 1.191ms
[2026-03-26T14:01:16.986+0900][5.561s][info][gc,cpu      ] GC(35) User=0.00s Sys=0.00s Real=0.00s
[2026-03-26T14:01:16.986+0900][5.561s][info][gc,marking  ] GC(35) Concurrent Mark 4.070ms
[2026-03-26T14:01:16.986+0900][5.561s][info][gc,marking  ] GC(35) Concurrent Rebuild Remembered Sets and Scrub Regions
[2026-03-26T14:01:16.986+0900][5.562s][info][gc,marking  ] GC(35) Concurrent Rebuild Remembered Sets and Scrub Regions 0.854ms
[2026-03-26T14:01:16.986+0900][5.562s][info][gc,start    ] GC(35) Pause Cleanup
[2026-03-26T14:01:16.986+0900][5.562s][info][gc          ] GC(35) Pause Cleanup 198M->198M(339M) 0.222ms
[2026-03-26T14:01:16.986+0900][5.562s][info][gc,cpu      ] GC(35) User=0.00s Sys=0.00s Real=0.00s
[2026-03-26T14:01:16.986+0900][5.563s][info][gc,marking  ] GC(35) Concurrent Clear Claimed Marks
[2026-03-26T14:01:16.986+0900][5.563s][info][gc,marking  ] GC(35) Concurrent Clear Claimed Marks 0.082ms
[2026-03-26T14:01:16.986+0900][5.563s][info][gc,marking  ] GC(35) Concurrent Cleanup for Next Mark
[2026-03-26T14:01:16.986+0900][5.563s][info][gc,marking  ] GC(35) Concurrent Cleanup for Next Mark 0.299ms
[2026-03-26T14:01:16.986+0900][5.563s][info][gc          ] GC(35) Concurrent Mark Cycle 6.285ms
[2026-03-26T14:01:17.166+0900][5.742s][info][gc,start    ] GC(36) Pause Young (Concurrent Start) (G1 Humongous Allocation)
[2026-03-26T14:01:17.166+0900][5.742s][info][gc,task     ] GC(36) Using 8 workers of 13 for evacuation
[2026-03-26T14:01:17.166+0900][5.743s][info][gc,phases   ] GC(36)   Pre Evacuate Collection Set: 0.4ms
[2026-03-26T14:01:17.166+0900][5.743s][info][gc,phases   ] GC(36)   Merge Heap Roots: 0.0ms
[2026-03-26T14:01:17.166+0900][5.743s][info][gc,phases   ] GC(36)   Evacuate Collection Set: 0.1ms
[2026-03-26T14:01:17.166+0900][5.743s][info][gc,phases   ] GC(36)   Post Evacuate Collection Set: 0.6ms
[2026-03-26T14:01:17.166+0900][5.743s][info][gc,phases   ] GC(36)   Other: 0.1ms
[2026-03-26T14:01:17.166+0900][5.743s][info][gc,heap     ] GC(36) Eden regions: 50->0(120)
[2026-03-26T14:01:17.166+0900][5.743s][info][gc,heap     ] GC(36) Survivor regions: 1->1(16)
[2026-03-26T14:01:17.166+0900][5.743s][info][gc,heap     ] GC(36) Old regions: 1->1
[2026-03-26T14:01:17.166+0900][5.743s][info][gc,heap     ] GC(36) Humongous regions: 198->198
[2026-03-26T14:01:17.166+0900][5.743s][info][gc,metaspace] GC(36) Metaspace: 309K(512K)->309K(512K) NonClass: 292K(384K)->292K(384K) Class: 17K(128K)->17K(128K)
[2026-03-26T14:01:17.166+0900][5.744s][info][gc          ] GC(36) Pause Young (Concurrent Start) (G1 Humongous Allocation) 248M->198M(339M) 1.635ms
[2026-03-26T14:01:17.166+0900][5.744s][info][gc,cpu      ] GC(36) User=0.02s Sys=0.00s Real=0.00s
[2026-03-26T14:01:17.166+0900][5.744s][info][gc          ] GC(37) Concurrent Mark Cycle
[2026-03-26T14:01:17.166+0900][5.744s][info][gc,marking  ] GC(37) Concurrent Scan Root Regions
[2026-03-26T14:01:17.166+0900][5.744s][info][gc,marking  ] GC(37) Concurrent Scan Root Regions 0.054ms
[2026-03-26T14:01:17.166+0900][5.744s][info][gc,marking  ] GC(37) Concurrent Mark
[2026-03-26T14:01:17.166+0900][5.744s][info][gc,marking  ] GC(37) Concurrent Mark From Roots
[2026-03-26T14:01:17.166+0900][5.744s][info][gc,task     ] GC(37) Using 3 workers of 3 for marking
[2026-03-26T14:01:17.166+0900][5.745s][info][gc,marking  ] GC(37) Concurrent Mark From Roots 0.828ms
[2026-03-26T14:01:17.166+0900][5.745s][info][gc,marking  ] GC(37) Concurrent Preclean
[2026-03-26T14:01:17.166+0900][5.745s][info][gc,marking  ] GC(37) Concurrent Preclean 0.015ms
[2026-03-26T14:01:17.166+0900][5.745s][info][gc,start    ] GC(37) Pause Remark
[2026-03-26T14:01:17.166+0900][5.746s][info][gc          ] GC(37) Pause Remark 205M->205M(345M) 0.886ms
[2026-03-26T14:01:17.166+0900][5.746s][info][gc,cpu      ] GC(37) User=0.00s Sys=0.00s Real=0.00s
[2026-03-26T14:01:17.166+0900][5.746s][info][gc,marking  ] GC(37) Concurrent Mark 1.968ms
[2026-03-26T14:01:17.166+0900][5.746s][info][gc,marking  ] GC(37) Concurrent Rebuild Remembered Sets and Scrub Regions
[2026-03-26T14:01:17.166+0900][5.746s][info][gc,marking  ] GC(37) Concurrent Rebuild Remembered Sets and Scrub Regions 0.490ms
[2026-03-26T14:01:17.166+0900][5.746s][info][gc,start    ] GC(37) Pause Cleanup
[2026-03-26T14:01:17.166+0900][5.747s][info][gc          ] GC(37) Pause Cleanup 205M->205M(345M) 0.335ms
[2026-03-26T14:01:17.166+0900][5.747s][info][gc,cpu      ] GC(37) User=0.00s Sys=0.00s Real=0.00s
[2026-03-26T14:01:17.166+0900][5.747s][info][gc,marking  ] GC(37) Concurrent Clear Claimed Marks
[2026-03-26T14:01:17.166+0900][5.747s][info][gc,marking  ] GC(37) Concurrent Clear Claimed Marks 0.014ms
[2026-03-26T14:01:17.166+0900][5.747s][info][gc,marking  ] GC(37) Concurrent Cleanup for Next Mark
[2026-03-26T14:01:17.166+0900][5.747s][info][gc,marking  ] GC(37) Concurrent Cleanup for Next Mark 0.229ms
[2026-03-26T14:01:17.166+0900][5.747s][info][gc          ] GC(37) Concurrent Mark Cycle 3.452ms
[2026-03-26T14:01:17.327+0900][5.903s][info][gc,start    ] GC(38) Pause Young (Concurrent Start) (G1 Humongous Allocation)
[2026-03-26T14:01:17.327+0900][5.903s][info][gc,task     ] GC(38) Using 8 workers of 13 for evacuation
[2026-03-26T14:01:17.327+0900][5.904s][info][gc,phases   ] GC(38)   Pre Evacuate Collection Set: 0.2ms
[2026-03-26T14:01:17.327+0900][5.904s][info][gc,phases   ] GC(38)   Merge Heap Roots: 0.0ms
[2026-03-26T14:01:17.327+0900][5.904s][info][gc,phases   ] GC(38)   Evacuate Collection Set: 0.3ms
[2026-03-26T14:01:17.327+0900][5.904s][info][gc,phases   ] GC(38)   Post Evacuate Collection Set: 0.2ms
[2026-03-26T14:01:17.327+0900][5.904s][info][gc,phases   ] GC(38)   Other: 0.1ms
[2026-03-26T14:01:17.327+0900][5.904s][info][gc,heap     ] GC(38) Eden regions: 50->0(120)
[2026-03-26T14:01:17.327+0900][5.904s][info][gc,heap     ] GC(38) Survivor regions: 1->1(16)
[2026-03-26T14:01:17.327+0900][5.904s][info][gc,heap     ] GC(38) Old regions: 1->1
[2026-03-26T14:01:17.327+0900][5.904s][info][gc,heap     ] GC(38) Humongous regions: 204->204
[2026-03-26T14:01:17.327+0900][5.904s][info][gc,metaspace] GC(38) Metaspace: 309K(512K)->309K(512K) NonClass: 292K(384K)->292K(384K) Class: 17K(128K)->17K(128K)
[2026-03-26T14:01:17.327+0900][5.904s][info][gc          ] GC(38) Pause Young (Concurrent Start) (G1 Humongous Allocation) 254M->204M(345M) 1.262ms
[2026-03-26T14:01:17.329+0900][5.904s][info][gc,cpu      ] GC(38) User=0.00s Sys=0.00s Real=0.00s
[2026-03-26T14:01:17.329+0900][5.904s][info][gc          ] GC(39) Concurrent Mark Cycle
[2026-03-26T14:01:17.329+0900][5.904s][info][gc,marking  ] GC(39) Concurrent Scan Root Regions
[2026-03-26T14:01:17.329+0900][5.904s][info][gc,marking  ] GC(39) Concurrent Scan Root Regions 0.052ms
[2026-03-26T14:01:17.329+0900][5.904s][info][gc,marking  ] GC(39) Concurrent Mark
[2026-03-26T14:01:17.329+0900][5.904s][info][gc,marking  ] GC(39) Concurrent Mark From Roots
[2026-03-26T14:01:17.329+0900][5.904s][info][gc,task     ] GC(39) Using 3 workers of 3 for marking
[2026-03-26T14:01:17.329+0900][5.906s][info][gc,marking  ] GC(39) Concurrent Mark From Roots 1.432ms
[2026-03-26T14:01:17.329+0900][5.906s][info][gc,marking  ] GC(39) Concurrent Preclean
[2026-03-26T14:01:17.329+0900][5.906s][info][gc,marking  ] GC(39) Concurrent Preclean 0.023ms
[2026-03-26T14:01:17.329+0900][5.906s][info][gc,start    ] GC(39) Pause Remark
[2026-03-26T14:01:17.331+0900][5.907s][info][gc          ] GC(39) Pause Remark 210M->210M(354M) 0.755ms
[2026-03-26T14:01:17.331+0900][5.907s][info][gc,cpu      ] GC(39) User=0.00s Sys=0.00s Real=0.00s
[2026-03-26T14:01:17.331+0900][5.907s][info][gc,marking  ] GC(39) Concurrent Mark 2.430ms
[2026-03-26T14:01:17.331+0900][5.907s][info][gc,marking  ] GC(39) Concurrent Rebuild Remembered Sets and Scrub Regions
[2026-03-26T14:01:17.331+0900][5.907s][info][gc,marking  ] GC(39) Concurrent Rebuild Remembered Sets and Scrub Regions 0.678ms
[2026-03-26T14:01:17.331+0900][5.907s][info][gc,start    ] GC(39) Pause Cleanup
[2026-03-26T14:01:17.331+0900][5.908s][info][gc          ] GC(39) Pause Cleanup 210M->210M(354M) 0.101ms
[2026-03-26T14:01:17.331+0900][5.908s][info][gc,cpu      ] GC(39) User=0.00s Sys=0.00s Real=0.00s
[2026-03-26T14:01:17.331+0900][5.908s][info][gc,marking  ] GC(39) Concurrent Clear Claimed Marks
[2026-03-26T14:01:17.331+0900][5.908s][info][gc,marking  ] GC(39) Concurrent Clear Claimed Marks 0.024ms
[2026-03-26T14:01:17.331+0900][5.908s][info][gc,marking  ] GC(39) Concurrent Cleanup for Next Mark
[2026-03-26T14:01:17.333+0900][5.908s][info][gc,marking  ] GC(39) Concurrent Cleanup for Next Mark 0.689ms
[2026-03-26T14:01:17.333+0900][5.908s][info][gc          ] GC(39) Concurrent Mark Cycle 4.345ms
[2026-03-26T14:01:17.486+0900][6.062s][info][gc,start    ] GC(40) Pause Young (Concurrent Start) (G1 Humongous Allocation)
[2026-03-26T14:01:17.486+0900][6.062s][info][gc,task     ] GC(40) Using 8 workers of 13 for evacuation
[2026-03-26T14:01:17.486+0900][6.063s][info][gc,phases   ] GC(40)   Pre Evacuate Collection Set: 0.2ms
[2026-03-26T14:01:17.486+0900][6.063s][info][gc,phases   ] GC(40)   Merge Heap Roots: 0.0ms
[2026-03-26T14:01:17.486+0900][6.063s][info][gc,phases   ] GC(40)   Evacuate Collection Set: 0.1ms
[2026-03-26T14:01:17.486+0900][6.063s][info][gc,phases   ] GC(40)   Post Evacuate Collection Set: 0.1ms
[2026-03-26T14:01:17.486+0900][6.063s][info][gc,phases   ] GC(40)   Other: 0.2ms
[2026-03-26T14:01:17.486+0900][6.063s][info][gc,heap     ] GC(40) Eden regions: 50->0(122)
[2026-03-26T14:01:17.486+0900][6.063s][info][gc,heap     ] GC(40) Survivor regions: 1->1(16)
[2026-03-26T14:01:17.486+0900][6.063s][info][gc,heap     ] GC(40) Old regions: 1->1
[2026-03-26T14:01:17.486+0900][6.063s][info][gc,heap     ] GC(40) Humongous regions: 210->210
[2026-03-26T14:01:17.486+0900][6.063s][info][gc,metaspace] GC(40) Metaspace: 309K(512K)->309K(512K) NonClass: 292K(384K)->292K(384K) Class: 17K(128K)->17K(128K)
[2026-03-26T14:01:17.486+0900][6.063s][info][gc          ] GC(40) Pause Young (Concurrent Start) (G1 Humongous Allocation) 260M->210M(354M) 1.143ms
[2026-03-26T14:01:17.486+0900][6.063s][info][gc,cpu      ] GC(40) User=0.00s Sys=0.00s Real=0.00s
[2026-03-26T14:01:17.486+0900][6.063s][info][gc          ] GC(41) Concurrent Mark Cycle
[2026-03-26T14:01:17.486+0900][6.063s][info][gc,marking  ] GC(41) Concurrent Scan Root Regions
[2026-03-26T14:01:17.486+0900][6.063s][info][gc,marking  ] GC(41) Concurrent Scan Root Regions 0.036ms
[2026-03-26T14:01:17.486+0900][6.063s][info][gc,marking  ] GC(41) Concurrent Mark
[2026-03-26T14:01:17.486+0900][6.063s][info][gc,marking  ] GC(41) Concurrent Mark From Roots
[2026-03-26T14:01:17.486+0900][6.063s][info][gc,task     ] GC(41) Using 3 workers of 3 for marking
[2026-03-26T14:01:17.486+0900][6.064s][info][gc,marking  ] GC(41) Concurrent Mark From Roots 0.920ms
[2026-03-26T14:01:17.486+0900][6.064s][info][gc,marking  ] GC(41) Concurrent Preclean
[2026-03-26T14:01:17.486+0900][6.064s][info][gc,marking  ] GC(41) Concurrent Preclean 0.017ms
[2026-03-26T14:01:17.486+0900][6.064s][info][gc,start    ] GC(41) Pause Remark
[2026-03-26T14:01:17.486+0900][6.065s][info][gc          ] GC(41) Pause Remark 216M->216M(364M) 0.650ms
[2026-03-26T14:01:17.486+0900][6.065s][info][gc,cpu      ] GC(41) User=0.00s Sys=0.00s Real=0.00s
[2026-03-26T14:01:17.486+0900][6.065s][info][gc,marking  ] GC(41) Concurrent Mark 1.795ms
[2026-03-26T14:01:17.486+0900][6.065s][info][gc,marking  ] GC(41) Concurrent Rebuild Remembered Sets and Scrub Regions
[2026-03-26T14:01:17.486+0900][6.066s][info][gc,marking  ] GC(41) Concurrent Rebuild Remembered Sets and Scrub Regions 0.393ms
[2026-03-26T14:01:17.486+0900][6.066s][info][gc,start    ] GC(41) Pause Cleanup
[2026-03-26T14:01:17.491+0900][6.066s][info][gc          ] GC(41) Pause Cleanup 216M->216M(364M) 0.125ms
[2026-03-26T14:01:17.491+0900][6.066s][info][gc,cpu      ] GC(41) User=0.00s Sys=0.00s Real=0.00s
[2026-03-26T14:01:17.491+0900][6.066s][info][gc,marking  ] GC(41) Concurrent Clear Claimed Marks
[2026-03-26T14:01:17.491+0900][6.066s][info][gc,marking  ] GC(41) Concurrent Clear Claimed Marks 0.047ms
[2026-03-26T14:01:17.491+0900][6.066s][info][gc,marking  ] GC(41) Concurrent Cleanup for Next Mark
[2026-03-26T14:01:17.491+0900][6.066s][info][gc,marking  ] GC(41) Concurrent Cleanup for Next Mark 0.229ms
[2026-03-26T14:01:17.491+0900][6.066s][info][gc          ] GC(41) Concurrent Mark Cycle 2.986ms
[2026-03-26T14:01:17.644+0900][6.220s][info][gc,start    ] GC(42) Pause Young (Concurrent Start) (G1 Humongous Allocation)
[2026-03-26T14:01:17.644+0900][6.220s][info][gc,task     ] GC(42) Using 8 workers of 13 for evacuation
[2026-03-26T14:01:17.644+0900][6.221s][info][gc,phases   ] GC(42)   Pre Evacuate Collection Set: 0.3ms
[2026-03-26T14:01:17.644+0900][6.221s][info][gc,phases   ] GC(42)   Merge Heap Roots: 0.1ms
[2026-03-26T14:01:17.644+0900][6.221s][info][gc,phases   ] GC(42)   Evacuate Collection Set: 0.2ms
[2026-03-26T14:01:17.644+0900][6.221s][info][gc,phases   ] GC(42)   Post Evacuate Collection Set: 0.5ms
[2026-03-26T14:01:17.644+0900][6.221s][info][gc,phases   ] GC(42)   Other: 0.1ms
[2026-03-26T14:01:17.644+0900][6.221s][info][gc,heap     ] GC(42) Eden regions: 50->0(152)
[2026-03-26T14:01:17.644+0900][6.221s][info][gc,heap     ] GC(42) Survivor regions: 1->1(16)
[2026-03-26T14:01:17.644+0900][6.221s][info][gc,heap     ] GC(42) Old regions: 1->1
[2026-03-26T14:01:17.644+0900][6.221s][info][gc,heap     ] GC(42) Humongous regions: 216->216
[2026-03-26T14:01:17.644+0900][6.221s][info][gc,metaspace] GC(42) Metaspace: 309K(512K)->309K(512K) NonClass: 292K(384K)->292K(384K) Class: 17K(128K)->17K(128K)
[2026-03-26T14:01:17.644+0900][6.221s][info][gc          ] GC(42) Pause Young (Concurrent Start) (G1 Humongous Allocation) 266M->216M(392M) 1.646ms
[2026-03-26T14:01:17.644+0900][6.221s][info][gc,cpu      ] GC(42) User=0.00s Sys=0.00s Real=0.00s
[2026-03-26T14:01:17.644+0900][6.221s][info][gc          ] GC(43) Concurrent Mark Cycle
[2026-03-26T14:01:17.644+0900][6.221s][info][gc,marking  ] GC(43) Concurrent Scan Root Regions
[2026-03-26T14:01:17.644+0900][6.221s][info][gc,marking  ] GC(43) Concurrent Scan Root Regions 0.080ms
[2026-03-26T14:01:17.644+0900][6.221s][info][gc,marking  ] GC(43) Concurrent Mark
[2026-03-26T14:01:17.644+0900][6.221s][info][gc,marking  ] GC(43) Concurrent Mark From Roots
[2026-03-26T14:01:17.644+0900][6.221s][info][gc,task     ] GC(43) Using 3 workers of 3 for marking
[2026-03-26T14:01:17.644+0900][6.223s][info][gc,marking  ] GC(43) Concurrent Mark From Roots 1.247ms
[2026-03-26T14:01:17.644+0900][6.223s][info][gc,marking  ] GC(43) Concurrent Preclean
[2026-03-26T14:01:17.644+0900][6.223s][info][gc,marking  ] GC(43) Concurrent Preclean 0.103ms
[2026-03-26T14:01:17.644+0900][6.223s][info][gc,start    ] GC(43) Pause Remark
[2026-03-26T14:01:17.644+0900][6.224s][info][gc          ] GC(43) Pause Remark 222M->222M(392M) 1.006ms
[2026-03-26T14:01:17.644+0900][6.224s][info][gc,cpu      ] GC(43) User=0.00s Sys=0.00s Real=0.00s
[2026-03-26T14:01:17.644+0900][6.224s][info][gc,marking  ] GC(43) Concurrent Mark 2.670ms
[2026-03-26T14:01:17.644+0900][6.224s][info][gc,marking  ] GC(43) Concurrent Rebuild Remembered Sets and Scrub Regions
[2026-03-26T14:01:17.649+0900][6.225s][info][gc,marking  ] GC(43) Concurrent Rebuild Remembered Sets and Scrub Regions 0.651ms
[2026-03-26T14:01:17.649+0900][6.225s][info][gc,start    ] GC(43) Pause Cleanup
[2026-03-26T14:01:17.649+0900][6.225s][info][gc          ] GC(43) Pause Cleanup 222M->222M(392M) 0.276ms
[2026-03-26T14:01:17.649+0900][6.225s][info][gc,cpu      ] GC(43) User=0.00s Sys=0.00s Real=0.00s
[2026-03-26T14:01:17.649+0900][6.225s][info][gc,marking  ] GC(43) Concurrent Clear Claimed Marks
[2026-03-26T14:01:17.649+0900][6.225s][info][gc,marking  ] GC(43) Concurrent Clear Claimed Marks 0.065ms
[2026-03-26T14:01:17.649+0900][6.226s][info][gc,marking  ] GC(43) Concurrent Cleanup for Next Mark
[2026-03-26T14:01:17.649+0900][6.226s][info][gc,marking  ] GC(43) Concurrent Cleanup for Next Mark 0.415ms
[2026-03-26T14:01:17.649+0900][6.226s][info][gc          ] GC(43) Concurrent Mark Cycle 4.749ms
[2026-03-26T14:01:17.803+0900][6.379s][info][gc,start    ] GC(44) Pause Young (Concurrent Start) (G1 Humongous Allocation)
[2026-03-26T14:01:17.803+0900][6.379s][info][gc,task     ] GC(44) Using 9 workers of 13 for evacuation
[2026-03-26T14:01:17.803+0900][6.380s][info][gc,phases   ] GC(44)   Pre Evacuate Collection Set: 0.2ms
[2026-03-26T14:01:17.803+0900][6.380s][info][gc,phases   ] GC(44)   Merge Heap Roots: 0.2ms
[2026-03-26T14:01:17.803+0900][6.380s][info][gc,phases   ] GC(44)   Evacuate Collection Set: 0.3ms
[2026-03-26T14:01:17.803+0900][6.380s][info][gc,phases   ] GC(44)   Post Evacuate Collection Set: 0.3ms
[2026-03-26T14:01:17.803+0900][6.380s][info][gc,phases   ] GC(44)   Other: 0.2ms
[2026-03-26T14:01:17.803+0900][6.380s][info][gc,heap     ] GC(44) Eden regions: 50->0(146)
[2026-03-26T14:01:17.803+0900][6.380s][info][gc,heap     ] GC(44) Survivor regions: 1->1(20)
[2026-03-26T14:01:17.803+0900][6.380s][info][gc,heap     ] GC(44) Old regions: 1->1
[2026-03-26T14:01:17.803+0900][6.381s][info][gc,heap     ] GC(44) Humongous regions: 222->222
[2026-03-26T14:01:17.803+0900][6.381s][info][gc,metaspace] GC(44) Metaspace: 309K(512K)->309K(512K) NonClass: 292K(384K)->292K(384K) Class: 17K(128K)->17K(128K)
[2026-03-26T14:01:17.803+0900][6.381s][info][gc          ] GC(44) Pause Young (Concurrent Start) (G1 Humongous Allocation) 272M->222M(392M) 1.568ms
[2026-03-26T14:01:17.803+0900][6.381s][info][gc,cpu      ] GC(44) User=0.00s Sys=0.00s Real=0.00s
[2026-03-26T14:01:17.805+0900][6.381s][info][gc          ] GC(45) Concurrent Mark Cycle
[2026-03-26T14:01:17.805+0900][6.381s][info][gc,marking  ] GC(45) Concurrent Scan Root Regions
[2026-03-26T14:01:17.805+0900][6.381s][info][gc,marking  ] GC(45) Concurrent Scan Root Regions 0.068ms
[2026-03-26T14:01:17.805+0900][6.381s][info][gc,marking  ] GC(45) Concurrent Mark
[2026-03-26T14:01:17.805+0900][6.381s][info][gc,marking  ] GC(45) Concurrent Mark From Roots
[2026-03-26T14:01:17.805+0900][6.381s][info][gc,task     ] GC(45) Using 3 workers of 3 for marking
[2026-03-26T14:01:17.807+0900][6.382s][info][gc,marking  ] GC(45) Concurrent Mark From Roots 1.143ms
[2026-03-26T14:01:17.807+0900][6.382s][info][gc,marking  ] GC(45) Concurrent Preclean
[2026-03-26T14:01:17.807+0900][6.382s][info][gc,marking  ] GC(45) Concurrent Preclean 0.018ms
[2026-03-26T14:01:17.807+0900][6.382s][info][gc,start    ] GC(45) Pause Remark
[2026-03-26T14:01:17.807+0900][6.383s][info][gc          ] GC(45) Pause Remark 228M->228M(392M) 0.801ms
[2026-03-26T14:01:17.807+0900][6.383s][info][gc,cpu      ] GC(45) User=0.00s Sys=0.00s Real=0.00s
[2026-03-26T14:01:17.807+0900][6.383s][info][gc,marking  ] GC(45) Concurrent Mark 2.252ms
[2026-03-26T14:01:17.807+0900][6.383s][info][gc,marking  ] GC(45) Concurrent Rebuild Remembered Sets and Scrub Regions
[2026-03-26T14:01:17.808+0900][6.384s][info][gc,marking  ] GC(45) Concurrent Rebuild Remembered Sets and Scrub Regions 0.601ms
[2026-03-26T14:01:17.808+0900][6.384s][info][gc,start    ] GC(45) Pause Cleanup
[2026-03-26T14:01:17.808+0900][6.384s][info][gc          ] GC(45) Pause Cleanup 228M->228M(392M) 0.245ms
[2026-03-26T14:01:17.808+0900][6.384s][info][gc,cpu      ] GC(45) User=0.00s Sys=0.00s Real=0.00s
[2026-03-26T14:01:17.808+0900][6.384s][info][gc,marking  ] GC(45) Concurrent Clear Claimed Marks
[2026-03-26T14:01:17.808+0900][6.384s][info][gc,marking  ] GC(45) Concurrent Clear Claimed Marks 0.073ms
[2026-03-26T14:01:17.808+0900][6.384s][info][gc,marking  ] GC(45) Concurrent Cleanup for Next Mark
[2026-03-26T14:01:17.808+0900][6.385s][info][gc,marking  ] GC(45) Concurrent Cleanup for Next Mark 0.264ms
[2026-03-26T14:01:17.808+0900][6.385s][info][gc          ] GC(45) Concurrent Mark Cycle 4.040ms
[2026-03-26T14:01:17.962+0900][6.538s][info][gc,start    ] GC(46) Pause Young (Concurrent Start) (G1 Humongous Allocation)
[2026-03-26T14:01:17.962+0900][6.538s][info][gc,task     ] GC(46) Using 9 workers of 13 for evacuation
[2026-03-26T14:01:17.962+0900][6.539s][info][gc,phases   ] GC(46)   Pre Evacuate Collection Set: 0.1ms
[2026-03-26T14:01:17.962+0900][6.539s][info][gc,phases   ] GC(46)   Merge Heap Roots: 0.0ms
[2026-03-26T14:01:17.962+0900][6.539s][info][gc,phases   ] GC(46)   Evacuate Collection Set: 0.2ms
[2026-03-26T14:01:17.962+0900][6.539s][info][gc,phases   ] GC(46)   Post Evacuate Collection Set: 0.1ms
[2026-03-26T14:01:17.962+0900][6.539s][info][gc,phases   ] GC(46)   Other: 0.1ms
[2026-03-26T14:01:17.962+0900][6.539s][info][gc,heap     ] GC(46) Eden regions: 50->0(140)
[2026-03-26T14:01:17.962+0900][6.539s][info][gc,heap     ] GC(46) Survivor regions: 1->1(19)
[2026-03-26T14:01:17.962+0900][6.539s][info][gc,heap     ] GC(46) Old regions: 1->1
[2026-03-26T14:01:17.962+0900][6.539s][info][gc,heap     ] GC(46) Humongous regions: 228->228
[2026-03-26T14:01:17.962+0900][6.539s][info][gc,metaspace] GC(46) Metaspace: 309K(512K)->309K(512K) NonClass: 292K(384K)->292K(384K) Class: 17K(128K)->17K(128K)
[2026-03-26T14:01:17.962+0900][6.539s][info][gc          ] GC(46) Pause Young (Concurrent Start) (G1 Humongous Allocation) 278M->228M(392M) 0.831ms
[2026-03-26T14:01:17.962+0900][6.539s][info][gc,cpu      ] GC(46) User=0.00s Sys=0.00s Real=0.00s
[2026-03-26T14:01:17.962+0900][6.539s][info][gc          ] GC(47) Concurrent Mark Cycle
[2026-03-26T14:01:17.962+0900][6.539s][info][gc,marking  ] GC(47) Concurrent Scan Root Regions
[2026-03-26T14:01:17.962+0900][6.539s][info][gc,marking  ] GC(47) Concurrent Scan Root Regions 0.030ms
[2026-03-26T14:01:17.962+0900][6.539s][info][gc,marking  ] GC(47) Concurrent Mark
[2026-03-26T14:01:17.962+0900][6.539s][info][gc,marking  ] GC(47) Concurrent Mark From Roots
[2026-03-26T14:01:17.962+0900][6.539s][info][gc,task     ] GC(47) Using 3 workers of 3 for marking
[2026-03-26T14:01:17.964+0900][6.540s][info][gc,marking  ] GC(47) Concurrent Mark From Roots 0.847ms
[2026-03-26T14:01:17.964+0900][6.540s][info][gc,marking  ] GC(47) Concurrent Preclean
[2026-03-26T14:01:17.964+0900][6.540s][info][gc,marking  ] GC(47) Concurrent Preclean 0.016ms
[2026-03-26T14:01:17.964+0900][6.540s][info][gc,start    ] GC(47) Pause Remark
[2026-03-26T14:01:17.964+0900][6.540s][info][gc          ] GC(47) Pause Remark 234M->234M(394M) 0.452ms
[2026-03-26T14:01:17.964+0900][6.541s][info][gc,cpu      ] GC(47) User=0.00s Sys=0.00s Real=0.00s
[2026-03-26T14:01:17.964+0900][6.541s][info][gc,marking  ] GC(47) Concurrent Mark 1.708ms
[2026-03-26T14:01:17.964+0900][6.541s][info][gc,marking  ] GC(47) Concurrent Rebuild Remembered Sets and Scrub Regions
[2026-03-26T14:01:17.964+0900][6.541s][info][gc,marking  ] GC(47) Concurrent Rebuild Remembered Sets and Scrub Regions 0.358ms
[2026-03-26T14:01:17.964+0900][6.541s][info][gc,start    ] GC(47) Pause Cleanup
[2026-03-26T14:01:17.966+0900][6.541s][info][gc          ] GC(47) Pause Cleanup 234M->234M(394M) 0.082ms
[2026-03-26T14:01:17.966+0900][6.541s][info][gc,cpu      ] GC(47) User=0.00s Sys=0.00s Real=0.00s
[2026-03-26T14:01:17.966+0900][6.541s][info][gc,marking  ] GC(47) Concurrent Clear Claimed Marks
[2026-03-26T14:01:17.966+0900][6.541s][info][gc,marking  ] GC(47) Concurrent Clear Claimed Marks 0.018ms
[2026-03-26T14:01:17.966+0900][6.541s][info][gc,marking  ] GC(47) Concurrent Cleanup for Next Mark
[2026-03-26T14:01:17.966+0900][6.541s][info][gc,marking  ] GC(47) Concurrent Cleanup for Next Mark 0.284ms
[2026-03-26T14:01:17.966+0900][6.541s][info][gc          ] GC(47) Concurrent Mark Cycle 2.659ms
[2026-03-26T14:01:18.121+0900][6.697s][info][gc,start    ] GC(48) Pause Young (Concurrent Start) (G1 Humongous Allocation)
[2026-03-26T14:01:18.121+0900][6.697s][info][gc,task     ] GC(48) Using 9 workers of 13 for evacuation
[2026-03-26T14:01:18.123+0900][6.698s][info][gc,phases   ] GC(48)   Pre Evacuate Collection Set: 0.2ms
[2026-03-26T14:01:18.123+0900][6.698s][info][gc,phases   ] GC(48)   Merge Heap Roots: 0.1ms
[2026-03-26T14:01:18.123+0900][6.698s][info][gc,phases   ] GC(48)   Evacuate Collection Set: 0.3ms
[2026-03-26T14:01:18.123+0900][6.698s][info][gc,phases   ] GC(48)   Post Evacuate Collection Set: 0.5ms
[2026-03-26T14:01:18.123+0900][6.698s][info][gc,phases   ] GC(48)   Other: 0.1ms
[2026-03-26T14:01:18.123+0900][6.698s][info][gc,heap     ] GC(48) Eden regions: 50->0(136)
[2026-03-26T14:01:18.123+0900][6.698s][info][gc,heap     ] GC(48) Survivor regions: 1->1(18)
[2026-03-26T14:01:18.123+0900][6.698s][info][gc,heap     ] GC(48) Old regions: 1->1
[2026-03-26T14:01:18.123+0900][6.698s][info][gc,heap     ] GC(48) Humongous regions: 234->234
[2026-03-26T14:01:18.123+0900][6.698s][info][gc,metaspace] GC(48) Metaspace: 309K(512K)->309K(512K) NonClass: 292K(384K)->292K(384K) Class: 17K(128K)->17K(128K)
[2026-03-26T14:01:18.123+0900][6.699s][info][gc          ] GC(48) Pause Young (Concurrent Start) (G1 Humongous Allocation) 284M->234M(394M) 1.709ms
[2026-03-26T14:01:18.123+0900][6.699s][info][gc,cpu      ] GC(48) User=0.00s Sys=0.00s Real=0.00s
[2026-03-26T14:01:18.123+0900][6.699s][info][gc          ] GC(49) Concurrent Mark Cycle
[2026-03-26T14:01:18.123+0900][6.699s][info][gc,marking  ] GC(49) Concurrent Scan Root Regions
[2026-03-26T14:01:18.123+0900][6.699s][info][gc,marking  ] GC(49) Concurrent Scan Root Regions 0.073ms
[2026-03-26T14:01:18.123+0900][6.699s][info][gc,marking  ] GC(49) Concurrent Mark
[2026-03-26T14:01:18.123+0900][6.699s][info][gc,marking  ] GC(49) Concurrent Mark From Roots
[2026-03-26T14:01:18.123+0900][6.699s][info][gc,task     ] GC(49) Using 3 workers of 3 for marking
[2026-03-26T14:01:18.125+0900][6.701s][info][gc,marking  ] GC(49) Concurrent Mark From Roots 1.480ms
[2026-03-26T14:01:18.125+0900][6.701s][info][gc,marking  ] GC(49) Concurrent Preclean
[2026-03-26T14:01:18.125+0900][6.701s][info][gc,marking  ] GC(49) Concurrent Preclean 0.021ms
[2026-03-26T14:01:18.125+0900][6.701s][info][gc,start    ] GC(49) Pause Remark
[2026-03-26T14:01:18.125+0900][6.701s][info][gc          ] GC(49) Pause Remark 241M->241M(405M) 0.783ms
[2026-03-26T14:01:18.125+0900][6.702s][info][gc,cpu      ] GC(49) User=0.00s Sys=0.00s Real=0.00s
[2026-03-26T14:01:18.125+0900][6.702s][info][gc,marking  ] GC(49) Concurrent Mark 2.562ms
[2026-03-26T14:01:18.125+0900][6.702s][info][gc,marking  ] GC(49) Concurrent Rebuild Remembered Sets and Scrub Regions
[2026-03-26T14:01:18.127+0900][6.702s][info][gc,marking  ] GC(49) Concurrent Rebuild Remembered Sets and Scrub Regions 0.594ms
[2026-03-26T14:01:18.127+0900][6.702s][info][gc,start    ] GC(49) Pause Cleanup
[2026-03-26T14:01:18.127+0900][6.703s][info][gc          ] GC(49) Pause Cleanup 241M->241M(405M) 0.198ms
[2026-03-26T14:01:18.127+0900][6.703s][info][gc,cpu      ] GC(49) User=0.00s Sys=0.00s Real=0.00s
[2026-03-26T14:01:18.127+0900][6.703s][info][gc,marking  ] GC(49) Concurrent Clear Claimed Marks
[2026-03-26T14:01:18.127+0900][6.703s][info][gc,marking  ] GC(49) Concurrent Clear Claimed Marks 0.070ms
[2026-03-26T14:01:18.127+0900][6.703s][info][gc,marking  ] GC(49) Concurrent Cleanup for Next Mark
[2026-03-26T14:01:18.127+0900][6.703s][info][gc,marking  ] GC(49) Concurrent Cleanup for Next Mark 0.441ms
[2026-03-26T14:01:18.127+0900][6.703s][info][gc          ] GC(49) Concurrent Mark Cycle 4.510ms
[2026-03-26T14:01:18.281+0900][6.857s][info][gc,start    ] GC(50) Pause Young (Concurrent Start) (G1 Humongous Allocation)
[2026-03-26T14:01:18.281+0900][6.857s][info][gc,task     ] GC(50) Using 9 workers of 13 for evacuation
[2026-03-26T14:01:18.281+0900][6.858s][info][gc,phases   ] GC(50)   Pre Evacuate Collection Set: 0.2ms
[2026-03-26T14:01:18.281+0900][6.858s][info][gc,phases   ] GC(50)   Merge Heap Roots: 0.0ms
[2026-03-26T14:01:18.281+0900][6.858s][info][gc,phases   ] GC(50)   Evacuate Collection Set: 0.3ms
[2026-03-26T14:01:18.281+0900][6.858s][info][gc,phases   ] GC(50)   Post Evacuate Collection Set: 0.2ms
[2026-03-26T14:01:18.281+0900][6.858s][info][gc,phases   ] GC(50)   Other: 0.1ms
[2026-03-26T14:01:18.281+0900][6.858s][info][gc,heap     ] GC(50) Eden regions: 50->0(154)
[2026-03-26T14:01:18.281+0900][6.858s][info][gc,heap     ] GC(50) Survivor regions: 1->1(18)
[2026-03-26T14:01:18.281+0900][6.858s][info][gc,heap     ] GC(50) Old regions: 1->1
[2026-03-26T14:01:18.281+0900][6.858s][info][gc,heap     ] GC(50) Humongous regions: 240->240
[2026-03-26T14:01:18.281+0900][6.858s][info][gc,metaspace] GC(50) Metaspace: 309K(512K)->309K(512K) NonClass: 292K(384K)->292K(384K) Class: 17K(128K)->17K(128K)
[2026-03-26T14:01:18.281+0900][6.858s][info][gc          ] GC(50) Pause Young (Concurrent Start) (G1 Humongous Allocation) 290M->240M(419M) 1.230ms
[2026-03-26T14:01:18.281+0900][6.858s][info][gc,cpu      ] GC(50) User=0.00s Sys=0.00s Real=0.00s
[2026-03-26T14:01:18.281+0900][6.858s][info][gc          ] GC(51) Concurrent Mark Cycle
[2026-03-26T14:01:18.281+0900][6.858s][info][gc,marking  ] GC(51) Concurrent Scan Root Regions
[2026-03-26T14:01:18.281+0900][6.858s][info][gc,marking  ] GC(51) Concurrent Scan Root Regions 0.035ms
[2026-03-26T14:01:18.281+0900][6.858s][info][gc,marking  ] GC(51) Concurrent Mark
[2026-03-26T14:01:18.281+0900][6.858s][info][gc,marking  ] GC(51) Concurrent Mark From Roots
[2026-03-26T14:01:18.281+0900][6.858s][info][gc,task     ] GC(51) Using 3 workers of 3 for marking
[2026-03-26T14:01:18.281+0900][6.859s][info][gc,marking  ] GC(51) Concurrent Mark From Roots 1.030ms
[2026-03-26T14:01:18.281+0900][6.859s][info][gc,marking  ] GC(51) Concurrent Preclean
[2026-03-26T14:01:18.281+0900][6.859s][info][gc,marking  ] GC(51) Concurrent Preclean 0.014ms
[2026-03-26T14:01:18.297+0900][6.873s][info][gc,start    ] GC(51) Pause Remark
[2026-03-26T14:01:18.297+0900][6.873s][info][gc          ] GC(51) Pause Remark 240M->240M(419M) 0.808ms
[2026-03-26T14:01:18.297+0900][6.873s][info][gc,cpu      ] GC(51) User=0.00s Sys=0.00s Real=0.00s
[2026-03-26T14:01:18.297+0900][6.873s][info][gc,marking  ] GC(51) Concurrent Mark 15.459ms
[2026-03-26T14:01:18.297+0900][6.873s][info][gc,marking  ] GC(51) Concurrent Rebuild Remembered Sets and Scrub Regions
[2026-03-26T14:01:18.297+0900][6.874s][info][gc,marking  ] GC(51) Concurrent Rebuild Remembered Sets and Scrub Regions 0.366ms
[2026-03-26T14:01:18.297+0900][6.874s][info][gc,start    ] GC(51) Pause Cleanup
[2026-03-26T14:01:18.297+0900][6.874s][info][gc          ] GC(51) Pause Cleanup 240M->240M(419M) 0.052ms
[2026-03-26T14:01:18.297+0900][6.874s][info][gc,cpu      ] GC(51) User=0.00s Sys=0.00s Real=0.00s
[2026-03-26T14:01:18.297+0900][6.874s][info][gc,marking  ] GC(51) Concurrent Clear Claimed Marks
[2026-03-26T14:01:18.297+0900][6.874s][info][gc,marking  ] GC(51) Concurrent Clear Claimed Marks 0.013ms
[2026-03-26T14:01:18.297+0900][6.874s][info][gc,marking  ] GC(51) Concurrent Cleanup for Next Mark
[2026-03-26T14:01:18.297+0900][6.874s][info][gc,marking  ] GC(51) Concurrent Cleanup for Next Mark 0.508ms
[2026-03-26T14:01:18.297+0900][6.875s][info][gc          ] GC(51) Concurrent Mark Cycle 16.593ms
[2026-03-26T14:01:18.459+0900][7.035s][info][gc,start    ] GC(52) Pause Young (Concurrent Start) (G1 Humongous Allocation)
[2026-03-26T14:01:18.459+0900][7.036s][info][gc,task     ] GC(52) Using 10 workers of 13 for evacuation
[2026-03-26T14:01:18.459+0900][7.037s][info][gc,phases   ] GC(52)   Pre Evacuate Collection Set: 0.2ms
[2026-03-26T14:01:18.459+0900][7.037s][info][gc,phases   ] GC(52)   Merge Heap Roots: 0.0ms
[2026-03-26T14:01:18.459+0900][7.037s][info][gc,phases   ] GC(52)   Evacuate Collection Set: 0.6ms
[2026-03-26T14:01:18.459+0900][7.037s][info][gc,phases   ] GC(52)   Post Evacuate Collection Set: 0.2ms
[2026-03-26T14:01:18.459+0900][7.037s][info][gc,phases   ] GC(52)   Other: 0.2ms
[2026-03-26T14:01:18.459+0900][7.037s][info][gc,heap     ] GC(52) Eden regions: 50->0(148)
[2026-03-26T14:01:18.459+0900][7.037s][info][gc,heap     ] GC(52) Survivor regions: 1->1(20)
[2026-03-26T14:01:18.459+0900][7.037s][info][gc,heap     ] GC(52) Old regions: 1->1
[2026-03-26T14:01:18.459+0900][7.037s][info][gc,heap     ] GC(52) Humongous regions: 246->246
[2026-03-26T14:01:18.459+0900][7.037s][info][gc,metaspace] GC(52) Metaspace: 309K(512K)->309K(512K) NonClass: 292K(384K)->292K(384K) Class: 17K(128K)->17K(128K)
[2026-03-26T14:01:18.459+0900][7.037s][info][gc          ] GC(52) Pause Young (Concurrent Start) (G1 Humongous Allocation) 296M->246M(419M) 1.465ms
[2026-03-26T14:01:18.459+0900][7.037s][info][gc,cpu      ] GC(52) User=0.00s Sys=0.00s Real=0.00s
[2026-03-26T14:01:18.459+0900][7.037s][info][gc          ] GC(53) Concurrent Mark Cycle
[2026-03-26T14:01:18.459+0900][7.037s][info][gc,marking  ] GC(53) Concurrent Scan Root Regions
[2026-03-26T14:01:18.459+0900][7.037s][info][gc,marking  ] GC(53) Concurrent Scan Root Regions 0.030ms
[2026-03-26T14:01:18.459+0900][7.037s][info][gc,marking  ] GC(53) Concurrent Mark
[2026-03-26T14:01:18.459+0900][7.037s][info][gc,marking  ] GC(53) Concurrent Mark From Roots
[2026-03-26T14:01:18.459+0900][7.037s][info][gc,task     ] GC(53) Using 3 workers of 3 for marking
[2026-03-26T14:01:18.459+0900][7.038s][info][gc,marking  ] GC(53) Concurrent Mark From Roots 1.014ms
[2026-03-26T14:01:18.459+0900][7.038s][info][gc,marking  ] GC(53) Concurrent Preclean
[2026-03-26T14:01:18.459+0900][7.038s][info][gc,marking  ] GC(53) Concurrent Preclean 0.014ms
[2026-03-26T14:01:18.459+0900][7.038s][info][gc,start    ] GC(53) Pause Remark
[2026-03-26T14:01:18.459+0900][7.038s][info][gc          ] GC(53) Pause Remark 246M->246M(419M) 0.448ms
[2026-03-26T14:01:18.459+0900][7.038s][info][gc,cpu      ] GC(53) User=0.00s Sys=0.00s Real=0.00s
[2026-03-26T14:01:18.459+0900][7.039s][info][gc,marking  ] GC(53) Concurrent Mark 1.648ms
[2026-03-26T14:01:18.459+0900][7.039s][info][gc,marking  ] GC(53) Concurrent Rebuild Remembered Sets and Scrub Regions
[2026-03-26T14:01:18.459+0900][7.039s][info][gc,marking  ] GC(53) Concurrent Rebuild Remembered Sets and Scrub Regions 0.382ms
[2026-03-26T14:01:18.459+0900][7.039s][info][gc,start    ] GC(53) Pause Cleanup
[2026-03-26T14:01:18.459+0900][7.039s][info][gc          ] GC(53) Pause Cleanup 246M->246M(419M) 0.052ms
[2026-03-26T14:01:18.459+0900][7.039s][info][gc,cpu      ] GC(53) User=0.00s Sys=0.00s Real=0.00s
[2026-03-26T14:01:18.459+0900][7.039s][info][gc,marking  ] GC(53) Concurrent Clear Claimed Marks
[2026-03-26T14:01:18.459+0900][7.039s][info][gc,marking  ] GC(53) Concurrent Clear Claimed Marks 0.013ms
[2026-03-26T14:01:18.459+0900][7.039s][info][gc,marking  ] GC(53) Concurrent Cleanup for Next Mark
[2026-03-26T14:01:18.459+0900][7.040s][info][gc,marking  ] GC(53) Concurrent Cleanup for Next Mark 0.528ms
[2026-03-26T14:01:18.459+0900][7.040s][info][gc          ] GC(53) Concurrent Mark Cycle 2.798ms
[2026-03-26T14:01:18.619+0900][7.196s][info][gc,start    ] GC(54) Pause Young (Concurrent Start) (G1 Humongous Allocation)
[2026-03-26T14:01:18.619+0900][7.196s][info][gc,task     ] GC(54) Using 10 workers of 13 for evacuation
[2026-03-26T14:01:18.619+0900][7.199s][info][gc,phases   ] GC(54)   Pre Evacuate Collection Set: 0.4ms
[2026-03-26T14:01:18.619+0900][7.199s][info][gc,phases   ] GC(54)   Merge Heap Roots: 0.4ms
[2026-03-26T14:01:18.619+0900][7.199s][info][gc,phases   ] GC(54)   Evacuate Collection Set: 0.5ms
[2026-03-26T14:01:18.619+0900][7.199s][info][gc,phases   ] GC(54)   Post Evacuate Collection Set: 1.0ms
[2026-03-26T14:01:18.619+0900][7.199s][info][gc,phases   ] GC(54)   Other: 0.3ms
[2026-03-26T14:01:18.619+0900][7.199s][info][gc,heap     ] GC(54) Eden regions: 50->0(142)
[2026-03-26T14:01:18.619+0900][7.199s][info][gc,heap     ] GC(54) Survivor regions: 1->1(19)
[2026-03-26T14:01:18.619+0900][7.199s][info][gc,heap     ] GC(54) Old regions: 1->1
[2026-03-26T14:01:18.619+0900][7.199s][info][gc,heap     ] GC(54) Humongous regions: 252->252
[2026-03-26T14:01:18.619+0900][7.199s][info][gc,metaspace] GC(54) Metaspace: 309K(512K)->309K(512K) NonClass: 292K(384K)->292K(384K) Class: 17K(128K)->17K(128K)
[2026-03-26T14:01:18.619+0900][7.199s][info][gc          ] GC(54) Pause Young (Concurrent Start) (G1 Humongous Allocation) 302M->252M(419M) 3.282ms
[2026-03-26T14:01:18.619+0900][7.199s][info][gc,cpu      ] GC(54) User=0.00s Sys=0.00s Real=0.00s
[2026-03-26T14:01:18.619+0900][7.200s][info][gc          ] GC(55) Concurrent Mark Cycle
[2026-03-26T14:01:18.619+0900][7.200s][info][gc,marking  ] GC(55) Concurrent Scan Root Regions
[2026-03-26T14:01:18.619+0900][7.200s][info][gc,marking  ] GC(55) Concurrent Scan Root Regions 0.261ms
[2026-03-26T14:01:18.619+0900][7.200s][info][gc,marking  ] GC(55) Concurrent Mark
[2026-03-26T14:01:18.619+0900][7.200s][info][gc,marking  ] GC(55) Concurrent Mark From Roots
[2026-03-26T14:01:18.619+0900][7.200s][info][gc,task     ] GC(55) Using 3 workers of 3 for marking
[2026-03-26T14:01:18.625+0900][7.202s][info][gc,marking  ] GC(55) Concurrent Mark From Roots 1.866ms
[2026-03-26T14:01:18.625+0900][7.202s][info][gc,marking  ] GC(55) Concurrent Preclean
[2026-03-26T14:01:18.625+0900][7.202s][info][gc,marking  ] GC(55) Concurrent Preclean 0.029ms
[2026-03-26T14:01:18.625+0900][7.202s][info][gc,start    ] GC(55) Pause Remark
[2026-03-26T14:01:18.625+0900][7.204s][info][gc          ] GC(55) Pause Remark 258M->258M(434M) 1.716ms
[2026-03-26T14:01:18.625+0900][7.204s][info][gc,cpu      ] GC(55) User=0.00s Sys=0.00s Real=0.00s
[2026-03-26T14:01:18.625+0900][7.204s][info][gc,marking  ] GC(55) Concurrent Mark 4.091ms
[2026-03-26T14:01:18.625+0900][7.204s][info][gc,marking  ] GC(55) Concurrent Rebuild Remembered Sets and Scrub Regions
[2026-03-26T14:01:18.625+0900][7.205s][info][gc,marking  ] GC(55) Concurrent Rebuild Remembered Sets and Scrub Regions 0.829ms
[2026-03-26T14:01:18.625+0900][7.205s][info][gc,start    ] GC(55) Pause Cleanup
[2026-03-26T14:01:18.625+0900][7.206s][info][gc          ] GC(55) Pause Cleanup 258M->258M(434M) 0.349ms
[2026-03-26T14:01:18.625+0900][7.206s][info][gc,cpu      ] GC(55) User=0.00s Sys=0.00s Real=0.00s
[2026-03-26T14:01:18.625+0900][7.206s][info][gc,marking  ] GC(55) Concurrent Clear Claimed Marks
[2026-03-26T14:01:18.625+0900][7.206s][info][gc,marking  ] GC(55) Concurrent Clear Claimed Marks 0.090ms
[2026-03-26T14:01:18.625+0900][7.206s][info][gc,marking  ] GC(55) Concurrent Cleanup for Next Mark
[2026-03-26T14:01:18.625+0900][7.207s][info][gc,marking  ] GC(55) Concurrent Cleanup for Next Mark 0.512ms
[2026-03-26T14:01:18.625+0900][7.207s][info][gc          ] GC(55) Concurrent Mark Cycle 6.986ms
[2026-03-26T14:01:18.780+0900][7.357s][info][gc,start    ] GC(56) Pause Young (Concurrent Start) (G1 Humongous Allocation)
[2026-03-26T14:01:18.780+0900][7.357s][info][gc,task     ] GC(56) Using 10 workers of 13 for evacuation
[2026-03-26T14:01:18.780+0900][7.359s][info][gc,phases   ] GC(56)   Pre Evacuate Collection Set: 0.5ms
[2026-03-26T14:01:18.780+0900][7.359s][info][gc,phases   ] GC(56)   Merge Heap Roots: 0.2ms
[2026-03-26T14:01:18.780+0900][7.359s][info][gc,phases   ] GC(56)   Evacuate Collection Set: 0.4ms
[2026-03-26T14:01:18.780+0900][7.359s][info][gc,phases   ] GC(56)   Post Evacuate Collection Set: 0.7ms
[2026-03-26T14:01:18.780+0900][7.359s][info][gc,phases   ] GC(56)   Other: 0.3ms
[2026-03-26T14:01:18.780+0900][7.359s][info][gc,heap     ] GC(56) Eden regions: 50->0(150)
[2026-03-26T14:01:18.780+0900][7.359s][info][gc,heap     ] GC(56) Survivor regions: 1->1(18)
[2026-03-26T14:01:18.780+0900][7.359s][info][gc,heap     ] GC(56) Old regions: 1->1
[2026-03-26T14:01:18.780+0900][7.359s][info][gc,heap     ] GC(56) Humongous regions: 258->258
[2026-03-26T14:01:18.780+0900][7.359s][info][gc,metaspace] GC(56) Metaspace: 309K(512K)->309K(512K) NonClass: 292K(384K)->292K(384K) Class: 17K(128K)->17K(128K)
[2026-03-26T14:01:18.780+0900][7.360s][info][gc          ] GC(56) Pause Young (Concurrent Start) (G1 Humongous Allocation) 308M->258M(434M) 2.603ms
[2026-03-26T14:01:18.780+0900][7.360s][info][gc,cpu      ] GC(56) User=0.00s Sys=0.00s Real=0.00s
[2026-03-26T14:01:18.780+0900][7.360s][info][gc          ] GC(57) Concurrent Mark Cycle
[2026-03-26T14:01:18.780+0900][7.360s][info][gc,marking  ] GC(57) Concurrent Scan Root Regions
[2026-03-26T14:01:18.780+0900][7.360s][info][gc,marking  ] GC(57) Concurrent Scan Root Regions 0.103ms
[2026-03-26T14:01:18.780+0900][7.360s][info][gc,marking  ] GC(57) Concurrent Mark
[2026-03-26T14:01:18.780+0900][7.360s][info][gc,marking  ] GC(57) Concurrent Mark From Roots
[2026-03-26T14:01:18.780+0900][7.360s][info][gc,task     ] GC(57) Using 3 workers of 3 for marking
[2026-03-26T14:01:18.786+0900][7.362s][info][gc,marking  ] GC(57) Concurrent Mark From Roots 1.691ms
[2026-03-26T14:01:18.786+0900][7.362s][info][gc,marking  ] GC(57) Concurrent Preclean
[2026-03-26T14:01:18.786+0900][7.362s][info][gc,marking  ] GC(57) Concurrent Preclean 0.030ms
[2026-03-26T14:01:18.786+0900][7.362s][info][gc,start    ] GC(57) Pause Remark
[2026-03-26T14:01:18.786+0900][7.364s][info][gc          ] GC(57) Pause Remark 264M->264M(444M) 1.793ms
[2026-03-26T14:01:18.786+0900][7.364s][info][gc,cpu      ] GC(57) User=0.00s Sys=0.00s Real=0.00s
[2026-03-26T14:01:18.786+0900][7.364s][info][gc,marking  ] GC(57) Concurrent Mark 3.891ms
[2026-03-26T14:01:18.786+0900][7.364s][info][gc,marking  ] GC(57) Concurrent Rebuild Remembered Sets and Scrub Regions
[2026-03-26T14:01:18.786+0900][7.365s][info][gc,marking  ] GC(57) Concurrent Rebuild Remembered Sets and Scrub Regions 0.797ms
[2026-03-26T14:01:18.786+0900][7.365s][info][gc,start    ] GC(57) Pause Cleanup
[2026-03-26T14:01:18.786+0900][7.365s][info][gc          ] GC(57) Pause Cleanup 264M->264M(444M) 0.229ms
[2026-03-26T14:01:18.786+0900][7.365s][info][gc,cpu      ] GC(57) User=0.00s Sys=0.00s Real=0.00s
[2026-03-26T14:01:18.786+0900][7.365s][info][gc,marking  ] GC(57) Concurrent Clear Claimed Marks
[2026-03-26T14:01:18.786+0900][7.365s][info][gc,marking  ] GC(57) Concurrent Clear Claimed Marks 0.089ms
[2026-03-26T14:01:18.786+0900][7.365s][info][gc,marking  ] GC(57) Concurrent Cleanup for Next Mark
[2026-03-26T14:01:18.786+0900][7.366s][info][gc,marking  ] GC(57) Concurrent Cleanup for Next Mark 0.552ms
[2026-03-26T14:01:18.786+0900][7.366s][info][gc          ] GC(57) Concurrent Mark Cycle 6.327ms
[2026-03-26T14:01:18.943+0900][7.519s][info][gc,start    ] GC(58) Pause Young (Concurrent Start) (G1 Humongous Allocation)
[2026-03-26T14:01:18.943+0900][7.520s][info][gc,task     ] GC(58) Using 10 workers of 13 for evacuation
[2026-03-26T14:01:18.943+0900][7.521s][info][gc,phases   ] GC(58)   Pre Evacuate Collection Set: 0.5ms
[2026-03-26T14:01:18.943+0900][7.521s][info][gc,phases   ] GC(58)   Merge Heap Roots: 0.2ms
[2026-03-26T14:01:18.943+0900][7.521s][info][gc,phases   ] GC(58)   Evacuate Collection Set: 0.4ms
[2026-03-26T14:01:18.943+0900][7.521s][info][gc,phases   ] GC(58)   Post Evacuate Collection Set: 0.4ms
[2026-03-26T14:01:18.943+0900][7.522s][info][gc,phases   ] GC(58)   Other: 0.2ms
[2026-03-26T14:01:18.943+0900][7.522s][info][gc,heap     ] GC(58) Eden regions: 50->0(154)
[2026-03-26T14:01:18.943+0900][7.522s][info][gc,heap     ] GC(58) Survivor regions: 1->1(19)
[2026-03-26T14:01:18.943+0900][7.522s][info][gc,heap     ] GC(58) Old regions: 1->1
[2026-03-26T14:01:18.943+0900][7.522s][info][gc,heap     ] GC(58) Humongous regions: 264->264
[2026-03-26T14:01:18.943+0900][7.522s][info][gc,metaspace] GC(58) Metaspace: 309K(512K)->309K(512K) NonClass: 292K(384K)->292K(384K) Class: 17K(128K)->17K(128K)
[2026-03-26T14:01:18.943+0900][7.522s][info][gc          ] GC(58) Pause Young (Concurrent Start) (G1 Humongous Allocation) 314M->264M(444M) 2.213ms
[2026-03-26T14:01:18.943+0900][7.522s][info][gc,cpu      ] GC(58) User=0.00s Sys=0.00s Real=0.00s
[2026-03-26T14:01:18.943+0900][7.522s][info][gc          ] GC(59) Concurrent Mark Cycle
[2026-03-26T14:01:18.943+0900][7.522s][info][gc,marking  ] GC(59) Concurrent Scan Root Regions
[2026-03-26T14:01:18.943+0900][7.522s][info][gc,marking  ] GC(59) Concurrent Scan Root Regions 0.088ms
[2026-03-26T14:01:18.943+0900][7.522s][info][gc,marking  ] GC(59) Concurrent Mark
[2026-03-26T14:01:18.943+0900][7.522s][info][gc,marking  ] GC(59) Concurrent Mark From Roots
[2026-03-26T14:01:18.943+0900][7.522s][info][gc,task     ] GC(59) Using 3 workers of 3 for marking
[2026-03-26T14:01:18.948+0900][7.524s][info][gc,marking  ] GC(59) Concurrent Mark From Roots 1.785ms
[2026-03-26T14:01:18.948+0900][7.524s][info][gc,marking  ] GC(59) Concurrent Preclean
[2026-03-26T14:01:18.948+0900][7.524s][info][gc,marking  ] GC(59) Concurrent Preclean 0.029ms
[2026-03-26T14:01:18.948+0900][7.524s][info][gc,start    ] GC(59) Pause Remark
[2026-03-26T14:01:18.948+0900][7.526s][info][gc          ] GC(59) Pause Remark 270M->270M(454M) 1.426ms
[2026-03-26T14:01:18.948+0900][7.526s][info][gc,cpu      ] GC(59) User=0.00s Sys=0.00s Real=0.00s
[2026-03-26T14:01:18.948+0900][7.526s][info][gc,marking  ] GC(59) Concurrent Mark 3.735ms
[2026-03-26T14:01:18.948+0900][7.526s][info][gc,marking  ] GC(59) Concurrent Rebuild Remembered Sets and Scrub Regions
[2026-03-26T14:01:18.948+0900][7.527s][info][gc,marking  ] GC(59) Concurrent Rebuild Remembered Sets and Scrub Regions 0.859ms
[2026-03-26T14:01:18.948+0900][7.527s][info][gc,start    ] GC(59) Pause Cleanup
[2026-03-26T14:01:18.948+0900][7.527s][info][gc          ] GC(59) Pause Cleanup 270M->270M(454M) 0.255ms
[2026-03-26T14:01:18.948+0900][7.527s][info][gc,cpu      ] GC(59) User=0.00s Sys=0.00s Real=0.00s
[2026-03-26T14:01:18.948+0900][7.527s][info][gc,marking  ] GC(59) Concurrent Clear Claimed Marks
[2026-03-26T14:01:18.948+0900][7.528s][info][gc,marking  ] GC(59) Concurrent Clear Claimed Marks 0.096ms
[2026-03-26T14:01:18.948+0900][7.528s][info][gc,marking  ] GC(59) Concurrent Cleanup for Next Mark
[2026-03-26T14:01:18.948+0900][7.528s][info][gc,marking  ] GC(59) Concurrent Cleanup for Next Mark 0.592ms
[2026-03-26T14:01:18.948+0900][7.528s][info][gc          ] GC(59) Concurrent Mark Cycle 6.394ms
[2026-03-26T14:01:19.104+0900][7.680s][info][gc,start    ] GC(60) Pause Young (Concurrent Start) (G1 Humongous Allocation)
[2026-03-26T14:01:19.104+0900][7.680s][info][gc,task     ] GC(60) Using 10 workers of 13 for evacuation
[2026-03-26T14:01:19.104+0900][7.681s][info][gc,phases   ] GC(60)   Pre Evacuate Collection Set: 0.2ms
[2026-03-26T14:01:19.106+0900][7.681s][info][gc,phases   ] GC(60)   Merge Heap Roots: 0.2ms
[2026-03-26T14:01:19.106+0900][7.681s][info][gc,phases   ] GC(60)   Evacuate Collection Set: 0.2ms
[2026-03-26T14:01:19.106+0900][7.681s][info][gc,phases   ] GC(60)   Post Evacuate Collection Set: 0.2ms
[2026-03-26T14:01:19.106+0900][7.681s][info][gc,phases   ] GC(60)   Other: 0.1ms
[2026-03-26T14:01:19.106+0900][7.681s][info][gc,heap     ] GC(60) Eden regions: 50->0(157)
[2026-03-26T14:01:19.106+0900][7.681s][info][gc,heap     ] GC(60) Survivor regions: 1->1(20)
[2026-03-26T14:01:19.106+0900][7.681s][info][gc,heap     ] GC(60) Old regions: 1->1
[2026-03-26T14:01:19.106+0900][7.681s][info][gc,heap     ] GC(60) Humongous regions: 270->270
[2026-03-26T14:01:19.106+0900][7.681s][info][gc,metaspace] GC(60) Metaspace: 309K(512K)->309K(512K) NonClass: 292K(384K)->292K(384K) Class: 17K(128K)->17K(128K)
[2026-03-26T14:01:19.106+0900][7.681s][info][gc          ] GC(60) Pause Young (Concurrent Start) (G1 Humongous Allocation) 320M->270M(454M) 1.570ms
[2026-03-26T14:01:19.106+0900][7.681s][info][gc,cpu      ] GC(60) User=0.00s Sys=0.02s Real=0.00s
[2026-03-26T14:01:19.106+0900][7.682s][info][gc          ] GC(61) Concurrent Mark Cycle
[2026-03-26T14:01:19.106+0900][7.682s][info][gc,marking  ] GC(61) Concurrent Scan Root Regions
[2026-03-26T14:01:19.106+0900][7.682s][info][gc,marking  ] GC(61) Concurrent Scan Root Regions 0.057ms
[2026-03-26T14:01:19.106+0900][7.682s][info][gc,marking  ] GC(61) Concurrent Mark
[2026-03-26T14:01:19.106+0900][7.682s][info][gc,marking  ] GC(61) Concurrent Mark From Roots
[2026-03-26T14:01:19.106+0900][7.682s][info][gc,task     ] GC(61) Using 3 workers of 3 for marking
[2026-03-26T14:01:19.106+0900][7.683s][info][gc,marking  ] GC(61) Concurrent Mark From Roots 1.015ms
[2026-03-26T14:01:19.106+0900][7.683s][info][gc,marking  ] GC(61) Concurrent Preclean
[2026-03-26T14:01:19.106+0900][7.683s][info][gc,marking  ] GC(61) Concurrent Preclean 0.016ms
[2026-03-26T14:01:19.106+0900][7.683s][info][gc,start    ] GC(61) Pause Remark
[2026-03-26T14:01:19.108+0900][7.683s][info][gc          ] GC(61) Pause Remark 276M->276M(464M) 0.660ms
[2026-03-26T14:01:19.108+0900][7.683s][info][gc,cpu      ] GC(61) User=0.00s Sys=0.00s Real=0.00s
[2026-03-26T14:01:19.108+0900][7.683s][info][gc,marking  ] GC(61) Concurrent Mark 1.841ms
[2026-03-26T14:01:19.108+0900][7.683s][info][gc,marking  ] GC(61) Concurrent Rebuild Remembered Sets and Scrub Regions
[2026-03-26T14:01:19.109+0900][7.684s][info][gc,marking  ] GC(61) Concurrent Rebuild Remembered Sets and Scrub Regions 0.421ms
[2026-03-26T14:01:19.109+0900][7.684s][info][gc,start    ] GC(61) Pause Cleanup
[2026-03-26T14:01:19.109+0900][7.684s][info][gc          ] GC(61) Pause Cleanup 276M->276M(464M) 0.109ms
[2026-03-26T14:01:19.109+0900][7.684s][info][gc,cpu      ] GC(61) User=0.00s Sys=0.00s Real=0.00s
[2026-03-26T14:01:19.109+0900][7.684s][info][gc,marking  ] GC(61) Concurrent Clear Claimed Marks
[2026-03-26T14:01:19.109+0900][7.684s][info][gc,marking  ] GC(61) Concurrent Clear Claimed Marks 0.029ms
[2026-03-26T14:01:19.109+0900][7.684s][info][gc,marking  ] GC(61) Concurrent Cleanup for Next Mark
[2026-03-26T14:01:19.109+0900][7.685s][info][gc,marking  ] GC(61) Concurrent Cleanup for Next Mark 0.369ms
[2026-03-26T14:01:19.109+0900][7.685s][info][gc          ] GC(61) Concurrent Mark Cycle 3.016ms
[2026-03-26T14:01:19.271+0900][7.847s][info][gc,start    ] GC(62) Pause Young (Concurrent Start) (G1 Humongous Allocation)
[2026-03-26T14:01:19.271+0900][7.847s][info][gc,task     ] GC(62) Using 11 workers of 13 for evacuation
[2026-03-26T14:01:19.273+0900][7.848s][info][gc,phases   ] GC(62)   Pre Evacuate Collection Set: 0.2ms
[2026-03-26T14:01:19.273+0900][7.848s][info][gc,phases   ] GC(62)   Merge Heap Roots: 0.0ms
[2026-03-26T14:01:19.273+0900][7.848s][info][gc,phases   ] GC(62)   Evacuate Collection Set: 0.4ms
[2026-03-26T14:01:19.273+0900][7.848s][info][gc,phases   ] GC(62)   Post Evacuate Collection Set: 0.2ms
[2026-03-26T14:01:19.273+0900][7.848s][info][gc,phases   ] GC(62)   Other: 0.2ms
[2026-03-26T14:01:19.273+0900][7.848s][info][gc,heap     ] GC(62) Eden regions: 50->0(165)
[2026-03-26T14:01:19.273+0900][7.848s][info][gc,heap     ] GC(62) Survivor regions: 1->1(20)
[2026-03-26T14:01:19.273+0900][7.848s][info][gc,heap     ] GC(62) Old regions: 1->1
[2026-03-26T14:01:19.273+0900][7.848s][info][gc,heap     ] GC(62) Humongous regions: 276->276
[2026-03-26T14:01:19.273+0900][7.848s][info][gc,metaspace] GC(62) Metaspace: 309K(512K)->309K(512K) NonClass: 292K(384K)->292K(384K) Class: 17K(128K)->17K(128K)
[2026-03-26T14:01:19.273+0900][7.848s][info][gc          ] GC(62) Pause Young (Concurrent Start) (G1 Humongous Allocation) 326M->276M(468M) 1.274ms
[2026-03-26T14:01:19.273+0900][7.848s][info][gc,cpu      ] GC(62) User=0.00s Sys=0.00s Real=0.00s
[2026-03-26T14:01:19.273+0900][7.848s][info][gc          ] GC(63) Concurrent Mark Cycle
[2026-03-26T14:01:19.273+0900][7.849s][info][gc,marking  ] GC(63) Concurrent Scan Root Regions
[2026-03-26T14:01:19.273+0900][7.849s][info][gc,marking  ] GC(63) Concurrent Scan Root Regions 0.091ms
[2026-03-26T14:01:19.273+0900][7.849s][info][gc,marking  ] GC(63) Concurrent Mark
[2026-03-26T14:01:19.273+0900][7.849s][info][gc,marking  ] GC(63) Concurrent Mark From Roots
[2026-03-26T14:01:19.273+0900][7.849s][info][gc,task     ] GC(63) Using 3 workers of 3 for marking
[2026-03-26T14:01:19.274+0900][7.850s][info][gc,marking  ] GC(63) Concurrent Mark From Roots 0.928ms
[2026-03-26T14:01:19.274+0900][7.850s][info][gc,marking  ] GC(63) Concurrent Preclean
[2026-03-26T14:01:19.274+0900][7.850s][info][gc,marking  ] GC(63) Concurrent Preclean 0.017ms
[2026-03-26T14:01:19.274+0900][7.850s][info][gc,start    ] GC(63) Pause Remark
[2026-03-26T14:01:19.274+0900][7.850s][info][gc          ] GC(63) Pause Remark 282M->282M(474M) 0.535ms
[2026-03-26T14:01:19.274+0900][7.851s][info][gc,cpu      ] GC(63) User=0.00s Sys=0.00s Real=0.00s
[2026-03-26T14:01:19.274+0900][7.851s][info][gc,marking  ] GC(63) Concurrent Mark 1.878ms
[2026-03-26T14:01:19.274+0900][7.851s][info][gc,marking  ] GC(63) Concurrent Rebuild Remembered Sets and Scrub Regions
[2026-03-26T14:01:19.274+0900][7.851s][info][gc,marking  ] GC(63) Concurrent Rebuild Remembered Sets and Scrub Regions 0.431ms
[2026-03-26T14:01:19.274+0900][7.851s][info][gc,start    ] GC(63) Pause Cleanup
[2026-03-26T14:01:19.274+0900][7.851s][info][gc          ] GC(63) Pause Cleanup 282M->282M(474M) 0.175ms
[2026-03-26T14:01:19.274+0900][7.851s][info][gc,cpu      ] GC(63) User=0.00s Sys=0.00s Real=0.00s
[2026-03-26T14:01:19.274+0900][7.851s][info][gc,marking  ] GC(63) Concurrent Clear Claimed Marks
[2026-03-26T14:01:19.274+0900][7.852s][info][gc,marking  ] GC(63) Concurrent Clear Claimed Marks 0.046ms
[2026-03-26T14:01:19.274+0900][7.852s][info][gc,marking  ] GC(63) Concurrent Cleanup for Next Mark
[2026-03-26T14:01:19.274+0900][7.852s][info][gc,marking  ] GC(63) Concurrent Cleanup for Next Mark 0.328ms
[2026-03-26T14:01:19.274+0900][7.852s][info][gc          ] GC(63) Concurrent Mark Cycle 3.459ms
[2026-03-26T14:01:19.452+0900][8.028s][info][gc,start    ] GC(64) Pause Young (Concurrent Start) (G1 Humongous Allocation)
[2026-03-26T14:01:19.452+0900][8.028s][info][gc,task     ] GC(64) Using 11 workers of 13 for evacuation
[2026-03-26T14:01:19.452+0900][8.029s][info][gc,phases   ] GC(64)   Pre Evacuate Collection Set: 0.3ms
[2026-03-26T14:01:19.452+0900][8.029s][info][gc,phases   ] GC(64)   Merge Heap Roots: 0.0ms
[2026-03-26T14:01:19.452+0900][8.029s][info][gc,phases   ] GC(64)   Evacuate Collection Set: 0.2ms
[2026-03-26T14:01:19.452+0900][8.029s][info][gc,phases   ] GC(64)   Post Evacuate Collection Set: 0.2ms
[2026-03-26T14:01:19.452+0900][8.029s][info][gc,phases   ] GC(64)   Other: 0.1ms
[2026-03-26T14:01:19.452+0900][8.029s][info][gc,heap     ] GC(64) Eden regions: 50->0(164)
[2026-03-26T14:01:19.452+0900][8.029s][info][gc,heap     ] GC(64) Survivor regions: 1->1(21)
[2026-03-26T14:01:19.452+0900][8.029s][info][gc,heap     ] GC(64) Old regions: 1->1
[2026-03-26T14:01:19.452+0900][8.029s][info][gc,heap     ] GC(64) Humongous regions: 282->282
[2026-03-26T14:01:19.452+0900][8.029s][info][gc,metaspace] GC(64) Metaspace: 309K(512K)->309K(512K) NonClass: 292K(384K)->292K(384K) Class: 17K(128K)->17K(128K)
[2026-03-26T14:01:19.452+0900][8.029s][info][gc          ] GC(64) Pause Young (Concurrent Start) (G1 Humongous Allocation) 332M->282M(474M) 1.039ms
[2026-03-26T14:01:19.452+0900][8.029s][info][gc,cpu      ] GC(64) User=0.00s Sys=0.00s Real=0.00s
[2026-03-26T14:01:19.452+0900][8.029s][info][gc          ] GC(65) Concurrent Mark Cycle
[2026-03-26T14:01:19.452+0900][8.029s][info][gc,marking  ] GC(65) Concurrent Scan Root Regions
[2026-03-26T14:01:19.454+0900][8.030s][info][gc,marking  ] GC(65) Concurrent Scan Root Regions 0.072ms
[2026-03-26T14:01:19.454+0900][8.030s][info][gc,marking  ] GC(65) Concurrent Mark
[2026-03-26T14:01:19.454+0900][8.030s][info][gc,marking  ] GC(65) Concurrent Mark From Roots
[2026-03-26T14:01:19.454+0900][8.030s][info][gc,task     ] GC(65) Using 3 workers of 3 for marking
[2026-03-26T14:01:19.455+0900][8.031s][info][gc,marking  ] GC(65) Concurrent Mark From Roots 1.257ms
[2026-03-26T14:01:19.455+0900][8.031s][info][gc,marking  ] GC(65) Concurrent Preclean
[2026-03-26T14:01:19.455+0900][8.031s][info][gc,marking  ] GC(65) Concurrent Preclean 0.017ms
[2026-03-26T14:01:19.455+0900][8.031s][info][gc,start    ] GC(65) Pause Remark
[2026-03-26T14:01:19.455+0900][8.032s][info][gc          ] GC(65) Pause Remark 288M->288M(484M) 0.503ms
[2026-03-26T14:01:19.455+0900][8.032s][info][gc,cpu      ] GC(65) User=0.00s Sys=0.00s Real=0.00s
[2026-03-26T14:01:19.455+0900][8.032s][info][gc,marking  ] GC(65) Concurrent Mark 2.402ms
[2026-03-26T14:01:19.455+0900][8.032s][info][gc,marking  ] GC(65) Concurrent Rebuild Remembered Sets and Scrub Regions
[2026-03-26T14:01:19.457+0900][8.032s][info][gc,marking  ] GC(65) Concurrent Rebuild Remembered Sets and Scrub Regions 0.362ms
[2026-03-26T14:01:19.457+0900][8.032s][info][gc,start    ] GC(65) Pause Cleanup
[2026-03-26T14:01:19.457+0900][8.033s][info][gc          ] GC(65) Pause Cleanup 288M->288M(484M) 0.106ms
[2026-03-26T14:01:19.457+0900][8.033s][info][gc,cpu      ] GC(65) User=0.00s Sys=0.00s Real=0.00s
[2026-03-26T14:01:19.457+0900][8.033s][info][gc,marking  ] GC(65) Concurrent Clear Claimed Marks
[2026-03-26T14:01:19.457+0900][8.033s][info][gc,marking  ] GC(65) Concurrent Clear Claimed Marks 0.025ms
[2026-03-26T14:01:19.457+0900][8.033s][info][gc,marking  ] GC(65) Concurrent Cleanup for Next Mark
[2026-03-26T14:01:19.457+0900][8.033s][info][gc,marking  ] GC(65) Concurrent Cleanup for Next Mark 0.361ms
[2026-03-26T14:01:19.457+0900][8.033s][info][gc          ] GC(65) Concurrent Mark Cycle 3.567ms
[2026-03-26T14:01:19.681+0900][8.256s][info][gc,start    ] GC(66) Pause Young (Concurrent Start) (G1 Humongous Allocation)
[2026-03-26T14:01:19.689+0900][8.264s][info][gc,task     ] GC(66) Using 11 workers of 13 for evacuation
[2026-03-26T14:01:19.689+0900][8.265s][info][gc,phases   ] GC(66)   Pre Evacuate Collection Set: 0.2ms
[2026-03-26T14:01:19.689+0900][8.265s][info][gc,phases   ] GC(66)   Merge Heap Roots: 0.0ms
[2026-03-26T14:01:19.689+0900][8.265s][info][gc,phases   ] GC(66)   Evacuate Collection Set: 0.2ms
[2026-03-26T14:01:19.689+0900][8.265s][info][gc,phases   ] GC(66)   Post Evacuate Collection Set: 0.4ms
[2026-03-26T14:01:19.689+0900][8.265s][info][gc,phases   ] GC(66)   Other: 0.1ms
[2026-03-26T14:01:19.689+0900][8.265s][info][gc,heap     ] GC(66) Eden regions: 50->0(168)
[2026-03-26T14:01:19.689+0900][8.266s][info][gc,heap     ] GC(66) Survivor regions: 1->1(21)
[2026-03-26T14:01:19.689+0900][8.266s][info][gc,heap     ] GC(66) Old regions: 1->1
[2026-03-26T14:01:19.689+0900][8.266s][info][gc,heap     ] GC(66) Humongous regions: 288->288
[2026-03-26T14:01:19.689+0900][8.266s][info][gc,metaspace] GC(66) Metaspace: 309K(512K)->309K(512K) NonClass: 292K(384K)->292K(384K) Class: 17K(128K)->17K(128K)
[2026-03-26T14:01:19.689+0900][8.266s][info][gc          ] GC(66) Pause Young (Concurrent Start) (G1 Humongous Allocation) 338M->288M(484M) 9.204ms
[2026-03-26T14:01:19.689+0900][8.266s][info][gc,cpu      ] GC(66) User=0.00s Sys=0.00s Real=0.01s
[2026-03-26T14:01:19.689+0900][8.266s][info][gc          ] GC(67) Concurrent Mark Cycle
[2026-03-26T14:01:19.689+0900][8.266s][info][gc,marking  ] GC(67) Concurrent Scan Root Regions
[2026-03-26T14:01:19.689+0900][8.266s][info][gc,marking  ] GC(67) Concurrent Scan Root Regions 0.066ms
[2026-03-26T14:01:19.689+0900][8.266s][info][gc,marking  ] GC(67) Concurrent Mark
[2026-03-26T14:01:19.689+0900][8.266s][info][gc,marking  ] GC(67) Concurrent Mark From Roots
[2026-03-26T14:01:19.689+0900][8.266s][info][gc,task     ] GC(67) Using 3 workers of 3 for marking
[2026-03-26T14:01:19.691+0900][8.267s][info][gc,marking  ] GC(67) Concurrent Mark From Roots 1.117ms
[2026-03-26T14:01:19.691+0900][8.267s][info][gc,marking  ] GC(67) Concurrent Preclean
[2026-03-26T14:01:19.691+0900][8.267s][info][gc,marking  ] GC(67) Concurrent Preclean 0.023ms
[2026-03-26T14:01:19.691+0900][8.267s][info][gc,start    ] GC(67) Pause Remark
[2026-03-26T14:01:19.691+0900][8.268s][info][gc          ] GC(67) Pause Remark 294M->294M(494M) 0.675ms
[2026-03-26T14:01:19.691+0900][8.268s][info][gc,cpu      ] GC(67) User=0.00s Sys=0.00s Real=0.00s
[2026-03-26T14:01:19.691+0900][8.268s][info][gc,marking  ] GC(67) Concurrent Mark 1.980ms
[2026-03-26T14:01:19.691+0900][8.268s][info][gc,marking  ] GC(67) Concurrent Rebuild Remembered Sets and Scrub Regions
[2026-03-26T14:01:19.691+0900][8.268s][info][gc,marking  ] GC(67) Concurrent Rebuild Remembered Sets and Scrub Regions 0.401ms
[2026-03-26T14:01:19.691+0900][8.268s][info][gc,start    ] GC(67) Pause Cleanup
[2026-03-26T14:01:19.691+0900][8.269s][info][gc          ] GC(67) Pause Cleanup 294M->294M(494M) 0.144ms
[2026-03-26T14:01:19.691+0900][8.269s][info][gc,cpu      ] GC(67) User=0.00s Sys=0.00s Real=0.00s
[2026-03-26T14:01:19.691+0900][8.269s][info][gc,marking  ] GC(67) Concurrent Clear Claimed Marks
[2026-03-26T14:01:19.691+0900][8.269s][info][gc,marking  ] GC(67) Concurrent Clear Claimed Marks 0.018ms
[2026-03-26T14:01:19.691+0900][8.269s][info][gc,marking  ] GC(67) Concurrent Cleanup for Next Mark
[2026-03-26T14:01:19.691+0900][8.269s][info][gc,marking  ] GC(67) Concurrent Cleanup for Next Mark 0.329ms
[2026-03-26T14:01:19.691+0900][8.269s][info][gc          ] GC(67) Concurrent Mark Cycle 3.261ms
[2026-03-26T14:01:19.879+0900][8.455s][info][gc,start    ] GC(68) Pause Young (Concurrent Start) (G1 Humongous Allocation)
[2026-03-26T14:01:19.879+0900][8.455s][info][gc,task     ] GC(68) Using 11 workers of 13 for evacuation
[2026-03-26T14:01:19.879+0900][8.456s][info][gc,phases   ] GC(68)   Pre Evacuate Collection Set: 0.2ms
[2026-03-26T14:01:19.879+0900][8.456s][info][gc,phases   ] GC(68)   Merge Heap Roots: 0.1ms
[2026-03-26T14:01:19.879+0900][8.456s][info][gc,phases   ] GC(68)   Evacuate Collection Set: 0.1ms
[2026-03-26T14:01:19.879+0900][8.456s][info][gc,phases   ] GC(68)   Post Evacuate Collection Set: 0.2ms
[2026-03-26T14:01:19.879+0900][8.456s][info][gc,phases   ] GC(68)   Other: 0.2ms
[2026-03-26T14:01:19.879+0900][8.456s][info][gc,heap     ] GC(68) Eden regions: 50->0(171)
[2026-03-26T14:01:19.879+0900][8.456s][info][gc,heap     ] GC(68) Survivor regions: 1->1(22)
[2026-03-26T14:01:19.879+0900][8.456s][info][gc,heap     ] GC(68) Old regions: 1->1
[2026-03-26T14:01:19.879+0900][8.456s][info][gc,heap     ] GC(68) Humongous regions: 294->294
[2026-03-26T14:01:19.879+0900][8.456s][info][gc,metaspace] GC(68) Metaspace: 309K(512K)->309K(512K) NonClass: 292K(384K)->292K(384K) Class: 17K(128K)->17K(128K)
[2026-03-26T14:01:19.879+0900][8.456s][info][gc          ] GC(68) Pause Young (Concurrent Start) (G1 Humongous Allocation) 344M->294M(494M) 0.999ms
[2026-03-26T14:01:19.879+0900][8.456s][info][gc,cpu      ] GC(68) User=0.00s Sys=0.00s Real=0.00s
[2026-03-26T14:01:19.879+0900][8.456s][info][gc          ] GC(69) Concurrent Mark Cycle
[2026-03-26T14:01:19.879+0900][8.456s][info][gc,marking  ] GC(69) Concurrent Scan Root Regions
[2026-03-26T14:01:19.879+0900][8.456s][info][gc,marking  ] GC(69) Concurrent Scan Root Regions 0.051ms
[2026-03-26T14:01:19.879+0900][8.456s][info][gc,marking  ] GC(69) Concurrent Mark
[2026-03-26T14:01:19.879+0900][8.456s][info][gc,marking  ] GC(69) Concurrent Mark From Roots
[2026-03-26T14:01:19.879+0900][8.456s][info][gc,task     ] GC(69) Using 3 workers of 3 for marking
[2026-03-26T14:01:19.879+0900][8.457s][info][gc,marking  ] GC(69) Concurrent Mark From Roots 1.222ms
[2026-03-26T14:01:19.879+0900][8.457s][info][gc,marking  ] GC(69) Concurrent Preclean
[2026-03-26T14:01:19.879+0900][8.457s][info][gc,marking  ] GC(69) Concurrent Preclean 0.015ms
[2026-03-26T14:01:19.879+0900][8.458s][info][gc,start    ] GC(69) Pause Remark
[2026-03-26T14:01:19.883+0900][8.458s][info][gc          ] GC(69) Pause Remark 301M->301M(505M) 0.633ms
[2026-03-26T14:01:19.883+0900][8.458s][info][gc,cpu      ] GC(69) User=0.00s Sys=0.00s Real=0.00s
[2026-03-26T14:01:19.883+0900][8.458s][info][gc,marking  ] GC(69) Concurrent Mark 2.077ms
[2026-03-26T14:01:19.883+0900][8.458s][info][gc,marking  ] GC(69) Concurrent Rebuild Remembered Sets and Scrub Regions
[2026-03-26T14:01:19.883+0900][8.459s][info][gc,marking  ] GC(69) Concurrent Rebuild Remembered Sets and Scrub Regions 0.394ms
[2026-03-26T14:01:19.883+0900][8.459s][info][gc,start    ] GC(69) Pause Cleanup
[2026-03-26T14:01:19.883+0900][8.459s][info][gc          ] GC(69) Pause Cleanup 301M->301M(505M) 0.114ms
[2026-03-26T14:01:19.883+0900][8.459s][info][gc,cpu      ] GC(69) User=0.00s Sys=0.00s Real=0.00s
[2026-03-26T14:01:19.883+0900][8.459s][info][gc,marking  ] GC(69) Concurrent Clear Claimed Marks
[2026-03-26T14:01:19.883+0900][8.459s][info][gc,marking  ] GC(69) Concurrent Clear Claimed Marks 0.047ms
[2026-03-26T14:01:19.883+0900][8.459s][info][gc,marking  ] GC(69) Concurrent Cleanup for Next Mark
[2026-03-26T14:01:19.883+0900][8.459s][info][gc,marking  ] GC(69) Concurrent Cleanup for Next Mark 0.357ms
[2026-03-26T14:01:19.883+0900][8.459s][info][gc          ] GC(69) Concurrent Mark Cycle 3.384ms
[2026-03-26T14:01:20.047+0900][8.623s][info][gc,start    ] GC(70) Pause Young (Concurrent Start) (G1 Humongous Allocation)
[2026-03-26T14:01:20.047+0900][8.623s][info][gc,task     ] GC(70) Using 12 workers of 13 for evacuation
[2026-03-26T14:01:20.049+0900][8.624s][info][gc,phases   ] GC(70)   Pre Evacuate Collection Set: 0.2ms
[2026-03-26T14:01:20.049+0900][8.624s][info][gc,phases   ] GC(70)   Merge Heap Roots: 0.1ms
[2026-03-26T14:01:20.049+0900][8.624s][info][gc,phases   ] GC(70)   Evacuate Collection Set: 0.7ms
[2026-03-26T14:01:20.049+0900][8.624s][info][gc,phases   ] GC(70)   Post Evacuate Collection Set: 0.2ms
[2026-03-26T14:01:20.049+0900][8.624s][info][gc,phases   ] GC(70)   Other: 0.1ms
[2026-03-26T14:01:20.049+0900][8.624s][info][gc,heap     ] GC(70) Eden regions: 50->0(176)
[2026-03-26T14:01:20.049+0900][8.624s][info][gc,heap     ] GC(70) Survivor regions: 1->1(22)
[2026-03-26T14:01:20.049+0900][8.624s][info][gc,heap     ] GC(70) Old regions: 1->1
[2026-03-26T14:01:20.049+0900][8.624s][info][gc,heap     ] GC(70) Humongous regions: 300->300
[2026-03-26T14:01:20.049+0900][8.624s][info][gc,metaspace] GC(70) Metaspace: 309K(512K)->309K(512K) NonClass: 292K(384K)->292K(384K) Class: 17K(128K)->17K(128K)
[2026-03-26T14:01:20.049+0900][8.624s][info][gc          ] GC(70) Pause Young (Concurrent Start) (G1 Humongous Allocation) 350M->300M(505M) 1.491ms
[2026-03-26T14:01:20.049+0900][8.624s][info][gc,cpu      ] GC(70) User=0.00s Sys=0.00s Real=0.00s
[2026-03-26T14:01:20.049+0900][8.624s][info][gc          ] GC(71) Concurrent Mark Cycle
[2026-03-26T14:01:20.049+0900][8.624s][info][gc,marking  ] GC(71) Concurrent Scan Root Regions
[2026-03-26T14:01:20.049+0900][8.624s][info][gc,marking  ] GC(71) Concurrent Scan Root Regions 0.037ms
[2026-03-26T14:01:20.049+0900][8.624s][info][gc,marking  ] GC(71) Concurrent Mark
[2026-03-26T14:01:20.049+0900][8.624s][info][gc,marking  ] GC(71) Concurrent Mark From Roots
[2026-03-26T14:01:20.049+0900][8.624s][info][gc,task     ] GC(71) Using 3 workers of 3 for marking
[2026-03-26T14:01:20.049+0900][8.625s][info][gc,marking  ] GC(71) Concurrent Mark From Roots 0.888ms
[2026-03-26T14:01:20.049+0900][8.625s][info][gc,marking  ] GC(71) Concurrent Preclean
[2026-03-26T14:01:20.049+0900][8.625s][info][gc,marking  ] GC(71) Concurrent Preclean 0.016ms
[2026-03-26T14:01:20.049+0900][8.625s][info][gc,start    ] GC(71) Pause Remark
[2026-03-26T14:01:20.049+0900][8.626s][info][gc          ] GC(71) Pause Remark 306M->306M(512M) 0.547ms
[2026-03-26T14:01:20.049+0900][8.626s][info][gc,cpu      ] GC(71) User=0.00s Sys=0.00s Real=0.00s
[2026-03-26T14:01:20.051+0900][8.626s][info][gc,marking  ] GC(71) Concurrent Mark 1.641ms
[2026-03-26T14:01:20.051+0900][8.626s][info][gc,marking  ] GC(71) Concurrent Rebuild Remembered Sets and Scrub Regions
[2026-03-26T14:01:20.051+0900][8.626s][info][gc,marking  ] GC(71) Concurrent Rebuild Remembered Sets and Scrub Regions 0.382ms
[2026-03-26T14:01:20.051+0900][8.626s][info][gc,start    ] GC(71) Pause Cleanup
[2026-03-26T14:01:20.051+0900][8.626s][info][gc          ] GC(71) Pause Cleanup 306M->306M(512M) 0.088ms
[2026-03-26T14:01:20.051+0900][8.627s][info][gc,cpu      ] GC(71) User=0.00s Sys=0.00s Real=0.00s
[2026-03-26T14:01:20.051+0900][8.627s][info][gc,marking  ] GC(71) Concurrent Clear Claimed Marks
[2026-03-26T14:01:20.051+0900][8.627s][info][gc,marking  ] GC(71) Concurrent Clear Claimed Marks 0.014ms
[2026-03-26T14:01:20.051+0900][8.627s][info][gc,marking  ] GC(71) Concurrent Cleanup for Next Mark
[2026-03-26T14:01:20.051+0900][8.627s][info][gc,marking  ] GC(71) Concurrent Cleanup for Next Mark 0.409ms
[2026-03-26T14:01:20.051+0900][8.627s][info][gc          ] GC(71) Concurrent Mark Cycle 2.797ms
[2026-03-26T14:01:20.284+0900][8.860s][info][gc,start    ] GC(72) Pause Young (Concurrent Start) (G1 Humongous Allocation)
[2026-03-26T14:01:20.284+0900][8.860s][info][gc,task     ] GC(72) Using 12 workers of 13 for evacuation
[2026-03-26T14:01:20.284+0900][8.861s][info][gc,phases   ] GC(72)   Pre Evacuate Collection Set: 0.2ms
[2026-03-26T14:01:20.284+0900][8.861s][info][gc,phases   ] GC(72)   Merge Heap Roots: 0.1ms
[2026-03-26T14:01:20.284+0900][8.861s][info][gc,phases   ] GC(72)   Evacuate Collection Set: 0.1ms
[2026-03-26T14:01:20.284+0900][8.861s][info][gc,phases   ] GC(72)   Post Evacuate Collection Set: 0.2ms
[2026-03-26T14:01:20.284+0900][8.861s][info][gc,phases   ] GC(72)   Other: 0.1ms
[2026-03-26T14:01:20.284+0900][8.861s][info][gc,heap     ] GC(72) Eden regions: 50->0(176)
[2026-03-26T14:01:20.284+0900][8.861s][info][gc,heap     ] GC(72) Survivor regions: 1->1(23)
[2026-03-26T14:01:20.284+0900][8.861s][info][gc,heap     ] GC(72) Old regions: 1->1
[2026-03-26T14:01:20.284+0900][8.861s][info][gc,heap     ] GC(72) Humongous regions: 306->306
[2026-03-26T14:01:20.284+0900][8.861s][info][gc,metaspace] GC(72) Metaspace: 309K(512K)->309K(512K) NonClass: 292K(384K)->292K(384K) Class: 17K(128K)->17K(128K)
[2026-03-26T14:01:20.284+0900][8.861s][info][gc          ] GC(72) Pause Young (Concurrent Start) (G1 Humongous Allocation) 356M->306M(512M) 1.095ms
[2026-03-26T14:01:20.284+0900][8.861s][info][gc,cpu      ] GC(72) User=0.00s Sys=0.00s Real=0.00s
[2026-03-26T14:01:20.284+0900][8.861s][info][gc          ] GC(73) Concurrent Mark Cycle
[2026-03-26T14:01:20.284+0900][8.862s][info][gc,marking  ] GC(73) Concurrent Scan Root Regions
[2026-03-26T14:01:20.284+0900][8.862s][info][gc,marking  ] GC(73) Concurrent Scan Root Regions 0.083ms
[2026-03-26T14:01:20.284+0900][8.862s][info][gc,marking  ] GC(73) Concurrent Mark
[2026-03-26T14:01:20.284+0900][8.862s][info][gc,marking  ] GC(73) Concurrent Mark From Roots
[2026-03-26T14:01:20.284+0900][8.862s][info][gc,task     ] GC(73) Using 3 workers of 3 for marking
[2026-03-26T14:01:20.288+0900][8.863s][info][gc,marking  ] GC(73) Concurrent Mark From Roots 1.365ms
[2026-03-26T14:01:20.288+0900][8.863s][info][gc,marking  ] GC(73) Concurrent Preclean
[2026-03-26T14:01:20.288+0900][8.863s][info][gc,marking  ] GC(73) Concurrent Preclean 0.017ms
[2026-03-26T14:01:20.288+0900][8.863s][info][gc,start    ] GC(73) Pause Remark
[2026-03-26T14:01:20.288+0900][8.864s][info][gc          ] GC(73) Pause Remark 312M->312M(512M) 0.569ms
[2026-03-26T14:01:20.288+0900][8.864s][info][gc,cpu      ] GC(73) User=0.00s Sys=0.00s Real=0.00s
[2026-03-26T14:01:20.288+0900][8.864s][info][gc,marking  ] GC(73) Concurrent Mark 2.159ms
[2026-03-26T14:01:20.288+0900][8.864s][info][gc,marking  ] GC(73) Concurrent Rebuild Remembered Sets and Scrub Regions
[2026-03-26T14:01:20.288+0900][8.864s][info][gc,marking  ] GC(73) Concurrent Rebuild Remembered Sets and Scrub Regions 0.494ms
[2026-03-26T14:01:20.288+0900][8.864s][info][gc,start    ] GC(73) Pause Cleanup
[2026-03-26T14:01:20.288+0900][8.865s][info][gc          ] GC(73) Pause Cleanup 312M->312M(512M) 0.115ms
[2026-03-26T14:01:20.288+0900][8.865s][info][gc,cpu      ] GC(73) User=0.00s Sys=0.00s Real=0.00s
[2026-03-26T14:01:20.288+0900][8.865s][info][gc,marking  ] GC(73) Concurrent Clear Claimed Marks
[2026-03-26T14:01:20.288+0900][8.865s][info][gc,marking  ] GC(73) Concurrent Clear Claimed Marks 0.037ms
[2026-03-26T14:01:20.288+0900][8.865s][info][gc,marking  ] GC(73) Concurrent Cleanup for Next Mark
[2026-03-26T14:01:20.288+0900][8.865s][info][gc,marking  ] GC(73) Concurrent Cleanup for Next Mark 0.361ms
[2026-03-26T14:01:20.288+0900][8.865s][info][gc          ] GC(73) Concurrent Mark Cycle 3.632ms
[2026-03-26T14:01:20.445+0900][9.021s][info][gc,start    ] GC(74) Pause Young (Concurrent Start) (G1 Humongous Allocation)
[2026-03-26T14:01:20.445+0900][9.021s][info][gc,task     ] GC(74) Using 12 workers of 13 for evacuation
[2026-03-26T14:01:20.445+0900][9.022s][info][gc,phases   ] GC(74)   Pre Evacuate Collection Set: 0.2ms
[2026-03-26T14:01:20.445+0900][9.022s][info][gc,phases   ] GC(74)   Merge Heap Roots: 0.1ms
[2026-03-26T14:01:20.445+0900][9.022s][info][gc,phases   ] GC(74)   Evacuate Collection Set: 0.2ms
[2026-03-26T14:01:20.445+0900][9.022s][info][gc,phases   ] GC(74)   Post Evacuate Collection Set: 0.3ms
[2026-03-26T14:01:20.445+0900][9.022s][info][gc,phases   ] GC(74)   Other: 0.1ms
[2026-03-26T14:01:20.445+0900][9.022s][info][gc,heap     ] GC(74) Eden regions: 50->0(170)
[2026-03-26T14:01:20.445+0900][9.022s][info][gc,heap     ] GC(74) Survivor regions: 1->1(23)
[2026-03-26T14:01:20.445+0900][9.022s][info][gc,heap     ] GC(74) Old regions: 1->1
[2026-03-26T14:01:20.445+0900][9.022s][info][gc,heap     ] GC(74) Humongous regions: 312->312
[2026-03-26T14:01:20.445+0900][9.022s][info][gc,metaspace] GC(74) Metaspace: 309K(512K)->309K(512K) NonClass: 292K(384K)->292K(384K) Class: 17K(128K)->17K(128K)
[2026-03-26T14:01:20.445+0900][9.022s][info][gc          ] GC(74) Pause Young (Concurrent Start) (G1 Humongous Allocation) 362M->312M(512M) 1.104ms
[2026-03-26T14:01:20.445+0900][9.022s][info][gc,cpu      ] GC(74) User=0.00s Sys=0.00s Real=0.00s
[2026-03-26T14:01:20.445+0900][9.022s][info][gc          ] GC(75) Concurrent Mark Cycle
[2026-03-26T14:01:20.445+0900][9.022s][info][gc,marking  ] GC(75) Concurrent Scan Root Regions
[2026-03-26T14:01:20.445+0900][9.022s][info][gc,marking  ] GC(75) Concurrent Scan Root Regions 0.107ms
[2026-03-26T14:01:20.445+0900][9.022s][info][gc,marking  ] GC(75) Concurrent Mark
[2026-03-26T14:01:20.445+0900][9.022s][info][gc,marking  ] GC(75) Concurrent Mark From Roots
[2026-03-26T14:01:20.445+0900][9.022s][info][gc,task     ] GC(75) Using 3 workers of 3 for marking
[2026-03-26T14:01:20.445+0900][9.024s][info][gc,marking  ] GC(75) Concurrent Mark From Roots 1.153ms
[2026-03-26T14:01:20.445+0900][9.024s][info][gc,marking  ] GC(75) Concurrent Preclean
[2026-03-26T14:01:20.445+0900][9.024s][info][gc,marking  ] GC(75) Concurrent Preclean 0.015ms
[2026-03-26T14:01:20.445+0900][9.024s][info][gc,start    ] GC(75) Pause Remark
[2026-03-26T14:01:20.445+0900][9.024s][info][gc          ] GC(75) Pause Remark 318M->318M(512M) 0.554ms
[2026-03-26T14:01:20.445+0900][9.024s][info][gc,cpu      ] GC(75) User=0.00s Sys=0.02s Real=0.00s
[2026-03-26T14:01:20.445+0900][9.024s][info][gc,marking  ] GC(75) Concurrent Mark 1.987ms
[2026-03-26T14:01:20.445+0900][9.024s][info][gc,marking  ] GC(75) Concurrent Rebuild Remembered Sets and Scrub Regions
[2026-03-26T14:01:20.445+0900][9.025s][info][gc,marking  ] GC(75) Concurrent Rebuild Remembered Sets and Scrub Regions 0.404ms
[2026-03-26T14:01:20.445+0900][9.025s][info][gc,start    ] GC(75) Pause Cleanup
[2026-03-26T14:01:20.445+0900][9.025s][info][gc          ] GC(75) Pause Cleanup 318M->318M(512M) 0.129ms
[2026-03-26T14:01:20.445+0900][9.025s][info][gc,cpu      ] GC(75) User=0.00s Sys=0.00s Real=0.00s
[2026-03-26T14:01:20.445+0900][9.025s][info][gc,marking  ] GC(75) Concurrent Clear Claimed Marks
[2026-03-26T14:01:20.445+0900][9.025s][info][gc,marking  ] GC(75) Concurrent Clear Claimed Marks 0.046ms
[2026-03-26T14:01:20.445+0900][9.025s][info][gc,marking  ] GC(75) Concurrent Cleanup for Next Mark
[2026-03-26T14:01:20.445+0900][9.026s][info][gc,marking  ] GC(75) Concurrent Cleanup for Next Mark 0.364ms
[2026-03-26T14:01:20.445+0900][9.026s][info][gc          ] GC(75) Concurrent Mark Cycle 3.406ms
[2026-03-26T14:01:20.607+0900][9.183s][info][gc,start    ] GC(76) Pause Young (Concurrent Start) (G1 Humongous Allocation)
[2026-03-26T14:01:20.607+0900][9.183s][info][gc,task     ] GC(76) Using 12 workers of 13 for evacuation
[2026-03-26T14:01:20.608+0900][9.183s][info][gc,phases   ] GC(76)   Pre Evacuate Collection Set: 0.2ms
[2026-03-26T14:01:20.608+0900][9.183s][info][gc,phases   ] GC(76)   Merge Heap Roots: 0.0ms
[2026-03-26T14:01:20.608+0900][9.183s][info][gc,phases   ] GC(76)   Evacuate Collection Set: 0.1ms
[2026-03-26T14:01:20.608+0900][9.183s][info][gc,phases   ] GC(76)   Post Evacuate Collection Set: 0.1ms
[2026-03-26T14:01:20.608+0900][9.183s][info][gc,phases   ] GC(76)   Other: 0.1ms
[2026-03-26T14:01:20.608+0900][9.183s][info][gc,heap     ] GC(76) Eden regions: 50->0(164)
[2026-03-26T14:01:20.608+0900][9.183s][info][gc,heap     ] GC(76) Survivor regions: 1->1(22)
[2026-03-26T14:01:20.608+0900][9.183s][info][gc,heap     ] GC(76) Old regions: 1->1
[2026-03-26T14:01:20.608+0900][9.183s][info][gc,heap     ] GC(76) Humongous regions: 318->318
[2026-03-26T14:01:20.608+0900][9.183s][info][gc,metaspace] GC(76) Metaspace: 309K(512K)->309K(512K) NonClass: 292K(384K)->292K(384K) Class: 17K(128K)->17K(128K)
[2026-03-26T14:01:20.608+0900][9.183s][info][gc          ] GC(76) Pause Young (Concurrent Start) (G1 Humongous Allocation) 368M->318M(512M) 0.816ms
[2026-03-26T14:01:20.608+0900][9.183s][info][gc,cpu      ] GC(76) User=0.00s Sys=0.00s Real=0.00s
[2026-03-26T14:01:20.608+0900][9.184s][info][gc          ] GC(77) Concurrent Mark Cycle
[2026-03-26T14:01:20.608+0900][9.184s][info][gc,marking  ] GC(77) Concurrent Scan Root Regions
[2026-03-26T14:01:20.608+0900][9.184s][info][gc,marking  ] GC(77) Concurrent Scan Root Regions 0.056ms
[2026-03-26T14:01:20.608+0900][9.184s][info][gc,marking  ] GC(77) Concurrent Mark
[2026-03-26T14:01:20.608+0900][9.184s][info][gc,marking  ] GC(77) Concurrent Mark From Roots
[2026-03-26T14:01:20.608+0900][9.184s][info][gc,task     ] GC(77) Using 3 workers of 3 for marking
[2026-03-26T14:01:20.609+0900][9.184s][info][gc,marking  ] GC(77) Concurrent Mark From Roots 0.850ms
[2026-03-26T14:01:20.609+0900][9.185s][info][gc,marking  ] GC(77) Concurrent Preclean
[2026-03-26T14:01:20.609+0900][9.185s][info][gc,marking  ] GC(77) Concurrent Preclean 0.015ms
[2026-03-26T14:01:20.609+0900][9.185s][info][gc,start    ] GC(77) Pause Remark
[2026-03-26T14:01:20.609+0900][9.185s][info][gc          ] GC(77) Pause Remark 324M->324M(512M) 0.421ms
[2026-03-26T14:01:20.609+0900][9.185s][info][gc,cpu      ] GC(77) User=0.00s Sys=0.00s Real=0.00s
[2026-03-26T14:01:20.609+0900][9.185s][info][gc,marking  ] GC(77) Concurrent Mark 1.460ms
[2026-03-26T14:01:20.609+0900][9.185s][info][gc,marking  ] GC(77) Concurrent Rebuild Remembered Sets and Scrub Regions
[2026-03-26T14:01:20.609+0900][9.185s][info][gc,marking  ] GC(77) Concurrent Rebuild Remembered Sets and Scrub Regions 0.378ms
[2026-03-26T14:01:20.610+0900][9.186s][info][gc,start    ] GC(77) Pause Cleanup
[2026-03-26T14:01:20.610+0900][9.186s][info][gc          ] GC(77) Pause Cleanup 324M->324M(512M) 0.147ms
[2026-03-26T14:01:20.610+0900][9.186s][info][gc,cpu      ] GC(77) User=0.00s Sys=0.00s Real=0.00s
[2026-03-26T14:01:20.610+0900][9.186s][info][gc,marking  ] GC(77) Concurrent Clear Claimed Marks
[2026-03-26T14:01:20.610+0900][9.186s][info][gc,marking  ] GC(77) Concurrent Clear Claimed Marks 0.035ms
[2026-03-26T14:01:20.610+0900][9.186s][info][gc,marking  ] GC(77) Concurrent Cleanup for Next Mark
[2026-03-26T14:01:20.611+0900][9.186s][info][gc,marking  ] GC(77) Concurrent Cleanup for Next Mark 0.262ms
[2026-03-26T14:01:20.611+0900][9.186s][info][gc          ] GC(77) Concurrent Mark Cycle 2.597ms
[2026-03-26T14:01:20.788+0900][9.364s][info][gc,start    ] GC(78) Pause Young (Concurrent Start) (G1 Humongous Allocation)
[2026-03-26T14:01:20.788+0900][9.364s][info][gc,task     ] GC(78) Using 12 workers of 13 for evacuation
[2026-03-26T14:01:20.788+0900][9.365s][info][gc,phases   ] GC(78)   Pre Evacuate Collection Set: 0.2ms
[2026-03-26T14:01:20.788+0900][9.365s][info][gc,phases   ] GC(78)   Merge Heap Roots: 0.1ms
[2026-03-26T14:01:20.788+0900][9.365s][info][gc,phases   ] GC(78)   Evacuate Collection Set: 0.1ms
[2026-03-26T14:01:20.788+0900][9.365s][info][gc,phases   ] GC(78)   Post Evacuate Collection Set: 0.2ms
[2026-03-26T14:01:20.788+0900][9.365s][info][gc,phases   ] GC(78)   Other: 0.2ms
[2026-03-26T14:01:20.788+0900][9.365s][info][gc,heap     ] GC(78) Eden regions: 50->0(158)
[2026-03-26T14:01:20.788+0900][9.365s][info][gc,heap     ] GC(78) Survivor regions: 1->1(21)
[2026-03-26T14:01:20.788+0900][9.365s][info][gc,heap     ] GC(78) Old regions: 1->1
[2026-03-26T14:01:20.788+0900][9.365s][info][gc,heap     ] GC(78) Humongous regions: 324->324
[2026-03-26T14:01:20.788+0900][9.365s][info][gc,metaspace] GC(78) Metaspace: 309K(512K)->309K(512K) NonClass: 292K(384K)->292K(384K) Class: 17K(128K)->17K(128K)
[2026-03-26T14:01:20.788+0900][9.365s][info][gc          ] GC(78) Pause Young (Concurrent Start) (G1 Humongous Allocation) 374M->324M(512M) 0.966ms
[2026-03-26T14:01:20.788+0900][9.365s][info][gc,cpu      ] GC(78) User=0.00s Sys=0.00s Real=0.00s
[2026-03-26T14:01:20.788+0900][9.365s][info][gc          ] GC(79) Concurrent Mark Cycle
[2026-03-26T14:01:20.788+0900][9.365s][info][gc,marking  ] GC(79) Concurrent Scan Root Regions
[2026-03-26T14:01:20.788+0900][9.365s][info][gc,marking  ] GC(79) Concurrent Scan Root Regions 0.052ms
[2026-03-26T14:01:20.788+0900][9.365s][info][gc,marking  ] GC(79) Concurrent Mark
[2026-03-26T14:01:20.788+0900][9.365s][info][gc,marking  ] GC(79) Concurrent Mark From Roots
[2026-03-26T14:01:20.788+0900][9.365s][info][gc,task     ] GC(79) Using 3 workers of 3 for marking
[2026-03-26T14:01:20.791+0900][9.366s][info][gc,marking  ] GC(79) Concurrent Mark From Roots 1.184ms
[2026-03-26T14:01:20.791+0900][9.366s][info][gc,marking  ] GC(79) Concurrent Preclean
[2026-03-26T14:01:20.791+0900][9.366s][info][gc,marking  ] GC(79) Concurrent Preclean 0.016ms
[2026-03-26T14:01:20.791+0900][9.366s][info][gc,start    ] GC(79) Pause Remark
[2026-03-26T14:01:20.791+0900][9.367s][info][gc          ] GC(79) Pause Remark 330M->330M(512M) 0.523ms
[2026-03-26T14:01:20.791+0900][9.367s][info][gc,cpu      ] GC(79) User=0.00s Sys=0.00s Real=0.00s
[2026-03-26T14:01:20.791+0900][9.367s][info][gc,marking  ] GC(79) Concurrent Mark 1.968ms
[2026-03-26T14:01:20.791+0900][9.367s][info][gc,marking  ] GC(79) Concurrent Rebuild Remembered Sets and Scrub Regions
[2026-03-26T14:01:20.791+0900][9.367s][info][gc,marking  ] GC(79) Concurrent Rebuild Remembered Sets and Scrub Regions 0.412ms
[2026-03-26T14:01:20.791+0900][9.368s][info][gc,start    ] GC(79) Pause Cleanup
[2026-03-26T14:01:20.791+0900][9.368s][info][gc          ] GC(79) Pause Cleanup 330M->330M(512M) 0.151ms
[2026-03-26T14:01:20.791+0900][9.368s][info][gc,cpu      ] GC(79) User=0.00s Sys=0.00s Real=0.00s
[2026-03-26T14:01:20.791+0900][9.368s][info][gc,marking  ] GC(79) Concurrent Clear Claimed Marks
[2026-03-26T14:01:20.791+0900][9.368s][info][gc,marking  ] GC(79) Concurrent Clear Claimed Marks 0.036ms
[2026-03-26T14:01:20.791+0900][9.368s][info][gc,marking  ] GC(79) Concurrent Cleanup for Next Mark
[2026-03-26T14:01:20.791+0900][9.368s][info][gc,marking  ] GC(79) Concurrent Cleanup for Next Mark 0.301ms
[2026-03-26T14:01:20.791+0900][9.368s][info][gc          ] GC(79) Concurrent Mark Cycle 3.259ms
[2026-03-26T14:01:20.951+0900][9.527s][info][gc,start    ] GC(80) Pause Young (Concurrent Start) (G1 Humongous Allocation)
[2026-03-26T14:01:20.951+0900][9.527s][info][gc,task     ] GC(80) Using 12 workers of 13 for evacuation
[2026-03-26T14:01:20.951+0900][9.529s][info][gc,phases   ] GC(80)   Pre Evacuate Collection Set: 0.5ms
[2026-03-26T14:01:20.951+0900][9.529s][info][gc,phases   ] GC(80)   Merge Heap Roots: 0.2ms
[2026-03-26T14:01:20.951+0900][9.529s][info][gc,phases   ] GC(80)   Evacuate Collection Set: 0.2ms
[2026-03-26T14:01:20.951+0900][9.529s][info][gc,phases   ] GC(80)   Post Evacuate Collection Set: 0.6ms
[2026-03-26T14:01:20.951+0900][9.529s][info][gc,phases   ] GC(80)   Other: 0.2ms
[2026-03-26T14:01:20.951+0900][9.529s][info][gc,heap     ] GC(80) Eden regions: 50->0(152)
[2026-03-26T14:01:20.951+0900][9.529s][info][gc,heap     ] GC(80) Survivor regions: 1->1(20)
[2026-03-26T14:01:20.951+0900][9.529s][info][gc,heap     ] GC(80) Old regions: 1->1
[2026-03-26T14:01:20.951+0900][9.529s][info][gc,heap     ] GC(80) Humongous regions: 330->330
[2026-03-26T14:01:20.951+0900][9.529s][info][gc,metaspace] GC(80) Metaspace: 309K(512K)->309K(512K) NonClass: 292K(384K)->292K(384K) Class: 17K(128K)->17K(128K)
[2026-03-26T14:01:20.951+0900][9.529s][info][gc          ] GC(80) Pause Young (Concurrent Start) (G1 Humongous Allocation) 380M->330M(512M) 2.259ms
[2026-03-26T14:01:20.951+0900][9.529s][info][gc,cpu      ] GC(80) User=0.00s Sys=0.00s Real=0.00s
[2026-03-26T14:01:20.951+0900][9.529s][info][gc          ] GC(81) Concurrent Mark Cycle
[2026-03-26T14:01:20.951+0900][9.529s][info][gc,marking  ] GC(81) Concurrent Scan Root Regions
[2026-03-26T14:01:20.951+0900][9.529s][info][gc,marking  ] GC(81) Concurrent Scan Root Regions 0.127ms
[2026-03-26T14:01:20.951+0900][9.530s][info][gc,marking  ] GC(81) Concurrent Mark
[2026-03-26T14:01:20.951+0900][9.530s][info][gc,marking  ] GC(81) Concurrent Mark From Roots
[2026-03-26T14:01:20.951+0900][9.530s][info][gc,task     ] GC(81) Using 3 workers of 3 for marking
[2026-03-26T14:01:20.951+0900][9.531s][info][gc,marking  ] GC(81) Concurrent Mark From Roots 1.181ms
[2026-03-26T14:01:20.951+0900][9.531s][info][gc,marking  ] GC(81) Concurrent Preclean
[2026-03-26T14:01:20.951+0900][9.531s][info][gc,marking  ] GC(81) Concurrent Preclean 0.018ms
[2026-03-26T14:01:20.951+0900][9.531s][info][gc,start    ] GC(81) Pause Remark
[2026-03-26T14:01:20.956+0900][9.532s][info][gc          ] GC(81) Pause Remark 336M->336M(512M) 1.029ms
[2026-03-26T14:01:20.956+0900][9.532s][info][gc,cpu      ] GC(81) User=0.00s Sys=0.00s Real=0.01s
[2026-03-26T14:01:20.956+0900][9.532s][info][gc,marking  ] GC(81) Concurrent Mark 2.547ms
[2026-03-26T14:01:20.956+0900][9.532s][info][gc,marking  ] GC(81) Concurrent Rebuild Remembered Sets and Scrub Regions
[2026-03-26T14:01:20.956+0900][9.533s][info][gc,marking  ] GC(81) Concurrent Rebuild Remembered Sets and Scrub Regions 0.567ms
[2026-03-26T14:01:20.956+0900][9.533s][info][gc,start    ] GC(81) Pause Cleanup
[2026-03-26T14:01:20.956+0900][9.533s][info][gc          ] GC(81) Pause Cleanup 336M->336M(512M) 0.147ms
[2026-03-26T14:01:20.956+0900][9.533s][info][gc,cpu      ] GC(81) User=0.00s Sys=0.00s Real=0.00s
[2026-03-26T14:01:20.956+0900][9.533s][info][gc,marking  ] GC(81) Concurrent Clear Claimed Marks
[2026-03-26T14:01:20.956+0900][9.533s][info][gc,marking  ] GC(81) Concurrent Clear Claimed Marks 0.053ms
[2026-03-26T14:01:20.956+0900][9.533s][info][gc,marking  ] GC(81) Concurrent Cleanup for Next Mark
[2026-03-26T14:01:20.956+0900][9.534s][info][gc,marking  ] GC(81) Concurrent Cleanup for Next Mark 0.363ms
[2026-03-26T14:01:20.956+0900][9.534s][info][gc          ] GC(81) Concurrent Mark Cycle 4.398ms
[2026-03-26T14:01:21.110+0900][9.686s][info][gc,start    ] GC(82) Pause Young (Concurrent Start) (G1 Humongous Allocation)
[2026-03-26T14:01:21.110+0900][9.686s][info][gc,task     ] GC(82) Using 12 workers of 13 for evacuation
[2026-03-26T14:01:21.112+0900][9.687s][info][gc,phases   ] GC(82)   Pre Evacuate Collection Set: 0.3ms
[2026-03-26T14:01:21.112+0900][9.687s][info][gc,phases   ] GC(82)   Merge Heap Roots: 0.1ms
[2026-03-26T14:01:21.112+0900][9.687s][info][gc,phases   ] GC(82)   Evacuate Collection Set: 0.4ms
[2026-03-26T14:01:21.112+0900][9.687s][info][gc,phases   ] GC(82)   Post Evacuate Collection Set: 0.3ms
[2026-03-26T14:01:21.112+0900][9.687s][info][gc,phases   ] GC(82)   Other: 0.1ms
[2026-03-26T14:01:21.112+0900][9.687s][info][gc,heap     ] GC(82) Eden regions: 50->0(146)
[2026-03-26T14:01:21.112+0900][9.687s][info][gc,heap     ] GC(82) Survivor regions: 1->1(20)
[2026-03-26T14:01:21.112+0900][9.687s][info][gc,heap     ] GC(82) Old regions: 1->1
[2026-03-26T14:01:21.112+0900][9.688s][info][gc,heap     ] GC(82) Humongous regions: 336->336
[2026-03-26T14:01:21.112+0900][9.688s][info][gc,metaspace] GC(82) Metaspace: 309K(512K)->309K(512K) NonClass: 292K(384K)->292K(384K) Class: 17K(128K)->17K(128K)
[2026-03-26T14:01:21.112+0900][9.688s][info][gc          ] GC(82) Pause Young (Concurrent Start) (G1 Humongous Allocation) 386M->336M(512M) 1.630ms
[2026-03-26T14:01:21.112+0900][9.688s][info][gc,cpu      ] GC(82) User=0.00s Sys=0.00s Real=0.00s
[2026-03-26T14:01:21.112+0900][9.688s][info][gc          ] GC(83) Concurrent Mark Cycle
[2026-03-26T14:01:21.113+0900][9.688s][info][gc,marking  ] GC(83) Concurrent Scan Root Regions
[2026-03-26T14:01:21.113+0900][9.688s][info][gc,marking  ] GC(83) Concurrent Scan Root Regions 0.079ms
[2026-03-26T14:01:21.113+0900][9.688s][info][gc,marking  ] GC(83) Concurrent Mark
[2026-03-26T14:01:21.113+0900][9.688s][info][gc,marking  ] GC(83) Concurrent Mark From Roots
[2026-03-26T14:01:21.113+0900][9.688s][info][gc,task     ] GC(83) Using 3 workers of 3 for marking
[2026-03-26T14:01:21.114+0900][9.689s][info][gc,marking  ] GC(83) Concurrent Mark From Roots 1.399ms
[2026-03-26T14:01:21.114+0900][9.689s][info][gc,marking  ] GC(83) Concurrent Preclean
[2026-03-26T14:01:21.114+0900][9.689s][info][gc,marking  ] GC(83) Concurrent Preclean 0.029ms
[2026-03-26T14:01:21.114+0900][9.689s][info][gc,start    ] GC(83) Pause Remark
[2026-03-26T14:01:21.115+0900][9.690s][info][gc          ] GC(83) Pause Remark 342M->342M(512M) 0.674ms
[2026-03-26T14:01:21.115+0900][9.690s][info][gc,cpu      ] GC(83) User=0.00s Sys=0.00s Real=0.00s
[2026-03-26T14:01:21.115+0900][9.690s][info][gc,marking  ] GC(83) Concurrent Mark 2.398ms
[2026-03-26T14:01:21.115+0900][9.690s][info][gc,marking  ] GC(83) Concurrent Rebuild Remembered Sets and Scrub Regions
[2026-03-26T14:01:21.115+0900][9.691s][info][gc,marking  ] GC(83) Concurrent Rebuild Remembered Sets and Scrub Regions 0.593ms
[2026-03-26T14:01:21.115+0900][9.691s][info][gc,start    ] GC(83) Pause Cleanup
[2026-03-26T14:01:21.115+0900][9.691s][info][gc          ] GC(83) Pause Cleanup 342M->342M(512M) 0.183ms
[2026-03-26T14:01:21.115+0900][9.691s][info][gc,cpu      ] GC(83) User=0.00s Sys=0.00s Real=0.00s
[2026-03-26T14:01:21.116+0900][9.691s][info][gc,marking  ] GC(83) Concurrent Clear Claimed Marks
[2026-03-26T14:01:21.116+0900][9.691s][info][gc,marking  ] GC(83) Concurrent Clear Claimed Marks 0.048ms
[2026-03-26T14:01:21.116+0900][9.691s][info][gc,marking  ] GC(83) Concurrent Cleanup for Next Mark
[2026-03-26T14:01:21.116+0900][9.692s][info][gc,marking  ] GC(83) Concurrent Cleanup for Next Mark 0.351ms
[2026-03-26T14:01:21.116+0900][9.692s][info][gc          ] GC(83) Concurrent Mark Cycle 4.097ms
[2026-03-26T14:01:21.289+0900][9.866s][info][gc,start    ] GC(84) Pause Young (Concurrent Start) (G1 Humongous Allocation)
[2026-03-26T14:01:21.289+0900][9.866s][info][gc,task     ] GC(84) Using 12 workers of 13 for evacuation
[2026-03-26T14:01:21.289+0900][9.867s][info][gc,phases   ] GC(84)   Pre Evacuate Collection Set: 0.5ms
[2026-03-26T14:01:21.289+0900][9.867s][info][gc,phases   ] GC(84)   Merge Heap Roots: 0.1ms
[2026-03-26T14:01:21.289+0900][9.867s][info][gc,phases   ] GC(84)   Evacuate Collection Set: 0.2ms
[2026-03-26T14:01:21.289+0900][9.867s][info][gc,phases   ] GC(84)   Post Evacuate Collection Set: 0.2ms
[2026-03-26T14:01:21.289+0900][9.867s][info][gc,phases   ] GC(84)   Other: 0.3ms
[2026-03-26T14:01:21.289+0900][9.867s][info][gc,heap     ] GC(84) Eden regions: 50->0(140)
[2026-03-26T14:01:21.289+0900][9.867s][info][gc,heap     ] GC(84) Survivor regions: 1->1(19)
[2026-03-26T14:01:21.289+0900][9.867s][info][gc,heap     ] GC(84) Old regions: 1->1
[2026-03-26T14:01:21.289+0900][9.867s][info][gc,heap     ] GC(84) Humongous regions: 342->342
[2026-03-26T14:01:21.289+0900][9.867s][info][gc,metaspace] GC(84) Metaspace: 309K(512K)->309K(512K) NonClass: 292K(384K)->292K(384K) Class: 17K(128K)->17K(128K)
[2026-03-26T14:01:21.289+0900][9.868s][info][gc          ] GC(84) Pause Young (Concurrent Start) (G1 Humongous Allocation) 392M->342M(512M) 1.861ms
[2026-03-26T14:01:21.289+0900][9.868s][info][gc,cpu      ] GC(84) User=0.00s Sys=0.00s Real=0.00s
[2026-03-26T14:01:21.289+0900][9.868s][info][gc          ] GC(85) Concurrent Mark Cycle
[2026-03-26T14:01:21.289+0900][9.868s][info][gc,marking  ] GC(85) Concurrent Scan Root Regions
[2026-03-26T14:01:21.289+0900][9.868s][info][gc,marking  ] GC(85) Concurrent Scan Root Regions 0.087ms
[2026-03-26T14:01:21.289+0900][9.868s][info][gc,marking  ] GC(85) Concurrent Mark
[2026-03-26T14:01:21.289+0900][9.868s][info][gc,marking  ] GC(85) Concurrent Mark From Roots
[2026-03-26T14:01:21.289+0900][9.868s][info][gc,task     ] GC(85) Using 3 workers of 3 for marking
[2026-03-26T14:01:21.289+0900][9.869s][info][gc,marking  ] GC(85) Concurrent Mark From Roots 1.258ms
[2026-03-26T14:01:21.289+0900][9.869s][info][gc,marking  ] GC(85) Concurrent Preclean
[2026-03-26T14:01:21.289+0900][9.869s][info][gc,marking  ] GC(85) Concurrent Preclean 0.022ms
[2026-03-26T14:01:21.289+0900][9.869s][info][gc,start    ] GC(85) Pause Remark
[2026-03-26T14:01:21.289+0900][9.870s][info][gc          ] GC(85) Pause Remark 348M->348M(512M) 1.088ms
[2026-03-26T14:01:21.289+0900][9.870s][info][gc,cpu      ] GC(85) User=0.00s Sys=0.00s Real=0.00s
[2026-03-26T14:01:21.289+0900][9.871s][info][gc,marking  ] GC(85) Concurrent Mark 2.752ms
[2026-03-26T14:01:21.289+0900][9.871s][info][gc,marking  ] GC(85) Concurrent Rebuild Remembered Sets and Scrub Regions
[2026-03-26T14:01:21.289+0900][9.871s][info][gc,marking  ] GC(85) Concurrent Rebuild Remembered Sets and Scrub Regions 0.665ms
[2026-03-26T14:01:21.289+0900][9.872s][info][gc,start    ] GC(85) Pause Cleanup
[2026-03-26T14:01:21.289+0900][9.872s][info][gc          ] GC(85) Pause Cleanup 348M->348M(512M) 0.235ms
[2026-03-26T14:01:21.289+0900][9.872s][info][gc,cpu      ] GC(85) User=0.00s Sys=0.00s Real=0.00s
[2026-03-26T14:01:21.289+0900][9.872s][info][gc,marking  ] GC(85) Concurrent Clear Claimed Marks
[2026-03-26T14:01:21.289+0900][9.872s][info][gc,marking  ] GC(85) Concurrent Clear Claimed Marks 0.056ms
[2026-03-26T14:01:21.289+0900][9.872s][info][gc,marking  ] GC(85) Concurrent Cleanup for Next Mark
[2026-03-26T14:01:21.297+0900][9.872s][info][gc,marking  ] GC(85) Concurrent Cleanup for Next Mark 0.377ms
[2026-03-26T14:01:21.297+0900][9.873s][info][gc          ] GC(85) Concurrent Mark Cycle 4.858ms
[2026-03-26T14:01:21.453+0900][10.029s][info][gc,start    ] GC(86) Pause Young (Concurrent Start) (G1 Humongous Allocation)
[2026-03-26T14:01:21.453+0900][10.029s][info][gc,task     ] GC(86) Using 12 workers of 13 for evacuation
[2026-03-26T14:01:21.453+0900][10.030s][info][gc,phases   ] GC(86)   Pre Evacuate Collection Set: 0.3ms
[2026-03-26T14:01:21.453+0900][10.030s][info][gc,phases   ] GC(86)   Merge Heap Roots: 0.1ms
[2026-03-26T14:01:21.453+0900][10.030s][info][gc,phases   ] GC(86)   Evacuate Collection Set: 0.2ms
[2026-03-26T14:01:21.453+0900][10.030s][info][gc,phases   ] GC(86)   Post Evacuate Collection Set: 0.3ms
[2026-03-26T14:01:21.453+0900][10.030s][info][gc,phases   ] GC(86)   Other: 0.1ms
[2026-03-26T14:01:21.453+0900][10.030s][info][gc,heap     ] GC(86) Eden regions: 50->0(134)
[2026-03-26T14:01:21.453+0900][10.030s][info][gc,heap     ] GC(86) Survivor regions: 1->1(18)
[2026-03-26T14:01:21.453+0900][10.030s][info][gc,heap     ] GC(86) Old regions: 1->1
[2026-03-26T14:01:21.453+0900][10.030s][info][gc,heap     ] GC(86) Humongous regions: 348->348
[2026-03-26T14:01:21.453+0900][10.030s][info][gc,metaspace] GC(86) Metaspace: 309K(512K)->309K(512K) NonClass: 292K(384K)->292K(384K) Class: 17K(128K)->17K(128K)
[2026-03-26T14:01:21.453+0900][10.030s][info][gc          ] GC(86) Pause Young (Concurrent Start) (G1 Humongous Allocation) 398M->348M(512M) 1.474ms
[2026-03-26T14:01:21.453+0900][10.030s][info][gc,cpu      ] GC(86) User=0.00s Sys=0.00s Real=0.00s
[2026-03-26T14:01:21.455+0900][10.030s][info][gc          ] GC(87) Concurrent Mark Cycle
[2026-03-26T14:01:21.455+0900][10.030s][info][gc,marking  ] GC(87) Concurrent Scan Root Regions
[2026-03-26T14:01:21.455+0900][10.030s][info][gc,marking  ] GC(87) Concurrent Scan Root Regions 0.066ms
[2026-03-26T14:01:21.455+0900][10.030s][info][gc,marking  ] GC(87) Concurrent Mark
[2026-03-26T14:01:21.455+0900][10.030s][info][gc,marking  ] GC(87) Concurrent Mark From Roots
[2026-03-26T14:01:21.455+0900][10.031s][info][gc,task     ] GC(87) Using 3 workers of 3 for marking
[2026-03-26T14:01:21.457+0900][10.032s][info][gc,marking  ] GC(87) Concurrent Mark From Roots 1.734ms
[2026-03-26T14:01:21.457+0900][10.032s][info][gc,marking  ] GC(87) Concurrent Preclean
[2026-03-26T14:01:21.457+0900][10.032s][info][gc,marking  ] GC(87) Concurrent Preclean 0.029ms
[2026-03-26T14:01:21.457+0900][10.032s][info][gc,start    ] GC(87) Pause Remark
[2026-03-26T14:01:21.457+0900][10.033s][info][gc          ] GC(87) Pause Remark 354M->354M(512M) 0.705ms
[2026-03-26T14:01:21.457+0900][10.033s][info][gc,cpu      ] GC(87) User=0.00s Sys=0.00s Real=0.00s
[2026-03-26T14:01:21.457+0900][10.033s][info][gc,marking  ] GC(87) Concurrent Mark 2.823ms
[2026-03-26T14:01:21.457+0900][10.033s][info][gc,marking  ] GC(87) Concurrent Rebuild Remembered Sets and Scrub Regions
[2026-03-26T14:01:21.457+0900][10.034s][info][gc,marking  ] GC(87) Concurrent Rebuild Remembered Sets and Scrub Regions 0.605ms
[2026-03-26T14:01:21.457+0900][10.034s][info][gc,start    ] GC(87) Pause Cleanup
[2026-03-26T14:01:21.457+0900][10.034s][info][gc          ] GC(87) Pause Cleanup 354M->354M(512M) 0.183ms
[2026-03-26T14:01:21.457+0900][10.034s][info][gc,cpu      ] GC(87) User=0.00s Sys=0.00s Real=0.00s
[2026-03-26T14:01:21.457+0900][10.034s][info][gc,marking  ] GC(87) Concurrent Clear Claimed Marks
[2026-03-26T14:01:21.457+0900][10.034s][info][gc,marking  ] GC(87) Concurrent Clear Claimed Marks 0.055ms
[2026-03-26T14:01:21.457+0900][10.034s][info][gc,marking  ] GC(87) Concurrent Cleanup for Next Mark
[2026-03-26T14:01:21.457+0900][10.035s][info][gc,marking  ] GC(87) Concurrent Cleanup for Next Mark 0.441ms
[2026-03-26T14:01:21.457+0900][10.035s][info][gc          ] GC(87) Concurrent Mark Cycle 4.586ms
[2026-03-26T14:01:21.620+0900][10.196s][info][gc,start    ] GC(88) Pause Young (Concurrent Start) (G1 Humongous Allocation)
[2026-03-26T14:01:21.620+0900][10.196s][info][gc,task     ] GC(88) Using 12 workers of 13 for evacuation
[2026-03-26T14:01:21.620+0900][10.198s][info][gc,phases   ] GC(88)   Pre Evacuate Collection Set: 0.4ms
[2026-03-26T14:01:21.620+0900][10.198s][info][gc,phases   ] GC(88)   Merge Heap Roots: 0.0ms
[2026-03-26T14:01:21.620+0900][10.198s][info][gc,phases   ] GC(88)   Evacuate Collection Set: 0.2ms
[2026-03-26T14:01:21.620+0900][10.198s][info][gc,phases   ] GC(88)   Post Evacuate Collection Set: 0.5ms
[2026-03-26T14:01:21.620+0900][10.198s][info][gc,phases   ] GC(88)   Other: 0.1ms
[2026-03-26T14:01:21.620+0900][10.198s][info][gc,heap     ] GC(88) Eden regions: 50->0(128)
[2026-03-26T14:01:21.620+0900][10.198s][info][gc,heap     ] GC(88) Survivor regions: 1->1(17)
[2026-03-26T14:01:21.620+0900][10.198s][info][gc,heap     ] GC(88) Old regions: 1->1
[2026-03-26T14:01:21.620+0900][10.198s][info][gc,heap     ] GC(88) Humongous regions: 354->354
[2026-03-26T14:01:21.620+0900][10.198s][info][gc,metaspace] GC(88) Metaspace: 309K(512K)->309K(512K) NonClass: 292K(384K)->292K(384K) Class: 17K(128K)->17K(128K)
[2026-03-26T14:01:21.620+0900][10.198s][info][gc          ] GC(88) Pause Young (Concurrent Start) (G1 Humongous Allocation) 404M->354M(512M) 1.590ms
[2026-03-26T14:01:21.620+0900][10.198s][info][gc,cpu      ] GC(88) User=0.00s Sys=0.00s Real=0.00s
[2026-03-26T14:01:21.620+0900][10.198s][info][gc          ] GC(89) Concurrent Mark Cycle
[2026-03-26T14:01:21.620+0900][10.198s][info][gc,marking  ] GC(89) Concurrent Scan Root Regions
[2026-03-26T14:01:21.623+0900][10.198s][info][gc,marking  ] GC(89) Concurrent Scan Root Regions 0.130ms
[2026-03-26T14:01:21.623+0900][10.198s][info][gc,marking  ] GC(89) Concurrent Mark
[2026-03-26T14:01:21.623+0900][10.198s][info][gc,marking  ] GC(89) Concurrent Mark From Roots
[2026-03-26T14:01:21.623+0900][10.198s][info][gc,task     ] GC(89) Using 3 workers of 3 for marking
[2026-03-26T14:01:21.623+0900][10.199s][info][gc,marking  ] GC(89) Concurrent Mark From Roots 0.916ms
[2026-03-26T14:01:21.623+0900][10.199s][info][gc,marking  ] GC(89) Concurrent Preclean
[2026-03-26T14:01:21.623+0900][10.199s][info][gc,marking  ] GC(89) Concurrent Preclean 0.028ms
[2026-03-26T14:01:21.623+0900][10.199s][info][gc,start    ] GC(89) Pause Remark
[2026-03-26T14:01:21.623+0900][10.200s][info][gc          ] GC(89) Pause Remark 361M->361M(512M) 0.843ms
[2026-03-26T14:01:21.623+0900][10.200s][info][gc,cpu      ] GC(89) User=0.00s Sys=0.00s Real=0.00s
[2026-03-26T14:01:21.623+0900][10.200s][info][gc,marking  ] GC(89) Concurrent Mark 2.090ms
[2026-03-26T14:01:21.623+0900][10.200s][info][gc,marking  ] GC(89) Concurrent Rebuild Remembered Sets and Scrub Regions
[2026-03-26T14:01:21.623+0900][10.201s][info][gc,marking  ] GC(89) Concurrent Rebuild Remembered Sets and Scrub Regions 0.523ms
[2026-03-26T14:01:21.623+0900][10.201s][info][gc,start    ] GC(89) Pause Cleanup
[2026-03-26T14:01:21.623+0900][10.201s][info][gc          ] GC(89) Pause Cleanup 361M->361M(512M) 0.200ms
[2026-03-26T14:01:21.623+0900][10.201s][info][gc,cpu      ] GC(89) User=0.00s Sys=0.00s Real=0.00s
[2026-03-26T14:01:21.623+0900][10.201s][info][gc,marking  ] GC(89) Concurrent Clear Claimed Marks
[2026-03-26T14:01:21.623+0900][10.201s][info][gc,marking  ] GC(89) Concurrent Clear Claimed Marks 0.045ms
[2026-03-26T14:01:21.623+0900][10.201s][info][gc,marking  ] GC(89) Concurrent Cleanup for Next Mark
[2026-03-26T14:01:21.623+0900][10.202s][info][gc,marking  ] GC(89) Concurrent Cleanup for Next Mark 0.328ms
[2026-03-26T14:01:21.623+0900][10.202s][info][gc          ] GC(89) Concurrent Mark Cycle 3.749ms
[2026-03-26T14:01:21.794+0900][10.369s][info][gc,start    ] GC(90) Pause Young (Concurrent Start) (G1 Humongous Allocation)
[2026-03-26T14:01:21.794+0900][10.369s][info][gc,task     ] GC(90) Using 12 workers of 13 for evacuation
[2026-03-26T14:01:21.794+0900][10.370s][info][gc,phases   ] GC(90)   Pre Evacuate Collection Set: 0.2ms
[2026-03-26T14:01:21.794+0900][10.370s][info][gc,phases   ] GC(90)   Merge Heap Roots: 0.1ms
[2026-03-26T14:01:21.794+0900][10.370s][info][gc,phases   ] GC(90)   Evacuate Collection Set: 0.2ms
[2026-03-26T14:01:21.794+0900][10.370s][info][gc,phases   ] GC(90)   Post Evacuate Collection Set: 0.3ms
[2026-03-26T14:01:21.794+0900][10.370s][info][gc,phases   ] GC(90)   Other: 0.1ms
[2026-03-26T14:01:21.794+0900][10.370s][info][gc,heap     ] GC(90) Eden regions: 50->0(122)
[2026-03-26T14:01:21.794+0900][10.370s][info][gc,heap     ] GC(90) Survivor regions: 1->1(17)
[2026-03-26T14:01:21.794+0900][10.370s][info][gc,heap     ] GC(90) Old regions: 1->1
[2026-03-26T14:01:21.794+0900][10.370s][info][gc,heap     ] GC(90) Humongous regions: 360->360
[2026-03-26T14:01:21.794+0900][10.370s][info][gc,metaspace] GC(90) Metaspace: 309K(512K)->309K(512K) NonClass: 292K(384K)->292K(384K) Class: 17K(128K)->17K(128K)
[2026-03-26T14:01:21.794+0900][10.371s][info][gc          ] GC(90) Pause Young (Concurrent Start) (G1 Humongous Allocation) 410M->360M(512M) 1.183ms
[2026-03-26T14:01:21.794+0900][10.371s][info][gc,cpu      ] GC(90) User=0.00s Sys=0.00s Real=0.00s
[2026-03-26T14:01:21.794+0900][10.371s][info][gc          ] GC(91) Concurrent Mark Cycle
[2026-03-26T14:01:21.794+0900][10.371s][info][gc,marking  ] GC(91) Concurrent Scan Root Regions
[2026-03-26T14:01:21.794+0900][10.371s][info][gc,marking  ] GC(91) Concurrent Scan Root Regions 0.102ms
[2026-03-26T14:01:21.794+0900][10.371s][info][gc,marking  ] GC(91) Concurrent Mark
[2026-03-26T14:01:21.794+0900][10.371s][info][gc,marking  ] GC(91) Concurrent Mark From Roots
[2026-03-26T14:01:21.794+0900][10.371s][info][gc,task     ] GC(91) Using 3 workers of 3 for marking
[2026-03-26T14:01:21.794+0900][10.372s][info][gc,marking  ] GC(91) Concurrent Mark From Roots 1.232ms
[2026-03-26T14:01:21.794+0900][10.372s][info][gc,marking  ] GC(91) Concurrent Preclean
[2026-03-26T14:01:21.794+0900][10.372s][info][gc,marking  ] GC(91) Concurrent Preclean 0.026ms
[2026-03-26T14:01:21.794+0900][10.372s][info][gc,start    ] GC(91) Pause Remark
[2026-03-26T14:01:21.794+0900][10.373s][info][gc          ] GC(91) Pause Remark 366M->366M(512M) 0.651ms
[2026-03-26T14:01:21.794+0900][10.373s][info][gc,cpu      ] GC(91) User=0.00s Sys=0.00s Real=0.00s
[2026-03-26T14:01:21.794+0900][10.373s][info][gc,marking  ] GC(91) Concurrent Mark 2.136ms
[2026-03-26T14:01:21.794+0900][10.373s][info][gc,marking  ] GC(91) Concurrent Rebuild Remembered Sets and Scrub Regions
[2026-03-26T14:01:21.798+0900][10.373s][info][gc,marking  ] GC(91) Concurrent Rebuild Remembered Sets and Scrub Regions 0.402ms
[2026-03-26T14:01:21.798+0900][10.373s][info][gc,start    ] GC(91) Pause Cleanup
[2026-03-26T14:01:21.798+0900][10.374s][info][gc          ] GC(91) Pause Cleanup 366M->366M(512M) 0.135ms
[2026-03-26T14:01:21.798+0900][10.374s][info][gc,cpu      ] GC(91) User=0.00s Sys=0.00s Real=0.00s
[2026-03-26T14:01:21.798+0900][10.374s][info][gc,marking  ] GC(91) Concurrent Clear Claimed Marks
[2026-03-26T14:01:21.798+0900][10.374s][info][gc,marking  ] GC(91) Concurrent Clear Claimed Marks 0.022ms
[2026-03-26T14:01:21.798+0900][10.374s][info][gc,marking  ] GC(91) Concurrent Cleanup for Next Mark
[2026-03-26T14:01:21.798+0900][10.374s][info][gc,marking  ] GC(91) Concurrent Cleanup for Next Mark 0.346ms
[2026-03-26T14:01:21.798+0900][10.374s][info][gc          ] GC(91) Concurrent Mark Cycle 3.484ms
[2026-03-26T14:01:21.964+0900][10.539s][info][gc,start    ] GC(92) Pause Young (Concurrent Start) (G1 Humongous Allocation)
[2026-03-26T14:01:21.964+0900][10.539s][info][gc,task     ] GC(92) Using 12 workers of 13 for evacuation
[2026-03-26T14:01:21.964+0900][10.540s][info][gc,phases   ] GC(92)   Pre Evacuate Collection Set: 0.2ms
[2026-03-26T14:01:21.964+0900][10.540s][info][gc,phases   ] GC(92)   Merge Heap Roots: 0.0ms
[2026-03-26T14:01:21.964+0900][10.540s][info][gc,phases   ] GC(92)   Evacuate Collection Set: 0.2ms
[2026-03-26T14:01:21.964+0900][10.540s][info][gc,phases   ] GC(92)   Post Evacuate Collection Set: 0.2ms
[2026-03-26T14:01:21.964+0900][10.540s][info][gc,phases   ] GC(92)   Other: 0.1ms
[2026-03-26T14:01:21.964+0900][10.540s][info][gc,heap     ] GC(92) Eden regions: 50->0(206)
[2026-03-26T14:01:21.964+0900][10.540s][info][gc,heap     ] GC(92) Survivor regions: 1->1(16)
[2026-03-26T14:01:21.964+0900][10.540s][info][gc,heap     ] GC(92) Old regions: 1->1
[2026-03-26T14:01:21.964+0900][10.540s][info][gc,heap     ] GC(92) Humongous regions: 366->276
[2026-03-26T14:01:21.964+0900][10.540s][info][gc,metaspace] GC(92) Metaspace: 309K(512K)->309K(512K) NonClass: 292K(384K)->292K(384K) Class: 17K(128K)->17K(128K)
[2026-03-26T14:01:21.964+0900][10.540s][info][gc          ] GC(92) Pause Young (Concurrent Start) (G1 Humongous Allocation) 416M->276M(512M) 0.914ms
[2026-03-26T14:01:21.964+0900][10.540s][info][gc,cpu      ] GC(92) User=0.02s Sys=0.00s Real=0.00s
[2026-03-26T14:01:21.964+0900][10.540s][info][gc          ] GC(93) Concurrent Mark Cycle
[2026-03-26T14:01:21.964+0900][10.540s][info][gc,marking  ] GC(93) Concurrent Scan Root Regions
[2026-03-26T14:01:21.964+0900][10.540s][info][gc,marking  ] GC(93) Concurrent Scan Root Regions 0.040ms
[2026-03-26T14:01:21.964+0900][10.540s][info][gc,marking  ] GC(93) Concurrent Mark
[2026-03-26T14:01:21.964+0900][10.540s][info][gc,marking  ] GC(93) Concurrent Mark From Roots
[2026-03-26T14:01:21.964+0900][10.540s][info][gc,task     ] GC(93) Using 3 workers of 3 for marking
[2026-03-26T14:01:21.965+0900][10.541s][info][gc,marking  ] GC(93) Concurrent Mark From Roots 0.870ms
[2026-03-26T14:01:21.965+0900][10.541s][info][gc,marking  ] GC(93) Concurrent Preclean
[2026-03-26T14:01:21.965+0900][10.541s][info][gc,marking  ] GC(93) Concurrent Preclean 0.022ms
[2026-03-26T14:01:21.978+0900][10.554s][info][gc,start    ] GC(93) Pause Remark
[2026-03-26T14:01:21.978+0900][10.554s][info][gc          ] GC(93) Pause Remark 276M->276M(512M) 0.668ms
[2026-03-26T14:01:21.978+0900][10.554s][info][gc,cpu      ] GC(93) User=0.00s Sys=0.00s Real=0.00s
[2026-03-26T14:01:21.978+0900][10.554s][info][gc,marking  ] GC(93) Concurrent Mark 14.117ms
[2026-03-26T14:01:21.978+0900][10.554s][info][gc,marking  ] GC(93) Concurrent Rebuild Remembered Sets and Scrub Regions
[2026-03-26T14:01:21.978+0900][10.555s][info][gc,marking  ] GC(93) Concurrent Rebuild Remembered Sets and Scrub Regions 0.407ms
[2026-03-26T14:01:21.978+0900][10.555s][info][gc,start    ] GC(93) Pause Cleanup
[2026-03-26T14:01:21.978+0900][10.555s][info][gc          ] GC(93) Pause Cleanup 282M->282M(512M) 0.116ms
[2026-03-26T14:01:21.978+0900][10.555s][info][gc,cpu      ] GC(93) User=0.00s Sys=0.00s Real=0.00s
[2026-03-26T14:01:21.978+0900][10.555s][info][gc,marking  ] GC(93) Concurrent Clear Claimed Marks
[2026-03-26T14:01:21.978+0900][10.556s][info][gc,marking  ] GC(93) Concurrent Clear Claimed Marks 0.054ms
[2026-03-26T14:01:21.978+0900][10.556s][info][gc,marking  ] GC(93) Concurrent Cleanup for Next Mark
[2026-03-26T14:01:21.978+0900][10.556s][info][gc,marking  ] GC(93) Concurrent Cleanup for Next Mark 0.326ms
[2026-03-26T14:01:21.978+0900][10.556s][info][gc          ] GC(93) Concurrent Mark Cycle 15.769ms
[2026-03-26T14:01:22.151+0900][10.727s][info][gc,start    ] GC(94) Pause Young (Concurrent Start) (G1 Humongous Allocation)
[2026-03-26T14:01:22.151+0900][10.727s][info][gc,task     ] GC(94) Using 12 workers of 13 for evacuation
[2026-03-26T14:01:22.153+0900][10.729s][info][gc,phases   ] GC(94)   Pre Evacuate Collection Set: 0.4ms
[2026-03-26T14:01:22.153+0900][10.729s][info][gc,phases   ] GC(94)   Merge Heap Roots: 0.1ms
[2026-03-26T14:01:22.153+0900][10.729s][info][gc,phases   ] GC(94)   Evacuate Collection Set: 0.2ms
[2026-03-26T14:01:22.153+0900][10.729s][info][gc,phases   ] GC(94)   Post Evacuate Collection Set: 0.3ms
[2026-03-26T14:01:22.153+0900][10.729s][info][gc,phases   ] GC(94)   Other: 0.2ms
[2026-03-26T14:01:22.153+0900][10.729s][info][gc,heap     ] GC(94) Eden regions: 50->0(200)
[2026-03-26T14:01:22.153+0900][10.729s][info][gc,heap     ] GC(94) Survivor regions: 1->1(26)
[2026-03-26T14:01:22.153+0900][10.729s][info][gc,heap     ] GC(94) Old regions: 1->1
[2026-03-26T14:01:22.153+0900][10.729s][info][gc,heap     ] GC(94) Humongous regions: 282->282
[2026-03-26T14:01:22.153+0900][10.729s][info][gc,metaspace] GC(94) Metaspace: 309K(512K)->309K(512K) NonClass: 292K(384K)->292K(384K) Class: 17K(128K)->17K(128K)
[2026-03-26T14:01:22.153+0900][10.729s][info][gc          ] GC(94) Pause Young (Concurrent Start) (G1 Humongous Allocation) 332M->282M(512M) 1.771ms
[2026-03-26T14:01:22.153+0900][10.729s][info][gc,cpu      ] GC(94) User=0.00s Sys=0.00s Real=0.00s
[2026-03-26T14:01:22.153+0900][10.729s][info][gc          ] GC(95) Concurrent Mark Cycle
[2026-03-26T14:01:22.153+0900][10.729s][info][gc,marking  ] GC(95) Concurrent Scan Root Regions
[2026-03-26T14:01:22.153+0900][10.729s][info][gc,marking  ] GC(95) Concurrent Scan Root Regions 0.109ms
[2026-03-26T14:01:22.153+0900][10.729s][info][gc,marking  ] GC(95) Concurrent Mark
[2026-03-26T14:01:22.153+0900][10.729s][info][gc,marking  ] GC(95) Concurrent Mark From Roots
[2026-03-26T14:01:22.153+0900][10.729s][info][gc,task     ] GC(95) Using 3 workers of 3 for marking
[2026-03-26T14:01:22.153+0900][10.731s][info][gc,marking  ] GC(95) Concurrent Mark From Roots 1.731ms
[2026-03-26T14:01:22.153+0900][10.731s][info][gc,marking  ] GC(95) Concurrent Preclean
[2026-03-26T14:01:22.153+0900][10.731s][info][gc,marking  ] GC(95) Concurrent Preclean 0.034ms
[2026-03-26T14:01:22.156+0900][10.731s][info][gc,start    ] GC(95) Pause Remark
[2026-03-26T14:01:22.157+0900][10.733s][info][gc          ] GC(95) Pause Remark 288M->288M(512M) 1.383ms
[2026-03-26T14:01:22.157+0900][10.733s][info][gc,cpu      ] GC(95) User=0.00s Sys=0.00s Real=0.00s
[2026-03-26T14:01:22.157+0900][10.733s][info][gc,marking  ] GC(95) Concurrent Mark 3.557ms
[2026-03-26T14:01:22.157+0900][10.733s][info][gc,marking  ] GC(95) Concurrent Rebuild Remembered Sets and Scrub Regions
[2026-03-26T14:01:22.157+0900][10.734s][info][gc,marking  ] GC(95) Concurrent Rebuild Remembered Sets and Scrub Regions 0.778ms
[2026-03-26T14:01:22.157+0900][10.734s][info][gc,start    ] GC(95) Pause Cleanup
[2026-03-26T14:01:22.157+0900][10.734s][info][gc          ] GC(95) Pause Cleanup 288M->288M(512M) 0.322ms
[2026-03-26T14:01:22.157+0900][10.734s][info][gc,cpu      ] GC(95) User=0.00s Sys=0.00s Real=0.00s
[2026-03-26T14:01:22.157+0900][10.735s][info][gc,marking  ] GC(95) Concurrent Clear Claimed Marks
[2026-03-26T14:01:22.157+0900][10.735s][info][gc,marking  ] GC(95) Concurrent Clear Claimed Marks 0.075ms
[2026-03-26T14:01:22.157+0900][10.735s][info][gc,marking  ] GC(95) Concurrent Cleanup for Next Mark
[2026-03-26T14:01:22.160+0900][10.735s][info][gc,marking  ] GC(95) Concurrent Cleanup for Next Mark 0.500ms
[2026-03-26T14:01:22.160+0900][10.735s][info][gc          ] GC(95) Concurrent Mark Cycle 6.022ms
[2026-03-26T14:01:22.312+0900][10.888s][info][gc,start    ] GC(96) Pause Young (Concurrent Start) (G1 Humongous Allocation)
[2026-03-26T14:01:22.312+0900][10.889s][info][gc,task     ] GC(96) Using 12 workers of 13 for evacuation
[2026-03-26T14:01:22.312+0900][10.891s][info][gc,phases   ] GC(96)   Pre Evacuate Collection Set: 0.7ms
[2026-03-26T14:01:22.312+0900][10.891s][info][gc,phases   ] GC(96)   Merge Heap Roots: 0.3ms
[2026-03-26T14:01:22.312+0900][10.891s][info][gc,phases   ] GC(96)   Evacuate Collection Set: 0.4ms
[2026-03-26T14:01:22.312+0900][10.891s][info][gc,phases   ] GC(96)   Post Evacuate Collection Set: 0.8ms
[2026-03-26T14:01:22.312+0900][10.892s][info][gc,phases   ] GC(96)   Other: 0.4ms
[2026-03-26T14:01:22.312+0900][10.892s][info][gc,heap     ] GC(96) Eden regions: 50->0(194)
[2026-03-26T14:01:22.312+0900][10.892s][info][gc,heap     ] GC(96) Survivor regions: 1->1(26)
[2026-03-26T14:01:22.312+0900][10.892s][info][gc,heap     ] GC(96) Old regions: 1->1
[2026-03-26T14:01:22.312+0900][10.892s][info][gc,heap     ] GC(96) Humongous regions: 288->288
[2026-03-26T14:01:22.312+0900][10.892s][info][gc,metaspace] GC(96) Metaspace: 309K(512K)->309K(512K) NonClass: 292K(384K)->292K(384K) Class: 17K(128K)->17K(128K)
[2026-03-26T14:01:22.312+0900][10.892s][info][gc          ] GC(96) Pause Young (Concurrent Start) (G1 Humongous Allocation) 338M->288M(512M) 3.268ms
[2026-03-26T14:01:22.312+0900][10.892s][info][gc,cpu      ] GC(96) User=0.00s Sys=0.00s Real=0.00s
[2026-03-26T14:01:22.312+0900][10.892s][info][gc          ] GC(97) Concurrent Mark Cycle
[2026-03-26T14:01:22.312+0900][10.892s][info][gc,marking  ] GC(97) Concurrent Scan Root Regions
[2026-03-26T14:01:22.312+0900][10.892s][info][gc,marking  ] GC(97) Concurrent Scan Root Regions 0.249ms
[2026-03-26T14:01:22.312+0900][10.892s][info][gc,marking  ] GC(97) Concurrent Mark
[2026-03-26T14:01:22.312+0900][10.892s][info][gc,marking  ] GC(97) Concurrent Mark From Roots
[2026-03-26T14:01:22.317+0900][10.892s][info][gc,task     ] GC(97) Using 3 workers of 3 for marking
[2026-03-26T14:01:22.317+0900][10.894s][info][gc,marking  ] GC(97) Concurrent Mark From Roots 1.868ms
[2026-03-26T14:01:22.317+0900][10.894s][info][gc,marking  ] GC(97) Concurrent Preclean
[2026-03-26T14:01:22.317+0900][10.894s][info][gc,marking  ] GC(97) Concurrent Preclean 0.037ms
[2026-03-26T14:01:22.317+0900][10.895s][info][gc,start    ] GC(97) Pause Remark
[2026-03-26T14:01:22.321+0900][10.896s][info][gc          ] GC(97) Pause Remark 294M->294M(512M) 1.511ms
[2026-03-26T14:01:22.321+0900][10.896s][info][gc,cpu      ] GC(97) User=0.00s Sys=0.00s Real=0.00s
[2026-03-26T14:01:22.321+0900][10.896s][info][gc,marking  ] GC(97) Concurrent Mark 3.944ms
[2026-03-26T14:01:22.321+0900][10.896s][info][gc,marking  ] GC(97) Concurrent Rebuild Remembered Sets and Scrub Regions
[2026-03-26T14:01:22.321+0900][10.897s][info][gc,marking  ] GC(97) Concurrent Rebuild Remembered Sets and Scrub Regions 0.936ms
[2026-03-26T14:01:22.321+0900][10.897s][info][gc,start    ] GC(97) Pause Cleanup
[2026-03-26T14:01:22.321+0900][10.898s][info][gc          ] GC(97) Pause Cleanup 294M->294M(512M) 0.328ms
[2026-03-26T14:01:22.321+0900][10.898s][info][gc,cpu      ] GC(97) User=0.00s Sys=0.00s Real=0.00s
[2026-03-26T14:01:22.321+0900][10.898s][info][gc,marking  ] GC(97) Concurrent Clear Claimed Marks
[2026-03-26T14:01:22.321+0900][10.898s][info][gc,marking  ] GC(97) Concurrent Clear Claimed Marks 0.111ms
[2026-03-26T14:01:22.321+0900][10.898s][info][gc,marking  ] GC(97) Concurrent Cleanup for Next Mark
[2026-03-26T14:01:22.323+0900][10.899s][info][gc,marking  ] GC(97) Concurrent Cleanup for Next Mark 0.457ms
[2026-03-26T14:01:22.323+0900][10.899s][info][gc          ] GC(97) Concurrent Mark Cycle 6.859ms
[2026-03-26T14:01:22.479+0900][11.055s][info][gc,start    ] GC(98) Pause Young (Concurrent Start) (G1 Humongous Allocation)
[2026-03-26T14:01:22.479+0900][11.055s][info][gc,task     ] GC(98) Using 12 workers of 13 for evacuation
[2026-03-26T14:01:22.479+0900][11.057s][info][gc,phases   ] GC(98)   Pre Evacuate Collection Set: 0.4ms
[2026-03-26T14:01:22.479+0900][11.057s][info][gc,phases   ] GC(98)   Merge Heap Roots: 0.2ms
[2026-03-26T14:01:22.479+0900][11.057s][info][gc,phases   ] GC(98)   Evacuate Collection Set: 0.3ms
[2026-03-26T14:01:22.479+0900][11.057s][info][gc,phases   ] GC(98)   Post Evacuate Collection Set: 0.8ms
[2026-03-26T14:01:22.479+0900][11.058s][info][gc,phases   ] GC(98)   Other: 0.4ms
[2026-03-26T14:01:22.479+0900][11.058s][info][gc,heap     ] GC(98) Eden regions: 50->0(188)
[2026-03-26T14:01:22.479+0900][11.058s][info][gc,heap     ] GC(98) Survivor regions: 1->1(25)
[2026-03-26T14:01:22.479+0900][11.058s][info][gc,heap     ] GC(98) Old regions: 1->1
[2026-03-26T14:01:22.479+0900][11.058s][info][gc,heap     ] GC(98) Humongous regions: 294->294
[2026-03-26T14:01:22.479+0900][11.058s][info][gc,metaspace] GC(98) Metaspace: 309K(512K)->309K(512K) NonClass: 292K(384K)->292K(384K) Class: 17K(128K)->17K(128K)
[2026-03-26T14:01:22.479+0900][11.058s][info][gc          ] GC(98) Pause Young (Concurrent Start) (G1 Humongous Allocation) 344M->294M(512M) 2.644ms
[2026-03-26T14:01:22.479+0900][11.058s][info][gc,cpu      ] GC(98) User=0.02s Sys=0.00s Real=0.00s
[2026-03-26T14:01:22.479+0900][11.058s][info][gc          ] GC(99) Concurrent Mark Cycle
[2026-03-26T14:01:22.479+0900][11.058s][info][gc,marking  ] GC(99) Concurrent Scan Root Regions
[2026-03-26T14:01:22.479+0900][11.058s][info][gc,marking  ] GC(99) Concurrent Scan Root Regions 0.231ms
[2026-03-26T14:01:22.479+0900][11.058s][info][gc,marking  ] GC(99) Concurrent Mark
[2026-03-26T14:01:22.479+0900][11.058s][info][gc,marking  ] GC(99) Concurrent Mark From Roots
[2026-03-26T14:01:22.479+0900][11.058s][info][gc,task     ] GC(99) Using 3 workers of 3 for marking
[2026-03-26T14:01:22.479+0900][11.060s][info][gc,marking  ] GC(99) Concurrent Mark From Roots 1.856ms
[2026-03-26T14:01:22.479+0900][11.060s][info][gc,marking  ] GC(99) Concurrent Preclean
[2026-03-26T14:01:22.479+0900][11.060s][info][gc,marking  ] GC(99) Concurrent Preclean 0.036ms
[2026-03-26T14:01:22.479+0900][11.061s][info][gc,start    ] GC(99) Pause Remark
[2026-03-26T14:01:22.479+0900][11.062s][info][gc          ] GC(99) Pause Remark 300M->300M(512M) 1.599ms
[2026-03-26T14:01:22.487+0900][11.062s][info][gc,cpu      ] GC(99) User=0.00s Sys=0.00s Real=0.01s
[2026-03-26T14:01:22.487+0900][11.063s][info][gc,marking  ] GC(99) Concurrent Mark 4.280ms
[2026-03-26T14:01:22.487+0900][11.063s][info][gc,marking  ] GC(99) Concurrent Rebuild Remembered Sets and Scrub Regions
[2026-03-26T14:01:22.488+0900][11.064s][info][gc,marking  ] GC(99) Concurrent Rebuild Remembered Sets and Scrub Regions 0.876ms
[2026-03-26T14:01:22.488+0900][11.064s][info][gc,start    ] GC(99) Pause Cleanup
[2026-03-26T14:01:22.488+0900][11.064s][info][gc          ] GC(99) Pause Cleanup 300M->300M(512M) 0.319ms
[2026-03-26T14:01:22.488+0900][11.064s][info][gc,cpu      ] GC(99) User=0.00s Sys=0.00s Real=0.00s
[2026-03-26T14:01:22.488+0900][11.064s][info][gc,marking  ] GC(99) Concurrent Clear Claimed Marks
[2026-03-26T14:01:22.488+0900][11.064s][info][gc,marking  ] GC(99) Concurrent Clear Claimed Marks 0.116ms
[2026-03-26T14:01:22.488+0900][11.065s][info][gc,marking  ] GC(99) Concurrent Cleanup for Next Mark
[2026-03-26T14:01:22.488+0900][11.065s][info][gc,marking  ] GC(99) Concurrent Cleanup for Next Mark 0.593ms
[2026-03-26T14:01:22.488+0900][11.065s][info][gc          ] GC(99) Concurrent Mark Cycle 7.349ms
[2026-03-26T14:01:22.648+0900][11.224s][info][gc,start    ] GC(100) Pause Young (Concurrent Start) (G1 Humongous Allocation)
[2026-03-26T14:01:22.648+0900][11.224s][info][gc,task     ] GC(100) Using 12 workers of 13 for evacuation
[2026-03-26T14:01:22.648+0900][11.225s][info][gc,phases   ] GC(100)   Pre Evacuate Collection Set: 0.2ms
[2026-03-26T14:01:22.648+0900][11.225s][info][gc,phases   ] GC(100)   Merge Heap Roots: 0.1ms
[2026-03-26T14:01:22.648+0900][11.225s][info][gc,phases   ] GC(100)   Evacuate Collection Set: 0.4ms
[2026-03-26T14:01:22.648+0900][11.225s][info][gc,phases   ] GC(100)   Post Evacuate Collection Set: 0.3ms
[2026-03-26T14:01:22.648+0900][11.225s][info][gc,phases   ] GC(100)   Other: 0.1ms
[2026-03-26T14:01:22.648+0900][11.225s][info][gc,heap     ] GC(100) Eden regions: 50->0(184)
[2026-03-26T14:01:22.648+0900][11.225s][info][gc,heap     ] GC(100) Survivor regions: 1->0(24)
[2026-03-26T14:01:22.648+0900][11.225s][info][gc,heap     ] GC(100) Old regions: 1->1
[2026-03-26T14:01:22.648+0900][11.225s][info][gc,heap     ] GC(100) Humongous regions: 300->300
[2026-03-26T14:01:22.648+0900][11.225s][info][gc,metaspace] GC(100) Metaspace: 309K(512K)->309K(512K) NonClass: 292K(384K)->292K(384K) Class: 17K(128K)->17K(128K)
[2026-03-26T14:01:22.648+0900][11.225s][info][gc          ] GC(100) Pause Young (Concurrent Start) (G1 Humongous Allocation) 350M->300M(512M) 1.544ms
[2026-03-26T14:01:22.648+0900][11.225s][info][gc,cpu      ] GC(100) User=0.00s Sys=0.00s Real=0.00s
[2026-03-26T14:01:22.650+0900][11.225s][info][gc          ] GC(101) Concurrent Mark Cycle
[2026-03-26T14:01:22.650+0900][11.225s][info][gc,marking  ] GC(101) Concurrent Scan Root Regions
[2026-03-26T14:01:22.650+0900][11.226s][info][gc,marking  ] GC(101) Concurrent Scan Root Regions 0.055ms
[2026-03-26T14:01:22.650+0900][11.226s][info][gc,marking  ] GC(101) Concurrent Mark
[2026-03-26T14:01:22.650+0900][11.226s][info][gc,marking  ] GC(101) Concurrent Mark From Roots
[2026-03-26T14:01:22.650+0900][11.226s][info][gc,task     ] GC(101) Using 3 workers of 3 for marking
[2026-03-26T14:01:22.652+0900][11.227s][info][gc,marking  ] GC(101) Concurrent Mark From Roots 1.838ms
[2026-03-26T14:01:22.652+0900][11.227s][info][gc,marking  ] GC(101) Concurrent Preclean
[2026-03-26T14:01:22.652+0900][11.227s][info][gc,marking  ] GC(101) Concurrent Preclean 0.025ms
[2026-03-26T14:01:22.663+0900][11.238s][info][gc,start    ] GC(101) Pause Remark
[2026-03-26T14:01:22.663+0900][11.240s][info][gc          ] GC(101) Pause Remark 300M->300M(512M) 1.350ms
[2026-03-26T14:01:22.663+0900][11.240s][info][gc,cpu      ] GC(101) User=0.00s Sys=0.00s Real=0.00s
[2026-03-26T14:01:22.663+0900][11.240s][info][gc,marking  ] GC(101) Concurrent Mark 14.436ms
[2026-03-26T14:01:22.663+0900][11.240s][info][gc,marking  ] GC(101) Concurrent Rebuild Remembered Sets and Scrub Regions
[2026-03-26T14:01:22.665+0900][11.241s][info][gc,marking  ] GC(101) Concurrent Rebuild Remembered Sets and Scrub Regions 0.777ms
[2026-03-26T14:01:22.665+0900][11.241s][info][gc,start    ] GC(101) Pause Cleanup
[2026-03-26T14:01:22.665+0900][11.241s][info][gc          ] GC(101) Pause Cleanup 306M->306M(512M) 0.245ms
[2026-03-26T14:01:22.665+0900][11.241s][info][gc,cpu      ] GC(101) User=0.00s Sys=0.00s Real=0.00s
[2026-03-26T14:01:22.665+0900][11.241s][info][gc,marking  ] GC(101) Concurrent Clear Claimed Marks
[2026-03-26T14:01:22.665+0900][11.241s][info][gc,marking  ] GC(101) Concurrent Clear Claimed Marks 0.090ms
[2026-03-26T14:01:22.665+0900][11.241s][info][gc,marking  ] GC(101) Concurrent Cleanup for Next Mark
[2026-03-26T14:01:22.665+0900][11.242s][info][gc,marking  ] GC(101) Concurrent Cleanup for Next Mark 0.564ms
[2026-03-26T14:01:22.665+0900][11.242s][info][gc          ] GC(101) Concurrent Mark Cycle 16.676ms
[2026-03-26T14:01:22.825+0900][11.401s][info][gc,start    ] GC(102) Pause Young (Concurrent Start) (G1 Humongous Allocation)
[2026-03-26T14:01:22.825+0900][11.401s][info][gc,task     ] GC(102) Using 12 workers of 13 for evacuation
[2026-03-26T14:01:22.827+0900][11.402s][info][gc,phases   ] GC(102)   Pre Evacuate Collection Set: 0.3ms
[2026-03-26T14:01:22.827+0900][11.402s][info][gc,phases   ] GC(102)   Merge Heap Roots: 0.1ms
[2026-03-26T14:01:22.827+0900][11.402s][info][gc,phases   ] GC(102)   Evacuate Collection Set: 0.4ms
[2026-03-26T14:01:22.827+0900][11.402s][info][gc,phases   ] GC(102)   Post Evacuate Collection Set: 0.4ms
[2026-03-26T14:01:22.827+0900][11.402s][info][gc,phases   ] GC(102)   Other: 0.1ms
[2026-03-26T14:01:22.827+0900][11.402s][info][gc,heap     ] GC(102) Eden regions: 50->0(178)
[2026-03-26T14:01:22.827+0900][11.402s][info][gc,heap     ] GC(102) Survivor regions: 0->0(23)
[2026-03-26T14:01:22.827+0900][11.402s][info][gc,heap     ] GC(102) Old regions: 1->1
[2026-03-26T14:01:22.827+0900][11.403s][info][gc,heap     ] GC(102) Humongous regions: 306->306
[2026-03-26T14:01:22.827+0900][11.403s][info][gc,metaspace] GC(102) Metaspace: 309K(512K)->309K(512K) NonClass: 292K(384K)->292K(384K) Class: 17K(128K)->17K(128K)
[2026-03-26T14:01:22.827+0900][11.403s][info][gc          ] GC(102) Pause Young (Concurrent Start) (G1 Humongous Allocation) 356M->306M(512M) 1.903ms
[2026-03-26T14:01:22.827+0900][11.403s][info][gc,cpu      ] GC(102) User=0.00s Sys=0.00s Real=0.00s
[2026-03-26T14:01:22.827+0900][11.403s][info][gc          ] GC(103) Concurrent Mark Cycle
[2026-03-26T14:01:22.827+0900][11.403s][info][gc,marking  ] GC(103) Concurrent Scan Root Regions
[2026-03-26T14:01:22.827+0900][11.403s][info][gc,marking  ] GC(103) Concurrent Scan Root Regions 0.031ms
[2026-03-26T14:01:22.827+0900][11.403s][info][gc,marking  ] GC(103) Concurrent Mark
[2026-03-26T14:01:22.827+0900][11.403s][info][gc,marking  ] GC(103) Concurrent Mark From Roots
[2026-03-26T14:01:22.827+0900][11.403s][info][gc,task     ] GC(103) Using 3 workers of 3 for marking
[2026-03-26T14:01:22.829+0900][11.405s][info][gc,marking  ] GC(103) Concurrent Mark From Roots 1.722ms
[2026-03-26T14:01:22.829+0900][11.405s][info][gc,marking  ] GC(103) Concurrent Preclean
[2026-03-26T14:01:22.829+0900][11.405s][info][gc,marking  ] GC(103) Concurrent Preclean 0.029ms
[2026-03-26T14:01:22.829+0900][11.405s][info][gc,start    ] GC(103) Pause Remark
[2026-03-26T14:01:22.829+0900][11.406s][info][gc          ] GC(103) Pause Remark 312M->312M(512M) 1.519ms
[2026-03-26T14:01:22.829+0900][11.406s][info][gc,cpu      ] GC(103) User=0.00s Sys=0.00s Real=0.00s
[2026-03-26T14:01:22.829+0900][11.407s][info][gc,marking  ] GC(103) Concurrent Mark 3.703ms
[2026-03-26T14:01:22.829+0900][11.407s][info][gc,marking  ] GC(103) Concurrent Rebuild Remembered Sets and Scrub Regions
[2026-03-26T14:01:22.829+0900][11.408s][info][gc,marking  ] GC(103) Concurrent Rebuild Remembered Sets and Scrub Regions 0.906ms
[2026-03-26T14:01:22.829+0900][11.408s][info][gc,start    ] GC(103) Pause Cleanup
[2026-03-26T14:01:22.829+0900][11.408s][info][gc          ] GC(103) Pause Cleanup 312M->312M(512M) 0.252ms
[2026-03-26T14:01:22.829+0900][11.408s][info][gc,cpu      ] GC(103) User=0.00s Sys=0.00s Real=0.00s
[2026-03-26T14:01:22.829+0900][11.408s][info][gc,marking  ] GC(103) Concurrent Clear Claimed Marks
[2026-03-26T14:01:22.829+0900][11.408s][info][gc,marking  ] GC(103) Concurrent Clear Claimed Marks 0.095ms
[2026-03-26T14:01:22.829+0900][11.408s][info][gc,marking  ] GC(103) Concurrent Cleanup for Next Mark
[2026-03-26T14:01:22.829+0900][11.409s][info][gc,marking  ] GC(103) Concurrent Cleanup for Next Mark 0.567ms
[2026-03-26T14:01:22.829+0900][11.409s][info][gc          ] GC(103) Concurrent Mark Cycle 6.299ms
[2026-03-26T14:01:23.005+0900][11.581s][info][gc,start    ] GC(104) Pause Young (Concurrent Start) (G1 Humongous Allocation)
[2026-03-26T14:01:23.005+0900][11.581s][info][gc,task     ] GC(104) Using 12 workers of 13 for evacuation
[2026-03-26T14:01:23.005+0900][11.583s][info][gc,phases   ] GC(104)   Pre Evacuate Collection Set: 0.5ms
[2026-03-26T14:01:23.005+0900][11.583s][info][gc,phases   ] GC(104)   Merge Heap Roots: 0.1ms
[2026-03-26T14:01:23.005+0900][11.583s][info][gc,phases   ] GC(104)   Evacuate Collection Set: 0.4ms
[2026-03-26T14:01:23.005+0900][11.583s][info][gc,phases   ] GC(104)   Post Evacuate Collection Set: 0.8ms
[2026-03-26T14:01:23.005+0900][11.584s][info][gc,phases   ] GC(104)   Other: 0.2ms
[2026-03-26T14:01:23.005+0900][11.584s][info][gc,heap     ] GC(104) Eden regions: 50->0(172)
[2026-03-26T14:01:23.005+0900][11.584s][info][gc,heap     ] GC(104) Survivor regions: 0->0(23)
[2026-03-26T14:01:23.005+0900][11.584s][info][gc,heap     ] GC(104) Old regions: 1->1
[2026-03-26T14:01:23.005+0900][11.584s][info][gc,heap     ] GC(104) Humongous regions: 312->312
[2026-03-26T14:01:23.005+0900][11.584s][info][gc,metaspace] GC(104) Metaspace: 309K(512K)->309K(512K) NonClass: 292K(384K)->292K(384K) Class: 17K(128K)->17K(128K)
[2026-03-26T14:01:23.005+0900][11.584s][info][gc          ] GC(104) Pause Young (Concurrent Start) (G1 Humongous Allocation) 362M->312M(512M) 2.512ms
[2026-03-26T14:01:23.005+0900][11.584s][info][gc,cpu      ] GC(104) User=0.00s Sys=0.00s Real=0.00s
[2026-03-26T14:01:23.005+0900][11.584s][info][gc          ] GC(105) Concurrent Mark Cycle
[2026-03-26T14:01:23.005+0900][11.584s][info][gc,marking  ] GC(105) Concurrent Scan Root Regions
[2026-03-26T14:01:23.005+0900][11.584s][info][gc,marking  ] GC(105) Concurrent Scan Root Regions 0.031ms
[2026-03-26T14:01:23.005+0900][11.584s][info][gc,marking  ] GC(105) Concurrent Mark
[2026-03-26T14:01:23.005+0900][11.584s][info][gc,marking  ] GC(105) Concurrent Mark From Roots
[2026-03-26T14:01:23.005+0900][11.584s][info][gc,task     ] GC(105) Using 3 workers of 3 for marking
[2026-03-26T14:01:23.010+0900][11.586s][info][gc,marking  ] GC(105) Concurrent Mark From Roots 1.644ms
[2026-03-26T14:01:23.010+0900][11.586s][info][gc,marking  ] GC(105) Concurrent Preclean
[2026-03-26T14:01:23.010+0900][11.586s][info][gc,marking  ] GC(105) Concurrent Preclean 0.029ms
[2026-03-26T14:01:23.010+0900][11.586s][info][gc,start    ] GC(105) Pause Remark
[2026-03-26T14:01:23.010+0900][11.587s][info][gc          ] GC(105) Pause Remark 318M->318M(512M) 1.355ms
[2026-03-26T14:01:23.010+0900][11.587s][info][gc,cpu      ] GC(105) User=0.02s Sys=0.00s Real=0.00s
[2026-03-26T14:01:23.010+0900][11.588s][info][gc,marking  ] GC(105) Concurrent Mark 3.457ms
[2026-03-26T14:01:23.010+0900][11.588s][info][gc,marking  ] GC(105) Concurrent Rebuild Remembered Sets and Scrub Regions
[2026-03-26T14:01:23.010+0900][11.589s][info][gc,marking  ] GC(105) Concurrent Rebuild Remembered Sets and Scrub Regions 0.905ms
[2026-03-26T14:01:23.010+0900][11.589s][info][gc,start    ] GC(105) Pause Cleanup
[2026-03-26T14:01:23.010+0900][11.589s][info][gc          ] GC(105) Pause Cleanup 318M->318M(512M) 0.249ms
[2026-03-26T14:01:23.010+0900][11.589s][info][gc,cpu      ] GC(105) User=0.00s Sys=0.00s Real=0.00s
[2026-03-26T14:01:23.010+0900][11.589s][info][gc,marking  ] GC(105) Concurrent Clear Claimed Marks
[2026-03-26T14:01:23.010+0900][11.589s][info][gc,marking  ] GC(105) Concurrent Clear Claimed Marks 0.096ms
[2026-03-26T14:01:23.010+0900][11.589s][info][gc,marking  ] GC(105) Concurrent Cleanup for Next Mark
[2026-03-26T14:01:23.010+0900][11.590s][info][gc,marking  ] GC(105) Concurrent Cleanup for Next Mark 0.560ms
[2026-03-26T14:01:23.010+0900][11.590s][info][gc          ] GC(105) Concurrent Mark Cycle 6.039ms
[2026-03-26T14:01:23.167+0900][11.743s][info][gc,start    ] GC(106) Pause Young (Concurrent Start) (G1 Humongous Allocation)
[2026-03-26T14:01:23.167+0900][11.744s][info][gc,task     ] GC(106) Using 12 workers of 13 for evacuation
[2026-03-26T14:01:23.169+0900][11.745s][info][gc,phases   ] GC(106)   Pre Evacuate Collection Set: 0.5ms
[2026-03-26T14:01:23.170+0900][11.745s][info][gc,phases   ] GC(106)   Merge Heap Roots: 0.1ms
[2026-03-26T14:01:23.170+0900][11.745s][info][gc,phases   ] GC(106)   Evacuate Collection Set: 0.4ms
[2026-03-26T14:01:23.170+0900][11.745s][info][gc,phases   ] GC(106)   Post Evacuate Collection Set: 0.3ms
[2026-03-26T14:01:23.170+0900][11.745s][info][gc,phases   ] GC(106)   Other: 0.1ms
[2026-03-26T14:01:23.170+0900][11.745s][info][gc,heap     ] GC(106) Eden regions: 50->0(166)
[2026-03-26T14:01:23.170+0900][11.745s][info][gc,heap     ] GC(106) Survivor regions: 0->0(22)
[2026-03-26T14:01:23.170+0900][11.746s][info][gc,heap     ] GC(106) Old regions: 1->1
[2026-03-26T14:01:23.170+0900][11.746s][info][gc,heap     ] GC(106) Humongous regions: 318->318
[2026-03-26T14:01:23.170+0900][11.746s][info][gc,metaspace] GC(106) Metaspace: 309K(512K)->309K(512K) NonClass: 292K(384K)->292K(384K) Class: 17K(128K)->17K(128K)
[2026-03-26T14:01:23.170+0900][11.746s][info][gc          ] GC(106) Pause Young (Concurrent Start) (G1 Humongous Allocation) 368M->318M(512M) 2.131ms
[2026-03-26T14:01:23.170+0900][11.746s][info][gc,cpu      ] GC(106) User=0.00s Sys=0.00s Real=0.00s
[2026-03-26T14:01:23.170+0900][11.746s][info][gc          ] GC(107) Concurrent Mark Cycle
[2026-03-26T14:01:23.170+0900][11.746s][info][gc,marking  ] GC(107) Concurrent Scan Root Regions
[2026-03-26T14:01:23.170+0900][11.746s][info][gc,marking  ] GC(107) Concurrent Scan Root Regions 0.029ms
[2026-03-26T14:01:23.170+0900][11.746s][info][gc,marking  ] GC(107) Concurrent Mark
[2026-03-26T14:01:23.170+0900][11.746s][info][gc,marking  ] GC(107) Concurrent Mark From Roots
[2026-03-26T14:01:23.170+0900][11.746s][info][gc,task     ] GC(107) Using 3 workers of 3 for marking
[2026-03-26T14:01:23.172+0900][11.748s][info][gc,marking  ] GC(107) Concurrent Mark From Roots 1.755ms
[2026-03-26T14:01:23.172+0900][11.748s][info][gc,marking  ] GC(107) Concurrent Preclean
[2026-03-26T14:01:23.172+0900][11.748s][info][gc,marking  ] GC(107) Concurrent Preclean 0.029ms
[2026-03-26T14:01:23.172+0900][11.748s][info][gc,start    ] GC(107) Pause Remark
[2026-03-26T14:01:23.173+0900][11.749s][info][gc          ] GC(107) Pause Remark 324M->324M(512M) 0.908ms
[2026-03-26T14:01:23.173+0900][11.749s][info][gc,cpu      ] GC(107) User=0.00s Sys=0.00s Real=0.00s
[2026-03-26T14:01:23.173+0900][11.749s][info][gc,marking  ] GC(107) Concurrent Mark 3.118ms
[2026-03-26T14:01:23.173+0900][11.749s][info][gc,marking  ] GC(107) Concurrent Rebuild Remembered Sets and Scrub Regions
[2026-03-26T14:01:23.174+0900][11.750s][info][gc,marking  ] GC(107) Concurrent Rebuild Remembered Sets and Scrub Regions 0.789ms
[2026-03-26T14:01:23.174+0900][11.750s][info][gc,start    ] GC(107) Pause Cleanup
[2026-03-26T14:01:23.174+0900][11.750s][info][gc          ] GC(107) Pause Cleanup 324M->324M(512M) 0.224ms
[2026-03-26T14:01:23.174+0900][11.750s][info][gc,cpu      ] GC(107) User=0.00s Sys=0.00s Real=0.00s
[2026-03-26T14:01:23.174+0900][11.750s][info][gc,marking  ] GC(107) Concurrent Clear Claimed Marks
[2026-03-26T14:01:23.174+0900][11.750s][info][gc,marking  ] GC(107) Concurrent Clear Claimed Marks 0.054ms
[2026-03-26T14:01:23.174+0900][11.750s][info][gc,marking  ] GC(107) Concurrent Cleanup for Next Mark
[2026-03-26T14:01:23.175+0900][11.751s][info][gc,marking  ] GC(107) Concurrent Cleanup for Next Mark 0.541ms
[2026-03-26T14:01:23.175+0900][11.751s][info][gc          ] GC(107) Concurrent Mark Cycle 5.195ms
[2026-03-26T14:01:23.345+0900][11.921s][info][gc,start    ] GC(108) Pause Young (Concurrent Start) (G1 Humongous Allocation)
[2026-03-26T14:01:23.345+0900][11.922s][info][gc,task     ] GC(108) Using 12 workers of 13 for evacuation
[2026-03-26T14:01:23.345+0900][11.924s][info][gc,phases   ] GC(108)   Pre Evacuate Collection Set: 0.5ms
[2026-03-26T14:01:23.345+0900][11.924s][info][gc,phases   ] GC(108)   Merge Heap Roots: 0.2ms
[2026-03-26T14:01:23.345+0900][11.924s][info][gc,phases   ] GC(108)   Evacuate Collection Set: 0.4ms
[2026-03-26T14:01:23.345+0900][11.924s][info][gc,phases   ] GC(108)   Post Evacuate Collection Set: 0.7ms
[2026-03-26T14:01:23.345+0900][11.924s][info][gc,phases   ] GC(108)   Other: 0.2ms
[2026-03-26T14:01:23.345+0900][11.924s][info][gc,heap     ] GC(108) Eden regions: 50->0(160)
[2026-03-26T14:01:23.345+0900][11.924s][info][gc,heap     ] GC(108) Survivor regions: 0->0(21)
[2026-03-26T14:01:23.345+0900][11.924s][info][gc,heap     ] GC(108) Old regions: 1->1
[2026-03-26T14:01:23.345+0900][11.924s][info][gc,heap     ] GC(108) Humongous regions: 324->324
[2026-03-26T14:01:23.345+0900][11.924s][info][gc,metaspace] GC(108) Metaspace: 309K(512K)->309K(512K) NonClass: 292K(384K)->292K(384K) Class: 17K(128K)->17K(128K)
[2026-03-26T14:01:23.345+0900][11.924s][info][gc          ] GC(108) Pause Young (Concurrent Start) (G1 Humongous Allocation) 374M->324M(512M) 2.584ms
[2026-03-26T14:01:23.345+0900][11.924s][info][gc,cpu      ] GC(108) User=0.00s Sys=0.00s Real=0.00s
[2026-03-26T14:01:23.345+0900][11.924s][info][gc          ] GC(109) Concurrent Mark Cycle
[2026-03-26T14:01:23.345+0900][11.924s][info][gc,marking  ] GC(109) Concurrent Scan Root Regions
[2026-03-26T14:01:23.345+0900][11.924s][info][gc,marking  ] GC(109) Concurrent Scan Root Regions 0.031ms
[2026-03-26T14:01:23.345+0900][11.924s][info][gc,marking  ] GC(109) Concurrent Mark
[2026-03-26T14:01:23.345+0900][11.924s][info][gc,marking  ] GC(109) Concurrent Mark From Roots
[2026-03-26T14:01:23.345+0900][11.924s][info][gc,task     ] GC(109) Using 3 workers of 3 for marking
[2026-03-26T14:01:23.350+0900][11.926s][info][gc,marking  ] GC(109) Concurrent Mark From Roots 1.723ms
[2026-03-26T14:01:23.350+0900][11.926s][info][gc,marking  ] GC(109) Concurrent Preclean
[2026-03-26T14:01:23.350+0900][11.926s][info][gc,marking  ] GC(109) Concurrent Preclean 0.028ms
[2026-03-26T14:01:23.350+0900][11.926s][info][gc,start    ] GC(109) Pause Remark
[2026-03-26T14:01:23.350+0900][11.928s][info][gc          ] GC(109) Pause Remark 331M->331M(512M) 1.496ms
[2026-03-26T14:01:23.350+0900][11.928s][info][gc,cpu      ] GC(109) User=0.00s Sys=0.00s Real=0.00s
[2026-03-26T14:01:23.350+0900][11.928s][info][gc,marking  ] GC(109) Concurrent Mark 3.725ms
[2026-03-26T14:01:23.350+0900][11.928s][info][gc,marking  ] GC(109) Concurrent Rebuild Remembered Sets and Scrub Regions
[2026-03-26T14:01:23.350+0900][11.929s][info][gc,marking  ] GC(109) Concurrent Rebuild Remembered Sets and Scrub Regions 0.891ms
[2026-03-26T14:01:23.350+0900][11.929s][info][gc,start    ] GC(109) Pause Cleanup
[2026-03-26T14:01:23.350+0900][11.929s][info][gc          ] GC(109) Pause Cleanup 331M->331M(512M) 0.249ms
[2026-03-26T14:01:23.350+0900][11.929s][info][gc,cpu      ] GC(109) User=0.00s Sys=0.00s Real=0.00s
[2026-03-26T14:01:23.350+0900][11.930s][info][gc,marking  ] GC(109) Concurrent Clear Claimed Marks
[2026-03-26T14:01:23.350+0900][11.930s][info][gc,marking  ] GC(109) Concurrent Clear Claimed Marks 0.096ms
[2026-03-26T14:01:23.350+0900][11.930s][info][gc,marking  ] GC(109) Concurrent Cleanup for Next Mark
[2026-03-26T14:01:23.350+0900][11.930s][info][gc,marking  ] GC(109) Concurrent Cleanup for Next Mark 0.726ms
[2026-03-26T14:01:23.350+0900][11.931s][info][gc          ] GC(109) Concurrent Mark Cycle 6.454ms
[2026-03-26T14:01:23.507+0900][12.083s][info][gc,start    ] GC(110) Pause Young (Concurrent Start) (G1 Humongous Allocation)
[2026-03-26T14:01:23.507+0900][12.083s][info][gc,task     ] GC(110) Using 12 workers of 13 for evacuation
[2026-03-26T14:01:23.507+0900][12.084s][info][gc,phases   ] GC(110)   Pre Evacuate Collection Set: 0.2ms
[2026-03-26T14:01:23.507+0900][12.084s][info][gc,phases   ] GC(110)   Merge Heap Roots: 0.1ms
[2026-03-26T14:01:23.507+0900][12.084s][info][gc,phases   ] GC(110)   Evacuate Collection Set: 0.3ms
[2026-03-26T14:01:23.507+0900][12.084s][info][gc,phases   ] GC(110)   Post Evacuate Collection Set: 0.2ms
[2026-03-26T14:01:23.507+0900][12.084s][info][gc,phases   ] GC(110)   Other: 0.1ms
[2026-03-26T14:01:23.507+0900][12.084s][info][gc,heap     ] GC(110) Eden regions: 50->0(154)
[2026-03-26T14:01:23.507+0900][12.084s][info][gc,heap     ] GC(110) Survivor regions: 0->0(20)
[2026-03-26T14:01:23.507+0900][12.084s][info][gc,heap     ] GC(110) Old regions: 1->1
[2026-03-26T14:01:23.507+0900][12.084s][info][gc,heap     ] GC(110) Humongous regions: 330->330
[2026-03-26T14:01:23.507+0900][12.084s][info][gc,metaspace] GC(110) Metaspace: 309K(512K)->309K(512K) NonClass: 292K(384K)->292K(384K) Class: 17K(128K)->17K(128K)
[2026-03-26T14:01:23.507+0900][12.084s][info][gc          ] GC(110) Pause Young (Concurrent Start) (G1 Humongous Allocation) 380M->330M(512M) 1.114ms
[2026-03-26T14:01:23.509+0900][12.084s][info][gc,cpu      ] GC(110) User=0.00s Sys=0.00s Real=0.00s
[2026-03-26T14:01:23.509+0900][12.084s][info][gc          ] GC(111) Concurrent Mark Cycle
[2026-03-26T14:01:23.509+0900][12.084s][info][gc,marking  ] GC(111) Concurrent Scan Root Regions
[2026-03-26T14:01:23.509+0900][12.084s][info][gc,marking  ] GC(111) Concurrent Scan Root Regions 0.014ms
[2026-03-26T14:01:23.509+0900][12.084s][info][gc,marking  ] GC(111) Concurrent Mark
[2026-03-26T14:01:23.509+0900][12.084s][info][gc,marking  ] GC(111) Concurrent Mark From Roots
[2026-03-26T14:01:23.509+0900][12.084s][info][gc,task     ] GC(111) Using 3 workers of 3 for marking
[2026-03-26T14:01:23.509+0900][12.086s][info][gc,marking  ] GC(111) Concurrent Mark From Roots 1.167ms
[2026-03-26T14:01:23.509+0900][12.086s][info][gc,marking  ] GC(111) Concurrent Preclean
[2026-03-26T14:01:23.509+0900][12.086s][info][gc,marking  ] GC(111) Concurrent Preclean 0.015ms
[2026-03-26T14:01:23.509+0900][12.086s][info][gc,start    ] GC(111) Pause Remark
[2026-03-26T14:01:23.509+0900][12.086s][info][gc          ] GC(111) Pause Remark 330M->330M(512M) 0.523ms
[2026-03-26T14:01:23.509+0900][12.086s][info][gc,cpu      ] GC(111) User=0.00s Sys=0.00s Real=0.00s
[2026-03-26T14:01:23.509+0900][12.086s][info][gc,marking  ] GC(111) Concurrent Mark 1.877ms
[2026-03-26T14:01:23.511+0900][12.086s][info][gc,marking  ] GC(111) Concurrent Rebuild Remembered Sets and Scrub Regions
[2026-03-26T14:01:23.511+0900][12.087s][info][gc,marking  ] GC(111) Concurrent Rebuild Remembered Sets and Scrub Regions 0.423ms
[2026-03-26T14:01:23.511+0900][12.087s][info][gc,start    ] GC(111) Pause Cleanup
[2026-03-26T14:01:23.511+0900][12.087s][info][gc          ] GC(111) Pause Cleanup 330M->330M(512M) 0.067ms
[2026-03-26T14:01:23.511+0900][12.087s][info][gc,cpu      ] GC(111) User=0.00s Sys=0.00s Real=0.00s
[2026-03-26T14:01:23.511+0900][12.087s][info][gc,marking  ] GC(111) Concurrent Clear Claimed Marks
[2026-03-26T14:01:23.511+0900][12.087s][info][gc,marking  ] GC(111) Concurrent Clear Claimed Marks 0.015ms
[2026-03-26T14:01:23.511+0900][12.087s][info][gc,marking  ] GC(111) Concurrent Cleanup for Next Mark
[2026-03-26T14:01:23.511+0900][12.087s][info][gc,marking  ] GC(111) Concurrent Cleanup for Next Mark 0.648ms
[2026-03-26T14:01:23.511+0900][12.087s][info][gc          ] GC(111) Concurrent Mark Cycle 3.209ms
[2026-03-26T14:01:23.665+0900][12.242s][info][gc,start    ] GC(112) Pause Young (Concurrent Start) (G1 Humongous Allocation)
[2026-03-26T14:01:23.665+0900][12.242s][info][gc,task     ] GC(112) Using 12 workers of 13 for evacuation
[2026-03-26T14:01:23.667+0900][12.243s][info][gc,phases   ] GC(112)   Pre Evacuate Collection Set: 0.2ms
[2026-03-26T14:01:23.667+0900][12.243s][info][gc,phases   ] GC(112)   Merge Heap Roots: 0.1ms
[2026-03-26T14:01:23.667+0900][12.243s][info][gc,phases   ] GC(112)   Evacuate Collection Set: 0.4ms
[2026-03-26T14:01:23.667+0900][12.243s][info][gc,phases   ] GC(112)   Post Evacuate Collection Set: 0.1ms
[2026-03-26T14:01:23.667+0900][12.243s][info][gc,phases   ] GC(112)   Other: 0.1ms
[2026-03-26T14:01:23.667+0900][12.243s][info][gc,heap     ] GC(112) Eden regions: 50->0(148)
[2026-03-26T14:01:23.667+0900][12.243s][info][gc,heap     ] GC(112) Survivor regions: 0->0(20)
[2026-03-26T14:01:23.667+0900][12.243s][info][gc,heap     ] GC(112) Old regions: 1->1
[2026-03-26T14:01:23.667+0900][12.243s][info][gc,heap     ] GC(112) Humongous regions: 336->336
[2026-03-26T14:01:23.667+0900][12.243s][info][gc,metaspace] GC(112) Metaspace: 309K(512K)->309K(512K) NonClass: 292K(384K)->292K(384K) Class: 17K(128K)->17K(128K)
[2026-03-26T14:01:23.667+0900][12.243s][info][gc          ] GC(112) Pause Young (Concurrent Start) (G1 Humongous Allocation) 386M->336M(512M) 1.216ms
[2026-03-26T14:01:23.667+0900][12.243s][info][gc,cpu      ] GC(112) User=0.02s Sys=0.00s Real=0.00s
[2026-03-26T14:01:23.667+0900][12.243s][info][gc          ] GC(113) Concurrent Mark Cycle
[2026-03-26T14:01:23.667+0900][12.243s][info][gc,marking  ] GC(113) Concurrent Scan Root Regions
[2026-03-26T14:01:23.667+0900][12.243s][info][gc,marking  ] GC(113) Concurrent Scan Root Regions 0.013ms
[2026-03-26T14:01:23.667+0900][12.243s][info][gc,marking  ] GC(113) Concurrent Mark
[2026-03-26T14:01:23.667+0900][12.243s][info][gc,marking  ] GC(113) Concurrent Mark From Roots
[2026-03-26T14:01:23.667+0900][12.243s][info][gc,task     ] GC(113) Using 3 workers of 3 for marking
[2026-03-26T14:01:23.667+0900][12.244s][info][gc,marking  ] GC(113) Concurrent Mark From Roots 1.012ms
[2026-03-26T14:01:23.667+0900][12.244s][info][gc,marking  ] GC(113) Concurrent Preclean
[2026-03-26T14:01:23.667+0900][12.244s][info][gc,marking  ] GC(113) Concurrent Preclean 0.013ms
[2026-03-26T14:01:23.667+0900][12.245s][info][gc,start    ] GC(113) Pause Remark
[2026-03-26T14:01:23.669+0900][12.245s][info][gc          ] GC(113) Pause Remark 336M->336M(512M) 0.483ms
[2026-03-26T14:01:23.669+0900][12.245s][info][gc,cpu      ] GC(113) User=0.00s Sys=0.00s Real=0.00s
[2026-03-26T14:01:23.669+0900][12.245s][info][gc,marking  ] GC(113) Concurrent Mark 1.675ms
[2026-03-26T14:01:23.669+0900][12.245s][info][gc,marking  ] GC(113) Concurrent Rebuild Remembered Sets and Scrub Regions
[2026-03-26T14:01:23.669+0900][12.245s][info][gc,marking  ] GC(113) Concurrent Rebuild Remembered Sets and Scrub Regions 0.371ms
[2026-03-26T14:01:23.669+0900][12.245s][info][gc,start    ] GC(113) Pause Cleanup
[2026-03-26T14:01:23.669+0900][12.246s][info][gc          ] GC(113) Pause Cleanup 336M->336M(512M) 0.062ms
[2026-03-26T14:01:23.669+0900][12.246s][info][gc,cpu      ] GC(113) User=0.00s Sys=0.00s Real=0.00s
[2026-03-26T14:01:23.669+0900][12.246s][info][gc,marking  ] GC(113) Concurrent Clear Claimed Marks
[2026-03-26T14:01:23.669+0900][12.246s][info][gc,marking  ] GC(113) Concurrent Clear Claimed Marks 0.013ms
[2026-03-26T14:01:23.669+0900][12.246s][info][gc,marking  ] GC(113) Concurrent Cleanup for Next Mark
[2026-03-26T14:01:23.669+0900][12.246s][info][gc,marking  ] GC(113) Concurrent Cleanup for Next Mark 0.555ms
[2026-03-26T14:01:23.669+0900][12.246s][info][gc          ] GC(113) Concurrent Mark Cycle 2.839ms
[2026-03-26T14:01:23.825+0900][12.401s][info][gc,start    ] GC(114) Pause Young (Concurrent Start) (G1 Humongous Allocation)
[2026-03-26T14:01:23.826+0900][12.401s][info][gc,task     ] GC(114) Using 12 workers of 13 for evacuation
[2026-03-26T14:01:23.826+0900][12.404s][info][gc,phases   ] GC(114)   Pre Evacuate Collection Set: 0.6ms
[2026-03-26T14:01:23.826+0900][12.404s][info][gc,phases   ] GC(114)   Merge Heap Roots: 0.3ms
[2026-03-26T14:01:23.826+0900][12.404s][info][gc,phases   ] GC(114)   Evacuate Collection Set: 0.6ms
[2026-03-26T14:01:23.826+0900][12.404s][info][gc,phases   ] GC(114)   Post Evacuate Collection Set: 0.9ms
[2026-03-26T14:01:23.826+0900][12.404s][info][gc,phases   ] GC(114)   Other: 0.4ms
[2026-03-26T14:01:23.826+0900][12.404s][info][gc,heap     ] GC(114) Eden regions: 50->0(142)
[2026-03-26T14:01:23.826+0900][12.404s][info][gc,heap     ] GC(114) Survivor regions: 0->0(19)
[2026-03-26T14:01:23.826+0900][12.404s][info][gc,heap     ] GC(114) Old regions: 1->1
[2026-03-26T14:01:23.826+0900][12.404s][info][gc,heap     ] GC(114) Humongous regions: 342->342
[2026-03-26T14:01:23.826+0900][12.404s][info][gc,metaspace] GC(114) Metaspace: 309K(512K)->309K(512K) NonClass: 292K(384K)->292K(384K) Class: 17K(128K)->17K(128K)
[2026-03-26T14:01:23.826+0900][12.405s][info][gc          ] GC(114) Pause Young (Concurrent Start) (G1 Humongous Allocation) 392M->342M(512M) 3.459ms
[2026-03-26T14:01:23.826+0900][12.405s][info][gc,cpu      ] GC(114) User=0.00s Sys=0.00s Real=0.00s
[2026-03-26T14:01:23.826+0900][12.405s][info][gc          ] GC(115) Concurrent Mark Cycle
[2026-03-26T14:01:23.826+0900][12.405s][info][gc,marking  ] GC(115) Concurrent Scan Root Regions
[2026-03-26T14:01:23.826+0900][12.405s][info][gc,marking  ] GC(115) Concurrent Scan Root Regions 0.039ms
[2026-03-26T14:01:23.826+0900][12.405s][info][gc,marking  ] GC(115) Concurrent Mark
[2026-03-26T14:01:23.826+0900][12.405s][info][gc,marking  ] GC(115) Concurrent Mark From Roots
[2026-03-26T14:01:23.826+0900][12.405s][info][gc,task     ] GC(115) Using 3 workers of 3 for marking
[2026-03-26T14:01:23.831+0900][12.407s][info][gc,marking  ] GC(115) Concurrent Mark From Roots 1.923ms
[2026-03-26T14:01:23.831+0900][12.407s][info][gc,marking  ] GC(115) Concurrent Preclean
[2026-03-26T14:01:23.831+0900][12.407s][info][gc,marking  ] GC(115) Concurrent Preclean 0.028ms
[2026-03-26T14:01:23.831+0900][12.407s][info][gc,start    ] GC(115) Pause Remark
[2026-03-26T14:01:23.831+0900][12.408s][info][gc          ] GC(115) Pause Remark 348M->348M(512M) 1.324ms
[2026-03-26T14:01:23.831+0900][12.409s][info][gc,cpu      ] GC(115) User=0.00s Sys=0.00s Real=0.00s
[2026-03-26T14:01:23.831+0900][12.409s][info][gc,marking  ] GC(115) Concurrent Mark 3.690ms
[2026-03-26T14:01:23.831+0900][12.409s][info][gc,marking  ] GC(115) Concurrent Rebuild Remembered Sets and Scrub Regions
[2026-03-26T14:01:23.831+0900][12.410s][info][gc,marking  ] GC(115) Concurrent Rebuild Remembered Sets and Scrub Regions 0.829ms
[2026-03-26T14:01:23.831+0900][12.410s][info][gc,start    ] GC(115) Pause Cleanup
[2026-03-26T14:01:23.831+0900][12.410s][info][gc          ] GC(115) Pause Cleanup 348M->348M(512M) 0.223ms
[2026-03-26T14:01:23.831+0900][12.410s][info][gc,cpu      ] GC(115) User=0.00s Sys=0.00s Real=0.00s
[2026-03-26T14:01:23.831+0900][12.410s][info][gc,marking  ] GC(115) Concurrent Clear Claimed Marks
[2026-03-26T14:01:23.831+0900][12.410s][info][gc,marking  ] GC(115) Concurrent Clear Claimed Marks 0.083ms
[2026-03-26T14:01:23.831+0900][12.410s][info][gc,marking  ] GC(115) Concurrent Cleanup for Next Mark
[2026-03-26T14:01:23.831+0900][12.411s][info][gc,marking  ] GC(115) Concurrent Cleanup for Next Mark 0.528ms
[2026-03-26T14:01:23.831+0900][12.411s][info][gc          ] GC(115) Concurrent Mark Cycle 6.109ms
[2026-03-26T14:01:24.002+0900][12.579s][info][gc,start    ] GC(116) Pause Young (Concurrent Start) (G1 Humongous Allocation)
[2026-03-26T14:01:24.002+0900][12.579s][info][gc,task     ] GC(116) Using 12 workers of 13 for evacuation
[2026-03-26T14:01:24.002+0900][12.581s][info][gc,phases   ] GC(116)   Pre Evacuate Collection Set: 0.5ms
[2026-03-26T14:01:24.002+0900][12.581s][info][gc,phases   ] GC(116)   Merge Heap Roots: 0.2ms
[2026-03-26T14:01:24.002+0900][12.581s][info][gc,phases   ] GC(116)   Evacuate Collection Set: 0.4ms
[2026-03-26T14:01:24.002+0900][12.581s][info][gc,phases   ] GC(116)   Post Evacuate Collection Set: 0.6ms
[2026-03-26T14:01:24.002+0900][12.581s][info][gc,phases   ] GC(116)   Other: 0.3ms
[2026-03-26T14:01:24.002+0900][12.581s][info][gc,heap     ] GC(116) Eden regions: 50->0(136)
[2026-03-26T14:01:24.002+0900][12.581s][info][gc,heap     ] GC(116) Survivor regions: 0->0(18)
[2026-03-26T14:01:24.002+0900][12.581s][info][gc,heap     ] GC(116) Old regions: 1->1
[2026-03-26T14:01:24.002+0900][12.581s][info][gc,heap     ] GC(116) Humongous regions: 348->348
[2026-03-26T14:01:24.002+0900][12.581s][info][gc,metaspace] GC(116) Metaspace: 309K(512K)->309K(512K) NonClass: 292K(384K)->292K(384K) Class: 17K(128K)->17K(128K)
[2026-03-26T14:01:24.002+0900][12.581s][info][gc          ] GC(116) Pause Young (Concurrent Start) (G1 Humongous Allocation) 398M->348M(512M) 2.507ms
[2026-03-26T14:01:24.002+0900][12.581s][info][gc,cpu      ] GC(116) User=0.00s Sys=0.00s Real=0.00s
[2026-03-26T14:01:24.002+0900][12.581s][info][gc          ] GC(117) Concurrent Mark Cycle
[2026-03-26T14:01:24.002+0900][12.581s][info][gc,marking  ] GC(117) Concurrent Scan Root Regions
[2026-03-26T14:01:24.002+0900][12.581s][info][gc,marking  ] GC(117) Concurrent Scan Root Regions 0.043ms
[2026-03-26T14:01:24.002+0900][12.581s][info][gc,marking  ] GC(117) Concurrent Mark
[2026-03-26T14:01:24.002+0900][12.581s][info][gc,marking  ] GC(117) Concurrent Mark From Roots
[2026-03-26T14:01:24.002+0900][12.581s][info][gc,task     ] GC(117) Using 3 workers of 3 for marking
[2026-03-26T14:01:24.007+0900][12.583s][info][gc,marking  ] GC(117) Concurrent Mark From Roots 1.706ms
[2026-03-26T14:01:24.007+0900][12.583s][info][gc,marking  ] GC(117) Concurrent Preclean
[2026-03-26T14:01:24.007+0900][12.583s][info][gc,marking  ] GC(117) Concurrent Preclean 0.030ms
[2026-03-26T14:01:24.007+0900][12.583s][info][gc,start    ] GC(117) Pause Remark
[2026-03-26T14:01:24.007+0900][12.585s][info][gc          ] GC(117) Pause Remark 354M->354M(512M) 1.531ms
[2026-03-26T14:01:24.007+0900][12.585s][info][gc,cpu      ] GC(117) User=0.00s Sys=0.00s Real=0.00s
[2026-03-26T14:01:24.007+0900][12.585s][info][gc,marking  ] GC(117) Concurrent Mark 3.725ms
[2026-03-26T14:01:24.007+0900][12.585s][info][gc,marking  ] GC(117) Concurrent Rebuild Remembered Sets and Scrub Regions
[2026-03-26T14:01:24.007+0900][12.586s][info][gc,marking  ] GC(117) Concurrent Rebuild Remembered Sets and Scrub Regions 0.895ms
[2026-03-26T14:01:24.007+0900][12.586s][info][gc,start    ] GC(117) Pause Cleanup
[2026-03-26T14:01:24.007+0900][12.587s][info][gc          ] GC(117) Pause Cleanup 354M->354M(512M) 0.251ms
[2026-03-26T14:01:24.007+0900][12.587s][info][gc,cpu      ] GC(117) User=0.00s Sys=0.00s Real=0.00s
[2026-03-26T14:01:24.007+0900][12.587s][info][gc,marking  ] GC(117) Concurrent Clear Claimed Marks
[2026-03-26T14:01:24.007+0900][12.587s][info][gc,marking  ] GC(117) Concurrent Clear Claimed Marks 0.096ms
[2026-03-26T14:01:24.007+0900][12.587s][info][gc,marking  ] GC(117) Concurrent Cleanup for Next Mark
[2026-03-26T14:01:24.007+0900][12.587s][info][gc,marking  ] GC(117) Concurrent Cleanup for Next Mark 0.596ms
[2026-03-26T14:01:24.007+0900][12.588s][info][gc          ] GC(117) Concurrent Mark Cycle 6.347ms
[2026-03-26T14:01:24.164+0900][12.740s][info][gc,start    ] GC(118) Pause Young (Concurrent Start) (G1 Humongous Allocation)
[2026-03-26T14:01:24.164+0900][12.740s][info][gc,task     ] GC(118) Using 12 workers of 13 for evacuation
[2026-03-26T14:01:24.164+0900][12.741s][info][gc,phases   ] GC(118)   Pre Evacuate Collection Set: 0.2ms
[2026-03-26T14:01:24.164+0900][12.741s][info][gc,phases   ] GC(118)   Merge Heap Roots: 0.1ms
[2026-03-26T14:01:24.164+0900][12.741s][info][gc,phases   ] GC(118)   Evacuate Collection Set: 0.4ms
[2026-03-26T14:01:24.164+0900][12.741s][info][gc,phases   ] GC(118)   Post Evacuate Collection Set: 0.2ms
[2026-03-26T14:01:24.164+0900][12.741s][info][gc,phases   ] GC(118)   Other: 0.1ms
[2026-03-26T14:01:24.164+0900][12.741s][info][gc,heap     ] GC(118) Eden regions: 50->0(130)
[2026-03-26T14:01:24.164+0900][12.741s][info][gc,heap     ] GC(118) Survivor regions: 0->0(17)
[2026-03-26T14:01:24.164+0900][12.741s][info][gc,heap     ] GC(118) Old regions: 1->1
[2026-03-26T14:01:24.164+0900][12.741s][info][gc,heap     ] GC(118) Humongous regions: 354->354
[2026-03-26T14:01:24.164+0900][12.741s][info][gc,metaspace] GC(118) Metaspace: 309K(512K)->309K(512K) NonClass: 292K(384K)->292K(384K) Class: 17K(128K)->17K(128K)
[2026-03-26T14:01:24.164+0900][12.741s][info][gc          ] GC(118) Pause Young (Concurrent Start) (G1 Humongous Allocation) 404M->354M(512M) 1.542ms
[2026-03-26T14:01:24.164+0900][12.741s][info][gc,cpu      ] GC(118) User=0.00s Sys=0.00s Real=0.00s
[2026-03-26T14:01:24.164+0900][12.742s][info][gc          ] GC(119) Concurrent Mark Cycle
[2026-03-26T14:01:24.166+0900][12.742s][info][gc,marking  ] GC(119) Concurrent Scan Root Regions
[2026-03-26T14:01:24.166+0900][12.742s][info][gc,marking  ] GC(119) Concurrent Scan Root Regions 0.026ms
[2026-03-26T14:01:24.166+0900][12.742s][info][gc,marking  ] GC(119) Concurrent Mark
[2026-03-26T14:01:24.166+0900][12.742s][info][gc,marking  ] GC(119) Concurrent Mark From Roots
[2026-03-26T14:01:24.166+0900][12.742s][info][gc,task     ] GC(119) Using 3 workers of 3 for marking
[2026-03-26T14:01:24.166+0900][12.744s][info][gc,marking  ] GC(119) Concurrent Mark From Roots 1.882ms
[2026-03-26T14:01:24.168+0900][12.744s][info][gc,marking  ] GC(119) Concurrent Preclean
[2026-03-26T14:01:24.168+0900][12.744s][info][gc,marking  ] GC(119) Concurrent Preclean 0.027ms
[2026-03-26T14:01:24.168+0900][12.744s][info][gc,start    ] GC(119) Pause Remark
[2026-03-26T14:01:24.168+0900][12.744s][info][gc          ] GC(119) Pause Remark 354M->354M(512M) 0.701ms
[2026-03-26T14:01:24.168+0900][12.744s][info][gc,cpu      ] GC(119) User=0.00s Sys=0.00s Real=0.00s
[2026-03-26T14:01:24.168+0900][12.744s][info][gc,marking  ] GC(119) Concurrent Mark 2.827ms
[2026-03-26T14:01:24.168+0900][12.745s][info][gc,marking  ] GC(119) Concurrent Rebuild Remembered Sets and Scrub Regions
[2026-03-26T14:01:24.168+0900][12.745s][info][gc,marking  ] GC(119) Concurrent Rebuild Remembered Sets and Scrub Regions 0.672ms
[2026-03-26T14:01:24.168+0900][12.745s][info][gc,start    ] GC(119) Pause Cleanup
[2026-03-26T14:01:24.168+0900][12.745s][info][gc          ] GC(119) Pause Cleanup 354M->354M(512M) 0.115ms
[2026-03-26T14:01:24.168+0900][12.745s][info][gc,cpu      ] GC(119) User=0.00s Sys=0.00s Real=0.00s
[2026-03-26T14:01:24.168+0900][12.745s][info][gc,marking  ] GC(119) Concurrent Clear Claimed Marks
[2026-03-26T14:01:24.168+0900][12.745s][info][gc,marking  ] GC(119) Concurrent Clear Claimed Marks 0.024ms
[2026-03-26T14:01:24.168+0900][12.745s][info][gc,marking  ] GC(119) Concurrent Cleanup for Next Mark
[2026-03-26T14:01:24.170+0900][12.746s][info][gc,marking  ] GC(119) Concurrent Cleanup for Next Mark 0.862ms
[2026-03-26T14:01:24.170+0900][12.746s][info][gc          ] GC(119) Concurrent Mark Cycle 4.801ms
[2026-03-26T14:01:24.341+0900][12.918s][info][gc,start    ] GC(120) Pause Young (Concurrent Start) (G1 Humongous Allocation)
[2026-03-26T14:01:24.341+0900][12.918s][info][gc,task     ] GC(120) Using 12 workers of 13 for evacuation
[2026-03-26T14:01:24.341+0900][12.920s][info][gc,phases   ] GC(120)   Pre Evacuate Collection Set: 0.4ms
[2026-03-26T14:01:24.341+0900][12.920s][info][gc,phases   ] GC(120)   Merge Heap Roots: 0.3ms
[2026-03-26T14:01:24.341+0900][12.920s][info][gc,phases   ] GC(120)   Evacuate Collection Set: 0.4ms
[2026-03-26T14:01:24.341+0900][12.920s][info][gc,phases   ] GC(120)   Post Evacuate Collection Set: 0.7ms
[2026-03-26T14:01:24.341+0900][12.920s][info][gc,phases   ] GC(120)   Other: 0.2ms
[2026-03-26T14:01:24.341+0900][12.920s][info][gc,heap     ] GC(120) Eden regions: 50->0(124)
[2026-03-26T14:01:24.341+0900][12.920s][info][gc,heap     ] GC(120) Survivor regions: 0->0(17)
[2026-03-26T14:01:24.341+0900][12.920s][info][gc,heap     ] GC(120) Old regions: 1->1
[2026-03-26T14:01:24.341+0900][12.920s][info][gc,heap     ] GC(120) Humongous regions: 360->360
[2026-03-26T14:01:24.341+0900][12.921s][info][gc,metaspace] GC(120) Metaspace: 309K(512K)->309K(512K) NonClass: 292K(384K)->292K(384K) Class: 17K(128K)->17K(128K)
[2026-03-26T14:01:24.341+0900][12.921s][info][gc          ] GC(120) Pause Young (Concurrent Start) (G1 Humongous Allocation) 410M->360M(512M) 2.553ms
[2026-03-26T14:01:24.341+0900][12.921s][info][gc,cpu      ] GC(120) User=0.00s Sys=0.00s Real=0.00s
[2026-03-26T14:01:24.341+0900][12.921s][info][gc          ] GC(121) Concurrent Mark Cycle
[2026-03-26T14:01:24.341+0900][12.921s][info][gc,marking  ] GC(121) Concurrent Scan Root Regions
[2026-03-26T14:01:24.341+0900][12.921s][info][gc,marking  ] GC(121) Concurrent Scan Root Regions 0.031ms
[2026-03-26T14:01:24.341+0900][12.921s][info][gc,marking  ] GC(121) Concurrent Mark
[2026-03-26T14:01:24.341+0900][12.921s][info][gc,marking  ] GC(121) Concurrent Mark From Roots
[2026-03-26T14:01:24.341+0900][12.921s][info][gc,task     ] GC(121) Using 3 workers of 3 for marking
[2026-03-26T14:01:24.347+0900][12.923s][info][gc,marking  ] GC(121) Concurrent Mark From Roots 1.673ms
[2026-03-26T14:01:24.347+0900][12.923s][info][gc,marking  ] GC(121) Concurrent Preclean
[2026-03-26T14:01:24.347+0900][12.923s][info][gc,marking  ] GC(121) Concurrent Preclean 0.034ms
[2026-03-26T14:01:24.347+0900][12.923s][info][gc,start    ] GC(121) Pause Remark
[2026-03-26T14:01:24.347+0900][12.924s][info][gc          ] GC(121) Pause Remark 366M->366M(512M) 1.437ms
[2026-03-26T14:01:24.347+0900][12.924s][info][gc,cpu      ] GC(121) User=0.00s Sys=0.00s Real=0.00s
[2026-03-26T14:01:24.347+0900][12.924s][info][gc,marking  ] GC(121) Concurrent Mark 3.573ms
[2026-03-26T14:01:24.347+0900][12.925s][info][gc,marking  ] GC(121) Concurrent Rebuild Remembered Sets and Scrub Regions
[2026-03-26T14:01:24.347+0900][12.925s][info][gc,marking  ] GC(121) Concurrent Rebuild Remembered Sets and Scrub Regions 0.859ms
[2026-03-26T14:01:24.347+0900][12.926s][info][gc,start    ] GC(121) Pause Cleanup
[2026-03-26T14:01:24.347+0900][12.926s][info][gc          ] GC(121) Pause Cleanup 366M->366M(512M) 0.233ms
[2026-03-26T14:01:24.347+0900][12.926s][info][gc,cpu      ] GC(121) User=0.00s Sys=0.00s Real=0.00s
[2026-03-26T14:01:24.347+0900][12.926s][info][gc,marking  ] GC(121) Concurrent Clear Claimed Marks
[2026-03-26T14:01:24.347+0900][12.926s][info][gc,marking  ] GC(121) Concurrent Clear Claimed Marks 0.089ms
[2026-03-26T14:01:24.347+0900][12.926s][info][gc,marking  ] GC(121) Concurrent Cleanup for Next Mark
[2026-03-26T14:01:24.347+0900][12.927s][info][gc,marking  ] GC(121) Concurrent Cleanup for Next Mark 0.546ms
[2026-03-26T14:01:24.347+0900][12.927s][info][gc          ] GC(121) Concurrent Mark Cycle 6.017ms
[2026-03-26T14:01:24.502+0900][13.079s][info][gc,start    ] GC(122) Pause Young (Concurrent Start) (G1 Humongous Allocation)
[2026-03-26T14:01:24.504+0900][13.080s][info][gc,task     ] GC(122) Using 12 workers of 13 for evacuation
[2026-03-26T14:01:24.506+0900][13.082s][info][gc,phases   ] GC(122)   Pre Evacuate Collection Set: 0.3ms
[2026-03-26T14:01:24.506+0900][13.082s][info][gc,phases   ] GC(122)   Merge Heap Roots: 1.2ms
[2026-03-26T14:01:24.506+0900][13.082s][info][gc,phases   ] GC(122)   Evacuate Collection Set: 0.4ms
[2026-03-26T14:01:24.506+0900][13.082s][info][gc,phases   ] GC(122)   Post Evacuate Collection Set: 0.3ms
[2026-03-26T14:01:24.506+0900][13.082s][info][gc,phases   ] GC(122)   Other: 0.1ms
[2026-03-26T14:01:24.506+0900][13.082s][info][gc,heap     ] GC(122) Eden regions: 50->0(208)
[2026-03-26T14:01:24.506+0900][13.082s][info][gc,heap     ] GC(122) Survivor regions: 0->0(16)
[2026-03-26T14:01:24.506+0900][13.082s][info][gc,heap     ] GC(122) Old regions: 1->1
[2026-03-26T14:01:24.506+0900][13.082s][info][gc,heap     ] GC(122) Humongous regions: 366->276
[2026-03-26T14:01:24.506+0900][13.082s][info][gc,metaspace] GC(122) Metaspace: 309K(512K)->309K(512K) NonClass: 292K(384K)->292K(384K) Class: 17K(128K)->17K(128K)
[2026-03-26T14:01:24.506+0900][13.082s][info][gc          ] GC(122) Pause Young (Concurrent Start) (G1 Humongous Allocation) 416M->276M(512M) 2.925ms
[2026-03-26T14:01:24.506+0900][13.082s][info][gc,cpu      ] GC(122) User=0.00s Sys=0.00s Real=0.00s
[2026-03-26T14:01:24.506+0900][13.082s][info][gc          ] GC(123) Concurrent Mark Cycle
[2026-03-26T14:01:24.506+0900][13.082s][info][gc,marking  ] GC(123) Concurrent Scan Root Regions
[2026-03-26T14:01:24.506+0900][13.083s][info][gc,marking  ] GC(123) Concurrent Scan Root Regions 0.025ms
[2026-03-26T14:01:24.506+0900][13.083s][info][gc,marking  ] GC(123) Concurrent Mark
[2026-03-26T14:01:24.506+0900][13.083s][info][gc,marking  ] GC(123) Concurrent Mark From Roots
[2026-03-26T14:01:24.506+0900][13.083s][info][gc,task     ] GC(123) Using 3 workers of 3 for marking
[2026-03-26T14:01:24.508+0900][13.085s][info][gc,marking  ] GC(123) Concurrent Mark From Roots 1.986ms
[2026-03-26T14:01:24.508+0900][13.085s][info][gc,marking  ] GC(123) Concurrent Preclean
[2026-03-26T14:01:24.508+0900][13.085s][info][gc,marking  ] GC(123) Concurrent Preclean 0.028ms
[2026-03-26T14:01:24.508+0900][13.085s][info][gc,start    ] GC(123) Pause Remark
[2026-03-26T14:01:24.510+0900][13.086s][info][gc          ] GC(123) Pause Remark 276M->276M(512M) 0.807ms
[2026-03-26T14:01:24.510+0900][13.086s][info][gc,cpu      ] GC(123) User=0.00s Sys=0.00s Real=0.00s
[2026-03-26T14:01:24.510+0900][13.086s][info][gc,marking  ] GC(123) Concurrent Mark 3.425ms
[2026-03-26T14:01:24.510+0900][13.086s][info][gc,marking  ] GC(123) Concurrent Rebuild Remembered Sets and Scrub Regions
[2026-03-26T14:01:24.510+0900][13.087s][info][gc,marking  ] GC(123) Concurrent Rebuild Remembered Sets and Scrub Regions 0.689ms
[2026-03-26T14:01:24.510+0900][13.087s][info][gc,start    ] GC(123) Pause Cleanup
[2026-03-26T14:01:24.510+0900][13.087s][info][gc          ] GC(123) Pause Cleanup 276M->276M(512M) 0.113ms
[2026-03-26T14:01:24.510+0900][13.087s][info][gc,cpu      ] GC(123) User=0.00s Sys=0.00s Real=0.00s
[2026-03-26T14:01:24.510+0900][13.087s][info][gc,marking  ] GC(123) Concurrent Clear Claimed Marks
[2026-03-26T14:01:24.510+0900][13.087s][info][gc,marking  ] GC(123) Concurrent Clear Claimed Marks 0.024ms
[2026-03-26T14:01:24.510+0900][13.087s][info][gc,marking  ] GC(123) Concurrent Cleanup for Next Mark
[2026-03-26T14:01:24.512+0900][13.088s][info][gc,marking  ] GC(123) Concurrent Cleanup for Next Mark 0.880ms
[2026-03-26T14:01:24.512+0900][13.088s][info][gc          ] GC(123) Concurrent Mark Cycle 5.412ms
[2026-03-26T14:01:24.680+0900][13.256s][info][gc,start    ] GC(124) Pause Young (Concurrent Start) (G1 Humongous Allocation)
[2026-03-26T14:01:24.680+0900][13.256s][info][gc,task     ] GC(124) Using 12 workers of 13 for evacuation
[2026-03-26T14:01:24.680+0900][13.257s][info][gc,phases   ] GC(124)   Pre Evacuate Collection Set: 0.2ms
[2026-03-26T14:01:24.680+0900][13.257s][info][gc,phases   ] GC(124)   Merge Heap Roots: 0.1ms
[2026-03-26T14:01:24.680+0900][13.257s][info][gc,phases   ] GC(124)   Evacuate Collection Set: 0.2ms
[2026-03-26T14:01:24.680+0900][13.257s][info][gc,phases   ] GC(124)   Post Evacuate Collection Set: 0.2ms
[2026-03-26T14:01:24.680+0900][13.257s][info][gc,phases   ] GC(124)   Other: 0.1ms
[2026-03-26T14:01:24.680+0900][13.257s][info][gc,heap     ] GC(124) Eden regions: 50->0(202)
[2026-03-26T14:01:24.680+0900][13.257s][info][gc,heap     ] GC(124) Survivor regions: 0->0(26)
[2026-03-26T14:01:24.680+0900][13.257s][info][gc,heap     ] GC(124) Old regions: 1->1
[2026-03-26T14:01:24.680+0900][13.257s][info][gc,heap     ] GC(124) Humongous regions: 282->282
[2026-03-26T14:01:24.680+0900][13.257s][info][gc,metaspace] GC(124) Metaspace: 309K(512K)->309K(512K) NonClass: 292K(384K)->292K(384K) Class: 17K(128K)->17K(128K)
[2026-03-26T14:01:24.680+0900][13.257s][info][gc          ] GC(124) Pause Young (Concurrent Start) (G1 Humongous Allocation) 332M->282M(512M) 0.990ms
[2026-03-26T14:01:24.680+0900][13.257s][info][gc,cpu      ] GC(124) User=0.00s Sys=0.00s Real=0.00s
[2026-03-26T14:01:24.680+0900][13.257s][info][gc          ] GC(125) Concurrent Mark Cycle
[2026-03-26T14:01:24.680+0900][13.257s][info][gc,marking  ] GC(125) Concurrent Scan Root Regions
[2026-03-26T14:01:24.680+0900][13.257s][info][gc,marking  ] GC(125) Concurrent Scan Root Regions 0.017ms
[2026-03-26T14:01:24.680+0900][13.257s][info][gc,marking  ] GC(125) Concurrent Mark
[2026-03-26T14:01:24.680+0900][13.257s][info][gc,marking  ] GC(125) Concurrent Mark From Roots
[2026-03-26T14:01:24.680+0900][13.257s][info][gc,task     ] GC(125) Using 3 workers of 3 for marking
[2026-03-26T14:01:24.683+0900][13.258s][info][gc,marking  ] GC(125) Concurrent Mark From Roots 0.995ms
[2026-03-26T14:01:24.683+0900][13.258s][info][gc,marking  ] GC(125) Concurrent Preclean
[2026-03-26T14:01:24.683+0900][13.258s][info][gc,marking  ] GC(125) Concurrent Preclean 0.016ms
[2026-03-26T14:01:24.683+0900][13.258s][info][gc,start    ] GC(125) Pause Remark
[2026-03-26T14:01:24.684+0900][13.259s][info][gc          ] GC(125) Pause Remark 288M->288M(512M) 0.416ms
[2026-03-26T14:01:24.684+0900][13.259s][info][gc,cpu      ] GC(125) User=0.00s Sys=0.02s Real=0.00s
[2026-03-26T14:01:24.684+0900][13.259s][info][gc,marking  ] GC(125) Concurrent Mark 1.928ms
[2026-03-26T14:01:24.684+0900][13.259s][info][gc,marking  ] GC(125) Concurrent Rebuild Remembered Sets and Scrub Regions
[2026-03-26T14:01:24.684+0900][13.259s][info][gc,marking  ] GC(125) Concurrent Rebuild Remembered Sets and Scrub Regions 0.386ms
[2026-03-26T14:01:24.684+0900][13.259s][info][gc,start    ] GC(125) Pause Cleanup
[2026-03-26T14:01:24.684+0900][13.260s][info][gc          ] GC(125) Pause Cleanup 288M->288M(512M) 0.115ms
[2026-03-26T14:01:24.684+0900][13.260s][info][gc,cpu      ] GC(125) User=0.00s Sys=0.00s Real=0.00s
[2026-03-26T14:01:24.684+0900][13.260s][info][gc,marking  ] GC(125) Concurrent Clear Claimed Marks
[2026-03-26T14:01:24.684+0900][13.260s][info][gc,marking  ] GC(125) Concurrent Clear Claimed Marks 0.029ms
[2026-03-26T14:01:24.684+0900][13.260s][info][gc,marking  ] GC(125) Concurrent Cleanup for Next Mark
[2026-03-26T14:01:24.684+0900][13.260s][info][gc,marking  ] GC(125) Concurrent Cleanup for Next Mark 0.372ms
[2026-03-26T14:01:24.684+0900][13.260s][info][gc          ] GC(125) Concurrent Mark Cycle 3.089ms
[2026-03-26T14:01:24.839+0900][13.414s][info][gc,start    ] GC(126) Pause Young (Concurrent Start) (G1 Humongous Allocation)
[2026-03-26T14:01:24.839+0900][13.415s][info][gc,task     ] GC(126) Using 12 workers of 13 for evacuation
[2026-03-26T14:01:24.839+0900][13.416s][info][gc,phases   ] GC(126)   Pre Evacuate Collection Set: 0.3ms
[2026-03-26T14:01:24.839+0900][13.416s][info][gc,phases   ] GC(126)   Merge Heap Roots: 0.1ms
[2026-03-26T14:01:24.839+0900][13.416s][info][gc,phases   ] GC(126)   Evacuate Collection Set: 0.4ms
[2026-03-26T14:01:24.839+0900][13.416s][info][gc,phases   ] GC(126)   Post Evacuate Collection Set: 0.4ms
[2026-03-26T14:01:24.839+0900][13.416s][info][gc,phases   ] GC(126)   Other: 0.1ms
[2026-03-26T14:01:24.839+0900][13.416s][info][gc,heap     ] GC(126) Eden regions: 50->0(196)
[2026-03-26T14:01:24.839+0900][13.416s][info][gc,heap     ] GC(126) Survivor regions: 0->0(26)
[2026-03-26T14:01:24.839+0900][13.416s][info][gc,heap     ] GC(126) Old regions: 1->1
[2026-03-26T14:01:24.839+0900][13.416s][info][gc,heap     ] GC(126) Humongous regions: 288->288
[2026-03-26T14:01:24.839+0900][13.416s][info][gc,metaspace] GC(126) Metaspace: 309K(512K)->309K(512K) NonClass: 292K(384K)->292K(384K) Class: 17K(128K)->17K(128K)
[2026-03-26T14:01:24.839+0900][13.416s][info][gc          ] GC(126) Pause Young (Concurrent Start) (G1 Humongous Allocation) 338M->288M(512M) 1.752ms
[2026-03-26T14:01:24.839+0900][13.416s][info][gc,cpu      ] GC(126) User=0.00s Sys=0.03s Real=0.00s
[2026-03-26T14:01:24.839+0900][13.416s][info][gc          ] GC(127) Concurrent Mark Cycle
[2026-03-26T14:01:24.839+0900][13.416s][info][gc,marking  ] GC(127) Concurrent Scan Root Regions
[2026-03-26T14:01:24.839+0900][13.416s][info][gc,marking  ] GC(127) Concurrent Scan Root Regions 0.026ms
[2026-03-26T14:01:24.839+0900][13.416s][info][gc,marking  ] GC(127) Concurrent Mark
[2026-03-26T14:01:24.839+0900][13.416s][info][gc,marking  ] GC(127) Concurrent Mark From Roots
[2026-03-26T14:01:24.839+0900][13.416s][info][gc,task     ] GC(127) Using 3 workers of 3 for marking
[2026-03-26T14:01:24.842+0900][13.418s][info][gc,marking  ] GC(127) Concurrent Mark From Roots 1.492ms
[2026-03-26T14:01:24.842+0900][13.418s][info][gc,marking  ] GC(127) Concurrent Preclean
[2026-03-26T14:01:24.842+0900][13.418s][info][gc,marking  ] GC(127) Concurrent Preclean 0.025ms
[2026-03-26T14:01:24.842+0900][13.418s][info][gc,start    ] GC(127) Pause Remark
[2026-03-26T14:01:24.842+0900][13.419s][info][gc          ] GC(127) Pause Remark 294M->294M(512M) 0.809ms
[2026-03-26T14:01:24.842+0900][13.419s][info][gc,cpu      ] GC(127) User=0.00s Sys=0.00s Real=0.00s
[2026-03-26T14:01:24.842+0900][13.419s][info][gc,marking  ] GC(127) Concurrent Mark 2.669ms
[2026-03-26T14:01:24.842+0900][13.419s][info][gc,marking  ] GC(127) Concurrent Rebuild Remembered Sets and Scrub Regions
[2026-03-26T14:01:24.842+0900][13.420s][info][gc,marking  ] GC(127) Concurrent Rebuild Remembered Sets and Scrub Regions 0.702ms
[2026-03-26T14:01:24.842+0900][13.420s][info][gc,start    ] GC(127) Pause Cleanup
[2026-03-26T14:01:24.842+0900][13.420s][info][gc          ] GC(127) Pause Cleanup 294M->294M(512M) 0.270ms
[2026-03-26T14:01:24.842+0900][13.420s][info][gc,cpu      ] GC(127) User=0.00s Sys=0.00s Real=0.00s
[2026-03-26T14:01:24.842+0900][13.420s][info][gc,marking  ] GC(127) Concurrent Clear Claimed Marks
[2026-03-26T14:01:24.842+0900][13.420s][info][gc,marking  ] GC(127) Concurrent Clear Claimed Marks 0.068ms
[2026-03-26T14:01:24.842+0900][13.420s][info][gc,marking  ] GC(127) Concurrent Cleanup for Next Mark
[2026-03-26T14:01:24.842+0900][13.421s][info][gc,marking  ] GC(127) Concurrent Cleanup for Next Mark 0.377ms
[2026-03-26T14:01:24.842+0900][13.421s][info][gc          ] GC(127) Concurrent Mark Cycle 4.678ms
[2026-03-26T14:01:24.996+0900][13.572s][info][gc,start    ] GC(128) Pause Young (Concurrent Start) (G1 Humongous Allocation)
[2026-03-26T14:01:24.997+0900][13.573s][info][gc,task     ] GC(128) Using 12 workers of 13 for evacuation
[2026-03-26T14:01:24.997+0900][13.574s][info][gc,phases   ] GC(128)   Pre Evacuate Collection Set: 0.3ms
[2026-03-26T14:01:24.997+0900][13.574s][info][gc,phases   ] GC(128)   Merge Heap Roots: 0.1ms
[2026-03-26T14:01:24.997+0900][13.574s][info][gc,phases   ] GC(128)   Evacuate Collection Set: 0.2ms
[2026-03-26T14:01:24.997+0900][13.574s][info][gc,phases   ] GC(128)   Post Evacuate Collection Set: 0.6ms
[2026-03-26T14:01:24.997+0900][13.574s][info][gc,phases   ] GC(128)   Other: 0.3ms
[2026-03-26T14:01:24.997+0900][13.574s][info][gc,heap     ] GC(128) Eden regions: 50->0(190)
[2026-03-26T14:01:24.997+0900][13.574s][info][gc,heap     ] GC(128) Survivor regions: 0->0(25)
[2026-03-26T14:01:24.997+0900][13.574s][info][gc,heap     ] GC(128) Old regions: 1->1
[2026-03-26T14:01:24.997+0900][13.574s][info][gc,heap     ] GC(128) Humongous regions: 294->294
[2026-03-26T14:01:24.997+0900][13.574s][info][gc,metaspace] GC(128) Metaspace: 309K(512K)->309K(512K) NonClass: 292K(384K)->292K(384K) Class: 17K(128K)->17K(128K)
[2026-03-26T14:01:24.997+0900][13.574s][info][gc          ] GC(128) Pause Young (Concurrent Start) (G1 Humongous Allocation) 344M->294M(512M) 1.927ms
[2026-03-26T14:01:24.997+0900][13.574s][info][gc,cpu      ] GC(128) User=0.00s Sys=0.00s Real=0.00s
[2026-03-26T14:01:24.997+0900][13.574s][info][gc          ] GC(129) Concurrent Mark Cycle
[2026-03-26T14:01:24.997+0900][13.575s][info][gc,marking  ] GC(129) Concurrent Scan Root Regions
[2026-03-26T14:01:24.997+0900][13.575s][info][gc,marking  ] GC(129) Concurrent Scan Root Regions 0.027ms
[2026-03-26T14:01:24.997+0900][13.575s][info][gc,marking  ] GC(129) Concurrent Mark
[2026-03-26T14:01:24.997+0900][13.575s][info][gc,marking  ] GC(129) Concurrent Mark From Roots
[2026-03-26T14:01:24.997+0900][13.575s][info][gc,task     ] GC(129) Using 3 workers of 3 for marking
[2026-03-26T14:01:25.000+0900][13.576s][info][gc,marking  ] GC(129) Concurrent Mark From Roots 1.431ms
[2026-03-26T14:01:25.000+0900][13.576s][info][gc,marking  ] GC(129) Concurrent Preclean
[2026-03-26T14:01:25.000+0900][13.576s][info][gc,marking  ] GC(129) Concurrent Preclean 0.027ms
[2026-03-26T14:01:25.000+0900][13.576s][info][gc,start    ] GC(129) Pause Remark
[2026-03-26T14:01:25.000+0900][13.577s][info][gc          ] GC(129) Pause Remark 301M->301M(512M) 1.291ms
[2026-03-26T14:01:25.000+0900][13.578s][info][gc,cpu      ] GC(129) User=0.00s Sys=0.00s Real=0.00s
[2026-03-26T14:01:25.000+0900][13.578s][info][gc,marking  ] GC(129) Concurrent Mark 3.030ms
[2026-03-26T14:01:25.000+0900][13.578s][info][gc,marking  ] GC(129) Concurrent Rebuild Remembered Sets and Scrub Regions
[2026-03-26T14:01:25.000+0900][13.579s][info][gc,marking  ] GC(129) Concurrent Rebuild Remembered Sets and Scrub Regions 0.825ms
[2026-03-26T14:01:25.000+0900][13.579s][info][gc,start    ] GC(129) Pause Cleanup
[2026-03-26T14:01:25.000+0900][13.579s][info][gc          ] GC(129) Pause Cleanup 301M->301M(512M) 0.225ms
[2026-03-26T14:01:25.000+0900][13.579s][info][gc,cpu      ] GC(129) User=0.00s Sys=0.00s Real=0.00s
[2026-03-26T14:01:25.000+0900][13.579s][info][gc,marking  ] GC(129) Concurrent Clear Claimed Marks
[2026-03-26T14:01:25.000+0900][13.579s][info][gc,marking  ] GC(129) Concurrent Clear Claimed Marks 0.083ms
[2026-03-26T14:01:25.000+0900][13.579s][info][gc,marking  ] GC(129) Concurrent Cleanup for Next Mark
[2026-03-26T14:01:25.000+0900][13.580s][info][gc,marking  ] GC(129) Concurrent Cleanup for Next Mark 0.437ms
[2026-03-26T14:01:25.000+0900][13.580s][info][gc          ] GC(129) Concurrent Mark Cycle 5.278ms
[2026-03-26T14:01:25.155+0900][13.731s][info][gc,start    ] GC(130) Pause Young (Concurrent Start) (G1 Humongous Allocation)
[2026-03-26T14:01:25.155+0900][13.731s][info][gc,task     ] GC(130) Using 12 workers of 13 for evacuation
[2026-03-26T14:01:25.155+0900][13.732s][info][gc,phases   ] GC(130)   Pre Evacuate Collection Set: 0.1ms
[2026-03-26T14:01:25.155+0900][13.732s][info][gc,phases   ] GC(130)   Merge Heap Roots: 0.1ms
[2026-03-26T14:01:25.155+0900][13.732s][info][gc,phases   ] GC(130)   Evacuate Collection Set: 0.2ms
[2026-03-26T14:01:25.155+0900][13.732s][info][gc,phases   ] GC(130)   Post Evacuate Collection Set: 0.2ms
[2026-03-26T14:01:25.155+0900][13.732s][info][gc,phases   ] GC(130)   Other: 0.1ms
[2026-03-26T14:01:25.155+0900][13.732s][info][gc,heap     ] GC(130) Eden regions: 50->0(184)
[2026-03-26T14:01:25.155+0900][13.732s][info][gc,heap     ] GC(130) Survivor regions: 0->0(24)
[2026-03-26T14:01:25.155+0900][13.732s][info][gc,heap     ] GC(130) Old regions: 1->1
[2026-03-26T14:01:25.155+0900][13.732s][info][gc,heap     ] GC(130) Humongous regions: 300->300
[2026-03-26T14:01:25.155+0900][13.732s][info][gc,metaspace] GC(130) Metaspace: 309K(512K)->309K(512K) NonClass: 292K(384K)->292K(384K) Class: 17K(128K)->17K(128K)
[2026-03-26T14:01:25.155+0900][13.732s][info][gc          ] GC(130) Pause Young (Concurrent Start) (G1 Humongous Allocation) 350M->300M(512M) 0.865ms
[2026-03-26T14:01:25.157+0900][13.732s][info][gc,cpu      ] GC(130) User=0.00s Sys=0.00s Real=0.00s
[2026-03-26T14:01:25.157+0900][13.732s][info][gc          ] GC(131) Concurrent Mark Cycle
[2026-03-26T14:01:25.157+0900][13.732s][info][gc,marking  ] GC(131) Concurrent Scan Root Regions
[2026-03-26T14:01:25.157+0900][13.732s][info][gc,marking  ] GC(131) Concurrent Scan Root Regions 0.013ms
[2026-03-26T14:01:25.157+0900][13.732s][info][gc,marking  ] GC(131) Concurrent Mark
[2026-03-26T14:01:25.157+0900][13.732s][info][gc,marking  ] GC(131) Concurrent Mark From Roots
[2026-03-26T14:01:25.157+0900][13.732s][info][gc,task     ] GC(131) Using 3 workers of 3 for marking
[2026-03-26T14:01:25.157+0900][13.733s][info][gc,marking  ] GC(131) Concurrent Mark From Roots 1.098ms
[2026-03-26T14:01:25.157+0900][13.733s][info][gc,marking  ] GC(131) Concurrent Preclean
[2026-03-26T14:01:25.157+0900][13.733s][info][gc,marking  ] GC(131) Concurrent Preclean 0.016ms
[2026-03-26T14:01:25.170+0900][13.745s][info][gc,start    ] GC(131) Pause Remark
[2026-03-26T14:01:25.170+0900][13.746s][info][gc          ] GC(131) Pause Remark 300M->300M(512M) 0.619ms
[2026-03-26T14:01:25.170+0900][13.746s][info][gc,cpu      ] GC(131) User=0.00s Sys=0.00s Real=0.00s
[2026-03-26T14:01:25.170+0900][13.746s][info][gc,marking  ] GC(131) Concurrent Mark 13.880ms
[2026-03-26T14:01:25.170+0900][13.746s][info][gc,marking  ] GC(131) Concurrent Rebuild Remembered Sets and Scrub Regions
[2026-03-26T14:01:25.171+0900][13.747s][info][gc,marking  ] GC(131) Concurrent Rebuild Remembered Sets and Scrub Regions 0.481ms
[2026-03-26T14:01:25.171+0900][13.747s][info][gc,start    ] GC(131) Pause Cleanup
[2026-03-26T14:01:25.171+0900][13.747s][info][gc          ] GC(131) Pause Cleanup 300M->300M(512M) 0.117ms
[2026-03-26T14:01:25.171+0900][13.747s][info][gc,cpu      ] GC(131) User=0.00s Sys=0.00s Real=0.00s
[2026-03-26T14:01:25.171+0900][13.747s][info][gc,marking  ] GC(131) Concurrent Clear Claimed Marks
[2026-03-26T14:01:25.171+0900][13.747s][info][gc,marking  ] GC(131) Concurrent Clear Claimed Marks 0.029ms
[2026-03-26T14:01:25.171+0900][13.747s][info][gc,marking  ] GC(131) Concurrent Cleanup for Next Mark
[2026-03-26T14:01:25.172+0900][13.748s][info][gc,marking  ] GC(131) Concurrent Cleanup for Next Mark 0.454ms
[2026-03-26T14:01:25.172+0900][13.748s][info][gc          ] GC(131) Concurrent Mark Cycle 15.357ms
[2026-03-26T14:01:25.331+0900][13.906s][info][gc,start    ] GC(132) Pause Young (Concurrent Start) (G1 Humongous Allocation)
[2026-03-26T14:01:25.331+0900][13.906s][info][gc,task     ] GC(132) Using 12 workers of 13 for evacuation
[2026-03-26T14:01:25.331+0900][13.907s][info][gc,phases   ] GC(132)   Pre Evacuate Collection Set: 0.2ms
[2026-03-26T14:01:25.331+0900][13.907s][info][gc,phases   ] GC(132)   Merge Heap Roots: 0.1ms
[2026-03-26T14:01:25.331+0900][13.907s][info][gc,phases   ] GC(132)   Evacuate Collection Set: 0.2ms
[2026-03-26T14:01:25.331+0900][13.907s][info][gc,phases   ] GC(132)   Post Evacuate Collection Set: 0.1ms
[2026-03-26T14:01:25.331+0900][13.907s][info][gc,phases   ] GC(132)   Other: 0.1ms
[2026-03-26T14:01:25.331+0900][13.907s][info][gc,heap     ] GC(132) Eden regions: 50->0(178)
[2026-03-26T14:01:25.331+0900][13.907s][info][gc,heap     ] GC(132) Survivor regions: 0->0(23)
[2026-03-26T14:01:25.331+0900][13.907s][info][gc,heap     ] GC(132) Old regions: 1->1
[2026-03-26T14:01:25.331+0900][13.907s][info][gc,heap     ] GC(132) Humongous regions: 306->306
[2026-03-26T14:01:25.331+0900][13.907s][info][gc,metaspace] GC(132) Metaspace: 309K(512K)->309K(512K) NonClass: 292K(384K)->292K(384K) Class: 17K(128K)->17K(128K)
[2026-03-26T14:01:25.331+0900][13.907s][info][gc          ] GC(132) Pause Young (Concurrent Start) (G1 Humongous Allocation) 356M->306M(512M) 0.890ms
[2026-03-26T14:01:25.331+0900][13.907s][info][gc,cpu      ] GC(132) User=0.00s Sys=0.00s Real=0.00s
[2026-03-26T14:01:25.331+0900][13.907s][info][gc          ] GC(133) Concurrent Mark Cycle
[2026-03-26T14:01:25.331+0900][13.907s][info][gc,marking  ] GC(133) Concurrent Scan Root Regions
[2026-03-26T14:01:25.331+0900][13.907s][info][gc,marking  ] GC(133) Concurrent Scan Root Regions 0.015ms
[2026-03-26T14:01:25.331+0900][13.907s][info][gc,marking  ] GC(133) Concurrent Mark
[2026-03-26T14:01:25.331+0900][13.907s][info][gc,marking  ] GC(133) Concurrent Mark From Roots
[2026-03-26T14:01:25.331+0900][13.907s][info][gc,task     ] GC(133) Using 3 workers of 3 for marking
[2026-03-26T14:01:25.331+0900][13.908s][info][gc,marking  ] GC(133) Concurrent Mark From Roots 0.877ms
[2026-03-26T14:01:25.331+0900][13.908s][info][gc,marking  ] GC(133) Concurrent Preclean
[2026-03-26T14:01:25.331+0900][13.908s][info][gc,marking  ] GC(133) Concurrent Preclean 0.013ms
[2026-03-26T14:01:25.331+0900][13.908s][info][gc,start    ] GC(133) Pause Remark
[2026-03-26T14:01:25.331+0900][13.908s][info][gc          ] GC(133) Pause Remark 312M->312M(512M) 0.497ms
[2026-03-26T14:01:25.331+0900][13.908s][info][gc,cpu      ] GC(133) User=0.00s Sys=0.00s Real=0.00s
[2026-03-26T14:01:25.331+0900][13.908s][info][gc,marking  ] GC(133) Concurrent Mark 1.534ms
[2026-03-26T14:01:25.331+0900][13.908s][info][gc,marking  ] GC(133) Concurrent Rebuild Remembered Sets and Scrub Regions
[2026-03-26T14:01:25.333+0900][13.909s][info][gc,marking  ] GC(133) Concurrent Rebuild Remembered Sets and Scrub Regions 0.367ms
[2026-03-26T14:01:25.333+0900][13.909s][info][gc,start    ] GC(133) Pause Cleanup
[2026-03-26T14:01:25.333+0900][13.909s][info][gc          ] GC(133) Pause Cleanup 312M->312M(512M) 0.088ms
[2026-03-26T14:01:25.333+0900][13.909s][info][gc,cpu      ] GC(133) User=0.00s Sys=0.00s Real=0.00s
[2026-03-26T14:01:25.333+0900][13.909s][info][gc,marking  ] GC(133) Concurrent Clear Claimed Marks
[2026-03-26T14:01:25.333+0900][13.909s][info][gc,marking  ] GC(133) Concurrent Clear Claimed Marks 0.014ms
[2026-03-26T14:01:25.333+0900][13.909s][info][gc,marking  ] GC(133) Concurrent Cleanup for Next Mark
[2026-03-26T14:01:25.333+0900][13.909s][info][gc,marking  ] GC(133) Concurrent Cleanup for Next Mark 0.392ms
[2026-03-26T14:01:25.333+0900][13.909s][info][gc          ] GC(133) Concurrent Mark Cycle 2.636ms
[2026-03-26T14:01:25.515+0900][14.091s][info][gc,start    ] GC(134) Pause Young (Concurrent Start) (G1 Humongous Allocation)
[2026-03-26T14:01:25.515+0900][14.091s][info][gc,task     ] GC(134) Using 12 workers of 13 for evacuation
[2026-03-26T14:01:25.515+0900][14.092s][info][gc,phases   ] GC(134)   Pre Evacuate Collection Set: 0.2ms
[2026-03-26T14:01:25.515+0900][14.092s][info][gc,phases   ] GC(134)   Merge Heap Roots: 0.1ms
[2026-03-26T14:01:25.515+0900][14.092s][info][gc,phases   ] GC(134)   Evacuate Collection Set: 0.1ms
[2026-03-26T14:01:25.515+0900][14.092s][info][gc,phases   ] GC(134)   Post Evacuate Collection Set: 0.1ms
[2026-03-26T14:01:25.515+0900][14.092s][info][gc,phases   ] GC(134)   Other: 0.1ms
[2026-03-26T14:01:25.515+0900][14.092s][info][gc,heap     ] GC(134) Eden regions: 50->0(172)
[2026-03-26T14:01:25.515+0900][14.092s][info][gc,heap     ] GC(134) Survivor regions: 0->0(23)
[2026-03-26T14:01:25.515+0900][14.092s][info][gc,heap     ] GC(134) Old regions: 1->1
[2026-03-26T14:01:25.515+0900][14.092s][info][gc,heap     ] GC(134) Humongous regions: 312->312
[2026-03-26T14:01:25.515+0900][14.092s][info][gc,metaspace] GC(134) Metaspace: 309K(512K)->309K(512K) NonClass: 292K(384K)->292K(384K) Class: 17K(128K)->17K(128K)
[2026-03-26T14:01:25.515+0900][14.092s][info][gc          ] GC(134) Pause Young (Concurrent Start) (G1 Humongous Allocation) 362M->312M(512M) 0.883ms
[2026-03-26T14:01:25.515+0900][14.092s][info][gc,cpu      ] GC(134) User=0.00s Sys=0.00s Real=0.00s
[2026-03-26T14:01:25.515+0900][14.092s][info][gc          ] GC(135) Concurrent Mark Cycle
[2026-03-26T14:01:25.515+0900][14.092s][info][gc,marking  ] GC(135) Concurrent Scan Root Regions
[2026-03-26T14:01:25.515+0900][14.092s][info][gc,marking  ] GC(135) Concurrent Scan Root Regions 0.014ms
[2026-03-26T14:01:25.515+0900][14.092s][info][gc,marking  ] GC(135) Concurrent Mark
[2026-03-26T14:01:25.515+0900][14.092s][info][gc,marking  ] GC(135) Concurrent Mark From Roots
[2026-03-26T14:01:25.515+0900][14.092s][info][gc,task     ] GC(135) Using 3 workers of 3 for marking
[2026-03-26T14:01:25.517+0900][14.093s][info][gc,marking  ] GC(135) Concurrent Mark From Roots 0.857ms
[2026-03-26T14:01:25.517+0900][14.093s][info][gc,marking  ] GC(135) Concurrent Preclean
[2026-03-26T14:01:25.517+0900][14.093s][info][gc,marking  ] GC(135) Concurrent Preclean 0.017ms
[2026-03-26T14:01:25.517+0900][14.093s][info][gc,start    ] GC(135) Pause Remark
[2026-03-26T14:01:25.517+0900][14.094s][info][gc          ] GC(135) Pause Remark 318M->318M(512M) 0.514ms
[2026-03-26T14:01:25.517+0900][14.094s][info][gc,cpu      ] GC(135) User=0.00s Sys=0.00s Real=0.00s
[2026-03-26T14:01:25.517+0900][14.094s][info][gc,marking  ] GC(135) Concurrent Mark 1.580ms
[2026-03-26T14:01:25.517+0900][14.094s][info][gc,marking  ] GC(135) Concurrent Rebuild Remembered Sets and Scrub Regions
[2026-03-26T14:01:25.517+0900][14.094s][info][gc,marking  ] GC(135) Concurrent Rebuild Remembered Sets and Scrub Regions 0.389ms
[2026-03-26T14:01:25.517+0900][14.094s][info][gc,start    ] GC(135) Pause Cleanup
[2026-03-26T14:01:25.517+0900][14.094s][info][gc          ] GC(135) Pause Cleanup 318M->318M(512M) 0.083ms
[2026-03-26T14:01:25.517+0900][14.094s][info][gc,cpu      ] GC(135) User=0.00s Sys=0.00s Real=0.00s
[2026-03-26T14:01:25.517+0900][14.094s][info][gc,marking  ] GC(135) Concurrent Clear Claimed Marks
[2026-03-26T14:01:25.519+0900][14.095s][info][gc,marking  ] GC(135) Concurrent Clear Claimed Marks 0.135ms
[2026-03-26T14:01:25.519+0900][14.095s][info][gc,marking  ] GC(135) Concurrent Cleanup for Next Mark
[2026-03-26T14:01:25.519+0900][14.095s][info][gc,marking  ] GC(135) Concurrent Cleanup for Next Mark 0.378ms
[2026-03-26T14:01:25.519+0900][14.095s][info][gc          ] GC(135) Concurrent Mark Cycle 2.829ms
[2026-03-26T14:01:25.681+0900][14.257s][info][gc,start    ] GC(136) Pause Young (Concurrent Start) (G1 Humongous Allocation)
[2026-03-26T14:01:25.681+0900][14.257s][info][gc,task     ] GC(136) Using 12 workers of 13 for evacuation
[2026-03-26T14:01:25.681+0900][14.258s][info][gc,phases   ] GC(136)   Pre Evacuate Collection Set: 0.2ms
[2026-03-26T14:01:25.681+0900][14.259s][info][gc,phases   ] GC(136)   Merge Heap Roots: 0.1ms
[2026-03-26T14:01:25.681+0900][14.259s][info][gc,phases   ] GC(136)   Evacuate Collection Set: 0.3ms
[2026-03-26T14:01:25.681+0900][14.259s][info][gc,phases   ] GC(136)   Post Evacuate Collection Set: 0.3ms
[2026-03-26T14:01:25.681+0900][14.259s][info][gc,phases   ] GC(136)   Other: 0.1ms
[2026-03-26T14:01:25.681+0900][14.259s][info][gc,heap     ] GC(136) Eden regions: 50->0(166)
[2026-03-26T14:01:25.681+0900][14.259s][info][gc,heap     ] GC(136) Survivor regions: 0->0(22)
[2026-03-26T14:01:25.681+0900][14.259s][info][gc,heap     ] GC(136) Old regions: 1->1
[2026-03-26T14:01:25.681+0900][14.259s][info][gc,heap     ] GC(136) Humongous regions: 318->318
[2026-03-26T14:01:25.681+0900][14.259s][info][gc,metaspace] GC(136) Metaspace: 309K(512K)->309K(512K) NonClass: 292K(384K)->292K(384K) Class: 17K(128K)->17K(128K)
[2026-03-26T14:01:25.681+0900][14.259s][info][gc          ] GC(136) Pause Young (Concurrent Start) (G1 Humongous Allocation) 368M->318M(512M) 1.544ms
[2026-03-26T14:01:25.681+0900][14.259s][info][gc,cpu      ] GC(136) User=0.02s Sys=0.00s Real=0.00s
[2026-03-26T14:01:25.681+0900][14.259s][info][gc          ] GC(137) Concurrent Mark Cycle
[2026-03-26T14:01:25.681+0900][14.259s][info][gc,marking  ] GC(137) Concurrent Scan Root Regions
[2026-03-26T14:01:25.681+0900][14.259s][info][gc,marking  ] GC(137) Concurrent Scan Root Regions 0.026ms
[2026-03-26T14:01:25.681+0900][14.259s][info][gc,marking  ] GC(137) Concurrent Mark
[2026-03-26T14:01:25.681+0900][14.259s][info][gc,marking  ] GC(137) Concurrent Mark From Roots
[2026-03-26T14:01:25.681+0900][14.259s][info][gc,task     ] GC(137) Using 3 workers of 3 for marking
[2026-03-26T14:01:25.685+0900][14.261s][info][gc,marking  ] GC(137) Concurrent Mark From Roots 1.453ms
[2026-03-26T14:01:25.685+0900][14.261s][info][gc,marking  ] GC(137) Concurrent Preclean
[2026-03-26T14:01:25.685+0900][14.261s][info][gc,marking  ] GC(137) Concurrent Preclean 0.028ms
[2026-03-26T14:01:25.685+0900][14.261s][info][gc,start    ] GC(137) Pause Remark
[2026-03-26T14:01:25.685+0900][14.262s][info][gc          ] GC(137) Pause Remark 324M->324M(512M) 0.883ms
[2026-03-26T14:01:25.685+0900][14.262s][info][gc,cpu      ] GC(137) User=0.00s Sys=0.00s Real=0.00s
[2026-03-26T14:01:25.685+0900][14.262s][info][gc,marking  ] GC(137) Concurrent Mark 2.676ms
[2026-03-26T14:01:25.685+0900][14.262s][info][gc,marking  ] GC(137) Concurrent Rebuild Remembered Sets and Scrub Regions
[2026-03-26T14:01:25.685+0900][14.263s][info][gc,marking  ] GC(137) Concurrent Rebuild Remembered Sets and Scrub Regions 0.745ms
[2026-03-26T14:01:25.685+0900][14.263s][info][gc,start    ] GC(137) Pause Cleanup
[2026-03-26T14:01:25.685+0900][14.263s][info][gc          ] GC(137) Pause Cleanup 324M->324M(512M) 0.163ms
[2026-03-26T14:01:25.685+0900][14.263s][info][gc,cpu      ] GC(137) User=0.00s Sys=0.00s Real=0.00s
[2026-03-26T14:01:25.685+0900][14.263s][info][gc,marking  ] GC(137) Concurrent Clear Claimed Marks
[2026-03-26T14:01:25.685+0900][14.263s][info][gc,marking  ] GC(137) Concurrent Clear Claimed Marks 0.070ms
[2026-03-26T14:01:25.685+0900][14.263s][info][gc,marking  ] GC(137) Concurrent Cleanup for Next Mark
[2026-03-26T14:01:25.685+0900][14.263s][info][gc,marking  ] GC(137) Concurrent Cleanup for Next Mark 0.350ms
[2026-03-26T14:01:25.685+0900][14.263s][info][gc          ] GC(137) Concurrent Mark Cycle 4.504ms
[2026-03-26T14:01:25.839+0900][14.415s][info][gc,start    ] GC(138) Pause Young (Concurrent Start) (G1 Humongous Allocation)
[2026-03-26T14:01:25.839+0900][14.415s][info][gc,task     ] GC(138) Using 12 workers of 13 for evacuation
[2026-03-26T14:01:25.839+0900][14.417s][info][gc,phases   ] GC(138)   Pre Evacuate Collection Set: 0.4ms
[2026-03-26T14:01:25.839+0900][14.417s][info][gc,phases   ] GC(138)   Merge Heap Roots: 0.1ms
[2026-03-26T14:01:25.839+0900][14.417s][info][gc,phases   ] GC(138)   Evacuate Collection Set: 0.3ms
[2026-03-26T14:01:25.839+0900][14.417s][info][gc,phases   ] GC(138)   Post Evacuate Collection Set: 0.4ms
[2026-03-26T14:01:25.839+0900][14.417s][info][gc,phases   ] GC(138)   Other: 0.2ms
[2026-03-26T14:01:25.839+0900][14.417s][info][gc,heap     ] GC(138) Eden regions: 50->0(160)
[2026-03-26T14:01:25.839+0900][14.417s][info][gc,heap     ] GC(138) Survivor regions: 0->0(21)
[2026-03-26T14:01:25.839+0900][14.417s][info][gc,heap     ] GC(138) Old regions: 1->1
[2026-03-26T14:01:25.839+0900][14.417s][info][gc,heap     ] GC(138) Humongous regions: 324->324
[2026-03-26T14:01:25.839+0900][14.417s][info][gc,metaspace] GC(138) Metaspace: 309K(512K)->309K(512K) NonClass: 292K(384K)->292K(384K) Class: 17K(128K)->17K(128K)
[2026-03-26T14:01:25.839+0900][14.417s][info][gc          ] GC(138) Pause Young (Concurrent Start) (G1 Humongous Allocation) 374M->324M(512M) 1.939ms
[2026-03-26T14:01:25.839+0900][14.417s][info][gc,cpu      ] GC(138) User=0.00s Sys=0.00s Real=0.00s
[2026-03-26T14:01:25.839+0900][14.417s][info][gc          ] GC(139) Concurrent Mark Cycle
[2026-03-26T14:01:25.839+0900][14.417s][info][gc,marking  ] GC(139) Concurrent Scan Root Regions
[2026-03-26T14:01:25.839+0900][14.417s][info][gc,marking  ] GC(139) Concurrent Scan Root Regions 0.030ms
[2026-03-26T14:01:25.839+0900][14.417s][info][gc,marking  ] GC(139) Concurrent Mark
[2026-03-26T14:01:25.839+0900][14.417s][info][gc,marking  ] GC(139) Concurrent Mark From Roots
[2026-03-26T14:01:25.839+0900][14.417s][info][gc,task     ] GC(139) Using 3 workers of 3 for marking
[2026-03-26T14:01:25.839+0900][14.419s][info][gc,marking  ] GC(139) Concurrent Mark From Roots 1.703ms
[2026-03-26T14:01:25.839+0900][14.419s][info][gc,marking  ] GC(139) Concurrent Preclean
[2026-03-26T14:01:25.839+0900][14.419s][info][gc,marking  ] GC(139) Concurrent Preclean 0.033ms
[2026-03-26T14:01:25.839+0900][14.419s][info][gc,start    ] GC(139) Pause Remark
[2026-03-26T14:01:25.839+0900][14.420s][info][gc          ] GC(139) Pause Remark 330M->330M(512M) 0.986ms
[2026-03-26T14:01:25.839+0900][14.420s][info][gc,cpu      ] GC(139) User=0.00s Sys=0.00s Real=0.00s
[2026-03-26T14:01:25.839+0900][14.420s][info][gc,marking  ] GC(139) Concurrent Mark 3.108ms
[2026-03-26T14:01:25.839+0900][14.421s][info][gc,marking  ] GC(139) Concurrent Rebuild Remembered Sets and Scrub Regions
[2026-03-26T14:01:25.839+0900][14.421s][info][gc,marking  ] GC(139) Concurrent Rebuild Remembered Sets and Scrub Regions 0.771ms
[2026-03-26T14:01:25.839+0900][14.421s][info][gc,start    ] GC(139) Pause Cleanup
[2026-03-26T14:01:25.839+0900][14.422s][info][gc          ] GC(139) Pause Cleanup 330M->330M(512M) 0.245ms
[2026-03-26T14:01:25.839+0900][14.422s][info][gc,cpu      ] GC(139) User=0.00s Sys=0.00s Real=0.00s
[2026-03-26T14:01:25.839+0900][14.422s][info][gc,marking  ] GC(139) Concurrent Clear Claimed Marks
[2026-03-26T14:01:25.839+0900][14.422s][info][gc,marking  ] GC(139) Concurrent Clear Claimed Marks 0.037ms
[2026-03-26T14:01:25.839+0900][14.422s][info][gc,marking  ] GC(139) Concurrent Cleanup for Next Mark
[2026-03-26T14:01:25.839+0900][14.422s][info][gc,marking  ] GC(139) Concurrent Cleanup for Next Mark 0.397ms
[2026-03-26T14:01:25.839+0900][14.422s][info][gc          ] GC(139) Concurrent Mark Cycle 5.027ms
[2026-03-26T14:01:25.999+0900][14.574s][info][gc,start    ] GC(140) Pause Young (Concurrent Start) (G1 Humongous Allocation)
[2026-03-26T14:01:25.999+0900][14.574s][info][gc,task     ] GC(140) Using 12 workers of 13 for evacuation
[2026-03-26T14:01:25.999+0900][14.576s][info][gc,phases   ] GC(140)   Pre Evacuate Collection Set: 0.4ms
[2026-03-26T14:01:25.999+0900][14.576s][info][gc,phases   ] GC(140)   Merge Heap Roots: 0.1ms
[2026-03-26T14:01:25.999+0900][14.576s][info][gc,phases   ] GC(140)   Evacuate Collection Set: 0.3ms
[2026-03-26T14:01:25.999+0900][14.576s][info][gc,phases   ] GC(140)   Post Evacuate Collection Set: 0.6ms
[2026-03-26T14:01:25.999+0900][14.576s][info][gc,phases   ] GC(140)   Other: 0.3ms
[2026-03-26T14:01:25.999+0900][14.576s][info][gc,heap     ] GC(140) Eden regions: 50->0(154)
[2026-03-26T14:01:25.999+0900][14.576s][info][gc,heap     ] GC(140) Survivor regions: 0->0(20)
[2026-03-26T14:01:25.999+0900][14.576s][info][gc,heap     ] GC(140) Old regions: 1->1
[2026-03-26T14:01:25.999+0900][14.576s][info][gc,heap     ] GC(140) Humongous regions: 330->330
[2026-03-26T14:01:25.999+0900][14.577s][info][gc,metaspace] GC(140) Metaspace: 309K(512K)->309K(512K) NonClass: 292K(384K)->292K(384K) Class: 17K(128K)->17K(128K)
[2026-03-26T14:01:25.999+0900][14.577s][info][gc          ] GC(140) Pause Young (Concurrent Start) (G1 Humongous Allocation) 380M->330M(512M) 2.287ms
[2026-03-26T14:01:25.999+0900][14.577s][info][gc,cpu      ] GC(140) User=0.00s Sys=0.00s Real=0.00s
[2026-03-26T14:01:25.999+0900][14.577s][info][gc          ] GC(141) Concurrent Mark Cycle
[2026-03-26T14:01:25.999+0900][14.577s][info][gc,marking  ] GC(141) Concurrent Scan Root Regions
[2026-03-26T14:01:25.999+0900][14.577s][info][gc,marking  ] GC(141) Concurrent Scan Root Regions 0.024ms
[2026-03-26T14:01:25.999+0900][14.577s][info][gc,marking  ] GC(141) Concurrent Mark
[2026-03-26T14:01:25.999+0900][14.577s][info][gc,marking  ] GC(141) Concurrent Mark From Roots
[2026-03-26T14:01:25.999+0900][14.577s][info][gc,task     ] GC(141) Using 3 workers of 3 for marking
[2026-03-26T14:01:26.003+0900][14.578s][info][gc,marking  ] GC(141) Concurrent Mark From Roots 1.266ms
[2026-03-26T14:01:26.003+0900][14.578s][info][gc,marking  ] GC(141) Concurrent Preclean
[2026-03-26T14:01:26.003+0900][14.578s][info][gc,marking  ] GC(141) Concurrent Preclean 0.022ms
[2026-03-26T14:01:26.003+0900][14.578s][info][gc,start    ] GC(141) Pause Remark
[2026-03-26T14:01:26.003+0900][14.579s][info][gc          ] GC(141) Pause Remark 336M->336M(512M) 1.230ms
[2026-03-26T14:01:26.003+0900][14.580s][info][gc,cpu      ] GC(141) User=0.00s Sys=0.00s Real=0.00s
[2026-03-26T14:01:26.003+0900][14.580s][info][gc,marking  ] GC(141) Concurrent Mark 2.830ms
[2026-03-26T14:01:26.003+0900][14.580s][info][gc,marking  ] GC(141) Concurrent Rebuild Remembered Sets and Scrub Regions
[2026-03-26T14:01:26.005+0900][14.580s][info][gc,marking  ] GC(141) Concurrent Rebuild Remembered Sets and Scrub Regions 0.734ms
[2026-03-26T14:01:26.005+0900][14.581s][info][gc,start    ] GC(141) Pause Cleanup
[2026-03-26T14:01:26.005+0900][14.581s][info][gc          ] GC(141) Pause Cleanup 336M->336M(512M) 0.234ms
[2026-03-26T14:01:26.005+0900][14.581s][info][gc,cpu      ] GC(141) User=0.00s Sys=0.00s Real=0.00s
[2026-03-26T14:01:26.005+0900][14.581s][info][gc,marking  ] GC(141) Concurrent Clear Claimed Marks
[2026-03-26T14:01:26.005+0900][14.581s][info][gc,marking  ] GC(141) Concurrent Clear Claimed Marks 0.019ms
[2026-03-26T14:01:26.005+0900][14.581s][info][gc,marking  ] GC(141) Concurrent Cleanup for Next Mark
[2026-03-26T14:01:26.005+0900][14.581s][info][gc,marking  ] GC(141) Concurrent Cleanup for Next Mark 0.443ms
[2026-03-26T14:01:26.005+0900][14.581s][info][gc          ] GC(141) Concurrent Mark Cycle 4.856ms
[2026-03-26T14:01:26.157+0900][14.733s][info][gc,start    ] GC(142) Pause Young (Concurrent Start) (G1 Humongous Allocation)
[2026-03-26T14:01:26.157+0900][14.733s][info][gc,task     ] GC(142) Using 12 workers of 13 for evacuation
[2026-03-26T14:01:26.159+0900][14.734s][info][gc,phases   ] GC(142)   Pre Evacuate Collection Set: 0.2ms
[2026-03-26T14:01:26.159+0900][14.734s][info][gc,phases   ] GC(142)   Merge Heap Roots: 0.1ms
[2026-03-26T14:01:26.159+0900][14.734s][info][gc,phases   ] GC(142)   Evacuate Collection Set: 0.2ms
[2026-03-26T14:01:26.159+0900][14.734s][info][gc,phases   ] GC(142)   Post Evacuate Collection Set: 0.2ms
[2026-03-26T14:01:26.159+0900][14.734s][info][gc,phases   ] GC(142)   Other: 0.1ms
[2026-03-26T14:01:26.159+0900][14.734s][info][gc,heap     ] GC(142) Eden regions: 50->0(148)
[2026-03-26T14:01:26.159+0900][14.734s][info][gc,heap     ] GC(142) Survivor regions: 0->0(20)
[2026-03-26T14:01:26.159+0900][14.734s][info][gc,heap     ] GC(142) Old regions: 1->1
[2026-03-26T14:01:26.159+0900][14.734s][info][gc,heap     ] GC(142) Humongous regions: 336->336
[2026-03-26T14:01:26.159+0900][14.734s][info][gc,metaspace] GC(142) Metaspace: 309K(512K)->309K(512K) NonClass: 292K(384K)->292K(384K) Class: 17K(128K)->17K(128K)
[2026-03-26T14:01:26.159+0900][14.734s][info][gc          ] GC(142) Pause Young (Concurrent Start) (G1 Humongous Allocation) 386M->336M(512M) 0.925ms
[2026-03-26T14:01:26.159+0900][14.734s][info][gc,cpu      ] GC(142) User=0.00s Sys=0.00s Real=0.00s
[2026-03-26T14:01:26.159+0900][14.734s][info][gc          ] GC(143) Concurrent Mark Cycle
[2026-03-26T14:01:26.159+0900][14.734s][info][gc,marking  ] GC(143) Concurrent Scan Root Regions
[2026-03-26T14:01:26.159+0900][14.734s][info][gc,marking  ] GC(143) Concurrent Scan Root Regions 0.012ms
[2026-03-26T14:01:26.159+0900][14.734s][info][gc,marking  ] GC(143) Concurrent Mark
[2026-03-26T14:01:26.159+0900][14.734s][info][gc,marking  ] GC(143) Concurrent Mark From Roots
[2026-03-26T14:01:26.159+0900][14.734s][info][gc,task     ] GC(143) Using 3 workers of 3 for marking
[2026-03-26T14:01:26.159+0900][14.735s][info][gc,marking  ] GC(143) Concurrent Mark From Roots 0.900ms
[2026-03-26T14:01:26.159+0900][14.735s][info][gc,marking  ] GC(143) Concurrent Preclean
[2026-03-26T14:01:26.159+0900][14.735s][info][gc,marking  ] GC(143) Concurrent Preclean 0.015ms
[2026-03-26T14:01:26.159+0900][14.736s][info][gc,start    ] GC(143) Pause Remark
[2026-03-26T14:01:26.161+0900][14.736s][info][gc          ] GC(143) Pause Remark 336M->336M(512M) 0.728ms
[2026-03-26T14:01:26.161+0900][14.736s][info][gc,cpu      ] GC(143) User=0.00s Sys=0.00s Real=0.00s
[2026-03-26T14:01:26.161+0900][14.736s][info][gc,marking  ] GC(143) Concurrent Mark 2.082ms
[2026-03-26T14:01:26.161+0900][14.737s][info][gc,marking  ] GC(143) Concurrent Rebuild Remembered Sets and Scrub Regions
[2026-03-26T14:01:26.161+0900][14.737s][info][gc,marking  ] GC(143) Concurrent Rebuild Remembered Sets and Scrub Regions 0.510ms
[2026-03-26T14:01:26.161+0900][14.737s][info][gc,start    ] GC(143) Pause Cleanup
[2026-03-26T14:01:26.161+0900][14.737s][info][gc          ] GC(143) Pause Cleanup 342M->342M(512M) 0.151ms
[2026-03-26T14:01:26.161+0900][14.737s][info][gc,cpu      ] GC(143) User=0.00s Sys=0.00s Real=0.00s
[2026-03-26T14:01:26.161+0900][14.738s][info][gc,marking  ] GC(143) Concurrent Clear Claimed Marks
[2026-03-26T14:01:26.161+0900][14.738s][info][gc,marking  ] GC(143) Concurrent Clear Claimed Marks 0.043ms
[2026-03-26T14:01:26.161+0900][14.738s][info][gc,marking  ] GC(143) Concurrent Cleanup for Next Mark
[2026-03-26T14:01:26.161+0900][14.738s][info][gc,marking  ] GC(143) Concurrent Cleanup for Next Mark 0.311ms
[2026-03-26T14:01:26.161+0900][14.738s][info][gc          ] GC(143) Concurrent Mark Cycle 3.641ms
[2026-03-26T14:01:26.315+0900][14.891s][info][gc,start    ] GC(144) Pause Young (Concurrent Start) (G1 Humongous Allocation)
[2026-03-26T14:01:26.315+0900][14.891s][info][gc,task     ] GC(144) Using 12 workers of 13 for evacuation
[2026-03-26T14:01:26.315+0900][14.892s][info][gc,phases   ] GC(144)   Pre Evacuate Collection Set: 0.2ms
[2026-03-26T14:01:26.315+0900][14.892s][info][gc,phases   ] GC(144)   Merge Heap Roots: 0.1ms
[2026-03-26T14:01:26.315+0900][14.892s][info][gc,phases   ] GC(144)   Evacuate Collection Set: 0.2ms
[2026-03-26T14:01:26.315+0900][14.892s][info][gc,phases   ] GC(144)   Post Evacuate Collection Set: 0.2ms
[2026-03-26T14:01:26.315+0900][14.892s][info][gc,phases   ] GC(144)   Other: 0.1ms
[2026-03-26T14:01:26.315+0900][14.892s][info][gc,heap     ] GC(144) Eden regions: 50->0(142)
[2026-03-26T14:01:26.315+0900][14.892s][info][gc,heap     ] GC(144) Survivor regions: 0->0(19)
[2026-03-26T14:01:26.315+0900][14.892s][info][gc,heap     ] GC(144) Old regions: 1->1
[2026-03-26T14:01:26.315+0900][14.892s][info][gc,heap     ] GC(144) Humongous regions: 342->342
[2026-03-26T14:01:26.315+0900][14.892s][info][gc,metaspace] GC(144) Metaspace: 309K(512K)->309K(512K) NonClass: 292K(384K)->292K(384K) Class: 17K(128K)->17K(128K)
[2026-03-26T14:01:26.315+0900][14.892s][info][gc          ] GC(144) Pause Young (Concurrent Start) (G1 Humongous Allocation) 392M->342M(512M) 1.047ms
[2026-03-26T14:01:26.315+0900][14.892s][info][gc,cpu      ] GC(144) User=0.00s Sys=0.00s Real=0.00s
[2026-03-26T14:01:26.315+0900][14.892s][info][gc          ] GC(145) Concurrent Mark Cycle
[2026-03-26T14:01:26.315+0900][14.892s][info][gc,marking  ] GC(145) Concurrent Scan Root Regions
[2026-03-26T14:01:26.315+0900][14.892s][info][gc,marking  ] GC(145) Concurrent Scan Root Regions 0.034ms
[2026-03-26T14:01:26.315+0900][14.892s][info][gc,marking  ] GC(145) Concurrent Mark
[2026-03-26T14:01:26.315+0900][14.892s][info][gc,marking  ] GC(145) Concurrent Mark From Roots
[2026-03-26T14:01:26.315+0900][14.892s][info][gc,task     ] GC(145) Using 3 workers of 3 for marking
[2026-03-26T14:01:26.317+0900][14.893s][info][gc,marking  ] GC(145) Concurrent Mark From Roots 0.977ms
[2026-03-26T14:01:26.317+0900][14.893s][info][gc,marking  ] GC(145) Concurrent Preclean
[2026-03-26T14:01:26.317+0900][14.893s][info][gc,marking  ] GC(145) Concurrent Preclean 0.021ms
[2026-03-26T14:01:26.317+0900][14.893s][info][gc,start    ] GC(145) Pause Remark
[2026-03-26T14:01:26.317+0900][14.894s][info][gc          ] GC(145) Pause Remark 348M->348M(512M) 0.570ms
[2026-03-26T14:01:26.317+0900][14.894s][info][gc,cpu      ] GC(145) User=0.00s Sys=0.00s Real=0.00s
[2026-03-26T14:01:26.317+0900][14.894s][info][gc,marking  ] GC(145) Concurrent Mark 1.766ms
[2026-03-26T14:01:26.317+0900][14.894s][info][gc,marking  ] GC(145) Concurrent Rebuild Remembered Sets and Scrub Regions
[2026-03-26T14:01:26.317+0900][14.894s][info][gc,marking  ] GC(145) Concurrent Rebuild Remembered Sets and Scrub Regions 0.403ms
[2026-03-26T14:01:26.317+0900][14.894s][info][gc,start    ] GC(145) Pause Cleanup
[2026-03-26T14:01:26.317+0900][14.894s][info][gc          ] GC(145) Pause Cleanup 348M->348M(512M) 0.135ms
[2026-03-26T14:01:26.317+0900][14.894s][info][gc,cpu      ] GC(145) User=0.00s Sys=0.00s Real=0.00s
[2026-03-26T14:01:26.317+0900][14.895s][info][gc,marking  ] GC(145) Concurrent Clear Claimed Marks
[2026-03-26T14:01:26.317+0900][14.895s][info][gc,marking  ] GC(145) Concurrent Clear Claimed Marks 0.015ms
[2026-03-26T14:01:26.317+0900][14.895s][info][gc,marking  ] GC(145) Concurrent Cleanup for Next Mark
[2026-03-26T14:01:26.317+0900][14.895s][info][gc,marking  ] GC(145) Concurrent Cleanup for Next Mark 0.424ms
[2026-03-26T14:01:26.317+0900][14.895s][info][gc          ] GC(145) Concurrent Mark Cycle 3.132ms
[2026-03-26T14:01:26.479+0900][15.054s][info][gc,start    ] GC(146) Pause Young (Concurrent Start) (G1 Humongous Allocation)
[2026-03-26T14:01:26.479+0900][15.054s][info][gc,task     ] GC(146) Using 12 workers of 13 for evacuation
[2026-03-26T14:01:26.479+0900][15.055s][info][gc,phases   ] GC(146)   Pre Evacuate Collection Set: 0.2ms
[2026-03-26T14:01:26.479+0900][15.055s][info][gc,phases   ] GC(146)   Merge Heap Roots: 0.1ms
[2026-03-26T14:01:26.479+0900][15.055s][info][gc,phases   ] GC(146)   Evacuate Collection Set: 0.2ms
[2026-03-26T14:01:26.479+0900][15.055s][info][gc,phases   ] GC(146)   Post Evacuate Collection Set: 0.5ms
[2026-03-26T14:01:26.479+0900][15.055s][info][gc,phases   ] GC(146)   Other: 0.1ms
[2026-03-26T14:01:26.479+0900][15.055s][info][gc,heap     ] GC(146) Eden regions: 50->0(136)
[2026-03-26T14:01:26.479+0900][15.055s][info][gc,heap     ] GC(146) Survivor regions: 0->0(18)
[2026-03-26T14:01:26.479+0900][15.055s][info][gc,heap     ] GC(146) Old regions: 1->1
[2026-03-26T14:01:26.479+0900][15.055s][info][gc,heap     ] GC(146) Humongous regions: 348->348
[2026-03-26T14:01:26.479+0900][15.056s][info][gc,metaspace] GC(146) Metaspace: 309K(512K)->309K(512K) NonClass: 292K(384K)->292K(384K) Class: 17K(128K)->17K(128K)
[2026-03-26T14:01:26.479+0900][15.056s][info][gc          ] GC(146) Pause Young (Concurrent Start) (G1 Humongous Allocation) 398M->348M(512M) 1.415ms
[2026-03-26T14:01:26.479+0900][15.056s][info][gc,cpu      ] GC(146) User=0.00s Sys=0.00s Real=0.00s
[2026-03-26T14:01:26.479+0900][15.056s][info][gc          ] GC(147) Concurrent Mark Cycle
[2026-03-26T14:01:26.479+0900][15.056s][info][gc,marking  ] GC(147) Concurrent Scan Root Regions
[2026-03-26T14:01:26.479+0900][15.056s][info][gc,marking  ] GC(147) Concurrent Scan Root Regions 0.016ms
[2026-03-26T14:01:26.479+0900][15.056s][info][gc,marking  ] GC(147) Concurrent Mark
[2026-03-26T14:01:26.479+0900][15.056s][info][gc,marking  ] GC(147) Concurrent Mark From Roots
[2026-03-26T14:01:26.479+0900][15.056s][info][gc,task     ] GC(147) Using 3 workers of 3 for marking
[2026-03-26T14:01:26.479+0900][15.057s][info][gc,marking  ] GC(147) Concurrent Mark From Roots 0.959ms
[2026-03-26T14:01:26.479+0900][15.057s][info][gc,marking  ] GC(147) Concurrent Preclean
[2026-03-26T14:01:26.479+0900][15.057s][info][gc,marking  ] GC(147) Concurrent Preclean 0.014ms
[2026-03-26T14:01:26.479+0900][15.057s][info][gc,start    ] GC(147) Pause Remark
[2026-03-26T14:01:26.479+0900][15.057s][info][gc          ] GC(147) Pause Remark 354M->354M(512M) 0.653ms
[2026-03-26T14:01:26.479+0900][15.057s][info][gc,cpu      ] GC(147) User=0.00s Sys=0.00s Real=0.00s
[2026-03-26T14:01:26.479+0900][15.058s][info][gc,marking  ] GC(147) Concurrent Mark 1.830ms
[2026-03-26T14:01:26.479+0900][15.058s][info][gc,marking  ] GC(147) Concurrent Rebuild Remembered Sets and Scrub Regions
[2026-03-26T14:01:26.479+0900][15.058s][info][gc,marking  ] GC(147) Concurrent Rebuild Remembered Sets and Scrub Regions 0.534ms
[2026-03-26T14:01:26.479+0900][15.058s][info][gc,start    ] GC(147) Pause Cleanup
[2026-03-26T14:01:26.479+0900][15.058s][info][gc          ] GC(147) Pause Cleanup 354M->354M(512M) 0.293ms
[2026-03-26T14:01:26.479+0900][15.059s][info][gc,cpu      ] GC(147) User=0.00s Sys=0.00s Real=0.00s
[2026-03-26T14:01:26.479+0900][15.059s][info][gc,marking  ] GC(147) Concurrent Clear Claimed Marks
[2026-03-26T14:01:26.479+0900][15.059s][info][gc,marking  ] GC(147) Concurrent Clear Claimed Marks 0.044ms
[2026-03-26T14:01:26.479+0900][15.059s][info][gc,marking  ] GC(147) Concurrent Cleanup for Next Mark
[2026-03-26T14:01:26.479+0900][15.059s][info][gc,marking  ] GC(147) Concurrent Cleanup for Next Mark 0.356ms
[2026-03-26T14:01:26.479+0900][15.059s][info][gc          ] GC(147) Concurrent Mark Cycle 3.447ms
[2026-03-26T14:01:26.658+0900][15.234s][info][gc,start    ] GC(148) Pause Young (Concurrent Start) (G1 Humongous Allocation)
[2026-03-26T14:01:26.658+0900][15.234s][info][gc,task     ] GC(148) Using 12 workers of 13 for evacuation
[2026-03-26T14:01:26.658+0900][15.235s][info][gc,phases   ] GC(148)   Pre Evacuate Collection Set: 0.2ms
[2026-03-26T14:01:26.658+0900][15.235s][info][gc,phases   ] GC(148)   Merge Heap Roots: 0.1ms
[2026-03-26T14:01:26.658+0900][15.235s][info][gc,phases   ] GC(148)   Evacuate Collection Set: 0.1ms
[2026-03-26T14:01:26.658+0900][15.235s][info][gc,phases   ] GC(148)   Post Evacuate Collection Set: 0.3ms
[2026-03-26T14:01:26.658+0900][15.235s][info][gc,phases   ] GC(148)   Other: 0.1ms
[2026-03-26T14:01:26.658+0900][15.235s][info][gc,heap     ] GC(148) Eden regions: 50->0(130)
[2026-03-26T14:01:26.658+0900][15.235s][info][gc,heap     ] GC(148) Survivor regions: 0->0(17)
[2026-03-26T14:01:26.658+0900][15.235s][info][gc,heap     ] GC(148) Old regions: 1->1
[2026-03-26T14:01:26.658+0900][15.235s][info][gc,heap     ] GC(148) Humongous regions: 354->354
[2026-03-26T14:01:26.658+0900][15.235s][info][gc,metaspace] GC(148) Metaspace: 309K(512K)->309K(512K) NonClass: 292K(384K)->292K(384K) Class: 17K(128K)->17K(128K)
[2026-03-26T14:01:26.658+0900][15.235s][info][gc          ] GC(148) Pause Young (Concurrent Start) (G1 Humongous Allocation) 404M->354M(512M) 1.239ms
[2026-03-26T14:01:26.658+0900][15.235s][info][gc,cpu      ] GC(148) User=0.00s Sys=0.00s Real=0.00s
[2026-03-26T14:01:26.658+0900][15.235s][info][gc          ] GC(149) Concurrent Mark Cycle
[2026-03-26T14:01:26.658+0900][15.235s][info][gc,marking  ] GC(149) Concurrent Scan Root Regions
[2026-03-26T14:01:26.658+0900][15.235s][info][gc,marking  ] GC(149) Concurrent Scan Root Regions 0.013ms
[2026-03-26T14:01:26.658+0900][15.235s][info][gc,marking  ] GC(149) Concurrent Mark
[2026-03-26T14:01:26.658+0900][15.235s][info][gc,marking  ] GC(149) Concurrent Mark From Roots
[2026-03-26T14:01:26.658+0900][15.235s][info][gc,task     ] GC(149) Using 3 workers of 3 for marking
[2026-03-26T14:01:26.658+0900][15.236s][info][gc,marking  ] GC(149) Concurrent Mark From Roots 0.856ms
[2026-03-26T14:01:26.658+0900][15.236s][info][gc,marking  ] GC(149) Concurrent Preclean
[2026-03-26T14:01:26.658+0900][15.236s][info][gc,marking  ] GC(149) Concurrent Preclean 0.027ms
[2026-03-26T14:01:26.658+0900][15.236s][info][gc,start    ] GC(149) Pause Remark
[2026-03-26T14:01:26.658+0900][15.237s][info][gc          ] GC(149) Pause Remark 361M->361M(512M) 0.482ms
[2026-03-26T14:01:26.658+0900][15.237s][info][gc,cpu      ] GC(149) User=0.00s Sys=0.00s Real=0.00s
[2026-03-26T14:01:26.658+0900][15.237s][info][gc,marking  ] GC(149) Concurrent Mark 1.618ms
[2026-03-26T14:01:26.658+0900][15.237s][info][gc,marking  ] GC(149) Concurrent Rebuild Remembered Sets and Scrub Regions
[2026-03-26T14:01:26.662+0900][15.237s][info][gc,marking  ] GC(149) Concurrent Rebuild Remembered Sets and Scrub Regions 0.459ms
[2026-03-26T14:01:26.662+0900][15.238s][info][gc,start    ] GC(149) Pause Cleanup
[2026-03-26T14:01:26.662+0900][15.238s][info][gc          ] GC(149) Pause Cleanup 361M->361M(512M) 0.217ms
[2026-03-26T14:01:26.662+0900][15.238s][info][gc,cpu      ] GC(149) User=0.00s Sys=0.00s Real=0.00s
[2026-03-26T14:01:26.662+0900][15.238s][info][gc,marking  ] GC(149) Concurrent Clear Claimed Marks
[2026-03-26T14:01:26.662+0900][15.238s][info][gc,marking  ] GC(149) Concurrent Clear Claimed Marks 0.045ms
[2026-03-26T14:01:26.662+0900][15.238s][info][gc,marking  ] GC(149) Concurrent Cleanup for Next Mark
[2026-03-26T14:01:26.662+0900][15.238s][info][gc,marking  ] GC(149) Concurrent Cleanup for Next Mark 0.321ms
[2026-03-26T14:01:26.662+0900][15.238s][info][gc          ] GC(149) Concurrent Mark Cycle 3.010ms
[2026-03-26T14:01:26.819+0900][15.395s][info][gc,start    ] GC(150) Pause Young (Concurrent Start) (G1 Humongous Allocation)
[2026-03-26T14:01:26.819+0900][15.395s][info][gc,task     ] GC(150) Using 12 workers of 13 for evacuation
[2026-03-26T14:01:26.820+0900][15.396s][info][gc,phases   ] GC(150)   Pre Evacuate Collection Set: 0.2ms
[2026-03-26T14:01:26.820+0900][15.396s][info][gc,phases   ] GC(150)   Merge Heap Roots: 0.1ms
[2026-03-26T14:01:26.820+0900][15.396s][info][gc,phases   ] GC(150)   Evacuate Collection Set: 0.2ms
[2026-03-26T14:01:26.820+0900][15.396s][info][gc,phases   ] GC(150)   Post Evacuate Collection Set: 0.2ms
[2026-03-26T14:01:26.820+0900][15.396s][info][gc,phases   ] GC(150)   Other: 0.1ms
[2026-03-26T14:01:26.820+0900][15.396s][info][gc,heap     ] GC(150) Eden regions: 50->0(124)
[2026-03-26T14:01:26.820+0900][15.396s][info][gc,heap     ] GC(150) Survivor regions: 0->0(17)
[2026-03-26T14:01:26.820+0900][15.396s][info][gc,heap     ] GC(150) Old regions: 1->1
[2026-03-26T14:01:26.820+0900][15.396s][info][gc,heap     ] GC(150) Humongous regions: 360->360
[2026-03-26T14:01:26.820+0900][15.396s][info][gc,metaspace] GC(150) Metaspace: 309K(512K)->309K(512K) NonClass: 292K(384K)->292K(384K) Class: 17K(128K)->17K(128K)
[2026-03-26T14:01:26.820+0900][15.396s][info][gc          ] GC(150) Pause Young (Concurrent Start) (G1 Humongous Allocation) 410M->360M(512M) 1.033ms
[2026-03-26T14:01:26.820+0900][15.396s][info][gc,cpu      ] GC(150) User=0.00s Sys=0.00s Real=0.00s
[2026-03-26T14:01:26.820+0900][15.396s][info][gc          ] GC(151) Concurrent Mark Cycle
[2026-03-26T14:01:26.820+0900][15.396s][info][gc,marking  ] GC(151) Concurrent Scan Root Regions
[2026-03-26T14:01:26.820+0900][15.396s][info][gc,marking  ] GC(151) Concurrent Scan Root Regions 0.022ms
[2026-03-26T14:01:26.820+0900][15.396s][info][gc,marking  ] GC(151) Concurrent Mark
[2026-03-26T14:01:26.820+0900][15.396s][info][gc,marking  ] GC(151) Concurrent Mark From Roots
[2026-03-26T14:01:26.820+0900][15.396s][info][gc,task     ] GC(151) Using 3 workers of 3 for marking
[2026-03-26T14:01:26.821+0900][15.397s][info][gc,marking  ] GC(151) Concurrent Mark From Roots 1.455ms
[2026-03-26T14:01:26.821+0900][15.397s][info][gc,marking  ] GC(151) Concurrent Preclean
[2026-03-26T14:01:26.821+0900][15.398s][info][gc,marking  ] GC(151) Concurrent Preclean 0.023ms
[2026-03-26T14:01:26.821+0900][15.398s][info][gc,start    ] GC(151) Pause Remark
[2026-03-26T14:01:26.821+0900][15.398s][info][gc          ] GC(151) Pause Remark 366M->366M(512M) 0.512ms
[2026-03-26T14:01:26.821+0900][15.398s][info][gc,cpu      ] GC(151) User=0.00s Sys=0.00s Real=0.00s
[2026-03-26T14:01:26.821+0900][15.398s][info][gc,marking  ] GC(151) Concurrent Mark 2.187ms
[2026-03-26T14:01:26.821+0900][15.398s][info][gc,marking  ] GC(151) Concurrent Rebuild Remembered Sets and Scrub Regions
[2026-03-26T14:01:26.823+0900][15.399s][info][gc,marking  ] GC(151) Concurrent Rebuild Remembered Sets and Scrub Regions 0.534ms
[2026-03-26T14:01:26.823+0900][15.399s][info][gc,start    ] GC(151) Pause Cleanup
[2026-03-26T14:01:26.824+0900][15.399s][info][gc          ] GC(151) Pause Cleanup 366M->366M(512M) 0.122ms
[2026-03-26T14:01:26.824+0900][15.399s][info][gc,cpu      ] GC(151) User=0.00s Sys=0.00s Real=0.00s
[2026-03-26T14:01:26.824+0900][15.399s][info][gc,marking  ] GC(151) Concurrent Clear Claimed Marks
[2026-03-26T14:01:26.824+0900][15.399s][info][gc,marking  ] GC(151) Concurrent Clear Claimed Marks 0.039ms
[2026-03-26T14:01:26.824+0900][15.399s][info][gc,marking  ] GC(151) Concurrent Cleanup for Next Mark
[2026-03-26T14:01:26.824+0900][15.399s][info][gc,marking  ] GC(151) Concurrent Cleanup for Next Mark 0.292ms
[2026-03-26T14:01:26.824+0900][15.399s][info][gc          ] GC(151) Concurrent Mark Cycle 3.494ms
[2026-03-26T14:01:26.980+0900][15.555s][info][gc,start    ] GC(152) Pause Young (Concurrent Start) (G1 Humongous Allocation)
[2026-03-26T14:01:26.980+0900][15.555s][info][gc,task     ] GC(152) Using 12 workers of 13 for evacuation
[2026-03-26T14:01:26.980+0900][15.556s][info][gc,phases   ] GC(152)   Pre Evacuate Collection Set: 0.2ms
[2026-03-26T14:01:26.980+0900][15.556s][info][gc,phases   ] GC(152)   Merge Heap Roots: 0.1ms
[2026-03-26T14:01:26.980+0900][15.556s][info][gc,phases   ] GC(152)   Evacuate Collection Set: 0.2ms
[2026-03-26T14:01:26.980+0900][15.556s][info][gc,phases   ] GC(152)   Post Evacuate Collection Set: 0.2ms
[2026-03-26T14:01:26.980+0900][15.556s][info][gc,phases   ] GC(152)   Other: 0.1ms
[2026-03-26T14:01:26.980+0900][15.556s][info][gc,heap     ] GC(152) Eden regions: 50->0(208)
[2026-03-26T14:01:26.980+0900][15.556s][info][gc,heap     ] GC(152) Survivor regions: 0->0(16)
[2026-03-26T14:01:26.980+0900][15.556s][info][gc,heap     ] GC(152) Old regions: 1->1
[2026-03-26T14:01:26.980+0900][15.556s][info][gc,heap     ] GC(152) Humongous regions: 366->276
[2026-03-26T14:01:26.980+0900][15.556s][info][gc,metaspace] GC(152) Metaspace: 309K(512K)->309K(512K) NonClass: 292K(384K)->292K(384K) Class: 17K(128K)->17K(128K)
[2026-03-26T14:01:26.980+0900][15.556s][info][gc          ] GC(152) Pause Young (Concurrent Start) (G1 Humongous Allocation) 416M->276M(512M) 0.984ms
[2026-03-26T14:01:26.980+0900][15.556s][info][gc,cpu      ] GC(152) User=0.00s Sys=0.05s Real=0.00s
[2026-03-26T14:01:26.980+0900][15.556s][info][gc          ] GC(153) Concurrent Mark Cycle
[2026-03-26T14:01:26.980+0900][15.556s][info][gc,marking  ] GC(153) Concurrent Scan Root Regions
[2026-03-26T14:01:26.980+0900][15.556s][info][gc,marking  ] GC(153) Concurrent Scan Root Regions 0.019ms
[2026-03-26T14:01:26.980+0900][15.556s][info][gc,marking  ] GC(153) Concurrent Mark
[2026-03-26T14:01:26.980+0900][15.556s][info][gc,marking  ] GC(153) Concurrent Mark From Roots
[2026-03-26T14:01:26.980+0900][15.556s][info][gc,task     ] GC(153) Using 3 workers of 3 for marking
[2026-03-26T14:01:26.980+0900][15.557s][info][gc,marking  ] GC(153) Concurrent Mark From Roots 0.862ms
[2026-03-26T14:01:26.980+0900][15.557s][info][gc,marking  ] GC(153) Concurrent Preclean
[2026-03-26T14:01:26.980+0900][15.557s][info][gc,marking  ] GC(153) Concurrent Preclean 0.014ms
[2026-03-26T14:01:26.980+0900][15.557s][info][gc,start    ] GC(153) Pause Remark
[2026-03-26T14:01:26.980+0900][15.557s][info][gc          ] GC(153) Pause Remark 282M->282M(512M) 0.479ms
[2026-03-26T14:01:26.980+0900][15.557s][info][gc,cpu      ] GC(153) User=0.00s Sys=0.00s Real=0.00s
[2026-03-26T14:01:26.980+0900][15.557s][info][gc,marking  ] GC(153) Concurrent Mark 1.494ms
[2026-03-26T14:01:26.980+0900][15.557s][info][gc,marking  ] GC(153) Concurrent Rebuild Remembered Sets and Scrub Regions
[2026-03-26T14:01:26.980+0900][15.558s][info][gc,marking  ] GC(153) Concurrent Rebuild Remembered Sets and Scrub Regions 0.552ms
[2026-03-26T14:01:26.980+0900][15.558s][info][gc,start    ] GC(153) Pause Cleanup
[2026-03-26T14:01:26.980+0900][15.558s][info][gc          ] GC(153) Pause Cleanup 282M->282M(512M) 0.132ms
[2026-03-26T14:01:26.980+0900][15.558s][info][gc,cpu      ] GC(153) User=0.00s Sys=0.00s Real=0.00s
[2026-03-26T14:01:26.980+0900][15.558s][info][gc,marking  ] GC(153) Concurrent Clear Claimed Marks
[2026-03-26T14:01:26.980+0900][15.558s][info][gc,marking  ] GC(153) Concurrent Clear Claimed Marks 0.018ms
[2026-03-26T14:01:26.980+0900][15.558s][info][gc,marking  ] GC(153) Concurrent Cleanup for Next Mark
[2026-03-26T14:01:26.980+0900][15.559s][info][gc,marking  ] GC(153) Concurrent Cleanup for Next Mark 0.286ms
[2026-03-26T14:01:26.980+0900][15.559s][info][gc          ] GC(153) Concurrent Mark Cycle 2.764ms
[2026-03-26T14:01:27.144+0900][15.722s][info][gc,start    ] GC(154) Pause Young (Concurrent Start) (G1 Humongous Allocation)
[2026-03-26T14:01:27.144+0900][15.722s][info][gc,task     ] GC(154) Using 12 workers of 13 for evacuation
[2026-03-26T14:01:27.144+0900][15.724s][info][gc,phases   ] GC(154)   Pre Evacuate Collection Set: 0.5ms
[2026-03-26T14:01:27.144+0900][15.725s][info][gc,phases   ] GC(154)   Merge Heap Roots: 0.3ms
[2026-03-26T14:01:27.144+0900][15.725s][info][gc,phases   ] GC(154)   Evacuate Collection Set: 0.6ms
[2026-03-26T14:01:27.144+0900][15.725s][info][gc,phases   ] GC(154)   Post Evacuate Collection Set: 0.9ms
[2026-03-26T14:01:27.144+0900][15.725s][info][gc,phases   ] GC(154)   Other: 0.4ms
[2026-03-26T14:01:27.144+0900][15.725s][info][gc,heap     ] GC(154) Eden regions: 50->0(202)
[2026-03-26T14:01:27.144+0900][15.725s][info][gc,heap     ] GC(154) Survivor regions: 0->0(26)
[2026-03-26T14:01:27.144+0900][15.725s][info][gc,heap     ] GC(154) Old regions: 1->1
[2026-03-26T14:01:27.144+0900][15.725s][info][gc,heap     ] GC(154) Humongous regions: 282->282
[2026-03-26T14:01:27.144+0900][15.725s][info][gc,metaspace] GC(154) Metaspace: 309K(512K)->309K(512K) NonClass: 292K(384K)->292K(384K) Class: 17K(128K)->17K(128K)
[2026-03-26T14:01:27.144+0900][15.725s][info][gc          ] GC(154) Pause Young (Concurrent Start) (G1 Humongous Allocation) 332M->282M(512M) 3.371ms
[2026-03-26T14:01:27.144+0900][15.725s][info][gc,cpu      ] GC(154) User=0.00s Sys=0.00s Real=0.00s
[2026-03-26T14:01:27.144+0900][15.725s][info][gc          ] GC(155) Concurrent Mark Cycle
[2026-03-26T14:01:27.144+0900][15.725s][info][gc,marking  ] GC(155) Concurrent Scan Root Regions
[2026-03-26T14:01:27.144+0900][15.725s][info][gc,marking  ] GC(155) Concurrent Scan Root Regions 0.036ms
[2026-03-26T14:01:27.144+0900][15.725s][info][gc,marking  ] GC(155) Concurrent Mark
[2026-03-26T14:01:27.144+0900][15.725s][info][gc,marking  ] GC(155) Concurrent Mark From Roots
[2026-03-26T14:01:27.144+0900][15.725s][info][gc,task     ] GC(155) Using 3 workers of 3 for marking
[2026-03-26T14:01:27.144+0900][15.727s][info][gc,marking  ] GC(155) Concurrent Mark From Roots 1.847ms
[2026-03-26T14:01:27.144+0900][15.727s][info][gc,marking  ] GC(155) Concurrent Preclean
[2026-03-26T14:01:27.144+0900][15.727s][info][gc,marking  ] GC(155) Concurrent Preclean 0.030ms
[2026-03-26T14:01:27.144+0900][15.727s][info][gc,start    ] GC(155) Pause Remark
[2026-03-26T14:01:27.144+0900][15.729s][info][gc          ] GC(155) Pause Remark 288M->288M(512M) 1.510ms
[2026-03-26T14:01:27.144+0900][15.729s][info][gc,cpu      ] GC(155) User=0.00s Sys=0.00s Real=0.00s
[2026-03-26T14:01:27.144+0900][15.729s][info][gc,marking  ] GC(155) Concurrent Mark 3.846ms
[2026-03-26T14:01:27.144+0900][15.729s][info][gc,marking  ] GC(155) Concurrent Rebuild Remembered Sets and Scrub Regions
[2026-03-26T14:01:27.144+0900][15.730s][info][gc,marking  ] GC(155) Concurrent Rebuild Remembered Sets and Scrub Regions 0.834ms
[2026-03-26T14:01:27.144+0900][15.730s][info][gc,start    ] GC(155) Pause Cleanup
[2026-03-26T14:01:27.144+0900][15.731s][info][gc          ] GC(155) Pause Cleanup 288M->288M(512M) 0.393ms
[2026-03-26T14:01:27.144+0900][15.731s][info][gc,cpu      ] GC(155) User=0.00s Sys=0.00s Real=0.00s
[2026-03-26T14:01:27.144+0900][15.731s][info][gc,marking  ] GC(155) Concurrent Clear Claimed Marks
[2026-03-26T14:01:27.144+0900][15.731s][info][gc,marking  ] GC(155) Concurrent Clear Claimed Marks 0.027ms
[2026-03-26T14:01:27.144+0900][15.731s][info][gc,marking  ] GC(155) Concurrent Cleanup for Next Mark
[2026-03-26T14:01:27.144+0900][15.731s][info][gc,marking  ] GC(155) Concurrent Cleanup for Next Mark 0.527ms
[2026-03-26T14:01:27.144+0900][15.731s][info][gc          ] GC(155) Concurrent Mark Cycle 6.358ms
[2026-03-26T14:01:27.305+0900][15.881s][info][gc,start    ] GC(156) Pause Young (Concurrent Start) (G1 Humongous Allocation)
[2026-03-26T14:01:27.305+0900][15.882s][info][gc,task     ] GC(156) Using 12 workers of 13 for evacuation
[2026-03-26T14:01:27.305+0900][15.884s][info][gc,phases   ] GC(156)   Pre Evacuate Collection Set: 0.5ms
[2026-03-26T14:01:27.305+0900][15.884s][info][gc,phases   ] GC(156)   Merge Heap Roots: 0.3ms
[2026-03-26T14:01:27.305+0900][15.884s][info][gc,phases   ] GC(156)   Evacuate Collection Set: 0.4ms
[2026-03-26T14:01:27.305+0900][15.884s][info][gc,phases   ] GC(156)   Post Evacuate Collection Set: 0.8ms
[2026-03-26T14:01:27.305+0900][15.884s][info][gc,phases   ] GC(156)   Other: 0.5ms
[2026-03-26T14:01:27.305+0900][15.884s][info][gc,heap     ] GC(156) Eden regions: 50->0(196)
[2026-03-26T14:01:27.305+0900][15.884s][info][gc,heap     ] GC(156) Survivor regions: 0->0(26)
[2026-03-26T14:01:27.305+0900][15.884s][info][gc,heap     ] GC(156) Old regions: 1->1
[2026-03-26T14:01:27.305+0900][15.884s][info][gc,heap     ] GC(156) Humongous regions: 288->288
[2026-03-26T14:01:27.305+0900][15.884s][info][gc,metaspace] GC(156) Metaspace: 309K(512K)->309K(512K) NonClass: 292K(384K)->292K(384K) Class: 17K(128K)->17K(128K)
[2026-03-26T14:01:27.305+0900][15.885s][info][gc          ] GC(156) Pause Young (Concurrent Start) (G1 Humongous Allocation) 338M->288M(512M) 3.077ms
[2026-03-26T14:01:27.305+0900][15.885s][info][gc,cpu      ] GC(156) User=0.02s Sys=0.00s Real=0.00s
[2026-03-26T14:01:27.305+0900][15.885s][info][gc          ] GC(157) Concurrent Mark Cycle
[2026-03-26T14:01:27.305+0900][15.885s][info][gc,marking  ] GC(157) Concurrent Scan Root Regions
[2026-03-26T14:01:27.305+0900][15.885s][info][gc,marking  ] GC(157) Concurrent Scan Root Regions 0.037ms
[2026-03-26T14:01:27.310+0900][15.885s][info][gc,marking  ] GC(157) Concurrent Mark
[2026-03-26T14:01:27.310+0900][15.885s][info][gc,marking  ] GC(157) Concurrent Mark From Roots
[2026-03-26T14:01:27.310+0900][15.885s][info][gc,task     ] GC(157) Using 3 workers of 3 for marking
[2026-03-26T14:01:27.312+0900][15.888s][info][gc,marking  ] GC(157) Concurrent Mark From Roots 3.405ms
[2026-03-26T14:01:27.312+0900][15.888s][info][gc,marking  ] GC(157) Concurrent Preclean
[2026-03-26T14:01:27.312+0900][15.888s][info][gc,marking  ] GC(157) Concurrent Preclean 0.041ms
[2026-03-26T14:01:27.312+0900][15.889s][info][gc,start    ] GC(157) Pause Remark
[2026-03-26T14:01:27.314+0900][15.890s][info][gc          ] GC(157) Pause Remark 294M->294M(512M) 1.735ms
[2026-03-26T14:01:27.314+0900][15.891s][info][gc,cpu      ] GC(157) User=0.00s Sys=0.00s Real=0.00s
[2026-03-26T14:01:27.314+0900][15.891s][info][gc,marking  ] GC(157) Concurrent Mark 5.717ms
[2026-03-26T14:01:27.314+0900][15.891s][info][gc,marking  ] GC(157) Concurrent Rebuild Remembered Sets and Scrub Regions
[2026-03-26T14:01:27.314+0900][15.892s][info][gc,marking  ] GC(157) Concurrent Rebuild Remembered Sets and Scrub Regions 0.922ms
[2026-03-26T14:01:27.314+0900][15.892s][info][gc,start    ] GC(157) Pause Cleanup
[2026-03-26T14:01:27.314+0900][15.892s][info][gc          ] GC(157) Pause Cleanup 294M->294M(512M) 0.342ms
[2026-03-26T14:01:27.314+0900][15.892s][info][gc,cpu      ] GC(157) User=0.00s Sys=0.00s Real=0.00s
[2026-03-26T14:01:27.314+0900][15.893s][info][gc,marking  ] GC(157) Concurrent Clear Claimed Marks
[2026-03-26T14:01:27.314+0900][15.893s][info][gc,marking  ] GC(157) Concurrent Clear Claimed Marks 0.104ms
[2026-03-26T14:01:27.314+0900][15.893s][info][gc,marking  ] GC(157) Concurrent Cleanup for Next Mark
[2026-03-26T14:01:27.314+0900][15.893s][info][gc,marking  ] GC(157) Concurrent Cleanup for Next Mark 0.634ms
[2026-03-26T14:01:27.314+0900][15.893s][info][gc          ] GC(157) Concurrent Mark Cycle 8.702ms
[2026-03-26T14:01:27.465+0900][16.041s][info][gc,start    ] GC(158) Pause Young (Concurrent Start) (G1 Humongous Allocation)
[2026-03-26T14:01:27.465+0900][16.041s][info][gc,task     ] GC(158) Using 12 workers of 13 for evacuation
[2026-03-26T14:01:27.465+0900][16.044s][info][gc,phases   ] GC(158)   Pre Evacuate Collection Set: 0.4ms
[2026-03-26T14:01:27.465+0900][16.044s][info][gc,phases   ] GC(158)   Merge Heap Roots: 0.3ms
[2026-03-26T14:01:27.465+0900][16.044s][info][gc,phases   ] GC(158)   Evacuate Collection Set: 0.4ms
[2026-03-26T14:01:27.465+0900][16.044s][info][gc,phases   ] GC(158)   Post Evacuate Collection Set: 0.8ms
[2026-03-26T14:01:27.465+0900][16.044s][info][gc,phases   ] GC(158)   Other: 0.3ms
[2026-03-26T14:01:27.465+0900][16.044s][info][gc,heap     ] GC(158) Eden regions: 50->0(190)
[2026-03-26T14:01:27.465+0900][16.044s][info][gc,heap     ] GC(158) Survivor regions: 0->0(25)
[2026-03-26T14:01:27.465+0900][16.044s][info][gc,heap     ] GC(158) Old regions: 1->1
[2026-03-26T14:01:27.465+0900][16.044s][info][gc,heap     ] GC(158) Humongous regions: 294->294
[2026-03-26T14:01:27.465+0900][16.044s][info][gc,metaspace] GC(158) Metaspace: 309K(512K)->309K(512K) NonClass: 292K(384K)->292K(384K) Class: 17K(128K)->17K(128K)
[2026-03-26T14:01:27.465+0900][16.044s][info][gc          ] GC(158) Pause Young (Concurrent Start) (G1 Humongous Allocation) 344M->294M(512M) 2.924ms
[2026-03-26T14:01:27.465+0900][16.044s][info][gc,cpu      ] GC(158) User=0.00s Sys=0.00s Real=0.00s
[2026-03-26T14:01:27.465+0900][16.044s][info][gc          ] GC(159) Concurrent Mark Cycle
[2026-03-26T14:01:27.465+0900][16.045s][info][gc,marking  ] GC(159) Concurrent Scan Root Regions
[2026-03-26T14:01:27.465+0900][16.045s][info][gc,marking  ] GC(159) Concurrent Scan Root Regions 0.047ms
[2026-03-26T14:01:27.465+0900][16.045s][info][gc,marking  ] GC(159) Concurrent Mark
[2026-03-26T14:01:27.465+0900][16.045s][info][gc,marking  ] GC(159) Concurrent Mark From Roots
[2026-03-26T14:01:27.465+0900][16.045s][info][gc,task     ] GC(159) Using 3 workers of 3 for marking
[2026-03-26T14:01:27.465+0900][16.047s][info][gc,marking  ] GC(159) Concurrent Mark From Roots 1.876ms
[2026-03-26T14:01:27.465+0900][16.047s][info][gc,marking  ] GC(159) Concurrent Preclean
[2026-03-26T14:01:27.465+0900][16.047s][info][gc,marking  ] GC(159) Concurrent Preclean 0.031ms
[2026-03-26T14:01:27.465+0900][16.047s][info][gc,start    ] GC(159) Pause Remark
[2026-03-26T14:01:27.465+0900][16.048s][info][gc          ] GC(159) Pause Remark 300M->300M(512M) 1.532ms
[2026-03-26T14:01:27.465+0900][16.048s][info][gc,cpu      ] GC(159) User=0.00s Sys=0.00s Real=0.00s
[2026-03-26T14:01:27.465+0900][16.049s][info][gc,marking  ] GC(159) Concurrent Mark 3.925ms
[2026-03-26T14:01:27.465+0900][16.049s][info][gc,marking  ] GC(159) Concurrent Rebuild Remembered Sets and Scrub Regions
[2026-03-26T14:01:27.465+0900][16.050s][info][gc,marking  ] GC(159) Concurrent Rebuild Remembered Sets and Scrub Regions 0.957ms
[2026-03-26T14:01:27.465+0900][16.050s][info][gc,start    ] GC(159) Pause Cleanup
[2026-03-26T14:01:27.465+0900][16.050s][info][gc          ] GC(159) Pause Cleanup 300M->300M(512M) 0.316ms
[2026-03-26T14:01:27.465+0900][16.050s][info][gc,cpu      ] GC(159) User=0.00s Sys=0.00s Real=0.00s
[2026-03-26T14:01:27.465+0900][16.050s][info][gc,marking  ] GC(159) Concurrent Clear Claimed Marks
[2026-03-26T14:01:27.465+0900][16.051s][info][gc,marking  ] GC(159) Concurrent Clear Claimed Marks 0.096ms
[2026-03-26T14:01:27.465+0900][16.051s][info][gc,marking  ] GC(159) Concurrent Cleanup for Next Mark
[2026-03-26T14:01:27.465+0900][16.051s][info][gc,marking  ] GC(159) Concurrent Cleanup for Next Mark 0.623ms
[2026-03-26T14:01:27.465+0900][16.051s][info][gc          ] GC(159) Concurrent Mark Cycle 6.967ms
[2026-03-26T14:01:27.625+0900][16.201s][info][gc,start    ] GC(160) Pause Young (Concurrent Start) (G1 Humongous Allocation)
[2026-03-26T14:01:27.625+0900][16.202s][info][gc,task     ] GC(160) Using 12 workers of 13 for evacuation
[2026-03-26T14:01:27.627+0900][16.204s][info][gc,phases   ] GC(160)   Pre Evacuate Collection Set: 0.5ms
[2026-03-26T14:01:27.627+0900][16.204s][info][gc,phases   ] GC(160)   Merge Heap Roots: 0.3ms
[2026-03-26T14:01:27.627+0900][16.204s][info][gc,phases   ] GC(160)   Evacuate Collection Set: 0.4ms
[2026-03-26T14:01:27.627+0900][16.204s][info][gc,phases   ] GC(160)   Post Evacuate Collection Set: 1.0ms
[2026-03-26T14:01:27.627+0900][16.204s][info][gc,phases   ] GC(160)   Other: 0.3ms
[2026-03-26T14:01:27.627+0900][16.204s][info][gc,heap     ] GC(160) Eden regions: 50->0(184)
[2026-03-26T14:01:27.627+0900][16.204s][info][gc,heap     ] GC(160) Survivor regions: 0->0(24)
[2026-03-26T14:01:27.629+0900][16.204s][info][gc,heap     ] GC(160) Old regions: 1->1
[2026-03-26T14:01:27.629+0900][16.204s][info][gc,heap     ] GC(160) Humongous regions: 300->300
[2026-03-26T14:01:27.629+0900][16.204s][info][gc,metaspace] GC(160) Metaspace: 309K(512K)->309K(512K) NonClass: 292K(384K)->292K(384K) Class: 17K(128K)->17K(128K)
[2026-03-26T14:01:27.629+0900][16.204s][info][gc          ] GC(160) Pause Young (Concurrent Start) (G1 Humongous Allocation) 350M->300M(512M) 3.111ms
[2026-03-26T14:01:27.629+0900][16.205s][info][gc,cpu      ] GC(160) User=0.00s Sys=0.00s Real=0.00s
[2026-03-26T14:01:27.629+0900][16.205s][info][gc          ] GC(161) Concurrent Mark Cycle
[2026-03-26T14:01:27.629+0900][16.205s][info][gc,marking  ] GC(161) Concurrent Scan Root Regions
[2026-03-26T14:01:27.629+0900][16.205s][info][gc,marking  ] GC(161) Concurrent Scan Root Regions 0.036ms
[2026-03-26T14:01:27.629+0900][16.205s][info][gc,marking  ] GC(161) Concurrent Mark
[2026-03-26T14:01:27.629+0900][16.205s][info][gc,marking  ] GC(161) Concurrent Mark From Roots
[2026-03-26T14:01:27.629+0900][16.205s][info][gc,task     ] GC(161) Using 3 workers of 3 for marking
[2026-03-26T14:01:27.629+0900][16.207s][info][gc,marking  ] GC(161) Concurrent Mark From Roots 2.038ms
[2026-03-26T14:01:27.629+0900][16.207s][info][gc,marking  ] GC(161) Concurrent Preclean
[2026-03-26T14:01:27.629+0900][16.207s][info][gc,marking  ] GC(161) Concurrent Preclean 0.034ms
[2026-03-26T14:01:27.629+0900][16.207s][info][gc,start    ] GC(161) Pause Remark
[2026-03-26T14:01:27.629+0900][16.209s][info][gc          ] GC(161) Pause Remark 306M->306M(512M) 1.871ms
[2026-03-26T14:01:27.629+0900][16.209s][info][gc,cpu      ] GC(161) User=0.00s Sys=0.00s Real=0.00s
[2026-03-26T14:01:27.629+0900][16.209s][info][gc,marking  ] GC(161) Concurrent Mark 4.489ms
[2026-03-26T14:01:27.629+0900][16.209s][info][gc,marking  ] GC(161) Concurrent Rebuild Remembered Sets and Scrub Regions
[2026-03-26T14:01:27.629+0900][16.210s][info][gc,marking  ] GC(161) Concurrent Rebuild Remembered Sets and Scrub Regions 1.018ms
[2026-03-26T14:01:27.629+0900][16.211s][info][gc,start    ] GC(161) Pause Cleanup
[2026-03-26T14:01:27.629+0900][16.211s][info][gc          ] GC(161) Pause Cleanup 306M->306M(512M) 0.451ms
[2026-03-26T14:01:27.629+0900][16.211s][info][gc,cpu      ] GC(161) User=0.00s Sys=0.00s Real=0.00s
[2026-03-26T14:01:27.629+0900][16.211s][info][gc,marking  ] GC(161) Concurrent Clear Claimed Marks
[2026-03-26T14:01:27.629+0900][16.212s][info][gc,marking  ] GC(161) Concurrent Clear Claimed Marks 0.113ms
[2026-03-26T14:01:27.629+0900][16.212s][info][gc,marking  ] GC(161) Concurrent Cleanup for Next Mark
[2026-03-26T14:01:27.629+0900][16.212s][info][gc,marking  ] GC(161) Concurrent Cleanup for Next Mark 0.708ms
[2026-03-26T14:01:27.629+0900][16.212s][info][gc          ] GC(161) Concurrent Mark Cycle 7.797ms
[2026-03-26T14:01:27.791+0900][16.367s][info][gc,start    ] GC(162) Pause Young (Concurrent Start) (G1 Humongous Allocation)
[2026-03-26T14:01:27.791+0900][16.367s][info][gc,task     ] GC(162) Using 12 workers of 13 for evacuation
[2026-03-26T14:01:27.791+0900][16.370s][info][gc,phases   ] GC(162)   Pre Evacuate Collection Set: 0.6ms
[2026-03-26T14:01:27.791+0900][16.370s][info][gc,phases   ] GC(162)   Merge Heap Roots: 0.3ms
[2026-03-26T14:01:27.791+0900][16.370s][info][gc,phases   ] GC(162)   Evacuate Collection Set: 0.4ms
[2026-03-26T14:01:27.791+0900][16.370s][info][gc,phases   ] GC(162)   Post Evacuate Collection Set: 0.8ms
[2026-03-26T14:01:27.791+0900][16.370s][info][gc,phases   ] GC(162)   Other: 0.4ms
[2026-03-26T14:01:27.791+0900][16.370s][info][gc,heap     ] GC(162) Eden regions: 50->0(178)
[2026-03-26T14:01:27.791+0900][16.370s][info][gc,heap     ] GC(162) Survivor regions: 0->0(23)
[2026-03-26T14:01:27.791+0900][16.370s][info][gc,heap     ] GC(162) Old regions: 1->1
[2026-03-26T14:01:27.791+0900][16.370s][info][gc,heap     ] GC(162) Humongous regions: 306->306
[2026-03-26T14:01:27.791+0900][16.370s][info][gc,metaspace] GC(162) Metaspace: 309K(512K)->309K(512K) NonClass: 292K(384K)->292K(384K) Class: 17K(128K)->17K(128K)
[2026-03-26T14:01:27.791+0900][16.370s][info][gc          ] GC(162) Pause Young (Concurrent Start) (G1 Humongous Allocation) 356M->306M(512M) 2.946ms
[2026-03-26T14:01:27.791+0900][16.370s][info][gc,cpu      ] GC(162) User=0.05s Sys=0.00s Real=0.00s
[2026-03-26T14:01:27.791+0900][16.370s][info][gc          ] GC(163) Concurrent Mark Cycle
[2026-03-26T14:01:27.791+0900][16.370s][info][gc,marking  ] GC(163) Concurrent Scan Root Regions
[2026-03-26T14:01:27.791+0900][16.370s][info][gc,marking  ] GC(163) Concurrent Scan Root Regions 0.034ms
[2026-03-26T14:01:27.791+0900][16.370s][info][gc,marking  ] GC(163) Concurrent Mark
[2026-03-26T14:01:27.791+0900][16.370s][info][gc,marking  ] GC(163) Concurrent Mark From Roots
[2026-03-26T14:01:27.791+0900][16.370s][info][gc,task     ] GC(163) Using 3 workers of 3 for marking
[2026-03-26T14:01:27.796+0900][16.372s][info][gc,marking  ] GC(163) Concurrent Mark From Roots 1.809ms
[2026-03-26T14:01:27.796+0900][16.372s][info][gc,marking  ] GC(163) Concurrent Preclean
[2026-03-26T14:01:27.796+0900][16.372s][info][gc,marking  ] GC(163) Concurrent Preclean 0.032ms
[2026-03-26T14:01:27.796+0900][16.373s][info][gc,start    ] GC(163) Pause Remark
[2026-03-26T14:01:27.796+0900][16.374s][info][gc          ] GC(163) Pause Remark 312M->312M(512M) 1.327ms
[2026-03-26T14:01:27.796+0900][16.374s][info][gc,cpu      ] GC(163) User=0.00s Sys=0.00s Real=0.00s
[2026-03-26T14:01:27.796+0900][16.374s][info][gc,marking  ] GC(163) Concurrent Mark 3.630ms
[2026-03-26T14:01:27.796+0900][16.374s][info][gc,marking  ] GC(163) Concurrent Rebuild Remembered Sets and Scrub Regions
[2026-03-26T14:01:27.796+0900][16.375s][info][gc,marking  ] GC(163) Concurrent Rebuild Remembered Sets and Scrub Regions 0.980ms
[2026-03-26T14:01:27.796+0900][16.375s][info][gc,start    ] GC(163) Pause Cleanup
[2026-03-26T14:01:27.796+0900][16.376s][info][gc          ] GC(163) Pause Cleanup 312M->312M(512M) 0.303ms
[2026-03-26T14:01:27.796+0900][16.376s][info][gc,cpu      ] GC(163) User=0.00s Sys=0.00s Real=0.00s
[2026-03-26T14:01:27.796+0900][16.376s][info][gc,marking  ] GC(163) Concurrent Clear Claimed Marks
[2026-03-26T14:01:27.796+0900][16.376s][info][gc,marking  ] GC(163) Concurrent Clear Claimed Marks 0.103ms
[2026-03-26T14:01:27.796+0900][16.376s][info][gc,marking  ] GC(163) Concurrent Cleanup for Next Mark
[2026-03-26T14:01:27.796+0900][16.377s][info][gc,marking  ] GC(163) Concurrent Cleanup for Next Mark 0.494ms
[2026-03-26T14:01:27.796+0900][16.377s][info][gc          ] GC(163) Concurrent Mark Cycle 6.340ms
[2026-03-26T14:01:27.953+0900][16.529s][info][gc,start    ] GC(164) Pause Young (Concurrent Start) (G1 Humongous Allocation)
[2026-03-26T14:01:27.953+0900][16.530s][info][gc,task     ] GC(164) Using 12 workers of 13 for evacuation
[2026-03-26T14:01:27.953+0900][16.532s][info][gc,phases   ] GC(164)   Pre Evacuate Collection Set: 0.6ms
[2026-03-26T14:01:27.953+0900][16.532s][info][gc,phases   ] GC(164)   Merge Heap Roots: 0.2ms
[2026-03-26T14:01:27.953+0900][16.532s][info][gc,phases   ] GC(164)   Evacuate Collection Set: 0.5ms
[2026-03-26T14:01:27.953+0900][16.532s][info][gc,phases   ] GC(164)   Post Evacuate Collection Set: 0.8ms
[2026-03-26T14:01:27.953+0900][16.532s][info][gc,phases   ] GC(164)   Other: 0.2ms
[2026-03-26T14:01:27.953+0900][16.532s][info][gc,heap     ] GC(164) Eden regions: 50->0(172)
[2026-03-26T14:01:27.953+0900][16.532s][info][gc,heap     ] GC(164) Survivor regions: 0->0(23)
[2026-03-26T14:01:27.953+0900][16.532s][info][gc,heap     ] GC(164) Old regions: 1->1
[2026-03-26T14:01:27.953+0900][16.532s][info][gc,heap     ] GC(164) Humongous regions: 312->312
[2026-03-26T14:01:27.953+0900][16.532s][info][gc,metaspace] GC(164) Metaspace: 309K(512K)->309K(512K) NonClass: 292K(384K)->292K(384K) Class: 17K(128K)->17K(128K)
[2026-03-26T14:01:27.953+0900][16.532s][info][gc          ] GC(164) Pause Young (Concurrent Start) (G1 Humongous Allocation) 362M->312M(512M) 2.901ms
[2026-03-26T14:01:27.953+0900][16.532s][info][gc,cpu      ] GC(164) User=0.00s Sys=0.00s Real=0.00s
[2026-03-26T14:01:27.953+0900][16.532s][info][gc          ] GC(165) Concurrent Mark Cycle
[2026-03-26T14:01:27.953+0900][16.533s][info][gc,marking  ] GC(165) Concurrent Scan Root Regions
[2026-03-26T14:01:27.953+0900][16.533s][info][gc,marking  ] GC(165) Concurrent Scan Root Regions 0.038ms
[2026-03-26T14:01:27.953+0900][16.533s][info][gc,marking  ] GC(165) Concurrent Mark
[2026-03-26T14:01:27.953+0900][16.533s][info][gc,marking  ] GC(165) Concurrent Mark From Roots
[2026-03-26T14:01:27.953+0900][16.533s][info][gc,task     ] GC(165) Using 3 workers of 3 for marking
[2026-03-26T14:01:27.953+0900][16.535s][info][gc,marking  ] GC(165) Concurrent Mark From Roots 1.917ms
[2026-03-26T14:01:27.953+0900][16.535s][info][gc,marking  ] GC(165) Concurrent Preclean
[2026-03-26T14:01:27.953+0900][16.535s][info][gc,marking  ] GC(165) Concurrent Preclean 0.031ms
[2026-03-26T14:01:27.953+0900][16.535s][info][gc,start    ] GC(165) Pause Remark
[2026-03-26T14:01:27.953+0900][16.536s][info][gc          ] GC(165) Pause Remark 318M->318M(512M) 1.585ms
[2026-03-26T14:01:27.953+0900][16.537s][info][gc,cpu      ] GC(165) User=0.00s Sys=0.00s Real=0.00s
[2026-03-26T14:01:27.953+0900][16.537s][info][gc,marking  ] GC(165) Concurrent Mark 4.016ms
[2026-03-26T14:01:27.953+0900][16.537s][info][gc,marking  ] GC(165) Concurrent Rebuild Remembered Sets and Scrub Regions
[2026-03-26T14:01:27.953+0900][16.538s][info][gc,marking  ] GC(165) Concurrent Rebuild Remembered Sets and Scrub Regions 0.965ms
[2026-03-26T14:01:27.953+0900][16.538s][info][gc,start    ] GC(165) Pause Cleanup
[2026-03-26T14:01:27.953+0900][16.538s][info][gc          ] GC(165) Pause Cleanup 318M->318M(512M) 0.391ms
[2026-03-26T14:01:27.953+0900][16.539s][info][gc,cpu      ] GC(165) User=0.00s Sys=0.00s Real=0.00s
[2026-03-26T14:01:27.953+0900][16.539s][info][gc,marking  ] GC(165) Concurrent Clear Claimed Marks
[2026-03-26T14:01:27.953+0900][16.539s][info][gc,marking  ] GC(165) Concurrent Clear Claimed Marks 0.103ms
[2026-03-26T14:01:27.953+0900][16.539s][info][gc,marking  ] GC(165) Concurrent Cleanup for Next Mark
[2026-03-26T14:01:27.953+0900][16.539s][info][gc,marking  ] GC(165) Concurrent Cleanup for Next Mark 0.505ms
[2026-03-26T14:01:27.953+0900][16.539s][info][gc          ] GC(165) Concurrent Mark Cycle 6.916ms
[2026-03-26T14:01:28.112+0900][16.689s][info][gc,start    ] GC(166) Pause Young (Concurrent Start) (G1 Humongous Allocation)
[2026-03-26T14:01:28.112+0900][16.689s][info][gc,task     ] GC(166) Using 12 workers of 13 for evacuation
[2026-03-26T14:01:28.112+0900][16.692s][info][gc,phases   ] GC(166)   Pre Evacuate Collection Set: 0.5ms
[2026-03-26T14:01:28.112+0900][16.692s][info][gc,phases   ] GC(166)   Merge Heap Roots: 0.2ms
[2026-03-26T14:01:28.112+0900][16.692s][info][gc,phases   ] GC(166)   Evacuate Collection Set: 0.5ms
[2026-03-26T14:01:28.112+0900][16.692s][info][gc,phases   ] GC(166)   Post Evacuate Collection Set: 1.0ms
[2026-03-26T14:01:28.112+0900][16.692s][info][gc,phases   ] GC(166)   Other: 0.3ms
[2026-03-26T14:01:28.112+0900][16.692s][info][gc,heap     ] GC(166) Eden regions: 50->0(166)
[2026-03-26T14:01:28.112+0900][16.692s][info][gc,heap     ] GC(166) Survivor regions: 0->0(22)
[2026-03-26T14:01:28.112+0900][16.692s][info][gc,heap     ] GC(166) Old regions: 1->1
[2026-03-26T14:01:28.112+0900][16.692s][info][gc,heap     ] GC(166) Humongous regions: 318->318
[2026-03-26T14:01:28.112+0900][16.692s][info][gc,metaspace] GC(166) Metaspace: 309K(512K)->309K(512K) NonClass: 292K(384K)->292K(384K) Class: 17K(128K)->17K(128K)
[2026-03-26T14:01:28.112+0900][16.692s][info][gc          ] GC(166) Pause Young (Concurrent Start) (G1 Humongous Allocation) 368M->318M(512M) 3.177ms
[2026-03-26T14:01:28.112+0900][16.692s][info][gc,cpu      ] GC(166) User=0.00s Sys=0.00s Real=0.00s
[2026-03-26T14:01:28.112+0900][16.692s][info][gc          ] GC(167) Concurrent Mark Cycle
[2026-03-26T14:01:28.112+0900][16.692s][info][gc,marking  ] GC(167) Concurrent Scan Root Regions
[2026-03-26T14:01:28.112+0900][16.692s][info][gc,marking  ] GC(167) Concurrent Scan Root Regions 0.037ms
[2026-03-26T14:01:28.112+0900][16.692s][info][gc,marking  ] GC(167) Concurrent Mark
[2026-03-26T14:01:28.112+0900][16.692s][info][gc,marking  ] GC(167) Concurrent Mark From Roots
[2026-03-26T14:01:28.112+0900][16.692s][info][gc,task     ] GC(167) Using 3 workers of 3 for marking
[2026-03-26T14:01:28.112+0900][16.695s][info][gc,marking  ] GC(167) Concurrent Mark From Roots 2.372ms
[2026-03-26T14:01:28.112+0900][16.695s][info][gc,marking  ] GC(167) Concurrent Preclean
[2026-03-26T14:01:28.112+0900][16.695s][info][gc,marking  ] GC(167) Concurrent Preclean 0.036ms
[2026-03-26T14:01:28.112+0900][16.695s][info][gc,start    ] GC(167) Pause Remark
[2026-03-26T14:01:28.112+0900][16.697s][info][gc          ] GC(167) Pause Remark 324M->324M(512M) 1.666ms
[2026-03-26T14:01:28.112+0900][16.697s][info][gc,cpu      ] GC(167) User=0.00s Sys=0.00s Real=0.00s
[2026-03-26T14:01:28.112+0900][16.697s][info][gc,marking  ] GC(167) Concurrent Mark 4.594ms
[2026-03-26T14:01:28.112+0900][16.697s][info][gc,marking  ] GC(167) Concurrent Rebuild Remembered Sets and Scrub Regions
[2026-03-26T14:01:28.112+0900][16.698s][info][gc,marking  ] GC(167) Concurrent Rebuild Remembered Sets and Scrub Regions 1.192ms
[2026-03-26T14:01:28.112+0900][16.698s][info][gc,start    ] GC(167) Pause Cleanup
[2026-03-26T14:01:28.112+0900][16.699s][info][gc          ] GC(167) Pause Cleanup 324M->324M(512M) 0.268ms
[2026-03-26T14:01:28.112+0900][16.699s][info][gc,cpu      ] GC(167) User=0.00s Sys=0.00s Real=0.00s
[2026-03-26T14:01:28.112+0900][16.699s][info][gc,marking  ] GC(167) Concurrent Clear Claimed Marks
[2026-03-26T14:01:28.112+0900][16.699s][info][gc,marking  ] GC(167) Concurrent Clear Claimed Marks 0.103ms
[2026-03-26T14:01:28.112+0900][16.699s][info][gc,marking  ] GC(167) Concurrent Cleanup for Next Mark
[2026-03-26T14:01:28.112+0900][16.700s][info][gc,marking  ] GC(167) Concurrent Cleanup for Next Mark 0.691ms
[2026-03-26T14:01:28.112+0900][16.700s][info][gc          ] GC(167) Concurrent Mark Cycle 7.790ms
[2026-03-26T14:01:28.274+0900][16.850s][info][gc,start    ] GC(168) Pause Young (Concurrent Start) (G1 Humongous Allocation)
[2026-03-26T14:01:28.274+0900][16.850s][info][gc,task     ] GC(168) Using 12 workers of 13 for evacuation
[2026-03-26T14:01:28.274+0900][16.852s][info][gc,phases   ] GC(168)   Pre Evacuate Collection Set: 0.5ms
[2026-03-26T14:01:28.274+0900][16.852s][info][gc,phases   ] GC(168)   Merge Heap Roots: 0.2ms
[2026-03-26T14:01:28.274+0900][16.852s][info][gc,phases   ] GC(168)   Evacuate Collection Set: 0.4ms
[2026-03-26T14:01:28.274+0900][16.852s][info][gc,phases   ] GC(168)   Post Evacuate Collection Set: 0.9ms
[2026-03-26T14:01:28.274+0900][16.852s][info][gc,phases   ] GC(168)   Other: 0.3ms
[2026-03-26T14:01:28.274+0900][16.852s][info][gc,heap     ] GC(168) Eden regions: 50->0(160)
[2026-03-26T14:01:28.274+0900][16.852s][info][gc,heap     ] GC(168) Survivor regions: 0->0(21)
[2026-03-26T14:01:28.274+0900][16.852s][info][gc,heap     ] GC(168) Old regions: 1->1
[2026-03-26T14:01:28.274+0900][16.852s][info][gc,heap     ] GC(168) Humongous regions: 324->324
[2026-03-26T14:01:28.274+0900][16.853s][info][gc,metaspace] GC(168) Metaspace: 309K(512K)->309K(512K) NonClass: 292K(384K)->292K(384K) Class: 17K(128K)->17K(128K)
[2026-03-26T14:01:28.274+0900][16.853s][info][gc          ] GC(168) Pause Young (Concurrent Start) (G1 Humongous Allocation) 374M->324M(512M) 2.873ms
[2026-03-26T14:01:28.274+0900][16.853s][info][gc,cpu      ] GC(168) User=0.00s Sys=0.02s Real=0.00s
[2026-03-26T14:01:28.274+0900][16.853s][info][gc          ] GC(169) Concurrent Mark Cycle
[2026-03-26T14:01:28.274+0900][16.853s][info][gc,marking  ] GC(169) Concurrent Scan Root Regions
[2026-03-26T14:01:28.274+0900][16.853s][info][gc,marking  ] GC(169) Concurrent Scan Root Regions 0.034ms
[2026-03-26T14:01:28.274+0900][16.853s][info][gc,marking  ] GC(169) Concurrent Mark
[2026-03-26T14:01:28.274+0900][16.853s][info][gc,marking  ] GC(169) Concurrent Mark From Roots
[2026-03-26T14:01:28.274+0900][16.853s][info][gc,task     ] GC(169) Using 3 workers of 3 for marking
[2026-03-26T14:01:28.279+0900][16.855s][info][gc,marking  ] GC(169) Concurrent Mark From Roots 1.848ms
[2026-03-26T14:01:28.279+0900][16.855s][info][gc,marking  ] GC(169) Concurrent Preclean
[2026-03-26T14:01:28.279+0900][16.855s][info][gc,marking  ] GC(169) Concurrent Preclean 0.032ms
[2026-03-26T14:01:28.279+0900][16.855s][info][gc,start    ] GC(169) Pause Remark
[2026-03-26T14:01:28.279+0900][16.857s][info][gc          ] GC(169) Pause Remark 331M->331M(512M) 1.533ms
[2026-03-26T14:01:28.279+0900][16.857s][info][gc,cpu      ] GC(169) User=0.00s Sys=0.00s Real=0.00s
[2026-03-26T14:01:28.279+0900][16.857s][info][gc,marking  ] GC(169) Concurrent Mark 3.893ms
[2026-03-26T14:01:28.279+0900][16.857s][info][gc,marking  ] GC(169) Concurrent Rebuild Remembered Sets and Scrub Regions
[2026-03-26T14:01:28.279+0900][16.858s][info][gc,marking  ] GC(169) Concurrent Rebuild Remembered Sets and Scrub Regions 1.059ms
[2026-03-26T14:01:28.279+0900][16.858s][info][gc,start    ] GC(169) Pause Cleanup
[2026-03-26T14:01:28.279+0900][16.859s][info][gc          ] GC(169) Pause Cleanup 331M->331M(512M) 0.390ms
[2026-03-26T14:01:28.279+0900][16.859s][info][gc,cpu      ] GC(169) User=0.00s Sys=0.00s Real=0.00s
[2026-03-26T14:01:28.279+0900][16.859s][info][gc,marking  ] GC(169) Concurrent Clear Claimed Marks
[2026-03-26T14:01:28.279+0900][16.859s][info][gc,marking  ] GC(169) Concurrent Clear Claimed Marks 0.103ms
[2026-03-26T14:01:28.279+0900][16.859s][info][gc,marking  ] GC(169) Concurrent Cleanup for Next Mark
[2026-03-26T14:01:28.279+0900][16.860s][info][gc,marking  ] GC(169) Concurrent Cleanup for Next Mark 0.652ms
[2026-03-26T14:01:28.279+0900][16.860s][info][gc          ] GC(169) Concurrent Mark Cycle 7.066ms
[2026-03-26T14:01:28.434+0900][17.011s][info][gc,start    ] GC(170) Pause Young (Concurrent Start) (G1 Humongous Allocation)
[2026-03-26T14:01:28.434+0900][17.011s][info][gc,task     ] GC(170) Using 12 workers of 13 for evacuation
[2026-03-26T14:01:28.436+0900][17.012s][info][gc,phases   ] GC(170)   Pre Evacuate Collection Set: 0.2ms
[2026-03-26T14:01:28.436+0900][17.012s][info][gc,phases   ] GC(170)   Merge Heap Roots: 0.1ms
[2026-03-26T14:01:28.436+0900][17.012s][info][gc,phases   ] GC(170)   Evacuate Collection Set: 0.3ms
[2026-03-26T14:01:28.436+0900][17.012s][info][gc,phases   ] GC(170)   Post Evacuate Collection Set: 0.5ms
[2026-03-26T14:01:28.436+0900][17.012s][info][gc,phases   ] GC(170)   Other: 0.3ms
[2026-03-26T14:01:28.436+0900][17.012s][info][gc,heap     ] GC(170) Eden regions: 50->0(154)
[2026-03-26T14:01:28.436+0900][17.012s][info][gc,heap     ] GC(170) Survivor regions: 0->0(20)
[2026-03-26T14:01:28.436+0900][17.012s][info][gc,heap     ] GC(170) Old regions: 1->1
[2026-03-26T14:01:28.436+0900][17.012s][info][gc,heap     ] GC(170) Humongous regions: 330->330
[2026-03-26T14:01:28.436+0900][17.012s][info][gc,metaspace] GC(170) Metaspace: 309K(512K)->309K(512K) NonClass: 292K(384K)->292K(384K) Class: 17K(128K)->17K(128K)
[2026-03-26T14:01:28.436+0900][17.012s][info][gc          ] GC(170) Pause Young (Concurrent Start) (G1 Humongous Allocation) 380M->330M(512M) 1.788ms
[2026-03-26T14:01:28.436+0900][17.012s][info][gc,cpu      ] GC(170) User=0.00s Sys=0.00s Real=0.00s
[2026-03-26T14:01:28.436+0900][17.012s][info][gc          ] GC(171) Concurrent Mark Cycle
[2026-03-26T14:01:28.436+0900][17.012s][info][gc,marking  ] GC(171) Concurrent Scan Root Regions
[2026-03-26T14:01:28.436+0900][17.012s][info][gc,marking  ] GC(171) Concurrent Scan Root Regions 0.015ms
[2026-03-26T14:01:28.436+0900][17.012s][info][gc,marking  ] GC(171) Concurrent Mark
[2026-03-26T14:01:28.436+0900][17.012s][info][gc,marking  ] GC(171) Concurrent Mark From Roots
[2026-03-26T14:01:28.436+0900][17.012s][info][gc,task     ] GC(171) Using 3 workers of 3 for marking
[2026-03-26T14:01:28.436+0900][17.013s][info][gc,marking  ] GC(171) Concurrent Mark From Roots 0.854ms
[2026-03-26T14:01:28.436+0900][17.013s][info][gc,marking  ] GC(171) Concurrent Preclean
[2026-03-26T14:01:28.436+0900][17.013s][info][gc,marking  ] GC(171) Concurrent Preclean 0.014ms
[2026-03-26T14:01:28.436+0900][17.013s][info][gc,start    ] GC(171) Pause Remark
[2026-03-26T14:01:28.438+0900][17.014s][info][gc          ] GC(171) Pause Remark 336M->336M(512M) 0.996ms
[2026-03-26T14:01:28.438+0900][17.014s][info][gc,cpu      ] GC(171) User=0.00s Sys=0.00s Real=0.00s
[2026-03-26T14:01:28.438+0900][17.015s][info][gc,marking  ] GC(171) Concurrent Mark 2.096ms
[2026-03-26T14:01:28.438+0900][17.015s][info][gc,marking  ] GC(171) Concurrent Rebuild Remembered Sets and Scrub Regions
[2026-03-26T14:01:28.438+0900][17.015s][info][gc,marking  ] GC(171) Concurrent Rebuild Remembered Sets and Scrub Regions 0.486ms
[2026-03-26T14:01:28.438+0900][17.015s][info][gc,start    ] GC(171) Pause Cleanup
[2026-03-26T14:01:28.438+0900][17.015s][info][gc          ] GC(171) Pause Cleanup 336M->336M(512M) 0.202ms
[2026-03-26T14:01:28.438+0900][17.015s][info][gc,cpu      ] GC(171) User=0.00s Sys=0.00s Real=0.00s
[2026-03-26T14:01:28.440+0900][17.016s][info][gc,marking  ] GC(171) Concurrent Clear Claimed Marks
[2026-03-26T14:01:28.440+0900][17.016s][info][gc,marking  ] GC(171) Concurrent Clear Claimed Marks 0.043ms
[2026-03-26T14:01:28.440+0900][17.016s][info][gc,marking  ] GC(171) Concurrent Cleanup for Next Mark
[2026-03-26T14:01:28.440+0900][17.016s][info][gc,marking  ] GC(171) Concurrent Cleanup for Next Mark 0.396ms
[2026-03-26T14:01:28.440+0900][17.016s][info][gc          ] GC(171) Concurrent Mark Cycle 3.655ms
[2026-03-26T14:01:28.593+0900][17.169s][info][gc,start    ] GC(172) Pause Young (Concurrent Start) (G1 Humongous Allocation)
[2026-03-26T14:01:28.593+0900][17.169s][info][gc,task     ] GC(172) Using 12 workers of 13 for evacuation
[2026-03-26T14:01:28.593+0900][17.170s][info][gc,phases   ] GC(172)   Pre Evacuate Collection Set: 0.2ms
[2026-03-26T14:01:28.593+0900][17.170s][info][gc,phases   ] GC(172)   Merge Heap Roots: 0.1ms
[2026-03-26T14:01:28.593+0900][17.170s][info][gc,phases   ] GC(172)   Evacuate Collection Set: 0.2ms
[2026-03-26T14:01:28.593+0900][17.170s][info][gc,phases   ] GC(172)   Post Evacuate Collection Set: 0.4ms
[2026-03-26T14:01:28.593+0900][17.170s][info][gc,phases   ] GC(172)   Other: 0.1ms
[2026-03-26T14:01:28.593+0900][17.170s][info][gc,heap     ] GC(172) Eden regions: 50->0(148)
[2026-03-26T14:01:28.593+0900][17.170s][info][gc,heap     ] GC(172) Survivor regions: 0->0(20)
[2026-03-26T14:01:28.593+0900][17.170s][info][gc,heap     ] GC(172) Old regions: 1->1
[2026-03-26T14:01:28.593+0900][17.170s][info][gc,heap     ] GC(172) Humongous regions: 336->336
[2026-03-26T14:01:28.593+0900][17.170s][info][gc,metaspace] GC(172) Metaspace: 309K(512K)->309K(512K) NonClass: 292K(384K)->292K(384K) Class: 17K(128K)->17K(128K)
[2026-03-26T14:01:28.593+0900][17.170s][info][gc          ] GC(172) Pause Young (Concurrent Start) (G1 Humongous Allocation) 386M->336M(512M) 1.321ms
[2026-03-26T14:01:28.593+0900][17.170s][info][gc,cpu      ] GC(172) User=0.00s Sys=0.00s Real=0.00s
[2026-03-26T14:01:28.593+0900][17.170s][info][gc          ] GC(173) Concurrent Mark Cycle
[2026-03-26T14:01:28.593+0900][17.170s][info][gc,marking  ] GC(173) Concurrent Scan Root Regions
[2026-03-26T14:01:28.593+0900][17.170s][info][gc,marking  ] GC(173) Concurrent Scan Root Regions 0.016ms
[2026-03-26T14:01:28.593+0900][17.170s][info][gc,marking  ] GC(173) Concurrent Mark
[2026-03-26T14:01:28.593+0900][17.170s][info][gc,marking  ] GC(173) Concurrent Mark From Roots
[2026-03-26T14:01:28.593+0900][17.170s][info][gc,task     ] GC(173) Using 3 workers of 3 for marking
[2026-03-26T14:01:28.596+0900][17.172s][info][gc,marking  ] GC(173) Concurrent Mark From Roots 1.379ms
[2026-03-26T14:01:28.596+0900][17.172s][info][gc,marking  ] GC(173) Concurrent Preclean
[2026-03-26T14:01:28.596+0900][17.172s][info][gc,marking  ] GC(173) Concurrent Preclean 0.019ms
[2026-03-26T14:01:28.596+0900][17.172s][info][gc,start    ] GC(173) Pause Remark
[2026-03-26T14:01:28.596+0900][17.173s][info][gc          ] GC(173) Pause Remark 342M->342M(512M) 0.921ms
[2026-03-26T14:01:28.596+0900][17.173s][info][gc,cpu      ] GC(173) User=0.00s Sys=0.00s Real=0.00s
[2026-03-26T14:01:28.596+0900][17.173s][info][gc,marking  ] GC(173) Concurrent Mark 2.548ms
[2026-03-26T14:01:28.596+0900][17.173s][info][gc,marking  ] GC(173) Concurrent Rebuild Remembered Sets and Scrub Regions
[2026-03-26T14:01:28.596+0900][17.173s][info][gc,marking  ] GC(173) Concurrent Rebuild Remembered Sets and Scrub Regions 0.550ms
[2026-03-26T14:01:28.596+0900][17.173s][info][gc,start    ] GC(173) Pause Cleanup
[2026-03-26T14:01:28.596+0900][17.174s][info][gc          ] GC(173) Pause Cleanup 342M->342M(512M) 0.206ms
[2026-03-26T14:01:28.596+0900][17.174s][info][gc,cpu      ] GC(173) User=0.00s Sys=0.00s Real=0.00s
[2026-03-26T14:01:28.596+0900][17.174s][info][gc,marking  ] GC(173) Concurrent Clear Claimed Marks
[2026-03-26T14:01:28.596+0900][17.174s][info][gc,marking  ] GC(173) Concurrent Clear Claimed Marks 0.043ms
[2026-03-26T14:01:28.596+0900][17.174s][info][gc,marking  ] GC(173) Concurrent Cleanup for Next Mark
[2026-03-26T14:01:28.596+0900][17.174s][info][gc,marking  ] GC(173) Concurrent Cleanup for Next Mark 0.379ms
[2026-03-26T14:01:28.596+0900][17.174s][info][gc          ] GC(173) Concurrent Mark Cycle 4.158ms
[2026-03-26T14:01:28.752+0900][17.328s][info][gc,start    ] GC(174) Pause Young (Concurrent Start) (G1 Humongous Allocation)
[2026-03-26T14:01:28.752+0900][17.328s][info][gc,task     ] GC(174) Using 12 workers of 13 for evacuation
[2026-03-26T14:01:28.752+0900][17.329s][info][gc,phases   ] GC(174)   Pre Evacuate Collection Set: 0.3ms
[2026-03-26T14:01:28.752+0900][17.329s][info][gc,phases   ] GC(174)   Merge Heap Roots: 0.1ms
[2026-03-26T14:01:28.752+0900][17.329s][info][gc,phases   ] GC(174)   Evacuate Collection Set: 0.1ms
[2026-03-26T14:01:28.752+0900][17.329s][info][gc,phases   ] GC(174)   Post Evacuate Collection Set: 0.3ms
[2026-03-26T14:01:28.752+0900][17.329s][info][gc,phases   ] GC(174)   Other: 0.2ms
[2026-03-26T14:01:28.752+0900][17.329s][info][gc,heap     ] GC(174) Eden regions: 50->0(142)
[2026-03-26T14:01:28.752+0900][17.329s][info][gc,heap     ] GC(174) Survivor regions: 0->0(19)
[2026-03-26T14:01:28.752+0900][17.329s][info][gc,heap     ] GC(174) Old regions: 1->1
[2026-03-26T14:01:28.752+0900][17.329s][info][gc,heap     ] GC(174) Humongous regions: 342->342
[2026-03-26T14:01:28.752+0900][17.329s][info][gc,metaspace] GC(174) Metaspace: 309K(512K)->309K(512K) NonClass: 292K(384K)->292K(384K) Class: 17K(128K)->17K(128K)
[2026-03-26T14:01:28.752+0900][17.329s][info][gc          ] GC(174) Pause Young (Concurrent Start) (G1 Humongous Allocation) 392M->342M(512M) 1.413ms
[2026-03-26T14:01:28.752+0900][17.329s][info][gc,cpu      ] GC(174) User=0.00s Sys=0.00s Real=0.00s
[2026-03-26T14:01:28.752+0900][17.329s][info][gc          ] GC(175) Concurrent Mark Cycle
[2026-03-26T14:01:28.752+0900][17.329s][info][gc,marking  ] GC(175) Concurrent Scan Root Regions
[2026-03-26T14:01:28.752+0900][17.329s][info][gc,marking  ] GC(175) Concurrent Scan Root Regions 0.019ms
[2026-03-26T14:01:28.752+0900][17.329s][info][gc,marking  ] GC(175) Concurrent Mark
[2026-03-26T14:01:28.752+0900][17.329s][info][gc,marking  ] GC(175) Concurrent Mark From Roots
[2026-03-26T14:01:28.752+0900][17.329s][info][gc,task     ] GC(175) Using 3 workers of 3 for marking
[2026-03-26T14:01:28.754+0900][17.331s][info][gc,marking  ] GC(175) Concurrent Mark From Roots 1.421ms
[2026-03-26T14:01:28.754+0900][17.331s][info][gc,marking  ] GC(175) Concurrent Preclean
[2026-03-26T14:01:28.754+0900][17.331s][info][gc,marking  ] GC(175) Concurrent Preclean 0.016ms
[2026-03-26T14:01:28.754+0900][17.331s][info][gc,start    ] GC(175) Pause Remark
[2026-03-26T14:01:28.754+0900][17.331s][info][gc          ] GC(175) Pause Remark 348M->348M(512M) 0.600ms
[2026-03-26T14:01:28.754+0900][17.331s][info][gc,cpu      ] GC(175) User=0.00s Sys=0.00s Real=0.00s
[2026-03-26T14:01:28.754+0900][17.331s][info][gc,marking  ] GC(175) Concurrent Mark 2.298ms
[2026-03-26T14:01:28.754+0900][17.332s][info][gc,marking  ] GC(175) Concurrent Rebuild Remembered Sets and Scrub Regions
[2026-03-26T14:01:28.754+0900][17.332s][info][gc,marking  ] GC(175) Concurrent Rebuild Remembered Sets and Scrub Regions 0.546ms
[2026-03-26T14:01:28.754+0900][17.332s][info][gc,start    ] GC(175) Pause Cleanup
[2026-03-26T14:01:28.754+0900][17.332s][info][gc          ] GC(175) Pause Cleanup 348M->348M(512M) 0.223ms
[2026-03-26T14:01:28.754+0900][17.332s][info][gc,cpu      ] GC(175) User=0.00s Sys=0.00s Real=0.00s
[2026-03-26T14:01:28.754+0900][17.333s][info][gc,marking  ] GC(175) Concurrent Clear Claimed Marks
[2026-03-26T14:01:28.754+0900][17.333s][info][gc,marking  ] GC(175) Concurrent Clear Claimed Marks 0.045ms
[2026-03-26T14:01:28.754+0900][17.333s][info][gc,marking  ] GC(175) Concurrent Cleanup for Next Mark
[2026-03-26T14:01:28.754+0900][17.333s][info][gc,marking  ] GC(175) Concurrent Cleanup for Next Mark 0.489ms
[2026-03-26T14:01:28.754+0900][17.333s][info][gc          ] GC(175) Concurrent Mark Cycle 4.087ms
[2026-03-26T14:01:28.911+0900][17.487s][info][gc,start    ] GC(176) Pause Young (Concurrent Start) (G1 Humongous Allocation)
[2026-03-26T14:01:28.911+0900][17.487s][info][gc,task     ] GC(176) Using 12 workers of 13 for evacuation
[2026-03-26T14:01:28.911+0900][17.489s][info][gc,phases   ] GC(176)   Pre Evacuate Collection Set: 0.3ms
[2026-03-26T14:01:28.911+0900][17.489s][info][gc,phases   ] GC(176)   Merge Heap Roots: 0.1ms
[2026-03-26T14:01:28.911+0900][17.489s][info][gc,phases   ] GC(176)   Evacuate Collection Set: 0.2ms
[2026-03-26T14:01:28.911+0900][17.489s][info][gc,phases   ] GC(176)   Post Evacuate Collection Set: 0.7ms
[2026-03-26T14:01:28.911+0900][17.489s][info][gc,phases   ] GC(176)   Other: 0.1ms
[2026-03-26T14:01:28.911+0900][17.489s][info][gc,heap     ] GC(176) Eden regions: 50->0(136)
[2026-03-26T14:01:28.911+0900][17.489s][info][gc,heap     ] GC(176) Survivor regions: 0->0(18)
[2026-03-26T14:01:28.911+0900][17.489s][info][gc,heap     ] GC(176) Old regions: 1->1
[2026-03-26T14:01:28.911+0900][17.489s][info][gc,heap     ] GC(176) Humongous regions: 348->348
[2026-03-26T14:01:28.911+0900][17.489s][info][gc,metaspace] GC(176) Metaspace: 309K(512K)->309K(512K) NonClass: 292K(384K)->292K(384K) Class: 17K(128K)->17K(128K)
[2026-03-26T14:01:28.911+0900][17.489s][info][gc          ] GC(176) Pause Young (Concurrent Start) (G1 Humongous Allocation) 398M->348M(512M) 1.867ms
[2026-03-26T14:01:28.911+0900][17.489s][info][gc,cpu      ] GC(176) User=0.00s Sys=0.00s Real=0.00s
[2026-03-26T14:01:28.911+0900][17.489s][info][gc          ] GC(177) Concurrent Mark Cycle
[2026-03-26T14:01:28.911+0900][17.489s][info][gc,marking  ] GC(177) Concurrent Scan Root Regions
[2026-03-26T14:01:28.911+0900][17.489s][info][gc,marking  ] GC(177) Concurrent Scan Root Regions 0.021ms
[2026-03-26T14:01:28.911+0900][17.489s][info][gc,marking  ] GC(177) Concurrent Mark
[2026-03-26T14:01:28.911+0900][17.489s][info][gc,marking  ] GC(177) Concurrent Mark From Roots
[2026-03-26T14:01:28.911+0900][17.489s][info][gc,task     ] GC(177) Using 3 workers of 3 for marking
[2026-03-26T14:01:28.911+0900][17.490s][info][gc,marking  ] GC(177) Concurrent Mark From Roots 1.114ms
[2026-03-26T14:01:28.911+0900][17.490s][info][gc,marking  ] GC(177) Concurrent Preclean
[2026-03-26T14:01:28.911+0900][17.490s][info][gc,marking  ] GC(177) Concurrent Preclean 0.020ms
[2026-03-26T14:01:28.911+0900][17.490s][info][gc,start    ] GC(177) Pause Remark
[2026-03-26T14:01:28.916+0900][17.491s][info][gc          ] GC(177) Pause Remark 354M->354M(512M) 0.993ms
[2026-03-26T14:01:28.916+0900][17.492s][info][gc,cpu      ] GC(177) User=0.00s Sys=0.00s Real=0.00s
[2026-03-26T14:01:28.916+0900][17.492s][info][gc,marking  ] GC(177) Concurrent Mark 2.497ms
[2026-03-26T14:01:28.916+0900][17.492s][info][gc,marking  ] GC(177) Concurrent Rebuild Remembered Sets and Scrub Regions
[2026-03-26T14:01:28.916+0900][17.492s][info][gc,marking  ] GC(177) Concurrent Rebuild Remembered Sets and Scrub Regions 0.595ms
[2026-03-26T14:01:28.916+0900][17.492s][info][gc,start    ] GC(177) Pause Cleanup
[2026-03-26T14:01:28.916+0900][17.493s][info][gc          ] GC(177) Pause Cleanup 354M->354M(512M) 0.271ms
[2026-03-26T14:01:28.916+0900][17.493s][info][gc,cpu      ] GC(177) User=0.00s Sys=0.00s Real=0.00s
[2026-03-26T14:01:28.916+0900][17.493s][info][gc,marking  ] GC(177) Concurrent Clear Claimed Marks
[2026-03-26T14:01:28.916+0900][17.493s][info][gc,marking  ] GC(177) Concurrent Clear Claimed Marks 0.050ms
[2026-03-26T14:01:28.916+0900][17.493s][info][gc,marking  ] GC(177) Concurrent Cleanup for Next Mark
[2026-03-26T14:01:28.916+0900][17.493s][info][gc,marking  ] GC(177) Concurrent Cleanup for Next Mark 0.473ms
[2026-03-26T14:01:28.916+0900][17.493s][info][gc          ] GC(177) Concurrent Mark Cycle 4.470ms
[2026-03-26T14:01:29.071+0900][17.648s][info][gc,start    ] GC(178) Pause Young (Concurrent Start) (G1 Humongous Allocation)
[2026-03-26T14:01:29.071+0900][17.648s][info][gc,task     ] GC(178) Using 12 workers of 13 for evacuation
[2026-03-26T14:01:29.071+0900][17.650s][info][gc,phases   ] GC(178)   Pre Evacuate Collection Set: 0.4ms
[2026-03-26T14:01:29.071+0900][17.650s][info][gc,phases   ] GC(178)   Merge Heap Roots: 0.2ms
[2026-03-26T14:01:29.071+0900][17.650s][info][gc,phases   ] GC(178)   Evacuate Collection Set: 0.3ms
[2026-03-26T14:01:29.071+0900][17.650s][info][gc,phases   ] GC(178)   Post Evacuate Collection Set: 0.8ms
[2026-03-26T14:01:29.071+0900][17.650s][info][gc,phases   ] GC(178)   Other: 0.4ms
[2026-03-26T14:01:29.071+0900][17.650s][info][gc,heap     ] GC(178) Eden regions: 50->0(130)
[2026-03-26T14:01:29.071+0900][17.650s][info][gc,heap     ] GC(178) Survivor regions: 0->0(17)
[2026-03-26T14:01:29.071+0900][17.650s][info][gc,heap     ] GC(178) Old regions: 1->1
[2026-03-26T14:01:29.071+0900][17.650s][info][gc,heap     ] GC(178) Humongous regions: 354->354
[2026-03-26T14:01:29.071+0900][17.650s][info][gc,metaspace] GC(178) Metaspace: 309K(512K)->309K(512K) NonClass: 292K(384K)->292K(384K) Class: 17K(128K)->17K(128K)
[2026-03-26T14:01:29.071+0900][17.650s][info][gc          ] GC(178) Pause Young (Concurrent Start) (G1 Humongous Allocation) 404M->354M(512M) 2.594ms
[2026-03-26T14:01:29.071+0900][17.650s][info][gc,cpu      ] GC(178) User=0.02s Sys=0.00s Real=0.00s
[2026-03-26T14:01:29.071+0900][17.650s][info][gc          ] GC(179) Concurrent Mark Cycle
[2026-03-26T14:01:29.071+0900][17.651s][info][gc,marking  ] GC(179) Concurrent Scan Root Regions
[2026-03-26T14:01:29.071+0900][17.651s][info][gc,marking  ] GC(179) Concurrent Scan Root Regions 0.041ms
[2026-03-26T14:01:29.071+0900][17.651s][info][gc,marking  ] GC(179) Concurrent Mark
[2026-03-26T14:01:29.071+0900][17.651s][info][gc,marking  ] GC(179) Concurrent Mark From Roots
[2026-03-26T14:01:29.071+0900][17.651s][info][gc,task     ] GC(179) Using 3 workers of 3 for marking
[2026-03-26T14:01:29.071+0900][17.652s][info][gc,marking  ] GC(179) Concurrent Mark From Roots 1.637ms
[2026-03-26T14:01:29.071+0900][17.652s][info][gc,marking  ] GC(179) Concurrent Preclean
[2026-03-26T14:01:29.071+0900][17.652s][info][gc,marking  ] GC(179) Concurrent Preclean 0.026ms
[2026-03-26T14:01:29.071+0900][17.653s][info][gc,start    ] GC(179) Pause Remark
[2026-03-26T14:01:29.071+0900][17.654s][info][gc          ] GC(179) Pause Remark 360M->360M(512M) 1.318ms
[2026-03-26T14:01:29.071+0900][17.654s][info][gc,cpu      ] GC(179) User=0.00s Sys=0.00s Real=0.00s
[2026-03-26T14:01:29.071+0900][17.654s][info][gc,marking  ] GC(179) Concurrent Mark 3.387ms
[2026-03-26T14:01:29.071+0900][17.654s][info][gc,marking  ] GC(179) Concurrent Rebuild Remembered Sets and Scrub Regions
[2026-03-26T14:01:29.071+0900][17.655s][info][gc,marking  ] GC(179) Concurrent Rebuild Remembered Sets and Scrub Regions 0.814ms
[2026-03-26T14:01:29.071+0900][17.655s][info][gc,start    ] GC(179) Pause Cleanup
[2026-03-26T14:01:29.071+0900][17.655s][info][gc          ] GC(179) Pause Cleanup 360M->360M(512M) 0.346ms
[2026-03-26T14:01:29.071+0900][17.656s][info][gc,cpu      ] GC(179) User=0.00s Sys=0.00s Real=0.00s
[2026-03-26T14:01:29.071+0900][17.656s][info][gc,marking  ] GC(179) Concurrent Clear Claimed Marks
[2026-03-26T14:01:29.071+0900][17.656s][info][gc,marking  ] GC(179) Concurrent Clear Claimed Marks 0.084ms
[2026-03-26T14:01:29.071+0900][17.656s][info][gc,marking  ] GC(179) Concurrent Cleanup for Next Mark
[2026-03-26T14:01:29.071+0900][17.656s][info][gc,marking  ] GC(179) Concurrent Cleanup for Next Mark 0.441ms
[2026-03-26T14:01:29.071+0900][17.656s][info][gc          ] GC(179) Concurrent Mark Cycle 5.853ms
[2026-03-26T14:01:29.239+0900][17.816s][info][gc,start    ] GC(180) Pause Young (Concurrent Start) (G1 Humongous Allocation)
[2026-03-26T14:01:29.239+0900][17.816s][info][gc,task     ] GC(180) Using 12 workers of 13 for evacuation
[2026-03-26T14:01:29.239+0900][17.818s][info][gc,phases   ] GC(180)   Pre Evacuate Collection Set: 0.5ms
[2026-03-26T14:01:29.239+0900][17.818s][info][gc,phases   ] GC(180)   Merge Heap Roots: 0.2ms
[2026-03-26T14:01:29.239+0900][17.818s][info][gc,phases   ] GC(180)   Evacuate Collection Set: 0.6ms
[2026-03-26T14:01:29.239+0900][17.818s][info][gc,phases   ] GC(180)   Post Evacuate Collection Set: 1.0ms
[2026-03-26T14:01:29.239+0900][17.819s][info][gc,phases   ] GC(180)   Other: 0.2ms
[2026-03-26T14:01:29.239+0900][17.819s][info][gc,heap     ] GC(180) Eden regions: 50->0(124)
[2026-03-26T14:01:29.239+0900][17.819s][info][gc,heap     ] GC(180) Survivor regions: 0->0(17)
[2026-03-26T14:01:29.239+0900][17.819s][info][gc,heap     ] GC(180) Old regions: 1->1
[2026-03-26T14:01:29.239+0900][17.819s][info][gc,heap     ] GC(180) Humongous regions: 360->360
[2026-03-26T14:01:29.239+0900][17.819s][info][gc,metaspace] GC(180) Metaspace: 309K(512K)->309K(512K) NonClass: 292K(384K)->292K(384K) Class: 17K(128K)->17K(128K)
[2026-03-26T14:01:29.239+0900][17.819s][info][gc          ] GC(180) Pause Young (Concurrent Start) (G1 Humongous Allocation) 410M->360M(512M) 3.210ms
[2026-03-26T14:01:29.239+0900][17.819s][info][gc,cpu      ] GC(180) User=0.00s Sys=0.00s Real=0.00s
[2026-03-26T14:01:29.239+0900][17.819s][info][gc          ] GC(181) Concurrent Mark Cycle
[2026-03-26T14:01:29.239+0900][17.819s][info][gc,marking  ] GC(181) Concurrent Scan Root Regions
[2026-03-26T14:01:29.239+0900][17.819s][info][gc,marking  ] GC(181) Concurrent Scan Root Regions 0.037ms
[2026-03-26T14:01:29.239+0900][17.819s][info][gc,marking  ] GC(181) Concurrent Mark
[2026-03-26T14:01:29.239+0900][17.819s][info][gc,marking  ] GC(181) Concurrent Mark From Roots
[2026-03-26T14:01:29.239+0900][17.819s][info][gc,task     ] GC(181) Using 3 workers of 3 for marking
[2026-03-26T14:01:29.239+0900][17.822s][info][gc,marking  ] GC(181) Concurrent Mark From Roots 2.646ms
[2026-03-26T14:01:29.239+0900][17.822s][info][gc,marking  ] GC(181) Concurrent Preclean
[2026-03-26T14:01:29.239+0900][17.822s][info][gc,marking  ] GC(181) Concurrent Preclean 0.037ms
[2026-03-26T14:01:29.239+0900][17.822s][info][gc,start    ] GC(181) Pause Remark
[2026-03-26T14:01:29.239+0900][17.824s][info][gc          ] GC(181) Pause Remark 366M->366M(512M) 1.740ms
[2026-03-26T14:01:29.239+0900][17.824s][info][gc,cpu      ] GC(181) User=0.00s Sys=0.00s Real=0.00s
[2026-03-26T14:01:29.239+0900][17.824s][info][gc,marking  ] GC(181) Concurrent Mark 4.973ms
[2026-03-26T14:01:29.239+0900][17.824s][info][gc,marking  ] GC(181) Concurrent Rebuild Remembered Sets and Scrub Regions
[2026-03-26T14:01:29.239+0900][17.825s][info][gc,marking  ] GC(181) Concurrent Rebuild Remembered Sets and Scrub Regions 1.016ms
[2026-03-26T14:01:29.239+0900][17.825s][info][gc,start    ] GC(181) Pause Cleanup
[2026-03-26T14:01:29.239+0900][17.826s][info][gc          ] GC(181) Pause Cleanup 366M->366M(512M) 0.427ms
[2026-03-26T14:01:29.239+0900][17.826s][info][gc,cpu      ] GC(181) User=0.00s Sys=0.00s Real=0.00s
[2026-03-26T14:01:29.239+0900][17.826s][info][gc,marking  ] GC(181) Concurrent Clear Claimed Marks
[2026-03-26T14:01:29.239+0900][17.826s][info][gc,marking  ] GC(181) Concurrent Clear Claimed Marks 0.103ms
[2026-03-26T14:01:29.239+0900][17.826s][info][gc,marking  ] GC(181) Concurrent Cleanup for Next Mark
[2026-03-26T14:01:29.239+0900][17.827s][info][gc,marking  ] GC(181) Concurrent Cleanup for Next Mark 0.652ms
[2026-03-26T14:01:29.239+0900][17.827s][info][gc          ] GC(181) Concurrent Mark Cycle 8.091ms
[2026-03-26T14:01:29.401+0900][17.977s][info][gc,start    ] GC(182) Pause Young (Concurrent Start) (G1 Humongous Allocation)
[2026-03-26T14:01:29.401+0900][17.977s][info][gc,task     ] GC(182) Using 12 workers of 13 for evacuation
[2026-03-26T14:01:29.401+0900][17.979s][info][gc,phases   ] GC(182)   Pre Evacuate Collection Set: 0.4ms
[2026-03-26T14:01:29.401+0900][17.980s][info][gc,phases   ] GC(182)   Merge Heap Roots: 0.2ms
[2026-03-26T14:01:29.401+0900][17.980s][info][gc,phases   ] GC(182)   Evacuate Collection Set: 0.4ms
[2026-03-26T14:01:29.401+0900][17.980s][info][gc,phases   ] GC(182)   Post Evacuate Collection Set: 1.0ms
[2026-03-26T14:01:29.401+0900][17.980s][info][gc,phases   ] GC(182)   Other: 0.3ms
[2026-03-26T14:01:29.401+0900][17.980s][info][gc,heap     ] GC(182) Eden regions: 50->0(208)
[2026-03-26T14:01:29.401+0900][17.980s][info][gc,heap     ] GC(182) Survivor regions: 0->0(16)
[2026-03-26T14:01:29.401+0900][17.980s][info][gc,heap     ] GC(182) Old regions: 1->1
[2026-03-26T14:01:29.401+0900][17.980s][info][gc,heap     ] GC(182) Humongous regions: 366->276
[2026-03-26T14:01:29.401+0900][17.980s][info][gc,metaspace] GC(182) Metaspace: 309K(512K)->309K(512K) NonClass: 292K(384K)->292K(384K) Class: 17K(128K)->17K(128K)
[2026-03-26T14:01:29.401+0900][17.980s][info][gc          ] GC(182) Pause Young (Concurrent Start) (G1 Humongous Allocation) 416M->276M(512M) 2.876ms
[2026-03-26T14:01:29.401+0900][17.980s][info][gc,cpu      ] GC(182) User=0.00s Sys=0.02s Real=0.00s
[2026-03-26T14:01:29.401+0900][17.980s][info][gc          ] GC(183) Concurrent Mark Cycle
[2026-03-26T14:01:29.401+0900][17.980s][info][gc,marking  ] GC(183) Concurrent Scan Root Regions
[2026-03-26T14:01:29.401+0900][17.980s][info][gc,marking  ] GC(183) Concurrent Scan Root Regions 0.036ms
[2026-03-26T14:01:29.401+0900][17.980s][info][gc,marking  ] GC(183) Concurrent Mark
[2026-03-26T14:01:29.401+0900][17.980s][info][gc,marking  ] GC(183) Concurrent Mark From Roots
[2026-03-26T14:01:29.401+0900][17.980s][info][gc,task     ] GC(183) Using 3 workers of 3 for marking
[2026-03-26T14:01:29.401+0900][17.982s][info][gc,marking  ] GC(183) Concurrent Mark From Roots 2.103ms
[2026-03-26T14:01:29.401+0900][17.982s][info][gc,marking  ] GC(183) Concurrent Preclean
[2026-03-26T14:01:29.401+0900][17.982s][info][gc,marking  ] GC(183) Concurrent Preclean 0.040ms
[2026-03-26T14:01:29.401+0900][17.983s][info][gc,start    ] GC(183) Pause Remark
[2026-03-26T14:01:29.401+0900][17.984s][info][gc          ] GC(183) Pause Remark 282M->282M(512M) 1.635ms
[2026-03-26T14:01:29.401+0900][17.984s][info][gc,cpu      ] GC(183) User=0.00s Sys=0.00s Real=0.00s
[2026-03-26T14:01:29.401+0900][17.985s][info][gc,marking  ] GC(183) Concurrent Mark 4.341ms
[2026-03-26T14:01:29.401+0900][17.985s][info][gc,marking  ] GC(183) Concurrent Rebuild Remembered Sets and Scrub Regions
[2026-03-26T14:01:29.401+0900][17.986s][info][gc,marking  ] GC(183) Concurrent Rebuild Remembered Sets and Scrub Regions 1.094ms
[2026-03-26T14:01:29.401+0900][17.986s][info][gc,start    ] GC(183) Pause Cleanup
[2026-03-26T14:01:29.401+0900][17.986s][info][gc          ] GC(183) Pause Cleanup 282M->282M(512M) 0.353ms
[2026-03-26T14:01:29.401+0900][17.986s][info][gc,cpu      ] GC(183) User=0.00s Sys=0.00s Real=0.00s
[2026-03-26T14:01:29.401+0900][17.987s][info][gc,marking  ] GC(183) Concurrent Clear Claimed Marks
[2026-03-26T14:01:29.401+0900][17.987s][info][gc,marking  ] GC(183) Concurrent Clear Claimed Marks 0.103ms
[2026-03-26T14:01:29.401+0900][17.987s][info][gc,marking  ] GC(183) Concurrent Cleanup for Next Mark
[2026-03-26T14:01:29.401+0900][17.987s][info][gc,marking  ] GC(183) Concurrent Cleanup for Next Mark 0.660ms
[2026-03-26T14:01:29.401+0900][17.987s][info][gc          ] GC(183) Concurrent Mark Cycle 7.405ms
[2026-03-26T14:01:29.562+0900][18.138s][info][gc,start    ] GC(184) Pause Young (Concurrent Start) (G1 Humongous Allocation)
[2026-03-26T14:01:29.562+0900][18.138s][info][gc,task     ] GC(184) Using 12 workers of 13 for evacuation
[2026-03-26T14:01:29.564+0900][18.139s][info][gc,phases   ] GC(184)   Pre Evacuate Collection Set: 0.4ms
[2026-03-26T14:01:29.564+0900][18.139s][info][gc,phases   ] GC(184)   Merge Heap Roots: 0.1ms
[2026-03-26T14:01:29.564+0900][18.139s][info][gc,phases   ] GC(184)   Evacuate Collection Set: 0.4ms
[2026-03-26T14:01:29.564+0900][18.139s][info][gc,phases   ] GC(184)   Post Evacuate Collection Set: 0.4ms
[2026-03-26T14:01:29.564+0900][18.140s][info][gc,phases   ] GC(184)   Other: 0.1ms
[2026-03-26T14:01:29.564+0900][18.140s][info][gc,heap     ] GC(184) Eden regions: 50->0(202)
[2026-03-26T14:01:29.564+0900][18.140s][info][gc,heap     ] GC(184) Survivor regions: 0->0(26)
[2026-03-26T14:01:29.564+0900][18.140s][info][gc,heap     ] GC(184) Old regions: 1->1
[2026-03-26T14:01:29.564+0900][18.140s][info][gc,heap     ] GC(184) Humongous regions: 282->282
[2026-03-26T14:01:29.564+0900][18.140s][info][gc,metaspace] GC(184) Metaspace: 309K(512K)->309K(512K) NonClass: 292K(384K)->292K(384K) Class: 17K(128K)->17K(128K)
[2026-03-26T14:01:29.564+0900][18.140s][info][gc          ] GC(184) Pause Young (Concurrent Start) (G1 Humongous Allocation) 332M->282M(512M) 1.990ms
[2026-03-26T14:01:29.564+0900][18.140s][info][gc,cpu      ] GC(184) User=0.00s Sys=0.00s Real=0.00s
[2026-03-26T14:01:29.564+0900][18.140s][info][gc          ] GC(185) Concurrent Mark Cycle
[2026-03-26T14:01:29.564+0900][18.140s][info][gc,marking  ] GC(185) Concurrent Scan Root Regions
[2026-03-26T14:01:29.564+0900][18.140s][info][gc,marking  ] GC(185) Concurrent Scan Root Regions 0.034ms
[2026-03-26T14:01:29.564+0900][18.140s][info][gc,marking  ] GC(185) Concurrent Mark
[2026-03-26T14:01:29.564+0900][18.140s][info][gc,marking  ] GC(185) Concurrent Mark From Roots
[2026-03-26T14:01:29.564+0900][18.140s][info][gc,task     ] GC(185) Using 3 workers of 3 for marking
[2026-03-26T14:01:29.566+0900][18.142s][info][gc,marking  ] GC(185) Concurrent Mark From Roots 1.821ms
[2026-03-26T14:01:29.566+0900][18.142s][info][gc,marking  ] GC(185) Concurrent Preclean
[2026-03-26T14:01:29.566+0900][18.142s][info][gc,marking  ] GC(185) Concurrent Preclean 0.035ms
[2026-03-26T14:01:29.566+0900][18.142s][info][gc,start    ] GC(185) Pause Remark
[2026-03-26T14:01:29.566+0900][18.144s][info][gc          ] GC(185) Pause Remark 288M->288M(512M) 1.466ms
[2026-03-26T14:01:29.566+0900][18.144s][info][gc,cpu      ] GC(185) User=0.00s Sys=0.00s Real=0.00s
[2026-03-26T14:01:29.566+0900][18.144s][info][gc,marking  ] GC(185) Concurrent Mark 3.798ms
[2026-03-26T14:01:29.566+0900][18.144s][info][gc,marking  ] GC(185) Concurrent Rebuild Remembered Sets and Scrub Regions
[2026-03-26T14:01:29.566+0900][18.145s][info][gc,marking  ] GC(185) Concurrent Rebuild Remembered Sets and Scrub Regions 0.966ms
[2026-03-26T14:01:29.566+0900][18.145s][info][gc,start    ] GC(185) Pause Cleanup
[2026-03-26T14:01:29.566+0900][18.145s][info][gc          ] GC(185) Pause Cleanup 288M->288M(512M) 0.317ms
[2026-03-26T14:01:29.566+0900][18.146s][info][gc,cpu      ] GC(185) User=0.00s Sys=0.00s Real=0.00s
[2026-03-26T14:01:29.566+0900][18.146s][info][gc,marking  ] GC(185) Concurrent Clear Claimed Marks
[2026-03-26T14:01:29.566+0900][18.146s][info][gc,marking  ] GC(185) Concurrent Clear Claimed Marks 0.103ms
[2026-03-26T14:01:29.566+0900][18.146s][info][gc,marking  ] GC(185) Concurrent Cleanup for Next Mark
[2026-03-26T14:01:29.566+0900][18.146s][info][gc,marking  ] GC(185) Concurrent Cleanup for Next Mark 0.521ms
[2026-03-26T14:01:29.566+0900][18.146s][info][gc          ] GC(185) Concurrent Mark Cycle 6.500ms
[2026-03-26T14:01:29.721+0900][18.297s][info][gc,start    ] GC(186) Pause Young (Concurrent Start) (G1 Humongous Allocation)
[2026-03-26T14:01:29.721+0900][18.297s][info][gc,task     ] GC(186) Using 12 workers of 13 for evacuation
[2026-03-26T14:01:29.721+0900][18.299s][info][gc,phases   ] GC(186)   Pre Evacuate Collection Set: 0.4ms
[2026-03-26T14:01:29.721+0900][18.299s][info][gc,phases   ] GC(186)   Merge Heap Roots: 0.1ms
[2026-03-26T14:01:29.721+0900][18.299s][info][gc,phases   ] GC(186)   Evacuate Collection Set: 0.3ms
[2026-03-26T14:01:29.721+0900][18.299s][info][gc,phases   ] GC(186)   Post Evacuate Collection Set: 0.8ms
[2026-03-26T14:01:29.721+0900][18.299s][info][gc,phases   ] GC(186)   Other: 0.3ms
[2026-03-26T14:01:29.721+0900][18.299s][info][gc,heap     ] GC(186) Eden regions: 50->0(196)
[2026-03-26T14:01:29.721+0900][18.299s][info][gc,heap     ] GC(186) Survivor regions: 0->0(26)
[2026-03-26T14:01:29.721+0900][18.299s][info][gc,heap     ] GC(186) Old regions: 1->1
[2026-03-26T14:01:29.721+0900][18.299s][info][gc,heap     ] GC(186) Humongous regions: 288->288
[2026-03-26T14:01:29.721+0900][18.299s][info][gc,metaspace] GC(186) Metaspace: 309K(512K)->309K(512K) NonClass: 292K(384K)->292K(384K) Class: 17K(128K)->17K(128K)
[2026-03-26T14:01:29.721+0900][18.299s][info][gc          ] GC(186) Pause Young (Concurrent Start) (G1 Humongous Allocation) 338M->288M(512M) 2.321ms
[2026-03-26T14:01:29.721+0900][18.299s][info][gc,cpu      ] GC(186) User=0.00s Sys=0.00s Real=0.00s
[2026-03-26T14:01:29.721+0900][18.299s][info][gc          ] GC(187) Concurrent Mark Cycle
[2026-03-26T14:01:29.721+0900][18.299s][info][gc,marking  ] GC(187) Concurrent Scan Root Regions
[2026-03-26T14:01:29.721+0900][18.299s][info][gc,marking  ] GC(187) Concurrent Scan Root Regions 0.028ms
[2026-03-26T14:01:29.721+0900][18.299s][info][gc,marking  ] GC(187) Concurrent Mark
[2026-03-26T14:01:29.721+0900][18.299s][info][gc,marking  ] GC(187) Concurrent Mark From Roots
[2026-03-26T14:01:29.721+0900][18.299s][info][gc,task     ] GC(187) Using 3 workers of 3 for marking
[2026-03-26T14:01:29.721+0900][18.301s][info][gc,marking  ] GC(187) Concurrent Mark From Roots 1.399ms
[2026-03-26T14:01:29.721+0900][18.301s][info][gc,marking  ] GC(187) Concurrent Preclean
[2026-03-26T14:01:29.721+0900][18.301s][info][gc,marking  ] GC(187) Concurrent Preclean 0.027ms
[2026-03-26T14:01:29.721+0900][18.301s][info][gc,start    ] GC(187) Pause Remark
[2026-03-26T14:01:29.721+0900][18.302s][info][gc          ] GC(187) Pause Remark 294M->294M(512M) 1.381ms
[2026-03-26T14:01:29.721+0900][18.303s][info][gc,cpu      ] GC(187) User=0.00s Sys=0.00s Real=0.00s
[2026-03-26T14:01:29.721+0900][18.303s][info][gc,marking  ] GC(187) Concurrent Mark 3.204ms
[2026-03-26T14:01:29.721+0900][18.303s][info][gc,marking  ] GC(187) Concurrent Rebuild Remembered Sets and Scrub Regions
[2026-03-26T14:01:29.721+0900][18.303s][info][gc,marking  ] GC(187) Concurrent Rebuild Remembered Sets and Scrub Regions 0.804ms
[2026-03-26T14:01:29.721+0900][18.304s][info][gc,start    ] GC(187) Pause Cleanup
[2026-03-26T14:01:29.721+0900][18.304s][info][gc          ] GC(187) Pause Cleanup 294M->294M(512M) 0.324ms
[2026-03-26T14:01:29.721+0900][18.304s][info][gc,cpu      ] GC(187) User=0.00s Sys=0.00s Real=0.00s
[2026-03-26T14:01:29.721+0900][18.304s][info][gc,marking  ] GC(187) Concurrent Clear Claimed Marks
[2026-03-26T14:01:29.721+0900][18.304s][info][gc,marking  ] GC(187) Concurrent Clear Claimed Marks 0.071ms
[2026-03-26T14:01:29.721+0900][18.304s][info][gc,marking  ] GC(187) Concurrent Cleanup for Next Mark
[2026-03-26T14:01:29.721+0900][18.305s][info][gc,marking  ] GC(187) Concurrent Cleanup for Next Mark 0.548ms
[2026-03-26T14:01:29.721+0900][18.305s][info][gc          ] GC(187) Concurrent Mark Cycle 5.636ms
[2026-03-26T14:01:29.881+0900][18.457s][info][gc,start    ] GC(188) Pause Young (Concurrent Start) (G1 Humongous Allocation)
[2026-03-26T14:01:29.881+0900][18.457s][info][gc,task     ] GC(188) Using 12 workers of 13 for evacuation
[2026-03-26T14:01:29.882+0900][18.458s][info][gc,phases   ] GC(188)   Pre Evacuate Collection Set: 0.2ms
[2026-03-26T14:01:29.882+0900][18.458s][info][gc,phases   ] GC(188)   Merge Heap Roots: 0.1ms
[2026-03-26T14:01:29.882+0900][18.458s][info][gc,phases   ] GC(188)   Evacuate Collection Set: 0.2ms
[2026-03-26T14:01:29.882+0900][18.458s][info][gc,phases   ] GC(188)   Post Evacuate Collection Set: 0.2ms
[2026-03-26T14:01:29.882+0900][18.458s][info][gc,phases   ] GC(188)   Other: 0.1ms
[2026-03-26T14:01:29.882+0900][18.458s][info][gc,heap     ] GC(188) Eden regions: 50->0(190)
[2026-03-26T14:01:29.882+0900][18.458s][info][gc,heap     ] GC(188) Survivor regions: 0->0(25)
[2026-03-26T14:01:29.882+0900][18.458s][info][gc,heap     ] GC(188) Old regions: 1->1
[2026-03-26T14:01:29.882+0900][18.458s][info][gc,heap     ] GC(188) Humongous regions: 294->294
[2026-03-26T14:01:29.882+0900][18.458s][info][gc,metaspace] GC(188) Metaspace: 309K(512K)->309K(512K) NonClass: 292K(384K)->292K(384K) Class: 17K(128K)->17K(128K)
[2026-03-26T14:01:29.882+0900][18.458s][info][gc          ] GC(188) Pause Young (Concurrent Start) (G1 Humongous Allocation) 344M->294M(512M) 1.155ms
[2026-03-26T14:01:29.882+0900][18.458s][info][gc,cpu      ] GC(188) User=0.00s Sys=0.00s Real=0.00s
[2026-03-26T14:01:29.882+0900][18.458s][info][gc          ] GC(189) Concurrent Mark Cycle
[2026-03-26T14:01:29.882+0900][18.458s][info][gc,marking  ] GC(189) Concurrent Scan Root Regions
[2026-03-26T14:01:29.882+0900][18.458s][info][gc,marking  ] GC(189) Concurrent Scan Root Regions 0.019ms
[2026-03-26T14:01:29.882+0900][18.458s][info][gc,marking  ] GC(189) Concurrent Mark
[2026-03-26T14:01:29.882+0900][18.458s][info][gc,marking  ] GC(189) Concurrent Mark From Roots
[2026-03-26T14:01:29.882+0900][18.458s][info][gc,task     ] GC(189) Using 3 workers of 3 for marking
[2026-03-26T14:01:29.882+0900][18.459s][info][gc,marking  ] GC(189) Concurrent Mark From Roots 0.984ms
[2026-03-26T14:01:29.882+0900][18.459s][info][gc,marking  ] GC(189) Concurrent Preclean
[2026-03-26T14:01:29.882+0900][18.459s][info][gc,marking  ] GC(189) Concurrent Preclean 0.019ms
[2026-03-26T14:01:29.882+0900][18.459s][info][gc,start    ] GC(189) Pause Remark
[2026-03-26T14:01:29.884+0900][18.460s][info][gc          ] GC(189) Pause Remark 301M->301M(512M) 0.494ms
[2026-03-26T14:01:29.884+0900][18.460s][info][gc,cpu      ] GC(189) User=0.00s Sys=0.00s Real=0.00s
[2026-03-26T14:01:29.884+0900][18.460s][info][gc,marking  ] GC(189) Concurrent Mark 1.848ms
[2026-03-26T14:01:29.884+0900][18.460s][info][gc,marking  ] GC(189) Concurrent Rebuild Remembered Sets and Scrub Regions
[2026-03-26T14:01:29.884+0900][18.460s][info][gc,marking  ] GC(189) Concurrent Rebuild Remembered Sets and Scrub Regions 0.412ms
[2026-03-26T14:01:29.884+0900][18.460s][info][gc,start    ] GC(189) Pause Cleanup
[2026-03-26T14:01:29.884+0900][18.460s][info][gc          ] GC(189) Pause Cleanup 301M->301M(512M) 0.150ms
[2026-03-26T14:01:29.884+0900][18.460s][info][gc,cpu      ] GC(189) User=0.00s Sys=0.00s Real=0.00s
[2026-03-26T14:01:29.884+0900][18.460s][info][gc,marking  ] GC(189) Concurrent Clear Claimed Marks
[2026-03-26T14:01:29.884+0900][18.461s][info][gc,marking  ] GC(189) Concurrent Clear Claimed Marks 0.042ms
[2026-03-26T14:01:29.884+0900][18.461s][info][gc,marking  ] GC(189) Concurrent Cleanup for Next Mark
[2026-03-26T14:01:29.886+0900][18.461s][info][gc,marking  ] GC(189) Concurrent Cleanup for Next Mark 0.360ms
[2026-03-26T14:01:29.886+0900][18.461s][info][gc          ] GC(189) Concurrent Mark Cycle 3.084ms
[2026-03-26T14:01:30.039+0900][18.615s][info][gc,start    ] GC(190) Pause Young (Concurrent Start) (G1 Humongous Allocation)
[2026-03-26T14:01:30.039+0900][18.616s][info][gc,task     ] GC(190) Using 12 workers of 13 for evacuation
[2026-03-26T14:01:30.039+0900][18.616s][info][gc,phases   ] GC(190)   Pre Evacuate Collection Set: 0.2ms
[2026-03-26T14:01:30.039+0900][18.616s][info][gc,phases   ] GC(190)   Merge Heap Roots: 0.1ms
[2026-03-26T14:01:30.039+0900][18.616s][info][gc,phases   ] GC(190)   Evacuate Collection Set: 0.2ms
[2026-03-26T14:01:30.039+0900][18.616s][info][gc,phases   ] GC(190)   Post Evacuate Collection Set: 0.2ms
[2026-03-26T14:01:30.039+0900][18.616s][info][gc,phases   ] GC(190)   Other: 0.1ms
[2026-03-26T14:01:30.039+0900][18.616s][info][gc,heap     ] GC(190) Eden regions: 50->0(184)
[2026-03-26T14:01:30.039+0900][18.616s][info][gc,heap     ] GC(190) Survivor regions: 0->0(24)
[2026-03-26T14:01:30.039+0900][18.616s][info][gc,heap     ] GC(190) Old regions: 1->1
[2026-03-26T14:01:30.039+0900][18.616s][info][gc,heap     ] GC(190) Humongous regions: 300->300
[2026-03-26T14:01:30.039+0900][18.616s][info][gc,metaspace] GC(190) Metaspace: 309K(512K)->309K(512K) NonClass: 292K(384K)->292K(384K) Class: 17K(128K)->17K(128K)
[2026-03-26T14:01:30.039+0900][18.616s][info][gc          ] GC(190) Pause Young (Concurrent Start) (G1 Humongous Allocation) 350M->300M(512M) 0.974ms
[2026-03-26T14:01:30.039+0900][18.616s][info][gc,cpu      ] GC(190) User=0.00s Sys=0.00s Real=0.00s
[2026-03-26T14:01:30.039+0900][18.616s][info][gc          ] GC(191) Concurrent Mark Cycle
[2026-03-26T14:01:30.039+0900][18.617s][info][gc,marking  ] GC(191) Concurrent Scan Root Regions
[2026-03-26T14:01:30.039+0900][18.617s][info][gc,marking  ] GC(191) Concurrent Scan Root Regions 0.015ms
[2026-03-26T14:01:30.039+0900][18.617s][info][gc,marking  ] GC(191) Concurrent Mark
[2026-03-26T14:01:30.039+0900][18.617s][info][gc,marking  ] GC(191) Concurrent Mark From Roots
[2026-03-26T14:01:30.039+0900][18.617s][info][gc,task     ] GC(191) Using 3 workers of 3 for marking
[2026-03-26T14:01:30.042+0900][18.618s][info][gc,marking  ] GC(191) Concurrent Mark From Roots 1.370ms
[2026-03-26T14:01:30.042+0900][18.618s][info][gc,marking  ] GC(191) Concurrent Preclean
[2026-03-26T14:01:30.042+0900][18.618s][info][gc,marking  ] GC(191) Concurrent Preclean 0.023ms
[2026-03-26T14:01:30.042+0900][18.618s][info][gc,start    ] GC(191) Pause Remark
[2026-03-26T14:01:30.042+0900][18.619s][info][gc          ] GC(191) Pause Remark 306M->306M(512M) 0.500ms
[2026-03-26T14:01:30.042+0900][18.619s][info][gc,cpu      ] GC(191) User=0.00s Sys=0.00s Real=0.00s
[2026-03-26T14:01:30.042+0900][18.619s][info][gc,marking  ] GC(191) Concurrent Mark 2.079ms
[2026-03-26T14:01:30.042+0900][18.619s][info][gc,marking  ] GC(191) Concurrent Rebuild Remembered Sets and Scrub Regions
[2026-03-26T14:01:30.042+0900][18.619s][info][gc,marking  ] GC(191) Concurrent Rebuild Remembered Sets and Scrub Regions 0.384ms
[2026-03-26T14:01:30.042+0900][18.619s][info][gc,start    ] GC(191) Pause Cleanup
[2026-03-26T14:01:30.042+0900][18.619s][info][gc          ] GC(191) Pause Cleanup 306M->306M(512M) 0.092ms
[2026-03-26T14:01:30.042+0900][18.619s][info][gc,cpu      ] GC(191) User=0.00s Sys=0.00s Real=0.00s
[2026-03-26T14:01:30.042+0900][18.619s][info][gc,marking  ] GC(191) Concurrent Clear Claimed Marks
[2026-03-26T14:01:30.042+0900][18.619s][info][gc,marking  ] GC(191) Concurrent Clear Claimed Marks 0.024ms
[2026-03-26T14:01:30.042+0900][18.619s][info][gc,marking  ] GC(191) Concurrent Cleanup for Next Mark
[2026-03-26T14:01:30.042+0900][18.620s][info][gc,marking  ] GC(191) Concurrent Cleanup for Next Mark 0.300ms
[2026-03-26T14:01:30.042+0900][18.620s][info][gc          ] GC(191) Concurrent Mark Cycle 3.137ms
[2026-03-26T14:01:30.199+0900][18.775s][info][gc,start    ] GC(192) Pause Young (Concurrent Start) (G1 Humongous Allocation)
[2026-03-26T14:01:30.199+0900][18.775s][info][gc,task     ] GC(192) Using 12 workers of 13 for evacuation
[2026-03-26T14:01:30.199+0900][18.776s][info][gc,phases   ] GC(192)   Pre Evacuate Collection Set: 0.2ms
[2026-03-26T14:01:30.199+0900][18.776s][info][gc,phases   ] GC(192)   Merge Heap Roots: 0.1ms
[2026-03-26T14:01:30.199+0900][18.776s][info][gc,phases   ] GC(192)   Evacuate Collection Set: 0.2ms
[2026-03-26T14:01:30.199+0900][18.776s][info][gc,phases   ] GC(192)   Post Evacuate Collection Set: 0.3ms
[2026-03-26T14:01:30.199+0900][18.776s][info][gc,phases   ] GC(192)   Other: 0.1ms
[2026-03-26T14:01:30.199+0900][18.776s][info][gc,heap     ] GC(192) Eden regions: 50->0(178)
[2026-03-26T14:01:30.199+0900][18.776s][info][gc,heap     ] GC(192) Survivor regions: 0->0(23)
[2026-03-26T14:01:30.199+0900][18.776s][info][gc,heap     ] GC(192) Old regions: 1->1
[2026-03-26T14:01:30.199+0900][18.776s][info][gc,heap     ] GC(192) Humongous regions: 306->306
[2026-03-26T14:01:30.199+0900][18.776s][info][gc,metaspace] GC(192) Metaspace: 309K(512K)->309K(512K) NonClass: 292K(384K)->292K(384K) Class: 17K(128K)->17K(128K)
[2026-03-26T14:01:30.199+0900][18.776s][info][gc          ] GC(192) Pause Young (Concurrent Start) (G1 Humongous Allocation) 356M->306M(512M) 1.217ms
[2026-03-26T14:01:30.199+0900][18.776s][info][gc,cpu      ] GC(192) User=0.00s Sys=0.00s Real=0.00s
[2026-03-26T14:01:30.199+0900][18.776s][info][gc          ] GC(193) Concurrent Mark Cycle
[2026-03-26T14:01:30.199+0900][18.776s][info][gc,marking  ] GC(193) Concurrent Scan Root Regions
[2026-03-26T14:01:30.199+0900][18.776s][info][gc,marking  ] GC(193) Concurrent Scan Root Regions 0.015ms
[2026-03-26T14:01:30.199+0900][18.776s][info][gc,marking  ] GC(193) Concurrent Mark
[2026-03-26T14:01:30.199+0900][18.776s][info][gc,marking  ] GC(193) Concurrent Mark From Roots
[2026-03-26T14:01:30.199+0900][18.776s][info][gc,task     ] GC(193) Using 3 workers of 3 for marking
[2026-03-26T14:01:30.201+0900][18.777s][info][gc,marking  ] GC(193) Concurrent Mark From Roots 0.868ms
[2026-03-26T14:01:30.201+0900][18.777s][info][gc,marking  ] GC(193) Concurrent Preclean
[2026-03-26T14:01:30.201+0900][18.777s][info][gc,marking  ] GC(193) Concurrent Preclean 0.013ms
[2026-03-26T14:01:30.201+0900][18.777s][info][gc,start    ] GC(193) Pause Remark
[2026-03-26T14:01:30.201+0900][18.778s][info][gc          ] GC(193) Pause Remark 312M->312M(512M) 0.566ms
[2026-03-26T14:01:30.201+0900][18.778s][info][gc,cpu      ] GC(193) User=0.00s Sys=0.00s Real=0.00s
[2026-03-26T14:01:30.201+0900][18.778s][info][gc,marking  ] GC(193) Concurrent Mark 1.593ms
[2026-03-26T14:01:30.201+0900][18.778s][info][gc,marking  ] GC(193) Concurrent Rebuild Remembered Sets and Scrub Regions
[2026-03-26T14:01:30.201+0900][18.778s][info][gc,marking  ] GC(193) Concurrent Rebuild Remembered Sets and Scrub Regions 0.471ms
[2026-03-26T14:01:30.201+0900][18.778s][info][gc,start    ] GC(193) Pause Cleanup
[2026-03-26T14:01:30.201+0900][18.779s][info][gc          ] GC(193) Pause Cleanup 312M->312M(512M) 0.214ms
[2026-03-26T14:01:30.201+0900][18.779s][info][gc,cpu      ] GC(193) User=0.00s Sys=0.00s Real=0.00s
[2026-03-26T14:01:30.201+0900][18.779s][info][gc,marking  ] GC(193) Concurrent Clear Claimed Marks
[2026-03-26T14:01:30.201+0900][18.779s][info][gc,marking  ] GC(193) Concurrent Clear Claimed Marks 0.046ms
[2026-03-26T14:01:30.201+0900][18.779s][info][gc,marking  ] GC(193) Concurrent Cleanup for Next Mark
[2026-03-26T14:01:30.201+0900][18.779s][info][gc,marking  ] GC(193) Concurrent Cleanup for Next Mark 0.344ms
[2026-03-26T14:01:30.201+0900][18.779s][info][gc          ] GC(193) Concurrent Mark Cycle 3.011ms
[2026-03-26T14:01:30.359+0900][18.935s][info][gc,start    ] GC(194) Pause Young (Concurrent Start) (G1 Humongous Allocation)
[2026-03-26T14:01:30.359+0900][18.935s][info][gc,task     ] GC(194) Using 12 workers of 13 for evacuation
[2026-03-26T14:01:30.359+0900][18.936s][info][gc,phases   ] GC(194)   Pre Evacuate Collection Set: 0.2ms
[2026-03-26T14:01:30.359+0900][18.936s][info][gc,phases   ] GC(194)   Merge Heap Roots: 0.1ms
[2026-03-26T14:01:30.359+0900][18.936s][info][gc,phases   ] GC(194)   Evacuate Collection Set: 0.2ms
[2026-03-26T14:01:30.359+0900][18.936s][info][gc,phases   ] GC(194)   Post Evacuate Collection Set: 0.2ms
[2026-03-26T14:01:30.359+0900][18.936s][info][gc,phases   ] GC(194)   Other: 0.1ms
[2026-03-26T14:01:30.359+0900][18.936s][info][gc,heap     ] GC(194) Eden regions: 50->0(172)
[2026-03-26T14:01:30.359+0900][18.936s][info][gc,heap     ] GC(194) Survivor regions: 0->0(23)
[2026-03-26T14:01:30.359+0900][18.936s][info][gc,heap     ] GC(194) Old regions: 1->1
[2026-03-26T14:01:30.359+0900][18.936s][info][gc,heap     ] GC(194) Humongous regions: 312->312
[2026-03-26T14:01:30.359+0900][18.936s][info][gc,metaspace] GC(194) Metaspace: 309K(512K)->309K(512K) NonClass: 292K(384K)->292K(384K) Class: 17K(128K)->17K(128K)
[2026-03-26T14:01:30.359+0900][18.936s][info][gc          ] GC(194) Pause Young (Concurrent Start) (G1 Humongous Allocation) 362M->312M(512M) 1.320ms
[2026-03-26T14:01:30.359+0900][18.936s][info][gc,cpu      ] GC(194) User=0.00s Sys=0.00s Real=0.00s
[2026-03-26T14:01:30.359+0900][18.936s][info][gc          ] GC(195) Concurrent Mark Cycle
[2026-03-26T14:01:30.359+0900][18.936s][info][gc,marking  ] GC(195) Concurrent Scan Root Regions
[2026-03-26T14:01:30.359+0900][18.936s][info][gc,marking  ] GC(195) Concurrent Scan Root Regions 0.024ms
[2026-03-26T14:01:30.359+0900][18.936s][info][gc,marking  ] GC(195) Concurrent Mark
[2026-03-26T14:01:30.359+0900][18.936s][info][gc,marking  ] GC(195) Concurrent Mark From Roots
[2026-03-26T14:01:30.359+0900][18.936s][info][gc,task     ] GC(195) Using 3 workers of 3 for marking
[2026-03-26T14:01:30.362+0900][18.938s][info][gc,marking  ] GC(195) Concurrent Mark From Roots 1.226ms
[2026-03-26T14:01:30.362+0900][18.938s][info][gc,marking  ] GC(195) Concurrent Preclean
[2026-03-26T14:01:30.362+0900][18.938s][info][gc,marking  ] GC(195) Concurrent Preclean 0.022ms
[2026-03-26T14:01:30.362+0900][18.938s][info][gc,start    ] GC(195) Pause Remark
[2026-03-26T14:01:30.363+0900][18.939s][info][gc          ] GC(195) Pause Remark 318M->318M(512M) 0.609ms
[2026-03-26T14:01:30.363+0900][18.939s][info][gc,cpu      ] GC(195) User=0.00s Sys=0.00s Real=0.00s
[2026-03-26T14:01:30.363+0900][18.939s][info][gc,marking  ] GC(195) Concurrent Mark 2.339ms
[2026-03-26T14:01:30.363+0900][18.939s][info][gc,marking  ] GC(195) Concurrent Rebuild Remembered Sets and Scrub Regions
[2026-03-26T14:01:30.363+0900][18.939s][info][gc,marking  ] GC(195) Concurrent Rebuild Remembered Sets and Scrub Regions 0.486ms
[2026-03-26T14:01:30.363+0900][18.939s][info][gc,start    ] GC(195) Pause Cleanup
[2026-03-26T14:01:30.363+0900][18.940s][info][gc          ] GC(195) Pause Cleanup 318M->318M(512M) 0.139ms
[2026-03-26T14:01:30.363+0900][18.940s][info][gc,cpu      ] GC(195) User=0.00s Sys=0.00s Real=0.00s
[2026-03-26T14:01:30.363+0900][18.940s][info][gc,marking  ] GC(195) Concurrent Clear Claimed Marks
[2026-03-26T14:01:30.363+0900][18.940s][info][gc,marking  ] GC(195) Concurrent Clear Claimed Marks 0.017ms
[2026-03-26T14:01:30.363+0900][18.940s][info][gc,marking  ] GC(195) Concurrent Cleanup for Next Mark
[2026-03-26T14:01:30.365+0900][18.940s][info][gc,marking  ] GC(195) Concurrent Cleanup for Next Mark 0.301ms
[2026-03-26T14:01:30.365+0900][18.940s][info][gc          ] GC(195) Concurrent Mark Cycle 3.674ms
[2026-03-26T14:01:30.517+0900][19.094s][info][gc,start    ] GC(196) Pause Young (Concurrent Start) (G1 Humongous Allocation)
[2026-03-26T14:01:30.517+0900][19.094s][info][gc,task     ] GC(196) Using 12 workers of 13 for evacuation
[2026-03-26T14:01:30.517+0900][19.095s][info][gc,phases   ] GC(196)   Pre Evacuate Collection Set: 0.3ms
[2026-03-26T14:01:30.517+0900][19.095s][info][gc,phases   ] GC(196)   Merge Heap Roots: 0.1ms
[2026-03-26T14:01:30.517+0900][19.095s][info][gc,phases   ] GC(196)   Evacuate Collection Set: 0.3ms
[2026-03-26T14:01:30.517+0900][19.095s][info][gc,phases   ] GC(196)   Post Evacuate Collection Set: 0.3ms
[2026-03-26T14:01:30.517+0900][19.095s][info][gc,phases   ] GC(196)   Other: 0.1ms
[2026-03-26T14:01:30.517+0900][19.095s][info][gc,heap     ] GC(196) Eden regions: 50->0(166)
[2026-03-26T14:01:30.517+0900][19.095s][info][gc,heap     ] GC(196) Survivor regions: 0->0(22)
[2026-03-26T14:01:30.517+0900][19.095s][info][gc,heap     ] GC(196) Old regions: 1->1
[2026-03-26T14:01:30.517+0900][19.095s][info][gc,heap     ] GC(196) Humongous regions: 318->318
[2026-03-26T14:01:30.517+0900][19.095s][info][gc,metaspace] GC(196) Metaspace: 309K(512K)->309K(512K) NonClass: 292K(384K)->292K(384K) Class: 17K(128K)->17K(128K)
[2026-03-26T14:01:30.517+0900][19.095s][info][gc          ] GC(196) Pause Young (Concurrent Start) (G1 Humongous Allocation) 368M->318M(512M) 1.524ms
[2026-03-26T14:01:30.517+0900][19.095s][info][gc,cpu      ] GC(196) User=0.00s Sys=0.00s Real=0.00s
[2026-03-26T14:01:30.517+0900][19.095s][info][gc          ] GC(197) Concurrent Mark Cycle
[2026-03-26T14:01:30.517+0900][19.095s][info][gc,marking  ] GC(197) Concurrent Scan Root Regions
[2026-03-26T14:01:30.517+0900][19.095s][info][gc,marking  ] GC(197) Concurrent Scan Root Regions 0.024ms
[2026-03-26T14:01:30.517+0900][19.095s][info][gc,marking  ] GC(197) Concurrent Mark
[2026-03-26T14:01:30.517+0900][19.095s][info][gc,marking  ] GC(197) Concurrent Mark From Roots
[2026-03-26T14:01:30.517+0900][19.095s][info][gc,task     ] GC(197) Using 3 workers of 3 for marking
[2026-03-26T14:01:30.517+0900][19.097s][info][gc,marking  ] GC(197) Concurrent Mark From Roots 1.278ms
[2026-03-26T14:01:30.517+0900][19.097s][info][gc,marking  ] GC(197) Concurrent Preclean
[2026-03-26T14:01:30.517+0900][19.097s][info][gc,marking  ] GC(197) Concurrent Preclean 0.019ms
[2026-03-26T14:01:30.517+0900][19.097s][info][gc,start    ] GC(197) Pause Remark
[2026-03-26T14:01:30.517+0900][19.098s][info][gc          ] GC(197) Pause Remark 324M->324M(512M) 0.902ms
[2026-03-26T14:01:30.517+0900][19.098s][info][gc,cpu      ] GC(197) User=0.00s Sys=0.00s Real=0.00s
[2026-03-26T14:01:30.517+0900][19.098s][info][gc,marking  ] GC(197) Concurrent Mark 2.406ms
[2026-03-26T14:01:30.517+0900][19.098s][info][gc,marking  ] GC(197) Concurrent Rebuild Remembered Sets and Scrub Regions
[2026-03-26T14:01:30.517+0900][19.098s][info][gc,marking  ] GC(197) Concurrent Rebuild Remembered Sets and Scrub Regions 0.503ms
[2026-03-26T14:01:30.517+0900][19.098s][info][gc,start    ] GC(197) Pause Cleanup
[2026-03-26T14:01:30.517+0900][19.099s][info][gc          ] GC(197) Pause Cleanup 324M->324M(512M) 0.163ms
[2026-03-26T14:01:30.517+0900][19.099s][info][gc,cpu      ] GC(197) User=0.00s Sys=0.00s Real=0.00s
[2026-03-26T14:01:30.517+0900][19.099s][info][gc,marking  ] GC(197) Concurrent Clear Claimed Marks
[2026-03-26T14:01:30.517+0900][19.099s][info][gc,marking  ] GC(197) Concurrent Clear Claimed Marks 0.038ms
[2026-03-26T14:01:30.517+0900][19.099s][info][gc,marking  ] GC(197) Concurrent Cleanup for Next Mark
[2026-03-26T14:01:30.517+0900][19.099s][info][gc,marking  ] GC(197) Concurrent Cleanup for Next Mark 0.458ms
[2026-03-26T14:01:30.517+0900][19.099s][info][gc          ] GC(197) Concurrent Mark Cycle 3.892ms
[2026-03-26T14:01:30.692+0900][19.268s][info][gc,start    ] GC(198) Pause Young (Concurrent Start) (G1 Humongous Allocation)
[2026-03-26T14:01:30.692+0900][19.268s][info][gc,task     ] GC(198) Using 12 workers of 13 for evacuation
[2026-03-26T14:01:30.693+0900][19.270s][info][gc,phases   ] GC(198)   Pre Evacuate Collection Set: 0.4ms
[2026-03-26T14:01:30.693+0900][19.270s][info][gc,phases   ] GC(198)   Merge Heap Roots: 0.2ms
[2026-03-26T14:01:30.693+0900][19.270s][info][gc,phases   ] GC(198)   Evacuate Collection Set: 0.2ms
[2026-03-26T14:01:30.693+0900][19.270s][info][gc,phases   ] GC(198)   Post Evacuate Collection Set: 0.7ms
[2026-03-26T14:01:30.693+0900][19.270s][info][gc,phases   ] GC(198)   Other: 0.2ms
[2026-03-26T14:01:30.693+0900][19.270s][info][gc,heap     ] GC(198) Eden regions: 50->0(160)
[2026-03-26T14:01:30.693+0900][19.270s][info][gc,heap     ] GC(198) Survivor regions: 0->0(21)
[2026-03-26T14:01:30.693+0900][19.270s][info][gc,heap     ] GC(198) Old regions: 1->1
[2026-03-26T14:01:30.693+0900][19.270s][info][gc,heap     ] GC(198) Humongous regions: 324->324
[2026-03-26T14:01:30.693+0900][19.270s][info][gc,metaspace] GC(198) Metaspace: 309K(512K)->309K(512K) NonClass: 292K(384K)->292K(384K) Class: 17K(128K)->17K(128K)
[2026-03-26T14:01:30.693+0900][19.270s][info][gc          ] GC(198) Pause Young (Concurrent Start) (G1 Humongous Allocation) 374M->324M(512M) 2.045ms
[2026-03-26T14:01:30.693+0900][19.270s][info][gc,cpu      ] GC(198) User=0.00s Sys=0.00s Real=0.00s
[2026-03-26T14:01:30.693+0900][19.270s][info][gc          ] GC(199) Concurrent Mark Cycle
[2026-03-26T14:01:30.693+0900][19.270s][info][gc,marking  ] GC(199) Concurrent Scan Root Regions
[2026-03-26T14:01:30.693+0900][19.270s][info][gc,marking  ] GC(199) Concurrent Scan Root Regions 0.021ms
[2026-03-26T14:01:30.693+0900][19.270s][info][gc,marking  ] GC(199) Concurrent Mark
[2026-03-26T14:01:30.693+0900][19.270s][info][gc,marking  ] GC(199) Concurrent Mark From Roots
[2026-03-26T14:01:30.693+0900][19.270s][info][gc,task     ] GC(199) Using 3 workers of 3 for marking
[2026-03-26T14:01:30.693+0900][19.271s][info][gc,marking  ] GC(199) Concurrent Mark From Roots 1.297ms
[2026-03-26T14:01:30.693+0900][19.271s][info][gc,marking  ] GC(199) Concurrent Preclean
[2026-03-26T14:01:30.693+0900][19.271s][info][gc,marking  ] GC(199) Concurrent Preclean 0.018ms
[2026-03-26T14:01:30.693+0900][19.272s][info][gc,start    ] GC(199) Pause Remark
[2026-03-26T14:01:30.693+0900][19.272s][info][gc          ] GC(199) Pause Remark 330M->330M(512M) 0.692ms
[2026-03-26T14:01:30.693+0900][19.272s][info][gc,cpu      ] GC(199) User=0.00s Sys=0.00s Real=0.00s
[2026-03-26T14:01:30.693+0900][19.272s][info][gc,marking  ] GC(199) Concurrent Mark 2.254ms
[2026-03-26T14:01:30.693+0900][19.272s][info][gc,marking  ] GC(199) Concurrent Rebuild Remembered Sets and Scrub Regions
[2026-03-26T14:01:30.693+0900][19.273s][info][gc,marking  ] GC(199) Concurrent Rebuild Remembered Sets and Scrub Regions 0.545ms
[2026-03-26T14:01:30.693+0900][19.273s][info][gc,start    ] GC(199) Pause Cleanup
[2026-03-26T14:01:30.693+0900][19.273s][info][gc          ] GC(199) Pause Cleanup 330M->330M(512M) 0.242ms
[2026-03-26T14:01:30.693+0900][19.273s][info][gc,cpu      ] GC(199) User=0.00s Sys=0.00s Real=0.00s
[2026-03-26T14:01:30.693+0900][19.273s][info][gc,marking  ] GC(199) Concurrent Clear Claimed Marks
[2026-03-26T14:01:30.693+0900][19.274s][info][gc,marking  ] GC(199) Concurrent Clear Claimed Marks 0.053ms
[2026-03-26T14:01:30.693+0900][19.274s][info][gc,marking  ] GC(199) Concurrent Cleanup for Next Mark
[2026-03-26T14:01:30.693+0900][19.274s][info][gc,marking  ] GC(199) Concurrent Cleanup for Next Mark 0.370ms
[2026-03-26T14:01:30.693+0900][19.274s][info][gc          ] GC(199) Concurrent Mark Cycle 3.997ms
[2026-03-26T14:01:30.852+0900][19.428s][info][gc,start    ] GC(200) Pause Young (Concurrent Start) (G1 Humongous Allocation)
[2026-03-26T14:01:30.852+0900][19.428s][info][gc,task     ] GC(200) Using 12 workers of 13 for evacuation
[2026-03-26T14:01:30.852+0900][19.430s][info][gc,phases   ] GC(200)   Pre Evacuate Collection Set: 0.4ms
[2026-03-26T14:01:30.852+0900][19.430s][info][gc,phases   ] GC(200)   Merge Heap Roots: 0.3ms
[2026-03-26T14:01:30.852+0900][19.430s][info][gc,phases   ] GC(200)   Evacuate Collection Set: 0.3ms
[2026-03-26T14:01:30.852+0900][19.430s][info][gc,phases   ] GC(200)   Post Evacuate Collection Set: 0.8ms
[2026-03-26T14:01:30.852+0900][19.430s][info][gc,phases   ] GC(200)   Other: 0.2ms
[2026-03-26T14:01:30.852+0900][19.430s][info][gc,heap     ] GC(200) Eden regions: 50->0(154)
[2026-03-26T14:01:30.852+0900][19.430s][info][gc,heap     ] GC(200) Survivor regions: 0->0(20)
[2026-03-26T14:01:30.852+0900][19.430s][info][gc,heap     ] GC(200) Old regions: 1->1
[2026-03-26T14:01:30.852+0900][19.430s][info][gc,heap     ] GC(200) Humongous regions: 330->330
[2026-03-26T14:01:30.855+0900][19.431s][info][gc,metaspace] GC(200) Metaspace: 309K(512K)->309K(512K) NonClass: 292K(384K)->292K(384K) Class: 17K(128K)->17K(128K)
[2026-03-26T14:01:30.855+0900][19.431s][info][gc          ] GC(200) Pause Young (Concurrent Start) (G1 Humongous Allocation) 380M->330M(512M) 2.392ms
[2026-03-26T14:01:30.855+0900][19.431s][info][gc,cpu      ] GC(200) User=0.00s Sys=0.00s Real=0.00s
[2026-03-26T14:01:30.855+0900][19.431s][info][gc          ] GC(201) Concurrent Mark Cycle
[2026-03-26T14:01:30.855+0900][19.431s][info][gc,marking  ] GC(201) Concurrent Scan Root Regions
[2026-03-26T14:01:30.855+0900][19.431s][info][gc,marking  ] GC(201) Concurrent Scan Root Regions 0.083ms
[2026-03-26T14:01:30.855+0900][19.431s][info][gc,marking  ] GC(201) Concurrent Mark
[2026-03-26T14:01:30.855+0900][19.431s][info][gc,marking  ] GC(201) Concurrent Mark From Roots
[2026-03-26T14:01:30.855+0900][19.431s][info][gc,task     ] GC(201) Using 3 workers of 3 for marking
[2026-03-26T14:01:30.856+0900][19.432s][info][gc,marking  ] GC(201) Concurrent Mark From Roots 1.580ms
[2026-03-26T14:01:30.856+0900][19.433s][info][gc,marking  ] GC(201) Concurrent Preclean
[2026-03-26T14:01:30.856+0900][19.433s][info][gc,marking  ] GC(201) Concurrent Preclean 0.027ms
[2026-03-26T14:01:30.856+0900][19.433s][info][gc,start    ] GC(201) Pause Remark
[2026-03-26T14:01:30.856+0900][19.434s][info][gc          ] GC(201) Pause Remark 336M->336M(512M) 1.032ms
[2026-03-26T14:01:30.856+0900][19.434s][info][gc,cpu      ] GC(201) User=0.00s Sys=0.00s Real=0.00s
[2026-03-26T14:01:30.856+0900][19.434s][info][gc,marking  ] GC(201) Concurrent Mark 3.095ms
[2026-03-26T14:01:30.856+0900][19.434s][info][gc,marking  ] GC(201) Concurrent Rebuild Remembered Sets and Scrub Regions
[2026-03-26T14:01:30.856+0900][19.435s][info][gc,marking  ] GC(201) Concurrent Rebuild Remembered Sets and Scrub Regions 0.736ms
[2026-03-26T14:01:30.856+0900][19.435s][info][gc,start    ] GC(201) Pause Cleanup
[2026-03-26T14:01:30.856+0900][19.435s][info][gc          ] GC(201) Pause Cleanup 336M->336M(512M) 0.268ms
[2026-03-26T14:01:30.856+0900][19.435s][info][gc,cpu      ] GC(201) User=0.00s Sys=0.00s Real=0.00s
[2026-03-26T14:01:30.856+0900][19.435s][info][gc,marking  ] GC(201) Concurrent Clear Claimed Marks
[2026-03-26T14:01:30.856+0900][19.435s][info][gc,marking  ] GC(201) Concurrent Clear Claimed Marks 0.058ms
[2026-03-26T14:01:30.856+0900][19.435s][info][gc,marking  ] GC(201) Concurrent Cleanup for Next Mark
[2026-03-26T14:01:30.856+0900][19.436s][info][gc,marking  ] GC(201) Concurrent Cleanup for Next Mark 0.384ms
[2026-03-26T14:01:30.861+0900][19.436s][info][gc          ] GC(201) Concurrent Mark Cycle 5.235ms
[2026-03-26T14:01:31.011+0900][19.587s][info][gc,start    ] GC(202) Pause Young (Concurrent Start) (G1 Humongous Allocation)
[2026-03-26T14:01:31.011+0900][19.587s][info][gc,task     ] GC(202) Using 12 workers of 13 for evacuation
[2026-03-26T14:01:31.011+0900][19.588s][info][gc,phases   ] GC(202)   Pre Evacuate Collection Set: 0.3ms
[2026-03-26T14:01:31.011+0900][19.589s][info][gc,phases   ] GC(202)   Merge Heap Roots: 0.2ms
[2026-03-26T14:01:31.011+0900][19.589s][info][gc,phases   ] GC(202)   Evacuate Collection Set: 0.3ms
[2026-03-26T14:01:31.011+0900][19.589s][info][gc,phases   ] GC(202)   Post Evacuate Collection Set: 0.6ms
[2026-03-26T14:01:31.011+0900][19.589s][info][gc,phases   ] GC(202)   Other: 0.2ms
[2026-03-26T14:01:31.011+0900][19.589s][info][gc,heap     ] GC(202) Eden regions: 50->0(148)
[2026-03-26T14:01:31.011+0900][19.589s][info][gc,heap     ] GC(202) Survivor regions: 0->0(20)
[2026-03-26T14:01:31.011+0900][19.589s][info][gc,heap     ] GC(202) Old regions: 1->1
[2026-03-26T14:01:31.011+0900][19.589s][info][gc,heap     ] GC(202) Humongous regions: 336->336
[2026-03-26T14:01:31.011+0900][19.589s][info][gc,metaspace] GC(202) Metaspace: 309K(512K)->309K(512K) NonClass: 292K(384K)->292K(384K) Class: 17K(128K)->17K(128K)
[2026-03-26T14:01:31.011+0900][19.589s][info][gc          ] GC(202) Pause Young (Concurrent Start) (G1 Humongous Allocation) 386M->336M(512M) 2.054ms
[2026-03-26T14:01:31.011+0900][19.589s][info][gc,cpu      ] GC(202) User=0.00s Sys=0.00s Real=0.00s
[2026-03-26T14:01:31.011+0900][19.589s][info][gc          ] GC(203) Concurrent Mark Cycle
[2026-03-26T14:01:31.011+0900][19.589s][info][gc,marking  ] GC(203) Concurrent Scan Root Regions
[2026-03-26T14:01:31.011+0900][19.589s][info][gc,marking  ] GC(203) Concurrent Scan Root Regions 0.023ms
[2026-03-26T14:01:31.011+0900][19.589s][info][gc,marking  ] GC(203) Concurrent Mark
[2026-03-26T14:01:31.011+0900][19.589s][info][gc,marking  ] GC(203) Concurrent Mark From Roots
[2026-03-26T14:01:31.011+0900][19.589s][info][gc,task     ] GC(203) Using 3 workers of 3 for marking
[2026-03-26T14:01:31.015+0900][19.590s][info][gc,marking  ] GC(203) Concurrent Mark From Roots 1.354ms
[2026-03-26T14:01:31.015+0900][19.591s][info][gc,marking  ] GC(203) Concurrent Preclean
[2026-03-26T14:01:31.015+0900][19.591s][info][gc,marking  ] GC(203) Concurrent Preclean 0.023ms
[2026-03-26T14:01:31.015+0900][19.591s][info][gc,start    ] GC(203) Pause Remark
[2026-03-26T14:01:31.015+0900][19.591s][info][gc          ] GC(203) Pause Remark 342M->342M(512M) 0.840ms
[2026-03-26T14:01:31.015+0900][19.591s][info][gc,cpu      ] GC(203) User=0.00s Sys=0.00s Real=0.00s
[2026-03-26T14:01:31.015+0900][19.592s][info][gc,marking  ] GC(203) Concurrent Mark 2.468ms
[2026-03-26T14:01:31.015+0900][19.592s][info][gc,marking  ] GC(203) Concurrent Rebuild Remembered Sets and Scrub Regions
[2026-03-26T14:01:31.015+0900][19.592s][info][gc,marking  ] GC(203) Concurrent Rebuild Remembered Sets and Scrub Regions 0.681ms
[2026-03-26T14:01:31.015+0900][19.592s][info][gc,start    ] GC(203) Pause Cleanup
[2026-03-26T14:01:31.015+0900][19.593s][info][gc          ] GC(203) Pause Cleanup 342M->342M(512M) 0.151ms
[2026-03-26T14:01:31.015+0900][19.593s][info][gc,cpu      ] GC(203) User=0.00s Sys=0.00s Real=0.00s
[2026-03-26T14:01:31.015+0900][19.593s][info][gc,marking  ] GC(203) Concurrent Clear Claimed Marks
[2026-03-26T14:01:31.015+0900][19.593s][info][gc,marking  ] GC(203) Concurrent Clear Claimed Marks 0.041ms
[2026-03-26T14:01:31.015+0900][19.593s][info][gc,marking  ] GC(203) Concurrent Cleanup for Next Mark
[2026-03-26T14:01:31.015+0900][19.593s][info][gc,marking  ] GC(203) Concurrent Cleanup for Next Mark 0.448ms
[2026-03-26T14:01:31.015+0900][19.593s][info][gc          ] GC(203) Concurrent Mark Cycle 4.313ms
[2026-03-26T14:01:31.169+0900][19.745s][info][gc,start    ] GC(204) Pause Young (Concurrent Start) (G1 Humongous Allocation)
[2026-03-26T14:01:31.170+0900][19.745s][info][gc,task     ] GC(204) Using 12 workers of 13 for evacuation
[2026-03-26T14:01:31.171+0900][19.747s][info][gc,phases   ] GC(204)   Pre Evacuate Collection Set: 0.3ms
[2026-03-26T14:01:31.171+0900][19.747s][info][gc,phases   ] GC(204)   Merge Heap Roots: 0.1ms
[2026-03-26T14:01:31.171+0900][19.747s][info][gc,phases   ] GC(204)   Evacuate Collection Set: 0.3ms
[2026-03-26T14:01:31.171+0900][19.747s][info][gc,phases   ] GC(204)   Post Evacuate Collection Set: 0.3ms
[2026-03-26T14:01:31.171+0900][19.747s][info][gc,phases   ] GC(204)   Other: 0.1ms
[2026-03-26T14:01:31.171+0900][19.747s][info][gc,heap     ] GC(204) Eden regions: 50->0(142)
[2026-03-26T14:01:31.171+0900][19.747s][info][gc,heap     ] GC(204) Survivor regions: 0->0(19)
[2026-03-26T14:01:31.171+0900][19.747s][info][gc,heap     ] GC(204) Old regions: 1->1
[2026-03-26T14:01:31.171+0900][19.747s][info][gc,heap     ] GC(204) Humongous regions: 342->342
[2026-03-26T14:01:31.171+0900][19.747s][info][gc,metaspace] GC(204) Metaspace: 309K(512K)->309K(512K) NonClass: 292K(384K)->292K(384K) Class: 17K(128K)->17K(128K)
[2026-03-26T14:01:31.171+0900][19.747s][info][gc          ] GC(204) Pause Young (Concurrent Start) (G1 Humongous Allocation) 392M->342M(512M) 1.681ms
[2026-03-26T14:01:31.171+0900][19.747s][info][gc,cpu      ] GC(204) User=0.00s Sys=0.00s Real=0.00s
[2026-03-26T14:01:31.171+0900][19.747s][info][gc          ] GC(205) Concurrent Mark Cycle
[2026-03-26T14:01:31.171+0900][19.747s][info][gc,marking  ] GC(205) Concurrent Scan Root Regions
[2026-03-26T14:01:31.171+0900][19.747s][info][gc,marking  ] GC(205) Concurrent Scan Root Regions 0.028ms
[2026-03-26T14:01:31.171+0900][19.747s][info][gc,marking  ] GC(205) Concurrent Mark
[2026-03-26T14:01:31.172+0900][19.747s][info][gc,marking  ] GC(205) Concurrent Mark From Roots
[2026-03-26T14:01:31.172+0900][19.747s][info][gc,task     ] GC(205) Using 3 workers of 3 for marking
[2026-03-26T14:01:31.172+0900][19.749s][info][gc,marking  ] GC(205) Concurrent Mark From Roots 1.868ms
[2026-03-26T14:01:31.172+0900][19.749s][info][gc,marking  ] GC(205) Concurrent Preclean
[2026-03-26T14:01:31.172+0900][19.749s][info][gc,marking  ] GC(205) Concurrent Preclean 0.024ms
[2026-03-26T14:01:31.174+0900][19.749s][info][gc,start    ] GC(205) Pause Remark
[2026-03-26T14:01:31.174+0900][19.750s][info][gc          ] GC(205) Pause Remark 348M->348M(512M) 1.033ms
[2026-03-26T14:01:31.174+0900][19.750s][info][gc,cpu      ] GC(205) User=0.00s Sys=0.00s Real=0.00s
[2026-03-26T14:01:31.174+0900][19.750s][info][gc,marking  ] GC(205) Concurrent Mark 3.193ms
[2026-03-26T14:01:31.174+0900][19.750s][info][gc,marking  ] GC(205) Concurrent Rebuild Remembered Sets and Scrub Regions
[2026-03-26T14:01:31.174+0900][19.751s][info][gc,marking  ] GC(205) Concurrent Rebuild Remembered Sets and Scrub Regions 0.598ms
[2026-03-26T14:01:31.174+0900][19.751s][info][gc,start    ] GC(205) Pause Cleanup
[2026-03-26T14:01:31.176+0900][19.751s][info][gc          ] GC(205) Pause Cleanup 348M->348M(512M) 0.162ms
[2026-03-26T14:01:31.176+0900][19.751s][info][gc,cpu      ] GC(205) User=0.00s Sys=0.00s Real=0.00s
[2026-03-26T14:01:31.176+0900][19.751s][info][gc,marking  ] GC(205) Concurrent Clear Claimed Marks
[2026-03-26T14:01:31.176+0900][19.751s][info][gc,marking  ] GC(205) Concurrent Clear Claimed Marks 0.040ms
[2026-03-26T14:01:31.176+0900][19.751s][info][gc,marking  ] GC(205) Concurrent Cleanup for Next Mark
[2026-03-26T14:01:31.177+0900][19.752s][info][gc,marking  ] GC(205) Concurrent Cleanup for Next Mark 0.345ms
[2026-03-26T14:01:31.177+0900][19.752s][info][gc          ] GC(205) Concurrent Mark Cycle 4.794ms
[2026-03-26T14:01:31.327+0900][19.903s][info][gc,start    ] GC(206) Pause Young (Concurrent Start) (G1 Humongous Allocation)
[2026-03-26T14:01:31.327+0900][19.903s][info][gc,task     ] GC(206) Using 12 workers of 13 for evacuation
[2026-03-26T14:01:31.327+0900][19.905s][info][gc,phases   ] GC(206)   Pre Evacuate Collection Set: 0.4ms
[2026-03-26T14:01:31.327+0900][19.906s][info][gc,phases   ] GC(206)   Merge Heap Roots: 0.2ms
[2026-03-26T14:01:31.327+0900][19.906s][info][gc,phases   ] GC(206)   Evacuate Collection Set: 0.3ms
[2026-03-26T14:01:31.327+0900][19.906s][info][gc,phases   ] GC(206)   Post Evacuate Collection Set: 0.8ms
[2026-03-26T14:01:31.327+0900][19.906s][info][gc,phases   ] GC(206)   Other: 0.3ms
[2026-03-26T14:01:31.327+0900][19.906s][info][gc,heap     ] GC(206) Eden regions: 50->0(134)
[2026-03-26T14:01:31.327+0900][19.906s][info][gc,heap     ] GC(206) Survivor regions: 0->1(18)
[2026-03-26T14:01:31.327+0900][19.906s][info][gc,heap     ] GC(206) Old regions: 1->1
[2026-03-26T14:01:31.327+0900][19.906s][info][gc,heap     ] GC(206) Humongous regions: 348->348
[2026-03-26T14:01:31.327+0900][19.906s][info][gc,metaspace] GC(206) Metaspace: 322K(512K)->322K(512K) NonClass: 305K(384K)->305K(384K) Class: 17K(128K)->17K(128K)
[2026-03-26T14:01:31.327+0900][19.906s][info][gc          ] GC(206) Pause Young (Concurrent Start) (G1 Humongous Allocation) 398M->348M(512M) 2.482ms
[2026-03-26T14:01:31.327+0900][19.906s][info][gc,cpu      ] GC(206) User=0.00s Sys=0.00s Real=0.00s
[2026-03-26T14:01:31.327+0900][19.906s][info][gc          ] GC(207) Concurrent Mark Cycle
[2026-03-26T14:01:31.327+0900][19.906s][info][gc,marking  ] GC(207) Concurrent Scan Root Regions
[2026-03-26T14:01:31.327+0900][19.906s][info][gc,marking  ] GC(207) Concurrent Scan Root Regions 0.257ms
[2026-03-26T14:01:31.327+0900][19.906s][info][gc,marking  ] GC(207) Concurrent Mark
[2026-03-26T14:01:31.327+0900][19.906s][info][gc,marking  ] GC(207) Concurrent Mark From Roots
[2026-03-26T14:01:31.327+0900][19.906s][info][gc,task     ] GC(207) Using 3 workers of 3 for marking
[2026-03-26T14:01:31.333+0900][19.908s][info][gc,marking  ] GC(207) Concurrent Mark From Roots 1.836ms
[2026-03-26T14:01:31.333+0900][19.908s][info][gc,marking  ] GC(207) Concurrent Preclean
[2026-03-26T14:01:31.333+0900][19.908s][info][gc,marking  ] GC(207) Concurrent Preclean 0.035ms
[2026-03-26T14:01:31.333+0900][19.908s][info][gc,start    ] GC(207) Pause Remark
[2026-03-26T14:01:31.333+0900][19.909s][info][gc          ] GC(207) Pause Remark 354M->354M(512M) 0.978ms
[2026-03-26T14:01:31.333+0900][19.909s][info][gc,cpu      ] GC(207) User=0.00s Sys=0.00s Real=0.00s
[2026-03-26T14:01:31.333+0900][19.909s][info][gc,marking  ] GC(207) Concurrent Mark 3.144ms
[2026-03-26T14:01:31.333+0900][19.910s][info][gc,marking  ] GC(207) Concurrent Rebuild Remembered Sets and Scrub Regions
[2026-03-26T14:01:31.333+0900][19.910s][info][gc,marking  ] GC(207) Concurrent Rebuild Remembered Sets and Scrub Regions 0.611ms
[2026-03-26T14:01:31.333+0900][19.910s][info][gc,start    ] GC(207) Pause Cleanup
[2026-03-26T14:01:31.333+0900][19.911s][info][gc          ] GC(207) Pause Cleanup 354M->354M(512M) 0.189ms
[2026-03-26T14:01:31.333+0900][19.911s][info][gc,cpu      ] GC(207) User=0.00s Sys=0.00s Real=0.00s
[2026-03-26T14:01:31.333+0900][19.911s][info][gc,marking  ] GC(207) Concurrent Clear Claimed Marks
[2026-03-26T14:01:31.333+0900][19.911s][info][gc,marking  ] GC(207) Concurrent Clear Claimed Marks 0.067ms
[2026-03-26T14:01:31.333+0900][19.911s][info][gc,marking  ] GC(207) Concurrent Cleanup for Next Mark
[2026-03-26T14:01:31.333+0900][19.911s][info][gc,marking  ] GC(207) Concurrent Cleanup for Next Mark 0.383ms
[2026-03-26T14:01:31.333+0900][19.911s][info][gc          ] GC(207) Concurrent Mark Cycle 5.360ms
[2026-03-26T14:01:31.486+0900][20.063s][info][gc,start    ] GC(208) Pause Young (Concurrent Start) (G1 Humongous Allocation)
[2026-03-26T14:01:31.486+0900][20.063s][info][gc,task     ] GC(208) Using 12 workers of 13 for evacuation
[2026-03-26T14:01:31.489+0900][20.065s][info][gc,phases   ] GC(208)   Pre Evacuate Collection Set: 0.3ms
[2026-03-26T14:01:31.489+0900][20.065s][info][gc,phases   ] GC(208)   Merge Heap Roots: 0.2ms
[2026-03-26T14:01:31.489+0900][20.065s][info][gc,phases   ] GC(208)   Evacuate Collection Set: 0.4ms
[2026-03-26T14:01:31.489+0900][20.065s][info][gc,phases   ] GC(208)   Post Evacuate Collection Set: 0.3ms
[2026-03-26T14:01:31.489+0900][20.065s][info][gc,phases   ] GC(208)   Other: 0.1ms
[2026-03-26T14:01:31.489+0900][20.065s][info][gc,heap     ] GC(208) Eden regions: 50->0(128)
[2026-03-26T14:01:31.489+0900][20.065s][info][gc,heap     ] GC(208) Survivor regions: 1->1(17)
[2026-03-26T14:01:31.489+0900][20.065s][info][gc,heap     ] GC(208) Old regions: 1->1
[2026-03-26T14:01:31.489+0900][20.065s][info][gc,heap     ] GC(208) Humongous regions: 354->354
[2026-03-26T14:01:31.490+0900][20.065s][info][gc,metaspace] GC(208) Metaspace: 322K(512K)->322K(512K) NonClass: 305K(384K)->305K(384K) Class: 17K(128K)->17K(128K)
[2026-03-26T14:01:31.490+0900][20.065s][info][gc          ] GC(208) Pause Young (Concurrent Start) (G1 Humongous Allocation) 404M->354M(512M) 1.770ms
[2026-03-26T14:01:31.490+0900][20.065s][info][gc,cpu      ] GC(208) User=0.00s Sys=0.00s Real=0.00s
[2026-03-26T14:01:31.490+0900][20.065s][info][gc          ] GC(209) Concurrent Mark Cycle
[2026-03-26T14:01:31.490+0900][20.065s][info][gc,marking  ] GC(209) Concurrent Scan Root Regions
[2026-03-26T14:01:31.490+0900][20.065s][info][gc,marking  ] GC(209) Concurrent Scan Root Regions 0.076ms
[2026-03-26T14:01:31.490+0900][20.065s][info][gc,marking  ] GC(209) Concurrent Mark
[2026-03-26T14:01:31.490+0900][20.065s][info][gc,marking  ] GC(209) Concurrent Mark From Roots
[2026-03-26T14:01:31.490+0900][20.065s][info][gc,task     ] GC(209) Using 3 workers of 3 for marking
[2026-03-26T14:01:31.491+0900][20.067s][info][gc,marking  ] GC(209) Concurrent Mark From Roots 1.515ms
[2026-03-26T14:01:31.491+0900][20.067s][info][gc,marking  ] GC(209) Concurrent Preclean
[2026-03-26T14:01:31.491+0900][20.067s][info][gc,marking  ] GC(209) Concurrent Preclean 0.028ms
[2026-03-26T14:01:31.491+0900][20.067s][info][gc,start    ] GC(209) Pause Remark
[2026-03-26T14:01:31.491+0900][20.068s][info][gc          ] GC(209) Pause Remark 361M->361M(512M) 0.960ms
[2026-03-26T14:01:31.491+0900][20.068s][info][gc,cpu      ] GC(209) User=0.00s Sys=0.00s Real=0.00s
[2026-03-26T14:01:31.491+0900][20.068s][info][gc,marking  ] GC(209) Concurrent Mark 2.871ms
[2026-03-26T14:01:31.491+0900][20.068s][info][gc,marking  ] GC(209) Concurrent Rebuild Remembered Sets and Scrub Regions
[2026-03-26T14:01:31.491+0900][20.069s][info][gc,marking  ] GC(209) Concurrent Rebuild Remembered Sets and Scrub Regions 0.707ms
[2026-03-26T14:01:31.491+0900][20.069s][info][gc,start    ] GC(209) Pause Cleanup
[2026-03-26T14:01:31.491+0900][20.069s][info][gc          ] GC(209) Pause Cleanup 361M->361M(512M) 0.172ms
[2026-03-26T14:01:31.491+0900][20.069s][info][gc,cpu      ] GC(209) User=0.00s Sys=0.00s Real=0.00s
[2026-03-26T14:01:31.491+0900][20.069s][info][gc,marking  ] GC(209) Concurrent Clear Claimed Marks
[2026-03-26T14:01:31.491+0900][20.070s][info][gc,marking  ] GC(209) Concurrent Clear Claimed Marks 0.067ms
[2026-03-26T14:01:31.491+0900][20.070s][info][gc,marking  ] GC(209) Concurrent Cleanup for Next Mark
[2026-03-26T14:01:31.495+0900][20.070s][info][gc,marking  ] GC(209) Concurrent Cleanup for Next Mark 0.442ms
[2026-03-26T14:01:31.495+0900][20.070s][info][gc          ] GC(209) Concurrent Mark Cycle 5.000ms
[2026-03-26T14:01:31.644+0900][20.221s][info][gc,start    ] GC(210) Pause Young (Concurrent Start) (G1 Humongous Allocation)
[2026-03-26T14:01:31.644+0900][20.221s][info][gc,task     ] GC(210) Using 12 workers of 13 for evacuation
[2026-03-26T14:01:31.644+0900][20.221s][info][gc,phases   ] GC(210)   Pre Evacuate Collection Set: 0.2ms
[2026-03-26T14:01:31.646+0900][20.221s][info][gc,phases   ] GC(210)   Merge Heap Roots: 0.1ms
[2026-03-26T14:01:31.646+0900][20.221s][info][gc,phases   ] GC(210)   Evacuate Collection Set: 0.2ms
[2026-03-26T14:01:31.646+0900][20.221s][info][gc,phases   ] GC(210)   Post Evacuate Collection Set: 0.2ms
[2026-03-26T14:01:31.646+0900][20.221s][info][gc,phases   ] GC(210)   Other: 0.1ms
[2026-03-26T14:01:31.646+0900][20.221s][info][gc,heap     ] GC(210) Eden regions: 50->0(122)
[2026-03-26T14:01:31.646+0900][20.221s][info][gc,heap     ] GC(210) Survivor regions: 1->1(17)
[2026-03-26T14:01:31.646+0900][20.221s][info][gc,heap     ] GC(210) Old regions: 1->1
[2026-03-26T14:01:31.646+0900][20.221s][info][gc,heap     ] GC(210) Humongous regions: 360->360
[2026-03-26T14:01:31.646+0900][20.221s][info][gc,metaspace] GC(210) Metaspace: 322K(512K)->322K(512K) NonClass: 305K(384K)->305K(384K) Class: 17K(128K)->17K(128K)
[2026-03-26T14:01:31.646+0900][20.222s][info][gc          ] GC(210) Pause Young (Concurrent Start) (G1 Humongous Allocation) 410M->360M(512M) 0.945ms
[2026-03-26T14:01:31.646+0900][20.222s][info][gc,cpu      ] GC(210) User=0.00s Sys=0.00s Real=0.00s
[2026-03-26T14:01:31.646+0900][20.222s][info][gc          ] GC(211) Concurrent Mark Cycle
[2026-03-26T14:01:31.646+0900][20.222s][info][gc,marking  ] GC(211) Concurrent Scan Root Regions
[2026-03-26T14:01:31.646+0900][20.222s][info][gc,marking  ] GC(211) Concurrent Scan Root Regions 0.029ms
[2026-03-26T14:01:31.646+0900][20.222s][info][gc,marking  ] GC(211) Concurrent Mark
[2026-03-26T14:01:31.646+0900][20.222s][info][gc,marking  ] GC(211) Concurrent Mark From Roots
[2026-03-26T14:01:31.646+0900][20.222s][info][gc,task     ] GC(211) Using 3 workers of 3 for marking
[2026-03-26T14:01:31.646+0900][20.223s][info][gc,marking  ] GC(211) Concurrent Mark From Roots 0.850ms
[2026-03-26T14:01:31.646+0900][20.223s][info][gc,marking  ] GC(211) Concurrent Preclean
[2026-03-26T14:01:31.646+0900][20.223s][info][gc,marking  ] GC(211) Concurrent Preclean 0.018ms
[2026-03-26T14:01:31.646+0900][20.223s][info][gc,start    ] GC(211) Pause Remark
[2026-03-26T14:01:31.646+0900][20.223s][info][gc          ] GC(211) Pause Remark 366M->366M(512M) 0.536ms
[2026-03-26T14:01:31.646+0900][20.223s][info][gc,cpu      ] GC(211) User=0.00s Sys=0.00s Real=0.00s
[2026-03-26T14:01:31.646+0900][20.223s][info][gc,marking  ] GC(211) Concurrent Mark 1.558ms
[2026-03-26T14:01:31.646+0900][20.223s][info][gc,marking  ] GC(211) Concurrent Rebuild Remembered Sets and Scrub Regions
[2026-03-26T14:01:31.648+0900][20.224s][info][gc,marking  ] GC(211) Concurrent Rebuild Remembered Sets and Scrub Regions 0.397ms
[2026-03-26T14:01:31.648+0900][20.224s][info][gc,start    ] GC(211) Pause Cleanup
[2026-03-26T14:01:31.648+0900][20.224s][info][gc          ] GC(211) Pause Cleanup 366M->366M(512M) 0.102ms
[2026-03-26T14:01:31.648+0900][20.224s][info][gc,cpu      ] GC(211) User=0.00s Sys=0.00s Real=0.00s
[2026-03-26T14:01:31.648+0900][20.224s][info][gc,marking  ] GC(211) Concurrent Clear Claimed Marks
[2026-03-26T14:01:31.648+0900][20.224s][info][gc,marking  ] GC(211) Concurrent Clear Claimed Marks 0.025ms
[2026-03-26T14:01:31.648+0900][20.224s][info][gc,marking  ] GC(211) Concurrent Cleanup for Next Mark
[2026-03-26T14:01:31.648+0900][20.224s][info][gc,marking  ] GC(211) Concurrent Cleanup for Next Mark 0.377ms
[2026-03-26T14:01:31.648+0900][20.224s][info][gc          ] GC(211) Concurrent Mark Cycle 2.811ms
[2026-03-26T14:01:31.803+0900][20.379s][info][gc,start    ] GC(212) Pause Young (Concurrent Start) (G1 Humongous Allocation)
[2026-03-26T14:01:31.803+0900][20.379s][info][gc,task     ] GC(212) Using 12 workers of 13 for evacuation
[2026-03-26T14:01:31.803+0900][20.380s][info][gc,phases   ] GC(212)   Pre Evacuate Collection Set: 0.2ms
[2026-03-26T14:01:31.803+0900][20.380s][info][gc,phases   ] GC(212)   Merge Heap Roots: 0.1ms
[2026-03-26T14:01:31.803+0900][20.380s][info][gc,phases   ] GC(212)   Evacuate Collection Set: 0.2ms
[2026-03-26T14:01:31.803+0900][20.380s][info][gc,phases   ] GC(212)   Post Evacuate Collection Set: 0.2ms
[2026-03-26T14:01:31.803+0900][20.380s][info][gc,phases   ] GC(212)   Other: 0.1ms
[2026-03-26T14:01:31.803+0900][20.380s][info][gc,heap     ] GC(212) Eden regions: 50->0(206)
[2026-03-26T14:01:31.803+0900][20.380s][info][gc,heap     ] GC(212) Survivor regions: 1->1(16)
[2026-03-26T14:01:31.803+0900][20.380s][info][gc,heap     ] GC(212) Old regions: 1->1
[2026-03-26T14:01:31.803+0900][20.380s][info][gc,heap     ] GC(212) Humongous regions: 366->276
[2026-03-26T14:01:31.803+0900][20.380s][info][gc,metaspace] GC(212) Metaspace: 322K(512K)->322K(512K) NonClass: 305K(384K)->305K(384K) Class: 17K(128K)->17K(128K)
[2026-03-26T14:01:31.803+0900][20.380s][info][gc          ] GC(212) Pause Young (Concurrent Start) (G1 Humongous Allocation) 416M->276M(512M) 1.092ms
[2026-03-26T14:01:31.803+0900][20.380s][info][gc,cpu      ] GC(212) User=0.00s Sys=0.00s Real=0.00s
[2026-03-26T14:01:31.803+0900][20.380s][info][gc          ] GC(213) Concurrent Mark Cycle
[2026-03-26T14:01:31.803+0900][20.380s][info][gc,marking  ] GC(213) Concurrent Scan Root Regions
[2026-03-26T14:01:31.805+0900][20.380s][info][gc,marking  ] GC(213) Concurrent Scan Root Regions 0.049ms
[2026-03-26T14:01:31.805+0900][20.380s][info][gc,marking  ] GC(213) Concurrent Mark
[2026-03-26T14:01:31.805+0900][20.380s][info][gc,marking  ] GC(213) Concurrent Mark From Roots
[2026-03-26T14:01:31.805+0900][20.380s][info][gc,task     ] GC(213) Using 3 workers of 3 for marking
[2026-03-26T14:01:31.805+0900][20.381s][info][gc,marking  ] GC(213) Concurrent Mark From Roots 1.035ms
[2026-03-26T14:01:31.805+0900][20.382s][info][gc,marking  ] GC(213) Concurrent Preclean
[2026-03-26T14:01:31.805+0900][20.382s][info][gc,marking  ] GC(213) Concurrent Preclean 0.018ms
[2026-03-26T14:01:31.805+0900][20.382s][info][gc,start    ] GC(213) Pause Remark
[2026-03-26T14:01:31.805+0900][20.382s][info][gc          ] GC(213) Pause Remark 282M->282M(512M) 0.584ms
[2026-03-26T14:01:31.805+0900][20.382s][info][gc,cpu      ] GC(213) User=0.00s Sys=0.00s Real=0.00s
[2026-03-26T14:01:31.807+0900][20.383s][info][gc,marking  ] GC(213) Concurrent Mark 2.422ms
[2026-03-26T14:01:31.807+0900][20.383s][info][gc,marking  ] GC(213) Concurrent Rebuild Remembered Sets and Scrub Regions
[2026-03-26T14:01:31.807+0900][20.383s][info][gc,marking  ] GC(213) Concurrent Rebuild Remembered Sets and Scrub Regions 0.436ms
[2026-03-26T14:01:31.807+0900][20.383s][info][gc,start    ] GC(213) Pause Cleanup
[2026-03-26T14:01:31.807+0900][20.383s][info][gc          ] GC(213) Pause Cleanup 282M->282M(512M) 0.077ms
[2026-03-26T14:01:31.807+0900][20.383s][info][gc,cpu      ] GC(213) User=0.00s Sys=0.00s Real=0.00s
[2026-03-26T14:01:31.807+0900][20.383s][info][gc,marking  ] GC(213) Concurrent Clear Claimed Marks
[2026-03-26T14:01:31.807+0900][20.384s][info][gc,marking  ] GC(213) Concurrent Clear Claimed Marks 0.014ms
[2026-03-26T14:01:31.807+0900][20.384s][info][gc,marking  ] GC(213) Concurrent Cleanup for Next Mark
[2026-03-26T14:01:31.807+0900][20.384s][info][gc,marking  ] GC(213) Concurrent Cleanup for Next Mark 0.451ms
[2026-03-26T14:01:31.807+0900][20.384s][info][gc          ] GC(213) Concurrent Mark Cycle 3.711ms
[2026-03-26T14:01:31.961+0900][20.537s][info][gc,start    ] GC(214) Pause Young (Concurrent Start) (G1 Humongous Allocation)
[2026-03-26T14:01:31.961+0900][20.537s][info][gc,task     ] GC(214) Using 12 workers of 13 for evacuation
[2026-03-26T14:01:31.961+0900][20.538s][info][gc,phases   ] GC(214)   Pre Evacuate Collection Set: 0.2ms
[2026-03-26T14:01:31.961+0900][20.538s][info][gc,phases   ] GC(214)   Merge Heap Roots: 0.1ms
[2026-03-26T14:01:31.961+0900][20.538s][info][gc,phases   ] GC(214)   Evacuate Collection Set: 0.2ms
[2026-03-26T14:01:31.961+0900][20.538s][info][gc,phases   ] GC(214)   Post Evacuate Collection Set: 0.2ms
[2026-03-26T14:01:31.961+0900][20.538s][info][gc,phases   ] GC(214)   Other: 0.1ms
[2026-03-26T14:01:31.961+0900][20.538s][info][gc,heap     ] GC(214) Eden regions: 50->0(200)
[2026-03-26T14:01:31.961+0900][20.538s][info][gc,heap     ] GC(214) Survivor regions: 1->1(26)
[2026-03-26T14:01:31.961+0900][20.538s][info][gc,heap     ] GC(214) Old regions: 1->1
[2026-03-26T14:01:31.961+0900][20.538s][info][gc,heap     ] GC(214) Humongous regions: 282->282
[2026-03-26T14:01:31.961+0900][20.538s][info][gc,metaspace] GC(214) Metaspace: 322K(512K)->322K(512K) NonClass: 305K(384K)->305K(384K) Class: 17K(128K)->17K(128K)
[2026-03-26T14:01:31.961+0900][20.538s][info][gc          ] GC(214) Pause Young (Concurrent Start) (G1 Humongous Allocation) 332M->282M(512M) 1.219ms
[2026-03-26T14:01:31.961+0900][20.538s][info][gc,cpu      ] GC(214) User=0.00s Sys=0.00s Real=0.00s
[2026-03-26T14:01:31.961+0900][20.538s][info][gc          ] GC(215) Concurrent Mark Cycle
[2026-03-26T14:01:31.961+0900][20.538s][info][gc,marking  ] GC(215) Concurrent Scan Root Regions
[2026-03-26T14:01:31.963+0900][20.538s][info][gc,marking  ] GC(215) Concurrent Scan Root Regions 0.052ms
[2026-03-26T14:01:31.963+0900][20.538s][info][gc,marking  ] GC(215) Concurrent Mark
[2026-03-26T14:01:31.963+0900][20.538s][info][gc,marking  ] GC(215) Concurrent Mark From Roots
[2026-03-26T14:01:31.963+0900][20.539s][info][gc,task     ] GC(215) Using 3 workers of 3 for marking
[2026-03-26T14:01:31.964+0900][20.540s][info][gc,marking  ] GC(215) Concurrent Mark From Roots 1.094ms
[2026-03-26T14:01:31.964+0900][20.540s][info][gc,marking  ] GC(215) Concurrent Preclean
[2026-03-26T14:01:31.964+0900][20.540s][info][gc,marking  ] GC(215) Concurrent Preclean 0.021ms
[2026-03-26T14:01:31.964+0900][20.540s][info][gc,start    ] GC(215) Pause Remark
[2026-03-26T14:01:31.964+0900][20.540s][info][gc          ] GC(215) Pause Remark 288M->288M(512M) 0.562ms
[2026-03-26T14:01:31.964+0900][20.540s][info][gc,cpu      ] GC(215) User=0.00s Sys=0.02s Real=0.00s
[2026-03-26T14:01:31.964+0900][20.540s][info][gc,marking  ] GC(215) Concurrent Mark 1.869ms
[2026-03-26T14:01:31.964+0900][20.540s][info][gc,marking  ] GC(215) Concurrent Rebuild Remembered Sets and Scrub Regions
[2026-03-26T14:01:31.964+0900][20.541s][info][gc,marking  ] GC(215) Concurrent Rebuild Remembered Sets and Scrub Regions 0.501ms
[2026-03-26T14:01:31.964+0900][20.541s][info][gc,start    ] GC(215) Pause Cleanup
[2026-03-26T14:01:31.964+0900][20.541s][info][gc          ] GC(215) Pause Cleanup 288M->288M(512M) 0.123ms
[2026-03-26T14:01:31.964+0900][20.541s][info][gc,cpu      ] GC(215) User=0.00s Sys=0.00s Real=0.00s
[2026-03-26T14:01:31.964+0900][20.541s][info][gc,marking  ] GC(215) Concurrent Clear Claimed Marks
[2026-03-26T14:01:31.964+0900][20.541s][info][gc,marking  ] GC(215) Concurrent Clear Claimed Marks 0.024ms
[2026-03-26T14:01:31.964+0900][20.541s][info][gc,marking  ] GC(215) Concurrent Cleanup for Next Mark
[2026-03-26T14:01:31.964+0900][20.541s][info][gc,marking  ] GC(215) Concurrent Cleanup for Next Mark 0.312ms
[2026-03-26T14:01:31.964+0900][20.542s][info][gc          ] GC(215) Concurrent Mark Cycle 3.217ms
[2026-03-26T14:01:32.121+0900][20.697s][info][gc,start    ] GC(216) Pause Young (Concurrent Start) (G1 Humongous Allocation)
[2026-03-26T14:01:32.121+0900][20.697s][info][gc,task     ] GC(216) Using 12 workers of 13 for evacuation
[2026-03-26T14:01:32.121+0900][20.699s][info][gc,phases   ] GC(216)   Pre Evacuate Collection Set: 0.5ms
[2026-03-26T14:01:32.121+0900][20.699s][info][gc,phases   ] GC(216)   Merge Heap Roots: 0.1ms
[2026-03-26T14:01:32.121+0900][20.699s][info][gc,phases   ] GC(216)   Evacuate Collection Set: 0.4ms
[2026-03-26T14:01:32.121+0900][20.699s][info][gc,phases   ] GC(216)   Post Evacuate Collection Set: 0.8ms
[2026-03-26T14:01:32.121+0900][20.699s][info][gc,phases   ] GC(216)   Other: 0.2ms
[2026-03-26T14:01:32.121+0900][20.699s][info][gc,heap     ] GC(216) Eden regions: 50->0(194)
[2026-03-26T14:01:32.121+0900][20.699s][info][gc,heap     ] GC(216) Survivor regions: 1->1(26)
[2026-03-26T14:01:32.121+0900][20.699s][info][gc,heap     ] GC(216) Old regions: 1->1
[2026-03-26T14:01:32.121+0900][20.699s][info][gc,heap     ] GC(216) Humongous regions: 288->288
[2026-03-26T14:01:32.121+0900][20.699s][info][gc,metaspace] GC(216) Metaspace: 322K(512K)->322K(512K) NonClass: 305K(384K)->305K(384K) Class: 17K(128K)->17K(128K)
[2026-03-26T14:01:32.121+0900][20.699s][info][gc          ] GC(216) Pause Young (Concurrent Start) (G1 Humongous Allocation) 338M->288M(512M) 2.622ms
[2026-03-26T14:01:32.121+0900][20.699s][info][gc,cpu      ] GC(216) User=0.00s Sys=0.00s Real=0.00s
[2026-03-26T14:01:32.121+0900][20.700s][info][gc          ] GC(217) Concurrent Mark Cycle
[2026-03-26T14:01:32.121+0900][20.700s][info][gc,marking  ] GC(217) Concurrent Scan Root Regions
[2026-03-26T14:01:32.121+0900][20.700s][info][gc,marking  ] GC(217) Concurrent Scan Root Regions 0.092ms
[2026-03-26T14:01:32.121+0900][20.700s][info][gc,marking  ] GC(217) Concurrent Mark
[2026-03-26T14:01:32.121+0900][20.700s][info][gc,marking  ] GC(217) Concurrent Mark From Roots
[2026-03-26T14:01:32.121+0900][20.700s][info][gc,task     ] GC(217) Using 3 workers of 3 for marking
[2026-03-26T14:01:32.121+0900][20.701s][info][gc,marking  ] GC(217) Concurrent Mark From Roots 1.665ms
[2026-03-26T14:01:32.121+0900][20.702s][info][gc,marking  ] GC(217) Concurrent Preclean
[2026-03-26T14:01:32.121+0900][20.702s][info][gc,marking  ] GC(217) Concurrent Preclean 0.031ms
[2026-03-26T14:01:32.121+0900][20.702s][info][gc,start    ] GC(217) Pause Remark
[2026-03-26T14:01:32.121+0900][20.703s][info][gc          ] GC(217) Pause Remark 294M->294M(512M) 1.243ms
[2026-03-26T14:01:32.121+0900][20.703s][info][gc,cpu      ] GC(217) User=0.00s Sys=0.00s Real=0.00s
[2026-03-26T14:01:32.121+0900][20.703s][info][gc,marking  ] GC(217) Concurrent Mark 3.387ms
[2026-03-26T14:01:32.121+0900][20.703s][info][gc,marking  ] GC(217) Concurrent Rebuild Remembered Sets and Scrub Regions
[2026-03-26T14:01:32.121+0900][20.704s][info][gc,marking  ] GC(217) Concurrent Rebuild Remembered Sets and Scrub Regions 0.719ms
[2026-03-26T14:01:32.121+0900][20.704s][info][gc,start    ] GC(217) Pause Cleanup
[2026-03-26T14:01:32.121+0900][20.705s][info][gc          ] GC(217) Pause Cleanup 294M->294M(512M) 0.344ms
[2026-03-26T14:01:32.121+0900][20.705s][info][gc,cpu      ] GC(217) User=0.00s Sys=0.00s Real=0.00s
[2026-03-26T14:01:32.121+0900][20.705s][info][gc,marking  ] GC(217) Concurrent Clear Claimed Marks
[2026-03-26T14:01:32.121+0900][20.705s][info][gc,marking  ] GC(217) Concurrent Clear Claimed Marks 0.083ms
[2026-03-26T14:01:32.121+0900][20.705s][info][gc,marking  ] GC(217) Concurrent Cleanup for Next Mark
[2026-03-26T14:01:32.121+0900][20.705s][info][gc,marking  ] GC(217) Concurrent Cleanup for Next Mark 0.409ms
[2026-03-26T14:01:32.121+0900][20.705s][info][gc          ] GC(217) Concurrent Mark Cycle 5.741ms
[2026-03-26T14:01:32.281+0900][20.858s][info][gc,start    ] GC(218) Pause Young (Concurrent Start) (G1 Humongous Allocation)
[2026-03-26T14:01:32.281+0900][20.858s][info][gc,task     ] GC(218) Using 12 workers of 13 for evacuation
[2026-03-26T14:01:32.281+0900][20.859s][info][gc,phases   ] GC(218)   Pre Evacuate Collection Set: 0.3ms
[2026-03-26T14:01:32.281+0900][20.859s][info][gc,phases   ] GC(218)   Merge Heap Roots: 0.2ms
[2026-03-26T14:01:32.281+0900][20.859s][info][gc,phases   ] GC(218)   Evacuate Collection Set: 0.5ms
[2026-03-26T14:01:32.281+0900][20.859s][info][gc,phases   ] GC(218)   Post Evacuate Collection Set: 0.3ms
[2026-03-26T14:01:32.281+0900][20.859s][info][gc,phases   ] GC(218)   Other: 0.2ms
[2026-03-26T14:01:32.281+0900][20.859s][info][gc,heap     ] GC(218) Eden regions: 50->0(188)
[2026-03-26T14:01:32.281+0900][20.859s][info][gc,heap     ] GC(218) Survivor regions: 1->1(25)
[2026-03-26T14:01:32.281+0900][20.860s][info][gc,heap     ] GC(218) Old regions: 1->1
[2026-03-26T14:01:32.281+0900][20.860s][info][gc,heap     ] GC(218) Humongous regions: 294->294
[2026-03-26T14:01:32.281+0900][20.860s][info][gc,metaspace] GC(218) Metaspace: 322K(512K)->322K(512K) NonClass: 305K(384K)->305K(384K) Class: 17K(128K)->17K(128K)
[2026-03-26T14:01:32.281+0900][20.860s][info][gc          ] GC(218) Pause Young (Concurrent Start) (G1 Humongous Allocation) 344M->294M(512M) 2.107ms
[2026-03-26T14:01:32.281+0900][20.860s][info][gc,cpu      ] GC(218) User=0.00s Sys=0.00s Real=0.00s
[2026-03-26T14:01:32.281+0900][20.860s][info][gc          ] GC(219) Concurrent Mark Cycle
[2026-03-26T14:01:32.281+0900][20.860s][info][gc,marking  ] GC(219) Concurrent Scan Root Regions
[2026-03-26T14:01:32.281+0900][20.860s][info][gc,marking  ] GC(219) Concurrent Scan Root Regions 0.100ms
[2026-03-26T14:01:32.281+0900][20.860s][info][gc,marking  ] GC(219) Concurrent Mark
[2026-03-26T14:01:32.281+0900][20.860s][info][gc,marking  ] GC(219) Concurrent Mark From Roots
[2026-03-26T14:01:32.281+0900][20.860s][info][gc,task     ] GC(219) Using 3 workers of 3 for marking
[2026-03-26T14:01:32.281+0900][20.862s][info][gc,marking  ] GC(219) Concurrent Mark From Roots 1.985ms
[2026-03-26T14:01:32.281+0900][20.862s][info][gc,marking  ] GC(219) Concurrent Preclean
[2026-03-26T14:01:32.281+0900][20.862s][info][gc,marking  ] GC(219) Concurrent Preclean 0.032ms
[2026-03-26T14:01:32.281+0900][20.862s][info][gc,start    ] GC(219) Pause Remark
[2026-03-26T14:01:32.281+0900][20.864s][info][gc          ] GC(219) Pause Remark 300M->300M(512M) 2.046ms
[2026-03-26T14:01:32.281+0900][20.864s][info][gc,cpu      ] GC(219) User=0.00s Sys=0.00s Real=0.00s
[2026-03-26T14:01:32.281+0900][20.865s][info][gc,marking  ] GC(219) Concurrent Mark 4.479ms
[2026-03-26T14:01:32.281+0900][20.865s][info][gc,marking  ] GC(219) Concurrent Rebuild Remembered Sets and Scrub Regions
[2026-03-26T14:01:32.281+0900][20.866s][info][gc,marking  ] GC(219) Concurrent Rebuild Remembered Sets and Scrub Regions 0.927ms
[2026-03-26T14:01:32.281+0900][20.866s][info][gc,start    ] GC(219) Pause Cleanup
[2026-03-26T14:01:32.281+0900][20.866s][info][gc          ] GC(219) Pause Cleanup 300M->300M(512M) 0.263ms
[2026-03-26T14:01:32.281+0900][20.866s][info][gc,cpu      ] GC(219) User=0.00s Sys=0.00s Real=0.00s
[2026-03-26T14:01:32.281+0900][20.866s][info][gc,marking  ] GC(219) Concurrent Clear Claimed Marks
[2026-03-26T14:01:32.281+0900][20.866s][info][gc,marking  ] GC(219) Concurrent Clear Claimed Marks 0.105ms
[2026-03-26T14:01:32.281+0900][20.866s][info][gc,marking  ] GC(219) Concurrent Cleanup for Next Mark
[2026-03-26T14:01:32.281+0900][20.867s][info][gc,marking  ] GC(219) Concurrent Cleanup for Next Mark 0.632ms
[2026-03-26T14:01:32.281+0900][20.867s][info][gc          ] GC(219) Concurrent Mark Cycle 7.245ms
[2026-03-26T14:01:32.442+0900][21.018s][info][gc,start    ] GC(220) Pause Young (Concurrent Start) (G1 Humongous Allocation)
[2026-03-26T14:01:32.442+0900][21.018s][info][gc,task     ] GC(220) Using 12 workers of 13 for evacuation
[2026-03-26T14:01:32.444+0900][21.020s][info][gc,phases   ] GC(220)   Pre Evacuate Collection Set: 0.3ms
[2026-03-26T14:01:32.444+0900][21.020s][info][gc,phases   ] GC(220)   Merge Heap Roots: 0.2ms
[2026-03-26T14:01:32.444+0900][21.020s][info][gc,phases   ] GC(220)   Evacuate Collection Set: 0.4ms
[2026-03-26T14:01:32.444+0900][21.020s][info][gc,phases   ] GC(220)   Post Evacuate Collection Set: 0.3ms
[2026-03-26T14:01:32.444+0900][21.020s][info][gc,phases   ] GC(220)   Other: 0.2ms
[2026-03-26T14:01:32.444+0900][21.020s][info][gc,heap     ] GC(220) Eden regions: 50->0(182)
[2026-03-26T14:01:32.444+0900][21.020s][info][gc,heap     ] GC(220) Survivor regions: 1->1(24)
[2026-03-26T14:01:32.444+0900][21.020s][info][gc,heap     ] GC(220) Old regions: 1->1
[2026-03-26T14:01:32.444+0900][21.020s][info][gc,heap     ] GC(220) Humongous regions: 300->300
[2026-03-26T14:01:32.444+0900][21.020s][info][gc,metaspace] GC(220) Metaspace: 322K(512K)->322K(512K) NonClass: 305K(384K)->305K(384K) Class: 17K(128K)->17K(128K)
[2026-03-26T14:01:32.444+0900][21.020s][info][gc          ] GC(220) Pause Young (Concurrent Start) (G1 Humongous Allocation) 350M->300M(512M) 1.951ms
[2026-03-26T14:01:32.444+0900][21.020s][info][gc,cpu      ] GC(220) User=0.00s Sys=0.00s Real=0.00s
[2026-03-26T14:01:32.444+0900][21.020s][info][gc          ] GC(221) Concurrent Mark Cycle
[2026-03-26T14:01:32.445+0900][21.020s][info][gc,marking  ] GC(221) Concurrent Scan Root Regions
[2026-03-26T14:01:32.445+0900][21.020s][info][gc,marking  ] GC(221) Concurrent Scan Root Regions 0.079ms
[2026-03-26T14:01:32.445+0900][21.021s][info][gc,marking  ] GC(221) Concurrent Mark
[2026-03-26T14:01:32.445+0900][21.021s][info][gc,marking  ] GC(221) Concurrent Mark From Roots
[2026-03-26T14:01:32.445+0900][21.021s][info][gc,task     ] GC(221) Using 3 workers of 3 for marking
[2026-03-26T14:01:32.446+0900][21.022s][info][gc,marking  ] GC(221) Concurrent Mark From Roots 1.748ms
[2026-03-26T14:01:32.446+0900][21.022s][info][gc,marking  ] GC(221) Concurrent Preclean
[2026-03-26T14:01:32.446+0900][21.022s][info][gc,marking  ] GC(221) Concurrent Preclean 0.030ms
[2026-03-26T14:01:32.446+0900][21.022s][info][gc,start    ] GC(221) Pause Remark
[2026-03-26T14:01:32.446+0900][21.023s][info][gc          ] GC(221) Pause Remark 306M->306M(512M) 0.874ms
[2026-03-26T14:01:32.446+0900][21.023s][info][gc,cpu      ] GC(221) User=0.00s Sys=0.00s Real=0.00s
[2026-03-26T14:01:32.446+0900][21.023s][info][gc,marking  ] GC(221) Concurrent Mark 2.901ms
[2026-03-26T14:01:32.446+0900][21.023s][info][gc,marking  ] GC(221) Concurrent Rebuild Remembered Sets and Scrub Regions
[2026-03-26T14:01:32.449+0900][21.024s][info][gc,marking  ] GC(221) Concurrent Rebuild Remembered Sets and Scrub Regions 0.775ms
[2026-03-26T14:01:32.449+0900][21.024s][info][gc,start    ] GC(221) Pause Cleanup
[2026-03-26T14:01:32.449+0900][21.024s][info][gc          ] GC(221) Pause Cleanup 306M->306M(512M) 0.188ms
[2026-03-26T14:01:32.449+0900][21.025s][info][gc,cpu      ] GC(221) User=0.00s Sys=0.00s Real=0.00s
[2026-03-26T14:01:32.449+0900][21.025s][info][gc,marking  ] GC(221) Concurrent Clear Claimed Marks
[2026-03-26T14:01:32.449+0900][21.025s][info][gc,marking  ] GC(221) Concurrent Clear Claimed Marks 0.047ms
[2026-03-26T14:01:32.449+0900][21.025s][info][gc,marking  ] GC(221) Concurrent Cleanup for Next Mark
[2026-03-26T14:01:32.450+0900][21.025s][info][gc,marking  ] GC(221) Concurrent Cleanup for Next Mark 0.558ms
[2026-03-26T14:01:32.450+0900][21.025s][info][gc          ] GC(221) Concurrent Mark Cycle 5.050ms
[2026-03-26T14:01:32.607+0900][21.183s][info][gc,start    ] GC(222) Pause Young (Concurrent Start) (G1 Humongous Allocation)
[2026-03-26T14:01:32.607+0900][21.183s][info][gc,task     ] GC(222) Using 12 workers of 13 for evacuation
[2026-03-26T14:01:32.607+0900][21.184s][info][gc,phases   ] GC(222)   Pre Evacuate Collection Set: 0.2ms
[2026-03-26T14:01:32.607+0900][21.184s][info][gc,phases   ] GC(222)   Merge Heap Roots: 0.1ms
[2026-03-26T14:01:32.607+0900][21.184s][info][gc,phases   ] GC(222)   Evacuate Collection Set: 0.4ms
[2026-03-26T14:01:32.607+0900][21.184s][info][gc,phases   ] GC(222)   Post Evacuate Collection Set: 0.2ms
[2026-03-26T14:01:32.607+0900][21.184s][info][gc,phases   ] GC(222)   Other: 0.1ms
[2026-03-26T14:01:32.607+0900][21.184s][info][gc,heap     ] GC(222) Eden regions: 50->0(176)
[2026-03-26T14:01:32.607+0900][21.184s][info][gc,heap     ] GC(222) Survivor regions: 1->1(23)
[2026-03-26T14:01:32.607+0900][21.185s][info][gc,heap     ] GC(222) Old regions: 1->1
[2026-03-26T14:01:32.607+0900][21.185s][info][gc,heap     ] GC(222) Humongous regions: 306->306
[2026-03-26T14:01:32.607+0900][21.185s][info][gc,metaspace] GC(222) Metaspace: 322K(512K)->322K(512K) NonClass: 305K(384K)->305K(384K) Class: 17K(128K)->17K(128K)
[2026-03-26T14:01:32.607+0900][21.185s][info][gc          ] GC(222) Pause Young (Concurrent Start) (G1 Humongous Allocation) 356M->306M(512M) 1.534ms
[2026-03-26T14:01:32.607+0900][21.185s][info][gc,cpu      ] GC(222) User=0.00s Sys=0.00s Real=0.00s
[2026-03-26T14:01:32.607+0900][21.185s][info][gc          ] GC(223) Concurrent Mark Cycle
[2026-03-26T14:01:32.607+0900][21.185s][info][gc,marking  ] GC(223) Concurrent Scan Root Regions
[2026-03-26T14:01:32.607+0900][21.185s][info][gc,marking  ] GC(223) Concurrent Scan Root Regions 0.043ms
[2026-03-26T14:01:32.607+0900][21.185s][info][gc,marking  ] GC(223) Concurrent Mark
[2026-03-26T14:01:32.607+0900][21.185s][info][gc,marking  ] GC(223) Concurrent Mark From Roots
[2026-03-26T14:01:32.607+0900][21.185s][info][gc,task     ] GC(223) Using 3 workers of 3 for marking
[2026-03-26T14:01:32.607+0900][21.187s][info][gc,marking  ] GC(223) Concurrent Mark From Roots 1.781ms
[2026-03-26T14:01:32.607+0900][21.187s][info][gc,marking  ] GC(223) Concurrent Preclean
[2026-03-26T14:01:32.607+0900][21.187s][info][gc,marking  ] GC(223) Concurrent Preclean 0.027ms
[2026-03-26T14:01:32.607+0900][21.187s][info][gc,start    ] GC(223) Pause Remark
[2026-03-26T14:01:32.607+0900][21.187s][info][gc          ] GC(223) Pause Remark 306M->306M(512M) 0.713ms
[2026-03-26T14:01:32.607+0900][21.187s][info][gc,cpu      ] GC(223) User=0.00s Sys=0.00s Real=0.00s
[2026-03-26T14:01:32.607+0900][21.188s][info][gc,marking  ] GC(223) Concurrent Mark 2.744ms
[2026-03-26T14:01:32.607+0900][21.188s][info][gc,marking  ] GC(223) Concurrent Rebuild Remembered Sets and Scrub Regions
[2026-03-26T14:01:32.607+0900][21.188s][info][gc,marking  ] GC(223) Concurrent Rebuild Remembered Sets and Scrub Regions 0.652ms
[2026-03-26T14:01:32.607+0900][21.188s][info][gc,start    ] GC(223) Pause Cleanup
[2026-03-26T14:01:32.607+0900][21.188s][info][gc          ] GC(223) Pause Cleanup 306M->306M(512M) 0.109ms
[2026-03-26T14:01:32.607+0900][21.188s][info][gc,cpu      ] GC(223) User=0.00s Sys=0.00s Real=0.00s
[2026-03-26T14:01:32.607+0900][21.188s][info][gc,marking  ] GC(223) Concurrent Clear Claimed Marks
[2026-03-26T14:01:32.607+0900][21.188s][info][gc,marking  ] GC(223) Concurrent Clear Claimed Marks 0.032ms
[2026-03-26T14:01:32.607+0900][21.188s][info][gc,marking  ] GC(223) Concurrent Cleanup for Next Mark
[2026-03-26T14:01:32.607+0900][21.189s][info][gc,marking  ] GC(223) Concurrent Cleanup for Next Mark 0.829ms
[2026-03-26T14:01:32.607+0900][21.189s][info][gc          ] GC(223) Concurrent Mark Cycle 4.657ms
[2026-03-26T14:01:32.792+0900][21.367s][info][gc,start    ] GC(224) Pause Young (Concurrent Start) (G1 Humongous Allocation)
[2026-03-26T14:01:32.792+0900][21.367s][info][gc,task     ] GC(224) Using 12 workers of 13 for evacuation
[2026-03-26T14:01:32.792+0900][21.368s][info][gc,phases   ] GC(224)   Pre Evacuate Collection Set: 0.2ms
[2026-03-26T14:01:32.792+0900][21.369s][info][gc,phases   ] GC(224)   Merge Heap Roots: 0.1ms
[2026-03-26T14:01:32.792+0900][21.369s][info][gc,phases   ] GC(224)   Evacuate Collection Set: 0.4ms
[2026-03-26T14:01:32.792+0900][21.369s][info][gc,phases   ] GC(224)   Post Evacuate Collection Set: 0.2ms
[2026-03-26T14:01:32.792+0900][21.369s][info][gc,phases   ] GC(224)   Other: 0.1ms
[2026-03-26T14:01:32.792+0900][21.369s][info][gc,heap     ] GC(224) Eden regions: 50->0(170)
[2026-03-26T14:01:32.792+0900][21.369s][info][gc,heap     ] GC(224) Survivor regions: 1->1(23)
[2026-03-26T14:01:32.792+0900][21.369s][info][gc,heap     ] GC(224) Old regions: 1->1
[2026-03-26T14:01:32.792+0900][21.369s][info][gc,heap     ] GC(224) Humongous regions: 312->312
[2026-03-26T14:01:32.792+0900][21.369s][info][gc,metaspace] GC(224) Metaspace: 322K(512K)->322K(512K) NonClass: 305K(384K)->305K(384K) Class: 17K(128K)->17K(128K)
[2026-03-26T14:01:32.792+0900][21.369s][info][gc          ] GC(224) Pause Young (Concurrent Start) (G1 Humongous Allocation) 362M->312M(512M) 1.484ms
[2026-03-26T14:01:32.792+0900][21.369s][info][gc,cpu      ] GC(224) User=0.02s Sys=0.00s Real=0.00s
[2026-03-26T14:01:32.794+0900][21.369s][info][gc          ] GC(225) Concurrent Mark Cycle
[2026-03-26T14:01:32.794+0900][21.369s][info][gc,marking  ] GC(225) Concurrent Scan Root Regions
[2026-03-26T14:01:32.794+0900][21.369s][info][gc,marking  ] GC(225) Concurrent Scan Root Regions 0.044ms
[2026-03-26T14:01:32.794+0900][21.369s][info][gc,marking  ] GC(225) Concurrent Mark
[2026-03-26T14:01:32.794+0900][21.369s][info][gc,marking  ] GC(225) Concurrent Mark From Roots
[2026-03-26T14:01:32.794+0900][21.369s][info][gc,task     ] GC(225) Using 3 workers of 3 for marking
[2026-03-26T14:01:32.794+0900][21.371s][info][gc,marking  ] GC(225) Concurrent Mark From Roots 1.741ms
[2026-03-26T14:01:32.794+0900][21.371s][info][gc,marking  ] GC(225) Concurrent Preclean
[2026-03-26T14:01:32.794+0900][21.371s][info][gc,marking  ] GC(225) Concurrent Preclean 0.025ms
[2026-03-26T14:01:32.796+0900][21.371s][info][gc,start    ] GC(225) Pause Remark
[2026-03-26T14:01:32.796+0900][21.372s][info][gc          ] GC(225) Pause Remark 312M->312M(512M) 0.712ms
[2026-03-26T14:01:32.796+0900][21.372s][info][gc,cpu      ] GC(225) User=0.00s Sys=0.00s Real=0.00s
[2026-03-26T14:01:32.796+0900][21.372s][info][gc,marking  ] GC(225) Concurrent Mark 2.735ms
[2026-03-26T14:01:32.796+0900][21.372s][info][gc,marking  ] GC(225) Concurrent Rebuild Remembered Sets and Scrub Regions
[2026-03-26T14:01:32.796+0900][21.372s][info][gc,marking  ] GC(225) Concurrent Rebuild Remembered Sets and Scrub Regions 0.646ms
[2026-03-26T14:01:32.796+0900][21.372s][info][gc,start    ] GC(225) Pause Cleanup
[2026-03-26T14:01:32.796+0900][21.373s][info][gc          ] GC(225) Pause Cleanup 312M->312M(512M) 0.108ms
[2026-03-26T14:01:32.796+0900][21.373s][info][gc,cpu      ] GC(225) User=0.00s Sys=0.00s Real=0.00s
[2026-03-26T14:01:32.796+0900][21.373s][info][gc,marking  ] GC(225) Concurrent Clear Claimed Marks
[2026-03-26T14:01:32.796+0900][21.373s][info][gc,marking  ] GC(225) Concurrent Clear Claimed Marks 0.022ms
[2026-03-26T14:01:32.796+0900][21.373s][info][gc,marking  ] GC(225) Concurrent Cleanup for Next Mark
[2026-03-26T14:01:32.798+0900][21.373s][info][gc,marking  ] GC(225) Concurrent Cleanup for Next Mark 0.855ms
[2026-03-26T14:01:32.798+0900][21.374s][info][gc          ] GC(225) Concurrent Mark Cycle 4.665ms
[2026-03-26T14:01:32.968+0900][21.544s][info][gc,start    ] GC(226) Pause Young (Concurrent Start) (G1 Humongous Allocation)
[2026-03-26T14:01:32.968+0900][21.545s][info][gc,task     ] GC(226) Using 12 workers of 13 for evacuation
[2026-03-26T14:01:32.968+0900][21.546s][info][gc,phases   ] GC(226)   Pre Evacuate Collection Set: 0.3ms
[2026-03-26T14:01:32.968+0900][21.546s][info][gc,phases   ] GC(226)   Merge Heap Roots: 0.1ms
[2026-03-26T14:01:32.968+0900][21.546s][info][gc,phases   ] GC(226)   Evacuate Collection Set: 0.4ms
[2026-03-26T14:01:32.968+0900][21.546s][info][gc,phases   ] GC(226)   Post Evacuate Collection Set: 0.3ms
[2026-03-26T14:01:32.968+0900][21.546s][info][gc,phases   ] GC(226)   Other: 0.1ms
[2026-03-26T14:01:32.968+0900][21.546s][info][gc,heap     ] GC(226) Eden regions: 50->0(164)
[2026-03-26T14:01:32.968+0900][21.546s][info][gc,heap     ] GC(226) Survivor regions: 1->1(22)
[2026-03-26T14:01:32.968+0900][21.546s][info][gc,heap     ] GC(226) Old regions: 1->1
[2026-03-26T14:01:32.968+0900][21.546s][info][gc,heap     ] GC(226) Humongous regions: 318->318
[2026-03-26T14:01:32.968+0900][21.546s][info][gc,metaspace] GC(226) Metaspace: 322K(512K)->322K(512K) NonClass: 305K(384K)->305K(384K) Class: 17K(128K)->17K(128K)
[2026-03-26T14:01:32.968+0900][21.546s][info][gc          ] GC(226) Pause Young (Concurrent Start) (G1 Humongous Allocation) 368M->318M(512M) 1.747ms
[2026-03-26T14:01:32.968+0900][21.546s][info][gc,cpu      ] GC(226) User=0.00s Sys=0.00s Real=0.00s
[2026-03-26T14:01:32.968+0900][21.546s][info][gc          ] GC(227) Concurrent Mark Cycle
[2026-03-26T14:01:32.971+0900][21.546s][info][gc,marking  ] GC(227) Concurrent Scan Root Regions
[2026-03-26T14:01:32.971+0900][21.546s][info][gc,marking  ] GC(227) Concurrent Scan Root Regions 0.077ms
[2026-03-26T14:01:32.971+0900][21.546s][info][gc,marking  ] GC(227) Concurrent Mark
[2026-03-26T14:01:32.971+0900][21.546s][info][gc,marking  ] GC(227) Concurrent Mark From Roots
[2026-03-26T14:01:32.971+0900][21.546s][info][gc,task     ] GC(227) Using 3 workers of 3 for marking
[2026-03-26T14:01:32.972+0900][21.548s][info][gc,marking  ] GC(227) Concurrent Mark From Roots 1.902ms
[2026-03-26T14:01:32.972+0900][21.548s][info][gc,marking  ] GC(227) Concurrent Preclean
[2026-03-26T14:01:32.972+0900][21.548s][info][gc,marking  ] GC(227) Concurrent Preclean 0.034ms
[2026-03-26T14:01:32.974+0900][21.549s][info][gc,start    ] GC(227) Pause Remark
[2026-03-26T14:01:32.974+0900][21.550s][info][gc          ] GC(227) Pause Remark 324M->324M(512M) 0.896ms
[2026-03-26T14:01:32.974+0900][21.550s][info][gc,cpu      ] GC(227) User=0.00s Sys=0.00s Real=0.00s
[2026-03-26T14:01:32.974+0900][21.550s][info][gc,marking  ] GC(227) Concurrent Mark 3.714ms
[2026-03-26T14:01:32.974+0900][21.550s][info][gc,marking  ] GC(227) Concurrent Rebuild Remembered Sets and Scrub Regions
[2026-03-26T14:01:32.976+0900][21.551s][info][gc,marking  ] GC(227) Concurrent Rebuild Remembered Sets and Scrub Regions 0.742ms
[2026-03-26T14:01:32.976+0900][21.551s][info][gc,start    ] GC(227) Pause Cleanup
[2026-03-26T14:01:32.976+0900][21.551s][info][gc          ] GC(227) Pause Cleanup 324M->324M(512M) 0.206ms
[2026-03-26T14:01:32.976+0900][21.551s][info][gc,cpu      ] GC(227) User=0.00s Sys=0.00s Real=0.00s
[2026-03-26T14:01:32.976+0900][21.551s][info][gc,marking  ] GC(227) Concurrent Clear Claimed Marks
[2026-03-26T14:01:32.976+0900][21.551s][info][gc,marking  ] GC(227) Concurrent Clear Claimed Marks 0.049ms
[2026-03-26T14:01:32.976+0900][21.551s][info][gc,marking  ] GC(227) Concurrent Cleanup for Next Mark
[2026-03-26T14:01:32.977+0900][21.552s][info][gc,marking  ] GC(227) Concurrent Cleanup for Next Mark 0.508ms
[2026-03-26T14:01:32.977+0900][21.552s][info][gc          ] GC(227) Concurrent Mark Cycle 5.781ms
[2026-03-26T14:01:33.143+0900][21.719s][info][gc,start    ] GC(228) Pause Young (Concurrent Start) (G1 Humongous Allocation)
[2026-03-26T14:01:33.143+0900][21.719s][info][gc,task     ] GC(228) Using 12 workers of 13 for evacuation
[2026-03-26T14:01:33.143+0900][21.721s][info][gc,phases   ] GC(228)   Pre Evacuate Collection Set: 0.3ms
[2026-03-26T14:01:33.143+0900][21.721s][info][gc,phases   ] GC(228)   Merge Heap Roots: 0.2ms
[2026-03-26T14:01:33.143+0900][21.721s][info][gc,phases   ] GC(228)   Evacuate Collection Set: 0.4ms
[2026-03-26T14:01:33.143+0900][21.721s][info][gc,phases   ] GC(228)   Post Evacuate Collection Set: 0.7ms
[2026-03-26T14:01:33.143+0900][21.721s][info][gc,phases   ] GC(228)   Other: 0.3ms
[2026-03-26T14:01:33.143+0900][21.722s][info][gc,heap     ] GC(228) Eden regions: 50->0(158)
[2026-03-26T14:01:33.143+0900][21.722s][info][gc,heap     ] GC(228) Survivor regions: 1->1(21)
[2026-03-26T14:01:33.143+0900][21.722s][info][gc,heap     ] GC(228) Old regions: 1->1
[2026-03-26T14:01:33.143+0900][21.722s][info][gc,heap     ] GC(228) Humongous regions: 324->324
[2026-03-26T14:01:33.143+0900][21.722s][info][gc,metaspace] GC(228) Metaspace: 322K(512K)->322K(512K) NonClass: 305K(384K)->305K(384K) Class: 17K(128K)->17K(128K)
[2026-03-26T14:01:33.143+0900][21.722s][info][gc          ] GC(228) Pause Young (Concurrent Start) (G1 Humongous Allocation) 374M->324M(512M) 2.452ms
[2026-03-26T14:01:33.143+0900][21.722s][info][gc,cpu      ] GC(228) User=0.00s Sys=0.00s Real=0.00s
[2026-03-26T14:01:33.143+0900][21.722s][info][gc          ] GC(229) Concurrent Mark Cycle
[2026-03-26T14:01:33.143+0900][21.722s][info][gc,marking  ] GC(229) Concurrent Scan Root Regions
[2026-03-26T14:01:33.143+0900][21.722s][info][gc,marking  ] GC(229) Concurrent Scan Root Regions 0.063ms
[2026-03-26T14:01:33.143+0900][21.722s][info][gc,marking  ] GC(229) Concurrent Mark
[2026-03-26T14:01:33.143+0900][21.722s][info][gc,marking  ] GC(229) Concurrent Mark From Roots
[2026-03-26T14:01:33.143+0900][21.722s][info][gc,task     ] GC(229) Using 3 workers of 3 for marking
[2026-03-26T14:01:33.148+0900][21.724s][info][gc,marking  ] GC(229) Concurrent Mark From Roots 1.649ms
[2026-03-26T14:01:33.148+0900][21.724s][info][gc,marking  ] GC(229) Concurrent Preclean
[2026-03-26T14:01:33.148+0900][21.724s][info][gc,marking  ] GC(229) Concurrent Preclean 0.028ms
[2026-03-26T14:01:33.148+0900][21.724s][info][gc,start    ] GC(229) Pause Remark
[2026-03-26T14:01:33.148+0900][21.725s][info][gc          ] GC(229) Pause Remark 331M->331M(512M) 1.311ms
[2026-03-26T14:01:33.148+0900][21.725s][info][gc,cpu      ] GC(229) User=0.00s Sys=0.00s Real=0.00s
[2026-03-26T14:01:33.148+0900][21.725s][info][gc,marking  ] GC(229) Concurrent Mark 3.402ms
[2026-03-26T14:01:33.148+0900][21.725s][info][gc,marking  ] GC(229) Concurrent Rebuild Remembered Sets and Scrub Regions
[2026-03-26T14:01:33.148+0900][21.726s][info][gc,marking  ] GC(229) Concurrent Rebuild Remembered Sets and Scrub Regions 0.805ms
[2026-03-26T14:01:33.148+0900][21.726s][info][gc,start    ] GC(229) Pause Cleanup
[2026-03-26T14:01:33.148+0900][21.727s][info][gc          ] GC(229) Pause Cleanup 331M->331M(512M) 0.223ms
[2026-03-26T14:01:33.148+0900][21.727s][info][gc,cpu      ] GC(229) User=0.00s Sys=0.00s Real=0.00s
[2026-03-26T14:01:33.148+0900][21.727s][info][gc,marking  ] GC(229) Concurrent Clear Claimed Marks
[2026-03-26T14:01:33.148+0900][21.727s][info][gc,marking  ] GC(229) Concurrent Clear Claimed Marks 0.083ms
[2026-03-26T14:01:33.148+0900][21.727s][info][gc,marking  ] GC(229) Concurrent Cleanup for Next Mark
[2026-03-26T14:01:33.148+0900][21.727s][info][gc,marking  ] GC(229) Concurrent Cleanup for Next Mark 0.522ms
[2026-03-26T14:01:33.148+0900][21.728s][info][gc          ] GC(229) Concurrent Mark Cycle 5.772ms
[2026-03-26T14:01:33.306+0900][21.882s][info][gc,start    ] GC(230) Pause Young (Concurrent Start) (G1 Humongous Allocation)
[2026-03-26T14:01:33.315+0900][21.891s][info][gc,task     ] GC(230) Using 12 workers of 13 for evacuation
[2026-03-26T14:01:33.315+0900][21.892s][info][gc,phases   ] GC(230)   Pre Evacuate Collection Set: 0.2ms
[2026-03-26T14:01:33.315+0900][21.892s][info][gc,phases   ] GC(230)   Merge Heap Roots: 0.1ms
[2026-03-26T14:01:33.315+0900][21.892s][info][gc,phases   ] GC(230)   Evacuate Collection Set: 0.2ms
[2026-03-26T14:01:33.315+0900][21.892s][info][gc,phases   ] GC(230)   Post Evacuate Collection Set: 0.4ms
[2026-03-26T14:01:33.315+0900][21.892s][info][gc,phases   ] GC(230)   Other: 0.2ms
[2026-03-26T14:01:33.315+0900][21.892s][info][gc,heap     ] GC(230) Eden regions: 50->0(152)
[2026-03-26T14:01:33.315+0900][21.892s][info][gc,heap     ] GC(230) Survivor regions: 1->1(20)
[2026-03-26T14:01:33.315+0900][21.892s][info][gc,heap     ] GC(230) Old regions: 1->1
[2026-03-26T14:01:33.315+0900][21.892s][info][gc,heap     ] GC(230) Humongous regions: 330->330
[2026-03-26T14:01:33.315+0900][21.892s][info][gc,metaspace] GC(230) Metaspace: 322K(512K)->322K(512K) NonClass: 305K(384K)->305K(384K) Class: 17K(128K)->17K(128K)
[2026-03-26T14:01:33.315+0900][21.892s][info][gc          ] GC(230) Pause Young (Concurrent Start) (G1 Humongous Allocation) 380M->330M(512M) 10.061ms
[2026-03-26T14:01:33.315+0900][21.892s][info][gc,cpu      ] GC(230) User=0.00s Sys=0.00s Real=0.01s
[2026-03-26T14:01:33.315+0900][21.892s][info][gc          ] GC(231) Concurrent Mark Cycle
[2026-03-26T14:01:33.315+0900][21.892s][info][gc,marking  ] GC(231) Concurrent Scan Root Regions
[2026-03-26T14:01:33.315+0900][21.892s][info][gc,marking  ] GC(231) Concurrent Scan Root Regions 0.033ms
[2026-03-26T14:01:33.315+0900][21.892s][info][gc,marking  ] GC(231) Concurrent Mark
[2026-03-26T14:01:33.315+0900][21.892s][info][gc,marking  ] GC(231) Concurrent Mark From Roots
[2026-03-26T14:01:33.315+0900][21.892s][info][gc,task     ] GC(231) Using 3 workers of 3 for marking
[2026-03-26T14:01:33.317+0900][21.893s][info][gc,marking  ] GC(231) Concurrent Mark From Roots 0.819ms
[2026-03-26T14:01:33.317+0900][21.893s][info][gc,marking  ] GC(231) Concurrent Preclean
[2026-03-26T14:01:33.317+0900][21.893s][info][gc,marking  ] GC(231) Concurrent Preclean 0.016ms
[2026-03-26T14:01:33.317+0900][21.893s][info][gc,start    ] GC(231) Pause Remark
[2026-03-26T14:01:33.317+0900][21.894s][info][gc          ] GC(231) Pause Remark 336M->336M(512M) 0.837ms
[2026-03-26T14:01:33.317+0900][21.894s][info][gc,cpu      ] GC(231) User=0.00s Sys=0.00s Real=0.00s
[2026-03-26T14:01:33.317+0900][21.894s][info][gc,marking  ] GC(231) Concurrent Mark 1.911ms
[2026-03-26T14:01:33.317+0900][21.894s][info][gc,marking  ] GC(231) Concurrent Rebuild Remembered Sets and Scrub Regions
[2026-03-26T14:01:33.319+0900][21.895s][info][gc,marking  ] GC(231) Concurrent Rebuild Remembered Sets and Scrub Regions 0.481ms
[2026-03-26T14:01:33.319+0900][21.895s][info][gc,start    ] GC(231) Pause Cleanup
[2026-03-26T14:01:33.319+0900][21.895s][info][gc          ] GC(231) Pause Cleanup 336M->336M(512M) 0.189ms
[2026-03-26T14:01:33.319+0900][21.895s][info][gc,cpu      ] GC(231) User=0.00s Sys=0.00s Real=0.00s
[2026-03-26T14:01:33.319+0900][21.895s][info][gc,marking  ] GC(231) Concurrent Clear Claimed Marks
[2026-03-26T14:01:33.319+0900][21.895s][info][gc,marking  ] GC(231) Concurrent Clear Claimed Marks 0.045ms
[2026-03-26T14:01:33.319+0900][21.895s][info][gc,marking  ] GC(231) Concurrent Cleanup for Next Mark
[2026-03-26T14:01:33.319+0900][21.896s][info][gc,marking  ] GC(231) Concurrent Cleanup for Next Mark 0.412ms
[2026-03-26T14:01:33.319+0900][21.896s][info][gc          ] GC(231) Concurrent Mark Cycle 3.487ms
[2026-03-26T14:01:33.479+0900][22.055s][info][gc,start    ] GC(232) Pause Young (Concurrent Start) (G1 Humongous Allocation)
[2026-03-26T14:01:33.479+0900][22.055s][info][gc,task     ] GC(232) Using 12 workers of 13 for evacuation
[2026-03-26T14:01:33.479+0900][22.056s][info][gc,phases   ] GC(232)   Pre Evacuate Collection Set: 0.3ms
[2026-03-26T14:01:33.479+0900][22.056s][info][gc,phases   ] GC(232)   Merge Heap Roots: 0.2ms
[2026-03-26T14:01:33.479+0900][22.056s][info][gc,phases   ] GC(232)   Evacuate Collection Set: 0.2ms
[2026-03-26T14:01:33.479+0900][22.056s][info][gc,phases   ] GC(232)   Post Evacuate Collection Set: 0.2ms
[2026-03-26T14:01:33.479+0900][22.056s][info][gc,phases   ] GC(232)   Other: 0.1ms
[2026-03-26T14:01:33.479+0900][22.056s][info][gc,heap     ] GC(232) Eden regions: 50->0(146)
[2026-03-26T14:01:33.479+0900][22.056s][info][gc,heap     ] GC(232) Survivor regions: 1->1(20)
[2026-03-26T14:01:33.479+0900][22.056s][info][gc,heap     ] GC(232) Old regions: 1->1
[2026-03-26T14:01:33.479+0900][22.056s][info][gc,heap     ] GC(232) Humongous regions: 336->336
[2026-03-26T14:01:33.479+0900][22.056s][info][gc,metaspace] GC(232) Metaspace: 322K(512K)->322K(512K) NonClass: 305K(384K)->305K(384K) Class: 17K(128K)->17K(128K)
[2026-03-26T14:01:33.479+0900][22.056s][info][gc          ] GC(232) Pause Young (Concurrent Start) (G1 Humongous Allocation) 386M->336M(512M) 1.337ms
[2026-03-26T14:01:33.479+0900][22.056s][info][gc,cpu      ] GC(232) User=0.00s Sys=0.00s Real=0.00s
[2026-03-26T14:01:33.479+0900][22.056s][info][gc          ] GC(233) Concurrent Mark Cycle
[2026-03-26T14:01:33.479+0900][22.057s][info][gc,marking  ] GC(233) Concurrent Scan Root Regions
[2026-03-26T14:01:33.479+0900][22.057s][info][gc,marking  ] GC(233) Concurrent Scan Root Regions 0.034ms
[2026-03-26T14:01:33.479+0900][22.057s][info][gc,marking  ] GC(233) Concurrent Mark
[2026-03-26T14:01:33.479+0900][22.057s][info][gc,marking  ] GC(233) Concurrent Mark From Roots
[2026-03-26T14:01:33.479+0900][22.057s][info][gc,task     ] GC(233) Using 3 workers of 3 for marking
[2026-03-26T14:01:33.479+0900][22.057s][info][gc,marking  ] GC(233) Concurrent Mark From Roots 0.831ms
[2026-03-26T14:01:33.479+0900][22.057s][info][gc,marking  ] GC(233) Concurrent Preclean
[2026-03-26T14:01:33.479+0900][22.057s][info][gc,marking  ] GC(233) Concurrent Preclean 0.015ms
[2026-03-26T14:01:33.479+0900][22.058s][info][gc,start    ] GC(233) Pause Remark
[2026-03-26T14:01:33.479+0900][22.058s][info][gc          ] GC(233) Pause Remark 342M->342M(512M) 0.596ms
[2026-03-26T14:01:33.479+0900][22.058s][info][gc,cpu      ] GC(233) User=0.00s Sys=0.00s Real=0.00s
[2026-03-26T14:01:33.479+0900][22.058s][info][gc,marking  ] GC(233) Concurrent Mark 1.635ms
[2026-03-26T14:01:33.479+0900][22.058s][info][gc,marking  ] GC(233) Concurrent Rebuild Remembered Sets and Scrub Regions
[2026-03-26T14:01:33.479+0900][22.059s][info][gc,marking  ] GC(233) Concurrent Rebuild Remembered Sets and Scrub Regions 0.488ms
[2026-03-26T14:01:33.479+0900][22.059s][info][gc,start    ] GC(233) Pause Cleanup
[2026-03-26T14:01:33.479+0900][22.059s][info][gc          ] GC(233) Pause Cleanup 342M->342M(512M) 0.109ms
[2026-03-26T14:01:33.479+0900][22.059s][info][gc,cpu      ] GC(233) User=0.00s Sys=0.00s Real=0.00s
[2026-03-26T14:01:33.479+0900][22.059s][info][gc,marking  ] GC(233) Concurrent Clear Claimed Marks
[2026-03-26T14:01:33.479+0900][22.059s][info][gc,marking  ] GC(233) Concurrent Clear Claimed Marks 0.044ms
[2026-03-26T14:01:33.479+0900][22.059s][info][gc,marking  ] GC(233) Concurrent Cleanup for Next Mark
[2026-03-26T14:01:33.479+0900][22.059s][info][gc,marking  ] GC(233) Concurrent Cleanup for Next Mark 0.386ms
[2026-03-26T14:01:33.479+0900][22.059s][info][gc          ] GC(233) Concurrent Mark Cycle 2.992ms
[2026-03-26T14:01:33.689+0900][22.265s][info][gc,start    ] GC(234) Pause Young (Concurrent Start) (G1 Humongous Allocation)
[2026-03-26T14:01:33.689+0900][22.265s][info][gc,task     ] GC(234) Using 12 workers of 13 for evacuation
[2026-03-26T14:01:33.691+0900][22.266s][info][gc,phases   ] GC(234)   Pre Evacuate Collection Set: 0.2ms
[2026-03-26T14:01:33.691+0900][22.266s][info][gc,phases   ] GC(234)   Merge Heap Roots: 0.1ms
[2026-03-26T14:01:33.691+0900][22.266s][info][gc,phases   ] GC(234)   Evacuate Collection Set: 0.2ms
[2026-03-26T14:01:33.691+0900][22.266s][info][gc,phases   ] GC(234)   Post Evacuate Collection Set: 0.2ms
[2026-03-26T14:01:33.691+0900][22.266s][info][gc,phases   ] GC(234)   Other: 0.1ms
[2026-03-26T14:01:33.691+0900][22.266s][info][gc,heap     ] GC(234) Eden regions: 50->0(140)
[2026-03-26T14:01:33.691+0900][22.266s][info][gc,heap     ] GC(234) Survivor regions: 1->1(19)
[2026-03-26T14:01:33.691+0900][22.266s][info][gc,heap     ] GC(234) Old regions: 1->1
[2026-03-26T14:01:33.691+0900][22.266s][info][gc,heap     ] GC(234) Humongous regions: 342->342
[2026-03-26T14:01:33.691+0900][22.266s][info][gc,metaspace] GC(234) Metaspace: 322K(512K)->322K(512K) NonClass: 305K(384K)->305K(384K) Class: 17K(128K)->17K(128K)
[2026-03-26T14:01:33.691+0900][22.266s][info][gc          ] GC(234) Pause Young (Concurrent Start) (G1 Humongous Allocation) 392M->342M(512M) 1.004ms
[2026-03-26T14:01:33.691+0900][22.266s][info][gc,cpu      ] GC(234) User=0.00s Sys=0.00s Real=0.00s
[2026-03-26T14:01:33.691+0900][22.266s][info][gc          ] GC(235) Concurrent Mark Cycle
[2026-03-26T14:01:33.691+0900][22.266s][info][gc,marking  ] GC(235) Concurrent Scan Root Regions
[2026-03-26T14:01:33.691+0900][22.266s][info][gc,marking  ] GC(235) Concurrent Scan Root Regions 0.044ms
[2026-03-26T14:01:33.691+0900][22.266s][info][gc,marking  ] GC(235) Concurrent Mark
[2026-03-26T14:01:33.691+0900][22.266s][info][gc,marking  ] GC(235) Concurrent Mark From Roots
[2026-03-26T14:01:33.691+0900][22.266s][info][gc,task     ] GC(235) Using 3 workers of 3 for marking
[2026-03-26T14:01:33.691+0900][22.267s][info][gc,marking  ] GC(235) Concurrent Mark From Roots 0.952ms
[2026-03-26T14:01:33.691+0900][22.267s][info][gc,marking  ] GC(235) Concurrent Preclean
[2026-03-26T14:01:33.691+0900][22.267s][info][gc,marking  ] GC(235) Concurrent Preclean 0.018ms
[2026-03-26T14:01:33.691+0900][22.267s][info][gc,start    ] GC(235) Pause Remark
[2026-03-26T14:01:33.693+0900][22.268s][info][gc          ] GC(235) Pause Remark 342M->342M(512M) 0.491ms
[2026-03-26T14:01:33.693+0900][22.268s][info][gc,cpu      ] GC(235) User=0.00s Sys=0.00s Real=0.00s
[2026-03-26T14:01:33.693+0900][22.268s][info][gc,marking  ] GC(235) Concurrent Mark 1.744ms
[2026-03-26T14:01:33.693+0900][22.268s][info][gc,marking  ] GC(235) Concurrent Rebuild Remembered Sets and Scrub Regions
[2026-03-26T14:01:33.693+0900][22.268s][info][gc,marking  ] GC(235) Concurrent Rebuild Remembered Sets and Scrub Regions 0.427ms
[2026-03-26T14:01:33.693+0900][22.268s][info][gc,start    ] GC(235) Pause Cleanup
[2026-03-26T14:01:33.693+0900][22.269s][info][gc          ] GC(235) Pause Cleanup 342M->342M(512M) 0.097ms
[2026-03-26T14:01:33.693+0900][22.269s][info][gc,cpu      ] GC(235) User=0.00s Sys=0.00s Real=0.00s
[2026-03-26T14:01:33.693+0900][22.269s][info][gc,marking  ] GC(235) Concurrent Clear Claimed Marks
[2026-03-26T14:01:33.693+0900][22.269s][info][gc,marking  ] GC(235) Concurrent Clear Claimed Marks 0.024ms
[2026-03-26T14:01:33.693+0900][22.269s][info][gc,marking  ] GC(235) Concurrent Cleanup for Next Mark
[2026-03-26T14:01:33.693+0900][22.269s][info][gc,marking  ] GC(235) Concurrent Cleanup for Next Mark 0.382ms
[2026-03-26T14:01:33.693+0900][22.269s][info][gc          ] GC(235) Concurrent Mark Cycle 2.993ms
[2026-03-26T14:01:33.848+0900][22.425s][info][gc,start    ] GC(236) Pause Young (Concurrent Start) (G1 Humongous Allocation)
[2026-03-26T14:01:33.848+0900][22.425s][info][gc,task     ] GC(236) Using 12 workers of 13 for evacuation
[2026-03-26T14:01:33.848+0900][22.427s][info][gc,phases   ] GC(236)   Pre Evacuate Collection Set: 0.5ms
[2026-03-26T14:01:33.848+0900][22.427s][info][gc,phases   ] GC(236)   Merge Heap Roots: 0.2ms
[2026-03-26T14:01:33.848+0900][22.427s][info][gc,phases   ] GC(236)   Evacuate Collection Set: 0.4ms
[2026-03-26T14:01:33.848+0900][22.427s][info][gc,phases   ] GC(236)   Post Evacuate Collection Set: 0.9ms
[2026-03-26T14:01:33.848+0900][22.427s][info][gc,phases   ] GC(236)   Other: 0.3ms
[2026-03-26T14:01:33.848+0900][22.427s][info][gc,heap     ] GC(236) Eden regions: 50->0(136)
[2026-03-26T14:01:33.848+0900][22.427s][info][gc,heap     ] GC(236) Survivor regions: 1->0(18)
[2026-03-26T14:01:33.848+0900][22.427s][info][gc,heap     ] GC(236) Old regions: 1->1
[2026-03-26T14:01:33.848+0900][22.427s][info][gc,heap     ] GC(236) Humongous regions: 348->348
[2026-03-26T14:01:33.848+0900][22.428s][info][gc,metaspace] GC(236) Metaspace: 322K(512K)->322K(512K) NonClass: 305K(384K)->305K(384K) Class: 17K(128K)->17K(128K)
[2026-03-26T14:01:33.848+0900][22.428s][info][gc          ] GC(236) Pause Young (Concurrent Start) (G1 Humongous Allocation) 398M->348M(512M) 2.925ms
[2026-03-26T14:01:33.848+0900][22.428s][info][gc,cpu      ] GC(236) User=0.00s Sys=0.00s Real=0.00s
[2026-03-26T14:01:33.848+0900][22.428s][info][gc          ] GC(237) Concurrent Mark Cycle
[2026-03-26T14:01:33.848+0900][22.428s][info][gc,marking  ] GC(237) Concurrent Scan Root Regions
[2026-03-26T14:01:33.848+0900][22.428s][info][gc,marking  ] GC(237) Concurrent Scan Root Regions 0.225ms
[2026-03-26T14:01:33.848+0900][22.428s][info][gc,marking  ] GC(237) Concurrent Mark
[2026-03-26T14:01:33.848+0900][22.428s][info][gc,marking  ] GC(237) Concurrent Mark From Roots
[2026-03-26T14:01:33.848+0900][22.428s][info][gc,task     ] GC(237) Using 3 workers of 3 for marking
[2026-03-26T14:01:33.848+0900][22.430s][info][gc,marking  ] GC(237) Concurrent Mark From Roots 1.676ms
[2026-03-26T14:01:33.848+0900][22.430s][info][gc,marking  ] GC(237) Concurrent Preclean
[2026-03-26T14:01:33.848+0900][22.430s][info][gc,marking  ] GC(237) Concurrent Preclean 0.028ms
[2026-03-26T14:01:33.848+0900][22.430s][info][gc,start    ] GC(237) Pause Remark
[2026-03-26T14:01:33.848+0900][22.432s][info][gc          ] GC(237) Pause Remark 354M->354M(512M) 1.483ms
[2026-03-26T14:01:33.848+0900][22.432s][info][gc,cpu      ] GC(237) User=0.05s Sys=0.00s Real=0.00s
[2026-03-26T14:01:33.848+0900][22.432s][info][gc,marking  ] GC(237) Concurrent Mark 3.620ms
[2026-03-26T14:01:33.848+0900][22.432s][info][gc,marking  ] GC(237) Concurrent Rebuild Remembered Sets and Scrub Regions
[2026-03-26T14:01:33.848+0900][22.433s][info][gc,marking  ] GC(237) Concurrent Rebuild Remembered Sets and Scrub Regions 0.871ms
[2026-03-26T14:01:33.848+0900][22.433s][info][gc,start    ] GC(237) Pause Cleanup
[2026-03-26T14:01:33.848+0900][22.433s][info][gc          ] GC(237) Pause Cleanup 354M->354M(512M) 0.346ms
[2026-03-26T14:01:33.848+0900][22.433s][info][gc,cpu      ] GC(237) User=0.00s Sys=0.00s Real=0.00s
[2026-03-26T14:01:33.848+0900][22.434s][info][gc,marking  ] GC(237) Concurrent Clear Claimed Marks
[2026-03-26T14:01:33.848+0900][22.434s][info][gc,marking  ] GC(237) Concurrent Clear Claimed Marks 0.089ms
[2026-03-26T14:01:33.848+0900][22.434s][info][gc,marking  ] GC(237) Concurrent Cleanup for Next Mark
[2026-03-26T14:01:33.848+0900][22.434s][info][gc,marking  ] GC(237) Concurrent Cleanup for Next Mark 0.476ms
[2026-03-26T14:01:33.848+0900][22.434s][info][gc          ] GC(237) Concurrent Mark Cycle 6.508ms
[2026-03-26T14:01:34.010+0900][22.586s][info][gc,start    ] GC(238) Pause Young (Concurrent Start) (G1 Humongous Allocation)
[2026-03-26T14:01:34.010+0900][22.586s][info][gc,task     ] GC(238) Using 12 workers of 13 for evacuation
[2026-03-26T14:01:34.012+0900][22.588s][info][gc,phases   ] GC(238)   Pre Evacuate Collection Set: 0.2ms
[2026-03-26T14:01:34.012+0900][22.588s][info][gc,phases   ] GC(238)   Merge Heap Roots: 0.1ms
[2026-03-26T14:01:34.012+0900][22.588s][info][gc,phases   ] GC(238)   Evacuate Collection Set: 0.4ms
[2026-03-26T14:01:34.012+0900][22.588s][info][gc,phases   ] GC(238)   Post Evacuate Collection Set: 0.3ms
[2026-03-26T14:01:34.012+0900][22.588s][info][gc,phases   ] GC(238)   Other: 0.1ms
[2026-03-26T14:01:34.012+0900][22.588s][info][gc,heap     ] GC(238) Eden regions: 50->0(130)
[2026-03-26T14:01:34.012+0900][22.588s][info][gc,heap     ] GC(238) Survivor regions: 0->0(17)
[2026-03-26T14:01:34.012+0900][22.588s][info][gc,heap     ] GC(238) Old regions: 1->1
[2026-03-26T14:01:34.012+0900][22.588s][info][gc,heap     ] GC(238) Humongous regions: 354->354
[2026-03-26T14:01:34.012+0900][22.588s][info][gc,metaspace] GC(238) Metaspace: 322K(512K)->322K(512K) NonClass: 305K(384K)->305K(384K) Class: 17K(128K)->17K(128K)
[2026-03-26T14:01:34.012+0900][22.588s][info][gc          ] GC(238) Pause Young (Concurrent Start) (G1 Humongous Allocation) 404M->354M(512M) 1.597ms
[2026-03-26T14:01:34.012+0900][22.588s][info][gc,cpu      ] GC(238) User=0.00s Sys=0.02s Real=0.00s
[2026-03-26T14:01:34.012+0900][22.588s][info][gc          ] GC(239) Concurrent Mark Cycle
[2026-03-26T14:01:34.012+0900][22.588s][info][gc,marking  ] GC(239) Concurrent Scan Root Regions
[2026-03-26T14:01:34.012+0900][22.588s][info][gc,marking  ] GC(239) Concurrent Scan Root Regions 0.024ms
[2026-03-26T14:01:34.012+0900][22.588s][info][gc,marking  ] GC(239) Concurrent Mark
[2026-03-26T14:01:34.012+0900][22.588s][info][gc,marking  ] GC(239) Concurrent Mark From Roots
[2026-03-26T14:01:34.012+0900][22.588s][info][gc,task     ] GC(239) Using 3 workers of 3 for marking
[2026-03-26T14:01:34.014+0900][22.590s][info][gc,marking  ] GC(239) Concurrent Mark From Roots 1.961ms
[2026-03-26T14:01:34.014+0900][22.590s][info][gc,marking  ] GC(239) Concurrent Preclean
[2026-03-26T14:01:34.014+0900][22.590s][info][gc,marking  ] GC(239) Concurrent Preclean 0.026ms
[2026-03-26T14:01:34.014+0900][22.590s][info][gc,start    ] GC(239) Pause Remark
[2026-03-26T14:01:34.014+0900][22.591s][info][gc          ] GC(239) Pause Remark 354M->354M(512M) 0.734ms
[2026-03-26T14:01:34.014+0900][22.591s][info][gc,cpu      ] GC(239) User=0.00s Sys=0.00s Real=0.00s
[2026-03-26T14:01:34.014+0900][22.591s][info][gc,marking  ] GC(239) Concurrent Mark 2.991ms
[2026-03-26T14:01:34.014+0900][22.591s][info][gc,marking  ] GC(239) Concurrent Rebuild Remembered Sets and Scrub Regions
[2026-03-26T14:01:34.016+0900][22.592s][info][gc,marking  ] GC(239) Concurrent Rebuild Remembered Sets and Scrub Regions 0.648ms
[2026-03-26T14:01:34.016+0900][22.592s][info][gc,start    ] GC(239) Pause Cleanup
[2026-03-26T14:01:34.016+0900][22.592s][info][gc          ] GC(239) Pause Cleanup 354M->354M(512M) 0.106ms
[2026-03-26T14:01:34.016+0900][22.592s][info][gc,cpu      ] GC(239) User=0.00s Sys=0.00s Real=0.00s
[2026-03-26T14:01:34.016+0900][22.592s][info][gc,marking  ] GC(239) Concurrent Clear Claimed Marks
[2026-03-26T14:01:34.016+0900][22.592s][info][gc,marking  ] GC(239) Concurrent Clear Claimed Marks 0.022ms
[2026-03-26T14:01:34.016+0900][22.592s][info][gc,marking  ] GC(239) Concurrent Cleanup for Next Mark
[2026-03-26T14:01:34.016+0900][22.593s][info][gc,marking  ] GC(239) Concurrent Cleanup for Next Mark 0.808ms
[2026-03-26T14:01:34.016+0900][22.593s][info][gc          ] GC(239) Concurrent Mark Cycle 4.840ms
[2026-03-26T14:01:34.173+0900][22.749s][info][gc,start    ] GC(240) Pause Young (Concurrent Start) (G1 Humongous Allocation)
[2026-03-26T14:01:34.173+0900][22.750s][info][gc,task     ] GC(240) Using 12 workers of 13 for evacuation
[2026-03-26T14:01:34.173+0900][22.750s][info][gc,phases   ] GC(240)   Pre Evacuate Collection Set: 0.2ms
[2026-03-26T14:01:34.173+0900][22.751s][info][gc,phases   ] GC(240)   Merge Heap Roots: 0.1ms
[2026-03-26T14:01:34.173+0900][22.751s][info][gc,phases   ] GC(240)   Evacuate Collection Set: 0.3ms
[2026-03-26T14:01:34.173+0900][22.751s][info][gc,phases   ] GC(240)   Post Evacuate Collection Set: 0.2ms
[2026-03-26T14:01:34.173+0900][22.751s][info][gc,phases   ] GC(240)   Other: 0.1ms
[2026-03-26T14:01:34.173+0900][22.751s][info][gc,heap     ] GC(240) Eden regions: 50->0(124)
[2026-03-26T14:01:34.173+0900][22.751s][info][gc,heap     ] GC(240) Survivor regions: 0->0(17)
[2026-03-26T14:01:34.173+0900][22.751s][info][gc,heap     ] GC(240) Old regions: 1->1
[2026-03-26T14:01:34.173+0900][22.751s][info][gc,heap     ] GC(240) Humongous regions: 360->360
[2026-03-26T14:01:34.176+0900][22.751s][info][gc,metaspace] GC(240) Metaspace: 322K(512K)->322K(512K) NonClass: 305K(384K)->305K(384K) Class: 17K(128K)->17K(128K)
[2026-03-26T14:01:34.176+0900][22.751s][info][gc          ] GC(240) Pause Young (Concurrent Start) (G1 Humongous Allocation) 410M->360M(512M) 1.380ms
[2026-03-26T14:01:34.176+0900][22.751s][info][gc,cpu      ] GC(240) User=0.00s Sys=0.00s Real=0.00s
[2026-03-26T14:01:34.176+0900][22.751s][info][gc          ] GC(241) Concurrent Mark Cycle
[2026-03-26T14:01:34.176+0900][22.751s][info][gc,marking  ] GC(241) Concurrent Scan Root Regions
[2026-03-26T14:01:34.176+0900][22.751s][info][gc,marking  ] GC(241) Concurrent Scan Root Regions 0.030ms
[2026-03-26T14:01:34.176+0900][22.751s][info][gc,marking  ] GC(241) Concurrent Mark
[2026-03-26T14:01:34.176+0900][22.751s][info][gc,marking  ] GC(241) Concurrent Mark From Roots
[2026-03-26T14:01:34.176+0900][22.751s][info][gc,task     ] GC(241) Using 3 workers of 3 for marking
[2026-03-26T14:01:34.177+0900][22.752s][info][gc,marking  ] GC(241) Concurrent Mark From Roots 1.382ms
[2026-03-26T14:01:34.177+0900][22.752s][info][gc,marking  ] GC(241) Concurrent Preclean
[2026-03-26T14:01:34.177+0900][22.752s][info][gc,marking  ] GC(241) Concurrent Preclean 0.024ms
[2026-03-26T14:01:34.177+0900][22.753s][info][gc,start    ] GC(241) Pause Remark
[2026-03-26T14:01:34.178+0900][22.754s][info][gc          ] GC(241) Pause Remark 366M->366M(512M) 0.748ms
[2026-03-26T14:01:34.178+0900][22.754s][info][gc,cpu      ] GC(241) User=0.00s Sys=0.00s Real=0.00s
[2026-03-26T14:01:34.178+0900][22.754s][info][gc,marking  ] GC(241) Concurrent Mark 2.760ms
[2026-03-26T14:01:34.178+0900][22.754s][info][gc,marking  ] GC(241) Concurrent Rebuild Remembered Sets and Scrub Regions
[2026-03-26T14:01:34.179+0900][22.754s][info][gc,marking  ] GC(241) Concurrent Rebuild Remembered Sets and Scrub Regions 0.623ms
[2026-03-26T14:01:34.179+0900][22.754s][info][gc,start    ] GC(241) Pause Cleanup
[2026-03-26T14:01:34.179+0900][22.755s][info][gc          ] GC(241) Pause Cleanup 366M->366M(512M) 0.137ms
[2026-03-26T14:01:34.179+0900][22.755s][info][gc,cpu      ] GC(241) User=0.00s Sys=0.00s Real=0.00s
[2026-03-26T14:01:34.179+0900][22.755s][info][gc,marking  ] GC(241) Concurrent Clear Claimed Marks
[2026-03-26T14:01:34.179+0900][22.755s][info][gc,marking  ] GC(241) Concurrent Clear Claimed Marks 0.041ms
[2026-03-26T14:01:34.179+0900][22.755s][info][gc,marking  ] GC(241) Concurrent Cleanup for Next Mark
[2026-03-26T14:01:34.180+0900][22.755s][info][gc,marking  ] GC(241) Concurrent Cleanup for Next Mark 0.453ms
[2026-03-26T14:01:34.180+0900][22.755s][info][gc          ] GC(241) Concurrent Mark Cycle 4.391ms
[2026-03-26T14:01:34.331+0900][22.907s][info][gc,start    ] GC(242) Pause Young (Concurrent Start) (G1 Humongous Allocation)
[2026-03-26T14:01:34.331+0900][22.907s][info][gc,task     ] GC(242) Using 12 workers of 13 for evacuation
[2026-03-26T14:01:34.331+0900][22.907s][info][gc,phases   ] GC(242)   Pre Evacuate Collection Set: 0.2ms
[2026-03-26T14:01:34.331+0900][22.908s][info][gc,phases   ] GC(242)   Merge Heap Roots: 0.1ms
[2026-03-26T14:01:34.331+0900][22.908s][info][gc,phases   ] GC(242)   Evacuate Collection Set: 0.1ms
[2026-03-26T14:01:34.331+0900][22.908s][info][gc,phases   ] GC(242)   Post Evacuate Collection Set: 0.2ms
[2026-03-26T14:01:34.331+0900][22.908s][info][gc,phases   ] GC(242)   Other: 0.1ms
[2026-03-26T14:01:34.331+0900][22.908s][info][gc,heap     ] GC(242) Eden regions: 50->0(208)
[2026-03-26T14:01:34.331+0900][22.908s][info][gc,heap     ] GC(242) Survivor regions: 0->0(16)
[2026-03-26T14:01:34.331+0900][22.908s][info][gc,heap     ] GC(242) Old regions: 1->1
[2026-03-26T14:01:34.331+0900][22.908s][info][gc,heap     ] GC(242) Humongous regions: 366->276
[2026-03-26T14:01:34.331+0900][22.908s][info][gc,metaspace] GC(242) Metaspace: 322K(512K)->322K(512K) NonClass: 305K(384K)->305K(384K) Class: 17K(128K)->17K(128K)
[2026-03-26T14:01:34.331+0900][22.908s][info][gc          ] GC(242) Pause Young (Concurrent Start) (G1 Humongous Allocation) 416M->276M(512M) 0.828ms
[2026-03-26T14:01:34.331+0900][22.908s][info][gc,cpu      ] GC(242) User=0.00s Sys=0.00s Real=0.00s
[2026-03-26T14:01:34.331+0900][22.908s][info][gc          ] GC(243) Concurrent Mark Cycle
[2026-03-26T14:01:34.331+0900][22.908s][info][gc,marking  ] GC(243) Concurrent Scan Root Regions
[2026-03-26T14:01:34.331+0900][22.908s][info][gc,marking  ] GC(243) Concurrent Scan Root Regions 0.016ms
[2026-03-26T14:01:34.331+0900][22.908s][info][gc,marking  ] GC(243) Concurrent Mark
[2026-03-26T14:01:34.331+0900][22.908s][info][gc,marking  ] GC(243) Concurrent Mark From Roots
[2026-03-26T14:01:34.331+0900][22.908s][info][gc,task     ] GC(243) Using 3 workers of 3 for marking
[2026-03-26T14:01:34.333+0900][22.909s][info][gc,marking  ] GC(243) Concurrent Mark From Roots 0.900ms
[2026-03-26T14:01:34.333+0900][22.909s][info][gc,marking  ] GC(243) Concurrent Preclean
[2026-03-26T14:01:34.333+0900][22.909s][info][gc,marking  ] GC(243) Concurrent Preclean 0.017ms
[2026-03-26T14:01:34.333+0900][22.909s][info][gc,start    ] GC(243) Pause Remark
[2026-03-26T14:01:34.333+0900][22.909s][info][gc          ] GC(243) Pause Remark 282M->282M(512M) 0.639ms
[2026-03-26T14:01:34.333+0900][22.910s][info][gc,cpu      ] GC(243) User=0.00s Sys=0.00s Real=0.00s
[2026-03-26T14:01:34.333+0900][22.910s][info][gc,marking  ] GC(243) Concurrent Mark 1.818ms
[2026-03-26T14:01:34.333+0900][22.910s][info][gc,marking  ] GC(243) Concurrent Rebuild Remembered Sets and Scrub Regions
[2026-03-26T14:01:34.335+0900][22.910s][info][gc,marking  ] GC(243) Concurrent Rebuild Remembered Sets and Scrub Regions 0.462ms
[2026-03-26T14:01:34.335+0900][22.910s][info][gc,start    ] GC(243) Pause Cleanup
[2026-03-26T14:01:34.335+0900][22.910s][info][gc          ] GC(243) Pause Cleanup 282M->282M(512M) 0.128ms
[2026-03-26T14:01:34.335+0900][22.910s][info][gc,cpu      ] GC(243) User=0.00s Sys=0.00s Real=0.00s
[2026-03-26T14:01:34.335+0900][22.910s][info][gc,marking  ] GC(243) Concurrent Clear Claimed Marks
[2026-03-26T14:01:34.335+0900][22.910s][info][gc,marking  ] GC(243) Concurrent Clear Claimed Marks 0.046ms
[2026-03-26T14:01:34.335+0900][22.910s][info][gc,marking  ] GC(243) Concurrent Cleanup for Next Mark
[2026-03-26T14:01:34.335+0900][22.911s][info][gc,marking  ] GC(243) Concurrent Cleanup for Next Mark 0.292ms
[2026-03-26T14:01:34.335+0900][22.911s][info][gc          ] GC(243) Concurrent Mark Cycle 3.103ms
[2026-03-26T14:01:34.488+0900][23.064s][info][gc,start    ] GC(244) Pause Young (Concurrent Start) (G1 Humongous Allocation)
[2026-03-26T14:01:34.488+0900][23.064s][info][gc,task     ] GC(244) Using 12 workers of 13 for evacuation
[2026-03-26T14:01:34.488+0900][23.066s][info][gc,phases   ] GC(244)   Pre Evacuate Collection Set: 0.3ms
[2026-03-26T14:01:34.488+0900][23.066s][info][gc,phases   ] GC(244)   Merge Heap Roots: 0.1ms
[2026-03-26T14:01:34.488+0900][23.066s][info][gc,phases   ] GC(244)   Evacuate Collection Set: 0.2ms
[2026-03-26T14:01:34.488+0900][23.066s][info][gc,phases   ] GC(244)   Post Evacuate Collection Set: 0.5ms
[2026-03-26T14:01:34.488+0900][23.066s][info][gc,phases   ] GC(244)   Other: 0.2ms
[2026-03-26T14:01:34.488+0900][23.066s][info][gc,heap     ] GC(244) Eden regions: 50->0(202)
[2026-03-26T14:01:34.488+0900][23.066s][info][gc,heap     ] GC(244) Survivor regions: 0->0(26)
[2026-03-26T14:01:34.488+0900][23.066s][info][gc,heap     ] GC(244) Old regions: 1->1
[2026-03-26T14:01:34.488+0900][23.066s][info][gc,heap     ] GC(244) Humongous regions: 282->282
[2026-03-26T14:01:34.488+0900][23.066s][info][gc,metaspace] GC(244) Metaspace: 322K(512K)->322K(512K) NonClass: 305K(384K)->305K(384K) Class: 17K(128K)->17K(128K)
[2026-03-26T14:01:34.488+0900][23.066s][info][gc          ] GC(244) Pause Young (Concurrent Start) (G1 Humongous Allocation) 332M->282M(512M) 1.759ms
[2026-03-26T14:01:34.488+0900][23.066s][info][gc,cpu      ] GC(244) User=0.00s Sys=0.00s Real=0.00s
[2026-03-26T14:01:34.488+0900][23.066s][info][gc          ] GC(245) Concurrent Mark Cycle
[2026-03-26T14:01:34.488+0900][23.066s][info][gc,marking  ] GC(245) Concurrent Scan Root Regions
[2026-03-26T14:01:34.488+0900][23.066s][info][gc,marking  ] GC(245) Concurrent Scan Root Regions 0.026ms
[2026-03-26T14:01:34.488+0900][23.066s][info][gc,marking  ] GC(245) Concurrent Mark
[2026-03-26T14:01:34.488+0900][23.066s][info][gc,marking  ] GC(245) Concurrent Mark From Roots
[2026-03-26T14:01:34.488+0900][23.066s][info][gc,task     ] GC(245) Using 3 workers of 3 for marking
[2026-03-26T14:01:34.488+0900][23.068s][info][gc,marking  ] GC(245) Concurrent Mark From Roots 1.399ms
[2026-03-26T14:01:34.488+0900][23.068s][info][gc,marking  ] GC(245) Concurrent Preclean
[2026-03-26T14:01:34.488+0900][23.068s][info][gc,marking  ] GC(245) Concurrent Preclean 0.034ms
[2026-03-26T14:01:34.488+0900][23.068s][info][gc,start    ] GC(245) Pause Remark
[2026-03-26T14:01:34.488+0900][23.069s][info][gc          ] GC(245) Pause Remark 288M->288M(512M) 1.030ms
[2026-03-26T14:01:34.488+0900][23.069s][info][gc,cpu      ] GC(245) User=0.00s Sys=0.00s Real=0.00s
[2026-03-26T14:01:34.488+0900][23.069s][info][gc,marking  ] GC(245) Concurrent Mark 2.785ms
[2026-03-26T14:01:34.488+0900][23.069s][info][gc,marking  ] GC(245) Concurrent Rebuild Remembered Sets and Scrub Regions
[2026-03-26T14:01:34.488+0900][23.070s][info][gc,marking  ] GC(245) Concurrent Rebuild Remembered Sets and Scrub Regions 0.763ms
[2026-03-26T14:01:34.488+0900][23.070s][info][gc,start    ] GC(245) Pause Cleanup
[2026-03-26T14:01:34.488+0900][23.070s][info][gc          ] GC(245) Pause Cleanup 288M->288M(512M) 0.159ms
[2026-03-26T14:01:34.488+0900][23.070s][info][gc,cpu      ] GC(245) User=0.00s Sys=0.00s Real=0.00s
[2026-03-26T14:01:34.488+0900][23.070s][info][gc,marking  ] GC(245) Concurrent Clear Claimed Marks
[2026-03-26T14:01:34.488+0900][23.070s][info][gc,marking  ] GC(245) Concurrent Clear Claimed Marks 0.067ms
[2026-03-26T14:01:34.488+0900][23.070s][info][gc,marking  ] GC(245) Concurrent Cleanup for Next Mark
[2026-03-26T14:01:34.488+0900][23.071s][info][gc,marking  ] GC(245) Concurrent Cleanup for Next Mark 0.393ms
[2026-03-26T14:01:34.488+0900][23.071s][info][gc          ] GC(245) Concurrent Mark Cycle 4.671ms
[2026-03-26T14:01:34.649+0900][23.226s][info][gc,start    ] GC(246) Pause Young (Concurrent Start) (G1 Humongous Allocation)
[2026-03-26T14:01:34.649+0900][23.226s][info][gc,task     ] GC(246) Using 12 workers of 13 for evacuation
[2026-03-26T14:01:34.649+0900][23.229s][info][gc,phases   ] GC(246)   Pre Evacuate Collection Set: 0.7ms
[2026-03-26T14:01:34.649+0900][23.229s][info][gc,phases   ] GC(246)   Merge Heap Roots: 0.2ms
[2026-03-26T14:01:34.649+0900][23.229s][info][gc,phases   ] GC(246)   Evacuate Collection Set: 0.6ms
[2026-03-26T14:01:34.649+0900][23.229s][info][gc,phases   ] GC(246)   Post Evacuate Collection Set: 0.7ms
[2026-03-26T14:01:34.649+0900][23.229s][info][gc,phases   ] GC(246)   Other: 0.4ms
[2026-03-26T14:01:34.649+0900][23.229s][info][gc,heap     ] GC(246) Eden regions: 50->0(196)
[2026-03-26T14:01:34.649+0900][23.229s][info][gc,heap     ] GC(246) Survivor regions: 0->0(26)
[2026-03-26T14:01:34.649+0900][23.229s][info][gc,heap     ] GC(246) Old regions: 1->1
[2026-03-26T14:01:34.649+0900][23.229s][info][gc,heap     ] GC(246) Humongous regions: 288->288
[2026-03-26T14:01:34.649+0900][23.229s][info][gc,metaspace] GC(246) Metaspace: 322K(512K)->322K(512K) NonClass: 305K(384K)->305K(384K) Class: 17K(128K)->17K(128K)
[2026-03-26T14:01:34.649+0900][23.229s][info][gc          ] GC(246) Pause Young (Concurrent Start) (G1 Humongous Allocation) 338M->288M(512M) 3.179ms
[2026-03-26T14:01:34.649+0900][23.229s][info][gc,cpu      ] GC(246) User=0.00s Sys=0.00s Real=0.00s
[2026-03-26T14:01:34.649+0900][23.229s][info][gc          ] GC(247) Concurrent Mark Cycle
[2026-03-26T14:01:34.649+0900][23.229s][info][gc,marking  ] GC(247) Concurrent Scan Root Regions
[2026-03-26T14:01:34.649+0900][23.230s][info][gc,marking  ] GC(247) Concurrent Scan Root Regions 0.036ms
[2026-03-26T14:01:34.649+0900][23.230s][info][gc,marking  ] GC(247) Concurrent Mark
[2026-03-26T14:01:34.649+0900][23.230s][info][gc,marking  ] GC(247) Concurrent Mark From Roots
[2026-03-26T14:01:34.649+0900][23.230s][info][gc,task     ] GC(247) Using 3 workers of 3 for marking
[2026-03-26T14:01:34.656+0900][23.232s][info][gc,marking  ] GC(247) Concurrent Mark From Roots 2.124ms
[2026-03-26T14:01:34.656+0900][23.232s][info][gc,marking  ] GC(247) Concurrent Preclean
[2026-03-26T14:01:34.656+0900][23.232s][info][gc,marking  ] GC(247) Concurrent Preclean 0.033ms
[2026-03-26T14:01:34.656+0900][23.232s][info][gc,start    ] GC(247) Pause Remark
[2026-03-26T14:01:34.656+0900][23.233s][info][gc          ] GC(247) Pause Remark 294M->294M(512M) 1.430ms
[2026-03-26T14:01:34.656+0900][23.233s][info][gc,cpu      ] GC(247) User=0.00s Sys=0.00s Real=0.00s
[2026-03-26T14:01:34.656+0900][23.234s][info][gc,marking  ] GC(247) Concurrent Mark 4.043ms
[2026-03-26T14:01:34.656+0900][23.234s][info][gc,marking  ] GC(247) Concurrent Rebuild Remembered Sets and Scrub Regions
[2026-03-26T14:01:34.656+0900][23.235s][info][gc,marking  ] GC(247) Concurrent Rebuild Remembered Sets and Scrub Regions 0.853ms
[2026-03-26T14:01:34.656+0900][23.235s][info][gc,start    ] GC(247) Pause Cleanup
[2026-03-26T14:01:34.656+0900][23.235s][info][gc          ] GC(247) Pause Cleanup 294M->294M(512M) 0.238ms
[2026-03-26T14:01:34.656+0900][23.235s][info][gc,cpu      ] GC(247) User=0.00s Sys=0.00s Real=0.00s
[2026-03-26T14:01:34.656+0900][23.235s][info][gc,marking  ] GC(247) Concurrent Clear Claimed Marks
[2026-03-26T14:01:34.656+0900][23.235s][info][gc,marking  ] GC(247) Concurrent Clear Claimed Marks 0.085ms
[2026-03-26T14:01:34.656+0900][23.235s][info][gc,marking  ] GC(247) Concurrent Cleanup for Next Mark
[2026-03-26T14:01:34.656+0900][23.236s][info][gc,marking  ] GC(247) Concurrent Cleanup for Next Mark 0.531ms
[2026-03-26T14:01:34.656+0900][23.236s][info][gc          ] GC(247) Concurrent Mark Cycle 6.519ms
[2026-03-26T14:01:34.812+0900][23.389s][info][gc,start    ] GC(248) Pause Young (Concurrent Start) (G1 Humongous Allocation)
[2026-03-26T14:01:34.812+0900][23.390s][info][gc,task     ] GC(248) Using 12 workers of 13 for evacuation
[2026-03-26T14:01:34.812+0900][23.391s][info][gc,phases   ] GC(248)   Pre Evacuate Collection Set: 0.5ms
[2026-03-26T14:01:34.812+0900][23.392s][info][gc,phases   ] GC(248)   Merge Heap Roots: 0.2ms
[2026-03-26T14:01:34.812+0900][23.392s][info][gc,phases   ] GC(248)   Evacuate Collection Set: 0.5ms
[2026-03-26T14:01:34.812+0900][23.392s][info][gc,phases   ] GC(248)   Post Evacuate Collection Set: 0.6ms
[2026-03-26T14:01:34.812+0900][23.392s][info][gc,phases   ] GC(248)   Other: 0.2ms
[2026-03-26T14:01:34.812+0900][23.392s][info][gc,heap     ] GC(248) Eden regions: 50->0(190)
[2026-03-26T14:01:34.812+0900][23.392s][info][gc,heap     ] GC(248) Survivor regions: 0->0(25)
[2026-03-26T14:01:34.812+0900][23.392s][info][gc,heap     ] GC(248) Old regions: 1->1
[2026-03-26T14:01:34.812+0900][23.392s][info][gc,heap     ] GC(248) Humongous regions: 294->294
[2026-03-26T14:01:34.812+0900][23.392s][info][gc,metaspace] GC(248) Metaspace: 322K(512K)->322K(512K) NonClass: 305K(384K)->305K(384K) Class: 17K(128K)->17K(128K)
[2026-03-26T14:01:34.812+0900][23.392s][info][gc          ] GC(248) Pause Young (Concurrent Start) (G1 Humongous Allocation) 344M->294M(512M) 2.414ms
[2026-03-26T14:01:34.812+0900][23.392s][info][gc,cpu      ] GC(248) User=0.00s Sys=0.00s Real=0.00s
[2026-03-26T14:01:34.812+0900][23.392s][info][gc          ] GC(249) Concurrent Mark Cycle
[2026-03-26T14:01:34.812+0900][23.392s][info][gc,marking  ] GC(249) Concurrent Scan Root Regions
[2026-03-26T14:01:34.812+0900][23.392s][info][gc,marking  ] GC(249) Concurrent Scan Root Regions 0.031ms
[2026-03-26T14:01:34.812+0900][23.392s][info][gc,marking  ] GC(249) Concurrent Mark
[2026-03-26T14:01:34.812+0900][23.392s][info][gc,marking  ] GC(249) Concurrent Mark From Roots
[2026-03-26T14:01:34.812+0900][23.392s][info][gc,task     ] GC(249) Using 3 workers of 3 for marking
[2026-03-26T14:01:34.819+0900][23.394s][info][gc,marking  ] GC(249) Concurrent Mark From Roots 1.704ms
[2026-03-26T14:01:34.819+0900][23.394s][info][gc,marking  ] GC(249) Concurrent Preclean
[2026-03-26T14:01:34.819+0900][23.394s][info][gc,marking  ] GC(249) Concurrent Preclean 0.030ms
[2026-03-26T14:01:34.819+0900][23.394s][info][gc,start    ] GC(249) Pause Remark
[2026-03-26T14:01:34.819+0900][23.396s][info][gc          ] GC(249) Pause Remark 301M->301M(512M) 1.453ms
[2026-03-26T14:01:34.819+0900][23.396s][info][gc,cpu      ] GC(249) User=0.00s Sys=0.00s Real=0.00s
[2026-03-26T14:01:34.819+0900][23.396s][info][gc,marking  ] GC(249) Concurrent Mark 3.577ms
[2026-03-26T14:01:34.819+0900][23.396s][info][gc,marking  ] GC(249) Concurrent Rebuild Remembered Sets and Scrub Regions
[2026-03-26T14:01:34.819+0900][23.397s][info][gc,marking  ] GC(249) Concurrent Rebuild Remembered Sets and Scrub Regions 0.906ms
[2026-03-26T14:01:34.819+0900][23.397s][info][gc,start    ] GC(249) Pause Cleanup
[2026-03-26T14:01:34.819+0900][23.397s][info][gc          ] GC(249) Pause Cleanup 301M->301M(512M) 0.252ms
[2026-03-26T14:01:34.819+0900][23.397s][info][gc,cpu      ] GC(249) User=0.00s Sys=0.00s Real=0.00s
[2026-03-26T14:01:34.819+0900][23.397s][info][gc,marking  ] GC(249) Concurrent Clear Claimed Marks
[2026-03-26T14:01:34.819+0900][23.397s][info][gc,marking  ] GC(249) Concurrent Clear Claimed Marks 0.099ms
[2026-03-26T14:01:34.819+0900][23.398s][info][gc,marking  ] GC(249) Concurrent Cleanup for Next Mark
[2026-03-26T14:01:34.819+0900][23.398s][info][gc,marking  ] GC(249) Concurrent Cleanup for Next Mark 0.963ms
[2026-03-26T14:01:34.819+0900][23.399s][info][gc          ] GC(249) Concurrent Mark Cycle 6.571ms
[2026-03-26T14:01:34.973+0900][23.549s][info][gc,start    ] GC(250) Pause Young (Concurrent Start) (G1 Humongous Allocation)
[2026-03-26T14:01:34.973+0900][23.549s][info][gc,task     ] GC(250) Using 12 workers of 13 for evacuation
[2026-03-26T14:01:34.973+0900][23.550s][info][gc,phases   ] GC(250)   Pre Evacuate Collection Set: 0.2ms
[2026-03-26T14:01:34.973+0900][23.550s][info][gc,phases   ] GC(250)   Merge Heap Roots: 0.1ms
[2026-03-26T14:01:34.973+0900][23.550s][info][gc,phases   ] GC(250)   Evacuate Collection Set: 0.2ms
[2026-03-26T14:01:34.973+0900][23.550s][info][gc,phases   ] GC(250)   Post Evacuate Collection Set: 0.2ms
[2026-03-26T14:01:34.973+0900][23.550s][info][gc,phases   ] GC(250)   Other: 0.1ms
[2026-03-26T14:01:34.973+0900][23.550s][info][gc,heap     ] GC(250) Eden regions: 50->0(184)
[2026-03-26T14:01:34.973+0900][23.550s][info][gc,heap     ] GC(250) Survivor regions: 0->0(24)
[2026-03-26T14:01:34.973+0900][23.550s][info][gc,heap     ] GC(250) Old regions: 1->1
[2026-03-26T14:01:34.973+0900][23.550s][info][gc,heap     ] GC(250) Humongous regions: 300->300
[2026-03-26T14:01:34.973+0900][23.550s][info][gc,metaspace] GC(250) Metaspace: 322K(512K)->322K(512K) NonClass: 305K(384K)->305K(384K) Class: 17K(128K)->17K(128K)
[2026-03-26T14:01:34.973+0900][23.550s][info][gc          ] GC(250) Pause Young (Concurrent Start) (G1 Humongous Allocation) 350M->300M(512M) 1.086ms
[2026-03-26T14:01:34.973+0900][23.550s][info][gc,cpu      ] GC(250) User=0.00s Sys=0.00s Real=0.00s
[2026-03-26T14:01:34.973+0900][23.550s][info][gc          ] GC(251) Concurrent Mark Cycle
[2026-03-26T14:01:34.973+0900][23.550s][info][gc,marking  ] GC(251) Concurrent Scan Root Regions
[2026-03-26T14:01:34.973+0900][23.550s][info][gc,marking  ] GC(251) Concurrent Scan Root Regions 0.015ms
[2026-03-26T14:01:34.973+0900][23.550s][info][gc,marking  ] GC(251) Concurrent Mark
[2026-03-26T14:01:34.973+0900][23.550s][info][gc,marking  ] GC(251) Concurrent Mark From Roots
[2026-03-26T14:01:34.973+0900][23.550s][info][gc,task     ] GC(251) Using 3 workers of 3 for marking
[2026-03-26T14:01:34.975+0900][23.551s][info][gc,marking  ] GC(251) Concurrent Mark From Roots 0.891ms
[2026-03-26T14:01:34.975+0900][23.551s][info][gc,marking  ] GC(251) Concurrent Preclean
[2026-03-26T14:01:34.975+0900][23.551s][info][gc,marking  ] GC(251) Concurrent Preclean 0.014ms
[2026-03-26T14:01:34.975+0900][23.551s][info][gc,start    ] GC(251) Pause Remark
[2026-03-26T14:01:34.975+0900][23.551s][info][gc          ] GC(251) Pause Remark 306M->306M(512M) 0.483ms
[2026-03-26T14:01:34.975+0900][23.551s][info][gc,cpu      ] GC(251) User=0.00s Sys=0.00s Real=0.00s
[2026-03-26T14:01:34.975+0900][23.551s][info][gc,marking  ] GC(251) Concurrent Mark 1.510ms
[2026-03-26T14:01:34.975+0900][23.551s][info][gc,marking  ] GC(251) Concurrent Rebuild Remembered Sets and Scrub Regions
[2026-03-26T14:01:34.977+0900][23.552s][info][gc,marking  ] GC(251) Concurrent Rebuild Remembered Sets and Scrub Regions 0.396ms
[2026-03-26T14:01:34.977+0900][23.552s][info][gc,start    ] GC(251) Pause Cleanup
[2026-03-26T14:01:34.977+0900][23.552s][info][gc          ] GC(251) Pause Cleanup 306M->306M(512M) 0.100ms
[2026-03-26T14:01:34.977+0900][23.552s][info][gc,cpu      ] GC(251) User=0.00s Sys=0.00s Real=0.00s
[2026-03-26T14:01:34.977+0900][23.552s][info][gc,marking  ] GC(251) Concurrent Clear Claimed Marks
[2026-03-26T14:01:34.977+0900][23.552s][info][gc,marking  ] GC(251) Concurrent Clear Claimed Marks 0.024ms
[2026-03-26T14:01:34.977+0900][23.552s][info][gc,marking  ] GC(251) Concurrent Cleanup for Next Mark
[2026-03-26T14:01:34.977+0900][23.552s][info][gc,marking  ] GC(251) Concurrent Cleanup for Next Mark 0.350ms
[2026-03-26T14:01:34.977+0900][23.552s][info][gc          ] GC(251) Concurrent Mark Cycle 2.635ms
[2026-03-26T14:01:35.132+0900][23.707s][info][gc,start    ] GC(252) Pause Young (Concurrent Start) (G1 Humongous Allocation)
[2026-03-26T14:01:35.132+0900][23.708s][info][gc,task     ] GC(252) Using 12 workers of 13 for evacuation
[2026-03-26T14:01:35.132+0900][23.708s][info][gc,phases   ] GC(252)   Pre Evacuate Collection Set: 0.2ms
[2026-03-26T14:01:35.132+0900][23.708s][info][gc,phases   ] GC(252)   Merge Heap Roots: 0.2ms
[2026-03-26T14:01:35.132+0900][23.708s][info][gc,phases   ] GC(252)   Evacuate Collection Set: 0.2ms
[2026-03-26T14:01:35.132+0900][23.708s][info][gc,phases   ] GC(252)   Post Evacuate Collection Set: 0.2ms
[2026-03-26T14:01:35.132+0900][23.708s][info][gc,phases   ] GC(252)   Other: 0.1ms
[2026-03-26T14:01:35.132+0900][23.708s][info][gc,heap     ] GC(252) Eden regions: 50->0(178)
[2026-03-26T14:01:35.132+0900][23.708s][info][gc,heap     ] GC(252) Survivor regions: 0->0(23)
[2026-03-26T14:01:35.132+0900][23.708s][info][gc,heap     ] GC(252) Old regions: 1->1
[2026-03-26T14:01:35.132+0900][23.708s][info][gc,heap     ] GC(252) Humongous regions: 306->306
[2026-03-26T14:01:35.132+0900][23.708s][info][gc,metaspace] GC(252) Metaspace: 322K(512K)->322K(512K) NonClass: 305K(384K)->305K(384K) Class: 17K(128K)->17K(128K)
[2026-03-26T14:01:35.132+0900][23.709s][info][gc          ] GC(252) Pause Young (Concurrent Start) (G1 Humongous Allocation) 356M->306M(512M) 1.097ms
[2026-03-26T14:01:35.132+0900][23.709s][info][gc,cpu      ] GC(252) User=0.00s Sys=0.00s Real=0.00s
[2026-03-26T14:01:35.132+0900][23.709s][info][gc          ] GC(253) Concurrent Mark Cycle
[2026-03-26T14:01:35.132+0900][23.709s][info][gc,marking  ] GC(253) Concurrent Scan Root Regions
[2026-03-26T14:01:35.132+0900][23.709s][info][gc,marking  ] GC(253) Concurrent Scan Root Regions 0.015ms
[2026-03-26T14:01:35.132+0900][23.709s][info][gc,marking  ] GC(253) Concurrent Mark
[2026-03-26T14:01:35.132+0900][23.709s][info][gc,marking  ] GC(253) Concurrent Mark From Roots
[2026-03-26T14:01:35.132+0900][23.709s][info][gc,task     ] GC(253) Using 3 workers of 3 for marking
[2026-03-26T14:01:35.134+0900][23.710s][info][gc,marking  ] GC(253) Concurrent Mark From Roots 0.860ms
[2026-03-26T14:01:35.134+0900][23.710s][info][gc,marking  ] GC(253) Concurrent Preclean
[2026-03-26T14:01:35.134+0900][23.710s][info][gc,marking  ] GC(253) Concurrent Preclean 0.016ms
[2026-03-26T14:01:35.134+0900][23.710s][info][gc,start    ] GC(253) Pause Remark
[2026-03-26T14:01:35.134+0900][23.710s][info][gc          ] GC(253) Pause Remark 312M->312M(512M) 0.515ms
[2026-03-26T14:01:35.134+0900][23.710s][info][gc,cpu      ] GC(253) User=0.00s Sys=0.00s Real=0.00s
[2026-03-26T14:01:35.134+0900][23.711s][info][gc,marking  ] GC(253) Concurrent Mark 1.879ms
[2026-03-26T14:01:35.134+0900][23.711s][info][gc,marking  ] GC(253) Concurrent Rebuild Remembered Sets and Scrub Regions
[2026-03-26T14:01:35.136+0900][23.711s][info][gc,marking  ] GC(253) Concurrent Rebuild Remembered Sets and Scrub Regions 0.499ms
[2026-03-26T14:01:35.136+0900][23.711s][info][gc,start    ] GC(253) Pause Cleanup
[2026-03-26T14:01:35.136+0900][23.711s][info][gc          ] GC(253) Pause Cleanup 312M->312M(512M) 0.089ms
[2026-03-26T14:01:35.136+0900][23.711s][info][gc,cpu      ] GC(253) User=0.00s Sys=0.00s Real=0.00s
[2026-03-26T14:01:35.136+0900][23.711s][info][gc,marking  ] GC(253) Concurrent Clear Claimed Marks
[2026-03-26T14:01:35.136+0900][23.711s][info][gc,marking  ] GC(253) Concurrent Clear Claimed Marks 0.016ms
[2026-03-26T14:01:35.136+0900][23.711s][info][gc,marking  ] GC(253) Concurrent Cleanup for Next Mark
[2026-03-26T14:01:35.136+0900][23.712s][info][gc,marking  ] GC(253) Concurrent Cleanup for Next Mark 0.388ms
[2026-03-26T14:01:35.136+0900][23.712s][info][gc          ] GC(253) Concurrent Mark Cycle 3.143ms
[2026-03-26T14:01:35.290+0900][23.866s][info][gc,start    ] GC(254) Pause Young (Concurrent Start) (G1 Humongous Allocation)
[2026-03-26T14:01:35.290+0900][23.866s][info][gc,task     ] GC(254) Using 12 workers of 13 for evacuation
[2026-03-26T14:01:35.290+0900][23.867s][info][gc,phases   ] GC(254)   Pre Evacuate Collection Set: 0.2ms
[2026-03-26T14:01:35.290+0900][23.867s][info][gc,phases   ] GC(254)   Merge Heap Roots: 0.1ms
[2026-03-26T14:01:35.290+0900][23.867s][info][gc,phases   ] GC(254)   Evacuate Collection Set: 0.3ms
[2026-03-26T14:01:35.290+0900][23.867s][info][gc,phases   ] GC(254)   Post Evacuate Collection Set: 0.2ms
[2026-03-26T14:01:35.290+0900][23.867s][info][gc,phases   ] GC(254)   Other: 0.1ms
[2026-03-26T14:01:35.290+0900][23.867s][info][gc,heap     ] GC(254) Eden regions: 50->0(172)
[2026-03-26T14:01:35.290+0900][23.867s][info][gc,heap     ] GC(254) Survivor regions: 0->0(23)
[2026-03-26T14:01:35.290+0900][23.867s][info][gc,heap     ] GC(254) Old regions: 1->1
[2026-03-26T14:01:35.290+0900][23.867s][info][gc,heap     ] GC(254) Humongous regions: 312->312
[2026-03-26T14:01:35.290+0900][23.867s][info][gc,metaspace] GC(254) Metaspace: 322K(512K)->322K(512K) NonClass: 305K(384K)->305K(384K) Class: 17K(128K)->17K(128K)
[2026-03-26T14:01:35.290+0900][23.867s][info][gc          ] GC(254) Pause Young (Concurrent Start) (G1 Humongous Allocation) 362M->312M(512M) 1.357ms
[2026-03-26T14:01:35.290+0900][23.867s][info][gc,cpu      ] GC(254) User=0.00s Sys=0.00s Real=0.00s
[2026-03-26T14:01:35.290+0900][23.867s][info][gc          ] GC(255) Concurrent Mark Cycle
[2026-03-26T14:01:35.290+0900][23.867s][info][gc,marking  ] GC(255) Concurrent Scan Root Regions
[2026-03-26T14:01:35.290+0900][23.867s][info][gc,marking  ] GC(255) Concurrent Scan Root Regions 0.026ms
[2026-03-26T14:01:35.290+0900][23.867s][info][gc,marking  ] GC(255) Concurrent Mark
[2026-03-26T14:01:35.290+0900][23.867s][info][gc,marking  ] GC(255) Concurrent Mark From Roots
[2026-03-26T14:01:35.290+0900][23.867s][info][gc,task     ] GC(255) Using 3 workers of 3 for marking
[2026-03-26T14:01:35.290+0900][23.869s][info][gc,marking  ] GC(255) Concurrent Mark From Roots 1.385ms
[2026-03-26T14:01:35.290+0900][23.869s][info][gc,marking  ] GC(255) Concurrent Preclean
[2026-03-26T14:01:35.290+0900][23.869s][info][gc,marking  ] GC(255) Concurrent Preclean 0.026ms
[2026-03-26T14:01:35.290+0900][23.869s][info][gc,start    ] GC(255) Pause Remark
[2026-03-26T14:01:35.290+0900][23.870s][info][gc          ] GC(255) Pause Remark 318M->318M(512M) 0.810ms
[2026-03-26T14:01:35.290+0900][23.870s][info][gc,cpu      ] GC(255) User=0.00s Sys=0.00s Real=0.00s
[2026-03-26T14:01:35.290+0900][23.870s][info][gc,marking  ] GC(255) Concurrent Mark 2.521ms
[2026-03-26T14:01:35.290+0900][23.870s][info][gc,marking  ] GC(255) Concurrent Rebuild Remembered Sets and Scrub Regions
[2026-03-26T14:01:35.290+0900][23.870s][info][gc,marking  ] GC(255) Concurrent Rebuild Remembered Sets and Scrub Regions 0.586ms
[2026-03-26T14:01:35.290+0900][23.871s][info][gc,start    ] GC(255) Pause Cleanup
[2026-03-26T14:01:35.290+0900][23.871s][info][gc          ] GC(255) Pause Cleanup 318M->318M(512M) 0.141ms
[2026-03-26T14:01:35.290+0900][23.871s][info][gc,cpu      ] GC(255) User=0.00s Sys=0.00s Real=0.00s
[2026-03-26T14:01:35.290+0900][23.871s][info][gc,marking  ] GC(255) Concurrent Clear Claimed Marks
[2026-03-26T14:01:35.290+0900][23.871s][info][gc,marking  ] GC(255) Concurrent Clear Claimed Marks 0.069ms
[2026-03-26T14:01:35.290+0900][23.871s][info][gc,marking  ] GC(255) Concurrent Cleanup for Next Mark
[2026-03-26T14:01:35.290+0900][23.871s][info][gc,marking  ] GC(255) Concurrent Cleanup for Next Mark 0.377ms
[2026-03-26T14:01:35.290+0900][23.871s][info][gc          ] GC(255) Concurrent Mark Cycle 4.187ms
[2026-03-26T14:01:35.448+0900][24.024s][info][gc,start    ] GC(256) Pause Young (Concurrent Start) (G1 Humongous Allocation)
[2026-03-26T14:01:35.448+0900][24.024s][info][gc,task     ] GC(256) Using 12 workers of 13 for evacuation
[2026-03-26T14:01:35.450+0900][24.026s][info][gc,phases   ] GC(256)   Pre Evacuate Collection Set: 0.4ms
[2026-03-26T14:01:35.450+0900][24.026s][info][gc,phases   ] GC(256)   Merge Heap Roots: 0.2ms
[2026-03-26T14:01:35.450+0900][24.026s][info][gc,phases   ] GC(256)   Evacuate Collection Set: 0.3ms
[2026-03-26T14:01:35.450+0900][24.026s][info][gc,phases   ] GC(256)   Post Evacuate Collection Set: 0.4ms
[2026-03-26T14:01:35.450+0900][24.026s][info][gc,phases   ] GC(256)   Other: 0.3ms
[2026-03-26T14:01:35.450+0900][24.026s][info][gc,heap     ] GC(256) Eden regions: 50->0(166)
[2026-03-26T14:01:35.450+0900][24.026s][info][gc,heap     ] GC(256) Survivor regions: 0->0(22)
[2026-03-26T14:01:35.450+0900][24.026s][info][gc,heap     ] GC(256) Old regions: 1->1
[2026-03-26T14:01:35.450+0900][24.026s][info][gc,heap     ] GC(256) Humongous regions: 318->318
[2026-03-26T14:01:35.450+0900][24.026s][info][gc,metaspace] GC(256) Metaspace: 322K(512K)->322K(512K) NonClass: 305K(384K)->305K(384K) Class: 17K(128K)->17K(128K)
[2026-03-26T14:01:35.450+0900][24.026s][info][gc          ] GC(256) Pause Young (Concurrent Start) (G1 Humongous Allocation) 368M->318M(512M) 1.969ms
[2026-03-26T14:01:35.450+0900][24.026s][info][gc,cpu      ] GC(256) User=0.00s Sys=0.00s Real=0.00s
[2026-03-26T14:01:35.450+0900][24.026s][info][gc          ] GC(257) Concurrent Mark Cycle
[2026-03-26T14:01:35.450+0900][24.026s][info][gc,marking  ] GC(257) Concurrent Scan Root Regions
[2026-03-26T14:01:35.450+0900][24.026s][info][gc,marking  ] GC(257) Concurrent Scan Root Regions 0.028ms
[2026-03-26T14:01:35.450+0900][24.026s][info][gc,marking  ] GC(257) Concurrent Mark
[2026-03-26T14:01:35.450+0900][24.026s][info][gc,marking  ] GC(257) Concurrent Mark From Roots
[2026-03-26T14:01:35.450+0900][24.026s][info][gc,task     ] GC(257) Using 3 workers of 3 for marking
[2026-03-26T14:01:35.452+0900][24.028s][info][gc,marking  ] GC(257) Concurrent Mark From Roots 1.459ms
[2026-03-26T14:01:35.452+0900][24.028s][info][gc,marking  ] GC(257) Concurrent Preclean
[2026-03-26T14:01:35.452+0900][24.028s][info][gc,marking  ] GC(257) Concurrent Preclean 0.027ms
[2026-03-26T14:01:35.452+0900][24.028s][info][gc,start    ] GC(257) Pause Remark
[2026-03-26T14:01:35.453+0900][24.029s][info][gc          ] GC(257) Pause Remark 324M->324M(512M) 1.304ms
[2026-03-26T14:01:35.453+0900][24.029s][info][gc,cpu      ] GC(257) User=0.00s Sys=0.00s Real=0.00s
[2026-03-26T14:01:35.453+0900][24.030s][info][gc,marking  ] GC(257) Concurrent Mark 3.190ms
[2026-03-26T14:01:35.453+0900][24.030s][info][gc,marking  ] GC(257) Concurrent Rebuild Remembered Sets and Scrub Regions
[2026-03-26T14:01:35.453+0900][24.030s][info][gc,marking  ] GC(257) Concurrent Rebuild Remembered Sets and Scrub Regions 0.684ms
[2026-03-26T14:01:35.453+0900][24.030s][info][gc,start    ] GC(257) Pause Cleanup
[2026-03-26T14:01:35.453+0900][24.031s][info][gc          ] GC(257) Pause Cleanup 324M->324M(512M) 0.211ms
[2026-03-26T14:01:35.453+0900][24.031s][info][gc,cpu      ] GC(257) User=0.00s Sys=0.00s Real=0.00s
[2026-03-26T14:01:35.453+0900][24.031s][info][gc,marking  ] GC(257) Concurrent Clear Claimed Marks
[2026-03-26T14:01:35.453+0900][24.031s][info][gc,marking  ] GC(257) Concurrent Clear Claimed Marks 0.081ms
[2026-03-26T14:01:35.453+0900][24.031s][info][gc,marking  ] GC(257) Concurrent Cleanup for Next Mark
[2026-03-26T14:01:35.456+0900][24.032s][info][gc,marking  ] GC(257) Concurrent Cleanup for Next Mark 0.567ms
[2026-03-26T14:01:35.456+0900][24.032s][info][gc          ] GC(257) Concurrent Mark Cycle 5.410ms
[2026-03-26T14:01:35.608+0900][24.183s][info][gc,start    ] GC(258) Pause Young (Concurrent Start) (G1 Humongous Allocation)
[2026-03-26T14:01:35.608+0900][24.183s][info][gc,task     ] GC(258) Using 12 workers of 13 for evacuation
[2026-03-26T14:01:35.608+0900][24.184s][info][gc,phases   ] GC(258)   Pre Evacuate Collection Set: 0.2ms
[2026-03-26T14:01:35.608+0900][24.184s][info][gc,phases   ] GC(258)   Merge Heap Roots: 0.1ms
[2026-03-26T14:01:35.608+0900][24.184s][info][gc,phases   ] GC(258)   Evacuate Collection Set: 0.2ms
[2026-03-26T14:01:35.608+0900][24.184s][info][gc,phases   ] GC(258)   Post Evacuate Collection Set: 0.2ms
[2026-03-26T14:01:35.608+0900][24.184s][info][gc,phases   ] GC(258)   Other: 0.1ms
[2026-03-26T14:01:35.608+0900][24.184s][info][gc,heap     ] GC(258) Eden regions: 50->0(160)
[2026-03-26T14:01:35.608+0900][24.184s][info][gc,heap     ] GC(258) Survivor regions: 0->0(21)
[2026-03-26T14:01:35.608+0900][24.184s][info][gc,heap     ] GC(258) Old regions: 1->1
[2026-03-26T14:01:35.608+0900][24.184s][info][gc,heap     ] GC(258) Humongous regions: 324->324
[2026-03-26T14:01:35.608+0900][24.184s][info][gc,metaspace] GC(258) Metaspace: 322K(512K)->322K(512K) NonClass: 305K(384K)->305K(384K) Class: 17K(128K)->17K(128K)
[2026-03-26T14:01:35.608+0900][24.185s][info][gc          ] GC(258) Pause Young (Concurrent Start) (G1 Humongous Allocation) 374M->324M(512M) 1.142ms
[2026-03-26T14:01:35.608+0900][24.185s][info][gc,cpu      ] GC(258) User=0.00s Sys=0.00s Real=0.00s
[2026-03-26T14:01:35.608+0900][24.185s][info][gc          ] GC(259) Concurrent Mark Cycle
[2026-03-26T14:01:35.608+0900][24.185s][info][gc,marking  ] GC(259) Concurrent Scan Root Regions
[2026-03-26T14:01:35.608+0900][24.185s][info][gc,marking  ] GC(259) Concurrent Scan Root Regions 0.020ms
[2026-03-26T14:01:35.608+0900][24.185s][info][gc,marking  ] GC(259) Concurrent Mark
[2026-03-26T14:01:35.608+0900][24.185s][info][gc,marking  ] GC(259) Concurrent Mark From Roots
[2026-03-26T14:01:35.608+0900][24.185s][info][gc,task     ] GC(259) Using 3 workers of 3 for marking
[2026-03-26T14:01:35.610+0900][24.186s][info][gc,marking  ] GC(259) Concurrent Mark From Roots 1.108ms
[2026-03-26T14:01:35.610+0900][24.186s][info][gc,marking  ] GC(259) Concurrent Preclean
[2026-03-26T14:01:35.610+0900][24.186s][info][gc,marking  ] GC(259) Concurrent Preclean 0.017ms
[2026-03-26T14:01:35.610+0900][24.186s][info][gc,start    ] GC(259) Pause Remark
[2026-03-26T14:01:35.610+0900][24.187s][info][gc          ] GC(259) Pause Remark 330M->330M(512M) 0.535ms
[2026-03-26T14:01:35.612+0900][24.187s][info][gc,cpu      ] GC(259) User=0.00s Sys=0.00s Real=0.00s
[2026-03-26T14:01:35.612+0900][24.187s][info][gc,marking  ] GC(259) Concurrent Mark 2.119ms
[2026-03-26T14:01:35.612+0900][24.187s][info][gc,marking  ] GC(259) Concurrent Rebuild Remembered Sets and Scrub Regions
[2026-03-26T14:01:35.612+0900][24.187s][info][gc,marking  ] GC(259) Concurrent Rebuild Remembered Sets and Scrub Regions 0.460ms
[2026-03-26T14:01:35.612+0900][24.187s][info][gc,start    ] GC(259) Pause Cleanup
[2026-03-26T14:01:35.612+0900][24.187s][info][gc          ] GC(259) Pause Cleanup 330M->330M(512M) 0.105ms
[2026-03-26T14:01:35.612+0900][24.187s][info][gc,cpu      ] GC(259) User=0.00s Sys=0.00s Real=0.00s
[2026-03-26T14:01:35.612+0900][24.187s][info][gc,marking  ] GC(259) Concurrent Clear Claimed Marks
[2026-03-26T14:01:35.612+0900][24.188s][info][gc,marking  ] GC(259) Concurrent Clear Claimed Marks 0.028ms
[2026-03-26T14:01:35.612+0900][24.188s][info][gc,marking  ] GC(259) Concurrent Cleanup for Next Mark
[2026-03-26T14:01:35.612+0900][24.188s][info][gc,marking  ] GC(259) Concurrent Cleanup for Next Mark 0.374ms
[2026-03-26T14:01:35.612+0900][24.188s][info][gc          ] GC(259) Concurrent Mark Cycle 3.381ms
[2026-03-26T14:01:35.767+0900][24.343s][info][gc,start    ] GC(260) Pause Young (Concurrent Start) (G1 Humongous Allocation)
[2026-03-26T14:01:35.768+0900][24.343s][info][gc,task     ] GC(260) Using 12 workers of 13 for evacuation
[2026-03-26T14:01:35.768+0900][24.344s][info][gc,phases   ] GC(260)   Pre Evacuate Collection Set: 0.2ms
[2026-03-26T14:01:35.768+0900][24.344s][info][gc,phases   ] GC(260)   Merge Heap Roots: 0.1ms
[2026-03-26T14:01:35.768+0900][24.344s][info][gc,phases   ] GC(260)   Evacuate Collection Set: 0.2ms
[2026-03-26T14:01:35.768+0900][24.344s][info][gc,phases   ] GC(260)   Post Evacuate Collection Set: 0.2ms
[2026-03-26T14:01:35.768+0900][24.344s][info][gc,phases   ] GC(260)   Other: 0.1ms
[2026-03-26T14:01:35.768+0900][24.344s][info][gc,heap     ] GC(260) Eden regions: 50->0(154)
[2026-03-26T14:01:35.768+0900][24.344s][info][gc,heap     ] GC(260) Survivor regions: 0->0(20)
[2026-03-26T14:01:35.768+0900][24.344s][info][gc,heap     ] GC(260) Old regions: 1->1
[2026-03-26T14:01:35.768+0900][24.344s][info][gc,heap     ] GC(260) Humongous regions: 330->330
[2026-03-26T14:01:35.768+0900][24.344s][info][gc,metaspace] GC(260) Metaspace: 322K(512K)->322K(512K) NonClass: 305K(384K)->305K(384K) Class: 17K(128K)->17K(128K)
[2026-03-26T14:01:35.768+0900][24.344s][info][gc          ] GC(260) Pause Young (Concurrent Start) (G1 Humongous Allocation) 380M->330M(512M) 1.072ms
[2026-03-26T14:01:35.768+0900][24.344s][info][gc,cpu      ] GC(260) User=0.00s Sys=0.00s Real=0.00s
[2026-03-26T14:01:35.768+0900][24.344s][info][gc          ] GC(261) Concurrent Mark Cycle
[2026-03-26T14:01:35.768+0900][24.344s][info][gc,marking  ] GC(261) Concurrent Scan Root Regions
[2026-03-26T14:01:35.768+0900][24.344s][info][gc,marking  ] GC(261) Concurrent Scan Root Regions 0.015ms
[2026-03-26T14:01:35.768+0900][24.344s][info][gc,marking  ] GC(261) Concurrent Mark
[2026-03-26T14:01:35.768+0900][24.344s][info][gc,marking  ] GC(261) Concurrent Mark From Roots
[2026-03-26T14:01:35.768+0900][24.344s][info][gc,task     ] GC(261) Using 3 workers of 3 for marking
[2026-03-26T14:01:35.769+0900][24.345s][info][gc,marking  ] GC(261) Concurrent Mark From Roots 0.847ms
[2026-03-26T14:01:35.769+0900][24.345s][info][gc,marking  ] GC(261) Concurrent Preclean
[2026-03-26T14:01:35.769+0900][24.345s][info][gc,marking  ] GC(261) Concurrent Preclean 0.015ms
[2026-03-26T14:01:35.769+0900][24.345s][info][gc,start    ] GC(261) Pause Remark
[2026-03-26T14:01:35.771+0900][24.346s][info][gc          ] GC(261) Pause Remark 336M->336M(512M) 0.458ms
[2026-03-26T14:01:35.771+0900][24.346s][info][gc,cpu      ] GC(261) User=0.00s Sys=0.00s Real=0.00s
[2026-03-26T14:01:35.771+0900][24.346s][info][gc,marking  ] GC(261) Concurrent Mark 1.454ms
[2026-03-26T14:01:35.771+0900][24.346s][info][gc,marking  ] GC(261) Concurrent Rebuild Remembered Sets and Scrub Regions
[2026-03-26T14:01:35.771+0900][24.346s][info][gc,marking  ] GC(261) Concurrent Rebuild Remembered Sets and Scrub Regions 0.398ms
[2026-03-26T14:01:35.771+0900][24.346s][info][gc,start    ] GC(261) Pause Cleanup
[2026-03-26T14:01:35.771+0900][24.346s][info][gc          ] GC(261) Pause Cleanup 336M->336M(512M) 0.105ms
[2026-03-26T14:01:35.771+0900][24.346s][info][gc,cpu      ] GC(261) User=0.00s Sys=0.00s Real=0.00s
[2026-03-26T14:01:35.771+0900][24.346s][info][gc,marking  ] GC(261) Concurrent Clear Claimed Marks
[2026-03-26T14:01:35.771+0900][24.346s][info][gc,marking  ] GC(261) Concurrent Clear Claimed Marks 0.013ms
[2026-03-26T14:01:35.771+0900][24.346s][info][gc,marking  ] GC(261) Concurrent Cleanup for Next Mark
[2026-03-26T14:01:35.772+0900][24.347s][info][gc,marking  ] GC(261) Concurrent Cleanup for Next Mark 0.374ms
[2026-03-26T14:01:35.772+0900][24.347s][info][gc          ] GC(261) Concurrent Mark Cycle 2.569ms
[2026-03-26T14:01:35.926+0900][24.502s][info][gc,start    ] GC(262) Pause Young (Concurrent Start) (G1 Humongous Allocation)
[2026-03-26T14:01:35.926+0900][24.502s][info][gc,task     ] GC(262) Using 12 workers of 13 for evacuation
[2026-03-26T14:01:35.927+0900][24.502s][info][gc,phases   ] GC(262)   Pre Evacuate Collection Set: 0.2ms
[2026-03-26T14:01:35.927+0900][24.503s][info][gc,phases   ] GC(262)   Merge Heap Roots: 0.1ms
[2026-03-26T14:01:35.927+0900][24.503s][info][gc,phases   ] GC(262)   Evacuate Collection Set: 0.2ms
[2026-03-26T14:01:35.927+0900][24.503s][info][gc,phases   ] GC(262)   Post Evacuate Collection Set: 0.2ms
[2026-03-26T14:01:35.927+0900][24.503s][info][gc,phases   ] GC(262)   Other: 0.1ms
[2026-03-26T14:01:35.927+0900][24.503s][info][gc,heap     ] GC(262) Eden regions: 50->0(148)
[2026-03-26T14:01:35.927+0900][24.503s][info][gc,heap     ] GC(262) Survivor regions: 0->0(20)
[2026-03-26T14:01:35.927+0900][24.503s][info][gc,heap     ] GC(262) Old regions: 1->1
[2026-03-26T14:01:35.927+0900][24.503s][info][gc,heap     ] GC(262) Humongous regions: 336->336
[2026-03-26T14:01:35.927+0900][24.503s][info][gc,metaspace] GC(262) Metaspace: 322K(512K)->322K(512K) NonClass: 305K(384K)->305K(384K) Class: 17K(128K)->17K(128K)
[2026-03-26T14:01:35.927+0900][24.503s][info][gc          ] GC(262) Pause Young (Concurrent Start) (G1 Humongous Allocation) 386M->336M(512M) 1.104ms
[2026-03-26T14:01:35.927+0900][24.503s][info][gc,cpu      ] GC(262) User=0.00s Sys=0.00s Real=0.00s
[2026-03-26T14:01:35.927+0900][24.503s][info][gc          ] GC(263) Concurrent Mark Cycle
[2026-03-26T14:01:35.927+0900][24.503s][info][gc,marking  ] GC(263) Concurrent Scan Root Regions
[2026-03-26T14:01:35.927+0900][24.503s][info][gc,marking  ] GC(263) Concurrent Scan Root Regions 0.024ms
[2026-03-26T14:01:35.927+0900][24.503s][info][gc,marking  ] GC(263) Concurrent Mark
[2026-03-26T14:01:35.927+0900][24.503s][info][gc,marking  ] GC(263) Concurrent Mark From Roots
[2026-03-26T14:01:35.928+0900][24.503s][info][gc,task     ] GC(263) Using 3 workers of 3 for marking
[2026-03-26T14:01:35.928+0900][24.504s][info][gc,marking  ] GC(263) Concurrent Mark From Roots 0.858ms
[2026-03-26T14:01:35.928+0900][24.504s][info][gc,marking  ] GC(263) Concurrent Preclean
[2026-03-26T14:01:35.928+0900][24.504s][info][gc,marking  ] GC(263) Concurrent Preclean 0.024ms
[2026-03-26T14:01:35.928+0900][24.504s][info][gc,start    ] GC(263) Pause Remark
[2026-03-26T14:01:35.928+0900][24.504s][info][gc          ] GC(263) Pause Remark 342M->342M(512M) 0.514ms
[2026-03-26T14:01:35.928+0900][24.504s][info][gc,cpu      ] GC(263) User=0.00s Sys=0.00s Real=0.00s
[2026-03-26T14:01:35.928+0900][24.504s][info][gc,marking  ] GC(263) Concurrent Mark 1.536ms
[2026-03-26T14:01:35.928+0900][24.504s][info][gc,marking  ] GC(263) Concurrent Rebuild Remembered Sets and Scrub Regions
[2026-03-26T14:01:35.928+0900][24.505s][info][gc,marking  ] GC(263) Concurrent Rebuild Remembered Sets and Scrub Regions 0.372ms
[2026-03-26T14:01:35.928+0900][24.505s][info][gc,start    ] GC(263) Pause Cleanup
[2026-03-26T14:01:35.928+0900][24.505s][info][gc          ] GC(263) Pause Cleanup 342M->342M(512M) 0.060ms
[2026-03-26T14:01:35.928+0900][24.505s][info][gc,cpu      ] GC(263) User=0.00s Sys=0.00s Real=0.00s
[2026-03-26T14:01:35.928+0900][24.505s][info][gc,marking  ] GC(263) Concurrent Clear Claimed Marks
[2026-03-26T14:01:35.928+0900][24.505s][info][gc,marking  ] GC(263) Concurrent Clear Claimed Marks 0.015ms
[2026-03-26T14:01:35.928+0900][24.505s][info][gc,marking  ] GC(263) Concurrent Cleanup for Next Mark
[2026-03-26T14:01:35.928+0900][24.505s][info][gc,marking  ] GC(263) Concurrent Cleanup for Next Mark 0.464ms
[2026-03-26T14:01:35.928+0900][24.505s][info][gc          ] GC(263) Concurrent Mark Cycle 2.685ms
[2026-03-26T14:01:36.085+0900][24.661s][info][gc,start    ] GC(264) Pause Young (Concurrent Start) (G1 Humongous Allocation)
[2026-03-26T14:01:36.085+0900][24.661s][info][gc,task     ] GC(264) Using 12 workers of 13 for evacuation
[2026-03-26T14:01:36.086+0900][24.661s][info][gc,phases   ] GC(264)   Pre Evacuate Collection Set: 0.2ms
[2026-03-26T14:01:36.086+0900][24.662s][info][gc,phases   ] GC(264)   Merge Heap Roots: 0.1ms
[2026-03-26T14:01:36.086+0900][24.662s][info][gc,phases   ] GC(264)   Evacuate Collection Set: 0.2ms
[2026-03-26T14:01:36.086+0900][24.662s][info][gc,phases   ] GC(264)   Post Evacuate Collection Set: 0.2ms
[2026-03-26T14:01:36.086+0900][24.662s][info][gc,phases   ] GC(264)   Other: 0.1ms
[2026-03-26T14:01:36.086+0900][24.662s][info][gc,heap     ] GC(264) Eden regions: 50->0(142)
[2026-03-26T14:01:36.086+0900][24.662s][info][gc,heap     ] GC(264) Survivor regions: 0->0(19)
[2026-03-26T14:01:36.086+0900][24.662s][info][gc,heap     ] GC(264) Old regions: 1->1
[2026-03-26T14:01:36.086+0900][24.662s][info][gc,heap     ] GC(264) Humongous regions: 342->342
[2026-03-26T14:01:36.086+0900][24.662s][info][gc,metaspace] GC(264) Metaspace: 322K(512K)->322K(512K) NonClass: 305K(384K)->305K(384K) Class: 17K(128K)->17K(128K)
[2026-03-26T14:01:36.086+0900][24.662s][info][gc          ] GC(264) Pause Young (Concurrent Start) (G1 Humongous Allocation) 392M->342M(512M) 1.023ms
[2026-03-26T14:01:36.086+0900][24.662s][info][gc,cpu      ] GC(264) User=0.00s Sys=0.00s Real=0.00s
[2026-03-26T14:01:36.086+0900][24.662s][info][gc          ] GC(265) Concurrent Mark Cycle
[2026-03-26T14:01:36.086+0900][24.662s][info][gc,marking  ] GC(265) Concurrent Scan Root Regions
[2026-03-26T14:01:36.086+0900][24.662s][info][gc,marking  ] GC(265) Concurrent Scan Root Regions 0.019ms
[2026-03-26T14:01:36.086+0900][24.662s][info][gc,marking  ] GC(265) Concurrent Mark
[2026-03-26T14:01:36.086+0900][24.662s][info][gc,marking  ] GC(265) Concurrent Mark From Roots
[2026-03-26T14:01:36.086+0900][24.662s][info][gc,task     ] GC(265) Using 3 workers of 3 for marking
[2026-03-26T14:01:36.087+0900][24.663s][info][gc,marking  ] GC(265) Concurrent Mark From Roots 0.966ms
[2026-03-26T14:01:36.087+0900][24.663s][info][gc,marking  ] GC(265) Concurrent Preclean
[2026-03-26T14:01:36.087+0900][24.663s][info][gc,marking  ] GC(265) Concurrent Preclean 0.018ms
[2026-03-26T14:01:36.087+0900][24.663s][info][gc,start    ] GC(265) Pause Remark
[2026-03-26T14:01:36.087+0900][24.663s][info][gc          ] GC(265) Pause Remark 348M->348M(512M) 0.499ms
[2026-03-26T14:01:36.087+0900][24.663s][info][gc,cpu      ] GC(265) User=0.00s Sys=0.00s Real=0.00s
[2026-03-26T14:01:36.087+0900][24.663s][info][gc,marking  ] GC(265) Concurrent Mark 1.658ms
[2026-03-26T14:01:36.087+0900][24.663s][info][gc,marking  ] GC(265) Concurrent Rebuild Remembered Sets and Scrub Regions
[2026-03-26T14:01:36.087+0900][24.664s][info][gc,marking  ] GC(265) Concurrent Rebuild Remembered Sets and Scrub Regions 0.396ms
[2026-03-26T14:01:36.089+0900][24.664s][info][gc,start    ] GC(265) Pause Cleanup
[2026-03-26T14:01:36.089+0900][24.664s][info][gc          ] GC(265) Pause Cleanup 348M->348M(512M) 0.116ms
[2026-03-26T14:01:36.089+0900][24.664s][info][gc,cpu      ] GC(265) User=0.00s Sys=0.00s Real=0.00s
[2026-03-26T14:01:36.089+0900][24.664s][info][gc,marking  ] GC(265) Concurrent Clear Claimed Marks
[2026-03-26T14:01:36.089+0900][24.664s][info][gc,marking  ] GC(265) Concurrent Clear Claimed Marks 0.034ms
[2026-03-26T14:01:36.089+0900][24.664s][info][gc,marking  ] GC(265) Concurrent Cleanup for Next Mark
[2026-03-26T14:01:36.089+0900][24.665s][info][gc,marking  ] GC(265) Concurrent Cleanup for Next Mark 0.378ms
[2026-03-26T14:01:36.089+0900][24.665s][info][gc          ] GC(265) Concurrent Mark Cycle 2.968ms
[2026-03-26T14:01:36.244+0900][24.820s][info][gc,start    ] GC(266) Pause Young (Concurrent Start) (G1 Humongous Allocation)
[2026-03-26T14:01:36.244+0900][24.820s][info][gc,task     ] GC(266) Using 12 workers of 13 for evacuation
[2026-03-26T14:01:36.245+0900][24.821s][info][gc,phases   ] GC(266)   Pre Evacuate Collection Set: 0.2ms
[2026-03-26T14:01:36.245+0900][24.821s][info][gc,phases   ] GC(266)   Merge Heap Roots: 0.1ms
[2026-03-26T14:01:36.245+0900][24.821s][info][gc,phases   ] GC(266)   Evacuate Collection Set: 0.5ms
[2026-03-26T14:01:36.245+0900][24.821s][info][gc,phases   ] GC(266)   Post Evacuate Collection Set: 0.2ms
[2026-03-26T14:01:36.245+0900][24.821s][info][gc,phases   ] GC(266)   Other: 0.1ms
[2026-03-26T14:01:36.245+0900][24.821s][info][gc,heap     ] GC(266) Eden regions: 50->0(136)
[2026-03-26T14:01:36.245+0900][24.821s][info][gc,heap     ] GC(266) Survivor regions: 0->0(18)
[2026-03-26T14:01:36.245+0900][24.821s][info][gc,heap     ] GC(266) Old regions: 1->1
[2026-03-26T14:01:36.245+0900][24.821s][info][gc,heap     ] GC(266) Humongous regions: 348->348
[2026-03-26T14:01:36.245+0900][24.821s][info][gc,metaspace] GC(266) Metaspace: 322K(512K)->322K(512K) NonClass: 305K(384K)->305K(384K) Class: 17K(128K)->17K(128K)
[2026-03-26T14:01:36.245+0900][24.821s][info][gc          ] GC(266) Pause Young (Concurrent Start) (G1 Humongous Allocation) 398M->348M(512M) 1.586ms
[2026-03-26T14:01:36.245+0900][24.821s][info][gc,cpu      ] GC(266) User=0.00s Sys=0.00s Real=0.00s
[2026-03-26T14:01:36.245+0900][24.821s][info][gc          ] GC(267) Concurrent Mark Cycle
[2026-03-26T14:01:36.245+0900][24.821s][info][gc,marking  ] GC(267) Concurrent Scan Root Regions
[2026-03-26T14:01:36.245+0900][24.821s][info][gc,marking  ] GC(267) Concurrent Scan Root Regions 0.021ms
[2026-03-26T14:01:36.245+0900][24.821s][info][gc,marking  ] GC(267) Concurrent Mark
[2026-03-26T14:01:36.245+0900][24.821s][info][gc,marking  ] GC(267) Concurrent Mark From Roots
[2026-03-26T14:01:36.245+0900][24.821s][info][gc,task     ] GC(267) Using 3 workers of 3 for marking
[2026-03-26T14:01:36.247+0900][24.823s][info][gc,marking  ] GC(267) Concurrent Mark From Roots 1.713ms
[2026-03-26T14:01:36.247+0900][24.823s][info][gc,marking  ] GC(267) Concurrent Preclean
[2026-03-26T14:01:36.247+0900][24.823s][info][gc,marking  ] GC(267) Concurrent Preclean 0.029ms
[2026-03-26T14:01:36.247+0900][24.824s][info][gc,start    ] GC(267) Pause Remark
[2026-03-26T14:01:36.249+0900][24.825s][info][gc          ] GC(267) Pause Remark 354M->354M(512M) 0.836ms
[2026-03-26T14:01:36.249+0900][24.825s][info][gc,cpu      ] GC(267) User=0.00s Sys=0.00s Real=0.00s
[2026-03-26T14:01:36.249+0900][24.825s][info][gc,marking  ] GC(267) Concurrent Mark 3.284ms
[2026-03-26T14:01:36.249+0900][24.825s][info][gc,marking  ] GC(267) Concurrent Rebuild Remembered Sets and Scrub Regions
[2026-03-26T14:01:36.250+0900][24.825s][info][gc,marking  ] GC(267) Concurrent Rebuild Remembered Sets and Scrub Regions 0.719ms
[2026-03-26T14:01:36.250+0900][24.826s][info][gc,start    ] GC(267) Pause Cleanup
[2026-03-26T14:01:36.250+0900][24.826s][info][gc          ] GC(267) Pause Cleanup 354M->354M(512M) 0.124ms
[2026-03-26T14:01:36.250+0900][24.826s][info][gc,cpu      ] GC(267) User=0.00s Sys=0.00s Real=0.00s
[2026-03-26T14:01:36.250+0900][24.826s][info][gc,marking  ] GC(267) Concurrent Clear Claimed Marks
[2026-03-26T14:01:36.251+0900][24.826s][info][gc,marking  ] GC(267) Concurrent Clear Claimed Marks 0.095ms
[2026-03-26T14:01:36.251+0900][24.826s][info][gc,marking  ] GC(267) Concurrent Cleanup for Next Mark
[2026-03-26T14:01:36.251+0900][24.826s][info][gc,marking  ] GC(267) Concurrent Cleanup for Next Mark 0.505ms
[2026-03-26T14:01:36.251+0900][24.826s][info][gc          ] GC(267) Concurrent Mark Cycle 5.120ms
[2026-03-26T14:01:36.405+0900][24.980s][info][gc,start    ] GC(268) Pause Young (Concurrent Start) (G1 Humongous Allocation)
[2026-03-26T14:01:36.405+0900][24.981s][info][gc,task     ] GC(268) Using 12 workers of 13 for evacuation
[2026-03-26T14:01:36.406+0900][24.981s][info][gc,phases   ] GC(268)   Pre Evacuate Collection Set: 0.2ms
[2026-03-26T14:01:36.406+0900][24.981s][info][gc,phases   ] GC(268)   Merge Heap Roots: 0.2ms
[2026-03-26T14:01:36.406+0900][24.981s][info][gc,phases   ] GC(268)   Evacuate Collection Set: 0.2ms
[2026-03-26T14:01:36.406+0900][24.981s][info][gc,phases   ] GC(268)   Post Evacuate Collection Set: 0.2ms
[2026-03-26T14:01:36.406+0900][24.982s][info][gc,phases   ] GC(268)   Other: 0.1ms
[2026-03-26T14:01:36.406+0900][24.982s][info][gc,heap     ] GC(268) Eden regions: 50->0(130)
[2026-03-26T14:01:36.406+0900][24.982s][info][gc,heap     ] GC(268) Survivor regions: 0->0(17)
[2026-03-26T14:01:36.406+0900][24.982s][info][gc,heap     ] GC(268) Old regions: 1->1
[2026-03-26T14:01:36.406+0900][24.982s][info][gc,heap     ] GC(268) Humongous regions: 354->354
[2026-03-26T14:01:36.406+0900][24.982s][info][gc,metaspace] GC(268) Metaspace: 322K(512K)->322K(512K) NonClass: 305K(384K)->305K(384K) Class: 17K(128K)->17K(128K)
[2026-03-26T14:01:36.406+0900][24.982s][info][gc          ] GC(268) Pause Young (Concurrent Start) (G1 Humongous Allocation) 404M->354M(512M) 1.147ms
[2026-03-26T14:01:36.406+0900][24.982s][info][gc,cpu      ] GC(268) User=0.00s Sys=0.00s Real=0.00s
[2026-03-26T14:01:36.406+0900][24.982s][info][gc          ] GC(269) Concurrent Mark Cycle
[2026-03-26T14:01:36.406+0900][24.982s][info][gc,marking  ] GC(269) Concurrent Scan Root Regions
[2026-03-26T14:01:36.406+0900][24.982s][info][gc,marking  ] GC(269) Concurrent Scan Root Regions 0.014ms
[2026-03-26T14:01:36.406+0900][24.982s][info][gc,marking  ] GC(269) Concurrent Mark
[2026-03-26T14:01:36.406+0900][24.982s][info][gc,marking  ] GC(269) Concurrent Mark From Roots
[2026-03-26T14:01:36.406+0900][24.982s][info][gc,task     ] GC(269) Using 3 workers of 3 for marking
[2026-03-26T14:01:36.407+0900][24.983s][info][gc,marking  ] GC(269) Concurrent Mark From Roots 0.847ms
[2026-03-26T14:01:36.407+0900][24.983s][info][gc,marking  ] GC(269) Concurrent Preclean
[2026-03-26T14:01:36.407+0900][24.983s][info][gc,marking  ] GC(269) Concurrent Preclean 0.017ms
[2026-03-26T14:01:36.407+0900][24.983s][info][gc,start    ] GC(269) Pause Remark
[2026-03-26T14:01:36.407+0900][24.983s][info][gc          ] GC(269) Pause Remark 361M->361M(512M) 0.493ms
[2026-03-26T14:01:36.407+0900][24.983s][info][gc,cpu      ] GC(269) User=0.00s Sys=0.00s Real=0.00s
[2026-03-26T14:01:36.407+0900][24.983s][info][gc,marking  ] GC(269) Concurrent Mark 1.505ms
[2026-03-26T14:01:36.407+0900][24.983s][info][gc,marking  ] GC(269) Concurrent Rebuild Remembered Sets and Scrub Regions
[2026-03-26T14:01:36.407+0900][24.984s][info][gc,marking  ] GC(269) Concurrent Rebuild Remembered Sets and Scrub Regions 0.384ms
[2026-03-26T14:01:36.407+0900][24.984s][info][gc,start    ] GC(269) Pause Cleanup
[2026-03-26T14:01:36.407+0900][24.984s][info][gc          ] GC(269) Pause Cleanup 361M->361M(512M) 0.061ms
[2026-03-26T14:01:36.407+0900][24.984s][info][gc,cpu      ] GC(269) User=0.00s Sys=0.00s Real=0.00s
[2026-03-26T14:01:36.407+0900][24.984s][info][gc,marking  ] GC(269) Concurrent Clear Claimed Marks
[2026-03-26T14:01:36.407+0900][24.984s][info][gc,marking  ] GC(269) Concurrent Clear Claimed Marks 0.013ms
[2026-03-26T14:01:36.407+0900][24.984s][info][gc,marking  ] GC(269) Concurrent Cleanup for Next Mark
[2026-03-26T14:01:36.409+0900][24.984s][info][gc,marking  ] GC(269) Concurrent Cleanup for Next Mark 0.382ms
[2026-03-26T14:01:36.409+0900][24.984s][info][gc          ] GC(269) Concurrent Mark Cycle 2.545ms
[2026-03-26T14:01:36.564+0900][25.140s][info][gc,start    ] GC(270) Pause Young (Concurrent Start) (G1 Humongous Allocation)
[2026-03-26T14:01:36.564+0900][25.140s][info][gc,task     ] GC(270) Using 12 workers of 13 for evacuation
[2026-03-26T14:01:36.564+0900][25.141s][info][gc,phases   ] GC(270)   Pre Evacuate Collection Set: 0.2ms
[2026-03-26T14:01:36.564+0900][25.141s][info][gc,phases   ] GC(270)   Merge Heap Roots: 0.1ms
[2026-03-26T14:01:36.564+0900][25.141s][info][gc,phases   ] GC(270)   Evacuate Collection Set: 0.2ms
[2026-03-26T14:01:36.564+0900][25.141s][info][gc,phases   ] GC(270)   Post Evacuate Collection Set: 0.2ms
[2026-03-26T14:01:36.564+0900][25.141s][info][gc,phases   ] GC(270)   Other: 0.1ms
[2026-03-26T14:01:36.564+0900][25.141s][info][gc,heap     ] GC(270) Eden regions: 50->0(124)
[2026-03-26T14:01:36.564+0900][25.141s][info][gc,heap     ] GC(270) Survivor regions: 0->0(17)
[2026-03-26T14:01:36.564+0900][25.141s][info][gc,heap     ] GC(270) Old regions: 1->1
[2026-03-26T14:01:36.564+0900][25.141s][info][gc,heap     ] GC(270) Humongous regions: 360->360
[2026-03-26T14:01:36.564+0900][25.141s][info][gc,metaspace] GC(270) Metaspace: 322K(512K)->322K(512K) NonClass: 305K(384K)->305K(384K) Class: 17K(128K)->17K(128K)
[2026-03-26T14:01:36.564+0900][25.141s][info][gc          ] GC(270) Pause Young (Concurrent Start) (G1 Humongous Allocation) 410M->360M(512M) 0.923ms
[2026-03-26T14:01:36.564+0900][25.141s][info][gc,cpu      ] GC(270) User=0.00s Sys=0.00s Real=0.00s
[2026-03-26T14:01:36.564+0900][25.141s][info][gc          ] GC(271) Concurrent Mark Cycle
[2026-03-26T14:01:36.564+0900][25.141s][info][gc,marking  ] GC(271) Concurrent Scan Root Regions
[2026-03-26T14:01:36.564+0900][25.141s][info][gc,marking  ] GC(271) Concurrent Scan Root Regions 0.018ms
[2026-03-26T14:01:36.564+0900][25.141s][info][gc,marking  ] GC(271) Concurrent Mark
[2026-03-26T14:01:36.564+0900][25.141s][info][gc,marking  ] GC(271) Concurrent Mark From Roots
[2026-03-26T14:01:36.564+0900][25.141s][info][gc,task     ] GC(271) Using 3 workers of 3 for marking
[2026-03-26T14:01:36.566+0900][25.142s][info][gc,marking  ] GC(271) Concurrent Mark From Roots 0.869ms
[2026-03-26T14:01:36.566+0900][25.142s][info][gc,marking  ] GC(271) Concurrent Preclean
[2026-03-26T14:01:36.566+0900][25.142s][info][gc,marking  ] GC(271) Concurrent Preclean 0.015ms
[2026-03-26T14:01:36.566+0900][25.142s][info][gc,start    ] GC(271) Pause Remark
[2026-03-26T14:01:36.566+0900][25.142s][info][gc          ] GC(271) Pause Remark 360M->360M(512M) 0.458ms
[2026-03-26T14:01:36.566+0900][25.143s][info][gc,cpu      ] GC(271) User=0.00s Sys=0.00s Real=0.00s
[2026-03-26T14:01:36.566+0900][25.143s][info][gc,marking  ] GC(271) Concurrent Mark 1.543ms
[2026-03-26T14:01:36.566+0900][25.143s][info][gc,marking  ] GC(271) Concurrent Rebuild Remembered Sets and Scrub Regions
[2026-03-26T14:01:36.566+0900][25.143s][info][gc,marking  ] GC(271) Concurrent Rebuild Remembered Sets and Scrub Regions 0.391ms
[2026-03-26T14:01:36.566+0900][25.143s][info][gc,start    ] GC(271) Pause Cleanup
[2026-03-26T14:01:36.566+0900][25.143s][info][gc          ] GC(271) Pause Cleanup 360M->360M(512M) 0.069ms
[2026-03-26T14:01:36.566+0900][25.143s][info][gc,cpu      ] GC(271) User=0.00s Sys=0.00s Real=0.00s
[2026-03-26T14:01:36.566+0900][25.143s][info][gc,marking  ] GC(271) Concurrent Clear Claimed Marks
[2026-03-26T14:01:36.566+0900][25.143s][info][gc,marking  ] GC(271) Concurrent Clear Claimed Marks 0.014ms
[2026-03-26T14:01:36.566+0900][25.143s][info][gc,marking  ] GC(271) Concurrent Cleanup for Next Mark
[2026-03-26T14:01:36.568+0900][25.144s][info][gc,marking  ] GC(271) Concurrent Cleanup for Next Mark 0.366ms
[2026-03-26T14:01:36.568+0900][25.144s][info][gc          ] GC(271) Concurrent Mark Cycle 2.644ms
[2026-03-26T14:01:36.723+0900][25.299s][info][gc,start    ] GC(272) Pause Young (Concurrent Start) (G1 Humongous Allocation)
[2026-03-26T14:01:36.723+0900][25.299s][info][gc,task     ] GC(272) Using 12 workers of 13 for evacuation
[2026-03-26T14:01:36.724+0900][25.300s][info][gc,phases   ] GC(272)   Pre Evacuate Collection Set: 0.2ms
[2026-03-26T14:01:36.724+0900][25.300s][info][gc,phases   ] GC(272)   Merge Heap Roots: 0.1ms
[2026-03-26T14:01:36.724+0900][25.300s][info][gc,phases   ] GC(272)   Evacuate Collection Set: 0.3ms
[2026-03-26T14:01:36.724+0900][25.300s][info][gc,phases   ] GC(272)   Post Evacuate Collection Set: 0.2ms
[2026-03-26T14:01:36.724+0900][25.300s][info][gc,phases   ] GC(272)   Other: 0.1ms
[2026-03-26T14:01:36.724+0900][25.300s][info][gc,heap     ] GC(272) Eden regions: 50->0(208)
[2026-03-26T14:01:36.724+0900][25.300s][info][gc,heap     ] GC(272) Survivor regions: 0->0(16)
[2026-03-26T14:01:36.724+0900][25.300s][info][gc,heap     ] GC(272) Old regions: 1->1
[2026-03-26T14:01:36.724+0900][25.300s][info][gc,heap     ] GC(272) Humongous regions: 366->276
[2026-03-26T14:01:36.724+0900][25.300s][info][gc,metaspace] GC(272) Metaspace: 322K(512K)->322K(512K) NonClass: 305K(384K)->305K(384K) Class: 17K(128K)->17K(128K)
[2026-03-26T14:01:36.724+0900][25.300s][info][gc          ] GC(272) Pause Young (Concurrent Start) (G1 Humongous Allocation) 416M->276M(512M) 1.190ms
[2026-03-26T14:01:36.724+0900][25.300s][info][gc,cpu      ] GC(272) User=0.00s Sys=0.00s Real=0.00s
[2026-03-26T14:01:36.724+0900][25.300s][info][gc          ] GC(273) Concurrent Mark Cycle
[2026-03-26T14:01:36.724+0900][25.300s][info][gc,marking  ] GC(273) Concurrent Scan Root Regions
[2026-03-26T14:01:36.724+0900][25.300s][info][gc,marking  ] GC(273) Concurrent Scan Root Regions 0.012ms
[2026-03-26T14:01:36.724+0900][25.300s][info][gc,marking  ] GC(273) Concurrent Mark
[2026-03-26T14:01:36.724+0900][25.300s][info][gc,marking  ] GC(273) Concurrent Mark From Roots
[2026-03-26T14:01:36.724+0900][25.300s][info][gc,task     ] GC(273) Using 3 workers of 3 for marking
[2026-03-26T14:01:36.725+0900][25.301s][info][gc,marking  ] GC(273) Concurrent Mark From Roots 0.880ms
[2026-03-26T14:01:36.725+0900][25.301s][info][gc,marking  ] GC(273) Concurrent Preclean
[2026-03-26T14:01:36.725+0900][25.301s][info][gc,marking  ] GC(273) Concurrent Preclean 0.015ms
[2026-03-26T14:01:36.725+0900][25.301s][info][gc,start    ] GC(273) Pause Remark
[2026-03-26T14:01:36.727+0900][25.302s][info][gc          ] GC(273) Pause Remark 282M->282M(512M) 0.562ms
[2026-03-26T14:01:36.727+0900][25.302s][info][gc,cpu      ] GC(273) User=0.00s Sys=0.00s Real=0.00s
[2026-03-26T14:01:36.727+0900][25.302s][info][gc,marking  ] GC(273) Concurrent Mark 1.874ms
[2026-03-26T14:01:36.727+0900][25.302s][info][gc,marking  ] GC(273) Concurrent Rebuild Remembered Sets and Scrub Regions
[2026-03-26T14:01:36.727+0900][25.303s][info][gc,marking  ] GC(273) Concurrent Rebuild Remembered Sets and Scrub Regions 0.412ms
[2026-03-26T14:01:36.727+0900][25.303s][info][gc,start    ] GC(273) Pause Cleanup
[2026-03-26T14:01:36.727+0900][25.303s][info][gc          ] GC(273) Pause Cleanup 282M->282M(512M) 0.105ms
[2026-03-26T14:01:36.727+0900][25.303s][info][gc,cpu      ] GC(273) User=0.00s Sys=0.00s Real=0.00s
[2026-03-26T14:01:36.727+0900][25.303s][info][gc,marking  ] GC(273) Concurrent Clear Claimed Marks
[2026-03-26T14:01:36.727+0900][25.303s][info][gc,marking  ] GC(273) Concurrent Clear Claimed Marks 0.026ms
[2026-03-26T14:01:36.727+0900][25.303s][info][gc,marking  ] GC(273) Concurrent Cleanup for Next Mark
[2026-03-26T14:01:36.727+0900][25.303s][info][gc,marking  ] GC(273) Concurrent Cleanup for Next Mark 0.382ms
[2026-03-26T14:01:36.727+0900][25.303s][info][gc          ] GC(273) Concurrent Mark Cycle 3.013ms
[2026-03-26T14:01:36.884+0900][25.460s][info][gc,start    ] GC(274) Pause Young (Concurrent Start) (G1 Humongous Allocation)
[2026-03-26T14:01:36.884+0900][25.461s][info][gc,task     ] GC(274) Using 12 workers of 13 for evacuation
[2026-03-26T14:01:36.884+0900][25.463s][info][gc,phases   ] GC(274)   Pre Evacuate Collection Set: 0.7ms
[2026-03-26T14:01:36.884+0900][25.463s][info][gc,phases   ] GC(274)   Merge Heap Roots: 0.3ms
[2026-03-26T14:01:36.884+0900][25.463s][info][gc,phases   ] GC(274)   Evacuate Collection Set: 0.6ms
[2026-03-26T14:01:36.884+0900][25.463s][info][gc,phases   ] GC(274)   Post Evacuate Collection Set: 0.5ms
[2026-03-26T14:01:36.884+0900][25.463s][info][gc,phases   ] GC(274)   Other: 0.4ms
[2026-03-26T14:01:36.884+0900][25.464s][info][gc,heap     ] GC(274) Eden regions: 50->0(202)
[2026-03-26T14:01:36.884+0900][25.464s][info][gc,heap     ] GC(274) Survivor regions: 0->0(26)
[2026-03-26T14:01:36.884+0900][25.464s][info][gc,heap     ] GC(274) Old regions: 1->1
[2026-03-26T14:01:36.884+0900][25.464s][info][gc,heap     ] GC(274) Humongous regions: 282->282
[2026-03-26T14:01:36.884+0900][25.464s][info][gc,metaspace] GC(274) Metaspace: 322K(512K)->322K(512K) NonClass: 305K(384K)->305K(384K) Class: 17K(128K)->17K(128K)
[2026-03-26T14:01:36.884+0900][25.464s][info][gc          ] GC(274) Pause Young (Concurrent Start) (G1 Humongous Allocation) 332M->282M(512M) 3.224ms
[2026-03-26T14:01:36.884+0900][25.464s][info][gc,cpu      ] GC(274) User=0.02s Sys=0.00s Real=0.00s
[2026-03-26T14:01:36.884+0900][25.464s][info][gc          ] GC(275) Concurrent Mark Cycle
[2026-03-26T14:01:36.884+0900][25.464s][info][gc,marking  ] GC(275) Concurrent Scan Root Regions
[2026-03-26T14:01:36.884+0900][25.464s][info][gc,marking  ] GC(275) Concurrent Scan Root Regions 0.036ms
[2026-03-26T14:01:36.884+0900][25.464s][info][gc,marking  ] GC(275) Concurrent Mark
[2026-03-26T14:01:36.884+0900][25.464s][info][gc,marking  ] GC(275) Concurrent Mark From Roots
[2026-03-26T14:01:36.884+0900][25.464s][info][gc,task     ] GC(275) Using 3 workers of 3 for marking
[2026-03-26T14:01:36.890+0900][25.466s][info][gc,marking  ] GC(275) Concurrent Mark From Roots 2.000ms
[2026-03-26T14:01:36.890+0900][25.467s][info][gc,marking  ] GC(275) Concurrent Preclean
[2026-03-26T14:01:36.890+0900][25.467s][info][gc,marking  ] GC(275) Concurrent Preclean 0.033ms
[2026-03-26T14:01:36.890+0900][25.467s][info][gc,start    ] GC(275) Pause Remark
[2026-03-26T14:01:36.890+0900][25.468s][info][gc          ] GC(275) Pause Remark 288M->288M(512M) 1.396ms
[2026-03-26T14:01:36.890+0900][25.468s][info][gc,cpu      ] GC(275) User=0.00s Sys=0.00s Real=0.00s
[2026-03-26T14:01:36.890+0900][25.468s][info][gc,marking  ] GC(275) Concurrent Mark 4.170ms
[2026-03-26T14:01:36.890+0900][25.468s][info][gc,marking  ] GC(275) Concurrent Rebuild Remembered Sets and Scrub Regions
[2026-03-26T14:01:36.890+0900][25.469s][info][gc,marking  ] GC(275) Concurrent Rebuild Remembered Sets and Scrub Regions 0.807ms
[2026-03-26T14:01:36.890+0900][25.469s][info][gc,start    ] GC(275) Pause Cleanup
[2026-03-26T14:01:36.890+0900][25.470s][info][gc          ] GC(275) Pause Cleanup 288M->288M(512M) 0.223ms
[2026-03-26T14:01:36.890+0900][25.470s][info][gc,cpu      ] GC(275) User=0.00s Sys=0.00s Real=0.00s
[2026-03-26T14:01:36.890+0900][25.470s][info][gc,marking  ] GC(275) Concurrent Clear Claimed Marks
[2026-03-26T14:01:36.890+0900][25.470s][info][gc,marking  ] GC(275) Concurrent Clear Claimed Marks 0.086ms
[2026-03-26T14:01:36.890+0900][25.470s][info][gc,marking  ] GC(275) Concurrent Cleanup for Next Mark
[2026-03-26T14:01:36.890+0900][25.470s][info][gc,marking  ] GC(275) Concurrent Cleanup for Next Mark 0.532ms
[2026-03-26T14:01:36.890+0900][25.470s][info][gc          ] GC(275) Concurrent Mark Cycle 6.571ms
[2026-03-26T14:01:37.045+0900][25.622s][info][gc,start    ] GC(276) Pause Young (Concurrent Start) (G1 Humongous Allocation)
[2026-03-26T14:01:37.045+0900][25.622s][info][gc,task     ] GC(276) Using 12 workers of 13 for evacuation
[2026-03-26T14:01:37.047+0900][25.624s][info][gc,phases   ] GC(276)   Pre Evacuate Collection Set: 0.5ms
[2026-03-26T14:01:37.047+0900][25.624s][info][gc,phases   ] GC(276)   Merge Heap Roots: 0.2ms
[2026-03-26T14:01:37.047+0900][25.624s][info][gc,phases   ] GC(276)   Evacuate Collection Set: 0.4ms
[2026-03-26T14:01:37.047+0900][25.624s][info][gc,phases   ] GC(276)   Post Evacuate Collection Set: 0.7ms
[2026-03-26T14:01:37.047+0900][25.624s][info][gc,phases   ] GC(276)   Other: 0.1ms
[2026-03-26T14:01:37.047+0900][25.624s][info][gc,heap     ] GC(276) Eden regions: 50->0(196)
[2026-03-26T14:01:37.047+0900][25.624s][info][gc,heap     ] GC(276) Survivor regions: 0->0(26)
[2026-03-26T14:01:37.047+0900][25.624s][info][gc,heap     ] GC(276) Old regions: 1->1
[2026-03-26T14:01:37.047+0900][25.624s][info][gc,heap     ] GC(276) Humongous regions: 288->288
[2026-03-26T14:01:37.047+0900][25.624s][info][gc,metaspace] GC(276) Metaspace: 322K(512K)->322K(512K) NonClass: 305K(384K)->305K(384K) Class: 17K(128K)->17K(128K)
[2026-03-26T14:01:37.047+0900][25.624s][info][gc          ] GC(276) Pause Young (Concurrent Start) (G1 Humongous Allocation) 338M->288M(512M) 2.408ms
[2026-03-26T14:01:37.047+0900][25.624s][info][gc,cpu      ] GC(276) User=0.00s Sys=0.00s Real=0.00s
[2026-03-26T14:01:37.047+0900][25.624s][info][gc          ] GC(277) Concurrent Mark Cycle
[2026-03-26T14:01:37.047+0900][25.624s][info][gc,marking  ] GC(277) Concurrent Scan Root Regions
[2026-03-26T14:01:37.047+0900][25.624s][info][gc,marking  ] GC(277) Concurrent Scan Root Regions 0.029ms
[2026-03-26T14:01:37.047+0900][25.624s][info][gc,marking  ] GC(277) Concurrent Mark
[2026-03-26T14:01:37.047+0900][25.624s][info][gc,marking  ] GC(277) Concurrent Mark From Roots
[2026-03-26T14:01:37.047+0900][25.625s][info][gc,task     ] GC(277) Using 3 workers of 3 for marking
[2026-03-26T14:01:37.051+0900][25.626s][info][gc,marking  ] GC(277) Concurrent Mark From Roots 1.716ms
[2026-03-26T14:01:37.051+0900][25.626s][info][gc,marking  ] GC(277) Concurrent Preclean
[2026-03-26T14:01:37.051+0900][25.626s][info][gc,marking  ] GC(277) Concurrent Preclean 0.028ms
[2026-03-26T14:01:37.051+0900][25.627s][info][gc,start    ] GC(277) Pause Remark
[2026-03-26T14:01:37.051+0900][25.628s][info][gc          ] GC(277) Pause Remark 294M->294M(512M) 1.400ms
[2026-03-26T14:01:37.051+0900][25.628s][info][gc,cpu      ] GC(277) User=0.00s Sys=0.00s Real=0.00s
[2026-03-26T14:01:37.051+0900][25.628s][info][gc,marking  ] GC(277) Concurrent Mark 3.759ms
[2026-03-26T14:01:37.051+0900][25.628s][info][gc,marking  ] GC(277) Concurrent Rebuild Remembered Sets and Scrub Regions
[2026-03-26T14:01:37.051+0900][25.629s][info][gc,marking  ] GC(277) Concurrent Rebuild Remembered Sets and Scrub Regions 0.858ms
[2026-03-26T14:01:37.051+0900][25.629s][info][gc,start    ] GC(277) Pause Cleanup
[2026-03-26T14:01:37.051+0900][25.630s][info][gc          ] GC(277) Pause Cleanup 294M->294M(512M) 0.233ms
[2026-03-26T14:01:37.051+0900][25.630s][info][gc,cpu      ] GC(277) User=0.00s Sys=0.00s Real=0.00s
[2026-03-26T14:01:37.051+0900][25.630s][info][gc,marking  ] GC(277) Concurrent Clear Claimed Marks
[2026-03-26T14:01:37.051+0900][25.630s][info][gc,marking  ] GC(277) Concurrent Clear Claimed Marks 0.091ms
[2026-03-26T14:01:37.051+0900][25.630s][info][gc,marking  ] GC(277) Concurrent Cleanup for Next Mark
[2026-03-26T14:01:37.051+0900][25.630s][info][gc,marking  ] GC(277) Concurrent Cleanup for Next Mark 0.555ms
[2026-03-26T14:01:37.051+0900][25.631s][info][gc          ] GC(277) Concurrent Mark Cycle 6.231ms
[2026-03-26T14:01:37.206+0900][25.783s][info][gc,start    ] GC(278) Pause Young (Concurrent Start) (G1 Humongous Allocation)
[2026-03-26T14:01:37.206+0900][25.783s][info][gc,task     ] GC(278) Using 12 workers of 13 for evacuation
[2026-03-26T14:01:37.208+0900][25.785s][info][gc,phases   ] GC(278)   Pre Evacuate Collection Set: 0.3ms
[2026-03-26T14:01:37.208+0900][25.785s][info][gc,phases   ] GC(278)   Merge Heap Roots: 0.2ms
[2026-03-26T14:01:37.208+0900][25.785s][info][gc,phases   ] GC(278)   Evacuate Collection Set: 0.4ms
[2026-03-26T14:01:37.208+0900][25.785s][info][gc,phases   ] GC(278)   Post Evacuate Collection Set: 0.4ms
[2026-03-26T14:01:37.208+0900][25.785s][info][gc,phases   ] GC(278)   Other: 0.2ms
[2026-03-26T14:01:37.208+0900][25.785s][info][gc,heap     ] GC(278) Eden regions: 50->0(190)
[2026-03-26T14:01:37.208+0900][25.785s][info][gc,heap     ] GC(278) Survivor regions: 0->0(25)
[2026-03-26T14:01:37.208+0900][25.785s][info][gc,heap     ] GC(278) Old regions: 1->1
[2026-03-26T14:01:37.208+0900][25.785s][info][gc,heap     ] GC(278) Humongous regions: 294->294
[2026-03-26T14:01:37.208+0900][25.785s][info][gc,metaspace] GC(278) Metaspace: 322K(512K)->322K(512K) NonClass: 305K(384K)->305K(384K) Class: 17K(128K)->17K(128K)
[2026-03-26T14:01:37.208+0900][25.785s][info][gc          ] GC(278) Pause Young (Concurrent Start) (G1 Humongous Allocation) 344M->294M(512M) 2.088ms
[2026-03-26T14:01:37.208+0900][25.785s][info][gc,cpu      ] GC(278) User=0.00s Sys=0.00s Real=0.00s
[2026-03-26T14:01:37.210+0900][25.785s][info][gc          ] GC(279) Concurrent Mark Cycle
[2026-03-26T14:01:37.210+0900][25.785s][info][gc,marking  ] GC(279) Concurrent Scan Root Regions
[2026-03-26T14:01:37.210+0900][25.785s][info][gc,marking  ] GC(279) Concurrent Scan Root Regions 0.027ms
[2026-03-26T14:01:37.210+0900][25.785s][info][gc,marking  ] GC(279) Concurrent Mark
[2026-03-26T14:01:37.210+0900][25.785s][info][gc,marking  ] GC(279) Concurrent Mark From Roots
[2026-03-26T14:01:37.210+0900][25.785s][info][gc,task     ] GC(279) Using 3 workers of 3 for marking
[2026-03-26T14:01:37.210+0900][25.787s][info][gc,marking  ] GC(279) Concurrent Mark From Roots 1.799ms
[2026-03-26T14:01:37.210+0900][25.787s][info][gc,marking  ] GC(279) Concurrent Preclean
[2026-03-26T14:01:37.210+0900][25.787s][info][gc,marking  ] GC(279) Concurrent Preclean 0.031ms
[2026-03-26T14:01:37.210+0900][25.787s][info][gc,start    ] GC(279) Pause Remark
[2026-03-26T14:01:37.210+0900][25.788s][info][gc          ] GC(279) Pause Remark 300M->300M(512M) 0.986ms
[2026-03-26T14:01:37.210+0900][25.788s][info][gc,cpu      ] GC(279) User=0.00s Sys=0.00s Real=0.00s
[2026-03-26T14:01:37.210+0900][25.788s][info][gc,marking  ] GC(279) Concurrent Mark 3.214ms
[2026-03-26T14:01:37.210+0900][25.788s][info][gc,marking  ] GC(279) Concurrent Rebuild Remembered Sets and Scrub Regions
[2026-03-26T14:01:37.214+0900][25.789s][info][gc,marking  ] GC(279) Concurrent Rebuild Remembered Sets and Scrub Regions 0.846ms
[2026-03-26T14:01:37.214+0900][25.789s][info][gc,start    ] GC(279) Pause Cleanup
[2026-03-26T14:01:37.214+0900][25.790s][info][gc          ] GC(279) Pause Cleanup 300M->300M(512M) 0.248ms
[2026-03-26T14:01:37.214+0900][25.790s][info][gc,cpu      ] GC(279) User=0.00s Sys=0.00s Real=0.00s
[2026-03-26T14:01:37.214+0900][25.790s][info][gc,marking  ] GC(279) Concurrent Clear Claimed Marks
[2026-03-26T14:01:37.214+0900][25.790s][info][gc,marking  ] GC(279) Concurrent Clear Claimed Marks 0.062ms
[2026-03-26T14:01:37.214+0900][25.790s][info][gc,marking  ] GC(279) Concurrent Cleanup for Next Mark
[2026-03-26T14:01:37.215+0900][25.790s][info][gc,marking  ] GC(279) Concurrent Cleanup for Next Mark 0.585ms
[2026-03-26T14:01:37.215+0900][25.790s][info][gc          ] GC(279) Concurrent Mark Cycle 5.365ms
[2026-03-26T14:01:37.368+0900][25.945s][info][gc,start    ] GC(280) Pause Young (Concurrent Start) (G1 Humongous Allocation)
[2026-03-26T14:01:37.370+0900][25.945s][info][gc,task     ] GC(280) Using 12 workers of 13 for evacuation
[2026-03-26T14:01:37.370+0900][25.946s][info][gc,phases   ] GC(280)   Pre Evacuate Collection Set: 0.3ms
[2026-03-26T14:01:37.370+0900][25.947s][info][gc,phases   ] GC(280)   Merge Heap Roots: 0.2ms
[2026-03-26T14:01:37.370+0900][25.947s][info][gc,phases   ] GC(280)   Evacuate Collection Set: 0.4ms
[2026-03-26T14:01:37.371+0900][25.947s][info][gc,phases   ] GC(280)   Post Evacuate Collection Set: 0.4ms
[2026-03-26T14:01:37.371+0900][25.947s][info][gc,phases   ] GC(280)   Other: 0.1ms
[2026-03-26T14:01:37.371+0900][25.947s][info][gc,heap     ] GC(280) Eden regions: 50->0(184)
[2026-03-26T14:01:37.371+0900][25.947s][info][gc,heap     ] GC(280) Survivor regions: 0->0(24)
[2026-03-26T14:01:37.371+0900][25.947s][info][gc,heap     ] GC(280) Old regions: 1->1
[2026-03-26T14:01:37.371+0900][25.947s][info][gc,heap     ] GC(280) Humongous regions: 300->300
[2026-03-26T14:01:37.371+0900][25.947s][info][gc,metaspace] GC(280) Metaspace: 322K(512K)->322K(512K) NonClass: 305K(384K)->305K(384K) Class: 17K(128K)->17K(128K)
[2026-03-26T14:01:37.371+0900][25.947s][info][gc          ] GC(280) Pause Young (Concurrent Start) (G1 Humongous Allocation) 350M->300M(512M) 2.053ms
[2026-03-26T14:01:37.371+0900][25.947s][info][gc,cpu      ] GC(280) User=0.02s Sys=0.00s Real=0.00s
[2026-03-26T14:01:37.371+0900][25.947s][info][gc          ] GC(281) Concurrent Mark Cycle
[2026-03-26T14:01:37.371+0900][25.947s][info][gc,marking  ] GC(281) Concurrent Scan Root Regions
[2026-03-26T14:01:37.371+0900][25.947s][info][gc,marking  ] GC(281) Concurrent Scan Root Regions 0.032ms
[2026-03-26T14:01:37.371+0900][25.947s][info][gc,marking  ] GC(281) Concurrent Mark
[2026-03-26T14:01:37.371+0900][25.947s][info][gc,marking  ] GC(281) Concurrent Mark From Roots
[2026-03-26T14:01:37.371+0900][25.947s][info][gc,task     ] GC(281) Using 3 workers of 3 for marking
[2026-03-26T14:01:37.373+0900][25.949s][info][gc,marking  ] GC(281) Concurrent Mark From Roots 1.816ms
[2026-03-26T14:01:37.373+0900][25.949s][info][gc,marking  ] GC(281) Concurrent Preclean
[2026-03-26T14:01:37.373+0900][25.949s][info][gc,marking  ] GC(281) Concurrent Preclean 0.033ms
[2026-03-26T14:01:37.373+0900][25.949s][info][gc,start    ] GC(281) Pause Remark
[2026-03-26T14:01:37.375+0900][25.951s][info][gc          ] GC(281) Pause Remark 306M->306M(512M) 1.050ms
[2026-03-26T14:01:37.375+0900][25.951s][info][gc,cpu      ] GC(281) User=0.00s Sys=0.00s Real=0.00s
[2026-03-26T14:01:37.375+0900][25.951s][info][gc,marking  ] GC(281) Concurrent Mark 3.592ms
[2026-03-26T14:01:37.375+0900][25.951s][info][gc,marking  ] GC(281) Concurrent Rebuild Remembered Sets and Scrub Regions
[2026-03-26T14:01:37.376+0900][25.952s][info][gc,marking  ] GC(281) Concurrent Rebuild Remembered Sets and Scrub Regions 0.963ms
[2026-03-26T14:01:37.376+0900][25.952s][info][gc,start    ] GC(281) Pause Cleanup
[2026-03-26T14:01:37.376+0900][25.952s][info][gc          ] GC(281) Pause Cleanup 306M->306M(512M) 0.222ms
[2026-03-26T14:01:37.376+0900][25.952s][info][gc,cpu      ] GC(281) User=0.00s Sys=0.00s Real=0.00s
[2026-03-26T14:01:37.376+0900][25.952s][info][gc,marking  ] GC(281) Concurrent Clear Claimed Marks
[2026-03-26T14:01:37.376+0900][25.952s][info][gc,marking  ] GC(281) Concurrent Clear Claimed Marks 0.031ms
[2026-03-26T14:01:37.376+0900][25.952s][info][gc,marking  ] GC(281) Concurrent Cleanup for Next Mark
[2026-03-26T14:01:37.377+0900][25.953s][info][gc,marking  ] GC(281) Concurrent Cleanup for Next Mark 0.561ms
[2026-03-26T14:01:37.377+0900][25.953s][info][gc          ] GC(281) Concurrent Mark Cycle 5.921ms
[2026-03-26T14:01:37.547+0900][26.123s][info][gc,start    ] GC(282) Pause Young (Concurrent Start) (G1 Humongous Allocation)
[2026-03-26T14:01:37.547+0900][26.123s][info][gc,task     ] GC(282) Using 12 workers of 13 for evacuation
[2026-03-26T14:01:37.548+0900][26.124s][info][gc,phases   ] GC(282)   Pre Evacuate Collection Set: 0.4ms
[2026-03-26T14:01:37.548+0900][26.124s][info][gc,phases   ] GC(282)   Merge Heap Roots: 0.2ms
[2026-03-26T14:01:37.548+0900][26.124s][info][gc,phases   ] GC(282)   Evacuate Collection Set: 0.4ms
[2026-03-26T14:01:37.548+0900][26.124s][info][gc,phases   ] GC(282)   Post Evacuate Collection Set: 0.4ms
[2026-03-26T14:01:37.548+0900][26.124s][info][gc,phases   ] GC(282)   Other: 0.2ms
[2026-03-26T14:01:37.548+0900][26.125s][info][gc,heap     ] GC(282) Eden regions: 50->0(178)
[2026-03-26T14:01:37.548+0900][26.125s][info][gc,heap     ] GC(282) Survivor regions: 0->0(23)
[2026-03-26T14:01:37.548+0900][26.125s][info][gc,heap     ] GC(282) Old regions: 1->1
[2026-03-26T14:01:37.548+0900][26.125s][info][gc,heap     ] GC(282) Humongous regions: 306->306
[2026-03-26T14:01:37.548+0900][26.125s][info][gc,metaspace] GC(282) Metaspace: 322K(512K)->322K(512K) NonClass: 305K(384K)->305K(384K) Class: 17K(128K)->17K(128K)
[2026-03-26T14:01:37.548+0900][26.125s][info][gc          ] GC(282) Pause Young (Concurrent Start) (G1 Humongous Allocation) 356M->306M(512M) 2.027ms
[2026-03-26T14:01:37.548+0900][26.125s][info][gc,cpu      ] GC(282) User=0.00s Sys=0.00s Real=0.00s
[2026-03-26T14:01:37.548+0900][26.125s][info][gc          ] GC(283) Concurrent Mark Cycle
[2026-03-26T14:01:37.550+0900][26.125s][info][gc,marking  ] GC(283) Concurrent Scan Root Regions
[2026-03-26T14:01:37.550+0900][26.125s][info][gc,marking  ] GC(283) Concurrent Scan Root Regions 0.034ms
[2026-03-26T14:01:37.550+0900][26.125s][info][gc,marking  ] GC(283) Concurrent Mark
[2026-03-26T14:01:37.550+0900][26.125s][info][gc,marking  ] GC(283) Concurrent Mark From Roots
[2026-03-26T14:01:37.550+0900][26.125s][info][gc,task     ] GC(283) Using 3 workers of 3 for marking
[2026-03-26T14:01:37.552+0900][26.127s][info][gc,marking  ] GC(283) Concurrent Mark From Roots 1.845ms
[2026-03-26T14:01:37.552+0900][26.127s][info][gc,marking  ] GC(283) Concurrent Preclean
[2026-03-26T14:01:37.552+0900][26.127s][info][gc,marking  ] GC(283) Concurrent Preclean 0.036ms
[2026-03-26T14:01:37.552+0900][26.127s][info][gc,start    ] GC(283) Pause Remark
[2026-03-26T14:01:37.552+0900][26.128s][info][gc          ] GC(283) Pause Remark 312M->312M(512M) 0.960ms
[2026-03-26T14:01:37.552+0900][26.128s][info][gc,cpu      ] GC(283) User=0.00s Sys=0.00s Real=0.00s
[2026-03-26T14:01:37.552+0900][26.128s][info][gc,marking  ] GC(283) Concurrent Mark 3.133ms
[2026-03-26T14:01:37.552+0900][26.128s][info][gc,marking  ] GC(283) Concurrent Rebuild Remembered Sets and Scrub Regions
[2026-03-26T14:01:37.553+0900][26.129s][info][gc,marking  ] GC(283) Concurrent Rebuild Remembered Sets and Scrub Regions 0.792ms
[2026-03-26T14:01:37.553+0900][26.129s][info][gc,start    ] GC(283) Pause Cleanup
[2026-03-26T14:01:37.553+0900][26.129s][info][gc          ] GC(283) Pause Cleanup 312M->312M(512M) 0.191ms
[2026-03-26T14:01:37.553+0900][26.129s][info][gc,cpu      ] GC(283) User=0.00s Sys=0.00s Real=0.00s
[2026-03-26T14:01:37.553+0900][26.129s][info][gc,marking  ] GC(283) Concurrent Clear Claimed Marks
[2026-03-26T14:01:37.553+0900][26.130s][info][gc,marking  ] GC(283) Concurrent Clear Claimed Marks 0.054ms
[2026-03-26T14:01:37.553+0900][26.130s][info][gc,marking  ] GC(283) Concurrent Cleanup for Next Mark
[2026-03-26T14:01:37.555+0900][26.130s][info][gc,marking  ] GC(283) Concurrent Cleanup for Next Mark 0.615ms
[2026-03-26T14:01:37.555+0900][26.130s][info][gc          ] GC(283) Concurrent Mark Cycle 5.413ms
[2026-03-26T14:01:37.708+0900][26.285s][info][gc,start    ] GC(284) Pause Young (Concurrent Start) (G1 Humongous Allocation)
[2026-03-26T14:01:37.708+0900][26.285s][info][gc,task     ] GC(284) Using 12 workers of 13 for evacuation
[2026-03-26T14:01:37.710+0900][26.286s][info][gc,phases   ] GC(284)   Pre Evacuate Collection Set: 0.2ms
[2026-03-26T14:01:37.710+0900][26.286s][info][gc,phases   ] GC(284)   Merge Heap Roots: 0.1ms
[2026-03-26T14:01:37.710+0900][26.286s][info][gc,phases   ] GC(284)   Evacuate Collection Set: 0.4ms
[2026-03-26T14:01:37.710+0900][26.286s][info][gc,phases   ] GC(284)   Post Evacuate Collection Set: 0.2ms
[2026-03-26T14:01:37.710+0900][26.286s][info][gc,phases   ] GC(284)   Other: 0.1ms
[2026-03-26T14:01:37.710+0900][26.286s][info][gc,heap     ] GC(284) Eden regions: 50->0(172)
[2026-03-26T14:01:37.710+0900][26.286s][info][gc,heap     ] GC(284) Survivor regions: 0->0(23)
[2026-03-26T14:01:37.710+0900][26.286s][info][gc,heap     ] GC(284) Old regions: 1->1
[2026-03-26T14:01:37.710+0900][26.286s][info][gc,heap     ] GC(284) Humongous regions: 312->312
[2026-03-26T14:01:37.710+0900][26.286s][info][gc,metaspace] GC(284) Metaspace: 322K(512K)->322K(512K) NonClass: 305K(384K)->305K(384K) Class: 17K(128K)->17K(128K)
[2026-03-26T14:01:37.710+0900][26.286s][info][gc          ] GC(284) Pause Young (Concurrent Start) (G1 Humongous Allocation) 362M->312M(512M) 1.585ms
[2026-03-26T14:01:37.710+0900][26.286s][info][gc,cpu      ] GC(284) User=0.00s Sys=0.00s Real=0.00s
[2026-03-26T14:01:37.710+0900][26.286s][info][gc          ] GC(285) Concurrent Mark Cycle
[2026-03-26T14:01:37.710+0900][26.286s][info][gc,marking  ] GC(285) Concurrent Scan Root Regions
[2026-03-26T14:01:37.710+0900][26.286s][info][gc,marking  ] GC(285) Concurrent Scan Root Regions 0.024ms
[2026-03-26T14:01:37.710+0900][26.286s][info][gc,marking  ] GC(285) Concurrent Mark
[2026-03-26T14:01:37.710+0900][26.287s][info][gc,marking  ] GC(285) Concurrent Mark From Roots
[2026-03-26T14:01:37.710+0900][26.287s][info][gc,task     ] GC(285) Using 3 workers of 3 for marking
[2026-03-26T14:01:37.712+0900][26.288s][info][gc,marking  ] GC(285) Concurrent Mark From Roots 1.830ms
[2026-03-26T14:01:37.712+0900][26.288s][info][gc,marking  ] GC(285) Concurrent Preclean
[2026-03-26T14:01:37.712+0900][26.288s][info][gc,marking  ] GC(285) Concurrent Preclean 0.027ms
[2026-03-26T14:01:37.712+0900][26.288s][info][gc,start    ] GC(285) Pause Remark
[2026-03-26T14:01:37.712+0900][26.289s][info][gc          ] GC(285) Pause Remark 312M->312M(512M) 0.725ms
[2026-03-26T14:01:37.712+0900][26.289s][info][gc,cpu      ] GC(285) User=0.00s Sys=0.00s Real=0.00s
[2026-03-26T14:01:37.712+0900][26.289s][info][gc,marking  ] GC(285) Concurrent Mark 2.797ms
[2026-03-26T14:01:37.712+0900][26.289s][info][gc,marking  ] GC(285) Concurrent Rebuild Remembered Sets and Scrub Regions
[2026-03-26T14:01:37.714+0900][26.290s][info][gc,marking  ] GC(285) Concurrent Rebuild Remembered Sets and Scrub Regions 0.698ms
[2026-03-26T14:01:37.714+0900][26.290s][info][gc,start    ] GC(285) Pause Cleanup
[2026-03-26T14:01:37.714+0900][26.290s][info][gc          ] GC(285) Pause Cleanup 312M->312M(512M) 0.113ms
[2026-03-26T14:01:37.714+0900][26.290s][info][gc,cpu      ] GC(285) User=0.00s Sys=0.00s Real=0.00s
[2026-03-26T14:01:37.714+0900][26.290s][info][gc,marking  ] GC(285) Concurrent Clear Claimed Marks
[2026-03-26T14:01:37.714+0900][26.290s][info][gc,marking  ] GC(285) Concurrent Clear Claimed Marks 0.023ms
[2026-03-26T14:01:37.714+0900][26.290s][info][gc,marking  ] GC(285) Concurrent Cleanup for Next Mark
[2026-03-26T14:01:37.714+0900][26.291s][info][gc,marking  ] GC(285) Concurrent Cleanup for Next Mark 0.860ms
[2026-03-26T14:01:37.714+0900][26.291s][info][gc          ] GC(285) Concurrent Mark Cycle 4.769ms
[2026-03-26T14:01:37.902+0900][26.479s][info][gc,start    ] GC(286) Pause Young (Concurrent Start) (G1 Humongous Allocation)
[2026-03-26T14:01:37.902+0900][26.479s][info][gc,task     ] GC(286) Using 12 workers of 13 for evacuation
[2026-03-26T14:01:37.902+0900][26.481s][info][gc,phases   ] GC(286)   Pre Evacuate Collection Set: 0.6ms
[2026-03-26T14:01:37.902+0900][26.481s][info][gc,phases   ] GC(286)   Merge Heap Roots: 0.2ms
[2026-03-26T14:01:37.902+0900][26.481s][info][gc,phases   ] GC(286)   Evacuate Collection Set: 0.5ms
[2026-03-26T14:01:37.902+0900][26.481s][info][gc,phases   ] GC(286)   Post Evacuate Collection Set: 1.0ms
[2026-03-26T14:01:37.902+0900][26.481s][info][gc,phases   ] GC(286)   Other: 0.2ms
[2026-03-26T14:01:37.902+0900][26.481s][info][gc,heap     ] GC(286) Eden regions: 50->0(166)
[2026-03-26T14:01:37.902+0900][26.481s][info][gc,heap     ] GC(286) Survivor regions: 0->0(22)
[2026-03-26T14:01:37.902+0900][26.482s][info][gc,heap     ] GC(286) Old regions: 1->1
[2026-03-26T14:01:37.902+0900][26.482s][info][gc,heap     ] GC(286) Humongous regions: 318->318
[2026-03-26T14:01:37.902+0900][26.482s][info][gc,metaspace] GC(286) Metaspace: 322K(512K)->322K(512K) NonClass: 305K(384K)->305K(384K) Class: 17K(128K)->17K(128K)
[2026-03-26T14:01:37.902+0900][26.482s][info][gc          ] GC(286) Pause Young (Concurrent Start) (G1 Humongous Allocation) 368M->318M(512M) 2.919ms
[2026-03-26T14:01:37.902+0900][26.482s][info][gc,cpu      ] GC(286) User=0.00s Sys=0.00s Real=0.00s
[2026-03-26T14:01:37.902+0900][26.482s][info][gc          ] GC(287) Concurrent Mark Cycle
[2026-03-26T14:01:37.902+0900][26.482s][info][gc,marking  ] GC(287) Concurrent Scan Root Regions
[2026-03-26T14:01:37.902+0900][26.482s][info][gc,marking  ] GC(287) Concurrent Scan Root Regions 0.030ms
[2026-03-26T14:01:37.902+0900][26.482s][info][gc,marking  ] GC(287) Concurrent Mark
[2026-03-26T14:01:37.902+0900][26.482s][info][gc,marking  ] GC(287) Concurrent Mark From Roots
[2026-03-26T14:01:37.902+0900][26.482s][info][gc,task     ] GC(287) Using 3 workers of 3 for marking
[2026-03-26T14:01:37.908+0900][26.484s][info][gc,marking  ] GC(287) Concurrent Mark From Roots 1.830ms
[2026-03-26T14:01:37.908+0900][26.484s][info][gc,marking  ] GC(287) Concurrent Preclean
[2026-03-26T14:01:37.908+0900][26.484s][info][gc,marking  ] GC(287) Concurrent Preclean 0.033ms
[2026-03-26T14:01:37.908+0900][26.484s][info][gc,start    ] GC(287) Pause Remark
[2026-03-26T14:01:37.908+0900][26.486s][info][gc          ] GC(287) Pause Remark 324M->324M(512M) 1.557ms
[2026-03-26T14:01:37.908+0900][26.486s][info][gc,cpu      ] GC(287) User=0.00s Sys=0.00s Real=0.00s
[2026-03-26T14:01:37.908+0900][26.486s][info][gc,marking  ] GC(287) Concurrent Mark 3.885ms
[2026-03-26T14:01:37.908+0900][26.486s][info][gc,marking  ] GC(287) Concurrent Rebuild Remembered Sets and Scrub Regions
[2026-03-26T14:01:37.908+0900][26.487s][info][gc,marking  ] GC(287) Concurrent Rebuild Remembered Sets and Scrub Regions 0.901ms
[2026-03-26T14:01:37.908+0900][26.487s][info][gc,start    ] GC(287) Pause Cleanup
[2026-03-26T14:01:37.908+0900][26.487s][info][gc          ] GC(287) Pause Cleanup 324M->324M(512M) 0.255ms
[2026-03-26T14:01:37.908+0900][26.487s][info][gc,cpu      ] GC(287) User=0.00s Sys=0.00s Real=0.00s
[2026-03-26T14:01:37.908+0900][26.487s][info][gc,marking  ] GC(287) Concurrent Clear Claimed Marks
[2026-03-26T14:01:37.908+0900][26.487s][info][gc,marking  ] GC(287) Concurrent Clear Claimed Marks 0.096ms
[2026-03-26T14:01:37.908+0900][26.488s][info][gc,marking  ] GC(287) Concurrent Cleanup for Next Mark
[2026-03-26T14:01:37.908+0900][26.488s][info][gc,marking  ] GC(287) Concurrent Cleanup for Next Mark 0.556ms
[2026-03-26T14:01:37.908+0900][26.488s][info][gc          ] GC(287) Concurrent Mark Cycle 6.485ms
[2026-03-26T14:01:38.064+0900][26.640s][info][gc,start    ] GC(288) Pause Young (Concurrent Start) (G1 Humongous Allocation)
[2026-03-26T14:01:38.064+0900][26.640s][info][gc,task     ] GC(288) Using 12 workers of 13 for evacuation
[2026-03-26T14:01:38.066+0900][26.641s][info][gc,phases   ] GC(288)   Pre Evacuate Collection Set: 0.2ms
[2026-03-26T14:01:38.066+0900][26.641s][info][gc,phases   ] GC(288)   Merge Heap Roots: 0.1ms
[2026-03-26T14:01:38.066+0900][26.641s][info][gc,phases   ] GC(288)   Evacuate Collection Set: 0.5ms
[2026-03-26T14:01:38.066+0900][26.641s][info][gc,phases   ] GC(288)   Post Evacuate Collection Set: 0.3ms
[2026-03-26T14:01:38.066+0900][26.641s][info][gc,phases   ] GC(288)   Other: 0.1ms
[2026-03-26T14:01:38.066+0900][26.641s][info][gc,heap     ] GC(288) Eden regions: 50->0(160)
[2026-03-26T14:01:38.066+0900][26.641s][info][gc,heap     ] GC(288) Survivor regions: 0->0(21)
[2026-03-26T14:01:38.066+0900][26.641s][info][gc,heap     ] GC(288) Old regions: 1->1
[2026-03-26T14:01:38.066+0900][26.641s][info][gc,heap     ] GC(288) Humongous regions: 324->324
[2026-03-26T14:01:38.066+0900][26.642s][info][gc,metaspace] GC(288) Metaspace: 322K(512K)->322K(512K) NonClass: 305K(384K)->305K(384K) Class: 17K(128K)->17K(128K)
[2026-03-26T14:01:38.066+0900][26.642s][info][gc          ] GC(288) Pause Young (Concurrent Start) (G1 Humongous Allocation) 374M->324M(512M) 1.726ms
[2026-03-26T14:01:38.066+0900][26.642s][info][gc,cpu      ] GC(288) User=0.00s Sys=0.00s Real=0.00s
[2026-03-26T14:01:38.066+0900][26.642s][info][gc          ] GC(289) Concurrent Mark Cycle
[2026-03-26T14:01:38.066+0900][26.642s][info][gc,marking  ] GC(289) Concurrent Scan Root Regions
[2026-03-26T14:01:38.066+0900][26.642s][info][gc,marking  ] GC(289) Concurrent Scan Root Regions 0.025ms
[2026-03-26T14:01:38.066+0900][26.642s][info][gc,marking  ] GC(289) Concurrent Mark
[2026-03-26T14:01:38.066+0900][26.642s][info][gc,marking  ] GC(289) Concurrent Mark From Roots
[2026-03-26T14:01:38.066+0900][26.642s][info][gc,task     ] GC(289) Using 3 workers of 3 for marking
[2026-03-26T14:01:38.068+0900][26.644s][info][gc,marking  ] GC(289) Concurrent Mark From Roots 1.939ms
[2026-03-26T14:01:38.068+0900][26.644s][info][gc,marking  ] GC(289) Concurrent Preclean
[2026-03-26T14:01:38.068+0900][26.644s][info][gc,marking  ] GC(289) Concurrent Preclean 0.027ms
[2026-03-26T14:01:38.068+0900][26.644s][info][gc,start    ] GC(289) Pause Remark
[2026-03-26T14:01:38.068+0900][26.645s][info][gc          ] GC(289) Pause Remark 324M->324M(512M) 0.737ms
[2026-03-26T14:01:38.068+0900][26.645s][info][gc,cpu      ] GC(289) User=0.00s Sys=0.00s Real=0.00s
[2026-03-26T14:01:38.068+0900][26.645s][info][gc,marking  ] GC(289) Concurrent Mark 2.918ms
[2026-03-26T14:01:38.068+0900][26.645s][info][gc,marking  ] GC(289) Concurrent Rebuild Remembered Sets and Scrub Regions
[2026-03-26T14:01:38.070+0900][26.645s][info][gc,marking  ] GC(289) Concurrent Rebuild Remembered Sets and Scrub Regions 0.682ms
[2026-03-26T14:01:38.070+0900][26.645s][info][gc,start    ] GC(289) Pause Cleanup
[2026-03-26T14:01:38.070+0900][26.646s][info][gc          ] GC(289) Pause Cleanup 324M->324M(512M) 0.112ms
[2026-03-26T14:01:38.070+0900][26.646s][info][gc,cpu      ] GC(289) User=0.00s Sys=0.00s Real=0.00s
[2026-03-26T14:01:38.070+0900][26.646s][info][gc,marking  ] GC(289) Concurrent Clear Claimed Marks
[2026-03-26T14:01:38.070+0900][26.646s][info][gc,marking  ] GC(289) Concurrent Clear Claimed Marks 0.024ms
[2026-03-26T14:01:38.070+0900][26.646s][info][gc,marking  ] GC(289) Concurrent Cleanup for Next Mark
[2026-03-26T14:01:38.070+0900][26.646s][info][gc,marking  ] GC(289) Concurrent Cleanup for Next Mark 0.836ms
[2026-03-26T14:01:38.070+0900][26.647s][info][gc          ] GC(289) Concurrent Mark Cycle 4.851ms
[2026-03-26T14:01:38.269+0900][26.845s][info][gc,start    ] GC(290) Pause Young (Concurrent Start) (G1 Humongous Allocation)
[2026-03-26T14:01:38.269+0900][26.845s][info][gc,task     ] GC(290) Using 12 workers of 13 for evacuation
[2026-03-26T14:01:38.271+0900][26.846s][info][gc,phases   ] GC(290)   Pre Evacuate Collection Set: 0.2ms
[2026-03-26T14:01:38.271+0900][26.846s][info][gc,phases   ] GC(290)   Merge Heap Roots: 0.1ms
[2026-03-26T14:01:38.271+0900][26.846s][info][gc,phases   ] GC(290)   Evacuate Collection Set: 0.4ms
[2026-03-26T14:01:38.271+0900][26.846s][info][gc,phases   ] GC(290)   Post Evacuate Collection Set: 0.1ms
[2026-03-26T14:01:38.271+0900][26.846s][info][gc,phases   ] GC(290)   Other: 0.1ms
[2026-03-26T14:01:38.271+0900][26.846s][info][gc,heap     ] GC(290) Eden regions: 50->0(154)
[2026-03-26T14:01:38.271+0900][26.846s][info][gc,heap     ] GC(290) Survivor regions: 0->0(20)
[2026-03-26T14:01:38.271+0900][26.846s][info][gc,heap     ] GC(290) Old regions: 1->1
[2026-03-26T14:01:38.271+0900][26.846s][info][gc,heap     ] GC(290) Humongous regions: 330->330
[2026-03-26T14:01:38.271+0900][26.847s][info][gc,metaspace] GC(290) Metaspace: 322K(512K)->322K(512K) NonClass: 305K(384K)->305K(384K) Class: 17K(128K)->17K(128K)
[2026-03-26T14:01:38.271+0900][26.847s][info][gc          ] GC(290) Pause Young (Concurrent Start) (G1 Humongous Allocation) 380M->330M(512M) 1.237ms
[2026-03-26T14:01:38.271+0900][26.847s][info][gc,cpu      ] GC(290) User=0.00s Sys=0.00s Real=0.00s
[2026-03-26T14:01:38.271+0900][26.847s][info][gc          ] GC(291) Concurrent Mark Cycle
[2026-03-26T14:01:38.271+0900][26.847s][info][gc,marking  ] GC(291) Concurrent Scan Root Regions
[2026-03-26T14:01:38.271+0900][26.847s][info][gc,marking  ] GC(291) Concurrent Scan Root Regions 0.013ms
[2026-03-26T14:01:38.271+0900][26.847s][info][gc,marking  ] GC(291) Concurrent Mark
[2026-03-26T14:01:38.271+0900][26.847s][info][gc,marking  ] GC(291) Concurrent Mark From Roots
[2026-03-26T14:01:38.271+0900][26.847s][info][gc,task     ] GC(291) Using 3 workers of 3 for marking
[2026-03-26T14:01:38.273+0900][26.848s][info][gc,marking  ] GC(291) Concurrent Mark From Roots 1.419ms
[2026-03-26T14:01:38.273+0900][26.848s][info][gc,marking  ] GC(291) Concurrent Preclean
[2026-03-26T14:01:38.273+0900][26.848s][info][gc,marking  ] GC(291) Concurrent Preclean 0.016ms
[2026-03-26T14:01:38.273+0900][26.848s][info][gc,start    ] GC(291) Pause Remark
[2026-03-26T14:01:38.273+0900][26.849s][info][gc          ] GC(291) Pause Remark 330M->330M(512M) 0.512ms
[2026-03-26T14:01:38.273+0900][26.849s][info][gc,cpu      ] GC(291) User=0.00s Sys=0.00s Real=0.00s
[2026-03-26T14:01:38.273+0900][26.849s][info][gc,marking  ] GC(291) Concurrent Mark 2.132ms
[2026-03-26T14:01:38.273+0900][26.849s][info][gc,marking  ] GC(291) Concurrent Rebuild Remembered Sets and Scrub Regions
[2026-03-26T14:01:38.273+0900][26.849s][info][gc,marking  ] GC(291) Concurrent Rebuild Remembered Sets and Scrub Regions 0.425ms
[2026-03-26T14:01:38.273+0900][26.849s][info][gc,start    ] GC(291) Pause Cleanup
[2026-03-26T14:01:38.273+0900][26.849s][info][gc          ] GC(291) Pause Cleanup 330M->330M(512M) 0.063ms
[2026-03-26T14:01:38.273+0900][26.849s][info][gc,cpu      ] GC(291) User=0.00s Sys=0.00s Real=0.00s
[2026-03-26T14:01:38.273+0900][26.849s][info][gc,marking  ] GC(291) Concurrent Clear Claimed Marks
[2026-03-26T14:01:38.273+0900][26.849s][info][gc,marking  ] GC(291) Concurrent Clear Claimed Marks 0.013ms
[2026-03-26T14:01:38.273+0900][26.849s][info][gc,marking  ] GC(291) Concurrent Cleanup for Next Mark
[2026-03-26T14:01:38.273+0900][26.850s][info][gc,marking  ] GC(291) Concurrent Cleanup for Next Mark 0.634ms
[2026-03-26T14:01:38.275+0900][26.850s][info][gc          ] GC(291) Concurrent Mark Cycle 3.432ms
[2026-03-26T14:01:38.443+0900][27.019s][info][gc,start    ] GC(292) Pause Young (Concurrent Start) (G1 Humongous Allocation)
[2026-03-26T14:01:38.443+0900][27.019s][info][gc,task     ] GC(292) Using 12 workers of 13 for evacuation
[2026-03-26T14:01:38.445+0900][27.020s][info][gc,phases   ] GC(292)   Pre Evacuate Collection Set: 0.2ms
[2026-03-26T14:01:38.445+0900][27.020s][info][gc,phases   ] GC(292)   Merge Heap Roots: 0.1ms
[2026-03-26T14:01:38.445+0900][27.020s][info][gc,phases   ] GC(292)   Evacuate Collection Set: 0.4ms
[2026-03-26T14:01:38.445+0900][27.020s][info][gc,phases   ] GC(292)   Post Evacuate Collection Set: 0.1ms
[2026-03-26T14:01:38.445+0900][27.020s][info][gc,phases   ] GC(292)   Other: 0.1ms
[2026-03-26T14:01:38.445+0900][27.020s][info][gc,heap     ] GC(292) Eden regions: 50->0(148)
[2026-03-26T14:01:38.445+0900][27.020s][info][gc,heap     ] GC(292) Survivor regions: 0->0(20)
[2026-03-26T14:01:38.445+0900][27.020s][info][gc,heap     ] GC(292) Old regions: 1->1
[2026-03-26T14:01:38.445+0900][27.020s][info][gc,heap     ] GC(292) Humongous regions: 336->336
[2026-03-26T14:01:38.445+0900][27.020s][info][gc,metaspace] GC(292) Metaspace: 322K(512K)->322K(512K) NonClass: 305K(384K)->305K(384K) Class: 17K(128K)->17K(128K)
[2026-03-26T14:01:38.445+0900][27.020s][info][gc          ] GC(292) Pause Young (Concurrent Start) (G1 Humongous Allocation) 386M->336M(512M) 1.221ms
[2026-03-26T14:01:38.445+0900][27.021s][info][gc,cpu      ] GC(292) User=0.00s Sys=0.00s Real=0.00s
[2026-03-26T14:01:38.445+0900][27.021s][info][gc          ] GC(293) Concurrent Mark Cycle
[2026-03-26T14:01:38.445+0900][27.021s][info][gc,marking  ] GC(293) Concurrent Scan Root Regions
[2026-03-26T14:01:38.445+0900][27.021s][info][gc,marking  ] GC(293) Concurrent Scan Root Regions 0.013ms
[2026-03-26T14:01:38.445+0900][27.021s][info][gc,marking  ] GC(293) Concurrent Mark
[2026-03-26T14:01:38.445+0900][27.021s][info][gc,marking  ] GC(293) Concurrent Mark From Roots
[2026-03-26T14:01:38.445+0900][27.021s][info][gc,task     ] GC(293) Using 3 workers of 3 for marking
[2026-03-26T14:01:38.445+0900][27.022s][info][gc,marking  ] GC(293) Concurrent Mark From Roots 1.063ms
[2026-03-26T14:01:38.445+0900][27.022s][info][gc,marking  ] GC(293) Concurrent Preclean
[2026-03-26T14:01:38.445+0900][27.022s][info][gc,marking  ] GC(293) Concurrent Preclean 0.014ms
[2026-03-26T14:01:38.445+0900][27.022s][info][gc,start    ] GC(293) Pause Remark
[2026-03-26T14:01:38.447+0900][27.022s][info][gc          ] GC(293) Pause Remark 336M->336M(512M) 0.553ms
[2026-03-26T14:01:38.447+0900][27.022s][info][gc,cpu      ] GC(293) User=0.00s Sys=0.00s Real=0.00s
[2026-03-26T14:01:38.447+0900][27.022s][info][gc,marking  ] GC(293) Concurrent Mark 1.881ms
[2026-03-26T14:01:38.447+0900][27.023s][info][gc,marking  ] GC(293) Concurrent Rebuild Remembered Sets and Scrub Regions
[2026-03-26T14:01:38.447+0900][27.023s][info][gc,marking  ] GC(293) Concurrent Rebuild Remembered Sets and Scrub Regions 0.405ms
[2026-03-26T14:01:38.447+0900][27.023s][info][gc,start    ] GC(293) Pause Cleanup
[2026-03-26T14:01:38.447+0900][27.023s][info][gc          ] GC(293) Pause Cleanup 336M->336M(512M) 0.062ms
[2026-03-26T14:01:38.447+0900][27.023s][info][gc,cpu      ] GC(293) User=0.00s Sys=0.00s Real=0.00s
[2026-03-26T14:01:38.447+0900][27.023s][info][gc,marking  ] GC(293) Concurrent Clear Claimed Marks
[2026-03-26T14:01:38.447+0900][27.023s][info][gc,marking  ] GC(293) Concurrent Clear Claimed Marks 0.013ms
[2026-03-26T14:01:38.447+0900][27.023s][info][gc,marking  ] GC(293) Concurrent Cleanup for Next Mark
[2026-03-26T14:01:38.447+0900][27.024s][info][gc,marking  ] GC(293) Concurrent Cleanup for Next Mark 0.638ms
[2026-03-26T14:01:38.447+0900][27.024s][info][gc          ] GC(293) Concurrent Mark Cycle 3.162ms
[2026-03-26T14:01:38.620+0900][27.195s][info][gc,start    ] GC(294) Pause Young (Concurrent Start) (G1 Humongous Allocation)
[2026-03-26T14:01:38.620+0900][27.196s][info][gc,task     ] GC(294) Using 12 workers of 13 for evacuation
[2026-03-26T14:01:38.621+0900][27.197s][info][gc,phases   ] GC(294)   Pre Evacuate Collection Set: 0.3ms
[2026-03-26T14:01:38.621+0900][27.197s][info][gc,phases   ] GC(294)   Merge Heap Roots: 0.1ms
[2026-03-26T14:01:38.621+0900][27.197s][info][gc,phases   ] GC(294)   Evacuate Collection Set: 0.4ms
[2026-03-26T14:01:38.621+0900][27.197s][info][gc,phases   ] GC(294)   Post Evacuate Collection Set: 0.3ms
[2026-03-26T14:01:38.621+0900][27.197s][info][gc,phases   ] GC(294)   Other: 0.1ms
[2026-03-26T14:01:38.621+0900][27.197s][info][gc,heap     ] GC(294) Eden regions: 50->0(142)
[2026-03-26T14:01:38.621+0900][27.197s][info][gc,heap     ] GC(294) Survivor regions: 0->0(19)
[2026-03-26T14:01:38.621+0900][27.197s][info][gc,heap     ] GC(294) Old regions: 1->1
[2026-03-26T14:01:38.621+0900][27.197s][info][gc,heap     ] GC(294) Humongous regions: 342->342
[2026-03-26T14:01:38.621+0900][27.197s][info][gc,metaspace] GC(294) Metaspace: 322K(512K)->322K(512K) NonClass: 305K(384K)->305K(384K) Class: 17K(128K)->17K(128K)
[2026-03-26T14:01:38.621+0900][27.197s][info][gc          ] GC(294) Pause Young (Concurrent Start) (G1 Humongous Allocation) 392M->342M(512M) 1.782ms
[2026-03-26T14:01:38.621+0900][27.197s][info][gc,cpu      ] GC(294) User=0.00s Sys=0.02s Real=0.00s
[2026-03-26T14:01:38.621+0900][27.197s][info][gc          ] GC(295) Concurrent Mark Cycle
[2026-03-26T14:01:38.622+0900][27.197s][info][gc,marking  ] GC(295) Concurrent Scan Root Regions
[2026-03-26T14:01:38.622+0900][27.197s][info][gc,marking  ] GC(295) Concurrent Scan Root Regions 0.032ms
[2026-03-26T14:01:38.622+0900][27.198s][info][gc,marking  ] GC(295) Concurrent Mark
[2026-03-26T14:01:38.622+0900][27.198s][info][gc,marking  ] GC(295) Concurrent Mark From Roots
[2026-03-26T14:01:38.622+0900][27.198s][info][gc,task     ] GC(295) Using 3 workers of 3 for marking
[2026-03-26T14:01:38.624+0900][27.200s][info][gc,marking  ] GC(295) Concurrent Mark From Roots 2.067ms
[2026-03-26T14:01:38.624+0900][27.200s][info][gc,marking  ] GC(295) Concurrent Preclean
[2026-03-26T14:01:38.624+0900][27.200s][info][gc,marking  ] GC(295) Concurrent Preclean 0.030ms
[2026-03-26T14:01:38.624+0900][27.200s][info][gc,start    ] GC(295) Pause Remark
[2026-03-26T14:01:38.624+0900][27.201s][info][gc          ] GC(295) Pause Remark 348M->348M(512M) 0.832ms
[2026-03-26T14:01:38.624+0900][27.201s][info][gc,cpu      ] GC(295) User=0.00s Sys=0.00s Real=0.00s
[2026-03-26T14:01:38.624+0900][27.201s][info][gc,marking  ] GC(295) Concurrent Mark 3.579ms
[2026-03-26T14:01:38.624+0900][27.201s][info][gc,marking  ] GC(295) Concurrent Rebuild Remembered Sets and Scrub Regions
[2026-03-26T14:01:38.626+0900][27.202s][info][gc,marking  ] GC(295) Concurrent Rebuild Remembered Sets and Scrub Regions 0.731ms
[2026-03-26T14:01:38.626+0900][27.202s][info][gc,start    ] GC(295) Pause Cleanup
[2026-03-26T14:01:38.626+0900][27.202s][info][gc          ] GC(295) Pause Cleanup 348M->348M(512M) 0.172ms
[2026-03-26T14:01:38.626+0900][27.202s][info][gc,cpu      ] GC(295) User=0.00s Sys=0.00s Real=0.00s
[2026-03-26T14:01:38.626+0900][27.202s][info][gc,marking  ] GC(295) Concurrent Clear Claimed Marks
[2026-03-26T14:01:38.626+0900][27.202s][info][gc,marking  ] GC(295) Concurrent Clear Claimed Marks 0.051ms
[2026-03-26T14:01:38.626+0900][27.202s][info][gc,marking  ] GC(295) Concurrent Cleanup for Next Mark
[2026-03-26T14:01:38.627+0900][27.203s][info][gc,marking  ] GC(295) Concurrent Cleanup for Next Mark 0.529ms
[2026-03-26T14:01:38.627+0900][27.203s][info][gc          ] GC(295) Concurrent Mark Cycle 5.567ms
[2026-03-26T14:01:38.783+0900][27.359s][info][gc,start    ] GC(296) Pause Young (Concurrent Start) (G1 Humongous Allocation)
[2026-03-26T14:01:38.783+0900][27.359s][info][gc,task     ] GC(296) Using 12 workers of 13 for evacuation
[2026-03-26T14:01:38.783+0900][27.360s][info][gc,phases   ] GC(296)   Pre Evacuate Collection Set: 0.3ms
[2026-03-26T14:01:38.783+0900][27.360s][info][gc,phases   ] GC(296)   Merge Heap Roots: 0.2ms
[2026-03-26T14:01:38.783+0900][27.361s][info][gc,phases   ] GC(296)   Evacuate Collection Set: 0.5ms
[2026-03-26T14:01:38.783+0900][27.361s][info][gc,phases   ] GC(296)   Post Evacuate Collection Set: 0.3ms
[2026-03-26T14:01:38.785+0900][27.361s][info][gc,phases   ] GC(296)   Other: 0.1ms
[2026-03-26T14:01:38.785+0900][27.361s][info][gc,heap     ] GC(296) Eden regions: 50->0(136)
[2026-03-26T14:01:38.785+0900][27.361s][info][gc,heap     ] GC(296) Survivor regions: 0->0(18)
[2026-03-26T14:01:38.785+0900][27.361s][info][gc,heap     ] GC(296) Old regions: 1->1
[2026-03-26T14:01:38.785+0900][27.361s][info][gc,heap     ] GC(296) Humongous regions: 348->348
[2026-03-26T14:01:38.785+0900][27.361s][info][gc,metaspace] GC(296) Metaspace: 322K(512K)->322K(512K) NonClass: 305K(384K)->305K(384K) Class: 17K(128K)->17K(128K)
[2026-03-26T14:01:38.785+0900][27.361s][info][gc          ] GC(296) Pause Young (Concurrent Start) (G1 Humongous Allocation) 398M->348M(512M) 1.926ms
[2026-03-26T14:01:38.785+0900][27.361s][info][gc,cpu      ] GC(296) User=0.00s Sys=0.00s Real=0.00s
[2026-03-26T14:01:38.785+0900][27.361s][info][gc          ] GC(297) Concurrent Mark Cycle
[2026-03-26T14:01:38.785+0900][27.361s][info][gc,marking  ] GC(297) Concurrent Scan Root Regions
[2026-03-26T14:01:38.785+0900][27.361s][info][gc,marking  ] GC(297) Concurrent Scan Root Regions 0.025ms
[2026-03-26T14:01:38.785+0900][27.361s][info][gc,marking  ] GC(297) Concurrent Mark
[2026-03-26T14:01:38.785+0900][27.361s][info][gc,marking  ] GC(297) Concurrent Mark From Roots
[2026-03-26T14:01:38.785+0900][27.361s][info][gc,task     ] GC(297) Using 3 workers of 3 for marking
[2026-03-26T14:01:38.787+0900][27.363s][info][gc,marking  ] GC(297) Concurrent Mark From Roots 1.948ms
[2026-03-26T14:01:38.787+0900][27.363s][info][gc,marking  ] GC(297) Concurrent Preclean
[2026-03-26T14:01:38.787+0900][27.363s][info][gc,marking  ] GC(297) Concurrent Preclean 0.026ms
[2026-03-26T14:01:38.808+0900][27.383s][info][gc,start    ] GC(297) Pause Remark
[2026-03-26T14:01:38.808+0900][27.385s][info][gc          ] GC(297) Pause Remark 348M->348M(512M) 1.336ms
[2026-03-26T14:01:38.808+0900][27.385s][info][gc,cpu      ] GC(297) User=0.00s Sys=0.02s Real=0.00s
[2026-03-26T14:01:38.808+0900][27.385s][info][gc,marking  ] GC(297) Concurrent Mark 23.759ms
[2026-03-26T14:01:38.808+0900][27.385s][info][gc,marking  ] GC(297) Concurrent Rebuild Remembered Sets and Scrub Regions
[2026-03-26T14:01:38.810+0900][27.386s][info][gc,marking  ] GC(297) Concurrent Rebuild Remembered Sets and Scrub Regions 0.975ms
[2026-03-26T14:01:38.810+0900][27.386s][info][gc,start    ] GC(297) Pause Cleanup
[2026-03-26T14:01:38.810+0900][27.386s][info][gc          ] GC(297) Pause Cleanup 348M->348M(512M) 0.138ms
[2026-03-26T14:01:38.810+0900][27.386s][info][gc,cpu      ] GC(297) User=0.00s Sys=0.00s Real=0.00s
[2026-03-26T14:01:38.810+0900][27.386s][info][gc,marking  ] GC(297) Concurrent Clear Claimed Marks
[2026-03-26T14:01:38.810+0900][27.386s][info][gc,marking  ] GC(297) Concurrent Clear Claimed Marks 0.029ms
[2026-03-26T14:01:38.810+0900][27.386s][info][gc,marking  ] GC(297) Concurrent Cleanup for Next Mark
[2026-03-26T14:01:38.810+0900][27.387s][info][gc,marking  ] GC(297) Concurrent Cleanup for Next Mark 0.941ms
[2026-03-26T14:01:38.812+0900][27.387s][info][gc          ] GC(297) Concurrent Mark Cycle 26.191ms
[2026-03-26T14:01:38.972+0900][27.548s][info][gc,start    ] GC(298) Pause Young (Concurrent Start) (G1 Humongous Allocation)
[2026-03-26T14:01:38.972+0900][27.549s][info][gc,task     ] GC(298) Using 12 workers of 13 for evacuation
[2026-03-26T14:01:38.974+0900][27.550s][info][gc,phases   ] GC(298)   Pre Evacuate Collection Set: 0.3ms
[2026-03-26T14:01:38.974+0900][27.550s][info][gc,phases   ] GC(298)   Merge Heap Roots: 0.1ms
[2026-03-26T14:01:38.974+0900][27.550s][info][gc,phases   ] GC(298)   Evacuate Collection Set: 0.4ms
[2026-03-26T14:01:38.974+0900][27.550s][info][gc,phases   ] GC(298)   Post Evacuate Collection Set: 0.2ms
[2026-03-26T14:01:38.974+0900][27.550s][info][gc,phases   ] GC(298)   Other: 0.1ms
[2026-03-26T14:01:38.974+0900][27.550s][info][gc,heap     ] GC(298) Eden regions: 50->0(130)
[2026-03-26T14:01:38.974+0900][27.550s][info][gc,heap     ] GC(298) Survivor regions: 0->0(17)
[2026-03-26T14:01:38.974+0900][27.550s][info][gc,heap     ] GC(298) Old regions: 1->1
[2026-03-26T14:01:38.974+0900][27.550s][info][gc,heap     ] GC(298) Humongous regions: 354->354
[2026-03-26T14:01:38.974+0900][27.550s][info][gc,metaspace] GC(298) Metaspace: 322K(512K)->322K(512K) NonClass: 305K(384K)->305K(384K) Class: 17K(128K)->17K(128K)
[2026-03-26T14:01:38.974+0900][27.550s][info][gc          ] GC(298) Pause Young (Concurrent Start) (G1 Humongous Allocation) 404M->354M(512M) 2.590ms
[2026-03-26T14:01:38.974+0900][27.550s][info][gc,cpu      ] GC(298) User=0.00s Sys=0.00s Real=0.00s
[2026-03-26T14:01:38.974+0900][27.550s][info][gc          ] GC(299) Concurrent Mark Cycle
[2026-03-26T14:01:38.974+0900][27.550s][info][gc,marking  ] GC(299) Concurrent Scan Root Regions
[2026-03-26T14:01:38.974+0900][27.550s][info][gc,marking  ] GC(299) Concurrent Scan Root Regions 0.024ms
[2026-03-26T14:01:38.974+0900][27.550s][info][gc,marking  ] GC(299) Concurrent Mark
[2026-03-26T14:01:38.974+0900][27.550s][info][gc,marking  ] GC(299) Concurrent Mark From Roots
[2026-03-26T14:01:38.974+0900][27.550s][info][gc,task     ] GC(299) Using 3 workers of 3 for marking
[2026-03-26T14:01:38.976+0900][27.552s][info][gc,marking  ] GC(299) Concurrent Mark From Roots 1.835ms
[2026-03-26T14:01:38.976+0900][27.552s][info][gc,marking  ] GC(299) Concurrent Preclean
[2026-03-26T14:01:38.976+0900][27.552s][info][gc,marking  ] GC(299) Concurrent Preclean 0.025ms
[2026-03-26T14:01:38.976+0900][27.552s][info][gc,start    ] GC(299) Pause Remark
[2026-03-26T14:01:38.978+0900][27.553s][info][gc          ] GC(299) Pause Remark 354M->354M(512M) 0.743ms
[2026-03-26T14:01:38.978+0900][27.553s][info][gc,cpu      ] GC(299) User=0.00s Sys=0.00s Real=0.00s
[2026-03-26T14:01:38.978+0900][27.553s][info][gc,marking  ] GC(299) Concurrent Mark 2.826ms
[2026-03-26T14:01:38.978+0900][27.553s][info][gc,marking  ] GC(299) Concurrent Rebuild Remembered Sets and Scrub Regions
[2026-03-26T14:01:38.978+0900][27.554s][info][gc,marking  ] GC(299) Concurrent Rebuild Remembered Sets and Scrub Regions 0.645ms
[2026-03-26T14:01:38.978+0900][27.554s][info][gc,start    ] GC(299) Pause Cleanup
[2026-03-26T14:01:38.978+0900][27.554s][info][gc          ] GC(299) Pause Cleanup 354M->354M(512M) 0.105ms
[2026-03-26T14:01:38.978+0900][27.554s][info][gc,cpu      ] GC(299) User=0.00s Sys=0.00s Real=0.00s
[2026-03-26T14:01:38.978+0900][27.554s][info][gc,marking  ] GC(299) Concurrent Clear Claimed Marks
[2026-03-26T14:01:38.978+0900][27.554s][info][gc,marking  ] GC(299) Concurrent Clear Claimed Marks 0.022ms
[2026-03-26T14:01:38.978+0900][27.554s][info][gc,marking  ] GC(299) Concurrent Cleanup for Next Mark
[2026-03-26T14:01:38.980+0900][27.555s][info][gc,marking  ] GC(299) Concurrent Cleanup for Next Mark 0.846ms
[2026-03-26T14:01:38.980+0900][27.555s][info][gc          ] GC(299) Concurrent Mark Cycle 4.704ms
[2026-03-26T14:01:39.150+0900][27.725s][info][gc,start    ] GC(300) Pause Young (Concurrent Start) (G1 Humongous Allocation)
[2026-03-26T14:01:39.150+0900][27.725s][info][gc,task     ] GC(300) Using 12 workers of 13 for evacuation
[2026-03-26T14:01:39.150+0900][27.727s][info][gc,phases   ] GC(300)   Pre Evacuate Collection Set: 0.2ms
[2026-03-26T14:01:39.150+0900][27.727s][info][gc,phases   ] GC(300)   Merge Heap Roots: 0.2ms
[2026-03-26T14:01:39.150+0900][27.727s][info][gc,phases   ] GC(300)   Evacuate Collection Set: 0.4ms
[2026-03-26T14:01:39.150+0900][27.727s][info][gc,phases   ] GC(300)   Post Evacuate Collection Set: 0.3ms
[2026-03-26T14:01:39.150+0900][27.727s][info][gc,phases   ] GC(300)   Other: 0.1ms
[2026-03-26T14:01:39.150+0900][27.727s][info][gc,heap     ] GC(300) Eden regions: 50->0(124)
[2026-03-26T14:01:39.150+0900][27.727s][info][gc,heap     ] GC(300) Survivor regions: 0->0(17)
[2026-03-26T14:01:39.150+0900][27.727s][info][gc,heap     ] GC(300) Old regions: 1->1
[2026-03-26T14:01:39.150+0900][27.727s][info][gc,heap     ] GC(300) Humongous regions: 360->360
[2026-03-26T14:01:39.150+0900][27.727s][info][gc,metaspace] GC(300) Metaspace: 322K(512K)->322K(512K) NonClass: 305K(384K)->305K(384K) Class: 17K(128K)->17K(128K)
[2026-03-26T14:01:39.150+0900][27.727s][info][gc          ] GC(300) Pause Young (Concurrent Start) (G1 Humongous Allocation) 410M->360M(512M) 1.731ms
[2026-03-26T14:01:39.150+0900][27.727s][info][gc,cpu      ] GC(300) User=0.00s Sys=0.00s Real=0.00s
[2026-03-26T14:01:39.150+0900][27.727s][info][gc          ] GC(301) Concurrent Mark Cycle
[2026-03-26T14:01:39.152+0900][27.727s][info][gc,marking  ] GC(301) Concurrent Scan Root Regions
[2026-03-26T14:01:39.152+0900][27.727s][info][gc,marking  ] GC(301) Concurrent Scan Root Regions 0.029ms
[2026-03-26T14:01:39.152+0900][27.727s][info][gc,marking  ] GC(301) Concurrent Mark
[2026-03-26T14:01:39.152+0900][27.727s][info][gc,marking  ] GC(301) Concurrent Mark From Roots
[2026-03-26T14:01:39.152+0900][27.727s][info][gc,task     ] GC(301) Using 3 workers of 3 for marking
[2026-03-26T14:01:39.153+0900][27.730s][info][gc,marking  ] GC(301) Concurrent Mark From Roots 2.580ms
[2026-03-26T14:01:39.153+0900][27.730s][info][gc,marking  ] GC(301) Concurrent Preclean
[2026-03-26T14:01:39.153+0900][27.730s][info][gc,marking  ] GC(301) Concurrent Preclean 0.029ms
[2026-03-26T14:01:39.153+0900][27.730s][info][gc,start    ] GC(301) Pause Remark
[2026-03-26T14:01:39.155+0900][27.731s][info][gc          ] GC(301) Pause Remark 360M->360M(512M) 0.761ms
[2026-03-26T14:01:39.155+0900][27.731s][info][gc,cpu      ] GC(301) User=0.00s Sys=0.00s Real=0.00s
[2026-03-26T14:01:39.155+0900][27.731s][info][gc,marking  ] GC(301) Concurrent Mark 3.621ms
[2026-03-26T14:01:39.155+0900][27.731s][info][gc,marking  ] GC(301) Concurrent Rebuild Remembered Sets and Scrub Regions
[2026-03-26T14:01:39.157+0900][27.732s][info][gc,marking  ] GC(301) Concurrent Rebuild Remembered Sets and Scrub Regions 1.558ms
[2026-03-26T14:01:39.157+0900][27.732s][info][gc,start    ] GC(301) Pause Cleanup
[2026-03-26T14:01:39.157+0900][27.732s][info][gc          ] GC(301) Pause Cleanup 360M->360M(512M) 0.122ms
[2026-03-26T14:01:39.157+0900][27.733s][info][gc,cpu      ] GC(301) User=0.00s Sys=0.00s Real=0.00s
[2026-03-26T14:01:39.157+0900][27.733s][info][gc,marking  ] GC(301) Concurrent Clear Claimed Marks
[2026-03-26T14:01:39.157+0900][27.733s][info][gc,marking  ] GC(301) Concurrent Clear Claimed Marks 0.024ms
[2026-03-26T14:01:39.157+0900][27.733s][info][gc,marking  ] GC(301) Concurrent Cleanup for Next Mark
[2026-03-26T14:01:39.157+0900][27.733s][info][gc,marking  ] GC(301) Concurrent Cleanup for Next Mark 0.842ms
[2026-03-26T14:01:39.157+0900][27.733s][info][gc          ] GC(301) Concurrent Mark Cycle 6.504ms
[2026-03-26T14:01:39.315+0900][27.891s][info][gc,start    ] GC(302) Pause Young (Concurrent Start) (G1 Humongous Allocation)
[2026-03-26T14:01:39.315+0900][27.891s][info][gc,task     ] GC(302) Using 12 workers of 13 for evacuation
[2026-03-26T14:01:39.315+0900][27.893s][info][gc,phases   ] GC(302)   Pre Evacuate Collection Set: 0.3ms
[2026-03-26T14:01:39.315+0900][27.894s][info][gc,phases   ] GC(302)   Merge Heap Roots: 0.2ms
[2026-03-26T14:01:39.315+0900][27.894s][info][gc,phases   ] GC(302)   Evacuate Collection Set: 0.5ms
[2026-03-26T14:01:39.315+0900][27.894s][info][gc,phases   ] GC(302)   Post Evacuate Collection Set: 0.9ms
[2026-03-26T14:01:39.315+0900][27.894s][info][gc,phases   ] GC(302)   Other: 0.2ms
[2026-03-26T14:01:39.315+0900][27.894s][info][gc,heap     ] GC(302) Eden regions: 50->0(208)
[2026-03-26T14:01:39.315+0900][27.894s][info][gc,heap     ] GC(302) Survivor regions: 0->0(16)
[2026-03-26T14:01:39.315+0900][27.894s][info][gc,heap     ] GC(302) Old regions: 1->1
[2026-03-26T14:01:39.315+0900][27.894s][info][gc,heap     ] GC(302) Humongous regions: 366->276
[2026-03-26T14:01:39.315+0900][27.894s][info][gc,metaspace] GC(302) Metaspace: 322K(512K)->322K(512K) NonClass: 305K(384K)->305K(384K) Class: 17K(128K)->17K(128K)
[2026-03-26T14:01:39.315+0900][27.894s][info][gc          ] GC(302) Pause Young (Concurrent Start) (G1 Humongous Allocation) 416M->276M(512M) 2.748ms
[2026-03-26T14:01:39.315+0900][27.894s][info][gc,cpu      ] GC(302) User=0.00s Sys=0.00s Real=0.00s
[2026-03-26T14:01:39.315+0900][27.894s][info][gc          ] GC(303) Concurrent Mark Cycle
[2026-03-26T14:01:39.315+0900][27.894s][info][gc,marking  ] GC(303) Concurrent Scan Root Regions
[2026-03-26T14:01:39.315+0900][27.894s][info][gc,marking  ] GC(303) Concurrent Scan Root Regions 0.045ms
[2026-03-26T14:01:39.315+0900][27.894s][info][gc,marking  ] GC(303) Concurrent Mark
[2026-03-26T14:01:39.315+0900][27.894s][info][gc,marking  ] GC(303) Concurrent Mark From Roots
[2026-03-26T14:01:39.315+0900][27.894s][info][gc,task     ] GC(303) Using 3 workers of 3 for marking
[2026-03-26T14:01:39.321+0900][27.896s][info][gc,marking  ] GC(303) Concurrent Mark From Roots 1.759ms
[2026-03-26T14:01:39.321+0900][27.896s][info][gc,marking  ] GC(303) Concurrent Preclean
[2026-03-26T14:01:39.321+0900][27.896s][info][gc,marking  ] GC(303) Concurrent Preclean 0.033ms
[2026-03-26T14:01:39.321+0900][27.896s][info][gc,start    ] GC(303) Pause Remark
[2026-03-26T14:01:39.321+0900][27.897s][info][gc          ] GC(303) Pause Remark 282M->282M(512M) 1.172ms
[2026-03-26T14:01:39.321+0900][27.897s][info][gc,cpu      ] GC(303) User=0.00s Sys=0.00s Real=0.00s
[2026-03-26T14:01:39.321+0900][27.897s][info][gc,marking  ] GC(303) Concurrent Mark 3.298ms
[2026-03-26T14:01:39.321+0900][27.898s][info][gc,marking  ] GC(303) Concurrent Rebuild Remembered Sets and Scrub Regions
[2026-03-26T14:01:39.321+0900][27.899s][info][gc,marking  ] GC(303) Concurrent Rebuild Remembered Sets and Scrub Regions 1.245ms
[2026-03-26T14:01:39.321+0900][27.899s][info][gc,start    ] GC(303) Pause Cleanup
[2026-03-26T14:01:39.321+0900][27.899s][info][gc          ] GC(303) Pause Cleanup 282M->282M(512M) 0.309ms
[2026-03-26T14:01:39.321+0900][27.899s][info][gc,cpu      ] GC(303) User=0.02s Sys=0.00s Real=0.00s
[2026-03-26T14:01:39.321+0900][27.899s][info][gc,marking  ] GC(303) Concurrent Clear Claimed Marks
[2026-03-26T14:01:39.321+0900][27.899s][info][gc,marking  ] GC(303) Concurrent Clear Claimed Marks 0.044ms
[2026-03-26T14:01:39.321+0900][27.900s][info][gc,marking  ] GC(303) Concurrent Cleanup for Next Mark
[2026-03-26T14:01:39.321+0900][27.900s][info][gc,marking  ] GC(303) Concurrent Cleanup for Next Mark 0.454ms
[2026-03-26T14:01:39.321+0900][27.900s][info][gc          ] GC(303) Concurrent Mark Cycle 6.063ms
[2026-03-26T14:01:39.473+0900][28.050s][info][gc,start    ] GC(304) Pause Young (Concurrent Start) (G1 Humongous Allocation)
[2026-03-26T14:01:39.473+0900][28.050s][info][gc,task     ] GC(304) Using 12 workers of 13 for evacuation
[2026-03-26T14:01:39.476+0900][28.052s][info][gc,phases   ] GC(304)   Pre Evacuate Collection Set: 0.5ms
[2026-03-26T14:01:39.476+0900][28.052s][info][gc,phases   ] GC(304)   Merge Heap Roots: 0.1ms
[2026-03-26T14:01:39.476+0900][28.052s][info][gc,phases   ] GC(304)   Evacuate Collection Set: 0.5ms
[2026-03-26T14:01:39.476+0900][28.052s][info][gc,phases   ] GC(304)   Post Evacuate Collection Set: 0.4ms
[2026-03-26T14:01:39.476+0900][28.052s][info][gc,phases   ] GC(304)   Other: 0.2ms
[2026-03-26T14:01:39.476+0900][28.052s][info][gc,heap     ] GC(304) Eden regions: 50->0(202)
[2026-03-26T14:01:39.476+0900][28.052s][info][gc,heap     ] GC(304) Survivor regions: 0->0(26)
[2026-03-26T14:01:39.476+0900][28.052s][info][gc,heap     ] GC(304) Old regions: 1->1
[2026-03-26T14:01:39.476+0900][28.052s][info][gc,heap     ] GC(304) Humongous regions: 282->282
[2026-03-26T14:01:39.476+0900][28.052s][info][gc,metaspace] GC(304) Metaspace: 322K(512K)->322K(512K) NonClass: 305K(384K)->305K(384K) Class: 17K(128K)->17K(128K)
[2026-03-26T14:01:39.476+0900][28.052s][info][gc          ] GC(304) Pause Young (Concurrent Start) (G1 Humongous Allocation) 332M->282M(512M) 2.379ms
[2026-03-26T14:01:39.476+0900][28.052s][info][gc,cpu      ] GC(304) User=0.00s Sys=0.00s Real=0.00s
[2026-03-26T14:01:39.476+0900][28.052s][info][gc          ] GC(305) Concurrent Mark Cycle
[2026-03-26T14:01:39.476+0900][28.052s][info][gc,marking  ] GC(305) Concurrent Scan Root Regions
[2026-03-26T14:01:39.476+0900][28.052s][info][gc,marking  ] GC(305) Concurrent Scan Root Regions 0.028ms
[2026-03-26T14:01:39.476+0900][28.052s][info][gc,marking  ] GC(305) Concurrent Mark
[2026-03-26T14:01:39.476+0900][28.052s][info][gc,marking  ] GC(305) Concurrent Mark From Roots
[2026-03-26T14:01:39.476+0900][28.052s][info][gc,task     ] GC(305) Using 3 workers of 3 for marking
[2026-03-26T14:01:39.476+0900][28.054s][info][gc,marking  ] GC(305) Concurrent Mark From Roots 1.563ms
[2026-03-26T14:01:39.476+0900][28.054s][info][gc,marking  ] GC(305) Concurrent Preclean
[2026-03-26T14:01:39.476+0900][28.054s][info][gc,marking  ] GC(305) Concurrent Preclean 0.027ms
[2026-03-26T14:01:39.476+0900][28.054s][info][gc,start    ] GC(305) Pause Remark
[2026-03-26T14:01:39.476+0900][28.055s][info][gc          ] GC(305) Pause Remark 288M->288M(512M) 1.293ms
[2026-03-26T14:01:39.476+0900][28.056s][info][gc,cpu      ] GC(305) User=0.00s Sys=0.02s Real=0.00s
[2026-03-26T14:01:39.476+0900][28.056s][info][gc,marking  ] GC(305) Concurrent Mark 3.310ms
[2026-03-26T14:01:39.476+0900][28.056s][info][gc,marking  ] GC(305) Concurrent Rebuild Remembered Sets and Scrub Regions
[2026-03-26T14:01:39.476+0900][28.056s][info][gc,marking  ] GC(305) Concurrent Rebuild Remembered Sets and Scrub Regions 0.729ms
[2026-03-26T14:01:39.476+0900][28.057s][info][gc,start    ] GC(305) Pause Cleanup
[2026-03-26T14:01:39.476+0900][28.057s][info][gc          ] GC(305) Pause Cleanup 288M->288M(512M) 0.207ms
[2026-03-26T14:01:39.476+0900][28.057s][info][gc,cpu      ] GC(305) User=0.00s Sys=0.00s Real=0.00s
[2026-03-26T14:01:39.476+0900][28.057s][info][gc,marking  ] GC(305) Concurrent Clear Claimed Marks
[2026-03-26T14:01:39.476+0900][28.057s][info][gc,marking  ] GC(305) Concurrent Clear Claimed Marks 0.072ms
[2026-03-26T14:01:39.476+0900][28.057s][info][gc,marking  ] GC(305) Concurrent Cleanup for Next Mark
[2026-03-26T14:01:39.476+0900][28.058s][info][gc,marking  ] GC(305) Concurrent Cleanup for Next Mark 0.682ms
[2026-03-26T14:01:39.476+0900][28.058s][info][gc          ] GC(305) Concurrent Mark Cycle 5.557ms
[2026-03-26T14:01:39.632+0900][28.209s][info][gc,start    ] GC(306) Pause Young (Concurrent Start) (G1 Humongous Allocation)
[2026-03-26T14:01:39.632+0900][28.209s][info][gc,task     ] GC(306) Using 12 workers of 13 for evacuation
[2026-03-26T14:01:39.632+0900][28.211s][info][gc,phases   ] GC(306)   Pre Evacuate Collection Set: 0.6ms
[2026-03-26T14:01:39.632+0900][28.211s][info][gc,phases   ] GC(306)   Merge Heap Roots: 0.2ms
[2026-03-26T14:01:39.632+0900][28.211s][info][gc,phases   ] GC(306)   Evacuate Collection Set: 0.4ms
[2026-03-26T14:01:39.632+0900][28.211s][info][gc,phases   ] GC(306)   Post Evacuate Collection Set: 0.8ms
[2026-03-26T14:01:39.632+0900][28.211s][info][gc,phases   ] GC(306)   Other: 0.4ms
[2026-03-26T14:01:39.632+0900][28.211s][info][gc,heap     ] GC(306) Eden regions: 50->0(196)
[2026-03-26T14:01:39.632+0900][28.211s][info][gc,heap     ] GC(306) Survivor regions: 0->0(26)
[2026-03-26T14:01:39.632+0900][28.211s][info][gc,heap     ] GC(306) Old regions: 1->1
[2026-03-26T14:01:39.632+0900][28.212s][info][gc,heap     ] GC(306) Humongous regions: 288->288
[2026-03-26T14:01:39.632+0900][28.212s][info][gc,metaspace] GC(306) Metaspace: 322K(512K)->322K(512K) NonClass: 305K(384K)->305K(384K) Class: 17K(128K)->17K(128K)
[2026-03-26T14:01:39.632+0900][28.212s][info][gc          ] GC(306) Pause Young (Concurrent Start) (G1 Humongous Allocation) 338M->288M(512M) 2.882ms
[2026-03-26T14:01:39.632+0900][28.212s][info][gc,cpu      ] GC(306) User=0.00s Sys=0.00s Real=0.00s
[2026-03-26T14:01:39.632+0900][28.212s][info][gc          ] GC(307) Concurrent Mark Cycle
[2026-03-26T14:01:39.632+0900][28.212s][info][gc,marking  ] GC(307) Concurrent Scan Root Regions
[2026-03-26T14:01:39.632+0900][28.212s][info][gc,marking  ] GC(307) Concurrent Scan Root Regions 0.033ms
[2026-03-26T14:01:39.632+0900][28.212s][info][gc,marking  ] GC(307) Concurrent Mark
[2026-03-26T14:01:39.632+0900][28.212s][info][gc,marking  ] GC(307) Concurrent Mark From Roots
[2026-03-26T14:01:39.632+0900][28.212s][info][gc,task     ] GC(307) Using 3 workers of 3 for marking
[2026-03-26T14:01:39.632+0900][28.214s][info][gc,marking  ] GC(307) Concurrent Mark From Roots 1.619ms
[2026-03-26T14:01:39.632+0900][28.214s][info][gc,marking  ] GC(307) Concurrent Preclean
[2026-03-26T14:01:39.632+0900][28.214s][info][gc,marking  ] GC(307) Concurrent Preclean 0.036ms
[2026-03-26T14:01:39.632+0900][28.214s][info][gc,start    ] GC(307) Pause Remark
[2026-03-26T14:01:39.632+0900][28.215s][info][gc          ] GC(307) Pause Remark 294M->294M(512M) 1.483ms
[2026-03-26T14:01:39.632+0900][28.215s][info][gc,cpu      ] GC(307) User=0.00s Sys=0.00s Real=0.00s
[2026-03-26T14:01:39.632+0900][28.215s][info][gc,marking  ] GC(307) Concurrent Mark 3.545ms
[2026-03-26T14:01:39.632+0900][28.216s][info][gc,marking  ] GC(307) Concurrent Rebuild Remembered Sets and Scrub Regions
[2026-03-26T14:01:39.632+0900][28.216s][info][gc,marking  ] GC(307) Concurrent Rebuild Remembered Sets and Scrub Regions 0.847ms
[2026-03-26T14:01:39.632+0900][28.217s][info][gc,start    ] GC(307) Pause Cleanup
[2026-03-26T14:01:39.632+0900][28.217s][info][gc          ] GC(307) Pause Cleanup 294M->294M(512M) 0.320ms
[2026-03-26T14:01:39.632+0900][28.217s][info][gc,cpu      ] GC(307) User=0.00s Sys=0.00s Real=0.00s
[2026-03-26T14:01:39.632+0900][28.217s][info][gc,marking  ] GC(307) Concurrent Clear Claimed Marks
[2026-03-26T14:01:39.632+0900][28.217s][info][gc,marking  ] GC(307) Concurrent Clear Claimed Marks 0.084ms
[2026-03-26T14:01:39.632+0900][28.217s][info][gc,marking  ] GC(307) Concurrent Cleanup for Next Mark
[2026-03-26T14:01:39.632+0900][28.218s][info][gc,marking  ] GC(307) Concurrent Cleanup for Next Mark 0.458ms
[2026-03-26T14:01:39.632+0900][28.218s][info][gc          ] GC(307) Concurrent Mark Cycle 6.064ms
[2026-03-26T14:01:39.796+0900][28.371s][info][gc,start    ] GC(308) Pause Young (Concurrent Start) (G1 Humongous Allocation)
[2026-03-26T14:01:39.796+0900][28.371s][info][gc,task     ] GC(308) Using 12 workers of 13 for evacuation
[2026-03-26T14:01:39.796+0900][28.373s][info][gc,phases   ] GC(308)   Pre Evacuate Collection Set: 0.3ms
[2026-03-26T14:01:39.796+0900][28.373s][info][gc,phases   ] GC(308)   Merge Heap Roots: 0.1ms
[2026-03-26T14:01:39.796+0900][28.373s][info][gc,phases   ] GC(308)   Evacuate Collection Set: 0.3ms
[2026-03-26T14:01:39.796+0900][28.373s][info][gc,phases   ] GC(308)   Post Evacuate Collection Set: 0.2ms
[2026-03-26T14:01:39.796+0900][28.373s][info][gc,phases   ] GC(308)   Other: 0.1ms
[2026-03-26T14:01:39.796+0900][28.373s][info][gc,heap     ] GC(308) Eden regions: 50->0(190)
[2026-03-26T14:01:39.796+0900][28.373s][info][gc,heap     ] GC(308) Survivor regions: 0->0(25)
[2026-03-26T14:01:39.796+0900][28.373s][info][gc,heap     ] GC(308) Old regions: 1->1
[2026-03-26T14:01:39.796+0900][28.373s][info][gc,heap     ] GC(308) Humongous regions: 294->294
[2026-03-26T14:01:39.796+0900][28.373s][info][gc,metaspace] GC(308) Metaspace: 322K(512K)->322K(512K) NonClass: 305K(384K)->305K(384K) Class: 17K(128K)->17K(128K)
[2026-03-26T14:01:39.798+0900][28.373s][info][gc          ] GC(308) Pause Young (Concurrent Start) (G1 Humongous Allocation) 344M->294M(512M) 1.503ms
[2026-03-26T14:01:39.798+0900][28.373s][info][gc,cpu      ] GC(308) User=0.00s Sys=0.00s Real=0.00s
[2026-03-26T14:01:39.798+0900][28.373s][info][gc          ] GC(309) Concurrent Mark Cycle
[2026-03-26T14:01:39.798+0900][28.373s][info][gc,marking  ] GC(309) Concurrent Scan Root Regions
[2026-03-26T14:01:39.798+0900][28.373s][info][gc,marking  ] GC(309) Concurrent Scan Root Regions 0.024ms
[2026-03-26T14:01:39.798+0900][28.373s][info][gc,marking  ] GC(309) Concurrent Mark
[2026-03-26T14:01:39.798+0900][28.373s][info][gc,marking  ] GC(309) Concurrent Mark From Roots
[2026-03-26T14:01:39.798+0900][28.373s][info][gc,task     ] GC(309) Using 3 workers of 3 for marking
[2026-03-26T14:01:39.798+0900][28.375s][info][gc,marking  ] GC(309) Concurrent Mark From Roots 1.328ms
[2026-03-26T14:01:39.798+0900][28.375s][info][gc,marking  ] GC(309) Concurrent Preclean
[2026-03-26T14:01:39.798+0900][28.375s][info][gc,marking  ] GC(309) Concurrent Preclean 0.022ms
[2026-03-26T14:01:39.798+0900][28.375s][info][gc,start    ] GC(309) Pause Remark
[2026-03-26T14:01:39.800+0900][28.375s][info][gc          ] GC(309) Pause Remark 294M->294M(512M) 0.643ms
[2026-03-26T14:01:39.800+0900][28.376s][info][gc,cpu      ] GC(309) User=0.00s Sys=0.00s Real=0.00s
[2026-03-26T14:01:39.800+0900][28.376s][info][gc,marking  ] GC(309) Concurrent Mark 2.389ms
[2026-03-26T14:01:39.800+0900][28.376s][info][gc,marking  ] GC(309) Concurrent Rebuild Remembered Sets and Scrub Regions
[2026-03-26T14:01:39.801+0900][28.376s][info][gc,marking  ] GC(309) Concurrent Rebuild Remembered Sets and Scrub Regions 0.533ms
[2026-03-26T14:01:39.801+0900][28.376s][info][gc,start    ] GC(309) Pause Cleanup
[2026-03-26T14:01:39.801+0900][28.377s][info][gc          ] GC(309) Pause Cleanup 300M->300M(512M) 0.148ms
[2026-03-26T14:01:39.801+0900][28.377s][info][gc,cpu      ] GC(309) User=0.00s Sys=0.00s Real=0.00s
[2026-03-26T14:01:39.803+0900][28.379s][info][gc,marking  ] GC(309) Concurrent Clear Claimed Marks
[2026-03-26T14:01:39.803+0900][28.379s][info][gc,marking  ] GC(309) Concurrent Clear Claimed Marks 0.049ms
[2026-03-26T14:01:39.803+0900][28.379s][info][gc,marking  ] GC(309) Concurrent Cleanup for Next Mark
[2026-03-26T14:01:39.804+0900][28.379s][info][gc,marking  ] GC(309) Concurrent Cleanup for Next Mark 0.445ms
[2026-03-26T14:01:39.804+0900][28.379s][info][gc          ] GC(309) Concurrent Mark Cycle 6.074ms
[2026-03-26T14:01:40.000+0900][28.576s][info][gc,start    ] GC(310) Pause Young (Concurrent Start) (G1 Humongous Allocation)
[2026-03-26T14:01:40.000+0900][28.576s][info][gc,task     ] GC(310) Using 12 workers of 13 for evacuation
[2026-03-26T14:01:40.000+0900][28.576s][info][gc,phases   ] GC(310)   Pre Evacuate Collection Set: 0.2ms
[2026-03-26T14:01:40.000+0900][28.576s][info][gc,phases   ] GC(310)   Merge Heap Roots: 0.1ms
[2026-03-26T14:01:40.000+0900][28.576s][info][gc,phases   ] GC(310)   Evacuate Collection Set: 0.2ms
[2026-03-26T14:01:40.000+0900][28.576s][info][gc,phases   ] GC(310)   Post Evacuate Collection Set: 0.2ms
[2026-03-26T14:01:40.000+0900][28.576s][info][gc,phases   ] GC(310)   Other: 0.1ms
[2026-03-26T14:01:40.000+0900][28.576s][info][gc,heap     ] GC(310) Eden regions: 50->0(184)
[2026-03-26T14:01:40.000+0900][28.576s][info][gc,heap     ] GC(310) Survivor regions: 0->0(24)
[2026-03-26T14:01:40.000+0900][28.576s][info][gc,heap     ] GC(310) Old regions: 1->1
[2026-03-26T14:01:40.000+0900][28.576s][info][gc,heap     ] GC(310) Humongous regions: 300->300
[2026-03-26T14:01:40.000+0900][28.576s][info][gc,metaspace] GC(310) Metaspace: 322K(512K)->322K(512K) NonClass: 305K(384K)->305K(384K) Class: 17K(128K)->17K(128K)
[2026-03-26T14:01:40.000+0900][28.576s][info][gc          ] GC(310) Pause Young (Concurrent Start) (G1 Humongous Allocation) 350M->300M(512M) 0.953ms
[2026-03-26T14:01:40.000+0900][28.576s][info][gc,cpu      ] GC(310) User=0.00s Sys=0.00s Real=0.00s
[2026-03-26T14:01:40.000+0900][28.576s][info][gc          ] GC(311) Concurrent Mark Cycle
[2026-03-26T14:01:40.000+0900][28.577s][info][gc,marking  ] GC(311) Concurrent Scan Root Regions
[2026-03-26T14:01:40.000+0900][28.577s][info][gc,marking  ] GC(311) Concurrent Scan Root Regions 0.042ms
[2026-03-26T14:01:40.000+0900][28.577s][info][gc,marking  ] GC(311) Concurrent Mark
[2026-03-26T14:01:40.000+0900][28.577s][info][gc,marking  ] GC(311) Concurrent Mark From Roots
[2026-03-26T14:01:40.000+0900][28.577s][info][gc,task     ] GC(311) Using 3 workers of 3 for marking
[2026-03-26T14:01:40.002+0900][28.578s][info][gc,marking  ] GC(311) Concurrent Mark From Roots 1.286ms
[2026-03-26T14:01:40.002+0900][28.578s][info][gc,marking  ] GC(311) Concurrent Preclean
[2026-03-26T14:01:40.002+0900][28.578s][info][gc,marking  ] GC(311) Concurrent Preclean 0.022ms
[2026-03-26T14:01:40.002+0900][28.578s][info][gc,start    ] GC(311) Pause Remark
[2026-03-26T14:01:40.002+0900][28.579s][info][gc          ] GC(311) Pause Remark 306M->306M(512M) 0.440ms
[2026-03-26T14:01:40.002+0900][28.579s][info][gc,cpu      ] GC(311) User=0.00s Sys=0.00s Real=0.00s
[2026-03-26T14:01:40.002+0900][28.579s][info][gc,marking  ] GC(311) Concurrent Mark 1.948ms
[2026-03-26T14:01:40.002+0900][28.579s][info][gc,marking  ] GC(311) Concurrent Rebuild Remembered Sets and Scrub Regions
[2026-03-26T14:01:40.002+0900][28.579s][info][gc,marking  ] GC(311) Concurrent Rebuild Remembered Sets and Scrub Regions 0.380ms
[2026-03-26T14:01:40.002+0900][28.579s][info][gc,start    ] GC(311) Pause Cleanup
[2026-03-26T14:01:40.002+0900][28.579s][info][gc          ] GC(311) Pause Cleanup 306M->306M(512M) 0.149ms
[2026-03-26T14:01:40.002+0900][28.579s][info][gc,cpu      ] GC(311) User=0.00s Sys=0.00s Real=0.00s
[2026-03-26T14:01:40.002+0900][28.579s][info][gc,marking  ] GC(311) Concurrent Clear Claimed Marks
[2026-03-26T14:01:40.002+0900][28.579s][info][gc,marking  ] GC(311) Concurrent Clear Claimed Marks 0.031ms
[2026-03-26T14:01:40.002+0900][28.579s][info][gc,marking  ] GC(311) Concurrent Cleanup for Next Mark
[2026-03-26T14:01:40.002+0900][28.580s][info][gc,marking  ] GC(311) Concurrent Cleanup for Next Mark 0.351ms
[2026-03-26T14:01:40.002+0900][28.580s][info][gc          ] GC(311) Concurrent Mark Cycle 3.339ms
[2026-03-26T14:01:40.859+0900][29.435s][info][gc,start    ] GC(312) Pause Young (Concurrent Start) (G1 Humongous Allocation)
[2026-03-26T14:01:40.859+0900][29.435s][info][gc,task     ] GC(312) Using 12 workers of 13 for evacuation
[2026-03-26T14:01:40.859+0900][29.436s][info][gc,phases   ] GC(312)   Pre Evacuate Collection Set: 0.3ms
[2026-03-26T14:01:40.859+0900][29.436s][info][gc,phases   ] GC(312)   Merge Heap Roots: 0.1ms
[2026-03-26T14:01:40.859+0900][29.436s][info][gc,phases   ] GC(312)   Evacuate Collection Set: 0.4ms
[2026-03-26T14:01:40.859+0900][29.436s][info][gc,phases   ] GC(312)   Post Evacuate Collection Set: 0.4ms
[2026-03-26T14:01:40.859+0900][29.437s][info][gc,phases   ] GC(312)   Other: 0.1ms
[2026-03-26T14:01:40.859+0900][29.437s][info][gc,heap     ] GC(312) Eden regions: 50->0(178)
[2026-03-26T14:01:40.859+0900][29.437s][info][gc,heap     ] GC(312) Survivor regions: 0->0(23)
[2026-03-26T14:01:40.859+0900][29.437s][info][gc,heap     ] GC(312) Old regions: 1->1
[2026-03-26T14:01:40.859+0900][29.437s][info][gc,heap     ] GC(312) Humongous regions: 306->306
[2026-03-26T14:01:40.859+0900][29.437s][info][gc,metaspace] GC(312) Metaspace: 322K(512K)->322K(512K) NonClass: 305K(384K)->305K(384K) Class: 17K(128K)->17K(128K)
[2026-03-26T14:01:40.859+0900][29.437s][info][gc          ] GC(312) Pause Young (Concurrent Start) (G1 Humongous Allocation) 356M->306M(512M) 1.633ms
[2026-03-26T14:01:40.859+0900][29.437s][info][gc,cpu      ] GC(312) User=0.00s Sys=0.00s Real=0.00s
[2026-03-26T14:01:40.859+0900][29.437s][info][gc          ] GC(313) Concurrent Mark Cycle
[2026-03-26T14:01:40.859+0900][29.437s][info][gc,marking  ] GC(313) Concurrent Scan Root Regions
[2026-03-26T14:01:40.859+0900][29.437s][info][gc,marking  ] GC(313) Concurrent Scan Root Regions 0.016ms
[2026-03-26T14:01:40.859+0900][29.437s][info][gc,marking  ] GC(313) Concurrent Mark
[2026-03-26T14:01:40.859+0900][29.437s][info][gc,marking  ] GC(313) Concurrent Mark From Roots
[2026-03-26T14:01:40.859+0900][29.437s][info][gc,task     ] GC(313) Using 3 workers of 3 for marking
[2026-03-26T14:01:40.859+0900][29.438s][info][gc,marking  ] GC(313) Concurrent Mark From Roots 1.035ms
[2026-03-26T14:01:40.859+0900][29.438s][info][gc,marking  ] GC(313) Concurrent Preclean
[2026-03-26T14:01:40.859+0900][29.438s][info][gc,marking  ] GC(313) Concurrent Preclean 0.030ms
[2026-03-26T14:01:40.859+0900][29.438s][info][gc,start    ] GC(313) Pause Remark
[2026-03-26T14:01:40.859+0900][29.439s][info][gc          ] GC(313) Pause Remark 312M->312M(512M) 0.889ms
[2026-03-26T14:01:40.859+0900][29.439s][info][gc,cpu      ] GC(313) User=0.00s Sys=0.00s Real=0.00s
[2026-03-26T14:01:40.859+0900][29.439s][info][gc,marking  ] GC(313) Concurrent Mark 2.138ms
[2026-03-26T14:01:40.859+0900][29.439s][info][gc,marking  ] GC(313) Concurrent Rebuild Remembered Sets and Scrub Regions
[2026-03-26T14:01:40.859+0900][29.439s][info][gc,marking  ] GC(313) Concurrent Rebuild Remembered Sets and Scrub Regions 0.479ms
[2026-03-26T14:01:40.859+0900][29.439s][info][gc,start    ] GC(313) Pause Cleanup
[2026-03-26T14:01:40.859+0900][29.440s][info][gc          ] GC(313) Pause Cleanup 312M->312M(512M) 0.209ms
[2026-03-26T14:01:40.859+0900][29.440s][info][gc,cpu      ] GC(313) User=0.00s Sys=0.00s Real=0.00s
[2026-03-26T14:01:40.859+0900][29.440s][info][gc,marking  ] GC(313) Concurrent Clear Claimed Marks
[2026-03-26T14:01:40.859+0900][29.440s][info][gc,marking  ] GC(313) Concurrent Clear Claimed Marks 0.030ms
[2026-03-26T14:01:40.859+0900][29.440s][info][gc,marking  ] GC(313) Concurrent Cleanup for Next Mark
[2026-03-26T14:01:40.859+0900][29.440s][info][gc,marking  ] GC(313) Concurrent Cleanup for Next Mark 0.287ms
[2026-03-26T14:01:40.859+0900][29.440s][info][gc          ] GC(313) Concurrent Mark Cycle 3.460ms
[2026-03-26T14:01:41.028+0900][29.604s][info][gc,start    ] GC(314) Pause Young (Concurrent Start) (G1 Humongous Allocation)
[2026-03-26T14:01:41.028+0900][29.604s][info][gc,task     ] GC(314) Using 12 workers of 13 for evacuation
[2026-03-26T14:01:41.028+0900][29.606s][info][gc,phases   ] GC(314)   Pre Evacuate Collection Set: 0.3ms
[2026-03-26T14:01:41.028+0900][29.606s][info][gc,phases   ] GC(314)   Merge Heap Roots: 0.2ms
[2026-03-26T14:01:41.028+0900][29.606s][info][gc,phases   ] GC(314)   Evacuate Collection Set: 0.3ms
[2026-03-26T14:01:41.028+0900][29.606s][info][gc,phases   ] GC(314)   Post Evacuate Collection Set: 0.3ms
[2026-03-26T14:01:41.028+0900][29.606s][info][gc,phases   ] GC(314)   Other: 0.2ms
[2026-03-26T14:01:41.028+0900][29.606s][info][gc,heap     ] GC(314) Eden regions: 50->0(172)
[2026-03-26T14:01:41.028+0900][29.606s][info][gc,heap     ] GC(314) Survivor regions: 0->0(23)
[2026-03-26T14:01:41.028+0900][29.606s][info][gc,heap     ] GC(314) Old regions: 1->1
[2026-03-26T14:01:41.028+0900][29.606s][info][gc,heap     ] GC(314) Humongous regions: 312->312
[2026-03-26T14:01:41.028+0900][29.606s][info][gc,metaspace] GC(314) Metaspace: 322K(512K)->322K(512K) NonClass: 305K(384K)->305K(384K) Class: 17K(128K)->17K(128K)
[2026-03-26T14:01:41.028+0900][29.606s][info][gc          ] GC(314) Pause Young (Concurrent Start) (G1 Humongous Allocation) 362M->312M(512M) 1.850ms
[2026-03-26T14:01:41.028+0900][29.606s][info][gc,cpu      ] GC(314) User=0.00s Sys=0.00s Real=0.00s
[2026-03-26T14:01:41.028+0900][29.606s][info][gc          ] GC(315) Concurrent Mark Cycle
[2026-03-26T14:01:41.028+0900][29.606s][info][gc,marking  ] GC(315) Concurrent Scan Root Regions
[2026-03-26T14:01:41.028+0900][29.606s][info][gc,marking  ] GC(315) Concurrent Scan Root Regions 0.032ms
[2026-03-26T14:01:41.028+0900][29.606s][info][gc,marking  ] GC(315) Concurrent Mark
[2026-03-26T14:01:41.028+0900][29.606s][info][gc,marking  ] GC(315) Concurrent Mark From Roots
[2026-03-26T14:01:41.028+0900][29.606s][info][gc,task     ] GC(315) Using 3 workers of 3 for marking
[2026-03-26T14:01:41.028+0900][29.608s][info][gc,marking  ] GC(315) Concurrent Mark From Roots 1.732ms
[2026-03-26T14:01:41.028+0900][29.608s][info][gc,marking  ] GC(315) Concurrent Preclean
[2026-03-26T14:01:41.028+0900][29.608s][info][gc,marking  ] GC(315) Concurrent Preclean 0.029ms
[2026-03-26T14:01:41.028+0900][29.608s][info][gc,start    ] GC(315) Pause Remark
[2026-03-26T14:01:41.028+0900][29.609s][info][gc          ] GC(315) Pause Remark 318M->318M(512M) 1.096ms
[2026-03-26T14:01:41.028+0900][29.609s][info][gc,cpu      ] GC(315) User=0.00s Sys=0.00s Real=0.00s
[2026-03-26T14:01:41.028+0900][29.609s][info][gc,marking  ] GC(315) Concurrent Mark 3.278ms
[2026-03-26T14:01:41.028+0900][29.610s][info][gc,marking  ] GC(315) Concurrent Rebuild Remembered Sets and Scrub Regions
[2026-03-26T14:01:41.028+0900][29.610s][info][gc,marking  ] GC(315) Concurrent Rebuild Remembered Sets and Scrub Regions 0.682ms
[2026-03-26T14:01:41.028+0900][29.610s][info][gc,start    ] GC(315) Pause Cleanup
[2026-03-26T14:01:41.028+0900][29.610s][info][gc          ] GC(315) Pause Cleanup 318M->318M(512M) 0.173ms
[2026-03-26T14:01:41.028+0900][29.611s][info][gc,cpu      ] GC(315) User=0.00s Sys=0.00s Real=0.00s
[2026-03-26T14:01:41.028+0900][29.611s][info][gc,marking  ] GC(315) Concurrent Clear Claimed Marks
[2026-03-26T14:01:41.028+0900][29.611s][info][gc,marking  ] GC(315) Concurrent Clear Claimed Marks 0.141ms
[2026-03-26T14:01:41.028+0900][29.611s][info][gc,marking  ] GC(315) Concurrent Cleanup for Next Mark
[2026-03-26T14:01:41.028+0900][29.611s][info][gc,marking  ] GC(315) Concurrent Cleanup for Next Mark 0.356ms
[2026-03-26T14:01:41.028+0900][29.611s][info][gc          ] GC(315) Concurrent Mark Cycle 5.188ms
[2026-03-26T14:01:41.189+0900][29.765s][info][gc,start    ] GC(316) Pause Young (Concurrent Start) (G1 Humongous Allocation)
[2026-03-26T14:01:41.189+0900][29.765s][info][gc,task     ] GC(316) Using 12 workers of 13 for evacuation
[2026-03-26T14:01:41.189+0900][29.766s][info][gc,phases   ] GC(316)   Pre Evacuate Collection Set: 0.5ms
[2026-03-26T14:01:41.189+0900][29.767s][info][gc,phases   ] GC(316)   Merge Heap Roots: 0.2ms
[2026-03-26T14:01:41.189+0900][29.767s][info][gc,phases   ] GC(316)   Evacuate Collection Set: 0.4ms
[2026-03-26T14:01:41.189+0900][29.767s][info][gc,phases   ] GC(316)   Post Evacuate Collection Set: 0.3ms
[2026-03-26T14:01:41.189+0900][29.767s][info][gc,phases   ] GC(316)   Other: 0.1ms
[2026-03-26T14:01:41.189+0900][29.767s][info][gc,heap     ] GC(316) Eden regions: 50->0(166)
[2026-03-26T14:01:41.189+0900][29.767s][info][gc,heap     ] GC(316) Survivor regions: 0->0(22)
[2026-03-26T14:01:41.189+0900][29.767s][info][gc,heap     ] GC(316) Old regions: 1->1
[2026-03-26T14:01:41.189+0900][29.767s][info][gc,heap     ] GC(316) Humongous regions: 318->318
[2026-03-26T14:01:41.189+0900][29.767s][info][gc,metaspace] GC(316) Metaspace: 322K(512K)->322K(512K) NonClass: 305K(384K)->305K(384K) Class: 17K(128K)->17K(128K)
[2026-03-26T14:01:41.189+0900][29.767s][info][gc          ] GC(316) Pause Young (Concurrent Start) (G1 Humongous Allocation) 368M->318M(512M) 2.127ms
[2026-03-26T14:01:41.189+0900][29.767s][info][gc,cpu      ] GC(316) User=0.00s Sys=0.00s Real=0.00s
[2026-03-26T14:01:41.189+0900][29.767s][info][gc          ] GC(317) Concurrent Mark Cycle
[2026-03-26T14:01:41.189+0900][29.767s][info][gc,marking  ] GC(317) Concurrent Scan Root Regions
[2026-03-26T14:01:41.189+0900][29.767s][info][gc,marking  ] GC(317) Concurrent Scan Root Regions 0.031ms
[2026-03-26T14:01:41.189+0900][29.767s][info][gc,marking  ] GC(317) Concurrent Mark
[2026-03-26T14:01:41.189+0900][29.767s][info][gc,marking  ] GC(317) Concurrent Mark From Roots
[2026-03-26T14:01:41.189+0900][29.767s][info][gc,task     ] GC(317) Using 3 workers of 3 for marking
[2026-03-26T14:01:41.189+0900][29.769s][info][gc,marking  ] GC(317) Concurrent Mark From Roots 1.792ms
[2026-03-26T14:01:41.189+0900][29.769s][info][gc,marking  ] GC(317) Concurrent Preclean
[2026-03-26T14:01:41.189+0900][29.769s][info][gc,marking  ] GC(317) Concurrent Preclean 0.028ms
[2026-03-26T14:01:41.189+0900][29.769s][info][gc,start    ] GC(317) Pause Remark
[2026-03-26T14:01:41.189+0900][29.770s][info][gc          ] GC(317) Pause Remark 324M->324M(512M) 1.229ms
[2026-03-26T14:01:41.189+0900][29.771s][info][gc,cpu      ] GC(317) User=0.00s Sys=0.00s Real=0.00s
[2026-03-26T14:01:41.189+0900][29.771s][info][gc,marking  ] GC(317) Concurrent Mark 3.439ms
[2026-03-26T14:01:41.189+0900][29.771s][info][gc,marking  ] GC(317) Concurrent Rebuild Remembered Sets and Scrub Regions
[2026-03-26T14:01:41.189+0900][29.772s][info][gc,marking  ] GC(317) Concurrent Rebuild Remembered Sets and Scrub Regions 0.971ms
[2026-03-26T14:01:41.189+0900][29.772s][info][gc,start    ] GC(317) Pause Cleanup
[2026-03-26T14:01:41.189+0900][29.772s][info][gc          ] GC(317) Pause Cleanup 324M->324M(512M) 0.212ms
[2026-03-26T14:01:41.189+0900][29.772s][info][gc,cpu      ] GC(317) User=0.00s Sys=0.00s Real=0.00s
[2026-03-26T14:01:41.189+0900][29.772s][info][gc,marking  ] GC(317) Concurrent Clear Claimed Marks
[2026-03-26T14:01:41.189+0900][29.772s][info][gc,marking  ] GC(317) Concurrent Clear Claimed Marks 0.090ms
[2026-03-26T14:01:41.189+0900][29.772s][info][gc,marking  ] GC(317) Concurrent Cleanup for Next Mark
[2026-03-26T14:01:41.189+0900][29.773s][info][gc,marking  ] GC(317) Concurrent Cleanup for Next Mark 0.414ms
[2026-03-26T14:01:41.189+0900][29.773s][info][gc          ] GC(317) Concurrent Mark Cycle 5.953ms
[2026-03-26T14:01:41.349+0900][29.924s][info][gc,start    ] GC(318) Pause Young (Concurrent Start) (G1 Humongous Allocation)
[2026-03-26T14:01:41.349+0900][29.924s][info][gc,task     ] GC(318) Using 12 workers of 13 for evacuation
[2026-03-26T14:01:41.349+0900][29.926s][info][gc,phases   ] GC(318)   Pre Evacuate Collection Set: 0.4ms
[2026-03-26T14:01:41.349+0900][29.926s][info][gc,phases   ] GC(318)   Merge Heap Roots: 0.2ms
[2026-03-26T14:01:41.349+0900][29.926s][info][gc,phases   ] GC(318)   Evacuate Collection Set: 0.3ms
[2026-03-26T14:01:41.349+0900][29.927s][info][gc,phases   ] GC(318)   Post Evacuate Collection Set: 0.9ms
[2026-03-26T14:01:41.349+0900][29.927s][info][gc,phases   ] GC(318)   Other: 0.3ms
[2026-03-26T14:01:41.349+0900][29.927s][info][gc,heap     ] GC(318) Eden regions: 50->0(160)
[2026-03-26T14:01:41.349+0900][29.927s][info][gc,heap     ] GC(318) Survivor regions: 0->0(21)
[2026-03-26T14:01:41.349+0900][29.927s][info][gc,heap     ] GC(318) Old regions: 1->1
[2026-03-26T14:01:41.349+0900][29.927s][info][gc,heap     ] GC(318) Humongous regions: 324->324
[2026-03-26T14:01:41.349+0900][29.927s][info][gc,metaspace] GC(318) Metaspace: 322K(512K)->322K(512K) NonClass: 305K(384K)->305K(384K) Class: 17K(128K)->17K(128K)
[2026-03-26T14:01:41.349+0900][29.927s][info][gc          ] GC(318) Pause Young (Concurrent Start) (G1 Humongous Allocation) 374M->324M(512M) 2.570ms
[2026-03-26T14:01:41.349+0900][29.927s][info][gc,cpu      ] GC(318) User=0.00s Sys=0.00s Real=0.00s
[2026-03-26T14:01:41.349+0900][29.927s][info][gc          ] GC(319) Concurrent Mark Cycle
[2026-03-26T14:01:41.349+0900][29.927s][info][gc,marking  ] GC(319) Concurrent Scan Root Regions
[2026-03-26T14:01:41.349+0900][29.927s][info][gc,marking  ] GC(319) Concurrent Scan Root Regions 0.029ms
[2026-03-26T14:01:41.349+0900][29.927s][info][gc,marking  ] GC(319) Concurrent Mark
[2026-03-26T14:01:41.349+0900][29.927s][info][gc,marking  ] GC(319) Concurrent Mark From Roots
[2026-03-26T14:01:41.349+0900][29.927s][info][gc,task     ] GC(319) Using 3 workers of 3 for marking
[2026-03-26T14:01:41.349+0900][29.929s][info][gc,marking  ] GC(319) Concurrent Mark From Roots 1.674ms
[2026-03-26T14:01:41.349+0900][29.929s][info][gc,marking  ] GC(319) Concurrent Preclean
[2026-03-26T14:01:41.349+0900][29.929s][info][gc,marking  ] GC(319) Concurrent Preclean 0.031ms
[2026-03-26T14:01:41.349+0900][29.929s][info][gc,start    ] GC(319) Pause Remark
[2026-03-26T14:01:41.349+0900][29.930s][info][gc          ] GC(319) Pause Remark 330M->330M(512M) 1.394ms
[2026-03-26T14:01:41.349+0900][29.930s][info][gc,cpu      ] GC(319) User=0.00s Sys=0.03s Real=0.00s
[2026-03-26T14:01:41.349+0900][29.931s][info][gc,marking  ] GC(319) Concurrent Mark 3.586ms
[2026-03-26T14:01:41.349+0900][29.931s][info][gc,marking  ] GC(319) Concurrent Rebuild Remembered Sets and Scrub Regions
[2026-03-26T14:01:41.356+0900][29.932s][info][gc,marking  ] GC(319) Concurrent Rebuild Remembered Sets and Scrub Regions 1.010ms
[2026-03-26T14:01:41.356+0900][29.932s][info][gc,start    ] GC(319) Pause Cleanup
[2026-03-26T14:01:41.356+0900][29.932s][info][gc          ] GC(319) Pause Cleanup 330M->330M(512M) 0.279ms
[2026-03-26T14:01:41.356+0900][29.932s][info][gc,cpu      ] GC(319) User=0.00s Sys=0.00s Real=0.00s
[2026-03-26T14:01:41.356+0900][29.932s][info][gc,marking  ] GC(319) Concurrent Clear Claimed Marks
[2026-03-26T14:01:41.356+0900][29.932s][info][gc,marking  ] GC(319) Concurrent Clear Claimed Marks 0.026ms
[2026-03-26T14:01:41.356+0900][29.932s][info][gc,marking  ] GC(319) Concurrent Cleanup for Next Mark
[2026-03-26T14:01:41.356+0900][29.933s][info][gc,marking  ] GC(319) Concurrent Cleanup for Next Mark 0.490ms
[2026-03-26T14:01:41.356+0900][29.933s][info][gc          ] GC(319) Concurrent Mark Cycle 6.132ms
[2026-03-26T14:01:41.503+0900][30.079s][info][gc,start    ] GC(320) Pause Young (Concurrent Start) (G1 Humongous Allocation)
[2026-03-26T14:01:41.503+0900][30.079s][info][gc,task     ] GC(320) Using 12 workers of 13 for evacuation
[2026-03-26T14:01:41.503+0900][30.080s][info][gc,phases   ] GC(320)   Pre Evacuate Collection Set: 0.3ms
[2026-03-26T14:01:41.503+0900][30.080s][info][gc,phases   ] GC(320)   Merge Heap Roots: 0.1ms
[2026-03-26T14:01:41.503+0900][30.080s][info][gc,phases   ] GC(320)   Evacuate Collection Set: 0.2ms
[2026-03-26T14:01:41.503+0900][30.080s][info][gc,phases   ] GC(320)   Post Evacuate Collection Set: 0.6ms
[2026-03-26T14:01:41.503+0900][30.080s][info][gc,phases   ] GC(320)   Other: 0.2ms
[2026-03-26T14:01:41.503+0900][30.080s][info][gc,heap     ] GC(320) Eden regions: 50->0(154)
[2026-03-26T14:01:41.503+0900][30.080s][info][gc,heap     ] GC(320) Survivor regions: 0->0(20)
[2026-03-26T14:01:41.503+0900][30.080s][info][gc,heap     ] GC(320) Old regions: 1->1
[2026-03-26T14:01:41.503+0900][30.080s][info][gc,heap     ] GC(320) Humongous regions: 330->330
[2026-03-26T14:01:41.503+0900][30.080s][info][gc,metaspace] GC(320) Metaspace: 322K(512K)->322K(512K) NonClass: 305K(384K)->305K(384K) Class: 17K(128K)->17K(128K)
[2026-03-26T14:01:41.503+0900][30.080s][info][gc          ] GC(320) Pause Young (Concurrent Start) (G1 Humongous Allocation) 380M->330M(512M) 1.577ms
[2026-03-26T14:01:41.503+0900][30.080s][info][gc,cpu      ] GC(320) User=0.00s Sys=0.00s Real=0.00s
[2026-03-26T14:01:41.503+0900][30.080s][info][gc          ] GC(321) Concurrent Mark Cycle
[2026-03-26T14:01:41.503+0900][30.080s][info][gc,marking  ] GC(321) Concurrent Scan Root Regions
[2026-03-26T14:01:41.503+0900][30.080s][info][gc,marking  ] GC(321) Concurrent Scan Root Regions 0.015ms
[2026-03-26T14:01:41.503+0900][30.080s][info][gc,marking  ] GC(321) Concurrent Mark
[2026-03-26T14:01:41.503+0900][30.080s][info][gc,marking  ] GC(321) Concurrent Mark From Roots
[2026-03-26T14:01:41.503+0900][30.081s][info][gc,task     ] GC(321) Using 3 workers of 3 for marking
[2026-03-26T14:01:41.503+0900][30.082s][info][gc,marking  ] GC(321) Concurrent Mark From Roots 1.075ms
[2026-03-26T14:01:41.503+0900][30.082s][info][gc,marking  ] GC(321) Concurrent Preclean
[2026-03-26T14:01:41.503+0900][30.082s][info][gc,marking  ] GC(321) Concurrent Preclean 0.016ms
[2026-03-26T14:01:41.503+0900][30.082s][info][gc,start    ] GC(321) Pause Remark
[2026-03-26T14:01:41.507+0900][30.083s][info][gc          ] GC(321) Pause Remark 336M->336M(512M) 0.843ms
[2026-03-26T14:01:41.507+0900][30.083s][info][gc,cpu      ] GC(321) User=0.00s Sys=0.00s Real=0.00s
[2026-03-26T14:01:41.507+0900][30.083s][info][gc,marking  ] GC(321) Concurrent Mark 2.176ms
[2026-03-26T14:01:41.507+0900][30.083s][info][gc,marking  ] GC(321) Concurrent Rebuild Remembered Sets and Scrub Regions
[2026-03-26T14:01:41.507+0900][30.083s][info][gc,marking  ] GC(321) Concurrent Rebuild Remembered Sets and Scrub Regions 0.567ms
[2026-03-26T14:01:41.507+0900][30.083s][info][gc,start    ] GC(321) Pause Cleanup
[2026-03-26T14:01:41.507+0900][30.084s][info][gc          ] GC(321) Pause Cleanup 336M->336M(512M) 0.292ms
[2026-03-26T14:01:41.507+0900][30.084s][info][gc,cpu      ] GC(321) User=0.00s Sys=0.00s Real=0.00s
[2026-03-26T14:01:41.507+0900][30.084s][info][gc,marking  ] GC(321) Concurrent Clear Claimed Marks
[2026-03-26T14:01:41.507+0900][30.084s][info][gc,marking  ] GC(321) Concurrent Clear Claimed Marks 0.046ms
[2026-03-26T14:01:41.507+0900][30.084s][info][gc,marking  ] GC(321) Concurrent Cleanup for Next Mark
[2026-03-26T14:01:41.507+0900][30.084s][info][gc,marking  ] GC(321) Concurrent Cleanup for Next Mark 0.381ms
[2026-03-26T14:01:41.507+0900][30.084s][info][gc          ] GC(321) Concurrent Mark Cycle 3.913ms
[2026-03-26T14:01:41.662+0900][30.238s][info][gc,start    ] GC(322) Pause Young (Concurrent Start) (G1 Humongous Allocation)
[2026-03-26T14:01:41.662+0900][30.238s][info][gc,task     ] GC(322) Using 12 workers of 13 for evacuation
[2026-03-26T14:01:41.664+0900][30.239s][info][gc,phases   ] GC(322)   Pre Evacuate Collection Set: 0.2ms
[2026-03-26T14:01:41.664+0900][30.240s][info][gc,phases   ] GC(322)   Merge Heap Roots: 0.1ms
[2026-03-26T14:01:41.664+0900][30.240s][info][gc,phases   ] GC(322)   Evacuate Collection Set: 0.4ms
[2026-03-26T14:01:41.664+0900][30.240s][info][gc,phases   ] GC(322)   Post Evacuate Collection Set: 0.2ms
[2026-03-26T14:01:41.664+0900][30.240s][info][gc,phases   ] GC(322)   Other: 0.1ms
[2026-03-26T14:01:41.664+0900][30.240s][info][gc,heap     ] GC(322) Eden regions: 50->0(148)
[2026-03-26T14:01:41.664+0900][30.240s][info][gc,heap     ] GC(322) Survivor regions: 0->0(20)
[2026-03-26T14:01:41.664+0900][30.240s][info][gc,heap     ] GC(322) Old regions: 1->1
[2026-03-26T14:01:41.664+0900][30.240s][info][gc,heap     ] GC(322) Humongous regions: 336->336
[2026-03-26T14:01:41.664+0900][30.240s][info][gc,metaspace] GC(322) Metaspace: 322K(512K)->322K(512K) NonClass: 305K(384K)->305K(384K) Class: 17K(128K)->17K(128K)
[2026-03-26T14:01:41.664+0900][30.240s][info][gc          ] GC(322) Pause Young (Concurrent Start) (G1 Humongous Allocation) 386M->336M(512M) 1.483ms
[2026-03-26T14:01:41.664+0900][30.240s][info][gc,cpu      ] GC(322) User=0.00s Sys=0.00s Real=0.00s
[2026-03-26T14:01:41.664+0900][30.240s][info][gc          ] GC(323) Concurrent Mark Cycle
[2026-03-26T14:01:41.664+0900][30.240s][info][gc,marking  ] GC(323) Concurrent Scan Root Regions
[2026-03-26T14:01:41.664+0900][30.240s][info][gc,marking  ] GC(323) Concurrent Scan Root Regions 0.026ms
[2026-03-26T14:01:41.664+0900][30.240s][info][gc,marking  ] GC(323) Concurrent Mark
[2026-03-26T14:01:41.664+0900][30.240s][info][gc,marking  ] GC(323) Concurrent Mark From Roots
[2026-03-26T14:01:41.664+0900][30.240s][info][gc,task     ] GC(323) Using 3 workers of 3 for marking
[2026-03-26T14:01:41.666+0900][30.241s][info][gc,marking  ] GC(323) Concurrent Mark From Roots 1.206ms
[2026-03-26T14:01:41.666+0900][30.241s][info][gc,marking  ] GC(323) Concurrent Preclean
[2026-03-26T14:01:41.666+0900][30.241s][info][gc,marking  ] GC(323) Concurrent Preclean 0.020ms
[2026-03-26T14:01:41.666+0900][30.241s][info][gc,start    ] GC(323) Pause Remark
[2026-03-26T14:01:41.666+0900][30.242s][info][gc          ] GC(323) Pause Remark 342M->342M(512M) 0.700ms
[2026-03-26T14:01:41.666+0900][30.242s][info][gc,cpu      ] GC(323) User=0.00s Sys=0.00s Real=0.00s
[2026-03-26T14:01:41.666+0900][30.242s][info][gc,marking  ] GC(323) Concurrent Mark 2.111ms
[2026-03-26T14:01:41.666+0900][30.242s][info][gc,marking  ] GC(323) Concurrent Rebuild Remembered Sets and Scrub Regions
[2026-03-26T14:01:41.666+0900][30.242s][info][gc,marking  ] GC(323) Concurrent Rebuild Remembered Sets and Scrub Regions 0.457ms
[2026-03-26T14:01:41.666+0900][30.243s][info][gc,start    ] GC(323) Pause Cleanup
[2026-03-26T14:01:41.666+0900][30.243s][info][gc          ] GC(323) Pause Cleanup 342M->342M(512M) 0.090ms
[2026-03-26T14:01:41.666+0900][30.243s][info][gc,cpu      ] GC(323) User=0.00s Sys=0.00s Real=0.00s
[2026-03-26T14:01:41.666+0900][30.243s][info][gc,marking  ] GC(323) Concurrent Clear Claimed Marks
[2026-03-26T14:01:41.666+0900][30.243s][info][gc,marking  ] GC(323) Concurrent Clear Claimed Marks 0.017ms
[2026-03-26T14:01:41.666+0900][30.243s][info][gc,marking  ] GC(323) Concurrent Cleanup for Next Mark
[2026-03-26T14:01:41.668+0900][30.243s][info][gc,marking  ] GC(323) Concurrent Cleanup for Next Mark 0.450ms
[2026-03-26T14:01:41.668+0900][30.243s][info][gc          ] GC(323) Concurrent Mark Cycle 3.513ms
[2026-03-26T14:01:41.829+0900][30.405s][info][gc,start    ] GC(324) Pause Young (Concurrent Start) (G1 Humongous Allocation)
[2026-03-26T14:01:41.829+0900][30.405s][info][gc,task     ] GC(324) Using 12 workers of 13 for evacuation
[2026-03-26T14:01:41.829+0900][30.406s][info][gc,phases   ] GC(324)   Pre Evacuate Collection Set: 0.2ms
[2026-03-26T14:01:41.829+0900][30.406s][info][gc,phases   ] GC(324)   Merge Heap Roots: 0.1ms
[2026-03-26T14:01:41.829+0900][30.406s][info][gc,phases   ] GC(324)   Evacuate Collection Set: 0.1ms
[2026-03-26T14:01:41.829+0900][30.406s][info][gc,phases   ] GC(324)   Post Evacuate Collection Set: 0.1ms
[2026-03-26T14:01:41.829+0900][30.406s][info][gc,phases   ] GC(324)   Other: 0.1ms
[2026-03-26T14:01:41.829+0900][30.406s][info][gc,heap     ] GC(324) Eden regions: 50->0(142)
[2026-03-26T14:01:41.829+0900][30.406s][info][gc,heap     ] GC(324) Survivor regions: 0->0(19)
[2026-03-26T14:01:41.829+0900][30.406s][info][gc,heap     ] GC(324) Old regions: 1->1
[2026-03-26T14:01:41.829+0900][30.406s][info][gc,heap     ] GC(324) Humongous regions: 342->342
[2026-03-26T14:01:41.829+0900][30.406s][info][gc,metaspace] GC(324) Metaspace: 322K(512K)->322K(512K) NonClass: 305K(384K)->305K(384K) Class: 17K(128K)->17K(128K)
[2026-03-26T14:01:41.829+0900][30.406s][info][gc          ] GC(324) Pause Young (Concurrent Start) (G1 Humongous Allocation) 392M->342M(512M) 0.860ms
[2026-03-26T14:01:41.829+0900][30.406s][info][gc,cpu      ] GC(324) User=0.00s Sys=0.00s Real=0.00s
[2026-03-26T14:01:41.829+0900][30.406s][info][gc          ] GC(325) Concurrent Mark Cycle
[2026-03-26T14:01:41.829+0900][30.406s][info][gc,marking  ] GC(325) Concurrent Scan Root Regions
[2026-03-26T14:01:41.829+0900][30.406s][info][gc,marking  ] GC(325) Concurrent Scan Root Regions 0.016ms
[2026-03-26T14:01:41.829+0900][30.406s][info][gc,marking  ] GC(325) Concurrent Mark
[2026-03-26T14:01:41.829+0900][30.406s][info][gc,marking  ] GC(325) Concurrent Mark From Roots
[2026-03-26T14:01:41.829+0900][30.406s][info][gc,task     ] GC(325) Using 3 workers of 3 for marking
[2026-03-26T14:01:41.831+0900][30.407s][info][gc,marking  ] GC(325) Concurrent Mark From Roots 0.827ms
[2026-03-26T14:01:41.831+0900][30.407s][info][gc,marking  ] GC(325) Concurrent Preclean
[2026-03-26T14:01:41.831+0900][30.407s][info][gc,marking  ] GC(325) Concurrent Preclean 0.016ms
[2026-03-26T14:01:41.831+0900][30.407s][info][gc,start    ] GC(325) Pause Remark
[2026-03-26T14:01:41.831+0900][30.408s][info][gc          ] GC(325) Pause Remark 348M->348M(512M) 0.410ms
[2026-03-26T14:01:41.831+0900][30.408s][info][gc,cpu      ] GC(325) User=0.00s Sys=0.00s Real=0.00s
[2026-03-26T14:01:41.831+0900][30.408s][info][gc,marking  ] GC(325) Concurrent Mark 1.667ms
[2026-03-26T14:01:41.831+0900][30.408s][info][gc,marking  ] GC(325) Concurrent Rebuild Remembered Sets and Scrub Regions
[2026-03-26T14:01:41.831+0900][30.408s][info][gc,marking  ] GC(325) Concurrent Rebuild Remembered Sets and Scrub Regions 0.405ms
[2026-03-26T14:01:41.831+0900][30.408s][info][gc,start    ] GC(325) Pause Cleanup
[2026-03-26T14:01:41.833+0900][30.408s][info][gc          ] GC(325) Pause Cleanup 348M->348M(512M) 0.123ms
[2026-03-26T14:01:41.833+0900][30.408s][info][gc,cpu      ] GC(325) User=0.00s Sys=0.00s Real=0.00s
[2026-03-26T14:01:41.833+0900][30.408s][info][gc,marking  ] GC(325) Concurrent Clear Claimed Marks
[2026-03-26T14:01:41.833+0900][30.408s][info][gc,marking  ] GC(325) Concurrent Clear Claimed Marks 0.015ms
[2026-03-26T14:01:41.833+0900][30.409s][info][gc,marking  ] GC(325) Concurrent Cleanup for Next Mark
[2026-03-26T14:01:41.833+0900][30.409s][info][gc,marking  ] GC(325) Concurrent Cleanup for Next Mark 0.290ms
[2026-03-26T14:01:41.833+0900][30.409s][info][gc          ] GC(325) Concurrent Mark Cycle 2.771ms
[2026-03-26T14:01:41.993+0900][30.569s][info][gc,start    ] GC(326) Pause Young (Concurrent Start) (G1 Humongous Allocation)
[2026-03-26T14:01:41.993+0900][30.569s][info][gc,task     ] GC(326) Using 12 workers of 13 for evacuation
[2026-03-26T14:01:41.993+0900][30.570s][info][gc,phases   ] GC(326)   Pre Evacuate Collection Set: 0.2ms
[2026-03-26T14:01:41.993+0900][30.571s][info][gc,phases   ] GC(326)   Merge Heap Roots: 0.1ms
[2026-03-26T14:01:41.993+0900][30.571s][info][gc,phases   ] GC(326)   Evacuate Collection Set: 0.2ms
[2026-03-26T14:01:41.993+0900][30.571s][info][gc,phases   ] GC(326)   Post Evacuate Collection Set: 0.4ms
[2026-03-26T14:01:41.993+0900][30.571s][info][gc,phases   ] GC(326)   Other: 0.1ms
[2026-03-26T14:01:41.993+0900][30.571s][info][gc,heap     ] GC(326) Eden regions: 50->0(136)
[2026-03-26T14:01:41.993+0900][30.571s][info][gc,heap     ] GC(326) Survivor regions: 0->0(18)
[2026-03-26T14:01:41.993+0900][30.571s][info][gc,heap     ] GC(326) Old regions: 1->1
[2026-03-26T14:01:41.993+0900][30.571s][info][gc,heap     ] GC(326) Humongous regions: 348->348
[2026-03-26T14:01:41.993+0900][30.571s][info][gc,metaspace] GC(326) Metaspace: 322K(512K)->322K(512K) NonClass: 305K(384K)->305K(384K) Class: 17K(128K)->17K(128K)
[2026-03-26T14:01:41.993+0900][30.571s][info][gc          ] GC(326) Pause Young (Concurrent Start) (G1 Humongous Allocation) 398M->348M(512M) 1.526ms
[2026-03-26T14:01:41.993+0900][30.571s][info][gc,cpu      ] GC(326) User=0.00s Sys=0.00s Real=0.00s
[2026-03-26T14:01:41.993+0900][30.571s][info][gc          ] GC(327) Concurrent Mark Cycle
[2026-03-26T14:01:41.993+0900][30.571s][info][gc,marking  ] GC(327) Concurrent Scan Root Regions
[2026-03-26T14:01:41.993+0900][30.571s][info][gc,marking  ] GC(327) Concurrent Scan Root Regions 0.025ms
[2026-03-26T14:01:41.993+0900][30.571s][info][gc,marking  ] GC(327) Concurrent Mark
[2026-03-26T14:01:41.993+0900][30.571s][info][gc,marking  ] GC(327) Concurrent Mark From Roots
[2026-03-26T14:01:41.993+0900][30.571s][info][gc,task     ] GC(327) Using 3 workers of 3 for marking
[2026-03-26T14:01:41.996+0900][30.572s][info][gc,marking  ] GC(327) Concurrent Mark From Roots 1.293ms
[2026-03-26T14:01:41.996+0900][30.572s][info][gc,marking  ] GC(327) Concurrent Preclean
[2026-03-26T14:01:41.996+0900][30.572s][info][gc,marking  ] GC(327) Concurrent Preclean 0.022ms
[2026-03-26T14:01:41.996+0900][30.572s][info][gc,start    ] GC(327) Pause Remark
[2026-03-26T14:01:41.996+0900][30.573s][info][gc          ] GC(327) Pause Remark 354M->354M(512M) 0.667ms
[2026-03-26T14:01:41.996+0900][30.573s][info][gc,cpu      ] GC(327) User=0.00s Sys=0.00s Real=0.00s
[2026-03-26T14:01:41.996+0900][30.573s][info][gc,marking  ] GC(327) Concurrent Mark 2.258ms
[2026-03-26T14:01:41.996+0900][30.573s][info][gc,marking  ] GC(327) Concurrent Rebuild Remembered Sets and Scrub Regions
[2026-03-26T14:01:41.996+0900][30.574s][info][gc,marking  ] GC(327) Concurrent Rebuild Remembered Sets and Scrub Regions 0.591ms
[2026-03-26T14:01:41.996+0900][30.574s][info][gc,start    ] GC(327) Pause Cleanup
[2026-03-26T14:01:41.996+0900][30.574s][info][gc          ] GC(327) Pause Cleanup 354M->354M(512M) 0.104ms
[2026-03-26T14:01:41.996+0900][30.574s][info][gc,cpu      ] GC(327) User=0.00s Sys=0.00s Real=0.00s
[2026-03-26T14:01:41.996+0900][30.574s][info][gc,marking  ] GC(327) Concurrent Clear Claimed Marks
[2026-03-26T14:01:41.996+0900][30.574s][info][gc,marking  ] GC(327) Concurrent Clear Claimed Marks 0.042ms
[2026-03-26T14:01:41.996+0900][30.574s][info][gc,marking  ] GC(327) Concurrent Cleanup for Next Mark
[2026-03-26T14:01:41.999+0900][30.575s][info][gc,marking  ] GC(327) Concurrent Cleanup for Next Mark 0.422ms
[2026-03-26T14:01:41.999+0900][30.575s][info][gc          ] GC(327) Concurrent Mark Cycle 3.907ms
[2026-03-26T14:01:42.157+0900][30.734s][info][gc,start    ] GC(328) Pause Young (Concurrent Start) (G1 Humongous Allocation)
[2026-03-26T14:01:42.157+0900][30.734s][info][gc,task     ] GC(328) Using 12 workers of 13 for evacuation
[2026-03-26T14:01:42.159+0900][30.735s][info][gc,phases   ] GC(328)   Pre Evacuate Collection Set: 0.2ms
[2026-03-26T14:01:42.159+0900][30.735s][info][gc,phases   ] GC(328)   Merge Heap Roots: 0.1ms
[2026-03-26T14:01:42.159+0900][30.735s][info][gc,phases   ] GC(328)   Evacuate Collection Set: 0.3ms
[2026-03-26T14:01:42.159+0900][30.735s][info][gc,phases   ] GC(328)   Post Evacuate Collection Set: 0.2ms
[2026-03-26T14:01:42.159+0900][30.735s][info][gc,phases   ] GC(328)   Other: 0.1ms
[2026-03-26T14:01:42.159+0900][30.735s][info][gc,heap     ] GC(328) Eden regions: 50->0(130)
[2026-03-26T14:01:42.159+0900][30.735s][info][gc,heap     ] GC(328) Survivor regions: 0->0(17)
[2026-03-26T14:01:42.159+0900][30.735s][info][gc,heap     ] GC(328) Old regions: 1->1
[2026-03-26T14:01:42.159+0900][30.735s][info][gc,heap     ] GC(328) Humongous regions: 354->354
[2026-03-26T14:01:42.159+0900][30.735s][info][gc,metaspace] GC(328) Metaspace: 322K(512K)->322K(512K) NonClass: 305K(384K)->305K(384K) Class: 17K(128K)->17K(128K)
[2026-03-26T14:01:42.159+0900][30.735s][info][gc          ] GC(328) Pause Young (Concurrent Start) (G1 Humongous Allocation) 404M->354M(512M) 1.313ms
[2026-03-26T14:01:42.159+0900][30.735s][info][gc,cpu      ] GC(328) User=0.00s Sys=0.00s Real=0.00s
[2026-03-26T14:01:42.159+0900][30.735s][info][gc          ] GC(329) Concurrent Mark Cycle
[2026-03-26T14:01:42.160+0900][30.735s][info][gc,marking  ] GC(329) Concurrent Scan Root Regions
[2026-03-26T14:01:42.160+0900][30.735s][info][gc,marking  ] GC(329) Concurrent Scan Root Regions 0.025ms
[2026-03-26T14:01:42.160+0900][30.735s][info][gc,marking  ] GC(329) Concurrent Mark
[2026-03-26T14:01:42.160+0900][30.735s][info][gc,marking  ] GC(329) Concurrent Mark From Roots
[2026-03-26T14:01:42.160+0900][30.735s][info][gc,task     ] GC(329) Using 3 workers of 3 for marking
[2026-03-26T14:01:42.161+0900][30.736s][info][gc,marking  ] GC(329) Concurrent Mark From Roots 1.264ms
[2026-03-26T14:01:42.161+0900][30.736s][info][gc,marking  ] GC(329) Concurrent Preclean
[2026-03-26T14:01:42.161+0900][30.736s][info][gc,marking  ] GC(329) Concurrent Preclean 0.037ms
[2026-03-26T14:01:42.161+0900][30.737s][info][gc,start    ] GC(329) Pause Remark
[2026-03-26T14:01:42.161+0900][30.737s][info][gc          ] GC(329) Pause Remark 360M->360M(512M) 0.538ms
[2026-03-26T14:01:42.161+0900][30.737s][info][gc,cpu      ] GC(329) User=0.00s Sys=0.00s Real=0.00s
[2026-03-26T14:01:42.161+0900][30.737s][info][gc,marking  ] GC(329) Concurrent Mark 2.274ms
[2026-03-26T14:01:42.161+0900][30.737s][info][gc,marking  ] GC(329) Concurrent Rebuild Remembered Sets and Scrub Regions
[2026-03-26T14:01:42.161+0900][30.738s][info][gc,marking  ] GC(329) Concurrent Rebuild Remembered Sets and Scrub Regions 0.507ms
[2026-03-26T14:01:42.161+0900][30.738s][info][gc,start    ] GC(329) Pause Cleanup
[2026-03-26T14:01:42.161+0900][30.738s][info][gc          ] GC(329) Pause Cleanup 361M->361M(512M) 0.168ms
[2026-03-26T14:01:42.161+0900][30.738s][info][gc,cpu      ] GC(329) User=0.00s Sys=0.00s Real=0.00s
[2026-03-26T14:01:42.161+0900][30.738s][info][gc,marking  ] GC(329) Concurrent Clear Claimed Marks
[2026-03-26T14:01:42.161+0900][30.738s][info][gc,marking  ] GC(329) Concurrent Clear Claimed Marks 0.054ms
[2026-03-26T14:01:42.161+0900][30.738s][info][gc,marking  ] GC(329) Concurrent Cleanup for Next Mark
[2026-03-26T14:01:42.161+0900][30.739s][info][gc,marking  ] GC(329) Concurrent Cleanup for Next Mark 0.326ms
[2026-03-26T14:01:42.161+0900][30.739s][info][gc          ] GC(329) Concurrent Mark Cycle 3.755ms
[2026-03-26T14:01:42.324+0900][30.899s][info][gc,start    ] GC(330) Pause Young (Concurrent Start) (G1 Humongous Allocation)
[2026-03-26T14:01:42.324+0900][30.899s][info][gc,task     ] GC(330) Using 12 workers of 13 for evacuation
[2026-03-26T14:01:42.324+0900][30.900s][info][gc,phases   ] GC(330)   Pre Evacuate Collection Set: 0.2ms
[2026-03-26T14:01:42.324+0900][30.900s][info][gc,phases   ] GC(330)   Merge Heap Roots: 0.1ms
[2026-03-26T14:01:42.324+0900][30.900s][info][gc,phases   ] GC(330)   Evacuate Collection Set: 0.1ms
[2026-03-26T14:01:42.324+0900][30.900s][info][gc,phases   ] GC(330)   Post Evacuate Collection Set: 0.1ms
[2026-03-26T14:01:42.324+0900][30.900s][info][gc,phases   ] GC(330)   Other: 0.1ms
[2026-03-26T14:01:42.324+0900][30.900s][info][gc,heap     ] GC(330) Eden regions: 50->0(124)
[2026-03-26T14:01:42.324+0900][30.900s][info][gc,heap     ] GC(330) Survivor regions: 0->0(17)
[2026-03-26T14:01:42.324+0900][30.900s][info][gc,heap     ] GC(330) Old regions: 1->1
[2026-03-26T14:01:42.324+0900][30.900s][info][gc,heap     ] GC(330) Humongous regions: 360->360
[2026-03-26T14:01:42.324+0900][30.900s][info][gc,metaspace] GC(330) Metaspace: 322K(512K)->322K(512K) NonClass: 305K(384K)->305K(384K) Class: 17K(128K)->17K(128K)
[2026-03-26T14:01:42.324+0900][30.900s][info][gc          ] GC(330) Pause Young (Concurrent Start) (G1 Humongous Allocation) 410M->360M(512M) 0.851ms
[2026-03-26T14:01:42.324+0900][30.900s][info][gc,cpu      ] GC(330) User=0.00s Sys=0.00s Real=0.00s
[2026-03-26T14:01:42.324+0900][30.900s][info][gc          ] GC(331) Concurrent Mark Cycle
[2026-03-26T14:01:42.324+0900][30.900s][info][gc,marking  ] GC(331) Concurrent Scan Root Regions
[2026-03-26T14:01:42.324+0900][30.900s][info][gc,marking  ] GC(331) Concurrent Scan Root Regions 0.015ms
[2026-03-26T14:01:42.324+0900][30.900s][info][gc,marking  ] GC(331) Concurrent Mark
[2026-03-26T14:01:42.324+0900][30.900s][info][gc,marking  ] GC(331) Concurrent Mark From Roots
[2026-03-26T14:01:42.324+0900][30.900s][info][gc,task     ] GC(331) Using 3 workers of 3 for marking
[2026-03-26T14:01:42.325+0900][30.901s][info][gc,marking  ] GC(331) Concurrent Mark From Roots 0.846ms
[2026-03-26T14:01:42.325+0900][30.901s][info][gc,marking  ] GC(331) Concurrent Preclean
[2026-03-26T14:01:42.325+0900][30.901s][info][gc,marking  ] GC(331) Concurrent Preclean 0.015ms
[2026-03-26T14:01:42.325+0900][30.901s][info][gc,start    ] GC(331) Pause Remark
[2026-03-26T14:01:42.325+0900][30.902s][info][gc          ] GC(331) Pause Remark 366M->366M(512M) 0.446ms
[2026-03-26T14:01:42.325+0900][30.902s][info][gc,cpu      ] GC(331) User=0.00s Sys=0.00s Real=0.00s
[2026-03-26T14:01:42.325+0900][30.902s][info][gc,marking  ] GC(331) Concurrent Mark 1.567ms
[2026-03-26T14:01:42.325+0900][30.902s][info][gc,marking  ] GC(331) Concurrent Rebuild Remembered Sets and Scrub Regions
[2026-03-26T14:01:42.325+0900][30.902s][info][gc,marking  ] GC(331) Concurrent Rebuild Remembered Sets and Scrub Regions 0.368ms
[2026-03-26T14:01:42.325+0900][30.902s][info][gc,start    ] GC(331) Pause Cleanup
[2026-03-26T14:01:42.325+0900][30.902s][info][gc          ] GC(331) Pause Cleanup 366M->366M(512M) 0.108ms
[2026-03-26T14:01:42.325+0900][30.902s][info][gc,cpu      ] GC(331) User=0.00s Sys=0.00s Real=0.00s
[2026-03-26T14:01:42.325+0900][30.902s][info][gc,marking  ] GC(331) Concurrent Clear Claimed Marks
[2026-03-26T14:01:42.325+0900][30.902s][info][gc,marking  ] GC(331) Concurrent Clear Claimed Marks 0.023ms
[2026-03-26T14:01:42.325+0900][30.903s][info][gc,marking  ] GC(331) Concurrent Cleanup for Next Mark
[2026-03-26T14:01:42.325+0900][30.903s][info][gc,marking  ] GC(331) Concurrent Cleanup for Next Mark 0.427ms
[2026-03-26T14:01:42.325+0900][30.903s][info][gc          ] GC(331) Concurrent Mark Cycle 2.763ms
[2026-03-26T14:01:42.481+0900][31.057s][info][gc,start    ] GC(332) Pause Young (Concurrent Start) (G1 Humongous Allocation)
[2026-03-26T14:01:42.481+0900][31.058s][info][gc,task     ] GC(332) Using 12 workers of 13 for evacuation
[2026-03-26T14:01:42.483+0900][31.058s][info][gc,phases   ] GC(332)   Pre Evacuate Collection Set: 0.2ms
[2026-03-26T14:01:42.483+0900][31.058s][info][gc,phases   ] GC(332)   Merge Heap Roots: 0.1ms
[2026-03-26T14:01:42.483+0900][31.058s][info][gc,phases   ] GC(332)   Evacuate Collection Set: 0.1ms
[2026-03-26T14:01:42.483+0900][31.058s][info][gc,phases   ] GC(332)   Post Evacuate Collection Set: 0.1ms
[2026-03-26T14:01:42.483+0900][31.058s][info][gc,phases   ] GC(332)   Other: 0.1ms
[2026-03-26T14:01:42.483+0900][31.058s][info][gc,heap     ] GC(332) Eden regions: 50->0(208)
[2026-03-26T14:01:42.483+0900][31.058s][info][gc,heap     ] GC(332) Survivor regions: 0->0(16)
[2026-03-26T14:01:42.483+0900][31.058s][info][gc,heap     ] GC(332) Old regions: 1->1
[2026-03-26T14:01:42.483+0900][31.058s][info][gc,heap     ] GC(332) Humongous regions: 366->276
[2026-03-26T14:01:42.483+0900][31.058s][info][gc,metaspace] GC(332) Metaspace: 322K(512K)->322K(512K) NonClass: 305K(384K)->305K(384K) Class: 17K(128K)->17K(128K)
[2026-03-26T14:01:42.483+0900][31.058s][info][gc          ] GC(332) Pause Young (Concurrent Start) (G1 Humongous Allocation) 416M->276M(512M) 0.844ms
[2026-03-26T14:01:42.483+0900][31.058s][info][gc,cpu      ] GC(332) User=0.00s Sys=0.00s Real=0.00s
[2026-03-26T14:01:42.483+0900][31.058s][info][gc          ] GC(333) Concurrent Mark Cycle
[2026-03-26T14:01:42.483+0900][31.058s][info][gc,marking  ] GC(333) Concurrent Scan Root Regions
[2026-03-26T14:01:42.483+0900][31.058s][info][gc,marking  ] GC(333) Concurrent Scan Root Regions 0.019ms
[2026-03-26T14:01:42.483+0900][31.058s][info][gc,marking  ] GC(333) Concurrent Mark
[2026-03-26T14:01:42.483+0900][31.058s][info][gc,marking  ] GC(333) Concurrent Mark From Roots
[2026-03-26T14:01:42.483+0900][31.058s][info][gc,task     ] GC(333) Using 3 workers of 3 for marking
[2026-03-26T14:01:42.483+0900][31.059s][info][gc,marking  ] GC(333) Concurrent Mark From Roots 0.840ms
[2026-03-26T14:01:42.483+0900][31.059s][info][gc,marking  ] GC(333) Concurrent Preclean
[2026-03-26T14:01:42.483+0900][31.059s][info][gc,marking  ] GC(333) Concurrent Preclean 0.014ms
[2026-03-26T14:01:42.483+0900][31.059s][info][gc,start    ] GC(333) Pause Remark
[2026-03-26T14:01:42.483+0900][31.060s][info][gc          ] GC(333) Pause Remark 282M->282M(512M) 0.529ms
[2026-03-26T14:01:42.483+0900][31.060s][info][gc,cpu      ] GC(333) User=0.00s Sys=0.00s Real=0.00s
[2026-03-26T14:01:42.483+0900][31.060s][info][gc,marking  ] GC(333) Concurrent Mark 1.530ms
[2026-03-26T14:01:42.483+0900][31.060s][info][gc,marking  ] GC(333) Concurrent Rebuild Remembered Sets and Scrub Regions
[2026-03-26T14:01:42.483+0900][31.060s][info][gc,marking  ] GC(333) Concurrent Rebuild Remembered Sets and Scrub Regions 0.455ms
[2026-03-26T14:01:42.483+0900][31.061s][info][gc,start    ] GC(333) Pause Cleanup
[2026-03-26T14:01:42.485+0900][31.061s][info][gc          ] GC(333) Pause Cleanup 282M->282M(512M) 0.116ms
[2026-03-26T14:01:42.485+0900][31.061s][info][gc,cpu      ] GC(333) User=0.00s Sys=0.00s Real=0.00s
[2026-03-26T14:01:42.485+0900][31.061s][info][gc,marking  ] GC(333) Concurrent Clear Claimed Marks
[2026-03-26T14:01:42.485+0900][31.061s][info][gc,marking  ] GC(333) Concurrent Clear Claimed Marks 0.045ms
[2026-03-26T14:01:42.485+0900][31.061s][info][gc,marking  ] GC(333) Concurrent Cleanup for Next Mark
[2026-03-26T14:01:42.485+0900][31.061s][info][gc,marking  ] GC(333) Concurrent Cleanup for Next Mark 0.271ms
[2026-03-26T14:01:42.485+0900][31.061s][info][gc          ] GC(333) Concurrent Mark Cycle 2.785ms
[2026-03-26T14:01:42.643+0900][31.219s][info][gc,start    ] GC(334) Pause Young (Concurrent Start) (G1 Humongous Allocation)
[2026-03-26T14:01:42.643+0900][31.219s][info][gc,task     ] GC(334) Using 12 workers of 13 for evacuation
[2026-03-26T14:01:42.643+0900][31.220s][info][gc,phases   ] GC(334)   Pre Evacuate Collection Set: 0.2ms
[2026-03-26T14:01:42.643+0900][31.220s][info][gc,phases   ] GC(334)   Merge Heap Roots: 0.1ms
[2026-03-26T14:01:42.643+0900][31.220s][info][gc,phases   ] GC(334)   Evacuate Collection Set: 0.2ms
[2026-03-26T14:01:42.643+0900][31.220s][info][gc,phases   ] GC(334)   Post Evacuate Collection Set: 0.2ms
[2026-03-26T14:01:42.643+0900][31.220s][info][gc,phases   ] GC(334)   Other: 0.1ms
[2026-03-26T14:01:42.643+0900][31.220s][info][gc,heap     ] GC(334) Eden regions: 50->0(202)
[2026-03-26T14:01:42.643+0900][31.220s][info][gc,heap     ] GC(334) Survivor regions: 0->0(26)
[2026-03-26T14:01:42.643+0900][31.220s][info][gc,heap     ] GC(334) Old regions: 1->1
[2026-03-26T14:01:42.643+0900][31.220s][info][gc,heap     ] GC(334) Humongous regions: 282->282
[2026-03-26T14:01:42.643+0900][31.220s][info][gc,metaspace] GC(334) Metaspace: 322K(512K)->322K(512K) NonClass: 305K(384K)->305K(384K) Class: 17K(128K)->17K(128K)
[2026-03-26T14:01:42.643+0900][31.220s][info][gc          ] GC(334) Pause Young (Concurrent Start) (G1 Humongous Allocation) 332M->282M(512M) 1.254ms
[2026-03-26T14:01:42.643+0900][31.220s][info][gc,cpu      ] GC(334) User=0.00s Sys=0.00s Real=0.00s
[2026-03-26T14:01:42.643+0900][31.220s][info][gc          ] GC(335) Concurrent Mark Cycle
[2026-03-26T14:01:42.643+0900][31.220s][info][gc,marking  ] GC(335) Concurrent Scan Root Regions
[2026-03-26T14:01:42.643+0900][31.220s][info][gc,marking  ] GC(335) Concurrent Scan Root Regions 0.020ms
[2026-03-26T14:01:42.643+0900][31.220s][info][gc,marking  ] GC(335) Concurrent Mark
[2026-03-26T14:01:42.643+0900][31.220s][info][gc,marking  ] GC(335) Concurrent Mark From Roots
[2026-03-26T14:01:42.643+0900][31.220s][info][gc,task     ] GC(335) Using 3 workers of 3 for marking
[2026-03-26T14:01:42.643+0900][31.222s][info][gc,marking  ] GC(335) Concurrent Mark From Roots 1.096ms
[2026-03-26T14:01:42.643+0900][31.222s][info][gc,marking  ] GC(335) Concurrent Preclean
[2026-03-26T14:01:42.643+0900][31.222s][info][gc,marking  ] GC(335) Concurrent Preclean 0.018ms
[2026-03-26T14:01:42.643+0900][31.222s][info][gc,start    ] GC(335) Pause Remark
[2026-03-26T14:01:42.643+0900][31.222s][info][gc          ] GC(335) Pause Remark 288M->288M(512M) 0.523ms
[2026-03-26T14:01:42.643+0900][31.222s][info][gc,cpu      ] GC(335) User=0.00s Sys=0.00s Real=0.00s
[2026-03-26T14:01:42.643+0900][31.222s][info][gc,marking  ] GC(335) Concurrent Mark 1.808ms
[2026-03-26T14:01:42.643+0900][31.222s][info][gc,marking  ] GC(335) Concurrent Rebuild Remembered Sets and Scrub Regions
[2026-03-26T14:01:42.643+0900][31.223s][info][gc,marking  ] GC(335) Concurrent Rebuild Remembered Sets and Scrub Regions 0.445ms
[2026-03-26T14:01:42.643+0900][31.223s][info][gc,start    ] GC(335) Pause Cleanup
[2026-03-26T14:01:42.643+0900][31.223s][info][gc          ] GC(335) Pause Cleanup 288M->288M(512M) 0.134ms
[2026-03-26T14:01:42.643+0900][31.223s][info][gc,cpu      ] GC(335) User=0.00s Sys=0.00s Real=0.00s
[2026-03-26T14:01:42.643+0900][31.223s][info][gc,marking  ] GC(335) Concurrent Clear Claimed Marks
[2026-03-26T14:01:42.643+0900][31.223s][info][gc,marking  ] GC(335) Concurrent Clear Claimed Marks 0.050ms
[2026-03-26T14:01:42.643+0900][31.223s][info][gc,marking  ] GC(335) Concurrent Cleanup for Next Mark
[2026-03-26T14:01:42.643+0900][31.223s][info][gc,marking  ] GC(335) Concurrent Cleanup for Next Mark 0.279ms
[2026-03-26T14:01:42.643+0900][31.223s][info][gc          ] GC(335) Concurrent Mark Cycle 3.063ms
[2026-03-26T14:01:42.810+0900][31.385s][info][gc,start    ] GC(336) Pause Young (Concurrent Start) (G1 Humongous Allocation)
[2026-03-26T14:01:42.810+0900][31.386s][info][gc,task     ] GC(336) Using 12 workers of 13 for evacuation
[2026-03-26T14:01:42.810+0900][31.386s][info][gc,phases   ] GC(336)   Pre Evacuate Collection Set: 0.2ms
[2026-03-26T14:01:42.811+0900][31.386s][info][gc,phases   ] GC(336)   Merge Heap Roots: 0.1ms
[2026-03-26T14:01:42.811+0900][31.386s][info][gc,phases   ] GC(336)   Evacuate Collection Set: 0.2ms
[2026-03-26T14:01:42.811+0900][31.386s][info][gc,phases   ] GC(336)   Post Evacuate Collection Set: 0.2ms
[2026-03-26T14:01:42.811+0900][31.386s][info][gc,phases   ] GC(336)   Other: 0.1ms
[2026-03-26T14:01:42.811+0900][31.386s][info][gc,heap     ] GC(336) Eden regions: 50->0(196)
[2026-03-26T14:01:42.811+0900][31.386s][info][gc,heap     ] GC(336) Survivor regions: 0->0(26)
[2026-03-26T14:01:42.811+0900][31.386s][info][gc,heap     ] GC(336) Old regions: 1->1
[2026-03-26T14:01:42.811+0900][31.386s][info][gc,heap     ] GC(336) Humongous regions: 288->288
[2026-03-26T14:01:42.811+0900][31.386s][info][gc,metaspace] GC(336) Metaspace: 322K(512K)->322K(512K) NonClass: 305K(384K)->305K(384K) Class: 17K(128K)->17K(128K)
[2026-03-26T14:01:42.811+0900][31.387s][info][gc          ] GC(336) Pause Young (Concurrent Start) (G1 Humongous Allocation) 338M->288M(512M) 1.032ms
[2026-03-26T14:01:42.811+0900][31.387s][info][gc,cpu      ] GC(336) User=0.00s Sys=0.00s Real=0.00s
[2026-03-26T14:01:42.811+0900][31.387s][info][gc          ] GC(337) Concurrent Mark Cycle
[2026-03-26T14:01:42.811+0900][31.387s][info][gc,marking  ] GC(337) Concurrent Scan Root Regions
[2026-03-26T14:01:42.811+0900][31.387s][info][gc,marking  ] GC(337) Concurrent Scan Root Regions 0.030ms
[2026-03-26T14:01:42.811+0900][31.387s][info][gc,marking  ] GC(337) Concurrent Mark
[2026-03-26T14:01:42.811+0900][31.387s][info][gc,marking  ] GC(337) Concurrent Mark From Roots
[2026-03-26T14:01:42.811+0900][31.387s][info][gc,task     ] GC(337) Using 3 workers of 3 for marking
[2026-03-26T14:01:42.811+0900][31.388s][info][gc,marking  ] GC(337) Concurrent Mark From Roots 0.962ms
[2026-03-26T14:01:42.811+0900][31.388s][info][gc,marking  ] GC(337) Concurrent Preclean
[2026-03-26T14:01:42.811+0900][31.388s][info][gc,marking  ] GC(337) Concurrent Preclean 0.018ms
[2026-03-26T14:01:42.811+0900][31.388s][info][gc,start    ] GC(337) Pause Remark
[2026-03-26T14:01:42.811+0900][31.388s][info][gc          ] GC(337) Pause Remark 294M->294M(512M) 0.498ms
[2026-03-26T14:01:42.811+0900][31.388s][info][gc,cpu      ] GC(337) User=0.00s Sys=0.00s Real=0.00s
[2026-03-26T14:01:42.811+0900][31.388s][info][gc,marking  ] GC(337) Concurrent Mark 1.630ms
[2026-03-26T14:01:42.811+0900][31.388s][info][gc,marking  ] GC(337) Concurrent Rebuild Remembered Sets and Scrub Regions
[2026-03-26T14:01:42.813+0900][31.389s][info][gc,marking  ] GC(337) Concurrent Rebuild Remembered Sets and Scrub Regions 0.396ms
[2026-03-26T14:01:42.813+0900][31.389s][info][gc,start    ] GC(337) Pause Cleanup
[2026-03-26T14:01:42.813+0900][31.389s][info][gc          ] GC(337) Pause Cleanup 294M->294M(512M) 0.094ms
[2026-03-26T14:01:42.813+0900][31.389s][info][gc,cpu      ] GC(337) User=0.00s Sys=0.00s Real=0.00s
[2026-03-26T14:01:42.813+0900][31.389s][info][gc,marking  ] GC(337) Concurrent Clear Claimed Marks
[2026-03-26T14:01:42.813+0900][31.389s][info][gc,marking  ] GC(337) Concurrent Clear Claimed Marks 0.014ms
[2026-03-26T14:01:42.813+0900][31.389s][info][gc,marking  ] GC(337) Concurrent Cleanup for Next Mark
[2026-03-26T14:01:42.813+0900][31.389s][info][gc,marking  ] GC(337) Concurrent Cleanup for Next Mark 0.303ms
[2026-03-26T14:01:42.813+0900][31.389s][info][gc          ] GC(337) Concurrent Mark Cycle 2.720ms
[2026-03-26T14:01:42.974+0900][31.551s][info][gc,start    ] GC(338) Pause Young (Concurrent Start) (G1 Humongous Allocation)
[2026-03-26T14:01:42.974+0900][31.551s][info][gc,task     ] GC(338) Using 12 workers of 13 for evacuation
[2026-03-26T14:01:42.974+0900][31.553s][info][gc,phases   ] GC(338)   Pre Evacuate Collection Set: 0.5ms
[2026-03-26T14:01:42.974+0900][31.553s][info][gc,phases   ] GC(338)   Merge Heap Roots: 0.2ms
[2026-03-26T14:01:42.974+0900][31.553s][info][gc,phases   ] GC(338)   Evacuate Collection Set: 0.4ms
[2026-03-26T14:01:42.974+0900][31.553s][info][gc,phases   ] GC(338)   Post Evacuate Collection Set: 0.5ms
[2026-03-26T14:01:42.974+0900][31.553s][info][gc,phases   ] GC(338)   Other: 0.3ms
[2026-03-26T14:01:42.974+0900][31.553s][info][gc,heap     ] GC(338) Eden regions: 50->0(190)
[2026-03-26T14:01:42.974+0900][31.553s][info][gc,heap     ] GC(338) Survivor regions: 0->0(25)
[2026-03-26T14:01:42.974+0900][31.553s][info][gc,heap     ] GC(338) Old regions: 1->1
[2026-03-26T14:01:42.974+0900][31.553s][info][gc,heap     ] GC(338) Humongous regions: 294->294
[2026-03-26T14:01:42.974+0900][31.553s][info][gc,metaspace] GC(338) Metaspace: 322K(512K)->322K(512K) NonClass: 305K(384K)->305K(384K) Class: 17K(128K)->17K(128K)
[2026-03-26T14:01:42.974+0900][31.553s][info][gc          ] GC(338) Pause Young (Concurrent Start) (G1 Humongous Allocation) 344M->294M(512M) 2.472ms
[2026-03-26T14:01:42.974+0900][31.553s][info][gc,cpu      ] GC(338) User=0.00s Sys=0.00s Real=0.00s
[2026-03-26T14:01:42.974+0900][31.553s][info][gc          ] GC(339) Concurrent Mark Cycle
[2026-03-26T14:01:42.974+0900][31.553s][info][gc,marking  ] GC(339) Concurrent Scan Root Regions
[2026-03-26T14:01:42.974+0900][31.553s][info][gc,marking  ] GC(339) Concurrent Scan Root Regions 0.036ms
[2026-03-26T14:01:42.974+0900][31.553s][info][gc,marking  ] GC(339) Concurrent Mark
[2026-03-26T14:01:42.974+0900][31.553s][info][gc,marking  ] GC(339) Concurrent Mark From Roots
[2026-03-26T14:01:42.974+0900][31.553s][info][gc,task     ] GC(339) Using 3 workers of 3 for marking
[2026-03-26T14:01:42.980+0900][31.555s][info][gc,marking  ] GC(339) Concurrent Mark From Roots 1.857ms
[2026-03-26T14:01:42.980+0900][31.555s][info][gc,marking  ] GC(339) Concurrent Preclean
[2026-03-26T14:01:42.980+0900][31.555s][info][gc,marking  ] GC(339) Concurrent Preclean 0.032ms
[2026-03-26T14:01:42.980+0900][31.555s][info][gc,start    ] GC(339) Pause Remark
[2026-03-26T14:01:42.980+0900][31.557s][info][gc          ] GC(339) Pause Remark 300M->300M(512M) 1.113ms
[2026-03-26T14:01:42.980+0900][31.557s][info][gc,cpu      ] GC(339) User=0.00s Sys=0.00s Real=0.00s
[2026-03-26T14:01:42.980+0900][31.557s][info][gc,marking  ] GC(339) Concurrent Mark 3.402ms
[2026-03-26T14:01:42.980+0900][31.557s][info][gc,marking  ] GC(339) Concurrent Rebuild Remembered Sets and Scrub Regions
[2026-03-26T14:01:42.980+0900][31.558s][info][gc,marking  ] GC(339) Concurrent Rebuild Remembered Sets and Scrub Regions 0.777ms
[2026-03-26T14:01:42.980+0900][31.558s][info][gc,start    ] GC(339) Pause Cleanup
[2026-03-26T14:01:42.980+0900][31.558s][info][gc          ] GC(339) Pause Cleanup 300M->300M(512M) 0.268ms
[2026-03-26T14:01:42.980+0900][31.558s][info][gc,cpu      ] GC(339) User=0.00s Sys=0.00s Real=0.00s
[2026-03-26T14:01:42.980+0900][31.558s][info][gc,marking  ] GC(339) Concurrent Clear Claimed Marks
[2026-03-26T14:01:42.980+0900][31.558s][info][gc,marking  ] GC(339) Concurrent Clear Claimed Marks 0.039ms
[2026-03-26T14:01:42.980+0900][31.558s][info][gc,marking  ] GC(339) Concurrent Cleanup for Next Mark
[2026-03-26T14:01:42.980+0900][31.559s][info][gc,marking  ] GC(339) Concurrent Cleanup for Next Mark 0.428ms
[2026-03-26T14:01:42.980+0900][31.559s][info][gc          ] GC(339) Concurrent Mark Cycle 5.558ms
[2026-03-26T14:01:43.139+0900][31.715s][info][gc,start    ] GC(340) Pause Young (Concurrent Start) (G1 Humongous Allocation)
[2026-03-26T14:01:43.139+0900][31.715s][info][gc,task     ] GC(340) Using 12 workers of 13 for evacuation
[2026-03-26T14:01:43.139+0900][31.717s][info][gc,phases   ] GC(340)   Pre Evacuate Collection Set: 0.3ms
[2026-03-26T14:01:43.139+0900][31.717s][info][gc,phases   ] GC(340)   Merge Heap Roots: 0.2ms
[2026-03-26T14:01:43.139+0900][31.717s][info][gc,phases   ] GC(340)   Evacuate Collection Set: 0.4ms
[2026-03-26T14:01:43.139+0900][31.717s][info][gc,phases   ] GC(340)   Post Evacuate Collection Set: 0.7ms
[2026-03-26T14:01:43.139+0900][31.717s][info][gc,phases   ] GC(340)   Other: 0.1ms
[2026-03-26T14:01:43.139+0900][31.717s][info][gc,heap     ] GC(340) Eden regions: 50->0(184)
[2026-03-26T14:01:43.139+0900][31.717s][info][gc,heap     ] GC(340) Survivor regions: 0->0(24)
[2026-03-26T14:01:43.139+0900][31.717s][info][gc,heap     ] GC(340) Old regions: 1->1
[2026-03-26T14:01:43.139+0900][31.717s][info][gc,heap     ] GC(340) Humongous regions: 300->300
[2026-03-26T14:01:43.139+0900][31.717s][info][gc,metaspace] GC(340) Metaspace: 322K(512K)->322K(512K) NonClass: 305K(384K)->305K(384K) Class: 17K(128K)->17K(128K)
[2026-03-26T14:01:43.139+0900][31.717s][info][gc          ] GC(340) Pause Young (Concurrent Start) (G1 Humongous Allocation) 350M->300M(512M) 2.113ms
[2026-03-26T14:01:43.139+0900][31.717s][info][gc,cpu      ] GC(340) User=0.00s Sys=0.00s Real=0.00s
[2026-03-26T14:01:43.139+0900][31.717s][info][gc          ] GC(341) Concurrent Mark Cycle
[2026-03-26T14:01:43.139+0900][31.717s][info][gc,marking  ] GC(341) Concurrent Scan Root Regions
[2026-03-26T14:01:43.139+0900][31.717s][info][gc,marking  ] GC(341) Concurrent Scan Root Regions 0.032ms
[2026-03-26T14:01:43.139+0900][31.717s][info][gc,marking  ] GC(341) Concurrent Mark
[2026-03-26T14:01:43.139+0900][31.717s][info][gc,marking  ] GC(341) Concurrent Mark From Roots
[2026-03-26T14:01:43.139+0900][31.717s][info][gc,task     ] GC(341) Using 3 workers of 3 for marking
[2026-03-26T14:01:43.139+0900][31.719s][info][gc,marking  ] GC(341) Concurrent Mark From Roots 1.625ms
[2026-03-26T14:01:43.139+0900][31.719s][info][gc,marking  ] GC(341) Concurrent Preclean
[2026-03-26T14:01:43.139+0900][31.719s][info][gc,marking  ] GC(341) Concurrent Preclean 0.028ms
[2026-03-26T14:01:43.139+0900][31.719s][info][gc,start    ] GC(341) Pause Remark
[2026-03-26T14:01:43.139+0900][31.721s][info][gc          ] GC(341) Pause Remark 306M->306M(512M) 1.734ms
[2026-03-26T14:01:43.139+0900][31.721s][info][gc,cpu      ] GC(341) User=0.00s Sys=0.00s Real=0.00s
[2026-03-26T14:01:43.139+0900][31.721s][info][gc,marking  ] GC(341) Concurrent Mark 3.845ms
[2026-03-26T14:01:43.139+0900][31.721s][info][gc,marking  ] GC(341) Concurrent Rebuild Remembered Sets and Scrub Regions
[2026-03-26T14:01:43.139+0900][31.722s][info][gc,marking  ] GC(341) Concurrent Rebuild Remembered Sets and Scrub Regions 0.861ms
[2026-03-26T14:01:43.139+0900][31.722s][info][gc,start    ] GC(341) Pause Cleanup
[2026-03-26T14:01:43.139+0900][31.723s][info][gc          ] GC(341) Pause Cleanup 306M->306M(512M) 0.230ms
[2026-03-26T14:01:43.139+0900][31.723s][info][gc,cpu      ] GC(341) User=0.00s Sys=0.00s Real=0.00s
[2026-03-26T14:01:43.139+0900][31.723s][info][gc,marking  ] GC(341) Concurrent Clear Claimed Marks
[2026-03-26T14:01:43.139+0900][31.723s][info][gc,marking  ] GC(341) Concurrent Clear Claimed Marks 0.094ms
[2026-03-26T14:01:43.139+0900][31.723s][info][gc,marking  ] GC(341) Concurrent Cleanup for Next Mark
[2026-03-26T14:01:43.139+0900][31.723s][info][gc,marking  ] GC(341) Concurrent Cleanup for Next Mark 0.575ms
[2026-03-26T14:01:43.139+0900][31.724s][info][gc          ] GC(341) Concurrent Mark Cycle 6.366ms
[2026-03-26T14:01:43.307+0900][31.883s][info][gc,start    ] GC(342) Pause Young (Concurrent Start) (G1 Humongous Allocation)
[2026-03-26T14:01:43.307+0900][31.884s][info][gc,task     ] GC(342) Using 12 workers of 13 for evacuation
[2026-03-26T14:01:43.307+0900][31.886s][info][gc,phases   ] GC(342)   Pre Evacuate Collection Set: 0.5ms
[2026-03-26T14:01:43.307+0900][31.886s][info][gc,phases   ] GC(342)   Merge Heap Roots: 0.2ms
[2026-03-26T14:01:43.307+0900][31.886s][info][gc,phases   ] GC(342)   Evacuate Collection Set: 0.4ms
[2026-03-26T14:01:43.307+0900][31.886s][info][gc,phases   ] GC(342)   Post Evacuate Collection Set: 0.7ms
[2026-03-26T14:01:43.307+0900][31.886s][info][gc,phases   ] GC(342)   Other: 0.2ms
[2026-03-26T14:01:43.307+0900][31.886s][info][gc,heap     ] GC(342) Eden regions: 50->0(178)
[2026-03-26T14:01:43.307+0900][31.886s][info][gc,heap     ] GC(342) Survivor regions: 0->0(23)
[2026-03-26T14:01:43.307+0900][31.886s][info][gc,heap     ] GC(342) Old regions: 1->1
[2026-03-26T14:01:43.307+0900][31.886s][info][gc,heap     ] GC(342) Humongous regions: 306->306
[2026-03-26T14:01:43.307+0900][31.886s][info][gc,metaspace] GC(342) Metaspace: 322K(512K)->322K(512K) NonClass: 305K(384K)->305K(384K) Class: 17K(128K)->17K(128K)
[2026-03-26T14:01:43.307+0900][31.886s][info][gc          ] GC(342) Pause Young (Concurrent Start) (G1 Humongous Allocation) 356M->306M(512M) 2.558ms
[2026-03-26T14:01:43.307+0900][31.886s][info][gc,cpu      ] GC(342) User=0.00s Sys=0.02s Real=0.00s
[2026-03-26T14:01:43.307+0900][31.886s][info][gc          ] GC(343) Concurrent Mark Cycle
[2026-03-26T14:01:43.307+0900][31.886s][info][gc,marking  ] GC(343) Concurrent Scan Root Regions
[2026-03-26T14:01:43.307+0900][31.886s][info][gc,marking  ] GC(343) Concurrent Scan Root Regions 0.030ms
[2026-03-26T14:01:43.307+0900][31.886s][info][gc,marking  ] GC(343) Concurrent Mark
[2026-03-26T14:01:43.307+0900][31.886s][info][gc,marking  ] GC(343) Concurrent Mark From Roots
[2026-03-26T14:01:43.307+0900][31.886s][info][gc,task     ] GC(343) Using 3 workers of 3 for marking
[2026-03-26T14:01:43.312+0900][31.888s][info][gc,marking  ] GC(343) Concurrent Mark From Roots 1.703ms
[2026-03-26T14:01:43.312+0900][31.888s][info][gc,marking  ] GC(343) Concurrent Preclean
[2026-03-26T14:01:43.312+0900][31.888s][info][gc,marking  ] GC(343) Concurrent Preclean 0.033ms
[2026-03-26T14:01:43.312+0900][31.888s][info][gc,start    ] GC(343) Pause Remark
[2026-03-26T14:01:43.312+0900][31.890s][info][gc          ] GC(343) Pause Remark 312M->312M(512M) 1.375ms
[2026-03-26T14:01:43.312+0900][31.890s][info][gc,cpu      ] GC(343) User=0.00s Sys=0.00s Real=0.00s
[2026-03-26T14:01:43.312+0900][31.890s][info][gc,marking  ] GC(343) Concurrent Mark 3.583ms
[2026-03-26T14:01:43.312+0900][31.890s][info][gc,marking  ] GC(343) Concurrent Rebuild Remembered Sets and Scrub Regions
[2026-03-26T14:01:43.312+0900][31.891s][info][gc,marking  ] GC(343) Concurrent Rebuild Remembered Sets and Scrub Regions 0.876ms
[2026-03-26T14:01:43.312+0900][31.891s][info][gc,start    ] GC(343) Pause Cleanup
[2026-03-26T14:01:43.312+0900][31.891s][info][gc          ] GC(343) Pause Cleanup 312M->312M(512M) 0.240ms
[2026-03-26T14:01:43.312+0900][31.891s][info][gc,cpu      ] GC(343) User=0.00s Sys=0.00s Real=0.00s
[2026-03-26T14:01:43.312+0900][31.892s][info][gc,marking  ] GC(343) Concurrent Clear Claimed Marks
[2026-03-26T14:01:43.312+0900][31.892s][info][gc,marking  ] GC(343) Concurrent Clear Claimed Marks 0.089ms
[2026-03-26T14:01:43.312+0900][31.892s][info][gc,marking  ] GC(343) Concurrent Cleanup for Next Mark
[2026-03-26T14:01:43.312+0900][31.892s][info][gc,marking  ] GC(343) Concurrent Cleanup for Next Mark 0.548ms
[2026-03-26T14:01:43.312+0900][31.892s][info][gc          ] GC(343) Concurrent Mark Cycle 6.103ms
[2026-03-26T14:01:43.475+0900][32.051s][info][gc,start    ] GC(344) Pause Young (Concurrent Start) (G1 Humongous Allocation)
[2026-03-26T14:01:43.475+0900][32.051s][info][gc,task     ] GC(344) Using 12 workers of 13 for evacuation
[2026-03-26T14:01:43.475+0900][32.054s][info][gc,phases   ] GC(344)   Pre Evacuate Collection Set: 0.5ms
[2026-03-26T14:01:43.475+0900][32.054s][info][gc,phases   ] GC(344)   Merge Heap Roots: 0.2ms
[2026-03-26T14:01:43.475+0900][32.054s][info][gc,phases   ] GC(344)   Evacuate Collection Set: 0.4ms
[2026-03-26T14:01:43.475+0900][32.054s][info][gc,phases   ] GC(344)   Post Evacuate Collection Set: 0.8ms
[2026-03-26T14:01:43.475+0900][32.054s][info][gc,phases   ] GC(344)   Other: 0.3ms
[2026-03-26T14:01:43.475+0900][32.054s][info][gc,heap     ] GC(344) Eden regions: 50->0(172)
[2026-03-26T14:01:43.475+0900][32.054s][info][gc,heap     ] GC(344) Survivor regions: 0->0(23)
[2026-03-26T14:01:43.475+0900][32.054s][info][gc,heap     ] GC(344) Old regions: 1->1
[2026-03-26T14:01:43.475+0900][32.054s][info][gc,heap     ] GC(344) Humongous regions: 312->312
[2026-03-26T14:01:43.475+0900][32.054s][info][gc,metaspace] GC(344) Metaspace: 322K(512K)->322K(512K) NonClass: 305K(384K)->305K(384K) Class: 17K(128K)->17K(128K)
[2026-03-26T14:01:43.475+0900][32.054s][info][gc          ] GC(344) Pause Young (Concurrent Start) (G1 Humongous Allocation) 362M->312M(512M) 2.824ms
[2026-03-26T14:01:43.475+0900][32.054s][info][gc,cpu      ] GC(344) User=0.00s Sys=0.00s Real=0.00s
[2026-03-26T14:01:43.475+0900][32.054s][info][gc          ] GC(345) Concurrent Mark Cycle
[2026-03-26T14:01:43.475+0900][32.054s][info][gc,marking  ] GC(345) Concurrent Scan Root Regions
[2026-03-26T14:01:43.475+0900][32.054s][info][gc,marking  ] GC(345) Concurrent Scan Root Regions 0.076ms
[2026-03-26T14:01:43.475+0900][32.054s][info][gc,marking  ] GC(345) Concurrent Mark
[2026-03-26T14:01:43.475+0900][32.054s][info][gc,marking  ] GC(345) Concurrent Mark From Roots
[2026-03-26T14:01:43.475+0900][32.054s][info][gc,task     ] GC(345) Using 3 workers of 3 for marking
[2026-03-26T14:01:43.480+0900][32.056s][info][gc,marking  ] GC(345) Concurrent Mark From Roots 1.883ms
[2026-03-26T14:01:43.480+0900][32.056s][info][gc,marking  ] GC(345) Concurrent Preclean
[2026-03-26T14:01:43.480+0900][32.056s][info][gc,marking  ] GC(345) Concurrent Preclean 0.033ms
[2026-03-26T14:01:43.491+0900][32.066s][info][gc,start    ] GC(345) Pause Remark
[2026-03-26T14:01:43.491+0900][32.067s][info][gc          ] GC(345) Pause Remark 318M->318M(512M) 1.330ms
[2026-03-26T14:01:43.491+0900][32.067s][info][gc,cpu      ] GC(345) User=0.00s Sys=0.00s Real=0.00s
[2026-03-26T14:01:43.493+0900][32.068s][info][gc,marking  ] GC(345) Concurrent Mark 13.660ms
[2026-03-26T14:01:43.493+0900][32.068s][info][gc,marking  ] GC(345) Concurrent Rebuild Remembered Sets and Scrub Regions
[2026-03-26T14:01:43.493+0900][32.069s][info][gc,marking  ] GC(345) Concurrent Rebuild Remembered Sets and Scrub Regions 1.108ms
[2026-03-26T14:01:43.493+0900][32.070s][info][gc,start    ] GC(345) Pause Cleanup
[2026-03-26T14:01:43.493+0900][32.070s][info][gc          ] GC(345) Pause Cleanup 318M->318M(512M) 0.270ms
[2026-03-26T14:01:43.493+0900][32.070s][info][gc,cpu      ] GC(345) User=0.00s Sys=0.00s Real=0.00s
[2026-03-26T14:01:43.493+0900][32.070s][info][gc,marking  ] GC(345) Concurrent Clear Claimed Marks
[2026-03-26T14:01:43.493+0900][32.070s][info][gc,marking  ] GC(345) Concurrent Clear Claimed Marks 0.105ms
[2026-03-26T14:01:43.493+0900][32.070s][info][gc,marking  ] GC(345) Concurrent Cleanup for Next Mark
[2026-03-26T14:01:43.493+0900][32.071s][info][gc,marking  ] GC(345) Concurrent Cleanup for Next Mark 0.593ms
[2026-03-26T14:01:43.493+0900][32.071s][info][gc          ] GC(345) Concurrent Mark Cycle 16.874ms
[2026-03-26T14:01:43.657+0900][32.233s][info][gc,start    ] GC(346) Pause Young (Concurrent Start) (G1 Humongous Allocation)
[2026-03-26T14:01:43.657+0900][32.233s][info][gc,task     ] GC(346) Using 12 workers of 13 for evacuation
[2026-03-26T14:01:43.659+0900][32.235s][info][gc,phases   ] GC(346)   Pre Evacuate Collection Set: 0.4ms
[2026-03-26T14:01:43.659+0900][32.235s][info][gc,phases   ] GC(346)   Merge Heap Roots: 0.2ms
[2026-03-26T14:01:43.659+0900][32.235s][info][gc,phases   ] GC(346)   Evacuate Collection Set: 0.4ms
[2026-03-26T14:01:43.659+0900][32.235s][info][gc,phases   ] GC(346)   Post Evacuate Collection Set: 0.3ms
[2026-03-26T14:01:43.659+0900][32.235s][info][gc,phases   ] GC(346)   Other: 0.1ms
[2026-03-26T14:01:43.659+0900][32.235s][info][gc,heap     ] GC(346) Eden regions: 50->0(166)
[2026-03-26T14:01:43.659+0900][32.235s][info][gc,heap     ] GC(346) Survivor regions: 0->0(22)
[2026-03-26T14:01:43.659+0900][32.235s][info][gc,heap     ] GC(346) Old regions: 1->1
[2026-03-26T14:01:43.659+0900][32.235s][info][gc,heap     ] GC(346) Humongous regions: 318->318
[2026-03-26T14:01:43.659+0900][32.235s][info][gc,metaspace] GC(346) Metaspace: 322K(512K)->322K(512K) NonClass: 305K(384K)->305K(384K) Class: 17K(128K)->17K(128K)
[2026-03-26T14:01:43.659+0900][32.235s][info][gc          ] GC(346) Pause Young (Concurrent Start) (G1 Humongous Allocation) 368M->318M(512M) 1.961ms
[2026-03-26T14:01:43.659+0900][32.235s][info][gc,cpu      ] GC(346) User=0.00s Sys=0.00s Real=0.00s
[2026-03-26T14:01:43.659+0900][32.235s][info][gc          ] GC(347) Concurrent Mark Cycle
[2026-03-26T14:01:43.659+0900][32.235s][info][gc,marking  ] GC(347) Concurrent Scan Root Regions
[2026-03-26T14:01:43.659+0900][32.235s][info][gc,marking  ] GC(347) Concurrent Scan Root Regions 0.026ms
[2026-03-26T14:01:43.659+0900][32.235s][info][gc,marking  ] GC(347) Concurrent Mark
[2026-03-26T14:01:43.659+0900][32.235s][info][gc,marking  ] GC(347) Concurrent Mark From Roots
[2026-03-26T14:01:43.659+0900][32.235s][info][gc,task     ] GC(347) Using 3 workers of 3 for marking
[2026-03-26T14:01:43.662+0900][32.237s][info][gc,marking  ] GC(347) Concurrent Mark From Roots 1.812ms
[2026-03-26T14:01:43.662+0900][32.237s][info][gc,marking  ] GC(347) Concurrent Preclean
[2026-03-26T14:01:43.662+0900][32.237s][info][gc,marking  ] GC(347) Concurrent Preclean 0.031ms
[2026-03-26T14:01:43.671+0900][32.247s][info][gc,start    ] GC(347) Pause Remark
[2026-03-26T14:01:43.671+0900][32.249s][info][gc          ] GC(347) Pause Remark 324M->324M(512M) 1.773ms
[2026-03-26T14:01:43.671+0900][32.249s][info][gc,cpu      ] GC(347) User=0.00s Sys=0.00s Real=0.00s
[2026-03-26T14:01:43.671+0900][32.249s][info][gc,marking  ] GC(347) Concurrent Mark 13.550ms
[2026-03-26T14:01:43.675+0900][32.250s][info][gc,marking  ] GC(347) Concurrent Rebuild Remembered Sets and Scrub Regions
[2026-03-26T14:01:43.675+0900][32.251s][info][gc,marking  ] GC(347) Concurrent Rebuild Remembered Sets and Scrub Regions 1.167ms
[2026-03-26T14:01:43.675+0900][32.252s][info][gc,start    ] GC(347) Pause Cleanup
[2026-03-26T14:01:43.675+0900][32.252s][info][gc          ] GC(347) Pause Cleanup 324M->324M(512M) 0.361ms
[2026-03-26T14:01:43.675+0900][32.252s][info][gc,cpu      ] GC(347) User=0.00s Sys=0.00s Real=0.00s
[2026-03-26T14:01:43.675+0900][32.252s][info][gc,marking  ] GC(347) Concurrent Clear Claimed Marks
[2026-03-26T14:01:43.675+0900][32.253s][info][gc,marking  ] GC(347) Concurrent Clear Claimed Marks 0.112ms
[2026-03-26T14:01:43.675+0900][32.253s][info][gc,marking  ] GC(347) Concurrent Cleanup for Next Mark
[2026-03-26T14:01:43.675+0900][32.253s][info][gc,marking  ] GC(347) Concurrent Cleanup for Next Mark 0.565ms
[2026-03-26T14:01:43.675+0900][32.253s][info][gc          ] GC(347) Concurrent Mark Cycle 18.046ms
[2026-03-26T14:01:43.834+0900][32.409s][info][gc,start    ] GC(348) Pause Young (Concurrent Start) (G1 Humongous Allocation)
[2026-03-26T14:01:43.834+0900][32.409s][info][gc,task     ] GC(348) Using 12 workers of 13 for evacuation
[2026-03-26T14:01:43.834+0900][32.412s][info][gc,phases   ] GC(348)   Pre Evacuate Collection Set: 0.6ms
[2026-03-26T14:01:43.834+0900][32.412s][info][gc,phases   ] GC(348)   Merge Heap Roots: 0.2ms
[2026-03-26T14:01:43.834+0900][32.412s][info][gc,phases   ] GC(348)   Evacuate Collection Set: 0.4ms
[2026-03-26T14:01:43.834+0900][32.412s][info][gc,phases   ] GC(348)   Post Evacuate Collection Set: 0.8ms
[2026-03-26T14:01:43.834+0900][32.412s][info][gc,phases   ] GC(348)   Other: 0.2ms
[2026-03-26T14:01:43.834+0900][32.412s][info][gc,heap     ] GC(348) Eden regions: 50->0(160)
[2026-03-26T14:01:43.834+0900][32.412s][info][gc,heap     ] GC(348) Survivor regions: 0->0(21)
[2026-03-26T14:01:43.834+0900][32.412s][info][gc,heap     ] GC(348) Old regions: 1->1
[2026-03-26T14:01:43.834+0900][32.412s][info][gc,heap     ] GC(348) Humongous regions: 324->324
[2026-03-26T14:01:43.834+0900][32.412s][info][gc,metaspace] GC(348) Metaspace: 322K(512K)->322K(512K) NonClass: 305K(384K)->305K(384K) Class: 17K(128K)->17K(128K)
[2026-03-26T14:01:43.834+0900][32.412s][info][gc          ] GC(348) Pause Young (Concurrent Start) (G1 Humongous Allocation) 374M->324M(512M) 2.761ms
[2026-03-26T14:01:43.834+0900][32.412s][info][gc,cpu      ] GC(348) User=0.00s Sys=0.00s Real=0.00s
[2026-03-26T14:01:43.834+0900][32.412s][info][gc          ] GC(349) Concurrent Mark Cycle
[2026-03-26T14:01:43.834+0900][32.412s][info][gc,marking  ] GC(349) Concurrent Scan Root Regions
[2026-03-26T14:01:43.834+0900][32.412s][info][gc,marking  ] GC(349) Concurrent Scan Root Regions 0.036ms
[2026-03-26T14:01:43.834+0900][32.412s][info][gc,marking  ] GC(349) Concurrent Mark
[2026-03-26T14:01:43.834+0900][32.412s][info][gc,marking  ] GC(349) Concurrent Mark From Roots
[2026-03-26T14:01:43.834+0900][32.412s][info][gc,task     ] GC(349) Using 3 workers of 3 for marking
[2026-03-26T14:01:43.839+0900][32.414s][info][gc,marking  ] GC(349) Concurrent Mark From Roots 2.039ms
[2026-03-26T14:01:43.839+0900][32.414s][info][gc,marking  ] GC(349) Concurrent Preclean
[2026-03-26T14:01:43.839+0900][32.415s][info][gc,marking  ] GC(349) Concurrent Preclean 0.036ms
[2026-03-26T14:01:43.840+0900][32.415s][info][gc,start    ] GC(349) Pause Remark
[2026-03-26T14:01:43.840+0900][32.416s][info][gc          ] GC(349) Pause Remark 331M->331M(512M) 1.156ms
[2026-03-26T14:01:43.840+0900][32.416s][info][gc,cpu      ] GC(349) User=0.00s Sys=0.00s Real=0.00s
[2026-03-26T14:01:43.841+0900][32.417s][info][gc,marking  ] GC(349) Concurrent Mark 4.416ms
[2026-03-26T14:01:43.841+0900][32.417s][info][gc,marking  ] GC(349) Concurrent Rebuild Remembered Sets and Scrub Regions
[2026-03-26T14:01:43.841+0900][32.418s][info][gc,marking  ] GC(349) Concurrent Rebuild Remembered Sets and Scrub Regions 0.934ms
[2026-03-26T14:01:43.841+0900][32.418s][info][gc,start    ] GC(349) Pause Cleanup
[2026-03-26T14:01:43.841+0900][32.418s][info][gc          ] GC(349) Pause Cleanup 331M->331M(512M) 0.311ms
[2026-03-26T14:01:43.841+0900][32.418s][info][gc,cpu      ] GC(349) User=0.00s Sys=0.00s Real=0.00s
[2026-03-26T14:01:43.841+0900][32.418s][info][gc,marking  ] GC(349) Concurrent Clear Claimed Marks
[2026-03-26T14:01:43.841+0900][32.419s][info][gc,marking  ] GC(349) Concurrent Clear Claimed Marks 0.103ms
[2026-03-26T14:01:43.841+0900][32.419s][info][gc,marking  ] GC(349) Concurrent Cleanup for Next Mark
[2026-03-26T14:01:43.841+0900][32.419s][info][gc,marking  ] GC(349) Concurrent Cleanup for Next Mark 0.530ms
[2026-03-26T14:01:43.841+0900][32.419s][info][gc          ] GC(349) Concurrent Mark Cycle 7.211ms
[2026-03-26T14:01:44.042+0900][32.618s][info][gc,start    ] GC(350) Pause Young (Concurrent Start) (G1 Humongous Allocation)
[2026-03-26T14:01:44.042+0900][32.618s][info][gc,task     ] GC(350) Using 12 workers of 13 for evacuation
[2026-03-26T14:01:44.042+0900][32.619s][info][gc,phases   ] GC(350)   Pre Evacuate Collection Set: 0.2ms
[2026-03-26T14:01:44.042+0900][32.619s][info][gc,phases   ] GC(350)   Merge Heap Roots: 0.1ms
[2026-03-26T14:01:44.042+0900][32.619s][info][gc,phases   ] GC(350)   Evacuate Collection Set: 0.1ms
[2026-03-26T14:01:44.042+0900][32.619s][info][gc,phases   ] GC(350)   Post Evacuate Collection Set: 0.2ms
[2026-03-26T14:01:44.042+0900][32.619s][info][gc,phases   ] GC(350)   Other: 0.1ms
[2026-03-26T14:01:44.042+0900][32.619s][info][gc,heap     ] GC(350) Eden regions: 50->0(154)
[2026-03-26T14:01:44.042+0900][32.619s][info][gc,heap     ] GC(350) Survivor regions: 0->0(20)
[2026-03-26T14:01:44.042+0900][32.619s][info][gc,heap     ] GC(350) Old regions: 1->1
[2026-03-26T14:01:44.042+0900][32.619s][info][gc,heap     ] GC(350) Humongous regions: 330->330
[2026-03-26T14:01:44.042+0900][32.619s][info][gc,metaspace] GC(350) Metaspace: 323K(512K)->323K(512K) NonClass: 306K(384K)->306K(384K) Class: 17K(128K)->17K(128K)
[2026-03-26T14:01:44.042+0900][32.619s][info][gc          ] GC(350) Pause Young (Concurrent Start) (G1 Humongous Allocation) 380M->330M(512M) 1.021ms
[2026-03-26T14:01:44.042+0900][32.619s][info][gc,cpu      ] GC(350) User=0.00s Sys=0.00s Real=0.00s
[2026-03-26T14:01:44.042+0900][32.619s][info][gc          ] GC(351) Concurrent Mark Cycle
[2026-03-26T14:01:44.042+0900][32.619s][info][gc,marking  ] GC(351) Concurrent Scan Root Regions
[2026-03-26T14:01:44.042+0900][32.619s][info][gc,marking  ] GC(351) Concurrent Scan Root Regions 0.015ms
[2026-03-26T14:01:44.042+0900][32.619s][info][gc,marking  ] GC(351) Concurrent Mark
[2026-03-26T14:01:44.042+0900][32.619s][info][gc,marking  ] GC(351) Concurrent Mark From Roots
[2026-03-26T14:01:44.042+0900][32.619s][info][gc,task     ] GC(351) Using 3 workers of 3 for marking
[2026-03-26T14:01:44.042+0900][32.620s][info][gc,marking  ] GC(351) Concurrent Mark From Roots 0.858ms
[2026-03-26T14:01:44.042+0900][32.620s][info][gc,marking  ] GC(351) Concurrent Preclean
[2026-03-26T14:01:44.042+0900][32.620s][info][gc,marking  ] GC(351) Concurrent Preclean 0.023ms
[2026-03-26T14:01:44.042+0900][32.620s][info][gc,start    ] GC(351) Pause Remark
[2026-03-26T14:01:44.046+0900][32.621s][info][gc          ] GC(351) Pause Remark 336M->336M(512M) 0.711ms
[2026-03-26T14:01:44.046+0900][32.621s][info][gc,cpu      ] GC(351) User=0.00s Sys=0.00s Real=0.00s
[2026-03-26T14:01:44.046+0900][32.621s][info][gc,marking  ] GC(351) Concurrent Mark 1.877ms
[2026-03-26T14:01:44.046+0900][32.621s][info][gc,marking  ] GC(351) Concurrent Rebuild Remembered Sets and Scrub Regions
[2026-03-26T14:01:44.046+0900][32.622s][info][gc,marking  ] GC(351) Concurrent Rebuild Remembered Sets and Scrub Regions 0.595ms
[2026-03-26T14:01:44.046+0900][32.622s][info][gc,start    ] GC(351) Pause Cleanup
[2026-03-26T14:01:44.046+0900][32.622s][info][gc          ] GC(351) Pause Cleanup 336M->336M(512M) 0.148ms
[2026-03-26T14:01:44.046+0900][32.622s][info][gc,cpu      ] GC(351) User=0.00s Sys=0.00s Real=0.00s
[2026-03-26T14:01:44.046+0900][32.622s][info][gc,marking  ] GC(351) Concurrent Clear Claimed Marks
[2026-03-26T14:01:44.046+0900][32.622s][info][gc,marking  ] GC(351) Concurrent Clear Claimed Marks 0.046ms
[2026-03-26T14:01:44.046+0900][32.622s][info][gc,marking  ] GC(351) Concurrent Cleanup for Next Mark
[2026-03-26T14:01:44.046+0900][32.623s][info][gc,marking  ] GC(351) Concurrent Cleanup for Next Mark 0.338ms
[2026-03-26T14:01:44.046+0900][32.623s][info][gc          ] GC(351) Concurrent Mark Cycle 3.365ms
[2026-03-26T14:01:44.220+0900][32.796s][info][gc,start    ] GC(352) Pause Young (Concurrent Start) (G1 Humongous Allocation)
[2026-03-26T14:01:44.220+0900][32.796s][info][gc,task     ] GC(352) Using 12 workers of 13 for evacuation
[2026-03-26T14:01:44.222+0900][32.797s][info][gc,phases   ] GC(352)   Pre Evacuate Collection Set: 0.2ms
[2026-03-26T14:01:44.222+0900][32.797s][info][gc,phases   ] GC(352)   Merge Heap Roots: 0.2ms
[2026-03-26T14:01:44.222+0900][32.798s][info][gc,phases   ] GC(352)   Evacuate Collection Set: 0.2ms
[2026-03-26T14:01:44.222+0900][32.798s][info][gc,phases   ] GC(352)   Post Evacuate Collection Set: 0.2ms
[2026-03-26T14:01:44.222+0900][32.798s][info][gc,phases   ] GC(352)   Other: 0.2ms
[2026-03-26T14:01:44.222+0900][32.798s][info][gc,heap     ] GC(352) Eden regions: 50->0(148)
[2026-03-26T14:01:44.222+0900][32.798s][info][gc,heap     ] GC(352) Survivor regions: 0->0(20)
[2026-03-26T14:01:44.222+0900][32.798s][info][gc,heap     ] GC(352) Old regions: 1->1
[2026-03-26T14:01:44.222+0900][32.798s][info][gc,heap     ] GC(352) Humongous regions: 336->336
[2026-03-26T14:01:44.222+0900][32.798s][info][gc,metaspace] GC(352) Metaspace: 323K(512K)->323K(512K) NonClass: 306K(384K)->306K(384K) Class: 17K(128K)->17K(128K)
[2026-03-26T14:01:44.222+0900][32.798s][info][gc          ] GC(352) Pause Young (Concurrent Start) (G1 Humongous Allocation) 386M->336M(512M) 1.394ms
[2026-03-26T14:01:44.222+0900][32.798s][info][gc,cpu      ] GC(352) User=0.00s Sys=0.00s Real=0.00s
[2026-03-26T14:01:44.222+0900][32.798s][info][gc          ] GC(353) Concurrent Mark Cycle
[2026-03-26T14:01:44.222+0900][32.798s][info][gc,marking  ] GC(353) Concurrent Scan Root Regions
[2026-03-26T14:01:44.222+0900][32.798s][info][gc,marking  ] GC(353) Concurrent Scan Root Regions 0.023ms
[2026-03-26T14:01:44.222+0900][32.798s][info][gc,marking  ] GC(353) Concurrent Mark
[2026-03-26T14:01:44.222+0900][32.798s][info][gc,marking  ] GC(353) Concurrent Mark From Roots
[2026-03-26T14:01:44.222+0900][32.798s][info][gc,task     ] GC(353) Using 3 workers of 3 for marking
[2026-03-26T14:01:44.223+0900][32.800s][info][gc,marking  ] GC(353) Concurrent Mark From Roots 1.913ms
[2026-03-26T14:01:44.223+0900][32.800s][info][gc,marking  ] GC(353) Concurrent Preclean
[2026-03-26T14:01:44.223+0900][32.800s][info][gc,marking  ] GC(353) Concurrent Preclean 0.036ms
[2026-03-26T14:01:44.223+0900][32.800s][info][gc,start    ] GC(353) Pause Remark
[2026-03-26T14:01:44.223+0900][32.801s][info][gc          ] GC(353) Pause Remark 342M->342M(512M) 0.731ms
[2026-03-26T14:01:44.223+0900][32.801s][info][gc,cpu      ] GC(353) User=0.00s Sys=0.00s Real=0.00s
[2026-03-26T14:01:44.223+0900][32.801s][info][gc,marking  ] GC(353) Concurrent Mark 2.970ms
[2026-03-26T14:01:44.223+0900][32.801s][info][gc,marking  ] GC(353) Concurrent Rebuild Remembered Sets and Scrub Regions
[2026-03-26T14:01:44.226+0900][32.802s][info][gc,marking  ] GC(353) Concurrent Rebuild Remembered Sets and Scrub Regions 0.845ms
[2026-03-26T14:01:44.226+0900][32.802s][info][gc,start    ] GC(353) Pause Cleanup
[2026-03-26T14:01:44.226+0900][32.802s][info][gc          ] GC(353) Pause Cleanup 342M->342M(512M) 0.249ms
[2026-03-26T14:01:44.226+0900][32.802s][info][gc,cpu      ] GC(353) User=0.00s Sys=0.00s Real=0.00s
[2026-03-26T14:01:44.226+0900][32.802s][info][gc,marking  ] GC(353) Concurrent Clear Claimed Marks
[2026-03-26T14:01:44.226+0900][32.802s][info][gc,marking  ] GC(353) Concurrent Clear Claimed Marks 0.063ms
[2026-03-26T14:01:44.226+0900][32.802s][info][gc,marking  ] GC(353) Concurrent Cleanup for Next Mark
[2026-03-26T14:01:44.226+0900][32.803s][info][gc,marking  ] GC(353) Concurrent Cleanup for Next Mark 0.349ms
[2026-03-26T14:01:44.226+0900][32.803s][info][gc          ] GC(353) Concurrent Mark Cycle 5.002ms
[2026-03-26T14:01:44.384+0900][32.960s][info][gc,start    ] GC(354) Pause Young (Concurrent Start) (G1 Humongous Allocation)
[2026-03-26T14:01:44.384+0900][32.960s][info][gc,task     ] GC(354) Using 12 workers of 13 for evacuation
[2026-03-26T14:01:44.384+0900][32.961s][info][gc,phases   ] GC(354)   Pre Evacuate Collection Set: 0.3ms
[2026-03-26T14:01:44.384+0900][32.961s][info][gc,phases   ] GC(354)   Merge Heap Roots: 0.2ms
[2026-03-26T14:01:44.384+0900][32.961s][info][gc,phases   ] GC(354)   Evacuate Collection Set: 0.3ms
[2026-03-26T14:01:44.384+0900][32.961s][info][gc,phases   ] GC(354)   Post Evacuate Collection Set: 0.4ms
[2026-03-26T14:01:44.384+0900][32.961s][info][gc,phases   ] GC(354)   Other: 0.2ms
[2026-03-26T14:01:44.384+0900][32.961s][info][gc,heap     ] GC(354) Eden regions: 50->0(142)
[2026-03-26T14:01:44.384+0900][32.961s][info][gc,heap     ] GC(354) Survivor regions: 0->0(19)
[2026-03-26T14:01:44.384+0900][32.961s][info][gc,heap     ] GC(354) Old regions: 1->1
[2026-03-26T14:01:44.384+0900][32.962s][info][gc,heap     ] GC(354) Humongous regions: 342->342
[2026-03-26T14:01:44.384+0900][32.962s][info][gc,metaspace] GC(354) Metaspace: 323K(512K)->323K(512K) NonClass: 306K(384K)->306K(384K) Class: 17K(128K)->17K(128K)
[2026-03-26T14:01:44.384+0900][32.962s][info][gc          ] GC(354) Pause Young (Concurrent Start) (G1 Humongous Allocation) 392M->342M(512M) 1.964ms
[2026-03-26T14:01:44.384+0900][32.962s][info][gc,cpu      ] GC(354) User=0.00s Sys=0.00s Real=0.00s
[2026-03-26T14:01:44.384+0900][32.962s][info][gc          ] GC(355) Concurrent Mark Cycle
[2026-03-26T14:01:44.384+0900][32.962s][info][gc,marking  ] GC(355) Concurrent Scan Root Regions
[2026-03-26T14:01:44.384+0900][32.962s][info][gc,marking  ] GC(355) Concurrent Scan Root Regions 0.033ms
[2026-03-26T14:01:44.384+0900][32.962s][info][gc,marking  ] GC(355) Concurrent Mark
[2026-03-26T14:01:44.384+0900][32.962s][info][gc,marking  ] GC(355) Concurrent Mark From Roots
[2026-03-26T14:01:44.384+0900][32.962s][info][gc,task     ] GC(355) Using 3 workers of 3 for marking
[2026-03-26T14:01:44.384+0900][32.964s][info][gc,marking  ] GC(355) Concurrent Mark From Roots 1.940ms
[2026-03-26T14:01:44.384+0900][32.964s][info][gc,marking  ] GC(355) Concurrent Preclean
[2026-03-26T14:01:44.384+0900][32.964s][info][gc,marking  ] GC(355) Concurrent Preclean 0.038ms
[2026-03-26T14:01:44.384+0900][32.964s][info][gc,start    ] GC(355) Pause Remark
[2026-03-26T14:01:44.384+0900][32.965s][info][gc          ] GC(355) Pause Remark 348M->348M(512M) 0.952ms
[2026-03-26T14:01:44.384+0900][32.965s][info][gc,cpu      ] GC(355) User=0.00s Sys=0.00s Real=0.00s
[2026-03-26T14:01:44.384+0900][32.965s][info][gc,marking  ] GC(355) Concurrent Mark 3.286ms
[2026-03-26T14:01:44.384+0900][32.965s][info][gc,marking  ] GC(355) Concurrent Rebuild Remembered Sets and Scrub Regions
[2026-03-26T14:01:44.384+0900][32.966s][info][gc,marking  ] GC(355) Concurrent Rebuild Remembered Sets and Scrub Regions 0.579ms
[2026-03-26T14:01:44.384+0900][32.966s][info][gc,start    ] GC(355) Pause Cleanup
[2026-03-26T14:01:44.384+0900][32.966s][info][gc          ] GC(355) Pause Cleanup 348M->348M(512M) 0.234ms
[2026-03-26T14:01:44.384+0900][32.966s][info][gc,cpu      ] GC(355) User=0.00s Sys=0.00s Real=0.00s
[2026-03-26T14:01:44.384+0900][32.966s][info][gc,marking  ] GC(355) Concurrent Clear Claimed Marks
[2026-03-26T14:01:44.384+0900][32.966s][info][gc,marking  ] GC(355) Concurrent Clear Claimed Marks 0.043ms
[2026-03-26T14:01:44.384+0900][32.966s][info][gc,marking  ] GC(355) Concurrent Cleanup for Next Mark
[2026-03-26T14:01:44.384+0900][32.967s][info][gc,marking  ] GC(355) Concurrent Cleanup for Next Mark 0.307ms
[2026-03-26T14:01:44.384+0900][32.967s][info][gc          ] GC(355) Concurrent Mark Cycle 5.043ms
[2026-03-26T14:01:44.567+0900][33.143s][info][gc,start    ] GC(356) Pause Young (Concurrent Start) (G1 Humongous Allocation)
[2026-03-26T14:01:44.567+0900][33.143s][info][gc,task     ] GC(356) Using 12 workers of 13 for evacuation
[2026-03-26T14:01:44.569+0900][33.144s][info][gc,phases   ] GC(356)   Pre Evacuate Collection Set: 0.3ms
[2026-03-26T14:01:44.569+0900][33.144s][info][gc,phases   ] GC(356)   Merge Heap Roots: 0.1ms
[2026-03-26T14:01:44.569+0900][33.144s][info][gc,phases   ] GC(356)   Evacuate Collection Set: 0.2ms
[2026-03-26T14:01:44.569+0900][33.144s][info][gc,phases   ] GC(356)   Post Evacuate Collection Set: 0.3ms
[2026-03-26T14:01:44.569+0900][33.144s][info][gc,phases   ] GC(356)   Other: 0.1ms
[2026-03-26T14:01:44.569+0900][33.144s][info][gc,heap     ] GC(356) Eden regions: 50->0(136)
[2026-03-26T14:01:44.569+0900][33.144s][info][gc,heap     ] GC(356) Survivor regions: 0->0(18)
[2026-03-26T14:01:44.569+0900][33.144s][info][gc,heap     ] GC(356) Old regions: 1->1
[2026-03-26T14:01:44.569+0900][33.144s][info][gc,heap     ] GC(356) Humongous regions: 348->348
[2026-03-26T14:01:44.569+0900][33.144s][info][gc,metaspace] GC(356) Metaspace: 323K(512K)->323K(512K) NonClass: 306K(384K)->306K(384K) Class: 17K(128K)->17K(128K)
[2026-03-26T14:01:44.569+0900][33.144s][info][gc          ] GC(356) Pause Young (Concurrent Start) (G1 Humongous Allocation) 398M->348M(512M) 1.584ms
[2026-03-26T14:01:44.569+0900][33.144s][info][gc,cpu      ] GC(356) User=0.00s Sys=0.00s Real=0.00s
[2026-03-26T14:01:44.569+0900][33.145s][info][gc          ] GC(357) Concurrent Mark Cycle
[2026-03-26T14:01:44.569+0900][33.145s][info][gc,marking  ] GC(357) Concurrent Scan Root Regions
[2026-03-26T14:01:44.569+0900][33.145s][info][gc,marking  ] GC(357) Concurrent Scan Root Regions 0.015ms
[2026-03-26T14:01:44.569+0900][33.145s][info][gc,marking  ] GC(357) Concurrent Mark
[2026-03-26T14:01:44.569+0900][33.145s][info][gc,marking  ] GC(357) Concurrent Mark From Roots
[2026-03-26T14:01:44.569+0900][33.145s][info][gc,task     ] GC(357) Using 3 workers of 3 for marking
[2026-03-26T14:01:44.570+0900][33.146s][info][gc,marking  ] GC(357) Concurrent Mark From Roots 1.313ms
[2026-03-26T14:01:44.570+0900][33.146s][info][gc,marking  ] GC(357) Concurrent Preclean
[2026-03-26T14:01:44.571+0900][33.146s][info][gc,marking  ] GC(357) Concurrent Preclean 0.044ms
[2026-03-26T14:01:44.571+0900][33.146s][info][gc,start    ] GC(357) Pause Remark
[2026-03-26T14:01:44.571+0900][33.147s][info][gc          ] GC(357) Pause Remark 354M->354M(512M) 0.888ms
[2026-03-26T14:01:44.571+0900][33.147s][info][gc,cpu      ] GC(357) User=0.00s Sys=0.00s Real=0.00s
[2026-03-26T14:01:44.571+0900][33.147s][info][gc,marking  ] GC(357) Concurrent Mark 2.696ms
[2026-03-26T14:01:44.571+0900][33.147s][info][gc,marking  ] GC(357) Concurrent Rebuild Remembered Sets and Scrub Regions
[2026-03-26T14:01:44.573+0900][33.148s][info][gc,marking  ] GC(357) Concurrent Rebuild Remembered Sets and Scrub Regions 0.846ms
[2026-03-26T14:01:44.573+0900][33.148s][info][gc,start    ] GC(357) Pause Cleanup
[2026-03-26T14:01:44.573+0900][33.148s][info][gc          ] GC(357) Pause Cleanup 354M->354M(512M) 0.073ms
[2026-03-26T14:01:44.573+0900][33.148s][info][gc,cpu      ] GC(357) User=0.00s Sys=0.00s Real=0.00s
[2026-03-26T14:01:44.573+0900][33.148s][info][gc,marking  ] GC(357) Concurrent Clear Claimed Marks
[2026-03-26T14:01:44.573+0900][33.148s][info][gc,marking  ] GC(357) Concurrent Clear Claimed Marks 0.014ms
[2026-03-26T14:01:44.573+0900][33.148s][info][gc,marking  ] GC(357) Concurrent Cleanup for Next Mark
[2026-03-26T14:01:44.574+0900][33.149s][info][gc,marking  ] GC(357) Concurrent Cleanup for Next Mark 0.567ms
[2026-03-26T14:01:44.574+0900][33.149s][info][gc          ] GC(357) Concurrent Mark Cycle 4.487ms
[2026-03-26T14:01:44.744+0900][33.319s][info][gc,start    ] GC(358) Pause Young (Concurrent Start) (G1 Humongous Allocation)
[2026-03-26T14:01:44.744+0900][33.319s][info][gc,task     ] GC(358) Using 12 workers of 13 for evacuation
[2026-03-26T14:01:44.744+0900][33.321s][info][gc,phases   ] GC(358)   Pre Evacuate Collection Set: 0.6ms
[2026-03-26T14:01:44.744+0900][33.321s][info][gc,phases   ] GC(358)   Merge Heap Roots: 0.2ms
[2026-03-26T14:01:44.744+0900][33.321s][info][gc,phases   ] GC(358)   Evacuate Collection Set: 0.3ms
[2026-03-26T14:01:44.744+0900][33.322s][info][gc,phases   ] GC(358)   Post Evacuate Collection Set: 0.8ms
[2026-03-26T14:01:44.744+0900][33.322s][info][gc,phases   ] GC(358)   Other: 0.2ms
[2026-03-26T14:01:44.744+0900][33.322s][info][gc,heap     ] GC(358) Eden regions: 50->0(130)
[2026-03-26T14:01:44.744+0900][33.322s][info][gc,heap     ] GC(358) Survivor regions: 0->0(17)
[2026-03-26T14:01:44.744+0900][33.322s][info][gc,heap     ] GC(358) Old regions: 1->1
[2026-03-26T14:01:44.744+0900][33.322s][info][gc,heap     ] GC(358) Humongous regions: 354->354
[2026-03-26T14:01:44.744+0900][33.322s][info][gc,metaspace] GC(358) Metaspace: 323K(512K)->323K(512K) NonClass: 306K(384K)->306K(384K) Class: 17K(128K)->17K(128K)
[2026-03-26T14:01:44.744+0900][33.322s][info][gc          ] GC(358) Pause Young (Concurrent Start) (G1 Humongous Allocation) 404M->354M(512M) 2.799ms
[2026-03-26T14:01:44.744+0900][33.322s][info][gc,cpu      ] GC(358) User=0.03s Sys=0.00s Real=0.00s
[2026-03-26T14:01:44.744+0900][33.322s][info][gc          ] GC(359) Concurrent Mark Cycle
[2026-03-26T14:01:44.744+0900][33.322s][info][gc,marking  ] GC(359) Concurrent Scan Root Regions
[2026-03-26T14:01:44.744+0900][33.322s][info][gc,marking  ] GC(359) Concurrent Scan Root Regions 0.041ms
[2026-03-26T14:01:44.744+0900][33.322s][info][gc,marking  ] GC(359) Concurrent Mark
[2026-03-26T14:01:44.744+0900][33.322s][info][gc,marking  ] GC(359) Concurrent Mark From Roots
[2026-03-26T14:01:44.744+0900][33.322s][info][gc,task     ] GC(359) Using 3 workers of 3 for marking
[2026-03-26T14:01:44.744+0900][33.324s][info][gc,marking  ] GC(359) Concurrent Mark From Roots 2.091ms
[2026-03-26T14:01:44.744+0900][33.324s][info][gc,marking  ] GC(359) Concurrent Preclean
[2026-03-26T14:01:44.744+0900][33.324s][info][gc,marking  ] GC(359) Concurrent Preclean 0.040ms
[2026-03-26T14:01:44.744+0900][33.325s][info][gc,start    ] GC(359) Pause Remark
[2026-03-26T14:01:44.750+0900][33.326s][info][gc          ] GC(359) Pause Remark 360M->360M(512M) 1.411ms
[2026-03-26T14:01:44.750+0900][33.326s][info][gc,cpu      ] GC(359) User=0.00s Sys=0.00s Real=0.01s
[2026-03-26T14:01:44.750+0900][33.326s][info][gc,marking  ] GC(359) Concurrent Mark 3.982ms
[2026-03-26T14:01:44.750+0900][33.326s][info][gc,marking  ] GC(359) Concurrent Rebuild Remembered Sets and Scrub Regions
[2026-03-26T14:01:44.751+0900][33.327s][info][gc,marking  ] GC(359) Concurrent Rebuild Remembered Sets and Scrub Regions 1.093ms
[2026-03-26T14:01:44.751+0900][33.328s][info][gc,start    ] GC(359) Pause Cleanup
[2026-03-26T14:01:44.751+0900][33.328s][info][gc          ] GC(359) Pause Cleanup 360M->360M(512M) 0.280ms
[2026-03-26T14:01:44.751+0900][33.328s][info][gc,cpu      ] GC(359) User=0.00s Sys=0.00s Real=0.00s
[2026-03-26T14:01:44.751+0900][33.328s][info][gc,marking  ] GC(359) Concurrent Clear Claimed Marks
[2026-03-26T14:01:44.751+0900][33.328s][info][gc,marking  ] GC(359) Concurrent Clear Claimed Marks 0.115ms
[2026-03-26T14:01:44.751+0900][33.328s][info][gc,marking  ] GC(359) Concurrent Cleanup for Next Mark
[2026-03-26T14:01:44.751+0900][33.329s][info][gc,marking  ] GC(359) Concurrent Cleanup for Next Mark 0.521ms
[2026-03-26T14:01:44.751+0900][33.329s][info][gc          ] GC(359) Concurrent Mark Cycle 6.969ms
[2026-03-26T14:01:44.910+0900][33.485s][info][gc,start    ] GC(360) Pause Young (Concurrent Start) (G1 Humongous Allocation)
[2026-03-26T14:01:44.910+0900][33.485s][info][gc,task     ] GC(360) Using 12 workers of 13 for evacuation
[2026-03-26T14:01:44.910+0900][33.487s][info][gc,phases   ] GC(360)   Pre Evacuate Collection Set: 0.4ms
[2026-03-26T14:01:44.910+0900][33.487s][info][gc,phases   ] GC(360)   Merge Heap Roots: 0.2ms
[2026-03-26T14:01:44.910+0900][33.487s][info][gc,phases   ] GC(360)   Evacuate Collection Set: 0.4ms
[2026-03-26T14:01:44.910+0900][33.487s][info][gc,phases   ] GC(360)   Post Evacuate Collection Set: 0.4ms
[2026-03-26T14:01:44.910+0900][33.487s][info][gc,phases   ] GC(360)   Other: 0.2ms
[2026-03-26T14:01:44.910+0900][33.487s][info][gc,heap     ] GC(360) Eden regions: 50->0(124)
[2026-03-26T14:01:44.910+0900][33.487s][info][gc,heap     ] GC(360) Survivor regions: 0->0(17)
[2026-03-26T14:01:44.910+0900][33.487s][info][gc,heap     ] GC(360) Old regions: 1->1
[2026-03-26T14:01:44.910+0900][33.487s][info][gc,heap     ] GC(360) Humongous regions: 360->360
[2026-03-26T14:01:44.910+0900][33.487s][info][gc,metaspace] GC(360) Metaspace: 323K(512K)->323K(512K) NonClass: 306K(384K)->306K(384K) Class: 17K(128K)->17K(128K)
[2026-03-26T14:01:44.910+0900][33.487s][info][gc          ] GC(360) Pause Young (Concurrent Start) (G1 Humongous Allocation) 410M->360M(512M) 2.119ms
[2026-03-26T14:01:44.910+0900][33.487s][info][gc,cpu      ] GC(360) User=0.00s Sys=0.00s Real=0.00s
[2026-03-26T14:01:44.910+0900][33.487s][info][gc          ] GC(361) Concurrent Mark Cycle
[2026-03-26T14:01:44.910+0900][33.488s][info][gc,marking  ] GC(361) Concurrent Scan Root Regions
[2026-03-26T14:01:44.910+0900][33.488s][info][gc,marking  ] GC(361) Concurrent Scan Root Regions 0.035ms
[2026-03-26T14:01:44.910+0900][33.488s][info][gc,marking  ] GC(361) Concurrent Mark
[2026-03-26T14:01:44.910+0900][33.488s][info][gc,marking  ] GC(361) Concurrent Mark From Roots
[2026-03-26T14:01:44.910+0900][33.488s][info][gc,task     ] GC(361) Using 3 workers of 3 for marking
[2026-03-26T14:01:44.914+0900][33.490s][info][gc,marking  ] GC(361) Concurrent Mark From Roots 2.174ms
[2026-03-26T14:01:44.914+0900][33.490s][info][gc,marking  ] GC(361) Concurrent Preclean
[2026-03-26T14:01:44.914+0900][33.490s][info][gc,marking  ] GC(361) Concurrent Preclean 0.043ms
[2026-03-26T14:01:44.914+0900][33.490s][info][gc,start    ] GC(361) Pause Remark
[2026-03-26T14:01:44.914+0900][33.492s][info][gc          ] GC(361) Pause Remark 366M->366M(512M) 1.632ms
[2026-03-26T14:01:44.914+0900][33.492s][info][gc,cpu      ] GC(361) User=0.00s Sys=0.00s Real=0.00s
[2026-03-26T14:01:44.914+0900][33.492s][info][gc,marking  ] GC(361) Concurrent Mark 4.399ms
[2026-03-26T14:01:44.914+0900][33.492s][info][gc,marking  ] GC(361) Concurrent Rebuild Remembered Sets and Scrub Regions
[2026-03-26T14:01:44.914+0900][33.493s][info][gc,marking  ] GC(361) Concurrent Rebuild Remembered Sets and Scrub Regions 1.130ms
[2026-03-26T14:01:44.914+0900][33.494s][info][gc,start    ] GC(361) Pause Cleanup
[2026-03-26T14:01:44.914+0900][33.494s][info][gc          ] GC(361) Pause Cleanup 366M->366M(512M) 0.426ms
[2026-03-26T14:01:44.914+0900][33.494s][info][gc,cpu      ] GC(361) User=0.00s Sys=0.00s Real=0.00s
[2026-03-26T14:01:44.914+0900][33.494s][info][gc,marking  ] GC(361) Concurrent Clear Claimed Marks
[2026-03-26T14:01:44.914+0900][33.494s][info][gc,marking  ] GC(361) Concurrent Clear Claimed Marks 0.112ms
[2026-03-26T14:01:44.914+0900][33.494s][info][gc,marking  ] GC(361) Concurrent Cleanup for Next Mark
[2026-03-26T14:01:44.914+0900][33.495s][info][gc,marking  ] GC(361) Concurrent Cleanup for Next Mark 0.692ms
[2026-03-26T14:01:44.914+0900][33.495s][info][gc          ] GC(361) Concurrent Mark Cycle 7.779ms
[2026-03-26T14:01:45.091+0900][33.668s][info][gc,start    ] GC(362) Pause Young (Concurrent Start) (G1 Humongous Allocation)
[2026-03-26T14:01:45.091+0900][33.668s][info][gc,task     ] GC(362) Using 12 workers of 13 for evacuation
[2026-03-26T14:01:45.091+0900][33.670s][info][gc,phases   ] GC(362)   Pre Evacuate Collection Set: 0.5ms
[2026-03-26T14:01:45.091+0900][33.670s][info][gc,phases   ] GC(362)   Merge Heap Roots: 0.2ms
[2026-03-26T14:01:45.091+0900][33.670s][info][gc,phases   ] GC(362)   Evacuate Collection Set: 0.7ms
[2026-03-26T14:01:45.091+0900][33.670s][info][gc,phases   ] GC(362)   Post Evacuate Collection Set: 0.6ms
[2026-03-26T14:01:45.091+0900][33.670s][info][gc,phases   ] GC(362)   Other: 0.3ms
[2026-03-26T14:01:45.091+0900][33.670s][info][gc,heap     ] GC(362) Eden regions: 50->0(208)
[2026-03-26T14:01:45.091+0900][33.670s][info][gc,heap     ] GC(362) Survivor regions: 0->0(16)
[2026-03-26T14:01:45.091+0900][33.670s][info][gc,heap     ] GC(362) Old regions: 1->1
[2026-03-26T14:01:45.091+0900][33.670s][info][gc,heap     ] GC(362) Humongous regions: 366->276
[2026-03-26T14:01:45.091+0900][33.670s][info][gc,metaspace] GC(362) Metaspace: 323K(512K)->323K(512K) NonClass: 306K(384K)->306K(384K) Class: 17K(128K)->17K(128K)
[2026-03-26T14:01:45.091+0900][33.670s][info][gc          ] GC(362) Pause Young (Concurrent Start) (G1 Humongous Allocation) 416M->276M(512M) 2.817ms
[2026-03-26T14:01:45.091+0900][33.670s][info][gc,cpu      ] GC(362) User=0.00s Sys=0.00s Real=0.00s
[2026-03-26T14:01:45.091+0900][33.671s][info][gc          ] GC(363) Concurrent Mark Cycle
[2026-03-26T14:01:45.091+0900][33.671s][info][gc,marking  ] GC(363) Concurrent Scan Root Regions
[2026-03-26T14:01:45.091+0900][33.671s][info][gc,marking  ] GC(363) Concurrent Scan Root Regions 0.036ms
[2026-03-26T14:01:45.091+0900][33.671s][info][gc,marking  ] GC(363) Concurrent Mark
[2026-03-26T14:01:45.091+0900][33.671s][info][gc,marking  ] GC(363) Concurrent Mark From Roots
[2026-03-26T14:01:45.091+0900][33.671s][info][gc,task     ] GC(363) Using 3 workers of 3 for marking
[2026-03-26T14:01:45.097+0900][33.673s][info][gc,marking  ] GC(363) Concurrent Mark From Roots 1.860ms
[2026-03-26T14:01:45.097+0900][33.673s][info][gc,marking  ] GC(363) Concurrent Preclean
[2026-03-26T14:01:45.097+0900][33.673s][info][gc,marking  ] GC(363) Concurrent Preclean 0.032ms
[2026-03-26T14:01:45.097+0900][33.673s][info][gc,start    ] GC(363) Pause Remark
[2026-03-26T14:01:45.099+0900][33.675s][info][gc          ] GC(363) Pause Remark 282M->282M(512M) 1.590ms
[2026-03-26T14:01:45.099+0900][33.675s][info][gc,cpu      ] GC(363) User=0.00s Sys=0.00s Real=0.00s
[2026-03-26T14:01:45.100+0900][33.675s][info][gc,marking  ] GC(363) Concurrent Mark 3.950ms
[2026-03-26T14:01:45.100+0900][33.675s][info][gc,marking  ] GC(363) Concurrent Rebuild Remembered Sets and Scrub Regions
[2026-03-26T14:01:45.101+0900][33.676s][info][gc,marking  ] GC(363) Concurrent Rebuild Remembered Sets and Scrub Regions 1.103ms
[2026-03-26T14:01:45.101+0900][33.676s][info][gc,start    ] GC(363) Pause Cleanup
[2026-03-26T14:01:45.101+0900][33.676s][info][gc          ] GC(363) Pause Cleanup 282M->282M(512M) 0.312ms
[2026-03-26T14:01:45.101+0900][33.677s][info][gc,cpu      ] GC(363) User=0.00s Sys=0.00s Real=0.00s
[2026-03-26T14:01:45.101+0900][33.677s][info][gc,marking  ] GC(363) Concurrent Clear Claimed Marks
[2026-03-26T14:01:45.101+0900][33.677s][info][gc,marking  ] GC(363) Concurrent Clear Claimed Marks 0.042ms
[2026-03-26T14:01:45.101+0900][33.677s][info][gc,marking  ] GC(363) Concurrent Cleanup for Next Mark
[2026-03-26T14:01:45.102+0900][33.678s][info][gc,marking  ] GC(363) Concurrent Cleanup for Next Mark 0.795ms
[2026-03-26T14:01:45.102+0900][33.678s][info][gc          ] GC(363) Concurrent Mark Cycle 6.976ms
[2026-03-26T14:01:45.270+0900][33.846s][info][gc,start    ] GC(364) Pause Young (Concurrent Start) (G1 Humongous Allocation)
[2026-03-26T14:01:45.270+0900][33.846s][info][gc,task     ] GC(364) Using 12 workers of 13 for evacuation
[2026-03-26T14:01:45.274+0900][33.850s][info][gc,phases   ] GC(364)   Pre Evacuate Collection Set: 0.6ms
[2026-03-26T14:01:45.274+0900][33.850s][info][gc,phases   ] GC(364)   Merge Heap Roots: 0.2ms
[2026-03-26T14:01:45.275+0900][33.851s][info][gc,phases   ] GC(364)   Evacuate Collection Set: 2.4ms
[2026-03-26T14:01:45.275+0900][33.851s][info][gc,phases   ] GC(364)   Post Evacuate Collection Set: 0.4ms
[2026-03-26T14:01:45.275+0900][33.851s][info][gc,phases   ] GC(364)   Other: 0.3ms
[2026-03-26T14:01:45.275+0900][33.851s][info][gc,heap     ] GC(364) Eden regions: 50->0(202)
[2026-03-26T14:01:45.275+0900][33.851s][info][gc,heap     ] GC(364) Survivor regions: 0->0(26)
[2026-03-26T14:01:45.275+0900][33.851s][info][gc,heap     ] GC(364) Old regions: 1->1
[2026-03-26T14:01:45.275+0900][33.851s][info][gc,heap     ] GC(364) Humongous regions: 282->282
[2026-03-26T14:01:45.275+0900][33.851s][info][gc,metaspace] GC(364) Metaspace: 323K(512K)->323K(512K) NonClass: 306K(384K)->306K(384K) Class: 17K(128K)->17K(128K)
[2026-03-26T14:01:45.275+0900][33.851s][info][gc          ] GC(364) Pause Young (Concurrent Start) (G1 Humongous Allocation) 332M->282M(512M) 4.697ms
[2026-03-26T14:01:45.276+0900][33.851s][info][gc,cpu      ] GC(364) User=0.00s Sys=0.00s Real=0.01s
[2026-03-26T14:01:45.276+0900][33.851s][info][gc          ] GC(365) Concurrent Mark Cycle
[2026-03-26T14:01:45.276+0900][33.851s][info][gc,marking  ] GC(365) Concurrent Scan Root Regions
[2026-03-26T14:01:45.276+0900][33.851s][info][gc,marking  ] GC(365) Concurrent Scan Root Regions 0.031ms
[2026-03-26T14:01:45.276+0900][33.851s][info][gc,marking  ] GC(365) Concurrent Mark
[2026-03-26T14:01:45.276+0900][33.851s][info][gc,marking  ] GC(365) Concurrent Mark From Roots
[2026-03-26T14:01:45.276+0900][33.851s][info][gc,task     ] GC(365) Using 3 workers of 3 for marking
[2026-03-26T14:01:45.278+0900][33.853s][info][gc,marking  ] GC(365) Concurrent Mark From Roots 1.861ms
[2026-03-26T14:01:45.278+0900][33.853s][info][gc,marking  ] GC(365) Concurrent Preclean
[2026-03-26T14:01:45.278+0900][33.853s][info][gc,marking  ] GC(365) Concurrent Preclean 0.034ms
[2026-03-26T14:01:45.278+0900][33.854s][info][gc,start    ] GC(365) Pause Remark
[2026-03-26T14:01:45.278+0900][33.855s][info][gc          ] GC(365) Pause Remark 288M->288M(512M) 1.635ms
[2026-03-26T14:01:45.278+0900][33.855s][info][gc,cpu      ] GC(365) User=0.00s Sys=0.00s Real=0.00s
[2026-03-26T14:01:45.278+0900][33.855s][info][gc,marking  ] GC(365) Concurrent Mark 4.047ms
[2026-03-26T14:01:45.278+0900][33.856s][info][gc,marking  ] GC(365) Concurrent Rebuild Remembered Sets and Scrub Regions
[2026-03-26T14:01:45.278+0900][33.856s][info][gc,marking  ] GC(365) Concurrent Rebuild Remembered Sets and Scrub Regions 0.968ms
[2026-03-26T14:01:45.278+0900][33.857s][info][gc,start    ] GC(365) Pause Cleanup
[2026-03-26T14:01:45.278+0900][33.857s][info][gc          ] GC(365) Pause Cleanup 288M->288M(512M) 0.273ms
[2026-03-26T14:01:45.278+0900][33.857s][info][gc,cpu      ] GC(365) User=0.00s Sys=0.00s Real=0.00s
[2026-03-26T14:01:45.278+0900][33.857s][info][gc,marking  ] GC(365) Concurrent Clear Claimed Marks
[2026-03-26T14:01:45.278+0900][33.857s][info][gc,marking  ] GC(365) Concurrent Clear Claimed Marks 0.103ms
[2026-03-26T14:01:45.278+0900][33.857s][info][gc,marking  ] GC(365) Concurrent Cleanup for Next Mark
[2026-03-26T14:01:45.278+0900][33.858s][info][gc,marking  ] GC(365) Concurrent Cleanup for Next Mark 0.612ms
[2026-03-26T14:01:45.278+0900][33.858s][info][gc          ] GC(365) Concurrent Mark Cycle 6.824ms
[2026-03-26T14:01:45.457+0900][34.032s][info][gc,start    ] GC(366) Pause Young (Concurrent Start) (G1 Humongous Allocation)
[2026-03-26T14:01:45.457+0900][34.032s][info][gc,task     ] GC(366) Using 12 workers of 13 for evacuation
[2026-03-26T14:01:45.457+0900][34.033s][info][gc,phases   ] GC(366)   Pre Evacuate Collection Set: 0.2ms
[2026-03-26T14:01:45.457+0900][34.033s][info][gc,phases   ] GC(366)   Merge Heap Roots: 0.1ms
[2026-03-26T14:01:45.457+0900][34.033s][info][gc,phases   ] GC(366)   Evacuate Collection Set: 0.4ms
[2026-03-26T14:01:45.457+0900][34.033s][info][gc,phases   ] GC(366)   Post Evacuate Collection Set: 0.3ms
[2026-03-26T14:01:45.457+0900][34.033s][info][gc,phases   ] GC(366)   Other: 0.1ms
[2026-03-26T14:01:45.457+0900][34.033s][info][gc,heap     ] GC(366) Eden regions: 50->0(194)
[2026-03-26T14:01:45.457+0900][34.034s][info][gc,heap     ] GC(366) Survivor regions: 0->1(26)
[2026-03-26T14:01:45.457+0900][34.034s][info][gc,heap     ] GC(366) Old regions: 1->1
[2026-03-26T14:01:45.457+0900][34.034s][info][gc,heap     ] GC(366) Humongous regions: 288->288
[2026-03-26T14:01:45.457+0900][34.034s][info][gc,metaspace] GC(366) Metaspace: 323K(512K)->323K(512K) NonClass: 306K(384K)->306K(384K) Class: 17K(128K)->17K(128K)
[2026-03-26T14:01:45.457+0900][34.034s][info][gc          ] GC(366) Pause Young (Concurrent Start) (G1 Humongous Allocation) 338M->288M(512M) 1.747ms
[2026-03-26T14:01:45.457+0900][34.034s][info][gc,cpu      ] GC(366) User=0.00s Sys=0.00s Real=0.00s
[2026-03-26T14:01:45.457+0900][34.034s][info][gc          ] GC(367) Concurrent Mark Cycle
[2026-03-26T14:01:45.457+0900][34.034s][info][gc,marking  ] GC(367) Concurrent Scan Root Regions
[2026-03-26T14:01:45.457+0900][34.034s][info][gc,marking  ] GC(367) Concurrent Scan Root Regions 0.071ms
[2026-03-26T14:01:45.457+0900][34.034s][info][gc,marking  ] GC(367) Concurrent Mark
[2026-03-26T14:01:45.457+0900][34.034s][info][gc,marking  ] GC(367) Concurrent Mark From Roots
[2026-03-26T14:01:45.457+0900][34.034s][info][gc,task     ] GC(367) Using 3 workers of 3 for marking
[2026-03-26T14:01:45.460+0900][34.036s][info][gc,marking  ] GC(367) Concurrent Mark From Roots 1.819ms
[2026-03-26T14:01:45.460+0900][34.036s][info][gc,marking  ] GC(367) Concurrent Preclean
[2026-03-26T14:01:45.460+0900][34.036s][info][gc,marking  ] GC(367) Concurrent Preclean 0.034ms
[2026-03-26T14:01:45.460+0900][34.036s][info][gc,start    ] GC(367) Pause Remark
[2026-03-26T14:01:45.460+0900][34.037s][info][gc          ] GC(367) Pause Remark 294M->294M(512M) 0.998ms
[2026-03-26T14:01:45.460+0900][34.037s][info][gc,cpu      ] GC(367) User=0.00s Sys=0.00s Real=0.00s
[2026-03-26T14:01:45.460+0900][34.037s][info][gc,marking  ] GC(367) Concurrent Mark 3.150ms
[2026-03-26T14:01:45.460+0900][34.037s][info][gc,marking  ] GC(367) Concurrent Rebuild Remembered Sets and Scrub Regions
[2026-03-26T14:01:45.462+0900][34.038s][info][gc,marking  ] GC(367) Concurrent Rebuild Remembered Sets and Scrub Regions 0.886ms
[2026-03-26T14:01:45.462+0900][34.038s][info][gc,start    ] GC(367) Pause Cleanup
[2026-03-26T14:01:45.463+0900][34.038s][info][gc          ] GC(367) Pause Cleanup 294M->294M(512M) 0.307ms
[2026-03-26T14:01:45.463+0900][34.039s][info][gc,cpu      ] GC(367) User=0.00s Sys=0.00s Real=0.00s
[2026-03-26T14:01:45.463+0900][34.039s][info][gc,marking  ] GC(367) Concurrent Clear Claimed Marks
[2026-03-26T14:01:45.463+0900][34.039s][info][gc,marking  ] GC(367) Concurrent Clear Claimed Marks 0.014ms
[2026-03-26T14:01:45.463+0900][34.039s][info][gc,marking  ] GC(367) Concurrent Cleanup for Next Mark
[2026-03-26T14:01:45.464+0900][34.039s][info][gc,marking  ] GC(367) Concurrent Cleanup for Next Mark 0.615ms
[2026-03-26T14:01:45.464+0900][34.039s][info][gc          ] GC(367) Concurrent Mark Cycle 5.494ms
[2026-03-26T14:01:45.625+0900][34.201s][info][gc,start    ] GC(368) Pause Young (Concurrent Start) (G1 Humongous Allocation)
[2026-03-26T14:01:45.625+0900][34.201s][info][gc,task     ] GC(368) Using 12 workers of 13 for evacuation
[2026-03-26T14:01:45.625+0900][34.203s][info][gc,phases   ] GC(368)   Pre Evacuate Collection Set: 0.5ms
[2026-03-26T14:01:45.625+0900][34.204s][info][gc,phases   ] GC(368)   Merge Heap Roots: 0.2ms
[2026-03-26T14:01:45.625+0900][34.204s][info][gc,phases   ] GC(368)   Evacuate Collection Set: 0.5ms
[2026-03-26T14:01:45.625+0900][34.204s][info][gc,phases   ] GC(368)   Post Evacuate Collection Set: 0.7ms
[2026-03-26T14:01:45.625+0900][34.204s][info][gc,phases   ] GC(368)   Other: 0.2ms
[2026-03-26T14:01:45.625+0900][34.204s][info][gc,heap     ] GC(368) Eden regions: 50->0(188)
[2026-03-26T14:01:45.625+0900][34.204s][info][gc,heap     ] GC(368) Survivor regions: 1->1(25)
[2026-03-26T14:01:45.625+0900][34.204s][info][gc,heap     ] GC(368) Old regions: 1->1
[2026-03-26T14:01:45.625+0900][34.204s][info][gc,heap     ] GC(368) Humongous regions: 294->294
[2026-03-26T14:01:45.625+0900][34.204s][info][gc,metaspace] GC(368) Metaspace: 323K(512K)->323K(512K) NonClass: 306K(384K)->306K(384K) Class: 17K(128K)->17K(128K)
[2026-03-26T14:01:45.625+0900][34.204s][info][gc          ] GC(368) Pause Young (Concurrent Start) (G1 Humongous Allocation) 344M->294M(512M) 2.621ms
[2026-03-26T14:01:45.625+0900][34.204s][info][gc,cpu      ] GC(368) User=0.00s Sys=0.00s Real=0.00s
[2026-03-26T14:01:45.625+0900][34.204s][info][gc          ] GC(369) Concurrent Mark Cycle
[2026-03-26T14:01:45.625+0900][34.204s][info][gc,marking  ] GC(369) Concurrent Scan Root Regions
[2026-03-26T14:01:45.625+0900][34.204s][info][gc,marking  ] GC(369) Concurrent Scan Root Regions 0.093ms
[2026-03-26T14:01:45.625+0900][34.204s][info][gc,marking  ] GC(369) Concurrent Mark
[2026-03-26T14:01:45.625+0900][34.204s][info][gc,marking  ] GC(369) Concurrent Mark From Roots
[2026-03-26T14:01:45.625+0900][34.204s][info][gc,task     ] GC(369) Using 3 workers of 3 for marking
[2026-03-26T14:01:45.625+0900][34.206s][info][gc,marking  ] GC(369) Concurrent Mark From Roots 1.870ms
[2026-03-26T14:01:45.625+0900][34.206s][info][gc,marking  ] GC(369) Concurrent Preclean
[2026-03-26T14:01:45.625+0900][34.206s][info][gc,marking  ] GC(369) Concurrent Preclean 0.042ms
[2026-03-26T14:01:45.625+0900][34.206s][info][gc,start    ] GC(369) Pause Remark
[2026-03-26T14:01:45.632+0900][34.208s][info][gc          ] GC(369) Pause Remark 301M->301M(512M) 1.268ms
[2026-03-26T14:01:45.632+0900][34.208s][info][gc,cpu      ] GC(369) User=0.00s Sys=0.00s Real=0.01s
[2026-03-26T14:01:45.632+0900][34.208s][info][gc,marking  ] GC(369) Concurrent Mark 3.631ms
[2026-03-26T14:01:45.632+0900][34.208s][info][gc,marking  ] GC(369) Concurrent Rebuild Remembered Sets and Scrub Regions
[2026-03-26T14:01:45.632+0900][34.209s][info][gc,marking  ] GC(369) Concurrent Rebuild Remembered Sets and Scrub Regions 0.835ms
[2026-03-26T14:01:45.632+0900][34.209s][info][gc,start    ] GC(369) Pause Cleanup
[2026-03-26T14:01:45.632+0900][34.209s][info][gc          ] GC(369) Pause Cleanup 301M->301M(512M) 0.211ms
[2026-03-26T14:01:45.632+0900][34.209s][info][gc,cpu      ] GC(369) User=0.00s Sys=0.00s Real=0.00s
[2026-03-26T14:01:45.632+0900][34.209s][info][gc,marking  ] GC(369) Concurrent Clear Claimed Marks
[2026-03-26T14:01:45.632+0900][34.209s][info][gc,marking  ] GC(369) Concurrent Clear Claimed Marks 0.105ms
[2026-03-26T14:01:45.632+0900][34.209s][info][gc,marking  ] GC(369) Concurrent Cleanup for Next Mark
[2026-03-26T14:01:45.632+0900][34.210s][info][gc,marking  ] GC(369) Concurrent Cleanup for Next Mark 0.604ms
[2026-03-26T14:01:45.632+0900][34.210s][info][gc          ] GC(369) Concurrent Mark Cycle 6.155ms
[2026-03-26T14:01:45.650+0900][34.226s][info][gc,heap,exit] Heap
[2026-03-26T14:01:45.651+0900][34.227s][info][gc,heap,exit]  garbage-first heap   total 524288K, used 309062K [0x00000000e0000000, 0x0000000100000000)
[2026-03-26T14:01:45.651+0900][34.227s][info][gc,heap,exit]   region size 1024K, 2 young (2048K), 1 survivors (1024K)
[2026-03-26T14:01:45.651+0900][34.227s][info][gc,heap,exit]  Metaspace       used 323K, committed 512K, reserved 1114112K
[2026-03-26T14:01:45.651+0900][34.227s][info][gc,heap,exit]   class space    used 17K, committed 128K, reserved 1048576K
