[2026-03-27T16:58:31.014+0900][0.005s][info][gc,init] CardTable entry size: 512
[2026-03-27T16:58:31.014+0900][0.005s][info][gc     ] Using G1
[2026-03-27T16:58:31.014+0900][0.006s][info][gc,init] Version: 24+36-3646 (release)
[2026-03-27T16:58:31.014+0900][0.006s][info][gc,init] CPUs: 8 total, 8 available
[2026-03-27T16:58:31.014+0900][0.006s][info][gc,init] Memory: 16384M
[2026-03-27T16:58:31.015+0900][0.006s][info][gc,init] Large Page Support: Disabled
[2026-03-27T16:58:31.015+0900][0.006s][info][gc,init] NUMA Support: Disabled
[2026-03-27T16:58:31.015+0900][0.006s][info][gc,init] Compressed Oops: Enabled (Zero based)
[2026-03-27T16:58:31.015+0900][0.006s][info][gc,init] Heap Region Size: 1M
[2026-03-27T16:58:31.015+0900][0.006s][info][gc,init] Heap Min Capacity: 256M
[2026-03-27T16:58:31.015+0900][0.006s][info][gc,init] Heap Initial Capacity: 256M
[2026-03-27T16:58:31.015+0900][0.006s][info][gc,init] Heap Max Capacity: 512M
[2026-03-27T16:58:31.015+0900][0.006s][info][gc,init] Pre-touch: Disabled
[2026-03-27T16:58:31.015+0900][0.006s][info][gc,init] Parallel Workers: 8
[2026-03-27T16:58:31.015+0900][0.006s][info][gc,init] Concurrent Workers: 2
[2026-03-27T16:58:31.015+0900][0.006s][info][gc,init] Concurrent Refinement Workers: 8
[2026-03-27T16:58:31.015+0900][0.006s][info][gc,init] Periodic GC: Disabled
[2026-03-27T16:58:31.017+0900][0.009s][info][gc,metaspace] CDS archive(s) mapped at: [0x00000ffc00000000-0x00000ffc00d18000-0x00000ffc00d18000), size 13729792, SharedBaseAddress: 0x00000ffc00000000, ArchiveRelocationMode: 1.
[2026-03-27T16:58:31.017+0900][0.009s][info][gc,metaspace] Compressed class space mapped at: 0x00000ffc01000000-0x00000ffc41000000, reserved size: 1073741824
[2026-03-27T16:58:31.017+0900][0.009s][info][gc,metaspace] UseCompressedClassPointers 1, UseCompactObjectHeaders 0
[2026-03-27T16:58:31.017+0900][0.009s][info][gc,metaspace] Narrow klass pointer bits 32, Max shift 3
[2026-03-27T16:58:31.017+0900][0.009s][info][gc,metaspace] Narrow klass base: 0x00000ffc00000000, Narrow klass shift: 0
[2026-03-27T16:58:31.017+0900][0.009s][info][gc,metaspace] Encoding Range: [0x00000ffc00000000 - 0x00000ffd00000000), (4294967296 bytes)
[2026-03-27T16:58:31.017+0900][0.009s][info][gc,metaspace] Klass Range:    [0x00000ffc00000000 - 0x00000ffc41000000), (1090519040 bytes)
[2026-03-27T16:58:31.017+0900][0.009s][info][gc,metaspace] Klass ID Range:  [8 - 1090519033) (1090519025)
[2026-03-27T16:58:44.434+0900][13.426s][info][gc,start    ] GC(0) Pause Young (Normal) (G1 Evacuation Pause)
[2026-03-27T16:58:44.435+0900][13.427s][info][gc,task     ] GC(0) Using 6 workers of 8 for evacuation
[2026-03-27T16:58:44.436+0900][13.428s][info][gc,phases   ] GC(0)   Pre Evacuate Collection Set: 0.14ms
[2026-03-27T16:58:44.436+0900][13.428s][info][gc,phases   ] GC(0)   Merge Heap Roots: 0.12ms
[2026-03-27T16:58:44.436+0900][13.428s][info][gc,phases   ] GC(0)   Evacuate Collection Set: 0.59ms
[2026-03-27T16:58:44.436+0900][13.428s][info][gc,phases   ] GC(0)   Post Evacuate Collection Set: 0.29ms
[2026-03-27T16:58:44.436+0900][13.428s][info][gc,phases   ] GC(0)   Other: 0.56ms
[2026-03-27T16:58:44.436+0900][13.428s][info][gc,heap     ] GC(0) Eden regions: 123->0(98)
[2026-03-27T16:58:44.436+0900][13.428s][info][gc,heap     ] GC(0) Survivor regions: 0->1(16)
[2026-03-27T16:58:44.436+0900][13.428s][info][gc,heap     ] GC(0) Old regions: 2->2
[2026-03-27T16:58:44.436+0900][13.428s][info][gc,heap     ] GC(0) Humongous regions: 50->50
[2026-03-27T16:58:44.436+0900][13.428s][info][gc,metaspace] GC(0) Metaspace: 120K(320K)->120K(320K) NonClass: 113K(192K)->113K(192K) Class: 7K(128K)->7K(128K)
[2026-03-27T16:58:44.436+0900][13.428s][info][gc          ] GC(0) Pause Young (Normal) (G1 Evacuation Pause) 174M->51M(258M) 2.138ms
[2026-03-27T16:58:44.436+0900][13.428s][info][gc,cpu      ] GC(0) User=0.00s Sys=0.00s Real=0.00s
[2026-03-27T16:58:46.053+0900][15.045s][info][gc,heap,exit] Heap
[2026-03-27T16:58:46.053+0900][15.045s][info][gc,heap,exit]  garbage-first heap   total reserved 524288K, committed 264192K, used 74051K [0x0000000335000000, 0x0000000355000000)
[2026-03-27T16:58:46.053+0900][15.045s][info][gc,heap,exit]   region size 1024K, 16 young (16384K), 1 survivors (1024K)
[2026-03-27T16:58:46.053+0900][15.045s][info][gc,heap,exit]  Metaspace       used 124K, committed 320K, reserved 1114112K
[2026-03-27T16:58:46.053+0900][15.045s][info][gc,heap,exit]   class space    used 7K, committed 128K, reserved 1048576K
