[2026-03-27T17:00:30.606+0900][0.010s][info][gc,init] CardTable entry size: 512
[2026-03-27T17:00:30.607+0900][0.010s][info][gc     ] Using G1
[2026-03-27T17:00:30.607+0900][0.010s][info][gc,init] Version: 24+36-3646 (release)
[2026-03-27T17:00:30.607+0900][0.010s][info][gc,init] CPUs: 8 total, 8 available
[2026-03-27T17:00:30.607+0900][0.010s][info][gc,init] Memory: 16384M
[2026-03-27T17:00:30.607+0900][0.010s][info][gc,init] Large Page Support: Disabled
[2026-03-27T17:00:30.607+0900][0.010s][info][gc,init] NUMA Support: Disabled
[2026-03-27T17:00:30.607+0900][0.010s][info][gc,init] Compressed Oops: Enabled (Zero based)
[2026-03-27T17:00:30.607+0900][0.010s][info][gc,init] Heap Region Size: 4M
[2026-03-27T17:00:30.607+0900][0.010s][info][gc,init] Heap Min Capacity: 256M
[2026-03-27T17:00:30.607+0900][0.010s][info][gc,init] Heap Initial Capacity: 256M
[2026-03-27T17:00:30.607+0900][0.010s][info][gc,init] Heap Max Capacity: 512M
[2026-03-27T17:00:30.607+0900][0.010s][info][gc,init] Pre-touch: Disabled
[2026-03-27T17:00:30.607+0900][0.010s][info][gc,init] Parallel Workers: 8
[2026-03-27T17:00:30.607+0900][0.010s][info][gc,init] Concurrent Workers: 2
[2026-03-27T17:00:30.607+0900][0.010s][info][gc,init] Concurrent Refinement Workers: 8
[2026-03-27T17:00:30.607+0900][0.010s][info][gc,init] Periodic GC: Disabled
[2026-03-27T17:00:30.620+0900][0.023s][info][gc,metaspace] CDS archive(s) mapped at: [0x00007ff800000000-0x00007ff800d18000-0x00007ff800d18000), size 13729792, SharedBaseAddress: 0x00007ff800000000, ArchiveRelocationMode: 1.
[2026-03-27T17:00:30.620+0900][0.023s][info][gc,metaspace] Compressed class space mapped at: 0x00007ff801000000-0x00007ff841000000, reserved size: 1073741824
[2026-03-27T17:00:30.620+0900][0.023s][info][gc,metaspace] UseCompressedClassPointers 1, UseCompactObjectHeaders 0
[2026-03-27T17:00:30.620+0900][0.023s][info][gc,metaspace] Narrow klass pointer bits 32, Max shift 3
[2026-03-27T17:00:30.620+0900][0.023s][info][gc,metaspace] Narrow klass base: 0x00007ff800000000, Narrow klass shift: 0
[2026-03-27T17:00:30.620+0900][0.023s][info][gc,metaspace] Encoding Range: [0x00007ff800000000 - 0x00007ff900000000), (4294967296 bytes)
[2026-03-27T17:00:30.620+0900][0.023s][info][gc,metaspace] Klass Range:    [0x00007ff800000000 - 0x00007ff841000000), (1090519040 bytes)
[2026-03-27T17:00:30.620+0900][0.023s][info][gc,metaspace] Klass ID Range:  [8 - 1090519033) (1090519025)
[2026-03-27T17:00:34.893+0900][4.297s][info][gc,start    ] GC(0) Pause Young (Normal) (G1 Evacuation Pause)
[2026-03-27T17:00:34.894+0900][4.297s][info][gc,task     ] GC(0) Using 6 workers of 8 for evacuation
[2026-03-27T17:00:34.895+0900][4.299s][info][gc,phases   ] GC(0)   Pre Evacuate Collection Set: 0.04ms
[2026-03-27T17:00:34.895+0900][4.299s][info][gc,phases   ] GC(0)   Merge Heap Roots: 0.03ms
[2026-03-27T17:00:34.895+0900][4.299s][info][gc,phases   ] GC(0)   Evacuate Collection Set: 1.13ms
[2026-03-27T17:00:34.895+0900][4.299s][info][gc,phases   ] GC(0)   Post Evacuate Collection Set: 0.10ms
[2026-03-27T17:00:34.895+0900][4.299s][info][gc,phases   ] GC(0)   Other: 0.18ms
[2026-03-27T17:00:34.895+0900][4.299s][info][gc,heap     ] GC(0) Eden regions: 12->0(26)
[2026-03-27T17:00:34.895+0900][4.299s][info][gc,heap     ] GC(0) Survivor regions: 0->2(2)
[2026-03-27T17:00:34.895+0900][4.299s][info][gc,heap     ] GC(0) Old regions: 1->2
[2026-03-27T17:00:34.895+0900][4.299s][info][gc,heap     ] GC(0) Humongous regions: 0->0
[2026-03-27T17:00:34.895+0900][4.299s][info][gc,metaspace] GC(0) Metaspace: 120K(320K)->120K(320K) NonClass: 113K(192K)->113K(192K) Class: 7K(128K)->7K(128K)
[2026-03-27T17:00:34.895+0900][4.299s][info][gc          ] GC(0) Pause Young (Normal) (G1 Evacuation Pause) 49M->11M(260M) 2.115ms
[2026-03-27T17:00:34.895+0900][4.299s][info][gc,cpu      ] GC(0) User=0.00s Sys=0.00s Real=0.00s
[2026-03-27T17:00:44.342+0900][13.746s][info][gc,start    ] GC(1) Pause Young (Normal) (G1 Evacuation Pause)
[2026-03-27T17:00:44.343+0900][13.747s][info][gc,task     ] GC(1) Using 6 workers of 8 for evacuation
[2026-03-27T17:00:44.348+0900][13.751s][info][gc,phases   ] GC(1)   Pre Evacuate Collection Set: 0.20ms
[2026-03-27T17:00:44.348+0900][13.751s][info][gc,phases   ] GC(1)   Merge Heap Roots: 0.07ms
[2026-03-27T17:00:44.348+0900][13.751s][info][gc,phases   ] GC(1)   Evacuate Collection Set: 4.15ms
[2026-03-27T17:00:44.348+0900][13.752s][info][gc,phases   ] GC(1)   Post Evacuate Collection Set: 0.20ms
[2026-03-27T17:00:44.348+0900][13.752s][info][gc,phases   ] GC(1)   Other: 0.22ms
[2026-03-27T17:00:44.348+0900][13.752s][info][gc,heap     ] GC(1) Eden regions: 26->0(25)
[2026-03-27T17:00:44.348+0900][13.752s][info][gc,heap     ] GC(1) Survivor regions: 2->4(4)
[2026-03-27T17:00:44.348+0900][13.752s][info][gc,heap     ] GC(1) Old regions: 2->6
[2026-03-27T17:00:44.348+0900][13.752s][info][gc,heap     ] GC(1) Humongous regions: 0->0
[2026-03-27T17:00:44.348+0900][13.752s][info][gc,metaspace] GC(1) Metaspace: 120K(320K)->120K(320K) NonClass: 113K(192K)->113K(192K) Class: 7K(128K)->7K(128K)
[2026-03-27T17:00:44.348+0900][13.752s][info][gc          ] GC(1) Pause Young (Normal) (G1 Evacuation Pause) 115M->35M(260M) 5.442ms
[2026-03-27T17:00:44.348+0900][13.752s][info][gc,cpu      ] GC(1) User=0.01s Sys=0.01s Real=0.00s
[2026-03-27T17:00:45.689+0900][15.093s][info][gc,heap,exit] Heap
[2026-03-27T17:00:45.689+0900][15.093s][info][gc,heap,exit]  garbage-first heap   total reserved 524288K, committed 266240K, used 52318K [0x0000000335000000, 0x0000000355000000)
[2026-03-27T17:00:45.689+0900][15.093s][info][gc,heap,exit]   region size 4096K, 8 young (32768K), 4 survivors (16384K)
[2026-03-27T17:00:45.689+0900][15.093s][info][gc,heap,exit]  Metaspace       used 124K, committed 320K, reserved 1114112K
[2026-03-27T17:00:45.689+0900][15.093s][info][gc,heap,exit]   class space    used 7K, committed 128K, reserved 1048576K
