[2026-03-25T20:41:18.311+0900][0.006s][info][gc,init] CardTable entry size: 512
[2026-03-25T20:41:18.311+0900][0.007s][info][gc     ] Using G1
[2026-03-25T20:41:18.311+0900][0.007s][info][gc,init] Version: 25.0.2+10-69 (release)
[2026-03-25T20:41:18.312+0900][0.007s][info][gc,init] CPUs: 10 total, 10 available
[2026-03-25T20:41:18.312+0900][0.007s][info][gc,init] Memory: 16384M
[2026-03-25T20:41:18.312+0900][0.007s][info][gc,init] Large Page Support: Disabled
[2026-03-25T20:41:18.312+0900][0.007s][info][gc,init] NUMA Support: Disabled
[2026-03-25T20:41:18.312+0900][0.007s][info][gc,init] Compressed Oops: Enabled (Zero based)
[2026-03-25T20:41:18.312+0900][0.007s][info][gc,init] Heap Region Size: 8M
[2026-03-25T20:41:18.312+0900][0.007s][info][gc,init] Heap Min Capacity: 256M
[2026-03-25T20:41:18.312+0900][0.007s][info][gc,init] Heap Initial Capacity: 256M
[2026-03-25T20:41:18.312+0900][0.007s][info][gc,init] Heap Max Capacity: 512M
[2026-03-25T20:41:18.312+0900][0.007s][info][gc,init] Pre-touch: Disabled
[2026-03-25T20:41:18.312+0900][0.007s][info][gc,init] Parallel Workers: 9
[2026-03-25T20:41:18.312+0900][0.007s][info][gc,init] Concurrent Workers: 2
[2026-03-25T20:41:18.312+0900][0.007s][info][gc,init] Concurrent Refinement Workers: 9
[2026-03-25T20:41:18.312+0900][0.007s][info][gc,init] Periodic GC: Disabled
[2026-03-25T20:41:18.314+0900][0.009s][info][gc,metaspace] CDS archive(s) mapped at: [0x000003fe00000000-0x000003fe00d94000-0x000003fe00d94000), size 14237696, SharedBaseAddress: 0x000003fe00000000, ArchiveRelocationMode: 1.
[2026-03-25T20:41:18.314+0900][0.009s][info][gc,metaspace] Compressed class space mapped at: 0x000003fe01000000-0x000003fe41000000, reserved size: 1073741824
[2026-03-25T20:41:18.314+0900][0.009s][info][gc,metaspace] UseCompressedClassPointers 1, UseCompactObjectHeaders 0
[2026-03-25T20:41:18.314+0900][0.009s][info][gc,metaspace] Narrow klass pointer bits 32, Max shift 3
[2026-03-25T20:41:18.314+0900][0.009s][info][gc,metaspace] Narrow klass base: 0x000003fe00000000, Narrow klass shift: 0
[2026-03-25T20:41:18.314+0900][0.009s][info][gc,metaspace] Encoding Range: [0x000003fe00000000 - 0x000003ff00000000), (4294967296 bytes)
[2026-03-25T20:41:18.314+0900][0.009s][info][gc,metaspace] Klass Range:    [0x000003fe00004000 - 0x000003fe41000000), (1090502656 bytes)
[2026-03-25T20:41:18.314+0900][0.009s][info][gc,metaspace] Klass ID Range:  [16384 - 1090519033) (1090502649)
[2026-03-25T20:41:18.314+0900][0.009s][info][gc,metaspace] Protection zone: [0x000003fe00000000 - 0x000003fe00004000), (16384 bytes)
[2026-03-25T20:41:18.340+0900][0.036s][info][gc,start    ] GC(0) Pause Young (Normal) (G1 Evacuation Pause)
[2026-03-25T20:41:18.340+0900][0.036s][info][gc,task     ] GC(0) Using 6 workers of 9 for evacuation
[2026-03-25T20:41:18.341+0900][0.036s][info][gc,phases   ] GC(0)   Pre Evacuate Collection Set: 0.04ms
[2026-03-25T20:41:18.341+0900][0.036s][info][gc,phases   ] GC(0)   Merge Heap Roots: 0.02ms
[2026-03-25T20:41:18.341+0900][0.036s][info][gc,phases   ] GC(0)   Evacuate Collection Set: 0.28ms
[2026-03-25T20:41:18.341+0900][0.036s][info][gc,phases   ] GC(0)   Post Evacuate Collection Set: 0.09ms
[2026-03-25T20:41:18.341+0900][0.036s][info][gc,phases   ] GC(0)   Other: 0.12ms
[2026-03-25T20:41:18.341+0900][0.036s][info][gc,heap     ] GC(0) Eden regions: 2->0(14)
[2026-03-25T20:41:18.341+0900][0.036s][info][gc,heap     ] GC(0) Survivor regions: 0->1(1)
[2026-03-25T20:41:18.341+0900][0.036s][info][gc,heap     ] GC(0) Old regions: 1->1
[2026-03-25T20:41:18.341+0900][0.036s][info][gc,heap     ] GC(0) Humongous regions: 0->0
[2026-03-25T20:41:18.341+0900][0.036s][info][gc,metaspace] GC(0) Metaspace: 507K(704K)->507K(704K) NonClass: 483K(576K)->483K(576K) Class: 24K(128K)->24K(128K)
[2026-03-25T20:41:18.341+0900][0.036s][info][gc          ] GC(0) Pause Young (Normal) (G1 Evacuation Pause) 16M->2M(264M) 0.662ms
[2026-03-25T20:41:18.341+0900][0.036s][info][gc,cpu      ] GC(0) User=0.00s Sys=0.00s Real=0.00s
[2026-03-25T20:41:18.402+0900][0.098s][info][gc,start    ] GC(1) Pause Young (Normal) (G1 Evacuation Pause)
[2026-03-25T20:41:18.402+0900][0.098s][info][gc,task     ] GC(1) Using 6 workers of 9 for evacuation
[2026-03-25T20:41:18.403+0900][0.099s][info][gc,phases   ] GC(1)   Pre Evacuate Collection Set: 0.05ms
[2026-03-25T20:41:18.403+0900][0.099s][info][gc,phases   ] GC(1)   Merge Heap Roots: 0.03ms
[2026-03-25T20:41:18.403+0900][0.099s][info][gc,phases   ] GC(1)   Evacuate Collection Set: 0.57ms
[2026-03-25T20:41:18.403+0900][0.099s][info][gc,phases   ] GC(1)   Post Evacuate Collection Set: 0.07ms
[2026-03-25T20:41:18.403+0900][0.099s][info][gc,phases   ] GC(1)   Other: 0.03ms
[2026-03-25T20:41:18.403+0900][0.099s][info][gc,heap     ] GC(1) Eden regions: 14->0(18)
[2026-03-25T20:41:18.403+0900][0.099s][info][gc,heap     ] GC(1) Survivor regions: 1->1(2)
[2026-03-25T20:41:18.403+0900][0.099s][info][gc,heap     ] GC(1) Old regions: 1->1
[2026-03-25T20:41:18.403+0900][0.099s][info][gc,heap     ] GC(1) Humongous regions: 0->0
[2026-03-25T20:41:18.403+0900][0.099s][info][gc,metaspace] GC(1) Metaspace: 839K(960K)->839K(960K) NonClass: 779K(832K)->779K(832K) Class: 59K(128K)->59K(128K)
[2026-03-25T20:41:18.403+0900][0.099s][info][gc          ] GC(1) Pause Young (Normal) (G1 Evacuation Pause) 113M->5M(264M) 0.872ms
[2026-03-25T20:41:18.403+0900][0.099s][info][gc,cpu      ] GC(1) User=0.00s Sys=0.00s Real=0.00s
[2026-03-25T20:41:18.468+0900][0.164s][info][gc,start    ] GC(2) Pause Young (Normal) (G1 Evacuation Pause)
[2026-03-25T20:41:18.468+0900][0.164s][info][gc,task     ] GC(2) Using 6 workers of 9 for evacuation
[2026-03-25T20:41:18.470+0900][0.165s][info][gc,phases   ] GC(2)   Pre Evacuate Collection Set: 0.04ms
[2026-03-25T20:41:18.470+0900][0.165s][info][gc,phases   ] GC(2)   Merge Heap Roots: 0.02ms
[2026-03-25T20:41:18.470+0900][0.165s][info][gc,phases   ] GC(2)   Evacuate Collection Set: 1.05ms
[2026-03-25T20:41:18.470+0900][0.165s][info][gc,phases   ] GC(2)   Post Evacuate Collection Set: 0.15ms
[2026-03-25T20:41:18.470+0900][0.165s][info][gc,phases   ] GC(2)   Other: 0.04ms
[2026-03-25T20:41:18.470+0900][0.165s][info][gc,heap     ] GC(2) Eden regions: 18->0(17)
[2026-03-25T20:41:18.470+0900][0.165s][info][gc,heap     ] GC(2) Survivor regions: 1->2(3)
[2026-03-25T20:41:18.470+0900][0.165s][info][gc,heap     ] GC(2) Old regions: 1->1
[2026-03-25T20:41:18.470+0900][0.165s][info][gc,heap     ] GC(2) Humongous regions: 0->0
[2026-03-25T20:41:18.470+0900][0.165s][info][gc,metaspace] GC(2) Metaspace: 891K(1024K)->891K(1024K) NonClass: 830K(896K)->830K(896K) Class: 61K(128K)->61K(128K)
[2026-03-25T20:41:18.470+0900][0.165s][info][gc          ] GC(2) Pause Young (Normal) (G1 Evacuation Pause) 149M->9M(264M) 1.392ms
[2026-03-25T20:41:18.470+0900][0.165s][info][gc,cpu      ] GC(2) User=0.00s Sys=0.00s Real=0.01s
[2026-03-25T20:41:18.528+0900][0.223s][info][gc,start    ] GC(3) Pause Young (Normal) (G1 Evacuation Pause)
[2026-03-25T20:41:18.528+0900][0.223s][info][gc,task     ] GC(3) Using 6 workers of 9 for evacuation
[2026-03-25T20:41:18.529+0900][0.224s][info][gc,phases   ] GC(3)   Pre Evacuate Collection Set: 0.04ms
[2026-03-25T20:41:18.529+0900][0.224s][info][gc,phases   ] GC(3)   Merge Heap Roots: 0.02ms
[2026-03-25T20:41:18.529+0900][0.224s][info][gc,phases   ] GC(3)   Evacuate Collection Set: 0.79ms
[2026-03-25T20:41:18.529+0900][0.224s][info][gc,phases   ] GC(3)   Post Evacuate Collection Set: 0.11ms
[2026-03-25T20:41:18.529+0900][0.224s][info][gc,phases   ] GC(3)   Other: 0.03ms
[2026-03-25T20:41:18.529+0900][0.224s][info][gc,heap     ] GC(3) Eden regions: 17->0(17)
[2026-03-25T20:41:18.529+0900][0.224s][info][gc,heap     ] GC(3) Survivor regions: 2->2(3)
[2026-03-25T20:41:18.529+0900][0.224s][info][gc,heap     ] GC(3) Old regions: 1->1
[2026-03-25T20:41:18.529+0900][0.224s][info][gc,heap     ] GC(3) Humongous regions: 0->0
[2026-03-25T20:41:18.529+0900][0.224s][info][gc,metaspace] GC(3) Metaspace: 3567K(3712K)->3567K(3712K) NonClass: 3213K(3264K)->3213K(3264K) Class: 353K(448K)->353K(448K)
[2026-03-25T20:41:18.529+0900][0.224s][info][gc          ] GC(3) Pause Young (Normal) (G1 Evacuation Pause) 145M->10M(264M) 1.080ms
[2026-03-25T20:41:18.529+0900][0.224s][info][gc,cpu      ] GC(3) User=0.00s Sys=0.00s Real=0.00s
[2026-03-25T20:41:18.586+0900][0.281s][info][gc,start    ] GC(4) Pause Young (Normal) (G1 Evacuation Pause)
[2026-03-25T20:41:18.586+0900][0.281s][info][gc,task     ] GC(4) Using 6 workers of 9 for evacuation
[2026-03-25T20:41:18.587+0900][0.282s][info][gc,phases   ] GC(4)   Pre Evacuate Collection Set: 0.04ms
[2026-03-25T20:41:18.587+0900][0.282s][info][gc,phases   ] GC(4)   Merge Heap Roots: 0.03ms
[2026-03-25T20:41:18.587+0900][0.282s][info][gc,phases   ] GC(4)   Evacuate Collection Set: 0.95ms
[2026-03-25T20:41:18.587+0900][0.282s][info][gc,phases   ] GC(4)   Post Evacuate Collection Set: 0.13ms
[2026-03-25T20:41:18.587+0900][0.282s][info][gc,phases   ] GC(4)   Other: 0.03ms
[2026-03-25T20:41:18.587+0900][0.282s][info][gc,heap     ] GC(4) Eden regions: 17->0(17)
[2026-03-25T20:41:18.587+0900][0.282s][info][gc,heap     ] GC(4) Survivor regions: 2->2(3)
[2026-03-25T20:41:18.587+0900][0.282s][info][gc,heap     ] GC(4) Old regions: 1->1
[2026-03-25T20:41:18.587+0900][0.282s][info][gc,heap     ] GC(4) Humongous regions: 0->0
[2026-03-25T20:41:18.587+0900][0.282s][info][gc,metaspace] GC(4) Metaspace: 5797K(6016K)->5797K(6016K) NonClass: 5174K(5312K)->5174K(5312K) Class: 622K(704K)->622K(704K)
[2026-03-25T20:41:18.587+0900][0.282s][info][gc          ] GC(4) Pause Young (Normal) (G1 Evacuation Pause) 145M->10M(264M) 1.268ms
[2026-03-25T20:41:18.587+0900][0.282s][info][gc,cpu      ] GC(4) User=0.01s Sys=0.00s Real=0.00s
[2026-03-25T20:41:18.699+0900][0.394s][info][gc,start    ] GC(5) Pause Young (Normal) (G1 Evacuation Pause)
[2026-03-25T20:41:18.699+0900][0.394s][info][gc,task     ] GC(5) Using 6 workers of 9 for evacuation
[2026-03-25T20:41:18.699+0900][0.395s][info][gc,phases   ] GC(5)   Pre Evacuate Collection Set: 0.03ms
[2026-03-25T20:41:18.699+0900][0.395s][info][gc,phases   ] GC(5)   Merge Heap Roots: 0.02ms
[2026-03-25T20:41:18.699+0900][0.395s][info][gc,phases   ] GC(5)   Evacuate Collection Set: 0.68ms
[2026-03-25T20:41:18.700+0900][0.395s][info][gc,phases   ] GC(5)   Post Evacuate Collection Set: 0.10ms
[2026-03-25T20:41:18.700+0900][0.395s][info][gc,phases   ] GC(5)   Other: 0.04ms
[2026-03-25T20:41:18.700+0900][0.395s][info][gc,heap     ] GC(5) Eden regions: 17->0(17)
[2026-03-25T20:41:18.700+0900][0.395s][info][gc,heap     ] GC(5) Survivor regions: 2->2(3)
[2026-03-25T20:41:18.700+0900][0.395s][info][gc,heap     ] GC(5) Old regions: 1->1
[2026-03-25T20:41:18.700+0900][0.395s][info][gc,heap     ] GC(5) Humongous regions: 0->0
[2026-03-25T20:41:18.700+0900][0.395s][info][gc,metaspace] GC(5) Metaspace: 5866K(6080K)->5866K(6080K) NonClass: 5234K(5376K)->5234K(5376K) Class: 632K(704K)->632K(704K)
[2026-03-25T20:41:18.700+0900][0.395s][info][gc          ] GC(5) Pause Young (Normal) (G1 Evacuation Pause) 146M->10M(264M) 0.996ms
[2026-03-25T20:41:18.700+0900][0.395s][info][gc,cpu      ] GC(5) User=0.00s Sys=0.00s Real=0.01s
[2026-03-25T20:41:18.756+0900][0.452s][info][gc,start    ] GC(6) Pause Young (Normal) (G1 Evacuation Pause)
[2026-03-25T20:41:18.756+0900][0.452s][info][gc,task     ] GC(6) Using 6 workers of 9 for evacuation
[2026-03-25T20:41:18.757+0900][0.453s][info][gc,phases   ] GC(6)   Pre Evacuate Collection Set: 0.04ms
[2026-03-25T20:41:18.757+0900][0.453s][info][gc,phases   ] GC(6)   Merge Heap Roots: 0.03ms
[2026-03-25T20:41:18.757+0900][0.453s][info][gc,phases   ] GC(6)   Evacuate Collection Set: 0.72ms
[2026-03-25T20:41:18.757+0900][0.453s][info][gc,phases   ] GC(6)   Post Evacuate Collection Set: 0.13ms
[2026-03-25T20:41:18.757+0900][0.453s][info][gc,phases   ] GC(6)   Other: 0.03ms
[2026-03-25T20:41:18.757+0900][0.453s][info][gc,heap     ] GC(6) Eden regions: 17->0(17)
[2026-03-25T20:41:18.757+0900][0.453s][info][gc,heap     ] GC(6) Survivor regions: 2->2(3)
[2026-03-25T20:41:18.757+0900][0.453s][info][gc,heap     ] GC(6) Old regions: 1->1
[2026-03-25T20:41:18.757+0900][0.453s][info][gc,heap     ] GC(6) Humongous regions: 0->0
[2026-03-25T20:41:18.757+0900][0.453s][info][gc,metaspace] GC(6) Metaspace: 5866K(6080K)->5866K(6080K) NonClass: 5234K(5376K)->5234K(5376K) Class: 632K(704K)->632K(704K)
[2026-03-25T20:41:18.757+0900][0.453s][info][gc          ] GC(6) Pause Young (Normal) (G1 Evacuation Pause) 146M->10M(264M) 1.068ms
[2026-03-25T20:41:18.757+0900][0.453s][info][gc,cpu      ] GC(6) User=0.01s Sys=0.00s Real=0.00s
[2026-03-25T20:41:18.815+0900][0.510s][info][gc,start    ] GC(7) Pause Young (Normal) (G1 Evacuation Pause)
[2026-03-25T20:41:18.815+0900][0.510s][info][gc,task     ] GC(7) Using 6 workers of 9 for evacuation
[2026-03-25T20:41:18.816+0900][0.512s][info][gc,phases   ] GC(7)   Pre Evacuate Collection Set: 0.08ms
[2026-03-25T20:41:18.816+0900][0.512s][info][gc,phases   ] GC(7)   Merge Heap Roots: 0.02ms
[2026-03-25T20:41:18.816+0900][0.512s][info][gc,phases   ] GC(7)   Evacuate Collection Set: 1.09ms
[2026-03-25T20:41:18.816+0900][0.512s][info][gc,phases   ] GC(7)   Post Evacuate Collection Set: 0.18ms
[2026-03-25T20:41:18.816+0900][0.512s][info][gc,phases   ] GC(7)   Other: 0.05ms
[2026-03-25T20:41:18.816+0900][0.512s][info][gc,heap     ] GC(7) Eden regions: 17->0(17)
[2026-03-25T20:41:18.817+0900][0.512s][info][gc,heap     ] GC(7) Survivor regions: 2->2(3)
[2026-03-25T20:41:18.817+0900][0.512s][info][gc,heap     ] GC(7) Old regions: 1->1
[2026-03-25T20:41:18.817+0900][0.512s][info][gc,heap     ] GC(7) Humongous regions: 0->0
[2026-03-25T20:41:18.817+0900][0.512s][info][gc,metaspace] GC(7) Metaspace: 5866K(6080K)->5866K(6080K) NonClass: 5234K(5376K)->5234K(5376K) Class: 632K(704K)->632K(704K)
[2026-03-25T20:41:18.817+0900][0.512s][info][gc          ] GC(7) Pause Young (Normal) (G1 Evacuation Pause) 146M->10M(264M) 1.621ms
[2026-03-25T20:41:18.817+0900][0.512s][info][gc,cpu      ] GC(7) User=0.01s Sys=0.00s Real=0.00s
[2026-03-25T20:41:18.926+0900][0.621s][info][gc,start    ] GC(8) Pause Young (Normal) (G1 Evacuation Pause)
[2026-03-25T20:41:18.926+0900][0.621s][info][gc,task     ] GC(8) Using 6 workers of 9 for evacuation
[2026-03-25T20:41:18.927+0900][0.623s][info][gc,phases   ] GC(8)   Pre Evacuate Collection Set: 0.04ms
[2026-03-25T20:41:18.927+0900][0.623s][info][gc,phases   ] GC(8)   Merge Heap Roots: 0.03ms
[2026-03-25T20:41:18.927+0900][0.623s][info][gc,phases   ] GC(8)   Evacuate Collection Set: 1.47ms
[2026-03-25T20:41:18.927+0900][0.623s][info][gc,phases   ] GC(8)   Post Evacuate Collection Set: 0.21ms
[2026-03-25T20:41:18.927+0900][0.623s][info][gc,phases   ] GC(8)   Other: 0.04ms
[2026-03-25T20:41:18.927+0900][0.623s][info][gc,heap     ] GC(8) Eden regions: 17->0(17)
[2026-03-25T20:41:18.927+0900][0.623s][info][gc,heap     ] GC(8) Survivor regions: 2->2(3)
[2026-03-25T20:41:18.927+0900][0.623s][info][gc,heap     ] GC(8) Old regions: 1->1
[2026-03-25T20:41:18.927+0900][0.623s][info][gc,heap     ] GC(8) Humongous regions: 0->0
[2026-03-25T20:41:18.927+0900][0.623s][info][gc,metaspace] GC(8) Metaspace: 5866K(6080K)->5866K(6080K) NonClass: 5234K(5376K)->5234K(5376K) Class: 632K(704K)->632K(704K)
[2026-03-25T20:41:18.927+0900][0.623s][info][gc          ] GC(8) Pause Young (Normal) (G1 Evacuation Pause) 146M->10M(264M) 1.911ms
[2026-03-25T20:41:18.927+0900][0.623s][info][gc,cpu      ] GC(8) User=0.01s Sys=0.00s Real=0.00s
[2026-03-25T20:41:18.986+0900][0.682s][info][gc,start    ] GC(9) Pause Young (Normal) (G1 Evacuation Pause)
[2026-03-25T20:41:18.987+0900][0.682s][info][gc,task     ] GC(9) Using 6 workers of 9 for evacuation
[2026-03-25T20:41:18.990+0900][0.685s][info][gc,phases   ] GC(9)   Pre Evacuate Collection Set: 0.09ms
[2026-03-25T20:41:18.990+0900][0.686s][info][gc,phases   ] GC(9)   Merge Heap Roots: 0.05ms
[2026-03-25T20:41:18.990+0900][0.686s][info][gc,phases   ] GC(9)   Evacuate Collection Set: 2.76ms
[2026-03-25T20:41:18.990+0900][0.686s][info][gc,phases   ] GC(9)   Post Evacuate Collection Set: 0.37ms
[2026-03-25T20:41:18.990+0900][0.686s][info][gc,phases   ] GC(9)   Other: 0.12ms
[2026-03-25T20:41:18.990+0900][0.686s][info][gc,heap     ] GC(9) Eden regions: 17->0(17)
[2026-03-25T20:41:18.990+0900][0.686s][info][gc,heap     ] GC(9) Survivor regions: 2->2(3)
[2026-03-25T20:41:18.990+0900][0.686s][info][gc,heap     ] GC(9) Old regions: 1->1
[2026-03-25T20:41:18.990+0900][0.686s][info][gc,heap     ] GC(9) Humongous regions: 0->0
[2026-03-25T20:41:18.990+0900][0.686s][info][gc,metaspace] GC(9) Metaspace: 5866K(6080K)->5866K(6080K) NonClass: 5234K(5376K)->5234K(5376K) Class: 632K(704K)->632K(704K)
[2026-03-25T20:41:18.990+0900][0.686s][info][gc          ] GC(9) Pause Young (Normal) (G1 Evacuation Pause) 146M->10M(264M) 3.788ms
[2026-03-25T20:41:18.990+0900][0.686s][info][gc,cpu      ] GC(9) User=0.02s Sys=0.00s Real=0.01s
[2026-03-25T20:41:19.049+0900][0.745s][info][gc,start    ] GC(10) Pause Young (Normal) (G1 Evacuation Pause)
[2026-03-25T20:41:19.050+0900][0.745s][info][gc,task     ] GC(10) Using 6 workers of 9 for evacuation
[2026-03-25T20:41:19.052+0900][0.748s][info][gc,phases   ] GC(10)   Pre Evacuate Collection Set: 0.06ms
[2026-03-25T20:41:19.052+0900][0.748s][info][gc,phases   ] GC(10)   Merge Heap Roots: 0.03ms
[2026-03-25T20:41:19.052+0900][0.748s][info][gc,phases   ] GC(10)   Evacuate Collection Set: 2.19ms
[2026-03-25T20:41:19.052+0900][0.748s][info][gc,phases   ] GC(10)   Post Evacuate Collection Set: 0.30ms
[2026-03-25T20:41:19.052+0900][0.748s][info][gc,phases   ] GC(10)   Other: 0.08ms
[2026-03-25T20:41:19.052+0900][0.748s][info][gc,heap     ] GC(10) Eden regions: 17->0(17)
[2026-03-25T20:41:19.052+0900][0.748s][info][gc,heap     ] GC(10) Survivor regions: 2->2(3)
[2026-03-25T20:41:19.052+0900][0.748s][info][gc,heap     ] GC(10) Old regions: 1->1
[2026-03-25T20:41:19.052+0900][0.748s][info][gc,heap     ] GC(10) Humongous regions: 0->0
[2026-03-25T20:41:19.052+0900][0.748s][info][gc,metaspace] GC(10) Metaspace: 5866K(6080K)->5866K(6080K) NonClass: 5234K(5376K)->5234K(5376K) Class: 632K(704K)->632K(704K)
[2026-03-25T20:41:19.052+0900][0.748s][info][gc          ] GC(10) Pause Young (Normal) (G1 Evacuation Pause) 146M->11M(264M) 2.955ms
[2026-03-25T20:41:19.052+0900][0.748s][info][gc,cpu      ] GC(10) User=0.01s Sys=0.00s Real=0.01s
[2026-03-25T20:41:19.112+0900][0.807s][info][gc,start    ] GC(11) Pause Young (Normal) (G1 Evacuation Pause)
[2026-03-25T20:41:19.112+0900][0.807s][info][gc,task     ] GC(11) Using 6 workers of 9 for evacuation
[2026-03-25T20:41:19.115+0900][0.810s][info][gc,phases   ] GC(11)   Pre Evacuate Collection Set: 0.06ms
[2026-03-25T20:41:19.115+0900][0.810s][info][gc,phases   ] GC(11)   Merge Heap Roots: 0.03ms
[2026-03-25T20:41:19.115+0900][0.810s][info][gc,phases   ] GC(11)   Evacuate Collection Set: 2.21ms
[2026-03-25T20:41:19.115+0900][0.810s][info][gc,phases   ] GC(11)   Post Evacuate Collection Set: 0.25ms
[2026-03-25T20:41:19.115+0900][0.810s][info][gc,phases   ] GC(11)   Other: 0.08ms
[2026-03-25T20:41:19.115+0900][0.810s][info][gc,heap     ] GC(11) Eden regions: 17->0(17)
[2026-03-25T20:41:19.115+0900][0.810s][info][gc,heap     ] GC(11) Survivor regions: 2->2(3)
[2026-03-25T20:41:19.115+0900][0.810s][info][gc,heap     ] GC(11) Old regions: 1->1
[2026-03-25T20:41:19.115+0900][0.810s][info][gc,heap     ] GC(11) Humongous regions: 0->0
[2026-03-25T20:41:19.115+0900][0.810s][info][gc,metaspace] GC(11) Metaspace: 5866K(6080K)->5866K(6080K) NonClass: 5234K(5376K)->5234K(5376K) Class: 632K(704K)->632K(704K)
[2026-03-25T20:41:19.115+0900][0.810s][info][gc          ] GC(11) Pause Young (Normal) (G1 Evacuation Pause) 146M->10M(264M) 2.935ms
[2026-03-25T20:41:19.115+0900][0.810s][info][gc,cpu      ] GC(11) User=0.01s Sys=0.00s Real=0.00s
[2026-03-25T20:41:19.222+0900][0.917s][info][gc,start    ] GC(12) Pause Young (Normal) (G1 Evacuation Pause)
[2026-03-25T20:41:19.222+0900][0.918s][info][gc,task     ] GC(12) Using 6 workers of 9 for evacuation
[2026-03-25T20:41:19.225+0900][0.920s][info][gc,phases   ] GC(12)   Pre Evacuate Collection Set: 0.07ms
[2026-03-25T20:41:19.225+0900][0.920s][info][gc,phases   ] GC(12)   Merge Heap Roots: 0.05ms
[2026-03-25T20:41:19.225+0900][0.920s][info][gc,phases   ] GC(12)   Evacuate Collection Set: 2.24ms
[2026-03-25T20:41:19.225+0900][0.920s][info][gc,phases   ] GC(12)   Post Evacuate Collection Set: 0.29ms
[2026-03-25T20:41:19.225+0900][0.920s][info][gc,phases   ] GC(12)   Other: 0.09ms
[2026-03-25T20:41:19.225+0900][0.920s][info][gc,heap     ] GC(12) Eden regions: 17->0(17)
[2026-03-25T20:41:19.225+0900][0.920s][info][gc,heap     ] GC(12) Survivor regions: 2->2(3)
[2026-03-25T20:41:19.225+0900][0.920s][info][gc,heap     ] GC(12) Old regions: 1->1
[2026-03-25T20:41:19.225+0900][0.920s][info][gc,heap     ] GC(12) Humongous regions: 0->0
[2026-03-25T20:41:19.225+0900][0.920s][info][gc,metaspace] GC(12) Metaspace: 5866K(6080K)->5866K(6080K) NonClass: 5234K(5376K)->5234K(5376K) Class: 632K(704K)->632K(704K)
[2026-03-25T20:41:19.225+0900][0.921s][info][gc          ] GC(12) Pause Young (Normal) (G1 Evacuation Pause) 146M->10M(264M) 3.123ms
[2026-03-25T20:41:19.225+0900][0.921s][info][gc,cpu      ] GC(12) User=0.01s Sys=0.00s Real=0.00s
[2026-03-25T20:41:19.284+0900][0.980s][info][gc,start    ] GC(13) Pause Young (Normal) (G1 Evacuation Pause)
[2026-03-25T20:41:19.284+0900][0.980s][info][gc,task     ] GC(13) Using 6 workers of 9 for evacuation
[2026-03-25T20:41:19.287+0900][0.983s][info][gc,phases   ] GC(13)   Pre Evacuate Collection Set: 0.09ms
[2026-03-25T20:41:19.287+0900][0.983s][info][gc,phases   ] GC(13)   Merge Heap Roots: 0.05ms
[2026-03-25T20:41:19.287+0900][0.983s][info][gc,phases   ] GC(13)   Evacuate Collection Set: 2.34ms
[2026-03-25T20:41:19.287+0900][0.983s][info][gc,phases   ] GC(13)   Post Evacuate Collection Set: 0.27ms
[2026-03-25T20:41:19.287+0900][0.983s][info][gc,phases   ] GC(13)   Other: 0.10ms
[2026-03-25T20:41:19.287+0900][0.983s][info][gc,heap     ] GC(13) Eden regions: 17->0(17)
[2026-03-25T20:41:19.287+0900][0.983s][info][gc,heap     ] GC(13) Survivor regions: 2->2(3)
[2026-03-25T20:41:19.287+0900][0.983s][info][gc,heap     ] GC(13) Old regions: 1->1
[2026-03-25T20:41:19.287+0900][0.983s][info][gc,heap     ] GC(13) Humongous regions: 0->0
[2026-03-25T20:41:19.287+0900][0.983s][info][gc,metaspace] GC(13) Metaspace: 5866K(6080K)->5866K(6080K) NonClass: 5234K(5376K)->5234K(5376K) Class: 632K(704K)->632K(704K)
[2026-03-25T20:41:19.287+0900][0.983s][info][gc          ] GC(13) Pause Young (Normal) (G1 Evacuation Pause) 146M->10M(264M) 3.174ms
[2026-03-25T20:41:19.287+0900][0.983s][info][gc,cpu      ] GC(13) User=0.02s Sys=0.00s Real=0.00s
[2026-03-25T20:41:19.345+0900][1.041s][info][gc,start    ] GC(14) Pause Young (Normal) (G1 Evacuation Pause)
[2026-03-25T20:41:19.345+0900][1.041s][info][gc,task     ] GC(14) Using 6 workers of 9 for evacuation
[2026-03-25T20:41:19.348+0900][1.043s][info][gc,phases   ] GC(14)   Pre Evacuate Collection Set: 0.07ms
[2026-03-25T20:41:19.348+0900][1.043s][info][gc,phases   ] GC(14)   Merge Heap Roots: 0.03ms
[2026-03-25T20:41:19.348+0900][1.043s][info][gc,phases   ] GC(14)   Evacuate Collection Set: 2.16ms
[2026-03-25T20:41:19.348+0900][1.043s][info][gc,phases   ] GC(14)   Post Evacuate Collection Set: 0.24ms
[2026-03-25T20:41:19.348+0900][1.043s][info][gc,phases   ] GC(14)   Other: 0.07ms
[2026-03-25T20:41:19.348+0900][1.043s][info][gc,heap     ] GC(14) Eden regions: 17->0(17)
[2026-03-25T20:41:19.348+0900][1.043s][info][gc,heap     ] GC(14) Survivor regions: 2->2(3)
[2026-03-25T20:41:19.348+0900][1.043s][info][gc,heap     ] GC(14) Old regions: 1->1
[2026-03-25T20:41:19.348+0900][1.043s][info][gc,heap     ] GC(14) Humongous regions: 0->0
[2026-03-25T20:41:19.348+0900][1.043s][info][gc,metaspace] GC(14) Metaspace: 5866K(6080K)->5866K(6080K) NonClass: 5234K(5376K)->5234K(5376K) Class: 632K(704K)->632K(704K)
[2026-03-25T20:41:19.348+0900][1.043s][info][gc          ] GC(14) Pause Young (Normal) (G1 Evacuation Pause) 146M->10M(264M) 2.843ms
[2026-03-25T20:41:19.348+0900][1.043s][info][gc,cpu      ] GC(14) User=0.01s Sys=0.00s Real=0.00s
[2026-03-25T20:41:19.408+0900][1.103s][info][gc,start    ] GC(15) Pause Young (Normal) (G1 Evacuation Pause)
[2026-03-25T20:41:19.408+0900][1.103s][info][gc,task     ] GC(15) Using 6 workers of 9 for evacuation
[2026-03-25T20:41:19.410+0900][1.106s][info][gc,phases   ] GC(15)   Pre Evacuate Collection Set: 0.07ms
[2026-03-25T20:41:19.410+0900][1.106s][info][gc,phases   ] GC(15)   Merge Heap Roots: 0.03ms
[2026-03-25T20:41:19.411+0900][1.106s][info][gc,phases   ] GC(15)   Evacuate Collection Set: 2.16ms
[2026-03-25T20:41:19.411+0900][1.106s][info][gc,phases   ] GC(15)   Post Evacuate Collection Set: 0.26ms
[2026-03-25T20:41:19.411+0900][1.106s][info][gc,phases   ] GC(15)   Other: 0.08ms
[2026-03-25T20:41:19.411+0900][1.106s][info][gc,heap     ] GC(15) Eden regions: 17->0(17)
[2026-03-25T20:41:19.411+0900][1.106s][info][gc,heap     ] GC(15) Survivor regions: 2->2(3)
[2026-03-25T20:41:19.411+0900][1.106s][info][gc,heap     ] GC(15) Old regions: 1->2
[2026-03-25T20:41:19.411+0900][1.106s][info][gc,heap     ] GC(15) Humongous regions: 0->0
[2026-03-25T20:41:19.411+0900][1.106s][info][gc,metaspace] GC(15) Metaspace: 5866K(6080K)->5866K(6080K) NonClass: 5234K(5376K)->5234K(5376K) Class: 632K(704K)->632K(704K)
[2026-03-25T20:41:19.411+0900][1.106s][info][gc          ] GC(15) Pause Young (Normal) (G1 Evacuation Pause) 146M->11M(264M) 2.914ms
[2026-03-25T20:41:19.411+0900][1.106s][info][gc,cpu      ] GC(15) User=0.01s Sys=0.01s Real=0.01s
[2026-03-25T20:41:19.525+0900][1.221s][info][gc,start    ] GC(16) Pause Young (Normal) (G1 Evacuation Pause)
[2026-03-25T20:41:19.525+0900][1.221s][info][gc,task     ] GC(16) Using 6 workers of 9 for evacuation
[2026-03-25T20:41:19.528+0900][1.223s][info][gc,phases   ] GC(16)   Pre Evacuate Collection Set: 0.07ms
[2026-03-25T20:41:19.528+0900][1.223s][info][gc,phases   ] GC(16)   Merge Heap Roots: 0.03ms
[2026-03-25T20:41:19.528+0900][1.223s][info][gc,phases   ] GC(16)   Evacuate Collection Set: 1.52ms
[2026-03-25T20:41:19.528+0900][1.223s][info][gc,phases   ] GC(16)   Post Evacuate Collection Set: 0.40ms
[2026-03-25T20:41:19.528+0900][1.223s][info][gc,phases   ] GC(16)   Other: 0.12ms
[2026-03-25T20:41:19.528+0900][1.223s][info][gc,heap     ] GC(16) Eden regions: 17->0(17)
[2026-03-25T20:41:19.528+0900][1.223s][info][gc,heap     ] GC(16) Survivor regions: 2->2(3)
[2026-03-25T20:41:19.528+0900][1.223s][info][gc,heap     ] GC(16) Old regions: 2->2
[2026-03-25T20:41:19.528+0900][1.223s][info][gc,heap     ] GC(16) Humongous regions: 0->0
[2026-03-25T20:41:19.528+0900][1.223s][info][gc,metaspace] GC(16) Metaspace: 5867K(6080K)->5867K(6080K) NonClass: 5235K(5376K)->5235K(5376K) Class: 632K(704K)->632K(704K)
[2026-03-25T20:41:19.528+0900][1.223s][info][gc          ] GC(16) Pause Young (Normal) (G1 Evacuation Pause) 146M->10M(264M) 2.595ms
[2026-03-25T20:41:19.528+0900][1.223s][info][gc,cpu      ] GC(16) User=0.01s Sys=0.00s Real=0.00s
[2026-03-25T20:41:19.587+0900][1.282s][info][gc,start    ] GC(17) Pause Young (Normal) (G1 Evacuation Pause)
[2026-03-25T20:41:19.587+0900][1.283s][info][gc,task     ] GC(17) Using 6 workers of 9 for evacuation
[2026-03-25T20:41:19.589+0900][1.285s][info][gc,phases   ] GC(17)   Pre Evacuate Collection Set: 0.06ms
[2026-03-25T20:41:19.589+0900][1.285s][info][gc,phases   ] GC(17)   Merge Heap Roots: 0.03ms
[2026-03-25T20:41:19.589+0900][1.285s][info][gc,phases   ] GC(17)   Evacuate Collection Set: 1.82ms
[2026-03-25T20:41:19.589+0900][1.285s][info][gc,phases   ] GC(17)   Post Evacuate Collection Set: 0.29ms
[2026-03-25T20:41:19.589+0900][1.285s][info][gc,phases   ] GC(17)   Other: 0.09ms
[2026-03-25T20:41:19.590+0900][1.285s][info][gc,heap     ] GC(17) Eden regions: 17->0(17)
[2026-03-25T20:41:19.590+0900][1.285s][info][gc,heap     ] GC(17) Survivor regions: 2->2(3)
[2026-03-25T20:41:19.590+0900][1.285s][info][gc,heap     ] GC(17) Old regions: 2->2
[2026-03-25T20:41:19.590+0900][1.285s][info][gc,heap     ] GC(17) Humongous regions: 0->0
[2026-03-25T20:41:19.590+0900][1.285s][info][gc,metaspace] GC(17) Metaspace: 5867K(6080K)->5867K(6080K) NonClass: 5235K(5376K)->5235K(5376K) Class: 632K(704K)->632K(704K)
[2026-03-25T20:41:19.590+0900][1.285s][info][gc          ] GC(17) Pause Young (Normal) (G1 Evacuation Pause) 146M->11M(264M) 2.656ms
[2026-03-25T20:41:19.590+0900][1.285s][info][gc,cpu      ] GC(17) User=0.00s Sys=0.00s Real=0.01s
[2026-03-25T20:41:19.649+0900][1.344s][info][gc,start    ] GC(18) Pause Young (Normal) (G1 Evacuation Pause)
[2026-03-25T20:41:19.649+0900][1.344s][info][gc,task     ] GC(18) Using 6 workers of 9 for evacuation
[2026-03-25T20:41:19.652+0900][1.347s][info][gc,phases   ] GC(18)   Pre Evacuate Collection Set: 0.09ms
[2026-03-25T20:41:19.652+0900][1.347s][info][gc,phases   ] GC(18)   Merge Heap Roots: 0.05ms
[2026-03-25T20:41:19.652+0900][1.347s][info][gc,phases   ] GC(18)   Evacuate Collection Set: 2.21ms
[2026-03-25T20:41:19.652+0900][1.347s][info][gc,phases   ] GC(18)   Post Evacuate Collection Set: 0.24ms
[2026-03-25T20:41:19.652+0900][1.347s][info][gc,phases   ] GC(18)   Other: 0.13ms
[2026-03-25T20:41:19.652+0900][1.347s][info][gc,heap     ] GC(18) Eden regions: 17->0(17)
[2026-03-25T20:41:19.652+0900][1.347s][info][gc,heap     ] GC(18) Survivor regions: 2->2(3)
[2026-03-25T20:41:19.652+0900][1.347s][info][gc,heap     ] GC(18) Old regions: 2->2
[2026-03-25T20:41:19.652+0900][1.347s][info][gc,heap     ] GC(18) Humongous regions: 0->0
[2026-03-25T20:41:19.652+0900][1.347s][info][gc,metaspace] GC(18) Metaspace: 5870K(6080K)->5870K(6080K) NonClass: 5238K(5376K)->5238K(5376K) Class: 632K(704K)->632K(704K)
[2026-03-25T20:41:19.652+0900][1.347s][info][gc          ] GC(18) Pause Young (Normal) (G1 Evacuation Pause) 146M->11M(264M) 3.056ms
[2026-03-25T20:41:19.652+0900][1.347s][info][gc,cpu      ] GC(18) User=0.01s Sys=0.00s Real=0.01s
[2026-03-25T20:41:19.767+0900][1.462s][info][gc,start    ] GC(19) Pause Young (Normal) (G1 Evacuation Pause)
[2026-03-25T20:41:19.767+0900][1.462s][info][gc,task     ] GC(19) Using 6 workers of 9 for evacuation
[2026-03-25T20:41:19.769+0900][1.465s][info][gc,phases   ] GC(19)   Pre Evacuate Collection Set: 0.10ms
[2026-03-25T20:41:19.769+0900][1.465s][info][gc,phases   ] GC(19)   Merge Heap Roots: 0.05ms
[2026-03-25T20:41:19.769+0900][1.465s][info][gc,phases   ] GC(19)   Evacuate Collection Set: 1.78ms
[2026-03-25T20:41:19.769+0900][1.465s][info][gc,phases   ] GC(19)   Post Evacuate Collection Set: 0.28ms
[2026-03-25T20:41:19.769+0900][1.465s][info][gc,phases   ] GC(19)   Other: 0.12ms
[2026-03-25T20:41:19.769+0900][1.465s][info][gc,heap     ] GC(19) Eden regions: 17->0(18)
[2026-03-25T20:41:19.769+0900][1.465s][info][gc,heap     ] GC(19) Survivor regions: 2->1(3)
[2026-03-25T20:41:19.769+0900][1.465s][info][gc,heap     ] GC(19) Old regions: 2->2
[2026-03-25T20:41:19.769+0900][1.465s][info][gc,heap     ] GC(19) Humongous regions: 0->0
[2026-03-25T20:41:19.769+0900][1.465s][info][gc,metaspace] GC(19) Metaspace: 5870K(6080K)->5870K(6080K) NonClass: 5238K(5376K)->5238K(5376K) Class: 632K(704K)->632K(704K)
[2026-03-25T20:41:19.769+0900][1.465s][info][gc          ] GC(19) Pause Young (Normal) (G1 Evacuation Pause) 146M->10M(264M) 2.662ms
[2026-03-25T20:41:19.769+0900][1.465s][info][gc,cpu      ] GC(19) User=0.01s Sys=0.00s Real=0.00s
[2026-03-25T20:41:19.827+0900][1.522s][info][gc,start    ] GC(20) Pause Young (Normal) (G1 Evacuation Pause)
[2026-03-25T20:41:19.827+0900][1.522s][info][gc,task     ] GC(20) Using 6 workers of 9 for evacuation
[2026-03-25T20:41:19.829+0900][1.524s][info][gc,phases   ] GC(20)   Pre Evacuate Collection Set: 0.08ms
[2026-03-25T20:41:19.829+0900][1.524s][info][gc,phases   ] GC(20)   Merge Heap Roots: 0.04ms
[2026-03-25T20:41:19.829+0900][1.524s][info][gc,phases   ] GC(20)   Evacuate Collection Set: 1.29ms
[2026-03-25T20:41:19.829+0900][1.524s][info][gc,phases   ] GC(20)   Post Evacuate Collection Set: 0.17ms
[2026-03-25T20:41:19.829+0900][1.524s][info][gc,phases   ] GC(20)   Other: 0.10ms
[2026-03-25T20:41:19.829+0900][1.524s][info][gc,heap     ] GC(20) Eden regions: 18->0(18)
[2026-03-25T20:41:19.829+0900][1.524s][info][gc,heap     ] GC(20) Survivor regions: 1->1(3)
[2026-03-25T20:41:19.829+0900][1.524s][info][gc,heap     ] GC(20) Old regions: 2->2
[2026-03-25T20:41:19.829+0900][1.524s][info][gc,heap     ] GC(20) Humongous regions: 0->0
[2026-03-25T20:41:19.829+0900][1.524s][info][gc,metaspace] GC(20) Metaspace: 5870K(6080K)->5870K(6080K) NonClass: 5238K(5376K)->5238K(5376K) Class: 632K(704K)->632K(704K)
[2026-03-25T20:41:19.829+0900][1.524s][info][gc          ] GC(20) Pause Young (Normal) (G1 Evacuation Pause) 154M->10M(264M) 2.008ms
[2026-03-25T20:41:19.829+0900][1.524s][info][gc,cpu      ] GC(20) User=0.01s Sys=0.00s Real=0.00s
[2026-03-25T20:41:19.887+0900][1.583s][info][gc,start    ] GC(21) Pause Young (Normal) (G1 Evacuation Pause)
[2026-03-25T20:41:19.888+0900][1.583s][info][gc,task     ] GC(21) Using 6 workers of 9 for evacuation
[2026-03-25T20:41:19.889+0900][1.585s][info][gc,phases   ] GC(21)   Pre Evacuate Collection Set: 0.07ms
[2026-03-25T20:41:19.889+0900][1.585s][info][gc,phases   ] GC(21)   Merge Heap Roots: 0.04ms
[2026-03-25T20:41:19.889+0900][1.585s][info][gc,phases   ] GC(21)   Evacuate Collection Set: 1.42ms
[2026-03-25T20:41:19.889+0900][1.585s][info][gc,phases   ] GC(21)   Post Evacuate Collection Set: 0.17ms
[2026-03-25T20:41:19.889+0900][1.585s][info][gc,phases   ] GC(21)   Other: 0.09ms
[2026-03-25T20:41:19.889+0900][1.585s][info][gc,heap     ] GC(21) Eden regions: 18->0(18)
[2026-03-25T20:41:19.889+0900][1.585s][info][gc,heap     ] GC(21) Survivor regions: 1->1(3)
[2026-03-25T20:41:19.889+0900][1.585s][info][gc,heap     ] GC(21) Old regions: 2->2
[2026-03-25T20:41:19.889+0900][1.585s][info][gc,heap     ] GC(21) Humongous regions: 0->0
[2026-03-25T20:41:19.889+0900][1.585s][info][gc,metaspace] GC(21) Metaspace: 5870K(6080K)->5870K(6080K) NonClass: 5238K(5376K)->5238K(5376K) Class: 632K(704K)->632K(704K)
[2026-03-25T20:41:19.890+0900][1.585s][info][gc          ] GC(21) Pause Young (Normal) (G1 Evacuation Pause) 154M->10M(264M) 2.092ms
[2026-03-25T20:41:19.890+0900][1.585s][info][gc,cpu      ] GC(21) User=0.01s Sys=0.00s Real=0.01s
[2026-03-25T20:41:20.004+0900][1.700s][info][gc,start    ] GC(22) Pause Young (Normal) (G1 Evacuation Pause)
[2026-03-25T20:41:20.004+0900][1.700s][info][gc,task     ] GC(22) Using 6 workers of 9 for evacuation
[2026-03-25T20:41:20.006+0900][1.701s][info][gc,phases   ] GC(22)   Pre Evacuate Collection Set: 0.11ms
[2026-03-25T20:41:20.006+0900][1.701s][info][gc,phases   ] GC(22)   Merge Heap Roots: 0.04ms
[2026-03-25T20:41:20.006+0900][1.702s][info][gc,phases   ] GC(22)   Evacuate Collection Set: 1.25ms
[2026-03-25T20:41:20.006+0900][1.702s][info][gc,phases   ] GC(22)   Post Evacuate Collection Set: 0.20ms
[2026-03-25T20:41:20.006+0900][1.702s][info][gc,phases   ] GC(22)   Other: 0.13ms
[2026-03-25T20:41:20.006+0900][1.702s][info][gc,heap     ] GC(22) Eden regions: 18->0(18)
[2026-03-25T20:41:20.006+0900][1.702s][info][gc,heap     ] GC(22) Survivor regions: 1->1(3)
[2026-03-25T20:41:20.006+0900][1.702s][info][gc,heap     ] GC(22) Old regions: 2->2
[2026-03-25T20:41:20.006+0900][1.702s][info][gc,heap     ] GC(22) Humongous regions: 0->0
[2026-03-25T20:41:20.006+0900][1.702s][info][gc,metaspace] GC(22) Metaspace: 5870K(6080K)->5870K(6080K) NonClass: 5238K(5376K)->5238K(5376K) Class: 632K(704K)->632K(704K)
[2026-03-25T20:41:20.006+0900][1.702s][info][gc          ] GC(22) Pause Young (Normal) (G1 Evacuation Pause) 154M->10M(264M) 2.152ms
[2026-03-25T20:41:20.006+0900][1.702s][info][gc,cpu      ] GC(22) User=0.00s Sys=0.00s Real=0.00s
[2026-03-25T20:41:20.066+0900][1.761s][info][gc,start    ] GC(23) Pause Young (Normal) (G1 Evacuation Pause)
[2026-03-25T20:41:20.066+0900][1.761s][info][gc,task     ] GC(23) Using 6 workers of 9 for evacuation
[2026-03-25T20:41:20.067+0900][1.763s][info][gc,phases   ] GC(23)   Pre Evacuate Collection Set: 0.10ms
[2026-03-25T20:41:20.067+0900][1.763s][info][gc,phases   ] GC(23)   Merge Heap Roots: 0.05ms
[2026-03-25T20:41:20.067+0900][1.763s][info][gc,phases   ] GC(23)   Evacuate Collection Set: 0.99ms
[2026-03-25T20:41:20.067+0900][1.763s][info][gc,phases   ] GC(23)   Post Evacuate Collection Set: 0.15ms
[2026-03-25T20:41:20.067+0900][1.763s][info][gc,phases   ] GC(23)   Other: 0.10ms
[2026-03-25T20:41:20.067+0900][1.763s][info][gc,heap     ] GC(23) Eden regions: 18->0(18)
[2026-03-25T20:41:20.067+0900][1.763s][info][gc,heap     ] GC(23) Survivor regions: 1->1(3)
[2026-03-25T20:41:20.067+0900][1.763s][info][gc,heap     ] GC(23) Old regions: 2->2
[2026-03-25T20:41:20.067+0900][1.763s][info][gc,heap     ] GC(23) Humongous regions: 0->0
[2026-03-25T20:41:20.067+0900][1.763s][info][gc,metaspace] GC(23) Metaspace: 5870K(6080K)->5870K(6080K) NonClass: 5238K(5376K)->5238K(5376K) Class: 632K(704K)->632K(704K)
[2026-03-25T20:41:20.067+0900][1.763s][info][gc          ] GC(23) Pause Young (Normal) (G1 Evacuation Pause) 154M->10M(264M) 1.778ms
[2026-03-25T20:41:20.067+0900][1.763s][info][gc,cpu      ] GC(23) User=0.00s Sys=0.01s Real=0.00s
[2026-03-25T20:41:20.125+0900][1.821s][info][gc,start    ] GC(24) Pause Young (Normal) (G1 Evacuation Pause)
[2026-03-25T20:41:20.125+0900][1.821s][info][gc,task     ] GC(24) Using 6 workers of 9 for evacuation
[2026-03-25T20:41:20.126+0900][1.822s][info][gc,phases   ] GC(24)   Pre Evacuate Collection Set: 0.08ms
[2026-03-25T20:41:20.126+0900][1.822s][info][gc,phases   ] GC(24)   Merge Heap Roots: 0.03ms
[2026-03-25T20:41:20.126+0900][1.822s][info][gc,phases   ] GC(24)   Evacuate Collection Set: 0.80ms
[2026-03-25T20:41:20.126+0900][1.822s][info][gc,phases   ] GC(24)   Post Evacuate Collection Set: 0.13ms
[2026-03-25T20:41:20.126+0900][1.822s][info][gc,phases   ] GC(24)   Other: 0.08ms
[2026-03-25T20:41:20.126+0900][1.822s][info][gc,heap     ] GC(24) Eden regions: 18->0(18)
[2026-03-25T20:41:20.126+0900][1.822s][info][gc,heap     ] GC(24) Survivor regions: 1->1(3)
[2026-03-25T20:41:20.126+0900][1.822s][info][gc,heap     ] GC(24) Old regions: 2->2
[2026-03-25T20:41:20.126+0900][1.822s][info][gc,heap     ] GC(24) Humongous regions: 0->0
[2026-03-25T20:41:20.126+0900][1.822s][info][gc,metaspace] GC(24) Metaspace: 5870K(6080K)->5870K(6080K) NonClass: 5238K(5376K)->5238K(5376K) Class: 632K(704K)->632K(704K)
[2026-03-25T20:41:20.127+0900][1.822s][info][gc          ] GC(24) Pause Young (Normal) (G1 Evacuation Pause) 154M->10M(264M) 1.394ms
[2026-03-25T20:41:20.127+0900][1.822s][info][gc,cpu      ] GC(24) User=0.00s Sys=0.00s Real=0.00s
[2026-03-25T20:41:20.238+0900][1.934s][info][gc,start    ] GC(25) Pause Young (Normal) (G1 Evacuation Pause)
[2026-03-25T20:41:20.238+0900][1.934s][info][gc,task     ] GC(25) Using 6 workers of 9 for evacuation
[2026-03-25T20:41:20.240+0900][1.935s][info][gc,phases   ] GC(25)   Pre Evacuate Collection Set: 0.06ms
[2026-03-25T20:41:20.240+0900][1.935s][info][gc,phases   ] GC(25)   Merge Heap Roots: 0.03ms
[2026-03-25T20:41:20.240+0900][1.935s][info][gc,phases   ] GC(25)   Evacuate Collection Set: 1.13ms
[2026-03-25T20:41:20.240+0900][1.935s][info][gc,phases   ] GC(25)   Post Evacuate Collection Set: 0.17ms
[2026-03-25T20:41:20.240+0900][1.935s][info][gc,phases   ] GC(25)   Other: 0.09ms
[2026-03-25T20:41:20.240+0900][1.935s][info][gc,heap     ] GC(25) Eden regions: 18->0(18)
[2026-03-25T20:41:20.240+0900][1.935s][info][gc,heap     ] GC(25) Survivor regions: 1->1(3)
[2026-03-25T20:41:20.240+0900][1.935s][info][gc,heap     ] GC(25) Old regions: 2->2
[2026-03-25T20:41:20.240+0900][1.935s][info][gc,heap     ] GC(25) Humongous regions: 0->0
[2026-03-25T20:41:20.240+0900][1.935s][info][gc,metaspace] GC(25) Metaspace: 5870K(6080K)->5870K(6080K) NonClass: 5238K(5376K)->5238K(5376K) Class: 632K(704K)->632K(704K)
[2026-03-25T20:41:20.240+0900][1.935s][info][gc          ] GC(25) Pause Young (Normal) (G1 Evacuation Pause) 154M->10M(264M) 1.675ms
[2026-03-25T20:41:20.240+0900][1.935s][info][gc,cpu      ] GC(25) User=0.00s Sys=0.00s Real=0.01s
[2026-03-25T20:41:20.298+0900][1.994s][info][gc,start    ] GC(26) Pause Young (Normal) (G1 Evacuation Pause)
[2026-03-25T20:41:20.299+0900][1.994s][info][gc,task     ] GC(26) Using 6 workers of 9 for evacuation
[2026-03-25T20:41:20.299+0900][1.995s][info][gc,phases   ] GC(26)   Pre Evacuate Collection Set: 0.07ms
[2026-03-25T20:41:20.299+0900][1.995s][info][gc,phases   ] GC(26)   Merge Heap Roots: 0.04ms
[2026-03-25T20:41:20.299+0900][1.995s][info][gc,phases   ] GC(26)   Evacuate Collection Set: 0.54ms
[2026-03-25T20:41:20.299+0900][1.995s][info][gc,phases   ] GC(26)   Post Evacuate Collection Set: 0.13ms
[2026-03-25T20:41:20.299+0900][1.995s][info][gc,phases   ] GC(26)   Other: 0.05ms
[2026-03-25T20:41:20.299+0900][1.995s][info][gc,heap     ] GC(26) Eden regions: 18->0(18)
[2026-03-25T20:41:20.299+0900][1.995s][info][gc,heap     ] GC(26) Survivor regions: 1->1(3)
[2026-03-25T20:41:20.299+0900][1.995s][info][gc,heap     ] GC(26) Old regions: 2->2
[2026-03-25T20:41:20.299+0900][1.995s][info][gc,heap     ] GC(26) Humongous regions: 0->0
[2026-03-25T20:41:20.299+0900][1.995s][info][gc,metaspace] GC(26) Metaspace: 5870K(6080K)->5870K(6080K) NonClass: 5238K(5376K)->5238K(5376K) Class: 632K(704K)->632K(704K)
[2026-03-25T20:41:20.299+0900][1.995s][info][gc          ] GC(26) Pause Young (Normal) (G1 Evacuation Pause) 154M->10M(264M) 1.030ms
[2026-03-25T20:41:20.299+0900][1.995s][info][gc,cpu      ] GC(26) User=0.01s Sys=0.00s Real=0.00s
[2026-03-25T20:41:20.357+0900][2.053s][info][gc,start    ] GC(27) Pause Young (Normal) (G1 Evacuation Pause)
[2026-03-25T20:41:20.357+0900][2.053s][info][gc,task     ] GC(27) Using 6 workers of 9 for evacuation
[2026-03-25T20:41:20.358+0900][2.054s][info][gc,phases   ] GC(27)   Pre Evacuate Collection Set: 0.06ms
[2026-03-25T20:41:20.358+0900][2.054s][info][gc,phases   ] GC(27)   Merge Heap Roots: 0.03ms
[2026-03-25T20:41:20.358+0900][2.054s][info][gc,phases   ] GC(27)   Evacuate Collection Set: 0.79ms
[2026-03-25T20:41:20.358+0900][2.054s][info][gc,phases   ] GC(27)   Post Evacuate Collection Set: 0.11ms
[2026-03-25T20:41:20.358+0900][2.054s][info][gc,phases   ] GC(27)   Other: 0.07ms
[2026-03-25T20:41:20.358+0900][2.054s][info][gc,heap     ] GC(27) Eden regions: 18->0(18)
[2026-03-25T20:41:20.358+0900][2.054s][info][gc,heap     ] GC(27) Survivor regions: 1->1(3)
[2026-03-25T20:41:20.358+0900][2.054s][info][gc,heap     ] GC(27) Old regions: 2->2
[2026-03-25T20:41:20.358+0900][2.054s][info][gc,heap     ] GC(27) Humongous regions: 0->0
[2026-03-25T20:41:20.358+0900][2.054s][info][gc,metaspace] GC(27) Metaspace: 5870K(6080K)->5870K(6080K) NonClass: 5238K(5376K)->5238K(5376K) Class: 632K(704K)->632K(704K)
[2026-03-25T20:41:20.358+0900][2.054s][info][gc          ] GC(27) Pause Young (Normal) (G1 Evacuation Pause) 154M->10M(264M) 1.302ms
[2026-03-25T20:41:20.358+0900][2.054s][info][gc,cpu      ] GC(27) User=0.01s Sys=0.00s Real=0.00s
[2026-03-25T20:41:20.472+0900][2.168s][info][gc,start    ] GC(28) Pause Young (Normal) (G1 Evacuation Pause)
[2026-03-25T20:41:20.472+0900][2.168s][info][gc,task     ] GC(28) Using 6 workers of 9 for evacuation
[2026-03-25T20:41:20.474+0900][2.169s][info][gc,phases   ] GC(28)   Pre Evacuate Collection Set: 0.09ms
[2026-03-25T20:41:20.474+0900][2.169s][info][gc,phases   ] GC(28)   Merge Heap Roots: 0.04ms
[2026-03-25T20:41:20.474+0900][2.169s][info][gc,phases   ] GC(28)   Evacuate Collection Set: 0.97ms
[2026-03-25T20:41:20.474+0900][2.169s][info][gc,phases   ] GC(28)   Post Evacuate Collection Set: 0.14ms
[2026-03-25T20:41:20.474+0900][2.169s][info][gc,phases   ] GC(28)   Other: 0.15ms
[2026-03-25T20:41:20.474+0900][2.169s][info][gc,heap     ] GC(28) Eden regions: 18->0(18)
[2026-03-25T20:41:20.474+0900][2.169s][info][gc,heap     ] GC(28) Survivor regions: 1->1(3)
[2026-03-25T20:41:20.474+0900][2.169s][info][gc,heap     ] GC(28) Old regions: 2->2
[2026-03-25T20:41:20.474+0900][2.169s][info][gc,heap     ] GC(28) Humongous regions: 0->0
[2026-03-25T20:41:20.474+0900][2.169s][info][gc,metaspace] GC(28) Metaspace: 5870K(6080K)->5870K(6080K) NonClass: 5238K(5376K)->5238K(5376K) Class: 632K(704K)->632K(704K)
[2026-03-25T20:41:20.474+0900][2.169s][info][gc          ] GC(28) Pause Young (Normal) (G1 Evacuation Pause) 154M->10M(264M) 1.747ms
[2026-03-25T20:41:20.474+0900][2.169s][info][gc,cpu      ] GC(28) User=0.01s Sys=0.00s Real=0.00s
[2026-03-25T20:41:20.531+0900][2.227s][info][gc,start    ] GC(29) Pause Young (Normal) (G1 Evacuation Pause)
[2026-03-25T20:41:20.531+0900][2.227s][info][gc,task     ] GC(29) Using 6 workers of 9 for evacuation
[2026-03-25T20:41:20.532+0900][2.228s][info][gc,phases   ] GC(29)   Pre Evacuate Collection Set: 0.05ms
[2026-03-25T20:41:20.532+0900][2.228s][info][gc,phases   ] GC(29)   Merge Heap Roots: 0.02ms
[2026-03-25T20:41:20.532+0900][2.228s][info][gc,phases   ] GC(29)   Evacuate Collection Set: 0.78ms
[2026-03-25T20:41:20.532+0900][2.228s][info][gc,phases   ] GC(29)   Post Evacuate Collection Set: 0.11ms
[2026-03-25T20:41:20.532+0900][2.228s][info][gc,phases   ] GC(29)   Other: 0.08ms
[2026-03-25T20:41:20.532+0900][2.228s][info][gc,heap     ] GC(29) Eden regions: 18->0(18)
[2026-03-25T20:41:20.532+0900][2.228s][info][gc,heap     ] GC(29) Survivor regions: 1->1(3)
[2026-03-25T20:41:20.532+0900][2.228s][info][gc,heap     ] GC(29) Old regions: 2->2
[2026-03-25T20:41:20.532+0900][2.228s][info][gc,heap     ] GC(29) Humongous regions: 0->0
[2026-03-25T20:41:20.532+0900][2.228s][info][gc,metaspace] GC(29) Metaspace: 5870K(6080K)->5870K(6080K) NonClass: 5238K(5376K)->5238K(5376K) Class: 632K(704K)->632K(704K)
[2026-03-25T20:41:20.532+0900][2.228s][info][gc          ] GC(29) Pause Young (Normal) (G1 Evacuation Pause) 154M->10M(264M) 1.295ms
[2026-03-25T20:41:20.532+0900][2.228s][info][gc,cpu      ] GC(29) User=0.00s Sys=0.00s Real=0.00s
[2026-03-25T20:41:20.592+0900][2.288s][info][gc,start    ] GC(30) Pause Young (Normal) (G1 Evacuation Pause)
[2026-03-25T20:41:20.592+0900][2.288s][info][gc,task     ] GC(30) Using 6 workers of 9 for evacuation
[2026-03-25T20:41:20.593+0900][2.289s][info][gc,phases   ] GC(30)   Pre Evacuate Collection Set: 0.06ms
[2026-03-25T20:41:20.593+0900][2.289s][info][gc,phases   ] GC(30)   Merge Heap Roots: 0.03ms
[2026-03-25T20:41:20.593+0900][2.289s][info][gc,phases   ] GC(30)   Evacuate Collection Set: 0.74ms
[2026-03-25T20:41:20.593+0900][2.289s][info][gc,phases   ] GC(30)   Post Evacuate Collection Set: 0.13ms
[2026-03-25T20:41:20.593+0900][2.289s][info][gc,phases   ] GC(30)   Other: 0.08ms
[2026-03-25T20:41:20.593+0900][2.289s][info][gc,heap     ] GC(30) Eden regions: 18->0(18)
[2026-03-25T20:41:20.593+0900][2.289s][info][gc,heap     ] GC(30) Survivor regions: 1->1(3)
[2026-03-25T20:41:20.593+0900][2.289s][info][gc,heap     ] GC(30) Old regions: 2->2
[2026-03-25T20:41:20.593+0900][2.289s][info][gc,heap     ] GC(30) Humongous regions: 0->0
[2026-03-25T20:41:20.593+0900][2.289s][info][gc,metaspace] GC(30) Metaspace: 5870K(6080K)->5870K(6080K) NonClass: 5238K(5376K)->5238K(5376K) Class: 632K(704K)->632K(704K)
[2026-03-25T20:41:20.593+0900][2.289s][info][gc          ] GC(30) Pause Young (Normal) (G1 Evacuation Pause) 154M->10M(264M) 1.327ms
[2026-03-25T20:41:20.593+0900][2.289s][info][gc,cpu      ] GC(30) User=0.00s Sys=0.00s Real=0.00s
[2026-03-25T20:41:20.708+0900][2.404s][info][gc,start    ] GC(31) Pause Young (Normal) (G1 Evacuation Pause)
[2026-03-25T20:41:20.708+0900][2.404s][info][gc,task     ] GC(31) Using 6 workers of 9 for evacuation
[2026-03-25T20:41:20.710+0900][2.405s][info][gc,phases   ] GC(31)   Pre Evacuate Collection Set: 0.07ms
[2026-03-25T20:41:20.710+0900][2.405s][info][gc,phases   ] GC(31)   Merge Heap Roots: 0.03ms
[2026-03-25T20:41:20.710+0900][2.405s][info][gc,phases   ] GC(31)   Evacuate Collection Set: 1.00ms
[2026-03-25T20:41:20.710+0900][2.405s][info][gc,phases   ] GC(31)   Post Evacuate Collection Set: 0.21ms
[2026-03-25T20:41:20.710+0900][2.405s][info][gc,phases   ] GC(31)   Other: 0.10ms
[2026-03-25T20:41:20.710+0900][2.405s][info][gc,heap     ] GC(31) Eden regions: 18->0(18)
[2026-03-25T20:41:20.710+0900][2.405s][info][gc,heap     ] GC(31) Survivor regions: 1->1(3)
[2026-03-25T20:41:20.710+0900][2.405s][info][gc,heap     ] GC(31) Old regions: 2->2
[2026-03-25T20:41:20.710+0900][2.405s][info][gc,heap     ] GC(31) Humongous regions: 0->0
[2026-03-25T20:41:20.710+0900][2.405s][info][gc,metaspace] GC(31) Metaspace: 5880K(6080K)->5880K(6080K) NonClass: 5248K(5376K)->5248K(5376K) Class: 632K(704K)->632K(704K)
[2026-03-25T20:41:20.710+0900][2.405s][info][gc          ] GC(31) Pause Young (Normal) (G1 Evacuation Pause) 154M->10M(264M) 1.824ms
[2026-03-25T20:41:20.710+0900][2.405s][info][gc,cpu      ] GC(31) User=0.00s Sys=0.00s Real=0.01s
[2026-03-25T20:41:20.769+0900][2.465s][info][gc,start    ] GC(32) Pause Young (Normal) (G1 Evacuation Pause)
[2026-03-25T20:41:20.769+0900][2.465s][info][gc,task     ] GC(32) Using 6 workers of 9 for evacuation
[2026-03-25T20:41:20.771+0900][2.466s][info][gc,phases   ] GC(32)   Pre Evacuate Collection Set: 0.06ms
[2026-03-25T20:41:20.771+0900][2.466s][info][gc,phases   ] GC(32)   Merge Heap Roots: 0.03ms
[2026-03-25T20:41:20.771+0900][2.466s][info][gc,phases   ] GC(32)   Evacuate Collection Set: 1.00ms
[2026-03-25T20:41:20.771+0900][2.466s][info][gc,phases   ] GC(32)   Post Evacuate Collection Set: 0.14ms
[2026-03-25T20:41:20.771+0900][2.466s][info][gc,phases   ] GC(32)   Other: 0.08ms
[2026-03-25T20:41:20.771+0900][2.466s][info][gc,heap     ] GC(32) Eden regions: 18->0(18)
[2026-03-25T20:41:20.771+0900][2.466s][info][gc,heap     ] GC(32) Survivor regions: 1->1(3)
[2026-03-25T20:41:20.771+0900][2.466s][info][gc,heap     ] GC(32) Old regions: 2->2
[2026-03-25T20:41:20.771+0900][2.466s][info][gc,heap     ] GC(32) Humongous regions: 0->0
[2026-03-25T20:41:20.771+0900][2.466s][info][gc,metaspace] GC(32) Metaspace: 5880K(6080K)->5880K(6080K) NonClass: 5248K(5376K)->5248K(5376K) Class: 632K(704K)->632K(704K)
[2026-03-25T20:41:20.771+0900][2.466s][info][gc          ] GC(32) Pause Young (Normal) (G1 Evacuation Pause) 154M->10M(264M) 1.607ms
[2026-03-25T20:41:20.771+0900][2.466s][info][gc,cpu      ] GC(32) User=0.00s Sys=0.00s Real=0.01s
[2026-03-25T20:41:20.829+0900][2.524s][info][gc,start    ] GC(33) Pause Young (Normal) (G1 Evacuation Pause)
[2026-03-25T20:41:20.829+0900][2.524s][info][gc,task     ] GC(33) Using 6 workers of 9 for evacuation
[2026-03-25T20:41:20.829+0900][2.525s][info][gc,phases   ] GC(33)   Pre Evacuate Collection Set: 0.06ms
[2026-03-25T20:41:20.829+0900][2.525s][info][gc,phases   ] GC(33)   Merge Heap Roots: 0.03ms
[2026-03-25T20:41:20.829+0900][2.525s][info][gc,phases   ] GC(33)   Evacuate Collection Set: 0.51ms
[2026-03-25T20:41:20.829+0900][2.525s][info][gc,phases   ] GC(33)   Post Evacuate Collection Set: 0.15ms
[2026-03-25T20:41:20.829+0900][2.525s][info][gc,phases   ] GC(33)   Other: 0.05ms
[2026-03-25T20:41:20.829+0900][2.525s][info][gc,heap     ] GC(33) Eden regions: 18->0(18)
[2026-03-25T20:41:20.829+0900][2.525s][info][gc,heap     ] GC(33) Survivor regions: 1->1(3)
[2026-03-25T20:41:20.829+0900][2.525s][info][gc,heap     ] GC(33) Old regions: 2->2
[2026-03-25T20:41:20.829+0900][2.525s][info][gc,heap     ] GC(33) Humongous regions: 0->0
[2026-03-25T20:41:20.829+0900][2.525s][info][gc,metaspace] GC(33) Metaspace: 5880K(6080K)->5880K(6080K) NonClass: 5248K(5376K)->5248K(5376K) Class: 632K(704K)->632K(704K)
[2026-03-25T20:41:20.830+0900][2.525s][info][gc          ] GC(33) Pause Young (Normal) (G1 Evacuation Pause) 154M->10M(264M) 0.989ms
[2026-03-25T20:41:20.830+0900][2.525s][info][gc,cpu      ] GC(33) User=0.00s Sys=0.00s Real=0.01s
[2026-03-25T20:41:20.940+0900][2.635s][info][gc,start    ] GC(34) Pause Young (Normal) (G1 Evacuation Pause)
[2026-03-25T20:41:20.940+0900][2.635s][info][gc,task     ] GC(34) Using 6 workers of 9 for evacuation
[2026-03-25T20:41:20.941+0900][2.636s][info][gc,phases   ] GC(34)   Pre Evacuate Collection Set: 0.06ms
[2026-03-25T20:41:20.941+0900][2.636s][info][gc,phases   ] GC(34)   Merge Heap Roots: 0.02ms
[2026-03-25T20:41:20.941+0900][2.636s][info][gc,phases   ] GC(34)   Evacuate Collection Set: 0.45ms
[2026-03-25T20:41:20.941+0900][2.636s][info][gc,phases   ] GC(34)   Post Evacuate Collection Set: 0.14ms
[2026-03-25T20:41:20.941+0900][2.636s][info][gc,phases   ] GC(34)   Other: 0.06ms
[2026-03-25T20:41:20.941+0900][2.636s][info][gc,heap     ] GC(34) Eden regions: 18->0(18)
[2026-03-25T20:41:20.941+0900][2.636s][info][gc,heap     ] GC(34) Survivor regions: 1->1(3)
[2026-03-25T20:41:20.941+0900][2.636s][info][gc,heap     ] GC(34) Old regions: 2->2
[2026-03-25T20:41:20.941+0900][2.636s][info][gc,heap     ] GC(34) Humongous regions: 0->0
[2026-03-25T20:41:20.941+0900][2.636s][info][gc,metaspace] GC(34) Metaspace: 5880K(6080K)->5880K(6080K) NonClass: 5248K(5376K)->5248K(5376K) Class: 632K(704K)->632K(704K)
[2026-03-25T20:41:20.941+0900][2.636s][info][gc          ] GC(34) Pause Young (Normal) (G1 Evacuation Pause) 154M->10M(264M) 1.002ms
[2026-03-25T20:41:20.941+0900][2.636s][info][gc,cpu      ] GC(34) User=0.01s Sys=0.00s Real=0.00s
[2026-03-25T20:41:20.998+0900][2.694s][info][gc,start    ] GC(35) Pause Young (Normal) (G1 Evacuation Pause)
[2026-03-25T20:41:20.998+0900][2.694s][info][gc,task     ] GC(35) Using 6 workers of 9 for evacuation
[2026-03-25T20:41:20.999+0900][2.695s][info][gc,phases   ] GC(35)   Pre Evacuate Collection Set: 0.07ms
[2026-03-25T20:41:20.999+0900][2.695s][info][gc,phases   ] GC(35)   Merge Heap Roots: 0.02ms
[2026-03-25T20:41:20.999+0900][2.695s][info][gc,phases   ] GC(35)   Evacuate Collection Set: 0.79ms
[2026-03-25T20:41:20.999+0900][2.695s][info][gc,phases   ] GC(35)   Post Evacuate Collection Set: 0.15ms
[2026-03-25T20:41:20.999+0900][2.695s][info][gc,phases   ] GC(35)   Other: 0.08ms
[2026-03-25T20:41:20.999+0900][2.695s][info][gc,heap     ] GC(35) Eden regions: 18->0(18)
[2026-03-25T20:41:20.999+0900][2.695s][info][gc,heap     ] GC(35) Survivor regions: 1->1(3)
[2026-03-25T20:41:20.999+0900][2.695s][info][gc,heap     ] GC(35) Old regions: 2->2
[2026-03-25T20:41:20.999+0900][2.695s][info][gc,heap     ] GC(35) Humongous regions: 0->0
[2026-03-25T20:41:20.999+0900][2.695s][info][gc,metaspace] GC(35) Metaspace: 5880K(6080K)->5880K(6080K) NonClass: 5248K(5376K)->5248K(5376K) Class: 632K(704K)->632K(704K)
[2026-03-25T20:41:20.999+0900][2.695s][info][gc          ] GC(35) Pause Young (Normal) (G1 Evacuation Pause) 154M->10M(264M) 1.364ms
[2026-03-25T20:41:20.999+0900][2.695s][info][gc,cpu      ] GC(35) User=0.01s Sys=0.00s Real=0.00s
[2026-03-25T20:41:21.056+0900][2.752s][info][gc,start    ] GC(36) Pause Young (Normal) (G1 Evacuation Pause)
[2026-03-25T20:41:21.056+0900][2.752s][info][gc,task     ] GC(36) Using 6 workers of 9 for evacuation
[2026-03-25T20:41:21.057+0900][2.753s][info][gc,phases   ] GC(36)   Pre Evacuate Collection Set: 0.05ms
[2026-03-25T20:41:21.057+0900][2.753s][info][gc,phases   ] GC(36)   Merge Heap Roots: 0.04ms
[2026-03-25T20:41:21.057+0900][2.753s][info][gc,phases   ] GC(36)   Evacuate Collection Set: 0.50ms
[2026-03-25T20:41:21.057+0900][2.753s][info][gc,phases   ] GC(36)   Post Evacuate Collection Set: 0.12ms
[2026-03-25T20:41:21.057+0900][2.753s][info][gc,phases   ] GC(36)   Other: 0.06ms
[2026-03-25T20:41:21.057+0900][2.753s][info][gc,heap     ] GC(36) Eden regions: 18->0(18)
[2026-03-25T20:41:21.057+0900][2.753s][info][gc,heap     ] GC(36) Survivor regions: 1->1(3)
[2026-03-25T20:41:21.057+0900][2.753s][info][gc,heap     ] GC(36) Old regions: 2->2
[2026-03-25T20:41:21.057+0900][2.753s][info][gc,heap     ] GC(36) Humongous regions: 0->0
[2026-03-25T20:41:21.057+0900][2.753s][info][gc,metaspace] GC(36) Metaspace: 5880K(6080K)->5880K(6080K) NonClass: 5248K(5376K)->5248K(5376K) Class: 632K(704K)->632K(704K)
[2026-03-25T20:41:21.057+0900][2.753s][info][gc          ] GC(36) Pause Young (Normal) (G1 Evacuation Pause) 154M->10M(264M) 0.990ms
[2026-03-25T20:41:21.057+0900][2.753s][info][gc,cpu      ] GC(36) User=0.00s Sys=0.00s Real=0.00s
[2026-03-25T20:41:21.170+0900][2.865s][info][gc,start    ] GC(37) Pause Young (Normal) (G1 Evacuation Pause)
[2026-03-25T20:41:21.170+0900][2.865s][info][gc,task     ] GC(37) Using 6 workers of 9 for evacuation
[2026-03-25T20:41:21.171+0900][2.867s][info][gc,phases   ] GC(37)   Pre Evacuate Collection Set: 0.07ms
[2026-03-25T20:41:21.171+0900][2.867s][info][gc,phases   ] GC(37)   Merge Heap Roots: 0.03ms
[2026-03-25T20:41:21.171+0900][2.867s][info][gc,phases   ] GC(37)   Evacuate Collection Set: 1.30ms
[2026-03-25T20:41:21.171+0900][2.867s][info][gc,phases   ] GC(37)   Post Evacuate Collection Set: 0.13ms
[2026-03-25T20:41:21.171+0900][2.867s][info][gc,phases   ] GC(37)   Other: 0.08ms
[2026-03-25T20:41:21.171+0900][2.867s][info][gc,heap     ] GC(37) Eden regions: 18->0(18)
[2026-03-25T20:41:21.171+0900][2.867s][info][gc,heap     ] GC(37) Survivor regions: 1->1(3)
[2026-03-25T20:41:21.171+0900][2.867s][info][gc,heap     ] GC(37) Old regions: 2->2
[2026-03-25T20:41:21.171+0900][2.867s][info][gc,heap     ] GC(37) Humongous regions: 0->0
[2026-03-25T20:41:21.171+0900][2.867s][info][gc,metaspace] GC(37) Metaspace: 5880K(6080K)->5880K(6080K) NonClass: 5248K(5376K)->5248K(5376K) Class: 632K(704K)->632K(704K)
[2026-03-25T20:41:21.171+0900][2.867s][info][gc          ] GC(37) Pause Young (Normal) (G1 Evacuation Pause) 154M->10M(264M) 1.952ms
[2026-03-25T20:41:21.172+0900][2.867s][info][gc,cpu      ] GC(37) User=0.00s Sys=0.00s Real=0.00s
[2026-03-25T20:41:21.226+0900][2.922s][info][gc,start    ] GC(38) Pause Young (Normal) (G1 Evacuation Pause)
[2026-03-25T20:41:21.227+0900][2.922s][info][gc,task     ] GC(38) Using 6 workers of 9 for evacuation
[2026-03-25T20:41:21.228+0900][2.923s][info][gc,phases   ] GC(38)   Pre Evacuate Collection Set: 0.06ms
[2026-03-25T20:41:21.228+0900][2.923s][info][gc,phases   ] GC(38)   Merge Heap Roots: 0.03ms
[2026-03-25T20:41:21.228+0900][2.923s][info][gc,phases   ] GC(38)   Evacuate Collection Set: 0.98ms
[2026-03-25T20:41:21.228+0900][2.923s][info][gc,phases   ] GC(38)   Post Evacuate Collection Set: 0.15ms
[2026-03-25T20:41:21.228+0900][2.923s][info][gc,phases   ] GC(38)   Other: 0.08ms
[2026-03-25T20:41:21.228+0900][2.923s][info][gc,heap     ] GC(38) Eden regions: 18->0(18)
[2026-03-25T20:41:21.228+0900][2.923s][info][gc,heap     ] GC(38) Survivor regions: 1->1(3)
[2026-03-25T20:41:21.228+0900][2.924s][info][gc,heap     ] GC(38) Old regions: 2->2
[2026-03-25T20:41:21.228+0900][2.924s][info][gc,heap     ] GC(38) Humongous regions: 0->0
[2026-03-25T20:41:21.228+0900][2.924s][info][gc,metaspace] GC(38) Metaspace: 5880K(6080K)->5880K(6080K) NonClass: 5248K(5376K)->5248K(5376K) Class: 632K(704K)->632K(704K)
[2026-03-25T20:41:21.228+0900][2.924s][info][gc          ] GC(38) Pause Young (Normal) (G1 Evacuation Pause) 154M->10M(264M) 1.600ms
[2026-03-25T20:41:21.228+0900][2.924s][info][gc,cpu      ] GC(38) User=0.00s Sys=0.00s Real=0.00s
[2026-03-25T20:41:21.287+0900][2.983s][info][gc,start    ] GC(39) Pause Young (Normal) (G1 Evacuation Pause)
[2026-03-25T20:41:21.287+0900][2.983s][info][gc,task     ] GC(39) Using 6 workers of 9 for evacuation
[2026-03-25T20:41:21.289+0900][2.984s][info][gc,phases   ] GC(39)   Pre Evacuate Collection Set: 0.07ms
[2026-03-25T20:41:21.289+0900][2.984s][info][gc,phases   ] GC(39)   Merge Heap Roots: 0.03ms
[2026-03-25T20:41:21.289+0900][2.984s][info][gc,phases   ] GC(39)   Evacuate Collection Set: 1.09ms
[2026-03-25T20:41:21.289+0900][2.984s][info][gc,phases   ] GC(39)   Post Evacuate Collection Set: 0.16ms
[2026-03-25T20:41:21.289+0900][2.984s][info][gc,phases   ] GC(39)   Other: 0.08ms
[2026-03-25T20:41:21.289+0900][2.984s][info][gc,heap     ] GC(39) Eden regions: 18->0(18)
[2026-03-25T20:41:21.289+0900][2.984s][info][gc,heap     ] GC(39) Survivor regions: 1->1(3)
[2026-03-25T20:41:21.289+0900][2.984s][info][gc,heap     ] GC(39) Old regions: 2->2
[2026-03-25T20:41:21.289+0900][2.985s][info][gc,heap     ] GC(39) Humongous regions: 0->0
[2026-03-25T20:41:21.289+0900][2.985s][info][gc,metaspace] GC(39) Metaspace: 5880K(6080K)->5880K(6080K) NonClass: 5248K(5376K)->5248K(5376K) Class: 632K(704K)->632K(704K)
[2026-03-25T20:41:21.289+0900][2.985s][info][gc          ] GC(39) Pause Young (Normal) (G1 Evacuation Pause) 154M->10M(264M) 1.709ms
[2026-03-25T20:41:21.289+0900][2.985s][info][gc,cpu      ] GC(39) User=0.00s Sys=0.00s Real=0.00s
[2026-03-25T20:41:21.397+0900][3.093s][info][gc,start    ] GC(40) Pause Young (Normal) (G1 Evacuation Pause)
[2026-03-25T20:41:21.397+0900][3.093s][info][gc,task     ] GC(40) Using 6 workers of 9 for evacuation
[2026-03-25T20:41:21.399+0900][3.094s][info][gc,phases   ] GC(40)   Pre Evacuate Collection Set: 0.10ms
[2026-03-25T20:41:21.399+0900][3.094s][info][gc,phases   ] GC(40)   Merge Heap Roots: 0.05ms
[2026-03-25T20:41:21.399+0900][3.094s][info][gc,phases   ] GC(40)   Evacuate Collection Set: 1.01ms
[2026-03-25T20:41:21.399+0900][3.094s][info][gc,phases   ] GC(40)   Post Evacuate Collection Set: 0.16ms
[2026-03-25T20:41:21.399+0900][3.094s][info][gc,phases   ] GC(40)   Other: 0.10ms
[2026-03-25T20:41:21.399+0900][3.094s][info][gc,heap     ] GC(40) Eden regions: 18->0(18)
[2026-03-25T20:41:21.399+0900][3.094s][info][gc,heap     ] GC(40) Survivor regions: 1->1(3)
[2026-03-25T20:41:21.399+0900][3.094s][info][gc,heap     ] GC(40) Old regions: 2->2
[2026-03-25T20:41:21.399+0900][3.094s][info][gc,heap     ] GC(40) Humongous regions: 0->0
[2026-03-25T20:41:21.399+0900][3.094s][info][gc,metaspace] GC(40) Metaspace: 5880K(6080K)->5880K(6080K) NonClass: 5248K(5376K)->5248K(5376K) Class: 632K(704K)->632K(704K)
[2026-03-25T20:41:21.399+0900][3.094s][info][gc          ] GC(40) Pause Young (Normal) (G1 Evacuation Pause) 154M->10M(264M) 1.802ms
[2026-03-25T20:41:21.399+0900][3.094s][info][gc,cpu      ] GC(40) User=0.01s Sys=0.00s Real=0.00s
[2026-03-25T20:41:21.458+0900][3.154s][info][gc,start    ] GC(41) Pause Young (Normal) (G1 Evacuation Pause)
[2026-03-25T20:41:21.458+0900][3.154s][info][gc,task     ] GC(41) Using 6 workers of 9 for evacuation
[2026-03-25T20:41:21.460+0900][3.155s][info][gc,phases   ] GC(41)   Pre Evacuate Collection Set: 0.05ms
[2026-03-25T20:41:21.460+0900][3.155s][info][gc,phases   ] GC(41)   Merge Heap Roots: 0.02ms
[2026-03-25T20:41:21.460+0900][3.155s][info][gc,phases   ] GC(41)   Evacuate Collection Set: 1.04ms
[2026-03-25T20:41:21.460+0900][3.155s][info][gc,phases   ] GC(41)   Post Evacuate Collection Set: 0.18ms
[2026-03-25T20:41:21.460+0900][3.155s][info][gc,phases   ] GC(41)   Other: 0.11ms
[2026-03-25T20:41:21.460+0900][3.155s][info][gc,heap     ] GC(41) Eden regions: 18->0(18)
[2026-03-25T20:41:21.460+0900][3.155s][info][gc,heap     ] GC(41) Survivor regions: 1->1(3)
[2026-03-25T20:41:21.460+0900][3.155s][info][gc,heap     ] GC(41) Old regions: 2->2
[2026-03-25T20:41:21.460+0900][3.155s][info][gc,heap     ] GC(41) Humongous regions: 0->0
[2026-03-25T20:41:21.460+0900][3.155s][info][gc,metaspace] GC(41) Metaspace: 5880K(6080K)->5880K(6080K) NonClass: 5248K(5376K)->5248K(5376K) Class: 632K(704K)->632K(704K)
[2026-03-25T20:41:21.460+0900][3.155s][info][gc          ] GC(41) Pause Young (Normal) (G1 Evacuation Pause) 154M->10M(264M) 1.727ms
[2026-03-25T20:41:21.460+0900][3.155s][info][gc,cpu      ] GC(41) User=0.01s Sys=0.00s Real=0.01s
[2026-03-25T20:41:21.572+0900][3.268s][info][gc,start    ] GC(42) Pause Young (Normal) (G1 Evacuation Pause)
[2026-03-25T20:41:21.572+0900][3.268s][info][gc,task     ] GC(42) Using 6 workers of 9 for evacuation
[2026-03-25T20:41:21.574+0900][3.269s][info][gc,phases   ] GC(42)   Pre Evacuate Collection Set: 0.06ms
[2026-03-25T20:41:21.574+0900][3.269s][info][gc,phases   ] GC(42)   Merge Heap Roots: 0.03ms
[2026-03-25T20:41:21.574+0900][3.269s][info][gc,phases   ] GC(42)   Evacuate Collection Set: 1.05ms
[2026-03-25T20:41:21.574+0900][3.269s][info][gc,phases   ] GC(42)   Post Evacuate Collection Set: 0.16ms
[2026-03-25T20:41:21.574+0900][3.269s][info][gc,phases   ] GC(42)   Other: 0.11ms
[2026-03-25T20:41:21.574+0900][3.269s][info][gc,heap     ] GC(42) Eden regions: 18->0(18)
[2026-03-25T20:41:21.574+0900][3.269s][info][gc,heap     ] GC(42) Survivor regions: 1->1(3)
[2026-03-25T20:41:21.574+0900][3.269s][info][gc,heap     ] GC(42) Old regions: 2->2
[2026-03-25T20:41:21.574+0900][3.269s][info][gc,heap     ] GC(42) Humongous regions: 0->0
[2026-03-25T20:41:21.574+0900][3.269s][info][gc,metaspace] GC(42) Metaspace: 5880K(6080K)->5880K(6080K) NonClass: 5248K(5376K)->5248K(5376K) Class: 632K(704K)->632K(704K)
[2026-03-25T20:41:21.574+0900][3.269s][info][gc          ] GC(42) Pause Young (Normal) (G1 Evacuation Pause) 154M->10M(264M) 1.757ms
[2026-03-25T20:41:21.574+0900][3.269s][info][gc,cpu      ] GC(42) User=0.01s Sys=0.00s Real=0.00s
[2026-03-25T20:41:21.634+0900][3.330s][info][gc,start    ] GC(43) Pause Young (Normal) (G1 Evacuation Pause)
[2026-03-25T20:41:21.634+0900][3.330s][info][gc,task     ] GC(43) Using 6 workers of 9 for evacuation
[2026-03-25T20:41:21.636+0900][3.332s][info][gc,phases   ] GC(43)   Pre Evacuate Collection Set: 0.32ms
[2026-03-25T20:41:21.636+0900][3.332s][info][gc,phases   ] GC(43)   Merge Heap Roots: 0.02ms
[2026-03-25T20:41:21.636+0900][3.332s][info][gc,phases   ] GC(43)   Evacuate Collection Set: 1.18ms
[2026-03-25T20:41:21.636+0900][3.332s][info][gc,phases   ] GC(43)   Post Evacuate Collection Set: 0.12ms
[2026-03-25T20:41:21.636+0900][3.332s][info][gc,phases   ] GC(43)   Other: 0.09ms
[2026-03-25T20:41:21.636+0900][3.332s][info][gc,heap     ] GC(43) Eden regions: 18->0(18)
[2026-03-25T20:41:21.636+0900][3.332s][info][gc,heap     ] GC(43) Survivor regions: 1->1(3)
[2026-03-25T20:41:21.636+0900][3.332s][info][gc,heap     ] GC(43) Old regions: 2->2
[2026-03-25T20:41:21.636+0900][3.332s][info][gc,heap     ] GC(43) Humongous regions: 0->0
[2026-03-25T20:41:21.636+0900][3.332s][info][gc,metaspace] GC(43) Metaspace: 5904K(6080K)->5904K(6080K) NonClass: 5272K(5376K)->5272K(5376K) Class: 632K(704K)->632K(704K)
[2026-03-25T20:41:21.636+0900][3.332s][info][gc          ] GC(43) Pause Young (Normal) (G1 Evacuation Pause) 154M->10M(264M) 2.020ms
[2026-03-25T20:41:21.636+0900][3.332s][info][gc,cpu      ] GC(43) User=0.00s Sys=0.00s Real=0.00s
[2026-03-25T20:41:21.696+0900][3.391s][info][gc,start    ] GC(44) Pause Young (Normal) (G1 Evacuation Pause)
[2026-03-25T20:41:21.696+0900][3.392s][info][gc,task     ] GC(44) Using 6 workers of 9 for evacuation
[2026-03-25T20:41:21.698+0900][3.393s][info][gc,phases   ] GC(44)   Pre Evacuate Collection Set: 0.06ms
[2026-03-25T20:41:21.698+0900][3.393s][info][gc,phases   ] GC(44)   Merge Heap Roots: 0.03ms
[2026-03-25T20:41:21.698+0900][3.393s][info][gc,phases   ] GC(44)   Evacuate Collection Set: 0.87ms
[2026-03-25T20:41:21.698+0900][3.393s][info][gc,phases   ] GC(44)   Post Evacuate Collection Set: 0.12ms
[2026-03-25T20:41:21.698+0900][3.393s][info][gc,phases   ] GC(44)   Other: 0.09ms
[2026-03-25T20:41:21.698+0900][3.393s][info][gc,heap     ] GC(44) Eden regions: 18->0(18)
[2026-03-25T20:41:21.698+0900][3.393s][info][gc,heap     ] GC(44) Survivor regions: 1->1(3)
[2026-03-25T20:41:21.698+0900][3.393s][info][gc,heap     ] GC(44) Old regions: 2->2
[2026-03-25T20:41:21.698+0900][3.393s][info][gc,heap     ] GC(44) Humongous regions: 0->0
[2026-03-25T20:41:21.698+0900][3.393s][info][gc,metaspace] GC(44) Metaspace: 5904K(6080K)->5904K(6080K) NonClass: 5272K(5376K)->5272K(5376K) Class: 632K(704K)->632K(704K)
[2026-03-25T20:41:21.698+0900][3.393s][info][gc          ] GC(44) Pause Young (Normal) (G1 Evacuation Pause) 154M->10M(264M) 1.978ms
[2026-03-25T20:41:21.698+0900][3.393s][info][gc,cpu      ] GC(44) User=0.00s Sys=0.00s Real=0.00s
[2026-03-25T20:41:21.811+0900][3.506s][info][gc,start    ] GC(45) Pause Young (Normal) (G1 Evacuation Pause)
[2026-03-25T20:41:21.811+0900][3.506s][info][gc,task     ] GC(45) Using 6 workers of 9 for evacuation
[2026-03-25T20:41:21.812+0900][3.508s][info][gc,phases   ] GC(45)   Pre Evacuate Collection Set: 0.10ms
[2026-03-25T20:41:21.812+0900][3.508s][info][gc,phases   ] GC(45)   Merge Heap Roots: 0.04ms
[2026-03-25T20:41:21.812+0900][3.508s][info][gc,phases   ] GC(45)   Evacuate Collection Set: 1.09ms
[2026-03-25T20:41:21.812+0900][3.508s][info][gc,phases   ] GC(45)   Post Evacuate Collection Set: 0.13ms
[2026-03-25T20:41:21.812+0900][3.508s][info][gc,phases   ] GC(45)   Other: 0.11ms
[2026-03-25T20:41:21.812+0900][3.508s][info][gc,heap     ] GC(45) Eden regions: 18->0(18)
[2026-03-25T20:41:21.812+0900][3.508s][info][gc,heap     ] GC(45) Survivor regions: 1->1(3)
[2026-03-25T20:41:21.812+0900][3.508s][info][gc,heap     ] GC(45) Old regions: 2->2
[2026-03-25T20:41:21.812+0900][3.508s][info][gc,heap     ] GC(45) Humongous regions: 0->0
[2026-03-25T20:41:21.812+0900][3.508s][info][gc,metaspace] GC(45) Metaspace: 5904K(6080K)->5904K(6080K) NonClass: 5272K(5376K)->5272K(5376K) Class: 632K(704K)->632K(704K)
[2026-03-25T20:41:21.812+0900][3.508s][info][gc          ] GC(45) Pause Young (Normal) (G1 Evacuation Pause) 154M->10M(264M) 1.806ms
[2026-03-25T20:41:21.812+0900][3.508s][info][gc,cpu      ] GC(45) User=0.00s Sys=0.00s Real=0.00s
[2026-03-25T20:41:21.869+0900][3.565s][info][gc,start    ] GC(46) Pause Young (Normal) (G1 Evacuation Pause)
[2026-03-25T20:41:21.869+0900][3.565s][info][gc,task     ] GC(46) Using 6 workers of 9 for evacuation
[2026-03-25T20:41:21.871+0900][3.566s][info][gc,phases   ] GC(46)   Pre Evacuate Collection Set: 0.09ms
[2026-03-25T20:41:21.871+0900][3.566s][info][gc,phases   ] GC(46)   Merge Heap Roots: 0.04ms
[2026-03-25T20:41:21.871+0900][3.566s][info][gc,phases   ] GC(46)   Evacuate Collection Set: 0.90ms
[2026-03-25T20:41:21.871+0900][3.566s][info][gc,phases   ] GC(46)   Post Evacuate Collection Set: 0.20ms
[2026-03-25T20:41:21.871+0900][3.566s][info][gc,phases   ] GC(46)   Other: 0.16ms
[2026-03-25T20:41:21.871+0900][3.566s][info][gc,heap     ] GC(46) Eden regions: 18->0(18)
[2026-03-25T20:41:21.871+0900][3.566s][info][gc,heap     ] GC(46) Survivor regions: 1->1(3)
[2026-03-25T20:41:21.871+0900][3.566s][info][gc,heap     ] GC(46) Old regions: 2->2
[2026-03-25T20:41:21.871+0900][3.566s][info][gc,heap     ] GC(46) Humongous regions: 0->0
[2026-03-25T20:41:21.871+0900][3.567s][info][gc,metaspace] GC(46) Metaspace: 5904K(6080K)->5904K(6080K) NonClass: 5272K(5376K)->5272K(5376K) Class: 632K(704K)->632K(704K)
[2026-03-25T20:41:21.871+0900][3.567s][info][gc          ] GC(46) Pause Young (Normal) (G1 Evacuation Pause) 154M->10M(264M) 1.892ms
[2026-03-25T20:41:21.871+0900][3.567s][info][gc,cpu      ] GC(46) User=0.00s Sys=0.00s Real=0.01s
[2026-03-25T20:41:21.930+0900][3.625s][info][gc,start    ] GC(47) Pause Young (Normal) (G1 Evacuation Pause)
[2026-03-25T20:41:21.930+0900][3.625s][info][gc,task     ] GC(47) Using 6 workers of 9 for evacuation
[2026-03-25T20:41:21.931+0900][3.627s][info][gc,phases   ] GC(47)   Pre Evacuate Collection Set: 0.06ms
[2026-03-25T20:41:21.931+0900][3.627s][info][gc,phases   ] GC(47)   Merge Heap Roots: 0.02ms
[2026-03-25T20:41:21.931+0900][3.627s][info][gc,phases   ] GC(47)   Evacuate Collection Set: 1.00ms
[2026-03-25T20:41:21.931+0900][3.627s][info][gc,phases   ] GC(47)   Post Evacuate Collection Set: 0.11ms
[2026-03-25T20:41:21.931+0900][3.627s][info][gc,phases   ] GC(47)   Other: 0.07ms
[2026-03-25T20:41:21.931+0900][3.627s][info][gc,heap     ] GC(47) Eden regions: 18->0(18)
[2026-03-25T20:41:21.931+0900][3.627s][info][gc,heap     ] GC(47) Survivor regions: 1->1(3)
[2026-03-25T20:41:21.931+0900][3.627s][info][gc,heap     ] GC(47) Old regions: 2->2
[2026-03-25T20:41:21.931+0900][3.627s][info][gc,heap     ] GC(47) Humongous regions: 0->0
[2026-03-25T20:41:21.931+0900][3.627s][info][gc,metaspace] GC(47) Metaspace: 5904K(6080K)->5904K(6080K) NonClass: 5272K(5376K)->5272K(5376K) Class: 632K(704K)->632K(704K)
[2026-03-25T20:41:21.931+0900][3.627s][info][gc          ] GC(47) Pause Young (Normal) (G1 Evacuation Pause) 154M->10M(264M) 1.507ms
[2026-03-25T20:41:21.931+0900][3.627s][info][gc,cpu      ] GC(47) User=0.01s Sys=0.01s Real=0.00s
[2026-03-25T20:41:22.042+0900][3.738s][info][gc,start    ] GC(48) Pause Young (Normal) (G1 Evacuation Pause)
[2026-03-25T20:41:22.043+0900][3.738s][info][gc,task     ] GC(48) Using 6 workers of 9 for evacuation
[2026-03-25T20:41:22.044+0900][3.739s][info][gc,phases   ] GC(48)   Pre Evacuate Collection Set: 0.10ms
[2026-03-25T20:41:22.044+0900][3.739s][info][gc,phases   ] GC(48)   Merge Heap Roots: 0.05ms
[2026-03-25T20:41:22.044+0900][3.739s][info][gc,phases   ] GC(48)   Evacuate Collection Set: 0.88ms
[2026-03-25T20:41:22.044+0900][3.739s][info][gc,phases   ] GC(48)   Post Evacuate Collection Set: 0.16ms
[2026-03-25T20:41:22.044+0900][3.739s][info][gc,phases   ] GC(48)   Other: 0.06ms
[2026-03-25T20:41:22.044+0900][3.739s][info][gc,heap     ] GC(48) Eden regions: 18->0(18)
[2026-03-25T20:41:22.044+0900][3.739s][info][gc,heap     ] GC(48) Survivor regions: 1->1(3)
[2026-03-25T20:41:22.044+0900][3.739s][info][gc,heap     ] GC(48) Old regions: 2->2
[2026-03-25T20:41:22.044+0900][3.739s][info][gc,heap     ] GC(48) Humongous regions: 0->0
[2026-03-25T20:41:22.044+0900][3.739s][info][gc,metaspace] GC(48) Metaspace: 5904K(6080K)->5904K(6080K) NonClass: 5272K(5376K)->5272K(5376K) Class: 632K(704K)->632K(704K)
[2026-03-25T20:41:22.044+0900][3.739s][info][gc          ] GC(48) Pause Young (Normal) (G1 Evacuation Pause) 154M->10M(264M) 1.494ms
[2026-03-25T20:41:22.044+0900][3.739s][info][gc,cpu      ] GC(48) User=0.01s Sys=0.00s Real=0.00s
[2026-03-25T20:41:22.103+0900][3.798s][info][gc,start    ] GC(49) Pause Young (Normal) (G1 Evacuation Pause)
[2026-03-25T20:41:22.103+0900][3.798s][info][gc,task     ] GC(49) Using 6 workers of 9 for evacuation
[2026-03-25T20:41:22.104+0900][3.800s][info][gc,phases   ] GC(49)   Pre Evacuate Collection Set: 0.09ms
[2026-03-25T20:41:22.104+0900][3.800s][info][gc,phases   ] GC(49)   Merge Heap Roots: 0.04ms
[2026-03-25T20:41:22.104+0900][3.800s][info][gc,phases   ] GC(49)   Evacuate Collection Set: 1.03ms
[2026-03-25T20:41:22.105+0900][3.800s][info][gc,phases   ] GC(49)   Post Evacuate Collection Set: 0.15ms
[2026-03-25T20:41:22.105+0900][3.800s][info][gc,phases   ] GC(49)   Other: 0.10ms
[2026-03-25T20:41:22.105+0900][3.800s][info][gc,heap     ] GC(49) Eden regions: 18->0(18)
[2026-03-25T20:41:22.105+0900][3.800s][info][gc,heap     ] GC(49) Survivor regions: 1->1(3)
[2026-03-25T20:41:22.105+0900][3.800s][info][gc,heap     ] GC(49) Old regions: 2->2
[2026-03-25T20:41:22.105+0900][3.800s][info][gc,heap     ] GC(49) Humongous regions: 0->0
[2026-03-25T20:41:22.105+0900][3.800s][info][gc,metaspace] GC(49) Metaspace: 5904K(6080K)->5904K(6080K) NonClass: 5272K(5376K)->5272K(5376K) Class: 632K(704K)->632K(704K)
[2026-03-25T20:41:22.105+0900][3.800s][info][gc          ] GC(49) Pause Young (Normal) (G1 Evacuation Pause) 154M->10M(264M) 1.760ms
[2026-03-25T20:41:22.105+0900][3.800s][info][gc,cpu      ] GC(49) User=0.01s Sys=0.00s Real=0.00s
[2026-03-25T20:41:22.164+0900][3.859s][info][gc,start    ] GC(50) Pause Young (Normal) (G1 Evacuation Pause)
[2026-03-25T20:41:22.164+0900][3.859s][info][gc,task     ] GC(50) Using 6 workers of 9 for evacuation
[2026-03-25T20:41:22.165+0900][3.860s][info][gc,phases   ] GC(50)   Pre Evacuate Collection Set: 0.05ms
[2026-03-25T20:41:22.165+0900][3.861s][info][gc,phases   ] GC(50)   Merge Heap Roots: 0.02ms
[2026-03-25T20:41:22.165+0900][3.861s][info][gc,phases   ] GC(50)   Evacuate Collection Set: 0.73ms
[2026-03-25T20:41:22.165+0900][3.861s][info][gc,phases   ] GC(50)   Post Evacuate Collection Set: 0.12ms
[2026-03-25T20:41:22.165+0900][3.861s][info][gc,phases   ] GC(50)   Other: 0.07ms
[2026-03-25T20:41:22.165+0900][3.861s][info][gc,heap     ] GC(50) Eden regions: 18->0(18)
[2026-03-25T20:41:22.165+0900][3.861s][info][gc,heap     ] GC(50) Survivor regions: 1->1(3)
[2026-03-25T20:41:22.165+0900][3.861s][info][gc,heap     ] GC(50) Old regions: 2->2
[2026-03-25T20:41:22.165+0900][3.861s][info][gc,heap     ] GC(50) Humongous regions: 0->0
[2026-03-25T20:41:22.165+0900][3.861s][info][gc,metaspace] GC(50) Metaspace: 5904K(6080K)->5904K(6080K) NonClass: 5272K(5376K)->5272K(5376K) Class: 632K(704K)->632K(704K)
[2026-03-25T20:41:22.165+0900][3.861s][info][gc          ] GC(50) Pause Young (Normal) (G1 Evacuation Pause) 154M->10M(264M) 1.231ms
[2026-03-25T20:41:22.165+0900][3.861s][info][gc,cpu      ] GC(50) User=0.01s Sys=0.00s Real=0.00s
[2026-03-25T20:41:22.280+0900][3.976s][info][gc,start    ] GC(51) Pause Young (Normal) (G1 Evacuation Pause)
[2026-03-25T20:41:22.280+0900][3.976s][info][gc,task     ] GC(51) Using 6 workers of 9 for evacuation
[2026-03-25T20:41:22.281+0900][3.977s][info][gc,phases   ] GC(51)   Pre Evacuate Collection Set: 0.05ms
[2026-03-25T20:41:22.281+0900][3.977s][info][gc,phases   ] GC(51)   Merge Heap Roots: 0.02ms
[2026-03-25T20:41:22.281+0900][3.977s][info][gc,phases   ] GC(51)   Evacuate Collection Set: 0.71ms
[2026-03-25T20:41:22.281+0900][3.977s][info][gc,phases   ] GC(51)   Post Evacuate Collection Set: 0.12ms
[2026-03-25T20:41:22.281+0900][3.977s][info][gc,phases   ] GC(51)   Other: 0.07ms
[2026-03-25T20:41:22.281+0900][3.977s][info][gc,heap     ] GC(51) Eden regions: 18->0(18)
[2026-03-25T20:41:22.281+0900][3.977s][info][gc,heap     ] GC(51) Survivor regions: 1->1(3)
[2026-03-25T20:41:22.281+0900][3.977s][info][gc,heap     ] GC(51) Old regions: 2->2
[2026-03-25T20:41:22.281+0900][3.977s][info][gc,heap     ] GC(51) Humongous regions: 0->0
[2026-03-25T20:41:22.281+0900][3.977s][info][gc,metaspace] GC(51) Metaspace: 5904K(6080K)->5904K(6080K) NonClass: 5272K(5376K)->5272K(5376K) Class: 632K(704K)->632K(704K)
[2026-03-25T20:41:22.281+0900][3.977s][info][gc          ] GC(51) Pause Young (Normal) (G1 Evacuation Pause) 154M->10M(264M) 1.235ms
[2026-03-25T20:41:22.281+0900][3.977s][info][gc,cpu      ] GC(51) User=0.01s Sys=0.00s Real=0.00s
[2026-03-25T20:41:22.341+0900][4.036s][info][gc,start    ] GC(52) Pause Young (Normal) (G1 Evacuation Pause)
[2026-03-25T20:41:22.341+0900][4.037s][info][gc,task     ] GC(52) Using 6 workers of 9 for evacuation
[2026-03-25T20:41:22.343+0900][4.038s][info][gc,phases   ] GC(52)   Pre Evacuate Collection Set: 0.09ms
[2026-03-25T20:41:22.343+0900][4.038s][info][gc,phases   ] GC(52)   Merge Heap Roots: 0.04ms
[2026-03-25T20:41:22.343+0900][4.038s][info][gc,phases   ] GC(52)   Evacuate Collection Set: 1.14ms
[2026-03-25T20:41:22.343+0900][4.038s][info][gc,phases   ] GC(52)   Post Evacuate Collection Set: 0.13ms
[2026-03-25T20:41:22.343+0900][4.038s][info][gc,phases   ] GC(52)   Other: 0.09ms
[2026-03-25T20:41:22.343+0900][4.038s][info][gc,heap     ] GC(52) Eden regions: 18->0(18)
[2026-03-25T20:41:22.343+0900][4.038s][info][gc,heap     ] GC(52) Survivor regions: 1->1(3)
[2026-03-25T20:41:22.343+0900][4.038s][info][gc,heap     ] GC(52) Old regions: 2->2
[2026-03-25T20:41:22.343+0900][4.038s][info][gc,heap     ] GC(52) Humongous regions: 0->0
[2026-03-25T20:41:22.343+0900][4.038s][info][gc,metaspace] GC(52) Metaspace: 5904K(6080K)->5904K(6080K) NonClass: 5272K(5376K)->5272K(5376K) Class: 632K(704K)->632K(704K)
[2026-03-25T20:41:22.343+0900][4.038s][info][gc          ] GC(52) Pause Young (Normal) (G1 Evacuation Pause) 154M->10M(264M) 1.770ms
[2026-03-25T20:41:22.343+0900][4.038s][info][gc,cpu      ] GC(52) User=0.01s Sys=0.00s Real=0.00s
[2026-03-25T20:41:22.398+0900][4.094s][info][gc,start    ] GC(53) Pause Young (Normal) (G1 Evacuation Pause)
[2026-03-25T20:41:22.398+0900][4.094s][info][gc,task     ] GC(53) Using 6 workers of 9 for evacuation
[2026-03-25T20:41:22.399+0900][4.095s][info][gc,phases   ] GC(53)   Pre Evacuate Collection Set: 0.05ms
[2026-03-25T20:41:22.399+0900][4.095s][info][gc,phases   ] GC(53)   Merge Heap Roots: 0.03ms
[2026-03-25T20:41:22.400+0900][4.095s][info][gc,phases   ] GC(53)   Evacuate Collection Set: 0.76ms
[2026-03-25T20:41:22.400+0900][4.095s][info][gc,phases   ] GC(53)   Post Evacuate Collection Set: 0.11ms
[2026-03-25T20:41:22.400+0900][4.095s][info][gc,phases   ] GC(53)   Other: 0.08ms
[2026-03-25T20:41:22.400+0900][4.095s][info][gc,heap     ] GC(53) Eden regions: 18->0(18)
[2026-03-25T20:41:22.400+0900][4.095s][info][gc,heap     ] GC(53) Survivor regions: 1->1(3)
[2026-03-25T20:41:22.400+0900][4.095s][info][gc,heap     ] GC(53) Old regions: 2->2
[2026-03-25T20:41:22.400+0900][4.095s][info][gc,heap     ] GC(53) Humongous regions: 0->0
[2026-03-25T20:41:22.400+0900][4.095s][info][gc,metaspace] GC(53) Metaspace: 5904K(6080K)->5904K(6080K) NonClass: 5272K(5376K)->5272K(5376K) Class: 632K(704K)->632K(704K)
[2026-03-25T20:41:22.400+0900][4.095s][info][gc          ] GC(53) Pause Young (Normal) (G1 Evacuation Pause) 154M->10M(264M) 1.280ms
[2026-03-25T20:41:22.400+0900][4.095s][info][gc,cpu      ] GC(53) User=0.00s Sys=0.00s Real=0.01s
[2026-03-25T20:41:22.514+0900][4.210s][info][gc,start    ] GC(54) Pause Young (Normal) (G1 Evacuation Pause)
[2026-03-25T20:41:22.514+0900][4.210s][info][gc,task     ] GC(54) Using 6 workers of 9 for evacuation
[2026-03-25T20:41:22.516+0900][4.211s][info][gc,phases   ] GC(54)   Pre Evacuate Collection Set: 0.07ms
[2026-03-25T20:41:22.516+0900][4.211s][info][gc,phases   ] GC(54)   Merge Heap Roots: 0.03ms
[2026-03-25T20:41:22.516+0900][4.211s][info][gc,phases   ] GC(54)   Evacuate Collection Set: 1.01ms
[2026-03-25T20:41:22.516+0900][4.211s][info][gc,phases   ] GC(54)   Post Evacuate Collection Set: 0.15ms
[2026-03-25T20:41:22.516+0900][4.211s][info][gc,phases   ] GC(54)   Other: 0.09ms
[2026-03-25T20:41:22.516+0900][4.211s][info][gc,heap     ] GC(54) Eden regions: 18->0(18)
[2026-03-25T20:41:22.516+0900][4.211s][info][gc,heap     ] GC(54) Survivor regions: 1->1(3)
[2026-03-25T20:41:22.516+0900][4.211s][info][gc,heap     ] GC(54) Old regions: 2->2
[2026-03-25T20:41:22.516+0900][4.211s][info][gc,heap     ] GC(54) Humongous regions: 0->0
[2026-03-25T20:41:22.516+0900][4.211s][info][gc,metaspace] GC(54) Metaspace: 5904K(6080K)->5904K(6080K) NonClass: 5272K(5376K)->5272K(5376K) Class: 632K(704K)->632K(704K)
[2026-03-25T20:41:22.516+0900][4.211s][info][gc          ] GC(54) Pause Young (Normal) (G1 Evacuation Pause) 154M->10M(264M) 1.670ms
[2026-03-25T20:41:22.516+0900][4.211s][info][gc,cpu      ] GC(54) User=0.00s Sys=0.00s Real=0.00s
[2026-03-25T20:41:22.575+0900][4.271s][info][gc,start    ] GC(55) Pause Young (Normal) (G1 Evacuation Pause)
[2026-03-25T20:41:22.575+0900][4.271s][info][gc,task     ] GC(55) Using 6 workers of 9 for evacuation
[2026-03-25T20:41:22.577+0900][4.272s][info][gc,phases   ] GC(55)   Pre Evacuate Collection Set: 0.06ms
[2026-03-25T20:41:22.577+0900][4.272s][info][gc,phases   ] GC(55)   Merge Heap Roots: 0.02ms
[2026-03-25T20:41:22.577+0900][4.272s][info][gc,phases   ] GC(55)   Evacuate Collection Set: 0.96ms
[2026-03-25T20:41:22.577+0900][4.272s][info][gc,phases   ] GC(55)   Post Evacuate Collection Set: 0.12ms
[2026-03-25T20:41:22.577+0900][4.272s][info][gc,phases   ] GC(55)   Other: 0.07ms
[2026-03-25T20:41:22.577+0900][4.272s][info][gc,heap     ] GC(55) Eden regions: 18->0(18)
[2026-03-25T20:41:22.577+0900][4.272s][info][gc,heap     ] GC(55) Survivor regions: 1->1(3)
[2026-03-25T20:41:22.577+0900][4.272s][info][gc,heap     ] GC(55) Old regions: 2->2
[2026-03-25T20:41:22.577+0900][4.272s][info][gc,heap     ] GC(55) Humongous regions: 0->0
[2026-03-25T20:41:22.577+0900][4.272s][info][gc,metaspace] GC(55) Metaspace: 5904K(6080K)->5904K(6080K) NonClass: 5272K(5376K)->5272K(5376K) Class: 632K(704K)->632K(704K)
[2026-03-25T20:41:22.577+0900][4.272s][info][gc          ] GC(55) Pause Young (Normal) (G1 Evacuation Pause) 154M->10M(264M) 1.472ms
[2026-03-25T20:41:22.577+0900][4.272s][info][gc,cpu      ] GC(55) User=0.00s Sys=0.00s Real=0.00s
[2026-03-25T20:41:22.631+0900][4.327s][info][gc,start    ] GC(56) Pause Young (Normal) (G1 Evacuation Pause)
[2026-03-25T20:41:22.631+0900][4.327s][info][gc,task     ] GC(56) Using 6 workers of 9 for evacuation
[2026-03-25T20:41:22.633+0900][4.328s][info][gc,phases   ] GC(56)   Pre Evacuate Collection Set: 0.06ms
[2026-03-25T20:41:22.633+0900][4.328s][info][gc,phases   ] GC(56)   Merge Heap Roots: 0.03ms
[2026-03-25T20:41:22.633+0900][4.328s][info][gc,phases   ] GC(56)   Evacuate Collection Set: 1.07ms
[2026-03-25T20:41:22.633+0900][4.328s][info][gc,phases   ] GC(56)   Post Evacuate Collection Set: 0.14ms
[2026-03-25T20:41:22.633+0900][4.328s][info][gc,phases   ] GC(56)   Other: 0.07ms
[2026-03-25T20:41:22.633+0900][4.328s][info][gc,heap     ] GC(56) Eden regions: 18->0(18)
[2026-03-25T20:41:22.633+0900][4.328s][info][gc,heap     ] GC(56) Survivor regions: 1->1(3)
[2026-03-25T20:41:22.633+0900][4.328s][info][gc,heap     ] GC(56) Old regions: 2->2
[2026-03-25T20:41:22.633+0900][4.328s][info][gc,heap     ] GC(56) Humongous regions: 0->0
[2026-03-25T20:41:22.633+0900][4.328s][info][gc,metaspace] GC(56) Metaspace: 5917K(6080K)->5917K(6080K) NonClass: 5285K(5376K)->5285K(5376K) Class: 632K(704K)->632K(704K)
[2026-03-25T20:41:22.633+0900][4.328s][info][gc          ] GC(56) Pause Young (Normal) (G1 Evacuation Pause) 154M->10M(264M) 1.630ms
[2026-03-25T20:41:22.633+0900][4.328s][info][gc,cpu      ] GC(56) User=0.00s Sys=0.00s Real=0.00s
[2026-03-25T20:41:22.747+0900][4.443s][info][gc,start    ] GC(57) Pause Young (Normal) (G1 Evacuation Pause)
[2026-03-25T20:41:22.747+0900][4.443s][info][gc,task     ] GC(57) Using 6 workers of 9 for evacuation
[2026-03-25T20:41:22.749+0900][4.444s][info][gc,phases   ] GC(57)   Pre Evacuate Collection Set: 0.06ms
[2026-03-25T20:41:22.749+0900][4.445s][info][gc,phases   ] GC(57)   Merge Heap Roots: 0.02ms
[2026-03-25T20:41:22.749+0900][4.445s][info][gc,phases   ] GC(57)   Evacuate Collection Set: 1.43ms
[2026-03-25T20:41:22.749+0900][4.445s][info][gc,phases   ] GC(57)   Post Evacuate Collection Set: 0.13ms
[2026-03-25T20:41:22.749+0900][4.445s][info][gc,phases   ] GC(57)   Other: 0.11ms
[2026-03-25T20:41:22.749+0900][4.445s][info][gc,heap     ] GC(57) Eden regions: 18->0(18)
[2026-03-25T20:41:22.749+0900][4.445s][info][gc,heap     ] GC(57) Survivor regions: 1->1(3)
[2026-03-25T20:41:22.749+0900][4.445s][info][gc,heap     ] GC(57) Old regions: 2->2
[2026-03-25T20:41:22.749+0900][4.445s][info][gc,heap     ] GC(57) Humongous regions: 0->0
[2026-03-25T20:41:22.749+0900][4.445s][info][gc,metaspace] GC(57) Metaspace: 5917K(6080K)->5917K(6080K) NonClass: 5285K(5376K)->5285K(5376K) Class: 632K(704K)->632K(704K)
[2026-03-25T20:41:22.749+0900][4.445s][info][gc          ] GC(57) Pause Young (Normal) (G1 Evacuation Pause) 154M->10M(264M) 2.043ms
[2026-03-25T20:41:22.749+0900][4.445s][info][gc,cpu      ] GC(57) User=0.00s Sys=0.00s Real=0.00s
[2026-03-25T20:41:22.806+0900][4.502s][info][gc,start    ] GC(58) Pause Young (Normal) (G1 Evacuation Pause)
[2026-03-25T20:41:22.806+0900][4.502s][info][gc,task     ] GC(58) Using 6 workers of 9 for evacuation
[2026-03-25T20:41:22.808+0900][4.503s][info][gc,phases   ] GC(58)   Pre Evacuate Collection Set: 0.08ms
[2026-03-25T20:41:22.808+0900][4.503s][info][gc,phases   ] GC(58)   Merge Heap Roots: 0.04ms
[2026-03-25T20:41:22.808+0900][4.503s][info][gc,phases   ] GC(58)   Evacuate Collection Set: 1.01ms
[2026-03-25T20:41:22.808+0900][4.503s][info][gc,phases   ] GC(58)   Post Evacuate Collection Set: 0.16ms
[2026-03-25T20:41:22.808+0900][4.503s][info][gc,phases   ] GC(58)   Other: 0.08ms
[2026-03-25T20:41:22.808+0900][4.503s][info][gc,heap     ] GC(58) Eden regions: 18->0(18)
[2026-03-25T20:41:22.808+0900][4.503s][info][gc,heap     ] GC(58) Survivor regions: 1->1(3)
[2026-03-25T20:41:22.808+0900][4.504s][info][gc,heap     ] GC(58) Old regions: 2->2
[2026-03-25T20:41:22.808+0900][4.504s][info][gc,heap     ] GC(58) Humongous regions: 0->0
[2026-03-25T20:41:22.808+0900][4.504s][info][gc,metaspace] GC(58) Metaspace: 5917K(6080K)->5917K(6080K) NonClass: 5285K(5376K)->5285K(5376K) Class: 632K(704K)->632K(704K)
[2026-03-25T20:41:22.808+0900][4.504s][info][gc          ] GC(58) Pause Young (Normal) (G1 Evacuation Pause) 154M->10M(264M) 1.716ms
[2026-03-25T20:41:22.808+0900][4.504s][info][gc,cpu      ] GC(58) User=0.00s Sys=0.00s Real=0.00s
[2026-03-25T20:41:22.867+0900][4.563s][info][gc,start    ] GC(59) Pause Young (Normal) (G1 Evacuation Pause)
[2026-03-25T20:41:22.867+0900][4.563s][info][gc,task     ] GC(59) Using 6 workers of 9 for evacuation
[2026-03-25T20:41:22.869+0900][4.564s][info][gc,phases   ] GC(59)   Pre Evacuate Collection Set: 0.07ms
[2026-03-25T20:41:22.869+0900][4.564s][info][gc,phases   ] GC(59)   Merge Heap Roots: 0.03ms
[2026-03-25T20:41:22.869+0900][4.564s][info][gc,phases   ] GC(59)   Evacuate Collection Set: 1.00ms
[2026-03-25T20:41:22.869+0900][4.564s][info][gc,phases   ] GC(59)   Post Evacuate Collection Set: 0.15ms
[2026-03-25T20:41:22.869+0900][4.564s][info][gc,phases   ] GC(59)   Other: 0.09ms
[2026-03-25T20:41:22.869+0900][4.564s][info][gc,heap     ] GC(59) Eden regions: 18->0(18)
[2026-03-25T20:41:22.869+0900][4.564s][info][gc,heap     ] GC(59) Survivor regions: 1->1(3)
[2026-03-25T20:41:22.869+0900][4.564s][info][gc,heap     ] GC(59) Old regions: 2->2
[2026-03-25T20:41:22.869+0900][4.564s][info][gc,heap     ] GC(59) Humongous regions: 0->0
[2026-03-25T20:41:22.869+0900][4.564s][info][gc,metaspace] GC(59) Metaspace: 5917K(6080K)->5917K(6080K) NonClass: 5285K(5376K)->5285K(5376K) Class: 632K(704K)->632K(704K)
[2026-03-25T20:41:22.869+0900][4.564s][info][gc          ] GC(59) Pause Young (Normal) (G1 Evacuation Pause) 154M->10M(264M) 1.699ms
[2026-03-25T20:41:22.869+0900][4.564s][info][gc,cpu      ] GC(59) User=0.01s Sys=0.00s Real=0.00s
[2026-03-25T20:41:22.981+0900][4.676s][info][gc,start    ] GC(60) Pause Young (Normal) (G1 Evacuation Pause)
[2026-03-25T20:41:22.981+0900][4.676s][info][gc,task     ] GC(60) Using 6 workers of 9 for evacuation
[2026-03-25T20:41:22.982+0900][4.678s][info][gc,phases   ] GC(60)   Pre Evacuate Collection Set: 0.07ms
[2026-03-25T20:41:22.982+0900][4.678s][info][gc,phases   ] GC(60)   Merge Heap Roots: 0.03ms
[2026-03-25T20:41:22.982+0900][4.678s][info][gc,phases   ] GC(60)   Evacuate Collection Set: 1.23ms
[2026-03-25T20:41:22.982+0900][4.678s][info][gc,phases   ] GC(60)   Post Evacuate Collection Set: 0.15ms
[2026-03-25T20:41:22.982+0900][4.678s][info][gc,phases   ] GC(60)   Other: 0.09ms
[2026-03-25T20:41:22.982+0900][4.678s][info][gc,heap     ] GC(60) Eden regions: 18->0(18)
[2026-03-25T20:41:22.982+0900][4.678s][info][gc,heap     ] GC(60) Survivor regions: 1->1(3)
[2026-03-25T20:41:22.982+0900][4.678s][info][gc,heap     ] GC(60) Old regions: 2->2
[2026-03-25T20:41:22.982+0900][4.678s][info][gc,heap     ] GC(60) Humongous regions: 0->0
[2026-03-25T20:41:22.983+0900][4.678s][info][gc,metaspace] GC(60) Metaspace: 5917K(6080K)->5917K(6080K) NonClass: 5285K(5376K)->5285K(5376K) Class: 632K(704K)->632K(704K)
[2026-03-25T20:41:22.983+0900][4.678s][info][gc          ] GC(60) Pause Young (Normal) (G1 Evacuation Pause) 154M->10M(264M) 1.898ms
[2026-03-25T20:41:22.983+0900][4.678s][info][gc,cpu      ] GC(60) User=0.01s Sys=0.01s Real=0.00s
[2026-03-25T20:41:23.042+0900][4.737s][info][gc,start    ] GC(61) Pause Young (Normal) (G1 Evacuation Pause)
[2026-03-25T20:41:23.042+0900][4.737s][info][gc,task     ] GC(61) Using 6 workers of 9 for evacuation
[2026-03-25T20:41:23.043+0900][4.739s][info][gc,phases   ] GC(61)   Pre Evacuate Collection Set: 0.05ms
[2026-03-25T20:41:23.043+0900][4.739s][info][gc,phases   ] GC(61)   Merge Heap Roots: 0.02ms
[2026-03-25T20:41:23.043+0900][4.739s][info][gc,phases   ] GC(61)   Evacuate Collection Set: 0.86ms
[2026-03-25T20:41:23.043+0900][4.739s][info][gc,phases   ] GC(61)   Post Evacuate Collection Set: 0.18ms
[2026-03-25T20:41:23.043+0900][4.739s][info][gc,phases   ] GC(61)   Other: 0.07ms
[2026-03-25T20:41:23.043+0900][4.739s][info][gc,heap     ] GC(61) Eden regions: 18->0(18)
[2026-03-25T20:41:23.043+0900][4.739s][info][gc,heap     ] GC(61) Survivor regions: 1->1(3)
[2026-03-25T20:41:23.043+0900][4.739s][info][gc,heap     ] GC(61) Old regions: 2->2
[2026-03-25T20:41:23.043+0900][4.739s][info][gc,heap     ] GC(61) Humongous regions: 0->0
[2026-03-25T20:41:23.043+0900][4.739s][info][gc,metaspace] GC(61) Metaspace: 5917K(6080K)->5917K(6080K) NonClass: 5285K(5376K)->5285K(5376K) Class: 632K(704K)->632K(704K)
[2026-03-25T20:41:23.043+0900][4.739s][info][gc          ] GC(61) Pause Young (Normal) (G1 Evacuation Pause) 154M->10M(264M) 1.501ms
[2026-03-25T20:41:23.043+0900][4.739s][info][gc,cpu      ] GC(61) User=0.01s Sys=0.00s Real=0.00s
[2026-03-25T20:41:23.102+0900][4.798s][info][gc,start    ] GC(62) Pause Young (Normal) (G1 Evacuation Pause)
[2026-03-25T20:41:23.102+0900][4.798s][info][gc,task     ] GC(62) Using 6 workers of 9 for evacuation
[2026-03-25T20:41:23.103+0900][4.799s][info][gc,phases   ] GC(62)   Pre Evacuate Collection Set: 0.07ms
[2026-03-25T20:41:23.103+0900][4.799s][info][gc,phases   ] GC(62)   Merge Heap Roots: 0.03ms
[2026-03-25T20:41:23.103+0900][4.799s][info][gc,phases   ] GC(62)   Evacuate Collection Set: 0.72ms
[2026-03-25T20:41:23.104+0900][4.799s][info][gc,phases   ] GC(62)   Post Evacuate Collection Set: 0.15ms
[2026-03-25T20:41:23.104+0900][4.799s][info][gc,phases   ] GC(62)   Other: 0.08ms
[2026-03-25T20:41:23.104+0900][4.799s][info][gc,heap     ] GC(62) Eden regions: 18->0(18)
[2026-03-25T20:41:23.104+0900][4.799s][info][gc,heap     ] GC(62) Survivor regions: 1->1(3)
[2026-03-25T20:41:23.104+0900][4.799s][info][gc,heap     ] GC(62) Old regions: 2->2
[2026-03-25T20:41:23.104+0900][4.799s][info][gc,heap     ] GC(62) Humongous regions: 0->0
[2026-03-25T20:41:23.104+0900][4.799s][info][gc,metaspace] GC(62) Metaspace: 5917K(6080K)->5917K(6080K) NonClass: 5285K(5376K)->5285K(5376K) Class: 632K(704K)->632K(704K)
[2026-03-25T20:41:23.104+0900][4.799s][info][gc          ] GC(62) Pause Young (Normal) (G1 Evacuation Pause) 154M->10M(264M) 1.349ms
[2026-03-25T20:41:23.104+0900][4.799s][info][gc,cpu      ] GC(62) User=0.00s Sys=0.00s Real=0.00s
[2026-03-25T20:41:23.210+0900][4.905s][info][gc,start    ] GC(63) Pause Young (Normal) (G1 Evacuation Pause)
[2026-03-25T20:41:23.210+0900][4.905s][info][gc,task     ] GC(63) Using 6 workers of 9 for evacuation
[2026-03-25T20:41:23.211+0900][4.907s][info][gc,phases   ] GC(63)   Pre Evacuate Collection Set: 0.07ms
[2026-03-25T20:41:23.212+0900][4.907s][info][gc,phases   ] GC(63)   Merge Heap Roots: 0.03ms
[2026-03-25T20:41:23.212+0900][4.907s][info][gc,phases   ] GC(63)   Evacuate Collection Set: 1.13ms
[2026-03-25T20:41:23.212+0900][4.907s][info][gc,phases   ] GC(63)   Post Evacuate Collection Set: 0.16ms
[2026-03-25T20:41:23.212+0900][4.907s][info][gc,phases   ] GC(63)   Other: 0.08ms
[2026-03-25T20:41:23.212+0900][4.907s][info][gc,heap     ] GC(63) Eden regions: 18->0(18)
[2026-03-25T20:41:23.212+0900][4.907s][info][gc,heap     ] GC(63) Survivor regions: 1->1(3)
[2026-03-25T20:41:23.212+0900][4.907s][info][gc,heap     ] GC(63) Old regions: 2->2
[2026-03-25T20:41:23.212+0900][4.907s][info][gc,heap     ] GC(63) Humongous regions: 0->0
[2026-03-25T20:41:23.212+0900][4.907s][info][gc,metaspace] GC(63) Metaspace: 5917K(6080K)->5917K(6080K) NonClass: 5285K(5376K)->5285K(5376K) Class: 632K(704K)->632K(704K)
[2026-03-25T20:41:23.212+0900][4.907s][info][gc          ] GC(63) Pause Young (Normal) (G1 Evacuation Pause) 154M->10M(264M) 1.786ms
[2026-03-25T20:41:23.212+0900][4.907s][info][gc,cpu      ] GC(63) User=0.00s Sys=0.00s Real=0.00s
[2026-03-25T20:41:23.269+0900][4.964s][info][gc,start    ] GC(64) Pause Young (Normal) (G1 Evacuation Pause)
[2026-03-25T20:41:23.269+0900][4.964s][info][gc,task     ] GC(64) Using 6 workers of 9 for evacuation
[2026-03-25T20:41:23.270+0900][4.965s][info][gc,phases   ] GC(64)   Pre Evacuate Collection Set: 0.06ms
[2026-03-25T20:41:23.270+0900][4.965s][info][gc,phases   ] GC(64)   Merge Heap Roots: 0.04ms
[2026-03-25T20:41:23.270+0900][4.965s][info][gc,phases   ] GC(64)   Evacuate Collection Set: 0.76ms
[2026-03-25T20:41:23.270+0900][4.965s][info][gc,phases   ] GC(64)   Post Evacuate Collection Set: 0.12ms
[2026-03-25T20:41:23.270+0900][4.965s][info][gc,phases   ] GC(64)   Other: 0.07ms
[2026-03-25T20:41:23.270+0900][4.965s][info][gc,heap     ] GC(64) Eden regions: 18->0(18)
[2026-03-25T20:41:23.270+0900][4.965s][info][gc,heap     ] GC(64) Survivor regions: 1->1(3)
[2026-03-25T20:41:23.270+0900][4.965s][info][gc,heap     ] GC(64) Old regions: 2->2
[2026-03-25T20:41:23.270+0900][4.965s][info][gc,heap     ] GC(64) Humongous regions: 0->0
[2026-03-25T20:41:23.270+0900][4.965s][info][gc,metaspace] GC(64) Metaspace: 5917K(6080K)->5917K(6080K) NonClass: 5285K(5376K)->5285K(5376K) Class: 632K(704K)->632K(704K)
[2026-03-25T20:41:23.270+0900][4.966s][info][gc          ] GC(64) Pause Young (Normal) (G1 Evacuation Pause) 154M->10M(264M) 1.313ms
[2026-03-25T20:41:23.270+0900][4.966s][info][gc,cpu      ] GC(64) User=0.00s Sys=0.00s Real=0.01s
[2026-03-25T20:41:23.382+0900][5.078s][info][gc,start    ] GC(65) Pause Young (Normal) (G1 Evacuation Pause)
[2026-03-25T20:41:23.383+0900][5.078s][info][gc,task     ] GC(65) Using 6 workers of 9 for evacuation
[2026-03-25T20:41:23.384+0900][5.079s][info][gc,phases   ] GC(65)   Pre Evacuate Collection Set: 0.08ms
[2026-03-25T20:41:23.384+0900][5.080s][info][gc,phases   ] GC(65)   Merge Heap Roots: 0.03ms
[2026-03-25T20:41:23.384+0900][5.080s][info][gc,phases   ] GC(65)   Evacuate Collection Set: 1.14ms
[2026-03-25T20:41:23.384+0900][5.080s][info][gc,phases   ] GC(65)   Post Evacuate Collection Set: 0.14ms
[2026-03-25T20:41:23.384+0900][5.080s][info][gc,phases   ] GC(65)   Other: 0.09ms
[2026-03-25T20:41:23.384+0900][5.080s][info][gc,heap     ] GC(65) Eden regions: 18->0(18)
[2026-03-25T20:41:23.384+0900][5.080s][info][gc,heap     ] GC(65) Survivor regions: 1->1(3)
[2026-03-25T20:41:23.384+0900][5.080s][info][gc,heap     ] GC(65) Old regions: 2->2
[2026-03-25T20:41:23.384+0900][5.080s][info][gc,heap     ] GC(65) Humongous regions: 0->0
[2026-03-25T20:41:23.384+0900][5.080s][info][gc,metaspace] GC(65) Metaspace: 5917K(6080K)->5917K(6080K) NonClass: 5285K(5376K)->5285K(5376K) Class: 632K(704K)->632K(704K)
[2026-03-25T20:41:23.384+0900][5.080s][info][gc          ] GC(65) Pause Young (Normal) (G1 Evacuation Pause) 154M->10M(264M) 1.810ms
[2026-03-25T20:41:23.384+0900][5.080s][info][gc,cpu      ] GC(65) User=0.00s Sys=0.00s Real=0.00s
[2026-03-25T20:41:23.440+0900][5.135s][info][gc,start    ] GC(66) Pause Young (Normal) (G1 Evacuation Pause)
[2026-03-25T20:41:23.440+0900][5.136s][info][gc,task     ] GC(66) Using 6 workers of 9 for evacuation
[2026-03-25T20:41:23.441+0900][5.137s][info][gc,phases   ] GC(66)   Pre Evacuate Collection Set: 0.06ms
[2026-03-25T20:41:23.441+0900][5.137s][info][gc,phases   ] GC(66)   Merge Heap Roots: 0.02ms
[2026-03-25T20:41:23.441+0900][5.137s][info][gc,phases   ] GC(66)   Evacuate Collection Set: 1.00ms
[2026-03-25T20:41:23.441+0900][5.137s][info][gc,phases   ] GC(66)   Post Evacuate Collection Set: 0.12ms
[2026-03-25T20:41:23.441+0900][5.137s][info][gc,phases   ] GC(66)   Other: 0.07ms
[2026-03-25T20:41:23.441+0900][5.137s][info][gc,heap     ] GC(66) Eden regions: 18->0(18)
[2026-03-25T20:41:23.441+0900][5.137s][info][gc,heap     ] GC(66) Survivor regions: 1->1(3)
[2026-03-25T20:41:23.441+0900][5.137s][info][gc,heap     ] GC(66) Old regions: 2->2
[2026-03-25T20:41:23.441+0900][5.137s][info][gc,heap     ] GC(66) Humongous regions: 0->0
[2026-03-25T20:41:23.441+0900][5.137s][info][gc,metaspace] GC(66) Metaspace: 5917K(6080K)->5917K(6080K) NonClass: 5285K(5376K)->5285K(5376K) Class: 632K(704K)->632K(704K)
[2026-03-25T20:41:23.442+0900][5.137s][info][gc          ] GC(66) Pause Young (Normal) (G1 Evacuation Pause) 154M->10M(264M) 1.556ms
[2026-03-25T20:41:23.442+0900][5.137s][info][gc,cpu      ] GC(66) User=0.00s Sys=0.00s Real=0.00s
[2026-03-25T20:41:23.501+0900][5.196s][info][gc,start    ] GC(67) Pause Young (Normal) (G1 Evacuation Pause)
[2026-03-25T20:41:23.501+0900][5.196s][info][gc,task     ] GC(67) Using 6 workers of 9 for evacuation
[2026-03-25T20:41:23.502+0900][5.198s][info][gc,phases   ] GC(67)   Pre Evacuate Collection Set: 0.08ms
[2026-03-25T20:41:23.502+0900][5.198s][info][gc,phases   ] GC(67)   Merge Heap Roots: 0.04ms
[2026-03-25T20:41:23.502+0900][5.198s][info][gc,phases   ] GC(67)   Evacuate Collection Set: 0.77ms
[2026-03-25T20:41:23.502+0900][5.198s][info][gc,phases   ] GC(67)   Post Evacuate Collection Set: 0.15ms
[2026-03-25T20:41:23.502+0900][5.198s][info][gc,phases   ] GC(67)   Other: 0.10ms
[2026-03-25T20:41:23.502+0900][5.198s][info][gc,heap     ] GC(67) Eden regions: 18->0(18)
[2026-03-25T20:41:23.502+0900][5.198s][info][gc,heap     ] GC(67) Survivor regions: 1->1(3)
[2026-03-25T20:41:23.502+0900][5.198s][info][gc,heap     ] GC(67) Old regions: 2->2
[2026-03-25T20:41:23.502+0900][5.198s][info][gc,heap     ] GC(67) Humongous regions: 0->0
[2026-03-25T20:41:23.502+0900][5.198s][info][gc,metaspace] GC(67) Metaspace: 5917K(6080K)->5917K(6080K) NonClass: 5285K(5376K)->5285K(5376K) Class: 632K(704K)->632K(704K)
[2026-03-25T20:41:23.502+0900][5.198s][info][gc          ] GC(67) Pause Young (Normal) (G1 Evacuation Pause) 154M->10M(264M) 1.461ms
[2026-03-25T20:41:23.502+0900][5.198s][info][gc,cpu      ] GC(67) User=0.01s Sys=0.00s Real=0.00s
[2026-03-25T20:41:23.617+0900][5.312s][info][gc,start    ] GC(68) Pause Young (Normal) (G1 Evacuation Pause)
[2026-03-25T20:41:23.617+0900][5.312s][info][gc,task     ] GC(68) Using 6 workers of 9 for evacuation
[2026-03-25T20:41:23.619+0900][5.314s][info][gc,phases   ] GC(68)   Pre Evacuate Collection Set: 0.10ms
[2026-03-25T20:41:23.619+0900][5.314s][info][gc,phases   ] GC(68)   Merge Heap Roots: 0.05ms
[2026-03-25T20:41:23.619+0900][5.314s][info][gc,phases   ] GC(68)   Evacuate Collection Set: 1.21ms
[2026-03-25T20:41:23.619+0900][5.314s][info][gc,phases   ] GC(68)   Post Evacuate Collection Set: 0.25ms
[2026-03-25T20:41:23.619+0900][5.314s][info][gc,phases   ] GC(68)   Other: 0.10ms
[2026-03-25T20:41:23.619+0900][5.314s][info][gc,heap     ] GC(68) Eden regions: 18->0(18)
[2026-03-25T20:41:23.619+0900][5.314s][info][gc,heap     ] GC(68) Survivor regions: 1->1(3)
[2026-03-25T20:41:23.619+0900][5.314s][info][gc,heap     ] GC(68) Old regions: 2->2
[2026-03-25T20:41:23.619+0900][5.314s][info][gc,heap     ] GC(68) Humongous regions: 0->0
[2026-03-25T20:41:23.619+0900][5.314s][info][gc,metaspace] GC(68) Metaspace: 5917K(6080K)->5917K(6080K) NonClass: 5285K(5376K)->5285K(5376K) Class: 632K(704K)->632K(704K)
[2026-03-25T20:41:23.619+0900][5.314s][info][gc          ] GC(68) Pause Young (Normal) (G1 Evacuation Pause) 154M->10M(264M) 2.064ms
[2026-03-25T20:41:23.619+0900][5.314s][info][gc,cpu      ] GC(68) User=0.01s Sys=0.00s Real=0.00s
[2026-03-25T20:41:23.679+0900][5.374s][info][gc,start    ] GC(69) Pause Young (Normal) (G1 Evacuation Pause)
[2026-03-25T20:41:23.679+0900][5.374s][info][gc,task     ] GC(69) Using 6 workers of 9 for evacuation
[2026-03-25T20:41:23.680+0900][5.376s][info][gc,phases   ] GC(69)   Pre Evacuate Collection Set: 0.07ms
[2026-03-25T20:41:23.680+0900][5.376s][info][gc,phases   ] GC(69)   Merge Heap Roots: 0.02ms
[2026-03-25T20:41:23.680+0900][5.376s][info][gc,phases   ] GC(69)   Evacuate Collection Set: 1.16ms
[2026-03-25T20:41:23.680+0900][5.376s][info][gc,phases   ] GC(69)   Post Evacuate Collection Set: 0.13ms
[2026-03-25T20:41:23.680+0900][5.376s][info][gc,phases   ] GC(69)   Other: 0.08ms
[2026-03-25T20:41:23.680+0900][5.376s][info][gc,heap     ] GC(69) Eden regions: 18->0(18)
[2026-03-25T20:41:23.681+0900][5.376s][info][gc,heap     ] GC(69) Survivor regions: 1->1(3)
[2026-03-25T20:41:23.681+0900][5.376s][info][gc,heap     ] GC(69) Old regions: 2->2
[2026-03-25T20:41:23.681+0900][5.376s][info][gc,heap     ] GC(69) Humongous regions: 0->0
[2026-03-25T20:41:23.681+0900][5.376s][info][gc,metaspace] GC(69) Metaspace: 5921K(6080K)->5921K(6080K) NonClass: 5289K(5376K)->5289K(5376K) Class: 632K(704K)->632K(704K)
[2026-03-25T20:41:23.681+0900][5.376s][info][gc          ] GC(69) Pause Young (Normal) (G1 Evacuation Pause) 154M->10M(264M) 1.758ms
[2026-03-25T20:41:23.681+0900][5.376s][info][gc,cpu      ] GC(69) User=0.00s Sys=0.00s Real=0.01s
[2026-03-25T20:41:23.740+0900][5.435s][info][gc,start    ] GC(70) Pause Young (Normal) (G1 Evacuation Pause)
[2026-03-25T20:41:23.740+0900][5.435s][info][gc,task     ] GC(70) Using 6 workers of 9 for evacuation
[2026-03-25T20:41:23.741+0900][5.437s][info][gc,phases   ] GC(70)   Pre Evacuate Collection Set: 0.09ms
[2026-03-25T20:41:23.741+0900][5.437s][info][gc,phases   ] GC(70)   Merge Heap Roots: 0.04ms
[2026-03-25T20:41:23.741+0900][5.437s][info][gc,phases   ] GC(70)   Evacuate Collection Set: 0.97ms
[2026-03-25T20:41:23.741+0900][5.437s][info][gc,phases   ] GC(70)   Post Evacuate Collection Set: 0.15ms
[2026-03-25T20:41:23.741+0900][5.437s][info][gc,phases   ] GC(70)   Other: 0.10ms
[2026-03-25T20:41:23.741+0900][5.437s][info][gc,heap     ] GC(70) Eden regions: 18->0(18)
[2026-03-25T20:41:23.741+0900][5.437s][info][gc,heap     ] GC(70) Survivor regions: 1->1(3)
[2026-03-25T20:41:23.741+0900][5.437s][info][gc,heap     ] GC(70) Old regions: 2->2
[2026-03-25T20:41:23.741+0900][5.437s][info][gc,heap     ] GC(70) Humongous regions: 0->0
[2026-03-25T20:41:23.741+0900][5.437s][info][gc,metaspace] GC(70) Metaspace: 5921K(6080K)->5921K(6080K) NonClass: 5289K(5376K)->5289K(5376K) Class: 632K(704K)->632K(704K)
[2026-03-25T20:41:23.741+0900][5.437s][info][gc          ] GC(70) Pause Young (Normal) (G1 Evacuation Pause) 154M->10M(264M) 1.658ms
[2026-03-25T20:41:23.741+0900][5.437s][info][gc,cpu      ] GC(70) User=0.00s Sys=0.00s Real=0.00s
[2026-03-25T20:41:23.856+0900][5.551s][info][gc,start    ] GC(71) Pause Young (Normal) (G1 Evacuation Pause)
[2026-03-25T20:41:23.856+0900][5.552s][info][gc,task     ] GC(71) Using 6 workers of 9 for evacuation
[2026-03-25T20:41:23.857+0900][5.552s][info][gc,phases   ] GC(71)   Pre Evacuate Collection Set: 0.07ms
[2026-03-25T20:41:23.857+0900][5.553s][info][gc,phases   ] GC(71)   Merge Heap Roots: 0.04ms
[2026-03-25T20:41:23.857+0900][5.553s][info][gc,phases   ] GC(71)   Evacuate Collection Set: 0.53ms
[2026-03-25T20:41:23.857+0900][5.553s][info][gc,phases   ] GC(71)   Post Evacuate Collection Set: 0.16ms
[2026-03-25T20:41:23.857+0900][5.553s][info][gc,phases   ] GC(71)   Other: 0.08ms
[2026-03-25T20:41:23.857+0900][5.553s][info][gc,heap     ] GC(71) Eden regions: 18->0(18)
[2026-03-25T20:41:23.857+0900][5.553s][info][gc,heap     ] GC(71) Survivor regions: 1->1(3)
[2026-03-25T20:41:23.857+0900][5.553s][info][gc,heap     ] GC(71) Old regions: 2->2
[2026-03-25T20:41:23.857+0900][5.553s][info][gc,heap     ] GC(71) Humongous regions: 0->0
[2026-03-25T20:41:23.857+0900][5.553s][info][gc,metaspace] GC(71) Metaspace: 5921K(6080K)->5921K(6080K) NonClass: 5289K(5376K)->5289K(5376K) Class: 632K(704K)->632K(704K)
[2026-03-25T20:41:23.857+0900][5.553s][info][gc          ] GC(71) Pause Young (Normal) (G1 Evacuation Pause) 154M->10M(264M) 1.218ms
[2026-03-25T20:41:23.857+0900][5.553s][info][gc,cpu      ] GC(71) User=0.00s Sys=0.00s Real=0.00s
[2026-03-25T20:41:23.915+0900][5.610s][info][gc,start    ] GC(72) Pause Young (Normal) (G1 Evacuation Pause)
[2026-03-25T20:41:23.915+0900][5.610s][info][gc,task     ] GC(72) Using 6 workers of 9 for evacuation
[2026-03-25T20:41:23.916+0900][5.611s][info][gc,phases   ] GC(72)   Pre Evacuate Collection Set: 0.07ms
[2026-03-25T20:41:23.916+0900][5.611s][info][gc,phases   ] GC(72)   Merge Heap Roots: 0.04ms
[2026-03-25T20:41:23.916+0900][5.611s][info][gc,phases   ] GC(72)   Evacuate Collection Set: 0.69ms
[2026-03-25T20:41:23.916+0900][5.611s][info][gc,phases   ] GC(72)   Post Evacuate Collection Set: 0.19ms
[2026-03-25T20:41:23.916+0900][5.611s][info][gc,phases   ] GC(72)   Other: 0.09ms
[2026-03-25T20:41:23.916+0900][5.611s][info][gc,heap     ] GC(72) Eden regions: 18->0(18)
[2026-03-25T20:41:23.916+0900][5.611s][info][gc,heap     ] GC(72) Survivor regions: 1->1(3)
[2026-03-25T20:41:23.916+0900][5.611s][info][gc,heap     ] GC(72) Old regions: 2->2
[2026-03-25T20:41:23.916+0900][5.611s][info][gc,heap     ] GC(72) Humongous regions: 0->0
[2026-03-25T20:41:23.916+0900][5.612s][info][gc,metaspace] GC(72) Metaspace: 5921K(6080K)->5921K(6080K) NonClass: 5289K(5376K)->5289K(5376K) Class: 632K(704K)->632K(704K)
[2026-03-25T20:41:23.916+0900][5.612s][info][gc          ] GC(72) Pause Young (Normal) (G1 Evacuation Pause) 154M->10M(264M) 1.385ms
[2026-03-25T20:41:23.916+0900][5.612s][info][gc,cpu      ] GC(72) User=0.01s Sys=0.01s Real=0.00s
[2026-03-25T20:41:23.974+0900][5.669s][info][gc,start    ] GC(73) Pause Young (Normal) (G1 Evacuation Pause)
[2026-03-25T20:41:23.974+0900][5.670s][info][gc,task     ] GC(73) Using 6 workers of 9 for evacuation
[2026-03-25T20:41:23.975+0900][5.670s][info][gc,phases   ] GC(73)   Pre Evacuate Collection Set: 0.07ms
[2026-03-25T20:41:23.975+0900][5.670s][info][gc,phases   ] GC(73)   Merge Heap Roots: 0.04ms
[2026-03-25T20:41:23.975+0900][5.671s][info][gc,phases   ] GC(73)   Evacuate Collection Set: 0.55ms
[2026-03-25T20:41:23.975+0900][5.671s][info][gc,phases   ] GC(73)   Post Evacuate Collection Set: 0.13ms
[2026-03-25T20:41:23.975+0900][5.671s][info][gc,phases   ] GC(73)   Other: 0.08ms
[2026-03-25T20:41:23.975+0900][5.671s][info][gc,heap     ] GC(73) Eden regions: 18->0(18)
[2026-03-25T20:41:23.975+0900][5.671s][info][gc,heap     ] GC(73) Survivor regions: 1->1(3)
[2026-03-25T20:41:23.975+0900][5.671s][info][gc,heap     ] GC(73) Old regions: 2->2
[2026-03-25T20:41:23.975+0900][5.671s][info][gc,heap     ] GC(73) Humongous regions: 0->0
[2026-03-25T20:41:23.975+0900][5.671s][info][gc,metaspace] GC(73) Metaspace: 5921K(6080K)->5921K(6080K) NonClass: 5289K(5376K)->5289K(5376K) Class: 632K(704K)->632K(704K)
[2026-03-25T20:41:23.975+0900][5.671s][info][gc          ] GC(73) Pause Young (Normal) (G1 Evacuation Pause) 154M->10M(264M) 1.143ms
[2026-03-25T20:41:23.975+0900][5.671s][info][gc,cpu      ] GC(73) User=0.00s Sys=0.00s Real=0.00s
[2026-03-25T20:41:24.084+0900][5.780s][info][gc,start    ] GC(74) Pause Young (Normal) (G1 Evacuation Pause)
[2026-03-25T20:41:24.085+0900][5.780s][info][gc,task     ] GC(74) Using 6 workers of 9 for evacuation
[2026-03-25T20:41:24.086+0900][5.782s][info][gc,phases   ] GC(74)   Pre Evacuate Collection Set: 0.06ms
[2026-03-25T20:41:24.086+0900][5.782s][info][gc,phases   ] GC(74)   Merge Heap Roots: 0.03ms
[2026-03-25T20:41:24.086+0900][5.782s][info][gc,phases   ] GC(74)   Evacuate Collection Set: 1.17ms
[2026-03-25T20:41:24.086+0900][5.782s][info][gc,phases   ] GC(74)   Post Evacuate Collection Set: 0.17ms
[2026-03-25T20:41:24.086+0900][5.782s][info][gc,phases   ] GC(74)   Other: 0.09ms
[2026-03-25T20:41:24.086+0900][5.782s][info][gc,heap     ] GC(74) Eden regions: 18->0(18)
[2026-03-25T20:41:24.086+0900][5.782s][info][gc,heap     ] GC(74) Survivor regions: 1->1(3)
[2026-03-25T20:41:24.086+0900][5.782s][info][gc,heap     ] GC(74) Old regions: 2->2
[2026-03-25T20:41:24.086+0900][5.782s][info][gc,heap     ] GC(74) Humongous regions: 0->0
[2026-03-25T20:41:24.086+0900][5.782s][info][gc,metaspace] GC(74) Metaspace: 5921K(6080K)->5921K(6080K) NonClass: 5289K(5376K)->5289K(5376K) Class: 632K(704K)->632K(704K)
[2026-03-25T20:41:24.086+0900][5.782s][info][gc          ] GC(74) Pause Young (Normal) (G1 Evacuation Pause) 154M->10M(264M) 1.841ms
[2026-03-25T20:41:24.086+0900][5.782s][info][gc,cpu      ] GC(74) User=0.00s Sys=0.00s Real=0.00s
[2026-03-25T20:41:24.140+0900][5.836s][info][gc,start    ] GC(75) Pause Young (Normal) (G1 Evacuation Pause)
[2026-03-25T20:41:24.140+0900][5.836s][info][gc,task     ] GC(75) Using 6 workers of 9 for evacuation
[2026-03-25T20:41:24.141+0900][5.837s][info][gc,phases   ] GC(75)   Pre Evacuate Collection Set: 0.07ms
[2026-03-25T20:41:24.142+0900][5.837s][info][gc,phases   ] GC(75)   Merge Heap Roots: 0.02ms
[2026-03-25T20:41:24.142+0900][5.837s][info][gc,phases   ] GC(75)   Evacuate Collection Set: 0.67ms
[2026-03-25T20:41:24.142+0900][5.837s][info][gc,phases   ] GC(75)   Post Evacuate Collection Set: 0.12ms
[2026-03-25T20:41:24.142+0900][5.837s][info][gc,phases   ] GC(75)   Other: 0.08ms
[2026-03-25T20:41:24.142+0900][5.837s][info][gc,heap     ] GC(75) Eden regions: 18->0(18)
[2026-03-25T20:41:24.142+0900][5.837s][info][gc,heap     ] GC(75) Survivor regions: 1->1(3)
[2026-03-25T20:41:24.142+0900][5.837s][info][gc,heap     ] GC(75) Old regions: 2->2
[2026-03-25T20:41:24.142+0900][5.837s][info][gc,heap     ] GC(75) Humongous regions: 0->0
[2026-03-25T20:41:24.142+0900][5.837s][info][gc,metaspace] GC(75) Metaspace: 5921K(6080K)->5921K(6080K) NonClass: 5289K(5376K)->5289K(5376K) Class: 632K(704K)->632K(704K)
[2026-03-25T20:41:24.142+0900][5.837s][info][gc          ] GC(75) Pause Young (Normal) (G1 Evacuation Pause) 154M->10M(264M) 1.225ms
[2026-03-25T20:41:24.142+0900][5.837s][info][gc,cpu      ] GC(75) User=0.00s Sys=0.00s Real=0.00s
[2026-03-25T20:41:24.201+0900][5.897s][info][gc,start    ] GC(76) Pause Young (Normal) (G1 Evacuation Pause)
[2026-03-25T20:41:24.201+0900][5.897s][info][gc,task     ] GC(76) Using 6 workers of 9 for evacuation
[2026-03-25T20:41:24.202+0900][5.898s][info][gc,phases   ] GC(76)   Pre Evacuate Collection Set: 0.05ms
[2026-03-25T20:41:24.202+0900][5.898s][info][gc,phases   ] GC(76)   Merge Heap Roots: 0.02ms
[2026-03-25T20:41:24.202+0900][5.898s][info][gc,phases   ] GC(76)   Evacuate Collection Set: 0.70ms
[2026-03-25T20:41:24.202+0900][5.898s][info][gc,phases   ] GC(76)   Post Evacuate Collection Set: 0.13ms
[2026-03-25T20:41:24.202+0900][5.898s][info][gc,phases   ] GC(76)   Other: 0.07ms
[2026-03-25T20:41:24.202+0900][5.898s][info][gc,heap     ] GC(76) Eden regions: 18->0(18)
[2026-03-25T20:41:24.202+0900][5.898s][info][gc,heap     ] GC(76) Survivor regions: 1->1(3)
[2026-03-25T20:41:24.202+0900][5.898s][info][gc,heap     ] GC(76) Old regions: 2->2
[2026-03-25T20:41:24.202+0900][5.898s][info][gc,heap     ] GC(76) Humongous regions: 0->0
[2026-03-25T20:41:24.202+0900][5.898s][info][gc,metaspace] GC(76) Metaspace: 5921K(6080K)->5921K(6080K) NonClass: 5289K(5376K)->5289K(5376K) Class: 632K(704K)->632K(704K)
[2026-03-25T20:41:24.202+0900][5.898s][info][gc          ] GC(76) Pause Young (Normal) (G1 Evacuation Pause) 154M->10M(264M) 1.241ms
[2026-03-25T20:41:24.202+0900][5.898s][info][gc,cpu      ] GC(76) User=0.01s Sys=0.00s Real=0.00s
[2026-03-25T20:41:24.317+0900][6.013s][info][gc,start    ] GC(77) Pause Young (Normal) (G1 Evacuation Pause)
[2026-03-25T20:41:24.317+0900][6.013s][info][gc,task     ] GC(77) Using 6 workers of 9 for evacuation
[2026-03-25T20:41:24.319+0900][6.014s][info][gc,phases   ] GC(77)   Pre Evacuate Collection Set: 0.05ms
[2026-03-25T20:41:24.319+0900][6.014s][info][gc,phases   ] GC(77)   Merge Heap Roots: 0.02ms
[2026-03-25T20:41:24.319+0900][6.014s][info][gc,phases   ] GC(77)   Evacuate Collection Set: 1.06ms
[2026-03-25T20:41:24.319+0900][6.014s][info][gc,phases   ] GC(77)   Post Evacuate Collection Set: 0.11ms
[2026-03-25T20:41:24.319+0900][6.014s][info][gc,phases   ] GC(77)   Other: 0.07ms
[2026-03-25T20:41:24.319+0900][6.014s][info][gc,heap     ] GC(77) Eden regions: 18->0(18)
[2026-03-25T20:41:24.319+0900][6.014s][info][gc,heap     ] GC(77) Survivor regions: 1->1(3)
[2026-03-25T20:41:24.319+0900][6.014s][info][gc,heap     ] GC(77) Old regions: 2->2
[2026-03-25T20:41:24.319+0900][6.014s][info][gc,heap     ] GC(77) Humongous regions: 0->0
[2026-03-25T20:41:24.319+0900][6.014s][info][gc,metaspace] GC(77) Metaspace: 5921K(6080K)->5921K(6080K) NonClass: 5289K(5376K)->5289K(5376K) Class: 632K(704K)->632K(704K)
[2026-03-25T20:41:24.319+0900][6.014s][info][gc          ] GC(77) Pause Young (Normal) (G1 Evacuation Pause) 154M->10M(264M) 1.550ms
[2026-03-25T20:41:24.319+0900][6.014s][info][gc,cpu      ] GC(77) User=0.01s Sys=0.00s Real=0.00s
[2026-03-25T20:41:24.376+0900][6.072s][info][gc,start    ] GC(78) Pause Young (Normal) (G1 Evacuation Pause)
[2026-03-25T20:41:24.376+0900][6.072s][info][gc,task     ] GC(78) Using 6 workers of 9 for evacuation
[2026-03-25T20:41:24.377+0900][6.073s][info][gc,phases   ] GC(78)   Pre Evacuate Collection Set: 0.06ms
[2026-03-25T20:41:24.378+0900][6.073s][info][gc,phases   ] GC(78)   Merge Heap Roots: 0.03ms
[2026-03-25T20:41:24.378+0900][6.073s][info][gc,phases   ] GC(78)   Evacuate Collection Set: 1.02ms
[2026-03-25T20:41:24.378+0900][6.073s][info][gc,phases   ] GC(78)   Post Evacuate Collection Set: 0.12ms
[2026-03-25T20:41:24.378+0900][6.073s][info][gc,phases   ] GC(78)   Other: 0.08ms
[2026-03-25T20:41:24.378+0900][6.073s][info][gc,heap     ] GC(78) Eden regions: 18->0(18)
[2026-03-25T20:41:24.378+0900][6.073s][info][gc,heap     ] GC(78) Survivor regions: 1->1(3)
[2026-03-25T20:41:24.378+0900][6.073s][info][gc,heap     ] GC(78) Old regions: 2->2
[2026-03-25T20:41:24.378+0900][6.073s][info][gc,heap     ] GC(78) Humongous regions: 0->0
[2026-03-25T20:41:24.378+0900][6.073s][info][gc,metaspace] GC(78) Metaspace: 5921K(6080K)->5921K(6080K) NonClass: 5289K(5376K)->5289K(5376K) Class: 632K(704K)->632K(704K)
[2026-03-25T20:41:24.378+0900][6.073s][info][gc          ] GC(78) Pause Young (Normal) (G1 Evacuation Pause) 154M->10M(264M) 1.566ms
[2026-03-25T20:41:24.378+0900][6.073s][info][gc,cpu      ] GC(78) User=0.01s Sys=0.00s Real=0.00s
[2026-03-25T20:41:24.437+0900][6.132s][info][gc,start    ] GC(79) Pause Young (Normal) (G1 Evacuation Pause)
[2026-03-25T20:41:24.437+0900][6.132s][info][gc,task     ] GC(79) Using 6 workers of 9 for evacuation
[2026-03-25T20:41:24.438+0900][6.133s][info][gc,phases   ] GC(79)   Pre Evacuate Collection Set: 0.05ms
[2026-03-25T20:41:24.438+0900][6.133s][info][gc,phases   ] GC(79)   Merge Heap Roots: 0.03ms
[2026-03-25T20:41:24.438+0900][6.133s][info][gc,phases   ] GC(79)   Evacuate Collection Set: 0.71ms
[2026-03-25T20:41:24.438+0900][6.133s][info][gc,phases   ] GC(79)   Post Evacuate Collection Set: 0.12ms
[2026-03-25T20:41:24.438+0900][6.133s][info][gc,phases   ] GC(79)   Other: 0.07ms
[2026-03-25T20:41:24.438+0900][6.133s][info][gc,heap     ] GC(79) Eden regions: 18->0(18)
[2026-03-25T20:41:24.438+0900][6.133s][info][gc,heap     ] GC(79) Survivor regions: 1->1(3)
[2026-03-25T20:41:24.438+0900][6.133s][info][gc,heap     ] GC(79) Old regions: 2->2
[2026-03-25T20:41:24.438+0900][6.133s][info][gc,heap     ] GC(79) Humongous regions: 0->0
[2026-03-25T20:41:24.438+0900][6.133s][info][gc,metaspace] GC(79) Metaspace: 5921K(6080K)->5921K(6080K) NonClass: 5289K(5376K)->5289K(5376K) Class: 632K(704K)->632K(704K)
[2026-03-25T20:41:24.438+0900][6.133s][info][gc          ] GC(79) Pause Young (Normal) (G1 Evacuation Pause) 154M->10M(264M) 1.220ms
[2026-03-25T20:41:24.438+0900][6.133s][info][gc,cpu      ] GC(79) User=0.01s Sys=0.00s Real=0.00s
[2026-03-25T20:41:24.547+0900][6.243s][info][gc,start    ] GC(80) Pause Young (Normal) (G1 Evacuation Pause)
[2026-03-25T20:41:24.547+0900][6.243s][info][gc,task     ] GC(80) Using 6 workers of 9 for evacuation
[2026-03-25T20:41:24.548+0900][6.244s][info][gc,phases   ] GC(80)   Pre Evacuate Collection Set: 0.06ms
[2026-03-25T20:41:24.548+0900][6.244s][info][gc,phases   ] GC(80)   Merge Heap Roots: 0.02ms
[2026-03-25T20:41:24.549+0900][6.244s][info][gc,phases   ] GC(80)   Evacuate Collection Set: 1.05ms
[2026-03-25T20:41:24.549+0900][6.244s][info][gc,phases   ] GC(80)   Post Evacuate Collection Set: 0.11ms
[2026-03-25T20:41:24.549+0900][6.244s][info][gc,phases   ] GC(80)   Other: 0.07ms
[2026-03-25T20:41:24.549+0900][6.244s][info][gc,heap     ] GC(80) Eden regions: 18->0(18)
[2026-03-25T20:41:24.549+0900][6.244s][info][gc,heap     ] GC(80) Survivor regions: 1->1(3)
[2026-03-25T20:41:24.549+0900][6.244s][info][gc,heap     ] GC(80) Old regions: 2->2
[2026-03-25T20:41:24.549+0900][6.244s][info][gc,heap     ] GC(80) Humongous regions: 0->0
[2026-03-25T20:41:24.549+0900][6.244s][info][gc,metaspace] GC(80) Metaspace: 5921K(6080K)->5921K(6080K) NonClass: 5289K(5376K)->5289K(5376K) Class: 632K(704K)->632K(704K)
[2026-03-25T20:41:24.549+0900][6.244s][info][gc          ] GC(80) Pause Young (Normal) (G1 Evacuation Pause) 154M->10M(264M) 1.563ms
[2026-03-25T20:41:24.549+0900][6.244s][info][gc,cpu      ] GC(80) User=0.01s Sys=0.00s Real=0.00s
[2026-03-25T20:41:24.608+0900][6.303s][info][gc,start    ] GC(81) Pause Young (Normal) (G1 Evacuation Pause)
[2026-03-25T20:41:24.608+0900][6.304s][info][gc,task     ] GC(81) Using 6 workers of 9 for evacuation
[2026-03-25T20:41:24.609+0900][6.305s][info][gc,phases   ] GC(81)   Pre Evacuate Collection Set: 0.06ms
[2026-03-25T20:41:24.609+0900][6.305s][info][gc,phases   ] GC(81)   Merge Heap Roots: 0.02ms
[2026-03-25T20:41:24.609+0900][6.305s][info][gc,phases   ] GC(81)   Evacuate Collection Set: 0.86ms
[2026-03-25T20:41:24.609+0900][6.305s][info][gc,phases   ] GC(81)   Post Evacuate Collection Set: 0.12ms
[2026-03-25T20:41:24.609+0900][6.305s][info][gc,phases   ] GC(81)   Other: 0.08ms
[2026-03-25T20:41:24.609+0900][6.305s][info][gc,heap     ] GC(81) Eden regions: 18->0(18)
[2026-03-25T20:41:24.609+0900][6.305s][info][gc,heap     ] GC(81) Survivor regions: 1->1(3)
[2026-03-25T20:41:24.609+0900][6.305s][info][gc,heap     ] GC(81) Old regions: 2->2
[2026-03-25T20:41:24.609+0900][6.305s][info][gc,heap     ] GC(81) Humongous regions: 0->0
[2026-03-25T20:41:24.609+0900][6.305s][info][gc,metaspace] GC(81) Metaspace: 5921K(6080K)->5921K(6080K) NonClass: 5289K(5376K)->5289K(5376K) Class: 632K(704K)->632K(704K)
[2026-03-25T20:41:24.609+0900][6.305s][info][gc          ] GC(81) Pause Young (Normal) (G1 Evacuation Pause) 154M->10M(264M) 1.391ms
[2026-03-25T20:41:24.609+0900][6.305s][info][gc,cpu      ] GC(81) User=0.00s Sys=0.00s Real=0.00s
[2026-03-25T20:41:24.665+0900][6.361s][info][gc,start    ] GC(82) Pause Young (Normal) (G1 Evacuation Pause)
[2026-03-25T20:41:24.665+0900][6.361s][info][gc,task     ] GC(82) Using 6 workers of 9 for evacuation
[2026-03-25T20:41:24.667+0900][6.362s][info][gc,phases   ] GC(82)   Pre Evacuate Collection Set: 0.07ms
[2026-03-25T20:41:24.667+0900][6.362s][info][gc,phases   ] GC(82)   Merge Heap Roots: 0.02ms
[2026-03-25T20:41:24.667+0900][6.362s][info][gc,phases   ] GC(82)   Evacuate Collection Set: 1.07ms
[2026-03-25T20:41:24.667+0900][6.362s][info][gc,phases   ] GC(82)   Post Evacuate Collection Set: 0.13ms
[2026-03-25T20:41:24.667+0900][6.362s][info][gc,phases   ] GC(82)   Other: 0.08ms
[2026-03-25T20:41:24.667+0900][6.362s][info][gc,heap     ] GC(82) Eden regions: 18->0(18)
[2026-03-25T20:41:24.667+0900][6.362s][info][gc,heap     ] GC(82) Survivor regions: 1->1(3)
[2026-03-25T20:41:24.667+0900][6.362s][info][gc,heap     ] GC(82) Old regions: 2->2
[2026-03-25T20:41:24.667+0900][6.362s][info][gc,heap     ] GC(82) Humongous regions: 0->0
[2026-03-25T20:41:24.667+0900][6.362s][info][gc,metaspace] GC(82) Metaspace: 5928K(6144K)->5928K(6144K) NonClass: 5296K(5440K)->5296K(5440K) Class: 632K(704K)->632K(704K)
[2026-03-25T20:41:24.667+0900][6.362s][info][gc          ] GC(82) Pause Young (Normal) (G1 Evacuation Pause) 154M->10M(264M) 1.669ms
[2026-03-25T20:41:24.667+0900][6.362s][info][gc,cpu      ] GC(82) User=0.01s Sys=0.00s Real=0.00s
[2026-03-25T20:41:24.780+0900][6.475s][info][gc,start    ] GC(83) Pause Young (Normal) (G1 Evacuation Pause)
[2026-03-25T20:41:24.780+0900][6.475s][info][gc,task     ] GC(83) Using 6 workers of 9 for evacuation
[2026-03-25T20:41:24.780+0900][6.476s][info][gc,phases   ] GC(83)   Pre Evacuate Collection Set: 0.06ms
[2026-03-25T20:41:24.780+0900][6.476s][info][gc,phases   ] GC(83)   Merge Heap Roots: 0.05ms
[2026-03-25T20:41:24.780+0900][6.476s][info][gc,phases   ] GC(83)   Evacuate Collection Set: 0.25ms
[2026-03-25T20:41:24.780+0900][6.476s][info][gc,phases   ] GC(83)   Post Evacuate Collection Set: 0.09ms
[2026-03-25T20:41:24.780+0900][6.476s][info][gc,phases   ] GC(83)   Other: 0.04ms
[2026-03-25T20:41:24.780+0900][6.476s][info][gc,heap     ] GC(83) Eden regions: 18->0(18)
[2026-03-25T20:41:24.780+0900][6.476s][info][gc,heap     ] GC(83) Survivor regions: 1->1(3)
[2026-03-25T20:41:24.780+0900][6.476s][info][gc,heap     ] GC(83) Old regions: 2->2
[2026-03-25T20:41:24.780+0900][6.476s][info][gc,heap     ] GC(83) Humongous regions: 0->0
[2026-03-25T20:41:24.780+0900][6.476s][info][gc,metaspace] GC(83) Metaspace: 5928K(6144K)->5928K(6144K) NonClass: 5296K(5440K)->5296K(5440K) Class: 632K(704K)->632K(704K)
[2026-03-25T20:41:24.780+0900][6.476s][info][gc          ] GC(83) Pause Young (Normal) (G1 Evacuation Pause) 154M->10M(264M) 0.652ms
[2026-03-25T20:41:24.780+0900][6.476s][info][gc,cpu      ] GC(83) User=0.00s Sys=0.00s Real=0.00s
[2026-03-25T20:41:24.838+0900][6.534s][info][gc,start    ] GC(84) Pause Young (Normal) (G1 Evacuation Pause)
[2026-03-25T20:41:24.838+0900][6.534s][info][gc,task     ] GC(84) Using 6 workers of 9 for evacuation
[2026-03-25T20:41:24.839+0900][6.534s][info][gc,phases   ] GC(84)   Pre Evacuate Collection Set: 0.09ms
[2026-03-25T20:41:24.839+0900][6.534s][info][gc,phases   ] GC(84)   Merge Heap Roots: 0.05ms
[2026-03-25T20:41:24.839+0900][6.534s][info][gc,phases   ] GC(84)   Evacuate Collection Set: 0.47ms
[2026-03-25T20:41:24.839+0900][6.534s][info][gc,phases   ] GC(84)   Post Evacuate Collection Set: 0.10ms
[2026-03-25T20:41:24.839+0900][6.534s][info][gc,phases   ] GC(84)   Other: 0.08ms
[2026-03-25T20:41:24.839+0900][6.535s][info][gc,heap     ] GC(84) Eden regions: 18->0(18)
[2026-03-25T20:41:24.839+0900][6.535s][info][gc,heap     ] GC(84) Survivor regions: 1->1(3)
[2026-03-25T20:41:24.839+0900][6.535s][info][gc,heap     ] GC(84) Old regions: 2->2
[2026-03-25T20:41:24.839+0900][6.535s][info][gc,heap     ] GC(84) Humongous regions: 0->0
[2026-03-25T20:41:24.839+0900][6.535s][info][gc,metaspace] GC(84) Metaspace: 5928K(6144K)->5928K(6144K) NonClass: 5296K(5440K)->5296K(5440K) Class: 632K(704K)->632K(704K)
[2026-03-25T20:41:24.839+0900][6.535s][info][gc          ] GC(84) Pause Young (Normal) (G1 Evacuation Pause) 154M->10M(264M) 0.994ms
[2026-03-25T20:41:24.839+0900][6.535s][info][gc,cpu      ] GC(84) User=0.01s Sys=0.00s Real=0.00s
[2026-03-25T20:41:24.898+0900][6.594s][info][gc,start    ] GC(85) Pause Young (Normal) (G1 Evacuation Pause)
[2026-03-25T20:41:24.898+0900][6.594s][info][gc,task     ] GC(85) Using 6 workers of 9 for evacuation
[2026-03-25T20:41:24.900+0900][6.595s][info][gc,phases   ] GC(85)   Pre Evacuate Collection Set: 0.07ms
[2026-03-25T20:41:24.900+0900][6.595s][info][gc,phases   ] GC(85)   Merge Heap Roots: 0.04ms
[2026-03-25T20:41:24.900+0900][6.595s][info][gc,phases   ] GC(85)   Evacuate Collection Set: 1.03ms
[2026-03-25T20:41:24.900+0900][6.595s][info][gc,phases   ] GC(85)   Post Evacuate Collection Set: 0.15ms
[2026-03-25T20:41:24.900+0900][6.595s][info][gc,phases   ] GC(85)   Other: 0.09ms
[2026-03-25T20:41:24.900+0900][6.595s][info][gc,heap     ] GC(85) Eden regions: 18->0(18)
[2026-03-25T20:41:24.900+0900][6.595s][info][gc,heap     ] GC(85) Survivor regions: 1->1(3)
[2026-03-25T20:41:24.900+0900][6.595s][info][gc,heap     ] GC(85) Old regions: 2->2
[2026-03-25T20:41:24.900+0900][6.595s][info][gc,heap     ] GC(85) Humongous regions: 0->0
[2026-03-25T20:41:24.900+0900][6.595s][info][gc,metaspace] GC(85) Metaspace: 5928K(6144K)->5928K(6144K) NonClass: 5296K(5440K)->5296K(5440K) Class: 632K(704K)->632K(704K)
[2026-03-25T20:41:24.900+0900][6.595s][info][gc          ] GC(85) Pause Young (Normal) (G1 Evacuation Pause) 154M->10M(264M) 1.687ms
[2026-03-25T20:41:24.900+0900][6.595s][info][gc,cpu      ] GC(85) User=0.01s Sys=0.00s Real=0.01s
[2026-03-25T20:41:25.008+0900][6.703s][info][gc,start    ] GC(86) Pause Young (Normal) (G1 Evacuation Pause)
[2026-03-25T20:41:25.008+0900][6.703s][info][gc,task     ] GC(86) Using 6 workers of 9 for evacuation
[2026-03-25T20:41:25.009+0900][6.704s][info][gc,phases   ] GC(86)   Pre Evacuate Collection Set: 0.06ms
[2026-03-25T20:41:25.009+0900][6.704s][info][gc,phases   ] GC(86)   Merge Heap Roots: 0.02ms
[2026-03-25T20:41:25.009+0900][6.705s][info][gc,phases   ] GC(86)   Evacuate Collection Set: 0.99ms
[2026-03-25T20:41:25.009+0900][6.705s][info][gc,phases   ] GC(86)   Post Evacuate Collection Set: 0.11ms
[2026-03-25T20:41:25.009+0900][6.705s][info][gc,phases   ] GC(86)   Other: 0.08ms
[2026-03-25T20:41:25.009+0900][6.705s][info][gc,heap     ] GC(86) Eden regions: 18->0(18)
[2026-03-25T20:41:25.009+0900][6.705s][info][gc,heap     ] GC(86) Survivor regions: 1->1(3)
[2026-03-25T20:41:25.009+0900][6.705s][info][gc,heap     ] GC(86) Old regions: 2->2
[2026-03-25T20:41:25.009+0900][6.705s][info][gc,heap     ] GC(86) Humongous regions: 0->0
[2026-03-25T20:41:25.009+0900][6.705s][info][gc,metaspace] GC(86) Metaspace: 5928K(6144K)->5928K(6144K) NonClass: 5296K(5440K)->5296K(5440K) Class: 632K(704K)->632K(704K)
[2026-03-25T20:41:25.009+0900][6.705s][info][gc          ] GC(86) Pause Young (Normal) (G1 Evacuation Pause) 154M->10M(264M) 1.534ms
[2026-03-25T20:41:25.009+0900][6.705s][info][gc,cpu      ] GC(86) User=0.01s Sys=0.01s Real=0.00s
[2026-03-25T20:41:25.067+0900][6.762s][info][gc,start    ] GC(87) Pause Young (Normal) (G1 Evacuation Pause)
[2026-03-25T20:41:25.067+0900][6.762s][info][gc,task     ] GC(87) Using 6 workers of 9 for evacuation
[2026-03-25T20:41:25.067+0900][6.763s][info][gc,phases   ] GC(87)   Pre Evacuate Collection Set: 0.06ms
[2026-03-25T20:41:25.067+0900][6.763s][info][gc,phases   ] GC(87)   Merge Heap Roots: 0.02ms
[2026-03-25T20:41:25.067+0900][6.763s][info][gc,phases   ] GC(87)   Evacuate Collection Set: 0.26ms
[2026-03-25T20:41:25.067+0900][6.763s][info][gc,phases   ] GC(87)   Post Evacuate Collection Set: 0.10ms
[2026-03-25T20:41:25.067+0900][6.763s][info][gc,phases   ] GC(87)   Other: 0.04ms
[2026-03-25T20:41:25.067+0900][6.763s][info][gc,heap     ] GC(87) Eden regions: 18->0(18)
[2026-03-25T20:41:25.067+0900][6.763s][info][gc,heap     ] GC(87) Survivor regions: 1->1(3)
[2026-03-25T20:41:25.067+0900][6.763s][info][gc,heap     ] GC(87) Old regions: 2->2
[2026-03-25T20:41:25.067+0900][6.763s][info][gc,heap     ] GC(87) Humongous regions: 0->0
[2026-03-25T20:41:25.067+0900][6.763s][info][gc,metaspace] GC(87) Metaspace: 5928K(6144K)->5928K(6144K) NonClass: 5296K(5440K)->5296K(5440K) Class: 632K(704K)->632K(704K)
[2026-03-25T20:41:25.067+0900][6.763s][info][gc          ] GC(87) Pause Young (Normal) (G1 Evacuation Pause) 154M->10M(264M) 0.597ms
[2026-03-25T20:41:25.067+0900][6.763s][info][gc,cpu      ] GC(87) User=0.00s Sys=0.00s Real=0.00s
[2026-03-25T20:41:25.179+0900][6.875s][info][gc,start    ] GC(88) Pause Young (Normal) (G1 Evacuation Pause)
[2026-03-25T20:41:25.179+0900][6.875s][info][gc,task     ] GC(88) Using 6 workers of 9 for evacuation
[2026-03-25T20:41:25.179+0900][6.875s][info][gc,phases   ] GC(88)   Pre Evacuate Collection Set: 0.04ms
[2026-03-25T20:41:25.179+0900][6.875s][info][gc,phases   ] GC(88)   Merge Heap Roots: 0.01ms
[2026-03-25T20:41:25.179+0900][6.875s][info][gc,phases   ] GC(88)   Evacuate Collection Set: 0.22ms
[2026-03-25T20:41:25.179+0900][6.875s][info][gc,phases   ] GC(88)   Post Evacuate Collection Set: 0.07ms
[2026-03-25T20:41:25.179+0900][6.875s][info][gc,phases   ] GC(88)   Other: 0.03ms
[2026-03-25T20:41:25.180+0900][6.875s][info][gc,heap     ] GC(88) Eden regions: 18->0(18)
[2026-03-25T20:41:25.180+0900][6.875s][info][gc,heap     ] GC(88) Survivor regions: 1->1(3)
[2026-03-25T20:41:25.180+0900][6.875s][info][gc,heap     ] GC(88) Old regions: 2->2
[2026-03-25T20:41:25.180+0900][6.875s][info][gc,heap     ] GC(88) Humongous regions: 0->0
[2026-03-25T20:41:25.180+0900][6.875s][info][gc,metaspace] GC(88) Metaspace: 5928K(6144K)->5928K(6144K) NonClass: 5296K(5440K)->5296K(5440K) Class: 632K(704K)->632K(704K)
[2026-03-25T20:41:25.180+0900][6.875s][info][gc          ] GC(88) Pause Young (Normal) (G1 Evacuation Pause) 154M->10M(264M) 0.470ms
[2026-03-25T20:41:25.180+0900][6.875s][info][gc,cpu      ] GC(88) User=0.00s Sys=0.00s Real=0.01s
[2026-03-25T20:41:25.235+0900][6.930s][info][gc,start    ] GC(89) Pause Young (Normal) (G1 Evacuation Pause)
[2026-03-25T20:41:25.235+0900][6.930s][info][gc,task     ] GC(89) Using 6 workers of 9 for evacuation
[2026-03-25T20:41:25.235+0900][6.931s][info][gc,phases   ] GC(89)   Pre Evacuate Collection Set: 0.04ms
[2026-03-25T20:41:25.235+0900][6.931s][info][gc,phases   ] GC(89)   Merge Heap Roots: 0.02ms
[2026-03-25T20:41:25.235+0900][6.931s][info][gc,phases   ] GC(89)   Evacuate Collection Set: 0.43ms
[2026-03-25T20:41:25.235+0900][6.931s][info][gc,phases   ] GC(89)   Post Evacuate Collection Set: 0.10ms
[2026-03-25T20:41:25.235+0900][6.931s][info][gc,phases   ] GC(89)   Other: 0.05ms
[2026-03-25T20:41:25.235+0900][6.931s][info][gc,heap     ] GC(89) Eden regions: 18->0(18)
[2026-03-25T20:41:25.235+0900][6.931s][info][gc,heap     ] GC(89) Survivor regions: 1->1(3)
[2026-03-25T20:41:25.235+0900][6.931s][info][gc,heap     ] GC(89) Old regions: 2->2
[2026-03-25T20:41:25.235+0900][6.931s][info][gc,heap     ] GC(89) Humongous regions: 0->0
[2026-03-25T20:41:25.235+0900][6.931s][info][gc,metaspace] GC(89) Metaspace: 5928K(6144K)->5928K(6144K) NonClass: 5296K(5440K)->5296K(5440K) Class: 632K(704K)->632K(704K)
[2026-03-25T20:41:25.235+0900][6.931s][info][gc          ] GC(89) Pause Young (Normal) (G1 Evacuation Pause) 154M->10M(264M) 0.819ms
[2026-03-25T20:41:25.235+0900][6.931s][info][gc,cpu      ] GC(89) User=0.01s Sys=0.00s Real=0.00s
[2026-03-25T20:41:25.293+0900][6.988s][info][gc,start    ] GC(90) Pause Young (Normal) (G1 Evacuation Pause)
[2026-03-25T20:41:25.293+0900][6.989s][info][gc,task     ] GC(90) Using 6 workers of 9 for evacuation
[2026-03-25T20:41:25.294+0900][6.990s][info][gc,phases   ] GC(90)   Pre Evacuate Collection Set: 0.05ms
[2026-03-25T20:41:25.294+0900][6.990s][info][gc,phases   ] GC(90)   Merge Heap Roots: 0.02ms
[2026-03-25T20:41:25.294+0900][6.990s][info][gc,phases   ] GC(90)   Evacuate Collection Set: 0.92ms
[2026-03-25T20:41:25.294+0900][6.990s][info][gc,phases   ] GC(90)   Post Evacuate Collection Set: 0.12ms
[2026-03-25T20:41:25.294+0900][6.990s][info][gc,phases   ] GC(90)   Other: 0.08ms
[2026-03-25T20:41:25.294+0900][6.990s][info][gc,heap     ] GC(90) Eden regions: 18->0(18)
[2026-03-25T20:41:25.294+0900][6.990s][info][gc,heap     ] GC(90) Survivor regions: 1->1(3)
[2026-03-25T20:41:25.294+0900][6.990s][info][gc,heap     ] GC(90) Old regions: 2->2
[2026-03-25T20:41:25.294+0900][6.990s][info][gc,heap     ] GC(90) Humongous regions: 0->0
[2026-03-25T20:41:25.294+0900][6.990s][info][gc,metaspace] GC(90) Metaspace: 5928K(6144K)->5928K(6144K) NonClass: 5296K(5440K)->5296K(5440K) Class: 632K(704K)->632K(704K)
[2026-03-25T20:41:25.294+0900][6.990s][info][gc          ] GC(90) Pause Young (Normal) (G1 Evacuation Pause) 154M->10M(264M) 1.539ms
[2026-03-25T20:41:25.294+0900][6.990s][info][gc,cpu      ] GC(90) User=0.00s Sys=0.00s Real=0.00s
[2026-03-25T20:41:25.409+0900][7.104s][info][gc,start    ] GC(91) Pause Young (Normal) (G1 Evacuation Pause)
[2026-03-25T20:41:25.409+0900][7.104s][info][gc,task     ] GC(91) Using 6 workers of 9 for evacuation
[2026-03-25T20:41:25.410+0900][7.106s][info][gc,phases   ] GC(91)   Pre Evacuate Collection Set: 0.12ms
[2026-03-25T20:41:25.411+0900][7.106s][info][gc,phases   ] GC(91)   Merge Heap Roots: 0.05ms
[2026-03-25T20:41:25.411+0900][7.106s][info][gc,phases   ] GC(91)   Evacuate Collection Set: 1.12ms
[2026-03-25T20:41:25.411+0900][7.106s][info][gc,phases   ] GC(91)   Post Evacuate Collection Set: 0.21ms
[2026-03-25T20:41:25.411+0900][7.106s][info][gc,phases   ] GC(91)   Other: 0.13ms
[2026-03-25T20:41:25.411+0900][7.106s][info][gc,heap     ] GC(91) Eden regions: 18->0(18)
[2026-03-25T20:41:25.411+0900][7.106s][info][gc,heap     ] GC(91) Survivor regions: 1->1(3)
[2026-03-25T20:41:25.411+0900][7.106s][info][gc,heap     ] GC(91) Old regions: 2->2
[2026-03-25T20:41:25.411+0900][7.106s][info][gc,heap     ] GC(91) Humongous regions: 0->0
[2026-03-25T20:41:25.411+0900][7.106s][info][gc,metaspace] GC(91) Metaspace: 5928K(6144K)->5928K(6144K) NonClass: 5296K(5440K)->5296K(5440K) Class: 632K(704K)->632K(704K)
[2026-03-25T20:41:25.411+0900][7.106s][info][gc          ] GC(91) Pause Young (Normal) (G1 Evacuation Pause) 154M->10M(264M) 2.186ms
[2026-03-25T20:41:25.411+0900][7.106s][info][gc,cpu      ] GC(91) User=0.00s Sys=0.00s Real=0.01s
[2026-03-25T20:41:25.470+0900][7.165s][info][gc,start    ] GC(92) Pause Young (Normal) (G1 Evacuation Pause)
[2026-03-25T20:41:25.470+0900][7.166s][info][gc,task     ] GC(92) Using 6 workers of 9 for evacuation
[2026-03-25T20:41:25.472+0900][7.167s][info][gc,phases   ] GC(92)   Pre Evacuate Collection Set: 0.09ms
[2026-03-25T20:41:25.472+0900][7.167s][info][gc,phases   ] GC(92)   Merge Heap Roots: 0.04ms
[2026-03-25T20:41:25.472+0900][7.167s][info][gc,phases   ] GC(92)   Evacuate Collection Set: 1.10ms
[2026-03-25T20:41:25.472+0900][7.167s][info][gc,phases   ] GC(92)   Post Evacuate Collection Set: 0.13ms
[2026-03-25T20:41:25.472+0900][7.167s][info][gc,phases   ] GC(92)   Other: 0.09ms
[2026-03-25T20:41:25.472+0900][7.167s][info][gc,heap     ] GC(92) Eden regions: 18->0(18)
[2026-03-25T20:41:25.472+0900][7.167s][info][gc,heap     ] GC(92) Survivor regions: 1->1(3)
[2026-03-25T20:41:25.472+0900][7.167s][info][gc,heap     ] GC(92) Old regions: 2->2
[2026-03-25T20:41:25.472+0900][7.167s][info][gc,heap     ] GC(92) Humongous regions: 0->0
[2026-03-25T20:41:25.472+0900][7.167s][info][gc,metaspace] GC(92) Metaspace: 5928K(6144K)->5928K(6144K) NonClass: 5296K(5440K)->5296K(5440K) Class: 632K(704K)->632K(704K)
[2026-03-25T20:41:25.472+0900][7.167s][info][gc          ] GC(92) Pause Young (Normal) (G1 Evacuation Pause) 154M->10M(264M) 1.775ms
[2026-03-25T20:41:25.472+0900][7.167s][info][gc,cpu      ] GC(92) User=0.00s Sys=0.00s Real=0.00s
[2026-03-25T20:41:25.528+0900][7.223s][info][gc,start    ] GC(93) Pause Young (Normal) (G1 Evacuation Pause)
[2026-03-25T20:41:25.528+0900][7.223s][info][gc,task     ] GC(93) Using 6 workers of 9 for evacuation
[2026-03-25T20:41:25.529+0900][7.225s][info][gc,phases   ] GC(93)   Pre Evacuate Collection Set: 0.05ms
[2026-03-25T20:41:25.529+0900][7.225s][info][gc,phases   ] GC(93)   Merge Heap Roots: 0.03ms
[2026-03-25T20:41:25.529+0900][7.225s][info][gc,phases   ] GC(93)   Evacuate Collection Set: 0.84ms
[2026-03-25T20:41:25.529+0900][7.225s][info][gc,phases   ] GC(93)   Post Evacuate Collection Set: 0.14ms
[2026-03-25T20:41:25.529+0900][7.225s][info][gc,phases   ] GC(93)   Other: 0.08ms
[2026-03-25T20:41:25.529+0900][7.225s][info][gc,heap     ] GC(93) Eden regions: 18->0(18)
[2026-03-25T20:41:25.529+0900][7.225s][info][gc,heap     ] GC(93) Survivor regions: 1->1(3)
[2026-03-25T20:41:25.529+0900][7.225s][info][gc,heap     ] GC(93) Old regions: 2->2
[2026-03-25T20:41:25.529+0900][7.225s][info][gc,heap     ] GC(93) Humongous regions: 0->0
[2026-03-25T20:41:25.529+0900][7.225s][info][gc,metaspace] GC(93) Metaspace: 5928K(6144K)->5928K(6144K) NonClass: 5296K(5440K)->5296K(5440K) Class: 632K(704K)->632K(704K)
[2026-03-25T20:41:25.529+0900][7.225s][info][gc          ] GC(93) Pause Young (Normal) (G1 Evacuation Pause) 154M->10M(264M) 1.376ms
[2026-03-25T20:41:25.529+0900][7.225s][info][gc,cpu      ] GC(93) User=0.00s Sys=0.00s Real=0.00s
[2026-03-25T20:41:25.639+0900][7.334s][info][gc,start    ] GC(94) Pause Young (Normal) (G1 Evacuation Pause)
[2026-03-25T20:41:25.639+0900][7.334s][info][gc,task     ] GC(94) Using 6 workers of 9 for evacuation
[2026-03-25T20:41:25.640+0900][7.336s][info][gc,phases   ] GC(94)   Pre Evacuate Collection Set: 0.06ms
[2026-03-25T20:41:25.640+0900][7.336s][info][gc,phases   ] GC(94)   Merge Heap Roots: 0.02ms
[2026-03-25T20:41:25.640+0900][7.336s][info][gc,phases   ] GC(94)   Evacuate Collection Set: 1.12ms
[2026-03-25T20:41:25.640+0900][7.336s][info][gc,phases   ] GC(94)   Post Evacuate Collection Set: 0.11ms
[2026-03-25T20:41:25.640+0900][7.336s][info][gc,phases   ] GC(94)   Other: 0.13ms
[2026-03-25T20:41:25.640+0900][7.336s][info][gc,heap     ] GC(94) Eden regions: 18->0(18)
[2026-03-25T20:41:25.640+0900][7.336s][info][gc,heap     ] GC(94) Survivor regions: 1->1(3)
[2026-03-25T20:41:25.640+0900][7.336s][info][gc,heap     ] GC(94) Old regions: 2->2
[2026-03-25T20:41:25.640+0900][7.336s][info][gc,heap     ] GC(94) Humongous regions: 0->0
[2026-03-25T20:41:25.640+0900][7.336s][info][gc,metaspace] GC(94) Metaspace: 5928K(6144K)->5928K(6144K) NonClass: 5296K(5440K)->5296K(5440K) Class: 632K(704K)->632K(704K)
[2026-03-25T20:41:25.640+0900][7.336s][info][gc          ] GC(94) Pause Young (Normal) (G1 Evacuation Pause) 154M->10M(264M) 1.724ms
[2026-03-25T20:41:25.640+0900][7.336s][info][gc,cpu      ] GC(94) User=0.00s Sys=0.00s Real=0.01s
[2026-03-25T20:41:25.708+0900][7.403s][info][gc,start    ] GC(95) Pause Young (Normal) (G1 Evacuation Pause)
[2026-03-25T20:41:25.708+0900][7.404s][info][gc,task     ] GC(95) Using 6 workers of 9 for evacuation
[2026-03-25T20:41:25.710+0900][7.406s][info][gc,phases   ] GC(95)   Pre Evacuate Collection Set: 0.10ms
[2026-03-25T20:41:25.710+0900][7.406s][info][gc,phases   ] GC(95)   Merge Heap Roots: 0.02ms
[2026-03-25T20:41:25.710+0900][7.406s][info][gc,phases   ] GC(95)   Evacuate Collection Set: 1.68ms
[2026-03-25T20:41:25.710+0900][7.406s][info][gc,phases   ] GC(95)   Post Evacuate Collection Set: 0.12ms
[2026-03-25T20:41:25.710+0900][7.406s][info][gc,phases   ] GC(95)   Other: 0.14ms
[2026-03-25T20:41:25.710+0900][7.406s][info][gc,heap     ] GC(95) Eden regions: 18->0(18)
[2026-03-25T20:41:25.710+0900][7.406s][info][gc,heap     ] GC(95) Survivor regions: 1->1(3)
[2026-03-25T20:41:25.710+0900][7.406s][info][gc,heap     ] GC(95) Old regions: 2->2
[2026-03-25T20:41:25.710+0900][7.406s][info][gc,heap     ] GC(95) Humongous regions: 0->0
[2026-03-25T20:41:25.710+0900][7.406s][info][gc,metaspace] GC(95) Metaspace: 5940K(6144K)->5940K(6144K) NonClass: 5308K(5440K)->5308K(5440K) Class: 632K(704K)->632K(704K)
[2026-03-25T20:41:25.710+0900][7.406s][info][gc          ] GC(95) Pause Young (Normal) (G1 Evacuation Pause) 154M->10M(264M) 2.367ms
[2026-03-25T20:41:25.710+0900][7.406s][info][gc,cpu      ] GC(95) User=0.00s Sys=0.00s Real=0.01s
[2026-03-25T20:41:25.765+0900][7.460s][info][gc,start    ] GC(96) Pause Young (Normal) (G1 Evacuation Pause)
[2026-03-25T20:41:25.765+0900][7.460s][info][gc,task     ] GC(96) Using 6 workers of 9 for evacuation
[2026-03-25T20:41:25.766+0900][7.461s][info][gc,phases   ] GC(96)   Pre Evacuate Collection Set: 0.05ms
[2026-03-25T20:41:25.766+0900][7.462s][info][gc,phases   ] GC(96)   Merge Heap Roots: 0.02ms
[2026-03-25T20:41:25.766+0900][7.462s][info][gc,phases   ] GC(96)   Evacuate Collection Set: 0.71ms
[2026-03-25T20:41:25.766+0900][7.462s][info][gc,phases   ] GC(96)   Post Evacuate Collection Set: 0.13ms
[2026-03-25T20:41:25.766+0900][7.462s][info][gc,phases   ] GC(96)   Other: 0.07ms
[2026-03-25T20:41:25.766+0900][7.462s][info][gc,heap     ] GC(96) Eden regions: 18->0(18)
[2026-03-25T20:41:25.766+0900][7.462s][info][gc,heap     ] GC(96) Survivor regions: 1->1(3)
[2026-03-25T20:41:25.766+0900][7.462s][info][gc,heap     ] GC(96) Old regions: 2->2
[2026-03-25T20:41:25.766+0900][7.462s][info][gc,heap     ] GC(96) Humongous regions: 0->0
[2026-03-25T20:41:25.766+0900][7.462s][info][gc,metaspace] GC(96) Metaspace: 5940K(6144K)->5940K(6144K) NonClass: 5308K(5440K)->5308K(5440K) Class: 632K(704K)->632K(704K)
[2026-03-25T20:41:25.766+0900][7.462s][info][gc          ] GC(96) Pause Young (Normal) (G1 Evacuation Pause) 154M->10M(264M) 1.271ms
[2026-03-25T20:41:25.766+0900][7.462s][info][gc,cpu      ] GC(96) User=0.01s Sys=0.00s Real=0.00s
[2026-03-25T20:41:25.877+0900][7.573s][info][gc,start    ] GC(97) Pause Young (Normal) (G1 Evacuation Pause)
[2026-03-25T20:41:25.877+0900][7.573s][info][gc,task     ] GC(97) Using 6 workers of 9 for evacuation
[2026-03-25T20:41:25.879+0900][7.574s][info][gc,phases   ] GC(97)   Pre Evacuate Collection Set: 0.09ms
[2026-03-25T20:41:25.879+0900][7.574s][info][gc,phases   ] GC(97)   Merge Heap Roots: 0.04ms
[2026-03-25T20:41:25.879+0900][7.574s][info][gc,phases   ] GC(97)   Evacuate Collection Set: 1.19ms
[2026-03-25T20:41:25.879+0900][7.574s][info][gc,phases   ] GC(97)   Post Evacuate Collection Set: 0.14ms
[2026-03-25T20:41:25.879+0900][7.574s][info][gc,phases   ] GC(97)   Other: 0.09ms
[2026-03-25T20:41:25.879+0900][7.574s][info][gc,heap     ] GC(97) Eden regions: 18->0(18)
[2026-03-25T20:41:25.879+0900][7.574s][info][gc,heap     ] GC(97) Survivor regions: 1->1(3)
[2026-03-25T20:41:25.879+0900][7.574s][info][gc,heap     ] GC(97) Old regions: 2->2
[2026-03-25T20:41:25.879+0900][7.574s][info][gc,heap     ] GC(97) Humongous regions: 0->0
[2026-03-25T20:41:25.879+0900][7.574s][info][gc,metaspace] GC(97) Metaspace: 5940K(6144K)->5940K(6144K) NonClass: 5308K(5440K)->5308K(5440K) Class: 632K(704K)->632K(704K)
[2026-03-25T20:41:25.879+0900][7.574s][info][gc          ] GC(97) Pause Young (Normal) (G1 Evacuation Pause) 154M->10M(264M) 1.832ms
[2026-03-25T20:41:25.879+0900][7.574s][info][gc,cpu      ] GC(97) User=0.01s Sys=0.00s Real=0.00s
[2026-03-25T20:41:25.934+0900][7.629s][info][gc,start    ] GC(98) Pause Young (Normal) (G1 Evacuation Pause)
[2026-03-25T20:41:25.934+0900][7.629s][info][gc,task     ] GC(98) Using 6 workers of 9 for evacuation
[2026-03-25T20:41:25.935+0900][7.630s][info][gc,phases   ] GC(98)   Pre Evacuate Collection Set: 0.05ms
[2026-03-25T20:41:25.935+0900][7.630s][info][gc,phases   ] GC(98)   Merge Heap Roots: 0.02ms
[2026-03-25T20:41:25.935+0900][7.630s][info][gc,phases   ] GC(98)   Evacuate Collection Set: 0.58ms
[2026-03-25T20:41:25.935+0900][7.630s][info][gc,phases   ] GC(98)   Post Evacuate Collection Set: 0.11ms
[2026-03-25T20:41:25.935+0900][7.630s][info][gc,phases   ] GC(98)   Other: 0.06ms
[2026-03-25T20:41:25.935+0900][7.630s][info][gc,heap     ] GC(98) Eden regions: 18->0(18)
[2026-03-25T20:41:25.935+0900][7.630s][info][gc,heap     ] GC(98) Survivor regions: 1->1(3)
[2026-03-25T20:41:25.935+0900][7.630s][info][gc,heap     ] GC(98) Old regions: 2->2
[2026-03-25T20:41:25.935+0900][7.630s][info][gc,heap     ] GC(98) Humongous regions: 0->0
[2026-03-25T20:41:25.935+0900][7.630s][info][gc,metaspace] GC(98) Metaspace: 5940K(6144K)->5940K(6144K) NonClass: 5308K(5440K)->5308K(5440K) Class: 632K(704K)->632K(704K)
[2026-03-25T20:41:25.935+0900][7.630s][info][gc          ] GC(98) Pause Young (Normal) (G1 Evacuation Pause) 154M->10M(264M) 1.045ms
[2026-03-25T20:41:25.935+0900][7.630s][info][gc,cpu      ] GC(98) User=0.01s Sys=0.00s Real=0.00s
[2026-03-25T20:41:25.991+0900][7.686s][info][gc,start    ] GC(99) Pause Young (Normal) (G1 Evacuation Pause)
[2026-03-25T20:41:25.991+0900][7.686s][info][gc,task     ] GC(99) Using 6 workers of 9 for evacuation
[2026-03-25T20:41:25.992+0900][7.687s][info][gc,phases   ] GC(99)   Pre Evacuate Collection Set: 0.05ms
[2026-03-25T20:41:25.992+0900][7.687s][info][gc,phases   ] GC(99)   Merge Heap Roots: 0.03ms
[2026-03-25T20:41:25.992+0900][7.687s][info][gc,phases   ] GC(99)   Evacuate Collection Set: 0.81ms
[2026-03-25T20:41:25.992+0900][7.687s][info][gc,phases   ] GC(99)   Post Evacuate Collection Set: 0.12ms
[2026-03-25T20:41:25.992+0900][7.687s][info][gc,phases   ] GC(99)   Other: 0.08ms
[2026-03-25T20:41:25.992+0900][7.687s][info][gc,heap     ] GC(99) Eden regions: 18->0(18)
[2026-03-25T20:41:25.992+0900][7.687s][info][gc,heap     ] GC(99) Survivor regions: 1->1(3)
[2026-03-25T20:41:25.992+0900][7.687s][info][gc,heap     ] GC(99) Old regions: 2->2
[2026-03-25T20:41:25.992+0900][7.687s][info][gc,heap     ] GC(99) Humongous regions: 0->0
[2026-03-25T20:41:25.992+0900][7.687s][info][gc,metaspace] GC(99) Metaspace: 5940K(6144K)->5940K(6144K) NonClass: 5308K(5440K)->5308K(5440K) Class: 632K(704K)->632K(704K)
[2026-03-25T20:41:25.992+0900][7.687s][info][gc          ] GC(99) Pause Young (Normal) (G1 Evacuation Pause) 154M->10M(264M) 1.342ms
[2026-03-25T20:41:25.992+0900][7.687s][info][gc,cpu      ] GC(99) User=0.00s Sys=0.00s Real=0.00s
[2026-03-25T20:41:26.101+0900][7.796s][info][gc,start    ] GC(100) Pause Young (Normal) (G1 Evacuation Pause)
[2026-03-25T20:41:26.101+0900][7.796s][info][gc,task     ] GC(100) Using 6 workers of 9 for evacuation
[2026-03-25T20:41:26.102+0900][7.797s][info][gc,phases   ] GC(100)   Pre Evacuate Collection Set: 0.05ms
[2026-03-25T20:41:26.102+0900][7.797s][info][gc,phases   ] GC(100)   Merge Heap Roots: 0.02ms
[2026-03-25T20:41:26.102+0900][7.797s][info][gc,phases   ] GC(100)   Evacuate Collection Set: 0.77ms
[2026-03-25T20:41:26.102+0900][7.797s][info][gc,phases   ] GC(100)   Post Evacuate Collection Set: 0.15ms
[2026-03-25T20:41:26.102+0900][7.797s][info][gc,phases   ] GC(100)   Other: 0.09ms
[2026-03-25T20:41:26.102+0900][7.797s][info][gc,heap     ] GC(100) Eden regions: 18->0(18)
[2026-03-25T20:41:26.102+0900][7.797s][info][gc,heap     ] GC(100) Survivor regions: 1->1(3)
[2026-03-25T20:41:26.102+0900][7.797s][info][gc,heap     ] GC(100) Old regions: 2->2
[2026-03-25T20:41:26.102+0900][7.797s][info][gc,heap     ] GC(100) Humongous regions: 0->0
[2026-03-25T20:41:26.102+0900][7.797s][info][gc,metaspace] GC(100) Metaspace: 5940K(6144K)->5940K(6144K) NonClass: 5308K(5440K)->5308K(5440K) Class: 632K(704K)->632K(704K)
[2026-03-25T20:41:26.102+0900][7.797s][info][gc          ] GC(100) Pause Young (Normal) (G1 Evacuation Pause) 154M->10M(264M) 1.385ms
[2026-03-25T20:41:26.102+0900][7.797s][info][gc,cpu      ] GC(100) User=0.00s Sys=0.01s Real=0.00s
[2026-03-25T20:41:26.161+0900][7.857s][info][gc,start    ] GC(101) Pause Young (Normal) (G1 Evacuation Pause)
[2026-03-25T20:41:26.161+0900][7.857s][info][gc,task     ] GC(101) Using 6 workers of 9 for evacuation
[2026-03-25T20:41:26.163+0900][7.858s][info][gc,phases   ] GC(101)   Pre Evacuate Collection Set: 0.08ms
[2026-03-25T20:41:26.163+0900][7.858s][info][gc,phases   ] GC(101)   Merge Heap Roots: 0.04ms
[2026-03-25T20:41:26.163+0900][7.858s][info][gc,phases   ] GC(101)   Evacuate Collection Set: 1.11ms
[2026-03-25T20:41:26.163+0900][7.858s][info][gc,phases   ] GC(101)   Post Evacuate Collection Set: 0.15ms
[2026-03-25T20:41:26.163+0900][7.859s][info][gc,phases   ] GC(101)   Other: 0.09ms
[2026-03-25T20:41:26.163+0900][7.859s][info][gc,heap     ] GC(101) Eden regions: 18->0(18)
[2026-03-25T20:41:26.163+0900][7.859s][info][gc,heap     ] GC(101) Survivor regions: 1->1(3)
[2026-03-25T20:41:26.163+0900][7.859s][info][gc,heap     ] GC(101) Old regions: 2->2
[2026-03-25T20:41:26.163+0900][7.859s][info][gc,heap     ] GC(101) Humongous regions: 0->0
[2026-03-25T20:41:26.163+0900][7.859s][info][gc,metaspace] GC(101) Metaspace: 5940K(6144K)->5940K(6144K) NonClass: 5308K(5440K)->5308K(5440K) Class: 632K(704K)->632K(704K)
[2026-03-25T20:41:26.163+0900][7.859s][info][gc          ] GC(101) Pause Young (Normal) (G1 Evacuation Pause) 154M->10M(264M) 1.796ms
[2026-03-25T20:41:26.163+0900][7.859s][info][gc,cpu      ] GC(101) User=0.00s Sys=0.00s Real=0.00s
[2026-03-25T20:41:26.222+0900][7.918s][info][gc,start    ] GC(102) Pause Young (Normal) (G1 Evacuation Pause)
[2026-03-25T20:41:26.223+0900][7.918s][info][gc,task     ] GC(102) Using 6 workers of 9 for evacuation
[2026-03-25T20:41:26.224+0900][7.919s][info][gc,phases   ] GC(102)   Pre Evacuate Collection Set: 0.07ms
[2026-03-25T20:41:26.224+0900][7.919s][info][gc,phases   ] GC(102)   Merge Heap Roots: 0.03ms
[2026-03-25T20:41:26.224+0900][7.919s][info][gc,phases   ] GC(102)   Evacuate Collection Set: 0.99ms
[2026-03-25T20:41:26.224+0900][7.919s][info][gc,phases   ] GC(102)   Post Evacuate Collection Set: 0.15ms
[2026-03-25T20:41:26.224+0900][7.919s][info][gc,phases   ] GC(102)   Other: 0.07ms
[2026-03-25T20:41:26.224+0900][7.919s][info][gc,heap     ] GC(102) Eden regions: 18->0(18)
[2026-03-25T20:41:26.224+0900][7.919s][info][gc,heap     ] GC(102) Survivor regions: 1->1(3)
[2026-03-25T20:41:26.224+0900][7.919s][info][gc,heap     ] GC(102) Old regions: 2->2
[2026-03-25T20:41:26.224+0900][7.919s][info][gc,heap     ] GC(102) Humongous regions: 0->0
[2026-03-25T20:41:26.224+0900][7.919s][info][gc,metaspace] GC(102) Metaspace: 5940K(6144K)->5940K(6144K) NonClass: 5308K(5440K)->5308K(5440K) Class: 632K(704K)->632K(704K)
[2026-03-25T20:41:26.224+0900][7.920s][info][gc          ] GC(102) Pause Young (Normal) (G1 Evacuation Pause) 154M->10M(264M) 1.559ms
[2026-03-25T20:41:26.224+0900][7.920s][info][gc,cpu      ] GC(102) User=0.00s Sys=0.00s Real=0.00s
[2026-03-25T20:41:26.337+0900][8.032s][info][gc,start    ] GC(103) Pause Young (Normal) (G1 Evacuation Pause)
[2026-03-25T20:41:26.337+0900][8.032s][info][gc,task     ] GC(103) Using 6 workers of 9 for evacuation
[2026-03-25T20:41:26.339+0900][8.034s][info][gc,phases   ] GC(103)   Pre Evacuate Collection Set: 0.09ms
[2026-03-25T20:41:26.339+0900][8.034s][info][gc,phases   ] GC(103)   Merge Heap Roots: 0.04ms
[2026-03-25T20:41:26.339+0900][8.034s][info][gc,phases   ] GC(103)   Evacuate Collection Set: 1.15ms
[2026-03-25T20:41:26.339+0900][8.034s][info][gc,phases   ] GC(103)   Post Evacuate Collection Set: 0.21ms
[2026-03-25T20:41:26.339+0900][8.034s][info][gc,phases   ] GC(103)   Other: 0.11ms
[2026-03-25T20:41:26.339+0900][8.034s][info][gc,heap     ] GC(103) Eden regions: 18->0(18)
[2026-03-25T20:41:26.339+0900][8.034s][info][gc,heap     ] GC(103) Survivor regions: 1->1(3)
[2026-03-25T20:41:26.339+0900][8.034s][info][gc,heap     ] GC(103) Old regions: 2->2
[2026-03-25T20:41:26.339+0900][8.034s][info][gc,heap     ] GC(103) Humongous regions: 0->0
[2026-03-25T20:41:26.339+0900][8.034s][info][gc,metaspace] GC(103) Metaspace: 5940K(6144K)->5940K(6144K) NonClass: 5308K(5440K)->5308K(5440K) Class: 632K(704K)->632K(704K)
[2026-03-25T20:41:26.339+0900][8.034s][info][gc          ] GC(103) Pause Young (Normal) (G1 Evacuation Pause) 154M->10M(264M) 2.016ms
[2026-03-25T20:41:26.339+0900][8.034s][info][gc,cpu      ] GC(103) User=0.00s Sys=0.00s Real=0.00s
[2026-03-25T20:41:26.398+0900][8.093s][info][gc,start    ] GC(104) Pause Young (Normal) (G1 Evacuation Pause)
[2026-03-25T20:41:26.398+0900][8.093s][info][gc,task     ] GC(104) Using 6 workers of 9 for evacuation
[2026-03-25T20:41:26.399+0900][8.094s][info][gc,phases   ] GC(104)   Pre Evacuate Collection Set: 0.08ms
[2026-03-25T20:41:26.399+0900][8.094s][info][gc,phases   ] GC(104)   Merge Heap Roots: 0.04ms
[2026-03-25T20:41:26.399+0900][8.094s][info][gc,phases   ] GC(104)   Evacuate Collection Set: 0.69ms
[2026-03-25T20:41:26.399+0900][8.094s][info][gc,phases   ] GC(104)   Post Evacuate Collection Set: 0.19ms
[2026-03-25T20:41:26.399+0900][8.094s][info][gc,phases   ] GC(104)   Other: 0.08ms
[2026-03-25T20:41:26.399+0900][8.094s][info][gc,heap     ] GC(104) Eden regions: 18->0(18)
[2026-03-25T20:41:26.399+0900][8.094s][info][gc,heap     ] GC(104) Survivor regions: 1->1(3)
[2026-03-25T20:41:26.399+0900][8.095s][info][gc,heap     ] GC(104) Old regions: 2->2
[2026-03-25T20:41:26.399+0900][8.095s][info][gc,heap     ] GC(104) Humongous regions: 0->0
[2026-03-25T20:41:26.399+0900][8.095s][info][gc,metaspace] GC(104) Metaspace: 5940K(6144K)->5940K(6144K) NonClass: 5308K(5440K)->5308K(5440K) Class: 632K(704K)->632K(704K)
[2026-03-25T20:41:26.399+0900][8.095s][info][gc          ] GC(104) Pause Young (Normal) (G1 Evacuation Pause) 154M->10M(264M) 1.364ms
[2026-03-25T20:41:26.399+0900][8.095s][info][gc,cpu      ] GC(104) User=0.00s Sys=0.00s Real=0.00s
[2026-03-25T20:41:26.453+0900][8.148s][info][gc,start    ] GC(105) Pause Young (Normal) (G1 Evacuation Pause)
[2026-03-25T20:41:26.453+0900][8.148s][info][gc,task     ] GC(105) Using 6 workers of 9 for evacuation
[2026-03-25T20:41:26.454+0900][8.150s][info][gc,phases   ] GC(105)   Pre Evacuate Collection Set: 0.06ms
[2026-03-25T20:41:26.454+0900][8.150s][info][gc,phases   ] GC(105)   Merge Heap Roots: 0.02ms
[2026-03-25T20:41:26.454+0900][8.150s][info][gc,phases   ] GC(105)   Evacuate Collection Set: 0.79ms
[2026-03-25T20:41:26.454+0900][8.150s][info][gc,phases   ] GC(105)   Post Evacuate Collection Set: 0.15ms
[2026-03-25T20:41:26.454+0900][8.150s][info][gc,phases   ] GC(105)   Other: 0.08ms
[2026-03-25T20:41:26.454+0900][8.150s][info][gc,heap     ] GC(105) Eden regions: 18->0(18)
[2026-03-25T20:41:26.454+0900][8.150s][info][gc,heap     ] GC(105) Survivor regions: 1->1(3)
[2026-03-25T20:41:26.454+0900][8.150s][info][gc,heap     ] GC(105) Old regions: 2->2
[2026-03-25T20:41:26.454+0900][8.150s][info][gc,heap     ] GC(105) Humongous regions: 0->0
[2026-03-25T20:41:26.454+0900][8.150s][info][gc,metaspace] GC(105) Metaspace: 5940K(6144K)->5940K(6144K) NonClass: 5308K(5440K)->5308K(5440K) Class: 632K(704K)->632K(704K)
[2026-03-25T20:41:26.454+0900][8.150s][info][gc          ] GC(105) Pause Young (Normal) (G1 Evacuation Pause) 154M->10M(264M) 1.322ms
[2026-03-25T20:41:26.454+0900][8.150s][info][gc,cpu      ] GC(105) User=0.01s Sys=0.00s Real=0.00s
[2026-03-25T20:41:26.567+0900][8.262s][info][gc,start    ] GC(106) Pause Young (Normal) (G1 Evacuation Pause)
[2026-03-25T20:41:26.567+0900][8.262s][info][gc,task     ] GC(106) Using 6 workers of 9 for evacuation
[2026-03-25T20:41:26.568+0900][8.264s][info][gc,phases   ] GC(106)   Pre Evacuate Collection Set: 0.07ms
[2026-03-25T20:41:26.568+0900][8.264s][info][gc,phases   ] GC(106)   Merge Heap Roots: 0.02ms
[2026-03-25T20:41:26.568+0900][8.264s][info][gc,phases   ] GC(106)   Evacuate Collection Set: 1.01ms
[2026-03-25T20:41:26.568+0900][8.264s][info][gc,phases   ] GC(106)   Post Evacuate Collection Set: 0.13ms
[2026-03-25T20:41:26.568+0900][8.264s][info][gc,phases   ] GC(106)   Other: 0.08ms
[2026-03-25T20:41:26.568+0900][8.264s][info][gc,heap     ] GC(106) Eden regions: 18->0(18)
[2026-03-25T20:41:26.568+0900][8.264s][info][gc,heap     ] GC(106) Survivor regions: 1->1(3)
[2026-03-25T20:41:26.568+0900][8.264s][info][gc,heap     ] GC(106) Old regions: 2->2
[2026-03-25T20:41:26.568+0900][8.264s][info][gc,heap     ] GC(106) Humongous regions: 0->0
[2026-03-25T20:41:26.568+0900][8.264s][info][gc,metaspace] GC(106) Metaspace: 5940K(6144K)->5940K(6144K) NonClass: 5308K(5440K)->5308K(5440K) Class: 632K(704K)->632K(704K)
[2026-03-25T20:41:26.568+0900][8.264s][info][gc          ] GC(106) Pause Young (Normal) (G1 Evacuation Pause) 154M->10M(264M) 1.554ms
[2026-03-25T20:41:26.568+0900][8.264s][info][gc,cpu      ] GC(106) User=0.01s Sys=0.00s Real=0.00s
[2026-03-25T20:41:26.627+0900][8.323s][info][gc,start    ] GC(107) Pause Young (Normal) (G1 Evacuation Pause)
[2026-03-25T20:41:26.628+0900][8.323s][info][gc,task     ] GC(107) Using 6 workers of 9 for evacuation
[2026-03-25T20:41:26.629+0900][8.324s][info][gc,phases   ] GC(107)   Pre Evacuate Collection Set: 0.06ms
[2026-03-25T20:41:26.629+0900][8.324s][info][gc,phases   ] GC(107)   Merge Heap Roots: 0.03ms
[2026-03-25T20:41:26.629+0900][8.324s][info][gc,phases   ] GC(107)   Evacuate Collection Set: 0.70ms
[2026-03-25T20:41:26.629+0900][8.324s][info][gc,phases   ] GC(107)   Post Evacuate Collection Set: 0.14ms
[2026-03-25T20:41:26.629+0900][8.324s][info][gc,phases   ] GC(107)   Other: 0.08ms
[2026-03-25T20:41:26.629+0900][8.324s][info][gc,heap     ] GC(107) Eden regions: 18->0(18)
[2026-03-25T20:41:26.629+0900][8.324s][info][gc,heap     ] GC(107) Survivor regions: 1->1(3)
[2026-03-25T20:41:26.629+0900][8.324s][info][gc,heap     ] GC(107) Old regions: 2->2
[2026-03-25T20:41:26.629+0900][8.324s][info][gc,heap     ] GC(107) Humongous regions: 0->0
[2026-03-25T20:41:26.629+0900][8.324s][info][gc,metaspace] GC(107) Metaspace: 5940K(6144K)->5940K(6144K) NonClass: 5308K(5440K)->5308K(5440K) Class: 632K(704K)->632K(704K)
[2026-03-25T20:41:26.629+0900][8.324s][info][gc          ] GC(107) Pause Young (Normal) (G1 Evacuation Pause) 154M->10M(264M) 1.321ms
[2026-03-25T20:41:26.629+0900][8.324s][info][gc,cpu      ] GC(107) User=0.00s Sys=0.00s Real=0.00s
[2026-03-25T20:41:26.684+0900][8.380s][info][gc,start    ] GC(108) Pause Young (Normal) (G1 Evacuation Pause)
[2026-03-25T20:41:26.684+0900][8.380s][info][gc,task     ] GC(108) Using 6 workers of 9 for evacuation
[2026-03-25T20:41:26.685+0900][8.381s][info][gc,phases   ] GC(108)   Pre Evacuate Collection Set: 0.05ms
[2026-03-25T20:41:26.685+0900][8.381s][info][gc,phases   ] GC(108)   Merge Heap Roots: 0.03ms
[2026-03-25T20:41:26.685+0900][8.381s][info][gc,phases   ] GC(108)   Evacuate Collection Set: 0.46ms
[2026-03-25T20:41:26.685+0900][8.381s][info][gc,phases   ] GC(108)   Post Evacuate Collection Set: 0.13ms
[2026-03-25T20:41:26.685+0900][8.381s][info][gc,phases   ] GC(108)   Other: 0.07ms
[2026-03-25T20:41:26.685+0900][8.381s][info][gc,heap     ] GC(108) Eden regions: 18->0(18)
[2026-03-25T20:41:26.685+0900][8.381s][info][gc,heap     ] GC(108) Survivor regions: 1->1(3)
[2026-03-25T20:41:26.685+0900][8.381s][info][gc,heap     ] GC(108) Old regions: 2->2
[2026-03-25T20:41:26.685+0900][8.381s][info][gc,heap     ] GC(108) Humongous regions: 0->0
[2026-03-25T20:41:26.685+0900][8.381s][info][gc,metaspace] GC(108) Metaspace: 5943K(6144K)->5943K(6144K) NonClass: 5311K(5440K)->5311K(5440K) Class: 632K(704K)->632K(704K)
[2026-03-25T20:41:26.685+0900][8.381s][info][gc          ] GC(108) Pause Young (Normal) (G1 Evacuation Pause) 154M->10M(264M) 0.969ms
[2026-03-25T20:41:26.685+0900][8.381s][info][gc,cpu      ] GC(108) User=0.00s Sys=0.00s Real=0.00s
[2026-03-25T20:41:26.795+0900][8.491s][info][gc,start    ] GC(109) Pause Young (Normal) (G1 Evacuation Pause)
[2026-03-25T20:41:26.796+0900][8.491s][info][gc,task     ] GC(109) Using 6 workers of 9 for evacuation
[2026-03-25T20:41:26.796+0900][8.492s][info][gc,phases   ] GC(109)   Pre Evacuate Collection Set: 0.05ms
[2026-03-25T20:41:26.796+0900][8.492s][info][gc,phases   ] GC(109)   Merge Heap Roots: 0.02ms
[2026-03-25T20:41:26.796+0900][8.492s][info][gc,phases   ] GC(109)   Evacuate Collection Set: 0.45ms
[2026-03-25T20:41:26.796+0900][8.492s][info][gc,phases   ] GC(109)   Post Evacuate Collection Set: 0.12ms
[2026-03-25T20:41:26.796+0900][8.492s][info][gc,phases   ] GC(109)   Other: 0.06ms
[2026-03-25T20:41:26.796+0900][8.492s][info][gc,heap     ] GC(109) Eden regions: 18->0(18)
[2026-03-25T20:41:26.796+0900][8.492s][info][gc,heap     ] GC(109) Survivor regions: 1->1(3)
[2026-03-25T20:41:26.796+0900][8.492s][info][gc,heap     ] GC(109) Old regions: 2->2
[2026-03-25T20:41:26.796+0900][8.492s][info][gc,heap     ] GC(109) Humongous regions: 0->0
[2026-03-25T20:41:26.796+0900][8.492s][info][gc,metaspace] GC(109) Metaspace: 5943K(6144K)->5943K(6144K) NonClass: 5311K(5440K)->5311K(5440K) Class: 632K(704K)->632K(704K)
[2026-03-25T20:41:26.796+0900][8.492s][info][gc          ] GC(109) Pause Young (Normal) (G1 Evacuation Pause) 154M->10M(264M) 0.900ms
[2026-03-25T20:41:26.796+0900][8.492s][info][gc,cpu      ] GC(109) User=0.00s Sys=0.00s Real=0.00s
[2026-03-25T20:41:26.853+0900][8.549s][info][gc,start    ] GC(110) Pause Young (Normal) (G1 Evacuation Pause)
[2026-03-25T20:41:26.853+0900][8.549s][info][gc,task     ] GC(110) Using 6 workers of 9 for evacuation
[2026-03-25T20:41:26.854+0900][8.549s][info][gc,phases   ] GC(110)   Pre Evacuate Collection Set: 0.07ms
[2026-03-25T20:41:26.854+0900][8.549s][info][gc,phases   ] GC(110)   Merge Heap Roots: 0.04ms
[2026-03-25T20:41:26.854+0900][8.549s][info][gc,phases   ] GC(110)   Evacuate Collection Set: 0.52ms
[2026-03-25T20:41:26.854+0900][8.549s][info][gc,phases   ] GC(110)   Post Evacuate Collection Set: 0.11ms
[2026-03-25T20:41:26.854+0900][8.549s][info][gc,phases   ] GC(110)   Other: 0.07ms
[2026-03-25T20:41:26.854+0900][8.549s][info][gc,heap     ] GC(110) Eden regions: 18->0(18)
[2026-03-25T20:41:26.854+0900][8.549s][info][gc,heap     ] GC(110) Survivor regions: 1->1(3)
[2026-03-25T20:41:26.854+0900][8.550s][info][gc,heap     ] GC(110) Old regions: 2->2
[2026-03-25T20:41:26.854+0900][8.550s][info][gc,heap     ] GC(110) Humongous regions: 0->0
[2026-03-25T20:41:26.854+0900][8.550s][info][gc,metaspace] GC(110) Metaspace: 5943K(6144K)->5943K(6144K) NonClass: 5311K(5440K)->5311K(5440K) Class: 632K(704K)->632K(704K)
[2026-03-25T20:41:26.854+0900][8.550s][info][gc          ] GC(110) Pause Young (Normal) (G1 Evacuation Pause) 154M->10M(264M) 1.030ms
[2026-03-25T20:41:26.854+0900][8.550s][info][gc,cpu      ] GC(110) User=0.00s Sys=0.00s Real=0.00s
[2026-03-25T20:41:26.967+0900][8.662s][info][gc,start    ] GC(111) Pause Young (Normal) (G1 Evacuation Pause)
[2026-03-25T20:41:26.967+0900][8.663s][info][gc,task     ] GC(111) Using 6 workers of 9 for evacuation
[2026-03-25T20:41:26.969+0900][8.664s][info][gc,phases   ] GC(111)   Pre Evacuate Collection Set: 0.08ms
[2026-03-25T20:41:26.969+0900][8.664s][info][gc,phases   ] GC(111)   Merge Heap Roots: 0.03ms
[2026-03-25T20:41:26.969+0900][8.664s][info][gc,phases   ] GC(111)   Evacuate Collection Set: 1.08ms
[2026-03-25T20:41:26.969+0900][8.664s][info][gc,phases   ] GC(111)   Post Evacuate Collection Set: 0.21ms
[2026-03-25T20:41:26.969+0900][8.664s][info][gc,phases   ] GC(111)   Other: 0.12ms
[2026-03-25T20:41:26.969+0900][8.664s][info][gc,heap     ] GC(111) Eden regions: 18->0(18)
[2026-03-25T20:41:26.969+0900][8.664s][info][gc,heap     ] GC(111) Survivor regions: 1->1(3)
[2026-03-25T20:41:26.969+0900][8.664s][info][gc,heap     ] GC(111) Old regions: 2->2
[2026-03-25T20:41:26.969+0900][8.664s][info][gc,heap     ] GC(111) Humongous regions: 0->0
[2026-03-25T20:41:26.969+0900][8.664s][info][gc,metaspace] GC(111) Metaspace: 5943K(6144K)->5943K(6144K) NonClass: 5311K(5440K)->5311K(5440K) Class: 632K(704K)->632K(704K)
[2026-03-25T20:41:26.969+0900][8.664s][info][gc          ] GC(111) Pause Young (Normal) (G1 Evacuation Pause) 154M->10M(264M) 2.044ms
[2026-03-25T20:41:26.969+0900][8.664s][info][gc,cpu      ] GC(111) User=0.00s Sys=0.00s Real=0.00s
[2026-03-25T20:41:27.023+0900][8.719s][info][gc,start    ] GC(112) Pause Young (Normal) (G1 Evacuation Pause)
[2026-03-25T20:41:27.023+0900][8.719s][info][gc,task     ] GC(112) Using 6 workers of 9 for evacuation
[2026-03-25T20:41:27.025+0900][8.720s][info][gc,phases   ] GC(112)   Pre Evacuate Collection Set: 0.08ms
[2026-03-25T20:41:27.025+0900][8.720s][info][gc,phases   ] GC(112)   Merge Heap Roots: 0.04ms
[2026-03-25T20:41:27.025+0900][8.720s][info][gc,phases   ] GC(112)   Evacuate Collection Set: 1.14ms
[2026-03-25T20:41:27.025+0900][8.720s][info][gc,phases   ] GC(112)   Post Evacuate Collection Set: 0.15ms
[2026-03-25T20:41:27.025+0900][8.721s][info][gc,phases   ] GC(112)   Other: 0.10ms
[2026-03-25T20:41:27.025+0900][8.721s][info][gc,heap     ] GC(112) Eden regions: 18->0(18)
[2026-03-25T20:41:27.025+0900][8.721s][info][gc,heap     ] GC(112) Survivor regions: 1->1(3)
[2026-03-25T20:41:27.025+0900][8.721s][info][gc,heap     ] GC(112) Old regions: 2->2
[2026-03-25T20:41:27.025+0900][8.721s][info][gc,heap     ] GC(112) Humongous regions: 0->0
[2026-03-25T20:41:27.025+0900][8.721s][info][gc,metaspace] GC(112) Metaspace: 5943K(6144K)->5943K(6144K) NonClass: 5311K(5440K)->5311K(5440K) Class: 632K(704K)->632K(704K)
[2026-03-25T20:41:27.025+0900][8.721s][info][gc          ] GC(112) Pause Young (Normal) (G1 Evacuation Pause) 154M->10M(264M) 1.855ms
[2026-03-25T20:41:27.025+0900][8.721s][info][gc,cpu      ] GC(112) User=0.00s Sys=0.01s Real=0.00s
[2026-03-25T20:41:27.083+0900][8.778s][info][gc,start    ] GC(113) Pause Young (Normal) (G1 Evacuation Pause)
[2026-03-25T20:41:27.083+0900][8.778s][info][gc,task     ] GC(113) Using 6 workers of 9 for evacuation
[2026-03-25T20:41:27.084+0900][8.780s][info][gc,phases   ] GC(113)   Pre Evacuate Collection Set: 0.06ms
[2026-03-25T20:41:27.084+0900][8.780s][info][gc,phases   ] GC(113)   Merge Heap Roots: 0.03ms
[2026-03-25T20:41:27.084+0900][8.780s][info][gc,phases   ] GC(113)   Evacuate Collection Set: 1.01ms
[2026-03-25T20:41:27.084+0900][8.780s][info][gc,phases   ] GC(113)   Post Evacuate Collection Set: 0.15ms
[2026-03-25T20:41:27.084+0900][8.780s][info][gc,phases   ] GC(113)   Other: 0.10ms
[2026-03-25T20:41:27.084+0900][8.780s][info][gc,heap     ] GC(113) Eden regions: 18->0(18)
[2026-03-25T20:41:27.084+0900][8.780s][info][gc,heap     ] GC(113) Survivor regions: 1->1(3)
[2026-03-25T20:41:27.084+0900][8.780s][info][gc,heap     ] GC(113) Old regions: 2->2
[2026-03-25T20:41:27.084+0900][8.780s][info][gc,heap     ] GC(113) Humongous regions: 0->0
[2026-03-25T20:41:27.084+0900][8.780s][info][gc,metaspace] GC(113) Metaspace: 5943K(6144K)->5943K(6144K) NonClass: 5311K(5440K)->5311K(5440K) Class: 632K(704K)->632K(704K)
[2026-03-25T20:41:27.084+0900][8.780s][info][gc          ] GC(113) Pause Young (Normal) (G1 Evacuation Pause) 154M->10M(264M) 1.647ms
[2026-03-25T20:41:27.084+0900][8.780s][info][gc,cpu      ] GC(113) User=0.00s Sys=0.00s Real=0.00s
[2026-03-25T20:41:27.194+0900][8.890s][info][gc,start    ] GC(114) Pause Young (Normal) (G1 Evacuation Pause)
[2026-03-25T20:41:27.194+0900][8.890s][info][gc,task     ] GC(114) Using 6 workers of 9 for evacuation
[2026-03-25T20:41:27.196+0900][8.891s][info][gc,phases   ] GC(114)   Pre Evacuate Collection Set: 0.07ms
[2026-03-25T20:41:27.196+0900][8.891s][info][gc,phases   ] GC(114)   Merge Heap Roots: 0.05ms
[2026-03-25T20:41:27.196+0900][8.891s][info][gc,phases   ] GC(114)   Evacuate Collection Set: 1.13ms
[2026-03-25T20:41:27.196+0900][8.891s][info][gc,phases   ] GC(114)   Post Evacuate Collection Set: 0.19ms
[2026-03-25T20:41:27.196+0900][8.891s][info][gc,phases   ] GC(114)   Other: 0.09ms
[2026-03-25T20:41:27.196+0900][8.891s][info][gc,heap     ] GC(114) Eden regions: 18->0(18)
[2026-03-25T20:41:27.196+0900][8.892s][info][gc,heap     ] GC(114) Survivor regions: 1->1(3)
[2026-03-25T20:41:27.196+0900][8.892s][info][gc,heap     ] GC(114) Old regions: 2->2
[2026-03-25T20:41:27.196+0900][8.892s][info][gc,heap     ] GC(114) Humongous regions: 0->0
[2026-03-25T20:41:27.196+0900][8.892s][info][gc,metaspace] GC(114) Metaspace: 5943K(6144K)->5943K(6144K) NonClass: 5311K(5440K)->5311K(5440K) Class: 632K(704K)->632K(704K)
[2026-03-25T20:41:27.196+0900][8.892s][info][gc          ] GC(114) Pause Young (Normal) (G1 Evacuation Pause) 154M->10M(264M) 1.903ms
[2026-03-25T20:41:27.196+0900][8.892s][info][gc,cpu      ] GC(114) User=0.01s Sys=0.00s Real=0.00s
[2026-03-25T20:41:27.254+0900][8.950s][info][gc,start    ] GC(115) Pause Young (Normal) (G1 Evacuation Pause)
[2026-03-25T20:41:27.255+0900][8.950s][info][gc,task     ] GC(115) Using 6 workers of 9 for evacuation
[2026-03-25T20:41:27.256+0900][8.952s][info][gc,phases   ] GC(115)   Pre Evacuate Collection Set: 0.10ms
[2026-03-25T20:41:27.256+0900][8.952s][info][gc,phases   ] GC(115)   Merge Heap Roots: 0.05ms
[2026-03-25T20:41:27.256+0900][8.952s][info][gc,phases   ] GC(115)   Evacuate Collection Set: 1.25ms
[2026-03-25T20:41:27.256+0900][8.952s][info][gc,phases   ] GC(115)   Post Evacuate Collection Set: 0.27ms
[2026-03-25T20:41:27.256+0900][8.952s][info][gc,phases   ] GC(115)   Other: 0.10ms
[2026-03-25T20:41:27.256+0900][8.952s][info][gc,heap     ] GC(115) Eden regions: 18->0(18)
[2026-03-25T20:41:27.257+0900][8.952s][info][gc,heap     ] GC(115) Survivor regions: 1->1(3)
[2026-03-25T20:41:27.257+0900][8.952s][info][gc,heap     ] GC(115) Old regions: 2->2
[2026-03-25T20:41:27.257+0900][8.952s][info][gc,heap     ] GC(115) Humongous regions: 0->0
[2026-03-25T20:41:27.257+0900][8.952s][info][gc,metaspace] GC(115) Metaspace: 5943K(6144K)->5943K(6144K) NonClass: 5311K(5440K)->5311K(5440K) Class: 632K(704K)->632K(704K)
[2026-03-25T20:41:27.257+0900][8.952s][info][gc          ] GC(115) Pause Young (Normal) (G1 Evacuation Pause) 154M->10M(264M) 2.106ms
[2026-03-25T20:41:27.257+0900][8.952s][info][gc,cpu      ] GC(115) User=0.01s Sys=0.00s Real=0.00s
[2026-03-25T20:41:27.316+0900][9.011s][info][gc,start    ] GC(116) Pause Young (Normal) (G1 Evacuation Pause)
[2026-03-25T20:41:27.316+0900][9.011s][info][gc,task     ] GC(116) Using 6 workers of 9 for evacuation
[2026-03-25T20:41:27.317+0900][9.013s][info][gc,phases   ] GC(116)   Pre Evacuate Collection Set: 0.06ms
[2026-03-25T20:41:27.317+0900][9.013s][info][gc,phases   ] GC(116)   Merge Heap Roots: 0.03ms
[2026-03-25T20:41:27.317+0900][9.013s][info][gc,phases   ] GC(116)   Evacuate Collection Set: 1.00ms
[2026-03-25T20:41:27.317+0900][9.013s][info][gc,phases   ] GC(116)   Post Evacuate Collection Set: 0.15ms
[2026-03-25T20:41:27.317+0900][9.013s][info][gc,phases   ] GC(116)   Other: 0.09ms
[2026-03-25T20:41:27.317+0900][9.013s][info][gc,heap     ] GC(116) Eden regions: 18->0(18)
[2026-03-25T20:41:27.317+0900][9.013s][info][gc,heap     ] GC(116) Survivor regions: 1->1(3)
[2026-03-25T20:41:27.317+0900][9.013s][info][gc,heap     ] GC(116) Old regions: 2->2
[2026-03-25T20:41:27.317+0900][9.013s][info][gc,heap     ] GC(116) Humongous regions: 0->0
[2026-03-25T20:41:27.317+0900][9.013s][info][gc,metaspace] GC(116) Metaspace: 5943K(6144K)->5943K(6144K) NonClass: 5311K(5440K)->5311K(5440K) Class: 632K(704K)->632K(704K)
[2026-03-25T20:41:27.317+0900][9.013s][info][gc          ] GC(116) Pause Young (Normal) (G1 Evacuation Pause) 154M->10M(264M) 1.638ms
[2026-03-25T20:41:27.317+0900][9.013s][info][gc,cpu      ] GC(116) User=0.01s Sys=0.00s Real=0.00s
[2026-03-25T20:41:27.432+0900][9.128s][info][gc,start    ] GC(117) Pause Young (Normal) (G1 Evacuation Pause)
[2026-03-25T20:41:27.432+0900][9.128s][info][gc,task     ] GC(117) Using 6 workers of 9 for evacuation
[2026-03-25T20:41:27.434+0900][9.129s][info][gc,phases   ] GC(117)   Pre Evacuate Collection Set: 0.08ms
[2026-03-25T20:41:27.434+0900][9.129s][info][gc,phases   ] GC(117)   Merge Heap Roots: 0.04ms
[2026-03-25T20:41:27.434+0900][9.129s][info][gc,phases   ] GC(117)   Evacuate Collection Set: 1.18ms
[2026-03-25T20:41:27.434+0900][9.129s][info][gc,phases   ] GC(117)   Post Evacuate Collection Set: 0.17ms
[2026-03-25T20:41:27.434+0900][9.129s][info][gc,phases   ] GC(117)   Other: 0.10ms
[2026-03-25T20:41:27.434+0900][9.129s][info][gc,heap     ] GC(117) Eden regions: 18->0(18)
[2026-03-25T20:41:27.434+0900][9.129s][info][gc,heap     ] GC(117) Survivor regions: 1->1(3)
[2026-03-25T20:41:27.434+0900][9.129s][info][gc,heap     ] GC(117) Old regions: 2->2
[2026-03-25T20:41:27.434+0900][9.129s][info][gc,heap     ] GC(117) Humongous regions: 0->0
[2026-03-25T20:41:27.434+0900][9.129s][info][gc,metaspace] GC(117) Metaspace: 5943K(6144K)->5943K(6144K) NonClass: 5311K(5440K)->5311K(5440K) Class: 632K(704K)->632K(704K)
[2026-03-25T20:41:27.434+0900][9.129s][info][gc          ] GC(117) Pause Young (Normal) (G1 Evacuation Pause) 154M->10M(264M) 1.980ms
[2026-03-25T20:41:27.434+0900][9.130s][info][gc,cpu      ] GC(117) User=0.01s Sys=0.00s Real=0.00s
[2026-03-25T20:41:27.490+0900][9.185s][info][gc,start    ] GC(118) Pause Young (Normal) (G1 Evacuation Pause)
[2026-03-25T20:41:27.490+0900][9.185s][info][gc,task     ] GC(118) Using 6 workers of 9 for evacuation
[2026-03-25T20:41:27.491+0900][9.187s][info][gc,phases   ] GC(118)   Pre Evacuate Collection Set: 0.11ms
[2026-03-25T20:41:27.491+0900][9.187s][info][gc,phases   ] GC(118)   Merge Heap Roots: 0.05ms
[2026-03-25T20:41:27.491+0900][9.187s][info][gc,phases   ] GC(118)   Evacuate Collection Set: 0.93ms
[2026-03-25T20:41:27.491+0900][9.187s][info][gc,phases   ] GC(118)   Post Evacuate Collection Set: 0.14ms
[2026-03-25T20:41:27.491+0900][9.187s][info][gc,phases   ] GC(118)   Other: 0.10ms
[2026-03-25T20:41:27.491+0900][9.187s][info][gc,heap     ] GC(118) Eden regions: 18->0(18)
[2026-03-25T20:41:27.491+0900][9.187s][info][gc,heap     ] GC(118) Survivor regions: 1->1(3)
[2026-03-25T20:41:27.491+0900][9.187s][info][gc,heap     ] GC(118) Old regions: 2->2
[2026-03-25T20:41:27.491+0900][9.187s][info][gc,heap     ] GC(118) Humongous regions: 0->0
[2026-03-25T20:41:27.491+0900][9.187s][info][gc,metaspace] GC(118) Metaspace: 5943K(6144K)->5943K(6144K) NonClass: 5311K(5440K)->5311K(5440K) Class: 632K(704K)->632K(704K)
[2026-03-25T20:41:27.491+0900][9.187s][info][gc          ] GC(118) Pause Young (Normal) (G1 Evacuation Pause) 154M->10M(264M) 1.627ms
[2026-03-25T20:41:27.491+0900][9.187s][info][gc,cpu      ] GC(118) User=0.01s Sys=0.00s Real=0.00s
[2026-03-25T20:41:27.550+0900][9.246s][info][gc,start    ] GC(119) Pause Young (Normal) (G1 Evacuation Pause)
[2026-03-25T20:41:27.551+0900][9.246s][info][gc,task     ] GC(119) Using 6 workers of 9 for evacuation
[2026-03-25T20:41:27.552+0900][9.247s][info][gc,phases   ] GC(119)   Pre Evacuate Collection Set: 0.09ms
[2026-03-25T20:41:27.552+0900][9.248s][info][gc,phases   ] GC(119)   Merge Heap Roots: 0.04ms
[2026-03-25T20:41:27.552+0900][9.248s][info][gc,phases   ] GC(119)   Evacuate Collection Set: 1.06ms
[2026-03-25T20:41:27.552+0900][9.248s][info][gc,phases   ] GC(119)   Post Evacuate Collection Set: 0.14ms
[2026-03-25T20:41:27.552+0900][9.248s][info][gc,phases   ] GC(119)   Other: 0.10ms
[2026-03-25T20:41:27.552+0900][9.248s][info][gc,heap     ] GC(119) Eden regions: 18->0(18)
[2026-03-25T20:41:27.552+0900][9.248s][info][gc,heap     ] GC(119) Survivor regions: 1->1(3)
[2026-03-25T20:41:27.552+0900][9.248s][info][gc,heap     ] GC(119) Old regions: 2->2
[2026-03-25T20:41:27.552+0900][9.248s][info][gc,heap     ] GC(119) Humongous regions: 0->0
[2026-03-25T20:41:27.552+0900][9.248s][info][gc,metaspace] GC(119) Metaspace: 5943K(6144K)->5943K(6144K) NonClass: 5311K(5440K)->5311K(5440K) Class: 632K(704K)->632K(704K)
[2026-03-25T20:41:27.552+0900][9.248s][info][gc          ] GC(119) Pause Young (Normal) (G1 Evacuation Pause) 154M->10M(264M) 1.767ms
[2026-03-25T20:41:27.552+0900][9.248s][info][gc,cpu      ] GC(119) User=0.01s Sys=0.00s Real=0.00s
[2026-03-25T20:41:27.667+0900][9.362s][info][gc,start    ] GC(120) Pause Young (Normal) (G1 Evacuation Pause)
[2026-03-25T20:41:27.667+0900][9.362s][info][gc,task     ] GC(120) Using 6 workers of 9 for evacuation
[2026-03-25T20:41:27.668+0900][9.364s][info][gc,phases   ] GC(120)   Pre Evacuate Collection Set: 0.06ms
[2026-03-25T20:41:27.668+0900][9.364s][info][gc,phases   ] GC(120)   Merge Heap Roots: 0.03ms
[2026-03-25T20:41:27.668+0900][9.364s][info][gc,phases   ] GC(120)   Evacuate Collection Set: 1.03ms
[2026-03-25T20:41:27.668+0900][9.364s][info][gc,phases   ] GC(120)   Post Evacuate Collection Set: 0.13ms
[2026-03-25T20:41:27.668+0900][9.364s][info][gc,phases   ] GC(120)   Other: 0.08ms
[2026-03-25T20:41:27.668+0900][9.364s][info][gc,heap     ] GC(120) Eden regions: 18->0(18)
[2026-03-25T20:41:27.668+0900][9.364s][info][gc,heap     ] GC(120) Survivor regions: 1->1(3)
[2026-03-25T20:41:27.668+0900][9.364s][info][gc,heap     ] GC(120) Old regions: 2->2
[2026-03-25T20:41:27.668+0900][9.364s][info][gc,heap     ] GC(120) Humongous regions: 0->0
[2026-03-25T20:41:27.668+0900][9.364s][info][gc,metaspace] GC(120) Metaspace: 5944K(6144K)->5944K(6144K) NonClass: 5312K(5440K)->5312K(5440K) Class: 632K(704K)->632K(704K)
[2026-03-25T20:41:27.668+0900][9.364s][info][gc          ] GC(120) Pause Young (Normal) (G1 Evacuation Pause) 154M->10M(264M) 1.625ms
[2026-03-25T20:41:27.668+0900][9.364s][info][gc,cpu      ] GC(120) User=0.00s Sys=0.00s Real=0.00s
[2026-03-25T20:41:27.728+0900][9.423s][info][gc,start    ] GC(121) Pause Young (Normal) (G1 Evacuation Pause)
[2026-03-25T20:41:27.728+0900][9.423s][info][gc,task     ] GC(121) Using 6 workers of 9 for evacuation
[2026-03-25T20:41:27.729+0900][9.425s][info][gc,phases   ] GC(121)   Pre Evacuate Collection Set: 0.10ms
[2026-03-25T20:41:27.729+0900][9.425s][info][gc,phases   ] GC(121)   Merge Heap Roots: 0.04ms
[2026-03-25T20:41:27.729+0900][9.425s][info][gc,phases   ] GC(121)   Evacuate Collection Set: 1.15ms
[2026-03-25T20:41:27.729+0900][9.425s][info][gc,phases   ] GC(121)   Post Evacuate Collection Set: 0.12ms
[2026-03-25T20:41:27.729+0900][9.425s][info][gc,phases   ] GC(121)   Other: 0.09ms
[2026-03-25T20:41:27.729+0900][9.425s][info][gc,heap     ] GC(121) Eden regions: 18->0(18)
[2026-03-25T20:41:27.729+0900][9.425s][info][gc,heap     ] GC(121) Survivor regions: 1->1(3)
[2026-03-25T20:41:27.729+0900][9.425s][info][gc,heap     ] GC(121) Old regions: 2->2
[2026-03-25T20:41:27.729+0900][9.425s][info][gc,heap     ] GC(121) Humongous regions: 0->0
[2026-03-25T20:41:27.729+0900][9.425s][info][gc,metaspace] GC(121) Metaspace: 5950K(6144K)->5950K(6144K) NonClass: 5318K(5440K)->5318K(5440K) Class: 632K(704K)->632K(704K)
[2026-03-25T20:41:27.730+0900][9.425s][info][gc          ] GC(121) Pause Young (Normal) (G1 Evacuation Pause) 154M->10M(264M) 1.814ms
[2026-03-25T20:41:27.730+0900][9.425s][info][gc,cpu      ] GC(121) User=0.01s Sys=0.00s Real=0.01s
[2026-03-25T20:41:27.784+0900][9.480s][info][gc,start    ] GC(122) Pause Young (Normal) (G1 Evacuation Pause)
[2026-03-25T20:41:27.785+0900][9.480s][info][gc,task     ] GC(122) Using 6 workers of 9 for evacuation
[2026-03-25T20:41:27.786+0900][9.481s][info][gc,phases   ] GC(122)   Pre Evacuate Collection Set: 0.06ms
[2026-03-25T20:41:27.786+0900][9.481s][info][gc,phases   ] GC(122)   Merge Heap Roots: 0.03ms
[2026-03-25T20:41:27.786+0900][9.481s][info][gc,phases   ] GC(122)   Evacuate Collection Set: 0.72ms
[2026-03-25T20:41:27.786+0900][9.481s][info][gc,phases   ] GC(122)   Post Evacuate Collection Set: 0.14ms
[2026-03-25T20:41:27.786+0900][9.481s][info][gc,phases   ] GC(122)   Other: 0.08ms
[2026-03-25T20:41:27.786+0900][9.481s][info][gc,heap     ] GC(122) Eden regions: 18->0(18)
[2026-03-25T20:41:27.786+0900][9.481s][info][gc,heap     ] GC(122) Survivor regions: 1->1(3)
[2026-03-25T20:41:27.786+0900][9.481s][info][gc,heap     ] GC(122) Old regions: 2->2
[2026-03-25T20:41:27.786+0900][9.481s][info][gc,heap     ] GC(122) Humongous regions: 0->0
[2026-03-25T20:41:27.786+0900][9.481s][info][gc,metaspace] GC(122) Metaspace: 5950K(6144K)->5950K(6144K) NonClass: 5318K(5440K)->5318K(5440K) Class: 632K(704K)->632K(704K)
[2026-03-25T20:41:27.786+0900][9.481s][info][gc          ] GC(122) Pause Young (Normal) (G1 Evacuation Pause) 154M->10M(264M) 1.351ms
[2026-03-25T20:41:27.786+0900][9.481s][info][gc,cpu      ] GC(122) User=0.00s Sys=0.00s Real=0.00s
[2026-03-25T20:41:27.900+0900][9.596s][info][gc,start    ] GC(123) Pause Young (Normal) (G1 Evacuation Pause)
[2026-03-25T20:41:27.900+0900][9.596s][info][gc,task     ] GC(123) Using 6 workers of 9 for evacuation
[2026-03-25T20:41:27.902+0900][9.597s][info][gc,phases   ] GC(123)   Pre Evacuate Collection Set: 0.06ms
[2026-03-25T20:41:27.902+0900][9.597s][info][gc,phases   ] GC(123)   Merge Heap Roots: 0.03ms
[2026-03-25T20:41:27.902+0900][9.597s][info][gc,phases   ] GC(123)   Evacuate Collection Set: 1.00ms
[2026-03-25T20:41:27.902+0900][9.597s][info][gc,phases   ] GC(123)   Post Evacuate Collection Set: 0.21ms
[2026-03-25T20:41:27.902+0900][9.597s][info][gc,phases   ] GC(123)   Other: 0.10ms
[2026-03-25T20:41:27.902+0900][9.597s][info][gc,heap     ] GC(123) Eden regions: 18->0(18)
[2026-03-25T20:41:27.902+0900][9.597s][info][gc,heap     ] GC(123) Survivor regions: 1->1(3)
[2026-03-25T20:41:27.902+0900][9.597s][info][gc,heap     ] GC(123) Old regions: 2->2
[2026-03-25T20:41:27.902+0900][9.597s][info][gc,heap     ] GC(123) Humongous regions: 0->0
[2026-03-25T20:41:27.902+0900][9.597s][info][gc,metaspace] GC(123) Metaspace: 5950K(6144K)->5950K(6144K) NonClass: 5318K(5440K)->5318K(5440K) Class: 632K(704K)->632K(704K)
[2026-03-25T20:41:27.902+0900][9.597s][info][gc          ] GC(123) Pause Young (Normal) (G1 Evacuation Pause) 154M->10M(264M) 1.821ms
[2026-03-25T20:41:27.902+0900][9.597s][info][gc,cpu      ] GC(123) User=0.00s Sys=0.00s Real=0.00s
[2026-03-25T20:41:27.957+0900][9.652s][info][gc,start    ] GC(124) Pause Young (Normal) (G1 Evacuation Pause)
[2026-03-25T20:41:27.957+0900][9.652s][info][gc,task     ] GC(124) Using 6 workers of 9 for evacuation
[2026-03-25T20:41:27.958+0900][9.654s][info][gc,phases   ] GC(124)   Pre Evacuate Collection Set: 0.08ms
[2026-03-25T20:41:27.958+0900][9.654s][info][gc,phases   ] GC(124)   Merge Heap Roots: 0.05ms
[2026-03-25T20:41:27.958+0900][9.654s][info][gc,phases   ] GC(124)   Evacuate Collection Set: 1.07ms
[2026-03-25T20:41:27.958+0900][9.654s][info][gc,phases   ] GC(124)   Post Evacuate Collection Set: 0.14ms
[2026-03-25T20:41:27.958+0900][9.654s][info][gc,phases   ] GC(124)   Other: 0.10ms
[2026-03-25T20:41:27.958+0900][9.654s][info][gc,heap     ] GC(124) Eden regions: 18->0(18)
[2026-03-25T20:41:27.958+0900][9.654s][info][gc,heap     ] GC(124) Survivor regions: 1->1(3)
[2026-03-25T20:41:27.958+0900][9.654s][info][gc,heap     ] GC(124) Old regions: 2->2
[2026-03-25T20:41:27.958+0900][9.654s][info][gc,heap     ] GC(124) Humongous regions: 0->0
[2026-03-25T20:41:27.958+0900][9.654s][info][gc,metaspace] GC(124) Metaspace: 5950K(6144K)->5950K(6144K) NonClass: 5318K(5440K)->5318K(5440K) Class: 632K(704K)->632K(704K)
[2026-03-25T20:41:27.958+0900][9.654s][info][gc          ] GC(124) Pause Young (Normal) (G1 Evacuation Pause) 154M->10M(264M) 1.744ms
[2026-03-25T20:41:27.958+0900][9.654s][info][gc,cpu      ] GC(124) User=0.00s Sys=0.01s Real=0.00s
[2026-03-25T20:41:28.017+0900][9.713s][info][gc,start    ] GC(125) Pause Young (Normal) (G1 Evacuation Pause)
[2026-03-25T20:41:28.018+0900][9.713s][info][gc,task     ] GC(125) Using 6 workers of 9 for evacuation
[2026-03-25T20:41:28.019+0900][9.715s][info][gc,phases   ] GC(125)   Pre Evacuate Collection Set: 0.08ms
[2026-03-25T20:41:28.019+0900][9.715s][info][gc,phases   ] GC(125)   Merge Heap Roots: 0.04ms
[2026-03-25T20:41:28.019+0900][9.715s][info][gc,phases   ] GC(125)   Evacuate Collection Set: 1.08ms
[2026-03-25T20:41:28.019+0900][9.715s][info][gc,phases   ] GC(125)   Post Evacuate Collection Set: 0.16ms
[2026-03-25T20:41:28.019+0900][9.715s][info][gc,phases   ] GC(125)   Other: 0.09ms
[2026-03-25T20:41:28.019+0900][9.715s][info][gc,heap     ] GC(125) Eden regions: 18->0(18)
[2026-03-25T20:41:28.019+0900][9.715s][info][gc,heap     ] GC(125) Survivor regions: 1->1(3)
[2026-03-25T20:41:28.019+0900][9.715s][info][gc,heap     ] GC(125) Old regions: 2->2
[2026-03-25T20:41:28.019+0900][9.715s][info][gc,heap     ] GC(125) Humongous regions: 0->0
[2026-03-25T20:41:28.019+0900][9.715s][info][gc,metaspace] GC(125) Metaspace: 5950K(6144K)->5950K(6144K) NonClass: 5318K(5440K)->5318K(5440K) Class: 632K(704K)->632K(704K)
[2026-03-25T20:41:28.019+0900][9.715s][info][gc          ] GC(125) Pause Young (Normal) (G1 Evacuation Pause) 154M->10M(264M) 1.727ms
[2026-03-25T20:41:28.019+0900][9.715s][info][gc,cpu      ] GC(125) User=0.00s Sys=0.00s Real=0.00s
[2026-03-25T20:41:28.134+0900][9.829s][info][gc,start    ] GC(126) Pause Young (Normal) (G1 Evacuation Pause)
[2026-03-25T20:41:28.134+0900][9.829s][info][gc,task     ] GC(126) Using 6 workers of 9 for evacuation
[2026-03-25T20:41:28.135+0900][9.831s][info][gc,phases   ] GC(126)   Pre Evacuate Collection Set: 0.09ms
[2026-03-25T20:41:28.135+0900][9.831s][info][gc,phases   ] GC(126)   Merge Heap Roots: 0.03ms
[2026-03-25T20:41:28.135+0900][9.831s][info][gc,phases   ] GC(126)   Evacuate Collection Set: 1.00ms
[2026-03-25T20:41:28.135+0900][9.831s][info][gc,phases   ] GC(126)   Post Evacuate Collection Set: 0.21ms
[2026-03-25T20:41:28.135+0900][9.831s][info][gc,phases   ] GC(126)   Other: 0.11ms
[2026-03-25T20:41:28.135+0900][9.831s][info][gc,heap     ] GC(126) Eden regions: 18->0(18)
[2026-03-25T20:41:28.136+0900][9.831s][info][gc,heap     ] GC(126) Survivor regions: 1->1(3)
[2026-03-25T20:41:28.136+0900][9.831s][info][gc,heap     ] GC(126) Old regions: 2->2
[2026-03-25T20:41:28.136+0900][9.831s][info][gc,heap     ] GC(126) Humongous regions: 0->0
[2026-03-25T20:41:28.136+0900][9.831s][info][gc,metaspace] GC(126) Metaspace: 5950K(6144K)->5950K(6144K) NonClass: 5318K(5440K)->5318K(5440K) Class: 632K(704K)->632K(704K)
[2026-03-25T20:41:28.136+0900][9.831s][info][gc          ] GC(126) Pause Young (Normal) (G1 Evacuation Pause) 154M->10M(264M) 1.927ms
[2026-03-25T20:41:28.136+0900][9.831s][info][gc,cpu      ] GC(126) User=0.00s Sys=0.00s Real=0.00s
[2026-03-25T20:41:28.195+0900][9.890s][info][gc,start    ] GC(127) Pause Young (Normal) (G1 Evacuation Pause)
[2026-03-25T20:41:28.195+0900][9.890s][info][gc,task     ] GC(127) Using 6 workers of 9 for evacuation
[2026-03-25T20:41:28.196+0900][9.892s][info][gc,phases   ] GC(127)   Pre Evacuate Collection Set: 0.09ms
[2026-03-25T20:41:28.196+0900][9.892s][info][gc,phases   ] GC(127)   Merge Heap Roots: 0.04ms
[2026-03-25T20:41:28.196+0900][9.892s][info][gc,phases   ] GC(127)   Evacuate Collection Set: 1.12ms
[2026-03-25T20:41:28.196+0900][9.892s][info][gc,phases   ] GC(127)   Post Evacuate Collection Set: 0.15ms
[2026-03-25T20:41:28.196+0900][9.892s][info][gc,phases   ] GC(127)   Other: 0.11ms
[2026-03-25T20:41:28.196+0900][9.892s][info][gc,heap     ] GC(127) Eden regions: 18->0(18)
[2026-03-25T20:41:28.196+0900][9.892s][info][gc,heap     ] GC(127) Survivor regions: 1->1(3)
[2026-03-25T20:41:28.196+0900][9.892s][info][gc,heap     ] GC(127) Old regions: 2->2
[2026-03-25T20:41:28.196+0900][9.892s][info][gc,heap     ] GC(127) Humongous regions: 0->0
[2026-03-25T20:41:28.196+0900][9.892s][info][gc,metaspace] GC(127) Metaspace: 5950K(6144K)->5950K(6144K) NonClass: 5318K(5440K)->5318K(5440K) Class: 632K(704K)->632K(704K)
[2026-03-25T20:41:28.197+0900][9.892s][info][gc          ] GC(127) Pause Young (Normal) (G1 Evacuation Pause) 154M->10M(264M) 1.818ms
[2026-03-25T20:41:28.197+0900][9.892s][info][gc,cpu      ] GC(127) User=0.00s Sys=0.00s Real=0.00s
[2026-03-25T20:41:28.254+0900][9.949s][info][gc,start    ] GC(128) Pause Young (Normal) (G1 Evacuation Pause)
[2026-03-25T20:41:28.254+0900][9.949s][info][gc,task     ] GC(128) Using 6 workers of 9 for evacuation
[2026-03-25T20:41:28.255+0900][9.951s][info][gc,phases   ] GC(128)   Pre Evacuate Collection Set: 0.07ms
[2026-03-25T20:41:28.255+0900][9.951s][info][gc,phases   ] GC(128)   Merge Heap Roots: 0.03ms
[2026-03-25T20:41:28.255+0900][9.951s][info][gc,phases   ] GC(128)   Evacuate Collection Set: 1.03ms
[2026-03-25T20:41:28.255+0900][9.951s][info][gc,phases   ] GC(128)   Post Evacuate Collection Set: 0.14ms
[2026-03-25T20:41:28.255+0900][9.951s][info][gc,phases   ] GC(128)   Other: 0.09ms
[2026-03-25T20:41:28.255+0900][9.951s][info][gc,heap     ] GC(128) Eden regions: 18->0(18)
[2026-03-25T20:41:28.255+0900][9.951s][info][gc,heap     ] GC(128) Survivor regions: 1->1(3)
[2026-03-25T20:41:28.255+0900][9.951s][info][gc,heap     ] GC(128) Old regions: 2->2
[2026-03-25T20:41:28.255+0900][9.951s][info][gc,heap     ] GC(128) Humongous regions: 0->0
[2026-03-25T20:41:28.255+0900][9.951s][info][gc,metaspace] GC(128) Metaspace: 5950K(6144K)->5950K(6144K) NonClass: 5318K(5440K)->5318K(5440K) Class: 632K(704K)->632K(704K)
[2026-03-25T20:41:28.255+0900][9.951s][info][gc          ] GC(128) Pause Young (Normal) (G1 Evacuation Pause) 154M->10M(264M) 1.629ms
[2026-03-25T20:41:28.255+0900][9.951s][info][gc,cpu      ] GC(128) User=0.00s Sys=0.00s Real=0.00s
[2026-03-25T20:41:28.370+0900][10.065s][info][gc,start    ] GC(129) Pause Young (Normal) (G1 Evacuation Pause)
[2026-03-25T20:41:28.370+0900][10.065s][info][gc,task     ] GC(129) Using 6 workers of 9 for evacuation
[2026-03-25T20:41:28.371+0900][10.067s][info][gc,phases   ] GC(129)   Pre Evacuate Collection Set: 0.09ms
[2026-03-25T20:41:28.372+0900][10.067s][info][gc,phases   ] GC(129)   Merge Heap Roots: 0.05ms
[2026-03-25T20:41:28.372+0900][10.067s][info][gc,phases   ] GC(129)   Evacuate Collection Set: 1.13ms
[2026-03-25T20:41:28.372+0900][10.067s][info][gc,phases   ] GC(129)   Post Evacuate Collection Set: 0.14ms
[2026-03-25T20:41:28.372+0900][10.067s][info][gc,phases   ] GC(129)   Other: 0.11ms
[2026-03-25T20:41:28.372+0900][10.067s][info][gc,heap     ] GC(129) Eden regions: 18->0(18)
[2026-03-25T20:41:28.372+0900][10.067s][info][gc,heap     ] GC(129) Survivor regions: 1->1(3)
[2026-03-25T20:41:28.372+0900][10.067s][info][gc,heap     ] GC(129) Old regions: 2->2
[2026-03-25T20:41:28.372+0900][10.067s][info][gc,heap     ] GC(129) Humongous regions: 0->0
[2026-03-25T20:41:28.372+0900][10.067s][info][gc,metaspace] GC(129) Metaspace: 5950K(6144K)->5950K(6144K) NonClass: 5318K(5440K)->5318K(5440K) Class: 632K(704K)->632K(704K)
[2026-03-25T20:41:28.372+0900][10.067s][info][gc          ] GC(129) Pause Young (Normal) (G1 Evacuation Pause) 154M->10M(264M) 1.822ms
[2026-03-25T20:41:28.372+0900][10.067s][info][gc,cpu      ] GC(129) User=0.00s Sys=0.00s Real=0.00s
[2026-03-25T20:41:28.429+0900][10.124s][info][gc,start    ] GC(130) Pause Young (Normal) (G1 Evacuation Pause)
[2026-03-25T20:41:28.429+0900][10.124s][info][gc,task     ] GC(130) Using 6 workers of 9 for evacuation
[2026-03-25T20:41:28.430+0900][10.125s][info][gc,phases   ] GC(130)   Pre Evacuate Collection Set: 0.06ms
[2026-03-25T20:41:28.430+0900][10.125s][info][gc,phases   ] GC(130)   Merge Heap Roots: 0.03ms
[2026-03-25T20:41:28.430+0900][10.125s][info][gc,phases   ] GC(130)   Evacuate Collection Set: 0.78ms
[2026-03-25T20:41:28.430+0900][10.125s][info][gc,phases   ] GC(130)   Post Evacuate Collection Set: 0.14ms
[2026-03-25T20:41:28.430+0900][10.125s][info][gc,phases   ] GC(130)   Other: 0.08ms
[2026-03-25T20:41:28.430+0900][10.125s][info][gc,heap     ] GC(130) Eden regions: 18->0(18)
[2026-03-25T20:41:28.430+0900][10.125s][info][gc,heap     ] GC(130) Survivor regions: 1->1(3)
[2026-03-25T20:41:28.430+0900][10.125s][info][gc,heap     ] GC(130) Old regions: 2->2
[2026-03-25T20:41:28.430+0900][10.126s][info][gc,heap     ] GC(130) Humongous regions: 0->0
[2026-03-25T20:41:28.430+0900][10.126s][info][gc,metaspace] GC(130) Metaspace: 5950K(6144K)->5950K(6144K) NonClass: 5318K(5440K)->5318K(5440K) Class: 632K(704K)->632K(704K)
[2026-03-25T20:41:28.430+0900][10.126s][info][gc          ] GC(130) Pause Young (Normal) (G1 Evacuation Pause) 154M->10M(264M) 1.398ms
[2026-03-25T20:41:28.430+0900][10.126s][info][gc,cpu      ] GC(130) User=0.00s Sys=0.00s Real=0.01s
[2026-03-25T20:41:28.486+0900][10.182s][info][gc,start    ] GC(131) Pause Young (Normal) (G1 Evacuation Pause)
[2026-03-25T20:41:28.486+0900][10.182s][info][gc,task     ] GC(131) Using 6 workers of 9 for evacuation
[2026-03-25T20:41:28.488+0900][10.183s][info][gc,phases   ] GC(131)   Pre Evacuate Collection Set: 0.10ms
[2026-03-25T20:41:28.488+0900][10.183s][info][gc,phases   ] GC(131)   Merge Heap Roots: 0.04ms
[2026-03-25T20:41:28.488+0900][10.183s][info][gc,phases   ] GC(131)   Evacuate Collection Set: 0.96ms
[2026-03-25T20:41:28.488+0900][10.183s][info][gc,phases   ] GC(131)   Post Evacuate Collection Set: 0.15ms
[2026-03-25T20:41:28.488+0900][10.183s][info][gc,phases   ] GC(131)   Other: 0.09ms
[2026-03-25T20:41:28.488+0900][10.183s][info][gc,heap     ] GC(131) Eden regions: 18->0(18)
[2026-03-25T20:41:28.488+0900][10.183s][info][gc,heap     ] GC(131) Survivor regions: 1->1(3)
[2026-03-25T20:41:28.488+0900][10.183s][info][gc,heap     ] GC(131) Old regions: 2->2
[2026-03-25T20:41:28.488+0900][10.183s][info][gc,heap     ] GC(131) Humongous regions: 0->0
[2026-03-25T20:41:28.488+0900][10.183s][info][gc,metaspace] GC(131) Metaspace: 5950K(6144K)->5950K(6144K) NonClass: 5318K(5440K)->5318K(5440K) Class: 632K(704K)->632K(704K)
[2026-03-25T20:41:28.488+0900][10.183s][info][gc          ] GC(131) Pause Young (Normal) (G1 Evacuation Pause) 154M->10M(264M) 1.663ms
[2026-03-25T20:41:28.488+0900][10.183s][info][gc,cpu      ] GC(131) User=0.01s Sys=0.00s Real=0.00s
[2026-03-25T20:41:28.599+0900][10.295s][info][gc,start    ] GC(132) Pause Young (Normal) (G1 Evacuation Pause)
[2026-03-25T20:41:28.599+0900][10.295s][info][gc,task     ] GC(132) Using 6 workers of 9 for evacuation
[2026-03-25T20:41:28.601+0900][10.296s][info][gc,phases   ] GC(132)   Pre Evacuate Collection Set: 0.08ms
[2026-03-25T20:41:28.601+0900][10.296s][info][gc,phases   ] GC(132)   Merge Heap Roots: 0.04ms
[2026-03-25T20:41:28.601+0900][10.296s][info][gc,phases   ] GC(132)   Evacuate Collection Set: 1.12ms
[2026-03-25T20:41:28.601+0900][10.296s][info][gc,phases   ] GC(132)   Post Evacuate Collection Set: 0.16ms
[2026-03-25T20:41:28.601+0900][10.296s][info][gc,phases   ] GC(132)   Other: 0.08ms
[2026-03-25T20:41:28.601+0900][10.296s][info][gc,heap     ] GC(132) Eden regions: 18->0(18)
[2026-03-25T20:41:28.601+0900][10.296s][info][gc,heap     ] GC(132) Survivor regions: 1->1(3)
[2026-03-25T20:41:28.601+0900][10.296s][info][gc,heap     ] GC(132) Old regions: 2->2
[2026-03-25T20:41:28.601+0900][10.296s][info][gc,heap     ] GC(132) Humongous regions: 0->0
[2026-03-25T20:41:28.601+0900][10.296s][info][gc,metaspace] GC(132) Metaspace: 5950K(6144K)->5950K(6144K) NonClass: 5318K(5440K)->5318K(5440K) Class: 632K(704K)->632K(704K)
[2026-03-25T20:41:28.601+0900][10.296s][info][gc          ] GC(132) Pause Young (Normal) (G1 Evacuation Pause) 154M->10M(264M) 1.777ms
[2026-03-25T20:41:28.601+0900][10.296s][info][gc,cpu      ] GC(132) User=0.01s Sys=0.00s Real=0.01s
[2026-03-25T20:41:28.658+0900][10.354s][info][gc,start    ] GC(133) Pause Young (Normal) (G1 Evacuation Pause)
[2026-03-25T20:41:28.659+0900][10.354s][info][gc,task     ] GC(133) Using 6 workers of 9 for evacuation
[2026-03-25T20:41:28.659+0900][10.355s][info][gc,phases   ] GC(133)   Pre Evacuate Collection Set: 0.06ms
[2026-03-25T20:41:28.659+0900][10.355s][info][gc,phases   ] GC(133)   Merge Heap Roots: 0.02ms
[2026-03-25T20:41:28.659+0900][10.355s][info][gc,phases   ] GC(133)   Evacuate Collection Set: 0.43ms
[2026-03-25T20:41:28.659+0900][10.355s][info][gc,phases   ] GC(133)   Post Evacuate Collection Set: 0.11ms
[2026-03-25T20:41:28.659+0900][10.355s][info][gc,phases   ] GC(133)   Other: 0.05ms
[2026-03-25T20:41:28.659+0900][10.355s][info][gc,heap     ] GC(133) Eden regions: 18->0(18)
[2026-03-25T20:41:28.659+0900][10.355s][info][gc,heap     ] GC(133) Survivor regions: 1->1(3)
[2026-03-25T20:41:28.659+0900][10.355s][info][gc,heap     ] GC(133) Old regions: 2->2
[2026-03-25T20:41:28.659+0900][10.355s][info][gc,heap     ] GC(133) Humongous regions: 0->0
[2026-03-25T20:41:28.659+0900][10.355s][info][gc,metaspace] GC(133) Metaspace: 5950K(6144K)->5950K(6144K) NonClass: 5318K(5440K)->5318K(5440K) Class: 632K(704K)->632K(704K)
[2026-03-25T20:41:28.659+0900][10.355s][info][gc          ] GC(133) Pause Young (Normal) (G1 Evacuation Pause) 154M->10M(264M) 0.813ms
[2026-03-25T20:41:28.659+0900][10.355s][info][gc,cpu      ] GC(133) User=0.01s Sys=0.00s Real=0.00s
[2026-03-25T20:41:28.770+0900][10.465s][info][gc,start    ] GC(134) Pause Young (Normal) (G1 Evacuation Pause)
[2026-03-25T20:41:28.770+0900][10.466s][info][gc,task     ] GC(134) Using 6 workers of 9 for evacuation
[2026-03-25T20:41:28.773+0900][10.468s][info][gc,phases   ] GC(134)   Pre Evacuate Collection Set: 0.19ms
[2026-03-25T20:41:28.773+0900][10.469s][info][gc,phases   ] GC(134)   Merge Heap Roots: 0.05ms
[2026-03-25T20:41:28.773+0900][10.469s][info][gc,phases   ] GC(134)   Evacuate Collection Set: 2.31ms
[2026-03-25T20:41:28.773+0900][10.469s][info][gc,phases   ] GC(134)   Post Evacuate Collection Set: 0.19ms
[2026-03-25T20:41:28.773+0900][10.469s][info][gc,phases   ] GC(134)   Other: 0.11ms
[2026-03-25T20:41:28.773+0900][10.469s][info][gc,heap     ] GC(134) Eden regions: 18->0(18)
[2026-03-25T20:41:28.773+0900][10.469s][info][gc,heap     ] GC(134) Survivor regions: 1->1(3)
[2026-03-25T20:41:28.773+0900][10.469s][info][gc,heap     ] GC(134) Old regions: 2->2
[2026-03-25T20:41:28.773+0900][10.469s][info][gc,heap     ] GC(134) Humongous regions: 0->0
[2026-03-25T20:41:28.773+0900][10.469s][info][gc,metaspace] GC(134) Metaspace: 5959K(6144K)->5959K(6144K) NonClass: 5327K(5440K)->5327K(5440K) Class: 632K(704K)->632K(704K)
[2026-03-25T20:41:28.773+0900][10.469s][info][gc          ] GC(134) Pause Young (Normal) (G1 Evacuation Pause) 154M->10M(264M) 3.439ms
[2026-03-25T20:41:28.773+0900][10.469s][info][gc,cpu      ] GC(134) User=0.00s Sys=0.00s Real=0.00s
[2026-03-25T20:41:28.830+0900][10.526s][info][gc,start    ] GC(135) Pause Young (Normal) (G1 Evacuation Pause)
[2026-03-25T20:41:28.830+0900][10.526s][info][gc,task     ] GC(135) Using 6 workers of 9 for evacuation
[2026-03-25T20:41:28.831+0900][10.527s][info][gc,phases   ] GC(135)   Pre Evacuate Collection Set: 0.06ms
[2026-03-25T20:41:28.831+0900][10.527s][info][gc,phases   ] GC(135)   Merge Heap Roots: 0.02ms
[2026-03-25T20:41:28.831+0900][10.527s][info][gc,phases   ] GC(135)   Evacuate Collection Set: 0.90ms
[2026-03-25T20:41:28.831+0900][10.527s][info][gc,phases   ] GC(135)   Post Evacuate Collection Set: 0.13ms
[2026-03-25T20:41:28.832+0900][10.527s][info][gc,phases   ] GC(135)   Other: 0.09ms
[2026-03-25T20:41:28.832+0900][10.527s][info][gc,heap     ] GC(135) Eden regions: 18->0(18)
[2026-03-25T20:41:28.832+0900][10.527s][info][gc,heap     ] GC(135) Survivor regions: 1->1(3)
[2026-03-25T20:41:28.832+0900][10.527s][info][gc,heap     ] GC(135) Old regions: 2->2
[2026-03-25T20:41:28.832+0900][10.527s][info][gc,heap     ] GC(135) Humongous regions: 0->0
[2026-03-25T20:41:28.832+0900][10.527s][info][gc,metaspace] GC(135) Metaspace: 5959K(6144K)->5959K(6144K) NonClass: 5327K(5440K)->5327K(5440K) Class: 632K(704K)->632K(704K)
[2026-03-25T20:41:28.832+0900][10.527s][info][gc          ] GC(135) Pause Young (Normal) (G1 Evacuation Pause) 154M->10M(264M) 1.474ms
[2026-03-25T20:41:28.832+0900][10.527s][info][gc,cpu      ] GC(135) User=0.01s Sys=0.00s Real=0.00s
[2026-03-25T20:41:28.890+0900][10.586s][info][gc,start    ] GC(136) Pause Young (Normal) (G1 Evacuation Pause)
[2026-03-25T20:41:28.890+0900][10.586s][info][gc,task     ] GC(136) Using 6 workers of 9 for evacuation
[2026-03-25T20:41:28.891+0900][10.587s][info][gc,phases   ] GC(136)   Pre Evacuate Collection Set: 0.05ms
[2026-03-25T20:41:28.891+0900][10.587s][info][gc,phases   ] GC(136)   Merge Heap Roots: 0.02ms
[2026-03-25T20:41:28.891+0900][10.587s][info][gc,phases   ] GC(136)   Evacuate Collection Set: 0.62ms
[2026-03-25T20:41:28.891+0900][10.587s][info][gc,phases   ] GC(136)   Post Evacuate Collection Set: 0.11ms
[2026-03-25T20:41:28.891+0900][10.587s][info][gc,phases   ] GC(136)   Other: 0.06ms
[2026-03-25T20:41:28.891+0900][10.587s][info][gc,heap     ] GC(136) Eden regions: 18->0(18)
[2026-03-25T20:41:28.891+0900][10.587s][info][gc,heap     ] GC(136) Survivor regions: 1->1(3)
[2026-03-25T20:41:28.891+0900][10.587s][info][gc,heap     ] GC(136) Old regions: 2->2
[2026-03-25T20:41:28.891+0900][10.587s][info][gc,heap     ] GC(136) Humongous regions: 0->0
[2026-03-25T20:41:28.891+0900][10.587s][info][gc,metaspace] GC(136) Metaspace: 5959K(6144K)->5959K(6144K) NonClass: 5327K(5440K)->5327K(5440K) Class: 632K(704K)->632K(704K)
[2026-03-25T20:41:28.891+0900][10.587s][info][gc          ] GC(136) Pause Young (Normal) (G1 Evacuation Pause) 154M->10M(264M) 1.095ms
[2026-03-25T20:41:28.891+0900][10.587s][info][gc,cpu      ] GC(136) User=0.00s Sys=0.00s Real=0.00s
[2026-03-25T20:41:29.002+0900][10.698s][info][gc,start    ] GC(137) Pause Young (Normal) (G1 Evacuation Pause)
[2026-03-25T20:41:29.002+0900][10.698s][info][gc,task     ] GC(137) Using 6 workers of 9 for evacuation
[2026-03-25T20:41:29.004+0900][10.699s][info][gc,phases   ] GC(137)   Pre Evacuate Collection Set: 0.08ms
[2026-03-25T20:41:29.004+0900][10.699s][info][gc,phases   ] GC(137)   Merge Heap Roots: 0.03ms
[2026-03-25T20:41:29.004+0900][10.699s][info][gc,phases   ] GC(137)   Evacuate Collection Set: 1.08ms
[2026-03-25T20:41:29.004+0900][10.699s][info][gc,phases   ] GC(137)   Post Evacuate Collection Set: 0.13ms
[2026-03-25T20:41:29.004+0900][10.699s][info][gc,phases   ] GC(137)   Other: 0.08ms
[2026-03-25T20:41:29.004+0900][10.699s][info][gc,heap     ] GC(137) Eden regions: 18->0(18)
[2026-03-25T20:41:29.004+0900][10.699s][info][gc,heap     ] GC(137) Survivor regions: 1->1(3)
[2026-03-25T20:41:29.004+0900][10.699s][info][gc,heap     ] GC(137) Old regions: 2->2
[2026-03-25T20:41:29.004+0900][10.699s][info][gc,heap     ] GC(137) Humongous regions: 0->0
[2026-03-25T20:41:29.004+0900][10.699s][info][gc,metaspace] GC(137) Metaspace: 5959K(6144K)->5959K(6144K) NonClass: 5327K(5440K)->5327K(5440K) Class: 632K(704K)->632K(704K)
[2026-03-25T20:41:29.004+0900][10.699s][info][gc          ] GC(137) Pause Young (Normal) (G1 Evacuation Pause) 154M->10M(264M) 1.718ms
[2026-03-25T20:41:29.004+0900][10.699s][info][gc,cpu      ] GC(137) User=0.01s Sys=0.00s Real=0.00s
[2026-03-25T20:41:29.062+0900][10.758s][info][gc,start    ] GC(138) Pause Young (Normal) (G1 Evacuation Pause)
[2026-03-25T20:41:29.062+0900][10.758s][info][gc,task     ] GC(138) Using 6 workers of 9 for evacuation
[2026-03-25T20:41:29.064+0900][10.759s][info][gc,phases   ] GC(138)   Pre Evacuate Collection Set: 0.05ms
[2026-03-25T20:41:29.064+0900][10.759s][info][gc,phases   ] GC(138)   Merge Heap Roots: 0.02ms
[2026-03-25T20:41:29.064+0900][10.759s][info][gc,phases   ] GC(138)   Evacuate Collection Set: 0.92ms
[2026-03-25T20:41:29.064+0900][10.759s][info][gc,phases   ] GC(138)   Post Evacuate Collection Set: 0.12ms
[2026-03-25T20:41:29.064+0900][10.759s][info][gc,phases   ] GC(138)   Other: 0.09ms
[2026-03-25T20:41:29.064+0900][10.759s][info][gc,heap     ] GC(138) Eden regions: 18->0(18)
[2026-03-25T20:41:29.064+0900][10.759s][info][gc,heap     ] GC(138) Survivor regions: 1->1(3)
[2026-03-25T20:41:29.064+0900][10.759s][info][gc,heap     ] GC(138) Old regions: 2->2
[2026-03-25T20:41:29.064+0900][10.759s][info][gc,heap     ] GC(138) Humongous regions: 0->0
[2026-03-25T20:41:29.064+0900][10.759s][info][gc,metaspace] GC(138) Metaspace: 5959K(6144K)->5959K(6144K) NonClass: 5327K(5440K)->5327K(5440K) Class: 632K(704K)->632K(704K)
[2026-03-25T20:41:29.064+0900][10.759s][info][gc          ] GC(138) Pause Young (Normal) (G1 Evacuation Pause) 154M->10M(264M) 1.458ms
[2026-03-25T20:41:29.064+0900][10.759s][info][gc,cpu      ] GC(138) User=0.01s Sys=0.00s Real=0.00s
[2026-03-25T20:41:29.123+0900][10.819s][info][gc,start    ] GC(139) Pause Young (Normal) (G1 Evacuation Pause)
[2026-03-25T20:41:29.123+0900][10.819s][info][gc,task     ] GC(139) Using 6 workers of 9 for evacuation
[2026-03-25T20:41:29.124+0900][10.820s][info][gc,phases   ] GC(139)   Pre Evacuate Collection Set: 0.06ms
[2026-03-25T20:41:29.124+0900][10.820s][info][gc,phases   ] GC(139)   Merge Heap Roots: 0.02ms
[2026-03-25T20:41:29.124+0900][10.820s][info][gc,phases   ] GC(139)   Evacuate Collection Set: 0.81ms
[2026-03-25T20:41:29.124+0900][10.820s][info][gc,phases   ] GC(139)   Post Evacuate Collection Set: 0.13ms
[2026-03-25T20:41:29.124+0900][10.820s][info][gc,phases   ] GC(139)   Other: 0.07ms
[2026-03-25T20:41:29.124+0900][10.820s][info][gc,heap     ] GC(139) Eden regions: 18->0(18)
[2026-03-25T20:41:29.124+0900][10.820s][info][gc,heap     ] GC(139) Survivor regions: 1->1(3)
[2026-03-25T20:41:29.124+0900][10.820s][info][gc,heap     ] GC(139) Old regions: 2->2
[2026-03-25T20:41:29.124+0900][10.820s][info][gc,heap     ] GC(139) Humongous regions: 0->0
[2026-03-25T20:41:29.125+0900][10.820s][info][gc,metaspace] GC(139) Metaspace: 5959K(6144K)->5959K(6144K) NonClass: 5327K(5440K)->5327K(5440K) Class: 632K(704K)->632K(704K)
[2026-03-25T20:41:29.125+0900][10.820s][info][gc          ] GC(139) Pause Young (Normal) (G1 Evacuation Pause) 154M->10M(264M) 1.345ms
[2026-03-25T20:41:29.125+0900][10.820s][info][gc,cpu      ] GC(139) User=0.00s Sys=0.00s Real=0.00s
[2026-03-25T20:41:29.237+0900][10.933s][info][gc,start    ] GC(140) Pause Young (Normal) (G1 Evacuation Pause)
[2026-03-25T20:41:29.238+0900][10.933s][info][gc,task     ] GC(140) Using 6 workers of 9 for evacuation
[2026-03-25T20:41:29.239+0900][10.935s][info][gc,phases   ] GC(140)   Pre Evacuate Collection Set: 0.08ms
[2026-03-25T20:41:29.239+0900][10.935s][info][gc,phases   ] GC(140)   Merge Heap Roots: 0.03ms
[2026-03-25T20:41:29.239+0900][10.935s][info][gc,phases   ] GC(140)   Evacuate Collection Set: 1.24ms
[2026-03-25T20:41:29.239+0900][10.935s][info][gc,phases   ] GC(140)   Post Evacuate Collection Set: 0.13ms
[2026-03-25T20:41:29.239+0900][10.935s][info][gc,phases   ] GC(140)   Other: 0.09ms
[2026-03-25T20:41:29.239+0900][10.935s][info][gc,heap     ] GC(140) Eden regions: 18->0(18)
[2026-03-25T20:41:29.239+0900][10.935s][info][gc,heap     ] GC(140) Survivor regions: 1->1(3)
[2026-03-25T20:41:29.239+0900][10.935s][info][gc,heap     ] GC(140) Old regions: 2->2
[2026-03-25T20:41:29.239+0900][10.935s][info][gc,heap     ] GC(140) Humongous regions: 0->0
[2026-03-25T20:41:29.239+0900][10.935s][info][gc,metaspace] GC(140) Metaspace: 5959K(6144K)->5959K(6144K) NonClass: 5327K(5440K)->5327K(5440K) Class: 632K(704K)->632K(704K)
[2026-03-25T20:41:29.239+0900][10.935s][info][gc          ] GC(140) Pause Young (Normal) (G1 Evacuation Pause) 154M->10M(264M) 1.915ms
[2026-03-25T20:41:29.239+0900][10.935s][info][gc,cpu      ] GC(140) User=0.00s Sys=0.00s Real=0.00s
[2026-03-25T20:41:29.299+0900][10.994s][info][gc,start    ] GC(141) Pause Young (Normal) (G1 Evacuation Pause)
[2026-03-25T20:41:29.299+0900][10.994s][info][gc,task     ] GC(141) Using 6 workers of 9 for evacuation
[2026-03-25T20:41:29.300+0900][10.996s][info][gc,phases   ] GC(141)   Pre Evacuate Collection Set: 0.07ms
[2026-03-25T20:41:29.300+0900][10.996s][info][gc,phases   ] GC(141)   Merge Heap Roots: 0.03ms
[2026-03-25T20:41:29.300+0900][10.996s][info][gc,phases   ] GC(141)   Evacuate Collection Set: 1.17ms
[2026-03-25T20:41:29.300+0900][10.996s][info][gc,phases   ] GC(141)   Post Evacuate Collection Set: 0.12ms
[2026-03-25T20:41:29.300+0900][10.996s][info][gc,phases   ] GC(141)   Other: 0.09ms
[2026-03-25T20:41:29.300+0900][10.996s][info][gc,heap     ] GC(141) Eden regions: 18->0(18)
[2026-03-25T20:41:29.301+0900][10.996s][info][gc,heap     ] GC(141) Survivor regions: 1->1(3)
[2026-03-25T20:41:29.301+0900][10.996s][info][gc,heap     ] GC(141) Old regions: 2->2
[2026-03-25T20:41:29.301+0900][10.996s][info][gc,heap     ] GC(141) Humongous regions: 0->0
[2026-03-25T20:41:29.301+0900][10.996s][info][gc,metaspace] GC(141) Metaspace: 5959K(6144K)->5959K(6144K) NonClass: 5327K(5440K)->5327K(5440K) Class: 632K(704K)->632K(704K)
[2026-03-25T20:41:29.301+0900][10.996s][info][gc          ] GC(141) Pause Young (Normal) (G1 Evacuation Pause) 154M->10M(264M) 1.743ms
[2026-03-25T20:41:29.301+0900][10.996s][info][gc,cpu      ] GC(141) User=0.00s Sys=0.00s Real=0.01s
[2026-03-25T20:41:29.360+0900][11.055s][info][gc,start    ] GC(142) Pause Young (Normal) (G1 Evacuation Pause)
[2026-03-25T20:41:29.360+0900][11.056s][info][gc,task     ] GC(142) Using 6 workers of 9 for evacuation
[2026-03-25T20:41:29.362+0900][11.057s][info][gc,phases   ] GC(142)   Pre Evacuate Collection Set: 0.11ms
[2026-03-25T20:41:29.362+0900][11.057s][info][gc,phases   ] GC(142)   Merge Heap Roots: 0.04ms
[2026-03-25T20:41:29.362+0900][11.057s][info][gc,phases   ] GC(142)   Evacuate Collection Set: 1.18ms
[2026-03-25T20:41:29.362+0900][11.057s][info][gc,phases   ] GC(142)   Post Evacuate Collection Set: 0.15ms
[2026-03-25T20:41:29.362+0900][11.057s][info][gc,phases   ] GC(142)   Other: 0.11ms
[2026-03-25T20:41:29.362+0900][11.057s][info][gc,heap     ] GC(142) Eden regions: 18->0(18)
[2026-03-25T20:41:29.362+0900][11.057s][info][gc,heap     ] GC(142) Survivor regions: 1->1(3)
[2026-03-25T20:41:29.362+0900][11.057s][info][gc,heap     ] GC(142) Old regions: 2->2
[2026-03-25T20:41:29.362+0900][11.057s][info][gc,heap     ] GC(142) Humongous regions: 0->0
[2026-03-25T20:41:29.362+0900][11.057s][info][gc,metaspace] GC(142) Metaspace: 5959K(6144K)->5959K(6144K) NonClass: 5327K(5440K)->5327K(5440K) Class: 632K(704K)->632K(704K)
[2026-03-25T20:41:29.362+0900][11.057s][info][gc          ] GC(142) Pause Young (Normal) (G1 Evacuation Pause) 154M->10M(264M) 1.934ms
[2026-03-25T20:41:29.362+0900][11.057s][info][gc,cpu      ] GC(142) User=0.00s Sys=0.00s Real=0.00s
[2026-03-25T20:41:29.476+0900][11.172s][info][gc,start    ] GC(143) Pause Young (Normal) (G1 Evacuation Pause)
[2026-03-25T20:41:29.477+0900][11.172s][info][gc,task     ] GC(143) Using 6 workers of 9 for evacuation
[2026-03-25T20:41:29.478+0900][11.174s][info][gc,phases   ] GC(143)   Pre Evacuate Collection Set: 0.10ms
[2026-03-25T20:41:29.478+0900][11.174s][info][gc,phases   ] GC(143)   Merge Heap Roots: 0.05ms
[2026-03-25T20:41:29.478+0900][11.174s][info][gc,phases   ] GC(143)   Evacuate Collection Set: 1.15ms
[2026-03-25T20:41:29.478+0900][11.174s][info][gc,phases   ] GC(143)   Post Evacuate Collection Set: 0.14ms
[2026-03-25T20:41:29.478+0900][11.174s][info][gc,phases   ] GC(143)   Other: 0.11ms
[2026-03-25T20:41:29.478+0900][11.174s][info][gc,heap     ] GC(143) Eden regions: 18->0(18)
[2026-03-25T20:41:29.478+0900][11.174s][info][gc,heap     ] GC(143) Survivor regions: 1->1(3)
[2026-03-25T20:41:29.478+0900][11.174s][info][gc,heap     ] GC(143) Old regions: 2->2
[2026-03-25T20:41:29.478+0900][11.174s][info][gc,heap     ] GC(143) Humongous regions: 0->0
[2026-03-25T20:41:29.478+0900][11.174s][info][gc,metaspace] GC(143) Metaspace: 5959K(6144K)->5959K(6144K) NonClass: 5327K(5440K)->5327K(5440K) Class: 632K(704K)->632K(704K)
[2026-03-25T20:41:29.478+0900][11.174s][info][gc          ] GC(143) Pause Young (Normal) (G1 Evacuation Pause) 154M->10M(264M) 1.910ms
[2026-03-25T20:41:29.478+0900][11.174s][info][gc,cpu      ] GC(143) User=0.01s Sys=0.00s Real=0.00s
[2026-03-25T20:41:29.537+0900][11.232s][info][gc,start    ] GC(144) Pause Young (Normal) (G1 Evacuation Pause)
[2026-03-25T20:41:29.537+0900][11.232s][info][gc,task     ] GC(144) Using 6 workers of 9 for evacuation
[2026-03-25T20:41:29.538+0900][11.234s][info][gc,phases   ] GC(144)   Pre Evacuate Collection Set: 0.08ms
[2026-03-25T20:41:29.538+0900][11.234s][info][gc,phases   ] GC(144)   Merge Heap Roots: 0.03ms
[2026-03-25T20:41:29.538+0900][11.234s][info][gc,phases   ] GC(144)   Evacuate Collection Set: 1.06ms
[2026-03-25T20:41:29.538+0900][11.234s][info][gc,phases   ] GC(144)   Post Evacuate Collection Set: 0.13ms
[2026-03-25T20:41:29.538+0900][11.234s][info][gc,phases   ] GC(144)   Other: 0.09ms
[2026-03-25T20:41:29.538+0900][11.234s][info][gc,heap     ] GC(144) Eden regions: 18->0(18)
[2026-03-25T20:41:29.538+0900][11.234s][info][gc,heap     ] GC(144) Survivor regions: 1->1(3)
[2026-03-25T20:41:29.538+0900][11.234s][info][gc,heap     ] GC(144) Old regions: 2->2
[2026-03-25T20:41:29.538+0900][11.234s][info][gc,heap     ] GC(144) Humongous regions: 0->0
[2026-03-25T20:41:29.538+0900][11.234s][info][gc,metaspace] GC(144) Metaspace: 5959K(6144K)->5959K(6144K) NonClass: 5327K(5440K)->5327K(5440K) Class: 632K(704K)->632K(704K)
[2026-03-25T20:41:29.538+0900][11.234s][info][gc          ] GC(144) Pause Young (Normal) (G1 Evacuation Pause) 154M->10M(264M) 1.663ms
[2026-03-25T20:41:29.538+0900][11.234s][info][gc,cpu      ] GC(144) User=0.01s Sys=0.00s Real=0.00s
[2026-03-25T20:41:29.597+0900][11.292s][info][gc,start    ] GC(145) Pause Young (Normal) (G1 Evacuation Pause)
[2026-03-25T20:41:29.597+0900][11.292s][info][gc,task     ] GC(145) Using 6 workers of 9 for evacuation
[2026-03-25T20:41:29.598+0900][11.293s][info][gc,phases   ] GC(145)   Pre Evacuate Collection Set: 0.06ms
[2026-03-25T20:41:29.598+0900][11.294s][info][gc,phases   ] GC(145)   Merge Heap Roots: 0.03ms
[2026-03-25T20:41:29.598+0900][11.294s][info][gc,phases   ] GC(145)   Evacuate Collection Set: 0.97ms
[2026-03-25T20:41:29.598+0900][11.294s][info][gc,phases   ] GC(145)   Post Evacuate Collection Set: 0.13ms
[2026-03-25T20:41:29.598+0900][11.294s][info][gc,phases   ] GC(145)   Other: 0.07ms
[2026-03-25T20:41:29.598+0900][11.294s][info][gc,heap     ] GC(145) Eden regions: 18->0(18)
[2026-03-25T20:41:29.598+0900][11.294s][info][gc,heap     ] GC(145) Survivor regions: 1->1(3)
[2026-03-25T20:41:29.598+0900][11.294s][info][gc,heap     ] GC(145) Old regions: 2->2
[2026-03-25T20:41:29.598+0900][11.294s][info][gc,heap     ] GC(145) Humongous regions: 0->0
[2026-03-25T20:41:29.598+0900][11.294s][info][gc,metaspace] GC(145) Metaspace: 5959K(6144K)->5959K(6144K) NonClass: 5327K(5440K)->5327K(5440K) Class: 632K(704K)->632K(704K)
[2026-03-25T20:41:29.598+0900][11.294s][info][gc          ] GC(145) Pause Young (Normal) (G1 Evacuation Pause) 154M->10M(264M) 1.503ms
[2026-03-25T20:41:29.598+0900][11.294s][info][gc,cpu      ] GC(145) User=0.00s Sys=0.00s Real=0.00s
[2026-03-25T20:41:29.713+0900][11.408s][info][gc,start    ] GC(146) Pause Young (Normal) (G1 Evacuation Pause)
[2026-03-25T20:41:29.713+0900][11.409s][info][gc,task     ] GC(146) Using 6 workers of 9 for evacuation
[2026-03-25T20:41:29.714+0900][11.410s][info][gc,phases   ] GC(146)   Pre Evacuate Collection Set: 0.06ms
[2026-03-25T20:41:29.714+0900][11.410s][info][gc,phases   ] GC(146)   Merge Heap Roots: 0.03ms
[2026-03-25T20:41:29.714+0900][11.410s][info][gc,phases   ] GC(146)   Evacuate Collection Set: 0.82ms
[2026-03-25T20:41:29.714+0900][11.410s][info][gc,phases   ] GC(146)   Post Evacuate Collection Set: 0.13ms
[2026-03-25T20:41:29.714+0900][11.410s][info][gc,phases   ] GC(146)   Other: 0.06ms
[2026-03-25T20:41:29.714+0900][11.410s][info][gc,heap     ] GC(146) Eden regions: 18->0(18)
[2026-03-25T20:41:29.714+0900][11.410s][info][gc,heap     ] GC(146) Survivor regions: 1->1(3)
[2026-03-25T20:41:29.714+0900][11.410s][info][gc,heap     ] GC(146) Old regions: 2->2
[2026-03-25T20:41:29.714+0900][11.410s][info][gc,heap     ] GC(146) Humongous regions: 0->0
[2026-03-25T20:41:29.714+0900][11.410s][info][gc,metaspace] GC(146) Metaspace: 5968K(6144K)->5968K(6144K) NonClass: 5336K(5440K)->5336K(5440K) Class: 632K(704K)->632K(704K)
[2026-03-25T20:41:29.714+0900][11.410s][info][gc          ] GC(146) Pause Young (Normal) (G1 Evacuation Pause) 154M->10M(264M) 1.285ms
[2026-03-25T20:41:29.714+0900][11.410s][info][gc,cpu      ] GC(146) User=0.00s Sys=0.00s Real=0.00s
[2026-03-25T20:41:29.774+0900][11.470s][info][gc,start    ] GC(147) Pause Young (Normal) (G1 Evacuation Pause)
[2026-03-25T20:41:29.774+0900][11.470s][info][gc,task     ] GC(147) Using 6 workers of 9 for evacuation
[2026-03-25T20:41:29.775+0900][11.471s][info][gc,phases   ] GC(147)   Pre Evacuate Collection Set: 0.05ms
[2026-03-25T20:41:29.776+0900][11.471s][info][gc,phases   ] GC(147)   Merge Heap Roots: 0.02ms
[2026-03-25T20:41:29.776+0900][11.471s][info][gc,phases   ] GC(147)   Evacuate Collection Set: 0.63ms
[2026-03-25T20:41:29.776+0900][11.471s][info][gc,phases   ] GC(147)   Post Evacuate Collection Set: 0.51ms
[2026-03-25T20:41:29.776+0900][11.471s][info][gc,phases   ] GC(147)   Other: 0.05ms
[2026-03-25T20:41:29.776+0900][11.471s][info][gc,heap     ] GC(147) Eden regions: 18->0(18)
[2026-03-25T20:41:29.776+0900][11.471s][info][gc,heap     ] GC(147) Survivor regions: 1->1(3)
[2026-03-25T20:41:29.776+0900][11.471s][info][gc,heap     ] GC(147) Old regions: 2->2
[2026-03-25T20:41:29.776+0900][11.471s][info][gc,heap     ] GC(147) Humongous regions: 0->0
[2026-03-25T20:41:29.776+0900][11.471s][info][gc,metaspace] GC(147) Metaspace: 5968K(6144K)->5968K(6144K) NonClass: 5336K(5440K)->5336K(5440K) Class: 632K(704K)->632K(704K)
[2026-03-25T20:41:29.776+0900][11.471s][info][gc          ] GC(147) Pause Young (Normal) (G1 Evacuation Pause) 154M->10M(264M) 1.469ms
[2026-03-25T20:41:29.776+0900][11.471s][info][gc,cpu      ] GC(147) User=0.00s Sys=0.00s Real=0.00s
[2026-03-25T20:41:29.831+0900][11.527s][info][gc,start    ] GC(148) Pause Young (Normal) (G1 Evacuation Pause)
[2026-03-25T20:41:29.832+0900][11.527s][info][gc,task     ] GC(148) Using 6 workers of 9 for evacuation
[2026-03-25T20:41:29.832+0900][11.528s][info][gc,phases   ] GC(148)   Pre Evacuate Collection Set: 0.10ms
[2026-03-25T20:41:29.832+0900][11.528s][info][gc,phases   ] GC(148)   Merge Heap Roots: 0.07ms
[2026-03-25T20:41:29.832+0900][11.528s][info][gc,phases   ] GC(148)   Evacuate Collection Set: 0.32ms
[2026-03-25T20:41:29.832+0900][11.528s][info][gc,phases   ] GC(148)   Post Evacuate Collection Set: 0.21ms
[2026-03-25T20:41:29.832+0900][11.528s][info][gc,phases   ] GC(148)   Other: 0.05ms
[2026-03-25T20:41:29.832+0900][11.528s][info][gc,heap     ] GC(148) Eden regions: 18->0(18)
[2026-03-25T20:41:29.832+0900][11.528s][info][gc,heap     ] GC(148) Survivor regions: 1->1(3)
[2026-03-25T20:41:29.832+0900][11.528s][info][gc,heap     ] GC(148) Old regions: 2->2
[2026-03-25T20:41:29.832+0900][11.528s][info][gc,heap     ] GC(148) Humongous regions: 0->0
[2026-03-25T20:41:29.833+0900][11.528s][info][gc,metaspace] GC(148) Metaspace: 5968K(6144K)->5968K(6144K) NonClass: 5336K(5440K)->5336K(5440K) Class: 632K(704K)->632K(704K)
[2026-03-25T20:41:29.833+0900][11.528s][info][gc          ] GC(148) Pause Young (Normal) (G1 Evacuation Pause) 154M->10M(264M) 1.089ms
[2026-03-25T20:41:29.833+0900][11.528s][info][gc,cpu      ] GC(148) User=0.00s Sys=0.00s Real=0.00s
[2026-03-25T20:41:29.939+0900][11.635s][info][gc,start    ] GC(149) Pause Young (Normal) (G1 Evacuation Pause)
[2026-03-25T20:41:29.940+0900][11.635s][info][gc,task     ] GC(149) Using 6 workers of 9 for evacuation
[2026-03-25T20:41:29.940+0900][11.635s][info][gc,phases   ] GC(149)   Pre Evacuate Collection Set: 0.06ms
[2026-03-25T20:41:29.940+0900][11.635s][info][gc,phases   ] GC(149)   Merge Heap Roots: 0.02ms
[2026-03-25T20:41:29.940+0900][11.635s][info][gc,phases   ] GC(149)   Evacuate Collection Set: 0.26ms
[2026-03-25T20:41:29.940+0900][11.635s][info][gc,phases   ] GC(149)   Post Evacuate Collection Set: 0.11ms
[2026-03-25T20:41:29.940+0900][11.636s][info][gc,phases   ] GC(149)   Other: 0.04ms
[2026-03-25T20:41:29.940+0900][11.636s][info][gc,heap     ] GC(149) Eden regions: 18->0(18)
[2026-03-25T20:41:29.940+0900][11.636s][info][gc,heap     ] GC(149) Survivor regions: 1->1(3)
[2026-03-25T20:41:29.940+0900][11.636s][info][gc,heap     ] GC(149) Old regions: 2->2
[2026-03-25T20:41:29.940+0900][11.636s][info][gc,heap     ] GC(149) Humongous regions: 0->0
[2026-03-25T20:41:29.940+0900][11.636s][info][gc,metaspace] GC(149) Metaspace: 5969K(6144K)->5969K(6144K) NonClass: 5337K(5440K)->5337K(5440K) Class: 632K(704K)->632K(704K)
[2026-03-25T20:41:29.940+0900][11.636s][info][gc          ] GC(149) Pause Young (Normal) (G1 Evacuation Pause) 154M->10M(264M) 0.590ms
[2026-03-25T20:41:29.940+0900][11.636s][info][gc,cpu      ] GC(149) User=0.00s Sys=0.00s Real=0.01s
[2026-03-25T20:41:29.993+0900][11.689s][info][gc,start    ] GC(150) Pause Young (Normal) (G1 Evacuation Pause)
[2026-03-25T20:41:29.993+0900][11.689s][info][gc,task     ] GC(150) Using 6 workers of 9 for evacuation
[2026-03-25T20:41:29.994+0900][11.689s][info][gc,phases   ] GC(150)   Pre Evacuate Collection Set: 0.06ms
[2026-03-25T20:41:29.994+0900][11.689s][info][gc,phases   ] GC(150)   Merge Heap Roots: 0.02ms
[2026-03-25T20:41:29.994+0900][11.689s][info][gc,phases   ] GC(150)   Evacuate Collection Set: 0.30ms
[2026-03-25T20:41:29.994+0900][11.689s][info][gc,phases   ] GC(150)   Post Evacuate Collection Set: 0.06ms
[2026-03-25T20:41:29.994+0900][11.689s][info][gc,phases   ] GC(150)   Other: 0.05ms
[2026-03-25T20:41:29.994+0900][11.689s][info][gc,heap     ] GC(150) Eden regions: 18->0(18)
[2026-03-25T20:41:29.994+0900][11.689s][info][gc,heap     ] GC(150) Survivor regions: 1->1(3)
[2026-03-25T20:41:29.994+0900][11.689s][info][gc,heap     ] GC(150) Old regions: 2->2
[2026-03-25T20:41:29.994+0900][11.689s][info][gc,heap     ] GC(150) Humongous regions: 0->0
[2026-03-25T20:41:29.994+0900][11.689s][info][gc,metaspace] GC(150) Metaspace: 5969K(6144K)->5969K(6144K) NonClass: 5337K(5440K)->5337K(5440K) Class: 632K(704K)->632K(704K)
[2026-03-25T20:41:29.994+0900][11.689s][info][gc          ] GC(150) Pause Young (Normal) (G1 Evacuation Pause) 154M->10M(264M) 0.607ms
[2026-03-25T20:41:29.994+0900][11.689s][info][gc,cpu      ] GC(150) User=0.01s Sys=0.00s Real=0.00s
[2026-03-25T20:41:30.051+0900][11.746s][info][gc,start    ] GC(151) Pause Young (Normal) (G1 Evacuation Pause)
[2026-03-25T20:41:30.051+0900][11.746s][info][gc,task     ] GC(151) Using 6 workers of 9 for evacuation
[2026-03-25T20:41:30.051+0900][11.747s][info][gc,phases   ] GC(151)   Pre Evacuate Collection Set: 0.05ms
[2026-03-25T20:41:30.051+0900][11.747s][info][gc,phases   ] GC(151)   Merge Heap Roots: 0.01ms
[2026-03-25T20:41:30.051+0900][11.747s][info][gc,phases   ] GC(151)   Evacuate Collection Set: 0.22ms
[2026-03-25T20:41:30.051+0900][11.747s][info][gc,phases   ] GC(151)   Post Evacuate Collection Set: 0.08ms
[2026-03-25T20:41:30.051+0900][11.747s][info][gc,phases   ] GC(151)   Other: 0.03ms
[2026-03-25T20:41:30.051+0900][11.747s][info][gc,heap     ] GC(151) Eden regions: 18->0(18)
[2026-03-25T20:41:30.051+0900][11.747s][info][gc,heap     ] GC(151) Survivor regions: 1->1(3)
[2026-03-25T20:41:30.051+0900][11.747s][info][gc,heap     ] GC(151) Old regions: 2->2
[2026-03-25T20:41:30.051+0900][11.747s][info][gc,heap     ] GC(151) Humongous regions: 0->0
[2026-03-25T20:41:30.051+0900][11.747s][info][gc,metaspace] GC(151) Metaspace: 5969K(6144K)->5969K(6144K) NonClass: 5337K(5440K)->5337K(5440K) Class: 632K(704K)->632K(704K)
[2026-03-25T20:41:30.051+0900][11.747s][info][gc          ] GC(151) Pause Young (Normal) (G1 Evacuation Pause) 154M->10M(264M) 0.497ms
[2026-03-25T20:41:30.051+0900][11.747s][info][gc,cpu      ] GC(151) User=0.00s Sys=0.00s Real=0.00s
[2026-03-25T20:41:30.162+0900][11.858s][info][gc,start    ] GC(152) Pause Young (Normal) (G1 Evacuation Pause)
[2026-03-25T20:41:30.162+0900][11.858s][info][gc,task     ] GC(152) Using 6 workers of 9 for evacuation
[2026-03-25T20:41:30.163+0900][11.859s][info][gc,phases   ] GC(152)   Pre Evacuate Collection Set: 0.06ms
[2026-03-25T20:41:30.163+0900][11.859s][info][gc,phases   ] GC(152)   Merge Heap Roots: 0.02ms
[2026-03-25T20:41:30.163+0900][11.859s][info][gc,phases   ] GC(152)   Evacuate Collection Set: 0.36ms
[2026-03-25T20:41:30.163+0900][11.859s][info][gc,phases   ] GC(152)   Post Evacuate Collection Set: 0.16ms
[2026-03-25T20:41:30.163+0900][11.859s][info][gc,phases   ] GC(152)   Other: 0.05ms
[2026-03-25T20:41:30.163+0900][11.859s][info][gc,heap     ] GC(152) Eden regions: 18->0(18)
[2026-03-25T20:41:30.163+0900][11.859s][info][gc,heap     ] GC(152) Survivor regions: 1->1(3)
[2026-03-25T20:41:30.163+0900][11.859s][info][gc,heap     ] GC(152) Old regions: 2->2
[2026-03-25T20:41:30.163+0900][11.859s][info][gc,heap     ] GC(152) Humongous regions: 0->0
[2026-03-25T20:41:30.163+0900][11.859s][info][gc,metaspace] GC(152) Metaspace: 5969K(6144K)->5969K(6144K) NonClass: 5337K(5440K)->5337K(5440K) Class: 632K(704K)->632K(704K)
[2026-03-25T20:41:30.163+0900][11.859s][info][gc          ] GC(152) Pause Young (Normal) (G1 Evacuation Pause) 154M->10M(264M) 0.868ms
[2026-03-25T20:41:30.163+0900][11.859s][info][gc,cpu      ] GC(152) User=0.00s Sys=0.00s Real=0.00s
[2026-03-25T20:41:30.216+0900][11.912s][info][gc,start    ] GC(153) Pause Young (Normal) (G1 Evacuation Pause)
[2026-03-25T20:41:30.216+0900][11.912s][info][gc,task     ] GC(153) Using 6 workers of 9 for evacuation
[2026-03-25T20:41:30.217+0900][11.912s][info][gc,phases   ] GC(153)   Pre Evacuate Collection Set: 0.05ms
[2026-03-25T20:41:30.217+0900][11.912s][info][gc,phases   ] GC(153)   Merge Heap Roots: 0.03ms
[2026-03-25T20:41:30.217+0900][11.912s][info][gc,phases   ] GC(153)   Evacuate Collection Set: 0.26ms
[2026-03-25T20:41:30.217+0900][11.912s][info][gc,phases   ] GC(153)   Post Evacuate Collection Set: 0.10ms
[2026-03-25T20:41:30.217+0900][11.912s][info][gc,phases   ] GC(153)   Other: 0.04ms
[2026-03-25T20:41:30.217+0900][11.912s][info][gc,heap     ] GC(153) Eden regions: 18->0(18)
[2026-03-25T20:41:30.217+0900][11.912s][info][gc,heap     ] GC(153) Survivor regions: 1->1(3)
[2026-03-25T20:41:30.217+0900][11.912s][info][gc,heap     ] GC(153) Old regions: 2->2
[2026-03-25T20:41:30.217+0900][11.912s][info][gc,heap     ] GC(153) Humongous regions: 0->0
[2026-03-25T20:41:30.217+0900][11.912s][info][gc,metaspace] GC(153) Metaspace: 5969K(6144K)->5969K(6144K) NonClass: 5337K(5440K)->5337K(5440K) Class: 632K(704K)->632K(704K)
[2026-03-25T20:41:30.217+0900][11.912s][info][gc          ] GC(153) Pause Young (Normal) (G1 Evacuation Pause) 154M->10M(264M) 0.653ms
[2026-03-25T20:41:30.217+0900][11.912s][info][gc,cpu      ] GC(153) User=0.00s Sys=0.00s Real=0.00s
[2026-03-25T20:41:30.275+0900][11.970s][info][gc,start    ] GC(154) Pause Young (Normal) (G1 Evacuation Pause)
[2026-03-25T20:41:30.275+0900][11.971s][info][gc,task     ] GC(154) Using 6 workers of 9 for evacuation
[2026-03-25T20:41:30.276+0900][11.972s][info][gc,phases   ] GC(154)   Pre Evacuate Collection Set: 0.06ms
[2026-03-25T20:41:30.276+0900][11.972s][info][gc,phases   ] GC(154)   Merge Heap Roots: 0.03ms
[2026-03-25T20:41:30.276+0900][11.972s][info][gc,phases   ] GC(154)   Evacuate Collection Set: 0.71ms
[2026-03-25T20:41:30.276+0900][11.972s][info][gc,phases   ] GC(154)   Post Evacuate Collection Set: 0.12ms
[2026-03-25T20:41:30.276+0900][11.972s][info][gc,phases   ] GC(154)   Other: 0.07ms
[2026-03-25T20:41:30.276+0900][11.972s][info][gc,heap     ] GC(154) Eden regions: 18->0(18)
[2026-03-25T20:41:30.276+0900][11.972s][info][gc,heap     ] GC(154) Survivor regions: 1->1(3)
[2026-03-25T20:41:30.276+0900][11.972s][info][gc,heap     ] GC(154) Old regions: 2->2
[2026-03-25T20:41:30.276+0900][11.972s][info][gc,heap     ] GC(154) Humongous regions: 0->0
[2026-03-25T20:41:30.276+0900][11.972s][info][gc,metaspace] GC(154) Metaspace: 5969K(6144K)->5969K(6144K) NonClass: 5337K(5440K)->5337K(5440K) Class: 632K(704K)->632K(704K)
[2026-03-25T20:41:30.276+0900][11.972s][info][gc          ] GC(154) Pause Young (Normal) (G1 Evacuation Pause) 154M->10M(264M) 1.218ms
[2026-03-25T20:41:30.276+0900][11.972s][info][gc,cpu      ] GC(154) User=0.00s Sys=0.00s Real=0.00s
[2026-03-25T20:41:30.390+0900][12.086s][info][gc,start    ] GC(155) Pause Young (Normal) (G1 Evacuation Pause)
[2026-03-25T20:41:30.390+0900][12.086s][info][gc,task     ] GC(155) Using 6 workers of 9 for evacuation
[2026-03-25T20:41:30.392+0900][12.087s][info][gc,phases   ] GC(155)   Pre Evacuate Collection Set: 0.06ms
[2026-03-25T20:41:30.392+0900][12.087s][info][gc,phases   ] GC(155)   Merge Heap Roots: 0.03ms
[2026-03-25T20:41:30.392+0900][12.087s][info][gc,phases   ] GC(155)   Evacuate Collection Set: 1.08ms
[2026-03-25T20:41:30.392+0900][12.087s][info][gc,phases   ] GC(155)   Post Evacuate Collection Set: 0.14ms
[2026-03-25T20:41:30.392+0900][12.087s][info][gc,phases   ] GC(155)   Other: 0.09ms
[2026-03-25T20:41:30.392+0900][12.087s][info][gc,heap     ] GC(155) Eden regions: 18->0(18)
[2026-03-25T20:41:30.392+0900][12.087s][info][gc,heap     ] GC(155) Survivor regions: 1->1(3)
[2026-03-25T20:41:30.392+0900][12.087s][info][gc,heap     ] GC(155) Old regions: 2->2
[2026-03-25T20:41:30.392+0900][12.087s][info][gc,heap     ] GC(155) Humongous regions: 0->0
[2026-03-25T20:41:30.392+0900][12.087s][info][gc,metaspace] GC(155) Metaspace: 5969K(6144K)->5969K(6144K) NonClass: 5337K(5440K)->5337K(5440K) Class: 632K(704K)->632K(704K)
[2026-03-25T20:41:30.392+0900][12.087s][info][gc          ] GC(155) Pause Young (Normal) (G1 Evacuation Pause) 154M->10M(264M) 1.724ms
[2026-03-25T20:41:30.392+0900][12.087s][info][gc,cpu      ] GC(155) User=0.00s Sys=0.00s Real=0.00s
[2026-03-25T20:41:30.451+0900][12.147s][info][gc,start    ] GC(156) Pause Young (Normal) (G1 Evacuation Pause)
[2026-03-25T20:41:30.451+0900][12.147s][info][gc,task     ] GC(156) Using 6 workers of 9 for evacuation
[2026-03-25T20:41:30.453+0900][12.148s][info][gc,phases   ] GC(156)   Pre Evacuate Collection Set: 0.06ms
[2026-03-25T20:41:30.453+0900][12.148s][info][gc,phases   ] GC(156)   Merge Heap Roots: 0.02ms
[2026-03-25T20:41:30.453+0900][12.148s][info][gc,phases   ] GC(156)   Evacuate Collection Set: 1.09ms
[2026-03-25T20:41:30.453+0900][12.148s][info][gc,phases   ] GC(156)   Post Evacuate Collection Set: 0.11ms
[2026-03-25T20:41:30.453+0900][12.148s][info][gc,phases   ] GC(156)   Other: 0.09ms
[2026-03-25T20:41:30.453+0900][12.148s][info][gc,heap     ] GC(156) Eden regions: 18->0(18)
[2026-03-25T20:41:30.453+0900][12.148s][info][gc,heap     ] GC(156) Survivor regions: 1->1(3)
[2026-03-25T20:41:30.453+0900][12.148s][info][gc,heap     ] GC(156) Old regions: 2->2
[2026-03-25T20:41:30.453+0900][12.148s][info][gc,heap     ] GC(156) Humongous regions: 0->0
[2026-03-25T20:41:30.453+0900][12.148s][info][gc,metaspace] GC(156) Metaspace: 5969K(6144K)->5969K(6144K) NonClass: 5337K(5440K)->5337K(5440K) Class: 632K(704K)->632K(704K)
[2026-03-25T20:41:30.453+0900][12.148s][info][gc          ] GC(156) Pause Young (Normal) (G1 Evacuation Pause) 154M->10M(264M) 1.747ms
[2026-03-25T20:41:30.453+0900][12.148s][info][gc,cpu      ] GC(156) User=0.00s Sys=0.00s Real=0.00s
[2026-03-25T20:41:30.567+0900][12.263s][info][gc,start    ] GC(157) Pause Young (Normal) (G1 Evacuation Pause)
[2026-03-25T20:41:30.567+0900][12.263s][info][gc,task     ] GC(157) Using 6 workers of 9 for evacuation
[2026-03-25T20:41:30.569+0900][12.264s][info][gc,phases   ] GC(157)   Pre Evacuate Collection Set: 0.08ms
[2026-03-25T20:41:30.569+0900][12.264s][info][gc,phases   ] GC(157)   Merge Heap Roots: 0.03ms
[2026-03-25T20:41:30.569+0900][12.264s][info][gc,phases   ] GC(157)   Evacuate Collection Set: 1.07ms
[2026-03-25T20:41:30.569+0900][12.264s][info][gc,phases   ] GC(157)   Post Evacuate Collection Set: 0.13ms
[2026-03-25T20:41:30.569+0900][12.264s][info][gc,phases   ] GC(157)   Other: 0.09ms
[2026-03-25T20:41:30.569+0900][12.264s][info][gc,heap     ] GC(157) Eden regions: 18->0(18)
[2026-03-25T20:41:30.569+0900][12.264s][info][gc,heap     ] GC(157) Survivor regions: 1->1(3)
[2026-03-25T20:41:30.569+0900][12.264s][info][gc,heap     ] GC(157) Old regions: 2->2
[2026-03-25T20:41:30.569+0900][12.264s][info][gc,heap     ] GC(157) Humongous regions: 0->0
[2026-03-25T20:41:30.569+0900][12.264s][info][gc,metaspace] GC(157) Metaspace: 5969K(6144K)->5969K(6144K) NonClass: 5337K(5440K)->5337K(5440K) Class: 632K(704K)->632K(704K)
[2026-03-25T20:41:30.569+0900][12.264s][info][gc          ] GC(157) Pause Young (Normal) (G1 Evacuation Pause) 154M->10M(264M) 1.763ms
[2026-03-25T20:41:30.569+0900][12.264s][info][gc,cpu      ] GC(157) User=0.00s Sys=0.00s Real=0.00s
[2026-03-25T20:41:30.627+0900][12.322s][info][gc,start    ] GC(158) Pause Young (Normal) (G1 Evacuation Pause)
[2026-03-25T20:41:30.627+0900][12.322s][info][gc,task     ] GC(158) Using 6 workers of 9 for evacuation
[2026-03-25T20:41:30.628+0900][12.324s][info][gc,phases   ] GC(158)   Pre Evacuate Collection Set: 0.06ms
[2026-03-25T20:41:30.628+0900][12.324s][info][gc,phases   ] GC(158)   Merge Heap Roots: 0.02ms
[2026-03-25T20:41:30.628+0900][12.324s][info][gc,phases   ] GC(158)   Evacuate Collection Set: 1.00ms
[2026-03-25T20:41:30.628+0900][12.324s][info][gc,phases   ] GC(158)   Post Evacuate Collection Set: 0.11ms
[2026-03-25T20:41:30.628+0900][12.324s][info][gc,phases   ] GC(158)   Other: 0.07ms
[2026-03-25T20:41:30.628+0900][12.324s][info][gc,heap     ] GC(158) Eden regions: 18->0(18)
[2026-03-25T20:41:30.628+0900][12.324s][info][gc,heap     ] GC(158) Survivor regions: 1->1(3)
[2026-03-25T20:41:30.628+0900][12.324s][info][gc,heap     ] GC(158) Old regions: 2->2
[2026-03-25T20:41:30.628+0900][12.324s][info][gc,heap     ] GC(158) Humongous regions: 0->0
[2026-03-25T20:41:30.628+0900][12.324s][info][gc,metaspace] GC(158) Metaspace: 5969K(6144K)->5969K(6144K) NonClass: 5337K(5440K)->5337K(5440K) Class: 632K(704K)->632K(704K)
[2026-03-25T20:41:30.628+0900][12.324s][info][gc          ] GC(158) Pause Young (Normal) (G1 Evacuation Pause) 154M->10M(264M) 1.530ms
[2026-03-25T20:41:30.628+0900][12.324s][info][gc,cpu      ] GC(158) User=0.00s Sys=0.00s Real=0.00s
[2026-03-25T20:41:30.688+0900][12.383s][info][gc,start    ] GC(159) Pause Young (Normal) (G1 Evacuation Pause)
[2026-03-25T20:41:30.688+0900][12.383s][info][gc,task     ] GC(159) Using 6 workers of 9 for evacuation
[2026-03-25T20:41:30.689+0900][12.384s][info][gc,phases   ] GC(159)   Pre Evacuate Collection Set: 0.09ms
[2026-03-25T20:41:30.689+0900][12.384s][info][gc,phases   ] GC(159)   Merge Heap Roots: 0.04ms
[2026-03-25T20:41:30.689+0900][12.384s][info][gc,phases   ] GC(159)   Evacuate Collection Set: 0.78ms
[2026-03-25T20:41:30.689+0900][12.384s][info][gc,phases   ] GC(159)   Post Evacuate Collection Set: 0.12ms
[2026-03-25T20:41:30.689+0900][12.384s][info][gc,phases   ] GC(159)   Other: 0.08ms
[2026-03-25T20:41:30.689+0900][12.384s][info][gc,heap     ] GC(159) Eden regions: 18->0(18)
[2026-03-25T20:41:30.689+0900][12.384s][info][gc,heap     ] GC(159) Survivor regions: 1->1(3)
[2026-03-25T20:41:30.689+0900][12.384s][info][gc,heap     ] GC(159) Old regions: 2->2
[2026-03-25T20:41:30.689+0900][12.384s][info][gc,heap     ] GC(159) Humongous regions: 0->0
[2026-03-25T20:41:30.689+0900][12.384s][info][gc,metaspace] GC(159) Metaspace: 5969K(6144K)->5969K(6144K) NonClass: 5337K(5440K)->5337K(5440K) Class: 632K(704K)->632K(704K)
[2026-03-25T20:41:30.689+0900][12.384s][info][gc          ] GC(159) Pause Young (Normal) (G1 Evacuation Pause) 154M->10M(264M) 1.362ms
[2026-03-25T20:41:30.689+0900][12.384s][info][gc,cpu      ] GC(159) User=0.01s Sys=0.00s Real=0.00s
[2026-03-25T20:41:30.803+0900][12.498s][info][gc,start    ] GC(160) Pause Young (Normal) (G1 Evacuation Pause)
[2026-03-25T20:41:30.803+0900][12.498s][info][gc,task     ] GC(160) Using 6 workers of 9 for evacuation
[2026-03-25T20:41:30.804+0900][12.500s][info][gc,phases   ] GC(160)   Pre Evacuate Collection Set: 0.11ms
[2026-03-25T20:41:30.804+0900][12.500s][info][gc,phases   ] GC(160)   Merge Heap Roots: 0.05ms
[2026-03-25T20:41:30.804+0900][12.500s][info][gc,phases   ] GC(160)   Evacuate Collection Set: 1.14ms
[2026-03-25T20:41:30.805+0900][12.500s][info][gc,phases   ] GC(160)   Post Evacuate Collection Set: 0.13ms
[2026-03-25T20:41:30.805+0900][12.500s][info][gc,phases   ] GC(160)   Other: 0.10ms
[2026-03-25T20:41:30.805+0900][12.500s][info][gc,heap     ] GC(160) Eden regions: 18->0(18)
[2026-03-25T20:41:30.805+0900][12.500s][info][gc,heap     ] GC(160) Survivor regions: 1->1(3)
[2026-03-25T20:41:30.805+0900][12.500s][info][gc,heap     ] GC(160) Old regions: 2->2
[2026-03-25T20:41:30.805+0900][12.500s][info][gc,heap     ] GC(160) Humongous regions: 0->0
[2026-03-25T20:41:30.805+0900][12.500s][info][gc,metaspace] GC(160) Metaspace: 5973K(6144K)->5973K(6144K) NonClass: 5341K(5440K)->5341K(5440K) Class: 632K(704K)->632K(704K)
[2026-03-25T20:41:30.805+0900][12.500s][info][gc          ] GC(160) Pause Young (Normal) (G1 Evacuation Pause) 154M->10M(264M) 1.933ms
[2026-03-25T20:41:30.805+0900][12.500s][info][gc,cpu      ] GC(160) User=0.00s Sys=0.00s Real=0.00s
[2026-03-25T20:41:30.860+0900][12.555s][info][gc,start    ] GC(161) Pause Young (Normal) (G1 Evacuation Pause)
[2026-03-25T20:41:30.860+0900][12.556s][info][gc,task     ] GC(161) Using 6 workers of 9 for evacuation
[2026-03-25T20:41:30.862+0900][12.557s][info][gc,phases   ] GC(161)   Pre Evacuate Collection Set: 0.09ms
[2026-03-25T20:41:30.862+0900][12.557s][info][gc,phases   ] GC(161)   Merge Heap Roots: 0.04ms
[2026-03-25T20:41:30.862+0900][12.557s][info][gc,phases   ] GC(161)   Evacuate Collection Set: 1.04ms
[2026-03-25T20:41:30.862+0900][12.557s][info][gc,phases   ] GC(161)   Post Evacuate Collection Set: 0.15ms
[2026-03-25T20:41:30.862+0900][12.557s][info][gc,phases   ] GC(161)   Other: 0.10ms
[2026-03-25T20:41:30.862+0900][12.557s][info][gc,heap     ] GC(161) Eden regions: 18->0(18)
[2026-03-25T20:41:30.862+0900][12.557s][info][gc,heap     ] GC(161) Survivor regions: 1->1(3)
[2026-03-25T20:41:30.862+0900][12.557s][info][gc,heap     ] GC(161) Old regions: 2->2
[2026-03-25T20:41:30.862+0900][12.557s][info][gc,heap     ] GC(161) Humongous regions: 0->0
[2026-03-25T20:41:30.862+0900][12.557s][info][gc,metaspace] GC(161) Metaspace: 5973K(6144K)->5973K(6144K) NonClass: 5341K(5440K)->5341K(5440K) Class: 632K(704K)->632K(704K)
[2026-03-25T20:41:30.862+0900][12.557s][info][gc          ] GC(161) Pause Young (Normal) (G1 Evacuation Pause) 154M->10M(264M) 1.764ms
[2026-03-25T20:41:30.862+0900][12.557s][info][gc,cpu      ] GC(161) User=0.01s Sys=0.00s Real=0.00s
[2026-03-25T20:41:30.921+0900][12.616s][info][gc,start    ] GC(162) Pause Young (Normal) (G1 Evacuation Pause)
[2026-03-25T20:41:30.921+0900][12.616s][info][gc,task     ] GC(162) Using 6 workers of 9 for evacuation
[2026-03-25T20:41:30.922+0900][12.618s][info][gc,phases   ] GC(162)   Pre Evacuate Collection Set: 0.08ms
[2026-03-25T20:41:30.922+0900][12.618s][info][gc,phases   ] GC(162)   Merge Heap Roots: 0.04ms
[2026-03-25T20:41:30.922+0900][12.618s][info][gc,phases   ] GC(162)   Evacuate Collection Set: 0.81ms
[2026-03-25T20:41:30.922+0900][12.618s][info][gc,phases   ] GC(162)   Post Evacuate Collection Set: 0.12ms
[2026-03-25T20:41:30.922+0900][12.618s][info][gc,phases   ] GC(162)   Other: 0.08ms
[2026-03-25T20:41:30.922+0900][12.618s][info][gc,heap     ] GC(162) Eden regions: 18->0(18)
[2026-03-25T20:41:30.922+0900][12.618s][info][gc,heap     ] GC(162) Survivor regions: 1->1(3)
[2026-03-25T20:41:30.922+0900][12.618s][info][gc,heap     ] GC(162) Old regions: 2->2
[2026-03-25T20:41:30.922+0900][12.618s][info][gc,heap     ] GC(162) Humongous regions: 0->0
[2026-03-25T20:41:30.922+0900][12.618s][info][gc,metaspace] GC(162) Metaspace: 5973K(6144K)->5973K(6144K) NonClass: 5341K(5440K)->5341K(5440K) Class: 632K(704K)->632K(704K)
[2026-03-25T20:41:30.922+0900][12.618s][info][gc          ] GC(162) Pause Young (Normal) (G1 Evacuation Pause) 154M->10M(264M) 1.412ms
[2026-03-25T20:41:30.922+0900][12.618s][info][gc,cpu      ] GC(162) User=0.01s Sys=0.00s Real=0.00s
[2026-03-25T20:41:31.030+0900][12.725s][info][gc,start    ] GC(163) Pause Young (Normal) (G1 Evacuation Pause)
[2026-03-25T20:41:31.030+0900][12.725s][info][gc,task     ] GC(163) Using 6 workers of 9 for evacuation
[2026-03-25T20:41:31.031+0900][12.727s][info][gc,phases   ] GC(163)   Pre Evacuate Collection Set: 0.05ms
[2026-03-25T20:41:31.031+0900][12.727s][info][gc,phases   ] GC(163)   Merge Heap Roots: 0.02ms
[2026-03-25T20:41:31.031+0900][12.727s][info][gc,phases   ] GC(163)   Evacuate Collection Set: 1.11ms
[2026-03-25T20:41:31.031+0900][12.727s][info][gc,phases   ] GC(163)   Post Evacuate Collection Set: 0.11ms
[2026-03-25T20:41:31.031+0900][12.727s][info][gc,phases   ] GC(163)   Other: 0.07ms
[2026-03-25T20:41:31.031+0900][12.727s][info][gc,heap     ] GC(163) Eden regions: 18->0(18)
[2026-03-25T20:41:31.031+0900][12.727s][info][gc,heap     ] GC(163) Survivor regions: 1->1(3)
[2026-03-25T20:41:31.031+0900][12.727s][info][gc,heap     ] GC(163) Old regions: 2->2
[2026-03-25T20:41:31.031+0900][12.727s][info][gc,heap     ] GC(163) Humongous regions: 0->0
[2026-03-25T20:41:31.031+0900][12.727s][info][gc,metaspace] GC(163) Metaspace: 5973K(6144K)->5973K(6144K) NonClass: 5341K(5440K)->5341K(5440K) Class: 632K(704K)->632K(704K)
[2026-03-25T20:41:31.031+0900][12.727s][info][gc          ] GC(163) Pause Young (Normal) (G1 Evacuation Pause) 154M->10M(264M) 1.711ms
[2026-03-25T20:41:31.031+0900][12.727s][info][gc,cpu      ] GC(163) User=0.01s Sys=0.00s Real=0.00s
[2026-03-25T20:41:31.090+0900][12.785s][info][gc,start    ] GC(164) Pause Young (Normal) (G1 Evacuation Pause)
[2026-03-25T20:41:31.090+0900][12.785s][info][gc,task     ] GC(164) Using 6 workers of 9 for evacuation
[2026-03-25T20:41:31.091+0900][12.787s][info][gc,phases   ] GC(164)   Pre Evacuate Collection Set: 0.06ms
[2026-03-25T20:41:31.091+0900][12.787s][info][gc,phases   ] GC(164)   Merge Heap Roots: 0.02ms
[2026-03-25T20:41:31.091+0900][12.787s][info][gc,phases   ] GC(164)   Evacuate Collection Set: 1.13ms
[2026-03-25T20:41:31.091+0900][12.787s][info][gc,phases   ] GC(164)   Post Evacuate Collection Set: 0.13ms
[2026-03-25T20:41:31.091+0900][12.787s][info][gc,phases   ] GC(164)   Other: 0.08ms
[2026-03-25T20:41:31.091+0900][12.787s][info][gc,heap     ] GC(164) Eden regions: 18->0(18)
[2026-03-25T20:41:31.091+0900][12.787s][info][gc,heap     ] GC(164) Survivor regions: 1->1(3)
[2026-03-25T20:41:31.091+0900][12.787s][info][gc,heap     ] GC(164) Old regions: 2->2
[2026-03-25T20:41:31.091+0900][12.787s][info][gc,heap     ] GC(164) Humongous regions: 0->0
[2026-03-25T20:41:31.091+0900][12.787s][info][gc,metaspace] GC(164) Metaspace: 5973K(6144K)->5973K(6144K) NonClass: 5341K(5440K)->5341K(5440K) Class: 632K(704K)->632K(704K)
[2026-03-25T20:41:31.091+0900][12.787s][info][gc          ] GC(164) Pause Young (Normal) (G1 Evacuation Pause) 154M->10M(264M) 1.701ms
[2026-03-25T20:41:31.091+0900][12.787s][info][gc,cpu      ] GC(164) User=0.01s Sys=0.00s Real=0.00s
[2026-03-25T20:41:31.151+0900][12.846s][info][gc,start    ] GC(165) Pause Young (Normal) (G1 Evacuation Pause)
[2026-03-25T20:41:31.151+0900][12.846s][info][gc,task     ] GC(165) Using 6 workers of 9 for evacuation
[2026-03-25T20:41:31.152+0900][12.847s][info][gc,phases   ] GC(165)   Pre Evacuate Collection Set: 0.05ms
[2026-03-25T20:41:31.152+0900][12.847s][info][gc,phases   ] GC(165)   Merge Heap Roots: 0.02ms
[2026-03-25T20:41:31.152+0900][12.847s][info][gc,phases   ] GC(165)   Evacuate Collection Set: 0.73ms
[2026-03-25T20:41:31.152+0900][12.847s][info][gc,phases   ] GC(165)   Post Evacuate Collection Set: 0.11ms
[2026-03-25T20:41:31.152+0900][12.847s][info][gc,phases   ] GC(165)   Other: 0.08ms
[2026-03-25T20:41:31.152+0900][12.847s][info][gc,heap     ] GC(165) Eden regions: 18->0(18)
[2026-03-25T20:41:31.152+0900][12.847s][info][gc,heap     ] GC(165) Survivor regions: 1->1(3)
[2026-03-25T20:41:31.152+0900][12.847s][info][gc,heap     ] GC(165) Old regions: 2->2
[2026-03-25T20:41:31.152+0900][12.847s][info][gc,heap     ] GC(165) Humongous regions: 0->0
[2026-03-25T20:41:31.152+0900][12.847s][info][gc,metaspace] GC(165) Metaspace: 5973K(6144K)->5973K(6144K) NonClass: 5341K(5440K)->5341K(5440K) Class: 632K(704K)->632K(704K)
[2026-03-25T20:41:31.152+0900][12.848s][info][gc          ] GC(165) Pause Young (Normal) (G1 Evacuation Pause) 154M->10M(264M) 1.325ms
[2026-03-25T20:41:31.152+0900][12.848s][info][gc,cpu      ] GC(165) User=0.00s Sys=0.00s Real=0.00s
[2026-03-25T20:41:31.260+0900][12.955s][info][gc,start    ] GC(166) Pause Young (Normal) (G1 Evacuation Pause)
[2026-03-25T20:41:31.260+0900][12.956s][info][gc,task     ] GC(166) Using 6 workers of 9 for evacuation
[2026-03-25T20:41:31.262+0900][12.957s][info][gc,phases   ] GC(166)   Pre Evacuate Collection Set: 0.09ms
[2026-03-25T20:41:31.262+0900][12.957s][info][gc,phases   ] GC(166)   Merge Heap Roots: 0.04ms
[2026-03-25T20:41:31.262+0900][12.957s][info][gc,phases   ] GC(166)   Evacuate Collection Set: 1.15ms
[2026-03-25T20:41:31.262+0900][12.957s][info][gc,phases   ] GC(166)   Post Evacuate Collection Set: 0.14ms
[2026-03-25T20:41:31.262+0900][12.957s][info][gc,phases   ] GC(166)   Other: 0.10ms
[2026-03-25T20:41:31.262+0900][12.957s][info][gc,heap     ] GC(166) Eden regions: 18->0(18)
[2026-03-25T20:41:31.262+0900][12.957s][info][gc,heap     ] GC(166) Survivor regions: 1->1(3)
[2026-03-25T20:41:31.262+0900][12.957s][info][gc,heap     ] GC(166) Old regions: 2->2
[2026-03-25T20:41:31.262+0900][12.957s][info][gc,heap     ] GC(166) Humongous regions: 0->0
[2026-03-25T20:41:31.262+0900][12.957s][info][gc,metaspace] GC(166) Metaspace: 5973K(6144K)->5973K(6144K) NonClass: 5341K(5440K)->5341K(5440K) Class: 632K(704K)->632K(704K)
[2026-03-25T20:41:31.262+0900][12.957s][info][gc          ] GC(166) Pause Young (Normal) (G1 Evacuation Pause) 154M->10M(264M) 1.886ms
[2026-03-25T20:41:31.262+0900][12.957s][info][gc,cpu      ] GC(166) User=0.01s Sys=0.01s Real=0.00s
[2026-03-25T20:41:31.321+0900][13.017s][info][gc,start    ] GC(167) Pause Young (Normal) (G1 Evacuation Pause)
[2026-03-25T20:41:31.321+0900][13.017s][info][gc,task     ] GC(167) Using 6 workers of 9 for evacuation
[2026-03-25T20:41:31.323+0900][13.018s][info][gc,phases   ] GC(167)   Pre Evacuate Collection Set: 0.09ms
[2026-03-25T20:41:31.323+0900][13.018s][info][gc,phases   ] GC(167)   Merge Heap Roots: 0.04ms
[2026-03-25T20:41:31.323+0900][13.018s][info][gc,phases   ] GC(167)   Evacuate Collection Set: 0.97ms
[2026-03-25T20:41:31.323+0900][13.018s][info][gc,phases   ] GC(167)   Post Evacuate Collection Set: 0.12ms
[2026-03-25T20:41:31.323+0900][13.018s][info][gc,phases   ] GC(167)   Other: 0.09ms
[2026-03-25T20:41:31.323+0900][13.018s][info][gc,heap     ] GC(167) Eden regions: 18->0(18)
[2026-03-25T20:41:31.323+0900][13.018s][info][gc,heap     ] GC(167) Survivor regions: 1->1(3)
[2026-03-25T20:41:31.323+0900][13.018s][info][gc,heap     ] GC(167) Old regions: 2->2
[2026-03-25T20:41:31.323+0900][13.018s][info][gc,heap     ] GC(167) Humongous regions: 0->0
[2026-03-25T20:41:31.323+0900][13.018s][info][gc,metaspace] GC(167) Metaspace: 5973K(6144K)->5973K(6144K) NonClass: 5341K(5440K)->5341K(5440K) Class: 632K(704K)->632K(704K)
[2026-03-25T20:41:31.323+0900][13.018s][info][gc          ] GC(167) Pause Young (Normal) (G1 Evacuation Pause) 154M->10M(264M) 1.589ms
[2026-03-25T20:41:31.323+0900][13.018s][info][gc,cpu      ] GC(167) User=0.01s Sys=0.00s Real=0.00s
[2026-03-25T20:41:31.382+0900][13.077s][info][gc,start    ] GC(168) Pause Young (Normal) (G1 Evacuation Pause)
[2026-03-25T20:41:31.382+0900][13.078s][info][gc,task     ] GC(168) Using 6 workers of 9 for evacuation
[2026-03-25T20:41:31.383+0900][13.079s][info][gc,phases   ] GC(168)   Pre Evacuate Collection Set: 0.07ms
[2026-03-25T20:41:31.383+0900][13.079s][info][gc,phases   ] GC(168)   Merge Heap Roots: 0.03ms
[2026-03-25T20:41:31.383+0900][13.079s][info][gc,phases   ] GC(168)   Evacuate Collection Set: 0.77ms
[2026-03-25T20:41:31.383+0900][13.079s][info][gc,phases   ] GC(168)   Post Evacuate Collection Set: 0.20ms
[2026-03-25T20:41:31.383+0900][13.079s][info][gc,phases   ] GC(168)   Other: 0.12ms
[2026-03-25T20:41:31.383+0900][13.079s][info][gc,heap     ] GC(168) Eden regions: 18->0(18)
[2026-03-25T20:41:31.383+0900][13.079s][info][gc,heap     ] GC(168) Survivor regions: 1->1(3)
[2026-03-25T20:41:31.383+0900][13.079s][info][gc,heap     ] GC(168) Old regions: 2->2
[2026-03-25T20:41:31.383+0900][13.079s][info][gc,heap     ] GC(168) Humongous regions: 0->0
[2026-03-25T20:41:31.384+0900][13.079s][info][gc,metaspace] GC(168) Metaspace: 5973K(6144K)->5973K(6144K) NonClass: 5341K(5440K)->5341K(5440K) Class: 632K(704K)->632K(704K)
[2026-03-25T20:41:31.384+0900][13.079s][info][gc          ] GC(168) Pause Young (Normal) (G1 Evacuation Pause) 154M->10M(264M) 1.603ms
[2026-03-25T20:41:31.384+0900][13.079s][info][gc,cpu      ] GC(168) User=0.00s Sys=0.00s Real=0.00s
[2026-03-25T20:41:31.498+0900][13.193s][info][gc,start    ] GC(169) Pause Young (Normal) (G1 Evacuation Pause)
[2026-03-25T20:41:31.498+0900][13.193s][info][gc,task     ] GC(169) Using 6 workers of 9 for evacuation
[2026-03-25T20:41:31.499+0900][13.195s][info][gc,phases   ] GC(169)   Pre Evacuate Collection Set: 0.06ms
[2026-03-25T20:41:31.499+0900][13.195s][info][gc,phases   ] GC(169)   Merge Heap Roots: 0.03ms
[2026-03-25T20:41:31.499+0900][13.195s][info][gc,phases   ] GC(169)   Evacuate Collection Set: 1.12ms
[2026-03-25T20:41:31.499+0900][13.195s][info][gc,phases   ] GC(169)   Post Evacuate Collection Set: 0.14ms
[2026-03-25T20:41:31.499+0900][13.195s][info][gc,phases   ] GC(169)   Other: 0.09ms
[2026-03-25T20:41:31.499+0900][13.195s][info][gc,heap     ] GC(169) Eden regions: 18->0(18)
[2026-03-25T20:41:31.499+0900][13.195s][info][gc,heap     ] GC(169) Survivor regions: 1->1(3)
[2026-03-25T20:41:31.499+0900][13.195s][info][gc,heap     ] GC(169) Old regions: 2->2
[2026-03-25T20:41:31.500+0900][13.195s][info][gc,heap     ] GC(169) Humongous regions: 0->0
[2026-03-25T20:41:31.500+0900][13.195s][info][gc,metaspace] GC(169) Metaspace: 5973K(6144K)->5973K(6144K) NonClass: 5341K(5440K)->5341K(5440K) Class: 632K(704K)->632K(704K)
[2026-03-25T20:41:31.500+0900][13.195s][info][gc          ] GC(169) Pause Young (Normal) (G1 Evacuation Pause) 154M->10M(264M) 1.733ms
[2026-03-25T20:41:31.500+0900][13.195s][info][gc,cpu      ] GC(169) User=0.00s Sys=0.00s Real=0.01s
[2026-03-25T20:41:31.559+0900][13.254s][info][gc,start    ] GC(170) Pause Young (Normal) (G1 Evacuation Pause)
[2026-03-25T20:41:31.559+0900][13.254s][info][gc,task     ] GC(170) Using 6 workers of 9 for evacuation
[2026-03-25T20:41:31.560+0900][13.256s][info][gc,phases   ] GC(170)   Pre Evacuate Collection Set: 0.07ms
[2026-03-25T20:41:31.560+0900][13.256s][info][gc,phases   ] GC(170)   Merge Heap Roots: 0.03ms
[2026-03-25T20:41:31.560+0900][13.256s][info][gc,phases   ] GC(170)   Evacuate Collection Set: 0.95ms
[2026-03-25T20:41:31.560+0900][13.256s][info][gc,phases   ] GC(170)   Post Evacuate Collection Set: 0.14ms
[2026-03-25T20:41:31.560+0900][13.256s][info][gc,phases   ] GC(170)   Other: 0.09ms
[2026-03-25T20:41:31.560+0900][13.256s][info][gc,heap     ] GC(170) Eden regions: 18->0(18)
[2026-03-25T20:41:31.560+0900][13.256s][info][gc,heap     ] GC(170) Survivor regions: 1->1(3)
[2026-03-25T20:41:31.560+0900][13.256s][info][gc,heap     ] GC(170) Old regions: 2->2
[2026-03-25T20:41:31.560+0900][13.256s][info][gc,heap     ] GC(170) Humongous regions: 0->0
[2026-03-25T20:41:31.560+0900][13.256s][info][gc,metaspace] GC(170) Metaspace: 5973K(6144K)->5973K(6144K) NonClass: 5341K(5440K)->5341K(5440K) Class: 632K(704K)->632K(704K)
[2026-03-25T20:41:31.560+0900][13.256s][info][gc          ] GC(170) Pause Young (Normal) (G1 Evacuation Pause) 154M->10M(264M) 1.583ms
[2026-03-25T20:41:31.560+0900][13.256s][info][gc,cpu      ] GC(170) User=0.00s Sys=0.00s Real=0.01s
[2026-03-25T20:41:31.619+0900][13.315s][info][gc,start    ] GC(171) Pause Young (Normal) (G1 Evacuation Pause)
[2026-03-25T20:41:31.620+0900][13.315s][info][gc,task     ] GC(171) Using 6 workers of 9 for evacuation
[2026-03-25T20:41:31.621+0900][13.316s][info][gc,phases   ] GC(171)   Pre Evacuate Collection Set: 0.08ms
[2026-03-25T20:41:31.621+0900][13.316s][info][gc,phases   ] GC(171)   Merge Heap Roots: 0.04ms
[2026-03-25T20:41:31.621+0900][13.317s][info][gc,phases   ] GC(171)   Evacuate Collection Set: 1.01ms
[2026-03-25T20:41:31.621+0900][13.317s][info][gc,phases   ] GC(171)   Post Evacuate Collection Set: 0.15ms
[2026-03-25T20:41:31.621+0900][13.317s][info][gc,phases   ] GC(171)   Other: 0.09ms
[2026-03-25T20:41:31.621+0900][13.317s][info][gc,heap     ] GC(171) Eden regions: 18->0(18)
[2026-03-25T20:41:31.621+0900][13.317s][info][gc,heap     ] GC(171) Survivor regions: 1->1(3)
[2026-03-25T20:41:31.621+0900][13.317s][info][gc,heap     ] GC(171) Old regions: 2->2
[2026-03-25T20:41:31.621+0900][13.317s][info][gc,heap     ] GC(171) Humongous regions: 0->0
[2026-03-25T20:41:31.621+0900][13.317s][info][gc,metaspace] GC(171) Metaspace: 5973K(6144K)->5973K(6144K) NonClass: 5341K(5440K)->5341K(5440K) Class: 632K(704K)->632K(704K)
[2026-03-25T20:41:31.621+0900][13.317s][info][gc          ] GC(171) Pause Young (Normal) (G1 Evacuation Pause) 154M->10M(264M) 1.692ms
[2026-03-25T20:41:31.621+0900][13.317s][info][gc,cpu      ] GC(171) User=0.00s Sys=0.00s Real=0.01s
[2026-03-25T20:41:31.736+0900][13.431s][info][gc,start    ] GC(172) Pause Young (Normal) (G1 Evacuation Pause)
[2026-03-25T20:41:31.736+0900][13.431s][info][gc,task     ] GC(172) Using 6 workers of 9 for evacuation
[2026-03-25T20:41:31.737+0900][13.433s][info][gc,phases   ] GC(172)   Pre Evacuate Collection Set: 0.11ms
[2026-03-25T20:41:31.737+0900][13.433s][info][gc,phases   ] GC(172)   Merge Heap Roots: 0.04ms
[2026-03-25T20:41:31.737+0900][13.433s][info][gc,phases   ] GC(172)   Evacuate Collection Set: 1.04ms
[2026-03-25T20:41:31.737+0900][13.433s][info][gc,phases   ] GC(172)   Post Evacuate Collection Set: 0.15ms
[2026-03-25T20:41:31.737+0900][13.433s][info][gc,phases   ] GC(172)   Other: 0.10ms
[2026-03-25T20:41:31.737+0900][13.433s][info][gc,heap     ] GC(172) Eden regions: 18->0(18)
[2026-03-25T20:41:31.738+0900][13.433s][info][gc,heap     ] GC(172) Survivor regions: 1->1(3)
[2026-03-25T20:41:31.738+0900][13.433s][info][gc,heap     ] GC(172) Old regions: 2->2
[2026-03-25T20:41:31.738+0900][13.433s][info][gc,heap     ] GC(172) Humongous regions: 0->0
[2026-03-25T20:41:31.738+0900][13.433s][info][gc,metaspace] GC(172) Metaspace: 5996K(6208K)->5996K(6208K) NonClass: 5363K(5504K)->5363K(5504K) Class: 632K(704K)->632K(704K)
[2026-03-25T20:41:31.738+0900][13.433s][info][gc          ] GC(172) Pause Young (Normal) (G1 Evacuation Pause) 154M->10M(264M) 1.808ms
[2026-03-25T20:41:31.738+0900][13.433s][info][gc,cpu      ] GC(172) User=0.00s Sys=0.00s Real=0.00s
[2026-03-25T20:41:31.797+0900][13.493s][info][gc,start    ] GC(173) Pause Young (Normal) (G1 Evacuation Pause)
[2026-03-25T20:41:31.797+0900][13.493s][info][gc,task     ] GC(173) Using 6 workers of 9 for evacuation
[2026-03-25T20:41:31.798+0900][13.494s][info][gc,phases   ] GC(173)   Pre Evacuate Collection Set: 0.06ms
[2026-03-25T20:41:31.798+0900][13.494s][info][gc,phases   ] GC(173)   Merge Heap Roots: 0.02ms
[2026-03-25T20:41:31.798+0900][13.494s][info][gc,phases   ] GC(173)   Evacuate Collection Set: 0.76ms
[2026-03-25T20:41:31.798+0900][13.494s][info][gc,phases   ] GC(173)   Post Evacuate Collection Set: 0.12ms
[2026-03-25T20:41:31.798+0900][13.494s][info][gc,phases   ] GC(173)   Other: 0.07ms
[2026-03-25T20:41:31.798+0900][13.494s][info][gc,heap     ] GC(173) Eden regions: 18->0(18)
[2026-03-25T20:41:31.798+0900][13.494s][info][gc,heap     ] GC(173) Survivor regions: 1->1(3)
[2026-03-25T20:41:31.798+0900][13.494s][info][gc,heap     ] GC(173) Old regions: 2->2
[2026-03-25T20:41:31.798+0900][13.494s][info][gc,heap     ] GC(173) Humongous regions: 0->0
[2026-03-25T20:41:31.798+0900][13.494s][info][gc,metaspace] GC(173) Metaspace: 5996K(6208K)->5996K(6208K) NonClass: 5363K(5504K)->5363K(5504K) Class: 632K(704K)->632K(704K)
[2026-03-25T20:41:31.798+0900][13.494s][info][gc          ] GC(173) Pause Young (Normal) (G1 Evacuation Pause) 154M->10M(264M) 1.288ms
[2026-03-25T20:41:31.798+0900][13.494s][info][gc,cpu      ] GC(173) User=0.00s Sys=0.00s Real=0.00s
[2026-03-25T20:41:31.858+0900][13.553s][info][gc,start    ] GC(174) Pause Young (Normal) (G1 Evacuation Pause)
[2026-03-25T20:41:31.858+0900][13.553s][info][gc,task     ] GC(174) Using 6 workers of 9 for evacuation
[2026-03-25T20:41:31.859+0900][13.555s][info][gc,phases   ] GC(174)   Pre Evacuate Collection Set: 0.08ms
[2026-03-25T20:41:31.859+0900][13.555s][info][gc,phases   ] GC(174)   Merge Heap Roots: 0.03ms
[2026-03-25T20:41:31.859+0900][13.555s][info][gc,phases   ] GC(174)   Evacuate Collection Set: 1.02ms
[2026-03-25T20:41:31.859+0900][13.555s][info][gc,phases   ] GC(174)   Post Evacuate Collection Set: 0.16ms
[2026-03-25T20:41:31.859+0900][13.555s][info][gc,phases   ] GC(174)   Other: 0.10ms
[2026-03-25T20:41:31.859+0900][13.555s][info][gc,heap     ] GC(174) Eden regions: 18->0(18)
[2026-03-25T20:41:31.859+0900][13.555s][info][gc,heap     ] GC(174) Survivor regions: 1->1(3)
[2026-03-25T20:41:31.859+0900][13.555s][info][gc,heap     ] GC(174) Old regions: 2->2
[2026-03-25T20:41:31.859+0900][13.555s][info][gc,heap     ] GC(174) Humongous regions: 0->0
[2026-03-25T20:41:31.859+0900][13.555s][info][gc,metaspace] GC(174) Metaspace: 5996K(6208K)->5996K(6208K) NonClass: 5363K(5504K)->5363K(5504K) Class: 632K(704K)->632K(704K)
[2026-03-25T20:41:31.859+0900][13.555s][info][gc          ] GC(174) Pause Young (Normal) (G1 Evacuation Pause) 154M->10M(264M) 1.687ms
[2026-03-25T20:41:31.859+0900][13.555s][info][gc,cpu      ] GC(174) User=0.01s Sys=0.00s Real=0.00s
[2026-03-25T20:41:31.974+0900][13.669s][info][gc,start    ] GC(175) Pause Young (Normal) (G1 Evacuation Pause)
[2026-03-25T20:41:31.974+0900][13.669s][info][gc,task     ] GC(175) Using 6 workers of 9 for evacuation
[2026-03-25T20:41:31.975+0900][13.671s][info][gc,phases   ] GC(175)   Pre Evacuate Collection Set: 0.11ms
[2026-03-25T20:41:31.975+0900][13.671s][info][gc,phases   ] GC(175)   Merge Heap Roots: 0.06ms
[2026-03-25T20:41:31.975+0900][13.671s][info][gc,phases   ] GC(175)   Evacuate Collection Set: 0.87ms
[2026-03-25T20:41:31.975+0900][13.671s][info][gc,phases   ] GC(175)   Post Evacuate Collection Set: 0.12ms
[2026-03-25T20:41:31.975+0900][13.671s][info][gc,phases   ] GC(175)   Other: 0.10ms
[2026-03-25T20:41:31.975+0900][13.671s][info][gc,heap     ] GC(175) Eden regions: 18->0(18)
[2026-03-25T20:41:31.975+0900][13.671s][info][gc,heap     ] GC(175) Survivor regions: 1->1(3)
[2026-03-25T20:41:31.975+0900][13.671s][info][gc,heap     ] GC(175) Old regions: 2->2
[2026-03-25T20:41:31.975+0900][13.671s][info][gc,heap     ] GC(175) Humongous regions: 0->0
[2026-03-25T20:41:31.975+0900][13.671s][info][gc,metaspace] GC(175) Metaspace: 5996K(6208K)->5996K(6208K) NonClass: 5363K(5504K)->5363K(5504K) Class: 632K(704K)->632K(704K)
[2026-03-25T20:41:31.975+0900][13.671s][info][gc          ] GC(175) Pause Young (Normal) (G1 Evacuation Pause) 154M->10M(264M) 1.545ms
[2026-03-25T20:41:31.975+0900][13.671s][info][gc,cpu      ] GC(175) User=0.01s Sys=0.00s Real=0.00s
[2026-03-25T20:41:32.034+0900][13.730s][info][gc,start    ] GC(176) Pause Young (Normal) (G1 Evacuation Pause)
[2026-03-25T20:41:32.034+0900][13.730s][info][gc,task     ] GC(176) Using 6 workers of 9 for evacuation
[2026-03-25T20:41:32.036+0900][13.731s][info][gc,phases   ] GC(176)   Pre Evacuate Collection Set: 0.09ms
[2026-03-25T20:41:32.036+0900][13.731s][info][gc,phases   ] GC(176)   Merge Heap Roots: 0.03ms
[2026-03-25T20:41:32.036+0900][13.731s][info][gc,phases   ] GC(176)   Evacuate Collection Set: 1.07ms
[2026-03-25T20:41:32.036+0900][13.731s][info][gc,phases   ] GC(176)   Post Evacuate Collection Set: 0.14ms
[2026-03-25T20:41:32.036+0900][13.731s][info][gc,phases   ] GC(176)   Other: 0.10ms
[2026-03-25T20:41:32.036+0900][13.731s][info][gc,heap     ] GC(176) Eden regions: 18->0(18)
[2026-03-25T20:41:32.036+0900][13.731s][info][gc,heap     ] GC(176) Survivor regions: 1->1(3)
[2026-03-25T20:41:32.036+0900][13.731s][info][gc,heap     ] GC(176) Old regions: 2->2
[2026-03-25T20:41:32.036+0900][13.731s][info][gc,heap     ] GC(176) Humongous regions: 0->0
[2026-03-25T20:41:32.036+0900][13.731s][info][gc,metaspace] GC(176) Metaspace: 5996K(6208K)->5996K(6208K) NonClass: 5363K(5504K)->5363K(5504K) Class: 632K(704K)->632K(704K)
[2026-03-25T20:41:32.036+0900][13.731s][info][gc          ] GC(176) Pause Young (Normal) (G1 Evacuation Pause) 154M->10M(264M) 1.766ms
[2026-03-25T20:41:32.036+0900][13.731s][info][gc,cpu      ] GC(176) User=0.01s Sys=0.00s Real=0.00s
[2026-03-25T20:41:32.094+0900][13.789s][info][gc,start    ] GC(177) Pause Young (Normal) (G1 Evacuation Pause)
[2026-03-25T20:41:32.094+0900][13.789s][info][gc,task     ] GC(177) Using 6 workers of 9 for evacuation
[2026-03-25T20:41:32.095+0900][13.790s][info][gc,phases   ] GC(177)   Pre Evacuate Collection Set: 0.07ms
[2026-03-25T20:41:32.095+0900][13.790s][info][gc,phases   ] GC(177)   Merge Heap Roots: 0.03ms
[2026-03-25T20:41:32.095+0900][13.790s][info][gc,phases   ] GC(177)   Evacuate Collection Set: 0.74ms
[2026-03-25T20:41:32.095+0900][13.790s][info][gc,phases   ] GC(177)   Post Evacuate Collection Set: 0.14ms
[2026-03-25T20:41:32.095+0900][13.791s][info][gc,phases   ] GC(177)   Other: 0.09ms
[2026-03-25T20:41:32.095+0900][13.791s][info][gc,heap     ] GC(177) Eden regions: 18->0(18)
[2026-03-25T20:41:32.095+0900][13.791s][info][gc,heap     ] GC(177) Survivor regions: 1->1(3)
[2026-03-25T20:41:32.095+0900][13.791s][info][gc,heap     ] GC(177) Old regions: 2->2
[2026-03-25T20:41:32.095+0900][13.791s][info][gc,heap     ] GC(177) Humongous regions: 0->0
[2026-03-25T20:41:32.095+0900][13.791s][info][gc,metaspace] GC(177) Metaspace: 5996K(6208K)->5996K(6208K) NonClass: 5363K(5504K)->5363K(5504K) Class: 632K(704K)->632K(704K)
[2026-03-25T20:41:32.095+0900][13.791s][info][gc          ] GC(177) Pause Young (Normal) (G1 Evacuation Pause) 154M->10M(264M) 1.414ms
[2026-03-25T20:41:32.095+0900][13.791s][info][gc,cpu      ] GC(177) User=0.01s Sys=0.00s Real=0.00s
[2026-03-25T20:41:32.206+0900][13.901s][info][gc,start    ] GC(178) Pause Young (Normal) (G1 Evacuation Pause)
[2026-03-25T20:41:32.206+0900][13.902s][info][gc,task     ] GC(178) Using 6 workers of 9 for evacuation
[2026-03-25T20:41:32.207+0900][13.903s][info][gc,phases   ] GC(178)   Pre Evacuate Collection Set: 0.06ms
[2026-03-25T20:41:32.207+0900][13.903s][info][gc,phases   ] GC(178)   Merge Heap Roots: 0.02ms
[2026-03-25T20:41:32.207+0900][13.903s][info][gc,phases   ] GC(178)   Evacuate Collection Set: 0.72ms
[2026-03-25T20:41:32.207+0900][13.903s][info][gc,phases   ] GC(178)   Post Evacuate Collection Set: 0.12ms
[2026-03-25T20:41:32.207+0900][13.903s][info][gc,phases   ] GC(178)   Other: 0.07ms
[2026-03-25T20:41:32.207+0900][13.903s][info][gc,heap     ] GC(178) Eden regions: 18->0(18)
[2026-03-25T20:41:32.207+0900][13.903s][info][gc,heap     ] GC(178) Survivor regions: 1->1(3)
[2026-03-25T20:41:32.207+0900][13.903s][info][gc,heap     ] GC(178) Old regions: 2->2
[2026-03-25T20:41:32.207+0900][13.903s][info][gc,heap     ] GC(178) Humongous regions: 0->0
[2026-03-25T20:41:32.207+0900][13.903s][info][gc,metaspace] GC(178) Metaspace: 5996K(6208K)->5996K(6208K) NonClass: 5363K(5504K)->5363K(5504K) Class: 632K(704K)->632K(704K)
[2026-03-25T20:41:32.207+0900][13.903s][info][gc          ] GC(178) Pause Young (Normal) (G1 Evacuation Pause) 154M->10M(264M) 1.279ms
[2026-03-25T20:41:32.207+0900][13.903s][info][gc,cpu      ] GC(178) User=0.00s Sys=0.01s Real=0.00s
[2026-03-25T20:41:32.266+0900][13.962s][info][gc,start    ] GC(179) Pause Young (Normal) (G1 Evacuation Pause)
[2026-03-25T20:41:32.267+0900][13.962s][info][gc,task     ] GC(179) Using 6 workers of 9 for evacuation
[2026-03-25T20:41:32.268+0900][13.963s][info][gc,phases   ] GC(179)   Pre Evacuate Collection Set: 0.07ms
[2026-03-25T20:41:32.268+0900][13.963s][info][gc,phases   ] GC(179)   Merge Heap Roots: 0.03ms
[2026-03-25T20:41:32.268+0900][13.963s][info][gc,phases   ] GC(179)   Evacuate Collection Set: 0.93ms
[2026-03-25T20:41:32.268+0900][13.963s][info][gc,phases   ] GC(179)   Post Evacuate Collection Set: 0.14ms
[2026-03-25T20:41:32.268+0900][13.963s][info][gc,phases   ] GC(179)   Other: 0.08ms
[2026-03-25T20:41:32.268+0900][13.963s][info][gc,heap     ] GC(179) Eden regions: 18->0(18)
[2026-03-25T20:41:32.268+0900][13.963s][info][gc,heap     ] GC(179) Survivor regions: 1->1(3)
[2026-03-25T20:41:32.268+0900][13.963s][info][gc,heap     ] GC(179) Old regions: 2->2
[2026-03-25T20:41:32.268+0900][13.964s][info][gc,heap     ] GC(179) Humongous regions: 0->0
[2026-03-25T20:41:32.268+0900][13.964s][info][gc,metaspace] GC(179) Metaspace: 5996K(6208K)->5996K(6208K) NonClass: 5363K(5504K)->5363K(5504K) Class: 632K(704K)->632K(704K)
[2026-03-25T20:41:32.268+0900][13.964s][info][gc          ] GC(179) Pause Young (Normal) (G1 Evacuation Pause) 154M->10M(264M) 1.591ms
[2026-03-25T20:41:32.268+0900][13.964s][info][gc,cpu      ] GC(179) User=0.00s Sys=0.00s Real=0.00s
[2026-03-25T20:41:32.379+0900][14.075s][info][gc,start    ] GC(180) Pause Young (Normal) (G1 Evacuation Pause)
[2026-03-25T20:41:32.379+0900][14.075s][info][gc,task     ] GC(180) Using 6 workers of 9 for evacuation
[2026-03-25T20:41:32.381+0900][14.076s][info][gc,phases   ] GC(180)   Pre Evacuate Collection Set: 0.08ms
[2026-03-25T20:41:32.381+0900][14.076s][info][gc,phases   ] GC(180)   Merge Heap Roots: 0.03ms
[2026-03-25T20:41:32.381+0900][14.076s][info][gc,phases   ] GC(180)   Evacuate Collection Set: 1.20ms
[2026-03-25T20:41:32.381+0900][14.077s][info][gc,phases   ] GC(180)   Post Evacuate Collection Set: 0.21ms
[2026-03-25T20:41:32.381+0900][14.077s][info][gc,phases   ] GC(180)   Other: 0.09ms
[2026-03-25T20:41:32.381+0900][14.077s][info][gc,heap     ] GC(180) Eden regions: 18->0(18)
[2026-03-25T20:41:32.381+0900][14.077s][info][gc,heap     ] GC(180) Survivor regions: 1->1(3)
[2026-03-25T20:41:32.381+0900][14.077s][info][gc,heap     ] GC(180) Old regions: 2->2
[2026-03-25T20:41:32.381+0900][14.077s][info][gc,heap     ] GC(180) Humongous regions: 0->0
[2026-03-25T20:41:32.381+0900][14.077s][info][gc,metaspace] GC(180) Metaspace: 5996K(6208K)->5996K(6208K) NonClass: 5363K(5504K)->5363K(5504K) Class: 632K(704K)->632K(704K)
[2026-03-25T20:41:32.381+0900][14.077s][info][gc          ] GC(180) Pause Young (Normal) (G1 Evacuation Pause) 154M->10M(264M) 2.009ms
[2026-03-25T20:41:32.381+0900][14.077s][info][gc,cpu      ] GC(180) User=0.00s Sys=0.00s Real=0.01s
[2026-03-25T20:41:32.440+0900][14.136s][info][gc,start    ] GC(181) Pause Young (Normal) (G1 Evacuation Pause)
[2026-03-25T20:41:32.440+0900][14.136s][info][gc,task     ] GC(181) Using 6 workers of 9 for evacuation
[2026-03-25T20:41:32.441+0900][14.137s][info][gc,phases   ] GC(181)   Pre Evacuate Collection Set: 0.07ms
[2026-03-25T20:41:32.441+0900][14.137s][info][gc,phases   ] GC(181)   Merge Heap Roots: 0.02ms
[2026-03-25T20:41:32.441+0900][14.137s][info][gc,phases   ] GC(181)   Evacuate Collection Set: 0.74ms
[2026-03-25T20:41:32.441+0900][14.137s][info][gc,phases   ] GC(181)   Post Evacuate Collection Set: 0.11ms
[2026-03-25T20:41:32.441+0900][14.137s][info][gc,phases   ] GC(181)   Other: 0.05ms
[2026-03-25T20:41:32.441+0900][14.137s][info][gc,heap     ] GC(181) Eden regions: 18->0(18)
[2026-03-25T20:41:32.441+0900][14.137s][info][gc,heap     ] GC(181) Survivor regions: 1->1(3)
[2026-03-25T20:41:32.441+0900][14.137s][info][gc,heap     ] GC(181) Old regions: 2->2
[2026-03-25T20:41:32.441+0900][14.137s][info][gc,heap     ] GC(181) Humongous regions: 0->0
[2026-03-25T20:41:32.441+0900][14.137s][info][gc,metaspace] GC(181) Metaspace: 5996K(6208K)->5996K(6208K) NonClass: 5363K(5504K)->5363K(5504K) Class: 632K(704K)->632K(704K)
[2026-03-25T20:41:32.442+0900][14.137s][info][gc          ] GC(181) Pause Young (Normal) (G1 Evacuation Pause) 154M->10M(264M) 1.226ms
[2026-03-25T20:41:32.442+0900][14.137s][info][gc,cpu      ] GC(181) User=0.00s Sys=0.00s Real=0.00s
[2026-03-25T20:41:32.519+0900][14.214s][info][gc,start    ] GC(182) Pause Young (Normal) (G1 Evacuation Pause)
[2026-03-25T20:41:32.520+0900][14.215s][info][gc,task     ] GC(182) Using 6 workers of 9 for evacuation
[2026-03-25T20:41:32.521+0900][14.216s][info][gc,phases   ] GC(182)   Pre Evacuate Collection Set: 0.05ms
[2026-03-25T20:41:32.521+0900][14.216s][info][gc,phases   ] GC(182)   Merge Heap Roots: 0.02ms
[2026-03-25T20:41:32.521+0900][14.216s][info][gc,phases   ] GC(182)   Evacuate Collection Set: 0.70ms
[2026-03-25T20:41:32.521+0900][14.216s][info][gc,phases   ] GC(182)   Post Evacuate Collection Set: 0.13ms
[2026-03-25T20:41:32.521+0900][14.216s][info][gc,phases   ] GC(182)   Other: 0.54ms
[2026-03-25T20:41:32.521+0900][14.216s][info][gc,heap     ] GC(182) Eden regions: 18->0(18)
[2026-03-25T20:41:32.521+0900][14.216s][info][gc,heap     ] GC(182) Survivor regions: 1->1(3)
[2026-03-25T20:41:32.521+0900][14.216s][info][gc,heap     ] GC(182) Old regions: 2->2
[2026-03-25T20:41:32.521+0900][14.216s][info][gc,heap     ] GC(182) Humongous regions: 0->0
[2026-03-25T20:41:32.521+0900][14.216s][info][gc,metaspace] GC(182) Metaspace: 5996K(6208K)->5996K(6208K) NonClass: 5363K(5504K)->5363K(5504K) Class: 632K(704K)->632K(704K)
[2026-03-25T20:41:32.521+0900][14.216s][info][gc          ] GC(182) Pause Young (Normal) (G1 Evacuation Pause) 154M->10M(264M) 1.813ms
[2026-03-25T20:41:32.521+0900][14.216s][info][gc,cpu      ] GC(182) User=0.00s Sys=0.00s Real=0.01s
[2026-03-25T20:41:32.634+0900][14.330s][info][gc,start    ] GC(183) Pause Young (Normal) (G1 Evacuation Pause)
[2026-03-25T20:41:32.634+0900][14.330s][info][gc,task     ] GC(183) Using 6 workers of 9 for evacuation
[2026-03-25T20:41:32.636+0900][14.331s][info][gc,phases   ] GC(183)   Pre Evacuate Collection Set: 0.11ms
[2026-03-25T20:41:32.636+0900][14.331s][info][gc,phases   ] GC(183)   Merge Heap Roots: 0.04ms
[2026-03-25T20:41:32.636+0900][14.331s][info][gc,phases   ] GC(183)   Evacuate Collection Set: 1.16ms
[2026-03-25T20:41:32.636+0900][14.331s][info][gc,phases   ] GC(183)   Post Evacuate Collection Set: 0.15ms
[2026-03-25T20:41:32.636+0900][14.331s][info][gc,phases   ] GC(183)   Other: 0.10ms
[2026-03-25T20:41:32.636+0900][14.331s][info][gc,heap     ] GC(183) Eden regions: 18->0(18)
[2026-03-25T20:41:32.636+0900][14.331s][info][gc,heap     ] GC(183) Survivor regions: 1->1(3)
[2026-03-25T20:41:32.636+0900][14.331s][info][gc,heap     ] GC(183) Old regions: 2->2
[2026-03-25T20:41:32.636+0900][14.331s][info][gc,heap     ] GC(183) Humongous regions: 0->0
[2026-03-25T20:41:32.636+0900][14.331s][info][gc,metaspace] GC(183) Metaspace: 5996K(6208K)->5996K(6208K) NonClass: 5363K(5504K)->5363K(5504K) Class: 632K(704K)->632K(704K)
[2026-03-25T20:41:32.636+0900][14.331s][info][gc          ] GC(183) Pause Young (Normal) (G1 Evacuation Pause) 154M->10M(264M) 1.920ms
[2026-03-25T20:41:32.636+0900][14.332s][info][gc,cpu      ] GC(183) User=0.01s Sys=0.00s Real=0.00s
[2026-03-25T20:41:32.690+0900][14.385s][info][gc,start    ] GC(184) Pause Young (Normal) (G1 Evacuation Pause)
[2026-03-25T20:41:32.690+0900][14.385s][info][gc,task     ] GC(184) Using 6 workers of 9 for evacuation
[2026-03-25T20:41:32.690+0900][14.386s][info][gc,phases   ] GC(184)   Pre Evacuate Collection Set: 0.05ms
[2026-03-25T20:41:32.690+0900][14.386s][info][gc,phases   ] GC(184)   Merge Heap Roots: 0.02ms
[2026-03-25T20:41:32.690+0900][14.386s][info][gc,phases   ] GC(184)   Evacuate Collection Set: 0.43ms
[2026-03-25T20:41:32.690+0900][14.386s][info][gc,phases   ] GC(184)   Post Evacuate Collection Set: 0.12ms
[2026-03-25T20:41:32.690+0900][14.386s][info][gc,phases   ] GC(184)   Other: 0.07ms
[2026-03-25T20:41:32.690+0900][14.386s][info][gc,heap     ] GC(184) Eden regions: 18->0(18)
[2026-03-25T20:41:32.690+0900][14.386s][info][gc,heap     ] GC(184) Survivor regions: 1->1(3)
[2026-03-25T20:41:32.691+0900][14.386s][info][gc,heap     ] GC(184) Old regions: 2->2
[2026-03-25T20:41:32.691+0900][14.386s][info][gc,heap     ] GC(184) Humongous regions: 0->0
[2026-03-25T20:41:32.691+0900][14.386s][info][gc,metaspace] GC(184) Metaspace: 5996K(6208K)->5996K(6208K) NonClass: 5363K(5504K)->5363K(5504K) Class: 632K(704K)->632K(704K)
[2026-03-25T20:41:32.691+0900][14.386s][info][gc          ] GC(184) Pause Young (Normal) (G1 Evacuation Pause) 154M->10M(264M) 1.032ms
[2026-03-25T20:41:32.691+0900][14.386s][info][gc,cpu      ] GC(184) User=0.00s Sys=0.00s Real=0.00s
[2026-03-25T20:41:32.748+0900][14.444s][info][gc,start    ] GC(185) Pause Young (Normal) (G1 Evacuation Pause)
[2026-03-25T20:41:32.748+0900][14.444s][info][gc,task     ] GC(185) Using 6 workers of 9 for evacuation
[2026-03-25T20:41:32.750+0900][14.445s][info][gc,phases   ] GC(185)   Pre Evacuate Collection Set: 0.07ms
[2026-03-25T20:41:32.750+0900][14.445s][info][gc,phases   ] GC(185)   Merge Heap Roots: 0.05ms
[2026-03-25T20:41:32.750+0900][14.445s][info][gc,phases   ] GC(185)   Evacuate Collection Set: 0.76ms
[2026-03-25T20:41:32.750+0900][14.445s][info][gc,phases   ] GC(185)   Post Evacuate Collection Set: 0.20ms
[2026-03-25T20:41:32.750+0900][14.445s][info][gc,phases   ] GC(185)   Other: 0.10ms
[2026-03-25T20:41:32.750+0900][14.445s][info][gc,heap     ] GC(185) Eden regions: 18->0(18)
[2026-03-25T20:41:32.750+0900][14.445s][info][gc,heap     ] GC(185) Survivor regions: 1->1(3)
[2026-03-25T20:41:32.750+0900][14.445s][info][gc,heap     ] GC(185) Old regions: 2->2
[2026-03-25T20:41:32.750+0900][14.445s][info][gc,heap     ] GC(185) Humongous regions: 0->0
[2026-03-25T20:41:32.750+0900][14.445s][info][gc,metaspace] GC(185) Metaspace: 6009K(6208K)->6009K(6208K) NonClass: 5376K(5504K)->5376K(5504K) Class: 632K(704K)->632K(704K)
[2026-03-25T20:41:32.750+0900][14.445s][info][gc          ] GC(185) Pause Young (Normal) (G1 Evacuation Pause) 154M->10M(264M) 1.641ms
[2026-03-25T20:41:32.750+0900][14.445s][info][gc,cpu      ] GC(185) User=0.01s Sys=0.00s Real=0.01s
[2026-03-25T20:41:32.862+0900][14.557s][info][gc,start    ] GC(186) Pause Young (Normal) (G1 Evacuation Pause)
[2026-03-25T20:41:32.862+0900][14.558s][info][gc,task     ] GC(186) Using 6 workers of 9 for evacuation
[2026-03-25T20:41:32.863+0900][14.559s][info][gc,phases   ] GC(186)   Pre Evacuate Collection Set: 0.05ms
[2026-03-25T20:41:32.864+0900][14.559s][info][gc,phases   ] GC(186)   Merge Heap Roots: 0.03ms
[2026-03-25T20:41:32.864+0900][14.559s][info][gc,phases   ] GC(186)   Evacuate Collection Set: 1.08ms
[2026-03-25T20:41:32.864+0900][14.559s][info][gc,phases   ] GC(186)   Post Evacuate Collection Set: 0.13ms
[2026-03-25T20:41:32.864+0900][14.559s][info][gc,phases   ] GC(186)   Other: 0.07ms
[2026-03-25T20:41:32.864+0900][14.559s][info][gc,heap     ] GC(186) Eden regions: 18->0(18)
[2026-03-25T20:41:32.864+0900][14.559s][info][gc,heap     ] GC(186) Survivor regions: 1->1(3)
[2026-03-25T20:41:32.864+0900][14.559s][info][gc,heap     ] GC(186) Old regions: 2->2
[2026-03-25T20:41:32.864+0900][14.559s][info][gc,heap     ] GC(186) Humongous regions: 0->0
[2026-03-25T20:41:32.864+0900][14.559s][info][gc,metaspace] GC(186) Metaspace: 6009K(6208K)->6009K(6208K) NonClass: 5376K(5504K)->5376K(5504K) Class: 632K(704K)->632K(704K)
[2026-03-25T20:41:32.864+0900][14.559s][info][gc          ] GC(186) Pause Young (Normal) (G1 Evacuation Pause) 154M->10M(264M) 1.679ms
[2026-03-25T20:41:32.864+0900][14.559s][info][gc,cpu      ] GC(186) User=0.01s Sys=0.00s Real=0.00s
[2026-03-25T20:41:32.919+0900][14.615s][info][gc,start    ] GC(187) Pause Young (Normal) (G1 Evacuation Pause)
[2026-03-25T20:41:32.919+0900][14.615s][info][gc,task     ] GC(187) Using 6 workers of 9 for evacuation
[2026-03-25T20:41:32.921+0900][14.616s][info][gc,phases   ] GC(187)   Pre Evacuate Collection Set: 0.08ms
[2026-03-25T20:41:32.921+0900][14.616s][info][gc,phases   ] GC(187)   Merge Heap Roots: 0.03ms
[2026-03-25T20:41:32.921+0900][14.616s][info][gc,phases   ] GC(187)   Evacuate Collection Set: 1.08ms
[2026-03-25T20:41:32.921+0900][14.616s][info][gc,phases   ] GC(187)   Post Evacuate Collection Set: 0.15ms
[2026-03-25T20:41:32.921+0900][14.616s][info][gc,phases   ] GC(187)   Other: 0.10ms
[2026-03-25T20:41:32.921+0900][14.616s][info][gc,heap     ] GC(187) Eden regions: 18->0(18)
[2026-03-25T20:41:32.921+0900][14.616s][info][gc,heap     ] GC(187) Survivor regions: 1->1(3)
[2026-03-25T20:41:32.921+0900][14.616s][info][gc,heap     ] GC(187) Old regions: 2->2
[2026-03-25T20:41:32.921+0900][14.616s][info][gc,heap     ] GC(187) Humongous regions: 0->0
[2026-03-25T20:41:32.921+0900][14.616s][info][gc,metaspace] GC(187) Metaspace: 6009K(6208K)->6009K(6208K) NonClass: 5376K(5504K)->5376K(5504K) Class: 632K(704K)->632K(704K)
[2026-03-25T20:41:32.921+0900][14.616s][info][gc          ] GC(187) Pause Young (Normal) (G1 Evacuation Pause) 154M->10M(264M) 1.789ms
[2026-03-25T20:41:32.921+0900][14.616s][info][gc,cpu      ] GC(187) User=0.01s Sys=0.00s Real=0.01s
[2026-03-25T20:41:32.975+0900][14.671s][info][gc,start    ] GC(188) Pause Young (Normal) (G1 Evacuation Pause)
[2026-03-25T20:41:32.976+0900][14.671s][info][gc,task     ] GC(188) Using 6 workers of 9 for evacuation
[2026-03-25T20:41:32.977+0900][14.672s][info][gc,phases   ] GC(188)   Pre Evacuate Collection Set: 0.06ms
[2026-03-25T20:41:32.977+0900][14.672s][info][gc,phases   ] GC(188)   Merge Heap Roots: 0.03ms
[2026-03-25T20:41:32.977+0900][14.672s][info][gc,phases   ] GC(188)   Evacuate Collection Set: 0.70ms
[2026-03-25T20:41:32.977+0900][14.672s][info][gc,phases   ] GC(188)   Post Evacuate Collection Set: 0.15ms
[2026-03-25T20:41:32.977+0900][14.672s][info][gc,phases   ] GC(188)   Other: 0.08ms
[2026-03-25T20:41:32.977+0900][14.672s][info][gc,heap     ] GC(188) Eden regions: 18->0(18)
[2026-03-25T20:41:32.977+0900][14.672s][info][gc,heap     ] GC(188) Survivor regions: 1->1(3)
[2026-03-25T20:41:32.977+0900][14.672s][info][gc,heap     ] GC(188) Old regions: 2->2
[2026-03-25T20:41:32.977+0900][14.672s][info][gc,heap     ] GC(188) Humongous regions: 0->0
[2026-03-25T20:41:32.977+0900][14.672s][info][gc,metaspace] GC(188) Metaspace: 6009K(6208K)->6009K(6208K) NonClass: 5376K(5504K)->5376K(5504K) Class: 632K(704K)->632K(704K)
[2026-03-25T20:41:32.977+0900][14.672s][info][gc          ] GC(188) Pause Young (Normal) (G1 Evacuation Pause) 154M->10M(264M) 1.342ms
[2026-03-25T20:41:32.977+0900][14.672s][info][gc,cpu      ] GC(188) User=0.00s Sys=0.00s Real=0.00s
[2026-03-25T20:41:33.091+0900][14.787s][info][gc,start    ] GC(189) Pause Young (Normal) (G1 Evacuation Pause)
[2026-03-25T20:41:33.091+0900][14.787s][info][gc,task     ] GC(189) Using 6 workers of 9 for evacuation
[2026-03-25T20:41:33.092+0900][14.788s][info][gc,phases   ] GC(189)   Pre Evacuate Collection Set: 0.08ms
[2026-03-25T20:41:33.092+0900][14.788s][info][gc,phases   ] GC(189)   Merge Heap Roots: 0.02ms
[2026-03-25T20:41:33.092+0900][14.788s][info][gc,phases   ] GC(189)   Evacuate Collection Set: 0.76ms
[2026-03-25T20:41:33.092+0900][14.788s][info][gc,phases   ] GC(189)   Post Evacuate Collection Set: 0.13ms
[2026-03-25T20:41:33.093+0900][14.788s][info][gc,phases   ] GC(189)   Other: 0.06ms
[2026-03-25T20:41:33.093+0900][14.788s][info][gc,heap     ] GC(189) Eden regions: 18->0(18)
[2026-03-25T20:41:33.093+0900][14.788s][info][gc,heap     ] GC(189) Survivor regions: 1->1(3)
[2026-03-25T20:41:33.093+0900][14.788s][info][gc,heap     ] GC(189) Old regions: 2->2
[2026-03-25T20:41:33.093+0900][14.788s][info][gc,heap     ] GC(189) Humongous regions: 0->0
[2026-03-25T20:41:33.093+0900][14.788s][info][gc,metaspace] GC(189) Metaspace: 6009K(6208K)->6009K(6208K) NonClass: 5376K(5504K)->5376K(5504K) Class: 632K(704K)->632K(704K)
[2026-03-25T20:41:33.093+0900][14.788s][info][gc          ] GC(189) Pause Young (Normal) (G1 Evacuation Pause) 154M->10M(264M) 1.266ms
[2026-03-25T20:41:33.093+0900][14.788s][info][gc,cpu      ] GC(189) User=0.00s Sys=0.00s Real=0.00s
[2026-03-25T20:41:33.152+0900][14.847s][info][gc,start    ] GC(190) Pause Young (Normal) (G1 Evacuation Pause)
[2026-03-25T20:41:33.152+0900][14.847s][info][gc,task     ] GC(190) Using 6 workers of 9 for evacuation
[2026-03-25T20:41:33.152+0900][14.848s][info][gc,phases   ] GC(190)   Pre Evacuate Collection Set: 0.05ms
[2026-03-25T20:41:33.153+0900][14.848s][info][gc,phases   ] GC(190)   Merge Heap Roots: 0.02ms
[2026-03-25T20:41:33.153+0900][14.848s][info][gc,phases   ] GC(190)   Evacuate Collection Set: 0.49ms
[2026-03-25T20:41:33.153+0900][14.848s][info][gc,phases   ] GC(190)   Post Evacuate Collection Set: 0.11ms
[2026-03-25T20:41:33.153+0900][14.848s][info][gc,phases   ] GC(190)   Other: 0.04ms
[2026-03-25T20:41:33.153+0900][14.848s][info][gc,heap     ] GC(190) Eden regions: 18->0(18)
[2026-03-25T20:41:33.153+0900][14.848s][info][gc,heap     ] GC(190) Survivor regions: 1->1(3)
[2026-03-25T20:41:33.153+0900][14.848s][info][gc,heap     ] GC(190) Old regions: 2->2
[2026-03-25T20:41:33.153+0900][14.848s][info][gc,heap     ] GC(190) Humongous regions: 0->0
[2026-03-25T20:41:33.153+0900][14.848s][info][gc,metaspace] GC(190) Metaspace: 6009K(6208K)->6009K(6208K) NonClass: 5376K(5504K)->5376K(5504K) Class: 632K(704K)->632K(704K)
[2026-03-25T20:41:33.153+0900][14.848s][info][gc          ] GC(190) Pause Young (Normal) (G1 Evacuation Pause) 154M->10M(264M) 0.859ms
[2026-03-25T20:41:33.153+0900][14.848s][info][gc,cpu      ] GC(190) User=0.00s Sys=0.00s Real=0.00s
[2026-03-25T20:41:33.212+0900][14.908s][info][gc,start    ] GC(191) Pause Young (Normal) (G1 Evacuation Pause)
[2026-03-25T20:41:33.212+0900][14.908s][info][gc,task     ] GC(191) Using 6 workers of 9 for evacuation
[2026-03-25T20:41:33.213+0900][14.909s][info][gc,phases   ] GC(191)   Pre Evacuate Collection Set: 0.06ms
[2026-03-25T20:41:33.213+0900][14.909s][info][gc,phases   ] GC(191)   Merge Heap Roots: 0.03ms
[2026-03-25T20:41:33.213+0900][14.909s][info][gc,phases   ] GC(191)   Evacuate Collection Set: 0.71ms
[2026-03-25T20:41:33.213+0900][14.909s][info][gc,phases   ] GC(191)   Post Evacuate Collection Set: 0.14ms
[2026-03-25T20:41:33.213+0900][14.909s][info][gc,phases   ] GC(191)   Other: 0.09ms
[2026-03-25T20:41:33.213+0900][14.909s][info][gc,heap     ] GC(191) Eden regions: 18->0(18)
[2026-03-25T20:41:33.213+0900][14.909s][info][gc,heap     ] GC(191) Survivor regions: 1->1(3)
[2026-03-25T20:41:33.213+0900][14.909s][info][gc,heap     ] GC(191) Old regions: 2->2
[2026-03-25T20:41:33.213+0900][14.909s][info][gc,heap     ] GC(191) Humongous regions: 0->0
[2026-03-25T20:41:33.213+0900][14.909s][info][gc,metaspace] GC(191) Metaspace: 6009K(6208K)->6009K(6208K) NonClass: 5376K(5504K)->5376K(5504K) Class: 632K(704K)->632K(704K)
[2026-03-25T20:41:33.213+0900][14.909s][info][gc          ] GC(191) Pause Young (Normal) (G1 Evacuation Pause) 154M->10M(264M) 1.324ms
[2026-03-25T20:41:33.213+0900][14.909s][info][gc,cpu      ] GC(191) User=0.01s Sys=0.00s Real=0.00s
[2026-03-25T20:41:33.321+0900][15.016s][info][gc,start    ] GC(192) Pause Young (Normal) (G1 Evacuation Pause)
[2026-03-25T20:41:33.321+0900][15.016s][info][gc,task     ] GC(192) Using 6 workers of 9 for evacuation
[2026-03-25T20:41:33.322+0900][15.017s][info][gc,phases   ] GC(192)   Pre Evacuate Collection Set: 0.06ms
[2026-03-25T20:41:33.322+0900][15.017s][info][gc,phases   ] GC(192)   Merge Heap Roots: 0.02ms
[2026-03-25T20:41:33.322+0900][15.017s][info][gc,phases   ] GC(192)   Evacuate Collection Set: 0.50ms
[2026-03-25T20:41:33.322+0900][15.017s][info][gc,phases   ] GC(192)   Post Evacuate Collection Set: 0.11ms
[2026-03-25T20:41:33.322+0900][15.017s][info][gc,phases   ] GC(192)   Other: 0.06ms
[2026-03-25T20:41:33.322+0900][15.017s][info][gc,heap     ] GC(192) Eden regions: 18->0(18)
[2026-03-25T20:41:33.322+0900][15.017s][info][gc,heap     ] GC(192) Survivor regions: 1->1(3)
[2026-03-25T20:41:33.322+0900][15.017s][info][gc,heap     ] GC(192) Old regions: 2->2
[2026-03-25T20:41:33.322+0900][15.017s][info][gc,heap     ] GC(192) Humongous regions: 0->0
[2026-03-25T20:41:33.322+0900][15.017s][info][gc,metaspace] GC(192) Metaspace: 6011K(6208K)->6011K(6208K) NonClass: 5378K(5504K)->5378K(5504K) Class: 632K(704K)->632K(704K)
[2026-03-25T20:41:33.322+0900][15.017s][info][gc          ] GC(192) Pause Young (Normal) (G1 Evacuation Pause) 154M->10M(264M) 0.970ms
[2026-03-25T20:41:33.322+0900][15.017s][info][gc,cpu      ] GC(192) User=0.00s Sys=0.00s Real=0.00s
[2026-03-25T20:41:33.376+0900][15.071s][info][gc,start    ] GC(193) Pause Young (Normal) (G1 Evacuation Pause)
[2026-03-25T20:41:33.376+0900][15.071s][info][gc,task     ] GC(193) Using 6 workers of 9 for evacuation
[2026-03-25T20:41:33.377+0900][15.073s][info][gc,phases   ] GC(193)   Pre Evacuate Collection Set: 0.06ms
[2026-03-25T20:41:33.377+0900][15.073s][info][gc,phases   ] GC(193)   Merge Heap Roots: 0.03ms
[2026-03-25T20:41:33.377+0900][15.073s][info][gc,phases   ] GC(193)   Evacuate Collection Set: 0.96ms
[2026-03-25T20:41:33.377+0900][15.073s][info][gc,phases   ] GC(193)   Post Evacuate Collection Set: 0.16ms
[2026-03-25T20:41:33.377+0900][15.073s][info][gc,phases   ] GC(193)   Other: 0.09ms
[2026-03-25T20:41:33.377+0900][15.073s][info][gc,heap     ] GC(193) Eden regions: 18->0(18)
[2026-03-25T20:41:33.377+0900][15.073s][info][gc,heap     ] GC(193) Survivor regions: 1->1(3)
[2026-03-25T20:41:33.377+0900][15.073s][info][gc,heap     ] GC(193) Old regions: 2->2
[2026-03-25T20:41:33.377+0900][15.073s][info][gc,heap     ] GC(193) Humongous regions: 0->0
[2026-03-25T20:41:33.377+0900][15.073s][info][gc,metaspace] GC(193) Metaspace: 6011K(6208K)->6011K(6208K) NonClass: 5378K(5504K)->5378K(5504K) Class: 632K(704K)->632K(704K)
[2026-03-25T20:41:33.378+0900][15.073s][info][gc          ] GC(193) Pause Young (Normal) (G1 Evacuation Pause) 154M->10M(264M) 1.623ms
[2026-03-25T20:41:33.378+0900][15.073s][info][gc,cpu      ] GC(193) User=0.00s Sys=0.00s Real=0.00s
[2026-03-25T20:41:33.432+0900][15.127s][info][gc,start    ] GC(194) Pause Young (Normal) (G1 Evacuation Pause)
[2026-03-25T20:41:33.432+0900][15.127s][info][gc,task     ] GC(194) Using 6 workers of 9 for evacuation
[2026-03-25T20:41:33.433+0900][15.128s][info][gc,phases   ] GC(194)   Pre Evacuate Collection Set: 0.06ms
[2026-03-25T20:41:33.433+0900][15.128s][info][gc,phases   ] GC(194)   Merge Heap Roots: 0.02ms
[2026-03-25T20:41:33.433+0900][15.128s][info][gc,phases   ] GC(194)   Evacuate Collection Set: 0.70ms
[2026-03-25T20:41:33.433+0900][15.128s][info][gc,phases   ] GC(194)   Post Evacuate Collection Set: 0.12ms
[2026-03-25T20:41:33.433+0900][15.128s][info][gc,phases   ] GC(194)   Other: 0.08ms
[2026-03-25T20:41:33.433+0900][15.128s][info][gc,heap     ] GC(194) Eden regions: 18->0(18)
[2026-03-25T20:41:33.433+0900][15.128s][info][gc,heap     ] GC(194) Survivor regions: 1->1(3)
[2026-03-25T20:41:33.433+0900][15.128s][info][gc,heap     ] GC(194) Old regions: 2->2
[2026-03-25T20:41:33.433+0900][15.128s][info][gc,heap     ] GC(194) Humongous regions: 0->0
[2026-03-25T20:41:33.433+0900][15.128s][info][gc,metaspace] GC(194) Metaspace: 6011K(6208K)->6011K(6208K) NonClass: 5378K(5504K)->5378K(5504K) Class: 632K(704K)->632K(704K)
[2026-03-25T20:41:33.433+0900][15.128s][info][gc          ] GC(194) Pause Young (Normal) (G1 Evacuation Pause) 154M->10M(264M) 1.248ms
[2026-03-25T20:41:33.433+0900][15.128s][info][gc,cpu      ] GC(194) User=0.00s Sys=0.00s Real=0.00s
[2026-03-25T20:41:33.545+0900][15.241s][info][gc,start    ] GC(195) Pause Young (Normal) (G1 Evacuation Pause)
[2026-03-25T20:41:33.545+0900][15.241s][info][gc,task     ] GC(195) Using 6 workers of 9 for evacuation
[2026-03-25T20:41:33.547+0900][15.242s][info][gc,phases   ] GC(195)   Pre Evacuate Collection Set: 0.07ms
[2026-03-25T20:41:33.547+0900][15.242s][info][gc,phases   ] GC(195)   Merge Heap Roots: 0.02ms
[2026-03-25T20:41:33.547+0900][15.242s][info][gc,phases   ] GC(195)   Evacuate Collection Set: 1.00ms
[2026-03-25T20:41:33.547+0900][15.242s][info][gc,phases   ] GC(195)   Post Evacuate Collection Set: 0.14ms
[2026-03-25T20:41:33.547+0900][15.242s][info][gc,phases   ] GC(195)   Other: 0.09ms
[2026-03-25T20:41:33.547+0900][15.242s][info][gc,heap     ] GC(195) Eden regions: 18->0(18)
[2026-03-25T20:41:33.547+0900][15.242s][info][gc,heap     ] GC(195) Survivor regions: 1->1(3)
[2026-03-25T20:41:33.547+0900][15.242s][info][gc,heap     ] GC(195) Old regions: 2->2
[2026-03-25T20:41:33.547+0900][15.242s][info][gc,heap     ] GC(195) Humongous regions: 0->0
[2026-03-25T20:41:33.547+0900][15.242s][info][gc,metaspace] GC(195) Metaspace: 6011K(6208K)->6011K(6208K) NonClass: 5378K(5504K)->5378K(5504K) Class: 632K(704K)->632K(704K)
[2026-03-25T20:41:33.547+0900][15.242s][info][gc          ] GC(195) Pause Young (Normal) (G1 Evacuation Pause) 154M->10M(264M) 1.600ms
[2026-03-25T20:41:33.547+0900][15.242s][info][gc,cpu      ] GC(195) User=0.01s Sys=0.00s Real=0.00s
[2026-03-25T20:41:33.606+0900][15.302s][info][gc,start    ] GC(196) Pause Young (Normal) (G1 Evacuation Pause)
[2026-03-25T20:41:33.606+0900][15.302s][info][gc,task     ] GC(196) Using 6 workers of 9 for evacuation
[2026-03-25T20:41:33.608+0900][15.303s][info][gc,phases   ] GC(196)   Pre Evacuate Collection Set: 0.07ms
[2026-03-25T20:41:33.608+0900][15.303s][info][gc,phases   ] GC(196)   Merge Heap Roots: 0.03ms
[2026-03-25T20:41:33.608+0900][15.303s][info][gc,phases   ] GC(196)   Evacuate Collection Set: 0.76ms
[2026-03-25T20:41:33.608+0900][15.303s][info][gc,phases   ] GC(196)   Post Evacuate Collection Set: 0.17ms
[2026-03-25T20:41:33.608+0900][15.303s][info][gc,phases   ] GC(196)   Other: 0.09ms
[2026-03-25T20:41:33.608+0900][15.303s][info][gc,heap     ] GC(196) Eden regions: 18->0(18)
[2026-03-25T20:41:33.608+0900][15.303s][info][gc,heap     ] GC(196) Survivor regions: 1->1(3)
[2026-03-25T20:41:33.608+0900][15.303s][info][gc,heap     ] GC(196) Old regions: 2->2
[2026-03-25T20:41:33.608+0900][15.303s][info][gc,heap     ] GC(196) Humongous regions: 0->0
[2026-03-25T20:41:33.608+0900][15.303s][info][gc,metaspace] GC(196) Metaspace: 6011K(6208K)->6011K(6208K) NonClass: 5378K(5504K)->5378K(5504K) Class: 632K(704K)->632K(704K)
[2026-03-25T20:41:33.608+0900][15.303s][info][gc          ] GC(196) Pause Young (Normal) (G1 Evacuation Pause) 154M->10M(264M) 1.459ms
[2026-03-25T20:41:33.608+0900][15.303s][info][gc,cpu      ] GC(196) User=0.01s Sys=0.00s Real=0.00s
[2026-03-25T20:41:33.667+0900][15.363s][info][gc,start    ] GC(197) Pause Young (Normal) (G1 Evacuation Pause)
[2026-03-25T20:41:33.667+0900][15.363s][info][gc,task     ] GC(197) Using 6 workers of 9 for evacuation
[2026-03-25T20:41:33.669+0900][15.364s][info][gc,phases   ] GC(197)   Pre Evacuate Collection Set: 0.06ms
[2026-03-25T20:41:33.669+0900][15.364s][info][gc,phases   ] GC(197)   Merge Heap Roots: 0.02ms
[2026-03-25T20:41:33.669+0900][15.364s][info][gc,phases   ] GC(197)   Evacuate Collection Set: 1.00ms
[2026-03-25T20:41:33.669+0900][15.364s][info][gc,phases   ] GC(197)   Post Evacuate Collection Set: 0.14ms
[2026-03-25T20:41:33.669+0900][15.364s][info][gc,phases   ] GC(197)   Other: 0.07ms
[2026-03-25T20:41:33.669+0900][15.364s][info][gc,heap     ] GC(197) Eden regions: 18->0(18)
[2026-03-25T20:41:33.669+0900][15.364s][info][gc,heap     ] GC(197) Survivor regions: 1->1(3)
[2026-03-25T20:41:33.669+0900][15.364s][info][gc,heap     ] GC(197) Old regions: 2->2
[2026-03-25T20:41:33.669+0900][15.364s][info][gc,heap     ] GC(197) Humongous regions: 0->0
[2026-03-25T20:41:33.669+0900][15.364s][info][gc,metaspace] GC(197) Metaspace: 6011K(6208K)->6011K(6208K) NonClass: 5378K(5504K)->5378K(5504K) Class: 632K(704K)->632K(704K)
[2026-03-25T20:41:33.669+0900][15.364s][info][gc          ] GC(197) Pause Young (Normal) (G1 Evacuation Pause) 154M->10M(264M) 1.572ms
[2026-03-25T20:41:33.669+0900][15.364s][info][gc,cpu      ] GC(197) User=0.01s Sys=0.00s Real=0.00s
[2026-03-25T20:41:33.783+0900][15.479s][info][gc,start    ] GC(198) Pause Young (Normal) (G1 Evacuation Pause)
[2026-03-25T20:41:33.783+0900][15.479s][info][gc,task     ] GC(198) Using 6 workers of 9 for evacuation
[2026-03-25T20:41:33.785+0900][15.480s][info][gc,phases   ] GC(198)   Pre Evacuate Collection Set: 0.06ms
[2026-03-25T20:41:33.785+0900][15.480s][info][gc,phases   ] GC(198)   Merge Heap Roots: 0.02ms
[2026-03-25T20:41:33.785+0900][15.480s][info][gc,phases   ] GC(198)   Evacuate Collection Set: 1.11ms
[2026-03-25T20:41:33.785+0900][15.480s][info][gc,phases   ] GC(198)   Post Evacuate Collection Set: 0.13ms
[2026-03-25T20:41:33.785+0900][15.480s][info][gc,phases   ] GC(198)   Other: 0.07ms
[2026-03-25T20:41:33.785+0900][15.480s][info][gc,heap     ] GC(198) Eden regions: 18->0(18)
[2026-03-25T20:41:33.785+0900][15.480s][info][gc,heap     ] GC(198) Survivor regions: 1->1(3)
[2026-03-25T20:41:33.785+0900][15.480s][info][gc,heap     ] GC(198) Old regions: 2->2
[2026-03-25T20:41:33.785+0900][15.480s][info][gc,heap     ] GC(198) Humongous regions: 0->0
[2026-03-25T20:41:33.785+0900][15.480s][info][gc,metaspace] GC(198) Metaspace: 6019K(6208K)->6019K(6208K) NonClass: 5386K(5504K)->5386K(5504K) Class: 632K(704K)->632K(704K)
[2026-03-25T20:41:33.785+0900][15.480s][info][gc          ] GC(198) Pause Young (Normal) (G1 Evacuation Pause) 154M->10M(264M) 1.637ms
[2026-03-25T20:41:33.785+0900][15.480s][info][gc,cpu      ] GC(198) User=0.00s Sys=0.00s Real=0.00s
[2026-03-25T20:41:33.843+0900][15.539s][info][gc,start    ] GC(199) Pause Young (Normal) (G1 Evacuation Pause)
[2026-03-25T20:41:33.843+0900][15.539s][info][gc,task     ] GC(199) Using 6 workers of 9 for evacuation
[2026-03-25T20:41:33.844+0900][15.540s][info][gc,phases   ] GC(199)   Pre Evacuate Collection Set: 0.05ms
[2026-03-25T20:41:33.844+0900][15.540s][info][gc,phases   ] GC(199)   Merge Heap Roots: 0.02ms
[2026-03-25T20:41:33.844+0900][15.540s][info][gc,phases   ] GC(199)   Evacuate Collection Set: 0.72ms
[2026-03-25T20:41:33.844+0900][15.540s][info][gc,phases   ] GC(199)   Post Evacuate Collection Set: 0.14ms
[2026-03-25T20:41:33.845+0900][15.540s][info][gc,phases   ] GC(199)   Other: 0.07ms
[2026-03-25T20:41:33.845+0900][15.540s][info][gc,heap     ] GC(199) Eden regions: 18->0(18)
[2026-03-25T20:41:33.845+0900][15.540s][info][gc,heap     ] GC(199) Survivor regions: 1->1(3)
[2026-03-25T20:41:33.845+0900][15.540s][info][gc,heap     ] GC(199) Old regions: 2->2
[2026-03-25T20:41:33.845+0900][15.540s][info][gc,heap     ] GC(199) Humongous regions: 0->0
[2026-03-25T20:41:33.845+0900][15.540s][info][gc,metaspace] GC(199) Metaspace: 6019K(6208K)->6019K(6208K) NonClass: 5386K(5504K)->5386K(5504K) Class: 632K(704K)->632K(704K)
[2026-03-25T20:41:33.845+0900][15.540s][info][gc          ] GC(199) Pause Young (Normal) (G1 Evacuation Pause) 154M->10M(264M) 1.314ms
[2026-03-25T20:41:33.845+0900][15.540s][info][gc,cpu      ] GC(199) User=0.00s Sys=0.00s Real=0.00s
[2026-03-25T20:41:33.904+0900][15.599s][info][gc,start    ] GC(200) Pause Young (Normal) (G1 Evacuation Pause)
[2026-03-25T20:41:33.904+0900][15.599s][info][gc,task     ] GC(200) Using 6 workers of 9 for evacuation
[2026-03-25T20:41:33.905+0900][15.600s][info][gc,phases   ] GC(200)   Pre Evacuate Collection Set: 0.05ms
[2026-03-25T20:41:33.905+0900][15.600s][info][gc,phases   ] GC(200)   Merge Heap Roots: 0.02ms
[2026-03-25T20:41:33.905+0900][15.600s][info][gc,phases   ] GC(200)   Evacuate Collection Set: 0.80ms
[2026-03-25T20:41:33.905+0900][15.600s][info][gc,phases   ] GC(200)   Post Evacuate Collection Set: 0.13ms
[2026-03-25T20:41:33.905+0900][15.600s][info][gc,phases   ] GC(200)   Other: 0.07ms
[2026-03-25T20:41:33.905+0900][15.600s][info][gc,heap     ] GC(200) Eden regions: 18->0(18)
[2026-03-25T20:41:33.905+0900][15.600s][info][gc,heap     ] GC(200) Survivor regions: 1->1(3)
[2026-03-25T20:41:33.905+0900][15.600s][info][gc,heap     ] GC(200) Old regions: 2->2
[2026-03-25T20:41:33.905+0900][15.600s][info][gc,heap     ] GC(200) Humongous regions: 0->0
[2026-03-25T20:41:33.905+0900][15.600s][info][gc,metaspace] GC(200) Metaspace: 6019K(6208K)->6019K(6208K) NonClass: 5386K(5504K)->5386K(5504K) Class: 632K(704K)->632K(704K)
[2026-03-25T20:41:33.905+0900][15.600s][info][gc          ] GC(200) Pause Young (Normal) (G1 Evacuation Pause) 154M->10M(264M) 1.349ms
[2026-03-25T20:41:33.905+0900][15.600s][info][gc,cpu      ] GC(200) User=0.00s Sys=0.00s Real=0.00s
[2026-03-25T20:41:34.011+0900][15.706s][info][gc,start    ] GC(201) Pause Young (Normal) (G1 Evacuation Pause)
[2026-03-25T20:41:34.011+0900][15.706s][info][gc,task     ] GC(201) Using 6 workers of 9 for evacuation
[2026-03-25T20:41:34.012+0900][15.708s][info][gc,phases   ] GC(201)   Pre Evacuate Collection Set: 0.09ms
[2026-03-25T20:41:34.012+0900][15.708s][info][gc,phases   ] GC(201)   Merge Heap Roots: 0.05ms
[2026-03-25T20:41:34.012+0900][15.708s][info][gc,phases   ] GC(201)   Evacuate Collection Set: 1.08ms
[2026-03-25T20:41:34.012+0900][15.708s][info][gc,phases   ] GC(201)   Post Evacuate Collection Set: 0.14ms
[2026-03-25T20:41:34.012+0900][15.708s][info][gc,phases   ] GC(201)   Other: 0.10ms
[2026-03-25T20:41:34.013+0900][15.708s][info][gc,heap     ] GC(201) Eden regions: 18->0(18)
[2026-03-25T20:41:34.013+0900][15.708s][info][gc,heap     ] GC(201) Survivor regions: 1->1(3)
[2026-03-25T20:41:34.013+0900][15.708s][info][gc,heap     ] GC(201) Old regions: 2->2
[2026-03-25T20:41:34.013+0900][15.708s][info][gc,heap     ] GC(201) Humongous regions: 0->0
[2026-03-25T20:41:34.013+0900][15.708s][info][gc,metaspace] GC(201) Metaspace: 6019K(6208K)->6019K(6208K) NonClass: 5386K(5504K)->5386K(5504K) Class: 632K(704K)->632K(704K)
[2026-03-25T20:41:34.013+0900][15.708s][info][gc          ] GC(201) Pause Young (Normal) (G1 Evacuation Pause) 154M->10M(264M) 1.754ms
[2026-03-25T20:41:34.013+0900][15.708s][info][gc,cpu      ] GC(201) User=0.01s Sys=0.00s Real=0.00s
[2026-03-25T20:41:34.071+0900][15.767s][info][gc,start    ] GC(202) Pause Young (Normal) (G1 Evacuation Pause)
[2026-03-25T20:41:34.071+0900][15.767s][info][gc,task     ] GC(202) Using 6 workers of 9 for evacuation
[2026-03-25T20:41:34.073+0900][15.768s][info][gc,phases   ] GC(202)   Pre Evacuate Collection Set: 0.09ms
[2026-03-25T20:41:34.073+0900][15.768s][info][gc,phases   ] GC(202)   Merge Heap Roots: 0.05ms
[2026-03-25T20:41:34.073+0900][15.768s][info][gc,phases   ] GC(202)   Evacuate Collection Set: 1.11ms
[2026-03-25T20:41:34.073+0900][15.768s][info][gc,phases   ] GC(202)   Post Evacuate Collection Set: 0.16ms
[2026-03-25T20:41:34.073+0900][15.768s][info][gc,phases   ] GC(202)   Other: 0.10ms
[2026-03-25T20:41:34.073+0900][15.768s][info][gc,heap     ] GC(202) Eden regions: 18->0(18)
[2026-03-25T20:41:34.073+0900][15.768s][info][gc,heap     ] GC(202) Survivor regions: 1->1(3)
[2026-03-25T20:41:34.073+0900][15.768s][info][gc,heap     ] GC(202) Old regions: 2->2
[2026-03-25T20:41:34.073+0900][15.768s][info][gc,heap     ] GC(202) Humongous regions: 0->0
[2026-03-25T20:41:34.073+0900][15.768s][info][gc,metaspace] GC(202) Metaspace: 6019K(6208K)->6019K(6208K) NonClass: 5386K(5504K)->5386K(5504K) Class: 632K(704K)->632K(704K)
[2026-03-25T20:41:34.073+0900][15.769s][info][gc          ] GC(202) Pause Young (Normal) (G1 Evacuation Pause) 154M->10M(264M) 1.810ms
[2026-03-25T20:41:34.073+0900][15.769s][info][gc,cpu      ] GC(202) User=0.01s Sys=0.00s Real=0.00s
[2026-03-25T20:41:34.187+0900][15.882s][info][gc,start    ] GC(203) Pause Young (Normal) (G1 Evacuation Pause)
[2026-03-25T20:41:34.187+0900][15.882s][info][gc,task     ] GC(203) Using 6 workers of 9 for evacuation
[2026-03-25T20:41:34.188+0900][15.884s][info][gc,phases   ] GC(203)   Pre Evacuate Collection Set: 0.08ms
[2026-03-25T20:41:34.188+0900][15.884s][info][gc,phases   ] GC(203)   Merge Heap Roots: 0.03ms
[2026-03-25T20:41:34.188+0900][15.884s][info][gc,phases   ] GC(203)   Evacuate Collection Set: 1.08ms
[2026-03-25T20:41:34.188+0900][15.884s][info][gc,phases   ] GC(203)   Post Evacuate Collection Set: 0.15ms
[2026-03-25T20:41:34.188+0900][15.884s][info][gc,phases   ] GC(203)   Other: 0.10ms
[2026-03-25T20:41:34.188+0900][15.884s][info][gc,heap     ] GC(203) Eden regions: 18->0(18)
[2026-03-25T20:41:34.189+0900][15.884s][info][gc,heap     ] GC(203) Survivor regions: 1->1(3)
[2026-03-25T20:41:34.189+0900][15.884s][info][gc,heap     ] GC(203) Old regions: 2->2
[2026-03-25T20:41:34.189+0900][15.884s][info][gc,heap     ] GC(203) Humongous regions: 0->0
[2026-03-25T20:41:34.189+0900][15.884s][info][gc,metaspace] GC(203) Metaspace: 6019K(6208K)->6019K(6208K) NonClass: 5386K(5504K)->5386K(5504K) Class: 632K(704K)->632K(704K)
[2026-03-25T20:41:34.189+0900][15.884s][info][gc          ] GC(203) Pause Young (Normal) (G1 Evacuation Pause) 154M->10M(264M) 1.810ms
[2026-03-25T20:41:34.189+0900][15.884s][info][gc,cpu      ] GC(203) User=0.01s Sys=0.00s Real=0.00s
[2026-03-25T20:41:34.248+0900][15.943s][info][gc,start    ] GC(204) Pause Young (Normal) (G1 Evacuation Pause)
[2026-03-25T20:41:34.248+0900][15.943s][info][gc,task     ] GC(204) Using 6 workers of 9 for evacuation
[2026-03-25T20:41:34.249+0900][15.945s][info][gc,phases   ] GC(204)   Pre Evacuate Collection Set: 0.06ms
[2026-03-25T20:41:34.249+0900][15.945s][info][gc,phases   ] GC(204)   Merge Heap Roots: 0.03ms
[2026-03-25T20:41:34.249+0900][15.945s][info][gc,phases   ] GC(204)   Evacuate Collection Set: 0.97ms
[2026-03-25T20:41:34.249+0900][15.945s][info][gc,phases   ] GC(204)   Post Evacuate Collection Set: 0.15ms
[2026-03-25T20:41:34.249+0900][15.945s][info][gc,phases   ] GC(204)   Other: 0.07ms
[2026-03-25T20:41:34.249+0900][15.945s][info][gc,heap     ] GC(204) Eden regions: 18->0(18)
[2026-03-25T20:41:34.249+0900][15.945s][info][gc,heap     ] GC(204) Survivor regions: 1->1(3)
[2026-03-25T20:41:34.249+0900][15.945s][info][gc,heap     ] GC(204) Old regions: 2->2
[2026-03-25T20:41:34.249+0900][15.945s][info][gc,heap     ] GC(204) Humongous regions: 0->0
[2026-03-25T20:41:34.249+0900][15.945s][info][gc,metaspace] GC(204) Metaspace: 6019K(6208K)->6019K(6208K) NonClass: 5386K(5504K)->5386K(5504K) Class: 632K(704K)->632K(704K)
[2026-03-25T20:41:34.249+0900][15.945s][info][gc          ] GC(204) Pause Young (Normal) (G1 Evacuation Pause) 154M->10M(264M) 1.534ms
[2026-03-25T20:41:34.249+0900][15.945s][info][gc,cpu      ] GC(204) User=0.01s Sys=0.01s Real=0.00s
[2026-03-25T20:41:34.306+0900][16.001s][info][gc,start    ] GC(205) Pause Young (Normal) (G1 Evacuation Pause)
[2026-03-25T20:41:34.306+0900][16.001s][info][gc,task     ] GC(205) Using 6 workers of 9 for evacuation
[2026-03-25T20:41:34.307+0900][16.002s][info][gc,phases   ] GC(205)   Pre Evacuate Collection Set: 0.06ms
[2026-03-25T20:41:34.307+0900][16.002s][info][gc,phases   ] GC(205)   Merge Heap Roots: 0.02ms
[2026-03-25T20:41:34.307+0900][16.002s][info][gc,phases   ] GC(205)   Evacuate Collection Set: 0.82ms
[2026-03-25T20:41:34.307+0900][16.002s][info][gc,phases   ] GC(205)   Post Evacuate Collection Set: 0.12ms
[2026-03-25T20:41:34.307+0900][16.002s][info][gc,phases   ] GC(205)   Other: 0.08ms
[2026-03-25T20:41:34.307+0900][16.002s][info][gc,heap     ] GC(205) Eden regions: 18->0(18)
[2026-03-25T20:41:34.307+0900][16.002s][info][gc,heap     ] GC(205) Survivor regions: 1->1(3)
[2026-03-25T20:41:34.307+0900][16.002s][info][gc,heap     ] GC(205) Old regions: 2->2
[2026-03-25T20:41:34.307+0900][16.002s][info][gc,heap     ] GC(205) Humongous regions: 0->0
[2026-03-25T20:41:34.307+0900][16.002s][info][gc,metaspace] GC(205) Metaspace: 6019K(6208K)->6019K(6208K) NonClass: 5386K(5504K)->5386K(5504K) Class: 632K(704K)->632K(704K)
[2026-03-25T20:41:34.307+0900][16.002s][info][gc          ] GC(205) Pause Young (Normal) (G1 Evacuation Pause) 154M->10M(264M) 1.346ms
[2026-03-25T20:41:34.307+0900][16.002s][info][gc,cpu      ] GC(205) User=0.01s Sys=0.00s Real=0.00s
[2026-03-25T20:41:34.416+0900][16.112s][info][gc,start    ] GC(206) Pause Young (Normal) (G1 Evacuation Pause)
[2026-03-25T20:41:34.416+0900][16.112s][info][gc,task     ] GC(206) Using 6 workers of 9 for evacuation
[2026-03-25T20:41:34.418+0900][16.113s][info][gc,phases   ] GC(206)   Pre Evacuate Collection Set: 0.09ms
[2026-03-25T20:41:34.418+0900][16.113s][info][gc,phases   ] GC(206)   Merge Heap Roots: 0.04ms
[2026-03-25T20:41:34.418+0900][16.113s][info][gc,phases   ] GC(206)   Evacuate Collection Set: 0.78ms
[2026-03-25T20:41:34.418+0900][16.113s][info][gc,phases   ] GC(206)   Post Evacuate Collection Set: 0.20ms
[2026-03-25T20:41:34.418+0900][16.113s][info][gc,phases   ] GC(206)   Other: 0.10ms
[2026-03-25T20:41:34.418+0900][16.113s][info][gc,heap     ] GC(206) Eden regions: 18->0(18)
[2026-03-25T20:41:34.418+0900][16.113s][info][gc,heap     ] GC(206) Survivor regions: 1->1(3)
[2026-03-25T20:41:34.418+0900][16.113s][info][gc,heap     ] GC(206) Old regions: 2->2
[2026-03-25T20:41:34.418+0900][16.113s][info][gc,heap     ] GC(206) Humongous regions: 0->0
[2026-03-25T20:41:34.418+0900][16.113s][info][gc,metaspace] GC(206) Metaspace: 6019K(6208K)->6019K(6208K) NonClass: 5386K(5504K)->5386K(5504K) Class: 632K(704K)->632K(704K)
[2026-03-25T20:41:34.418+0900][16.113s][info][gc          ] GC(206) Pause Young (Normal) (G1 Evacuation Pause) 154M->10M(264M) 1.502ms
[2026-03-25T20:41:34.418+0900][16.113s][info][gc,cpu      ] GC(206) User=0.00s Sys=0.00s Real=0.00s
[2026-03-25T20:41:34.476+0900][16.171s][info][gc,start    ] GC(207) Pause Young (Normal) (G1 Evacuation Pause)
[2026-03-25T20:41:34.476+0900][16.172s][info][gc,task     ] GC(207) Using 6 workers of 9 for evacuation
[2026-03-25T20:41:34.477+0900][16.173s][info][gc,phases   ] GC(207)   Pre Evacuate Collection Set: 0.07ms
[2026-03-25T20:41:34.477+0900][16.173s][info][gc,phases   ] GC(207)   Merge Heap Roots: 0.02ms
[2026-03-25T20:41:34.477+0900][16.173s][info][gc,phases   ] GC(207)   Evacuate Collection Set: 0.80ms
[2026-03-25T20:41:34.477+0900][16.173s][info][gc,phases   ] GC(207)   Post Evacuate Collection Set: 0.11ms
[2026-03-25T20:41:34.477+0900][16.173s][info][gc,phases   ] GC(207)   Other: 0.07ms
[2026-03-25T20:41:34.477+0900][16.173s][info][gc,heap     ] GC(207) Eden regions: 18->0(18)
[2026-03-25T20:41:34.477+0900][16.173s][info][gc,heap     ] GC(207) Survivor regions: 1->1(3)
[2026-03-25T20:41:34.477+0900][16.173s][info][gc,heap     ] GC(207) Old regions: 2->2
[2026-03-25T20:41:34.477+0900][16.173s][info][gc,heap     ] GC(207) Humongous regions: 0->0
[2026-03-25T20:41:34.477+0900][16.173s][info][gc,metaspace] GC(207) Metaspace: 6019K(6208K)->6019K(6208K) NonClass: 5386K(5504K)->5386K(5504K) Class: 632K(704K)->632K(704K)
[2026-03-25T20:41:34.477+0900][16.173s][info][gc          ] GC(207) Pause Young (Normal) (G1 Evacuation Pause) 154M->10M(264M) 1.296ms
[2026-03-25T20:41:34.477+0900][16.173s][info][gc,cpu      ] GC(207) User=0.00s Sys=0.00s Real=0.00s
[2026-03-25T20:41:34.532+0900][16.227s][info][gc,start    ] GC(208) Pause Young (Normal) (G1 Evacuation Pause)
[2026-03-25T20:41:34.532+0900][16.228s][info][gc,task     ] GC(208) Using 6 workers of 9 for evacuation
[2026-03-25T20:41:34.535+0900][16.230s][info][gc,phases   ] GC(208)   Pre Evacuate Collection Set: 0.06ms
[2026-03-25T20:41:34.535+0900][16.230s][info][gc,phases   ] GC(208)   Merge Heap Roots: 0.03ms
[2026-03-25T20:41:34.535+0900][16.230s][info][gc,phases   ] GC(208)   Evacuate Collection Set: 2.38ms
[2026-03-25T20:41:34.535+0900][16.230s][info][gc,phases   ] GC(208)   Post Evacuate Collection Set: 0.17ms
[2026-03-25T20:41:34.535+0900][16.230s][info][gc,phases   ] GC(208)   Other: 0.08ms
[2026-03-25T20:41:34.535+0900][16.230s][info][gc,heap     ] GC(208) Eden regions: 18->0(18)
[2026-03-25T20:41:34.535+0900][16.230s][info][gc,heap     ] GC(208) Survivor regions: 1->1(3)
[2026-03-25T20:41:34.535+0900][16.230s][info][gc,heap     ] GC(208) Old regions: 2->2
[2026-03-25T20:41:34.535+0900][16.230s][info][gc,heap     ] GC(208) Humongous regions: 0->0
[2026-03-25T20:41:34.535+0900][16.230s][info][gc,metaspace] GC(208) Metaspace: 6019K(6208K)->6019K(6208K) NonClass: 5386K(5504K)->5386K(5504K) Class: 632K(704K)->632K(704K)
[2026-03-25T20:41:34.535+0900][16.231s][info][gc          ] GC(208) Pause Young (Normal) (G1 Evacuation Pause) 154M->10M(264M) 3.048ms
[2026-03-25T20:41:34.535+0900][16.231s][info][gc,cpu      ] GC(208) User=0.01s Sys=0.00s Real=0.00s
[2026-03-25T20:41:34.645+0900][16.341s][info][gc,start    ] GC(209) Pause Young (Normal) (G1 Evacuation Pause)
[2026-03-25T20:41:34.645+0900][16.341s][info][gc,task     ] GC(209) Using 6 workers of 9 for evacuation
[2026-03-25T20:41:34.647+0900][16.342s][info][gc,phases   ] GC(209)   Pre Evacuate Collection Set: 0.07ms
[2026-03-25T20:41:34.647+0900][16.342s][info][gc,phases   ] GC(209)   Merge Heap Roots: 0.03ms
[2026-03-25T20:41:34.647+0900][16.342s][info][gc,phases   ] GC(209)   Evacuate Collection Set: 1.14ms
[2026-03-25T20:41:34.647+0900][16.342s][info][gc,phases   ] GC(209)   Post Evacuate Collection Set: 0.12ms
[2026-03-25T20:41:34.647+0900][16.342s][info][gc,phases   ] GC(209)   Other: 0.09ms
[2026-03-25T20:41:34.647+0900][16.342s][info][gc,heap     ] GC(209) Eden regions: 18->0(18)
[2026-03-25T20:41:34.647+0900][16.342s][info][gc,heap     ] GC(209) Survivor regions: 1->1(3)
[2026-03-25T20:41:34.647+0900][16.342s][info][gc,heap     ] GC(209) Old regions: 2->2
[2026-03-25T20:41:34.647+0900][16.342s][info][gc,heap     ] GC(209) Humongous regions: 0->0
[2026-03-25T20:41:34.647+0900][16.342s][info][gc,metaspace] GC(209) Metaspace: 6019K(6208K)->6019K(6208K) NonClass: 5386K(5504K)->5386K(5504K) Class: 632K(704K)->632K(704K)
[2026-03-25T20:41:34.647+0900][16.342s][info][gc          ] GC(209) Pause Young (Normal) (G1 Evacuation Pause) 154M->10M(264M) 1.777ms
[2026-03-25T20:41:34.647+0900][16.342s][info][gc,cpu      ] GC(209) User=0.01s Sys=0.00s Real=0.00s
[2026-03-25T20:41:34.706+0900][16.402s][info][gc,start    ] GC(210) Pause Young (Normal) (G1 Evacuation Pause)
[2026-03-25T20:41:34.706+0900][16.402s][info][gc,task     ] GC(210) Using 6 workers of 9 for evacuation
[2026-03-25T20:41:34.708+0900][16.403s][info][gc,phases   ] GC(210)   Pre Evacuate Collection Set: 0.06ms
[2026-03-25T20:41:34.708+0900][16.404s][info][gc,phases   ] GC(210)   Merge Heap Roots: 0.02ms
[2026-03-25T20:41:34.708+0900][16.404s][info][gc,phases   ] GC(210)   Evacuate Collection Set: 1.27ms
[2026-03-25T20:41:34.708+0900][16.404s][info][gc,phases   ] GC(210)   Post Evacuate Collection Set: 0.12ms
[2026-03-25T20:41:34.708+0900][16.404s][info][gc,phases   ] GC(210)   Other: 0.09ms
[2026-03-25T20:41:34.708+0900][16.404s][info][gc,heap     ] GC(210) Eden regions: 18->0(18)
[2026-03-25T20:41:34.708+0900][16.404s][info][gc,heap     ] GC(210) Survivor regions: 1->1(3)
[2026-03-25T20:41:34.708+0900][16.404s][info][gc,heap     ] GC(210) Old regions: 2->2
[2026-03-25T20:41:34.708+0900][16.404s][info][gc,heap     ] GC(210) Humongous regions: 0->0
[2026-03-25T20:41:34.708+0900][16.404s][info][gc,metaspace] GC(210) Metaspace: 6019K(6208K)->6019K(6208K) NonClass: 5386K(5504K)->5386K(5504K) Class: 632K(704K)->632K(704K)
[2026-03-25T20:41:34.708+0900][16.404s][info][gc          ] GC(210) Pause Young (Normal) (G1 Evacuation Pause) 154M->10M(264M) 1.835ms
[2026-03-25T20:41:34.708+0900][16.404s][info][gc,cpu      ] GC(210) User=0.01s Sys=0.00s Real=0.00s
[2026-03-25T20:41:34.768+0900][16.463s][info][gc,start    ] GC(211) Pause Young (Normal) (G1 Evacuation Pause)
[2026-03-25T20:41:34.768+0900][16.463s][info][gc,task     ] GC(211) Using 6 workers of 9 for evacuation
[2026-03-25T20:41:34.769+0900][16.465s][info][gc,phases   ] GC(211)   Pre Evacuate Collection Set: 0.07ms
[2026-03-25T20:41:34.769+0900][16.465s][info][gc,phases   ] GC(211)   Merge Heap Roots: 0.02ms
[2026-03-25T20:41:34.769+0900][16.465s][info][gc,phases   ] GC(211)   Evacuate Collection Set: 0.98ms
[2026-03-25T20:41:34.769+0900][16.465s][info][gc,phases   ] GC(211)   Post Evacuate Collection Set: 0.14ms
[2026-03-25T20:41:34.769+0900][16.465s][info][gc,phases   ] GC(211)   Other: 0.08ms
[2026-03-25T20:41:34.769+0900][16.465s][info][gc,heap     ] GC(211) Eden regions: 18->0(18)
[2026-03-25T20:41:34.769+0900][16.465s][info][gc,heap     ] GC(211) Survivor regions: 1->1(3)
[2026-03-25T20:41:34.769+0900][16.465s][info][gc,heap     ] GC(211) Old regions: 2->2
[2026-03-25T20:41:34.769+0900][16.465s][info][gc,heap     ] GC(211) Humongous regions: 0->0
[2026-03-25T20:41:34.769+0900][16.465s][info][gc,metaspace] GC(211) Metaspace: 6024K(6208K)->6024K(6208K) NonClass: 5392K(5504K)->5392K(5504K) Class: 632K(704K)->632K(704K)
[2026-03-25T20:41:34.769+0900][16.465s][info][gc          ] GC(211) Pause Young (Normal) (G1 Evacuation Pause) 154M->10M(264M) 1.561ms
[2026-03-25T20:41:34.769+0900][16.465s][info][gc,cpu      ] GC(211) User=0.00s Sys=0.00s Real=0.00s
[2026-03-25T20:41:34.880+0900][16.575s][info][gc,start    ] GC(212) Pause Young (Normal) (G1 Evacuation Pause)
[2026-03-25T20:41:34.880+0900][16.576s][info][gc,task     ] GC(212) Using 6 workers of 9 for evacuation
[2026-03-25T20:41:34.881+0900][16.577s][info][gc,phases   ] GC(212)   Pre Evacuate Collection Set: 0.06ms
[2026-03-25T20:41:34.881+0900][16.577s][info][gc,phases   ] GC(212)   Merge Heap Roots: 0.03ms
[2026-03-25T20:41:34.881+0900][16.577s][info][gc,phases   ] GC(212)   Evacuate Collection Set: 1.05ms
[2026-03-25T20:41:34.882+0900][16.577s][info][gc,phases   ] GC(212)   Post Evacuate Collection Set: 0.15ms
[2026-03-25T20:41:34.882+0900][16.577s][info][gc,phases   ] GC(212)   Other: 0.09ms
[2026-03-25T20:41:34.882+0900][16.577s][info][gc,heap     ] GC(212) Eden regions: 18->0(18)
[2026-03-25T20:41:34.882+0900][16.577s][info][gc,heap     ] GC(212) Survivor regions: 1->1(3)
[2026-03-25T20:41:34.882+0900][16.577s][info][gc,heap     ] GC(212) Old regions: 2->2
[2026-03-25T20:41:34.882+0900][16.577s][info][gc,heap     ] GC(212) Humongous regions: 0->0
[2026-03-25T20:41:34.882+0900][16.577s][info][gc,metaspace] GC(212) Metaspace: 6024K(6208K)->6024K(6208K) NonClass: 5392K(5504K)->5392K(5504K) Class: 632K(704K)->632K(704K)
[2026-03-25T20:41:34.882+0900][16.577s][info][gc          ] GC(212) Pause Young (Normal) (G1 Evacuation Pause) 154M->10M(264M) 1.693ms
[2026-03-25T20:41:34.882+0900][16.577s][info][gc,cpu      ] GC(212) User=0.00s Sys=0.00s Real=0.00s
[2026-03-25T20:41:34.939+0900][16.634s][info][gc,start    ] GC(213) Pause Young (Normal) (G1 Evacuation Pause)
[2026-03-25T20:41:34.939+0900][16.634s][info][gc,task     ] GC(213) Using 6 workers of 9 for evacuation
[2026-03-25T20:41:34.941+0900][16.636s][info][gc,phases   ] GC(213)   Pre Evacuate Collection Set: 0.06ms
[2026-03-25T20:41:34.941+0900][16.636s][info][gc,phases   ] GC(213)   Merge Heap Roots: 0.02ms
[2026-03-25T20:41:34.941+0900][16.636s][info][gc,phases   ] GC(213)   Evacuate Collection Set: 1.27ms
[2026-03-25T20:41:34.941+0900][16.636s][info][gc,phases   ] GC(213)   Post Evacuate Collection Set: 0.16ms
[2026-03-25T20:41:34.941+0900][16.636s][info][gc,phases   ] GC(213)   Other: 0.11ms
[2026-03-25T20:41:34.941+0900][16.636s][info][gc,heap     ] GC(213) Eden regions: 18->0(18)
[2026-03-25T20:41:34.941+0900][16.636s][info][gc,heap     ] GC(213) Survivor regions: 1->1(3)
[2026-03-25T20:41:34.941+0900][16.636s][info][gc,heap     ] GC(213) Old regions: 2->2
[2026-03-25T20:41:34.941+0900][16.636s][info][gc,heap     ] GC(213) Humongous regions: 0->0
[2026-03-25T20:41:34.941+0900][16.636s][info][gc,metaspace] GC(213) Metaspace: 6024K(6208K)->6024K(6208K) NonClass: 5392K(5504K)->5392K(5504K) Class: 632K(704K)->632K(704K)
[2026-03-25T20:41:34.941+0900][16.636s][info][gc          ] GC(213) Pause Young (Normal) (G1 Evacuation Pause) 154M->10M(264M) 1.884ms
[2026-03-25T20:41:34.941+0900][16.636s][info][gc,cpu      ] GC(213) User=0.00s Sys=0.00s Real=0.01s
[2026-03-25T20:41:34.999+0900][16.695s][info][gc,start    ] GC(214) Pause Young (Normal) (G1 Evacuation Pause)
[2026-03-25T20:41:35.000+0900][16.695s][info][gc,task     ] GC(214) Using 6 workers of 9 for evacuation
[2026-03-25T20:41:35.001+0900][16.696s][info][gc,phases   ] GC(214)   Pre Evacuate Collection Set: 0.06ms
[2026-03-25T20:41:35.001+0900][16.696s][info][gc,phases   ] GC(214)   Merge Heap Roots: 0.03ms
[2026-03-25T20:41:35.001+0900][16.696s][info][gc,phases   ] GC(214)   Evacuate Collection Set: 1.02ms
[2026-03-25T20:41:35.001+0900][16.696s][info][gc,phases   ] GC(214)   Post Evacuate Collection Set: 0.15ms
[2026-03-25T20:41:35.001+0900][16.696s][info][gc,phases   ] GC(214)   Other: 0.08ms
[2026-03-25T20:41:35.001+0900][16.696s][info][gc,heap     ] GC(214) Eden regions: 18->0(18)
[2026-03-25T20:41:35.001+0900][16.696s][info][gc,heap     ] GC(214) Survivor regions: 1->1(3)
[2026-03-25T20:41:35.001+0900][16.696s][info][gc,heap     ] GC(214) Old regions: 2->2
[2026-03-25T20:41:35.001+0900][16.697s][info][gc,heap     ] GC(214) Humongous regions: 0->0
[2026-03-25T20:41:35.001+0900][16.697s][info][gc,metaspace] GC(214) Metaspace: 6024K(6208K)->6024K(6208K) NonClass: 5392K(5504K)->5392K(5504K) Class: 632K(704K)->632K(704K)
[2026-03-25T20:41:35.001+0900][16.697s][info][gc          ] GC(214) Pause Young (Normal) (G1 Evacuation Pause) 154M->10M(264M) 1.657ms
[2026-03-25T20:41:35.001+0900][16.697s][info][gc,cpu      ] GC(214) User=0.00s Sys=0.00s Real=0.01s
[2026-03-25T20:41:35.116+0900][16.811s][info][gc,start    ] GC(215) Pause Young (Normal) (G1 Evacuation Pause)
[2026-03-25T20:41:35.116+0900][16.811s][info][gc,task     ] GC(215) Using 6 workers of 9 for evacuation
[2026-03-25T20:41:35.117+0900][16.813s][info][gc,phases   ] GC(215)   Pre Evacuate Collection Set: 0.07ms
[2026-03-25T20:41:35.117+0900][16.813s][info][gc,phases   ] GC(215)   Merge Heap Roots: 0.03ms
[2026-03-25T20:41:35.117+0900][16.813s][info][gc,phases   ] GC(215)   Evacuate Collection Set: 1.01ms
[2026-03-25T20:41:35.117+0900][16.813s][info][gc,phases   ] GC(215)   Post Evacuate Collection Set: 0.15ms
[2026-03-25T20:41:35.117+0900][16.813s][info][gc,phases   ] GC(215)   Other: 0.09ms
[2026-03-25T20:41:35.117+0900][16.813s][info][gc,heap     ] GC(215) Eden regions: 18->0(18)
[2026-03-25T20:41:35.117+0900][16.813s][info][gc,heap     ] GC(215) Survivor regions: 1->1(3)
[2026-03-25T20:41:35.117+0900][16.813s][info][gc,heap     ] GC(215) Old regions: 2->2
[2026-03-25T20:41:35.117+0900][16.813s][info][gc,heap     ] GC(215) Humongous regions: 0->0
[2026-03-25T20:41:35.117+0900][16.813s][info][gc,metaspace] GC(215) Metaspace: 6024K(6208K)->6024K(6208K) NonClass: 5392K(5504K)->5392K(5504K) Class: 632K(704K)->632K(704K)
[2026-03-25T20:41:35.117+0900][16.813s][info][gc          ] GC(215) Pause Young (Normal) (G1 Evacuation Pause) 154M->10M(264M) 1.670ms
[2026-03-25T20:41:35.117+0900][16.813s][info][gc,cpu      ] GC(215) User=0.00s Sys=0.00s Real=0.00s
[2026-03-25T20:41:35.173+0900][16.869s][info][gc,start    ] GC(216) Pause Young (Normal) (G1 Evacuation Pause)
[2026-03-25T20:41:35.173+0900][16.869s][info][gc,task     ] GC(216) Using 6 workers of 9 for evacuation
[2026-03-25T20:41:35.174+0900][16.870s][info][gc,phases   ] GC(216)   Pre Evacuate Collection Set: 0.06ms
[2026-03-25T20:41:35.174+0900][16.870s][info][gc,phases   ] GC(216)   Merge Heap Roots: 0.02ms
[2026-03-25T20:41:35.174+0900][16.870s][info][gc,phases   ] GC(216)   Evacuate Collection Set: 0.79ms
[2026-03-25T20:41:35.174+0900][16.870s][info][gc,phases   ] GC(216)   Post Evacuate Collection Set: 0.12ms
[2026-03-25T20:41:35.174+0900][16.870s][info][gc,phases   ] GC(216)   Other: 0.07ms
[2026-03-25T20:41:35.174+0900][16.870s][info][gc,heap     ] GC(216) Eden regions: 18->0(18)
[2026-03-25T20:41:35.174+0900][16.870s][info][gc,heap     ] GC(216) Survivor regions: 1->1(3)
[2026-03-25T20:41:35.174+0900][16.870s][info][gc,heap     ] GC(216) Old regions: 2->2
[2026-03-25T20:41:35.174+0900][16.870s][info][gc,heap     ] GC(216) Humongous regions: 0->0
[2026-03-25T20:41:35.174+0900][16.870s][info][gc,metaspace] GC(216) Metaspace: 6024K(6208K)->6024K(6208K) NonClass: 5392K(5504K)->5392K(5504K) Class: 632K(704K)->632K(704K)
[2026-03-25T20:41:35.175+0900][16.870s][info][gc          ] GC(216) Pause Young (Normal) (G1 Evacuation Pause) 154M->10M(264M) 1.293ms
[2026-03-25T20:41:35.175+0900][16.870s][info][gc,cpu      ] GC(216) User=0.00s Sys=0.00s Real=0.00s
[2026-03-25T20:41:35.234+0900][16.929s][info][gc,start    ] GC(217) Pause Young (Normal) (G1 Evacuation Pause)
[2026-03-25T20:41:35.234+0900][16.929s][info][gc,task     ] GC(217) Using 6 workers of 9 for evacuation
[2026-03-25T20:41:35.235+0900][16.931s][info][gc,phases   ] GC(217)   Pre Evacuate Collection Set: 0.07ms
[2026-03-25T20:41:35.235+0900][16.931s][info][gc,phases   ] GC(217)   Merge Heap Roots: 0.03ms
[2026-03-25T20:41:35.235+0900][16.931s][info][gc,phases   ] GC(217)   Evacuate Collection Set: 0.93ms
[2026-03-25T20:41:35.235+0900][16.931s][info][gc,phases   ] GC(217)   Post Evacuate Collection Set: 0.16ms
[2026-03-25T20:41:35.235+0900][16.931s][info][gc,phases   ] GC(217)   Other: 0.08ms
[2026-03-25T20:41:35.235+0900][16.931s][info][gc,heap     ] GC(217) Eden regions: 18->0(18)
[2026-03-25T20:41:35.235+0900][16.931s][info][gc,heap     ] GC(217) Survivor regions: 1->1(3)
[2026-03-25T20:41:35.235+0900][16.931s][info][gc,heap     ] GC(217) Old regions: 2->2
[2026-03-25T20:41:35.235+0900][16.931s][info][gc,heap     ] GC(217) Humongous regions: 0->0
[2026-03-25T20:41:35.235+0900][16.931s][info][gc,metaspace] GC(217) Metaspace: 6024K(6208K)->6024K(6208K) NonClass: 5392K(5504K)->5392K(5504K) Class: 632K(704K)->632K(704K)
[2026-03-25T20:41:35.235+0900][16.931s][info][gc          ] GC(217) Pause Young (Normal) (G1 Evacuation Pause) 154M->10M(264M) 1.567ms
[2026-03-25T20:41:35.235+0900][16.931s][info][gc,cpu      ] GC(217) User=0.01s Sys=0.01s Real=0.00s
[2026-03-25T20:41:35.346+0900][17.042s][info][gc,start    ] GC(218) Pause Young (Normal) (G1 Evacuation Pause)
[2026-03-25T20:41:35.346+0900][17.042s][info][gc,task     ] GC(218) Using 6 workers of 9 for evacuation
[2026-03-25T20:41:35.348+0900][17.043s][info][gc,phases   ] GC(218)   Pre Evacuate Collection Set: 0.06ms
[2026-03-25T20:41:35.348+0900][17.043s][info][gc,phases   ] GC(218)   Merge Heap Roots: 0.02ms
[2026-03-25T20:41:35.348+0900][17.043s][info][gc,phases   ] GC(218)   Evacuate Collection Set: 1.07ms
[2026-03-25T20:41:35.348+0900][17.043s][info][gc,phases   ] GC(218)   Post Evacuate Collection Set: 0.16ms
[2026-03-25T20:41:35.348+0900][17.043s][info][gc,phases   ] GC(218)   Other: 0.08ms
[2026-03-25T20:41:35.348+0900][17.043s][info][gc,heap     ] GC(218) Eden regions: 18->0(18)
[2026-03-25T20:41:35.348+0900][17.043s][info][gc,heap     ] GC(218) Survivor regions: 1->1(3)
[2026-03-25T20:41:35.348+0900][17.043s][info][gc,heap     ] GC(218) Old regions: 2->2
[2026-03-25T20:41:35.348+0900][17.043s][info][gc,heap     ] GC(218) Humongous regions: 0->0
[2026-03-25T20:41:35.348+0900][17.043s][info][gc,metaspace] GC(218) Metaspace: 6024K(6208K)->6024K(6208K) NonClass: 5392K(5504K)->5392K(5504K) Class: 632K(704K)->632K(704K)
[2026-03-25T20:41:35.348+0900][17.043s][info][gc          ] GC(218) Pause Young (Normal) (G1 Evacuation Pause) 154M->10M(264M) 1.743ms
[2026-03-25T20:41:35.348+0900][17.043s][info][gc,cpu      ] GC(218) User=0.01s Sys=0.00s Real=0.00s
[2026-03-25T20:41:35.404+0900][17.100s][info][gc,start    ] GC(219) Pause Young (Normal) (G1 Evacuation Pause)
[2026-03-25T20:41:35.404+0900][17.100s][info][gc,task     ] GC(219) Using 6 workers of 9 for evacuation
[2026-03-25T20:41:35.406+0900][17.101s][info][gc,phases   ] GC(219)   Pre Evacuate Collection Set: 0.06ms
[2026-03-25T20:41:35.406+0900][17.101s][info][gc,phases   ] GC(219)   Merge Heap Roots: 0.02ms
[2026-03-25T20:41:35.406+0900][17.101s][info][gc,phases   ] GC(219)   Evacuate Collection Set: 0.89ms
[2026-03-25T20:41:35.406+0900][17.101s][info][gc,phases   ] GC(219)   Post Evacuate Collection Set: 0.13ms
[2026-03-25T20:41:35.406+0900][17.101s][info][gc,phases   ] GC(219)   Other: 0.09ms
[2026-03-25T20:41:35.406+0900][17.101s][info][gc,heap     ] GC(219) Eden regions: 18->0(18)
[2026-03-25T20:41:35.406+0900][17.101s][info][gc,heap     ] GC(219) Survivor regions: 1->1(3)
[2026-03-25T20:41:35.406+0900][17.101s][info][gc,heap     ] GC(219) Old regions: 2->2
[2026-03-25T20:41:35.406+0900][17.101s][info][gc,heap     ] GC(219) Humongous regions: 0->0
[2026-03-25T20:41:35.406+0900][17.101s][info][gc,metaspace] GC(219) Metaspace: 6024K(6208K)->6024K(6208K) NonClass: 5392K(5504K)->5392K(5504K) Class: 632K(704K)->632K(704K)
[2026-03-25T20:41:35.406+0900][17.101s][info][gc          ] GC(219) Pause Young (Normal) (G1 Evacuation Pause) 154M->10M(264M) 1.446ms
[2026-03-25T20:41:35.406+0900][17.101s][info][gc,cpu      ] GC(219) User=0.01s Sys=0.00s Real=0.00s
[2026-03-25T20:41:35.465+0900][17.160s][info][gc,start    ] GC(220) Pause Young (Normal) (G1 Evacuation Pause)
[2026-03-25T20:41:35.465+0900][17.160s][info][gc,task     ] GC(220) Using 6 workers of 9 for evacuation
[2026-03-25T20:41:35.466+0900][17.161s][info][gc,phases   ] GC(220)   Pre Evacuate Collection Set: 0.05ms
[2026-03-25T20:41:35.466+0900][17.161s][info][gc,phases   ] GC(220)   Merge Heap Roots: 0.02ms
[2026-03-25T20:41:35.466+0900][17.161s][info][gc,phases   ] GC(220)   Evacuate Collection Set: 0.71ms
[2026-03-25T20:41:35.466+0900][17.161s][info][gc,phases   ] GC(220)   Post Evacuate Collection Set: 0.12ms
[2026-03-25T20:41:35.466+0900][17.161s][info][gc,phases   ] GC(220)   Other: 0.07ms
[2026-03-25T20:41:35.466+0900][17.161s][info][gc,heap     ] GC(220) Eden regions: 18->0(18)
[2026-03-25T20:41:35.466+0900][17.161s][info][gc,heap     ] GC(220) Survivor regions: 1->1(3)
[2026-03-25T20:41:35.466+0900][17.161s][info][gc,heap     ] GC(220) Old regions: 2->2
[2026-03-25T20:41:35.466+0900][17.161s][info][gc,heap     ] GC(220) Humongous regions: 0->0
[2026-03-25T20:41:35.466+0900][17.161s][info][gc,metaspace] GC(220) Metaspace: 6024K(6208K)->6024K(6208K) NonClass: 5392K(5504K)->5392K(5504K) Class: 632K(704K)->632K(704K)
[2026-03-25T20:41:35.466+0900][17.161s][info][gc          ] GC(220) Pause Young (Normal) (G1 Evacuation Pause) 154M->10M(264M) 1.229ms
[2026-03-25T20:41:35.466+0900][17.161s][info][gc,cpu      ] GC(220) User=0.00s Sys=0.00s Real=0.00s
[2026-03-25T20:41:35.580+0900][17.275s][info][gc,start    ] GC(221) Pause Young (Normal) (G1 Evacuation Pause)
[2026-03-25T20:41:35.580+0900][17.275s][info][gc,task     ] GC(221) Using 6 workers of 9 for evacuation
[2026-03-25T20:41:35.581+0900][17.276s][info][gc,phases   ] GC(221)   Pre Evacuate Collection Set: 0.05ms
[2026-03-25T20:41:35.581+0900][17.276s][info][gc,phases   ] GC(221)   Merge Heap Roots: 0.02ms
[2026-03-25T20:41:35.581+0900][17.276s][info][gc,phases   ] GC(221)   Evacuate Collection Set: 0.40ms
[2026-03-25T20:41:35.581+0900][17.276s][info][gc,phases   ] GC(221)   Post Evacuate Collection Set: 0.10ms
[2026-03-25T20:41:35.581+0900][17.276s][info][gc,phases   ] GC(221)   Other: 0.06ms
[2026-03-25T20:41:35.581+0900][17.276s][info][gc,heap     ] GC(221) Eden regions: 18->0(18)
[2026-03-25T20:41:35.581+0900][17.276s][info][gc,heap     ] GC(221) Survivor regions: 1->1(3)
[2026-03-25T20:41:35.581+0900][17.276s][info][gc,heap     ] GC(221) Old regions: 2->2
[2026-03-25T20:41:35.581+0900][17.276s][info][gc,heap     ] GC(221) Humongous regions: 0->0
[2026-03-25T20:41:35.581+0900][17.276s][info][gc,metaspace] GC(221) Metaspace: 6024K(6208K)->6024K(6208K) NonClass: 5392K(5504K)->5392K(5504K) Class: 632K(704K)->632K(704K)
[2026-03-25T20:41:35.581+0900][17.276s][info][gc          ] GC(221) Pause Young (Normal) (G1 Evacuation Pause) 154M->10M(264M) 0.845ms
[2026-03-25T20:41:35.581+0900][17.276s][info][gc,cpu      ] GC(221) User=0.00s Sys=0.00s Real=0.00s
[2026-03-25T20:41:35.640+0900][17.335s][info][gc,start    ] GC(222) Pause Young (Normal) (G1 Evacuation Pause)
[2026-03-25T20:41:35.640+0900][17.335s][info][gc,task     ] GC(222) Using 6 workers of 9 for evacuation
[2026-03-25T20:41:35.642+0900][17.337s][info][gc,phases   ] GC(222)   Pre Evacuate Collection Set: 0.06ms
[2026-03-25T20:41:35.642+0900][17.337s][info][gc,phases   ] GC(222)   Merge Heap Roots: 0.03ms
[2026-03-25T20:41:35.642+0900][17.337s][info][gc,phases   ] GC(222)   Evacuate Collection Set: 1.45ms
[2026-03-25T20:41:35.642+0900][17.337s][info][gc,phases   ] GC(222)   Post Evacuate Collection Set: 0.14ms
[2026-03-25T20:41:35.642+0900][17.337s][info][gc,phases   ] GC(222)   Other: 0.09ms
[2026-03-25T20:41:35.642+0900][17.337s][info][gc,heap     ] GC(222) Eden regions: 18->0(18)
[2026-03-25T20:41:35.642+0900][17.337s][info][gc,heap     ] GC(222) Survivor regions: 1->1(3)
[2026-03-25T20:41:35.642+0900][17.337s][info][gc,heap     ] GC(222) Old regions: 2->2
[2026-03-25T20:41:35.642+0900][17.337s][info][gc,heap     ] GC(222) Humongous regions: 0->0
[2026-03-25T20:41:35.642+0900][17.337s][info][gc,metaspace] GC(222) Metaspace: 6024K(6208K)->6024K(6208K) NonClass: 5392K(5504K)->5392K(5504K) Class: 632K(704K)->632K(704K)
[2026-03-25T20:41:35.642+0900][17.337s][info][gc          ] GC(222) Pause Young (Normal) (G1 Evacuation Pause) 154M->10M(264M) 2.091ms
[2026-03-25T20:41:35.642+0900][17.337s][info][gc,cpu      ] GC(222) User=0.00s Sys=0.00s Real=0.00s
[2026-03-25T20:41:35.701+0900][17.396s][info][gc,start    ] GC(223) Pause Young (Normal) (G1 Evacuation Pause)
[2026-03-25T20:41:35.701+0900][17.397s][info][gc,task     ] GC(223) Using 6 workers of 9 for evacuation
[2026-03-25T20:41:35.702+0900][17.398s][info][gc,phases   ] GC(223)   Pre Evacuate Collection Set: 0.07ms
[2026-03-25T20:41:35.702+0900][17.398s][info][gc,phases   ] GC(223)   Merge Heap Roots: 0.02ms
[2026-03-25T20:41:35.702+0900][17.398s][info][gc,phases   ] GC(223)   Evacuate Collection Set: 1.04ms
[2026-03-25T20:41:35.703+0900][17.398s][info][gc,phases   ] GC(223)   Post Evacuate Collection Set: 0.13ms
[2026-03-25T20:41:35.703+0900][17.398s][info][gc,phases   ] GC(223)   Other: 0.07ms
[2026-03-25T20:41:35.703+0900][17.398s][info][gc,heap     ] GC(223) Eden regions: 18->0(18)
[2026-03-25T20:41:35.703+0900][17.398s][info][gc,heap     ] GC(223) Survivor regions: 1->1(3)
[2026-03-25T20:41:35.703+0900][17.398s][info][gc,heap     ] GC(223) Old regions: 2->2
[2026-03-25T20:41:35.703+0900][17.398s][info][gc,heap     ] GC(223) Humongous regions: 0->0
[2026-03-25T20:41:35.703+0900][17.398s][info][gc,metaspace] GC(223) Metaspace: 6024K(6208K)->6024K(6208K) NonClass: 5392K(5504K)->5392K(5504K) Class: 632K(704K)->632K(704K)
[2026-03-25T20:41:35.703+0900][17.398s][info][gc          ] GC(223) Pause Young (Normal) (G1 Evacuation Pause) 154M->10M(264M) 1.616ms
[2026-03-25T20:41:35.703+0900][17.398s][info][gc,cpu      ] GC(223) User=0.01s Sys=0.00s Real=0.00s
[2026-03-25T20:41:35.814+0900][17.509s][info][gc,start    ] GC(224) Pause Young (Normal) (G1 Evacuation Pause)
[2026-03-25T20:41:35.814+0900][17.510s][info][gc,task     ] GC(224) Using 6 workers of 9 for evacuation
[2026-03-25T20:41:35.816+0900][17.511s][info][gc,phases   ] GC(224)   Pre Evacuate Collection Set: 0.09ms
[2026-03-25T20:41:35.816+0900][17.511s][info][gc,phases   ] GC(224)   Merge Heap Roots: 0.04ms
[2026-03-25T20:41:35.816+0900][17.511s][info][gc,phases   ] GC(224)   Evacuate Collection Set: 1.10ms
[2026-03-25T20:41:35.816+0900][17.511s][info][gc,phases   ] GC(224)   Post Evacuate Collection Set: 0.15ms
[2026-03-25T20:41:35.816+0900][17.511s][info][gc,phases   ] GC(224)   Other: 0.09ms
[2026-03-25T20:41:35.816+0900][17.511s][info][gc,heap     ] GC(224) Eden regions: 18->0(18)
[2026-03-25T20:41:35.816+0900][17.511s][info][gc,heap     ] GC(224) Survivor regions: 1->1(3)
[2026-03-25T20:41:35.816+0900][17.511s][info][gc,heap     ] GC(224) Old regions: 2->2
[2026-03-25T20:41:35.816+0900][17.511s][info][gc,heap     ] GC(224) Humongous regions: 0->0
[2026-03-25T20:41:35.816+0900][17.511s][info][gc,metaspace] GC(224) Metaspace: 6028K(6208K)->6028K(6208K) NonClass: 5395K(5504K)->5395K(5504K) Class: 632K(704K)->632K(704K)
[2026-03-25T20:41:35.816+0900][17.511s][info][gc          ] GC(224) Pause Young (Normal) (G1 Evacuation Pause) 154M->10M(264M) 1.829ms
[2026-03-25T20:41:35.816+0900][17.511s][info][gc,cpu      ] GC(224) User=0.00s Sys=0.00s Real=0.00s
[2026-03-25T20:41:35.873+0900][17.569s][info][gc,start    ] GC(225) Pause Young (Normal) (G1 Evacuation Pause)
[2026-03-25T20:41:35.874+0900][17.569s][info][gc,task     ] GC(225) Using 6 workers of 9 for evacuation
[2026-03-25T20:41:35.875+0900][17.570s][info][gc,phases   ] GC(225)   Pre Evacuate Collection Set: 0.05ms
[2026-03-25T20:41:35.875+0900][17.570s][info][gc,phases   ] GC(225)   Merge Heap Roots: 0.02ms
[2026-03-25T20:41:35.875+0900][17.570s][info][gc,phases   ] GC(225)   Evacuate Collection Set: 0.78ms
[2026-03-25T20:41:35.875+0900][17.570s][info][gc,phases   ] GC(225)   Post Evacuate Collection Set: 0.15ms
[2026-03-25T20:41:35.875+0900][17.570s][info][gc,phases   ] GC(225)   Other: 0.08ms
[2026-03-25T20:41:35.875+0900][17.570s][info][gc,heap     ] GC(225) Eden regions: 18->0(18)
[2026-03-25T20:41:35.875+0900][17.570s][info][gc,heap     ] GC(225) Survivor regions: 1->1(3)
[2026-03-25T20:41:35.875+0900][17.570s][info][gc,heap     ] GC(225) Old regions: 2->2
[2026-03-25T20:41:35.875+0900][17.570s][info][gc,heap     ] GC(225) Humongous regions: 0->0
[2026-03-25T20:41:35.875+0900][17.570s][info][gc,metaspace] GC(225) Metaspace: 6029K(6208K)->6029K(6208K) NonClass: 5396K(5504K)->5396K(5504K) Class: 632K(704K)->632K(704K)
[2026-03-25T20:41:35.875+0900][17.570s][info][gc          ] GC(225) Pause Young (Normal) (G1 Evacuation Pause) 154M->10M(264M) 1.376ms
[2026-03-25T20:41:35.875+0900][17.570s][info][gc,cpu      ] GC(225) User=0.00s Sys=0.00s Real=0.00s
[2026-03-25T20:41:35.988+0900][17.684s][info][gc,start    ] GC(226) Pause Young (Normal) (G1 Evacuation Pause)
[2026-03-25T20:41:35.988+0900][17.684s][info][gc,task     ] GC(226) Using 6 workers of 9 for evacuation
[2026-03-25T20:41:35.990+0900][17.686s][info][gc,phases   ] GC(226)   Pre Evacuate Collection Set: 0.07ms
[2026-03-25T20:41:35.990+0900][17.686s][info][gc,phases   ] GC(226)   Merge Heap Roots: 0.03ms
[2026-03-25T20:41:35.990+0900][17.686s][info][gc,phases   ] GC(226)   Evacuate Collection Set: 1.58ms
[2026-03-25T20:41:35.990+0900][17.686s][info][gc,phases   ] GC(226)   Post Evacuate Collection Set: 0.13ms
[2026-03-25T20:41:35.990+0900][17.686s][info][gc,phases   ] GC(226)   Other: 0.09ms
[2026-03-25T20:41:35.990+0900][17.686s][info][gc,heap     ] GC(226) Eden regions: 18->0(18)
[2026-03-25T20:41:35.990+0900][17.686s][info][gc,heap     ] GC(226) Survivor regions: 1->1(3)
[2026-03-25T20:41:35.990+0900][17.686s][info][gc,heap     ] GC(226) Old regions: 2->2
[2026-03-25T20:41:35.990+0900][17.686s][info][gc,heap     ] GC(226) Humongous regions: 0->0
[2026-03-25T20:41:35.990+0900][17.686s][info][gc,metaspace] GC(226) Metaspace: 6029K(6208K)->6029K(6208K) NonClass: 5396K(5504K)->5396K(5504K) Class: 632K(704K)->632K(704K)
[2026-03-25T20:41:35.990+0900][17.686s][info][gc          ] GC(226) Pause Young (Normal) (G1 Evacuation Pause) 154M->10M(264M) 2.212ms
[2026-03-25T20:41:35.990+0900][17.686s][info][gc,cpu      ] GC(226) User=0.00s Sys=0.00s Real=0.01s
[2026-03-25T20:41:36.050+0900][17.745s][info][gc,start    ] GC(227) Pause Young (Normal) (G1 Evacuation Pause)
[2026-03-25T20:41:36.050+0900][17.745s][info][gc,task     ] GC(227) Using 6 workers of 9 for evacuation
[2026-03-25T20:41:36.051+0900][17.747s][info][gc,phases   ] GC(227)   Pre Evacuate Collection Set: 0.09ms
[2026-03-25T20:41:36.051+0900][17.747s][info][gc,phases   ] GC(227)   Merge Heap Roots: 0.04ms
[2026-03-25T20:41:36.051+0900][17.747s][info][gc,phases   ] GC(227)   Evacuate Collection Set: 1.11ms
[2026-03-25T20:41:36.051+0900][17.747s][info][gc,phases   ] GC(227)   Post Evacuate Collection Set: 0.16ms
[2026-03-25T20:41:36.051+0900][17.747s][info][gc,phases   ] GC(227)   Other: 0.09ms
[2026-03-25T20:41:36.051+0900][17.747s][info][gc,heap     ] GC(227) Eden regions: 18->0(18)
[2026-03-25T20:41:36.052+0900][17.747s][info][gc,heap     ] GC(227) Survivor regions: 1->1(3)
[2026-03-25T20:41:36.052+0900][17.747s][info][gc,heap     ] GC(227) Old regions: 2->2
[2026-03-25T20:41:36.052+0900][17.747s][info][gc,heap     ] GC(227) Humongous regions: 0->0
[2026-03-25T20:41:36.052+0900][17.747s][info][gc,metaspace] GC(227) Metaspace: 6029K(6208K)->6029K(6208K) NonClass: 5396K(5504K)->5396K(5504K) Class: 632K(704K)->632K(704K)
[2026-03-25T20:41:36.052+0900][17.747s][info][gc          ] GC(227) Pause Young (Normal) (G1 Evacuation Pause) 154M->10M(264M) 1.841ms
[2026-03-25T20:41:36.052+0900][17.747s][info][gc,cpu      ] GC(227) User=0.00s Sys=0.00s Real=0.00s
[2026-03-25T20:41:36.107+0900][17.802s][info][gc,start    ] GC(228) Pause Young (Normal) (G1 Evacuation Pause)
[2026-03-25T20:41:36.107+0900][17.802s][info][gc,task     ] GC(228) Using 6 workers of 9 for evacuation
[2026-03-25T20:41:36.108+0900][17.804s][info][gc,phases   ] GC(228)   Pre Evacuate Collection Set: 0.06ms
[2026-03-25T20:41:36.108+0900][17.804s][info][gc,phases   ] GC(228)   Merge Heap Roots: 0.03ms
[2026-03-25T20:41:36.108+0900][17.804s][info][gc,phases   ] GC(228)   Evacuate Collection Set: 0.76ms
[2026-03-25T20:41:36.108+0900][17.804s][info][gc,phases   ] GC(228)   Post Evacuate Collection Set: 0.12ms
[2026-03-25T20:41:36.108+0900][17.804s][info][gc,phases   ] GC(228)   Other: 0.08ms
[2026-03-25T20:41:36.108+0900][17.804s][info][gc,heap     ] GC(228) Eden regions: 18->0(18)
[2026-03-25T20:41:36.108+0900][17.804s][info][gc,heap     ] GC(228) Survivor regions: 1->1(3)
[2026-03-25T20:41:36.108+0900][17.804s][info][gc,heap     ] GC(228) Old regions: 2->2
[2026-03-25T20:41:36.108+0900][17.804s][info][gc,heap     ] GC(228) Humongous regions: 0->0
[2026-03-25T20:41:36.108+0900][17.804s][info][gc,metaspace] GC(228) Metaspace: 6029K(6208K)->6029K(6208K) NonClass: 5396K(5504K)->5396K(5504K) Class: 632K(704K)->632K(704K)
[2026-03-25T20:41:36.108+0900][17.804s][info][gc          ] GC(228) Pause Young (Normal) (G1 Evacuation Pause) 154M->10M(264M) 1.296ms
[2026-03-25T20:41:36.108+0900][17.804s][info][gc,cpu      ] GC(228) User=0.00s Sys=0.00s Real=0.00s
[2026-03-25T20:41:36.219+0900][17.914s][info][gc,start    ] GC(229) Pause Young (Normal) (G1 Evacuation Pause)
[2026-03-25T20:41:36.219+0900][17.914s][info][gc,task     ] GC(229) Using 6 workers of 9 for evacuation
[2026-03-25T20:41:36.220+0900][17.916s][info][gc,phases   ] GC(229)   Pre Evacuate Collection Set: 0.10ms
[2026-03-25T20:41:36.220+0900][17.916s][info][gc,phases   ] GC(229)   Merge Heap Roots: 0.04ms
[2026-03-25T20:41:36.220+0900][17.916s][info][gc,phases   ] GC(229)   Evacuate Collection Set: 1.09ms
[2026-03-25T20:41:36.220+0900][17.916s][info][gc,phases   ] GC(229)   Post Evacuate Collection Set: 0.18ms
[2026-03-25T20:41:36.220+0900][17.916s][info][gc,phases   ] GC(229)   Other: 0.11ms
[2026-03-25T20:41:36.220+0900][17.916s][info][gc,heap     ] GC(229) Eden regions: 18->0(18)
[2026-03-25T20:41:36.220+0900][17.916s][info][gc,heap     ] GC(229) Survivor regions: 1->1(3)
[2026-03-25T20:41:36.220+0900][17.916s][info][gc,heap     ] GC(229) Old regions: 2->2
[2026-03-25T20:41:36.220+0900][17.916s][info][gc,heap     ] GC(229) Humongous regions: 0->0
[2026-03-25T20:41:36.220+0900][17.916s][info][gc,metaspace] GC(229) Metaspace: 6029K(6208K)->6029K(6208K) NonClass: 5396K(5504K)->5396K(5504K) Class: 632K(704K)->632K(704K)
[2026-03-25T20:41:36.220+0900][17.916s][info][gc          ] GC(229) Pause Young (Normal) (G1 Evacuation Pause) 154M->10M(264M) 1.912ms
[2026-03-25T20:41:36.220+0900][17.916s][info][gc,cpu      ] GC(229) User=0.00s Sys=0.00s Real=0.01s
[2026-03-25T20:41:36.280+0900][17.976s][info][gc,start    ] GC(230) Pause Young (Normal) (G1 Evacuation Pause)
[2026-03-25T20:41:36.280+0900][17.976s][info][gc,task     ] GC(230) Using 6 workers of 9 for evacuation
[2026-03-25T20:41:36.282+0900][17.977s][info][gc,phases   ] GC(230)   Pre Evacuate Collection Set: 0.07ms
[2026-03-25T20:41:36.282+0900][17.977s][info][gc,phases   ] GC(230)   Merge Heap Roots: 0.03ms
[2026-03-25T20:41:36.282+0900][17.977s][info][gc,phases   ] GC(230)   Evacuate Collection Set: 1.06ms
[2026-03-25T20:41:36.282+0900][17.977s][info][gc,phases   ] GC(230)   Post Evacuate Collection Set: 0.18ms
[2026-03-25T20:41:36.282+0900][17.977s][info][gc,phases   ] GC(230)   Other: 0.10ms
[2026-03-25T20:41:36.282+0900][17.977s][info][gc,heap     ] GC(230) Eden regions: 18->0(18)
[2026-03-25T20:41:36.282+0900][17.977s][info][gc,heap     ] GC(230) Survivor regions: 1->1(3)
[2026-03-25T20:41:36.282+0900][17.977s][info][gc,heap     ] GC(230) Old regions: 2->2
[2026-03-25T20:41:36.282+0900][17.977s][info][gc,heap     ] GC(230) Humongous regions: 0->0
[2026-03-25T20:41:36.282+0900][17.977s][info][gc,metaspace] GC(230) Metaspace: 6029K(6208K)->6029K(6208K) NonClass: 5396K(5504K)->5396K(5504K) Class: 632K(704K)->632K(704K)
[2026-03-25T20:41:36.282+0900][17.977s][info][gc          ] GC(230) Pause Young (Normal) (G1 Evacuation Pause) 154M->10M(264M) 1.803ms
[2026-03-25T20:41:36.282+0900][17.977s][info][gc,cpu      ] GC(230) User=0.00s Sys=0.01s Real=0.00s
[2026-03-25T20:41:36.340+0900][18.036s][info][gc,start    ] GC(231) Pause Young (Normal) (G1 Evacuation Pause)
[2026-03-25T20:41:36.340+0900][18.036s][info][gc,task     ] GC(231) Using 6 workers of 9 for evacuation
[2026-03-25T20:41:36.341+0900][18.037s][info][gc,phases   ] GC(231)   Pre Evacuate Collection Set: 0.07ms
[2026-03-25T20:41:36.342+0900][18.037s][info][gc,phases   ] GC(231)   Merge Heap Roots: 0.03ms
[2026-03-25T20:41:36.342+0900][18.037s][info][gc,phases   ] GC(231)   Evacuate Collection Set: 0.78ms
[2026-03-25T20:41:36.342+0900][18.037s][info][gc,phases   ] GC(231)   Post Evacuate Collection Set: 0.14ms
[2026-03-25T20:41:36.342+0900][18.037s][info][gc,phases   ] GC(231)   Other: 0.11ms
[2026-03-25T20:41:36.342+0900][18.037s][info][gc,heap     ] GC(231) Eden regions: 18->0(18)
[2026-03-25T20:41:36.342+0900][18.037s][info][gc,heap     ] GC(231) Survivor regions: 1->1(3)
[2026-03-25T20:41:36.342+0900][18.037s][info][gc,heap     ] GC(231) Old regions: 2->2
[2026-03-25T20:41:36.342+0900][18.037s][info][gc,heap     ] GC(231) Humongous regions: 0->0
[2026-03-25T20:41:36.342+0900][18.037s][info][gc,metaspace] GC(231) Metaspace: 6029K(6208K)->6029K(6208K) NonClass: 5396K(5504K)->5396K(5504K) Class: 632K(704K)->632K(704K)
[2026-03-25T20:41:36.342+0900][18.037s][info][gc          ] GC(231) Pause Young (Normal) (G1 Evacuation Pause) 154M->10M(264M) 1.497ms
[2026-03-25T20:41:36.342+0900][18.037s][info][gc,cpu      ] GC(231) User=0.00s Sys=0.00s Real=0.00s
[2026-03-25T20:41:36.450+0900][18.145s][info][gc,start    ] GC(232) Pause Young (Normal) (G1 Evacuation Pause)
[2026-03-25T20:41:36.450+0900][18.145s][info][gc,task     ] GC(232) Using 6 workers of 9 for evacuation
[2026-03-25T20:41:36.452+0900][18.147s][info][gc,phases   ] GC(232)   Pre Evacuate Collection Set: 0.09ms
[2026-03-25T20:41:36.452+0900][18.147s][info][gc,phases   ] GC(232)   Merge Heap Roots: 0.05ms
[2026-03-25T20:41:36.452+0900][18.147s][info][gc,phases   ] GC(232)   Evacuate Collection Set: 1.19ms
[2026-03-25T20:41:36.452+0900][18.147s][info][gc,phases   ] GC(232)   Post Evacuate Collection Set: 0.21ms
[2026-03-25T20:41:36.452+0900][18.147s][info][gc,phases   ] GC(232)   Other: 0.12ms
[2026-03-25T20:41:36.452+0900][18.147s][info][gc,heap     ] GC(232) Eden regions: 18->0(18)
[2026-03-25T20:41:36.452+0900][18.147s][info][gc,heap     ] GC(232) Survivor regions: 1->1(3)
[2026-03-25T20:41:36.452+0900][18.147s][info][gc,heap     ] GC(232) Old regions: 2->2
[2026-03-25T20:41:36.452+0900][18.147s][info][gc,heap     ] GC(232) Humongous regions: 0->0
[2026-03-25T20:41:36.452+0900][18.147s][info][gc,metaspace] GC(232) Metaspace: 6029K(6208K)->6029K(6208K) NonClass: 5396K(5504K)->5396K(5504K) Class: 632K(704K)->632K(704K)
[2026-03-25T20:41:36.452+0900][18.147s][info][gc          ] GC(232) Pause Young (Normal) (G1 Evacuation Pause) 154M->10M(264M) 2.115ms
[2026-03-25T20:41:36.452+0900][18.147s][info][gc,cpu      ] GC(232) User=0.01s Sys=0.00s Real=0.00s
[2026-03-25T20:41:36.511+0900][18.206s][info][gc,start    ] GC(233) Pause Young (Normal) (G1 Evacuation Pause)
[2026-03-25T20:41:36.511+0900][18.207s][info][gc,task     ] GC(233) Using 6 workers of 9 for evacuation
[2026-03-25T20:41:36.513+0900][18.208s][info][gc,phases   ] GC(233)   Pre Evacuate Collection Set: 0.09ms
[2026-03-25T20:41:36.513+0900][18.208s][info][gc,phases   ] GC(233)   Merge Heap Roots: 0.04ms
[2026-03-25T20:41:36.513+0900][18.208s][info][gc,phases   ] GC(233)   Evacuate Collection Set: 1.12ms
[2026-03-25T20:41:36.513+0900][18.208s][info][gc,phases   ] GC(233)   Post Evacuate Collection Set: 0.16ms
[2026-03-25T20:41:36.513+0900][18.208s][info][gc,phases   ] GC(233)   Other: 0.11ms
[2026-03-25T20:41:36.513+0900][18.208s][info][gc,heap     ] GC(233) Eden regions: 18->0(18)
[2026-03-25T20:41:36.513+0900][18.208s][info][gc,heap     ] GC(233) Survivor regions: 1->1(3)
[2026-03-25T20:41:36.513+0900][18.208s][info][gc,heap     ] GC(233) Old regions: 2->2
[2026-03-25T20:41:36.513+0900][18.208s][info][gc,heap     ] GC(233) Humongous regions: 0->0
[2026-03-25T20:41:36.513+0900][18.208s][info][gc,metaspace] GC(233) Metaspace: 6029K(6208K)->6029K(6208K) NonClass: 5396K(5504K)->5396K(5504K) Class: 632K(704K)->632K(704K)
[2026-03-25T20:41:36.513+0900][18.208s][info][gc          ] GC(233) Pause Young (Normal) (G1 Evacuation Pause) 154M->10M(264M) 1.835ms
[2026-03-25T20:41:36.513+0900][18.208s][info][gc,cpu      ] GC(233) User=0.00s Sys=0.00s Real=0.00s
[2026-03-25T20:41:36.572+0900][18.267s][info][gc,start    ] GC(234) Pause Young (Normal) (G1 Evacuation Pause)
[2026-03-25T20:41:36.572+0900][18.267s][info][gc,task     ] GC(234) Using 6 workers of 9 for evacuation
[2026-03-25T20:41:36.573+0900][18.269s][info][gc,phases   ] GC(234)   Pre Evacuate Collection Set: 0.10ms
[2026-03-25T20:41:36.573+0900][18.269s][info][gc,phases   ] GC(234)   Merge Heap Roots: 0.05ms
[2026-03-25T20:41:36.573+0900][18.269s][info][gc,phases   ] GC(234)   Evacuate Collection Set: 1.30ms
[2026-03-25T20:41:36.574+0900][18.269s][info][gc,phases   ] GC(234)   Post Evacuate Collection Set: 0.15ms
[2026-03-25T20:41:36.574+0900][18.269s][info][gc,phases   ] GC(234)   Other: 0.11ms
[2026-03-25T20:41:36.574+0900][18.269s][info][gc,heap     ] GC(234) Eden regions: 18->0(18)
[2026-03-25T20:41:36.574+0900][18.269s][info][gc,heap     ] GC(234) Survivor regions: 1->1(3)
[2026-03-25T20:41:36.574+0900][18.269s][info][gc,heap     ] GC(234) Old regions: 2->2
[2026-03-25T20:41:36.574+0900][18.269s][info][gc,heap     ] GC(234) Humongous regions: 0->0
[2026-03-25T20:41:36.574+0900][18.269s][info][gc,metaspace] GC(234) Metaspace: 6029K(6208K)->6029K(6208K) NonClass: 5396K(5504K)->5396K(5504K) Class: 632K(704K)->632K(704K)
[2026-03-25T20:41:36.574+0900][18.269s][info][gc          ] GC(234) Pause Young (Normal) (G1 Evacuation Pause) 154M->10M(264M) 2.054ms
[2026-03-25T20:41:36.574+0900][18.269s][info][gc,cpu      ] GC(234) User=0.00s Sys=0.00s Real=0.00s
[2026-03-25T20:41:36.681+0900][18.377s][info][gc,start    ] GC(235) Pause Young (Normal) (G1 Evacuation Pause)
[2026-03-25T20:41:36.681+0900][18.377s][info][gc,task     ] GC(235) Using 6 workers of 9 for evacuation
[2026-03-25T20:41:36.683+0900][18.378s][info][gc,phases   ] GC(235)   Pre Evacuate Collection Set: 0.08ms
[2026-03-25T20:41:36.683+0900][18.378s][info][gc,phases   ] GC(235)   Merge Heap Roots: 0.03ms
[2026-03-25T20:41:36.683+0900][18.378s][info][gc,phases   ] GC(235)   Evacuate Collection Set: 1.15ms
[2026-03-25T20:41:36.683+0900][18.378s][info][gc,phases   ] GC(235)   Post Evacuate Collection Set: 0.14ms
[2026-03-25T20:41:36.683+0900][18.378s][info][gc,phases   ] GC(235)   Other: 0.09ms
[2026-03-25T20:41:36.683+0900][18.378s][info][gc,heap     ] GC(235) Eden regions: 18->0(18)
[2026-03-25T20:41:36.683+0900][18.378s][info][gc,heap     ] GC(235) Survivor regions: 1->1(3)
[2026-03-25T20:41:36.683+0900][18.378s][info][gc,heap     ] GC(235) Old regions: 2->2
[2026-03-25T20:41:36.683+0900][18.378s][info][gc,heap     ] GC(235) Humongous regions: 0->0
[2026-03-25T20:41:36.683+0900][18.378s][info][gc,metaspace] GC(235) Metaspace: 6029K(6208K)->6029K(6208K) NonClass: 5396K(5504K)->5396K(5504K) Class: 632K(704K)->632K(704K)
[2026-03-25T20:41:36.683+0900][18.378s][info][gc          ] GC(235) Pause Young (Normal) (G1 Evacuation Pause) 154M->10M(264M) 1.811ms
[2026-03-25T20:41:36.683+0900][18.378s][info][gc,cpu      ] GC(235) User=0.00s Sys=0.00s Real=0.00s
[2026-03-25T20:41:36.740+0900][18.436s][info][gc,start    ] GC(236) Pause Young (Normal) (G1 Evacuation Pause)
[2026-03-25T20:41:36.740+0900][18.436s][info][gc,task     ] GC(236) Using 6 workers of 9 for evacuation
[2026-03-25T20:41:36.742+0900][18.437s][info][gc,phases   ] GC(236)   Pre Evacuate Collection Set: 0.12ms
[2026-03-25T20:41:36.742+0900][18.437s][info][gc,phases   ] GC(236)   Merge Heap Roots: 0.04ms
[2026-03-25T20:41:36.742+0900][18.437s][info][gc,phases   ] GC(236)   Evacuate Collection Set: 1.10ms
[2026-03-25T20:41:36.742+0900][18.437s][info][gc,phases   ] GC(236)   Post Evacuate Collection Set: 0.13ms
[2026-03-25T20:41:36.742+0900][18.437s][info][gc,phases   ] GC(236)   Other: 0.09ms
[2026-03-25T20:41:36.742+0900][18.437s][info][gc,heap     ] GC(236) Eden regions: 18->0(18)
[2026-03-25T20:41:36.742+0900][18.437s][info][gc,heap     ] GC(236) Survivor regions: 1->1(3)
[2026-03-25T20:41:36.742+0900][18.437s][info][gc,heap     ] GC(236) Old regions: 2->2
[2026-03-25T20:41:36.742+0900][18.437s][info][gc,heap     ] GC(236) Humongous regions: 0->0
[2026-03-25T20:41:36.742+0900][18.437s][info][gc,metaspace] GC(236) Metaspace: 6037K(6208K)->6037K(6208K) NonClass: 5404K(5504K)->5404K(5504K) Class: 632K(704K)->632K(704K)
[2026-03-25T20:41:36.742+0900][18.437s][info][gc          ] GC(236) Pause Young (Normal) (G1 Evacuation Pause) 154M->10M(264M) 1.739ms
[2026-03-25T20:41:36.742+0900][18.437s][info][gc,cpu      ] GC(236) User=0.01s Sys=0.00s Real=0.00s
[2026-03-25T20:41:36.801+0900][18.497s][info][gc,start    ] GC(237) Pause Young (Normal) (G1 Evacuation Pause)
[2026-03-25T20:41:36.801+0900][18.497s][info][gc,task     ] GC(237) Using 6 workers of 9 for evacuation
[2026-03-25T20:41:36.803+0900][18.498s][info][gc,phases   ] GC(237)   Pre Evacuate Collection Set: 0.07ms
[2026-03-25T20:41:36.803+0900][18.498s][info][gc,phases   ] GC(237)   Merge Heap Roots: 0.03ms
[2026-03-25T20:41:36.803+0900][18.498s][info][gc,phases   ] GC(237)   Evacuate Collection Set: 0.73ms
[2026-03-25T20:41:36.803+0900][18.498s][info][gc,phases   ] GC(237)   Post Evacuate Collection Set: 0.15ms
[2026-03-25T20:41:36.803+0900][18.498s][info][gc,phases   ] GC(237)   Other: 0.09ms
[2026-03-25T20:41:36.803+0900][18.498s][info][gc,heap     ] GC(237) Eden regions: 18->0(18)
[2026-03-25T20:41:36.803+0900][18.498s][info][gc,heap     ] GC(237) Survivor regions: 1->1(3)
[2026-03-25T20:41:36.803+0900][18.498s][info][gc,heap     ] GC(237) Old regions: 2->2
[2026-03-25T20:41:36.803+0900][18.498s][info][gc,heap     ] GC(237) Humongous regions: 0->0
[2026-03-25T20:41:36.803+0900][18.498s][info][gc,metaspace] GC(237) Metaspace: 6037K(6208K)->6037K(6208K) NonClass: 5405K(5504K)->5405K(5504K) Class: 632K(704K)->632K(704K)
[2026-03-25T20:41:36.803+0900][18.498s][info][gc          ] GC(237) Pause Young (Normal) (G1 Evacuation Pause) 154M->10M(264M) 1.380ms
[2026-03-25T20:41:36.803+0900][18.498s][info][gc,cpu      ] GC(237) User=0.00s Sys=0.00s Real=0.00s
[2026-03-25T20:41:36.915+0900][18.610s][info][gc,start    ] GC(238) Pause Young (Normal) (G1 Evacuation Pause)
[2026-03-25T20:41:36.915+0900][18.610s][info][gc,task     ] GC(238) Using 6 workers of 9 for evacuation
[2026-03-25T20:41:36.916+0900][18.612s][info][gc,phases   ] GC(238)   Pre Evacuate Collection Set: 0.07ms
[2026-03-25T20:41:36.916+0900][18.612s][info][gc,phases   ] GC(238)   Merge Heap Roots: 0.03ms
[2026-03-25T20:41:36.916+0900][18.612s][info][gc,phases   ] GC(238)   Evacuate Collection Set: 1.04ms
[2026-03-25T20:41:36.916+0900][18.612s][info][gc,phases   ] GC(238)   Post Evacuate Collection Set: 0.17ms
[2026-03-25T20:41:36.916+0900][18.612s][info][gc,phases   ] GC(238)   Other: 0.09ms
[2026-03-25T20:41:36.916+0900][18.612s][info][gc,heap     ] GC(238) Eden regions: 18->0(18)
[2026-03-25T20:41:36.916+0900][18.612s][info][gc,heap     ] GC(238) Survivor regions: 1->1(3)
[2026-03-25T20:41:36.917+0900][18.612s][info][gc,heap     ] GC(238) Old regions: 2->2
[2026-03-25T20:41:36.917+0900][18.612s][info][gc,heap     ] GC(238) Humongous regions: 0->0
[2026-03-25T20:41:36.917+0900][18.612s][info][gc,metaspace] GC(238) Metaspace: 6037K(6208K)->6037K(6208K) NonClass: 5405K(5504K)->5405K(5504K) Class: 632K(704K)->632K(704K)
[2026-03-25T20:41:36.917+0900][18.612s][info][gc          ] GC(238) Pause Young (Normal) (G1 Evacuation Pause) 154M->10M(264M) 1.768ms
[2026-03-25T20:41:36.917+0900][18.612s][info][gc,cpu      ] GC(238) User=0.00s Sys=0.00s Real=0.00s
[2026-03-25T20:41:36.974+0900][18.670s][info][gc,start    ] GC(239) Pause Young (Normal) (G1 Evacuation Pause)
[2026-03-25T20:41:36.974+0900][18.670s][info][gc,task     ] GC(239) Using 6 workers of 9 for evacuation
[2026-03-25T20:41:36.975+0900][18.671s][info][gc,phases   ] GC(239)   Pre Evacuate Collection Set: 0.06ms
[2026-03-25T20:41:36.975+0900][18.671s][info][gc,phases   ] GC(239)   Merge Heap Roots: 0.02ms
[2026-03-25T20:41:36.975+0900][18.671s][info][gc,phases   ] GC(239)   Evacuate Collection Set: 0.74ms
[2026-03-25T20:41:36.975+0900][18.671s][info][gc,phases   ] GC(239)   Post Evacuate Collection Set: 0.12ms
[2026-03-25T20:41:36.975+0900][18.671s][info][gc,phases   ] GC(239)   Other: 0.08ms
[2026-03-25T20:41:36.975+0900][18.671s][info][gc,heap     ] GC(239) Eden regions: 18->0(18)
[2026-03-25T20:41:36.975+0900][18.671s][info][gc,heap     ] GC(239) Survivor regions: 1->1(3)
[2026-03-25T20:41:36.975+0900][18.671s][info][gc,heap     ] GC(239) Old regions: 2->2
[2026-03-25T20:41:36.975+0900][18.671s][info][gc,heap     ] GC(239) Humongous regions: 0->0
[2026-03-25T20:41:36.975+0900][18.671s][info][gc,metaspace] GC(239) Metaspace: 6037K(6208K)->6037K(6208K) NonClass: 5405K(5504K)->5405K(5504K) Class: 632K(704K)->632K(704K)
[2026-03-25T20:41:36.975+0900][18.671s][info][gc          ] GC(239) Pause Young (Normal) (G1 Evacuation Pause) 154M->10M(264M) 1.280ms
[2026-03-25T20:41:36.975+0900][18.671s][info][gc,cpu      ] GC(239) User=0.00s Sys=0.00s Real=0.00s
[2026-03-25T20:41:37.035+0900][18.730s][info][gc,start    ] GC(240) Pause Young (Normal) (G1 Evacuation Pause)
[2026-03-25T20:41:37.035+0900][18.730s][info][gc,task     ] GC(240) Using 6 workers of 9 for evacuation
[2026-03-25T20:41:37.036+0900][18.731s][info][gc,phases   ] GC(240)   Pre Evacuate Collection Set: 0.06ms
[2026-03-25T20:41:37.036+0900][18.731s][info][gc,phases   ] GC(240)   Merge Heap Roots: 0.02ms
[2026-03-25T20:41:37.036+0900][18.731s][info][gc,phases   ] GC(240)   Evacuate Collection Set: 0.71ms
[2026-03-25T20:41:37.036+0900][18.731s][info][gc,phases   ] GC(240)   Post Evacuate Collection Set: 0.13ms
[2026-03-25T20:41:37.036+0900][18.731s][info][gc,phases   ] GC(240)   Other: 0.09ms
[2026-03-25T20:41:37.036+0900][18.731s][info][gc,heap     ] GC(240) Eden regions: 18->0(18)
[2026-03-25T20:41:37.036+0900][18.731s][info][gc,heap     ] GC(240) Survivor regions: 1->1(3)
[2026-03-25T20:41:37.036+0900][18.731s][info][gc,heap     ] GC(240) Old regions: 2->2
[2026-03-25T20:41:37.036+0900][18.731s][info][gc,heap     ] GC(240) Humongous regions: 0->0
[2026-03-25T20:41:37.036+0900][18.731s][info][gc,metaspace] GC(240) Metaspace: 6037K(6208K)->6037K(6208K) NonClass: 5405K(5504K)->5405K(5504K) Class: 632K(704K)->632K(704K)
[2026-03-25T20:41:37.036+0900][18.731s][info][gc          ] GC(240) Pause Young (Normal) (G1 Evacuation Pause) 154M->10M(264M) 1.311ms
[2026-03-25T20:41:37.036+0900][18.731s][info][gc,cpu      ] GC(240) User=0.00s Sys=0.00s Real=0.00s
[2026-03-25T20:41:37.147+0900][18.843s][info][gc,start    ] GC(241) Pause Young (Normal) (G1 Evacuation Pause)
[2026-03-25T20:41:37.147+0900][18.843s][info][gc,task     ] GC(241) Using 6 workers of 9 for evacuation
[2026-03-25T20:41:37.149+0900][18.844s][info][gc,phases   ] GC(241)   Pre Evacuate Collection Set: 0.10ms
[2026-03-25T20:41:37.149+0900][18.844s][info][gc,phases   ] GC(241)   Merge Heap Roots: 0.05ms
[2026-03-25T20:41:37.149+0900][18.844s][info][gc,phases   ] GC(241)   Evacuate Collection Set: 1.18ms
[2026-03-25T20:41:37.149+0900][18.844s][info][gc,phases   ] GC(241)   Post Evacuate Collection Set: 0.21ms
[2026-03-25T20:41:37.149+0900][18.844s][info][gc,phases   ] GC(241)   Other: 0.12ms
[2026-03-25T20:41:37.149+0900][18.845s][info][gc,heap     ] GC(241) Eden regions: 18->0(18)
[2026-03-25T20:41:37.149+0900][18.845s][info][gc,heap     ] GC(241) Survivor regions: 1->1(3)
[2026-03-25T20:41:37.149+0900][18.845s][info][gc,heap     ] GC(241) Old regions: 2->2
[2026-03-25T20:41:37.149+0900][18.845s][info][gc,heap     ] GC(241) Humongous regions: 0->0
[2026-03-25T20:41:37.149+0900][18.845s][info][gc,metaspace] GC(241) Metaspace: 6037K(6208K)->6037K(6208K) NonClass: 5405K(5504K)->5405K(5504K) Class: 632K(704K)->632K(704K)
[2026-03-25T20:41:37.149+0900][18.845s][info][gc          ] GC(241) Pause Young (Normal) (G1 Evacuation Pause) 154M->10M(264M) 2.123ms
[2026-03-25T20:41:37.149+0900][18.845s][info][gc,cpu      ] GC(241) User=0.01s Sys=0.00s Real=0.00s
[2026-03-25T20:41:37.207+0900][18.902s][info][gc,start    ] GC(242) Pause Young (Normal) (G1 Evacuation Pause)
[2026-03-25T20:41:37.207+0900][18.902s][info][gc,task     ] GC(242) Using 6 workers of 9 for evacuation
[2026-03-25T20:41:37.208+0900][18.904s][info][gc,phases   ] GC(242)   Pre Evacuate Collection Set: 0.09ms
[2026-03-25T20:41:37.208+0900][18.904s][info][gc,phases   ] GC(242)   Merge Heap Roots: 0.05ms
[2026-03-25T20:41:37.208+0900][18.904s][info][gc,phases   ] GC(242)   Evacuate Collection Set: 1.19ms
[2026-03-25T20:41:37.208+0900][18.904s][info][gc,phases   ] GC(242)   Post Evacuate Collection Set: 0.14ms
[2026-03-25T20:41:37.208+0900][18.904s][info][gc,phases   ] GC(242)   Other: 0.11ms
[2026-03-25T20:41:37.208+0900][18.904s][info][gc,heap     ] GC(242) Eden regions: 18->0(18)
[2026-03-25T20:41:37.208+0900][18.904s][info][gc,heap     ] GC(242) Survivor regions: 1->1(3)
[2026-03-25T20:41:37.208+0900][18.904s][info][gc,heap     ] GC(242) Old regions: 2->2
[2026-03-25T20:41:37.208+0900][18.904s][info][gc,heap     ] GC(242) Humongous regions: 0->0
[2026-03-25T20:41:37.208+0900][18.904s][info][gc,metaspace] GC(242) Metaspace: 6037K(6208K)->6037K(6208K) NonClass: 5405K(5504K)->5405K(5504K) Class: 632K(704K)->632K(704K)
[2026-03-25T20:41:37.208+0900][18.904s][info][gc          ] GC(242) Pause Young (Normal) (G1 Evacuation Pause) 154M->10M(264M) 1.897ms
[2026-03-25T20:41:37.208+0900][18.904s][info][gc,cpu      ] GC(242) User=0.00s Sys=0.01s Real=0.00s
[2026-03-25T20:41:37.267+0900][18.963s][info][gc,start    ] GC(243) Pause Young (Normal) (G1 Evacuation Pause)
[2026-03-25T20:41:37.267+0900][18.963s][info][gc,task     ] GC(243) Using 6 workers of 9 for evacuation
[2026-03-25T20:41:37.269+0900][18.964s][info][gc,phases   ] GC(243)   Pre Evacuate Collection Set: 0.08ms
[2026-03-25T20:41:37.269+0900][18.964s][info][gc,phases   ] GC(243)   Merge Heap Roots: 0.04ms
[2026-03-25T20:41:37.269+0900][18.964s][info][gc,phases   ] GC(243)   Evacuate Collection Set: 1.11ms
[2026-03-25T20:41:37.269+0900][18.964s][info][gc,phases   ] GC(243)   Post Evacuate Collection Set: 0.14ms
[2026-03-25T20:41:37.269+0900][18.964s][info][gc,phases   ] GC(243)   Other: 0.10ms
[2026-03-25T20:41:37.269+0900][18.964s][info][gc,heap     ] GC(243) Eden regions: 18->0(18)
[2026-03-25T20:41:37.269+0900][18.964s][info][gc,heap     ] GC(243) Survivor regions: 1->1(3)
[2026-03-25T20:41:37.269+0900][18.964s][info][gc,heap     ] GC(243) Old regions: 2->2
[2026-03-25T20:41:37.269+0900][18.964s][info][gc,heap     ] GC(243) Humongous regions: 0->0
[2026-03-25T20:41:37.269+0900][18.964s][info][gc,metaspace] GC(243) Metaspace: 6037K(6208K)->6037K(6208K) NonClass: 5405K(5504K)->5405K(5504K) Class: 632K(704K)->632K(704K)
[2026-03-25T20:41:37.269+0900][18.964s][info][gc          ] GC(243) Pause Young (Normal) (G1 Evacuation Pause) 154M->10M(264M) 1.751ms
[2026-03-25T20:41:37.269+0900][18.964s][info][gc,cpu      ] GC(243) User=0.01s Sys=0.00s Real=0.00s
[2026-03-25T20:41:37.380+0900][19.076s][info][gc,start    ] GC(244) Pause Young (Normal) (G1 Evacuation Pause)
[2026-03-25T20:41:37.380+0900][19.076s][info][gc,task     ] GC(244) Using 6 workers of 9 for evacuation
[2026-03-25T20:41:37.382+0900][19.077s][info][gc,phases   ] GC(244)   Pre Evacuate Collection Set: 0.10ms
[2026-03-25T20:41:37.382+0900][19.078s][info][gc,phases   ] GC(244)   Merge Heap Roots: 0.04ms
[2026-03-25T20:41:37.382+0900][19.078s][info][gc,phases   ] GC(244)   Evacuate Collection Set: 1.15ms
[2026-03-25T20:41:37.382+0900][19.078s][info][gc,phases   ] GC(244)   Post Evacuate Collection Set: 0.21ms
[2026-03-25T20:41:37.382+0900][19.078s][info][gc,phases   ] GC(244)   Other: 0.13ms
[2026-03-25T20:41:37.382+0900][19.078s][info][gc,heap     ] GC(244) Eden regions: 18->0(18)
[2026-03-25T20:41:37.382+0900][19.078s][info][gc,heap     ] GC(244) Survivor regions: 1->1(3)
[2026-03-25T20:41:37.382+0900][19.078s][info][gc,heap     ] GC(244) Old regions: 2->2
[2026-03-25T20:41:37.382+0900][19.078s][info][gc,heap     ] GC(244) Humongous regions: 0->0
[2026-03-25T20:41:37.382+0900][19.078s][info][gc,metaspace] GC(244) Metaspace: 6037K(6208K)->6037K(6208K) NonClass: 5405K(5504K)->5405K(5504K) Class: 632K(704K)->632K(704K)
[2026-03-25T20:41:37.382+0900][19.078s][info][gc          ] GC(244) Pause Young (Normal) (G1 Evacuation Pause) 154M->10M(264M) 2.099ms
[2026-03-25T20:41:37.382+0900][19.078s][info][gc,cpu      ] GC(244) User=0.01s Sys=0.00s Real=0.00s
[2026-03-25T20:41:37.440+0900][19.136s][info][gc,start    ] GC(245) Pause Young (Normal) (G1 Evacuation Pause)
[2026-03-25T20:41:37.440+0900][19.136s][info][gc,task     ] GC(245) Using 6 workers of 9 for evacuation
[2026-03-25T20:41:37.441+0900][19.137s][info][gc,phases   ] GC(245)   Pre Evacuate Collection Set: 0.07ms
[2026-03-25T20:41:37.441+0900][19.137s][info][gc,phases   ] GC(245)   Merge Heap Roots: 0.03ms
[2026-03-25T20:41:37.441+0900][19.137s][info][gc,phases   ] GC(245)   Evacuate Collection Set: 0.76ms
[2026-03-25T20:41:37.441+0900][19.137s][info][gc,phases   ] GC(245)   Post Evacuate Collection Set: 0.13ms
[2026-03-25T20:41:37.441+0900][19.137s][info][gc,phases   ] GC(245)   Other: 0.08ms
[2026-03-25T20:41:37.441+0900][19.137s][info][gc,heap     ] GC(245) Eden regions: 18->0(18)
[2026-03-25T20:41:37.441+0900][19.137s][info][gc,heap     ] GC(245) Survivor regions: 1->1(3)
[2026-03-25T20:41:37.441+0900][19.137s][info][gc,heap     ] GC(245) Old regions: 2->2
[2026-03-25T20:41:37.441+0900][19.137s][info][gc,heap     ] GC(245) Humongous regions: 0->0
[2026-03-25T20:41:37.441+0900][19.137s][info][gc,metaspace] GC(245) Metaspace: 6037K(6208K)->6037K(6208K) NonClass: 5405K(5504K)->5405K(5504K) Class: 632K(704K)->632K(704K)
[2026-03-25T20:41:37.441+0900][19.137s][info][gc          ] GC(245) Pause Young (Normal) (G1 Evacuation Pause) 154M->10M(264M) 1.305ms
[2026-03-25T20:41:37.441+0900][19.137s][info][gc,cpu      ] GC(245) User=0.01s Sys=0.00s Real=0.00s
[2026-03-25T20:41:37.501+0900][19.196s][info][gc,start    ] GC(246) Pause Young (Normal) (G1 Evacuation Pause)
[2026-03-25T20:41:37.501+0900][19.196s][info][gc,task     ] GC(246) Using 6 workers of 9 for evacuation
[2026-03-25T20:41:37.502+0900][19.197s][info][gc,phases   ] GC(246)   Pre Evacuate Collection Set: 0.07ms
[2026-03-25T20:41:37.502+0900][19.197s][info][gc,phases   ] GC(246)   Merge Heap Roots: 0.03ms
[2026-03-25T20:41:37.502+0900][19.197s][info][gc,phases   ] GC(246)   Evacuate Collection Set: 0.95ms
[2026-03-25T20:41:37.502+0900][19.198s][info][gc,phases   ] GC(246)   Post Evacuate Collection Set: 0.15ms
[2026-03-25T20:41:37.502+0900][19.198s][info][gc,phases   ] GC(246)   Other: 0.09ms
[2026-03-25T20:41:37.502+0900][19.198s][info][gc,heap     ] GC(246) Eden regions: 18->0(18)
[2026-03-25T20:41:37.502+0900][19.198s][info][gc,heap     ] GC(246) Survivor regions: 1->1(3)
[2026-03-25T20:41:37.502+0900][19.198s][info][gc,heap     ] GC(246) Old regions: 2->2
[2026-03-25T20:41:37.502+0900][19.198s][info][gc,heap     ] GC(246) Humongous regions: 0->0
[2026-03-25T20:41:37.502+0900][19.198s][info][gc,metaspace] GC(246) Metaspace: 6037K(6208K)->6037K(6208K) NonClass: 5405K(5504K)->5405K(5504K) Class: 632K(704K)->632K(704K)
[2026-03-25T20:41:37.502+0900][19.198s][info][gc          ] GC(246) Pause Young (Normal) (G1 Evacuation Pause) 154M->10M(264M) 1.599ms
[2026-03-25T20:41:37.502+0900][19.198s][info][gc,cpu      ] GC(246) User=0.01s Sys=0.00s Real=0.00s
[2026-03-25T20:41:37.616+0900][19.312s][info][gc,start    ] GC(247) Pause Young (Normal) (G1 Evacuation Pause)
[2026-03-25T20:41:37.616+0900][19.312s][info][gc,task     ] GC(247) Using 6 workers of 9 for evacuation
[2026-03-25T20:41:37.618+0900][19.314s][info][gc,phases   ] GC(247)   Pre Evacuate Collection Set: 0.11ms
[2026-03-25T20:41:37.618+0900][19.314s][info][gc,phases   ] GC(247)   Merge Heap Roots: 0.05ms
[2026-03-25T20:41:37.618+0900][19.314s][info][gc,phases   ] GC(247)   Evacuate Collection Set: 1.23ms
[2026-03-25T20:41:37.618+0900][19.314s][info][gc,phases   ] GC(247)   Post Evacuate Collection Set: 0.14ms
[2026-03-25T20:41:37.618+0900][19.314s][info][gc,phases   ] GC(247)   Other: 0.11ms
[2026-03-25T20:41:37.618+0900][19.314s][info][gc,heap     ] GC(247) Eden regions: 18->0(18)
[2026-03-25T20:41:37.618+0900][19.314s][info][gc,heap     ] GC(247) Survivor regions: 1->1(3)
[2026-03-25T20:41:37.618+0900][19.314s][info][gc,heap     ] GC(247) Old regions: 2->2
[2026-03-25T20:41:37.618+0900][19.314s][info][gc,heap     ] GC(247) Humongous regions: 0->0
[2026-03-25T20:41:37.618+0900][19.314s][info][gc,metaspace] GC(247) Metaspace: 6037K(6208K)->6037K(6208K) NonClass: 5405K(5504K)->5405K(5504K) Class: 632K(704K)->632K(704K)
[2026-03-25T20:41:37.618+0900][19.314s][info][gc          ] GC(247) Pause Young (Normal) (G1 Evacuation Pause) 154M->10M(264M) 2.005ms
[2026-03-25T20:41:37.618+0900][19.314s][info][gc,cpu      ] GC(247) User=0.01s Sys=0.00s Real=0.00s
[2026-03-25T20:41:37.675+0900][19.370s][info][gc,start    ] GC(248) Pause Young (Normal) (G1 Evacuation Pause)
[2026-03-25T20:41:37.675+0900][19.370s][info][gc,task     ] GC(248) Using 6 workers of 9 for evacuation
[2026-03-25T20:41:37.676+0900][19.371s][info][gc,phases   ] GC(248)   Pre Evacuate Collection Set: 0.05ms
[2026-03-25T20:41:37.676+0900][19.371s][info][gc,phases   ] GC(248)   Merge Heap Roots: 0.02ms
[2026-03-25T20:41:37.676+0900][19.371s][info][gc,phases   ] GC(248)   Evacuate Collection Set: 0.77ms
[2026-03-25T20:41:37.676+0900][19.371s][info][gc,phases   ] GC(248)   Post Evacuate Collection Set: 0.11ms
[2026-03-25T20:41:37.676+0900][19.371s][info][gc,phases   ] GC(248)   Other: 0.07ms
[2026-03-25T20:41:37.676+0900][19.371s][info][gc,heap     ] GC(248) Eden regions: 18->0(18)
[2026-03-25T20:41:37.676+0900][19.371s][info][gc,heap     ] GC(248) Survivor regions: 1->1(3)
[2026-03-25T20:41:37.676+0900][19.371s][info][gc,heap     ] GC(248) Old regions: 2->2
[2026-03-25T20:41:37.676+0900][19.371s][info][gc,heap     ] GC(248) Humongous regions: 0->0
[2026-03-25T20:41:37.676+0900][19.371s][info][gc,metaspace] GC(248) Metaspace: 6037K(6208K)->6037K(6208K) NonClass: 5405K(5504K)->5405K(5504K) Class: 632K(704K)->632K(704K)
[2026-03-25T20:41:37.676+0900][19.371s][info][gc          ] GC(248) Pause Young (Normal) (G1 Evacuation Pause) 154M->10M(264M) 1.299ms
[2026-03-25T20:41:37.676+0900][19.371s][info][gc,cpu      ] GC(248) User=0.00s Sys=0.00s Real=0.00s
[2026-03-25T20:41:37.786+0900][19.482s][info][gc,start    ] GC(249) Pause Young (Normal) (G1 Evacuation Pause)
[2026-03-25T20:41:37.787+0900][19.482s][info][gc,task     ] GC(249) Using 6 workers of 9 for evacuation
[2026-03-25T20:41:37.789+0900][19.484s][info][gc,phases   ] GC(249)   Pre Evacuate Collection Set: 0.20ms
[2026-03-25T20:41:37.789+0900][19.485s][info][gc,phases   ] GC(249)   Merge Heap Roots: 0.03ms
[2026-03-25T20:41:37.789+0900][19.485s][info][gc,phases   ] GC(249)   Evacuate Collection Set: 1.84ms
[2026-03-25T20:41:37.789+0900][19.485s][info][gc,phases   ] GC(249)   Post Evacuate Collection Set: 0.20ms
[2026-03-25T20:41:37.789+0900][19.485s][info][gc,phases   ] GC(249)   Other: 0.12ms
[2026-03-25T20:41:37.789+0900][19.485s][info][gc,heap     ] GC(249) Eden regions: 18->0(18)
[2026-03-25T20:41:37.789+0900][19.485s][info][gc,heap     ] GC(249) Survivor regions: 1->1(3)
[2026-03-25T20:41:37.789+0900][19.485s][info][gc,heap     ] GC(249) Old regions: 2->2
[2026-03-25T20:41:37.789+0900][19.485s][info][gc,heap     ] GC(249) Humongous regions: 0->0
[2026-03-25T20:41:37.789+0900][19.485s][info][gc,metaspace] GC(249) Metaspace: 6041K(6208K)->6041K(6208K) NonClass: 5409K(5504K)->5409K(5504K) Class: 632K(704K)->632K(704K)
[2026-03-25T20:41:37.789+0900][19.485s][info][gc          ] GC(249) Pause Young (Normal) (G1 Evacuation Pause) 154M->10M(264M) 2.841ms
[2026-03-25T20:41:37.789+0900][19.485s][info][gc,cpu      ] GC(249) User=0.00s Sys=0.00s Real=0.00s
[2026-03-25T20:41:37.842+0900][19.538s][info][gc,start    ] GC(250) Pause Young (Normal) (G1 Evacuation Pause)
[2026-03-25T20:41:37.843+0900][19.538s][info][gc,task     ] GC(250) Using 6 workers of 9 for evacuation
[2026-03-25T20:41:37.843+0900][19.539s][info][gc,phases   ] GC(250)   Pre Evacuate Collection Set: 0.04ms
[2026-03-25T20:41:37.843+0900][19.539s][info][gc,phases   ] GC(250)   Merge Heap Roots: 0.02ms
[2026-03-25T20:41:37.843+0900][19.539s][info][gc,phases   ] GC(250)   Evacuate Collection Set: 0.44ms
[2026-03-25T20:41:37.843+0900][19.539s][info][gc,phases   ] GC(250)   Post Evacuate Collection Set: 0.10ms
[2026-03-25T20:41:37.843+0900][19.539s][info][gc,phases   ] GC(250)   Other: 0.07ms
[2026-03-25T20:41:37.843+0900][19.539s][info][gc,heap     ] GC(250) Eden regions: 18->0(18)
[2026-03-25T20:41:37.843+0900][19.539s][info][gc,heap     ] GC(250) Survivor regions: 1->1(3)
[2026-03-25T20:41:37.843+0900][19.539s][info][gc,heap     ] GC(250) Old regions: 2->2
[2026-03-25T20:41:37.843+0900][19.539s][info][gc,heap     ] GC(250) Humongous regions: 0->0
[2026-03-25T20:41:37.843+0900][19.539s][info][gc,metaspace] GC(250) Metaspace: 6041K(6208K)->6041K(6208K) NonClass: 5409K(5504K)->5409K(5504K) Class: 632K(704K)->632K(704K)
[2026-03-25T20:41:37.843+0900][19.539s][info][gc          ] GC(250) Pause Young (Normal) (G1 Evacuation Pause) 154M->10M(264M) 1.012ms
[2026-03-25T20:41:37.843+0900][19.539s][info][gc,cpu      ] GC(250) User=0.00s Sys=0.00s Real=0.00s
[2026-03-25T20:41:37.901+0900][19.597s][info][gc,start    ] GC(251) Pause Young (Normal) (G1 Evacuation Pause)
[2026-03-25T20:41:37.901+0900][19.597s][info][gc,task     ] GC(251) Using 6 workers of 9 for evacuation
[2026-03-25T20:41:37.903+0900][19.598s][info][gc,phases   ] GC(251)   Pre Evacuate Collection Set: 0.09ms
[2026-03-25T20:41:37.903+0900][19.598s][info][gc,phases   ] GC(251)   Merge Heap Roots: 0.04ms
[2026-03-25T20:41:37.903+0900][19.598s][info][gc,phases   ] GC(251)   Evacuate Collection Set: 1.07ms
[2026-03-25T20:41:37.903+0900][19.598s][info][gc,phases   ] GC(251)   Post Evacuate Collection Set: 0.14ms
[2026-03-25T20:41:37.903+0900][19.598s][info][gc,phases   ] GC(251)   Other: 0.10ms
[2026-03-25T20:41:37.903+0900][19.599s][info][gc,heap     ] GC(251) Eden regions: 18->0(18)
[2026-03-25T20:41:37.903+0900][19.599s][info][gc,heap     ] GC(251) Survivor regions: 1->1(3)
[2026-03-25T20:41:37.903+0900][19.599s][info][gc,heap     ] GC(251) Old regions: 2->2
[2026-03-25T20:41:37.903+0900][19.599s][info][gc,heap     ] GC(251) Humongous regions: 0->0
[2026-03-25T20:41:37.903+0900][19.599s][info][gc,metaspace] GC(251) Metaspace: 6041K(6208K)->6041K(6208K) NonClass: 5409K(5504K)->5409K(5504K) Class: 632K(704K)->632K(704K)
[2026-03-25T20:41:37.903+0900][19.599s][info][gc          ] GC(251) Pause Young (Normal) (G1 Evacuation Pause) 154M->10M(264M) 1.778ms
[2026-03-25T20:41:37.903+0900][19.599s][info][gc,cpu      ] GC(251) User=0.00s Sys=0.00s Real=0.00s
[2026-03-25T20:41:38.017+0900][19.713s][info][gc,start    ] GC(252) Pause Young (Normal) (G1 Evacuation Pause)
[2026-03-25T20:41:38.017+0900][19.713s][info][gc,task     ] GC(252) Using 6 workers of 9 for evacuation
[2026-03-25T20:41:38.019+0900][19.714s][info][gc,phases   ] GC(252)   Pre Evacuate Collection Set: 0.10ms
[2026-03-25T20:41:38.019+0900][19.714s][info][gc,phases   ] GC(252)   Merge Heap Roots: 0.05ms
[2026-03-25T20:41:38.019+0900][19.714s][info][gc,phases   ] GC(252)   Evacuate Collection Set: 1.14ms
[2026-03-25T20:41:38.019+0900][19.714s][info][gc,phases   ] GC(252)   Post Evacuate Collection Set: 0.16ms
[2026-03-25T20:41:38.019+0900][19.714s][info][gc,phases   ] GC(252)   Other: 0.12ms
[2026-03-25T20:41:38.019+0900][19.714s][info][gc,heap     ] GC(252) Eden regions: 18->0(18)
[2026-03-25T20:41:38.019+0900][19.714s][info][gc,heap     ] GC(252) Survivor regions: 1->1(3)
[2026-03-25T20:41:38.019+0900][19.714s][info][gc,heap     ] GC(252) Old regions: 2->2
[2026-03-25T20:41:38.019+0900][19.714s][info][gc,heap     ] GC(252) Humongous regions: 0->0
[2026-03-25T20:41:38.019+0900][19.714s][info][gc,metaspace] GC(252) Metaspace: 6041K(6208K)->6041K(6208K) NonClass: 5409K(5504K)->5409K(5504K) Class: 632K(704K)->632K(704K)
[2026-03-25T20:41:38.019+0900][19.715s][info][gc          ] GC(252) Pause Young (Normal) (G1 Evacuation Pause) 154M->10M(264M) 2.011ms
[2026-03-25T20:41:38.019+0900][19.715s][info][gc,cpu      ] GC(252) User=0.00s Sys=0.00s Real=0.00s
[2026-03-25T20:41:38.078+0900][19.774s][info][gc,start    ] GC(253) Pause Young (Normal) (G1 Evacuation Pause)
[2026-03-25T20:41:38.078+0900][19.774s][info][gc,task     ] GC(253) Using 6 workers of 9 for evacuation
[2026-03-25T20:41:38.080+0900][19.775s][info][gc,phases   ] GC(253)   Pre Evacuate Collection Set: 0.07ms
[2026-03-25T20:41:38.080+0900][19.775s][info][gc,phases   ] GC(253)   Merge Heap Roots: 0.03ms
[2026-03-25T20:41:38.080+0900][19.775s][info][gc,phases   ] GC(253)   Evacuate Collection Set: 0.87ms
[2026-03-25T20:41:38.080+0900][19.775s][info][gc,phases   ] GC(253)   Post Evacuate Collection Set: 0.15ms
[2026-03-25T20:41:38.080+0900][19.775s][info][gc,phases   ] GC(253)   Other: 0.09ms
[2026-03-25T20:41:38.080+0900][19.775s][info][gc,heap     ] GC(253) Eden regions: 18->0(18)
[2026-03-25T20:41:38.080+0900][19.775s][info][gc,heap     ] GC(253) Survivor regions: 1->1(3)
[2026-03-25T20:41:38.080+0900][19.775s][info][gc,heap     ] GC(253) Old regions: 2->2
[2026-03-25T20:41:38.080+0900][19.775s][info][gc,heap     ] GC(253) Humongous regions: 0->0
[2026-03-25T20:41:38.080+0900][19.775s][info][gc,metaspace] GC(253) Metaspace: 6041K(6208K)->6041K(6208K) NonClass: 5409K(5504K)->5409K(5504K) Class: 632K(704K)->632K(704K)
[2026-03-25T20:41:38.080+0900][19.775s][info][gc          ] GC(253) Pause Young (Normal) (G1 Evacuation Pause) 154M->10M(264M) 1.578ms
[2026-03-25T20:41:38.080+0900][19.775s][info][gc,cpu      ] GC(253) User=0.00s Sys=0.00s Real=0.01s
[2026-03-25T20:41:38.139+0900][19.835s][info][gc,start    ] GC(254) Pause Young (Normal) (G1 Evacuation Pause)
[2026-03-25T20:41:38.139+0900][19.835s][info][gc,task     ] GC(254) Using 6 workers of 9 for evacuation
[2026-03-25T20:41:38.141+0900][19.836s][info][gc,phases   ] GC(254)   Pre Evacuate Collection Set: 0.05ms
[2026-03-25T20:41:38.141+0900][19.836s][info][gc,phases   ] GC(254)   Merge Heap Roots: 0.02ms
[2026-03-25T20:41:38.141+0900][19.836s][info][gc,phases   ] GC(254)   Evacuate Collection Set: 1.05ms
[2026-03-25T20:41:38.141+0900][19.836s][info][gc,phases   ] GC(254)   Post Evacuate Collection Set: 0.11ms
[2026-03-25T20:41:38.141+0900][19.836s][info][gc,phases   ] GC(254)   Other: 0.07ms
[2026-03-25T20:41:38.141+0900][19.836s][info][gc,heap     ] GC(254) Eden regions: 18->0(18)
[2026-03-25T20:41:38.141+0900][19.836s][info][gc,heap     ] GC(254) Survivor regions: 1->1(3)
[2026-03-25T20:41:38.141+0900][19.836s][info][gc,heap     ] GC(254) Old regions: 2->2
[2026-03-25T20:41:38.141+0900][19.836s][info][gc,heap     ] GC(254) Humongous regions: 0->0
[2026-03-25T20:41:38.141+0900][19.836s][info][gc,metaspace] GC(254) Metaspace: 6041K(6208K)->6041K(6208K) NonClass: 5409K(5504K)->5409K(5504K) Class: 632K(704K)->632K(704K)
[2026-03-25T20:41:38.141+0900][19.836s][info][gc          ] GC(254) Pause Young (Normal) (G1 Evacuation Pause) 154M->10M(264M) 1.567ms
[2026-03-25T20:41:38.141+0900][19.836s][info][gc,cpu      ] GC(254) User=0.00s Sys=0.01s Real=0.01s
[2026-03-25T20:41:38.255+0900][19.951s][info][gc,start    ] GC(255) Pause Young (Normal) (G1 Evacuation Pause)
[2026-03-25T20:41:38.256+0900][19.951s][info][gc,task     ] GC(255) Using 6 workers of 9 for evacuation
[2026-03-25T20:41:38.257+0900][19.953s][info][gc,phases   ] GC(255)   Pre Evacuate Collection Set: 0.12ms
[2026-03-25T20:41:38.258+0900][19.953s][info][gc,phases   ] GC(255)   Merge Heap Roots: 0.05ms
[2026-03-25T20:41:38.258+0900][19.953s][info][gc,phases   ] GC(255)   Evacuate Collection Set: 1.38ms
[2026-03-25T20:41:38.258+0900][19.953s][info][gc,phases   ] GC(255)   Post Evacuate Collection Set: 0.15ms
[2026-03-25T20:41:38.258+0900][19.953s][info][gc,phases   ] GC(255)   Other: 0.12ms
[2026-03-25T20:41:38.258+0900][19.953s][info][gc,heap     ] GC(255) Eden regions: 18->0(18)
[2026-03-25T20:41:38.258+0900][19.953s][info][gc,heap     ] GC(255) Survivor regions: 1->1(3)
[2026-03-25T20:41:38.258+0900][19.953s][info][gc,heap     ] GC(255) Old regions: 2->2
[2026-03-25T20:41:38.258+0900][19.953s][info][gc,heap     ] GC(255) Humongous regions: 0->0
[2026-03-25T20:41:38.258+0900][19.953s][info][gc,metaspace] GC(255) Metaspace: 6041K(6208K)->6041K(6208K) NonClass: 5409K(5504K)->5409K(5504K) Class: 632K(704K)->632K(704K)
[2026-03-25T20:41:38.258+0900][19.953s][info][gc          ] GC(255) Pause Young (Normal) (G1 Evacuation Pause) 154M->10M(264M) 2.210ms
[2026-03-25T20:41:38.258+0900][19.953s][info][gc,cpu      ] GC(255) User=0.01s Sys=0.00s Real=0.00s
[2026-03-25T20:41:38.317+0900][20.013s][info][gc,start    ] GC(256) Pause Young (Normal) (G1 Evacuation Pause)
[2026-03-25T20:41:38.317+0900][20.013s][info][gc,task     ] GC(256) Using 6 workers of 9 for evacuation
[2026-03-25T20:41:38.319+0900][20.015s][info][gc,phases   ] GC(256)   Pre Evacuate Collection Set: 0.10ms
[2026-03-25T20:41:38.319+0900][20.015s][info][gc,phases   ] GC(256)   Merge Heap Roots: 0.04ms
[2026-03-25T20:41:38.319+0900][20.015s][info][gc,phases   ] GC(256)   Evacuate Collection Set: 1.24ms
[2026-03-25T20:41:38.319+0900][20.015s][info][gc,phases   ] GC(256)   Post Evacuate Collection Set: 0.21ms
[2026-03-25T20:41:38.319+0900][20.015s][info][gc,phases   ] GC(256)   Other: 0.14ms
[2026-03-25T20:41:38.319+0900][20.015s][info][gc,heap     ] GC(256) Eden regions: 18->0(18)
[2026-03-25T20:41:38.319+0900][20.015s][info][gc,heap     ] GC(256) Survivor regions: 1->1(3)
[2026-03-25T20:41:38.319+0900][20.015s][info][gc,heap     ] GC(256) Old regions: 2->2
[2026-03-25T20:41:38.319+0900][20.015s][info][gc,heap     ] GC(256) Humongous regions: 0->0
[2026-03-25T20:41:38.319+0900][20.015s][info][gc,metaspace] GC(256) Metaspace: 6041K(6208K)->6041K(6208K) NonClass: 5409K(5504K)->5409K(5504K) Class: 632K(704K)->632K(704K)
[2026-03-25T20:41:38.319+0900][20.015s][info][gc          ] GC(256) Pause Young (Normal) (G1 Evacuation Pause) 154M->10M(264M) 2.219ms
[2026-03-25T20:41:38.319+0900][20.015s][info][gc,cpu      ] GC(256) User=0.01s Sys=0.00s Real=0.00s
[2026-03-25T20:41:38.375+0900][20.070s][info][gc,exit     ] Heap
[2026-03-25T20:41:38.375+0900][20.070s][info][gc,exit     ]  garbage-first heap   total reserved 524288K, committed 270336K, used 73944K [0x00000007e0000000, 0x0000000800000000)
[2026-03-25T20:41:38.375+0900][20.070s][info][gc,exit     ]   region size 8192K, 9 young (73728K), 1 survivors (8192K)
[2026-03-25T20:41:38.375+0900][20.070s][info][gc,exit     ]  Metaspace       used 6044K, committed 6208K, reserved 1114112K
[2026-03-25T20:41:38.375+0900][20.070s][info][gc,exit     ]   class space    used 632K, committed 704K, reserved 1048576K
