[2026-03-26T13:58:49.017+0900][0.012s][info][gc,init] CardTable entry size: 512
[2026-03-26T13:58:49.017+0900][0.013s][info][gc     ] Using Parallel
[2026-03-26T13:58:49.028+0900][0.014s][info][gc,init] Version: 21.0.10+8-LTS-217 (release)
[2026-03-26T13:58:49.028+0900][0.014s][info][gc,init] CPUs: 16 total, 16 available
[2026-03-26T13:58:49.028+0900][0.014s][info][gc,init] Memory: 32380M
[2026-03-26T13:58:49.028+0900][0.014s][info][gc,init] Large Page Support: Disabled
[2026-03-26T13:58:49.028+0900][0.014s][info][gc,init] NUMA Support: Disabled
[2026-03-26T13:58:49.028+0900][0.014s][info][gc,init] Compressed Oops: Enabled (32-bit)
[2026-03-26T13:58:49.039+0900][0.024s][info][gc,init] Alignments: Space 512K, Generation 512K, Heap 2M
[2026-03-26T13:58:49.039+0900][0.024s][info][gc,init] Heap Min Capacity: 256M
[2026-03-26T13:58:49.039+0900][0.024s][info][gc,init] Heap Initial Capacity: 256M
[2026-03-26T13:58:49.039+0900][0.024s][info][gc,init] Heap Max Capacity: 512M
[2026-03-26T13:58:49.039+0900][0.024s][info][gc,init] Pre-touch: Disabled
[2026-03-26T13:58:49.039+0900][0.024s][info][gc,init] Parallel Workers: 2
[2026-03-26T13:58:49.047+0900][0.033s][info][gc,metaspace] CDS archive(s) mapped at: [0x000001f231000000-0x000001f231c90000-0x000001f231c90000), size 13172736, SharedBaseAddress: 0x000001f231000000, ArchiveRelocationMode: 1.
[2026-03-26T13:58:49.047+0900][0.033s][info][gc,metaspace] Compressed class space mapped at: 0x000001f232000000-0x000001f272000000, reserved size: 1073741824
[2026-03-26T13:58:49.047+0900][0.033s][info][gc,metaspace] Narrow klass base: 0x000001f231000000, Narrow klass shift: 0, Narrow klass range: 0x100000000
[2026-03-26T13:58:49.258+0900][0.245s][info][gc,start    ] GC(0) Pause Young (Allocation Failure)
[2026-03-26T13:58:49.261+0900][0.247s][info][gc,heap     ] GC(0) PSYoungGen: 65536K(76288K)->5961K(76288K) Eden: 65536K(65536K)->0K(65536K) From: 0K(10752K)->5961K(10752K)
[2026-03-26T13:58:49.261+0900][0.247s][info][gc,heap     ] GC(0) ParOldGen: 0K(175104K)->8K(175104K)
[2026-03-26T13:58:49.261+0900][0.247s][info][gc,metaspace] GC(0) Metaspace: 309K(512K)->309K(512K) NonClass: 292K(384K)->292K(384K) Class: 17K(128K)->17K(128K)
[2026-03-26T13:58:49.261+0900][0.247s][info][gc          ] GC(0) Pause Young (Allocation Failure) 64M->5M(245M) 2.509ms
[2026-03-26T13:58:49.261+0900][0.247s][info][gc,cpu      ] GC(0) User=0.02s Sys=0.02s Real=0.00s
[2026-03-26T13:58:49.475+0900][0.462s][info][gc,start    ] GC(1) Pause Young (Allocation Failure)
[2026-03-26T13:58:49.477+0900][0.464s][info][gc,heap     ] GC(1) PSYoungGen: 71476K(76288K)->5977K(76288K) Eden: 65515K(65536K)->0K(65536K) From: 5961K(10752K)->5977K(10752K)
[2026-03-26T13:58:49.477+0900][0.464s][info][gc,heap     ] GC(1) ParOldGen: 8K(175104K)->5136K(175104K)
[2026-03-26T13:58:49.477+0900][0.464s][info][gc,metaspace] GC(1) Metaspace: 309K(512K)->309K(512K) NonClass: 292K(384K)->292K(384K) Class: 17K(128K)->17K(128K)
[2026-03-26T13:58:49.477+0900][0.464s][info][gc          ] GC(1) Pause Young (Allocation Failure) 69M->10M(245M) 2.764ms
[2026-03-26T13:58:49.477+0900][0.464s][info][gc,cpu      ] GC(1) User=0.00s Sys=0.00s Real=0.00s
[2026-03-26T13:58:49.699+0900][0.685s][info][gc,start    ] GC(2) Pause Young (Allocation Failure)
[2026-03-26T13:58:49.701+0900][0.687s][info][gc,heap     ] GC(2) PSYoungGen: 71456K(76288K)->5929K(76288K) Eden: 65479K(65536K)->0K(65536K) From: 5977K(10752K)->5929K(10752K)
[2026-03-26T13:58:49.709+0900][0.695s][info][gc,heap     ] GC(2) ParOldGen: 5136K(175104K)->10256K(175104K)
[2026-03-26T13:58:49.709+0900][0.695s][info][gc,metaspace] GC(2) Metaspace: 309K(512K)->309K(512K) NonClass: 292K(384K)->292K(384K) Class: 17K(128K)->17K(128K)
[2026-03-26T13:58:49.709+0900][0.695s][info][gc          ] GC(2) Pause Young (Allocation Failure) 74M->15M(245M) 10.778ms
[2026-03-26T13:58:49.709+0900][0.695s][info][gc,cpu      ] GC(2) User=0.00s Sys=0.00s Real=0.01s
[2026-03-26T13:58:49.941+0900][0.928s][info][gc,start    ] GC(3) Pause Young (Allocation Failure)
[2026-03-26T13:58:49.945+0900][0.931s][info][gc,heap     ] GC(3) PSYoungGen: 71429K(76288K)->5945K(141824K) Eden: 65500K(65536K)->0K(131072K) From: 5929K(10752K)->5945K(10752K)
[2026-03-26T13:58:49.945+0900][0.931s][info][gc,heap     ] GC(3) ParOldGen: 10256K(175104K)->15376K(175104K)
[2026-03-26T13:58:49.945+0900][0.931s][info][gc,metaspace] GC(3) Metaspace: 309K(512K)->309K(512K) NonClass: 292K(384K)->292K(384K) Class: 17K(128K)->17K(128K)
[2026-03-26T13:58:49.945+0900][0.931s][info][gc          ] GC(3) Pause Young (Allocation Failure) 79M->20M(309M) 3.298ms
[2026-03-26T13:58:49.945+0900][0.931s][info][gc,cpu      ] GC(3) User=0.00s Sys=0.00s Real=0.00s
[2026-03-26T13:58:50.359+0900][1.344s][info][gc,start    ] GC(4) Pause Young (Allocation Failure)
[2026-03-26T13:58:50.359+0900][1.348s][info][gc,heap     ] GC(4) PSYoungGen: 134040K(141824K)->5929K(133120K) Eden: 128094K(131072K)->0K(126976K) From: 5945K(10752K)->5929K(6144K)
[2026-03-26T13:58:50.359+0900][1.348s][info][gc,heap     ] GC(4) ParOldGen: 15376K(175104K)->25616K(175104K)
[2026-03-26T13:58:50.359+0900][1.348s][info][gc,metaspace] GC(4) Metaspace: 309K(512K)->309K(512K) NonClass: 292K(384K)->292K(384K) Class: 17K(128K)->17K(128K)
[2026-03-26T13:58:50.359+0900][1.348s][info][gc          ] GC(4) Pause Young (Allocation Failure) 145M->30M(301M) 3.692ms
[2026-03-26T13:58:50.359+0900][1.348s][info][gc,cpu      ] GC(4) User=0.00s Sys=0.00s Real=0.00s
[2026-03-26T13:58:50.730+0900][1.716s][info][gc,start    ] GC(5) Pause Young (Allocation Failure)
[2026-03-26T13:58:50.732+0900][1.720s][info][gc,heap     ] GC(5) PSYoungGen: 132902K(133120K)->809K(123904K) Eden: 126973K(126976K)->0K(122880K) From: 5929K(6144K)->809K(1024K)
[2026-03-26T13:58:50.732+0900][1.720s][info][gc,heap     ] GC(5) ParOldGen: 25616K(175104K)->46096K(175104K)
[2026-03-26T13:58:50.732+0900][1.720s][info][gc,metaspace] GC(5) Metaspace: 309K(512K)->309K(512K) NonClass: 292K(384K)->292K(384K) Class: 17K(128K)->17K(128K)
[2026-03-26T13:58:50.732+0900][1.720s][info][gc          ] GC(5) Pause Young (Allocation Failure) 154M->45M(292M) 3.860ms
[2026-03-26T13:58:50.732+0900][1.720s][info][gc,cpu      ] GC(5) User=0.00s Sys=0.00s Real=0.00s
[2026-03-26T13:58:51.079+0900][2.064s][info][gc,start    ] GC(6) Pause Young (Allocation Failure)
[2026-03-26T13:58:51.081+0900][2.066s][info][gc,heap     ] GC(6) PSYoungGen: 123689K(123904K)->5184K(126976K) Eden: 122880K(122880K)->0K(119296K) From: 809K(1024K)->5184K(7680K)
[2026-03-26T13:58:51.081+0900][2.066s][info][gc,heap     ] GC(6) ParOldGen: 46096K(175104K)->52021K(175104K)
[2026-03-26T13:58:51.081+0900][2.066s][info][gc,metaspace] GC(6) Metaspace: 309K(512K)->309K(512K) NonClass: 292K(384K)->292K(384K) Class: 17K(128K)->17K(128K)
[2026-03-26T13:58:51.081+0900][2.066s][info][gc          ] GC(6) Pause Young (Allocation Failure) 165M->55M(295M) 2.160ms
[2026-03-26T13:58:51.081+0900][2.066s][info][gc,cpu      ] GC(6) User=0.00s Sys=0.00s Real=0.00s
[2026-03-26T13:58:51.428+0900][2.415s][info][gc,start    ] GC(7) Pause Young (Allocation Failure)
[2026-03-26T13:58:51.432+0900][2.417s][info][gc,heap     ] GC(7) PSYoungGen: 124477K(126976K)->5152K(121344K) Eden: 119293K(119296K)->0K(115712K) From: 5184K(7680K)->5152K(5632K)
[2026-03-26T13:58:51.432+0900][2.417s][info][gc,heap     ] GC(7) ParOldGen: 52021K(175104K)->62269K(175104K)
[2026-03-26T13:58:51.432+0900][2.417s][info][gc,metaspace] GC(7) Metaspace: 309K(512K)->309K(512K) NonClass: 292K(384K)->292K(384K) Class: 17K(128K)->17K(128K)
[2026-03-26T13:58:51.432+0900][2.417s][info][gc          ] GC(7) Pause Young (Allocation Failure) 172M->65M(289M) 2.149ms
[2026-03-26T13:58:51.432+0900][2.417s][info][gc,cpu      ] GC(7) User=0.00s Sys=0.00s Real=0.00s
[2026-03-26T13:58:51.793+0900][2.779s][info][gc,start    ] GC(8) Pause Young (Allocation Failure)
[2026-03-26T13:58:51.795+0900][2.782s][info][gc,heap     ] GC(8) PSYoungGen: 120794K(121344K)->5152K(117760K) Eden: 115642K(115712K)->0K(112128K) From: 5152K(5632K)->5152K(5632K)
[2026-03-26T13:58:51.795+0900][2.782s][info][gc,heap     ] GC(8) ParOldGen: 62269K(175104K)->72509K(175104K)
[2026-03-26T13:58:51.795+0900][2.782s][info][gc,metaspace] GC(8) Metaspace: 309K(512K)->309K(512K) NonClass: 292K(384K)->292K(384K) Class: 17K(128K)->17K(128K)
[2026-03-26T13:58:51.795+0900][2.782s][info][gc          ] GC(8) Pause Young (Allocation Failure) 178M->75M(286M) 3.284ms
[2026-03-26T13:58:51.795+0900][2.782s][info][gc,cpu      ] GC(8) User=0.00s Sys=0.00s Real=0.00s
[2026-03-26T13:58:52.110+0900][3.096s][info][gc,start    ] GC(9) Pause Young (Allocation Failure)
[2026-03-26T13:58:52.111+0900][3.099s][info][gc,heap     ] GC(9) PSYoungGen: 117280K(117760K)->32K(109568K) Eden: 112128K(112128K)->0K(109056K) From: 5152K(5632K)->32K(512K)
[2026-03-26T13:58:52.111+0900][3.099s][info][gc,heap     ] GC(9) ParOldGen: 72509K(175104K)->87870K(175104K)
[2026-03-26T13:58:52.111+0900][3.099s][info][gc,metaspace] GC(9) Metaspace: 309K(512K)->309K(512K) NonClass: 292K(384K)->292K(384K) Class: 17K(128K)->17K(128K)
[2026-03-26T13:58:52.111+0900][3.099s][info][gc          ] GC(9) Pause Young (Allocation Failure) 185M->85M(278M) 2.625ms
[2026-03-26T13:58:52.111+0900][3.099s][info][gc,cpu      ] GC(9) User=0.00s Sys=0.00s Real=0.00s
[2026-03-26T13:58:52.479+0900][3.465s][info][gc,start    ] GC(10) Pause Young (Allocation Failure)
[2026-03-26T13:58:52.481+0900][3.468s][info][gc,heap     ] GC(10) PSYoungGen: 109057K(109568K)->5120K(113664K) Eden: 109025K(109056K)->0K(105984K) From: 32K(512K)->5120K(7680K)
[2026-03-26T13:58:52.481+0900][3.468s][info][gc,heap     ] GC(10) ParOldGen: 87870K(175104K)->92998K(175104K)
[2026-03-26T13:58:52.481+0900][3.468s][info][gc,metaspace] GC(10) Metaspace: 309K(512K)->309K(512K) NonClass: 292K(384K)->292K(384K) Class: 17K(128K)->17K(128K)
[2026-03-26T13:58:52.481+0900][3.468s][info][gc          ] GC(10) Pause Young (Allocation Failure) 192M->95M(282M) 3.297ms
[2026-03-26T13:58:52.481+0900][3.468s][info][gc,cpu      ] GC(10) User=0.02s Sys=0.00s Real=0.00s
[2026-03-26T13:58:52.796+0900][3.782s][info][gc,start    ] GC(11) Pause Young (Allocation Failure)
[2026-03-26T13:58:52.799+0900][3.786s][info][gc,heap     ] GC(11) PSYoungGen: 111071K(113664K)->5120K(108544K) Eden: 105951K(105984K)->0K(102912K) From: 5120K(7680K)->5120K(5632K)
[2026-03-26T13:58:52.799+0900][3.786s][info][gc,heap     ] GC(11) ParOldGen: 92998K(175104K)->103238K(175104K)
[2026-03-26T13:58:52.799+0900][3.786s][info][gc,metaspace] GC(11) Metaspace: 309K(512K)->309K(512K) NonClass: 292K(384K)->292K(384K) Class: 17K(128K)->17K(128K)
[2026-03-26T13:58:52.799+0900][3.786s][info][gc          ] GC(11) Pause Young (Allocation Failure) 199M->105M(277M) 3.561ms
[2026-03-26T13:58:52.799+0900][3.786s][info][gc,cpu      ] GC(11) User=0.00s Sys=0.00s Real=0.00s
[2026-03-26T13:58:53.094+0900][4.080s][info][gc,start    ] GC(12) Pause Young (Allocation Failure)
[2026-03-26T13:58:53.099+0900][4.085s][info][gc,heap     ] GC(12) PSYoungGen: 108005K(108544K)->5152K(105472K) Eden: 102885K(102912K)->0K(99840K) From: 5120K(5632K)->5152K(5632K)
[2026-03-26T13:58:53.099+0900][4.085s][info][gc,heap     ] GC(12) ParOldGen: 103238K(175104K)->118598K(175104K)
[2026-03-26T13:58:53.099+0900][4.085s][info][gc,metaspace] GC(12) Metaspace: 309K(512K)->309K(512K) NonClass: 292K(384K)->292K(384K) Class: 17K(128K)->17K(128K)
[2026-03-26T13:58:53.099+0900][4.085s][info][gc          ] GC(12) Pause Young (Allocation Failure) 206M->120M(274M) 5.638ms
[2026-03-26T13:58:53.099+0900][4.085s][info][gc,cpu      ] GC(12) User=0.00s Sys=0.00s Real=0.00s
[2026-03-26T13:58:53.401+0900][4.387s][info][gc,start    ] GC(13) Pause Young (Allocation Failure)
[2026-03-26T13:58:53.407+0900][4.393s][info][gc,heap     ] GC(13) PSYoungGen: 104892K(105472K)->0K(113152K) Eden: 99740K(99840K)->0K(109568K) From: 5152K(5632K)->0K(3584K)
[2026-03-26T13:58:53.407+0900][4.394s][info][gc,heap     ] GC(13) ParOldGen: 118598K(175104K)->133966K(175104K)
[2026-03-26T13:58:53.407+0900][4.394s][info][gc,metaspace] GC(13) Metaspace: 309K(512K)->309K(512K) NonClass: 292K(384K)->292K(384K) Class: 17K(128K)->17K(128K)
[2026-03-26T13:58:53.407+0900][4.394s][info][gc          ] GC(13) Pause Young (Allocation Failure) 218M->130M(281M) 6.748ms
[2026-03-26T13:58:53.407+0900][4.394s][info][gc,cpu      ] GC(13) User=0.00s Sys=0.03s Real=0.01s
[2026-03-26T13:58:53.766+0900][4.752s][info][gc,start    ] GC(14) Pause Young (Allocation Failure)
[2026-03-26T13:58:53.768+0900][4.755s][info][gc,heap     ] GC(14) PSYoungGen: 109530K(113152K)->5152K(117248K) Eden: 109530K(109568K)->0K(109568K) From: 0K(3584K)->5152K(7680K)
[2026-03-26T13:58:53.768+0900][4.755s][info][gc,heap     ] GC(14) ParOldGen: 133966K(175104K)->139094K(175104K)
[2026-03-26T13:58:53.768+0900][4.755s][info][gc,metaspace] GC(14) Metaspace: 319K(512K)->319K(512K) NonClass: 302K(384K)->302K(384K) Class: 17K(128K)->17K(128K)
[2026-03-26T13:58:53.768+0900][4.755s][info][gc          ] GC(14) Pause Young (Allocation Failure) 237M->140M(285M) 3.303ms
[2026-03-26T13:58:53.768+0900][4.755s][info][gc,cpu      ] GC(14) User=0.00s Sys=0.00s Real=0.00s
[2026-03-26T13:58:54.194+0900][5.180s][info][gc,start    ] GC(15) Pause Young (Allocation Failure)
[2026-03-26T13:58:54.201+0900][5.187s][info][gc,heap     ] GC(15) PSYoungGen: 114676K(117248K)->5120K(166912K) Eden: 109524K(109568K)->0K(159232K) From: 5152K(7680K)->5120K(7680K)
[2026-03-26T13:58:54.201+0900][5.187s][info][gc,heap     ] GC(15) ParOldGen: 139094K(175104K)->149342K(175104K)
[2026-03-26T13:58:54.201+0900][5.187s][info][gc,metaspace] GC(15) Metaspace: 319K(512K)->319K(512K) NonClass: 302K(384K)->302K(384K) Class: 17K(128K)->17K(128K)
[2026-03-26T13:58:54.201+0900][5.187s][info][gc          ] GC(15) Pause Young (Allocation Failure) 247M->150M(334M) 6.822ms
[2026-03-26T13:58:54.201+0900][5.187s][info][gc,cpu      ] GC(15) User=0.02s Sys=0.00s Real=0.01s
[2026-03-26T13:58:55.343+0900][6.330s][info][gc,start    ] GC(16) Pause Young (Allocation Failure)
[2026-03-26T13:58:55.348+0900][6.338s][info][gc,heap     ] GC(16) PSYoungGen: 164253K(166912K)->5120K(166912K) Eden: 159133K(159232K)->0K(159232K) From: 5120K(7680K)->5120K(7680K)
[2026-03-26T13:58:55.348+0900][6.338s][info][gc,heap     ] GC(16) ParOldGen: 149342K(175104K)->164702K(175104K)
[2026-03-26T13:58:55.348+0900][6.338s][info][gc,metaspace] GC(16) Metaspace: 319K(512K)->319K(512K) NonClass: 302K(384K)->302K(384K) Class: 17K(128K)->17K(128K)
[2026-03-26T13:58:55.348+0900][6.338s][info][gc          ] GC(16) Pause Young (Allocation Failure) 306M->165M(334M) 8.014ms
[2026-03-26T13:58:55.348+0900][6.338s][info][gc,cpu      ] GC(16) User=0.00s Sys=0.00s Real=0.01s
[2026-03-26T13:58:55.348+0900][6.339s][info][gc,start    ] GC(17) Pause Full (Ergonomics)
[2026-03-26T13:58:55.348+0900][6.339s][info][gc,phases,start] GC(17) Marking Phase
[2026-03-26T13:58:55.348+0900][6.341s][info][gc,phases      ] GC(17) Marking Phase 2.382ms
[2026-03-26T13:58:55.348+0900][6.341s][info][gc,phases,start] GC(17) Summary Phase
[2026-03-26T13:58:55.348+0900][6.341s][info][gc,phases      ] GC(17) Summary Phase 0.067ms
[2026-03-26T13:58:55.348+0900][6.341s][info][gc,phases,start] GC(17) Adjust Roots
[2026-03-26T13:58:55.348+0900][6.342s][info][gc,phases      ] GC(17) Adjust Roots 0.352ms
[2026-03-26T13:58:55.348+0900][6.342s][info][gc,phases,start] GC(17) Compaction Phase
[2026-03-26T13:58:55.365+0900][6.350s][info][gc,phases      ] GC(17) Compaction Phase 8.737ms
[2026-03-26T13:58:55.365+0900][6.351s][info][gc,phases,start] GC(17) Post Compact
[2026-03-26T13:58:55.366+0900][6.354s][info][gc,phases      ] GC(17) Post Compact 2.982ms
[2026-03-26T13:58:55.366+0900][6.354s][info][gc,heap        ] GC(17) PSYoungGen: 5120K(166912K)->0K(166912K) Eden: 0K(159232K)->0K(159232K) From: 5120K(7680K)->0K(7680K)
[2026-03-26T13:58:55.366+0900][6.354s][info][gc,heap        ] GC(17) ParOldGen: 164702K(175104K)->164678K(264192K)
[2026-03-26T13:58:55.366+0900][6.354s][info][gc,metaspace   ] GC(17) Metaspace: 319K(512K)->319K(512K) NonClass: 302K(384K)->302K(384K) Class: 17K(128K)->17K(128K)
[2026-03-26T13:58:55.366+0900][6.354s][info][gc             ] GC(17) Pause Full (Ergonomics) 165M->160M(421M) 15.879ms
[2026-03-26T13:58:55.366+0900][6.354s][info][gc,cpu         ] GC(17) User=0.02s Sys=0.00s Real=0.02s
[2026-03-26T13:58:55.964+0900][6.951s][info][gc,start       ] GC(18) Pause Young (Allocation Failure)
[2026-03-26T13:58:55.967+0900][6.956s][info][gc,heap        ] GC(18) PSYoungGen: 156808K(166912K)->5152K(166912K) Eden: 156808K(159232K)->0K(159232K) From: 0K(7680K)->5152K(7680K)
[2026-03-26T13:58:55.967+0900][6.956s][info][gc,heap        ] GC(18) ParOldGen: 164678K(264192K)->174918K(264192K)
[2026-03-26T13:58:55.967+0900][6.956s][info][gc,metaspace   ] GC(18) Metaspace: 319K(512K)->319K(512K) NonClass: 302K(384K)->302K(384K) Class: 17K(128K)->17K(128K)
[2026-03-26T13:58:55.967+0900][6.956s][info][gc             ] GC(18) Pause Young (Allocation Failure) 313M->175M(421M) 4.842ms
[2026-03-26T13:58:55.967+0900][6.956s][info][gc,cpu         ] GC(18) User=0.00s Sys=0.00s Real=0.00s
[2026-03-26T13:58:57.094+0900][8.080s][info][gc,start       ] GC(19) Pause Young (Allocation Failure)
[2026-03-26T13:58:57.099+0900][8.086s][info][gc,heap        ] GC(19) PSYoungGen: 164384K(166912K)->5120K(166912K) Eden: 159232K(159232K)->0K(159232K) From: 5152K(7680K)->5120K(7680K)
[2026-03-26T13:58:57.099+0900][8.086s][info][gc,heap        ] GC(19) ParOldGen: 174918K(264192K)->190286K(264192K)
[2026-03-26T13:58:57.099+0900][8.086s][info][gc,metaspace   ] GC(19) Metaspace: 319K(512K)->319K(512K) NonClass: 302K(384K)->302K(384K) Class: 17K(128K)->17K(128K)
[2026-03-26T13:58:57.099+0900][8.086s][info][gc             ] GC(19) Pause Young (Allocation Failure) 331M->190M(421M) 5.627ms
[2026-03-26T13:58:57.099+0900][8.086s][info][gc,cpu         ] GC(19) User=0.00s Sys=0.00s Real=0.00s
[2026-03-26T13:58:59.265+0900][10.251s][info][gc,start       ] GC(20) Pause Young (Allocation Failure)
[2026-03-26T13:58:59.281+0900][10.269s][info][gc,heap        ] GC(20) PSYoungGen: 164295K(166912K)->5120K(166912K) Eden: 159175K(159232K)->0K(159232K) From: 5120K(7680K)->5120K(7680K)
[2026-03-26T13:58:59.281+0900][10.270s][info][gc,heap        ] GC(20) ParOldGen: 190286K(264192K)->205646K(264192K)
[2026-03-26T13:58:59.281+0900][10.270s][info][gc,metaspace   ] GC(20) Metaspace: 319K(512K)->319K(512K) NonClass: 302K(384K)->302K(384K) Class: 17K(128K)->17K(128K)
[2026-03-26T13:58:59.281+0900][10.270s][info][gc             ] GC(20) Pause Young (Allocation Failure) 346M->205M(421M) 19.212ms
[2026-03-26T13:58:59.281+0900][10.270s][info][gc,cpu         ] GC(20) User=0.02s Sys=0.00s Real=0.02s
[2026-03-26T13:58:59.798+0900][10.784s][info][gc,start       ] GC(21) Pause Young (Allocation Failure)
[2026-03-26T13:58:59.802+0900][10.788s][info][gc,heap        ] GC(21) PSYoungGen: 164352K(166912K)->5120K(165888K) Eden: 159232K(159232K)->0K(159232K) From: 5120K(7680K)->5120K(6656K)
[2026-03-26T13:58:59.802+0900][10.788s][info][gc,heap        ] GC(21) ParOldGen: 205646K(264192K)->221006K(264192K)
[2026-03-26T13:58:59.802+0900][10.788s][info][gc,metaspace   ] GC(21) Metaspace: 320K(512K)->320K(512K) NonClass: 303K(384K)->303K(384K) Class: 17K(128K)->17K(128K)
[2026-03-26T13:58:59.802+0900][10.788s][info][gc             ] GC(21) Pause Young (Allocation Failure) 361M->220M(420M) 4.045ms
[2026-03-26T13:58:59.802+0900][10.788s][info][gc,cpu         ] GC(21) User=0.00s Sys=0.00s Real=0.00s
[2026-03-26T13:59:00.273+0900][11.259s][info][gc,start       ] GC(22) Pause Young (Allocation Failure)
[2026-03-26T13:59:00.278+0900][11.265s][info][gc,heap        ] GC(22) PSYoungGen: 164252K(165888K)->5120K(166400K) Eden: 159132K(159232K)->0K(159232K) From: 5120K(6656K)->5120K(7168K)
[2026-03-26T13:59:00.278+0900][11.265s][info][gc,heap        ] GC(22) ParOldGen: 221006K(264192K)->236366K(264192K)
[2026-03-26T13:59:00.278+0900][11.265s][info][gc,metaspace   ] GC(22) Metaspace: 321K(512K)->321K(512K) NonClass: 304K(384K)->304K(384K) Class: 17K(128K)->17K(128K)
[2026-03-26T13:59:00.278+0900][11.265s][info][gc             ] GC(22) Pause Young (Allocation Failure) 376M->235M(420M) 5.918ms
[2026-03-26T13:59:00.278+0900][11.265s][info][gc,cpu         ] GC(22) User=0.03s Sys=0.00s Real=0.01s
[2026-03-26T13:59:00.734+0900][11.721s][info][gc,start       ] GC(23) Pause Young (Allocation Failure)
[2026-03-26T13:59:00.741+0900][11.728s][info][gc,heap        ] GC(23) PSYoungGen: 164352K(166400K)->5120K(167424K) Eden: 159232K(159232K)->0K(160256K) From: 5120K(7168K)->5120K(7168K)
[2026-03-26T13:59:00.741+0900][11.728s][info][gc,heap        ] GC(23) ParOldGen: 236366K(264192K)->251726K(264192K)
[2026-03-26T13:59:00.741+0900][11.728s][info][gc,metaspace   ] GC(23) Metaspace: 321K(512K)->321K(512K) NonClass: 304K(384K)->304K(384K) Class: 17K(128K)->17K(128K)
[2026-03-26T13:59:00.741+0900][11.728s][info][gc             ] GC(23) Pause Young (Allocation Failure) 391M->250M(421M) 7.049ms
[2026-03-26T13:59:00.741+0900][11.728s][info][gc,cpu         ] GC(23) User=0.00s Sys=0.00s Real=0.01s
[2026-03-26T13:59:00.741+0900][11.728s][info][gc,start       ] GC(24) Pause Full (Ergonomics)
[2026-03-26T13:59:00.741+0900][11.728s][info][gc,phases,start] GC(24) Marking Phase
[2026-03-26T13:59:00.744+0900][11.730s][info][gc,phases      ] GC(24) Marking Phase 2.115ms
[2026-03-26T13:59:00.744+0900][11.730s][info][gc,phases,start] GC(24) Summary Phase
[2026-03-26T13:59:00.744+0900][11.730s][info][gc,phases      ] GC(24) Summary Phase 0.046ms
[2026-03-26T13:59:00.744+0900][11.730s][info][gc,phases,start] GC(24) Adjust Roots
[2026-03-26T13:59:00.744+0900][11.731s][info][gc,phases      ] GC(24) Adjust Roots 0.328ms
[2026-03-26T13:59:00.744+0900][11.731s][info][gc,phases,start] GC(24) Compaction Phase
[2026-03-26T13:59:00.754+0900][11.741s][info][gc,phases      ] GC(24) Compaction Phase 9.932ms
[2026-03-26T13:59:00.754+0900][11.741s][info][gc,phases,start] GC(24) Post Compact
[2026-03-26T13:59:00.757+0900][11.742s][info][gc,phases      ] GC(24) Post Compact 1.586ms
[2026-03-26T13:59:00.757+0900][11.743s][info][gc,heap        ] GC(24) PSYoungGen: 5120K(167424K)->0K(167424K) Eden: 0K(160256K)->0K(160256K) From: 5120K(7168K)->0K(7168K)
[2026-03-26T13:59:00.757+0900][11.743s][info][gc,heap        ] GC(24) ParOldGen: 251726K(264192K)->251719K(349696K)
[2026-03-26T13:59:00.757+0900][11.743s][info][gc,metaspace   ] GC(24) Metaspace: 321K(512K)->321K(512K) NonClass: 304K(384K)->304K(384K) Class: 17K(128K)->17K(128K)
[2026-03-26T13:59:00.757+0900][11.743s][info][gc             ] GC(24) Pause Full (Ergonomics) 250M->245M(505M) 15.076ms
[2026-03-26T13:59:00.757+0900][11.743s][info][gc,cpu         ] GC(24) User=0.03s Sys=0.00s Real=0.02s
[2026-03-26T13:59:01.240+0900][12.226s][info][gc,start       ] GC(25) Pause Young (Allocation Failure)
[2026-03-26T13:59:01.243+0900][12.230s][info][gc,heap        ] GC(25) PSYoungGen: 160241K(167424K)->5152K(167424K) Eden: 160241K(160256K)->0K(160256K) From: 0K(7168K)->5152K(7168K)
[2026-03-26T13:59:01.243+0900][12.230s][info][gc,heap        ] GC(25) ParOldGen: 251719K(349696K)->261959K(349696K)
[2026-03-26T13:59:01.243+0900][12.230s][info][gc,metaspace   ] GC(25) Metaspace: 321K(512K)->321K(512K) NonClass: 304K(384K)->304K(384K) Class: 17K(128K)->17K(128K)
[2026-03-26T13:59:01.245+0900][12.230s][info][gc             ] GC(25) Pause Young (Allocation Failure) 402M->260M(505M) 4.287ms
[2026-03-26T13:59:01.245+0900][12.230s][info][gc,cpu         ] GC(25) User=0.00s Sys=0.00s Real=0.00s
[2026-03-26T13:59:01.716+0900][12.702s][info][gc,start       ] GC(26) Pause Young (Allocation Failure)
[2026-03-26T13:59:01.723+0900][12.708s][info][gc,heap        ] GC(26) PSYoungGen: 165370K(167424K)->5152K(167424K) Eden: 160218K(160256K)->0K(160256K) From: 5152K(7168K)->5152K(7168K)
[2026-03-26T13:59:01.723+0900][12.708s][info][gc,heap        ] GC(26) ParOldGen: 261959K(349696K)->277327K(349696K)
[2026-03-26T13:59:01.723+0900][12.708s][info][gc,metaspace   ] GC(26) Metaspace: 322K(512K)->322K(512K) NonClass: 305K(384K)->305K(384K) Class: 17K(128K)->17K(128K)
[2026-03-26T13:59:01.723+0900][12.709s][info][gc             ] GC(26) Pause Young (Allocation Failure) 417M->275M(505M) 6.346ms
[2026-03-26T13:59:01.723+0900][12.709s][info][gc,cpu         ] GC(26) User=0.00s Sys=0.00s Real=0.01s
[2026-03-26T13:59:02.192+0900][13.178s][info][gc,start       ] GC(27) Pause Young (Allocation Failure)
[2026-03-26T13:59:02.193+0900][13.182s][info][gc,heap        ] GC(27) PSYoungGen: 164025K(167424K)->5120K(167424K) Eden: 158873K(160256K)->0K(160256K) From: 5152K(7168K)->5120K(7168K)
[2026-03-26T13:59:02.193+0900][13.182s][info][gc,heap        ] GC(27) ParOldGen: 277327K(349696K)->287575K(349696K)
[2026-03-26T13:59:02.193+0900][13.182s][info][gc,metaspace   ] GC(27) Metaspace: 322K(512K)->322K(512K) NonClass: 305K(384K)->305K(384K) Class: 17K(128K)->17K(128K)
[2026-03-26T13:59:02.193+0900][13.182s][info][gc             ] GC(27) Pause Young (Allocation Failure) 431M->285M(505M) 3.946ms
[2026-03-26T13:59:02.193+0900][13.182s][info][gc,cpu         ] GC(27) User=0.00s Sys=0.00s Real=0.00s
[2026-03-26T13:59:02.857+0900][13.844s][info][gc,start       ] GC(28) Pause Young (Allocation Failure)
[2026-03-26T13:59:02.857+0900][13.849s][info][gc,heap        ] GC(28) PSYoungGen: 165364K(167424K)->5120K(165888K) Eden: 160244K(160256K)->0K(160256K) From: 5120K(7168K)->5120K(5632K)
[2026-03-26T13:59:02.857+0900][13.849s][info][gc,heap        ] GC(28) ParOldGen: 287575K(349696K)->302935K(349696K)
[2026-03-26T13:59:02.857+0900][13.849s][info][gc,metaspace   ] GC(28) Metaspace: 322K(512K)->322K(512K) NonClass: 305K(384K)->305K(384K) Class: 17K(128K)->17K(128K)
[2026-03-26T13:59:02.857+0900][13.849s][info][gc             ] GC(28) Pause Young (Allocation Failure) 442M->300M(503M) 5.567ms
[2026-03-26T13:59:02.857+0900][13.849s][info][gc,cpu         ] GC(28) User=0.00s Sys=0.00s Real=0.00s
[2026-03-26T13:59:03.376+0900][14.364s][info][gc,start       ] GC(29) Pause Young (Allocation Failure)
[2026-03-26T13:59:03.376+0900][14.368s][info][gc,heap        ] GC(29) PSYoungGen: 165278K(165888K)->5120K(166912K) Eden: 160158K(160256K)->0K(160256K) From: 5120K(5632K)->5120K(6656K)
[2026-03-26T13:59:03.376+0900][14.368s][info][gc,heap        ] GC(29) ParOldGen: 302935K(349696K)->318295K(349696K)
[2026-03-26T13:59:03.376+0900][14.368s][info][gc,metaspace   ] GC(29) Metaspace: 322K(512K)->322K(512K) NonClass: 305K(384K)->305K(384K) Class: 17K(128K)->17K(128K)
[2026-03-26T13:59:03.376+0900][14.369s][info][gc             ] GC(29) Pause Young (Allocation Failure) 457M->315M(504M) 4.920ms
[2026-03-26T13:59:03.376+0900][14.369s][info][gc,cpu         ] GC(29) User=0.00s Sys=0.00s Real=0.00s
[2026-03-26T13:59:03.910+0900][14.896s][info][gc,start       ] GC(30) Pause Young (Allocation Failure)
[2026-03-26T13:59:03.914+0900][14.900s][info][gc,heap        ] GC(30) PSYoungGen: 165287K(166912K)->5120K(166912K) Eden: 160167K(160256K)->0K(160256K) From: 5120K(6656K)->5120K(6656K)
[2026-03-26T13:59:03.914+0900][14.900s][info][gc,heap        ] GC(30) ParOldGen: 318295K(349696K)->333655K(349696K)
[2026-03-26T13:59:03.914+0900][14.900s][info][gc,metaspace   ] GC(30) Metaspace: 322K(512K)->322K(512K) NonClass: 305K(384K)->305K(384K) Class: 17K(128K)->17K(128K)
[2026-03-26T13:59:03.914+0900][14.900s][info][gc             ] GC(30) Pause Young (Allocation Failure) 472M->330M(504M) 4.354ms
[2026-03-26T13:59:03.914+0900][14.900s][info][gc,cpu         ] GC(30) User=0.00s Sys=0.00s Real=0.00s
[2026-03-26T13:59:03.914+0900][14.900s][info][gc,start       ] GC(31) Pause Full (Ergonomics)
[2026-03-26T13:59:03.914+0900][14.900s][info][gc,phases,start] GC(31) Marking Phase
[2026-03-26T13:59:03.916+0900][14.902s][info][gc,phases      ] GC(31) Marking Phase 1.319ms
[2026-03-26T13:59:03.916+0900][14.902s][info][gc,phases,start] GC(31) Summary Phase
[2026-03-26T13:59:03.916+0900][14.902s][info][gc,phases      ] GC(31) Summary Phase 0.021ms
[2026-03-26T13:59:03.916+0900][14.902s][info][gc,phases,start] GC(31) Adjust Roots
[2026-03-26T13:59:03.916+0900][14.902s][info][gc,phases      ] GC(31) Adjust Roots 0.402ms
[2026-03-26T13:59:03.916+0900][14.902s][info][gc,phases,start] GC(31) Compaction Phase
[2026-03-26T13:59:03.942+0900][14.930s][info][gc,phases      ] GC(31) Compaction Phase 27.376ms
[2026-03-26T13:59:03.942+0900][14.930s][info][gc,phases,start] GC(31) Post Compact
[2026-03-26T13:59:03.942+0900][14.932s][info][gc,phases      ] GC(31) Post Compact 1.724ms
[2026-03-26T13:59:03.942+0900][14.932s][info][gc,heap        ] GC(31) PSYoungGen: 5120K(166912K)->0K(167936K) Eden: 0K(160256K)->0K(161280K) From: 5120K(6656K)->0K(6656K)
[2026-03-26T13:59:03.942+0900][14.932s][info][gc,heap        ] GC(31) ParOldGen: 333655K(349696K)->287520K(349696K)
[2026-03-26T13:59:03.942+0900][14.932s][info][gc,metaspace   ] GC(31) Metaspace: 322K(512K)->322K(512K) NonClass: 305K(384K)->305K(384K) Class: 17K(128K)->17K(128K)
[2026-03-26T13:59:03.942+0900][14.932s][info][gc             ] GC(31) Pause Full (Ergonomics) 330M->280M(505M) 31.368ms
[2026-03-26T13:59:03.942+0900][14.932s][info][gc,cpu         ] GC(31) User=0.03s Sys=0.00s Real=0.03s
[2026-03-26T13:59:05.448+0900][16.438s][info][gc,start       ] GC(32) Pause Young (Allocation Failure)
[2026-03-26T13:59:05.448+0900][16.440s][info][gc,heap        ] GC(32) PSYoungGen: 161280K(167936K)->5120K(167936K) Eden: 161280K(161280K)->0K(161280K) From: 0K(6656K)->5120K(6656K)
[2026-03-26T13:59:05.448+0900][16.440s][info][gc,heap        ] GC(32) ParOldGen: 287520K(349696K)->297760K(349696K)
[2026-03-26T13:59:05.448+0900][16.440s][info][gc,metaspace   ] GC(32) Metaspace: 322K(512K)->322K(512K) NonClass: 305K(384K)->305K(384K) Class: 17K(128K)->17K(128K)
[2026-03-26T13:59:05.448+0900][16.440s][info][gc             ] GC(32) Pause Young (Allocation Failure) 438M->295M(505M) 2.196ms
[2026-03-26T13:59:05.448+0900][16.440s][info][gc,cpu         ] GC(32) User=0.00s Sys=0.00s Real=0.00s
[2026-03-26T13:59:06.698+0900][17.684s][info][gc,start       ] GC(33) Pause Young (Allocation Failure)
[2026-03-26T13:59:06.698+0900][17.686s][info][gc,heap        ] GC(33) PSYoungGen: 166400K(167936K)->5120K(167936K) Eden: 161280K(161280K)->0K(161280K) From: 5120K(6656K)->5120K(6656K)
[2026-03-26T13:59:06.698+0900][17.686s][info][gc,heap        ] GC(33) ParOldGen: 297760K(349696K)->313120K(349696K)
[2026-03-26T13:59:06.698+0900][17.686s][info][gc,metaspace   ] GC(33) Metaspace: 322K(512K)->322K(512K) NonClass: 305K(384K)->305K(384K) Class: 17K(128K)->17K(128K)
[2026-03-26T13:59:06.698+0900][17.686s][info][gc             ] GC(33) Pause Young (Allocation Failure) 453M->310M(505M) 1.922ms
[2026-03-26T13:59:06.698+0900][17.686s][info][gc,cpu         ] GC(33) User=0.00s Sys=0.02s Real=0.00s
[2026-03-26T13:59:07.206+0900][18.192s][info][gc,start       ] GC(34) Pause Young (Allocation Failure)
[2026-03-26T13:59:07.206+0900][18.194s][info][gc,heap        ] GC(34) PSYoungGen: 166384K(167936K)->5120K(162304K) Eden: 161264K(161280K)->0K(156672K) From: 5120K(6656K)->5120K(5632K)
[2026-03-26T13:59:07.206+0900][18.194s][info][gc,heap        ] GC(34) ParOldGen: 313120K(349696K)->328480K(349696K)
[2026-03-26T13:59:07.206+0900][18.194s][info][gc,metaspace   ] GC(34) Metaspace: 322K(512K)->322K(512K) NonClass: 305K(384K)->305K(384K) Class: 17K(128K)->17K(128K)
[2026-03-26T13:59:07.206+0900][18.194s][info][gc             ] GC(34) Pause Young (Allocation Failure) 468M->325M(500M) 1.726ms
[2026-03-26T13:59:07.206+0900][18.194s][info][gc,cpu         ] GC(34) User=0.00s Sys=0.00s Real=0.00s
[2026-03-26T13:59:07.206+0900][18.194s][info][gc,start       ] GC(35) Pause Full (Ergonomics)
[2026-03-26T13:59:07.206+0900][18.194s][info][gc,phases,start] GC(35) Marking Phase
[2026-03-26T13:59:07.206+0900][18.195s][info][gc,phases      ] GC(35) Marking Phase 1.261ms
[2026-03-26T13:59:07.206+0900][18.195s][info][gc,phases,start] GC(35) Summary Phase
[2026-03-26T13:59:07.206+0900][18.195s][info][gc,phases      ] GC(35) Summary Phase 0.021ms
[2026-03-26T13:59:07.206+0900][18.195s][info][gc,phases,start] GC(35) Adjust Roots
[2026-03-26T13:59:07.206+0900][18.196s][info][gc,phases      ] GC(35) Adjust Roots 0.296ms
[2026-03-26T13:59:07.206+0900][18.196s][info][gc,phases,start] GC(35) Compaction Phase
[2026-03-26T13:59:07.222+0900][18.213s][info][gc,phases      ] GC(35) Compaction Phase 16.982ms
[2026-03-26T13:59:07.222+0900][18.213s][info][gc,phases,start] GC(35) Post Compact
[2026-03-26T13:59:07.222+0900][18.214s][info][gc,phases      ] GC(35) Post Compact 0.905ms
[2026-03-26T13:59:07.222+0900][18.214s][info][gc,heap        ] GC(35) PSYoungGen: 5120K(162304K)->0K(163328K) Eden: 0K(156672K)->0K(160256K) From: 5120K(5632K)->0K(3072K)
[2026-03-26T13:59:07.222+0900][18.214s][info][gc,heap        ] GC(35) ParOldGen: 328480K(349696K)->282400K(349696K)
[2026-03-26T13:59:07.222+0900][18.214s][info][gc,metaspace   ] GC(35) Metaspace: 322K(512K)->322K(512K) NonClass: 305K(384K)->305K(384K) Class: 17K(128K)->17K(128K)
[2026-03-26T13:59:07.222+0900][18.214s][info][gc             ] GC(35) Pause Full (Ergonomics) 325M->275M(501M) 19.882ms
[2026-03-26T13:59:07.222+0900][18.214s][info][gc,cpu         ] GC(35) User=0.03s Sys=0.00s Real=0.02s
[2026-03-26T13:59:07.731+0900][18.718s][info][gc,start       ] GC(36) Pause Young (Allocation Failure)
[2026-03-26T13:59:07.731+0900][18.722s][info][gc,heap        ] GC(36) PSYoungGen: 160245K(163328K)->5120K(166912K) Eden: 160245K(160256K)->0K(160256K) From: 0K(3072K)->5120K(6656K)
[2026-03-26T13:59:07.731+0900][18.722s][info][gc,heap        ] GC(36) ParOldGen: 282400K(349696K)->292640K(349696K)
[2026-03-26T13:59:07.731+0900][18.722s][info][gc,metaspace   ] GC(36) Metaspace: 322K(512K)->322K(512K) NonClass: 305K(384K)->305K(384K) Class: 17K(128K)->17K(128K)
[2026-03-26T13:59:07.731+0900][18.722s][info][gc             ] GC(36) Pause Young (Allocation Failure) 432M->290M(504M) 3.671ms
[2026-03-26T13:59:07.731+0900][18.722s][info][gc,cpu         ] GC(36) User=0.00s Sys=0.00s Real=0.00s
[2026-03-26T13:59:08.665+0900][19.651s][info][gc,start       ] GC(37) Pause Young (Allocation Failure)
[2026-03-26T13:59:08.668+0900][19.655s][info][gc,heap        ] GC(37) PSYoungGen: 165300K(166912K)->5120K(167424K) Eden: 160180K(160256K)->0K(161792K) From: 5120K(6656K)->5120K(5632K)
[2026-03-26T13:59:08.668+0900][19.655s][info][gc,heap        ] GC(37) ParOldGen: 292640K(349696K)->308000K(349696K)
[2026-03-26T13:59:08.668+0900][19.655s][info][gc,metaspace   ] GC(37) Metaspace: 324K(512K)->324K(512K) NonClass: 307K(384K)->307K(384K) Class: 17K(128K)->17K(128K)
[2026-03-26T13:59:08.668+0900][19.655s][info][gc             ] GC(37) Pause Young (Allocation Failure) 447M->305M(505M) 3.815ms
[2026-03-26T13:59:08.668+0900][19.655s][info][gc,cpu         ] GC(37) User=0.03s Sys=0.00s Real=0.00s
[2026-03-26T13:59:09.548+0900][20.536s][info][gc,start       ] GC(38) Pause Young (Allocation Failure)
[2026-03-26T13:59:09.551+0900][20.542s][info][gc,heap        ] GC(38) PSYoungGen: 166912K(167424K)->5120K(167936K) Eden: 161792K(161792K)->0K(161792K) From: 5120K(5632K)->5120K(6144K)
[2026-03-26T13:59:09.551+0900][20.542s][info][gc,heap        ] GC(38) ParOldGen: 308000K(349696K)->323360K(349696K)
[2026-03-26T13:59:09.551+0900][20.542s][info][gc,metaspace   ] GC(38) Metaspace: 324K(512K)->324K(512K) NonClass: 307K(384K)->307K(384K) Class: 17K(128K)->17K(128K)
[2026-03-26T13:59:09.551+0900][20.542s][info][gc             ] GC(38) Pause Young (Allocation Failure) 463M->320M(505M) 5.740ms
[2026-03-26T13:59:09.551+0900][20.542s][info][gc,cpu         ] GC(38) User=0.00s Sys=0.00s Real=0.00s
[2026-03-26T13:59:10.108+0900][21.098s][info][gc,start       ] GC(39) Pause Young (Allocation Failure)
[2026-03-26T13:59:10.116+0900][21.102s][info][gc,heap        ] GC(39) PSYoungGen: 162153K(167936K)->5152K(168448K) Eden: 157033K(161792K)->0K(162304K) From: 5120K(6144K)->5152K(6144K)
[2026-03-26T13:59:10.116+0900][21.102s][info][gc,heap        ] GC(39) ParOldGen: 323360K(349696K)->333608K(349696K)
[2026-03-26T13:59:10.116+0900][21.102s][info][gc,metaspace   ] GC(39) Metaspace: 325K(512K)->325K(512K) NonClass: 308K(384K)->308K(384K) Class: 17K(128K)->17K(128K)
[2026-03-26T13:59:10.116+0900][21.102s][info][gc             ] GC(39) Pause Young (Allocation Failure) 474M->330M(506M) 4.175ms
[2026-03-26T13:59:10.116+0900][21.102s][info][gc,cpu         ] GC(39) User=0.00s Sys=0.00s Real=0.01s
[2026-03-26T13:59:10.116+0900][21.102s][info][gc,start       ] GC(40) Pause Full (Ergonomics)
[2026-03-26T13:59:10.116+0900][21.102s][info][gc,phases,start] GC(40) Marking Phase
[2026-03-26T13:59:10.116+0900][21.105s][info][gc,phases      ] GC(40) Marking Phase 2.578ms
[2026-03-26T13:59:10.116+0900][21.105s][info][gc,phases,start] GC(40) Summary Phase
[2026-03-26T13:59:10.116+0900][21.105s][info][gc,phases      ] GC(40) Summary Phase 0.047ms
[2026-03-26T13:59:10.116+0900][21.105s][info][gc,phases,start] GC(40) Adjust Roots
[2026-03-26T13:59:10.116+0900][21.106s][info][gc,phases      ] GC(40) Adjust Roots 0.703ms
[2026-03-26T13:59:10.116+0900][21.106s][info][gc,phases,start] GC(40) Compaction Phase
[2026-03-26T13:59:10.158+0900][21.145s][info][gc,phases      ] GC(40) Compaction Phase 38.737ms
[2026-03-26T13:59:10.158+0900][21.145s][info][gc,phases,start] GC(40) Post Compact
[2026-03-26T13:59:10.158+0900][21.147s][info][gc,phases      ] GC(40) Post Compact 2.031ms
[2026-03-26T13:59:10.158+0900][21.147s][info][gc,heap        ] GC(40) PSYoungGen: 5152K(168448K)->0K(168448K) Eden: 0K(162304K)->0K(162304K) From: 5152K(6144K)->0K(6144K)
[2026-03-26T13:59:10.158+0900][21.147s][info][gc,heap        ] GC(40) ParOldGen: 333608K(349696K)->287520K(349696K)
[2026-03-26T13:59:10.158+0900][21.147s][info][gc,metaspace   ] GC(40) Metaspace: 325K(512K)->325K(512K) NonClass: 308K(384K)->308K(384K) Class: 17K(128K)->17K(128K)
[2026-03-26T13:59:10.158+0900][21.147s][info][gc             ] GC(40) Pause Full (Ergonomics) 330M->280M(506M) 44.885ms
[2026-03-26T13:59:10.158+0900][21.147s][info][gc,cpu         ] GC(40) User=0.06s Sys=0.00s Real=0.04s
[2026-03-26T13:59:12.477+0900][23.463s][info][gc,start       ] GC(41) Pause Young (Allocation Failure)
[2026-03-26T13:59:12.478+0900][23.464s][info][gc,heap        ] GC(41) PSYoungGen: 162282K(168448K)->5120K(168448K) Eden: 162282K(162304K)->0K(162304K) From: 0K(6144K)->5120K(6144K)
[2026-03-26T13:59:12.478+0900][23.464s][info][gc,heap        ] GC(41) ParOldGen: 287520K(349696K)->297760K(349696K)
[2026-03-26T13:59:12.478+0900][23.464s][info][gc,metaspace   ] GC(41) Metaspace: 325K(512K)->325K(512K) NonClass: 308K(384K)->308K(384K) Class: 17K(128K)->17K(128K)
[2026-03-26T13:59:12.478+0900][23.464s][info][gc             ] GC(41) Pause Young (Allocation Failure) 439M->295M(506M) 1.415ms
[2026-03-26T13:59:12.478+0900][23.464s][info][gc,cpu         ] GC(41) User=0.00s Sys=0.00s Real=0.00s
[2026-03-26T13:59:14.075+0900][25.061s][info][gc,start       ] GC(42) Pause Young (Allocation Failure)
[2026-03-26T13:59:14.083+0900][25.074s][info][gc,heap        ] GC(42) PSYoungGen: 167389K(168448K)->5120K(168448K) Eden: 162269K(162304K)->0K(162304K) From: 5120K(6144K)->5120K(6144K)
[2026-03-26T13:59:14.083+0900][25.074s][info][gc,heap        ] GC(42) ParOldGen: 297760K(349696K)->313120K(349696K)
[2026-03-26T13:59:14.083+0900][25.074s][info][gc,metaspace   ] GC(42) Metaspace: 325K(512K)->325K(512K) NonClass: 308K(384K)->308K(384K) Class: 17K(128K)->17K(128K)
[2026-03-26T13:59:14.083+0900][25.074s][info][gc             ] GC(42) Pause Young (Allocation Failure) 454M->310M(506M) 13.178ms
[2026-03-26T13:59:14.083+0900][25.074s][info][gc,cpu         ] GC(42) User=0.00s Sys=0.00s Real=0.01s
[2026-03-26T13:59:15.762+0900][26.748s][info][gc,start       ] GC(43) Pause Young (Allocation Failure)
[2026-03-26T13:59:15.784+0900][26.778s][info][gc,heap        ] GC(43) PSYoungGen: 167424K(168448K)->5120K(168448K) Eden: 162304K(162304K)->0K(162304K) From: 5120K(6144K)->5120K(6144K)
[2026-03-26T13:59:15.784+0900][26.778s][info][gc,heap        ] GC(43) ParOldGen: 313120K(349696K)->328480K(349696K)
[2026-03-26T13:59:15.784+0900][26.778s][info][gc,metaspace   ] GC(43) Metaspace: 325K(512K)->325K(512K) NonClass: 308K(384K)->308K(384K) Class: 17K(128K)->17K(128K)
[2026-03-26T13:59:15.784+0900][26.778s][info][gc             ] GC(43) Pause Young (Allocation Failure) 469M->325M(506M) 29.865ms
[2026-03-26T13:59:15.784+0900][26.778s][info][gc,cpu         ] GC(43) User=0.03s Sys=0.00s Real=0.02s
[2026-03-26T13:59:16.770+0900][27.756s][info][gc,start       ] GC(44) Pause Young (Allocation Failure)
[2026-03-26T13:59:16.781+0900][27.767s][info][gc,heap        ] GC(44) PSYoungGen: 167424K(168448K)->5120K(168448K) Eden: 162304K(162304K)->0K(162304K) From: 5120K(6144K)->5120K(6144K)
[2026-03-26T13:59:16.781+0900][27.767s][info][gc,heap        ] GC(44) ParOldGen: 328480K(349696K)->343840K(349696K)
[2026-03-26T13:59:16.782+0900][27.768s][info][gc,metaspace   ] GC(44) Metaspace: 325K(512K)->325K(512K) NonClass: 308K(384K)->308K(384K) Class: 17K(128K)->17K(128K)
[2026-03-26T13:59:16.782+0900][27.768s][info][gc             ] GC(44) Pause Young (Allocation Failure) 484M->340M(506M) 11.575ms
[2026-03-26T13:59:16.782+0900][27.768s][info][gc,cpu         ] GC(44) User=0.03s Sys=0.00s Real=0.01s
[2026-03-26T13:59:16.782+0900][27.768s][info][gc,start       ] GC(45) Pause Full (Ergonomics)
[2026-03-26T13:59:16.782+0900][27.768s][info][gc,phases,start] GC(45) Marking Phase
[2026-03-26T13:59:16.783+0900][27.770s][info][gc,phases      ] GC(45) Marking Phase 2.128ms
[2026-03-26T13:59:16.783+0900][27.770s][info][gc,phases,start] GC(45) Summary Phase
[2026-03-26T13:59:16.783+0900][27.770s][info][gc,phases      ] GC(45) Summary Phase 0.064ms
[2026-03-26T13:59:16.783+0900][27.770s][info][gc,phases,start] GC(45) Adjust Roots
[2026-03-26T13:59:16.783+0900][27.771s][info][gc,phases      ] GC(45) Adjust Roots 0.447ms
[2026-03-26T13:59:16.783+0900][27.771s][info][gc,phases,start] GC(45) Compaction Phase
[2026-03-26T13:59:16.844+0900][27.831s][info][gc,phases      ] GC(45) Compaction Phase 60.572ms
[2026-03-26T13:59:16.844+0900][27.832s][info][gc,phases,start] GC(45) Post Compact
[2026-03-26T13:59:16.850+0900][27.836s][info][gc,phases      ] GC(45) Post Compact 4.406ms
[2026-03-26T13:59:16.850+0900][27.836s][info][gc,heap        ] GC(45) PSYoungGen: 5120K(168448K)->0K(168448K) Eden: 0K(162304K)->0K(162304K) From: 5120K(6144K)->0K(6144K)
[2026-03-26T13:59:16.850+0900][27.836s][info][gc,heap        ] GC(45) ParOldGen: 343840K(349696K)->297760K(349696K)
[2026-03-26T13:59:16.850+0900][27.836s][info][gc,metaspace   ] GC(45) Metaspace: 325K(512K)->325K(512K) NonClass: 308K(384K)->308K(384K) Class: 17K(128K)->17K(128K)
[2026-03-26T13:59:16.850+0900][27.836s][info][gc             ] GC(45) Pause Full (Ergonomics) 340M->290M(506M) 68.415ms
[2026-03-26T13:59:16.850+0900][27.836s][info][gc,cpu         ] GC(45) User=0.06s Sys=0.00s Real=0.07s
[2026-03-26T13:59:17.532+0900][28.518s][info][gc,start       ] GC(46) Pause Young (Allocation Failure)
[2026-03-26T13:59:17.533+0900][28.520s][info][gc,heap        ] GC(46) PSYoungGen: 162304K(168448K)->5120K(168448K) Eden: 162304K(162304K)->0K(162304K) From: 0K(6144K)->5120K(6144K)
[2026-03-26T13:59:17.533+0900][28.520s][info][gc,heap        ] GC(46) ParOldGen: 297760K(349696K)->308000K(349696K)
[2026-03-26T13:59:17.533+0900][28.520s][info][gc,metaspace   ] GC(46) Metaspace: 325K(512K)->325K(512K) NonClass: 308K(384K)->308K(384K) Class: 17K(128K)->17K(128K)
[2026-03-26T13:59:17.533+0900][28.520s][info][gc             ] GC(46) Pause Young (Allocation Failure) 449M->305M(506M) 2.524ms
[2026-03-26T13:59:17.533+0900][28.520s][info][gc,cpu         ] GC(46) User=0.00s Sys=0.00s Real=0.00s
[2026-03-26T13:59:18.094+0900][29.080s][info][gc,start       ] GC(47) Pause Young (Allocation Failure)
[2026-03-26T13:59:18.095+0900][29.082s][info][gc,heap        ] GC(47) PSYoungGen: 167424K(168448K)->5120K(167936K) Eden: 162304K(162304K)->0K(162304K) From: 5120K(6144K)->5120K(5632K)
[2026-03-26T13:59:18.095+0900][29.083s][info][gc,heap        ] GC(47) ParOldGen: 308000K(349696K)->323360K(349696K)
[2026-03-26T13:59:18.095+0900][29.083s][info][gc,metaspace   ] GC(47) Metaspace: 325K(512K)->325K(512K) NonClass: 308K(384K)->308K(384K) Class: 17K(128K)->17K(128K)
[2026-03-26T13:59:18.095+0900][29.083s][info][gc             ] GC(47) Pause Young (Allocation Failure) 464M->320M(505M) 2.847ms
[2026-03-26T13:59:18.095+0900][29.083s][info][gc,cpu         ] GC(47) User=0.00s Sys=0.00s Real=0.00s
[2026-03-26T13:59:18.599+0900][29.586s][info][gc,start       ] GC(48) Pause Young (Allocation Failure)
[2026-03-26T13:59:18.602+0900][29.589s][info][gc,heap        ] GC(48) PSYoungGen: 167424K(167936K)->5120K(168448K) Eden: 162304K(162304K)->0K(162816K) From: 5120K(5632K)->5120K(5632K)
[2026-03-26T13:59:18.602+0900][29.589s][info][gc,heap        ] GC(48) ParOldGen: 323360K(349696K)->338720K(349696K)
[2026-03-26T13:59:18.602+0900][29.589s][info][gc,metaspace   ] GC(48) Metaspace: 325K(512K)->325K(512K) NonClass: 308K(384K)->308K(384K) Class: 17K(128K)->17K(128K)
[2026-03-26T13:59:18.602+0900][29.589s][info][gc             ] GC(48) Pause Young (Allocation Failure) 479M->335M(506M) 3.091ms
[2026-03-26T13:59:18.602+0900][29.589s][info][gc,cpu         ] GC(48) User=0.00s Sys=0.00s Real=0.00s
[2026-03-26T13:59:18.602+0900][29.589s][info][gc,start       ] GC(49) Pause Full (Ergonomics)
[2026-03-26T13:59:18.602+0900][29.589s][info][gc,phases,start] GC(49) Marking Phase
[2026-03-26T13:59:18.602+0900][29.592s][info][gc,phases      ] GC(49) Marking Phase 2.514ms
[2026-03-26T13:59:18.602+0900][29.592s][info][gc,phases,start] GC(49) Summary Phase
[2026-03-26T13:59:18.602+0900][29.592s][info][gc,phases      ] GC(49) Summary Phase 0.044ms
[2026-03-26T13:59:18.602+0900][29.592s][info][gc,phases,start] GC(49) Adjust Roots
[2026-03-26T13:59:18.607+0900][29.593s][info][gc,phases      ] GC(49) Adjust Roots 0.673ms
[2026-03-26T13:59:18.608+0900][29.593s][info][gc,phases,start] GC(49) Compaction Phase
[2026-03-26T13:59:18.636+0900][29.622s][info][gc,phases      ] GC(49) Compaction Phase 29.387ms
[2026-03-26T13:59:18.636+0900][29.623s][info][gc,phases,start] GC(49) Post Compact
[2026-03-26T13:59:18.638+0900][29.624s][info][gc,phases      ] GC(49) Post Compact 1.356ms
[2026-03-26T13:59:18.638+0900][29.624s][info][gc,heap        ] GC(49) PSYoungGen: 5120K(168448K)->0K(168960K) Eden: 0K(162816K)->0K(163328K) From: 5120K(5632K)->0K(5632K)
[2026-03-26T13:59:18.638+0900][29.624s][info][gc,heap        ] GC(49) ParOldGen: 338720K(349696K)->292640K(349696K)
[2026-03-26T13:59:18.638+0900][29.624s][info][gc,metaspace   ] GC(49) Metaspace: 325K(512K)->325K(512K) NonClass: 308K(384K)->308K(384K) Class: 17K(128K)->17K(128K)
[2026-03-26T13:59:18.638+0900][29.624s][info][gc             ] GC(49) Pause Full (Ergonomics) 335M->285M(506M) 34.867ms
[2026-03-26T13:59:18.638+0900][29.624s][info][gc,cpu         ] GC(49) User=0.08s Sys=0.02s Real=0.04s
[2026-03-26T13:59:19.134+0900][30.120s][info][gc,start       ] GC(50) Pause Young (Allocation Failure)
[2026-03-26T13:59:19.136+0900][30.122s][info][gc,heap        ] GC(50) PSYoungGen: 163328K(168960K)->5120K(168960K) Eden: 163328K(163328K)->0K(163328K) From: 0K(5632K)->5120K(5632K)
[2026-03-26T13:59:19.136+0900][30.123s][info][gc,heap        ] GC(50) ParOldGen: 292640K(349696K)->302880K(349696K)
[2026-03-26T13:59:19.136+0900][30.123s][info][gc,metaspace   ] GC(50) Metaspace: 326K(512K)->326K(512K) NonClass: 308K(384K)->308K(384K) Class: 17K(128K)->17K(128K)
[2026-03-26T13:59:19.136+0900][30.123s][info][gc             ] GC(50) Pause Young (Allocation Failure) 445M->300M(506M) 2.873ms
[2026-03-26T13:59:19.136+0900][30.123s][info][gc,cpu         ] GC(50) User=0.02s Sys=0.00s Real=0.00s
[2026-03-26T13:59:19.997+0900][30.983s][info][gc,start       ] GC(51) Pause Young (Allocation Failure)
[2026-03-26T13:59:19.999+0900][30.986s][info][gc,heap        ] GC(51) PSYoungGen: 168448K(168960K)->5120K(168960K) Eden: 163328K(163328K)->0K(163328K) From: 5120K(5632K)->5120K(5632K)
[2026-03-26T13:59:19.999+0900][30.986s][info][gc,heap        ] GC(51) ParOldGen: 302880K(349696K)->318240K(349696K)
[2026-03-26T13:59:19.999+0900][30.986s][info][gc,metaspace   ] GC(51) Metaspace: 326K(512K)->326K(512K) NonClass: 309K(384K)->309K(384K) Class: 17K(128K)->17K(128K)
[2026-03-26T13:59:19.999+0900][30.986s][info][gc             ] GC(51) Pause Young (Allocation Failure) 460M->315M(506M) 2.874ms
[2026-03-26T13:59:19.999+0900][30.986s][info][gc,cpu         ] GC(51) User=0.00s Sys=0.00s Real=0.00s
[2026-03-26T13:59:21.344+0900][32.330s][info][gc,start       ] GC(52) Pause Young (Allocation Failure)
[2026-03-26T13:59:21.347+0900][32.332s][info][gc,heap        ] GC(52) PSYoungGen: 168448K(168960K)->5120K(168960K) Eden: 163328K(163328K)->0K(163328K) From: 5120K(5632K)->5120K(5632K)
[2026-03-26T13:59:21.347+0900][32.333s][info][gc,heap        ] GC(52) ParOldGen: 318240K(349696K)->333600K(349696K)
[2026-03-26T13:59:21.347+0900][32.333s][info][gc,metaspace   ] GC(52) Metaspace: 326K(512K)->326K(512K) NonClass: 309K(384K)->309K(384K) Class: 17K(128K)->17K(128K)
[2026-03-26T13:59:21.347+0900][32.333s][info][gc             ] GC(52) Pause Young (Allocation Failure) 475M->330M(506M) 2.728ms
[2026-03-26T13:59:21.347+0900][32.333s][info][gc,cpu         ] GC(52) User=0.00s Sys=0.00s Real=0.00s
[2026-03-26T13:59:21.347+0900][32.333s][info][gc,start       ] GC(53) Pause Full (Ergonomics)
[2026-03-26T13:59:21.347+0900][32.333s][info][gc,phases,start] GC(53) Marking Phase
[2026-03-26T13:59:21.349+0900][32.335s][info][gc,phases      ] GC(53) Marking Phase 2.574ms
[2026-03-26T13:59:21.349+0900][32.335s][info][gc,phases,start] GC(53) Summary Phase
[2026-03-26T13:59:21.349+0900][32.336s][info][gc,phases      ] GC(53) Summary Phase 0.050ms
[2026-03-26T13:59:21.349+0900][32.336s][info][gc,phases,start] GC(53) Adjust Roots
[2026-03-26T13:59:21.349+0900][32.336s][info][gc,phases      ] GC(53) Adjust Roots 0.463ms
[2026-03-26T13:59:21.349+0900][32.336s][info][gc,phases,start] GC(53) Compaction Phase
[2026-03-26T13:59:21.416+0900][32.413s][info][gc,phases      ] GC(53) Compaction Phase 76.735ms
[2026-03-26T13:59:21.416+0900][32.413s][info][gc,phases,start] GC(53) Post Compact
[2026-03-26T13:59:21.430+0900][32.418s][info][gc,phases      ] GC(53) Post Compact 4.502ms
[2026-03-26T13:59:21.430+0900][32.418s][info][gc,heap        ] GC(53) PSYoungGen: 5120K(168960K)->0K(168960K) Eden: 0K(163328K)->0K(163328K) From: 5120K(5632K)->0K(5632K)
[2026-03-26T13:59:21.430+0900][32.418s][info][gc,heap        ] GC(53) ParOldGen: 333600K(349696K)->287520K(349696K)
[2026-03-26T13:59:21.430+0900][32.418s][info][gc,metaspace   ] GC(53) Metaspace: 326K(512K)->326K(512K) NonClass: 309K(384K)->309K(384K) Class: 17K(128K)->17K(128K)
[2026-03-26T13:59:21.430+0900][32.418s][info][gc             ] GC(53) Pause Full (Ergonomics) 330M->280M(506M) 85.036ms
[2026-03-26T13:59:21.430+0900][32.418s][info][gc,cpu         ] GC(53) User=0.05s Sys=0.00s Real=0.08s
[2026-03-26T13:59:23.936+0900][34.922s][info][gc,start       ] GC(54) Pause Young (Allocation Failure)
[2026-03-26T13:59:23.937+0900][34.923s][info][gc,heap        ] GC(54) PSYoungGen: 163328K(168960K)->5120K(168960K) Eden: 163328K(163328K)->0K(163328K) From: 0K(5632K)->5120K(5632K)
[2026-03-26T13:59:23.937+0900][34.923s][info][gc,heap        ] GC(54) ParOldGen: 287520K(349696K)->297760K(349696K)
[2026-03-26T13:59:23.937+0900][34.923s][info][gc,metaspace   ] GC(54) Metaspace: 337K(512K)->337K(512K) NonClass: 320K(384K)->320K(384K) Class: 17K(128K)->17K(128K)
[2026-03-26T13:59:23.937+0900][34.923s][info][gc             ] GC(54) Pause Young (Allocation Failure) 440M->295M(506M) 1.699ms
[2026-03-26T13:59:23.937+0900][34.923s][info][gc,cpu         ] GC(54) User=0.00s Sys=0.00s Real=0.00s
[2026-03-26T13:59:25.916+0900][36.906s][info][gc,start       ] GC(55) Pause Young (Allocation Failure)
[2026-03-26T13:59:25.916+0900][36.914s][info][gc,heap        ] GC(55) PSYoungGen: 168448K(168960K)->5120K(168960K) Eden: 163328K(163328K)->0K(163328K) From: 5120K(5632K)->5120K(5632K)
[2026-03-26T13:59:25.916+0900][36.914s][info][gc,heap        ] GC(55) ParOldGen: 297760K(349696K)->313120K(349696K)
[2026-03-26T13:59:25.916+0900][36.914s][info][gc,metaspace   ] GC(55) Metaspace: 343K(512K)->343K(512K) NonClass: 326K(384K)->326K(384K) Class: 17K(128K)->17K(128K)
[2026-03-26T13:59:25.916+0900][36.914s][info][gc             ] GC(55) Pause Young (Allocation Failure) 455M->310M(506M) 7.533ms
[2026-03-26T13:59:25.916+0900][36.914s][info][gc,cpu         ] GC(55) User=0.00s Sys=0.00s Real=0.00s
[2026-03-26T13:59:28.304+0900][39.289s][info][gc,start       ] GC(56) Pause Young (Allocation Failure)
[2026-03-26T13:59:28.307+0900][39.292s][info][gc,heap        ] GC(56) PSYoungGen: 165531K(168960K)->5120K(168960K) Eden: 160411K(163328K)->0K(163328K) From: 5120K(5632K)->5120K(5632K)
[2026-03-26T13:59:28.307+0900][39.292s][info][gc,heap        ] GC(56) ParOldGen: 313120K(349696K)->323360K(349696K)
[2026-03-26T13:59:28.307+0900][39.293s][info][gc,metaspace   ] GC(56) Metaspace: 343K(512K)->343K(512K) NonClass: 326K(384K)->326K(384K) Class: 17K(128K)->17K(128K)
[2026-03-26T13:59:28.307+0900][39.293s][info][gc             ] GC(56) Pause Young (Allocation Failure) 467M->320M(506M) 3.202ms
[2026-03-26T13:59:28.307+0900][39.293s][info][gc,cpu         ] GC(56) User=0.00s Sys=0.00s Real=0.00s
[2026-03-26T13:59:31.212+0900][42.201s][info][gc,start       ] GC(57) Pause Young (Allocation Failure)
[2026-03-26T13:59:31.228+0900][42.218s][info][gc,heap        ] GC(57) PSYoungGen: 168448K(168960K)->5120K(168960K) Eden: 163328K(163328K)->0K(163328K) From: 5120K(5632K)->5120K(5632K)
[2026-03-26T13:59:31.228+0900][42.218s][info][gc,heap        ] GC(57) ParOldGen: 323360K(349696K)->338720K(349696K)
[2026-03-26T13:59:31.228+0900][42.218s][info][gc,metaspace   ] GC(57) Metaspace: 345K(512K)->345K(512K) NonClass: 328K(384K)->328K(384K) Class: 17K(128K)->17K(128K)
[2026-03-26T13:59:31.228+0900][42.219s][info][gc             ] GC(57) Pause Young (Allocation Failure) 480M->335M(506M) 17.586ms
[2026-03-26T13:59:31.228+0900][42.219s][info][gc,cpu         ] GC(57) User=0.00s Sys=0.00s Real=0.02s
[2026-03-26T13:59:31.233+0900][42.219s][info][gc,start       ] GC(58) Pause Full (Ergonomics)
[2026-03-26T13:59:31.233+0900][42.219s][info][gc,phases,start] GC(58) Marking Phase
[2026-03-26T13:59:31.233+0900][42.224s][info][gc,phases      ] GC(58) Marking Phase 5.050ms
[2026-03-26T13:59:31.233+0900][42.224s][info][gc,phases,start] GC(58) Summary Phase
[2026-03-26T13:59:31.233+0900][42.224s][info][gc,phases      ] GC(58) Summary Phase 0.060ms
[2026-03-26T13:59:31.233+0900][42.224s][info][gc,phases,start] GC(58) Adjust Roots
[2026-03-26T13:59:31.233+0900][42.225s][info][gc,phases      ] GC(58) Adjust Roots 0.538ms
[2026-03-26T13:59:31.233+0900][42.225s][info][gc,phases,start] GC(58) Compaction Phase
[2026-03-26T13:59:31.290+0900][42.276s][info][gc,phases      ] GC(58) Compaction Phase 50.842ms
[2026-03-26T13:59:31.290+0900][42.276s][info][gc,phases,start] GC(58) Post Compact
[2026-03-26T13:59:31.292+0900][42.277s][info][gc,phases      ] GC(58) Post Compact 1.386ms
[2026-03-26T13:59:31.292+0900][42.277s][info][gc,heap        ] GC(58) PSYoungGen: 5120K(168960K)->0K(168960K) Eden: 0K(163328K)->0K(163328K) From: 5120K(5632K)->0K(5632K)
[2026-03-26T13:59:31.292+0900][42.277s][info][gc,heap        ] GC(58) ParOldGen: 338720K(349696K)->292640K(349696K)
[2026-03-26T13:59:31.292+0900][42.277s][info][gc,metaspace   ] GC(58) Metaspace: 345K(512K)->345K(512K) NonClass: 328K(384K)->328K(384K) Class: 17K(128K)->17K(128K)
[2026-03-26T13:59:31.292+0900][42.277s][info][gc             ] GC(58) Pause Full (Ergonomics) 335M->285M(506M) 58.514ms
[2026-03-26T13:59:31.292+0900][42.277s][info][gc,cpu         ] GC(58) User=0.02s Sys=0.00s Real=0.06s
[2026-03-26T13:59:32.862+0900][43.848s][info][gc,start       ] GC(59) Pause Young (Allocation Failure)
[2026-03-26T13:59:32.864+0900][43.850s][info][gc,heap        ] GC(59) PSYoungGen: 163328K(168960K)->5152K(168960K) Eden: 163328K(163328K)->0K(163328K) From: 0K(5632K)->5152K(5632K)
[2026-03-26T13:59:32.864+0900][43.850s][info][gc,heap        ] GC(59) ParOldGen: 292640K(349696K)->302880K(349696K)
[2026-03-26T13:59:32.864+0900][43.850s][info][gc,metaspace   ] GC(59) Metaspace: 352K(512K)->352K(512K) NonClass: 335K(384K)->335K(384K) Class: 17K(128K)->17K(128K)
[2026-03-26T13:59:32.864+0900][43.851s][info][gc             ] GC(59) Pause Young (Allocation Failure) 445M->300M(506M) 2.887ms
[2026-03-26T13:59:32.865+0900][43.851s][info][gc,cpu         ] GC(59) User=0.00s Sys=0.00s Real=0.00s
[2026-03-26T13:59:34.485+0900][45.471s][info][gc,start       ] GC(60) Pause Young (Allocation Failure)
[2026-03-26T13:59:34.487+0900][45.474s][info][gc,heap        ] GC(60) PSYoungGen: 168480K(168960K)->5152K(168960K) Eden: 163328K(163328K)->0K(163328K) From: 5152K(5632K)->5152K(5632K)
[2026-03-26T13:59:34.487+0900][45.474s][info][gc,heap        ] GC(60) ParOldGen: 302880K(349696K)->318240K(349696K)
[2026-03-26T13:59:34.487+0900][45.474s][info][gc,metaspace   ] GC(60) Metaspace: 352K(512K)->352K(512K) NonClass: 335K(384K)->335K(384K) Class: 17K(128K)->17K(128K)
[2026-03-26T13:59:34.487+0900][45.474s][info][gc             ] GC(60) Pause Young (Allocation Failure) 460M->315M(506M) 2.648ms
[2026-03-26T13:59:34.487+0900][45.474s][info][gc,cpu         ] GC(60) User=0.00s Sys=0.00s Real=0.00s
[2026-03-26T13:59:35.100+0900][46.085s][info][gc,start       ] GC(61) Pause Young (Allocation Failure)
[2026-03-26T13:59:35.101+0900][46.088s][info][gc,heap        ] GC(61) PSYoungGen: 168480K(168960K)->5152K(168960K) Eden: 163328K(163328K)->0K(163328K) From: 5152K(5632K)->5152K(5632K)
[2026-03-26T13:59:35.101+0900][46.088s][info][gc,heap        ] GC(61) ParOldGen: 318240K(349696K)->333600K(349696K)
[2026-03-26T13:59:35.101+0900][46.088s][info][gc,metaspace   ] GC(61) Metaspace: 352K(512K)->352K(512K) NonClass: 335K(384K)->335K(384K) Class: 17K(128K)->17K(128K)
[2026-03-26T13:59:35.101+0900][46.088s][info][gc             ] GC(61) Pause Young (Allocation Failure) 475M->330M(506M) 3.071ms
[2026-03-26T13:59:35.101+0900][46.088s][info][gc,cpu         ] GC(61) User=0.00s Sys=0.00s Real=0.00s
[2026-03-26T13:59:35.101+0900][46.088s][info][gc,start       ] GC(62) Pause Full (Ergonomics)
[2026-03-26T13:59:35.101+0900][46.088s][info][gc,phases,start] GC(62) Marking Phase
[2026-03-26T13:59:35.103+0900][46.091s][info][gc,phases      ] GC(62) Marking Phase 2.216ms
[2026-03-26T13:59:35.103+0900][46.091s][info][gc,phases,start] GC(62) Summary Phase
[2026-03-26T13:59:35.103+0900][46.091s][info][gc,phases      ] GC(62) Summary Phase 0.052ms
[2026-03-26T13:59:35.103+0900][46.091s][info][gc,phases,start] GC(62) Adjust Roots
[2026-03-26T13:59:35.103+0900][46.091s][info][gc,phases      ] GC(62) Adjust Roots 0.547ms
[2026-03-26T13:59:35.103+0900][46.091s][info][gc,phases,start] GC(62) Compaction Phase
[2026-03-26T13:59:35.133+0900][46.119s][info][gc,phases      ] GC(62) Compaction Phase 27.644ms
[2026-03-26T13:59:35.133+0900][46.119s][info][gc,phases,start] GC(62) Post Compact
[2026-03-26T13:59:35.135+0900][46.120s][info][gc,phases      ] GC(62) Post Compact 1.189ms
[2026-03-26T13:59:35.135+0900][46.120s][info][gc,heap        ] GC(62) PSYoungGen: 5152K(168960K)->0K(168960K) Eden: 0K(163328K)->0K(163328K) From: 5152K(5632K)->0K(5632K)
[2026-03-26T13:59:35.135+0900][46.120s][info][gc,heap        ] GC(62) ParOldGen: 333600K(349696K)->287520K(349696K)
[2026-03-26T13:59:35.135+0900][46.120s][info][gc,metaspace   ] GC(62) Metaspace: 352K(512K)->352K(512K) NonClass: 335K(384K)->335K(384K) Class: 17K(128K)->17K(128K)
[2026-03-26T13:59:35.135+0900][46.121s][info][gc             ] GC(62) Pause Full (Ergonomics) 330M->280M(506M) 32.221ms
[2026-03-26T13:59:35.135+0900][46.121s][info][gc,cpu         ] GC(62) User=0.03s Sys=0.00s Real=0.03s
[2026-03-26T13:59:35.733+0900][46.719s][info][gc,start       ] GC(63) Pause Young (Allocation Failure)
[2026-03-26T13:59:35.735+0900][46.721s][info][gc,heap        ] GC(63) PSYoungGen: 163328K(168960K)->5120K(168960K) Eden: 163328K(163328K)->0K(163328K) From: 0K(5632K)->5120K(5632K)
[2026-03-26T13:59:35.735+0900][46.721s][info][gc,heap        ] GC(63) ParOldGen: 287520K(349696K)->297760K(349696K)
[2026-03-26T13:59:35.735+0900][46.721s][info][gc,metaspace   ] GC(63) Metaspace: 352K(512K)->352K(512K) NonClass: 335K(384K)->335K(384K) Class: 17K(128K)->17K(128K)
[2026-03-26T13:59:35.735+0900][46.721s][info][gc             ] GC(63) Pause Young (Allocation Failure) 440M->295M(506M) 2.110ms
[2026-03-26T13:59:35.735+0900][46.721s][info][gc,cpu         ] GC(63) User=0.00s Sys=0.00s Real=0.00s
[2026-03-26T13:59:36.231+0900][47.218s][info][gc,start       ] GC(64) Pause Young (Allocation Failure)
[2026-03-26T13:59:36.234+0900][47.220s][info][gc,heap        ] GC(64) PSYoungGen: 168448K(168960K)->5120K(168960K) Eden: 163328K(163328K)->0K(163328K) From: 5120K(5632K)->5120K(5632K)
[2026-03-26T13:59:36.234+0900][47.220s][info][gc,heap        ] GC(64) ParOldGen: 297760K(349696K)->313120K(349696K)
[2026-03-26T13:59:36.234+0900][47.220s][info][gc,metaspace   ] GC(64) Metaspace: 352K(512K)->352K(512K) NonClass: 335K(384K)->335K(384K) Class: 17K(128K)->17K(128K)
[2026-03-26T13:59:36.234+0900][47.221s][info][gc             ] GC(64) Pause Young (Allocation Failure) 455M->310M(506M) 3.122ms
[2026-03-26T13:59:36.234+0900][47.221s][info][gc,cpu         ] GC(64) User=0.00s Sys=0.00s Real=0.00s
[2026-03-26T13:59:36.717+0900][47.703s][info][gc,start       ] GC(65) Pause Young (Allocation Failure)
[2026-03-26T13:59:36.720+0900][47.706s][info][gc,heap        ] GC(65) PSYoungGen: 168448K(168960K)->5120K(168960K) Eden: 163328K(163328K)->0K(163328K) From: 5120K(5632K)->5120K(5632K)
[2026-03-26T13:59:36.720+0900][47.706s][info][gc,heap        ] GC(65) ParOldGen: 313120K(349696K)->328480K(349696K)
[2026-03-26T13:59:36.720+0900][47.706s][info][gc,metaspace   ] GC(65) Metaspace: 352K(512K)->352K(512K) NonClass: 335K(384K)->335K(384K) Class: 17K(128K)->17K(128K)
[2026-03-26T13:59:36.720+0900][47.706s][info][gc             ] GC(65) Pause Young (Allocation Failure) 470M->325M(506M) 2.675ms
[2026-03-26T13:59:36.720+0900][47.706s][info][gc,cpu         ] GC(65) User=0.00s Sys=0.00s Real=0.00s
[2026-03-26T13:59:39.189+0900][50.175s][info][gc,start       ] GC(66) Pause Young (Allocation Failure)
[2026-03-26T13:59:39.191+0900][50.177s][info][gc,heap        ] GC(66) PSYoungGen: 168448K(168960K)->5120K(168960K) Eden: 163328K(163328K)->0K(163328K) From: 5120K(5632K)->5120K(5632K)
[2026-03-26T13:59:39.191+0900][50.177s][info][gc,heap        ] GC(66) ParOldGen: 328480K(349696K)->343840K(349696K)
[2026-03-26T13:59:39.191+0900][50.177s][info][gc,metaspace   ] GC(66) Metaspace: 352K(512K)->352K(512K) NonClass: 335K(384K)->335K(384K) Class: 17K(128K)->17K(128K)
[2026-03-26T13:59:39.191+0900][50.177s][info][gc             ] GC(66) Pause Young (Allocation Failure) 485M->340M(506M) 2.016ms
[2026-03-26T13:59:39.191+0900][50.177s][info][gc,cpu         ] GC(66) User=0.00s Sys=0.00s Real=0.00s
[2026-03-26T13:59:39.191+0900][50.177s][info][gc,start       ] GC(67) Pause Full (Ergonomics)
[2026-03-26T13:59:39.191+0900][50.177s][info][gc,phases,start] GC(67) Marking Phase
[2026-03-26T13:59:39.192+0900][50.178s][info][gc,phases      ] GC(67) Marking Phase 1.516ms
[2026-03-26T13:59:39.192+0900][50.178s][info][gc,phases,start] GC(67) Summary Phase
[2026-03-26T13:59:39.192+0900][50.178s][info][gc,phases      ] GC(67) Summary Phase 0.024ms
[2026-03-26T13:59:39.192+0900][50.178s][info][gc,phases,start] GC(67) Adjust Roots
[2026-03-26T13:59:39.193+0900][50.179s][info][gc,phases      ] GC(67) Adjust Roots 0.425ms
[2026-03-26T13:59:39.193+0900][50.179s][info][gc,phases,start] GC(67) Compaction Phase
[2026-03-26T13:59:39.219+0900][50.214s][info][gc,phases      ] GC(67) Compaction Phase 35.535ms
[2026-03-26T13:59:39.219+0900][50.214s][info][gc,phases,start] GC(67) Post Compact
[2026-03-26T13:59:39.219+0900][50.216s][info][gc,phases      ] GC(67) Post Compact 1.577ms
[2026-03-26T13:59:39.219+0900][50.216s][info][gc,heap        ] GC(67) PSYoungGen: 5120K(168960K)->0K(168960K) Eden: 0K(163328K)->0K(163328K) From: 5120K(5632K)->0K(5632K)
[2026-03-26T13:59:39.219+0900][50.216s][info][gc,heap        ] GC(67) ParOldGen: 343840K(349696K)->297760K(349696K)
[2026-03-26T13:59:39.219+0900][50.216s][info][gc,metaspace   ] GC(67) Metaspace: 352K(512K)->352K(512K) NonClass: 335K(384K)->335K(384K) Class: 17K(128K)->17K(128K)
[2026-03-26T13:59:39.219+0900][50.216s][info][gc             ] GC(67) Pause Full (Ergonomics) 340M->290M(506M) 39.595ms
[2026-03-26T13:59:39.219+0900][50.216s][info][gc,cpu         ] GC(67) User=0.08s Sys=0.00s Real=0.03s
[2026-03-26T13:59:39.880+0900][50.866s][info][gc,start       ] GC(68) Pause Young (Allocation Failure)
[2026-03-26T13:59:39.882+0900][50.868s][info][gc,heap        ] GC(68) PSYoungGen: 163328K(168960K)->5120K(168960K) Eden: 163328K(163328K)->0K(163328K) From: 0K(5632K)->5120K(5632K)
[2026-03-26T13:59:39.882+0900][50.868s][info][gc,heap        ] GC(68) ParOldGen: 297760K(349696K)->308000K(349696K)
[2026-03-26T13:59:39.882+0900][50.868s][info][gc,metaspace   ] GC(68) Metaspace: 352K(512K)->352K(512K) NonClass: 335K(384K)->335K(384K) Class: 17K(128K)->17K(128K)
[2026-03-26T13:59:39.882+0900][50.868s][info][gc             ] GC(68) Pause Young (Allocation Failure) 450M->305M(506M) 1.819ms
[2026-03-26T13:59:39.882+0900][50.868s][info][gc,cpu         ] GC(68) User=0.00s Sys=0.00s Real=0.00s
[2026-03-26T13:59:40.512+0900][51.498s][info][gc,start       ] GC(69) Pause Young (Allocation Failure)
[2026-03-26T13:59:40.515+0900][51.500s][info][gc,heap        ] GC(69) PSYoungGen: 168448K(168960K)->5120K(168960K) Eden: 163328K(163328K)->0K(163328K) From: 5120K(5632K)->5120K(5632K)
[2026-03-26T13:59:40.515+0900][51.500s][info][gc,heap        ] GC(69) ParOldGen: 308000K(349696K)->323360K(349696K)
[2026-03-26T13:59:40.515+0900][51.500s][info][gc,metaspace   ] GC(69) Metaspace: 352K(512K)->352K(512K) NonClass: 335K(384K)->335K(384K) Class: 17K(128K)->17K(128K)
[2026-03-26T13:59:40.515+0900][51.500s][info][gc             ] GC(69) Pause Young (Allocation Failure) 465M->320M(506M) 2.427ms
[2026-03-26T13:59:40.515+0900][51.500s][info][gc,cpu         ] GC(69) User=0.00s Sys=0.00s Real=0.00s
[2026-03-26T13:59:40.996+0900][51.983s][info][gc,start       ] GC(70) Pause Young (Allocation Failure)
[2026-03-26T13:59:40.999+0900][51.985s][info][gc,heap        ] GC(70) PSYoungGen: 168448K(168960K)->5120K(168960K) Eden: 163328K(163328K)->0K(163328K) From: 5120K(5632K)->5120K(5632K)
[2026-03-26T13:59:40.999+0900][51.985s][info][gc,heap        ] GC(70) ParOldGen: 323360K(349696K)->338720K(349696K)
[2026-03-26T13:59:40.999+0900][51.985s][info][gc,metaspace   ] GC(70) Metaspace: 352K(512K)->352K(512K) NonClass: 335K(384K)->335K(384K) Class: 17K(128K)->17K(128K)
[2026-03-26T13:59:40.999+0900][51.985s][info][gc             ] GC(70) Pause Young (Allocation Failure) 480M->335M(506M) 1.953ms
[2026-03-26T13:59:40.999+0900][51.985s][info][gc,cpu         ] GC(70) User=0.00s Sys=0.00s Real=0.00s
[2026-03-26T13:59:40.999+0900][51.985s][info][gc,start       ] GC(71) Pause Full (Ergonomics)
[2026-03-26T13:59:40.999+0900][51.985s][info][gc,phases,start] GC(71) Marking Phase
[2026-03-26T13:59:41.000+0900][51.987s][info][gc,phases      ] GC(71) Marking Phase 1.569ms
[2026-03-26T13:59:41.000+0900][51.987s][info][gc,phases,start] GC(71) Summary Phase
[2026-03-26T13:59:41.000+0900][51.987s][info][gc,phases      ] GC(71) Summary Phase 0.022ms
[2026-03-26T13:59:41.000+0900][51.987s][info][gc,phases,start] GC(71) Adjust Roots
[2026-03-26T13:59:41.000+0900][51.987s][info][gc,phases      ] GC(71) Adjust Roots 0.270ms
[2026-03-26T13:59:41.000+0900][51.987s][info][gc,phases,start] GC(71) Compaction Phase
[2026-03-26T13:59:41.050+0900][52.035s][info][gc,phases      ] GC(71) Compaction Phase 48.210ms
[2026-03-26T13:59:41.050+0900][52.035s][info][gc,phases,start] GC(71) Post Compact
[2026-03-26T13:59:41.050+0900][52.037s][info][gc,phases      ] GC(71) Post Compact 1.454ms
[2026-03-26T13:59:41.050+0900][52.037s][info][gc,heap        ] GC(71) PSYoungGen: 5120K(168960K)->0K(168960K) Eden: 0K(163328K)->0K(163328K) From: 5120K(5632K)->0K(5632K)
[2026-03-26T13:59:41.050+0900][52.037s][info][gc,heap        ] GC(71) ParOldGen: 338720K(349696K)->292640K(349696K)
[2026-03-26T13:59:41.050+0900][52.037s][info][gc,metaspace   ] GC(71) Metaspace: 352K(512K)->352K(512K) NonClass: 335K(384K)->335K(384K) Class: 17K(128K)->17K(128K)
[2026-03-26T13:59:41.050+0900][52.037s][info][gc             ] GC(71) Pause Full (Ergonomics) 335M->285M(506M) 52.089ms
[2026-03-26T13:59:41.050+0900][52.037s][info][gc,cpu         ] GC(71) User=0.05s Sys=0.00s Real=0.05s
[2026-03-26T13:59:41.933+0900][52.919s][info][gc,start       ] GC(72) Pause Young (Allocation Failure)
[2026-03-26T13:59:41.935+0900][52.921s][info][gc,heap        ] GC(72) PSYoungGen: 163328K(168960K)->5120K(168960K) Eden: 163328K(163328K)->0K(163328K) From: 0K(5632K)->5120K(5632K)
[2026-03-26T13:59:41.935+0900][52.921s][info][gc,heap        ] GC(72) ParOldGen: 292640K(349696K)->302880K(349696K)
[2026-03-26T13:59:41.935+0900][52.921s][info][gc,metaspace   ] GC(72) Metaspace: 352K(512K)->352K(512K) NonClass: 335K(384K)->335K(384K) Class: 17K(128K)->17K(128K)
[2026-03-26T13:59:41.935+0900][52.921s][info][gc             ] GC(72) Pause Young (Allocation Failure) 445M->300M(506M) 2.315ms
[2026-03-26T13:59:41.935+0900][52.921s][info][gc,cpu         ] GC(72) User=0.00s Sys=0.00s Real=0.00s
[2026-03-26T13:59:42.413+0900][53.399s][info][gc,start       ] GC(73) Pause Young (Allocation Failure)
[2026-03-26T13:59:42.415+0900][53.401s][info][gc,heap        ] GC(73) PSYoungGen: 168448K(168960K)->5120K(168960K) Eden: 163328K(163328K)->0K(163328K) From: 5120K(5632K)->5120K(5632K)
[2026-03-26T13:59:42.415+0900][53.401s][info][gc,heap        ] GC(73) ParOldGen: 302880K(349696K)->318240K(349696K)
[2026-03-26T13:59:42.415+0900][53.401s][info][gc,metaspace   ] GC(73) Metaspace: 352K(512K)->352K(512K) NonClass: 335K(384K)->335K(384K) Class: 17K(128K)->17K(128K)
[2026-03-26T13:59:42.415+0900][53.401s][info][gc             ] GC(73) Pause Young (Allocation Failure) 460M->315M(506M) 2.508ms
[2026-03-26T13:59:42.415+0900][53.401s][info][gc,cpu         ] GC(73) User=0.00s Sys=0.00s Real=0.00s
[2026-03-26T13:59:42.984+0900][53.970s][info][gc,start       ] GC(74) Pause Young (Allocation Failure)
[2026-03-26T13:59:42.984+0900][53.976s][info][gc,heap        ] GC(74) PSYoungGen: 168448K(168960K)->5120K(168960K) Eden: 163328K(163328K)->0K(163328K) From: 5120K(5632K)->5120K(5632K)
[2026-03-26T13:59:42.984+0900][53.976s][info][gc,heap        ] GC(74) ParOldGen: 318240K(349696K)->333600K(349696K)
[2026-03-26T13:59:42.984+0900][53.976s][info][gc,metaspace   ] GC(74) Metaspace: 352K(512K)->352K(512K) NonClass: 335K(384K)->335K(384K) Class: 17K(128K)->17K(128K)
[2026-03-26T13:59:42.984+0900][53.977s][info][gc             ] GC(74) Pause Young (Allocation Failure) 475M->330M(506M) 6.455ms
[2026-03-26T13:59:42.984+0900][53.977s][info][gc,cpu         ] GC(74) User=0.00s Sys=0.00s Real=0.00s
[2026-03-26T13:59:42.984+0900][53.977s][info][gc,start       ] GC(75) Pause Full (Ergonomics)
[2026-03-26T13:59:42.984+0900][53.977s][info][gc,phases,start] GC(75) Marking Phase
[2026-03-26T13:59:42.992+0900][53.982s][info][gc,phases      ] GC(75) Marking Phase 5.714ms
[2026-03-26T13:59:42.992+0900][53.983s][info][gc,phases,start] GC(75) Summary Phase
[2026-03-26T13:59:42.992+0900][53.983s][info][gc,phases      ] GC(75) Summary Phase 0.078ms
[2026-03-26T13:59:42.992+0900][53.983s][info][gc,phases,start] GC(75) Adjust Roots
[2026-03-26T13:59:42.992+0900][53.983s][info][gc,phases      ] GC(75) Adjust Roots 0.555ms
[2026-03-26T13:59:42.992+0900][53.983s][info][gc,phases,start] GC(75) Compaction Phase
[2026-03-26T13:59:43.034+0900][54.021s][info][gc,phases      ] GC(75) Compaction Phase 38.159ms
[2026-03-26T13:59:43.034+0900][54.022s][info][gc,phases,start] GC(75) Post Compact
[2026-03-26T13:59:43.034+0900][54.023s][info][gc,phases      ] GC(75) Post Compact 1.702ms
[2026-03-26T13:59:43.034+0900][54.024s][info][gc,heap        ] GC(75) PSYoungGen: 5120K(168960K)->0K(168960K) Eden: 0K(163328K)->0K(163328K) From: 5120K(5632K)->0K(5632K)
[2026-03-26T13:59:43.034+0900][54.024s][info][gc,heap        ] GC(75) ParOldGen: 333600K(349696K)->287520K(349696K)
[2026-03-26T13:59:43.034+0900][54.024s][info][gc,metaspace   ] GC(75) Metaspace: 352K(512K)->352K(512K) NonClass: 335K(384K)->335K(384K) Class: 17K(128K)->17K(128K)
[2026-03-26T13:59:43.034+0900][54.024s][info][gc             ] GC(75) Pause Full (Ergonomics) 330M->280M(506M) 47.056ms
[2026-03-26T13:59:43.034+0900][54.024s][info][gc,cpu         ] GC(75) User=0.05s Sys=0.00s Real=0.05s
[2026-03-26T13:59:43.710+0900][54.696s][info][gc,start       ] GC(76) Pause Young (Allocation Failure)
[2026-03-26T13:59:43.711+0900][54.698s][info][gc,heap        ] GC(76) PSYoungGen: 160436K(168960K)->5120K(168960K) Eden: 160436K(163328K)->0K(163328K) From: 0K(5632K)->5120K(5632K)
[2026-03-26T13:59:43.711+0900][54.698s][info][gc,heap        ] GC(76) ParOldGen: 287520K(349696K)->292640K(349696K)
[2026-03-26T13:59:43.711+0900][54.698s][info][gc,metaspace   ] GC(76) Metaspace: 352K(512K)->352K(512K) NonClass: 335K(384K)->335K(384K) Class: 17K(128K)->17K(128K)
[2026-03-26T13:59:43.711+0900][54.698s][info][gc             ] GC(76) Pause Young (Allocation Failure) 437M->290M(506M) 2.492ms
[2026-03-26T13:59:43.711+0900][54.698s][info][gc,cpu         ] GC(76) User=0.00s Sys=0.00s Real=0.00s
[2026-03-26T13:59:45.012+0900][55.998s][info][gc,start       ] GC(77) Pause Young (Allocation Failure)
[2026-03-26T13:59:45.015+0900][56.000s][info][gc,heap        ] GC(77) PSYoungGen: 168448K(168960K)->5120K(168960K) Eden: 163328K(163328K)->0K(163328K) From: 5120K(5632K)->5120K(5632K)
[2026-03-26T13:59:45.015+0900][56.001s][info][gc,heap        ] GC(77) ParOldGen: 292640K(349696K)->308000K(349696K)
[2026-03-26T13:59:45.015+0900][56.001s][info][gc,metaspace   ] GC(77) Metaspace: 353K(512K)->353K(512K) NonClass: 335K(384K)->335K(384K) Class: 17K(128K)->17K(128K)
[2026-03-26T13:59:45.015+0900][56.001s][info][gc             ] GC(77) Pause Young (Allocation Failure) 450M->305M(506M) 2.134ms
[2026-03-26T13:59:45.015+0900][56.001s][info][gc,cpu         ] GC(77) User=0.00s Sys=0.00s Real=0.00s
[2026-03-26T13:59:45.563+0900][56.549s][info][gc,start       ] GC(78) Pause Young (Allocation Failure)
[2026-03-26T13:59:45.563+0900][56.551s][info][gc,heap        ] GC(78) PSYoungGen: 168448K(168960K)->5120K(168960K) Eden: 163328K(163328K)->0K(163328K) From: 5120K(5632K)->5120K(5632K)
[2026-03-26T13:59:45.563+0900][56.551s][info][gc,heap        ] GC(78) ParOldGen: 308000K(349696K)->323360K(349696K)
[2026-03-26T13:59:45.563+0900][56.551s][info][gc,metaspace   ] GC(78) Metaspace: 353K(512K)->353K(512K) NonClass: 335K(384K)->335K(384K) Class: 17K(128K)->17K(128K)
[2026-03-26T13:59:45.563+0900][56.552s][info][gc             ] GC(78) Pause Young (Allocation Failure) 465M->320M(506M) 2.057ms
[2026-03-26T13:59:45.563+0900][56.552s][info][gc,cpu         ] GC(78) User=0.00s Sys=0.00s Real=0.00s
[2026-03-26T13:59:46.182+0900][57.168s][info][gc,start       ] GC(79) Pause Young (Allocation Failure)
[2026-03-26T13:59:46.185+0900][57.171s][info][gc,heap        ] GC(79) PSYoungGen: 168448K(168960K)->5120K(168960K) Eden: 163328K(163328K)->0K(163328K) From: 5120K(5632K)->5120K(5632K)
[2026-03-26T13:59:46.185+0900][57.171s][info][gc,heap        ] GC(79) ParOldGen: 323360K(349696K)->338720K(349696K)
[2026-03-26T13:59:46.185+0900][57.171s][info][gc,metaspace   ] GC(79) Metaspace: 353K(512K)->353K(512K) NonClass: 335K(384K)->335K(384K) Class: 17K(128K)->17K(128K)
[2026-03-26T13:59:46.185+0900][57.171s][info][gc             ] GC(79) Pause Young (Allocation Failure) 480M->335M(506M) 2.879ms
[2026-03-26T13:59:46.185+0900][57.171s][info][gc,cpu         ] GC(79) User=0.02s Sys=0.00s Real=0.00s
[2026-03-26T13:59:46.185+0900][57.171s][info][gc,start       ] GC(80) Pause Full (Ergonomics)
[2026-03-26T13:59:46.185+0900][57.171s][info][gc,phases,start] GC(80) Marking Phase
[2026-03-26T13:59:46.186+0900][57.172s][info][gc,phases      ] GC(80) Marking Phase 1.580ms
[2026-03-26T13:59:46.186+0900][57.173s][info][gc,phases,start] GC(80) Summary Phase
[2026-03-26T13:59:46.186+0900][57.173s][info][gc,phases      ] GC(80) Summary Phase 0.042ms
[2026-03-26T13:59:46.186+0900][57.173s][info][gc,phases,start] GC(80) Adjust Roots
[2026-03-26T13:59:46.186+0900][57.173s][info][gc,phases      ] GC(80) Adjust Roots 0.461ms
[2026-03-26T13:59:46.186+0900][57.173s][info][gc,phases,start] GC(80) Compaction Phase
[2026-03-26T13:59:46.229+0900][57.218s][info][gc,phases      ] GC(80) Compaction Phase 44.387ms
[2026-03-26T13:59:46.229+0900][57.218s][info][gc,phases,start] GC(80) Post Compact
[2026-03-26T13:59:46.234+0900][57.222s][info][gc,phases      ] GC(80) Post Compact 4.356ms
[2026-03-26T13:59:46.234+0900][57.222s][info][gc,heap        ] GC(80) PSYoungGen: 5120K(168960K)->0K(168960K) Eden: 0K(163328K)->0K(163328K) From: 5120K(5632K)->0K(5632K)
[2026-03-26T13:59:46.234+0900][57.222s][info][gc,heap        ] GC(80) ParOldGen: 338720K(349696K)->292640K(349696K)
[2026-03-26T13:59:46.234+0900][57.222s][info][gc,metaspace   ] GC(80) Metaspace: 353K(512K)->353K(512K) NonClass: 335K(384K)->335K(384K) Class: 17K(128K)->17K(128K)
[2026-03-26T13:59:46.234+0900][57.222s][info][gc             ] GC(80) Pause Full (Ergonomics) 335M->285M(506M) 51.448ms
[2026-03-26T13:59:46.234+0900][57.222s][info][gc,cpu         ] GC(80) User=0.05s Sys=0.00s Real=0.05s
[2026-03-26T13:59:46.777+0900][57.763s][info][gc,start       ] GC(81) Pause Young (Allocation Failure)
[2026-03-26T13:59:46.779+0900][57.765s][info][gc,heap        ] GC(81) PSYoungGen: 163328K(168960K)->5120K(168960K) Eden: 163328K(163328K)->0K(163328K) From: 0K(5632K)->5120K(5632K)
[2026-03-26T13:59:46.779+0900][57.765s][info][gc,heap        ] GC(81) ParOldGen: 292640K(349696K)->302880K(349696K)
[2026-03-26T13:59:46.779+0900][57.765s][info][gc,metaspace   ] GC(81) Metaspace: 353K(512K)->353K(512K) NonClass: 335K(384K)->335K(384K) Class: 17K(128K)->17K(128K)
[2026-03-26T13:59:46.779+0900][57.765s][info][gc             ] GC(81) Pause Young (Allocation Failure) 445M->300M(506M) 2.094ms
[2026-03-26T13:59:46.779+0900][57.765s][info][gc,cpu         ] GC(81) User=0.00s Sys=0.00s Real=0.00s
[2026-03-26T13:59:47.264+0900][58.251s][info][gc,start       ] GC(82) Pause Young (Allocation Failure)
[2026-03-26T13:59:47.267+0900][58.253s][info][gc,heap        ] GC(82) PSYoungGen: 168448K(168960K)->5120K(168960K) Eden: 163328K(163328K)->0K(163328K) From: 5120K(5632K)->5120K(5632K)
[2026-03-26T13:59:47.267+0900][58.253s][info][gc,heap        ] GC(82) ParOldGen: 302880K(349696K)->318240K(349696K)
[2026-03-26T13:59:47.267+0900][58.253s][info][gc,metaspace   ] GC(82) Metaspace: 353K(512K)->353K(512K) NonClass: 335K(384K)->335K(384K) Class: 17K(128K)->17K(128K)
[2026-03-26T13:59:47.267+0900][58.253s][info][gc             ] GC(82) Pause Young (Allocation Failure) 460M->315M(506M) 2.450ms
[2026-03-26T13:59:47.267+0900][58.253s][info][gc,cpu         ] GC(82) User=0.00s Sys=0.00s Real=0.00s
[2026-03-26T13:59:47.767+0900][58.753s][info][gc,start       ] GC(83) Pause Young (Allocation Failure)
[2026-03-26T13:59:47.768+0900][58.754s][info][gc,heap        ] GC(83) PSYoungGen: 168448K(168960K)->5120K(168960K) Eden: 163328K(163328K)->0K(163328K) From: 5120K(5632K)->5120K(5632K)
[2026-03-26T13:59:47.768+0900][58.754s][info][gc,heap        ] GC(83) ParOldGen: 318240K(349696K)->333600K(349696K)
[2026-03-26T13:59:47.768+0900][58.754s][info][gc,metaspace   ] GC(83) Metaspace: 353K(512K)->353K(512K) NonClass: 335K(384K)->335K(384K) Class: 17K(128K)->17K(128K)
[2026-03-26T13:59:47.768+0900][58.754s][info][gc             ] GC(83) Pause Young (Allocation Failure) 475M->330M(506M) 1.674ms
[2026-03-26T13:59:47.768+0900][58.754s][info][gc,cpu         ] GC(83) User=0.00s Sys=0.00s Real=0.00s
[2026-03-26T13:59:47.768+0900][58.754s][info][gc,start       ] GC(84) Pause Full (Ergonomics)
[2026-03-26T13:59:47.768+0900][58.754s][info][gc,phases,start] GC(84) Marking Phase
[2026-03-26T13:59:47.770+0900][58.756s][info][gc,phases      ] GC(84) Marking Phase 1.557ms
[2026-03-26T13:59:47.770+0900][58.756s][info][gc,phases,start] GC(84) Summary Phase
[2026-03-26T13:59:47.770+0900][58.756s][info][gc,phases      ] GC(84) Summary Phase 0.032ms
[2026-03-26T13:59:47.770+0900][58.756s][info][gc,phases,start] GC(84) Adjust Roots
[2026-03-26T13:59:47.770+0900][58.756s][info][gc,phases      ] GC(84) Adjust Roots 0.307ms
[2026-03-26T13:59:47.770+0900][58.756s][info][gc,phases,start] GC(84) Compaction Phase
[2026-03-26T13:59:47.795+0900][58.781s][info][gc,phases      ] GC(84) Compaction Phase 24.089ms
[2026-03-26T13:59:47.795+0900][58.781s][info][gc,phases,start] GC(84) Post Compact
[2026-03-26T13:59:47.795+0900][58.782s][info][gc,phases      ] GC(84) Post Compact 1.166ms
[2026-03-26T13:59:47.797+0900][58.782s][info][gc,heap        ] GC(84) PSYoungGen: 5120K(168960K)->0K(168960K) Eden: 0K(163328K)->0K(163328K) From: 5120K(5632K)->0K(5632K)
[2026-03-26T13:59:47.797+0900][58.782s][info][gc,heap        ] GC(84) ParOldGen: 333600K(349696K)->287520K(349696K)
[2026-03-26T13:59:47.797+0900][58.782s][info][gc,metaspace   ] GC(84) Metaspace: 353K(512K)->353K(512K) NonClass: 335K(384K)->335K(384K) Class: 17K(128K)->17K(128K)
[2026-03-26T13:59:47.797+0900][58.782s][info][gc             ] GC(84) Pause Full (Ergonomics) 330M->280M(506M) 27.698ms
[2026-03-26T13:59:47.797+0900][58.782s][info][gc,cpu         ] GC(84) User=0.05s Sys=0.00s Real=0.03s
[2026-03-26T13:59:48.283+0900][59.268s][info][gc,start       ] GC(85) Pause Young (Allocation Failure)
[2026-03-26T13:59:48.285+0900][59.270s][info][gc,heap        ] GC(85) PSYoungGen: 163328K(168960K)->5120K(168960K) Eden: 163328K(163328K)->0K(163328K) From: 0K(5632K)->5120K(5632K)
[2026-03-26T13:59:48.285+0900][59.270s][info][gc,heap        ] GC(85) ParOldGen: 287520K(349696K)->297760K(349696K)
[2026-03-26T13:59:48.285+0900][59.270s][info][gc,metaspace   ] GC(85) Metaspace: 353K(512K)->353K(512K) NonClass: 335K(384K)->335K(384K) Class: 17K(128K)->17K(128K)
[2026-03-26T13:59:48.285+0900][59.270s][info][gc             ] GC(85) Pause Young (Allocation Failure) 440M->295M(506M) 2.182ms
[2026-03-26T13:59:48.285+0900][59.270s][info][gc,cpu         ] GC(85) User=0.00s Sys=0.00s Real=0.00s
[2026-03-26T13:59:48.815+0900][59.801s][info][gc,start       ] GC(86) Pause Young (Allocation Failure)
[2026-03-26T13:59:48.817+0900][59.803s][info][gc,heap        ] GC(86) PSYoungGen: 168448K(168960K)->5120K(168960K) Eden: 163328K(163328K)->0K(163328K) From: 5120K(5632K)->5120K(5632K)
[2026-03-26T13:59:48.817+0900][59.803s][info][gc,heap        ] GC(86) ParOldGen: 297760K(349696K)->313120K(349696K)
[2026-03-26T13:59:48.817+0900][59.803s][info][gc,metaspace   ] GC(86) Metaspace: 355K(512K)->355K(512K) NonClass: 338K(384K)->338K(384K) Class: 17K(128K)->17K(128K)
[2026-03-26T13:59:48.817+0900][59.803s][info][gc             ] GC(86) Pause Young (Allocation Failure) 455M->310M(506M) 2.165ms
[2026-03-26T13:59:48.817+0900][59.803s][info][gc,cpu         ] GC(86) User=0.00s Sys=0.00s Real=0.00s
[2026-03-26T13:59:49.294+0900][60.279s][info][gc,start       ] GC(87) Pause Young (Allocation Failure)
[2026-03-26T13:59:49.294+0900][60.282s][info][gc,heap        ] GC(87) PSYoungGen: 168448K(168960K)->5152K(168960K) Eden: 163328K(163328K)->0K(163328K) From: 5120K(5632K)->5152K(5632K)
[2026-03-26T13:59:49.294+0900][60.282s][info][gc,heap        ] GC(87) ParOldGen: 313120K(349696K)->328480K(349696K)
[2026-03-26T13:59:49.294+0900][60.282s][info][gc,metaspace   ] GC(87) Metaspace: 355K(512K)->355K(512K) NonClass: 338K(384K)->338K(384K) Class: 17K(128K)->17K(128K)
[2026-03-26T13:59:49.294+0900][60.282s][info][gc             ] GC(87) Pause Young (Allocation Failure) 470M->325M(506M) 2.620ms
[2026-03-26T13:59:49.294+0900][60.282s][info][gc,cpu         ] GC(87) User=0.00s Sys=0.00s Real=0.00s
[2026-03-26T13:59:50.831+0900][61.817s][info][gc,start       ] GC(88) Pause Young (Allocation Failure)
[2026-03-26T13:59:50.833+0900][61.818s][info][gc,heap        ] GC(88) PSYoungGen: 168480K(168960K)->5152K(168960K) Eden: 163328K(163328K)->0K(163328K) From: 5152K(5632K)->5152K(5632K)
[2026-03-26T13:59:50.833+0900][61.818s][info][gc,heap        ] GC(88) ParOldGen: 328480K(349696K)->343840K(349696K)
[2026-03-26T13:59:50.833+0900][61.818s][info][gc,metaspace   ] GC(88) Metaspace: 355K(512K)->355K(512K) NonClass: 338K(384K)->338K(384K) Class: 17K(128K)->17K(128K)
[2026-03-26T13:59:50.833+0900][61.818s][info][gc             ] GC(88) Pause Young (Allocation Failure) 485M->340M(506M) 1.719ms
[2026-03-26T13:59:50.833+0900][61.818s][info][gc,cpu         ] GC(88) User=0.00s Sys=0.00s Real=0.00s
[2026-03-26T13:59:50.833+0900][61.819s][info][gc,start       ] GC(89) Pause Full (Ergonomics)
[2026-03-26T13:59:50.833+0900][61.819s][info][gc,phases,start] GC(89) Marking Phase
[2026-03-26T13:59:50.835+0900][61.820s][info][gc,phases      ] GC(89) Marking Phase 1.539ms
[2026-03-26T13:59:50.835+0900][61.820s][info][gc,phases,start] GC(89) Summary Phase
[2026-03-26T13:59:50.835+0900][61.820s][info][gc,phases      ] GC(89) Summary Phase 0.021ms
[2026-03-26T13:59:50.835+0900][61.820s][info][gc,phases,start] GC(89) Adjust Roots
[2026-03-26T13:59:50.835+0900][61.820s][info][gc,phases      ] GC(89) Adjust Roots 0.275ms
[2026-03-26T13:59:50.835+0900][61.821s][info][gc,phases,start] GC(89) Compaction Phase
[2026-03-26T13:59:50.879+0900][61.865s][info][gc,phases      ] GC(89) Compaction Phase 44.032ms
[2026-03-26T13:59:50.879+0900][61.865s][info][gc,phases,start] GC(89) Post Compact
[2026-03-26T13:59:50.879+0900][61.866s][info][gc,phases      ] GC(89) Post Compact 1.627ms
[2026-03-26T13:59:50.879+0900][61.869s][info][gc,heap        ] GC(89) PSYoungGen: 5152K(168960K)->0K(168960K) Eden: 0K(163328K)->0K(163328K) From: 5152K(5632K)->0K(5632K)
[2026-03-26T13:59:50.879+0900][61.869s][info][gc,heap        ] GC(89) ParOldGen: 343840K(349696K)->297760K(349696K)
[2026-03-26T13:59:50.879+0900][61.869s][info][gc,metaspace   ] GC(89) Metaspace: 355K(512K)->355K(512K) NonClass: 338K(384K)->338K(384K) Class: 17K(128K)->17K(128K)
[2026-03-26T13:59:50.879+0900][61.869s][info][gc             ] GC(89) Pause Full (Ergonomics) 340M->290M(506M) 50.193ms
[2026-03-26T13:59:50.879+0900][61.869s][info][gc,cpu         ] GC(89) User=0.05s Sys=0.00s Real=0.05s
[2026-03-26T13:59:51.703+0900][62.689s][info][gc,heap,exit   ] Heap
[2026-03-26T13:59:51.704+0900][62.690s][info][gc,heap,exit   ]  PSYoungGen      total 168960K, used 103507K [0x00000000f5580000, 0x0000000100000000, 0x0000000100000000)
[2026-03-26T13:59:51.704+0900][62.690s][info][gc,heap,exit   ]   eden space 163328K, 63% used [0x00000000f5580000,0x00000000fba94e20,0x00000000ff500000)
[2026-03-26T13:59:51.705+0900][62.690s][info][gc,heap,exit   ]   from space 5632K, 0% used [0x00000000ffa80000,0x00000000ffa80000,0x0000000100000000)
[2026-03-26T13:59:51.705+0900][62.690s][info][gc,heap,exit   ]   to   space 5632K, 0% used [0x00000000ff500000,0x00000000ff500000,0x00000000ffa80000)
[2026-03-26T13:59:51.705+0900][62.690s][info][gc,heap,exit   ]  ParOldGen       total 349696K, used 297760K [0x00000000e0000000, 0x00000000f5580000, 0x00000000f5580000)
[2026-03-26T13:59:51.705+0900][62.690s][info][gc,heap,exit   ]   object space 349696K, 85% used [0x00000000e0000000,0x00000000f22c81d0,0x00000000f5580000)
[2026-03-26T13:59:51.705+0900][62.690s][info][gc,heap,exit   ]  Metaspace       used 355K, committed 512K, reserved 1114112K
[2026-03-26T13:59:51.705+0900][62.690s][info][gc,heap,exit   ]   class space    used 17K, committed 128K, reserved 1048576K
