[2026-03-27T16:51:11.383+0900][0.010s][info][gc,init] CardTable entry size: 512
[2026-03-27T16:51:11.383+0900][0.010s][info][gc     ] Using Parallel
[2026-03-27T16:51:11.383+0900][0.010s][info][gc,init] Version: 24+36-3646 (release)
[2026-03-27T16:51:11.383+0900][0.010s][info][gc,init] CPUs: 8 total, 8 available
[2026-03-27T16:51:11.383+0900][0.010s][info][gc,init] Memory: 16384M
[2026-03-27T16:51:11.383+0900][0.010s][info][gc,init] Large Page Support: Disabled
[2026-03-27T16:51:11.383+0900][0.010s][info][gc,init] NUMA Support: Disabled
[2026-03-27T16:51:11.383+0900][0.010s][info][gc,init] Compressed Oops: Enabled (Zero based)
[2026-03-27T16:51:11.383+0900][0.010s][info][gc,init] Alignments: Space 512K, Generation 512K, Heap 8M
[2026-03-27T16:51:11.383+0900][0.010s][info][gc,init] Heap Min Capacity: 256M
[2026-03-27T16:51:11.383+0900][0.010s][info][gc,init] Heap Initial Capacity: 256M
[2026-03-27T16:51:11.383+0900][0.010s][info][gc,init] Heap Max Capacity: 512M
[2026-03-27T16:51:11.383+0900][0.010s][info][gc,init] Pre-touch: Disabled
[2026-03-27T16:51:11.383+0900][0.010s][info][gc,init] Parallel Workers: 8
[2026-03-27T16:51:11.396+0900][0.023s][info][gc,metaspace] CDS archive(s) mapped at: [0x00001fc000000000-0x00001fc000d18000-0x00001fc000d18000), size 13729792, SharedBaseAddress: 0x00001fc000000000, ArchiveRelocationMode: 1.
[2026-03-27T16:51:11.396+0900][0.023s][info][gc,metaspace] Compressed class space mapped at: 0x00001fc001000000-0x00001fc041000000, reserved size: 1073741824
[2026-03-27T16:51:11.396+0900][0.023s][info][gc,metaspace] UseCompressedClassPointers 1, UseCompactObjectHeaders 0
[2026-03-27T16:51:11.396+0900][0.023s][info][gc,metaspace] Narrow klass pointer bits 32, Max shift 3
[2026-03-27T16:51:11.396+0900][0.023s][info][gc,metaspace] Narrow klass base: 0x00001fc000000000, Narrow klass shift: 0
[2026-03-27T16:51:11.396+0900][0.023s][info][gc,metaspace] Encoding Range: [0x00001fc000000000 - 0x00001fc100000000), (4294967296 bytes)
[2026-03-27T16:51:11.396+0900][0.023s][info][gc,metaspace] Klass Range:    [0x00001fc000000000 - 0x00001fc041000000), (1090519040 bytes)
[2026-03-27T16:51:11.396+0900][0.023s][info][gc,metaspace] Klass ID Range:  [8 - 1090519033) (1090519025)
[2026-03-27T16:51:17.008+0900][5.636s][info][gc,start    ] GC(0) Pause Young (Allocation Failure)
[2026-03-27T16:51:17.013+0900][5.641s][info][gc,heap     ] GC(0) PSYoungGen: 65536K(76288K)->10448K(76288K) Eden: 65536K(65536K)->0K(65536K) From: 0K(10752K)->10448K(10752K)
[2026-03-27T16:51:17.013+0900][5.641s][info][gc,heap     ] GC(0) ParOldGen: 1118K(175104K)->2150K(175104K)
[2026-03-27T16:51:17.013+0900][5.641s][info][gc,metaspace] GC(0) Metaspace: 120K(320K)->120K(320K) NonClass: 113K(192K)->113K(192K) Class: 7K(128K)->7K(128K)
[2026-03-27T16:51:17.013+0900][5.641s][info][gc          ] GC(0) Pause Young (Allocation Failure) 65M->12M(245M) 5.018ms
[2026-03-27T16:51:17.013+0900][5.641s][info][gc,cpu      ] GC(0) User=0.01s Sys=0.01s Real=0.01s
[2026-03-27T16:51:22.788+0900][11.416s][info][gc,start    ] GC(1) Pause Young (Allocation Failure)
[2026-03-27T16:51:22.793+0900][11.421s][info][gc,heap     ] GC(1) PSYoungGen: 75984K(76288K)->10432K(76288K) Eden: 65536K(65536K)->0K(65536K) From: 10448K(10752K)->10432K(10752K)
[2026-03-27T16:51:22.794+0900][11.422s][info][gc,heap     ] GC(1) ParOldGen: 2150K(175104K)->13414K(175104K)
[2026-03-27T16:51:22.794+0900][11.422s][info][gc,metaspace] GC(1) Metaspace: 121K(320K)->121K(320K) NonClass: 114K(192K)->114K(192K) Class: 7K(128K)->7K(128K)
[2026-03-27T16:51:22.794+0900][11.422s][info][gc          ] GC(1) Pause Young (Allocation Failure) 76M->23M(245M) 6.169ms
[2026-03-27T16:51:22.795+0900][11.422s][info][gc,cpu      ] GC(1) User=0.00s Sys=0.01s Real=0.01s
[2026-03-27T16:51:26.440+0900][15.068s][info][gc,heap,exit] Heap
[2026-03-27T16:51:26.440+0900][15.068s][info][gc,heap,exit]  PSYoungGen      total 76288K, used 52506K [0x00000007f5580000, 0x00000007faa80000, 0x0000000800000000)
[2026-03-27T16:51:26.440+0900][15.068s][info][gc,heap,exit]   eden space 65536K, 64% used [0x00000007f5580000,0x00000007f7e96a60,0x00000007f9580000)
[2026-03-27T16:51:26.440+0900][15.068s][info][gc,heap,exit]   from space 10752K, 97% used [0x00000007fa000000,0x00000007faa300c0,0x00000007faa80000)
[2026-03-27T16:51:26.440+0900][15.068s][info][gc,heap,exit]   to   space 10752K, 0% used [0x00000007f9580000,0x00000007f9580000,0x00000007fa000000)
[2026-03-27T16:51:26.440+0900][15.068s][info][gc,heap,exit]  ParOldGen       total 175104K, used 13414K [0x00000007e0000000, 0x00000007eab00000, 0x00000007f5580000)
[2026-03-27T16:51:26.440+0900][15.068s][info][gc,heap,exit]   object space 175104K, 7% used [0x00000007e0000000,0x00000007e0d199e0,0x00000007eab00000)
[2026-03-27T16:51:26.440+0900][15.068s][info][gc,heap,exit]  Metaspace       used 124K, committed 320K, reserved 1114112K
[2026-03-27T16:51:26.440+0900][15.068s][info][gc,heap,exit]   class space    used 7K, committed 128K, reserved 1048576K
