[2026-03-27T03:07:12.129+0900][0.006s][info][gc] Using Parallel
[2026-03-27T03:07:12.129+0900][0.007s][info][gc,init] Version: 17+35-2724 (release)
[2026-03-27T03:07:12.129+0900][0.007s][info][gc,init] CPUs: 18 total, 18 available
[2026-03-27T03:07:12.129+0900][0.007s][info][gc,init] Memory: 32496M
[2026-03-27T03:07:12.129+0900][0.007s][info][gc,init] Large Page Support: Disabled
[2026-03-27T03:07:12.129+0900][0.007s][info][gc,init] NUMA Support: Disabled
[2026-03-27T03:07:12.129+0900][0.007s][info][gc,init] Compressed Oops: Enabled (32-bit)
[2026-03-27T03:07:12.129+0900][0.007s][info][gc,init] Alignments: Space 512K, Generation 512K, Heap 2M
[2026-03-27T03:07:12.129+0900][0.007s][info][gc,init] Heap Min Capacity: 256M
[2026-03-27T03:07:12.144+0900][0.022s][info][gc,init] Heap Initial Capacity: 256M
[2026-03-27T03:07:12.144+0900][0.022s][info][gc,init] Heap Max Capacity: 512M
[2026-03-27T03:07:12.144+0900][0.022s][info][gc,init] Pre-touch: Disabled
[2026-03-27T03:07:12.144+0900][0.022s][info][gc,init] Parallel Workers: 4
[2026-03-27T03:07:12.144+0900][0.022s][info][gc,metaspace] CDS archive(s) mapped at: [0x0000000800000000-0x0000000800bc0000-0x0000000800bc0000), size 12320768, SharedBaseAddress: 0x0000000800000000, ArchiveRelocationMode: 0.
[2026-03-27T03:07:12.144+0900][0.022s][info][gc,metaspace] Compressed class space mapped at: 0x0000000800c00000-0x0000000840c00000, reserved size: 1073741824
[2026-03-27T03:07:12.144+0900][0.022s][info][gc,metaspace] Narrow klass base: 0x0000000800000000, Narrow klass shift: 0, Narrow klass range: 0x100000000
[2026-03-27T03:07:12.306+0900][0.183s][info][gc,start    ] GC(0) Pause Young (Allocation Failure)
[2026-03-27T03:07:12.309+0900][0.186s][info][gc,heap     ] GC(0) PSYoungGen: 65466K(76288K)->10041K(76288K) Eden: 65466K(65536K)->0K(65536K) From: 0K(10752K)->10041K(10752K)
[2026-03-27T03:07:12.309+0900][0.186s][info][gc,heap     ] GC(0) ParOldGen: 0K(175104K)->5128K(175104K)
[2026-03-27T03:07:12.309+0900][0.186s][info][gc,metaspace] GC(0) Metaspace: 269K(448K)->269K(448K) NonClass: 257K(320K)->257K(320K) Class: 12K(128K)->12K(128K)
[2026-03-27T03:07:12.309+0900][0.186s][info][gc          ] GC(0) Pause Young (Allocation Failure) 63M->14M(245M) 3.318ms
[2026-03-27T03:07:12.309+0900][0.186s][info][gc,cpu      ] GC(0) User=0.00s Sys=0.00s Real=0.00s
[2026-03-27T03:07:12.428+0900][0.306s][info][gc,start    ] GC(1) Pause Young (Allocation Failure)
[2026-03-27T03:07:12.431+0900][0.309s][info][gc,heap     ] GC(1) PSYoungGen: 75442K(76288K)->10025K(76288K) Eden: 65401K(65536K)->0K(65536K) From: 10041K(10752K)->10025K(10752K)
[2026-03-27T03:07:12.431+0900][0.309s][info][gc,heap     ] GC(1) ParOldGen: 5128K(175104K)->19472K(175104K)
[2026-03-27T03:07:12.431+0900][0.309s][info][gc,metaspace] GC(1) Metaspace: 277K(448K)->277K(448K) NonClass: 265K(320K)->265K(320K) Class: 12K(128K)->12K(128K)
[2026-03-27T03:07:12.431+0900][0.309s][info][gc          ] GC(1) Pause Young (Allocation Failure) 78M->28M(245M) 3.100ms
[2026-03-27T03:07:12.431+0900][0.309s][info][gc,cpu      ] GC(1) User=0.00s Sys=0.00s Real=0.00s
[2026-03-27T03:07:12.645+0900][0.523s][info][gc,start    ] GC(2) Pause Young (Allocation Failure)
[2026-03-27T03:07:12.649+0900][0.527s][info][gc,heap     ] GC(2) PSYoungGen: 75556K(76288K)->10057K(76288K) Eden: 65530K(65536K)->0K(65536K) From: 10025K(10752K)->10057K(10752K)
[2026-03-27T03:07:12.649+0900][0.527s][info][gc,heap     ] GC(2) ParOldGen: 19472K(175104K)->34832K(175104K)
[2026-03-27T03:07:12.649+0900][0.527s][info][gc,metaspace] GC(2) Metaspace: 280K(448K)->280K(448K) NonClass: 268K(320K)->268K(320K) Class: 12K(128K)->12K(128K)
[2026-03-27T03:07:12.649+0900][0.527s][info][gc          ] GC(2) Pause Young (Allocation Failure) 92M->43M(245M) 3.394ms
[2026-03-27T03:07:12.649+0900][0.527s][info][gc,cpu      ] GC(2) User=0.00s Sys=0.00s Real=0.00s
[2026-03-27T03:07:12.771+0900][0.649s][info][gc,start    ] GC(3) Pause Young (Allocation Failure)
[2026-03-27T03:07:12.774+0900][0.652s][info][gc,heap     ] GC(3) PSYoungGen: 74432K(76288K)->10345K(76288K) Eden: 64374K(65536K)->0K(65536K) From: 10057K(10752K)->10345K(10752K)
[2026-03-27T03:07:12.774+0900][0.652s][info][gc,heap     ] GC(3) ParOldGen: 34832K(175104K)->50192K(175104K)
[2026-03-27T03:07:12.774+0900][0.652s][info][gc,metaspace] GC(3) Metaspace: 280K(448K)->280K(448K) NonClass: 268K(320K)->268K(320K) Class: 12K(128K)->12K(128K)
[2026-03-27T03:07:12.774+0900][0.652s][info][gc          ] GC(3) Pause Young (Allocation Failure) 106M->59M(245M) 3.104ms
[2026-03-27T03:07:12.774+0900][0.652s][info][gc,cpu      ] GC(3) User=0.00s Sys=0.00s Real=0.00s
[2026-03-27T03:07:12.990+0900][0.867s][info][gc,start    ] GC(4) Pause Young (Allocation Failure)
[2026-03-27T03:07:12.992+0900][0.870s][info][gc,heap     ] GC(4) PSYoungGen: 75120K(76288K)->10361K(74752K) Eden: 64774K(65536K)->0K(64000K) From: 10345K(10752K)->10361K(10752K)
[2026-03-27T03:07:12.992+0900][0.870s][info][gc,heap     ] GC(4) ParOldGen: 50192K(175104K)->59416K(175104K)
[2026-03-27T03:07:12.992+0900][0.870s][info][gc,metaspace] GC(4) Metaspace: 281K(448K)->281K(448K) NonClass: 269K(320K)->269K(320K) Class: 12K(128K)->12K(128K)
[2026-03-27T03:07:12.992+0900][0.870s][info][gc          ] GC(4) Pause Young (Allocation Failure) 122M->68M(244M) 2.892ms
[2026-03-27T03:07:12.993+0900][0.870s][info][gc,cpu      ] GC(4) User=0.00s Sys=0.00s Real=0.00s
[2026-03-27T03:07:13.100+0900][0.977s][info][gc,start    ] GC(5) Pause Young (Allocation Failure)
[2026-03-27T03:07:13.102+0900][0.980s][info][gc,heap     ] GC(5) PSYoungGen: 74345K(74752K)->9033K(71680K) Eden: 63983K(64000K)->0K(62464K) From: 10361K(10752K)->9033K(9216K)
[2026-03-27T03:07:13.102+0900][0.980s][info][gc,heap     ] GC(5) ParOldGen: 59416K(175104K)->75801K(175104K)
[2026-03-27T03:07:13.102+0900][0.980s][info][gc,metaspace] GC(5) Metaspace: 281K(448K)->281K(448K) NonClass: 269K(320K)->269K(320K) Class: 12K(128K)->12K(128K)
[2026-03-27T03:07:13.102+0900][0.980s][info][gc          ] GC(5) Pause Young (Allocation Failure) 130M->82M(241M) 2.226ms
[2026-03-27T03:07:13.102+0900][0.980s][info][gc,cpu      ] GC(5) User=0.00s Sys=0.00s Real=0.00s
[2026-03-27T03:07:13.317+0900][1.196s][info][gc,start    ] GC(6) Pause Young (Allocation Failure)
[2026-03-27T03:07:13.321+0900][1.199s][info][gc,heap     ] GC(6) PSYoungGen: 71453K(71680K)->10368K(72192K) Eden: 62420K(62464K)->0K(61440K) From: 9033K(9216K)->10368K(10752K)
[2026-03-27T03:07:13.321+0900][1.199s][info][gc,heap     ] GC(6) ParOldGen: 75801K(175104K)->88898K(175104K)
[2026-03-27T03:07:13.321+0900][1.199s][info][gc,metaspace] GC(6) Metaspace: 281K(448K)->281K(448K) NonClass: 269K(320K)->269K(320K) Class: 12K(128K)->12K(128K)
[2026-03-27T03:07:13.321+0900][1.199s][info][gc          ] GC(6) Pause Young (Allocation Failure) 143M->96M(241M) 3.269ms
[2026-03-27T03:07:13.321+0900][1.199s][info][gc,cpu      ] GC(6) User=0.00s Sys=0.00s Real=0.00s
[2026-03-27T03:07:13.427+0900][1.305s][info][gc,start    ] GC(7) Pause Young (Allocation Failure)
[2026-03-27T03:07:13.430+0900][1.308s][info][gc,heap     ] GC(7) PSYoungGen: 71748K(72192K)->8320K(69120K) Eden: 61380K(61440K)->0K(60416K) From: 10368K(10752K)->8320K(8704K)
[2026-03-27T03:07:13.430+0900][1.308s][info][gc,heap     ] GC(7) ParOldGen: 88898K(175104K)->105315K(175104K)
[2026-03-27T03:07:13.430+0900][1.308s][info][gc,metaspace] GC(7) Metaspace: 281K(448K)->281K(448K) NonClass: 269K(320K)->269K(320K) Class: 12K(128K)->12K(128K)
[2026-03-27T03:07:13.430+0900][1.308s][info][gc          ] GC(7) Pause Young (Allocation Failure) 156M->110M(238M) 2.783ms
[2026-03-27T03:07:13.430+0900][1.308s][info][gc,cpu      ] GC(7) User=0.00s Sys=0.00s Real=0.00s
[2026-03-27T03:07:13.539+0900][1.417s][info][gc,start    ] GC(8) Pause Young (Allocation Failure)
[2026-03-27T03:07:13.542+0900][1.419s][info][gc,heap     ] GC(8) PSYoungGen: 68658K(69120K)->10368K(70144K) Eden: 60338K(60416K)->0K(59392K) From: 8320K(8704K)->10368K(10752K)
[2026-03-27T03:07:13.542+0900][1.419s][info][gc,heap     ] GC(8) ParOldGen: 105315K(175104K)->116603K(175104K)
[2026-03-27T03:07:13.542+0900][1.419s][info][gc,metaspace] GC(8) Metaspace: 281K(448K)->281K(448K) NonClass: 269K(320K)->269K(320K) Class: 12K(128K)->12K(128K)
[2026-03-27T03:07:13.557+0900][1.435s][info][gc          ] GC(8) Pause Young (Allocation Failure) 169M->123M(239M) 17.976ms
[2026-03-27T03:07:13.557+0900][1.435s][info][gc,cpu      ] GC(8) User=0.00s Sys=0.00s Real=0.02s
[2026-03-27T03:07:13.768+0900][1.646s][info][gc,start    ] GC(9) Pause Young (Allocation Failure)
[2026-03-27T03:07:13.771+0900][1.649s][info][gc,heap     ] GC(9) PSYoungGen: 69663K(70144K)->9344K(68096K) Eden: 59295K(59392K)->0K(58368K) From: 10368K(10752K)->9344K(9728K)
[2026-03-27T03:07:13.772+0900][1.650s][info][gc,heap     ] GC(9) ParOldGen: 116603K(175104K)->131987K(175104K)
[2026-03-27T03:07:13.772+0900][1.650s][info][gc,metaspace] GC(9) Metaspace: 281K(448K)->281K(448K) NonClass: 269K(320K)->269K(320K) Class: 12K(128K)->12K(128K)
[2026-03-27T03:07:13.772+0900][1.650s][info][gc          ] GC(9) Pause Young (Allocation Failure) 181M->138M(237M) 3.750ms
[2026-03-27T03:07:13.772+0900][1.650s][info][gc,cpu      ] GC(9) User=0.00s Sys=0.00s Real=0.00s
[2026-03-27T03:07:13.878+0900][1.756s][info][gc,start    ] GC(10) Pause Young (Allocation Failure)
[2026-03-27T03:07:13.882+0900][1.759s][info][gc,heap     ] GC(10) PSYoungGen: 67596K(68096K)->10304K(68096K) Eden: 58252K(58368K)->0K(57344K) From: 9344K(9728K)->10304K(10752K)
[2026-03-27T03:07:13.882+0900][1.759s][info][gc,heap     ] GC(10) ParOldGen: 131987K(175104K)->144299K(175104K)
[2026-03-27T03:07:13.882+0900][1.759s][info][gc,metaspace] GC(10) Metaspace: 281K(448K)->281K(448K) NonClass: 269K(320K)->269K(320K) Class: 12K(128K)->12K(128K)
[2026-03-27T03:07:13.882+0900][1.759s][info][gc          ] GC(10) Pause Young (Allocation Failure) 194M->150M(237M) 3.159ms
[2026-03-27T03:07:13.882+0900][1.759s][info][gc,cpu      ] GC(10) User=0.00s Sys=0.00s Real=0.00s
[2026-03-27T03:07:13.988+0900][1.865s][info][gc,start    ] GC(11) Pause Young (Allocation Failure)
[2026-03-27T03:07:13.990+0900][1.868s][info][gc,heap     ] GC(11) PSYoungGen: 66489K(68096K)->9600K(66048K) Eden: 56184K(57344K)->0K(56320K) From: 10304K(10752K)->9600K(9728K)
[2026-03-27T03:07:13.991+0900][1.868s][info][gc,heap     ] GC(11) ParOldGen: 144299K(175104K)->158660K(175104K)
[2026-03-27T03:07:13.991+0900][1.868s][info][gc,metaspace] GC(11) Metaspace: 281K(448K)->281K(448K) NonClass: 269K(320K)->269K(320K) Class: 12K(128K)->12K(128K)
[2026-03-27T03:07:13.991+0900][1.868s][info][gc          ] GC(11) Pause Young (Allocation Failure) 205M->164M(235M) 3.004ms
[2026-03-27T03:07:13.991+0900][1.868s][info][gc,cpu      ] GC(11) User=0.00s Sys=0.00s Real=0.00s
[2026-03-27T03:07:13.991+0900][1.868s][info][gc,start    ] GC(12) Pause Full (Ergonomics)
[2026-03-27T03:07:13.991+0900][1.868s][info][gc,phases,start] GC(12) Marking Phase
[2026-03-27T03:07:13.992+0900][1.870s][info][gc,phases      ] GC(12) Marking Phase 1.141ms
[2026-03-27T03:07:13.992+0900][1.870s][info][gc,phases,start] GC(12) Summary Phase
[2026-03-27T03:07:13.992+0900][1.870s][info][gc,phases      ] GC(12) Summary Phase 0.014ms
[2026-03-27T03:07:13.992+0900][1.870s][info][gc,phases,start] GC(12) Adjust Roots
[2026-03-27T03:07:13.992+0900][1.870s][info][gc,phases      ] GC(12) Adjust Roots 0.270ms
[2026-03-27T03:07:13.992+0900][1.870s][info][gc,phases,start] GC(12) Compaction Phase
[2026-03-27T03:07:13.995+0900][1.873s][info][gc,phases      ] GC(12) Compaction Phase 3.229ms
[2026-03-27T03:07:13.995+0900][1.873s][info][gc,phases,start] GC(12) Post Compact
[2026-03-27T03:07:13.997+0900][1.874s][info][gc,phases      ] GC(12) Post Compact 1.127ms
[2026-03-27T03:07:13.997+0900][1.875s][info][gc,heap        ] GC(12) PSYoungGen: 9600K(66048K)->0K(55808K) Eden: 0K(56320K)->0K(55296K) From: 9600K(9728K)->0K(512K)
[2026-03-27T03:07:13.997+0900][1.875s][info][gc,heap        ] GC(12) ParOldGen: 158660K(175104K)->70681K(154624K)
[2026-03-27T03:07:13.997+0900][1.875s][info][gc,metaspace   ] GC(12) Metaspace: 281K(448K)->281K(448K) NonClass: 269K(320K)->269K(320K) Class: 12K(128K)->12K(128K)
[2026-03-27T03:07:13.997+0900][1.875s][info][gc             ] GC(12) Pause Full (Ergonomics) 164M->69M(205M) 6.411ms
[2026-03-27T03:07:13.997+0900][1.875s][info][gc,cpu         ] GC(12) User=0.00s Sys=0.00s Real=0.01s
[2026-03-27T03:07:14.217+0900][2.095s][info][gc,start       ] GC(13) Pause Young (Allocation Failure)
[2026-03-27T03:07:14.218+0900][2.096s][info][gc,heap        ] GC(13) PSYoungGen: 54608K(55808K)->10624K(65024K) Eden: 54608K(55296K)->0K(54272K) From: 0K(512K)->10624K(10752K)
[2026-03-27T03:07:14.218+0900][2.096s][info][gc,heap        ] GC(13) ParOldGen: 70681K(154624K)->74777K(154624K)
[2026-03-27T03:07:14.218+0900][2.096s][info][gc,metaspace   ] GC(13) Metaspace: 281K(448K)->281K(448K) NonClass: 269K(320K)->269K(320K) Class: 12K(128K)->12K(128K)
[2026-03-27T03:07:14.218+0900][2.096s][info][gc             ] GC(13) Pause Young (Allocation Failure) 122M->83M(214M) 1.400ms
[2026-03-27T03:07:14.218+0900][2.096s][info][gc,cpu         ] GC(13) User=0.00s Sys=0.00s Real=0.00s
[2026-03-27T03:07:14.328+0900][2.206s][info][gc,start       ] GC(14) Pause Young (Allocation Failure)
[2026-03-27T03:07:14.330+0900][2.207s][info][gc,heap        ] GC(14) PSYoungGen: 63925K(65024K)->10624K(64000K) Eden: 53301K(54272K)->0K(53248K) From: 10624K(10752K)->10624K(10752K)
[2026-03-27T03:07:14.330+0900][2.207s][info][gc,heap        ] GC(14) ParOldGen: 74777K(154624K)->87089K(154624K)
[2026-03-27T03:07:14.330+0900][2.207s][info][gc,metaspace   ] GC(14) Metaspace: 281K(448K)->281K(448K) NonClass: 269K(320K)->269K(320K) Class: 12K(128K)->12K(128K)
[2026-03-27T03:07:14.330+0900][2.207s][info][gc             ] GC(14) Pause Young (Allocation Failure) 135M->95M(213M) 1.690ms
[2026-03-27T03:07:14.330+0900][2.207s][info][gc,cpu         ] GC(14) User=0.03s Sys=0.03s Real=0.00s
[2026-03-27T03:07:14.437+0900][2.315s][info][gc,start       ] GC(15) Pause Young (Allocation Failure)
[2026-03-27T03:07:14.439+0900][2.317s][info][gc,heap        ] GC(15) PSYoungGen: 63652K(64000K)->10368K(62976K) Eden: 53028K(53248K)->0K(52224K) From: 10624K(10752K)->10368K(10752K)
[2026-03-27T03:07:14.439+0900][2.317s][info][gc,heap        ] GC(15) ParOldGen: 87089K(154624K)->99401K(154624K)
[2026-03-27T03:07:14.439+0900][2.317s][info][gc,metaspace   ] GC(15) Metaspace: 283K(512K)->283K(512K) NonClass: 270K(384K)->270K(384K) Class: 12K(128K)->12K(128K)
[2026-03-27T03:07:14.439+0900][2.317s][info][gc             ] GC(15) Pause Young (Allocation Failure) 147M->107M(212M) 1.618ms
[2026-03-27T03:07:14.439+0900][2.317s][info][gc,cpu         ] GC(15) User=0.05s Sys=0.02s Real=0.00s
[2026-03-27T03:07:14.547+0900][2.425s][info][gc,start       ] GC(16) Pause Young (Allocation Failure)
[2026-03-27T03:07:14.548+0900][2.426s][info][gc,heap        ] GC(16) PSYoungGen: 62592K(62976K)->11392K(62976K) Eden: 52224K(52224K)->0K(51200K) From: 10368K(10752K)->11392K(11776K)
[2026-03-27T03:07:14.548+0900][2.426s][info][gc,heap        ] GC(16) ParOldGen: 99401K(154624K)->110689K(154624K)
[2026-03-27T03:07:14.548+0900][2.426s][info][gc,metaspace   ] GC(16) Metaspace: 283K(512K)->283K(512K) NonClass: 270K(384K)->270K(384K) Class: 12K(128K)->12K(128K)
[2026-03-27T03:07:14.548+0900][2.426s][info][gc             ] GC(16) Pause Young (Allocation Failure) 158M->119M(212M) 1.745ms
[2026-03-27T03:07:14.548+0900][2.426s][info][gc,cpu         ] GC(16) User=0.00s Sys=0.06s Real=0.00s
[2026-03-27T03:07:14.658+0900][2.535s][info][gc,start       ] GC(17) Pause Young (Allocation Failure)
[2026-03-27T03:07:14.659+0900][2.537s][info][gc,heap        ] GC(17) PSYoungGen: 62575K(62976K)->9344K(59904K) Eden: 51183K(51200K)->0K(50176K) From: 11392K(11776K)->9344K(9728K)
[2026-03-27T03:07:14.660+0900][2.537s][info][gc,heap        ] GC(17) ParOldGen: 110689K(154624K)->125050K(154624K)
[2026-03-27T03:07:14.660+0900][2.537s][info][gc,metaspace   ] GC(17) Metaspace: 283K(512K)->283K(512K) NonClass: 270K(384K)->270K(384K) Class: 12K(128K)->12K(128K)
[2026-03-27T03:07:14.660+0900][2.537s][info][gc             ] GC(17) Pause Young (Allocation Failure) 169M->131M(209M) 2.007ms
[2026-03-27T03:07:14.660+0900][2.537s][info][gc,cpu         ] GC(17) User=0.00s Sys=0.00s Real=0.00s
[2026-03-27T03:07:14.767+0900][2.644s][info][gc,start       ] GC(18) Pause Young (Allocation Failure)
[2026-03-27T03:07:14.768+0900][2.646s][info][gc,heap        ] GC(18) PSYoungGen: 59489K(59904K)->11392K(60928K) Eden: 50145K(50176K)->0K(49152K) From: 9344K(9728K)->11392K(11776K)
[2026-03-27T03:07:14.768+0900][2.646s][info][gc,heap        ] GC(18) ParOldGen: 125050K(154624K)->134290K(154624K)
[2026-03-27T03:07:14.768+0900][2.646s][info][gc,metaspace   ] GC(18) Metaspace: 283K(512K)->283K(512K) NonClass: 270K(384K)->270K(384K) Class: 12K(128K)->12K(128K)
[2026-03-27T03:07:14.768+0900][2.646s][info][gc             ] GC(18) Pause Young (Allocation Failure) 180M->142M(210M) 1.640ms
[2026-03-27T03:07:14.768+0900][2.646s][info][gc,cpu         ] GC(18) User=0.00s Sys=0.00s Real=0.00s
[2026-03-27T03:07:14.877+0900][2.754s][info][gc,start       ] GC(19) Pause Young (Allocation Failure)
[2026-03-27T03:07:14.878+0900][2.756s][info][gc,heap        ] GC(19) PSYoungGen: 60496K(60928K)->10368K(58880K) Eden: 49104K(49152K)->0K(48128K) From: 11392K(11776K)->10368K(10752K)
[2026-03-27T03:07:14.878+0900][2.756s][info][gc,heap        ] GC(19) ParOldGen: 134290K(154624K)->146602K(154624K)
[2026-03-27T03:07:14.878+0900][2.756s][info][gc,metaspace   ] GC(19) Metaspace: 283K(512K)->283K(512K) NonClass: 270K(384K)->270K(384K) Class: 12K(128K)->12K(128K)
[2026-03-27T03:07:14.878+0900][2.756s][info][gc             ] GC(19) Pause Young (Allocation Failure) 190M->153M(208M) 1.642ms
[2026-03-27T03:07:14.878+0900][2.756s][info][gc,cpu         ] GC(19) User=0.00s Sys=0.00s Real=0.00s
[2026-03-27T03:07:14.878+0900][2.756s][info][gc,start       ] GC(20) Pause Full (Ergonomics)
[2026-03-27T03:07:14.878+0900][2.756s][info][gc,phases,start] GC(20) Marking Phase
[2026-03-27T03:07:14.880+0900][2.757s][info][gc,phases      ] GC(20) Marking Phase 1.375ms
[2026-03-27T03:07:14.880+0900][2.757s][info][gc,phases,start] GC(20) Summary Phase
[2026-03-27T03:07:14.880+0900][2.757s][info][gc,phases      ] GC(20) Summary Phase 0.010ms
[2026-03-27T03:07:14.880+0900][2.757s][info][gc,phases,start] GC(20) Adjust Roots
[2026-03-27T03:07:14.880+0900][2.757s][info][gc,phases      ] GC(20) Adjust Roots 0.262ms
[2026-03-27T03:07:14.880+0900][2.758s][info][gc,phases,start] GC(20) Compaction Phase
[2026-03-27T03:07:14.883+0900][2.761s][info][gc,phases      ] GC(20) Compaction Phase 3.201ms
[2026-03-27T03:07:14.883+0900][2.761s][info][gc,phases,start] GC(20) Post Compact
[2026-03-27T03:07:14.884+0900][2.761s][info][gc,phases      ] GC(20) Post Compact 0.412ms
[2026-03-27T03:07:14.884+0900][2.761s][info][gc,heap        ] GC(20) PSYoungGen: 10368K(58880K)->0K(47616K) Eden: 0K(48128K)->0K(47104K) From: 10368K(10752K)->0K(512K)
[2026-03-27T03:07:14.884+0900][2.761s][info][gc,heap        ] GC(20) ParOldGen: 146602K(154624K)->72473K(153088K)
[2026-03-27T03:07:14.884+0900][2.761s][info][gc,metaspace   ] GC(20) Metaspace: 283K(512K)->283K(512K) NonClass: 270K(384K)->270K(384K) Class: 12K(128K)->12K(128K)
[2026-03-27T03:07:14.884+0900][2.761s][info][gc             ] GC(20) Pause Full (Ergonomics) 153M->70M(196M) 5.650ms
[2026-03-27T03:07:14.884+0900][2.761s][info][gc,cpu         ] GC(20) User=0.00s Sys=0.00s Real=0.01s
[2026-03-27T03:07:15.105+0900][2.983s][info][gc,start       ] GC(21) Pause Young (Allocation Failure)
[2026-03-27T03:07:15.106+0900][2.984s][info][gc,heap        ] GC(21) PSYoungGen: 45737K(47616K)->11904K(58880K) Eden: 45737K(47104K)->0K(46592K) From: 0K(512K)->11904K(12288K)
[2026-03-27T03:07:15.106+0900][2.984s][info][gc,heap        ] GC(21) ParOldGen: 72473K(153088K)->72473K(153088K)
[2026-03-27T03:07:15.106+0900][2.984s][info][gc,metaspace   ] GC(21) Metaspace: 283K(512K)->283K(512K) NonClass: 270K(384K)->270K(384K) Class: 12K(128K)->12K(128K)
[2026-03-27T03:07:15.106+0900][2.984s][info][gc             ] GC(21) Pause Young (Allocation Failure) 115M->82M(207M) 1.379ms
[2026-03-27T03:07:15.106+0900][2.984s][info][gc,cpu         ] GC(21) User=0.00s Sys=0.00s Real=0.00s
[2026-03-27T03:07:15.215+0900][3.093s][info][gc,start       ] GC(22) Pause Young (Allocation Failure)
[2026-03-27T03:07:15.217+0900][3.095s][info][gc,heap        ] GC(22) PSYoungGen: 58394K(58880K)->10368K(56832K) Eden: 46490K(46592K)->0K(46080K) From: 11904K(12288K)->10368K(10752K)
[2026-03-27T03:07:15.217+0900][3.095s][info][gc,heap        ] GC(22) ParOldGen: 72473K(153088K)->84017K(153088K)
[2026-03-27T03:07:15.217+0900][3.095s][info][gc,metaspace   ] GC(22) Metaspace: 283K(512K)->283K(512K) NonClass: 270K(384K)->270K(384K) Class: 12K(128K)->12K(128K)
[2026-03-27T03:07:15.217+0900][3.095s][info][gc             ] GC(22) Pause Young (Allocation Failure) 127M->92M(205M) 2.693ms
[2026-03-27T03:07:15.217+0900][3.095s][info][gc,cpu         ] GC(22) User=0.00s Sys=0.00s Real=0.00s
[2026-03-27T03:07:15.324+0900][3.201s][info][gc,start       ] GC(23) Pause Young (Allocation Failure)
[2026-03-27T03:07:15.326+0900][3.203s][info][gc,heap        ] GC(23) PSYoungGen: 56339K(56832K)->10368K(57344K) Eden: 45971K(46080K)->0K(45568K) From: 10368K(10752K)->10368K(11776K)
[2026-03-27T03:07:15.326+0900][3.203s][info][gc,heap        ] GC(23) ParOldGen: 84017K(153088K)->94281K(153088K)
[2026-03-27T03:07:15.326+0900][3.204s][info][gc,metaspace   ] GC(23) Metaspace: 283K(512K)->283K(512K) NonClass: 270K(384K)->270K(384K) Class: 12K(128K)->12K(128K)
[2026-03-27T03:07:15.326+0900][3.204s][info][gc             ] GC(23) Pause Young (Allocation Failure) 137M->102M(205M) 2.047ms
[2026-03-27T03:07:15.326+0900][3.204s][info][gc,cpu         ] GC(23) User=0.00s Sys=0.00s Real=0.00s
[2026-03-27T03:07:15.432+0900][3.309s][info][gc,start       ] GC(24) Pause Young (Allocation Failure)
[2026-03-27T03:07:15.433+0900][3.310s][info][gc,heap        ] GC(24) PSYoungGen: 55051K(57344K)->10624K(55808K) Eden: 44682K(45568K)->0K(45056K) From: 10368K(11776K)->10624K(10752K)
[2026-03-27T03:07:15.433+0900][3.310s][info][gc,heap        ] GC(24) ParOldGen: 94281K(153088K)->104545K(153088K)
[2026-03-27T03:07:15.433+0900][3.310s][info][gc,metaspace   ] GC(24) Metaspace: 283K(512K)->283K(512K) NonClass: 270K(384K)->270K(384K) Class: 12K(128K)->12K(128K)
[2026-03-27T03:07:15.433+0900][3.310s][info][gc             ] GC(24) Pause Young (Allocation Failure) 145M->112M(204M) 1.249ms
[2026-03-27T03:07:15.433+0900][3.310s][info][gc,cpu         ] GC(24) User=0.00s Sys=0.00s Real=0.00s
[2026-03-27T03:07:15.541+0900][3.419s][info][gc,start       ] GC(25) Pause Young (Allocation Failure)
[2026-03-27T03:07:15.542+0900][3.420s][info][gc,heap        ] GC(25) PSYoungGen: 54786K(55808K)->10624K(56320K) Eden: 44162K(45056K)->0K(44544K) From: 10624K(10752K)->10624K(11776K)
[2026-03-27T03:07:15.542+0900][3.420s][info][gc,heap        ] GC(25) ParOldGen: 104545K(153088K)->114810K(153088K)
[2026-03-27T03:07:15.542+0900][3.420s][info][gc,metaspace   ] GC(25) Metaspace: 283K(512K)->283K(512K) NonClass: 270K(384K)->270K(384K) Class: 12K(128K)->12K(128K)
[2026-03-27T03:07:15.543+0900][3.421s][info][gc             ] GC(25) Pause Young (Allocation Failure) 155M->122M(204M) 1.990ms
[2026-03-27T03:07:15.543+0900][3.421s][info][gc,cpu         ] GC(25) User=0.00s Sys=0.00s Real=0.00s
[2026-03-27T03:07:15.652+0900][3.529s][info][gc,start       ] GC(26) Pause Young (Allocation Failure)
[2026-03-27T03:07:15.654+0900][3.532s][info][gc,heap        ] GC(26) PSYoungGen: 54776K(56320K)->10624K(54784K) Eden: 44152K(44544K)->0K(44032K) From: 10624K(11776K)->10624K(10752K)
[2026-03-27T03:07:15.654+0900][3.532s][info][gc,heap        ] GC(26) ParOldGen: 114810K(153088K)->125074K(153088K)
[2026-03-27T03:07:15.654+0900][3.532s][info][gc,metaspace   ] GC(26) Metaspace: 283K(512K)->283K(512K) NonClass: 270K(384K)->270K(384K) Class: 12K(128K)->12K(128K)
[2026-03-27T03:07:15.654+0900][3.532s][info][gc             ] GC(26) Pause Young (Allocation Failure) 165M->132M(203M) 2.743ms
[2026-03-27T03:07:15.654+0900][3.532s][info][gc,cpu         ] GC(26) User=0.00s Sys=0.00s Real=0.00s
[2026-03-27T03:07:15.760+0900][3.637s][info][gc,start       ] GC(27) Pause Young (Allocation Failure)
[2026-03-27T03:07:15.762+0900][3.640s][info][gc,heap        ] GC(27) PSYoungGen: 54511K(54784K)->10368K(54784K) Eden: 43887K(44032K)->0K(43520K) From: 10624K(10752K)->10368K(11264K)
[2026-03-27T03:07:15.762+0900][3.640s][info][gc,heap        ] GC(27) ParOldGen: 125074K(153088K)->135338K(153088K)
[2026-03-27T03:07:15.762+0900][3.640s][info][gc,metaspace   ] GC(27) Metaspace: 283K(512K)->283K(512K) NonClass: 270K(384K)->270K(384K) Class: 12K(128K)->12K(128K)
[2026-03-27T03:07:15.762+0900][3.640s][info][gc             ] GC(27) Pause Young (Allocation Failure) 175M->142M(203M) 2.758ms
[2026-03-27T03:07:15.762+0900][3.640s][info][gc,cpu         ] GC(27) User=0.00s Sys=0.00s Real=0.00s
[2026-03-27T03:07:15.867+0900][3.745s][info][gc,start       ] GC(28) Pause Young (Allocation Failure)
[2026-03-27T03:07:15.868+0900][3.746s][info][gc,heap        ] GC(28) PSYoungGen: 53733K(54784K)->10368K(53760K) Eden: 43365K(43520K)->0K(43008K) From: 10368K(11264K)->10368K(10752K)
[2026-03-27T03:07:15.868+0900][3.746s][info][gc,heap        ] GC(28) ParOldGen: 135338K(153088K)->145602K(153088K)
[2026-03-27T03:07:15.868+0900][3.746s][info][gc,metaspace   ] GC(28) Metaspace: 283K(512K)->283K(512K) NonClass: 270K(384K)->270K(384K) Class: 12K(128K)->12K(128K)
[2026-03-27T03:07:15.868+0900][3.746s][info][gc             ] GC(28) Pause Young (Allocation Failure) 184M->152M(202M) 1.130ms
[2026-03-27T03:07:15.868+0900][3.746s][info][gc,cpu         ] GC(28) User=0.00s Sys=0.00s Real=0.00s
[2026-03-27T03:07:15.868+0900][3.747s][info][gc,start       ] GC(29) Pause Full (Ergonomics)
[2026-03-27T03:07:15.868+0900][3.747s][info][gc,phases,start] GC(29) Marking Phase
[2026-03-27T03:07:15.869+0900][3.747s][info][gc,phases      ] GC(29) Marking Phase 0.832ms
[2026-03-27T03:07:15.869+0900][3.747s][info][gc,phases,start] GC(29) Summary Phase
[2026-03-27T03:07:15.869+0900][3.747s][info][gc,phases      ] GC(29) Summary Phase 0.009ms
[2026-03-27T03:07:15.869+0900][3.747s][info][gc,phases,start] GC(29) Adjust Roots
[2026-03-27T03:07:15.869+0900][3.747s][info][gc,phases      ] GC(29) Adjust Roots 0.118ms
[2026-03-27T03:07:15.869+0900][3.748s][info][gc,phases,start] GC(29) Compaction Phase
[2026-03-27T03:07:15.872+0900][3.750s][info][gc,phases      ] GC(29) Compaction Phase 2.605ms
[2026-03-27T03:07:15.872+0900][3.750s][info][gc,phases,start] GC(29) Post Compact
[2026-03-27T03:07:15.872+0900][3.751s][info][gc,phases      ] GC(29) Post Compact 0.433ms
[2026-03-27T03:07:15.874+0900][3.752s][info][gc,heap        ] GC(29) PSYoungGen: 10368K(53760K)->0K(53760K) Eden: 0K(43008K)->0K(42496K) From: 10368K(10752K)->0K(11264K)
[2026-03-27T03:07:15.874+0900][3.752s][info][gc,heap        ] GC(29) ParOldGen: 145602K(153088K)->63256K(138752K)
[2026-03-27T03:07:15.874+0900][3.752s][info][gc,metaspace   ] GC(29) Metaspace: 283K(512K)->283K(512K) NonClass: 270K(384K)->270K(384K) Class: 12K(128K)->12K(128K)
[2026-03-27T03:07:15.874+0900][3.752s][info][gc             ] GC(29) Pause Full (Ergonomics) 152M->61M(188M) 5.294ms
[2026-03-27T03:07:15.874+0900][3.752s][info][gc,cpu         ] GC(29) User=0.00s Sys=0.00s Real=0.01s
[2026-03-27T03:07:15.992+0900][3.870s][info][gc,start       ] GC(30) Pause Young (Allocation Failure)
[2026-03-27T03:07:15.993+0900][3.871s][info][gc,heap        ] GC(30) PSYoungGen: 40529K(53760K)->10880K(53248K) Eden: 40529K(42496K)->0K(41984K) From: 0K(11264K)->10880K(11264K)
[2026-03-27T03:07:15.993+0900][3.871s][info][gc,heap        ] GC(30) ParOldGen: 63256K(138752K)->63256K(138752K)
[2026-03-27T03:07:15.993+0900][3.871s][info][gc,metaspace   ] GC(30) Metaspace: 283K(512K)->283K(512K) NonClass: 270K(384K)->270K(384K) Class: 12K(128K)->12K(128K)
[2026-03-27T03:07:15.993+0900][3.871s][info][gc             ] GC(30) Pause Young (Allocation Failure) 101M->72M(187M) 1.345ms
[2026-03-27T03:07:15.993+0900][3.871s][info][gc,cpu         ] GC(30) User=0.00s Sys=0.00s Real=0.00s
[2026-03-27T03:07:15.998+0900][3.875s][info][gc,start       ] GC(31) Pause Young (Allocation Failure)
[2026-03-27T03:07:15.999+0900][3.876s][info][gc,heap        ] GC(31) PSYoungGen: 52673K(53248K)->9344K(52736K) Eden: 41793K(41984K)->0K(41472K) From: 10880K(11264K)->9344K(11264K)
[2026-03-27T03:07:15.999+0900][3.877s][info][gc,heap        ] GC(31) ParOldGen: 63256K(138752K)->73776K(138752K)
[2026-03-27T03:07:15.999+0900][3.877s][info][gc,metaspace   ] GC(31) Metaspace: 283K(512K)->283K(512K) NonClass: 270K(384K)->270K(384K) Class: 12K(128K)->12K(128K)
[2026-03-27T03:07:15.999+0900][3.877s][info][gc             ] GC(31) Pause Young (Allocation Failure) 113M->81M(187M) 1.329ms
[2026-03-27T03:07:15.999+0900][3.877s][info][gc,cpu         ] GC(31) User=0.00s Sys=0.00s Real=0.00s
[2026-03-27T03:07:16.104+0900][3.981s][info][gc,start       ] GC(32) Pause Young (Allocation Failure)
[2026-03-27T03:07:16.105+0900][3.983s][info][gc,heap        ] GC(32) PSYoungGen: 50617K(52736K)->9312K(50688K) Eden: 41273K(41472K)->0K(40960K) From: 9344K(11264K)->9312K(9728K)
[2026-03-27T03:07:16.105+0900][3.983s][info][gc,heap        ] GC(32) ParOldGen: 73776K(138752K)->83008K(138752K)
[2026-03-27T03:07:16.105+0900][3.983s][info][gc,metaspace   ] GC(32) Metaspace: 283K(512K)->283K(512K) NonClass: 270K(384K)->270K(384K) Class: 12K(128K)->12K(128K)
[2026-03-27T03:07:16.105+0900][3.983s][info][gc             ] GC(32) Pause Young (Allocation Failure) 121M->90M(185M) 1.630ms
[2026-03-27T03:07:16.105+0900][3.983s][info][gc,cpu         ] GC(32) User=0.00s Sys=0.00s Real=0.00s
[2026-03-27T03:07:16.213+0900][4.091s][info][gc,start       ] GC(33) Pause Young (Allocation Failure)
[2026-03-27T03:07:16.215+0900][4.092s][info][gc,heap        ] GC(33) PSYoungGen: 50065K(50688K)->9344K(51712K) Eden: 40753K(40960K)->0K(40448K) From: 9312K(9728K)->9344K(11264K)
[2026-03-27T03:07:16.215+0900][4.092s][info][gc,heap        ] GC(33) ParOldGen: 83008K(138752K)->92249K(138752K)
[2026-03-27T03:07:16.215+0900][4.092s][info][gc,metaspace   ] GC(33) Metaspace: 283K(512K)->283K(512K) NonClass: 270K(384K)->270K(384K) Class: 12K(128K)->12K(128K)
[2026-03-27T03:07:16.215+0900][4.092s][info][gc             ] GC(33) Pause Young (Allocation Failure) 129M->99M(186M) 1.628ms
[2026-03-27T03:07:16.215+0900][4.092s][info][gc,cpu         ] GC(33) User=0.00s Sys=0.00s Real=0.00s
[2026-03-27T03:07:16.323+0900][4.200s][info][gc,start       ] GC(34) Pause Young (Allocation Failure)
[2026-03-27T03:07:16.324+0900][4.201s][info][gc,heap        ] GC(34) PSYoungGen: 49576K(51712K)->10368K(50688K) Eden: 40231K(40448K)->0K(39936K) From: 9344K(11264K)->10368K(10752K)
[2026-03-27T03:07:16.324+0900][4.201s][info][gc,heap        ] GC(34) ParOldGen: 92249K(138752K)->101489K(138752K)
[2026-03-27T03:07:16.324+0900][4.201s][info][gc,metaspace   ] GC(34) Metaspace: 283K(512K)->283K(512K) NonClass: 270K(384K)->270K(384K) Class: 12K(128K)->12K(128K)
[2026-03-27T03:07:16.324+0900][4.201s][info][gc             ] GC(34) Pause Young (Allocation Failure) 138M->109M(185M) 1.105ms
[2026-03-27T03:07:16.324+0900][4.201s][info][gc,cpu         ] GC(34) User=0.00s Sys=0.00s Real=0.00s
[2026-03-27T03:07:16.429+0900][4.307s][info][gc,start       ] GC(35) Pause Young (Allocation Failure)
[2026-03-27T03:07:16.430+0900][4.308s][info][gc,heap        ] GC(35) PSYoungGen: 49310K(50688K)->8576K(51200K) Eden: 38942K(39936K)->0K(39424K) From: 10368K(10752K)->8576K(11776K)
[2026-03-27T03:07:16.430+0900][4.308s][info][gc,heap        ] GC(35) ParOldGen: 101489K(138752K)->111753K(138752K)
[2026-03-27T03:07:16.430+0900][4.308s][info][gc,metaspace   ] GC(35) Metaspace: 283K(512K)->283K(512K) NonClass: 270K(384K)->270K(384K) Class: 12K(128K)->12K(128K)
[2026-03-27T03:07:16.430+0900][4.308s][info][gc             ] GC(35) Pause Young (Allocation Failure) 147M->117M(185M) 1.449ms
[2026-03-27T03:07:16.430+0900][4.308s][info][gc,cpu         ] GC(35) User=0.00s Sys=0.00s Real=0.00s
[2026-03-27T03:07:16.538+0900][4.415s][info][gc,start       ] GC(36) Pause Young (Allocation Failure)
[2026-03-27T03:07:16.539+0900][4.417s][info][gc,heap        ] GC(36) PSYoungGen: 47015K(51200K)->9600K(48640K) Eden: 38439K(39424K)->0K(38912K) From: 8576K(11776K)->9600K(9728K)
[2026-03-27T03:07:16.539+0900][4.417s][info][gc,heap        ] GC(36) ParOldGen: 111753K(138752K)->119969K(138752K)
[2026-03-27T03:07:16.540+0900][4.417s][info][gc,metaspace   ] GC(36) Metaspace: 283K(512K)->283K(512K) NonClass: 270K(384K)->270K(384K) Class: 12K(128K)->12K(128K)
[2026-03-27T03:07:16.540+0900][4.417s][info][gc             ] GC(36) Pause Young (Allocation Failure) 155M->126M(183M) 1.490ms
[2026-03-27T03:07:16.540+0900][4.417s][info][gc,cpu         ] GC(36) User=0.00s Sys=0.00s Real=0.00s
[2026-03-27T03:07:16.647+0900][4.524s][info][gc,start       ] GC(37) Pause Young (Allocation Failure)
[2026-03-27T03:07:16.648+0900][4.526s][info][gc,heap        ] GC(37) PSYoungGen: 48512K(48640K)->9344K(49664K) Eden: 38912K(38912K)->0K(38400K) From: 9600K(9728K)->9344K(11264K)
[2026-03-27T03:07:16.648+0900][4.526s][info][gc,heap        ] GC(37) ParOldGen: 119969K(138752K)->129209K(138752K)
[2026-03-27T03:07:16.648+0900][4.526s][info][gc,metaspace   ] GC(37) Metaspace: 283K(512K)->283K(512K) NonClass: 270K(384K)->270K(384K) Class: 12K(128K)->12K(128K)
[2026-03-27T03:07:16.648+0900][4.526s][info][gc             ] GC(37) Pause Young (Allocation Failure) 164M->135M(184M) 1.878ms
[2026-03-27T03:07:16.648+0900][4.526s][info][gc,cpu         ] GC(37) User=0.00s Sys=0.00s Real=0.00s
[2026-03-27T03:07:16.648+0900][4.526s][info][gc,start       ] GC(38) Pause Full (Ergonomics)
[2026-03-27T03:07:16.648+0900][4.526s][info][gc,phases,start] GC(38) Marking Phase
[2026-03-27T03:07:16.650+0900][4.527s][info][gc,phases      ] GC(38) Marking Phase 1.180ms
[2026-03-27T03:07:16.650+0900][4.527s][info][gc,phases,start] GC(38) Summary Phase
[2026-03-27T03:07:16.650+0900][4.527s][info][gc,phases      ] GC(38) Summary Phase 0.013ms
[2026-03-27T03:07:16.650+0900][4.527s][info][gc,phases,start] GC(38) Adjust Roots
[2026-03-27T03:07:16.650+0900][4.527s][info][gc,phases      ] GC(38) Adjust Roots 0.157ms
[2026-03-27T03:07:16.650+0900][4.527s][info][gc,phases,start] GC(38) Compaction Phase
[2026-03-27T03:07:16.653+0900][4.530s][info][gc,phases      ] GC(38) Compaction Phase 2.682ms
[2026-03-27T03:07:16.653+0900][4.530s][info][gc,phases,start] GC(38) Post Compact
[2026-03-27T03:07:16.653+0900][4.530s][info][gc,phases      ] GC(38) Post Compact 0.370ms
[2026-03-27T03:07:16.653+0900][4.530s][info][gc,heap        ] GC(38) PSYoungGen: 9344K(49664K)->0K(38400K) Eden: 0K(38400K)->0K(37888K) From: 9344K(11264K)->0K(512K)
[2026-03-27T03:07:16.653+0900][4.530s][info][gc,heap        ] GC(38) ParOldGen: 129209K(138752K)->66328K(138240K)
[2026-03-27T03:07:16.653+0900][4.530s][info][gc,metaspace   ] GC(38) Metaspace: 283K(512K)->283K(512K) NonClass: 270K(384K)->270K(384K) Class: 12K(128K)->12K(128K)
[2026-03-27T03:07:16.653+0900][4.530s][info][gc             ] GC(38) Pause Full (Ergonomics) 135M->64M(172M) 4.629ms
[2026-03-27T03:07:16.653+0900][4.530s][info][gc,cpu         ] GC(38) User=0.00s Sys=0.00s Real=0.01s
[2026-03-27T03:07:16.770+0900][4.648s][info][gc,start       ] GC(39) Pause Young (Allocation Failure)
[2026-03-27T03:07:16.771+0900][4.649s][info][gc,heap        ] GC(39) PSYoungGen: 37877K(38400K)->9600K(48640K) Eden: 37877K(37888K)->0K(37376K) From: 0K(512K)->9600K(11264K)
[2026-03-27T03:07:16.771+0900][4.649s][info][gc,heap        ] GC(39) ParOldGen: 66328K(138240K)->66328K(138240K)
[2026-03-27T03:07:16.771+0900][4.649s][info][gc,metaspace   ] GC(39) Metaspace: 283K(512K)->283K(512K) NonClass: 270K(384K)->270K(384K) Class: 12K(128K)->12K(128K)
[2026-03-27T03:07:16.771+0900][4.649s][info][gc             ] GC(39) Pause Young (Allocation Failure) 101M->74M(182M) 1.453ms
[2026-03-27T03:07:16.772+0900][4.649s][info][gc,cpu         ] GC(39) User=0.00s Sys=0.00s Real=0.00s
[2026-03-27T03:07:16.879+0900][4.757s][info][gc,start       ] GC(40) Pause Young (Allocation Failure)
[2026-03-27T03:07:16.881+0900][4.759s][info][gc,heap        ] GC(40) PSYoungGen: 46950K(48640K)->8320K(45568K) Eden: 37350K(37376K)->0K(36864K) From: 9600K(11264K)->8320K(8704K)
[2026-03-27T03:07:16.881+0900][4.759s][info][gc,heap        ] GC(40) ParOldGen: 66328K(138240K)->75825K(138240K)
[2026-03-27T03:07:16.881+0900][4.759s][info][gc,metaspace   ] GC(40) Metaspace: 283K(512K)->283K(512K) NonClass: 270K(384K)->270K(384K) Class: 12K(128K)->12K(128K)
[2026-03-27T03:07:16.881+0900][4.759s][info][gc             ] GC(40) Pause Young (Allocation Failure) 110M->82M(179M) 2.246ms
[2026-03-27T03:07:16.881+0900][4.759s][info][gc,cpu         ] GC(40) User=0.00s Sys=0.00s Real=0.00s
[2026-03-27T03:07:16.886+0900][4.763s][info][gc,start       ] GC(41) Pause Young (Allocation Failure)
[2026-03-27T03:07:16.886+0900][4.764s][info][gc,heap        ] GC(41) PSYoungGen: 45149K(45568K)->8320K(47616K) Eden: 36829K(36864K)->0K(36352K) From: 8320K(8704K)->8320K(11264K)
[2026-03-27T03:07:16.886+0900][4.764s][info][gc,heap        ] GC(41) ParOldGen: 75825K(138240K)->84041K(138240K)
[2026-03-27T03:07:16.886+0900][4.764s][info][gc,metaspace   ] GC(41) Metaspace: 283K(512K)->283K(512K) NonClass: 270K(384K)->270K(384K) Class: 12K(128K)->12K(128K)
[2026-03-27T03:07:16.886+0900][4.764s][info][gc             ] GC(41) Pause Young (Allocation Failure) 118M->90M(181M) 1.175ms
[2026-03-27T03:07:16.886+0900][4.764s][info][gc,cpu         ] GC(41) User=0.00s Sys=0.00s Real=0.00s
[2026-03-27T03:07:17.006+0900][4.883s][info][gc,start       ] GC(42) Pause Young (Allocation Failure)
[2026-03-27T03:07:17.007+0900][4.885s][info][gc,heap        ] GC(42) PSYoungGen: 43859K(47616K)->8576K(44544K) Eden: 35539K(36352K)->0K(35840K) From: 8320K(11264K)->8576K(8704K)
[2026-03-27T03:07:17.007+0900][4.885s][info][gc,heap        ] GC(42) ParOldGen: 84041K(138240K)->92257K(138240K)
[2026-03-27T03:07:17.007+0900][4.885s][info][gc,metaspace   ] GC(42) Metaspace: 283K(512K)->283K(512K) NonClass: 270K(384K)->270K(384K) Class: 12K(128K)->12K(128K)
[2026-03-27T03:07:17.007+0900][4.885s][info][gc             ] GC(42) Pause Young (Allocation Failure) 124M->98M(178M) 1.533ms
[2026-03-27T03:07:17.007+0900][4.885s][info][gc,cpu         ] GC(42) User=0.00s Sys=0.00s Real=0.00s
[2026-03-27T03:07:17.113+0900][4.991s][info][gc,start       ] GC(43) Pause Young (Allocation Failure)
[2026-03-27T03:07:17.115+0900][4.992s][info][gc,heap        ] GC(43) PSYoungGen: 43593K(44544K)->8576K(46592K) Eden: 35017K(35840K)->0K(35328K) From: 8576K(8704K)->8576K(11264K)
[2026-03-27T03:07:17.115+0900][4.992s][info][gc,heap        ] GC(43) ParOldGen: 92257K(138240K)->100473K(138240K)
[2026-03-27T03:07:17.115+0900][4.992s][info][gc,metaspace   ] GC(43) Metaspace: 283K(512K)->283K(512K) NonClass: 270K(384K)->270K(384K) Class: 12K(128K)->12K(128K)
[2026-03-27T03:07:17.115+0900][4.992s][info][gc             ] GC(43) Pause Young (Allocation Failure) 132M->106M(180M) 1.300ms
[2026-03-27T03:07:17.115+0900][4.992s][info][gc,cpu         ] GC(43) User=0.00s Sys=0.00s Real=0.00s
[2026-03-27T03:07:17.222+0900][5.099s][info][gc,start       ] GC(44) Pause Young (Allocation Failure)
[2026-03-27T03:07:17.223+0900][5.101s][info][gc,heap        ] GC(44) PSYoungGen: 42303K(46592K)->8576K(43520K) Eden: 33727K(35328K)->0K(34816K) From: 8576K(11264K)->8576K(8704K)
[2026-03-27T03:07:17.223+0900][5.101s][info][gc,heap        ] GC(44) ParOldGen: 100473K(138240K)->108689K(138240K)
[2026-03-27T03:07:17.223+0900][5.101s][info][gc,metaspace   ] GC(44) Metaspace: 283K(512K)->283K(512K) NonClass: 270K(384K)->270K(384K) Class: 12K(128K)->12K(128K)
[2026-03-27T03:07:17.223+0900][5.101s][info][gc             ] GC(44) Pause Young (Allocation Failure) 139M->114M(177M) 1.668ms
[2026-03-27T03:07:17.223+0900][5.101s][info][gc,cpu         ] GC(44) User=0.00s Sys=0.00s Real=0.00s
[2026-03-27T03:07:17.330+0900][5.207s][info][gc,start       ] GC(45) Pause Young (Allocation Failure)
[2026-03-27T03:07:17.332+0900][5.209s][info][gc,heap        ] GC(45) PSYoungGen: 42293K(43520K)->8544K(45568K) Eden: 33717K(34816K)->0K(34304K) From: 8576K(8704K)->8544K(11264K)
[2026-03-27T03:07:17.332+0900][5.209s][info][gc,heap        ] GC(45) ParOldGen: 108689K(138240K)->116905K(138240K)
[2026-03-27T03:07:17.332+0900][5.209s][info][gc,metaspace   ] GC(45) Metaspace: 283K(512K)->283K(512K) NonClass: 270K(384K)->270K(384K) Class: 12K(128K)->12K(128K)
[2026-03-27T03:07:17.332+0900][5.209s][info][gc             ] GC(45) Pause Young (Allocation Failure) 147M->122M(179M) 2.103ms
[2026-03-27T03:07:17.332+0900][5.209s][info][gc,cpu         ] GC(45) User=0.00s Sys=0.00s Real=0.00s
[2026-03-27T03:07:17.336+0900][5.213s][info][gc,start       ] GC(46) Pause Young (Allocation Failure)
[2026-03-27T03:07:17.337+0900][5.215s][info][gc,heap        ] GC(46) PSYoungGen: 41227K(45568K)->7552K(41472K) Eden: 32683K(34304K)->0K(33792K) From: 8544K(11264K)->7552K(7680K)
[2026-03-27T03:07:17.337+0900][5.215s][info][gc,heap        ] GC(46) ParOldGen: 116905K(138240K)->125121K(138240K)
[2026-03-27T03:07:17.337+0900][5.215s][info][gc,metaspace   ] GC(46) Metaspace: 283K(512K)->283K(512K) NonClass: 270K(384K)->270K(384K) Class: 12K(128K)->12K(128K)
[2026-03-27T03:07:17.337+0900][5.215s][info][gc             ] GC(46) Pause Young (Allocation Failure) 154M->129M(175M) 1.542ms
[2026-03-27T03:07:17.337+0900][5.215s][info][gc,cpu         ] GC(46) User=0.00s Sys=0.00s Real=0.00s
[2026-03-27T03:07:17.456+0900][5.333s][info][gc,start       ] GC(47) Pause Young (Allocation Failure)
[2026-03-27T03:07:17.457+0900][5.335s][info][gc,heap        ] GC(47) PSYoungGen: 41249K(41472K)->8576K(44544K) Eden: 33697K(33792K)->0K(33280K) From: 7552K(7680K)->8576K(11264K)
[2026-03-27T03:07:17.457+0900][5.335s][info][gc,heap        ] GC(47) ParOldGen: 125121K(138240K)->132313K(138240K)
[2026-03-27T03:07:17.457+0900][5.335s][info][gc,metaspace   ] GC(47) Metaspace: 283K(512K)->283K(512K) NonClass: 270K(384K)->270K(384K) Class: 12K(128K)->12K(128K)
[2026-03-27T03:07:17.457+0900][5.335s][info][gc             ] GC(47) Pause Young (Allocation Failure) 162M->137M(178M) 1.267ms
[2026-03-27T03:07:17.457+0900][5.335s][info][gc,cpu         ] GC(47) User=0.00s Sys=0.00s Real=0.00s
[2026-03-27T03:07:17.457+0900][5.335s][info][gc,start       ] GC(48) Pause Full (Ergonomics)
[2026-03-27T03:07:17.457+0900][5.335s][info][gc,phases,start] GC(48) Marking Phase
[2026-03-27T03:07:17.458+0900][5.336s][info][gc,phases      ] GC(48) Marking Phase 1.078ms
[2026-03-27T03:07:17.458+0900][5.336s][info][gc,phases,start] GC(48) Summary Phase
[2026-03-27T03:07:17.458+0900][5.336s][info][gc,phases      ] GC(48) Summary Phase 0.009ms
[2026-03-27T03:07:17.458+0900][5.336s][info][gc,phases,start] GC(48) Adjust Roots
[2026-03-27T03:07:17.458+0900][5.336s][info][gc,phases      ] GC(48) Adjust Roots 0.163ms
[2026-03-27T03:07:17.458+0900][5.336s][info][gc,phases,start] GC(48) Compaction Phase
[2026-03-27T03:07:17.461+0900][5.339s][info][gc,phases      ] GC(48) Compaction Phase 3.044ms
[2026-03-27T03:07:17.461+0900][5.339s][info][gc,phases,start] GC(48) Post Compact
[2026-03-27T03:07:17.462+0900][5.339s][info][gc,phases      ] GC(48) Post Compact 0.359ms
[2026-03-27T03:07:17.462+0900][5.340s][info][gc,heap        ] GC(48) PSYoungGen: 8576K(44544K)->0K(33280K) Eden: 0K(33280K)->0K(32768K) From: 8576K(11264K)->0K(512K)
[2026-03-27T03:07:17.462+0900][5.340s][info][gc,heap        ] GC(48) ParOldGen: 132313K(138240K)->68634K(137216K)
[2026-03-27T03:07:17.462+0900][5.340s][info][gc,metaspace   ] GC(48) Metaspace: 283K(512K)->283K(512K) NonClass: 270K(384K)->270K(384K) Class: 12K(128K)->12K(128K)
[2026-03-27T03:07:17.462+0900][5.340s][info][gc             ] GC(48) Pause Full (Ergonomics) 137M->67M(166M) 4.974ms
[2026-03-27T03:07:17.462+0900][5.340s][info][gc,cpu         ] GC(48) User=0.00s Sys=0.00s Real=0.00s
[2026-03-27T03:07:17.579+0900][5.457s][info][gc,start       ] GC(49) Pause Young (Allocation Failure)
[2026-03-27T03:07:17.581+0900][5.459s][info][gc,heap        ] GC(49) PSYoungGen: 32653K(33280K)->9568K(43520K) Eden: 32653K(32768K)->0K(32256K) From: 0K(512K)->9568K(11264K)
[2026-03-27T03:07:17.581+0900][5.459s][info][gc,heap        ] GC(49) ParOldGen: 68634K(137216K)->68634K(137216K)
[2026-03-27T03:07:17.581+0900][5.459s][info][gc,metaspace   ] GC(49) Metaspace: 283K(512K)->283K(512K) NonClass: 270K(384K)->270K(384K) Class: 12K(128K)->12K(128K)
[2026-03-27T03:07:17.581+0900][5.459s][info][gc             ] GC(49) Pause Young (Allocation Failure) 98M->76M(176M) 1.389ms
[2026-03-27T03:07:17.581+0900][5.459s][info][gc,cpu         ] GC(49) User=0.00s Sys=0.00s Real=0.00s
[2026-03-27T03:07:17.584+0900][5.462s][info][gc,start       ] GC(50) Pause Young (Allocation Failure)
[2026-03-27T03:07:17.586+0900][5.463s][info][gc,heap        ] GC(50) PSYoungGen: 41695K(43520K)->7296K(39424K) Eden: 32127K(32256K)->0K(31744K) From: 9568K(11264K)->7296K(7680K)
[2026-03-27T03:07:17.586+0900][5.463s][info][gc,heap        ] GC(50) ParOldGen: 68634K(137216K)->77874K(137216K)
[2026-03-27T03:07:17.586+0900][5.463s][info][gc,metaspace   ] GC(50) Metaspace: 283K(512K)->283K(512K) NonClass: 270K(384K)->270K(384K) Class: 12K(128K)->12K(128K)
[2026-03-27T03:07:17.586+0900][5.463s][info][gc             ] GC(50) Pause Young (Allocation Failure) 107M->83M(172M) 1.173ms
[2026-03-27T03:07:17.586+0900][5.463s][info][gc,cpu         ] GC(50) User=0.00s Sys=0.00s Real=0.00s
[2026-03-27T03:07:17.691+0900][5.568s][info][gc,start       ] GC(51) Pause Young (Allocation Failure)
[2026-03-27T03:07:17.692+0900][5.570s][info][gc,heap        ] GC(51) PSYoungGen: 38903K(39424K)->7296K(42496K) Eden: 31607K(31744K)->0K(31232K) From: 7296K(7680K)->7296K(11264K)
[2026-03-27T03:07:17.692+0900][5.570s][info][gc,heap        ] GC(51) ParOldGen: 77874K(137216K)->85066K(137216K)
[2026-03-27T03:07:17.692+0900][5.570s][info][gc,metaspace   ] GC(51) Metaspace: 283K(512K)->283K(512K) NonClass: 270K(384K)->270K(384K) Class: 12K(128K)->12K(128K)
[2026-03-27T03:07:17.692+0900][5.570s][info][gc             ] GC(51) Pause Young (Allocation Failure) 114M->90M(175M) 1.216ms
[2026-03-27T03:07:17.692+0900][5.570s][info][gc,cpu         ] GC(51) User=0.00s Sys=0.00s Real=0.00s
[2026-03-27T03:07:17.799+0900][5.676s][info][gc,start       ] GC(52) Pause Young (Allocation Failure)
[2026-03-27T03:07:17.800+0900][5.678s][info][gc,heap        ] GC(52) PSYoungGen: 38381K(42496K)->7296K(38400K) Eden: 31085K(31232K)->0K(30720K) From: 7296K(11264K)->7296K(7680K)
[2026-03-27T03:07:17.800+0900][5.678s][info][gc,heap        ] GC(52) ParOldGen: 85066K(137216K)->92258K(137216K)
[2026-03-27T03:07:17.800+0900][5.678s][info][gc,metaspace   ] GC(52) Metaspace: 283K(512K)->283K(512K) NonClass: 270K(384K)->270K(384K) Class: 12K(128K)->12K(128K)
[2026-03-27T03:07:17.800+0900][5.678s][info][gc             ] GC(52) Pause Young (Allocation Failure) 120M->97M(171M) 1.464ms
[2026-03-27T03:07:17.800+0900][5.678s][info][gc,cpu         ] GC(52) User=0.00s Sys=0.00s Real=0.00s
[2026-03-27T03:07:17.905+0900][5.783s][info][gc,start       ] GC(53) Pause Young (Allocation Failure)
[2026-03-27T03:07:17.907+0900][5.785s][info][gc,heap        ] GC(53) PSYoungGen: 37860K(38400K)->7296K(41472K) Eden: 30564K(30720K)->0K(30208K) From: 7296K(7680K)->7296K(11264K)
[2026-03-27T03:07:17.907+0900][5.785s][info][gc,heap        ] GC(53) ParOldGen: 92258K(137216K)->99450K(137216K)
[2026-03-27T03:07:17.907+0900][5.785s][info][gc,metaspace   ] GC(53) Metaspace: 283K(512K)->283K(512K) NonClass: 270K(384K)->270K(384K) Class: 12K(128K)->12K(128K)
[2026-03-27T03:07:17.907+0900][5.785s][info][gc             ] GC(53) Pause Young (Allocation Failure) 127M->104M(174M) 1.733ms
[2026-03-27T03:07:17.907+0900][5.785s][info][gc,cpu         ] GC(53) User=0.00s Sys=0.00s Real=0.00s
[2026-03-27T03:07:17.910+0900][5.788s][info][gc,start       ] GC(54) Pause Young (Allocation Failure)
[2026-03-27T03:07:17.911+0900][5.789s][info][gc,heap        ] GC(54) PSYoungGen: 36570K(41472K)->7552K(37376K) Eden: 29274K(30208K)->0K(29696K) From: 7296K(11264K)->7552K(7680K)
[2026-03-27T03:07:17.911+0900][5.789s][info][gc,heap        ] GC(54) ParOldGen: 99450K(137216K)->106642K(137216K)
[2026-03-27T03:07:17.911+0900][5.789s][info][gc,metaspace   ] GC(54) Metaspace: 283K(512K)->283K(512K) NonClass: 270K(384K)->270K(384K) Class: 12K(128K)->12K(128K)
[2026-03-27T03:07:17.911+0900][5.789s][info][gc             ] GC(54) Pause Young (Allocation Failure) 132M->111M(170M) 1.138ms
[2026-03-27T03:07:17.911+0900][5.789s][info][gc,cpu         ] GC(54) User=0.00s Sys=0.00s Real=0.00s
[2026-03-27T03:07:18.016+0900][5.894s][info][gc,start       ] GC(55) Pause Young (Allocation Failure)
[2026-03-27T03:07:18.018+0900][5.895s][info][gc,heap        ] GC(55) PSYoungGen: 36560K(37376K)->6528K(40960K) Eden: 29008K(29696K)->0K(29696K) From: 7552K(7680K)->6528K(11264K)
[2026-03-27T03:07:18.018+0900][5.895s][info][gc,heap        ] GC(55) ParOldGen: 106642K(137216K)->113835K(137216K)
[2026-03-27T03:07:18.018+0900][5.895s][info][gc,metaspace   ] GC(55) Metaspace: 283K(512K)->283K(512K) NonClass: 270K(384K)->270K(384K) Class: 12K(128K)->12K(128K)
[2026-03-27T03:07:18.018+0900][5.896s][info][gc             ] GC(55) Pause Young (Allocation Failure) 139M->117M(174M) 1.462ms
[2026-03-27T03:07:18.018+0900][5.896s][info][gc,cpu         ] GC(55) User=0.02s Sys=0.00s Real=0.00s
[2026-03-27T03:07:18.123+0900][6.001s][info][gc,start       ] GC(56) Pause Young (Allocation Failure)
[2026-03-27T03:07:18.125+0900][6.002s][info][gc,heap        ] GC(56) PSYoungGen: 36049K(40960K)->7296K(40960K) Eden: 29521K(29696K)->0K(29696K) From: 6528K(11264K)->7296K(11264K)
[2026-03-27T03:07:18.125+0900][6.002s][info][gc,heap        ] GC(56) ParOldGen: 113835K(137216K)->120003K(137216K)
[2026-03-27T03:07:18.125+0900][6.002s][info][gc,metaspace   ] GC(56) Metaspace: 283K(512K)->283K(512K) NonClass: 270K(384K)->270K(384K) Class: 12K(128K)->12K(128K)
[2026-03-27T03:07:18.125+0900][6.002s][info][gc             ] GC(56) Pause Young (Allocation Failure) 146M->124M(174M) 1.425ms
[2026-03-27T03:07:18.125+0900][6.002s][info][gc,cpu         ] GC(56) User=0.00s Sys=0.00s Real=0.00s
[2026-03-27T03:07:18.127+0900][6.005s][info][gc,start       ] GC(57) Pause Young (Allocation Failure)
[2026-03-27T03:07:18.129+0900][6.006s][info][gc,heap        ] GC(57) PSYoungGen: 36817K(40960K)->7296K(40960K) Eden: 29521K(29696K)->0K(29696K) From: 7296K(11264K)->7296K(11264K)
[2026-03-27T03:07:18.129+0900][6.006s][info][gc,heap        ] GC(57) ParOldGen: 120003K(137216K)->127195K(137216K)
[2026-03-27T03:07:18.129+0900][6.006s][info][gc,metaspace   ] GC(57) Metaspace: 283K(512K)->283K(512K) NonClass: 270K(384K)->270K(384K) Class: 12K(128K)->12K(128K)
[2026-03-27T03:07:18.129+0900][6.006s][info][gc             ] GC(57) Pause Young (Allocation Failure) 153M->131M(174M) 1.231ms
[2026-03-27T03:07:18.129+0900][6.006s][info][gc,cpu         ] GC(57) User=0.00s Sys=0.00s Real=0.00s
[2026-03-27T03:07:18.235+0900][6.113s][info][gc,start       ] GC(58) Pause Young (Allocation Failure)
[2026-03-27T03:07:18.237+0900][6.114s][info][gc,heap        ] GC(58) PSYoungGen: 36561K(40960K)->6528K(40960K) Eden: 29265K(29696K)->0K(29696K) From: 7296K(11264K)->6528K(11264K)
[2026-03-27T03:07:18.237+0900][6.114s][info][gc,heap        ] GC(58) ParOldGen: 127195K(137216K)->134387K(137216K)
[2026-03-27T03:07:18.237+0900][6.114s][info][gc,metaspace   ] GC(58) Metaspace: 283K(512K)->283K(512K) NonClass: 270K(384K)->270K(384K) Class: 12K(128K)->12K(128K)
[2026-03-27T03:07:18.237+0900][6.114s][info][gc             ] GC(58) Pause Young (Allocation Failure) 159M->137M(174M) 1.259ms
[2026-03-27T03:07:18.237+0900][6.114s][info][gc,cpu         ] GC(58) User=0.00s Sys=0.00s Real=0.00s
[2026-03-27T03:07:18.237+0900][6.114s][info][gc,start       ] GC(59) Pause Full (Ergonomics)
[2026-03-27T03:07:18.237+0900][6.114s][info][gc,phases,start] GC(59) Marking Phase
[2026-03-27T03:07:18.238+0900][6.116s][info][gc,phases      ] GC(59) Marking Phase 1.182ms
[2026-03-27T03:07:18.238+0900][6.116s][info][gc,phases,start] GC(59) Summary Phase
[2026-03-27T03:07:18.238+0900][6.116s][info][gc,phases      ] GC(59) Summary Phase 0.011ms
[2026-03-27T03:07:18.238+0900][6.116s][info][gc,phases,start] GC(59) Adjust Roots
[2026-03-27T03:07:18.238+0900][6.116s][info][gc,phases      ] GC(59) Adjust Roots 0.178ms
[2026-03-27T03:07:18.238+0900][6.116s][info][gc,phases,start] GC(59) Compaction Phase
[2026-03-27T03:07:18.241+0900][6.119s][info][gc,phases      ] GC(59) Compaction Phase 2.915ms
[2026-03-27T03:07:18.241+0900][6.119s][info][gc,phases,start] GC(59) Post Compact
[2026-03-27T03:07:18.241+0900][6.119s][info][gc,phases      ] GC(59) Post Compact 0.393ms
[2026-03-27T03:07:18.242+0900][6.120s][info][gc,heap        ] GC(59) PSYoungGen: 6528K(40960K)->0K(40960K) Eden: 0K(29696K)->0K(29696K) From: 6528K(11264K)->0K(11264K)
[2026-03-27T03:07:18.242+0900][6.120s][info][gc,heap        ] GC(59) ParOldGen: 134387K(137216K)->66586K(132096K)
[2026-03-27T03:07:18.242+0900][6.120s][info][gc,metaspace   ] GC(59) Metaspace: 283K(512K)->283K(512K) NonClass: 270K(384K)->270K(384K) Class: 12K(128K)->12K(128K)
[2026-03-27T03:07:18.242+0900][6.120s][info][gc             ] GC(59) Pause Full (Ergonomics) 137M->65M(169M) 5.267ms
[2026-03-27T03:07:18.242+0900][6.120s][info][gc,cpu         ] GC(59) User=0.00s Sys=0.00s Real=0.01s
[2026-03-27T03:07:18.357+0900][6.236s][info][gc,start       ] GC(60) Pause Young (Allocation Failure)
[2026-03-27T03:07:18.359+0900][6.237s][info][gc,heap        ] GC(60) PSYoungGen: 29521K(40960K)->7264K(36864K) Eden: 29521K(29696K)->0K(29184K) From: 0K(11264K)->7264K(7680K)
[2026-03-27T03:07:18.359+0900][6.237s][info][gc,heap        ] GC(60) ParOldGen: 66586K(132096K)->66586K(132096K)
[2026-03-27T03:07:18.359+0900][6.237s][info][gc,metaspace   ] GC(60) Metaspace: 283K(512K)->283K(512K) NonClass: 270K(384K)->270K(384K) Class: 12K(128K)->12K(128K)
[2026-03-27T03:07:18.359+0900][6.237s][info][gc             ] GC(60) Pause Young (Allocation Failure) 93M->72M(165M) 1.316ms
[2026-03-27T03:07:18.359+0900][6.237s][info][gc,cpu         ] GC(60) User=0.00s Sys=0.00s Real=0.00s
[2026-03-27T03:07:18.361+0900][6.239s][info][gc,start       ] GC(61) Pause Young (Allocation Failure)
[2026-03-27T03:07:18.362+0900][6.241s][info][gc,heap        ] GC(61) PSYoungGen: 36259K(36864K)->7296K(39936K) Eden: 28995K(29184K)->0K(29184K) From: 7264K(7680K)->7296K(10752K)
[2026-03-27T03:07:18.362+0900][6.241s][info][gc,heap        ] GC(61) ParOldGen: 66586K(132096K)->73778K(132096K)
[2026-03-27T03:07:18.363+0900][6.241s][info][gc,metaspace   ] GC(61) Metaspace: 283K(512K)->283K(512K) NonClass: 270K(384K)->270K(384K) Class: 12K(128K)->12K(128K)
[2026-03-27T03:07:18.363+0900][6.241s][info][gc             ] GC(61) Pause Young (Allocation Failure) 100M->79M(168M) 1.226ms
[2026-03-27T03:07:18.363+0900][6.241s][info][gc,cpu         ] GC(61) User=0.00s Sys=0.00s Real=0.00s
[2026-03-27T03:07:18.468+0900][6.346s][info][gc,start       ] GC(62) Pause Young (Allocation Failure)
[2026-03-27T03:07:18.470+0900][6.347s][info][gc,heap        ] GC(62) PSYoungGen: 36293K(39936K)->6272K(39936K) Eden: 28997K(29184K)->0K(29184K) From: 7296K(10752K)->6272K(10752K)
[2026-03-27T03:07:18.470+0900][6.347s][info][gc,heap        ] GC(62) ParOldGen: 73778K(132096K)->80970K(132096K)
[2026-03-27T03:07:18.470+0900][6.347s][info][gc,metaspace   ] GC(62) Metaspace: 283K(512K)->283K(512K) NonClass: 270K(384K)->270K(384K) Class: 12K(128K)->12K(128K)
[2026-03-27T03:07:18.470+0900][6.347s][info][gc             ] GC(62) Pause Young (Allocation Failure) 107M->85M(168M) 1.562ms
[2026-03-27T03:07:18.470+0900][6.347s][info][gc,cpu         ] GC(62) User=0.00s Sys=0.02s Real=0.00s
[2026-03-27T03:07:18.574+0900][6.452s][info][gc,start       ] GC(63) Pause Young (Allocation Failure)
[2026-03-27T03:07:18.576+0900][6.454s][info][gc,heap        ] GC(63) PSYoungGen: 33734K(39936K)->7520K(38912K) Eden: 27461K(29184K)->0K(29184K) From: 6272K(10752K)->7520K(9728K)
[2026-03-27T03:07:18.576+0900][6.454s][info][gc,heap        ] GC(63) ParOldGen: 80970K(132096K)->87138K(132096K)
[2026-03-27T03:07:18.576+0900][6.454s][info][gc,metaspace   ] GC(63) Metaspace: 283K(512K)->283K(512K) NonClass: 270K(384K)->270K(384K) Class: 12K(128K)->12K(128K)
[2026-03-27T03:07:18.576+0900][6.454s][info][gc             ] GC(63) Pause Young (Allocation Failure) 112M->92M(167M) 1.733ms
[2026-03-27T03:07:18.576+0900][6.454s][info][gc,cpu         ] GC(63) User=0.00s Sys=0.00s Real=0.00s
[2026-03-27T03:07:18.579+0900][6.457s][info][gc,start       ] GC(64) Pause Young (Allocation Failure)
[2026-03-27T03:07:18.581+0900][6.458s][info][gc,heap        ] GC(64) PSYoungGen: 36518K(38912K)->6240K(39424K) Eden: 28998K(29184K)->0K(29184K) From: 7520K(9728K)->6240K(10240K)
[2026-03-27T03:07:18.581+0900][6.458s][info][gc,heap        ] GC(64) ParOldGen: 87138K(132096K)->94330K(132096K)
[2026-03-27T03:07:18.581+0900][6.458s][info][gc,metaspace   ] GC(64) Metaspace: 283K(512K)->283K(512K) NonClass: 270K(384K)->270K(384K) Class: 12K(128K)->12K(128K)
[2026-03-27T03:07:18.581+0900][6.458s][info][gc             ] GC(64) Pause Young (Allocation Failure) 120M->98M(167M) 1.068ms
[2026-03-27T03:07:18.581+0900][6.458s][info][gc,cpu         ] GC(64) User=0.00s Sys=0.02s Real=0.00s
[2026-03-27T03:07:18.685+0900][6.563s][info][gc,start       ] GC(65) Pause Young (Allocation Failure)
[2026-03-27T03:07:18.687+0900][6.565s][info][gc,heap        ] GC(65) PSYoungGen: 35238K(39424K)->6528K(35840K) Eden: 28998K(29184K)->0K(29184K) From: 6240K(10240K)->6528K(6656K)
[2026-03-27T03:07:18.687+0900][6.565s][info][gc,heap        ] GC(65) ParOldGen: 94330K(132096K)->100498K(132096K)
[2026-03-27T03:07:18.687+0900][6.565s][info][gc,metaspace   ] GC(65) Metaspace: 283K(512K)->283K(512K) NonClass: 270K(384K)->270K(384K) Class: 12K(128K)->12K(128K)
[2026-03-27T03:07:18.687+0900][6.565s][info][gc             ] GC(65) Pause Young (Allocation Failure) 126M->104M(164M) 1.419ms
[2026-03-27T03:07:18.687+0900][6.565s][info][gc,cpu         ] GC(65) User=0.00s Sys=0.00s Real=0.00s
[2026-03-27T03:07:18.792+0900][6.670s][info][gc,start       ] GC(66) Pause Young (Allocation Failure)
[2026-03-27T03:07:18.794+0900][6.672s][info][gc,heap        ] GC(66) PSYoungGen: 35527K(35840K)->7296K(36864K) Eden: 28999K(29184K)->0K(29184K) From: 6528K(6656K)->7296K(7680K)
[2026-03-27T03:07:18.794+0900][6.672s][info][gc,heap        ] GC(66) ParOldGen: 100498K(132096K)->106666K(132096K)
[2026-03-27T03:07:18.794+0900][6.672s][info][gc,metaspace   ] GC(66) Metaspace: 283K(512K)->283K(512K) NonClass: 270K(384K)->270K(384K) Class: 12K(128K)->12K(128K)
[2026-03-27T03:07:18.794+0900][6.672s][info][gc             ] GC(66) Pause Young (Allocation Failure) 132M->111M(165M) 1.975ms
[2026-03-27T03:07:18.794+0900][6.672s][info][gc,cpu         ] GC(66) User=0.00s Sys=0.00s Real=0.00s
[2026-03-27T03:07:18.797+0900][6.675s][info][gc,start       ] GC(67) Pause Young (Allocation Failure)
[2026-03-27T03:07:18.798+0900][6.676s][info][gc,heap        ] GC(67) PSYoungGen: 36295K(36864K)->7296K(38400K) Eden: 28999K(29184K)->0K(29184K) From: 7296K(7680K)->7296K(9216K)
[2026-03-27T03:07:18.798+0900][6.676s][info][gc,heap        ] GC(67) ParOldGen: 106666K(132096K)->113858K(132096K)
[2026-03-27T03:07:18.798+0900][6.676s][info][gc,metaspace   ] GC(67) Metaspace: 283K(512K)->283K(512K) NonClass: 270K(384K)->270K(384K) Class: 12K(128K)->12K(128K)
[2026-03-27T03:07:18.798+0900][6.676s][info][gc             ] GC(67) Pause Young (Allocation Failure) 139M->118M(166M) 0.972ms
[2026-03-27T03:07:18.798+0900][6.676s][info][gc,cpu         ] GC(67) User=0.05s Sys=0.00s Real=0.00s
[2026-03-27T03:07:18.903+0900][6.781s][info][gc,start       ] GC(68) Pause Young (Allocation Failure)
[2026-03-27T03:07:18.905+0900][6.783s][info][gc,heap        ] GC(68) PSYoungGen: 36295K(38400K)->6272K(38912K) Eden: 28999K(29184K)->0K(29184K) From: 7296K(9216K)->6272K(9728K)
[2026-03-27T03:07:18.905+0900][6.783s][info][gc,heap        ] GC(68) ParOldGen: 113858K(132096K)->121050K(132096K)
[2026-03-27T03:07:18.905+0900][6.783s][info][gc,metaspace   ] GC(68) Metaspace: 283K(512K)->283K(512K) NonClass: 270K(384K)->270K(384K) Class: 12K(128K)->12K(128K)
[2026-03-27T03:07:18.905+0900][6.783s][info][gc             ] GC(68) Pause Young (Allocation Failure) 146M->124M(167M) 1.534ms
[2026-03-27T03:07:18.905+0900][6.783s][info][gc,cpu         ] GC(68) User=0.00s Sys=0.00s Real=0.00s
[2026-03-27T03:07:18.909+0900][6.786s][info][gc,start       ] GC(69) Pause Young (Allocation Failure)
[2026-03-27T03:07:18.910+0900][6.787s][info][gc,heap        ] GC(69) PSYoungGen: 35271K(38912K)->7296K(38912K) Eden: 28999K(29184K)->0K(29184K) From: 6272K(9728K)->7296K(9728K)
[2026-03-27T03:07:18.910+0900][6.787s][info][gc,heap        ] GC(69) ParOldGen: 121050K(132096K)->127219K(132096K)
[2026-03-27T03:07:18.910+0900][6.787s][info][gc,metaspace   ] GC(69) Metaspace: 283K(512K)->283K(512K) NonClass: 270K(384K)->270K(384K) Class: 12K(128K)->12K(128K)
[2026-03-27T03:07:18.910+0900][6.787s][info][gc             ] GC(69) Pause Young (Allocation Failure) 152M->131M(167M) 1.334ms
[2026-03-27T03:07:18.910+0900][6.787s][info][gc,cpu         ] GC(69) User=0.00s Sys=0.00s Real=0.00s
[2026-03-27T03:07:18.910+0900][6.787s][info][gc,start       ] GC(70) Pause Full (Ergonomics)
[2026-03-27T03:07:18.910+0900][6.787s][info][gc,phases,start] GC(70) Marking Phase
[2026-03-27T03:07:18.911+0900][6.789s][info][gc,phases      ] GC(70) Marking Phase 1.114ms
[2026-03-27T03:07:18.911+0900][6.789s][info][gc,phases,start] GC(70) Summary Phase
[2026-03-27T03:07:18.911+0900][6.789s][info][gc,phases      ] GC(70) Summary Phase 0.010ms
[2026-03-27T03:07:18.911+0900][6.789s][info][gc,phases,start] GC(70) Adjust Roots
[2026-03-27T03:07:18.911+0900][6.789s][info][gc,phases      ] GC(70) Adjust Roots 0.190ms
[2026-03-27T03:07:18.911+0900][6.789s][info][gc,phases,start] GC(70) Compaction Phase
[2026-03-27T03:07:18.914+0900][6.792s][info][gc,phases      ] GC(70) Compaction Phase 2.888ms
[2026-03-27T03:07:18.914+0900][6.792s][info][gc,phases,start] GC(70) Post Compact
[2026-03-27T03:07:18.915+0900][6.792s][info][gc,phases      ] GC(70) Post Compact 0.358ms
[2026-03-27T03:07:18.915+0900][6.792s][info][gc,heap        ] GC(70) PSYoungGen: 7296K(38912K)->0K(38912K) Eden: 0K(29184K)->0K(29184K) From: 7296K(9728K)->0K(9728K)
[2026-03-27T03:07:18.915+0900][6.792s][info][gc,heap        ] GC(70) ParOldGen: 127219K(132096K)->72474K(138240K)
[2026-03-27T03:07:18.915+0900][6.792s][info][gc,metaspace   ] GC(70) Metaspace: 283K(512K)->283K(512K) NonClass: 270K(384K)->270K(384K) Class: 12K(128K)->12K(128K)
[2026-03-27T03:07:18.915+0900][6.792s][info][gc             ] GC(70) Pause Full (Ergonomics) 131M->70M(173M) 4.751ms
[2026-03-27T03:07:18.915+0900][6.792s][info][gc,cpu         ] GC(70) User=0.00s Sys=0.00s Real=0.00s
[2026-03-27T03:07:19.030+0900][6.907s][info][gc,start       ] GC(71) Pause Young (Allocation Failure)
[2026-03-27T03:07:19.031+0900][6.908s][info][gc,heap        ] GC(71) PSYoungGen: 28999K(38912K)->6528K(35840K) Eden: 28999K(29184K)->0K(29184K) From: 0K(9728K)->6528K(6656K)
[2026-03-27T03:07:19.031+0900][6.908s][info][gc,heap        ] GC(71) ParOldGen: 72474K(138240K)->72474K(138240K)
[2026-03-27T03:07:19.031+0900][6.908s][info][gc,metaspace   ] GC(71) Metaspace: 283K(512K)->283K(512K) NonClass: 270K(384K)->270K(384K) Class: 12K(128K)->12K(128K)
[2026-03-27T03:07:19.031+0900][6.908s][info][gc             ] GC(71) Pause Young (Allocation Failure) 99M->77M(170M) 1.239ms
[2026-03-27T03:07:19.031+0900][6.908s][info][gc,cpu         ] GC(71) User=0.00s Sys=0.00s Real=0.00s
[2026-03-27T03:07:19.136+0900][7.014s][info][gc,start       ] GC(72) Pause Young (Allocation Failure)
[2026-03-27T03:07:19.138+0900][7.016s][info][gc,heap        ] GC(72) PSYoungGen: 34755K(35840K)->7552K(36864K) Eden: 28227K(29184K)->0K(29184K) From: 6528K(6656K)->7552K(7680K)
[2026-03-27T03:07:19.138+0900][7.016s][info][gc,heap        ] GC(72) ParOldGen: 72474K(138240K)->78898K(138240K)
[2026-03-27T03:07:19.138+0900][7.016s][info][gc,metaspace   ] GC(72) Metaspace: 283K(512K)->283K(512K) NonClass: 270K(384K)->270K(384K) Class: 12K(128K)->12K(128K)
[2026-03-27T03:07:19.138+0900][7.016s][info][gc             ] GC(72) Pause Young (Allocation Failure) 104M->84M(171M) 1.969ms
[2026-03-27T03:07:19.138+0900][7.016s][info][gc,cpu         ] GC(72) User=0.00s Sys=0.00s Real=0.00s
[2026-03-27T03:07:19.142+0900][7.020s][info][gc,start       ] GC(73) Pause Young (Allocation Failure)
[2026-03-27T03:07:19.143+0900][7.021s][info][gc,heap        ] GC(73) PSYoungGen: 36549K(36864K)->6528K(38400K) Eden: 28997K(29184K)->0K(30720K) From: 7552K(7680K)->6528K(7680K)
[2026-03-27T03:07:19.143+0900][7.021s][info][gc,heap        ] GC(73) ParOldGen: 78898K(138240K)->86090K(138240K)
[2026-03-27T03:07:19.143+0900][7.021s][info][gc,metaspace   ] GC(73) Metaspace: 283K(512K)->283K(512K) NonClass: 270K(384K)->270K(384K) Class: 12K(128K)->12K(128K)
[2026-03-27T03:07:19.143+0900][7.021s][info][gc             ] GC(73) Pause Young (Allocation Failure) 112M->90M(172M) 1.164ms
[2026-03-27T03:07:19.143+0900][7.021s][info][gc,cpu         ] GC(73) User=0.00s Sys=0.00s Real=0.00s
[2026-03-27T03:07:19.247+0900][7.124s][info][gc,start       ] GC(74) Pause Young (Allocation Failure)
[2026-03-27T03:07:19.248+0900][7.126s][info][gc,heap        ] GC(74) PSYoungGen: 37092K(38400K)->7296K(37888K) Eden: 30564K(30720K)->0K(30208K) From: 6528K(7680K)->7296K(7680K)
[2026-03-27T03:07:19.248+0900][7.126s][info][gc,heap        ] GC(74) ParOldGen: 86090K(138240K)->92258K(138240K)
[2026-03-27T03:07:19.248+0900][7.126s][info][gc,metaspace   ] GC(74) Metaspace: 283K(512K)->283K(512K) NonClass: 270K(384K)->270K(384K) Class: 12K(128K)->12K(128K)
[2026-03-27T03:07:19.248+0900][7.126s][info][gc             ] GC(74) Pause Young (Allocation Failure) 120M->97M(172M) 1.390ms
[2026-03-27T03:07:19.248+0900][7.126s][info][gc,cpu         ] GC(74) User=0.00s Sys=0.00s Real=0.00s
[2026-03-27T03:07:19.355+0900][7.232s][info][gc,start       ] GC(75) Pause Young (Allocation Failure)
[2026-03-27T03:07:19.356+0900][7.233s][info][gc,heap        ] GC(75) PSYoungGen: 36058K(37888K)->7552K(38400K) Eden: 28762K(30208K)->0K(29696K) From: 7296K(7680K)->7552K(8704K)
[2026-03-27T03:07:19.356+0900][7.233s][info][gc,heap        ] GC(75) ParOldGen: 92258K(138240K)->99451K(138240K)
[2026-03-27T03:07:19.356+0900][7.233s][info][gc,metaspace   ] GC(75) Metaspace: 283K(512K)->283K(512K) NonClass: 270K(384K)->270K(384K) Class: 12K(128K)->12K(128K)
[2026-03-27T03:07:19.356+0900][7.233s][info][gc             ] GC(75) Pause Young (Allocation Failure) 125M->104M(172M) 1.364ms
[2026-03-27T03:07:19.356+0900][7.233s][info][gc,cpu         ] GC(75) User=0.00s Sys=0.00s Real=0.00s
[2026-03-27T03:07:19.359+0900][7.236s][info][gc,start       ] GC(76) Pause Young (Allocation Failure)
[2026-03-27T03:07:19.360+0900][7.237s][info][gc,heap        ] GC(76) PSYoungGen: 36560K(38400K)->6528K(38912K) Eden: 29008K(29696K)->0K(29696K) From: 7552K(8704K)->6528K(9216K)
[2026-03-27T03:07:19.360+0900][7.237s][info][gc,heap        ] GC(76) ParOldGen: 99451K(138240K)->106643K(138240K)
[2026-03-27T03:07:19.360+0900][7.237s][info][gc,metaspace   ] GC(76) Metaspace: 283K(512K)->283K(512K) NonClass: 270K(384K)->270K(384K) Class: 12K(128K)->12K(128K)
[2026-03-27T03:07:19.360+0900][7.237s][info][gc             ] GC(76) Pause Young (Allocation Failure) 132M->110M(173M) 1.088ms
[2026-03-27T03:07:19.360+0900][7.237s][info][gc,cpu         ] GC(76) User=0.00s Sys=0.00s Real=0.00s
[2026-03-27T03:07:19.464+0900][7.342s][info][gc,start       ] GC(77) Pause Young (Allocation Failure)
[2026-03-27T03:07:19.466+0900][7.344s][info][gc,heap        ] GC(77) PSYoungGen: 36049K(38912K)->7296K(37376K) Eden: 29521K(29696K)->0K(29696K) From: 6528K(9216K)->7296K(7680K)
[2026-03-27T03:07:19.466+0900][7.344s][info][gc,heap        ] GC(77) ParOldGen: 106643K(138240K)->112811K(138240K)
[2026-03-27T03:07:19.466+0900][7.344s][info][gc,metaspace   ] GC(77) Metaspace: 283K(512K)->283K(512K) NonClass: 270K(384K)->270K(384K) Class: 12K(128K)->12K(128K)
[2026-03-27T03:07:19.466+0900][7.344s][info][gc             ] GC(77) Pause Young (Allocation Failure) 139M->117M(171M) 2.082ms
[2026-03-27T03:07:19.466+0900][7.344s][info][gc,cpu         ] GC(77) User=0.00s Sys=0.00s Real=0.00s
[2026-03-27T03:07:19.571+0900][7.449s][info][gc,start       ] GC(78) Pause Young (Allocation Failure)
[2026-03-27T03:07:19.573+0900][7.451s][info][gc,heap        ] GC(78) PSYoungGen: 36817K(37376K)->7296K(37376K) Eden: 29521K(29696K)->0K(29696K) From: 7296K(7680K)->7296K(7680K)
[2026-03-27T03:07:19.573+0900][7.451s][info][gc,heap        ] GC(78) ParOldGen: 112811K(138240K)->120003K(138240K)
[2026-03-27T03:07:19.573+0900][7.451s][info][gc,metaspace   ] GC(78) Metaspace: 283K(512K)->283K(512K) NonClass: 270K(384K)->270K(384K) Class: 12K(128K)->12K(128K)
[2026-03-27T03:07:19.573+0900][7.451s][info][gc             ] GC(78) Pause Young (Allocation Failure) 146M->124M(171M) 2.006ms
[2026-03-27T03:07:19.573+0900][7.451s][info][gc,cpu         ] GC(78) User=0.00s Sys=0.00s Real=0.00s
[2026-03-27T03:07:19.577+0900][7.454s][info][gc,start       ] GC(79) Pause Young (Allocation Failure)
[2026-03-27T03:07:19.577+0900][7.455s][info][gc,heap        ] GC(79) PSYoungGen: 36561K(37376K)->4480K(37888K) Eden: 29265K(29696K)->0K(32768K) From: 7296K(7680K)->4480K(5120K)
[2026-03-27T03:07:19.578+0900][7.455s][info][gc,heap        ] GC(79) ParOldGen: 120003K(138240K)->129243K(138240K)
[2026-03-27T03:07:19.578+0900][7.455s][info][gc,metaspace   ] GC(79) Metaspace: 283K(512K)->283K(512K) NonClass: 270K(384K)->270K(384K) Class: 12K(128K)->12K(128K)
[2026-03-27T03:07:19.578+0900][7.455s][info][gc             ] GC(79) Pause Young (Allocation Failure) 152M->130M(172M) 1.043ms
[2026-03-27T03:07:19.578+0900][7.455s][info][gc,cpu         ] GC(79) User=0.00s Sys=0.00s Real=0.00s
[2026-03-27T03:07:19.682+0900][7.560s][info][gc,start       ] GC(80) Pause Young (Allocation Failure)
[2026-03-27T03:07:19.684+0900][7.561s][info][gc,heap        ] GC(80) PSYoungGen: 37134K(37888K)->8288K(41472K) Eden: 32654K(32768K)->0K(32256K) From: 4480K(5120K)->8288K(9216K)
[2026-03-27T03:07:19.684+0900][7.561s][info][gc,heap        ] GC(80) ParOldGen: 129243K(138240K)->133363K(138240K)
[2026-03-27T03:07:19.684+0900][7.561s][info][gc,metaspace   ] GC(80) Metaspace: 283K(512K)->283K(512K) NonClass: 270K(384K)->270K(384K) Class: 12K(128K)->12K(128K)
[2026-03-27T03:07:19.684+0900][7.561s][info][gc             ] GC(80) Pause Young (Allocation Failure) 162M->138M(175M) 1.158ms
[2026-03-27T03:07:19.684+0900][7.561s][info][gc,cpu         ] GC(80) User=0.00s Sys=0.00s Real=0.00s
[2026-03-27T03:07:19.684+0900][7.561s][info][gc,start       ] GC(81) Pause Full (Ergonomics)
[2026-03-27T03:07:19.684+0900][7.561s][info][gc,phases,start] GC(81) Marking Phase
[2026-03-27T03:07:19.685+0900][7.562s][info][gc,phases      ] GC(81) Marking Phase 0.951ms
[2026-03-27T03:07:19.685+0900][7.562s][info][gc,phases,start] GC(81) Summary Phase
[2026-03-27T03:07:19.685+0900][7.562s][info][gc,phases      ] GC(81) Summary Phase 0.009ms
[2026-03-27T03:07:19.685+0900][7.562s][info][gc,phases,start] GC(81) Adjust Roots
[2026-03-27T03:07:19.685+0900][7.562s][info][gc,phases      ] GC(81) Adjust Roots 0.277ms
[2026-03-27T03:07:19.685+0900][7.562s][info][gc,phases,start] GC(81) Compaction Phase
[2026-03-27T03:07:19.688+0900][7.565s][info][gc,phases      ] GC(81) Compaction Phase 2.914ms
[2026-03-27T03:07:19.688+0900][7.565s][info][gc,phases,start] GC(81) Post Compact
[2026-03-27T03:07:19.688+0900][7.565s][info][gc,phases      ] GC(81) Post Compact 0.364ms
[2026-03-27T03:07:19.688+0900][7.566s][info][gc,heap        ] GC(81) PSYoungGen: 8288K(41472K)->0K(40960K) Eden: 0K(32256K)->0K(31744K) From: 8288K(9216K)->0K(9216K)
[2026-03-27T03:07:19.688+0900][7.566s][info][gc,heap        ] GC(81) ParOldGen: 133363K(138240K)->69402K(134656K)
[2026-03-27T03:07:19.688+0900][7.566s][info][gc,metaspace   ] GC(81) Metaspace: 283K(512K)->283K(512K) NonClass: 270K(384K)->270K(384K) Class: 12K(128K)->12K(128K)
[2026-03-27T03:07:19.688+0900][7.566s][info][gc             ] GC(81) Pause Full (Ergonomics) 138M->67M(171M) 4.694ms
[2026-03-27T03:07:19.688+0900][7.566s][info][gc,cpu         ] GC(81) User=0.00s Sys=0.00s Real=0.00s
[2026-03-27T03:07:19.807+0900][7.684s][info][gc,start       ] GC(82) Pause Young (Allocation Failure)
[2026-03-27T03:07:19.807+0900][7.685s][info][gc,heap        ] GC(82) PSYoungGen: 31610K(40960K)->7520K(38912K) Eden: 31610K(31744K)->0K(31232K) From: 0K(9216K)->7520K(7680K)
[2026-03-27T03:07:19.807+0900][7.685s][info][gc,heap        ] GC(82) ParOldGen: 69402K(134656K)->69402K(134656K)
[2026-03-27T03:07:19.807+0900][7.685s][info][gc,metaspace   ] GC(82) Metaspace: 283K(512K)->283K(512K) NonClass: 270K(384K)->270K(384K) Class: 12K(128K)->12K(128K)
[2026-03-27T03:07:19.807+0900][7.685s][info][gc             ] GC(82) Pause Young (Allocation Failure) 98M->75M(169M) 1.101ms
[2026-03-27T03:07:19.807+0900][7.685s][info][gc,cpu         ] GC(82) User=0.00s Sys=0.00s Real=0.00s
[2026-03-27T03:07:19.915+0900][7.793s][info][gc,start       ] GC(83) Pause Young (Allocation Failure)
[2026-03-27T03:07:19.918+0900][7.796s][info][gc,heap        ] GC(83) PSYoungGen: 38604K(38912K)->7264K(39424K) Eden: 31084K(31232K)->0K(30720K) From: 7520K(7680K)->7264K(8704K)
[2026-03-27T03:07:19.918+0900][7.796s][info][gc,heap        ] GC(83) ParOldGen: 69402K(134656K)->76850K(134656K)
[2026-03-27T03:07:19.918+0900][7.796s][info][gc,metaspace   ] GC(83) Metaspace: 283K(512K)->283K(512K) NonClass: 270K(384K)->270K(384K) Class: 12K(128K)->12K(128K)
[2026-03-27T03:07:19.918+0900][7.796s][info][gc             ] GC(83) Pause Young (Allocation Failure) 105M->82M(170M) 2.125ms
[2026-03-27T03:07:19.918+0900][7.796s][info][gc,cpu         ] GC(83) User=0.00s Sys=0.00s Real=0.00s
[2026-03-27T03:07:19.922+0900][7.799s][info][gc,start       ] GC(84) Pause Young (Allocation Failure)
[2026-03-27T03:07:19.923+0900][7.800s][info][gc,heap        ] GC(84) PSYoungGen: 37571K(39424K)->7552K(37888K) Eden: 30307K(30720K)->0K(30208K) From: 7264K(8704K)->7552K(7680K)
[2026-03-27T03:07:19.923+0900][7.800s][info][gc,heap        ] GC(84) ParOldGen: 76850K(134656K)->84042K(134656K)
[2026-03-27T03:07:19.923+0900][7.800s][info][gc,metaspace   ] GC(84) Metaspace: 283K(512K)->283K(512K) NonClass: 270K(384K)->270K(384K) Class: 12K(128K)->12K(128K)
[2026-03-27T03:07:19.923+0900][7.800s][info][gc             ] GC(84) Pause Young (Allocation Failure) 111M->89M(168M) 1.157ms
[2026-03-27T03:07:19.923+0900][7.800s][info][gc,cpu         ] GC(84) User=0.00s Sys=0.00s Real=0.00s
[2026-03-27T03:07:20.041+0900][7.918s][info][gc,start       ] GC(85) Pause Young (Allocation Failure)
[2026-03-27T03:07:20.042+0900][7.920s][info][gc,heap        ] GC(85) PSYoungGen: 37594K(37888K)->7296K(38400K) Eden: 30041K(30208K)->0K(29696K) From: 7552K(7680K)->7296K(8704K)
[2026-03-27T03:07:20.042+0900][7.920s][info][gc,heap        ] GC(85) ParOldGen: 84042K(134656K)->91234K(134656K)
[2026-03-27T03:07:20.042+0900][7.920s][info][gc,metaspace   ] GC(85) Metaspace: 283K(512K)->283K(512K) NonClass: 270K(384K)->270K(384K) Class: 12K(128K)->12K(128K)
[2026-03-27T03:07:20.042+0900][7.920s][info][gc             ] GC(85) Pause Young (Allocation Failure) 118M->96M(169M) 1.300ms
[2026-03-27T03:07:20.042+0900][7.920s][info][gc,cpu         ] GC(85) User=0.00s Sys=0.00s Real=0.00s
[2026-03-27T03:07:20.146+0900][8.024s][info][gc,start       ] GC(86) Pause Young (Allocation Failure)
[2026-03-27T03:07:20.148+0900][8.025s][info][gc,heap        ] GC(86) PSYoungGen: 36816K(38400K)->6272K(35840K) Eden: 29520K(29696K)->0K(29184K) From: 7296K(8704K)->6272K(6656K)
[2026-03-27T03:07:20.148+0900][8.025s][info][gc,heap        ] GC(86) ParOldGen: 91234K(134656K)->98426K(134656K)
[2026-03-27T03:07:20.148+0900][8.025s][info][gc,metaspace   ] GC(86) Metaspace: 283K(512K)->283K(512K) NonClass: 270K(384K)->270K(384K) Class: 12K(128K)->12K(128K)
[2026-03-27T03:07:20.148+0900][8.025s][info][gc             ] GC(86) Pause Young (Allocation Failure) 125M->102M(166M) 1.476ms
[2026-03-27T03:07:20.148+0900][8.025s][info][gc,cpu         ] GC(86) User=0.00s Sys=0.00s Real=0.00s
[2026-03-27T03:07:20.151+0900][8.029s][info][gc,start       ] GC(87) Pause Young (Allocation Failure)
[2026-03-27T03:07:20.152+0900][8.030s][info][gc,heap        ] GC(87) PSYoungGen: 35014K(35840K)->7552K(38400K) Eden: 28742K(29184K)->0K(29184K) From: 6272K(6656K)->7552K(9216K)
[2026-03-27T03:07:20.152+0900][8.030s][info][gc,heap        ] GC(87) ParOldGen: 98426K(134656K)->104594K(134656K)
[2026-03-27T03:07:20.152+0900][8.030s][info][gc,metaspace   ] GC(87) Metaspace: 283K(512K)->283K(512K) NonClass: 270K(384K)->270K(384K) Class: 12K(128K)->12K(128K)
[2026-03-27T03:07:20.152+0900][8.030s][info][gc             ] GC(87) Pause Young (Allocation Failure) 130M->109M(169M) 1.222ms
[2026-03-27T03:07:20.152+0900][8.030s][info][gc,cpu         ] GC(87) User=0.00s Sys=0.00s Real=0.00s
[2026-03-27T03:07:20.258+0900][8.135s][info][gc,start       ] GC(88) Pause Young (Allocation Failure)
[2026-03-27T03:07:20.259+0900][8.137s][info][gc,heap        ] GC(88) PSYoungGen: 36551K(38400K)->6528K(38400K) Eden: 28998K(29184K)->0K(29184K) From: 7552K(9216K)->6528K(9216K)
[2026-03-27T03:07:20.259+0900][8.137s][info][gc,heap        ] GC(88) ParOldGen: 104594K(134656K)->111787K(134656K)
[2026-03-27T03:07:20.259+0900][8.137s][info][gc,metaspace   ] GC(88) Metaspace: 283K(512K)->283K(512K) NonClass: 270K(384K)->270K(384K) Class: 12K(128K)->12K(128K)
[2026-03-27T03:07:20.259+0900][8.137s][info][gc             ] GC(88) Pause Young (Allocation Failure) 137M->115M(169M) 1.424ms
[2026-03-27T03:07:20.259+0900][8.137s][info][gc,cpu         ] GC(88) User=0.00s Sys=0.00s Real=0.00s
[2026-03-27T03:07:20.365+0900][8.243s][info][gc,start       ] GC(89) Pause Young (Allocation Failure)
[2026-03-27T03:07:20.366+0900][8.244s][info][gc,heap        ] GC(89) PSYoungGen: 35527K(38400K)->7296K(38400K) Eden: 28999K(29184K)->0K(29184K) From: 6528K(9216K)->7296K(9216K)
[2026-03-27T03:07:20.366+0900][8.244s][info][gc,heap        ] GC(89) ParOldGen: 111787K(134656K)->117955K(134656K)
[2026-03-27T03:07:20.366+0900][8.244s][info][gc,metaspace   ] GC(89) Metaspace: 283K(512K)->283K(512K) NonClass: 270K(384K)->270K(384K) Class: 12K(128K)->12K(128K)
[2026-03-27T03:07:20.366+0900][8.244s][info][gc             ] GC(89) Pause Young (Allocation Failure) 143M->122M(169M) 1.380ms
[2026-03-27T03:07:20.366+0900][8.244s][info][gc,cpu         ] GC(89) User=0.00s Sys=0.00s Real=0.00s
[2026-03-27T03:07:20.370+0900][8.247s][info][gc,start       ] GC(90) Pause Young (Allocation Failure)
[2026-03-27T03:07:20.371+0900][8.248s][info][gc,heap        ] GC(90) PSYoungGen: 36295K(38400K)->7296K(38400K) Eden: 28999K(29184K)->0K(29184K) From: 7296K(9216K)->7296K(9216K)
[2026-03-27T03:07:20.371+0900][8.248s][info][gc,heap        ] GC(90) ParOldGen: 117955K(134656K)->125147K(134656K)
[2026-03-27T03:07:20.371+0900][8.248s][info][gc,metaspace   ] GC(90) Metaspace: 283K(512K)->283K(512K) NonClass: 270K(384K)->270K(384K) Class: 12K(128K)->12K(128K)
[2026-03-27T03:07:20.371+0900][8.248s][info][gc             ] GC(90) Pause Young (Allocation Failure) 150M->129M(169M) 1.109ms
[2026-03-27T03:07:20.371+0900][8.248s][info][gc,cpu         ] GC(90) User=0.00s Sys=0.00s Real=0.00s
[2026-03-27T03:07:20.475+0900][8.353s][info][gc,start       ] GC(91) Pause Young (Allocation Failure)
[2026-03-27T03:07:20.477+0900][8.355s][info][gc,heap        ] GC(91) PSYoungGen: 36295K(38400K)->6272K(35840K) Eden: 28999K(29184K)->0K(29184K) From: 7296K(9216K)->6272K(6656K)
[2026-03-27T03:07:20.477+0900][8.355s][info][gc,heap        ] GC(91) ParOldGen: 125147K(134656K)->132339K(134656K)
[2026-03-27T03:07:20.477+0900][8.355s][info][gc,metaspace   ] GC(91) Metaspace: 283K(512K)->283K(512K) NonClass: 270K(384K)->270K(384K) Class: 12K(128K)->12K(128K)
[2026-03-27T03:07:20.477+0900][8.355s][info][gc             ] GC(91) Pause Young (Allocation Failure) 157M->135M(166M) 1.653ms
[2026-03-27T03:07:20.477+0900][8.355s][info][gc,cpu         ] GC(91) User=0.00s Sys=0.00s Real=0.00s
[2026-03-27T03:07:20.477+0900][8.355s][info][gc,start       ] GC(92) Pause Full (Ergonomics)
[2026-03-27T03:07:20.477+0900][8.355s][info][gc,phases,start] GC(92) Marking Phase
[2026-03-27T03:07:20.478+0900][8.356s][info][gc,phases      ] GC(92) Marking Phase 1.272ms
[2026-03-27T03:07:20.478+0900][8.356s][info][gc,phases,start] GC(92) Summary Phase
[2026-03-27T03:07:20.478+0900][8.356s][info][gc,phases      ] GC(92) Summary Phase 0.009ms
[2026-03-27T03:07:20.478+0900][8.356s][info][gc,phases,start] GC(92) Adjust Roots
[2026-03-27T03:07:20.478+0900][8.356s][info][gc,phases      ] GC(92) Adjust Roots 0.278ms
[2026-03-27T03:07:20.478+0900][8.356s][info][gc,phases,start] GC(92) Compaction Phase
[2026-03-27T03:07:20.481+0900][8.359s][info][gc,phases      ] GC(92) Compaction Phase 3.007ms
[2026-03-27T03:07:20.482+0900][8.359s][info][gc,phases,start] GC(92) Post Compact
[2026-03-27T03:07:20.482+0900][8.360s][info][gc,phases      ] GC(92) Post Compact 0.353ms
[2026-03-27T03:07:20.482+0900][8.360s][info][gc,heap        ] GC(92) PSYoungGen: 6272K(35840K)->0K(29696K) Eden: 0K(29184K)->0K(29184K) From: 6272K(6656K)->0K(512K)
[2026-03-27T03:07:20.482+0900][8.360s][info][gc,heap        ] GC(92) ParOldGen: 132339K(134656K)->66330K(129536K)
[2026-03-27T03:07:20.482+0900][8.360s][info][gc,metaspace   ] GC(92) Metaspace: 283K(512K)->283K(512K) NonClass: 270K(384K)->270K(384K) Class: 12K(128K)->12K(128K)
[2026-03-27T03:07:20.482+0900][8.360s][info][gc             ] GC(92) Pause Full (Ergonomics) 135M->64M(155M) 5.588ms
[2026-03-27T03:07:20.482+0900][8.360s][info][gc,cpu         ] GC(92) User=0.00s Sys=0.00s Real=0.01s
[2026-03-27T03:07:20.597+0900][8.475s][info][gc,start       ] GC(93) Pause Young (Allocation Failure)
[2026-03-27T03:07:20.599+0900][8.476s][info][gc,heap        ] GC(93) PSYoungGen: 27975K(29696K)->7808K(37376K) Eden: 27975K(29184K)->0K(28672K) From: 0K(512K)->7808K(8704K)
[2026-03-27T03:07:20.599+0900][8.476s][info][gc,heap        ] GC(93) ParOldGen: 66330K(129536K)->66330K(129536K)
[2026-03-27T03:07:20.599+0900][8.476s][info][gc,metaspace   ] GC(93) Metaspace: 283K(512K)->283K(512K) NonClass: 270K(384K)->270K(384K) Class: 12K(128K)->12K(128K)
[2026-03-27T03:07:20.599+0900][8.476s][info][gc             ] GC(93) Pause Young (Allocation Failure) 92M->72M(163M) 1.072ms
[2026-03-27T03:07:20.599+0900][8.476s][info][gc,cpu         ] GC(93) User=0.00s Sys=0.00s Real=0.00s
[2026-03-27T03:07:20.602+0900][8.479s][info][gc,start       ] GC(94) Pause Young (Allocation Failure)
[2026-03-27T03:07:20.603+0900][8.480s][info][gc,heap        ] GC(94) PSYoungGen: 36281K(37376K)->6272K(37888K) Eden: 28473K(28672K)->0K(28672K) From: 7808K(8704K)->6272K(9216K)
[2026-03-27T03:07:20.603+0900][8.480s][info][gc,heap        ] GC(94) ParOldGen: 66330K(129536K)->73778K(129536K)
[2026-03-27T03:07:20.603+0900][8.480s][info][gc,metaspace   ] GC(94) Metaspace: 283K(512K)->283K(512K) NonClass: 270K(384K)->270K(384K) Class: 12K(128K)->12K(128K)
[2026-03-27T03:07:20.603+0900][8.480s][info][gc             ] GC(94) Pause Young (Allocation Failure) 100M->78M(163M) 1.003ms
[2026-03-27T03:07:20.603+0900][8.480s][info][gc,cpu         ] GC(94) User=0.00s Sys=0.00s Real=0.00s
[2026-03-27T03:07:20.707+0900][8.584s][info][gc,start       ] GC(95) Pause Young (Allocation Failure)
[2026-03-27T03:07:20.708+0900][8.585s][info][gc,heap        ] GC(95) PSYoungGen: 34747K(37888K)->6272K(35328K) Eden: 28474K(28672K)->0K(28672K) From: 6272K(9216K)->6272K(6656K)
[2026-03-27T03:07:20.708+0900][8.585s][info][gc,heap        ] GC(95) ParOldGen: 73778K(129536K)->79946K(129536K)
[2026-03-27T03:07:20.708+0900][8.586s][info][gc,metaspace   ] GC(95) Metaspace: 283K(512K)->283K(512K) NonClass: 270K(384K)->270K(384K) Class: 12K(128K)->12K(128K)
[2026-03-27T03:07:20.708+0900][8.586s][info][gc             ] GC(95) Pause Young (Allocation Failure) 105M->84M(161M) 1.630ms
[2026-03-27T03:07:20.708+0900][8.586s][info][gc,cpu         ] GC(95) User=0.00s Sys=0.00s Real=0.00s
[2026-03-27T03:07:20.711+0900][8.588s][info][gc,start       ] GC(96) Pause Young (Allocation Failure)
[2026-03-27T03:07:20.712+0900][8.589s][info][gc,heap        ] GC(96) PSYoungGen: 34747K(35328K)->7296K(41984K) Eden: 28475K(28672K)->0K(33280K) From: 6272K(6656K)->7296K(8704K)
[2026-03-27T03:07:20.712+0900][8.589s][info][gc,heap        ] GC(96) ParOldGen: 79946K(129536K)->86114K(129536K)
[2026-03-27T03:07:20.712+0900][8.589s][info][gc,metaspace   ] GC(96) Metaspace: 283K(512K)->283K(512K) NonClass: 270K(384K)->270K(384K) Class: 12K(128K)->12K(128K)
[2026-03-27T03:07:20.712+0900][8.589s][info][gc             ] GC(96) Pause Young (Allocation Failure) 112M->91M(167M) 1.318ms
[2026-03-27T03:07:20.712+0900][8.589s][info][gc,cpu         ] GC(96) User=0.00s Sys=0.00s Real=0.00s
[2026-03-27T03:07:20.818+0900][8.695s][info][gc,start       ] GC(97) Pause Young (Allocation Failure)
[2026-03-27T03:07:20.819+0900][8.696s][info][gc,heap        ] GC(97) PSYoungGen: 40472K(41984K)->7552K(43520K) Eden: 33176K(33280K)->0K(34816K) From: 7296K(8704K)->7552K(8704K)
[2026-03-27T03:07:20.819+0900][8.696s][info][gc,heap        ] GC(97) ParOldGen: 86114K(129536K)->93306K(129536K)
[2026-03-27T03:07:20.819+0900][8.696s][info][gc,metaspace   ] GC(97) Metaspace: 283K(512K)->283K(512K) NonClass: 270K(384K)->270K(384K) Class: 12K(128K)->12K(128K)
[2026-03-27T03:07:20.819+0900][8.697s][info][gc             ] GC(97) Pause Young (Allocation Failure) 123M->98M(169M) 1.473ms
[2026-03-27T03:07:20.819+0900][8.697s][info][gc,cpu         ] GC(97) User=0.00s Sys=0.00s Real=0.00s
[2026-03-27T03:07:20.926+0900][8.804s][info][gc,start       ] GC(98) Pause Young (Allocation Failure)
[2026-03-27T03:07:20.927+0900][8.805s][info][gc,heap        ] GC(98) PSYoungGen: 42295K(43520K)->8320K(43008K) Eden: 34742K(34816K)->0K(34304K) From: 7552K(8704K)->8320K(8704K)
[2026-03-27T03:07:20.928+0900][8.805s][info][gc,heap        ] GC(98) ParOldGen: 93306K(129536K)->100498K(129536K)
[2026-03-27T03:07:20.928+0900][8.805s][info][gc,metaspace   ] GC(98) Metaspace: 283K(512K)->283K(512K) NonClass: 270K(384K)->270K(384K) Class: 12K(128K)->12K(128K)
[2026-03-27T03:07:20.928+0900][8.805s][info][gc             ] GC(98) Pause Young (Allocation Failure) 132M->106M(168M) 1.360ms
[2026-03-27T03:07:20.928+0900][8.805s][info][gc,cpu         ] GC(98) User=0.00s Sys=0.00s Real=0.00s
[2026-03-27T03:07:21.036+0900][8.913s][info][gc,start       ] GC(99) Pause Young (Allocation Failure)
[2026-03-27T03:07:21.037+0900][8.915s][info][gc,heap        ] GC(99) PSYoungGen: 42284K(43008K)->8576K(43008K) Eden: 33964K(34304K)->0K(33792K) From: 8320K(8704K)->8576K(9216K)
[2026-03-27T03:07:21.037+0900][8.915s][info][gc,heap        ] GC(99) ParOldGen: 100498K(129536K)->108714K(129536K)
[2026-03-27T03:07:21.037+0900][8.915s][info][gc,metaspace   ] GC(99) Metaspace: 283K(512K)->283K(512K) NonClass: 270K(384K)->270K(384K) Class: 12K(128K)->12K(128K)
[2026-03-27T03:07:21.037+0900][8.915s][info][gc             ] GC(99) Pause Young (Allocation Failure) 139M->114M(168M) 1.626ms
[2026-03-27T03:07:21.037+0900][8.915s][info][gc,cpu         ] GC(99) User=0.00s Sys=0.00s Real=0.00s
[2026-03-27T03:07:21.142+0900][9.020s][info][gc,start       ] GC(100) Pause Young (Allocation Failure)
[2026-03-27T03:07:21.145+0900][9.022s][info][gc,heap        ] GC(100) PSYoungGen: 42274K(43008K)->8576K(41984K) Eden: 33698K(33792K)->0K(33280K) From: 8576K(9216K)->8576K(8704K)
[2026-03-27T03:07:21.145+0900][9.022s][info][gc,heap        ] GC(100) ParOldGen: 108714K(129536K)->116930K(129536K)
[2026-03-27T03:07:21.145+0900][9.022s][info][gc,metaspace   ] GC(100) Metaspace: 283K(512K)->283K(512K) NonClass: 270K(384K)->270K(384K) Class: 12K(128K)->12K(128K)
[2026-03-27T03:07:21.145+0900][9.022s][info][gc             ] GC(100) Pause Young (Allocation Failure) 147M->122M(167M) 1.846ms
[2026-03-27T03:07:21.145+0900][9.022s][info][gc,cpu         ] GC(100) User=0.00s Sys=0.00s Real=0.00s
[2026-03-27T03:07:21.149+0900][9.026s][info][gc,start       ] GC(101) Pause Young (Allocation Failure)
[2026-03-27T03:07:21.150+0900][9.027s][info][gc,heap        ] GC(101) PSYoungGen: 41240K(41984K)->7552K(41984K) Eden: 32663K(33280K)->0K(32768K) From: 8576K(8704K)->7552K(9216K)
[2026-03-27T03:07:21.150+0900][9.027s][info][gc,heap        ] GC(101) ParOldGen: 116930K(129536K)->125146K(129536K)
[2026-03-27T03:07:21.150+0900][9.027s][info][gc,metaspace   ] GC(101) Metaspace: 283K(512K)->283K(512K) NonClass: 270K(384K)->270K(384K) Class: 12K(128K)->12K(128K)
[2026-03-27T03:07:21.150+0900][9.027s][info][gc             ] GC(101) Pause Young (Allocation Failure) 154M->129M(167M) 1.143ms
[2026-03-27T03:07:21.150+0900][9.027s][info][gc,cpu         ] GC(101) User=0.00s Sys=0.00s Real=0.00s
[2026-03-27T03:07:21.150+0900][9.027s][info][gc,start       ] GC(102) Pause Full (Ergonomics)
[2026-03-27T03:07:21.150+0900][9.027s][info][gc,phases,start] GC(102) Marking Phase
[2026-03-27T03:07:21.151+0900][9.028s][info][gc,phases      ] GC(102) Marking Phase 1.184ms
[2026-03-27T03:07:21.151+0900][9.028s][info][gc,phases,start] GC(102) Summary Phase
[2026-03-27T03:07:21.151+0900][9.028s][info][gc,phases      ] GC(102) Summary Phase 0.010ms
[2026-03-27T03:07:21.151+0900][9.028s][info][gc,phases,start] GC(102) Adjust Roots
[2026-03-27T03:07:21.151+0900][9.029s][info][gc,phases      ] GC(102) Adjust Roots 0.172ms
[2026-03-27T03:07:21.151+0900][9.029s][info][gc,phases,start] GC(102) Compaction Phase
[2026-03-27T03:07:21.154+0900][9.032s][info][gc,phases      ] GC(102) Compaction Phase 2.911ms
[2026-03-27T03:07:21.154+0900][9.032s][info][gc,phases,start] GC(102) Post Compact
[2026-03-27T03:07:21.154+0900][9.032s][info][gc,phases      ] GC(102) Post Compact 0.344ms
[2026-03-27T03:07:21.155+0900][9.032s][info][gc,heap        ] GC(102) PSYoungGen: 7552K(41984K)->0K(32768K) Eden: 0K(32768K)->0K(32256K) From: 7552K(9216K)->0K(512K)
[2026-03-27T03:07:21.155+0900][9.032s][info][gc,heap        ] GC(102) ParOldGen: 125146K(129536K)->70682K(133632K)
[2026-03-27T03:07:21.155+0900][9.032s][info][gc,metaspace   ] GC(102) Metaspace: 283K(512K)->283K(512K) NonClass: 270K(384K)->270K(384K) Class: 12K(128K)->12K(128K)
[2026-03-27T03:07:21.155+0900][9.032s][info][gc             ] GC(102) Pause Full (Ergonomics) 129M->69M(162M) 4.846ms
[2026-03-27T03:07:21.155+0900][9.032s][info][gc,cpu         ] GC(102) User=0.00s Sys=0.00s Real=0.00s
[2026-03-27T03:07:21.268+0900][9.145s][info][gc,start       ] GC(103) Pause Young (Allocation Failure)
[2026-03-27T03:07:21.269+0900][9.146s][info][gc,heap        ] GC(103) PSYoungGen: 32131K(32768K)->9312K(41472K) Eden: 32131K(32256K)->0K(31744K) From: 0K(512K)->9312K(9728K)
[2026-03-27T03:07:21.269+0900][9.146s][info][gc,heap        ] GC(103) ParOldGen: 70682K(133632K)->70682K(133632K)
[2026-03-27T03:07:21.269+0900][9.146s][info][gc,metaspace   ] GC(103) Metaspace: 283K(512K)->283K(512K) NonClass: 270K(384K)->270K(384K) Class: 12K(128K)->12K(128K)
[2026-03-27T03:07:21.269+0900][9.146s][info][gc             ] GC(103) Pause Young (Allocation Failure) 100M->78M(171M) 0.926ms
[2026-03-27T03:07:21.269+0900][9.146s][info][gc,cpu         ] GC(103) User=0.00s Sys=0.00s Real=0.00s
[2026-03-27T03:07:21.375+0900][9.252s][info][gc,start       ] GC(104) Pause Young (Allocation Failure)
[2026-03-27T03:07:21.376+0900][9.254s][info][gc,heap        ] GC(104) PSYoungGen: 40917K(41472K)->7296K(38912K) Eden: 31605K(31744K)->0K(31232K) From: 9312K(9728K)->7296K(7680K)
[2026-03-27T03:07:21.376+0900][9.254s][info][gc,heap        ] GC(104) ParOldGen: 70682K(133632K)->79922K(133632K)
[2026-03-27T03:07:21.376+0900][9.254s][info][gc,metaspace   ] GC(104) Metaspace: 283K(512K)->283K(512K) NonClass: 270K(384K)->270K(384K) Class: 12K(128K)->12K(128K)
[2026-03-27T03:07:21.376+0900][9.254s][info][gc             ] GC(104) Pause Young (Allocation Failure) 108M->85M(168M) 1.288ms
[2026-03-27T03:07:21.376+0900][9.254s][info][gc,cpu         ] GC(104) User=0.05s Sys=0.00s Real=0.00s
[2026-03-27T03:07:21.379+0900][9.257s][info][gc,start       ] GC(105) Pause Young (Allocation Failure)
[2026-03-27T03:07:21.380+0900][9.258s][info][gc,heap        ] GC(105) PSYoungGen: 38381K(38912K)->7296K(41984K) Eden: 31085K(31232K)->0K(31744K) From: 7296K(7680K)->7296K(10240K)
[2026-03-27T03:07:21.380+0900][9.258s][info][gc,heap        ] GC(105) ParOldGen: 79922K(133632K)->87114K(133632K)
[2026-03-27T03:07:21.380+0900][9.258s][info][gc,metaspace   ] GC(105) Metaspace: 283K(512K)->283K(512K) NonClass: 270K(384K)->270K(384K) Class: 12K(128K)->12K(128K)
[2026-03-27T03:07:21.380+0900][9.258s][info][gc             ] GC(105) Pause Young (Allocation Failure) 115M->92M(171M) 1.267ms
[2026-03-27T03:07:21.380+0900][9.258s][info][gc,cpu         ] GC(105) User=0.00s Sys=0.00s Real=0.00s
[2026-03-27T03:07:21.486+0900][9.363s][info][gc,start       ] GC(106) Pause Young (Allocation Failure)
[2026-03-27T03:07:21.487+0900][9.365s][info][gc,heap        ] GC(106) PSYoungGen: 38904K(41984K)->7296K(38912K) Eden: 31608K(31744K)->0K(31232K) From: 7296K(10240K)->7296K(7680K)
[2026-03-27T03:07:21.487+0900][9.365s][info][gc,heap        ] GC(106) ParOldGen: 87114K(133632K)->94306K(133632K)
[2026-03-27T03:07:21.487+0900][9.365s][info][gc,metaspace   ] GC(106) Metaspace: 283K(512K)->283K(512K) NonClass: 270K(384K)->270K(384K) Class: 12K(128K)->12K(128K)
[2026-03-27T03:07:21.487+0900][9.365s][info][gc             ] GC(106) Pause Young (Allocation Failure) 123M->99M(168M) 1.673ms
[2026-03-27T03:07:21.487+0900][9.365s][info][gc,cpu         ] GC(106) User=0.00s Sys=0.00s Real=0.00s
[2026-03-27T03:07:21.593+0900][9.470s][info][gc,start       ] GC(107) Pause Young (Allocation Failure)
[2026-03-27T03:07:21.595+0900][9.472s][info][gc,heap        ] GC(107) PSYoungGen: 38382K(38912K)->7296K(39936K) Eden: 31086K(31232K)->0K(30720K) From: 7296K(7680K)->7296K(9216K)
[2026-03-27T03:07:21.595+0900][9.472s][info][gc,heap        ] GC(107) ParOldGen: 94306K(133632K)->101498K(133632K)
[2026-03-27T03:07:21.595+0900][9.472s][info][gc,metaspace   ] GC(107) Metaspace: 283K(512K)->283K(512K) NonClass: 270K(384K)->270K(384K) Class: 12K(128K)->12K(128K)
[2026-03-27T03:07:21.595+0900][9.472s][info][gc             ] GC(107) Pause Young (Allocation Failure) 129M->106M(169M) 1.666ms
[2026-03-27T03:07:21.595+0900][9.472s][info][gc,cpu         ] GC(107) User=0.00s Sys=0.00s Real=0.00s
[2026-03-27T03:07:21.699+0900][9.577s][info][gc,start       ] GC(108) Pause Young (Allocation Failure)
[2026-03-27T03:07:21.701+0900][9.578s][info][gc,heap        ] GC(108) PSYoungGen: 37092K(39936K)->7552K(37888K) Eden: 29796K(30720K)->0K(30208K) From: 7296K(9216K)->7552K(7680K)
[2026-03-27T03:07:21.701+0900][9.578s][info][gc,heap        ] GC(108) ParOldGen: 101498K(133632K)->108691K(133632K)
[2026-03-27T03:07:21.701+0900][9.578s][info][gc,metaspace   ] GC(108) Metaspace: 283K(512K)->283K(512K) NonClass: 270K(384K)->270K(384K) Class: 12K(128K)->12K(128K)
[2026-03-27T03:07:21.701+0900][9.578s][info][gc             ] GC(108) Pause Young (Allocation Failure) 135M->113M(167M) 1.627ms
[2026-03-27T03:07:21.701+0900][9.578s][info][gc,cpu         ] GC(108) User=0.00s Sys=0.00s Real=0.00s
[2026-03-27T03:07:21.704+0900][9.581s][info][gc,start       ] GC(109) Pause Young (Allocation Failure)
[2026-03-27T03:07:21.705+0900][9.583s][info][gc,heap        ] GC(109) PSYoungGen: 37595K(37888K)->7296K(39424K) Eden: 30042K(30208K)->0K(30208K) From: 7552K(7680K)->7296K(9216K)
[2026-03-27T03:07:21.705+0900][9.583s][info][gc,heap        ] GC(109) ParOldGen: 108691K(133632K)->115883K(133632K)
[2026-03-27T03:07:21.705+0900][9.583s][info][gc,metaspace   ] GC(109) Metaspace: 283K(512K)->283K(512K) NonClass: 270K(384K)->270K(384K) Class: 12K(128K)->12K(128K)
[2026-03-27T03:07:21.705+0900][9.583s][info][gc             ] GC(109) Pause Young (Allocation Failure) 142M->120M(169M) 1.160ms
[2026-03-27T03:07:21.705+0900][9.583s][info][gc,cpu         ] GC(109) User=0.00s Sys=0.02s Real=0.00s
[2026-03-27T03:07:21.809+0900][9.687s][info][gc,start       ] GC(110) Pause Young (Allocation Failure)
[2026-03-27T03:07:21.811+0900][9.688s][info][gc,heap        ] GC(110) PSYoungGen: 37339K(39424K)->7296K(37376K) Eden: 30043K(30208K)->0K(29696K) From: 7296K(9216K)->7296K(7680K)
[2026-03-27T03:07:21.811+0900][9.688s][info][gc,heap        ] GC(110) ParOldGen: 115883K(133632K)->123075K(133632K)
[2026-03-27T03:07:21.811+0900][9.688s][info][gc,metaspace   ] GC(110) Metaspace: 283K(512K)->283K(512K) NonClass: 270K(384K)->270K(384K) Class: 12K(128K)->12K(128K)
[2026-03-27T03:07:21.811+0900][9.688s][info][gc             ] GC(110) Pause Young (Allocation Failure) 149M->127M(167M) 1.741ms
[2026-03-27T03:07:21.811+0900][9.688s][info][gc,cpu         ] GC(110) User=0.00s Sys=0.00s Real=0.00s
[2026-03-27T03:07:21.917+0900][9.795s][info][gc,start       ] GC(111) Pause Young (Allocation Failure)
[2026-03-27T03:07:21.918+0900][9.797s][info][gc,heap        ] GC(111) PSYoungGen: 36561K(37376K)->7552K(37888K) Eden: 29265K(29696K)->0K(29184K) From: 7296K(7680K)->7552K(8704K)
[2026-03-27T03:07:21.918+0900][9.797s][info][gc,heap        ] GC(111) ParOldGen: 123075K(133632K)->130267K(133632K)
[2026-03-27T03:07:21.918+0900][9.797s][info][gc,metaspace   ] GC(111) Metaspace: 283K(512K)->283K(512K) NonClass: 270K(384K)->270K(384K) Class: 12K(128K)->12K(128K)
[2026-03-27T03:07:21.918+0900][9.797s][info][gc             ] GC(111) Pause Young (Allocation Failure) 155M->134M(167M) 1.505ms
[2026-03-27T03:07:21.918+0900][9.797s][info][gc,cpu         ] GC(111) User=0.00s Sys=0.00s Real=0.00s
[2026-03-27T03:07:21.918+0900][9.797s][info][gc,start       ] GC(112) Pause Full (Ergonomics)
[2026-03-27T03:07:21.918+0900][9.797s][info][gc,phases,start] GC(112) Marking Phase
[2026-03-27T03:07:21.920+0900][9.798s][info][gc,phases      ] GC(112) Marking Phase 1.463ms
[2026-03-27T03:07:21.920+0900][9.798s][info][gc,phases,start] GC(112) Summary Phase
[2026-03-27T03:07:21.920+0900][9.798s][info][gc,phases      ] GC(112) Summary Phase 0.012ms
[2026-03-27T03:07:21.920+0900][9.798s][info][gc,phases,start] GC(112) Adjust Roots
[2026-03-27T03:07:21.921+0900][9.799s][info][gc,phases      ] GC(112) Adjust Roots 0.266ms
[2026-03-27T03:07:21.921+0900][9.799s][info][gc,phases,start] GC(112) Compaction Phase
[2026-03-27T03:07:21.923+0900][9.801s][info][gc,phases      ] GC(112) Compaction Phase 2.602ms
[2026-03-27T03:07:21.923+0900][9.801s][info][gc,phases,start] GC(112) Post Compact
[2026-03-27T03:07:21.924+0900][9.802s][info][gc,phases      ] GC(112) Post Compact 0.401ms
[2026-03-27T03:07:21.924+0900][9.802s][info][gc,heap        ] GC(112) PSYoungGen: 7552K(37888K)->0K(29184K) Eden: 0K(29184K)->0K(28672K) From: 7552K(8704K)->0K(512K)
[2026-03-27T03:07:21.924+0900][9.802s][info][gc,heap        ] GC(112) ParOldGen: 130267K(133632K)->63513K(124416K)
[2026-03-27T03:07:21.924+0900][9.802s][info][gc,metaspace   ] GC(112) Metaspace: 283K(512K)->283K(512K) NonClass: 270K(384K)->270K(384K) Class: 12K(128K)->12K(128K)
[2026-03-27T03:07:21.924+0900][9.802s][info][gc             ] GC(112) Pause Full (Ergonomics) 134M->62M(150M) 5.399ms
[2026-03-27T03:07:21.924+0900][9.802s][info][gc,cpu         ] GC(112) User=0.06s Sys=0.00s Real=0.01s
[2026-03-27T03:07:21.928+0900][9.805s][info][gc,start       ] GC(113) Pause Young (Allocation Failure)
[2026-03-27T03:07:21.928+0900][9.806s][info][gc,heap        ] GC(113) PSYoungGen: 28476K(29184K)->8288K(36864K) Eden: 28476K(28672K)->0K(28160K) From: 0K(512K)->8288K(8704K)
[2026-03-27T03:07:21.928+0900][9.806s][info][gc,heap        ] GC(113) ParOldGen: 63513K(124416K)->63513K(124416K)
[2026-03-27T03:07:21.928+0900][9.806s][info][gc,metaspace   ] GC(113) Metaspace: 283K(512K)->283K(512K) NonClass: 270K(384K)->270K(384K) Class: 12K(128K)->12K(128K)
[2026-03-27T03:07:21.928+0900][9.806s][info][gc             ] GC(113) Pause Young (Allocation Failure) 89M->70M(157M) 0.758ms
[2026-03-27T03:07:21.928+0900][9.806s][info][gc,cpu         ] GC(113) User=0.00s Sys=0.00s Real=0.00s
[2026-03-27T03:07:22.042+0900][9.920s][info][gc,start       ] GC(114) Pause Young (Allocation Failure)
[2026-03-27T03:07:22.044+0900][9.921s][info][gc,heap        ] GC(114) PSYoungGen: 34447K(36864K)->6496K(37376K) Eden: 26159K(28160K)->0K(28160K) From: 8288K(8704K)->6496K(9216K)
[2026-03-27T03:07:22.044+0900][9.921s][info][gc,heap        ] GC(114) ParOldGen: 63513K(124416K)->71729K(124416K)
[2026-03-27T03:07:22.044+0900][9.921s][info][gc,metaspace   ] GC(114) Metaspace: 283K(512K)->283K(512K) NonClass: 270K(384K)->270K(384K) Class: 12K(128K)->12K(128K)
[2026-03-27T03:07:22.044+0900][9.921s][info][gc             ] GC(114) Pause Young (Allocation Failure) 95M->76M(158M) 1.391ms
[2026-03-27T03:07:22.044+0900][9.921s][info][gc,cpu         ] GC(114) User=0.00s Sys=0.00s Real=0.00s
[2026-03-27T03:07:22.046+0900][9.924s][info][gc,start       ] GC(115) Pause Young (Allocation Failure)
[2026-03-27T03:07:22.047+0900][9.925s][info][gc,heap        ] GC(115) PSYoungGen: 34448K(37376K)->6272K(37376K) Eden: 27952K(28160K)->0K(28160K) From: 6496K(9216K)->6272K(9216K)
[2026-03-27T03:07:22.047+0900][9.925s][info][gc,heap        ] GC(115) ParOldGen: 71729K(124416K)->77898K(124416K)
[2026-03-27T03:07:22.047+0900][9.925s][info][gc,metaspace   ] GC(115) Metaspace: 283K(512K)->283K(512K) NonClass: 270K(384K)->270K(384K) Class: 12K(128K)->12K(128K)
[2026-03-27T03:07:22.047+0900][9.925s][info][gc             ] GC(115) Pause Young (Allocation Failure) 103M->82M(158M) 0.888ms
[2026-03-27T03:07:22.047+0900][9.925s][info][gc,cpu         ] GC(115) User=0.00s Sys=0.00s Real=0.00s
[2026-03-27T03:07:22.152+0900][10.030s][info][gc,start       ] GC(116) Pause Young (Allocation Failure)
[2026-03-27T03:07:22.154+0900][10.031s][info][gc,heap        ] GC(116) PSYoungGen: 33969K(37376K)->7552K(37376K) Eden: 27697K(28160K)->0K(28160K) From: 6272K(9216K)->7552K(9216K)
[2026-03-27T03:07:22.154+0900][10.031s][info][gc,heap        ] GC(116) ParOldGen: 77898K(124416K)->84066K(124416K)
[2026-03-27T03:07:22.154+0900][10.031s][info][gc,metaspace   ] GC(116) Metaspace: 283K(512K)->283K(512K) NonClass: 270K(384K)->270K(384K) Class: 12K(128K)->12K(128K)
[2026-03-27T03:07:22.154+0900][10.031s][info][gc             ] GC(116) Pause Young (Allocation Failure) 109M->89M(158M) 1.182ms
[2026-03-27T03:07:22.154+0900][10.031s][info][gc,cpu         ] GC(116) User=0.00s Sys=0.00s Real=0.00s
[2026-03-27T03:07:22.260+0900][10.137s][info][gc,start       ] GC(117) Pause Young (Allocation Failure)
[2026-03-27T03:07:22.261+0900][10.138s][info][gc,heap        ] GC(117) PSYoungGen: 35506K(37376K)->6272K(37376K) Eden: 27954K(28160K)->0K(28160K) From: 7552K(9216K)->6272K(9216K)
[2026-03-27T03:07:22.261+0900][10.138s][info][gc,heap        ] GC(117) ParOldGen: 84066K(124416K)->91258K(124416K)
[2026-03-27T03:07:22.261+0900][10.138s][info][gc,metaspace   ] GC(117) Metaspace: 283K(512K)->283K(512K) NonClass: 270K(384K)->270K(384K) Class: 12K(128K)->12K(128K)
[2026-03-27T03:07:22.261+0900][10.138s][info][gc             ] GC(117) Pause Young (Allocation Failure) 116M->95M(158M) 1.142ms
[2026-03-27T03:07:22.261+0900][10.138s][info][gc,cpu         ] GC(117) User=0.00s Sys=0.00s Real=0.00s
[2026-03-27T03:07:22.263+0900][10.141s][info][gc,start       ] GC(118) Pause Young (Allocation Failure)
[2026-03-27T03:07:22.264+0900][10.142s][info][gc,heap        ] GC(118) PSYoungGen: 32946K(37376K)->6528K(37376K) Eden: 26674K(28160K)->0K(28160K) From: 6272K(9216K)->6528K(9216K)
[2026-03-27T03:07:22.264+0900][10.142s][info][gc,heap        ] GC(118) ParOldGen: 91258K(124416K)->97426K(124416K)
[2026-03-27T03:07:22.264+0900][10.142s][info][gc,metaspace   ] GC(118) Metaspace: 283K(512K)->283K(512K) NonClass: 270K(384K)->270K(384K) Class: 12K(128K)->12K(128K)
[2026-03-27T03:07:22.264+0900][10.142s][info][gc             ] GC(118) Pause Young (Allocation Failure) 121M->101M(158M) 0.942ms
[2026-03-27T03:07:22.264+0900][10.142s][info][gc,cpu         ] GC(118) User=0.00s Sys=0.00s Real=0.00s
[2026-03-27T03:07:22.368+0900][10.246s][info][gc,start       ] GC(119) Pause Young (Allocation Failure)
[2026-03-27T03:07:22.370+0900][10.247s][info][gc,heap        ] GC(119) PSYoungGen: 34483K(37376K)->6272K(34816K) Eden: 27954K(28160K)->0K(28160K) From: 6528K(9216K)->6272K(6656K)
[2026-03-27T03:07:22.370+0900][10.248s][info][gc,heap        ] GC(119) ParOldGen: 97426K(124416K)->103594K(124416K)
[2026-03-27T03:07:22.370+0900][10.248s][info][gc,metaspace   ] GC(119) Metaspace: 283K(512K)->283K(512K) NonClass: 270K(384K)->270K(384K) Class: 12K(128K)->12K(128K)
[2026-03-27T03:07:22.370+0900][10.248s][info][gc             ] GC(119) Pause Young (Allocation Failure) 128M->107M(155M) 1.681ms
[2026-03-27T03:07:22.370+0900][10.248s][info][gc,cpu         ] GC(119) User=0.00s Sys=0.00s Real=0.00s
[2026-03-27T03:07:22.476+0900][10.354s][info][gc,start       ] GC(120) Pause Young (Allocation Failure)
[2026-03-27T03:07:22.479+0900][10.357s][info][gc,heap        ] GC(120) PSYoungGen: 33971K(34816K)->7552K(35840K) Eden: 27699K(28160K)->0K(28160K) From: 6272K(6656K)->7552K(7680K)
[2026-03-27T03:07:22.479+0900][10.357s][info][gc,heap        ] GC(120) ParOldGen: 103594K(124416K)->109762K(124416K)
[2026-03-27T03:07:22.479+0900][10.357s][info][gc,metaspace   ] GC(120) Metaspace: 283K(512K)->283K(512K) NonClass: 270K(384K)->270K(384K) Class: 12K(128K)->12K(128K)
[2026-03-27T03:07:22.479+0900][10.357s][info][gc             ] GC(120) Pause Young (Allocation Failure) 134M->114M(156M) 2.685ms
[2026-03-27T03:07:22.479+0900][10.357s][info][gc,cpu         ] GC(120) User=0.00s Sys=0.00s Real=0.00s
[2026-03-27T03:07:22.482+0900][10.360s][info][gc,start       ] GC(121) Pause Young (Allocation Failure)
[2026-03-27T03:07:22.483+0900][10.361s][info][gc,heap        ] GC(121) PSYoungGen: 35507K(35840K)->6240K(37376K) Eden: 27955K(28160K)->0K(29696K) From: 7552K(7680K)->6240K(7680K)
[2026-03-27T03:07:22.483+0900][10.361s][info][gc,heap        ] GC(121) ParOldGen: 109762K(124416K)->116954K(124416K)
[2026-03-27T03:07:22.483+0900][10.361s][info][gc,metaspace   ] GC(121) Metaspace: 283K(512K)->283K(512K) NonClass: 270K(384K)->270K(384K) Class: 12K(128K)->12K(128K)
[2026-03-27T03:07:22.483+0900][10.361s][info][gc             ] GC(121) Pause Young (Allocation Failure) 141M->120M(158M) 1.222ms
[2026-03-27T03:07:22.483+0900][10.361s][info][gc,cpu         ] GC(121) User=0.00s Sys=0.00s Real=0.00s
[2026-03-27T03:07:22.483+0900][10.361s][info][gc,start       ] GC(122) Pause Full (Ergonomics)
[2026-03-27T03:07:22.483+0900][10.361s][info][gc,phases,start] GC(122) Marking Phase
[2026-03-27T03:07:22.483+0900][10.362s][info][gc,phases      ] GC(122) Marking Phase 0.996ms
[2026-03-27T03:07:22.483+0900][10.362s][info][gc,phases,start] GC(122) Summary Phase
[2026-03-27T03:07:22.483+0900][10.362s][info][gc,phases      ] GC(122) Summary Phase 0.010ms
[2026-03-27T03:07:22.483+0900][10.362s][info][gc,phases,start] GC(122) Adjust Roots
[2026-03-27T03:07:22.485+0900][10.362s][info][gc,phases      ] GC(122) Adjust Roots 0.206ms
[2026-03-27T03:07:22.485+0900][10.362s][info][gc,phases,start] GC(122) Compaction Phase
[2026-03-27T03:07:22.488+0900][10.366s][info][gc,phases      ] GC(122) Compaction Phase 3.118ms
[2026-03-27T03:07:22.488+0900][10.366s][info][gc,phases,start] GC(122) Post Compact
[2026-03-27T03:07:22.488+0900][10.366s][info][gc,phases      ] GC(122) Post Compact 0.374ms
[2026-03-27T03:07:22.488+0900][10.366s][info][gc,heap        ] GC(122) PSYoungGen: 6240K(37376K)->0K(38912K) Eden: 0K(29696K)->0K(29696K) From: 6240K(7680K)->0K(9216K)
[2026-03-27T03:07:22.488+0900][10.366s][info][gc,heap        ] GC(122) ParOldGen: 116954K(124416K)->69402K(130048K)
[2026-03-27T03:07:22.488+0900][10.366s][info][gc,metaspace   ] GC(122) Metaspace: 283K(512K)->283K(512K) NonClass: 270K(384K)->270K(384K) Class: 12K(128K)->12K(128K)
[2026-03-27T03:07:22.488+0900][10.366s][info][gc             ] GC(122) Pause Full (Ergonomics) 120M->67M(165M) 4.922ms
[2026-03-27T03:07:22.488+0900][10.366s][info][gc,cpu         ] GC(122) User=0.06s Sys=0.00s Real=0.00s
[2026-03-27T03:07:22.601+0900][10.479s][info][gc,start       ] GC(123) Pause Young (Allocation Failure)
[2026-03-27T03:07:22.603+0900][10.481s][info][gc,heap        ] GC(123) PSYoungGen: 29522K(38912K)->6528K(35840K) Eden: 29522K(29696K)->0K(29184K) From: 0K(9216K)->6528K(6656K)
[2026-03-27T03:07:22.603+0900][10.481s][info][gc,heap        ] GC(123) ParOldGen: 69402K(130048K)->69402K(130048K)
[2026-03-27T03:07:22.603+0900][10.481s][info][gc,metaspace   ] GC(123) Metaspace: 283K(512K)->283K(512K) NonClass: 270K(384K)->270K(384K) Class: 12K(128K)->12K(128K)
[2026-03-27T03:07:22.603+0900][10.481s][info][gc             ] GC(123) Pause Young (Allocation Failure) 96M->74M(162M) 1.638ms
[2026-03-27T03:07:22.603+0900][10.481s][info][gc,cpu         ] GC(123) User=0.00s Sys=0.00s Real=0.00s
[2026-03-27T03:07:22.606+0900][10.483s][info][gc,start       ] GC(124) Pause Young (Allocation Failure)
[2026-03-27T03:07:22.607+0900][10.484s][info][gc,heap        ] GC(124) PSYoungGen: 35524K(35840K)->7296K(42496K) Eden: 28996K(29184K)->0K(33280K) From: 6528K(6656K)->7296K(9216K)
[2026-03-27T03:07:22.607+0900][10.484s][info][gc,heap        ] GC(124) ParOldGen: 69402K(130048K)->75826K(130048K)
[2026-03-27T03:07:22.607+0900][10.484s][info][gc,metaspace   ] GC(124) Metaspace: 283K(512K)->283K(512K) NonClass: 270K(384K)->270K(384K) Class: 12K(128K)->12K(128K)
[2026-03-27T03:07:22.607+0900][10.484s][info][gc             ] GC(124) Pause Young (Allocation Failure) 102M->81M(168M) 1.147ms
[2026-03-27T03:07:22.607+0900][10.484s][info][gc,cpu         ] GC(124) User=0.00s Sys=0.00s Real=0.00s
[2026-03-27T03:07:22.713+0900][10.590s][info][gc,start       ] GC(125) Pause Young (Allocation Failure)
[2026-03-27T03:07:22.714+0900][10.592s][info][gc,heap        ] GC(125) PSYoungGen: 40470K(42496K)->8320K(44544K) Eden: 33174K(33280K)->0K(35328K) From: 7296K(9216K)->8320K(9216K)
[2026-03-27T03:07:22.714+0900][10.592s][info][gc,heap        ] GC(125) ParOldGen: 75826K(130048K)->83018K(130048K)
[2026-03-27T03:07:22.714+0900][10.592s][info][gc,metaspace   ] GC(125) Metaspace: 283K(512K)->283K(512K) NonClass: 270K(384K)->270K(384K) Class: 12K(128K)->12K(128K)
[2026-03-27T03:07:22.714+0900][10.592s][info][gc             ] GC(125) Pause Young (Allocation Failure) 113M->89M(170M) 1.371ms
[2026-03-27T03:07:22.714+0900][10.592s][info][gc,cpu         ] GC(125) User=0.00s Sys=0.00s Real=0.00s
[2026-03-27T03:07:22.822+0900][10.699s][info][gc,start       ] GC(126) Pause Young (Allocation Failure)
[2026-03-27T03:07:22.823+0900][10.701s][info][gc,heap        ] GC(126) PSYoungGen: 43328K(44544K)->8576K(44032K) Eden: 35008K(35328K)->0K(34816K) From: 8320K(9216K)->8576K(9216K)
[2026-03-27T03:07:22.823+0900][10.701s][info][gc,heap        ] GC(126) ParOldGen: 83018K(130048K)->91234K(130048K)
[2026-03-27T03:07:22.823+0900][10.701s][info][gc,metaspace   ] GC(126) Metaspace: 283K(512K)->283K(512K) NonClass: 270K(384K)->270K(384K) Class: 12K(128K)->12K(128K)
[2026-03-27T03:07:22.823+0900][10.701s][info][gc             ] GC(126) Pause Young (Allocation Failure) 123M->97M(170M) 1.379ms
[2026-03-27T03:07:22.823+0900][10.701s][info][gc,cpu         ] GC(126) User=0.00s Sys=0.00s Real=0.00s
[2026-03-27T03:07:22.930+0900][10.808s][info][gc,start       ] GC(127) Pause Young (Allocation Failure)
[2026-03-27T03:07:22.931+0900][10.809s][info][gc,heap        ] GC(127) PSYoungGen: 43318K(44032K)->7296K(42496K) Eden: 34741K(34816K)->0K(34304K) From: 8576K(9216K)->7296K(8192K)
[2026-03-27T03:07:22.931+0900][10.809s][info][gc,heap        ] GC(127) ParOldGen: 91234K(130048K)->99450K(130048K)
[2026-03-27T03:07:22.931+0900][10.809s][info][gc,metaspace   ] GC(127) Metaspace: 283K(512K)->283K(512K) NonClass: 270K(384K)->270K(384K) Class: 12K(128K)->12K(128K)
[2026-03-27T03:07:22.931+0900][10.809s][info][gc             ] GC(127) Pause Young (Allocation Failure) 131M->104M(168M) 1.490ms
[2026-03-27T03:07:22.931+0900][10.809s][info][gc,cpu         ] GC(127) User=0.00s Sys=0.00s Real=0.00s
[2026-03-27T03:07:23.039+0900][10.916s][info][gc,start       ] GC(128) Pause Young (Allocation Failure)
[2026-03-27T03:07:23.041+0900][10.918s][info][gc,heap        ] GC(128) PSYoungGen: 41515K(42496K)->8320K(43008K) Eden: 34219K(34304K)->0K(33792K) From: 7296K(8192K)->8320K(9216K)
[2026-03-27T03:07:23.041+0900][10.918s][info][gc,heap        ] GC(128) ParOldGen: 99450K(130048K)->106642K(130048K)
[2026-03-27T03:07:23.041+0900][10.918s][info][gc,metaspace   ] GC(128) Metaspace: 283K(512K)->283K(512K) NonClass: 270K(384K)->270K(384K) Class: 12K(128K)->12K(128K)
[2026-03-27T03:07:23.041+0900][10.918s][info][gc             ] GC(128) Pause Young (Allocation Failure) 137M->112M(169M) 1.962ms
[2026-03-27T03:07:23.041+0900][10.918s][info][gc,cpu         ] GC(128) User=0.00s Sys=0.00s Real=0.00s
[2026-03-27T03:07:23.045+0900][10.922s][info][gc,start       ] GC(129) Pause Young (Allocation Failure)
[2026-03-27T03:07:23.046+0900][10.924s][info][gc,heap        ] GC(129) PSYoungGen: 41761K(43008K)->7520K(41472K) Eden: 33441K(33792K)->0K(33280K) From: 8320K(9216K)->7520K(8192K)
[2026-03-27T03:07:23.046+0900][10.924s][info][gc,heap        ] GC(129) ParOldGen: 106642K(130048K)->114859K(130048K)
[2026-03-27T03:07:23.046+0900][10.924s][info][gc,metaspace   ] GC(129) Metaspace: 283K(512K)->283K(512K) NonClass: 270K(384K)->270K(384K) Class: 12K(128K)->12K(128K)
[2026-03-27T03:07:23.046+0900][10.924s][info][gc             ] GC(129) Pause Young (Allocation Failure) 144M->119M(167M) 1.327ms
[2026-03-27T03:07:23.046+0900][10.924s][info][gc,cpu         ] GC(129) User=0.00s Sys=0.00s Real=0.00s
[2026-03-27T03:07:23.164+0900][11.041s][info][gc,start       ] GC(130) Pause Young (Allocation Failure)
[2026-03-27T03:07:23.165+0900][11.043s][info][gc,heap        ] GC(130) PSYoungGen: 40695K(41472K)->8320K(41984K) Eden: 33175K(33280K)->0K(32768K) From: 7520K(8192K)->8320K(9216K)
[2026-03-27T03:07:23.165+0900][11.043s][info][gc,heap        ] GC(130) ParOldGen: 114859K(130048K)->122051K(130048K)
[2026-03-27T03:07:23.165+0900][11.043s][info][gc,metaspace   ] GC(130) Metaspace: 283K(512K)->283K(512K) NonClass: 270K(384K)->270K(384K) Class: 12K(128K)->12K(128K)
[2026-03-27T03:07:23.165+0900][11.043s][info][gc             ] GC(130) Pause Young (Allocation Failure) 151M->127M(168M) 1.510ms
[2026-03-27T03:07:23.165+0900][11.043s][info][gc,cpu         ] GC(130) User=0.00s Sys=0.00s Real=0.00s
[2026-03-27T03:07:23.165+0900][11.043s][info][gc,start       ] GC(131) Pause Full (Ergonomics)
[2026-03-27T03:07:23.165+0900][11.043s][info][gc,phases,start] GC(131) Marking Phase
[2026-03-27T03:07:23.166+0900][11.044s][info][gc,phases      ] GC(131) Marking Phase 1.199ms
[2026-03-27T03:07:23.166+0900][11.044s][info][gc,phases,start] GC(131) Summary Phase
[2026-03-27T03:07:23.166+0900][11.044s][info][gc,phases      ] GC(131) Summary Phase 0.009ms
[2026-03-27T03:07:23.166+0900][11.044s][info][gc,phases,start] GC(131) Adjust Roots
[2026-03-27T03:07:23.167+0900][11.045s][info][gc,phases      ] GC(131) Adjust Roots 0.362ms
[2026-03-27T03:07:23.167+0900][11.045s][info][gc,phases,start] GC(131) Compaction Phase
[2026-03-27T03:07:23.170+0900][11.048s][info][gc,phases      ] GC(131) Compaction Phase 2.878ms
[2026-03-27T03:07:23.170+0900][11.048s][info][gc,phases,start] GC(131) Post Compact
[2026-03-27T03:07:23.170+0900][11.048s][info][gc,phases      ] GC(131) Post Compact 0.432ms
[2026-03-27T03:07:23.170+0900][11.048s][info][gc,heap        ] GC(131) PSYoungGen: 8320K(41984K)->0K(41472K) Eden: 0K(32768K)->0K(32256K) From: 8320K(9216K)->0K(9216K)
[2026-03-27T03:07:23.170+0900][11.048s][info][gc,heap        ] GC(131) ParOldGen: 122051K(130048K)->68378K(129024K)
[2026-03-27T03:07:23.170+0900][11.048s][info][gc,metaspace   ] GC(131) Metaspace: 283K(512K)->283K(512K) NonClass: 270K(384K)->270K(384K) Class: 12K(128K)->12K(128K)
[2026-03-27T03:07:23.170+0900][11.048s][info][gc             ] GC(131) Pause Full (Ergonomics) 127M->66M(166M) 5.206ms
[2026-03-27T03:07:23.170+0900][11.048s][info][gc,cpu         ] GC(131) User=0.00s Sys=0.00s Real=0.01s
[2026-03-27T03:07:23.288+0900][11.165s][info][gc,start       ] GC(132) Pause Young (Allocation Failure)
[2026-03-27T03:07:23.289+0900][11.166s][info][gc,heap        ] GC(132) PSYoungGen: 32131K(41472K)->7552K(39424K) Eden: 32131K(32256K)->0K(31744K) From: 0K(9216K)->7552K(7680K)
[2026-03-27T03:07:23.289+0900][11.166s][info][gc,heap        ] GC(132) ParOldGen: 68378K(129024K)->68378K(129024K)
[2026-03-27T03:07:23.289+0900][11.166s][info][gc,metaspace   ] GC(132) Metaspace: 283K(512K)->283K(512K) NonClass: 270K(384K)->270K(384K) Class: 12K(128K)->12K(128K)
[2026-03-27T03:07:23.289+0900][11.166s][info][gc             ] GC(132) Pause Young (Allocation Failure) 98M->74M(164M) 1.275ms
[2026-03-27T03:07:23.289+0900][11.166s][info][gc,cpu         ] GC(132) User=0.00s Sys=0.00s Real=0.00s
[2026-03-27T03:07:23.395+0900][11.273s][info][gc,start       ] GC(133) Pause Young (Allocation Failure)
[2026-03-27T03:07:23.396+0900][11.274s][info][gc,heap        ] GC(133) PSYoungGen: 38901K(39424K)->8576K(40448K) Eden: 31349K(31744K)->0K(31232K) From: 7552K(7680K)->8576K(9216K)
[2026-03-27T03:07:23.396+0900][11.274s][info][gc,heap        ] GC(133) ParOldGen: 68378K(129024K)->75826K(129024K)
[2026-03-27T03:07:23.396+0900][11.274s][info][gc,metaspace   ] GC(133) Metaspace: 283K(512K)->283K(512K) NonClass: 270K(384K)->270K(384K) Class: 12K(128K)->12K(128K)
[2026-03-27T03:07:23.396+0900][11.274s][info][gc             ] GC(133) Pause Young (Allocation Failure) 104M->82M(165M) 1.242ms
[2026-03-27T03:07:23.396+0900][11.274s][info][gc,cpu         ] GC(133) User=0.00s Sys=0.00s Real=0.00s
[2026-03-27T03:07:23.399+0900][11.277s][info][gc,start       ] GC(134) Pause Young (Allocation Failure)
[2026-03-27T03:07:23.400+0900][11.278s][info][gc,heap        ] GC(134) PSYoungGen: 38893K(40448K)->6496K(37376K) Eden: 30317K(31232K)->0K(30720K) From: 8576K(9216K)->6496K(6656K)
[2026-03-27T03:07:23.401+0900][11.278s][info][gc,heap        ] GC(134) ParOldGen: 75826K(129024K)->84042K(129024K)
[2026-03-27T03:07:23.401+0900][11.278s][info][gc,metaspace   ] GC(134) Metaspace: 283K(512K)->283K(512K) NonClass: 270K(384K)->270K(384K) Class: 12K(128K)->12K(128K)
[2026-03-27T03:07:23.401+0900][11.278s][info][gc             ] GC(134) Pause Young (Allocation Failure) 112M->88M(162M) 1.110ms
[2026-03-27T03:07:23.401+0900][11.278s][info][gc,cpu         ] GC(134) User=0.00s Sys=0.00s Real=0.00s
[2026-03-27T03:07:23.506+0900][11.384s][info][gc,start       ] GC(135) Pause Young (Allocation Failure)
[2026-03-27T03:07:23.507+0900][11.385s][info][gc,heap        ] GC(135) PSYoungGen: 37059K(37376K)->7296K(39424K) Eden: 30563K(30720K)->0K(30208K) From: 6496K(6656K)->7296K(9216K)
[2026-03-27T03:07:23.507+0900][11.385s][info][gc,heap        ] GC(135) ParOldGen: 84042K(129024K)->90210K(129024K)
[2026-03-27T03:07:23.507+0900][11.385s][info][gc,metaspace   ] GC(135) Metaspace: 283K(512K)->283K(512K) NonClass: 270K(384K)->270K(384K) Class: 12K(128K)->12K(128K)
[2026-03-27T03:07:23.507+0900][11.385s][info][gc             ] GC(135) Pause Young (Allocation Failure) 118M->95M(164M) 1.540ms
[2026-03-27T03:07:23.507+0900][11.385s][info][gc,cpu         ] GC(135) User=0.00s Sys=0.00s Real=0.00s
[2026-03-27T03:07:23.612+0900][11.490s][info][gc,start       ] GC(136) Pause Young (Allocation Failure)
[2026-03-27T03:07:23.614+0900][11.491s][info][gc,heap        ] GC(136) PSYoungGen: 37338K(39424K)->7296K(37376K) Eden: 30042K(30208K)->0K(29696K) From: 7296K(9216K)->7296K(7680K)
[2026-03-27T03:07:23.614+0900][11.491s][info][gc,heap        ] GC(136) ParOldGen: 90210K(129024K)->97402K(129024K)
[2026-03-27T03:07:23.614+0900][11.491s][info][gc,metaspace   ] GC(136) Metaspace: 283K(512K)->283K(512K) NonClass: 270K(384K)->270K(384K) Class: 12K(128K)->12K(128K)
[2026-03-27T03:07:23.614+0900][11.491s][info][gc             ] GC(136) Pause Young (Allocation Failure) 124M->102M(162M) 1.551ms
[2026-03-27T03:07:23.614+0900][11.491s][info][gc,cpu         ] GC(136) User=0.00s Sys=0.00s Real=0.00s
[2026-03-27T03:07:23.616+0900][11.494s][info][gc,start       ] GC(137) Pause Young (Allocation Failure)
[2026-03-27T03:07:23.618+0900][11.496s][info][gc,heap        ] GC(137) PSYoungGen: 36816K(37376K)->7296K(38912K) Eden: 29520K(29696K)->0K(29696K) From: 7296K(7680K)->7296K(9216K)
[2026-03-27T03:07:23.618+0900][11.496s][info][gc,heap        ] GC(137) ParOldGen: 97402K(129024K)->104594K(129024K)
[2026-03-27T03:07:23.618+0900][11.496s][info][gc,metaspace   ] GC(137) Metaspace: 283K(512K)->283K(512K) NonClass: 270K(384K)->270K(384K) Class: 12K(128K)->12K(128K)
[2026-03-27T03:07:23.618+0900][11.496s][info][gc             ] GC(137) Pause Young (Allocation Failure) 131M->109M(164M) 1.257ms
[2026-03-27T03:07:23.618+0900][11.496s][info][gc,cpu         ] GC(137) User=0.00s Sys=0.00s Real=0.00s
[2026-03-27T03:07:23.736+0900][11.613s][info][gc,start       ] GC(138) Pause Young (Allocation Failure)
[2026-03-27T03:07:23.737+0900][11.615s][info][gc,heap        ] GC(138) PSYoungGen: 36817K(38912K)->6528K(35840K) Eden: 29520K(29696K)->0K(29184K) From: 7296K(9216K)->6528K(6656K)
[2026-03-27T03:07:23.737+0900][11.615s][info][gc,heap        ] GC(138) ParOldGen: 104594K(129024K)->111786K(129024K)
[2026-03-27T03:07:23.737+0900][11.615s][info][gc,metaspace   ] GC(138) Metaspace: 283K(512K)->283K(512K) NonClass: 270K(384K)->270K(384K) Class: 12K(128K)->12K(128K)
[2026-03-27T03:07:23.737+0900][11.615s][info][gc             ] GC(138) Pause Young (Allocation Failure) 138M->115M(161M) 1.308ms
[2026-03-27T03:07:23.737+0900][11.615s][info][gc,cpu         ] GC(138) User=0.00s Sys=0.00s Real=0.00s
[2026-03-27T03:07:23.844+0900][11.722s][info][gc,start       ] GC(139) Pause Young (Allocation Failure)
[2026-03-27T03:07:23.846+0900][11.723s][info][gc,heap        ] GC(139) PSYoungGen: 35527K(35840K)->7296K(37376K) Eden: 28998K(29184K)->0K(28672K) From: 6528K(6656K)->7296K(8704K)
[2026-03-27T03:07:23.846+0900][11.724s][info][gc,heap        ] GC(139) ParOldGen: 111786K(129024K)->117955K(129024K)
[2026-03-27T03:07:23.846+0900][11.724s][info][gc,metaspace   ] GC(139) Metaspace: 283K(512K)->283K(512K) NonClass: 270K(384K)->270K(384K) Class: 12K(128K)->12K(128K)
[2026-03-27T03:07:23.846+0900][11.724s][info][gc             ] GC(139) Pause Young (Allocation Failure) 143M->122M(162M) 1.522ms
[2026-03-27T03:07:23.846+0900][11.724s][info][gc,cpu         ] GC(139) User=0.00s Sys=0.00s Real=0.00s
[2026-03-27T03:07:23.849+0900][11.726s][info][gc,start       ] GC(140) Pause Young (Allocation Failure)
[2026-03-27T03:07:23.850+0900][11.727s][info][gc,heap        ] GC(140) PSYoungGen: 35261K(37376K)->6496K(37888K) Eden: 27964K(28672K)->0K(28672K) From: 7296K(8704K)->6496K(9216K)
[2026-03-27T03:07:23.850+0900][11.727s][info][gc,heap        ] GC(140) ParOldGen: 117955K(129024K)->125147K(129024K)
[2026-03-27T03:07:23.850+0900][11.727s][info][gc,metaspace   ] GC(140) Metaspace: 283K(512K)->283K(512K) NonClass: 270K(384K)->270K(384K) Class: 12K(128K)->12K(128K)
[2026-03-27T03:07:23.850+0900][11.727s][info][gc             ] GC(140) Pause Young (Allocation Failure) 149M->128M(163M) 1.083ms
[2026-03-27T03:07:23.850+0900][11.727s][info][gc,cpu         ] GC(140) User=0.00s Sys=0.00s Real=0.00s
[2026-03-27T03:07:23.850+0900][11.727s][info][gc,start       ] GC(141) Pause Full (Ergonomics)
[2026-03-27T03:07:23.850+0900][11.727s][info][gc,phases,start] GC(141) Marking Phase
[2026-03-27T03:07:23.851+0900][11.728s][info][gc,phases      ] GC(141) Marking Phase 1.115ms
[2026-03-27T03:07:23.851+0900][11.728s][info][gc,phases,start] GC(141) Summary Phase
[2026-03-27T03:07:23.851+0900][11.728s][info][gc,phases      ] GC(141) Summary Phase 0.009ms
[2026-03-27T03:07:23.851+0900][11.728s][info][gc,phases,start] GC(141) Adjust Roots
[2026-03-27T03:07:23.851+0900][11.729s][info][gc,phases      ] GC(141) Adjust Roots 0.164ms
[2026-03-27T03:07:23.851+0900][11.729s][info][gc,phases,start] GC(141) Compaction Phase
[2026-03-27T03:07:23.854+0900][11.731s][info][gc,phases      ] GC(141) Compaction Phase 2.834ms
[2026-03-27T03:07:23.854+0900][11.732s][info][gc,phases,start] GC(141) Post Compact
[2026-03-27T03:07:23.854+0900][11.732s][info][gc,phases      ] GC(141) Post Compact 0.349ms
[2026-03-27T03:07:23.854+0900][11.732s][info][gc,heap        ] GC(141) PSYoungGen: 6496K(37888K)->0K(44032K) Eden: 0K(28672K)->0K(34816K) From: 6496K(9216K)->0K(9216K)
[2026-03-27T03:07:23.854+0900][11.732s][info][gc,heap        ] GC(141) ParOldGen: 125147K(129024K)->69658K(130560K)
[2026-03-27T03:07:23.854+0900][11.732s][info][gc,metaspace   ] GC(141) Metaspace: 283K(512K)->283K(512K) NonClass: 270K(384K)->270K(384K) Class: 12K(128K)->12K(128K)
[2026-03-27T03:07:23.854+0900][11.732s][info][gc             ] GC(141) Pause Full (Ergonomics) 128M->68M(170M) 4.631ms
[2026-03-27T03:07:23.854+0900][11.732s][info][gc,cpu         ] GC(141) User=0.00s Sys=0.00s Real=0.00s
[2026-03-27T03:07:23.970+0900][11.848s][info][gc,start       ] GC(142) Pause Young (Allocation Failure)
[2026-03-27T03:07:23.971+0900][11.849s][info][gc,heap        ] GC(142) PSYoungGen: 34743K(44032K)->8288K(43008K) Eden: 34743K(34816K)->0K(34304K) From: 0K(9216K)->8288K(8704K)
[2026-03-27T03:07:23.971+0900][11.849s][info][gc,heap        ] GC(142) ParOldGen: 69658K(130560K)->69658K(130560K)
[2026-03-27T03:07:23.971+0900][11.849s][info][gc,metaspace   ] GC(142) Metaspace: 283K(512K)->283K(512K) NonClass: 270K(384K)->270K(384K) Class: 12K(128K)->12K(128K)
[2026-03-27T03:07:23.971+0900][11.849s][info][gc             ] GC(142) Pause Young (Allocation Failure) 101M->76M(169M) 1.158ms
[2026-03-27T03:07:23.971+0900][11.849s][info][gc,cpu         ] GC(142) User=0.00s Sys=0.00s Real=0.00s
[2026-03-27T03:07:24.078+0900][11.956s][info][gc,start       ] GC(143) Pause Young (Allocation Failure)
[2026-03-27T03:07:24.080+0900][11.958s][info][gc,heap        ] GC(143) PSYoungGen: 42249K(43008K)->8576K(43008K) Eden: 33961K(34304K)->0K(33792K) From: 8288K(8704K)->8576K(9216K)
[2026-03-27T03:07:24.080+0900][11.958s][info][gc,heap        ] GC(143) ParOldGen: 69658K(130560K)->77874K(130560K)
[2026-03-27T03:07:24.080+0900][11.958s][info][gc,metaspace   ] GC(143) Metaspace: 283K(512K)->283K(512K) NonClass: 270K(384K)->270K(384K) Class: 12K(128K)->12K(128K)
[2026-03-27T03:07:24.080+0900][11.958s][info][gc             ] GC(143) Pause Young (Allocation Failure) 109M->84M(169M) 1.894ms
[2026-03-27T03:07:24.080+0900][11.958s][info][gc,cpu         ] GC(143) User=0.06s Sys=0.00s Real=0.00s
[2026-03-27T03:07:24.186+0900][12.064s][info][gc,start       ] GC(144) Pause Young (Allocation Failure)
[2026-03-27T03:07:24.188+0900][12.065s][info][gc,heap        ] GC(144) PSYoungGen: 42272K(43008K)->8576K(41984K) Eden: 33696K(33792K)->0K(33280K) From: 8576K(9216K)->8576K(8704K)
[2026-03-27T03:07:24.188+0900][12.065s][info][gc,heap        ] GC(144) ParOldGen: 77874K(130560K)->86090K(130560K)
[2026-03-27T03:07:24.188+0900][12.065s][info][gc,metaspace   ] GC(144) Metaspace: 283K(512K)->283K(512K) NonClass: 270K(384K)->270K(384K) Class: 12K(128K)->12K(128K)
[2026-03-27T03:07:24.188+0900][12.065s][info][gc             ] GC(144) Pause Young (Allocation Failure) 117M->92M(168M) 1.515ms
[2026-03-27T03:07:24.188+0900][12.065s][info][gc,cpu         ] GC(144) User=0.00s Sys=0.00s Real=0.00s
[2026-03-27T03:07:24.191+0900][12.069s][info][gc,start       ] GC(145) Pause Young (Allocation Failure)
[2026-03-27T03:07:24.192+0900][12.070s][info][gc,heap        ] GC(145) PSYoungGen: 41238K(41984K)->7520K(41984K) Eden: 32662K(33280K)->0K(32768K) From: 8576K(8704K)->7520K(9216K)
[2026-03-27T03:07:24.192+0900][12.070s][info][gc,heap        ] GC(145) ParOldGen: 86090K(130560K)->94306K(130560K)
[2026-03-27T03:07:24.192+0900][12.070s][info][gc,metaspace   ] GC(145) Metaspace: 283K(512K)->283K(512K) NonClass: 270K(384K)->270K(384K) Class: 12K(128K)->12K(128K)
[2026-03-27T03:07:24.192+0900][12.070s][info][gc             ] GC(145) Pause Young (Allocation Failure) 124M->99M(168M) 1.076ms
[2026-03-27T03:07:24.192+0900][12.070s][info][gc,cpu         ] GC(145) User=0.00s Sys=0.00s Real=0.00s
[2026-03-27T03:07:24.298+0900][12.175s][info][gc,start       ] GC(146) Pause Young (Allocation Failure)
[2026-03-27T03:07:24.299+0900][12.177s][info][gc,heap        ] GC(146) PSYoungGen: 40173K(41984K)->7552K(39936K) Eden: 32652K(32768K)->0K(32256K) From: 7520K(9216K)->7552K(7680K)
[2026-03-27T03:07:24.299+0900][12.177s][info][gc,heap        ] GC(146) ParOldGen: 94306K(130560K)->101498K(130560K)
[2026-03-27T03:07:24.299+0900][12.177s][info][gc,metaspace   ] GC(146) Metaspace: 283K(512K)->283K(512K) NonClass: 270K(384K)->270K(384K) Class: 12K(128K)->12K(128K)
[2026-03-27T03:07:24.299+0900][12.177s][info][gc             ] GC(146) Pause Young (Allocation Failure) 131M->106M(166M) 1.585ms
[2026-03-27T03:07:24.299+0900][12.177s][info][gc,cpu         ] GC(146) User=0.02s Sys=0.00s Real=0.00s
[2026-03-27T03:07:24.405+0900][12.282s][info][gc,start       ] GC(147) Pause Young (Allocation Failure)
[2026-03-27T03:07:24.406+0900][12.283s][info][gc,heap        ] GC(147) PSYoungGen: 38915K(39936K)->7552K(40448K) Eden: 31363K(32256K)->0K(31744K) From: 7552K(7680K)->7552K(8704K)
[2026-03-27T03:07:24.406+0900][12.283s][info][gc,heap        ] GC(147) ParOldGen: 101498K(130560K)->108691K(130560K)
[2026-03-27T03:07:24.406+0900][12.283s][info][gc,metaspace   ] GC(147) Metaspace: 283K(512K)->283K(512K) NonClass: 270K(384K)->270K(384K) Class: 12K(128K)->12K(128K)
[2026-03-27T03:07:24.406+0900][12.283s][info][gc             ] GC(147) Pause Young (Allocation Failure) 137M->113M(167M) 1.397ms
[2026-03-27T03:07:24.406+0900][12.284s][info][gc,cpu         ] GC(147) User=0.00s Sys=0.00s Real=0.00s
[2026-03-27T03:07:24.409+0900][12.286s][info][gc,start       ] GC(148) Pause Young (Allocation Failure)
[2026-03-27T03:07:24.410+0900][12.287s][info][gc,heap        ] GC(148) PSYoungGen: 38905K(40448K)->7520K(40960K) Eden: 31353K(31744K)->0K(31744K) From: 7552K(8704K)->7520K(9216K)
[2026-03-27T03:07:24.410+0900][12.287s][info][gc,heap        ] GC(148) ParOldGen: 108691K(130560K)->115883K(130560K)
[2026-03-27T03:07:24.410+0900][12.287s][info][gc,metaspace   ] GC(148) Metaspace: 283K(512K)->283K(512K) NonClass: 270K(384K)->270K(384K) Class: 12K(128K)->12K(128K)
[2026-03-27T03:07:24.410+0900][12.287s][info][gc             ] GC(148) Pause Young (Allocation Failure) 144M->120M(167M) 1.113ms
[2026-03-27T03:07:24.410+0900][12.287s][info][gc,cpu         ] GC(148) User=0.00s Sys=0.00s Real=0.00s
[2026-03-27T03:07:24.516+0900][12.393s][info][gc,start       ] GC(149) Pause Young (Allocation Failure)
[2026-03-27T03:07:24.518+0900][12.395s][info][gc,heap        ] GC(149) PSYoungGen: 38873K(40960K)->7552K(38912K) Eden: 31353K(31744K)->0K(31232K) From: 7520K(9216K)->7552K(7680K)
[2026-03-27T03:07:24.518+0900][12.395s][info][gc,heap        ] GC(149) ParOldGen: 115883K(130560K)->123075K(130560K)
[2026-03-27T03:07:24.518+0900][12.395s][info][gc,metaspace   ] GC(149) Metaspace: 283K(512K)->283K(512K) NonClass: 270K(384K)->270K(384K) Class: 12K(128K)->12K(128K)
[2026-03-27T03:07:24.518+0900][12.395s][info][gc             ] GC(149) Pause Young (Allocation Failure) 151M->127M(165M) 1.973ms
[2026-03-27T03:07:24.518+0900][12.395s][info][gc,cpu         ] GC(149) User=0.05s Sys=0.02s Real=0.00s
[2026-03-27T03:07:24.518+0900][12.395s][info][gc,start       ] GC(150) Pause Full (Ergonomics)
[2026-03-27T03:07:24.518+0900][12.395s][info][gc,phases,start] GC(150) Marking Phase
[2026-03-27T03:07:24.519+0900][12.397s][info][gc,phases      ] GC(150) Marking Phase 1.133ms
[2026-03-27T03:07:24.519+0900][12.397s][info][gc,phases,start] GC(150) Summary Phase
[2026-03-27T03:07:24.519+0900][12.397s][info][gc,phases      ] GC(150) Summary Phase 0.009ms
[2026-03-27T03:07:24.519+0900][12.397s][info][gc,phases,start] GC(150) Adjust Roots
[2026-03-27T03:07:24.519+0900][12.397s][info][gc,phases      ] GC(150) Adjust Roots 0.169ms
[2026-03-27T03:07:24.519+0900][12.397s][info][gc,phases,start] GC(150) Compaction Phase
[2026-03-27T03:07:24.522+0900][12.400s][info][gc,phases      ] GC(150) Compaction Phase 2.813ms
[2026-03-27T03:07:24.522+0900][12.400s][info][gc,phases,start] GC(150) Post Compact
[2026-03-27T03:07:24.522+0900][12.400s][info][gc,phases      ] GC(150) Post Compact 0.343ms
[2026-03-27T03:07:24.523+0900][12.401s][info][gc,heap        ] GC(150) PSYoungGen: 7552K(38912K)->0K(31232K) Eden: 0K(31232K)->0K(30720K) From: 7552K(7680K)->0K(512K)
[2026-03-27T03:07:24.523+0900][12.401s][info][gc,heap        ] GC(150) ParOldGen: 123075K(130560K)->68634K(128512K)
[2026-03-27T03:07:24.523+0900][12.401s][info][gc,metaspace   ] GC(150) Metaspace: 283K(512K)->283K(512K) NonClass: 270K(384K)->270K(384K) Class: 12K(128K)->12K(128K)
[2026-03-27T03:07:24.523+0900][12.401s][info][gc             ] GC(150) Pause Full (Ergonomics) 127M->67M(156M) 5.109ms
[2026-03-27T03:07:24.523+0900][12.401s][info][gc,cpu         ] GC(150) User=0.00s Sys=0.00s Real=0.01s
[2026-03-27T03:07:24.637+0900][12.515s][info][gc,start       ] GC(151) Pause Young (Allocation Failure)
[2026-03-27T03:07:24.637+0900][12.516s][info][gc,heap        ] GC(151) PSYoungGen: 30565K(31232K)->7264K(38912K) Eden: 30565K(30720K)->0K(30208K) From: 0K(512K)->7264K(8704K)
[2026-03-27T03:07:24.638+0900][12.516s][info][gc,heap        ] GC(151) ParOldGen: 68634K(128512K)->68634K(128512K)
[2026-03-27T03:07:24.638+0900][12.516s][info][gc,metaspace   ] GC(151) Metaspace: 283K(512K)->283K(512K) NonClass: 270K(384K)->270K(384K) Class: 12K(128K)->12K(128K)
[2026-03-27T03:07:24.638+0900][12.516s][info][gc             ] GC(151) Pause Young (Allocation Failure) 96M->74M(163M) 1.055ms
[2026-03-27T03:07:24.638+0900][12.516s][info][gc,cpu         ] GC(151) User=0.00s Sys=0.00s Real=0.00s
[2026-03-27T03:07:24.745+0900][12.623s][info][gc,start       ] GC(152) Pause Young (Allocation Failure)
[2026-03-27T03:07:24.747+0900][12.625s][info][gc,heap        ] GC(152) PSYoungGen: 37303K(38912K)->7520K(37376K) Eden: 30039K(30208K)->0K(29696K) From: 7264K(8704K)->7520K(7680K)
[2026-03-27T03:07:24.747+0900][12.625s][info][gc,heap        ] GC(152) ParOldGen: 68634K(128512K)->75826K(128512K)
[2026-03-27T03:07:24.747+0900][12.625s][info][gc,metaspace   ] GC(152) Metaspace: 283K(512K)->283K(512K) NonClass: 270K(384K)->270K(384K) Class: 12K(128K)->12K(128K)
[2026-03-27T03:07:24.747+0900][12.625s][info][gc             ] GC(152) Pause Young (Allocation Failure) 103M->81M(162M) 2.107ms
[2026-03-27T03:07:24.747+0900][12.625s][info][gc,cpu         ] GC(152) User=0.00s Sys=0.00s Real=0.00s
[2026-03-27T03:07:24.751+0900][12.628s][info][gc,start       ] GC(153) Pause Young (Allocation Failure)
[2026-03-27T03:07:24.752+0900][12.629s][info][gc,heap        ] GC(153) PSYoungGen: 37038K(37376K)->7264K(37376K) Eden: 29518K(29696K)->0K(29184K) From: 7520K(7680K)->7264K(8192K)
[2026-03-27T03:07:24.752+0900][12.629s][info][gc,heap        ] GC(153) ParOldGen: 75826K(128512K)->83018K(128512K)
[2026-03-27T03:07:24.752+0900][12.629s][info][gc,metaspace   ] GC(153) Metaspace: 283K(512K)->283K(512K) NonClass: 270K(384K)->270K(384K) Class: 12K(128K)->12K(128K)
[2026-03-27T03:07:24.752+0900][12.629s][info][gc             ] GC(153) Pause Young (Allocation Failure) 110M->88M(162M) 1.301ms
[2026-03-27T03:07:24.752+0900][12.629s][info][gc,cpu         ] GC(153) User=0.06s Sys=0.00s Real=0.00s
[2026-03-27T03:07:24.857+0900][12.734s][info][gc,start       ] GC(154) Pause Young (Allocation Failure)
[2026-03-27T03:07:24.859+0900][12.736s][info][gc,heap        ] GC(154) PSYoungGen: 36261K(37376K)->6240K(35328K) Eden: 28997K(29184K)->0K(28672K) From: 7264K(8192K)->6240K(6656K)
[2026-03-27T03:07:24.859+0900][12.736s][info][gc,heap        ] GC(154) ParOldGen: 83018K(128512K)->90210K(128512K)
[2026-03-27T03:07:24.859+0900][12.736s][info][gc,metaspace   ] GC(154) Metaspace: 283K(512K)->283K(512K) NonClass: 270K(384K)->270K(384K) Class: 12K(128K)->12K(128K)
[2026-03-27T03:07:24.859+0900][12.736s][info][gc             ] GC(154) Pause Young (Allocation Failure) 116M->94M(160M) 1.705ms
[2026-03-27T03:07:24.859+0900][12.736s][info][gc,cpu         ] GC(154) User=0.00s Sys=0.00s Real=0.00s
[2026-03-27T03:07:24.862+0900][12.739s][info][gc,start       ] GC(155) Pause Young (Allocation Failure)
[2026-03-27T03:07:24.863+0900][12.740s][info][gc,heap        ] GC(155) PSYoungGen: 34716K(35328K)->7296K(37376K) Eden: 28476K(28672K)->0K(28672K) From: 6240K(6656K)->7296K(8704K)
[2026-03-27T03:07:24.863+0900][12.741s][info][gc,heap        ] GC(155) ParOldGen: 90210K(128512K)->96378K(128512K)
[2026-03-27T03:07:24.863+0900][12.741s][info][gc,metaspace   ] GC(155) Metaspace: 283K(512K)->283K(512K) NonClass: 270K(384K)->270K(384K) Class: 12K(128K)->12K(128K)
[2026-03-27T03:07:24.863+0900][12.741s][info][gc             ] GC(155) Pause Young (Allocation Failure) 121M->101M(162M) 1.158ms
[2026-03-27T03:07:24.863+0900][12.741s][info][gc,cpu         ] GC(155) User=0.00s Sys=0.00s Real=0.00s
[2026-03-27T03:07:24.968+0900][12.846s][info][gc,start       ] GC(156) Pause Young (Allocation Failure)
[2026-03-27T03:07:24.969+0900][12.847s][info][gc,heap        ] GC(156) PSYoungGen: 35772K(37376K)->6240K(34816K) Eden: 28476K(28672K)->0K(28160K) From: 7296K(8704K)->6240K(6656K)
[2026-03-27T03:07:24.969+0900][12.847s][info][gc,heap        ] GC(156) ParOldGen: 96378K(128512K)->103570K(128512K)
[2026-03-27T03:07:24.969+0900][12.847s][info][gc,metaspace   ] GC(156) Metaspace: 283K(512K)->283K(512K) NonClass: 270K(384K)->270K(384K) Class: 12K(128K)->12K(128K)
[2026-03-27T03:07:24.969+0900][12.847s][info][gc             ] GC(156) Pause Young (Allocation Failure) 129M->107M(159M) 1.126ms
[2026-03-27T03:07:24.969+0900][12.847s][info][gc,cpu         ] GC(156) User=0.00s Sys=0.00s Real=0.00s
[2026-03-27T03:07:25.074+0900][12.952s][info][gc,start       ] GC(157) Pause Young (Allocation Failure)
[2026-03-27T03:07:25.075+0900][12.953s][info][gc,heap        ] GC(157) PSYoungGen: 34194K(34816K)->7296K(36864K) Eden: 27954K(28160K)->0K(28160K) From: 6240K(6656K)->7296K(8704K)
[2026-03-27T03:07:25.075+0900][12.953s][info][gc,heap        ] GC(157) ParOldGen: 103570K(128512K)->109738K(128512K)
[2026-03-27T03:07:25.075+0900][12.953s][info][gc,metaspace   ] GC(157) Metaspace: 283K(512K)->283K(512K) NonClass: 270K(384K)->270K(384K) Class: 12K(128K)->12K(128K)
[2026-03-27T03:07:25.075+0900][12.953s][info][gc             ] GC(157) Pause Young (Allocation Failure) 134M->114M(161M) 1.130ms
[2026-03-27T03:07:25.075+0900][12.953s][info][gc,cpu         ] GC(157) User=0.00s Sys=0.00s Real=0.00s
[2026-03-27T03:07:25.077+0900][12.955s][info][gc,start       ] GC(158) Pause Young (Allocation Failure)
[2026-03-27T03:07:25.078+0900][12.956s][info][gc,heap        ] GC(158) PSYoungGen: 35251K(36864K)->6272K(36864K) Eden: 27954K(28160K)->0K(28160K) From: 7296K(8704K)->6272K(8704K)
[2026-03-27T03:07:25.078+0900][12.956s][info][gc,heap        ] GC(158) ParOldGen: 109738K(128512K)->116931K(128512K)
[2026-03-27T03:07:25.078+0900][12.956s][info][gc,metaspace   ] GC(158) Metaspace: 283K(512K)->283K(512K) NonClass: 270K(384K)->270K(384K) Class: 12K(128K)->12K(128K)
[2026-03-27T03:07:25.078+0900][12.956s][info][gc             ] GC(158) Pause Young (Allocation Failure) 141M->120M(161M) 0.929ms
[2026-03-27T03:07:25.078+0900][12.956s][info][gc,cpu         ] GC(158) User=0.00s Sys=0.00s Real=0.00s
[2026-03-27T03:07:25.184+0900][13.061s][info][gc,start       ] GC(159) Pause Young (Allocation Failure)
[2026-03-27T03:07:25.185+0900][13.063s][info][gc,heap        ] GC(159) PSYoungGen: 33459K(36864K)->6528K(34816K) Eden: 27187K(28160K)->0K(28160K) From: 6272K(8704K)->6528K(6656K)
[2026-03-27T03:07:25.185+0900][13.063s][info][gc,heap        ] GC(159) ParOldGen: 116931K(128512K)->123099K(128512K)
[2026-03-27T03:07:25.185+0900][13.063s][info][gc,metaspace   ] GC(159) Metaspace: 283K(512K)->283K(512K) NonClass: 270K(384K)->270K(384K) Class: 12K(128K)->12K(128K)
[2026-03-27T03:07:25.185+0900][13.063s][info][gc             ] GC(159) Pause Young (Allocation Failure) 146M->126M(159M) 1.570ms
[2026-03-27T03:07:25.185+0900][13.063s][info][gc,cpu         ] GC(159) User=0.00s Sys=0.00s Real=0.00s
[2026-03-27T03:07:25.185+0900][13.063s][info][gc,start       ] GC(160) Pause Full (Ergonomics)
[2026-03-27T03:07:25.185+0900][13.063s][info][gc,phases,start] GC(160) Marking Phase
[2026-03-27T03:07:25.186+0900][13.064s][info][gc,phases      ] GC(160) Marking Phase 1.280ms
[2026-03-27T03:07:25.186+0900][13.064s][info][gc,phases,start] GC(160) Summary Phase
[2026-03-27T03:07:25.186+0900][13.064s][info][gc,phases      ] GC(160) Summary Phase 0.008ms
[2026-03-27T03:07:25.186+0900][13.064s][info][gc,phases,start] GC(160) Adjust Roots
[2026-03-27T03:07:25.186+0900][13.064s][info][gc,phases      ] GC(160) Adjust Roots 0.221ms
[2026-03-27T03:07:25.186+0900][13.064s][info][gc,phases,start] GC(160) Compaction Phase
[2026-03-27T03:07:25.189+0900][13.067s][info][gc,phases      ] GC(160) Compaction Phase 2.935ms
[2026-03-27T03:07:25.189+0900][13.067s][info][gc,phases,start] GC(160) Post Compact
[2026-03-27T03:07:25.190+0900][13.068s][info][gc,phases      ] GC(160) Post Compact 0.337ms
[2026-03-27T03:07:25.190+0900][13.068s][info][gc,heap        ] GC(160) PSYoungGen: 6528K(34816K)->0K(28672K) Eden: 0K(28160K)->0K(28160K) From: 6528K(6656K)->0K(512K)
[2026-03-27T03:07:25.190+0900][13.068s][info][gc,heap        ] GC(160) ParOldGen: 123099K(128512K)->67610K(124928K)
[2026-03-27T03:07:25.190+0900][13.068s][info][gc,metaspace   ] GC(160) Metaspace: 283K(512K)->283K(512K) NonClass: 270K(384K)->270K(384K) Class: 12K(128K)->12K(128K)
[2026-03-27T03:07:25.190+0900][13.068s][info][gc             ] GC(160) Pause Full (Ergonomics) 126M->66M(150M) 5.178ms
[2026-03-27T03:07:25.190+0900][13.068s][info][gc,cpu         ] GC(160) User=0.06s Sys=0.00s Real=0.01s
[2026-03-27T03:07:25.306+0900][13.184s][info][gc,start       ] GC(161) Pause Young (Allocation Failure)
[2026-03-27T03:07:25.307+0900][13.185s][info][gc,heap        ] GC(161) PSYoungGen: 27699K(28672K)->6496K(35840K) Eden: 27699K(28160K)->0K(27648K) From: 0K(512K)->6496K(8192K)
[2026-03-27T03:07:25.307+0900][13.185s][info][gc,heap        ] GC(161) ParOldGen: 67610K(124928K)->67610K(124928K)
[2026-03-27T03:07:25.307+0900][13.185s][info][gc,metaspace   ] GC(161) Metaspace: 283K(512K)->283K(512K) NonClass: 270K(384K)->270K(384K) Class: 12K(128K)->12K(128K)
[2026-03-27T03:07:25.307+0900][13.185s][info][gc             ] GC(161) Pause Young (Allocation Failure) 93M->72M(157M) 1.031ms
[2026-03-27T03:07:25.307+0900][13.185s][info][gc,cpu         ] GC(161) User=0.00s Sys=0.00s Real=0.00s
[2026-03-27T03:07:25.310+0900][13.188s][info][gc,start       ] GC(162) Pause Young (Allocation Failure)
[2026-03-27T03:07:25.311+0900][13.189s][info][gc,heap        ] GC(162) PSYoungGen: 33925K(35840K)->7296K(36352K) Eden: 27429K(27648K)->0K(27648K) From: 6496K(8192K)->7296K(8704K)
[2026-03-27T03:07:25.311+0900][13.189s][info][gc,heap        ] GC(162) ParOldGen: 67610K(124928K)->73778K(124928K)
[2026-03-27T03:07:25.311+0900][13.189s][info][gc,metaspace   ] GC(162) Metaspace: 283K(512K)->283K(512K) NonClass: 270K(384K)->270K(384K) Class: 12K(128K)->12K(128K)
[2026-03-27T03:07:25.311+0900][13.189s][info][gc             ] GC(162) Pause Young (Allocation Failure) 99M->79M(157M) 1.166ms
[2026-03-27T03:07:25.311+0900][13.189s][info][gc,cpu         ] GC(162) User=0.00s Sys=0.00s Real=0.00s
[2026-03-27T03:07:25.417+0900][13.294s][info][gc,start       ] GC(163) Pause Young (Allocation Failure)
[2026-03-27T03:07:25.418+0900][13.296s][info][gc,heap        ] GC(163) PSYoungGen: 34726K(36352K)->6272K(34304K) Eden: 27430K(27648K)->0K(27648K) From: 7296K(8704K)->6272K(6656K)
[2026-03-27T03:07:25.418+0900][13.296s][info][gc,heap        ] GC(163) ParOldGen: 73778K(124928K)->80970K(124928K)
[2026-03-27T03:07:25.418+0900][13.296s][info][gc,metaspace   ] GC(163) Metaspace: 283K(512K)->283K(512K) NonClass: 270K(384K)->270K(384K) Class: 12K(128K)->12K(128K)
[2026-03-27T03:07:25.418+0900][13.296s][info][gc             ] GC(163) Pause Young (Allocation Failure) 105M->85M(155M) 1.775ms
[2026-03-27T03:07:25.418+0900][13.296s][info][gc,cpu         ] GC(163) User=0.00s Sys=0.00s Real=0.00s
[2026-03-27T03:07:25.521+0900][13.399s][info][gc,start       ] GC(164) Pause Young (Allocation Failure)
[2026-03-27T03:07:25.524+0900][13.402s][info][gc,heap        ] GC(164) PSYoungGen: 33703K(34304K)->6272K(34304K) Eden: 27431K(27648K)->0K(27648K) From: 6272K(6656K)->6272K(6656K)
[2026-03-27T03:07:25.524+0900][13.402s][info][gc,heap        ] GC(164) ParOldGen: 80970K(124928K)->87138K(124928K)
[2026-03-27T03:07:25.524+0900][13.402s][info][gc,metaspace   ] GC(164) Metaspace: 283K(512K)->283K(512K) NonClass: 270K(384K)->270K(384K) Class: 12K(128K)->12K(128K)
[2026-03-27T03:07:25.524+0900][13.402s][info][gc             ] GC(164) Pause Young (Allocation Failure) 111M->91M(155M) 2.502ms
[2026-03-27T03:07:25.524+0900][13.402s][info][gc,cpu         ] GC(164) User=0.00s Sys=0.00s Real=0.00s
[2026-03-27T03:07:25.528+0900][13.405s][info][gc,start       ] GC(165) Pause Young (Allocation Failure)
[2026-03-27T03:07:25.528+0900][13.406s][info][gc,heap        ] GC(165) PSYoungGen: 33704K(34304K)->6272K(34816K) Eden: 27432K(27648K)->0K(27648K) From: 6272K(6656K)->6272K(7168K)
[2026-03-27T03:07:25.528+0900][13.406s][info][gc,heap        ] GC(165) ParOldGen: 87138K(124928K)->93306K(124928K)
[2026-03-27T03:07:25.528+0900][13.406s][info][gc,metaspace   ] GC(165) Metaspace: 283K(512K)->283K(512K) NonClass: 270K(384K)->270K(384K) Class: 12K(128K)->12K(128K)
[2026-03-27T03:07:25.528+0900][13.406s][info][gc             ] GC(165) Pause Young (Allocation Failure) 118M->97M(156M) 0.868ms
[2026-03-27T03:07:25.528+0900][13.406s][info][gc,cpu         ] GC(165) User=0.00s Sys=0.00s Real=0.00s
[2026-03-27T03:07:25.646+0900][13.524s][info][gc,start       ] GC(166) Pause Young (Allocation Failure)
[2026-03-27T03:07:25.648+0900][13.525s][info][gc,heap        ] GC(166) PSYoungGen: 33704K(34816K)->7296K(36352K) Eden: 27432K(27648K)->0K(27648K) From: 6272K(7168K)->7296K(8704K)
[2026-03-27T03:07:25.648+0900][13.525s][info][gc,heap        ] GC(166) ParOldGen: 93306K(124928K)->99474K(124928K)
[2026-03-27T03:07:25.648+0900][13.526s][info][gc,metaspace   ] GC(166) Metaspace: 283K(512K)->283K(512K) NonClass: 270K(384K)->270K(384K) Class: 12K(128K)->12K(128K)
[2026-03-27T03:07:25.648+0900][13.526s][info][gc             ] GC(166) Pause Young (Allocation Failure) 124M->104M(157M) 1.745ms
[2026-03-27T03:07:25.648+0900][13.526s][info][gc,cpu         ] GC(166) User=0.00s Sys=0.00s Real=0.00s
[2026-03-27T03:07:25.650+0900][13.528s][info][gc,start       ] GC(167) Pause Young (Allocation Failure)
[2026-03-27T03:07:25.652+0900][13.529s][info][gc,heap        ] GC(167) PSYoungGen: 34728K(36352K)->6272K(36352K) Eden: 27432K(27648K)->0K(27648K) From: 7296K(8704K)->6272K(8704K)
[2026-03-27T03:07:25.652+0900][13.529s][info][gc,heap        ] GC(167) ParOldGen: 99474K(124928K)->106666K(124928K)
[2026-03-27T03:07:25.652+0900][13.529s][info][gc,metaspace   ] GC(167) Metaspace: 283K(512K)->283K(512K) NonClass: 270K(384K)->270K(384K) Class: 12K(128K)->12K(128K)
[2026-03-27T03:07:25.652+0900][13.529s][info][gc             ] GC(167) Pause Young (Allocation Failure) 131M->110M(157M) 1.055ms
[2026-03-27T03:07:25.652+0900][13.529s][info][gc,cpu         ] GC(167) User=0.00s Sys=0.00s Real=0.00s
[2026-03-27T03:07:25.755+0900][13.633s][info][gc,start       ] GC(168) Pause Young (Allocation Failure)
[2026-03-27T03:07:25.756+0900][13.634s][info][gc,heap        ] GC(168) PSYoungGen: 33705K(36352K)->6272K(36352K) Eden: 27433K(27648K)->0K(27648K) From: 6272K(8704K)->6272K(8704K)
[2026-03-27T03:07:25.756+0900][13.634s][info][gc,heap        ] GC(168) ParOldGen: 106666K(124928K)->112834K(124928K)
[2026-03-27T03:07:25.756+0900][13.635s][info][gc,metaspace   ] GC(168) Metaspace: 283K(512K)->283K(512K) NonClass: 270K(384K)->270K(384K) Class: 12K(128K)->12K(128K)
[2026-03-27T03:07:25.757+0900][13.635s][info][gc             ] GC(168) Pause Young (Allocation Failure) 137M->116M(157M) 1.538ms
[2026-03-27T03:07:25.757+0900][13.635s][info][gc,cpu         ] GC(168) User=0.00s Sys=0.00s Real=0.00s
[2026-03-27T03:07:25.862+0900][13.739s][info][gc,start       ] GC(169) Pause Young (Allocation Failure)
[2026-03-27T03:07:25.863+0900][13.741s][info][gc,heap        ] GC(169) PSYoungGen: 33705K(36352K)->6272K(36352K) Eden: 27433K(27648K)->0K(27648K) From: 6272K(8704K)->6272K(8704K)
[2026-03-27T03:07:25.863+0900][13.741s][info][gc,heap        ] GC(169) ParOldGen: 112834K(124928K)->119003K(124928K)
[2026-03-27T03:07:25.863+0900][13.741s][info][gc,metaspace   ] GC(169) Metaspace: 283K(512K)->283K(512K) NonClass: 270K(384K)->270K(384K) Class: 12K(128K)->12K(128K)
[2026-03-27T03:07:25.863+0900][13.741s][info][gc             ] GC(169) Pause Young (Allocation Failure) 143M->122M(157M) 1.405ms
[2026-03-27T03:07:25.863+0900][13.741s][info][gc,cpu         ] GC(169) User=0.00s Sys=0.00s Real=0.00s
[2026-03-27T03:07:25.863+0900][13.741s][info][gc,start       ] GC(170) Pause Full (Ergonomics)
[2026-03-27T03:07:25.863+0900][13.741s][info][gc,phases,start] GC(170) Marking Phase
[2026-03-27T03:07:25.865+0900][13.742s][info][gc,phases      ] GC(170) Marking Phase 1.555ms
[2026-03-27T03:07:25.865+0900][13.742s][info][gc,phases,start] GC(170) Summary Phase
[2026-03-27T03:07:25.865+0900][13.742s][info][gc,phases      ] GC(170) Summary Phase 0.012ms
[2026-03-27T03:07:25.865+0900][13.742s][info][gc,phases,start] GC(170) Adjust Roots
[2026-03-27T03:07:25.865+0900][13.743s][info][gc,phases      ] GC(170) Adjust Roots 0.195ms
[2026-03-27T03:07:25.865+0900][13.743s][info][gc,phases,start] GC(170) Compaction Phase
[2026-03-27T03:07:25.867+0900][13.745s][info][gc,phases      ] GC(170) Compaction Phase 2.739ms
[2026-03-27T03:07:25.867+0900][13.745s][info][gc,phases,start] GC(170) Post Compact
[2026-03-27T03:07:25.868+0900][13.746s][info][gc,phases      ] GC(170) Post Compact 0.330ms
[2026-03-27T03:07:25.868+0900][13.746s][info][gc,heap        ] GC(170) PSYoungGen: 6272K(36352K)->0K(36352K) Eden: 0K(27648K)->0K(27648K) From: 6272K(8704K)->0K(8704K)
[2026-03-27T03:07:25.868+0900][13.746s][info][gc,heap        ] GC(170) ParOldGen: 119003K(124928K)->63257K(118272K)
[2026-03-27T03:07:25.868+0900][13.746s][info][gc,metaspace   ] GC(170) Metaspace: 283K(512K)->283K(512K) NonClass: 270K(384K)->270K(384K) Class: 12K(128K)->12K(128K)
[2026-03-27T03:07:25.868+0900][13.746s][info][gc             ] GC(170) Pause Full (Ergonomics) 122M->61M(151M) 5.451ms
[2026-03-27T03:07:25.868+0900][13.746s][info][gc,cpu         ] GC(170) User=0.00s Sys=0.00s Real=0.01s
[2026-03-27T03:07:25.871+0900][13.749s][info][gc,start       ] GC(171) Pause Young (Allocation Failure)
[2026-03-27T03:07:25.871+0900][13.749s][info][gc,heap        ] GC(171) PSYoungGen: 26665K(36352K)->6784K(35328K) Eden: 26665K(27648K)->0K(27648K) From: 0K(8704K)->6784K(7680K)
[2026-03-27T03:07:25.871+0900][13.749s][info][gc,heap        ] GC(171) ParOldGen: 63257K(118272K)->63257K(118272K)
[2026-03-27T03:07:25.871+0900][13.749s][info][gc,metaspace   ] GC(171) Metaspace: 283K(512K)->283K(512K) NonClass: 270K(384K)->270K(384K) Class: 12K(128K)->12K(128K)
[2026-03-27T03:07:25.871+0900][13.749s][info][gc             ] GC(171) Pause Young (Allocation Failure) 87M->68M(150M) 0.615ms
[2026-03-27T03:07:25.871+0900][13.749s][info][gc,cpu         ] GC(171) User=0.00s Sys=0.00s Real=0.00s
[2026-03-27T03:07:25.987+0900][13.865s][info][gc,start       ] GC(172) Pause Young (Allocation Failure)
[2026-03-27T03:07:25.988+0900][13.866s][info][gc,heap        ] GC(172) PSYoungGen: 34213K(35328K)->6272K(35840K) Eden: 27429K(27648K)->0K(27648K) From: 6784K(7680K)->6272K(8192K)
[2026-03-27T03:07:25.988+0900][13.866s][info][gc,heap        ] GC(172) ParOldGen: 63257K(118272K)->69681K(118272K)
[2026-03-27T03:07:25.988+0900][13.866s][info][gc,metaspace   ] GC(172) Metaspace: 283K(512K)->283K(512K) NonClass: 270K(384K)->270K(384K) Class: 12K(128K)->12K(128K)
[2026-03-27T03:07:25.988+0900][13.866s][info][gc             ] GC(172) Pause Young (Allocation Failure) 95M->74M(150M) 1.030ms
[2026-03-27T03:07:25.988+0900][13.866s][info][gc,cpu         ] GC(172) User=0.00s Sys=0.00s Real=0.00s
[2026-03-27T03:07:25.991+0900][13.868s][info][gc,start       ] GC(173) Pause Young (Allocation Failure)
[2026-03-27T03:07:25.992+0900][13.869s][info][gc,heap        ] GC(173) PSYoungGen: 33703K(35840K)->7296K(35840K) Eden: 27430K(27648K)->0K(27648K) From: 6272K(8192K)->7296K(8192K)
[2026-03-27T03:07:25.992+0900][13.869s][info][gc,heap        ] GC(173) ParOldGen: 69681K(118272K)->75849K(118272K)
[2026-03-27T03:07:25.992+0900][13.869s][info][gc,metaspace   ] GC(173) Metaspace: 283K(512K)->283K(512K) NonClass: 270K(384K)->270K(384K) Class: 12K(128K)->12K(128K)
[2026-03-27T03:07:25.992+0900][13.869s][info][gc             ] GC(173) Pause Young (Allocation Failure) 100M->81M(150M) 0.828ms
[2026-03-27T03:07:25.992+0900][13.869s][info][gc,cpu         ] GC(173) User=0.00s Sys=0.00s Real=0.00s
[2026-03-27T03:07:26.097+0900][13.975s][info][gc,start       ] GC(174) Pause Young (Allocation Failure)
[2026-03-27T03:07:26.098+0900][13.976s][info][gc,heap        ] GC(174) PSYoungGen: 34727K(35840K)->6240K(35840K) Eden: 27431K(27648K)->0K(27648K) From: 7296K(8192K)->6240K(8192K)
[2026-03-27T03:07:26.098+0900][13.976s][info][gc,heap        ] GC(174) ParOldGen: 75849K(118272K)->83042K(118272K)
[2026-03-27T03:07:26.098+0900][13.976s][info][gc,metaspace   ] GC(174) Metaspace: 283K(512K)->283K(512K) NonClass: 270K(384K)->270K(384K) Class: 12K(128K)->12K(128K)
[2026-03-27T03:07:26.098+0900][13.976s][info][gc             ] GC(174) Pause Young (Allocation Failure) 107M->87M(150M) 1.043ms
[2026-03-27T03:07:26.098+0900][13.976s][info][gc,cpu         ] GC(174) User=0.00s Sys=0.00s Real=0.00s
[2026-03-27T03:07:26.204+0900][14.082s][info][gc,start       ] GC(175) Pause Young (Allocation Failure)
[2026-03-27T03:07:26.205+0900][14.083s][info][gc,heap        ] GC(175) PSYoungGen: 33672K(35840K)->6272K(35840K) Eden: 27432K(27648K)->0K(27648K) From: 6240K(8192K)->6272K(8192K)
[2026-03-27T03:07:26.205+0900][14.083s][info][gc,heap        ] GC(175) ParOldGen: 83042K(118272K)->89210K(118272K)
[2026-03-27T03:07:26.205+0900][14.083s][info][gc,metaspace   ] GC(175) Metaspace: 283K(512K)->283K(512K) NonClass: 270K(384K)->270K(384K) Class: 12K(128K)->12K(128K)
[2026-03-27T03:07:26.205+0900][14.083s][info][gc             ] GC(175) Pause Young (Allocation Failure) 113M->93M(150M) 1.399ms
[2026-03-27T03:07:26.205+0900][14.083s][info][gc,cpu         ] GC(175) User=0.00s Sys=0.00s Real=0.00s
[2026-03-27T03:07:26.208+0900][14.086s][info][gc,start       ] GC(176) Pause Young (Allocation Failure)
[2026-03-27T03:07:26.209+0900][14.087s][info][gc,heap        ] GC(176) PSYoungGen: 33704K(35840K)->6272K(35840K) Eden: 27432K(27648K)->0K(27648K) From: 6272K(8192K)->6272K(8192K)
[2026-03-27T03:07:26.209+0900][14.087s][info][gc,heap        ] GC(176) ParOldGen: 89210K(118272K)->95378K(118272K)
[2026-03-27T03:07:26.209+0900][14.087s][info][gc,metaspace   ] GC(176) Metaspace: 283K(512K)->283K(512K) NonClass: 270K(384K)->270K(384K) Class: 12K(128K)->12K(128K)
[2026-03-27T03:07:26.209+0900][14.087s][info][gc             ] GC(176) Pause Young (Allocation Failure) 120M->99M(150M) 1.056ms
[2026-03-27T03:07:26.209+0900][14.087s][info][gc,cpu         ] GC(176) User=0.00s Sys=0.00s Real=0.00s
[2026-03-27T03:07:26.314+0900][14.192s][info][gc,start       ] GC(177) Pause Young (Allocation Failure)
[2026-03-27T03:07:26.316+0900][14.194s][info][gc,heap        ] GC(177) PSYoungGen: 33705K(35840K)->7296K(35328K) Eden: 27432K(27648K)->0K(27648K) From: 6272K(8192K)->7296K(7680K)
[2026-03-27T03:07:26.316+0900][14.194s][info][gc,heap        ] GC(177) ParOldGen: 95378K(118272K)->101546K(118272K)
[2026-03-27T03:07:26.316+0900][14.194s][info][gc,metaspace   ] GC(177) Metaspace: 283K(512K)->283K(512K) NonClass: 270K(384K)->270K(384K) Class: 12K(128K)->12K(128K)
[2026-03-27T03:07:26.316+0900][14.194s][info][gc             ] GC(177) Pause Young (Allocation Failure) 126M->106M(150M) 1.962ms
[2026-03-27T03:07:26.316+0900][14.194s][info][gc,cpu         ] GC(177) User=0.00s Sys=0.00s Real=0.00s
[2026-03-27T03:07:26.420+0900][14.298s][info][gc,start       ] GC(178) Pause Young (Allocation Failure)
[2026-03-27T03:07:26.422+0900][14.301s][info][gc,heap        ] GC(178) PSYoungGen: 32937K(35328K)->6528K(34304K) Eden: 25641K(27648K)->0K(27648K) From: 7296K(7680K)->6528K(6656K)
[2026-03-27T03:07:26.422+0900][14.301s][info][gc,heap        ] GC(178) ParOldGen: 101546K(118272K)->108738K(118272K)
[2026-03-27T03:07:26.422+0900][14.301s][info][gc,metaspace   ] GC(178) Metaspace: 283K(512K)->283K(512K) NonClass: 270K(384K)->270K(384K) Class: 12K(128K)->12K(128K)
[2026-03-27T03:07:26.422+0900][14.301s][info][gc             ] GC(178) Pause Young (Allocation Failure) 131M->112M(149M) 2.982ms
[2026-03-27T03:07:26.422+0900][14.301s][info][gc,cpu         ] GC(178) User=0.00s Sys=0.00s Real=0.00s
[2026-03-27T03:07:26.426+0900][14.304s][info][gc,start       ] GC(179) Pause Young (Allocation Failure)
[2026-03-27T03:07:26.427+0900][14.305s][info][gc,heap        ] GC(179) PSYoungGen: 33193K(34304K)->4448K(35328K) Eden: 26665K(27648K)->0K(30720K) From: 6528K(6656K)->4448K(4608K)
[2026-03-27T03:07:26.427+0900][14.305s][info][gc,heap        ] GC(179) ParOldGen: 108738K(118272K)->115930K(118272K)
[2026-03-27T03:07:26.427+0900][14.305s][info][gc,metaspace   ] GC(179) Metaspace: 283K(512K)->283K(512K) NonClass: 270K(384K)->270K(384K) Class: 12K(128K)->12K(128K)
[2026-03-27T03:07:26.427+0900][14.305s][info][gc             ] GC(179) Pause Young (Allocation Failure) 138M->117M(150M) 1.244ms
[2026-03-27T03:07:26.428+0900][14.305s][info][gc,cpu         ] GC(179) User=0.00s Sys=0.00s Real=0.00s
[2026-03-27T03:07:26.428+0900][14.305s][info][gc,start       ] GC(180) Pause Full (Ergonomics)
[2026-03-27T03:07:26.428+0900][14.305s][info][gc,phases,start] GC(180) Marking Phase
[2026-03-27T03:07:26.429+0900][14.306s][info][gc,phases      ] GC(180) Marking Phase 1.113ms
[2026-03-27T03:07:26.429+0900][14.306s][info][gc,phases,start] GC(180) Summary Phase
[2026-03-27T03:07:26.429+0900][14.306s][info][gc,phases      ] GC(180) Summary Phase 0.015ms
[2026-03-27T03:07:26.429+0900][14.306s][info][gc,phases,start] GC(180) Adjust Roots
[2026-03-27T03:07:26.429+0900][14.307s][info][gc,phases      ] GC(180) Adjust Roots 0.172ms
[2026-03-27T03:07:26.429+0900][14.307s][info][gc,phases,start] GC(180) Compaction Phase
[2026-03-27T03:07:26.432+0900][14.309s][info][gc,phases      ] GC(180) Compaction Phase 2.851ms
[2026-03-27T03:07:26.432+0900][14.309s][info][gc,phases,start] GC(180) Post Compact
[2026-03-27T03:07:26.432+0900][14.310s][info][gc,phases      ] GC(180) Post Compact 0.316ms
[2026-03-27T03:07:26.432+0900][14.310s][info][gc,heap        ] GC(180) PSYoungGen: 4448K(35328K)->0K(39424K) Eden: 0K(30720K)->0K(30720K) From: 4448K(4608K)->0K(8704K)
[2026-03-27T03:07:26.432+0900][14.310s][info][gc,heap        ] GC(180) ParOldGen: 115930K(118272K)->68634K(124928K)
[2026-03-27T03:07:26.432+0900][14.310s][info][gc,metaspace   ] GC(180) Metaspace: 283K(512K)->283K(512K) NonClass: 270K(384K)->270K(384K) Class: 12K(128K)->12K(128K)
[2026-03-27T03:07:26.432+0900][14.310s][info][gc             ] GC(180) Pause Full (Ergonomics) 117M->67M(160M) 4.676ms
[2026-03-27T03:07:26.432+0900][14.310s][info][gc,cpu         ] GC(180) User=0.00s Sys=0.00s Real=0.00s
[2026-03-27T03:07:26.546+0900][14.424s][info][gc,start       ] GC(181) Pause Young (Allocation Failure)
[2026-03-27T03:07:26.548+0900][14.425s][info][gc,heap        ] GC(181) PSYoungGen: 30566K(39424K)->7264K(37888K) Eden: 30566K(30720K)->0K(30208K) From: 0K(8704K)->7264K(7680K)
[2026-03-27T03:07:26.548+0900][14.425s][info][gc,heap        ] GC(181) ParOldGen: 68634K(124928K)->68634K(124928K)
[2026-03-27T03:07:26.548+0900][14.425s][info][gc,metaspace   ] GC(181) Metaspace: 283K(512K)->283K(512K) NonClass: 270K(384K)->270K(384K) Class: 12K(128K)->12K(128K)
[2026-03-27T03:07:26.548+0900][14.425s][info][gc             ] GC(181) Pause Young (Allocation Failure) 96M->74M(159M) 1.703ms
[2026-03-27T03:07:26.548+0900][14.425s][info][gc,cpu         ] GC(181) User=0.00s Sys=0.00s Real=0.00s
[2026-03-27T03:07:26.654+0900][14.531s][info][gc,start       ] GC(182) Pause Young (Allocation Failure)
[2026-03-27T03:07:26.656+0900][14.534s][info][gc,heap        ] GC(182) PSYoungGen: 37304K(37888K)->7552K(37376K) Eden: 30040K(30208K)->0K(29696K) From: 7264K(7680K)->7552K(7680K)
[2026-03-27T03:07:26.656+0900][14.534s][info][gc,heap        ] GC(182) ParOldGen: 68634K(124928K)->75826K(124928K)
[2026-03-27T03:07:26.656+0900][14.534s][info][gc,metaspace   ] GC(182) Metaspace: 283K(512K)->283K(512K) NonClass: 270K(384K)->270K(384K) Class: 12K(128K)->12K(128K)
[2026-03-27T03:07:26.656+0900][14.534s][info][gc             ] GC(182) Pause Young (Allocation Failure) 103M->81M(158M) 2.401ms
[2026-03-27T03:07:26.656+0900][14.534s][info][gc,cpu         ] GC(182) User=0.00s Sys=0.00s Real=0.00s
[2026-03-27T03:07:26.660+0900][14.537s][info][gc,start       ] GC(183) Pause Young (Allocation Failure)
[2026-03-27T03:07:26.661+0900][14.538s][info][gc,heap        ] GC(183) PSYoungGen: 37071K(37376K)->3200K(37888K) Eden: 29519K(29696K)->0K(34304K) From: 7552K(7680K)->3200K(3584K)
[2026-03-27T03:07:26.661+0900][14.538s][info][gc,heap        ] GC(183) ParOldGen: 75826K(124928K)->87114K(124928K)
[2026-03-27T03:07:26.661+0900][14.538s][info][gc,metaspace   ] GC(183) Metaspace: 283K(512K)->283K(512K) NonClass: 270K(384K)->270K(384K) Class: 12K(128K)->12K(128K)
[2026-03-27T03:07:26.661+0900][14.538s][info][gc             ] GC(183) Pause Young (Allocation Failure) 110M->88M(159M) 1.052ms
[2026-03-27T03:07:26.661+0900][14.538s][info][gc,cpu         ] GC(183) User=0.00s Sys=0.00s Real=0.00s
[2026-03-27T03:07:26.765+0900][14.643s][info][gc,start       ] GC(184) Pause Young (Allocation Failure)
[2026-03-27T03:07:26.766+0900][14.644s][info][gc,heap        ] GC(184) PSYoungGen: 37420K(37888K)->8320K(43008K) Eden: 34220K(34304K)->0K(33792K) From: 3200K(3584K)->8320K(9216K)
[2026-03-27T03:07:26.766+0900][14.644s][info][gc,heap        ] GC(184) ParOldGen: 87114K(124928K)->90202K(124928K)
[2026-03-27T03:07:26.766+0900][14.644s][info][gc,metaspace   ] GC(184) Metaspace: 283K(512K)->283K(512K) NonClass: 270K(384K)->270K(384K) Class: 12K(128K)->12K(128K)
[2026-03-27T03:07:26.766+0900][14.644s][info][gc             ] GC(184) Pause Young (Allocation Failure) 121M->96M(164M) 1.141ms
[2026-03-27T03:07:26.766+0900][14.644s][info][gc,cpu         ] GC(184) User=0.00s Sys=0.00s Real=0.00s
[2026-03-27T03:07:26.872+0900][14.749s][info][gc,start       ] GC(185) Pause Young (Allocation Failure)
[2026-03-27T03:07:26.874+0900][14.751s][info][gc,heap        ] GC(185) PSYoungGen: 42018K(43008K)->7296K(42496K) Eden: 33697K(33792K)->0K(33280K) From: 8320K(9216K)->7296K(9216K)
[2026-03-27T03:07:26.874+0900][14.751s][info][gc,heap        ] GC(185) ParOldGen: 90202K(124928K)->98418K(124928K)
[2026-03-27T03:07:26.874+0900][14.751s][info][gc,metaspace   ] GC(185) Metaspace: 283K(512K)->283K(512K) NonClass: 270K(384K)->270K(384K) Class: 12K(128K)->12K(128K)
[2026-03-27T03:07:26.874+0900][14.751s][info][gc             ] GC(185) Pause Young (Allocation Failure) 129M->103M(163M) 1.877ms
[2026-03-27T03:07:26.874+0900][14.751s][info][gc,cpu         ] GC(185) User=0.00s Sys=0.00s Real=0.00s
[2026-03-27T03:07:26.877+0900][14.754s][info][gc,start       ] GC(186) Pause Young (Allocation Failure)
[2026-03-27T03:07:26.878+0900][14.755s][info][gc,heap        ] GC(186) PSYoungGen: 40471K(42496K)->8320K(43008K) Eden: 33175K(33280K)->0K(33280K) From: 7296K(9216K)->8320K(9728K)
[2026-03-27T03:07:26.878+0900][14.755s][info][gc,heap        ] GC(186) ParOldGen: 98418K(124928K)->105610K(124928K)
[2026-03-27T03:07:26.878+0900][14.755s][info][gc,metaspace   ] GC(186) Metaspace: 283K(512K)->283K(512K) NonClass: 270K(384K)->270K(384K) Class: 12K(128K)->12K(128K)
[2026-03-27T03:07:26.878+0900][14.755s][info][gc             ] GC(186) Pause Young (Allocation Failure) 135M->111M(164M) 1.072ms
[2026-03-27T03:07:26.878+0900][14.755s][info][gc,cpu         ] GC(186) User=0.00s Sys=0.00s Real=0.00s
[2026-03-27T03:07:26.996+0900][14.873s][info][gc,start       ] GC(187) Pause Young (Allocation Failure)
[2026-03-27T03:07:26.998+0900][14.875s][info][gc,heap        ] GC(187) PSYoungGen: 41496K(43008K)->7296K(40448K) Eden: 33175K(33280K)->0K(32768K) From: 8320K(9728K)->7296K(7680K)
[2026-03-27T03:07:26.998+0900][14.875s][info][gc,heap        ] GC(187) ParOldGen: 105610K(124928K)->113827K(124928K)
[2026-03-27T03:07:26.998+0900][14.875s][info][gc,metaspace   ] GC(187) Metaspace: 283K(512K)->283K(512K) NonClass: 270K(384K)->270K(384K) Class: 12K(128K)->12K(128K)
[2026-03-27T03:07:26.998+0900][14.875s][info][gc             ] GC(187) Pause Young (Allocation Failure) 143M->118M(161M) 1.863ms
[2026-03-27T03:07:26.998+0900][14.875s][info][gc,cpu         ] GC(187) User=0.00s Sys=0.00s Real=0.00s
[2026-03-27T03:07:27.104+0900][14.982s][info][gc,start       ] GC(188) Pause Young (Allocation Failure)
[2026-03-27T03:07:27.105+0900][14.984s][info][gc,heap        ] GC(188) PSYoungGen: 39949K(40448K)->8320K(40960K) Eden: 32653K(32768K)->0K(32256K) From: 7296K(7680K)->8320K(8704K)
[2026-03-27T03:07:27.105+0900][14.984s][info][gc,heap        ] GC(188) ParOldGen: 113827K(124928K)->121019K(124928K)
[2026-03-27T03:07:27.106+0900][14.984s][info][gc,metaspace   ] GC(188) Metaspace: 283K(512K)->283K(512K) NonClass: 270K(384K)->270K(384K) Class: 12K(128K)->12K(128K)
[2026-03-27T03:07:27.106+0900][14.984s][info][gc             ] GC(188) Pause Young (Allocation Failure) 150M->126M(162M) 1.668ms
[2026-03-27T03:07:27.106+0900][14.984s][info][gc,cpu         ] GC(188) User=0.00s Sys=0.00s Real=0.00s
[2026-03-27T03:07:27.106+0900][14.984s][info][gc,start       ] GC(189) Pause Full (Ergonomics)
[2026-03-27T03:07:27.106+0900][14.984s][info][gc,phases,start] GC(189) Marking Phase
[2026-03-27T03:07:27.107+0900][14.985s][info][gc,phases      ] GC(189) Marking Phase 1.022ms
[2026-03-27T03:07:27.107+0900][14.985s][info][gc,phases,start] GC(189) Summary Phase
[2026-03-27T03:07:27.107+0900][14.985s][info][gc,phases      ] GC(189) Summary Phase 0.009ms
[2026-03-27T03:07:27.107+0900][14.985s][info][gc,phases,start] GC(189) Adjust Roots
[2026-03-27T03:07:27.107+0900][14.985s][info][gc,phases      ] GC(189) Adjust Roots 0.150ms
[2026-03-27T03:07:27.107+0900][14.985s][info][gc,phases,start] GC(189) Compaction Phase
[2026-03-27T03:07:27.110+0900][14.988s][info][gc,phases      ] GC(189) Compaction Phase 2.811ms
[2026-03-27T03:07:27.110+0900][14.988s][info][gc,phases,start] GC(189) Post Compact
[2026-03-27T03:07:27.110+0900][14.988s][info][gc,phases      ] GC(189) Post Compact 0.335ms
[2026-03-27T03:07:27.110+0900][14.988s][info][gc,heap        ] GC(189) PSYoungGen: 8320K(40960K)->0K(36864K) Eden: 0K(32256K)->0K(31744K) From: 8320K(8704K)->0K(5120K)
[2026-03-27T03:07:27.110+0900][14.988s][info][gc,heap        ] GC(189) ParOldGen: 121019K(124928K)->67354K(124928K)
[2026-03-27T03:07:27.110+0900][14.988s][info][gc,metaspace   ] GC(189) Metaspace: 283K(512K)->283K(512K) NonClass: 270K(384K)->270K(384K) Class: 12K(128K)->12K(128K)
[2026-03-27T03:07:27.110+0900][14.988s][info][gc             ] GC(189) Pause Full (Ergonomics) 126M->65M(158M) 4.545ms
[2026-03-27T03:07:27.110+0900][14.988s][info][gc,cpu         ] GC(189) User=0.00s Sys=0.00s Real=0.00s
[2026-03-27T03:07:27.227+0900][15.104s][info][gc,heap,exit   ] Heap
[2026-03-27T03:07:27.227+0900][15.104s][info][gc,heap,exit   ]  PSYoungGen      total 36864K, used 25076K [0x00000000f5580000, 0x00000000f8880000, 0x0000000100000000)
[2026-03-27T03:07:27.227+0900][15.104s][info][gc,heap,exit   ]   eden space 31744K, 78% used [0x00000000f5580000,0x00000000f6dfd180,0x00000000f7480000)
[2026-03-27T03:07:27.227+0900][15.104s][info][gc,heap,exit   ]   from space 5120K, 0% used [0x00000000f8380000,0x00000000f8380000,0x00000000f8880000)
[2026-03-27T03:07:27.227+0900][15.104s][info][gc,heap,exit   ]   to   space 10240K, 0% used [0x00000000f7480000,0x00000000f7480000,0x00000000f7e80000)
[2026-03-27T03:07:27.227+0900][15.104s][info][gc,heap,exit   ]  ParOldGen       total 124928K, used 67354K [0x00000000e0000000, 0x00000000e7a00000, 0x00000000f5580000)
[2026-03-27T03:07:27.227+0900][15.104s][info][gc,heap,exit   ]   object space 124928K, 53% used [0x00000000e0000000,0x00000000e41c68a8,0x00000000e7a00000)
[2026-03-27T03:07:27.227+0900][15.104s][info][gc,heap,exit   ]  Metaspace       used 283K, committed 512K, reserved 1056768K
[2026-03-27T03:07:27.227+0900][15.104s][info][gc,heap,exit   ]   class space    used 12K, committed 128K, reserved 1048576K
