[2026-03-22T19:49:56.498+0900][0.010s][info][gc] Using Parallel
[2026-03-22T19:49:56.498+0900][0.011s][info][gc,init] Version: 17.0.17+10 (release)
[2026-03-22T19:49:56.498+0900][0.011s][info][gc,init] CPUs: 18 total, 18 available
[2026-03-22T19:49:56.498+0900][0.011s][info][gc,init] Memory: 15964M
[2026-03-22T19:49:56.498+0900][0.011s][info][gc,init] Large Page Support: Disabled
[2026-03-22T19:49:56.498+0900][0.011s][info][gc,init] NUMA Support: Disabled
[2026-03-22T19:49:56.498+0900][0.011s][info][gc,init] Compressed Oops: Enabled (32-bit)
[2026-03-22T19:49:56.499+0900][0.011s][info][gc,init] Alignments: Space 512K, Generation 512K, Heap 2M
[2026-03-22T19:49:56.508+0900][0.020s][info][gc,init] Heap Min Capacity: 256M
[2026-03-22T19:49:56.508+0900][0.020s][info][gc,init] Heap Initial Capacity: 256M
[2026-03-22T19:49:56.508+0900][0.020s][info][gc,init] Heap Max Capacity: 512M
[2026-03-22T19:49:56.508+0900][0.020s][info][gc,init] Pre-touch: Disabled
[2026-03-22T19:49:56.508+0900][0.020s][info][gc,init] Parallel Workers: 6
[2026-03-22T19:49:56.514+0900][0.028s][info][gc,metaspace] CDS archive(s) mapped at: [0x0000026280000000-0x0000026280bb0000-0x0000026280bb0000), size 12255232, SharedBaseAddress: 0x0000026280000000, ArchiveRelocationMode: 1.
[2026-03-22T19:49:56.514+0900][0.028s][info][gc,metaspace] Compressed class space mapped at: 0x0000026281000000-0x00000262c1000000, reserved size: 1073741824
[2026-03-22T19:49:56.514+0900][0.028s][info][gc,metaspace] Narrow klass base: 0x0000026280000000, Narrow klass shift: 0, Narrow klass range: 0x100000000
[2026-03-22T19:49:56.585+0900][0.098s][info][gc,start    ] GC(0) Pause Young (Allocation Failure)
[2026-03-22T19:49:56.592+0900][0.105s][info][gc,heap     ] GC(0) PSYoungGen: 64635K(76288K)->9129K(76288K) Eden: 64635K(65536K)->0K(65536K) From: 0K(10752K)->9129K(10752K)
[2026-03-22T19:49:56.592+0900][0.105s][info][gc,heap     ] GC(0) ParOldGen: 0K(175104K)->51208K(175104K)
[2026-03-22T19:49:56.592+0900][0.105s][info][gc,metaspace] GC(0) Metaspace: 286K(448K)->286K(448K) NonClass: 271K(320K)->271K(320K) Class: 15K(128K)->15K(128K)
[2026-03-22T19:49:56.592+0900][0.105s][info][gc          ] GC(0) Pause Young (Allocation Failure) 63M->58M(245M) 7.272ms
[2026-03-22T19:49:56.592+0900][0.105s][info][gc,cpu      ] GC(0) User=0.05s Sys=0.02s Real=0.01s
[2026-03-22T19:49:56.612+0900][0.125s][info][gc,start    ] GC(1) Pause Young (Allocation Failure)
[2026-03-22T19:49:56.618+0900][0.131s][info][gc,heap     ] GC(1) PSYoungGen: 73575K(76288K)->9065K(141824K) Eden: 64445K(65536K)->0K(131072K) From: 9129K(10752K)->9065K(10752K)
[2026-03-22T19:49:56.618+0900][0.131s][info][gc,heap     ] GC(1) ParOldGen: 51208K(175104K)->106512K(175104K)
[2026-03-22T19:49:56.618+0900][0.131s][info][gc,metaspace] GC(1) Metaspace: 328K(512K)->328K(512K) NonClass: 310K(384K)->310K(384K) Class: 17K(128K)->17K(128K)
[2026-03-22T19:49:56.618+0900][0.131s][info][gc          ] GC(1) Pause Young (Allocation Failure) 121M->112M(309M) 6.419ms
[2026-03-22T19:49:56.618+0900][0.131s][info][gc,cpu      ] GC(1) User=0.00s Sys=0.00s Real=0.01s
[2026-03-22T19:49:56.659+0900][0.171s][info][gc,start    ] GC(2) Pause Young (Allocation Failure)
[2026-03-22T19:49:56.668+0900][0.181s][info][gc,heap     ] GC(2) PSYoungGen: 139520K(141824K)->9129K(141824K) Eden: 130454K(131072K)->0K(131072K) From: 9065K(10752K)->9129K(10752K)
[2026-03-22T19:49:56.668+0900][0.181s][info][gc,heap     ] GC(2) ParOldGen: 106512K(175104K)->200729K(203264K)
[2026-03-22T19:49:56.668+0900][0.181s][info][gc,metaspace] GC(2) Metaspace: 331K(512K)->331K(512K) NonClass: 313K(384K)->313K(384K) Class: 17K(128K)->17K(128K)
[2026-03-22T19:49:56.668+0900][0.181s][info][gc          ] GC(2) Pause Young (Allocation Failure) 240M->204M(337M) 9.505ms
[2026-03-22T19:49:56.668+0900][0.181s][info][gc,cpu      ] GC(2) User=0.03s Sys=0.06s Real=0.01s
[2026-03-22T19:49:56.684+0900][0.197s][info][gc,start    ] GC(3) Pause Full (Ergonomics)
[2026-03-22T19:49:56.684+0900][0.197s][info][gc,phases,start] GC(3) Marking Phase
[2026-03-22T19:49:56.685+0900][0.198s][info][gc,phases      ] GC(3) Marking Phase 1.189ms
[2026-03-22T19:49:56.685+0900][0.198s][info][gc,phases,start] GC(3) Summary Phase
[2026-03-22T19:49:56.685+0900][0.199s][info][gc,phases      ] GC(3) Summary Phase 0.037ms
[2026-03-22T19:49:56.685+0900][0.199s][info][gc,phases,start] GC(3) Adjust Roots
[2026-03-22T19:49:56.686+0900][0.199s][info][gc,phases      ] GC(3) Adjust Roots 0.401ms
[2026-03-22T19:49:56.686+0900][0.199s][info][gc,phases,start] GC(3) Compaction Phase
[2026-03-22T19:49:56.691+0900][0.204s][info][gc,phases      ] GC(3) Compaction Phase 5.402ms
[2026-03-22T19:49:56.691+0900][0.204s][info][gc,phases,start] GC(3) Post Compact
[2026-03-22T19:49:56.694+0900][0.207s][info][gc,phases      ] GC(3) Post Compact 2.934ms
[2026-03-22T19:49:56.694+0900][0.208s][info][gc,heap        ] GC(3) PSYoungGen: 139592K(141824K)->0K(163840K) Eden: 130462K(131072K)->0K(153088K) From: 9129K(10752K)->0K(10752K)
[2026-03-22T19:49:56.694+0900][0.208s][info][gc,heap        ] GC(3) ParOldGen: 200729K(203264K)->103705K(281600K)
[2026-03-22T19:49:56.694+0900][0.208s][info][gc,metaspace   ] GC(3) Metaspace: 333K(512K)->333K(512K) NonClass: 315K(384K)->315K(384K) Class: 17K(128K)->17K(128K)
[2026-03-22T19:49:56.694+0900][0.208s][info][gc             ] GC(3) Pause Full (Ergonomics) 332M->101M(435M) 10.609ms
[2026-03-22T19:49:56.694+0900][0.208s][info][gc,cpu         ] GC(3) User=0.00s Sys=0.00s Real=0.01s
[2026-03-22T19:49:56.715+0900][0.228s][info][gc,start       ] GC(4) Pause Young (Allocation Failure)
[2026-03-22T19:49:56.720+0900][0.233s][info][gc,heap        ] GC(4) PSYoungGen: 151384K(163840K)->10528K(163840K) Eden: 151384K(153088K)->0K(153088K) From: 0K(10752K)->10528K(10752K)
[2026-03-22T19:49:56.720+0900][0.233s][info][gc,heap        ] GC(4) ParOldGen: 103705K(281600K)->197914K(281600K)
[2026-03-22T19:49:56.720+0900][0.233s][info][gc,metaspace   ] GC(4) Metaspace: 334K(512K)->334K(512K) NonClass: 316K(384K)->316K(384K) Class: 17K(128K)->17K(128K)
[2026-03-22T19:49:56.720+0900][0.233s][info][gc             ] GC(4) Pause Young (Allocation Failure) 249M->203M(435M) 4.958ms
[2026-03-22T19:49:56.720+0900][0.233s][info][gc,cpu         ] GC(4) User=0.00s Sys=0.00s Real=0.01s
[2026-03-22T19:49:56.737+0900][0.250s][info][gc,start       ] GC(5) Pause Full (Ergonomics)
[2026-03-22T19:49:56.738+0900][0.250s][info][gc,phases,start] GC(5) Marking Phase
[2026-03-22T19:49:56.739+0900][0.251s][info][gc,phases      ] GC(5) Marking Phase 1.411ms
[2026-03-22T19:49:56.739+0900][0.251s][info][gc,phases,start] GC(5) Summary Phase
[2026-03-22T19:49:56.739+0900][0.251s][info][gc,phases      ] GC(5) Summary Phase 0.013ms
[2026-03-22T19:49:56.739+0900][0.251s][info][gc,phases,start] GC(5) Adjust Roots
[2026-03-22T19:49:56.739+0900][0.252s][info][gc,phases      ] GC(5) Adjust Roots 0.370ms
[2026-03-22T19:49:56.739+0900][0.252s][info][gc,phases,start] GC(5) Compaction Phase
[2026-03-22T19:49:56.744+0900][0.257s][info][gc,phases      ] GC(5) Compaction Phase 4.816ms
[2026-03-22T19:49:56.744+0900][0.257s][info][gc,phases,start] GC(5) Post Compact
[2026-03-22T19:49:56.745+0900][0.258s][info][gc,phases      ] GC(5) Post Compact 1.219ms
[2026-03-22T19:49:56.745+0900][0.258s][info][gc,heap        ] GC(5) PSYoungGen: 161951K(163840K)->0K(163840K) Eden: 151423K(153088K)->0K(153088K) From: 10528K(10752K)->0K(10752K)
[2026-03-22T19:49:56.745+0900][0.258s][info][gc,heap        ] GC(5) ParOldGen: 197914K(281600K)->103194K(330240K)
[2026-03-22T19:49:56.745+0900][0.258s][info][gc,metaspace   ] GC(5) Metaspace: 335K(512K)->335K(512K) NonClass: 317K(384K)->317K(384K) Class: 17K(128K)->17K(128K)
[2026-03-22T19:49:56.745+0900][0.258s][info][gc             ] GC(5) Pause Full (Ergonomics) 351M->100M(482M) 8.310ms
[2026-03-22T19:49:56.745+0900][0.258s][info][gc,cpu         ] GC(5) User=0.02s Sys=0.00s Real=0.01s
[2026-03-22T19:49:56.760+0900][0.274s][info][gc,start       ] GC(6) Pause Young (Allocation Failure)
[2026-03-22T19:49:56.766+0900][0.278s][info][gc,heap        ] GC(6) PSYoungGen: 152526K(163840K)->10528K(163840K) Eden: 152526K(153088K)->0K(153088K) From: 0K(10752K)->10528K(10752K)
[2026-03-22T19:49:56.766+0900][0.278s][info][gc,heap        ] GC(6) ParOldGen: 103194K(330240K)->197403K(330240K)
[2026-03-22T19:49:56.766+0900][0.278s][info][gc,metaspace   ] GC(6) Metaspace: 335K(512K)->335K(512K) NonClass: 317K(384K)->317K(384K) Class: 17K(128K)->17K(128K)
[2026-03-22T19:49:56.766+0900][0.278s][info][gc             ] GC(6) Pause Young (Allocation Failure) 249M->203M(482M) 4.384ms
[2026-03-22T19:49:56.766+0900][0.278s][info][gc,cpu         ] GC(6) User=0.00s Sys=0.00s Real=0.01s
[2026-03-22T19:49:56.781+0900][0.294s][info][gc,start       ] GC(7) Pause Young (Allocation Failure)
[2026-03-22T19:49:56.800+0900][0.312s][info][gc,heap        ] GC(7) PSYoungGen: 163068K(163840K)->10688K(162816K) Eden: 152540K(153088K)->0K(152064K) From: 10528K(10752K)->10688K(10752K)
[2026-03-22T19:49:56.800+0900][0.313s][info][gc,heap        ] GC(7) ParOldGen: 197403K(330240K)->291612K(330240K)
[2026-03-22T19:49:56.800+0900][0.313s][info][gc,metaspace   ] GC(7) Metaspace: 335K(512K)->335K(512K) NonClass: 317K(384K)->317K(384K) Class: 17K(128K)->17K(128K)
[2026-03-22T19:49:56.800+0900][0.313s][info][gc             ] GC(7) Pause Young (Allocation Failure) 352M->295M(481M) 18.906ms
[2026-03-22T19:49:56.800+0900][0.313s][info][gc,cpu         ] GC(7) User=0.06s Sys=0.03s Real=0.02s
[2026-03-22T19:49:56.815+0900][0.328s][info][gc,start       ] GC(8) Pause Full (Ergonomics)
[2026-03-22T19:49:56.815+0900][0.328s][info][gc,phases,start] GC(8) Marking Phase
[2026-03-22T19:49:56.817+0900][0.330s][info][gc,phases      ] GC(8) Marking Phase 1.290ms
[2026-03-22T19:49:56.817+0900][0.330s][info][gc,phases,start] GC(8) Summary Phase
[2026-03-22T19:49:56.817+0900][0.330s][info][gc,phases      ] GC(8) Summary Phase 0.020ms
[2026-03-22T19:49:56.817+0900][0.330s][info][gc,phases,start] GC(8) Adjust Roots
[2026-03-22T19:49:56.817+0900][0.330s][info][gc,phases      ] GC(8) Adjust Roots 0.352ms
[2026-03-22T19:49:56.817+0900][0.330s][info][gc,phases,start] GC(8) Compaction Phase
[2026-03-22T19:49:56.823+0900][0.335s][info][gc,phases      ] GC(8) Compaction Phase 5.385ms
[2026-03-22T19:49:56.823+0900][0.335s][info][gc,phases,start] GC(8) Post Compact
[2026-03-22T19:49:56.826+0900][0.338s][info][gc,phases      ] GC(8) Post Compact 2.926ms
[2026-03-22T19:49:56.826+0900][0.339s][info][gc,heap        ] GC(8) PSYoungGen: 161167K(162816K)->0K(163328K) Eden: 150479K(152064K)->0K(152064K) From: 10688K(10752K)->0K(11264K)
[2026-03-22T19:49:56.826+0900][0.339s][info][gc,heap        ] GC(8) ParOldGen: 291612K(330240K)->103194K(349696K)
[2026-03-22T19:49:56.826+0900][0.339s][info][gc,metaspace   ] GC(8) Metaspace: 335K(512K)->335K(512K) NonClass: 317K(384K)->317K(384K) Class: 17K(128K)->17K(128K)
[2026-03-22T19:49:56.826+0900][0.339s][info][gc             ] GC(8) Pause Full (Ergonomics) 442M->100M(501M) 10.469ms
[2026-03-22T19:49:56.826+0900][0.339s][info][gc,cpu         ] GC(8) User=0.05s Sys=0.05s Real=0.01s
[2026-03-22T19:49:56.841+0900][0.354s][info][gc,start       ] GC(9) Pause Young (Allocation Failure)
[2026-03-22T19:49:56.846+0900][0.358s][info][gc,heap        ] GC(9) PSYoungGen: 150484K(163328K)->10528K(162304K) Eden: 150484K(152064K)->0K(151040K) From: 0K(11264K)->10528K(11264K)
[2026-03-22T19:49:56.846+0900][0.358s][info][gc,heap        ] GC(9) ParOldGen: 103194K(349696K)->197403K(349696K)
[2026-03-22T19:49:56.846+0900][0.358s][info][gc,metaspace   ] GC(9) Metaspace: 335K(512K)->335K(512K) NonClass: 317K(384K)->317K(384K) Class: 17K(128K)->17K(128K)
[2026-03-22T19:49:56.846+0900][0.358s][info][gc             ] GC(9) Pause Young (Allocation Failure) 247M->203M(500M) 4.367ms
[2026-03-22T19:49:56.846+0900][0.358s][info][gc,cpu         ] GC(9) User=0.00s Sys=0.00s Real=0.00s
[2026-03-22T19:49:56.862+0900][0.375s][info][gc,start       ] GC(10) Pause Young (Allocation Failure)
[2026-03-22T19:49:56.867+0900][0.380s][info][gc,heap        ] GC(10) PSYoungGen: 161498K(162304K)->10688K(162816K) Eden: 150970K(151040K)->0K(151040K) From: 10528K(11264K)->10688K(11776K)
[2026-03-22T19:49:56.867+0900][0.380s][info][gc,heap        ] GC(10) ParOldGen: 197403K(349696K)->291620K(349696K)
[2026-03-22T19:49:56.867+0900][0.380s][info][gc,metaspace   ] GC(10) Metaspace: 340K(512K)->340K(512K) NonClass: 322K(384K)->322K(384K) Class: 17K(128K)->17K(128K)
[2026-03-22T19:49:56.867+0900][0.380s][info][gc             ] GC(10) Pause Young (Allocation Failure) 350M->295M(500M) 5.384ms
[2026-03-22T19:49:56.867+0900][0.380s][info][gc,cpu         ] GC(10) User=0.00s Sys=0.00s Real=0.01s
[2026-03-22T19:49:56.883+0900][0.396s][info][gc,start       ] GC(11) Pause Full (Ergonomics)
[2026-03-22T19:49:56.883+0900][0.396s][info][gc,phases,start] GC(11) Marking Phase
[2026-03-22T19:49:56.885+0900][0.397s][info][gc,phases      ] GC(11) Marking Phase 1.272ms
[2026-03-22T19:49:56.885+0900][0.397s][info][gc,phases,start] GC(11) Summary Phase
[2026-03-22T19:49:56.885+0900][0.397s][info][gc,phases      ] GC(11) Summary Phase 0.025ms
[2026-03-22T19:49:56.885+0900][0.397s][info][gc,phases,start] GC(11) Adjust Roots
[2026-03-22T19:49:56.885+0900][0.398s][info][gc,phases      ] GC(11) Adjust Roots 0.266ms
[2026-03-22T19:49:56.885+0900][0.398s][info][gc,phases,start] GC(11) Compaction Phase
[2026-03-22T19:49:56.890+0900][0.403s][info][gc,phases      ] GC(11) Compaction Phase 5.357ms
[2026-03-22T19:49:56.890+0900][0.403s][info][gc,phases,start] GC(11) Post Compact
[2026-03-22T19:49:56.892+0900][0.405s][info][gc,phases      ] GC(11) Post Compact 1.526ms
[2026-03-22T19:49:56.892+0900][0.405s][info][gc,heap        ] GC(11) PSYoungGen: 161154K(162816K)->0K(162816K) Eden: 150465K(151040K)->0K(151040K) From: 10688K(11776K)->0K(11776K)
[2026-03-22T19:49:56.892+0900][0.405s][info][gc,heap        ] GC(11) ParOldGen: 291620K(349696K)->103430K(349696K)
[2026-03-22T19:49:56.892+0900][0.405s][info][gc,metaspace   ] GC(11) Metaspace: 340K(512K)->340K(512K) NonClass: 322K(384K)->322K(384K) Class: 17K(128K)->17K(128K)
[2026-03-22T19:49:56.892+0900][0.405s][info][gc             ] GC(11) Pause Full (Ergonomics) 442M->101M(500M) 8.795ms
[2026-03-22T19:49:56.892+0900][0.405s][info][gc,cpu         ] GC(11) User=0.02s Sys=0.00s Real=0.01s
[2026-03-22T19:49:56.907+0900][0.420s][info][gc,start       ] GC(12) Pause Young (Allocation Failure)
[2026-03-22T19:49:56.912+0900][0.424s][info][gc,heap        ] GC(12) PSYoungGen: 150468K(162816K)->10528K(162816K) Eden: 150468K(151040K)->0K(151040K) From: 0K(11776K)->10528K(11776K)
[2026-03-22T19:49:56.912+0900][0.424s][info][gc,heap        ] GC(12) ParOldGen: 103430K(349696K)->197638K(349696K)
[2026-03-22T19:49:56.912+0900][0.424s][info][gc,metaspace   ] GC(12) Metaspace: 340K(512K)->340K(512K) NonClass: 322K(384K)->322K(384K) Class: 17K(128K)->17K(128K)
[2026-03-22T19:49:56.912+0900][0.424s][info][gc             ] GC(12) Pause Young (Allocation Failure) 247M->203M(500M) 4.450ms
[2026-03-22T19:49:56.912+0900][0.424s][info][gc,cpu         ] GC(12) User=0.00s Sys=0.00s Real=0.00s
[2026-03-22T19:49:56.927+0900][0.440s][info][gc,start       ] GC(13) Pause Young (Allocation Failure)
[2026-03-22T19:49:56.931+0900][0.444s][info][gc,heap        ] GC(13) PSYoungGen: 160998K(162816K)->10688K(162816K) Eden: 150470K(151040K)->0K(151040K) From: 10528K(11776K)->10688K(11776K)
[2026-03-22T19:49:56.931+0900][0.444s][info][gc,heap        ] GC(13) ParOldGen: 197638K(349696K)->291847K(349696K)
[2026-03-22T19:49:56.931+0900][0.444s][info][gc,metaspace   ] GC(13) Metaspace: 340K(512K)->340K(512K) NonClass: 322K(384K)->322K(384K) Class: 17K(128K)->17K(128K)
[2026-03-22T19:49:56.931+0900][0.444s][info][gc             ] GC(13) Pause Young (Allocation Failure) 350M->295M(500M) 4.891ms
[2026-03-22T19:49:56.931+0900][0.444s][info][gc,cpu         ] GC(13) User=0.05s Sys=0.00s Real=0.00s
[2026-03-22T19:49:56.946+0900][0.459s][info][gc,start       ] GC(14) Pause Full (Ergonomics)
[2026-03-22T19:49:56.946+0900][0.459s][info][gc,phases,start] GC(14) Marking Phase
[2026-03-22T19:49:56.947+0900][0.460s][info][gc,phases      ] GC(14) Marking Phase 1.049ms
[2026-03-22T19:49:56.947+0900][0.460s][info][gc,phases,start] GC(14) Summary Phase
[2026-03-22T19:49:56.947+0900][0.460s][info][gc,phases      ] GC(14) Summary Phase 0.081ms
[2026-03-22T19:49:56.947+0900][0.460s][info][gc,phases,start] GC(14) Adjust Roots
[2026-03-22T19:49:56.947+0900][0.460s][info][gc,phases      ] GC(14) Adjust Roots 0.189ms
[2026-03-22T19:49:56.947+0900][0.460s][info][gc,phases,start] GC(14) Compaction Phase
[2026-03-22T19:49:56.952+0900][0.465s][info][gc,phases      ] GC(14) Compaction Phase 4.867ms
[2026-03-22T19:49:56.952+0900][0.465s][info][gc,phases,start] GC(14) Post Compact
[2026-03-22T19:49:56.954+0900][0.467s][info][gc,phases      ] GC(14) Post Compact 1.435ms
[2026-03-22T19:49:56.954+0900][0.467s][info][gc,heap        ] GC(14) PSYoungGen: 161159K(162816K)->0K(162816K) Eden: 150471K(151040K)->0K(151040K) From: 10688K(11776K)->0K(11776K)
[2026-03-22T19:49:56.954+0900][0.467s][info][gc,heap        ] GC(14) ParOldGen: 291847K(349696K)->103430K(349696K)
[2026-03-22T19:49:56.954+0900][0.467s][info][gc,metaspace   ] GC(14) Metaspace: 340K(512K)->340K(512K) NonClass: 322K(384K)->322K(384K) Class: 17K(128K)->17K(128K)
[2026-03-22T19:49:56.954+0900][0.467s][info][gc             ] GC(14) Pause Full (Ergonomics) 442M->101M(500M) 7.886ms
[2026-03-22T19:49:56.954+0900][0.467s][info][gc,cpu         ] GC(14) User=0.08s Sys=0.00s Real=0.01s
[2026-03-22T19:49:56.969+0900][0.482s][info][gc,start       ] GC(15) Pause Young (Allocation Failure)
[2026-03-22T19:49:56.973+0900][0.487s][info][gc,heap        ] GC(15) PSYoungGen: 150472K(162816K)->10528K(162816K) Eden: 150472K(151040K)->0K(151040K) From: 0K(11776K)->10528K(11776K)
[2026-03-22T19:49:56.973+0900][0.487s][info][gc,heap        ] GC(15) ParOldGen: 103430K(349696K)->197638K(349696K)
[2026-03-22T19:49:56.974+0900][0.487s][info][gc,metaspace   ] GC(15) Metaspace: 340K(512K)->340K(512K) NonClass: 322K(384K)->322K(384K) Class: 17K(128K)->17K(128K)
[2026-03-22T19:49:56.974+0900][0.487s][info][gc             ] GC(15) Pause Young (Allocation Failure) 247M->203M(500M) 4.475ms
[2026-03-22T19:49:56.974+0900][0.487s][info][gc,cpu         ] GC(15) User=0.00s Sys=0.00s Real=0.00s
[2026-03-22T19:49:56.988+0900][0.502s][info][gc,start       ] GC(16) Pause Young (Allocation Failure)
[2026-03-22T19:49:56.994+0900][0.506s][info][gc,heap        ] GC(16) PSYoungGen: 161000K(162816K)->10528K(162816K) Eden: 150472K(151040K)->0K(151040K) From: 10528K(11776K)->10528K(11776K)
[2026-03-22T19:49:56.994+0900][0.506s][info][gc,heap        ] GC(16) ParOldGen: 197638K(349696K)->291999K(349696K)
[2026-03-22T19:49:56.994+0900][0.506s][info][gc,metaspace   ] GC(16) Metaspace: 340K(512K)->340K(512K) NonClass: 322K(384K)->322K(384K) Class: 17K(128K)->17K(128K)
[2026-03-22T19:49:56.994+0900][0.506s][info][gc             ] GC(16) Pause Young (Allocation Failure) 350M->295M(500M) 4.619ms
[2026-03-22T19:49:56.994+0900][0.506s][info][gc,cpu         ] GC(16) User=0.00s Sys=0.00s Real=0.01s
[2026-03-22T19:49:57.008+0900][0.522s][info][gc,start       ] GC(17) Pause Full (Ergonomics)
[2026-03-22T19:49:57.009+0900][0.522s][info][gc,phases,start] GC(17) Marking Phase
[2026-03-22T19:49:57.010+0900][0.523s][info][gc,phases      ] GC(17) Marking Phase 1.298ms
[2026-03-22T19:49:57.010+0900][0.523s][info][gc,phases,start] GC(17) Summary Phase
[2026-03-22T19:49:57.010+0900][0.523s][info][gc,phases      ] GC(17) Summary Phase 0.014ms
[2026-03-22T19:49:57.010+0900][0.523s][info][gc,phases,start] GC(17) Adjust Roots
[2026-03-22T19:49:57.010+0900][0.523s][info][gc,phases      ] GC(17) Adjust Roots 0.201ms
[2026-03-22T19:49:57.010+0900][0.523s][info][gc,phases,start] GC(17) Compaction Phase
[2026-03-22T19:49:57.016+0900][0.528s][info][gc,phases      ] GC(17) Compaction Phase 4.879ms
[2026-03-22T19:49:57.016+0900][0.528s][info][gc,phases,start] GC(17) Post Compact
[2026-03-22T19:49:57.017+0900][0.530s][info][gc,phases      ] GC(17) Post Compact 1.413ms
[2026-03-22T19:49:57.017+0900][0.530s][info][gc,heap        ] GC(17) PSYoungGen: 161000K(162816K)->0K(162816K) Eden: 150472K(151040K)->0K(151040K) From: 10528K(11776K)->0K(11776K)
[2026-03-22T19:49:57.017+0900][0.530s][info][gc,heap        ] GC(17) ParOldGen: 291999K(349696K)->103430K(349696K)
[2026-03-22T19:49:57.017+0900][0.530s][info][gc,metaspace   ] GC(17) Metaspace: 340K(512K)->340K(512K) NonClass: 322K(384K)->322K(384K) Class: 17K(128K)->17K(128K)
[2026-03-22T19:49:57.017+0900][0.530s][info][gc             ] GC(17) Pause Full (Ergonomics) 442M->101M(500M) 8.254ms
[2026-03-22T19:49:57.017+0900][0.530s][info][gc,cpu         ] GC(17) User=0.05s Sys=0.05s Real=0.01s
[2026-03-22T19:49:57.032+0900][0.545s][info][gc,start       ] GC(18) Pause Young (Allocation Failure)
[2026-03-22T19:49:57.036+0900][0.549s][info][gc,heap        ] GC(18) PSYoungGen: 150472K(162816K)->10528K(162816K) Eden: 150472K(151040K)->0K(151040K) From: 0K(11776K)->10528K(11776K)
[2026-03-22T19:49:57.036+0900][0.549s][info][gc,heap        ] GC(18) ParOldGen: 103430K(349696K)->197638K(349696K)
[2026-03-22T19:49:57.036+0900][0.549s][info][gc,metaspace   ] GC(18) Metaspace: 340K(512K)->340K(512K) NonClass: 322K(384K)->322K(384K) Class: 17K(128K)->17K(128K)
[2026-03-22T19:49:57.036+0900][0.549s][info][gc             ] GC(18) Pause Young (Allocation Failure) 247M->203M(500M) 4.103ms
[2026-03-22T19:49:57.036+0900][0.549s][info][gc,cpu         ] GC(18) User=0.00s Sys=0.00s Real=0.00s
[2026-03-22T19:49:57.050+0900][0.563s][info][gc,start       ] GC(19) Pause Young (Allocation Failure)
[2026-03-22T19:49:57.054+0900][0.567s][info][gc,heap        ] GC(19) PSYoungGen: 161001K(162816K)->10528K(162816K) Eden: 150473K(151040K)->0K(151040K) From: 10528K(11776K)->10528K(11776K)
[2026-03-22T19:49:57.054+0900][0.567s][info][gc,heap        ] GC(19) ParOldGen: 197638K(349696K)->291999K(349696K)
[2026-03-22T19:49:57.054+0900][0.567s][info][gc,metaspace   ] GC(19) Metaspace: 340K(512K)->340K(512K) NonClass: 322K(384K)->322K(384K) Class: 17K(128K)->17K(128K)
[2026-03-22T19:49:57.054+0900][0.567s][info][gc             ] GC(19) Pause Young (Allocation Failure) 350M->295M(500M) 4.375ms
[2026-03-22T19:49:57.054+0900][0.567s][info][gc,cpu         ] GC(19) User=0.00s Sys=0.00s Real=0.00s
[2026-03-22T19:49:57.069+0900][0.582s][info][gc,start       ] GC(20) Pause Full (Ergonomics)
[2026-03-22T19:49:57.069+0900][0.582s][info][gc,phases,start] GC(20) Marking Phase
[2026-03-22T19:49:57.070+0900][0.583s][info][gc,phases      ] GC(20) Marking Phase 1.151ms
[2026-03-22T19:49:57.070+0900][0.583s][info][gc,phases,start] GC(20) Summary Phase
[2026-03-22T19:49:57.070+0900][0.583s][info][gc,phases      ] GC(20) Summary Phase 0.014ms
[2026-03-22T19:49:57.070+0900][0.583s][info][gc,phases,start] GC(20) Adjust Roots
[2026-03-22T19:49:57.070+0900][0.583s][info][gc,phases      ] GC(20) Adjust Roots 0.232ms
[2026-03-22T19:49:57.070+0900][0.583s][info][gc,phases,start] GC(20) Compaction Phase
[2026-03-22T19:49:57.075+0900][0.588s][info][gc,phases      ] GC(20) Compaction Phase 4.982ms
[2026-03-22T19:49:57.075+0900][0.588s][info][gc,phases,start] GC(20) Post Compact
[2026-03-22T19:49:57.077+0900][0.590s][info][gc,phases      ] GC(20) Post Compact 1.437ms
[2026-03-22T19:49:57.077+0900][0.590s][info][gc,heap        ] GC(20) PSYoungGen: 161001K(162816K)->0K(162816K) Eden: 150473K(151040K)->0K(151040K) From: 10528K(11776K)->0K(11776K)
[2026-03-22T19:49:57.077+0900][0.590s][info][gc,heap        ] GC(20) ParOldGen: 291999K(349696K)->103430K(349696K)
[2026-03-22T19:49:57.077+0900][0.590s][info][gc,metaspace   ] GC(20) Metaspace: 340K(512K)->340K(512K) NonClass: 322K(384K)->322K(384K) Class: 17K(128K)->17K(128K)
[2026-03-22T19:49:57.077+0900][0.590s][info][gc             ] GC(20) Pause Full (Ergonomics) 442M->101M(500M) 8.101ms
[2026-03-22T19:49:57.077+0900][0.590s][info][gc,cpu         ] GC(20) User=0.09s Sys=0.00s Real=0.01s
[2026-03-22T19:49:57.091+0900][0.604s][info][gc,start       ] GC(21) Pause Young (Allocation Failure)
[2026-03-22T19:49:57.095+0900][0.608s][info][gc,heap        ] GC(21) PSYoungGen: 150473K(162816K)->10528K(162816K) Eden: 150473K(151040K)->0K(151040K) From: 0K(11776K)->10528K(11776K)
[2026-03-22T19:49:57.095+0900][0.608s][info][gc,heap        ] GC(21) ParOldGen: 103430K(349696K)->197638K(349696K)
[2026-03-22T19:49:57.095+0900][0.608s][info][gc,metaspace   ] GC(21) Metaspace: 340K(512K)->340K(512K) NonClass: 322K(384K)->322K(384K) Class: 17K(128K)->17K(128K)
[2026-03-22T19:49:57.095+0900][0.608s][info][gc             ] GC(21) Pause Young (Allocation Failure) 247M->203M(500M) 4.178ms
[2026-03-22T19:49:57.095+0900][0.608s][info][gc,cpu         ] GC(21) User=0.00s Sys=0.00s Real=0.00s
[2026-03-22T19:49:57.110+0900][0.623s][info][gc,start       ] GC(22) Pause Young (Allocation Failure)
[2026-03-22T19:49:57.114+0900][0.627s][info][gc,heap        ] GC(22) PSYoungGen: 161001K(162816K)->10560K(162816K) Eden: 150473K(151040K)->0K(151040K) From: 10528K(11776K)->10560K(11776K)
[2026-03-22T19:49:57.114+0900][0.628s][info][gc,heap        ] GC(22) ParOldGen: 197638K(349696K)->291991K(349696K)
[2026-03-22T19:49:57.114+0900][0.628s][info][gc,metaspace   ] GC(22) Metaspace: 340K(512K)->340K(512K) NonClass: 322K(384K)->322K(384K) Class: 17K(128K)->17K(128K)
[2026-03-22T19:49:57.114+0900][0.628s][info][gc             ] GC(22) Pause Young (Allocation Failure) 350M->295M(500M) 4.514ms
[2026-03-22T19:49:57.114+0900][0.628s][info][gc,cpu         ] GC(22) User=0.00s Sys=0.00s Real=0.00s
[2026-03-22T19:49:57.130+0900][0.643s][info][gc,start       ] GC(23) Pause Full (Ergonomics)
[2026-03-22T19:49:57.130+0900][0.644s][info][gc,phases,start] GC(23) Marking Phase
[2026-03-22T19:49:57.131+0900][0.645s][info][gc,phases      ] GC(23) Marking Phase 1.142ms
[2026-03-22T19:49:57.131+0900][0.645s][info][gc,phases,start] GC(23) Summary Phase
[2026-03-22T19:49:57.131+0900][0.645s][info][gc,phases      ] GC(23) Summary Phase 0.078ms
[2026-03-22T19:49:57.131+0900][0.645s][info][gc,phases,start] GC(23) Adjust Roots
[2026-03-22T19:49:57.132+0900][0.645s][info][gc,phases      ] GC(23) Adjust Roots 0.284ms
[2026-03-22T19:49:57.132+0900][0.645s][info][gc,phases,start] GC(23) Compaction Phase
[2026-03-22T19:49:57.137+0900][0.650s][info][gc,phases      ] GC(23) Compaction Phase 5.055ms
[2026-03-22T19:49:57.137+0900][0.650s][info][gc,phases,start] GC(23) Post Compact
[2026-03-22T19:49:57.138+0900][0.652s][info][gc,phases      ] GC(23) Post Compact 1.361ms
[2026-03-22T19:49:57.138+0900][0.652s][info][gc,heap        ] GC(23) PSYoungGen: 161033K(162816K)->0K(162816K) Eden: 150473K(151040K)->0K(151040K) From: 10560K(11776K)->0K(11776K)
[2026-03-22T19:49:57.138+0900][0.652s][info][gc,heap        ] GC(23) ParOldGen: 291991K(349696K)->103430K(349696K)
[2026-03-22T19:49:57.138+0900][0.652s][info][gc,metaspace   ] GC(23) Metaspace: 340K(512K)->340K(512K) NonClass: 322K(384K)->322K(384K) Class: 17K(128K)->17K(128K)
[2026-03-22T19:49:57.138+0900][0.652s][info][gc             ] GC(23) Pause Full (Ergonomics) 442M->101M(500M) 8.256ms
[2026-03-22T19:49:57.138+0900][0.652s][info][gc,cpu         ] GC(23) User=0.09s Sys=0.00s Real=0.01s
[2026-03-22T19:49:57.155+0900][0.667s][info][gc,start       ] GC(24) Pause Young (Allocation Failure)
[2026-03-22T19:49:57.159+0900][0.672s][info][gc,heap        ] GC(24) PSYoungGen: 150473K(162816K)->10528K(162816K) Eden: 150473K(151040K)->0K(151040K) From: 0K(11776K)->10528K(11776K)
[2026-03-22T19:49:57.159+0900][0.672s][info][gc,heap        ] GC(24) ParOldGen: 103430K(349696K)->197638K(349696K)
[2026-03-22T19:49:57.159+0900][0.672s][info][gc,metaspace   ] GC(24) Metaspace: 340K(512K)->340K(512K) NonClass: 322K(384K)->322K(384K) Class: 17K(128K)->17K(128K)
[2026-03-22T19:49:57.159+0900][0.672s][info][gc             ] GC(24) Pause Young (Allocation Failure) 247M->203M(500M) 4.513ms
[2026-03-22T19:49:57.159+0900][0.672s][info][gc,cpu         ] GC(24) User=0.00s Sys=0.00s Real=0.00s
[2026-03-22T19:49:57.173+0900][0.686s][info][gc,start       ] GC(25) Pause Young (Allocation Failure)
[2026-03-22T19:49:57.177+0900][0.691s][info][gc,heap        ] GC(25) PSYoungGen: 161001K(162816K)->10528K(162816K) Eden: 150473K(151040K)->0K(151040K) From: 10528K(11776K)->10528K(11776K)
[2026-03-22T19:49:57.177+0900][0.691s][info][gc,heap        ] GC(25) ParOldGen: 197638K(349696K)->292007K(349696K)
[2026-03-22T19:49:57.177+0900][0.691s][info][gc,metaspace   ] GC(25) Metaspace: 340K(512K)->340K(512K) NonClass: 322K(384K)->322K(384K) Class: 17K(128K)->17K(128K)
[2026-03-22T19:49:57.177+0900][0.691s][info][gc             ] GC(25) Pause Young (Allocation Failure) 350M->295M(500M) 4.177ms
[2026-03-22T19:49:57.177+0900][0.691s][info][gc,cpu         ] GC(25) User=0.00s Sys=0.00s Real=0.00s
[2026-03-22T19:49:57.191+0900][0.705s][info][gc,start       ] GC(26) Pause Full (Ergonomics)
[2026-03-22T19:49:57.191+0900][0.705s][info][gc,phases,start] GC(26) Marking Phase
[2026-03-22T19:49:57.193+0900][0.706s][info][gc,phases      ] GC(26) Marking Phase 1.060ms
[2026-03-22T19:49:57.193+0900][0.706s][info][gc,phases,start] GC(26) Summary Phase
[2026-03-22T19:49:57.193+0900][0.706s][info][gc,phases      ] GC(26) Summary Phase 0.012ms
[2026-03-22T19:49:57.193+0900][0.706s][info][gc,phases,start] GC(26) Adjust Roots
[2026-03-22T19:49:57.193+0900][0.706s][info][gc,phases      ] GC(26) Adjust Roots 0.296ms
[2026-03-22T19:49:57.193+0900][0.706s][info][gc,phases,start] GC(26) Compaction Phase
[2026-03-22T19:49:57.198+0900][0.712s][info][gc,phases      ] GC(26) Compaction Phase 5.563ms
[2026-03-22T19:49:57.198+0900][0.712s][info][gc,phases,start] GC(26) Post Compact
[2026-03-22T19:49:57.200+0900][0.713s][info][gc,phases      ] GC(26) Post Compact 1.343ms
[2026-03-22T19:49:57.200+0900][0.713s][info][gc,heap        ] GC(26) PSYoungGen: 161001K(162816K)->0K(162816K) Eden: 150473K(151040K)->0K(151040K) From: 10528K(11776K)->0K(11776K)
[2026-03-22T19:49:57.200+0900][0.713s][info][gc,heap        ] GC(26) ParOldGen: 292007K(349696K)->103430K(349696K)
[2026-03-22T19:49:57.200+0900][0.713s][info][gc,metaspace   ] GC(26) Metaspace: 340K(512K)->340K(512K) NonClass: 322K(384K)->322K(384K) Class: 17K(128K)->17K(128K)
[2026-03-22T19:49:57.200+0900][0.713s][info][gc             ] GC(26) Pause Full (Ergonomics) 442M->101M(500M) 8.541ms
[2026-03-22T19:49:57.200+0900][0.713s][info][gc,cpu         ] GC(26) User=0.08s Sys=0.02s Real=0.01s
[2026-03-22T19:49:57.215+0900][0.728s][info][gc,start       ] GC(27) Pause Young (Allocation Failure)
[2026-03-22T19:49:57.219+0900][0.732s][info][gc,heap        ] GC(27) PSYoungGen: 150473K(162816K)->10560K(162816K) Eden: 150473K(151040K)->0K(151040K) From: 0K(11776K)->10560K(11776K)
[2026-03-22T19:49:57.219+0900][0.732s][info][gc,heap        ] GC(27) ParOldGen: 103430K(349696K)->197638K(349696K)
[2026-03-22T19:49:57.219+0900][0.732s][info][gc,metaspace   ] GC(27) Metaspace: 340K(512K)->340K(512K) NonClass: 322K(384K)->322K(384K) Class: 17K(128K)->17K(128K)
[2026-03-22T19:49:57.219+0900][0.732s][info][gc             ] GC(27) Pause Young (Allocation Failure) 247M->203M(500M) 4.007ms
[2026-03-22T19:49:57.219+0900][0.732s][info][gc,cpu         ] GC(27) User=0.00s Sys=0.00s Real=0.00s
[2026-03-22T19:49:57.233+0900][0.745s][info][gc,start       ] GC(28) Pause Young (Allocation Failure)
[2026-03-22T19:49:57.237+0900][0.749s][info][gc,heap        ] GC(28) PSYoungGen: 161033K(162816K)->10560K(162816K) Eden: 150473K(151040K)->0K(151040K) From: 10560K(11776K)->10560K(11776K)
[2026-03-22T19:49:57.237+0900][0.749s][info][gc,heap        ] GC(28) ParOldGen: 197638K(349696K)->291991K(349696K)
[2026-03-22T19:49:57.237+0900][0.749s][info][gc,metaspace   ] GC(28) Metaspace: 340K(512K)->340K(512K) NonClass: 322K(384K)->322K(384K) Class: 17K(128K)->17K(128K)
[2026-03-22T19:49:57.237+0900][0.749s][info][gc             ] GC(28) Pause Young (Allocation Failure) 350M->295M(500M) 4.182ms
[2026-03-22T19:49:57.237+0900][0.749s][info][gc,cpu         ] GC(28) User=0.00s Sys=0.00s Real=0.00s
[2026-03-22T19:49:57.251+0900][0.763s][info][gc,start       ] GC(29) Pause Full (Ergonomics)
[2026-03-22T19:49:57.251+0900][0.763s][info][gc,phases,start] GC(29) Marking Phase
[2026-03-22T19:49:57.252+0900][0.765s][info][gc,phases      ] GC(29) Marking Phase 1.336ms
[2026-03-22T19:49:57.252+0900][0.765s][info][gc,phases,start] GC(29) Summary Phase
[2026-03-22T19:49:57.252+0900][0.765s][info][gc,phases      ] GC(29) Summary Phase 0.020ms
[2026-03-22T19:49:57.252+0900][0.765s][info][gc,phases,start] GC(29) Adjust Roots
[2026-03-22T19:49:57.253+0900][0.765s][info][gc,phases      ] GC(29) Adjust Roots 0.220ms
[2026-03-22T19:49:57.253+0900][0.765s][info][gc,phases,start] GC(29) Compaction Phase
[2026-03-22T19:49:57.257+0900][0.770s][info][gc,phases      ] GC(29) Compaction Phase 5.180ms
[2026-03-22T19:49:57.257+0900][0.770s][info][gc,phases,start] GC(29) Post Compact
[2026-03-22T19:49:57.258+0900][0.772s][info][gc,phases      ] GC(29) Post Compact 1.453ms
[2026-03-22T19:49:57.258+0900][0.772s][info][gc,heap        ] GC(29) PSYoungGen: 161033K(162816K)->0K(162816K) Eden: 150473K(151040K)->0K(151040K) From: 10560K(11776K)->0K(11776K)
[2026-03-22T19:49:57.258+0900][0.772s][info][gc,heap        ] GC(29) ParOldGen: 291991K(349696K)->103430K(349696K)
[2026-03-22T19:49:57.258+0900][0.772s][info][gc,metaspace   ] GC(29) Metaspace: 340K(512K)->340K(512K) NonClass: 322K(384K)->322K(384K) Class: 17K(128K)->17K(128K)
[2026-03-22T19:49:57.258+0900][0.772s][info][gc             ] GC(29) Pause Full (Ergonomics) 442M->101M(500M) 8.572ms
[2026-03-22T19:49:57.258+0900][0.772s][info][gc,cpu         ] GC(29) User=0.00s Sys=0.00s Real=0.01s
[2026-03-22T19:49:57.273+0900][0.786s][info][gc,start       ] GC(30) Pause Young (Allocation Failure)
[2026-03-22T19:49:57.277+0900][0.790s][info][gc,heap        ] GC(30) PSYoungGen: 150473K(162816K)->10528K(162816K) Eden: 150473K(151040K)->0K(151040K) From: 0K(11776K)->10528K(11776K)
[2026-03-22T19:49:57.277+0900][0.790s][info][gc,heap        ] GC(30) ParOldGen: 103430K(349696K)->197638K(349696K)
[2026-03-22T19:49:57.277+0900][0.790s][info][gc,metaspace   ] GC(30) Metaspace: 340K(512K)->340K(512K) NonClass: 322K(384K)->322K(384K) Class: 17K(128K)->17K(128K)
[2026-03-22T19:49:57.277+0900][0.790s][info][gc             ] GC(30) Pause Young (Allocation Failure) 247M->203M(500M) 4.376ms
[2026-03-22T19:49:57.277+0900][0.790s][info][gc,cpu         ] GC(30) User=0.08s Sys=0.00s Real=0.00s
[2026-03-22T19:49:57.291+0900][0.805s][info][gc,start       ] GC(31) Pause Young (Allocation Failure)
[2026-03-22T19:49:57.296+0900][0.809s][info][gc,heap        ] GC(31) PSYoungGen: 161001K(162816K)->10496K(161792K) Eden: 150473K(151040K)->0K(151040K) From: 10528K(11776K)->10496K(10752K)
[2026-03-22T19:49:57.296+0900][0.809s][info][gc,heap        ] GC(31) ParOldGen: 197638K(349696K)->291999K(349696K)
[2026-03-22T19:49:57.296+0900][0.809s][info][gc,metaspace   ] GC(31) Metaspace: 340K(512K)->340K(512K) NonClass: 322K(384K)->322K(384K) Class: 17K(128K)->17K(128K)
[2026-03-22T19:49:57.296+0900][0.810s][info][gc             ] GC(31) Pause Young (Allocation Failure) 350M->295M(499M) 5.002ms
[2026-03-22T19:49:57.296+0900][0.810s][info][gc,cpu         ] GC(31) User=0.00s Sys=0.00s Real=0.01s
[2026-03-22T19:49:57.311+0900][0.824s][info][gc,start       ] GC(32) Pause Full (Ergonomics)
[2026-03-22T19:49:57.311+0900][0.824s][info][gc,phases,start] GC(32) Marking Phase
[2026-03-22T19:49:57.312+0900][0.825s][info][gc,phases      ] GC(32) Marking Phase 1.058ms
[2026-03-22T19:49:57.312+0900][0.826s][info][gc,phases,start] GC(32) Summary Phase
[2026-03-22T19:49:57.312+0900][0.826s][info][gc,phases      ] GC(32) Summary Phase 0.013ms
[2026-03-22T19:49:57.312+0900][0.826s][info][gc,phases,start] GC(32) Adjust Roots
[2026-03-22T19:49:57.313+0900][0.826s][info][gc,phases      ] GC(32) Adjust Roots 0.323ms
[2026-03-22T19:49:57.313+0900][0.826s][info][gc,phases,start] GC(32) Compaction Phase
[2026-03-22T19:49:57.320+0900][0.833s][info][gc,phases      ] GC(32) Compaction Phase 7.428ms
[2026-03-22T19:49:57.320+0900][0.833s][info][gc,phases,start] GC(32) Post Compact
[2026-03-22T19:49:57.322+0900][0.835s][info][gc,phases      ] GC(32) Post Compact 1.577ms
[2026-03-22T19:49:57.322+0900][0.835s][info][gc,heap        ] GC(32) PSYoungGen: 160969K(161792K)->0K(162304K) Eden: 150473K(151040K)->0K(151040K) From: 10496K(10752K)->0K(11264K)
[2026-03-22T19:49:57.322+0900][0.835s][info][gc,heap        ] GC(32) ParOldGen: 291999K(349696K)->103430K(349696K)
[2026-03-22T19:49:57.322+0900][0.835s][info][gc,metaspace   ] GC(32) Metaspace: 340K(512K)->340K(512K) NonClass: 322K(384K)->322K(384K) Class: 17K(128K)->17K(128K)
[2026-03-22T19:49:57.322+0900][0.835s][info][gc             ] GC(32) Pause Full (Ergonomics) 442M->101M(500M) 10.707ms
[2026-03-22T19:49:57.322+0900][0.835s][info][gc,cpu         ] GC(32) User=0.00s Sys=0.02s Real=0.01s
[2026-03-22T19:49:57.336+0900][0.849s][info][gc,start       ] GC(33) Pause Young (Allocation Failure)
[2026-03-22T19:49:57.341+0900][0.853s][info][gc,heap        ] GC(33) PSYoungGen: 150473K(162304K)->10560K(163328K) Eden: 150473K(151040K)->0K(152064K) From: 0K(11264K)->10560K(11264K)
[2026-03-22T19:49:57.341+0900][0.853s][info][gc,heap        ] GC(33) ParOldGen: 103430K(349696K)->197638K(349696K)
[2026-03-22T19:49:57.341+0900][0.853s][info][gc,metaspace   ] GC(33) Metaspace: 340K(512K)->340K(512K) NonClass: 322K(384K)->322K(384K) Class: 17K(128K)->17K(128K)
[2026-03-22T19:49:57.341+0900][0.853s][info][gc             ] GC(33) Pause Young (Allocation Failure) 247M->203M(501M) 4.126ms
[2026-03-22T19:49:57.341+0900][0.853s][info][gc,cpu         ] GC(33) User=0.09s Sys=0.00s Real=0.01s
[2026-03-22T19:49:57.354+0900][0.867s][info][gc,start       ] GC(34) Pause Young (Allocation Failure)
[2026-03-22T19:49:57.358+0900][0.871s][info][gc,heap        ] GC(34) PSYoungGen: 161053K(163328K)->10560K(163328K) Eden: 150493K(152064K)->0K(152064K) From: 10560K(11264K)->10560K(11264K)
[2026-03-22T19:49:57.358+0900][0.871s][info][gc,heap        ] GC(34) ParOldGen: 197638K(349696K)->291991K(349696K)
[2026-03-22T19:49:57.358+0900][0.871s][info][gc,metaspace   ] GC(34) Metaspace: 340K(512K)->340K(512K) NonClass: 322K(384K)->322K(384K) Class: 17K(128K)->17K(128K)
[2026-03-22T19:49:57.358+0900][0.871s][info][gc             ] GC(34) Pause Young (Allocation Failure) 350M->295M(501M) 4.259ms
[2026-03-22T19:49:57.358+0900][0.871s][info][gc,cpu         ] GC(34) User=0.00s Sys=0.00s Real=0.00s
[2026-03-22T19:49:57.373+0900][0.886s][info][gc,start       ] GC(35) Pause Full (Ergonomics)
[2026-03-22T19:49:57.373+0900][0.886s][info][gc,phases,start] GC(35) Marking Phase
[2026-03-22T19:49:57.374+0900][0.887s][info][gc,phases      ] GC(35) Marking Phase 1.220ms
[2026-03-22T19:49:57.374+0900][0.887s][info][gc,phases,start] GC(35) Summary Phase
[2026-03-22T19:49:57.374+0900][0.887s][info][gc,phases      ] GC(35) Summary Phase 0.021ms
[2026-03-22T19:49:57.374+0900][0.887s][info][gc,phases,start] GC(35) Adjust Roots
[2026-03-22T19:49:57.375+0900][0.887s][info][gc,phases      ] GC(35) Adjust Roots 0.398ms
[2026-03-22T19:49:57.375+0900][0.887s][info][gc,phases,start] GC(35) Compaction Phase
[2026-03-22T19:49:57.380+0900][0.893s][info][gc,phases      ] GC(35) Compaction Phase 5.402ms
[2026-03-22T19:49:57.380+0900][0.893s][info][gc,phases,start] GC(35) Post Compact
[2026-03-22T19:49:57.381+0900][0.894s][info][gc,phases      ] GC(35) Post Compact 1.262ms
[2026-03-22T19:49:57.381+0900][0.894s][info][gc,heap        ] GC(35) PSYoungGen: 161053K(163328K)->0K(163328K) Eden: 150493K(152064K)->0K(152064K) From: 10560K(11264K)->0K(11264K)
[2026-03-22T19:49:57.381+0900][0.894s][info][gc,heap        ] GC(35) ParOldGen: 291991K(349696K)->103430K(349696K)
[2026-03-22T19:49:57.381+0900][0.894s][info][gc,metaspace   ] GC(35) Metaspace: 340K(512K)->340K(512K) NonClass: 322K(384K)->322K(384K) Class: 17K(128K)->17K(128K)
[2026-03-22T19:49:57.381+0900][0.894s][info][gc             ] GC(35) Pause Full (Ergonomics) 442M->101M(501M) 8.575ms
[2026-03-22T19:49:57.381+0900][0.894s][info][gc,cpu         ] GC(35) User=0.00s Sys=0.00s Real=0.01s
[2026-03-22T19:49:57.396+0900][0.908s][info][gc,start       ] GC(36) Pause Young (Allocation Failure)
[2026-03-22T19:49:57.400+0900][0.913s][info][gc,heap        ] GC(36) PSYoungGen: 150493K(163328K)->10560K(163328K) Eden: 150493K(152064K)->0K(152064K) From: 0K(11264K)->10560K(11264K)
[2026-03-22T19:49:57.400+0900][0.913s][info][gc,heap        ] GC(36) ParOldGen: 103430K(349696K)->197638K(349696K)
[2026-03-22T19:49:57.400+0900][0.913s][info][gc,metaspace   ] GC(36) Metaspace: 340K(512K)->340K(512K) NonClass: 322K(384K)->322K(384K) Class: 17K(128K)->17K(128K)
[2026-03-22T19:49:57.400+0900][0.913s][info][gc             ] GC(36) Pause Young (Allocation Failure) 247M->203M(501M) 4.576ms
[2026-03-22T19:49:57.400+0900][0.913s][info][gc,cpu         ] GC(36) User=0.00s Sys=0.00s Real=0.00s
[2026-03-22T19:49:57.415+0900][0.927s][info][gc,start       ] GC(37) Pause Young (Allocation Failure)
[2026-03-22T19:49:57.419+0900][0.932s][info][gc,heap        ] GC(37) PSYoungGen: 161053K(163328K)->10528K(163328K) Eden: 150493K(152064K)->0K(152064K) From: 10560K(11264K)->10528K(11264K)
[2026-03-22T19:49:57.419+0900][0.932s][info][gc,heap        ] GC(37) ParOldGen: 197638K(349696K)->291999K(349696K)
[2026-03-22T19:49:57.419+0900][0.932s][info][gc,metaspace   ] GC(37) Metaspace: 340K(512K)->340K(512K) NonClass: 322K(384K)->322K(384K) Class: 17K(128K)->17K(128K)
[2026-03-22T19:49:57.419+0900][0.932s][info][gc             ] GC(37) Pause Young (Allocation Failure) 350M->295M(501M) 4.403ms
[2026-03-22T19:49:57.419+0900][0.932s][info][gc,cpu         ] GC(37) User=0.09s Sys=0.00s Real=0.00s
[2026-03-22T19:49:57.432+0900][0.945s][info][gc,start       ] GC(38) Pause Full (Ergonomics)
[2026-03-22T19:49:57.433+0900][0.946s][info][gc,phases,start] GC(38) Marking Phase
[2026-03-22T19:49:57.434+0900][0.947s][info][gc,phases      ] GC(38) Marking Phase 1.088ms
[2026-03-22T19:49:57.434+0900][0.947s][info][gc,phases,start] GC(38) Summary Phase
[2026-03-22T19:49:57.434+0900][0.947s][info][gc,phases      ] GC(38) Summary Phase 0.014ms
[2026-03-22T19:49:57.434+0900][0.947s][info][gc,phases,start] GC(38) Adjust Roots
[2026-03-22T19:49:57.434+0900][0.947s][info][gc,phases      ] GC(38) Adjust Roots 0.189ms
[2026-03-22T19:49:57.434+0900][0.947s][info][gc,phases,start] GC(38) Compaction Phase
[2026-03-22T19:49:57.440+0900][0.952s][info][gc,phases      ] GC(38) Compaction Phase 5.303ms
[2026-03-22T19:49:57.440+0900][0.952s][info][gc,phases,start] GC(38) Post Compact
[2026-03-22T19:49:57.441+0900][0.953s][info][gc,phases      ] GC(38) Post Compact 1.294ms
[2026-03-22T19:49:57.441+0900][0.954s][info][gc,heap        ] GC(38) PSYoungGen: 161021K(163328K)->0K(163328K) Eden: 150493K(152064K)->0K(152064K) From: 10528K(11264K)->0K(11264K)
[2026-03-22T19:49:57.441+0900][0.954s][info][gc,heap        ] GC(38) ParOldGen: 291999K(349696K)->103430K(349696K)
[2026-03-22T19:49:57.441+0900][0.954s][info][gc,metaspace   ] GC(38) Metaspace: 340K(512K)->340K(512K) NonClass: 322K(384K)->322K(384K) Class: 17K(128K)->17K(128K)
[2026-03-22T19:49:57.441+0900][0.954s][info][gc             ] GC(38) Pause Full (Ergonomics) 442M->101M(501M) 8.143ms
[2026-03-22T19:49:57.441+0900][0.954s][info][gc,cpu         ] GC(38) User=0.00s Sys=0.00s Real=0.01s
[2026-03-22T19:49:57.455+0900][0.967s][info][gc,start       ] GC(39) Pause Young (Allocation Failure)
[2026-03-22T19:49:57.458+0900][0.971s][info][gc,heap        ] GC(39) PSYoungGen: 150493K(163328K)->10528K(163328K) Eden: 150493K(152064K)->0K(152064K) From: 0K(11264K)->10528K(11264K)
[2026-03-22T19:49:57.459+0900][0.972s][info][gc,heap        ] GC(39) ParOldGen: 103430K(349696K)->197638K(349696K)
[2026-03-22T19:49:57.459+0900][0.972s][info][gc,metaspace   ] GC(39) Metaspace: 340K(512K)->340K(512K) NonClass: 322K(384K)->322K(384K) Class: 17K(128K)->17K(128K)
[2026-03-22T19:49:57.459+0900][0.972s][info][gc             ] GC(39) Pause Young (Allocation Failure) 247M->203M(501M) 4.209ms
[2026-03-22T19:49:57.459+0900][0.972s][info][gc,cpu         ] GC(39) User=0.00s Sys=0.00s Real=0.00s
[2026-03-22T19:49:57.472+0900][0.985s][info][gc,start       ] GC(40) Pause Young (Allocation Failure)
[2026-03-22T19:49:57.477+0900][0.990s][info][gc,heap        ] GC(40) PSYoungGen: 161021K(163328K)->10528K(163328K) Eden: 150493K(152064K)->0K(152064K) From: 10528K(11264K)->10528K(11264K)
[2026-03-22T19:49:57.477+0900][0.990s][info][gc,heap        ] GC(40) ParOldGen: 197638K(349696K)->291999K(349696K)
[2026-03-22T19:49:57.477+0900][0.990s][info][gc,metaspace   ] GC(40) Metaspace: 340K(512K)->340K(512K) NonClass: 322K(384K)->322K(384K) Class: 17K(128K)->17K(128K)
[2026-03-22T19:49:57.477+0900][0.990s][info][gc             ] GC(40) Pause Young (Allocation Failure) 350M->295M(501M) 4.828ms
[2026-03-22T19:49:57.477+0900][0.990s][info][gc,cpu         ] GC(40) User=0.00s Sys=0.00s Real=0.01s
[2026-03-22T19:49:57.492+0900][1.006s][info][gc,start       ] GC(41) Pause Full (Ergonomics)
[2026-03-22T19:49:57.492+0900][1.006s][info][gc,phases,start] GC(41) Marking Phase
[2026-03-22T19:49:57.494+0900][1.007s][info][gc,phases      ] GC(41) Marking Phase 1.299ms
[2026-03-22T19:49:57.494+0900][1.007s][info][gc,phases,start] GC(41) Summary Phase
[2026-03-22T19:49:57.494+0900][1.007s][info][gc,phases      ] GC(41) Summary Phase 0.013ms
[2026-03-22T19:49:57.494+0900][1.007s][info][gc,phases,start] GC(41) Adjust Roots
[2026-03-22T19:49:57.494+0900][1.007s][info][gc,phases      ] GC(41) Adjust Roots 0.153ms
[2026-03-22T19:49:57.494+0900][1.007s][info][gc,phases,start] GC(41) Compaction Phase
[2026-03-22T19:49:57.501+0900][1.014s][info][gc,phases      ] GC(41) Compaction Phase 6.284ms
[2026-03-22T19:49:57.501+0900][1.014s][info][gc,phases,start] GC(41) Post Compact
[2026-03-22T19:49:57.502+0900][1.015s][info][gc,phases      ] GC(41) Post Compact 1.372ms
[2026-03-22T19:49:57.502+0900][1.015s][info][gc,heap        ] GC(41) PSYoungGen: 161021K(163328K)->0K(163328K) Eden: 150493K(152064K)->0K(152064K) From: 10528K(11264K)->0K(11264K)
[2026-03-22T19:49:57.502+0900][1.015s][info][gc,heap        ] GC(41) ParOldGen: 291999K(349696K)->103430K(349696K)
[2026-03-22T19:49:57.502+0900][1.015s][info][gc,metaspace   ] GC(41) Metaspace: 340K(512K)->340K(512K) NonClass: 322K(384K)->322K(384K) Class: 17K(128K)->17K(128K)
[2026-03-22T19:49:57.502+0900][1.015s][info][gc             ] GC(41) Pause Full (Ergonomics) 442M->101M(501M) 9.448ms
[2026-03-22T19:49:57.502+0900][1.015s][info][gc,cpu         ] GC(41) User=0.00s Sys=0.00s Real=0.01s
[2026-03-22T19:49:57.517+0900][1.030s][info][gc,start       ] GC(42) Pause Young (Allocation Failure)
[2026-03-22T19:49:57.522+0900][1.034s][info][gc,heap        ] GC(42) PSYoungGen: 150493K(163328K)->10528K(163328K) Eden: 150493K(152064K)->0K(152064K) From: 0K(11264K)->10528K(11264K)
[2026-03-22T19:49:57.522+0900][1.034s][info][gc,heap        ] GC(42) ParOldGen: 103430K(349696K)->197638K(349696K)
[2026-03-22T19:49:57.522+0900][1.034s][info][gc,metaspace   ] GC(42) Metaspace: 340K(512K)->340K(512K) NonClass: 322K(384K)->322K(384K) Class: 17K(128K)->17K(128K)
[2026-03-22T19:49:57.522+0900][1.034s][info][gc             ] GC(42) Pause Young (Allocation Failure) 247M->203M(501M) 4.337ms
[2026-03-22T19:49:57.522+0900][1.034s][info][gc,cpu         ] GC(42) User=0.00s Sys=0.00s Real=0.01s
[2026-03-22T19:49:57.535+0900][1.048s][info][gc,start       ] GC(43) Pause Young (Allocation Failure)
[2026-03-22T19:49:57.540+0900][1.053s][info][gc,heap        ] GC(43) PSYoungGen: 161021K(163328K)->10560K(163328K) Eden: 150493K(152064K)->0K(152064K) From: 10528K(11264K)->10560K(11264K)
[2026-03-22T19:49:57.540+0900][1.053s][info][gc,heap        ] GC(43) ParOldGen: 197638K(349696K)->291991K(349696K)
[2026-03-22T19:49:57.540+0900][1.053s][info][gc,metaspace   ] GC(43) Metaspace: 340K(512K)->340K(512K) NonClass: 322K(384K)->322K(384K) Class: 17K(128K)->17K(128K)
[2026-03-22T19:49:57.540+0900][1.053s][info][gc             ] GC(43) Pause Young (Allocation Failure) 350M->295M(501M) 4.917ms
[2026-03-22T19:49:57.540+0900][1.053s][info][gc,cpu         ] GC(43) User=0.00s Sys=0.00s Real=0.00s
[2026-03-22T19:49:57.554+0900][1.068s][info][gc,start       ] GC(44) Pause Full (Ergonomics)
[2026-03-22T19:49:57.555+0900][1.068s][info][gc,phases,start] GC(44) Marking Phase
[2026-03-22T19:49:57.556+0900][1.069s][info][gc,phases      ] GC(44) Marking Phase 1.363ms
[2026-03-22T19:49:57.556+0900][1.069s][info][gc,phases,start] GC(44) Summary Phase
[2026-03-22T19:49:57.556+0900][1.069s][info][gc,phases      ] GC(44) Summary Phase 0.014ms
[2026-03-22T19:49:57.556+0900][1.069s][info][gc,phases,start] GC(44) Adjust Roots
[2026-03-22T19:49:57.556+0900][1.069s][info][gc,phases      ] GC(44) Adjust Roots 0.299ms
[2026-03-22T19:49:57.556+0900][1.069s][info][gc,phases,start] GC(44) Compaction Phase
[2026-03-22T19:49:57.562+0900][1.075s][info][gc,phases      ] GC(44) Compaction Phase 5.265ms
[2026-03-22T19:49:57.562+0900][1.075s][info][gc,phases,start] GC(44) Post Compact
[2026-03-22T19:49:57.563+0900][1.076s][info][gc,phases      ] GC(44) Post Compact 1.359ms
[2026-03-22T19:49:57.563+0900][1.076s][info][gc,heap        ] GC(44) PSYoungGen: 161053K(163328K)->0K(163328K) Eden: 150493K(152064K)->0K(152064K) From: 10560K(11264K)->0K(11264K)
[2026-03-22T19:49:57.563+0900][1.076s][info][gc,heap        ] GC(44) ParOldGen: 291991K(349696K)->103430K(349696K)
[2026-03-22T19:49:57.563+0900][1.076s][info][gc,metaspace   ] GC(44) Metaspace: 340K(512K)->340K(512K) NonClass: 322K(384K)->322K(384K) Class: 17K(128K)->17K(128K)
[2026-03-22T19:49:57.563+0900][1.076s][info][gc             ] GC(44) Pause Full (Ergonomics) 442M->101M(501M) 8.582ms
[2026-03-22T19:49:57.563+0900][1.076s][info][gc,cpu         ] GC(44) User=0.00s Sys=0.02s Real=0.01s
[2026-03-22T19:49:57.577+0900][1.090s][info][gc,start       ] GC(45) Pause Young (Allocation Failure)
[2026-03-22T19:49:57.581+0900][1.095s][info][gc,heap        ] GC(45) PSYoungGen: 150493K(163328K)->10560K(163328K) Eden: 150493K(152064K)->0K(152064K) From: 0K(11264K)->10560K(11264K)
[2026-03-22T19:49:57.581+0900][1.095s][info][gc,heap        ] GC(45) ParOldGen: 103430K(349696K)->197638K(349696K)
[2026-03-22T19:49:57.581+0900][1.095s][info][gc,metaspace   ] GC(45) Metaspace: 340K(512K)->340K(512K) NonClass: 322K(384K)->322K(384K) Class: 17K(128K)->17K(128K)
[2026-03-22T19:49:57.581+0900][1.095s][info][gc             ] GC(45) Pause Young (Allocation Failure) 247M->203M(501M) 4.885ms
[2026-03-22T19:49:57.581+0900][1.095s][info][gc,cpu         ] GC(45) User=0.00s Sys=0.00s Real=0.00s
[2026-03-22T19:49:57.597+0900][1.110s][info][gc,start       ] GC(46) Pause Young (Allocation Failure)
[2026-03-22T19:49:57.602+0900][1.115s][info][gc,heap        ] GC(46) PSYoungGen: 161053K(163328K)->10528K(163328K) Eden: 150493K(152064K)->0K(152064K) From: 10560K(11264K)->10528K(11264K)
[2026-03-22T19:49:57.602+0900][1.115s][info][gc,heap        ] GC(46) ParOldGen: 197638K(349696K)->291999K(349696K)
[2026-03-22T19:49:57.602+0900][1.115s][info][gc,metaspace   ] GC(46) Metaspace: 340K(512K)->340K(512K) NonClass: 322K(384K)->322K(384K) Class: 17K(128K)->17K(128K)
[2026-03-22T19:49:57.602+0900][1.115s][info][gc             ] GC(46) Pause Young (Allocation Failure) 350M->295M(501M) 5.010ms
[2026-03-22T19:49:57.602+0900][1.115s][info][gc,cpu         ] GC(46) User=0.00s Sys=0.00s Real=0.01s
[2026-03-22T19:49:57.617+0900][1.130s][info][gc,start       ] GC(47) Pause Full (Ergonomics)
[2026-03-22T19:49:57.617+0900][1.130s][info][gc,phases,start] GC(47) Marking Phase
[2026-03-22T19:49:57.619+0900][1.131s][info][gc,phases      ] GC(47) Marking Phase 1.585ms
[2026-03-22T19:49:57.619+0900][1.131s][info][gc,phases,start] GC(47) Summary Phase
[2026-03-22T19:49:57.619+0900][1.131s][info][gc,phases      ] GC(47) Summary Phase 0.013ms
[2026-03-22T19:49:57.619+0900][1.131s][info][gc,phases,start] GC(47) Adjust Roots
[2026-03-22T19:49:57.619+0900][1.131s][info][gc,phases      ] GC(47) Adjust Roots 0.167ms
[2026-03-22T19:49:57.619+0900][1.131s][info][gc,phases,start] GC(47) Compaction Phase
[2026-03-22T19:49:57.624+0900][1.137s][info][gc,phases      ] GC(47) Compaction Phase 5.118ms
[2026-03-22T19:49:57.624+0900][1.137s][info][gc,phases,start] GC(47) Post Compact
[2026-03-22T19:49:57.625+0900][1.138s][info][gc,phases      ] GC(47) Post Compact 1.392ms
[2026-03-22T19:49:57.625+0900][1.138s][info][gc,heap        ] GC(47) PSYoungGen: 161021K(163328K)->0K(163328K) Eden: 150493K(152064K)->0K(152064K) From: 10528K(11264K)->0K(11264K)
[2026-03-22T19:49:57.625+0900][1.138s][info][gc,heap        ] GC(47) ParOldGen: 291999K(349696K)->103430K(349696K)
[2026-03-22T19:49:57.625+0900][1.138s][info][gc,metaspace   ] GC(47) Metaspace: 340K(512K)->340K(512K) NonClass: 322K(384K)->322K(384K) Class: 17K(128K)->17K(128K)
[2026-03-22T19:49:57.625+0900][1.138s][info][gc             ] GC(47) Pause Full (Ergonomics) 442M->101M(501M) 8.560ms
[2026-03-22T19:49:57.625+0900][1.138s][info][gc,cpu         ] GC(47) User=0.06s Sys=0.00s Real=0.01s
[2026-03-22T19:49:57.640+0900][1.152s][info][gc,start       ] GC(48) Pause Young (Allocation Failure)
[2026-03-22T19:49:57.644+0900][1.156s][info][gc,heap        ] GC(48) PSYoungGen: 150493K(163328K)->10528K(163328K) Eden: 150493K(152064K)->0K(152064K) From: 0K(11264K)->10528K(11264K)
[2026-03-22T19:49:57.644+0900][1.156s][info][gc,heap        ] GC(48) ParOldGen: 103430K(349696K)->197638K(349696K)
[2026-03-22T19:49:57.644+0900][1.156s][info][gc,metaspace   ] GC(48) Metaspace: 340K(512K)->340K(512K) NonClass: 322K(384K)->322K(384K) Class: 17K(128K)->17K(128K)
[2026-03-22T19:49:57.644+0900][1.156s][info][gc             ] GC(48) Pause Young (Allocation Failure) 247M->203M(501M) 4.134ms
[2026-03-22T19:49:57.644+0900][1.156s][info][gc,cpu         ] GC(48) User=0.00s Sys=0.00s Real=0.00s
[2026-03-22T19:49:57.658+0900][1.171s][info][gc,start       ] GC(49) Pause Young (Allocation Failure)
[2026-03-22T19:49:57.662+0900][1.175s][info][gc,heap        ] GC(49) PSYoungGen: 161021K(163328K)->10528K(163328K) Eden: 150493K(152064K)->0K(152064K) From: 10528K(11264K)->10528K(11264K)
[2026-03-22T19:49:57.662+0900][1.175s][info][gc,heap        ] GC(49) ParOldGen: 197638K(349696K)->291999K(349696K)
[2026-03-22T19:49:57.662+0900][1.175s][info][gc,metaspace   ] GC(49) Metaspace: 340K(512K)->340K(512K) NonClass: 322K(384K)->322K(384K) Class: 17K(128K)->17K(128K)
[2026-03-22T19:49:57.662+0900][1.175s][info][gc             ] GC(49) Pause Young (Allocation Failure) 350M->295M(501M) 4.143ms
[2026-03-22T19:49:57.662+0900][1.175s][info][gc,cpu         ] GC(49) User=0.00s Sys=0.00s Real=0.00s
[2026-03-22T19:49:57.675+0900][1.189s][info][gc,start       ] GC(50) Pause Full (Ergonomics)
[2026-03-22T19:49:57.676+0900][1.189s][info][gc,phases,start] GC(50) Marking Phase
[2026-03-22T19:49:57.677+0900][1.190s][info][gc,phases      ] GC(50) Marking Phase 1.120ms
[2026-03-22T19:49:57.677+0900][1.190s][info][gc,phases,start] GC(50) Summary Phase
[2026-03-22T19:49:57.677+0900][1.190s][info][gc,phases      ] GC(50) Summary Phase 0.013ms
[2026-03-22T19:49:57.677+0900][1.190s][info][gc,phases,start] GC(50) Adjust Roots
[2026-03-22T19:49:57.677+0900][1.190s][info][gc,phases      ] GC(50) Adjust Roots 0.232ms
[2026-03-22T19:49:57.677+0900][1.190s][info][gc,phases,start] GC(50) Compaction Phase
[2026-03-22T19:49:57.683+0900][1.196s][info][gc,phases      ] GC(50) Compaction Phase 5.187ms
[2026-03-22T19:49:57.683+0900][1.196s][info][gc,phases,start] GC(50) Post Compact
[2026-03-22T19:49:57.684+0900][1.197s][info][gc,phases      ] GC(50) Post Compact 1.405ms
[2026-03-22T19:49:57.684+0900][1.197s][info][gc,heap        ] GC(50) PSYoungGen: 161021K(163328K)->0K(163328K) Eden: 150493K(152064K)->0K(152064K) From: 10528K(11264K)->0K(11264K)
[2026-03-22T19:49:57.684+0900][1.197s][info][gc,heap        ] GC(50) ParOldGen: 291999K(349696K)->103430K(349696K)
[2026-03-22T19:49:57.684+0900][1.197s][info][gc,metaspace   ] GC(50) Metaspace: 340K(512K)->340K(512K) NonClass: 322K(384K)->322K(384K) Class: 17K(128K)->17K(128K)
[2026-03-22T19:49:57.684+0900][1.197s][info][gc             ] GC(50) Pause Full (Ergonomics) 442M->101M(501M) 8.245ms
[2026-03-22T19:49:57.684+0900][1.197s][info][gc,cpu         ] GC(50) User=0.09s Sys=0.00s Real=0.01s
[2026-03-22T19:49:57.699+0900][1.212s][info][gc,start       ] GC(51) Pause Young (Allocation Failure)
[2026-03-22T19:49:57.703+0900][1.216s][info][gc,heap        ] GC(51) PSYoungGen: 150493K(163328K)->10560K(163328K) Eden: 150493K(152064K)->0K(152064K) From: 0K(11264K)->10560K(11264K)
[2026-03-22T19:49:57.703+0900][1.216s][info][gc,heap        ] GC(51) ParOldGen: 103430K(349696K)->197638K(349696K)
[2026-03-22T19:49:57.703+0900][1.216s][info][gc,metaspace   ] GC(51) Metaspace: 340K(512K)->340K(512K) NonClass: 322K(384K)->322K(384K) Class: 17K(128K)->17K(128K)
[2026-03-22T19:49:57.703+0900][1.216s][info][gc             ] GC(51) Pause Young (Allocation Failure) 247M->203M(501M) 4.145ms
[2026-03-22T19:49:57.703+0900][1.216s][info][gc,cpu         ] GC(51) User=0.00s Sys=0.00s Real=0.00s
[2026-03-22T19:49:57.717+0900][1.230s][info][gc,start       ] GC(52) Pause Young (Allocation Failure)
[2026-03-22T19:49:57.721+0900][1.234s][info][gc,heap        ] GC(52) PSYoungGen: 161053K(163328K)->10528K(163328K) Eden: 150493K(152064K)->0K(152064K) From: 10560K(11264K)->10528K(11264K)
[2026-03-22T19:49:57.721+0900][1.234s][info][gc,heap        ] GC(52) ParOldGen: 197638K(349696K)->291999K(349696K)
[2026-03-22T19:49:57.721+0900][1.234s][info][gc,metaspace   ] GC(52) Metaspace: 340K(512K)->340K(512K) NonClass: 322K(384K)->322K(384K) Class: 17K(128K)->17K(128K)
[2026-03-22T19:49:57.721+0900][1.234s][info][gc             ] GC(52) Pause Young (Allocation Failure) 350M->295M(501M) 4.170ms
[2026-03-22T19:49:57.721+0900][1.234s][info][gc,cpu         ] GC(52) User=0.00s Sys=0.00s Real=0.00s
[2026-03-22T19:49:57.735+0900][1.248s][info][gc,start       ] GC(53) Pause Full (Ergonomics)
[2026-03-22T19:49:57.735+0900][1.248s][info][gc,phases,start] GC(53) Marking Phase
[2026-03-22T19:49:57.736+0900][1.249s][info][gc,phases      ] GC(53) Marking Phase 0.995ms
[2026-03-22T19:49:57.736+0900][1.249s][info][gc,phases,start] GC(53) Summary Phase
[2026-03-22T19:49:57.736+0900][1.249s][info][gc,phases      ] GC(53) Summary Phase 0.012ms
[2026-03-22T19:49:57.736+0900][1.249s][info][gc,phases,start] GC(53) Adjust Roots
[2026-03-22T19:49:57.736+0900][1.249s][info][gc,phases      ] GC(53) Adjust Roots 0.174ms
[2026-03-22T19:49:57.736+0900][1.249s][info][gc,phases,start] GC(53) Compaction Phase
[2026-03-22T19:49:57.742+0900][1.255s][info][gc,phases      ] GC(53) Compaction Phase 5.676ms
[2026-03-22T19:49:57.742+0900][1.255s][info][gc,phases,start] GC(53) Post Compact
[2026-03-22T19:49:57.743+0900][1.257s][info][gc,phases      ] GC(53) Post Compact 1.588ms
[2026-03-22T19:49:57.743+0900][1.257s][info][gc,heap        ] GC(53) PSYoungGen: 161021K(163328K)->0K(163328K) Eden: 150493K(152064K)->0K(152064K) From: 10528K(11264K)->0K(11264K)
[2026-03-22T19:49:57.743+0900][1.257s][info][gc,heap        ] GC(53) ParOldGen: 291999K(349696K)->103430K(349696K)
[2026-03-22T19:49:57.743+0900][1.257s][info][gc,metaspace   ] GC(53) Metaspace: 340K(512K)->340K(512K) NonClass: 322K(384K)->322K(384K) Class: 17K(128K)->17K(128K)
[2026-03-22T19:49:57.743+0900][1.257s][info][gc             ] GC(53) Pause Full (Ergonomics) 442M->101M(501M) 8.810ms
[2026-03-22T19:49:57.743+0900][1.257s][info][gc,cpu         ] GC(53) User=0.00s Sys=0.00s Real=0.01s
[2026-03-22T19:49:57.758+0900][1.271s][info][gc,start       ] GC(54) Pause Young (Allocation Failure)
[2026-03-22T19:49:57.762+0900][1.276s][info][gc,heap        ] GC(54) PSYoungGen: 150493K(163328K)->10560K(163328K) Eden: 150493K(152064K)->0K(152064K) From: 0K(11264K)->10560K(11264K)
[2026-03-22T19:49:57.763+0900][1.276s][info][gc,heap        ] GC(54) ParOldGen: 103430K(349696K)->197638K(349696K)
[2026-03-22T19:49:57.763+0900][1.276s][info][gc,metaspace   ] GC(54) Metaspace: 340K(512K)->340K(512K) NonClass: 322K(384K)->322K(384K) Class: 17K(128K)->17K(128K)
[2026-03-22T19:49:57.763+0900][1.276s][info][gc             ] GC(54) Pause Young (Allocation Failure) 247M->203M(501M) 4.324ms
[2026-03-22T19:49:57.763+0900][1.276s][info][gc,cpu         ] GC(54) User=0.09s Sys=0.00s Real=0.01s
[2026-03-22T19:49:57.776+0900][1.290s][info][gc,start       ] GC(55) Pause Young (Allocation Failure)
[2026-03-22T19:49:57.781+0900][1.294s][info][gc,heap        ] GC(55) PSYoungGen: 161053K(163328K)->10560K(163328K) Eden: 150493K(152064K)->0K(152064K) From: 10560K(11264K)->10560K(11264K)
[2026-03-22T19:49:57.781+0900][1.294s][info][gc,heap        ] GC(55) ParOldGen: 197638K(349696K)->291991K(349696K)
[2026-03-22T19:49:57.781+0900][1.294s][info][gc,metaspace   ] GC(55) Metaspace: 340K(512K)->340K(512K) NonClass: 322K(384K)->322K(384K) Class: 17K(128K)->17K(128K)
[2026-03-22T19:49:57.781+0900][1.294s][info][gc             ] GC(55) Pause Young (Allocation Failure) 350M->295M(501M) 4.336ms
[2026-03-22T19:49:57.781+0900][1.294s][info][gc,cpu         ] GC(55) User=0.00s Sys=0.00s Real=0.00s
[2026-03-22T19:49:57.794+0900][1.307s][info][gc,start       ] GC(56) Pause Full (Ergonomics)
[2026-03-22T19:49:57.794+0900][1.307s][info][gc,phases,start] GC(56) Marking Phase
[2026-03-22T19:49:57.795+0900][1.309s][info][gc,phases      ] GC(56) Marking Phase 1.209ms
[2026-03-22T19:49:57.795+0900][1.309s][info][gc,phases,start] GC(56) Summary Phase
[2026-03-22T19:49:57.795+0900][1.309s][info][gc,phases      ] GC(56) Summary Phase 0.020ms
[2026-03-22T19:49:57.795+0900][1.309s][info][gc,phases,start] GC(56) Adjust Roots
[2026-03-22T19:49:57.796+0900][1.309s][info][gc,phases      ] GC(56) Adjust Roots 0.210ms
[2026-03-22T19:49:57.796+0900][1.309s][info][gc,phases,start] GC(56) Compaction Phase
[2026-03-22T19:49:57.802+0900][1.314s][info][gc,phases      ] GC(56) Compaction Phase 5.066ms
[2026-03-22T19:49:57.802+0900][1.314s][info][gc,phases,start] GC(56) Post Compact
[2026-03-22T19:49:57.802+0900][1.315s][info][gc,phases      ] GC(56) Post Compact 1.310ms
[2026-03-22T19:49:57.802+0900][1.315s][info][gc,heap        ] GC(56) PSYoungGen: 161053K(163328K)->0K(163328K) Eden: 150493K(152064K)->0K(152064K) From: 10560K(11264K)->0K(11264K)
[2026-03-22T19:49:57.802+0900][1.315s][info][gc,heap        ] GC(56) ParOldGen: 291991K(349696K)->103430K(349696K)
[2026-03-22T19:49:57.802+0900][1.315s][info][gc,metaspace   ] GC(56) Metaspace: 340K(512K)->340K(512K) NonClass: 322K(384K)->322K(384K) Class: 17K(128K)->17K(128K)
[2026-03-22T19:49:57.802+0900][1.315s][info][gc             ] GC(56) Pause Full (Ergonomics) 442M->101M(501M) 8.023ms
[2026-03-22T19:49:57.802+0900][1.315s][info][gc,cpu         ] GC(56) User=0.00s Sys=0.00s Real=0.01s
[2026-03-22T19:49:57.815+0900][1.328s][info][gc,start       ] GC(57) Pause Young (Allocation Failure)
[2026-03-22T19:49:57.819+0900][1.333s][info][gc,heap        ] GC(57) PSYoungGen: 150493K(163328K)->10560K(163328K) Eden: 150493K(152064K)->0K(152064K) From: 0K(11264K)->10560K(11264K)
[2026-03-22T19:49:57.819+0900][1.333s][info][gc,heap        ] GC(57) ParOldGen: 103430K(349696K)->197638K(349696K)
[2026-03-22T19:49:57.819+0900][1.333s][info][gc,metaspace   ] GC(57) Metaspace: 340K(512K)->340K(512K) NonClass: 322K(384K)->322K(384K) Class: 17K(128K)->17K(128K)
[2026-03-22T19:49:57.819+0900][1.333s][info][gc             ] GC(57) Pause Young (Allocation Failure) 247M->203M(501M) 4.231ms
[2026-03-22T19:49:57.819+0900][1.333s][info][gc,cpu         ] GC(57) User=0.00s Sys=0.00s Real=0.00s
[2026-03-22T19:49:57.833+0900][1.346s][info][gc,start       ] GC(58) Pause Young (Allocation Failure)
[2026-03-22T19:49:57.838+0900][1.351s][info][gc,heap        ] GC(58) PSYoungGen: 161053K(163328K)->10560K(163328K) Eden: 150493K(152064K)->0K(152064K) From: 10560K(11264K)->10560K(11264K)
[2026-03-22T19:49:57.838+0900][1.351s][info][gc,heap        ] GC(58) ParOldGen: 197638K(349696K)->291991K(349696K)
[2026-03-22T19:49:57.838+0900][1.351s][info][gc,metaspace   ] GC(58) Metaspace: 340K(512K)->340K(512K) NonClass: 322K(384K)->322K(384K) Class: 17K(128K)->17K(128K)
[2026-03-22T19:49:57.838+0900][1.351s][info][gc             ] GC(58) Pause Young (Allocation Failure) 350M->295M(501M) 4.250ms
[2026-03-22T19:49:57.838+0900][1.351s][info][gc,cpu         ] GC(58) User=0.05s Sys=0.00s Real=0.01s
[2026-03-22T19:49:57.851+0900][1.364s][info][gc,start       ] GC(59) Pause Full (Ergonomics)
[2026-03-22T19:49:57.851+0900][1.364s][info][gc,phases,start] GC(59) Marking Phase
[2026-03-22T19:49:57.852+0900][1.365s][info][gc,phases      ] GC(59) Marking Phase 1.043ms
[2026-03-22T19:49:57.852+0900][1.365s][info][gc,phases,start] GC(59) Summary Phase
[2026-03-22T19:49:57.852+0900][1.365s][info][gc,phases      ] GC(59) Summary Phase 0.023ms
[2026-03-22T19:49:57.852+0900][1.365s][info][gc,phases,start] GC(59) Adjust Roots
[2026-03-22T19:49:57.852+0900][1.365s][info][gc,phases      ] GC(59) Adjust Roots 0.213ms
[2026-03-22T19:49:57.852+0900][1.366s][info][gc,phases,start] GC(59) Compaction Phase
[2026-03-22T19:49:57.857+0900][1.371s][info][gc,phases      ] GC(59) Compaction Phase 5.242ms
[2026-03-22T19:49:57.857+0900][1.371s][info][gc,phases,start] GC(59) Post Compact
[2026-03-22T19:49:57.860+0900][1.372s][info][gc,phases      ] GC(59) Post Compact 1.237ms
[2026-03-22T19:49:57.860+0900][1.372s][info][gc,heap        ] GC(59) PSYoungGen: 161053K(163328K)->0K(163328K) Eden: 150493K(152064K)->0K(152064K) From: 10560K(11264K)->0K(11264K)
[2026-03-22T19:49:57.860+0900][1.372s][info][gc,heap        ] GC(59) ParOldGen: 291991K(349696K)->103430K(349696K)
[2026-03-22T19:49:57.860+0900][1.372s][info][gc,metaspace   ] GC(59) Metaspace: 340K(512K)->340K(512K) NonClass: 322K(384K)->322K(384K) Class: 17K(128K)->17K(128K)
[2026-03-22T19:49:57.860+0900][1.372s][info][gc             ] GC(59) Pause Full (Ergonomics) 442M->101M(501M) 8.038ms
[2026-03-22T19:49:57.860+0900][1.372s][info][gc,cpu         ] GC(59) User=0.09s Sys=0.00s Real=0.01s
[2026-03-22T19:49:57.873+0900][1.386s][info][gc,start       ] GC(60) Pause Young (Allocation Failure)
[2026-03-22T19:49:57.877+0900][1.390s][info][gc,heap        ] GC(60) PSYoungGen: 150493K(163328K)->10560K(162816K) Eden: 150493K(152064K)->0K(152064K) From: 0K(11264K)->10560K(10752K)
[2026-03-22T19:49:57.877+0900][1.390s][info][gc,heap        ] GC(60) ParOldGen: 103430K(349696K)->197638K(349696K)
[2026-03-22T19:49:57.877+0900][1.390s][info][gc,metaspace   ] GC(60) Metaspace: 340K(512K)->340K(512K) NonClass: 322K(384K)->322K(384K) Class: 17K(128K)->17K(128K)
[2026-03-22T19:49:57.877+0900][1.390s][info][gc             ] GC(60) Pause Young (Allocation Failure) 247M->203M(500M) 4.208ms
[2026-03-22T19:49:57.877+0900][1.390s][info][gc,cpu         ] GC(60) User=0.00s Sys=0.00s Real=0.00s
[2026-03-22T19:49:57.891+0900][1.404s][info][gc,start       ] GC(61) Pause Young (Allocation Failure)
[2026-03-22T19:49:57.895+0900][1.408s][info][gc,heap        ] GC(61) PSYoungGen: 161053K(162816K)->10560K(162816K) Eden: 150493K(152064K)->0K(152064K) From: 10560K(10752K)->10560K(10752K)
[2026-03-22T19:49:57.895+0900][1.408s][info][gc,heap        ] GC(61) ParOldGen: 197638K(349696K)->291991K(349696K)
[2026-03-22T19:49:57.895+0900][1.408s][info][gc,metaspace   ] GC(61) Metaspace: 340K(512K)->340K(512K) NonClass: 322K(384K)->322K(384K) Class: 17K(128K)->17K(128K)
[2026-03-22T19:49:57.895+0900][1.408s][info][gc             ] GC(61) Pause Young (Allocation Failure) 350M->295M(500M) 4.201ms
[2026-03-22T19:49:57.895+0900][1.408s][info][gc,cpu         ] GC(61) User=0.00s Sys=0.00s Real=0.00s
[2026-03-22T19:49:57.909+0900][1.421s][info][gc,start       ] GC(62) Pause Full (Ergonomics)
[2026-03-22T19:49:57.909+0900][1.421s][info][gc,phases,start] GC(62) Marking Phase
[2026-03-22T19:49:57.910+0900][1.422s][info][gc,phases      ] GC(62) Marking Phase 1.076ms
[2026-03-22T19:49:57.910+0900][1.422s][info][gc,phases,start] GC(62) Summary Phase
[2026-03-22T19:49:57.910+0900][1.422s][info][gc,phases      ] GC(62) Summary Phase 0.012ms
[2026-03-22T19:49:57.910+0900][1.422s][info][gc,phases,start] GC(62) Adjust Roots
[2026-03-22T19:49:57.910+0900][1.423s][info][gc,phases      ] GC(62) Adjust Roots 0.170ms
[2026-03-22T19:49:57.910+0900][1.423s][info][gc,phases,start] GC(62) Compaction Phase
[2026-03-22T19:49:57.915+0900][1.428s][info][gc,phases      ] GC(62) Compaction Phase 4.969ms
[2026-03-22T19:49:57.915+0900][1.428s][info][gc,phases,start] GC(62) Post Compact
[2026-03-22T19:49:57.916+0900][1.429s][info][gc,phases      ] GC(62) Post Compact 1.355ms
[2026-03-22T19:49:57.916+0900][1.429s][info][gc,heap        ] GC(62) PSYoungGen: 161053K(162816K)->0K(162816K) Eden: 150493K(152064K)->0K(152064K) From: 10560K(10752K)->0K(10752K)
[2026-03-22T19:49:57.916+0900][1.429s][info][gc,heap        ] GC(62) ParOldGen: 291991K(349696K)->103430K(349696K)
[2026-03-22T19:49:57.916+0900][1.429s][info][gc,metaspace   ] GC(62) Metaspace: 340K(512K)->340K(512K) NonClass: 322K(384K)->322K(384K) Class: 17K(128K)->17K(128K)
[2026-03-22T19:49:57.917+0900][1.429s][info][gc             ] GC(62) Pause Full (Ergonomics) 442M->101M(500M) 7.790ms
[2026-03-22T19:49:57.917+0900][1.429s][info][gc,cpu         ] GC(62) User=0.00s Sys=0.00s Real=0.01s
[2026-03-22T19:49:57.930+0900][1.442s][info][gc,start       ] GC(63) Pause Young (Allocation Failure)
[2026-03-22T19:49:57.934+0900][1.447s][info][gc,heap        ] GC(63) PSYoungGen: 150493K(162816K)->10528K(163840K) Eden: 150493K(152064K)->0K(153088K) From: 0K(10752K)->10528K(10752K)
[2026-03-22T19:49:57.934+0900][1.447s][info][gc,heap        ] GC(63) ParOldGen: 103430K(349696K)->197638K(349696K)
[2026-03-22T19:49:57.934+0900][1.447s][info][gc,metaspace   ] GC(63) Metaspace: 340K(512K)->340K(512K) NonClass: 322K(384K)->322K(384K) Class: 17K(128K)->17K(128K)
[2026-03-22T19:49:57.934+0900][1.447s][info][gc             ] GC(63) Pause Young (Allocation Failure) 247M->203M(501M) 4.152ms
[2026-03-22T19:49:57.934+0900][1.447s][info][gc,cpu         ] GC(63) User=0.09s Sys=0.00s Real=0.00s
[2026-03-22T19:49:57.948+0900][1.461s][info][gc,start       ] GC(64) Pause Young (Allocation Failure)
[2026-03-22T19:49:57.952+0900][1.465s][info][gc,heap        ] GC(64) PSYoungGen: 163089K(163840K)->10528K(163840K) Eden: 152561K(153088K)->0K(153088K) From: 10528K(10752K)->10528K(10752K)
[2026-03-22T19:49:57.952+0900][1.465s][info][gc,heap        ] GC(64) ParOldGen: 197638K(349696K)->291999K(349696K)
[2026-03-22T19:49:57.952+0900][1.465s][info][gc,metaspace   ] GC(64) Metaspace: 340K(512K)->340K(512K) NonClass: 322K(384K)->322K(384K) Class: 17K(128K)->17K(128K)
[2026-03-22T19:49:57.952+0900][1.465s][info][gc             ] GC(64) Pause Young (Allocation Failure) 352M->295M(501M) 4.310ms
[2026-03-22T19:49:57.952+0900][1.465s][info][gc,cpu         ] GC(64) User=0.00s Sys=0.00s Real=0.00s
[2026-03-22T19:49:57.967+0900][1.479s][info][gc,start       ] GC(65) Pause Full (Ergonomics)
[2026-03-22T19:49:57.968+0900][1.481s][info][gc,phases,start] GC(65) Marking Phase
[2026-03-22T19:49:57.969+0900][1.482s][info][gc,phases      ] GC(65) Marking Phase 1.199ms
[2026-03-22T19:49:57.969+0900][1.482s][info][gc,phases,start] GC(65) Summary Phase
[2026-03-22T19:49:57.969+0900][1.482s][info][gc,phases      ] GC(65) Summary Phase 0.021ms
[2026-03-22T19:49:57.969+0900][1.482s][info][gc,phases,start] GC(65) Adjust Roots
[2026-03-22T19:49:57.969+0900][1.482s][info][gc,phases      ] GC(65) Adjust Roots 0.217ms
[2026-03-22T19:49:57.969+0900][1.482s][info][gc,phases,start] GC(65) Compaction Phase
[2026-03-22T19:49:57.975+0900][1.488s][info][gc,phases      ] GC(65) Compaction Phase 5.686ms
[2026-03-22T19:49:57.975+0900][1.488s][info][gc,phases,start] GC(65) Post Compact
[2026-03-22T19:49:57.976+0900][1.489s][info][gc,phases      ] GC(65) Post Compact 1.321ms
[2026-03-22T19:49:57.976+0900][1.489s][info][gc,heap        ] GC(65) PSYoungGen: 163089K(163840K)->0K(163840K) Eden: 152561K(153088K)->0K(153088K) From: 10528K(10752K)->0K(10752K)
[2026-03-22T19:49:57.976+0900][1.489s][info][gc,heap        ] GC(65) ParOldGen: 291999K(349696K)->103430K(349696K)
[2026-03-22T19:49:57.976+0900][1.489s][info][gc,metaspace   ] GC(65) Metaspace: 340K(512K)->340K(512K) NonClass: 322K(384K)->322K(384K) Class: 17K(128K)->17K(128K)
[2026-03-22T19:49:57.976+0900][1.489s][info][gc             ] GC(65) Pause Full (Ergonomics) 444M->101M(501M) 9.984ms
[2026-03-22T19:49:57.976+0900][1.489s][info][gc,cpu         ] GC(65) User=0.00s Sys=0.00s Real=0.01s
[2026-03-22T19:49:57.991+0900][1.503s][info][gc,start       ] GC(66) Pause Young (Allocation Failure)
[2026-03-22T19:49:57.995+0900][1.508s][info][gc,heap        ] GC(66) PSYoungGen: 152561K(163840K)->10560K(163840K) Eden: 152561K(153088K)->0K(153088K) From: 0K(10752K)->10560K(10752K)
[2026-03-22T19:49:57.995+0900][1.508s][info][gc,heap        ] GC(66) ParOldGen: 103430K(349696K)->197638K(349696K)
[2026-03-22T19:49:57.995+0900][1.508s][info][gc,metaspace   ] GC(66) Metaspace: 340K(512K)->340K(512K) NonClass: 322K(384K)->322K(384K) Class: 17K(128K)->17K(128K)
[2026-03-22T19:49:57.995+0900][1.508s][info][gc             ] GC(66) Pause Young (Allocation Failure) 249M->203M(501M) 4.471ms
[2026-03-22T19:49:57.995+0900][1.508s][info][gc,cpu         ] GC(66) User=0.09s Sys=0.00s Real=0.00s
[2026-03-22T19:49:58.009+0900][1.522s][info][gc,start       ] GC(67) Pause Young (Allocation Failure)
[2026-03-22T19:49:58.012+0900][1.526s][info][gc,heap        ] GC(67) PSYoungGen: 163121K(163840K)->10560K(163840K) Eden: 152561K(153088K)->0K(153088K) From: 10560K(10752K)->10560K(10752K)
[2026-03-22T19:49:58.012+0900][1.526s][info][gc,heap        ] GC(67) ParOldGen: 197638K(349696K)->291999K(349696K)
[2026-03-22T19:49:58.012+0900][1.526s][info][gc,metaspace   ] GC(67) Metaspace: 340K(512K)->340K(512K) NonClass: 322K(384K)->322K(384K) Class: 17K(128K)->17K(128K)
[2026-03-22T19:49:58.012+0900][1.526s][info][gc             ] GC(67) Pause Young (Allocation Failure) 352M->295M(501M) 4.201ms
[2026-03-22T19:49:58.012+0900][1.526s][info][gc,cpu         ] GC(67) User=0.09s Sys=0.00s Real=0.00s
[2026-03-22T19:49:58.027+0900][1.540s][info][gc,start       ] GC(68) Pause Full (Ergonomics)
[2026-03-22T19:49:58.027+0900][1.540s][info][gc,phases,start] GC(68) Marking Phase
[2026-03-22T19:49:58.028+0900][1.541s][info][gc,phases      ] GC(68) Marking Phase 1.278ms
[2026-03-22T19:49:58.028+0900][1.541s][info][gc,phases,start] GC(68) Summary Phase
[2026-03-22T19:49:58.028+0900][1.541s][info][gc,phases      ] GC(68) Summary Phase 0.124ms
[2026-03-22T19:49:58.028+0900][1.541s][info][gc,phases,start] GC(68) Adjust Roots
[2026-03-22T19:49:58.028+0900][1.541s][info][gc,phases      ] GC(68) Adjust Roots 0.212ms
[2026-03-22T19:49:58.028+0900][1.541s][info][gc,phases,start] GC(68) Compaction Phase
[2026-03-22T19:49:58.034+0900][1.547s][info][gc,phases      ] GC(68) Compaction Phase 5.295ms
[2026-03-22T19:49:58.034+0900][1.547s][info][gc,phases,start] GC(68) Post Compact
[2026-03-22T19:49:58.035+0900][1.548s][info][gc,phases      ] GC(68) Post Compact 1.246ms
[2026-03-22T19:49:58.035+0900][1.548s][info][gc,heap        ] GC(68) PSYoungGen: 163121K(163840K)->0K(163840K) Eden: 152561K(153088K)->0K(153088K) From: 10560K(10752K)->0K(10752K)
[2026-03-22T19:49:58.035+0900][1.548s][info][gc,heap        ] GC(68) ParOldGen: 291999K(349696K)->103430K(349696K)
[2026-03-22T19:49:58.035+0900][1.548s][info][gc,metaspace   ] GC(68) Metaspace: 340K(512K)->340K(512K) NonClass: 322K(384K)->322K(384K) Class: 17K(128K)->17K(128K)
[2026-03-22T19:49:58.035+0900][1.548s][info][gc             ] GC(68) Pause Full (Ergonomics) 444M->101M(501M) 8.371ms
[2026-03-22T19:49:58.035+0900][1.548s][info][gc,cpu         ] GC(68) User=0.00s Sys=0.00s Real=0.01s
[2026-03-22T19:49:58.049+0900][1.562s][info][gc,start       ] GC(69) Pause Young (Allocation Failure)
[2026-03-22T19:49:58.052+0900][1.566s][info][gc,heap        ] GC(69) PSYoungGen: 152561K(163840K)->10560K(163840K) Eden: 152561K(153088K)->0K(153088K) From: 0K(10752K)->10560K(10752K)
[2026-03-22T19:49:58.052+0900][1.566s][info][gc,heap        ] GC(69) ParOldGen: 103430K(349696K)->197638K(349696K)
[2026-03-22T19:49:58.052+0900][1.566s][info][gc,metaspace   ] GC(69) Metaspace: 340K(512K)->340K(512K) NonClass: 322K(384K)->322K(384K) Class: 17K(128K)->17K(128K)
[2026-03-22T19:49:58.052+0900][1.566s][info][gc             ] GC(69) Pause Young (Allocation Failure) 249M->203M(501M) 4.142ms
[2026-03-22T19:49:58.052+0900][1.566s][info][gc,cpu         ] GC(69) User=0.00s Sys=0.00s Real=0.00s
[2026-03-22T19:49:58.067+0900][1.580s][info][gc,start       ] GC(70) Pause Young (Allocation Failure)
[2026-03-22T19:49:58.072+0900][1.585s][info][gc,heap        ] GC(70) PSYoungGen: 163121K(163840K)->10528K(163840K) Eden: 152561K(153088K)->0K(153088K) From: 10560K(10752K)->10528K(10752K)
[2026-03-22T19:49:58.072+0900][1.585s][info][gc,heap        ] GC(70) ParOldGen: 197638K(349696K)->291999K(349696K)
[2026-03-22T19:49:58.072+0900][1.585s][info][gc,metaspace   ] GC(70) Metaspace: 340K(512K)->340K(512K) NonClass: 322K(384K)->322K(384K) Class: 17K(128K)->17K(128K)
[2026-03-22T19:49:58.072+0900][1.585s][info][gc             ] GC(70) Pause Young (Allocation Failure) 352M->295M(501M) 4.766ms
[2026-03-22T19:49:58.072+0900][1.585s][info][gc,cpu         ] GC(70) User=0.02s Sys=0.00s Real=0.01s
[2026-03-22T19:49:58.091+0900][1.604s][info][gc,start       ] GC(71) Pause Full (Ergonomics)
[2026-03-22T19:49:58.091+0900][1.604s][info][gc,phases,start] GC(71) Marking Phase
[2026-03-22T19:49:58.092+0900][1.605s][info][gc,phases      ] GC(71) Marking Phase 1.295ms
[2026-03-22T19:49:58.092+0900][1.605s][info][gc,phases,start] GC(71) Summary Phase
[2026-03-22T19:49:58.093+0900][1.605s][info][gc,phases      ] GC(71) Summary Phase 0.024ms
[2026-03-22T19:49:58.093+0900][1.605s][info][gc,phases,start] GC(71) Adjust Roots
[2026-03-22T19:49:58.093+0900][1.606s][info][gc,phases      ] GC(71) Adjust Roots 0.374ms
[2026-03-22T19:49:58.093+0900][1.606s][info][gc,phases,start] GC(71) Compaction Phase
[2026-03-22T19:49:58.099+0900][1.612s][info][gc,phases      ] GC(71) Compaction Phase 6.157ms
[2026-03-22T19:49:58.099+0900][1.612s][info][gc,phases,start] GC(71) Post Compact
[2026-03-22T19:49:58.101+0900][1.614s][info][gc,phases      ] GC(71) Post Compact 2.109ms
[2026-03-22T19:49:58.101+0900][1.614s][info][gc,heap        ] GC(71) PSYoungGen: 163089K(163840K)->0K(163840K) Eden: 152561K(153088K)->0K(153088K) From: 10528K(10752K)->0K(10752K)
[2026-03-22T19:49:58.101+0900][1.614s][info][gc,heap        ] GC(71) ParOldGen: 291999K(349696K)->103194K(349696K)
[2026-03-22T19:49:58.101+0900][1.614s][info][gc,metaspace   ] GC(71) Metaspace: 340K(512K)->340K(512K) NonClass: 322K(384K)->322K(384K) Class: 17K(128K)->17K(128K)
[2026-03-22T19:49:58.101+0900][1.614s][info][gc             ] GC(71) Pause Full (Ergonomics) 444M->100M(501M) 10.458ms
[2026-03-22T19:49:58.101+0900][1.614s][info][gc,cpu         ] GC(71) User=0.00s Sys=0.00s Real=0.01s
[2026-03-22T19:49:58.117+0900][1.630s][info][gc,start       ] GC(72) Pause Young (Allocation Failure)
[2026-03-22T19:49:58.122+0900][1.635s][info][gc,heap        ] GC(72) PSYoungGen: 152561K(163840K)->10560K(163840K) Eden: 152561K(153088K)->0K(153088K) From: 0K(10752K)->10560K(10752K)
[2026-03-22T19:49:58.122+0900][1.635s][info][gc,heap        ] GC(72) ParOldGen: 103194K(349696K)->197403K(349696K)
[2026-03-22T19:49:58.122+0900][1.635s][info][gc,metaspace   ] GC(72) Metaspace: 340K(512K)->340K(512K) NonClass: 322K(384K)->322K(384K) Class: 17K(128K)->17K(128K)
[2026-03-22T19:49:58.122+0900][1.635s][info][gc             ] GC(72) Pause Young (Allocation Failure) 249M->203M(501M) 4.765ms
[2026-03-22T19:49:58.122+0900][1.635s][info][gc,cpu         ] GC(72) User=0.09s Sys=0.00s Real=0.00s
[2026-03-22T19:49:58.137+0900][1.650s][info][gc,start       ] GC(73) Pause Young (Allocation Failure)
[2026-03-22T19:49:58.142+0900][1.654s][info][gc,heap        ] GC(73) PSYoungGen: 163121K(163840K)->10528K(163840K) Eden: 152561K(153088K)->0K(153088K) From: 10560K(10752K)->10528K(10752K)
[2026-03-22T19:49:58.142+0900][1.654s][info][gc,heap        ] GC(73) ParOldGen: 197403K(349696K)->291764K(349696K)
[2026-03-22T19:49:58.142+0900][1.654s][info][gc,metaspace   ] GC(73) Metaspace: 340K(512K)->340K(512K) NonClass: 322K(384K)->322K(384K) Class: 17K(128K)->17K(128K)
[2026-03-22T19:49:58.142+0900][1.654s][info][gc             ] GC(73) Pause Young (Allocation Failure) 352M->295M(501M) 4.678ms
[2026-03-22T19:49:58.142+0900][1.654s][info][gc,cpu         ] GC(73) User=0.00s Sys=0.00s Real=0.00s
[2026-03-22T19:49:58.157+0900][1.669s][info][gc,start       ] GC(74) Pause Full (Ergonomics)
[2026-03-22T19:49:58.157+0900][1.669s][info][gc,phases,start] GC(74) Marking Phase
[2026-03-22T19:49:58.158+0900][1.670s][info][gc,phases      ] GC(74) Marking Phase 1.047ms
[2026-03-22T19:49:58.158+0900][1.670s][info][gc,phases,start] GC(74) Summary Phase
[2026-03-22T19:49:58.158+0900][1.670s][info][gc,phases      ] GC(74) Summary Phase 0.013ms
[2026-03-22T19:49:58.158+0900][1.670s][info][gc,phases,start] GC(74) Adjust Roots
[2026-03-22T19:49:58.158+0900][1.671s][info][gc,phases      ] GC(74) Adjust Roots 0.309ms
[2026-03-22T19:49:58.158+0900][1.671s][info][gc,phases,start] GC(74) Compaction Phase
[2026-03-22T19:49:58.163+0900][1.676s][info][gc,phases      ] GC(74) Compaction Phase 4.827ms
[2026-03-22T19:49:58.163+0900][1.676s][info][gc,phases,start] GC(74) Post Compact
[2026-03-22T19:49:58.165+0900][1.677s][info][gc,phases      ] GC(74) Post Compact 1.612ms
[2026-03-22T19:49:58.165+0900][1.677s][info][gc,heap        ] GC(74) PSYoungGen: 163089K(163840K)->0K(163840K) Eden: 152561K(153088K)->0K(153088K) From: 10528K(10752K)->0K(10752K)
[2026-03-22T19:49:58.165+0900][1.677s][info][gc,heap        ] GC(74) ParOldGen: 291764K(349696K)->103429K(349696K)
[2026-03-22T19:49:58.165+0900][1.677s][info][gc,metaspace   ] GC(74) Metaspace: 340K(512K)->340K(512K) NonClass: 322K(384K)->322K(384K) Class: 17K(128K)->17K(128K)
[2026-03-22T19:49:58.165+0900][1.677s][info][gc             ] GC(74) Pause Full (Ergonomics) 444M->101M(501M) 8.291ms
[2026-03-22T19:49:58.165+0900][1.677s][info][gc,cpu         ] GC(74) User=0.00s Sys=0.00s Real=0.01s
[2026-03-22T19:49:58.179+0900][1.692s][info][gc,start       ] GC(75) Pause Young (Allocation Failure)
[2026-03-22T19:49:58.184+0900][1.697s][info][gc,heap        ] GC(75) PSYoungGen: 152561K(163840K)->10560K(163840K) Eden: 152561K(153088K)->0K(153088K) From: 0K(10752K)->10560K(10752K)
[2026-03-22T19:49:58.184+0900][1.697s][info][gc,heap        ] GC(75) ParOldGen: 103429K(349696K)->197638K(349696K)
[2026-03-22T19:49:58.184+0900][1.697s][info][gc,metaspace   ] GC(75) Metaspace: 340K(512K)->340K(512K) NonClass: 322K(384K)->322K(384K) Class: 17K(128K)->17K(128K)
[2026-03-22T19:49:58.184+0900][1.697s][info][gc             ] GC(75) Pause Young (Allocation Failure) 249M->203M(501M) 4.895ms
[2026-03-22T19:49:58.184+0900][1.697s][info][gc,cpu         ] GC(75) User=0.08s Sys=0.02s Real=0.01s
[2026-03-22T19:49:58.199+0900][1.712s][info][gc,start       ] GC(76) Pause Young (Allocation Failure)
[2026-03-22T19:49:58.205+0900][1.718s][info][gc,heap        ] GC(76) PSYoungGen: 163121K(163840K)->10528K(163840K) Eden: 152561K(153088K)->0K(153088K) From: 10560K(10752K)->10528K(10752K)
[2026-03-22T19:49:58.205+0900][1.718s][info][gc,heap        ] GC(76) ParOldGen: 197638K(349696K)->291999K(349696K)
[2026-03-22T19:49:58.205+0900][1.718s][info][gc,metaspace   ] GC(76) Metaspace: 340K(512K)->340K(512K) NonClass: 322K(384K)->322K(384K) Class: 17K(128K)->17K(128K)
[2026-03-22T19:49:58.205+0900][1.718s][info][gc             ] GC(76) Pause Young (Allocation Failure) 352M->295M(501M) 5.288ms
[2026-03-22T19:49:58.205+0900][1.718s][info][gc,cpu         ] GC(76) User=0.00s Sys=0.00s Real=0.01s
[2026-03-22T19:49:58.220+0900][1.733s][info][gc,start       ] GC(77) Pause Full (Ergonomics)
[2026-03-22T19:49:58.220+0900][1.733s][info][gc,phases,start] GC(77) Marking Phase
[2026-03-22T19:49:58.222+0900][1.735s][info][gc,phases      ] GC(77) Marking Phase 1.500ms
[2026-03-22T19:49:58.222+0900][1.735s][info][gc,phases,start] GC(77) Summary Phase
[2026-03-22T19:49:58.222+0900][1.735s][info][gc,phases      ] GC(77) Summary Phase 0.014ms
[2026-03-22T19:49:58.222+0900][1.735s][info][gc,phases,start] GC(77) Adjust Roots
[2026-03-22T19:49:58.222+0900][1.735s][info][gc,phases      ] GC(77) Adjust Roots 0.170ms
[2026-03-22T19:49:58.222+0900][1.735s][info][gc,phases,start] GC(77) Compaction Phase
[2026-03-22T19:49:58.227+0900][1.740s][info][gc,phases      ] GC(77) Compaction Phase 5.224ms
[2026-03-22T19:49:58.227+0900][1.740s][info][gc,phases,start] GC(77) Post Compact
[2026-03-22T19:49:58.229+0900][1.742s][info][gc,phases      ] GC(77) Post Compact 1.406ms
[2026-03-22T19:49:58.229+0900][1.742s][info][gc,heap        ] GC(77) PSYoungGen: 163089K(163840K)->0K(163840K) Eden: 152561K(153088K)->0K(153088K) From: 10528K(10752K)->0K(10752K)
[2026-03-22T19:49:58.229+0900][1.742s][info][gc,heap        ] GC(77) ParOldGen: 291999K(349696K)->103429K(349696K)
[2026-03-22T19:49:58.229+0900][1.742s][info][gc,metaspace   ] GC(77) Metaspace: 340K(512K)->340K(512K) NonClass: 322K(384K)->322K(384K) Class: 17K(128K)->17K(128K)
[2026-03-22T19:49:58.229+0900][1.742s][info][gc             ] GC(77) Pause Full (Ergonomics) 444M->101M(501M) 8.625ms
[2026-03-22T19:49:58.229+0900][1.742s][info][gc,cpu         ] GC(77) User=0.00s Sys=0.02s Real=0.01s
[2026-03-22T19:49:58.243+0900][1.756s][info][gc,start       ] GC(78) Pause Young (Allocation Failure)
[2026-03-22T19:49:58.247+0900][1.760s][info][gc,heap        ] GC(78) PSYoungGen: 152561K(163840K)->10528K(163840K) Eden: 152561K(153088K)->0K(153088K) From: 0K(10752K)->10528K(10752K)
[2026-03-22T19:49:58.247+0900][1.760s][info][gc,heap        ] GC(78) ParOldGen: 103429K(349696K)->197638K(349696K)
[2026-03-22T19:49:58.247+0900][1.760s][info][gc,metaspace   ] GC(78) Metaspace: 340K(512K)->340K(512K) NonClass: 322K(384K)->322K(384K) Class: 17K(128K)->17K(128K)
[2026-03-22T19:49:58.248+0900][1.760s][info][gc             ] GC(78) Pause Young (Allocation Failure) 249M->203M(501M) 4.398ms
[2026-03-22T19:49:58.248+0900][1.760s][info][gc,cpu         ] GC(78) User=0.09s Sys=0.00s Real=0.00s
[2026-03-22T19:49:58.262+0900][1.775s][info][gc,start       ] GC(79) Pause Young (Allocation Failure)
[2026-03-22T19:49:58.266+0900][1.779s][info][gc,heap        ] GC(79) PSYoungGen: 163089K(163840K)->10528K(163840K) Eden: 152561K(153088K)->0K(153088K) From: 10528K(10752K)->10528K(10752K)
[2026-03-22T19:49:58.266+0900][1.779s][info][gc,heap        ] GC(79) ParOldGen: 197638K(349696K)->291999K(349696K)
[2026-03-22T19:49:58.266+0900][1.779s][info][gc,metaspace   ] GC(79) Metaspace: 340K(512K)->340K(512K) NonClass: 322K(384K)->322K(384K) Class: 17K(128K)->17K(128K)
[2026-03-22T19:49:58.266+0900][1.779s][info][gc             ] GC(79) Pause Young (Allocation Failure) 352M->295M(501M) 4.348ms
[2026-03-22T19:49:58.266+0900][1.779s][info][gc,cpu         ] GC(79) User=0.00s Sys=0.00s Real=0.00s
[2026-03-22T19:49:58.280+0900][1.793s][info][gc,start       ] GC(80) Pause Full (Ergonomics)
[2026-03-22T19:49:58.280+0900][1.793s][info][gc,phases,start] GC(80) Marking Phase
[2026-03-22T19:49:58.282+0900][1.795s][info][gc,phases      ] GC(80) Marking Phase 1.534ms
[2026-03-22T19:49:58.282+0900][1.795s][info][gc,phases,start] GC(80) Summary Phase
[2026-03-22T19:49:58.282+0900][1.795s][info][gc,phases      ] GC(80) Summary Phase 0.013ms
[2026-03-22T19:49:58.282+0900][1.795s][info][gc,phases,start] GC(80) Adjust Roots
[2026-03-22T19:49:58.282+0900][1.795s][info][gc,phases      ] GC(80) Adjust Roots 0.153ms
[2026-03-22T19:49:58.282+0900][1.795s][info][gc,phases,start] GC(80) Compaction Phase
[2026-03-22T19:49:58.288+0900][1.801s][info][gc,phases      ] GC(80) Compaction Phase 6.159ms
[2026-03-22T19:49:58.288+0900][1.801s][info][gc,phases,start] GC(80) Post Compact
[2026-03-22T19:49:58.289+0900][1.803s][info][gc,phases      ] GC(80) Post Compact 1.278ms
[2026-03-22T19:49:58.289+0900][1.803s][info][gc,heap        ] GC(80) PSYoungGen: 163089K(163840K)->0K(163840K) Eden: 152561K(153088K)->0K(153088K) From: 10528K(10752K)->0K(10752K)
[2026-03-22T19:49:58.289+0900][1.803s][info][gc,heap        ] GC(80) ParOldGen: 291999K(349696K)->103429K(349696K)
[2026-03-22T19:49:58.289+0900][1.803s][info][gc,metaspace   ] GC(80) Metaspace: 340K(512K)->340K(512K) NonClass: 322K(384K)->322K(384K) Class: 17K(128K)->17K(128K)
[2026-03-22T19:49:58.289+0900][1.803s][info][gc             ] GC(80) Pause Full (Ergonomics) 444M->101M(501M) 9.420ms
[2026-03-22T19:49:58.289+0900][1.803s][info][gc,cpu         ] GC(80) User=0.00s Sys=0.00s Real=0.01s
[2026-03-22T19:49:58.304+0900][1.817s][info][gc,start       ] GC(81) Pause Young (Allocation Failure)
[2026-03-22T19:49:58.308+0900][1.821s][info][gc,heap        ] GC(81) PSYoungGen: 152561K(163840K)->10528K(163840K) Eden: 152561K(153088K)->0K(153088K) From: 0K(10752K)->10528K(10752K)
[2026-03-22T19:49:58.308+0900][1.821s][info][gc,heap        ] GC(81) ParOldGen: 103429K(349696K)->197638K(349696K)
[2026-03-22T19:49:58.308+0900][1.821s][info][gc,metaspace   ] GC(81) Metaspace: 340K(512K)->340K(512K) NonClass: 322K(384K)->322K(384K) Class: 17K(128K)->17K(128K)
[2026-03-22T19:49:58.308+0900][1.821s][info][gc             ] GC(81) Pause Young (Allocation Failure) 249M->203M(501M) 4.481ms
[2026-03-22T19:49:58.308+0900][1.821s][info][gc,cpu         ] GC(81) User=0.09s Sys=0.00s Real=0.00s
[2026-03-22T19:49:58.324+0900][1.836s][info][gc,start       ] GC(82) Pause Young (Allocation Failure)
[2026-03-22T19:49:58.327+0900][1.840s][info][gc,heap        ] GC(82) PSYoungGen: 163089K(163840K)->10528K(163840K) Eden: 152561K(153088K)->0K(153088K) From: 10528K(10752K)->10528K(10752K)
[2026-03-22T19:49:58.327+0900][1.840s][info][gc,heap        ] GC(82) ParOldGen: 197638K(349696K)->291999K(349696K)
[2026-03-22T19:49:58.327+0900][1.840s][info][gc,metaspace   ] GC(82) Metaspace: 340K(512K)->340K(512K) NonClass: 322K(384K)->322K(384K) Class: 17K(128K)->17K(128K)
[2026-03-22T19:49:58.327+0900][1.840s][info][gc             ] GC(82) Pause Young (Allocation Failure) 352M->295M(501M) 3.902ms
[2026-03-22T19:49:58.327+0900][1.840s][info][gc,cpu         ] GC(82) User=0.00s Sys=0.00s Real=0.00s
[2026-03-22T19:49:58.342+0900][1.854s][info][gc,start       ] GC(83) Pause Full (Ergonomics)
[2026-03-22T19:49:58.342+0900][1.854s][info][gc,phases,start] GC(83) Marking Phase
[2026-03-22T19:49:58.343+0900][1.856s][info][gc,phases      ] GC(83) Marking Phase 1.141ms
[2026-03-22T19:49:58.343+0900][1.856s][info][gc,phases,start] GC(83) Summary Phase
[2026-03-22T19:49:58.343+0900][1.856s][info][gc,phases      ] GC(83) Summary Phase 0.013ms
[2026-03-22T19:49:58.343+0900][1.856s][info][gc,phases,start] GC(83) Adjust Roots
[2026-03-22T19:49:58.343+0900][1.856s][info][gc,phases      ] GC(83) Adjust Roots 0.139ms
[2026-03-22T19:49:58.343+0900][1.856s][info][gc,phases,start] GC(83) Compaction Phase
[2026-03-22T19:49:58.347+0900][1.861s][info][gc,phases      ] GC(83) Compaction Phase 4.829ms
[2026-03-22T19:49:58.347+0900][1.861s][info][gc,phases,start] GC(83) Post Compact
[2026-03-22T19:49:58.350+0900][1.862s][info][gc,phases      ] GC(83) Post Compact 1.756ms
[2026-03-22T19:49:58.350+0900][1.862s][info][gc,heap        ] GC(83) PSYoungGen: 163089K(163840K)->0K(163840K) Eden: 152561K(153088K)->0K(153088K) From: 10528K(10752K)->0K(10752K)
[2026-03-22T19:49:58.350+0900][1.862s][info][gc,heap        ] GC(83) ParOldGen: 291999K(349696K)->103429K(349696K)
[2026-03-22T19:49:58.350+0900][1.862s][info][gc,metaspace   ] GC(83) Metaspace: 340K(512K)->340K(512K) NonClass: 322K(384K)->322K(384K) Class: 17K(128K)->17K(128K)
[2026-03-22T19:49:58.350+0900][1.863s][info][gc             ] GC(83) Pause Full (Ergonomics) 444M->101M(501M) 8.196ms
[2026-03-22T19:49:58.350+0900][1.863s][info][gc,cpu         ] GC(83) User=0.00s Sys=0.00s Real=0.01s
[2026-03-22T19:49:58.364+0900][1.876s][info][gc,start       ] GC(84) Pause Young (Allocation Failure)
[2026-03-22T19:49:58.368+0900][1.880s][info][gc,heap        ] GC(84) PSYoungGen: 152561K(163840K)->10560K(163840K) Eden: 152561K(153088K)->0K(153088K) From: 0K(10752K)->10560K(10752K)
[2026-03-22T19:49:58.368+0900][1.880s][info][gc,heap        ] GC(84) ParOldGen: 103429K(349696K)->197638K(349696K)
[2026-03-22T19:49:58.368+0900][1.880s][info][gc,metaspace   ] GC(84) Metaspace: 340K(512K)->340K(512K) NonClass: 322K(384K)->322K(384K) Class: 17K(128K)->17K(128K)
[2026-03-22T19:49:58.368+0900][1.880s][info][gc             ] GC(84) Pause Young (Allocation Failure) 249M->203M(501M) 3.981ms
[2026-03-22T19:49:58.368+0900][1.880s][info][gc,cpu         ] GC(84) User=0.00s Sys=0.00s Real=0.00s
[2026-03-22T19:49:58.382+0900][1.894s][info][gc,start       ] GC(85) Pause Young (Allocation Failure)
[2026-03-22T19:49:58.385+0900][1.899s][info][gc,heap        ] GC(85) PSYoungGen: 163121K(163840K)->10528K(163840K) Eden: 152561K(153088K)->0K(153088K) From: 10560K(10752K)->10528K(10752K)
[2026-03-22T19:49:58.385+0900][1.899s][info][gc,heap        ] GC(85) ParOldGen: 197638K(349696K)->291999K(349696K)
[2026-03-22T19:49:58.385+0900][1.899s][info][gc,metaspace   ] GC(85) Metaspace: 340K(512K)->340K(512K) NonClass: 322K(384K)->322K(384K) Class: 17K(128K)->17K(128K)
[2026-03-22T19:49:58.385+0900][1.899s][info][gc             ] GC(85) Pause Young (Allocation Failure) 352M->295M(501M) 4.540ms
[2026-03-22T19:49:58.385+0900][1.899s][info][gc,cpu         ] GC(85) User=0.09s Sys=0.00s Real=0.00s
[2026-03-22T19:49:58.400+0900][1.913s][info][gc,start       ] GC(86) Pause Full (Ergonomics)
[2026-03-22T19:49:58.400+0900][1.913s][info][gc,phases,start] GC(86) Marking Phase
[2026-03-22T19:49:58.401+0900][1.914s][info][gc,phases      ] GC(86) Marking Phase 1.113ms
[2026-03-22T19:49:58.401+0900][1.914s][info][gc,phases,start] GC(86) Summary Phase
[2026-03-22T19:49:58.401+0900][1.914s][info][gc,phases      ] GC(86) Summary Phase 0.012ms
[2026-03-22T19:49:58.401+0900][1.914s][info][gc,phases,start] GC(86) Adjust Roots
[2026-03-22T19:49:58.401+0900][1.915s][info][gc,phases      ] GC(86) Adjust Roots 0.192ms
[2026-03-22T19:49:58.401+0900][1.915s][info][gc,phases,start] GC(86) Compaction Phase
[2026-03-22T19:49:58.406+0900][1.920s][info][gc,phases      ] GC(86) Compaction Phase 5.079ms
[2026-03-22T19:49:58.406+0900][1.920s][info][gc,phases,start] GC(86) Post Compact
[2026-03-22T19:49:58.408+0900][1.921s][info][gc,phases      ] GC(86) Post Compact 1.269ms
[2026-03-22T19:49:58.408+0900][1.921s][info][gc,heap        ] GC(86) PSYoungGen: 163089K(163840K)->0K(163840K) Eden: 152561K(153088K)->0K(153088K) From: 10528K(10752K)->0K(10752K)
[2026-03-22T19:49:58.408+0900][1.921s][info][gc,heap        ] GC(86) ParOldGen: 291999K(349696K)->103429K(349696K)
[2026-03-22T19:49:58.408+0900][1.921s][info][gc,metaspace   ] GC(86) Metaspace: 340K(512K)->340K(512K) NonClass: 322K(384K)->322K(384K) Class: 17K(128K)->17K(128K)
[2026-03-22T19:49:58.408+0900][1.921s][info][gc             ] GC(86) Pause Full (Ergonomics) 444M->101M(501M) 7.856ms
[2026-03-22T19:49:58.408+0900][1.921s][info][gc,cpu         ] GC(86) User=0.00s Sys=0.00s Real=0.01s
[2026-03-22T19:49:58.422+0900][1.935s][info][gc,start       ] GC(87) Pause Young (Allocation Failure)
[2026-03-22T19:49:58.426+0900][1.939s][info][gc,heap        ] GC(87) PSYoungGen: 152561K(163840K)->10560K(163840K) Eden: 152561K(153088K)->0K(153088K) From: 0K(10752K)->10560K(10752K)
[2026-03-22T19:49:58.426+0900][1.939s][info][gc,heap        ] GC(87) ParOldGen: 103429K(349696K)->197638K(349696K)
[2026-03-22T19:49:58.426+0900][1.939s][info][gc,metaspace   ] GC(87) Metaspace: 340K(512K)->340K(512K) NonClass: 322K(384K)->322K(384K) Class: 17K(128K)->17K(128K)
[2026-03-22T19:49:58.426+0900][1.939s][info][gc             ] GC(87) Pause Young (Allocation Failure) 249M->203M(501M) 4.253ms
[2026-03-22T19:49:58.426+0900][1.939s][info][gc,cpu         ] GC(87) User=0.00s Sys=0.00s Real=0.00s
[2026-03-22T19:49:58.439+0900][1.953s][info][gc,start       ] GC(88) Pause Young (Allocation Failure)
[2026-03-22T19:49:58.444+0900][1.956s][info][gc,heap        ] GC(88) PSYoungGen: 163121K(163840K)->10528K(163840K) Eden: 152561K(153088K)->0K(153088K) From: 10560K(10752K)->10528K(10752K)
[2026-03-22T19:49:58.444+0900][1.956s][info][gc,heap        ] GC(88) ParOldGen: 197638K(349696K)->291999K(349696K)
[2026-03-22T19:49:58.444+0900][1.956s][info][gc,metaspace   ] GC(88) Metaspace: 340K(512K)->340K(512K) NonClass: 322K(384K)->322K(384K) Class: 17K(128K)->17K(128K)
[2026-03-22T19:49:58.444+0900][1.956s][info][gc             ] GC(88) Pause Young (Allocation Failure) 352M->295M(501M) 3.964ms
[2026-03-22T19:49:58.444+0900][1.956s][info][gc,cpu         ] GC(88) User=0.00s Sys=0.00s Real=0.01s
[2026-03-22T19:49:58.457+0900][1.970s][info][gc,start       ] GC(89) Pause Full (Ergonomics)
[2026-03-22T19:49:58.457+0900][1.970s][info][gc,phases,start] GC(89) Marking Phase
[2026-03-22T19:49:58.459+0900][1.972s][info][gc,phases      ] GC(89) Marking Phase 1.218ms
[2026-03-22T19:49:58.459+0900][1.972s][info][gc,phases,start] GC(89) Summary Phase
[2026-03-22T19:49:58.459+0900][1.972s][info][gc,phases      ] GC(89) Summary Phase 0.027ms
[2026-03-22T19:49:58.459+0900][1.972s][info][gc,phases,start] GC(89) Adjust Roots
[2026-03-22T19:49:58.459+0900][1.972s][info][gc,phases      ] GC(89) Adjust Roots 0.356ms
[2026-03-22T19:49:58.459+0900][1.972s][info][gc,phases,start] GC(89) Compaction Phase
[2026-03-22T19:49:58.465+0900][1.977s][info][gc,phases      ] GC(89) Compaction Phase 5.159ms
[2026-03-22T19:49:58.465+0900][1.977s][info][gc,phases,start] GC(89) Post Compact
[2026-03-22T19:49:58.466+0900][1.979s][info][gc,phases      ] GC(89) Post Compact 1.250ms
[2026-03-22T19:49:58.466+0900][1.979s][info][gc,heap        ] GC(89) PSYoungGen: 163089K(163840K)->0K(163840K) Eden: 152561K(153088K)->0K(153088K) From: 10528K(10752K)->0K(10752K)
[2026-03-22T19:49:58.466+0900][1.979s][info][gc,heap        ] GC(89) ParOldGen: 291999K(349696K)->103429K(349696K)
[2026-03-22T19:49:58.466+0900][1.979s][info][gc,metaspace   ] GC(89) Metaspace: 340K(512K)->340K(512K) NonClass: 322K(384K)->322K(384K) Class: 17K(128K)->17K(128K)
[2026-03-22T19:49:58.466+0900][1.979s][info][gc             ] GC(89) Pause Full (Ergonomics) 444M->101M(501M) 8.319ms
[2026-03-22T19:49:58.466+0900][1.979s][info][gc,cpu         ] GC(89) User=0.09s Sys=0.00s Real=0.01s
[2026-03-22T19:49:58.479+0900][1.992s][info][gc,start       ] GC(90) Pause Young (Allocation Failure)
[2026-03-22T19:49:58.483+0900][1.996s][info][gc,heap        ] GC(90) PSYoungGen: 152561K(163840K)->10528K(163840K) Eden: 152561K(153088K)->0K(153088K) From: 0K(10752K)->10528K(10752K)
[2026-03-22T19:49:58.484+0900][1.996s][info][gc,heap        ] GC(90) ParOldGen: 103429K(349696K)->197638K(349696K)
[2026-03-22T19:49:58.484+0900][1.996s][info][gc,metaspace   ] GC(90) Metaspace: 340K(512K)->340K(512K) NonClass: 322K(384K)->322K(384K) Class: 17K(128K)->17K(128K)
[2026-03-22T19:49:58.484+0900][1.996s][info][gc             ] GC(90) Pause Young (Allocation Failure) 249M->203M(501M) 4.284ms
[2026-03-22T19:49:58.484+0900][1.996s][info][gc,cpu         ] GC(90) User=0.00s Sys=0.00s Real=0.00s
[2026-03-22T19:49:58.497+0900][2.010s][info][gc,start       ] GC(91) Pause Young (Allocation Failure)
[2026-03-22T19:49:58.501+0900][2.014s][info][gc,heap        ] GC(91) PSYoungGen: 163089K(163840K)->10560K(163840K) Eden: 152561K(153088K)->0K(153088K) From: 10528K(10752K)->10560K(10752K)
[2026-03-22T19:49:58.501+0900][2.014s][info][gc,heap        ] GC(91) ParOldGen: 197638K(349696K)->291999K(349696K)
[2026-03-22T19:49:58.501+0900][2.014s][info][gc,metaspace   ] GC(91) Metaspace: 340K(512K)->340K(512K) NonClass: 322K(384K)->322K(384K) Class: 17K(128K)->17K(128K)
[2026-03-22T19:49:58.501+0900][2.014s][info][gc             ] GC(91) Pause Young (Allocation Failure) 352M->295M(501M) 4.051ms
[2026-03-22T19:49:58.501+0900][2.014s][info][gc,cpu         ] GC(91) User=0.00s Sys=0.00s Real=0.00s
[2026-03-22T19:49:58.515+0900][2.028s][info][gc,start       ] GC(92) Pause Full (Ergonomics)
[2026-03-22T19:49:58.515+0900][2.028s][info][gc,phases,start] GC(92) Marking Phase
[2026-03-22T19:49:58.516+0900][2.029s][info][gc,phases      ] GC(92) Marking Phase 1.203ms
[2026-03-22T19:49:58.516+0900][2.029s][info][gc,phases,start] GC(92) Summary Phase
[2026-03-22T19:49:58.516+0900][2.029s][info][gc,phases      ] GC(92) Summary Phase 0.012ms
[2026-03-22T19:49:58.516+0900][2.029s][info][gc,phases,start] GC(92) Adjust Roots
[2026-03-22T19:49:58.517+0900][2.029s][info][gc,phases      ] GC(92) Adjust Roots 0.181ms
[2026-03-22T19:49:58.517+0900][2.029s][info][gc,phases,start] GC(92) Compaction Phase
[2026-03-22T19:49:58.521+0900][2.034s][info][gc,phases      ] GC(92) Compaction Phase 4.847ms
[2026-03-22T19:49:58.521+0900][2.034s][info][gc,phases,start] GC(92) Post Compact
[2026-03-22T19:49:58.523+0900][2.036s][info][gc,phases      ] GC(92) Post Compact 1.326ms
[2026-03-22T19:49:58.523+0900][2.036s][info][gc,heap        ] GC(92) PSYoungGen: 163121K(163840K)->0K(163840K) Eden: 152561K(153088K)->0K(153088K) From: 10560K(10752K)->0K(10752K)
[2026-03-22T19:49:58.523+0900][2.036s][info][gc,heap        ] GC(92) ParOldGen: 291999K(349696K)->103429K(349696K)
[2026-03-22T19:49:58.523+0900][2.036s][info][gc,metaspace   ] GC(92) Metaspace: 340K(512K)->340K(512K) NonClass: 322K(384K)->322K(384K) Class: 17K(128K)->17K(128K)
[2026-03-22T19:49:58.523+0900][2.036s][info][gc             ] GC(92) Pause Full (Ergonomics) 444M->101M(501M) 7.775ms
[2026-03-22T19:49:58.523+0900][2.036s][info][gc,cpu         ] GC(92) User=0.00s Sys=0.00s Real=0.01s
[2026-03-22T19:49:58.537+0900][2.050s][info][gc,start       ] GC(93) Pause Young (Allocation Failure)
[2026-03-22T19:49:58.541+0900][2.054s][info][gc,heap        ] GC(93) PSYoungGen: 152561K(163840K)->10560K(163840K) Eden: 152561K(153088K)->0K(153088K) From: 0K(10752K)->10560K(10752K)
[2026-03-22T19:49:58.541+0900][2.054s][info][gc,heap        ] GC(93) ParOldGen: 103429K(349696K)->197638K(349696K)
[2026-03-22T19:49:58.541+0900][2.054s][info][gc,metaspace   ] GC(93) Metaspace: 340K(512K)->340K(512K) NonClass: 322K(384K)->322K(384K) Class: 17K(128K)->17K(128K)
[2026-03-22T19:49:58.541+0900][2.054s][info][gc             ] GC(93) Pause Young (Allocation Failure) 249M->203M(501M) 4.018ms
[2026-03-22T19:49:58.541+0900][2.054s][info][gc,cpu         ] GC(93) User=0.03s Sys=0.00s Real=0.00s
[2026-03-22T19:49:58.555+0900][2.068s][info][gc,start       ] GC(94) Pause Young (Allocation Failure)
[2026-03-22T19:49:58.559+0900][2.072s][info][gc,heap        ] GC(94) PSYoungGen: 163121K(163840K)->10560K(163840K) Eden: 152561K(153088K)->0K(153088K) From: 10560K(10752K)->10560K(10752K)
[2026-03-22T19:49:58.559+0900][2.072s][info][gc,heap        ] GC(94) ParOldGen: 197638K(349696K)->291999K(349696K)
[2026-03-22T19:49:58.559+0900][2.072s][info][gc,metaspace   ] GC(94) Metaspace: 340K(512K)->340K(512K) NonClass: 322K(384K)->322K(384K) Class: 17K(128K)->17K(128K)
[2026-03-22T19:49:58.559+0900][2.072s][info][gc             ] GC(94) Pause Young (Allocation Failure) 352M->295M(501M) 4.195ms
[2026-03-22T19:49:58.559+0900][2.072s][info][gc,cpu         ] GC(94) User=0.08s Sys=0.02s Real=0.00s
[2026-03-22T19:49:58.573+0900][2.085s][info][gc,start       ] GC(95) Pause Full (Ergonomics)
[2026-03-22T19:49:58.573+0900][2.085s][info][gc,phases,start] GC(95) Marking Phase
[2026-03-22T19:49:58.574+0900][2.087s][info][gc,phases      ] GC(95) Marking Phase 1.236ms
[2026-03-22T19:49:58.574+0900][2.087s][info][gc,phases,start] GC(95) Summary Phase
[2026-03-22T19:49:58.574+0900][2.087s][info][gc,phases      ] GC(95) Summary Phase 0.021ms
[2026-03-22T19:49:58.574+0900][2.087s][info][gc,phases,start] GC(95) Adjust Roots
[2026-03-22T19:49:58.574+0900][2.087s][info][gc,phases      ] GC(95) Adjust Roots 0.212ms
[2026-03-22T19:49:58.574+0900][2.087s][info][gc,phases,start] GC(95) Compaction Phase
[2026-03-22T19:49:58.579+0900][2.092s][info][gc,phases      ] GC(95) Compaction Phase 5.043ms
[2026-03-22T19:49:58.579+0900][2.092s][info][gc,phases,start] GC(95) Post Compact
[2026-03-22T19:49:58.581+0900][2.093s][info][gc,phases      ] GC(95) Post Compact 1.253ms
[2026-03-22T19:49:58.581+0900][2.093s][info][gc,heap        ] GC(95) PSYoungGen: 163121K(163840K)->0K(163840K) Eden: 152561K(153088K)->0K(153088K) From: 10560K(10752K)->0K(10752K)
[2026-03-22T19:49:58.581+0900][2.093s][info][gc,heap        ] GC(95) ParOldGen: 291999K(349696K)->103429K(349696K)
[2026-03-22T19:49:58.581+0900][2.093s][info][gc,metaspace   ] GC(95) Metaspace: 340K(512K)->340K(512K) NonClass: 322K(384K)->322K(384K) Class: 17K(128K)->17K(128K)
[2026-03-22T19:49:58.581+0900][2.093s][info][gc             ] GC(95) Pause Full (Ergonomics) 444M->101M(501M) 7.976ms
[2026-03-22T19:49:58.581+0900][2.093s][info][gc,cpu         ] GC(95) User=0.00s Sys=0.00s Real=0.01s
[2026-03-22T19:49:58.594+0900][2.107s][info][gc,start       ] GC(96) Pause Young (Allocation Failure)
[2026-03-22T19:49:58.598+0900][2.111s][info][gc,heap        ] GC(96) PSYoungGen: 152561K(163840K)->10560K(163840K) Eden: 152561K(153088K)->0K(153088K) From: 0K(10752K)->10560K(10752K)
[2026-03-22T19:49:58.598+0900][2.111s][info][gc,heap        ] GC(96) ParOldGen: 103429K(349696K)->197638K(349696K)
[2026-03-22T19:49:58.598+0900][2.111s][info][gc,metaspace   ] GC(96) Metaspace: 340K(512K)->340K(512K) NonClass: 322K(384K)->322K(384K) Class: 17K(128K)->17K(128K)
[2026-03-22T19:49:58.598+0900][2.111s][info][gc             ] GC(96) Pause Young (Allocation Failure) 249M->203M(501M) 4.401ms
[2026-03-22T19:49:58.598+0900][2.111s][info][gc,cpu         ] GC(96) User=0.00s Sys=0.00s Real=0.00s
[2026-03-22T19:49:58.612+0900][2.125s][info][gc,start       ] GC(97) Pause Young (Allocation Failure)
[2026-03-22T19:49:58.617+0900][2.130s][info][gc,heap        ] GC(97) PSYoungGen: 163121K(163840K)->10528K(163840K) Eden: 152561K(153088K)->0K(153088K) From: 10560K(10752K)->10528K(10752K)
[2026-03-22T19:49:58.617+0900][2.130s][info][gc,heap        ] GC(97) ParOldGen: 197638K(349696K)->291999K(349696K)
[2026-03-22T19:49:58.617+0900][2.130s][info][gc,metaspace   ] GC(97) Metaspace: 340K(512K)->340K(512K) NonClass: 322K(384K)->322K(384K) Class: 17K(128K)->17K(128K)
[2026-03-22T19:49:58.617+0900][2.130s][info][gc             ] GC(97) Pause Young (Allocation Failure) 352M->295M(501M) 4.543ms
[2026-03-22T19:49:58.617+0900][2.130s][info][gc,cpu         ] GC(97) User=0.00s Sys=0.00s Real=0.01s
[2026-03-22T19:49:58.630+0900][2.144s][info][gc,start       ] GC(98) Pause Full (Ergonomics)
[2026-03-22T19:49:58.630+0900][2.144s][info][gc,phases,start] GC(98) Marking Phase
[2026-03-22T19:49:58.631+0900][2.145s][info][gc,phases      ] GC(98) Marking Phase 1.040ms
[2026-03-22T19:49:58.631+0900][2.145s][info][gc,phases,start] GC(98) Summary Phase
[2026-03-22T19:49:58.631+0900][2.145s][info][gc,phases      ] GC(98) Summary Phase 0.012ms
[2026-03-22T19:49:58.631+0900][2.145s][info][gc,phases,start] GC(98) Adjust Roots
[2026-03-22T19:49:58.632+0900][2.145s][info][gc,phases      ] GC(98) Adjust Roots 0.160ms
[2026-03-22T19:49:58.632+0900][2.145s][info][gc,phases,start] GC(98) Compaction Phase
[2026-03-22T19:49:58.637+0900][2.150s][info][gc,phases      ] GC(98) Compaction Phase 5.307ms
[2026-03-22T19:49:58.637+0900][2.150s][info][gc,phases,start] GC(98) Post Compact
[2026-03-22T19:49:58.638+0900][2.152s][info][gc,phases      ] GC(98) Post Compact 1.258ms
[2026-03-22T19:49:58.638+0900][2.152s][info][gc,heap        ] GC(98) PSYoungGen: 163089K(163840K)->0K(163840K) Eden: 152561K(153088K)->0K(153088K) From: 10528K(10752K)->0K(10752K)
[2026-03-22T19:49:58.638+0900][2.152s][info][gc,heap        ] GC(98) ParOldGen: 291999K(349696K)->103429K(349696K)
[2026-03-22T19:49:58.638+0900][2.152s][info][gc,metaspace   ] GC(98) Metaspace: 340K(512K)->340K(512K) NonClass: 322K(384K)->322K(384K) Class: 17K(128K)->17K(128K)
[2026-03-22T19:49:58.638+0900][2.152s][info][gc             ] GC(98) Pause Full (Ergonomics) 444M->101M(501M) 7.963ms
[2026-03-22T19:49:58.638+0900][2.152s][info][gc,cpu         ] GC(98) User=0.08s Sys=0.02s Real=0.01s
[2026-03-22T19:49:58.653+0900][2.165s][info][gc,start       ] GC(99) Pause Young (Allocation Failure)
[2026-03-22T19:49:58.656+0900][2.169s][info][gc,heap        ] GC(99) PSYoungGen: 152561K(163840K)->10528K(163840K) Eden: 152561K(153088K)->0K(153088K) From: 0K(10752K)->10528K(10752K)
[2026-03-22T19:49:58.656+0900][2.170s][info][gc,heap        ] GC(99) ParOldGen: 103429K(349696K)->197638K(349696K)
[2026-03-22T19:49:58.656+0900][2.170s][info][gc,metaspace   ] GC(99) Metaspace: 340K(512K)->340K(512K) NonClass: 322K(384K)->322K(384K) Class: 17K(128K)->17K(128K)
[2026-03-22T19:49:58.656+0900][2.170s][info][gc             ] GC(99) Pause Young (Allocation Failure) 249M->203M(501M) 4.322ms
[2026-03-22T19:49:58.656+0900][2.170s][info][gc,cpu         ] GC(99) User=0.00s Sys=0.00s Real=0.00s
[2026-03-22T19:49:58.671+0900][2.184s][info][gc,start       ] GC(100) Pause Young (Allocation Failure)
[2026-03-22T19:49:58.676+0900][2.188s][info][gc,heap        ] GC(100) PSYoungGen: 163089K(163840K)->10528K(163840K) Eden: 152561K(153088K)->0K(153088K) From: 10528K(10752K)->10528K(10752K)
[2026-03-22T19:49:58.676+0900][2.189s][info][gc,heap        ] GC(100) ParOldGen: 197638K(349696K)->291999K(349696K)
[2026-03-22T19:49:58.676+0900][2.189s][info][gc,metaspace   ] GC(100) Metaspace: 340K(512K)->340K(512K) NonClass: 322K(384K)->322K(384K) Class: 17K(128K)->17K(128K)
[2026-03-22T19:49:58.676+0900][2.189s][info][gc             ] GC(100) Pause Young (Allocation Failure) 352M->295M(501M) 4.487ms
[2026-03-22T19:49:58.676+0900][2.189s][info][gc,cpu         ] GC(100) User=0.00s Sys=0.00s Real=0.01s
[2026-03-22T19:49:58.690+0900][2.203s][info][gc,start       ] GC(101) Pause Full (Ergonomics)
[2026-03-22T19:49:58.690+0900][2.203s][info][gc,phases,start] GC(101) Marking Phase
[2026-03-22T19:49:58.692+0900][2.205s][info][gc,phases      ] GC(101) Marking Phase 1.202ms
[2026-03-22T19:49:58.692+0900][2.205s][info][gc,phases,start] GC(101) Summary Phase
[2026-03-22T19:49:58.692+0900][2.205s][info][gc,phases      ] GC(101) Summary Phase 0.042ms
[2026-03-22T19:49:58.692+0900][2.205s][info][gc,phases,start] GC(101) Adjust Roots
[2026-03-22T19:49:58.692+0900][2.205s][info][gc,phases      ] GC(101) Adjust Roots 0.278ms
[2026-03-22T19:49:58.692+0900][2.205s][info][gc,phases,start] GC(101) Compaction Phase
[2026-03-22T19:49:58.699+0900][2.212s][info][gc,phases      ] GC(101) Compaction Phase 7.098ms
[2026-03-22T19:49:58.699+0900][2.212s][info][gc,phases,start] GC(101) Post Compact
[2026-03-22T19:49:58.701+0900][2.214s][info][gc,phases      ] GC(101) Post Compact 1.580ms
[2026-03-22T19:49:58.701+0900][2.214s][info][gc,heap        ] GC(101) PSYoungGen: 163089K(163840K)->0K(163840K) Eden: 152561K(153088K)->0K(153088K) From: 10528K(10752K)->0K(10752K)
[2026-03-22T19:49:58.701+0900][2.214s][info][gc,heap        ] GC(101) ParOldGen: 291999K(349696K)->103429K(349696K)
[2026-03-22T19:49:58.701+0900][2.214s][info][gc,metaspace   ] GC(101) Metaspace: 340K(512K)->340K(512K) NonClass: 322K(384K)->322K(384K) Class: 17K(128K)->17K(128K)
[2026-03-22T19:49:58.701+0900][2.214s][info][gc             ] GC(101) Pause Full (Ergonomics) 444M->101M(501M) 10.561ms
[2026-03-22T19:49:58.701+0900][2.214s][info][gc,cpu         ] GC(101) User=0.06s Sys=0.02s Real=0.01s
[2026-03-22T19:49:58.716+0900][2.229s][info][gc,start       ] GC(102) Pause Young (Allocation Failure)
[2026-03-22T19:49:58.719+0900][2.233s][info][gc,heap        ] GC(102) PSYoungGen: 152561K(163840K)->10560K(163840K) Eden: 152561K(153088K)->0K(153088K) From: 0K(10752K)->10560K(10752K)
[2026-03-22T19:49:58.719+0900][2.233s][info][gc,heap        ] GC(102) ParOldGen: 103429K(349696K)->197638K(349696K)
[2026-03-22T19:49:58.720+0900][2.233s][info][gc,metaspace   ] GC(102) Metaspace: 340K(512K)->340K(512K) NonClass: 322K(384K)->322K(384K) Class: 17K(128K)->17K(128K)
[2026-03-22T19:49:58.720+0900][2.233s][info][gc             ] GC(102) Pause Young (Allocation Failure) 249M->203M(501M) 4.006ms
[2026-03-22T19:49:58.720+0900][2.233s][info][gc,cpu         ] GC(102) User=0.00s Sys=0.00s Real=0.00s
[2026-03-22T19:49:58.734+0900][2.247s][info][gc,start       ] GC(103) Pause Young (Allocation Failure)
[2026-03-22T19:49:58.738+0900][2.251s][info][gc,heap        ] GC(103) PSYoungGen: 163121K(163840K)->10528K(163840K) Eden: 152561K(153088K)->0K(153088K) From: 10560K(10752K)->10528K(10752K)
[2026-03-22T19:49:58.738+0900][2.251s][info][gc,heap        ] GC(103) ParOldGen: 197638K(349696K)->291999K(349696K)
[2026-03-22T19:49:58.738+0900][2.251s][info][gc,metaspace   ] GC(103) Metaspace: 340K(512K)->340K(512K) NonClass: 322K(384K)->322K(384K) Class: 17K(128K)->17K(128K)
[2026-03-22T19:49:58.738+0900][2.251s][info][gc             ] GC(103) Pause Young (Allocation Failure) 352M->295M(501M) 4.333ms
[2026-03-22T19:49:58.738+0900][2.251s][info][gc,cpu         ] GC(103) User=0.00s Sys=0.00s Real=0.00s
[2026-03-22T19:49:58.752+0900][2.265s][info][gc,start       ] GC(104) Pause Full (Ergonomics)
[2026-03-22T19:49:58.752+0900][2.265s][info][gc,phases,start] GC(104) Marking Phase
[2026-03-22T19:49:58.753+0900][2.266s][info][gc,phases      ] GC(104) Marking Phase 1.008ms
[2026-03-22T19:49:58.753+0900][2.266s][info][gc,phases,start] GC(104) Summary Phase
[2026-03-22T19:49:58.753+0900][2.266s][info][gc,phases      ] GC(104) Summary Phase 0.012ms
[2026-03-22T19:49:58.753+0900][2.266s][info][gc,phases,start] GC(104) Adjust Roots
[2026-03-22T19:49:58.754+0900][2.266s][info][gc,phases      ] GC(104) Adjust Roots 0.371ms
[2026-03-22T19:49:58.754+0900][2.266s][info][gc,phases,start] GC(104) Compaction Phase
[2026-03-22T19:49:58.759+0900][2.272s][info][gc,phases      ] GC(104) Compaction Phase 5.389ms
[2026-03-22T19:49:58.759+0900][2.272s][info][gc,phases,start] GC(104) Post Compact
[2026-03-22T19:49:58.761+0900][2.273s][info][gc,phases      ] GC(104) Post Compact 1.461ms
[2026-03-22T19:49:58.761+0900][2.273s][info][gc,heap        ] GC(104) PSYoungGen: 163089K(163840K)->0K(163840K) Eden: 152561K(153088K)->0K(153088K) From: 10528K(10752K)->0K(10752K)
[2026-03-22T19:49:58.761+0900][2.273s][info][gc,heap        ] GC(104) ParOldGen: 291999K(349696K)->103429K(349696K)
[2026-03-22T19:49:58.761+0900][2.273s][info][gc,metaspace   ] GC(104) Metaspace: 340K(512K)->340K(512K) NonClass: 322K(384K)->322K(384K) Class: 17K(128K)->17K(128K)
[2026-03-22T19:49:58.761+0900][2.273s][info][gc             ] GC(104) Pause Full (Ergonomics) 444M->101M(501M) 8.514ms
[2026-03-22T19:49:58.761+0900][2.274s][info][gc,cpu         ] GC(104) User=0.02s Sys=0.00s Real=0.01s
[2026-03-22T19:49:58.774+0900][2.287s][info][gc,start       ] GC(105) Pause Young (Allocation Failure)
[2026-03-22T19:49:58.778+0900][2.291s][info][gc,heap        ] GC(105) PSYoungGen: 152561K(163840K)->10528K(163840K) Eden: 152561K(153088K)->0K(153088K) From: 0K(10752K)->10528K(10752K)
[2026-03-22T19:49:58.778+0900][2.291s][info][gc,heap        ] GC(105) ParOldGen: 103429K(349696K)->197638K(349696K)
[2026-03-22T19:49:58.778+0900][2.291s][info][gc,metaspace   ] GC(105) Metaspace: 340K(512K)->340K(512K) NonClass: 322K(384K)->322K(384K) Class: 17K(128K)->17K(128K)
[2026-03-22T19:49:58.778+0900][2.291s][info][gc             ] GC(105) Pause Young (Allocation Failure) 249M->203M(501M) 4.072ms
[2026-03-22T19:49:58.778+0900][2.291s][info][gc,cpu         ] GC(105) User=0.09s Sys=0.00s Real=0.00s
[2026-03-22T19:49:58.792+0900][2.304s][info][gc,start       ] GC(106) Pause Young (Allocation Failure)
[2026-03-22T19:49:58.796+0900][2.308s][info][gc,heap        ] GC(106) PSYoungGen: 163089K(163840K)->10560K(163840K) Eden: 152561K(153088K)->0K(153088K) From: 10528K(10752K)->10560K(10752K)
[2026-03-22T19:49:58.796+0900][2.309s][info][gc,heap        ] GC(106) ParOldGen: 197638K(349696K)->291999K(349696K)
[2026-03-22T19:49:58.796+0900][2.309s][info][gc,metaspace   ] GC(106) Metaspace: 340K(512K)->340K(512K) NonClass: 322K(384K)->322K(384K) Class: 17K(128K)->17K(128K)
[2026-03-22T19:49:58.796+0900][2.309s][info][gc             ] GC(106) Pause Young (Allocation Failure) 352M->295M(501M) 4.118ms
[2026-03-22T19:49:58.796+0900][2.309s][info][gc,cpu         ] GC(106) User=0.00s Sys=0.00s Real=0.00s
[2026-03-22T19:49:58.810+0900][2.322s][info][gc,start       ] GC(107) Pause Full (Ergonomics)
[2026-03-22T19:49:58.810+0900][2.322s][info][gc,phases,start] GC(107) Marking Phase
[2026-03-22T19:49:58.811+0900][2.324s][info][gc,phases      ] GC(107) Marking Phase 1.063ms
[2026-03-22T19:49:58.811+0900][2.324s][info][gc,phases,start] GC(107) Summary Phase
[2026-03-22T19:49:58.811+0900][2.324s][info][gc,phases      ] GC(107) Summary Phase 0.011ms
[2026-03-22T19:49:58.811+0900][2.324s][info][gc,phases,start] GC(107) Adjust Roots
[2026-03-22T19:49:58.811+0900][2.324s][info][gc,phases      ] GC(107) Adjust Roots 0.198ms
[2026-03-22T19:49:58.811+0900][2.324s][info][gc,phases,start] GC(107) Compaction Phase
[2026-03-22T19:49:58.816+0900][2.329s][info][gc,phases      ] GC(107) Compaction Phase 5.115ms
[2026-03-22T19:49:58.816+0900][2.329s][info][gc,phases,start] GC(107) Post Compact
[2026-03-22T19:49:58.817+0900][2.330s][info][gc,phases      ] GC(107) Post Compact 1.404ms
[2026-03-22T19:49:58.817+0900][2.330s][info][gc,heap        ] GC(107) PSYoungGen: 163121K(163840K)->0K(163840K) Eden: 152561K(153088K)->0K(153088K) From: 10560K(10752K)->0K(10752K)
[2026-03-22T19:49:58.817+0900][2.330s][info][gc,heap        ] GC(107) ParOldGen: 291999K(349696K)->103429K(349696K)
[2026-03-22T19:49:58.817+0900][2.330s][info][gc,metaspace   ] GC(107) Metaspace: 340K(512K)->340K(512K) NonClass: 322K(384K)->322K(384K) Class: 17K(128K)->17K(128K)
[2026-03-22T19:49:58.817+0900][2.330s][info][gc             ] GC(107) Pause Full (Ergonomics) 444M->101M(501M) 8.030ms
[2026-03-22T19:49:58.817+0900][2.331s][info][gc,cpu         ] GC(107) User=0.00s Sys=0.00s Real=0.01s
[2026-03-22T19:49:58.833+0900][2.345s][info][gc,start       ] GC(108) Pause Young (Allocation Failure)
[2026-03-22T19:49:58.837+0900][2.349s][info][gc,heap        ] GC(108) PSYoungGen: 152561K(163840K)->10528K(163840K) Eden: 152561K(153088K)->0K(153088K) From: 0K(10752K)->10528K(10752K)
[2026-03-22T19:49:58.837+0900][2.349s][info][gc,heap        ] GC(108) ParOldGen: 103429K(349696K)->197638K(349696K)
[2026-03-22T19:49:58.837+0900][2.349s][info][gc,metaspace   ] GC(108) Metaspace: 340K(512K)->340K(512K) NonClass: 322K(384K)->322K(384K) Class: 17K(128K)->17K(128K)
[2026-03-22T19:49:58.837+0900][2.349s][info][gc             ] GC(108) Pause Young (Allocation Failure) 249M->203M(501M) 4.047ms
[2026-03-22T19:49:58.837+0900][2.349s][info][gc,cpu         ] GC(108) User=0.00s Sys=0.00s Real=0.00s
[2026-03-22T19:49:58.850+0900][2.363s][info][gc,start       ] GC(109) Pause Young (Allocation Failure)
[2026-03-22T19:49:58.855+0900][2.367s][info][gc,heap        ] GC(109) PSYoungGen: 163089K(163840K)->10528K(163840K) Eden: 152561K(153088K)->0K(153088K) From: 10528K(10752K)->10528K(10752K)
[2026-03-22T19:49:58.855+0900][2.367s][info][gc,heap        ] GC(109) ParOldGen: 197638K(349696K)->291999K(349696K)
[2026-03-22T19:49:58.855+0900][2.367s][info][gc,metaspace   ] GC(109) Metaspace: 340K(512K)->340K(512K) NonClass: 322K(384K)->322K(384K) Class: 17K(128K)->17K(128K)
[2026-03-22T19:49:58.855+0900][2.367s][info][gc             ] GC(109) Pause Young (Allocation Failure) 352M->295M(501M) 4.062ms
[2026-03-22T19:49:58.855+0900][2.367s][info][gc,cpu         ] GC(109) User=0.09s Sys=0.00s Real=0.01s
[2026-03-22T19:49:58.868+0900][2.381s][info][gc,start       ] GC(110) Pause Full (Ergonomics)
[2026-03-22T19:49:58.868+0900][2.381s][info][gc,phases,start] GC(110) Marking Phase
[2026-03-22T19:49:58.870+0900][2.382s][info][gc,phases      ] GC(110) Marking Phase 1.338ms
[2026-03-22T19:49:58.870+0900][2.382s][info][gc,phases,start] GC(110) Summary Phase
[2026-03-22T19:49:58.870+0900][2.382s][info][gc,phases      ] GC(110) Summary Phase 0.072ms
[2026-03-22T19:49:58.870+0900][2.382s][info][gc,phases,start] GC(110) Adjust Roots
[2026-03-22T19:49:58.870+0900][2.383s][info][gc,phases      ] GC(110) Adjust Roots 0.479ms
[2026-03-22T19:49:58.870+0900][2.383s][info][gc,phases,start] GC(110) Compaction Phase
[2026-03-22T19:49:58.875+0900][2.388s][info][gc,phases      ] GC(110) Compaction Phase 5.199ms
[2026-03-22T19:49:58.875+0900][2.388s][info][gc,phases,start] GC(110) Post Compact
[2026-03-22T19:49:58.877+0900][2.389s][info][gc,phases      ] GC(110) Post Compact 1.310ms
[2026-03-22T19:49:58.877+0900][2.389s][info][gc,heap        ] GC(110) PSYoungGen: 163089K(163840K)->0K(163840K) Eden: 152561K(153088K)->0K(153088K) From: 10528K(10752K)->0K(10752K)
[2026-03-22T19:49:58.877+0900][2.389s][info][gc,heap        ] GC(110) ParOldGen: 291999K(349696K)->103429K(349696K)
[2026-03-22T19:49:58.877+0900][2.389s][info][gc,metaspace   ] GC(110) Metaspace: 340K(512K)->340K(512K) NonClass: 322K(384K)->322K(384K) Class: 17K(128K)->17K(128K)
[2026-03-22T19:49:58.877+0900][2.389s][info][gc             ] GC(110) Pause Full (Ergonomics) 444M->101M(501M) 8.625ms
[2026-03-22T19:49:58.877+0900][2.389s][info][gc,cpu         ] GC(110) User=0.02s Sys=0.00s Real=0.01s
[2026-03-22T19:49:58.891+0900][2.404s][info][gc,start       ] GC(111) Pause Young (Allocation Failure)
[2026-03-22T19:49:58.895+0900][2.408s][info][gc,heap        ] GC(111) PSYoungGen: 152561K(163840K)->10528K(163840K) Eden: 152561K(153088K)->0K(153088K) From: 0K(10752K)->10528K(10752K)
[2026-03-22T19:49:58.895+0900][2.408s][info][gc,heap        ] GC(111) ParOldGen: 103429K(349696K)->197638K(349696K)
[2026-03-22T19:49:58.895+0900][2.408s][info][gc,metaspace   ] GC(111) Metaspace: 340K(512K)->340K(512K) NonClass: 322K(384K)->322K(384K) Class: 17K(128K)->17K(128K)
[2026-03-22T19:49:58.895+0900][2.408s][info][gc             ] GC(111) Pause Young (Allocation Failure) 249M->203M(501M) 4.207ms
[2026-03-22T19:49:58.895+0900][2.408s][info][gc,cpu         ] GC(111) User=0.00s Sys=0.00s Real=0.00s
[2026-03-22T19:49:58.908+0900][2.421s][info][gc,start       ] GC(112) Pause Young (Allocation Failure)
[2026-03-22T19:49:58.913+0900][2.425s][info][gc,heap        ] GC(112) PSYoungGen: 163089K(163840K)->10528K(163840K) Eden: 152561K(153088K)->0K(153088K) From: 10528K(10752K)->10528K(10752K)
[2026-03-22T19:49:58.913+0900][2.426s][info][gc,heap        ] GC(112) ParOldGen: 197638K(349696K)->291999K(349696K)
[2026-03-22T19:49:58.913+0900][2.426s][info][gc,metaspace   ] GC(112) Metaspace: 340K(512K)->340K(512K) NonClass: 322K(384K)->322K(384K) Class: 17K(128K)->17K(128K)
[2026-03-22T19:49:58.913+0900][2.426s][info][gc             ] GC(112) Pause Young (Allocation Failure) 352M->295M(501M) 4.265ms
[2026-03-22T19:49:58.913+0900][2.426s][info][gc,cpu         ] GC(112) User=0.00s Sys=0.00s Real=0.01s
[2026-03-22T19:49:58.927+0900][2.440s][info][gc,start       ] GC(113) Pause Full (Ergonomics)
[2026-03-22T19:49:58.927+0900][2.440s][info][gc,phases,start] GC(113) Marking Phase
[2026-03-22T19:49:58.928+0900][2.441s][info][gc,phases      ] GC(113) Marking Phase 1.372ms
[2026-03-22T19:49:58.928+0900][2.441s][info][gc,phases,start] GC(113) Summary Phase
[2026-03-22T19:49:58.928+0900][2.441s][info][gc,phases      ] GC(113) Summary Phase 0.024ms
[2026-03-22T19:49:58.928+0900][2.441s][info][gc,phases,start] GC(113) Adjust Roots
[2026-03-22T19:49:58.929+0900][2.442s][info][gc,phases      ] GC(113) Adjust Roots 0.191ms
[2026-03-22T19:49:58.929+0900][2.442s][info][gc,phases,start] GC(113) Compaction Phase
[2026-03-22T19:49:58.934+0900][2.446s][info][gc,phases      ] GC(113) Compaction Phase 4.904ms
[2026-03-22T19:49:58.934+0900][2.446s][info][gc,phases,start] GC(113) Post Compact
[2026-03-22T19:49:58.935+0900][2.448s][info][gc,phases      ] GC(113) Post Compact 1.308ms
[2026-03-22T19:49:58.935+0900][2.448s][info][gc,heap        ] GC(113) PSYoungGen: 163089K(163840K)->0K(163840K) Eden: 152561K(153088K)->0K(153088K) From: 10528K(10752K)->0K(10752K)
[2026-03-22T19:49:58.935+0900][2.448s][info][gc,heap        ] GC(113) ParOldGen: 291999K(349696K)->103429K(349696K)
[2026-03-22T19:49:58.935+0900][2.448s][info][gc,metaspace   ] GC(113) Metaspace: 340K(512K)->340K(512K) NonClass: 322K(384K)->322K(384K) Class: 17K(128K)->17K(128K)
[2026-03-22T19:49:58.935+0900][2.448s][info][gc             ] GC(113) Pause Full (Ergonomics) 444M->101M(501M) 8.049ms
[2026-03-22T19:49:58.935+0900][2.448s][info][gc,cpu         ] GC(113) User=0.09s Sys=0.00s Real=0.01s
[2026-03-22T19:49:58.949+0900][2.462s][info][gc,start       ] GC(114) Pause Young (Allocation Failure)
[2026-03-22T19:49:58.954+0900][2.466s][info][gc,heap        ] GC(114) PSYoungGen: 152561K(163840K)->10560K(163840K) Eden: 152561K(153088K)->0K(153088K) From: 0K(10752K)->10560K(10752K)
[2026-03-22T19:49:58.954+0900][2.466s][info][gc,heap        ] GC(114) ParOldGen: 103429K(349696K)->197638K(349696K)
[2026-03-22T19:49:58.954+0900][2.466s][info][gc,metaspace   ] GC(114) Metaspace: 340K(512K)->340K(512K) NonClass: 322K(384K)->322K(384K) Class: 17K(128K)->17K(128K)
[2026-03-22T19:49:58.954+0900][2.466s][info][gc             ] GC(114) Pause Young (Allocation Failure) 249M->203M(501M) 4.452ms
[2026-03-22T19:49:58.954+0900][2.466s][info][gc,cpu         ] GC(114) User=0.00s Sys=0.00s Real=0.01s
[2026-03-22T19:49:58.967+0900][2.480s][info][gc,start       ] GC(115) Pause Young (Allocation Failure)
[2026-03-22T19:49:58.971+0900][2.484s][info][gc,heap        ] GC(115) PSYoungGen: 163121K(163840K)->10560K(163840K) Eden: 152561K(153088K)->0K(153088K) From: 10560K(10752K)->10560K(10752K)
[2026-03-22T19:49:58.971+0900][2.484s][info][gc,heap        ] GC(115) ParOldGen: 197638K(349696K)->291999K(349696K)
[2026-03-22T19:49:58.971+0900][2.484s][info][gc,metaspace   ] GC(115) Metaspace: 340K(512K)->340K(512K) NonClass: 322K(384K)->322K(384K) Class: 17K(128K)->17K(128K)
[2026-03-22T19:49:58.972+0900][2.484s][info][gc             ] GC(115) Pause Young (Allocation Failure) 352M->295M(501M) 4.137ms
[2026-03-22T19:49:58.972+0900][2.484s][info][gc,cpu         ] GC(115) User=0.00s Sys=0.00s Real=0.00s
[2026-03-22T19:49:58.985+0900][2.498s][info][gc,start       ] GC(116) Pause Full (Ergonomics)
[2026-03-22T19:49:58.985+0900][2.498s][info][gc,phases,start] GC(116) Marking Phase
[2026-03-22T19:49:58.988+0900][2.500s][info][gc,phases      ] GC(116) Marking Phase 1.843ms
[2026-03-22T19:49:58.988+0900][2.500s][info][gc,phases,start] GC(116) Summary Phase
[2026-03-22T19:49:58.988+0900][2.500s][info][gc,phases      ] GC(116) Summary Phase 0.013ms
[2026-03-22T19:49:58.988+0900][2.500s][info][gc,phases,start] GC(116) Adjust Roots
[2026-03-22T19:49:58.988+0900][2.500s][info][gc,phases      ] GC(116) Adjust Roots 0.173ms
[2026-03-22T19:49:58.988+0900][2.500s][info][gc,phases,start] GC(116) Compaction Phase
[2026-03-22T19:49:58.992+0900][2.505s][info][gc,phases      ] GC(116) Compaction Phase 5.194ms
[2026-03-22T19:49:58.992+0900][2.506s][info][gc,phases,start] GC(116) Post Compact
[2026-03-22T19:49:58.993+0900][2.507s][info][gc,phases      ] GC(116) Post Compact 1.324ms
[2026-03-22T19:49:58.993+0900][2.507s][info][gc,heap        ] GC(116) PSYoungGen: 163121K(163840K)->0K(163840K) Eden: 152561K(153088K)->0K(153088K) From: 10560K(10752K)->0K(10752K)
[2026-03-22T19:49:58.993+0900][2.507s][info][gc,heap        ] GC(116) ParOldGen: 291999K(349696K)->103429K(349696K)
[2026-03-22T19:49:58.993+0900][2.507s][info][gc,metaspace   ] GC(116) Metaspace: 340K(512K)->340K(512K) NonClass: 322K(384K)->322K(384K) Class: 17K(128K)->17K(128K)
[2026-03-22T19:49:58.993+0900][2.507s][info][gc             ] GC(116) Pause Full (Ergonomics) 444M->101M(501M) 8.777ms
[2026-03-22T19:49:58.993+0900][2.507s][info][gc,cpu         ] GC(116) User=0.00s Sys=0.00s Real=0.01s
[2026-03-22T19:49:59.008+0900][2.520s][info][gc,start       ] GC(117) Pause Young (Allocation Failure)
[2026-03-22T19:49:59.012+0900][2.524s][info][gc,heap        ] GC(117) PSYoungGen: 152561K(163840K)->10560K(163840K) Eden: 152561K(153088K)->0K(153088K) From: 0K(10752K)->10560K(10752K)
[2026-03-22T19:49:59.012+0900][2.524s][info][gc,heap        ] GC(117) ParOldGen: 103429K(349696K)->197638K(349696K)
[2026-03-22T19:49:59.012+0900][2.524s][info][gc,metaspace   ] GC(117) Metaspace: 340K(512K)->340K(512K) NonClass: 322K(384K)->322K(384K) Class: 17K(128K)->17K(128K)
[2026-03-22T19:49:59.012+0900][2.524s][info][gc             ] GC(117) Pause Young (Allocation Failure) 249M->203M(501M) 4.080ms
[2026-03-22T19:49:59.012+0900][2.524s][info][gc,cpu         ] GC(117) User=0.08s Sys=0.02s Real=0.00s
[2026-03-22T19:49:59.025+0900][2.538s][info][gc,start       ] GC(118) Pause Young (Allocation Failure)
[2026-03-22T19:49:59.029+0900][2.542s][info][gc,heap        ] GC(118) PSYoungGen: 163121K(163840K)->10528K(163840K) Eden: 152561K(153088K)->0K(153088K) From: 10560K(10752K)->10528K(10752K)
[2026-03-22T19:49:59.029+0900][2.542s][info][gc,heap        ] GC(118) ParOldGen: 197638K(349696K)->291999K(349696K)
[2026-03-22T19:49:59.029+0900][2.542s][info][gc,metaspace   ] GC(118) Metaspace: 340K(512K)->340K(512K) NonClass: 322K(384K)->322K(384K) Class: 17K(128K)->17K(128K)
[2026-03-22T19:49:59.029+0900][2.542s][info][gc             ] GC(118) Pause Young (Allocation Failure) 352M->295M(501M) 4.349ms
[2026-03-22T19:49:59.029+0900][2.542s][info][gc,cpu         ] GC(118) User=0.00s Sys=0.00s Real=0.00s
[2026-03-22T19:49:59.044+0900][2.556s][info][gc,start       ] GC(119) Pause Full (Ergonomics)
[2026-03-22T19:49:59.044+0900][2.556s][info][gc,phases,start] GC(119) Marking Phase
[2026-03-22T19:49:59.045+0900][2.557s][info][gc,phases      ] GC(119) Marking Phase 1.040ms
[2026-03-22T19:49:59.045+0900][2.557s][info][gc,phases,start] GC(119) Summary Phase
[2026-03-22T19:49:59.045+0900][2.557s][info][gc,phases      ] GC(119) Summary Phase 0.015ms
[2026-03-22T19:49:59.045+0900][2.557s][info][gc,phases,start] GC(119) Adjust Roots
[2026-03-22T19:49:59.045+0900][2.558s][info][gc,phases      ] GC(119) Adjust Roots 0.171ms
[2026-03-22T19:49:59.045+0900][2.558s][info][gc,phases,start] GC(119) Compaction Phase
[2026-03-22T19:49:59.050+0900][2.562s][info][gc,phases      ] GC(119) Compaction Phase 4.767ms
[2026-03-22T19:49:59.050+0900][2.562s][info][gc,phases,start] GC(119) Post Compact
[2026-03-22T19:49:59.051+0900][2.564s][info][gc,phases      ] GC(119) Post Compact 1.381ms
[2026-03-22T19:49:59.051+0900][2.564s][info][gc,heap        ] GC(119) PSYoungGen: 163089K(163840K)->0K(163840K) Eden: 152561K(153088K)->0K(153088K) From: 10528K(10752K)->0K(10752K)
[2026-03-22T19:49:59.051+0900][2.564s][info][gc,heap        ] GC(119) ParOldGen: 291999K(349696K)->103429K(349696K)
[2026-03-22T19:49:59.051+0900][2.564s][info][gc,metaspace   ] GC(119) Metaspace: 340K(512K)->340K(512K) NonClass: 322K(384K)->322K(384K) Class: 17K(128K)->17K(128K)
[2026-03-22T19:49:59.051+0900][2.564s][info][gc             ] GC(119) Pause Full (Ergonomics) 444M->101M(501M) 7.593ms
[2026-03-22T19:49:59.051+0900][2.564s][info][gc,cpu         ] GC(119) User=0.00s Sys=0.00s Real=0.01s
[2026-03-22T19:49:59.065+0900][2.578s][info][gc,start       ] GC(120) Pause Young (Allocation Failure)
[2026-03-22T19:49:59.070+0900][2.583s][info][gc,heap        ] GC(120) PSYoungGen: 152561K(163840K)->10560K(163840K) Eden: 152561K(153088K)->0K(153088K) From: 0K(10752K)->10560K(10752K)
[2026-03-22T19:49:59.070+0900][2.583s][info][gc,heap        ] GC(120) ParOldGen: 103429K(349696K)->197638K(349696K)
[2026-03-22T19:49:59.070+0900][2.583s][info][gc,metaspace   ] GC(120) Metaspace: 340K(512K)->340K(512K) NonClass: 322K(384K)->322K(384K) Class: 17K(128K)->17K(128K)
[2026-03-22T19:49:59.070+0900][2.583s][info][gc             ] GC(120) Pause Young (Allocation Failure) 249M->203M(501M) 4.607ms
[2026-03-22T19:49:59.070+0900][2.583s][info][gc,cpu         ] GC(120) User=0.00s Sys=0.00s Real=0.00s
[2026-03-22T19:49:59.084+0900][2.597s][info][gc,start       ] GC(121) Pause Young (Allocation Failure)
[2026-03-22T19:49:59.089+0900][2.602s][info][gc,heap        ] GC(121) PSYoungGen: 163121K(163840K)->10528K(163840K) Eden: 152561K(153088K)->0K(153088K) From: 10560K(10752K)->10528K(10752K)
[2026-03-22T19:49:59.089+0900][2.602s][info][gc,heap        ] GC(121) ParOldGen: 197638K(349696K)->292007K(349696K)
[2026-03-22T19:49:59.089+0900][2.602s][info][gc,metaspace   ] GC(121) Metaspace: 340K(512K)->340K(512K) NonClass: 322K(384K)->322K(384K) Class: 17K(128K)->17K(128K)
[2026-03-22T19:49:59.089+0900][2.602s][info][gc             ] GC(121) Pause Young (Allocation Failure) 352M->295M(501M) 4.301ms
[2026-03-22T19:49:59.089+0900][2.602s][info][gc,cpu         ] GC(121) User=0.09s Sys=0.00s Real=0.00s
[2026-03-22T19:49:59.103+0900][2.616s][info][gc,start       ] GC(122) Pause Full (Ergonomics)
[2026-03-22T19:49:59.103+0900][2.616s][info][gc,phases,start] GC(122) Marking Phase
[2026-03-22T19:49:59.104+0900][2.617s][info][gc,phases      ] GC(122) Marking Phase 1.255ms
[2026-03-22T19:49:59.104+0900][2.617s][info][gc,phases,start] GC(122) Summary Phase
[2026-03-22T19:49:59.104+0900][2.617s][info][gc,phases      ] GC(122) Summary Phase 0.013ms
[2026-03-22T19:49:59.104+0900][2.617s][info][gc,phases,start] GC(122) Adjust Roots
[2026-03-22T19:49:59.104+0900][2.617s][info][gc,phases      ] GC(122) Adjust Roots 0.150ms
[2026-03-22T19:49:59.104+0900][2.617s][info][gc,phases,start] GC(122) Compaction Phase
[2026-03-22T19:49:59.109+0900][2.622s][info][gc,phases      ] GC(122) Compaction Phase 4.883ms
[2026-03-22T19:49:59.109+0900][2.622s][info][gc,phases,start] GC(122) Post Compact
[2026-03-22T19:49:59.111+0900][2.624s][info][gc,phases      ] GC(122) Post Compact 1.325ms
[2026-03-22T19:49:59.111+0900][2.624s][info][gc,heap        ] GC(122) PSYoungGen: 163089K(163840K)->0K(163840K) Eden: 152561K(153088K)->0K(153088K) From: 10528K(10752K)->0K(10752K)
[2026-03-22T19:49:59.111+0900][2.624s][info][gc,heap        ] GC(122) ParOldGen: 292007K(349696K)->103429K(349696K)
[2026-03-22T19:49:59.111+0900][2.624s][info][gc,metaspace   ] GC(122) Metaspace: 340K(512K)->340K(512K) NonClass: 322K(384K)->322K(384K) Class: 17K(128K)->17K(128K)
[2026-03-22T19:49:59.111+0900][2.624s][info][gc             ] GC(122) Pause Full (Ergonomics) 444M->101M(501M) 7.820ms
[2026-03-22T19:49:59.111+0900][2.624s][info][gc,cpu         ] GC(122) User=0.02s Sys=0.00s Real=0.01s
[2026-03-22T19:49:59.125+0900][2.638s][info][gc,start       ] GC(123) Pause Young (Allocation Failure)
[2026-03-22T19:49:59.129+0900][2.642s][info][gc,heap        ] GC(123) PSYoungGen: 152561K(163840K)->10560K(163840K) Eden: 152561K(153088K)->0K(153088K) From: 0K(10752K)->10560K(10752K)
[2026-03-22T19:49:59.129+0900][2.642s][info][gc,heap        ] GC(123) ParOldGen: 103429K(349696K)->197638K(349696K)
[2026-03-22T19:49:59.129+0900][2.642s][info][gc,metaspace   ] GC(123) Metaspace: 340K(512K)->340K(512K) NonClass: 322K(384K)->322K(384K) Class: 17K(128K)->17K(128K)
[2026-03-22T19:49:59.129+0900][2.642s][info][gc             ] GC(123) Pause Young (Allocation Failure) 249M->203M(501M) 4.250ms
[2026-03-22T19:49:59.129+0900][2.642s][info][gc,cpu         ] GC(123) User=0.00s Sys=0.00s Real=0.00s
[2026-03-22T19:49:59.142+0900][2.656s][info][gc,start       ] GC(124) Pause Young (Allocation Failure)
[2026-03-22T19:49:59.146+0900][2.659s][info][gc,heap        ] GC(124) PSYoungGen: 163121K(163840K)->10528K(163840K) Eden: 152561K(153088K)->0K(153088K) From: 10560K(10752K)->10528K(10752K)
[2026-03-22T19:49:59.146+0900][2.660s][info][gc,heap        ] GC(124) ParOldGen: 197638K(349696K)->289951K(349696K)
[2026-03-22T19:49:59.146+0900][2.660s][info][gc,metaspace   ] GC(124) Metaspace: 340K(512K)->340K(512K) NonClass: 322K(384K)->322K(384K) Class: 17K(128K)->17K(128K)
[2026-03-22T19:49:59.146+0900][2.660s][info][gc             ] GC(124) Pause Young (Allocation Failure) 352M->293M(501M) 3.988ms
[2026-03-22T19:49:59.146+0900][2.660s][info][gc,cpu         ] GC(124) User=0.00s Sys=0.00s Real=0.00s
[2026-03-22T19:49:59.161+0900][2.674s][info][gc,start       ] GC(125) Pause Full (Ergonomics)
[2026-03-22T19:49:59.161+0900][2.674s][info][gc,phases,start] GC(125) Marking Phase
[2026-03-22T19:49:59.163+0900][2.675s][info][gc,phases      ] GC(125) Marking Phase 1.416ms
[2026-03-22T19:49:59.163+0900][2.675s][info][gc,phases,start] GC(125) Summary Phase
[2026-03-22T19:49:59.163+0900][2.675s][info][gc,phases      ] GC(125) Summary Phase 0.023ms
[2026-03-22T19:49:59.163+0900][2.675s][info][gc,phases,start] GC(125) Adjust Roots
[2026-03-22T19:49:59.163+0900][2.676s][info][gc,phases      ] GC(125) Adjust Roots 0.215ms
[2026-03-22T19:49:59.163+0900][2.676s][info][gc,phases,start] GC(125) Compaction Phase
[2026-03-22T19:49:59.168+0900][2.680s][info][gc,phases      ] GC(125) Compaction Phase 4.572ms
[2026-03-22T19:49:59.168+0900][2.680s][info][gc,phases,start] GC(125) Post Compact
[2026-03-22T19:49:59.169+0900][2.682s][info][gc,phases      ] GC(125) Post Compact 1.320ms
[2026-03-22T19:49:59.169+0900][2.682s][info][gc,heap        ] GC(125) PSYoungGen: 163089K(163840K)->0K(163840K) Eden: 152561K(153088K)->0K(153088K) From: 10528K(10752K)->0K(10752K)
[2026-03-22T19:49:59.169+0900][2.682s][info][gc,heap        ] GC(125) ParOldGen: 289951K(349696K)->103429K(349696K)
[2026-03-22T19:49:59.169+0900][2.682s][info][gc,metaspace   ] GC(125) Metaspace: 340K(512K)->340K(512K) NonClass: 322K(384K)->322K(384K) Class: 17K(128K)->17K(128K)
[2026-03-22T19:49:59.169+0900][2.682s][info][gc             ] GC(125) Pause Full (Ergonomics) 442M->101M(501M) 7.800ms
[2026-03-22T19:49:59.169+0900][2.682s][info][gc,cpu         ] GC(125) User=0.09s Sys=0.00s Real=0.01s
[2026-03-22T19:49:59.183+0900][2.696s][info][gc,start       ] GC(126) Pause Young (Allocation Failure)
[2026-03-22T19:49:59.187+0900][2.699s][info][gc,heap        ] GC(126) PSYoungGen: 152561K(163840K)->10560K(163840K) Eden: 152561K(153088K)->0K(153088K) From: 0K(10752K)->10560K(10752K)
[2026-03-22T19:49:59.187+0900][2.700s][info][gc,heap        ] GC(126) ParOldGen: 103429K(349696K)->197638K(349696K)
[2026-03-22T19:49:59.187+0900][2.700s][info][gc,metaspace   ] GC(126) Metaspace: 340K(512K)->340K(512K) NonClass: 322K(384K)->322K(384K) Class: 17K(128K)->17K(128K)
[2026-03-22T19:49:59.187+0900][2.700s][info][gc             ] GC(126) Pause Young (Allocation Failure) 249M->203M(501M) 4.018ms
[2026-03-22T19:49:59.187+0900][2.700s][info][gc,cpu         ] GC(126) User=0.00s Sys=0.00s Real=0.00s
[2026-03-22T19:49:59.201+0900][2.714s][info][gc,start       ] GC(127) Pause Young (Allocation Failure)
[2026-03-22T19:49:59.205+0900][2.718s][info][gc,heap        ] GC(127) PSYoungGen: 163121K(163840K)->10528K(163840K) Eden: 152561K(153088K)->0K(153088K) From: 10560K(10752K)->10528K(10752K)
[2026-03-22T19:49:59.205+0900][2.718s][info][gc,heap        ] GC(127) ParOldGen: 197638K(349696K)->291999K(349696K)
[2026-03-22T19:49:59.205+0900][2.718s][info][gc,metaspace   ] GC(127) Metaspace: 340K(512K)->340K(512K) NonClass: 322K(384K)->322K(384K) Class: 17K(128K)->17K(128K)
[2026-03-22T19:49:59.205+0900][2.718s][info][gc             ] GC(127) Pause Young (Allocation Failure) 352M->295M(501M) 4.359ms
[2026-03-22T19:49:59.205+0900][2.718s][info][gc,cpu         ] GC(127) User=0.00s Sys=0.00s Real=0.00s
[2026-03-22T19:49:59.219+0900][2.732s][info][gc,start       ] GC(128) Pause Full (Ergonomics)
[2026-03-22T19:49:59.219+0900][2.732s][info][gc,phases,start] GC(128) Marking Phase
[2026-03-22T19:49:59.221+0900][2.733s][info][gc,phases      ] GC(128) Marking Phase 1.102ms
[2026-03-22T19:49:59.221+0900][2.733s][info][gc,phases,start] GC(128) Summary Phase
[2026-03-22T19:49:59.221+0900][2.733s][info][gc,phases      ] GC(128) Summary Phase 0.022ms
[2026-03-22T19:49:59.221+0900][2.733s][info][gc,phases,start] GC(128) Adjust Roots
[2026-03-22T19:49:59.221+0900][2.733s][info][gc,phases      ] GC(128) Adjust Roots 0.254ms
[2026-03-22T19:49:59.221+0900][2.733s][info][gc,phases,start] GC(128) Compaction Phase
[2026-03-22T19:49:59.226+0900][2.739s][info][gc,phases      ] GC(128) Compaction Phase 5.534ms
[2026-03-22T19:49:59.226+0900][2.739s][info][gc,phases,start] GC(128) Post Compact
[2026-03-22T19:49:59.227+0900][2.740s][info][gc,phases      ] GC(128) Post Compact 1.252ms
[2026-03-22T19:49:59.227+0900][2.740s][info][gc,heap        ] GC(128) PSYoungGen: 163089K(163840K)->0K(163840K) Eden: 152561K(153088K)->0K(153088K) From: 10528K(10752K)->0K(10752K)
[2026-03-22T19:49:59.227+0900][2.740s][info][gc,heap        ] GC(128) ParOldGen: 291999K(349696K)->103429K(349696K)
[2026-03-22T19:49:59.227+0900][2.740s][info][gc,metaspace   ] GC(128) Metaspace: 340K(512K)->340K(512K) NonClass: 322K(384K)->322K(384K) Class: 17K(128K)->17K(128K)
[2026-03-22T19:49:59.227+0900][2.740s][info][gc             ] GC(128) Pause Full (Ergonomics) 444M->101M(501M) 8.412ms
[2026-03-22T19:49:59.227+0900][2.740s][info][gc,cpu         ] GC(128) User=0.00s Sys=0.00s Real=0.01s
[2026-03-22T19:49:59.241+0900][2.754s][info][gc,start       ] GC(129) Pause Young (Allocation Failure)
[2026-03-22T19:49:59.245+0900][2.758s][info][gc,heap        ] GC(129) PSYoungGen: 152561K(163840K)->10560K(163840K) Eden: 152561K(153088K)->0K(153088K) From: 0K(10752K)->10560K(10752K)
[2026-03-22T19:49:59.245+0900][2.758s][info][gc,heap        ] GC(129) ParOldGen: 103429K(349696K)->197638K(349696K)
[2026-03-22T19:49:59.245+0900][2.758s][info][gc,metaspace   ] GC(129) Metaspace: 340K(512K)->340K(512K) NonClass: 322K(384K)->322K(384K) Class: 17K(128K)->17K(128K)
[2026-03-22T19:49:59.245+0900][2.758s][info][gc             ] GC(129) Pause Young (Allocation Failure) 249M->203M(501M) 4.063ms
[2026-03-22T19:49:59.245+0900][2.758s][info][gc,cpu         ] GC(129) User=0.09s Sys=0.00s Real=0.00s
[2026-03-22T19:49:59.259+0900][2.772s][info][gc,start       ] GC(130) Pause Young (Allocation Failure)
[2026-03-22T19:49:59.263+0900][2.776s][info][gc,heap        ] GC(130) PSYoungGen: 163121K(163840K)->10528K(163840K) Eden: 152561K(153088K)->0K(153088K) From: 10560K(10752K)->10528K(10752K)
[2026-03-22T19:49:59.263+0900][2.776s][info][gc,heap        ] GC(130) ParOldGen: 197638K(349696K)->289951K(349696K)
[2026-03-22T19:49:59.263+0900][2.776s][info][gc,metaspace   ] GC(130) Metaspace: 340K(512K)->340K(512K) NonClass: 322K(384K)->322K(384K) Class: 17K(128K)->17K(128K)
[2026-03-22T19:49:59.263+0900][2.776s][info][gc             ] GC(130) Pause Young (Allocation Failure) 352M->293M(501M) 4.165ms
[2026-03-22T19:49:59.263+0900][2.776s][info][gc,cpu         ] GC(130) User=0.09s Sys=0.00s Real=0.00s
[2026-03-22T19:49:59.277+0900][2.790s][info][gc,start       ] GC(131) Pause Full (Ergonomics)
[2026-03-22T19:49:59.277+0900][2.790s][info][gc,phases,start] GC(131) Marking Phase
[2026-03-22T19:49:59.278+0900][2.791s][info][gc,phases      ] GC(131) Marking Phase 1.042ms
[2026-03-22T19:49:59.278+0900][2.791s][info][gc,phases,start] GC(131) Summary Phase
[2026-03-22T19:49:59.278+0900][2.791s][info][gc,phases      ] GC(131) Summary Phase 0.014ms
[2026-03-22T19:49:59.278+0900][2.791s][info][gc,phases,start] GC(131) Adjust Roots
[2026-03-22T19:49:59.278+0900][2.791s][info][gc,phases      ] GC(131) Adjust Roots 0.222ms
[2026-03-22T19:49:59.278+0900][2.791s][info][gc,phases,start] GC(131) Compaction Phase
[2026-03-22T19:49:59.287+0900][2.799s][info][gc,phases      ] GC(131) Compaction Phase 7.901ms
[2026-03-22T19:49:59.287+0900][2.799s][info][gc,phases,start] GC(131) Post Compact
[2026-03-22T19:49:59.289+0900][2.801s][info][gc,phases      ] GC(131) Post Compact 2.047ms
[2026-03-22T19:49:59.289+0900][2.801s][info][gc,heap        ] GC(131) PSYoungGen: 163089K(163840K)->0K(163840K) Eden: 152561K(153088K)->0K(153088K) From: 10528K(10752K)->0K(10752K)
[2026-03-22T19:49:59.289+0900][2.802s][info][gc,heap        ] GC(131) ParOldGen: 289951K(349696K)->103429K(349696K)
[2026-03-22T19:49:59.289+0900][2.802s][info][gc,metaspace   ] GC(131) Metaspace: 340K(512K)->340K(512K) NonClass: 322K(384K)->322K(384K) Class: 17K(128K)->17K(128K)
[2026-03-22T19:49:59.289+0900][2.802s][info][gc             ] GC(131) Pause Full (Ergonomics) 442M->101M(501M) 11.567ms
[2026-03-22T19:49:59.289+0900][2.802s][info][gc,cpu         ] GC(131) User=0.00s Sys=0.00s Real=0.01s
[2026-03-22T19:49:59.307+0900][2.820s][info][gc,start       ] GC(132) Pause Young (Allocation Failure)
[2026-03-22T19:49:59.312+0900][2.824s][info][gc,heap        ] GC(132) PSYoungGen: 152561K(163840K)->10528K(163840K) Eden: 152561K(153088K)->0K(153088K) From: 0K(10752K)->10528K(10752K)
[2026-03-22T19:49:59.312+0900][2.824s][info][gc,heap        ] GC(132) ParOldGen: 103429K(349696K)->197638K(349696K)
[2026-03-22T19:49:59.312+0900][2.824s][info][gc,metaspace   ] GC(132) Metaspace: 340K(512K)->340K(512K) NonClass: 322K(384K)->322K(384K) Class: 17K(128K)->17K(128K)
[2026-03-22T19:49:59.312+0900][2.824s][info][gc             ] GC(132) Pause Young (Allocation Failure) 249M->203M(501M) 4.456ms
[2026-03-22T19:49:59.312+0900][2.824s][info][gc,cpu         ] GC(132) User=0.00s Sys=0.00s Real=0.01s
[2026-03-22T19:49:59.325+0900][2.838s][info][gc,start       ] GC(133) Pause Young (Allocation Failure)
[2026-03-22T19:49:59.329+0900][2.842s][info][gc,heap        ] GC(133) PSYoungGen: 163089K(163840K)->10560K(163840K) Eden: 152561K(153088K)->0K(153088K) From: 10528K(10752K)->10560K(10752K)
[2026-03-22T19:49:59.329+0900][2.842s][info][gc,heap        ] GC(133) ParOldGen: 197638K(349696K)->291999K(349696K)
[2026-03-22T19:49:59.329+0900][2.842s][info][gc,metaspace   ] GC(133) Metaspace: 340K(512K)->340K(512K) NonClass: 322K(384K)->322K(384K) Class: 17K(128K)->17K(128K)
[2026-03-22T19:49:59.329+0900][2.842s][info][gc             ] GC(133) Pause Young (Allocation Failure) 352M->295M(501M) 4.059ms
[2026-03-22T19:49:59.329+0900][2.842s][info][gc,cpu         ] GC(133) User=0.00s Sys=0.00s Real=0.00s
[2026-03-22T19:49:59.343+0900][2.856s][info][gc,start       ] GC(134) Pause Full (Ergonomics)
[2026-03-22T19:49:59.343+0900][2.856s][info][gc,phases,start] GC(134) Marking Phase
[2026-03-22T19:49:59.344+0900][2.857s][info][gc,phases      ] GC(134) Marking Phase 1.296ms
[2026-03-22T19:49:59.344+0900][2.857s][info][gc,phases,start] GC(134) Summary Phase
[2026-03-22T19:49:59.344+0900][2.857s][info][gc,phases      ] GC(134) Summary Phase 0.019ms
[2026-03-22T19:49:59.344+0900][2.857s][info][gc,phases,start] GC(134) Adjust Roots
[2026-03-22T19:49:59.344+0900][2.857s][info][gc,phases      ] GC(134) Adjust Roots 0.233ms
[2026-03-22T19:49:59.344+0900][2.858s][info][gc,phases,start] GC(134) Compaction Phase
[2026-03-22T19:49:59.350+0900][2.863s][info][gc,phases      ] GC(134) Compaction Phase 5.917ms
[2026-03-22T19:49:59.350+0900][2.863s][info][gc,phases,start] GC(134) Post Compact
[2026-03-22T19:49:59.352+0900][2.865s][info][gc,phases      ] GC(134) Post Compact 1.346ms
[2026-03-22T19:49:59.352+0900][2.865s][info][gc,heap        ] GC(134) PSYoungGen: 163121K(163840K)->0K(163840K) Eden: 152561K(153088K)->0K(153088K) From: 10560K(10752K)->0K(10752K)
[2026-03-22T19:49:59.352+0900][2.865s][info][gc,heap        ] GC(134) ParOldGen: 291999K(349696K)->103194K(349696K)
[2026-03-22T19:49:59.352+0900][2.865s][info][gc,metaspace   ] GC(134) Metaspace: 340K(512K)->340K(512K) NonClass: 322K(384K)->322K(384K) Class: 17K(128K)->17K(128K)
[2026-03-22T19:49:59.352+0900][2.865s][info][gc             ] GC(134) Pause Full (Ergonomics) 444M->100M(501M) 9.121ms
[2026-03-22T19:49:59.352+0900][2.865s][info][gc,cpu         ] GC(134) User=0.00s Sys=0.00s Real=0.01s
[2026-03-22T19:49:59.365+0900][2.878s][info][gc,start       ] GC(135) Pause Young (Allocation Failure)
[2026-03-22T19:49:59.369+0900][2.883s][info][gc,heap        ] GC(135) PSYoungGen: 152561K(163840K)->10560K(163840K) Eden: 152561K(153088K)->0K(153088K) From: 0K(10752K)->10560K(10752K)
[2026-03-22T19:49:59.369+0900][2.883s][info][gc,heap        ] GC(135) ParOldGen: 103194K(349696K)->197403K(349696K)
[2026-03-22T19:49:59.369+0900][2.883s][info][gc,metaspace   ] GC(135) Metaspace: 340K(512K)->340K(512K) NonClass: 322K(384K)->322K(384K) Class: 17K(128K)->17K(128K)
[2026-03-22T19:49:59.370+0900][2.883s][info][gc             ] GC(135) Pause Young (Allocation Failure) 249M->203M(501M) 4.446ms
[2026-03-22T19:49:59.370+0900][2.883s][info][gc,cpu         ] GC(135) User=0.09s Sys=0.00s Real=0.00s
[2026-03-22T19:49:59.383+0900][2.897s][info][gc,start       ] GC(136) Pause Young (Allocation Failure)
[2026-03-22T19:49:59.389+0900][2.901s][info][gc,heap        ] GC(136) PSYoungGen: 163121K(163840K)->10528K(163840K) Eden: 152561K(153088K)->0K(153088K) From: 10560K(10752K)->10528K(10752K)
[2026-03-22T19:49:59.389+0900][2.901s][info][gc,heap        ] GC(136) ParOldGen: 197403K(349696K)->291764K(349696K)
[2026-03-22T19:49:59.389+0900][2.901s][info][gc,metaspace   ] GC(136) Metaspace: 340K(512K)->340K(512K) NonClass: 322K(384K)->322K(384K) Class: 17K(128K)->17K(128K)
[2026-03-22T19:49:59.389+0900][2.901s][info][gc             ] GC(136) Pause Young (Allocation Failure) 352M->295M(501M) 4.359ms
[2026-03-22T19:49:59.389+0900][2.901s][info][gc,cpu         ] GC(136) User=0.09s Sys=0.00s Real=0.01s
[2026-03-22T19:49:59.403+0900][2.915s][info][gc,start       ] GC(137) Pause Full (Ergonomics)
[2026-03-22T19:49:59.403+0900][2.915s][info][gc,phases,start] GC(137) Marking Phase
[2026-03-22T19:49:59.404+0900][2.916s][info][gc,phases      ] GC(137) Marking Phase 1.045ms
[2026-03-22T19:49:59.404+0900][2.917s][info][gc,phases,start] GC(137) Summary Phase
[2026-03-22T19:49:59.404+0900][2.917s][info][gc,phases      ] GC(137) Summary Phase 0.013ms
[2026-03-22T19:49:59.404+0900][2.917s][info][gc,phases,start] GC(137) Adjust Roots
[2026-03-22T19:49:59.404+0900][2.917s][info][gc,phases      ] GC(137) Adjust Roots 0.347ms
[2026-03-22T19:49:59.404+0900][2.917s][info][gc,phases,start] GC(137) Compaction Phase
[2026-03-22T19:49:59.409+0900][2.922s][info][gc,phases      ] GC(137) Compaction Phase 5.202ms
[2026-03-22T19:49:59.409+0900][2.922s][info][gc,phases,start] GC(137) Post Compact
[2026-03-22T19:49:59.411+0900][2.923s][info][gc,phases      ] GC(137) Post Compact 1.262ms
[2026-03-22T19:49:59.411+0900][2.923s][info][gc,heap        ] GC(137) PSYoungGen: 163089K(163840K)->0K(163840K) Eden: 152561K(153088K)->0K(153088K) From: 10528K(10752K)->0K(10752K)
[2026-03-22T19:49:59.411+0900][2.923s][info][gc,heap        ] GC(137) ParOldGen: 291764K(349696K)->103429K(349696K)
[2026-03-22T19:49:59.411+0900][2.923s][info][gc,metaspace   ] GC(137) Metaspace: 340K(512K)->340K(512K) NonClass: 322K(384K)->322K(384K) Class: 17K(128K)->17K(128K)
[2026-03-22T19:49:59.411+0900][2.923s][info][gc             ] GC(137) Pause Full (Ergonomics) 444M->101M(501M) 8.147ms
[2026-03-22T19:49:59.411+0900][2.924s][info][gc,cpu         ] GC(137) User=0.00s Sys=0.00s Real=0.01s
[2026-03-22T19:49:59.424+0900][2.937s][info][gc,start       ] GC(138) Pause Young (Allocation Failure)
[2026-03-22T19:49:59.429+0900][2.941s][info][gc,heap        ] GC(138) PSYoungGen: 152561K(163840K)->10560K(163840K) Eden: 152561K(153088K)->0K(153088K) From: 0K(10752K)->10560K(10752K)
[2026-03-22T19:49:59.429+0900][2.941s][info][gc,heap        ] GC(138) ParOldGen: 103429K(349696K)->197638K(349696K)
[2026-03-22T19:49:59.429+0900][2.941s][info][gc,metaspace   ] GC(138) Metaspace: 340K(512K)->340K(512K) NonClass: 322K(384K)->322K(384K) Class: 17K(128K)->17K(128K)
[2026-03-22T19:49:59.429+0900][2.941s][info][gc             ] GC(138) Pause Young (Allocation Failure) 249M->203M(501M) 3.941ms
[2026-03-22T19:49:59.429+0900][2.941s][info][gc,cpu         ] GC(138) User=0.00s Sys=0.00s Real=0.00s
[2026-03-22T19:49:59.442+0900][2.955s][info][gc,start       ] GC(139) Pause Young (Allocation Failure)
[2026-03-22T19:49:59.446+0900][2.960s][info][gc,heap        ] GC(139) PSYoungGen: 163121K(163840K)->10560K(163840K) Eden: 152561K(153088K)->0K(153088K) From: 10560K(10752K)->10560K(10752K)
[2026-03-22T19:49:59.446+0900][2.960s][info][gc,heap        ] GC(139) ParOldGen: 197638K(349696K)->291999K(349696K)
[2026-03-22T19:49:59.447+0900][2.960s][info][gc,metaspace   ] GC(139) Metaspace: 340K(512K)->340K(512K) NonClass: 322K(384K)->322K(384K) Class: 17K(128K)->17K(128K)
[2026-03-22T19:49:59.447+0900][2.960s][info][gc             ] GC(139) Pause Young (Allocation Failure) 352M->295M(501M) 4.336ms
[2026-03-22T19:49:59.447+0900][2.960s][info][gc,cpu         ] GC(139) User=0.00s Sys=0.00s Real=0.01s
[2026-03-22T19:49:59.460+0900][2.973s][info][gc,start       ] GC(140) Pause Full (Ergonomics)
[2026-03-22T19:49:59.460+0900][2.973s][info][gc,phases,start] GC(140) Marking Phase
[2026-03-22T19:49:59.461+0900][2.974s][info][gc,phases      ] GC(140) Marking Phase 0.954ms
[2026-03-22T19:49:59.461+0900][2.974s][info][gc,phases,start] GC(140) Summary Phase
[2026-03-22T19:49:59.461+0900][2.974s][info][gc,phases      ] GC(140) Summary Phase 0.013ms
[2026-03-22T19:49:59.461+0900][2.974s][info][gc,phases,start] GC(140) Adjust Roots
[2026-03-22T19:49:59.461+0900][2.975s][info][gc,phases      ] GC(140) Adjust Roots 0.182ms
[2026-03-22T19:49:59.461+0900][2.975s][info][gc,phases,start] GC(140) Compaction Phase
[2026-03-22T19:49:59.466+0900][2.979s][info][gc,phases      ] GC(140) Compaction Phase 4.695ms
[2026-03-22T19:49:59.466+0900][2.979s][info][gc,phases,start] GC(140) Post Compact
[2026-03-22T19:49:59.467+0900][2.981s][info][gc,phases      ] GC(140) Post Compact 1.306ms
[2026-03-22T19:49:59.467+0900][2.981s][info][gc,heap        ] GC(140) PSYoungGen: 163121K(163840K)->0K(163840K) Eden: 152561K(153088K)->0K(153088K) From: 10560K(10752K)->0K(10752K)
[2026-03-22T19:49:59.467+0900][2.981s][info][gc,heap        ] GC(140) ParOldGen: 291999K(349696K)->103430K(349696K)
[2026-03-22T19:49:59.467+0900][2.981s][info][gc,metaspace   ] GC(140) Metaspace: 340K(512K)->340K(512K) NonClass: 322K(384K)->322K(384K) Class: 17K(128K)->17K(128K)
[2026-03-22T19:49:59.467+0900][2.981s][info][gc             ] GC(140) Pause Full (Ergonomics) 444M->101M(501M) 7.330ms
[2026-03-22T19:49:59.467+0900][2.981s][info][gc,cpu         ] GC(140) User=0.09s Sys=0.00s Real=0.01s
[2026-03-22T19:49:59.482+0900][2.995s][info][gc,start       ] GC(141) Pause Young (Allocation Failure)
[2026-03-22T19:49:59.486+0900][2.999s][info][gc,heap        ] GC(141) PSYoungGen: 152561K(163840K)->10528K(163840K) Eden: 152561K(153088K)->0K(153088K) From: 0K(10752K)->10528K(10752K)
[2026-03-22T19:49:59.486+0900][2.999s][info][gc,heap        ] GC(141) ParOldGen: 103430K(349696K)->197639K(349696K)
[2026-03-22T19:49:59.486+0900][3.000s][info][gc,metaspace   ] GC(141) Metaspace: 340K(512K)->340K(512K) NonClass: 322K(384K)->322K(384K) Class: 17K(128K)->17K(128K)
[2026-03-22T19:49:59.486+0900][3.000s][info][gc             ] GC(141) Pause Young (Allocation Failure) 249M->203M(501M) 4.883ms
[2026-03-22T19:49:59.486+0900][3.000s][info][gc,cpu         ] GC(141) User=0.00s Sys=0.00s Real=0.00s
[2026-03-22T19:49:59.501+0900][3.013s][info][gc,start       ] GC(142) Pause Young (Allocation Failure)
[2026-03-22T19:49:59.505+0900][3.018s][info][gc,heap        ] GC(142) PSYoungGen: 163089K(163840K)->10528K(163840K) Eden: 152561K(153088K)->0K(153088K) From: 10528K(10752K)->10528K(10752K)
[2026-03-22T19:49:59.505+0900][3.018s][info][gc,heap        ] GC(142) ParOldGen: 197639K(349696K)->291999K(349696K)
[2026-03-22T19:49:59.505+0900][3.018s][info][gc,metaspace   ] GC(142) Metaspace: 340K(512K)->340K(512K) NonClass: 322K(384K)->322K(384K) Class: 17K(128K)->17K(128K)
[2026-03-22T19:49:59.505+0900][3.018s][info][gc             ] GC(142) Pause Young (Allocation Failure) 352M->295M(501M) 4.450ms
[2026-03-22T19:49:59.505+0900][3.018s][info][gc,cpu         ] GC(142) User=0.00s Sys=0.00s Real=0.00s
[2026-03-22T19:49:59.519+0900][3.032s][info][gc,start       ] GC(143) Pause Full (Ergonomics)
[2026-03-22T19:49:59.519+0900][3.032s][info][gc,phases,start] GC(143) Marking Phase
[2026-03-22T19:49:59.520+0900][3.033s][info][gc,phases      ] GC(143) Marking Phase 1.287ms
[2026-03-22T19:49:59.520+0900][3.033s][info][gc,phases,start] GC(143) Summary Phase
[2026-03-22T19:49:59.520+0900][3.034s][info][gc,phases      ] GC(143) Summary Phase 0.036ms
[2026-03-22T19:49:59.520+0900][3.034s][info][gc,phases,start] GC(143) Adjust Roots
[2026-03-22T19:49:59.521+0900][3.034s][info][gc,phases      ] GC(143) Adjust Roots 0.178ms
[2026-03-22T19:49:59.521+0900][3.034s][info][gc,phases,start] GC(143) Compaction Phase
[2026-03-22T19:49:59.525+0900][3.039s][info][gc,phases      ] GC(143) Compaction Phase 4.886ms
[2026-03-22T19:49:59.525+0900][3.039s][info][gc,phases,start] GC(143) Post Compact
[2026-03-22T19:49:59.528+0900][3.040s][info][gc,phases      ] GC(143) Post Compact 1.315ms
[2026-03-22T19:49:59.528+0900][3.040s][info][gc,heap        ] GC(143) PSYoungGen: 163089K(163840K)->0K(163840K) Eden: 152561K(153088K)->0K(153088K) From: 10528K(10752K)->0K(10752K)
[2026-03-22T19:49:59.528+0900][3.040s][info][gc,heap        ] GC(143) ParOldGen: 291999K(349696K)->103430K(349696K)
[2026-03-22T19:49:59.528+0900][3.040s][info][gc,metaspace   ] GC(143) Metaspace: 340K(512K)->340K(512K) NonClass: 322K(384K)->322K(384K) Class: 17K(128K)->17K(128K)
[2026-03-22T19:49:59.528+0900][3.040s][info][gc             ] GC(143) Pause Full (Ergonomics) 444M->101M(501M) 8.017ms
[2026-03-22T19:49:59.528+0900][3.040s][info][gc,cpu         ] GC(143) User=0.09s Sys=0.00s Real=0.01s
[2026-03-22T19:49:59.541+0900][3.054s][info][gc,start       ] GC(144) Pause Young (Allocation Failure)
[2026-03-22T19:49:59.545+0900][3.058s][info][gc,heap        ] GC(144) PSYoungGen: 152561K(163840K)->10560K(163840K) Eden: 152561K(153088K)->0K(153088K) From: 0K(10752K)->10560K(10752K)
[2026-03-22T19:49:59.545+0900][3.058s][info][gc,heap        ] GC(144) ParOldGen: 103430K(349696K)->197639K(349696K)
[2026-03-22T19:49:59.545+0900][3.058s][info][gc,metaspace   ] GC(144) Metaspace: 340K(512K)->340K(512K) NonClass: 322K(384K)->322K(384K) Class: 17K(128K)->17K(128K)
[2026-03-22T19:49:59.545+0900][3.058s][info][gc             ] GC(144) Pause Young (Allocation Failure) 249M->203M(501M) 3.968ms
[2026-03-22T19:49:59.545+0900][3.058s][info][gc,cpu         ] GC(144) User=0.00s Sys=0.00s Real=0.00s
[2026-03-22T19:49:59.559+0900][3.072s][info][gc,start       ] GC(145) Pause Young (Allocation Failure)
[2026-03-22T19:49:59.563+0900][3.076s][info][gc,heap        ] GC(145) PSYoungGen: 163121K(163840K)->10528K(163840K) Eden: 152561K(153088K)->0K(153088K) From: 10560K(10752K)->10528K(10752K)
[2026-03-22T19:49:59.563+0900][3.076s][info][gc,heap        ] GC(145) ParOldGen: 197639K(349696K)->291999K(349696K)
[2026-03-22T19:49:59.563+0900][3.076s][info][gc,metaspace   ] GC(145) Metaspace: 340K(512K)->340K(512K) NonClass: 322K(384K)->322K(384K) Class: 17K(128K)->17K(128K)
[2026-03-22T19:49:59.563+0900][3.076s][info][gc             ] GC(145) Pause Young (Allocation Failure) 352M->295M(501M) 4.211ms
[2026-03-22T19:49:59.563+0900][3.076s][info][gc,cpu         ] GC(145) User=0.00s Sys=0.00s Real=0.00s
[2026-03-22T19:49:59.577+0900][3.090s][info][gc,start       ] GC(146) Pause Full (Ergonomics)
[2026-03-22T19:49:59.577+0900][3.090s][info][gc,phases,start] GC(146) Marking Phase
[2026-03-22T19:49:59.578+0900][3.091s][info][gc,phases      ] GC(146) Marking Phase 1.070ms
[2026-03-22T19:49:59.578+0900][3.091s][info][gc,phases,start] GC(146) Summary Phase
[2026-03-22T19:49:59.578+0900][3.091s][info][gc,phases      ] GC(146) Summary Phase 0.013ms
[2026-03-22T19:49:59.578+0900][3.091s][info][gc,phases,start] GC(146) Adjust Roots
[2026-03-22T19:49:59.579+0900][3.091s][info][gc,phases      ] GC(146) Adjust Roots 0.155ms
[2026-03-22T19:49:59.579+0900][3.091s][info][gc,phases,start] GC(146) Compaction Phase
[2026-03-22T19:49:59.584+0900][3.098s][info][gc,phases      ] GC(146) Compaction Phase 6.497ms
[2026-03-22T19:49:59.585+0900][3.098s][info][gc,phases,start] GC(146) Post Compact
[2026-03-22T19:49:59.586+0900][3.099s][info][gc,phases      ] GC(146) Post Compact 1.569ms
[2026-03-22T19:49:59.586+0900][3.099s][info][gc,heap        ] GC(146) PSYoungGen: 163089K(163840K)->0K(163840K) Eden: 152561K(153088K)->0K(153088K) From: 10528K(10752K)->0K(10752K)
[2026-03-22T19:49:59.586+0900][3.099s][info][gc,heap        ] GC(146) ParOldGen: 291999K(349696K)->103430K(349696K)
[2026-03-22T19:49:59.586+0900][3.099s][info][gc,metaspace   ] GC(146) Metaspace: 340K(512K)->340K(512K) NonClass: 322K(384K)->322K(384K) Class: 17K(128K)->17K(128K)
[2026-03-22T19:49:59.586+0900][3.099s][info][gc             ] GC(146) Pause Full (Ergonomics) 444M->101M(501M) 9.544ms
[2026-03-22T19:49:59.586+0900][3.099s][info][gc,cpu         ] GC(146) User=0.00s Sys=0.00s Real=0.01s
[2026-03-22T19:49:59.600+0900][3.113s][info][gc,start       ] GC(147) Pause Young (Allocation Failure)
[2026-03-22T19:49:59.604+0900][3.117s][info][gc,heap        ] GC(147) PSYoungGen: 152561K(163840K)->10528K(163840K) Eden: 152561K(153088K)->0K(153088K) From: 0K(10752K)->10528K(10752K)
[2026-03-22T19:49:59.604+0900][3.117s][info][gc,heap        ] GC(147) ParOldGen: 103430K(349696K)->197639K(349696K)
[2026-03-22T19:49:59.604+0900][3.117s][info][gc,metaspace   ] GC(147) Metaspace: 340K(512K)->340K(512K) NonClass: 322K(384K)->322K(384K) Class: 17K(128K)->17K(128K)
[2026-03-22T19:49:59.604+0900][3.117s][info][gc             ] GC(147) Pause Young (Allocation Failure) 249M->203M(501M) 4.227ms
[2026-03-22T19:49:59.604+0900][3.117s][info][gc,cpu         ] GC(147) User=0.08s Sys=0.00s Real=0.00s
[2026-03-22T19:49:59.619+0900][3.132s][info][gc,start       ] GC(148) Pause Young (Allocation Failure)
[2026-03-22T19:49:59.623+0900][3.136s][info][gc,heap        ] GC(148) PSYoungGen: 163089K(163840K)->10560K(163840K) Eden: 152561K(153088K)->0K(153088K) From: 10528K(10752K)->10560K(10752K)
[2026-03-22T19:49:59.623+0900][3.136s][info][gc,heap        ] GC(148) ParOldGen: 197639K(349696K)->291999K(349696K)
[2026-03-22T19:49:59.623+0900][3.136s][info][gc,metaspace   ] GC(148) Metaspace: 340K(512K)->340K(512K) NonClass: 322K(384K)->322K(384K) Class: 17K(128K)->17K(128K)
[2026-03-22T19:49:59.623+0900][3.136s][info][gc             ] GC(148) Pause Young (Allocation Failure) 352M->295M(501M) 4.317ms
[2026-03-22T19:49:59.623+0900][3.136s][info][gc,cpu         ] GC(148) User=0.00s Sys=0.00s Real=0.00s
[2026-03-22T19:49:59.637+0900][3.150s][info][gc,start       ] GC(149) Pause Full (Ergonomics)
[2026-03-22T19:49:59.637+0900][3.150s][info][gc,phases,start] GC(149) Marking Phase
[2026-03-22T19:49:59.638+0900][3.151s][info][gc,phases      ] GC(149) Marking Phase 0.967ms
[2026-03-22T19:49:59.638+0900][3.151s][info][gc,phases,start] GC(149) Summary Phase
[2026-03-22T19:49:59.638+0900][3.151s][info][gc,phases      ] GC(149) Summary Phase 0.013ms
[2026-03-22T19:49:59.638+0900][3.151s][info][gc,phases,start] GC(149) Adjust Roots
[2026-03-22T19:49:59.638+0900][3.151s][info][gc,phases      ] GC(149) Adjust Roots 0.184ms
[2026-03-22T19:49:59.638+0900][3.151s][info][gc,phases,start] GC(149) Compaction Phase
[2026-03-22T19:49:59.643+0900][3.156s][info][gc,phases      ] GC(149) Compaction Phase 5.159ms
[2026-03-22T19:49:59.643+0900][3.156s][info][gc,phases,start] GC(149) Post Compact
[2026-03-22T19:49:59.644+0900][3.158s][info][gc,phases      ] GC(149) Post Compact 1.320ms
[2026-03-22T19:49:59.644+0900][3.158s][info][gc,heap        ] GC(149) PSYoungGen: 163121K(163840K)->0K(163840K) Eden: 152561K(153088K)->0K(153088K) From: 10560K(10752K)->0K(10752K)
[2026-03-22T19:49:59.644+0900][3.158s][info][gc,heap        ] GC(149) ParOldGen: 291999K(349696K)->103430K(349696K)
[2026-03-22T19:49:59.644+0900][3.158s][info][gc,metaspace   ] GC(149) Metaspace: 340K(512K)->340K(512K) NonClass: 322K(384K)->322K(384K) Class: 17K(128K)->17K(128K)
[2026-03-22T19:49:59.644+0900][3.158s][info][gc             ] GC(149) Pause Full (Ergonomics) 444M->101M(501M) 7.864ms
[2026-03-22T19:49:59.644+0900][3.158s][info][gc,cpu         ] GC(149) User=0.00s Sys=0.00s Real=0.01s
[2026-03-22T19:49:59.658+0900][3.171s][info][gc,start       ] GC(150) Pause Young (Allocation Failure)
[2026-03-22T19:49:59.663+0900][3.175s][info][gc,heap        ] GC(150) PSYoungGen: 152561K(163840K)->10528K(163840K) Eden: 152561K(153088K)->0K(153088K) From: 0K(10752K)->10528K(10752K)
[2026-03-22T19:49:59.663+0900][3.175s][info][gc,heap        ] GC(150) ParOldGen: 103430K(349696K)->197639K(349696K)
[2026-03-22T19:49:59.663+0900][3.175s][info][gc,metaspace   ] GC(150) Metaspace: 340K(512K)->340K(512K) NonClass: 322K(384K)->322K(384K) Class: 17K(128K)->17K(128K)
[2026-03-22T19:49:59.663+0900][3.175s][info][gc             ] GC(150) Pause Young (Allocation Failure) 249M->203M(501M) 3.996ms
[2026-03-22T19:49:59.663+0900][3.175s][info][gc,cpu         ] GC(150) User=0.00s Sys=0.00s Real=0.01s
[2026-03-22T19:49:59.677+0900][3.190s][info][gc,start       ] GC(151) Pause Young (Allocation Failure)
[2026-03-22T19:49:59.682+0900][3.194s][info][gc,heap        ] GC(151) PSYoungGen: 163089K(163840K)->10560K(163840K) Eden: 152561K(153088K)->0K(153088K) From: 10528K(10752K)->10560K(10752K)
[2026-03-22T19:49:59.682+0900][3.194s][info][gc,heap        ] GC(151) ParOldGen: 197639K(349696K)->291999K(349696K)
[2026-03-22T19:49:59.682+0900][3.194s][info][gc,metaspace   ] GC(151) Metaspace: 340K(512K)->340K(512K) NonClass: 322K(384K)->322K(384K) Class: 17K(128K)->17K(128K)
[2026-03-22T19:49:59.682+0900][3.194s][info][gc             ] GC(151) Pause Young (Allocation Failure) 352M->295M(501M) 4.516ms
[2026-03-22T19:49:59.682+0900][3.194s][info][gc,cpu         ] GC(151) User=0.00s Sys=0.00s Real=0.00s
[2026-03-22T19:49:59.695+0900][3.208s][info][gc,start       ] GC(152) Pause Full (Ergonomics)
[2026-03-22T19:49:59.695+0900][3.208s][info][gc,phases,start] GC(152) Marking Phase
[2026-03-22T19:49:59.697+0900][3.209s][info][gc,phases      ] GC(152) Marking Phase 1.192ms
[2026-03-22T19:49:59.697+0900][3.209s][info][gc,phases,start] GC(152) Summary Phase
[2026-03-22T19:49:59.697+0900][3.209s][info][gc,phases      ] GC(152) Summary Phase 0.022ms
[2026-03-22T19:49:59.697+0900][3.209s][info][gc,phases,start] GC(152) Adjust Roots
[2026-03-22T19:49:59.697+0900][3.209s][info][gc,phases      ] GC(152) Adjust Roots 0.238ms
[2026-03-22T19:49:59.697+0900][3.210s][info][gc,phases,start] GC(152) Compaction Phase
[2026-03-22T19:49:59.702+0900][3.215s][info][gc,phases      ] GC(152) Compaction Phase 5.086ms
[2026-03-22T19:49:59.702+0900][3.215s][info][gc,phases,start] GC(152) Post Compact
[2026-03-22T19:49:59.704+0900][3.216s][info][gc,phases      ] GC(152) Post Compact 1.470ms
[2026-03-22T19:49:59.704+0900][3.216s][info][gc,heap        ] GC(152) PSYoungGen: 163121K(163840K)->0K(163840K) Eden: 152561K(153088K)->0K(153088K) From: 10560K(10752K)->0K(10752K)
[2026-03-22T19:49:59.704+0900][3.216s][info][gc,heap        ] GC(152) ParOldGen: 291999K(349696K)->103430K(349696K)
[2026-03-22T19:49:59.704+0900][3.216s][info][gc,metaspace   ] GC(152) Metaspace: 340K(512K)->340K(512K) NonClass: 322K(384K)->322K(384K) Class: 17K(128K)->17K(128K)
[2026-03-22T19:49:59.704+0900][3.216s][info][gc             ] GC(152) Pause Full (Ergonomics) 444M->101M(501M) 8.314ms
[2026-03-22T19:49:59.704+0900][3.216s][info][gc,cpu         ] GC(152) User=0.03s Sys=0.00s Real=0.01s
[2026-03-22T19:49:59.717+0900][3.230s][info][gc,start       ] GC(153) Pause Young (Allocation Failure)
[2026-03-22T19:49:59.722+0900][3.235s][info][gc,heap        ] GC(153) PSYoungGen: 152561K(163840K)->10560K(163840K) Eden: 152561K(153088K)->0K(153088K) From: 0K(10752K)->10560K(10752K)
[2026-03-22T19:49:59.722+0900][3.235s][info][gc,heap        ] GC(153) ParOldGen: 103430K(349696K)->197639K(349696K)
[2026-03-22T19:49:59.722+0900][3.235s][info][gc,metaspace   ] GC(153) Metaspace: 340K(512K)->340K(512K) NonClass: 322K(384K)->322K(384K) Class: 17K(128K)->17K(128K)
[2026-03-22T19:49:59.722+0900][3.235s][info][gc             ] GC(153) Pause Young (Allocation Failure) 249M->203M(501M) 4.373ms
[2026-03-22T19:49:59.722+0900][3.235s][info][gc,cpu         ] GC(153) User=0.00s Sys=0.00s Real=0.00s
[2026-03-22T19:49:59.736+0900][3.249s][info][gc,start       ] GC(154) Pause Young (Allocation Failure)
[2026-03-22T19:49:59.740+0900][3.254s][info][gc,heap        ] GC(154) PSYoungGen: 163121K(163840K)->10528K(163840K) Eden: 152561K(153088K)->0K(153088K) From: 10560K(10752K)->10528K(10752K)
[2026-03-22T19:49:59.740+0900][3.254s][info][gc,heap        ] GC(154) ParOldGen: 197639K(349696K)->291999K(349696K)
[2026-03-22T19:49:59.740+0900][3.254s][info][gc,metaspace   ] GC(154) Metaspace: 340K(512K)->340K(512K) NonClass: 322K(384K)->322K(384K) Class: 17K(128K)->17K(128K)
[2026-03-22T19:49:59.740+0900][3.254s][info][gc             ] GC(154) Pause Young (Allocation Failure) 352M->295M(501M) 4.583ms
[2026-03-22T19:49:59.740+0900][3.254s][info][gc,cpu         ] GC(154) User=0.00s Sys=0.00s Real=0.00s
[2026-03-22T19:49:59.755+0900][3.268s][info][gc,start       ] GC(155) Pause Full (Ergonomics)
[2026-03-22T19:49:59.755+0900][3.268s][info][gc,phases,start] GC(155) Marking Phase
[2026-03-22T19:49:59.756+0900][3.269s][info][gc,phases      ] GC(155) Marking Phase 0.955ms
[2026-03-22T19:49:59.756+0900][3.269s][info][gc,phases,start] GC(155) Summary Phase
[2026-03-22T19:49:59.756+0900][3.269s][info][gc,phases      ] GC(155) Summary Phase 0.013ms
[2026-03-22T19:49:59.756+0900][3.269s][info][gc,phases,start] GC(155) Adjust Roots
[2026-03-22T19:49:59.756+0900][3.269s][info][gc,phases      ] GC(155) Adjust Roots 0.137ms
[2026-03-22T19:49:59.756+0900][3.269s][info][gc,phases,start] GC(155) Compaction Phase
[2026-03-22T19:49:59.762+0900][3.275s][info][gc,phases      ] GC(155) Compaction Phase 5.603ms
[2026-03-22T19:49:59.762+0900][3.275s][info][gc,phases,start] GC(155) Post Compact
[2026-03-22T19:49:59.764+0900][3.276s][info][gc,phases      ] GC(155) Post Compact 1.387ms
[2026-03-22T19:49:59.764+0900][3.276s][info][gc,heap        ] GC(155) PSYoungGen: 163089K(163840K)->0K(163840K) Eden: 152561K(153088K)->0K(153088K) From: 10528K(10752K)->0K(10752K)
[2026-03-22T19:49:59.764+0900][3.276s][info][gc,heap        ] GC(155) ParOldGen: 291999K(349696K)->103430K(349696K)
[2026-03-22T19:49:59.764+0900][3.276s][info][gc,metaspace   ] GC(155) Metaspace: 340K(512K)->340K(512K) NonClass: 322K(384K)->322K(384K) Class: 17K(128K)->17K(128K)
[2026-03-22T19:49:59.764+0900][3.276s][info][gc             ] GC(155) Pause Full (Ergonomics) 444M->101M(501M) 8.382ms
[2026-03-22T19:49:59.764+0900][3.276s][info][gc,cpu         ] GC(155) User=0.09s Sys=0.00s Real=0.01s
[2026-03-22T19:49:59.777+0900][3.290s][info][gc,start       ] GC(156) Pause Young (Allocation Failure)
[2026-03-22T19:49:59.782+0900][3.294s][info][gc,heap        ] GC(156) PSYoungGen: 152561K(163840K)->10560K(163840K) Eden: 152561K(153088K)->0K(153088K) From: 0K(10752K)->10560K(10752K)
[2026-03-22T19:49:59.782+0900][3.294s][info][gc,heap        ] GC(156) ParOldGen: 103430K(349696K)->197639K(349696K)
[2026-03-22T19:49:59.782+0900][3.294s][info][gc,metaspace   ] GC(156) Metaspace: 340K(512K)->340K(512K) NonClass: 322K(384K)->322K(384K) Class: 17K(128K)->17K(128K)
[2026-03-22T19:49:59.782+0900][3.294s][info][gc             ] GC(156) Pause Young (Allocation Failure) 249M->203M(501M) 4.193ms
[2026-03-22T19:49:59.782+0900][3.294s][info][gc,cpu         ] GC(156) User=0.00s Sys=0.00s Real=0.01s
[2026-03-22T19:49:59.795+0900][3.308s][info][gc,start       ] GC(157) Pause Young (Allocation Failure)
[2026-03-22T19:49:59.799+0900][3.312s][info][gc,heap        ] GC(157) PSYoungGen: 163121K(163840K)->10528K(163840K) Eden: 152561K(153088K)->0K(153088K) From: 10560K(10752K)->10528K(10752K)
[2026-03-22T19:49:59.799+0900][3.312s][info][gc,heap        ] GC(157) ParOldGen: 197639K(349696K)->289951K(349696K)
[2026-03-22T19:49:59.799+0900][3.312s][info][gc,metaspace   ] GC(157) Metaspace: 340K(512K)->340K(512K) NonClass: 322K(384K)->322K(384K) Class: 17K(128K)->17K(128K)
[2026-03-22T19:49:59.799+0900][3.312s][info][gc             ] GC(157) Pause Young (Allocation Failure) 352M->293M(501M) 4.177ms
[2026-03-22T19:49:59.800+0900][3.312s][info][gc,cpu         ] GC(157) User=0.00s Sys=0.00s Real=0.00s
[2026-03-22T19:49:59.812+0900][3.326s][info][gc,start       ] GC(158) Pause Full (Ergonomics)
[2026-03-22T19:49:59.812+0900][3.326s][info][gc,phases,start] GC(158) Marking Phase
[2026-03-22T19:49:59.814+0900][3.327s][info][gc,phases      ] GC(158) Marking Phase 1.174ms
[2026-03-22T19:49:59.814+0900][3.327s][info][gc,phases,start] GC(158) Summary Phase
[2026-03-22T19:49:59.814+0900][3.327s][info][gc,phases      ] GC(158) Summary Phase 0.018ms
[2026-03-22T19:49:59.814+0900][3.327s][info][gc,phases,start] GC(158) Adjust Roots
[2026-03-22T19:49:59.815+0900][3.327s][info][gc,phases      ] GC(158) Adjust Roots 0.207ms
[2026-03-22T19:49:59.815+0900][3.327s][info][gc,phases,start] GC(158) Compaction Phase
[2026-03-22T19:49:59.820+0900][3.333s][info][gc,phases      ] GC(158) Compaction Phase 5.251ms
[2026-03-22T19:49:59.820+0900][3.333s][info][gc,phases,start] GC(158) Post Compact
[2026-03-22T19:49:59.821+0900][3.334s][info][gc,phases      ] GC(158) Post Compact 1.354ms
[2026-03-22T19:49:59.821+0900][3.334s][info][gc,heap        ] GC(158) PSYoungGen: 163089K(163840K)->0K(163840K) Eden: 152561K(153088K)->0K(153088K) From: 10528K(10752K)->0K(10752K)
[2026-03-22T19:49:59.821+0900][3.334s][info][gc,heap        ] GC(158) ParOldGen: 289951K(349696K)->103430K(349696K)
[2026-03-22T19:49:59.821+0900][3.334s][info][gc,metaspace   ] GC(158) Metaspace: 340K(512K)->340K(512K) NonClass: 322K(384K)->322K(384K) Class: 17K(128K)->17K(128K)
[2026-03-22T19:49:59.821+0900][3.334s][info][gc             ] GC(158) Pause Full (Ergonomics) 442M->101M(501M) 8.263ms
[2026-03-22T19:49:59.821+0900][3.334s][info][gc,cpu         ] GC(158) User=0.00s Sys=0.00s Real=0.01s
[2026-03-22T19:49:59.835+0900][3.348s][info][gc,start       ] GC(159) Pause Young (Allocation Failure)
[2026-03-22T19:49:59.839+0900][3.352s][info][gc,heap        ] GC(159) PSYoungGen: 152561K(163840K)->10560K(163840K) Eden: 152561K(153088K)->0K(153088K) From: 0K(10752K)->10560K(10752K)
[2026-03-22T19:49:59.839+0900][3.353s][info][gc,heap        ] GC(159) ParOldGen: 103430K(349696K)->197639K(349696K)
[2026-03-22T19:49:59.839+0900][3.353s][info][gc,metaspace   ] GC(159) Metaspace: 340K(512K)->340K(512K) NonClass: 322K(384K)->322K(384K) Class: 17K(128K)->17K(128K)
[2026-03-22T19:49:59.839+0900][3.353s][info][gc             ] GC(159) Pause Young (Allocation Failure) 249M->203M(501M) 4.257ms
[2026-03-22T19:49:59.839+0900][3.353s][info][gc,cpu         ] GC(159) User=0.08s Sys=0.00s Real=0.00s
[2026-03-22T19:49:59.853+0900][3.366s][info][gc,start       ] GC(160) Pause Young (Allocation Failure)
[2026-03-22T19:49:59.857+0900][3.370s][info][gc,heap        ] GC(160) PSYoungGen: 163121K(163840K)->10528K(163840K) Eden: 152561K(153088K)->0K(153088K) From: 10560K(10752K)->10528K(10752K)
[2026-03-22T19:49:59.857+0900][3.371s][info][gc,heap        ] GC(160) ParOldGen: 197639K(349696K)->291999K(349696K)
[2026-03-22T19:49:59.857+0900][3.371s][info][gc,metaspace   ] GC(160) Metaspace: 340K(512K)->340K(512K) NonClass: 322K(384K)->322K(384K) Class: 17K(128K)->17K(128K)
[2026-03-22T19:49:59.857+0900][3.371s][info][gc             ] GC(160) Pause Young (Allocation Failure) 352M->295M(501M) 4.218ms
[2026-03-22T19:49:59.857+0900][3.371s][info][gc,cpu         ] GC(160) User=0.00s Sys=0.00s Real=0.00s
[2026-03-22T19:49:59.871+0900][3.384s][info][gc,start       ] GC(161) Pause Full (Ergonomics)
[2026-03-22T19:49:59.871+0900][3.384s][info][gc,phases,start] GC(161) Marking Phase
[2026-03-22T19:49:59.873+0900][3.385s][info][gc,phases      ] GC(161) Marking Phase 1.021ms
[2026-03-22T19:49:59.873+0900][3.386s][info][gc,phases,start] GC(161) Summary Phase
[2026-03-22T19:49:59.873+0900][3.386s][info][gc,phases      ] GC(161) Summary Phase 0.013ms
[2026-03-22T19:49:59.873+0900][3.386s][info][gc,phases,start] GC(161) Adjust Roots
[2026-03-22T19:49:59.873+0900][3.386s][info][gc,phases      ] GC(161) Adjust Roots 0.158ms
[2026-03-22T19:49:59.873+0900][3.386s][info][gc,phases,start] GC(161) Compaction Phase
[2026-03-22T19:49:59.878+0900][3.391s][info][gc,phases      ] GC(161) Compaction Phase 5.175ms
[2026-03-22T19:49:59.878+0900][3.391s][info][gc,phases,start] GC(161) Post Compact
[2026-03-22T19:49:59.879+0900][3.392s][info][gc,phases      ] GC(161) Post Compact 1.250ms
[2026-03-22T19:49:59.879+0900][3.392s][info][gc,heap        ] GC(161) PSYoungGen: 163089K(163840K)->0K(163840K) Eden: 152561K(153088K)->0K(153088K) From: 10528K(10752K)->0K(10752K)
[2026-03-22T19:49:59.879+0900][3.392s][info][gc,heap        ] GC(161) ParOldGen: 291999K(349696K)->103430K(349696K)
[2026-03-22T19:49:59.879+0900][3.392s][info][gc,metaspace   ] GC(161) Metaspace: 340K(512K)->340K(512K) NonClass: 322K(384K)->322K(384K) Class: 17K(128K)->17K(128K)
[2026-03-22T19:49:59.879+0900][3.392s][info][gc             ] GC(161) Pause Full (Ergonomics) 444M->101M(501M) 7.833ms
[2026-03-22T19:49:59.879+0900][3.392s][info][gc,cpu         ] GC(161) User=0.00s Sys=0.00s Real=0.01s
[2026-03-22T19:49:59.894+0900][3.406s][info][gc,start       ] GC(162) Pause Young (Allocation Failure)
[2026-03-22T19:49:59.898+0900][3.411s][info][gc,heap        ] GC(162) PSYoungGen: 152561K(163840K)->10528K(163840K) Eden: 152561K(153088K)->0K(153088K) From: 0K(10752K)->10528K(10752K)
[2026-03-22T19:49:59.898+0900][3.411s][info][gc,heap        ] GC(162) ParOldGen: 103430K(349696K)->197639K(349696K)
[2026-03-22T19:49:59.898+0900][3.411s][info][gc,metaspace   ] GC(162) Metaspace: 340K(512K)->340K(512K) NonClass: 322K(384K)->322K(384K) Class: 17K(128K)->17K(128K)
[2026-03-22T19:49:59.898+0900][3.411s][info][gc             ] GC(162) Pause Young (Allocation Failure) 249M->203M(501M) 4.205ms
[2026-03-22T19:49:59.898+0900][3.411s][info][gc,cpu         ] GC(162) User=0.00s Sys=0.00s Real=0.00s
[2026-03-22T19:49:59.912+0900][3.425s][info][gc,start       ] GC(163) Pause Young (Allocation Failure)
[2026-03-22T19:49:59.916+0900][3.429s][info][gc,heap        ] GC(163) PSYoungGen: 163089K(163840K)->10560K(163840K) Eden: 152561K(153088K)->0K(153088K) From: 10528K(10752K)->10560K(10752K)
[2026-03-22T19:49:59.916+0900][3.429s][info][gc,heap        ] GC(163) ParOldGen: 197639K(349696K)->291999K(349696K)
[2026-03-22T19:49:59.916+0900][3.429s][info][gc,metaspace   ] GC(163) Metaspace: 340K(512K)->340K(512K) NonClass: 322K(384K)->322K(384K) Class: 17K(128K)->17K(128K)
[2026-03-22T19:49:59.916+0900][3.429s][info][gc             ] GC(163) Pause Young (Allocation Failure) 352M->295M(501M) 4.192ms
[2026-03-22T19:49:59.916+0900][3.429s][info][gc,cpu         ] GC(163) User=0.08s Sys=0.00s Real=0.00s
[2026-03-22T19:49:59.931+0900][3.444s][info][gc,start       ] GC(164) Pause Full (Ergonomics)
[2026-03-22T19:49:59.931+0900][3.444s][info][gc,phases,start] GC(164) Marking Phase
[2026-03-22T19:49:59.932+0900][3.445s][info][gc,phases      ] GC(164) Marking Phase 1.055ms
[2026-03-22T19:49:59.932+0900][3.445s][info][gc,phases,start] GC(164) Summary Phase
[2026-03-22T19:49:59.932+0900][3.445s][info][gc,phases      ] GC(164) Summary Phase 0.020ms
[2026-03-22T19:49:59.932+0900][3.445s][info][gc,phases,start] GC(164) Adjust Roots
[2026-03-22T19:49:59.932+0900][3.445s][info][gc,phases      ] GC(164) Adjust Roots 0.195ms
[2026-03-22T19:49:59.932+0900][3.445s][info][gc,phases,start] GC(164) Compaction Phase
[2026-03-22T19:49:59.937+0900][3.450s][info][gc,phases      ] GC(164) Compaction Phase 5.035ms
[2026-03-22T19:49:59.937+0900][3.450s][info][gc,phases,start] GC(164) Post Compact
[2026-03-22T19:49:59.938+0900][3.451s][info][gc,phases      ] GC(164) Post Compact 1.273ms
[2026-03-22T19:49:59.938+0900][3.452s][info][gc,heap        ] GC(164) PSYoungGen: 163121K(163840K)->0K(163840K) Eden: 152561K(153088K)->0K(153088K) From: 10560K(10752K)->0K(10752K)
[2026-03-22T19:49:59.938+0900][3.452s][info][gc,heap        ] GC(164) ParOldGen: 291999K(349696K)->103430K(349696K)
[2026-03-22T19:49:59.938+0900][3.452s][info][gc,metaspace   ] GC(164) Metaspace: 340K(512K)->340K(512K) NonClass: 322K(384K)->322K(384K) Class: 17K(128K)->17K(128K)
[2026-03-22T19:49:59.938+0900][3.452s][info][gc             ] GC(164) Pause Full (Ergonomics) 444M->101M(501M) 7.869ms
[2026-03-22T19:49:59.938+0900][3.452s][info][gc,cpu         ] GC(164) User=0.09s Sys=0.00s Real=0.01s
[2026-03-22T19:49:59.952+0900][3.465s][info][gc,start       ] GC(165) Pause Young (Allocation Failure)
[2026-03-22T19:49:59.956+0900][3.469s][info][gc,heap        ] GC(165) PSYoungGen: 152561K(163840K)->10560K(163840K) Eden: 152561K(153088K)->0K(153088K) From: 0K(10752K)->10560K(10752K)
[2026-03-22T19:49:59.956+0900][3.469s][info][gc,heap        ] GC(165) ParOldGen: 103430K(349696K)->197639K(349696K)
[2026-03-22T19:49:59.956+0900][3.469s][info][gc,metaspace   ] GC(165) Metaspace: 340K(512K)->340K(512K) NonClass: 322K(384K)->322K(384K) Class: 17K(128K)->17K(128K)
[2026-03-22T19:49:59.956+0900][3.469s][info][gc             ] GC(165) Pause Young (Allocation Failure) 249M->203M(501M) 4.163ms
[2026-03-22T19:49:59.956+0900][3.469s][info][gc,cpu         ] GC(165) User=0.00s Sys=0.00s Real=0.00s
[2026-03-22T19:49:59.970+0900][3.483s][info][gc,start       ] GC(166) Pause Young (Allocation Failure)
[2026-03-22T19:49:59.975+0900][3.488s][info][gc,heap        ] GC(166) PSYoungGen: 163121K(163840K)->10560K(163840K) Eden: 152561K(153088K)->0K(153088K) From: 10560K(10752K)->10560K(10752K)
[2026-03-22T19:49:59.975+0900][3.488s][info][gc,heap        ] GC(166) ParOldGen: 197639K(349696K)->291999K(349696K)
[2026-03-22T19:49:59.975+0900][3.488s][info][gc,metaspace   ] GC(166) Metaspace: 340K(512K)->340K(512K) NonClass: 322K(384K)->322K(384K) Class: 17K(128K)->17K(128K)
[2026-03-22T19:49:59.975+0900][3.488s][info][gc             ] GC(166) Pause Young (Allocation Failure) 352M->295M(501M) 4.455ms
[2026-03-22T19:49:59.975+0900][3.488s][info][gc,cpu         ] GC(166) User=0.00s Sys=0.00s Real=0.00s
[2026-03-22T19:49:59.991+0900][3.503s][info][gc,start       ] GC(167) Pause Full (Ergonomics)
[2026-03-22T19:49:59.991+0900][3.504s][info][gc,phases,start] GC(167) Marking Phase
[2026-03-22T19:49:59.991+0900][3.505s][info][gc,phases      ] GC(167) Marking Phase 1.115ms
[2026-03-22T19:49:59.991+0900][3.505s][info][gc,phases,start] GC(167) Summary Phase
[2026-03-22T19:49:59.991+0900][3.505s][info][gc,phases      ] GC(167) Summary Phase 0.016ms
[2026-03-22T19:49:59.991+0900][3.505s][info][gc,phases,start] GC(167) Adjust Roots
[2026-03-22T19:49:59.991+0900][3.505s][info][gc,phases      ] GC(167) Adjust Roots 0.187ms
[2026-03-22T19:49:59.991+0900][3.505s][info][gc,phases,start] GC(167) Compaction Phase
[2026-03-22T19:49:59.998+0900][3.512s][info][gc,phases      ] GC(167) Compaction Phase 6.744ms
[2026-03-22T19:49:59.998+0900][3.512s][info][gc,phases,start] GC(167) Post Compact
[2026-03-22T19:50:00.001+0900][3.513s][info][gc,phases      ] GC(167) Post Compact 1.431ms
[2026-03-22T19:50:00.001+0900][3.513s][info][gc,heap        ] GC(167) PSYoungGen: 163121K(163840K)->0K(163840K) Eden: 152561K(153088K)->0K(153088K) From: 10560K(10752K)->0K(10752K)
[2026-03-22T19:50:00.001+0900][3.513s][info][gc,heap        ] GC(167) ParOldGen: 291999K(349696K)->103430K(349696K)
[2026-03-22T19:50:00.001+0900][3.513s][info][gc,metaspace   ] GC(167) Metaspace: 340K(512K)->340K(512K) NonClass: 322K(384K)->322K(384K) Class: 17K(128K)->17K(128K)
[2026-03-22T19:50:00.001+0900][3.513s][info][gc             ] GC(167) Pause Full (Ergonomics) 444M->101M(501M) 9.765ms
[2026-03-22T19:50:00.001+0900][3.513s][info][gc,cpu         ] GC(167) User=0.08s Sys=0.00s Real=0.01s
[2026-03-22T19:50:00.015+0900][3.528s][info][gc,start       ] GC(168) Pause Young (Allocation Failure)
[2026-03-22T19:50:00.019+0900][3.532s][info][gc,heap        ] GC(168) PSYoungGen: 152561K(163840K)->10560K(163840K) Eden: 152561K(153088K)->0K(153088K) From: 0K(10752K)->10560K(10752K)
[2026-03-22T19:50:00.019+0900][3.532s][info][gc,heap        ] GC(168) ParOldGen: 103430K(349696K)->197639K(349696K)
[2026-03-22T19:50:00.019+0900][3.532s][info][gc,metaspace   ] GC(168) Metaspace: 340K(512K)->340K(512K) NonClass: 322K(384K)->322K(384K) Class: 17K(128K)->17K(128K)
[2026-03-22T19:50:00.019+0900][3.532s][info][gc             ] GC(168) Pause Young (Allocation Failure) 249M->203M(501M) 4.221ms
[2026-03-22T19:50:00.019+0900][3.532s][info][gc,cpu         ] GC(168) User=0.00s Sys=0.00s Real=0.00s
[2026-03-22T19:50:00.034+0900][3.547s][info][gc,start       ] GC(169) Pause Young (Allocation Failure)
[2026-03-22T19:50:00.038+0900][3.551s][info][gc,heap        ] GC(169) PSYoungGen: 163121K(163840K)->10528K(163840K) Eden: 152561K(153088K)->0K(153088K) From: 10560K(10752K)->10528K(10752K)
[2026-03-22T19:50:00.038+0900][3.551s][info][gc,heap        ] GC(169) ParOldGen: 197639K(349696K)->291999K(349696K)
[2026-03-22T19:50:00.038+0900][3.551s][info][gc,metaspace   ] GC(169) Metaspace: 340K(512K)->340K(512K) NonClass: 322K(384K)->322K(384K) Class: 17K(128K)->17K(128K)
[2026-03-22T19:50:00.038+0900][3.551s][info][gc             ] GC(169) Pause Young (Allocation Failure) 352M->295M(501M) 4.418ms
[2026-03-22T19:50:00.038+0900][3.551s][info][gc,cpu         ] GC(169) User=0.00s Sys=0.00s Real=0.00s
[2026-03-22T19:50:00.053+0900][3.565s][info][gc,start       ] GC(170) Pause Full (Ergonomics)
[2026-03-22T19:50:00.053+0900][3.565s][info][gc,phases,start] GC(170) Marking Phase
[2026-03-22T19:50:00.054+0900][3.566s][info][gc,phases      ] GC(170) Marking Phase 1.138ms
[2026-03-22T19:50:00.054+0900][3.566s][info][gc,phases,start] GC(170) Summary Phase
[2026-03-22T19:50:00.054+0900][3.566s][info][gc,phases      ] GC(170) Summary Phase 0.012ms
[2026-03-22T19:50:00.054+0900][3.566s][info][gc,phases,start] GC(170) Adjust Roots
[2026-03-22T19:50:00.054+0900][3.567s][info][gc,phases      ] GC(170) Adjust Roots 0.249ms
[2026-03-22T19:50:00.054+0900][3.567s][info][gc,phases,start] GC(170) Compaction Phase
[2026-03-22T19:50:00.059+0900][3.572s][info][gc,phases      ] GC(170) Compaction Phase 5.030ms
[2026-03-22T19:50:00.059+0900][3.572s][info][gc,phases,start] GC(170) Post Compact
[2026-03-22T19:50:00.061+0900][3.573s][info][gc,phases      ] GC(170) Post Compact 1.391ms
[2026-03-22T19:50:00.061+0900][3.573s][info][gc,heap        ] GC(170) PSYoungGen: 163089K(163840K)->0K(163840K) Eden: 152561K(153088K)->0K(153088K) From: 10528K(10752K)->0K(10752K)
[2026-03-22T19:50:00.061+0900][3.573s][info][gc,heap        ] GC(170) ParOldGen: 291999K(349696K)->103430K(349696K)
[2026-03-22T19:50:00.061+0900][3.573s][info][gc,metaspace   ] GC(170) Metaspace: 340K(512K)->340K(512K) NonClass: 322K(384K)->322K(384K) Class: 17K(128K)->17K(128K)
[2026-03-22T19:50:00.061+0900][3.573s][info][gc             ] GC(170) Pause Full (Ergonomics) 444M->101M(501M) 8.080ms
[2026-03-22T19:50:00.061+0900][3.573s][info][gc,cpu         ] GC(170) User=0.09s Sys=0.00s Real=0.01s
[2026-03-22T19:50:00.075+0900][3.587s][info][gc,start       ] GC(171) Pause Young (Allocation Failure)
[2026-03-22T19:50:00.079+0900][3.591s][info][gc,heap        ] GC(171) PSYoungGen: 152561K(163840K)->10560K(163840K) Eden: 152561K(153088K)->0K(153088K) From: 0K(10752K)->10560K(10752K)
[2026-03-22T19:50:00.079+0900][3.592s][info][gc,heap        ] GC(171) ParOldGen: 103430K(349696K)->197639K(349696K)
[2026-03-22T19:50:00.079+0900][3.592s][info][gc,metaspace   ] GC(171) Metaspace: 340K(512K)->340K(512K) NonClass: 322K(384K)->322K(384K) Class: 17K(128K)->17K(128K)
[2026-03-22T19:50:00.079+0900][3.592s][info][gc             ] GC(171) Pause Young (Allocation Failure) 249M->203M(501M) 4.259ms
[2026-03-22T19:50:00.079+0900][3.592s][info][gc,cpu         ] GC(171) User=0.00s Sys=0.00s Real=0.00s
[2026-03-22T19:50:00.093+0900][3.606s][info][gc,start       ] GC(172) Pause Young (Allocation Failure)
[2026-03-22T19:50:00.097+0900][3.610s][info][gc,heap        ] GC(172) PSYoungGen: 163121K(163840K)->10528K(163840K) Eden: 152561K(153088K)->0K(153088K) From: 10560K(10752K)->10528K(10752K)
[2026-03-22T19:50:00.097+0900][3.610s][info][gc,heap        ] GC(172) ParOldGen: 197639K(349696K)->291999K(349696K)
[2026-03-22T19:50:00.097+0900][3.610s][info][gc,metaspace   ] GC(172) Metaspace: 340K(512K)->340K(512K) NonClass: 322K(384K)->322K(384K) Class: 17K(128K)->17K(128K)
[2026-03-22T19:50:00.097+0900][3.610s][info][gc             ] GC(172) Pause Young (Allocation Failure) 352M->295M(501M) 4.217ms
[2026-03-22T19:50:00.097+0900][3.610s][info][gc,cpu         ] GC(172) User=0.00s Sys=0.00s Real=0.00s
[2026-03-22T19:50:00.111+0900][3.624s][info][gc,start       ] GC(173) Pause Full (Ergonomics)
[2026-03-22T19:50:00.111+0900][3.624s][info][gc,phases,start] GC(173) Marking Phase
[2026-03-22T19:50:00.113+0900][3.625s][info][gc,phases      ] GC(173) Marking Phase 1.117ms
[2026-03-22T19:50:00.113+0900][3.625s][info][gc,phases,start] GC(173) Summary Phase
[2026-03-22T19:50:00.113+0900][3.625s][info][gc,phases      ] GC(173) Summary Phase 0.013ms
[2026-03-22T19:50:00.113+0900][3.625s][info][gc,phases,start] GC(173) Adjust Roots
[2026-03-22T19:50:00.113+0900][3.625s][info][gc,phases      ] GC(173) Adjust Roots 0.191ms
[2026-03-22T19:50:00.113+0900][3.625s][info][gc,phases,start] GC(173) Compaction Phase
[2026-03-22T19:50:00.116+0900][3.630s][info][gc,phases      ] GC(173) Compaction Phase 4.533ms
[2026-03-22T19:50:00.116+0900][3.630s][info][gc,phases,start] GC(173) Post Compact
[2026-03-22T19:50:00.119+0900][3.632s][info][gc,phases      ] GC(173) Post Compact 1.870ms
[2026-03-22T19:50:00.119+0900][3.632s][info][gc,heap        ] GC(173) PSYoungGen: 163089K(163840K)->0K(163840K) Eden: 152561K(153088K)->0K(153088K) From: 10528K(10752K)->0K(10752K)
[2026-03-22T19:50:00.119+0900][3.632s][info][gc,heap        ] GC(173) ParOldGen: 291999K(349696K)->103430K(349696K)
[2026-03-22T19:50:00.119+0900][3.632s][info][gc,metaspace   ] GC(173) Metaspace: 340K(512K)->340K(512K) NonClass: 322K(384K)->322K(384K) Class: 17K(128K)->17K(128K)
[2026-03-22T19:50:00.119+0900][3.632s][info][gc             ] GC(173) Pause Full (Ergonomics) 444M->101M(501M) 7.965ms
[2026-03-22T19:50:00.119+0900][3.632s][info][gc,cpu         ] GC(173) User=0.00s Sys=0.00s Real=0.01s
[2026-03-22T19:50:00.135+0900][3.648s][info][gc,start       ] GC(174) Pause Young (Allocation Failure)
[2026-03-22T19:50:00.139+0900][3.652s][info][gc,heap        ] GC(174) PSYoungGen: 152561K(163840K)->10528K(163840K) Eden: 152561K(153088K)->0K(153088K) From: 0K(10752K)->10528K(10752K)
[2026-03-22T19:50:00.139+0900][3.652s][info][gc,heap        ] GC(174) ParOldGen: 103430K(349696K)->197639K(349696K)
[2026-03-22T19:50:00.139+0900][3.652s][info][gc,metaspace   ] GC(174) Metaspace: 340K(512K)->340K(512K) NonClass: 322K(384K)->322K(384K) Class: 17K(128K)->17K(128K)
[2026-03-22T19:50:00.139+0900][3.652s][info][gc             ] GC(174) Pause Young (Allocation Failure) 249M->203M(501M) 4.796ms
[2026-03-22T19:50:00.139+0900][3.652s][info][gc,cpu         ] GC(174) User=0.00s Sys=0.00s Real=0.00s
[2026-03-22T19:50:00.154+0900][3.667s][info][gc,start       ] GC(175) Pause Young (Allocation Failure)
[2026-03-22T19:50:00.158+0900][3.671s][info][gc,heap        ] GC(175) PSYoungGen: 163089K(163840K)->10528K(163840K) Eden: 152561K(153088K)->0K(153088K) From: 10528K(10752K)->10528K(10752K)
[2026-03-22T19:50:00.158+0900][3.671s][info][gc,heap        ] GC(175) ParOldGen: 197639K(349696K)->291999K(349696K)
[2026-03-22T19:50:00.158+0900][3.671s][info][gc,metaspace   ] GC(175) Metaspace: 340K(512K)->340K(512K) NonClass: 322K(384K)->322K(384K) Class: 17K(128K)->17K(128K)
[2026-03-22T19:50:00.158+0900][3.671s][info][gc             ] GC(175) Pause Young (Allocation Failure) 352M->295M(501M) 4.515ms
[2026-03-22T19:50:00.158+0900][3.671s][info][gc,cpu         ] GC(175) User=0.00s Sys=0.00s Real=0.00s
[2026-03-22T19:50:00.172+0900][3.685s][info][gc,start       ] GC(176) Pause Full (Ergonomics)
[2026-03-22T19:50:00.172+0900][3.685s][info][gc,phases,start] GC(176) Marking Phase
[2026-03-22T19:50:00.173+0900][3.686s][info][gc,phases      ] GC(176) Marking Phase 1.113ms
[2026-03-22T19:50:00.173+0900][3.686s][info][gc,phases,start] GC(176) Summary Phase
[2026-03-22T19:50:00.173+0900][3.686s][info][gc,phases      ] GC(176) Summary Phase 0.015ms
[2026-03-22T19:50:00.173+0900][3.686s][info][gc,phases,start] GC(176) Adjust Roots
[2026-03-22T19:50:00.173+0900][3.687s][info][gc,phases      ] GC(176) Adjust Roots 0.191ms
[2026-03-22T19:50:00.173+0900][3.687s][info][gc,phases,start] GC(176) Compaction Phase
[2026-03-22T19:50:00.178+0900][3.691s][info][gc,phases      ] GC(176) Compaction Phase 4.505ms
[2026-03-22T19:50:00.178+0900][3.691s][info][gc,phases,start] GC(176) Post Compact
[2026-03-22T19:50:00.179+0900][3.693s][info][gc,phases      ] GC(176) Post Compact 1.351ms
[2026-03-22T19:50:00.179+0900][3.693s][info][gc,heap        ] GC(176) PSYoungGen: 163089K(163840K)->0K(163840K) Eden: 152561K(153088K)->0K(153088K) From: 10528K(10752K)->0K(10752K)
[2026-03-22T19:50:00.179+0900][3.693s][info][gc,heap        ] GC(176) ParOldGen: 291999K(349696K)->103430K(349696K)
[2026-03-22T19:50:00.179+0900][3.693s][info][gc,metaspace   ] GC(176) Metaspace: 340K(512K)->340K(512K) NonClass: 322K(384K)->322K(384K) Class: 17K(128K)->17K(128K)
[2026-03-22T19:50:00.179+0900][3.693s][info][gc             ] GC(176) Pause Full (Ergonomics) 444M->101M(501M) 7.375ms
[2026-03-22T19:50:00.179+0900][3.693s][info][gc,cpu         ] GC(176) User=0.00s Sys=0.00s Real=0.01s
[2026-03-22T19:50:00.194+0900][3.707s][info][gc,start       ] GC(177) Pause Young (Allocation Failure)
[2026-03-22T19:50:00.198+0900][3.711s][info][gc,heap        ] GC(177) PSYoungGen: 152561K(163840K)->10528K(163840K) Eden: 152561K(153088K)->0K(153088K) From: 0K(10752K)->10528K(10752K)
[2026-03-22T19:50:00.198+0900][3.711s][info][gc,heap        ] GC(177) ParOldGen: 103430K(349696K)->197639K(349696K)
[2026-03-22T19:50:00.198+0900][3.711s][info][gc,metaspace   ] GC(177) Metaspace: 340K(512K)->340K(512K) NonClass: 322K(384K)->322K(384K) Class: 17K(128K)->17K(128K)
[2026-03-22T19:50:00.198+0900][3.711s][info][gc             ] GC(177) Pause Young (Allocation Failure) 249M->203M(501M) 4.099ms
[2026-03-22T19:50:00.198+0900][3.711s][info][gc,cpu         ] GC(177) User=0.09s Sys=0.00s Real=0.00s
[2026-03-22T19:50:00.211+0900][3.724s][info][gc,start       ] GC(178) Pause Young (Allocation Failure)
[2026-03-22T19:50:00.215+0900][3.728s][info][gc,heap        ] GC(178) PSYoungGen: 163089K(163840K)->10528K(163840K) Eden: 152561K(153088K)->0K(153088K) From: 10528K(10752K)->10528K(10752K)
[2026-03-22T19:50:00.215+0900][3.728s][info][gc,heap        ] GC(178) ParOldGen: 197639K(349696K)->291999K(349696K)
[2026-03-22T19:50:00.215+0900][3.728s][info][gc,metaspace   ] GC(178) Metaspace: 340K(512K)->340K(512K) NonClass: 322K(384K)->322K(384K) Class: 17K(128K)->17K(128K)
[2026-03-22T19:50:00.215+0900][3.728s][info][gc             ] GC(178) Pause Young (Allocation Failure) 352M->295M(501M) 4.097ms
[2026-03-22T19:50:00.215+0900][3.728s][info][gc,cpu         ] GC(178) User=0.09s Sys=0.00s Real=0.00s
[2026-03-22T19:50:00.230+0900][3.743s][info][gc,start       ] GC(179) Pause Full (Ergonomics)
[2026-03-22T19:50:00.230+0900][3.743s][info][gc,phases,start] GC(179) Marking Phase
[2026-03-22T19:50:00.231+0900][3.744s][info][gc,phases      ] GC(179) Marking Phase 0.961ms
[2026-03-22T19:50:00.231+0900][3.744s][info][gc,phases,start] GC(179) Summary Phase
[2026-03-22T19:50:00.231+0900][3.744s][info][gc,phases      ] GC(179) Summary Phase 0.015ms
[2026-03-22T19:50:00.231+0900][3.744s][info][gc,phases,start] GC(179) Adjust Roots
[2026-03-22T19:50:00.231+0900][3.744s][info][gc,phases      ] GC(179) Adjust Roots 0.368ms
[2026-03-22T19:50:00.231+0900][3.744s][info][gc,phases,start] GC(179) Compaction Phase
[2026-03-22T19:50:00.237+0900][3.749s][info][gc,phases      ] GC(179) Compaction Phase 5.196ms
[2026-03-22T19:50:00.237+0900][3.749s][info][gc,phases,start] GC(179) Post Compact
[2026-03-22T19:50:00.238+0900][3.751s][info][gc,phases      ] GC(179) Post Compact 1.369ms
[2026-03-22T19:50:00.238+0900][3.751s][info][gc,heap        ] GC(179) PSYoungGen: 163089K(163840K)->0K(163840K) Eden: 152561K(153088K)->0K(153088K) From: 10528K(10752K)->0K(10752K)
[2026-03-22T19:50:00.238+0900][3.751s][info][gc,heap        ] GC(179) ParOldGen: 291999K(349696K)->103430K(349696K)
[2026-03-22T19:50:00.238+0900][3.751s][info][gc,metaspace   ] GC(179) Metaspace: 340K(512K)->340K(512K) NonClass: 322K(384K)->322K(384K) Class: 17K(128K)->17K(128K)
[2026-03-22T19:50:00.238+0900][3.751s][info][gc             ] GC(179) Pause Full (Ergonomics) 444M->101M(501M) 8.209ms
[2026-03-22T19:50:00.238+0900][3.751s][info][gc,cpu         ] GC(179) User=0.00s Sys=0.00s Real=0.01s
[2026-03-22T19:50:00.252+0900][3.765s][info][gc,start       ] GC(180) Pause Young (Allocation Failure)
[2026-03-22T19:50:00.256+0900][3.769s][info][gc,heap        ] GC(180) PSYoungGen: 152561K(163840K)->10560K(163840K) Eden: 152561K(153088K)->0K(153088K) From: 0K(10752K)->10560K(10752K)
[2026-03-22T19:50:00.256+0900][3.769s][info][gc,heap        ] GC(180) ParOldGen: 103430K(349696K)->197639K(349696K)
[2026-03-22T19:50:00.256+0900][3.769s][info][gc,metaspace   ] GC(180) Metaspace: 340K(512K)->340K(512K) NonClass: 322K(384K)->322K(384K) Class: 17K(128K)->17K(128K)
[2026-03-22T19:50:00.256+0900][3.769s][info][gc             ] GC(180) Pause Young (Allocation Failure) 249M->203M(501M) 4.304ms
[2026-03-22T19:50:00.256+0900][3.769s][info][gc,cpu         ] GC(180) User=0.00s Sys=0.00s Real=0.00s
[2026-03-22T19:50:00.270+0900][3.783s][info][gc,start       ] GC(181) Pause Young (Allocation Failure)
[2026-03-22T19:50:00.274+0900][3.787s][info][gc,heap        ] GC(181) PSYoungGen: 163121K(163840K)->10528K(163840K) Eden: 152561K(153088K)->0K(153088K) From: 10560K(10752K)->10528K(10752K)
[2026-03-22T19:50:00.274+0900][3.787s][info][gc,heap        ] GC(181) ParOldGen: 197639K(349696K)->291999K(349696K)
[2026-03-22T19:50:00.274+0900][3.787s][info][gc,metaspace   ] GC(181) Metaspace: 340K(512K)->340K(512K) NonClass: 322K(384K)->322K(384K) Class: 17K(128K)->17K(128K)
[2026-03-22T19:50:00.274+0900][3.787s][info][gc             ] GC(181) Pause Young (Allocation Failure) 352M->295M(501M) 4.222ms
[2026-03-22T19:50:00.274+0900][3.787s][info][gc,cpu         ] GC(181) User=0.00s Sys=0.00s Real=0.00s
[2026-03-22T19:50:00.288+0900][3.801s][info][gc,start       ] GC(182) Pause Full (Ergonomics)
[2026-03-22T19:50:00.288+0900][3.801s][info][gc,phases,start] GC(182) Marking Phase
[2026-03-22T19:50:00.289+0900][3.802s][info][gc,phases      ] GC(182) Marking Phase 1.058ms
[2026-03-22T19:50:00.289+0900][3.802s][info][gc,phases,start] GC(182) Summary Phase
[2026-03-22T19:50:00.289+0900][3.802s][info][gc,phases      ] GC(182) Summary Phase 0.013ms
[2026-03-22T19:50:00.289+0900][3.802s][info][gc,phases,start] GC(182) Adjust Roots
[2026-03-22T19:50:00.289+0900][3.802s][info][gc,phases      ] GC(182) Adjust Roots 0.193ms
[2026-03-22T19:50:00.289+0900][3.802s][info][gc,phases,start] GC(182) Compaction Phase
[2026-03-22T19:50:00.296+0900][3.809s][info][gc,phases      ] GC(182) Compaction Phase 6.322ms
[2026-03-22T19:50:00.296+0900][3.809s][info][gc,phases,start] GC(182) Post Compact
[2026-03-22T19:50:00.297+0900][3.810s][info][gc,phases      ] GC(182) Post Compact 1.333ms
[2026-03-22T19:50:00.297+0900][3.810s][info][gc,heap        ] GC(182) PSYoungGen: 163089K(163840K)->0K(163840K) Eden: 152561K(153088K)->0K(153088K) From: 10528K(10752K)->0K(10752K)
[2026-03-22T19:50:00.297+0900][3.810s][info][gc,heap        ] GC(182) ParOldGen: 291999K(349696K)->103430K(349696K)
[2026-03-22T19:50:00.297+0900][3.810s][info][gc,metaspace   ] GC(182) Metaspace: 340K(512K)->340K(512K) NonClass: 322K(384K)->322K(384K) Class: 17K(128K)->17K(128K)
[2026-03-22T19:50:00.297+0900][3.810s][info][gc             ] GC(182) Pause Full (Ergonomics) 444M->101M(501M) 9.282ms
[2026-03-22T19:50:00.297+0900][3.810s][info][gc,cpu         ] GC(182) User=0.08s Sys=0.00s Real=0.01s
[2026-03-22T19:50:00.311+0900][3.824s][info][gc,start       ] GC(183) Pause Young (Allocation Failure)
[2026-03-22T19:50:00.316+0900][3.829s][info][gc,heap        ] GC(183) PSYoungGen: 152561K(163840K)->10528K(163840K) Eden: 152561K(153088K)->0K(153088K) From: 0K(10752K)->10528K(10752K)
[2026-03-22T19:50:00.316+0900][3.829s][info][gc,heap        ] GC(183) ParOldGen: 103430K(349696K)->197639K(349696K)
[2026-03-22T19:50:00.316+0900][3.829s][info][gc,metaspace   ] GC(183) Metaspace: 340K(512K)->340K(512K) NonClass: 322K(384K)->322K(384K) Class: 17K(128K)->17K(128K)
[2026-03-22T19:50:00.316+0900][3.829s][info][gc             ] GC(183) Pause Young (Allocation Failure) 249M->203M(501M) 4.208ms
[2026-03-22T19:50:00.316+0900][3.829s][info][gc,cpu         ] GC(183) User=0.00s Sys=0.00s Real=0.00s
[2026-03-22T19:50:00.330+0900][3.843s][info][gc,start       ] GC(184) Pause Young (Allocation Failure)
[2026-03-22T19:50:00.334+0900][3.847s][info][gc,heap        ] GC(184) PSYoungGen: 163089K(163840K)->10528K(163840K) Eden: 152561K(153088K)->0K(153088K) From: 10528K(10752K)->10528K(10752K)
[2026-03-22T19:50:00.334+0900][3.847s][info][gc,heap        ] GC(184) ParOldGen: 197639K(349696K)->291999K(349696K)
[2026-03-22T19:50:00.334+0900][3.847s][info][gc,metaspace   ] GC(184) Metaspace: 340K(512K)->340K(512K) NonClass: 322K(384K)->322K(384K) Class: 17K(128K)->17K(128K)
[2026-03-22T19:50:00.334+0900][3.847s][info][gc             ] GC(184) Pause Young (Allocation Failure) 352M->295M(501M) 3.999ms
[2026-03-22T19:50:00.334+0900][3.847s][info][gc,cpu         ] GC(184) User=0.00s Sys=0.00s Real=0.00s
[2026-03-22T19:50:00.348+0900][3.861s][info][gc,start       ] GC(185) Pause Full (Ergonomics)
[2026-03-22T19:50:00.348+0900][3.861s][info][gc,phases,start] GC(185) Marking Phase
[2026-03-22T19:50:00.349+0900][3.862s][info][gc,phases      ] GC(185) Marking Phase 0.919ms
[2026-03-22T19:50:00.349+0900][3.862s][info][gc,phases,start] GC(185) Summary Phase
[2026-03-22T19:50:00.349+0900][3.862s][info][gc,phases      ] GC(185) Summary Phase 0.014ms
[2026-03-22T19:50:00.349+0900][3.862s][info][gc,phases,start] GC(185) Adjust Roots
[2026-03-22T19:50:00.349+0900][3.862s][info][gc,phases      ] GC(185) Adjust Roots 0.245ms
[2026-03-22T19:50:00.349+0900][3.862s][info][gc,phases,start] GC(185) Compaction Phase
[2026-03-22T19:50:00.354+0900][3.867s][info][gc,phases      ] GC(185) Compaction Phase 5.274ms
[2026-03-22T19:50:00.354+0900][3.867s][info][gc,phases,start] GC(185) Post Compact
[2026-03-22T19:50:00.356+0900][3.869s][info][gc,phases      ] GC(185) Post Compact 1.777ms
[2026-03-22T19:50:00.356+0900][3.869s][info][gc,heap        ] GC(185) PSYoungGen: 163089K(163840K)->0K(163840K) Eden: 152561K(153088K)->0K(153088K) From: 10528K(10752K)->0K(10752K)
[2026-03-22T19:50:00.356+0900][3.869s][info][gc,heap        ] GC(185) ParOldGen: 291999K(349696K)->103430K(349696K)
[2026-03-22T19:50:00.356+0900][3.869s][info][gc,metaspace   ] GC(185) Metaspace: 340K(512K)->340K(512K) NonClass: 322K(384K)->322K(384K) Class: 17K(128K)->17K(128K)
[2026-03-22T19:50:00.356+0900][3.869s][info][gc             ] GC(185) Pause Full (Ergonomics) 444M->101M(501M) 8.513ms
[2026-03-22T19:50:00.356+0900][3.869s][info][gc,cpu         ] GC(185) User=0.06s Sys=0.02s Real=0.01s
[2026-03-22T19:50:00.370+0900][3.883s][info][gc,start       ] GC(186) Pause Young (Allocation Failure)
[2026-03-22T19:50:00.374+0900][3.887s][info][gc,heap        ] GC(186) PSYoungGen: 152561K(163840K)->10560K(163840K) Eden: 152561K(153088K)->0K(153088K) From: 0K(10752K)->10560K(10752K)
[2026-03-22T19:50:00.374+0900][3.887s][info][gc,heap        ] GC(186) ParOldGen: 103430K(349696K)->197639K(349696K)
[2026-03-22T19:50:00.374+0900][3.888s][info][gc,metaspace   ] GC(186) Metaspace: 340K(512K)->340K(512K) NonClass: 322K(384K)->322K(384K) Class: 17K(128K)->17K(128K)
[2026-03-22T19:50:00.374+0900][3.888s][info][gc             ] GC(186) Pause Young (Allocation Failure) 249M->203M(501M) 4.215ms
[2026-03-22T19:50:00.374+0900][3.888s][info][gc,cpu         ] GC(186) User=0.00s Sys=0.00s Real=0.00s
[2026-03-22T19:50:00.388+0900][3.901s][info][gc,start       ] GC(187) Pause Young (Allocation Failure)
[2026-03-22T19:50:00.392+0900][3.905s][info][gc,heap        ] GC(187) PSYoungGen: 163121K(163840K)->10528K(163840K) Eden: 152561K(153088K)->0K(153088K) From: 10560K(10752K)->10528K(10752K)
[2026-03-22T19:50:00.392+0900][3.905s][info][gc,heap        ] GC(187) ParOldGen: 197639K(349696K)->291999K(349696K)
[2026-03-22T19:50:00.392+0900][3.905s][info][gc,metaspace   ] GC(187) Metaspace: 340K(512K)->340K(512K) NonClass: 322K(384K)->322K(384K) Class: 17K(128K)->17K(128K)
[2026-03-22T19:50:00.392+0900][3.905s][info][gc             ] GC(187) Pause Young (Allocation Failure) 352M->295M(501M) 4.012ms
[2026-03-22T19:50:00.392+0900][3.905s][info][gc,cpu         ] GC(187) User=0.00s Sys=0.00s Real=0.00s
[2026-03-22T19:50:00.406+0900][3.919s][info][gc,start       ] GC(188) Pause Full (Ergonomics)
[2026-03-22T19:50:00.407+0900][3.919s][info][gc,phases,start] GC(188) Marking Phase
[2026-03-22T19:50:00.408+0900][3.920s][info][gc,phases      ] GC(188) Marking Phase 1.179ms
[2026-03-22T19:50:00.408+0900][3.920s][info][gc,phases,start] GC(188) Summary Phase
[2026-03-22T19:50:00.408+0900][3.920s][info][gc,phases      ] GC(188) Summary Phase 0.012ms
[2026-03-22T19:50:00.408+0900][3.920s][info][gc,phases,start] GC(188) Adjust Roots
[2026-03-22T19:50:00.408+0900][3.920s][info][gc,phases      ] GC(188) Adjust Roots 0.168ms
[2026-03-22T19:50:00.408+0900][3.921s][info][gc,phases,start] GC(188) Compaction Phase
[2026-03-22T19:50:00.413+0900][3.925s][info][gc,phases      ] GC(188) Compaction Phase 4.684ms
[2026-03-22T19:50:00.413+0900][3.925s][info][gc,phases,start] GC(188) Post Compact
[2026-03-22T19:50:00.413+0900][3.927s][info][gc,phases      ] GC(188) Post Compact 1.311ms
[2026-03-22T19:50:00.414+0900][3.927s][info][gc,heap        ] GC(188) PSYoungGen: 163089K(163840K)->0K(163840K) Eden: 152561K(153088K)->0K(153088K) From: 10528K(10752K)->0K(10752K)
[2026-03-22T19:50:00.414+0900][3.927s][info][gc,heap        ] GC(188) ParOldGen: 291999K(349696K)->103430K(349696K)
[2026-03-22T19:50:00.414+0900][3.927s][info][gc,metaspace   ] GC(188) Metaspace: 340K(512K)->340K(512K) NonClass: 322K(384K)->322K(384K) Class: 17K(128K)->17K(128K)
[2026-03-22T19:50:00.414+0900][3.927s][info][gc             ] GC(188) Pause Full (Ergonomics) 444M->101M(501M) 7.574ms
[2026-03-22T19:50:00.414+0900][3.927s][info][gc,cpu         ] GC(188) User=0.00s Sys=0.00s Real=0.01s
[2026-03-22T19:50:00.427+0900][3.940s][info][gc,start       ] GC(189) Pause Young (Allocation Failure)
[2026-03-22T19:50:00.432+0900][3.944s][info][gc,heap        ] GC(189) PSYoungGen: 152561K(163840K)->10560K(163840K) Eden: 152561K(153088K)->0K(153088K) From: 0K(10752K)->10560K(10752K)
[2026-03-22T19:50:00.432+0900][3.945s][info][gc,heap        ] GC(189) ParOldGen: 103430K(349696K)->197639K(349696K)
[2026-03-22T19:50:00.432+0900][3.945s][info][gc,metaspace   ] GC(189) Metaspace: 340K(512K)->340K(512K) NonClass: 322K(384K)->322K(384K) Class: 17K(128K)->17K(128K)
[2026-03-22T19:50:00.432+0900][3.945s][info][gc             ] GC(189) Pause Young (Allocation Failure) 249M->203M(501M) 4.115ms
[2026-03-22T19:50:00.432+0900][3.945s][info][gc,cpu         ] GC(189) User=0.00s Sys=0.00s Real=0.00s
[2026-03-22T19:50:00.446+0900][3.959s][info][gc,start       ] GC(190) Pause Young (Allocation Failure)
[2026-03-22T19:50:00.450+0900][3.963s][info][gc,heap        ] GC(190) PSYoungGen: 163121K(163840K)->10560K(163840K) Eden: 152561K(153088K)->0K(153088K) From: 10560K(10752K)->10560K(10752K)
[2026-03-22T19:50:00.450+0900][3.963s][info][gc,heap        ] GC(190) ParOldGen: 197639K(349696K)->291999K(349696K)
[2026-03-22T19:50:00.450+0900][3.963s][info][gc,metaspace   ] GC(190) Metaspace: 340K(512K)->340K(512K) NonClass: 322K(384K)->322K(384K) Class: 17K(128K)->17K(128K)
[2026-03-22T19:50:00.450+0900][3.963s][info][gc             ] GC(190) Pause Young (Allocation Failure) 352M->295M(501M) 4.591ms
[2026-03-22T19:50:00.450+0900][3.963s][info][gc,cpu         ] GC(190) User=0.09s Sys=0.00s Real=0.00s
[2026-03-22T19:50:00.465+0900][3.979s][info][gc,start       ] GC(191) Pause Full (Ergonomics)
[2026-03-22T19:50:00.465+0900][3.979s][info][gc,phases,start] GC(191) Marking Phase
[2026-03-22T19:50:00.467+0900][3.980s][info][gc,phases      ] GC(191) Marking Phase 1.287ms
[2026-03-22T19:50:00.467+0900][3.980s][info][gc,phases,start] GC(191) Summary Phase
[2026-03-22T19:50:00.467+0900][3.980s][info][gc,phases      ] GC(191) Summary Phase 0.022ms
[2026-03-22T19:50:00.467+0900][3.980s][info][gc,phases,start] GC(191) Adjust Roots
[2026-03-22T19:50:00.468+0900][3.980s][info][gc,phases      ] GC(191) Adjust Roots 0.343ms
[2026-03-22T19:50:00.468+0900][3.980s][info][gc,phases,start] GC(191) Compaction Phase
[2026-03-22T19:50:00.473+0900][3.986s][info][gc,phases      ] GC(191) Compaction Phase 5.164ms
[2026-03-22T19:50:00.473+0900][3.986s][info][gc,phases,start] GC(191) Post Compact
[2026-03-22T19:50:00.474+0900][3.987s][info][gc,phases      ] GC(191) Post Compact 1.250ms
[2026-03-22T19:50:00.474+0900][3.987s][info][gc,heap        ] GC(191) PSYoungGen: 163121K(163840K)->0K(163840K) Eden: 152561K(153088K)->0K(153088K) From: 10560K(10752K)->0K(10752K)
[2026-03-22T19:50:00.474+0900][3.987s][info][gc,heap        ] GC(191) ParOldGen: 291999K(349696K)->103430K(349696K)
[2026-03-22T19:50:00.474+0900][3.987s][info][gc,metaspace   ] GC(191) Metaspace: 340K(512K)->340K(512K) NonClass: 322K(384K)->322K(384K) Class: 17K(128K)->17K(128K)
[2026-03-22T19:50:00.474+0900][3.987s][info][gc             ] GC(191) Pause Full (Ergonomics) 444M->101M(501M) 8.299ms
[2026-03-22T19:50:00.474+0900][3.987s][info][gc,cpu         ] GC(191) User=0.00s Sys=0.00s Real=0.01s
[2026-03-22T19:50:00.487+0900][4.000s][info][gc,start       ] GC(192) Pause Young (Allocation Failure)
[2026-03-22T19:50:00.491+0900][4.004s][info][gc,heap        ] GC(192) PSYoungGen: 152561K(163840K)->10528K(163840K) Eden: 152561K(153088K)->0K(153088K) From: 0K(10752K)->10528K(10752K)
[2026-03-22T19:50:00.492+0900][4.004s][info][gc,heap        ] GC(192) ParOldGen: 103430K(349696K)->197639K(349696K)
[2026-03-22T19:50:00.492+0900][4.004s][info][gc,metaspace   ] GC(192) Metaspace: 340K(512K)->340K(512K) NonClass: 322K(384K)->322K(384K) Class: 17K(128K)->17K(128K)
[2026-03-22T19:50:00.492+0900][4.004s][info][gc             ] GC(192) Pause Young (Allocation Failure) 249M->203M(501M) 4.071ms
[2026-03-22T19:50:00.492+0900][4.005s][info][gc,cpu         ] GC(192) User=0.00s Sys=0.00s Real=0.01s
[2026-03-22T19:50:00.505+0900][4.018s][info][gc,start       ] GC(193) Pause Young (Allocation Failure)
[2026-03-22T19:50:00.509+0900][4.022s][info][gc,heap        ] GC(193) PSYoungGen: 163089K(163840K)->10528K(163840K) Eden: 152561K(153088K)->0K(153088K) From: 10528K(10752K)->10528K(10752K)
[2026-03-22T19:50:00.509+0900][4.022s][info][gc,heap        ] GC(193) ParOldGen: 197639K(349696K)->291999K(349696K)
[2026-03-22T19:50:00.509+0900][4.022s][info][gc,metaspace   ] GC(193) Metaspace: 340K(512K)->340K(512K) NonClass: 322K(384K)->322K(384K) Class: 17K(128K)->17K(128K)
[2026-03-22T19:50:00.509+0900][4.022s][info][gc             ] GC(193) Pause Young (Allocation Failure) 352M->295M(501M) 4.044ms
[2026-03-22T19:50:00.509+0900][4.022s][info][gc,cpu         ] GC(193) User=0.00s Sys=0.00s Real=0.00s
[2026-03-22T19:50:00.523+0900][4.036s][info][gc,start       ] GC(194) Pause Full (Ergonomics)
[2026-03-22T19:50:00.523+0900][4.036s][info][gc,phases,start] GC(194) Marking Phase
[2026-03-22T19:50:00.524+0900][4.037s][info][gc,phases      ] GC(194) Marking Phase 0.980ms
[2026-03-22T19:50:00.524+0900][4.037s][info][gc,phases,start] GC(194) Summary Phase
[2026-03-22T19:50:00.524+0900][4.037s][info][gc,phases      ] GC(194) Summary Phase 0.012ms
[2026-03-22T19:50:00.524+0900][4.037s][info][gc,phases,start] GC(194) Adjust Roots
[2026-03-22T19:50:00.524+0900][4.037s][info][gc,phases      ] GC(194) Adjust Roots 0.242ms
[2026-03-22T19:50:00.524+0900][4.037s][info][gc,phases,start] GC(194) Compaction Phase
[2026-03-22T19:50:00.530+0900][4.042s][info][gc,phases      ] GC(194) Compaction Phase 4.758ms
[2026-03-22T19:50:00.530+0900][4.042s][info][gc,phases,start] GC(194) Post Compact
[2026-03-22T19:50:00.531+0900][4.043s][info][gc,phases      ] GC(194) Post Compact 1.322ms
[2026-03-22T19:50:00.531+0900][4.043s][info][gc,heap        ] GC(194) PSYoungGen: 163089K(163840K)->0K(163840K) Eden: 152561K(153088K)->0K(153088K) From: 10528K(10752K)->0K(10752K)
[2026-03-22T19:50:00.531+0900][4.043s][info][gc,heap        ] GC(194) ParOldGen: 291999K(349696K)->103430K(349696K)
[2026-03-22T19:50:00.531+0900][4.043s][info][gc,metaspace   ] GC(194) Metaspace: 340K(512K)->340K(512K) NonClass: 322K(384K)->322K(384K) Class: 17K(128K)->17K(128K)
[2026-03-22T19:50:00.531+0900][4.043s][info][gc             ] GC(194) Pause Full (Ergonomics) 444M->101M(501M) 7.536ms
[2026-03-22T19:50:00.531+0900][4.043s][info][gc,cpu         ] GC(194) User=0.03s Sys=0.03s Real=0.01s
[2026-03-22T19:50:00.544+0900][4.057s][info][gc,start       ] GC(195) Pause Young (Allocation Failure)
[2026-03-22T19:50:00.548+0900][4.061s][info][gc,heap        ] GC(195) PSYoungGen: 152561K(163840K)->10528K(163840K) Eden: 152561K(153088K)->0K(153088K) From: 0K(10752K)->10528K(10752K)
[2026-03-22T19:50:00.548+0900][4.061s][info][gc,heap        ] GC(195) ParOldGen: 103430K(349696K)->197639K(349696K)
[2026-03-22T19:50:00.548+0900][4.061s][info][gc,metaspace   ] GC(195) Metaspace: 340K(512K)->340K(512K) NonClass: 322K(384K)->322K(384K) Class: 17K(128K)->17K(128K)
[2026-03-22T19:50:00.548+0900][4.061s][info][gc             ] GC(195) Pause Young (Allocation Failure) 249M->203M(501M) 4.064ms
[2026-03-22T19:50:00.548+0900][4.061s][info][gc,cpu         ] GC(195) User=0.00s Sys=0.00s Real=0.00s
[2026-03-22T19:50:00.562+0900][4.075s][info][gc,start       ] GC(196) Pause Young (Allocation Failure)
[2026-03-22T19:50:00.566+0900][4.079s][info][gc,heap        ] GC(196) PSYoungGen: 163089K(163840K)->10528K(163840K) Eden: 152561K(153088K)->0K(153088K) From: 10528K(10752K)->10528K(10752K)
[2026-03-22T19:50:00.566+0900][4.079s][info][gc,heap        ] GC(196) ParOldGen: 197639K(349696K)->291999K(349696K)
[2026-03-22T19:50:00.566+0900][4.079s][info][gc,metaspace   ] GC(196) Metaspace: 340K(512K)->340K(512K) NonClass: 322K(384K)->322K(384K) Class: 17K(128K)->17K(128K)
[2026-03-22T19:50:00.566+0900][4.079s][info][gc             ] GC(196) Pause Young (Allocation Failure) 352M->295M(501M) 4.143ms
[2026-03-22T19:50:00.566+0900][4.079s][info][gc,cpu         ] GC(196) User=0.00s Sys=0.00s Real=0.00s
[2026-03-22T19:50:00.580+0900][4.093s][info][gc,start       ] GC(197) Pause Full (Ergonomics)
[2026-03-22T19:50:00.580+0900][4.093s][info][gc,phases,start] GC(197) Marking Phase
[2026-03-22T19:50:00.581+0900][4.095s][info][gc,phases      ] GC(197) Marking Phase 1.237ms
[2026-03-22T19:50:00.581+0900][4.095s][info][gc,phases,start] GC(197) Summary Phase
[2026-03-22T19:50:00.581+0900][4.095s][info][gc,phases      ] GC(197) Summary Phase 0.011ms
[2026-03-22T19:50:00.581+0900][4.095s][info][gc,phases,start] GC(197) Adjust Roots
[2026-03-22T19:50:00.582+0900][4.095s][info][gc,phases      ] GC(197) Adjust Roots 0.168ms
[2026-03-22T19:50:00.582+0900][4.095s][info][gc,phases,start] GC(197) Compaction Phase
[2026-03-22T19:50:00.587+0900][4.100s][info][gc,phases      ] GC(197) Compaction Phase 5.560ms
[2026-03-22T19:50:00.587+0900][4.100s][info][gc,phases,start] GC(197) Post Compact
[2026-03-22T19:50:00.589+0900][4.102s][info][gc,phases      ] GC(197) Post Compact 1.399ms
[2026-03-22T19:50:00.589+0900][4.102s][info][gc,heap        ] GC(197) PSYoungGen: 163089K(163840K)->0K(163840K) Eden: 152561K(153088K)->0K(153088K) From: 10528K(10752K)->0K(10752K)
[2026-03-22T19:50:00.589+0900][4.102s][info][gc,heap        ] GC(197) ParOldGen: 291999K(349696K)->103195K(349696K)
[2026-03-22T19:50:00.589+0900][4.102s][info][gc,metaspace   ] GC(197) Metaspace: 340K(512K)->340K(512K) NonClass: 322K(384K)->322K(384K) Class: 17K(128K)->17K(128K)
[2026-03-22T19:50:00.589+0900][4.102s][info][gc             ] GC(197) Pause Full (Ergonomics) 444M->100M(501M) 8.669ms
[2026-03-22T19:50:00.589+0900][4.102s][info][gc,cpu         ] GC(197) User=0.00s Sys=0.00s Real=0.01s
[2026-03-22T19:50:00.602+0900][4.115s][info][gc,start       ] GC(198) Pause Young (Allocation Failure)
[2026-03-22T19:50:00.606+0900][4.119s][info][gc,heap        ] GC(198) PSYoungGen: 152561K(163840K)->10528K(163840K) Eden: 152561K(153088K)->0K(153088K) From: 0K(10752K)->10528K(10752K)
[2026-03-22T19:50:00.606+0900][4.119s][info][gc,heap        ] GC(198) ParOldGen: 103195K(349696K)->197403K(349696K)
[2026-03-22T19:50:00.606+0900][4.119s][info][gc,metaspace   ] GC(198) Metaspace: 340K(512K)->340K(512K) NonClass: 322K(384K)->322K(384K) Class: 17K(128K)->17K(128K)
[2026-03-22T19:50:00.606+0900][4.120s][info][gc             ] GC(198) Pause Young (Allocation Failure) 249M->203M(501M) 4.325ms
[2026-03-22T19:50:00.606+0900][4.120s][info][gc,cpu         ] GC(198) User=0.09s Sys=0.00s Real=0.00s
[2026-03-22T19:50:00.620+0900][4.133s][info][gc,start       ] GC(199) Pause Young (Allocation Failure)
[2026-03-22T19:50:00.624+0900][4.137s][info][gc,heap        ] GC(199) PSYoungGen: 163089K(163840K)->10528K(163840K) Eden: 152561K(153088K)->0K(153088K) From: 10528K(10752K)->10528K(10752K)
[2026-03-22T19:50:00.624+0900][4.137s][info][gc,heap        ] GC(199) ParOldGen: 197403K(349696K)->291764K(349696K)
[2026-03-22T19:50:00.624+0900][4.137s][info][gc,metaspace   ] GC(199) Metaspace: 340K(512K)->340K(512K) NonClass: 322K(384K)->322K(384K) Class: 17K(128K)->17K(128K)
[2026-03-22T19:50:00.624+0900][4.137s][info][gc             ] GC(199) Pause Young (Allocation Failure) 352M->295M(501M) 4.011ms
[2026-03-22T19:50:00.624+0900][4.137s][info][gc,cpu         ] GC(199) User=0.00s Sys=0.00s Real=0.00s
[2026-03-22T19:50:00.638+0900][4.151s][info][gc,start       ] GC(200) Pause Full (Ergonomics)
[2026-03-22T19:50:00.638+0900][4.151s][info][gc,phases,start] GC(200) Marking Phase
[2026-03-22T19:50:00.639+0900][4.152s][info][gc,phases      ] GC(200) Marking Phase 1.213ms
[2026-03-22T19:50:00.639+0900][4.152s][info][gc,phases,start] GC(200) Summary Phase
[2026-03-22T19:50:00.639+0900][4.153s][info][gc,phases      ] GC(200) Summary Phase 0.034ms
[2026-03-22T19:50:00.639+0900][4.153s][info][gc,phases,start] GC(200) Adjust Roots
[2026-03-22T19:50:00.639+0900][4.153s][info][gc,phases      ] GC(200) Adjust Roots 0.242ms
[2026-03-22T19:50:00.639+0900][4.153s][info][gc,phases,start] GC(200) Compaction Phase
[2026-03-22T19:50:00.645+0900][4.158s][info][gc,phases      ] GC(200) Compaction Phase 5.025ms
[2026-03-22T19:50:00.645+0900][4.158s][info][gc,phases,start] GC(200) Post Compact
[2026-03-22T19:50:00.646+0900][4.159s][info][gc,phases      ] GC(200) Post Compact 1.261ms
[2026-03-22T19:50:00.646+0900][4.159s][info][gc,heap        ] GC(200) PSYoungGen: 163089K(163840K)->0K(163840K) Eden: 152561K(153088K)->0K(153088K) From: 10528K(10752K)->0K(10752K)
[2026-03-22T19:50:00.646+0900][4.159s][info][gc,heap        ] GC(200) ParOldGen: 291764K(349696K)->103430K(349696K)
[2026-03-22T19:50:00.646+0900][4.159s][info][gc,metaspace   ] GC(200) Metaspace: 340K(512K)->340K(512K) NonClass: 322K(384K)->322K(384K) Class: 17K(128K)->17K(128K)
[2026-03-22T19:50:00.646+0900][4.159s][info][gc             ] GC(200) Pause Full (Ergonomics) 444M->101M(501M) 7.998ms
[2026-03-22T19:50:00.646+0900][4.159s][info][gc,cpu         ] GC(200) User=0.00s Sys=0.00s Real=0.01s
[2026-03-22T19:50:00.660+0900][4.173s][info][gc,start       ] GC(201) Pause Young (Allocation Failure)
[2026-03-22T19:50:00.664+0900][4.177s][info][gc,heap        ] GC(201) PSYoungGen: 152561K(163840K)->10528K(163840K) Eden: 152561K(153088K)->0K(153088K) From: 0K(10752K)->10528K(10752K)
[2026-03-22T19:50:00.664+0900][4.177s][info][gc,heap        ] GC(201) ParOldGen: 103430K(349696K)->197639K(349696K)
[2026-03-22T19:50:00.664+0900][4.177s][info][gc,metaspace   ] GC(201) Metaspace: 340K(512K)->340K(512K) NonClass: 322K(384K)->322K(384K) Class: 17K(128K)->17K(128K)
[2026-03-22T19:50:00.664+0900][4.177s][info][gc             ] GC(201) Pause Young (Allocation Failure) 249M->203M(501M) 3.945ms
[2026-03-22T19:50:00.664+0900][4.177s][info][gc,cpu         ] GC(201) User=0.00s Sys=0.00s Real=0.00s
[2026-03-22T19:50:00.678+0900][4.191s][info][gc,start       ] GC(202) Pause Young (Allocation Failure)
[2026-03-22T19:50:00.682+0900][4.195s][info][gc,heap        ] GC(202) PSYoungGen: 163089K(163840K)->10528K(163840K) Eden: 152561K(153088K)->0K(153088K) From: 10528K(10752K)->10528K(10752K)
[2026-03-22T19:50:00.682+0900][4.195s][info][gc,heap        ] GC(202) ParOldGen: 197639K(349696K)->291999K(349696K)
[2026-03-22T19:50:00.682+0900][4.195s][info][gc,metaspace   ] GC(202) Metaspace: 340K(512K)->340K(512K) NonClass: 322K(384K)->322K(384K) Class: 17K(128K)->17K(128K)
[2026-03-22T19:50:00.682+0900][4.196s][info][gc             ] GC(202) Pause Young (Allocation Failure) 352M->295M(501M) 4.642ms
[2026-03-22T19:50:00.682+0900][4.196s][info][gc,cpu         ] GC(202) User=0.09s Sys=0.00s Real=0.00s
[2026-03-22T19:50:00.697+0900][4.211s][info][gc,start       ] GC(203) Pause Full (Ergonomics)
[2026-03-22T19:50:00.705+0900][4.218s][info][gc,phases,start] GC(203) Marking Phase
[2026-03-22T19:50:00.707+0900][4.220s][info][gc,phases      ] GC(203) Marking Phase 1.417ms
[2026-03-22T19:50:00.707+0900][4.220s][info][gc,phases,start] GC(203) Summary Phase
[2026-03-22T19:50:00.707+0900][4.220s][info][gc,phases      ] GC(203) Summary Phase 0.033ms
[2026-03-22T19:50:00.707+0900][4.220s][info][gc,phases,start] GC(203) Adjust Roots
[2026-03-22T19:50:00.707+0900][4.220s][info][gc,phases      ] GC(203) Adjust Roots 0.190ms
[2026-03-22T19:50:00.707+0900][4.220s][info][gc,phases,start] GC(203) Compaction Phase
[2026-03-22T19:50:00.713+0900][4.226s][info][gc,phases      ] GC(203) Compaction Phase 5.360ms
[2026-03-22T19:50:00.713+0900][4.226s][info][gc,phases,start] GC(203) Post Compact
[2026-03-22T19:50:00.714+0900][4.227s][info][gc,phases      ] GC(203) Post Compact 1.444ms
[2026-03-22T19:50:00.714+0900][4.227s][info][gc,heap        ] GC(203) PSYoungGen: 163089K(163840K)->0K(163840K) Eden: 152561K(153088K)->0K(153088K) From: 10528K(10752K)->0K(10752K)
[2026-03-22T19:50:00.714+0900][4.227s][info][gc,heap        ] GC(203) ParOldGen: 291999K(349696K)->103430K(349696K)
[2026-03-22T19:50:00.714+0900][4.227s][info][gc,metaspace   ] GC(203) Metaspace: 340K(512K)->340K(512K) NonClass: 322K(384K)->322K(384K) Class: 17K(128K)->17K(128K)
[2026-03-22T19:50:00.714+0900][4.227s][info][gc             ] GC(203) Pause Full (Ergonomics) 444M->101M(501M) 16.514ms
[2026-03-22T19:50:00.714+0900][4.227s][info][gc,cpu         ] GC(203) User=0.09s Sys=0.00s Real=0.02s
[2026-03-22T19:50:00.728+0900][4.241s][info][gc,start       ] GC(204) Pause Young (Allocation Failure)
[2026-03-22T19:50:00.732+0900][4.245s][info][gc,heap        ] GC(204) PSYoungGen: 152561K(163840K)->10528K(163840K) Eden: 152561K(153088K)->0K(153088K) From: 0K(10752K)->10528K(10752K)
[2026-03-22T19:50:00.732+0900][4.245s][info][gc,heap        ] GC(204) ParOldGen: 103430K(349696K)->197639K(349696K)
[2026-03-22T19:50:00.732+0900][4.245s][info][gc,metaspace   ] GC(204) Metaspace: 340K(512K)->340K(512K) NonClass: 322K(384K)->322K(384K) Class: 17K(128K)->17K(128K)
[2026-03-22T19:50:00.732+0900][4.245s][info][gc             ] GC(204) Pause Young (Allocation Failure) 249M->203M(501M) 4.006ms
[2026-03-22T19:50:00.732+0900][4.245s][info][gc,cpu         ] GC(204) User=0.09s Sys=0.00s Real=0.00s
[2026-03-22T19:50:00.746+0900][4.259s][info][gc,start       ] GC(205) Pause Young (Allocation Failure)
[2026-03-22T19:50:00.750+0900][4.263s][info][gc,heap        ] GC(205) PSYoungGen: 163089K(163840K)->10560K(163840K) Eden: 152561K(153088K)->0K(153088K) From: 10528K(10752K)->10560K(10752K)
[2026-03-22T19:50:00.750+0900][4.263s][info][gc,heap        ] GC(205) ParOldGen: 197639K(349696K)->291999K(349696K)
[2026-03-22T19:50:00.750+0900][4.263s][info][gc,metaspace   ] GC(205) Metaspace: 340K(512K)->340K(512K) NonClass: 322K(384K)->322K(384K) Class: 17K(128K)->17K(128K)
[2026-03-22T19:50:00.750+0900][4.263s][info][gc             ] GC(205) Pause Young (Allocation Failure) 352M->295M(501M) 4.200ms
[2026-03-22T19:50:00.750+0900][4.263s][info][gc,cpu         ] GC(205) User=0.00s Sys=0.00s Real=0.00s
[2026-03-22T19:50:00.763+0900][4.277s][info][gc,start       ] GC(206) Pause Full (Ergonomics)
[2026-03-22T19:50:00.764+0900][4.277s][info][gc,phases,start] GC(206) Marking Phase
[2026-03-22T19:50:00.764+0900][4.278s][info][gc,phases      ] GC(206) Marking Phase 0.901ms
[2026-03-22T19:50:00.764+0900][4.278s][info][gc,phases,start] GC(206) Summary Phase
[2026-03-22T19:50:00.764+0900][4.278s][info][gc,phases      ] GC(206) Summary Phase 0.012ms
[2026-03-22T19:50:00.764+0900][4.278s][info][gc,phases,start] GC(206) Adjust Roots
[2026-03-22T19:50:00.765+0900][4.278s][info][gc,phases      ] GC(206) Adjust Roots 0.143ms
[2026-03-22T19:50:00.765+0900][4.278s][info][gc,phases,start] GC(206) Compaction Phase
[2026-03-22T19:50:00.770+0900][4.283s][info][gc,phases      ] GC(206) Compaction Phase 5.141ms
[2026-03-22T19:50:00.770+0900][4.283s][info][gc,phases,start] GC(206) Post Compact
[2026-03-22T19:50:00.771+0900][4.284s][info][gc,phases      ] GC(206) Post Compact 1.299ms
[2026-03-22T19:50:00.771+0900][4.284s][info][gc,heap        ] GC(206) PSYoungGen: 163121K(163840K)->0K(163840K) Eden: 152561K(153088K)->0K(153088K) From: 10560K(10752K)->0K(10752K)
[2026-03-22T19:50:00.771+0900][4.284s][info][gc,heap        ] GC(206) ParOldGen: 291999K(349696K)->103430K(349696K)
[2026-03-22T19:50:00.771+0900][4.284s][info][gc,metaspace   ] GC(206) Metaspace: 340K(512K)->340K(512K) NonClass: 322K(384K)->322K(384K) Class: 17K(128K)->17K(128K)
[2026-03-22T19:50:00.771+0900][4.284s][info][gc             ] GC(206) Pause Full (Ergonomics) 444M->101M(501M) 7.697ms
[2026-03-22T19:50:00.771+0900][4.284s][info][gc,cpu         ] GC(206) User=0.00s Sys=0.00s Real=0.01s
[2026-03-22T19:50:00.785+0900][4.298s][info][gc,start       ] GC(207) Pause Young (Allocation Failure)
[2026-03-22T19:50:00.789+0900][4.302s][info][gc,heap        ] GC(207) PSYoungGen: 152561K(163840K)->10528K(163840K) Eden: 152561K(153088K)->0K(153088K) From: 0K(10752K)->10528K(10752K)
[2026-03-22T19:50:00.789+0900][4.302s][info][gc,heap        ] GC(207) ParOldGen: 103430K(349696K)->197639K(349696K)
[2026-03-22T19:50:00.789+0900][4.302s][info][gc,metaspace   ] GC(207) Metaspace: 340K(512K)->340K(512K) NonClass: 322K(384K)->322K(384K) Class: 17K(128K)->17K(128K)
[2026-03-22T19:50:00.789+0900][4.302s][info][gc             ] GC(207) Pause Young (Allocation Failure) 249M->203M(501M) 4.283ms
[2026-03-22T19:50:00.789+0900][4.302s][info][gc,cpu         ] GC(207) User=0.00s Sys=0.00s Real=0.00s
[2026-03-22T19:50:00.803+0900][4.316s][info][gc,start       ] GC(208) Pause Young (Allocation Failure)
[2026-03-22T19:50:00.808+0900][4.321s][info][gc,heap        ] GC(208) PSYoungGen: 163089K(163840K)->10560K(163840K) Eden: 152561K(153088K)->0K(153088K) From: 10528K(10752K)->10560K(10752K)
[2026-03-22T19:50:00.808+0900][4.321s][info][gc,heap        ] GC(208) ParOldGen: 197639K(349696K)->291999K(349696K)
[2026-03-22T19:50:00.808+0900][4.321s][info][gc,metaspace   ] GC(208) Metaspace: 340K(512K)->340K(512K) NonClass: 322K(384K)->322K(384K) Class: 17K(128K)->17K(128K)
[2026-03-22T19:50:00.808+0900][4.321s][info][gc             ] GC(208) Pause Young (Allocation Failure) 352M->295M(501M) 5.586ms
[2026-03-22T19:50:00.808+0900][4.321s][info][gc,cpu         ] GC(208) User=0.09s Sys=0.00s Real=0.01s
[2026-03-22T19:50:00.823+0900][4.336s][info][gc,start       ] GC(209) Pause Full (Ergonomics)
[2026-03-22T19:50:00.823+0900][4.336s][info][gc,phases,start] GC(209) Marking Phase
[2026-03-22T19:50:00.825+0900][4.338s][info][gc,phases      ] GC(209) Marking Phase 1.375ms
[2026-03-22T19:50:00.825+0900][4.338s][info][gc,phases,start] GC(209) Summary Phase
[2026-03-22T19:50:00.825+0900][4.338s][info][gc,phases      ] GC(209) Summary Phase 0.031ms
[2026-03-22T19:50:00.825+0900][4.338s][info][gc,phases,start] GC(209) Adjust Roots
[2026-03-22T19:50:00.825+0900][4.338s][info][gc,phases      ] GC(209) Adjust Roots 0.227ms
[2026-03-22T19:50:00.825+0900][4.338s][info][gc,phases,start] GC(209) Compaction Phase
[2026-03-22T19:50:00.830+0900][4.343s][info][gc,phases      ] GC(209) Compaction Phase 4.676ms
[2026-03-22T19:50:00.830+0900][4.343s][info][gc,phases,start] GC(209) Post Compact
[2026-03-22T19:50:00.831+0900][4.344s][info][gc,phases      ] GC(209) Post Compact 1.329ms
[2026-03-22T19:50:00.831+0900][4.344s][info][gc,heap        ] GC(209) PSYoungGen: 163121K(163840K)->0K(163840K) Eden: 152561K(153088K)->0K(153088K) From: 10560K(10752K)->0K(10752K)
[2026-03-22T19:50:00.831+0900][4.344s][info][gc,heap        ] GC(209) ParOldGen: 291999K(349696K)->103430K(349696K)
[2026-03-22T19:50:00.831+0900][4.344s][info][gc,metaspace   ] GC(209) Metaspace: 340K(512K)->340K(512K) NonClass: 322K(384K)->322K(384K) Class: 17K(128K)->17K(128K)
[2026-03-22T19:50:00.831+0900][4.344s][info][gc             ] GC(209) Pause Full (Ergonomics) 444M->101M(501M) 7.880ms
[2026-03-22T19:50:00.831+0900][4.344s][info][gc,cpu         ] GC(209) User=0.00s Sys=0.00s Real=0.01s
[2026-03-22T19:50:00.845+0900][4.358s][info][gc,start       ] GC(210) Pause Young (Allocation Failure)
[2026-03-22T19:50:00.849+0900][4.362s][info][gc,heap        ] GC(210) PSYoungGen: 152561K(163840K)->10528K(163840K) Eden: 152561K(153088K)->0K(153088K) From: 0K(10752K)->10528K(10752K)
[2026-03-22T19:50:00.849+0900][4.362s][info][gc,heap        ] GC(210) ParOldGen: 103430K(349696K)->197639K(349696K)
[2026-03-22T19:50:00.849+0900][4.362s][info][gc,metaspace   ] GC(210) Metaspace: 340K(512K)->340K(512K) NonClass: 322K(384K)->322K(384K) Class: 17K(128K)->17K(128K)
[2026-03-22T19:50:00.849+0900][4.362s][info][gc             ] GC(210) Pause Young (Allocation Failure) 249M->203M(501M) 4.005ms
[2026-03-22T19:50:00.849+0900][4.362s][info][gc,cpu         ] GC(210) User=0.00s Sys=0.00s Real=0.00s
[2026-03-22T19:50:00.863+0900][4.376s][info][gc,start       ] GC(211) Pause Young (Allocation Failure)
[2026-03-22T19:50:00.867+0900][4.379s][info][gc,heap        ] GC(211) PSYoungGen: 163089K(163840K)->10528K(163840K) Eden: 152561K(153088K)->0K(153088K) From: 10528K(10752K)->10528K(10752K)
[2026-03-22T19:50:00.867+0900][4.380s][info][gc,heap        ] GC(211) ParOldGen: 197639K(349696K)->291999K(349696K)
[2026-03-22T19:50:00.867+0900][4.380s][info][gc,metaspace   ] GC(211) Metaspace: 340K(512K)->340K(512K) NonClass: 322K(384K)->322K(384K) Class: 17K(128K)->17K(128K)
[2026-03-22T19:50:00.867+0900][4.380s][info][gc             ] GC(211) Pause Young (Allocation Failure) 352M->295M(501M) 3.915ms
[2026-03-22T19:50:00.867+0900][4.380s][info][gc,cpu         ] GC(211) User=0.00s Sys=0.00s Real=0.00s
[2026-03-22T19:50:00.880+0900][4.393s][info][gc,start       ] GC(212) Pause Full (Ergonomics)
[2026-03-22T19:50:00.880+0900][4.393s][info][gc,phases,start] GC(212) Marking Phase
[2026-03-22T19:50:00.881+0900][4.395s][info][gc,phases      ] GC(212) Marking Phase 1.072ms
[2026-03-22T19:50:00.881+0900][4.395s][info][gc,phases,start] GC(212) Summary Phase
[2026-03-22T19:50:00.881+0900][4.395s][info][gc,phases      ] GC(212) Summary Phase 0.022ms
[2026-03-22T19:50:00.881+0900][4.395s][info][gc,phases,start] GC(212) Adjust Roots
[2026-03-22T19:50:00.882+0900][4.395s][info][gc,phases      ] GC(212) Adjust Roots 0.189ms
[2026-03-22T19:50:00.882+0900][4.395s][info][gc,phases,start] GC(212) Compaction Phase
[2026-03-22T19:50:00.887+0900][4.400s][info][gc,phases      ] GC(212) Compaction Phase 5.429ms
[2026-03-22T19:50:00.887+0900][4.400s][info][gc,phases,start] GC(212) Post Compact
[2026-03-22T19:50:00.889+0900][4.402s][info][gc,phases      ] GC(212) Post Compact 1.366ms
[2026-03-22T19:50:00.889+0900][4.402s][info][gc,heap        ] GC(212) PSYoungGen: 163089K(163840K)->0K(163840K) Eden: 152561K(153088K)->0K(153088K) From: 10528K(10752K)->0K(10752K)
[2026-03-22T19:50:00.889+0900][4.402s][info][gc,heap        ] GC(212) ParOldGen: 291999K(349696K)->103430K(349696K)
[2026-03-22T19:50:00.889+0900][4.402s][info][gc,metaspace   ] GC(212) Metaspace: 340K(512K)->340K(512K) NonClass: 322K(384K)->322K(384K) Class: 17K(128K)->17K(128K)
[2026-03-22T19:50:00.889+0900][4.402s][info][gc             ] GC(212) Pause Full (Ergonomics) 444M->101M(501M) 8.334ms
[2026-03-22T19:50:00.889+0900][4.402s][info][gc,cpu         ] GC(212) User=0.08s Sys=0.02s Real=0.01s
[2026-03-22T19:50:00.903+0900][4.415s][info][gc,start       ] GC(213) Pause Young (Allocation Failure)
[2026-03-22T19:50:00.907+0900][4.420s][info][gc,heap        ] GC(213) PSYoungGen: 152561K(163840K)->10528K(163840K) Eden: 152561K(153088K)->0K(153088K) From: 0K(10752K)->10528K(10752K)
[2026-03-22T19:50:00.907+0900][4.420s][info][gc,heap        ] GC(213) ParOldGen: 103430K(349696K)->197639K(349696K)
[2026-03-22T19:50:00.907+0900][4.420s][info][gc,metaspace   ] GC(213) Metaspace: 340K(512K)->340K(512K) NonClass: 322K(384K)->322K(384K) Class: 17K(128K)->17K(128K)
[2026-03-22T19:50:00.907+0900][4.420s][info][gc             ] GC(213) Pause Young (Allocation Failure) 249M->203M(501M) 4.513ms
[2026-03-22T19:50:00.907+0900][4.420s][info][gc,cpu         ] GC(213) User=0.00s Sys=0.00s Real=0.00s
[2026-03-22T19:50:00.921+0900][4.433s][info][gc,start       ] GC(214) Pause Young (Allocation Failure)
[2026-03-22T19:50:00.925+0900][4.437s][info][gc,heap        ] GC(214) PSYoungGen: 163089K(163840K)->10560K(163840K) Eden: 152561K(153088K)->0K(153088K) From: 10528K(10752K)->10560K(10752K)
[2026-03-22T19:50:00.925+0900][4.438s][info][gc,heap        ] GC(214) ParOldGen: 197639K(349696K)->291999K(349696K)
[2026-03-22T19:50:00.925+0900][4.438s][info][gc,metaspace   ] GC(214) Metaspace: 340K(512K)->340K(512K) NonClass: 322K(384K)->322K(384K) Class: 17K(128K)->17K(128K)
[2026-03-22T19:50:00.925+0900][4.438s][info][gc             ] GC(214) Pause Young (Allocation Failure) 352M->295M(501M) 4.061ms
[2026-03-22T19:50:00.925+0900][4.438s][info][gc,cpu         ] GC(214) User=0.00s Sys=0.00s Real=0.00s
[2026-03-22T19:50:00.938+0900][4.451s][info][gc,start       ] GC(215) Pause Full (Ergonomics)
[2026-03-22T19:50:00.938+0900][4.451s][info][gc,phases,start] GC(215) Marking Phase
[2026-03-22T19:50:00.939+0900][4.453s][info][gc,phases      ] GC(215) Marking Phase 1.060ms
[2026-03-22T19:50:00.939+0900][4.453s][info][gc,phases,start] GC(215) Summary Phase
[2026-03-22T19:50:00.939+0900][4.453s][info][gc,phases      ] GC(215) Summary Phase 0.013ms
[2026-03-22T19:50:00.939+0900][4.453s][info][gc,phases,start] GC(215) Adjust Roots
[2026-03-22T19:50:00.940+0900][4.453s][info][gc,phases      ] GC(215) Adjust Roots 0.178ms
[2026-03-22T19:50:00.940+0900][4.453s][info][gc,phases,start] GC(215) Compaction Phase
[2026-03-22T19:50:00.944+0900][4.458s][info][gc,phases      ] GC(215) Compaction Phase 5.072ms
[2026-03-22T19:50:00.944+0900][4.458s][info][gc,phases,start] GC(215) Post Compact
[2026-03-22T19:50:00.946+0900][4.459s][info][gc,phases      ] GC(215) Post Compact 1.248ms
[2026-03-22T19:50:00.946+0900][4.459s][info][gc,heap        ] GC(215) PSYoungGen: 163121K(163840K)->0K(163840K) Eden: 152561K(153088K)->0K(153088K) From: 10560K(10752K)->0K(10752K)
[2026-03-22T19:50:00.947+0900][4.459s][info][gc,heap        ] GC(215) ParOldGen: 291999K(349696K)->103430K(349696K)
[2026-03-22T19:50:00.947+0900][4.459s][info][gc,metaspace   ] GC(215) Metaspace: 340K(512K)->340K(512K) NonClass: 322K(384K)->322K(384K) Class: 17K(128K)->17K(128K)
[2026-03-22T19:50:00.947+0900][4.459s][info][gc             ] GC(215) Pause Full (Ergonomics) 444M->101M(501M) 7.823ms
[2026-03-22T19:50:00.947+0900][4.459s][info][gc,cpu         ] GC(215) User=0.00s Sys=0.00s Real=0.01s
[2026-03-22T19:50:00.960+0900][4.473s][info][gc,start       ] GC(216) Pause Young (Allocation Failure)
[2026-03-22T19:50:00.964+0900][4.477s][info][gc,heap        ] GC(216) PSYoungGen: 152561K(163840K)->10528K(163840K) Eden: 152561K(153088K)->0K(153088K) From: 0K(10752K)->10528K(10752K)
[2026-03-22T19:50:00.964+0900][4.477s][info][gc,heap        ] GC(216) ParOldGen: 103430K(349696K)->197639K(349696K)
[2026-03-22T19:50:00.964+0900][4.477s][info][gc,metaspace   ] GC(216) Metaspace: 340K(512K)->340K(512K) NonClass: 322K(384K)->322K(384K) Class: 17K(128K)->17K(128K)
[2026-03-22T19:50:00.964+0900][4.477s][info][gc             ] GC(216) Pause Young (Allocation Failure) 249M->203M(501M) 4.215ms
[2026-03-22T19:50:00.964+0900][4.477s][info][gc,cpu         ] GC(216) User=0.09s Sys=0.00s Real=0.00s
[2026-03-22T19:50:00.978+0900][4.492s][info][gc,start       ] GC(217) Pause Young (Allocation Failure)
[2026-03-22T19:50:00.983+0900][4.496s][info][gc,heap        ] GC(217) PSYoungGen: 163089K(163840K)->10528K(163840K) Eden: 152561K(153088K)->0K(153088K) From: 10528K(10752K)->10528K(10752K)
[2026-03-22T19:50:00.983+0900][4.496s][info][gc,heap        ] GC(217) ParOldGen: 197639K(349696K)->291999K(349696K)
[2026-03-22T19:50:00.983+0900][4.496s][info][gc,metaspace   ] GC(217) Metaspace: 340K(512K)->340K(512K) NonClass: 322K(384K)->322K(384K) Class: 17K(128K)->17K(128K)
[2026-03-22T19:50:00.983+0900][4.496s][info][gc             ] GC(217) Pause Young (Allocation Failure) 352M->295M(501M) 4.529ms
[2026-03-22T19:50:00.983+0900][4.496s][info][gc,cpu         ] GC(217) User=0.00s Sys=0.00s Real=0.01s
[2026-03-22T19:50:00.997+0900][4.511s][info][gc,start       ] GC(218) Pause Full (Ergonomics)
[2026-03-22T19:50:00.999+0900][4.511s][info][gc,phases,start] GC(218) Marking Phase
[2026-03-22T19:50:00.999+0900][4.512s][info][gc,phases      ] GC(218) Marking Phase 1.203ms
[2026-03-22T19:50:00.999+0900][4.512s][info][gc,phases,start] GC(218) Summary Phase
[2026-03-22T19:50:00.999+0900][4.512s][info][gc,phases      ] GC(218) Summary Phase 0.021ms
[2026-03-22T19:50:00.999+0900][4.512s][info][gc,phases,start] GC(218) Adjust Roots
[2026-03-22T19:50:00.999+0900][4.512s][info][gc,phases      ] GC(218) Adjust Roots 0.200ms
[2026-03-22T19:50:00.999+0900][4.512s][info][gc,phases,start] GC(218) Compaction Phase
[2026-03-22T19:50:01.004+0900][4.518s][info][gc,phases      ] GC(218) Compaction Phase 5.327ms
[2026-03-22T19:50:01.004+0900][4.518s][info][gc,phases,start] GC(218) Post Compact
[2026-03-22T19:50:01.006+0900][4.519s][info][gc,phases      ] GC(218) Post Compact 1.248ms
[2026-03-22T19:50:01.006+0900][4.519s][info][gc,heap        ] GC(218) PSYoungGen: 163089K(163840K)->0K(163840K) Eden: 152561K(153088K)->0K(153088K) From: 10528K(10752K)->0K(10752K)
[2026-03-22T19:50:01.006+0900][4.519s][info][gc,heap        ] GC(218) ParOldGen: 291999K(349696K)->103430K(349696K)
[2026-03-22T19:50:01.006+0900][4.519s][info][gc,metaspace   ] GC(218) Metaspace: 340K(512K)->340K(512K) NonClass: 322K(384K)->322K(384K) Class: 17K(128K)->17K(128K)
[2026-03-22T19:50:01.006+0900][4.519s][info][gc             ] GC(218) Pause Full (Ergonomics) 444M->101M(501M) 8.237ms
[2026-03-22T19:50:01.006+0900][4.519s][info][gc,cpu         ] GC(218) User=0.00s Sys=0.00s Real=0.01s
[2026-03-22T19:50:01.019+0900][4.533s][info][gc,start       ] GC(219) Pause Young (Allocation Failure)
[2026-03-22T19:50:01.023+0900][4.537s][info][gc,heap        ] GC(219) PSYoungGen: 152561K(163840K)->10560K(163840K) Eden: 152561K(153088K)->0K(153088K) From: 0K(10752K)->10560K(10752K)
[2026-03-22T19:50:01.023+0900][4.537s][info][gc,heap        ] GC(219) ParOldGen: 103430K(349696K)->197639K(349696K)
[2026-03-22T19:50:01.023+0900][4.537s][info][gc,metaspace   ] GC(219) Metaspace: 340K(512K)->340K(512K) NonClass: 322K(384K)->322K(384K) Class: 17K(128K)->17K(128K)
[2026-03-22T19:50:01.023+0900][4.537s][info][gc             ] GC(219) Pause Young (Allocation Failure) 249M->203M(501M) 4.187ms
[2026-03-22T19:50:01.023+0900][4.537s][info][gc,cpu         ] GC(219) User=0.00s Sys=0.00s Real=0.00s
[2026-03-22T19:50:01.038+0900][4.551s][info][gc,start       ] GC(220) Pause Young (Allocation Failure)
[2026-03-22T19:50:01.042+0900][4.555s][info][gc,heap        ] GC(220) PSYoungGen: 163121K(163840K)->10528K(163840K) Eden: 152561K(153088K)->0K(153088K) From: 10560K(10752K)->10528K(10752K)
[2026-03-22T19:50:01.042+0900][4.555s][info][gc,heap        ] GC(220) ParOldGen: 197639K(349696K)->291999K(349696K)
[2026-03-22T19:50:01.042+0900][4.555s][info][gc,metaspace   ] GC(220) Metaspace: 340K(512K)->340K(512K) NonClass: 322K(384K)->322K(384K) Class: 17K(128K)->17K(128K)
[2026-03-22T19:50:01.042+0900][4.555s][info][gc             ] GC(220) Pause Young (Allocation Failure) 352M->295M(501M) 4.312ms
[2026-03-22T19:50:01.042+0900][4.555s][info][gc,cpu         ] GC(220) User=0.09s Sys=0.00s Real=0.00s
[2026-03-22T19:50:01.056+0900][4.569s][info][gc,start       ] GC(221) Pause Full (Ergonomics)
[2026-03-22T19:50:01.056+0900][4.569s][info][gc,phases,start] GC(221) Marking Phase
[2026-03-22T19:50:01.058+0900][4.570s][info][gc,phases      ] GC(221) Marking Phase 1.032ms
[2026-03-22T19:50:01.058+0900][4.570s][info][gc,phases,start] GC(221) Summary Phase
[2026-03-22T19:50:01.058+0900][4.570s][info][gc,phases      ] GC(221) Summary Phase 0.013ms
[2026-03-22T19:50:01.058+0900][4.570s][info][gc,phases,start] GC(221) Adjust Roots
[2026-03-22T19:50:01.058+0900][4.570s][info][gc,phases      ] GC(221) Adjust Roots 0.148ms
[2026-03-22T19:50:01.058+0900][4.570s][info][gc,phases,start] GC(221) Compaction Phase
[2026-03-22T19:50:01.063+0900][4.576s][info][gc,phases      ] GC(221) Compaction Phase 5.234ms
[2026-03-22T19:50:01.063+0900][4.576s][info][gc,phases,start] GC(221) Post Compact
[2026-03-22T19:50:01.064+0900][4.577s][info][gc,phases      ] GC(221) Post Compact 1.302ms
[2026-03-22T19:50:01.064+0900][4.577s][info][gc,heap        ] GC(221) PSYoungGen: 163089K(163840K)->0K(163840K) Eden: 152561K(153088K)->0K(153088K) From: 10528K(10752K)->0K(10752K)
[2026-03-22T19:50:01.064+0900][4.577s][info][gc,heap        ] GC(221) ParOldGen: 291999K(349696K)->103430K(349696K)
[2026-03-22T19:50:01.064+0900][4.577s][info][gc,metaspace   ] GC(221) Metaspace: 340K(512K)->340K(512K) NonClass: 322K(384K)->322K(384K) Class: 17K(128K)->17K(128K)
[2026-03-22T19:50:01.064+0900][4.577s][info][gc             ] GC(221) Pause Full (Ergonomics) 444M->101M(501M) 7.936ms
[2026-03-22T19:50:01.064+0900][4.577s][info][gc,cpu         ] GC(221) User=0.00s Sys=0.00s Real=0.01s
[2026-03-22T19:50:01.078+0900][4.591s][info][gc,start       ] GC(222) Pause Young (Allocation Failure)
[2026-03-22T19:50:01.082+0900][4.595s][info][gc,heap        ] GC(222) PSYoungGen: 152561K(163840K)->10528K(163840K) Eden: 152561K(153088K)->0K(153088K) From: 0K(10752K)->10528K(10752K)
[2026-03-22T19:50:01.082+0900][4.595s][info][gc,heap        ] GC(222) ParOldGen: 103430K(349696K)->197639K(349696K)
[2026-03-22T19:50:01.082+0900][4.595s][info][gc,metaspace   ] GC(222) Metaspace: 340K(512K)->340K(512K) NonClass: 322K(384K)->322K(384K) Class: 17K(128K)->17K(128K)
[2026-03-22T19:50:01.082+0900][4.595s][info][gc             ] GC(222) Pause Young (Allocation Failure) 249M->203M(501M) 4.394ms
[2026-03-22T19:50:01.082+0900][4.595s][info][gc,cpu         ] GC(222) User=0.00s Sys=0.00s Real=0.00s
[2026-03-22T19:50:01.097+0900][4.609s][info][gc,start       ] GC(223) Pause Young (Allocation Failure)
[2026-03-22T19:50:01.101+0900][4.614s][info][gc,heap        ] GC(223) PSYoungGen: 163089K(163840K)->10560K(163840K) Eden: 152561K(153088K)->0K(153088K) From: 10528K(10752K)->10560K(10752K)
[2026-03-22T19:50:01.101+0900][4.614s][info][gc,heap        ] GC(223) ParOldGen: 197639K(349696K)->291999K(349696K)
[2026-03-22T19:50:01.101+0900][4.614s][info][gc,metaspace   ] GC(223) Metaspace: 340K(512K)->340K(512K) NonClass: 322K(384K)->322K(384K) Class: 17K(128K)->17K(128K)
[2026-03-22T19:50:01.101+0900][4.614s][info][gc             ] GC(223) Pause Young (Allocation Failure) 352M->295M(501M) 4.547ms
[2026-03-22T19:50:01.101+0900][4.614s][info][gc,cpu         ] GC(223) User=0.00s Sys=0.00s Real=0.00s
[2026-03-22T19:50:01.116+0900][4.629s][info][gc,start       ] GC(224) Pause Full (Ergonomics)
[2026-03-22T19:50:01.116+0900][4.629s][info][gc,phases,start] GC(224) Marking Phase
[2026-03-22T19:50:01.118+0900][4.630s][info][gc,phases      ] GC(224) Marking Phase 1.091ms
[2026-03-22T19:50:01.118+0900][4.630s][info][gc,phases,start] GC(224) Summary Phase
[2026-03-22T19:50:01.118+0900][4.630s][info][gc,phases      ] GC(224) Summary Phase 0.015ms
[2026-03-22T19:50:01.118+0900][4.630s][info][gc,phases,start] GC(224) Adjust Roots
[2026-03-22T19:50:01.118+0900][4.630s][info][gc,phases      ] GC(224) Adjust Roots 0.196ms
[2026-03-22T19:50:01.118+0900][4.631s][info][gc,phases,start] GC(224) Compaction Phase
[2026-03-22T19:50:01.124+0900][4.636s][info][gc,phases      ] GC(224) Compaction Phase 5.562ms
[2026-03-22T19:50:01.124+0900][4.636s][info][gc,phases,start] GC(224) Post Compact
[2026-03-22T19:50:01.125+0900][4.637s][info][gc,phases      ] GC(224) Post Compact 1.273ms
[2026-03-22T19:50:01.125+0900][4.637s][info][gc,heap        ] GC(224) PSYoungGen: 163121K(163840K)->0K(163840K) Eden: 152561K(153088K)->0K(153088K) From: 10560K(10752K)->0K(10752K)
[2026-03-22T19:50:01.125+0900][4.637s][info][gc,heap        ] GC(224) ParOldGen: 291999K(349696K)->103430K(349696K)
[2026-03-22T19:50:01.125+0900][4.637s][info][gc,metaspace   ] GC(224) Metaspace: 340K(512K)->340K(512K) NonClass: 322K(384K)->322K(384K) Class: 17K(128K)->17K(128K)
[2026-03-22T19:50:01.125+0900][4.638s][info][gc             ] GC(224) Pause Full (Ergonomics) 444M->101M(501M) 8.413ms
[2026-03-22T19:50:01.125+0900][4.638s][info][gc,cpu         ] GC(224) User=0.09s Sys=0.00s Real=0.01s
[2026-03-22T19:50:01.139+0900][4.651s][info][gc,start       ] GC(225) Pause Young (Allocation Failure)
[2026-03-22T19:50:01.143+0900][4.655s][info][gc,heap        ] GC(225) PSYoungGen: 152561K(163840K)->10560K(163840K) Eden: 152561K(153088K)->0K(153088K) From: 0K(10752K)->10560K(10752K)
[2026-03-22T19:50:01.143+0900][4.655s][info][gc,heap        ] GC(225) ParOldGen: 103430K(349696K)->197639K(349696K)
[2026-03-22T19:50:01.143+0900][4.655s][info][gc,metaspace   ] GC(225) Metaspace: 340K(512K)->340K(512K) NonClass: 322K(384K)->322K(384K) Class: 17K(128K)->17K(128K)
[2026-03-22T19:50:01.143+0900][4.655s][info][gc             ] GC(225) Pause Young (Allocation Failure) 249M->203M(501M) 4.102ms
[2026-03-22T19:50:01.143+0900][4.655s][info][gc,cpu         ] GC(225) User=0.00s Sys=0.00s Real=0.00s
[2026-03-22T19:50:01.157+0900][4.670s][info][gc,start       ] GC(226) Pause Young (Allocation Failure)
[2026-03-22T19:50:01.161+0900][4.674s][info][gc,heap        ] GC(226) PSYoungGen: 163121K(163840K)->10528K(163840K) Eden: 152561K(153088K)->0K(153088K) From: 10560K(10752K)->10528K(10752K)
[2026-03-22T19:50:01.161+0900][4.674s][info][gc,heap        ] GC(226) ParOldGen: 197639K(349696K)->291999K(349696K)
[2026-03-22T19:50:01.162+0900][4.674s][info][gc,metaspace   ] GC(226) Metaspace: 340K(512K)->340K(512K) NonClass: 322K(384K)->322K(384K) Class: 17K(128K)->17K(128K)
[2026-03-22T19:50:01.162+0900][4.674s][info][gc             ] GC(226) Pause Young (Allocation Failure) 352M->295M(501M) 4.135ms
[2026-03-22T19:50:01.162+0900][4.674s][info][gc,cpu         ] GC(226) User=0.00s Sys=0.00s Real=0.00s
[2026-03-22T19:50:01.175+0900][4.688s][info][gc,start       ] GC(227) Pause Full (Ergonomics)
[2026-03-22T19:50:01.175+0900][4.688s][info][gc,phases,start] GC(227) Marking Phase
[2026-03-22T19:50:01.176+0900][4.689s][info][gc,phases      ] GC(227) Marking Phase 1.026ms
[2026-03-22T19:50:01.176+0900][4.689s][info][gc,phases,start] GC(227) Summary Phase
[2026-03-22T19:50:01.176+0900][4.689s][info][gc,phases      ] GC(227) Summary Phase 0.013ms
[2026-03-22T19:50:01.176+0900][4.689s][info][gc,phases,start] GC(227) Adjust Roots
[2026-03-22T19:50:01.176+0900][4.689s][info][gc,phases      ] GC(227) Adjust Roots 0.190ms
[2026-03-22T19:50:01.176+0900][4.689s][info][gc,phases,start] GC(227) Compaction Phase
[2026-03-22T19:50:01.181+0900][4.694s][info][gc,phases      ] GC(227) Compaction Phase 5.029ms
[2026-03-22T19:50:01.181+0900][4.694s][info][gc,phases,start] GC(227) Post Compact
[2026-03-22T19:50:01.183+0900][4.696s][info][gc,phases      ] GC(227) Post Compact 1.733ms
[2026-03-22T19:50:01.183+0900][4.696s][info][gc,heap        ] GC(227) PSYoungGen: 163089K(163840K)->0K(163840K) Eden: 152561K(153088K)->0K(153088K) From: 10528K(10752K)->0K(10752K)
[2026-03-22T19:50:01.183+0900][4.696s][info][gc,heap        ] GC(227) ParOldGen: 291999K(349696K)->103430K(349696K)
[2026-03-22T19:50:01.183+0900][4.696s][info][gc,metaspace   ] GC(227) Metaspace: 340K(512K)->340K(512K) NonClass: 322K(384K)->322K(384K) Class: 17K(128K)->17K(128K)
[2026-03-22T19:50:01.183+0900][4.696s][info][gc             ] GC(227) Pause Full (Ergonomics) 444M->101M(501M) 8.249ms
[2026-03-22T19:50:01.183+0900][4.696s][info][gc,cpu         ] GC(227) User=0.08s Sys=0.00s Real=0.01s
[2026-03-22T19:50:01.197+0900][4.711s][info][gc,start       ] GC(228) Pause Young (Allocation Failure)
[2026-03-22T19:50:01.201+0900][4.715s][info][gc,heap        ] GC(228) PSYoungGen: 152561K(163840K)->10528K(163840K) Eden: 152561K(153088K)->0K(153088K) From: 0K(10752K)->10528K(10752K)
[2026-03-22T19:50:01.201+0900][4.715s][info][gc,heap        ] GC(228) ParOldGen: 103430K(349696K)->197639K(349696K)
[2026-03-22T19:50:01.201+0900][4.715s][info][gc,metaspace   ] GC(228) Metaspace: 340K(512K)->340K(512K) NonClass: 322K(384K)->322K(384K) Class: 17K(128K)->17K(128K)
[2026-03-22T19:50:01.201+0900][4.715s][info][gc             ] GC(228) Pause Young (Allocation Failure) 249M->203M(501M) 4.576ms
[2026-03-22T19:50:01.201+0900][4.715s][info][gc,cpu         ] GC(228) User=0.00s Sys=0.00s Real=0.00s
[2026-03-22T19:50:01.216+0900][4.729s][info][gc,start       ] GC(229) Pause Young (Allocation Failure)
[2026-03-22T19:50:01.220+0900][4.734s][info][gc,heap        ] GC(229) PSYoungGen: 163089K(163840K)->10528K(163840K) Eden: 152561K(153088K)->0K(153088K) From: 10528K(10752K)->10528K(10752K)
[2026-03-22T19:50:01.220+0900][4.734s][info][gc,heap        ] GC(229) ParOldGen: 197639K(349696K)->291999K(349696K)
[2026-03-22T19:50:01.220+0900][4.734s][info][gc,metaspace   ] GC(229) Metaspace: 340K(512K)->340K(512K) NonClass: 322K(384K)->322K(384K) Class: 17K(128K)->17K(128K)
[2026-03-22T19:50:01.220+0900][4.734s][info][gc             ] GC(229) Pause Young (Allocation Failure) 352M->295M(501M) 4.396ms
[2026-03-22T19:50:01.220+0900][4.734s][info][gc,cpu         ] GC(229) User=0.00s Sys=0.00s Real=0.00s
[2026-03-22T19:50:01.234+0900][4.748s][info][gc,start       ] GC(230) Pause Full (Ergonomics)
[2026-03-22T19:50:01.234+0900][4.748s][info][gc,phases,start] GC(230) Marking Phase
[2026-03-22T19:50:01.235+0900][4.749s][info][gc,phases      ] GC(230) Marking Phase 1.016ms
[2026-03-22T19:50:01.235+0900][4.749s][info][gc,phases,start] GC(230) Summary Phase
[2026-03-22T19:50:01.235+0900][4.749s][info][gc,phases      ] GC(230) Summary Phase 0.013ms
[2026-03-22T19:50:01.235+0900][4.749s][info][gc,phases,start] GC(230) Adjust Roots
[2026-03-22T19:50:01.236+0900][4.749s][info][gc,phases      ] GC(230) Adjust Roots 0.240ms
[2026-03-22T19:50:01.236+0900][4.749s][info][gc,phases,start] GC(230) Compaction Phase
[2026-03-22T19:50:01.241+0900][4.754s][info][gc,phases      ] GC(230) Compaction Phase 5.440ms
[2026-03-22T19:50:01.241+0900][4.754s][info][gc,phases,start] GC(230) Post Compact
[2026-03-22T19:50:01.242+0900][4.756s][info][gc,phases      ] GC(230) Post Compact 1.242ms
[2026-03-22T19:50:01.242+0900][4.756s][info][gc,heap        ] GC(230) PSYoungGen: 163089K(163840K)->0K(163840K) Eden: 152561K(153088K)->0K(153088K) From: 10528K(10752K)->0K(10752K)
[2026-03-22T19:50:01.242+0900][4.756s][info][gc,heap        ] GC(230) ParOldGen: 291999K(349696K)->103430K(349696K)
[2026-03-22T19:50:01.242+0900][4.756s][info][gc,metaspace   ] GC(230) Metaspace: 340K(512K)->340K(512K) NonClass: 322K(384K)->322K(384K) Class: 17K(128K)->17K(128K)
[2026-03-22T19:50:01.242+0900][4.756s][info][gc             ] GC(230) Pause Full (Ergonomics) 444M->101M(501M) 8.169ms
[2026-03-22T19:50:01.242+0900][4.756s][info][gc,cpu         ] GC(230) User=0.00s Sys=0.00s Real=0.01s
[2026-03-22T19:50:01.256+0900][4.770s][info][gc,start       ] GC(231) Pause Young (Allocation Failure)
[2026-03-22T19:50:01.261+0900][4.774s][info][gc,heap        ] GC(231) PSYoungGen: 152561K(163840K)->10528K(163840K) Eden: 152561K(153088K)->0K(153088K) From: 0K(10752K)->10528K(10752K)
[2026-03-22T19:50:01.261+0900][4.774s][info][gc,heap        ] GC(231) ParOldGen: 103430K(349696K)->197639K(349696K)
[2026-03-22T19:50:01.261+0900][4.774s][info][gc,metaspace   ] GC(231) Metaspace: 340K(512K)->340K(512K) NonClass: 322K(384K)->322K(384K) Class: 17K(128K)->17K(128K)
[2026-03-22T19:50:01.261+0900][4.774s][info][gc             ] GC(231) Pause Young (Allocation Failure) 249M->203M(501M) 4.286ms
[2026-03-22T19:50:01.261+0900][4.774s][info][gc,cpu         ] GC(231) User=0.08s Sys=0.00s Real=0.00s
[2026-03-22T19:50:01.275+0900][4.789s][info][gc,start       ] GC(232) Pause Young (Allocation Failure)
[2026-03-22T19:50:01.281+0900][4.794s][info][gc,heap        ] GC(232) PSYoungGen: 163089K(163840K)->10560K(163840K) Eden: 152561K(153088K)->0K(153088K) From: 10528K(10752K)->10560K(10752K)
[2026-03-22T19:50:01.281+0900][4.794s][info][gc,heap        ] GC(232) ParOldGen: 197639K(349696K)->291999K(349696K)
[2026-03-22T19:50:01.281+0900][4.794s][info][gc,metaspace   ] GC(232) Metaspace: 340K(512K)->340K(512K) NonClass: 322K(384K)->322K(384K) Class: 17K(128K)->17K(128K)
[2026-03-22T19:50:01.281+0900][4.794s][info][gc             ] GC(232) Pause Young (Allocation Failure) 352M->295M(501M) 5.215ms
[2026-03-22T19:50:01.281+0900][4.794s][info][gc,cpu         ] GC(232) User=0.00s Sys=0.00s Real=0.01s
[2026-03-22T19:50:01.297+0900][4.810s][info][gc,start       ] GC(233) Pause Full (Ergonomics)
[2026-03-22T19:50:01.297+0900][4.810s][info][gc,phases,start] GC(233) Marking Phase
[2026-03-22T19:50:01.299+0900][4.812s][info][gc,phases      ] GC(233) Marking Phase 1.517ms
[2026-03-22T19:50:01.299+0900][4.812s][info][gc,phases,start] GC(233) Summary Phase
[2026-03-22T19:50:01.299+0900][4.812s][info][gc,phases      ] GC(233) Summary Phase 0.014ms
[2026-03-22T19:50:01.299+0900][4.812s][info][gc,phases,start] GC(233) Adjust Roots
[2026-03-22T19:50:01.299+0900][4.812s][info][gc,phases      ] GC(233) Adjust Roots 0.167ms
[2026-03-22T19:50:01.299+0900][4.812s][info][gc,phases,start] GC(233) Compaction Phase
[2026-03-22T19:50:01.303+0900][4.817s][info][gc,phases      ] GC(233) Compaction Phase 4.925ms
[2026-03-22T19:50:01.303+0900][4.817s][info][gc,phases,start] GC(233) Post Compact
[2026-03-22T19:50:01.305+0900][4.818s][info][gc,phases      ] GC(233) Post Compact 1.412ms
[2026-03-22T19:50:01.305+0900][4.818s][info][gc,heap        ] GC(233) PSYoungGen: 163121K(163840K)->0K(163840K) Eden: 152561K(153088K)->0K(153088K) From: 10560K(10752K)->0K(10752K)
[2026-03-22T19:50:01.305+0900][4.818s][info][gc,heap        ] GC(233) ParOldGen: 291999K(349696K)->103430K(349696K)
[2026-03-22T19:50:01.305+0900][4.818s][info][gc,metaspace   ] GC(233) Metaspace: 340K(512K)->340K(512K) NonClass: 322K(384K)->322K(384K) Class: 17K(128K)->17K(128K)
[2026-03-22T19:50:01.305+0900][4.818s][info][gc             ] GC(233) Pause Full (Ergonomics) 444M->101M(501M) 8.381ms
[2026-03-22T19:50:01.305+0900][4.818s][info][gc,cpu         ] GC(233) User=0.00s Sys=0.00s Real=0.01s
[2026-03-22T19:50:01.319+0900][4.832s][info][gc,start       ] GC(234) Pause Young (Allocation Failure)
[2026-03-22T19:50:01.324+0900][4.836s][info][gc,heap        ] GC(234) PSYoungGen: 152561K(163840K)->10528K(163840K) Eden: 152561K(153088K)->0K(153088K) From: 0K(10752K)->10528K(10752K)
[2026-03-22T19:50:01.324+0900][4.837s][info][gc,heap        ] GC(234) ParOldGen: 103430K(349696K)->197639K(349696K)
[2026-03-22T19:50:01.324+0900][4.837s][info][gc,metaspace   ] GC(234) Metaspace: 340K(512K)->340K(512K) NonClass: 322K(384K)->322K(384K) Class: 17K(128K)->17K(128K)
[2026-03-22T19:50:01.324+0900][4.837s][info][gc             ] GC(234) Pause Young (Allocation Failure) 249M->203M(501M) 4.242ms
[2026-03-22T19:50:01.324+0900][4.837s][info][gc,cpu         ] GC(234) User=0.09s Sys=0.00s Real=0.00s
[2026-03-22T19:50:01.338+0900][4.851s][info][gc,start       ] GC(235) Pause Young (Allocation Failure)
[2026-03-22T19:50:01.342+0900][4.855s][info][gc,heap        ] GC(235) PSYoungGen: 163089K(163840K)->10528K(163840K) Eden: 152561K(153088K)->0K(153088K) From: 10528K(10752K)->10528K(10752K)
[2026-03-22T19:50:01.342+0900][4.855s][info][gc,heap        ] GC(235) ParOldGen: 197639K(349696K)->291999K(349696K)
[2026-03-22T19:50:01.342+0900][4.855s][info][gc,metaspace   ] GC(235) Metaspace: 340K(512K)->340K(512K) NonClass: 322K(384K)->322K(384K) Class: 17K(128K)->17K(128K)
[2026-03-22T19:50:01.342+0900][4.855s][info][gc             ] GC(235) Pause Young (Allocation Failure) 352M->295M(501M) 4.324ms
[2026-03-22T19:50:01.342+0900][4.855s][info][gc,cpu         ] GC(235) User=0.00s Sys=0.00s Real=0.00s
[2026-03-22T19:50:01.356+0900][4.869s][info][gc,start       ] GC(236) Pause Full (Ergonomics)
[2026-03-22T19:50:01.356+0900][4.869s][info][gc,phases,start] GC(236) Marking Phase
[2026-03-22T19:50:01.357+0900][4.870s][info][gc,phases      ] GC(236) Marking Phase 1.003ms
[2026-03-22T19:50:01.357+0900][4.870s][info][gc,phases,start] GC(236) Summary Phase
[2026-03-22T19:50:01.357+0900][4.870s][info][gc,phases      ] GC(236) Summary Phase 0.013ms
[2026-03-22T19:50:01.357+0900][4.870s][info][gc,phases,start] GC(236) Adjust Roots
[2026-03-22T19:50:01.357+0900][4.870s][info][gc,phases      ] GC(236) Adjust Roots 0.141ms
[2026-03-22T19:50:01.357+0900][4.870s][info][gc,phases,start] GC(236) Compaction Phase
[2026-03-22T19:50:01.364+0900][4.877s][info][gc,phases      ] GC(236) Compaction Phase 7.184ms
[2026-03-22T19:50:01.364+0900][4.877s][info][gc,phases,start] GC(236) Post Compact
[2026-03-22T19:50:01.366+0900][4.879s][info][gc,phases      ] GC(236) Post Compact 1.411ms
[2026-03-22T19:50:01.366+0900][4.879s][info][gc,heap        ] GC(236) PSYoungGen: 163089K(163840K)->0K(163840K) Eden: 152561K(153088K)->0K(153088K) From: 10528K(10752K)->0K(10752K)
[2026-03-22T19:50:01.366+0900][4.879s][info][gc,heap        ] GC(236) ParOldGen: 291999K(349696K)->103430K(349696K)
[2026-03-22T19:50:01.366+0900][4.879s][info][gc,metaspace   ] GC(236) Metaspace: 340K(512K)->340K(512K) NonClass: 322K(384K)->322K(384K) Class: 17K(128K)->17K(128K)
[2026-03-22T19:50:01.366+0900][4.879s][info][gc             ] GC(236) Pause Full (Ergonomics) 444M->101M(501M) 10.100ms
[2026-03-22T19:50:01.366+0900][4.879s][info][gc,cpu         ] GC(236) User=0.00s Sys=0.00s Real=0.01s
[2026-03-22T19:50:01.381+0900][4.894s][info][gc,start       ] GC(237) Pause Young (Allocation Failure)
[2026-03-22T19:50:01.385+0900][4.898s][info][gc,heap        ] GC(237) PSYoungGen: 152561K(163840K)->10560K(163840K) Eden: 152561K(153088K)->0K(153088K) From: 0K(10752K)->10560K(10752K)
[2026-03-22T19:50:01.385+0900][4.898s][info][gc,heap        ] GC(237) ParOldGen: 103430K(349696K)->197639K(349696K)
[2026-03-22T19:50:01.385+0900][4.898s][info][gc,metaspace   ] GC(237) Metaspace: 340K(512K)->340K(512K) NonClass: 322K(384K)->322K(384K) Class: 17K(128K)->17K(128K)
[2026-03-22T19:50:01.385+0900][4.898s][info][gc             ] GC(237) Pause Young (Allocation Failure) 249M->203M(501M) 4.505ms
[2026-03-22T19:50:01.385+0900][4.898s][info][gc,cpu         ] GC(237) User=0.09s Sys=0.00s Real=0.00s
[2026-03-22T19:50:01.400+0900][4.913s][info][gc,start       ] GC(238) Pause Young (Allocation Failure)
[2026-03-22T19:50:01.405+0900][4.918s][info][gc,heap        ] GC(238) PSYoungGen: 163121K(163840K)->10528K(163840K) Eden: 152561K(153088K)->0K(153088K) From: 10560K(10752K)->10528K(10752K)
[2026-03-22T19:50:01.405+0900][4.918s][info][gc,heap        ] GC(238) ParOldGen: 197639K(349696K)->291999K(349696K)
[2026-03-22T19:50:01.405+0900][4.918s][info][gc,metaspace   ] GC(238) Metaspace: 340K(512K)->340K(512K) NonClass: 322K(384K)->322K(384K) Class: 17K(128K)->17K(128K)
[2026-03-22T19:50:01.405+0900][4.918s][info][gc             ] GC(238) Pause Young (Allocation Failure) 352M->295M(501M) 4.622ms
[2026-03-22T19:50:01.405+0900][4.918s][info][gc,cpu         ] GC(238) User=0.00s Sys=0.00s Real=0.00s
[2026-03-22T19:50:01.418+0900][4.932s][info][gc,start       ] GC(239) Pause Full (Ergonomics)
[2026-03-22T19:50:01.418+0900][4.932s][info][gc,phases,start] GC(239) Marking Phase
[2026-03-22T19:50:01.419+0900][4.933s][info][gc,phases      ] GC(239) Marking Phase 1.277ms
[2026-03-22T19:50:01.419+0900][4.933s][info][gc,phases,start] GC(239) Summary Phase
[2026-03-22T19:50:01.419+0900][4.933s][info][gc,phases      ] GC(239) Summary Phase 0.059ms
[2026-03-22T19:50:01.419+0900][4.933s][info][gc,phases,start] GC(239) Adjust Roots
[2026-03-22T19:50:01.421+0900][4.934s][info][gc,phases      ] GC(239) Adjust Roots 0.319ms
[2026-03-22T19:50:01.421+0900][4.934s][info][gc,phases,start] GC(239) Compaction Phase
[2026-03-22T19:50:01.426+0900][4.939s][info][gc,phases      ] GC(239) Compaction Phase 5.157ms
[2026-03-22T19:50:01.426+0900][4.939s][info][gc,phases,start] GC(239) Post Compact
[2026-03-22T19:50:01.428+0900][4.940s][info][gc,phases      ] GC(239) Post Compact 1.486ms
[2026-03-22T19:50:01.428+0900][4.940s][info][gc,heap        ] GC(239) PSYoungGen: 163089K(163840K)->0K(163840K) Eden: 152561K(153088K)->0K(153088K) From: 10528K(10752K)->0K(10752K)
[2026-03-22T19:50:01.428+0900][4.940s][info][gc,heap        ] GC(239) ParOldGen: 291999K(349696K)->103430K(349696K)
[2026-03-22T19:50:01.428+0900][4.940s][info][gc,metaspace   ] GC(239) Metaspace: 340K(512K)->340K(512K) NonClass: 322K(384K)->322K(384K) Class: 17K(128K)->17K(128K)
[2026-03-22T19:50:01.428+0900][4.940s][info][gc             ] GC(239) Pause Full (Ergonomics) 444M->101M(501M) 8.771ms
[2026-03-22T19:50:01.428+0900][4.941s][info][gc,cpu         ] GC(239) User=0.00s Sys=0.00s Real=0.01s
[2026-03-22T19:50:01.441+0900][4.955s][info][gc,start       ] GC(240) Pause Young (Allocation Failure)
[2026-03-22T19:50:01.446+0900][4.959s][info][gc,heap        ] GC(240) PSYoungGen: 152561K(163840K)->10528K(163840K) Eden: 152561K(153088K)->0K(153088K) From: 0K(10752K)->10528K(10752K)
[2026-03-22T19:50:01.446+0900][4.959s][info][gc,heap        ] GC(240) ParOldGen: 103430K(349696K)->197639K(349696K)
[2026-03-22T19:50:01.446+0900][4.959s][info][gc,metaspace   ] GC(240) Metaspace: 340K(512K)->340K(512K) NonClass: 322K(384K)->322K(384K) Class: 17K(128K)->17K(128K)
[2026-03-22T19:50:01.446+0900][4.959s][info][gc             ] GC(240) Pause Young (Allocation Failure) 249M->203M(501M) 4.625ms
[2026-03-22T19:50:01.446+0900][4.959s][info][gc,cpu         ] GC(240) User=0.00s Sys=0.00s Real=0.01s
[2026-03-22T19:50:01.460+0900][4.973s][info][gc,start       ] GC(241) Pause Young (Allocation Failure)
[2026-03-22T19:50:01.465+0900][4.978s][info][gc,heap        ] GC(241) PSYoungGen: 163089K(163840K)->10560K(163840K) Eden: 152561K(153088K)->0K(153088K) From: 10528K(10752K)->10560K(10752K)
[2026-03-22T19:50:01.465+0900][4.978s][info][gc,heap        ] GC(241) ParOldGen: 197639K(349696K)->291999K(349696K)
[2026-03-22T19:50:01.465+0900][4.978s][info][gc,metaspace   ] GC(241) Metaspace: 340K(512K)->340K(512K) NonClass: 322K(384K)->322K(384K) Class: 17K(128K)->17K(128K)
[2026-03-22T19:50:01.465+0900][4.978s][info][gc             ] GC(241) Pause Young (Allocation Failure) 352M->295M(501M) 4.514ms
[2026-03-22T19:50:01.465+0900][4.978s][info][gc,cpu         ] GC(241) User=0.08s Sys=0.00s Real=0.00s
[2026-03-22T19:50:01.479+0900][4.992s][info][gc,start       ] GC(242) Pause Full (Ergonomics)
[2026-03-22T19:50:01.479+0900][4.992s][info][gc,phases,start] GC(242) Marking Phase
[2026-03-22T19:50:01.480+0900][4.993s][info][gc,phases      ] GC(242) Marking Phase 1.253ms
[2026-03-22T19:50:01.480+0900][4.993s][info][gc,phases,start] GC(242) Summary Phase
[2026-03-22T19:50:01.480+0900][4.993s][info][gc,phases      ] GC(242) Summary Phase 0.013ms
[2026-03-22T19:50:01.480+0900][4.993s][info][gc,phases,start] GC(242) Adjust Roots
[2026-03-22T19:50:01.481+0900][4.993s][info][gc,phases      ] GC(242) Adjust Roots 0.176ms
[2026-03-22T19:50:01.481+0900][4.993s][info][gc,phases,start] GC(242) Compaction Phase
[2026-03-22T19:50:01.487+0900][5.000s][info][gc,phases      ] GC(242) Compaction Phase 6.513ms
[2026-03-22T19:50:01.487+0900][5.000s][info][gc,phases,start] GC(242) Post Compact
[2026-03-22T19:50:01.489+0900][5.001s][info][gc,phases      ] GC(242) Post Compact 1.414ms
[2026-03-22T19:50:01.489+0900][5.001s][info][gc,heap        ] GC(242) PSYoungGen: 163121K(163840K)->0K(163840K) Eden: 152561K(153088K)->0K(153088K) From: 10560K(10752K)->0K(10752K)
[2026-03-22T19:50:01.489+0900][5.001s][info][gc,heap        ] GC(242) ParOldGen: 291999K(349696K)->103430K(349696K)
[2026-03-22T19:50:01.489+0900][5.001s][info][gc,metaspace   ] GC(242) Metaspace: 340K(512K)->340K(512K) NonClass: 322K(384K)->322K(384K) Class: 17K(128K)->17K(128K)
[2026-03-22T19:50:01.489+0900][5.001s][info][gc             ] GC(242) Pause Full (Ergonomics) 444M->101M(501M) 9.653ms
[2026-03-22T19:50:01.489+0900][5.001s][info][gc,cpu         ] GC(242) User=0.00s Sys=0.00s Real=0.01s
[2026-03-22T19:50:01.503+0900][5.016s][info][gc,start       ] GC(243) Pause Young (Allocation Failure)
[2026-03-22T19:50:01.508+0900][5.020s][info][gc,heap        ] GC(243) PSYoungGen: 152561K(163840K)->10528K(163840K) Eden: 152561K(153088K)->0K(153088K) From: 0K(10752K)->10528K(10752K)
[2026-03-22T19:50:01.508+0900][5.020s][info][gc,heap        ] GC(243) ParOldGen: 103430K(349696K)->197639K(349696K)
[2026-03-22T19:50:01.508+0900][5.020s][info][gc,metaspace   ] GC(243) Metaspace: 340K(512K)->340K(512K) NonClass: 322K(384K)->322K(384K) Class: 17K(128K)->17K(128K)
[2026-03-22T19:50:01.508+0900][5.020s][info][gc             ] GC(243) Pause Young (Allocation Failure) 249M->203M(501M) 4.513ms
[2026-03-22T19:50:01.508+0900][5.020s][info][gc,cpu         ] GC(243) User=0.00s Sys=0.00s Real=0.00s
[2026-03-22T19:50:01.521+0900][5.034s][info][gc,start       ] GC(244) Pause Young (Allocation Failure)
[2026-03-22T19:50:01.526+0900][5.039s][info][gc,heap        ] GC(244) PSYoungGen: 163089K(163840K)->10528K(163840K) Eden: 152561K(153088K)->0K(153088K) From: 10528K(10752K)->10528K(10752K)
[2026-03-22T19:50:01.526+0900][5.039s][info][gc,heap        ] GC(244) ParOldGen: 197639K(349696K)->291999K(349696K)
[2026-03-22T19:50:01.526+0900][5.039s][info][gc,metaspace   ] GC(244) Metaspace: 340K(512K)->340K(512K) NonClass: 322K(384K)->322K(384K) Class: 17K(128K)->17K(128K)
[2026-03-22T19:50:01.526+0900][5.039s][info][gc             ] GC(244) Pause Young (Allocation Failure) 352M->295M(501M) 4.314ms
[2026-03-22T19:50:01.526+0900][5.039s][info][gc,cpu         ] GC(244) User=0.09s Sys=0.00s Real=0.01s
[2026-03-22T19:50:01.540+0900][5.053s][info][gc,start       ] GC(245) Pause Full (Ergonomics)
[2026-03-22T19:50:01.540+0900][5.053s][info][gc,phases,start] GC(245) Marking Phase
[2026-03-22T19:50:01.541+0900][5.054s][info][gc,phases      ] GC(245) Marking Phase 0.956ms
[2026-03-22T19:50:01.541+0900][5.054s][info][gc,phases,start] GC(245) Summary Phase
[2026-03-22T19:50:01.541+0900][5.054s][info][gc,phases      ] GC(245) Summary Phase 0.013ms
[2026-03-22T19:50:01.541+0900][5.054s][info][gc,phases,start] GC(245) Adjust Roots
[2026-03-22T19:50:01.541+0900][5.054s][info][gc,phases      ] GC(245) Adjust Roots 0.146ms
[2026-03-22T19:50:01.541+0900][5.054s][info][gc,phases,start] GC(245) Compaction Phase
[2026-03-22T19:50:01.546+0900][5.059s][info][gc,phases      ] GC(245) Compaction Phase 4.844ms
[2026-03-22T19:50:01.546+0900][5.059s][info][gc,phases,start] GC(245) Post Compact
[2026-03-22T19:50:01.547+0900][5.060s][info][gc,phases      ] GC(245) Post Compact 1.375ms
[2026-03-22T19:50:01.547+0900][5.060s][info][gc,heap        ] GC(245) PSYoungGen: 163089K(163840K)->0K(163840K) Eden: 152561K(153088K)->0K(153088K) From: 10528K(10752K)->0K(10752K)
[2026-03-22T19:50:01.547+0900][5.060s][info][gc,heap        ] GC(245) ParOldGen: 291999K(349696K)->103430K(349696K)
[2026-03-22T19:50:01.547+0900][5.060s][info][gc,metaspace   ] GC(245) Metaspace: 340K(512K)->340K(512K) NonClass: 322K(384K)->322K(384K) Class: 17K(128K)->17K(128K)
[2026-03-22T19:50:01.547+0900][5.060s][info][gc             ] GC(245) Pause Full (Ergonomics) 444M->101M(501M) 7.580ms
[2026-03-22T19:50:01.547+0900][5.060s][info][gc,cpu         ] GC(245) User=0.09s Sys=0.00s Real=0.01s
[2026-03-22T19:50:01.562+0900][5.074s][info][gc,start       ] GC(246) Pause Young (Allocation Failure)
[2026-03-22T19:50:01.566+0900][5.079s][info][gc,heap        ] GC(246) PSYoungGen: 152561K(163840K)->10560K(163840K) Eden: 152561K(153088K)->0K(153088K) From: 0K(10752K)->10560K(10752K)
[2026-03-22T19:50:01.566+0900][5.079s][info][gc,heap        ] GC(246) ParOldGen: 103430K(349696K)->197639K(349696K)
[2026-03-22T19:50:01.566+0900][5.079s][info][gc,metaspace   ] GC(246) Metaspace: 340K(512K)->340K(512K) NonClass: 322K(384K)->322K(384K) Class: 17K(128K)->17K(128K)
[2026-03-22T19:50:01.566+0900][5.079s][info][gc             ] GC(246) Pause Young (Allocation Failure) 249M->203M(501M) 4.678ms
[2026-03-22T19:50:01.566+0900][5.079s][info][gc,cpu         ] GC(246) User=0.00s Sys=0.00s Real=0.00s
[2026-03-22T19:50:01.580+0900][5.093s][info][gc,start       ] GC(247) Pause Young (Allocation Failure)
[2026-03-22T19:50:01.585+0900][5.098s][info][gc,heap        ] GC(247) PSYoungGen: 163121K(163840K)->10560K(163840K) Eden: 152561K(153088K)->0K(153088K) From: 10560K(10752K)->10560K(10752K)
[2026-03-22T19:50:01.585+0900][5.098s][info][gc,heap        ] GC(247) ParOldGen: 197639K(349696K)->291999K(349696K)
[2026-03-22T19:50:01.585+0900][5.098s][info][gc,metaspace   ] GC(247) Metaspace: 340K(512K)->340K(512K) NonClass: 322K(384K)->322K(384K) Class: 17K(128K)->17K(128K)
[2026-03-22T19:50:01.585+0900][5.098s][info][gc             ] GC(247) Pause Young (Allocation Failure) 352M->295M(501M) 4.903ms
[2026-03-22T19:50:01.585+0900][5.098s][info][gc,cpu         ] GC(247) User=0.00s Sys=0.00s Real=0.01s
[2026-03-22T19:50:01.599+0900][5.112s][info][gc,start       ] GC(248) Pause Full (Ergonomics)
[2026-03-22T19:50:01.599+0900][5.112s][info][gc,phases,start] GC(248) Marking Phase
[2026-03-22T19:50:01.600+0900][5.113s][info][gc,phases      ] GC(248) Marking Phase 0.958ms
[2026-03-22T19:50:01.600+0900][5.113s][info][gc,phases,start] GC(248) Summary Phase
[2026-03-22T19:50:01.600+0900][5.113s][info][gc,phases      ] GC(248) Summary Phase 0.013ms
[2026-03-22T19:50:01.600+0900][5.113s][info][gc,phases,start] GC(248) Adjust Roots
[2026-03-22T19:50:01.600+0900][5.114s][info][gc,phases      ] GC(248) Adjust Roots 0.196ms
[2026-03-22T19:50:01.600+0900][5.114s][info][gc,phases,start] GC(248) Compaction Phase
[2026-03-22T19:50:01.606+0900][5.119s][info][gc,phases      ] GC(248) Compaction Phase 5.498ms
[2026-03-22T19:50:01.606+0900][5.119s][info][gc,phases,start] GC(248) Post Compact
[2026-03-22T19:50:01.607+0900][5.120s][info][gc,phases      ] GC(248) Post Compact 1.267ms
[2026-03-22T19:50:01.607+0900][5.120s][info][gc,heap        ] GC(248) PSYoungGen: 163121K(163840K)->0K(163840K) Eden: 152561K(153088K)->0K(153088K) From: 10560K(10752K)->0K(10752K)
[2026-03-22T19:50:01.607+0900][5.120s][info][gc,heap        ] GC(248) ParOldGen: 291999K(349696K)->103430K(349696K)
[2026-03-22T19:50:01.607+0900][5.120s][info][gc,metaspace   ] GC(248) Metaspace: 340K(512K)->340K(512K) NonClass: 322K(384K)->322K(384K) Class: 17K(128K)->17K(128K)
[2026-03-22T19:50:01.607+0900][5.120s][info][gc             ] GC(248) Pause Full (Ergonomics) 444M->101M(501M) 8.167ms
[2026-03-22T19:50:01.607+0900][5.120s][info][gc,cpu         ] GC(248) User=0.09s Sys=0.00s Real=0.01s
[2026-03-22T19:50:01.622+0900][5.135s][info][gc,start       ] GC(249) Pause Young (Allocation Failure)
[2026-03-22T19:50:01.626+0900][5.139s][info][gc,heap        ] GC(249) PSYoungGen: 152561K(163840K)->10560K(163840K) Eden: 152561K(153088K)->0K(153088K) From: 0K(10752K)->10560K(10752K)
[2026-03-22T19:50:01.626+0900][5.139s][info][gc,heap        ] GC(249) ParOldGen: 103430K(349696K)->197639K(349696K)
[2026-03-22T19:50:01.626+0900][5.139s][info][gc,metaspace   ] GC(249) Metaspace: 340K(512K)->340K(512K) NonClass: 322K(384K)->322K(384K) Class: 17K(128K)->17K(128K)
[2026-03-22T19:50:01.626+0900][5.139s][info][gc             ] GC(249) Pause Young (Allocation Failure) 249M->203M(501M) 4.265ms
[2026-03-22T19:50:01.626+0900][5.139s][info][gc,cpu         ] GC(249) User=0.00s Sys=0.00s Real=0.00s
[2026-03-22T19:50:01.640+0900][5.153s][info][gc,start       ] GC(250) Pause Young (Allocation Failure)
[2026-03-22T19:50:01.645+0900][5.158s][info][gc,heap        ] GC(250) PSYoungGen: 163121K(163840K)->10528K(163840K) Eden: 152561K(153088K)->0K(153088K) From: 10560K(10752K)->10528K(10752K)
[2026-03-22T19:50:01.645+0900][5.158s][info][gc,heap        ] GC(250) ParOldGen: 197639K(349696K)->291999K(349696K)
[2026-03-22T19:50:01.645+0900][5.158s][info][gc,metaspace   ] GC(250) Metaspace: 340K(512K)->340K(512K) NonClass: 322K(384K)->322K(384K) Class: 17K(128K)->17K(128K)
[2026-03-22T19:50:01.645+0900][5.158s][info][gc             ] GC(250) Pause Young (Allocation Failure) 352M->295M(501M) 4.332ms
[2026-03-22T19:50:01.645+0900][5.158s][info][gc,cpu         ] GC(250) User=0.00s Sys=0.00s Real=0.00s
[2026-03-22T19:50:01.659+0900][5.172s][info][gc,start       ] GC(251) Pause Full (Ergonomics)
[2026-03-22T19:50:01.660+0900][5.172s][info][gc,phases,start] GC(251) Marking Phase
[2026-03-22T19:50:01.660+0900][5.173s][info][gc,phases      ] GC(251) Marking Phase 0.924ms
[2026-03-22T19:50:01.660+0900][5.173s][info][gc,phases,start] GC(251) Summary Phase
[2026-03-22T19:50:01.660+0900][5.173s][info][gc,phases      ] GC(251) Summary Phase 0.012ms
[2026-03-22T19:50:01.660+0900][5.173s][info][gc,phases,start] GC(251) Adjust Roots
[2026-03-22T19:50:01.661+0900][5.173s][info][gc,phases      ] GC(251) Adjust Roots 0.204ms
[2026-03-22T19:50:01.661+0900][5.173s][info][gc,phases,start] GC(251) Compaction Phase
[2026-03-22T19:50:01.666+0900][5.179s][info][gc,phases      ] GC(251) Compaction Phase 5.084ms
[2026-03-22T19:50:01.666+0900][5.179s][info][gc,phases,start] GC(251) Post Compact
[2026-03-22T19:50:01.667+0900][5.180s][info][gc,phases      ] GC(251) Post Compact 1.246ms
[2026-03-22T19:50:01.667+0900][5.180s][info][gc,heap        ] GC(251) PSYoungGen: 163089K(163840K)->0K(163840K) Eden: 152561K(153088K)->0K(153088K) From: 10528K(10752K)->0K(10752K)
[2026-03-22T19:50:01.667+0900][5.180s][info][gc,heap        ] GC(251) ParOldGen: 291999K(349696K)->103430K(349696K)
[2026-03-22T19:50:01.667+0900][5.180s][info][gc,metaspace   ] GC(251) Metaspace: 340K(512K)->340K(512K) NonClass: 322K(384K)->322K(384K) Class: 17K(128K)->17K(128K)
[2026-03-22T19:50:01.667+0900][5.180s][info][gc             ] GC(251) Pause Full (Ergonomics) 444M->101M(501M) 7.676ms
[2026-03-22T19:50:01.667+0900][5.180s][info][gc,cpu         ] GC(251) User=0.00s Sys=0.00s Real=0.01s
[2026-03-22T19:50:01.681+0900][5.194s][info][gc,start       ] GC(252) Pause Young (Allocation Failure)
[2026-03-22T19:50:01.685+0900][5.198s][info][gc,heap        ] GC(252) PSYoungGen: 152561K(163840K)->10528K(163840K) Eden: 152561K(153088K)->0K(153088K) From: 0K(10752K)->10528K(10752K)
[2026-03-22T19:50:01.685+0900][5.198s][info][gc,heap        ] GC(252) ParOldGen: 103430K(349696K)->197639K(349696K)
[2026-03-22T19:50:01.685+0900][5.198s][info][gc,metaspace   ] GC(252) Metaspace: 340K(512K)->340K(512K) NonClass: 322K(384K)->322K(384K) Class: 17K(128K)->17K(128K)
[2026-03-22T19:50:01.685+0900][5.198s][info][gc             ] GC(252) Pause Young (Allocation Failure) 249M->203M(501M) 4.142ms
[2026-03-22T19:50:01.685+0900][5.198s][info][gc,cpu         ] GC(252) User=0.09s Sys=0.00s Real=0.00s
[2026-03-22T19:50:01.699+0900][5.212s][info][gc,start       ] GC(253) Pause Young (Allocation Failure)
[2026-03-22T19:50:01.703+0900][5.216s][info][gc,heap        ] GC(253) PSYoungGen: 163089K(163840K)->10528K(163840K) Eden: 152561K(153088K)->0K(153088K) From: 10528K(10752K)->10528K(10752K)
[2026-03-22T19:50:01.703+0900][5.216s][info][gc,heap        ] GC(253) ParOldGen: 197639K(349696K)->291999K(349696K)
[2026-03-22T19:50:01.703+0900][5.216s][info][gc,metaspace   ] GC(253) Metaspace: 340K(512K)->340K(512K) NonClass: 322K(384K)->322K(384K) Class: 17K(128K)->17K(128K)
[2026-03-22T19:50:01.703+0900][5.216s][info][gc             ] GC(253) Pause Young (Allocation Failure) 352M->295M(501M) 4.298ms
[2026-03-22T19:50:01.703+0900][5.216s][info][gc,cpu         ] GC(253) User=0.00s Sys=0.00s Real=0.00s
[2026-03-22T19:50:01.717+0900][5.230s][info][gc,start       ] GC(254) Pause Full (Ergonomics)
[2026-03-22T19:50:01.717+0900][5.230s][info][gc,phases,start] GC(254) Marking Phase
[2026-03-22T19:50:01.718+0900][5.231s][info][gc,phases      ] GC(254) Marking Phase 1.128ms
[2026-03-22T19:50:01.718+0900][5.231s][info][gc,phases,start] GC(254) Summary Phase
[2026-03-22T19:50:01.718+0900][5.231s][info][gc,phases      ] GC(254) Summary Phase 0.013ms
[2026-03-22T19:50:01.718+0900][5.231s][info][gc,phases,start] GC(254) Adjust Roots
[2026-03-22T19:50:01.718+0900][5.231s][info][gc,phases      ] GC(254) Adjust Roots 0.178ms
[2026-03-22T19:50:01.718+0900][5.231s][info][gc,phases,start] GC(254) Compaction Phase
[2026-03-22T19:50:01.724+0900][5.236s][info][gc,phases      ] GC(254) Compaction Phase 4.844ms
[2026-03-22T19:50:01.724+0900][5.236s][info][gc,phases,start] GC(254) Post Compact
[2026-03-22T19:50:01.725+0900][5.238s][info][gc,phases      ] GC(254) Post Compact 1.314ms
[2026-03-22T19:50:01.725+0900][5.238s][info][gc,heap        ] GC(254) PSYoungGen: 163089K(163840K)->0K(163840K) Eden: 152561K(153088K)->0K(153088K) From: 10528K(10752K)->0K(10752K)
[2026-03-22T19:50:01.725+0900][5.238s][info][gc,heap        ] GC(254) ParOldGen: 291999K(349696K)->103430K(349696K)
[2026-03-22T19:50:01.725+0900][5.238s][info][gc,metaspace   ] GC(254) Metaspace: 340K(512K)->340K(512K) NonClass: 322K(384K)->322K(384K) Class: 17K(128K)->17K(128K)
[2026-03-22T19:50:01.725+0900][5.238s][info][gc             ] GC(254) Pause Full (Ergonomics) 444M->101M(501M) 7.682ms
[2026-03-22T19:50:01.725+0900][5.238s][info][gc,cpu         ] GC(254) User=0.00s Sys=0.00s Real=0.01s
[2026-03-22T19:50:01.739+0900][5.252s][info][gc,start       ] GC(255) Pause Young (Allocation Failure)
[2026-03-22T19:50:01.743+0900][5.256s][info][gc,heap        ] GC(255) PSYoungGen: 152561K(163840K)->10528K(163840K) Eden: 152561K(153088K)->0K(153088K) From: 0K(10752K)->10528K(10752K)
[2026-03-22T19:50:01.743+0900][5.256s][info][gc,heap        ] GC(255) ParOldGen: 103430K(349696K)->197639K(349696K)
[2026-03-22T19:50:01.743+0900][5.256s][info][gc,metaspace   ] GC(255) Metaspace: 340K(512K)->340K(512K) NonClass: 322K(384K)->322K(384K) Class: 17K(128K)->17K(128K)
[2026-03-22T19:50:01.743+0900][5.256s][info][gc             ] GC(255) Pause Young (Allocation Failure) 249M->203M(501M) 4.083ms
[2026-03-22T19:50:01.743+0900][5.256s][info][gc,cpu         ] GC(255) User=0.00s Sys=0.00s Real=0.00s
[2026-03-22T19:50:01.757+0900][5.270s][info][gc,start       ] GC(256) Pause Young (Allocation Failure)
[2026-03-22T19:50:01.762+0900][5.275s][info][gc,heap        ] GC(256) PSYoungGen: 163089K(163840K)->10528K(163840K) Eden: 152561K(153088K)->0K(153088K) From: 10528K(10752K)->10528K(10752K)
[2026-03-22T19:50:01.762+0900][5.275s][info][gc,heap        ] GC(256) ParOldGen: 197639K(349696K)->291999K(349696K)
[2026-03-22T19:50:01.762+0900][5.275s][info][gc,metaspace   ] GC(256) Metaspace: 340K(512K)->340K(512K) NonClass: 322K(384K)->322K(384K) Class: 17K(128K)->17K(128K)
[2026-03-22T19:50:01.762+0900][5.275s][info][gc             ] GC(256) Pause Young (Allocation Failure) 352M->295M(501M) 4.580ms
[2026-03-22T19:50:01.762+0900][5.275s][info][gc,cpu         ] GC(256) User=0.09s Sys=0.00s Real=0.01s
[2026-03-22T19:50:01.776+0900][5.289s][info][gc,start       ] GC(257) Pause Full (Ergonomics)
[2026-03-22T19:50:01.776+0900][5.289s][info][gc,phases,start] GC(257) Marking Phase
[2026-03-22T19:50:01.777+0900][5.290s][info][gc,phases      ] GC(257) Marking Phase 1.136ms
[2026-03-22T19:50:01.777+0900][5.290s][info][gc,phases,start] GC(257) Summary Phase
[2026-03-22T19:50:01.777+0900][5.290s][info][gc,phases      ] GC(257) Summary Phase 0.013ms
[2026-03-22T19:50:01.777+0900][5.290s][info][gc,phases,start] GC(257) Adjust Roots
[2026-03-22T19:50:01.778+0900][5.291s][info][gc,phases      ] GC(257) Adjust Roots 0.244ms
[2026-03-22T19:50:01.778+0900][5.291s][info][gc,phases,start] GC(257) Compaction Phase
[2026-03-22T19:50:01.784+0900][5.296s][info][gc,phases      ] GC(257) Compaction Phase 5.731ms
[2026-03-22T19:50:01.784+0900][5.297s][info][gc,phases,start] GC(257) Post Compact
[2026-03-22T19:50:01.786+0900][5.298s][info][gc,phases      ] GC(257) Post Compact 1.606ms
[2026-03-22T19:50:01.786+0900][5.298s][info][gc,heap        ] GC(257) PSYoungGen: 163089K(163840K)->0K(163840K) Eden: 152561K(153088K)->0K(153088K) From: 10528K(10752K)->0K(10752K)
[2026-03-22T19:50:01.786+0900][5.298s][info][gc,heap        ] GC(257) ParOldGen: 291999K(349696K)->103430K(349696K)
[2026-03-22T19:50:01.786+0900][5.298s][info][gc,metaspace   ] GC(257) Metaspace: 340K(512K)->340K(512K) NonClass: 322K(384K)->322K(384K) Class: 17K(128K)->17K(128K)
[2026-03-22T19:50:01.786+0900][5.298s][info][gc             ] GC(257) Pause Full (Ergonomics) 444M->101M(501M) 9.047ms
[2026-03-22T19:50:01.786+0900][5.298s][info][gc,cpu         ] GC(257) User=0.00s Sys=0.00s Real=0.01s
[2026-03-22T19:50:01.800+0900][5.312s][info][gc,start       ] GC(258) Pause Young (Allocation Failure)
[2026-03-22T19:50:01.804+0900][5.316s][info][gc,heap        ] GC(258) PSYoungGen: 152561K(163840K)->10528K(163840K) Eden: 152561K(153088K)->0K(153088K) From: 0K(10752K)->10528K(10752K)
[2026-03-22T19:50:01.804+0900][5.316s][info][gc,heap        ] GC(258) ParOldGen: 103430K(349696K)->197639K(349696K)
[2026-03-22T19:50:01.804+0900][5.316s][info][gc,metaspace   ] GC(258) Metaspace: 340K(512K)->340K(512K) NonClass: 322K(384K)->322K(384K) Class: 17K(128K)->17K(128K)
[2026-03-22T19:50:01.804+0900][5.316s][info][gc             ] GC(258) Pause Young (Allocation Failure) 249M->203M(501M) 4.215ms
[2026-03-22T19:50:01.804+0900][5.316s][info][gc,cpu         ] GC(258) User=0.00s Sys=0.00s Real=0.00s
[2026-03-22T19:50:01.817+0900][5.330s][info][gc,start       ] GC(259) Pause Young (Allocation Failure)
[2026-03-22T19:50:01.821+0900][5.334s][info][gc,heap        ] GC(259) PSYoungGen: 163089K(163840K)->10528K(163840K) Eden: 152561K(153088K)->0K(153088K) From: 10528K(10752K)->10528K(10752K)
[2026-03-22T19:50:01.821+0900][5.334s][info][gc,heap        ] GC(259) ParOldGen: 197639K(349696K)->291999K(349696K)
[2026-03-22T19:50:01.821+0900][5.334s][info][gc,metaspace   ] GC(259) Metaspace: 340K(512K)->340K(512K) NonClass: 322K(384K)->322K(384K) Class: 17K(128K)->17K(128K)
[2026-03-22T19:50:01.821+0900][5.334s][info][gc             ] GC(259) Pause Young (Allocation Failure) 352M->295M(501M) 4.073ms
[2026-03-22T19:50:01.821+0900][5.334s][info][gc,cpu         ] GC(259) User=0.00s Sys=0.00s Real=0.00s
[2026-03-22T19:50:01.835+0900][5.348s][info][gc,start       ] GC(260) Pause Full (Ergonomics)
[2026-03-22T19:50:01.835+0900][5.348s][info][gc,phases,start] GC(260) Marking Phase
[2026-03-22T19:50:01.836+0900][5.349s][info][gc,phases      ] GC(260) Marking Phase 1.363ms
[2026-03-22T19:50:01.836+0900][5.349s][info][gc,phases,start] GC(260) Summary Phase
[2026-03-22T19:50:01.836+0900][5.349s][info][gc,phases      ] GC(260) Summary Phase 0.019ms
[2026-03-22T19:50:01.836+0900][5.349s][info][gc,phases,start] GC(260) Adjust Roots
[2026-03-22T19:50:01.837+0900][5.350s][info][gc,phases      ] GC(260) Adjust Roots 0.349ms
[2026-03-22T19:50:01.837+0900][5.350s][info][gc,phases,start] GC(260) Compaction Phase
[2026-03-22T19:50:01.842+0900][5.355s][info][gc,phases      ] GC(260) Compaction Phase 5.155ms
[2026-03-22T19:50:01.842+0900][5.355s][info][gc,phases,start] GC(260) Post Compact
[2026-03-22T19:50:01.843+0900][5.357s][info][gc,phases      ] GC(260) Post Compact 1.655ms
[2026-03-22T19:50:01.843+0900][5.357s][info][gc,heap        ] GC(260) PSYoungGen: 163089K(163840K)->0K(163840K) Eden: 152561K(153088K)->0K(153088K) From: 10528K(10752K)->0K(10752K)
[2026-03-22T19:50:01.843+0900][5.357s][info][gc,heap        ] GC(260) ParOldGen: 291999K(349696K)->103195K(349696K)
[2026-03-22T19:50:01.843+0900][5.357s][info][gc,metaspace   ] GC(260) Metaspace: 340K(512K)->340K(512K) NonClass: 322K(384K)->322K(384K) Class: 17K(128K)->17K(128K)
[2026-03-22T19:50:01.843+0900][5.357s][info][gc             ] GC(260) Pause Full (Ergonomics) 444M->100M(501M) 8.785ms
[2026-03-22T19:50:01.843+0900][5.357s][info][gc,cpu         ] GC(260) User=0.09s Sys=0.00s Real=0.01s
[2026-03-22T19:50:01.857+0900][5.370s][info][gc,start       ] GC(261) Pause Young (Allocation Failure)
[2026-03-22T19:50:01.862+0900][5.375s][info][gc,heap        ] GC(261) PSYoungGen: 152561K(163840K)->10528K(163840K) Eden: 152561K(153088K)->0K(153088K) From: 0K(10752K)->10528K(10752K)
[2026-03-22T19:50:01.862+0900][5.375s][info][gc,heap        ] GC(261) ParOldGen: 103195K(349696K)->197403K(349696K)
[2026-03-22T19:50:01.862+0900][5.375s][info][gc,metaspace   ] GC(261) Metaspace: 340K(512K)->340K(512K) NonClass: 322K(384K)->322K(384K) Class: 17K(128K)->17K(128K)
[2026-03-22T19:50:01.862+0900][5.375s][info][gc             ] GC(261) Pause Young (Allocation Failure) 249M->203M(501M) 4.305ms
[2026-03-22T19:50:01.862+0900][5.375s][info][gc,cpu         ] GC(261) User=0.00s Sys=0.00s Real=0.00s
[2026-03-22T19:50:01.875+0900][5.389s][info][gc,start       ] GC(262) Pause Young (Allocation Failure)
[2026-03-22T19:50:01.880+0900][5.393s][info][gc,heap        ] GC(262) PSYoungGen: 163089K(163840K)->10528K(163840K) Eden: 152561K(153088K)->0K(153088K) From: 10528K(10752K)->10528K(10752K)
[2026-03-22T19:50:01.880+0900][5.393s][info][gc,heap        ] GC(262) ParOldGen: 197403K(349696K)->291764K(349696K)
[2026-03-22T19:50:01.880+0900][5.393s][info][gc,metaspace   ] GC(262) Metaspace: 340K(512K)->340K(512K) NonClass: 322K(384K)->322K(384K) Class: 17K(128K)->17K(128K)
[2026-03-22T19:50:01.880+0900][5.393s][info][gc             ] GC(262) Pause Young (Allocation Failure) 352M->295M(501M) 4.277ms
[2026-03-22T19:50:01.880+0900][5.393s][info][gc,cpu         ] GC(262) User=0.00s Sys=0.00s Real=0.01s
[2026-03-22T19:50:01.894+0900][5.407s][info][gc,start       ] GC(263) Pause Full (Ergonomics)
[2026-03-22T19:50:01.894+0900][5.407s][info][gc,phases,start] GC(263) Marking Phase
[2026-03-22T19:50:01.895+0900][5.408s][info][gc,phases      ] GC(263) Marking Phase 1.023ms
[2026-03-22T19:50:01.895+0900][5.408s][info][gc,phases,start] GC(263) Summary Phase
[2026-03-22T19:50:01.895+0900][5.408s][info][gc,phases      ] GC(263) Summary Phase 0.013ms
[2026-03-22T19:50:01.895+0900][5.408s][info][gc,phases,start] GC(263) Adjust Roots
[2026-03-22T19:50:01.895+0900][5.409s][info][gc,phases      ] GC(263) Adjust Roots 0.176ms
[2026-03-22T19:50:01.895+0900][5.409s][info][gc,phases,start] GC(263) Compaction Phase
[2026-03-22T19:50:01.900+0900][5.414s][info][gc,phases      ] GC(263) Compaction Phase 5.009ms
[2026-03-22T19:50:01.900+0900][5.414s][info][gc,phases,start] GC(263) Post Compact
[2026-03-22T19:50:01.902+0900][5.415s][info][gc,phases      ] GC(263) Post Compact 1.312ms
[2026-03-22T19:50:01.902+0900][5.415s][info][gc,heap        ] GC(263) PSYoungGen: 163089K(163840K)->0K(163840K) Eden: 152561K(153088K)->0K(153088K) From: 10528K(10752K)->0K(10752K)
[2026-03-22T19:50:01.902+0900][5.415s][info][gc,heap        ] GC(263) ParOldGen: 291764K(349696K)->103430K(349696K)
[2026-03-22T19:50:01.902+0900][5.415s][info][gc,metaspace   ] GC(263) Metaspace: 340K(512K)->340K(512K) NonClass: 322K(384K)->322K(384K) Class: 17K(128K)->17K(128K)
[2026-03-22T19:50:01.902+0900][5.415s][info][gc             ] GC(263) Pause Full (Ergonomics) 444M->101M(501M) 7.810ms
[2026-03-22T19:50:01.902+0900][5.415s][info][gc,cpu         ] GC(263) User=0.09s Sys=0.00s Real=0.01s
[2026-03-22T19:50:01.916+0900][5.429s][info][gc,start       ] GC(264) Pause Young (Allocation Failure)
[2026-03-22T19:50:01.920+0900][5.433s][info][gc,heap        ] GC(264) PSYoungGen: 152561K(163840K)->10560K(163840K) Eden: 152561K(153088K)->0K(153088K) From: 0K(10752K)->10560K(10752K)
[2026-03-22T19:50:01.920+0900][5.433s][info][gc,heap        ] GC(264) ParOldGen: 103430K(349696K)->197639K(349696K)
[2026-03-22T19:50:01.920+0900][5.433s][info][gc,metaspace   ] GC(264) Metaspace: 340K(512K)->340K(512K) NonClass: 322K(384K)->322K(384K) Class: 17K(128K)->17K(128K)
[2026-03-22T19:50:01.920+0900][5.433s][info][gc             ] GC(264) Pause Young (Allocation Failure) 249M->203M(501M) 4.098ms
[2026-03-22T19:50:01.920+0900][5.433s][info][gc,cpu         ] GC(264) User=0.00s Sys=0.00s Real=0.00s
[2026-03-22T19:50:01.935+0900][5.447s][info][gc,start       ] GC(265) Pause Young (Allocation Failure)
[2026-03-22T19:50:01.939+0900][5.451s][info][gc,heap        ] GC(265) PSYoungGen: 163121K(163840K)->10528K(163840K) Eden: 152561K(153088K)->0K(153088K) From: 10560K(10752K)->10528K(10752K)
[2026-03-22T19:50:01.939+0900][5.452s][info][gc,heap        ] GC(265) ParOldGen: 197639K(349696K)->291999K(349696K)
[2026-03-22T19:50:01.939+0900][5.452s][info][gc,metaspace   ] GC(265) Metaspace: 340K(512K)->340K(512K) NonClass: 322K(384K)->322K(384K) Class: 17K(128K)->17K(128K)
[2026-03-22T19:50:01.939+0900][5.452s][info][gc             ] GC(265) Pause Young (Allocation Failure) 352M->295M(501M) 4.452ms
[2026-03-22T19:50:01.939+0900][5.452s][info][gc,cpu         ] GC(265) User=0.00s Sys=0.00s Real=0.00s
[2026-03-22T19:50:01.953+0900][5.466s][info][gc,start       ] GC(266) Pause Full (Ergonomics)
[2026-03-22T19:50:01.953+0900][5.466s][info][gc,phases,start] GC(266) Marking Phase
[2026-03-22T19:50:01.954+0900][5.467s][info][gc,phases      ] GC(266) Marking Phase 1.080ms
[2026-03-22T19:50:01.954+0900][5.467s][info][gc,phases,start] GC(266) Summary Phase
[2026-03-22T19:50:01.954+0900][5.467s][info][gc,phases      ] GC(266) Summary Phase 0.013ms
[2026-03-22T19:50:01.954+0900][5.467s][info][gc,phases,start] GC(266) Adjust Roots
[2026-03-22T19:50:01.954+0900][5.467s][info][gc,phases      ] GC(266) Adjust Roots 0.176ms
[2026-03-22T19:50:01.954+0900][5.467s][info][gc,phases,start] GC(266) Compaction Phase
[2026-03-22T19:50:01.959+0900][5.472s][info][gc,phases      ] GC(266) Compaction Phase 5.230ms
[2026-03-22T19:50:01.959+0900][5.472s][info][gc,phases,start] GC(266) Post Compact
[2026-03-22T19:50:01.961+0900][5.474s][info][gc,phases      ] GC(266) Post Compact 1.337ms
[2026-03-22T19:50:01.961+0900][5.474s][info][gc,heap        ] GC(266) PSYoungGen: 163089K(163840K)->0K(163840K) Eden: 152561K(153088K)->0K(153088K) From: 10528K(10752K)->0K(10752K)
[2026-03-22T19:50:01.961+0900][5.474s][info][gc,heap        ] GC(266) ParOldGen: 291999K(349696K)->103430K(349696K)
[2026-03-22T19:50:01.961+0900][5.474s][info][gc,metaspace   ] GC(266) Metaspace: 340K(512K)->340K(512K) NonClass: 322K(384K)->322K(384K) Class: 17K(128K)->17K(128K)
[2026-03-22T19:50:01.961+0900][5.474s][info][gc             ] GC(266) Pause Full (Ergonomics) 444M->101M(501M) 8.068ms
[2026-03-22T19:50:01.961+0900][5.474s][info][gc,cpu         ] GC(266) User=0.00s Sys=0.00s Real=0.01s
[2026-03-22T19:50:01.975+0900][5.488s][info][gc,start       ] GC(267) Pause Young (Allocation Failure)
[2026-03-22T19:50:01.979+0900][5.492s][info][gc,heap        ] GC(267) PSYoungGen: 152561K(163840K)->10528K(163840K) Eden: 152561K(153088K)->0K(153088K) From: 0K(10752K)->10528K(10752K)
[2026-03-22T19:50:01.979+0900][5.492s][info][gc,heap        ] GC(267) ParOldGen: 103430K(349696K)->197639K(349696K)
[2026-03-22T19:50:01.979+0900][5.492s][info][gc,metaspace   ] GC(267) Metaspace: 340K(512K)->340K(512K) NonClass: 322K(384K)->322K(384K) Class: 17K(128K)->17K(128K)
[2026-03-22T19:50:01.979+0900][5.492s][info][gc             ] GC(267) Pause Young (Allocation Failure) 249M->203M(501M) 4.163ms
[2026-03-22T19:50:01.979+0900][5.492s][info][gc,cpu         ] GC(267) User=0.09s Sys=0.00s Real=0.00s
[2026-03-22T19:50:01.995+0900][5.508s][info][gc,start       ] GC(268) Pause Young (Allocation Failure)
[2026-03-22T19:50:01.999+0900][5.512s][info][gc,heap        ] GC(268) PSYoungGen: 163089K(163840K)->10560K(163840K) Eden: 152561K(153088K)->0K(153088K) From: 10528K(10752K)->10560K(10752K)
[2026-03-22T19:50:01.999+0900][5.512s][info][gc,heap        ] GC(268) ParOldGen: 197639K(349696K)->291999K(349696K)
[2026-03-22T19:50:01.999+0900][5.512s][info][gc,metaspace   ] GC(268) Metaspace: 340K(512K)->340K(512K) NonClass: 322K(384K)->322K(384K) Class: 17K(128K)->17K(128K)
[2026-03-22T19:50:01.999+0900][5.512s][info][gc             ] GC(268) Pause Young (Allocation Failure) 352M->295M(501M) 4.155ms
[2026-03-22T19:50:01.999+0900][5.512s][info][gc,cpu         ] GC(268) User=0.00s Sys=0.00s Real=0.00s
[2026-03-22T19:50:02.013+0900][5.526s][info][gc,start       ] GC(269) Pause Full (Ergonomics)
[2026-03-22T19:50:02.013+0900][5.526s][info][gc,phases,start] GC(269) Marking Phase
[2026-03-22T19:50:02.014+0900][5.527s][info][gc,phases      ] GC(269) Marking Phase 1.209ms
[2026-03-22T19:50:02.014+0900][5.528s][info][gc,phases,start] GC(269) Summary Phase
[2026-03-22T19:50:02.014+0900][5.528s][info][gc,phases      ] GC(269) Summary Phase 0.022ms
[2026-03-22T19:50:02.014+0900][5.528s][info][gc,phases,start] GC(269) Adjust Roots
[2026-03-22T19:50:02.014+0900][5.528s][info][gc,phases      ] GC(269) Adjust Roots 0.200ms
[2026-03-22T19:50:02.014+0900][5.528s][info][gc,phases,start] GC(269) Compaction Phase
[2026-03-22T19:50:02.020+0900][5.533s][info][gc,phases      ] GC(269) Compaction Phase 5.390ms
[2026-03-22T19:50:02.020+0900][5.533s][info][gc,phases,start] GC(269) Post Compact
[2026-03-22T19:50:02.022+0900][5.535s][info][gc,phases      ] GC(269) Post Compact 1.306ms
[2026-03-22T19:50:02.022+0900][5.535s][info][gc,heap        ] GC(269) PSYoungGen: 163121K(163840K)->0K(163840K) Eden: 152561K(153088K)->0K(153088K) From: 10560K(10752K)->0K(10752K)
[2026-03-22T19:50:02.022+0900][5.535s][info][gc,heap        ] GC(269) ParOldGen: 291999K(349696K)->103430K(349696K)
[2026-03-22T19:50:02.022+0900][5.535s][info][gc,metaspace   ] GC(269) Metaspace: 340K(512K)->340K(512K) NonClass: 322K(384K)->322K(384K) Class: 17K(128K)->17K(128K)
[2026-03-22T19:50:02.022+0900][5.535s][info][gc             ] GC(269) Pause Full (Ergonomics) 444M->101M(501M) 8.370ms
[2026-03-22T19:50:02.022+0900][5.535s][info][gc,cpu         ] GC(269) User=0.00s Sys=0.00s Real=0.01s
[2026-03-22T19:50:02.035+0900][5.548s][info][gc,start       ] GC(270) Pause Young (Allocation Failure)
[2026-03-22T19:50:02.040+0900][5.552s][info][gc,heap        ] GC(270) PSYoungGen: 152561K(163840K)->10528K(163840K) Eden: 152561K(153088K)->0K(153088K) From: 0K(10752K)->10528K(10752K)
[2026-03-22T19:50:02.040+0900][5.552s][info][gc,heap        ] GC(270) ParOldGen: 103430K(349696K)->197639K(349696K)
[2026-03-22T19:50:02.040+0900][5.552s][info][gc,metaspace   ] GC(270) Metaspace: 340K(512K)->340K(512K) NonClass: 322K(384K)->322K(384K) Class: 17K(128K)->17K(128K)
[2026-03-22T19:50:02.040+0900][5.552s][info][gc             ] GC(270) Pause Young (Allocation Failure) 249M->203M(501M) 4.227ms
[2026-03-22T19:50:02.040+0900][5.552s][info][gc,cpu         ] GC(270) User=0.00s Sys=0.00s Real=0.00s
[2026-03-22T19:50:02.053+0900][5.566s][info][gc,start       ] GC(271) Pause Young (Allocation Failure)
[2026-03-22T19:50:02.058+0900][5.571s][info][gc,heap        ] GC(271) PSYoungGen: 163089K(163840K)->10560K(163840K) Eden: 152561K(153088K)->0K(153088K) From: 10528K(10752K)->10560K(10752K)
[2026-03-22T19:50:02.058+0900][5.571s][info][gc,heap        ] GC(271) ParOldGen: 197639K(349696K)->291999K(349696K)
[2026-03-22T19:50:02.058+0900][5.571s][info][gc,metaspace   ] GC(271) Metaspace: 340K(512K)->340K(512K) NonClass: 322K(384K)->322K(384K) Class: 17K(128K)->17K(128K)
[2026-03-22T19:50:02.058+0900][5.571s][info][gc             ] GC(271) Pause Young (Allocation Failure) 352M->295M(501M) 4.285ms
[2026-03-22T19:50:02.058+0900][5.571s][info][gc,cpu         ] GC(271) User=0.09s Sys=0.00s Real=0.01s
[2026-03-22T19:50:02.072+0900][5.584s][info][gc,start       ] GC(272) Pause Full (Ergonomics)
[2026-03-22T19:50:02.072+0900][5.584s][info][gc,phases,start] GC(272) Marking Phase
[2026-03-22T19:50:02.073+0900][5.585s][info][gc,phases      ] GC(272) Marking Phase 1.058ms
[2026-03-22T19:50:02.073+0900][5.585s][info][gc,phases,start] GC(272) Summary Phase
[2026-03-22T19:50:02.073+0900][5.585s][info][gc,phases      ] GC(272) Summary Phase 0.016ms
[2026-03-22T19:50:02.073+0900][5.585s][info][gc,phases,start] GC(272) Adjust Roots
[2026-03-22T19:50:02.073+0900][5.586s][info][gc,phases      ] GC(272) Adjust Roots 0.210ms
[2026-03-22T19:50:02.073+0900][5.586s][info][gc,phases,start] GC(272) Compaction Phase
[2026-03-22T19:50:02.078+0900][5.591s][info][gc,phases      ] GC(272) Compaction Phase 5.046ms
[2026-03-22T19:50:02.078+0900][5.591s][info][gc,phases,start] GC(272) Post Compact
[2026-03-22T19:50:02.079+0900][5.592s][info][gc,phases      ] GC(272) Post Compact 1.427ms
[2026-03-22T19:50:02.079+0900][5.592s][info][gc,heap        ] GC(272) PSYoungGen: 163121K(163840K)->0K(163840K) Eden: 152561K(153088K)->0K(153088K) From: 10560K(10752K)->0K(10752K)
[2026-03-22T19:50:02.079+0900][5.592s][info][gc,heap        ] GC(272) ParOldGen: 291999K(349696K)->103430K(349696K)
[2026-03-22T19:50:02.079+0900][5.592s][info][gc,metaspace   ] GC(272) Metaspace: 340K(512K)->340K(512K) NonClass: 322K(384K)->322K(384K) Class: 17K(128K)->17K(128K)
[2026-03-22T19:50:02.079+0900][5.592s][info][gc             ] GC(272) Pause Full (Ergonomics) 444M->101M(501M) 7.987ms
[2026-03-22T19:50:02.079+0900][5.592s][info][gc,cpu         ] GC(272) User=0.09s Sys=0.00s Real=0.01s
[2026-03-22T19:50:02.093+0900][5.606s][info][gc,start       ] GC(273) Pause Young (Allocation Failure)
[2026-03-22T19:50:02.097+0900][5.610s][info][gc,heap        ] GC(273) PSYoungGen: 152561K(163840K)->10560K(163840K) Eden: 152561K(153088K)->0K(153088K) From: 0K(10752K)->10560K(10752K)
[2026-03-22T19:50:02.097+0900][5.611s][info][gc,heap        ] GC(273) ParOldGen: 103430K(349696K)->197639K(349696K)
[2026-03-22T19:50:02.097+0900][5.611s][info][gc,metaspace   ] GC(273) Metaspace: 340K(512K)->340K(512K) NonClass: 322K(384K)->322K(384K) Class: 17K(128K)->17K(128K)
[2026-03-22T19:50:02.097+0900][5.611s][info][gc             ] GC(273) Pause Young (Allocation Failure) 249M->203M(501M) 4.410ms
[2026-03-22T19:50:02.097+0900][5.611s][info][gc,cpu         ] GC(273) User=0.00s Sys=0.00s Real=0.00s
[2026-03-22T19:50:02.111+0900][5.625s][info][gc,start       ] GC(274) Pause Young (Allocation Failure)
[2026-03-22T19:50:02.116+0900][5.629s][info][gc,heap        ] GC(274) PSYoungGen: 163121K(163840K)->10528K(163840K) Eden: 152561K(153088K)->0K(153088K) From: 10560K(10752K)->10528K(10752K)
[2026-03-22T19:50:02.116+0900][5.629s][info][gc,heap        ] GC(274) ParOldGen: 197639K(349696K)->289951K(349696K)
[2026-03-22T19:50:02.116+0900][5.629s][info][gc,metaspace   ] GC(274) Metaspace: 340K(512K)->340K(512K) NonClass: 322K(384K)->322K(384K) Class: 17K(128K)->17K(128K)
[2026-03-22T19:50:02.116+0900][5.629s][info][gc             ] GC(274) Pause Young (Allocation Failure) 352M->293M(501M) 4.119ms
[2026-03-22T19:50:02.116+0900][5.629s][info][gc,cpu         ] GC(274) User=0.00s Sys=0.00s Real=0.00s
[2026-03-22T19:50:02.130+0900][5.643s][info][gc,start       ] GC(275) Pause Full (Ergonomics)
[2026-03-22T19:50:02.130+0900][5.643s][info][gc,phases,start] GC(275) Marking Phase
[2026-03-22T19:50:02.131+0900][5.644s][info][gc,phases      ] GC(275) Marking Phase 1.129ms
[2026-03-22T19:50:02.131+0900][5.644s][info][gc,phases,start] GC(275) Summary Phase
[2026-03-22T19:50:02.131+0900][5.644s][info][gc,phases      ] GC(275) Summary Phase 0.013ms
[2026-03-22T19:50:02.131+0900][5.644s][info][gc,phases,start] GC(275) Adjust Roots
[2026-03-22T19:50:02.131+0900][5.644s][info][gc,phases      ] GC(275) Adjust Roots 0.198ms
[2026-03-22T19:50:02.131+0900][5.644s][info][gc,phases,start] GC(275) Compaction Phase
[2026-03-22T19:50:02.136+0900][5.649s][info][gc,phases      ] GC(275) Compaction Phase 5.119ms
[2026-03-22T19:50:02.136+0900][5.649s][info][gc,phases,start] GC(275) Post Compact
[2026-03-22T19:50:02.138+0900][5.651s][info][gc,phases      ] GC(275) Post Compact 1.279ms
[2026-03-22T19:50:02.138+0900][5.651s][info][gc,heap        ] GC(275) PSYoungGen: 163089K(163840K)->0K(163840K) Eden: 152561K(153088K)->0K(153088K) From: 10528K(10752K)->0K(10752K)
[2026-03-22T19:50:02.138+0900][5.651s][info][gc,heap        ] GC(275) ParOldGen: 289951K(349696K)->103430K(349696K)
[2026-03-22T19:50:02.138+0900][5.651s][info][gc,metaspace   ] GC(275) Metaspace: 340K(512K)->340K(512K) NonClass: 322K(384K)->322K(384K) Class: 17K(128K)->17K(128K)
[2026-03-22T19:50:02.138+0900][5.651s][info][gc             ] GC(275) Pause Full (Ergonomics) 442M->101M(501M) 7.950ms
[2026-03-22T19:50:02.138+0900][5.651s][info][gc,cpu         ] GC(275) User=0.09s Sys=0.00s Real=0.01s
[2026-03-22T19:50:02.151+0900][5.664s][info][gc,start       ] GC(276) Pause Young (Allocation Failure)
[2026-03-22T19:50:02.156+0900][5.668s][info][gc,heap        ] GC(276) PSYoungGen: 152561K(163840K)->10528K(163840K) Eden: 152561K(153088K)->0K(153088K) From: 0K(10752K)->10528K(10752K)
[2026-03-22T19:50:02.156+0900][5.668s][info][gc,heap        ] GC(276) ParOldGen: 103430K(349696K)->197639K(349696K)
[2026-03-22T19:50:02.156+0900][5.669s][info][gc,metaspace   ] GC(276) Metaspace: 340K(512K)->340K(512K) NonClass: 322K(384K)->322K(384K) Class: 17K(128K)->17K(128K)
[2026-03-22T19:50:02.156+0900][5.669s][info][gc             ] GC(276) Pause Young (Allocation Failure) 249M->203M(501M) 4.225ms
[2026-03-22T19:50:02.156+0900][5.669s][info][gc,cpu         ] GC(276) User=0.00s Sys=0.00s Real=0.00s
[2026-03-22T19:50:02.169+0900][5.682s][info][gc,start       ] GC(277) Pause Young (Allocation Failure)
[2026-03-22T19:50:02.173+0900][5.687s][info][gc,heap        ] GC(277) PSYoungGen: 163089K(163840K)->10528K(163840K) Eden: 152561K(153088K)->0K(153088K) From: 10528K(10752K)->10528K(10752K)
[2026-03-22T19:50:02.173+0900][5.687s][info][gc,heap        ] GC(277) ParOldGen: 197639K(349696K)->291999K(349696K)
[2026-03-22T19:50:02.173+0900][5.687s][info][gc,metaspace   ] GC(277) Metaspace: 340K(512K)->340K(512K) NonClass: 322K(384K)->322K(384K) Class: 17K(128K)->17K(128K)
[2026-03-22T19:50:02.173+0900][5.687s][info][gc             ] GC(277) Pause Young (Allocation Failure) 352M->295M(501M) 4.518ms
[2026-03-22T19:50:02.173+0900][5.687s][info][gc,cpu         ] GC(277) User=0.00s Sys=0.00s Real=0.00s
[2026-03-22T19:50:02.188+0900][5.701s][info][gc,start       ] GC(278) Pause Full (Ergonomics)
[2026-03-22T19:50:02.188+0900][5.701s][info][gc,phases,start] GC(278) Marking Phase
[2026-03-22T19:50:02.189+0900][5.702s][info][gc,phases      ] GC(278) Marking Phase 1.054ms
[2026-03-22T19:50:02.189+0900][5.702s][info][gc,phases,start] GC(278) Summary Phase
[2026-03-22T19:50:02.189+0900][5.702s][info][gc,phases      ] GC(278) Summary Phase 0.015ms
[2026-03-22T19:50:02.189+0900][5.702s][info][gc,phases,start] GC(278) Adjust Roots
[2026-03-22T19:50:02.189+0900][5.702s][info][gc,phases      ] GC(278) Adjust Roots 0.197ms
[2026-03-22T19:50:02.189+0900][5.702s][info][gc,phases,start] GC(278) Compaction Phase
[2026-03-22T19:50:02.194+0900][5.707s][info][gc,phases      ] GC(278) Compaction Phase 5.012ms
[2026-03-22T19:50:02.194+0900][5.707s][info][gc,phases,start] GC(278) Post Compact
[2026-03-22T19:50:02.195+0900][5.709s][info][gc,phases      ] GC(278) Post Compact 1.339ms
[2026-03-22T19:50:02.196+0900][5.709s][info][gc,heap        ] GC(278) PSYoungGen: 163089K(163840K)->0K(163840K) Eden: 152561K(153088K)->0K(153088K) From: 10528K(10752K)->0K(10752K)
[2026-03-22T19:50:02.196+0900][5.709s][info][gc,heap        ] GC(278) ParOldGen: 291999K(349696K)->103430K(349696K)
[2026-03-22T19:50:02.196+0900][5.709s][info][gc,metaspace   ] GC(278) Metaspace: 340K(512K)->340K(512K) NonClass: 322K(384K)->322K(384K) Class: 17K(128K)->17K(128K)
[2026-03-22T19:50:02.196+0900][5.709s][info][gc             ] GC(278) Pause Full (Ergonomics) 444M->101M(501M) 7.860ms
[2026-03-22T19:50:02.196+0900][5.709s][info][gc,cpu         ] GC(278) User=0.00s Sys=0.00s Real=0.01s
[2026-03-22T19:50:02.210+0900][5.723s][info][gc,start       ] GC(279) Pause Young (Allocation Failure)
[2026-03-22T19:50:02.214+0900][5.727s][info][gc,heap        ] GC(279) PSYoungGen: 152561K(163840K)->10528K(163840K) Eden: 152561K(153088K)->0K(153088K) From: 0K(10752K)->10528K(10752K)
[2026-03-22T19:50:02.214+0900][5.727s][info][gc,heap        ] GC(279) ParOldGen: 103430K(349696K)->197639K(349696K)
[2026-03-22T19:50:02.214+0900][5.727s][info][gc,metaspace   ] GC(279) Metaspace: 340K(512K)->340K(512K) NonClass: 322K(384K)->322K(384K) Class: 17K(128K)->17K(128K)
[2026-03-22T19:50:02.214+0900][5.727s][info][gc             ] GC(279) Pause Young (Allocation Failure) 249M->203M(501M) 4.123ms
[2026-03-22T19:50:02.214+0900][5.727s][info][gc,cpu         ] GC(279) User=0.09s Sys=0.00s Real=0.00s
[2026-03-22T19:50:02.229+0900][5.742s][info][gc,start       ] GC(280) Pause Young (Allocation Failure)
[2026-03-22T19:50:02.234+0900][5.746s][info][gc,heap        ] GC(280) PSYoungGen: 163089K(163840K)->10528K(163840K) Eden: 152561K(153088K)->0K(153088K) From: 10528K(10752K)->10528K(10752K)
[2026-03-22T19:50:02.234+0900][5.746s][info][gc,heap        ] GC(280) ParOldGen: 197639K(349696K)->291999K(349696K)
[2026-03-22T19:50:02.234+0900][5.746s][info][gc,metaspace   ] GC(280) Metaspace: 340K(512K)->340K(512K) NonClass: 322K(384K)->322K(384K) Class: 17K(128K)->17K(128K)
[2026-03-22T19:50:02.234+0900][5.746s][info][gc             ] GC(280) Pause Young (Allocation Failure) 352M->295M(501M) 4.257ms
[2026-03-22T19:50:02.234+0900][5.746s][info][gc,cpu         ] GC(280) User=0.00s Sys=0.00s Real=0.00s
[2026-03-22T19:50:02.248+0900][5.760s][info][gc,start       ] GC(281) Pause Full (Ergonomics)
[2026-03-22T19:50:02.248+0900][5.760s][info][gc,phases,start] GC(281) Marking Phase
[2026-03-22T19:50:02.249+0900][5.761s][info][gc,phases      ] GC(281) Marking Phase 1.141ms
[2026-03-22T19:50:02.249+0900][5.761s][info][gc,phases,start] GC(281) Summary Phase
[2026-03-22T19:50:02.249+0900][5.761s][info][gc,phases      ] GC(281) Summary Phase 0.013ms
[2026-03-22T19:50:02.249+0900][5.761s][info][gc,phases,start] GC(281) Adjust Roots
[2026-03-22T19:50:02.249+0900][5.762s][info][gc,phases      ] GC(281) Adjust Roots 0.370ms
[2026-03-22T19:50:02.249+0900][5.762s][info][gc,phases,start] GC(281) Compaction Phase
[2026-03-22T19:50:02.254+0900][5.767s][info][gc,phases      ] GC(281) Compaction Phase 5.188ms
[2026-03-22T19:50:02.254+0900][5.767s][info][gc,phases,start] GC(281) Post Compact
[2026-03-22T19:50:02.256+0900][5.768s][info][gc,phases      ] GC(281) Post Compact 1.290ms
[2026-03-22T19:50:02.256+0900][5.768s][info][gc,heap        ] GC(281) PSYoungGen: 163089K(163840K)->0K(163840K) Eden: 152561K(153088K)->0K(153088K) From: 10528K(10752K)->0K(10752K)
[2026-03-22T19:50:02.256+0900][5.768s][info][gc,heap        ] GC(281) ParOldGen: 291999K(349696K)->103430K(349696K)
[2026-03-22T19:50:02.256+0900][5.768s][info][gc,metaspace   ] GC(281) Metaspace: 340K(512K)->340K(512K) NonClass: 322K(384K)->322K(384K) Class: 17K(128K)->17K(128K)
[2026-03-22T19:50:02.256+0900][5.768s][info][gc             ] GC(281) Pause Full (Ergonomics) 444M->101M(501M) 8.277ms
[2026-03-22T19:50:02.256+0900][5.768s][info][gc,cpu         ] GC(281) User=0.00s Sys=0.00s Real=0.01s
[2026-03-22T19:50:02.269+0900][5.782s][info][gc,start       ] GC(282) Pause Young (Allocation Failure)
[2026-03-22T19:50:02.272+0900][5.786s][info][gc,heap        ] GC(282) PSYoungGen: 152561K(163840K)->10528K(163840K) Eden: 152561K(153088K)->0K(153088K) From: 0K(10752K)->10528K(10752K)
[2026-03-22T19:50:02.272+0900][5.786s][info][gc,heap        ] GC(282) ParOldGen: 103430K(349696K)->197639K(349696K)
[2026-03-22T19:50:02.272+0900][5.786s][info][gc,metaspace   ] GC(282) Metaspace: 340K(512K)->340K(512K) NonClass: 322K(384K)->322K(384K) Class: 17K(128K)->17K(128K)
[2026-03-22T19:50:02.272+0900][5.786s][info][gc             ] GC(282) Pause Young (Allocation Failure) 249M->203M(501M) 4.084ms
[2026-03-22T19:50:02.272+0900][5.786s][info][gc,cpu         ] GC(282) User=0.00s Sys=0.00s Real=0.00s
[2026-03-22T19:50:02.288+0900][5.801s][info][gc,start       ] GC(283) Pause Young (Allocation Failure)
[2026-03-22T19:50:02.292+0900][5.805s][info][gc,heap        ] GC(283) PSYoungGen: 163089K(163840K)->10560K(163840K) Eden: 152561K(153088K)->0K(153088K) From: 10528K(10752K)->10560K(10752K)
[2026-03-22T19:50:02.292+0900][5.805s][info][gc,heap        ] GC(283) ParOldGen: 197639K(349696K)->291999K(349696K)
[2026-03-22T19:50:02.292+0900][5.805s][info][gc,metaspace   ] GC(283) Metaspace: 340K(512K)->340K(512K) NonClass: 322K(384K)->322K(384K) Class: 17K(128K)->17K(128K)
[2026-03-22T19:50:02.292+0900][5.805s][info][gc             ] GC(283) Pause Young (Allocation Failure) 352M->295M(501M) 4.459ms
[2026-03-22T19:50:02.292+0900][5.805s][info][gc,cpu         ] GC(283) User=0.09s Sys=0.00s Real=0.00s
[2026-03-22T19:50:02.306+0900][5.819s][info][gc,start       ] GC(284) Pause Full (Ergonomics)
[2026-03-22T19:50:02.306+0900][5.819s][info][gc,phases,start] GC(284) Marking Phase
[2026-03-22T19:50:02.307+0900][5.820s][info][gc,phases      ] GC(284) Marking Phase 1.158ms
[2026-03-22T19:50:02.307+0900][5.820s][info][gc,phases,start] GC(284) Summary Phase
[2026-03-22T19:50:02.307+0900][5.820s][info][gc,phases      ] GC(284) Summary Phase 0.012ms
[2026-03-22T19:50:02.307+0900][5.820s][info][gc,phases,start] GC(284) Adjust Roots
[2026-03-22T19:50:02.307+0900][5.821s][info][gc,phases      ] GC(284) Adjust Roots 0.179ms
[2026-03-22T19:50:02.307+0900][5.821s][info][gc,phases,start] GC(284) Compaction Phase
[2026-03-22T19:50:02.313+0900][5.826s][info][gc,phases      ] GC(284) Compaction Phase 4.995ms
[2026-03-22T19:50:02.313+0900][5.826s][info][gc,phases,start] GC(284) Post Compact
[2026-03-22T19:50:02.314+0900][5.827s][info][gc,phases      ] GC(284) Post Compact 1.391ms
[2026-03-22T19:50:02.314+0900][5.827s][info][gc,heap        ] GC(284) PSYoungGen: 163121K(163840K)->0K(163840K) Eden: 152561K(153088K)->0K(153088K) From: 10560K(10752K)->0K(10752K)
[2026-03-22T19:50:02.314+0900][5.827s][info][gc,heap        ] GC(284) ParOldGen: 291999K(349696K)->103430K(349696K)
[2026-03-22T19:50:02.314+0900][5.827s][info][gc,metaspace   ] GC(284) Metaspace: 340K(512K)->340K(512K) NonClass: 322K(384K)->322K(384K) Class: 17K(128K)->17K(128K)
[2026-03-22T19:50:02.314+0900][5.827s][info][gc             ] GC(284) Pause Full (Ergonomics) 444M->101M(501M) 7.947ms
[2026-03-22T19:50:02.314+0900][5.827s][info][gc,cpu         ] GC(284) User=0.00s Sys=0.00s Real=0.01s
[2026-03-22T19:50:02.328+0900][5.841s][info][gc,start       ] GC(285) Pause Young (Allocation Failure)
[2026-03-22T19:50:02.333+0900][5.845s][info][gc,heap        ] GC(285) PSYoungGen: 152561K(163840K)->10528K(163840K) Eden: 152561K(153088K)->0K(153088K) From: 0K(10752K)->10528K(10752K)
[2026-03-22T19:50:02.333+0900][5.845s][info][gc,heap        ] GC(285) ParOldGen: 103430K(349696K)->197639K(349696K)
[2026-03-22T19:50:02.333+0900][5.845s][info][gc,metaspace   ] GC(285) Metaspace: 340K(512K)->340K(512K) NonClass: 322K(384K)->322K(384K) Class: 17K(128K)->17K(128K)
[2026-03-22T19:50:02.333+0900][5.845s][info][gc             ] GC(285) Pause Young (Allocation Failure) 249M->203M(501M) 4.383ms
[2026-03-22T19:50:02.333+0900][5.845s][info][gc,cpu         ] GC(285) User=0.00s Sys=0.00s Real=0.00s
[2026-03-22T19:50:02.347+0900][5.859s][info][gc,start       ] GC(286) Pause Young (Allocation Failure)
[2026-03-22T19:50:02.351+0900][5.864s][info][gc,heap        ] GC(286) PSYoungGen: 163089K(163840K)->10560K(163840K) Eden: 152561K(153088K)->0K(153088K) From: 10528K(10752K)->10560K(10752K)
[2026-03-22T19:50:02.351+0900][5.864s][info][gc,heap        ] GC(286) ParOldGen: 197639K(349696K)->291999K(349696K)
[2026-03-22T19:50:02.351+0900][5.864s][info][gc,metaspace   ] GC(286) Metaspace: 340K(512K)->340K(512K) NonClass: 322K(384K)->322K(384K) Class: 17K(128K)->17K(128K)
[2026-03-22T19:50:02.351+0900][5.864s][info][gc             ] GC(286) Pause Young (Allocation Failure) 352M->295M(501M) 4.215ms
[2026-03-22T19:50:02.351+0900][5.864s][info][gc,cpu         ] GC(286) User=0.00s Sys=0.00s Real=0.00s
[2026-03-22T19:50:02.365+0900][5.878s][info][gc,start       ] GC(287) Pause Full (Ergonomics)
[2026-03-22T19:50:02.365+0900][5.878s][info][gc,phases,start] GC(287) Marking Phase
[2026-03-22T19:50:02.366+0900][5.879s][info][gc,phases      ] GC(287) Marking Phase 0.991ms
[2026-03-22T19:50:02.366+0900][5.879s][info][gc,phases,start] GC(287) Summary Phase
[2026-03-22T19:50:02.366+0900][5.879s][info][gc,phases      ] GC(287) Summary Phase 0.013ms
[2026-03-22T19:50:02.366+0900][5.879s][info][gc,phases,start] GC(287) Adjust Roots
[2026-03-22T19:50:02.366+0900][5.879s][info][gc,phases      ] GC(287) Adjust Roots 0.136ms
[2026-03-22T19:50:02.366+0900][5.879s][info][gc,phases,start] GC(287) Compaction Phase
[2026-03-22T19:50:02.372+0900][5.884s][info][gc,phases      ] GC(287) Compaction Phase 5.260ms
[2026-03-22T19:50:02.372+0900][5.884s][info][gc,phases,start] GC(287) Post Compact
[2026-03-22T19:50:02.373+0900][5.885s][info][gc,phases      ] GC(287) Post Compact 1.262ms
[2026-03-22T19:50:02.373+0900][5.885s][info][gc,heap        ] GC(287) PSYoungGen: 163121K(163840K)->0K(163840K) Eden: 152561K(153088K)->0K(153088K) From: 10560K(10752K)->0K(10752K)
[2026-03-22T19:50:02.373+0900][5.885s][info][gc,heap        ] GC(287) ParOldGen: 291999K(349696K)->103430K(349696K)
[2026-03-22T19:50:02.373+0900][5.885s][info][gc,metaspace   ] GC(287) Metaspace: 340K(512K)->340K(512K) NonClass: 322K(384K)->322K(384K) Class: 17K(128K)->17K(128K)
[2026-03-22T19:50:02.373+0900][5.886s][info][gc             ] GC(287) Pause Full (Ergonomics) 444M->101M(501M) 7.900ms
[2026-03-22T19:50:02.373+0900][5.886s][info][gc,cpu         ] GC(287) User=0.09s Sys=0.00s Real=0.01s
[2026-03-22T19:50:02.387+0900][5.899s][info][gc,start       ] GC(288) Pause Young (Allocation Failure)
[2026-03-22T19:50:02.390+0900][5.903s][info][gc,heap        ] GC(288) PSYoungGen: 152561K(163840K)->10528K(163840K) Eden: 152561K(153088K)->0K(153088K) From: 0K(10752K)->10528K(10752K)
[2026-03-22T19:50:02.390+0900][5.903s][info][gc,heap        ] GC(288) ParOldGen: 103430K(349696K)->197639K(349696K)
[2026-03-22T19:50:02.390+0900][5.903s][info][gc,metaspace   ] GC(288) Metaspace: 340K(512K)->340K(512K) NonClass: 322K(384K)->322K(384K) Class: 17K(128K)->17K(128K)
[2026-03-22T19:50:02.390+0900][5.904s][info][gc             ] GC(288) Pause Young (Allocation Failure) 249M->203M(501M) 4.181ms
[2026-03-22T19:50:02.390+0900][5.904s][info][gc,cpu         ] GC(288) User=0.00s Sys=0.00s Real=0.00s
[2026-03-22T19:50:02.404+0900][5.917s][info][gc,start       ] GC(289) Pause Young (Allocation Failure)
[2026-03-22T19:50:02.408+0900][5.921s][info][gc,heap        ] GC(289) PSYoungGen: 163089K(163840K)->10528K(163840K) Eden: 152561K(153088K)->0K(153088K) From: 10528K(10752K)->10528K(10752K)
[2026-03-22T19:50:02.408+0900][5.921s][info][gc,heap        ] GC(289) ParOldGen: 197639K(349696K)->291999K(349696K)
[2026-03-22T19:50:02.408+0900][5.921s][info][gc,metaspace   ] GC(289) Metaspace: 340K(512K)->340K(512K) NonClass: 322K(384K)->322K(384K) Class: 17K(128K)->17K(128K)
[2026-03-22T19:50:02.408+0900][5.922s][info][gc             ] GC(289) Pause Young (Allocation Failure) 352M->295M(501M) 4.074ms
[2026-03-22T19:50:02.408+0900][5.922s][info][gc,cpu         ] GC(289) User=0.00s Sys=0.00s Real=0.00s
[2026-03-22T19:50:02.422+0900][5.935s][info][gc,start       ] GC(290) Pause Full (Ergonomics)
[2026-03-22T19:50:02.422+0900][5.935s][info][gc,phases,start] GC(290) Marking Phase
[2026-03-22T19:50:02.423+0900][5.936s][info][gc,phases      ] GC(290) Marking Phase 0.990ms
[2026-03-22T19:50:02.423+0900][5.936s][info][gc,phases,start] GC(290) Summary Phase
[2026-03-22T19:50:02.423+0900][5.936s][info][gc,phases      ] GC(290) Summary Phase 0.013ms
[2026-03-22T19:50:02.423+0900][5.936s][info][gc,phases,start] GC(290) Adjust Roots
[2026-03-22T19:50:02.423+0900][5.937s][info][gc,phases      ] GC(290) Adjust Roots 0.185ms
[2026-03-22T19:50:02.423+0900][5.937s][info][gc,phases,start] GC(290) Compaction Phase
[2026-03-22T19:50:02.428+0900][5.942s][info][gc,phases      ] GC(290) Compaction Phase 5.157ms
[2026-03-22T19:50:02.428+0900][5.942s][info][gc,phases,start] GC(290) Post Compact
[2026-03-22T19:50:02.430+0900][5.943s][info][gc,phases      ] GC(290) Post Compact 1.318ms
[2026-03-22T19:50:02.430+0900][5.943s][info][gc,heap        ] GC(290) PSYoungGen: 163089K(163840K)->0K(163840K) Eden: 152561K(153088K)->0K(153088K) From: 10528K(10752K)->0K(10752K)
[2026-03-22T19:50:02.430+0900][5.943s][info][gc,heap        ] GC(290) ParOldGen: 291999K(349696K)->103430K(349696K)
[2026-03-22T19:50:02.430+0900][5.943s][info][gc,metaspace   ] GC(290) Metaspace: 340K(512K)->340K(512K) NonClass: 322K(384K)->322K(384K) Class: 17K(128K)->17K(128K)
[2026-03-22T19:50:02.430+0900][5.943s][info][gc             ] GC(290) Pause Full (Ergonomics) 444M->101M(501M) 7.936ms
[2026-03-22T19:50:02.430+0900][5.943s][info][gc,cpu         ] GC(290) User=0.00s Sys=0.00s Real=0.01s
[2026-03-22T19:50:02.444+0900][5.957s][info][gc,start       ] GC(291) Pause Young (Allocation Failure)
[2026-03-22T19:50:02.448+0900][5.961s][info][gc,heap        ] GC(291) PSYoungGen: 152561K(163840K)->10528K(163840K) Eden: 152561K(153088K)->0K(153088K) From: 0K(10752K)->10528K(10752K)
[2026-03-22T19:50:02.448+0900][5.962s][info][gc,heap        ] GC(291) ParOldGen: 103430K(349696K)->197639K(349696K)
[2026-03-22T19:50:02.448+0900][5.962s][info][gc,metaspace   ] GC(291) Metaspace: 340K(512K)->340K(512K) NonClass: 322K(384K)->322K(384K) Class: 17K(128K)->17K(128K)
[2026-03-22T19:50:02.448+0900][5.962s][info][gc             ] GC(291) Pause Young (Allocation Failure) 249M->203M(501M) 4.132ms
[2026-03-22T19:50:02.448+0900][5.962s][info][gc,cpu         ] GC(291) User=0.08s Sys=0.02s Real=0.00s
[2026-03-22T19:50:02.462+0900][5.976s][info][gc,start       ] GC(292) Pause Young (Allocation Failure)
[2026-03-22T19:50:02.467+0900][5.980s][info][gc,heap        ] GC(292) PSYoungGen: 163089K(163840K)->10528K(163840K) Eden: 152561K(153088K)->0K(153088K) From: 10528K(10752K)->10528K(10752K)
[2026-03-22T19:50:02.467+0900][5.980s][info][gc,heap        ] GC(292) ParOldGen: 197639K(349696K)->291999K(349696K)
[2026-03-22T19:50:02.467+0900][5.980s][info][gc,metaspace   ] GC(292) Metaspace: 340K(512K)->340K(512K) NonClass: 322K(384K)->322K(384K) Class: 17K(128K)->17K(128K)
[2026-03-22T19:50:02.467+0900][5.980s][info][gc             ] GC(292) Pause Young (Allocation Failure) 352M->295M(501M) 4.258ms
[2026-03-22T19:50:02.467+0900][5.980s][info][gc,cpu         ] GC(292) User=0.00s Sys=0.00s Real=0.01s
[2026-03-22T19:50:02.482+0900][5.994s][info][gc,start       ] GC(293) Pause Full (Ergonomics)
[2026-03-22T19:50:02.482+0900][5.994s][info][gc,phases,start] GC(293) Marking Phase
[2026-03-22T19:50:02.483+0900][5.995s][info][gc,phases      ] GC(293) Marking Phase 1.005ms
[2026-03-22T19:50:02.483+0900][5.995s][info][gc,phases,start] GC(293) Summary Phase
[2026-03-22T19:50:02.483+0900][5.995s][info][gc,phases      ] GC(293) Summary Phase 0.012ms
[2026-03-22T19:50:02.483+0900][5.995s][info][gc,phases,start] GC(293) Adjust Roots
[2026-03-22T19:50:02.483+0900][5.996s][info][gc,phases      ] GC(293) Adjust Roots 0.151ms
[2026-03-22T19:50:02.483+0900][5.996s][info][gc,phases,start] GC(293) Compaction Phase
[2026-03-22T19:50:02.488+0900][6.001s][info][gc,phases      ] GC(293) Compaction Phase 5.357ms
[2026-03-22T19:50:02.488+0900][6.001s][info][gc,phases,start] GC(293) Post Compact
[2026-03-22T19:50:02.490+0900][6.002s][info][gc,phases      ] GC(293) Post Compact 1.307ms
[2026-03-22T19:50:02.490+0900][6.002s][info][gc,heap        ] GC(293) PSYoungGen: 163089K(163840K)->0K(163840K) Eden: 152561K(153088K)->0K(153088K) From: 10528K(10752K)->0K(10752K)
[2026-03-22T19:50:02.490+0900][6.002s][info][gc,heap        ] GC(293) ParOldGen: 291999K(349696K)->103430K(349696K)
[2026-03-22T19:50:02.490+0900][6.002s][info][gc,metaspace   ] GC(293) Metaspace: 340K(512K)->340K(512K) NonClass: 322K(384K)->322K(384K) Class: 17K(128K)->17K(128K)
[2026-03-22T19:50:02.490+0900][6.002s][info][gc             ] GC(293) Pause Full (Ergonomics) 444M->101M(501M) 8.045ms
[2026-03-22T19:50:02.490+0900][6.002s][info][gc,cpu         ] GC(293) User=0.00s Sys=0.00s Real=0.01s
[2026-03-22T19:50:02.503+0900][6.016s][info][gc,start       ] GC(294) Pause Young (Allocation Failure)
[2026-03-22T19:50:02.507+0900][6.020s][info][gc,heap        ] GC(294) PSYoungGen: 152561K(163840K)->10560K(163840K) Eden: 152561K(153088K)->0K(153088K) From: 0K(10752K)->10560K(10752K)
[2026-03-22T19:50:02.507+0900][6.020s][info][gc,heap        ] GC(294) ParOldGen: 103430K(349696K)->197639K(349696K)
[2026-03-22T19:50:02.507+0900][6.020s][info][gc,metaspace   ] GC(294) Metaspace: 340K(512K)->340K(512K) NonClass: 322K(384K)->322K(384K) Class: 17K(128K)->17K(128K)
[2026-03-22T19:50:02.507+0900][6.020s][info][gc             ] GC(294) Pause Young (Allocation Failure) 249M->203M(501M) 4.290ms
[2026-03-22T19:50:02.507+0900][6.020s][info][gc,cpu         ] GC(294) User=0.00s Sys=0.00s Real=0.00s
[2026-03-22T19:50:02.521+0900][6.034s][info][gc,start       ] GC(295) Pause Young (Allocation Failure)
[2026-03-22T19:50:02.526+0900][6.038s][info][gc,heap        ] GC(295) PSYoungGen: 163121K(163840K)->10528K(163840K) Eden: 152561K(153088K)->0K(153088K) From: 10560K(10752K)->10528K(10752K)
[2026-03-22T19:50:02.526+0900][6.038s][info][gc,heap        ] GC(295) ParOldGen: 197639K(349696K)->291999K(349696K)
[2026-03-22T19:50:02.526+0900][6.038s][info][gc,metaspace   ] GC(295) Metaspace: 340K(512K)->340K(512K) NonClass: 322K(384K)->322K(384K) Class: 17K(128K)->17K(128K)
[2026-03-22T19:50:02.526+0900][6.038s][info][gc             ] GC(295) Pause Young (Allocation Failure) 352M->295M(501M) 4.296ms
[2026-03-22T19:50:02.526+0900][6.038s][info][gc,cpu         ] GC(295) User=0.00s Sys=0.00s Real=0.01s
[2026-03-22T19:50:02.539+0900][6.052s][info][gc,start       ] GC(296) Pause Full (Ergonomics)
[2026-03-22T19:50:02.539+0900][6.052s][info][gc,phases,start] GC(296) Marking Phase
[2026-03-22T19:50:02.540+0900][6.053s][info][gc,phases      ] GC(296) Marking Phase 1.322ms
[2026-03-22T19:50:02.540+0900][6.054s][info][gc,phases,start] GC(296) Summary Phase
[2026-03-22T19:50:02.540+0900][6.054s][info][gc,phases      ] GC(296) Summary Phase 0.044ms
[2026-03-22T19:50:02.540+0900][6.054s][info][gc,phases,start] GC(296) Adjust Roots
[2026-03-22T19:50:02.541+0900][6.054s][info][gc,phases      ] GC(296) Adjust Roots 0.206ms
[2026-03-22T19:50:02.541+0900][6.054s][info][gc,phases,start] GC(296) Compaction Phase
[2026-03-22T19:50:02.546+0900][6.059s][info][gc,phases      ] GC(296) Compaction Phase 5.046ms
[2026-03-22T19:50:02.546+0900][6.059s][info][gc,phases,start] GC(296) Post Compact
[2026-03-22T19:50:02.547+0900][6.060s][info][gc,phases      ] GC(296) Post Compact 1.252ms
[2026-03-22T19:50:02.547+0900][6.060s][info][gc,heap        ] GC(296) PSYoungGen: 163089K(163840K)->0K(163840K) Eden: 152561K(153088K)->0K(153088K) From: 10528K(10752K)->0K(10752K)
[2026-03-22T19:50:02.547+0900][6.060s][info][gc,heap        ] GC(296) ParOldGen: 291999K(349696K)->103430K(349696K)
[2026-03-22T19:50:02.547+0900][6.060s][info][gc,metaspace   ] GC(296) Metaspace: 340K(512K)->340K(512K) NonClass: 322K(384K)->322K(384K) Class: 17K(128K)->17K(128K)
[2026-03-22T19:50:02.547+0900][6.060s][info][gc             ] GC(296) Pause Full (Ergonomics) 444M->101M(501M) 8.108ms
[2026-03-22T19:50:02.547+0900][6.060s][info][gc,cpu         ] GC(296) User=0.02s Sys=0.00s Real=0.01s
[2026-03-22T19:50:02.561+0900][6.074s][info][gc,start       ] GC(297) Pause Young (Allocation Failure)
[2026-03-22T19:50:02.565+0900][6.078s][info][gc,heap        ] GC(297) PSYoungGen: 152561K(163840K)->10528K(163840K) Eden: 152561K(153088K)->0K(153088K) From: 0K(10752K)->10528K(10752K)
[2026-03-22T19:50:02.565+0900][6.078s][info][gc,heap        ] GC(297) ParOldGen: 103430K(349696K)->197639K(349696K)
[2026-03-22T19:50:02.565+0900][6.078s][info][gc,metaspace   ] GC(297) Metaspace: 340K(512K)->340K(512K) NonClass: 322K(384K)->322K(384K) Class: 17K(128K)->17K(128K)
[2026-03-22T19:50:02.565+0900][6.078s][info][gc             ] GC(297) Pause Young (Allocation Failure) 249M->203M(501M) 4.089ms
[2026-03-22T19:50:02.565+0900][6.078s][info][gc,cpu         ] GC(297) User=0.00s Sys=0.00s Real=0.00s
[2026-03-22T19:50:02.579+0900][6.092s][info][gc,start       ] GC(298) Pause Young (Allocation Failure)
[2026-03-22T19:50:02.583+0900][6.096s][info][gc,heap        ] GC(298) PSYoungGen: 163089K(163840K)->10560K(163840K) Eden: 152561K(153088K)->0K(153088K) From: 10528K(10752K)->10560K(10752K)
[2026-03-22T19:50:02.583+0900][6.096s][info][gc,heap        ] GC(298) ParOldGen: 197639K(349696K)->291999K(349696K)
[2026-03-22T19:50:02.583+0900][6.096s][info][gc,metaspace   ] GC(298) Metaspace: 340K(512K)->340K(512K) NonClass: 322K(384K)->322K(384K) Class: 17K(128K)->17K(128K)
[2026-03-22T19:50:02.583+0900][6.096s][info][gc             ] GC(298) Pause Young (Allocation Failure) 352M->295M(501M) 4.732ms
[2026-03-22T19:50:02.583+0900][6.096s][info][gc,cpu         ] GC(298) User=0.00s Sys=0.00s Real=0.00s
[2026-03-22T19:50:02.600+0900][6.113s][info][gc,start       ] GC(299) Pause Full (Ergonomics)
[2026-03-22T19:50:02.600+0900][6.113s][info][gc,phases,start] GC(299) Marking Phase
[2026-03-22T19:50:02.602+0900][6.114s][info][gc,phases      ] GC(299) Marking Phase 1.462ms
[2026-03-22T19:50:02.602+0900][6.114s][info][gc,phases,start] GC(299) Summary Phase
[2026-03-22T19:50:02.602+0900][6.114s][info][gc,phases      ] GC(299) Summary Phase 0.014ms
[2026-03-22T19:50:02.602+0900][6.114s][info][gc,phases,start] GC(299) Adjust Roots
[2026-03-22T19:50:02.602+0900][6.115s][info][gc,phases      ] GC(299) Adjust Roots 0.180ms
[2026-03-22T19:50:02.602+0900][6.115s][info][gc,phases,start] GC(299) Compaction Phase
[2026-03-22T19:50:02.608+0900][6.121s][info][gc,phases      ] GC(299) Compaction Phase 5.982ms
[2026-03-22T19:50:02.608+0900][6.121s][info][gc,phases,start] GC(299) Post Compact
[2026-03-22T19:50:02.610+0900][6.122s][info][gc,phases      ] GC(299) Post Compact 1.558ms
[2026-03-22T19:50:02.610+0900][6.122s][info][gc,heap        ] GC(299) PSYoungGen: 163121K(163840K)->0K(163840K) Eden: 152561K(153088K)->0K(153088K) From: 10560K(10752K)->0K(10752K)
[2026-03-22T19:50:02.610+0900][6.122s][info][gc,heap        ] GC(299) ParOldGen: 291999K(349696K)->103430K(349696K)
[2026-03-22T19:50:02.610+0900][6.122s][info][gc,metaspace   ] GC(299) Metaspace: 340K(512K)->340K(512K) NonClass: 322K(384K)->322K(384K) Class: 17K(128K)->17K(128K)
[2026-03-22T19:50:02.610+0900][6.122s][info][gc             ] GC(299) Pause Full (Ergonomics) 444M->101M(501M) 9.464ms
[2026-03-22T19:50:02.610+0900][6.122s][info][gc,cpu         ] GC(299) User=0.08s Sys=0.00s Real=0.01s
[2026-03-22T19:50:02.623+0900][6.136s][info][gc,start       ] GC(300) Pause Young (Allocation Failure)
[2026-03-22T19:50:02.627+0900][6.140s][info][gc,heap        ] GC(300) PSYoungGen: 152561K(163840K)->10528K(163840K) Eden: 152561K(153088K)->0K(153088K) From: 0K(10752K)->10528K(10752K)
[2026-03-22T19:50:02.627+0900][6.140s][info][gc,heap        ] GC(300) ParOldGen: 103430K(349696K)->197639K(349696K)
[2026-03-22T19:50:02.627+0900][6.140s][info][gc,metaspace   ] GC(300) Metaspace: 340K(512K)->340K(512K) NonClass: 322K(384K)->322K(384K) Class: 17K(128K)->17K(128K)
[2026-03-22T19:50:02.627+0900][6.140s][info][gc             ] GC(300) Pause Young (Allocation Failure) 249M->203M(501M) 4.084ms
[2026-03-22T19:50:02.627+0900][6.140s][info][gc,cpu         ] GC(300) User=0.00s Sys=0.00s Real=0.00s
[2026-03-22T19:50:02.641+0900][6.154s][info][gc,start       ] GC(301) Pause Young (Allocation Failure)
[2026-03-22T19:50:02.645+0900][6.158s][info][gc,heap        ] GC(301) PSYoungGen: 163089K(163840K)->10560K(163840K) Eden: 152561K(153088K)->0K(153088K) From: 10528K(10752K)->10560K(10752K)
[2026-03-22T19:50:02.645+0900][6.158s][info][gc,heap        ] GC(301) ParOldGen: 197639K(349696K)->291999K(349696K)
[2026-03-22T19:50:02.645+0900][6.158s][info][gc,metaspace   ] GC(301) Metaspace: 340K(512K)->340K(512K) NonClass: 322K(384K)->322K(384K) Class: 17K(128K)->17K(128K)
[2026-03-22T19:50:02.645+0900][6.158s][info][gc             ] GC(301) Pause Young (Allocation Failure) 352M->295M(501M) 4.134ms
[2026-03-22T19:50:02.645+0900][6.158s][info][gc,cpu         ] GC(301) User=0.00s Sys=0.00s Real=0.00s
[2026-03-22T19:50:02.659+0900][6.172s][info][gc,start       ] GC(302) Pause Full (Ergonomics)
[2026-03-22T19:50:02.659+0900][6.172s][info][gc,phases,start] GC(302) Marking Phase
[2026-03-22T19:50:02.660+0900][6.173s][info][gc,phases      ] GC(302) Marking Phase 1.316ms
[2026-03-22T19:50:02.661+0900][6.173s][info][gc,phases,start] GC(302) Summary Phase
[2026-03-22T19:50:02.661+0900][6.173s][info][gc,phases      ] GC(302) Summary Phase 0.023ms
[2026-03-22T19:50:02.661+0900][6.174s][info][gc,phases,start] GC(302) Adjust Roots
[2026-03-22T19:50:02.661+0900][6.174s][info][gc,phases      ] GC(302) Adjust Roots 0.227ms
[2026-03-22T19:50:02.661+0900][6.174s][info][gc,phases,start] GC(302) Compaction Phase
[2026-03-22T19:50:02.666+0900][6.179s][info][gc,phases      ] GC(302) Compaction Phase 5.275ms
[2026-03-22T19:50:02.666+0900][6.179s][info][gc,phases,start] GC(302) Post Compact
[2026-03-22T19:50:02.667+0900][6.180s][info][gc,phases      ] GC(302) Post Compact 1.297ms
[2026-03-22T19:50:02.667+0900][6.180s][info][gc,heap        ] GC(302) PSYoungGen: 163121K(163840K)->0K(163840K) Eden: 152561K(153088K)->0K(153088K) From: 10560K(10752K)->0K(10752K)
[2026-03-22T19:50:02.667+0900][6.180s][info][gc,heap        ] GC(302) ParOldGen: 291999K(349696K)->103430K(349696K)
[2026-03-22T19:50:02.667+0900][6.180s][info][gc,metaspace   ] GC(302) Metaspace: 340K(512K)->340K(512K) NonClass: 322K(384K)->322K(384K) Class: 17K(128K)->17K(128K)
[2026-03-22T19:50:02.667+0900][6.180s][info][gc             ] GC(302) Pause Full (Ergonomics) 444M->101M(501M) 8.379ms
[2026-03-22T19:50:02.667+0900][6.180s][info][gc,cpu         ] GC(302) User=0.09s Sys=0.00s Real=0.01s
[2026-03-22T19:50:02.681+0900][6.194s][info][gc,start       ] GC(303) Pause Young (Allocation Failure)
[2026-03-22T19:50:02.686+0900][6.199s][info][gc,heap        ] GC(303) PSYoungGen: 152561K(163840K)->10528K(163840K) Eden: 152561K(153088K)->0K(153088K) From: 0K(10752K)->10528K(10752K)
[2026-03-22T19:50:02.686+0900][6.199s][info][gc,heap        ] GC(303) ParOldGen: 103430K(349696K)->197639K(349696K)
[2026-03-22T19:50:02.686+0900][6.199s][info][gc,metaspace   ] GC(303) Metaspace: 340K(512K)->340K(512K) NonClass: 322K(384K)->322K(384K) Class: 17K(128K)->17K(128K)
[2026-03-22T19:50:02.686+0900][6.199s][info][gc             ] GC(303) Pause Young (Allocation Failure) 249M->203M(501M) 4.967ms
[2026-03-22T19:50:02.686+0900][6.199s][info][gc,cpu         ] GC(303) User=0.02s Sys=0.00s Real=0.01s
[2026-03-22T19:50:02.701+0900][6.213s][info][gc,start       ] GC(304) Pause Young (Allocation Failure)
[2026-03-22T19:50:02.706+0900][6.218s][info][gc,heap        ] GC(304) PSYoungGen: 163089K(163840K)->10528K(163840K) Eden: 152561K(153088K)->0K(153088K) From: 10528K(10752K)->10528K(10752K)
[2026-03-22T19:50:02.706+0900][6.218s][info][gc,heap        ] GC(304) ParOldGen: 197639K(349696K)->291999K(349696K)
[2026-03-22T19:50:02.706+0900][6.218s][info][gc,metaspace   ] GC(304) Metaspace: 340K(512K)->340K(512K) NonClass: 322K(384K)->322K(384K) Class: 17K(128K)->17K(128K)
[2026-03-22T19:50:02.706+0900][6.218s][info][gc             ] GC(304) Pause Young (Allocation Failure) 352M->295M(501M) 4.659ms
[2026-03-22T19:50:02.706+0900][6.218s][info][gc,cpu         ] GC(304) User=0.00s Sys=0.00s Real=0.01s
[2026-03-22T19:50:02.720+0900][6.233s][info][gc,start       ] GC(305) Pause Full (Ergonomics)
[2026-03-22T19:50:02.720+0900][6.233s][info][gc,phases,start] GC(305) Marking Phase
[2026-03-22T19:50:02.721+0900][6.234s][info][gc,phases      ] GC(305) Marking Phase 1.077ms
[2026-03-22T19:50:02.721+0900][6.234s][info][gc,phases,start] GC(305) Summary Phase
[2026-03-22T19:50:02.721+0900][6.234s][info][gc,phases      ] GC(305) Summary Phase 0.013ms
[2026-03-22T19:50:02.721+0900][6.234s][info][gc,phases,start] GC(305) Adjust Roots
[2026-03-22T19:50:02.721+0900][6.234s][info][gc,phases      ] GC(305) Adjust Roots 0.187ms
[2026-03-22T19:50:02.721+0900][6.234s][info][gc,phases,start] GC(305) Compaction Phase
[2026-03-22T19:50:02.726+0900][6.239s][info][gc,phases      ] GC(305) Compaction Phase 5.100ms
[2026-03-22T19:50:02.726+0900][6.239s][info][gc,phases,start] GC(305) Post Compact
[2026-03-22T19:50:02.728+0900][6.241s][info][gc,phases      ] GC(305) Post Compact 1.385ms
[2026-03-22T19:50:02.728+0900][6.241s][info][gc,heap        ] GC(305) PSYoungGen: 163089K(163840K)->0K(163840K) Eden: 152561K(153088K)->0K(153088K) From: 10528K(10752K)->0K(10752K)
[2026-03-22T19:50:02.728+0900][6.241s][info][gc,heap        ] GC(305) ParOldGen: 291999K(349696K)->103430K(349696K)
[2026-03-22T19:50:02.728+0900][6.241s][info][gc,metaspace   ] GC(305) Metaspace: 340K(512K)->340K(512K) NonClass: 322K(384K)->322K(384K) Class: 17K(128K)->17K(128K)
[2026-03-22T19:50:02.728+0900][6.241s][info][gc             ] GC(305) Pause Full (Ergonomics) 444M->101M(501M) 8.007ms
[2026-03-22T19:50:02.728+0900][6.241s][info][gc,cpu         ] GC(305) User=0.00s Sys=0.00s Real=0.01s
[2026-03-22T19:50:02.741+0900][6.254s][info][gc,start       ] GC(306) Pause Young (Allocation Failure)
[2026-03-22T19:50:02.745+0900][6.258s][info][gc,heap        ] GC(306) PSYoungGen: 152561K(163840K)->10528K(163840K) Eden: 152561K(153088K)->0K(153088K) From: 0K(10752K)->10528K(10752K)
[2026-03-22T19:50:02.746+0900][6.258s][info][gc,heap        ] GC(306) ParOldGen: 103430K(349696K)->197639K(349696K)
[2026-03-22T19:50:02.746+0900][6.258s][info][gc,metaspace   ] GC(306) Metaspace: 340K(512K)->340K(512K) NonClass: 322K(384K)->322K(384K) Class: 17K(128K)->17K(128K)
[2026-03-22T19:50:02.746+0900][6.258s][info][gc             ] GC(306) Pause Young (Allocation Failure) 249M->203M(501M) 4.143ms
[2026-03-22T19:50:02.746+0900][6.258s][info][gc,cpu         ] GC(306) User=0.09s Sys=0.00s Real=0.01s
[2026-03-22T19:50:02.759+0900][6.272s][info][gc,start       ] GC(307) Pause Young (Allocation Failure)
[2026-03-22T19:50:02.763+0900][6.276s][info][gc,heap        ] GC(307) PSYoungGen: 163089K(163840K)->10528K(163840K) Eden: 152561K(153088K)->0K(153088K) From: 10528K(10752K)->10528K(10752K)
[2026-03-22T19:50:02.763+0900][6.276s][info][gc,heap        ] GC(307) ParOldGen: 197639K(349696K)->291999K(349696K)
[2026-03-22T19:50:02.763+0900][6.276s][info][gc,metaspace   ] GC(307) Metaspace: 340K(512K)->340K(512K) NonClass: 322K(384K)->322K(384K) Class: 17K(128K)->17K(128K)
[2026-03-22T19:50:02.763+0900][6.276s][info][gc             ] GC(307) Pause Young (Allocation Failure) 352M->295M(501M) 4.139ms
[2026-03-22T19:50:02.763+0900][6.276s][info][gc,cpu         ] GC(307) User=0.00s Sys=0.02s Real=0.00s
[2026-03-22T19:50:02.778+0900][6.290s][info][gc,start       ] GC(308) Pause Full (Ergonomics)
[2026-03-22T19:50:02.778+0900][6.290s][info][gc,phases,start] GC(308) Marking Phase
[2026-03-22T19:50:02.779+0900][6.291s][info][gc,phases      ] GC(308) Marking Phase 0.993ms
[2026-03-22T19:50:02.779+0900][6.291s][info][gc,phases,start] GC(308) Summary Phase
[2026-03-22T19:50:02.779+0900][6.291s][info][gc,phases      ] GC(308) Summary Phase 0.013ms
[2026-03-22T19:50:02.779+0900][6.291s][info][gc,phases,start] GC(308) Adjust Roots
[2026-03-22T19:50:02.779+0900][6.291s][info][gc,phases      ] GC(308) Adjust Roots 0.171ms
[2026-03-22T19:50:02.779+0900][6.291s][info][gc,phases,start] GC(308) Compaction Phase
[2026-03-22T19:50:02.784+0900][6.297s][info][gc,phases      ] GC(308) Compaction Phase 5.509ms
[2026-03-22T19:50:02.784+0900][6.297s][info][gc,phases,start] GC(308) Post Compact
[2026-03-22T19:50:02.786+0900][6.298s][info][gc,phases      ] GC(308) Post Compact 1.263ms
[2026-03-22T19:50:02.786+0900][6.298s][info][gc,heap        ] GC(308) PSYoungGen: 163089K(163840K)->0K(163840K) Eden: 152561K(153088K)->0K(153088K) From: 10528K(10752K)->0K(10752K)
[2026-03-22T19:50:02.786+0900][6.298s][info][gc,heap        ] GC(308) ParOldGen: 291999K(349696K)->103430K(349696K)
[2026-03-22T19:50:02.786+0900][6.298s][info][gc,metaspace   ] GC(308) Metaspace: 340K(512K)->340K(512K) NonClass: 322K(384K)->322K(384K) Class: 17K(128K)->17K(128K)
[2026-03-22T19:50:02.786+0900][6.298s][info][gc             ] GC(308) Pause Full (Ergonomics) 444M->101M(501M) 8.139ms
[2026-03-22T19:50:02.786+0900][6.298s][info][gc,cpu         ] GC(308) User=0.00s Sys=0.00s Real=0.01s
[2026-03-22T19:50:02.800+0900][6.312s][info][gc,start       ] GC(309) Pause Young (Allocation Failure)
[2026-03-22T19:50:02.804+0900][6.317s][info][gc,heap        ] GC(309) PSYoungGen: 152561K(163840K)->10560K(163840K) Eden: 152561K(153088K)->0K(153088K) From: 0K(10752K)->10560K(10752K)
[2026-03-22T19:50:02.804+0900][6.317s][info][gc,heap        ] GC(309) ParOldGen: 103430K(349696K)->197639K(349696K)
[2026-03-22T19:50:02.804+0900][6.317s][info][gc,metaspace   ] GC(309) Metaspace: 340K(512K)->340K(512K) NonClass: 322K(384K)->322K(384K) Class: 17K(128K)->17K(128K)
[2026-03-22T19:50:02.804+0900][6.317s][info][gc             ] GC(309) Pause Young (Allocation Failure) 249M->203M(501M) 4.235ms
[2026-03-22T19:50:02.804+0900][6.317s][info][gc,cpu         ] GC(309) User=0.00s Sys=0.00s Real=0.00s
[2026-03-22T19:50:02.818+0900][6.330s][info][gc,start       ] GC(310) Pause Young (Allocation Failure)
[2026-03-22T19:50:02.822+0900][6.335s][info][gc,heap        ] GC(310) PSYoungGen: 163121K(163840K)->10528K(163840K) Eden: 152561K(153088K)->0K(153088K) From: 10560K(10752K)->10528K(10752K)
[2026-03-22T19:50:02.822+0900][6.335s][info][gc,heap        ] GC(310) ParOldGen: 197639K(349696K)->291999K(349696K)
[2026-03-22T19:50:02.822+0900][6.335s][info][gc,metaspace   ] GC(310) Metaspace: 340K(512K)->340K(512K) NonClass: 322K(384K)->322K(384K) Class: 17K(128K)->17K(128K)
[2026-03-22T19:50:02.822+0900][6.335s][info][gc             ] GC(310) Pause Young (Allocation Failure) 352M->295M(501M) 4.469ms
[2026-03-22T19:50:02.822+0900][6.335s][info][gc,cpu         ] GC(310) User=0.02s Sys=0.00s Real=0.00s
[2026-03-22T19:50:02.836+0900][6.349s][info][gc,start       ] GC(311) Pause Full (Ergonomics)
[2026-03-22T19:50:02.836+0900][6.349s][info][gc,phases,start] GC(311) Marking Phase
[2026-03-22T19:50:02.837+0900][6.350s][info][gc,phases      ] GC(311) Marking Phase 1.388ms
[2026-03-22T19:50:02.837+0900][6.350s][info][gc,phases,start] GC(311) Summary Phase
[2026-03-22T19:50:02.837+0900][6.350s][info][gc,phases      ] GC(311) Summary Phase 0.030ms
[2026-03-22T19:50:02.837+0900][6.350s][info][gc,phases,start] GC(311) Adjust Roots
[2026-03-22T19:50:02.838+0900][6.351s][info][gc,phases      ] GC(311) Adjust Roots 0.205ms
[2026-03-22T19:50:02.838+0900][6.351s][info][gc,phases,start] GC(311) Compaction Phase
[2026-03-22T19:50:02.843+0900][6.356s][info][gc,phases      ] GC(311) Compaction Phase 5.026ms
[2026-03-22T19:50:02.843+0900][6.356s][info][gc,phases,start] GC(311) Post Compact
[2026-03-22T19:50:02.844+0900][6.357s][info][gc,phases      ] GC(311) Post Compact 1.272ms
[2026-03-22T19:50:02.844+0900][6.357s][info][gc,heap        ] GC(311) PSYoungGen: 163089K(163840K)->0K(163840K) Eden: 152561K(153088K)->0K(153088K) From: 10528K(10752K)->0K(10752K)
[2026-03-22T19:50:02.844+0900][6.357s][info][gc,heap        ] GC(311) ParOldGen: 291999K(349696K)->103430K(349696K)
[2026-03-22T19:50:02.844+0900][6.357s][info][gc,metaspace   ] GC(311) Metaspace: 340K(512K)->340K(512K) NonClass: 322K(384K)->322K(384K) Class: 17K(128K)->17K(128K)
[2026-03-22T19:50:02.844+0900][6.357s][info][gc             ] GC(311) Pause Full (Ergonomics) 444M->101M(501M) 8.192ms
[2026-03-22T19:50:02.844+0900][6.357s][info][gc,cpu         ] GC(311) User=0.00s Sys=0.02s Real=0.01s
[2026-03-22T19:50:02.857+0900][6.371s][info][gc,start       ] GC(312) Pause Young (Allocation Failure)
[2026-03-22T19:50:02.862+0900][6.375s][info][gc,heap        ] GC(312) PSYoungGen: 152561K(163840K)->10528K(163840K) Eden: 152561K(153088K)->0K(153088K) From: 0K(10752K)->10528K(10752K)
[2026-03-22T19:50:02.862+0900][6.375s][info][gc,heap        ] GC(312) ParOldGen: 103430K(349696K)->197639K(349696K)
[2026-03-22T19:50:02.862+0900][6.375s][info][gc,metaspace   ] GC(312) Metaspace: 340K(512K)->340K(512K) NonClass: 322K(384K)->322K(384K) Class: 17K(128K)->17K(128K)
[2026-03-22T19:50:02.862+0900][6.375s][info][gc             ] GC(312) Pause Young (Allocation Failure) 249M->203M(501M) 3.972ms
[2026-03-22T19:50:02.862+0900][6.375s][info][gc,cpu         ] GC(312) User=0.00s Sys=0.00s Real=0.00s
[2026-03-22T19:50:02.875+0900][6.388s][info][gc,start       ] GC(313) Pause Young (Allocation Failure)
[2026-03-22T19:50:02.880+0900][6.392s][info][gc,heap        ] GC(313) PSYoungGen: 163089K(163840K)->10560K(163840K) Eden: 152561K(153088K)->0K(153088K) From: 10528K(10752K)->10560K(10752K)
[2026-03-22T19:50:02.880+0900][6.392s][info][gc,heap        ] GC(313) ParOldGen: 197639K(349696K)->291999K(349696K)
[2026-03-22T19:50:02.880+0900][6.392s][info][gc,metaspace   ] GC(313) Metaspace: 340K(512K)->340K(512K) NonClass: 322K(384K)->322K(384K) Class: 17K(128K)->17K(128K)
[2026-03-22T19:50:02.880+0900][6.392s][info][gc             ] GC(313) Pause Young (Allocation Failure) 352M->295M(501M) 4.163ms
[2026-03-22T19:50:02.880+0900][6.392s][info][gc,cpu         ] GC(313) User=0.00s Sys=0.00s Real=0.01s
[2026-03-22T19:50:02.895+0900][6.407s][info][gc,start       ] GC(314) Pause Full (Ergonomics)
[2026-03-22T19:50:02.895+0900][6.407s][info][gc,phases,start] GC(314) Marking Phase
[2026-03-22T19:50:02.895+0900][6.408s][info][gc,phases      ] GC(314) Marking Phase 1.103ms
[2026-03-22T19:50:02.895+0900][6.408s][info][gc,phases,start] GC(314) Summary Phase
[2026-03-22T19:50:02.895+0900][6.408s][info][gc,phases      ] GC(314) Summary Phase 0.014ms
[2026-03-22T19:50:02.895+0900][6.408s][info][gc,phases,start] GC(314) Adjust Roots
[2026-03-22T19:50:02.896+0900][6.408s][info][gc,phases      ] GC(314) Adjust Roots 0.141ms
[2026-03-22T19:50:02.896+0900][6.409s][info][gc,phases,start] GC(314) Compaction Phase
[2026-03-22T19:50:02.901+0900][6.414s][info][gc,phases      ] GC(314) Compaction Phase 5.730ms
[2026-03-22T19:50:02.901+0900][6.414s][info][gc,phases,start] GC(314) Post Compact
[2026-03-22T19:50:02.902+0900][6.416s][info][gc,phases      ] GC(314) Post Compact 1.403ms
[2026-03-22T19:50:02.902+0900][6.416s][info][gc,heap        ] GC(314) PSYoungGen: 163121K(163840K)->0K(163840K) Eden: 152561K(153088K)->0K(153088K) From: 10560K(10752K)->0K(10752K)
[2026-03-22T19:50:02.902+0900][6.416s][info][gc,heap        ] GC(314) ParOldGen: 291999K(349696K)->103430K(349696K)
[2026-03-22T19:50:02.902+0900][6.416s][info][gc,metaspace   ] GC(314) Metaspace: 340K(512K)->340K(512K) NonClass: 322K(384K)->322K(384K) Class: 17K(128K)->17K(128K)
[2026-03-22T19:50:02.902+0900][6.416s][info][gc             ] GC(314) Pause Full (Ergonomics) 444M->101M(501M) 8.717ms
[2026-03-22T19:50:02.902+0900][6.416s][info][gc,cpu         ] GC(314) User=0.09s Sys=0.00s Real=0.01s
[2026-03-22T19:50:02.918+0900][6.430s][info][gc,start       ] GC(315) Pause Young (Allocation Failure)
[2026-03-22T19:50:02.922+0900][6.434s][info][gc,heap        ] GC(315) PSYoungGen: 152561K(163840K)->10560K(163840K) Eden: 152561K(153088K)->0K(153088K) From: 0K(10752K)->10560K(10752K)
[2026-03-22T19:50:02.922+0900][6.434s][info][gc,heap        ] GC(315) ParOldGen: 103430K(349696K)->197639K(349696K)
[2026-03-22T19:50:02.922+0900][6.434s][info][gc,metaspace   ] GC(315) Metaspace: 340K(512K)->340K(512K) NonClass: 322K(384K)->322K(384K) Class: 17K(128K)->17K(128K)
[2026-03-22T19:50:02.922+0900][6.434s][info][gc             ] GC(315) Pause Young (Allocation Failure) 249M->203M(501M) 4.174ms
[2026-03-22T19:50:02.922+0900][6.434s][info][gc,cpu         ] GC(315) User=0.00s Sys=0.00s Real=0.00s
[2026-03-22T19:50:02.936+0900][6.448s][info][gc,start       ] GC(316) Pause Young (Allocation Failure)
[2026-03-22T19:50:02.939+0900][6.452s][info][gc,heap        ] GC(316) PSYoungGen: 163121K(163840K)->10560K(163840K) Eden: 152561K(153088K)->0K(153088K) From: 10560K(10752K)->10560K(10752K)
[2026-03-22T19:50:02.939+0900][6.452s][info][gc,heap        ] GC(316) ParOldGen: 197639K(349696K)->291999K(349696K)
[2026-03-22T19:50:02.939+0900][6.452s][info][gc,metaspace   ] GC(316) Metaspace: 340K(512K)->340K(512K) NonClass: 322K(384K)->322K(384K) Class: 17K(128K)->17K(128K)
[2026-03-22T19:50:02.939+0900][6.452s][info][gc             ] GC(316) Pause Young (Allocation Failure) 352M->295M(501M) 4.043ms
[2026-03-22T19:50:02.939+0900][6.452s][info][gc,cpu         ] GC(316) User=0.00s Sys=0.00s Real=0.00s
[2026-03-22T19:50:02.953+0900][6.466s][info][gc,start       ] GC(317) Pause Full (Ergonomics)
[2026-03-22T19:50:02.953+0900][6.466s][info][gc,phases,start] GC(317) Marking Phase
[2026-03-22T19:50:02.954+0900][6.467s][info][gc,phases      ] GC(317) Marking Phase 1.131ms
[2026-03-22T19:50:02.954+0900][6.467s][info][gc,phases,start] GC(317) Summary Phase
[2026-03-22T19:50:02.954+0900][6.467s][info][gc,phases      ] GC(317) Summary Phase 0.014ms
[2026-03-22T19:50:02.954+0900][6.467s][info][gc,phases,start] GC(317) Adjust Roots
[2026-03-22T19:50:02.954+0900][6.468s][info][gc,phases      ] GC(317) Adjust Roots 0.204ms
[2026-03-22T19:50:02.954+0900][6.468s][info][gc,phases,start] GC(317) Compaction Phase
[2026-03-22T19:50:02.959+0900][6.473s][info][gc,phases      ] GC(317) Compaction Phase 5.014ms
[2026-03-22T19:50:02.959+0900][6.473s][info][gc,phases,start] GC(317) Post Compact
[2026-03-22T19:50:02.962+0900][6.474s][info][gc,phases      ] GC(317) Post Compact 1.396ms
[2026-03-22T19:50:02.962+0900][6.474s][info][gc,heap        ] GC(317) PSYoungGen: 163121K(163840K)->0K(163840K) Eden: 152561K(153088K)->0K(153088K) From: 10560K(10752K)->0K(10752K)
[2026-03-22T19:50:02.962+0900][6.474s][info][gc,heap        ] GC(317) ParOldGen: 291999K(349696K)->103430K(349696K)
[2026-03-22T19:50:02.962+0900][6.474s][info][gc,metaspace   ] GC(317) Metaspace: 340K(512K)->340K(512K) NonClass: 322K(384K)->322K(384K) Class: 17K(128K)->17K(128K)
[2026-03-22T19:50:02.962+0900][6.474s][info][gc             ] GC(317) Pause Full (Ergonomics) 444M->101M(501M) 8.065ms
[2026-03-22T19:50:02.962+0900][6.474s][info][gc,cpu         ] GC(317) User=0.00s Sys=0.00s Real=0.01s
[2026-03-22T19:50:02.975+0900][6.488s][info][gc,start       ] GC(318) Pause Young (Allocation Failure)
[2026-03-22T19:50:02.979+0900][6.492s][info][gc,heap        ] GC(318) PSYoungGen: 152561K(163840K)->10528K(163840K) Eden: 152561K(153088K)->0K(153088K) From: 0K(10752K)->10528K(10752K)
[2026-03-22T19:50:02.979+0900][6.492s][info][gc,heap        ] GC(318) ParOldGen: 103430K(349696K)->197639K(349696K)
[2026-03-22T19:50:02.979+0900][6.492s][info][gc,metaspace   ] GC(318) Metaspace: 340K(512K)->340K(512K) NonClass: 322K(384K)->322K(384K) Class: 17K(128K)->17K(128K)
[2026-03-22T19:50:02.980+0900][6.492s][info][gc             ] GC(318) Pause Young (Allocation Failure) 249M->203M(501M) 4.101ms
[2026-03-22T19:50:02.980+0900][6.492s][info][gc,cpu         ] GC(318) User=0.08s Sys=0.02s Real=0.01s
[2026-03-22T19:50:02.994+0900][6.507s][info][gc,start       ] GC(319) Pause Young (Allocation Failure)
[2026-03-22T19:50:02.998+0900][6.511s][info][gc,heap        ] GC(319) PSYoungGen: 163089K(163840K)->10528K(163840K) Eden: 152561K(153088K)->0K(153088K) From: 10528K(10752K)->10528K(10752K)
[2026-03-22T19:50:02.998+0900][6.511s][info][gc,heap        ] GC(319) ParOldGen: 197639K(349696K)->291999K(349696K)
[2026-03-22T19:50:02.998+0900][6.511s][info][gc,metaspace   ] GC(319) Metaspace: 340K(512K)->340K(512K) NonClass: 322K(384K)->322K(384K) Class: 17K(128K)->17K(128K)
[2026-03-22T19:50:02.998+0900][6.511s][info][gc             ] GC(319) Pause Young (Allocation Failure) 352M->295M(501M) 4.317ms
[2026-03-22T19:50:02.998+0900][6.511s][info][gc,cpu         ] GC(319) User=0.00s Sys=0.00s Real=0.00s
[2026-03-22T19:50:03.011+0900][6.525s][info][gc,start       ] GC(320) Pause Full (Ergonomics)
[2026-03-22T19:50:03.012+0900][6.525s][info][gc,phases,start] GC(320) Marking Phase
[2026-03-22T19:50:03.013+0900][6.526s][info][gc,phases      ] GC(320) Marking Phase 1.111ms
[2026-03-22T19:50:03.013+0900][6.526s][info][gc,phases,start] GC(320) Summary Phase
[2026-03-22T19:50:03.013+0900][6.526s][info][gc,phases      ] GC(320) Summary Phase 0.022ms
[2026-03-22T19:50:03.013+0900][6.526s][info][gc,phases,start] GC(320) Adjust Roots
[2026-03-22T19:50:03.013+0900][6.526s][info][gc,phases      ] GC(320) Adjust Roots 0.209ms
[2026-03-22T19:50:03.013+0900][6.526s][info][gc,phases,start] GC(320) Compaction Phase
[2026-03-22T19:50:03.018+0900][6.531s][info][gc,phases      ] GC(320) Compaction Phase 4.502ms
[2026-03-22T19:50:03.018+0900][6.531s][info][gc,phases,start] GC(320) Post Compact
[2026-03-22T19:50:03.019+0900][6.532s][info][gc,phases      ] GC(320) Post Compact 1.326ms
[2026-03-22T19:50:03.019+0900][6.532s][info][gc,heap        ] GC(320) PSYoungGen: 163089K(163840K)->0K(163840K) Eden: 152561K(153088K)->0K(153088K) From: 10528K(10752K)->0K(10752K)
[2026-03-22T19:50:03.019+0900][6.532s][info][gc,heap        ] GC(320) ParOldGen: 291999K(349696K)->103430K(349696K)
[2026-03-22T19:50:03.019+0900][6.532s][info][gc,metaspace   ] GC(320) Metaspace: 340K(512K)->340K(512K) NonClass: 322K(384K)->322K(384K) Class: 17K(128K)->17K(128K)
[2026-03-22T19:50:03.019+0900][6.532s][info][gc             ] GC(320) Pause Full (Ergonomics) 444M->101M(501M) 7.408ms
[2026-03-22T19:50:03.019+0900][6.532s][info][gc,cpu         ] GC(320) User=0.00s Sys=0.00s Real=0.01s
[2026-03-22T19:50:03.034+0900][6.546s][info][gc,start       ] GC(321) Pause Young (Allocation Failure)
[2026-03-22T19:50:03.038+0900][6.550s][info][gc,heap        ] GC(321) PSYoungGen: 152561K(163840K)->10560K(163840K) Eden: 152561K(153088K)->0K(153088K) From: 0K(10752K)->10560K(10752K)
[2026-03-22T19:50:03.038+0900][6.550s][info][gc,heap        ] GC(321) ParOldGen: 103430K(349696K)->197639K(349696K)
[2026-03-22T19:50:03.038+0900][6.550s][info][gc,metaspace   ] GC(321) Metaspace: 340K(512K)->340K(512K) NonClass: 322K(384K)->322K(384K) Class: 17K(128K)->17K(128K)
[2026-03-22T19:50:03.038+0900][6.550s][info][gc             ] GC(321) Pause Young (Allocation Failure) 249M->203M(501M) 4.200ms
[2026-03-22T19:50:03.038+0900][6.550s][info][gc,cpu         ] GC(321) User=0.00s Sys=0.00s Real=0.00s
[2026-03-22T19:50:03.052+0900][6.564s][info][gc,start       ] GC(322) Pause Young (Allocation Failure)
[2026-03-22T19:50:03.056+0900][6.568s][info][gc,heap        ] GC(322) PSYoungGen: 163121K(163840K)->10560K(163840K) Eden: 152561K(153088K)->0K(153088K) From: 10560K(10752K)->10560K(10752K)
[2026-03-22T19:50:03.056+0900][6.568s][info][gc,heap        ] GC(322) ParOldGen: 197639K(349696K)->291999K(349696K)
[2026-03-22T19:50:03.056+0900][6.568s][info][gc,metaspace   ] GC(322) Metaspace: 340K(512K)->340K(512K) NonClass: 322K(384K)->322K(384K) Class: 17K(128K)->17K(128K)
[2026-03-22T19:50:03.056+0900][6.568s][info][gc             ] GC(322) Pause Young (Allocation Failure) 352M->295M(501M) 4.265ms
[2026-03-22T19:50:03.056+0900][6.568s][info][gc,cpu         ] GC(322) User=0.00s Sys=0.00s Real=0.00s
[2026-03-22T19:50:03.069+0900][6.582s][info][gc,start       ] GC(323) Pause Full (Ergonomics)
[2026-03-22T19:50:03.069+0900][6.582s][info][gc,phases,start] GC(323) Marking Phase
[2026-03-22T19:50:03.071+0900][6.584s][info][gc,phases      ] GC(323) Marking Phase 1.470ms
[2026-03-22T19:50:03.071+0900][6.584s][info][gc,phases,start] GC(323) Summary Phase
[2026-03-22T19:50:03.071+0900][6.584s][info][gc,phases      ] GC(323) Summary Phase 0.028ms
[2026-03-22T19:50:03.071+0900][6.584s][info][gc,phases,start] GC(323) Adjust Roots
[2026-03-22T19:50:03.071+0900][6.584s][info][gc,phases      ] GC(323) Adjust Roots 0.183ms
[2026-03-22T19:50:03.071+0900][6.584s][info][gc,phases,start] GC(323) Compaction Phase
[2026-03-22T19:50:03.076+0900][6.589s][info][gc,phases      ] GC(323) Compaction Phase 4.720ms
[2026-03-22T19:50:03.076+0900][6.589s][info][gc,phases,start] GC(323) Post Compact
[2026-03-22T19:50:03.076+0900][6.590s][info][gc,phases      ] GC(323) Post Compact 1.324ms
[2026-03-22T19:50:03.076+0900][6.590s][info][gc,heap        ] GC(323) PSYoungGen: 163121K(163840K)->0K(163840K) Eden: 152561K(153088K)->0K(153088K) From: 10560K(10752K)->0K(10752K)
[2026-03-22T19:50:03.076+0900][6.590s][info][gc,heap        ] GC(323) ParOldGen: 291999K(349696K)->103195K(349696K)
[2026-03-22T19:50:03.076+0900][6.590s][info][gc,metaspace   ] GC(323) Metaspace: 340K(512K)->340K(512K) NonClass: 322K(384K)->322K(384K) Class: 17K(128K)->17K(128K)
[2026-03-22T19:50:03.076+0900][6.590s][info][gc             ] GC(323) Pause Full (Ergonomics) 444M->100M(501M) 8.032ms
[2026-03-22T19:50:03.076+0900][6.590s][info][gc,cpu         ] GC(323) User=0.08s Sys=0.00s Real=0.01s
[2026-03-22T19:50:03.091+0900][6.604s][info][gc,start       ] GC(324) Pause Young (Allocation Failure)
[2026-03-22T19:50:03.095+0900][6.608s][info][gc,heap        ] GC(324) PSYoungGen: 152561K(163840K)->10528K(163840K) Eden: 152561K(153088K)->0K(153088K) From: 0K(10752K)->10528K(10752K)
[2026-03-22T19:50:03.095+0900][6.608s][info][gc,heap        ] GC(324) ParOldGen: 103195K(349696K)->197403K(349696K)
[2026-03-22T19:50:03.095+0900][6.609s][info][gc,metaspace   ] GC(324) Metaspace: 340K(512K)->340K(512K) NonClass: 322K(384K)->322K(384K) Class: 17K(128K)->17K(128K)
[2026-03-22T19:50:03.095+0900][6.609s][info][gc             ] GC(324) Pause Young (Allocation Failure) 249M->203M(501M) 4.181ms
[2026-03-22T19:50:03.095+0900][6.609s][info][gc,cpu         ] GC(324) User=0.00s Sys=0.00s Real=0.00s
[2026-03-22T19:50:03.109+0900][6.622s][info][gc,start       ] GC(325) Pause Young (Allocation Failure)
[2026-03-22T19:50:03.113+0900][6.627s][info][gc,heap        ] GC(325) PSYoungGen: 163089K(163840K)->10496K(163840K) Eden: 152561K(153088K)->0K(153088K) From: 10528K(10752K)->10496K(10752K)
[2026-03-22T19:50:03.113+0900][6.627s][info][gc,heap        ] GC(325) ParOldGen: 197403K(349696K)->291764K(349696K)
[2026-03-22T19:50:03.113+0900][6.627s][info][gc,metaspace   ] GC(325) Metaspace: 340K(512K)->340K(512K) NonClass: 322K(384K)->322K(384K) Class: 17K(128K)->17K(128K)
[2026-03-22T19:50:03.113+0900][6.627s][info][gc             ] GC(325) Pause Young (Allocation Failure) 352M->295M(501M) 4.497ms
[2026-03-22T19:50:03.113+0900][6.627s][info][gc,cpu         ] GC(325) User=0.00s Sys=0.00s Real=0.00s
[2026-03-22T19:50:03.128+0900][6.641s][info][gc,start       ] GC(326) Pause Full (Ergonomics)
[2026-03-22T19:50:03.128+0900][6.641s][info][gc,phases,start] GC(326) Marking Phase
[2026-03-22T19:50:03.130+0900][6.643s][info][gc,phases      ] GC(326) Marking Phase 1.235ms
[2026-03-22T19:50:03.130+0900][6.643s][info][gc,phases,start] GC(326) Summary Phase
[2026-03-22T19:50:03.130+0900][6.643s][info][gc,phases      ] GC(326) Summary Phase 0.022ms
[2026-03-22T19:50:03.130+0900][6.643s][info][gc,phases,start] GC(326) Adjust Roots
[2026-03-22T19:50:03.130+0900][6.643s][info][gc,phases      ] GC(326) Adjust Roots 0.222ms
[2026-03-22T19:50:03.131+0900][6.643s][info][gc,phases,start] GC(326) Compaction Phase
[2026-03-22T19:50:03.135+0900][6.648s][info][gc,phases      ] GC(326) Compaction Phase 4.628ms
[2026-03-22T19:50:03.135+0900][6.648s][info][gc,phases,start] GC(326) Post Compact
[2026-03-22T19:50:03.137+0900][6.649s][info][gc,phases      ] GC(326) Post Compact 1.399ms
[2026-03-22T19:50:03.137+0900][6.649s][info][gc,heap        ] GC(326) PSYoungGen: 163057K(163840K)->0K(163840K) Eden: 152561K(153088K)->0K(153088K) From: 10496K(10752K)->0K(10752K)
[2026-03-22T19:50:03.137+0900][6.649s][info][gc,heap        ] GC(326) ParOldGen: 291764K(349696K)->103430K(349696K)
[2026-03-22T19:50:03.137+0900][6.649s][info][gc,metaspace   ] GC(326) Metaspace: 340K(512K)->340K(512K) NonClass: 322K(384K)->322K(384K) Class: 17K(128K)->17K(128K)
[2026-03-22T19:50:03.137+0900][6.649s][info][gc             ] GC(326) Pause Full (Ergonomics) 444M->101M(501M) 7.770ms
[2026-03-22T19:50:03.137+0900][6.649s][info][gc,cpu         ] GC(326) User=0.09s Sys=0.00s Real=0.01s
[2026-03-22T19:50:03.150+0900][6.663s][info][gc,start       ] GC(327) Pause Young (Allocation Failure)
[2026-03-22T19:50:03.154+0900][6.667s][info][gc,heap        ] GC(327) PSYoungGen: 152561K(163840K)->10528K(163840K) Eden: 152561K(153088K)->0K(153088K) From: 0K(10752K)->10528K(10752K)
[2026-03-22T19:50:03.154+0900][6.667s][info][gc,heap        ] GC(327) ParOldGen: 103430K(349696K)->197639K(349696K)
[2026-03-22T19:50:03.154+0900][6.667s][info][gc,metaspace   ] GC(327) Metaspace: 340K(512K)->340K(512K) NonClass: 322K(384K)->322K(384K) Class: 17K(128K)->17K(128K)
[2026-03-22T19:50:03.154+0900][6.667s][info][gc             ] GC(327) Pause Young (Allocation Failure) 249M->203M(501M) 4.138ms
[2026-03-22T19:50:03.154+0900][6.667s][info][gc,cpu         ] GC(327) User=0.00s Sys=0.00s Real=0.00s
[2026-03-22T19:50:03.169+0900][6.682s][info][gc,start       ] GC(328) Pause Young (Allocation Failure)
[2026-03-22T19:50:03.173+0900][6.687s][info][gc,heap        ] GC(328) PSYoungGen: 163089K(163840K)->10528K(163840K) Eden: 152561K(153088K)->0K(153088K) From: 10528K(10752K)->10528K(10752K)
[2026-03-22T19:50:03.173+0900][6.687s][info][gc,heap        ] GC(328) ParOldGen: 197639K(349696K)->291999K(349696K)
[2026-03-22T19:50:03.173+0900][6.687s][info][gc,metaspace   ] GC(328) Metaspace: 340K(512K)->340K(512K) NonClass: 322K(384K)->322K(384K) Class: 17K(128K)->17K(128K)
[2026-03-22T19:50:03.173+0900][6.687s][info][gc             ] GC(328) Pause Young (Allocation Failure) 352M->295M(501M) 4.574ms
[2026-03-22T19:50:03.174+0900][6.687s][info][gc,cpu         ] GC(328) User=0.00s Sys=0.00s Real=0.01s
[2026-03-22T19:50:03.188+0900][6.701s][info][gc,start       ] GC(329) Pause Full (Ergonomics)
[2026-03-22T19:50:03.188+0900][6.701s][info][gc,phases,start] GC(329) Marking Phase
[2026-03-22T19:50:03.189+0900][6.703s][info][gc,phases      ] GC(329) Marking Phase 1.348ms
[2026-03-22T19:50:03.190+0900][6.703s][info][gc,phases,start] GC(329) Summary Phase
[2026-03-22T19:50:03.190+0900][6.703s][info][gc,phases      ] GC(329) Summary Phase 0.025ms
[2026-03-22T19:50:03.190+0900][6.703s][info][gc,phases,start] GC(329) Adjust Roots
[2026-03-22T19:50:03.190+0900][6.703s][info][gc,phases      ] GC(329) Adjust Roots 0.221ms
[2026-03-22T19:50:03.190+0900][6.703s][info][gc,phases,start] GC(329) Compaction Phase
[2026-03-22T19:50:03.195+0900][6.708s][info][gc,phases      ] GC(329) Compaction Phase 5.405ms
[2026-03-22T19:50:03.195+0900][6.708s][info][gc,phases,start] GC(329) Post Compact
[2026-03-22T19:50:03.197+0900][6.710s][info][gc,phases      ] GC(329) Post Compact 1.481ms
[2026-03-22T19:50:03.197+0900][6.710s][info][gc,heap        ] GC(329) PSYoungGen: 163089K(163840K)->0K(163840K) Eden: 152561K(153088K)->0K(153088K) From: 10528K(10752K)->0K(10752K)
[2026-03-22T19:50:03.197+0900][6.710s][info][gc,heap        ] GC(329) ParOldGen: 291999K(349696K)->103430K(349696K)
[2026-03-22T19:50:03.197+0900][6.710s][info][gc,metaspace   ] GC(329) Metaspace: 340K(512K)->340K(512K) NonClass: 322K(384K)->322K(384K) Class: 17K(128K)->17K(128K)
[2026-03-22T19:50:03.197+0900][6.710s][info][gc             ] GC(329) Pause Full (Ergonomics) 444M->101M(501M) 8.807ms
[2026-03-22T19:50:03.197+0900][6.710s][info][gc,cpu         ] GC(329) User=0.00s Sys=0.00s Real=0.01s
[2026-03-22T19:50:03.210+0900][6.723s][info][gc,start       ] GC(330) Pause Young (Allocation Failure)
[2026-03-22T19:50:03.215+0900][6.728s][info][gc,heap        ] GC(330) PSYoungGen: 152561K(163840K)->10560K(163840K) Eden: 152561K(153088K)->0K(153088K) From: 0K(10752K)->10560K(10752K)
[2026-03-22T19:50:03.215+0900][6.728s][info][gc,heap        ] GC(330) ParOldGen: 103430K(349696K)->197639K(349696K)
[2026-03-22T19:50:03.215+0900][6.728s][info][gc,metaspace   ] GC(330) Metaspace: 340K(512K)->340K(512K) NonClass: 322K(384K)->322K(384K) Class: 17K(128K)->17K(128K)
[2026-03-22T19:50:03.215+0900][6.728s][info][gc             ] GC(330) Pause Young (Allocation Failure) 249M->203M(501M) 4.540ms
[2026-03-22T19:50:03.215+0900][6.728s][info][gc,cpu         ] GC(330) User=0.09s Sys=0.00s Real=0.00s
[2026-03-22T19:50:03.229+0900][6.742s][info][gc,start       ] GC(331) Pause Young (Allocation Failure)
[2026-03-22T19:50:03.233+0900][6.746s][info][gc,heap        ] GC(331) PSYoungGen: 163121K(163840K)->10560K(163840K) Eden: 152561K(153088K)->0K(153088K) From: 10560K(10752K)->10560K(10752K)
[2026-03-22T19:50:03.233+0900][6.746s][info][gc,heap        ] GC(331) ParOldGen: 197639K(349696K)->291999K(349696K)
[2026-03-22T19:50:03.233+0900][6.746s][info][gc,metaspace   ] GC(331) Metaspace: 340K(512K)->340K(512K) NonClass: 322K(384K)->322K(384K) Class: 17K(128K)->17K(128K)
[2026-03-22T19:50:03.233+0900][6.746s][info][gc             ] GC(331) Pause Young (Allocation Failure) 352M->295M(501M) 3.920ms
[2026-03-22T19:50:03.233+0900][6.746s][info][gc,cpu         ] GC(331) User=0.00s Sys=0.00s Real=0.00s
[2026-03-22T19:50:03.247+0900][6.760s][info][gc,start       ] GC(332) Pause Full (Ergonomics)
[2026-03-22T19:50:03.247+0900][6.760s][info][gc,phases,start] GC(332) Marking Phase
[2026-03-22T19:50:03.248+0900][6.761s][info][gc,phases      ] GC(332) Marking Phase 1.129ms
[2026-03-22T19:50:03.248+0900][6.761s][info][gc,phases,start] GC(332) Summary Phase
[2026-03-22T19:50:03.248+0900][6.761s][info][gc,phases      ] GC(332) Summary Phase 0.013ms
[2026-03-22T19:50:03.248+0900][6.761s][info][gc,phases,start] GC(332) Adjust Roots
[2026-03-22T19:50:03.248+0900][6.761s][info][gc,phases      ] GC(332) Adjust Roots 0.191ms
[2026-03-22T19:50:03.248+0900][6.761s][info][gc,phases,start] GC(332) Compaction Phase
[2026-03-22T19:50:03.253+0900][6.766s][info][gc,phases      ] GC(332) Compaction Phase 5.295ms
[2026-03-22T19:50:03.254+0900][6.766s][info][gc,phases,start] GC(332) Post Compact
[2026-03-22T19:50:03.255+0900][6.768s][info][gc,phases      ] GC(332) Post Compact 1.266ms
[2026-03-22T19:50:03.255+0900][6.768s][info][gc,heap        ] GC(332) PSYoungGen: 163121K(163840K)->0K(163840K) Eden: 152561K(153088K)->0K(153088K) From: 10560K(10752K)->0K(10752K)
[2026-03-22T19:50:03.255+0900][6.768s][info][gc,heap        ] GC(332) ParOldGen: 291999K(349696K)->103430K(349696K)
[2026-03-22T19:50:03.255+0900][6.768s][info][gc,metaspace   ] GC(332) Metaspace: 340K(512K)->340K(512K) NonClass: 322K(384K)->322K(384K) Class: 17K(128K)->17K(128K)
[2026-03-22T19:50:03.255+0900][6.768s][info][gc             ] GC(332) Pause Full (Ergonomics) 444M->101M(501M) 8.078ms
[2026-03-22T19:50:03.255+0900][6.768s][info][gc,cpu         ] GC(332) User=0.00s Sys=0.00s Real=0.01s
[2026-03-22T19:50:03.268+0900][6.781s][info][gc,start       ] GC(333) Pause Young (Allocation Failure)
[2026-03-22T19:50:03.273+0900][6.786s][info][gc,heap        ] GC(333) PSYoungGen: 152561K(163840K)->10528K(163840K) Eden: 152561K(153088K)->0K(153088K) From: 0K(10752K)->10528K(10752K)
[2026-03-22T19:50:03.273+0900][6.786s][info][gc,heap        ] GC(333) ParOldGen: 103430K(349696K)->197639K(349696K)
[2026-03-22T19:50:03.273+0900][6.786s][info][gc,metaspace   ] GC(333) Metaspace: 340K(512K)->340K(512K) NonClass: 322K(384K)->322K(384K) Class: 17K(128K)->17K(128K)
[2026-03-22T19:50:03.273+0900][6.786s][info][gc             ] GC(333) Pause Young (Allocation Failure) 249M->203M(501M) 4.301ms
[2026-03-22T19:50:03.273+0900][6.786s][info][gc,cpu         ] GC(333) User=0.00s Sys=0.00s Real=0.01s
[2026-03-22T19:50:03.290+0900][6.803s][info][gc,start       ] GC(334) Pause Young (Allocation Failure)
[2026-03-22T19:50:03.294+0900][6.807s][info][gc,heap        ] GC(334) PSYoungGen: 163089K(163840K)->10528K(163840K) Eden: 152561K(153088K)->0K(153088K) From: 10528K(10752K)->10528K(10752K)
[2026-03-22T19:50:03.294+0900][6.807s][info][gc,heap        ] GC(334) ParOldGen: 197639K(349696K)->291999K(349696K)
[2026-03-22T19:50:03.294+0900][6.807s][info][gc,metaspace   ] GC(334) Metaspace: 340K(512K)->340K(512K) NonClass: 322K(384K)->322K(384K) Class: 17K(128K)->17K(128K)
[2026-03-22T19:50:03.294+0900][6.807s][info][gc             ] GC(334) Pause Young (Allocation Failure) 352M->295M(501M) 4.442ms
[2026-03-22T19:50:03.294+0900][6.807s][info][gc,cpu         ] GC(334) User=0.08s Sys=0.00s Real=0.00s
[2026-03-22T19:50:03.310+0900][6.823s][info][gc,start       ] GC(335) Pause Full (Ergonomics)
[2026-03-22T19:50:03.310+0900][6.823s][info][gc,phases,start] GC(335) Marking Phase
[2026-03-22T19:50:03.311+0900][6.824s][info][gc,phases      ] GC(335) Marking Phase 1.113ms
[2026-03-22T19:50:03.311+0900][6.824s][info][gc,phases,start] GC(335) Summary Phase
[2026-03-22T19:50:03.311+0900][6.824s][info][gc,phases      ] GC(335) Summary Phase 0.025ms
[2026-03-22T19:50:03.311+0900][6.824s][info][gc,phases,start] GC(335) Adjust Roots
[2026-03-22T19:50:03.312+0900][6.824s][info][gc,phases      ] GC(335) Adjust Roots 0.331ms
[2026-03-22T19:50:03.312+0900][6.824s][info][gc,phases,start] GC(335) Compaction Phase
[2026-03-22T19:50:03.317+0900][6.830s][info][gc,phases      ] GC(335) Compaction Phase 5.848ms
[2026-03-22T19:50:03.317+0900][6.830s][info][gc,phases,start] GC(335) Post Compact
[2026-03-22T19:50:03.319+0900][6.832s][info][gc,phases      ] GC(335) Post Compact 1.570ms
[2026-03-22T19:50:03.319+0900][6.832s][info][gc,heap        ] GC(335) PSYoungGen: 163089K(163840K)->0K(163840K) Eden: 152561K(153088K)->0K(153088K) From: 10528K(10752K)->0K(10752K)
[2026-03-22T19:50:03.319+0900][6.832s][info][gc,heap        ] GC(335) ParOldGen: 291999K(349696K)->103430K(349696K)
[2026-03-22T19:50:03.319+0900][6.832s][info][gc,metaspace   ] GC(335) Metaspace: 340K(512K)->340K(512K) NonClass: 322K(384K)->322K(384K) Class: 17K(128K)->17K(128K)
[2026-03-22T19:50:03.319+0900][6.832s][info][gc             ] GC(335) Pause Full (Ergonomics) 444M->101M(501M) 9.217ms
[2026-03-22T19:50:03.319+0900][6.832s][info][gc,cpu         ] GC(335) User=0.00s Sys=0.00s Real=0.01s
[2026-03-22T19:50:03.334+0900][6.847s][info][gc,start       ] GC(336) Pause Young (Allocation Failure)
[2026-03-22T19:50:03.338+0900][6.851s][info][gc,heap        ] GC(336) PSYoungGen: 152561K(163840K)->10528K(163840K) Eden: 152561K(153088K)->0K(153088K) From: 0K(10752K)->10528K(10752K)
[2026-03-22T19:50:03.338+0900][6.851s][info][gc,heap        ] GC(336) ParOldGen: 103430K(349696K)->197639K(349696K)
[2026-03-22T19:50:03.338+0900][6.851s][info][gc,metaspace   ] GC(336) Metaspace: 340K(512K)->340K(512K) NonClass: 322K(384K)->322K(384K) Class: 17K(128K)->17K(128K)
[2026-03-22T19:50:03.338+0900][6.851s][info][gc             ] GC(336) Pause Young (Allocation Failure) 249M->203M(501M) 4.216ms
[2026-03-22T19:50:03.338+0900][6.851s][info][gc,cpu         ] GC(336) User=0.09s Sys=0.00s Real=0.00s
[2026-03-22T19:50:03.353+0900][6.865s][info][gc,start       ] GC(337) Pause Young (Allocation Failure)
[2026-03-22T19:50:03.358+0900][6.870s][info][gc,heap        ] GC(337) PSYoungGen: 163089K(163840K)->10528K(163840K) Eden: 152561K(153088K)->0K(153088K) From: 10528K(10752K)->10528K(10752K)
[2026-03-22T19:50:03.358+0900][6.870s][info][gc,heap        ] GC(337) ParOldGen: 197639K(349696K)->291999K(349696K)
[2026-03-22T19:50:03.358+0900][6.870s][info][gc,metaspace   ] GC(337) Metaspace: 340K(512K)->340K(512K) NonClass: 322K(384K)->322K(384K) Class: 17K(128K)->17K(128K)
[2026-03-22T19:50:03.358+0900][6.870s][info][gc             ] GC(337) Pause Young (Allocation Failure) 352M->295M(501M) 4.908ms
[2026-03-22T19:50:03.358+0900][6.870s][info][gc,cpu         ] GC(337) User=0.06s Sys=0.00s Real=0.01s
[2026-03-22T19:50:03.372+0900][6.885s][info][gc,start       ] GC(338) Pause Full (Ergonomics)
[2026-03-22T19:50:03.373+0900][6.885s][info][gc,phases,start] GC(338) Marking Phase
[2026-03-22T19:50:03.373+0900][6.887s][info][gc,phases      ] GC(338) Marking Phase 1.209ms
[2026-03-22T19:50:03.373+0900][6.887s][info][gc,phases,start] GC(338) Summary Phase
[2026-03-22T19:50:03.373+0900][6.887s][info][gc,phases      ] GC(338) Summary Phase 0.015ms
[2026-03-22T19:50:03.373+0900][6.887s][info][gc,phases,start] GC(338) Adjust Roots
[2026-03-22T19:50:03.373+0900][6.887s][info][gc,phases      ] GC(338) Adjust Roots 0.235ms
[2026-03-22T19:50:03.373+0900][6.887s][info][gc,phases,start] GC(338) Compaction Phase
[2026-03-22T19:50:03.379+0900][6.892s][info][gc,phases      ] GC(338) Compaction Phase 5.112ms
[2026-03-22T19:50:03.379+0900][6.892s][info][gc,phases,start] GC(338) Post Compact
[2026-03-22T19:50:03.380+0900][6.893s][info][gc,phases      ] GC(338) Post Compact 1.310ms
[2026-03-22T19:50:03.380+0900][6.893s][info][gc,heap        ] GC(338) PSYoungGen: 163089K(163840K)->0K(163840K) Eden: 152561K(153088K)->0K(153088K) From: 10528K(10752K)->0K(10752K)
[2026-03-22T19:50:03.380+0900][6.893s][info][gc,heap        ] GC(338) ParOldGen: 291999K(349696K)->103430K(349696K)
[2026-03-22T19:50:03.380+0900][6.893s][info][gc,metaspace   ] GC(338) Metaspace: 340K(512K)->340K(512K) NonClass: 322K(384K)->322K(384K) Class: 17K(128K)->17K(128K)
[2026-03-22T19:50:03.380+0900][6.893s][info][gc             ] GC(338) Pause Full (Ergonomics) 444M->101M(501M) 8.087ms
[2026-03-22T19:50:03.380+0900][6.893s][info][gc,cpu         ] GC(338) User=0.00s Sys=0.00s Real=0.01s
[2026-03-22T19:50:03.396+0900][6.909s][info][gc,start       ] GC(339) Pause Young (Allocation Failure)
[2026-03-22T19:50:03.401+0900][6.914s][info][gc,heap        ] GC(339) PSYoungGen: 152561K(163840K)->10528K(163840K) Eden: 152561K(153088K)->0K(153088K) From: 0K(10752K)->10528K(10752K)
[2026-03-22T19:50:03.401+0900][6.914s][info][gc,heap        ] GC(339) ParOldGen: 103430K(349696K)->197639K(349696K)
[2026-03-22T19:50:03.401+0900][6.914s][info][gc,metaspace   ] GC(339) Metaspace: 340K(512K)->340K(512K) NonClass: 322K(384K)->322K(384K) Class: 17K(128K)->17K(128K)
[2026-03-22T19:50:03.401+0900][6.914s][info][gc             ] GC(339) Pause Young (Allocation Failure) 249M->203M(501M) 4.816ms
[2026-03-22T19:50:03.401+0900][6.914s][info][gc,cpu         ] GC(339) User=0.09s Sys=0.00s Real=0.01s
[2026-03-22T19:50:03.416+0900][6.929s][info][gc,start       ] GC(340) Pause Young (Allocation Failure)
[2026-03-22T19:50:03.421+0900][6.933s][info][gc,heap        ] GC(340) PSYoungGen: 163089K(163840K)->10528K(163840K) Eden: 152561K(153088K)->0K(153088K) From: 10528K(10752K)->10528K(10752K)
[2026-03-22T19:50:03.421+0900][6.934s][info][gc,heap        ] GC(340) ParOldGen: 197639K(349696K)->291999K(349696K)
[2026-03-22T19:50:03.421+0900][6.934s][info][gc,metaspace   ] GC(340) Metaspace: 340K(512K)->340K(512K) NonClass: 322K(384K)->322K(384K) Class: 17K(128K)->17K(128K)
[2026-03-22T19:50:03.421+0900][6.934s][info][gc             ] GC(340) Pause Young (Allocation Failure) 352M->295M(501M) 4.632ms
[2026-03-22T19:50:03.421+0900][6.934s][info][gc,cpu         ] GC(340) User=0.00s Sys=0.00s Real=0.01s
[2026-03-22T19:50:03.435+0900][6.948s][info][gc,start       ] GC(341) Pause Full (Ergonomics)
[2026-03-22T19:50:03.435+0900][6.949s][info][gc,phases,start] GC(341) Marking Phase
[2026-03-22T19:50:03.437+0900][6.950s][info][gc,phases      ] GC(341) Marking Phase 1.299ms
[2026-03-22T19:50:03.437+0900][6.950s][info][gc,phases,start] GC(341) Summary Phase
[2026-03-22T19:50:03.437+0900][6.950s][info][gc,phases      ] GC(341) Summary Phase 0.017ms
[2026-03-22T19:50:03.437+0900][6.950s][info][gc,phases,start] GC(341) Adjust Roots
[2026-03-22T19:50:03.437+0900][6.950s][info][gc,phases      ] GC(341) Adjust Roots 0.261ms
[2026-03-22T19:50:03.437+0900][6.950s][info][gc,phases,start] GC(341) Compaction Phase
[2026-03-22T19:50:03.442+0900][6.955s][info][gc,phases      ] GC(341) Compaction Phase 4.836ms
[2026-03-22T19:50:03.442+0900][6.955s][info][gc,phases,start] GC(341) Post Compact
[2026-03-22T19:50:03.443+0900][6.956s][info][gc,phases      ] GC(341) Post Compact 1.367ms
[2026-03-22T19:50:03.443+0900][6.956s][info][gc,heap        ] GC(341) PSYoungGen: 163089K(163840K)->0K(163840K) Eden: 152561K(153088K)->0K(153088K) From: 10528K(10752K)->0K(10752K)
[2026-03-22T19:50:03.443+0900][6.956s][info][gc,heap        ] GC(341) ParOldGen: 291999K(349696K)->103430K(349696K)
[2026-03-22T19:50:03.443+0900][6.957s][info][gc,metaspace   ] GC(341) Metaspace: 340K(512K)->340K(512K) NonClass: 322K(384K)->322K(384K) Class: 17K(128K)->17K(128K)
[2026-03-22T19:50:03.443+0900][6.957s][info][gc             ] GC(341) Pause Full (Ergonomics) 444M->101M(501M) 8.066ms
[2026-03-22T19:50:03.443+0900][6.957s][info][gc,cpu         ] GC(341) User=0.00s Sys=0.00s Real=0.01s
[2026-03-22T19:50:03.458+0900][6.971s][info][gc,start       ] GC(342) Pause Young (Allocation Failure)
[2026-03-22T19:50:03.462+0900][6.975s][info][gc,heap        ] GC(342) PSYoungGen: 152561K(163840K)->10528K(163840K) Eden: 152561K(153088K)->0K(153088K) From: 0K(10752K)->10528K(10752K)
[2026-03-22T19:50:03.462+0900][6.975s][info][gc,heap        ] GC(342) ParOldGen: 103430K(349696K)->197639K(349696K)
[2026-03-22T19:50:03.462+0900][6.975s][info][gc,metaspace   ] GC(342) Metaspace: 340K(512K)->340K(512K) NonClass: 322K(384K)->322K(384K) Class: 17K(128K)->17K(128K)
[2026-03-22T19:50:03.462+0900][6.975s][info][gc             ] GC(342) Pause Young (Allocation Failure) 249M->203M(501M) 4.117ms
[2026-03-22T19:50:03.462+0900][6.975s][info][gc,cpu         ] GC(342) User=0.00s Sys=0.00s Real=0.00s
[2026-03-22T19:50:03.476+0900][6.990s][info][gc,start       ] GC(343) Pause Young (Allocation Failure)
[2026-03-22T19:50:03.481+0900][6.994s][info][gc,heap        ] GC(343) PSYoungGen: 163089K(163840K)->10560K(163840K) Eden: 152561K(153088K)->0K(153088K) From: 10528K(10752K)->10560K(10752K)
[2026-03-22T19:50:03.481+0900][6.994s][info][gc,heap        ] GC(343) ParOldGen: 197639K(349696K)->291999K(349696K)
[2026-03-22T19:50:03.481+0900][6.994s][info][gc,metaspace   ] GC(343) Metaspace: 340K(512K)->340K(512K) NonClass: 322K(384K)->322K(384K) Class: 17K(128K)->17K(128K)
[2026-03-22T19:50:03.481+0900][6.994s][info][gc             ] GC(343) Pause Young (Allocation Failure) 352M->295M(501M) 4.717ms
[2026-03-22T19:50:03.481+0900][6.994s][info][gc,cpu         ] GC(343) User=0.09s Sys=0.00s Real=0.00s
[2026-03-22T19:50:03.496+0900][7.009s][info][gc,start       ] GC(344) Pause Full (Ergonomics)
[2026-03-22T19:50:03.496+0900][7.009s][info][gc,phases,start] GC(344) Marking Phase
[2026-03-22T19:50:03.497+0900][7.011s][info][gc,phases      ] GC(344) Marking Phase 1.178ms
[2026-03-22T19:50:03.497+0900][7.011s][info][gc,phases,start] GC(344) Summary Phase
[2026-03-22T19:50:03.497+0900][7.011s][info][gc,phases      ] GC(344) Summary Phase 0.015ms
[2026-03-22T19:50:03.497+0900][7.011s][info][gc,phases,start] GC(344) Adjust Roots
[2026-03-22T19:50:03.498+0900][7.011s][info][gc,phases      ] GC(344) Adjust Roots 0.194ms
[2026-03-22T19:50:03.498+0900][7.011s][info][gc,phases,start] GC(344) Compaction Phase
[2026-03-22T19:50:03.504+0900][7.017s][info][gc,phases      ] GC(344) Compaction Phase 6.159ms
[2026-03-22T19:50:03.504+0900][7.017s][info][gc,phases,start] GC(344) Post Compact
[2026-03-22T19:50:03.505+0900][7.019s][info][gc,phases      ] GC(344) Post Compact 1.433ms
[2026-03-22T19:50:03.505+0900][7.019s][info][gc,heap        ] GC(344) PSYoungGen: 163121K(163840K)->0K(163840K) Eden: 152561K(153088K)->0K(153088K) From: 10560K(10752K)->0K(10752K)
[2026-03-22T19:50:03.505+0900][7.019s][info][gc,heap        ] GC(344) ParOldGen: 291999K(349696K)->103430K(349696K)
[2026-03-22T19:50:03.505+0900][7.019s][info][gc,metaspace   ] GC(344) Metaspace: 340K(512K)->340K(512K) NonClass: 322K(384K)->322K(384K) Class: 17K(128K)->17K(128K)
[2026-03-22T19:50:03.505+0900][7.019s][info][gc             ] GC(344) Pause Full (Ergonomics) 444M->101M(501M) 9.296ms
[2026-03-22T19:50:03.505+0900][7.019s][info][gc,cpu         ] GC(344) User=0.00s Sys=0.00s Real=0.01s
[2026-03-22T19:50:03.521+0900][7.034s][info][gc,start       ] GC(345) Pause Young (Allocation Failure)
[2026-03-22T19:50:03.524+0900][7.038s][info][gc,heap        ] GC(345) PSYoungGen: 152561K(163840K)->10528K(163840K) Eden: 152561K(153088K)->0K(153088K) From: 0K(10752K)->10528K(10752K)
[2026-03-22T19:50:03.525+0900][7.038s][info][gc,heap        ] GC(345) ParOldGen: 103430K(349696K)->197639K(349696K)
[2026-03-22T19:50:03.525+0900][7.038s][info][gc,metaspace   ] GC(345) Metaspace: 340K(512K)->340K(512K) NonClass: 322K(384K)->322K(384K) Class: 17K(128K)->17K(128K)
[2026-03-22T19:50:03.525+0900][7.038s][info][gc             ] GC(345) Pause Young (Allocation Failure) 249M->203M(501M) 4.208ms
[2026-03-22T19:50:03.525+0900][7.038s][info][gc,cpu         ] GC(345) User=0.00s Sys=0.00s Real=0.00s
[2026-03-22T19:50:03.540+0900][7.052s][info][gc,start       ] GC(346) Pause Young (Allocation Failure)
[2026-03-22T19:50:03.544+0900][7.057s][info][gc,heap        ] GC(346) PSYoungGen: 163089K(163840K)->10528K(163840K) Eden: 152561K(153088K)->0K(153088K) From: 10528K(10752K)->10528K(10752K)
[2026-03-22T19:50:03.544+0900][7.057s][info][gc,heap        ] GC(346) ParOldGen: 197639K(349696K)->291999K(349696K)
[2026-03-22T19:50:03.544+0900][7.057s][info][gc,metaspace   ] GC(346) Metaspace: 340K(512K)->340K(512K) NonClass: 322K(384K)->322K(384K) Class: 17K(128K)->17K(128K)
[2026-03-22T19:50:03.544+0900][7.057s][info][gc             ] GC(346) Pause Young (Allocation Failure) 352M->295M(501M) 4.421ms
[2026-03-22T19:50:03.544+0900][7.057s][info][gc,cpu         ] GC(346) User=0.08s Sys=0.02s Real=0.00s
[2026-03-22T19:50:03.559+0900][7.072s][info][gc,start       ] GC(347) Pause Full (Ergonomics)
[2026-03-22T19:50:03.559+0900][7.072s][info][gc,phases,start] GC(347) Marking Phase
[2026-03-22T19:50:03.561+0900][7.073s][info][gc,phases      ] GC(347) Marking Phase 1.417ms
[2026-03-22T19:50:03.561+0900][7.073s][info][gc,phases,start] GC(347) Summary Phase
[2026-03-22T19:50:03.561+0900][7.073s][info][gc,phases      ] GC(347) Summary Phase 0.034ms
[2026-03-22T19:50:03.561+0900][7.073s][info][gc,phases,start] GC(347) Adjust Roots
[2026-03-22T19:50:03.561+0900][7.073s][info][gc,phases      ] GC(347) Adjust Roots 0.226ms
[2026-03-22T19:50:03.561+0900][7.073s][info][gc,phases,start] GC(347) Compaction Phase
[2026-03-22T19:50:03.566+0900][7.078s][info][gc,phases      ] GC(347) Compaction Phase 4.903ms
[2026-03-22T19:50:03.566+0900][7.078s][info][gc,phases,start] GC(347) Post Compact
[2026-03-22T19:50:03.567+0900][7.080s][info][gc,phases      ] GC(347) Post Compact 1.396ms
[2026-03-22T19:50:03.567+0900][7.080s][info][gc,heap        ] GC(347) PSYoungGen: 163089K(163840K)->0K(163840K) Eden: 152561K(153088K)->0K(153088K) From: 10528K(10752K)->0K(10752K)
[2026-03-22T19:50:03.567+0900][7.080s][info][gc,heap        ] GC(347) ParOldGen: 291999K(349696K)->103430K(349696K)
[2026-03-22T19:50:03.567+0900][7.080s][info][gc,metaspace   ] GC(347) Metaspace: 340K(512K)->340K(512K) NonClass: 322K(384K)->322K(384K) Class: 17K(128K)->17K(128K)
[2026-03-22T19:50:03.567+0900][7.080s][info][gc             ] GC(347) Pause Full (Ergonomics) 444M->101M(501M) 8.250ms
[2026-03-22T19:50:03.567+0900][7.080s][info][gc,cpu         ] GC(347) User=0.00s Sys=0.00s Real=0.01s
[2026-03-22T19:50:03.582+0900][7.094s][info][gc,start       ] GC(348) Pause Young (Allocation Failure)
[2026-03-22T19:50:03.586+0900][7.099s][info][gc,heap        ] GC(348) PSYoungGen: 152561K(163840K)->10464K(163840K) Eden: 152561K(153088K)->0K(153088K) From: 0K(10752K)->10464K(10752K)
[2026-03-22T19:50:03.586+0900][7.099s][info][gc,heap        ] GC(348) ParOldGen: 103430K(349696K)->197639K(349696K)
[2026-03-22T19:50:03.586+0900][7.099s][info][gc,metaspace   ] GC(348) Metaspace: 340K(512K)->340K(512K) NonClass: 322K(384K)->322K(384K) Class: 17K(128K)->17K(128K)
[2026-03-22T19:50:03.586+0900][7.099s][info][gc             ] GC(348) Pause Young (Allocation Failure) 249M->203M(501M) 4.510ms
[2026-03-22T19:50:03.586+0900][7.099s][info][gc,cpu         ] GC(348) User=0.00s Sys=0.00s Real=0.00s
[2026-03-22T19:50:03.601+0900][7.114s][info][gc,start       ] GC(349) Pause Young (Allocation Failure)
[2026-03-22T19:50:03.606+0900][7.118s][info][gc,heap        ] GC(349) PSYoungGen: 163025K(163840K)->10496K(163840K) Eden: 152561K(153088K)->0K(153088K) From: 10464K(10752K)->10496K(10752K)
[2026-03-22T19:50:03.606+0900][7.118s][info][gc,heap        ] GC(349) ParOldGen: 197639K(349696K)->291999K(349696K)
[2026-03-22T19:50:03.606+0900][7.118s][info][gc,metaspace   ] GC(349) Metaspace: 340K(512K)->340K(512K) NonClass: 322K(384K)->322K(384K) Class: 17K(128K)->17K(128K)
[2026-03-22T19:50:03.606+0900][7.119s][info][gc             ] GC(349) Pause Young (Allocation Failure) 352M->295M(501M) 4.902ms
[2026-03-22T19:50:03.606+0900][7.119s][info][gc,cpu         ] GC(349) User=0.08s Sys=0.00s Real=0.00s
[2026-03-22T19:50:03.620+0900][7.133s][info][gc,start       ] GC(350) Pause Full (Ergonomics)
[2026-03-22T19:50:03.620+0900][7.133s][info][gc,phases,start] GC(350) Marking Phase
[2026-03-22T19:50:03.621+0900][7.134s][info][gc,phases      ] GC(350) Marking Phase 1.403ms
[2026-03-22T19:50:03.621+0900][7.134s][info][gc,phases,start] GC(350) Summary Phase
[2026-03-22T19:50:03.621+0900][7.134s][info][gc,phases      ] GC(350) Summary Phase 0.015ms
[2026-03-22T19:50:03.621+0900][7.134s][info][gc,phases,start] GC(350) Adjust Roots
[2026-03-22T19:50:03.621+0900][7.135s][info][gc,phases      ] GC(350) Adjust Roots 0.181ms
[2026-03-22T19:50:03.621+0900][7.135s][info][gc,phases,start] GC(350) Compaction Phase
[2026-03-22T19:50:03.627+0900][7.140s][info][gc,phases      ] GC(350) Compaction Phase 4.889ms
[2026-03-22T19:50:03.627+0900][7.140s][info][gc,phases,start] GC(350) Post Compact
[2026-03-22T19:50:03.628+0900][7.141s][info][gc,phases      ] GC(350) Post Compact 1.429ms
[2026-03-22T19:50:03.628+0900][7.141s][info][gc,heap        ] GC(350) PSYoungGen: 163057K(163840K)->0K(163840K) Eden: 152561K(153088K)->0K(153088K) From: 10496K(10752K)->0K(10752K)
[2026-03-22T19:50:03.628+0900][7.141s][info][gc,heap        ] GC(350) ParOldGen: 291999K(349696K)->103430K(349696K)
[2026-03-22T19:50:03.628+0900][7.141s][info][gc,metaspace   ] GC(350) Metaspace: 340K(512K)->340K(512K) NonClass: 322K(384K)->322K(384K) Class: 17K(128K)->17K(128K)
[2026-03-22T19:50:03.628+0900][7.141s][info][gc             ] GC(350) Pause Full (Ergonomics) 444M->101M(501M) 8.232ms
[2026-03-22T19:50:03.628+0900][7.141s][info][gc,cpu         ] GC(350) User=0.00s Sys=0.00s Real=0.01s
[2026-03-22T19:50:03.644+0900][7.156s][info][gc,start       ] GC(351) Pause Young (Allocation Failure)
[2026-03-22T19:50:03.648+0900][7.161s][info][gc,heap        ] GC(351) PSYoungGen: 152561K(163840K)->10560K(163840K) Eden: 152561K(153088K)->0K(153088K) From: 0K(10752K)->10560K(10752K)
[2026-03-22T19:50:03.648+0900][7.161s][info][gc,heap        ] GC(351) ParOldGen: 103430K(349696K)->197639K(349696K)
[2026-03-22T19:50:03.648+0900][7.161s][info][gc,metaspace   ] GC(351) Metaspace: 340K(512K)->340K(512K) NonClass: 322K(384K)->322K(384K) Class: 17K(128K)->17K(128K)
[2026-03-22T19:50:03.648+0900][7.161s][info][gc             ] GC(351) Pause Young (Allocation Failure) 249M->203M(501M) 4.555ms
[2026-03-22T19:50:03.648+0900][7.161s][info][gc,cpu         ] GC(351) User=0.00s Sys=0.00s Real=0.00s
[2026-03-22T19:50:03.664+0900][7.176s][info][gc,start       ] GC(352) Pause Young (Allocation Failure)
[2026-03-22T19:50:03.668+0900][7.181s][info][gc,heap        ] GC(352) PSYoungGen: 163121K(163840K)->10560K(163840K) Eden: 152561K(153088K)->0K(153088K) From: 10560K(10752K)->10560K(10752K)
[2026-03-22T19:50:03.668+0900][7.181s][info][gc,heap        ] GC(352) ParOldGen: 197639K(349696K)->291999K(349696K)
[2026-03-22T19:50:03.668+0900][7.181s][info][gc,metaspace   ] GC(352) Metaspace: 340K(512K)->340K(512K) NonClass: 322K(384K)->322K(384K) Class: 17K(128K)->17K(128K)
[2026-03-22T19:50:03.668+0900][7.181s][info][gc             ] GC(352) Pause Young (Allocation Failure) 352M->295M(501M) 4.261ms
[2026-03-22T19:50:03.668+0900][7.181s][info][gc,cpu         ] GC(352) User=0.09s Sys=0.00s Real=0.00s
[2026-03-22T19:50:03.682+0900][7.195s][info][gc,start       ] GC(353) Pause Full (Ergonomics)
[2026-03-22T19:50:03.682+0900][7.195s][info][gc,phases,start] GC(353) Marking Phase
[2026-03-22T19:50:03.684+0900][7.197s][info][gc,phases      ] GC(353) Marking Phase 1.225ms
[2026-03-22T19:50:03.684+0900][7.197s][info][gc,phases,start] GC(353) Summary Phase
[2026-03-22T19:50:03.684+0900][7.197s][info][gc,phases      ] GC(353) Summary Phase 0.016ms
[2026-03-22T19:50:03.684+0900][7.197s][info][gc,phases,start] GC(353) Adjust Roots
[2026-03-22T19:50:03.684+0900][7.197s][info][gc,phases      ] GC(353) Adjust Roots 0.327ms
[2026-03-22T19:50:03.685+0900][7.197s][info][gc,phases,start] GC(353) Compaction Phase
[2026-03-22T19:50:03.690+0900][7.202s][info][gc,phases      ] GC(353) Compaction Phase 4.907ms
[2026-03-22T19:50:03.690+0900][7.202s][info][gc,phases,start] GC(353) Post Compact
[2026-03-22T19:50:03.691+0900][7.203s][info][gc,phases      ] GC(353) Post Compact 1.399ms
[2026-03-22T19:50:03.691+0900][7.204s][info][gc,heap        ] GC(353) PSYoungGen: 163121K(163840K)->0K(163840K) Eden: 152561K(153088K)->0K(153088K) From: 10560K(10752K)->0K(10752K)
[2026-03-22T19:50:03.691+0900][7.204s][info][gc,heap        ] GC(353) ParOldGen: 291999K(349696K)->103430K(349696K)
[2026-03-22T19:50:03.691+0900][7.204s][info][gc,metaspace   ] GC(353) Metaspace: 340K(512K)->340K(512K) NonClass: 322K(384K)->322K(384K) Class: 17K(128K)->17K(128K)
[2026-03-22T19:50:03.691+0900][7.204s][info][gc             ] GC(353) Pause Full (Ergonomics) 444M->101M(501M) 8.274ms
[2026-03-22T19:50:03.691+0900][7.204s][info][gc,cpu         ] GC(353) User=0.00s Sys=0.00s Real=0.01s
[2026-03-22T19:50:03.706+0900][7.219s][info][gc,start       ] GC(354) Pause Young (Allocation Failure)
[2026-03-22T19:50:03.711+0900][7.224s][info][gc,heap        ] GC(354) PSYoungGen: 152561K(163840K)->10560K(163840K) Eden: 152561K(153088K)->0K(153088K) From: 0K(10752K)->10560K(10752K)
[2026-03-22T19:50:03.711+0900][7.224s][info][gc,heap        ] GC(354) ParOldGen: 103430K(349696K)->197639K(349696K)
[2026-03-22T19:50:03.711+0900][7.224s][info][gc,metaspace   ] GC(354) Metaspace: 340K(512K)->340K(512K) NonClass: 322K(384K)->322K(384K) Class: 17K(128K)->17K(128K)
[2026-03-22T19:50:03.711+0900][7.224s][info][gc             ] GC(354) Pause Young (Allocation Failure) 249M->203M(501M) 4.599ms
[2026-03-22T19:50:03.711+0900][7.224s][info][gc,cpu         ] GC(354) User=0.00s Sys=0.00s Real=0.00s
[2026-03-22T19:50:03.727+0900][7.239s][info][gc,start       ] GC(355) Pause Young (Allocation Failure)
[2026-03-22T19:50:03.731+0900][7.243s][info][gc,heap        ] GC(355) PSYoungGen: 163121K(163840K)->10528K(163840K) Eden: 152561K(153088K)->0K(153088K) From: 10560K(10752K)->10528K(10752K)
[2026-03-22T19:50:03.731+0900][7.244s][info][gc,heap        ] GC(355) ParOldGen: 197639K(349696K)->291999K(349696K)
[2026-03-22T19:50:03.731+0900][7.244s][info][gc,metaspace   ] GC(355) Metaspace: 340K(512K)->340K(512K) NonClass: 322K(384K)->322K(384K) Class: 17K(128K)->17K(128K)
[2026-03-22T19:50:03.731+0900][7.244s][info][gc             ] GC(355) Pause Young (Allocation Failure) 352M->295M(501M) 4.330ms
[2026-03-22T19:50:03.731+0900][7.244s][info][gc,cpu         ] GC(355) User=0.09s Sys=0.00s Real=0.00s
[2026-03-22T19:50:03.746+0900][7.258s][info][gc,start       ] GC(356) Pause Full (Ergonomics)
[2026-03-22T19:50:03.746+0900][7.258s][info][gc,phases,start] GC(356) Marking Phase
[2026-03-22T19:50:03.746+0900][7.259s][info][gc,phases      ] GC(356) Marking Phase 1.233ms
[2026-03-22T19:50:03.746+0900][7.260s][info][gc,phases,start] GC(356) Summary Phase
[2026-03-22T19:50:03.746+0900][7.260s][info][gc,phases      ] GC(356) Summary Phase 0.016ms
[2026-03-22T19:50:03.746+0900][7.260s][info][gc,phases,start] GC(356) Adjust Roots
[2026-03-22T19:50:03.747+0900][7.260s][info][gc,phases      ] GC(356) Adjust Roots 0.186ms
[2026-03-22T19:50:03.747+0900][7.260s][info][gc,phases,start] GC(356) Compaction Phase
[2026-03-22T19:50:03.751+0900][7.264s][info][gc,phases      ] GC(356) Compaction Phase 4.647ms
[2026-03-22T19:50:03.751+0900][7.264s][info][gc,phases,start] GC(356) Post Compact
[2026-03-22T19:50:03.753+0900][7.266s][info][gc,phases      ] GC(356) Post Compact 1.834ms
[2026-03-22T19:50:03.753+0900][7.266s][info][gc,heap        ] GC(356) PSYoungGen: 163089K(163840K)->0K(163840K) Eden: 152561K(153088K)->0K(153088K) From: 10528K(10752K)->0K(10752K)
[2026-03-22T19:50:03.753+0900][7.266s][info][gc,heap        ] GC(356) ParOldGen: 291999K(349696K)->103430K(349696K)
[2026-03-22T19:50:03.753+0900][7.266s][info][gc,metaspace   ] GC(356) Metaspace: 340K(512K)->340K(512K) NonClass: 322K(384K)->322K(384K) Class: 17K(128K)->17K(128K)
[2026-03-22T19:50:03.753+0900][7.266s][info][gc             ] GC(356) Pause Full (Ergonomics) 444M->101M(501M) 8.267ms
[2026-03-22T19:50:03.753+0900][7.266s][info][gc,cpu         ] GC(356) User=0.00s Sys=0.00s Real=0.01s
[2026-03-22T19:50:03.768+0900][7.281s][info][gc,start       ] GC(357) Pause Young (Allocation Failure)
[2026-03-22T19:50:03.772+0900][7.286s][info][gc,heap        ] GC(357) PSYoungGen: 152561K(163840K)->10560K(163840K) Eden: 152561K(153088K)->0K(153088K) From: 0K(10752K)->10560K(10752K)
[2026-03-22T19:50:03.772+0900][7.286s][info][gc,heap        ] GC(357) ParOldGen: 103430K(349696K)->197639K(349696K)
[2026-03-22T19:50:03.772+0900][7.286s][info][gc,metaspace   ] GC(357) Metaspace: 340K(512K)->340K(512K) NonClass: 322K(384K)->322K(384K) Class: 17K(128K)->17K(128K)
[2026-03-22T19:50:03.772+0900][7.286s][info][gc             ] GC(357) Pause Young (Allocation Failure) 249M->203M(501M) 4.416ms
[2026-03-22T19:50:03.772+0900][7.286s][info][gc,cpu         ] GC(357) User=0.00s Sys=0.00s Real=0.00s
[2026-03-22T19:50:03.788+0900][7.300s][info][gc,start       ] GC(358) Pause Young (Allocation Failure)
[2026-03-22T19:50:03.792+0900][7.305s][info][gc,heap        ] GC(358) PSYoungGen: 163121K(163840K)->10528K(163840K) Eden: 152561K(153088K)->0K(153088K) From: 10560K(10752K)->10528K(10752K)
[2026-03-22T19:50:03.792+0900][7.305s][info][gc,heap        ] GC(358) ParOldGen: 197639K(349696K)->291999K(349696K)
[2026-03-22T19:50:03.792+0900][7.305s][info][gc,metaspace   ] GC(358) Metaspace: 340K(512K)->340K(512K) NonClass: 322K(384K)->322K(384K) Class: 17K(128K)->17K(128K)
[2026-03-22T19:50:03.792+0900][7.305s][info][gc             ] GC(358) Pause Young (Allocation Failure) 352M->295M(501M) 4.541ms
[2026-03-22T19:50:03.792+0900][7.305s][info][gc,cpu         ] GC(358) User=0.09s Sys=0.00s Real=0.00s
[2026-03-22T19:50:03.807+0900][7.320s][info][gc,start       ] GC(359) Pause Full (Ergonomics)
[2026-03-22T19:50:03.807+0900][7.320s][info][gc,phases,start] GC(359) Marking Phase
[2026-03-22T19:50:03.808+0900][7.321s][info][gc,phases      ] GC(359) Marking Phase 1.446ms
[2026-03-22T19:50:03.808+0900][7.321s][info][gc,phases,start] GC(359) Summary Phase
[2026-03-22T19:50:03.809+0900][7.321s][info][gc,phases      ] GC(359) Summary Phase 0.025ms
[2026-03-22T19:50:03.809+0900][7.321s][info][gc,phases,start] GC(359) Adjust Roots
[2026-03-22T19:50:03.809+0900][7.322s][info][gc,phases      ] GC(359) Adjust Roots 0.305ms
[2026-03-22T19:50:03.809+0900][7.322s][info][gc,phases,start] GC(359) Compaction Phase
[2026-03-22T19:50:03.814+0900][7.327s][info][gc,phases      ] GC(359) Compaction Phase 5.083ms
[2026-03-22T19:50:03.814+0900][7.327s][info][gc,phases,start] GC(359) Post Compact
[2026-03-22T19:50:03.815+0900][7.329s][info][gc,phases      ] GC(359) Post Compact 1.712ms
[2026-03-22T19:50:03.815+0900][7.329s][info][gc,heap        ] GC(359) PSYoungGen: 163089K(163840K)->0K(163840K) Eden: 152561K(153088K)->0K(153088K) From: 10528K(10752K)->0K(10752K)
[2026-03-22T19:50:03.815+0900][7.329s][info][gc,heap        ] GC(359) ParOldGen: 291999K(349696K)->103430K(349696K)
[2026-03-22T19:50:03.815+0900][7.329s][info][gc,metaspace   ] GC(359) Metaspace: 340K(512K)->340K(512K) NonClass: 322K(384K)->322K(384K) Class: 17K(128K)->17K(128K)
[2026-03-22T19:50:03.815+0900][7.329s][info][gc             ] GC(359) Pause Full (Ergonomics) 444M->101M(501M) 8.997ms
[2026-03-22T19:50:03.815+0900][7.329s][info][gc,cpu         ] GC(359) User=0.00s Sys=0.00s Real=0.01s
[2026-03-22T19:50:03.832+0900][7.345s][info][gc,start       ] GC(360) Pause Young (Allocation Failure)
[2026-03-22T19:50:03.837+0900][7.350s][info][gc,heap        ] GC(360) PSYoungGen: 152561K(163840K)->10528K(163840K) Eden: 152561K(153088K)->0K(153088K) From: 0K(10752K)->10528K(10752K)
[2026-03-22T19:50:03.837+0900][7.350s][info][gc,heap        ] GC(360) ParOldGen: 103430K(349696K)->197639K(349696K)
[2026-03-22T19:50:03.837+0900][7.350s][info][gc,metaspace   ] GC(360) Metaspace: 340K(512K)->340K(512K) NonClass: 322K(384K)->322K(384K) Class: 17K(128K)->17K(128K)
[2026-03-22T19:50:03.837+0900][7.350s][info][gc             ] GC(360) Pause Young (Allocation Failure) 249M->203M(501M) 4.308ms
[2026-03-22T19:50:03.837+0900][7.350s][info][gc,cpu         ] GC(360) User=0.00s Sys=0.00s Real=0.00s
[2026-03-22T19:50:03.854+0900][7.367s][info][gc,start       ] GC(361) Pause Young (Allocation Failure)
[2026-03-22T19:50:03.858+0900][7.371s][info][gc,heap        ] GC(361) PSYoungGen: 163089K(163840K)->10528K(163840K) Eden: 152561K(153088K)->0K(153088K) From: 10528K(10752K)->10528K(10752K)
[2026-03-22T19:50:03.858+0900][7.371s][info][gc,heap        ] GC(361) ParOldGen: 197639K(349696K)->291999K(349696K)
[2026-03-22T19:50:03.858+0900][7.371s][info][gc,metaspace   ] GC(361) Metaspace: 340K(512K)->340K(512K) NonClass: 322K(384K)->322K(384K) Class: 17K(128K)->17K(128K)
[2026-03-22T19:50:03.858+0900][7.371s][info][gc             ] GC(361) Pause Young (Allocation Failure) 352M->295M(501M) 4.474ms
[2026-03-22T19:50:03.858+0900][7.371s][info][gc,cpu         ] GC(361) User=0.00s Sys=0.00s Real=0.00s
[2026-03-22T19:50:03.874+0900][7.387s][info][gc,start       ] GC(362) Pause Full (Ergonomics)
[2026-03-22T19:50:03.874+0900][7.387s][info][gc,phases,start] GC(362) Marking Phase
[2026-03-22T19:50:03.875+0900][7.388s][info][gc,phases      ] GC(362) Marking Phase 1.330ms
[2026-03-22T19:50:03.875+0900][7.388s][info][gc,phases,start] GC(362) Summary Phase
[2026-03-22T19:50:03.875+0900][7.388s][info][gc,phases      ] GC(362) Summary Phase 0.015ms
[2026-03-22T19:50:03.875+0900][7.388s][info][gc,phases,start] GC(362) Adjust Roots
[2026-03-22T19:50:03.876+0900][7.389s][info][gc,phases      ] GC(362) Adjust Roots 0.299ms
[2026-03-22T19:50:03.876+0900][7.389s][info][gc,phases,start] GC(362) Compaction Phase
[2026-03-22T19:50:03.882+0900][7.395s][info][gc,phases      ] GC(362) Compaction Phase 5.879ms
[2026-03-22T19:50:03.882+0900][7.395s][info][gc,phases,start] GC(362) Post Compact
[2026-03-22T19:50:03.883+0900][7.396s][info][gc,phases      ] GC(362) Post Compact 1.567ms
[2026-03-22T19:50:03.883+0900][7.396s][info][gc,heap        ] GC(362) PSYoungGen: 163089K(163840K)->0K(163840K) Eden: 152561K(153088K)->0K(153088K) From: 10528K(10752K)->0K(10752K)
[2026-03-22T19:50:03.883+0900][7.396s][info][gc,heap        ] GC(362) ParOldGen: 291999K(349696K)->103430K(349696K)
[2026-03-22T19:50:03.883+0900][7.396s][info][gc,metaspace   ] GC(362) Metaspace: 340K(512K)->340K(512K) NonClass: 322K(384K)->322K(384K) Class: 17K(128K)->17K(128K)
[2026-03-22T19:50:03.883+0900][7.396s][info][gc             ] GC(362) Pause Full (Ergonomics) 444M->101M(501M) 9.386ms
[2026-03-22T19:50:03.883+0900][7.396s][info][gc,cpu         ] GC(362) User=0.00s Sys=0.00s Real=0.01s
[2026-03-22T19:50:03.900+0900][7.412s][info][gc,start       ] GC(363) Pause Young (Allocation Failure)
[2026-03-22T19:50:03.904+0900][7.417s][info][gc,heap        ] GC(363) PSYoungGen: 152561K(163840K)->10528K(163840K) Eden: 152561K(153088K)->0K(153088K) From: 0K(10752K)->10528K(10752K)
[2026-03-22T19:50:03.904+0900][7.417s][info][gc,heap        ] GC(363) ParOldGen: 103430K(349696K)->197639K(349696K)
[2026-03-22T19:50:03.904+0900][7.417s][info][gc,metaspace   ] GC(363) Metaspace: 340K(512K)->340K(512K) NonClass: 322K(384K)->322K(384K) Class: 17K(128K)->17K(128K)
[2026-03-22T19:50:03.904+0900][7.417s][info][gc             ] GC(363) Pause Young (Allocation Failure) 249M->203M(501M) 4.550ms
[2026-03-22T19:50:03.904+0900][7.417s][info][gc,cpu         ] GC(363) User=0.08s Sys=0.00s Real=0.00s
[2026-03-22T19:50:03.920+0900][7.433s][info][gc,start       ] GC(364) Pause Young (Allocation Failure)
[2026-03-22T19:50:03.925+0900][7.438s][info][gc,heap        ] GC(364) PSYoungGen: 163089K(163840K)->10528K(163840K) Eden: 152561K(153088K)->0K(153088K) From: 10528K(10752K)->10528K(10752K)
[2026-03-22T19:50:03.925+0900][7.438s][info][gc,heap        ] GC(364) ParOldGen: 197639K(349696K)->291999K(349696K)
[2026-03-22T19:50:03.925+0900][7.438s][info][gc,metaspace   ] GC(364) Metaspace: 340K(512K)->340K(512K) NonClass: 322K(384K)->322K(384K) Class: 17K(128K)->17K(128K)
[2026-03-22T19:50:03.925+0900][7.438s][info][gc             ] GC(364) Pause Young (Allocation Failure) 352M->295M(501M) 5.065ms
[2026-03-22T19:50:03.925+0900][7.438s][info][gc,cpu         ] GC(364) User=0.00s Sys=0.00s Real=0.00s
[2026-03-22T19:50:03.940+0900][7.453s][info][gc,start       ] GC(365) Pause Full (Ergonomics)
[2026-03-22T19:50:03.940+0900][7.453s][info][gc,phases,start] GC(365) Marking Phase
[2026-03-22T19:50:03.941+0900][7.455s][info][gc,phases      ] GC(365) Marking Phase 1.183ms
[2026-03-22T19:50:03.941+0900][7.455s][info][gc,phases,start] GC(365) Summary Phase
[2026-03-22T19:50:03.941+0900][7.455s][info][gc,phases      ] GC(365) Summary Phase 0.049ms
[2026-03-22T19:50:03.941+0900][7.455s][info][gc,phases,start] GC(365) Adjust Roots
[2026-03-22T19:50:03.942+0900][7.455s][info][gc,phases      ] GC(365) Adjust Roots 0.197ms
[2026-03-22T19:50:03.942+0900][7.455s][info][gc,phases,start] GC(365) Compaction Phase
[2026-03-22T19:50:03.947+0900][7.460s][info][gc,phases      ] GC(365) Compaction Phase 4.941ms
[2026-03-22T19:50:03.947+0900][7.460s][info][gc,phases,start] GC(365) Post Compact
[2026-03-22T19:50:03.948+0900][7.461s][info][gc,phases      ] GC(365) Post Compact 1.435ms
[2026-03-22T19:50:03.948+0900][7.461s][info][gc,heap        ] GC(365) PSYoungGen: 163089K(163840K)->0K(163840K) Eden: 152561K(153088K)->0K(153088K) From: 10528K(10752K)->0K(10752K)
[2026-03-22T19:50:03.948+0900][7.461s][info][gc,heap        ] GC(365) ParOldGen: 291999K(349696K)->103430K(349696K)
[2026-03-22T19:50:03.948+0900][7.461s][info][gc,metaspace   ] GC(365) Metaspace: 340K(512K)->340K(512K) NonClass: 322K(384K)->322K(384K) Class: 17K(128K)->17K(128K)
[2026-03-22T19:50:03.948+0900][7.461s][info][gc             ] GC(365) Pause Full (Ergonomics) 444M->101M(501M) 8.149ms
[2026-03-22T19:50:03.948+0900][7.462s][info][gc,cpu         ] GC(365) User=0.02s Sys=0.00s Real=0.01s
[2026-03-22T19:50:03.964+0900][7.478s][info][gc,start       ] GC(366) Pause Young (Allocation Failure)
[2026-03-22T19:50:03.968+0900][7.482s][info][gc,heap        ] GC(366) PSYoungGen: 152561K(163840K)->10528K(163840K) Eden: 152561K(153088K)->0K(153088K) From: 0K(10752K)->10528K(10752K)
[2026-03-22T19:50:03.968+0900][7.482s][info][gc,heap        ] GC(366) ParOldGen: 103430K(349696K)->197639K(349696K)
[2026-03-22T19:50:03.968+0900][7.482s][info][gc,metaspace   ] GC(366) Metaspace: 340K(512K)->340K(512K) NonClass: 322K(384K)->322K(384K) Class: 17K(128K)->17K(128K)
[2026-03-22T19:50:03.969+0900][7.482s][info][gc             ] GC(366) Pause Young (Allocation Failure) 249M->203M(501M) 4.246ms
[2026-03-22T19:50:03.969+0900][7.482s][info][gc,cpu         ] GC(366) User=0.00s Sys=0.00s Real=0.01s
[2026-03-22T19:50:03.984+0900][7.498s][info][gc,start       ] GC(367) Pause Young (Allocation Failure)
[2026-03-22T19:50:03.989+0900][7.502s][info][gc,heap        ] GC(367) PSYoungGen: 163089K(163840K)->10560K(163840K) Eden: 152561K(153088K)->0K(153088K) From: 10528K(10752K)->10560K(10752K)
[2026-03-22T19:50:03.989+0900][7.502s][info][gc,heap        ] GC(367) ParOldGen: 197639K(349696K)->291999K(349696K)
[2026-03-22T19:50:03.989+0900][7.502s][info][gc,metaspace   ] GC(367) Metaspace: 340K(512K)->340K(512K) NonClass: 322K(384K)->322K(384K) Class: 17K(128K)->17K(128K)
[2026-03-22T19:50:03.989+0900][7.502s][info][gc             ] GC(367) Pause Young (Allocation Failure) 352M->295M(501M) 4.643ms
[2026-03-22T19:50:03.989+0900][7.502s][info][gc,cpu         ] GC(367) User=0.00s Sys=0.00s Real=0.01s
[2026-03-22T19:50:04.005+0900][7.517s][info][gc,start       ] GC(368) Pause Full (Ergonomics)
[2026-03-22T19:50:04.005+0900][7.518s][info][gc,phases,start] GC(368) Marking Phase
[2026-03-22T19:50:04.006+0900][7.519s][info][gc,phases      ] GC(368) Marking Phase 1.182ms
[2026-03-22T19:50:04.006+0900][7.519s][info][gc,phases,start] GC(368) Summary Phase
[2026-03-22T19:50:04.006+0900][7.519s][info][gc,phases      ] GC(368) Summary Phase 0.021ms
[2026-03-22T19:50:04.006+0900][7.519s][info][gc,phases,start] GC(368) Adjust Roots
[2026-03-22T19:50:04.006+0900][7.519s][info][gc,phases      ] GC(368) Adjust Roots 0.265ms
[2026-03-22T19:50:04.006+0900][7.519s][info][gc,phases,start] GC(368) Compaction Phase
[2026-03-22T19:50:04.011+0900][7.524s][info][gc,phases      ] GC(368) Compaction Phase 5.062ms
[2026-03-22T19:50:04.011+0900][7.524s][info][gc,phases,start] GC(368) Post Compact
[2026-03-22T19:50:04.013+0900][7.526s][info][gc,phases      ] GC(368) Post Compact 1.594ms
[2026-03-22T19:50:04.013+0900][7.526s][info][gc,heap        ] GC(368) PSYoungGen: 163121K(163840K)->0K(163840K) Eden: 152561K(153088K)->0K(153088K) From: 10560K(10752K)->0K(10752K)
[2026-03-22T19:50:04.013+0900][7.526s][info][gc,heap        ] GC(368) ParOldGen: 291999K(349696K)->103430K(349696K)
[2026-03-22T19:50:04.013+0900][7.526s][info][gc,metaspace   ] GC(368) Metaspace: 340K(512K)->340K(512K) NonClass: 322K(384K)->322K(384K) Class: 17K(128K)->17K(128K)
[2026-03-22T19:50:04.013+0900][7.526s][info][gc             ] GC(368) Pause Full (Ergonomics) 444M->101M(501M) 8.465ms
[2026-03-22T19:50:04.013+0900][7.526s][info][gc,cpu         ] GC(368) User=0.09s Sys=0.00s Real=0.01s
[2026-03-22T19:50:04.028+0900][7.541s][info][gc,start       ] GC(369) Pause Young (Allocation Failure)
[2026-03-22T19:50:04.032+0900][7.545s][info][gc,heap        ] GC(369) PSYoungGen: 152561K(163840K)->10560K(163840K) Eden: 152561K(153088K)->0K(153088K) From: 0K(10752K)->10560K(10752K)
[2026-03-22T19:50:04.032+0900][7.545s][info][gc,heap        ] GC(369) ParOldGen: 103430K(349696K)->197639K(349696K)
[2026-03-22T19:50:04.032+0900][7.545s][info][gc,metaspace   ] GC(369) Metaspace: 340K(512K)->340K(512K) NonClass: 322K(384K)->322K(384K) Class: 17K(128K)->17K(128K)
[2026-03-22T19:50:04.032+0900][7.545s][info][gc             ] GC(369) Pause Young (Allocation Failure) 249M->203M(501M) 4.305ms
[2026-03-22T19:50:04.032+0900][7.545s][info][gc,cpu         ] GC(369) User=0.00s Sys=0.00s Real=0.00s
[2026-03-22T19:50:04.048+0900][7.561s][info][gc,start       ] GC(370) Pause Young (Allocation Failure)
[2026-03-22T19:50:04.052+0900][7.565s][info][gc,heap        ] GC(370) PSYoungGen: 163121K(163840K)->10528K(163840K) Eden: 152561K(153088K)->0K(153088K) From: 10560K(10752K)->10528K(10752K)
[2026-03-22T19:50:04.052+0900][7.565s][info][gc,heap        ] GC(370) ParOldGen: 197639K(349696K)->291999K(349696K)
[2026-03-22T19:50:04.052+0900][7.565s][info][gc,metaspace   ] GC(370) Metaspace: 340K(512K)->340K(512K) NonClass: 322K(384K)->322K(384K) Class: 17K(128K)->17K(128K)
[2026-03-22T19:50:04.052+0900][7.565s][info][gc             ] GC(370) Pause Young (Allocation Failure) 352M->295M(501M) 4.231ms
[2026-03-22T19:50:04.052+0900][7.565s][info][gc,cpu         ] GC(370) User=0.00s Sys=0.00s Real=0.00s
[2026-03-22T19:50:04.068+0900][7.581s][info][gc,start       ] GC(371) Pause Full (Ergonomics)
[2026-03-22T19:50:04.069+0900][7.581s][info][gc,phases,start] GC(371) Marking Phase
[2026-03-22T19:50:04.070+0900][7.582s][info][gc,phases      ] GC(371) Marking Phase 1.209ms
[2026-03-22T19:50:04.070+0900][7.582s][info][gc,phases,start] GC(371) Summary Phase
[2026-03-22T19:50:04.070+0900][7.582s][info][gc,phases      ] GC(371) Summary Phase 0.021ms
[2026-03-22T19:50:04.070+0900][7.582s][info][gc,phases,start] GC(371) Adjust Roots
[2026-03-22T19:50:04.070+0900][7.583s][info][gc,phases      ] GC(371) Adjust Roots 0.235ms
[2026-03-22T19:50:04.070+0900][7.583s][info][gc,phases,start] GC(371) Compaction Phase
[2026-03-22T19:50:04.075+0900][7.588s][info][gc,phases      ] GC(371) Compaction Phase 4.954ms
[2026-03-22T19:50:04.075+0900][7.588s][info][gc,phases,start] GC(371) Post Compact
[2026-03-22T19:50:04.076+0900][7.589s][info][gc,phases      ] GC(371) Post Compact 1.547ms
[2026-03-22T19:50:04.076+0900][7.589s][info][gc,heap        ] GC(371) PSYoungGen: 163089K(163840K)->0K(163840K) Eden: 152561K(153088K)->0K(153088K) From: 10528K(10752K)->0K(10752K)
[2026-03-22T19:50:04.076+0900][7.589s][info][gc,heap        ] GC(371) ParOldGen: 291999K(349696K)->103430K(349696K)
[2026-03-22T19:50:04.076+0900][7.589s][info][gc,metaspace   ] GC(371) Metaspace: 340K(512K)->340K(512K) NonClass: 322K(384K)->322K(384K) Class: 17K(128K)->17K(128K)
[2026-03-22T19:50:04.076+0900][7.589s][info][gc             ] GC(371) Pause Full (Ergonomics) 444M->101M(501M) 8.327ms
[2026-03-22T19:50:04.077+0900][7.589s][info][gc,cpu         ] GC(371) User=0.09s Sys=0.00s Real=0.01s
[2026-03-22T19:50:04.092+0900][7.605s][info][gc,start       ] GC(372) Pause Young (Allocation Failure)
[2026-03-22T19:50:04.096+0900][7.610s][info][gc,heap        ] GC(372) PSYoungGen: 152561K(163840K)->10528K(163840K) Eden: 152561K(153088K)->0K(153088K) From: 0K(10752K)->10528K(10752K)
[2026-03-22T19:50:04.097+0900][7.610s][info][gc,heap        ] GC(372) ParOldGen: 103430K(349696K)->197639K(349696K)
[2026-03-22T19:50:04.097+0900][7.610s][info][gc,metaspace   ] GC(372) Metaspace: 340K(512K)->340K(512K) NonClass: 322K(384K)->322K(384K) Class: 17K(128K)->17K(128K)
[2026-03-22T19:50:04.097+0900][7.610s][info][gc             ] GC(372) Pause Young (Allocation Failure) 249M->203M(501M) 4.481ms
[2026-03-22T19:50:04.097+0900][7.610s][info][gc,cpu         ] GC(372) User=0.00s Sys=0.00s Real=0.00s
[2026-03-22T19:50:04.112+0900][7.625s][info][gc,start       ] GC(373) Pause Young (Allocation Failure)
[2026-03-22T19:50:04.117+0900][7.630s][info][gc,heap        ] GC(373) PSYoungGen: 163089K(163840K)->10528K(163840K) Eden: 152561K(153088K)->0K(153088K) From: 10528K(10752K)->10528K(10752K)
[2026-03-22T19:50:04.117+0900][7.630s][info][gc,heap        ] GC(373) ParOldGen: 197639K(349696K)->291999K(349696K)
[2026-03-22T19:50:04.117+0900][7.630s][info][gc,metaspace   ] GC(373) Metaspace: 340K(512K)->340K(512K) NonClass: 322K(384K)->322K(384K) Class: 17K(128K)->17K(128K)
[2026-03-22T19:50:04.117+0900][7.630s][info][gc             ] GC(373) Pause Young (Allocation Failure) 352M->295M(501M) 4.599ms
[2026-03-22T19:50:04.117+0900][7.630s][info][gc,cpu         ] GC(373) User=0.00s Sys=0.00s Real=0.01s
[2026-03-22T19:50:04.131+0900][7.645s][info][gc,start       ] GC(374) Pause Full (Ergonomics)
[2026-03-22T19:50:04.131+0900][7.645s][info][gc,phases,start] GC(374) Marking Phase
[2026-03-22T19:50:04.133+0900][7.646s][info][gc,phases      ] GC(374) Marking Phase 1.334ms
[2026-03-22T19:50:04.133+0900][7.646s][info][gc,phases,start] GC(374) Summary Phase
[2026-03-22T19:50:04.133+0900][7.646s][info][gc,phases      ] GC(374) Summary Phase 0.017ms
[2026-03-22T19:50:04.133+0900][7.646s][info][gc,phases,start] GC(374) Adjust Roots
[2026-03-22T19:50:04.133+0900][7.646s][info][gc,phases      ] GC(374) Adjust Roots 0.279ms
[2026-03-22T19:50:04.133+0900][7.646s][info][gc,phases,start] GC(374) Compaction Phase
[2026-03-22T19:50:04.139+0900][7.652s][info][gc,phases      ] GC(374) Compaction Phase 5.377ms
[2026-03-22T19:50:04.139+0900][7.652s][info][gc,phases,start] GC(374) Post Compact
[2026-03-22T19:50:04.140+0900][7.653s][info][gc,phases      ] GC(374) Post Compact 1.493ms
[2026-03-22T19:50:04.140+0900][7.653s][info][gc,heap        ] GC(374) PSYoungGen: 163089K(163840K)->0K(163840K) Eden: 152561K(153088K)->0K(153088K) From: 10528K(10752K)->0K(10752K)
[2026-03-22T19:50:04.140+0900][7.653s][info][gc,heap        ] GC(374) ParOldGen: 291999K(349696K)->103430K(349696K)
[2026-03-22T19:50:04.140+0900][7.653s][info][gc,metaspace   ] GC(374) Metaspace: 340K(512K)->340K(512K) NonClass: 322K(384K)->322K(384K) Class: 17K(128K)->17K(128K)
[2026-03-22T19:50:04.140+0900][7.653s][info][gc             ] GC(374) Pause Full (Ergonomics) 444M->101M(501M) 8.820ms
[2026-03-22T19:50:04.140+0900][7.653s][info][gc,cpu         ] GC(374) User=0.09s Sys=0.00s Real=0.01s
[2026-03-22T19:50:04.156+0900][7.669s][info][gc,start       ] GC(375) Pause Young (Allocation Failure)
[2026-03-22T19:50:04.160+0900][7.673s][info][gc,heap        ] GC(375) PSYoungGen: 152561K(163840K)->10528K(163840K) Eden: 152561K(153088K)->0K(153088K) From: 0K(10752K)->10528K(10752K)
[2026-03-22T19:50:04.160+0900][7.673s][info][gc,heap        ] GC(375) ParOldGen: 103430K(349696K)->197639K(349696K)
[2026-03-22T19:50:04.160+0900][7.673s][info][gc,metaspace   ] GC(375) Metaspace: 340K(512K)->340K(512K) NonClass: 322K(384K)->322K(384K) Class: 17K(128K)->17K(128K)
[2026-03-22T19:50:04.160+0900][7.673s][info][gc             ] GC(375) Pause Young (Allocation Failure) 249M->203M(501M) 4.376ms
[2026-03-22T19:50:04.160+0900][7.673s][info][gc,cpu         ] GC(375) User=0.00s Sys=0.00s Real=0.00s
[2026-03-22T19:50:04.175+0900][7.688s][info][gc,start       ] GC(376) Pause Young (Allocation Failure)
[2026-03-22T19:50:04.179+0900][7.692s][info][gc,heap        ] GC(376) PSYoungGen: 163089K(163840K)->10528K(163840K) Eden: 152561K(153088K)->0K(153088K) From: 10528K(10752K)->10528K(10752K)
[2026-03-22T19:50:04.179+0900][7.692s][info][gc,heap        ] GC(376) ParOldGen: 197639K(349696K)->291999K(349696K)
[2026-03-22T19:50:04.179+0900][7.692s][info][gc,metaspace   ] GC(376) Metaspace: 340K(512K)->340K(512K) NonClass: 322K(384K)->322K(384K) Class: 17K(128K)->17K(128K)
[2026-03-22T19:50:04.179+0900][7.692s][info][gc             ] GC(376) Pause Young (Allocation Failure) 352M->295M(501M) 4.262ms
[2026-03-22T19:50:04.179+0900][7.692s][info][gc,cpu         ] GC(376) User=0.00s Sys=0.00s Real=0.00s
[2026-03-22T19:50:04.195+0900][7.708s][info][gc,start       ] GC(377) Pause Full (Ergonomics)
[2026-03-22T19:50:04.195+0900][7.708s][info][gc,phases,start] GC(377) Marking Phase
[2026-03-22T19:50:04.196+0900][7.709s][info][gc,phases      ] GC(377) Marking Phase 1.422ms
[2026-03-22T19:50:04.196+0900][7.709s][info][gc,phases,start] GC(377) Summary Phase
[2026-03-22T19:50:04.196+0900][7.709s][info][gc,phases      ] GC(377) Summary Phase 0.034ms
[2026-03-22T19:50:04.196+0900][7.709s][info][gc,phases,start] GC(377) Adjust Roots
[2026-03-22T19:50:04.197+0900][7.710s][info][gc,phases      ] GC(377) Adjust Roots 0.385ms
[2026-03-22T19:50:04.197+0900][7.710s][info][gc,phases,start] GC(377) Compaction Phase
[2026-03-22T19:50:04.202+0900][7.715s][info][gc,phases      ] GC(377) Compaction Phase 4.861ms
[2026-03-22T19:50:04.202+0900][7.715s][info][gc,phases,start] GC(377) Post Compact
[2026-03-22T19:50:04.204+0900][7.716s][info][gc,phases      ] GC(377) Post Compact 1.387ms
[2026-03-22T19:50:04.204+0900][7.716s][info][gc,heap        ] GC(377) PSYoungGen: 163089K(163840K)->0K(163840K) Eden: 152561K(153088K)->0K(153088K) From: 10528K(10752K)->0K(10752K)
[2026-03-22T19:50:04.204+0900][7.716s][info][gc,heap        ] GC(377) ParOldGen: 291999K(349696K)->103430K(349696K)
[2026-03-22T19:50:04.204+0900][7.716s][info][gc,metaspace   ] GC(377) Metaspace: 340K(512K)->340K(512K) NonClass: 322K(384K)->322K(384K) Class: 17K(128K)->17K(128K)
[2026-03-22T19:50:04.204+0900][7.716s][info][gc             ] GC(377) Pause Full (Ergonomics) 444M->101M(501M) 8.557ms
[2026-03-22T19:50:04.204+0900][7.716s][info][gc,cpu         ] GC(377) User=0.00s Sys=0.00s Real=0.01s
[2026-03-22T19:50:04.218+0900][7.731s][info][gc,start       ] GC(378) Pause Young (Allocation Failure)
[2026-03-22T19:50:04.222+0900][7.735s][info][gc,heap        ] GC(378) PSYoungGen: 152561K(163840K)->10528K(163840K) Eden: 152561K(153088K)->0K(153088K) From: 0K(10752K)->10528K(10752K)
[2026-03-22T19:50:04.222+0900][7.735s][info][gc,heap        ] GC(378) ParOldGen: 103430K(349696K)->197639K(349696K)
[2026-03-22T19:50:04.222+0900][7.735s][info][gc,metaspace   ] GC(378) Metaspace: 340K(512K)->340K(512K) NonClass: 322K(384K)->322K(384K) Class: 17K(128K)->17K(128K)
[2026-03-22T19:50:04.222+0900][7.735s][info][gc             ] GC(378) Pause Young (Allocation Failure) 249M->203M(501M) 4.158ms
[2026-03-22T19:50:04.222+0900][7.735s][info][gc,cpu         ] GC(378) User=0.00s Sys=0.00s Real=0.00s
[2026-03-22T19:50:04.236+0900][7.750s][info][gc,start       ] GC(379) Pause Young (Allocation Failure)
[2026-03-22T19:50:04.241+0900][7.755s][info][gc,heap        ] GC(379) PSYoungGen: 163089K(163840K)->10560K(163840K) Eden: 152561K(153088K)->0K(153088K) From: 10528K(10752K)->10560K(10752K)
[2026-03-22T19:50:04.241+0900][7.755s][info][gc,heap        ] GC(379) ParOldGen: 197639K(349696K)->291999K(349696K)
[2026-03-22T19:50:04.241+0900][7.755s][info][gc,metaspace   ] GC(379) Metaspace: 340K(512K)->340K(512K) NonClass: 322K(384K)->322K(384K) Class: 17K(128K)->17K(128K)
[2026-03-22T19:50:04.241+0900][7.755s][info][gc             ] GC(379) Pause Young (Allocation Failure) 352M->295M(501M) 4.987ms
[2026-03-22T19:50:04.241+0900][7.755s][info][gc,cpu         ] GC(379) User=0.00s Sys=0.00s Real=0.00s
[2026-03-22T19:50:04.257+0900][7.770s][info][gc,start       ] GC(380) Pause Full (Ergonomics)
[2026-03-22T19:50:04.257+0900][7.770s][info][gc,phases,start] GC(380) Marking Phase
[2026-03-22T19:50:04.258+0900][7.771s][info][gc,phases      ] GC(380) Marking Phase 1.165ms
[2026-03-22T19:50:04.258+0900][7.771s][info][gc,phases,start] GC(380) Summary Phase
[2026-03-22T19:50:04.258+0900][7.771s][info][gc,phases      ] GC(380) Summary Phase 0.015ms
[2026-03-22T19:50:04.258+0900][7.771s][info][gc,phases,start] GC(380) Adjust Roots
[2026-03-22T19:50:04.258+0900][7.771s][info][gc,phases      ] GC(380) Adjust Roots 0.184ms
[2026-03-22T19:50:04.258+0900][7.771s][info][gc,phases,start] GC(380) Compaction Phase
[2026-03-22T19:50:04.263+0900][7.776s][info][gc,phases      ] GC(380) Compaction Phase 4.939ms
[2026-03-22T19:50:04.263+0900][7.776s][info][gc,phases,start] GC(380) Post Compact
[2026-03-22T19:50:04.265+0900][7.778s][info][gc,phases      ] GC(380) Post Compact 1.381ms
[2026-03-22T19:50:04.265+0900][7.778s][info][gc,heap        ] GC(380) PSYoungGen: 163121K(163840K)->0K(163840K) Eden: 152561K(153088K)->0K(153088K) From: 10560K(10752K)->0K(10752K)
[2026-03-22T19:50:04.265+0900][7.778s][info][gc,heap        ] GC(380) ParOldGen: 291999K(349696K)->103430K(349696K)
[2026-03-22T19:50:04.265+0900][7.778s][info][gc,metaspace   ] GC(380) Metaspace: 340K(512K)->340K(512K) NonClass: 322K(384K)->322K(384K) Class: 17K(128K)->17K(128K)
[2026-03-22T19:50:04.265+0900][7.778s][info][gc             ] GC(380) Pause Full (Ergonomics) 444M->101M(501M) 7.937ms
[2026-03-22T19:50:04.265+0900][7.778s][info][gc,cpu         ] GC(380) User=0.09s Sys=0.00s Real=0.01s
[2026-03-22T19:50:04.280+0900][7.793s][info][gc,start       ] GC(381) Pause Young (Allocation Failure)
[2026-03-22T19:50:04.285+0900][7.797s][info][gc,heap        ] GC(381) PSYoungGen: 152561K(163840K)->10528K(163840K) Eden: 152561K(153088K)->0K(153088K) From: 0K(10752K)->10528K(10752K)
[2026-03-22T19:50:04.285+0900][7.798s][info][gc,heap        ] GC(381) ParOldGen: 103430K(349696K)->197639K(349696K)
[2026-03-22T19:50:04.285+0900][7.798s][info][gc,metaspace   ] GC(381) Metaspace: 340K(512K)->340K(512K) NonClass: 322K(384K)->322K(384K) Class: 17K(128K)->17K(128K)
[2026-03-22T19:50:04.285+0900][7.798s][info][gc             ] GC(381) Pause Young (Allocation Failure) 249M->203M(501M) 5.012ms
[2026-03-22T19:50:04.285+0900][7.798s][info][gc,cpu         ] GC(381) User=0.00s Sys=0.00s Real=0.01s
[2026-03-22T19:50:04.301+0900][7.813s][info][gc,start       ] GC(382) Pause Young (Allocation Failure)
[2026-03-22T19:50:04.305+0900][7.818s][info][gc,heap        ] GC(382) PSYoungGen: 163089K(163840K)->10560K(163840K) Eden: 152561K(153088K)->0K(153088K) From: 10528K(10752K)->10560K(10752K)
[2026-03-22T19:50:04.305+0900][7.818s][info][gc,heap        ] GC(382) ParOldGen: 197639K(349696K)->291999K(349696K)
[2026-03-22T19:50:04.305+0900][7.818s][info][gc,metaspace   ] GC(382) Metaspace: 340K(512K)->340K(512K) NonClass: 322K(384K)->322K(384K) Class: 17K(128K)->17K(128K)
[2026-03-22T19:50:04.305+0900][7.818s][info][gc             ] GC(382) Pause Young (Allocation Failure) 352M->295M(501M) 4.505ms
[2026-03-22T19:50:04.305+0900][7.818s][info][gc,cpu         ] GC(382) User=0.00s Sys=0.00s Real=0.00s
[2026-03-22T19:50:04.319+0900][7.832s][info][gc,start       ] GC(383) Pause Full (Ergonomics)
[2026-03-22T19:50:04.319+0900][7.833s][info][gc,phases,start] GC(383) Marking Phase
[2026-03-22T19:50:04.321+0900][7.834s][info][gc,phases      ] GC(383) Marking Phase 1.460ms
[2026-03-22T19:50:04.321+0900][7.834s][info][gc,phases,start] GC(383) Summary Phase
[2026-03-22T19:50:04.321+0900][7.834s][info][gc,phases      ] GC(383) Summary Phase 0.018ms
[2026-03-22T19:50:04.321+0900][7.834s][info][gc,phases,start] GC(383) Adjust Roots
[2026-03-22T19:50:04.321+0900][7.834s][info][gc,phases      ] GC(383) Adjust Roots 0.368ms
[2026-03-22T19:50:04.321+0900][7.835s][info][gc,phases,start] GC(383) Compaction Phase
[2026-03-22T19:50:04.327+0900][7.840s][info][gc,phases      ] GC(383) Compaction Phase 5.257ms
[2026-03-22T19:50:04.327+0900][7.840s][info][gc,phases,start] GC(383) Post Compact
[2026-03-22T19:50:04.328+0900][7.841s][info][gc,phases      ] GC(383) Post Compact 1.403ms
[2026-03-22T19:50:04.328+0900][7.841s][info][gc,heap        ] GC(383) PSYoungGen: 163121K(163840K)->0K(163840K) Eden: 152561K(153088K)->0K(153088K) From: 10560K(10752K)->0K(10752K)
[2026-03-22T19:50:04.328+0900][7.841s][info][gc,heap        ] GC(383) ParOldGen: 291999K(349696K)->103430K(349696K)
[2026-03-22T19:50:04.328+0900][7.841s][info][gc,metaspace   ] GC(383) Metaspace: 340K(512K)->340K(512K) NonClass: 322K(384K)->322K(384K) Class: 17K(128K)->17K(128K)
[2026-03-22T19:50:04.328+0900][7.841s][info][gc             ] GC(383) Pause Full (Ergonomics) 444M->101M(501M) 8.798ms
[2026-03-22T19:50:04.328+0900][7.841s][info][gc,cpu         ] GC(383) User=0.05s Sys=0.00s Real=0.01s
[2026-03-22T19:50:04.343+0900][7.856s][info][gc,start       ] GC(384) Pause Young (Allocation Failure)
[2026-03-22T19:50:04.348+0900][7.860s][info][gc,heap        ] GC(384) PSYoungGen: 152561K(163840K)->10560K(163840K) Eden: 152561K(153088K)->0K(153088K) From: 0K(10752K)->10560K(10752K)
[2026-03-22T19:50:04.348+0900][7.860s][info][gc,heap        ] GC(384) ParOldGen: 103430K(349696K)->197639K(349696K)
[2026-03-22T19:50:04.348+0900][7.860s][info][gc,metaspace   ] GC(384) Metaspace: 340K(512K)->340K(512K) NonClass: 322K(384K)->322K(384K) Class: 17K(128K)->17K(128K)
[2026-03-22T19:50:04.348+0900][7.860s][info][gc             ] GC(384) Pause Young (Allocation Failure) 249M->203M(501M) 4.243ms
[2026-03-22T19:50:04.348+0900][7.861s][info][gc,cpu         ] GC(384) User=0.00s Sys=0.00s Real=0.01s
[2026-03-22T19:50:04.363+0900][7.875s][info][gc,start       ] GC(385) Pause Young (Allocation Failure)
[2026-03-22T19:50:04.367+0900][7.880s][info][gc,heap        ] GC(385) PSYoungGen: 163121K(163840K)->10560K(163840K) Eden: 152561K(153088K)->0K(153088K) From: 10560K(10752K)->10560K(10752K)
[2026-03-22T19:50:04.367+0900][7.880s][info][gc,heap        ] GC(385) ParOldGen: 197639K(349696K)->291999K(349696K)
[2026-03-22T19:50:04.367+0900][7.880s][info][gc,metaspace   ] GC(385) Metaspace: 340K(512K)->340K(512K) NonClass: 322K(384K)->322K(384K) Class: 17K(128K)->17K(128K)
[2026-03-22T19:50:04.367+0900][7.880s][info][gc             ] GC(385) Pause Young (Allocation Failure) 352M->295M(501M) 4.285ms
[2026-03-22T19:50:04.367+0900][7.880s][info][gc,cpu         ] GC(385) User=0.00s Sys=0.00s Real=0.00s
[2026-03-22T19:50:04.382+0900][7.895s][info][gc,start       ] GC(386) Pause Full (Ergonomics)
[2026-03-22T19:50:04.382+0900][7.895s][info][gc,phases,start] GC(386) Marking Phase
[2026-03-22T19:50:04.384+0900][7.896s][info][gc,phases      ] GC(386) Marking Phase 1.768ms
[2026-03-22T19:50:04.384+0900][7.896s][info][gc,phases,start] GC(386) Summary Phase
[2026-03-22T19:50:04.384+0900][7.896s][info][gc,phases      ] GC(386) Summary Phase 0.019ms
[2026-03-22T19:50:04.384+0900][7.896s][info][gc,phases,start] GC(386) Adjust Roots
[2026-03-22T19:50:04.384+0900][7.897s][info][gc,phases      ] GC(386) Adjust Roots 0.400ms
[2026-03-22T19:50:04.384+0900][7.897s][info][gc,phases,start] GC(386) Compaction Phase
[2026-03-22T19:50:04.390+0900][7.903s][info][gc,phases      ] GC(386) Compaction Phase 5.739ms
[2026-03-22T19:50:04.390+0900][7.903s][info][gc,phases,start] GC(386) Post Compact
[2026-03-22T19:50:04.391+0900][7.904s][info][gc,phases      ] GC(386) Post Compact 1.478ms
[2026-03-22T19:50:04.391+0900][7.904s][info][gc,heap        ] GC(386) PSYoungGen: 163121K(163840K)->0K(163840K) Eden: 152561K(153088K)->0K(153088K) From: 10560K(10752K)->0K(10752K)
[2026-03-22T19:50:04.391+0900][7.904s][info][gc,heap        ] GC(386) ParOldGen: 291999K(349696K)->103195K(349696K)
[2026-03-22T19:50:04.391+0900][7.904s][info][gc,metaspace   ] GC(386) Metaspace: 340K(512K)->340K(512K) NonClass: 322K(384K)->322K(384K) Class: 17K(128K)->17K(128K)
[2026-03-22T19:50:04.391+0900][7.904s][info][gc             ] GC(386) Pause Full (Ergonomics) 444M->100M(501M) 9.743ms
[2026-03-22T19:50:04.391+0900][7.904s][info][gc,cpu         ] GC(386) User=0.09s Sys=0.00s Real=0.01s
[2026-03-22T19:50:04.407+0900][7.919s][info][gc,start       ] GC(387) Pause Young (Allocation Failure)
[2026-03-22T19:50:04.411+0900][7.924s][info][gc,heap        ] GC(387) PSYoungGen: 152561K(163840K)->10528K(163840K) Eden: 152561K(153088K)->0K(153088K) From: 0K(10752K)->10528K(10752K)
[2026-03-22T19:50:04.411+0900][7.924s][info][gc,heap        ] GC(387) ParOldGen: 103195K(349696K)->197403K(349696K)
[2026-03-22T19:50:04.411+0900][7.924s][info][gc,metaspace   ] GC(387) Metaspace: 340K(512K)->340K(512K) NonClass: 322K(384K)->322K(384K) Class: 17K(128K)->17K(128K)
[2026-03-22T19:50:04.411+0900][7.924s][info][gc             ] GC(387) Pause Young (Allocation Failure) 249M->203M(501M) 4.495ms
[2026-03-22T19:50:04.411+0900][7.924s][info][gc,cpu         ] GC(387) User=0.00s Sys=0.00s Real=0.00s
[2026-03-22T19:50:04.426+0900][7.939s][info][gc,start       ] GC(388) Pause Young (Allocation Failure)
[2026-03-22T19:50:04.430+0900][7.943s][info][gc,heap        ] GC(388) PSYoungGen: 163089K(163840K)->10528K(163840K) Eden: 152561K(153088K)->0K(153088K) From: 10528K(10752K)->10528K(10752K)
[2026-03-22T19:50:04.431+0900][7.943s][info][gc,heap        ] GC(388) ParOldGen: 197403K(349696K)->291764K(349696K)
[2026-03-22T19:50:04.431+0900][7.943s][info][gc,metaspace   ] GC(388) Metaspace: 340K(512K)->340K(512K) NonClass: 322K(384K)->322K(384K) Class: 17K(128K)->17K(128K)
[2026-03-22T19:50:04.431+0900][7.943s][info][gc             ] GC(388) Pause Young (Allocation Failure) 352M->295M(501M) 4.391ms
[2026-03-22T19:50:04.431+0900][7.943s][info][gc,cpu         ] GC(388) User=0.00s Sys=0.00s Real=0.00s
[2026-03-22T19:50:04.445+0900][7.958s][info][gc,start       ] GC(389) Pause Full (Ergonomics)
[2026-03-22T19:50:04.445+0900][7.958s][info][gc,phases,start] GC(389) Marking Phase
[2026-03-22T19:50:04.446+0900][7.959s][info][gc,phases      ] GC(389) Marking Phase 1.027ms
[2026-03-22T19:50:04.446+0900][7.959s][info][gc,phases,start] GC(389) Summary Phase
[2026-03-22T19:50:04.446+0900][7.959s][info][gc,phases      ] GC(389) Summary Phase 0.015ms
[2026-03-22T19:50:04.446+0900][7.959s][info][gc,phases,start] GC(389) Adjust Roots
[2026-03-22T19:50:04.447+0900][7.960s][info][gc,phases      ] GC(389) Adjust Roots 0.318ms
[2026-03-22T19:50:04.447+0900][7.960s][info][gc,phases,start] GC(389) Compaction Phase
[2026-03-22T19:50:04.452+0900][7.965s][info][gc,phases      ] GC(389) Compaction Phase 4.824ms
[2026-03-22T19:50:04.452+0900][7.965s][info][gc,phases,start] GC(389) Post Compact
[2026-03-22T19:50:04.453+0900][7.966s][info][gc,phases      ] GC(389) Post Compact 1.499ms
[2026-03-22T19:50:04.453+0900][7.966s][info][gc,heap        ] GC(389) PSYoungGen: 163089K(163840K)->0K(163840K) Eden: 152561K(153088K)->0K(153088K) From: 10528K(10752K)->0K(10752K)
[2026-03-22T19:50:04.453+0900][7.966s][info][gc,heap        ] GC(389) ParOldGen: 291764K(349696K)->103430K(349696K)
[2026-03-22T19:50:04.453+0900][7.966s][info][gc,metaspace   ] GC(389) Metaspace: 340K(512K)->340K(512K) NonClass: 322K(384K)->322K(384K) Class: 17K(128K)->17K(128K)
[2026-03-22T19:50:04.453+0900][7.966s][info][gc             ] GC(389) Pause Full (Ergonomics) 444M->101M(501M) 7.982ms
[2026-03-22T19:50:04.453+0900][7.966s][info][gc,cpu         ] GC(389) User=0.02s Sys=0.00s Real=0.01s
[2026-03-22T19:50:04.469+0900][7.981s][info][gc,start       ] GC(390) Pause Young (Allocation Failure)
[2026-03-22T19:50:04.473+0900][7.986s][info][gc,heap        ] GC(390) PSYoungGen: 152561K(163840K)->10528K(163840K) Eden: 152561K(153088K)->0K(153088K) From: 0K(10752K)->10528K(10752K)
[2026-03-22T19:50:04.473+0900][7.986s][info][gc,heap        ] GC(390) ParOldGen: 103430K(349696K)->197639K(349696K)
[2026-03-22T19:50:04.473+0900][7.986s][info][gc,metaspace   ] GC(390) Metaspace: 340K(512K)->340K(512K) NonClass: 322K(384K)->322K(384K) Class: 17K(128K)->17K(128K)
[2026-03-22T19:50:04.473+0900][7.986s][info][gc             ] GC(390) Pause Young (Allocation Failure) 249M->203M(501M) 4.588ms
[2026-03-22T19:50:04.473+0900][7.986s][info][gc,cpu         ] GC(390) User=0.00s Sys=0.00s Real=0.00s
[2026-03-22T19:50:04.489+0900][8.001s][info][gc,start       ] GC(391) Pause Young (Allocation Failure)
[2026-03-22T19:50:04.493+0900][8.006s][info][gc,heap        ] GC(391) PSYoungGen: 163089K(163840K)->10528K(163840K) Eden: 152561K(153088K)->0K(153088K) From: 10528K(10752K)->10528K(10752K)
[2026-03-22T19:50:04.494+0900][8.006s][info][gc,heap        ] GC(391) ParOldGen: 197639K(349696K)->291999K(349696K)
[2026-03-22T19:50:04.494+0900][8.006s][info][gc,metaspace   ] GC(391) Metaspace: 340K(512K)->340K(512K) NonClass: 322K(384K)->322K(384K) Class: 17K(128K)->17K(128K)
[2026-03-22T19:50:04.494+0900][8.006s][info][gc             ] GC(391) Pause Young (Allocation Failure) 352M->295M(501M) 4.961ms
[2026-03-22T19:50:04.494+0900][8.006s][info][gc,cpu         ] GC(391) User=0.00s Sys=0.00s Real=0.00s
[2026-03-22T19:50:04.508+0900][8.021s][info][gc,start       ] GC(392) Pause Full (Ergonomics)
[2026-03-22T19:50:04.508+0900][8.021s][info][gc,phases,start] GC(392) Marking Phase
[2026-03-22T19:50:04.510+0900][8.023s][info][gc,phases      ] GC(392) Marking Phase 1.424ms
[2026-03-22T19:50:04.510+0900][8.023s][info][gc,phases,start] GC(392) Summary Phase
[2026-03-22T19:50:04.510+0900][8.023s][info][gc,phases      ] GC(392) Summary Phase 0.036ms
[2026-03-22T19:50:04.510+0900][8.023s][info][gc,phases,start] GC(392) Adjust Roots
[2026-03-22T19:50:04.510+0900][8.023s][info][gc,phases      ] GC(392) Adjust Roots 0.276ms
[2026-03-22T19:50:04.510+0900][8.023s][info][gc,phases,start] GC(392) Compaction Phase
[2026-03-22T19:50:04.514+0900][8.028s][info][gc,phases      ] GC(392) Compaction Phase 4.681ms
[2026-03-22T19:50:04.516+0900][8.028s][info][gc,phases,start] GC(392) Post Compact
[2026-03-22T19:50:04.517+0900][8.030s][info][gc,phases      ] GC(392) Post Compact 1.511ms
[2026-03-22T19:50:04.517+0900][8.030s][info][gc,heap        ] GC(392) PSYoungGen: 163089K(163840K)->0K(163840K) Eden: 152561K(153088K)->0K(153088K) From: 10528K(10752K)->0K(10752K)
[2026-03-22T19:50:04.517+0900][8.030s][info][gc,heap        ] GC(392) ParOldGen: 291999K(349696K)->103430K(349696K)
[2026-03-22T19:50:04.517+0900][8.030s][info][gc,metaspace   ] GC(392) Metaspace: 340K(512K)->340K(512K) NonClass: 322K(384K)->322K(384K) Class: 17K(128K)->17K(128K)
[2026-03-22T19:50:04.517+0900][8.030s][info][gc             ] GC(392) Pause Full (Ergonomics) 444M->101M(501M) 8.459ms
[2026-03-22T19:50:04.517+0900][8.030s][info][gc,cpu         ] GC(392) User=0.08s Sys=0.02s Real=0.01s
[2026-03-22T19:50:04.532+0900][8.045s][info][gc,start       ] GC(393) Pause Young (Allocation Failure)
[2026-03-22T19:50:04.537+0900][8.050s][info][gc,heap        ] GC(393) PSYoungGen: 152561K(163840K)->10560K(163840K) Eden: 152561K(153088K)->0K(153088K) From: 0K(10752K)->10560K(10752K)
[2026-03-22T19:50:04.537+0900][8.050s][info][gc,heap        ] GC(393) ParOldGen: 103430K(349696K)->197639K(349696K)
[2026-03-22T19:50:04.537+0900][8.050s][info][gc,metaspace   ] GC(393) Metaspace: 340K(512K)->340K(512K) NonClass: 322K(384K)->322K(384K) Class: 17K(128K)->17K(128K)
[2026-03-22T19:50:04.537+0900][8.050s][info][gc             ] GC(393) Pause Young (Allocation Failure) 249M->203M(501M) 4.520ms
[2026-03-22T19:50:04.537+0900][8.050s][info][gc,cpu         ] GC(393) User=0.00s Sys=0.00s Real=0.00s
[2026-03-22T19:50:04.552+0900][8.065s][info][gc,start       ] GC(394) Pause Young (Allocation Failure)
[2026-03-22T19:50:04.556+0900][8.069s][info][gc,heap        ] GC(394) PSYoungGen: 163121K(163840K)->10560K(163840K) Eden: 152561K(153088K)->0K(153088K) From: 10560K(10752K)->10560K(10752K)
[2026-03-22T19:50:04.556+0900][8.069s][info][gc,heap        ] GC(394) ParOldGen: 197639K(349696K)->291999K(349696K)
[2026-03-22T19:50:04.556+0900][8.069s][info][gc,metaspace   ] GC(394) Metaspace: 340K(512K)->340K(512K) NonClass: 322K(384K)->322K(384K) Class: 17K(128K)->17K(128K)
[2026-03-22T19:50:04.556+0900][8.069s][info][gc             ] GC(394) Pause Young (Allocation Failure) 352M->295M(501M) 4.387ms
[2026-03-22T19:50:04.556+0900][8.069s][info][gc,cpu         ] GC(394) User=0.00s Sys=0.00s Real=0.00s
[2026-03-22T19:50:04.570+0900][8.084s][info][gc,start       ] GC(395) Pause Full (Ergonomics)
[2026-03-22T19:50:04.571+0900][8.084s][info][gc,phases,start] GC(395) Marking Phase
[2026-03-22T19:50:04.572+0900][8.085s][info][gc,phases      ] GC(395) Marking Phase 1.407ms
[2026-03-22T19:50:04.572+0900][8.085s][info][gc,phases,start] GC(395) Summary Phase
[2026-03-22T19:50:04.572+0900][8.085s][info][gc,phases      ] GC(395) Summary Phase 0.021ms
[2026-03-22T19:50:04.572+0900][8.085s][info][gc,phases,start] GC(395) Adjust Roots
[2026-03-22T19:50:04.572+0900][8.085s][info][gc,phases      ] GC(395) Adjust Roots 0.172ms
[2026-03-22T19:50:04.572+0900][8.085s][info][gc,phases,start] GC(395) Compaction Phase
[2026-03-22T19:50:04.578+0900][8.090s][info][gc,phases      ] GC(395) Compaction Phase 5.033ms
[2026-03-22T19:50:04.578+0900][8.090s][info][gc,phases,start] GC(395) Post Compact
[2026-03-22T19:50:04.579+0900][8.092s][info][gc,phases      ] GC(395) Post Compact 1.554ms
[2026-03-22T19:50:04.579+0900][8.092s][info][gc,heap        ] GC(395) PSYoungGen: 163121K(163840K)->0K(163840K) Eden: 152561K(153088K)->0K(153088K) From: 10560K(10752K)->0K(10752K)
[2026-03-22T19:50:04.579+0900][8.092s][info][gc,heap        ] GC(395) ParOldGen: 291999K(349696K)->103430K(349696K)
[2026-03-22T19:50:04.579+0900][8.092s][info][gc,metaspace   ] GC(395) Metaspace: 340K(512K)->340K(512K) NonClass: 322K(384K)->322K(384K) Class: 17K(128K)->17K(128K)
[2026-03-22T19:50:04.579+0900][8.092s][info][gc             ] GC(395) Pause Full (Ergonomics) 444M->101M(501M) 8.476ms
[2026-03-22T19:50:04.579+0900][8.092s][info][gc,cpu         ] GC(395) User=0.00s Sys=0.00s Real=0.01s
[2026-03-22T19:50:04.595+0900][8.108s][info][gc,start       ] GC(396) Pause Young (Allocation Failure)
[2026-03-22T19:50:04.599+0900][8.112s][info][gc,heap        ] GC(396) PSYoungGen: 152561K(163840K)->10528K(163840K) Eden: 152561K(153088K)->0K(153088K) From: 0K(10752K)->10528K(10752K)
[2026-03-22T19:50:04.599+0900][8.112s][info][gc,heap        ] GC(396) ParOldGen: 103430K(349696K)->197639K(349696K)
[2026-03-22T19:50:04.599+0900][8.112s][info][gc,metaspace   ] GC(396) Metaspace: 340K(512K)->340K(512K) NonClass: 322K(384K)->322K(384K) Class: 17K(128K)->17K(128K)
[2026-03-22T19:50:04.599+0900][8.112s][info][gc             ] GC(396) Pause Young (Allocation Failure) 249M->203M(501M) 4.462ms
[2026-03-22T19:50:04.599+0900][8.112s][info][gc,cpu         ] GC(396) User=0.00s Sys=0.00s Real=0.00s
[2026-03-22T19:50:04.616+0900][8.129s][info][gc,start       ] GC(397) Pause Young (Allocation Failure)
[2026-03-22T19:50:04.620+0900][8.133s][info][gc,heap        ] GC(397) PSYoungGen: 163089K(163840K)->10528K(163840K) Eden: 152561K(153088K)->0K(153088K) From: 10528K(10752K)->10528K(10752K)
[2026-03-22T19:50:04.620+0900][8.133s][info][gc,heap        ] GC(397) ParOldGen: 197639K(349696K)->291999K(349696K)
[2026-03-22T19:50:04.620+0900][8.133s][info][gc,metaspace   ] GC(397) Metaspace: 340K(512K)->340K(512K) NonClass: 322K(384K)->322K(384K) Class: 17K(128K)->17K(128K)
[2026-03-22T19:50:04.620+0900][8.133s][info][gc             ] GC(397) Pause Young (Allocation Failure) 352M->295M(501M) 4.760ms
[2026-03-22T19:50:04.620+0900][8.133s][info][gc,cpu         ] GC(397) User=0.09s Sys=0.00s Real=0.00s
[2026-03-22T19:50:04.635+0900][8.148s][info][gc,start       ] GC(398) Pause Full (Ergonomics)
[2026-03-22T19:50:04.635+0900][8.148s][info][gc,phases,start] GC(398) Marking Phase
[2026-03-22T19:50:04.637+0900][8.149s][info][gc,phases      ] GC(398) Marking Phase 1.325ms
[2026-03-22T19:50:04.637+0900][8.149s][info][gc,phases,start] GC(398) Summary Phase
[2026-03-22T19:50:04.637+0900][8.150s][info][gc,phases      ] GC(398) Summary Phase 0.034ms
[2026-03-22T19:50:04.637+0900][8.150s][info][gc,phases,start] GC(398) Adjust Roots
[2026-03-22T19:50:04.637+0900][8.150s][info][gc,phases      ] GC(398) Adjust Roots 0.419ms
[2026-03-22T19:50:04.637+0900][8.150s][info][gc,phases,start] GC(398) Compaction Phase
[2026-03-22T19:50:04.642+0900][8.155s][info][gc,phases      ] GC(398) Compaction Phase 5.342ms
[2026-03-22T19:50:04.643+0900][8.155s][info][gc,phases,start] GC(398) Post Compact
[2026-03-22T19:50:04.644+0900][8.157s][info][gc,phases      ] GC(398) Post Compact 1.751ms
[2026-03-22T19:50:04.644+0900][8.157s][info][gc,heap        ] GC(398) PSYoungGen: 163089K(163840K)->0K(163840K) Eden: 152561K(153088K)->0K(153088K) From: 10528K(10752K)->0K(10752K)
[2026-03-22T19:50:04.644+0900][8.157s][info][gc,heap        ] GC(398) ParOldGen: 291999K(349696K)->103430K(349696K)
[2026-03-22T19:50:04.644+0900][8.157s][info][gc,metaspace   ] GC(398) Metaspace: 340K(512K)->340K(512K) NonClass: 322K(384K)->322K(384K) Class: 17K(128K)->17K(128K)
[2026-03-22T19:50:04.644+0900][8.157s][info][gc             ] GC(398) Pause Full (Ergonomics) 444M->101M(501M) 9.282ms
[2026-03-22T19:50:04.644+0900][8.157s][info][gc,cpu         ] GC(398) User=0.00s Sys=0.00s Real=0.01s
[2026-03-22T19:50:04.659+0900][8.172s][info][gc,start       ] GC(399) Pause Young (Allocation Failure)
[2026-03-22T19:50:04.663+0900][8.176s][info][gc,heap        ] GC(399) PSYoungGen: 152561K(163840K)->10560K(163840K) Eden: 152561K(153088K)->0K(153088K) From: 0K(10752K)->10560K(10752K)
[2026-03-22T19:50:04.663+0900][8.177s][info][gc,heap        ] GC(399) ParOldGen: 103430K(349696K)->197639K(349696K)
[2026-03-22T19:50:04.663+0900][8.177s][info][gc,metaspace   ] GC(399) Metaspace: 340K(512K)->340K(512K) NonClass: 322K(384K)->322K(384K) Class: 17K(128K)->17K(128K)
[2026-03-22T19:50:04.663+0900][8.177s][info][gc             ] GC(399) Pause Young (Allocation Failure) 249M->203M(501M) 4.614ms
[2026-03-22T19:50:04.663+0900][8.177s][info][gc,cpu         ] GC(399) User=0.00s Sys=0.00s Real=0.00s
[2026-03-22T19:50:04.679+0900][8.192s][info][gc,start       ] GC(400) Pause Young (Allocation Failure)
[2026-03-22T19:50:04.683+0900][8.196s][info][gc,heap        ] GC(400) PSYoungGen: 163121K(163840K)->10560K(163840K) Eden: 152561K(153088K)->0K(153088K) From: 10560K(10752K)->10560K(10752K)
[2026-03-22T19:50:04.683+0900][8.196s][info][gc,heap        ] GC(400) ParOldGen: 197639K(349696K)->291999K(349696K)
[2026-03-22T19:50:04.683+0900][8.196s][info][gc,metaspace   ] GC(400) Metaspace: 340K(512K)->340K(512K) NonClass: 322K(384K)->322K(384K) Class: 17K(128K)->17K(128K)
[2026-03-22T19:50:04.683+0900][8.196s][info][gc             ] GC(400) Pause Young (Allocation Failure) 352M->295M(501M) 4.888ms
[2026-03-22T19:50:04.683+0900][8.196s][info][gc,cpu         ] GC(400) User=0.09s Sys=0.00s Real=0.00s
[2026-03-22T19:50:04.699+0900][8.211s][info][gc,start       ] GC(401) Pause Full (Ergonomics)
[2026-03-22T19:50:04.699+0900][8.211s][info][gc,phases,start] GC(401) Marking Phase
[2026-03-22T19:50:04.701+0900][8.213s][info][gc,phases      ] GC(401) Marking Phase 1.646ms
[2026-03-22T19:50:04.701+0900][8.213s][info][gc,phases,start] GC(401) Summary Phase
[2026-03-22T19:50:04.701+0900][8.213s][info][gc,phases      ] GC(401) Summary Phase 0.035ms
[2026-03-22T19:50:04.701+0900][8.213s][info][gc,phases,start] GC(401) Adjust Roots
[2026-03-22T19:50:04.701+0900][8.214s][info][gc,phases      ] GC(401) Adjust Roots 0.344ms
[2026-03-22T19:50:04.701+0900][8.214s][info][gc,phases,start] GC(401) Compaction Phase
[2026-03-22T19:50:04.707+0900][8.220s][info][gc,phases      ] GC(401) Compaction Phase 6.033ms
[2026-03-22T19:50:04.707+0900][8.220s][info][gc,phases,start] GC(401) Post Compact
[2026-03-22T19:50:04.709+0900][8.221s][info][gc,phases      ] GC(401) Post Compact 1.422ms
[2026-03-22T19:50:04.709+0900][8.221s][info][gc,heap        ] GC(401) PSYoungGen: 163121K(163840K)->0K(163840K) Eden: 152561K(153088K)->0K(153088K) From: 10560K(10752K)->0K(10752K)
[2026-03-22T19:50:04.709+0900][8.221s][info][gc,heap        ] GC(401) ParOldGen: 291999K(349696K)->103430K(349696K)
[2026-03-22T19:50:04.709+0900][8.221s][info][gc,metaspace   ] GC(401) Metaspace: 340K(512K)->340K(512K) NonClass: 322K(384K)->322K(384K) Class: 17K(128K)->17K(128K)
[2026-03-22T19:50:04.709+0900][8.221s][info][gc             ] GC(401) Pause Full (Ergonomics) 444M->101M(501M) 9.870ms
[2026-03-22T19:50:04.709+0900][8.221s][info][gc,cpu         ] GC(401) User=0.00s Sys=0.00s Real=0.01s
[2026-03-22T19:50:04.726+0900][8.239s][info][gc,start       ] GC(402) Pause Young (Allocation Failure)
[2026-03-22T19:50:04.731+0900][8.244s][info][gc,heap        ] GC(402) PSYoungGen: 152561K(163840K)->10560K(163840K) Eden: 152561K(153088K)->0K(153088K) From: 0K(10752K)->10560K(10752K)
[2026-03-22T19:50:04.731+0900][8.244s][info][gc,heap        ] GC(402) ParOldGen: 103430K(349696K)->197639K(349696K)
[2026-03-22T19:50:04.731+0900][8.244s][info][gc,metaspace   ] GC(402) Metaspace: 340K(512K)->340K(512K) NonClass: 322K(384K)->322K(384K) Class: 17K(128K)->17K(128K)
[2026-03-22T19:50:04.731+0900][8.244s][info][gc             ] GC(402) Pause Young (Allocation Failure) 249M->203M(501M) 4.782ms
[2026-03-22T19:50:04.731+0900][8.244s][info][gc,cpu         ] GC(402) User=0.09s Sys=0.00s Real=0.00s
[2026-03-22T19:50:04.745+0900][8.259s][info][gc,start       ] GC(403) Pause Young (Allocation Failure)
[2026-03-22T19:50:04.750+0900][8.263s][info][gc,heap        ] GC(403) PSYoungGen: 163121K(163840K)->10560K(163840K) Eden: 152561K(153088K)->0K(153088K) From: 10560K(10752K)->10560K(10752K)
[2026-03-22T19:50:04.750+0900][8.263s][info][gc,heap        ] GC(403) ParOldGen: 197639K(349696K)->291999K(349696K)
[2026-03-22T19:50:04.750+0900][8.263s][info][gc,metaspace   ] GC(403) Metaspace: 340K(512K)->340K(512K) NonClass: 322K(384K)->322K(384K) Class: 17K(128K)->17K(128K)
[2026-03-22T19:50:04.750+0900][8.263s][info][gc             ] GC(403) Pause Young (Allocation Failure) 352M->295M(501M) 4.721ms
[2026-03-22T19:50:04.750+0900][8.263s][info][gc,cpu         ] GC(403) User=0.00s Sys=0.00s Real=0.01s
[2026-03-22T19:50:04.767+0900][8.280s][info][gc,start       ] GC(404) Pause Full (Ergonomics)
[2026-03-22T19:50:04.767+0900][8.280s][info][gc,phases,start] GC(404) Marking Phase
[2026-03-22T19:50:04.768+0900][8.282s][info][gc,phases      ] GC(404) Marking Phase 1.772ms
[2026-03-22T19:50:04.768+0900][8.282s][info][gc,phases,start] GC(404) Summary Phase
[2026-03-22T19:50:04.768+0900][8.282s][info][gc,phases      ] GC(404) Summary Phase 0.024ms
[2026-03-22T19:50:04.769+0900][8.282s][info][gc,phases,start] GC(404) Adjust Roots
[2026-03-22T19:50:04.769+0900][8.282s][info][gc,phases      ] GC(404) Adjust Roots 0.275ms
[2026-03-22T19:50:04.769+0900][8.282s][info][gc,phases,start] GC(404) Compaction Phase
[2026-03-22T19:50:04.774+0900][8.288s][info][gc,phases      ] GC(404) Compaction Phase 5.394ms
[2026-03-22T19:50:04.774+0900][8.288s][info][gc,phases,start] GC(404) Post Compact
[2026-03-22T19:50:04.776+0900][8.289s][info][gc,phases      ] GC(404) Post Compact 1.758ms
[2026-03-22T19:50:04.776+0900][8.289s][info][gc,heap        ] GC(404) PSYoungGen: 163121K(163840K)->0K(163840K) Eden: 152561K(153088K)->0K(153088K) From: 10560K(10752K)->0K(10752K)
[2026-03-22T19:50:04.776+0900][8.289s][info][gc,heap        ] GC(404) ParOldGen: 291999K(349696K)->103430K(349696K)
[2026-03-22T19:50:04.776+0900][8.289s][info][gc,metaspace   ] GC(404) Metaspace: 340K(512K)->340K(512K) NonClass: 322K(384K)->322K(384K) Class: 17K(128K)->17K(128K)
[2026-03-22T19:50:04.776+0900][8.290s][info][gc             ] GC(404) Pause Full (Ergonomics) 444M->101M(501M) 9.594ms
[2026-03-22T19:50:04.776+0900][8.290s][info][gc,cpu         ] GC(404) User=0.02s Sys=0.00s Real=0.01s
[2026-03-22T19:50:04.793+0900][8.306s][info][gc,start       ] GC(405) Pause Young (Allocation Failure)
[2026-03-22T19:50:04.797+0900][8.310s][info][gc,heap        ] GC(405) PSYoungGen: 152561K(163840K)->10528K(163840K) Eden: 152561K(153088K)->0K(153088K) From: 0K(10752K)->10528K(10752K)
[2026-03-22T19:50:04.797+0900][8.310s][info][gc,heap        ] GC(405) ParOldGen: 103430K(349696K)->197639K(349696K)
[2026-03-22T19:50:04.797+0900][8.310s][info][gc,metaspace   ] GC(405) Metaspace: 340K(512K)->340K(512K) NonClass: 322K(384K)->322K(384K) Class: 17K(128K)->17K(128K)
[2026-03-22T19:50:04.797+0900][8.310s][info][gc             ] GC(405) Pause Young (Allocation Failure) 249M->203M(501M) 4.348ms
[2026-03-22T19:50:04.797+0900][8.310s][info][gc,cpu         ] GC(405) User=0.00s Sys=0.00s Real=0.00s
[2026-03-22T19:50:04.814+0900][8.327s][info][gc,start       ] GC(406) Pause Young (Allocation Failure)
[2026-03-22T19:50:04.818+0900][8.332s][info][gc,heap        ] GC(406) PSYoungGen: 163089K(163840K)->10560K(163840K) Eden: 152561K(153088K)->0K(153088K) From: 10528K(10752K)->10560K(10752K)
[2026-03-22T19:50:04.818+0900][8.332s][info][gc,heap        ] GC(406) ParOldGen: 197639K(349696K)->291999K(349696K)
[2026-03-22T19:50:04.818+0900][8.332s][info][gc,metaspace   ] GC(406) Metaspace: 340K(512K)->340K(512K) NonClass: 322K(384K)->322K(384K) Class: 17K(128K)->17K(128K)
[2026-03-22T19:50:04.818+0900][8.332s][info][gc             ] GC(406) Pause Young (Allocation Failure) 352M->295M(501M) 4.947ms
[2026-03-22T19:50:04.818+0900][8.332s][info][gc,cpu         ] GC(406) User=0.00s Sys=0.00s Real=0.00s
[2026-03-22T19:50:04.834+0900][8.347s][info][gc,start       ] GC(407) Pause Full (Ergonomics)
[2026-03-22T19:50:04.834+0900][8.347s][info][gc,phases,start] GC(407) Marking Phase
[2026-03-22T19:50:04.836+0900][8.349s][info][gc,phases      ] GC(407) Marking Phase 1.398ms
[2026-03-22T19:50:04.836+0900][8.349s][info][gc,phases,start] GC(407) Summary Phase
[2026-03-22T19:50:04.836+0900][8.349s][info][gc,phases      ] GC(407) Summary Phase 0.033ms
[2026-03-22T19:50:04.836+0900][8.349s][info][gc,phases,start] GC(407) Adjust Roots
[2026-03-22T19:50:04.836+0900][8.349s][info][gc,phases      ] GC(407) Adjust Roots 0.600ms
[2026-03-22T19:50:04.837+0900][8.350s][info][gc,phases,start] GC(407) Compaction Phase
[2026-03-22T19:50:04.842+0900][8.355s][info][gc,phases      ] GC(407) Compaction Phase 5.350ms
[2026-03-22T19:50:04.842+0900][8.355s][info][gc,phases,start] GC(407) Post Compact
[2026-03-22T19:50:04.844+0900][8.357s][info][gc,phases      ] GC(407) Post Compact 1.823ms
[2026-03-22T19:50:04.844+0900][8.357s][info][gc,heap        ] GC(407) PSYoungGen: 163121K(163840K)->0K(163840K) Eden: 152561K(153088K)->0K(153088K) From: 10560K(10752K)->0K(10752K)
[2026-03-22T19:50:04.844+0900][8.357s][info][gc,heap        ] GC(407) ParOldGen: 291999K(349696K)->103430K(349696K)
[2026-03-22T19:50:04.844+0900][8.357s][info][gc,metaspace   ] GC(407) Metaspace: 340K(512K)->340K(512K) NonClass: 322K(384K)->322K(384K) Class: 17K(128K)->17K(128K)
[2026-03-22T19:50:04.844+0900][8.357s][info][gc             ] GC(407) Pause Full (Ergonomics) 444M->101M(501M) 9.709ms
[2026-03-22T19:50:04.844+0900][8.357s][info][gc,cpu         ] GC(407) User=0.09s Sys=0.00s Real=0.01s
[2026-03-22T19:50:04.861+0900][8.374s][info][gc,start       ] GC(408) Pause Young (Allocation Failure)
[2026-03-22T19:50:04.865+0900][8.378s][info][gc,heap        ] GC(408) PSYoungGen: 152561K(163840K)->10528K(163840K) Eden: 152561K(153088K)->0K(153088K) From: 0K(10752K)->10528K(10752K)
[2026-03-22T19:50:04.865+0900][8.378s][info][gc,heap        ] GC(408) ParOldGen: 103430K(349696K)->197639K(349696K)
[2026-03-22T19:50:04.865+0900][8.378s][info][gc,metaspace   ] GC(408) Metaspace: 340K(512K)->340K(512K) NonClass: 322K(384K)->322K(384K) Class: 17K(128K)->17K(128K)
[2026-03-22T19:50:04.865+0900][8.378s][info][gc             ] GC(408) Pause Young (Allocation Failure) 249M->203M(501M) 4.454ms
[2026-03-22T19:50:04.865+0900][8.378s][info][gc,cpu         ] GC(408) User=0.00s Sys=0.00s Real=0.00s
[2026-03-22T19:50:04.882+0900][8.395s][info][gc,start       ] GC(409) Pause Young (Allocation Failure)
[2026-03-22T19:50:04.888+0900][8.400s][info][gc,heap        ] GC(409) PSYoungGen: 163089K(163840K)->10528K(163840K) Eden: 152561K(153088K)->0K(153088K) From: 10528K(10752K)->10528K(10752K)
[2026-03-22T19:50:04.888+0900][8.400s][info][gc,heap        ] GC(409) ParOldGen: 197639K(349696K)->291999K(349696K)
[2026-03-22T19:50:04.888+0900][8.400s][info][gc,metaspace   ] GC(409) Metaspace: 340K(512K)->340K(512K) NonClass: 322K(384K)->322K(384K) Class: 17K(128K)->17K(128K)
[2026-03-22T19:50:04.888+0900][8.400s][info][gc             ] GC(409) Pause Young (Allocation Failure) 352M->295M(501M) 5.566ms
[2026-03-22T19:50:04.888+0900][8.401s][info][gc,cpu         ] GC(409) User=0.09s Sys=0.00s Real=0.01s
[2026-03-22T19:50:04.904+0900][8.417s][info][gc,start       ] GC(410) Pause Full (Ergonomics)
[2026-03-22T19:50:04.904+0900][8.417s][info][gc,phases,start] GC(410) Marking Phase
[2026-03-22T19:50:04.906+0900][8.419s][info][gc,phases      ] GC(410) Marking Phase 1.424ms
[2026-03-22T19:50:04.906+0900][8.419s][info][gc,phases,start] GC(410) Summary Phase
[2026-03-22T19:50:04.906+0900][8.419s][info][gc,phases      ] GC(410) Summary Phase 0.036ms
[2026-03-22T19:50:04.906+0900][8.419s][info][gc,phases,start] GC(410) Adjust Roots
[2026-03-22T19:50:04.906+0900][8.419s][info][gc,phases      ] GC(410) Adjust Roots 0.241ms
[2026-03-22T19:50:04.906+0900][8.419s][info][gc,phases,start] GC(410) Compaction Phase
[2026-03-22T19:50:04.911+0900][8.424s][info][gc,phases      ] GC(410) Compaction Phase 4.809ms
[2026-03-22T19:50:04.911+0900][8.424s][info][gc,phases,start] GC(410) Post Compact
[2026-03-22T19:50:04.913+0900][8.425s][info][gc,phases      ] GC(410) Post Compact 1.574ms
[2026-03-22T19:50:04.913+0900][8.425s][info][gc,heap        ] GC(410) PSYoungGen: 163089K(163840K)->0K(163840K) Eden: 152561K(153088K)->0K(153088K) From: 10528K(10752K)->0K(10752K)
[2026-03-22T19:50:04.913+0900][8.425s][info][gc,heap        ] GC(410) ParOldGen: 291999K(349696K)->103430K(349696K)
[2026-03-22T19:50:04.913+0900][8.426s][info][gc,metaspace   ] GC(410) Metaspace: 340K(512K)->340K(512K) NonClass: 322K(384K)->322K(384K) Class: 17K(128K)->17K(128K)
[2026-03-22T19:50:04.913+0900][8.426s][info][gc             ] GC(410) Pause Full (Ergonomics) 444M->101M(501M) 8.509ms
[2026-03-22T19:50:04.913+0900][8.426s][info][gc,cpu         ] GC(410) User=0.00s Sys=0.00s Real=0.01s
[2026-03-22T19:50:04.929+0900][8.441s][info][gc,start       ] GC(411) Pause Young (Allocation Failure)
[2026-03-22T19:50:04.933+0900][8.446s][info][gc,heap        ] GC(411) PSYoungGen: 152561K(163840K)->10560K(163840K) Eden: 152561K(153088K)->0K(153088K) From: 0K(10752K)->10560K(10752K)
[2026-03-22T19:50:04.933+0900][8.446s][info][gc,heap        ] GC(411) ParOldGen: 103430K(349696K)->197639K(349696K)
[2026-03-22T19:50:04.933+0900][8.446s][info][gc,metaspace   ] GC(411) Metaspace: 340K(512K)->340K(512K) NonClass: 322K(384K)->322K(384K) Class: 17K(128K)->17K(128K)
[2026-03-22T19:50:04.933+0900][8.446s][info][gc             ] GC(411) Pause Young (Allocation Failure) 249M->203M(501M) 4.341ms
[2026-03-22T19:50:04.933+0900][8.446s][info][gc,cpu         ] GC(411) User=0.09s Sys=0.00s Real=0.00s
[2026-03-22T19:50:04.948+0900][8.460s][info][gc,start       ] GC(412) Pause Young (Allocation Failure)
[2026-03-22T19:50:04.952+0900][8.465s][info][gc,heap        ] GC(412) PSYoungGen: 163121K(163840K)->10528K(163840K) Eden: 152561K(153088K)->0K(153088K) From: 10560K(10752K)->10528K(10752K)
[2026-03-22T19:50:04.952+0900][8.465s][info][gc,heap        ] GC(412) ParOldGen: 197639K(349696K)->291999K(349696K)
[2026-03-22T19:50:04.952+0900][8.465s][info][gc,metaspace   ] GC(412) Metaspace: 340K(512K)->340K(512K) NonClass: 322K(384K)->322K(384K) Class: 17K(128K)->17K(128K)
[2026-03-22T19:50:04.952+0900][8.465s][info][gc             ] GC(412) Pause Young (Allocation Failure) 352M->295M(501M) 4.509ms
[2026-03-22T19:50:04.952+0900][8.465s][info][gc,cpu         ] GC(412) User=0.00s Sys=0.00s Real=0.00s
[2026-03-22T19:50:04.969+0900][8.481s][info][gc,start       ] GC(413) Pause Full (Ergonomics)
[2026-03-22T19:50:04.969+0900][8.482s][info][gc,phases,start] GC(413) Marking Phase
[2026-03-22T19:50:04.970+0900][8.483s][info][gc,phases      ] GC(413) Marking Phase 1.229ms
[2026-03-22T19:50:04.970+0900][8.483s][info][gc,phases,start] GC(413) Summary Phase
[2026-03-22T19:50:04.970+0900][8.483s][info][gc,phases      ] GC(413) Summary Phase 0.016ms
[2026-03-22T19:50:04.970+0900][8.483s][info][gc,phases,start] GC(413) Adjust Roots
[2026-03-22T19:50:04.970+0900][8.483s][info][gc,phases      ] GC(413) Adjust Roots 0.249ms
[2026-03-22T19:50:04.970+0900][8.483s][info][gc,phases,start] GC(413) Compaction Phase
[2026-03-22T19:50:04.975+0900][8.488s][info][gc,phases      ] GC(413) Compaction Phase 5.040ms
[2026-03-22T19:50:04.975+0900][8.488s][info][gc,phases,start] GC(413) Post Compact
[2026-03-22T19:50:04.977+0900][8.490s][info][gc,phases      ] GC(413) Post Compact 1.522ms
[2026-03-22T19:50:04.977+0900][8.490s][info][gc,heap        ] GC(413) PSYoungGen: 163089K(163840K)->0K(163840K) Eden: 152561K(153088K)->0K(153088K) From: 10528K(10752K)->0K(10752K)
[2026-03-22T19:50:04.977+0900][8.490s][info][gc,heap        ] GC(413) ParOldGen: 291999K(349696K)->103430K(349696K)
[2026-03-22T19:50:04.977+0900][8.490s][info][gc,metaspace   ] GC(413) Metaspace: 340K(512K)->340K(512K) NonClass: 322K(384K)->322K(384K) Class: 17K(128K)->17K(128K)
[2026-03-22T19:50:04.977+0900][8.490s][info][gc             ] GC(413) Pause Full (Ergonomics) 444M->101M(501M) 8.373ms
[2026-03-22T19:50:04.977+0900][8.490s][info][gc,cpu         ] GC(413) User=0.00s Sys=0.00s Real=0.01s
[2026-03-22T19:50:04.994+0900][8.506s][info][gc,start       ] GC(414) Pause Young (Allocation Failure)
[2026-03-22T19:50:04.997+0900][8.511s][info][gc,heap        ] GC(414) PSYoungGen: 152561K(163840K)->10528K(163840K) Eden: 152561K(153088K)->0K(153088K) From: 0K(10752K)->10528K(10752K)
[2026-03-22T19:50:04.997+0900][8.511s][info][gc,heap        ] GC(414) ParOldGen: 103430K(349696K)->197639K(349696K)
[2026-03-22T19:50:04.997+0900][8.511s][info][gc,metaspace   ] GC(414) Metaspace: 340K(512K)->340K(512K) NonClass: 322K(384K)->322K(384K) Class: 17K(128K)->17K(128K)
[2026-03-22T19:50:04.997+0900][8.511s][info][gc             ] GC(414) Pause Young (Allocation Failure) 249M->203M(501M) 4.607ms
[2026-03-22T19:50:04.997+0900][8.511s][info][gc,cpu         ] GC(414) User=0.08s Sys=0.02s Real=0.00s
[2026-03-22T19:50:05.013+0900][8.526s][info][gc,start       ] GC(415) Pause Young (Allocation Failure)
[2026-03-22T19:50:05.017+0900][8.530s][info][gc,heap        ] GC(415) PSYoungGen: 163089K(163840K)->10560K(163840K) Eden: 152561K(153088K)->0K(153088K) From: 10528K(10752K)->10560K(10752K)
[2026-03-22T19:50:05.017+0900][8.530s][info][gc,heap        ] GC(415) ParOldGen: 197639K(349696K)->291999K(349696K)
[2026-03-22T19:50:05.017+0900][8.530s][info][gc,metaspace   ] GC(415) Metaspace: 340K(512K)->340K(512K) NonClass: 322K(384K)->322K(384K) Class: 17K(128K)->17K(128K)
[2026-03-22T19:50:05.017+0900][8.530s][info][gc             ] GC(415) Pause Young (Allocation Failure) 352M->295M(501M) 4.877ms
[2026-03-22T19:50:05.017+0900][8.530s][info][gc,cpu         ] GC(415) User=0.00s Sys=0.00s Real=0.00s
[2026-03-22T19:50:05.033+0900][8.546s][info][gc,start       ] GC(416) Pause Full (Ergonomics)
[2026-03-22T19:50:05.033+0900][8.546s][info][gc,phases,start] GC(416) Marking Phase
[2026-03-22T19:50:05.035+0900][8.547s][info][gc,phases      ] GC(416) Marking Phase 1.534ms
[2026-03-22T19:50:05.035+0900][8.548s][info][gc,phases,start] GC(416) Summary Phase
[2026-03-22T19:50:05.035+0900][8.548s][info][gc,phases      ] GC(416) Summary Phase 0.030ms
[2026-03-22T19:50:05.035+0900][8.548s][info][gc,phases,start] GC(416) Adjust Roots
[2026-03-22T19:50:05.035+0900][8.548s][info][gc,phases      ] GC(416) Adjust Roots 0.188ms
[2026-03-22T19:50:05.035+0900][8.548s][info][gc,phases,start] GC(416) Compaction Phase
[2026-03-22T19:50:05.040+0900][8.553s][info][gc,phases      ] GC(416) Compaction Phase 5.460ms
[2026-03-22T19:50:05.040+0900][8.553s][info][gc,phases,start] GC(416) Post Compact
[2026-03-22T19:50:05.042+0900][8.555s][info][gc,phases      ] GC(416) Post Compact 1.503ms
[2026-03-22T19:50:05.042+0900][8.555s][info][gc,heap        ] GC(416) PSYoungGen: 163121K(163840K)->0K(163840K) Eden: 152561K(153088K)->0K(153088K) From: 10560K(10752K)->0K(10752K)
[2026-03-22T19:50:05.042+0900][8.555s][info][gc,heap        ] GC(416) ParOldGen: 291999K(349696K)->103430K(349696K)
[2026-03-22T19:50:05.042+0900][8.555s][info][gc,metaspace   ] GC(416) Metaspace: 340K(512K)->340K(512K) NonClass: 322K(384K)->322K(384K) Class: 17K(128K)->17K(128K)
[2026-03-22T19:50:05.042+0900][8.555s][info][gc             ] GC(416) Pause Full (Ergonomics) 444M->101M(501M) 9.049ms
[2026-03-22T19:50:05.042+0900][8.555s][info][gc,cpu         ] GC(416) User=0.02s Sys=0.00s Real=0.01s
[2026-03-22T19:50:05.057+0900][8.571s][info][gc,start       ] GC(417) Pause Young (Allocation Failure)
[2026-03-22T19:50:05.062+0900][8.576s][info][gc,heap        ] GC(417) PSYoungGen: 152561K(163840K)->10560K(163840K) Eden: 152561K(153088K)->0K(153088K) From: 0K(10752K)->10560K(10752K)
[2026-03-22T19:50:05.062+0900][8.576s][info][gc,heap        ] GC(417) ParOldGen: 103430K(349696K)->197639K(349696K)
[2026-03-22T19:50:05.062+0900][8.576s][info][gc,metaspace   ] GC(417) Metaspace: 340K(512K)->340K(512K) NonClass: 322K(384K)->322K(384K) Class: 17K(128K)->17K(128K)
[2026-03-22T19:50:05.062+0900][8.576s][info][gc             ] GC(417) Pause Young (Allocation Failure) 249M->203M(501M) 4.406ms
[2026-03-22T19:50:05.062+0900][8.576s][info][gc,cpu         ] GC(417) User=0.00s Sys=0.00s Real=0.01s
[2026-03-22T19:50:05.080+0900][8.592s][info][gc,start       ] GC(418) Pause Young (Allocation Failure)
[2026-03-22T19:50:05.084+0900][8.597s][info][gc,heap        ] GC(418) PSYoungGen: 163121K(163840K)->10560K(163840K) Eden: 152561K(153088K)->0K(153088K) From: 10560K(10752K)->10560K(10752K)
[2026-03-22T19:50:05.085+0900][8.597s][info][gc,heap        ] GC(418) ParOldGen: 197639K(349696K)->291999K(349696K)
[2026-03-22T19:50:05.085+0900][8.597s][info][gc,metaspace   ] GC(418) Metaspace: 340K(512K)->340K(512K) NonClass: 322K(384K)->322K(384K) Class: 17K(128K)->17K(128K)
[2026-03-22T19:50:05.085+0900][8.597s][info][gc             ] GC(418) Pause Young (Allocation Failure) 352M->295M(501M) 5.085ms
[2026-03-22T19:50:05.085+0900][8.597s][info][gc,cpu         ] GC(418) User=0.00s Sys=0.00s Real=0.01s
[2026-03-22T19:50:05.100+0900][8.613s][info][gc,start       ] GC(419) Pause Full (Ergonomics)
[2026-03-22T19:50:05.101+0900][8.613s][info][gc,phases,start] GC(419) Marking Phase
[2026-03-22T19:50:05.102+0900][8.615s][info][gc,phases      ] GC(419) Marking Phase 1.457ms
[2026-03-22T19:50:05.102+0900][8.615s][info][gc,phases,start] GC(419) Summary Phase
[2026-03-22T19:50:05.102+0900][8.615s][info][gc,phases      ] GC(419) Summary Phase 0.034ms
[2026-03-22T19:50:05.102+0900][8.615s][info][gc,phases,start] GC(419) Adjust Roots
[2026-03-22T19:50:05.102+0900][8.615s][info][gc,phases      ] GC(419) Adjust Roots 0.358ms
[2026-03-22T19:50:05.103+0900][8.615s][info][gc,phases,start] GC(419) Compaction Phase
[2026-03-22T19:50:05.108+0900][8.621s][info][gc,phases      ] GC(419) Compaction Phase 6.159ms
[2026-03-22T19:50:05.108+0900][8.621s][info][gc,phases,start] GC(419) Post Compact
[2026-03-22T19:50:05.110+0900][8.623s][info][gc,phases      ] GC(419) Post Compact 1.508ms
[2026-03-22T19:50:05.110+0900][8.623s][info][gc,heap        ] GC(419) PSYoungGen: 163121K(163840K)->0K(163840K) Eden: 152561K(153088K)->0K(153088K) From: 10560K(10752K)->0K(10752K)
[2026-03-22T19:50:05.110+0900][8.623s][info][gc,heap        ] GC(419) ParOldGen: 291999K(349696K)->103430K(349696K)
[2026-03-22T19:50:05.110+0900][8.623s][info][gc,metaspace   ] GC(419) Metaspace: 340K(512K)->340K(512K) NonClass: 322K(384K)->322K(384K) Class: 17K(128K)->17K(128K)
[2026-03-22T19:50:05.110+0900][8.623s][info][gc             ] GC(419) Pause Full (Ergonomics) 444M->101M(501M) 9.890ms
[2026-03-22T19:50:05.110+0900][8.623s][info][gc,cpu         ] GC(419) User=0.09s Sys=0.00s Real=0.01s
[2026-03-22T19:50:05.126+0900][8.639s][info][gc,start       ] GC(420) Pause Young (Allocation Failure)
[2026-03-22T19:50:05.130+0900][8.643s][info][gc,heap        ] GC(420) PSYoungGen: 152561K(163840K)->10560K(163840K) Eden: 152561K(153088K)->0K(153088K) From: 0K(10752K)->10560K(10752K)
[2026-03-22T19:50:05.130+0900][8.643s][info][gc,heap        ] GC(420) ParOldGen: 103430K(349696K)->197639K(349696K)
[2026-03-22T19:50:05.130+0900][8.643s][info][gc,metaspace   ] GC(420) Metaspace: 340K(512K)->340K(512K) NonClass: 322K(384K)->322K(384K) Class: 17K(128K)->17K(128K)
[2026-03-22T19:50:05.131+0900][8.643s][info][gc             ] GC(420) Pause Young (Allocation Failure) 249M->203M(501M) 4.278ms
[2026-03-22T19:50:05.131+0900][8.643s][info][gc,cpu         ] GC(420) User=0.00s Sys=0.00s Real=0.01s
[2026-03-22T19:50:05.147+0900][8.659s][info][gc,start       ] GC(421) Pause Young (Allocation Failure)
[2026-03-22T19:50:05.151+0900][8.664s][info][gc,heap        ] GC(421) PSYoungGen: 163121K(163840K)->10528K(163840K) Eden: 152561K(153088K)->0K(153088K) From: 10560K(10752K)->10528K(10752K)
[2026-03-22T19:50:05.151+0900][8.664s][info][gc,heap        ] GC(421) ParOldGen: 197639K(349696K)->291999K(349696K)
[2026-03-22T19:50:05.151+0900][8.664s][info][gc,metaspace   ] GC(421) Metaspace: 340K(512K)->340K(512K) NonClass: 322K(384K)->322K(384K) Class: 17K(128K)->17K(128K)
[2026-03-22T19:50:05.151+0900][8.664s][info][gc             ] GC(421) Pause Young (Allocation Failure) 352M->295M(501M) 4.394ms
[2026-03-22T19:50:05.151+0900][8.664s][info][gc,cpu         ] GC(421) User=0.09s Sys=0.00s Real=0.00s
[2026-03-22T19:50:05.166+0900][8.679s][info][gc,start       ] GC(422) Pause Full (Ergonomics)
[2026-03-22T19:50:05.166+0900][8.679s][info][gc,phases,start] GC(422) Marking Phase
[2026-03-22T19:50:05.168+0900][8.680s][info][gc,phases      ] GC(422) Marking Phase 1.258ms
[2026-03-22T19:50:05.168+0900][8.680s][info][gc,phases,start] GC(422) Summary Phase
[2026-03-22T19:50:05.168+0900][8.680s][info][gc,phases      ] GC(422) Summary Phase 0.096ms
[2026-03-22T19:50:05.168+0900][8.680s][info][gc,phases,start] GC(422) Adjust Roots
[2026-03-22T19:50:05.168+0900][8.681s][info][gc,phases      ] GC(422) Adjust Roots 0.302ms
[2026-03-22T19:50:05.168+0900][8.681s][info][gc,phases,start] GC(422) Compaction Phase
[2026-03-22T19:50:05.173+0900][8.686s][info][gc,phases      ] GC(422) Compaction Phase 5.105ms
[2026-03-22T19:50:05.174+0900][8.686s][info][gc,phases,start] GC(422) Post Compact
[2026-03-22T19:50:05.175+0900][8.688s][info][gc,phases      ] GC(422) Post Compact 1.523ms
[2026-03-22T19:50:05.175+0900][8.688s][info][gc,heap        ] GC(422) PSYoungGen: 163089K(163840K)->0K(163840K) Eden: 152561K(153088K)->0K(153088K) From: 10528K(10752K)->0K(10752K)
[2026-03-22T19:50:05.175+0900][8.688s][info][gc,heap        ] GC(422) ParOldGen: 291999K(349696K)->103430K(349696K)
[2026-03-22T19:50:05.175+0900][8.688s][info][gc,metaspace   ] GC(422) Metaspace: 340K(512K)->340K(512K) NonClass: 322K(384K)->322K(384K) Class: 17K(128K)->17K(128K)
[2026-03-22T19:50:05.175+0900][8.688s][info][gc             ] GC(422) Pause Full (Ergonomics) 444M->101M(501M) 8.776ms
[2026-03-22T19:50:05.175+0900][8.688s][info][gc,cpu         ] GC(422) User=0.00s Sys=0.00s Real=0.01s
[2026-03-22T19:50:05.191+0900][8.705s][info][gc,start       ] GC(423) Pause Young (Allocation Failure)
[2026-03-22T19:50:05.196+0900][8.709s][info][gc,heap        ] GC(423) PSYoungGen: 152561K(163840K)->10560K(163840K) Eden: 152561K(153088K)->0K(153088K) From: 0K(10752K)->10560K(10752K)
[2026-03-22T19:50:05.196+0900][8.709s][info][gc,heap        ] GC(423) ParOldGen: 103430K(349696K)->197639K(349696K)
[2026-03-22T19:50:05.196+0900][8.709s][info][gc,metaspace   ] GC(423) Metaspace: 340K(512K)->340K(512K) NonClass: 322K(384K)->322K(384K) Class: 17K(128K)->17K(128K)
[2026-03-22T19:50:05.196+0900][8.709s][info][gc             ] GC(423) Pause Young (Allocation Failure) 249M->203M(501M) 4.883ms
[2026-03-22T19:50:05.196+0900][8.709s][info][gc,cpu         ] GC(423) User=0.00s Sys=0.00s Real=0.01s
[2026-03-22T19:50:05.212+0900][8.724s][info][gc,start       ] GC(424) Pause Young (Allocation Failure)
[2026-03-22T19:50:05.216+0900][8.729s][info][gc,heap        ] GC(424) PSYoungGen: 163121K(163840K)->10560K(163840K) Eden: 152561K(153088K)->0K(153088K) From: 10560K(10752K)->10560K(10752K)
[2026-03-22T19:50:05.216+0900][8.729s][info][gc,heap        ] GC(424) ParOldGen: 197639K(349696K)->291999K(349696K)
[2026-03-22T19:50:05.216+0900][8.729s][info][gc,metaspace   ] GC(424) Metaspace: 340K(512K)->340K(512K) NonClass: 322K(384K)->322K(384K) Class: 17K(128K)->17K(128K)
[2026-03-22T19:50:05.216+0900][8.729s][info][gc             ] GC(424) Pause Young (Allocation Failure) 352M->295M(501M) 4.599ms
[2026-03-22T19:50:05.216+0900][8.729s][info][gc,cpu         ] GC(424) User=0.09s Sys=0.00s Real=0.00s
[2026-03-22T19:50:05.233+0900][8.746s][info][gc,start       ] GC(425) Pause Full (Ergonomics)
[2026-03-22T19:50:05.233+0900][8.746s][info][gc,phases,start] GC(425) Marking Phase
[2026-03-22T19:50:05.235+0900][8.748s][info][gc,phases      ] GC(425) Marking Phase 1.621ms
[2026-03-22T19:50:05.235+0900][8.748s][info][gc,phases,start] GC(425) Summary Phase
[2026-03-22T19:50:05.235+0900][8.748s][info][gc,phases      ] GC(425) Summary Phase 0.034ms
[2026-03-22T19:50:05.235+0900][8.748s][info][gc,phases,start] GC(425) Adjust Roots
[2026-03-22T19:50:05.235+0900][8.748s][info][gc,phases      ] GC(425) Adjust Roots 0.262ms
[2026-03-22T19:50:05.235+0900][8.748s][info][gc,phases,start] GC(425) Compaction Phase
[2026-03-22T19:50:05.240+0900][8.753s][info][gc,phases      ] GC(425) Compaction Phase 5.064ms
[2026-03-22T19:50:05.240+0900][8.753s][info][gc,phases,start] GC(425) Post Compact
[2026-03-22T19:50:05.242+0900][8.755s][info][gc,phases      ] GC(425) Post Compact 1.505ms
[2026-03-22T19:50:05.242+0900][8.755s][info][gc,heap        ] GC(425) PSYoungGen: 163121K(163840K)->0K(163840K) Eden: 152561K(153088K)->0K(153088K) From: 10560K(10752K)->0K(10752K)
[2026-03-22T19:50:05.242+0900][8.755s][info][gc,heap        ] GC(425) ParOldGen: 291999K(349696K)->103430K(349696K)
[2026-03-22T19:50:05.242+0900][8.755s][info][gc,metaspace   ] GC(425) Metaspace: 340K(512K)->340K(512K) NonClass: 322K(384K)->322K(384K) Class: 17K(128K)->17K(128K)
[2026-03-22T19:50:05.242+0900][8.755s][info][gc             ] GC(425) Pause Full (Ergonomics) 444M->101M(501M) 8.800ms
[2026-03-22T19:50:05.242+0900][8.755s][info][gc,cpu         ] GC(425) User=0.00s Sys=0.00s Real=0.01s
[2026-03-22T19:50:05.258+0900][8.771s][info][gc,start       ] GC(426) Pause Young (Allocation Failure)
[2026-03-22T19:50:05.262+0900][8.775s][info][gc,heap        ] GC(426) PSYoungGen: 152561K(163840K)->10528K(163840K) Eden: 152561K(153088K)->0K(153088K) From: 0K(10752K)->10528K(10752K)
[2026-03-22T19:50:05.262+0900][8.775s][info][gc,heap        ] GC(426) ParOldGen: 103430K(349696K)->197639K(349696K)
[2026-03-22T19:50:05.262+0900][8.775s][info][gc,metaspace   ] GC(426) Metaspace: 340K(512K)->340K(512K) NonClass: 322K(384K)->322K(384K) Class: 17K(128K)->17K(128K)
[2026-03-22T19:50:05.262+0900][8.775s][info][gc             ] GC(426) Pause Young (Allocation Failure) 249M->203M(501M) 4.491ms
[2026-03-22T19:50:05.262+0900][8.775s][info][gc,cpu         ] GC(426) User=0.09s Sys=0.00s Real=0.00s
[2026-03-22T19:50:05.277+0900][8.791s][info][gc,start       ] GC(427) Pause Young (Allocation Failure)
[2026-03-22T19:50:05.283+0900][8.796s][info][gc,heap        ] GC(427) PSYoungGen: 163089K(163840K)->10528K(163840K) Eden: 152561K(153088K)->0K(153088K) From: 10528K(10752K)->10528K(10752K)
[2026-03-22T19:50:05.283+0900][8.796s][info][gc,heap        ] GC(427) ParOldGen: 197639K(349696K)->291999K(349696K)
[2026-03-22T19:50:05.283+0900][8.796s][info][gc,metaspace   ] GC(427) Metaspace: 340K(512K)->340K(512K) NonClass: 322K(384K)->322K(384K) Class: 17K(128K)->17K(128K)
[2026-03-22T19:50:05.283+0900][8.796s][info][gc             ] GC(427) Pause Young (Allocation Failure) 352M->295M(501M) 5.517ms
[2026-03-22T19:50:05.283+0900][8.796s][info][gc,cpu         ] GC(427) User=0.00s Sys=0.00s Real=0.01s
[2026-03-22T19:50:05.300+0900][8.813s][info][gc,start       ] GC(428) Pause Full (Ergonomics)
[2026-03-22T19:50:05.300+0900][8.813s][info][gc,phases,start] GC(428) Marking Phase
[2026-03-22T19:50:05.302+0900][8.815s][info][gc,phases      ] GC(428) Marking Phase 1.473ms
[2026-03-22T19:50:05.302+0900][8.815s][info][gc,phases,start] GC(428) Summary Phase
[2026-03-22T19:50:05.302+0900][8.815s][info][gc,phases      ] GC(428) Summary Phase 0.022ms
[2026-03-22T19:50:05.302+0900][8.815s][info][gc,phases,start] GC(428) Adjust Roots
[2026-03-22T19:50:05.302+0900][8.815s][info][gc,phases      ] GC(428) Adjust Roots 0.239ms
[2026-03-22T19:50:05.302+0900][8.815s][info][gc,phases,start] GC(428) Compaction Phase
[2026-03-22T19:50:05.308+0900][8.821s][info][gc,phases      ] GC(428) Compaction Phase 5.588ms
[2026-03-22T19:50:05.308+0900][8.821s][info][gc,phases,start] GC(428) Post Compact
[2026-03-22T19:50:05.310+0900][8.823s][info][gc,phases      ] GC(428) Post Compact 2.362ms
[2026-03-22T19:50:05.310+0900][8.823s][info][gc,heap        ] GC(428) PSYoungGen: 163089K(163840K)->0K(163840K) Eden: 152561K(153088K)->0K(153088K) From: 10528K(10752K)->0K(10752K)
[2026-03-22T19:50:05.310+0900][8.823s][info][gc,heap        ] GC(428) ParOldGen: 291999K(349696K)->103430K(349696K)
[2026-03-22T19:50:05.310+0900][8.823s][info][gc,metaspace   ] GC(428) Metaspace: 340K(512K)->340K(512K) NonClass: 322K(384K)->322K(384K) Class: 17K(128K)->17K(128K)
[2026-03-22T19:50:05.310+0900][8.823s][info][gc             ] GC(428) Pause Full (Ergonomics) 444M->101M(501M) 10.063ms
[2026-03-22T19:50:05.310+0900][8.823s][info][gc,cpu         ] GC(428) User=0.08s Sys=0.02s Real=0.01s
[2026-03-22T19:50:05.330+0900][8.843s][info][gc,start       ] GC(429) Pause Young (Allocation Failure)
[2026-03-22T19:50:05.334+0900][8.847s][info][gc,heap        ] GC(429) PSYoungGen: 152561K(163840K)->10528K(163840K) Eden: 152561K(153088K)->0K(153088K) From: 0K(10752K)->10528K(10752K)
[2026-03-22T19:50:05.334+0900][8.847s][info][gc,heap        ] GC(429) ParOldGen: 103430K(349696K)->197639K(349696K)
[2026-03-22T19:50:05.334+0900][8.847s][info][gc,metaspace   ] GC(429) Metaspace: 340K(512K)->340K(512K) NonClass: 322K(384K)->322K(384K) Class: 17K(128K)->17K(128K)
[2026-03-22T19:50:05.334+0900][8.847s][info][gc             ] GC(429) Pause Young (Allocation Failure) 249M->203M(501M) 4.469ms
[2026-03-22T19:50:05.334+0900][8.847s][info][gc,cpu         ] GC(429) User=0.00s Sys=0.00s Real=0.00s
[2026-03-22T19:50:05.351+0900][8.864s][info][gc,start       ] GC(430) Pause Young (Allocation Failure)
[2026-03-22T19:50:05.356+0900][8.868s][info][gc,heap        ] GC(430) PSYoungGen: 163089K(163840K)->10560K(163840K) Eden: 152561K(153088K)->0K(153088K) From: 10528K(10752K)->10560K(10752K)
[2026-03-22T19:50:05.356+0900][8.868s][info][gc,heap        ] GC(430) ParOldGen: 197639K(349696K)->291999K(349696K)
[2026-03-22T19:50:05.356+0900][8.868s][info][gc,metaspace   ] GC(430) Metaspace: 340K(512K)->340K(512K) NonClass: 322K(384K)->322K(384K) Class: 17K(128K)->17K(128K)
[2026-03-22T19:50:05.356+0900][8.868s][info][gc             ] GC(430) Pause Young (Allocation Failure) 352M->295M(501M) 4.573ms
[2026-03-22T19:50:05.356+0900][8.869s][info][gc,cpu         ] GC(430) User=0.09s Sys=0.00s Real=0.00s
[2026-03-22T19:50:05.372+0900][8.884s][info][gc,start       ] GC(431) Pause Full (Ergonomics)
[2026-03-22T19:50:05.372+0900][8.884s][info][gc,phases,start] GC(431) Marking Phase
[2026-03-22T19:50:05.373+0900][8.886s][info][gc,phases      ] GC(431) Marking Phase 1.265ms
[2026-03-22T19:50:05.373+0900][8.886s][info][gc,phases,start] GC(431) Summary Phase
[2026-03-22T19:50:05.373+0900][8.886s][info][gc,phases      ] GC(431) Summary Phase 0.024ms
[2026-03-22T19:50:05.373+0900][8.886s][info][gc,phases,start] GC(431) Adjust Roots
[2026-03-22T19:50:05.373+0900][8.886s][info][gc,phases      ] GC(431) Adjust Roots 0.414ms
[2026-03-22T19:50:05.373+0900][8.886s][info][gc,phases,start] GC(431) Compaction Phase
[2026-03-22T19:50:05.378+0900][8.891s][info][gc,phases      ] GC(431) Compaction Phase 4.827ms
[2026-03-22T19:50:05.378+0900][8.891s][info][gc,phases,start] GC(431) Post Compact
[2026-03-22T19:50:05.380+0900][8.893s][info][gc,phases      ] GC(431) Post Compact 1.393ms
[2026-03-22T19:50:05.380+0900][8.893s][info][gc,heap        ] GC(431) PSYoungGen: 163121K(163840K)->0K(163840K) Eden: 152561K(153088K)->0K(153088K) From: 10560K(10752K)->0K(10752K)
[2026-03-22T19:50:05.380+0900][8.893s][info][gc,heap        ] GC(431) ParOldGen: 291999K(349696K)->103430K(349696K)
[2026-03-22T19:50:05.380+0900][8.893s][info][gc,metaspace   ] GC(431) Metaspace: 340K(512K)->340K(512K) NonClass: 322K(384K)->322K(384K) Class: 17K(128K)->17K(128K)
[2026-03-22T19:50:05.380+0900][8.893s][info][gc             ] GC(431) Pause Full (Ergonomics) 444M->101M(501M) 8.225ms
[2026-03-22T19:50:05.380+0900][8.893s][info][gc,cpu         ] GC(431) User=0.00s Sys=0.00s Real=0.01s
[2026-03-22T19:50:05.395+0900][8.908s][info][gc,start       ] GC(432) Pause Young (Allocation Failure)
[2026-03-22T19:50:05.399+0900][8.912s][info][gc,heap        ] GC(432) PSYoungGen: 152561K(163840K)->10560K(163840K) Eden: 152561K(153088K)->0K(153088K) From: 0K(10752K)->10560K(10752K)
[2026-03-22T19:50:05.399+0900][8.912s][info][gc,heap        ] GC(432) ParOldGen: 103430K(349696K)->197639K(349696K)
[2026-03-22T19:50:05.399+0900][8.912s][info][gc,metaspace   ] GC(432) Metaspace: 340K(512K)->340K(512K) NonClass: 322K(384K)->322K(384K) Class: 17K(128K)->17K(128K)
[2026-03-22T19:50:05.399+0900][8.912s][info][gc             ] GC(432) Pause Young (Allocation Failure) 249M->203M(501M) 4.124ms
[2026-03-22T19:50:05.399+0900][8.912s][info][gc,cpu         ] GC(432) User=0.00s Sys=0.00s Real=0.00s
[2026-03-22T19:50:05.416+0900][8.929s][info][gc,start       ] GC(433) Pause Young (Allocation Failure)
[2026-03-22T19:50:05.420+0900][8.933s][info][gc,heap        ] GC(433) PSYoungGen: 163121K(163840K)->10528K(163840K) Eden: 152561K(153088K)->0K(153088K) From: 10560K(10752K)->10528K(10752K)
[2026-03-22T19:50:05.420+0900][8.933s][info][gc,heap        ] GC(433) ParOldGen: 197639K(349696K)->291999K(349696K)
[2026-03-22T19:50:05.420+0900][8.933s][info][gc,metaspace   ] GC(433) Metaspace: 340K(512K)->340K(512K) NonClass: 322K(384K)->322K(384K) Class: 17K(128K)->17K(128K)
[2026-03-22T19:50:05.420+0900][8.933s][info][gc             ] GC(433) Pause Young (Allocation Failure) 352M->295M(501M) 4.560ms
[2026-03-22T19:50:05.420+0900][8.933s][info][gc,cpu         ] GC(433) User=0.00s Sys=0.00s Real=0.00s
[2026-03-22T19:50:05.437+0900][8.951s][info][gc,start       ] GC(434) Pause Full (Ergonomics)
[2026-03-22T19:50:05.437+0900][8.951s][info][gc,phases,start] GC(434) Marking Phase
[2026-03-22T19:50:05.438+0900][8.952s][info][gc,phases      ] GC(434) Marking Phase 1.073ms
[2026-03-22T19:50:05.438+0900][8.952s][info][gc,phases,start] GC(434) Summary Phase
[2026-03-22T19:50:05.438+0900][8.952s][info][gc,phases      ] GC(434) Summary Phase 0.020ms
[2026-03-22T19:50:05.438+0900][8.952s][info][gc,phases,start] GC(434) Adjust Roots
[2026-03-22T19:50:05.439+0900][8.952s][info][gc,phases      ] GC(434) Adjust Roots 0.277ms
[2026-03-22T19:50:05.439+0900][8.952s][info][gc,phases,start] GC(434) Compaction Phase
[2026-03-22T19:50:05.445+0900][8.957s][info][gc,phases      ] GC(434) Compaction Phase 5.073ms
[2026-03-22T19:50:05.445+0900][8.957s][info][gc,phases,start] GC(434) Post Compact
[2026-03-22T19:50:05.446+0900][8.959s][info][gc,phases      ] GC(434) Post Compact 1.564ms
[2026-03-22T19:50:05.446+0900][8.959s][info][gc,heap        ] GC(434) PSYoungGen: 163089K(163840K)->0K(163840K) Eden: 152561K(153088K)->0K(153088K) From: 10528K(10752K)->0K(10752K)
[2026-03-22T19:50:05.446+0900][8.959s][info][gc,heap        ] GC(434) ParOldGen: 291999K(349696K)->103430K(349696K)
[2026-03-22T19:50:05.446+0900][8.959s][info][gc,metaspace   ] GC(434) Metaspace: 340K(512K)->340K(512K) NonClass: 322K(384K)->322K(384K) Class: 17K(128K)->17K(128K)
[2026-03-22T19:50:05.446+0900][8.959s][info][gc             ] GC(434) Pause Full (Ergonomics) 444M->101M(501M) 8.405ms
[2026-03-22T19:50:05.446+0900][8.959s][info][gc,cpu         ] GC(434) User=0.00s Sys=0.00s Real=0.01s
[2026-03-22T19:50:05.464+0900][8.977s][info][gc,start       ] GC(435) Pause Young (Allocation Failure)
[2026-03-22T19:50:05.469+0900][8.981s][info][gc,heap        ] GC(435) PSYoungGen: 152561K(163840K)->10528K(163840K) Eden: 152561K(153088K)->0K(153088K) From: 0K(10752K)->10528K(10752K)
[2026-03-22T19:50:05.469+0900][8.981s][info][gc,heap        ] GC(435) ParOldGen: 103430K(349696K)->197639K(349696K)
[2026-03-22T19:50:05.469+0900][8.981s][info][gc,metaspace   ] GC(435) Metaspace: 340K(512K)->340K(512K) NonClass: 322K(384K)->322K(384K) Class: 17K(128K)->17K(128K)
[2026-03-22T19:50:05.469+0900][8.981s][info][gc             ] GC(435) Pause Young (Allocation Failure) 249M->203M(501M) 4.479ms
[2026-03-22T19:50:05.469+0900][8.981s][info][gc,cpu         ] GC(435) User=0.00s Sys=0.00s Real=0.01s
[2026-03-22T19:50:05.485+0900][8.998s][info][gc,start       ] GC(436) Pause Young (Allocation Failure)
[2026-03-22T19:50:05.489+0900][9.002s][info][gc,heap        ] GC(436) PSYoungGen: 163089K(163840K)->10528K(163840K) Eden: 152561K(153088K)->0K(153088K) From: 10528K(10752K)->10528K(10752K)
[2026-03-22T19:50:05.489+0900][9.003s][info][gc,heap        ] GC(436) ParOldGen: 197639K(349696K)->291999K(349696K)
[2026-03-22T19:50:05.489+0900][9.003s][info][gc,metaspace   ] GC(436) Metaspace: 340K(512K)->340K(512K) NonClass: 322K(384K)->322K(384K) Class: 17K(128K)->17K(128K)
[2026-03-22T19:50:05.490+0900][9.003s][info][gc             ] GC(436) Pause Young (Allocation Failure) 352M->295M(501M) 4.272ms
[2026-03-22T19:50:05.490+0900][9.003s][info][gc,cpu         ] GC(436) User=0.00s Sys=0.00s Real=0.01s
[2026-03-22T19:50:05.506+0900][9.019s][info][gc,start       ] GC(437) Pause Full (Ergonomics)
[2026-03-22T19:50:05.506+0900][9.019s][info][gc,phases,start] GC(437) Marking Phase
[2026-03-22T19:50:05.507+0900][9.021s][info][gc,phases      ] GC(437) Marking Phase 1.264ms
[2026-03-22T19:50:05.508+0900][9.021s][info][gc,phases,start] GC(437) Summary Phase
[2026-03-22T19:50:05.508+0900][9.021s][info][gc,phases      ] GC(437) Summary Phase 0.032ms
[2026-03-22T19:50:05.508+0900][9.021s][info][gc,phases,start] GC(437) Adjust Roots
[2026-03-22T19:50:05.508+0900][9.021s][info][gc,phases      ] GC(437) Adjust Roots 0.262ms
[2026-03-22T19:50:05.508+0900][9.021s][info][gc,phases,start] GC(437) Compaction Phase
[2026-03-22T19:50:05.513+0900][9.026s][info][gc,phases      ] GC(437) Compaction Phase 5.370ms
[2026-03-22T19:50:05.513+0900][9.026s][info][gc,phases,start] GC(437) Post Compact
[2026-03-22T19:50:05.516+0900][9.028s][info][gc,phases      ] GC(437) Post Compact 1.825ms
[2026-03-22T19:50:05.516+0900][9.028s][info][gc,heap        ] GC(437) PSYoungGen: 163089K(163840K)->0K(163840K) Eden: 152561K(153088K)->0K(153088K) From: 10528K(10752K)->0K(10752K)
[2026-03-22T19:50:05.516+0900][9.028s][info][gc,heap        ] GC(437) ParOldGen: 291999K(349696K)->103430K(349696K)
[2026-03-22T19:50:05.516+0900][9.028s][info][gc,metaspace   ] GC(437) Metaspace: 340K(512K)->340K(512K) NonClass: 322K(384K)->322K(384K) Class: 17K(128K)->17K(128K)
[2026-03-22T19:50:05.516+0900][9.028s][info][gc             ] GC(437) Pause Full (Ergonomics) 444M->101M(501M) 9.184ms
[2026-03-22T19:50:05.516+0900][9.028s][info][gc,cpu         ] GC(437) User=0.09s Sys=0.00s Real=0.01s
[2026-03-22T19:50:05.531+0900][9.045s][info][gc,start       ] GC(438) Pause Young (Allocation Failure)
[2026-03-22T19:50:05.536+0900][9.049s][info][gc,heap        ] GC(438) PSYoungGen: 152561K(163840K)->10560K(163840K) Eden: 152561K(153088K)->0K(153088K) From: 0K(10752K)->10560K(10752K)
[2026-03-22T19:50:05.536+0900][9.049s][info][gc,heap        ] GC(438) ParOldGen: 103430K(349696K)->197639K(349696K)
[2026-03-22T19:50:05.536+0900][9.049s][info][gc,metaspace   ] GC(438) Metaspace: 340K(512K)->340K(512K) NonClass: 322K(384K)->322K(384K) Class: 17K(128K)->17K(128K)
[2026-03-22T19:50:05.536+0900][9.049s][info][gc             ] GC(438) Pause Young (Allocation Failure) 249M->203M(501M) 4.201ms
[2026-03-22T19:50:05.536+0900][9.049s][info][gc,cpu         ] GC(438) User=0.00s Sys=0.00s Real=0.01s
[2026-03-22T19:50:05.554+0900][9.067s][info][gc,start       ] GC(439) Pause Young (Allocation Failure)
[2026-03-22T19:50:05.558+0900][9.071s][info][gc,heap        ] GC(439) PSYoungGen: 163121K(163840K)->10528K(163840K) Eden: 152561K(153088K)->0K(153088K) From: 10560K(10752K)->10528K(10752K)
[2026-03-22T19:50:05.558+0900][9.071s][info][gc,heap        ] GC(439) ParOldGen: 197639K(349696K)->291999K(349696K)
[2026-03-22T19:50:05.558+0900][9.071s][info][gc,metaspace   ] GC(439) Metaspace: 340K(512K)->340K(512K) NonClass: 322K(384K)->322K(384K) Class: 17K(128K)->17K(128K)
[2026-03-22T19:50:05.558+0900][9.071s][info][gc             ] GC(439) Pause Young (Allocation Failure) 352M->295M(501M) 4.141ms
[2026-03-22T19:50:05.558+0900][9.071s][info][gc,cpu         ] GC(439) User=0.09s Sys=0.00s Real=0.00s
[2026-03-22T19:50:05.575+0900][9.088s][info][gc,start       ] GC(440) Pause Full (Ergonomics)
[2026-03-22T19:50:05.575+0900][9.088s][info][gc,phases,start] GC(440) Marking Phase
[2026-03-22T19:50:05.577+0900][9.089s][info][gc,phases      ] GC(440) Marking Phase 1.140ms
[2026-03-22T19:50:05.577+0900][9.089s][info][gc,phases,start] GC(440) Summary Phase
[2026-03-22T19:50:05.577+0900][9.089s][info][gc,phases      ] GC(440) Summary Phase 0.017ms
[2026-03-22T19:50:05.577+0900][9.089s][info][gc,phases,start] GC(440) Adjust Roots
[2026-03-22T19:50:05.577+0900][9.089s][info][gc,phases      ] GC(440) Adjust Roots 0.205ms
[2026-03-22T19:50:05.577+0900][9.089s][info][gc,phases,start] GC(440) Compaction Phase
[2026-03-22T19:50:05.582+0900][9.094s][info][gc,phases      ] GC(440) Compaction Phase 4.765ms
[2026-03-22T19:50:05.582+0900][9.094s][info][gc,phases,start] GC(440) Post Compact
[2026-03-22T19:50:05.583+0900][9.096s][info][gc,phases      ] GC(440) Post Compact 1.518ms
[2026-03-22T19:50:05.583+0900][9.096s][info][gc,heap        ] GC(440) PSYoungGen: 163089K(163840K)->0K(163840K) Eden: 152561K(153088K)->0K(153088K) From: 10528K(10752K)->0K(10752K)
[2026-03-22T19:50:05.583+0900][9.096s][info][gc,heap        ] GC(440) ParOldGen: 291999K(349696K)->103430K(349696K)
[2026-03-22T19:50:05.583+0900][9.096s][info][gc,metaspace   ] GC(440) Metaspace: 340K(512K)->340K(512K) NonClass: 322K(384K)->322K(384K) Class: 17K(128K)->17K(128K)
[2026-03-22T19:50:05.583+0900][9.096s][info][gc             ] GC(440) Pause Full (Ergonomics) 444M->101M(501M) 7.935ms
[2026-03-22T19:50:05.583+0900][9.096s][info][gc,cpu         ] GC(440) User=0.00s Sys=0.00s Real=0.01s
[2026-03-22T19:50:05.599+0900][9.112s][info][gc,start       ] GC(441) Pause Young (Allocation Failure)
[2026-03-22T19:50:05.603+0900][9.116s][info][gc,heap        ] GC(441) PSYoungGen: 152561K(163840K)->10528K(163840K) Eden: 152561K(153088K)->0K(153088K) From: 0K(10752K)->10528K(10752K)
[2026-03-22T19:50:05.603+0900][9.116s][info][gc,heap        ] GC(441) ParOldGen: 103430K(349696K)->197639K(349696K)
[2026-03-22T19:50:05.603+0900][9.116s][info][gc,metaspace   ] GC(441) Metaspace: 340K(512K)->340K(512K) NonClass: 322K(384K)->322K(384K) Class: 17K(128K)->17K(128K)
[2026-03-22T19:50:05.603+0900][9.116s][info][gc             ] GC(441) Pause Young (Allocation Failure) 249M->203M(501M) 4.445ms
[2026-03-22T19:50:05.603+0900][9.116s][info][gc,cpu         ] GC(441) User=0.00s Sys=0.00s Real=0.00s
[2026-03-22T19:50:05.618+0900][9.131s][info][gc,start       ] GC(442) Pause Young (Allocation Failure)
[2026-03-22T19:50:05.622+0900][9.136s][info][gc,heap        ] GC(442) PSYoungGen: 163089K(163840K)->10528K(163840K) Eden: 152561K(153088K)->0K(153088K) From: 10528K(10752K)->10528K(10752K)
[2026-03-22T19:50:05.622+0900][9.136s][info][gc,heap        ] GC(442) ParOldGen: 197639K(349696K)->291999K(349696K)
[2026-03-22T19:50:05.622+0900][9.136s][info][gc,metaspace   ] GC(442) Metaspace: 340K(512K)->340K(512K) NonClass: 322K(384K)->322K(384K) Class: 17K(128K)->17K(128K)
[2026-03-22T19:50:05.623+0900][9.136s][info][gc             ] GC(442) Pause Young (Allocation Failure) 352M->295M(501M) 4.551ms
[2026-03-22T19:50:05.623+0900][9.136s][info][gc,cpu         ] GC(442) User=0.08s Sys=0.02s Real=0.00s
[2026-03-22T19:50:05.637+0900][9.150s][info][gc,start       ] GC(443) Pause Full (Ergonomics)
[2026-03-22T19:50:05.637+0900][9.151s][info][gc,phases,start] GC(443) Marking Phase
[2026-03-22T19:50:05.639+0900][9.152s][info][gc,phases      ] GC(443) Marking Phase 1.267ms
[2026-03-22T19:50:05.639+0900][9.152s][info][gc,phases,start] GC(443) Summary Phase
[2026-03-22T19:50:05.639+0900][9.152s][info][gc,phases      ] GC(443) Summary Phase 0.021ms
[2026-03-22T19:50:05.639+0900][9.152s][info][gc,phases,start] GC(443) Adjust Roots
[2026-03-22T19:50:05.639+0900][9.152s][info][gc,phases      ] GC(443) Adjust Roots 0.298ms
[2026-03-22T19:50:05.639+0900][9.152s][info][gc,phases,start] GC(443) Compaction Phase
[2026-03-22T19:50:05.644+0900][9.157s][info][gc,phases      ] GC(443) Compaction Phase 4.740ms
[2026-03-22T19:50:05.644+0900][9.157s][info][gc,phases,start] GC(443) Post Compact
[2026-03-22T19:50:05.646+0900][9.159s][info][gc,phases      ] GC(443) Post Compact 2.089ms
[2026-03-22T19:50:05.646+0900][9.159s][info][gc,heap        ] GC(443) PSYoungGen: 163089K(163840K)->0K(163840K) Eden: 152561K(153088K)->0K(153088K) From: 10528K(10752K)->0K(10752K)
[2026-03-22T19:50:05.646+0900][9.159s][info][gc,heap        ] GC(443) ParOldGen: 291999K(349696K)->103430K(349696K)
[2026-03-22T19:50:05.646+0900][9.159s][info][gc,metaspace   ] GC(443) Metaspace: 340K(512K)->340K(512K) NonClass: 322K(384K)->322K(384K) Class: 17K(128K)->17K(128K)
[2026-03-22T19:50:05.646+0900][9.159s][info][gc             ] GC(443) Pause Full (Ergonomics) 444M->101M(501M) 8.754ms
[2026-03-22T19:50:05.646+0900][9.159s][info][gc,cpu         ] GC(443) User=0.00s Sys=0.00s Real=0.01s
[2026-03-22T19:50:05.663+0900][9.176s][info][gc,start       ] GC(444) Pause Young (Allocation Failure)
[2026-03-22T19:50:05.667+0900][9.180s][info][gc,heap        ] GC(444) PSYoungGen: 152561K(163840K)->10528K(163840K) Eden: 152561K(153088K)->0K(153088K) From: 0K(10752K)->10528K(10752K)
[2026-03-22T19:50:05.667+0900][9.180s][info][gc,heap        ] GC(444) ParOldGen: 103430K(349696K)->197639K(349696K)
[2026-03-22T19:50:05.667+0900][9.180s][info][gc,metaspace   ] GC(444) Metaspace: 340K(512K)->340K(512K) NonClass: 322K(384K)->322K(384K) Class: 17K(128K)->17K(128K)
[2026-03-22T19:50:05.667+0900][9.180s][info][gc             ] GC(444) Pause Young (Allocation Failure) 249M->203M(501M) 4.276ms
[2026-03-22T19:50:05.667+0900][9.181s][info][gc,cpu         ] GC(444) User=0.09s Sys=0.00s Real=0.00s
[2026-03-22T19:50:05.684+0900][9.197s][info][gc,start       ] GC(445) Pause Young (Allocation Failure)
[2026-03-22T19:50:05.688+0900][9.202s][info][gc,heap        ] GC(445) PSYoungGen: 163089K(163840K)->10560K(163840K) Eden: 152561K(153088K)->0K(153088K) From: 10528K(10752K)->10560K(10752K)
[2026-03-22T19:50:05.688+0900][9.202s][info][gc,heap        ] GC(445) ParOldGen: 197639K(349696K)->291999K(349696K)
[2026-03-22T19:50:05.688+0900][9.202s][info][gc,metaspace   ] GC(445) Metaspace: 340K(512K)->340K(512K) NonClass: 322K(384K)->322K(384K) Class: 17K(128K)->17K(128K)
[2026-03-22T19:50:05.688+0900][9.202s][info][gc             ] GC(445) Pause Young (Allocation Failure) 352M->295M(501M) 4.520ms
[2026-03-22T19:50:05.688+0900][9.202s][info][gc,cpu         ] GC(445) User=0.00s Sys=0.00s Real=0.00s
[2026-03-22T19:50:05.704+0900][9.217s][info][gc,start       ] GC(446) Pause Full (Ergonomics)
[2026-03-22T19:50:05.704+0900][9.217s][info][gc,phases,start] GC(446) Marking Phase
[2026-03-22T19:50:05.705+0900][9.218s][info][gc,phases      ] GC(446) Marking Phase 1.188ms
[2026-03-22T19:50:05.705+0900][9.218s][info][gc,phases,start] GC(446) Summary Phase
[2026-03-22T19:50:05.705+0900][9.218s][info][gc,phases      ] GC(446) Summary Phase 0.021ms
[2026-03-22T19:50:05.705+0900][9.218s][info][gc,phases,start] GC(446) Adjust Roots
[2026-03-22T19:50:05.705+0900][9.219s][info][gc,phases      ] GC(446) Adjust Roots 0.237ms
[2026-03-22T19:50:05.705+0900][9.219s][info][gc,phases,start] GC(446) Compaction Phase
[2026-03-22T19:50:05.711+0900][9.224s][info][gc,phases      ] GC(446) Compaction Phase 5.339ms
[2026-03-22T19:50:05.711+0900][9.224s][info][gc,phases,start] GC(446) Post Compact
[2026-03-22T19:50:05.713+0900][9.226s][info][gc,phases      ] GC(446) Post Compact 1.644ms
[2026-03-22T19:50:05.713+0900][9.226s][info][gc,heap        ] GC(446) PSYoungGen: 163121K(163840K)->0K(163840K) Eden: 152561K(153088K)->0K(153088K) From: 10560K(10752K)->0K(10752K)
[2026-03-22T19:50:05.713+0900][9.226s][info][gc,heap        ] GC(446) ParOldGen: 291999K(349696K)->103430K(349696K)
[2026-03-22T19:50:05.713+0900][9.226s][info][gc,metaspace   ] GC(446) Metaspace: 340K(512K)->340K(512K) NonClass: 322K(384K)->322K(384K) Class: 17K(128K)->17K(128K)
[2026-03-22T19:50:05.713+0900][9.226s][info][gc             ] GC(446) Pause Full (Ergonomics) 444M->101M(501M) 8.783ms
[2026-03-22T19:50:05.713+0900][9.226s][info][gc,cpu         ] GC(446) User=0.00s Sys=0.02s Real=0.01s
[2026-03-22T19:50:05.727+0900][9.240s][info][gc,start       ] GC(447) Pause Young (Allocation Failure)
[2026-03-22T19:50:05.732+0900][9.245s][info][gc,heap        ] GC(447) PSYoungGen: 152561K(163840K)->10528K(163840K) Eden: 152561K(153088K)->0K(153088K) From: 0K(10752K)->10528K(10752K)
[2026-03-22T19:50:05.732+0900][9.245s][info][gc,heap        ] GC(447) ParOldGen: 103430K(349696K)->197639K(349696K)
[2026-03-22T19:50:05.732+0900][9.245s][info][gc,metaspace   ] GC(447) Metaspace: 340K(512K)->340K(512K) NonClass: 322K(384K)->322K(384K) Class: 17K(128K)->17K(128K)
[2026-03-22T19:50:05.732+0900][9.245s][info][gc             ] GC(447) Pause Young (Allocation Failure) 249M->203M(501M) 4.429ms
[2026-03-22T19:50:05.732+0900][9.245s][info][gc,cpu         ] GC(447) User=0.09s Sys=0.00s Real=0.01s
[2026-03-22T19:50:05.746+0900][9.259s][info][gc,start       ] GC(448) Pause Young (Allocation Failure)
[2026-03-22T19:50:05.751+0900][9.264s][info][gc,heap        ] GC(448) PSYoungGen: 163089K(163840K)->10560K(163840K) Eden: 152561K(153088K)->0K(153088K) From: 10528K(10752K)->10560K(10752K)
[2026-03-22T19:50:05.751+0900][9.264s][info][gc,heap        ] GC(448) ParOldGen: 197639K(349696K)->291999K(349696K)
[2026-03-22T19:50:05.751+0900][9.264s][info][gc,metaspace   ] GC(448) Metaspace: 340K(512K)->340K(512K) NonClass: 322K(384K)->322K(384K) Class: 17K(128K)->17K(128K)
[2026-03-22T19:50:05.751+0900][9.264s][info][gc             ] GC(448) Pause Young (Allocation Failure) 352M->295M(501M) 4.552ms
[2026-03-22T19:50:05.751+0900][9.264s][info][gc,cpu         ] GC(448) User=0.00s Sys=0.00s Real=0.00s
[2026-03-22T19:50:05.766+0900][9.279s][info][gc,start       ] GC(449) Pause Full (Ergonomics)
[2026-03-22T19:50:05.766+0900][9.280s][info][gc,phases,start] GC(449) Marking Phase
[2026-03-22T19:50:05.768+0900][9.281s][info][gc,phases      ] GC(449) Marking Phase 1.404ms
[2026-03-22T19:50:05.768+0900][9.281s][info][gc,phases,start] GC(449) Summary Phase
[2026-03-22T19:50:05.768+0900][9.281s][info][gc,phases      ] GC(449) Summary Phase 0.016ms
[2026-03-22T19:50:05.768+0900][9.281s][info][gc,phases,start] GC(449) Adjust Roots
[2026-03-22T19:50:05.768+0900][9.281s][info][gc,phases      ] GC(449) Adjust Roots 0.373ms
[2026-03-22T19:50:05.768+0900][9.281s][info][gc,phases,start] GC(449) Compaction Phase
[2026-03-22T19:50:05.774+0900][9.287s][info][gc,phases      ] GC(449) Compaction Phase 5.948ms
[2026-03-22T19:50:05.774+0900][9.288s][info][gc,phases,start] GC(449) Post Compact
[2026-03-22T19:50:05.776+0900][9.289s][info][gc,phases      ] GC(449) Post Compact 1.701ms
[2026-03-22T19:50:05.776+0900][9.289s][info][gc,heap        ] GC(449) PSYoungGen: 163121K(163840K)->0K(163840K) Eden: 152561K(153088K)->0K(153088K) From: 10560K(10752K)->0K(10752K)
[2026-03-22T19:50:05.776+0900][9.289s][info][gc,heap        ] GC(449) ParOldGen: 291999K(349696K)->103195K(349696K)
[2026-03-22T19:50:05.776+0900][9.289s][info][gc,metaspace   ] GC(449) Metaspace: 340K(512K)->340K(512K) NonClass: 322K(384K)->322K(384K) Class: 17K(128K)->17K(128K)
[2026-03-22T19:50:05.776+0900][9.289s][info][gc             ] GC(449) Pause Full (Ergonomics) 444M->100M(501M) 9.927ms
[2026-03-22T19:50:05.776+0900][9.289s][info][gc,cpu         ] GC(449) User=0.00s Sys=0.02s Real=0.01s
[2026-03-22T19:50:05.791+0900][9.304s][info][gc,start       ] GC(450) Pause Young (Allocation Failure)
[2026-03-22T19:50:05.796+0900][9.308s][info][gc,heap        ] GC(450) PSYoungGen: 152561K(163840K)->10528K(163840K) Eden: 152561K(153088K)->0K(153088K) From: 0K(10752K)->10528K(10752K)
[2026-03-22T19:50:05.796+0900][9.309s][info][gc,heap        ] GC(450) ParOldGen: 103195K(349696K)->197403K(349696K)
[2026-03-22T19:50:05.796+0900][9.309s][info][gc,metaspace   ] GC(450) Metaspace: 340K(512K)->340K(512K) NonClass: 322K(384K)->322K(384K) Class: 17K(128K)->17K(128K)
[2026-03-22T19:50:05.796+0900][9.309s][info][gc             ] GC(450) Pause Young (Allocation Failure) 249M->203M(501M) 4.636ms
[2026-03-22T19:50:05.796+0900][9.309s][info][gc,cpu         ] GC(450) User=0.00s Sys=0.00s Real=0.01s
[2026-03-22T19:50:05.813+0900][9.326s][info][gc,start       ] GC(451) Pause Young (Allocation Failure)
[2026-03-22T19:50:05.819+0900][9.331s][info][gc,heap        ] GC(451) PSYoungGen: 163089K(163840K)->10528K(163840K) Eden: 152561K(153088K)->0K(153088K) From: 10528K(10752K)->10528K(10752K)
[2026-03-22T19:50:05.819+0900][9.331s][info][gc,heap        ] GC(451) ParOldGen: 197403K(349696K)->291764K(349696K)
[2026-03-22T19:50:05.819+0900][9.331s][info][gc,metaspace   ] GC(451) Metaspace: 340K(512K)->340K(512K) NonClass: 322K(384K)->322K(384K) Class: 17K(128K)->17K(128K)
[2026-03-22T19:50:05.819+0900][9.331s][info][gc             ] GC(451) Pause Young (Allocation Failure) 352M->295M(501M) 4.933ms
[2026-03-22T19:50:05.819+0900][9.331s][info][gc,cpu         ] GC(451) User=0.00s Sys=0.00s Real=0.01s
[2026-03-22T19:50:05.834+0900][9.347s][info][gc,start       ] GC(452) Pause Full (Ergonomics)
[2026-03-22T19:50:05.834+0900][9.347s][info][gc,phases,start] GC(452) Marking Phase
[2026-03-22T19:50:05.835+0900][9.349s][info][gc,phases      ] GC(452) Marking Phase 1.539ms
[2026-03-22T19:50:05.835+0900][9.349s][info][gc,phases,start] GC(452) Summary Phase
[2026-03-22T19:50:05.836+0900][9.349s][info][gc,phases      ] GC(452) Summary Phase 0.035ms
[2026-03-22T19:50:05.836+0900][9.349s][info][gc,phases,start] GC(452) Adjust Roots
[2026-03-22T19:50:05.836+0900][9.349s][info][gc,phases      ] GC(452) Adjust Roots 0.251ms
[2026-03-22T19:50:05.836+0900][9.349s][info][gc,phases,start] GC(452) Compaction Phase
[2026-03-22T19:50:05.842+0900][9.355s][info][gc,phases      ] GC(452) Compaction Phase 5.829ms
[2026-03-22T19:50:05.842+0900][9.355s][info][gc,phases,start] GC(452) Post Compact
[2026-03-22T19:50:05.843+0900][9.356s][info][gc,phases      ] GC(452) Post Compact 1.559ms
[2026-03-22T19:50:05.843+0900][9.356s][info][gc,heap        ] GC(452) PSYoungGen: 163089K(163840K)->0K(163840K) Eden: 152561K(153088K)->0K(153088K) From: 10528K(10752K)->0K(10752K)
[2026-03-22T19:50:05.843+0900][9.356s][info][gc,heap        ] GC(452) ParOldGen: 291764K(349696K)->103430K(349696K)
[2026-03-22T19:50:05.843+0900][9.356s][info][gc,metaspace   ] GC(452) Metaspace: 340K(512K)->340K(512K) NonClass: 322K(384K)->322K(384K) Class: 17K(128K)->17K(128K)
[2026-03-22T19:50:05.843+0900][9.356s][info][gc             ] GC(452) Pause Full (Ergonomics) 444M->101M(501M) 9.527ms
[2026-03-22T19:50:05.843+0900][9.356s][info][gc,cpu         ] GC(452) User=0.08s Sys=0.00s Real=0.01s
[2026-03-22T19:50:05.860+0900][9.373s][info][gc,start       ] GC(453) Pause Young (Allocation Failure)
[2026-03-22T19:50:05.865+0900][9.377s][info][gc,heap        ] GC(453) PSYoungGen: 152561K(163840K)->10528K(163840K) Eden: 152561K(153088K)->0K(153088K) From: 0K(10752K)->10528K(10752K)
[2026-03-22T19:50:05.865+0900][9.377s][info][gc,heap        ] GC(453) ParOldGen: 103430K(349696K)->197639K(349696K)
[2026-03-22T19:50:05.865+0900][9.377s][info][gc,metaspace   ] GC(453) Metaspace: 340K(512K)->340K(512K) NonClass: 322K(384K)->322K(384K) Class: 17K(128K)->17K(128K)
[2026-03-22T19:50:05.865+0900][9.377s][info][gc             ] GC(453) Pause Young (Allocation Failure) 249M->203M(501M) 4.463ms
[2026-03-22T19:50:05.865+0900][9.377s][info][gc,cpu         ] GC(453) User=0.00s Sys=0.00s Real=0.01s
[2026-03-22T19:50:05.882+0900][9.395s][info][gc,start       ] GC(454) Pause Young (Allocation Failure)
[2026-03-22T19:50:05.888+0900][9.401s][info][gc,heap        ] GC(454) PSYoungGen: 163089K(163840K)->10560K(163840K) Eden: 152561K(153088K)->0K(153088K) From: 10528K(10752K)->10560K(10752K)
[2026-03-22T19:50:05.888+0900][9.401s][info][gc,heap        ] GC(454) ParOldGen: 197639K(349696K)->291999K(349696K)
[2026-03-22T19:50:05.888+0900][9.401s][info][gc,metaspace   ] GC(454) Metaspace: 340K(512K)->340K(512K) NonClass: 322K(384K)->322K(384K) Class: 17K(128K)->17K(128K)
[2026-03-22T19:50:05.888+0900][9.401s][info][gc             ] GC(454) Pause Young (Allocation Failure) 352M->295M(501M) 5.784ms
[2026-03-22T19:50:05.888+0900][9.401s][info][gc,cpu         ] GC(454) User=0.09s Sys=0.00s Real=0.01s
[2026-03-22T19:50:05.905+0900][9.418s][info][gc,start       ] GC(455) Pause Full (Ergonomics)
[2026-03-22T19:50:05.905+0900][9.418s][info][gc,phases,start] GC(455) Marking Phase
[2026-03-22T19:50:05.906+0900][9.420s][info][gc,phases      ] GC(455) Marking Phase 1.532ms
[2026-03-22T19:50:05.906+0900][9.420s][info][gc,phases,start] GC(455) Summary Phase
[2026-03-22T19:50:05.906+0900][9.420s][info][gc,phases      ] GC(455) Summary Phase 0.019ms
[2026-03-22T19:50:05.906+0900][9.420s][info][gc,phases,start] GC(455) Adjust Roots
[2026-03-22T19:50:05.907+0900][9.420s][info][gc,phases      ] GC(455) Adjust Roots 0.258ms
[2026-03-22T19:50:05.907+0900][9.420s][info][gc,phases,start] GC(455) Compaction Phase
[2026-03-22T19:50:05.912+0900][9.425s][info][gc,phases      ] GC(455) Compaction Phase 5.159ms
[2026-03-22T19:50:05.912+0900][9.425s][info][gc,phases,start] GC(455) Post Compact
[2026-03-22T19:50:05.913+0900][9.427s][info][gc,phases      ] GC(455) Post Compact 1.554ms
[2026-03-22T19:50:05.913+0900][9.427s][info][gc,heap        ] GC(455) PSYoungGen: 163121K(163840K)->0K(163840K) Eden: 152561K(153088K)->0K(153088K) From: 10560K(10752K)->0K(10752K)
[2026-03-22T19:50:05.913+0900][9.427s][info][gc,heap        ] GC(455) ParOldGen: 291999K(349696K)->103430K(349696K)
[2026-03-22T19:50:05.913+0900][9.427s][info][gc,metaspace   ] GC(455) Metaspace: 340K(512K)->340K(512K) NonClass: 322K(384K)->322K(384K) Class: 17K(128K)->17K(128K)
[2026-03-22T19:50:05.913+0900][9.427s][info][gc             ] GC(455) Pause Full (Ergonomics) 444M->101M(501M) 8.815ms
[2026-03-22T19:50:05.914+0900][9.427s][info][gc,cpu         ] GC(455) User=0.00s Sys=0.00s Real=0.01s
[2026-03-22T19:50:05.929+0900][9.442s][info][gc,start       ] GC(456) Pause Young (Allocation Failure)
[2026-03-22T19:50:05.934+0900][9.447s][info][gc,heap        ] GC(456) PSYoungGen: 152561K(163840K)->10560K(163840K) Eden: 152561K(153088K)->0K(153088K) From: 0K(10752K)->10560K(10752K)
[2026-03-22T19:50:05.934+0900][9.447s][info][gc,heap        ] GC(456) ParOldGen: 103430K(349696K)->197639K(349696K)
[2026-03-22T19:50:05.934+0900][9.447s][info][gc,metaspace   ] GC(456) Metaspace: 340K(512K)->340K(512K) NonClass: 322K(384K)->322K(384K) Class: 17K(128K)->17K(128K)
[2026-03-22T19:50:05.934+0900][9.447s][info][gc             ] GC(456) Pause Young (Allocation Failure) 249M->203M(501M) 5.005ms
[2026-03-22T19:50:05.934+0900][9.447s][info][gc,cpu         ] GC(456) User=0.08s Sys=0.02s Real=0.01s
[2026-03-22T19:50:05.950+0900][9.463s][info][gc,start       ] GC(457) Pause Young (Allocation Failure)
[2026-03-22T19:50:05.955+0900][9.467s][info][gc,heap        ] GC(457) PSYoungGen: 163121K(163840K)->10528K(163840K) Eden: 152561K(153088K)->0K(153088K) From: 10560K(10752K)->10528K(10752K)
[2026-03-22T19:50:05.955+0900][9.467s][info][gc,heap        ] GC(457) ParOldGen: 197639K(349696K)->291999K(349696K)
[2026-03-22T19:50:05.955+0900][9.467s][info][gc,metaspace   ] GC(457) Metaspace: 340K(512K)->340K(512K) NonClass: 322K(384K)->322K(384K) Class: 17K(128K)->17K(128K)
[2026-03-22T19:50:05.955+0900][9.467s][info][gc             ] GC(457) Pause Young (Allocation Failure) 352M->295M(501M) 4.811ms
[2026-03-22T19:50:05.955+0900][9.467s][info][gc,cpu         ] GC(457) User=0.00s Sys=0.00s Real=0.00s
[2026-03-22T19:50:05.971+0900][9.483s][info][gc,start       ] GC(458) Pause Full (Ergonomics)
[2026-03-22T19:50:05.971+0900][9.483s][info][gc,phases,start] GC(458) Marking Phase
[2026-03-22T19:50:05.972+0900][9.485s][info][gc,phases      ] GC(458) Marking Phase 1.192ms
[2026-03-22T19:50:05.972+0900][9.485s][info][gc,phases,start] GC(458) Summary Phase
[2026-03-22T19:50:05.972+0900][9.485s][info][gc,phases      ] GC(458) Summary Phase 0.015ms
[2026-03-22T19:50:05.972+0900][9.485s][info][gc,phases,start] GC(458) Adjust Roots
[2026-03-22T19:50:05.972+0900][9.485s][info][gc,phases      ] GC(458) Adjust Roots 0.202ms
[2026-03-22T19:50:05.972+0900][9.485s][info][gc,phases,start] GC(458) Compaction Phase
[2026-03-22T19:50:05.978+0900][9.490s][info][gc,phases      ] GC(458) Compaction Phase 5.417ms
[2026-03-22T19:50:05.978+0900][9.490s][info][gc,phases,start] GC(458) Post Compact
[2026-03-22T19:50:05.979+0900][9.492s][info][gc,phases      ] GC(458) Post Compact 1.700ms
[2026-03-22T19:50:05.979+0900][9.492s][info][gc,heap        ] GC(458) PSYoungGen: 163089K(163840K)->0K(163840K) Eden: 152561K(153088K)->0K(153088K) From: 10528K(10752K)->0K(10752K)
[2026-03-22T19:50:05.979+0900][9.492s][info][gc,heap        ] GC(458) ParOldGen: 291999K(349696K)->103430K(349696K)
[2026-03-22T19:50:05.979+0900][9.492s][info][gc,metaspace   ] GC(458) Metaspace: 340K(512K)->340K(512K) NonClass: 322K(384K)->322K(384K) Class: 17K(128K)->17K(128K)
[2026-03-22T19:50:05.979+0900][9.492s][info][gc             ] GC(458) Pause Full (Ergonomics) 444M->101M(501M) 8.865ms
[2026-03-22T19:50:05.979+0900][9.492s][info][gc,cpu         ] GC(458) User=0.02s Sys=0.00s Real=0.01s
[2026-03-22T19:50:05.994+0900][9.507s][info][gc,start       ] GC(459) Pause Young (Allocation Failure)
[2026-03-22T19:50:05.998+0900][9.511s][info][gc,heap        ] GC(459) PSYoungGen: 152561K(163840K)->10528K(163840K) Eden: 152561K(153088K)->0K(153088K) From: 0K(10752K)->10528K(10752K)
[2026-03-22T19:50:05.998+0900][9.511s][info][gc,heap        ] GC(459) ParOldGen: 103430K(349696K)->197639K(349696K)
[2026-03-22T19:50:05.998+0900][9.511s][info][gc,metaspace   ] GC(459) Metaspace: 340K(512K)->340K(512K) NonClass: 322K(384K)->322K(384K) Class: 17K(128K)->17K(128K)
[2026-03-22T19:50:05.999+0900][9.511s][info][gc             ] GC(459) Pause Young (Allocation Failure) 249M->203M(501M) 4.468ms
[2026-03-22T19:50:05.999+0900][9.511s][info][gc,cpu         ] GC(459) User=0.02s Sys=0.00s Real=0.01s
[2026-03-22T19:50:06.015+0900][9.528s][info][gc,start       ] GC(460) Pause Young (Allocation Failure)
[2026-03-22T19:50:06.020+0900][9.533s][info][gc,heap        ] GC(460) PSYoungGen: 163089K(163840K)->10528K(163840K) Eden: 152561K(153088K)->0K(153088K) From: 10528K(10752K)->10528K(10752K)
[2026-03-22T19:50:06.020+0900][9.533s][info][gc,heap        ] GC(460) ParOldGen: 197639K(349696K)->291999K(349696K)
[2026-03-22T19:50:06.020+0900][9.533s][info][gc,metaspace   ] GC(460) Metaspace: 340K(512K)->340K(512K) NonClass: 322K(384K)->322K(384K) Class: 17K(128K)->17K(128K)
[2026-03-22T19:50:06.020+0900][9.533s][info][gc             ] GC(460) Pause Young (Allocation Failure) 352M->295M(501M) 5.266ms
[2026-03-22T19:50:06.020+0900][9.533s][info][gc,cpu         ] GC(460) User=0.00s Sys=0.00s Real=0.00s
[2026-03-22T19:50:06.034+0900][9.548s][info][gc,start       ] GC(461) Pause Full (Ergonomics)
[2026-03-22T19:50:06.035+0900][9.548s][info][gc,phases,start] GC(461) Marking Phase
[2026-03-22T19:50:06.036+0900][9.549s][info][gc,phases      ] GC(461) Marking Phase 1.549ms
[2026-03-22T19:50:06.036+0900][9.549s][info][gc,phases,start] GC(461) Summary Phase
[2026-03-22T19:50:06.036+0900][9.549s][info][gc,phases      ] GC(461) Summary Phase 0.015ms
[2026-03-22T19:50:06.036+0900][9.549s][info][gc,phases,start] GC(461) Adjust Roots
[2026-03-22T19:50:06.036+0900][9.550s][info][gc,phases      ] GC(461) Adjust Roots 0.285ms
[2026-03-22T19:50:06.036+0900][9.550s][info][gc,phases,start] GC(461) Compaction Phase
[2026-03-22T19:50:06.043+0900][9.556s][info][gc,phases      ] GC(461) Compaction Phase 6.195ms
[2026-03-22T19:50:06.043+0900][9.556s][info][gc,phases,start] GC(461) Post Compact
[2026-03-22T19:50:06.044+0900][9.557s][info][gc,phases      ] GC(461) Post Compact 1.382ms
[2026-03-22T19:50:06.044+0900][9.557s][info][gc,heap        ] GC(461) PSYoungGen: 163089K(163840K)->0K(163840K) Eden: 152561K(153088K)->0K(153088K) From: 10528K(10752K)->0K(10752K)
[2026-03-22T19:50:06.044+0900][9.557s][info][gc,heap        ] GC(461) ParOldGen: 291999K(349696K)->103430K(349696K)
[2026-03-22T19:50:06.044+0900][9.557s][info][gc,metaspace   ] GC(461) Metaspace: 340K(512K)->340K(512K) NonClass: 322K(384K)->322K(384K) Class: 17K(128K)->17K(128K)
[2026-03-22T19:50:06.044+0900][9.557s][info][gc             ] GC(461) Pause Full (Ergonomics) 444M->101M(501M) 9.707ms
[2026-03-22T19:50:06.044+0900][9.557s][info][gc,cpu         ] GC(461) User=0.08s Sys=0.00s Real=0.01s
[2026-03-22T19:50:06.061+0900][9.574s][info][gc,start       ] GC(462) Pause Young (Allocation Failure)
[2026-03-22T19:50:06.065+0900][9.578s][info][gc,heap        ] GC(462) PSYoungGen: 152561K(163840K)->10528K(163840K) Eden: 152561K(153088K)->0K(153088K) From: 0K(10752K)->10528K(10752K)
[2026-03-22T19:50:06.065+0900][9.578s][info][gc,heap        ] GC(462) ParOldGen: 103430K(349696K)->197639K(349696K)
[2026-03-22T19:50:06.065+0900][9.578s][info][gc,metaspace   ] GC(462) Metaspace: 340K(512K)->340K(512K) NonClass: 322K(384K)->322K(384K) Class: 17K(128K)->17K(128K)
[2026-03-22T19:50:06.065+0900][9.578s][info][gc             ] GC(462) Pause Young (Allocation Failure) 249M->203M(501M) 4.411ms
[2026-03-22T19:50:06.065+0900][9.578s][info][gc,cpu         ] GC(462) User=0.00s Sys=0.00s Real=0.00s
[2026-03-22T19:50:06.081+0900][9.594s][info][gc,start       ] GC(463) Pause Young (Allocation Failure)
[2026-03-22T19:50:06.086+0900][9.599s][info][gc,heap        ] GC(463) PSYoungGen: 163089K(163840K)->10528K(163840K) Eden: 152561K(153088K)->0K(153088K) From: 10528K(10752K)->10528K(10752K)
[2026-03-22T19:50:06.086+0900][9.599s][info][gc,heap        ] GC(463) ParOldGen: 197639K(349696K)->291999K(349696K)
[2026-03-22T19:50:06.086+0900][9.599s][info][gc,metaspace   ] GC(463) Metaspace: 340K(512K)->340K(512K) NonClass: 322K(384K)->322K(384K) Class: 17K(128K)->17K(128K)
[2026-03-22T19:50:06.086+0900][9.599s][info][gc             ] GC(463) Pause Young (Allocation Failure) 352M->295M(501M) 5.076ms
[2026-03-22T19:50:06.086+0900][9.599s][info][gc,cpu         ] GC(463) User=0.00s Sys=0.00s Real=0.00s
[2026-03-22T19:50:06.100+0900][9.614s][info][gc,start       ] GC(464) Pause Full (Ergonomics)
[2026-03-22T19:50:06.100+0900][9.614s][info][gc,phases,start] GC(464) Marking Phase
[2026-03-22T19:50:06.102+0900][9.615s][info][gc,phases      ] GC(464) Marking Phase 1.493ms
[2026-03-22T19:50:06.102+0900][9.615s][info][gc,phases,start] GC(464) Summary Phase
[2026-03-22T19:50:06.102+0900][9.615s][info][gc,phases      ] GC(464) Summary Phase 0.014ms
[2026-03-22T19:50:06.102+0900][9.615s][info][gc,phases,start] GC(464) Adjust Roots
[2026-03-22T19:50:06.102+0900][9.615s][info][gc,phases      ] GC(464) Adjust Roots 0.203ms
[2026-03-22T19:50:06.102+0900][9.615s][info][gc,phases,start] GC(464) Compaction Phase
[2026-03-22T19:50:06.108+0900][9.622s][info][gc,phases      ] GC(464) Compaction Phase 6.260ms
[2026-03-22T19:50:06.108+0900][9.622s][info][gc,phases,start] GC(464) Post Compact
[2026-03-22T19:50:06.109+0900][9.623s][info][gc,phases      ] GC(464) Post Compact 1.379ms
[2026-03-22T19:50:06.109+0900][9.623s][info][gc,heap        ] GC(464) PSYoungGen: 163089K(163840K)->0K(163840K) Eden: 152561K(153088K)->0K(153088K) From: 10528K(10752K)->0K(10752K)
[2026-03-22T19:50:06.109+0900][9.623s][info][gc,heap        ] GC(464) ParOldGen: 291999K(349696K)->103430K(349696K)
[2026-03-22T19:50:06.109+0900][9.623s][info][gc,metaspace   ] GC(464) Metaspace: 340K(512K)->340K(512K) NonClass: 322K(384K)->322K(384K) Class: 17K(128K)->17K(128K)
[2026-03-22T19:50:06.109+0900][9.623s][info][gc             ] GC(464) Pause Full (Ergonomics) 444M->101M(501M) 9.660ms
[2026-03-22T19:50:06.109+0900][9.623s][info][gc,cpu         ] GC(464) User=0.06s Sys=0.00s Real=0.01s
[2026-03-22T19:50:06.127+0900][9.639s][info][gc,start       ] GC(465) Pause Young (Allocation Failure)
[2026-03-22T19:50:06.131+0900][9.644s][info][gc,heap        ] GC(465) PSYoungGen: 152561K(163840K)->10528K(163840K) Eden: 152561K(153088K)->0K(153088K) From: 0K(10752K)->10528K(10752K)
[2026-03-22T19:50:06.131+0900][9.644s][info][gc,heap        ] GC(465) ParOldGen: 103430K(349696K)->197639K(349696K)
[2026-03-22T19:50:06.131+0900][9.644s][info][gc,metaspace   ] GC(465) Metaspace: 340K(512K)->340K(512K) NonClass: 322K(384K)->322K(384K) Class: 17K(128K)->17K(128K)
[2026-03-22T19:50:06.131+0900][9.644s][info][gc             ] GC(465) Pause Young (Allocation Failure) 249M->203M(501M) 4.262ms
[2026-03-22T19:50:06.131+0900][9.644s][info][gc,cpu         ] GC(465) User=0.00s Sys=0.00s Real=0.00s
[2026-03-22T19:50:06.146+0900][9.659s][info][gc,start       ] GC(466) Pause Young (Allocation Failure)
[2026-03-22T19:50:06.151+0900][9.663s][info][gc,heap        ] GC(466) PSYoungGen: 163089K(163840K)->10528K(163840K) Eden: 152561K(153088K)->0K(153088K) From: 10528K(10752K)->10528K(10752K)
[2026-03-22T19:50:06.159+0900][9.672s][info][gc,heap        ] GC(466) ParOldGen: 197639K(349696K)->291999K(349696K)
[2026-03-22T19:50:06.159+0900][9.672s][info][gc,metaspace   ] GC(466) Metaspace: 340K(512K)->340K(512K) NonClass: 322K(384K)->322K(384K) Class: 17K(128K)->17K(128K)
[2026-03-22T19:50:06.159+0900][9.672s][info][gc             ] GC(466) Pause Young (Allocation Failure) 352M->295M(501M) 13.242ms
[2026-03-22T19:50:06.159+0900][9.672s][info][gc,cpu         ] GC(466) User=0.02s Sys=0.00s Real=0.01s
[2026-03-22T19:50:06.176+0900][9.689s][info][gc,start       ] GC(467) Pause Full (Ergonomics)
[2026-03-22T19:50:06.176+0900][9.689s][info][gc,phases,start] GC(467) Marking Phase
[2026-03-22T19:50:06.177+0900][9.691s][info][gc,phases      ] GC(467) Marking Phase 1.382ms
[2026-03-22T19:50:06.177+0900][9.691s][info][gc,phases,start] GC(467) Summary Phase
[2026-03-22T19:50:06.177+0900][9.691s][info][gc,phases      ] GC(467) Summary Phase 0.019ms
[2026-03-22T19:50:06.177+0900][9.691s][info][gc,phases,start] GC(467) Adjust Roots
[2026-03-22T19:50:06.177+0900][9.691s][info][gc,phases      ] GC(467) Adjust Roots 0.253ms
[2026-03-22T19:50:06.177+0900][9.691s][info][gc,phases,start] GC(467) Compaction Phase
[2026-03-22T19:50:06.183+0900][9.696s][info][gc,phases      ] GC(467) Compaction Phase 5.163ms
[2026-03-22T19:50:06.184+0900][9.696s][info][gc,phases,start] GC(467) Post Compact
[2026-03-22T19:50:06.185+0900][9.698s][info][gc,phases      ] GC(467) Post Compact 1.573ms
[2026-03-22T19:50:06.185+0900][9.698s][info][gc,heap        ] GC(467) PSYoungGen: 163089K(163840K)->0K(163840K) Eden: 152561K(153088K)->0K(153088K) From: 10528K(10752K)->0K(10752K)
[2026-03-22T19:50:06.185+0900][9.698s][info][gc,heap        ] GC(467) ParOldGen: 291999K(349696K)->103430K(349696K)
[2026-03-22T19:50:06.185+0900][9.698s][info][gc,metaspace   ] GC(467) Metaspace: 340K(512K)->340K(512K) NonClass: 322K(384K)->322K(384K) Class: 17K(128K)->17K(128K)
[2026-03-22T19:50:06.185+0900][9.698s][info][gc             ] GC(467) Pause Full (Ergonomics) 444M->101M(501M) 8.657ms
[2026-03-22T19:50:06.185+0900][9.698s][info][gc,cpu         ] GC(467) User=0.09s Sys=0.00s Real=0.01s
[2026-03-22T19:50:06.201+0900][9.714s][info][gc,start       ] GC(468) Pause Young (Allocation Failure)
[2026-03-22T19:50:06.206+0900][9.718s][info][gc,heap        ] GC(468) PSYoungGen: 152561K(163840K)->10560K(163840K) Eden: 152561K(153088K)->0K(153088K) From: 0K(10752K)->10560K(10752K)
[2026-03-22T19:50:06.206+0900][9.719s][info][gc,heap        ] GC(468) ParOldGen: 103430K(349696K)->197639K(349696K)
[2026-03-22T19:50:06.206+0900][9.719s][info][gc,metaspace   ] GC(468) Metaspace: 340K(512K)->340K(512K) NonClass: 322K(384K)->322K(384K) Class: 17K(128K)->17K(128K)
[2026-03-22T19:50:06.206+0900][9.719s][info][gc             ] GC(468) Pause Young (Allocation Failure) 249M->203M(501M) 4.576ms
[2026-03-22T19:50:06.206+0900][9.719s][info][gc,cpu         ] GC(468) User=0.00s Sys=0.00s Real=0.01s
[2026-03-22T19:50:06.221+0900][9.734s][info][gc,start       ] GC(469) Pause Young (Allocation Failure)
[2026-03-22T19:50:06.226+0900][9.739s][info][gc,heap        ] GC(469) PSYoungGen: 163121K(163840K)->10560K(163840K) Eden: 152561K(153088K)->0K(153088K) From: 10560K(10752K)->10560K(10752K)
[2026-03-22T19:50:06.226+0900][9.739s][info][gc,heap        ] GC(469) ParOldGen: 197639K(349696K)->291999K(349696K)
[2026-03-22T19:50:06.226+0900][9.739s][info][gc,metaspace   ] GC(469) Metaspace: 340K(512K)->340K(512K) NonClass: 322K(384K)->322K(384K) Class: 17K(128K)->17K(128K)
[2026-03-22T19:50:06.226+0900][9.739s][info][gc             ] GC(469) Pause Young (Allocation Failure) 352M->295M(501M) 4.679ms
[2026-03-22T19:50:06.226+0900][9.739s][info][gc,cpu         ] GC(469) User=0.00s Sys=0.00s Real=0.01s
[2026-03-22T19:50:06.241+0900][9.754s][info][gc,start       ] GC(470) Pause Full (Ergonomics)
[2026-03-22T19:50:06.241+0900][9.755s][info][gc,phases,start] GC(470) Marking Phase
[2026-03-22T19:50:06.243+0900][9.756s][info][gc,phases      ] GC(470) Marking Phase 1.638ms
[2026-03-22T19:50:06.243+0900][9.756s][info][gc,phases,start] GC(470) Summary Phase
[2026-03-22T19:50:06.243+0900][9.756s][info][gc,phases      ] GC(470) Summary Phase 0.026ms
[2026-03-22T19:50:06.243+0900][9.756s][info][gc,phases,start] GC(470) Adjust Roots
[2026-03-22T19:50:06.243+0900][9.757s][info][gc,phases      ] GC(470) Adjust Roots 0.272ms
[2026-03-22T19:50:06.243+0900][9.757s][info][gc,phases,start] GC(470) Compaction Phase
[2026-03-22T19:50:06.249+0900][9.762s][info][gc,phases      ] GC(470) Compaction Phase 5.170ms
[2026-03-22T19:50:06.249+0900][9.762s][info][gc,phases,start] GC(470) Post Compact
[2026-03-22T19:50:06.251+0900][9.764s][info][gc,phases      ] GC(470) Post Compact 1.973ms
[2026-03-22T19:50:06.251+0900][9.764s][info][gc,heap        ] GC(470) PSYoungGen: 163121K(163840K)->0K(163840K) Eden: 152561K(153088K)->0K(153088K) From: 10560K(10752K)->0K(10752K)
[2026-03-22T19:50:06.251+0900][9.764s][info][gc,heap        ] GC(470) ParOldGen: 291999K(349696K)->103430K(349696K)
[2026-03-22T19:50:06.251+0900][9.764s][info][gc,metaspace   ] GC(470) Metaspace: 340K(512K)->340K(512K) NonClass: 322K(384K)->322K(384K) Class: 17K(128K)->17K(128K)
[2026-03-22T19:50:06.251+0900][9.764s][info][gc             ] GC(470) Pause Full (Ergonomics) 444M->101M(501M) 9.518ms
[2026-03-22T19:50:06.251+0900][9.764s][info][gc,cpu         ] GC(470) User=0.00s Sys=0.02s Real=0.01s
[2026-03-22T19:50:06.266+0900][9.779s][info][gc,start       ] GC(471) Pause Young (Allocation Failure)
[2026-03-22T19:50:06.270+0900][9.783s][info][gc,heap        ] GC(471) PSYoungGen: 152561K(163840K)->10560K(163840K) Eden: 152561K(153088K)->0K(153088K) From: 0K(10752K)->10560K(10752K)
[2026-03-22T19:50:06.270+0900][9.783s][info][gc,heap        ] GC(471) ParOldGen: 103430K(349696K)->197639K(349696K)
[2026-03-22T19:50:06.270+0900][9.783s][info][gc,metaspace   ] GC(471) Metaspace: 340K(512K)->340K(512K) NonClass: 322K(384K)->322K(384K) Class: 17K(128K)->17K(128K)
[2026-03-22T19:50:06.270+0900][9.783s][info][gc             ] GC(471) Pause Young (Allocation Failure) 249M->203M(501M) 4.566ms
[2026-03-22T19:50:06.270+0900][9.783s][info][gc,cpu         ] GC(471) User=0.00s Sys=0.00s Real=0.00s
[2026-03-22T19:50:06.288+0900][9.802s][info][gc,start       ] GC(472) Pause Young (Allocation Failure)
[2026-03-22T19:50:06.293+0900][9.807s][info][gc,heap        ] GC(472) PSYoungGen: 163121K(163840K)->10528K(163840K) Eden: 152561K(153088K)->0K(153088K) From: 10560K(10752K)->10528K(10752K)
[2026-03-22T19:50:06.293+0900][9.807s][info][gc,heap        ] GC(472) ParOldGen: 197639K(349696K)->291999K(349696K)
[2026-03-22T19:50:06.293+0900][9.807s][info][gc,metaspace   ] GC(472) Metaspace: 340K(512K)->340K(512K) NonClass: 322K(384K)->322K(384K) Class: 17K(128K)->17K(128K)
[2026-03-22T19:50:06.293+0900][9.807s][info][gc             ] GC(472) Pause Young (Allocation Failure) 352M->295M(501M) 5.021ms
[2026-03-22T19:50:06.293+0900][9.807s][info][gc,cpu         ] GC(472) User=0.08s Sys=0.02s Real=0.00s
[2026-03-22T19:50:06.310+0900][9.824s][info][gc,start       ] GC(473) Pause Full (Ergonomics)
[2026-03-22T19:50:06.310+0900][9.824s][info][gc,phases,start] GC(473) Marking Phase
[2026-03-22T19:50:06.312+0900][9.825s][info][gc,phases      ] GC(473) Marking Phase 1.699ms
[2026-03-22T19:50:06.312+0900][9.825s][info][gc,phases,start] GC(473) Summary Phase
[2026-03-22T19:50:06.312+0900][9.825s][info][gc,phases      ] GC(473) Summary Phase 0.020ms
[2026-03-22T19:50:06.312+0900][9.825s][info][gc,phases,start] GC(473) Adjust Roots
[2026-03-22T19:50:06.312+0900][9.826s][info][gc,phases      ] GC(473) Adjust Roots 0.238ms
[2026-03-22T19:50:06.312+0900][9.826s][info][gc,phases,start] GC(473) Compaction Phase
[2026-03-22T19:50:06.318+0900][9.831s][info][gc,phases      ] GC(473) Compaction Phase 5.090ms
[2026-03-22T19:50:06.318+0900][9.831s][info][gc,phases,start] GC(473) Post Compact
[2026-03-22T19:50:06.319+0900][9.832s][info][gc,phases      ] GC(473) Post Compact 1.410ms
[2026-03-22T19:50:06.319+0900][9.832s][info][gc,heap        ] GC(473) PSYoungGen: 163089K(163840K)->0K(163840K) Eden: 152561K(153088K)->0K(153088K) From: 10528K(10752K)->0K(10752K)
[2026-03-22T19:50:06.319+0900][9.832s][info][gc,heap        ] GC(473) ParOldGen: 291999K(349696K)->103430K(349696K)
[2026-03-22T19:50:06.319+0900][9.832s][info][gc,metaspace   ] GC(473) Metaspace: 340K(512K)->340K(512K) NonClass: 322K(384K)->322K(384K) Class: 17K(128K)->17K(128K)
[2026-03-22T19:50:06.319+0900][9.832s][info][gc             ] GC(473) Pause Full (Ergonomics) 444M->101M(501M) 8.724ms
[2026-03-22T19:50:06.319+0900][9.832s][info][gc,cpu         ] GC(473) User=0.00s Sys=0.00s Real=0.01s
[2026-03-22T19:50:06.335+0900][9.849s][info][gc,start       ] GC(474) Pause Young (Allocation Failure)
[2026-03-22T19:50:06.340+0900][9.853s][info][gc,heap        ] GC(474) PSYoungGen: 152561K(163840K)->10528K(163840K) Eden: 152561K(153088K)->0K(153088K) From: 0K(10752K)->10528K(10752K)
[2026-03-22T19:50:06.340+0900][9.853s][info][gc,heap        ] GC(474) ParOldGen: 103430K(349696K)->197639K(349696K)
[2026-03-22T19:50:06.340+0900][9.853s][info][gc,metaspace   ] GC(474) Metaspace: 340K(512K)->340K(512K) NonClass: 322K(384K)->322K(384K) Class: 17K(128K)->17K(128K)
[2026-03-22T19:50:06.340+0900][9.853s][info][gc             ] GC(474) Pause Young (Allocation Failure) 249M->203M(501M) 4.484ms
[2026-03-22T19:50:06.340+0900][9.853s][info][gc,cpu         ] GC(474) User=0.09s Sys=0.00s Real=0.00s
[2026-03-22T19:50:06.356+0900][9.869s][info][gc,start       ] GC(475) Pause Young (Allocation Failure)
[2026-03-22T19:50:06.361+0900][9.874s][info][gc,heap        ] GC(475) PSYoungGen: 163089K(163840K)->10528K(163840K) Eden: 152561K(153088K)->0K(153088K) From: 10528K(10752K)->10528K(10752K)
[2026-03-22T19:50:06.361+0900][9.874s][info][gc,heap        ] GC(475) ParOldGen: 197639K(349696K)->291999K(349696K)
[2026-03-22T19:50:06.361+0900][9.874s][info][gc,metaspace   ] GC(475) Metaspace: 340K(512K)->340K(512K) NonClass: 322K(384K)->322K(384K) Class: 17K(128K)->17K(128K)
[2026-03-22T19:50:06.361+0900][9.874s][info][gc             ] GC(475) Pause Young (Allocation Failure) 352M->295M(501M) 4.965ms
[2026-03-22T19:50:06.361+0900][9.874s][info][gc,cpu         ] GC(475) User=0.00s Sys=0.00s Real=0.01s
[2026-03-22T19:50:06.378+0900][9.891s][info][gc,start       ] GC(476) Pause Full (Ergonomics)
[2026-03-22T19:50:06.378+0900][9.891s][info][gc,phases,start] GC(476) Marking Phase
[2026-03-22T19:50:06.380+0900][9.892s][info][gc,phases      ] GC(476) Marking Phase 1.346ms
[2026-03-22T19:50:06.380+0900][9.892s][info][gc,phases,start] GC(476) Summary Phase
[2026-03-22T19:50:06.380+0900][9.892s][info][gc,phases      ] GC(476) Summary Phase 0.021ms
[2026-03-22T19:50:06.380+0900][9.892s][info][gc,phases,start] GC(476) Adjust Roots
[2026-03-22T19:50:06.380+0900][9.893s][info][gc,phases      ] GC(476) Adjust Roots 0.319ms
[2026-03-22T19:50:06.380+0900][9.893s][info][gc,phases,start] GC(476) Compaction Phase
[2026-03-22T19:50:06.386+0900][9.899s][info][gc,phases      ] GC(476) Compaction Phase 5.899ms
[2026-03-22T19:50:06.386+0900][9.899s][info][gc,phases,start] GC(476) Post Compact
[2026-03-22T19:50:06.388+0900][9.900s][info][gc,phases      ] GC(476) Post Compact 1.611ms
[2026-03-22T19:50:06.388+0900][9.900s][info][gc,heap        ] GC(476) PSYoungGen: 163089K(163840K)->0K(163840K) Eden: 152561K(153088K)->0K(153088K) From: 10528K(10752K)->0K(10752K)
[2026-03-22T19:50:06.388+0900][9.900s][info][gc,heap        ] GC(476) ParOldGen: 291999K(349696K)->103430K(349696K)
[2026-03-22T19:50:06.388+0900][9.900s][info][gc,metaspace   ] GC(476) Metaspace: 340K(512K)->340K(512K) NonClass: 322K(384K)->322K(384K) Class: 17K(128K)->17K(128K)
[2026-03-22T19:50:06.388+0900][9.900s][info][gc             ] GC(476) Pause Full (Ergonomics) 444M->101M(501M) 9.552ms
[2026-03-22T19:50:06.388+0900][9.900s][info][gc,cpu         ] GC(476) User=0.09s Sys=0.00s Real=0.01s
[2026-03-22T19:50:06.404+0900][9.917s][info][gc,start       ] GC(477) Pause Young (Allocation Failure)
[2026-03-22T19:50:06.409+0900][9.922s][info][gc,heap        ] GC(477) PSYoungGen: 152561K(163840K)->10560K(163840K) Eden: 152561K(153088K)->0K(153088K) From: 0K(10752K)->10560K(10752K)
[2026-03-22T19:50:06.409+0900][9.922s][info][gc,heap        ] GC(477) ParOldGen: 103430K(349696K)->197639K(349696K)
[2026-03-22T19:50:06.409+0900][9.922s][info][gc,metaspace   ] GC(477) Metaspace: 340K(512K)->340K(512K) NonClass: 322K(384K)->322K(384K) Class: 17K(128K)->17K(128K)
[2026-03-22T19:50:06.409+0900][9.922s][info][gc             ] GC(477) Pause Young (Allocation Failure) 249M->203M(501M) 5.120ms
[2026-03-22T19:50:06.409+0900][9.923s][info][gc,cpu         ] GC(477) User=0.00s Sys=0.00s Real=0.00s
[2026-03-22T19:50:06.426+0900][9.939s][info][gc,start       ] GC(478) Pause Young (Allocation Failure)
[2026-03-22T19:50:06.430+0900][9.943s][info][gc,heap        ] GC(478) PSYoungGen: 163121K(163840K)->10528K(163840K) Eden: 152561K(153088K)->0K(153088K) From: 10560K(10752K)->10528K(10752K)
[2026-03-22T19:50:06.430+0900][9.943s][info][gc,heap        ] GC(478) ParOldGen: 197639K(349696K)->291999K(349696K)
[2026-03-22T19:50:06.430+0900][9.943s][info][gc,metaspace   ] GC(478) Metaspace: 340K(512K)->340K(512K) NonClass: 322K(384K)->322K(384K) Class: 17K(128K)->17K(128K)
[2026-03-22T19:50:06.430+0900][9.943s][info][gc             ] GC(478) Pause Young (Allocation Failure) 352M->295M(501M) 4.665ms
[2026-03-22T19:50:06.430+0900][9.943s][info][gc,cpu         ] GC(478) User=0.00s Sys=0.00s Real=0.00s
[2026-03-22T19:50:06.445+0900][9.958s][info][gc,start       ] GC(479) Pause Full (Ergonomics)
[2026-03-22T19:50:06.445+0900][9.958s][info][gc,phases,start] GC(479) Marking Phase
[2026-03-22T19:50:06.447+0900][9.960s][info][gc,phases      ] GC(479) Marking Phase 1.471ms
[2026-03-22T19:50:06.447+0900][9.960s][info][gc,phases,start] GC(479) Summary Phase
[2026-03-22T19:50:06.447+0900][9.960s][info][gc,phases      ] GC(479) Summary Phase 0.015ms
[2026-03-22T19:50:06.447+0900][9.960s][info][gc,phases,start] GC(479) Adjust Roots
[2026-03-22T19:50:06.447+0900][9.960s][info][gc,phases      ] GC(479) Adjust Roots 0.170ms
[2026-03-22T19:50:06.447+0900][9.960s][info][gc,phases,start] GC(479) Compaction Phase
[2026-03-22T19:50:06.452+0900][9.965s][info][gc,phases      ] GC(479) Compaction Phase 4.975ms
[2026-03-22T19:50:06.452+0900][9.965s][info][gc,phases,start] GC(479) Post Compact
[2026-03-22T19:50:06.454+0900][9.967s][info][gc,phases      ] GC(479) Post Compact 1.414ms
[2026-03-22T19:50:06.454+0900][9.967s][info][gc,heap        ] GC(479) PSYoungGen: 163089K(163840K)->0K(163840K) Eden: 152561K(153088K)->0K(153088K) From: 10528K(10752K)->0K(10752K)
[2026-03-22T19:50:06.454+0900][9.967s][info][gc,heap        ] GC(479) ParOldGen: 291999K(349696K)->103430K(349696K)
[2026-03-22T19:50:06.454+0900][9.967s][info][gc,metaspace   ] GC(479) Metaspace: 340K(512K)->340K(512K) NonClass: 322K(384K)->322K(384K) Class: 17K(128K)->17K(128K)
[2026-03-22T19:50:06.454+0900][9.967s][info][gc             ] GC(479) Pause Full (Ergonomics) 444M->101M(501M) 8.343ms
[2026-03-22T19:50:06.454+0900][9.967s][info][gc,cpu         ] GC(479) User=0.00s Sys=0.00s Real=0.01s
[2026-03-22T19:50:06.469+0900][9.982s][info][gc,start       ] GC(480) Pause Young (Allocation Failure)
[2026-03-22T19:50:06.473+0900][9.986s][info][gc,heap        ] GC(480) PSYoungGen: 152561K(163840K)->10528K(163840K) Eden: 152561K(153088K)->0K(153088K) From: 0K(10752K)->10528K(10752K)
[2026-03-22T19:50:06.473+0900][9.986s][info][gc,heap        ] GC(480) ParOldGen: 103430K(349696K)->197639K(349696K)
[2026-03-22T19:50:06.473+0900][9.986s][info][gc,metaspace   ] GC(480) Metaspace: 340K(512K)->340K(512K) NonClass: 322K(384K)->322K(384K) Class: 17K(128K)->17K(128K)
[2026-03-22T19:50:06.473+0900][9.986s][info][gc             ] GC(480) Pause Young (Allocation Failure) 249M->203M(501M) 4.366ms
[2026-03-22T19:50:06.473+0900][9.986s][info][gc,cpu         ] GC(480) User=0.00s Sys=0.00s Real=0.00s
[2026-03-22T19:50:06.488+0900][10.001s][info][gc,start       ] GC(481) Pause Young (Allocation Failure)
[2026-03-22T19:50:06.493+0900][10.005s][info][gc,heap        ] GC(481) PSYoungGen: 163089K(163840K)->10560K(163840K) Eden: 152561K(153088K)->0K(153088K) From: 10528K(10752K)->10560K(10752K)
[2026-03-22T19:50:06.493+0900][10.006s][info][gc,heap        ] GC(481) ParOldGen: 197639K(349696K)->291999K(349696K)
[2026-03-22T19:50:06.493+0900][10.006s][info][gc,metaspace   ] GC(481) Metaspace: 340K(512K)->340K(512K) NonClass: 322K(384K)->322K(384K) Class: 17K(128K)->17K(128K)
[2026-03-22T19:50:06.493+0900][10.006s][info][gc             ] GC(481) Pause Young (Allocation Failure) 352M->295M(501M) 4.527ms
[2026-03-22T19:50:06.493+0900][10.006s][info][gc,cpu         ] GC(481) User=0.00s Sys=0.00s Real=0.01s
[2026-03-22T19:50:06.508+0900][10.021s][info][gc,start       ] GC(482) Pause Full (Ergonomics)
[2026-03-22T19:50:06.508+0900][10.021s][info][gc,phases,start] GC(482) Marking Phase
[2026-03-22T19:50:06.509+0900][10.022s][info][gc,phases      ] GC(482) Marking Phase 1.481ms
[2026-03-22T19:50:06.509+0900][10.022s][info][gc,phases,start] GC(482) Summary Phase
[2026-03-22T19:50:06.509+0900][10.022s][info][gc,phases      ] GC(482) Summary Phase 0.021ms
[2026-03-22T19:50:06.509+0900][10.022s][info][gc,phases,start] GC(482) Adjust Roots
[2026-03-22T19:50:06.509+0900][10.023s][info][gc,phases      ] GC(482) Adjust Roots 0.212ms
[2026-03-22T19:50:06.509+0900][10.023s][info][gc,phases,start] GC(482) Compaction Phase
[2026-03-22T19:50:06.515+0900][10.028s][info][gc,phases      ] GC(482) Compaction Phase 5.059ms
[2026-03-22T19:50:06.515+0900][10.028s][info][gc,phases,start] GC(482) Post Compact
[2026-03-22T19:50:06.517+0900][10.029s][info][gc,phases      ] GC(482) Post Compact 1.612ms
[2026-03-22T19:50:06.517+0900][10.029s][info][gc,heap        ] GC(482) PSYoungGen: 163121K(163840K)->0K(163840K) Eden: 152561K(153088K)->0K(153088K) From: 10560K(10752K)->0K(10752K)
[2026-03-22T19:50:06.517+0900][10.030s][info][gc,heap        ] GC(482) ParOldGen: 291999K(349696K)->103430K(349696K)
[2026-03-22T19:50:06.517+0900][10.030s][info][gc,metaspace   ] GC(482) Metaspace: 340K(512K)->340K(512K) NonClass: 322K(384K)->322K(384K) Class: 17K(128K)->17K(128K)
[2026-03-22T19:50:06.517+0900][10.030s][info][gc             ] GC(482) Pause Full (Ergonomics) 444M->101M(501M) 8.704ms
[2026-03-22T19:50:06.517+0900][10.030s][info][gc,cpu         ] GC(482) User=0.02s Sys=0.00s Real=0.01s
[2026-03-22T19:50:06.531+0900][10.044s][info][gc,start       ] GC(483) Pause Young (Allocation Failure)
[2026-03-22T19:50:06.536+0900][10.048s][info][gc,heap        ] GC(483) PSYoungGen: 152561K(163840K)->10560K(163840K) Eden: 152561K(153088K)->0K(153088K) From: 0K(10752K)->10560K(10752K)
[2026-03-22T19:50:06.536+0900][10.048s][info][gc,heap        ] GC(483) ParOldGen: 103430K(349696K)->197639K(349696K)
[2026-03-22T19:50:06.536+0900][10.048s][info][gc,metaspace   ] GC(483) Metaspace: 340K(512K)->340K(512K) NonClass: 322K(384K)->322K(384K) Class: 17K(128K)->17K(128K)
[2026-03-22T19:50:06.536+0900][10.048s][info][gc             ] GC(483) Pause Young (Allocation Failure) 249M->203M(501M) 4.490ms
[2026-03-22T19:50:06.536+0900][10.048s][info][gc,cpu         ] GC(483) User=0.00s Sys=0.00s Real=0.01s
[2026-03-22T19:50:06.552+0900][10.065s][info][gc,start       ] GC(484) Pause Young (Allocation Failure)
[2026-03-22T19:50:06.557+0900][10.070s][info][gc,heap        ] GC(484) PSYoungGen: 163121K(163840K)->10528K(163840K) Eden: 152561K(153088K)->0K(153088K) From: 10560K(10752K)->10528K(10752K)
[2026-03-22T19:50:06.557+0900][10.070s][info][gc,heap        ] GC(484) ParOldGen: 197639K(349696K)->291999K(349696K)
[2026-03-22T19:50:06.557+0900][10.070s][info][gc,metaspace   ] GC(484) Metaspace: 340K(512K)->340K(512K) NonClass: 322K(384K)->322K(384K) Class: 17K(128K)->17K(128K)
[2026-03-22T19:50:06.557+0900][10.070s][info][gc             ] GC(484) Pause Young (Allocation Failure) 352M->295M(501M) 4.832ms
[2026-03-22T19:50:06.557+0900][10.070s][info][gc,cpu         ] GC(484) User=0.09s Sys=0.00s Real=0.00s
[2026-03-22T19:50:06.574+0900][10.086s][info][gc,start       ] GC(485) Pause Full (Ergonomics)
[2026-03-22T19:50:06.574+0900][10.086s][info][gc,phases,start] GC(485) Marking Phase
[2026-03-22T19:50:06.575+0900][10.088s][info][gc,phases      ] GC(485) Marking Phase 1.584ms
[2026-03-22T19:50:06.576+0900][10.088s][info][gc,phases,start] GC(485) Summary Phase
[2026-03-22T19:50:06.576+0900][10.088s][info][gc,phases      ] GC(485) Summary Phase 0.034ms
[2026-03-22T19:50:06.576+0900][10.088s][info][gc,phases,start] GC(485) Adjust Roots
[2026-03-22T19:50:06.576+0900][10.088s][info][gc,phases      ] GC(485) Adjust Roots 0.243ms
[2026-03-22T19:50:06.576+0900][10.088s][info][gc,phases,start] GC(485) Compaction Phase
[2026-03-22T19:50:06.581+0900][10.094s][info][gc,phases      ] GC(485) Compaction Phase 5.247ms
[2026-03-22T19:50:06.581+0900][10.094s][info][gc,phases,start] GC(485) Post Compact
[2026-03-22T19:50:06.583+0900][10.095s][info][gc,phases      ] GC(485) Post Compact 1.572ms
[2026-03-22T19:50:06.583+0900][10.095s][info][gc,heap        ] GC(485) PSYoungGen: 163089K(163840K)->0K(163840K) Eden: 152561K(153088K)->0K(153088K) From: 10528K(10752K)->0K(10752K)
[2026-03-22T19:50:06.583+0900][10.095s][info][gc,heap        ] GC(485) ParOldGen: 291999K(349696K)->103430K(349696K)
[2026-03-22T19:50:06.583+0900][10.095s][info][gc,metaspace   ] GC(485) Metaspace: 340K(512K)->340K(512K) NonClass: 322K(384K)->322K(384K) Class: 17K(128K)->17K(128K)
[2026-03-22T19:50:06.583+0900][10.095s][info][gc             ] GC(485) Pause Full (Ergonomics) 444M->101M(501M) 9.008ms
[2026-03-22T19:50:06.583+0900][10.095s][info][gc,cpu         ] GC(485) User=0.00s Sys=0.00s Real=0.01s
[2026-03-22T19:50:06.599+0900][10.112s][info][gc,start       ] GC(486) Pause Young (Allocation Failure)
[2026-03-22T19:50:06.604+0900][10.116s][info][gc,heap        ] GC(486) PSYoungGen: 152561K(163840K)->10528K(163840K) Eden: 152561K(153088K)->0K(153088K) From: 0K(10752K)->10528K(10752K)
[2026-03-22T19:50:06.604+0900][10.116s][info][gc,heap        ] GC(486) ParOldGen: 103430K(349696K)->197639K(349696K)
[2026-03-22T19:50:06.604+0900][10.116s][info][gc,metaspace   ] GC(486) Metaspace: 340K(512K)->340K(512K) NonClass: 322K(384K)->322K(384K) Class: 17K(128K)->17K(128K)
[2026-03-22T19:50:06.604+0900][10.116s][info][gc             ] GC(486) Pause Young (Allocation Failure) 249M->203M(501M) 4.942ms
[2026-03-22T19:50:06.604+0900][10.116s][info][gc,cpu         ] GC(486) User=0.02s Sys=0.00s Real=0.01s
[2026-03-22T19:50:06.620+0900][10.132s][info][gc,start       ] GC(487) Pause Young (Allocation Failure)
[2026-03-22T19:50:06.625+0900][10.137s][info][gc,heap        ] GC(487) PSYoungGen: 163089K(163840K)->10528K(163840K) Eden: 152561K(153088K)->0K(153088K) From: 10528K(10752K)->10528K(10752K)
[2026-03-22T19:50:06.625+0900][10.137s][info][gc,heap        ] GC(487) ParOldGen: 197639K(349696K)->291999K(349696K)
[2026-03-22T19:50:06.625+0900][10.137s][info][gc,metaspace   ] GC(487) Metaspace: 340K(512K)->340K(512K) NonClass: 322K(384K)->322K(384K) Class: 17K(128K)->17K(128K)
[2026-03-22T19:50:06.625+0900][10.137s][info][gc             ] GC(487) Pause Young (Allocation Failure) 352M->295M(501M) 4.809ms
[2026-03-22T19:50:06.625+0900][10.137s][info][gc,cpu         ] GC(487) User=0.00s Sys=0.00s Real=0.01s
[2026-03-22T19:50:06.640+0900][10.153s][info][gc,start       ] GC(488) Pause Full (Ergonomics)
[2026-03-22T19:50:06.640+0900][10.153s][info][gc,phases,start] GC(488) Marking Phase
[2026-03-22T19:50:06.641+0900][10.155s][info][gc,phases      ] GC(488) Marking Phase 1.340ms
[2026-03-22T19:50:06.641+0900][10.155s][info][gc,phases,start] GC(488) Summary Phase
[2026-03-22T19:50:06.641+0900][10.155s][info][gc,phases      ] GC(488) Summary Phase 0.019ms
[2026-03-22T19:50:06.642+0900][10.155s][info][gc,phases,start] GC(488) Adjust Roots
[2026-03-22T19:50:06.642+0900][10.155s][info][gc,phases      ] GC(488) Adjust Roots 0.218ms
[2026-03-22T19:50:06.642+0900][10.155s][info][gc,phases,start] GC(488) Compaction Phase
[2026-03-22T19:50:06.647+0900][10.160s][info][gc,phases      ] GC(488) Compaction Phase 4.955ms
[2026-03-22T19:50:06.647+0900][10.160s][info][gc,phases,start] GC(488) Post Compact
[2026-03-22T19:50:06.648+0900][10.162s][info][gc,phases      ] GC(488) Post Compact 1.553ms
[2026-03-22T19:50:06.648+0900][10.162s][info][gc,heap        ] GC(488) PSYoungGen: 163089K(163840K)->0K(163840K) Eden: 152561K(153088K)->0K(153088K) From: 10528K(10752K)->0K(10752K)
[2026-03-22T19:50:06.648+0900][10.162s][info][gc,heap        ] GC(488) ParOldGen: 291999K(349696K)->103430K(349696K)
[2026-03-22T19:50:06.648+0900][10.162s][info][gc,metaspace   ] GC(488) Metaspace: 340K(512K)->340K(512K) NonClass: 322K(384K)->322K(384K) Class: 17K(128K)->17K(128K)
[2026-03-22T19:50:06.648+0900][10.162s][info][gc             ] GC(488) Pause Full (Ergonomics) 444M->101M(501M) 8.429ms
[2026-03-22T19:50:06.648+0900][10.162s][info][gc,cpu         ] GC(488) User=0.00s Sys=0.00s Real=0.01s
[2026-03-22T19:50:06.664+0900][10.177s][info][gc,start       ] GC(489) Pause Young (Allocation Failure)
[2026-03-22T19:50:06.669+0900][10.182s][info][gc,heap        ] GC(489) PSYoungGen: 152561K(163840K)->10528K(163840K) Eden: 152561K(153088K)->0K(153088K) From: 0K(10752K)->10528K(10752K)
[2026-03-22T19:50:06.669+0900][10.182s][info][gc,heap        ] GC(489) ParOldGen: 103430K(349696K)->197639K(349696K)
[2026-03-22T19:50:06.669+0900][10.182s][info][gc,metaspace   ] GC(489) Metaspace: 340K(512K)->340K(512K) NonClass: 322K(384K)->322K(384K) Class: 17K(128K)->17K(128K)
[2026-03-22T19:50:06.669+0900][10.182s][info][gc             ] GC(489) Pause Young (Allocation Failure) 249M->203M(501M) 4.684ms
[2026-03-22T19:50:06.669+0900][10.182s][info][gc,cpu         ] GC(489) User=0.09s Sys=0.00s Real=0.00s
[2026-03-22T19:50:06.686+0900][10.199s][info][gc,start       ] GC(490) Pause Young (Allocation Failure)
[2026-03-22T19:50:06.691+0900][10.204s][info][gc,heap        ] GC(490) PSYoungGen: 163089K(163840K)->10528K(163840K) Eden: 152561K(153088K)->0K(153088K) From: 10528K(10752K)->10528K(10752K)
[2026-03-22T19:50:06.691+0900][10.204s][info][gc,heap        ] GC(490) ParOldGen: 197639K(349696K)->291999K(349696K)
[2026-03-22T19:50:06.691+0900][10.204s][info][gc,metaspace   ] GC(490) Metaspace: 340K(512K)->340K(512K) NonClass: 322K(384K)->322K(384K) Class: 17K(128K)->17K(128K)
[2026-03-22T19:50:06.691+0900][10.204s][info][gc             ] GC(490) Pause Young (Allocation Failure) 352M->295M(501M) 4.662ms
[2026-03-22T19:50:06.691+0900][10.204s][info][gc,cpu         ] GC(490) User=0.00s Sys=0.00s Real=0.00s
[2026-03-22T19:50:06.706+0900][10.219s][info][gc,start       ] GC(491) Pause Full (Ergonomics)
[2026-03-22T19:50:06.706+0900][10.219s][info][gc,phases,start] GC(491) Marking Phase
[2026-03-22T19:50:06.708+0900][10.221s][info][gc,phases      ] GC(491) Marking Phase 1.310ms
[2026-03-22T19:50:06.708+0900][10.221s][info][gc,phases,start] GC(491) Summary Phase
[2026-03-22T19:50:06.708+0900][10.221s][info][gc,phases      ] GC(491) Summary Phase 0.023ms
[2026-03-22T19:50:06.708+0900][10.221s][info][gc,phases,start] GC(491) Adjust Roots
[2026-03-22T19:50:06.708+0900][10.221s][info][gc,phases      ] GC(491) Adjust Roots 0.222ms
[2026-03-22T19:50:06.708+0900][10.221s][info][gc,phases,start] GC(491) Compaction Phase
[2026-03-22T19:50:06.713+0900][10.226s][info][gc,phases      ] GC(491) Compaction Phase 4.999ms
[2026-03-22T19:50:06.713+0900][10.226s][info][gc,phases,start] GC(491) Post Compact
[2026-03-22T19:50:06.715+0900][10.228s][info][gc,phases      ] GC(491) Post Compact 1.871ms
[2026-03-22T19:50:06.715+0900][10.228s][info][gc,heap        ] GC(491) PSYoungGen: 163089K(163840K)->0K(163840K) Eden: 152561K(153088K)->0K(153088K) From: 10528K(10752K)->0K(10752K)
[2026-03-22T19:50:06.715+0900][10.228s][info][gc,heap        ] GC(491) ParOldGen: 291999K(349696K)->103430K(349696K)
[2026-03-22T19:50:06.715+0900][10.228s][info][gc,metaspace   ] GC(491) Metaspace: 340K(512K)->340K(512K) NonClass: 322K(384K)->322K(384K) Class: 17K(128K)->17K(128K)
[2026-03-22T19:50:06.715+0900][10.228s][info][gc             ] GC(491) Pause Full (Ergonomics) 444M->101M(501M) 8.748ms
[2026-03-22T19:50:06.715+0900][10.228s][info][gc,cpu         ] GC(491) User=0.09s Sys=0.00s Real=0.01s
[2026-03-22T19:50:06.730+0900][10.243s][info][gc,start       ] GC(492) Pause Young (Allocation Failure)
[2026-03-22T19:50:06.734+0900][10.248s][info][gc,heap        ] GC(492) PSYoungGen: 152561K(163840K)->10560K(163840K) Eden: 152561K(153088K)->0K(153088K) From: 0K(10752K)->10560K(10752K)
[2026-03-22T19:50:06.734+0900][10.248s][info][gc,heap        ] GC(492) ParOldGen: 103430K(349696K)->197639K(349696K)
[2026-03-22T19:50:06.734+0900][10.248s][info][gc,metaspace   ] GC(492) Metaspace: 340K(512K)->340K(512K) NonClass: 322K(384K)->322K(384K) Class: 17K(128K)->17K(128K)
[2026-03-22T19:50:06.734+0900][10.248s][info][gc             ] GC(492) Pause Young (Allocation Failure) 249M->203M(501M) 4.956ms
[2026-03-22T19:50:06.734+0900][10.248s][info][gc,cpu         ] GC(492) User=0.00s Sys=0.00s Real=0.00s
[2026-03-22T19:50:06.751+0900][10.264s][info][gc,start       ] GC(493) Pause Young (Allocation Failure)
[2026-03-22T19:50:06.755+0900][10.269s][info][gc,heap        ] GC(493) PSYoungGen: 163121K(163840K)->10528K(163840K) Eden: 152561K(153088K)->0K(153088K) From: 10560K(10752K)->10528K(10752K)
[2026-03-22T19:50:06.756+0900][10.269s][info][gc,heap        ] GC(493) ParOldGen: 197639K(349696K)->291999K(349696K)
[2026-03-22T19:50:06.756+0900][10.269s][info][gc,metaspace   ] GC(493) Metaspace: 340K(512K)->340K(512K) NonClass: 322K(384K)->322K(384K) Class: 17K(128K)->17K(128K)
[2026-03-22T19:50:06.756+0900][10.269s][info][gc             ] GC(493) Pause Young (Allocation Failure) 352M->295M(501M) 4.813ms
[2026-03-22T19:50:06.756+0900][10.269s][info][gc,cpu         ] GC(493) User=0.00s Sys=0.00s Real=0.01s
[2026-03-22T19:50:06.772+0900][10.285s][info][gc,start       ] GC(494) Pause Full (Ergonomics)
[2026-03-22T19:50:06.772+0900][10.285s][info][gc,phases,start] GC(494) Marking Phase
[2026-03-22T19:50:06.773+0900][10.286s][info][gc,phases      ] GC(494) Marking Phase 1.213ms
[2026-03-22T19:50:06.774+0900][10.286s][info][gc,phases,start] GC(494) Summary Phase
[2026-03-22T19:50:06.774+0900][10.286s][info][gc,phases      ] GC(494) Summary Phase 0.020ms
[2026-03-22T19:50:06.774+0900][10.286s][info][gc,phases,start] GC(494) Adjust Roots
[2026-03-22T19:50:06.774+0900][10.287s][info][gc,phases      ] GC(494) Adjust Roots 0.244ms
[2026-03-22T19:50:06.774+0900][10.287s][info][gc,phases,start] GC(494) Compaction Phase
[2026-03-22T19:50:06.779+0900][10.291s][info][gc,phases      ] GC(494) Compaction Phase 4.884ms
[2026-03-22T19:50:06.779+0900][10.291s][info][gc,phases,start] GC(494) Post Compact
[2026-03-22T19:50:06.780+0900][10.293s][info][gc,phases      ] GC(494) Post Compact 1.450ms
[2026-03-22T19:50:06.780+0900][10.293s][info][gc,heap        ] GC(494) PSYoungGen: 163089K(163840K)->0K(163840K) Eden: 152561K(153088K)->0K(153088K) From: 10528K(10752K)->0K(10752K)
[2026-03-22T19:50:06.780+0900][10.293s][info][gc,heap        ] GC(494) ParOldGen: 291999K(349696K)->103430K(349696K)
[2026-03-22T19:50:06.780+0900][10.293s][info][gc,metaspace   ] GC(494) Metaspace: 340K(512K)->340K(512K) NonClass: 322K(384K)->322K(384K) Class: 17K(128K)->17K(128K)
[2026-03-22T19:50:06.780+0900][10.293s][info][gc             ] GC(494) Pause Full (Ergonomics) 444M->101M(501M) 8.072ms
[2026-03-22T19:50:06.780+0900][10.293s][info][gc,cpu         ] GC(494) User=0.09s Sys=0.00s Real=0.01s
[2026-03-22T19:50:06.796+0900][10.308s][info][gc,start       ] GC(495) Pause Young (Allocation Failure)
[2026-03-22T19:50:06.800+0900][10.312s][info][gc,heap        ] GC(495) PSYoungGen: 152561K(163840K)->10560K(163840K) Eden: 152561K(153088K)->0K(153088K) From: 0K(10752K)->10560K(10752K)
[2026-03-22T19:50:06.800+0900][10.312s][info][gc,heap        ] GC(495) ParOldGen: 103430K(349696K)->197639K(349696K)
[2026-03-22T19:50:06.800+0900][10.312s][info][gc,metaspace   ] GC(495) Metaspace: 340K(512K)->340K(512K) NonClass: 322K(384K)->322K(384K) Class: 17K(128K)->17K(128K)
[2026-03-22T19:50:06.800+0900][10.313s][info][gc             ] GC(495) Pause Young (Allocation Failure) 249M->203M(501M) 4.261ms
[2026-03-22T19:50:06.800+0900][10.313s][info][gc,cpu         ] GC(495) User=0.00s Sys=0.00s Real=0.00s
[2026-03-22T19:50:06.816+0900][10.329s][info][gc,start       ] GC(496) Pause Young (Allocation Failure)
[2026-03-22T19:50:06.821+0900][10.334s][info][gc,heap        ] GC(496) PSYoungGen: 163121K(163840K)->10560K(163840K) Eden: 152561K(153088K)->0K(153088K) From: 10560K(10752K)->10560K(10752K)
[2026-03-22T19:50:06.821+0900][10.334s][info][gc,heap        ] GC(496) ParOldGen: 197639K(349696K)->291999K(349696K)
[2026-03-22T19:50:06.821+0900][10.334s][info][gc,metaspace   ] GC(496) Metaspace: 340K(512K)->340K(512K) NonClass: 322K(384K)->322K(384K) Class: 17K(128K)->17K(128K)
[2026-03-22T19:50:06.821+0900][10.334s][info][gc             ] GC(496) Pause Young (Allocation Failure) 352M->295M(501M) 5.104ms
[2026-03-22T19:50:06.821+0900][10.334s][info][gc,cpu         ] GC(496) User=0.00s Sys=0.00s Real=0.01s
[2026-03-22T19:50:06.838+0900][10.351s][info][gc,start       ] GC(497) Pause Full (Ergonomics)
[2026-03-22T19:50:06.838+0900][10.351s][info][gc,phases,start] GC(497) Marking Phase
[2026-03-22T19:50:06.839+0900][10.352s][info][gc,phases      ] GC(497) Marking Phase 1.163ms
[2026-03-22T19:50:06.840+0900][10.352s][info][gc,phases,start] GC(497) Summary Phase
[2026-03-22T19:50:06.840+0900][10.352s][info][gc,phases      ] GC(497) Summary Phase 0.043ms
[2026-03-22T19:50:06.840+0900][10.352s][info][gc,phases,start] GC(497) Adjust Roots
[2026-03-22T19:50:06.840+0900][10.353s][info][gc,phases      ] GC(497) Adjust Roots 0.228ms
[2026-03-22T19:50:06.840+0900][10.353s][info][gc,phases,start] GC(497) Compaction Phase
[2026-03-22T19:50:06.844+0900][10.358s][info][gc,phases      ] GC(497) Compaction Phase 5.024ms
[2026-03-22T19:50:06.844+0900][10.358s][info][gc,phases,start] GC(497) Post Compact
[2026-03-22T19:50:06.847+0900][10.359s][info][gc,phases      ] GC(497) Post Compact 1.844ms
[2026-03-22T19:50:06.847+0900][10.360s][info][gc,heap        ] GC(497) PSYoungGen: 163121K(163840K)->0K(163840K) Eden: 152561K(153088K)->0K(153088K) From: 10560K(10752K)->0K(10752K)
[2026-03-22T19:50:06.847+0900][10.360s][info][gc,heap        ] GC(497) ParOldGen: 291999K(349696K)->103430K(349696K)
[2026-03-22T19:50:06.847+0900][10.360s][info][gc,metaspace   ] GC(497) Metaspace: 340K(512K)->340K(512K) NonClass: 322K(384K)->322K(384K) Class: 17K(128K)->17K(128K)
[2026-03-22T19:50:06.847+0900][10.360s][info][gc             ] GC(497) Pause Full (Ergonomics) 444M->101M(501M) 8.699ms
[2026-03-22T19:50:06.847+0900][10.360s][info][gc,cpu         ] GC(497) User=0.00s Sys=0.00s Real=0.01s
[2026-03-22T19:50:06.863+0900][10.376s][info][gc,start       ] GC(498) Pause Young (Allocation Failure)
[2026-03-22T19:50:06.867+0900][10.380s][info][gc,heap        ] GC(498) PSYoungGen: 152561K(163840K)->10560K(163840K) Eden: 152561K(153088K)->0K(153088K) From: 0K(10752K)->10560K(10752K)
[2026-03-22T19:50:06.867+0900][10.380s][info][gc,heap        ] GC(498) ParOldGen: 103430K(349696K)->197639K(349696K)
[2026-03-22T19:50:06.867+0900][10.380s][info][gc,metaspace   ] GC(498) Metaspace: 340K(512K)->340K(512K) NonClass: 322K(384K)->322K(384K) Class: 17K(128K)->17K(128K)
[2026-03-22T19:50:06.867+0900][10.380s][info][gc             ] GC(498) Pause Young (Allocation Failure) 249M->203M(501M) 4.132ms
[2026-03-22T19:50:06.867+0900][10.380s][info][gc,cpu         ] GC(498) User=0.00s Sys=0.00s Real=0.00s
[2026-03-22T19:50:06.882+0900][10.395s][info][gc,start       ] GC(499) Pause Young (Allocation Failure)
[2026-03-22T19:50:06.887+0900][10.399s][info][gc,heap        ] GC(499) PSYoungGen: 163121K(163840K)->10560K(163840K) Eden: 152561K(153088K)->0K(153088K) From: 10560K(10752K)->10560K(10752K)
[2026-03-22T19:50:06.887+0900][10.399s][info][gc,heap        ] GC(499) ParOldGen: 197639K(349696K)->291999K(349696K)
[2026-03-22T19:50:06.887+0900][10.399s][info][gc,metaspace   ] GC(499) Metaspace: 340K(512K)->340K(512K) NonClass: 322K(384K)->322K(384K) Class: 17K(128K)->17K(128K)
[2026-03-22T19:50:06.887+0900][10.399s][info][gc             ] GC(499) Pause Young (Allocation Failure) 352M->295M(501M) 4.620ms
[2026-03-22T19:50:06.887+0900][10.400s][info][gc,cpu         ] GC(499) User=0.09s Sys=0.00s Real=0.01s
[2026-03-22T19:50:06.903+0900][10.416s][info][gc,start       ] GC(500) Pause Full (Ergonomics)
[2026-03-22T19:50:06.903+0900][10.416s][info][gc,phases,start] GC(500) Marking Phase
[2026-03-22T19:50:06.904+0900][10.417s][info][gc,phases      ] GC(500) Marking Phase 1.238ms
[2026-03-22T19:50:06.904+0900][10.417s][info][gc,phases,start] GC(500) Summary Phase
[2026-03-22T19:50:06.904+0900][10.417s][info][gc,phases      ] GC(500) Summary Phase 0.023ms
[2026-03-22T19:50:06.904+0900][10.417s][info][gc,phases,start] GC(500) Adjust Roots
[2026-03-22T19:50:06.904+0900][10.417s][info][gc,phases      ] GC(500) Adjust Roots 0.250ms
[2026-03-22T19:50:06.904+0900][10.417s][info][gc,phases,start] GC(500) Compaction Phase
[2026-03-22T19:50:06.909+0900][10.422s][info][gc,phases      ] GC(500) Compaction Phase 4.711ms
[2026-03-22T19:50:06.909+0900][10.422s][info][gc,phases,start] GC(500) Post Compact
[2026-03-22T19:50:06.911+0900][10.424s][info][gc,phases      ] GC(500) Post Compact 1.575ms
[2026-03-22T19:50:06.911+0900][10.424s][info][gc,heap        ] GC(500) PSYoungGen: 163121K(163840K)->0K(163840K) Eden: 152561K(153088K)->0K(153088K) From: 10560K(10752K)->0K(10752K)
[2026-03-22T19:50:06.911+0900][10.424s][info][gc,heap        ] GC(500) ParOldGen: 291999K(349696K)->103430K(349696K)
[2026-03-22T19:50:06.911+0900][10.424s][info][gc,metaspace   ] GC(500) Metaspace: 340K(512K)->340K(512K) NonClass: 322K(384K)->322K(384K) Class: 17K(128K)->17K(128K)
[2026-03-22T19:50:06.911+0900][10.424s][info][gc             ] GC(500) Pause Full (Ergonomics) 444M->101M(501M) 8.107ms
[2026-03-22T19:50:06.911+0900][10.424s][info][gc,cpu         ] GC(500) User=0.00s Sys=0.00s Real=0.01s
[2026-03-22T19:50:06.927+0900][10.440s][info][gc,start       ] GC(501) Pause Young (Allocation Failure)
[2026-03-22T19:50:06.931+0900][10.444s][info][gc,heap        ] GC(501) PSYoungGen: 152561K(163840K)->10528K(163840K) Eden: 152561K(153088K)->0K(153088K) From: 0K(10752K)->10528K(10752K)
[2026-03-22T19:50:06.931+0900][10.444s][info][gc,heap        ] GC(501) ParOldGen: 103430K(349696K)->197639K(349696K)
[2026-03-22T19:50:06.931+0900][10.444s][info][gc,metaspace   ] GC(501) Metaspace: 340K(512K)->340K(512K) NonClass: 322K(384K)->322K(384K) Class: 17K(128K)->17K(128K)
[2026-03-22T19:50:06.931+0900][10.444s][info][gc             ] GC(501) Pause Young (Allocation Failure) 249M->203M(501M) 4.354ms
[2026-03-22T19:50:06.931+0900][10.444s][info][gc,cpu         ] GC(501) User=0.00s Sys=0.00s Real=0.00s
[2026-03-22T19:50:06.946+0900][10.459s][info][gc,start       ] GC(502) Pause Young (Allocation Failure)
[2026-03-22T19:50:06.950+0900][10.463s][info][gc,heap        ] GC(502) PSYoungGen: 163089K(163840K)->10528K(163840K) Eden: 152561K(153088K)->0K(153088K) From: 10528K(10752K)->10528K(10752K)
[2026-03-22T19:50:06.950+0900][10.463s][info][gc,heap        ] GC(502) ParOldGen: 197639K(349696K)->291999K(349696K)
[2026-03-22T19:50:06.950+0900][10.463s][info][gc,metaspace   ] GC(502) Metaspace: 340K(512K)->340K(512K) NonClass: 322K(384K)->322K(384K) Class: 17K(128K)->17K(128K)
[2026-03-22T19:50:06.950+0900][10.463s][info][gc             ] GC(502) Pause Young (Allocation Failure) 352M->295M(501M) 4.419ms
[2026-03-22T19:50:06.950+0900][10.463s][info][gc,cpu         ] GC(502) User=0.09s Sys=0.00s Real=0.00s
[2026-03-22T19:50:06.965+0900][10.478s][info][gc,start       ] GC(503) Pause Full (Ergonomics)
[2026-03-22T19:50:06.965+0900][10.478s][info][gc,phases,start] GC(503) Marking Phase
[2026-03-22T19:50:06.967+0900][10.480s][info][gc,phases      ] GC(503) Marking Phase 1.323ms
[2026-03-22T19:50:06.967+0900][10.480s][info][gc,phases,start] GC(503) Summary Phase
[2026-03-22T19:50:06.967+0900][10.480s][info][gc,phases      ] GC(503) Summary Phase 0.015ms
[2026-03-22T19:50:06.967+0900][10.480s][info][gc,phases,start] GC(503) Adjust Roots
[2026-03-22T19:50:06.967+0900][10.480s][info][gc,phases      ] GC(503) Adjust Roots 0.329ms
[2026-03-22T19:50:06.967+0900][10.480s][info][gc,phases,start] GC(503) Compaction Phase
[2026-03-22T19:50:06.972+0900][10.485s][info][gc,phases      ] GC(503) Compaction Phase 5.009ms
[2026-03-22T19:50:06.972+0900][10.485s][info][gc,phases,start] GC(503) Post Compact
[2026-03-22T19:50:06.974+0900][10.487s][info][gc,phases      ] GC(503) Post Compact 1.775ms
[2026-03-22T19:50:06.974+0900][10.487s][info][gc,heap        ] GC(503) PSYoungGen: 163089K(163840K)->0K(163840K) Eden: 152561K(153088K)->0K(153088K) From: 10528K(10752K)->0K(10752K)
[2026-03-22T19:50:06.974+0900][10.487s][info][gc,heap        ] GC(503) ParOldGen: 291999K(349696K)->103430K(349696K)
[2026-03-22T19:50:06.974+0900][10.487s][info][gc,metaspace   ] GC(503) Metaspace: 340K(512K)->340K(512K) NonClass: 322K(384K)->322K(384K) Class: 17K(128K)->17K(128K)
[2026-03-22T19:50:06.974+0900][10.487s][info][gc             ] GC(503) Pause Full (Ergonomics) 444M->101M(501M) 8.868ms
[2026-03-22T19:50:06.974+0900][10.487s][info][gc,cpu         ] GC(503) User=0.00s Sys=0.00s Real=0.01s
[2026-03-22T19:50:06.990+0900][10.503s][info][gc,start       ] GC(504) Pause Young (Allocation Failure)
[2026-03-22T19:50:06.994+0900][10.508s][info][gc,heap        ] GC(504) PSYoungGen: 152561K(163840K)->10560K(163840K) Eden: 152561K(153088K)->0K(153088K) From: 0K(10752K)->10560K(10752K)
[2026-03-22T19:50:06.995+0900][10.508s][info][gc,heap        ] GC(504) ParOldGen: 103430K(349696K)->197639K(349696K)
[2026-03-22T19:50:06.995+0900][10.508s][info][gc,metaspace   ] GC(504) Metaspace: 340K(512K)->340K(512K) NonClass: 322K(384K)->322K(384K) Class: 17K(128K)->17K(128K)
[2026-03-22T19:50:06.995+0900][10.508s][info][gc             ] GC(504) Pause Young (Allocation Failure) 249M->203M(501M) 4.680ms
[2026-03-22T19:50:06.995+0900][10.508s][info][gc,cpu         ] GC(504) User=0.09s Sys=0.00s Real=0.00s
[2026-03-22T19:50:07.012+0900][10.525s][info][gc,start       ] GC(505) Pause Young (Allocation Failure)
[2026-03-22T19:50:07.016+0900][10.529s][info][gc,heap        ] GC(505) PSYoungGen: 163121K(163840K)->10528K(163840K) Eden: 152561K(153088K)->0K(153088K) From: 10560K(10752K)->10528K(10752K)
[2026-03-22T19:50:07.016+0900][10.530s][info][gc,heap        ] GC(505) ParOldGen: 197639K(349696K)->291999K(349696K)
[2026-03-22T19:50:07.016+0900][10.530s][info][gc,metaspace   ] GC(505) Metaspace: 340K(512K)->340K(512K) NonClass: 322K(384K)->322K(384K) Class: 17K(128K)->17K(128K)
[2026-03-22T19:50:07.016+0900][10.530s][info][gc             ] GC(505) Pause Young (Allocation Failure) 352M->295M(501M) 4.545ms
[2026-03-22T19:50:07.016+0900][10.530s][info][gc,cpu         ] GC(505) User=0.00s Sys=0.00s Real=0.00s
[2026-03-22T19:50:07.031+0900][10.545s][info][gc,start       ] GC(506) Pause Full (Ergonomics)
[2026-03-22T19:50:07.031+0900][10.545s][info][gc,phases,start] GC(506) Marking Phase
[2026-03-22T19:50:07.033+0900][10.546s][info][gc,phases      ] GC(506) Marking Phase 1.293ms
[2026-03-22T19:50:07.033+0900][10.546s][info][gc,phases,start] GC(506) Summary Phase
[2026-03-22T19:50:07.033+0900][10.546s][info][gc,phases      ] GC(506) Summary Phase 0.024ms
[2026-03-22T19:50:07.033+0900][10.546s][info][gc,phases,start] GC(506) Adjust Roots
[2026-03-22T19:50:07.033+0900][10.546s][info][gc,phases      ] GC(506) Adjust Roots 0.258ms
[2026-03-22T19:50:07.033+0900][10.546s][info][gc,phases,start] GC(506) Compaction Phase
[2026-03-22T19:50:07.038+0900][10.551s][info][gc,phases      ] GC(506) Compaction Phase 4.935ms
[2026-03-22T19:50:07.038+0900][10.551s][info][gc,phases,start] GC(506) Post Compact
[2026-03-22T19:50:07.040+0900][10.553s][info][gc,phases      ] GC(506) Post Compact 1.818ms
[2026-03-22T19:50:07.040+0900][10.553s][info][gc,heap        ] GC(506) PSYoungGen: 163089K(163840K)->0K(163840K) Eden: 152561K(153088K)->0K(153088K) From: 10528K(10752K)->0K(10752K)
[2026-03-22T19:50:07.040+0900][10.553s][info][gc,heap        ] GC(506) ParOldGen: 291999K(349696K)->103430K(349696K)
[2026-03-22T19:50:07.040+0900][10.553s][info][gc,metaspace   ] GC(506) Metaspace: 340K(512K)->340K(512K) NonClass: 322K(384K)->322K(384K) Class: 17K(128K)->17K(128K)
[2026-03-22T19:50:07.040+0900][10.553s][info][gc             ] GC(506) Pause Full (Ergonomics) 444M->101M(501M) 8.647ms
[2026-03-22T19:50:07.040+0900][10.553s][info][gc,cpu         ] GC(506) User=0.00s Sys=0.00s Real=0.01s
[2026-03-22T19:50:07.055+0900][10.568s][info][gc,start       ] GC(507) Pause Young (Allocation Failure)
[2026-03-22T19:50:07.059+0900][10.573s][info][gc,heap        ] GC(507) PSYoungGen: 152561K(163840K)->10528K(163840K) Eden: 152561K(153088K)->0K(153088K) From: 0K(10752K)->10528K(10752K)
[2026-03-22T19:50:07.059+0900][10.573s][info][gc,heap        ] GC(507) ParOldGen: 103430K(349696K)->197639K(349696K)
[2026-03-22T19:50:07.059+0900][10.573s][info][gc,metaspace   ] GC(507) Metaspace: 340K(512K)->340K(512K) NonClass: 322K(384K)->322K(384K) Class: 17K(128K)->17K(128K)
[2026-03-22T19:50:07.059+0900][10.573s][info][gc             ] GC(507) Pause Young (Allocation Failure) 249M->203M(501M) 4.603ms
[2026-03-22T19:50:07.059+0900][10.573s][info][gc,cpu         ] GC(507) User=0.09s Sys=0.00s Real=0.00s
[2026-03-22T19:50:07.076+0900][10.588s][info][gc,start       ] GC(508) Pause Young (Allocation Failure)
[2026-03-22T19:50:07.080+0900][10.593s][info][gc,heap        ] GC(508) PSYoungGen: 163089K(163840K)->10528K(163840K) Eden: 152561K(153088K)->0K(153088K) From: 10528K(10752K)->10528K(10752K)
[2026-03-22T19:50:07.080+0900][10.593s][info][gc,heap        ] GC(508) ParOldGen: 197639K(349696K)->291999K(349696K)
[2026-03-22T19:50:07.080+0900][10.593s][info][gc,metaspace   ] GC(508) Metaspace: 340K(512K)->340K(512K) NonClass: 322K(384K)->322K(384K) Class: 17K(128K)->17K(128K)
[2026-03-22T19:50:07.080+0900][10.593s][info][gc             ] GC(508) Pause Young (Allocation Failure) 352M->295M(501M) 4.895ms
[2026-03-22T19:50:07.081+0900][10.593s][info][gc,cpu         ] GC(508) User=0.00s Sys=0.00s Real=0.01s
[2026-03-22T19:50:07.098+0900][10.610s][info][gc,start       ] GC(509) Pause Full (Ergonomics)
[2026-03-22T19:50:07.098+0900][10.611s][info][gc,phases,start] GC(509) Marking Phase
[2026-03-22T19:50:07.099+0900][10.612s][info][gc,phases      ] GC(509) Marking Phase 1.483ms
[2026-03-22T19:50:07.099+0900][10.612s][info][gc,phases,start] GC(509) Summary Phase
[2026-03-22T19:50:07.099+0900][10.612s][info][gc,phases      ] GC(509) Summary Phase 0.021ms
[2026-03-22T19:50:07.099+0900][10.612s][info][gc,phases,start] GC(509) Adjust Roots
[2026-03-22T19:50:07.099+0900][10.612s][info][gc,phases      ] GC(509) Adjust Roots 0.240ms
[2026-03-22T19:50:07.100+0900][10.612s][info][gc,phases,start] GC(509) Compaction Phase
[2026-03-22T19:50:07.104+0900][10.617s][info][gc,phases      ] GC(509) Compaction Phase 4.947ms
[2026-03-22T19:50:07.105+0900][10.617s][info][gc,phases,start] GC(509) Post Compact
[2026-03-22T19:50:07.106+0900][10.619s][info][gc,phases      ] GC(509) Post Compact 1.594ms
[2026-03-22T19:50:07.106+0900][10.619s][info][gc,heap        ] GC(509) PSYoungGen: 163089K(163840K)->0K(163840K) Eden: 152561K(153088K)->0K(153088K) From: 10528K(10752K)->0K(10752K)
[2026-03-22T19:50:07.106+0900][10.619s][info][gc,heap        ] GC(509) ParOldGen: 291999K(349696K)->103430K(349696K)
[2026-03-22T19:50:07.106+0900][10.619s][info][gc,metaspace   ] GC(509) Metaspace: 340K(512K)->340K(512K) NonClass: 322K(384K)->322K(384K) Class: 17K(128K)->17K(128K)
[2026-03-22T19:50:07.106+0900][10.619s][info][gc             ] GC(509) Pause Full (Ergonomics) 444M->101M(501M) 8.667ms
[2026-03-22T19:50:07.106+0900][10.619s][info][gc,cpu         ] GC(509) User=0.08s Sys=0.00s Real=0.01s
[2026-03-22T19:50:07.122+0900][10.635s][info][gc,start       ] GC(510) Pause Young (Allocation Failure)
[2026-03-22T19:50:07.127+0900][10.640s][info][gc,heap        ] GC(510) PSYoungGen: 152561K(163840K)->10528K(163840K) Eden: 152561K(153088K)->0K(153088K) From: 0K(10752K)->10528K(10752K)
[2026-03-22T19:50:07.127+0900][10.640s][info][gc,heap        ] GC(510) ParOldGen: 103430K(349696K)->197639K(349696K)
[2026-03-22T19:50:07.127+0900][10.640s][info][gc,metaspace   ] GC(510) Metaspace: 340K(512K)->340K(512K) NonClass: 322K(384K)->322K(384K) Class: 17K(128K)->17K(128K)
[2026-03-22T19:50:07.127+0900][10.640s][info][gc             ] GC(510) Pause Young (Allocation Failure) 249M->203M(501M) 4.571ms
[2026-03-22T19:50:07.127+0900][10.640s][info][gc,cpu         ] GC(510) User=0.00s Sys=0.00s Real=0.01s
[2026-03-22T19:50:07.142+0900][10.655s][info][gc,start       ] GC(511) Pause Young (Allocation Failure)
[2026-03-22T19:50:07.146+0900][10.659s][info][gc,heap        ] GC(511) PSYoungGen: 163089K(163840K)->10560K(163840K) Eden: 152561K(153088K)->0K(153088K) From: 10528K(10752K)->10560K(10752K)
[2026-03-22T19:50:07.146+0900][10.659s][info][gc,heap        ] GC(511) ParOldGen: 197639K(349696K)->291999K(349696K)
[2026-03-22T19:50:07.146+0900][10.659s][info][gc,metaspace   ] GC(511) Metaspace: 340K(512K)->340K(512K) NonClass: 322K(384K)->322K(384K) Class: 17K(128K)->17K(128K)
[2026-03-22T19:50:07.146+0900][10.659s][info][gc             ] GC(511) Pause Young (Allocation Failure) 352M->295M(501M) 4.786ms
[2026-03-22T19:50:07.146+0900][10.659s][info][gc,cpu         ] GC(511) User=0.00s Sys=0.00s Real=0.00s
[2026-03-22T19:50:07.163+0900][10.676s][info][gc,start       ] GC(512) Pause Full (Ergonomics)
[2026-03-22T19:50:07.163+0900][10.676s][info][gc,phases,start] GC(512) Marking Phase
[2026-03-22T19:50:07.165+0900][10.678s][info][gc,phases      ] GC(512) Marking Phase 1.806ms
[2026-03-22T19:50:07.165+0900][10.678s][info][gc,phases,start] GC(512) Summary Phase
[2026-03-22T19:50:07.165+0900][10.678s][info][gc,phases      ] GC(512) Summary Phase 0.035ms
[2026-03-22T19:50:07.165+0900][10.678s][info][gc,phases,start] GC(512) Adjust Roots
[2026-03-22T19:50:07.165+0900][10.678s][info][gc,phases      ] GC(512) Adjust Roots 0.285ms
[2026-03-22T19:50:07.165+0900][10.678s][info][gc,phases,start] GC(512) Compaction Phase
[2026-03-22T19:50:07.170+0900][10.684s][info][gc,phases      ] GC(512) Compaction Phase 5.324ms
[2026-03-22T19:50:07.171+0900][10.684s][info][gc,phases,start] GC(512) Post Compact
[2026-03-22T19:50:07.173+0900][10.686s][info][gc,phases      ] GC(512) Post Compact 1.764ms
[2026-03-22T19:50:07.173+0900][10.686s][info][gc,heap        ] GC(512) PSYoungGen: 163121K(163840K)->0K(163840K) Eden: 152561K(153088K)->0K(153088K) From: 10560K(10752K)->0K(10752K)
[2026-03-22T19:50:07.173+0900][10.686s][info][gc,heap        ] GC(512) ParOldGen: 291999K(349696K)->103195K(349696K)
[2026-03-22T19:50:07.173+0900][10.686s][info][gc,metaspace   ] GC(512) Metaspace: 340K(512K)->340K(512K) NonClass: 322K(384K)->322K(384K) Class: 17K(128K)->17K(128K)
[2026-03-22T19:50:07.173+0900][10.686s][info][gc             ] GC(512) Pause Full (Ergonomics) 444M->100M(501M) 9.597ms
[2026-03-22T19:50:07.173+0900][10.686s][info][gc,cpu         ] GC(512) User=0.02s Sys=0.00s Real=0.01s
[2026-03-22T19:50:07.189+0900][10.702s][info][gc,start       ] GC(513) Pause Young (Allocation Failure)
[2026-03-22T19:50:07.194+0900][10.707s][info][gc,heap        ] GC(513) PSYoungGen: 152561K(163840K)->10528K(163840K) Eden: 152561K(153088K)->0K(153088K) From: 0K(10752K)->10528K(10752K)
[2026-03-22T19:50:07.194+0900][10.707s][info][gc,heap        ] GC(513) ParOldGen: 103195K(349696K)->197403K(349696K)
[2026-03-22T19:50:07.194+0900][10.707s][info][gc,metaspace   ] GC(513) Metaspace: 340K(512K)->340K(512K) NonClass: 322K(384K)->322K(384K) Class: 17K(128K)->17K(128K)
[2026-03-22T19:50:07.194+0900][10.707s][info][gc             ] GC(513) Pause Young (Allocation Failure) 249M->203M(501M) 5.184ms
[2026-03-22T19:50:07.194+0900][10.707s][info][gc,cpu         ] GC(513) User=0.00s Sys=0.00s Real=0.01s
[2026-03-22T19:50:07.212+0900][10.724s][info][gc,start       ] GC(514) Pause Young (Allocation Failure)
[2026-03-22T19:50:07.216+0900][10.729s][info][gc,heap        ] GC(514) PSYoungGen: 163089K(163840K)->10560K(163840K) Eden: 152561K(153088K)->0K(153088K) From: 10528K(10752K)->10560K(10752K)
[2026-03-22T19:50:07.216+0900][10.729s][info][gc,heap        ] GC(514) ParOldGen: 197403K(349696K)->291764K(349696K)
[2026-03-22T19:50:07.216+0900][10.729s][info][gc,metaspace   ] GC(514) Metaspace: 340K(512K)->340K(512K) NonClass: 322K(384K)->322K(384K) Class: 17K(128K)->17K(128K)
[2026-03-22T19:50:07.216+0900][10.729s][info][gc             ] GC(514) Pause Young (Allocation Failure) 352M->295M(501M) 4.536ms
[2026-03-22T19:50:07.216+0900][10.729s][info][gc,cpu         ] GC(514) User=0.09s Sys=0.00s Real=0.00s
[2026-03-22T19:50:07.231+0900][10.744s][info][gc,start       ] GC(515) Pause Full (Ergonomics)
[2026-03-22T19:50:07.231+0900][10.744s][info][gc,phases,start] GC(515) Marking Phase
[2026-03-22T19:50:07.232+0900][10.745s][info][gc,phases      ] GC(515) Marking Phase 1.409ms
[2026-03-22T19:50:07.232+0900][10.745s][info][gc,phases,start] GC(515) Summary Phase
[2026-03-22T19:50:07.232+0900][10.745s][info][gc,phases      ] GC(515) Summary Phase 0.034ms
[2026-03-22T19:50:07.232+0900][10.745s][info][gc,phases,start] GC(515) Adjust Roots
[2026-03-22T19:50:07.233+0900][10.746s][info][gc,phases      ] GC(515) Adjust Roots 0.447ms
[2026-03-22T19:50:07.233+0900][10.746s][info][gc,phases,start] GC(515) Compaction Phase
[2026-03-22T19:50:07.238+0900][10.751s][info][gc,phases      ] GC(515) Compaction Phase 5.544ms
[2026-03-22T19:50:07.238+0900][10.751s][info][gc,phases,start] GC(515) Post Compact
[2026-03-22T19:50:07.240+0900][10.753s][info][gc,phases      ] GC(515) Post Compact 1.620ms
[2026-03-22T19:50:07.240+0900][10.753s][info][gc,heap        ] GC(515) PSYoungGen: 163121K(163840K)->0K(163840K) Eden: 152561K(153088K)->0K(153088K) From: 10560K(10752K)->0K(10752K)
[2026-03-22T19:50:07.240+0900][10.753s][info][gc,heap        ] GC(515) ParOldGen: 291764K(349696K)->103430K(349696K)
[2026-03-22T19:50:07.240+0900][10.753s][info][gc,metaspace   ] GC(515) Metaspace: 340K(512K)->340K(512K) NonClass: 322K(384K)->322K(384K) Class: 17K(128K)->17K(128K)
[2026-03-22T19:50:07.240+0900][10.753s][info][gc             ] GC(515) Pause Full (Ergonomics) 444M->101M(501M) 9.512ms
[2026-03-22T19:50:07.240+0900][10.753s][info][gc,cpu         ] GC(515) User=0.00s Sys=0.00s Real=0.01s
[2026-03-22T19:50:07.255+0900][10.768s][info][gc,start       ] GC(516) Pause Young (Allocation Failure)
[2026-03-22T19:50:07.259+0900][10.772s][info][gc,heap        ] GC(516) PSYoungGen: 152561K(163840K)->10528K(163840K) Eden: 152561K(153088K)->0K(153088K) From: 0K(10752K)->10528K(10752K)
[2026-03-22T19:50:07.259+0900][10.772s][info][gc,heap        ] GC(516) ParOldGen: 103430K(349696K)->197639K(349696K)
[2026-03-22T19:50:07.259+0900][10.772s][info][gc,metaspace   ] GC(516) Metaspace: 340K(512K)->340K(512K) NonClass: 322K(384K)->322K(384K) Class: 17K(128K)->17K(128K)
[2026-03-22T19:50:07.259+0900][10.772s][info][gc             ] GC(516) Pause Young (Allocation Failure) 249M->203M(501M) 4.333ms
[2026-03-22T19:50:07.259+0900][10.772s][info][gc,cpu         ] GC(516) User=0.00s Sys=0.00s Real=0.00s
[2026-03-22T19:50:07.274+0900][10.787s][info][gc,start       ] GC(517) Pause Young (Allocation Failure)
[2026-03-22T19:50:07.278+0900][10.791s][info][gc,heap        ] GC(517) PSYoungGen: 163089K(163840K)->10560K(163840K) Eden: 152561K(153088K)->0K(153088K) From: 10528K(10752K)->10560K(10752K)
[2026-03-22T19:50:07.278+0900][10.791s][info][gc,heap        ] GC(517) ParOldGen: 197639K(349696K)->291999K(349696K)
[2026-03-22T19:50:07.278+0900][10.791s][info][gc,metaspace   ] GC(517) Metaspace: 340K(512K)->340K(512K) NonClass: 322K(384K)->322K(384K) Class: 17K(128K)->17K(128K)
[2026-03-22T19:50:07.278+0900][10.791s][info][gc             ] GC(517) Pause Young (Allocation Failure) 352M->295M(501M) 4.384ms
[2026-03-22T19:50:07.278+0900][10.791s][info][gc,cpu         ] GC(517) User=0.09s Sys=0.00s Real=0.00s
[2026-03-22T19:50:07.295+0900][10.808s][info][gc,start       ] GC(518) Pause Full (Ergonomics)
[2026-03-22T19:50:07.295+0900][10.808s][info][gc,phases,start] GC(518) Marking Phase
[2026-03-22T19:50:07.296+0900][10.809s][info][gc,phases      ] GC(518) Marking Phase 1.370ms
[2026-03-22T19:50:07.296+0900][10.809s][info][gc,phases,start] GC(518) Summary Phase
[2026-03-22T19:50:07.296+0900][10.809s][info][gc,phases      ] GC(518) Summary Phase 0.027ms
[2026-03-22T19:50:07.296+0900][10.809s][info][gc,phases,start] GC(518) Adjust Roots
[2026-03-22T19:50:07.297+0900][10.810s][info][gc,phases      ] GC(518) Adjust Roots 0.212ms
[2026-03-22T19:50:07.297+0900][10.810s][info][gc,phases,start] GC(518) Compaction Phase
[2026-03-22T19:50:07.302+0900][10.815s][info][gc,phases      ] GC(518) Compaction Phase 5.307ms
[2026-03-22T19:50:07.302+0900][10.815s][info][gc,phases,start] GC(518) Post Compact
[2026-03-22T19:50:07.303+0900][10.816s][info][gc,phases      ] GC(518) Post Compact 1.401ms
[2026-03-22T19:50:07.303+0900][10.816s][info][gc,heap        ] GC(518) PSYoungGen: 163121K(163840K)->0K(163840K) Eden: 152561K(153088K)->0K(153088K) From: 10560K(10752K)->0K(10752K)
[2026-03-22T19:50:07.303+0900][10.816s][info][gc,heap        ] GC(518) ParOldGen: 291999K(349696K)->103430K(349696K)
[2026-03-22T19:50:07.303+0900][10.817s][info][gc,metaspace   ] GC(518) Metaspace: 340K(512K)->340K(512K) NonClass: 322K(384K)->322K(384K) Class: 17K(128K)->17K(128K)
[2026-03-22T19:50:07.303+0900][10.817s][info][gc             ] GC(518) Pause Full (Ergonomics) 444M->101M(501M) 8.635ms
[2026-03-22T19:50:07.303+0900][10.817s][info][gc,cpu         ] GC(518) User=0.00s Sys=0.00s Real=0.01s
[2026-03-22T19:50:07.320+0900][10.833s][info][gc,start       ] GC(519) Pause Young (Allocation Failure)
[2026-03-22T19:50:07.325+0900][10.837s][info][gc,heap        ] GC(519) PSYoungGen: 152561K(163840K)->10528K(163840K) Eden: 152561K(153088K)->0K(153088K) From: 0K(10752K)->10528K(10752K)
[2026-03-22T19:50:07.325+0900][10.837s][info][gc,heap        ] GC(519) ParOldGen: 103430K(349696K)->197639K(349696K)
[2026-03-22T19:50:07.325+0900][10.837s][info][gc,metaspace   ] GC(519) Metaspace: 340K(512K)->340K(512K) NonClass: 322K(384K)->322K(384K) Class: 17K(128K)->17K(128K)
[2026-03-22T19:50:07.325+0900][10.837s][info][gc             ] GC(519) Pause Young (Allocation Failure) 249M->203M(501M) 4.389ms
[2026-03-22T19:50:07.325+0900][10.837s][info][gc,cpu         ] GC(519) User=0.09s Sys=0.00s Real=0.01s
[2026-03-22T19:50:07.340+0900][10.852s][info][gc,start       ] GC(520) Pause Young (Allocation Failure)
[2026-03-22T19:50:07.344+0900][10.857s][info][gc,heap        ] GC(520) PSYoungGen: 163089K(163840K)->10528K(163840K) Eden: 152561K(153088K)->0K(153088K) From: 10528K(10752K)->10528K(10752K)
[2026-03-22T19:50:07.344+0900][10.857s][info][gc,heap        ] GC(520) ParOldGen: 197639K(349696K)->291999K(349696K)
[2026-03-22T19:50:07.344+0900][10.857s][info][gc,metaspace   ] GC(520) Metaspace: 340K(512K)->340K(512K) NonClass: 322K(384K)->322K(384K) Class: 17K(128K)->17K(128K)
[2026-03-22T19:50:07.344+0900][10.857s][info][gc             ] GC(520) Pause Young (Allocation Failure) 352M->295M(501M) 4.927ms
[2026-03-22T19:50:07.344+0900][10.857s][info][gc,cpu         ] GC(520) User=0.00s Sys=0.00s Real=0.00s
[2026-03-22T19:50:07.359+0900][10.872s][info][gc,start       ] GC(521) Pause Full (Ergonomics)
[2026-03-22T19:50:07.359+0900][10.872s][info][gc,phases,start] GC(521) Marking Phase
[2026-03-22T19:50:07.361+0900][10.874s][info][gc,phases      ] GC(521) Marking Phase 1.529ms
[2026-03-22T19:50:07.361+0900][10.874s][info][gc,phases,start] GC(521) Summary Phase
[2026-03-22T19:50:07.361+0900][10.874s][info][gc,phases      ] GC(521) Summary Phase 0.033ms
[2026-03-22T19:50:07.361+0900][10.874s][info][gc,phases,start] GC(521) Adjust Roots
[2026-03-22T19:50:07.361+0900][10.874s][info][gc,phases      ] GC(521) Adjust Roots 0.341ms
[2026-03-22T19:50:07.361+0900][10.874s][info][gc,phases,start] GC(521) Compaction Phase
[2026-03-22T19:50:07.366+0900][10.879s][info][gc,phases      ] GC(521) Compaction Phase 4.936ms
[2026-03-22T19:50:07.366+0900][10.879s][info][gc,phases,start] GC(521) Post Compact
[2026-03-22T19:50:07.368+0900][10.881s][info][gc,phases      ] GC(521) Post Compact 2.012ms
[2026-03-22T19:50:07.368+0900][10.881s][info][gc,heap        ] GC(521) PSYoungGen: 163089K(163840K)->0K(163840K) Eden: 152561K(153088K)->0K(153088K) From: 10528K(10752K)->0K(10752K)
[2026-03-22T19:50:07.368+0900][10.881s][info][gc,heap        ] GC(521) ParOldGen: 291999K(349696K)->103430K(349696K)
[2026-03-22T19:50:07.368+0900][10.881s][info][gc,metaspace   ] GC(521) Metaspace: 340K(512K)->340K(512K) NonClass: 322K(384K)->322K(384K) Class: 17K(128K)->17K(128K)
[2026-03-22T19:50:07.369+0900][10.881s][info][gc             ] GC(521) Pause Full (Ergonomics) 444M->101M(501M) 9.275ms
[2026-03-22T19:50:07.369+0900][10.881s][info][gc,cpu         ] GC(521) User=0.00s Sys=0.00s Real=0.01s
[2026-03-22T19:50:07.383+0900][10.895s][info][gc,start       ] GC(522) Pause Young (Allocation Failure)
[2026-03-22T19:50:07.387+0900][10.900s][info][gc,heap        ] GC(522) PSYoungGen: 152561K(163840K)->10528K(163840K) Eden: 152561K(153088K)->0K(153088K) From: 0K(10752K)->10528K(10752K)
[2026-03-22T19:50:07.387+0900][10.900s][info][gc,heap        ] GC(522) ParOldGen: 103430K(349696K)->197639K(349696K)
[2026-03-22T19:50:07.387+0900][10.900s][info][gc,metaspace   ] GC(522) Metaspace: 340K(512K)->340K(512K) NonClass: 322K(384K)->322K(384K) Class: 17K(128K)->17K(128K)
[2026-03-22T19:50:07.387+0900][10.900s][info][gc             ] GC(522) Pause Young (Allocation Failure) 249M->203M(501M) 4.492ms
[2026-03-22T19:50:07.387+0900][10.900s][info][gc,cpu         ] GC(522) User=0.05s Sys=0.00s Real=0.00s
[2026-03-22T19:50:07.405+0900][10.918s][info][gc,start       ] GC(523) Pause Young (Allocation Failure)
[2026-03-22T19:50:07.410+0900][10.922s][info][gc,heap        ] GC(523) PSYoungGen: 163089K(163840K)->10560K(163840K) Eden: 152561K(153088K)->0K(153088K) From: 10528K(10752K)->10560K(10752K)
[2026-03-22T19:50:07.410+0900][10.922s][info][gc,heap        ] GC(523) ParOldGen: 197639K(349696K)->291999K(349696K)
[2026-03-22T19:50:07.410+0900][10.923s][info][gc,metaspace   ] GC(523) Metaspace: 340K(512K)->340K(512K) NonClass: 322K(384K)->322K(384K) Class: 17K(128K)->17K(128K)
[2026-03-22T19:50:07.410+0900][10.923s][info][gc             ] GC(523) Pause Young (Allocation Failure) 352M->295M(501M) 4.803ms
[2026-03-22T19:50:07.410+0900][10.923s][info][gc,cpu         ] GC(523) User=0.00s Sys=0.00s Real=0.01s
[2026-03-22T19:50:07.430+0900][10.943s][info][gc,start       ] GC(524) Pause Full (Ergonomics)
[2026-03-22T19:50:07.430+0900][10.943s][info][gc,phases,start] GC(524) Marking Phase
[2026-03-22T19:50:07.431+0900][10.944s][info][gc,phases      ] GC(524) Marking Phase 1.115ms
[2026-03-22T19:50:07.431+0900][10.944s][info][gc,phases,start] GC(524) Summary Phase
[2026-03-22T19:50:07.431+0900][10.944s][info][gc,phases      ] GC(524) Summary Phase 0.016ms
[2026-03-22T19:50:07.431+0900][10.944s][info][gc,phases,start] GC(524) Adjust Roots
[2026-03-22T19:50:07.431+0900][10.944s][info][gc,phases      ] GC(524) Adjust Roots 0.163ms
[2026-03-22T19:50:07.431+0900][10.944s][info][gc,phases,start] GC(524) Compaction Phase
[2026-03-22T19:50:07.436+0900][10.950s][info][gc,phases      ] GC(524) Compaction Phase 5.392ms
[2026-03-22T19:50:07.436+0900][10.950s][info][gc,phases,start] GC(524) Post Compact
[2026-03-22T19:50:07.439+0900][10.952s][info][gc,phases      ] GC(524) Post Compact 2.222ms
[2026-03-22T19:50:07.439+0900][10.952s][info][gc,heap        ] GC(524) PSYoungGen: 163121K(163840K)->0K(163840K) Eden: 152561K(153088K)->0K(153088K) From: 10560K(10752K)->0K(10752K)
[2026-03-22T19:50:07.439+0900][10.952s][info][gc,heap        ] GC(524) ParOldGen: 291999K(349696K)->103430K(349696K)
[2026-03-22T19:50:07.439+0900][10.952s][info][gc,metaspace   ] GC(524) Metaspace: 340K(512K)->340K(512K) NonClass: 322K(384K)->322K(384K) Class: 17K(128K)->17K(128K)
[2026-03-22T19:50:07.439+0900][10.952s][info][gc             ] GC(524) Pause Full (Ergonomics) 444M->101M(501M) 9.260ms
[2026-03-22T19:50:07.439+0900][10.952s][info][gc,cpu         ] GC(524) User=0.02s Sys=0.00s Real=0.01s
[2026-03-22T19:50:07.455+0900][10.968s][info][gc,start       ] GC(525) Pause Young (Allocation Failure)
[2026-03-22T19:50:07.459+0900][10.972s][info][gc,heap        ] GC(525) PSYoungGen: 152561K(163840K)->10528K(163840K) Eden: 152561K(153088K)->0K(153088K) From: 0K(10752K)->10528K(10752K)
[2026-03-22T19:50:07.459+0900][10.972s][info][gc,heap        ] GC(525) ParOldGen: 103430K(349696K)->197639K(349696K)
[2026-03-22T19:50:07.459+0900][10.972s][info][gc,metaspace   ] GC(525) Metaspace: 340K(512K)->340K(512K) NonClass: 322K(384K)->322K(384K) Class: 17K(128K)->17K(128K)
[2026-03-22T19:50:07.459+0900][10.972s][info][gc             ] GC(525) Pause Young (Allocation Failure) 249M->203M(501M) 4.745ms
[2026-03-22T19:50:07.460+0900][10.972s][info][gc,cpu         ] GC(525) User=0.00s Sys=0.00s Real=0.01s
[2026-03-22T19:50:07.474+0900][10.987s][info][gc,start       ] GC(526) Pause Young (Allocation Failure)
[2026-03-22T19:50:07.478+0900][10.991s][info][gc,heap        ] GC(526) PSYoungGen: 163089K(163840K)->10528K(163840K) Eden: 152561K(153088K)->0K(153088K) From: 10528K(10752K)->10528K(10752K)
[2026-03-22T19:50:07.478+0900][10.991s][info][gc,heap        ] GC(526) ParOldGen: 197639K(349696K)->291999K(349696K)
[2026-03-22T19:50:07.478+0900][10.991s][info][gc,metaspace   ] GC(526) Metaspace: 340K(512K)->340K(512K) NonClass: 322K(384K)->322K(384K) Class: 17K(128K)->17K(128K)
[2026-03-22T19:50:07.479+0900][10.991s][info][gc             ] GC(526) Pause Young (Allocation Failure) 352M->295M(501M) 4.759ms
[2026-03-22T19:50:07.479+0900][10.991s][info][gc,cpu         ] GC(526) User=0.02s Sys=0.00s Real=0.01s
[2026-03-22T19:50:07.494+0900][11.008s][info][gc,start       ] GC(527) Pause Full (Ergonomics)
[2026-03-22T19:50:07.494+0900][11.008s][info][gc,phases,start] GC(527) Marking Phase
[2026-03-22T19:50:07.496+0900][11.009s][info][gc,phases      ] GC(527) Marking Phase 1.533ms
[2026-03-22T19:50:07.496+0900][11.009s][info][gc,phases,start] GC(527) Summary Phase
[2026-03-22T19:50:07.496+0900][11.009s][info][gc,phases      ] GC(527) Summary Phase 0.021ms
[2026-03-22T19:50:07.496+0900][11.009s][info][gc,phases,start] GC(527) Adjust Roots
[2026-03-22T19:50:07.496+0900][11.010s][info][gc,phases      ] GC(527) Adjust Roots 0.224ms
[2026-03-22T19:50:07.496+0900][11.010s][info][gc,phases,start] GC(527) Compaction Phase
[2026-03-22T19:50:07.501+0900][11.015s][info][gc,phases      ] GC(527) Compaction Phase 5.048ms
[2026-03-22T19:50:07.501+0900][11.015s][info][gc,phases,start] GC(527) Post Compact
[2026-03-22T19:50:07.504+0900][11.016s][info][gc,phases      ] GC(527) Post Compact 1.422ms
[2026-03-22T19:50:07.504+0900][11.016s][info][gc,heap        ] GC(527) PSYoungGen: 163089K(163840K)->0K(163840K) Eden: 152561K(153088K)->0K(153088K) From: 10528K(10752K)->0K(10752K)
[2026-03-22T19:50:07.504+0900][11.016s][info][gc,heap        ] GC(527) ParOldGen: 291999K(349696K)->103430K(349696K)
[2026-03-22T19:50:07.504+0900][11.016s][info][gc,metaspace   ] GC(527) Metaspace: 340K(512K)->340K(512K) NonClass: 322K(384K)->322K(384K) Class: 17K(128K)->17K(128K)
[2026-03-22T19:50:07.504+0900][11.016s][info][gc             ] GC(527) Pause Full (Ergonomics) 444M->101M(501M) 8.599ms
[2026-03-22T19:50:07.504+0900][11.016s][info][gc,cpu         ] GC(527) User=0.00s Sys=0.00s Real=0.01s
[2026-03-22T19:50:07.518+0900][11.031s][info][gc,start       ] GC(528) Pause Young (Allocation Failure)
[2026-03-22T19:50:07.526+0900][11.039s][info][gc,heap        ] GC(528) PSYoungGen: 152561K(163840K)->10528K(163840K) Eden: 152561K(153088K)->0K(153088K) From: 0K(10752K)->10528K(10752K)
[2026-03-22T19:50:07.526+0900][11.040s][info][gc,heap        ] GC(528) ParOldGen: 103430K(349696K)->197639K(349696K)
[2026-03-22T19:50:07.526+0900][11.040s][info][gc,metaspace   ] GC(528) Metaspace: 340K(512K)->340K(512K) NonClass: 322K(384K)->322K(384K) Class: 17K(128K)->17K(128K)
[2026-03-22T19:50:07.527+0900][11.040s][info][gc             ] GC(528) Pause Young (Allocation Failure) 249M->203M(501M) 8.539ms
[2026-03-22T19:50:07.527+0900][11.040s][info][gc,cpu         ] GC(528) User=0.09s Sys=0.00s Real=0.01s
[2026-03-22T19:50:07.541+0900][11.054s][info][gc,start       ] GC(529) Pause Young (Allocation Failure)
[2026-03-22T19:50:07.547+0900][11.059s][info][gc,heap        ] GC(529) PSYoungGen: 163089K(163840K)->10528K(163840K) Eden: 152561K(153088K)->0K(153088K) From: 10528K(10752K)->10528K(10752K)
[2026-03-22T19:50:07.547+0900][11.059s][info][gc,heap        ] GC(529) ParOldGen: 197639K(349696K)->291999K(349696K)
[2026-03-22T19:50:07.547+0900][11.059s][info][gc,metaspace   ] GC(529) Metaspace: 340K(512K)->340K(512K) NonClass: 322K(384K)->322K(384K) Class: 17K(128K)->17K(128K)
[2026-03-22T19:50:07.547+0900][11.059s][info][gc             ] GC(529) Pause Young (Allocation Failure) 352M->295M(501M) 4.979ms
[2026-03-22T19:50:07.547+0900][11.059s][info][gc,cpu         ] GC(529) User=0.00s Sys=0.00s Real=0.01s
[2026-03-22T19:50:07.562+0900][11.075s][info][gc,start       ] GC(530) Pause Full (Ergonomics)
[2026-03-22T19:50:07.562+0900][11.075s][info][gc,phases,start] GC(530) Marking Phase
[2026-03-22T19:50:07.563+0900][11.076s][info][gc,phases      ] GC(530) Marking Phase 1.415ms
[2026-03-22T19:50:07.563+0900][11.076s][info][gc,phases,start] GC(530) Summary Phase
[2026-03-22T19:50:07.563+0900][11.076s][info][gc,phases      ] GC(530) Summary Phase 0.025ms
[2026-03-22T19:50:07.563+0900][11.076s][info][gc,phases,start] GC(530) Adjust Roots
[2026-03-22T19:50:07.564+0900][11.077s][info][gc,phases      ] GC(530) Adjust Roots 0.308ms
[2026-03-22T19:50:07.564+0900][11.077s][info][gc,phases,start] GC(530) Compaction Phase
[2026-03-22T19:50:07.570+0900][11.083s][info][gc,phases      ] GC(530) Compaction Phase 5.945ms
[2026-03-22T19:50:07.570+0900][11.083s][info][gc,phases,start] GC(530) Post Compact
[2026-03-22T19:50:07.571+0900][11.084s][info][gc,phases      ] GC(530) Post Compact 1.407ms
[2026-03-22T19:50:07.571+0900][11.084s][info][gc,heap        ] GC(530) PSYoungGen: 163089K(163840K)->0K(163840K) Eden: 152561K(153088K)->0K(153088K) From: 10528K(10752K)->0K(10752K)
[2026-03-22T19:50:07.571+0900][11.084s][info][gc,heap        ] GC(530) ParOldGen: 291999K(349696K)->103430K(349696K)
[2026-03-22T19:50:07.571+0900][11.084s][info][gc,metaspace   ] GC(530) Metaspace: 340K(512K)->340K(512K) NonClass: 322K(384K)->322K(384K) Class: 17K(128K)->17K(128K)
[2026-03-22T19:50:07.571+0900][11.084s][info][gc             ] GC(530) Pause Full (Ergonomics) 444M->101M(501M) 9.402ms
[2026-03-22T19:50:07.571+0900][11.084s][info][gc,cpu         ] GC(530) User=0.00s Sys=0.00s Real=0.01s
[2026-03-22T19:50:07.588+0900][11.101s][info][gc,start       ] GC(531) Pause Young (Allocation Failure)
[2026-03-22T19:50:07.593+0900][11.106s][info][gc,heap        ] GC(531) PSYoungGen: 152561K(163840K)->10560K(163840K) Eden: 152561K(153088K)->0K(153088K) From: 0K(10752K)->10560K(10752K)
[2026-03-22T19:50:07.593+0900][11.106s][info][gc,heap        ] GC(531) ParOldGen: 103430K(349696K)->197639K(349696K)
[2026-03-22T19:50:07.593+0900][11.106s][info][gc,metaspace   ] GC(531) Metaspace: 340K(512K)->340K(512K) NonClass: 322K(384K)->322K(384K) Class: 17K(128K)->17K(128K)
[2026-03-22T19:50:07.593+0900][11.106s][info][gc             ] GC(531) Pause Young (Allocation Failure) 249M->203M(501M) 4.673ms
[2026-03-22T19:50:07.593+0900][11.106s][info][gc,cpu         ] GC(531) User=0.00s Sys=0.00s Real=0.00s
[2026-03-22T19:50:07.606+0900][11.120s][info][gc,start       ] GC(532) Pause Young (Allocation Failure)
[2026-03-22T19:50:07.612+0900][11.125s][info][gc,heap        ] GC(532) PSYoungGen: 163121K(163840K)->10528K(163840K) Eden: 152561K(153088K)->0K(153088K) From: 10560K(10752K)->10528K(10752K)
[2026-03-22T19:50:07.612+0900][11.125s][info][gc,heap        ] GC(532) ParOldGen: 197639K(349696K)->289959K(349696K)
[2026-03-22T19:50:07.612+0900][11.125s][info][gc,metaspace   ] GC(532) Metaspace: 340K(512K)->340K(512K) NonClass: 322K(384K)->322K(384K) Class: 17K(128K)->17K(128K)
[2026-03-22T19:50:07.612+0900][11.125s][info][gc             ] GC(532) Pause Young (Allocation Failure) 352M->293M(501M) 4.771ms
[2026-03-22T19:50:07.612+0900][11.125s][info][gc,cpu         ] GC(532) User=0.00s Sys=0.00s Real=0.01s
[2026-03-22T19:50:07.626+0900][11.140s][info][gc,start       ] GC(533) Pause Full (Ergonomics)
[2026-03-22T19:50:07.626+0900][11.140s][info][gc,phases,start] GC(533) Marking Phase
[2026-03-22T19:50:07.628+0900][11.141s][info][gc,phases      ] GC(533) Marking Phase 1.512ms
[2026-03-22T19:50:07.628+0900][11.141s][info][gc,phases,start] GC(533) Summary Phase
[2026-03-22T19:50:07.628+0900][11.141s][info][gc,phases      ] GC(533) Summary Phase 0.072ms
[2026-03-22T19:50:07.628+0900][11.141s][info][gc,phases,start] GC(533) Adjust Roots
[2026-03-22T19:50:07.629+0900][11.142s][info][gc,phases      ] GC(533) Adjust Roots 0.280ms
[2026-03-22T19:50:07.629+0900][11.142s][info][gc,phases,start] GC(533) Compaction Phase
[2026-03-22T19:50:07.633+0900][11.147s][info][gc,phases      ] GC(533) Compaction Phase 5.102ms
[2026-03-22T19:50:07.633+0900][11.147s][info][gc,phases,start] GC(533) Post Compact
[2026-03-22T19:50:07.635+0900][11.149s][info][gc,phases      ] GC(533) Post Compact 2.048ms
[2026-03-22T19:50:07.636+0900][11.149s][info][gc,heap        ] GC(533) PSYoungGen: 163089K(163840K)->0K(163840K) Eden: 152561K(153088K)->0K(153088K) From: 10528K(10752K)->0K(10752K)
[2026-03-22T19:50:07.636+0900][11.149s][info][gc,heap        ] GC(533) ParOldGen: 289959K(349696K)->103430K(349696K)
[2026-03-22T19:50:07.636+0900][11.149s][info][gc,metaspace   ] GC(533) Metaspace: 340K(512K)->340K(512K) NonClass: 322K(384K)->322K(384K) Class: 17K(128K)->17K(128K)
[2026-03-22T19:50:07.636+0900][11.149s][info][gc             ] GC(533) Pause Full (Ergonomics) 442M->101M(501M) 9.439ms
[2026-03-22T19:50:07.636+0900][11.149s][info][gc,cpu         ] GC(533) User=0.00s Sys=0.02s Real=0.01s
[2026-03-22T19:50:07.651+0900][11.164s][info][gc,start       ] GC(534) Pause Young (Allocation Failure)
[2026-03-22T19:50:07.656+0900][11.169s][info][gc,heap        ] GC(534) PSYoungGen: 152561K(163840K)->10528K(163840K) Eden: 152561K(153088K)->0K(153088K) From: 0K(10752K)->10528K(10752K)
[2026-03-22T19:50:07.656+0900][11.169s][info][gc,heap        ] GC(534) ParOldGen: 103430K(349696K)->197639K(349696K)
[2026-03-22T19:50:07.656+0900][11.169s][info][gc,metaspace   ] GC(534) Metaspace: 340K(512K)->340K(512K) NonClass: 322K(384K)->322K(384K) Class: 17K(128K)->17K(128K)
[2026-03-22T19:50:07.656+0900][11.169s][info][gc             ] GC(534) Pause Young (Allocation Failure) 249M->203M(501M) 4.741ms
[2026-03-22T19:50:07.656+0900][11.169s][info][gc,cpu         ] GC(534) User=0.00s Sys=0.00s Real=0.00s
[2026-03-22T19:50:07.670+0900][11.184s][info][gc,start       ] GC(535) Pause Young (Allocation Failure)
[2026-03-22T19:50:07.676+0900][11.188s][info][gc,heap        ] GC(535) PSYoungGen: 163089K(163840K)->10528K(163840K) Eden: 152561K(153088K)->0K(153088K) From: 10528K(10752K)->10528K(10752K)
[2026-03-22T19:50:07.676+0900][11.189s][info][gc,heap        ] GC(535) ParOldGen: 197639K(349696K)->291999K(349696K)
[2026-03-22T19:50:07.676+0900][11.189s][info][gc,metaspace   ] GC(535) Metaspace: 340K(512K)->340K(512K) NonClass: 322K(384K)->322K(384K) Class: 17K(128K)->17K(128K)
[2026-03-22T19:50:07.676+0900][11.189s][info][gc             ] GC(535) Pause Young (Allocation Failure) 352M->295M(501M) 4.795ms
[2026-03-22T19:50:07.676+0900][11.189s][info][gc,cpu         ] GC(535) User=0.00s Sys=0.00s Real=0.01s
[2026-03-22T19:50:07.690+0900][11.203s][info][gc,start       ] GC(536) Pause Full (Ergonomics)
[2026-03-22T19:50:07.690+0900][11.203s][info][gc,phases,start] GC(536) Marking Phase
[2026-03-22T19:50:07.692+0900][11.205s][info][gc,phases      ] GC(536) Marking Phase 1.535ms
[2026-03-22T19:50:07.692+0900][11.205s][info][gc,phases,start] GC(536) Summary Phase
[2026-03-22T19:50:07.692+0900][11.205s][info][gc,phases      ] GC(536) Summary Phase 0.024ms
[2026-03-22T19:50:07.692+0900][11.205s][info][gc,phases,start] GC(536) Adjust Roots
[2026-03-22T19:50:07.692+0900][11.205s][info][gc,phases      ] GC(536) Adjust Roots 0.204ms
[2026-03-22T19:50:07.692+0900][11.205s][info][gc,phases,start] GC(536) Compaction Phase
[2026-03-22T19:50:07.698+0900][11.211s][info][gc,phases      ] GC(536) Compaction Phase 5.709ms
[2026-03-22T19:50:07.698+0900][11.211s][info][gc,phases,start] GC(536) Post Compact
[2026-03-22T19:50:07.700+0900][11.213s][info][gc,phases      ] GC(536) Post Compact 1.967ms
[2026-03-22T19:50:07.700+0900][11.213s][info][gc,heap        ] GC(536) PSYoungGen: 163089K(163840K)->0K(163840K) Eden: 152561K(153088K)->0K(153088K) From: 10528K(10752K)->0K(10752K)
[2026-03-22T19:50:07.700+0900][11.213s][info][gc,heap        ] GC(536) ParOldGen: 291999K(349696K)->103430K(349696K)
[2026-03-22T19:50:07.700+0900][11.213s][info][gc,metaspace   ] GC(536) Metaspace: 340K(512K)->340K(512K) NonClass: 322K(384K)->322K(384K) Class: 17K(128K)->17K(128K)
[2026-03-22T19:50:07.700+0900][11.213s][info][gc             ] GC(536) Pause Full (Ergonomics) 444M->101M(501M) 9.814ms
[2026-03-22T19:50:07.700+0900][11.213s][info][gc,cpu         ] GC(536) User=0.08s Sys=0.00s Real=0.01s
[2026-03-22T19:50:07.714+0900][11.227s][info][gc,start       ] GC(537) Pause Young (Allocation Failure)
[2026-03-22T19:50:07.719+0900][11.232s][info][gc,heap        ] GC(537) PSYoungGen: 152561K(163840K)->10528K(163840K) Eden: 152561K(153088K)->0K(153088K) From: 0K(10752K)->10528K(10752K)
[2026-03-22T19:50:07.719+0900][11.232s][info][gc,heap        ] GC(537) ParOldGen: 103430K(349696K)->197639K(349696K)
[2026-03-22T19:50:07.719+0900][11.232s][info][gc,metaspace   ] GC(537) Metaspace: 340K(512K)->340K(512K) NonClass: 322K(384K)->322K(384K) Class: 17K(128K)->17K(128K)
[2026-03-22T19:50:07.719+0900][11.232s][info][gc             ] GC(537) Pause Young (Allocation Failure) 249M->203M(501M) 4.733ms
[2026-03-22T19:50:07.719+0900][11.232s][info][gc,cpu         ] GC(537) User=0.00s Sys=0.00s Real=0.01s
[2026-03-22T19:50:07.734+0900][11.247s][info][gc,start       ] GC(538) Pause Young (Allocation Failure)
[2026-03-22T19:50:07.740+0900][11.252s][info][gc,heap        ] GC(538) PSYoungGen: 163089K(163840K)->10560K(163840K) Eden: 152561K(153088K)->0K(153088K) From: 10528K(10752K)->10560K(10752K)
[2026-03-22T19:50:07.740+0900][11.252s][info][gc,heap        ] GC(538) ParOldGen: 197639K(349696K)->291999K(349696K)
[2026-03-22T19:50:07.740+0900][11.252s][info][gc,metaspace   ] GC(538) Metaspace: 340K(512K)->340K(512K) NonClass: 322K(384K)->322K(384K) Class: 17K(128K)->17K(128K)
[2026-03-22T19:50:07.740+0900][11.252s][info][gc             ] GC(538) Pause Young (Allocation Failure) 352M->295M(501M) 5.210ms
[2026-03-22T19:50:07.740+0900][11.252s][info][gc,cpu         ] GC(538) User=0.00s Sys=0.00s Real=0.01s
[2026-03-22T19:50:07.754+0900][11.267s][info][gc,start       ] GC(539) Pause Full (Ergonomics)
[2026-03-22T19:50:07.754+0900][11.267s][info][gc,phases,start] GC(539) Marking Phase
[2026-03-22T19:50:07.756+0900][11.269s][info][gc,phases      ] GC(539) Marking Phase 1.489ms
[2026-03-22T19:50:07.756+0900][11.269s][info][gc,phases,start] GC(539) Summary Phase
[2026-03-22T19:50:07.756+0900][11.269s][info][gc,phases      ] GC(539) Summary Phase 0.028ms
[2026-03-22T19:50:07.756+0900][11.269s][info][gc,phases,start] GC(539) Adjust Roots
[2026-03-22T19:50:07.756+0900][11.269s][info][gc,phases      ] GC(539) Adjust Roots 0.301ms
[2026-03-22T19:50:07.756+0900][11.269s][info][gc,phases,start] GC(539) Compaction Phase
[2026-03-22T19:50:07.762+0900][11.275s][info][gc,phases      ] GC(539) Compaction Phase 5.925ms
[2026-03-22T19:50:07.762+0900][11.275s][info][gc,phases,start] GC(539) Post Compact
[2026-03-22T19:50:07.764+0900][11.277s][info][gc,phases      ] GC(539) Post Compact 1.814ms
[2026-03-22T19:50:07.764+0900][11.277s][info][gc,heap        ] GC(539) PSYoungGen: 163121K(163840K)->0K(163840K) Eden: 152561K(153088K)->0K(153088K) From: 10560K(10752K)->0K(10752K)
[2026-03-22T19:50:07.764+0900][11.277s][info][gc,heap        ] GC(539) ParOldGen: 291999K(349696K)->103430K(349696K)
[2026-03-22T19:50:07.764+0900][11.277s][info][gc,metaspace   ] GC(539) Metaspace: 340K(512K)->340K(512K) NonClass: 322K(384K)->322K(384K) Class: 17K(128K)->17K(128K)
[2026-03-22T19:50:07.764+0900][11.277s][info][gc             ] GC(539) Pause Full (Ergonomics) 444M->101M(501M) 9.888ms
[2026-03-22T19:50:07.764+0900][11.277s][info][gc,cpu         ] GC(539) User=0.09s Sys=0.00s Real=0.01s
[2026-03-22T19:50:07.779+0900][11.292s][info][gc,start       ] GC(540) Pause Young (Allocation Failure)
[2026-03-22T19:50:07.783+0900][11.296s][info][gc,heap        ] GC(540) PSYoungGen: 152561K(163840K)->10528K(163840K) Eden: 152561K(153088K)->0K(153088K) From: 0K(10752K)->10528K(10752K)
[2026-03-22T19:50:07.783+0900][11.296s][info][gc,heap        ] GC(540) ParOldGen: 103430K(349696K)->197639K(349696K)
[2026-03-22T19:50:07.783+0900][11.296s][info][gc,metaspace   ] GC(540) Metaspace: 340K(512K)->340K(512K) NonClass: 322K(384K)->322K(384K) Class: 17K(128K)->17K(128K)
[2026-03-22T19:50:07.783+0900][11.296s][info][gc             ] GC(540) Pause Young (Allocation Failure) 249M->203M(501M) 4.696ms
[2026-03-22T19:50:07.783+0900][11.296s][info][gc,cpu         ] GC(540) User=0.00s Sys=0.00s Real=0.00s
[2026-03-22T19:50:07.802+0900][11.314s][info][gc,start       ] GC(541) Pause Young (Allocation Failure)
[2026-03-22T19:50:07.806+0900][11.319s][info][gc,heap        ] GC(541) PSYoungGen: 163089K(163840K)->10528K(163840K) Eden: 152561K(153088K)->0K(153088K) From: 10528K(10752K)->10528K(10752K)
[2026-03-22T19:50:07.807+0900][11.319s][info][gc,heap        ] GC(541) ParOldGen: 197639K(349696K)->291999K(349696K)
[2026-03-22T19:50:07.807+0900][11.319s][info][gc,metaspace   ] GC(541) Metaspace: 340K(512K)->340K(512K) NonClass: 322K(384K)->322K(384K) Class: 17K(128K)->17K(128K)
[2026-03-22T19:50:07.807+0900][11.319s][info][gc             ] GC(541) Pause Young (Allocation Failure) 352M->295M(501M) 5.036ms
[2026-03-22T19:50:07.807+0900][11.319s][info][gc,cpu         ] GC(541) User=0.00s Sys=0.00s Real=0.00s
[2026-03-22T19:50:07.820+0900][11.334s][info][gc,start       ] GC(542) Pause Full (Ergonomics)
[2026-03-22T19:50:07.820+0900][11.334s][info][gc,phases,start] GC(542) Marking Phase
[2026-03-22T19:50:07.822+0900][11.335s][info][gc,phases      ] GC(542) Marking Phase 1.686ms
[2026-03-22T19:50:07.822+0900][11.335s][info][gc,phases,start] GC(542) Summary Phase
[2026-03-22T19:50:07.822+0900][11.336s][info][gc,phases      ] GC(542) Summary Phase 0.027ms
[2026-03-22T19:50:07.822+0900][11.336s][info][gc,phases,start] GC(542) Adjust Roots
[2026-03-22T19:50:07.823+0900][11.336s][info][gc,phases      ] GC(542) Adjust Roots 0.235ms
[2026-03-22T19:50:07.823+0900][11.336s][info][gc,phases,start] GC(542) Compaction Phase
[2026-03-22T19:50:07.828+0900][11.341s][info][gc,phases      ] GC(542) Compaction Phase 5.156ms
[2026-03-22T19:50:07.828+0900][11.341s][info][gc,phases,start] GC(542) Post Compact
[2026-03-22T19:50:07.830+0900][11.343s][info][gc,phases      ] GC(542) Post Compact 1.707ms
[2026-03-22T19:50:07.830+0900][11.343s][info][gc,heap        ] GC(542) PSYoungGen: 163089K(163840K)->0K(163840K) Eden: 152561K(153088K)->0K(153088K) From: 10528K(10752K)->0K(10752K)
[2026-03-22T19:50:07.830+0900][11.343s][info][gc,heap        ] GC(542) ParOldGen: 291999K(349696K)->103430K(349696K)
[2026-03-22T19:50:07.830+0900][11.343s][info][gc,metaspace   ] GC(542) Metaspace: 340K(512K)->340K(512K) NonClass: 322K(384K)->322K(384K) Class: 17K(128K)->17K(128K)
[2026-03-22T19:50:07.830+0900][11.343s][info][gc             ] GC(542) Pause Full (Ergonomics) 444M->101M(501M) 9.200ms
[2026-03-22T19:50:07.830+0900][11.343s][info][gc,cpu         ] GC(542) User=0.00s Sys=0.00s Real=0.01s
[2026-03-22T19:50:07.844+0900][11.358s][info][gc,start       ] GC(543) Pause Young (Allocation Failure)
[2026-03-22T19:50:07.849+0900][11.362s][info][gc,heap        ] GC(543) PSYoungGen: 152561K(163840K)->10528K(163840K) Eden: 152561K(153088K)->0K(153088K) From: 0K(10752K)->10528K(10752K)
[2026-03-22T19:50:07.849+0900][11.362s][info][gc,heap        ] GC(543) ParOldGen: 103430K(349696K)->197639K(349696K)
[2026-03-22T19:50:07.849+0900][11.362s][info][gc,metaspace   ] GC(543) Metaspace: 340K(512K)->340K(512K) NonClass: 322K(384K)->322K(384K) Class: 17K(128K)->17K(128K)
[2026-03-22T19:50:07.849+0900][11.362s][info][gc             ] GC(543) Pause Young (Allocation Failure) 249M->203M(501M) 4.532ms
[2026-03-22T19:50:07.849+0900][11.362s][info][gc,cpu         ] GC(543) User=0.00s Sys=0.00s Real=0.00s
[2026-03-22T19:50:07.865+0900][11.378s][info][gc,start       ] GC(544) Pause Young (Allocation Failure)
[2026-03-22T19:50:07.870+0900][11.383s][info][gc,heap        ] GC(544) PSYoungGen: 163089K(163840K)->10528K(163840K) Eden: 152561K(153088K)->0K(153088K) From: 10528K(10752K)->10528K(10752K)
[2026-03-22T19:50:07.870+0900][11.383s][info][gc,heap        ] GC(544) ParOldGen: 197639K(349696K)->291999K(349696K)
[2026-03-22T19:50:07.870+0900][11.383s][info][gc,metaspace   ] GC(544) Metaspace: 340K(512K)->340K(512K) NonClass: 322K(384K)->322K(384K) Class: 17K(128K)->17K(128K)
[2026-03-22T19:50:07.870+0900][11.383s][info][gc             ] GC(544) Pause Young (Allocation Failure) 352M->295M(501M) 4.895ms
[2026-03-22T19:50:07.870+0900][11.383s][info][gc,cpu         ] GC(544) User=0.09s Sys=0.00s Real=0.00s
[2026-03-22T19:50:07.886+0900][11.400s][info][gc,start       ] GC(545) Pause Full (Ergonomics)
[2026-03-22T19:50:07.886+0900][11.400s][info][gc,phases,start] GC(545) Marking Phase
[2026-03-22T19:50:07.888+0900][11.401s][info][gc,phases      ] GC(545) Marking Phase 1.394ms
[2026-03-22T19:50:07.888+0900][11.401s][info][gc,phases,start] GC(545) Summary Phase
[2026-03-22T19:50:07.888+0900][11.401s][info][gc,phases      ] GC(545) Summary Phase 0.021ms
[2026-03-22T19:50:07.888+0900][11.401s][info][gc,phases,start] GC(545) Adjust Roots
[2026-03-22T19:50:07.888+0900][11.401s][info][gc,phases      ] GC(545) Adjust Roots 0.193ms
[2026-03-22T19:50:07.888+0900][11.401s][info][gc,phases,start] GC(545) Compaction Phase
[2026-03-22T19:50:07.893+0900][11.407s][info][gc,phases      ] GC(545) Compaction Phase 5.136ms
[2026-03-22T19:50:07.893+0900][11.407s][info][gc,phases,start] GC(545) Post Compact
[2026-03-22T19:50:07.895+0900][11.409s][info][gc,phases      ] GC(545) Post Compact 2.036ms
[2026-03-22T19:50:07.895+0900][11.409s][info][gc,heap        ] GC(545) PSYoungGen: 163089K(163840K)->0K(163840K) Eden: 152561K(153088K)->0K(153088K) From: 10528K(10752K)->0K(10752K)
[2026-03-22T19:50:07.895+0900][11.409s][info][gc,heap        ] GC(545) ParOldGen: 291999K(349696K)->103430K(349696K)
[2026-03-22T19:50:07.896+0900][11.409s][info][gc,metaspace   ] GC(545) Metaspace: 340K(512K)->340K(512K) NonClass: 322K(384K)->322K(384K) Class: 17K(128K)->17K(128K)
[2026-03-22T19:50:07.896+0900][11.409s][info][gc             ] GC(545) Pause Full (Ergonomics) 444M->101M(501M) 9.225ms
[2026-03-22T19:50:07.896+0900][11.409s][info][gc,cpu         ] GC(545) User=0.00s Sys=0.00s Real=0.01s
[2026-03-22T19:50:07.912+0900][11.425s][info][gc,start       ] GC(546) Pause Young (Allocation Failure)
[2026-03-22T19:50:07.917+0900][11.430s][info][gc,heap        ] GC(546) PSYoungGen: 152561K(163840K)->10528K(163840K) Eden: 152561K(153088K)->0K(153088K) From: 0K(10752K)->10528K(10752K)
[2026-03-22T19:50:07.917+0900][11.430s][info][gc,heap        ] GC(546) ParOldGen: 103430K(349696K)->197639K(349696K)
[2026-03-22T19:50:07.917+0900][11.430s][info][gc,metaspace   ] GC(546) Metaspace: 340K(512K)->340K(512K) NonClass: 322K(384K)->322K(384K) Class: 17K(128K)->17K(128K)
[2026-03-22T19:50:07.917+0900][11.430s][info][gc             ] GC(546) Pause Young (Allocation Failure) 249M->203M(501M) 4.737ms
[2026-03-22T19:50:07.917+0900][11.430s][info][gc,cpu         ] GC(546) User=0.06s Sys=0.02s Real=0.01s
[2026-03-22T19:50:07.932+0900][11.445s][info][gc,start       ] GC(547) Pause Young (Allocation Failure)
[2026-03-22T19:50:07.937+0900][11.450s][info][gc,heap        ] GC(547) PSYoungGen: 163089K(163840K)->10560K(163840K) Eden: 152561K(153088K)->0K(153088K) From: 10528K(10752K)->10560K(10752K)
[2026-03-22T19:50:07.937+0900][11.450s][info][gc,heap        ] GC(547) ParOldGen: 197639K(349696K)->291999K(349696K)
[2026-03-22T19:50:07.937+0900][11.450s][info][gc,metaspace   ] GC(547) Metaspace: 340K(512K)->340K(512K) NonClass: 322K(384K)->322K(384K) Class: 17K(128K)->17K(128K)
[2026-03-22T19:50:07.937+0900][11.450s][info][gc             ] GC(547) Pause Young (Allocation Failure) 352M->295M(501M) 4.903ms
[2026-03-22T19:50:07.937+0900][11.450s][info][gc,cpu         ] GC(547) User=0.00s Sys=0.00s Real=0.01s
[2026-03-22T19:50:07.954+0900][11.467s][info][gc,start       ] GC(548) Pause Full (Ergonomics)
[2026-03-22T19:50:07.954+0900][11.467s][info][gc,phases,start] GC(548) Marking Phase
[2026-03-22T19:50:07.956+0900][11.469s][info][gc,phases      ] GC(548) Marking Phase 1.599ms
[2026-03-22T19:50:07.956+0900][11.469s][info][gc,phases,start] GC(548) Summary Phase
[2026-03-22T19:50:07.956+0900][11.469s][info][gc,phases      ] GC(548) Summary Phase 0.021ms
[2026-03-22T19:50:07.956+0900][11.469s][info][gc,phases,start] GC(548) Adjust Roots
[2026-03-22T19:50:07.956+0900][11.469s][info][gc,phases      ] GC(548) Adjust Roots 0.340ms
[2026-03-22T19:50:07.956+0900][11.469s][info][gc,phases,start] GC(548) Compaction Phase
[2026-03-22T19:50:07.962+0900][11.475s][info][gc,phases      ] GC(548) Compaction Phase 5.529ms
[2026-03-22T19:50:07.962+0900][11.475s][info][gc,phases,start] GC(548) Post Compact
[2026-03-22T19:50:07.963+0900][11.476s][info][gc,phases      ] GC(548) Post Compact 1.614ms
[2026-03-22T19:50:07.964+0900][11.476s][info][gc,heap        ] GC(548) PSYoungGen: 163121K(163840K)->0K(163840K) Eden: 152561K(153088K)->0K(153088K) From: 10560K(10752K)->0K(10752K)
[2026-03-22T19:50:07.964+0900][11.476s][info][gc,heap        ] GC(548) ParOldGen: 291999K(349696K)->103430K(349696K)
[2026-03-22T19:50:07.964+0900][11.476s][info][gc,metaspace   ] GC(548) Metaspace: 340K(512K)->340K(512K) NonClass: 322K(384K)->322K(384K) Class: 17K(128K)->17K(128K)
[2026-03-22T19:50:07.964+0900][11.476s][info][gc             ] GC(548) Pause Full (Ergonomics) 444M->101M(501M) 9.559ms
[2026-03-22T19:50:07.964+0900][11.476s][info][gc,cpu         ] GC(548) User=0.02s Sys=0.00s Real=0.01s
[2026-03-22T19:50:07.978+0900][11.491s][info][gc,start       ] GC(549) Pause Young (Allocation Failure)
[2026-03-22T19:50:07.983+0900][11.496s][info][gc,heap        ] GC(549) PSYoungGen: 152561K(163840K)->10560K(163840K) Eden: 152561K(153088K)->0K(153088K) From: 0K(10752K)->10560K(10752K)
[2026-03-22T19:50:07.983+0900][11.496s][info][gc,heap        ] GC(549) ParOldGen: 103430K(349696K)->197639K(349696K)
[2026-03-22T19:50:07.983+0900][11.496s][info][gc,metaspace   ] GC(549) Metaspace: 340K(512K)->340K(512K) NonClass: 322K(384K)->322K(384K) Class: 17K(128K)->17K(128K)
[2026-03-22T19:50:07.983+0900][11.496s][info][gc             ] GC(549) Pause Young (Allocation Failure) 249M->203M(501M) 5.247ms
[2026-03-22T19:50:07.983+0900][11.496s][info][gc,cpu         ] GC(549) User=0.00s Sys=0.00s Real=0.01s
[2026-03-22T19:50:08.001+0900][11.514s][info][gc,start       ] GC(550) Pause Young (Allocation Failure)
[2026-03-22T19:50:08.006+0900][11.518s][info][gc,heap        ] GC(550) PSYoungGen: 163121K(163840K)->10560K(163840K) Eden: 152561K(153088K)->0K(153088K) From: 10560K(10752K)->10560K(10752K)
[2026-03-22T19:50:08.006+0900][11.519s][info][gc,heap        ] GC(550) ParOldGen: 197639K(349696K)->291999K(349696K)
[2026-03-22T19:50:08.006+0900][11.519s][info][gc,metaspace   ] GC(550) Metaspace: 340K(512K)->340K(512K) NonClass: 322K(384K)->322K(384K) Class: 17K(128K)->17K(128K)
[2026-03-22T19:50:08.006+0900][11.519s][info][gc             ] GC(550) Pause Young (Allocation Failure) 352M->295M(501M) 4.946ms
[2026-03-22T19:50:08.006+0900][11.519s][info][gc,cpu         ] GC(550) User=0.00s Sys=0.00s Real=0.01s
[2026-03-22T19:50:08.022+0900][11.535s][info][gc,start       ] GC(551) Pause Full (Ergonomics)
[2026-03-22T19:50:08.022+0900][11.535s][info][gc,phases,start] GC(551) Marking Phase
[2026-03-22T19:50:08.023+0900][11.536s][info][gc,phases      ] GC(551) Marking Phase 1.315ms
[2026-03-22T19:50:08.023+0900][11.536s][info][gc,phases,start] GC(551) Summary Phase
[2026-03-22T19:50:08.023+0900][11.536s][info][gc,phases      ] GC(551) Summary Phase 0.016ms
[2026-03-22T19:50:08.023+0900][11.536s][info][gc,phases,start] GC(551) Adjust Roots
[2026-03-22T19:50:08.023+0900][11.537s][info][gc,phases      ] GC(551) Adjust Roots 0.339ms
[2026-03-22T19:50:08.023+0900][11.537s][info][gc,phases,start] GC(551) Compaction Phase
[2026-03-22T19:50:08.030+0900][11.542s][info][gc,phases      ] GC(551) Compaction Phase 5.628ms
[2026-03-22T19:50:08.030+0900][11.543s][info][gc,phases,start] GC(551) Post Compact
[2026-03-22T19:50:08.031+0900][11.544s][info][gc,phases      ] GC(551) Post Compact 1.572ms
[2026-03-22T19:50:08.031+0900][11.544s][info][gc,heap        ] GC(551) PSYoungGen: 163121K(163840K)->0K(163840K) Eden: 152561K(153088K)->0K(153088K) From: 10560K(10752K)->0K(10752K)
[2026-03-22T19:50:08.031+0900][11.544s][info][gc,heap        ] GC(551) ParOldGen: 291999K(349696K)->103430K(349696K)
[2026-03-22T19:50:08.031+0900][11.544s][info][gc,metaspace   ] GC(551) Metaspace: 340K(512K)->340K(512K) NonClass: 322K(384K)->322K(384K) Class: 17K(128K)->17K(128K)
[2026-03-22T19:50:08.031+0900][11.544s][info][gc             ] GC(551) Pause Full (Ergonomics) 444M->101M(501M) 9.316ms
[2026-03-22T19:50:08.031+0900][11.544s][info][gc,cpu         ] GC(551) User=0.08s Sys=0.00s Real=0.01s
[2026-03-22T19:50:08.047+0900][11.560s][info][gc,start       ] GC(552) Pause Young (Allocation Failure)
[2026-03-22T19:50:08.051+0900][11.564s][info][gc,heap        ] GC(552) PSYoungGen: 152561K(163840K)->10560K(163840K) Eden: 152561K(153088K)->0K(153088K) From: 0K(10752K)->10560K(10752K)
[2026-03-22T19:50:08.051+0900][11.564s][info][gc,heap        ] GC(552) ParOldGen: 103430K(349696K)->197639K(349696K)
[2026-03-22T19:50:08.051+0900][11.564s][info][gc,metaspace   ] GC(552) Metaspace: 340K(512K)->340K(512K) NonClass: 322K(384K)->322K(384K) Class: 17K(128K)->17K(128K)
[2026-03-22T19:50:08.051+0900][11.564s][info][gc             ] GC(552) Pause Young (Allocation Failure) 249M->203M(501M) 4.603ms
[2026-03-22T19:50:08.051+0900][11.564s][info][gc,cpu         ] GC(552) User=0.00s Sys=0.00s Real=0.00s
[2026-03-22T19:50:08.066+0900][11.579s][info][gc,start       ] GC(553) Pause Young (Allocation Failure)
[2026-03-22T19:50:08.071+0900][11.584s][info][gc,heap        ] GC(553) PSYoungGen: 163121K(163840K)->10528K(163840K) Eden: 152561K(153088K)->0K(153088K) From: 10560K(10752K)->10528K(10752K)
[2026-03-22T19:50:08.072+0900][11.584s][info][gc,heap        ] GC(553) ParOldGen: 197639K(349696K)->289951K(349696K)
[2026-03-22T19:50:08.072+0900][11.584s][info][gc,metaspace   ] GC(553) Metaspace: 340K(512K)->340K(512K) NonClass: 322K(384K)->322K(384K) Class: 17K(128K)->17K(128K)
[2026-03-22T19:50:08.072+0900][11.584s][info][gc             ] GC(553) Pause Young (Allocation Failure) 352M->293M(501M) 4.849ms
[2026-03-22T19:50:08.072+0900][11.584s][info][gc,cpu         ] GC(553) User=0.00s Sys=0.00s Real=0.01s
[2026-03-22T19:50:08.087+0900][11.600s][info][gc,start       ] GC(554) Pause Full (Ergonomics)
[2026-03-22T19:50:08.087+0900][11.600s][info][gc,phases,start] GC(554) Marking Phase
[2026-03-22T19:50:08.089+0900][11.601s][info][gc,phases      ] GC(554) Marking Phase 1.359ms
[2026-03-22T19:50:08.089+0900][11.601s][info][gc,phases,start] GC(554) Summary Phase
[2026-03-22T19:50:08.089+0900][11.601s][info][gc,phases      ] GC(554) Summary Phase 0.020ms
[2026-03-22T19:50:08.089+0900][11.601s][info][gc,phases,start] GC(554) Adjust Roots
[2026-03-22T19:50:08.089+0900][11.601s][info][gc,phases      ] GC(554) Adjust Roots 0.234ms
[2026-03-22T19:50:08.089+0900][11.601s][info][gc,phases,start] GC(554) Compaction Phase
[2026-03-22T19:50:08.094+0900][11.606s][info][gc,phases      ] GC(554) Compaction Phase 4.844ms
[2026-03-22T19:50:08.094+0900][11.606s][info][gc,phases,start] GC(554) Post Compact
[2026-03-22T19:50:08.096+0900][11.608s][info][gc,phases      ] GC(554) Post Compact 1.593ms
[2026-03-22T19:50:08.096+0900][11.608s][info][gc,heap        ] GC(554) PSYoungGen: 163089K(163840K)->0K(163840K) Eden: 152561K(153088K)->0K(153088K) From: 10528K(10752K)->0K(10752K)
[2026-03-22T19:50:08.096+0900][11.608s][info][gc,heap        ] GC(554) ParOldGen: 289951K(349696K)->103430K(349696K)
[2026-03-22T19:50:08.096+0900][11.608s][info][gc,metaspace   ] GC(554) Metaspace: 340K(512K)->340K(512K) NonClass: 322K(384K)->322K(384K) Class: 17K(128K)->17K(128K)
[2026-03-22T19:50:08.096+0900][11.608s][info][gc             ] GC(554) Pause Full (Ergonomics) 442M->101M(501M) 8.372ms
[2026-03-22T19:50:08.096+0900][11.608s][info][gc,cpu         ] GC(554) User=0.08s Sys=0.02s Real=0.01s
[2026-03-22T19:50:08.112+0900][11.624s][info][gc,start       ] GC(555) Pause Young (Allocation Failure)
[2026-03-22T19:50:08.116+0900][11.628s][info][gc,heap        ] GC(555) PSYoungGen: 152561K(163840K)->10560K(163840K) Eden: 152561K(153088K)->0K(153088K) From: 0K(10752K)->10560K(10752K)
[2026-03-22T19:50:08.116+0900][11.629s][info][gc,heap        ] GC(555) ParOldGen: 103430K(349696K)->197639K(349696K)
[2026-03-22T19:50:08.116+0900][11.629s][info][gc,metaspace   ] GC(555) Metaspace: 340K(512K)->340K(512K) NonClass: 322K(384K)->322K(384K) Class: 17K(128K)->17K(128K)
[2026-03-22T19:50:08.116+0900][11.629s][info][gc             ] GC(555) Pause Young (Allocation Failure) 249M->203M(501M) 4.576ms
[2026-03-22T19:50:08.116+0900][11.629s][info][gc,cpu         ] GC(555) User=0.00s Sys=0.00s Real=0.00s
[2026-03-22T19:50:08.131+0900][11.644s][info][gc,start       ] GC(556) Pause Young (Allocation Failure)
[2026-03-22T19:50:08.136+0900][11.649s][info][gc,heap        ] GC(556) PSYoungGen: 163121K(163840K)->10528K(163840K) Eden: 152561K(153088K)->0K(153088K) From: 10560K(10752K)->10528K(10752K)
[2026-03-22T19:50:08.136+0900][11.649s][info][gc,heap        ] GC(556) ParOldGen: 197639K(349696K)->291999K(349696K)
[2026-03-22T19:50:08.136+0900][11.649s][info][gc,metaspace   ] GC(556) Metaspace: 340K(512K)->340K(512K) NonClass: 322K(384K)->322K(384K) Class: 17K(128K)->17K(128K)
[2026-03-22T19:50:08.136+0900][11.649s][info][gc             ] GC(556) Pause Young (Allocation Failure) 352M->295M(501M) 4.569ms
[2026-03-22T19:50:08.136+0900][11.649s][info][gc,cpu         ] GC(556) User=0.09s Sys=0.00s Real=0.00s
[2026-03-22T19:50:08.151+0900][11.664s][info][gc,start       ] GC(557) Pause Full (Ergonomics)
[2026-03-22T19:50:08.151+0900][11.664s][info][gc,phases,start] GC(557) Marking Phase
[2026-03-22T19:50:08.153+0900][11.666s][info][gc,phases      ] GC(557) Marking Phase 1.745ms
[2026-03-22T19:50:08.153+0900][11.666s][info][gc,phases,start] GC(557) Summary Phase
[2026-03-22T19:50:08.153+0900][11.666s][info][gc,phases      ] GC(557) Summary Phase 0.034ms
[2026-03-22T19:50:08.153+0900][11.666s][info][gc,phases,start] GC(557) Adjust Roots
[2026-03-22T19:50:08.154+0900][11.667s][info][gc,phases      ] GC(557) Adjust Roots 0.427ms
[2026-03-22T19:50:08.154+0900][11.667s][info][gc,phases,start] GC(557) Compaction Phase
[2026-03-22T19:50:08.159+0900][11.672s][info][gc,phases      ] GC(557) Compaction Phase 5.161ms
[2026-03-22T19:50:08.159+0900][11.672s][info][gc,phases,start] GC(557) Post Compact
[2026-03-22T19:50:08.161+0900][11.674s][info][gc,phases      ] GC(557) Post Compact 1.625ms
[2026-03-22T19:50:08.161+0900][11.674s][info][gc,heap        ] GC(557) PSYoungGen: 163089K(163840K)->0K(163840K) Eden: 152561K(153088K)->0K(153088K) From: 10528K(10752K)->0K(10752K)
[2026-03-22T19:50:08.161+0900][11.674s][info][gc,heap        ] GC(557) ParOldGen: 291999K(349696K)->103430K(349696K)
[2026-03-22T19:50:08.161+0900][11.674s][info][gc,metaspace   ] GC(557) Metaspace: 340K(512K)->340K(512K) NonClass: 322K(384K)->322K(384K) Class: 17K(128K)->17K(128K)
[2026-03-22T19:50:08.161+0900][11.674s][info][gc             ] GC(557) Pause Full (Ergonomics) 444M->101M(501M) 9.404ms
[2026-03-22T19:50:08.161+0900][11.674s][info][gc,cpu         ] GC(557) User=0.00s Sys=0.00s Real=0.01s
[2026-03-22T19:50:08.175+0900][11.688s][info][gc,start       ] GC(558) Pause Young (Allocation Failure)
[2026-03-22T19:50:08.180+0900][11.693s][info][gc,heap        ] GC(558) PSYoungGen: 152561K(163840K)->10528K(163840K) Eden: 152561K(153088K)->0K(153088K) From: 0K(10752K)->10528K(10752K)
[2026-03-22T19:50:08.180+0900][11.693s][info][gc,heap        ] GC(558) ParOldGen: 103430K(349696K)->197639K(349696K)
[2026-03-22T19:50:08.180+0900][11.693s][info][gc,metaspace   ] GC(558) Metaspace: 340K(512K)->340K(512K) NonClass: 322K(384K)->322K(384K) Class: 17K(128K)->17K(128K)
[2026-03-22T19:50:08.180+0900][11.693s][info][gc             ] GC(558) Pause Young (Allocation Failure) 249M->203M(501M) 4.877ms
[2026-03-22T19:50:08.180+0900][11.693s][info][gc,cpu         ] GC(558) User=0.00s Sys=0.00s Real=0.01s
[2026-03-22T19:50:08.196+0900][11.709s][info][gc,start       ] GC(559) Pause Young (Allocation Failure)
[2026-03-22T19:50:08.201+0900][11.714s][info][gc,heap        ] GC(559) PSYoungGen: 163089K(163840K)->10528K(163840K) Eden: 152561K(153088K)->0K(153088K) From: 10528K(10752K)->10528K(10752K)
[2026-03-22T19:50:08.201+0900][11.714s][info][gc,heap        ] GC(559) ParOldGen: 197639K(349696K)->291999K(349696K)
[2026-03-22T19:50:08.201+0900][11.714s][info][gc,metaspace   ] GC(559) Metaspace: 340K(512K)->340K(512K) NonClass: 322K(384K)->322K(384K) Class: 17K(128K)->17K(128K)
[2026-03-22T19:50:08.201+0900][11.714s][info][gc             ] GC(559) Pause Young (Allocation Failure) 352M->295M(501M) 5.214ms
[2026-03-22T19:50:08.201+0900][11.714s][info][gc,cpu         ] GC(559) User=0.09s Sys=0.00s Real=0.00s
[2026-03-22T19:50:08.219+0900][11.731s][info][gc,start       ] GC(560) Pause Full (Ergonomics)
[2026-03-22T19:50:08.219+0900][11.731s][info][gc,phases,start] GC(560) Marking Phase
[2026-03-22T19:50:08.220+0900][11.733s][info][gc,phases      ] GC(560) Marking Phase 1.385ms
[2026-03-22T19:50:08.220+0900][11.733s][info][gc,phases,start] GC(560) Summary Phase
[2026-03-22T19:50:08.220+0900][11.733s][info][gc,phases      ] GC(560) Summary Phase 0.020ms
[2026-03-22T19:50:08.220+0900][11.733s][info][gc,phases,start] GC(560) Adjust Roots
[2026-03-22T19:50:08.220+0900][11.733s][info][gc,phases      ] GC(560) Adjust Roots 0.352ms
[2026-03-22T19:50:08.220+0900][11.733s][info][gc,phases,start] GC(560) Compaction Phase
[2026-03-22T19:50:08.226+0900][11.739s][info][gc,phases      ] GC(560) Compaction Phase 5.540ms
[2026-03-22T19:50:08.226+0900][11.739s][info][gc,phases,start] GC(560) Post Compact
[2026-03-22T19:50:08.228+0900][11.740s][info][gc,phases      ] GC(560) Post Compact 1.491ms
[2026-03-22T19:50:08.228+0900][11.741s][info][gc,heap        ] GC(560) PSYoungGen: 163089K(163840K)->0K(163840K) Eden: 152561K(153088K)->0K(153088K) From: 10528K(10752K)->0K(10752K)
[2026-03-22T19:50:08.228+0900][11.741s][info][gc,heap        ] GC(560) ParOldGen: 291999K(349696K)->103430K(349696K)
[2026-03-22T19:50:08.228+0900][11.741s][info][gc,metaspace   ] GC(560) Metaspace: 340K(512K)->340K(512K) NonClass: 322K(384K)->322K(384K) Class: 17K(128K)->17K(128K)
[2026-03-22T19:50:08.228+0900][11.741s][info][gc             ] GC(560) Pause Full (Ergonomics) 444M->101M(501M) 9.185ms
[2026-03-22T19:50:08.228+0900][11.741s][info][gc,cpu         ] GC(560) User=0.00s Sys=0.00s Real=0.01s
[2026-03-22T19:50:08.244+0900][11.757s][info][gc,start       ] GC(561) Pause Young (Allocation Failure)
[2026-03-22T19:50:08.248+0900][11.761s][info][gc,heap        ] GC(561) PSYoungGen: 152561K(163840K)->10528K(163840K) Eden: 152561K(153088K)->0K(153088K) From: 0K(10752K)->10528K(10752K)
[2026-03-22T19:50:08.248+0900][11.761s][info][gc,heap        ] GC(561) ParOldGen: 103430K(349696K)->197639K(349696K)
[2026-03-22T19:50:08.248+0900][11.761s][info][gc,metaspace   ] GC(561) Metaspace: 340K(512K)->340K(512K) NonClass: 322K(384K)->322K(384K) Class: 17K(128K)->17K(128K)
[2026-03-22T19:50:08.249+0900][11.761s][info][gc             ] GC(561) Pause Young (Allocation Failure) 249M->203M(501M) 4.493ms
[2026-03-22T19:50:08.249+0900][11.761s][info][gc,cpu         ] GC(561) User=0.02s Sys=0.00s Real=0.01s
[2026-03-22T19:50:08.263+0900][11.776s][info][gc,start       ] GC(562) Pause Young (Allocation Failure)
[2026-03-22T19:50:08.267+0900][11.780s][info][gc,heap        ] GC(562) PSYoungGen: 163089K(163840K)->10560K(163840K) Eden: 152561K(153088K)->0K(153088K) From: 10528K(10752K)->10560K(10752K)
[2026-03-22T19:50:08.267+0900][11.780s][info][gc,heap        ] GC(562) ParOldGen: 197639K(349696K)->291999K(349696K)
[2026-03-22T19:50:08.267+0900][11.780s][info][gc,metaspace   ] GC(562) Metaspace: 340K(512K)->340K(512K) NonClass: 322K(384K)->322K(384K) Class: 17K(128K)->17K(128K)
[2026-03-22T19:50:08.267+0900][11.780s][info][gc             ] GC(562) Pause Young (Allocation Failure) 352M->295M(501M) 4.613ms
[2026-03-22T19:50:08.267+0900][11.780s][info][gc,cpu         ] GC(562) User=0.00s Sys=0.00s Real=0.00s
[2026-03-22T19:50:08.282+0900][11.795s][info][gc,start       ] GC(563) Pause Full (Ergonomics)
[2026-03-22T19:50:08.282+0900][11.795s][info][gc,phases,start] GC(563) Marking Phase
[2026-03-22T19:50:08.284+0900][11.797s][info][gc,phases      ] GC(563) Marking Phase 1.649ms
[2026-03-22T19:50:08.284+0900][11.797s][info][gc,phases,start] GC(563) Summary Phase
[2026-03-22T19:50:08.284+0900][11.797s][info][gc,phases      ] GC(563) Summary Phase 0.039ms
[2026-03-22T19:50:08.284+0900][11.797s][info][gc,phases,start] GC(563) Adjust Roots
[2026-03-22T19:50:08.284+0900][11.797s][info][gc,phases      ] GC(563) Adjust Roots 0.309ms
[2026-03-22T19:50:08.285+0900][11.797s][info][gc,phases,start] GC(563) Compaction Phase
[2026-03-22T19:50:08.292+0900][11.805s][info][gc,phases      ] GC(563) Compaction Phase 7.725ms
[2026-03-22T19:50:08.292+0900][11.805s][info][gc,phases,start] GC(563) Post Compact
[2026-03-22T19:50:08.294+0900][11.807s][info][gc,phases      ] GC(563) Post Compact 1.831ms
[2026-03-22T19:50:08.294+0900][11.807s][info][gc,heap        ] GC(563) PSYoungGen: 163121K(163840K)->0K(163840K) Eden: 152561K(153088K)->0K(153088K) From: 10560K(10752K)->0K(10752K)
[2026-03-22T19:50:08.294+0900][11.807s][info][gc,heap        ] GC(563) ParOldGen: 291999K(349696K)->103430K(349696K)
[2026-03-22T19:50:08.294+0900][11.807s][info][gc,metaspace   ] GC(563) Metaspace: 340K(512K)->340K(512K) NonClass: 322K(384K)->322K(384K) Class: 17K(128K)->17K(128K)
[2026-03-22T19:50:08.294+0900][11.807s][info][gc             ] GC(563) Pause Full (Ergonomics) 444M->101M(501M) 12.104ms
[2026-03-22T19:50:08.294+0900][11.807s][info][gc,cpu         ] GC(563) User=0.09s Sys=0.00s Real=0.01s
[2026-03-22T19:50:08.310+0900][11.823s][info][gc,start       ] GC(564) Pause Young (Allocation Failure)
[2026-03-22T19:50:08.315+0900][11.828s][info][gc,heap        ] GC(564) PSYoungGen: 152561K(163840K)->10528K(163840K) Eden: 152561K(153088K)->0K(153088K) From: 0K(10752K)->10528K(10752K)
[2026-03-22T19:50:08.315+0900][11.828s][info][gc,heap        ] GC(564) ParOldGen: 103430K(349696K)->197639K(349696K)
[2026-03-22T19:50:08.315+0900][11.828s][info][gc,metaspace   ] GC(564) Metaspace: 340K(512K)->340K(512K) NonClass: 322K(384K)->322K(384K) Class: 17K(128K)->17K(128K)
[2026-03-22T19:50:08.315+0900][11.828s][info][gc             ] GC(564) Pause Young (Allocation Failure) 249M->203M(501M) 4.722ms
[2026-03-22T19:50:08.315+0900][11.828s][info][gc,cpu         ] GC(564) User=0.00s Sys=0.00s Real=0.01s
[2026-03-22T19:50:08.330+0900][11.843s][info][gc,start       ] GC(565) Pause Young (Allocation Failure)
[2026-03-22T19:50:08.334+0900][11.847s][info][gc,heap        ] GC(565) PSYoungGen: 163089K(163840K)->10528K(163840K) Eden: 152561K(153088K)->0K(153088K) From: 10528K(10752K)->10528K(10752K)
[2026-03-22T19:50:08.334+0900][11.847s][info][gc,heap        ] GC(565) ParOldGen: 197639K(349696K)->291999K(349696K)
[2026-03-22T19:50:08.334+0900][11.847s][info][gc,metaspace   ] GC(565) Metaspace: 340K(512K)->340K(512K) NonClass: 322K(384K)->322K(384K) Class: 17K(128K)->17K(128K)
[2026-03-22T19:50:08.334+0900][11.847s][info][gc             ] GC(565) Pause Young (Allocation Failure) 352M->295M(501M) 4.747ms
[2026-03-22T19:50:08.334+0900][11.848s][info][gc,cpu         ] GC(565) User=0.00s Sys=0.00s Real=0.00s
[2026-03-22T19:50:08.349+0900][11.862s][info][gc,start       ] GC(566) Pause Full (Ergonomics)
[2026-03-22T19:50:08.349+0900][11.862s][info][gc,phases,start] GC(566) Marking Phase
[2026-03-22T19:50:08.350+0900][11.864s][info][gc,phases      ] GC(566) Marking Phase 1.385ms
[2026-03-22T19:50:08.350+0900][11.864s][info][gc,phases,start] GC(566) Summary Phase
[2026-03-22T19:50:08.351+0900][11.864s][info][gc,phases      ] GC(566) Summary Phase 0.023ms
[2026-03-22T19:50:08.351+0900][11.864s][info][gc,phases,start] GC(566) Adjust Roots
[2026-03-22T19:50:08.351+0900][11.864s][info][gc,phases      ] GC(566) Adjust Roots 0.262ms
[2026-03-22T19:50:08.351+0900][11.864s][info][gc,phases,start] GC(566) Compaction Phase
[2026-03-22T19:50:08.357+0900][11.870s][info][gc,phases      ] GC(566) Compaction Phase 5.886ms
[2026-03-22T19:50:08.357+0900][11.870s][info][gc,phases,start] GC(566) Post Compact
[2026-03-22T19:50:08.359+0900][11.872s][info][gc,phases      ] GC(566) Post Compact 1.989ms
[2026-03-22T19:50:08.359+0900][11.872s][info][gc,heap        ] GC(566) PSYoungGen: 163089K(163840K)->0K(163840K) Eden: 152561K(153088K)->0K(153088K) From: 10528K(10752K)->0K(10752K)
[2026-03-22T19:50:08.359+0900][11.872s][info][gc,heap        ] GC(566) ParOldGen: 291999K(349696K)->103430K(349696K)
[2026-03-22T19:50:08.359+0900][11.872s][info][gc,metaspace   ] GC(566) Metaspace: 340K(512K)->340K(512K) NonClass: 322K(384K)->322K(384K) Class: 17K(128K)->17K(128K)
[2026-03-22T19:50:08.359+0900][11.872s][info][gc             ] GC(566) Pause Full (Ergonomics) 444M->101M(501M) 9.884ms
[2026-03-22T19:50:08.359+0900][11.872s][info][gc,cpu         ] GC(566) User=0.08s Sys=0.00s Real=0.01s
[2026-03-22T19:50:08.373+0900][11.887s][info][gc,start       ] GC(567) Pause Young (Allocation Failure)
[2026-03-22T19:50:08.378+0900][11.891s][info][gc,heap        ] GC(567) PSYoungGen: 152561K(163840K)->10560K(163840K) Eden: 152561K(153088K)->0K(153088K) From: 0K(10752K)->10560K(10752K)
[2026-03-22T19:50:08.378+0900][11.891s][info][gc,heap        ] GC(567) ParOldGen: 103430K(349696K)->197639K(349696K)
[2026-03-22T19:50:08.378+0900][11.891s][info][gc,metaspace   ] GC(567) Metaspace: 340K(512K)->340K(512K) NonClass: 322K(384K)->322K(384K) Class: 17K(128K)->17K(128K)
[2026-03-22T19:50:08.378+0900][11.891s][info][gc             ] GC(567) Pause Young (Allocation Failure) 249M->203M(501M) 4.411ms
[2026-03-22T19:50:08.378+0900][11.891s][info][gc,cpu         ] GC(567) User=0.00s Sys=0.00s Real=0.01s
[2026-03-22T19:50:08.393+0900][11.906s][info][gc,start       ] GC(568) Pause Young (Allocation Failure)
[2026-03-22T19:50:08.398+0900][11.911s][info][gc,heap        ] GC(568) PSYoungGen: 163121K(163840K)->10528K(163840K) Eden: 152561K(153088K)->0K(153088K) From: 10560K(10752K)->10528K(10752K)
[2026-03-22T19:50:08.398+0900][11.911s][info][gc,heap        ] GC(568) ParOldGen: 197639K(349696K)->291999K(349696K)
[2026-03-22T19:50:08.398+0900][11.911s][info][gc,metaspace   ] GC(568) Metaspace: 340K(512K)->340K(512K) NonClass: 322K(384K)->322K(384K) Class: 17K(128K)->17K(128K)
[2026-03-22T19:50:08.398+0900][11.911s][info][gc             ] GC(568) Pause Young (Allocation Failure) 352M->295M(501M) 4.798ms
[2026-03-22T19:50:08.398+0900][11.911s][info][gc,cpu         ] GC(568) User=0.00s Sys=0.00s Real=0.01s
[2026-03-22T19:50:08.413+0900][11.926s][info][gc,start       ] GC(569) Pause Full (Ergonomics)
[2026-03-22T19:50:08.413+0900][11.926s][info][gc,phases,start] GC(569) Marking Phase
[2026-03-22T19:50:08.415+0900][11.928s][info][gc,phases      ] GC(569) Marking Phase 1.472ms
[2026-03-22T19:50:08.415+0900][11.928s][info][gc,phases,start] GC(569) Summary Phase
[2026-03-22T19:50:08.415+0900][11.928s][info][gc,phases      ] GC(569) Summary Phase 0.023ms
[2026-03-22T19:50:08.415+0900][11.928s][info][gc,phases,start] GC(569) Adjust Roots
[2026-03-22T19:50:08.415+0900][11.928s][info][gc,phases      ] GC(569) Adjust Roots 0.261ms
[2026-03-22T19:50:08.415+0900][11.928s][info][gc,phases,start] GC(569) Compaction Phase
[2026-03-22T19:50:08.421+0900][11.933s][info][gc,phases      ] GC(569) Compaction Phase 5.128ms
[2026-03-22T19:50:08.421+0900][11.934s][info][gc,phases,start] GC(569) Post Compact
[2026-03-22T19:50:08.422+0900][11.935s][info][gc,phases      ] GC(569) Post Compact 1.411ms
[2026-03-22T19:50:08.422+0900][11.935s][info][gc,heap        ] GC(569) PSYoungGen: 163089K(163840K)->0K(163840K) Eden: 152561K(153088K)->0K(153088K) From: 10528K(10752K)->0K(10752K)
[2026-03-22T19:50:08.422+0900][11.935s][info][gc,heap        ] GC(569) ParOldGen: 291999K(349696K)->103430K(349696K)
[2026-03-22T19:50:08.422+0900][11.935s][info][gc,metaspace   ] GC(569) Metaspace: 340K(512K)->340K(512K) NonClass: 322K(384K)->322K(384K) Class: 17K(128K)->17K(128K)
[2026-03-22T19:50:08.422+0900][11.935s][info][gc             ] GC(569) Pause Full (Ergonomics) 444M->101M(501M) 8.592ms
[2026-03-22T19:50:08.422+0900][11.935s][info][gc,cpu         ] GC(569) User=0.02s Sys=0.00s Real=0.01s
[2026-03-22T19:50:08.438+0900][11.951s][info][gc,start       ] GC(570) Pause Young (Allocation Failure)
[2026-03-22T19:50:08.443+0900][11.955s][info][gc,heap        ] GC(570) PSYoungGen: 152561K(163840K)->10528K(163840K) Eden: 152561K(153088K)->0K(153088K) From: 0K(10752K)->10528K(10752K)
[2026-03-22T19:50:08.443+0900][11.956s][info][gc,heap        ] GC(570) ParOldGen: 103430K(349696K)->197639K(349696K)
[2026-03-22T19:50:08.443+0900][11.956s][info][gc,metaspace   ] GC(570) Metaspace: 340K(512K)->340K(512K) NonClass: 322K(384K)->322K(384K) Class: 17K(128K)->17K(128K)
[2026-03-22T19:50:08.443+0900][11.956s][info][gc             ] GC(570) Pause Young (Allocation Failure) 249M->203M(501M) 4.771ms
[2026-03-22T19:50:08.443+0900][11.956s][info][gc,cpu         ] GC(570) User=0.00s Sys=0.00s Real=0.01s
[2026-03-22T19:50:08.461+0900][11.973s][info][gc,start       ] GC(571) Pause Young (Allocation Failure)
[2026-03-22T19:50:08.465+0900][11.978s][info][gc,heap        ] GC(571) PSYoungGen: 163089K(163840K)->10560K(163840K) Eden: 152561K(153088K)->0K(153088K) From: 10528K(10752K)->10560K(10752K)
[2026-03-22T19:50:08.466+0900][11.978s][info][gc,heap        ] GC(571) ParOldGen: 197639K(349696K)->291999K(349696K)
[2026-03-22T19:50:08.466+0900][11.978s][info][gc,metaspace   ] GC(571) Metaspace: 340K(512K)->340K(512K) NonClass: 322K(384K)->322K(384K) Class: 17K(128K)->17K(128K)
[2026-03-22T19:50:08.466+0900][11.978s][info][gc             ] GC(571) Pause Young (Allocation Failure) 352M->295M(501M) 4.727ms
[2026-03-22T19:50:08.466+0900][11.978s][info][gc,cpu         ] GC(571) User=0.09s Sys=0.00s Real=0.01s
[2026-03-22T19:50:08.481+0900][11.993s][info][gc,start       ] GC(572) Pause Full (Ergonomics)
[2026-03-22T19:50:08.481+0900][11.993s][info][gc,phases,start] GC(572) Marking Phase
[2026-03-22T19:50:08.482+0900][11.995s][info][gc,phases      ] GC(572) Marking Phase 1.554ms
[2026-03-22T19:50:08.482+0900][11.995s][info][gc,phases,start] GC(572) Summary Phase
[2026-03-22T19:50:08.483+0900][11.995s][info][gc,phases      ] GC(572) Summary Phase 0.037ms
[2026-03-22T19:50:08.483+0900][11.995s][info][gc,phases,start] GC(572) Adjust Roots
[2026-03-22T19:50:08.483+0900][11.996s][info][gc,phases      ] GC(572) Adjust Roots 0.407ms
[2026-03-22T19:50:08.483+0900][11.996s][info][gc,phases,start] GC(572) Compaction Phase
[2026-03-22T19:50:08.489+0900][12.001s][info][gc,phases      ] GC(572) Compaction Phase 5.492ms
[2026-03-22T19:50:08.489+0900][12.001s][info][gc,phases,start] GC(572) Post Compact
[2026-03-22T19:50:08.490+0900][12.003s][info][gc,phases      ] GC(572) Post Compact 1.796ms
[2026-03-22T19:50:08.490+0900][12.003s][info][gc,heap        ] GC(572) PSYoungGen: 163121K(163840K)->0K(163840K) Eden: 152561K(153088K)->0K(153088K) From: 10560K(10752K)->0K(10752K)
[2026-03-22T19:50:08.491+0900][12.003s][info][gc,heap        ] GC(572) ParOldGen: 291999K(349696K)->103430K(349696K)
[2026-03-22T19:50:08.491+0900][12.003s][info][gc,metaspace   ] GC(572) Metaspace: 340K(512K)->340K(512K) NonClass: 322K(384K)->322K(384K) Class: 17K(128K)->17K(128K)
[2026-03-22T19:50:08.491+0900][12.003s][info][gc             ] GC(572) Pause Full (Ergonomics) 444M->101M(501M) 9.824ms
[2026-03-22T19:50:08.491+0900][12.003s][info][gc,cpu         ] GC(572) User=0.00s Sys=0.00s Real=0.01s
[2026-03-22T19:50:08.508+0900][12.021s][info][gc,start       ] GC(573) Pause Young (Allocation Failure)
[2026-03-22T19:50:08.512+0900][12.025s][info][gc,heap        ] GC(573) PSYoungGen: 152561K(163840K)->10560K(163840K) Eden: 152561K(153088K)->0K(153088K) From: 0K(10752K)->10560K(10752K)
[2026-03-22T19:50:08.512+0900][12.025s][info][gc,heap        ] GC(573) ParOldGen: 103430K(349696K)->197639K(349696K)
[2026-03-22T19:50:08.512+0900][12.025s][info][gc,metaspace   ] GC(573) Metaspace: 340K(512K)->340K(512K) NonClass: 322K(384K)->322K(384K) Class: 17K(128K)->17K(128K)
[2026-03-22T19:50:08.512+0900][12.025s][info][gc             ] GC(573) Pause Young (Allocation Failure) 249M->203M(501M) 4.689ms
[2026-03-22T19:50:08.512+0900][12.025s][info][gc,cpu         ] GC(573) User=0.09s Sys=0.00s Real=0.00s
[2026-03-22T19:50:08.527+0900][12.040s][info][gc,start       ] GC(574) Pause Young (Allocation Failure)
[2026-03-22T19:50:08.532+0900][12.045s][info][gc,heap        ] GC(574) PSYoungGen: 163121K(163840K)->10528K(163840K) Eden: 152561K(153088K)->0K(153088K) From: 10560K(10752K)->10528K(10752K)
[2026-03-22T19:50:08.532+0900][12.045s][info][gc,heap        ] GC(574) ParOldGen: 197639K(349696K)->289951K(349696K)
[2026-03-22T19:50:08.532+0900][12.045s][info][gc,metaspace   ] GC(574) Metaspace: 340K(512K)->340K(512K) NonClass: 322K(384K)->322K(384K) Class: 17K(128K)->17K(128K)
[2026-03-22T19:50:08.532+0900][12.045s][info][gc             ] GC(574) Pause Young (Allocation Failure) 352M->293M(501M) 4.811ms
[2026-03-22T19:50:08.532+0900][12.045s][info][gc,cpu         ] GC(574) User=0.00s Sys=0.00s Real=0.01s
[2026-03-22T19:50:08.547+0900][12.060s][info][gc,start       ] GC(575) Pause Full (Ergonomics)
[2026-03-22T19:50:08.547+0900][12.060s][info][gc,phases,start] GC(575) Marking Phase
[2026-03-22T19:50:08.548+0900][12.062s][info][gc,phases      ] GC(575) Marking Phase 1.572ms
[2026-03-22T19:50:08.548+0900][12.062s][info][gc,phases,start] GC(575) Summary Phase
[2026-03-22T19:50:08.548+0900][12.062s][info][gc,phases      ] GC(575) Summary Phase 0.026ms
[2026-03-22T19:50:08.548+0900][12.062s][info][gc,phases,start] GC(575) Adjust Roots
[2026-03-22T19:50:08.549+0900][12.062s][info][gc,phases      ] GC(575) Adjust Roots 0.436ms
[2026-03-22T19:50:08.549+0900][12.062s][info][gc,phases,start] GC(575) Compaction Phase
[2026-03-22T19:50:08.554+0900][12.068s][info][gc,phases      ] GC(575) Compaction Phase 5.445ms
[2026-03-22T19:50:08.554+0900][12.068s][info][gc,phases,start] GC(575) Post Compact
[2026-03-22T19:50:08.556+0900][12.069s][info][gc,phases      ] GC(575) Post Compact 1.410ms
[2026-03-22T19:50:08.556+0900][12.069s][info][gc,heap        ] GC(575) PSYoungGen: 163089K(163840K)->0K(163840K) Eden: 152561K(153088K)->0K(153088K) From: 10528K(10752K)->0K(10752K)
[2026-03-22T19:50:08.556+0900][12.069s][info][gc,heap        ] GC(575) ParOldGen: 289951K(349696K)->103195K(349696K)
[2026-03-22T19:50:08.556+0900][12.069s][info][gc,metaspace   ] GC(575) Metaspace: 340K(512K)->340K(512K) NonClass: 322K(384K)->322K(384K) Class: 17K(128K)->17K(128K)
[2026-03-22T19:50:08.556+0900][12.069s][info][gc             ] GC(575) Pause Full (Ergonomics) 442M->100M(501M) 9.310ms
[2026-03-22T19:50:08.556+0900][12.069s][info][gc,cpu         ] GC(575) User=0.00s Sys=0.00s Real=0.01s
[2026-03-22T19:50:08.574+0900][12.087s][info][gc,start       ] GC(576) Pause Young (Allocation Failure)
[2026-03-22T19:50:08.579+0900][12.091s][info][gc,heap        ] GC(576) PSYoungGen: 152561K(163840K)->10528K(163840K) Eden: 152561K(153088K)->0K(153088K) From: 0K(10752K)->10528K(10752K)
[2026-03-22T19:50:08.579+0900][12.091s][info][gc,heap        ] GC(576) ParOldGen: 103195K(349696K)->197403K(349696K)
[2026-03-22T19:50:08.579+0900][12.091s][info][gc,metaspace   ] GC(576) Metaspace: 340K(512K)->340K(512K) NonClass: 322K(384K)->322K(384K) Class: 17K(128K)->17K(128K)
[2026-03-22T19:50:08.579+0900][12.091s][info][gc             ] GC(576) Pause Young (Allocation Failure) 249M->203M(501M) 4.750ms
[2026-03-22T19:50:08.579+0900][12.091s][info][gc,cpu         ] GC(576) User=0.00s Sys=0.00s Real=0.01s
[2026-03-22T19:50:08.594+0900][12.107s][info][gc,start       ] GC(577) Pause Young (Allocation Failure)
[2026-03-22T19:50:08.599+0900][12.112s][info][gc,heap        ] GC(577) PSYoungGen: 163089K(163840K)->10528K(163840K) Eden: 152561K(153088K)->0K(153088K) From: 10528K(10752K)->10528K(10752K)
[2026-03-22T19:50:08.599+0900][12.112s][info][gc,heap        ] GC(577) ParOldGen: 197403K(349696K)->291764K(349696K)
[2026-03-22T19:50:08.599+0900][12.112s][info][gc,metaspace   ] GC(577) Metaspace: 340K(512K)->340K(512K) NonClass: 322K(384K)->322K(384K) Class: 17K(128K)->17K(128K)
[2026-03-22T19:50:08.599+0900][12.112s][info][gc             ] GC(577) Pause Young (Allocation Failure) 352M->295M(501M) 4.597ms
[2026-03-22T19:50:08.599+0900][12.112s][info][gc,cpu         ] GC(577) User=0.00s Sys=0.00s Real=0.00s
[2026-03-22T19:50:08.614+0900][12.127s][info][gc,start       ] GC(578) Pause Full (Ergonomics)
[2026-03-22T19:50:08.614+0900][12.127s][info][gc,phases,start] GC(578) Marking Phase
[2026-03-22T19:50:08.615+0900][12.129s][info][gc,phases      ] GC(578) Marking Phase 1.505ms
[2026-03-22T19:50:08.615+0900][12.129s][info][gc,phases,start] GC(578) Summary Phase
[2026-03-22T19:50:08.615+0900][12.129s][info][gc,phases      ] GC(578) Summary Phase 0.035ms
[2026-03-22T19:50:08.615+0900][12.129s][info][gc,phases,start] GC(578) Adjust Roots
[2026-03-22T19:50:08.616+0900][12.129s][info][gc,phases      ] GC(578) Adjust Roots 0.411ms
[2026-03-22T19:50:08.616+0900][12.129s][info][gc,phases,start] GC(578) Compaction Phase
[2026-03-22T19:50:08.623+0900][12.136s][info][gc,phases      ] GC(578) Compaction Phase 6.411ms
[2026-03-22T19:50:08.623+0900][12.136s][info][gc,phases,start] GC(578) Post Compact
[2026-03-22T19:50:08.625+0900][12.138s][info][gc,phases      ] GC(578) Post Compact 2.089ms
[2026-03-22T19:50:08.625+0900][12.138s][info][gc,heap        ] GC(578) PSYoungGen: 163089K(163840K)->0K(163840K) Eden: 152561K(153088K)->0K(153088K) From: 10528K(10752K)->0K(10752K)
[2026-03-22T19:50:08.625+0900][12.138s][info][gc,heap        ] GC(578) ParOldGen: 291764K(349696K)->103430K(349696K)
[2026-03-22T19:50:08.625+0900][12.138s][info][gc,metaspace   ] GC(578) Metaspace: 340K(512K)->340K(512K) NonClass: 322K(384K)->322K(384K) Class: 17K(128K)->17K(128K)
[2026-03-22T19:50:08.625+0900][12.138s][info][gc             ] GC(578) Pause Full (Ergonomics) 444M->101M(501M) 11.131ms
[2026-03-22T19:50:08.625+0900][12.138s][info][gc,cpu         ] GC(578) User=0.09s Sys=0.00s Real=0.01s
[2026-03-22T19:50:08.641+0900][12.153s][info][gc,start       ] GC(579) Pause Young (Allocation Failure)
[2026-03-22T19:50:08.645+0900][12.158s][info][gc,heap        ] GC(579) PSYoungGen: 152561K(163840K)->10560K(163840K) Eden: 152561K(153088K)->0K(153088K) From: 0K(10752K)->10560K(10752K)
[2026-03-22T19:50:08.645+0900][12.158s][info][gc,heap        ] GC(579) ParOldGen: 103430K(349696K)->197639K(349696K)
[2026-03-22T19:50:08.645+0900][12.158s][info][gc,metaspace   ] GC(579) Metaspace: 340K(512K)->340K(512K) NonClass: 322K(384K)->322K(384K) Class: 17K(128K)->17K(128K)
[2026-03-22T19:50:08.645+0900][12.158s][info][gc             ] GC(579) Pause Young (Allocation Failure) 249M->203M(501M) 4.596ms
[2026-03-22T19:50:08.645+0900][12.158s][info][gc,cpu         ] GC(579) User=0.00s Sys=0.00s Real=0.00s
[2026-03-22T19:50:08.659+0900][12.173s][info][gc,start       ] GC(580) Pause Young (Allocation Failure)
[2026-03-22T19:50:08.664+0900][12.177s][info][gc,heap        ] GC(580) PSYoungGen: 163121K(163840K)->10560K(163840K) Eden: 152561K(153088K)->0K(153088K) From: 10560K(10752K)->10560K(10752K)
[2026-03-22T19:50:08.664+0900][12.178s][info][gc,heap        ] GC(580) ParOldGen: 197639K(349696K)->291999K(349696K)
[2026-03-22T19:50:08.664+0900][12.178s][info][gc,metaspace   ] GC(580) Metaspace: 340K(512K)->340K(512K) NonClass: 322K(384K)->322K(384K) Class: 17K(128K)->17K(128K)
[2026-03-22T19:50:08.664+0900][12.178s][info][gc             ] GC(580) Pause Young (Allocation Failure) 352M->295M(501M) 4.751ms
[2026-03-22T19:50:08.664+0900][12.178s][info][gc,cpu         ] GC(580) User=0.00s Sys=0.00s Real=0.01s
[2026-03-22T19:50:08.682+0900][12.195s][info][gc,start       ] GC(581) Pause Full (Ergonomics)
[2026-03-22T19:50:08.682+0900][12.195s][info][gc,phases,start] GC(581) Marking Phase
[2026-03-22T19:50:08.684+0900][12.197s][info][gc,phases      ] GC(581) Marking Phase 1.382ms
[2026-03-22T19:50:08.684+0900][12.197s][info][gc,phases,start] GC(581) Summary Phase
[2026-03-22T19:50:08.684+0900][12.197s][info][gc,phases      ] GC(581) Summary Phase 0.019ms
[2026-03-22T19:50:08.684+0900][12.197s][info][gc,phases,start] GC(581) Adjust Roots
[2026-03-22T19:50:08.684+0900][12.197s][info][gc,phases      ] GC(581) Adjust Roots 0.369ms
[2026-03-22T19:50:08.684+0900][12.197s][info][gc,phases,start] GC(581) Compaction Phase
[2026-03-22T19:50:08.690+0900][12.202s][info][gc,phases      ] GC(581) Compaction Phase 5.099ms
[2026-03-22T19:50:08.690+0900][12.202s][info][gc,phases,start] GC(581) Post Compact
[2026-03-22T19:50:08.691+0900][12.204s][info][gc,phases      ] GC(581) Post Compact 1.512ms
[2026-03-22T19:50:08.691+0900][12.204s][info][gc,heap        ] GC(581) PSYoungGen: 163121K(163840K)->0K(163840K) Eden: 152561K(153088K)->0K(153088K) From: 10560K(10752K)->0K(10752K)
[2026-03-22T19:50:08.691+0900][12.204s][info][gc,heap        ] GC(581) ParOldGen: 291999K(349696K)->103430K(349696K)
[2026-03-22T19:50:08.691+0900][12.204s][info][gc,metaspace   ] GC(581) Metaspace: 340K(512K)->340K(512K) NonClass: 322K(384K)->322K(384K) Class: 17K(128K)->17K(128K)
[2026-03-22T19:50:08.691+0900][12.204s][info][gc             ] GC(581) Pause Full (Ergonomics) 444M->101M(501M) 8.712ms
[2026-03-22T19:50:08.691+0900][12.204s][info][gc,cpu         ] GC(581) User=0.00s Sys=0.00s Real=0.01s
[2026-03-22T19:50:08.707+0900][12.220s][info][gc,start       ] GC(582) Pause Young (Allocation Failure)
[2026-03-22T19:50:08.711+0900][12.224s][info][gc,heap        ] GC(582) PSYoungGen: 152561K(163840K)->10560K(163840K) Eden: 152561K(153088K)->0K(153088K) From: 0K(10752K)->10560K(10752K)
[2026-03-22T19:50:08.711+0900][12.224s][info][gc,heap        ] GC(582) ParOldGen: 103430K(349696K)->197639K(349696K)
[2026-03-22T19:50:08.711+0900][12.224s][info][gc,metaspace   ] GC(582) Metaspace: 340K(512K)->340K(512K) NonClass: 322K(384K)->322K(384K) Class: 17K(128K)->17K(128K)
[2026-03-22T19:50:08.711+0900][12.224s][info][gc             ] GC(582) Pause Young (Allocation Failure) 249M->203M(501M) 4.457ms
[2026-03-22T19:50:08.711+0900][12.224s][info][gc,cpu         ] GC(582) User=0.00s Sys=0.00s Real=0.00s
[2026-03-22T19:50:08.726+0900][12.240s][info][gc,start       ] GC(583) Pause Young (Allocation Failure)
[2026-03-22T19:50:08.731+0900][12.244s][info][gc,heap        ] GC(583) PSYoungGen: 163121K(163840K)->10528K(163840K) Eden: 152561K(153088K)->0K(153088K) From: 10560K(10752K)->10528K(10752K)
[2026-03-22T19:50:08.731+0900][12.244s][info][gc,heap        ] GC(583) ParOldGen: 197639K(349696K)->291999K(349696K)
[2026-03-22T19:50:08.731+0900][12.244s][info][gc,metaspace   ] GC(583) Metaspace: 340K(512K)->340K(512K) NonClass: 322K(384K)->322K(384K) Class: 17K(128K)->17K(128K)
[2026-03-22T19:50:08.731+0900][12.244s][info][gc             ] GC(583) Pause Young (Allocation Failure) 352M->295M(501M) 4.759ms
[2026-03-22T19:50:08.731+0900][12.244s][info][gc,cpu         ] GC(583) User=0.09s Sys=0.00s Real=0.00s
[2026-03-22T19:50:08.748+0900][12.261s][info][gc,start       ] GC(584) Pause Full (Ergonomics)
[2026-03-22T19:50:08.748+0900][12.261s][info][gc,phases,start] GC(584) Marking Phase
[2026-03-22T19:50:08.749+0900][12.262s][info][gc,phases      ] GC(584) Marking Phase 1.338ms
[2026-03-22T19:50:08.749+0900][12.262s][info][gc,phases,start] GC(584) Summary Phase
[2026-03-22T19:50:08.749+0900][12.262s][info][gc,phases      ] GC(584) Summary Phase 0.015ms
[2026-03-22T19:50:08.749+0900][12.262s][info][gc,phases,start] GC(584) Adjust Roots
[2026-03-22T19:50:08.750+0900][12.262s][info][gc,phases      ] GC(584) Adjust Roots 0.290ms
[2026-03-22T19:50:08.750+0900][12.262s][info][gc,phases,start] GC(584) Compaction Phase
[2026-03-22T19:50:08.754+0900][12.267s][info][gc,phases      ] GC(584) Compaction Phase 4.808ms
[2026-03-22T19:50:08.755+0900][12.267s][info][gc,phases,start] GC(584) Post Compact
[2026-03-22T19:50:08.756+0900][12.269s][info][gc,phases      ] GC(584) Post Compact 1.385ms
[2026-03-22T19:50:08.756+0900][12.269s][info][gc,heap        ] GC(584) PSYoungGen: 163089K(163840K)->0K(163840K) Eden: 152561K(153088K)->0K(153088K) From: 10528K(10752K)->0K(10752K)
[2026-03-22T19:50:08.756+0900][12.269s][info][gc,heap        ] GC(584) ParOldGen: 291999K(349696K)->103430K(349696K)
[2026-03-22T19:50:08.756+0900][12.269s][info][gc,metaspace   ] GC(584) Metaspace: 340K(512K)->340K(512K) NonClass: 322K(384K)->322K(384K) Class: 17K(128K)->17K(128K)
[2026-03-22T19:50:08.756+0900][12.269s][info][gc             ] GC(584) Pause Full (Ergonomics) 444M->101M(501M) 8.107ms
[2026-03-22T19:50:08.756+0900][12.269s][info][gc,cpu         ] GC(584) User=0.00s Sys=0.00s Real=0.01s
[2026-03-22T19:50:08.771+0900][12.283s][info][gc,start       ] GC(585) Pause Young (Allocation Failure)
[2026-03-22T19:50:08.775+0900][12.287s][info][gc,heap        ] GC(585) PSYoungGen: 152561K(163840K)->10528K(163840K) Eden: 152561K(153088K)->0K(153088K) From: 0K(10752K)->10528K(10752K)
[2026-03-22T19:50:08.775+0900][12.288s][info][gc,heap        ] GC(585) ParOldGen: 103430K(349696K)->197639K(349696K)
[2026-03-22T19:50:08.775+0900][12.288s][info][gc,metaspace   ] GC(585) Metaspace: 340K(512K)->340K(512K) NonClass: 322K(384K)->322K(384K) Class: 17K(128K)->17K(128K)
[2026-03-22T19:50:08.775+0900][12.288s][info][gc             ] GC(585) Pause Young (Allocation Failure) 249M->203M(501M) 4.266ms
[2026-03-22T19:50:08.775+0900][12.288s][info][gc,cpu         ] GC(585) User=0.00s Sys=0.00s Real=0.00s
[2026-03-22T19:50:08.791+0900][12.305s][info][gc,start       ] GC(586) Pause Young (Allocation Failure)
[2026-03-22T19:50:08.796+0900][12.309s][info][gc,heap        ] GC(586) PSYoungGen: 163089K(163840K)->10560K(163840K) Eden: 152561K(153088K)->0K(153088K) From: 10528K(10752K)->10560K(10752K)
[2026-03-22T19:50:08.796+0900][12.309s][info][gc,heap        ] GC(586) ParOldGen: 197639K(349696K)->291999K(349696K)
[2026-03-22T19:50:08.796+0900][12.309s][info][gc,metaspace   ] GC(586) Metaspace: 340K(512K)->340K(512K) NonClass: 322K(384K)->322K(384K) Class: 17K(128K)->17K(128K)
[2026-03-22T19:50:08.796+0900][12.309s][info][gc             ] GC(586) Pause Young (Allocation Failure) 352M->295M(501M) 4.431ms
[2026-03-22T19:50:08.796+0900][12.309s][info][gc,cpu         ] GC(586) User=0.00s Sys=0.00s Real=0.01s
[2026-03-22T19:50:08.811+0900][12.324s][info][gc,start       ] GC(587) Pause Full (Ergonomics)
[2026-03-22T19:50:08.811+0900][12.324s][info][gc,phases,start] GC(587) Marking Phase
[2026-03-22T19:50:08.812+0900][12.325s][info][gc,phases      ] GC(587) Marking Phase 1.320ms
[2026-03-22T19:50:08.812+0900][12.325s][info][gc,phases,start] GC(587) Summary Phase
[2026-03-22T19:50:08.812+0900][12.325s][info][gc,phases      ] GC(587) Summary Phase 0.024ms
[2026-03-22T19:50:08.812+0900][12.325s][info][gc,phases,start] GC(587) Adjust Roots
[2026-03-22T19:50:08.812+0900][12.325s][info][gc,phases      ] GC(587) Adjust Roots 0.296ms
[2026-03-22T19:50:08.812+0900][12.325s][info][gc,phases,start] GC(587) Compaction Phase
[2026-03-22T19:50:08.817+0900][12.330s][info][gc,phases      ] GC(587) Compaction Phase 4.758ms
[2026-03-22T19:50:08.817+0900][12.330s][info][gc,phases,start] GC(587) Post Compact
[2026-03-22T19:50:08.819+0900][12.332s][info][gc,phases      ] GC(587) Post Compact 1.784ms
[2026-03-22T19:50:08.819+0900][12.332s][info][gc,heap        ] GC(587) PSYoungGen: 163121K(163840K)->0K(163840K) Eden: 152561K(153088K)->0K(153088K) From: 10560K(10752K)->0K(10752K)
[2026-03-22T19:50:08.819+0900][12.332s][info][gc,heap        ] GC(587) ParOldGen: 291999K(349696K)->103430K(349696K)
[2026-03-22T19:50:08.819+0900][12.332s][info][gc,metaspace   ] GC(587) Metaspace: 340K(512K)->340K(512K) NonClass: 322K(384K)->322K(384K) Class: 17K(128K)->17K(128K)
[2026-03-22T19:50:08.819+0900][12.332s][info][gc             ] GC(587) Pause Full (Ergonomics) 444M->101M(501M) 8.495ms
[2026-03-22T19:50:08.819+0900][12.332s][info][gc,cpu         ] GC(587) User=0.00s Sys=0.00s Real=0.01s
[2026-03-22T19:50:08.835+0900][12.347s][info][gc,start       ] GC(588) Pause Young (Allocation Failure)
[2026-03-22T19:50:08.839+0900][12.352s][info][gc,heap        ] GC(588) PSYoungGen: 152561K(163840K)->10528K(163840K) Eden: 152561K(153088K)->0K(153088K) From: 0K(10752K)->10528K(10752K)
[2026-03-22T19:50:08.839+0900][12.352s][info][gc,heap        ] GC(588) ParOldGen: 103430K(349696K)->197639K(349696K)
[2026-03-22T19:50:08.839+0900][12.352s][info][gc,metaspace   ] GC(588) Metaspace: 340K(512K)->340K(512K) NonClass: 322K(384K)->322K(384K) Class: 17K(128K)->17K(128K)
[2026-03-22T19:50:08.839+0900][12.352s][info][gc             ] GC(588) Pause Young (Allocation Failure) 249M->203M(501M) 4.725ms
[2026-03-22T19:50:08.839+0900][12.352s][info][gc,cpu         ] GC(588) User=0.09s Sys=0.00s Real=0.00s
[2026-03-22T19:50:08.853+0900][12.366s][info][gc,start       ] GC(589) Pause Young (Allocation Failure)
[2026-03-22T19:50:08.858+0900][12.371s][info][gc,heap        ] GC(589) PSYoungGen: 163089K(163840K)->10528K(163840K) Eden: 152561K(153088K)->0K(153088K) From: 10528K(10752K)->10528K(10752K)
[2026-03-22T19:50:08.858+0900][12.371s][info][gc,heap        ] GC(589) ParOldGen: 197639K(349696K)->291999K(349696K)
[2026-03-22T19:50:08.858+0900][12.371s][info][gc,metaspace   ] GC(589) Metaspace: 340K(512K)->340K(512K) NonClass: 322K(384K)->322K(384K) Class: 17K(128K)->17K(128K)
[2026-03-22T19:50:08.858+0900][12.371s][info][gc             ] GC(589) Pause Young (Allocation Failure) 352M->295M(501M) 4.423ms
[2026-03-22T19:50:08.858+0900][12.371s][info][gc,cpu         ] GC(589) User=0.00s Sys=0.00s Real=0.01s
[2026-03-22T19:50:08.874+0900][12.386s][info][gc,start       ] GC(590) Pause Full (Ergonomics)
[2026-03-22T19:50:08.878+0900][12.390s][info][gc,phases,start] GC(590) Marking Phase
[2026-03-22T19:50:08.879+0900][12.392s][info][gc,phases      ] GC(590) Marking Phase 1.510ms
[2026-03-22T19:50:08.879+0900][12.392s][info][gc,phases,start] GC(590) Summary Phase
[2026-03-22T19:50:08.879+0900][12.392s][info][gc,phases      ] GC(590) Summary Phase 0.036ms
[2026-03-22T19:50:08.879+0900][12.392s][info][gc,phases,start] GC(590) Adjust Roots
[2026-03-22T19:50:08.879+0900][12.392s][info][gc,phases      ] GC(590) Adjust Roots 0.376ms
[2026-03-22T19:50:08.879+0900][12.393s][info][gc,phases,start] GC(590) Compaction Phase
[2026-03-22T19:50:08.887+0900][12.400s][info][gc,phases      ] GC(590) Compaction Phase 7.520ms
[2026-03-22T19:50:08.887+0900][12.400s][info][gc,phases,start] GC(590) Post Compact
[2026-03-22T19:50:08.889+0900][12.402s][info][gc,phases      ] GC(590) Post Compact 2.042ms
[2026-03-22T19:50:08.889+0900][12.402s][info][gc,heap        ] GC(590) PSYoungGen: 163089K(163840K)->0K(163840K) Eden: 152561K(153088K)->0K(153088K) From: 10528K(10752K)->0K(10752K)
[2026-03-22T19:50:08.889+0900][12.402s][info][gc,heap        ] GC(590) ParOldGen: 291999K(349696K)->103430K(349696K)
[2026-03-22T19:50:08.890+0900][12.402s][info][gc,metaspace   ] GC(590) Metaspace: 340K(512K)->340K(512K) NonClass: 322K(384K)->322K(384K) Class: 17K(128K)->17K(128K)
[2026-03-22T19:50:08.890+0900][12.402s][info][gc             ] GC(590) Pause Full (Ergonomics) 444M->101M(501M) 15.922ms
[2026-03-22T19:50:08.890+0900][12.402s][info][gc,cpu         ] GC(590) User=0.09s Sys=0.00s Real=0.02s
[2026-03-22T19:50:08.906+0900][12.419s][info][gc,start       ] GC(591) Pause Young (Allocation Failure)
[2026-03-22T19:50:08.910+0900][12.423s][info][gc,heap        ] GC(591) PSYoungGen: 152561K(163840K)->10528K(163840K) Eden: 152561K(153088K)->0K(153088K) From: 0K(10752K)->10528K(10752K)
[2026-03-22T19:50:08.910+0900][12.423s][info][gc,heap        ] GC(591) ParOldGen: 103430K(349696K)->197639K(349696K)
[2026-03-22T19:50:08.910+0900][12.423s][info][gc,metaspace   ] GC(591) Metaspace: 340K(512K)->340K(512K) NonClass: 322K(384K)->322K(384K) Class: 17K(128K)->17K(128K)
[2026-03-22T19:50:08.910+0900][12.423s][info][gc             ] GC(591) Pause Young (Allocation Failure) 249M->203M(501M) 4.420ms
[2026-03-22T19:50:08.911+0900][12.423s][info][gc,cpu         ] GC(591) User=0.00s Sys=0.00s Real=0.01s
[2026-03-22T19:50:08.924+0900][12.438s][info][gc,start       ] GC(592) Pause Young (Allocation Failure)
[2026-03-22T19:50:08.928+0900][12.442s][info][gc,heap        ] GC(592) PSYoungGen: 163089K(163840K)->10528K(163840K) Eden: 152561K(153088K)->0K(153088K) From: 10528K(10752K)->10528K(10752K)
[2026-03-22T19:50:08.929+0900][12.442s][info][gc,heap        ] GC(592) ParOldGen: 197639K(349696K)->291999K(349696K)
[2026-03-22T19:50:08.929+0900][12.442s][info][gc,metaspace   ] GC(592) Metaspace: 340K(512K)->340K(512K) NonClass: 322K(384K)->322K(384K) Class: 17K(128K)->17K(128K)
[2026-03-22T19:50:08.929+0900][12.442s][info][gc             ] GC(592) Pause Young (Allocation Failure) 352M->295M(501M) 4.222ms
[2026-03-22T19:50:08.929+0900][12.442s][info][gc,cpu         ] GC(592) User=0.00s Sys=0.00s Real=0.00s
[2026-03-22T19:50:08.946+0900][12.459s][info][gc,start       ] GC(593) Pause Full (Ergonomics)
[2026-03-22T19:50:08.946+0900][12.459s][info][gc,phases,start] GC(593) Marking Phase
[2026-03-22T19:50:08.947+0900][12.460s][info][gc,phases      ] GC(593) Marking Phase 1.224ms
[2026-03-22T19:50:08.947+0900][12.460s][info][gc,phases,start] GC(593) Summary Phase
[2026-03-22T19:50:08.947+0900][12.460s][info][gc,phases      ] GC(593) Summary Phase 0.023ms
[2026-03-22T19:50:08.947+0900][12.460s][info][gc,phases,start] GC(593) Adjust Roots
[2026-03-22T19:50:08.947+0900][12.461s][info][gc,phases      ] GC(593) Adjust Roots 0.277ms
[2026-03-22T19:50:08.947+0900][12.461s][info][gc,phases,start] GC(593) Compaction Phase
[2026-03-22T19:50:08.953+0900][12.466s][info][gc,phases      ] GC(593) Compaction Phase 5.625ms
[2026-03-22T19:50:08.953+0900][12.466s][info][gc,phases,start] GC(593) Post Compact
[2026-03-22T19:50:08.955+0900][12.468s][info][gc,phases      ] GC(593) Post Compact 1.518ms
[2026-03-22T19:50:08.955+0900][12.468s][info][gc,heap        ] GC(593) PSYoungGen: 163089K(163840K)->0K(163840K) Eden: 152561K(153088K)->0K(153088K) From: 10528K(10752K)->0K(10752K)
[2026-03-22T19:50:08.955+0900][12.468s][info][gc,heap        ] GC(593) ParOldGen: 291999K(349696K)->103430K(349696K)
[2026-03-22T19:50:08.955+0900][12.468s][info][gc,metaspace   ] GC(593) Metaspace: 340K(512K)->340K(512K) NonClass: 322K(384K)->322K(384K) Class: 17K(128K)->17K(128K)
[2026-03-22T19:50:08.955+0900][12.468s][info][gc             ] GC(593) Pause Full (Ergonomics) 444M->101M(501M) 9.049ms
[2026-03-22T19:50:08.955+0900][12.468s][info][gc,cpu         ] GC(593) User=0.06s Sys=0.00s Real=0.01s
[2026-03-22T19:50:08.971+0900][12.484s][info][gc,start       ] GC(594) Pause Young (Allocation Failure)
[2026-03-22T19:50:08.975+0900][12.488s][info][gc,heap        ] GC(594) PSYoungGen: 152561K(163840K)->10560K(163840K) Eden: 152561K(153088K)->0K(153088K) From: 0K(10752K)->10560K(10752K)
[2026-03-22T19:50:08.975+0900][12.488s][info][gc,heap        ] GC(594) ParOldGen: 103430K(349696K)->197639K(349696K)
[2026-03-22T19:50:08.975+0900][12.488s][info][gc,metaspace   ] GC(594) Metaspace: 340K(512K)->340K(512K) NonClass: 322K(384K)->322K(384K) Class: 17K(128K)->17K(128K)
[2026-03-22T19:50:08.975+0900][12.488s][info][gc             ] GC(594) Pause Young (Allocation Failure) 249M->203M(501M) 4.319ms
[2026-03-22T19:50:08.975+0900][12.488s][info][gc,cpu         ] GC(594) User=0.00s Sys=0.00s Real=0.00s
[2026-03-22T19:50:08.992+0900][12.505s][info][gc,start       ] GC(595) Pause Young (Allocation Failure)
[2026-03-22T19:50:08.997+0900][12.510s][info][gc,heap        ] GC(595) PSYoungGen: 163121K(163840K)->10560K(163840K) Eden: 152561K(153088K)->0K(153088K) From: 10560K(10752K)->10560K(10752K)
[2026-03-22T19:50:08.997+0900][12.510s][info][gc,heap        ] GC(595) ParOldGen: 197639K(349696K)->291999K(349696K)
[2026-03-22T19:50:08.997+0900][12.510s][info][gc,metaspace   ] GC(595) Metaspace: 340K(512K)->340K(512K) NonClass: 322K(384K)->322K(384K) Class: 17K(128K)->17K(128K)
[2026-03-22T19:50:08.997+0900][12.510s][info][gc             ] GC(595) Pause Young (Allocation Failure) 352M->295M(501M) 5.464ms
[2026-03-22T19:50:08.997+0900][12.510s][info][gc,cpu         ] GC(595) User=0.06s Sys=0.00s Real=0.00s
[2026-03-22T19:50:09.013+0900][12.527s][info][gc,start       ] GC(596) Pause Full (Ergonomics)
[2026-03-22T19:50:09.014+0900][12.527s][info][gc,phases,start] GC(596) Marking Phase
[2026-03-22T19:50:09.015+0900][12.528s][info][gc,phases      ] GC(596) Marking Phase 1.345ms
[2026-03-22T19:50:09.015+0900][12.528s][info][gc,phases,start] GC(596) Summary Phase
[2026-03-22T19:50:09.015+0900][12.528s][info][gc,phases      ] GC(596) Summary Phase 0.023ms
[2026-03-22T19:50:09.015+0900][12.528s][info][gc,phases,start] GC(596) Adjust Roots
[2026-03-22T19:50:09.015+0900][12.529s][info][gc,phases      ] GC(596) Adjust Roots 0.248ms
[2026-03-22T19:50:09.015+0900][12.529s][info][gc,phases,start] GC(596) Compaction Phase
[2026-03-22T19:50:09.022+0900][12.534s][info][gc,phases      ] GC(596) Compaction Phase 5.644ms
[2026-03-22T19:50:09.022+0900][12.534s][info][gc,phases,start] GC(596) Post Compact
[2026-03-22T19:50:09.023+0900][12.536s][info][gc,phases      ] GC(596) Post Compact 1.550ms
[2026-03-22T19:50:09.024+0900][12.536s][info][gc,heap        ] GC(596) PSYoungGen: 163121K(163840K)->0K(163840K) Eden: 152561K(153088K)->0K(153088K) From: 10560K(10752K)->0K(10752K)
[2026-03-22T19:50:09.024+0900][12.536s][info][gc,heap        ] GC(596) ParOldGen: 291999K(349696K)->103430K(349696K)
[2026-03-22T19:50:09.024+0900][12.536s][info][gc,metaspace   ] GC(596) Metaspace: 340K(512K)->340K(512K) NonClass: 322K(384K)->322K(384K) Class: 17K(128K)->17K(128K)
[2026-03-22T19:50:09.024+0900][12.536s][info][gc             ] GC(596) Pause Full (Ergonomics) 444M->101M(501M) 9.198ms
[2026-03-22T19:50:09.024+0900][12.536s][info][gc,cpu         ] GC(596) User=0.00s Sys=0.00s Real=0.01s
[2026-03-22T19:50:09.038+0900][12.551s][info][gc,start       ] GC(597) Pause Young (Allocation Failure)
[2026-03-22T19:50:09.042+0900][12.555s][info][gc,heap        ] GC(597) PSYoungGen: 152561K(163840K)->10560K(163840K) Eden: 152561K(153088K)->0K(153088K) From: 0K(10752K)->10560K(10752K)
[2026-03-22T19:50:09.042+0900][12.555s][info][gc,heap        ] GC(597) ParOldGen: 103430K(349696K)->197639K(349696K)
[2026-03-22T19:50:09.042+0900][12.555s][info][gc,metaspace   ] GC(597) Metaspace: 340K(512K)->340K(512K) NonClass: 322K(384K)->322K(384K) Class: 17K(128K)->17K(128K)
[2026-03-22T19:50:09.042+0900][12.555s][info][gc             ] GC(597) Pause Young (Allocation Failure) 249M->203M(501M) 4.277ms
[2026-03-22T19:50:09.042+0900][12.555s][info][gc,cpu         ] GC(597) User=0.09s Sys=0.00s Real=0.00s
[2026-03-22T19:50:09.057+0900][12.570s][info][gc,start       ] GC(598) Pause Young (Allocation Failure)
[2026-03-22T19:50:09.061+0900][12.574s][info][gc,heap        ] GC(598) PSYoungGen: 163121K(163840K)->10528K(163840K) Eden: 152561K(153088K)->0K(153088K) From: 10560K(10752K)->10528K(10752K)
[2026-03-22T19:50:09.061+0900][12.574s][info][gc,heap        ] GC(598) ParOldGen: 197639K(349696K)->291999K(349696K)
[2026-03-22T19:50:09.061+0900][12.574s][info][gc,metaspace   ] GC(598) Metaspace: 340K(512K)->340K(512K) NonClass: 322K(384K)->322K(384K) Class: 17K(128K)->17K(128K)
[2026-03-22T19:50:09.061+0900][12.574s][info][gc             ] GC(598) Pause Young (Allocation Failure) 352M->295M(501M) 4.669ms
[2026-03-22T19:50:09.061+0900][12.574s][info][gc,cpu         ] GC(598) User=0.00s Sys=0.00s Real=0.00s
[2026-03-22T19:50:09.078+0900][12.591s][info][gc,start       ] GC(599) Pause Full (Ergonomics)
[2026-03-22T19:50:09.078+0900][12.591s][info][gc,phases,start] GC(599) Marking Phase
[2026-03-22T19:50:09.080+0900][12.592s][info][gc,phases      ] GC(599) Marking Phase 1.703ms
[2026-03-22T19:50:09.080+0900][12.592s][info][gc,phases,start] GC(599) Summary Phase
[2026-03-22T19:50:09.080+0900][12.592s][info][gc,phases      ] GC(599) Summary Phase 0.022ms
[2026-03-22T19:50:09.080+0900][12.593s][info][gc,phases,start] GC(599) Adjust Roots
[2026-03-22T19:50:09.080+0900][12.593s][info][gc,phases      ] GC(599) Adjust Roots 0.362ms
[2026-03-22T19:50:09.080+0900][12.593s][info][gc,phases,start] GC(599) Compaction Phase
[2026-03-22T19:50:09.087+0900][12.600s][info][gc,phases      ] GC(599) Compaction Phase 6.680ms
[2026-03-22T19:50:09.087+0900][12.600s][info][gc,phases,start] GC(599) Post Compact
[2026-03-22T19:50:09.090+0900][12.602s][info][gc,phases      ] GC(599) Post Compact 2.484ms
[2026-03-22T19:50:09.090+0900][12.602s][info][gc,heap        ] GC(599) PSYoungGen: 163089K(163840K)->0K(163840K) Eden: 152561K(153088K)->0K(153088K) From: 10528K(10752K)->0K(10752K)
[2026-03-22T19:50:09.090+0900][12.602s][info][gc,heap        ] GC(599) ParOldGen: 291999K(349696K)->103430K(349696K)
[2026-03-22T19:50:09.090+0900][12.602s][info][gc,metaspace   ] GC(599) Metaspace: 340K(512K)->340K(512K) NonClass: 322K(384K)->322K(384K) Class: 17K(128K)->17K(128K)
[2026-03-22T19:50:09.090+0900][12.602s][info][gc             ] GC(599) Pause Full (Ergonomics) 444M->101M(501M) 11.708ms
[2026-03-22T19:50:09.090+0900][12.602s][info][gc,cpu         ] GC(599) User=0.00s Sys=0.00s Real=0.01s
[2026-03-22T19:50:09.105+0900][12.618s][info][gc,start       ] GC(600) Pause Young (Allocation Failure)
[2026-03-22T19:50:09.109+0900][12.622s][info][gc,heap        ] GC(600) PSYoungGen: 152561K(163840K)->10528K(163840K) Eden: 152561K(153088K)->0K(153088K) From: 0K(10752K)->10528K(10752K)
[2026-03-22T19:50:09.109+0900][12.622s][info][gc,heap        ] GC(600) ParOldGen: 103430K(349696K)->197639K(349696K)
[2026-03-22T19:50:09.110+0900][12.622s][info][gc,metaspace   ] GC(600) Metaspace: 340K(512K)->340K(512K) NonClass: 322K(384K)->322K(384K) Class: 17K(128K)->17K(128K)
[2026-03-22T19:50:09.110+0900][12.622s][info][gc             ] GC(600) Pause Young (Allocation Failure) 249M->203M(501M) 4.749ms
[2026-03-22T19:50:09.110+0900][12.622s][info][gc,cpu         ] GC(600) User=0.00s Sys=0.00s Real=0.00s
[2026-03-22T19:50:09.129+0900][12.641s][info][gc,start       ] GC(601) Pause Young (Allocation Failure)
[2026-03-22T19:50:09.133+0900][12.646s][info][gc,heap        ] GC(601) PSYoungGen: 163089K(163840K)->10560K(163840K) Eden: 152561K(153088K)->0K(153088K) From: 10528K(10752K)->10560K(10752K)
[2026-03-22T19:50:09.133+0900][12.646s][info][gc,heap        ] GC(601) ParOldGen: 197639K(349696K)->291999K(349696K)
[2026-03-22T19:50:09.133+0900][12.646s][info][gc,metaspace   ] GC(601) Metaspace: 340K(512K)->340K(512K) NonClass: 322K(384K)->322K(384K) Class: 17K(128K)->17K(128K)
[2026-03-22T19:50:09.133+0900][12.646s][info][gc             ] GC(601) Pause Young (Allocation Failure) 352M->295M(501M) 4.515ms
[2026-03-22T19:50:09.133+0900][12.646s][info][gc,cpu         ] GC(601) User=0.00s Sys=0.00s Real=0.00s
[2026-03-22T19:50:09.148+0900][12.660s][info][gc,start       ] GC(602) Pause Full (Ergonomics)
[2026-03-22T19:50:09.148+0900][12.661s][info][gc,phases,start] GC(602) Marking Phase
[2026-03-22T19:50:09.149+0900][12.662s][info][gc,phases      ] GC(602) Marking Phase 1.562ms
[2026-03-22T19:50:09.149+0900][12.662s][info][gc,phases,start] GC(602) Summary Phase
[2026-03-22T19:50:09.149+0900][12.662s][info][gc,phases      ] GC(602) Summary Phase 0.024ms
[2026-03-22T19:50:09.149+0900][12.662s][info][gc,phases,start] GC(602) Adjust Roots
[2026-03-22T19:50:09.150+0900][12.662s][info][gc,phases      ] GC(602) Adjust Roots 0.227ms
[2026-03-22T19:50:09.150+0900][12.662s][info][gc,phases,start] GC(602) Compaction Phase
[2026-03-22T19:50:09.155+0900][12.668s][info][gc,phases      ] GC(602) Compaction Phase 5.305ms
[2026-03-22T19:50:09.155+0900][12.668s][info][gc,phases,start] GC(602) Post Compact
[2026-03-22T19:50:09.157+0900][12.670s][info][gc,phases      ] GC(602) Post Compact 1.851ms
[2026-03-22T19:50:09.157+0900][12.670s][info][gc,heap        ] GC(602) PSYoungGen: 163121K(163840K)->0K(163840K) Eden: 152561K(153088K)->0K(153088K) From: 10560K(10752K)->0K(10752K)
[2026-03-22T19:50:09.157+0900][12.670s][info][gc,heap        ] GC(602) ParOldGen: 291999K(349696K)->103430K(349696K)
[2026-03-22T19:50:09.157+0900][12.670s][info][gc,metaspace   ] GC(602) Metaspace: 340K(512K)->340K(512K) NonClass: 322K(384K)->322K(384K) Class: 17K(128K)->17K(128K)
[2026-03-22T19:50:09.157+0900][12.670s][info][gc             ] GC(602) Pause Full (Ergonomics) 444M->101M(501M) 9.400ms
[2026-03-22T19:50:09.157+0900][12.670s][info][gc,cpu         ] GC(602) User=0.09s Sys=0.00s Real=0.01s
[2026-03-22T19:50:09.172+0900][12.684s][info][gc,start       ] GC(603) Pause Young (Allocation Failure)
[2026-03-22T19:50:09.176+0900][12.689s][info][gc,heap        ] GC(603) PSYoungGen: 152561K(163840K)->10560K(163840K) Eden: 152561K(153088K)->0K(153088K) From: 0K(10752K)->10560K(10752K)
[2026-03-22T19:50:09.176+0900][12.689s][info][gc,heap        ] GC(603) ParOldGen: 103430K(349696K)->197639K(349696K)
[2026-03-22T19:50:09.176+0900][12.689s][info][gc,metaspace   ] GC(603) Metaspace: 340K(512K)->340K(512K) NonClass: 322K(384K)->322K(384K) Class: 17K(128K)->17K(128K)
[2026-03-22T19:50:09.176+0900][12.689s][info][gc             ] GC(603) Pause Young (Allocation Failure) 249M->203M(501M) 4.618ms
[2026-03-22T19:50:09.177+0900][12.689s][info][gc,cpu         ] GC(603) User=0.00s Sys=0.00s Real=0.01s
[2026-03-22T19:50:09.192+0900][12.705s][info][gc,start       ] GC(604) Pause Young (Allocation Failure)
[2026-03-22T19:50:09.196+0900][12.710s][info][gc,heap        ] GC(604) PSYoungGen: 163121K(163840K)->10560K(163840K) Eden: 152561K(153088K)->0K(153088K) From: 10560K(10752K)->10560K(10752K)
[2026-03-22T19:50:09.196+0900][12.710s][info][gc,heap        ] GC(604) ParOldGen: 197639K(349696K)->291999K(349696K)
[2026-03-22T19:50:09.196+0900][12.710s][info][gc,metaspace   ] GC(604) Metaspace: 340K(512K)->340K(512K) NonClass: 322K(384K)->322K(384K) Class: 17K(128K)->17K(128K)
[2026-03-22T19:50:09.196+0900][12.710s][info][gc             ] GC(604) Pause Young (Allocation Failure) 352M->295M(501M) 4.573ms
[2026-03-22T19:50:09.196+0900][12.710s][info][gc,cpu         ] GC(604) User=0.02s Sys=0.00s Real=0.00s
[2026-03-22T19:50:09.213+0900][12.725s][info][gc,start       ] GC(605) Pause Full (Ergonomics)
[2026-03-22T19:50:09.213+0900][12.725s][info][gc,phases,start] GC(605) Marking Phase
[2026-03-22T19:50:09.214+0900][12.727s][info][gc,phases      ] GC(605) Marking Phase 1.402ms
[2026-03-22T19:50:09.214+0900][12.727s][info][gc,phases,start] GC(605) Summary Phase
[2026-03-22T19:50:09.214+0900][12.727s][info][gc,phases      ] GC(605) Summary Phase 0.027ms
[2026-03-22T19:50:09.214+0900][12.727s][info][gc,phases,start] GC(605) Adjust Roots
[2026-03-22T19:50:09.214+0900][12.727s][info][gc,phases      ] GC(605) Adjust Roots 0.301ms
[2026-03-22T19:50:09.215+0900][12.727s][info][gc,phases,start] GC(605) Compaction Phase
[2026-03-22T19:50:09.220+0900][12.733s][info][gc,phases      ] GC(605) Compaction Phase 5.716ms
[2026-03-22T19:50:09.220+0900][12.733s][info][gc,phases,start] GC(605) Post Compact
[2026-03-22T19:50:09.221+0900][12.735s][info][gc,phases      ] GC(605) Post Compact 1.419ms
[2026-03-22T19:50:09.221+0900][12.735s][info][gc,heap        ] GC(605) PSYoungGen: 163121K(163840K)->0K(163840K) Eden: 152561K(153088K)->0K(153088K) From: 10560K(10752K)->0K(10752K)
[2026-03-22T19:50:09.221+0900][12.735s][info][gc,heap        ] GC(605) ParOldGen: 291999K(349696K)->103430K(349696K)
[2026-03-22T19:50:09.221+0900][12.735s][info][gc,metaspace   ] GC(605) Metaspace: 340K(512K)->340K(512K) NonClass: 322K(384K)->322K(384K) Class: 17K(128K)->17K(128K)
[2026-03-22T19:50:09.221+0900][12.735s][info][gc             ] GC(605) Pause Full (Ergonomics) 444M->101M(501M) 9.225ms
[2026-03-22T19:50:09.221+0900][12.735s][info][gc,cpu         ] GC(605) User=0.00s Sys=0.00s Real=0.01s
[2026-03-22T19:50:09.239+0900][12.752s][info][gc,start       ] GC(606) Pause Young (Allocation Failure)
[2026-03-22T19:50:09.243+0900][12.756s][info][gc,heap        ] GC(606) PSYoungGen: 152561K(163840K)->10528K(163840K) Eden: 152561K(153088K)->0K(153088K) From: 0K(10752K)->10528K(10752K)
[2026-03-22T19:50:09.243+0900][12.756s][info][gc,heap        ] GC(606) ParOldGen: 103430K(349696K)->197639K(349696K)
[2026-03-22T19:50:09.243+0900][12.756s][info][gc,metaspace   ] GC(606) Metaspace: 340K(512K)->340K(512K) NonClass: 322K(384K)->322K(384K) Class: 17K(128K)->17K(128K)
[2026-03-22T19:50:09.243+0900][12.756s][info][gc             ] GC(606) Pause Young (Allocation Failure) 249M->203M(501M) 4.715ms
[2026-03-22T19:50:09.243+0900][12.756s][info][gc,cpu         ] GC(606) User=0.00s Sys=0.00s Real=0.00s
[2026-03-22T19:50:09.260+0900][12.773s][info][gc,start       ] GC(607) Pause Young (Allocation Failure)
[2026-03-22T19:50:09.265+0900][12.778s][info][gc,heap        ] GC(607) PSYoungGen: 163089K(163840K)->10560K(163840K) Eden: 152561K(153088K)->0K(153088K) From: 10528K(10752K)->10560K(10752K)
[2026-03-22T19:50:09.265+0900][12.778s][info][gc,heap        ] GC(607) ParOldGen: 197639K(349696K)->291999K(349696K)
[2026-03-22T19:50:09.265+0900][12.778s][info][gc,metaspace   ] GC(607) Metaspace: 340K(512K)->340K(512K) NonClass: 322K(384K)->322K(384K) Class: 17K(128K)->17K(128K)
[2026-03-22T19:50:09.265+0900][12.778s][info][gc             ] GC(607) Pause Young (Allocation Failure) 352M->295M(501M) 4.903ms
[2026-03-22T19:50:09.265+0900][12.778s][info][gc,cpu         ] GC(607) User=0.00s Sys=0.00s Real=0.01s
[2026-03-22T19:50:09.280+0900][12.793s][info][gc,start       ] GC(608) Pause Full (Ergonomics)
[2026-03-22T19:50:09.280+0900][12.793s][info][gc,phases,start] GC(608) Marking Phase
[2026-03-22T19:50:09.281+0900][12.794s][info][gc,phases      ] GC(608) Marking Phase 1.400ms
[2026-03-22T19:50:09.282+0900][12.794s][info][gc,phases,start] GC(608) Summary Phase
[2026-03-22T19:50:09.282+0900][12.794s][info][gc,phases      ] GC(608) Summary Phase 0.040ms
[2026-03-22T19:50:09.282+0900][12.794s][info][gc,phases,start] GC(608) Adjust Roots
[2026-03-22T19:50:09.282+0900][12.795s][info][gc,phases      ] GC(608) Adjust Roots 0.282ms
[2026-03-22T19:50:09.282+0900][12.795s][info][gc,phases,start] GC(608) Compaction Phase
[2026-03-22T19:50:09.288+0900][12.800s][info][gc,phases      ] GC(608) Compaction Phase 5.626ms
[2026-03-22T19:50:09.288+0900][12.800s][info][gc,phases,start] GC(608) Post Compact
[2026-03-22T19:50:09.289+0900][12.802s][info][gc,phases      ] GC(608) Post Compact 1.383ms
[2026-03-22T19:50:09.289+0900][12.802s][info][gc,heap        ] GC(608) PSYoungGen: 163121K(163840K)->0K(163840K) Eden: 152561K(153088K)->0K(153088K) From: 10560K(10752K)->0K(10752K)
[2026-03-22T19:50:09.289+0900][12.802s][info][gc,heap        ] GC(608) ParOldGen: 291999K(349696K)->103430K(349696K)
[2026-03-22T19:50:09.289+0900][12.802s][info][gc,metaspace   ] GC(608) Metaspace: 340K(512K)->340K(512K) NonClass: 322K(384K)->322K(384K) Class: 17K(128K)->17K(128K)
[2026-03-22T19:50:09.289+0900][12.802s][info][gc             ] GC(608) Pause Full (Ergonomics) 444M->101M(501M) 9.133ms
[2026-03-22T19:50:09.289+0900][12.802s][info][gc,cpu         ] GC(608) User=0.00s Sys=0.00s Real=0.01s
[2026-03-22T19:50:09.304+0900][12.817s][info][gc,start       ] GC(609) Pause Young (Allocation Failure)
[2026-03-22T19:50:09.309+0900][12.822s][info][gc,heap        ] GC(609) PSYoungGen: 152561K(163840K)->10528K(163840K) Eden: 152561K(153088K)->0K(153088K) From: 0K(10752K)->10528K(10752K)
[2026-03-22T19:50:09.309+0900][12.822s][info][gc,heap        ] GC(609) ParOldGen: 103430K(349696K)->197639K(349696K)
[2026-03-22T19:50:09.309+0900][12.822s][info][gc,metaspace   ] GC(609) Metaspace: 340K(512K)->340K(512K) NonClass: 322K(384K)->322K(384K) Class: 17K(128K)->17K(128K)
[2026-03-22T19:50:09.309+0900][12.822s][info][gc             ] GC(609) Pause Young (Allocation Failure) 249M->203M(501M) 4.560ms
[2026-03-22T19:50:09.309+0900][12.822s][info][gc,cpu         ] GC(609) User=0.09s Sys=0.00s Real=0.01s
[2026-03-22T19:50:09.325+0900][12.838s][info][gc,start       ] GC(610) Pause Young (Allocation Failure)
[2026-03-22T19:50:09.330+0900][12.842s][info][gc,heap        ] GC(610) PSYoungGen: 163089K(163840K)->10528K(163840K) Eden: 152561K(153088K)->0K(153088K) From: 10528K(10752K)->10528K(10752K)
[2026-03-22T19:50:09.330+0900][12.842s][info][gc,heap        ] GC(610) ParOldGen: 197639K(349696K)->291999K(349696K)
[2026-03-22T19:50:09.330+0900][12.842s][info][gc,metaspace   ] GC(610) Metaspace: 340K(512K)->340K(512K) NonClass: 322K(384K)->322K(384K) Class: 17K(128K)->17K(128K)
[2026-03-22T19:50:09.330+0900][12.842s][info][gc             ] GC(610) Pause Young (Allocation Failure) 352M->295M(501M) 4.697ms
[2026-03-22T19:50:09.330+0900][12.842s][info][gc,cpu         ] GC(610) User=0.00s Sys=0.00s Real=0.00s
[2026-03-22T19:50:09.346+0900][12.859s][info][gc,start       ] GC(611) Pause Full (Ergonomics)
[2026-03-22T19:50:09.346+0900][12.859s][info][gc,phases,start] GC(611) Marking Phase
[2026-03-22T19:50:09.348+0900][12.861s][info][gc,phases      ] GC(611) Marking Phase 1.833ms
[2026-03-22T19:50:09.348+0900][12.861s][info][gc,phases,start] GC(611) Summary Phase
[2026-03-22T19:50:09.348+0900][12.861s][info][gc,phases      ] GC(611) Summary Phase 0.015ms
[2026-03-22T19:50:09.348+0900][12.861s][info][gc,phases,start] GC(611) Adjust Roots
[2026-03-22T19:50:09.348+0900][12.861s][info][gc,phases      ] GC(611) Adjust Roots 0.193ms
[2026-03-22T19:50:09.348+0900][12.861s][info][gc,phases,start] GC(611) Compaction Phase
[2026-03-22T19:50:09.353+0900][12.866s][info][gc,phases      ] GC(611) Compaction Phase 5.342ms
[2026-03-22T19:50:09.354+0900][12.866s][info][gc,phases,start] GC(611) Post Compact
[2026-03-22T19:50:09.355+0900][12.868s][info][gc,phases      ] GC(611) Post Compact 1.586ms
[2026-03-22T19:50:09.355+0900][12.868s][info][gc,heap        ] GC(611) PSYoungGen: 163089K(163840K)->0K(163840K) Eden: 152561K(153088K)->0K(153088K) From: 10528K(10752K)->0K(10752K)
[2026-03-22T19:50:09.355+0900][12.868s][info][gc,heap        ] GC(611) ParOldGen: 291999K(349696K)->103430K(349696K)
[2026-03-22T19:50:09.355+0900][12.868s][info][gc,metaspace   ] GC(611) Metaspace: 340K(512K)->340K(512K) NonClass: 322K(384K)->322K(384K) Class: 17K(128K)->17K(128K)
[2026-03-22T19:50:09.355+0900][12.868s][info][gc             ] GC(611) Pause Full (Ergonomics) 444M->101M(501M) 9.448ms
[2026-03-22T19:50:09.355+0900][12.868s][info][gc,cpu         ] GC(611) User=0.00s Sys=0.00s Real=0.01s
[2026-03-22T19:50:09.371+0900][12.884s][info][gc,start       ] GC(612) Pause Young (Allocation Failure)
[2026-03-22T19:50:09.376+0900][12.889s][info][gc,heap        ] GC(612) PSYoungGen: 152561K(163840K)->10560K(163840K) Eden: 152561K(153088K)->0K(153088K) From: 0K(10752K)->10560K(10752K)
[2026-03-22T19:50:09.376+0900][12.889s][info][gc,heap        ] GC(612) ParOldGen: 103430K(349696K)->197639K(349696K)
[2026-03-22T19:50:09.376+0900][12.889s][info][gc,metaspace   ] GC(612) Metaspace: 340K(512K)->340K(512K) NonClass: 322K(384K)->322K(384K) Class: 17K(128K)->17K(128K)
[2026-03-22T19:50:09.376+0900][12.889s][info][gc             ] GC(612) Pause Young (Allocation Failure) 249M->203M(501M) 4.438ms
[2026-03-22T19:50:09.376+0900][12.889s][info][gc,cpu         ] GC(612) User=0.00s Sys=0.00s Real=0.00s
[2026-03-22T19:50:09.391+0900][12.904s][info][gc,start       ] GC(613) Pause Young (Allocation Failure)
[2026-03-22T19:50:09.395+0900][12.908s][info][gc,heap        ] GC(613) PSYoungGen: 163121K(163840K)->10528K(163840K) Eden: 152561K(153088K)->0K(153088K) From: 10560K(10752K)->10528K(10752K)
[2026-03-22T19:50:09.395+0900][12.909s][info][gc,heap        ] GC(613) ParOldGen: 197639K(349696K)->291999K(349696K)
[2026-03-22T19:50:09.395+0900][12.909s][info][gc,metaspace   ] GC(613) Metaspace: 340K(512K)->340K(512K) NonClass: 322K(384K)->322K(384K) Class: 17K(128K)->17K(128K)
[2026-03-22T19:50:09.395+0900][12.909s][info][gc             ] GC(613) Pause Young (Allocation Failure) 352M->295M(501M) 4.531ms
[2026-03-22T19:50:09.395+0900][12.909s][info][gc,cpu         ] GC(613) User=0.00s Sys=0.00s Real=0.00s
[2026-03-22T19:50:09.411+0900][12.925s][info][gc,start       ] GC(614) Pause Full (Ergonomics)
[2026-03-22T19:50:09.411+0900][12.925s][info][gc,phases,start] GC(614) Marking Phase
[2026-03-22T19:50:09.413+0900][12.926s][info][gc,phases      ] GC(614) Marking Phase 1.533ms
[2026-03-22T19:50:09.413+0900][12.926s][info][gc,phases,start] GC(614) Summary Phase
[2026-03-22T19:50:09.413+0900][12.926s][info][gc,phases      ] GC(614) Summary Phase 0.100ms
[2026-03-22T19:50:09.413+0900][12.926s][info][gc,phases,start] GC(614) Adjust Roots
[2026-03-22T19:50:09.413+0900][12.927s][info][gc,phases      ] GC(614) Adjust Roots 0.260ms
[2026-03-22T19:50:09.413+0900][12.927s][info][gc,phases,start] GC(614) Compaction Phase
[2026-03-22T19:50:09.419+0900][12.932s][info][gc,phases      ] GC(614) Compaction Phase 5.089ms
[2026-03-22T19:50:09.419+0900][12.932s][info][gc,phases,start] GC(614) Post Compact
[2026-03-22T19:50:09.420+0900][12.933s][info][gc,phases      ] GC(614) Post Compact 1.535ms
[2026-03-22T19:50:09.420+0900][12.933s][info][gc,heap        ] GC(614) PSYoungGen: 163089K(163840K)->0K(163840K) Eden: 152561K(153088K)->0K(153088K) From: 10528K(10752K)->0K(10752K)
[2026-03-22T19:50:09.420+0900][12.933s][info][gc,heap        ] GC(614) ParOldGen: 291999K(349696K)->103430K(349696K)
[2026-03-22T19:50:09.420+0900][12.933s][info][gc,metaspace   ] GC(614) Metaspace: 340K(512K)->340K(512K) NonClass: 322K(384K)->322K(384K) Class: 17K(128K)->17K(128K)
[2026-03-22T19:50:09.420+0900][12.933s][info][gc             ] GC(614) Pause Full (Ergonomics) 444M->101M(501M) 8.859ms
[2026-03-22T19:50:09.420+0900][12.933s][info][gc,cpu         ] GC(614) User=0.09s Sys=0.00s Real=0.01s
[2026-03-22T19:50:09.437+0900][12.950s][info][gc,start       ] GC(615) Pause Young (Allocation Failure)
[2026-03-22T19:50:09.442+0900][12.954s][info][gc,heap        ] GC(615) PSYoungGen: 152561K(163840K)->10528K(163840K) Eden: 152561K(153088K)->0K(153088K) From: 0K(10752K)->10528K(10752K)
[2026-03-22T19:50:09.442+0900][12.954s][info][gc,heap        ] GC(615) ParOldGen: 103430K(349696K)->197639K(349696K)
[2026-03-22T19:50:09.442+0900][12.954s][info][gc,metaspace   ] GC(615) Metaspace: 340K(512K)->340K(512K) NonClass: 322K(384K)->322K(384K) Class: 17K(128K)->17K(128K)
[2026-03-22T19:50:09.442+0900][12.954s][info][gc             ] GC(615) Pause Young (Allocation Failure) 249M->203M(501M) 4.547ms
[2026-03-22T19:50:09.442+0900][12.955s][info][gc,cpu         ] GC(615) User=0.00s Sys=0.00s Real=0.00s
[2026-03-22T19:50:09.456+0900][12.970s][info][gc,start       ] GC(616) Pause Young (Allocation Failure)
[2026-03-22T19:50:09.461+0900][12.974s][info][gc,heap        ] GC(616) PSYoungGen: 163089K(163840K)->10560K(163840K) Eden: 152561K(153088K)->0K(153088K) From: 10528K(10752K)->10560K(10752K)
[2026-03-22T19:50:09.461+0900][12.974s][info][gc,heap        ] GC(616) ParOldGen: 197639K(349696K)->291999K(349696K)
[2026-03-22T19:50:09.461+0900][12.974s][info][gc,metaspace   ] GC(616) Metaspace: 340K(512K)->340K(512K) NonClass: 322K(384K)->322K(384K) Class: 17K(128K)->17K(128K)
[2026-03-22T19:50:09.461+0900][12.974s][info][gc             ] GC(616) Pause Young (Allocation Failure) 352M->295M(501M) 4.593ms
[2026-03-22T19:50:09.461+0900][12.974s][info][gc,cpu         ] GC(616) User=0.00s Sys=0.00s Real=0.00s
[2026-03-22T19:50:09.477+0900][12.990s][info][gc,start       ] GC(617) Pause Full (Ergonomics)
[2026-03-22T19:50:09.477+0900][12.990s][info][gc,phases,start] GC(617) Marking Phase
[2026-03-22T19:50:09.478+0900][12.991s][info][gc,phases      ] GC(617) Marking Phase 1.239ms
[2026-03-22T19:50:09.478+0900][12.991s][info][gc,phases,start] GC(617) Summary Phase
[2026-03-22T19:50:09.478+0900][12.991s][info][gc,phases      ] GC(617) Summary Phase 0.017ms
[2026-03-22T19:50:09.478+0900][12.991s][info][gc,phases,start] GC(617) Adjust Roots
[2026-03-22T19:50:09.478+0900][12.992s][info][gc,phases      ] GC(617) Adjust Roots 0.204ms
[2026-03-22T19:50:09.478+0900][12.992s][info][gc,phases,start] GC(617) Compaction Phase
[2026-03-22T19:50:09.484+0900][12.998s][info][gc,phases      ] GC(617) Compaction Phase 5.880ms
[2026-03-22T19:50:09.484+0900][12.998s][info][gc,phases,start] GC(617) Post Compact
[2026-03-22T19:50:09.486+0900][12.999s][info][gc,phases      ] GC(617) Post Compact 1.497ms
[2026-03-22T19:50:09.486+0900][12.999s][info][gc,heap        ] GC(617) PSYoungGen: 163121K(163840K)->0K(163840K) Eden: 152561K(153088K)->0K(153088K) From: 10560K(10752K)->0K(10752K)
[2026-03-22T19:50:09.486+0900][12.999s][info][gc,heap        ] GC(617) ParOldGen: 291999K(349696K)->103430K(349696K)
[2026-03-22T19:50:09.486+0900][12.999s][info][gc,metaspace   ] GC(617) Metaspace: 340K(512K)->340K(512K) NonClass: 322K(384K)->322K(384K) Class: 17K(128K)->17K(128K)
[2026-03-22T19:50:09.486+0900][12.999s][info][gc             ] GC(617) Pause Full (Ergonomics) 444M->101M(501M) 9.127ms
[2026-03-22T19:50:09.486+0900][12.999s][info][gc,cpu         ] GC(617) User=0.09s Sys=0.00s Real=0.01s
[2026-03-22T19:50:09.502+0900][13.014s][info][gc,start       ] GC(618) Pause Young (Allocation Failure)
[2026-03-22T19:50:09.506+0900][13.019s][info][gc,heap        ] GC(618) PSYoungGen: 152561K(163840K)->10560K(163840K) Eden: 152561K(153088K)->0K(153088K) From: 0K(10752K)->10560K(10752K)
[2026-03-22T19:50:09.506+0900][13.019s][info][gc,heap        ] GC(618) ParOldGen: 103430K(349696K)->197639K(349696K)
[2026-03-22T19:50:09.506+0900][13.019s][info][gc,metaspace   ] GC(618) Metaspace: 340K(512K)->340K(512K) NonClass: 322K(384K)->322K(384K) Class: 17K(128K)->17K(128K)
[2026-03-22T19:50:09.506+0900][13.019s][info][gc             ] GC(618) Pause Young (Allocation Failure) 249M->203M(501M) 4.435ms
[2026-03-22T19:50:09.506+0900][13.019s][info][gc,cpu         ] GC(618) User=0.00s Sys=0.00s Real=0.00s
[2026-03-22T19:50:09.522+0900][13.034s][info][gc,start       ] GC(619) Pause Young (Allocation Failure)
[2026-03-22T19:50:09.526+0900][13.039s][info][gc,heap        ] GC(619) PSYoungGen: 163121K(163840K)->10528K(163840K) Eden: 152561K(153088K)->0K(153088K) From: 10560K(10752K)->10528K(10752K)
[2026-03-22T19:50:09.526+0900][13.039s][info][gc,heap        ] GC(619) ParOldGen: 197639K(349696K)->291999K(349696K)
[2026-03-22T19:50:09.526+0900][13.039s][info][gc,metaspace   ] GC(619) Metaspace: 340K(512K)->340K(512K) NonClass: 322K(384K)->322K(384K) Class: 17K(128K)->17K(128K)
[2026-03-22T19:50:09.526+0900][13.039s][info][gc             ] GC(619) Pause Young (Allocation Failure) 352M->295M(501M) 4.508ms
[2026-03-22T19:50:09.526+0900][13.039s][info][gc,cpu         ] GC(619) User=0.09s Sys=0.00s Real=0.00s
[2026-03-22T19:50:09.541+0900][13.054s][info][gc,start       ] GC(620) Pause Full (Ergonomics)
[2026-03-22T19:50:09.542+0900][13.054s][info][gc,phases,start] GC(620) Marking Phase
[2026-03-22T19:50:09.543+0900][13.056s][info][gc,phases      ] GC(620) Marking Phase 1.436ms
[2026-03-22T19:50:09.543+0900][13.056s][info][gc,phases,start] GC(620) Summary Phase
[2026-03-22T19:50:09.543+0900][13.056s][info][gc,phases      ] GC(620) Summary Phase 0.036ms
[2026-03-22T19:50:09.543+0900][13.056s][info][gc,phases,start] GC(620) Adjust Roots
[2026-03-22T19:50:09.543+0900][13.056s][info][gc,phases      ] GC(620) Adjust Roots 0.228ms
[2026-03-22T19:50:09.543+0900][13.056s][info][gc,phases,start] GC(620) Compaction Phase
[2026-03-22T19:50:09.548+0900][13.061s][info][gc,phases      ] GC(620) Compaction Phase 5.006ms
[2026-03-22T19:50:09.548+0900][13.061s][info][gc,phases,start] GC(620) Post Compact
[2026-03-22T19:50:09.550+0900][13.063s][info][gc,phases      ] GC(620) Post Compact 1.492ms
[2026-03-22T19:50:09.550+0900][13.063s][info][gc,heap        ] GC(620) PSYoungGen: 163089K(163840K)->0K(163840K) Eden: 152561K(153088K)->0K(153088K) From: 10528K(10752K)->0K(10752K)
[2026-03-22T19:50:09.550+0900][13.063s][info][gc,heap        ] GC(620) ParOldGen: 291999K(349696K)->103430K(349696K)
[2026-03-22T19:50:09.550+0900][13.063s][info][gc,metaspace   ] GC(620) Metaspace: 340K(512K)->340K(512K) NonClass: 322K(384K)->322K(384K) Class: 17K(128K)->17K(128K)
[2026-03-22T19:50:09.550+0900][13.063s][info][gc             ] GC(620) Pause Full (Ergonomics) 444M->101M(501M) 8.500ms
[2026-03-22T19:50:09.550+0900][13.063s][info][gc,cpu         ] GC(620) User=0.00s Sys=0.00s Real=0.01s
[2026-03-22T19:50:09.566+0900][13.079s][info][gc,start       ] GC(621) Pause Young (Allocation Failure)
[2026-03-22T19:50:09.570+0900][13.083s][info][gc,heap        ] GC(621) PSYoungGen: 152561K(163840K)->10560K(163840K) Eden: 152561K(153088K)->0K(153088K) From: 0K(10752K)->10560K(10752K)
[2026-03-22T19:50:09.571+0900][13.083s][info][gc,heap        ] GC(621) ParOldGen: 103430K(349696K)->197639K(349696K)
[2026-03-22T19:50:09.571+0900][13.083s][info][gc,metaspace   ] GC(621) Metaspace: 340K(512K)->340K(512K) NonClass: 322K(384K)->322K(384K) Class: 17K(128K)->17K(128K)
[2026-03-22T19:50:09.571+0900][13.084s][info][gc             ] GC(621) Pause Young (Allocation Failure) 249M->203M(501M) 4.748ms
[2026-03-22T19:50:09.571+0900][13.084s][info][gc,cpu         ] GC(621) User=0.00s Sys=0.00s Real=0.01s
[2026-03-22T19:50:09.586+0900][13.099s][info][gc,start       ] GC(622) Pause Young (Allocation Failure)
[2026-03-22T19:50:09.591+0900][13.103s][info][gc,heap        ] GC(622) PSYoungGen: 163121K(163840K)->10560K(163840K) Eden: 152561K(153088K)->0K(153088K) From: 10560K(10752K)->10560K(10752K)
[2026-03-22T19:50:09.591+0900][13.104s][info][gc,heap        ] GC(622) ParOldGen: 197639K(349696K)->291999K(349696K)
[2026-03-22T19:50:09.591+0900][13.104s][info][gc,metaspace   ] GC(622) Metaspace: 340K(512K)->340K(512K) NonClass: 322K(384K)->322K(384K) Class: 17K(128K)->17K(128K)
[2026-03-22T19:50:09.591+0900][13.104s][info][gc             ] GC(622) Pause Young (Allocation Failure) 352M->295M(501M) 4.951ms
[2026-03-22T19:50:09.591+0900][13.104s][info][gc,cpu         ] GC(622) User=0.08s Sys=0.02s Real=0.01s
[2026-03-22T19:50:09.606+0900][13.119s][info][gc,start       ] GC(623) Pause Full (Ergonomics)
[2026-03-22T19:50:09.606+0900][13.119s][info][gc,phases,start] GC(623) Marking Phase
[2026-03-22T19:50:09.608+0900][13.121s][info][gc,phases      ] GC(623) Marking Phase 1.557ms
[2026-03-22T19:50:09.608+0900][13.121s][info][gc,phases,start] GC(623) Summary Phase
[2026-03-22T19:50:09.608+0900][13.121s][info][gc,phases      ] GC(623) Summary Phase 0.035ms
[2026-03-22T19:50:09.608+0900][13.121s][info][gc,phases,start] GC(623) Adjust Roots
[2026-03-22T19:50:09.608+0900][13.121s][info][gc,phases      ] GC(623) Adjust Roots 0.251ms
[2026-03-22T19:50:09.608+0900][13.121s][info][gc,phases,start] GC(623) Compaction Phase
[2026-03-22T19:50:09.613+0900][13.126s][info][gc,phases      ] GC(623) Compaction Phase 5.093ms
[2026-03-22T19:50:09.613+0900][13.126s][info][gc,phases,start] GC(623) Post Compact
[2026-03-22T19:50:09.615+0900][13.128s][info][gc,phases      ] GC(623) Post Compact 1.668ms
[2026-03-22T19:50:09.615+0900][13.128s][info][gc,heap        ] GC(623) PSYoungGen: 163121K(163840K)->0K(163840K) Eden: 152561K(153088K)->0K(153088K) From: 10560K(10752K)->0K(10752K)
[2026-03-22T19:50:09.615+0900][13.128s][info][gc,heap        ] GC(623) ParOldGen: 291999K(349696K)->103430K(349696K)
[2026-03-22T19:50:09.615+0900][13.128s][info][gc,metaspace   ] GC(623) Metaspace: 340K(512K)->340K(512K) NonClass: 322K(384K)->322K(384K) Class: 17K(128K)->17K(128K)
[2026-03-22T19:50:09.615+0900][13.128s][info][gc             ] GC(623) Pause Full (Ergonomics) 444M->101M(501M) 8.955ms
[2026-03-22T19:50:09.615+0900][13.128s][info][gc,cpu         ] GC(623) User=0.00s Sys=0.00s Real=0.01s
[2026-03-22T19:50:09.632+0900][13.144s][info][gc,start       ] GC(624) Pause Young (Allocation Failure)
[2026-03-22T19:50:09.636+0900][13.148s][info][gc,heap        ] GC(624) PSYoungGen: 152561K(163840K)->10528K(163840K) Eden: 152561K(153088K)->0K(153088K) From: 0K(10752K)->10528K(10752K)
[2026-03-22T19:50:09.636+0900][13.148s][info][gc,heap        ] GC(624) ParOldGen: 103430K(349696K)->197639K(349696K)
[2026-03-22T19:50:09.636+0900][13.148s][info][gc,metaspace   ] GC(624) Metaspace: 340K(512K)->340K(512K) NonClass: 322K(384K)->322K(384K) Class: 17K(128K)->17K(128K)
[2026-03-22T19:50:09.636+0900][13.148s][info][gc             ] GC(624) Pause Young (Allocation Failure) 249M->203M(501M) 4.501ms
[2026-03-22T19:50:09.636+0900][13.149s][info][gc,cpu         ] GC(624) User=0.08s Sys=0.00s Real=0.00s
[2026-03-22T19:50:09.650+0900][13.163s][info][gc,start       ] GC(625) Pause Young (Allocation Failure)
[2026-03-22T19:50:09.655+0900][13.168s][info][gc,heap        ] GC(625) PSYoungGen: 163089K(163840K)->10560K(163840K) Eden: 152561K(153088K)->0K(153088K) From: 10528K(10752K)->10560K(10752K)
[2026-03-22T19:50:09.655+0900][13.168s][info][gc,heap        ] GC(625) ParOldGen: 197639K(349696K)->291999K(349696K)
[2026-03-22T19:50:09.655+0900][13.168s][info][gc,metaspace   ] GC(625) Metaspace: 340K(512K)->340K(512K) NonClass: 322K(384K)->322K(384K) Class: 17K(128K)->17K(128K)
[2026-03-22T19:50:09.655+0900][13.168s][info][gc             ] GC(625) Pause Young (Allocation Failure) 352M->295M(501M) 4.619ms
[2026-03-22T19:50:09.655+0900][13.168s][info][gc,cpu         ] GC(625) User=0.00s Sys=0.00s Real=0.00s
[2026-03-22T19:50:09.672+0900][13.185s][info][gc,start       ] GC(626) Pause Full (Ergonomics)
[2026-03-22T19:50:09.672+0900][13.185s][info][gc,phases,start] GC(626) Marking Phase
[2026-03-22T19:50:09.673+0900][13.186s][info][gc,phases      ] GC(626) Marking Phase 1.330ms
[2026-03-22T19:50:09.673+0900][13.186s][info][gc,phases,start] GC(626) Summary Phase
[2026-03-22T19:50:09.673+0900][13.186s][info][gc,phases      ] GC(626) Summary Phase 0.016ms
[2026-03-22T19:50:09.673+0900][13.186s][info][gc,phases,start] GC(626) Adjust Roots
[2026-03-22T19:50:09.673+0900][13.187s][info][gc,phases      ] GC(626) Adjust Roots 0.154ms
[2026-03-22T19:50:09.674+0900][13.187s][info][gc,phases,start] GC(626) Compaction Phase
[2026-03-22T19:50:09.679+0900][13.192s][info][gc,phases      ] GC(626) Compaction Phase 5.580ms
[2026-03-22T19:50:09.679+0900][13.192s][info][gc,phases,start] GC(626) Post Compact
[2026-03-22T19:50:09.683+0900][13.195s][info][gc,phases      ] GC(626) Post Compact 2.668ms
[2026-03-22T19:50:09.683+0900][13.195s][info][gc,heap        ] GC(626) PSYoungGen: 163121K(163840K)->0K(163840K) Eden: 152561K(153088K)->0K(153088K) From: 10560K(10752K)->0K(10752K)
[2026-03-22T19:50:09.683+0900][13.195s][info][gc,heap        ] GC(626) ParOldGen: 291999K(349696K)->103430K(349696K)
[2026-03-22T19:50:09.683+0900][13.195s][info][gc,metaspace   ] GC(626) Metaspace: 340K(512K)->340K(512K) NonClass: 322K(384K)->322K(384K) Class: 17K(128K)->17K(128K)
[2026-03-22T19:50:09.683+0900][13.195s][info][gc             ] GC(626) Pause Full (Ergonomics) 444M->101M(501M) 10.164ms
[2026-03-22T19:50:09.683+0900][13.195s][info][gc,cpu         ] GC(626) User=0.00s Sys=0.00s Real=0.01s
[2026-03-22T19:50:09.700+0900][13.213s][info][gc,start       ] GC(627) Pause Young (Allocation Failure)
[2026-03-22T19:50:09.705+0900][13.218s][info][gc,heap        ] GC(627) PSYoungGen: 152561K(163840K)->10528K(163840K) Eden: 152561K(153088K)->0K(153088K) From: 0K(10752K)->10528K(10752K)
[2026-03-22T19:50:09.705+0900][13.218s][info][gc,heap        ] GC(627) ParOldGen: 103430K(349696K)->197639K(349696K)
[2026-03-22T19:50:09.705+0900][13.218s][info][gc,metaspace   ] GC(627) Metaspace: 340K(512K)->340K(512K) NonClass: 322K(384K)->322K(384K) Class: 17K(128K)->17K(128K)
[2026-03-22T19:50:09.705+0900][13.218s][info][gc             ] GC(627) Pause Young (Allocation Failure) 249M->203M(501M) 4.656ms
[2026-03-22T19:50:09.705+0900][13.218s][info][gc,cpu         ] GC(627) User=0.00s Sys=0.00s Real=0.00s
[2026-03-22T19:50:09.719+0900][13.232s][info][gc,start       ] GC(628) Pause Young (Allocation Failure)
[2026-03-22T19:50:09.724+0900][13.237s][info][gc,heap        ] GC(628) PSYoungGen: 163089K(163840K)->10528K(163840K) Eden: 152561K(153088K)->0K(153088K) From: 10528K(10752K)->10528K(10752K)
[2026-03-22T19:50:09.724+0900][13.237s][info][gc,heap        ] GC(628) ParOldGen: 197639K(349696K)->291999K(349696K)
[2026-03-22T19:50:09.724+0900][13.237s][info][gc,metaspace   ] GC(628) Metaspace: 340K(512K)->340K(512K) NonClass: 322K(384K)->322K(384K) Class: 17K(128K)->17K(128K)
[2026-03-22T19:50:09.724+0900][13.237s][info][gc             ] GC(628) Pause Young (Allocation Failure) 352M->295M(501M) 4.716ms
[2026-03-22T19:50:09.724+0900][13.237s][info][gc,cpu         ] GC(628) User=0.00s Sys=0.00s Real=0.00s
[2026-03-22T19:50:09.739+0900][13.252s][info][gc,start       ] GC(629) Pause Full (Ergonomics)
[2026-03-22T19:50:09.739+0900][13.252s][info][gc,phases,start] GC(629) Marking Phase
[2026-03-22T19:50:09.740+0900][13.253s][info][gc,phases      ] GC(629) Marking Phase 1.463ms
[2026-03-22T19:50:09.740+0900][13.253s][info][gc,phases,start] GC(629) Summary Phase
[2026-03-22T19:50:09.740+0900][13.253s][info][gc,phases      ] GC(629) Summary Phase 0.024ms
[2026-03-22T19:50:09.740+0900][13.253s][info][gc,phases,start] GC(629) Adjust Roots
[2026-03-22T19:50:09.740+0900][13.253s][info][gc,phases      ] GC(629) Adjust Roots 0.218ms
[2026-03-22T19:50:09.740+0900][13.253s][info][gc,phases,start] GC(629) Compaction Phase
[2026-03-22T19:50:09.746+0900][13.259s][info][gc,phases      ] GC(629) Compaction Phase 5.834ms
[2026-03-22T19:50:09.746+0900][13.259s][info][gc,phases,start] GC(629) Post Compact
[2026-03-22T19:50:09.748+0900][13.261s][info][gc,phases      ] GC(629) Post Compact 1.391ms
[2026-03-22T19:50:09.748+0900][13.261s][info][gc,heap        ] GC(629) PSYoungGen: 163089K(163840K)->0K(163840K) Eden: 152561K(153088K)->0K(153088K) From: 10528K(10752K)->0K(10752K)
[2026-03-22T19:50:09.748+0900][13.261s][info][gc,heap        ] GC(629) ParOldGen: 291999K(349696K)->103430K(349696K)
[2026-03-22T19:50:09.748+0900][13.261s][info][gc,metaspace   ] GC(629) Metaspace: 340K(512K)->340K(512K) NonClass: 322K(384K)->322K(384K) Class: 17K(128K)->17K(128K)
[2026-03-22T19:50:09.748+0900][13.261s][info][gc             ] GC(629) Pause Full (Ergonomics) 444M->101M(501M) 9.214ms
[2026-03-22T19:50:09.748+0900][13.261s][info][gc,cpu         ] GC(629) User=0.09s Sys=0.00s Real=0.01s
[2026-03-22T19:50:09.765+0900][13.277s][info][gc,start       ] GC(630) Pause Young (Allocation Failure)
[2026-03-22T19:50:09.769+0900][13.282s][info][gc,heap        ] GC(630) PSYoungGen: 152561K(163840K)->10560K(163840K) Eden: 152561K(153088K)->0K(153088K) From: 0K(10752K)->10560K(10752K)
[2026-03-22T19:50:09.769+0900][13.282s][info][gc,heap        ] GC(630) ParOldGen: 103430K(349696K)->197639K(349696K)
[2026-03-22T19:50:09.769+0900][13.282s][info][gc,metaspace   ] GC(630) Metaspace: 340K(512K)->340K(512K) NonClass: 322K(384K)->322K(384K) Class: 17K(128K)->17K(128K)
[2026-03-22T19:50:09.769+0900][13.282s][info][gc             ] GC(630) Pause Young (Allocation Failure) 249M->203M(501M) 4.481ms
[2026-03-22T19:50:09.769+0900][13.282s][info][gc,cpu         ] GC(630) User=0.00s Sys=0.00s Real=0.00s
[2026-03-22T19:50:09.785+0900][13.297s][info][gc,start       ] GC(631) Pause Young (Allocation Failure)
[2026-03-22T19:50:09.790+0900][13.302s][info][gc,heap        ] GC(631) PSYoungGen: 163121K(163840K)->10528K(163840K) Eden: 152561K(153088K)->0K(153088K) From: 10560K(10752K)->10528K(10752K)
[2026-03-22T19:50:09.790+0900][13.302s][info][gc,heap        ] GC(631) ParOldGen: 197639K(349696K)->291999K(349696K)
[2026-03-22T19:50:09.790+0900][13.302s][info][gc,metaspace   ] GC(631) Metaspace: 340K(512K)->340K(512K) NonClass: 322K(384K)->322K(384K) Class: 17K(128K)->17K(128K)
[2026-03-22T19:50:09.790+0900][13.302s][info][gc             ] GC(631) Pause Young (Allocation Failure) 352M->295M(501M) 5.037ms
[2026-03-22T19:50:09.790+0900][13.302s][info][gc,cpu         ] GC(631) User=0.00s Sys=0.00s Real=0.00s
[2026-03-22T19:50:09.806+0900][13.319s][info][gc,start       ] GC(632) Pause Full (Ergonomics)
[2026-03-22T19:50:09.806+0900][13.319s][info][gc,phases,start] GC(632) Marking Phase
[2026-03-22T19:50:09.807+0900][13.320s][info][gc,phases      ] GC(632) Marking Phase 1.277ms
[2026-03-22T19:50:09.807+0900][13.320s][info][gc,phases,start] GC(632) Summary Phase
[2026-03-22T19:50:09.807+0900][13.320s][info][gc,phases      ] GC(632) Summary Phase 0.017ms
[2026-03-22T19:50:09.807+0900][13.320s][info][gc,phases,start] GC(632) Adjust Roots
[2026-03-22T19:50:09.808+0900][13.321s][info][gc,phases      ] GC(632) Adjust Roots 0.205ms
[2026-03-22T19:50:09.808+0900][13.321s][info][gc,phases,start] GC(632) Compaction Phase
[2026-03-22T19:50:09.813+0900][13.326s][info][gc,phases      ] GC(632) Compaction Phase 5.508ms
[2026-03-22T19:50:09.813+0900][13.326s][info][gc,phases,start] GC(632) Post Compact
[2026-03-22T19:50:09.815+0900][13.328s][info][gc,phases      ] GC(632) Post Compact 1.640ms
[2026-03-22T19:50:09.815+0900][13.328s][info][gc,heap        ] GC(632) PSYoungGen: 163089K(163840K)->0K(163840K) Eden: 152561K(153088K)->0K(153088K) From: 10528K(10752K)->0K(10752K)
[2026-03-22T19:50:09.815+0900][13.328s][info][gc,heap        ] GC(632) ParOldGen: 291999K(349696K)->103430K(349696K)
[2026-03-22T19:50:09.815+0900][13.328s][info][gc,metaspace   ] GC(632) Metaspace: 340K(512K)->340K(512K) NonClass: 322K(384K)->322K(384K) Class: 17K(128K)->17K(128K)
[2026-03-22T19:50:09.815+0900][13.328s][info][gc             ] GC(632) Pause Full (Ergonomics) 444M->101M(501M) 9.048ms
[2026-03-22T19:50:09.815+0900][13.328s][info][gc,cpu         ] GC(632) User=0.00s Sys=0.02s Real=0.01s
[2026-03-22T19:50:09.830+0900][13.343s][info][gc,start       ] GC(633) Pause Young (Allocation Failure)
[2026-03-22T19:50:09.834+0900][13.347s][info][gc,heap        ] GC(633) PSYoungGen: 152561K(163840K)->10528K(163840K) Eden: 152561K(153088K)->0K(153088K) From: 0K(10752K)->10528K(10752K)
[2026-03-22T19:50:09.834+0900][13.347s][info][gc,heap        ] GC(633) ParOldGen: 103430K(349696K)->197639K(349696K)
[2026-03-22T19:50:09.834+0900][13.347s][info][gc,metaspace   ] GC(633) Metaspace: 340K(512K)->340K(512K) NonClass: 322K(384K)->322K(384K) Class: 17K(128K)->17K(128K)
[2026-03-22T19:50:09.834+0900][13.347s][info][gc             ] GC(633) Pause Young (Allocation Failure) 249M->203M(501M) 4.410ms
[2026-03-22T19:50:09.834+0900][13.347s][info][gc,cpu         ] GC(633) User=0.00s Sys=0.00s Real=0.00s
[2026-03-22T19:50:09.850+0900][13.363s][info][gc,start       ] GC(634) Pause Young (Allocation Failure)
[2026-03-22T19:50:09.854+0900][13.367s][info][gc,heap        ] GC(634) PSYoungGen: 163089K(163840K)->10528K(163840K) Eden: 152561K(153088K)->0K(153088K) From: 10528K(10752K)->10528K(10752K)
[2026-03-22T19:50:09.854+0900][13.367s][info][gc,heap        ] GC(634) ParOldGen: 197639K(349696K)->291999K(349696K)
[2026-03-22T19:50:09.854+0900][13.367s][info][gc,metaspace   ] GC(634) Metaspace: 340K(512K)->340K(512K) NonClass: 322K(384K)->322K(384K) Class: 17K(128K)->17K(128K)
[2026-03-22T19:50:09.854+0900][13.367s][info][gc             ] GC(634) Pause Young (Allocation Failure) 352M->295M(501M) 4.807ms
[2026-03-22T19:50:09.854+0900][13.367s][info][gc,cpu         ] GC(634) User=0.09s Sys=0.00s Real=0.00s
[2026-03-22T19:50:09.869+0900][13.382s][info][gc,start       ] GC(635) Pause Full (Ergonomics)
[2026-03-22T19:50:09.869+0900][13.382s][info][gc,phases,start] GC(635) Marking Phase
[2026-03-22T19:50:09.870+0900][13.384s][info][gc,phases      ] GC(635) Marking Phase 1.248ms
[2026-03-22T19:50:09.870+0900][13.384s][info][gc,phases,start] GC(635) Summary Phase
[2026-03-22T19:50:09.870+0900][13.384s][info][gc,phases      ] GC(635) Summary Phase 0.016ms
[2026-03-22T19:50:09.870+0900][13.384s][info][gc,phases,start] GC(635) Adjust Roots
[2026-03-22T19:50:09.871+0900][13.384s][info][gc,phases      ] GC(635) Adjust Roots 0.289ms
[2026-03-22T19:50:09.871+0900][13.384s][info][gc,phases,start] GC(635) Compaction Phase
[2026-03-22T19:50:09.877+0900][13.389s][info][gc,phases      ] GC(635) Compaction Phase 5.469ms
[2026-03-22T19:50:09.877+0900][13.389s][info][gc,phases,start] GC(635) Post Compact
[2026-03-22T19:50:09.878+0900][13.391s][info][gc,phases      ] GC(635) Post Compact 1.385ms
[2026-03-22T19:50:09.878+0900][13.391s][info][gc,heap        ] GC(635) PSYoungGen: 163089K(163840K)->0K(163840K) Eden: 152561K(153088K)->0K(153088K) From: 10528K(10752K)->0K(10752K)
[2026-03-22T19:50:09.878+0900][13.391s][info][gc,heap        ] GC(635) ParOldGen: 291999K(349696K)->103430K(349696K)
[2026-03-22T19:50:09.878+0900][13.391s][info][gc,metaspace   ] GC(635) Metaspace: 340K(512K)->340K(512K) NonClass: 322K(384K)->322K(384K) Class: 17K(128K)->17K(128K)
[2026-03-22T19:50:09.878+0900][13.391s][info][gc             ] GC(635) Pause Full (Ergonomics) 444M->101M(501M) 8.704ms
[2026-03-22T19:50:09.878+0900][13.391s][info][gc,cpu         ] GC(635) User=0.00s Sys=0.00s Real=0.01s
[2026-03-22T19:50:09.893+0900][13.406s][info][gc,start       ] GC(636) Pause Young (Allocation Failure)
[2026-03-22T19:50:09.897+0900][13.410s][info][gc,heap        ] GC(636) PSYoungGen: 152561K(163840K)->10560K(163840K) Eden: 152561K(153088K)->0K(153088K) From: 0K(10752K)->10560K(10752K)
[2026-03-22T19:50:09.897+0900][13.411s][info][gc,heap        ] GC(636) ParOldGen: 103430K(349696K)->197639K(349696K)
[2026-03-22T19:50:09.897+0900][13.411s][info][gc,metaspace   ] GC(636) Metaspace: 340K(512K)->340K(512K) NonClass: 322K(384K)->322K(384K) Class: 17K(128K)->17K(128K)
[2026-03-22T19:50:09.897+0900][13.411s][info][gc             ] GC(636) Pause Young (Allocation Failure) 249M->203M(501M) 4.598ms
[2026-03-22T19:50:09.897+0900][13.411s][info][gc,cpu         ] GC(636) User=0.00s Sys=0.00s Real=0.00s
[2026-03-22T19:50:09.915+0900][13.427s][info][gc,start       ] GC(637) Pause Young (Allocation Failure)
[2026-03-22T19:50:09.919+0900][13.432s][info][gc,heap        ] GC(637) PSYoungGen: 163121K(163840K)->10528K(163840K) Eden: 152561K(153088K)->0K(153088K) From: 10560K(10752K)->10528K(10752K)
[2026-03-22T19:50:09.919+0900][13.432s][info][gc,heap        ] GC(637) ParOldGen: 197639K(349696K)->291999K(349696K)
[2026-03-22T19:50:09.919+0900][13.432s][info][gc,metaspace   ] GC(637) Metaspace: 340K(512K)->340K(512K) NonClass: 322K(384K)->322K(384K) Class: 17K(128K)->17K(128K)
[2026-03-22T19:50:09.919+0900][13.432s][info][gc             ] GC(637) Pause Young (Allocation Failure) 352M->295M(501M) 4.859ms
[2026-03-22T19:50:09.919+0900][13.432s][info][gc,cpu         ] GC(637) User=0.08s Sys=0.02s Real=0.00s
[2026-03-22T19:50:09.935+0900][13.448s][info][gc,start       ] GC(638) Pause Full (Ergonomics)
[2026-03-22T19:50:09.935+0900][13.448s][info][gc,phases,start] GC(638) Marking Phase
[2026-03-22T19:50:09.937+0900][13.450s][info][gc,phases      ] GC(638) Marking Phase 1.647ms
[2026-03-22T19:50:09.937+0900][13.450s][info][gc,phases,start] GC(638) Summary Phase
[2026-03-22T19:50:09.937+0900][13.450s][info][gc,phases      ] GC(638) Summary Phase 0.019ms
[2026-03-22T19:50:09.937+0900][13.450s][info][gc,phases,start] GC(638) Adjust Roots
[2026-03-22T19:50:09.937+0900][13.450s][info][gc,phases      ] GC(638) Adjust Roots 0.302ms
[2026-03-22T19:50:09.938+0900][13.450s][info][gc,phases,start] GC(638) Compaction Phase
[2026-03-22T19:50:09.943+0900][13.456s][info][gc,phases      ] GC(638) Compaction Phase 5.476ms
[2026-03-22T19:50:09.943+0900][13.456s][info][gc,phases,start] GC(638) Post Compact
[2026-03-22T19:50:09.944+0900][13.457s][info][gc,phases      ] GC(638) Post Compact 1.391ms
[2026-03-22T19:50:09.944+0900][13.457s][info][gc,heap        ] GC(638) PSYoungGen: 163089K(163840K)->0K(163840K) Eden: 152561K(153088K)->0K(153088K) From: 10528K(10752K)->0K(10752K)
[2026-03-22T19:50:09.944+0900][13.457s][info][gc,heap        ] GC(638) ParOldGen: 291999K(349696K)->103195K(349696K)
[2026-03-22T19:50:09.944+0900][13.457s][info][gc,metaspace   ] GC(638) Metaspace: 340K(512K)->340K(512K) NonClass: 322K(384K)->322K(384K) Class: 17K(128K)->17K(128K)
[2026-03-22T19:50:09.944+0900][13.457s][info][gc             ] GC(638) Pause Full (Ergonomics) 444M->100M(501M) 9.107ms
[2026-03-22T19:50:09.945+0900][13.457s][info][gc,cpu         ] GC(638) User=0.00s Sys=0.00s Real=0.01s
[2026-03-22T19:50:09.959+0900][13.472s][info][gc,start       ] GC(639) Pause Young (Allocation Failure)
[2026-03-22T19:50:09.963+0900][13.476s][info][gc,heap        ] GC(639) PSYoungGen: 152561K(163840K)->10560K(163840K) Eden: 152561K(153088K)->0K(153088K) From: 0K(10752K)->10560K(10752K)
[2026-03-22T19:50:09.963+0900][13.477s][info][gc,heap        ] GC(639) ParOldGen: 103195K(349696K)->197403K(349696K)
[2026-03-22T19:50:09.963+0900][13.477s][info][gc,metaspace   ] GC(639) Metaspace: 340K(512K)->340K(512K) NonClass: 322K(384K)->322K(384K) Class: 17K(128K)->17K(128K)
[2026-03-22T19:50:09.963+0900][13.477s][info][gc             ] GC(639) Pause Young (Allocation Failure) 249M->203M(501M) 4.534ms
[2026-03-22T19:50:09.963+0900][13.477s][info][gc,cpu         ] GC(639) User=0.09s Sys=0.00s Real=0.00s
[2026-03-22T19:50:09.980+0900][13.493s][info][gc,start       ] GC(640) Pause Young (Allocation Failure)
[2026-03-22T19:50:09.984+0900][13.498s][info][gc,heap        ] GC(640) PSYoungGen: 163121K(163840K)->10528K(163840K) Eden: 152561K(153088K)->0K(153088K) From: 10560K(10752K)->10528K(10752K)
[2026-03-22T19:50:09.984+0900][13.498s][info][gc,heap        ] GC(640) ParOldGen: 197403K(349696K)->291764K(349696K)
[2026-03-22T19:50:09.984+0900][13.498s][info][gc,metaspace   ] GC(640) Metaspace: 340K(512K)->340K(512K) NonClass: 322K(384K)->322K(384K) Class: 17K(128K)->17K(128K)
[2026-03-22T19:50:09.984+0900][13.498s][info][gc             ] GC(640) Pause Young (Allocation Failure) 352M->295M(501M) 4.618ms
[2026-03-22T19:50:09.984+0900][13.498s][info][gc,cpu         ] GC(640) User=0.00s Sys=0.00s Real=0.00s
[2026-03-22T19:50:10.001+0900][13.513s][info][gc,start       ] GC(641) Pause Full (Ergonomics)
[2026-03-22T19:50:10.001+0900][13.514s][info][gc,phases,start] GC(641) Marking Phase
[2026-03-22T19:50:10.002+0900][13.515s][info][gc,phases      ] GC(641) Marking Phase 1.242ms
[2026-03-22T19:50:10.002+0900][13.515s][info][gc,phases,start] GC(641) Summary Phase
[2026-03-22T19:50:10.002+0900][13.515s][info][gc,phases      ] GC(641) Summary Phase 0.026ms
[2026-03-22T19:50:10.002+0900][13.515s][info][gc,phases,start] GC(641) Adjust Roots
[2026-03-22T19:50:10.003+0900][13.515s][info][gc,phases      ] GC(641) Adjust Roots 0.179ms
[2026-03-22T19:50:10.003+0900][13.515s][info][gc,phases,start] GC(641) Compaction Phase
[2026-03-22T19:50:10.008+0900][13.521s][info][gc,phases      ] GC(641) Compaction Phase 5.804ms
[2026-03-22T19:50:10.008+0900][13.521s][info][gc,phases,start] GC(641) Post Compact
[2026-03-22T19:50:10.010+0900][13.522s][info][gc,phases      ] GC(641) Post Compact 1.457ms
[2026-03-22T19:50:10.010+0900][13.522s][info][gc,heap        ] GC(641) PSYoungGen: 163089K(163840K)->0K(163840K) Eden: 152561K(153088K)->0K(153088K) From: 10528K(10752K)->0K(10752K)
[2026-03-22T19:50:10.010+0900][13.522s][info][gc,heap        ] GC(641) ParOldGen: 291764K(349696K)->103430K(349696K)
[2026-03-22T19:50:10.010+0900][13.522s][info][gc,metaspace   ] GC(641) Metaspace: 340K(512K)->340K(512K) NonClass: 322K(384K)->322K(384K) Class: 17K(128K)->17K(128K)
[2026-03-22T19:50:10.010+0900][13.522s][info][gc             ] GC(641) Pause Full (Ergonomics) 444M->101M(501M) 8.991ms
[2026-03-22T19:50:10.010+0900][13.522s][info][gc,cpu         ] GC(641) User=0.00s Sys=0.00s Real=0.01s
[2026-03-22T19:50:10.024+0900][13.537s][info][gc,start       ] GC(642) Pause Young (Allocation Failure)
[2026-03-22T19:50:10.029+0900][13.542s][info][gc,heap        ] GC(642) PSYoungGen: 152561K(163840K)->10560K(163840K) Eden: 152561K(153088K)->0K(153088K) From: 0K(10752K)->10560K(10752K)
[2026-03-22T19:50:10.029+0900][13.542s][info][gc,heap        ] GC(642) ParOldGen: 103430K(349696K)->197639K(349696K)
[2026-03-22T19:50:10.029+0900][13.542s][info][gc,metaspace   ] GC(642) Metaspace: 340K(512K)->340K(512K) NonClass: 322K(384K)->322K(384K) Class: 17K(128K)->17K(128K)
[2026-03-22T19:50:10.029+0900][13.542s][info][gc             ] GC(642) Pause Young (Allocation Failure) 249M->203M(501M) 4.572ms
[2026-03-22T19:50:10.029+0900][13.542s][info][gc,cpu         ] GC(642) User=0.05s Sys=0.03s Real=0.01s
[2026-03-22T19:50:10.044+0900][13.557s][info][gc,start       ] GC(643) Pause Young (Allocation Failure)
[2026-03-22T19:50:10.049+0900][13.562s][info][gc,heap        ] GC(643) PSYoungGen: 163121K(163840K)->10528K(163840K) Eden: 152561K(153088K)->0K(153088K) From: 10560K(10752K)->10528K(10752K)
[2026-03-22T19:50:10.049+0900][13.562s][info][gc,heap        ] GC(643) ParOldGen: 197639K(349696K)->291999K(349696K)
[2026-03-22T19:50:10.049+0900][13.562s][info][gc,metaspace   ] GC(643) Metaspace: 340K(512K)->340K(512K) NonClass: 322K(384K)->322K(384K) Class: 17K(128K)->17K(128K)
[2026-03-22T19:50:10.049+0900][13.562s][info][gc             ] GC(643) Pause Young (Allocation Failure) 352M->295M(501M) 4.802ms
[2026-03-22T19:50:10.049+0900][13.562s][info][gc,cpu         ] GC(643) User=0.00s Sys=0.00s Real=0.01s
[2026-03-22T19:50:10.065+0900][13.577s][info][gc,start       ] GC(644) Pause Full (Ergonomics)
[2026-03-22T19:50:10.065+0900][13.577s][info][gc,phases,start] GC(644) Marking Phase
[2026-03-22T19:50:10.066+0900][13.579s][info][gc,phases      ] GC(644) Marking Phase 1.467ms
[2026-03-22T19:50:10.066+0900][13.579s][info][gc,phases,start] GC(644) Summary Phase
[2026-03-22T19:50:10.066+0900][13.579s][info][gc,phases      ] GC(644) Summary Phase 0.035ms
[2026-03-22T19:50:10.066+0900][13.579s][info][gc,phases,start] GC(644) Adjust Roots
[2026-03-22T19:50:10.067+0900][13.579s][info][gc,phases      ] GC(644) Adjust Roots 0.259ms
[2026-03-22T19:50:10.067+0900][13.579s][info][gc,phases,start] GC(644) Compaction Phase
[2026-03-22T19:50:10.072+0900][13.584s][info][gc,phases      ] GC(644) Compaction Phase 5.066ms
[2026-03-22T19:50:10.072+0900][13.584s][info][gc,phases,start] GC(644) Post Compact
[2026-03-22T19:50:10.073+0900][13.586s][info][gc,phases      ] GC(644) Post Compact 1.809ms
[2026-03-22T19:50:10.074+0900][13.586s][info][gc,heap        ] GC(644) PSYoungGen: 163089K(163840K)->0K(163840K) Eden: 152561K(153088K)->0K(153088K) From: 10528K(10752K)->0K(10752K)
[2026-03-22T19:50:10.074+0900][13.586s][info][gc,heap        ] GC(644) ParOldGen: 291999K(349696K)->103430K(349696K)
[2026-03-22T19:50:10.074+0900][13.586s][info][gc,metaspace   ] GC(644) Metaspace: 340K(512K)->340K(512K) NonClass: 322K(384K)->322K(384K) Class: 17K(128K)->17K(128K)
[2026-03-22T19:50:10.074+0900][13.586s][info][gc             ] GC(644) Pause Full (Ergonomics) 444M->101M(501M) 9.080ms
[2026-03-22T19:50:10.074+0900][13.586s][info][gc,cpu         ] GC(644) User=0.02s Sys=0.00s Real=0.01s
[2026-03-22T19:50:10.088+0900][13.601s][info][gc,start       ] GC(645) Pause Young (Allocation Failure)
[2026-03-22T19:50:10.093+0900][13.605s][info][gc,heap        ] GC(645) PSYoungGen: 152561K(163840K)->10528K(163840K) Eden: 152561K(153088K)->0K(153088K) From: 0K(10752K)->10528K(10752K)
[2026-03-22T19:50:10.093+0900][13.605s][info][gc,heap        ] GC(645) ParOldGen: 103430K(349696K)->197639K(349696K)
[2026-03-22T19:50:10.093+0900][13.605s][info][gc,metaspace   ] GC(645) Metaspace: 340K(512K)->340K(512K) NonClass: 322K(384K)->322K(384K) Class: 17K(128K)->17K(128K)
[2026-03-22T19:50:10.093+0900][13.606s][info][gc             ] GC(645) Pause Young (Allocation Failure) 249M->203M(501M) 4.671ms
[2026-03-22T19:50:10.093+0900][13.606s][info][gc,cpu         ] GC(645) User=0.00s Sys=0.00s Real=0.00s
[2026-03-22T19:50:10.107+0900][13.620s][info][gc,start       ] GC(646) Pause Young (Allocation Failure)
[2026-03-22T19:50:10.111+0900][13.625s][info][gc,heap        ] GC(646) PSYoungGen: 163089K(163840K)->10560K(163840K) Eden: 152561K(153088K)->0K(153088K) From: 10528K(10752K)->10560K(10752K)
[2026-03-22T19:50:10.112+0900][13.625s][info][gc,heap        ] GC(646) ParOldGen: 197639K(349696K)->291999K(349696K)
[2026-03-22T19:50:10.112+0900][13.625s][info][gc,metaspace   ] GC(646) Metaspace: 340K(512K)->340K(512K) NonClass: 322K(384K)->322K(384K) Class: 17K(128K)->17K(128K)
[2026-03-22T19:50:10.112+0900][13.625s][info][gc             ] GC(646) Pause Young (Allocation Failure) 352M->295M(501M) 4.857ms
[2026-03-22T19:50:10.112+0900][13.625s][info][gc,cpu         ] GC(646) User=0.00s Sys=0.00s Real=0.00s
[2026-03-22T19:50:10.128+0900][13.641s][info][gc,start       ] GC(647) Pause Full (Ergonomics)
[2026-03-22T19:50:10.128+0900][13.641s][info][gc,phases,start] GC(647) Marking Phase
[2026-03-22T19:50:10.129+0900][13.643s][info][gc,phases      ] GC(647) Marking Phase 1.705ms
[2026-03-22T19:50:10.129+0900][13.643s][info][gc,phases,start] GC(647) Summary Phase
[2026-03-22T19:50:10.129+0900][13.643s][info][gc,phases      ] GC(647) Summary Phase 0.036ms
[2026-03-22T19:50:10.129+0900][13.643s][info][gc,phases,start] GC(647) Adjust Roots
[2026-03-22T19:50:10.130+0900][13.643s][info][gc,phases      ] GC(647) Adjust Roots 0.373ms
[2026-03-22T19:50:10.130+0900][13.643s][info][gc,phases,start] GC(647) Compaction Phase
[2026-03-22T19:50:10.135+0900][13.649s][info][gc,phases      ] GC(647) Compaction Phase 5.268ms
[2026-03-22T19:50:10.135+0900][13.649s][info][gc,phases,start] GC(647) Post Compact
[2026-03-22T19:50:10.138+0900][13.650s][info][gc,phases      ] GC(647) Post Compact 1.644ms
[2026-03-22T19:50:10.138+0900][13.650s][info][gc,heap        ] GC(647) PSYoungGen: 163121K(163840K)->0K(163840K) Eden: 152561K(153088K)->0K(153088K) From: 10560K(10752K)->0K(10752K)
[2026-03-22T19:50:10.138+0900][13.650s][info][gc,heap        ] GC(647) ParOldGen: 291999K(349696K)->103430K(349696K)
[2026-03-22T19:50:10.138+0900][13.650s][info][gc,metaspace   ] GC(647) Metaspace: 340K(512K)->340K(512K) NonClass: 322K(384K)->322K(384K) Class: 17K(128K)->17K(128K)
[2026-03-22T19:50:10.138+0900][13.650s][info][gc             ] GC(647) Pause Full (Ergonomics) 444M->101M(501M) 9.399ms
[2026-03-22T19:50:10.138+0900][13.650s][info][gc,cpu         ] GC(647) User=0.08s Sys=0.02s Real=0.01s
[2026-03-22T19:50:10.154+0900][13.667s][info][gc,start       ] GC(648) Pause Young (Allocation Failure)
[2026-03-22T19:50:10.158+0900][13.671s][info][gc,heap        ] GC(648) PSYoungGen: 152561K(163840K)->10528K(163840K) Eden: 152561K(153088K)->0K(153088K) From: 0K(10752K)->10528K(10752K)
[2026-03-22T19:50:10.158+0900][13.672s][info][gc,heap        ] GC(648) ParOldGen: 103430K(349696K)->197639K(349696K)
[2026-03-22T19:50:10.158+0900][13.672s][info][gc,metaspace   ] GC(648) Metaspace: 340K(512K)->340K(512K) NonClass: 322K(384K)->322K(384K) Class: 17K(128K)->17K(128K)
[2026-03-22T19:50:10.159+0900][13.672s][info][gc             ] GC(648) Pause Young (Allocation Failure) 249M->203M(501M) 4.472ms
[2026-03-22T19:50:10.159+0900][13.672s][info][gc,cpu         ] GC(648) User=0.00s Sys=0.00s Real=0.00s
[2026-03-22T19:50:10.174+0900][13.687s][info][gc,start       ] GC(649) Pause Young (Allocation Failure)
[2026-03-22T19:50:10.179+0900][13.691s][info][gc,heap        ] GC(649) PSYoungGen: 163089K(163840K)->10560K(163840K) Eden: 152561K(153088K)->0K(153088K) From: 10528K(10752K)->10560K(10752K)
[2026-03-22T19:50:10.179+0900][13.692s][info][gc,heap        ] GC(649) ParOldGen: 197639K(349696K)->291999K(349696K)
[2026-03-22T19:50:10.179+0900][13.692s][info][gc,metaspace   ] GC(649) Metaspace: 340K(512K)->340K(512K) NonClass: 322K(384K)->322K(384K) Class: 17K(128K)->17K(128K)
[2026-03-22T19:50:10.179+0900][13.692s][info][gc             ] GC(649) Pause Young (Allocation Failure) 352M->295M(501M) 4.508ms
[2026-03-22T19:50:10.179+0900][13.692s][info][gc,cpu         ] GC(649) User=0.00s Sys=0.00s Real=0.00s
[2026-03-22T19:50:10.194+0900][13.707s][info][gc,start       ] GC(650) Pause Full (Ergonomics)
[2026-03-22T19:50:10.194+0900][13.707s][info][gc,phases,start] GC(650) Marking Phase
[2026-03-22T19:50:10.195+0900][13.708s][info][gc,phases      ] GC(650) Marking Phase 1.562ms
[2026-03-22T19:50:10.195+0900][13.708s][info][gc,phases,start] GC(650) Summary Phase
[2026-03-22T19:50:10.195+0900][13.708s][info][gc,phases      ] GC(650) Summary Phase 0.035ms
[2026-03-22T19:50:10.195+0900][13.708s][info][gc,phases,start] GC(650) Adjust Roots
[2026-03-22T19:50:10.196+0900][13.709s][info][gc,phases      ] GC(650) Adjust Roots 0.312ms
[2026-03-22T19:50:10.196+0900][13.709s][info][gc,phases,start] GC(650) Compaction Phase
[2026-03-22T19:50:10.201+0900][13.714s][info][gc,phases      ] GC(650) Compaction Phase 5.403ms
[2026-03-22T19:50:10.201+0900][13.714s][info][gc,phases,start] GC(650) Post Compact
[2026-03-22T19:50:10.203+0900][13.716s][info][gc,phases      ] GC(650) Post Compact 1.732ms
[2026-03-22T19:50:10.203+0900][13.716s][info][gc,heap        ] GC(650) PSYoungGen: 163121K(163840K)->0K(163840K) Eden: 152561K(153088K)->0K(153088K) From: 10560K(10752K)->0K(10752K)
[2026-03-22T19:50:10.203+0900][13.716s][info][gc,heap        ] GC(650) ParOldGen: 291999K(349696K)->103430K(349696K)
[2026-03-22T19:50:10.203+0900][13.716s][info][gc,metaspace   ] GC(650) Metaspace: 340K(512K)->340K(512K) NonClass: 322K(384K)->322K(384K) Class: 17K(128K)->17K(128K)
[2026-03-22T19:50:10.203+0900][13.716s][info][gc             ] GC(650) Pause Full (Ergonomics) 444M->101M(501M) 9.485ms
[2026-03-22T19:50:10.203+0900][13.716s][info][gc,cpu         ] GC(650) User=0.08s Sys=0.00s Real=0.01s
[2026-03-22T19:50:10.217+0900][13.730s][info][gc,start       ] GC(651) Pause Young (Allocation Failure)
[2026-03-22T19:50:10.222+0900][13.735s][info][gc,heap        ] GC(651) PSYoungGen: 152561K(163840K)->10560K(163840K) Eden: 152561K(153088K)->0K(153088K) From: 0K(10752K)->10560K(10752K)
[2026-03-22T19:50:10.222+0900][13.735s][info][gc,heap        ] GC(651) ParOldGen: 103430K(349696K)->197639K(349696K)
[2026-03-22T19:50:10.222+0900][13.735s][info][gc,metaspace   ] GC(651) Metaspace: 340K(512K)->340K(512K) NonClass: 322K(384K)->322K(384K) Class: 17K(128K)->17K(128K)
[2026-03-22T19:50:10.222+0900][13.735s][info][gc             ] GC(651) Pause Young (Allocation Failure) 249M->203M(501M) 4.659ms
[2026-03-22T19:50:10.222+0900][13.735s][info][gc,cpu         ] GC(651) User=0.00s Sys=0.00s Real=0.00s
[2026-03-22T19:50:10.237+0900][13.749s][info][gc,start       ] GC(652) Pause Young (Allocation Failure)
[2026-03-22T19:50:10.242+0900][13.755s][info][gc,heap        ] GC(652) PSYoungGen: 163121K(163840K)->10528K(163840K) Eden: 152561K(153088K)->0K(153088K) From: 10560K(10752K)->10528K(10752K)
[2026-03-22T19:50:10.242+0900][13.755s][info][gc,heap        ] GC(652) ParOldGen: 197639K(349696K)->291999K(349696K)
[2026-03-22T19:50:10.242+0900][13.755s][info][gc,metaspace   ] GC(652) Metaspace: 340K(512K)->340K(512K) NonClass: 322K(384K)->322K(384K) Class: 17K(128K)->17K(128K)
[2026-03-22T19:50:10.242+0900][13.755s][info][gc             ] GC(652) Pause Young (Allocation Failure) 352M->295M(501M) 5.873ms
[2026-03-22T19:50:10.242+0900][13.755s][info][gc,cpu         ] GC(652) User=0.00s Sys=0.00s Real=0.01s
[2026-03-22T19:50:10.260+0900][13.772s][info][gc,start       ] GC(653) Pause Full (Ergonomics)
[2026-03-22T19:50:10.260+0900][13.772s][info][gc,phases,start] GC(653) Marking Phase
[2026-03-22T19:50:10.261+0900][13.773s][info][gc,phases      ] GC(653) Marking Phase 1.377ms
[2026-03-22T19:50:10.261+0900][13.774s][info][gc,phases,start] GC(653) Summary Phase
[2026-03-22T19:50:10.261+0900][13.774s][info][gc,phases      ] GC(653) Summary Phase 0.015ms
[2026-03-22T19:50:10.261+0900][13.774s][info][gc,phases,start] GC(653) Adjust Roots
[2026-03-22T19:50:10.261+0900][13.774s][info][gc,phases      ] GC(653) Adjust Roots 0.228ms
[2026-03-22T19:50:10.261+0900][13.774s][info][gc,phases,start] GC(653) Compaction Phase
[2026-03-22T19:50:10.266+0900][13.779s][info][gc,phases      ] GC(653) Compaction Phase 5.077ms
[2026-03-22T19:50:10.267+0900][13.779s][info][gc,phases,start] GC(653) Post Compact
[2026-03-22T19:50:10.268+0900][13.781s][info][gc,phases      ] GC(653) Post Compact 1.831ms
[2026-03-22T19:50:10.268+0900][13.781s][info][gc,heap        ] GC(653) PSYoungGen: 163089K(163840K)->0K(163840K) Eden: 152561K(153088K)->0K(153088K) From: 10528K(10752K)->0K(10752K)
[2026-03-22T19:50:10.268+0900][13.781s][info][gc,heap        ] GC(653) ParOldGen: 291999K(349696K)->103430K(349696K)
[2026-03-22T19:50:10.268+0900][13.781s][info][gc,metaspace   ] GC(653) Metaspace: 340K(512K)->340K(512K) NonClass: 322K(384K)->322K(384K) Class: 17K(128K)->17K(128K)
[2026-03-22T19:50:10.268+0900][13.781s][info][gc             ] GC(653) Pause Full (Ergonomics) 444M->101M(501M) 8.894ms
[2026-03-22T19:50:10.268+0900][13.781s][info][gc,cpu         ] GC(653) User=0.03s Sys=0.00s Real=0.01s
[2026-03-22T19:50:10.283+0900][13.796s][info][gc,start       ] GC(654) Pause Young (Allocation Failure)
[2026-03-22T19:50:10.288+0900][13.801s][info][gc,heap        ] GC(654) PSYoungGen: 152561K(163840K)->10560K(163840K) Eden: 152561K(153088K)->0K(153088K) From: 0K(10752K)->10560K(10752K)
[2026-03-22T19:50:10.288+0900][13.801s][info][gc,heap        ] GC(654) ParOldGen: 103430K(349696K)->197639K(349696K)
[2026-03-22T19:50:10.288+0900][13.801s][info][gc,metaspace   ] GC(654) Metaspace: 340K(512K)->340K(512K) NonClass: 322K(384K)->322K(384K) Class: 17K(128K)->17K(128K)
[2026-03-22T19:50:10.288+0900][13.801s][info][gc             ] GC(654) Pause Young (Allocation Failure) 249M->203M(501M) 5.212ms
[2026-03-22T19:50:10.288+0900][13.801s][info][gc,cpu         ] GC(654) User=0.00s Sys=0.00s Real=0.01s
[2026-03-22T19:50:10.305+0900][13.817s][info][gc,start       ] GC(655) Pause Young (Allocation Failure)
[2026-03-22T19:50:10.309+0900][13.822s][info][gc,heap        ] GC(655) PSYoungGen: 163121K(163840K)->10560K(163840K) Eden: 152561K(153088K)->0K(153088K) From: 10560K(10752K)->10560K(10752K)
[2026-03-22T19:50:10.309+0900][13.822s][info][gc,heap        ] GC(655) ParOldGen: 197639K(349696K)->291999K(349696K)
[2026-03-22T19:50:10.309+0900][13.822s][info][gc,metaspace   ] GC(655) Metaspace: 340K(512K)->340K(512K) NonClass: 322K(384K)->322K(384K) Class: 17K(128K)->17K(128K)
[2026-03-22T19:50:10.309+0900][13.822s][info][gc             ] GC(655) Pause Young (Allocation Failure) 352M->295M(501M) 4.468ms
[2026-03-22T19:50:10.309+0900][13.822s][info][gc,cpu         ] GC(655) User=0.09s Sys=0.00s Real=0.00s
[2026-03-22T19:50:10.323+0900][13.836s][info][gc,start       ] GC(656) Pause Full (Ergonomics)
[2026-03-22T19:50:10.323+0900][13.836s][info][gc,phases,start] GC(656) Marking Phase
[2026-03-22T19:50:10.326+0900][13.838s][info][gc,phases      ] GC(656) Marking Phase 1.663ms
[2026-03-22T19:50:10.326+0900][13.838s][info][gc,phases,start] GC(656) Summary Phase
[2026-03-22T19:50:10.326+0900][13.838s][info][gc,phases      ] GC(656) Summary Phase 0.023ms
[2026-03-22T19:50:10.326+0900][13.838s][info][gc,phases,start] GC(656) Adjust Roots
[2026-03-22T19:50:10.326+0900][13.838s][info][gc,phases      ] GC(656) Adjust Roots 0.210ms
[2026-03-22T19:50:10.326+0900][13.839s][info][gc,phases,start] GC(656) Compaction Phase
[2026-03-22T19:50:10.331+0900][13.844s][info][gc,phases      ] GC(656) Compaction Phase 5.035ms
[2026-03-22T19:50:10.331+0900][13.844s][info][gc,phases,start] GC(656) Post Compact
[2026-03-22T19:50:10.332+0900][13.845s][info][gc,phases      ] GC(656) Post Compact 1.627ms
[2026-03-22T19:50:10.333+0900][13.845s][info][gc,heap        ] GC(656) PSYoungGen: 163121K(163840K)->0K(163840K) Eden: 152561K(153088K)->0K(153088K) From: 10560K(10752K)->0K(10752K)
[2026-03-22T19:50:10.333+0900][13.845s][info][gc,heap        ] GC(656) ParOldGen: 291999K(349696K)->103430K(349696K)
[2026-03-22T19:50:10.333+0900][13.845s][info][gc,metaspace   ] GC(656) Metaspace: 340K(512K)->340K(512K) NonClass: 322K(384K)->322K(384K) Class: 17K(128K)->17K(128K)
[2026-03-22T19:50:10.333+0900][13.845s][info][gc             ] GC(656) Pause Full (Ergonomics) 444M->101M(501M) 8.913ms
[2026-03-22T19:50:10.333+0900][13.845s][info][gc,cpu         ] GC(656) User=0.00s Sys=0.00s Real=0.01s
[2026-03-22T19:50:10.347+0900][13.860s][info][gc,start       ] GC(657) Pause Young (Allocation Failure)
[2026-03-22T19:50:10.352+0900][13.864s][info][gc,heap        ] GC(657) PSYoungGen: 152561K(163840K)->10528K(163840K) Eden: 152561K(153088K)->0K(153088K) From: 0K(10752K)->10528K(10752K)
[2026-03-22T19:50:10.352+0900][13.864s][info][gc,heap        ] GC(657) ParOldGen: 103430K(349696K)->197639K(349696K)
[2026-03-22T19:50:10.352+0900][13.864s][info][gc,metaspace   ] GC(657) Metaspace: 340K(512K)->340K(512K) NonClass: 322K(384K)->322K(384K) Class: 17K(128K)->17K(128K)
[2026-03-22T19:50:10.352+0900][13.864s][info][gc             ] GC(657) Pause Young (Allocation Failure) 249M->203M(501M) 4.517ms
[2026-03-22T19:50:10.352+0900][13.864s][info][gc,cpu         ] GC(657) User=0.00s Sys=0.00s Real=0.01s
[2026-03-22T19:50:10.368+0900][13.881s][info][gc,start       ] GC(658) Pause Young (Allocation Failure)
[2026-03-22T19:50:10.373+0900][13.886s][info][gc,heap        ] GC(658) PSYoungGen: 163089K(163840K)->10528K(163840K) Eden: 152561K(153088K)->0K(153088K) From: 10528K(10752K)->10528K(10752K)
[2026-03-22T19:50:10.373+0900][13.886s][info][gc,heap        ] GC(658) ParOldGen: 197639K(349696K)->291999K(349696K)
[2026-03-22T19:50:10.373+0900][13.886s][info][gc,metaspace   ] GC(658) Metaspace: 340K(512K)->340K(512K) NonClass: 322K(384K)->322K(384K) Class: 17K(128K)->17K(128K)
[2026-03-22T19:50:10.373+0900][13.886s][info][gc             ] GC(658) Pause Young (Allocation Failure) 352M->295M(501M) 4.753ms
[2026-03-22T19:50:10.373+0900][13.886s][info][gc,cpu         ] GC(658) User=0.03s Sys=0.00s Real=0.00s
[2026-03-22T19:50:10.389+0900][13.902s][info][gc,start       ] GC(659) Pause Full (Ergonomics)
[2026-03-22T19:50:10.389+0900][13.902s][info][gc,phases,start] GC(659) Marking Phase
[2026-03-22T19:50:10.390+0900][13.903s][info][gc,phases      ] GC(659) Marking Phase 1.338ms
[2026-03-22T19:50:10.390+0900][13.903s][info][gc,phases,start] GC(659) Summary Phase
[2026-03-22T19:50:10.390+0900][13.903s][info][gc,phases      ] GC(659) Summary Phase 0.033ms
[2026-03-22T19:50:10.390+0900][13.903s][info][gc,phases,start] GC(659) Adjust Roots
[2026-03-22T19:50:10.391+0900][13.904s][info][gc,phases      ] GC(659) Adjust Roots 0.227ms
[2026-03-22T19:50:10.391+0900][13.904s][info][gc,phases,start] GC(659) Compaction Phase
[2026-03-22T19:50:10.395+0900][13.908s][info][gc,phases      ] GC(659) Compaction Phase 4.842ms
[2026-03-22T19:50:10.395+0900][13.908s][info][gc,phases,start] GC(659) Post Compact
[2026-03-22T19:50:10.397+0900][13.910s][info][gc,phases      ] GC(659) Post Compact 1.565ms
[2026-03-22T19:50:10.397+0900][13.910s][info][gc,heap        ] GC(659) PSYoungGen: 163089K(163840K)->0K(163840K) Eden: 152561K(153088K)->0K(153088K) From: 10528K(10752K)->0K(10752K)
[2026-03-22T19:50:10.397+0900][13.910s][info][gc,heap        ] GC(659) ParOldGen: 291999K(349696K)->103430K(349696K)
[2026-03-22T19:50:10.397+0900][13.910s][info][gc,metaspace   ] GC(659) Metaspace: 340K(512K)->340K(512K) NonClass: 322K(384K)->322K(384K) Class: 17K(128K)->17K(128K)
[2026-03-22T19:50:10.397+0900][13.910s][info][gc             ] GC(659) Pause Full (Ergonomics) 444M->101M(501M) 8.455ms
[2026-03-22T19:50:10.397+0900][13.910s][info][gc,cpu         ] GC(659) User=0.00s Sys=0.00s Real=0.01s
[2026-03-22T19:50:10.414+0900][13.926s][info][gc,start       ] GC(660) Pause Young (Allocation Failure)
[2026-03-22T19:50:10.418+0900][13.931s][info][gc,heap        ] GC(660) PSYoungGen: 152561K(163840K)->10560K(163840K) Eden: 152561K(153088K)->0K(153088K) From: 0K(10752K)->10560K(10752K)
[2026-03-22T19:50:10.418+0900][13.931s][info][gc,heap        ] GC(660) ParOldGen: 103430K(349696K)->197639K(349696K)
[2026-03-22T19:50:10.418+0900][13.931s][info][gc,metaspace   ] GC(660) Metaspace: 340K(512K)->340K(512K) NonClass: 322K(384K)->322K(384K) Class: 17K(128K)->17K(128K)
[2026-03-22T19:50:10.418+0900][13.931s][info][gc             ] GC(660) Pause Young (Allocation Failure) 249M->203M(501M) 4.446ms
[2026-03-22T19:50:10.418+0900][13.931s][info][gc,cpu         ] GC(660) User=0.09s Sys=0.00s Real=0.00s
[2026-03-22T19:50:10.436+0900][13.949s][info][gc,start       ] GC(661) Pause Young (Allocation Failure)
[2026-03-22T19:50:10.441+0900][13.954s][info][gc,heap        ] GC(661) PSYoungGen: 163121K(163840K)->10528K(163840K) Eden: 152561K(153088K)->0K(153088K) From: 10560K(10752K)->10528K(10752K)
[2026-03-22T19:50:10.441+0900][13.954s][info][gc,heap        ] GC(661) ParOldGen: 197639K(349696K)->291999K(349696K)
[2026-03-22T19:50:10.441+0900][13.954s][info][gc,metaspace   ] GC(661) Metaspace: 340K(512K)->340K(512K) NonClass: 322K(384K)->322K(384K) Class: 17K(128K)->17K(128K)
[2026-03-22T19:50:10.441+0900][13.954s][info][gc             ] GC(661) Pause Young (Allocation Failure) 352M->295M(501M) 5.046ms
[2026-03-22T19:50:10.441+0900][13.954s][info][gc,cpu         ] GC(661) User=0.00s Sys=0.00s Real=0.00s
[2026-03-22T19:50:10.455+0900][13.968s][info][gc,start       ] GC(662) Pause Full (Ergonomics)
[2026-03-22T19:50:10.455+0900][13.968s][info][gc,phases,start] GC(662) Marking Phase
[2026-03-22T19:50:10.457+0900][13.970s][info][gc,phases      ] GC(662) Marking Phase 1.579ms
[2026-03-22T19:50:10.457+0900][13.970s][info][gc,phases,start] GC(662) Summary Phase
[2026-03-22T19:50:10.457+0900][13.970s][info][gc,phases      ] GC(662) Summary Phase 0.037ms
[2026-03-22T19:50:10.457+0900][13.970s][info][gc,phases,start] GC(662) Adjust Roots
[2026-03-22T19:50:10.458+0900][13.970s][info][gc,phases      ] GC(662) Adjust Roots 0.295ms
[2026-03-22T19:50:10.458+0900][13.970s][info][gc,phases,start] GC(662) Compaction Phase
[2026-03-22T19:50:10.463+0900][13.975s][info][gc,phases      ] GC(662) Compaction Phase 5.137ms
[2026-03-22T19:50:10.463+0900][13.975s][info][gc,phases,start] GC(662) Post Compact
[2026-03-22T19:50:10.464+0900][13.977s][info][gc,phases      ] GC(662) Post Compact 1.435ms
[2026-03-22T19:50:10.464+0900][13.977s][info][gc,heap        ] GC(662) PSYoungGen: 163089K(163840K)->0K(163840K) Eden: 152561K(153088K)->0K(153088K) From: 10528K(10752K)->0K(10752K)
[2026-03-22T19:50:10.464+0900][13.977s][info][gc,heap        ] GC(662) ParOldGen: 291999K(349696K)->103430K(349696K)
[2026-03-22T19:50:10.464+0900][13.977s][info][gc,metaspace   ] GC(662) Metaspace: 340K(512K)->340K(512K) NonClass: 322K(384K)->322K(384K) Class: 17K(128K)->17K(128K)
[2026-03-22T19:50:10.464+0900][13.977s][info][gc             ] GC(662) Pause Full (Ergonomics) 444M->101M(501M) 8.777ms
[2026-03-22T19:50:10.464+0900][13.977s][info][gc,cpu         ] GC(662) User=0.02s Sys=0.00s Real=0.01s
[2026-03-22T19:50:10.479+0900][13.992s][info][gc,start       ] GC(663) Pause Young (Allocation Failure)
[2026-03-22T19:50:10.484+0900][13.997s][info][gc,heap        ] GC(663) PSYoungGen: 152561K(163840K)->10560K(163840K) Eden: 152561K(153088K)->0K(153088K) From: 0K(10752K)->10560K(10752K)
[2026-03-22T19:50:10.484+0900][13.997s][info][gc,heap        ] GC(663) ParOldGen: 103430K(349696K)->197639K(349696K)
[2026-03-22T19:50:10.484+0900][13.998s][info][gc,metaspace   ] GC(663) Metaspace: 340K(512K)->340K(512K) NonClass: 322K(384K)->322K(384K) Class: 17K(128K)->17K(128K)
[2026-03-22T19:50:10.484+0900][13.998s][info][gc             ] GC(663) Pause Young (Allocation Failure) 249M->203M(501M) 5.625ms
[2026-03-22T19:50:10.484+0900][13.998s][info][gc,cpu         ] GC(663) User=0.00s Sys=0.00s Real=0.00s
[2026-03-22T19:50:10.505+0900][14.017s][info][gc,start       ] GC(664) Pause Young (Allocation Failure)
[2026-03-22T19:50:10.510+0900][14.022s][info][gc,heap        ] GC(664) PSYoungGen: 163121K(163840K)->10528K(163840K) Eden: 152561K(153088K)->0K(153088K) From: 10560K(10752K)->10528K(10752K)
[2026-03-22T19:50:10.510+0900][14.022s][info][gc,heap        ] GC(664) ParOldGen: 197639K(349696K)->291999K(349696K)
[2026-03-22T19:50:10.510+0900][14.022s][info][gc,metaspace   ] GC(664) Metaspace: 340K(512K)->340K(512K) NonClass: 322K(384K)->322K(384K) Class: 17K(128K)->17K(128K)
[2026-03-22T19:50:10.510+0900][14.022s][info][gc             ] GC(664) Pause Young (Allocation Failure) 352M->295M(501M) 5.139ms
[2026-03-22T19:50:10.510+0900][14.022s][info][gc,cpu         ] GC(664) User=0.00s Sys=0.00s Real=0.00s
[2026-03-22T19:50:10.526+0900][14.038s][info][gc,start       ] GC(665) Pause Full (Ergonomics)
[2026-03-22T19:50:10.526+0900][14.039s][info][gc,phases,start] GC(665) Marking Phase
[2026-03-22T19:50:10.527+0900][14.040s][info][gc,phases      ] GC(665) Marking Phase 1.377ms
[2026-03-22T19:50:10.527+0900][14.040s][info][gc,phases,start] GC(665) Summary Phase
[2026-03-22T19:50:10.527+0900][14.040s][info][gc,phases      ] GC(665) Summary Phase 0.019ms
[2026-03-22T19:50:10.527+0900][14.040s][info][gc,phases,start] GC(665) Adjust Roots
[2026-03-22T19:50:10.528+0900][14.040s][info][gc,phases      ] GC(665) Adjust Roots 0.359ms
[2026-03-22T19:50:10.528+0900][14.041s][info][gc,phases,start] GC(665) Compaction Phase
[2026-03-22T19:50:10.533+0900][14.046s][info][gc,phases      ] GC(665) Compaction Phase 5.183ms
[2026-03-22T19:50:10.533+0900][14.046s][info][gc,phases,start] GC(665) Post Compact
[2026-03-22T19:50:10.534+0900][14.047s][info][gc,phases      ] GC(665) Post Compact 1.424ms
[2026-03-22T19:50:10.534+0900][14.047s][info][gc,heap        ] GC(665) PSYoungGen: 163089K(163840K)->0K(163840K) Eden: 152561K(153088K)->0K(153088K) From: 10528K(10752K)->0K(10752K)
[2026-03-22T19:50:10.534+0900][14.047s][info][gc,heap        ] GC(665) ParOldGen: 291999K(349696K)->103430K(349696K)
[2026-03-22T19:50:10.534+0900][14.047s][info][gc,metaspace   ] GC(665) Metaspace: 340K(512K)->340K(512K) NonClass: 322K(384K)->322K(384K) Class: 17K(128K)->17K(128K)
[2026-03-22T19:50:10.534+0900][14.047s][info][gc             ] GC(665) Pause Full (Ergonomics) 444M->101M(501M) 8.722ms
[2026-03-22T19:50:10.534+0900][14.047s][info][gc,cpu         ] GC(665) User=0.00s Sys=0.00s Real=0.01s
[2026-03-22T19:50:10.550+0900][14.063s][info][gc,start       ] GC(666) Pause Young (Allocation Failure)
[2026-03-22T19:50:10.555+0900][14.067s][info][gc,heap        ] GC(666) PSYoungGen: 152561K(163840K)->10560K(163840K) Eden: 152561K(153088K)->0K(153088K) From: 0K(10752K)->10560K(10752K)
[2026-03-22T19:50:10.555+0900][14.067s][info][gc,heap        ] GC(666) ParOldGen: 103430K(349696K)->197639K(349696K)
[2026-03-22T19:50:10.555+0900][14.067s][info][gc,metaspace   ] GC(666) Metaspace: 340K(512K)->340K(512K) NonClass: 322K(384K)->322K(384K) Class: 17K(128K)->17K(128K)
[2026-03-22T19:50:10.555+0900][14.067s][info][gc             ] GC(666) Pause Young (Allocation Failure) 249M->203M(501M) 4.864ms
[2026-03-22T19:50:10.555+0900][14.068s][info][gc,cpu         ] GC(666) User=0.00s Sys=0.00s Real=0.01s
[2026-03-22T19:50:10.571+0900][14.084s][info][gc,start       ] GC(667) Pause Young (Allocation Failure)
[2026-03-22T19:50:10.576+0900][14.089s][info][gc,heap        ] GC(667) PSYoungGen: 163121K(163840K)->10560K(163840K) Eden: 152561K(153088K)->0K(153088K) From: 10560K(10752K)->10560K(10752K)
[2026-03-22T19:50:10.576+0900][14.089s][info][gc,heap        ] GC(667) ParOldGen: 197639K(349696K)->291999K(349696K)
[2026-03-22T19:50:10.576+0900][14.089s][info][gc,metaspace   ] GC(667) Metaspace: 340K(512K)->340K(512K) NonClass: 322K(384K)->322K(384K) Class: 17K(128K)->17K(128K)
[2026-03-22T19:50:10.576+0900][14.089s][info][gc             ] GC(667) Pause Young (Allocation Failure) 352M->295M(501M) 4.547ms
[2026-03-22T19:50:10.576+0900][14.089s][info][gc,cpu         ] GC(667) User=0.03s Sys=0.00s Real=0.00s
[2026-03-22T19:50:10.590+0900][14.103s][info][gc,start       ] GC(668) Pause Full (Ergonomics)
[2026-03-22T19:50:10.590+0900][14.103s][info][gc,phases,start] GC(668) Marking Phase
[2026-03-22T19:50:10.591+0900][14.105s][info][gc,phases      ] GC(668) Marking Phase 1.364ms
[2026-03-22T19:50:10.591+0900][14.105s][info][gc,phases,start] GC(668) Summary Phase
[2026-03-22T19:50:10.591+0900][14.105s][info][gc,phases      ] GC(668) Summary Phase 0.023ms
[2026-03-22T19:50:10.591+0900][14.105s][info][gc,phases,start] GC(668) Adjust Roots
[2026-03-22T19:50:10.592+0900][14.105s][info][gc,phases      ] GC(668) Adjust Roots 0.379ms
[2026-03-22T19:50:10.592+0900][14.105s][info][gc,phases,start] GC(668) Compaction Phase
[2026-03-22T19:50:10.599+0900][14.112s][info][gc,phases      ] GC(668) Compaction Phase 6.886ms
[2026-03-22T19:50:10.599+0900][14.112s][info][gc,phases,start] GC(668) Post Compact
[2026-03-22T19:50:10.601+0900][14.114s][info][gc,phases      ] GC(668) Post Compact 1.803ms
[2026-03-22T19:50:10.601+0900][14.114s][info][gc,heap        ] GC(668) PSYoungGen: 163121K(163840K)->0K(163840K) Eden: 152561K(153088K)->0K(153088K) From: 10560K(10752K)->0K(10752K)
[2026-03-22T19:50:10.601+0900][14.114s][info][gc,heap        ] GC(668) ParOldGen: 291999K(349696K)->103430K(349696K)
[2026-03-22T19:50:10.601+0900][14.114s][info][gc,metaspace   ] GC(668) Metaspace: 340K(512K)->340K(512K) NonClass: 322K(384K)->322K(384K) Class: 17K(128K)->17K(128K)
[2026-03-22T19:50:10.601+0900][14.114s][info][gc             ] GC(668) Pause Full (Ergonomics) 444M->101M(501M) 10.932ms
[2026-03-22T19:50:10.601+0900][14.114s][info][gc,cpu         ] GC(668) User=0.00s Sys=0.00s Real=0.01s
[2026-03-22T19:50:10.619+0900][14.131s][info][gc,start       ] GC(669) Pause Young (Allocation Failure)
[2026-03-22T19:50:10.623+0900][14.136s][info][gc,heap        ] GC(669) PSYoungGen: 152561K(163840K)->10528K(163840K) Eden: 152561K(153088K)->0K(153088K) From: 0K(10752K)->10528K(10752K)
[2026-03-22T19:50:10.623+0900][14.136s][info][gc,heap        ] GC(669) ParOldGen: 103430K(349696K)->197639K(349696K)
[2026-03-22T19:50:10.623+0900][14.136s][info][gc,metaspace   ] GC(669) Metaspace: 340K(512K)->340K(512K) NonClass: 322K(384K)->322K(384K) Class: 17K(128K)->17K(128K)
[2026-03-22T19:50:10.623+0900][14.136s][info][gc             ] GC(669) Pause Young (Allocation Failure) 249M->203M(501M) 4.778ms
[2026-03-22T19:50:10.623+0900][14.136s][info][gc,cpu         ] GC(669) User=0.00s Sys=0.00s Real=0.00s
[2026-03-22T19:50:10.639+0900][14.151s][info][gc,start       ] GC(670) Pause Young (Allocation Failure)
[2026-03-22T19:50:10.643+0900][14.156s][info][gc,heap        ] GC(670) PSYoungGen: 163089K(163840K)->10560K(163840K) Eden: 152561K(153088K)->0K(153088K) From: 10528K(10752K)->10560K(10752K)
[2026-03-22T19:50:10.643+0900][14.156s][info][gc,heap        ] GC(670) ParOldGen: 197639K(349696K)->291999K(349696K)
[2026-03-22T19:50:10.643+0900][14.156s][info][gc,metaspace   ] GC(670) Metaspace: 340K(512K)->340K(512K) NonClass: 322K(384K)->322K(384K) Class: 17K(128K)->17K(128K)
[2026-03-22T19:50:10.643+0900][14.156s][info][gc             ] GC(670) Pause Young (Allocation Failure) 352M->295M(501M) 4.462ms
[2026-03-22T19:50:10.643+0900][14.156s][info][gc,cpu         ] GC(670) User=0.00s Sys=0.00s Real=0.00s
[2026-03-22T19:50:10.657+0900][14.170s][info][gc,start       ] GC(671) Pause Full (Ergonomics)
[2026-03-22T19:50:10.658+0900][14.171s][info][gc,phases,start] GC(671) Marking Phase
[2026-03-22T19:50:10.659+0900][14.172s][info][gc,phases      ] GC(671) Marking Phase 1.373ms
[2026-03-22T19:50:10.659+0900][14.172s][info][gc,phases,start] GC(671) Summary Phase
[2026-03-22T19:50:10.659+0900][14.172s][info][gc,phases      ] GC(671) Summary Phase 0.020ms
[2026-03-22T19:50:10.659+0900][14.172s][info][gc,phases,start] GC(671) Adjust Roots
[2026-03-22T19:50:10.659+0900][14.172s][info][gc,phases      ] GC(671) Adjust Roots 0.247ms
[2026-03-22T19:50:10.659+0900][14.172s][info][gc,phases,start] GC(671) Compaction Phase
[2026-03-22T19:50:10.665+0900][14.178s][info][gc,phases      ] GC(671) Compaction Phase 5.325ms
[2026-03-22T19:50:10.665+0900][14.178s][info][gc,phases,start] GC(671) Post Compact
[2026-03-22T19:50:10.666+0900][14.179s][info][gc,phases      ] GC(671) Post Compact 1.590ms
[2026-03-22T19:50:10.666+0900][14.179s][info][gc,heap        ] GC(671) PSYoungGen: 163121K(163840K)->0K(163840K) Eden: 152561K(153088K)->0K(153088K) From: 10560K(10752K)->0K(10752K)
[2026-03-22T19:50:10.666+0900][14.179s][info][gc,heap        ] GC(671) ParOldGen: 291999K(349696K)->103430K(349696K)
[2026-03-22T19:50:10.666+0900][14.179s][info][gc,metaspace   ] GC(671) Metaspace: 340K(512K)->340K(512K) NonClass: 322K(384K)->322K(384K) Class: 17K(128K)->17K(128K)
[2026-03-22T19:50:10.666+0900][14.179s][info][gc             ] GC(671) Pause Full (Ergonomics) 444M->101M(501M) 8.846ms
[2026-03-22T19:50:10.666+0900][14.179s][info][gc,cpu         ] GC(671) User=0.00s Sys=0.02s Real=0.01s
[2026-03-22T19:50:10.682+0900][14.195s][info][gc,start       ] GC(672) Pause Young (Allocation Failure)
[2026-03-22T19:50:10.687+0900][14.200s][info][gc,heap        ] GC(672) PSYoungGen: 152561K(163840K)->10560K(163840K) Eden: 152561K(153088K)->0K(153088K) From: 0K(10752K)->10560K(10752K)
[2026-03-22T19:50:10.687+0900][14.200s][info][gc,heap        ] GC(672) ParOldGen: 103430K(349696K)->197639K(349696K)
[2026-03-22T19:50:10.687+0900][14.200s][info][gc,metaspace   ] GC(672) Metaspace: 340K(512K)->340K(512K) NonClass: 322K(384K)->322K(384K) Class: 17K(128K)->17K(128K)
[2026-03-22T19:50:10.687+0900][14.200s][info][gc             ] GC(672) Pause Young (Allocation Failure) 249M->203M(501M) 4.659ms
[2026-03-22T19:50:10.687+0900][14.200s][info][gc,cpu         ] GC(672) User=0.00s Sys=0.00s Real=0.01s
[2026-03-22T19:50:10.702+0900][14.215s][info][gc,start       ] GC(673) Pause Young (Allocation Failure)
[2026-03-22T19:50:10.706+0900][14.220s][info][gc,heap        ] GC(673) PSYoungGen: 163121K(163840K)->10528K(163840K) Eden: 152561K(153088K)->0K(153088K) From: 10560K(10752K)->10528K(10752K)
[2026-03-22T19:50:10.706+0900][14.220s][info][gc,heap        ] GC(673) ParOldGen: 197639K(349696K)->289951K(349696K)
[2026-03-22T19:50:10.706+0900][14.220s][info][gc,metaspace   ] GC(673) Metaspace: 340K(512K)->340K(512K) NonClass: 322K(384K)->322K(384K) Class: 17K(128K)->17K(128K)
[2026-03-22T19:50:10.706+0900][14.220s][info][gc             ] GC(673) Pause Young (Allocation Failure) 352M->293M(501M) 4.831ms
[2026-03-22T19:50:10.706+0900][14.220s][info][gc,cpu         ] GC(673) User=0.00s Sys=0.00s Real=0.00s
[2026-03-22T19:50:10.722+0900][14.234s][info][gc,start       ] GC(674) Pause Full (Ergonomics)
[2026-03-22T19:50:10.722+0900][14.234s][info][gc,phases,start] GC(674) Marking Phase
[2026-03-22T19:50:10.723+0900][14.236s][info][gc,phases      ] GC(674) Marking Phase 1.254ms
[2026-03-22T19:50:10.723+0900][14.236s][info][gc,phases,start] GC(674) Summary Phase
[2026-03-22T19:50:10.723+0900][14.236s][info][gc,phases      ] GC(674) Summary Phase 0.024ms
[2026-03-22T19:50:10.723+0900][14.236s][info][gc,phases,start] GC(674) Adjust Roots
[2026-03-22T19:50:10.723+0900][14.236s][info][gc,phases      ] GC(674) Adjust Roots 0.299ms
[2026-03-22T19:50:10.723+0900][14.236s][info][gc,phases,start] GC(674) Compaction Phase
[2026-03-22T19:50:10.729+0900][14.241s][info][gc,phases      ] GC(674) Compaction Phase 5.145ms
[2026-03-22T19:50:10.729+0900][14.241s][info][gc,phases,start] GC(674) Post Compact
[2026-03-22T19:50:10.731+0900][14.243s][info][gc,phases      ] GC(674) Post Compact 1.981ms
[2026-03-22T19:50:10.731+0900][14.243s][info][gc,heap        ] GC(674) PSYoungGen: 163089K(163840K)->0K(163840K) Eden: 152561K(153088K)->0K(153088K) From: 10528K(10752K)->0K(10752K)
[2026-03-22T19:50:10.731+0900][14.243s][info][gc,heap        ] GC(674) ParOldGen: 289951K(349696K)->103430K(349696K)
[2026-03-22T19:50:10.731+0900][14.243s][info][gc,metaspace   ] GC(674) Metaspace: 340K(512K)->340K(512K) NonClass: 322K(384K)->322K(384K) Class: 17K(128K)->17K(128K)
[2026-03-22T19:50:10.731+0900][14.243s][info][gc             ] GC(674) Pause Full (Ergonomics) 442M->101M(501M) 9.127ms
[2026-03-22T19:50:10.731+0900][14.243s][info][gc,cpu         ] GC(674) User=0.00s Sys=0.00s Real=0.01s
[2026-03-22T19:50:10.748+0900][14.261s][info][gc,start       ] GC(675) Pause Young (Allocation Failure)
[2026-03-22T19:50:10.752+0900][14.265s][info][gc,heap        ] GC(675) PSYoungGen: 152561K(163840K)->10528K(163840K) Eden: 152561K(153088K)->0K(153088K) From: 0K(10752K)->10528K(10752K)
[2026-03-22T19:50:10.752+0900][14.265s][info][gc,heap        ] GC(675) ParOldGen: 103430K(349696K)->197639K(349696K)
[2026-03-22T19:50:10.752+0900][14.265s][info][gc,metaspace   ] GC(675) Metaspace: 340K(512K)->340K(512K) NonClass: 322K(384K)->322K(384K) Class: 17K(128K)->17K(128K)
[2026-03-22T19:50:10.752+0900][14.265s][info][gc             ] GC(675) Pause Young (Allocation Failure) 249M->203M(501M) 4.298ms
[2026-03-22T19:50:10.752+0900][14.265s][info][gc,cpu         ] GC(675) User=0.00s Sys=0.00s Real=0.00s
[2026-03-22T19:50:10.768+0900][14.281s][info][gc,start       ] GC(676) Pause Young (Allocation Failure)
[2026-03-22T19:50:10.772+0900][14.286s][info][gc,heap        ] GC(676) PSYoungGen: 163089K(163840K)->10528K(163840K) Eden: 152561K(153088K)->0K(153088K) From: 10528K(10752K)->10528K(10752K)
[2026-03-22T19:50:10.772+0900][14.286s][info][gc,heap        ] GC(676) ParOldGen: 197639K(349696K)->291999K(349696K)
[2026-03-22T19:50:10.772+0900][14.286s][info][gc,metaspace   ] GC(676) Metaspace: 340K(512K)->340K(512K) NonClass: 322K(384K)->322K(384K) Class: 17K(128K)->17K(128K)
[2026-03-22T19:50:10.772+0900][14.286s][info][gc             ] GC(676) Pause Young (Allocation Failure) 352M->295M(501M) 4.550ms
[2026-03-22T19:50:10.772+0900][14.286s][info][gc,cpu         ] GC(676) User=0.00s Sys=0.00s Real=0.00s
[2026-03-22T19:50:10.788+0900][14.301s][info][gc,start       ] GC(677) Pause Full (Ergonomics)
[2026-03-22T19:50:10.788+0900][14.301s][info][gc,phases,start] GC(677) Marking Phase
[2026-03-22T19:50:10.790+0900][14.303s][info][gc,phases      ] GC(677) Marking Phase 1.400ms
[2026-03-22T19:50:10.790+0900][14.303s][info][gc,phases,start] GC(677) Summary Phase
[2026-03-22T19:50:10.790+0900][14.303s][info][gc,phases      ] GC(677) Summary Phase 0.037ms
[2026-03-22T19:50:10.790+0900][14.303s][info][gc,phases,start] GC(677) Adjust Roots
[2026-03-22T19:50:10.790+0900][14.303s][info][gc,phases      ] GC(677) Adjust Roots 0.265ms
[2026-03-22T19:50:10.790+0900][14.303s][info][gc,phases,start] GC(677) Compaction Phase
[2026-03-22T19:50:10.795+0900][14.308s][info][gc,phases      ] GC(677) Compaction Phase 5.024ms
[2026-03-22T19:50:10.795+0900][14.308s][info][gc,phases,start] GC(677) Post Compact
[2026-03-22T19:50:10.797+0900][14.310s][info][gc,phases      ] GC(677) Post Compact 1.681ms
[2026-03-22T19:50:10.797+0900][14.310s][info][gc,heap        ] GC(677) PSYoungGen: 163089K(163840K)->0K(163840K) Eden: 152561K(153088K)->0K(153088K) From: 10528K(10752K)->0K(10752K)
[2026-03-22T19:50:10.797+0900][14.310s][info][gc,heap        ] GC(677) ParOldGen: 291999K(349696K)->103430K(349696K)
[2026-03-22T19:50:10.797+0900][14.310s][info][gc,metaspace   ] GC(677) Metaspace: 340K(512K)->340K(512K) NonClass: 322K(384K)->322K(384K) Class: 17K(128K)->17K(128K)
[2026-03-22T19:50:10.797+0900][14.310s][info][gc             ] GC(677) Pause Full (Ergonomics) 444M->101M(501M) 8.844ms
[2026-03-22T19:50:10.797+0900][14.310s][info][gc,cpu         ] GC(677) User=0.09s Sys=0.00s Real=0.01s
[2026-03-22T19:50:10.812+0900][14.325s][info][gc,start       ] GC(678) Pause Young (Allocation Failure)
[2026-03-22T19:50:10.816+0900][14.329s][info][gc,heap        ] GC(678) PSYoungGen: 152561K(163840K)->10560K(163840K) Eden: 152561K(153088K)->0K(153088K) From: 0K(10752K)->10560K(10752K)
[2026-03-22T19:50:10.816+0900][14.329s][info][gc,heap        ] GC(678) ParOldGen: 103430K(349696K)->197639K(349696K)
[2026-03-22T19:50:10.816+0900][14.329s][info][gc,metaspace   ] GC(678) Metaspace: 340K(512K)->340K(512K) NonClass: 322K(384K)->322K(384K) Class: 17K(128K)->17K(128K)
[2026-03-22T19:50:10.816+0900][14.329s][info][gc             ] GC(678) Pause Young (Allocation Failure) 249M->203M(501M) 4.435ms
[2026-03-22T19:50:10.816+0900][14.329s][info][gc,cpu         ] GC(678) User=0.00s Sys=0.00s Real=0.00s
[2026-03-22T19:50:10.831+0900][14.344s][info][gc,start       ] GC(679) Pause Young (Allocation Failure)
[2026-03-22T19:50:10.836+0900][14.350s][info][gc,heap        ] GC(679) PSYoungGen: 163121K(163840K)->10528K(163840K) Eden: 152561K(153088K)->0K(153088K) From: 10560K(10752K)->10528K(10752K)
[2026-03-22T19:50:10.837+0900][14.350s][info][gc,heap        ] GC(679) ParOldGen: 197639K(349696K)->291999K(349696K)
[2026-03-22T19:50:10.837+0900][14.350s][info][gc,metaspace   ] GC(679) Metaspace: 340K(512K)->340K(512K) NonClass: 322K(384K)->322K(384K) Class: 17K(128K)->17K(128K)
[2026-03-22T19:50:10.837+0900][14.350s][info][gc             ] GC(679) Pause Young (Allocation Failure) 352M->295M(501M) 5.634ms
[2026-03-22T19:50:10.837+0900][14.350s][info][gc,cpu         ] GC(679) User=0.00s Sys=0.00s Real=0.01s
[2026-03-22T19:50:10.851+0900][14.365s][info][gc,start       ] GC(680) Pause Full (Ergonomics)
[2026-03-22T19:50:10.851+0900][14.365s][info][gc,phases,start] GC(680) Marking Phase
[2026-03-22T19:50:10.853+0900][14.366s][info][gc,phases      ] GC(680) Marking Phase 1.607ms
[2026-03-22T19:50:10.853+0900][14.366s][info][gc,phases,start] GC(680) Summary Phase
[2026-03-22T19:50:10.853+0900][14.367s][info][gc,phases      ] GC(680) Summary Phase 0.031ms
[2026-03-22T19:50:10.853+0900][14.367s][info][gc,phases,start] GC(680) Adjust Roots
[2026-03-22T19:50:10.853+0900][14.367s][info][gc,phases      ] GC(680) Adjust Roots 0.225ms
[2026-03-22T19:50:10.854+0900][14.367s][info][gc,phases,start] GC(680) Compaction Phase
[2026-03-22T19:50:10.859+0900][14.372s][info][gc,phases      ] GC(680) Compaction Phase 5.229ms
[2026-03-22T19:50:10.859+0900][14.372s][info][gc,phases,start] GC(680) Post Compact
[2026-03-22T19:50:10.861+0900][14.374s][info][gc,phases      ] GC(680) Post Compact 1.813ms
[2026-03-22T19:50:10.861+0900][14.374s][info][gc,heap        ] GC(680) PSYoungGen: 163089K(163840K)->0K(163840K) Eden: 152561K(153088K)->0K(153088K) From: 10528K(10752K)->0K(10752K)
[2026-03-22T19:50:10.861+0900][14.374s][info][gc,heap        ] GC(680) ParOldGen: 291999K(349696K)->103430K(349696K)
[2026-03-22T19:50:10.861+0900][14.374s][info][gc,metaspace   ] GC(680) Metaspace: 340K(512K)->340K(512K) NonClass: 322K(384K)->322K(384K) Class: 17K(128K)->17K(128K)
[2026-03-22T19:50:10.861+0900][14.374s][info][gc             ] GC(680) Pause Full (Ergonomics) 444M->101M(501M) 9.304ms
[2026-03-22T19:50:10.861+0900][14.374s][info][gc,cpu         ] GC(680) User=0.00s Sys=0.00s Real=0.01s
[2026-03-22T19:50:10.877+0900][14.390s][info][gc,start       ] GC(681) Pause Young (Allocation Failure)
[2026-03-22T19:50:10.881+0900][14.394s][info][gc,heap        ] GC(681) PSYoungGen: 152561K(163840K)->10560K(163840K) Eden: 152561K(153088K)->0K(153088K) From: 0K(10752K)->10560K(10752K)
[2026-03-22T19:50:10.881+0900][14.394s][info][gc,heap        ] GC(681) ParOldGen: 103430K(349696K)->197639K(349696K)
[2026-03-22T19:50:10.881+0900][14.394s][info][gc,metaspace   ] GC(681) Metaspace: 340K(512K)->340K(512K) NonClass: 322K(384K)->322K(384K) Class: 17K(128K)->17K(128K)
[2026-03-22T19:50:10.882+0900][14.394s][info][gc             ] GC(681) Pause Young (Allocation Failure) 249M->203M(501M) 4.858ms
[2026-03-22T19:50:10.882+0900][14.395s][info][gc,cpu         ] GC(681) User=0.00s Sys=0.00s Real=0.00s
[2026-03-22T19:50:10.900+0900][14.413s][info][gc,start       ] GC(682) Pause Young (Allocation Failure)
[2026-03-22T19:50:10.904+0900][14.417s][info][gc,heap        ] GC(682) PSYoungGen: 163121K(163840K)->10528K(163840K) Eden: 152561K(153088K)->0K(153088K) From: 10560K(10752K)->10528K(10752K)
[2026-03-22T19:50:10.904+0900][14.417s][info][gc,heap        ] GC(682) ParOldGen: 197639K(349696K)->291999K(349696K)
[2026-03-22T19:50:10.904+0900][14.417s][info][gc,metaspace   ] GC(682) Metaspace: 340K(512K)->340K(512K) NonClass: 322K(384K)->322K(384K) Class: 17K(128K)->17K(128K)
[2026-03-22T19:50:10.904+0900][14.417s][info][gc             ] GC(682) Pause Young (Allocation Failure) 352M->295M(501M) 4.611ms
[2026-03-22T19:50:10.905+0900][14.417s][info][gc,cpu         ] GC(682) User=0.00s Sys=0.02s Real=0.00s
[2026-03-22T19:50:10.919+0900][14.432s][info][gc,start       ] GC(683) Pause Full (Ergonomics)
[2026-03-22T19:50:10.919+0900][14.432s][info][gc,phases,start] GC(683) Marking Phase
[2026-03-22T19:50:10.921+0900][14.434s][info][gc,phases      ] GC(683) Marking Phase 1.521ms
[2026-03-22T19:50:10.921+0900][14.434s][info][gc,phases,start] GC(683) Summary Phase
[2026-03-22T19:50:10.921+0900][14.434s][info][gc,phases      ] GC(683) Summary Phase 0.024ms
[2026-03-22T19:50:10.921+0900][14.434s][info][gc,phases,start] GC(683) Adjust Roots
[2026-03-22T19:50:10.921+0900][14.434s][info][gc,phases      ] GC(683) Adjust Roots 0.236ms
[2026-03-22T19:50:10.921+0900][14.434s][info][gc,phases,start] GC(683) Compaction Phase
[2026-03-22T19:50:10.927+0900][14.440s][info][gc,phases      ] GC(683) Compaction Phase 5.408ms
[2026-03-22T19:50:10.927+0900][14.440s][info][gc,phases,start] GC(683) Post Compact
[2026-03-22T19:50:10.928+0900][14.442s][info][gc,phases      ] GC(683) Post Compact 1.813ms
[2026-03-22T19:50:10.928+0900][14.442s][info][gc,heap        ] GC(683) PSYoungGen: 163089K(163840K)->0K(163840K) Eden: 152561K(153088K)->0K(153088K) From: 10528K(10752K)->0K(10752K)
[2026-03-22T19:50:10.929+0900][14.442s][info][gc,heap        ] GC(683) ParOldGen: 291999K(349696K)->103430K(349696K)
[2026-03-22T19:50:10.929+0900][14.442s][info][gc,metaspace   ] GC(683) Metaspace: 340K(512K)->340K(512K) NonClass: 322K(384K)->322K(384K) Class: 17K(128K)->17K(128K)
[2026-03-22T19:50:10.929+0900][14.442s][info][gc             ] GC(683) Pause Full (Ergonomics) 444M->101M(501M) 9.405ms
[2026-03-22T19:50:10.929+0900][14.442s][info][gc,cpu         ] GC(683) User=0.00s Sys=0.00s Real=0.01s
[2026-03-22T19:50:10.946+0900][14.458s][info][gc,start       ] GC(684) Pause Young (Allocation Failure)
[2026-03-22T19:50:10.950+0900][14.462s][info][gc,heap        ] GC(684) PSYoungGen: 152561K(163840K)->10560K(163840K) Eden: 152561K(153088K)->0K(153088K) From: 0K(10752K)->10560K(10752K)
[2026-03-22T19:50:10.950+0900][14.463s][info][gc,heap        ] GC(684) ParOldGen: 103430K(349696K)->197639K(349696K)
[2026-03-22T19:50:10.950+0900][14.463s][info][gc,metaspace   ] GC(684) Metaspace: 340K(512K)->340K(512K) NonClass: 322K(384K)->322K(384K) Class: 17K(128K)->17K(128K)
[2026-03-22T19:50:10.950+0900][14.463s][info][gc             ] GC(684) Pause Young (Allocation Failure) 249M->203M(501M) 4.391ms
[2026-03-22T19:50:10.950+0900][14.463s][info][gc,cpu         ] GC(684) User=0.09s Sys=0.00s Real=0.00s
[2026-03-22T19:50:10.965+0900][14.477s][info][gc,start       ] GC(685) Pause Young (Allocation Failure)
[2026-03-22T19:50:10.969+0900][14.482s][info][gc,heap        ] GC(685) PSYoungGen: 163121K(163840K)->10560K(163840K) Eden: 152561K(153088K)->0K(153088K) From: 10560K(10752K)->10560K(10752K)
[2026-03-22T19:50:10.969+0900][14.482s][info][gc,heap        ] GC(685) ParOldGen: 197639K(349696K)->291999K(349696K)
[2026-03-22T19:50:10.969+0900][14.482s][info][gc,metaspace   ] GC(685) Metaspace: 340K(512K)->340K(512K) NonClass: 322K(384K)->322K(384K) Class: 17K(128K)->17K(128K)
[2026-03-22T19:50:10.969+0900][14.482s][info][gc             ] GC(685) Pause Young (Allocation Failure) 352M->295M(501M) 4.622ms
[2026-03-22T19:50:10.969+0900][14.482s][info][gc,cpu         ] GC(685) User=0.00s Sys=0.00s Real=0.00s
[2026-03-22T19:50:10.985+0900][14.497s][info][gc,start       ] GC(686) Pause Full (Ergonomics)
[2026-03-22T19:50:10.985+0900][14.497s][info][gc,phases,start] GC(686) Marking Phase
[2026-03-22T19:50:10.986+0900][14.499s][info][gc,phases      ] GC(686) Marking Phase 1.456ms
[2026-03-22T19:50:10.986+0900][14.499s][info][gc,phases,start] GC(686) Summary Phase
[2026-03-22T19:50:10.986+0900][14.499s][info][gc,phases      ] GC(686) Summary Phase 0.026ms
[2026-03-22T19:50:10.986+0900][14.499s][info][gc,phases,start] GC(686) Adjust Roots
[2026-03-22T19:50:10.987+0900][14.499s][info][gc,phases      ] GC(686) Adjust Roots 0.387ms
[2026-03-22T19:50:10.987+0900][14.499s][info][gc,phases,start] GC(686) Compaction Phase
[2026-03-22T19:50:10.992+0900][14.505s][info][gc,phases      ] GC(686) Compaction Phase 5.483ms
[2026-03-22T19:50:10.992+0900][14.505s][info][gc,phases,start] GC(686) Post Compact
[2026-03-22T19:50:10.994+0900][14.507s][info][gc,phases      ] GC(686) Post Compact 1.872ms
[2026-03-22T19:50:10.994+0900][14.507s][info][gc,heap        ] GC(686) PSYoungGen: 163121K(163840K)->0K(163840K) Eden: 152561K(153088K)->0K(153088K) From: 10560K(10752K)->0K(10752K)
[2026-03-22T19:50:10.994+0900][14.507s][info][gc,heap        ] GC(686) ParOldGen: 291999K(349696K)->103430K(349696K)
[2026-03-22T19:50:10.994+0900][14.507s][info][gc,metaspace   ] GC(686) Metaspace: 340K(512K)->340K(512K) NonClass: 322K(384K)->322K(384K) Class: 17K(128K)->17K(128K)
[2026-03-22T19:50:10.994+0900][14.507s][info][gc             ] GC(686) Pause Full (Ergonomics) 444M->101M(501M) 9.636ms
[2026-03-22T19:50:10.994+0900][14.507s][info][gc,cpu         ] GC(686) User=0.00s Sys=0.00s Real=0.01s
[2026-03-22T19:50:11.009+0900][14.522s][info][gc,start       ] GC(687) Pause Young (Allocation Failure)
[2026-03-22T19:50:11.014+0900][14.527s][info][gc,heap        ] GC(687) PSYoungGen: 152561K(163840K)->10528K(163840K) Eden: 152561K(153088K)->0K(153088K) From: 0K(10752K)->10528K(10752K)
[2026-03-22T19:50:11.014+0900][14.527s][info][gc,heap        ] GC(687) ParOldGen: 103430K(349696K)->197639K(349696K)
[2026-03-22T19:50:11.014+0900][14.527s][info][gc,metaspace   ] GC(687) Metaspace: 340K(512K)->340K(512K) NonClass: 322K(384K)->322K(384K) Class: 17K(128K)->17K(128K)
[2026-03-22T19:50:11.014+0900][14.527s][info][gc             ] GC(687) Pause Young (Allocation Failure) 249M->203M(501M) 4.605ms
[2026-03-22T19:50:11.014+0900][14.527s][info][gc,cpu         ] GC(687) User=0.00s Sys=0.02s Real=0.00s
[2026-03-22T19:50:11.030+0900][14.543s][info][gc,start       ] GC(688) Pause Young (Allocation Failure)
[2026-03-22T19:50:11.034+0900][14.547s][info][gc,heap        ] GC(688) PSYoungGen: 163089K(163840K)->10560K(163840K) Eden: 152561K(153088K)->0K(153088K) From: 10528K(10752K)->10560K(10752K)
[2026-03-22T19:50:11.034+0900][14.547s][info][gc,heap        ] GC(688) ParOldGen: 197639K(349696K)->291999K(349696K)
[2026-03-22T19:50:11.034+0900][14.547s][info][gc,metaspace   ] GC(688) Metaspace: 340K(512K)->340K(512K) NonClass: 322K(384K)->322K(384K) Class: 17K(128K)->17K(128K)
[2026-03-22T19:50:11.034+0900][14.547s][info][gc             ] GC(688) Pause Young (Allocation Failure) 352M->295M(501M) 4.719ms
[2026-03-22T19:50:11.035+0900][14.548s][info][gc,cpu         ] GC(688) User=0.00s Sys=0.00s Real=0.01s
[2026-03-22T19:50:11.049+0900][14.562s][info][gc,start       ] GC(689) Pause Full (Ergonomics)
[2026-03-22T19:50:11.049+0900][14.562s][info][gc,phases,start] GC(689) Marking Phase
[2026-03-22T19:50:11.051+0900][14.564s][info][gc,phases      ] GC(689) Marking Phase 1.590ms
[2026-03-22T19:50:11.051+0900][14.564s][info][gc,phases,start] GC(689) Summary Phase
[2026-03-22T19:50:11.051+0900][14.564s][info][gc,phases      ] GC(689) Summary Phase 0.036ms
[2026-03-22T19:50:11.051+0900][14.564s][info][gc,phases,start] GC(689) Adjust Roots
[2026-03-22T19:50:11.051+0900][14.564s][info][gc,phases      ] GC(689) Adjust Roots 0.340ms
[2026-03-22T19:50:11.051+0900][14.564s][info][gc,phases,start] GC(689) Compaction Phase
[2026-03-22T19:50:11.057+0900][14.570s][info][gc,phases      ] GC(689) Compaction Phase 5.190ms
[2026-03-22T19:50:11.057+0900][14.570s][info][gc,phases,start] GC(689) Post Compact
[2026-03-22T19:50:11.059+0900][14.572s][info][gc,phases      ] GC(689) Post Compact 1.814ms
[2026-03-22T19:50:11.059+0900][14.572s][info][gc,heap        ] GC(689) PSYoungGen: 163121K(163840K)->0K(163840K) Eden: 152561K(153088K)->0K(153088K) From: 10560K(10752K)->0K(10752K)
[2026-03-22T19:50:11.059+0900][14.572s][info][gc,heap        ] GC(689) ParOldGen: 291999K(349696K)->103430K(349696K)
[2026-03-22T19:50:11.059+0900][14.572s][info][gc,metaspace   ] GC(689) Metaspace: 340K(512K)->340K(512K) NonClass: 322K(384K)->322K(384K) Class: 17K(128K)->17K(128K)
[2026-03-22T19:50:11.059+0900][14.572s][info][gc             ] GC(689) Pause Full (Ergonomics) 444M->101M(501M) 9.408ms
[2026-03-22T19:50:11.059+0900][14.572s][info][gc,cpu         ] GC(689) User=0.09s Sys=0.00s Real=0.01s
[2026-03-22T19:50:11.076+0900][14.589s][info][gc,start       ] GC(690) Pause Young (Allocation Failure)
[2026-03-22T19:50:11.081+0900][14.593s][info][gc,heap        ] GC(690) PSYoungGen: 152561K(163840K)->10528K(163840K) Eden: 152561K(153088K)->0K(153088K) From: 0K(10752K)->10528K(10752K)
[2026-03-22T19:50:11.081+0900][14.594s][info][gc,heap        ] GC(690) ParOldGen: 103430K(349696K)->197639K(349696K)
[2026-03-22T19:50:11.081+0900][14.594s][info][gc,metaspace   ] GC(690) Metaspace: 340K(512K)->340K(512K) NonClass: 322K(384K)->322K(384K) Class: 17K(128K)->17K(128K)
[2026-03-22T19:50:11.081+0900][14.594s][info][gc             ] GC(690) Pause Young (Allocation Failure) 249M->203M(501M) 4.684ms
[2026-03-22T19:50:11.081+0900][14.594s][info][gc,cpu         ] GC(690) User=0.00s Sys=0.00s Real=0.01s
[2026-03-22T19:50:11.096+0900][14.609s][info][gc,start       ] GC(691) Pause Young (Allocation Failure)
[2026-03-22T19:50:11.101+0900][14.613s][info][gc,heap        ] GC(691) PSYoungGen: 163089K(163840K)->10560K(163840K) Eden: 152561K(153088K)->0K(153088K) From: 10528K(10752K)->10560K(10752K)
[2026-03-22T19:50:11.101+0900][14.613s][info][gc,heap        ] GC(691) ParOldGen: 197639K(349696K)->291999K(349696K)
[2026-03-22T19:50:11.101+0900][14.614s][info][gc,metaspace   ] GC(691) Metaspace: 340K(512K)->340K(512K) NonClass: 322K(384K)->322K(384K) Class: 17K(128K)->17K(128K)
[2026-03-22T19:50:11.101+0900][14.614s][info][gc             ] GC(691) Pause Young (Allocation Failure) 352M->295M(501M) 4.693ms
[2026-03-22T19:50:11.101+0900][14.614s][info][gc,cpu         ] GC(691) User=0.00s Sys=0.00s Real=0.01s
[2026-03-22T19:50:11.117+0900][14.630s][info][gc,start       ] GC(692) Pause Full (Ergonomics)
[2026-03-22T19:50:11.117+0900][14.630s][info][gc,phases,start] GC(692) Marking Phase
[2026-03-22T19:50:11.118+0900][14.631s][info][gc,phases      ] GC(692) Marking Phase 1.422ms
[2026-03-22T19:50:11.118+0900][14.631s][info][gc,phases,start] GC(692) Summary Phase
[2026-03-22T19:50:11.118+0900][14.631s][info][gc,phases      ] GC(692) Summary Phase 0.022ms
[2026-03-22T19:50:11.118+0900][14.631s][info][gc,phases,start] GC(692) Adjust Roots
[2026-03-22T19:50:11.118+0900][14.632s][info][gc,phases      ] GC(692) Adjust Roots 0.223ms
[2026-03-22T19:50:11.119+0900][14.632s][info][gc,phases,start] GC(692) Compaction Phase
[2026-03-22T19:50:11.125+0900][14.637s][info][gc,phases      ] GC(692) Compaction Phase 5.710ms
[2026-03-22T19:50:11.125+0900][14.637s][info][gc,phases,start] GC(692) Post Compact
[2026-03-22T19:50:11.126+0900][14.639s][info][gc,phases      ] GC(692) Post Compact 1.429ms
[2026-03-22T19:50:11.126+0900][14.639s][info][gc,heap        ] GC(692) PSYoungGen: 163121K(163840K)->0K(163840K) Eden: 152561K(153088K)->0K(153088K) From: 10560K(10752K)->0K(10752K)
[2026-03-22T19:50:11.126+0900][14.639s][info][gc,heap        ] GC(692) ParOldGen: 291999K(349696K)->103430K(349696K)
[2026-03-22T19:50:11.126+0900][14.639s][info][gc,metaspace   ] GC(692) Metaspace: 340K(512K)->340K(512K) NonClass: 322K(384K)->322K(384K) Class: 17K(128K)->17K(128K)
[2026-03-22T19:50:11.126+0900][14.639s][info][gc             ] GC(692) Pause Full (Ergonomics) 444M->101M(501M) 9.203ms
[2026-03-22T19:50:11.126+0900][14.639s][info][gc,cpu         ] GC(692) User=0.02s Sys=0.00s Real=0.01s
[2026-03-22T19:50:11.143+0900][14.656s][info][gc,start       ] GC(693) Pause Young (Allocation Failure)
[2026-03-22T19:50:11.147+0900][14.660s][info][gc,heap        ] GC(693) PSYoungGen: 152561K(163840K)->10528K(163840K) Eden: 152561K(153088K)->0K(153088K) From: 0K(10752K)->10528K(10752K)
[2026-03-22T19:50:11.147+0900][14.660s][info][gc,heap        ] GC(693) ParOldGen: 103430K(349696K)->197639K(349696K)
[2026-03-22T19:50:11.147+0900][14.660s][info][gc,metaspace   ] GC(693) Metaspace: 340K(512K)->340K(512K) NonClass: 322K(384K)->322K(384K) Class: 17K(128K)->17K(128K)
[2026-03-22T19:50:11.147+0900][14.660s][info][gc             ] GC(693) Pause Young (Allocation Failure) 249M->203M(501M) 4.326ms
[2026-03-22T19:50:11.147+0900][14.660s][info][gc,cpu         ] GC(693) User=0.00s Sys=0.00s Real=0.00s
[2026-03-22T19:50:11.162+0900][14.675s][info][gc,start       ] GC(694) Pause Young (Allocation Failure)
[2026-03-22T19:50:11.167+0900][14.680s][info][gc,heap        ] GC(694) PSYoungGen: 163089K(163840K)->10528K(163840K) Eden: 152561K(153088K)->0K(153088K) From: 10528K(10752K)->10528K(10752K)
[2026-03-22T19:50:11.167+0900][14.680s][info][gc,heap        ] GC(694) ParOldGen: 197639K(349696K)->291999K(349696K)
[2026-03-22T19:50:11.167+0900][14.680s][info][gc,metaspace   ] GC(694) Metaspace: 340K(512K)->340K(512K) NonClass: 322K(384K)->322K(384K) Class: 17K(128K)->17K(128K)
[2026-03-22T19:50:11.167+0900][14.680s][info][gc             ] GC(694) Pause Young (Allocation Failure) 352M->295M(501M) 4.578ms
[2026-03-22T19:50:11.167+0900][14.680s][info][gc,cpu         ] GC(694) User=0.09s Sys=0.00s Real=0.01s
[2026-03-22T19:50:11.183+0900][14.696s][info][gc,start       ] GC(695) Pause Full (Ergonomics)
[2026-03-22T19:50:11.183+0900][14.696s][info][gc,phases,start] GC(695) Marking Phase
[2026-03-22T19:50:11.185+0900][14.697s][info][gc,phases      ] GC(695) Marking Phase 1.386ms
[2026-03-22T19:50:11.185+0900][14.698s][info][gc,phases,start] GC(695) Summary Phase
[2026-03-22T19:50:11.185+0900][14.698s][info][gc,phases      ] GC(695) Summary Phase 0.017ms
[2026-03-22T19:50:11.185+0900][14.698s][info][gc,phases,start] GC(695) Adjust Roots
[2026-03-22T19:50:11.185+0900][14.698s][info][gc,phases      ] GC(695) Adjust Roots 0.191ms
[2026-03-22T19:50:11.185+0900][14.698s][info][gc,phases,start] GC(695) Compaction Phase
[2026-03-22T19:50:11.191+0900][14.704s][info][gc,phases      ] GC(695) Compaction Phase 6.107ms
[2026-03-22T19:50:11.191+0900][14.704s][info][gc,phases,start] GC(695) Post Compact
[2026-03-22T19:50:11.193+0900][14.706s][info][gc,phases      ] GC(695) Post Compact 1.669ms
[2026-03-22T19:50:11.193+0900][14.706s][info][gc,heap        ] GC(695) PSYoungGen: 163089K(163840K)->0K(163840K) Eden: 152561K(153088K)->0K(153088K) From: 10528K(10752K)->0K(10752K)
[2026-03-22T19:50:11.193+0900][14.706s][info][gc,heap        ] GC(695) ParOldGen: 291999K(349696K)->103430K(349696K)
[2026-03-22T19:50:11.193+0900][14.706s][info][gc,metaspace   ] GC(695) Metaspace: 340K(512K)->340K(512K) NonClass: 322K(384K)->322K(384K) Class: 17K(128K)->17K(128K)
[2026-03-22T19:50:11.193+0900][14.706s][info][gc             ] GC(695) Pause Full (Ergonomics) 444M->101M(501M) 9.714ms
[2026-03-22T19:50:11.193+0900][14.706s][info][gc,cpu         ] GC(695) User=0.00s Sys=0.00s Real=0.01s
[2026-03-22T19:50:11.209+0900][14.722s][info][gc,start       ] GC(696) Pause Young (Allocation Failure)
[2026-03-22T19:50:11.214+0900][14.726s][info][gc,heap        ] GC(696) PSYoungGen: 152561K(163840K)->10528K(163840K) Eden: 152561K(153088K)->0K(153088K) From: 0K(10752K)->10528K(10752K)
[2026-03-22T19:50:11.214+0900][14.726s][info][gc,heap        ] GC(696) ParOldGen: 103430K(349696K)->197639K(349696K)
[2026-03-22T19:50:11.214+0900][14.726s][info][gc,metaspace   ] GC(696) Metaspace: 340K(512K)->340K(512K) NonClass: 322K(384K)->322K(384K) Class: 17K(128K)->17K(128K)
[2026-03-22T19:50:11.214+0900][14.727s][info][gc             ] GC(696) Pause Young (Allocation Failure) 249M->203M(501M) 4.469ms
[2026-03-22T19:50:11.214+0900][14.727s][info][gc,cpu         ] GC(696) User=0.09s Sys=0.00s Real=0.00s
[2026-03-22T19:50:11.229+0900][14.742s][info][gc,start       ] GC(697) Pause Young (Allocation Failure)
[2026-03-22T19:50:11.234+0900][14.746s][info][gc,heap        ] GC(697) PSYoungGen: 163089K(163840K)->10560K(163840K) Eden: 152561K(153088K)->0K(153088K) From: 10528K(10752K)->10560K(10752K)
[2026-03-22T19:50:11.234+0900][14.746s][info][gc,heap        ] GC(697) ParOldGen: 197639K(349696K)->291999K(349696K)
[2026-03-22T19:50:11.234+0900][14.746s][info][gc,metaspace   ] GC(697) Metaspace: 340K(512K)->340K(512K) NonClass: 322K(384K)->322K(384K) Class: 17K(128K)->17K(128K)
[2026-03-22T19:50:11.234+0900][14.746s][info][gc             ] GC(697) Pause Young (Allocation Failure) 352M->295M(501M) 4.472ms
[2026-03-22T19:50:11.234+0900][14.746s][info][gc,cpu         ] GC(697) User=0.00s Sys=0.00s Real=0.00s
[2026-03-22T19:50:11.248+0900][14.761s][info][gc,start       ] GC(698) Pause Full (Ergonomics)
[2026-03-22T19:50:11.248+0900][14.761s][info][gc,phases,start] GC(698) Marking Phase
[2026-03-22T19:50:11.249+0900][14.762s][info][gc,phases      ] GC(698) Marking Phase 1.501ms
[2026-03-22T19:50:11.249+0900][14.762s][info][gc,phases,start] GC(698) Summary Phase
[2026-03-22T19:50:11.249+0900][14.762s][info][gc,phases      ] GC(698) Summary Phase 0.016ms
[2026-03-22T19:50:11.249+0900][14.762s][info][gc,phases,start] GC(698) Adjust Roots
[2026-03-22T19:50:11.249+0900][14.763s][info][gc,phases      ] GC(698) Adjust Roots 0.300ms
[2026-03-22T19:50:11.250+0900][14.763s][info][gc,phases,start] GC(698) Compaction Phase
[2026-03-22T19:50:11.255+0900][14.768s][info][gc,phases      ] GC(698) Compaction Phase 5.672ms
[2026-03-22T19:50:11.255+0900][14.769s][info][gc,phases,start] GC(698) Post Compact
[2026-03-22T19:50:11.257+0900][14.770s][info][gc,phases      ] GC(698) Post Compact 1.676ms
[2026-03-22T19:50:11.257+0900][14.770s][info][gc,heap        ] GC(698) PSYoungGen: 163121K(163840K)->0K(163840K) Eden: 152561K(153088K)->0K(153088K) From: 10560K(10752K)->0K(10752K)
[2026-03-22T19:50:11.257+0900][14.770s][info][gc,heap        ] GC(698) ParOldGen: 291999K(349696K)->103430K(349696K)
[2026-03-22T19:50:11.257+0900][14.770s][info][gc,metaspace   ] GC(698) Metaspace: 340K(512K)->340K(512K) NonClass: 322K(384K)->322K(384K) Class: 17K(128K)->17K(128K)
[2026-03-22T19:50:11.257+0900][14.770s][info][gc             ] GC(698) Pause Full (Ergonomics) 444M->101M(501M) 9.527ms
[2026-03-22T19:50:11.257+0900][14.770s][info][gc,cpu         ] GC(698) User=0.00s Sys=0.00s Real=0.01s
[2026-03-22T19:50:11.272+0900][14.785s][info][gc,start       ] GC(699) Pause Young (Allocation Failure)
[2026-03-22T19:50:11.277+0900][14.789s][info][gc,heap        ] GC(699) PSYoungGen: 152561K(163840K)->10528K(163840K) Eden: 152561K(153088K)->0K(153088K) From: 0K(10752K)->10528K(10752K)
[2026-03-22T19:50:11.277+0900][14.789s][info][gc,heap        ] GC(699) ParOldGen: 103430K(349696K)->197639K(349696K)
[2026-03-22T19:50:11.277+0900][14.789s][info][gc,metaspace   ] GC(699) Metaspace: 340K(512K)->340K(512K) NonClass: 322K(384K)->322K(384K) Class: 17K(128K)->17K(128K)
[2026-03-22T19:50:11.277+0900][14.789s][info][gc             ] GC(699) Pause Young (Allocation Failure) 249M->203M(501M) 4.486ms
[2026-03-22T19:50:11.277+0900][14.789s][info][gc,cpu         ] GC(699) User=0.09s Sys=0.00s Real=0.00s
[2026-03-22T19:50:11.293+0900][14.805s][info][gc,start       ] GC(700) Pause Young (Allocation Failure)
[2026-03-22T19:50:11.297+0900][14.810s][info][gc,heap        ] GC(700) PSYoungGen: 163089K(163840K)->10560K(163840K) Eden: 152561K(153088K)->0K(153088K) From: 10528K(10752K)->10560K(10752K)
[2026-03-22T19:50:11.297+0900][14.810s][info][gc,heap        ] GC(700) ParOldGen: 197639K(349696K)->291999K(349696K)
[2026-03-22T19:50:11.297+0900][14.810s][info][gc,metaspace   ] GC(700) Metaspace: 340K(512K)->340K(512K) NonClass: 322K(384K)->322K(384K) Class: 17K(128K)->17K(128K)
[2026-03-22T19:50:11.297+0900][14.810s][info][gc             ] GC(700) Pause Young (Allocation Failure) 352M->295M(501M) 4.751ms
[2026-03-22T19:50:11.297+0900][14.810s][info][gc,cpu         ] GC(700) User=0.00s Sys=0.00s Real=0.00s
[2026-03-22T19:50:11.312+0900][14.824s][info][gc,start       ] GC(701) Pause Full (Ergonomics)
[2026-03-22T19:50:11.312+0900][14.824s][info][gc,phases,start] GC(701) Marking Phase
[2026-03-22T19:50:11.313+0900][14.826s][info][gc,phases      ] GC(701) Marking Phase 1.457ms
[2026-03-22T19:50:11.313+0900][14.826s][info][gc,phases,start] GC(701) Summary Phase
[2026-03-22T19:50:11.313+0900][14.826s][info][gc,phases      ] GC(701) Summary Phase 0.033ms
[2026-03-22T19:50:11.313+0900][14.826s][info][gc,phases,start] GC(701) Adjust Roots
[2026-03-22T19:50:11.313+0900][14.826s][info][gc,phases      ] GC(701) Adjust Roots 0.256ms
[2026-03-22T19:50:11.313+0900][14.826s][info][gc,phases,start] GC(701) Compaction Phase
[2026-03-22T19:50:11.319+0900][14.832s][info][gc,phases      ] GC(701) Compaction Phase 5.625ms
[2026-03-22T19:50:11.319+0900][14.832s][info][gc,phases,start] GC(701) Post Compact
[2026-03-22T19:50:11.320+0900][14.833s][info][gc,phases      ] GC(701) Post Compact 1.427ms
[2026-03-22T19:50:11.320+0900][14.834s][info][gc,heap        ] GC(701) PSYoungGen: 163121K(163840K)->0K(163840K) Eden: 152561K(153088K)->0K(153088K) From: 10560K(10752K)->0K(10752K)
[2026-03-22T19:50:11.320+0900][14.834s][info][gc,heap        ] GC(701) ParOldGen: 291999K(349696K)->103195K(349696K)
[2026-03-22T19:50:11.320+0900][14.834s][info][gc,metaspace   ] GC(701) Metaspace: 340K(512K)->340K(512K) NonClass: 322K(384K)->322K(384K) Class: 17K(128K)->17K(128K)
[2026-03-22T19:50:11.320+0900][14.834s][info][gc             ] GC(701) Pause Full (Ergonomics) 444M->100M(501M) 9.206ms
[2026-03-22T19:50:11.320+0900][14.834s][info][gc,cpu         ] GC(701) User=0.00s Sys=0.00s Real=0.01s
[2026-03-22T19:50:11.337+0900][14.850s][info][gc,start       ] GC(702) Pause Young (Allocation Failure)
[2026-03-22T19:50:11.341+0900][14.855s][info][gc,heap        ] GC(702) PSYoungGen: 152561K(163840K)->10528K(163840K) Eden: 152561K(153088K)->0K(153088K) From: 0K(10752K)->10528K(10752K)
[2026-03-22T19:50:11.341+0900][14.855s][info][gc,heap        ] GC(702) ParOldGen: 103195K(349696K)->197403K(349696K)
[2026-03-22T19:50:11.341+0900][14.855s][info][gc,metaspace   ] GC(702) Metaspace: 340K(512K)->340K(512K) NonClass: 322K(384K)->322K(384K) Class: 17K(128K)->17K(128K)
[2026-03-22T19:50:11.342+0900][14.855s][info][gc             ] GC(702) Pause Young (Allocation Failure) 249M->203M(501M) 4.586ms
[2026-03-22T19:50:11.342+0900][14.855s][info][gc,cpu         ] GC(702) User=0.02s Sys=0.00s Real=0.01s
[2026-03-22T19:50:11.356+0900][14.869s][info][gc,start       ] GC(703) Pause Young (Allocation Failure)
[2026-03-22T19:50:11.361+0900][14.874s][info][gc,heap        ] GC(703) PSYoungGen: 163089K(163840K)->10528K(163840K) Eden: 152561K(153088K)->0K(153088K) From: 10528K(10752K)->10528K(10752K)
[2026-03-22T19:50:11.361+0900][14.874s][info][gc,heap        ] GC(703) ParOldGen: 197403K(349696K)->291764K(349696K)
[2026-03-22T19:50:11.361+0900][14.874s][info][gc,metaspace   ] GC(703) Metaspace: 340K(512K)->340K(512K) NonClass: 322K(384K)->322K(384K) Class: 17K(128K)->17K(128K)
[2026-03-22T19:50:11.361+0900][14.874s][info][gc             ] GC(703) Pause Young (Allocation Failure) 352M->295M(501M) 4.486ms
[2026-03-22T19:50:11.361+0900][14.874s][info][gc,cpu         ] GC(703) User=0.00s Sys=0.00s Real=0.01s
[2026-03-22T19:50:11.378+0900][14.891s][info][gc,start       ] GC(704) Pause Full (Ergonomics)
[2026-03-22T19:50:11.378+0900][14.891s][info][gc,phases,start] GC(704) Marking Phase
[2026-03-22T19:50:11.379+0900][14.892s][info][gc,phases      ] GC(704) Marking Phase 1.264ms
[2026-03-22T19:50:11.379+0900][14.892s][info][gc,phases,start] GC(704) Summary Phase
[2026-03-22T19:50:11.380+0900][14.892s][info][gc,phases      ] GC(704) Summary Phase 0.024ms
[2026-03-22T19:50:11.380+0900][14.892s][info][gc,phases,start] GC(704) Adjust Roots
[2026-03-22T19:50:11.380+0900][14.893s][info][gc,phases      ] GC(704) Adjust Roots 0.319ms
[2026-03-22T19:50:11.380+0900][14.893s][info][gc,phases,start] GC(704) Compaction Phase
[2026-03-22T19:50:11.387+0900][14.901s][info][gc,phases      ] GC(704) Compaction Phase 7.719ms
[2026-03-22T19:50:11.387+0900][14.901s][info][gc,phases,start] GC(704) Post Compact
[2026-03-22T19:50:11.390+0900][14.902s][info][gc,phases      ] GC(704) Post Compact 1.383ms
[2026-03-22T19:50:11.390+0900][14.902s][info][gc,heap        ] GC(704) PSYoungGen: 163089K(163840K)->0K(163840K) Eden: 152561K(153088K)->0K(153088K) From: 10528K(10752K)->0K(10752K)
[2026-03-22T19:50:11.390+0900][14.902s][info][gc,heap        ] GC(704) ParOldGen: 291764K(349696K)->103430K(349696K)
[2026-03-22T19:50:11.390+0900][14.902s][info][gc,metaspace   ] GC(704) Metaspace: 340K(512K)->340K(512K) NonClass: 322K(384K)->322K(384K) Class: 17K(128K)->17K(128K)
[2026-03-22T19:50:11.390+0900][14.902s][info][gc             ] GC(704) Pause Full (Ergonomics) 444M->101M(501M) 11.045ms
[2026-03-22T19:50:11.390+0900][14.902s][info][gc,cpu         ] GC(704) User=0.08s Sys=0.00s Real=0.01s
[2026-03-22T19:50:11.406+0900][14.919s][info][gc,start       ] GC(705) Pause Young (Allocation Failure)
[2026-03-22T19:50:11.410+0900][14.923s][info][gc,heap        ] GC(705) PSYoungGen: 152561K(163840K)->10528K(163840K) Eden: 152561K(153088K)->0K(153088K) From: 0K(10752K)->10528K(10752K)
[2026-03-22T19:50:11.410+0900][14.923s][info][gc,heap        ] GC(705) ParOldGen: 103430K(349696K)->197639K(349696K)
[2026-03-22T19:50:11.410+0900][14.923s][info][gc,metaspace   ] GC(705) Metaspace: 340K(512K)->340K(512K) NonClass: 322K(384K)->322K(384K) Class: 17K(128K)->17K(128K)
[2026-03-22T19:50:11.410+0900][14.923s][info][gc             ] GC(705) Pause Young (Allocation Failure) 249M->203M(501M) 4.402ms
[2026-03-22T19:50:11.410+0900][14.923s][info][gc,cpu         ] GC(705) User=0.00s Sys=0.00s Real=0.00s
[2026-03-22T19:50:11.426+0900][14.939s][info][gc,start       ] GC(706) Pause Young (Allocation Failure)
[2026-03-22T19:50:11.431+0900][14.944s][info][gc,heap        ] GC(706) PSYoungGen: 163089K(163840K)->10528K(163840K) Eden: 152561K(153088K)->0K(153088K) From: 10528K(10752K)->10528K(10752K)
[2026-03-22T19:50:11.431+0900][14.944s][info][gc,heap        ] GC(706) ParOldGen: 197639K(349696K)->291999K(349696K)
[2026-03-22T19:50:11.431+0900][14.944s][info][gc,metaspace   ] GC(706) Metaspace: 340K(512K)->340K(512K) NonClass: 322K(384K)->322K(384K) Class: 17K(128K)->17K(128K)
[2026-03-22T19:50:11.431+0900][14.944s][info][gc             ] GC(706) Pause Young (Allocation Failure) 352M->295M(501M) 4.982ms
[2026-03-22T19:50:11.431+0900][14.944s][info][gc,cpu         ] GC(706) User=0.00s Sys=0.00s Real=0.00s
[2026-03-22T19:50:11.447+0900][14.961s][info][gc,start       ] GC(707) Pause Full (Ergonomics)
[2026-03-22T19:50:11.447+0900][14.961s][info][gc,phases,start] GC(707) Marking Phase
[2026-03-22T19:50:11.450+0900][14.962s][info][gc,phases      ] GC(707) Marking Phase 1.720ms
[2026-03-22T19:50:11.450+0900][14.962s][info][gc,phases,start] GC(707) Summary Phase
[2026-03-22T19:50:11.450+0900][14.963s][info][gc,phases      ] GC(707) Summary Phase 0.025ms
[2026-03-22T19:50:11.450+0900][14.963s][info][gc,phases,start] GC(707) Adjust Roots
[2026-03-22T19:50:11.450+0900][14.963s][info][gc,phases      ] GC(707) Adjust Roots 0.312ms
[2026-03-22T19:50:11.450+0900][14.963s][info][gc,phases,start] GC(707) Compaction Phase
[2026-03-22T19:50:11.455+0900][14.969s][info][gc,phases      ] GC(707) Compaction Phase 5.934ms
[2026-03-22T19:50:11.456+0900][14.969s][info][gc,phases,start] GC(707) Post Compact
[2026-03-22T19:50:11.458+0900][14.971s][info][gc,phases      ] GC(707) Post Compact 1.923ms
[2026-03-22T19:50:11.458+0900][14.971s][info][gc,heap        ] GC(707) PSYoungGen: 163089K(163840K)->0K(163840K) Eden: 152561K(153088K)->0K(153088K) From: 10528K(10752K)->0K(10752K)
[2026-03-22T19:50:11.458+0900][14.971s][info][gc,heap        ] GC(707) ParOldGen: 291999K(349696K)->103430K(349696K)
[2026-03-22T19:50:11.458+0900][14.971s][info][gc,metaspace   ] GC(707) Metaspace: 340K(512K)->340K(512K) NonClass: 322K(384K)->322K(384K) Class: 17K(128K)->17K(128K)
[2026-03-22T19:50:11.458+0900][14.971s][info][gc             ] GC(707) Pause Full (Ergonomics) 444M->101M(501M) 10.320ms
[2026-03-22T19:50:11.458+0900][14.971s][info][gc,cpu         ] GC(707) User=0.00s Sys=0.00s Real=0.01s
[2026-03-22T19:50:11.474+0900][14.987s][info][gc,start       ] GC(708) Pause Young (Allocation Failure)
[2026-03-22T19:50:11.479+0900][14.992s][info][gc,heap        ] GC(708) PSYoungGen: 152561K(163840K)->10528K(163840K) Eden: 152561K(153088K)->0K(153088K) From: 0K(10752K)->10528K(10752K)
[2026-03-22T19:50:11.479+0900][14.992s][info][gc,heap        ] GC(708) ParOldGen: 103430K(349696K)->197639K(349696K)
[2026-03-22T19:50:11.479+0900][14.992s][info][gc,metaspace   ] GC(708) Metaspace: 340K(512K)->340K(512K) NonClass: 322K(384K)->322K(384K) Class: 17K(128K)->17K(128K)
[2026-03-22T19:50:11.479+0900][14.992s][info][gc             ] GC(708) Pause Young (Allocation Failure) 249M->203M(501M) 4.436ms
[2026-03-22T19:50:11.479+0900][14.992s][info][gc,cpu         ] GC(708) User=0.09s Sys=0.00s Real=0.01s
[2026-03-22T19:50:11.493+0900][15.006s][info][gc,start       ] GC(709) Pause Young (Allocation Failure)
[2026-03-22T19:50:11.498+0900][15.011s][info][gc,heap        ] GC(709) PSYoungGen: 163089K(163840K)->10560K(163840K) Eden: 152561K(153088K)->0K(153088K) From: 10528K(10752K)->10560K(10752K)
[2026-03-22T19:50:11.498+0900][15.011s][info][gc,heap        ] GC(709) ParOldGen: 197639K(349696K)->291999K(349696K)
[2026-03-22T19:50:11.498+0900][15.011s][info][gc,metaspace   ] GC(709) Metaspace: 340K(512K)->340K(512K) NonClass: 322K(384K)->322K(384K) Class: 17K(128K)->17K(128K)
[2026-03-22T19:50:11.498+0900][15.011s][info][gc             ] GC(709) Pause Young (Allocation Failure) 352M->295M(501M) 4.670ms
[2026-03-22T19:50:11.498+0900][15.011s][info][gc,cpu         ] GC(709) User=0.00s Sys=0.02s Real=0.00s
[2026-03-22T19:50:11.515+0900][15.028s][info][gc,start       ] GC(710) Pause Full (Ergonomics)
[2026-03-22T19:50:11.515+0900][15.028s][info][gc,phases,start] GC(710) Marking Phase
[2026-03-22T19:50:11.516+0900][15.029s][info][gc,phases      ] GC(710) Marking Phase 1.429ms
[2026-03-22T19:50:11.516+0900][15.029s][info][gc,phases,start] GC(710) Summary Phase
[2026-03-22T19:50:11.516+0900][15.029s][info][gc,phases      ] GC(710) Summary Phase 0.020ms
[2026-03-22T19:50:11.516+0900][15.029s][info][gc,phases,start] GC(710) Adjust Roots
[2026-03-22T19:50:11.517+0900][15.030s][info][gc,phases      ] GC(710) Adjust Roots 0.250ms
[2026-03-22T19:50:11.517+0900][15.030s][info][gc,phases,start] GC(710) Compaction Phase
[2026-03-22T19:50:11.522+0900][15.035s][info][gc,phases      ] GC(710) Compaction Phase 5.355ms
[2026-03-22T19:50:11.522+0900][15.035s][info][gc,phases,start] GC(710) Post Compact
[2026-03-22T19:50:11.524+0900][15.037s][info][gc,phases      ] GC(710) Post Compact 1.697ms
[2026-03-22T19:50:11.524+0900][15.037s][info][gc,heap        ] GC(710) PSYoungGen: 163121K(163840K)->0K(163840K) Eden: 152561K(153088K)->0K(153088K) From: 10560K(10752K)->0K(10752K)
[2026-03-22T19:50:11.524+0900][15.037s][info][gc,heap        ] GC(710) ParOldGen: 291999K(349696K)->103430K(349696K)
[2026-03-22T19:50:11.524+0900][15.037s][info][gc,metaspace   ] GC(710) Metaspace: 340K(512K)->340K(512K) NonClass: 322K(384K)->322K(384K) Class: 17K(128K)->17K(128K)
[2026-03-22T19:50:11.524+0900][15.037s][info][gc             ] GC(710) Pause Full (Ergonomics) 444M->101M(501M) 9.047ms
[2026-03-22T19:50:11.524+0900][15.037s][info][gc,cpu         ] GC(710) User=0.00s Sys=0.00s Real=0.01s
[2026-03-22T19:50:11.539+0900][15.052s][info][gc,start       ] GC(711) Pause Young (Allocation Failure)
[2026-03-22T19:50:11.544+0900][15.057s][info][gc,heap        ] GC(711) PSYoungGen: 152561K(163840K)->10528K(163840K) Eden: 152561K(153088K)->0K(153088K) From: 0K(10752K)->10528K(10752K)
[2026-03-22T19:50:11.544+0900][15.057s][info][gc,heap        ] GC(711) ParOldGen: 103430K(349696K)->197639K(349696K)
[2026-03-22T19:50:11.544+0900][15.057s][info][gc,metaspace   ] GC(711) Metaspace: 340K(512K)->340K(512K) NonClass: 322K(384K)->322K(384K) Class: 17K(128K)->17K(128K)
[2026-03-22T19:50:11.544+0900][15.057s][info][gc             ] GC(711) Pause Young (Allocation Failure) 249M->203M(501M) 4.558ms
[2026-03-22T19:50:11.544+0900][15.057s][info][gc,cpu         ] GC(711) User=0.09s Sys=0.00s Real=0.00s
[2026-03-22T19:50:11.558+0900][15.071s][info][gc,start       ] GC(712) Pause Young (Allocation Failure)
[2026-03-22T19:50:11.563+0900][15.076s][info][gc,heap        ] GC(712) PSYoungGen: 163089K(163840K)->10560K(163840K) Eden: 152561K(153088K)->0K(153088K) From: 10528K(10752K)->10560K(10752K)
[2026-03-22T19:50:11.563+0900][15.076s][info][gc,heap        ] GC(712) ParOldGen: 197639K(349696K)->291999K(349696K)
[2026-03-22T19:50:11.563+0900][15.076s][info][gc,metaspace   ] GC(712) Metaspace: 340K(512K)->340K(512K) NonClass: 322K(384K)->322K(384K) Class: 17K(128K)->17K(128K)
[2026-03-22T19:50:11.563+0900][15.076s][info][gc             ] GC(712) Pause Young (Allocation Failure) 352M->295M(501M) 4.629ms
[2026-03-22T19:50:11.563+0900][15.076s][info][gc,cpu         ] GC(712) User=0.00s Sys=0.00s Real=0.00s
[2026-03-22T19:50:11.582+0900][15.094s][info][gc,start       ] GC(713) Pause Full (Ergonomics)
[2026-03-22T19:50:11.582+0900][15.094s][info][gc,phases,start] GC(713) Marking Phase
[2026-03-22T19:50:11.583+0900][15.096s][info][gc,phases      ] GC(713) Marking Phase 1.478ms
[2026-03-22T19:50:11.583+0900][15.096s][info][gc,phases,start] GC(713) Summary Phase
[2026-03-22T19:50:11.583+0900][15.096s][info][gc,phases      ] GC(713) Summary Phase 0.019ms
[2026-03-22T19:50:11.583+0900][15.096s][info][gc,phases,start] GC(713) Adjust Roots
[2026-03-22T19:50:11.583+0900][15.096s][info][gc,phases      ] GC(713) Adjust Roots 0.476ms
[2026-03-22T19:50:11.583+0900][15.096s][info][gc,phases,start] GC(713) Compaction Phase
[2026-03-22T19:50:11.590+0900][15.103s][info][gc,phases      ] GC(713) Compaction Phase 7.037ms
[2026-03-22T19:50:11.591+0900][15.103s][info][gc,phases,start] GC(713) Post Compact
[2026-03-22T19:50:11.592+0900][15.105s][info][gc,phases      ] GC(713) Post Compact 1.694ms
[2026-03-22T19:50:11.592+0900][15.105s][info][gc,heap        ] GC(713) PSYoungGen: 163121K(163840K)->0K(163840K) Eden: 152561K(153088K)->0K(153088K) From: 10560K(10752K)->0K(10752K)
[2026-03-22T19:50:11.592+0900][15.105s][info][gc,heap        ] GC(713) ParOldGen: 291999K(349696K)->103430K(349696K)
[2026-03-22T19:50:11.592+0900][15.105s][info][gc,metaspace   ] GC(713) Metaspace: 340K(512K)->340K(512K) NonClass: 322K(384K)->322K(384K) Class: 17K(128K)->17K(128K)
[2026-03-22T19:50:11.592+0900][15.105s][info][gc             ] GC(713) Pause Full (Ergonomics) 444M->101M(501M) 11.129ms
[2026-03-22T19:50:11.592+0900][15.105s][info][gc,cpu         ] GC(713) User=0.08s Sys=0.00s Real=0.01s
[2026-03-22T19:50:11.602+0900][15.115s][info][gc,heap,exit   ] Heap
[2026-03-22T19:50:11.606+0900][15.119s][info][gc,heap,exit   ]  PSYoungGen      total 163840K, used 71655K [0x00000000f5580000, 0x0000000100000000, 0x0000000100000000)
[2026-03-22T19:50:11.606+0900][15.119s][info][gc,heap,exit   ]   eden space 153088K, 46% used [0x00000000f5580000,0x00000000f9b79ca8,0x00000000feb00000)
[2026-03-22T19:50:11.606+0900][15.119s][info][gc,heap,exit   ]   from space 10752K, 0% used [0x00000000ff580000,0x00000000ff580000,0x0000000100000000)
[2026-03-22T19:50:11.606+0900][15.119s][info][gc,heap,exit   ]   to   space 10752K, 0% used [0x00000000feb00000,0x00000000feb00000,0x00000000ff580000)
[2026-03-22T19:50:11.606+0900][15.119s][info][gc,heap,exit   ]  ParOldGen       total 349696K, used 103430K [0x00000000e0000000, 0x00000000f5580000, 0x00000000f5580000)
[2026-03-22T19:50:11.606+0900][15.119s][info][gc,heap,exit   ]   object space 349696K, 29% used [0x00000000e0000000,0x00000000e6501968,0x00000000f5580000)
[2026-03-22T19:50:11.606+0900][15.119s][info][gc,heap,exit   ]  Metaspace       used 341K, committed 512K, reserved 1114112K
[2026-03-22T19:50:11.606+0900][15.119s][info][gc,heap,exit   ]   class space    used 17K, committed 128K, reserved 1048576K
