[2026-03-25T20:41:57.381+0900][0.005s][info][gc,init] CardTable entry size: 512
[2026-03-25T20:41:57.381+0900][0.006s][info][gc     ] Using Parallel
[2026-03-25T20:41:57.381+0900][0.006s][info][gc,init] Version: 25.0.2+10-69 (release)
[2026-03-25T20:41:57.381+0900][0.006s][info][gc,init] CPUs: 10 total, 10 available
[2026-03-25T20:41:57.381+0900][0.006s][info][gc,init] Memory: 16384M
[2026-03-25T20:41:57.381+0900][0.006s][info][gc,init] Large Page Support: Disabled
[2026-03-25T20:41:57.381+0900][0.006s][info][gc,init] NUMA Support: Disabled
[2026-03-25T20:41:57.381+0900][0.006s][info][gc,init] Compressed Oops: Enabled (Zero based)
[2026-03-25T20:41:57.381+0900][0.006s][info][gc,init] Alignments: Space 512K, Generation 512K, Heap 8M
[2026-03-25T20:41:57.381+0900][0.006s][info][gc,init] Heap Min Capacity: 256M
[2026-03-25T20:41:57.381+0900][0.006s][info][gc,init] Heap Initial Capacity: 256M
[2026-03-25T20:41:57.381+0900][0.006s][info][gc,init] Heap Max Capacity: 512M
[2026-03-25T20:41:57.381+0900][0.006s][info][gc,init] Pre-touch: Disabled
[2026-03-25T20:41:57.381+0900][0.006s][info][gc,init] Parallel Workers: 8
[2026-03-25T20:41:57.384+0900][0.009s][info][gc,metaspace] CDS archive(s) mapped at: [0x00000c0000000000-0x00000c0000d94000-0x00000c0000d94000), size 14237696, SharedBaseAddress: 0x00000c0000000000, ArchiveRelocationMode: 1.
[2026-03-25T20:41:57.384+0900][0.009s][info][gc,metaspace] Compressed class space mapped at: 0x00000c0001000000-0x00000c0041000000, reserved size: 1073741824
[2026-03-25T20:41:57.384+0900][0.009s][info][gc,metaspace] UseCompressedClassPointers 1, UseCompactObjectHeaders 0
[2026-03-25T20:41:57.384+0900][0.009s][info][gc,metaspace] Narrow klass pointer bits 32, Max shift 3
[2026-03-25T20:41:57.384+0900][0.009s][info][gc,metaspace] Narrow klass base: 0x00000c0000000000, Narrow klass shift: 0
[2026-03-25T20:41:57.384+0900][0.009s][info][gc,metaspace] Encoding Range: [0x00000c0000000000 - 0x00000c0100000000), (4294967296 bytes)
[2026-03-25T20:41:57.384+0900][0.009s][info][gc,metaspace] Klass Range:    [0x00000c0000004000 - 0x00000c0041000000), (1090502656 bytes)
[2026-03-25T20:41:57.384+0900][0.009s][info][gc,metaspace] Klass ID Range:  [16384 - 1090519033) (1090502649)
[2026-03-25T20:41:57.384+0900][0.009s][info][gc,metaspace] Protection zone: [0x00000c0000000000 - 0x00000c0000004000), (16384 bytes)
[2026-03-25T20:41:57.429+0900][0.053s][info][gc,start    ] GC(0) Pause Young (Allocation Failure)
[2026-03-25T20:41:57.430+0900][0.055s][info][gc,heap     ] GC(0) PSYoungGen: 65441K(76288K)->2608K(76288K) Eden: 65441K(65536K)->0K(65536K) From: 0K(10752K)->2608K(10752K)
[2026-03-25T20:41:57.430+0900][0.055s][info][gc,heap     ] GC(0) ParOldGen: 1150K(175104K)->1158K(175104K)
[2026-03-25T20:41:57.430+0900][0.055s][info][gc,metaspace] GC(0) Metaspace: 499K(704K)->499K(704K) NonClass: 474K(576K)->474K(576K) Class: 25K(128K)->25K(128K)
[2026-03-25T20:41:57.430+0900][0.055s][info][gc          ] GC(0) Pause Young (Allocation Failure) 65M->3M(245M) 1.306ms
[2026-03-25T20:41:57.430+0900][0.055s][info][gc,cpu      ] GC(0) User=0.00s Sys=0.00s Real=0.01s
[2026-03-25T20:41:57.488+0900][0.113s][info][gc,start    ] GC(1) Pause Young (Allocation Failure)
[2026-03-25T20:41:57.489+0900][0.114s][info][gc,heap     ] GC(1) PSYoungGen: 67981K(76288K)->4992K(76288K) Eden: 65373K(65536K)->0K(65536K) From: 2608K(10752K)->4992K(10752K)
[2026-03-25T20:41:57.489+0900][0.114s][info][gc,heap     ] GC(1) ParOldGen: 1158K(175104K)->1166K(175104K)
[2026-03-25T20:41:57.489+0900][0.114s][info][gc,metaspace] GC(1) Metaspace: 824K(960K)->824K(960K) NonClass: 765K(832K)->765K(832K) Class: 59K(128K)->59K(128K)
[2026-03-25T20:41:57.489+0900][0.114s][info][gc          ] GC(1) Pause Young (Allocation Failure) 67M->6M(245M) 1.083ms
[2026-03-25T20:41:57.489+0900][0.114s][info][gc,cpu      ] GC(1) User=0.00s Sys=0.01s Real=0.00s
[2026-03-25T20:41:57.492+0900][0.117s][info][gc,start    ] GC(2) Pause Young (Allocation Failure)
[2026-03-25T20:41:57.493+0900][0.118s][info][gc,heap     ] GC(2) PSYoungGen: 70518K(76288K)->7056K(76288K) Eden: 65525K(65536K)->0K(65536K) From: 4992K(10752K)->7056K(10752K)
[2026-03-25T20:41:57.493+0900][0.118s][info][gc,heap     ] GC(2) ParOldGen: 1166K(175104K)->1166K(175104K)
[2026-03-25T20:41:57.493+0900][0.118s][info][gc,metaspace] GC(2) Metaspace: 824K(960K)->824K(960K) NonClass: 765K(832K)->765K(832K) Class: 59K(128K)->59K(128K)
[2026-03-25T20:41:57.493+0900][0.118s][info][gc          ] GC(2) Pause Young (Allocation Failure) 70M->8M(245M) 0.950ms
[2026-03-25T20:41:57.493+0900][0.118s][info][gc,cpu      ] GC(2) User=0.00s Sys=0.00s Real=0.00s
[2026-03-25T20:41:57.549+0900][0.174s][info][gc,start    ] GC(3) Pause Young (Allocation Failure)
[2026-03-25T20:41:57.550+0900][0.175s][info][gc,heap     ] GC(3) PSYoungGen: 72519K(76288K)->8656K(76288K) Eden: 65463K(65536K)->0K(65536K) From: 7056K(10752K)->8656K(10752K)
[2026-03-25T20:41:57.550+0900][0.175s][info][gc,heap     ] GC(3) ParOldGen: 1166K(175104K)->1174K(175104K)
[2026-03-25T20:41:57.550+0900][0.175s][info][gc,metaspace] GC(3) Metaspace: 1088K(1280K)->1088K(1280K) NonClass: 1011K(1088K)->1011K(1088K) Class: 77K(192K)->77K(192K)
[2026-03-25T20:41:57.550+0900][0.175s][info][gc          ] GC(3) Pause Young (Allocation Failure) 71M->9M(245M) 0.983ms
[2026-03-25T20:41:57.550+0900][0.175s][info][gc,cpu      ] GC(3) User=0.01s Sys=0.00s Real=0.01s
[2026-03-25T20:41:57.551+0900][0.176s][info][gc,start    ] GC(4) Pause Young (Allocation Failure)
[2026-03-25T20:41:57.552+0900][0.176s][info][gc,heap     ] GC(4) PSYoungGen: 74192K(76288K)->8656K(72704K) Eden: 65536K(65536K)->0K(64000K) From: 8656K(10752K)->8656K(8704K)
[2026-03-25T20:41:57.552+0900][0.176s][info][gc,heap     ] GC(4) ParOldGen: 1174K(175104K)->1174K(175104K)
[2026-03-25T20:41:57.552+0900][0.176s][info][gc,metaspace] GC(4) Metaspace: 1109K(1280K)->1109K(1280K) NonClass: 1029K(1088K)->1029K(1088K) Class: 79K(192K)->79K(192K)
[2026-03-25T20:41:57.552+0900][0.176s][info][gc          ] GC(4) Pause Young (Allocation Failure) 73M->9M(242M) 0.640ms
[2026-03-25T20:41:57.552+0900][0.176s][info][gc,cpu      ] GC(4) User=0.00s Sys=0.01s Real=0.00s
[2026-03-25T20:41:57.605+0900][0.229s][info][gc,start    ] GC(5) Pause Young (Allocation Failure)
[2026-03-25T20:41:57.606+0900][0.230s][info][gc,heap     ] GC(5) PSYoungGen: 72510K(72704K)->9215K(73728K) Eden: 63854K(64000K)->0K(62464K) From: 8656K(8704K)->9215K(11264K)
[2026-03-25T20:41:57.606+0900][0.230s][info][gc,heap     ] GC(5) ParOldGen: 1174K(175104K)->1182K(175104K)
[2026-03-25T20:41:57.606+0900][0.230s][info][gc,metaspace] GC(5) Metaspace: 3582K(3712K)->3582K(3712K) NonClass: 3228K(3264K)->3228K(3264K) Class: 353K(448K)->353K(448K)
[2026-03-25T20:41:57.606+0900][0.230s][info][gc          ] GC(5) Pause Young (Allocation Failure) 71M->10M(243M) 1.166ms
[2026-03-25T20:41:57.606+0900][0.230s][info][gc,cpu      ] GC(5) User=0.01s Sys=0.00s Real=0.00s
[2026-03-25T20:41:57.658+0900][0.282s][info][gc,start    ] GC(6) Pause Young (Allocation Failure)
[2026-03-25T20:41:57.659+0900][0.283s][info][gc,heap     ] GC(6) PSYoungGen: 71429K(73728K)->9231K(72192K) Eden: 62214K(62464K)->0K(62464K) From: 9215K(11264K)->9231K(9728K)
[2026-03-25T20:41:57.659+0900][0.283s][info][gc,heap     ] GC(6) ParOldGen: 1182K(175104K)->1660K(175104K)
[2026-03-25T20:41:57.659+0900][0.283s][info][gc,metaspace] GC(6) Metaspace: 5588K(5824K)->5588K(5824K) NonClass: 4998K(5120K)->4998K(5120K) Class: 590K(704K)->590K(704K)
[2026-03-25T20:41:57.659+0900][0.283s][info][gc          ] GC(6) Pause Young (Allocation Failure) 70M->10M(241M) 1.014ms
[2026-03-25T20:41:57.659+0900][0.283s][info][gc,cpu      ] GC(6) User=0.00s Sys=0.00s Real=0.00s
[2026-03-25T20:41:57.660+0900][0.284s][info][gc,start    ] GC(7) Pause Young (Allocation Failure)
[2026-03-25T20:41:57.661+0900][0.285s][info][gc,heap     ] GC(7) PSYoungGen: 71452K(72192K)->8895K(74240K) Eden: 62221K(62464K)->0K(61440K) From: 9231K(9728K)->8895K(12800K)
[2026-03-25T20:41:57.661+0900][0.285s][info][gc,heap     ] GC(7) ParOldGen: 1660K(175104K)->2053K(175104K)
[2026-03-25T20:41:57.661+0900][0.285s][info][gc,metaspace] GC(7) Metaspace: 5605K(5824K)->5605K(5824K) NonClass: 5009K(5120K)->5009K(5120K) Class: 596K(704K)->596K(704K)
[2026-03-25T20:41:57.661+0900][0.285s][info][gc          ] GC(7) Pause Young (Allocation Failure) 71M->10M(243M) 0.801ms
[2026-03-25T20:41:57.661+0900][0.285s][info][gc,cpu      ] GC(7) User=0.01s Sys=0.00s Real=0.00s
[2026-03-25T20:41:57.716+0900][0.341s][info][gc,start    ] GC(8) Pause Young (Allocation Failure)
[2026-03-25T20:41:57.717+0900][0.342s][info][gc,heap     ] GC(8) PSYoungGen: 70328K(74240K)->6752K(74240K) Eden: 61432K(61440K)->0K(61440K) From: 8895K(12800K)->6752K(12800K)
[2026-03-25T20:41:57.717+0900][0.342s][info][gc,heap     ] GC(8) ParOldGen: 2053K(175104K)->4364K(175104K)
[2026-03-25T20:41:57.717+0900][0.342s][info][gc,metaspace] GC(8) Metaspace: 5860K(6080K)->5860K(6080K) NonClass: 5230K(5376K)->5230K(5376K) Class: 630K(704K)->630K(704K)
[2026-03-25T20:41:57.717+0900][0.342s][info][gc          ] GC(8) Pause Young (Allocation Failure) 70M->10M(243M) 0.761ms
[2026-03-25T20:41:57.717+0900][0.342s][info][gc,cpu      ] GC(8) User=0.00s Sys=0.00s Real=0.00s
[2026-03-25T20:41:57.718+0900][0.342s][info][gc,start    ] GC(9) Pause Young (Allocation Failure)
[2026-03-25T20:41:57.718+0900][0.343s][info][gc,heap     ] GC(9) PSYoungGen: 68095K(74240K)->4384K(74240K) Eden: 61342K(61440K)->0K(61440K) From: 6752K(12800K)->4384K(12800K)
[2026-03-25T20:41:57.718+0900][0.343s][info][gc,heap     ] GC(9) ParOldGen: 4364K(175104K)->8512K(175104K)
[2026-03-25T20:41:57.719+0900][0.343s][info][gc,metaspace] GC(9) Metaspace: 5860K(6080K)->5860K(6080K) NonClass: 5230K(5376K)->5230K(5376K) Class: 630K(704K)->630K(704K)
[2026-03-25T20:41:57.719+0900][0.343s][info][gc          ] GC(9) Pause Young (Allocation Failure) 70M->12M(243M) 0.740ms
[2026-03-25T20:41:57.719+0900][0.343s][info][gc,cpu      ] GC(9) User=0.00s Sys=0.01s Real=0.00s
[2026-03-25T20:41:57.771+0900][0.396s][info][gc,start    ] GC(10) Pause Young (Allocation Failure)
[2026-03-25T20:41:57.772+0900][0.397s][info][gc,heap     ] GC(10) PSYoungGen: 65743K(74240K)->2112K(74240K) Eden: 61359K(61440K)->0K(61440K) From: 4384K(12800K)->2112K(12800K)
[2026-03-25T20:41:57.772+0900][0.397s][info][gc,heap     ] GC(10) ParOldGen: 8512K(175104K)->12824K(175104K)
[2026-03-25T20:41:57.772+0900][0.397s][info][gc,metaspace] GC(10) Metaspace: 5860K(6080K)->5860K(6080K) NonClass: 5230K(5376K)->5230K(5376K) Class: 630K(704K)->630K(704K)
[2026-03-25T20:41:57.772+0900][0.397s][info][gc          ] GC(10) Pause Young (Allocation Failure) 72M->14M(243M) 0.800ms
[2026-03-25T20:41:57.772+0900][0.397s][info][gc,cpu      ] GC(10) User=0.00s Sys=0.00s Real=0.00s
[2026-03-25T20:41:57.773+0900][0.397s][info][gc,start    ] GC(11) Pause Young (Allocation Failure)
[2026-03-25T20:41:57.773+0900][0.398s][info][gc,heap     ] GC(11) PSYoungGen: 63481K(74240K)->2144K(74240K) Eden: 61369K(61440K)->0K(61440K) From: 2112K(12800K)->2144K(12800K)
[2026-03-25T20:41:57.773+0900][0.398s][info][gc,heap     ] GC(11) ParOldGen: 12824K(175104K)->14928K(175104K)
[2026-03-25T20:41:57.773+0900][0.398s][info][gc,metaspace] GC(11) Metaspace: 5860K(6080K)->5860K(6080K) NonClass: 5230K(5376K)->5230K(5376K) Class: 630K(704K)->630K(704K)
[2026-03-25T20:41:57.773+0900][0.398s][info][gc          ] GC(11) Pause Young (Allocation Failure) 74M->16M(243M) 0.336ms
[2026-03-25T20:41:57.773+0900][0.398s][info][gc,cpu      ] GC(11) User=0.00s Sys=0.00s Real=0.00s
[2026-03-25T20:41:57.829+0900][0.453s][info][gc,start    ] GC(12) Pause Young (Allocation Failure)
[2026-03-25T20:41:57.829+0900][0.454s][info][gc,heap     ] GC(12) PSYoungGen: 63520K(74240K)->2112K(74240K) Eden: 61376K(61440K)->0K(61440K) From: 2144K(12800K)->2112K(12800K)
[2026-03-25T20:41:57.829+0900][0.454s][info][gc,heap     ] GC(12) ParOldGen: 14928K(175104K)->17032K(175104K)
[2026-03-25T20:41:57.829+0900][0.454s][info][gc,metaspace] GC(12) Metaspace: 5860K(6080K)->5860K(6080K) NonClass: 5230K(5376K)->5230K(5376K) Class: 630K(704K)->630K(704K)
[2026-03-25T20:41:57.829+0900][0.454s][info][gc          ] GC(12) Pause Young (Allocation Failure) 76M->18M(243M) 0.461ms
[2026-03-25T20:41:57.829+0900][0.454s][info][gc,cpu      ] GC(12) User=0.00s Sys=0.00s Real=0.00s
[2026-03-25T20:41:57.885+0900][0.510s][info][gc,start    ] GC(13) Pause Young (Allocation Failure)
[2026-03-25T20:41:57.886+0900][0.510s][info][gc,heap     ] GC(13) PSYoungGen: 63492K(74240K)->2368K(74240K) Eden: 61380K(61440K)->0K(61440K) From: 2112K(12800K)->2368K(12800K)
[2026-03-25T20:41:57.886+0900][0.510s][info][gc,heap     ] GC(13) ParOldGen: 17032K(175104K)->19144K(175104K)
[2026-03-25T20:41:57.886+0900][0.510s][info][gc,metaspace] GC(13) Metaspace: 5860K(6080K)->5860K(6080K) NonClass: 5230K(5376K)->5230K(5376K) Class: 630K(704K)->630K(704K)
[2026-03-25T20:41:57.886+0900][0.510s][info][gc          ] GC(13) Pause Young (Allocation Failure) 78M->21M(243M) 0.517ms
[2026-03-25T20:41:57.886+0900][0.510s][info][gc,cpu      ] GC(13) User=0.00s Sys=0.00s Real=0.00s
[2026-03-25T20:41:57.886+0900][0.511s][info][gc,start    ] GC(14) Pause Young (Allocation Failure)
[2026-03-25T20:41:57.887+0900][0.511s][info][gc,heap     ] GC(14) PSYoungGen: 63751K(74240K)->2112K(74240K) Eden: 61383K(61440K)->0K(61440K) From: 2368K(12800K)->2112K(12800K)
[2026-03-25T20:41:57.887+0900][0.511s][info][gc,heap     ] GC(14) ParOldGen: 19144K(175104K)->21513K(175104K)
[2026-03-25T20:41:57.887+0900][0.511s][info][gc,metaspace] GC(14) Metaspace: 5860K(6080K)->5860K(6080K) NonClass: 5230K(5376K)->5230K(5376K) Class: 630K(704K)->630K(704K)
[2026-03-25T20:41:57.887+0900][0.511s][info][gc          ] GC(14) Pause Young (Allocation Failure) 80M->23M(243M) 0.418ms
[2026-03-25T20:41:57.887+0900][0.511s][info][gc,cpu      ] GC(14) User=0.00s Sys=0.00s Real=0.00s
[2026-03-25T20:41:57.942+0900][0.567s][info][gc,start    ] GC(15) Pause Young (Allocation Failure)
[2026-03-25T20:41:57.943+0900][0.567s][info][gc,heap     ] GC(15) PSYoungGen: 63497K(74240K)->2112K(74752K) Eden: 61385K(61440K)->0K(61952K) From: 2112K(12800K)->2112K(12800K)
[2026-03-25T20:41:57.943+0900][0.567s][info][gc,heap     ] GC(15) ParOldGen: 21513K(175104K)->23617K(175104K)
[2026-03-25T20:41:57.943+0900][0.567s][info][gc,metaspace] GC(15) Metaspace: 5860K(6080K)->5860K(6080K) NonClass: 5230K(5376K)->5230K(5376K) Class: 630K(704K)->630K(704K)
[2026-03-25T20:41:57.943+0900][0.567s][info][gc          ] GC(15) Pause Young (Allocation Failure) 83M->25M(244M) 0.484ms
[2026-03-25T20:41:57.943+0900][0.567s][info][gc,cpu      ] GC(15) User=0.00s Sys=0.00s Real=0.00s
[2026-03-25T20:41:57.943+0900][0.568s][info][gc,start    ] GC(16) Pause Young (Allocation Failure)
[2026-03-25T20:41:57.944+0900][0.568s][info][gc,heap     ] GC(16) PSYoungGen: 64020K(74752K)->2112K(74240K) Eden: 61908K(61952K)->0K(61952K) From: 2112K(12800K)->2112K(12288K)
[2026-03-25T20:41:57.944+0900][0.568s][info][gc,heap     ] GC(16) ParOldGen: 23617K(175104K)->25713K(175104K)
[2026-03-25T20:41:57.944+0900][0.568s][info][gc,metaspace] GC(16) Metaspace: 5860K(6080K)->5860K(6080K) NonClass: 5230K(5376K)->5230K(5376K) Class: 630K(704K)->630K(704K)
[2026-03-25T20:41:57.944+0900][0.568s][info][gc          ] GC(16) Pause Young (Allocation Failure) 85M->27M(243M) 0.393ms
[2026-03-25T20:41:57.944+0900][0.568s][info][gc,cpu      ] GC(16) User=0.00s Sys=0.01s Real=0.00s
[2026-03-25T20:41:57.999+0900][0.624s][info][gc,start    ] GC(17) Pause Young (Allocation Failure)
[2026-03-25T20:41:58.000+0900][0.624s][info][gc,heap     ] GC(17) PSYoungGen: 64021K(74240K)->2112K(75264K) Eden: 61909K(61952K)->0K(62976K) From: 2112K(12288K)->2112K(12288K)
[2026-03-25T20:41:58.000+0900][0.624s][info][gc,heap     ] GC(17) ParOldGen: 25713K(175104K)->27825K(175104K)
[2026-03-25T20:41:58.000+0900][0.624s][info][gc,metaspace] GC(17) Metaspace: 5860K(6080K)->5860K(6080K) NonClass: 5230K(5376K)->5230K(5376K) Class: 630K(704K)->630K(704K)
[2026-03-25T20:41:58.000+0900][0.624s][info][gc          ] GC(17) Pause Young (Allocation Failure) 87M->29M(244M) 0.562ms
[2026-03-25T20:41:58.000+0900][0.624s][info][gc,cpu      ] GC(17) User=0.00s Sys=0.00s Real=0.01s
[2026-03-25T20:41:58.054+0900][0.679s][info][gc,start    ] GC(18) Pause Young (Allocation Failure)
[2026-03-25T20:41:58.055+0900][0.680s][info][gc,heap     ] GC(18) PSYoungGen: 65066K(75264K)->2368K(74752K) Eden: 62954K(62976K)->0K(62976K) From: 2112K(12288K)->2368K(11776K)
[2026-03-25T20:41:58.055+0900][0.680s][info][gc,heap     ] GC(18) ParOldGen: 27825K(175104K)->29937K(175104K)
[2026-03-25T20:41:58.056+0900][0.680s][info][gc,metaspace] GC(18) Metaspace: 5860K(6080K)->5860K(6080K) NonClass: 5230K(5376K)->5230K(5376K) Class: 630K(704K)->630K(704K)
[2026-03-25T20:41:58.056+0900][0.680s][info][gc          ] GC(18) Pause Young (Allocation Failure) 90M->31M(244M) 1.157ms
[2026-03-25T20:41:58.056+0900][0.680s][info][gc,cpu      ] GC(18) User=0.01s Sys=0.00s Real=0.00s
[2026-03-25T20:41:58.057+0900][0.681s][info][gc,start    ] GC(19) Pause Young (Allocation Failure)
[2026-03-25T20:41:58.057+0900][0.682s][info][gc,heap     ] GC(19) PSYoungGen: 65322K(74752K)->2112K(75776K) Eden: 62954K(62976K)->0K(64512K) From: 2368K(11776K)->2112K(11264K)
[2026-03-25T20:41:58.057+0900][0.682s][info][gc,heap     ] GC(19) ParOldGen: 29937K(175104K)->32297K(175104K)
[2026-03-25T20:41:58.057+0900][0.682s][info][gc,metaspace] GC(19) Metaspace: 5860K(6080K)->5860K(6080K) NonClass: 5230K(5376K)->5230K(5376K) Class: 630K(704K)->630K(704K)
[2026-03-25T20:41:58.057+0900][0.682s][info][gc          ] GC(19) Pause Young (Allocation Failure) 93M->33M(245M) 0.590ms
[2026-03-25T20:41:58.057+0900][0.682s][info][gc,cpu      ] GC(19) User=0.00s Sys=0.00s Real=0.00s
[2026-03-25T20:41:58.114+0900][0.738s][info][gc,start    ] GC(20) Pause Young (Allocation Failure)
[2026-03-25T20:41:58.115+0900][0.739s][info][gc,heap     ] GC(20) PSYoungGen: 66624K(75776K)->2144K(75776K) Eden: 64512K(64512K)->0K(64512K) From: 2112K(11264K)->2144K(11264K)
[2026-03-25T20:41:58.115+0900][0.740s][info][gc,heap     ] GC(20) ParOldGen: 32297K(175104K)->34401K(175104K)
[2026-03-25T20:41:58.115+0900][0.740s][info][gc,metaspace] GC(20) Metaspace: 5860K(6080K)->5860K(6080K) NonClass: 5230K(5376K)->5230K(5376K) Class: 630K(704K)->630K(704K)
[2026-03-25T20:41:58.115+0900][0.740s][info][gc          ] GC(20) Pause Young (Allocation Failure) 96M->35M(245M) 1.149ms
[2026-03-25T20:41:58.115+0900][0.740s][info][gc,cpu      ] GC(20) User=0.00s Sys=0.00s Real=0.00s
[2026-03-25T20:41:58.117+0900][0.742s][info][gc,start    ] GC(21) Pause Young (Allocation Failure)
[2026-03-25T20:41:58.118+0900][0.743s][info][gc,heap     ] GC(21) PSYoungGen: 66656K(75776K)->2176K(76800K) Eden: 64512K(64512K)->0K(66048K) From: 2144K(11264K)->2176K(10752K)
[2026-03-25T20:41:58.118+0900][0.743s][info][gc,heap     ] GC(21) ParOldGen: 34401K(175104K)->36505K(175104K)
[2026-03-25T20:41:58.118+0900][0.743s][info][gc,metaspace] GC(21) Metaspace: 5860K(6080K)->5860K(6080K) NonClass: 5230K(5376K)->5230K(5376K) Class: 630K(704K)->630K(704K)
[2026-03-25T20:41:58.118+0900][0.743s][info][gc          ] GC(21) Pause Young (Allocation Failure) 98M->37M(246M) 1.039ms
[2026-03-25T20:41:58.118+0900][0.743s][info][gc,cpu      ] GC(21) User=0.01s Sys=0.01s Real=0.00s
[2026-03-25T20:41:58.172+0900][0.796s][info][gc,start    ] GC(22) Pause Young (Allocation Failure)
[2026-03-25T20:41:58.173+0900][0.797s][info][gc,heap     ] GC(22) PSYoungGen: 68008K(76800K)->2400K(76288K) Eden: 65831K(66048K)->0K(66048K) From: 2176K(10752K)->2400K(10240K)
[2026-03-25T20:41:58.173+0900][0.797s][info][gc,heap     ] GC(22) ParOldGen: 36505K(175104K)->38610K(175104K)
[2026-03-25T20:41:58.173+0900][0.797s][info][gc,metaspace] GC(22) Metaspace: 5860K(6080K)->5860K(6080K) NonClass: 5230K(5376K)->5230K(5376K) Class: 630K(704K)->630K(704K)
[2026-03-25T20:41:58.173+0900][0.797s][info][gc          ] GC(22) Pause Young (Allocation Failure) 102M->40M(245M) 0.974ms
[2026-03-25T20:41:58.173+0900][0.797s][info][gc,cpu      ] GC(22) User=0.00s Sys=0.00s Real=0.00s
[2026-03-25T20:41:58.229+0900][0.854s][info][gc,start    ] GC(23) Pause Young (Allocation Failure)
[2026-03-25T20:41:58.231+0900][0.855s][info][gc,heap     ] GC(23) PSYoungGen: 68233K(76288K)->2368K(77824K) Eden: 65833K(66048K)->0K(68096K) From: 2400K(10240K)->2368K(9728K)
[2026-03-25T20:41:58.231+0900][0.855s][info][gc,heap     ] GC(23) ParOldGen: 38610K(175104K)->40970K(175104K)
[2026-03-25T20:41:58.231+0900][0.855s][info][gc,metaspace] GC(23) Metaspace: 5860K(6080K)->5860K(6080K) NonClass: 5230K(5376K)->5230K(5376K) Class: 630K(704K)->630K(704K)
[2026-03-25T20:41:58.231+0900][0.856s][info][gc          ] GC(23) Pause Young (Allocation Failure) 104M->42M(247M) 1.963ms
[2026-03-25T20:41:58.231+0900][0.856s][info][gc,cpu      ] GC(23) User=0.00s Sys=0.00s Real=0.01s
[2026-03-25T20:41:58.233+0900][0.858s][info][gc,start    ] GC(24) Pause Young (Allocation Failure)
[2026-03-25T20:41:58.234+0900][0.859s][info][gc,heap     ] GC(24) PSYoungGen: 70291K(77824K)->2464K(77312K) Eden: 67923K(68096K)->0K(68096K) From: 2368K(9728K)->2464K(9216K)
[2026-03-25T20:41:58.234+0900][0.859s][info][gc,heap     ] GC(24) ParOldGen: 40970K(175104K)->43330K(175104K)
[2026-03-25T20:41:58.234+0900][0.859s][info][gc,metaspace] GC(24) Metaspace: 5860K(6080K)->5860K(6080K) NonClass: 5230K(5376K)->5230K(5376K) Class: 630K(704K)->630K(704K)
[2026-03-25T20:41:58.234+0900][0.859s][info][gc          ] GC(24) Pause Young (Allocation Failure) 108M->44M(246M) 1.077ms
[2026-03-25T20:41:58.234+0900][0.859s][info][gc,cpu      ] GC(24) User=0.00s Sys=0.00s Real=0.00s
[2026-03-25T20:41:58.291+0900][0.915s][info][gc,start    ] GC(25) Pause Young (Allocation Failure)
[2026-03-25T20:41:58.292+0900][0.917s][info][gc,heap     ] GC(25) PSYoungGen: 70387K(77312K)->2368K(78336K) Eden: 67923K(68096K)->0K(69632K) From: 2464K(9216K)->2368K(8704K)
[2026-03-25T20:41:58.292+0900][0.917s][info][gc,heap     ] GC(25) ParOldGen: 43330K(175104K)->45690K(175104K)
[2026-03-25T20:41:58.292+0900][0.917s][info][gc,metaspace] GC(25) Metaspace: 5860K(6080K)->5860K(6080K) NonClass: 5230K(5376K)->5230K(5376K) Class: 630K(704K)->630K(704K)
[2026-03-25T20:41:58.292+0900][0.917s][info][gc          ] GC(25) Pause Young (Allocation Failure) 111M->46M(247M) 1.349ms
[2026-03-25T20:41:58.292+0900][0.917s][info][gc,cpu      ] GC(25) User=0.00s Sys=0.00s Real=0.00s
[2026-03-25T20:41:58.294+0900][0.918s][info][gc,start    ] GC(26) Pause Young (Allocation Failure)
[2026-03-25T20:41:58.295+0900][0.919s][info][gc,heap     ] GC(26) PSYoungGen: 71858K(78336K)->2400K(78336K) Eden: 69490K(69632K)->0K(69632K) From: 2368K(8704K)->2400K(8704K)
[2026-03-25T20:41:58.295+0900][0.919s][info][gc,heap     ] GC(26) ParOldGen: 45690K(175104K)->48026K(175104K)
[2026-03-25T20:41:58.295+0900][0.919s][info][gc,metaspace] GC(26) Metaspace: 5860K(6080K)->5860K(6080K) NonClass: 5230K(5376K)->5230K(5376K) Class: 630K(704K)->630K(704K)
[2026-03-25T20:41:58.295+0900][0.919s][info][gc          ] GC(26) Pause Young (Allocation Failure) 114M->49M(247M) 0.912ms
[2026-03-25T20:41:58.295+0900][0.919s][info][gc,cpu      ] GC(26) User=0.00s Sys=0.01s Real=0.00s
[2026-03-25T20:41:58.351+0900][0.976s][info][gc,start    ] GC(27) Pause Young (Allocation Failure)
[2026-03-25T20:41:58.352+0900][0.977s][info][gc,heap     ] GC(27) PSYoungGen: 71890K(78336K)->2368K(79360K) Eden: 69490K(69632K)->0K(71168K) From: 2400K(8704K)->2368K(8192K)
[2026-03-25T20:41:58.352+0900][0.977s][info][gc,heap     ] GC(27) ParOldGen: 48026K(175104K)->50394K(175104K)
[2026-03-25T20:41:58.352+0900][0.977s][info][gc,metaspace] GC(27) Metaspace: 5860K(6080K)->5860K(6080K) NonClass: 5230K(5376K)->5230K(5376K) Class: 630K(704K)->630K(704K)
[2026-03-25T20:41:58.352+0900][0.977s][info][gc          ] GC(27) Pause Young (Allocation Failure) 117M->51M(248M) 1.105ms
[2026-03-25T20:41:58.352+0900][0.977s][info][gc,cpu      ] GC(27) User=0.00s Sys=0.00s Real=0.00s
[2026-03-25T20:41:58.408+0900][1.032s][info][gc,start    ] GC(28) Pause Young (Allocation Failure)
[2026-03-25T20:41:58.409+0900][1.034s][info][gc,heap     ] GC(28) PSYoungGen: 73425K(79360K)->2688K(78848K) Eden: 71057K(71168K)->0K(71168K) From: 2368K(8192K)->2688K(7680K)
[2026-03-25T20:41:58.409+0900][1.034s][info][gc,heap     ] GC(28) ParOldGen: 50394K(175104K)->52754K(175104K)
[2026-03-25T20:41:58.409+0900][1.034s][info][gc,metaspace] GC(28) Metaspace: 5860K(6080K)->5860K(6080K) NonClass: 5230K(5376K)->5230K(5376K) Class: 630K(704K)->630K(704K)
[2026-03-25T20:41:58.409+0900][1.034s][info][gc          ] GC(28) Pause Young (Allocation Failure) 120M->54M(248M) 1.258ms
[2026-03-25T20:41:58.409+0900][1.034s][info][gc,cpu      ] GC(28) User=0.00s Sys=0.00s Real=0.00s
[2026-03-25T20:41:58.410+0900][1.035s][info][gc,start    ] GC(29) Pause Young (Allocation Failure)
[2026-03-25T20:41:58.411+0900][1.035s][info][gc,heap     ] GC(29) PSYoungGen: 73745K(78848K)->2368K(79872K) Eden: 71057K(71168K)->0K(72704K) From: 2688K(7680K)->2368K(7168K)
[2026-03-25T20:41:58.411+0900][1.035s][info][gc,heap     ] GC(29) ParOldGen: 52754K(175104K)->55379K(175104K)
[2026-03-25T20:41:58.411+0900][1.035s][info][gc,metaspace] GC(29) Metaspace: 5860K(6080K)->5860K(6080K) NonClass: 5230K(5376K)->5230K(5376K) Class: 630K(704K)->630K(704K)
[2026-03-25T20:41:58.411+0900][1.035s][info][gc          ] GC(29) Pause Young (Allocation Failure) 123M->56M(249M) 0.728ms
[2026-03-25T20:41:58.411+0900][1.035s][info][gc,cpu      ] GC(29) User=0.00s Sys=0.00s Real=0.00s
[2026-03-25T20:41:58.464+0900][1.089s][info][gc,start    ] GC(30) Pause Young (Allocation Failure)
[2026-03-25T20:41:58.465+0900][1.089s][info][gc,heap     ] GC(30) PSYoungGen: 74992K(79872K)->2368K(79872K) Eden: 72623K(72704K)->0K(72704K) From: 2368K(7168K)->2368K(7168K)
[2026-03-25T20:41:58.465+0900][1.089s][info][gc,heap     ] GC(30) ParOldGen: 55379K(175104K)->57739K(175104K)
[2026-03-25T20:41:58.465+0900][1.089s][info][gc,metaspace] GC(30) Metaspace: 5860K(6080K)->5860K(6080K) NonClass: 5230K(5376K)->5230K(5376K) Class: 630K(704K)->630K(704K)
[2026-03-25T20:41:58.465+0900][1.090s][info][gc          ] GC(30) Pause Young (Allocation Failure) 127M->58M(249M) 1.031ms
[2026-03-25T20:41:58.465+0900][1.090s][info][gc,cpu      ] GC(30) User=0.01s Sys=0.01s Real=0.00s
[2026-03-25T20:41:58.519+0900][1.143s][info][gc,start    ] GC(31) Pause Young (Allocation Failure)
[2026-03-25T20:41:58.520+0900][1.144s][info][gc,heap     ] GC(31) PSYoungGen: 74991K(79872K)->2624K(80384K) Eden: 72623K(72704K)->0K(73728K) From: 2368K(7168K)->2624K(6656K)
[2026-03-25T20:41:58.520+0900][1.144s][info][gc,heap     ] GC(31) ParOldGen: 57739K(175104K)->60107K(175104K)
[2026-03-25T20:41:58.520+0900][1.144s][info][gc,metaspace] GC(31) Metaspace: 5861K(6080K)->5861K(6080K) NonClass: 5231K(5376K)->5231K(5376K) Class: 630K(704K)->630K(704K)
[2026-03-25T20:41:58.520+0900][1.145s][info][gc          ] GC(31) Pause Young (Allocation Failure) 129M->61M(249M) 1.185ms
[2026-03-25T20:41:58.520+0900][1.145s][info][gc,cpu      ] GC(31) User=0.00s Sys=0.00s Real=0.01s
[2026-03-25T20:41:58.577+0900][1.201s][info][gc,start    ] GC(32) Pause Young (Allocation Failure)
[2026-03-25T20:41:58.578+0900][1.202s][info][gc,heap     ] GC(32) PSYoungGen: 76292K(80384K)->2624K(80384K) Eden: 73667K(73728K)->0K(73728K) From: 2624K(6656K)->2624K(6656K)
[2026-03-25T20:41:58.578+0900][1.202s][info][gc,heap     ] GC(32) ParOldGen: 60107K(175104K)->62731K(175104K)
[2026-03-25T20:41:58.578+0900][1.202s][info][gc,metaspace] GC(32) Metaspace: 5861K(6080K)->5861K(6080K) NonClass: 5231K(5376K)->5231K(5376K) Class: 630K(704K)->630K(704K)
[2026-03-25T20:41:58.578+0900][1.203s][info][gc          ] GC(32) Pause Young (Allocation Failure) 133M->63M(249M) 1.396ms
[2026-03-25T20:41:58.578+0900][1.203s][info][gc,cpu      ] GC(32) User=0.00s Sys=0.00s Real=0.00s
[2026-03-25T20:41:58.580+0900][1.205s][info][gc,start    ] GC(33) Pause Young (Allocation Failure)
[2026-03-25T20:41:58.581+0900][1.206s][info][gc,heap     ] GC(33) PSYoungGen: 76291K(80384K)->2368K(80896K) Eden: 73667K(73728K)->0K(74752K) From: 2624K(6656K)->2368K(6144K)
[2026-03-25T20:41:58.581+0900][1.206s][info][gc,heap     ] GC(33) ParOldGen: 62731K(175104K)->65347K(175104K)
[2026-03-25T20:41:58.581+0900][1.206s][info][gc,metaspace] GC(33) Metaspace: 5861K(6080K)->5861K(6080K) NonClass: 5231K(5376K)->5231K(5376K) Class: 630K(704K)->630K(704K)
[2026-03-25T20:41:58.581+0900][1.206s][info][gc          ] GC(33) Pause Young (Allocation Failure) 135M->66M(250M) 0.973ms
[2026-03-25T20:41:58.581+0900][1.206s][info][gc,cpu      ] GC(33) User=0.00s Sys=0.01s Real=0.00s
[2026-03-25T20:41:58.638+0900][1.263s][info][gc,start    ] GC(34) Pause Young (Allocation Failure)
[2026-03-25T20:41:58.640+0900][1.264s][info][gc,heap     ] GC(34) PSYoungGen: 77080K(80896K)->2624K(80896K) Eden: 74712K(74752K)->0K(74752K) From: 2368K(6144K)->2624K(6144K)
[2026-03-25T20:41:58.640+0900][1.264s][info][gc,heap     ] GC(34) ParOldGen: 65347K(175104K)->67707K(175104K)
[2026-03-25T20:41:58.640+0900][1.264s][info][gc,metaspace] GC(34) Metaspace: 5861K(6080K)->5861K(6080K) NonClass: 5231K(5376K)->5231K(5376K) Class: 630K(704K)->630K(704K)
[2026-03-25T20:41:58.640+0900][1.264s][info][gc          ] GC(34) Pause Young (Allocation Failure) 139M->68M(250M) 1.492ms
[2026-03-25T20:41:58.640+0900][1.264s][info][gc,cpu      ] GC(34) User=0.00s Sys=0.00s Real=0.01s
[2026-03-25T20:41:58.692+0900][1.316s][info][gc,start    ] GC(35) Pause Young (Allocation Failure)
[2026-03-25T20:41:58.693+0900][1.318s][info][gc,heap     ] GC(35) PSYoungGen: 77155K(80896K)->2624K(81408K) Eden: 74531K(74752K)->0K(75776K) From: 2624K(6144K)->2624K(5632K)
[2026-03-25T20:41:58.693+0900][1.318s][info][gc,heap     ] GC(35) ParOldGen: 67707K(175104K)->70332K(175104K)
[2026-03-25T20:41:58.693+0900][1.318s][info][gc,metaspace] GC(35) Metaspace: 5864K(6080K)->5864K(6080K) NonClass: 5234K(5376K)->5234K(5376K) Class: 630K(704K)->630K(704K)
[2026-03-25T20:41:58.693+0900][1.318s][info][gc          ] GC(35) Pause Young (Allocation Failure) 141M->71M(250M) 1.301ms
[2026-03-25T20:41:58.693+0900][1.318s][info][gc,cpu      ] GC(35) User=0.00s Sys=0.00s Real=0.00s
[2026-03-25T20:41:58.694+0900][1.319s][info][gc,start    ] GC(36) Pause Young (Allocation Failure)
[2026-03-25T20:41:58.695+0900][1.320s][info][gc,heap     ] GC(36) PSYoungGen: 78377K(81408K)->2624K(81408K) Eden: 75753K(75776K)->0K(75776K) From: 2624K(5632K)->2624K(5632K)
[2026-03-25T20:41:58.695+0900][1.320s][info][gc,heap     ] GC(36) ParOldGen: 70332K(175104K)->72956K(175104K)
[2026-03-25T20:41:58.695+0900][1.320s][info][gc,metaspace] GC(36) Metaspace: 5864K(6080K)->5864K(6080K) NonClass: 5234K(5376K)->5234K(5376K) Class: 630K(704K)->630K(704K)
[2026-03-25T20:41:58.695+0900][1.320s][info][gc          ] GC(36) Pause Young (Allocation Failure) 145M->73M(250M) 0.743ms
[2026-03-25T20:41:58.695+0900][1.320s][info][gc,cpu      ] GC(36) User=0.00s Sys=0.00s Real=0.00s
[2026-03-25T20:41:58.750+0900][1.375s][info][gc,start    ] GC(37) Pause Young (Allocation Failure)
[2026-03-25T20:41:58.751+0900][1.376s][info][gc,heap     ] GC(37) PSYoungGen: 78378K(81408K)->2656K(81920K) Eden: 75754K(75776K)->0K(76800K) From: 2624K(5632K)->2656K(5120K)
[2026-03-25T20:41:58.751+0900][1.376s][info][gc,heap     ] GC(37) ParOldGen: 72956K(175104K)->75572K(175104K)
[2026-03-25T20:41:58.751+0900][1.376s][info][gc,metaspace] GC(37) Metaspace: 5864K(6080K)->5864K(6080K) NonClass: 5234K(5376K)->5234K(5376K) Class: 630K(704K)->630K(704K)
[2026-03-25T20:41:58.751+0900][1.376s][info][gc          ] GC(37) Pause Young (Allocation Failure) 147M->76M(251M) 1.023ms
[2026-03-25T20:41:58.751+0900][1.376s][info][gc,cpu      ] GC(37) User=0.01s Sys=0.01s Real=0.00s
[2026-03-25T20:41:58.803+0900][1.428s][info][gc,start    ] GC(38) Pause Young (Allocation Failure)
[2026-03-25T20:41:58.804+0900][1.429s][info][gc,heap     ] GC(38) PSYoungGen: 79455K(81920K)->2624K(81920K) Eden: 76799K(76800K)->0K(76800K) From: 2656K(5120K)->2624K(5120K)
[2026-03-25T20:41:58.804+0900][1.429s][info][gc,heap     ] GC(38) ParOldGen: 75572K(175104K)->78196K(175104K)
[2026-03-25T20:41:58.804+0900][1.429s][info][gc,metaspace] GC(38) Metaspace: 5864K(6080K)->5864K(6080K) NonClass: 5234K(5376K)->5234K(5376K) Class: 630K(704K)->630K(704K)
[2026-03-25T20:41:58.804+0900][1.429s][info][gc          ] GC(38) Pause Young (Allocation Failure) 151M->78M(251M) 1.191ms
[2026-03-25T20:41:58.804+0900][1.429s][info][gc,cpu      ] GC(38) User=0.00s Sys=0.00s Real=0.00s
[2026-03-25T20:41:58.860+0900][1.484s][info][gc,start    ] GC(39) Pause Young (Allocation Failure)
[2026-03-25T20:41:58.861+0900][1.486s][info][gc,heap     ] GC(39) PSYoungGen: 79423K(81920K)->2880K(82432K) Eden: 76799K(76800K)->0K(77824K) From: 2624K(5120K)->2880K(4608K)
[2026-03-25T20:41:58.861+0900][1.486s][info][gc,heap     ] GC(39) ParOldGen: 78196K(175104K)->80812K(175104K)
[2026-03-25T20:41:58.861+0900][1.486s][info][gc,metaspace] GC(39) Metaspace: 5864K(6080K)->5864K(6080K) NonClass: 5234K(5376K)->5234K(5376K) Class: 630K(704K)->630K(704K)
[2026-03-25T20:41:58.861+0900][1.486s][info][gc          ] GC(39) Pause Young (Allocation Failure) 153M->81M(251M) 1.403ms
[2026-03-25T20:41:58.861+0900][1.486s][info][gc,cpu      ] GC(39) User=0.00s Sys=0.00s Real=0.00s
[2026-03-25T20:41:58.863+0900][1.487s][info][gc,start    ] GC(40) Pause Young (Allocation Failure)
[2026-03-25T20:41:58.864+0900][1.488s][info][gc,heap     ] GC(40) PSYoungGen: 80595K(82432K)->2368K(82432K) Eden: 77715K(77824K)->0K(77824K) From: 2880K(4608K)->2368K(4608K)
[2026-03-25T20:41:58.864+0900][1.488s][info][gc,heap     ] GC(40) ParOldGen: 80812K(175104K)->83692K(175104K)
[2026-03-25T20:41:58.864+0900][1.488s][info][gc,metaspace] GC(40) Metaspace: 5864K(6080K)->5864K(6080K) NonClass: 5234K(5376K)->5234K(5376K) Class: 630K(704K)->630K(704K)
[2026-03-25T20:41:58.864+0900][1.489s][info][gc          ] GC(40) Pause Young (Allocation Failure) 157M->84M(251M) 1.124ms
[2026-03-25T20:41:58.864+0900][1.489s][info][gc,cpu      ] GC(40) User=0.01s Sys=0.01s Real=0.00s
[2026-03-25T20:41:58.920+0900][1.545s][info][gc,start    ] GC(41) Pause Young (Allocation Failure)
[2026-03-25T20:41:58.922+0900][1.546s][info][gc,heap     ] GC(41) PSYoungGen: 79965K(82432K)->2880K(82432K) Eden: 77597K(77824K)->0K(77824K) From: 2368K(4608K)->2880K(4608K)
[2026-03-25T20:41:58.922+0900][1.546s][info][gc,heap     ] GC(41) ParOldGen: 83692K(175104K)->86052K(175104K)
[2026-03-25T20:41:58.922+0900][1.546s][info][gc,metaspace] GC(41) Metaspace: 5864K(6080K)->5864K(6080K) NonClass: 5234K(5376K)->5234K(5376K) Class: 630K(704K)->630K(704K)
[2026-03-25T20:41:58.922+0900][1.546s][info][gc          ] GC(41) Pause Young (Allocation Failure) 159M->86M(251M) 1.480ms
[2026-03-25T20:41:58.922+0900][1.546s][info][gc,cpu      ] GC(41) User=0.00s Sys=0.00s Real=0.00s
[2026-03-25T20:41:58.979+0900][1.604s][info][gc,start    ] GC(42) Pause Young (Allocation Failure)
[2026-03-25T20:41:58.981+0900][1.605s][info][gc,heap     ] GC(42) PSYoungGen: 80704K(82432K)->2624K(82432K) Eden: 77824K(77824K)->0K(77824K) From: 2880K(4608K)->2624K(4608K)
[2026-03-25T20:41:58.981+0900][1.605s][info][gc,heap     ] GC(42) ParOldGen: 86052K(175104K)->88925K(175104K)
[2026-03-25T20:41:58.981+0900][1.605s][info][gc,metaspace] GC(42) Metaspace: 5864K(6080K)->5864K(6080K) NonClass: 5234K(5376K)->5234K(5376K) Class: 630K(704K)->630K(704K)
[2026-03-25T20:41:58.981+0900][1.605s][info][gc          ] GC(42) Pause Young (Allocation Failure) 162M->89M(251M) 1.609ms
[2026-03-25T20:41:58.981+0900][1.605s][info][gc,cpu      ] GC(42) User=0.01s Sys=0.00s Real=0.01s
[2026-03-25T20:41:58.983+0900][1.608s][info][gc,start    ] GC(43) Pause Young (Allocation Failure)
[2026-03-25T20:41:58.984+0900][1.608s][info][gc,heap     ] GC(43) PSYoungGen: 80448K(82432K)->2688K(82944K) Eden: 77824K(77824K)->0K(78848K) From: 2624K(4608K)->2688K(4096K)
[2026-03-25T20:41:58.984+0900][1.608s][info][gc,heap     ] GC(43) ParOldGen: 88925K(175104K)->91533K(175104K)
[2026-03-25T20:41:58.984+0900][1.608s][info][gc,metaspace] GC(43) Metaspace: 5864K(6080K)->5864K(6080K) NonClass: 5234K(5376K)->5234K(5376K) Class: 630K(704K)->630K(704K)
[2026-03-25T20:41:58.984+0900][1.608s][info][gc          ] GC(43) Pause Young (Allocation Failure) 165M->92M(252M) 0.934ms
[2026-03-25T20:41:58.984+0900][1.609s][info][gc,cpu      ] GC(43) User=0.00s Sys=0.00s Real=0.00s
[2026-03-25T20:41:59.041+0900][1.666s][info][gc,start    ] GC(44) Pause Young (Allocation Failure)
[2026-03-25T20:41:59.043+0900][1.668s][info][gc,heap     ] GC(44) PSYoungGen: 81378K(82944K)->2720K(82944K) Eden: 78690K(78848K)->0K(78848K) From: 2688K(4096K)->2720K(4096K)
[2026-03-25T20:41:59.043+0900][1.668s][info][gc,heap     ] GC(44) ParOldGen: 91533K(175104K)->94149K(175104K)
[2026-03-25T20:41:59.043+0900][1.668s][info][gc,metaspace] GC(44) Metaspace: 5864K(6080K)->5864K(6080K) NonClass: 5234K(5376K)->5234K(5376K) Class: 630K(704K)->630K(704K)
[2026-03-25T20:41:59.043+0900][1.668s][info][gc          ] GC(44) Pause Young (Allocation Failure) 168M->94M(252M) 1.953ms
[2026-03-25T20:41:59.043+0900][1.668s][info][gc,cpu      ] GC(44) User=0.01s Sys=0.01s Real=0.00s
[2026-03-25T20:41:59.098+0900][1.722s][info][gc,start    ] GC(45) Pause Young (Allocation Failure)
[2026-03-25T20:41:59.099+0900][1.724s][info][gc,heap     ] GC(45) PSYoungGen: 81384K(82944K)->2880K(82944K) Eden: 78664K(78848K)->0K(78848K) From: 2720K(4096K)->2880K(4096K)
[2026-03-25T20:41:59.099+0900][1.724s][info][gc,heap     ] GC(45) ParOldGen: 94149K(175104K)->96765K(175104K)
[2026-03-25T20:41:59.099+0900][1.724s][info][gc,metaspace] GC(45) Metaspace: 5864K(6080K)->5864K(6080K) NonClass: 5234K(5376K)->5234K(5376K) Class: 630K(704K)->630K(704K)
[2026-03-25T20:41:59.100+0900][1.724s][info][gc          ] GC(45) Pause Young (Allocation Failure) 171M->97M(252M) 1.777ms
[2026-03-25T20:41:59.100+0900][1.724s][info][gc,cpu      ] GC(45) User=0.00s Sys=0.00s Real=0.01s
[2026-03-25T20:41:59.157+0900][1.782s][info][gc,start    ] GC(46) Pause Young (Allocation Failure)
[2026-03-25T20:41:59.159+0900][1.784s][info][gc,heap     ] GC(46) PSYoungGen: 81548K(82944K)->2688K(82944K) Eden: 78668K(78848K)->0K(78848K) From: 2880K(4096K)->2688K(4096K)
[2026-03-25T20:41:59.159+0900][1.784s][info][gc,heap     ] GC(46) ParOldGen: 96765K(175104K)->99637K(175104K)
[2026-03-25T20:41:59.159+0900][1.784s][info][gc,metaspace] GC(46) Metaspace: 5864K(6080K)->5864K(6080K) NonClass: 5234K(5376K)->5234K(5376K) Class: 630K(704K)->630K(704K)
[2026-03-25T20:41:59.159+0900][1.784s][info][gc          ] GC(46) Pause Young (Allocation Failure) 174M->99M(252M) 2.023ms
[2026-03-25T20:41:59.159+0900][1.784s][info][gc,cpu      ] GC(46) User=0.00s Sys=0.01s Real=0.00s
[2026-03-25T20:41:59.162+0900][1.786s][info][gc,start    ] GC(47) Pause Young (Allocation Failure)
[2026-03-25T20:41:59.163+0900][1.787s][info][gc,heap     ] GC(47) PSYoungGen: 81359K(82944K)->2656K(82944K) Eden: 78671K(78848K)->0K(78848K) From: 2688K(4096K)->2656K(4096K)
[2026-03-25T20:41:59.163+0900][1.787s][info][gc,heap     ] GC(47) ParOldGen: 99637K(175104K)->102253K(175104K)
[2026-03-25T20:41:59.163+0900][1.787s][info][gc,metaspace] GC(47) Metaspace: 5864K(6080K)->5864K(6080K) NonClass: 5234K(5376K)->5234K(5376K) Class: 630K(704K)->630K(704K)
[2026-03-25T20:41:59.163+0900][1.787s][info][gc          ] GC(47) Pause Young (Allocation Failure) 176M->102M(252M) 0.930ms
[2026-03-25T20:41:59.163+0900][1.787s][info][gc,cpu      ] GC(47) User=0.00s Sys=0.00s Real=0.00s
[2026-03-25T20:41:59.220+0900][1.845s][info][gc,start    ] GC(48) Pause Young (Allocation Failure)
[2026-03-25T20:41:59.222+0900][1.846s][info][gc,heap     ] GC(48) PSYoungGen: 81328K(82944K)->2976K(82944K) Eden: 78672K(78848K)->0K(78848K) From: 2656K(4096K)->2976K(4096K)
[2026-03-25T20:41:59.222+0900][1.846s][info][gc,heap     ] GC(48) ParOldGen: 102253K(175104K)->104870K(175104K)
[2026-03-25T20:41:59.222+0900][1.846s][info][gc,metaspace] GC(48) Metaspace: 5864K(6080K)->5864K(6080K) NonClass: 5234K(5376K)->5234K(5376K) Class: 630K(704K)->630K(704K)
[2026-03-25T20:41:59.222+0900][1.846s][info][gc          ] GC(48) Pause Young (Allocation Failure) 179M->105M(252M) 1.179ms
[2026-03-25T20:41:59.222+0900][1.846s][info][gc,cpu      ] GC(48) User=0.00s Sys=0.00s Real=0.00s
[2026-03-25T20:41:59.279+0900][1.903s][info][gc,start    ] GC(49) Pause Young (Allocation Failure)
[2026-03-25T20:41:59.280+0900][1.904s][info][gc,heap     ] GC(49) PSYoungGen: 81649K(82944K)->2656K(83456K) Eden: 78673K(78848K)->0K(79360K) From: 2976K(4096K)->2656K(4096K)
[2026-03-25T20:41:59.280+0900][1.904s][info][gc,heap     ] GC(49) ParOldGen: 104870K(175104K)->107734K(175104K)
[2026-03-25T20:41:59.280+0900][1.904s][info][gc,metaspace] GC(49) Metaspace: 5864K(6080K)->5864K(6080K) NonClass: 5234K(5376K)->5234K(5376K) Class: 630K(704K)->630K(704K)
[2026-03-25T20:41:59.280+0900][1.905s][info][gc          ] GC(49) Pause Young (Allocation Failure) 182M->107M(252M) 1.337ms
[2026-03-25T20:41:59.280+0900][1.905s][info][gc,cpu      ] GC(49) User=0.00s Sys=0.00s Real=0.01s
[2026-03-25T20:41:59.336+0900][1.961s][info][gc,start    ] GC(50) Pause Young (Allocation Failure)
[2026-03-25T20:41:59.337+0900][1.962s][info][gc,heap     ] GC(50) PSYoungGen: 81814K(83456K)->2912K(82944K) Eden: 79157K(79360K)->0K(79360K) From: 2656K(4096K)->2912K(3584K)
[2026-03-25T20:41:59.337+0900][1.962s][info][gc,heap     ] GC(50) ParOldGen: 107734K(175104K)->110350K(175104K)
[2026-03-25T20:41:59.337+0900][1.962s][info][gc,metaspace] GC(50) Metaspace: 5864K(6080K)->5864K(6080K) NonClass: 5234K(5376K)->5234K(5376K) Class: 630K(704K)->630K(704K)
[2026-03-25T20:41:59.337+0900][1.962s][info][gc          ] GC(50) Pause Young (Allocation Failure) 185M->110M(252M) 1.045ms
[2026-03-25T20:41:59.337+0900][1.962s][info][gc,cpu      ] GC(50) User=0.00s Sys=0.01s Real=0.00s
[2026-03-25T20:41:59.339+0900][1.963s][info][gc,start    ] GC(51) Pause Young (Allocation Failure)
[2026-03-25T20:41:59.340+0900][1.964s][info][gc,heap     ] GC(51) PSYoungGen: 82070K(82944K)->2624K(83456K) Eden: 79158K(79360K)->0K(79872K) From: 2912K(3584K)->2624K(3584K)
[2026-03-25T20:41:59.340+0900][1.964s][info][gc,heap     ] GC(51) ParOldGen: 110350K(175104K)->113230K(175104K)
[2026-03-25T20:41:59.340+0900][1.964s][info][gc,metaspace] GC(51) Metaspace: 5864K(6080K)->5864K(6080K) NonClass: 5234K(5376K)->5234K(5376K) Class: 630K(704K)->630K(704K)
[2026-03-25T20:41:59.340+0900][1.964s][info][gc          ] GC(51) Pause Young (Allocation Failure) 187M->113M(252M) 0.930ms
[2026-03-25T20:41:59.340+0900][1.964s][info][gc,cpu      ] GC(51) User=0.00s Sys=0.00s Real=0.01s
[2026-03-25T20:41:59.396+0900][2.021s][info][gc,start    ] GC(52) Pause Young (Allocation Failure)
[2026-03-25T20:41:59.397+0900][2.022s][info][gc,heap     ] GC(52) PSYoungGen: 82304K(83456K)->2880K(83456K) Eden: 79680K(79872K)->0K(79872K) From: 2624K(3584K)->2880K(3584K)
[2026-03-25T20:41:59.397+0900][2.022s][info][gc,heap     ] GC(52) ParOldGen: 113230K(175104K)->115814K(175104K)
[2026-03-25T20:41:59.397+0900][2.022s][info][gc,metaspace] GC(52) Metaspace: 5864K(6080K)->5864K(6080K) NonClass: 5234K(5376K)->5234K(5376K) Class: 630K(704K)->630K(704K)
[2026-03-25T20:41:59.397+0900][2.022s][info][gc          ] GC(52) Pause Young (Allocation Failure) 190M->115M(252M) 1.190ms
[2026-03-25T20:41:59.397+0900][2.022s][info][gc,cpu      ] GC(52) User=0.00s Sys=0.00s Real=0.00s
[2026-03-25T20:41:59.454+0900][2.079s][info][gc,start    ] GC(53) Pause Young (Allocation Failure)
[2026-03-25T20:41:59.455+0900][2.080s][info][gc,heap     ] GC(53) PSYoungGen: 82561K(83456K)->2656K(83456K) Eden: 79680K(79872K)->0K(79872K) From: 2880K(3584K)->2656K(3584K)
[2026-03-25T20:41:59.455+0900][2.080s][info][gc,heap     ] GC(53) ParOldGen: 115814K(175104K)->118686K(175104K)
[2026-03-25T20:41:59.455+0900][2.080s][info][gc,metaspace] GC(53) Metaspace: 5864K(6080K)->5864K(6080K) NonClass: 5234K(5376K)->5234K(5376K) Class: 630K(704K)->630K(704K)
[2026-03-25T20:41:59.455+0900][2.080s][info][gc          ] GC(53) Pause Young (Allocation Failure) 193M->118M(252M) 1.247ms
[2026-03-25T20:41:59.455+0900][2.080s][info][gc,cpu      ] GC(53) User=0.00s Sys=0.00s Real=0.00s
[2026-03-25T20:41:59.512+0900][2.137s][info][gc,start    ] GC(54) Pause Young (Allocation Failure)
[2026-03-25T20:41:59.514+0900][2.138s][info][gc,heap     ] GC(54) PSYoungGen: 82337K(83456K)->3008K(83456K) Eden: 79680K(79872K)->0K(79872K) From: 2656K(3584K)->3008K(3584K)
[2026-03-25T20:41:59.514+0900][2.138s][info][gc,heap     ] GC(54) ParOldGen: 118686K(175104K)->121303K(175104K)
[2026-03-25T20:41:59.514+0900][2.138s][info][gc,metaspace] GC(54) Metaspace: 5864K(6080K)->5864K(6080K) NonClass: 5234K(5376K)->5234K(5376K) Class: 630K(704K)->630K(704K)
[2026-03-25T20:41:59.514+0900][2.139s][info][gc          ] GC(54) Pause Young (Allocation Failure) 196M->121M(252M) 1.523ms
[2026-03-25T20:41:59.514+0900][2.139s][info][gc,cpu      ] GC(54) User=0.00s Sys=0.00s Real=0.00s
[2026-03-25T20:41:59.515+0900][2.140s][info][gc,start    ] GC(55) Pause Young (Allocation Failure)
[2026-03-25T20:41:59.516+0900][2.141s][info][gc,heap     ] GC(55) PSYoungGen: 82689K(83456K)->2624K(83456K) Eden: 79681K(79872K)->0K(79872K) From: 3008K(3584K)->2624K(3584K)
[2026-03-25T20:41:59.516+0900][2.141s][info][gc,heap     ] GC(55) ParOldGen: 121303K(175104K)->124175K(175104K)
[2026-03-25T20:41:59.516+0900][2.141s][info][gc,metaspace] GC(55) Metaspace: 5864K(6080K)->5864K(6080K) NonClass: 5234K(5376K)->5234K(5376K) Class: 630K(704K)->630K(704K)
[2026-03-25T20:41:59.516+0900][2.141s][info][gc          ] GC(55) Pause Young (Allocation Failure) 199M->123M(252M) 0.971ms
[2026-03-25T20:41:59.516+0900][2.141s][info][gc,cpu      ] GC(55) User=0.01s Sys=0.01s Real=0.00s
[2026-03-25T20:41:59.572+0900][2.197s][info][gc,start    ] GC(56) Pause Young (Allocation Failure)
[2026-03-25T20:41:59.573+0900][2.198s][info][gc,heap     ] GC(56) PSYoungGen: 82305K(83456K)->2880K(83456K) Eden: 79681K(79872K)->0K(79872K) From: 2624K(3584K)->2880K(3584K)
[2026-03-25T20:41:59.573+0900][2.198s][info][gc,heap     ] GC(56) ParOldGen: 124175K(175104K)->126799K(175104K)
[2026-03-25T20:41:59.573+0900][2.198s][info][gc,metaspace] GC(56) Metaspace: 5864K(6080K)->5864K(6080K) NonClass: 5234K(5376K)->5234K(5376K) Class: 630K(704K)->630K(704K)
[2026-03-25T20:41:59.573+0900][2.198s][info][gc          ] GC(56) Pause Young (Allocation Failure) 201M->126M(252M) 0.692ms
[2026-03-25T20:41:59.573+0900][2.198s][info][gc,cpu      ] GC(56) User=0.00s Sys=0.00s Real=0.00s
[2026-03-25T20:41:59.630+0900][2.254s][info][gc,start    ] GC(57) Pause Young (Allocation Failure)
[2026-03-25T20:41:59.631+0900][2.255s][info][gc,heap     ] GC(57) PSYoungGen: 82561K(83456K)->2624K(83456K) Eden: 79681K(79872K)->0K(79872K) From: 2880K(3584K)->2624K(3584K)
[2026-03-25T20:41:59.631+0900][2.255s][info][gc,heap     ] GC(57) ParOldGen: 126799K(175104K)->129671K(175104K)
[2026-03-25T20:41:59.631+0900][2.255s][info][gc,metaspace] GC(57) Metaspace: 5864K(6080K)->5864K(6080K) NonClass: 5234K(5376K)->5234K(5376K) Class: 630K(704K)->630K(704K)
[2026-03-25T20:41:59.631+0900][2.255s][info][gc          ] GC(57) Pause Young (Allocation Failure) 204M->129M(252M) 1.190ms
[2026-03-25T20:41:59.631+0900][2.255s][info][gc,cpu      ] GC(57) User=0.00s Sys=0.00s Real=0.00s
[2026-03-25T20:41:59.685+0900][2.309s][info][gc,start    ] GC(58) Pause Young (Allocation Failure)
[2026-03-25T20:41:59.686+0900][2.311s][info][gc,heap     ] GC(58) PSYoungGen: 82305K(83456K)->2976K(83456K) Eden: 79681K(79872K)->0K(79872K) From: 2624K(3584K)->2976K(3584K)
[2026-03-25T20:41:59.686+0900][2.311s][info][gc,heap     ] GC(58) ParOldGen: 129671K(175104K)->132287K(175104K)
[2026-03-25T20:41:59.686+0900][2.311s][info][gc,metaspace] GC(58) Metaspace: 5864K(6080K)->5864K(6080K) NonClass: 5234K(5376K)->5234K(5376K) Class: 630K(704K)->630K(704K)
[2026-03-25T20:41:59.686+0900][2.311s][info][gc          ] GC(58) Pause Young (Allocation Failure) 207M->132M(252M) 1.632ms
[2026-03-25T20:41:59.686+0900][2.311s][info][gc,cpu      ] GC(58) User=0.01s Sys=0.00s Real=0.00s
[2026-03-25T20:41:59.689+0900][2.313s][info][gc,start    ] GC(59) Pause Young (Allocation Failure)
[2026-03-25T20:41:59.690+0900][2.314s][info][gc,heap     ] GC(59) PSYoungGen: 82777K(83456K)->2688K(83456K) Eden: 79801K(79872K)->0K(79872K) From: 2976K(3584K)->2688K(3584K)
[2026-03-25T20:41:59.690+0900][2.314s][info][gc,heap     ] GC(59) ParOldGen: 132287K(175104K)->135159K(175104K)
[2026-03-25T20:41:59.690+0900][2.314s][info][gc,metaspace] GC(59) Metaspace: 5866K(6080K)->5866K(6080K) NonClass: 5236K(5376K)->5236K(5376K) Class: 630K(704K)->630K(704K)
[2026-03-25T20:41:59.690+0900][2.314s][info][gc          ] GC(59) Pause Young (Allocation Failure) 210M->134M(252M) 0.846ms
[2026-03-25T20:41:59.690+0900][2.314s][info][gc,cpu      ] GC(59) User=0.01s Sys=0.01s Real=0.01s
[2026-03-25T20:41:59.747+0900][2.372s][info][gc,start    ] GC(60) Pause Young (Allocation Failure)
[2026-03-25T20:41:59.749+0900][2.373s][info][gc,heap     ] GC(60) PSYoungGen: 82382K(83456K)->2976K(83456K) Eden: 79694K(79872K)->0K(79872K) From: 2688K(3584K)->2976K(3584K)
[2026-03-25T20:41:59.749+0900][2.373s][info][gc,heap     ] GC(60) ParOldGen: 135159K(175104K)->137776K(175104K)
[2026-03-25T20:41:59.749+0900][2.373s][info][gc,metaspace] GC(60) Metaspace: 5889K(6080K)->5889K(6080K) NonClass: 5258K(5376K)->5258K(5376K) Class: 630K(704K)->630K(704K)
[2026-03-25T20:41:59.749+0900][2.373s][info][gc          ] GC(60) Pause Young (Allocation Failure) 212M->137M(252M) 1.635ms
[2026-03-25T20:41:59.749+0900][2.373s][info][gc,cpu      ] GC(60) User=0.00s Sys=0.00s Real=0.00s
[2026-03-25T20:41:59.807+0900][2.431s][info][gc,start    ] GC(61) Pause Young (Allocation Failure)
[2026-03-25T20:41:59.808+0900][2.433s][info][gc,heap     ] GC(61) PSYoungGen: 82653K(83456K)->2656K(83456K) Eden: 79676K(79872K)->0K(79872K) From: 2976K(3584K)->2656K(3584K)
[2026-03-25T20:41:59.808+0900][2.433s][info][gc,heap     ] GC(61) ParOldGen: 137776K(175104K)->140648K(175104K)
[2026-03-25T20:41:59.808+0900][2.433s][info][gc,metaspace] GC(61) Metaspace: 5889K(6080K)->5889K(6080K) NonClass: 5258K(5376K)->5258K(5376K) Class: 630K(704K)->630K(704K)
[2026-03-25T20:41:59.809+0900][2.433s][info][gc          ] GC(61) Pause Young (Allocation Failure) 215M->139M(252M) 1.641ms
[2026-03-25T20:41:59.809+0900][2.433s][info][gc,cpu      ] GC(61) User=0.01s Sys=0.00s Real=0.00s
[2026-03-25T20:41:59.866+0900][2.490s][info][gc,start    ] GC(62) Pause Young (Allocation Failure)
[2026-03-25T20:41:59.867+0900][2.492s][info][gc,heap     ] GC(62) PSYoungGen: 82334K(83456K)->2976K(83456K) Eden: 79678K(79872K)->0K(79872K) From: 2656K(3584K)->2976K(3584K)
[2026-03-25T20:41:59.867+0900][2.492s][info][gc,heap     ] GC(62) ParOldGen: 140648K(175104K)->143264K(175104K)
[2026-03-25T20:41:59.867+0900][2.492s][info][gc,metaspace] GC(62) Metaspace: 5889K(6080K)->5889K(6080K) NonClass: 5258K(5376K)->5258K(5376K) Class: 630K(704K)->630K(704K)
[2026-03-25T20:41:59.867+0900][2.492s][info][gc          ] GC(62) Pause Young (Allocation Failure) 217M->142M(252M) 1.533ms
[2026-03-25T20:41:59.867+0900][2.492s][info][gc,cpu      ] GC(62) User=0.00s Sys=0.00s Real=0.00s
[2026-03-25T20:41:59.870+0900][2.494s][info][gc,start    ] GC(63) Pause Young (Allocation Failure)
[2026-03-25T20:41:59.870+0900][2.495s][info][gc,heap     ] GC(63) PSYoungGen: 82655K(83456K)->2624K(83456K) Eden: 79679K(79872K)->0K(79872K) From: 2976K(3584K)->2624K(3584K)
[2026-03-25T20:41:59.870+0900][2.495s][info][gc,heap     ] GC(63) ParOldGen: 143264K(175104K)->146128K(175104K)
[2026-03-25T20:41:59.870+0900][2.495s][info][gc,metaspace] GC(63) Metaspace: 5889K(6080K)->5889K(6080K) NonClass: 5258K(5376K)->5258K(5376K) Class: 630K(704K)->630K(704K)
[2026-03-25T20:41:59.870+0900][2.495s][info][gc          ] GC(63) Pause Young (Allocation Failure) 220M->145M(252M) 0.893ms
[2026-03-25T20:41:59.870+0900][2.495s][info][gc,cpu      ] GC(63) User=0.00s Sys=0.00s Real=0.00s
[2026-03-25T20:41:59.924+0900][2.549s][info][gc,start    ] GC(64) Pause Young (Allocation Failure)
[2026-03-25T20:41:59.926+0900][2.550s][info][gc,heap     ] GC(64) PSYoungGen: 82304K(83456K)->2976K(83456K) Eden: 79679K(79872K)->0K(79872K) From: 2624K(3584K)->2976K(3584K)
[2026-03-25T20:41:59.926+0900][2.550s][info][gc,heap     ] GC(64) ParOldGen: 146128K(175104K)->148736K(175104K)
[2026-03-25T20:41:59.926+0900][2.550s][info][gc,metaspace] GC(64) Metaspace: 5889K(6080K)->5889K(6080K) NonClass: 5258K(5376K)->5258K(5376K) Class: 630K(704K)->630K(704K)
[2026-03-25T20:41:59.926+0900][2.550s][info][gc          ] GC(64) Pause Young (Allocation Failure) 223M->148M(252M) 1.446ms
[2026-03-25T20:41:59.926+0900][2.550s][info][gc,cpu      ] GC(64) User=0.00s Sys=0.01s Real=0.00s
[2026-03-25T20:41:59.984+0900][2.608s][info][gc,start    ] GC(65) Pause Young (Allocation Failure)
[2026-03-25T20:41:59.985+0900][2.609s][info][gc,heap     ] GC(65) PSYoungGen: 82656K(83456K)->2944K(83456K) Eden: 79680K(79872K)->0K(79872K) From: 2976K(3584K)->2944K(3584K)
[2026-03-25T20:41:59.985+0900][2.609s][info][gc,heap     ] GC(65) ParOldGen: 148736K(175104K)->151608K(175104K)
[2026-03-25T20:41:59.985+0900][2.609s][info][gc,metaspace] GC(65) Metaspace: 5889K(6080K)->5889K(6080K) NonClass: 5258K(5376K)->5258K(5376K) Class: 630K(704K)->630K(704K)
[2026-03-25T20:41:59.985+0900][2.609s][info][gc          ] GC(65) Pause Young (Allocation Failure) 225M->150M(252M) 1.299ms
[2026-03-25T20:41:59.985+0900][2.609s][info][gc,cpu      ] GC(65) User=0.00s Sys=0.00s Real=0.00s
[2026-03-25T20:42:00.043+0900][2.667s][info][gc,start    ] GC(66) Pause Young (Allocation Failure)
[2026-03-25T20:42:00.045+0900][2.669s][info][gc,heap     ] GC(66) PSYoungGen: 82624K(83456K)->3008K(83456K) Eden: 79680K(79872K)->0K(79872K) From: 2944K(3584K)->3008K(3584K)
[2026-03-25T20:42:00.045+0900][2.669s][info][gc,heap     ] GC(66) ParOldGen: 151608K(175104K)->154225K(175104K)
[2026-03-25T20:42:00.045+0900][2.669s][info][gc,metaspace] GC(66) Metaspace: 5889K(6080K)->5889K(6080K) NonClass: 5258K(5376K)->5258K(5376K) Class: 630K(704K)->630K(704K)
[2026-03-25T20:42:00.045+0900][2.669s][info][gc          ] GC(66) Pause Young (Allocation Failure) 228M->153M(252M) 2.046ms
[2026-03-25T20:42:00.045+0900][2.669s][info][gc,cpu      ] GC(66) User=0.01s Sys=0.00s Real=0.00s
[2026-03-25T20:42:00.047+0900][2.672s][info][gc,start    ] GC(67) Pause Young (Allocation Failure)
[2026-03-25T20:42:00.049+0900][2.673s][info][gc,heap     ] GC(67) PSYoungGen: 82688K(83456K)->2720K(83456K) Eden: 79680K(79872K)->0K(79872K) From: 3008K(3584K)->2720K(3584K)
[2026-03-25T20:42:00.049+0900][2.673s][info][gc,heap     ] GC(67) ParOldGen: 154225K(175104K)->157097K(175104K)
[2026-03-25T20:42:00.049+0900][2.673s][info][gc,metaspace] GC(67) Metaspace: 5889K(6080K)->5889K(6080K) NonClass: 5258K(5376K)->5258K(5376K) Class: 630K(704K)->630K(704K)
[2026-03-25T20:42:00.049+0900][2.673s][info][gc          ] GC(67) Pause Young (Allocation Failure) 231M->156M(252M) 1.572ms
[2026-03-25T20:42:00.049+0900][2.673s][info][gc,cpu      ] GC(67) User=0.00s Sys=0.00s Real=0.00s
[2026-03-25T20:42:00.107+0900][2.731s][info][gc,start    ] GC(68) Pause Young (Allocation Failure)
[2026-03-25T20:42:00.108+0900][2.732s][info][gc,heap     ] GC(68) PSYoungGen: 82401K(83456K)->2976K(83456K) Eden: 79680K(79872K)->0K(79872K) From: 2720K(3584K)->2976K(3584K)
[2026-03-25T20:42:00.108+0900][2.732s][info][gc,heap     ] GC(68) ParOldGen: 157097K(175104K)->159713K(175104K)
[2026-03-25T20:42:00.108+0900][2.732s][info][gc,metaspace] GC(68) Metaspace: 5889K(6080K)->5889K(6080K) NonClass: 5258K(5376K)->5258K(5376K) Class: 630K(704K)->630K(704K)
[2026-03-25T20:42:00.108+0900][2.732s][info][gc          ] GC(68) Pause Young (Allocation Failure) 233M->158M(252M) 1.302ms
[2026-03-25T20:42:00.108+0900][2.732s][info][gc,cpu      ] GC(68) User=0.00s Sys=0.01s Real=0.00s
[2026-03-25T20:42:00.162+0900][2.786s][info][gc,start    ] GC(69) Pause Young (Allocation Failure)
[2026-03-25T20:42:00.164+0900][2.788s][info][gc,heap     ] GC(69) PSYoungGen: 82657K(83456K)->2944K(83456K) Eden: 79680K(79872K)->0K(79872K) From: 2976K(3584K)->2944K(3584K)
[2026-03-25T20:42:00.164+0900][2.788s][info][gc,heap     ] GC(69) ParOldGen: 159713K(175104K)->162585K(175104K)
[2026-03-25T20:42:00.164+0900][2.788s][info][gc,metaspace] GC(69) Metaspace: 5889K(6080K)->5889K(6080K) NonClass: 5258K(5376K)->5258K(5376K) Class: 630K(704K)->630K(704K)
[2026-03-25T20:42:00.164+0900][2.788s][info][gc          ] GC(69) Pause Young (Allocation Failure) 236M->161M(252M) 2.025ms
[2026-03-25T20:42:00.164+0900][2.788s][info][gc,cpu      ] GC(69) User=0.01s Sys=0.00s Real=0.00s
[2026-03-25T20:42:00.219+0900][2.844s][info][gc,start    ] GC(70) Pause Young (Allocation Failure)
[2026-03-25T20:42:00.221+0900][2.845s][info][gc,heap     ] GC(70) PSYoungGen: 82625K(83456K)->2624K(83456K) Eden: 79681K(79872K)->0K(79872K) From: 2944K(3584K)->2624K(3584K)
[2026-03-25T20:42:00.221+0900][2.845s][info][gc,heap     ] GC(70) ParOldGen: 162585K(175104K)->165457K(175104K)
[2026-03-25T20:42:00.221+0900][2.845s][info][gc,metaspace] GC(70) Metaspace: 5889K(6080K)->5889K(6080K) NonClass: 5258K(5376K)->5258K(5376K) Class: 630K(704K)->630K(704K)
[2026-03-25T20:42:00.221+0900][2.845s][info][gc          ] GC(70) Pause Young (Allocation Failure) 239M->164M(252M) 1.739ms
[2026-03-25T20:42:00.221+0900][2.846s][info][gc,cpu      ] GC(70) User=0.00s Sys=0.00s Real=0.01s
[2026-03-25T20:42:00.223+0900][2.848s][info][gc,start    ] GC(71) Pause Young (Allocation Failure)
[2026-03-25T20:42:00.224+0900][2.849s][info][gc,heap     ] GC(71) PSYoungGen: 82305K(83456K)->2688K(83456K) Eden: 79681K(79872K)->0K(79872K) From: 2624K(3584K)->2688K(3584K)
[2026-03-25T20:42:00.225+0900][2.849s][info][gc,heap     ] GC(71) ParOldGen: 165457K(175104K)->168065K(175104K)
[2026-03-25T20:42:00.225+0900][2.849s][info][gc,metaspace] GC(71) Metaspace: 5889K(6080K)->5889K(6080K) NonClass: 5258K(5376K)->5258K(5376K) Class: 630K(704K)->630K(704K)
[2026-03-25T20:42:00.225+0900][2.849s][info][gc          ] GC(71) Pause Young (Allocation Failure) 241M->166M(252M) 1.210ms
[2026-03-25T20:42:00.225+0900][2.849s][info][gc,cpu      ] GC(71) User=0.00s Sys=0.00s Real=0.00s
[2026-03-25T20:42:00.281+0900][2.905s][info][gc,start    ] GC(72) Pause Young (Allocation Failure)
[2026-03-25T20:42:00.283+0900][2.907s][info][gc,heap     ] GC(72) PSYoungGen: 82369K(83456K)->2944K(83456K) Eden: 79681K(79872K)->0K(79872K) From: 2688K(3584K)->2944K(3584K)
[2026-03-25T20:42:00.283+0900][2.907s][info][gc,heap     ] GC(72) ParOldGen: 168065K(175104K)->170682K(175104K)
[2026-03-25T20:42:00.283+0900][2.907s][info][gc,metaspace] GC(72) Metaspace: 5889K(6080K)->5889K(6080K) NonClass: 5258K(5376K)->5258K(5376K) Class: 630K(704K)->630K(704K)
[2026-03-25T20:42:00.283+0900][2.907s][info][gc          ] GC(72) Pause Young (Allocation Failure) 244M->169M(252M) 2.106ms
[2026-03-25T20:42:00.283+0900][2.908s][info][gc,cpu      ] GC(72) User=0.01s Sys=0.01s Real=0.00s
[2026-03-25T20:42:00.341+0900][2.965s][info][gc,start    ] GC(73) Pause Young (Allocation Failure)
[2026-03-25T20:42:00.343+0900][2.967s][info][gc,heap     ] GC(73) PSYoungGen: 82625K(83456K)->2944K(83456K) Eden: 79681K(79872K)->0K(79872K) From: 2944K(3584K)->2944K(3584K)
[2026-03-25T20:42:00.343+0900][2.967s][info][gc,heap     ] GC(73) ParOldGen: 170682K(175104K)->173554K(175104K)
[2026-03-25T20:42:00.343+0900][2.967s][info][gc,metaspace] GC(73) Metaspace: 5889K(6080K)->5889K(6080K) NonClass: 5258K(5376K)->5258K(5376K) Class: 630K(704K)->630K(704K)
[2026-03-25T20:42:00.343+0900][2.967s][info][gc          ] GC(73) Pause Young (Allocation Failure) 247M->172M(252M) 1.940ms
[2026-03-25T20:42:00.343+0900][2.967s][info][gc,cpu      ] GC(73) User=0.00s Sys=0.00s Real=0.00s
[2026-03-25T20:42:00.401+0900][3.026s][info][gc,start    ] GC(74) Pause Young (Allocation Failure)
[2026-03-25T20:42:00.403+0900][3.027s][info][gc,heap     ] GC(74) PSYoungGen: 82625K(83456K)->2624K(83456K) Eden: 79681K(79872K)->0K(79872K) From: 2944K(3584K)->2624K(3584K)
[2026-03-25T20:42:00.403+0900][3.027s][info][gc,heap     ] GC(74) ParOldGen: 173554K(175104K)->176418K(176640K)
[2026-03-25T20:42:00.403+0900][3.027s][info][gc,metaspace] GC(74) Metaspace: 5889K(6080K)->5889K(6080K) NonClass: 5258K(5376K)->5258K(5376K) Class: 630K(704K)->630K(704K)
[2026-03-25T20:42:00.403+0900][3.027s][info][gc          ] GC(74) Pause Young (Allocation Failure) 250M->174M(254M) 1.624ms
[2026-03-25T20:42:00.403+0900][3.027s][info][gc,cpu      ] GC(74) User=0.01s Sys=0.00s Real=0.00s
[2026-03-25T20:42:00.406+0900][3.030s][info][gc,start    ] GC(75) Pause Young (Allocation Failure)
[2026-03-25T20:42:00.407+0900][3.031s][info][gc,heap     ] GC(75) PSYoungGen: 82305K(83456K)->2656K(83456K) Eden: 79681K(79872K)->0K(79872K) From: 2624K(3584K)->2656K(3584K)
[2026-03-25T20:42:00.407+0900][3.031s][info][gc,heap     ] GC(75) ParOldGen: 176418K(176640K)->179034K(179200K)
[2026-03-25T20:42:00.407+0900][3.031s][info][gc,metaspace] GC(75) Metaspace: 5889K(6080K)->5889K(6080K) NonClass: 5258K(5376K)->5258K(5376K) Class: 630K(704K)->630K(704K)
[2026-03-25T20:42:00.407+0900][3.031s][info][gc          ] GC(75) Pause Young (Allocation Failure) 252M->177M(256M) 0.940ms
[2026-03-25T20:42:00.407+0900][3.031s][info][gc,cpu      ] GC(75) User=0.00s Sys=0.00s Real=0.00s
[2026-03-25T20:42:00.465+0900][3.089s][info][gc,start    ] GC(76) Pause Young (Allocation Failure)
[2026-03-25T20:42:00.466+0900][3.090s][info][gc,heap     ] GC(76) PSYoungGen: 82337K(83456K)->2912K(83456K) Eden: 79681K(79872K)->0K(79872K) From: 2656K(3584K)->2912K(3584K)
[2026-03-25T20:42:00.466+0900][3.090s][info][gc,heap     ] GC(76) ParOldGen: 179034K(179200K)->181650K(181760K)
[2026-03-25T20:42:00.466+0900][3.090s][info][gc,metaspace] GC(76) Metaspace: 5889K(6080K)->5889K(6080K) NonClass: 5258K(5376K)->5258K(5376K) Class: 630K(704K)->630K(704K)
[2026-03-25T20:42:00.466+0900][3.090s][info][gc          ] GC(76) Pause Young (Allocation Failure) 255M->180M(259M) 1.089ms
[2026-03-25T20:42:00.466+0900][3.090s][info][gc,cpu      ] GC(76) User=0.00s Sys=0.01s Real=0.00s
[2026-03-25T20:42:00.524+0900][3.148s][info][gc,start    ] GC(77) Pause Young (Allocation Failure)
[2026-03-25T20:42:00.524+0900][3.149s][info][gc,heap     ] GC(77) PSYoungGen: 82593K(83456K)->2880K(83456K) Eden: 79681K(79872K)->0K(79872K) From: 2912K(3584K)->2880K(3584K)
[2026-03-25T20:42:00.524+0900][3.149s][info][gc,heap     ] GC(77) ParOldGen: 181650K(181760K)->184530K(184832K)
[2026-03-25T20:42:00.524+0900][3.149s][info][gc,metaspace] GC(77) Metaspace: 5889K(6080K)->5889K(6080K) NonClass: 5258K(5376K)->5258K(5376K) Class: 630K(704K)->630K(704K)
[2026-03-25T20:42:00.524+0900][3.149s][info][gc          ] GC(77) Pause Young (Allocation Failure) 258M->183M(262M) 0.705ms
[2026-03-25T20:42:00.524+0900][3.149s][info][gc,cpu      ] GC(77) User=0.00s Sys=0.00s Real=0.00s
[2026-03-25T20:42:00.582+0900][3.206s][info][gc,start    ] GC(78) Pause Young (Allocation Failure)
[2026-03-25T20:42:00.583+0900][3.208s][info][gc,heap     ] GC(78) PSYoungGen: 82561K(83456K)->2784K(83456K) Eden: 79681K(79872K)->0K(79872K) From: 2880K(3584K)->2784K(3584K)
[2026-03-25T20:42:00.583+0900][3.208s][info][gc,heap     ] GC(78) ParOldGen: 184530K(184832K)->187403K(187904K)
[2026-03-25T20:42:00.583+0900][3.208s][info][gc,metaspace] GC(78) Metaspace: 5889K(6080K)->5889K(6080K) NonClass: 5258K(5376K)->5258K(5376K) Class: 630K(704K)->630K(704K)
[2026-03-25T20:42:00.583+0900][3.208s][info][gc          ] GC(78) Pause Young (Allocation Failure) 260M->185M(265M) 1.492ms
[2026-03-25T20:42:00.583+0900][3.208s][info][gc,cpu      ] GC(78) User=0.01s Sys=0.00s Real=0.00s
[2026-03-25T20:42:00.586+0900][3.210s][info][gc,start    ] GC(79) Pause Young (Allocation Failure)
[2026-03-25T20:42:00.587+0900][3.211s][info][gc,heap     ] GC(79) PSYoungGen: 82465K(83456K)->2656K(83456K) Eden: 79681K(79872K)->0K(79872K) From: 2784K(3584K)->2656K(3584K)
[2026-03-25T20:42:00.587+0900][3.211s][info][gc,heap     ] GC(79) ParOldGen: 187403K(187904K)->190019K(190464K)
[2026-03-25T20:42:00.587+0900][3.211s][info][gc,metaspace] GC(79) Metaspace: 5889K(6080K)->5889K(6080K) NonClass: 5258K(5376K)->5258K(5376K) Class: 630K(704K)->630K(704K)
[2026-03-25T20:42:00.587+0900][3.211s][info][gc          ] GC(79) Pause Young (Allocation Failure) 263M->188M(267M) 1.214ms
[2026-03-25T20:42:00.587+0900][3.211s][info][gc,cpu      ] GC(79) User=0.00s Sys=0.00s Real=0.00s
[2026-03-25T20:42:00.645+0900][3.269s][info][gc,start    ] GC(80) Pause Young (Allocation Failure)
[2026-03-25T20:42:00.646+0900][3.270s][info][gc,heap     ] GC(80) PSYoungGen: 82337K(83456K)->2976K(83456K) Eden: 79681K(79872K)->0K(79872K) From: 2656K(3584K)->2976K(3584K)
[2026-03-25T20:42:00.646+0900][3.270s][info][gc,heap     ] GC(80) ParOldGen: 190019K(190464K)->192635K(193024K)
[2026-03-25T20:42:00.646+0900][3.270s][info][gc,metaspace] GC(80) Metaspace: 5889K(6080K)->5889K(6080K) NonClass: 5258K(5376K)->5258K(5376K) Class: 630K(704K)->630K(704K)
[2026-03-25T20:42:00.646+0900][3.270s][info][gc          ] GC(80) Pause Young (Allocation Failure) 265M->191M(270M) 1.196ms
[2026-03-25T20:42:00.646+0900][3.270s][info][gc,cpu      ] GC(80) User=0.00s Sys=0.00s Real=0.00s
[2026-03-25T20:42:00.704+0900][3.328s][info][gc,start    ] GC(81) Pause Young (Allocation Failure)
[2026-03-25T20:42:00.705+0900][3.330s][info][gc,heap     ] GC(81) PSYoungGen: 82779K(83456K)->2880K(83456K) Eden: 79803K(79872K)->0K(79872K) From: 2976K(3584K)->2880K(3584K)
[2026-03-25T20:42:00.705+0900][3.330s][info][gc,heap     ] GC(81) ParOldGen: 192635K(193024K)->195507K(195584K)
[2026-03-25T20:42:00.705+0900][3.330s][info][gc,metaspace] GC(81) Metaspace: 5893K(6080K)->5893K(6080K) NonClass: 5262K(5376K)->5262K(5376K) Class: 630K(704K)->630K(704K)
[2026-03-25T20:42:00.706+0900][3.330s][info][gc          ] GC(81) Pause Young (Allocation Failure) 268M->193M(272M) 1.807ms
[2026-03-25T20:42:00.706+0900][3.330s][info][gc,cpu      ] GC(81) User=0.00s Sys=0.01s Real=0.00s
[2026-03-25T20:42:00.760+0900][3.385s][info][gc,start    ] GC(82) Pause Young (Allocation Failure)
[2026-03-25T20:42:00.762+0900][3.386s][info][gc,heap     ] GC(82) PSYoungGen: 82560K(83456K)->2688K(83456K) Eden: 79680K(79872K)->0K(79872K) From: 2880K(3584K)->2688K(3584K)
[2026-03-25T20:42:00.762+0900][3.386s][info][gc,heap     ] GC(82) ParOldGen: 195507K(195584K)->198379K(198656K)
[2026-03-25T20:42:00.762+0900][3.386s][info][gc,metaspace] GC(82) Metaspace: 5893K(6080K)->5893K(6080K) NonClass: 5262K(5376K)->5262K(5376K) Class: 630K(704K)->630K(704K)
[2026-03-25T20:42:00.762+0900][3.386s][info][gc          ] GC(82) Pause Young (Allocation Failure) 271M->196M(275M) 1.598ms
[2026-03-25T20:42:00.762+0900][3.386s][info][gc,cpu      ] GC(82) User=0.01s Sys=0.00s Real=0.00s
[2026-03-25T20:42:00.764+0900][3.389s][info][gc,start    ] GC(83) Pause Young (Allocation Failure)
[2026-03-25T20:42:00.765+0900][3.390s][info][gc,heap     ] GC(83) PSYoungGen: 82368K(83456K)->2656K(83456K) Eden: 79680K(79872K)->0K(79872K) From: 2688K(3584K)->2656K(3584K)
[2026-03-25T20:42:00.765+0900][3.390s][info][gc,heap     ] GC(83) ParOldGen: 198379K(198656K)->200995K(201216K)
[2026-03-25T20:42:00.765+0900][3.390s][info][gc,metaspace] GC(83) Metaspace: 5893K(6080K)->5893K(6080K) NonClass: 5262K(5376K)->5262K(5376K) Class: 630K(704K)->630K(704K)
[2026-03-25T20:42:00.765+0900][3.390s][info][gc          ] GC(83) Pause Young (Allocation Failure) 274M->198M(278M) 1.007ms
[2026-03-25T20:42:00.765+0900][3.390s][info][gc,cpu      ] GC(83) User=0.00s Sys=0.00s Real=0.00s
[2026-03-25T20:42:00.823+0900][3.447s][info][gc,start    ] GC(84) Pause Young (Allocation Failure)
[2026-03-25T20:42:00.824+0900][3.449s][info][gc,heap     ] GC(84) PSYoungGen: 82336K(83456K)->2976K(83456K) Eden: 79680K(79872K)->0K(79872K) From: 2656K(3584K)->2976K(3584K)
[2026-03-25T20:42:00.824+0900][3.449s][info][gc,heap     ] GC(84) ParOldGen: 200995K(201216K)->203611K(203776K)
[2026-03-25T20:42:00.824+0900][3.449s][info][gc,metaspace] GC(84) Metaspace: 5893K(6080K)->5893K(6080K) NonClass: 5262K(5376K)->5262K(5376K) Class: 630K(704K)->630K(704K)
[2026-03-25T20:42:00.824+0900][3.449s][info][gc          ] GC(84) Pause Young (Allocation Failure) 276M->201M(280M) 1.443ms
[2026-03-25T20:42:00.824+0900][3.449s][info][gc,cpu      ] GC(84) User=0.00s Sys=0.00s Real=0.00s
[2026-03-25T20:42:00.882+0900][3.507s][info][gc,start    ] GC(85) Pause Young (Allocation Failure)
[2026-03-25T20:42:00.884+0900][3.508s][info][gc,heap     ] GC(85) PSYoungGen: 82657K(83456K)->2944K(83456K) Eden: 79680K(79872K)->0K(79872K) From: 2976K(3584K)->2944K(3584K)
[2026-03-25T20:42:00.884+0900][3.509s][info][gc,heap     ] GC(85) ParOldGen: 203611K(203776K)->206484K(206848K)
[2026-03-25T20:42:00.884+0900][3.509s][info][gc,metaspace] GC(85) Metaspace: 5893K(6080K)->5893K(6080K) NonClass: 5262K(5376K)->5262K(5376K) Class: 630K(704K)->630K(704K)
[2026-03-25T20:42:00.884+0900][3.509s][info][gc          ] GC(85) Pause Young (Allocation Failure) 279M->204M(283M) 1.863ms
[2026-03-25T20:42:00.884+0900][3.509s][info][gc,cpu      ] GC(85) User=0.01s Sys=0.00s Real=0.00s
[2026-03-25T20:42:00.942+0900][3.566s][info][gc,start    ] GC(86) Pause Young (Allocation Failure)
[2026-03-25T20:42:00.942+0900][3.567s][info][gc,heap     ] GC(86) PSYoungGen: 82625K(83456K)->2976K(83456K) Eden: 79680K(79872K)->0K(79872K) From: 2944K(3584K)->2976K(3584K)
[2026-03-25T20:42:00.942+0900][3.567s][info][gc,heap     ] GC(86) ParOldGen: 206484K(206848K)->209356K(209408K)
[2026-03-25T20:42:00.942+0900][3.567s][info][gc,metaspace] GC(86) Metaspace: 5893K(6080K)->5893K(6080K) NonClass: 5262K(5376K)->5262K(5376K) Class: 630K(704K)->630K(704K)
[2026-03-25T20:42:00.942+0900][3.567s][info][gc          ] GC(86) Pause Young (Allocation Failure) 282M->207M(286M) 0.827ms
[2026-03-25T20:42:00.942+0900][3.567s][info][gc,cpu      ] GC(86) User=0.00s Sys=0.01s Real=0.00s
[2026-03-25T20:42:00.943+0900][3.568s][info][gc,start    ] GC(87) Pause Young (Allocation Failure)
[2026-03-25T20:42:00.944+0900][3.568s][info][gc,heap     ] GC(87) PSYoungGen: 82657K(83456K)->2976K(83456K) Eden: 79681K(79872K)->0K(79872K) From: 2976K(3584K)->2976K(3584K)
[2026-03-25T20:42:00.944+0900][3.568s][info][gc,heap     ] GC(87) ParOldGen: 209356K(209408K)->211972K(212480K)
[2026-03-25T20:42:00.944+0900][3.568s][info][gc,metaspace] GC(87) Metaspace: 5893K(6080K)->5893K(6080K) NonClass: 5262K(5376K)->5262K(5376K) Class: 630K(704K)->630K(704K)
[2026-03-25T20:42:00.944+0900][3.568s][info][gc          ] GC(87) Pause Young (Allocation Failure) 285M->209M(289M) 0.681ms
[2026-03-25T20:42:00.944+0900][3.568s][info][gc,cpu      ] GC(87) User=0.01s Sys=0.00s Real=0.00s
[2026-03-25T20:42:01.000+0900][3.625s][info][gc,start    ] GC(88) Pause Young (Allocation Failure)
[2026-03-25T20:42:01.001+0900][3.625s][info][gc,heap     ] GC(88) PSYoungGen: 82657K(83456K)->2624K(83456K) Eden: 79681K(79872K)->0K(79872K) From: 2976K(3584K)->2624K(3584K)
[2026-03-25T20:42:01.001+0900][3.625s][info][gc,heap     ] GC(88) ParOldGen: 211972K(212480K)->214852K(215040K)
[2026-03-25T20:42:01.001+0900][3.625s][info][gc,metaspace] GC(88) Metaspace: 5893K(6080K)->5893K(6080K) NonClass: 5262K(5376K)->5262K(5376K) Class: 630K(704K)->630K(704K)
[2026-03-25T20:42:01.001+0900][3.625s][info][gc          ] GC(88) Pause Young (Allocation Failure) 287M->212M(291M) 0.923ms
[2026-03-25T20:42:01.001+0900][3.625s][info][gc,cpu      ] GC(88) User=0.00s Sys=0.00s Real=0.00s
[2026-03-25T20:42:01.055+0900][3.679s][info][gc,start    ] GC(89) Pause Young (Allocation Failure)
[2026-03-25T20:42:01.056+0900][3.680s][info][gc,heap     ] GC(89) PSYoungGen: 82305K(83456K)->2880K(83456K) Eden: 79681K(79872K)->0K(79872K) From: 2624K(3584K)->2880K(3584K)
[2026-03-25T20:42:01.056+0900][3.680s][info][gc,heap     ] GC(89) ParOldGen: 214852K(215040K)->217460K(217600K)
[2026-03-25T20:42:01.056+0900][3.680s][info][gc,metaspace] GC(89) Metaspace: 5893K(6080K)->5893K(6080K) NonClass: 5262K(5376K)->5262K(5376K) Class: 630K(704K)->630K(704K)
[2026-03-25T20:42:01.056+0900][3.680s][info][gc          ] GC(89) Pause Young (Allocation Failure) 290M->215M(294M) 0.994ms
[2026-03-25T20:42:01.056+0900][3.680s][info][gc,cpu      ] GC(89) User=0.00s Sys=0.00s Real=0.00s
[2026-03-25T20:42:01.108+0900][3.732s][info][gc,start    ] GC(90) Pause Young (Allocation Failure)
[2026-03-25T20:42:01.109+0900][3.734s][info][gc,heap     ] GC(90) PSYoungGen: 82561K(83456K)->2880K(83456K) Eden: 79681K(79872K)->0K(79872K) From: 2880K(3584K)->2880K(3584K)
[2026-03-25T20:42:01.109+0900][3.734s][info][gc,heap     ] GC(90) ParOldGen: 217460K(217600K)->220332K(220672K)
[2026-03-25T20:42:01.109+0900][3.734s][info][gc,metaspace] GC(90) Metaspace: 5893K(6080K)->5893K(6080K) NonClass: 5262K(5376K)->5262K(5376K) Class: 630K(704K)->630K(704K)
[2026-03-25T20:42:01.109+0900][3.734s][info][gc          ] GC(90) Pause Young (Allocation Failure) 292M->217M(297M) 1.546ms
[2026-03-25T20:42:01.109+0900][3.734s][info][gc,cpu      ] GC(90) User=0.01s Sys=0.00s Real=0.00s
[2026-03-25T20:42:01.111+0900][3.735s][info][gc,start    ] GC(91) Pause Young (Allocation Failure)
[2026-03-25T20:42:01.112+0900][3.736s][info][gc,heap     ] GC(91) PSYoungGen: 82561K(83456K)->2624K(83456K) Eden: 79681K(79872K)->0K(79872K) From: 2880K(3584K)->2624K(3584K)
[2026-03-25T20:42:01.112+0900][3.736s][info][gc,heap     ] GC(91) ParOldGen: 220332K(220672K)->223213K(223232K)
[2026-03-25T20:42:01.112+0900][3.736s][info][gc,metaspace] GC(91) Metaspace: 5893K(6080K)->5893K(6080K) NonClass: 5262K(5376K)->5262K(5376K) Class: 630K(704K)->630K(704K)
[2026-03-25T20:42:01.112+0900][3.736s][info][gc          ] GC(91) Pause Young (Allocation Failure) 295M->220M(299M) 0.821ms
[2026-03-25T20:42:01.112+0900][3.736s][info][gc,cpu      ] GC(91) User=0.00s Sys=0.00s Real=0.00s
[2026-03-25T20:42:01.167+0900][3.792s][info][gc,start    ] GC(92) Pause Young (Allocation Failure)
[2026-03-25T20:42:01.168+0900][3.793s][info][gc,heap     ] GC(92) PSYoungGen: 82305K(83456K)->2688K(83456K) Eden: 79681K(79872K)->0K(79872K) From: 2624K(3584K)->2688K(3584K)
[2026-03-25T20:42:01.168+0900][3.793s][info][gc,heap     ] GC(92) ParOldGen: 223213K(223232K)->225829K(226304K)
[2026-03-25T20:42:01.168+0900][3.793s][info][gc,metaspace] GC(92) Metaspace: 5893K(6080K)->5893K(6080K) NonClass: 5262K(5376K)->5262K(5376K) Class: 630K(704K)->630K(704K)
[2026-03-25T20:42:01.168+0900][3.793s][info][gc          ] GC(92) Pause Young (Allocation Failure) 298M->223M(302M) 1.071ms
[2026-03-25T20:42:01.168+0900][3.793s][info][gc,cpu      ] GC(92) User=0.00s Sys=0.01s Real=0.00s
[2026-03-25T20:42:01.222+0900][3.846s][info][gc,start    ] GC(93) Pause Young (Allocation Failure)
[2026-03-25T20:42:01.223+0900][3.847s][info][gc,heap     ] GC(93) PSYoungGen: 82369K(83456K)->2944K(83456K) Eden: 79681K(79872K)->0K(79872K) From: 2688K(3584K)->2944K(3584K)
[2026-03-25T20:42:01.223+0900][3.847s][info][gc,heap     ] GC(93) ParOldGen: 225829K(226304K)->228445K(228864K)
[2026-03-25T20:42:01.223+0900][3.847s][info][gc,metaspace] GC(93) Metaspace: 5893K(6080K)->5893K(6080K) NonClass: 5262K(5376K)->5262K(5376K) Class: 630K(704K)->630K(704K)
[2026-03-25T20:42:01.223+0900][3.847s][info][gc          ] GC(93) Pause Young (Allocation Failure) 300M->225M(305M) 1.050ms
[2026-03-25T20:42:01.223+0900][3.847s][info][gc,cpu      ] GC(93) User=0.00s Sys=0.00s Real=0.00s
[2026-03-25T20:42:01.280+0900][3.904s][info][gc,start    ] GC(94) Pause Young (Allocation Failure)
[2026-03-25T20:42:01.281+0900][3.906s][info][gc,heap     ] GC(94) PSYoungGen: 82625K(83456K)->2912K(83456K) Eden: 79681K(79872K)->0K(79872K) From: 2944K(3584K)->2912K(3584K)
[2026-03-25T20:42:01.282+0900][3.906s][info][gc,heap     ] GC(94) ParOldGen: 228445K(228864K)->231317K(231424K)
[2026-03-25T20:42:01.282+0900][3.906s][info][gc,metaspace] GC(94) Metaspace: 5893K(6080K)->5893K(6080K) NonClass: 5262K(5376K)->5262K(5376K) Class: 630K(704K)->630K(704K)
[2026-03-25T20:42:01.282+0900][3.906s][info][gc          ] GC(94) Pause Young (Allocation Failure) 303M->228M(307M) 1.969ms
[2026-03-25T20:42:01.282+0900][3.906s][info][gc,cpu      ] GC(94) User=0.00s Sys=0.00s Real=0.00s
[2026-03-25T20:42:01.284+0900][3.908s][info][gc,start    ] GC(95) Pause Young (Allocation Failure)
[2026-03-25T20:42:01.285+0900][3.909s][info][gc,heap     ] GC(95) PSYoungGen: 82593K(83456K)->2720K(83456K) Eden: 79681K(79872K)->0K(79872K) From: 2912K(3584K)->2720K(3584K)
[2026-03-25T20:42:01.285+0900][3.909s][info][gc,heap     ] GC(95) ParOldGen: 231317K(231424K)->234189K(234496K)
[2026-03-25T20:42:01.285+0900][3.910s][info][gc,metaspace] GC(95) Metaspace: 5893K(6080K)->5893K(6080K) NonClass: 5262K(5376K)->5262K(5376K) Class: 630K(704K)->630K(704K)
[2026-03-25T20:42:01.285+0900][3.910s][info][gc          ] GC(95) Pause Young (Allocation Failure) 306M->231M(310M) 1.196ms
[2026-03-25T20:42:01.285+0900][3.910s][info][gc,cpu      ] GC(95) User=0.00s Sys=0.00s Real=0.00s
[2026-03-25T20:42:01.339+0900][3.964s][info][gc,start    ] GC(96) Pause Young (Allocation Failure)
[2026-03-25T20:42:01.340+0900][3.965s][info][gc,heap     ] GC(96) PSYoungGen: 82401K(83456K)->2656K(83456K) Eden: 79681K(79872K)->0K(79872K) From: 2720K(3584K)->2656K(3584K)
[2026-03-25T20:42:01.340+0900][3.965s][info][gc,heap     ] GC(96) ParOldGen: 234189K(234496K)->236805K(237056K)
[2026-03-25T20:42:01.340+0900][3.965s][info][gc,metaspace] GC(96) Metaspace: 5893K(6080K)->5893K(6080K) NonClass: 5262K(5376K)->5262K(5376K) Class: 630K(704K)->630K(704K)
[2026-03-25T20:42:01.340+0900][3.965s][info][gc          ] GC(96) Pause Young (Allocation Failure) 309M->233M(313M) 1.341ms
[2026-03-25T20:42:01.340+0900][3.965s][info][gc,cpu      ] GC(96) User=0.01s Sys=0.01s Real=0.01s
[2026-03-25T20:42:01.395+0900][4.019s][info][gc,start    ] GC(97) Pause Young (Allocation Failure)
[2026-03-25T20:42:01.397+0900][4.021s][info][gc,heap     ] GC(97) PSYoungGen: 82337K(83456K)->2944K(83456K) Eden: 79681K(79872K)->0K(79872K) From: 2656K(3584K)->2944K(3584K)
[2026-03-25T20:42:01.397+0900][4.021s][info][gc,heap     ] GC(97) ParOldGen: 236805K(237056K)->239422K(239616K)
[2026-03-25T20:42:01.397+0900][4.021s][info][gc,metaspace] GC(97) Metaspace: 5893K(6080K)->5893K(6080K) NonClass: 5262K(5376K)->5262K(5376K) Class: 630K(704K)->630K(704K)
[2026-03-25T20:42:01.397+0900][4.021s][info][gc          ] GC(97) Pause Young (Allocation Failure) 311M->236M(315M) 1.755ms
[2026-03-25T20:42:01.397+0900][4.021s][info][gc,cpu      ] GC(97) User=0.00s Sys=0.00s Real=0.00s
[2026-03-25T20:42:01.454+0900][4.078s][info][gc,start    ] GC(98) Pause Young (Allocation Failure)
[2026-03-25T20:42:01.455+0900][4.080s][info][gc,heap     ] GC(98) PSYoungGen: 82625K(83456K)->2944K(83456K) Eden: 79681K(79872K)->0K(79872K) From: 2944K(3584K)->2944K(3584K)
[2026-03-25T20:42:01.455+0900][4.080s][info][gc,heap     ] GC(98) ParOldGen: 239422K(239616K)->242294K(242688K)
[2026-03-25T20:42:01.455+0900][4.080s][info][gc,metaspace] GC(98) Metaspace: 5893K(6080K)->5893K(6080K) NonClass: 5262K(5376K)->5262K(5376K) Class: 630K(704K)->630K(704K)
[2026-03-25T20:42:01.455+0900][4.080s][info][gc          ] GC(98) Pause Young (Allocation Failure) 314M->239M(318M) 1.546ms
[2026-03-25T20:42:01.455+0900][4.080s][info][gc,cpu      ] GC(98) User=0.00s Sys=0.00s Real=0.00s
[2026-03-25T20:42:01.457+0900][4.081s][info][gc,start    ] GC(99) Pause Young (Allocation Failure)
[2026-03-25T20:42:01.458+0900][4.082s][info][gc,heap     ] GC(99) PSYoungGen: 82625K(83456K)->2688K(83456K) Eden: 79681K(79872K)->0K(79872K) From: 2944K(3584K)->2688K(3584K)
[2026-03-25T20:42:01.458+0900][4.082s][info][gc,heap     ] GC(99) ParOldGen: 242294K(242688K)->245166K(245248K)
[2026-03-25T20:42:01.458+0900][4.082s][info][gc,metaspace] GC(99) Metaspace: 5893K(6080K)->5893K(6080K) NonClass: 5262K(5376K)->5262K(5376K) Class: 630K(704K)->630K(704K)
[2026-03-25T20:42:01.458+0900][4.082s][info][gc          ] GC(99) Pause Young (Allocation Failure) 317M->242M(321M) 1.300ms
[2026-03-25T20:42:01.458+0900][4.083s][info][gc,cpu      ] GC(99) User=0.01s Sys=0.00s Real=0.00s
[2026-03-25T20:42:01.511+0900][4.136s][info][gc,start    ] GC(100) Pause Young (Allocation Failure)
[2026-03-25T20:42:01.513+0900][4.137s][info][gc,heap     ] GC(100) PSYoungGen: 82369K(83456K)->2656K(83456K) Eden: 79681K(79872K)->0K(79872K) From: 2688K(3584K)->2656K(3584K)
[2026-03-25T20:42:01.513+0900][4.137s][info][gc,heap     ] GC(100) ParOldGen: 245166K(245248K)->247782K(247808K)
[2026-03-25T20:42:01.513+0900][4.137s][info][gc,metaspace] GC(100) Metaspace: 5893K(6080K)->5893K(6080K) NonClass: 5262K(5376K)->5262K(5376K) Class: 630K(704K)->630K(704K)
[2026-03-25T20:42:01.513+0900][4.137s][info][gc          ] GC(100) Pause Young (Allocation Failure) 319M->244M(323M) 1.769ms
[2026-03-25T20:42:01.513+0900][4.137s][info][gc,cpu      ] GC(100) User=0.00s Sys=0.00s Real=0.00s
[2026-03-25T20:42:01.567+0900][4.191s][info][gc,start    ] GC(101) Pause Young (Allocation Failure)
[2026-03-25T20:42:01.568+0900][4.193s][info][gc,heap     ] GC(101) PSYoungGen: 82337K(83456K)->2944K(83456K) Eden: 79681K(79872K)->0K(79872K) From: 2656K(3584K)->2944K(3584K)
[2026-03-25T20:42:01.568+0900][4.193s][info][gc,heap     ] GC(101) ParOldGen: 247782K(247808K)->250398K(250880K)
[2026-03-25T20:42:01.568+0900][4.193s][info][gc,metaspace] GC(101) Metaspace: 5893K(6080K)->5893K(6080K) NonClass: 5262K(5376K)->5262K(5376K) Class: 630K(704K)->630K(704K)
[2026-03-25T20:42:01.568+0900][4.193s][info][gc          ] GC(101) Pause Young (Allocation Failure) 322M->247M(326M) 1.819ms
[2026-03-25T20:42:01.568+0900][4.193s][info][gc,cpu      ] GC(101) User=0.00s Sys=0.01s Real=0.00s
[2026-03-25T20:42:01.626+0900][4.250s][info][gc,start    ] GC(102) Pause Young (Allocation Failure)
[2026-03-25T20:42:01.628+0900][4.252s][info][gc,heap     ] GC(102) PSYoungGen: 82625K(83456K)->2944K(83456K) Eden: 79681K(79872K)->0K(79872K) From: 2944K(3584K)->2944K(3584K)
[2026-03-25T20:42:01.628+0900][4.252s][info][gc,heap     ] GC(102) ParOldGen: 250398K(250880K)->253270K(253440K)
[2026-03-25T20:42:01.628+0900][4.252s][info][gc,metaspace] GC(102) Metaspace: 5893K(6080K)->5893K(6080K) NonClass: 5262K(5376K)->5262K(5376K) Class: 630K(704K)->630K(704K)
[2026-03-25T20:42:01.628+0900][4.252s][info][gc          ] GC(102) Pause Young (Allocation Failure) 325M->250M(329M) 1.907ms
[2026-03-25T20:42:01.628+0900][4.252s][info][gc,cpu      ] GC(102) User=0.01s Sys=0.00s Real=0.00s
[2026-03-25T20:42:01.630+0900][4.254s][info][gc,start    ] GC(103) Pause Young (Allocation Failure)
[2026-03-25T20:42:01.631+0900][4.255s][info][gc,heap     ] GC(103) PSYoungGen: 82625K(83456K)->2656K(83456K) Eden: 79681K(79872K)->0K(79872K) From: 2944K(3584K)->2656K(3584K)
[2026-03-25T20:42:01.631+0900][4.256s][info][gc,heap     ] GC(103) ParOldGen: 253270K(253440K)->256143K(256512K)
[2026-03-25T20:42:01.631+0900][4.256s][info][gc,metaspace] GC(103) Metaspace: 5893K(6080K)->5893K(6080K) NonClass: 5262K(5376K)->5262K(5376K) Class: 630K(704K)->630K(704K)
[2026-03-25T20:42:01.631+0900][4.256s][info][gc          ] GC(103) Pause Young (Allocation Failure) 328M->252M(332M) 1.221ms
[2026-03-25T20:42:01.631+0900][4.256s][info][gc,cpu      ] GC(103) User=0.00s Sys=0.00s Real=0.00s
[2026-03-25T20:42:01.686+0900][4.310s][info][gc,start    ] GC(104) Pause Young (Allocation Failure)
[2026-03-25T20:42:01.687+0900][4.311s][info][gc,heap     ] GC(104) PSYoungGen: 82337K(83456K)->2656K(83456K) Eden: 79681K(79872K)->0K(79872K) From: 2656K(3584K)->2656K(3584K)
[2026-03-25T20:42:01.687+0900][4.312s][info][gc,heap     ] GC(104) ParOldGen: 256143K(256512K)->258759K(259072K)
[2026-03-25T20:42:01.687+0900][4.312s][info][gc,metaspace] GC(104) Metaspace: 5893K(6080K)->5893K(6080K) NonClass: 5262K(5376K)->5262K(5376K) Class: 630K(704K)->630K(704K)
[2026-03-25T20:42:01.687+0900][4.312s][info][gc          ] GC(104) Pause Young (Allocation Failure) 330M->255M(334M) 1.361ms
[2026-03-25T20:42:01.687+0900][4.312s][info][gc,cpu      ] GC(104) User=0.00s Sys=0.00s Real=0.00s
[2026-03-25T20:42:01.744+0900][4.369s][info][gc,start    ] GC(105) Pause Young (Allocation Failure)
[2026-03-25T20:42:01.746+0900][4.370s][info][gc,heap     ] GC(105) PSYoungGen: 82417K(83456K)->2976K(83456K) Eden: 79761K(79872K)->0K(79872K) From: 2656K(3584K)->2976K(3584K)
[2026-03-25T20:42:01.746+0900][4.370s][info][gc,heap     ] GC(105) ParOldGen: 258759K(259072K)->261375K(261632K)
[2026-03-25T20:42:01.746+0900][4.370s][info][gc,metaspace] GC(105) Metaspace: 5902K(6080K)->5902K(6080K) NonClass: 5272K(5376K)->5272K(5376K) Class: 630K(704K)->630K(704K)
[2026-03-25T20:42:01.746+0900][4.370s][info][gc          ] GC(105) Pause Young (Allocation Failure) 333M->258M(337M) 1.308ms
[2026-03-25T20:42:01.746+0900][4.370s][info][gc,cpu      ] GC(105) User=0.00s Sys=0.01s Real=0.00s
[2026-03-25T20:42:01.802+0900][4.427s][info][gc,start    ] GC(106) Pause Young (Allocation Failure)
[2026-03-25T20:42:01.803+0900][4.428s][info][gc,heap     ] GC(106) PSYoungGen: 82656K(83456K)->2880K(83456K) Eden: 79680K(79872K)->0K(79872K) From: 2976K(3584K)->2880K(3584K)
[2026-03-25T20:42:01.803+0900][4.428s][info][gc,heap     ] GC(106) ParOldGen: 261375K(261632K)->264255K(264704K)
[2026-03-25T20:42:01.803+0900][4.428s][info][gc,metaspace] GC(106) Metaspace: 5902K(6080K)->5902K(6080K) NonClass: 5272K(5376K)->5272K(5376K) Class: 630K(704K)->630K(704K)
[2026-03-25T20:42:01.803+0900][4.428s][info][gc          ] GC(106) Pause Young (Allocation Failure) 335M->260M(340M) 1.303ms
[2026-03-25T20:42:01.803+0900][4.428s][info][gc,cpu      ] GC(106) User=0.01s Sys=0.00s Real=0.00s
[2026-03-25T20:42:01.804+0900][4.429s][info][gc,start    ] GC(107) Pause Young (Allocation Failure)
[2026-03-25T20:42:01.805+0900][4.430s][info][gc,heap     ] GC(107) PSYoungGen: 82560K(83456K)->2624K(83456K) Eden: 79680K(79872K)->0K(79872K) From: 2880K(3584K)->2624K(3584K)
[2026-03-25T20:42:01.805+0900][4.430s][info][gc,heap     ] GC(107) ParOldGen: 264255K(264704K)->267127K(267264K)
[2026-03-25T20:42:01.805+0900][4.430s][info][gc,metaspace] GC(107) Metaspace: 5902K(6080K)->5902K(6080K) NonClass: 5272K(5376K)->5272K(5376K) Class: 630K(704K)->630K(704K)
[2026-03-25T20:42:01.805+0900][4.430s][info][gc          ] GC(107) Pause Young (Allocation Failure) 338M->263M(342M) 0.748ms
[2026-03-25T20:42:01.805+0900][4.430s][info][gc,cpu      ] GC(107) User=0.00s Sys=0.00s Real=0.00s
[2026-03-25T20:42:01.857+0900][4.482s][info][gc,start    ] GC(108) Pause Young (Allocation Failure)
[2026-03-25T20:42:01.858+0900][4.483s][info][gc,heap     ] GC(108) PSYoungGen: 82305K(83456K)->2976K(83456K) Eden: 79680K(79872K)->0K(79872K) From: 2624K(3584K)->2976K(3584K)
[2026-03-25T20:42:01.858+0900][4.483s][info][gc,heap     ] GC(108) ParOldGen: 267127K(267264K)->269743K(269824K)
[2026-03-25T20:42:01.858+0900][4.483s][info][gc,metaspace] GC(108) Metaspace: 5902K(6080K)->5902K(6080K) NonClass: 5272K(5376K)->5272K(5376K) Class: 630K(704K)->630K(704K)
[2026-03-25T20:42:01.858+0900][4.483s][info][gc          ] GC(108) Pause Young (Allocation Failure) 341M->266M(345M) 1.042ms
[2026-03-25T20:42:01.858+0900][4.483s][info][gc,cpu      ] GC(108) User=0.00s Sys=0.00s Real=0.00s
[2026-03-25T20:42:01.915+0900][4.539s][info][gc,start    ] GC(109) Pause Young (Allocation Failure)
[2026-03-25T20:42:01.916+0900][4.540s][info][gc,heap     ] GC(109) PSYoungGen: 82657K(83456K)->2624K(83456K) Eden: 79680K(79872K)->0K(79872K) From: 2976K(3584K)->2624K(3584K)
[2026-03-25T20:42:01.916+0900][4.541s][info][gc,heap     ] GC(109) ParOldGen: 269743K(269824K)->272592K(272896K)
[2026-03-25T20:42:01.916+0900][4.541s][info][gc,metaspace] GC(109) Metaspace: 5902K(6080K)->5902K(6080K) NonClass: 5272K(5376K)->5272K(5376K) Class: 630K(704K)->630K(704K)
[2026-03-25T20:42:01.916+0900][4.541s][info][gc          ] GC(109) Pause Young (Allocation Failure) 344M->268M(348M) 1.433ms
[2026-03-25T20:42:01.916+0900][4.541s][info][gc,cpu      ] GC(109) User=0.01s Sys=0.00s Real=0.00s
[2026-03-25T20:42:01.972+0900][4.597s][info][gc,start    ] GC(110) Pause Young (Allocation Failure)
[2026-03-25T20:42:01.974+0900][4.598s][info][gc,heap     ] GC(110) PSYoungGen: 82305K(83456K)->2944K(83456K) Eden: 79681K(79872K)->0K(79872K) From: 2624K(3584K)->2944K(3584K)
[2026-03-25T20:42:01.974+0900][4.598s][info][gc,heap     ] GC(110) ParOldGen: 272592K(272896K)->275208K(275456K)
[2026-03-25T20:42:01.974+0900][4.598s][info][gc,metaspace] GC(110) Metaspace: 5902K(6080K)->5902K(6080K) NonClass: 5272K(5376K)->5272K(5376K) Class: 630K(704K)->630K(704K)
[2026-03-25T20:42:01.974+0900][4.598s][info][gc          ] GC(110) Pause Young (Allocation Failure) 346M->271M(350M) 1.505ms
[2026-03-25T20:42:01.974+0900][4.598s][info][gc,cpu      ] GC(110) User=0.00s Sys=0.00s Real=0.00s
[2026-03-25T20:42:01.975+0900][4.600s][info][gc,start    ] GC(111) Pause Young (Allocation Failure)
[2026-03-25T20:42:01.976+0900][4.601s][info][gc,heap     ] GC(111) PSYoungGen: 82625K(83456K)->2656K(83456K) Eden: 79681K(79872K)->0K(79872K) From: 2944K(3584K)->2656K(3584K)
[2026-03-25T20:42:01.976+0900][4.601s][info][gc,heap     ] GC(111) ParOldGen: 275208K(275456K)->278080K(278528K)
[2026-03-25T20:42:01.976+0900][4.601s][info][gc,metaspace] GC(111) Metaspace: 5902K(6080K)->5902K(6080K) NonClass: 5272K(5376K)->5272K(5376K) Class: 630K(704K)->630K(704K)
[2026-03-25T20:42:01.976+0900][4.601s][info][gc          ] GC(111) Pause Young (Allocation Failure) 349M->274M(353M) 0.940ms
[2026-03-25T20:42:01.976+0900][4.601s][info][gc,cpu      ] GC(111) User=0.01s Sys=0.00s Real=0.00s
[2026-03-25T20:42:02.031+0900][4.655s][info][gc,start    ] GC(112) Pause Young (Allocation Failure)
[2026-03-25T20:42:02.032+0900][4.657s][info][gc,heap     ] GC(112) PSYoungGen: 82337K(83456K)->2944K(83456K) Eden: 79681K(79872K)->0K(79872K) From: 2656K(3584K)->2944K(3584K)
[2026-03-25T20:42:02.032+0900][4.657s][info][gc,heap     ] GC(112) ParOldGen: 278080K(278528K)->280696K(281088K)
[2026-03-25T20:42:02.032+0900][4.657s][info][gc,metaspace] GC(112) Metaspace: 5902K(6080K)->5902K(6080K) NonClass: 5272K(5376K)->5272K(5376K) Class: 630K(704K)->630K(704K)
[2026-03-25T20:42:02.032+0900][4.657s][info][gc          ] GC(112) Pause Young (Allocation Failure) 351M->276M(356M) 1.373ms
[2026-03-25T20:42:02.032+0900][4.657s][info][gc,cpu      ] GC(112) User=0.00s Sys=0.00s Real=0.00s
[2026-03-25T20:42:02.089+0900][4.713s][info][gc,start    ] GC(113) Pause Young (Allocation Failure)
[2026-03-25T20:42:02.091+0900][4.715s][info][gc,heap     ] GC(113) PSYoungGen: 82625K(83456K)->2656K(83456K) Eden: 79681K(79872K)->0K(79872K) From: 2944K(3584K)->2656K(3584K)
[2026-03-25T20:42:02.091+0900][4.715s][info][gc,heap     ] GC(113) ParOldGen: 280696K(281088K)->283568K(283648K)
[2026-03-25T20:42:02.091+0900][4.715s][info][gc,metaspace] GC(113) Metaspace: 5902K(6080K)->5902K(6080K) NonClass: 5272K(5376K)->5272K(5376K) Class: 630K(704K)->630K(704K)
[2026-03-25T20:42:02.091+0900][4.715s][info][gc          ] GC(113) Pause Young (Allocation Failure) 354M->279M(358M) 2.156ms
[2026-03-25T20:42:02.091+0900][4.716s][info][gc,cpu      ] GC(113) User=0.01s Sys=0.00s Real=0.01s
[2026-03-25T20:42:02.145+0900][4.770s][info][gc,start    ] GC(114) Pause Young (Allocation Failure)
[2026-03-25T20:42:02.147+0900][4.771s][info][gc,heap     ] GC(114) PSYoungGen: 82337K(83456K)->2944K(83456K) Eden: 79681K(79872K)->0K(79872K) From: 2656K(3584K)->2944K(3584K)
[2026-03-25T20:42:02.147+0900][4.771s][info][gc,heap     ] GC(114) ParOldGen: 283568K(283648K)->286184K(286208K)
[2026-03-25T20:42:02.147+0900][4.771s][info][gc,metaspace] GC(114) Metaspace: 5902K(6080K)->5902K(6080K) NonClass: 5272K(5376K)->5272K(5376K) Class: 630K(704K)->630K(704K)
[2026-03-25T20:42:02.147+0900][4.771s][info][gc          ] GC(114) Pause Young (Allocation Failure) 357M->282M(361M) 1.635ms
[2026-03-25T20:42:02.147+0900][4.772s][info][gc,cpu      ] GC(114) User=0.00s Sys=0.00s Real=0.00s
[2026-03-25T20:42:02.148+0900][4.772s][info][gc,start    ] GC(115) Pause Young (Allocation Failure)
[2026-03-25T20:42:02.149+0900][4.773s][info][gc,heap     ] GC(115) PSYoungGen: 82625K(83456K)->2656K(83456K) Eden: 79681K(79872K)->0K(79872K) From: 2944K(3584K)->2656K(3584K)
[2026-03-25T20:42:02.149+0900][4.773s][info][gc,heap     ] GC(115) ParOldGen: 286184K(286208K)->289057K(289280K)
[2026-03-25T20:42:02.149+0900][4.773s][info][gc,metaspace] GC(115) Metaspace: 5902K(6080K)->5902K(6080K) NonClass: 5272K(5376K)->5272K(5376K) Class: 630K(704K)->630K(704K)
[2026-03-25T20:42:02.149+0900][4.773s][info][gc          ] GC(115) Pause Young (Allocation Failure) 360M->284M(364M) 0.860ms
[2026-03-25T20:42:02.149+0900][4.773s][info][gc,cpu      ] GC(115) User=0.00s Sys=0.01s Real=0.00s
[2026-03-25T20:42:02.205+0900][4.830s][info][gc,start    ] GC(116) Pause Young (Allocation Failure)
[2026-03-25T20:42:02.206+0900][4.830s][info][gc,heap     ] GC(116) PSYoungGen: 82337K(83456K)->2912K(83456K) Eden: 79681K(79872K)->0K(79872K) From: 2656K(3584K)->2912K(3584K)
[2026-03-25T20:42:02.206+0900][4.830s][info][gc,heap     ] GC(116) ParOldGen: 289057K(289280K)->291673K(291840K)
[2026-03-25T20:42:02.206+0900][4.831s][info][gc,metaspace] GC(116) Metaspace: 5902K(6080K)->5902K(6080K) NonClass: 5272K(5376K)->5272K(5376K) Class: 630K(704K)->630K(704K)
[2026-03-25T20:42:02.206+0900][4.831s][info][gc          ] GC(116) Pause Young (Allocation Failure) 362M->287M(366M) 0.801ms
[2026-03-25T20:42:02.206+0900][4.831s][info][gc,cpu      ] GC(116) User=0.00s Sys=0.00s Real=0.00s
[2026-03-25T20:42:02.259+0900][4.883s][info][gc,start    ] GC(117) Pause Young (Allocation Failure)
[2026-03-25T20:42:02.261+0900][4.885s][info][gc,heap     ] GC(117) PSYoungGen: 82593K(83456K)->2656K(83456K) Eden: 79681K(79872K)->0K(79872K) From: 2912K(3584K)->2656K(3584K)
[2026-03-25T20:42:02.261+0900][4.885s][info][gc,heap     ] GC(117) ParOldGen: 291673K(291840K)->294537K(294912K)
[2026-03-25T20:42:02.261+0900][4.885s][info][gc,metaspace] GC(117) Metaspace: 5902K(6080K)->5902K(6080K) NonClass: 5272K(5376K)->5272K(5376K) Class: 630K(704K)->630K(704K)
[2026-03-25T20:42:02.261+0900][4.885s][info][gc          ] GC(117) Pause Young (Allocation Failure) 365M->290M(369M) 1.832ms
[2026-03-25T20:42:02.261+0900][4.885s][info][gc,cpu      ] GC(117) User=0.01s Sys=0.00s Real=0.01s
[2026-03-25T20:42:02.316+0900][4.940s][info][gc,start    ] GC(118) Pause Young (Allocation Failure)
[2026-03-25T20:42:02.318+0900][4.942s][info][gc,heap     ] GC(118) PSYoungGen: 82337K(83456K)->2976K(83456K) Eden: 79681K(79872K)->0K(79872K) From: 2656K(3584K)->2976K(3584K)
[2026-03-25T20:42:02.318+0900][4.942s][info][gc,heap     ] GC(118) ParOldGen: 294537K(294912K)->297153K(297472K)
[2026-03-25T20:42:02.318+0900][4.942s][info][gc,metaspace] GC(118) Metaspace: 5902K(6080K)->5902K(6080K) NonClass: 5272K(5376K)->5272K(5376K) Class: 630K(704K)->630K(704K)
[2026-03-25T20:42:02.318+0900][4.942s][info][gc          ] GC(118) Pause Young (Allocation Failure) 368M->293M(372M) 2.049ms
[2026-03-25T20:42:02.318+0900][4.942s][info][gc,cpu      ] GC(118) User=0.01s Sys=0.00s Real=0.00s
[2026-03-25T20:42:02.320+0900][4.945s][info][gc,start    ] GC(119) Pause Young (Allocation Failure)
[2026-03-25T20:42:02.321+0900][4.946s][info][gc,heap     ] GC(119) PSYoungGen: 82657K(83456K)->2656K(83456K) Eden: 79681K(79872K)->0K(79872K) From: 2976K(3584K)->2656K(3584K)
[2026-03-25T20:42:02.321+0900][4.946s][info][gc,heap     ] GC(119) ParOldGen: 297153K(297472K)->300025K(300032K)
[2026-03-25T20:42:02.321+0900][4.946s][info][gc,metaspace] GC(119) Metaspace: 5902K(6080K)->5902K(6080K) NonClass: 5272K(5376K)->5272K(5376K) Class: 630K(704K)->630K(704K)
[2026-03-25T20:42:02.321+0900][4.946s][info][gc          ] GC(119) Pause Young (Allocation Failure) 370M->295M(374M) 1.175ms
[2026-03-25T20:42:02.321+0900][4.946s][info][gc,cpu      ] GC(119) User=0.00s Sys=0.00s Real=0.00s
[2026-03-25T20:42:02.375+0900][5.000s][info][gc,start    ] GC(120) Pause Young (Allocation Failure)
[2026-03-25T20:42:02.376+0900][5.001s][info][gc,heap     ] GC(120) PSYoungGen: 82337K(83456K)->2912K(83456K) Eden: 79681K(79872K)->0K(79872K) From: 2656K(3584K)->2912K(3584K)
[2026-03-25T20:42:02.377+0900][5.001s][info][gc,heap     ] GC(120) ParOldGen: 300025K(300032K)->302641K(303104K)
[2026-03-25T20:42:02.377+0900][5.001s][info][gc,metaspace] GC(120) Metaspace: 5902K(6080K)->5902K(6080K) NonClass: 5272K(5376K)->5272K(5376K) Class: 630K(704K)->630K(704K)
[2026-03-25T20:42:02.377+0900][5.001s][info][gc          ] GC(120) Pause Young (Allocation Failure) 373M->298M(377M) 1.556ms
[2026-03-25T20:42:02.377+0900][5.001s][info][gc,cpu      ] GC(120) User=0.01s Sys=0.01s Real=0.00s
[2026-03-25T20:42:02.435+0900][5.059s][info][gc,start    ] GC(121) Pause Young (Allocation Failure)
[2026-03-25T20:42:02.436+0900][5.061s][info][gc,heap     ] GC(121) PSYoungGen: 82593K(83456K)->2656K(83456K) Eden: 79681K(79872K)->0K(79872K) From: 2912K(3584K)->2656K(3584K)
[2026-03-25T20:42:02.436+0900][5.061s][info][gc,heap     ] GC(121) ParOldGen: 302641K(303104K)->305490K(305664K)
[2026-03-25T20:42:02.436+0900][5.061s][info][gc,metaspace] GC(121) Metaspace: 5902K(6080K)->5902K(6080K) NonClass: 5272K(5376K)->5272K(5376K) Class: 630K(704K)->630K(704K)
[2026-03-25T20:42:02.436+0900][5.061s][info][gc          ] GC(121) Pause Young (Allocation Failure) 376M->300M(380M) 1.786ms
[2026-03-25T20:42:02.436+0900][5.061s][info][gc,cpu      ] GC(121) User=0.00s Sys=0.00s Real=0.00s
[2026-03-25T20:42:02.494+0900][5.119s][info][gc,start    ] GC(122) Pause Young (Allocation Failure)
[2026-03-25T20:42:02.496+0900][5.120s][info][gc,heap     ] GC(122) PSYoungGen: 82337K(83456K)->3008K(83456K) Eden: 79681K(79872K)->0K(79872K) From: 2656K(3584K)->3008K(3584K)
[2026-03-25T20:42:02.496+0900][5.120s][info][gc,heap     ] GC(122) ParOldGen: 305490K(305664K)->308106K(308224K)
[2026-03-25T20:42:02.496+0900][5.120s][info][gc,metaspace] GC(122) Metaspace: 5902K(6080K)->5902K(6080K) NonClass: 5272K(5376K)->5272K(5376K) Class: 630K(704K)->630K(704K)
[2026-03-25T20:42:02.496+0900][5.120s][info][gc          ] GC(122) Pause Young (Allocation Failure) 378M->303M(382M) 1.704ms
[2026-03-25T20:42:02.496+0900][5.120s][info][gc,cpu      ] GC(122) User=0.00s Sys=0.00s Real=0.00s
[2026-03-25T20:42:02.498+0900][5.123s][info][gc,start    ] GC(123) Pause Young (Allocation Failure)
[2026-03-25T20:42:02.499+0900][5.124s][info][gc,heap     ] GC(123) PSYoungGen: 82689K(83456K)->2720K(83456K) Eden: 79681K(79872K)->0K(79872K) From: 3008K(3584K)->2720K(3584K)
[2026-03-25T20:42:02.499+0900][5.124s][info][gc,heap     ] GC(123) ParOldGen: 308106K(308224K)->310978K(311296K)
[2026-03-25T20:42:02.499+0900][5.124s][info][gc,metaspace] GC(123) Metaspace: 5902K(6080K)->5902K(6080K) NonClass: 5272K(5376K)->5272K(5376K) Class: 630K(704K)->630K(704K)
[2026-03-25T20:42:02.499+0900][5.124s][info][gc          ] GC(123) Pause Young (Allocation Failure) 381M->306M(385M) 1.370ms
[2026-03-25T20:42:02.499+0900][5.124s][info][gc,cpu      ] GC(123) User=0.01s Sys=0.00s Real=0.00s
[2026-03-25T20:42:02.556+0900][5.181s][info][gc,start    ] GC(124) Pause Young (Allocation Failure)
[2026-03-25T20:42:02.558+0900][5.182s][info][gc,heap     ] GC(124) PSYoungGen: 82401K(83456K)->3008K(83456K) Eden: 79681K(79872K)->0K(79872K) From: 2720K(3584K)->3008K(3584K)
[2026-03-25T20:42:02.558+0900][5.183s][info][gc,heap     ] GC(124) ParOldGen: 310978K(311296K)->313594K(313856K)
[2026-03-25T20:42:02.558+0900][5.183s][info][gc,metaspace] GC(124) Metaspace: 5902K(6080K)->5902K(6080K) NonClass: 5272K(5376K)->5272K(5376K) Class: 630K(704K)->630K(704K)
[2026-03-25T20:42:02.558+0900][5.183s][info][gc          ] GC(124) Pause Young (Allocation Failure) 384M->309M(388M) 1.689ms
[2026-03-25T20:42:02.558+0900][5.183s][info][gc,cpu      ] GC(124) User=0.01s Sys=0.00s Real=0.00s
[2026-03-25T20:42:02.615+0900][5.239s][info][gc,start    ] GC(125) Pause Young (Allocation Failure)
[2026-03-25T20:42:02.616+0900][5.241s][info][gc,heap     ] GC(125) PSYoungGen: 82689K(83456K)->2720K(83456K) Eden: 79681K(79872K)->0K(79872K) From: 3008K(3584K)->2720K(3584K)
[2026-03-25T20:42:02.616+0900][5.241s][info][gc,heap     ] GC(125) ParOldGen: 313594K(313856K)->316466K(316928K)
[2026-03-25T20:42:02.616+0900][5.241s][info][gc,metaspace] GC(125) Metaspace: 5902K(6080K)->5902K(6080K) NonClass: 5272K(5376K)->5272K(5376K) Class: 630K(704K)->630K(704K)
[2026-03-25T20:42:02.616+0900][5.241s][info][gc          ] GC(125) Pause Young (Allocation Failure) 386M->311M(391M) 1.760ms
[2026-03-25T20:42:02.616+0900][5.241s][info][gc,cpu      ] GC(125) User=0.00s Sys=0.01s Real=0.00s
[2026-03-25T20:42:02.674+0900][5.298s][info][gc,start    ] GC(126) Pause Young (Allocation Failure)
[2026-03-25T20:42:02.676+0900][5.301s][info][gc,heap     ] GC(126) PSYoungGen: 82401K(83456K)->2912K(83456K) Eden: 79681K(79872K)->0K(79872K) From: 2720K(3584K)->2912K(3584K)
[2026-03-25T20:42:02.676+0900][5.301s][info][gc,heap     ] GC(126) ParOldGen: 316466K(316928K)->319082K(319488K)
[2026-03-25T20:42:02.676+0900][5.301s][info][gc,metaspace] GC(126) Metaspace: 5902K(6080K)->5902K(6080K) NonClass: 5272K(5376K)->5272K(5376K) Class: 630K(704K)->630K(704K)
[2026-03-25T20:42:02.676+0900][5.301s][info][gc          ] GC(126) Pause Young (Allocation Failure) 389M->314M(393M) 2.248ms
[2026-03-25T20:42:02.676+0900][5.301s][info][gc,cpu      ] GC(126) User=0.00s Sys=0.00s Real=0.00s
[2026-03-25T20:42:02.678+0900][5.303s][info][gc,start    ] GC(127) Pause Young (Allocation Failure)
[2026-03-25T20:42:02.680+0900][5.304s][info][gc,heap     ] GC(127) PSYoungGen: 82593K(83456K)->2656K(83456K) Eden: 79681K(79872K)->0K(79872K) From: 2912K(3584K)->2656K(3584K)
[2026-03-25T20:42:02.680+0900][5.304s][info][gc,heap     ] GC(127) ParOldGen: 319082K(319488K)->321955K(322048K)
[2026-03-25T20:42:02.680+0900][5.304s][info][gc,metaspace] GC(127) Metaspace: 5902K(6080K)->5902K(6080K) NonClass: 5272K(5376K)->5272K(5376K) Class: 630K(704K)->630K(704K)
[2026-03-25T20:42:02.680+0900][5.304s][info][gc          ] GC(127) Pause Young (Allocation Failure) 392M->317M(396M) 1.454ms
[2026-03-25T20:42:02.680+0900][5.304s][info][gc,cpu      ] GC(127) User=0.00s Sys=0.00s Real=0.01s
[2026-03-25T20:42:02.734+0900][5.359s][info][gc,start    ] GC(128) Pause Young (Allocation Failure)
[2026-03-25T20:42:02.736+0900][5.360s][info][gc,heap     ] GC(128) PSYoungGen: 82412K(83456K)->3008K(83456K) Eden: 79756K(79872K)->0K(79872K) From: 2656K(3584K)->3008K(3584K)
[2026-03-25T20:42:02.736+0900][5.360s][info][gc,heap     ] GC(128) ParOldGen: 321955K(322048K)->324563K(324608K)
[2026-03-25T20:42:02.736+0900][5.360s][info][gc,metaspace] GC(128) Metaspace: 5909K(6080K)->5909K(6080K) NonClass: 5279K(5376K)->5279K(5376K) Class: 630K(704K)->630K(704K)
[2026-03-25T20:42:02.736+0900][5.360s][info][gc          ] GC(128) Pause Young (Allocation Failure) 394M->319M(398M) 1.792ms
[2026-03-25T20:42:02.736+0900][5.360s][info][gc,cpu      ] GC(128) User=0.00s Sys=0.00s Real=0.00s
[2026-03-25T20:42:02.792+0900][5.416s][info][gc,start    ] GC(129) Pause Young (Allocation Failure)
[2026-03-25T20:42:02.793+0900][5.417s][info][gc,heap     ] GC(129) PSYoungGen: 82688K(83456K)->2944K(83456K) Eden: 79680K(79872K)->0K(79872K) From: 3008K(3584K)->2944K(3584K)
[2026-03-25T20:42:02.793+0900][5.417s][info][gc,heap     ] GC(129) ParOldGen: 324563K(324608K)->327435K(327680K)
[2026-03-25T20:42:02.793+0900][5.417s][info][gc,metaspace] GC(129) Metaspace: 5909K(6080K)->5909K(6080K) NonClass: 5279K(5376K)->5279K(5376K) Class: 630K(704K)->630K(704K)
[2026-03-25T20:42:02.793+0900][5.417s][info][gc          ] GC(129) Pause Young (Allocation Failure) 397M->322M(401M) 0.991ms
[2026-03-25T20:42:02.793+0900][5.417s][info][gc,cpu      ] GC(129) User=0.01s Sys=0.01s Real=0.00s
[2026-03-25T20:42:02.846+0900][5.470s][info][gc,start    ] GC(130) Pause Young (Allocation Failure)
[2026-03-25T20:42:02.847+0900][5.471s][info][gc,heap     ] GC(130) PSYoungGen: 82624K(83456K)->2688K(83456K) Eden: 79680K(79872K)->0K(79872K) From: 2944K(3584K)->2688K(3584K)
[2026-03-25T20:42:02.847+0900][5.471s][info][gc,heap     ] GC(130) ParOldGen: 327435K(327680K)->330307K(330752K)
[2026-03-25T20:42:02.847+0900][5.471s][info][gc,metaspace] GC(130) Metaspace: 5909K(6080K)->5909K(6080K) NonClass: 5279K(5376K)->5279K(5376K) Class: 630K(704K)->630K(704K)
[2026-03-25T20:42:02.847+0900][5.471s][info][gc          ] GC(130) Pause Young (Allocation Failure) 400M->325M(404M) 0.863ms
[2026-03-25T20:42:02.847+0900][5.471s][info][gc,cpu      ] GC(130) User=0.00s Sys=0.00s Real=0.00s
[2026-03-25T20:42:02.848+0900][5.472s][info][gc,start    ] GC(131) Pause Young (Allocation Failure)
[2026-03-25T20:42:02.849+0900][5.473s][info][gc,heap     ] GC(131) PSYoungGen: 82369K(83456K)->2656K(83456K) Eden: 79680K(79872K)->0K(79872K) From: 2688K(3584K)->2656K(3584K)
[2026-03-25T20:42:02.849+0900][5.473s][info][gc,heap     ] GC(131) ParOldGen: 330307K(330752K)->332907K(333312K)
[2026-03-25T20:42:02.849+0900][5.473s][info][gc,metaspace] GC(131) Metaspace: 5909K(6080K)->5909K(6080K) NonClass: 5279K(5376K)->5279K(5376K) Class: 630K(704K)->630K(704K)
[2026-03-25T20:42:02.849+0900][5.473s][info][gc          ] GC(131) Pause Young (Allocation Failure) 403M->327M(407M) 1.049ms
[2026-03-25T20:42:02.849+0900][5.473s][info][gc,cpu      ] GC(131) User=0.01s Sys=0.00s Real=0.00s
[2026-03-25T20:42:02.904+0900][5.529s][info][gc,start    ] GC(132) Pause Young (Allocation Failure)
[2026-03-25T20:42:02.905+0900][5.529s][info][gc,heap     ] GC(132) PSYoungGen: 82337K(83456K)->2976K(83456K) Eden: 79680K(79872K)->0K(79872K) From: 2656K(3584K)->2976K(3584K)
[2026-03-25T20:42:02.905+0900][5.530s][info][gc,heap     ] GC(132) ParOldGen: 332907K(333312K)->335523K(335872K)
[2026-03-25T20:42:02.905+0900][5.530s][info][gc,metaspace] GC(132) Metaspace: 5909K(6080K)->5909K(6080K) NonClass: 5279K(5376K)->5279K(5376K) Class: 630K(704K)->630K(704K)
[2026-03-25T20:42:02.905+0900][5.530s][info][gc          ] GC(132) Pause Young (Allocation Failure) 405M->330M(409M) 0.967ms
[2026-03-25T20:42:02.905+0900][5.530s][info][gc,cpu      ] GC(132) User=0.00s Sys=0.00s Real=0.00s
[2026-03-25T20:42:02.961+0900][5.586s][info][gc,start    ] GC(133) Pause Young (Allocation Failure)
[2026-03-25T20:42:02.962+0900][5.587s][info][gc,heap     ] GC(133) PSYoungGen: 82657K(83456K)->3040K(83456K) Eden: 79681K(79872K)->0K(79872K) From: 2976K(3584K)->3040K(3584K)
[2026-03-25T20:42:02.962+0900][5.587s][info][gc,heap     ] GC(133) ParOldGen: 335523K(335872K)->338396K(338432K)
[2026-03-25T20:42:02.962+0900][5.587s][info][gc,metaspace] GC(133) Metaspace: 5909K(6080K)->5909K(6080K) NonClass: 5279K(5376K)->5279K(5376K) Class: 630K(704K)->630K(704K)
[2026-03-25T20:42:02.962+0900][5.587s][info][gc          ] GC(133) Pause Young (Allocation Failure) 408M->333M(412M) 1.159ms
[2026-03-25T20:42:02.962+0900][5.587s][info][gc,cpu      ] GC(133) User=0.00s Sys=0.00s Real=0.00s
[2026-03-25T20:42:03.017+0900][5.641s][info][gc,start    ] GC(134) Pause Young (Allocation Failure)
[2026-03-25T20:42:03.018+0900][5.643s][info][gc,heap     ] GC(134) PSYoungGen: 82721K(83456K)->2624K(83456K) Eden: 79681K(79872K)->0K(79872K) From: 3040K(3584K)->2624K(3584K)
[2026-03-25T20:42:03.019+0900][5.643s][info][gc,heap     ] GC(134) ParOldGen: 338396K(338432K)->341276K(341504K)
[2026-03-25T20:42:03.019+0900][5.643s][info][gc,metaspace] GC(134) Metaspace: 5909K(6080K)->5909K(6080K) NonClass: 5279K(5376K)->5279K(5376K) Class: 630K(704K)->630K(704K)
[2026-03-25T20:42:03.019+0900][5.643s][info][gc          ] GC(134) Pause Young (Allocation Failure) 411M->335M(415M) 1.804ms
[2026-03-25T20:42:03.019+0900][5.643s][info][gc,cpu      ] GC(134) User=0.01s Sys=0.01s Real=0.00s
[2026-03-25T20:42:03.020+0900][5.645s][info][gc,start    ] GC(135) Pause Young (Allocation Failure)
[2026-03-25T20:42:03.021+0900][5.645s][info][gc,heap     ] GC(135) PSYoungGen: 82305K(83456K)->2656K(83456K) Eden: 79681K(79872K)->0K(79872K) From: 2624K(3584K)->2656K(3584K)
[2026-03-25T20:42:03.021+0900][5.645s][info][gc,heap     ] GC(135) ParOldGen: 341276K(341504K)->343892K(344064K)
[2026-03-25T20:42:03.021+0900][5.646s][info][gc,metaspace] GC(135) Metaspace: 5909K(6080K)->5909K(6080K) NonClass: 5279K(5376K)->5279K(5376K) Class: 630K(704K)->630K(704K)
[2026-03-25T20:42:03.021+0900][5.646s][info][gc          ] GC(135) Pause Young (Allocation Failure) 413M->338M(417M) 0.854ms
[2026-03-25T20:42:03.021+0900][5.646s][info][gc,cpu      ] GC(135) User=0.00s Sys=0.00s Real=0.00s
[2026-03-25T20:42:03.078+0900][5.702s][info][gc,start    ] GC(136) Pause Young (Allocation Failure)
[2026-03-25T20:42:03.079+0900][5.704s][info][gc,heap     ] GC(136) PSYoungGen: 82337K(83456K)->2944K(83456K) Eden: 79681K(79872K)->0K(79872K) From: 2656K(3584K)->2944K(3584K)
[2026-03-25T20:42:03.079+0900][5.704s][info][gc,heap     ] GC(136) ParOldGen: 343892K(344064K)->346508K(346624K)
[2026-03-25T20:42:03.079+0900][5.704s][info][gc,metaspace] GC(136) Metaspace: 5909K(6080K)->5909K(6080K) NonClass: 5279K(5376K)->5279K(5376K) Class: 630K(704K)->630K(704K)
[2026-03-25T20:42:03.079+0900][5.704s][info][gc          ] GC(136) Pause Young (Allocation Failure) 416M->341M(420M) 1.692ms
[2026-03-25T20:42:03.079+0900][5.704s][info][gc,cpu      ] GC(136) User=0.01s Sys=0.00s Real=0.00s
[2026-03-25T20:42:03.136+0900][5.760s][info][gc,start    ] GC(137) Pause Young (Allocation Failure)
[2026-03-25T20:42:03.137+0900][5.762s][info][gc,heap     ] GC(137) PSYoungGen: 82625K(83456K)->3008K(83456K) Eden: 79681K(79872K)->0K(79872K) From: 2944K(3584K)->3008K(3584K)
[2026-03-25T20:42:03.137+0900][5.762s][info][gc,heap     ] GC(137) ParOldGen: 346508K(346624K)->349380K(349696K)
[2026-03-25T20:42:03.137+0900][5.762s][info][gc,metaspace] GC(137) Metaspace: 5909K(6080K)->5909K(6080K) NonClass: 5279K(5376K)->5279K(5376K) Class: 630K(704K)->630K(704K)
[2026-03-25T20:42:03.137+0900][5.762s][info][gc          ] GC(137) Pause Young (Allocation Failure) 419M->344M(423M) 1.931ms
[2026-03-25T20:42:03.138+0900][5.762s][info][gc,cpu      ] GC(137) User=0.01s Sys=0.00s Real=0.00s
[2026-03-25T20:42:03.191+0900][5.816s][info][gc,start    ] GC(138) Pause Full (Allocation Failure)
[2026-03-25T20:42:03.191+0900][5.816s][info][gc,phases,start] GC(138) Marking Phase
[2026-03-25T20:42:03.196+0900][5.821s][info][gc,phases      ] GC(138) Marking Phase 4.829ms
[2026-03-25T20:42:03.196+0900][5.821s][info][gc,phases,start] GC(138) Summary Phase
[2026-03-25T20:42:03.196+0900][5.821s][info][gc,phases      ] GC(138) Summary Phase 0.024ms
[2026-03-25T20:42:03.196+0900][5.821s][info][gc,phases,start] GC(138) Forward
[2026-03-25T20:42:03.198+0900][5.822s][info][gc,phases      ] GC(138) Forward 1.191ms
[2026-03-25T20:42:03.198+0900][5.822s][info][gc,phases,start] GC(138) Adjust Pointers
[2026-03-25T20:42:03.200+0900][5.824s][info][gc,phases      ] GC(138) Adjust Pointers 2.147ms
[2026-03-25T20:42:03.200+0900][5.824s][info][gc,phases,start] GC(138) Compaction Phase
[2026-03-25T20:42:03.202+0900][5.826s][info][gc,phases      ] GC(138) Compaction Phase 1.751ms
[2026-03-25T20:42:03.202+0900][5.826s][info][gc,phases,start] GC(138) Post Compact
[2026-03-25T20:42:03.203+0900][5.827s][info][gc,phases      ] GC(138) Post Compact 0.861ms
[2026-03-25T20:42:03.212+0900][5.836s][info][gc,heap        ] GC(138) PSYoungGen: 82689K(83456K)->0K(83456K) Eden: 79681K(79872K)->0K(79872K) From: 3008K(3584K)->0K(3584K)
[2026-03-25T20:42:03.212+0900][5.836s][info][gc,heap        ] GC(138) ParOldGen: 349380K(349696K)->28161K(175104K)
[2026-03-25T20:42:03.212+0900][5.836s][info][gc,metaspace   ] GC(138) Metaspace: 5909K(6080K)->5909K(6080K) NonClass: 5279K(5376K)->5279K(5376K) Class: 630K(704K)->630K(704K)
[2026-03-25T20:42:03.212+0900][5.836s][info][gc             ] GC(138) Pause Full (Allocation Failure) 421M->27M(252M) 20.454ms
[2026-03-25T20:42:03.212+0900][5.836s][info][gc,cpu         ] GC(138) User=0.02s Sys=0.03s Real=0.02s
[2026-03-25T20:42:03.213+0900][5.838s][info][gc,start       ] GC(139) Pause Young (Allocation Failure)
[2026-03-25T20:42:03.214+0900][5.838s][info][gc,heap        ] GC(139) PSYoungGen: 79681K(83456K)->3040K(83456K) Eden: 79681K(79872K)->0K(79872K) From: 0K(3584K)->3040K(3584K)
[2026-03-25T20:42:03.214+0900][5.838s][info][gc,heap        ] GC(139) ParOldGen: 28161K(175104K)->28161K(175104K)
[2026-03-25T20:42:03.214+0900][5.838s][info][gc,metaspace   ] GC(139) Metaspace: 5909K(6080K)->5909K(6080K) NonClass: 5279K(5376K)->5279K(5376K) Class: 630K(704K)->630K(704K)
[2026-03-25T20:42:03.214+0900][5.838s][info][gc             ] GC(139) Pause Young (Allocation Failure) 105M->30M(252M) 0.297ms
[2026-03-25T20:42:03.214+0900][5.838s][info][gc,cpu         ] GC(139) User=0.01s Sys=0.00s Real=0.00s
[2026-03-25T20:42:03.271+0900][5.896s][info][gc,start       ] GC(140) Pause Young (Allocation Failure)
[2026-03-25T20:42:03.272+0900][5.896s][info][gc,heap        ] GC(140) PSYoungGen: 82721K(83456K)->2944K(83456K) Eden: 79681K(79872K)->0K(79872K) From: 3040K(3584K)->2944K(3584K)
[2026-03-25T20:42:03.272+0900][5.897s][info][gc,heap        ] GC(140) ParOldGen: 28161K(175104K)->31033K(175104K)
[2026-03-25T20:42:03.272+0900][5.897s][info][gc,metaspace   ] GC(140) Metaspace: 5909K(6080K)->5909K(6080K) NonClass: 5279K(5376K)->5279K(5376K) Class: 630K(704K)->630K(704K)
[2026-03-25T20:42:03.272+0900][5.897s][info][gc             ] GC(140) Pause Young (Allocation Failure) 108M->33M(252M) 1.069ms
[2026-03-25T20:42:03.272+0900][5.897s][info][gc,cpu         ] GC(140) User=0.00s Sys=0.00s Real=0.00s
[2026-03-25T20:42:03.330+0900][5.954s][info][gc,start       ] GC(141) Pause Young (Allocation Failure)
[2026-03-25T20:42:03.331+0900][5.955s][info][gc,heap        ] GC(141) PSYoungGen: 82625K(83456K)->2912K(83456K) Eden: 79681K(79872K)->0K(79872K) From: 2944K(3584K)->2912K(3584K)
[2026-03-25T20:42:03.331+0900][5.955s][info][gc,heap        ] GC(141) ParOldGen: 31033K(175104K)->33905K(175104K)
[2026-03-25T20:42:03.331+0900][5.955s][info][gc,metaspace   ] GC(141) Metaspace: 5909K(6080K)->5909K(6080K) NonClass: 5279K(5376K)->5279K(5376K) Class: 630K(704K)->630K(704K)
[2026-03-25T20:42:03.331+0900][5.955s][info][gc             ] GC(141) Pause Young (Allocation Failure) 110M->35M(252M) 0.946ms
[2026-03-25T20:42:03.331+0900][5.955s][info][gc,cpu         ] GC(141) User=0.00s Sys=0.00s Real=0.00s
[2026-03-25T20:42:03.386+0900][6.010s][info][gc,start       ] GC(142) Pause Young (Allocation Failure)
[2026-03-25T20:42:03.387+0900][6.011s][info][gc,heap        ] GC(142) PSYoungGen: 82593K(83456K)->2656K(83456K) Eden: 79681K(79872K)->0K(79872K) From: 2912K(3584K)->2656K(3584K)
[2026-03-25T20:42:03.387+0900][6.011s][info][gc,heap        ] GC(142) ParOldGen: 33905K(175104K)->36777K(175104K)
[2026-03-25T20:42:03.387+0900][6.011s][info][gc,metaspace   ] GC(142) Metaspace: 5909K(6080K)->5909K(6080K) NonClass: 5279K(5376K)->5279K(5376K) Class: 630K(704K)->630K(704K)
[2026-03-25T20:42:03.387+0900][6.011s][info][gc             ] GC(142) Pause Young (Allocation Failure) 113M->38M(252M) 0.709ms
[2026-03-25T20:42:03.387+0900][6.011s][info][gc,cpu         ] GC(142) User=0.00s Sys=0.00s Real=0.00s
[2026-03-25T20:42:03.389+0900][6.013s][info][gc,start       ] GC(143) Pause Young (Allocation Failure)
[2026-03-25T20:42:03.389+0900][6.014s][info][gc,heap        ] GC(143) PSYoungGen: 82337K(83456K)->2624K(83456K) Eden: 79681K(79872K)->0K(79872K) From: 2656K(3584K)->2624K(3584K)
[2026-03-25T20:42:03.389+0900][6.014s][info][gc,heap        ] GC(143) ParOldGen: 36777K(175104K)->39393K(175104K)
[2026-03-25T20:42:03.389+0900][6.014s][info][gc,metaspace   ] GC(143) Metaspace: 5909K(6080K)->5909K(6080K) NonClass: 5279K(5376K)->5279K(5376K) Class: 630K(704K)->630K(704K)
[2026-03-25T20:42:03.389+0900][6.014s][info][gc             ] GC(143) Pause Young (Allocation Failure) 116M->41M(252M) 0.792ms
[2026-03-25T20:42:03.389+0900][6.014s][info][gc,cpu         ] GC(143) User=0.00s Sys=0.01s Real=0.00s
[2026-03-25T20:42:03.446+0900][6.071s][info][gc,start       ] GC(144) Pause Young (Allocation Failure)
[2026-03-25T20:42:03.447+0900][6.072s][info][gc,heap        ] GC(144) PSYoungGen: 82305K(83456K)->2912K(83456K) Eden: 79681K(79872K)->0K(79872K) From: 2624K(3584K)->2912K(3584K)
[2026-03-25T20:42:03.447+0900][6.072s][info][gc,heap        ] GC(144) ParOldGen: 39393K(175104K)->42001K(175104K)
[2026-03-25T20:42:03.447+0900][6.072s][info][gc,metaspace   ] GC(144) Metaspace: 5909K(6080K)->5909K(6080K) NonClass: 5279K(5376K)->5279K(5376K) Class: 630K(704K)->630K(704K)
[2026-03-25T20:42:03.447+0900][6.072s][info][gc             ] GC(144) Pause Young (Allocation Failure) 118M->43M(252M) 0.847ms
[2026-03-25T20:42:03.447+0900][6.072s][info][gc,cpu         ] GC(144) User=0.00s Sys=0.00s Real=0.00s
[2026-03-25T20:42:03.504+0900][6.129s][info][gc,start       ] GC(145) Pause Young (Allocation Failure)
[2026-03-25T20:42:03.505+0900][6.130s][info][gc,heap        ] GC(145) PSYoungGen: 82593K(83456K)->2944K(83456K) Eden: 79681K(79872K)->0K(79872K) From: 2912K(3584K)->2944K(3584K)
[2026-03-25T20:42:03.506+0900][6.130s][info][gc,heap        ] GC(145) ParOldGen: 42001K(175104K)->44874K(175104K)
[2026-03-25T20:42:03.506+0900][6.130s][info][gc,metaspace   ] GC(145) Metaspace: 5909K(6080K)->5909K(6080K) NonClass: 5279K(5376K)->5279K(5376K) Class: 630K(704K)->630K(704K)
[2026-03-25T20:42:03.506+0900][6.130s][info][gc             ] GC(145) Pause Young (Allocation Failure) 121M->46M(252M) 1.182ms
[2026-03-25T20:42:03.506+0900][6.130s][info][gc,cpu         ] GC(145) User=0.00s Sys=0.00s Real=0.00s
[2026-03-25T20:42:03.558+0900][6.183s][info][gc,start       ] GC(146) Pause Young (Allocation Failure)
[2026-03-25T20:42:03.559+0900][6.184s][info][gc,heap        ] GC(146) PSYoungGen: 82625K(83456K)->2624K(83456K) Eden: 79681K(79872K)->0K(79872K) From: 2944K(3584K)->2624K(3584K)
[2026-03-25T20:42:03.559+0900][6.184s][info][gc,heap        ] GC(146) ParOldGen: 44874K(175104K)->47754K(175104K)
[2026-03-25T20:42:03.559+0900][6.184s][info][gc,metaspace   ] GC(146) Metaspace: 5909K(6080K)->5909K(6080K) NonClass: 5279K(5376K)->5279K(5376K) Class: 630K(704K)->630K(704K)
[2026-03-25T20:42:03.559+0900][6.184s][info][gc             ] GC(146) Pause Young (Allocation Failure) 124M->49M(252M) 0.806ms
[2026-03-25T20:42:03.559+0900][6.184s][info][gc,cpu         ] GC(146) User=0.00s Sys=0.00s Real=0.00s
[2026-03-25T20:42:03.560+0900][6.185s][info][gc,start       ] GC(147) Pause Young (Allocation Failure)
[2026-03-25T20:42:03.561+0900][6.185s][info][gc,heap        ] GC(147) PSYoungGen: 82305K(83456K)->2880K(83456K) Eden: 79681K(79872K)->0K(79872K) From: 2624K(3584K)->2880K(3584K)
[2026-03-25T20:42:03.561+0900][6.185s][info][gc,heap        ] GC(147) ParOldGen: 47754K(175104K)->50378K(175104K)
[2026-03-25T20:42:03.561+0900][6.185s][info][gc,metaspace   ] GC(147) Metaspace: 5909K(6080K)->5909K(6080K) NonClass: 5279K(5376K)->5279K(5376K) Class: 630K(704K)->630K(704K)
[2026-03-25T20:42:03.561+0900][6.185s][info][gc             ] GC(147) Pause Young (Allocation Failure) 127M->52M(252M) 0.757ms
[2026-03-25T20:42:03.561+0900][6.185s][info][gc,cpu         ] GC(147) User=0.00s Sys=0.00s Real=0.00s
[2026-03-25T20:42:03.617+0900][6.241s][info][gc,start       ] GC(148) Pause Young (Allocation Failure)
[2026-03-25T20:42:03.618+0900][6.242s][info][gc,heap        ] GC(148) PSYoungGen: 82561K(83456K)->2880K(83456K) Eden: 79681K(79872K)->0K(79872K) From: 2880K(3584K)->2880K(3584K)
[2026-03-25T20:42:03.618+0900][6.242s][info][gc,heap        ] GC(148) ParOldGen: 50378K(175104K)->52978K(175104K)
[2026-03-25T20:42:03.618+0900][6.242s][info][gc,metaspace   ] GC(148) Metaspace: 5909K(6080K)->5909K(6080K) NonClass: 5279K(5376K)->5279K(5376K) Class: 630K(704K)->630K(704K)
[2026-03-25T20:42:03.618+0900][6.242s][info][gc             ] GC(148) Pause Young (Allocation Failure) 129M->54M(252M) 0.863ms
[2026-03-25T20:42:03.618+0900][6.242s][info][gc,cpu         ] GC(148) User=0.00s Sys=0.00s Real=0.00s
[2026-03-25T20:42:03.669+0900][6.294s][info][gc,start       ] GC(149) Pause Young (Allocation Failure)
[2026-03-25T20:42:03.670+0900][6.295s][info][gc,heap        ] GC(149) PSYoungGen: 82561K(83456K)->2912K(83456K) Eden: 79681K(79872K)->0K(79872K) From: 2880K(3584K)->2912K(3584K)
[2026-03-25T20:42:03.671+0900][6.295s][info][gc,heap        ] GC(149) ParOldGen: 52978K(175104K)->55850K(175104K)
[2026-03-25T20:42:03.671+0900][6.295s][info][gc,metaspace   ] GC(149) Metaspace: 5909K(6080K)->5909K(6080K) NonClass: 5279K(5376K)->5279K(5376K) Class: 630K(704K)->630K(704K)
[2026-03-25T20:42:03.671+0900][6.295s][info][gc             ] GC(149) Pause Young (Allocation Failure) 132M->57M(252M) 1.254ms
[2026-03-25T20:42:03.671+0900][6.295s][info][gc,cpu         ] GC(149) User=0.00s Sys=0.01s Real=0.01s
[2026-03-25T20:42:03.725+0900][6.350s][info][gc,start       ] GC(150) Pause Young (Allocation Failure)
[2026-03-25T20:42:03.726+0900][6.351s][info][gc,heap        ] GC(150) PSYoungGen: 82642K(83456K)->2880K(83456K) Eden: 79730K(79872K)->0K(79872K) From: 2912K(3584K)->2880K(3584K)
[2026-03-25T20:42:03.726+0900][6.351s][info][gc,heap        ] GC(150) ParOldGen: 55850K(175104K)->58722K(175104K)
[2026-03-25T20:42:03.726+0900][6.351s][info][gc,metaspace   ] GC(150) Metaspace: 5914K(6080K)->5914K(6080K) NonClass: 5283K(5376K)->5283K(5376K) Class: 630K(704K)->630K(704K)
[2026-03-25T20:42:03.726+0900][6.351s][info][gc             ] GC(150) Pause Young (Allocation Failure) 135M->60M(252M) 1.231ms
[2026-03-25T20:42:03.727+0900][6.351s][info][gc,cpu         ] GC(150) User=0.00s Sys=0.00s Real=0.00s
[2026-03-25T20:42:03.728+0900][6.353s][info][gc,start       ] GC(151) Pause Young (Allocation Failure)
[2026-03-25T20:42:03.729+0900][6.353s][info][gc,heap        ] GC(151) PSYoungGen: 82560K(83456K)->2624K(83456K) Eden: 79680K(79872K)->0K(79872K) From: 2880K(3584K)->2624K(3584K)
[2026-03-25T20:42:03.729+0900][6.353s][info][gc,heap        ] GC(151) ParOldGen: 58722K(175104K)->61603K(175104K)
[2026-03-25T20:42:03.729+0900][6.353s][info][gc,metaspace   ] GC(151) Metaspace: 5914K(6080K)->5914K(6080K) NonClass: 5283K(5376K)->5283K(5376K) Class: 630K(704K)->630K(704K)
[2026-03-25T20:42:03.729+0900][6.353s][info][gc             ] GC(151) Pause Young (Allocation Failure) 137M->62M(252M) 0.729ms
[2026-03-25T20:42:03.729+0900][6.353s][info][gc,cpu         ] GC(151) User=0.00s Sys=0.00s Real=0.00s
[2026-03-25T20:42:03.783+0900][6.408s][info][gc,start       ] GC(152) Pause Young (Allocation Failure)
[2026-03-25T20:42:03.785+0900][6.409s][info][gc,heap        ] GC(152) PSYoungGen: 82305K(83456K)->2624K(83456K) Eden: 79680K(79872K)->0K(79872K) From: 2624K(3584K)->2624K(3584K)
[2026-03-25T20:42:03.785+0900][6.409s][info][gc,heap        ] GC(152) ParOldGen: 61603K(175104K)->64219K(175104K)
[2026-03-25T20:42:03.785+0900][6.409s][info][gc,metaspace   ] GC(152) Metaspace: 5914K(6080K)->5914K(6080K) NonClass: 5283K(5376K)->5283K(5376K) Class: 630K(704K)->630K(704K)
[2026-03-25T20:42:03.785+0900][6.409s][info][gc             ] GC(152) Pause Young (Allocation Failure) 140M->65M(252M) 1.333ms
[2026-03-25T20:42:03.785+0900][6.409s][info][gc,cpu         ] GC(152) User=0.00s Sys=0.01s Real=0.00s
[2026-03-25T20:42:03.838+0900][6.462s][info][gc,start       ] GC(153) Pause Young (Allocation Failure)
[2026-03-25T20:42:03.839+0900][6.463s][info][gc,heap        ] GC(153) PSYoungGen: 82305K(83456K)->2880K(83456K) Eden: 79680K(79872K)->0K(79872K) From: 2624K(3584K)->2880K(3584K)
[2026-03-25T20:42:03.839+0900][6.463s][info][gc,heap        ] GC(153) ParOldGen: 64219K(175104K)->66835K(175104K)
[2026-03-25T20:42:03.839+0900][6.463s][info][gc,metaspace   ] GC(153) Metaspace: 5914K(6080K)->5914K(6080K) NonClass: 5283K(5376K)->5283K(5376K) Class: 630K(704K)->630K(704K)
[2026-03-25T20:42:03.839+0900][6.463s][info][gc             ] GC(153) Pause Young (Allocation Failure) 143M->68M(252M) 0.696ms
[2026-03-25T20:42:03.839+0900][6.463s][info][gc,cpu         ] GC(153) User=0.01s Sys=0.00s Real=0.00s
[2026-03-25T20:42:03.895+0900][6.519s][info][gc,start       ] GC(154) Pause Young (Allocation Failure)
[2026-03-25T20:42:03.896+0900][6.520s][info][gc,heap        ] GC(154) PSYoungGen: 82561K(83456K)->2880K(83456K) Eden: 79681K(79872K)->0K(79872K) From: 2880K(3584K)->2880K(3584K)
[2026-03-25T20:42:03.896+0900][6.520s][info][gc,heap        ] GC(154) ParOldGen: 66835K(175104K)->69715K(175104K)
[2026-03-25T20:42:03.896+0900][6.520s][info][gc,metaspace   ] GC(154) Metaspace: 5914K(6080K)->5914K(6080K) NonClass: 5283K(5376K)->5283K(5376K) Class: 630K(704K)->630K(704K)
[2026-03-25T20:42:03.896+0900][6.520s][info][gc             ] GC(154) Pause Young (Allocation Failure) 145M->70M(252M) 0.935ms
[2026-03-25T20:42:03.896+0900][6.520s][info][gc,cpu         ] GC(154) User=0.00s Sys=0.00s Real=0.00s
[2026-03-25T20:42:03.897+0900][6.521s][info][gc,start       ] GC(155) Pause Young (Allocation Failure)
[2026-03-25T20:42:03.898+0900][6.522s][info][gc,heap        ] GC(155) PSYoungGen: 82561K(83456K)->2624K(83456K) Eden: 79681K(79872K)->0K(79872K) From: 2880K(3584K)->2624K(3584K)
[2026-03-25T20:42:03.898+0900][6.522s][info][gc,heap        ] GC(155) ParOldGen: 69715K(175104K)->72595K(175104K)
[2026-03-25T20:42:03.898+0900][6.522s][info][gc,metaspace   ] GC(155) Metaspace: 5914K(6080K)->5914K(6080K) NonClass: 5283K(5376K)->5283K(5376K) Class: 630K(704K)->630K(704K)
[2026-03-25T20:42:03.898+0900][6.522s][info][gc             ] GC(155) Pause Young (Allocation Failure) 148M->73M(252M) 0.822ms
[2026-03-25T20:42:03.898+0900][6.522s][info][gc,cpu         ] GC(155) User=0.00s Sys=0.00s Real=0.00s
[2026-03-25T20:42:03.955+0900][6.579s][info][gc,start       ] GC(156) Pause Young (Allocation Failure)
[2026-03-25T20:42:03.956+0900][6.580s][info][gc,heap        ] GC(156) PSYoungGen: 82305K(83456K)->2688K(83456K) Eden: 79681K(79872K)->0K(79872K) From: 2624K(3584K)->2688K(3584K)
[2026-03-25T20:42:03.956+0900][6.580s][info][gc,heap        ] GC(156) ParOldGen: 72595K(175104K)->75211K(175104K)
[2026-03-25T20:42:03.956+0900][6.580s][info][gc,metaspace   ] GC(156) Metaspace: 5914K(6080K)->5914K(6080K) NonClass: 5283K(5376K)->5283K(5376K) Class: 630K(704K)->630K(704K)
[2026-03-25T20:42:03.956+0900][6.581s][info][gc             ] GC(156) Pause Young (Allocation Failure) 151M->76M(252M) 1.175ms
[2026-03-25T20:42:03.956+0900][6.581s][info][gc,cpu         ] GC(156) User=0.00s Sys=0.00s Real=0.00s
[2026-03-25T20:42:04.012+0900][6.637s][info][gc,start       ] GC(157) Pause Young (Allocation Failure)
[2026-03-25T20:42:04.013+0900][6.638s][info][gc,heap        ] GC(157) PSYoungGen: 82369K(83456K)->2944K(83456K) Eden: 79681K(79872K)->0K(79872K) From: 2688K(3584K)->2944K(3584K)
[2026-03-25T20:42:04.013+0900][6.638s][info][gc,heap        ] GC(157) ParOldGen: 75211K(175104K)->77827K(175104K)
[2026-03-25T20:42:04.013+0900][6.638s][info][gc,metaspace   ] GC(157) Metaspace: 5914K(6080K)->5914K(6080K) NonClass: 5283K(5376K)->5283K(5376K) Class: 630K(704K)->630K(704K)
[2026-03-25T20:42:04.013+0900][6.638s][info][gc             ] GC(157) Pause Young (Allocation Failure) 153M->78M(252M) 0.694ms
[2026-03-25T20:42:04.013+0900][6.638s][info][gc,cpu         ] GC(157) User=0.00s Sys=0.01s Real=0.00s
[2026-03-25T20:42:04.065+0900][6.690s][info][gc,start       ] GC(158) Pause Young (Allocation Failure)
[2026-03-25T20:42:04.066+0900][6.691s][info][gc,heap        ] GC(158) PSYoungGen: 82625K(83456K)->2880K(83456K) Eden: 79681K(79872K)->0K(79872K) From: 2944K(3584K)->2880K(3584K)
[2026-03-25T20:42:04.066+0900][6.691s][info][gc,heap        ] GC(158) ParOldGen: 77827K(175104K)->80700K(175104K)
[2026-03-25T20:42:04.066+0900][6.691s][info][gc,metaspace   ] GC(158) Metaspace: 5914K(6080K)->5914K(6080K) NonClass: 5283K(5376K)->5283K(5376K) Class: 630K(704K)->630K(704K)
[2026-03-25T20:42:04.066+0900][6.691s][info][gc             ] GC(158) Pause Young (Allocation Failure) 156M->81M(252M) 0.970ms
[2026-03-25T20:42:04.066+0900][6.691s][info][gc,cpu         ] GC(158) User=0.00s Sys=0.00s Real=0.00s
[2026-03-25T20:42:04.067+0900][6.692s][info][gc,start       ] GC(159) Pause Young (Allocation Failure)
[2026-03-25T20:42:04.068+0900][6.693s][info][gc,heap        ] GC(159) PSYoungGen: 82561K(83456K)->2624K(83456K) Eden: 79681K(79872K)->0K(79872K) From: 2880K(3584K)->2624K(3584K)
[2026-03-25T20:42:04.068+0900][6.693s][info][gc,heap        ] GC(159) ParOldGen: 80700K(175104K)->83580K(175104K)
[2026-03-25T20:42:04.068+0900][6.693s][info][gc,metaspace   ] GC(159) Metaspace: 5914K(6080K)->5914K(6080K) NonClass: 5283K(5376K)->5283K(5376K) Class: 630K(704K)->630K(704K)
[2026-03-25T20:42:04.068+0900][6.693s][info][gc             ] GC(159) Pause Young (Allocation Failure) 159M->84M(252M) 0.863ms
[2026-03-25T20:42:04.068+0900][6.693s][info][gc,cpu         ] GC(159) User=0.00s Sys=0.00s Real=0.00s
[2026-03-25T20:42:04.125+0900][6.749s][info][gc,start       ] GC(160) Pause Young (Allocation Failure)
[2026-03-25T20:42:04.126+0900][6.751s][info][gc,heap        ] GC(160) PSYoungGen: 82305K(83456K)->2624K(83456K) Eden: 79681K(79872K)->0K(79872K) From: 2624K(3584K)->2624K(3584K)
[2026-03-25T20:42:04.126+0900][6.751s][info][gc,heap        ] GC(160) ParOldGen: 83580K(175104K)->86204K(175104K)
[2026-03-25T20:42:04.126+0900][6.751s][info][gc,metaspace   ] GC(160) Metaspace: 5914K(6080K)->5914K(6080K) NonClass: 5283K(5376K)->5283K(5376K) Class: 630K(704K)->630K(704K)
[2026-03-25T20:42:04.126+0900][6.751s][info][gc             ] GC(160) Pause Young (Allocation Failure) 161M->86M(252M) 1.402ms
[2026-03-25T20:42:04.126+0900][6.751s][info][gc,cpu         ] GC(160) User=0.01s Sys=0.01s Real=0.00s
[2026-03-25T20:42:04.179+0900][6.803s][info][gc,start       ] GC(161) Pause Young (Allocation Failure)
[2026-03-25T20:42:04.180+0900][6.805s][info][gc,heap        ] GC(161) PSYoungGen: 82305K(83456K)->2944K(83456K) Eden: 79681K(79872K)->0K(79872K) From: 2624K(3584K)->2944K(3584K)
[2026-03-25T20:42:04.180+0900][6.805s][info][gc,heap        ] GC(161) ParOldGen: 86204K(175104K)->88820K(175104K)
[2026-03-25T20:42:04.180+0900][6.805s][info][gc,metaspace   ] GC(161) Metaspace: 5914K(6080K)->5914K(6080K) NonClass: 5283K(5376K)->5283K(5376K) Class: 630K(704K)->630K(704K)
[2026-03-25T20:42:04.180+0900][6.805s][info][gc             ] GC(161) Pause Young (Allocation Failure) 164M->89M(252M) 1.471ms
[2026-03-25T20:42:04.180+0900][6.805s][info][gc,cpu         ] GC(161) User=0.00s Sys=0.00s Real=0.01s
[2026-03-25T20:42:04.238+0900][6.862s][info][gc,start       ] GC(162) Pause Young (Allocation Failure)
[2026-03-25T20:42:04.239+0900][6.864s][info][gc,heap        ] GC(162) PSYoungGen: 82625K(83456K)->2880K(83456K) Eden: 79681K(79872K)->0K(79872K) From: 2944K(3584K)->2880K(3584K)
[2026-03-25T20:42:04.239+0900][6.864s][info][gc,heap        ] GC(162) ParOldGen: 88820K(175104K)->91700K(175104K)
[2026-03-25T20:42:04.239+0900][6.864s][info][gc,metaspace   ] GC(162) Metaspace: 5914K(6080K)->5914K(6080K) NonClass: 5283K(5376K)->5283K(5376K) Class: 630K(704K)->630K(704K)
[2026-03-25T20:42:04.239+0900][6.864s][info][gc             ] GC(162) Pause Young (Allocation Failure) 167M->92M(252M) 1.636ms
[2026-03-25T20:42:04.239+0900][6.864s][info][gc,cpu         ] GC(162) User=0.01s Sys=0.00s Real=0.00s
[2026-03-25T20:42:04.240+0900][6.865s][info][gc,start       ] GC(163) Pause Young (Allocation Failure)
[2026-03-25T20:42:04.241+0900][6.865s][info][gc,heap        ] GC(163) PSYoungGen: 82561K(83456K)->2624K(83456K) Eden: 79681K(79872K)->0K(79872K) From: 2880K(3584K)->2624K(3584K)
[2026-03-25T20:42:04.241+0900][6.865s][info][gc,heap        ] GC(163) ParOldGen: 91700K(175104K)->94572K(175104K)
[2026-03-25T20:42:04.241+0900][6.865s][info][gc,metaspace   ] GC(163) Metaspace: 5914K(6080K)->5914K(6080K) NonClass: 5283K(5376K)->5283K(5376K) Class: 630K(704K)->630K(704K)
[2026-03-25T20:42:04.241+0900][6.865s][info][gc             ] GC(163) Pause Young (Allocation Failure) 170M->94M(252M) 0.706ms
[2026-03-25T20:42:04.241+0900][6.865s][info][gc,cpu         ] GC(163) User=0.00s Sys=0.00s Real=0.00s
[2026-03-25T20:42:04.297+0900][6.921s][info][gc,start       ] GC(164) Pause Young (Allocation Failure)
[2026-03-25T20:42:04.298+0900][6.922s][info][gc,heap        ] GC(164) PSYoungGen: 82305K(83456K)->2624K(83456K) Eden: 79681K(79872K)->0K(79872K) From: 2624K(3584K)->2624K(3584K)
[2026-03-25T20:42:04.298+0900][6.922s][info][gc,heap        ] GC(164) ParOldGen: 94572K(175104K)->97189K(175104K)
[2026-03-25T20:42:04.298+0900][6.922s][info][gc,metaspace   ] GC(164) Metaspace: 5914K(6080K)->5914K(6080K) NonClass: 5283K(5376K)->5283K(5376K) Class: 630K(704K)->630K(704K)
[2026-03-25T20:42:04.298+0900][6.922s][info][gc             ] GC(164) Pause Young (Allocation Failure) 172M->97M(252M) 0.968ms
[2026-03-25T20:42:04.298+0900][6.922s][info][gc,cpu         ] GC(164) User=0.00s Sys=0.01s Real=0.00s
[2026-03-25T20:42:04.351+0900][6.976s][info][gc,start       ] GC(165) Pause Young (Allocation Failure)
[2026-03-25T20:42:04.352+0900][6.977s][info][gc,heap        ] GC(165) PSYoungGen: 82305K(83456K)->2880K(83456K) Eden: 79681K(79872K)->0K(79872K) From: 2624K(3584K)->2880K(3584K)
[2026-03-25T20:42:04.352+0900][6.977s][info][gc,heap        ] GC(165) ParOldGen: 97189K(175104K)->99805K(175104K)
[2026-03-25T20:42:04.352+0900][6.977s][info][gc,metaspace   ] GC(165) Metaspace: 5914K(6080K)->5914K(6080K) NonClass: 5283K(5376K)->5283K(5376K) Class: 630K(704K)->630K(704K)
[2026-03-25T20:42:04.352+0900][6.977s][info][gc             ] GC(165) Pause Young (Allocation Failure) 175M->100M(252M) 1.160ms
[2026-03-25T20:42:04.352+0900][6.977s][info][gc,cpu         ] GC(165) User=0.01s Sys=0.00s Real=0.00s
[2026-03-25T20:42:04.407+0900][7.032s][info][gc,start       ] GC(166) Pause Young (Allocation Failure)
[2026-03-25T20:42:04.408+0900][7.032s][info][gc,heap        ] GC(166) PSYoungGen: 82561K(83456K)->2976K(83456K) Eden: 79681K(79872K)->0K(79872K) From: 2880K(3584K)->2976K(3584K)
[2026-03-25T20:42:04.408+0900][7.032s][info][gc,heap        ] GC(166) ParOldGen: 99805K(175104K)->102677K(175104K)
[2026-03-25T20:42:04.408+0900][7.032s][info][gc,metaspace   ] GC(166) Metaspace: 5914K(6080K)->5914K(6080K) NonClass: 5283K(5376K)->5283K(5376K) Class: 630K(704K)->630K(704K)
[2026-03-25T20:42:04.408+0900][7.032s][info][gc             ] GC(166) Pause Young (Allocation Failure) 178M->103M(252M) 0.908ms
[2026-03-25T20:42:04.408+0900][7.032s][info][gc,cpu         ] GC(166) User=0.00s Sys=0.00s Real=0.00s
[2026-03-25T20:42:04.462+0900][7.087s][info][gc,start       ] GC(167) Pause Young (Allocation Failure)
[2026-03-25T20:42:04.463+0900][7.088s][info][gc,heap        ] GC(167) PSYoungGen: 82657K(83456K)->2688K(83456K) Eden: 79681K(79872K)->0K(79872K) From: 2976K(3584K)->2688K(3584K)
[2026-03-25T20:42:04.463+0900][7.088s][info][gc,heap        ] GC(167) ParOldGen: 102677K(175104K)->105541K(175104K)
[2026-03-25T20:42:04.463+0900][7.088s][info][gc,metaspace   ] GC(167) Metaspace: 5914K(6080K)->5914K(6080K) NonClass: 5283K(5376K)->5283K(5376K) Class: 630K(704K)->630K(704K)
[2026-03-25T20:42:04.463+0900][7.088s][info][gc             ] GC(167) Pause Young (Allocation Failure) 180M->105M(252M) 0.997ms
[2026-03-25T20:42:04.463+0900][7.088s][info][gc,cpu         ] GC(167) User=0.00s Sys=0.00s Real=0.00s
[2026-03-25T20:42:04.464+0900][7.089s][info][gc,start       ] GC(168) Pause Young (Allocation Failure)
[2026-03-25T20:42:04.465+0900][7.090s][info][gc,heap        ] GC(168) PSYoungGen: 82369K(83456K)->2976K(83456K) Eden: 79681K(79872K)->0K(79872K) From: 2688K(3584K)->2976K(3584K)
[2026-03-25T20:42:04.465+0900][7.090s][info][gc,heap        ] GC(168) ParOldGen: 105541K(175104K)->108133K(175104K)
[2026-03-25T20:42:04.465+0900][7.090s][info][gc,metaspace   ] GC(168) Metaspace: 5914K(6080K)->5914K(6080K) NonClass: 5283K(5376K)->5283K(5376K) Class: 630K(704K)->630K(704K)
[2026-03-25T20:42:04.465+0900][7.090s][info][gc             ] GC(168) Pause Young (Allocation Failure) 183M->108M(252M) 0.698ms
[2026-03-25T20:42:04.465+0900][7.090s][info][gc,cpu         ] GC(168) User=0.01s Sys=0.00s Real=0.00s
[2026-03-25T20:42:04.521+0900][7.146s][info][gc,start       ] GC(169) Pause Young (Allocation Failure)
[2026-03-25T20:42:04.522+0900][7.147s][info][gc,heap        ] GC(169) PSYoungGen: 82657K(83456K)->2880K(83456K) Eden: 79681K(79872K)->0K(79872K) From: 2976K(3584K)->2880K(3584K)
[2026-03-25T20:42:04.522+0900][7.147s][info][gc,heap        ] GC(169) ParOldGen: 108133K(175104K)->110749K(175104K)
[2026-03-25T20:42:04.523+0900][7.147s][info][gc,metaspace   ] GC(169) Metaspace: 5914K(6080K)->5914K(6080K) NonClass: 5283K(5376K)->5283K(5376K) Class: 630K(704K)->630K(704K)
[2026-03-25T20:42:04.523+0900][7.147s][info][gc             ] GC(169) Pause Young (Allocation Failure) 186M->110M(252M) 1.103ms
[2026-03-25T20:42:04.523+0900][7.147s][info][gc,cpu         ] GC(169) User=0.00s Sys=0.01s Real=0.00s
[2026-03-25T20:42:04.580+0900][7.204s][info][gc,start       ] GC(170) Pause Young (Allocation Failure)
[2026-03-25T20:42:04.581+0900][7.206s][info][gc,heap        ] GC(170) PSYoungGen: 82561K(83456K)->2912K(83456K) Eden: 79681K(79872K)->0K(79872K) From: 2880K(3584K)->2912K(3584K)
[2026-03-25T20:42:04.581+0900][7.206s][info][gc,heap        ] GC(170) ParOldGen: 110749K(175104K)->113622K(175104K)
[2026-03-25T20:42:04.581+0900][7.206s][info][gc,metaspace   ] GC(170) Metaspace: 5914K(6080K)->5914K(6080K) NonClass: 5283K(5376K)->5283K(5376K) Class: 630K(704K)->630K(704K)
[2026-03-25T20:42:04.581+0900][7.206s][info][gc             ] GC(170) Pause Young (Allocation Failure) 188M->113M(252M) 1.668ms
[2026-03-25T20:42:04.581+0900][7.206s][info][gc,cpu         ] GC(170) User=0.00s Sys=0.00s Real=0.00s
[2026-03-25T20:42:04.635+0900][7.260s][info][gc,start       ] GC(171) Pause Young (Allocation Failure)
[2026-03-25T20:42:04.637+0900][7.262s][info][gc,heap        ] GC(171) PSYoungGen: 82593K(83456K)->2880K(83456K) Eden: 79681K(79872K)->0K(79872K) From: 2912K(3584K)->2880K(3584K)
[2026-03-25T20:42:04.637+0900][7.262s][info][gc,heap        ] GC(171) ParOldGen: 113622K(175104K)->116494K(175104K)
[2026-03-25T20:42:04.637+0900][7.262s][info][gc,metaspace   ] GC(171) Metaspace: 5914K(6080K)->5914K(6080K) NonClass: 5283K(5376K)->5283K(5376K) Class: 630K(704K)->630K(704K)
[2026-03-25T20:42:04.637+0900][7.262s][info][gc             ] GC(171) Pause Young (Allocation Failure) 191M->116M(252M) 1.957ms
[2026-03-25T20:42:04.637+0900][7.262s][info][gc,cpu         ] GC(171) User=0.00s Sys=0.00s Real=0.00s
[2026-03-25T20:42:04.639+0900][7.263s][info][gc,start       ] GC(172) Pause Young (Allocation Failure)
[2026-03-25T20:42:04.639+0900][7.264s][info][gc,heap        ] GC(172) PSYoungGen: 82561K(83456K)->2624K(83456K) Eden: 79681K(79872K)->0K(79872K) From: 2880K(3584K)->2624K(3584K)
[2026-03-25T20:42:04.639+0900][7.264s][info][gc,heap        ] GC(172) ParOldGen: 116494K(175104K)->119366K(175104K)
[2026-03-25T20:42:04.639+0900][7.264s][info][gc,metaspace   ] GC(172) Metaspace: 5914K(6080K)->5914K(6080K) NonClass: 5283K(5376K)->5283K(5376K) Class: 630K(704K)->630K(704K)
[2026-03-25T20:42:04.639+0900][7.264s][info][gc             ] GC(172) Pause Young (Allocation Failure) 194M->119M(252M) 0.780ms
[2026-03-25T20:42:04.639+0900][7.264s][info][gc,cpu         ] GC(172) User=0.00s Sys=0.01s Real=0.00s
[2026-03-25T20:42:04.696+0900][7.321s][info][gc,start       ] GC(173) Pause Young (Allocation Failure)
[2026-03-25T20:42:04.698+0900][7.322s][info][gc,heap        ] GC(173) PSYoungGen: 82305K(83456K)->2656K(83456K) Eden: 79681K(79872K)->0K(79872K) From: 2624K(3584K)->2656K(3584K)
[2026-03-25T20:42:04.698+0900][7.322s][info][gc,heap        ] GC(173) ParOldGen: 119366K(175104K)->121982K(175104K)
[2026-03-25T20:42:04.698+0900][7.322s][info][gc,metaspace   ] GC(173) Metaspace: 5914K(6080K)->5914K(6080K) NonClass: 5283K(5376K)->5283K(5376K) Class: 630K(704K)->630K(704K)
[2026-03-25T20:42:04.698+0900][7.322s][info][gc             ] GC(173) Pause Young (Allocation Failure) 196M->121M(252M) 1.560ms
[2026-03-25T20:42:04.698+0900][7.322s][info][gc,cpu         ] GC(173) User=0.00s Sys=0.00s Real=0.00s
[2026-03-25T20:42:04.755+0900][7.380s][info][gc,start       ] GC(174) Pause Young (Allocation Failure)
[2026-03-25T20:42:04.756+0900][7.380s][info][gc,heap        ] GC(174) PSYoungGen: 82379K(83456K)->2848K(83456K) Eden: 79723K(79872K)->0K(79872K) From: 2656K(3584K)->2848K(3584K)
[2026-03-25T20:42:04.756+0900][7.381s][info][gc,heap        ] GC(174) ParOldGen: 121982K(175104K)->124590K(175104K)
[2026-03-25T20:42:04.756+0900][7.381s][info][gc,metaspace   ] GC(174) Metaspace: 5921K(6080K)->5921K(6080K) NonClass: 5291K(5376K)->5291K(5376K) Class: 630K(704K)->630K(704K)
[2026-03-25T20:42:04.756+0900][7.381s][info][gc             ] GC(174) Pause Young (Allocation Failure) 199M->124M(252M) 0.831ms
[2026-03-25T20:42:04.756+0900][7.381s][info][gc,cpu         ] GC(174) User=0.01s Sys=0.00s Real=0.00s
[2026-03-25T20:42:04.813+0900][7.438s][info][gc,start       ] GC(175) Pause Young (Allocation Failure)
[2026-03-25T20:42:04.815+0900][7.439s][info][gc,heap        ] GC(175) PSYoungGen: 82528K(83456K)->2944K(83456K) Eden: 79680K(79872K)->0K(79872K) From: 2848K(3584K)->2944K(3584K)
[2026-03-25T20:42:04.815+0900][7.440s][info][gc,heap        ] GC(175) ParOldGen: 124590K(175104K)->127462K(175104K)
[2026-03-25T20:42:04.815+0900][7.440s][info][gc,metaspace   ] GC(175) Metaspace: 5921K(6080K)->5921K(6080K) NonClass: 5291K(5376K)->5291K(5376K) Class: 630K(704K)->630K(704K)
[2026-03-25T20:42:04.815+0900][7.440s][info][gc             ] GC(175) Pause Young (Allocation Failure) 202M->127M(252M) 1.834ms
[2026-03-25T20:42:04.815+0900][7.440s][info][gc,cpu         ] GC(175) User=0.00s Sys=0.00s Real=0.00s
[2026-03-25T20:42:04.817+0900][7.442s][info][gc,start       ] GC(176) Pause Young (Allocation Failure)
[2026-03-25T20:42:04.819+0900][7.443s][info][gc,heap        ] GC(176) PSYoungGen: 82625K(83456K)->2688K(83456K) Eden: 79680K(79872K)->0K(79872K) From: 2944K(3584K)->2688K(3584K)
[2026-03-25T20:42:04.819+0900][7.443s][info][gc,heap        ] GC(176) ParOldGen: 127462K(175104K)->130335K(175104K)
[2026-03-25T20:42:04.819+0900][7.443s][info][gc,metaspace   ] GC(176) Metaspace: 5921K(6080K)->5921K(6080K) NonClass: 5291K(5376K)->5291K(5376K) Class: 630K(704K)->630K(704K)
[2026-03-25T20:42:04.819+0900][7.443s][info][gc             ] GC(176) Pause Young (Allocation Failure) 205M->129M(252M) 1.317ms
[2026-03-25T20:42:04.819+0900][7.443s][info][gc,cpu         ] GC(176) User=0.01s Sys=0.01s Real=0.00s
[2026-03-25T20:42:04.872+0900][7.496s][info][gc,start       ] GC(177) Pause Young (Allocation Failure)
[2026-03-25T20:42:04.872+0900][7.497s][info][gc,heap        ] GC(177) PSYoungGen: 82369K(83456K)->2624K(83456K) Eden: 79680K(79872K)->0K(79872K) From: 2688K(3584K)->2624K(3584K)
[2026-03-25T20:42:04.872+0900][7.497s][info][gc,heap        ] GC(177) ParOldGen: 130335K(175104K)->132943K(175104K)
[2026-03-25T20:42:04.872+0900][7.497s][info][gc,metaspace   ] GC(177) Metaspace: 5921K(6080K)->5921K(6080K) NonClass: 5291K(5376K)->5291K(5376K) Class: 630K(704K)->630K(704K)
[2026-03-25T20:42:04.873+0900][7.497s][info][gc             ] GC(177) Pause Young (Allocation Failure) 207M->132M(252M) 0.728ms
[2026-03-25T20:42:04.873+0900][7.497s][info][gc,cpu         ] GC(177) User=0.00s Sys=0.00s Real=0.00s
[2026-03-25T20:42:04.929+0900][7.553s][info][gc,start       ] GC(178) Pause Young (Allocation Failure)
[2026-03-25T20:42:04.930+0900][7.554s][info][gc,heap        ] GC(178) PSYoungGen: 82305K(83456K)->2880K(83456K) Eden: 79681K(79872K)->0K(79872K) From: 2624K(3584K)->2880K(3584K)
[2026-03-25T20:42:04.930+0900][7.554s][info][gc,heap        ] GC(178) ParOldGen: 132943K(175104K)->135567K(175104K)
[2026-03-25T20:42:04.930+0900][7.554s][info][gc,metaspace   ] GC(178) Metaspace: 5921K(6080K)->5921K(6080K) NonClass: 5291K(5376K)->5291K(5376K) Class: 630K(704K)->630K(704K)
[2026-03-25T20:42:04.930+0900][7.554s][info][gc             ] GC(178) Pause Young (Allocation Failure) 210M->135M(252M) 1.150ms
[2026-03-25T20:42:04.930+0900][7.554s][info][gc,cpu         ] GC(178) User=0.00s Sys=0.00s Real=0.01s
[2026-03-25T20:42:04.982+0900][7.606s][info][gc,start       ] GC(179) Pause Young (Allocation Failure)
[2026-03-25T20:42:04.982+0900][7.607s][info][gc,heap        ] GC(179) PSYoungGen: 82561K(83456K)->2880K(83456K) Eden: 79681K(79872K)->0K(79872K) From: 2880K(3584K)->2880K(3584K)
[2026-03-25T20:42:04.982+0900][7.607s][info][gc,heap        ] GC(179) ParOldGen: 135567K(175104K)->138439K(175104K)
[2026-03-25T20:42:04.982+0900][7.607s][info][gc,metaspace   ] GC(179) Metaspace: 5921K(6080K)->5921K(6080K) NonClass: 5291K(5376K)->5291K(5376K) Class: 630K(704K)->630K(704K)
[2026-03-25T20:42:04.982+0900][7.607s][info][gc             ] GC(179) Pause Young (Allocation Failure) 213M->138M(252M) 0.839ms
[2026-03-25T20:42:04.982+0900][7.607s][info][gc,cpu         ] GC(179) User=0.01s Sys=0.00s Real=0.00s
[2026-03-25T20:42:04.984+0900][7.609s][info][gc,start       ] GC(180) Pause Young (Allocation Failure)
[2026-03-25T20:42:04.986+0900][7.610s][info][gc,heap        ] GC(180) PSYoungGen: 82561K(83456K)->2624K(83456K) Eden: 79681K(79872K)->0K(79872K) From: 2880K(3584K)->2624K(3584K)
[2026-03-25T20:42:04.986+0900][7.610s][info][gc,heap        ] GC(180) ParOldGen: 138439K(175104K)->141311K(175104K)
[2026-03-25T20:42:04.986+0900][7.610s][info][gc,metaspace   ] GC(180) Metaspace: 5921K(6080K)->5921K(6080K) NonClass: 5291K(5376K)->5291K(5376K) Class: 630K(704K)->630K(704K)
[2026-03-25T20:42:04.986+0900][7.610s][info][gc             ] GC(180) Pause Young (Allocation Failure) 215M->140M(252M) 1.344ms
[2026-03-25T20:42:04.986+0900][7.610s][info][gc,cpu         ] GC(180) User=0.00s Sys=0.00s Real=0.00s
[2026-03-25T20:42:05.039+0900][7.663s][info][gc,start       ] GC(181) Pause Young (Allocation Failure)
[2026-03-25T20:42:05.040+0900][7.664s][info][gc,heap        ] GC(181) PSYoungGen: 82305K(83456K)->2624K(83456K) Eden: 79681K(79872K)->0K(79872K) From: 2624K(3584K)->2624K(3584K)
[2026-03-25T20:42:05.040+0900][7.664s][info][gc,heap        ] GC(181) ParOldGen: 141311K(175104K)->143927K(175104K)
[2026-03-25T20:42:05.040+0900][7.664s][info][gc,metaspace   ] GC(181) Metaspace: 5921K(6080K)->5921K(6080K) NonClass: 5291K(5376K)->5291K(5376K) Class: 630K(704K)->630K(704K)
[2026-03-25T20:42:05.040+0900][7.664s][info][gc             ] GC(181) Pause Young (Allocation Failure) 218M->143M(252M) 0.828ms
[2026-03-25T20:42:05.040+0900][7.664s][info][gc,cpu         ] GC(181) User=0.00s Sys=0.01s Real=0.01s
[2026-03-25T20:42:05.092+0900][7.717s][info][gc,start       ] GC(182) Pause Young (Allocation Failure)
[2026-03-25T20:42:05.094+0900][7.718s][info][gc,heap        ] GC(182) PSYoungGen: 82305K(83456K)->2880K(83456K) Eden: 79681K(79872K)->0K(79872K) From: 2624K(3584K)->2880K(3584K)
[2026-03-25T20:42:05.094+0900][7.718s][info][gc,heap        ] GC(182) ParOldGen: 143927K(175104K)->146552K(175104K)
[2026-03-25T20:42:05.094+0900][7.718s][info][gc,metaspace   ] GC(182) Metaspace: 5921K(6080K)->5921K(6080K) NonClass: 5291K(5376K)->5291K(5376K) Class: 630K(704K)->630K(704K)
[2026-03-25T20:42:05.094+0900][7.718s][info][gc             ] GC(182) Pause Young (Allocation Failure) 220M->145M(252M) 1.495ms
[2026-03-25T20:42:05.094+0900][7.718s][info][gc,cpu         ] GC(182) User=0.01s Sys=0.00s Real=0.00s
[2026-03-25T20:42:05.147+0900][7.771s][info][gc,start       ] GC(183) Pause Young (Allocation Failure)
[2026-03-25T20:42:05.148+0900][7.772s][info][gc,heap        ] GC(183) PSYoungGen: 82561K(83456K)->2880K(83456K) Eden: 79681K(79872K)->0K(79872K) From: 2880K(3584K)->2880K(3584K)
[2026-03-25T20:42:05.148+0900][7.772s][info][gc,heap        ] GC(183) ParOldGen: 146552K(175104K)->149424K(175104K)
[2026-03-25T20:42:05.148+0900][7.772s][info][gc,metaspace   ] GC(183) Metaspace: 5921K(6080K)->5921K(6080K) NonClass: 5291K(5376K)->5291K(5376K) Class: 630K(704K)->630K(704K)
[2026-03-25T20:42:05.148+0900][7.772s][info][gc             ] GC(183) Pause Young (Allocation Failure) 223M->148M(252M) 0.878ms
[2026-03-25T20:42:05.148+0900][7.772s][info][gc,cpu         ] GC(183) User=0.00s Sys=0.00s Real=0.00s
[2026-03-25T20:42:05.149+0900][7.773s][info][gc,start       ] GC(184) Pause Young (Allocation Failure)
[2026-03-25T20:42:05.150+0900][7.774s][info][gc,heap        ] GC(184) PSYoungGen: 82561K(83456K)->2656K(83456K) Eden: 79681K(79872K)->0K(79872K) From: 2880K(3584K)->2656K(3584K)
[2026-03-25T20:42:05.150+0900][7.774s][info][gc,heap        ] GC(184) ParOldGen: 149424K(175104K)->152296K(175104K)
[2026-03-25T20:42:05.150+0900][7.774s][info][gc,metaspace   ] GC(184) Metaspace: 5921K(6080K)->5921K(6080K) NonClass: 5291K(5376K)->5291K(5376K) Class: 630K(704K)->630K(704K)
[2026-03-25T20:42:05.150+0900][7.774s][info][gc             ] GC(184) Pause Young (Allocation Failure) 226M->151M(252M) 0.819ms
[2026-03-25T20:42:05.150+0900][7.774s][info][gc,cpu         ] GC(184) User=0.00s Sys=0.00s Real=0.01s
[2026-03-25T20:42:05.205+0900][7.830s][info][gc,start       ] GC(185) Pause Young (Allocation Failure)
[2026-03-25T20:42:05.206+0900][7.830s][info][gc,heap        ] GC(185) PSYoungGen: 82337K(83456K)->2688K(83456K) Eden: 79681K(79872K)->0K(79872K) From: 2656K(3584K)->2688K(3584K)
[2026-03-25T20:42:05.206+0900][7.830s][info][gc,heap        ] GC(185) ParOldGen: 152296K(175104K)->154912K(175104K)
[2026-03-25T20:42:05.206+0900][7.830s][info][gc,metaspace   ] GC(185) Metaspace: 5921K(6080K)->5921K(6080K) NonClass: 5291K(5376K)->5291K(5376K) Class: 630K(704K)->630K(704K)
[2026-03-25T20:42:05.206+0900][7.830s][info][gc             ] GC(185) Pause Young (Allocation Failure) 229M->153M(252M) 0.860ms
[2026-03-25T20:42:05.206+0900][7.831s][info][gc,cpu         ] GC(185) User=0.01s Sys=0.01s Real=0.00s
[2026-03-25T20:42:05.262+0900][7.886s][info][gc,start       ] GC(186) Pause Young (Allocation Failure)
[2026-03-25T20:42:05.263+0900][7.888s][info][gc,heap        ] GC(186) PSYoungGen: 82369K(83456K)->2880K(83456K) Eden: 79681K(79872K)->0K(79872K) From: 2688K(3584K)->2880K(3584K)
[2026-03-25T20:42:05.263+0900][7.888s][info][gc,heap        ] GC(186) ParOldGen: 154912K(175104K)->157528K(175104K)
[2026-03-25T20:42:05.263+0900][7.888s][info][gc,metaspace   ] GC(186) Metaspace: 5921K(6080K)->5921K(6080K) NonClass: 5291K(5376K)->5291K(5376K) Class: 630K(704K)->630K(704K)
[2026-03-25T20:42:05.263+0900][7.888s][info][gc             ] GC(186) Pause Young (Allocation Failure) 231M->156M(252M) 1.222ms
[2026-03-25T20:42:05.263+0900][7.888s][info][gc,cpu         ] GC(186) User=0.00s Sys=0.00s Real=0.00s
[2026-03-25T20:42:05.319+0900][7.944s][info][gc,start       ] GC(187) Pause Young (Allocation Failure)
[2026-03-25T20:42:05.320+0900][7.945s][info][gc,heap        ] GC(187) PSYoungGen: 82561K(83456K)->2880K(83456K) Eden: 79681K(79872K)->0K(79872K) From: 2880K(3584K)->2880K(3584K)
[2026-03-25T20:42:05.320+0900][7.945s][info][gc,heap        ] GC(187) ParOldGen: 157528K(175104K)->160400K(175104K)
[2026-03-25T20:42:05.320+0900][7.945s][info][gc,metaspace   ] GC(187) Metaspace: 5921K(6080K)->5921K(6080K) NonClass: 5291K(5376K)->5291K(5376K) Class: 630K(704K)->630K(704K)
[2026-03-25T20:42:05.321+0900][7.945s][info][gc             ] GC(187) Pause Young (Allocation Failure) 234M->159M(252M) 1.157ms
[2026-03-25T20:42:05.321+0900][7.945s][info][gc,cpu         ] GC(187) User=0.00s Sys=0.00s Real=0.01s
[2026-03-25T20:42:05.322+0900][7.946s][info][gc,start       ] GC(188) Pause Young (Allocation Failure)
[2026-03-25T20:42:05.324+0900][7.949s][info][gc,heap        ] GC(188) PSYoungGen: 82561K(83456K)->2624K(83456K) Eden: 79681K(79872K)->0K(79872K) From: 2880K(3584K)->2624K(3584K)
[2026-03-25T20:42:05.324+0900][7.949s][info][gc,heap        ] GC(188) ParOldGen: 160400K(175104K)->163281K(175104K)
[2026-03-25T20:42:05.324+0900][7.949s][info][gc,metaspace   ] GC(188) Metaspace: 5921K(6080K)->5921K(6080K) NonClass: 5291K(5376K)->5291K(5376K) Class: 630K(704K)->630K(704K)
[2026-03-25T20:42:05.325+0900][7.949s][info][gc             ] GC(188) Pause Young (Allocation Failure) 237M->162M(252M) 2.884ms
[2026-03-25T20:42:05.325+0900][7.949s][info][gc,cpu         ] GC(188) User=0.01s Sys=0.01s Real=0.00s
[2026-03-25T20:42:05.382+0900][8.006s][info][gc,start       ] GC(189) Pause Young (Allocation Failure)
[2026-03-25T20:42:05.383+0900][8.008s][info][gc,heap        ] GC(189) PSYoungGen: 82305K(83456K)->2976K(98816K) Eden: 79681K(79872K)->0K(95744K) From: 2624K(3584K)->2976K(3072K)
[2026-03-25T20:42:05.383+0900][8.008s][info][gc,heap        ] GC(189) ParOldGen: 163281K(175104K)->165897K(175104K)
[2026-03-25T20:42:05.383+0900][8.008s][info][gc,metaspace   ] GC(189) Metaspace: 5921K(6080K)->5921K(6080K) NonClass: 5291K(5376K)->5291K(5376K) Class: 630K(704K)->630K(704K)
[2026-03-25T20:42:05.383+0900][8.008s][info][gc             ] GC(189) Pause Young (Allocation Failure) 239M->164M(267M) 1.796ms
[2026-03-25T20:42:05.383+0900][8.008s][info][gc,cpu         ] GC(189) User=0.00s Sys=0.00s Real=0.00s
[2026-03-25T20:42:05.440+0900][8.065s][info][gc,start       ] GC(190) Pause Young (Allocation Failure)
[2026-03-25T20:42:05.444+0900][8.069s][info][gc,heap        ] GC(190) PSYoungGen: 98591K(98816K)->3392K(96768K) Eden: 95615K(95744K)->0K(93184K) From: 2976K(3072K)->3392K(3584K)
[2026-03-25T20:42:05.444+0900][8.069s][info][gc,heap        ] GC(190) ParOldGen: 165897K(175104K)->168521K(175104K)
[2026-03-25T20:42:05.444+0900][8.069s][info][gc,metaspace   ] GC(190) Metaspace: 5921K(6080K)->5921K(6080K) NonClass: 5291K(5376K)->5291K(5376K) Class: 630K(704K)->630K(704K)
[2026-03-25T20:42:05.444+0900][8.069s][info][gc             ] GC(190) Pause Young (Allocation Failure) 258M->167M(265M) 4.330ms
[2026-03-25T20:42:05.445+0900][8.069s][info][gc,cpu         ] GC(190) User=0.01s Sys=0.01s Real=0.00s
[2026-03-25T20:42:05.502+0900][8.126s][info][gc,start       ] GC(191) Pause Young (Allocation Failure)
[2026-03-25T20:42:05.503+0900][8.128s][info][gc,heap        ] GC(191) PSYoungGen: 96395K(96768K)->992K(91648K) Eden: 93003K(93184K)->0K(90624K) From: 3392K(3584K)->992K(1024K)
[2026-03-25T20:42:05.503+0900][8.128s][info][gc,heap        ] GC(191) ParOldGen: 168521K(175104K)->174457K(175104K)
[2026-03-25T20:42:05.503+0900][8.128s][info][gc,metaspace   ] GC(191) Metaspace: 5921K(6080K)->5921K(6080K) NonClass: 5291K(5376K)->5291K(5376K) Class: 630K(704K)->630K(704K)
[2026-03-25T20:42:05.503+0900][8.128s][info][gc             ] GC(191) Pause Young (Allocation Failure) 258M->171M(260M) 1.681ms
[2026-03-25T20:42:05.503+0900][8.128s][info][gc,cpu         ] GC(191) User=0.00s Sys=0.00s Real=0.00s
[2026-03-25T20:42:05.556+0900][8.181s][info][gc,start       ] GC(192) Pause Young (Allocation Failure)
[2026-03-25T20:42:05.557+0900][8.182s][info][gc,heap        ] GC(192) PSYoungGen: 91616K(91648K)->2976K(91136K) Eden: 90624K(90624K)->0K(88064K) From: 992K(1024K)->2976K(3072K)
[2026-03-25T20:42:05.557+0900][8.182s][info][gc,heap        ] GC(192) ParOldGen: 174457K(175104K)->175257K(175616K)
[2026-03-25T20:42:05.557+0900][8.182s][info][gc,metaspace   ] GC(192) Metaspace: 5921K(6080K)->5921K(6080K) NonClass: 5291K(5376K)->5291K(5376K) Class: 630K(704K)->630K(704K)
[2026-03-25T20:42:05.557+0900][8.182s][info][gc             ] GC(192) Pause Young (Allocation Failure) 259M->174M(260M) 1.224ms
[2026-03-25T20:42:05.557+0900][8.182s][info][gc,cpu         ] GC(192) User=0.00s Sys=0.00s Real=0.00s
[2026-03-25T20:42:05.558+0900][8.183s][info][gc,start       ] GC(193) Pause Young (Allocation Failure)
[2026-03-25T20:42:05.559+0900][8.184s][info][gc,heap        ] GC(193) PSYoungGen: 91006K(91136K)->3200K(89600K) Eden: 88030K(88064K)->0K(86016K) From: 2976K(3072K)->3200K(3584K)
[2026-03-25T20:42:05.559+0900][8.184s][info][gc,heap        ] GC(193) ParOldGen: 175257K(175616K)->178113K(178176K)
[2026-03-25T20:42:05.559+0900][8.184s][info][gc,metaspace   ] GC(193) Metaspace: 5921K(6080K)->5921K(6080K) NonClass: 5291K(5376K)->5291K(5376K) Class: 630K(704K)->630K(704K)
[2026-03-25T20:42:05.559+0900][8.184s][info][gc             ] GC(193) Pause Young (Allocation Failure) 260M->177M(261M) 0.850ms
[2026-03-25T20:42:05.559+0900][8.184s][info][gc,cpu         ] GC(193) User=0.00s Sys=0.00s Real=0.00s
[2026-03-25T20:42:05.617+0900][8.242s][info][gc,start       ] GC(194) Pause Young (Allocation Failure)
[2026-03-25T20:42:05.619+0900][8.243s][info][gc,heap        ] GC(194) PSYoungGen: 89143K(89600K)->2880K(87040K) Eden: 85943K(86016K)->0K(83968K) From: 3200K(3584K)->2880K(3072K)
[2026-03-25T20:42:05.619+0900][8.243s][info][gc,heap        ] GC(194) ParOldGen: 178113K(178176K)->181242K(181248K)
[2026-03-25T20:42:05.619+0900][8.243s][info][gc,metaspace   ] GC(194) Metaspace: 5921K(6080K)->5921K(6080K) NonClass: 5291K(5376K)->5291K(5376K) Class: 630K(704K)->630K(704K)
[2026-03-25T20:42:05.619+0900][8.243s][info][gc             ] GC(194) Pause Young (Allocation Failure) 260M->179M(262M) 1.740ms
[2026-03-25T20:42:05.619+0900][8.243s][info][gc,cpu         ] GC(194) User=0.00s Sys=0.01s Real=0.00s
[2026-03-25T20:42:05.674+0900][8.299s][info][gc,start       ] GC(195) Pause Young (Allocation Failure)
[2026-03-25T20:42:05.675+0900][8.300s][info][gc,heap        ] GC(195) PSYoungGen: 86735K(87040K)->2016K(83968K) Eden: 83855K(83968K)->0K(81920K) From: 2880K(3072K)->2016K(2048K)
[2026-03-25T20:42:05.675+0900][8.300s][info][gc,heap        ] GC(195) ParOldGen: 181242K(181248K)->185138K(185344K)
[2026-03-25T20:42:05.676+0900][8.300s][info][gc,metaspace   ] GC(195) Metaspace: 5921K(6080K)->5921K(6080K) NonClass: 5291K(5376K)->5291K(5376K) Class: 630K(704K)->630K(704K)
[2026-03-25T20:42:05.676+0900][8.300s][info][gc             ] GC(195) Pause Young (Allocation Failure) 261M->182M(263M) 1.488ms
[2026-03-25T20:42:05.676+0900][8.300s][info][gc,cpu         ] GC(195) User=0.00s Sys=0.00s Real=0.00s
[2026-03-25T20:42:05.729+0900][8.353s][info][gc,start       ] GC(196) Pause Young (Allocation Failure)
[2026-03-25T20:42:05.730+0900][8.355s][info][gc,heap        ] GC(196) PSYoungGen: 83783K(83968K)->2976K(82944K) Eden: 81767K(81920K)->0K(79872K) From: 2016K(2048K)->2976K(3072K)
[2026-03-25T20:42:05.730+0900][8.355s][info][gc,heap        ] GC(196) ParOldGen: 185138K(185344K)->186962K(187392K)
[2026-03-25T20:42:05.730+0900][8.355s][info][gc,metaspace   ] GC(196) Metaspace: 5921K(6080K)->5921K(6080K) NonClass: 5291K(5376K)->5291K(5376K) Class: 630K(704K)->630K(704K)
[2026-03-25T20:42:05.730+0900][8.355s][info][gc             ] GC(196) Pause Young (Allocation Failure) 262M->185M(264M) 1.360ms
[2026-03-25T20:42:05.730+0900][8.355s][info][gc,cpu         ] GC(196) User=0.01s Sys=0.00s Real=0.01s
[2026-03-25T20:42:05.788+0900][8.412s][info][gc,start       ] GC(197) Pause Young (Allocation Failure)
[2026-03-25T20:42:05.789+0900][8.414s][info][gc,heap        ] GC(197) PSYoungGen: 82696K(82944K)->3008K(89088K) Eden: 79720K(79872K)->0K(86016K) From: 2976K(3072K)->3008K(3072K)
[2026-03-25T20:42:05.789+0900][8.414s][info][gc,heap        ] GC(197) ParOldGen: 186962K(187392K)->189834K(189952K)
[2026-03-25T20:42:05.790+0900][8.414s][info][gc,metaspace   ] GC(197) Metaspace: 5925K(6144K)->5925K(6144K) NonClass: 5294K(5440K)->5294K(5440K) Class: 630K(704K)->630K(704K)
[2026-03-25T20:42:05.790+0900][8.414s][info][gc             ] GC(197) Pause Young (Allocation Failure) 263M->188M(272M) 1.771ms
[2026-03-25T20:42:05.790+0900][8.414s][info][gc,cpu         ] GC(197) User=0.01s Sys=0.00s Real=0.01s
[2026-03-25T20:42:05.792+0900][8.416s][info][gc,start       ] GC(198) Pause Young (Allocation Failure)
[2026-03-25T20:42:05.797+0900][8.421s][info][gc,heap        ] GC(198) PSYoungGen: 88954K(89088K)->3008K(87040K) Eden: 85946K(86016K)->0K(83968K) From: 3008K(3072K)->3008K(3072K)
[2026-03-25T20:42:05.797+0900][8.421s][info][gc,heap        ] GC(198) ParOldGen: 189834K(189952K)->192706K(193024K)
[2026-03-25T20:42:05.797+0900][8.421s][info][gc,metaspace   ] GC(198) Metaspace: 5925K(6144K)->5925K(6144K) NonClass: 5294K(5440K)->5294K(5440K) Class: 630K(704K)->630K(704K)
[2026-03-25T20:42:05.797+0900][8.422s][info][gc             ] GC(198) Pause Young (Allocation Failure) 272M->191M(273M) 5.279ms
[2026-03-25T20:42:05.797+0900][8.422s][info][gc,cpu         ] GC(198) User=0.00s Sys=0.01s Real=0.00s
[2026-03-25T20:42:05.855+0900][8.480s][info][gc,start       ] GC(199) Pause Young (Allocation Failure)
[2026-03-25T20:42:05.856+0900][8.481s][info][gc,heap        ] GC(199) PSYoungGen: 86865K(87040K)->3008K(84992K) Eden: 83857K(83968K)->0K(81920K) From: 3008K(3072K)->3008K(3072K)
[2026-03-25T20:42:05.856+0900][8.481s][info][gc,heap        ] GC(199) ParOldGen: 192706K(193024K)->195579K(195584K)
[2026-03-25T20:42:05.856+0900][8.481s][info][gc,metaspace   ] GC(199) Metaspace: 5925K(6144K)->5925K(6144K) NonClass: 5294K(5440K)->5294K(5440K) Class: 630K(704K)->630K(704K)
[2026-03-25T20:42:05.856+0900][8.481s][info][gc             ] GC(199) Pause Young (Allocation Failure) 273M->193M(274M) 1.103ms
[2026-03-25T20:42:05.856+0900][8.481s][info][gc,cpu         ] GC(199) User=0.00s Sys=0.00s Real=0.00s
[2026-03-25T20:42:05.910+0900][8.534s][info][gc,start       ] GC(200) Pause Young (Allocation Failure)
[2026-03-25T20:42:05.912+0900][8.536s][info][gc,heap        ] GC(200) PSYoungGen: 84776K(84992K)->2944K(82944K) Eden: 81768K(81920K)->0K(79872K) From: 3008K(3072K)->2944K(3072K)
[2026-03-25T20:42:05.912+0900][8.537s][info][gc,heap        ] GC(200) ParOldGen: 195579K(195584K)->198451K(198656K)
[2026-03-25T20:42:05.912+0900][8.537s][info][gc,metaspace   ] GC(200) Metaspace: 5925K(6144K)->5925K(6144K) NonClass: 5294K(5440K)->5294K(5440K) Class: 630K(704K)->630K(704K)
[2026-03-25T20:42:05.912+0900][8.537s][info][gc             ] GC(200) Pause Young (Allocation Failure) 273M->196M(275M) 2.102ms
[2026-03-25T20:42:05.912+0900][8.537s][info][gc,cpu         ] GC(200) User=0.01s Sys=0.00s Real=0.00s
[2026-03-25T20:42:05.970+0900][8.595s][info][gc,start       ] GC(201) Pause Young (Allocation Failure)
[2026-03-25T20:42:05.972+0900][8.596s][info][gc,heap        ] GC(201) PSYoungGen: 82623K(82944K)->2464K(83968K) Eden: 79679K(79872K)->0K(81408K) From: 2944K(3072K)->2464K(2560K)
[2026-03-25T20:42:05.972+0900][8.596s][info][gc,heap        ] GC(201) ParOldGen: 198451K(198656K)->201579K(201728K)
[2026-03-25T20:42:05.972+0900][8.596s][info][gc,metaspace   ] GC(201) Metaspace: 5925K(6144K)->5925K(6144K) NonClass: 5294K(5440K)->5294K(5440K) Class: 630K(704K)->630K(704K)
[2026-03-25T20:42:05.972+0900][8.597s][info][gc             ] GC(201) Pause Young (Allocation Failure) 274M->199M(279M) 1.953ms
[2026-03-25T20:42:05.972+0900][8.597s][info][gc,cpu         ] GC(201) User=0.00s Sys=0.00s Real=0.00s
[2026-03-25T20:42:05.975+0900][8.599s][info][gc,start       ] GC(202) Pause Young (Allocation Failure)
[2026-03-25T20:42:05.976+0900][8.600s][info][gc,heap        ] GC(202) PSYoungGen: 83711K(83968K)->3008K(82432K) Eden: 81247K(81408K)->0K(79360K) From: 2464K(2560K)->3008K(3072K)
[2026-03-25T20:42:05.976+0900][8.600s][info][gc,heap        ] GC(202) ParOldGen: 201579K(201728K)->203939K(204288K)
[2026-03-25T20:42:05.976+0900][8.600s][info][gc,metaspace   ] GC(202) Metaspace: 5925K(6144K)->5925K(6144K) NonClass: 5294K(5440K)->5294K(5440K) Class: 630K(704K)->630K(704K)
[2026-03-25T20:42:05.976+0900][8.600s][info][gc             ] GC(202) Pause Young (Allocation Failure) 278M->202M(280M) 1.286ms
[2026-03-25T20:42:05.976+0900][8.600s][info][gc,cpu         ] GC(202) User=0.00s Sys=0.00s Real=0.00s
[2026-03-25T20:42:06.033+0900][8.658s][info][gc,start       ] GC(203) Pause Young (Allocation Failure)
[2026-03-25T20:42:06.034+0900][8.659s][info][gc,heap        ] GC(203) PSYoungGen: 82166K(82432K)->2688K(83456K) Eden: 79158K(79360K)->0K(80384K) From: 3008K(3072K)->2688K(3072K)
[2026-03-25T20:42:06.034+0900][8.659s][info][gc,heap        ] GC(203) ParOldGen: 203939K(204288K)->206787K(206848K)
[2026-03-25T20:42:06.034+0900][8.659s][info][gc,metaspace   ] GC(203) Metaspace: 5925K(6144K)->5925K(6144K) NonClass: 5294K(5440K)->5294K(5440K) Class: 630K(704K)->630K(704K)
[2026-03-25T20:42:06.034+0900][8.659s][info][gc             ] GC(203) Pause Young (Allocation Failure) 279M->204M(283M) 1.270ms
[2026-03-25T20:42:06.034+0900][8.659s][info][gc,cpu         ] GC(203) User=0.00s Sys=0.01s Real=0.00s
[2026-03-25T20:42:06.092+0900][8.716s][info][gc,start       ] GC(204) Pause Young (Allocation Failure)
[2026-03-25T20:42:06.095+0900][8.719s][info][gc,heap        ] GC(204) PSYoungGen: 82891K(83456K)->2912K(83456K) Eden: 80202K(80384K)->0K(80384K) From: 2688K(3072K)->2912K(3072K)
[2026-03-25T20:42:06.095+0900][8.720s][info][gc,heap        ] GC(204) ParOldGen: 206787K(206848K)->209403K(209408K)
[2026-03-25T20:42:06.095+0900][8.720s][info][gc,metaspace   ] GC(204) Metaspace: 5925K(6144K)->5925K(6144K) NonClass: 5294K(5440K)->5294K(5440K) Class: 630K(704K)->630K(704K)
[2026-03-25T20:42:06.095+0900][8.720s][info][gc             ] GC(204) Pause Young (Allocation Failure) 282M->207M(286M) 3.172ms
[2026-03-25T20:42:06.095+0900][8.720s][info][gc,cpu         ] GC(204) User=0.00s Sys=0.00s Real=0.00s
[2026-03-25T20:42:06.148+0900][8.773s][info][gc,start       ] GC(205) Pause Young (Allocation Failure)
[2026-03-25T20:42:06.150+0900][8.775s][info][gc,heap        ] GC(205) PSYoungGen: 83115K(83456K)->2944K(83456K) Eden: 80203K(80384K)->0K(79872K) From: 2912K(3072K)->2944K(3584K)
[2026-03-25T20:42:06.150+0900][8.775s][info][gc,heap        ] GC(205) ParOldGen: 209403K(209408K)->212276K(212480K)
[2026-03-25T20:42:06.150+0900][8.775s][info][gc,metaspace   ] GC(205) Metaspace: 5925K(6144K)->5925K(6144K) NonClass: 5294K(5440K)->5294K(5440K) Class: 630K(704K)->630K(704K)
[2026-03-25T20:42:06.150+0900][8.775s][info][gc             ] GC(205) Pause Young (Allocation Failure) 285M->210M(289M) 1.831ms
[2026-03-25T20:42:06.150+0900][8.775s][info][gc,cpu         ] GC(205) User=0.01s Sys=0.00s Real=0.01s
[2026-03-25T20:42:06.153+0900][8.777s][info][gc,start       ] GC(206) Pause Young (Allocation Failure)
[2026-03-25T20:42:06.154+0900][8.778s][info][gc,heap        ] GC(206) PSYoungGen: 82624K(83456K)->2720K(83456K) Eden: 79680K(79872K)->0K(79872K) From: 2944K(3584K)->2720K(3584K)
[2026-03-25T20:42:06.154+0900][8.778s][info][gc,heap        ] GC(206) ParOldGen: 212276K(212480K)->215148K(215552K)
[2026-03-25T20:42:06.154+0900][8.778s][info][gc,metaspace   ] GC(206) Metaspace: 5925K(6144K)->5925K(6144K) NonClass: 5294K(5440K)->5294K(5440K) Class: 630K(704K)->630K(704K)
[2026-03-25T20:42:06.154+0900][8.778s][info][gc             ] GC(206) Pause Young (Allocation Failure) 287M->212M(292M) 1.259ms
[2026-03-25T20:42:06.154+0900][8.778s][info][gc,cpu         ] GC(206) User=0.01s Sys=0.00s Real=0.00s
[2026-03-25T20:42:06.211+0900][8.836s][info][gc,start       ] GC(207) Pause Young (Allocation Failure)
[2026-03-25T20:42:06.213+0900][8.837s][info][gc,heap        ] GC(207) PSYoungGen: 82401K(83456K)->2720K(83456K) Eden: 79680K(79872K)->0K(79872K) From: 2720K(3584K)->2720K(3584K)
[2026-03-25T20:42:06.213+0900][8.837s][info][gc,heap        ] GC(207) ParOldGen: 215148K(215552K)->217764K(218112K)
[2026-03-25T20:42:06.213+0900][8.837s][info][gc,metaspace   ] GC(207) Metaspace: 5925K(6144K)->5925K(6144K) NonClass: 5294K(5440K)->5294K(5440K) Class: 630K(704K)->630K(704K)
[2026-03-25T20:42:06.213+0900][8.837s][info][gc             ] GC(207) Pause Young (Allocation Failure) 290M->215M(294M) 1.342ms
[2026-03-25T20:42:06.213+0900][8.837s][info][gc,cpu         ] GC(207) User=0.00s Sys=0.01s Real=0.00s
[2026-03-25T20:42:06.267+0900][8.892s][info][gc,start       ] GC(208) Pause Young (Allocation Failure)
[2026-03-25T20:42:06.268+0900][8.893s][info][gc,heap        ] GC(208) PSYoungGen: 82401K(83456K)->2944K(83456K) Eden: 79680K(79872K)->0K(79872K) From: 2720K(3584K)->2944K(3584K)
[2026-03-25T20:42:06.269+0900][8.893s][info][gc,heap        ] GC(208) ParOldGen: 217764K(218112K)->220380K(220672K)
[2026-03-25T20:42:06.269+0900][8.893s][info][gc,metaspace   ] GC(208) Metaspace: 5925K(6144K)->5925K(6144K) NonClass: 5294K(5440K)->5294K(5440K) Class: 630K(704K)->630K(704K)
[2026-03-25T20:42:06.269+0900][8.893s][info][gc             ] GC(208) Pause Young (Allocation Failure) 293M->218M(297M) 1.226ms
[2026-03-25T20:42:06.269+0900][8.893s][info][gc,cpu         ] GC(208) User=0.01s Sys=0.00s Real=0.00s
[2026-03-25T20:42:06.326+0900][8.951s][info][gc,start       ] GC(209) Pause Young (Allocation Failure)
[2026-03-25T20:42:06.328+0900][8.953s][info][gc,heap        ] GC(209) PSYoungGen: 82625K(83456K)->2912K(83456K) Eden: 79681K(79872K)->0K(79872K) From: 2944K(3584K)->2912K(3584K)
[2026-03-25T20:42:06.328+0900][8.953s][info][gc,heap        ] GC(209) ParOldGen: 220380K(220672K)->223252K(223744K)
[2026-03-25T20:42:06.328+0900][8.953s][info][gc,metaspace   ] GC(209) Metaspace: 5925K(6144K)->5925K(6144K) NonClass: 5294K(5440K)->5294K(5440K) Class: 630K(704K)->630K(704K)
[2026-03-25T20:42:06.328+0900][8.953s][info][gc             ] GC(209) Pause Young (Allocation Failure) 295M->220M(300M) 1.930ms
[2026-03-25T20:42:06.328+0900][8.953s][info][gc,cpu         ] GC(209) User=0.01s Sys=0.00s Real=0.00s
[2026-03-25T20:42:06.384+0900][9.009s][info][gc,start       ] GC(210) Pause Young (Allocation Failure)
[2026-03-25T20:42:06.386+0900][9.010s][info][gc,heap        ] GC(210) PSYoungGen: 82593K(83456K)->2656K(83456K) Eden: 79681K(79872K)->0K(79872K) From: 2912K(3584K)->2656K(3584K)
[2026-03-25T20:42:06.386+0900][9.011s][info][gc,heap        ] GC(210) ParOldGen: 223252K(223744K)->226124K(226304K)
[2026-03-25T20:42:06.386+0900][9.011s][info][gc,metaspace   ] GC(210) Metaspace: 5925K(6144K)->5925K(6144K) NonClass: 5294K(5440K)->5294K(5440K) Class: 630K(704K)->630K(704K)
[2026-03-25T20:42:06.386+0900][9.011s][info][gc             ] GC(210) Pause Young (Allocation Failure) 298M->223M(302M) 2.022ms
[2026-03-25T20:42:06.386+0900][9.011s][info][gc,cpu         ] GC(210) User=0.00s Sys=0.00s Real=0.00s
[2026-03-25T20:42:06.388+0900][9.013s][info][gc,start       ] GC(211) Pause Young (Allocation Failure)
[2026-03-25T20:42:06.390+0900][9.015s][info][gc,heap        ] GC(211) PSYoungGen: 82337K(83456K)->2976K(83456K) Eden: 79681K(79872K)->0K(79872K) From: 2656K(3584K)->2976K(3584K)
[2026-03-25T20:42:06.390+0900][9.015s][info][gc,heap        ] GC(211) ParOldGen: 226124K(226304K)->228725K(228864K)
[2026-03-25T20:42:06.390+0900][9.015s][info][gc,metaspace   ] GC(211) Metaspace: 5925K(6144K)->5925K(6144K) NonClass: 5294K(5440K)->5294K(5440K) Class: 630K(704K)->630K(704K)
[2026-03-25T20:42:06.390+0900][9.015s][info][gc             ] GC(211) Pause Young (Allocation Failure) 301M->226M(305M) 2.243ms
[2026-03-25T20:42:06.390+0900][9.015s][info][gc,cpu         ] GC(211) User=0.00s Sys=0.00s Real=0.01s
[2026-03-25T20:42:06.444+0900][9.068s][info][gc,start       ] GC(212) Pause Young (Allocation Failure)
[2026-03-25T20:42:06.445+0900][9.070s][info][gc,heap        ] GC(212) PSYoungGen: 82657K(83456K)->2944K(83456K) Eden: 79681K(79872K)->0K(79872K) From: 2976K(3584K)->2944K(3584K)
[2026-03-25T20:42:06.445+0900][9.070s][info][gc,heap        ] GC(212) ParOldGen: 228725K(228864K)->231341K(231424K)
[2026-03-25T20:42:06.445+0900][9.070s][info][gc,metaspace   ] GC(212) Metaspace: 5925K(6144K)->5925K(6144K) NonClass: 5294K(5440K)->5294K(5440K) Class: 630K(704K)->630K(704K)
[2026-03-25T20:42:06.445+0900][9.070s][info][gc             ] GC(212) Pause Young (Allocation Failure) 304M->228M(307M) 1.421ms
[2026-03-25T20:42:06.445+0900][9.070s][info][gc,cpu         ] GC(212) User=0.00s Sys=0.01s Real=0.00s
[2026-03-25T20:42:06.499+0900][9.124s][info][gc,start       ] GC(213) Pause Young (Allocation Failure)
[2026-03-25T20:42:06.500+0900][9.125s][info][gc,heap        ] GC(213) PSYoungGen: 82625K(83456K)->2944K(83456K) Eden: 79681K(79872K)->0K(79872K) From: 2944K(3584K)->2944K(3584K)
[2026-03-25T20:42:06.500+0900][9.125s][info][gc,heap        ] GC(213) ParOldGen: 231341K(231424K)->234205K(234496K)
[2026-03-25T20:42:06.500+0900][9.125s][info][gc,metaspace   ] GC(213) Metaspace: 5925K(6144K)->5925K(6144K) NonClass: 5294K(5440K)->5294K(5440K) Class: 630K(704K)->630K(704K)
[2026-03-25T20:42:06.501+0900][9.125s][info][gc             ] GC(213) Pause Young (Allocation Failure) 306M->231M(310M) 1.132ms
[2026-03-25T20:42:06.501+0900][9.125s][info][gc,cpu         ] GC(213) User=0.01s Sys=0.00s Real=0.01s
[2026-03-25T20:42:06.557+0900][9.181s][info][gc,start       ] GC(214) Pause Young (Allocation Failure)
[2026-03-25T20:42:06.557+0900][9.182s][info][gc,heap        ] GC(214) PSYoungGen: 82625K(83456K)->2912K(83456K) Eden: 79681K(79872K)->0K(79872K) From: 2944K(3584K)->2912K(3584K)
[2026-03-25T20:42:06.557+0900][9.182s][info][gc,heap        ] GC(214) ParOldGen: 234205K(234496K)->237077K(237568K)
[2026-03-25T20:42:06.558+0900][9.182s][info][gc,metaspace   ] GC(214) Metaspace: 5925K(6144K)->5925K(6144K) NonClass: 5294K(5440K)->5294K(5440K) Class: 630K(704K)->630K(704K)
[2026-03-25T20:42:06.558+0900][9.182s][info][gc             ] GC(214) Pause Young (Allocation Failure) 309M->234M(313M) 0.965ms
[2026-03-25T20:42:06.558+0900][9.182s][info][gc,cpu         ] GC(214) User=0.00s Sys=0.00s Real=0.00s
[2026-03-25T20:42:06.559+0900][9.184s][info][gc,start       ] GC(215) Pause Young (Allocation Failure)
[2026-03-25T20:42:06.560+0900][9.185s][info][gc,heap        ] GC(215) PSYoungGen: 82593K(83456K)->2624K(83456K) Eden: 79681K(79872K)->0K(79872K) From: 2912K(3584K)->2624K(3584K)
[2026-03-25T20:42:06.560+0900][9.185s][info][gc,heap        ] GC(215) ParOldGen: 237077K(237568K)->239949K(240128K)
[2026-03-25T20:42:06.560+0900][9.185s][info][gc,metaspace   ] GC(215) Metaspace: 5925K(6144K)->5925K(6144K) NonClass: 5294K(5440K)->5294K(5440K) Class: 630K(704K)->630K(704K)
[2026-03-25T20:42:06.560+0900][9.185s][info][gc             ] GC(215) Pause Young (Allocation Failure) 312M->236M(316M) 1.129ms
[2026-03-25T20:42:06.560+0900][9.185s][info][gc,cpu         ] GC(215) User=0.00s Sys=0.00s Real=0.01s
[2026-03-25T20:42:06.616+0900][9.240s][info][gc,start       ] GC(216) Pause Young (Allocation Failure)
[2026-03-25T20:42:06.617+0900][9.242s][info][gc,heap        ] GC(216) PSYoungGen: 82305K(83456K)->2624K(83456K) Eden: 79681K(79872K)->0K(79872K) From: 2624K(3584K)->2624K(3584K)
[2026-03-25T20:42:06.617+0900][9.242s][info][gc,heap        ] GC(216) ParOldGen: 239949K(240128K)->242565K(242688K)
[2026-03-25T20:42:06.617+0900][9.242s][info][gc,metaspace   ] GC(216) Metaspace: 5925K(6144K)->5925K(6144K) NonClass: 5294K(5440K)->5294K(5440K) Class: 630K(704K)->630K(704K)
[2026-03-25T20:42:06.617+0900][9.242s][info][gc             ] GC(216) Pause Young (Allocation Failure) 314M->239M(318M) 1.398ms
[2026-03-25T20:42:06.617+0900][9.242s][info][gc,cpu         ] GC(216) User=0.01s Sys=0.00s Real=0.00s
[2026-03-25T20:42:06.675+0900][9.300s][info][gc,start       ] GC(217) Pause Young (Allocation Failure)
[2026-03-25T20:42:06.676+0900][9.301s][info][gc,heap        ] GC(217) PSYoungGen: 82305K(83456K)->2880K(83456K) Eden: 79681K(79872K)->0K(79872K) From: 2624K(3584K)->2880K(3584K)
[2026-03-25T20:42:06.676+0900][9.301s][info][gc,heap        ] GC(217) ParOldGen: 242565K(242688K)->245142K(245248K)
[2026-03-25T20:42:06.676+0900][9.301s][info][gc,metaspace   ] GC(217) Metaspace: 5925K(6144K)->5925K(6144K) NonClass: 5294K(5440K)->5294K(5440K) Class: 630K(704K)->630K(704K)
[2026-03-25T20:42:06.676+0900][9.301s][info][gc             ] GC(217) Pause Young (Allocation Failure) 317M->242M(321M) 1.208ms
[2026-03-25T20:42:06.677+0900][9.301s][info][gc,cpu         ] GC(217) User=0.00s Sys=0.00s Real=0.00s
[2026-03-25T20:42:06.733+0900][9.357s][info][gc,start       ] GC(218) Pause Young (Allocation Failure)
[2026-03-25T20:42:06.734+0900][9.358s][info][gc,heap        ] GC(218) PSYoungGen: 82561K(83456K)->2880K(83456K) Eden: 79681K(79872K)->0K(79872K) From: 2880K(3584K)->2880K(3584K)
[2026-03-25T20:42:06.734+0900][9.358s][info][gc,heap        ] GC(218) ParOldGen: 245142K(245248K)->248022K(248320K)
[2026-03-25T20:42:06.734+0900][9.358s][info][gc,metaspace   ] GC(218) Metaspace: 5925K(6144K)->5925K(6144K) NonClass: 5294K(5440K)->5294K(5440K) Class: 630K(704K)->630K(704K)
[2026-03-25T20:42:06.734+0900][9.358s][info][gc             ] GC(218) Pause Young (Allocation Failure) 320M->245M(324M) 1.129ms
[2026-03-25T20:42:06.734+0900][9.358s][info][gc,cpu         ] GC(218) User=0.01s Sys=0.01s Real=0.00s
[2026-03-25T20:42:06.735+0900][9.360s][info][gc,start       ] GC(219) Pause Young (Allocation Failure)
[2026-03-25T20:42:06.736+0900][9.361s][info][gc,heap        ] GC(219) PSYoungGen: 82561K(83456K)->2656K(83456K) Eden: 79681K(79872K)->0K(79872K) From: 2880K(3584K)->2656K(3584K)
[2026-03-25T20:42:06.736+0900][9.361s][info][gc,heap        ] GC(219) ParOldGen: 248022K(248320K)->250894K(251392K)
[2026-03-25T20:42:06.736+0900][9.361s][info][gc,metaspace   ] GC(219) Metaspace: 5925K(6144K)->5925K(6144K) NonClass: 5294K(5440K)->5294K(5440K) Class: 630K(704K)->630K(704K)
[2026-03-25T20:42:06.736+0900][9.361s][info][gc             ] GC(219) Pause Young (Allocation Failure) 322M->247M(327M) 1.276ms
[2026-03-25T20:42:06.736+0900][9.361s][info][gc,cpu         ] GC(219) User=0.00s Sys=0.00s Real=0.00s
[2026-03-25T20:42:06.788+0900][9.413s][info][gc,start       ] GC(220) Pause Young (Allocation Failure)
[2026-03-25T20:42:06.789+0900][9.413s][info][gc,heap        ] GC(220) PSYoungGen: 82373K(83456K)->2688K(83456K) Eden: 79717K(79872K)->0K(79872K) From: 2656K(3584K)->2688K(3584K)
[2026-03-25T20:42:06.789+0900][9.413s][info][gc,heap        ] GC(220) ParOldGen: 250894K(251392K)->253510K(253952K)
[2026-03-25T20:42:06.789+0900][9.413s][info][gc,metaspace   ] GC(220) Metaspace: 5934K(6144K)->5934K(6144K) NonClass: 5304K(5440K)->5304K(5440K) Class: 630K(704K)->630K(704K)
[2026-03-25T20:42:06.789+0900][9.413s][info][gc             ] GC(220) Pause Young (Allocation Failure) 325M->250M(329M) 0.761ms
[2026-03-25T20:42:06.789+0900][9.413s][info][gc,cpu         ] GC(220) User=0.01s Sys=0.00s Real=0.00s
[2026-03-25T20:42:06.845+0900][9.470s][info][gc,start       ] GC(221) Pause Young (Allocation Failure)
[2026-03-25T20:42:06.847+0900][9.472s][info][gc,heap        ] GC(221) PSYoungGen: 82369K(83456K)->2944K(83456K) Eden: 79680K(79872K)->0K(79872K) From: 2688K(3584K)->2944K(3584K)
[2026-03-25T20:42:06.847+0900][9.472s][info][gc,heap        ] GC(221) ParOldGen: 253510K(253952K)->256126K(256512K)
[2026-03-25T20:42:06.847+0900][9.472s][info][gc,metaspace   ] GC(221) Metaspace: 5934K(6144K)->5934K(6144K) NonClass: 5304K(5440K)->5304K(5440K) Class: 630K(704K)->630K(704K)
[2026-03-25T20:42:06.847+0900][9.472s][info][gc             ] GC(221) Pause Young (Allocation Failure) 328M->252M(332M) 2.063ms
[2026-03-25T20:42:06.847+0900][9.472s][info][gc,cpu         ] GC(221) User=0.00s Sys=0.00s Real=0.00s
[2026-03-25T20:42:06.904+0900][9.529s][info][gc,start       ] GC(222) Pause Young (Allocation Failure)
[2026-03-25T20:42:06.905+0900][9.530s][info][gc,heap        ] GC(222) PSYoungGen: 82625K(83456K)->2944K(83456K) Eden: 79680K(79872K)->0K(79872K) From: 2944K(3584K)->2944K(3584K)
[2026-03-25T20:42:06.905+0900][9.530s][info][gc,heap        ] GC(222) ParOldGen: 256126K(256512K)->258998K(259072K)
[2026-03-25T20:42:06.905+0900][9.530s][info][gc,metaspace   ] GC(222) Metaspace: 5934K(6144K)->5934K(6144K) NonClass: 5304K(5440K)->5304K(5440K) Class: 630K(704K)->630K(704K)
[2026-03-25T20:42:06.905+0900][9.530s][info][gc             ] GC(222) Pause Young (Allocation Failure) 330M->255M(334M) 0.945ms
[2026-03-25T20:42:06.905+0900][9.530s][info][gc,cpu         ] GC(222) User=0.00s Sys=0.00s Real=0.00s
[2026-03-25T20:42:06.907+0900][9.532s][info][gc,start       ] GC(223) Pause Young (Allocation Failure)
[2026-03-25T20:42:06.908+0900][9.533s][info][gc,heap        ] GC(223) PSYoungGen: 82625K(83456K)->2720K(83456K) Eden: 79681K(79872K)->0K(79872K) From: 2944K(3584K)->2720K(3584K)
[2026-03-25T20:42:06.908+0900][9.533s][info][gc,heap        ] GC(223) ParOldGen: 258998K(259072K)->261871K(262144K)
[2026-03-25T20:42:06.908+0900][9.533s][info][gc,metaspace   ] GC(223) Metaspace: 5934K(6144K)->5934K(6144K) NonClass: 5304K(5440K)->5304K(5440K) Class: 630K(704K)->630K(704K)
[2026-03-25T20:42:06.908+0900][9.533s][info][gc             ] GC(223) Pause Young (Allocation Failure) 333M->258M(337M) 1.209ms
[2026-03-25T20:42:06.908+0900][9.533s][info][gc,cpu         ] GC(223) User=0.00s Sys=0.01s Real=0.00s
[2026-03-25T20:42:06.966+0900][9.591s][info][gc,start       ] GC(224) Pause Young (Allocation Failure)
[2026-03-25T20:42:06.968+0900][9.593s][info][gc,heap        ] GC(224) PSYoungGen: 82401K(83456K)->2656K(83456K) Eden: 79681K(79872K)->0K(79872K) From: 2720K(3584K)->2656K(3584K)
[2026-03-25T20:42:06.968+0900][9.593s][info][gc,heap        ] GC(224) ParOldGen: 261871K(262144K)->264487K(264704K)
[2026-03-25T20:42:06.968+0900][9.593s][info][gc,metaspace   ] GC(224) Metaspace: 5934K(6144K)->5934K(6144K) NonClass: 5304K(5440K)->5304K(5440K) Class: 630K(704K)->630K(704K)
[2026-03-25T20:42:06.968+0900][9.593s][info][gc             ] GC(224) Pause Young (Allocation Failure) 336M->260M(340M) 1.952ms
[2026-03-25T20:42:06.968+0900][9.593s][info][gc,cpu         ] GC(224) User=0.00s Sys=0.00s Real=0.00s
[2026-03-25T20:42:07.022+0900][9.647s][info][gc,start       ] GC(225) Pause Young (Allocation Failure)
[2026-03-25T20:42:07.024+0900][9.648s][info][gc,heap        ] GC(225) PSYoungGen: 82337K(83456K)->2976K(83456K) Eden: 79681K(79872K)->0K(79872K) From: 2656K(3584K)->2976K(3584K)
[2026-03-25T20:42:07.024+0900][9.649s][info][gc,heap        ] GC(225) ParOldGen: 264487K(264704K)->267087K(267264K)
[2026-03-25T20:42:07.024+0900][9.649s][info][gc,metaspace   ] GC(225) Metaspace: 5934K(6144K)->5934K(6144K) NonClass: 5304K(5440K)->5304K(5440K) Class: 630K(704K)->630K(704K)
[2026-03-25T20:42:07.024+0900][9.649s][info][gc             ] GC(225) Pause Young (Allocation Failure) 338M->263M(342M) 1.791ms
[2026-03-25T20:42:07.024+0900][9.649s][info][gc,cpu         ] GC(225) User=0.01s Sys=0.00s Real=0.00s
[2026-03-25T20:42:07.081+0900][9.706s][info][gc,start       ] GC(226) Pause Young (Allocation Failure)
[2026-03-25T20:42:07.083+0900][9.707s][info][gc,heap        ] GC(226) PSYoungGen: 82657K(83456K)->2880K(83456K) Eden: 79681K(79872K)->0K(79872K) From: 2976K(3584K)->2880K(3584K)
[2026-03-25T20:42:07.083+0900][9.707s][info][gc,heap        ] GC(226) ParOldGen: 267087K(267264K)->269967K(270336K)
[2026-03-25T20:42:07.083+0900][9.707s][info][gc,metaspace   ] GC(226) Metaspace: 5934K(6144K)->5934K(6144K) NonClass: 5304K(5440K)->5304K(5440K) Class: 630K(704K)->630K(704K)
[2026-03-25T20:42:07.083+0900][9.707s][info][gc             ] GC(226) Pause Young (Allocation Failure) 341M->266M(345M) 1.532ms
[2026-03-25T20:42:07.083+0900][9.707s][info][gc,cpu         ] GC(226) User=0.01s Sys=0.00s Real=0.00s
[2026-03-25T20:42:07.084+0900][9.709s][info][gc,start       ] GC(227) Pause Young (Allocation Failure)
[2026-03-25T20:42:07.085+0900][9.710s][info][gc,heap        ] GC(227) PSYoungGen: 82561K(83456K)->2656K(83456K) Eden: 79681K(79872K)->0K(79872K) From: 2880K(3584K)->2656K(3584K)
[2026-03-25T20:42:07.085+0900][9.710s][info][gc,heap        ] GC(227) ParOldGen: 269967K(270336K)->272839K(272896K)
[2026-03-25T20:42:07.085+0900][9.710s][info][gc,metaspace   ] GC(227) Metaspace: 5934K(6144K)->5934K(6144K) NonClass: 5304K(5440K)->5304K(5440K) Class: 630K(704K)->630K(704K)
[2026-03-25T20:42:07.085+0900][9.710s][info][gc             ] GC(227) Pause Young (Allocation Failure) 344M->269M(348M) 1.017ms
[2026-03-25T20:42:07.085+0900][9.710s][info][gc,cpu         ] GC(227) User=0.00s Sys=0.01s Real=0.00s
[2026-03-25T20:42:07.138+0900][9.763s][info][gc,start       ] GC(228) Pause Young (Allocation Failure)
[2026-03-25T20:42:07.139+0900][9.764s][info][gc,heap        ] GC(228) PSYoungGen: 82337K(83456K)->2720K(83456K) Eden: 79681K(79872K)->0K(79872K) From: 2656K(3584K)->2720K(3584K)
[2026-03-25T20:42:07.139+0900][9.764s][info][gc,heap        ] GC(228) ParOldGen: 272839K(272896K)->275455K(275456K)
[2026-03-25T20:42:07.139+0900][9.764s][info][gc,metaspace   ] GC(228) Metaspace: 5934K(6144K)->5934K(6144K) NonClass: 5304K(5440K)->5304K(5440K) Class: 630K(704K)->630K(704K)
[2026-03-25T20:42:07.139+0900][9.764s][info][gc             ] GC(228) Pause Young (Allocation Failure) 346M->271M(350M) 0.999ms
[2026-03-25T20:42:07.139+0900][9.764s][info][gc,cpu         ] GC(228) User=0.00s Sys=0.00s Real=0.00s
[2026-03-25T20:42:07.193+0900][9.818s][info][gc,start       ] GC(229) Pause Young (Allocation Failure)
[2026-03-25T20:42:07.195+0900][9.820s][info][gc,heap        ] GC(229) PSYoungGen: 82401K(83456K)->3008K(83456K) Eden: 79681K(79872K)->0K(79872K) From: 2720K(3584K)->3008K(3584K)
[2026-03-25T20:42:07.195+0900][9.820s][info][gc,heap        ] GC(229) ParOldGen: 275455K(275456K)->278071K(278528K)
[2026-03-25T20:42:07.195+0900][9.820s][info][gc,metaspace   ] GC(229) Metaspace: 5934K(6144K)->5934K(6144K) NonClass: 5304K(5440K)->5304K(5440K) Class: 630K(704K)->630K(704K)
[2026-03-25T20:42:07.195+0900][9.820s][info][gc             ] GC(229) Pause Young (Allocation Failure) 349M->274M(353M) 1.940ms
[2026-03-25T20:42:07.195+0900][9.820s][info][gc,cpu         ] GC(229) User=0.01s Sys=0.00s Real=0.00s
[2026-03-25T20:42:07.249+0900][9.874s][info][gc,start       ] GC(230) Pause Young (Allocation Failure)
[2026-03-25T20:42:07.250+0900][9.875s][info][gc,heap        ] GC(230) PSYoungGen: 82689K(83456K)->2912K(83456K) Eden: 79681K(79872K)->0K(79872K) From: 3008K(3584K)->2912K(3584K)
[2026-03-25T20:42:07.250+0900][9.875s][info][gc,heap        ] GC(230) ParOldGen: 278071K(278528K)->280944K(281088K)
[2026-03-25T20:42:07.250+0900][9.875s][info][gc,metaspace   ] GC(230) Metaspace: 5934K(6144K)->5934K(6144K) NonClass: 5304K(5440K)->5304K(5440K) Class: 630K(704K)->630K(704K)
[2026-03-25T20:42:07.250+0900][9.875s][info][gc             ] GC(230) Pause Young (Allocation Failure) 352M->277M(356M) 1.046ms
[2026-03-25T20:42:07.250+0900][9.875s][info][gc,cpu         ] GC(230) User=0.01s Sys=0.00s Real=0.01s
[2026-03-25T20:42:07.251+0900][9.876s][info][gc,start       ] GC(231) Pause Young (Allocation Failure)
[2026-03-25T20:42:07.252+0900][9.877s][info][gc,heap        ] GC(231) PSYoungGen: 82593K(83456K)->2656K(83456K) Eden: 79681K(79872K)->0K(79872K) From: 2912K(3584K)->2656K(3584K)
[2026-03-25T20:42:07.252+0900][9.877s][info][gc,heap        ] GC(231) ParOldGen: 280944K(281088K)->283792K(284160K)
[2026-03-25T20:42:07.252+0900][9.877s][info][gc,metaspace   ] GC(231) Metaspace: 5934K(6144K)->5934K(6144K) NonClass: 5304K(5440K)->5304K(5440K) Class: 630K(704K)->630K(704K)
[2026-03-25T20:42:07.252+0900][9.877s][info][gc             ] GC(231) Pause Young (Allocation Failure) 355M->279M(359M) 1.010ms
[2026-03-25T20:42:07.252+0900][9.877s][info][gc,cpu         ] GC(231) User=0.00s Sys=0.00s Real=0.00s
[2026-03-25T20:42:07.309+0900][9.934s][info][gc,start       ] GC(232) Pause Young (Allocation Failure)
[2026-03-25T20:42:07.311+0900][9.936s][info][gc,heap        ] GC(232) PSYoungGen: 82337K(83456K)->2976K(83456K) Eden: 79681K(79872K)->0K(79872K) From: 2656K(3584K)->2976K(3584K)
[2026-03-25T20:42:07.311+0900][9.936s][info][gc,heap        ] GC(232) ParOldGen: 283792K(284160K)->286408K(286720K)
[2026-03-25T20:42:07.311+0900][9.936s][info][gc,metaspace   ] GC(232) Metaspace: 5934K(6144K)->5934K(6144K) NonClass: 5304K(5440K)->5304K(5440K) Class: 630K(704K)->630K(704K)
[2026-03-25T20:42:07.311+0900][9.936s][info][gc             ] GC(232) Pause Young (Allocation Failure) 357M->282M(361M) 2.008ms
[2026-03-25T20:42:07.311+0900][9.936s][info][gc,cpu         ] GC(232) User=0.01s Sys=0.01s Real=0.01s
[2026-03-25T20:42:07.368+0900][9.993s][info][gc,start       ] GC(233) Pause Young (Allocation Failure)
[2026-03-25T20:42:07.370+0900][9.994s][info][gc,heap        ] GC(233) PSYoungGen: 82657K(83456K)->2944K(83456K) Eden: 79681K(79872K)->0K(79872K) From: 2976K(3584K)->2944K(3584K)
[2026-03-25T20:42:07.370+0900][9.994s][info][gc,heap        ] GC(233) ParOldGen: 286408K(286720K)->289024K(289280K)
[2026-03-25T20:42:07.370+0900][9.994s][info][gc,metaspace   ] GC(233) Metaspace: 5934K(6144K)->5934K(6144K) NonClass: 5304K(5440K)->5304K(5440K) Class: 630K(704K)->630K(704K)
[2026-03-25T20:42:07.370+0900][9.994s][info][gc             ] GC(233) Pause Young (Allocation Failure) 360M->285M(364M) 1.371ms
[2026-03-25T20:42:07.370+0900][9.994s][info][gc,cpu         ] GC(233) User=0.00s Sys=0.00s Real=0.01s
[2026-03-25T20:42:07.426+0900][10.051s][info][gc,start       ] GC(234) Pause Young (Allocation Failure)
[2026-03-25T20:42:07.429+0900][10.053s][info][gc,heap        ] GC(234) PSYoungGen: 82625K(83456K)->3008K(83456K) Eden: 79681K(79872K)->0K(79872K) From: 2944K(3584K)->3008K(3584K)
[2026-03-25T20:42:07.429+0900][10.054s][info][gc,heap        ] GC(234) ParOldGen: 289024K(289280K)->291888K(292352K)
[2026-03-25T20:42:07.429+0900][10.054s][info][gc,metaspace   ] GC(234) Metaspace: 5934K(6144K)->5934K(6144K) NonClass: 5304K(5440K)->5304K(5440K) Class: 630K(704K)->630K(704K)
[2026-03-25T20:42:07.429+0900][10.054s][info][gc             ] GC(234) Pause Young (Allocation Failure) 362M->287M(367M) 2.952ms
[2026-03-25T20:42:07.429+0900][10.054s][info][gc,cpu         ] GC(234) User=0.00s Sys=0.00s Real=0.00s
[2026-03-25T20:42:07.432+0900][10.056s][info][gc,start       ] GC(235) Pause Young (Allocation Failure)
[2026-03-25T20:42:07.433+0900][10.057s][info][gc,heap        ] GC(235) PSYoungGen: 82689K(83456K)->2624K(83456K) Eden: 79681K(79872K)->0K(79872K) From: 3008K(3584K)->2624K(3584K)
[2026-03-25T20:42:07.433+0900][10.057s][info][gc,heap        ] GC(235) ParOldGen: 291888K(292352K)->294768K(294912K)
[2026-03-25T20:42:07.433+0900][10.058s][info][gc,metaspace   ] GC(235) Metaspace: 5934K(6144K)->5934K(6144K) NonClass: 5304K(5440K)->5304K(5440K) Class: 630K(704K)->630K(704K)
[2026-03-25T20:42:07.433+0900][10.058s][info][gc             ] GC(235) Pause Young (Allocation Failure) 365M->290M(369M) 1.221ms
[2026-03-25T20:42:07.433+0900][10.058s][info][gc,cpu         ] GC(235) User=0.01s Sys=0.00s Real=0.00s
[2026-03-25T20:42:07.489+0900][10.114s][info][gc,start       ] GC(236) Pause Young (Allocation Failure)
[2026-03-25T20:42:07.491+0900][10.116s][info][gc,heap        ] GC(236) PSYoungGen: 82305K(83456K)->2880K(83456K) Eden: 79681K(79872K)->0K(79872K) From: 2624K(3584K)->2880K(3584K)
[2026-03-25T20:42:07.491+0900][10.116s][info][gc,heap        ] GC(236) ParOldGen: 294768K(294912K)->297385K(297472K)
[2026-03-25T20:42:07.491+0900][10.116s][info][gc,metaspace   ] GC(236) Metaspace: 5934K(6144K)->5934K(6144K) NonClass: 5304K(5440K)->5304K(5440K) Class: 630K(704K)->630K(704K)
[2026-03-25T20:42:07.491+0900][10.116s][info][gc             ] GC(236) Pause Young (Allocation Failure) 368M->293M(372M) 1.945ms
[2026-03-25T20:42:07.491+0900][10.116s][info][gc,cpu         ] GC(236) User=0.00s Sys=0.01s Real=0.01s
[2026-03-25T20:42:07.546+0900][10.170s][info][gc,start       ] GC(237) Pause Young (Allocation Failure)
[2026-03-25T20:42:07.547+0900][10.172s][info][gc,heap        ] GC(237) PSYoungGen: 82561K(83456K)->2688K(83456K) Eden: 79681K(79872K)->0K(79872K) From: 2880K(3584K)->2688K(3584K)
[2026-03-25T20:42:07.547+0900][10.172s][info][gc,heap        ] GC(237) ParOldGen: 297385K(297472K)->300257K(300544K)
[2026-03-25T20:42:07.547+0900][10.172s][info][gc,metaspace   ] GC(237) Metaspace: 5934K(6144K)->5934K(6144K) NonClass: 5304K(5440K)->5304K(5440K) Class: 630K(704K)->630K(704K)
[2026-03-25T20:42:07.547+0900][10.172s][info][gc             ] GC(237) Pause Young (Allocation Failure) 371M->295M(375M) 1.584ms
[2026-03-25T20:42:07.547+0900][10.172s][info][gc,cpu         ] GC(237) User=0.00s Sys=0.00s Real=0.00s
[2026-03-25T20:42:07.604+0900][10.229s][info][gc,start       ] GC(238) Pause Young (Allocation Failure)
[2026-03-25T20:42:07.606+0900][10.231s][info][gc,heap        ] GC(238) PSYoungGen: 82369K(83456K)->2976K(83456K) Eden: 79681K(79872K)->0K(79872K) From: 2688K(3584K)->2976K(3584K)
[2026-03-25T20:42:07.606+0900][10.231s][info][gc,heap        ] GC(238) ParOldGen: 300257K(300544K)->302873K(303104K)
[2026-03-25T20:42:07.606+0900][10.231s][info][gc,metaspace   ] GC(238) Metaspace: 5934K(6144K)->5934K(6144K) NonClass: 5304K(5440K)->5304K(5440K) Class: 630K(704K)->630K(704K)
[2026-03-25T20:42:07.606+0900][10.231s][info][gc             ] GC(238) Pause Young (Allocation Failure) 373M->298M(377M) 2.160ms
[2026-03-25T20:42:07.606+0900][10.231s][info][gc,cpu         ] GC(238) User=0.01s Sys=0.00s Real=0.00s
[2026-03-25T20:42:07.609+0900][10.233s][info][gc,start       ] GC(239) Pause Young (Allocation Failure)
[2026-03-25T20:42:07.610+0900][10.234s][info][gc,heap        ] GC(239) PSYoungGen: 82657K(83456K)->2656K(83456K) Eden: 79681K(79872K)->0K(79872K) From: 2976K(3584K)->2656K(3584K)
[2026-03-25T20:42:07.610+0900][10.234s][info][gc,heap        ] GC(239) ParOldGen: 302873K(303104K)->305745K(306176K)
[2026-03-25T20:42:07.610+0900][10.234s][info][gc,metaspace   ] GC(239) Metaspace: 5934K(6144K)->5934K(6144K) NonClass: 5304K(5440K)->5304K(5440K) Class: 630K(704K)->630K(704K)
[2026-03-25T20:42:07.610+0900][10.234s][info][gc             ] GC(239) Pause Young (Allocation Failure) 376M->301M(380M) 1.119ms
[2026-03-25T20:42:07.610+0900][10.234s][info][gc,cpu         ] GC(239) User=0.01s Sys=0.00s Real=0.01s
[2026-03-25T20:42:07.668+0900][10.292s][info][gc,start       ] GC(240) Pause Young (Allocation Failure)
[2026-03-25T20:42:07.669+0900][10.294s][info][gc,heap        ] GC(240) PSYoungGen: 82337K(83456K)->3008K(83456K) Eden: 79681K(79872K)->0K(79872K) From: 2656K(3584K)->3008K(3584K)
[2026-03-25T20:42:07.669+0900][10.294s][info][gc,heap        ] GC(240) ParOldGen: 305745K(306176K)->308353K(308736K)
[2026-03-25T20:42:07.669+0900][10.294s][info][gc,metaspace   ] GC(240) Metaspace: 5934K(6144K)->5934K(6144K) NonClass: 5304K(5440K)->5304K(5440K) Class: 630K(704K)->630K(704K)
[2026-03-25T20:42:07.669+0900][10.294s][info][gc             ] GC(240) Pause Young (Allocation Failure) 378M->304M(383M) 1.694ms
[2026-03-25T20:42:07.669+0900][10.294s][info][gc,cpu         ] GC(240) User=0.00s Sys=0.00s Real=0.00s
[2026-03-25T20:42:07.722+0900][10.347s][info][gc,start       ] GC(241) Pause Young (Allocation Failure)
[2026-03-25T20:42:07.724+0900][10.349s][info][gc,heap        ] GC(241) PSYoungGen: 82689K(83456K)->2688K(83456K) Eden: 79681K(79872K)->0K(79872K) From: 3008K(3584K)->2688K(3584K)
[2026-03-25T20:42:07.724+0900][10.349s][info][gc,heap        ] GC(241) ParOldGen: 308353K(308736K)->311217K(311296K)
[2026-03-25T20:42:07.725+0900][10.349s][info][gc,metaspace   ] GC(241) Metaspace: 5934K(6144K)->5934K(6144K) NonClass: 5304K(5440K)->5304K(5440K) Class: 630K(704K)->630K(704K)
[2026-03-25T20:42:07.725+0900][10.349s][info][gc             ] GC(241) Pause Young (Allocation Failure) 381M->306M(385M) 2.284ms
[2026-03-25T20:42:07.725+0900][10.349s][info][gc,cpu         ] GC(241) User=0.00s Sys=0.00s Real=0.00s
[2026-03-25T20:42:07.779+0900][10.404s][info][gc,start       ] GC(242) Pause Young (Allocation Failure)
[2026-03-25T20:42:07.781+0900][10.405s][info][gc,heap        ] GC(242) PSYoungGen: 82407K(83456K)->2944K(83456K) Eden: 79719K(79872K)->0K(79872K) From: 2688K(3584K)->2944K(3584K)
[2026-03-25T20:42:07.781+0900][10.405s][info][gc,heap        ] GC(242) ParOldGen: 311217K(311296K)->313834K(313856K)
[2026-03-25T20:42:07.781+0900][10.405s][info][gc,metaspace   ] GC(242) Metaspace: 5939K(6144K)->5939K(6144K) NonClass: 5308K(5440K)->5308K(5440K) Class: 630K(704K)->630K(704K)
[2026-03-25T20:42:07.781+0900][10.406s][info][gc             ] GC(242) Pause Young (Allocation Failure) 384M->309M(388M) 1.956ms
[2026-03-25T20:42:07.781+0900][10.406s][info][gc,cpu         ] GC(242) User=0.00s Sys=0.00s Real=0.01s
[2026-03-25T20:42:07.784+0900][10.408s][info][gc,start       ] GC(243) Pause Young (Allocation Failure)
[2026-03-25T20:42:07.785+0900][10.410s][info][gc,heap        ] GC(243) PSYoungGen: 82625K(83456K)->2656K(83456K) Eden: 79680K(79872K)->0K(79872K) From: 2944K(3584K)->2656K(3584K)
[2026-03-25T20:42:07.785+0900][10.410s][info][gc,heap        ] GC(243) ParOldGen: 313834K(313856K)->316706K(316928K)
[2026-03-25T20:42:07.785+0900][10.410s][info][gc,metaspace   ] GC(243) Metaspace: 5939K(6144K)->5939K(6144K) NonClass: 5308K(5440K)->5308K(5440K) Class: 630K(704K)->630K(704K)
[2026-03-25T20:42:07.785+0900][10.410s][info][gc             ] GC(243) Pause Young (Allocation Failure) 387M->311M(391M) 1.598ms
[2026-03-25T20:42:07.785+0900][10.410s][info][gc,cpu         ] GC(243) User=0.01s Sys=0.00s Real=0.00s
[2026-03-25T20:42:07.843+0900][10.467s][info][gc,start       ] GC(244) Pause Young (Allocation Failure)
[2026-03-25T20:42:07.844+0900][10.469s][info][gc,heap        ] GC(244) PSYoungGen: 82337K(83456K)->2912K(83456K) Eden: 79680K(79872K)->0K(79872K) From: 2656K(3584K)->2912K(3584K)
[2026-03-25T20:42:07.844+0900][10.469s][info][gc,heap        ] GC(244) ParOldGen: 316706K(316928K)->319322K(319488K)
[2026-03-25T20:42:07.844+0900][10.469s][info][gc,metaspace   ] GC(244) Metaspace: 5939K(6144K)->5939K(6144K) NonClass: 5308K(5440K)->5308K(5440K) Class: 630K(704K)->630K(704K)
[2026-03-25T20:42:07.845+0900][10.469s][info][gc             ] GC(244) Pause Young (Allocation Failure) 389M->314M(393M) 1.819ms
[2026-03-25T20:42:07.845+0900][10.469s][info][gc,cpu         ] GC(244) User=0.01s Sys=0.01s Real=0.00s
[2026-03-25T20:42:07.898+0900][10.522s][info][gc,start       ] GC(245) Pause Young (Allocation Failure)
[2026-03-25T20:42:07.900+0900][10.524s][info][gc,heap        ] GC(245) PSYoungGen: 82593K(83456K)->2688K(83456K) Eden: 79681K(79872K)->0K(79872K) From: 2912K(3584K)->2688K(3584K)
[2026-03-25T20:42:07.900+0900][10.524s][info][gc,heap        ] GC(245) ParOldGen: 319322K(319488K)->322194K(322560K)
[2026-03-25T20:42:07.900+0900][10.524s][info][gc,metaspace   ] GC(245) Metaspace: 5939K(6144K)->5939K(6144K) NonClass: 5308K(5440K)->5308K(5440K) Class: 630K(704K)->630K(704K)
[2026-03-25T20:42:07.900+0900][10.524s][info][gc             ] GC(245) Pause Young (Allocation Failure) 392M->317M(396M) 1.820ms
[2026-03-25T20:42:07.900+0900][10.524s][info][gc,cpu         ] GC(245) User=0.00s Sys=0.00s Real=0.01s
[2026-03-25T20:42:07.955+0900][10.579s][info][gc,start       ] GC(246) Pause Young (Allocation Failure)
[2026-03-25T20:42:07.957+0900][10.581s][info][gc,heap        ] GC(246) PSYoungGen: 82369K(83456K)->2912K(83456K) Eden: 79681K(79872K)->0K(79872K) From: 2688K(3584K)->2912K(3584K)
[2026-03-25T20:42:07.957+0900][10.581s][info][gc,heap        ] GC(246) ParOldGen: 322194K(322560K)->324802K(325120K)
[2026-03-25T20:42:07.957+0900][10.581s][info][gc,metaspace   ] GC(246) Metaspace: 5939K(6144K)->5939K(6144K) NonClass: 5308K(5440K)->5308K(5440K) Class: 630K(704K)->630K(704K)
[2026-03-25T20:42:07.957+0900][10.581s][info][gc             ] GC(246) Pause Young (Allocation Failure) 395M->320M(399M) 2.267ms
[2026-03-25T20:42:07.957+0900][10.581s][info][gc,cpu         ] GC(246) User=0.00s Sys=0.00s Real=0.00s
[2026-03-25T20:42:07.960+0900][10.584s][info][gc,start       ] GC(247) Pause Young (Allocation Failure)
[2026-03-25T20:42:07.962+0900][10.586s][info][gc,heap        ] GC(247) PSYoungGen: 82593K(83456K)->2720K(83456K) Eden: 79681K(79872K)->0K(79872K) From: 2912K(3584K)->2720K(3584K)
[2026-03-25T20:42:07.962+0900][10.587s][info][gc,heap        ] GC(247) ParOldGen: 324802K(325120K)->327642K(327680K)
[2026-03-25T20:42:07.962+0900][10.587s][info][gc,metaspace   ] GC(247) Metaspace: 5939K(6144K)->5939K(6144K) NonClass: 5308K(5440K)->5308K(5440K) Class: 630K(704K)->630K(704K)
[2026-03-25T20:42:07.962+0900][10.587s][info][gc             ] GC(247) Pause Young (Allocation Failure) 397M->322M(401M) 2.307ms
[2026-03-25T20:42:07.962+0900][10.587s][info][gc,cpu         ] GC(247) User=0.01s Sys=0.00s Real=0.00s
[2026-03-25T20:42:08.016+0900][10.641s][info][gc,start       ] GC(248) Pause Young (Allocation Failure)
[2026-03-25T20:42:08.018+0900][10.643s][info][gc,heap        ] GC(248) PSYoungGen: 82401K(83456K)->3008K(83456K) Eden: 79681K(79872K)->0K(79872K) From: 2720K(3584K)->3008K(3584K)
[2026-03-25T20:42:08.018+0900][10.643s][info][gc,heap        ] GC(248) ParOldGen: 327642K(327680K)->330259K(330752K)
[2026-03-25T20:42:08.018+0900][10.643s][info][gc,metaspace   ] GC(248) Metaspace: 5939K(6144K)->5939K(6144K) NonClass: 5308K(5440K)->5308K(5440K) Class: 630K(704K)->630K(704K)
[2026-03-25T20:42:08.018+0900][10.643s][info][gc             ] GC(248) Pause Young (Allocation Failure) 400M->325M(404M) 1.829ms
[2026-03-25T20:42:08.018+0900][10.643s][info][gc,cpu         ] GC(248) User=0.01s Sys=0.00s Real=0.00s
[2026-03-25T20:42:08.074+0900][10.698s][info][gc,start       ] GC(249) Pause Young (Allocation Failure)
[2026-03-25T20:42:08.076+0900][10.700s][info][gc,heap        ] GC(249) PSYoungGen: 82689K(83456K)->2688K(83456K) Eden: 79681K(79872K)->0K(79872K) From: 3008K(3584K)->2688K(3584K)
[2026-03-25T20:42:08.076+0900][10.700s][info][gc,heap        ] GC(249) ParOldGen: 330259K(330752K)->333099K(333312K)
[2026-03-25T20:42:08.076+0900][10.700s][info][gc,metaspace   ] GC(249) Metaspace: 5939K(6144K)->5939K(6144K) NonClass: 5308K(5440K)->5308K(5440K) Class: 630K(704K)->630K(704K)
[2026-03-25T20:42:08.076+0900][10.700s][info][gc             ] GC(249) Pause Young (Allocation Failure) 403M->327M(407M) 2.042ms
[2026-03-25T20:42:08.076+0900][10.700s][info][gc,cpu         ] GC(249) User=0.00s Sys=0.01s Real=0.00s
[2026-03-25T20:42:08.129+0900][10.753s][info][gc,start       ] GC(250) Pause Young (Allocation Failure)
[2026-03-25T20:42:08.132+0900][10.756s][info][gc,heap        ] GC(250) PSYoungGen: 82369K(83456K)->2912K(83456K) Eden: 79681K(79872K)->0K(79872K) From: 2688K(3584K)->2912K(3584K)
[2026-03-25T20:42:08.132+0900][10.756s][info][gc,heap        ] GC(250) ParOldGen: 333099K(333312K)->335683K(335872K)
[2026-03-25T20:42:08.132+0900][10.756s][info][gc,metaspace   ] GC(250) Metaspace: 5939K(6144K)->5939K(6144K) NonClass: 5308K(5440K)->5308K(5440K) Class: 630K(704K)->630K(704K)
[2026-03-25T20:42:08.132+0900][10.756s][info][gc             ] GC(250) Pause Young (Allocation Failure) 405M->330M(409M) 3.093ms
[2026-03-25T20:42:08.132+0900][10.756s][info][gc,cpu         ] GC(250) User=0.00s Sys=0.00s Real=0.01s
[2026-03-25T20:42:08.134+0900][10.759s][info][gc,start       ] GC(251) Pause Young (Allocation Failure)
[2026-03-25T20:42:08.136+0900][10.760s][info][gc,heap        ] GC(251) PSYoungGen: 82593K(83456K)->2624K(83456K) Eden: 79681K(79872K)->0K(79872K) From: 2912K(3584K)->2624K(3584K)
[2026-03-25T20:42:08.136+0900][10.760s][info][gc,heap        ] GC(251) ParOldGen: 335683K(335872K)->338563K(338944K)
[2026-03-25T20:42:08.136+0900][10.760s][info][gc,metaspace   ] GC(251) Metaspace: 5939K(6144K)->5939K(6144K) NonClass: 5308K(5440K)->5308K(5440K) Class: 630K(704K)->630K(704K)
[2026-03-25T20:42:08.136+0900][10.760s][info][gc             ] GC(251) Pause Young (Allocation Failure) 408M->333M(412M) 1.542ms
[2026-03-25T20:42:08.136+0900][10.760s][info][gc,cpu         ] GC(251) User=0.01s Sys=0.00s Real=0.00s
[2026-03-25T20:42:08.193+0900][10.818s][info][gc,start       ] GC(252) Pause Young (Allocation Failure)
[2026-03-25T20:42:08.195+0900][10.819s][info][gc,heap        ] GC(252) PSYoungGen: 82305K(83456K)->2912K(83456K) Eden: 79681K(79872K)->0K(79872K) From: 2624K(3584K)->2912K(3584K)
[2026-03-25T20:42:08.195+0900][10.819s][info][gc,heap        ] GC(252) ParOldGen: 338563K(338944K)->341179K(341504K)
[2026-03-25T20:42:08.195+0900][10.819s][info][gc,metaspace   ] GC(252) Metaspace: 5939K(6144K)->5939K(6144K) NonClass: 5308K(5440K)->5308K(5440K) Class: 630K(704K)->630K(704K)
[2026-03-25T20:42:08.195+0900][10.819s][info][gc             ] GC(252) Pause Young (Allocation Failure) 411M->336M(415M) 1.826ms
[2026-03-25T20:42:08.195+0900][10.819s][info][gc,cpu         ] GC(252) User=0.01s Sys=0.00s Real=0.00s
[2026-03-25T20:42:08.251+0900][10.875s][info][gc,start       ] GC(253) Pause Young (Allocation Failure)
[2026-03-25T20:42:08.253+0900][10.878s][info][gc,heap        ] GC(253) PSYoungGen: 82593K(83456K)->2880K(83456K) Eden: 79681K(79872K)->0K(79872K) From: 2912K(3584K)->2880K(3584K)
[2026-03-25T20:42:08.253+0900][10.878s][info][gc,heap        ] GC(253) ParOldGen: 341179K(341504K)->344051K(344064K)
[2026-03-25T20:42:08.253+0900][10.878s][info][gc,metaspace   ] GC(253) Metaspace: 5939K(6144K)->5939K(6144K) NonClass: 5308K(5440K)->5308K(5440K) Class: 630K(704K)->630K(704K)
[2026-03-25T20:42:08.253+0900][10.878s][info][gc             ] GC(253) Pause Young (Allocation Failure) 413M->338M(417M) 2.255ms
[2026-03-25T20:42:08.253+0900][10.878s][info][gc,cpu         ] GC(253) User=0.01s Sys=0.00s Real=0.00s
[2026-03-25T20:42:08.308+0900][10.933s][info][gc,start       ] GC(254) Pause Young (Allocation Failure)
[2026-03-25T20:42:08.310+0900][10.935s][info][gc,heap        ] GC(254) PSYoungGen: 82561K(83456K)->2944K(83456K) Eden: 79681K(79872K)->0K(79872K) From: 2880K(3584K)->2944K(3584K)
[2026-03-25T20:42:08.310+0900][10.935s][info][gc,heap        ] GC(254) ParOldGen: 344051K(344064K)->346652K(347136K)
[2026-03-25T20:42:08.311+0900][10.935s][info][gc,metaspace   ] GC(254) Metaspace: 5939K(6144K)->5939K(6144K) NonClass: 5308K(5440K)->5308K(5440K) Class: 630K(704K)->630K(704K)
[2026-03-25T20:42:08.311+0900][10.935s][info][gc             ] GC(254) Pause Young (Allocation Failure) 416M->341M(420M) 2.439ms
[2026-03-25T20:42:08.311+0900][10.935s][info][gc,cpu         ] GC(254) User=0.00s Sys=0.01s Real=0.01s
[2026-03-25T20:42:08.313+0900][10.937s][info][gc,start       ] GC(255) Pause Full (Allocation Failure)
[2026-03-25T20:42:08.313+0900][10.937s][info][gc,phases,start] GC(255) Marking Phase
[2026-03-25T20:42:08.318+0900][10.942s][info][gc,phases      ] GC(255) Marking Phase 4.633ms
[2026-03-25T20:42:08.318+0900][10.942s][info][gc,phases,start] GC(255) Summary Phase
[2026-03-25T20:42:08.318+0900][10.942s][info][gc,phases      ] GC(255) Summary Phase 0.032ms
[2026-03-25T20:42:08.318+0900][10.942s][info][gc,phases,start] GC(255) Forward
[2026-03-25T20:42:08.318+0900][10.943s][info][gc,phases      ] GC(255) Forward 0.705ms
[2026-03-25T20:42:08.318+0900][10.943s][info][gc,phases,start] GC(255) Adjust Pointers
[2026-03-25T20:42:08.321+0900][10.945s][info][gc,phases      ] GC(255) Adjust Pointers 2.144ms
[2026-03-25T20:42:08.321+0900][10.945s][info][gc,phases,start] GC(255) Compaction Phase
[2026-03-25T20:42:08.322+0900][10.947s][info][gc,phases      ] GC(255) Compaction Phase 1.604ms
[2026-03-25T20:42:08.322+0900][10.947s][info][gc,phases,start] GC(255) Post Compact
[2026-03-25T20:42:08.323+0900][10.947s][info][gc,phases      ] GC(255) Post Compact 0.260ms
[2026-03-25T20:42:08.331+0900][10.955s][info][gc,heap        ] GC(255) PSYoungGen: 82625K(83456K)->0K(83456K) Eden: 79681K(79872K)->0K(79872K) From: 2944K(3584K)->0K(3584K)
[2026-03-25T20:42:08.331+0900][10.956s][info][gc,heap        ] GC(255) ParOldGen: 346652K(347136K)->27649K(175104K)
[2026-03-25T20:42:08.331+0900][10.956s][info][gc,metaspace   ] GC(255) Metaspace: 5939K(6144K)->5939K(6144K) NonClass: 5308K(5440K)->5308K(5440K) Class: 630K(704K)->630K(704K)
[2026-03-25T20:42:08.331+0900][10.956s][info][gc             ] GC(255) Pause Full (Allocation Failure) 419M->27M(252M) 18.162ms
[2026-03-25T20:42:08.331+0900][10.956s][info][gc,cpu         ] GC(255) User=0.02s Sys=0.01s Real=0.02s
[2026-03-25T20:42:08.390+0900][11.014s][info][gc,start       ] GC(256) Pause Young (Allocation Failure)
[2026-03-25T20:42:08.391+0900][11.015s][info][gc,heap        ] GC(256) PSYoungGen: 79681K(83456K)->3168K(83456K) Eden: 79681K(79872K)->0K(79872K) From: 0K(3584K)->3168K(3584K)
[2026-03-25T20:42:08.391+0900][11.016s][info][gc,heap        ] GC(256) ParOldGen: 27649K(175104K)->27649K(175104K)
[2026-03-25T20:42:08.391+0900][11.016s][info][gc,metaspace   ] GC(256) Metaspace: 5939K(6144K)->5939K(6144K) NonClass: 5308K(5440K)->5308K(5440K) Class: 630K(704K)->630K(704K)
[2026-03-25T20:42:08.391+0900][11.016s][info][gc             ] GC(256) Pause Young (Allocation Failure) 104M->30M(252M) 1.468ms
[2026-03-25T20:42:08.391+0900][11.016s][info][gc,cpu         ] GC(256) User=0.00s Sys=0.00s Real=0.00s
[2026-03-25T20:42:08.449+0900][11.074s][info][gc,start       ] GC(257) Pause Young (Allocation Failure)
[2026-03-25T20:42:08.451+0900][11.075s][info][gc,heap        ] GC(257) PSYoungGen: 82849K(83456K)->2976K(83456K) Eden: 79681K(79872K)->0K(79872K) From: 3168K(3584K)->2976K(3584K)
[2026-03-25T20:42:08.451+0900][11.075s][info][gc,heap        ] GC(257) ParOldGen: 27649K(175104K)->30745K(175104K)
[2026-03-25T20:42:08.451+0900][11.075s][info][gc,metaspace   ] GC(257) Metaspace: 5939K(6144K)->5939K(6144K) NonClass: 5308K(5440K)->5308K(5440K) Class: 630K(704K)->630K(704K)
[2026-03-25T20:42:08.451+0900][11.075s][info][gc             ] GC(257) Pause Young (Allocation Failure) 107M->32M(252M) 1.472ms
[2026-03-25T20:42:08.451+0900][11.075s][info][gc,cpu         ] GC(257) User=0.01s Sys=0.00s Real=0.01s
[2026-03-25T20:42:08.504+0900][11.128s][info][gc,start       ] GC(258) Pause Young (Allocation Failure)
[2026-03-25T20:42:08.505+0900][11.130s][info][gc,heap        ] GC(258) PSYoungGen: 82657K(83456K)->2720K(83456K) Eden: 79681K(79872K)->0K(79872K) From: 2976K(3584K)->2720K(3584K)
[2026-03-25T20:42:08.505+0900][11.130s][info][gc,heap        ] GC(258) ParOldGen: 30745K(175104K)->33585K(175104K)
[2026-03-25T20:42:08.505+0900][11.130s][info][gc,metaspace   ] GC(258) Metaspace: 5939K(6144K)->5939K(6144K) NonClass: 5308K(5440K)->5308K(5440K) Class: 630K(704K)->630K(704K)
[2026-03-25T20:42:08.505+0900][11.130s][info][gc             ] GC(258) Pause Young (Allocation Failure) 110M->35M(252M) 1.743ms
[2026-03-25T20:42:08.505+0900][11.130s][info][gc,cpu         ] GC(258) User=0.00s Sys=0.00s Real=0.00s
[2026-03-25T20:42:08.508+0900][11.132s][info][gc,start       ] GC(259) Pause Young (Allocation Failure)
[2026-03-25T20:42:08.508+0900][11.133s][info][gc,heap        ] GC(259) PSYoungGen: 82401K(83456K)->2688K(83456K) Eden: 79681K(79872K)->0K(79872K) From: 2720K(3584K)->2688K(3584K)
[2026-03-25T20:42:08.508+0900][11.133s][info][gc,heap        ] GC(259) ParOldGen: 33585K(175104K)->36177K(175104K)
[2026-03-25T20:42:08.508+0900][11.133s][info][gc,metaspace   ] GC(259) Metaspace: 5939K(6144K)->5939K(6144K) NonClass: 5308K(5440K)->5308K(5440K) Class: 630K(704K)->630K(704K)
[2026-03-25T20:42:08.508+0900][11.133s][info][gc             ] GC(259) Pause Young (Allocation Failure) 113M->37M(252M) 0.742ms
[2026-03-25T20:42:08.508+0900][11.133s][info][gc,cpu         ] GC(259) User=0.00s Sys=0.00s Real=0.00s
[2026-03-25T20:42:08.566+0900][11.191s][info][gc,start       ] GC(260) Pause Young (Allocation Failure)
[2026-03-25T20:42:08.567+0900][11.192s][info][gc,heap        ] GC(260) PSYoungGen: 82369K(83456K)->3008K(83456K) Eden: 79681K(79872K)->0K(79872K) From: 2688K(3584K)->3008K(3584K)
[2026-03-25T20:42:08.567+0900][11.192s][info][gc,heap        ] GC(260) ParOldGen: 36177K(175104K)->38769K(175104K)
[2026-03-25T20:42:08.567+0900][11.192s][info][gc,metaspace   ] GC(260) Metaspace: 5939K(6144K)->5939K(6144K) NonClass: 5308K(5440K)->5308K(5440K) Class: 630K(704K)->630K(704K)
[2026-03-25T20:42:08.567+0900][11.192s][info][gc             ] GC(260) Pause Young (Allocation Failure) 115M->40M(252M) 1.226ms
[2026-03-25T20:42:08.567+0900][11.192s][info][gc,cpu         ] GC(260) User=0.00s Sys=0.00s Real=0.00s
[2026-03-25T20:42:08.622+0900][11.247s][info][gc,start       ] GC(261) Pause Young (Allocation Failure)
[2026-03-25T20:42:08.624+0900][11.248s][info][gc,heap        ] GC(261) PSYoungGen: 82689K(83456K)->2944K(83456K) Eden: 79681K(79872K)->0K(79872K) From: 3008K(3584K)->2944K(3584K)
[2026-03-25T20:42:08.624+0900][11.248s][info][gc,heap        ] GC(261) ParOldGen: 38769K(175104K)->41609K(175104K)
[2026-03-25T20:42:08.624+0900][11.248s][info][gc,metaspace   ] GC(261) Metaspace: 5939K(6144K)->5939K(6144K) NonClass: 5308K(5440K)->5308K(5440K) Class: 630K(704K)->630K(704K)
[2026-03-25T20:42:08.624+0900][11.248s][info][gc             ] GC(261) Pause Young (Allocation Failure) 118M->43M(252M) 1.566ms
[2026-03-25T20:42:08.624+0900][11.248s][info][gc,cpu         ] GC(261) User=0.00s Sys=0.00s Real=0.00s
[2026-03-25T20:42:08.682+0900][11.306s][info][gc,start       ] GC(262) Pause Young (Allocation Failure)
[2026-03-25T20:42:08.683+0900][11.307s][info][gc,heap        ] GC(262) PSYoungGen: 82625K(83456K)->2720K(83456K) Eden: 79681K(79872K)->0K(79872K) From: 2944K(3584K)->2720K(3584K)
[2026-03-25T20:42:08.683+0900][11.307s][info][gc,heap        ] GC(262) ParOldGen: 41609K(175104K)->44458K(175104K)
[2026-03-25T20:42:08.683+0900][11.307s][info][gc,metaspace   ] GC(262) Metaspace: 5939K(6144K)->5939K(6144K) NonClass: 5308K(5440K)->5308K(5440K) Class: 630K(704K)->630K(704K)
[2026-03-25T20:42:08.683+0900][11.308s][info][gc             ] GC(262) Pause Young (Allocation Failure) 121M->46M(252M) 1.425ms
[2026-03-25T20:42:08.683+0900][11.308s][info][gc,cpu         ] GC(262) User=0.01s Sys=0.00s Real=0.00s
[2026-03-25T20:42:08.685+0900][11.310s][info][gc,start       ] GC(263) Pause Young (Allocation Failure)
[2026-03-25T20:42:08.686+0900][11.310s][info][gc,heap        ] GC(263) PSYoungGen: 82401K(83456K)->2720K(83456K) Eden: 79681K(79872K)->0K(79872K) From: 2720K(3584K)->2720K(3584K)
[2026-03-25T20:42:08.686+0900][11.310s][info][gc,heap        ] GC(263) ParOldGen: 44458K(175104K)->47050K(175104K)
[2026-03-25T20:42:08.686+0900][11.311s][info][gc,metaspace   ] GC(263) Metaspace: 5939K(6144K)->5939K(6144K) NonClass: 5308K(5440K)->5308K(5440K) Class: 630K(704K)->630K(704K)
[2026-03-25T20:42:08.686+0900][11.311s][info][gc             ] GC(263) Pause Young (Allocation Failure) 123M->48M(252M) 0.736ms
[2026-03-25T20:42:08.686+0900][11.311s][info][gc,cpu         ] GC(263) User=0.00s Sys=0.00s Real=0.00s
[2026-03-25T20:42:08.740+0900][11.364s][info][gc,start       ] GC(264) Pause Young (Allocation Failure)
[2026-03-25T20:42:08.741+0900][11.366s][info][gc,heap        ] GC(264) PSYoungGen: 82401K(83456K)->2912K(83456K) Eden: 79681K(79872K)->0K(79872K) From: 2720K(3584K)->2912K(3584K)
[2026-03-25T20:42:08.741+0900][11.366s][info][gc,heap        ] GC(264) ParOldGen: 47050K(175104K)->49626K(175104K)
[2026-03-25T20:42:08.741+0900][11.366s][info][gc,metaspace   ] GC(264) Metaspace: 5939K(6144K)->5939K(6144K) NonClass: 5308K(5440K)->5308K(5440K) Class: 630K(704K)->630K(704K)
[2026-03-25T20:42:08.741+0900][11.366s][info][gc             ] GC(264) Pause Young (Allocation Failure) 126M->51M(252M) 1.716ms
[2026-03-25T20:42:08.741+0900][11.366s][info][gc,cpu         ] GC(264) User=0.00s Sys=0.00s Real=0.00s
[2026-03-25T20:42:08.799+0900][11.424s][info][gc,start       ] GC(265) Pause Young (Allocation Failure)
[2026-03-25T20:42:08.800+0900][11.425s][info][gc,heap        ] GC(265) PSYoungGen: 82669K(83456K)->3008K(83456K) Eden: 79757K(79872K)->0K(79872K) From: 2912K(3584K)->3008K(3584K)
[2026-03-25T20:42:08.801+0900][11.425s][info][gc,heap        ] GC(265) ParOldGen: 49626K(175104K)->52482K(175104K)
[2026-03-25T20:42:08.801+0900][11.425s][info][gc,metaspace   ] GC(265) Metaspace: 5950K(6144K)->5950K(6144K) NonClass: 5319K(5440K)->5319K(5440K) Class: 631K(704K)->631K(704K)
[2026-03-25T20:42:08.801+0900][11.425s][info][gc             ] GC(265) Pause Young (Allocation Failure) 129M->54M(252M) 1.389ms
[2026-03-25T20:42:08.801+0900][11.425s][info][gc,cpu         ] GC(265) User=0.01s Sys=0.00s Real=0.01s
[2026-03-25T20:42:08.855+0900][11.479s][info][gc,start       ] GC(266) Pause Young (Allocation Failure)
[2026-03-25T20:42:08.856+0900][11.481s][info][gc,heap        ] GC(266) PSYoungGen: 82688K(83456K)->2688K(83456K) Eden: 79680K(79872K)->0K(79872K) From: 3008K(3584K)->2688K(3584K)
[2026-03-25T20:42:08.856+0900][11.481s][info][gc,heap        ] GC(266) ParOldGen: 52482K(175104K)->55346K(175104K)
[2026-03-25T20:42:08.856+0900][11.481s][info][gc,metaspace   ] GC(266) Metaspace: 5950K(6144K)->5950K(6144K) NonClass: 5319K(5440K)->5319K(5440K) Class: 631K(704K)->631K(704K)
[2026-03-25T20:42:08.856+0900][11.481s][info][gc             ] GC(266) Pause Young (Allocation Failure) 132M->56M(252M) 1.657ms
[2026-03-25T20:42:08.856+0900][11.481s][info][gc,cpu         ] GC(266) User=0.00s Sys=0.00s Real=0.00s
[2026-03-25T20:42:08.859+0900][11.483s][info][gc,start       ] GC(267) Pause Young (Allocation Failure)
[2026-03-25T20:42:08.860+0900][11.484s][info][gc,heap        ] GC(267) PSYoungGen: 82368K(83456K)->2784K(83456K) Eden: 79680K(79872K)->0K(79872K) From: 2688K(3584K)->2784K(3584K)
[2026-03-25T20:42:08.860+0900][11.484s][info][gc,heap        ] GC(267) ParOldGen: 55346K(175104K)->57938K(175104K)
[2026-03-25T20:42:08.860+0900][11.484s][info][gc,metaspace   ] GC(267) Metaspace: 5950K(6144K)->5950K(6144K) NonClass: 5319K(5440K)->5319K(5440K) Class: 631K(704K)->631K(704K)
[2026-03-25T20:42:08.860+0900][11.484s][info][gc             ] GC(267) Pause Young (Allocation Failure) 134M->59M(252M) 0.763ms
[2026-03-25T20:42:08.860+0900][11.484s][info][gc,cpu         ] GC(267) User=0.01s Sys=0.00s Real=0.01s
[2026-03-25T20:42:08.917+0900][11.541s][info][gc,start       ] GC(268) Pause Young (Allocation Failure)
[2026-03-25T20:42:08.918+0900][11.543s][info][gc,heap        ] GC(268) PSYoungGen: 82465K(83456K)->3008K(83456K) Eden: 79680K(79872K)->0K(79872K) From: 2784K(3584K)->3008K(3584K)
[2026-03-25T20:42:08.918+0900][11.543s][info][gc,heap        ] GC(268) ParOldGen: 57938K(175104K)->60539K(175104K)
[2026-03-25T20:42:08.918+0900][11.543s][info][gc,metaspace   ] GC(268) Metaspace: 5950K(6144K)->5950K(6144K) NonClass: 5319K(5440K)->5319K(5440K) Class: 631K(704K)->631K(704K)
[2026-03-25T20:42:08.918+0900][11.543s][info][gc             ] GC(268) Pause Young (Allocation Failure) 137M->62M(252M) 1.409ms
[2026-03-25T20:42:08.918+0900][11.543s][info][gc,cpu         ] GC(268) User=0.00s Sys=0.00s Real=0.00s
[2026-03-25T20:42:08.972+0900][11.597s][info][gc,start       ] GC(269) Pause Young (Allocation Failure)
[2026-03-25T20:42:08.974+0900][11.598s][info][gc,heap        ] GC(269) PSYoungGen: 82689K(83456K)->2944K(83456K) Eden: 79680K(79872K)->0K(79872K) From: 3008K(3584K)->2944K(3584K)
[2026-03-25T20:42:08.974+0900][11.598s][info][gc,heap        ] GC(269) ParOldGen: 60539K(175104K)->63379K(175104K)
[2026-03-25T20:42:08.974+0900][11.598s][info][gc,metaspace   ] GC(269) Metaspace: 5950K(6144K)->5950K(6144K) NonClass: 5319K(5440K)->5319K(5440K) Class: 631K(704K)->631K(704K)
[2026-03-25T20:42:08.974+0900][11.598s][info][gc             ] GC(269) Pause Young (Allocation Failure) 139M->64M(252M) 1.606ms
[2026-03-25T20:42:08.974+0900][11.598s][info][gc,cpu         ] GC(269) User=0.00s Sys=0.00s Real=0.00s
[2026-03-25T20:42:09.031+0900][11.656s][info][gc,start       ] GC(270) Pause Young (Allocation Failure)
[2026-03-25T20:42:09.033+0900][11.657s][info][gc,heap        ] GC(270) PSYoungGen: 82625K(83456K)->2720K(83456K) Eden: 79681K(79872K)->0K(79872K) From: 2944K(3584K)->2720K(3584K)
[2026-03-25T20:42:09.033+0900][11.657s][info][gc,heap        ] GC(270) ParOldGen: 63379K(175104K)->66219K(175104K)
[2026-03-25T20:42:09.033+0900][11.657s][info][gc,metaspace   ] GC(270) Metaspace: 5950K(6144K)->5950K(6144K) NonClass: 5319K(5440K)->5319K(5440K) Class: 631K(704K)->631K(704K)
[2026-03-25T20:42:09.033+0900][11.657s][info][gc             ] GC(270) Pause Young (Allocation Failure) 142M->67M(252M) 1.572ms
[2026-03-25T20:42:09.033+0900][11.658s][info][gc,cpu         ] GC(270) User=0.01s Sys=0.00s Real=0.00s
[2026-03-25T20:42:09.035+0900][11.660s][info][gc,start       ] GC(271) Pause Young (Allocation Failure)
[2026-03-25T20:42:09.036+0900][11.661s][info][gc,heap        ] GC(271) PSYoungGen: 82401K(83456K)->2752K(83456K) Eden: 79681K(79872K)->0K(79872K) From: 2720K(3584K)->2752K(3584K)
[2026-03-25T20:42:09.036+0900][11.661s][info][gc,heap        ] GC(271) ParOldGen: 66219K(175104K)->68819K(175104K)
[2026-03-25T20:42:09.036+0900][11.661s][info][gc,metaspace   ] GC(271) Metaspace: 5950K(6144K)->5950K(6144K) NonClass: 5319K(5440K)->5319K(5440K) Class: 631K(704K)->631K(704K)
[2026-03-25T20:42:09.036+0900][11.661s][info][gc             ] GC(271) Pause Young (Allocation Failure) 145M->69M(252M) 0.718ms
[2026-03-25T20:42:09.036+0900][11.661s][info][gc,cpu         ] GC(271) User=0.00s Sys=0.00s Real=0.00s
[2026-03-25T20:42:09.094+0900][11.718s][info][gc,start       ] GC(272) Pause Young (Allocation Failure)
[2026-03-25T20:42:09.095+0900][11.719s][info][gc,heap        ] GC(272) PSYoungGen: 82433K(83456K)->3008K(83456K) Eden: 79681K(79872K)->0K(79872K) From: 2752K(3584K)->3008K(3584K)
[2026-03-25T20:42:09.095+0900][11.719s][info][gc,heap        ] GC(272) ParOldGen: 68819K(175104K)->71419K(175104K)
[2026-03-25T20:42:09.095+0900][11.719s][info][gc,metaspace   ] GC(272) Metaspace: 5950K(6144K)->5950K(6144K) NonClass: 5319K(5440K)->5319K(5440K) Class: 631K(704K)->631K(704K)
[2026-03-25T20:42:09.095+0900][11.719s][info][gc             ] GC(272) Pause Young (Allocation Failure) 147M->72M(252M) 1.179ms
[2026-03-25T20:42:09.095+0900][11.719s][info][gc,cpu         ] GC(272) User=0.00s Sys=0.00s Real=0.00s
[2026-03-25T20:42:09.153+0900][11.777s][info][gc,start       ] GC(273) Pause Young (Allocation Failure)
[2026-03-25T20:42:09.154+0900][11.778s][info][gc,heap        ] GC(273) PSYoungGen: 82689K(83456K)->3040K(83456K) Eden: 79681K(79872K)->0K(79872K) From: 3008K(3584K)->3040K(3584K)
[2026-03-25T20:42:09.154+0900][11.779s][info][gc,heap        ] GC(273) ParOldGen: 71419K(175104K)->74275K(175104K)
[2026-03-25T20:42:09.154+0900][11.779s][info][gc,metaspace   ] GC(273) Metaspace: 5950K(6144K)->5950K(6144K) NonClass: 5319K(5440K)->5319K(5440K) Class: 631K(704K)->631K(704K)
[2026-03-25T20:42:09.154+0900][11.779s][info][gc             ] GC(273) Pause Young (Allocation Failure) 150M->75M(252M) 1.414ms
[2026-03-25T20:42:09.154+0900][11.779s][info][gc,cpu         ] GC(273) User=0.01s Sys=0.00s Real=0.00s
[2026-03-25T20:42:09.212+0900][11.837s][info][gc,start       ] GC(274) Pause Young (Allocation Failure)
[2026-03-25T20:42:09.214+0900][11.838s][info][gc,heap        ] GC(274) PSYoungGen: 82721K(83456K)->2976K(83456K) Eden: 79681K(79872K)->0K(79872K) From: 3040K(3584K)->2976K(3584K)
[2026-03-25T20:42:09.214+0900][11.838s][info][gc,heap        ] GC(274) ParOldGen: 74275K(175104K)->77124K(175104K)
[2026-03-25T20:42:09.214+0900][11.838s][info][gc,metaspace   ] GC(274) Metaspace: 5950K(6144K)->5950K(6144K) NonClass: 5319K(5440K)->5319K(5440K) Class: 631K(704K)->631K(704K)
[2026-03-25T20:42:09.214+0900][11.838s][info][gc             ] GC(274) Pause Young (Allocation Failure) 153M->78M(252M) 1.667ms
[2026-03-25T20:42:09.214+0900][11.838s][info][gc,cpu         ] GC(274) User=0.01s Sys=0.00s Real=0.00s
[2026-03-25T20:42:09.216+0900][11.841s][info][gc,start       ] GC(275) Pause Young (Allocation Failure)
[2026-03-25T20:42:09.217+0900][11.842s][info][gc,heap        ] GC(275) PSYoungGen: 82657K(83456K)->3008K(83456K) Eden: 79681K(79872K)->0K(79872K) From: 2976K(3584K)->3008K(3584K)
[2026-03-25T20:42:09.217+0900][11.842s][info][gc,heap        ] GC(275) ParOldGen: 77124K(175104K)->79724K(175104K)
[2026-03-25T20:42:09.217+0900][11.842s][info][gc,metaspace   ] GC(275) Metaspace: 5950K(6144K)->5950K(6144K) NonClass: 5319K(5440K)->5319K(5440K) Class: 631K(704K)->631K(704K)
[2026-03-25T20:42:09.217+0900][11.842s][info][gc             ] GC(275) Pause Young (Allocation Failure) 156M->80M(252M) 0.854ms
[2026-03-25T20:42:09.217+0900][11.842s][info][gc,cpu         ] GC(275) User=0.00s Sys=0.00s Real=0.00s
[2026-03-25T20:42:09.273+0900][11.897s][info][gc,start       ] GC(276) Pause Young (Allocation Failure)
[2026-03-25T20:42:09.274+0900][11.899s][info][gc,heap        ] GC(276) PSYoungGen: 82689K(83456K)->2720K(83456K) Eden: 79681K(79872K)->0K(79872K) From: 3008K(3584K)->2720K(3584K)
[2026-03-25T20:42:09.274+0900][11.899s][info][gc,heap        ] GC(276) ParOldGen: 79724K(175104K)->82564K(175104K)
[2026-03-25T20:42:09.274+0900][11.899s][info][gc,metaspace   ] GC(276) Metaspace: 5950K(6144K)->5950K(6144K) NonClass: 5319K(5440K)->5319K(5440K) Class: 631K(704K)->631K(704K)
[2026-03-25T20:42:09.274+0900][11.899s][info][gc             ] GC(276) Pause Young (Allocation Failure) 158M->83M(252M) 1.485ms
[2026-03-25T20:42:09.274+0900][11.899s][info][gc,cpu         ] GC(276) User=0.00s Sys=0.00s Real=0.00s
[2026-03-25T20:42:09.333+0900][11.957s][info][gc,start       ] GC(277) Pause Young (Allocation Failure)
[2026-03-25T20:42:09.334+0900][11.958s][info][gc,heap        ] GC(277) PSYoungGen: 82401K(83456K)->3040K(83456K) Eden: 79681K(79872K)->0K(79872K) From: 2720K(3584K)->3040K(3584K)
[2026-03-25T20:42:09.334+0900][11.959s][info][gc,heap        ] GC(277) ParOldGen: 82564K(175104K)->85164K(175104K)
[2026-03-25T20:42:09.334+0900][11.959s][info][gc,metaspace   ] GC(277) Metaspace: 5950K(6144K)->5950K(6144K) NonClass: 5319K(5440K)->5319K(5440K) Class: 631K(704K)->631K(704K)
[2026-03-25T20:42:09.334+0900][11.959s][info][gc             ] GC(277) Pause Young (Allocation Failure) 161M->86M(252M) 1.612ms
[2026-03-25T20:42:09.334+0900][11.959s][info][gc,cpu         ] GC(277) User=0.01s Sys=0.00s Real=0.00s
[2026-03-25T20:42:09.392+0900][12.016s][info][gc,start       ] GC(278) Pause Young (Allocation Failure)
[2026-03-25T20:42:09.393+0900][12.017s][info][gc,heap        ] GC(278) PSYoungGen: 82721K(83456K)->3008K(83456K) Eden: 79681K(79872K)->0K(79872K) From: 3040K(3584K)->3008K(3584K)
[2026-03-25T20:42:09.393+0900][12.017s][info][gc,heap        ] GC(278) ParOldGen: 85164K(175104K)->88012K(175104K)
[2026-03-25T20:42:09.393+0900][12.017s][info][gc,metaspace   ] GC(278) Metaspace: 5950K(6144K)->5950K(6144K) NonClass: 5319K(5440K)->5319K(5440K) Class: 631K(704K)->631K(704K)
[2026-03-25T20:42:09.393+0900][12.017s][info][gc             ] GC(278) Pause Young (Allocation Failure) 163M->88M(252M) 1.329ms
[2026-03-25T20:42:09.393+0900][12.017s][info][gc,cpu         ] GC(278) User=0.01s Sys=0.00s Real=0.00s
[2026-03-25T20:42:09.395+0900][12.019s][info][gc,start       ] GC(279) Pause Young (Allocation Failure)
[2026-03-25T20:42:09.396+0900][12.020s][info][gc,heap        ] GC(279) PSYoungGen: 82689K(83456K)->2752K(83456K) Eden: 79681K(79872K)->0K(79872K) From: 3008K(3584K)->2752K(3584K)
[2026-03-25T20:42:09.396+0900][12.020s][info][gc,heap        ] GC(279) ParOldGen: 88012K(175104K)->90868K(175104K)
[2026-03-25T20:42:09.396+0900][12.020s][info][gc,metaspace   ] GC(279) Metaspace: 5950K(6144K)->5950K(6144K) NonClass: 5319K(5440K)->5319K(5440K) Class: 631K(704K)->631K(704K)
[2026-03-25T20:42:09.396+0900][12.020s][info][gc             ] GC(279) Pause Young (Allocation Failure) 166M->91M(252M) 0.764ms
[2026-03-25T20:42:09.396+0900][12.020s][info][gc,cpu         ] GC(279) User=0.00s Sys=0.01s Real=0.00s
[2026-03-25T20:42:09.453+0900][12.078s][info][gc,start       ] GC(280) Pause Young (Allocation Failure)
[2026-03-25T20:42:09.455+0900][12.079s][info][gc,heap        ] GC(280) PSYoungGen: 82433K(83456K)->2752K(83456K) Eden: 79681K(79872K)->0K(79872K) From: 2752K(3584K)->2752K(3584K)
[2026-03-25T20:42:09.455+0900][12.079s][info][gc,heap        ] GC(280) ParOldGen: 90868K(175104K)->93468K(175104K)
[2026-03-25T20:42:09.455+0900][12.079s][info][gc,metaspace   ] GC(280) Metaspace: 5950K(6144K)->5950K(6144K) NonClass: 5319K(5440K)->5319K(5440K) Class: 631K(704K)->631K(704K)
[2026-03-25T20:42:09.455+0900][12.079s][info][gc             ] GC(280) Pause Young (Allocation Failure) 169M->93M(252M) 1.396ms
[2026-03-25T20:42:09.455+0900][12.079s][info][gc,cpu         ] GC(280) User=0.01s Sys=0.00s Real=0.00s
[2026-03-25T20:42:09.512+0900][12.137s][info][gc,start       ] GC(281) Pause Young (Allocation Failure)
[2026-03-25T20:42:09.514+0900][12.138s][info][gc,heap        ] GC(281) PSYoungGen: 82433K(83456K)->2976K(83456K) Eden: 79681K(79872K)->0K(79872K) From: 2752K(3584K)->2976K(3584K)
[2026-03-25T20:42:09.514+0900][12.138s][info][gc,heap        ] GC(281) ParOldGen: 93468K(175104K)->96061K(175104K)
[2026-03-25T20:42:09.514+0900][12.138s][info][gc,metaspace   ] GC(281) Metaspace: 5950K(6144K)->5950K(6144K) NonClass: 5319K(5440K)->5319K(5440K) Class: 631K(704K)->631K(704K)
[2026-03-25T20:42:09.514+0900][12.138s][info][gc             ] GC(281) Pause Young (Allocation Failure) 171M->96M(252M) 1.624ms
[2026-03-25T20:42:09.514+0900][12.138s][info][gc,cpu         ] GC(281) User=0.01s Sys=0.00s Real=0.00s
[2026-03-25T20:42:09.572+0900][12.196s][info][gc,start       ] GC(282) Pause Young (Allocation Failure)
[2026-03-25T20:42:09.573+0900][12.198s][info][gc,heap        ] GC(282) PSYoungGen: 82657K(83456K)->2976K(83456K) Eden: 79681K(79872K)->0K(79872K) From: 2976K(3584K)->2976K(3584K)
[2026-03-25T20:42:09.573+0900][12.198s][info][gc,heap        ] GC(282) ParOldGen: 96061K(175104K)->98901K(175104K)
[2026-03-25T20:42:09.573+0900][12.198s][info][gc,metaspace   ] GC(282) Metaspace: 5950K(6144K)->5950K(6144K) NonClass: 5319K(5440K)->5319K(5440K) Class: 631K(704K)->631K(704K)
[2026-03-25T20:42:09.573+0900][12.198s][info][gc             ] GC(282) Pause Young (Allocation Failure) 174M->99M(252M) 1.811ms
[2026-03-25T20:42:09.573+0900][12.198s][info][gc,cpu         ] GC(282) User=0.00s Sys=0.00s Real=0.00s
[2026-03-25T20:42:09.576+0900][12.200s][info][gc,start       ] GC(283) Pause Young (Allocation Failure)
[2026-03-25T20:42:09.577+0900][12.201s][info][gc,heap        ] GC(283) PSYoungGen: 82657K(83456K)->2720K(83456K) Eden: 79681K(79872K)->0K(79872K) From: 2976K(3584K)->2720K(3584K)
[2026-03-25T20:42:09.577+0900][12.201s][info][gc,heap        ] GC(283) ParOldGen: 98901K(175104K)->101749K(175104K)
[2026-03-25T20:42:09.577+0900][12.201s][info][gc,metaspace   ] GC(283) Metaspace: 5950K(6144K)->5950K(6144K) NonClass: 5319K(5440K)->5319K(5440K) Class: 631K(704K)->631K(704K)
[2026-03-25T20:42:09.577+0900][12.201s][info][gc             ] GC(283) Pause Young (Allocation Failure) 177M->102M(252M) 0.890ms
[2026-03-25T20:42:09.577+0900][12.201s][info][gc,cpu         ] GC(283) User=0.00s Sys=0.00s Real=0.00s
[2026-03-25T20:42:09.634+0900][12.259s][info][gc,start       ] GC(284) Pause Young (Allocation Failure)
[2026-03-25T20:42:09.635+0900][12.260s][info][gc,heap        ] GC(284) PSYoungGen: 82401K(83456K)->2752K(83456K) Eden: 79681K(79872K)->0K(79872K) From: 2720K(3584K)->2752K(3584K)
[2026-03-25T20:42:09.635+0900][12.260s][info][gc,heap        ] GC(284) ParOldGen: 101749K(175104K)->104349K(175104K)
[2026-03-25T20:42:09.635+0900][12.260s][info][gc,metaspace   ] GC(284) Metaspace: 5950K(6144K)->5950K(6144K) NonClass: 5319K(5440K)->5319K(5440K) Class: 631K(704K)->631K(704K)
[2026-03-25T20:42:09.635+0900][12.260s][info][gc             ] GC(284) Pause Young (Allocation Failure) 179M->104M(252M) 1.307ms
[2026-03-25T20:42:09.635+0900][12.260s][info][gc,cpu         ] GC(284) User=0.01s Sys=0.00s Real=0.00s
[2026-03-25T20:42:09.692+0900][12.316s][info][gc,start       ] GC(285) Pause Young (Allocation Failure)
[2026-03-25T20:42:09.693+0900][12.318s][info][gc,heap        ] GC(285) PSYoungGen: 82433K(83456K)->3008K(83456K) Eden: 79681K(79872K)->0K(79872K) From: 2752K(3584K)->3008K(3584K)
[2026-03-25T20:42:09.693+0900][12.318s][info][gc,heap        ] GC(285) ParOldGen: 104349K(175104K)->106949K(175104K)
[2026-03-25T20:42:09.693+0900][12.318s][info][gc,metaspace   ] GC(285) Metaspace: 5950K(6144K)->5950K(6144K) NonClass: 5319K(5440K)->5319K(5440K) Class: 631K(704K)->631K(704K)
[2026-03-25T20:42:09.693+0900][12.318s][info][gc             ] GC(285) Pause Young (Allocation Failure) 182M->107M(252M) 1.263ms
[2026-03-25T20:42:09.693+0900][12.318s][info][gc,cpu         ] GC(285) User=0.01s Sys=0.00s Real=0.00s
[2026-03-25T20:42:09.746+0900][12.370s][info][gc,start       ] GC(286) Pause Young (Allocation Failure)
[2026-03-25T20:42:09.748+0900][12.372s][info][gc,heap        ] GC(286) PSYoungGen: 82689K(83456K)->3008K(83456K) Eden: 79681K(79872K)->0K(79872K) From: 3008K(3584K)->3008K(3584K)
[2026-03-25T20:42:09.748+0900][12.372s][info][gc,heap        ] GC(286) ParOldGen: 106949K(175104K)->109797K(175104K)
[2026-03-25T20:42:09.748+0900][12.372s][info][gc,metaspace   ] GC(286) Metaspace: 5950K(6144K)->5950K(6144K) NonClass: 5319K(5440K)->5319K(5440K) Class: 631K(704K)->631K(704K)
[2026-03-25T20:42:09.748+0900][12.372s][info][gc             ] GC(286) Pause Young (Allocation Failure) 185M->110M(252M) 1.733ms
[2026-03-25T20:42:09.748+0900][12.372s][info][gc,cpu         ] GC(286) User=0.00s Sys=0.00s Real=0.00s
[2026-03-25T20:42:09.750+0900][12.375s][info][gc,start       ] GC(287) Pause Young (Allocation Failure)
[2026-03-25T20:42:09.751+0900][12.375s][info][gc,heap        ] GC(287) PSYoungGen: 82689K(83456K)->2720K(83456K) Eden: 79681K(79872K)->0K(79872K) From: 3008K(3584K)->2720K(3584K)
[2026-03-25T20:42:09.751+0900][12.375s][info][gc,heap        ] GC(287) ParOldGen: 109797K(175104K)->112654K(175104K)
[2026-03-25T20:42:09.751+0900][12.375s][info][gc,metaspace   ] GC(287) Metaspace: 5950K(6144K)->5950K(6144K) NonClass: 5319K(5440K)->5319K(5440K) Class: 631K(704K)->631K(704K)
[2026-03-25T20:42:09.751+0900][12.375s][info][gc             ] GC(287) Pause Young (Allocation Failure) 187M->112M(252M) 0.853ms
[2026-03-25T20:42:09.751+0900][12.376s][info][gc,cpu         ] GC(287) User=0.00s Sys=0.00s Real=0.00s
[2026-03-25T20:42:09.806+0900][12.431s][info][gc,start       ] GC(288) Pause Young (Allocation Failure)
[2026-03-25T20:42:09.808+0900][12.433s][info][gc,heap        ] GC(288) PSYoungGen: 82438K(83456K)->2688K(83456K) Eden: 79718K(79872K)->0K(79872K) From: 2720K(3584K)->2688K(3584K)
[2026-03-25T20:42:09.808+0900][12.433s][info][gc,heap        ] GC(288) ParOldGen: 112654K(175104K)->115238K(175104K)
[2026-03-25T20:42:09.808+0900][12.433s][info][gc,metaspace   ] GC(288) Metaspace: 5955K(6144K)->5955K(6144K) NonClass: 5324K(5440K)->5324K(5440K) Class: 631K(704K)->631K(704K)
[2026-03-25T20:42:09.808+0900][12.433s][info][gc             ] GC(288) Pause Young (Allocation Failure) 190M->115M(252M) 1.943ms
[2026-03-25T20:42:09.808+0900][12.433s][info][gc,cpu         ] GC(288) User=0.00s Sys=0.00s Real=0.00s
[2026-03-25T20:42:09.866+0900][12.491s][info][gc,start       ] GC(289) Pause Young (Allocation Failure)
[2026-03-25T20:42:09.868+0900][12.492s][info][gc,heap        ] GC(289) PSYoungGen: 82369K(83456K)->3008K(83456K) Eden: 79680K(79872K)->0K(79872K) From: 2688K(3584K)->3008K(3584K)
[2026-03-25T20:42:09.868+0900][12.493s][info][gc,heap        ] GC(289) ParOldGen: 115238K(175104K)->117838K(175104K)
[2026-03-25T20:42:09.868+0900][12.493s][info][gc,metaspace   ] GC(289) Metaspace: 5955K(6144K)->5955K(6144K) NonClass: 5324K(5440K)->5324K(5440K) Class: 631K(704K)->631K(704K)
[2026-03-25T20:42:09.868+0900][12.493s][info][gc             ] GC(289) Pause Young (Allocation Failure) 192M->118M(252M) 1.599ms
[2026-03-25T20:42:09.868+0900][12.493s][info][gc,cpu         ] GC(289) User=0.01s Sys=0.00s Real=0.00s
[2026-03-25T20:42:09.926+0900][12.550s][info][gc,start       ] GC(290) Pause Young (Allocation Failure)
[2026-03-25T20:42:09.927+0900][12.552s][info][gc,heap        ] GC(290) PSYoungGen: 82689K(83456K)->3008K(83456K) Eden: 79680K(79872K)->0K(79872K) From: 3008K(3584K)->3008K(3584K)
[2026-03-25T20:42:09.927+0900][12.552s][info][gc,heap        ] GC(290) ParOldGen: 117838K(175104K)->120694K(175104K)
[2026-03-25T20:42:09.927+0900][12.552s][info][gc,metaspace   ] GC(290) Metaspace: 5955K(6144K)->5955K(6144K) NonClass: 5324K(5440K)->5324K(5440K) Class: 631K(704K)->631K(704K)
[2026-03-25T20:42:09.927+0900][12.552s][info][gc             ] GC(290) Pause Young (Allocation Failure) 195M->120M(252M) 1.458ms
[2026-03-25T20:42:09.927+0900][12.552s][info][gc,cpu         ] GC(290) User=0.01s Sys=0.00s Real=0.00s
[2026-03-25T20:42:09.929+0900][12.554s][info][gc,start       ] GC(291) Pause Young (Allocation Failure)
[2026-03-25T20:42:09.930+0900][12.555s][info][gc,heap        ] GC(291) PSYoungGen: 82689K(83456K)->2720K(83456K) Eden: 79681K(79872K)->0K(79872K) From: 3008K(3584K)->2720K(3584K)
[2026-03-25T20:42:09.930+0900][12.555s][info][gc,heap        ] GC(291) ParOldGen: 120694K(175104K)->123542K(175104K)
[2026-03-25T20:42:09.930+0900][12.555s][info][gc,metaspace   ] GC(291) Metaspace: 5955K(6144K)->5955K(6144K) NonClass: 5324K(5440K)->5324K(5440K) Class: 631K(704K)->631K(704K)
[2026-03-25T20:42:09.930+0900][12.555s][info][gc             ] GC(291) Pause Young (Allocation Failure) 198M->123M(252M) 0.869ms
[2026-03-25T20:42:09.930+0900][12.555s][info][gc,cpu         ] GC(291) User=0.00s Sys=0.00s Real=0.01s
[2026-03-25T20:42:09.988+0900][12.613s][info][gc,start       ] GC(292) Pause Young (Allocation Failure)
[2026-03-25T20:42:09.990+0900][12.615s][info][gc,heap        ] GC(292) PSYoungGen: 82401K(83456K)->2688K(83456K) Eden: 79681K(79872K)->0K(79872K) From: 2720K(3584K)->2688K(3584K)
[2026-03-25T20:42:09.990+0900][12.615s][info][gc,heap        ] GC(292) ParOldGen: 123542K(175104K)->126118K(175104K)
[2026-03-25T20:42:09.990+0900][12.615s][info][gc,metaspace   ] GC(292) Metaspace: 5955K(6144K)->5955K(6144K) NonClass: 5324K(5440K)->5324K(5440K) Class: 631K(704K)->631K(704K)
[2026-03-25T20:42:09.990+0900][12.615s][info][gc             ] GC(292) Pause Young (Allocation Failure) 201M->125M(252M) 1.893ms
[2026-03-25T20:42:09.990+0900][12.615s][info][gc,cpu         ] GC(292) User=0.00s Sys=0.00s Real=0.01s
[2026-03-25T20:42:10.048+0900][12.673s][info][gc,start       ] GC(293) Pause Young (Allocation Failure)
[2026-03-25T20:42:10.050+0900][12.674s][info][gc,heap        ] GC(293) PSYoungGen: 82369K(83456K)->2976K(83456K) Eden: 79681K(79872K)->0K(79872K) From: 2688K(3584K)->2976K(3584K)
[2026-03-25T20:42:10.050+0900][12.674s][info][gc,heap        ] GC(293) ParOldGen: 126118K(175104K)->128711K(175104K)
[2026-03-25T20:42:10.050+0900][12.674s][info][gc,metaspace   ] GC(293) Metaspace: 5955K(6144K)->5955K(6144K) NonClass: 5324K(5440K)->5324K(5440K) Class: 631K(704K)->631K(704K)
[2026-03-25T20:42:10.050+0900][12.674s][info][gc             ] GC(293) Pause Young (Allocation Failure) 203M->128M(252M) 1.585ms
[2026-03-25T20:42:10.050+0900][12.674s][info][gc,cpu         ] GC(293) User=0.01s Sys=0.01s Real=0.01s
[2026-03-25T20:42:10.105+0900][12.729s][info][gc,start       ] GC(294) Pause Young (Allocation Failure)
[2026-03-25T20:42:10.107+0900][12.731s][info][gc,heap        ] GC(294) PSYoungGen: 82657K(83456K)->2944K(83456K) Eden: 79681K(79872K)->0K(79872K) From: 2976K(3584K)->2944K(3584K)
[2026-03-25T20:42:10.107+0900][12.731s][info][gc,heap        ] GC(294) ParOldGen: 128711K(175104K)->131551K(175104K)
[2026-03-25T20:42:10.107+0900][12.731s][info][gc,metaspace   ] GC(294) Metaspace: 5955K(6144K)->5955K(6144K) NonClass: 5324K(5440K)->5324K(5440K) Class: 631K(704K)->631K(704K)
[2026-03-25T20:42:10.107+0900][12.731s][info][gc             ] GC(294) Pause Young (Allocation Failure) 206M->131M(252M) 1.761ms
[2026-03-25T20:42:10.107+0900][12.731s][info][gc,cpu         ] GC(294) User=0.00s Sys=0.00s Real=0.00s
[2026-03-25T20:42:10.109+0900][12.734s][info][gc,start       ] GC(295) Pause Young (Allocation Failure)
[2026-03-25T20:42:10.110+0900][12.734s][info][gc,heap        ] GC(295) PSYoungGen: 82625K(83456K)->2752K(83456K) Eden: 79681K(79872K)->0K(79872K) From: 2944K(3584K)->2752K(3584K)
[2026-03-25T20:42:10.110+0900][12.734s][info][gc,heap        ] GC(295) ParOldGen: 131551K(175104K)->134407K(175104K)
[2026-03-25T20:42:10.110+0900][12.734s][info][gc,metaspace   ] GC(295) Metaspace: 5955K(6144K)->5955K(6144K) NonClass: 5324K(5440K)->5324K(5440K) Class: 631K(704K)->631K(704K)
[2026-03-25T20:42:10.110+0900][12.734s][info][gc             ] GC(295) Pause Young (Allocation Failure) 209M->133M(252M) 0.920ms
[2026-03-25T20:42:10.110+0900][12.734s][info][gc,cpu         ] GC(295) User=0.00s Sys=0.00s Real=0.01s
[2026-03-25T20:42:10.168+0900][12.792s][info][gc,start       ] GC(296) Pause Young (Allocation Failure)
[2026-03-25T20:42:10.169+0900][12.794s][info][gc,heap        ] GC(296) PSYoungGen: 82433K(83456K)->2976K(83456K) Eden: 79681K(79872K)->0K(79872K) From: 2752K(3584K)->2976K(3584K)
[2026-03-25T20:42:10.169+0900][12.794s][info][gc,heap        ] GC(296) ParOldGen: 134407K(175104K)->137007K(175104K)
[2026-03-25T20:42:10.169+0900][12.794s][info][gc,metaspace   ] GC(296) Metaspace: 5955K(6144K)->5955K(6144K) NonClass: 5324K(5440K)->5324K(5440K) Class: 631K(704K)->631K(704K)
[2026-03-25T20:42:10.169+0900][12.794s][info][gc             ] GC(296) Pause Young (Allocation Failure) 211M->136M(252M) 1.488ms
[2026-03-25T20:42:10.169+0900][12.794s][info][gc,cpu         ] GC(296) User=0.01s Sys=0.00s Real=0.00s
[2026-03-25T20:42:10.226+0900][12.850s][info][gc,start       ] GC(297) Pause Young (Allocation Failure)
[2026-03-25T20:42:10.227+0900][12.851s][info][gc,heap        ] GC(297) PSYoungGen: 82657K(83456K)->2688K(83456K) Eden: 79681K(79872K)->0K(79872K) From: 2976K(3584K)->2688K(3584K)
[2026-03-25T20:42:10.227+0900][12.851s][info][gc,heap        ] GC(297) ParOldGen: 137007K(175104K)->139855K(175104K)
[2026-03-25T20:42:10.227+0900][12.851s][info][gc,metaspace   ] GC(297) Metaspace: 5955K(6144K)->5955K(6144K) NonClass: 5324K(5440K)->5324K(5440K) Class: 631K(704K)->631K(704K)
[2026-03-25T20:42:10.227+0900][12.851s][info][gc             ] GC(297) Pause Young (Allocation Failure) 214M->139M(252M) 1.188ms
[2026-03-25T20:42:10.227+0900][12.851s][info][gc,cpu         ] GC(297) User=0.00s Sys=0.00s Real=0.00s
[2026-03-25T20:42:10.285+0900][12.909s][info][gc,start       ] GC(298) Pause Young (Allocation Failure)
[2026-03-25T20:42:10.286+0900][12.910s][info][gc,heap        ] GC(298) PSYoungGen: 82369K(83456K)->3040K(83456K) Eden: 79681K(79872K)->0K(79872K) From: 2688K(3584K)->3040K(3584K)
[2026-03-25T20:42:10.286+0900][12.910s][info][gc,heap        ] GC(298) ParOldGen: 139855K(175104K)->142455K(175104K)
[2026-03-25T20:42:10.286+0900][12.910s][info][gc,metaspace   ] GC(298) Metaspace: 5955K(6144K)->5955K(6144K) NonClass: 5324K(5440K)->5324K(5440K) Class: 631K(704K)->631K(704K)
[2026-03-25T20:42:10.286+0900][12.910s][info][gc             ] GC(298) Pause Young (Allocation Failure) 217M->142M(252M) 1.200ms
[2026-03-25T20:42:10.286+0900][12.910s][info][gc,cpu         ] GC(298) User=0.00s Sys=0.00s Real=0.00s
[2026-03-25T20:42:10.288+0900][12.912s][info][gc,start       ] GC(299) Pause Young (Allocation Failure)
[2026-03-25T20:42:10.288+0900][12.913s][info][gc,heap        ] GC(299) PSYoungGen: 82721K(83456K)->2752K(83456K) Eden: 79681K(79872K)->0K(79872K) From: 3040K(3584K)->2752K(3584K)
[2026-03-25T20:42:10.288+0900][12.913s][info][gc,heap        ] GC(299) ParOldGen: 142455K(175104K)->145312K(175104K)
[2026-03-25T20:42:10.288+0900][12.913s][info][gc,metaspace   ] GC(299) Metaspace: 5955K(6144K)->5955K(6144K) NonClass: 5324K(5440K)->5324K(5440K) Class: 631K(704K)->631K(704K)
[2026-03-25T20:42:10.288+0900][12.913s][info][gc             ] GC(299) Pause Young (Allocation Failure) 219M->144M(252M) 0.748ms
[2026-03-25T20:42:10.288+0900][12.913s][info][gc,cpu         ] GC(299) User=0.00s Sys=0.00s Real=0.00s
[2026-03-25T20:42:10.345+0900][12.970s][info][gc,start       ] GC(300) Pause Young (Allocation Failure)
[2026-03-25T20:42:10.346+0900][12.971s][info][gc,heap        ] GC(300) PSYoungGen: 82433K(83456K)->3008K(83456K) Eden: 79681K(79872K)->0K(79872K) From: 2752K(3584K)->3008K(3584K)
[2026-03-25T20:42:10.346+0900][12.971s][info][gc,heap        ] GC(300) ParOldGen: 145312K(175104K)->147904K(175104K)
[2026-03-25T20:42:10.346+0900][12.971s][info][gc,metaspace   ] GC(300) Metaspace: 5955K(6144K)->5955K(6144K) NonClass: 5324K(5440K)->5324K(5440K) Class: 631K(704K)->631K(704K)
[2026-03-25T20:42:10.346+0900][12.971s][info][gc             ] GC(300) Pause Young (Allocation Failure) 222M->147M(252M) 0.938ms
[2026-03-25T20:42:10.346+0900][12.971s][info][gc,cpu         ] GC(300) User=0.00s Sys=0.00s Real=0.00s
[2026-03-25T20:42:10.403+0900][13.028s][info][gc,start       ] GC(301) Pause Young (Allocation Failure)
[2026-03-25T20:42:10.405+0900][13.030s][info][gc,heap        ] GC(301) PSYoungGen: 82689K(83456K)->2688K(83456K) Eden: 79681K(79872K)->0K(79872K) From: 3008K(3584K)->2688K(3584K)
[2026-03-25T20:42:10.405+0900][13.030s][info][gc,heap        ] GC(301) ParOldGen: 147904K(175104K)->150760K(175104K)
[2026-03-25T20:42:10.405+0900][13.030s][info][gc,metaspace   ] GC(301) Metaspace: 5955K(6144K)->5955K(6144K) NonClass: 5324K(5440K)->5324K(5440K) Class: 631K(704K)->631K(704K)
[2026-03-25T20:42:10.406+0900][13.030s][info][gc             ] GC(301) Pause Young (Allocation Failure) 225M->149M(252M) 2.069ms
[2026-03-25T20:42:10.406+0900][13.030s][info][gc,cpu         ] GC(301) User=0.01s Sys=0.00s Real=0.00s
[2026-03-25T20:42:10.460+0900][13.084s][info][gc,start       ] GC(302) Pause Young (Allocation Failure)
[2026-03-25T20:42:10.461+0900][13.085s][info][gc,heap        ] GC(302) PSYoungGen: 82369K(83456K)->3008K(83456K) Eden: 79681K(79872K)->0K(79872K) From: 2688K(3584K)->3008K(3584K)
[2026-03-25T20:42:10.461+0900][13.085s][info][gc,heap        ] GC(302) ParOldGen: 150760K(175104K)->153360K(175104K)
[2026-03-25T20:42:10.461+0900][13.085s][info][gc,metaspace   ] GC(302) Metaspace: 5955K(6144K)->5955K(6144K) NonClass: 5324K(5440K)->5324K(5440K) Class: 631K(704K)->631K(704K)
[2026-03-25T20:42:10.461+0900][13.086s][info][gc             ] GC(302) Pause Young (Allocation Failure) 227M->152M(252M) 1.441ms
[2026-03-25T20:42:10.461+0900][13.086s][info][gc,cpu         ] GC(302) User=0.00s Sys=0.00s Real=0.00s
[2026-03-25T20:42:10.463+0900][13.088s][info][gc,start       ] GC(303) Pause Young (Allocation Failure)
[2026-03-25T20:42:10.464+0900][13.089s][info][gc,heap        ] GC(303) PSYoungGen: 82689K(83456K)->2752K(83456K) Eden: 79681K(79872K)->0K(79872K) From: 3008K(3584K)->2752K(3584K)
[2026-03-25T20:42:10.464+0900][13.089s][info][gc,heap        ] GC(303) ParOldGen: 153360K(175104K)->156208K(175104K)
[2026-03-25T20:42:10.464+0900][13.089s][info][gc,metaspace   ] GC(303) Metaspace: 5955K(6144K)->5955K(6144K) NonClass: 5324K(5440K)->5324K(5440K) Class: 631K(704K)->631K(704K)
[2026-03-25T20:42:10.464+0900][13.089s][info][gc             ] GC(303) Pause Young (Allocation Failure) 230M->155M(252M) 0.784ms
[2026-03-25T20:42:10.464+0900][13.089s][info][gc,cpu         ] GC(303) User=0.00s Sys=0.00s Real=0.00s
[2026-03-25T20:42:10.519+0900][13.144s][info][gc,start       ] GC(304) Pause Young (Allocation Failure)
[2026-03-25T20:42:10.520+0900][13.145s][info][gc,heap        ] GC(304) PSYoungGen: 82433K(83456K)->2976K(83456K) Eden: 79681K(79872K)->0K(79872K) From: 2752K(3584K)->2976K(3584K)
[2026-03-25T20:42:10.520+0900][13.145s][info][gc,heap        ] GC(304) ParOldGen: 156208K(175104K)->158800K(175104K)
[2026-03-25T20:42:10.520+0900][13.145s][info][gc,metaspace   ] GC(304) Metaspace: 5955K(6144K)->5955K(6144K) NonClass: 5324K(5440K)->5324K(5440K) Class: 631K(704K)->631K(704K)
[2026-03-25T20:42:10.521+0900][13.145s][info][gc             ] GC(304) Pause Young (Allocation Failure) 233M->157M(252M) 1.197ms
[2026-03-25T20:42:10.521+0900][13.145s][info][gc,cpu         ] GC(304) User=0.01s Sys=0.00s Real=0.01s
[2026-03-25T20:42:10.575+0900][13.199s][info][gc,start       ] GC(305) Pause Young (Allocation Failure)
[2026-03-25T20:42:10.576+0900][13.200s][info][gc,heap        ] GC(305) PSYoungGen: 82657K(83456K)->2752K(83456K) Eden: 79681K(79872K)->0K(79872K) From: 2976K(3584K)->2752K(3584K)
[2026-03-25T20:42:10.576+0900][13.200s][info][gc,heap        ] GC(305) ParOldGen: 158800K(175104K)->161657K(175104K)
[2026-03-25T20:42:10.576+0900][13.200s][info][gc,metaspace   ] GC(305) Metaspace: 5955K(6144K)->5955K(6144K) NonClass: 5324K(5440K)->5324K(5440K) Class: 631K(704K)->631K(704K)
[2026-03-25T20:42:10.576+0900][13.200s][info][gc             ] GC(305) Pause Young (Allocation Failure) 235M->160M(252M) 1.302ms
[2026-03-25T20:42:10.576+0900][13.200s][info][gc,cpu         ] GC(305) User=0.00s Sys=0.00s Real=0.00s
[2026-03-25T20:42:10.631+0900][13.256s][info][gc,start       ] GC(306) Pause Young (Allocation Failure)
[2026-03-25T20:42:10.633+0900][13.257s][info][gc,heap        ] GC(306) PSYoungGen: 82433K(83456K)->3008K(83456K) Eden: 79681K(79872K)->0K(79872K) From: 2752K(3584K)->3008K(3584K)
[2026-03-25T20:42:10.633+0900][13.257s][info][gc,heap        ] GC(306) ParOldGen: 161657K(175104K)->164249K(175104K)
[2026-03-25T20:42:10.633+0900][13.257s][info][gc,metaspace   ] GC(306) Metaspace: 5955K(6144K)->5955K(6144K) NonClass: 5324K(5440K)->5324K(5440K) Class: 631K(704K)->631K(704K)
[2026-03-25T20:42:10.633+0900][13.257s][info][gc             ] GC(306) Pause Young (Allocation Failure) 238M->163M(252M) 1.519ms
[2026-03-25T20:42:10.633+0900][13.257s][info][gc,cpu         ] GC(306) User=0.00s Sys=0.00s Real=0.00s
[2026-03-25T20:42:10.635+0900][13.260s][info][gc,start       ] GC(307) Pause Young (Allocation Failure)
[2026-03-25T20:42:10.636+0900][13.261s][info][gc,heap        ] GC(307) PSYoungGen: 82689K(83456K)->2720K(83456K) Eden: 79681K(79872K)->0K(79872K) From: 3008K(3584K)->2720K(3584K)
[2026-03-25T20:42:10.637+0900][13.261s][info][gc,heap        ] GC(307) ParOldGen: 164249K(175104K)->167097K(175104K)
[2026-03-25T20:42:10.637+0900][13.261s][info][gc,metaspace   ] GC(307) Metaspace: 5955K(6144K)->5955K(6144K) NonClass: 5324K(5440K)->5324K(5440K) Class: 631K(704K)->631K(704K)
[2026-03-25T20:42:10.637+0900][13.261s][info][gc             ] GC(307) Pause Young (Allocation Failure) 241M->165M(252M) 1.465ms
[2026-03-25T20:42:10.637+0900][13.261s][info][gc,cpu         ] GC(307) User=0.01s Sys=0.00s Real=0.00s
[2026-03-25T20:42:10.690+0900][13.314s][info][gc,start       ] GC(308) Pause Young (Allocation Failure)
[2026-03-25T20:42:10.691+0900][13.315s][info][gc,heap        ] GC(308) PSYoungGen: 82401K(83456K)->3008K(83456K) Eden: 79681K(79872K)->0K(79872K) From: 2720K(3584K)->3008K(3584K)
[2026-03-25T20:42:10.691+0900][13.315s][info][gc,heap        ] GC(308) ParOldGen: 167097K(175104K)->169697K(175104K)
[2026-03-25T20:42:10.691+0900][13.315s][info][gc,metaspace   ] GC(308) Metaspace: 5955K(6144K)->5955K(6144K) NonClass: 5324K(5440K)->5324K(5440K) Class: 631K(704K)->631K(704K)
[2026-03-25T20:42:10.691+0900][13.315s][info][gc             ] GC(308) Pause Young (Allocation Failure) 243M->168M(252M) 1.348ms
[2026-03-25T20:42:10.691+0900][13.315s][info][gc,cpu         ] GC(308) User=0.01s Sys=0.01s Real=0.00s
[2026-03-25T20:42:10.749+0900][13.373s][info][gc,start       ] GC(309) Pause Young (Allocation Failure)
[2026-03-25T20:42:10.751+0900][13.375s][info][gc,heap        ] GC(309) PSYoungGen: 82689K(83456K)->2752K(83456K) Eden: 79681K(79872K)->0K(79872K) From: 3008K(3584K)->2752K(3584K)
[2026-03-25T20:42:10.751+0900][13.375s][info][gc,heap        ] GC(309) ParOldGen: 169697K(175104K)->172537K(175104K)
[2026-03-25T20:42:10.751+0900][13.375s][info][gc,metaspace   ] GC(309) Metaspace: 5955K(6144K)->5955K(6144K) NonClass: 5324K(5440K)->5324K(5440K) Class: 631K(704K)->631K(704K)
[2026-03-25T20:42:10.751+0900][13.375s][info][gc             ] GC(309) Pause Young (Allocation Failure) 246M->171M(252M) 1.656ms
[2026-03-25T20:42:10.751+0900][13.375s][info][gc,cpu         ] GC(309) User=0.00s Sys=0.00s Real=0.01s
[2026-03-25T20:42:10.805+0900][13.430s][info][gc,start       ] GC(310) Pause Young (Allocation Failure)
[2026-03-25T20:42:10.807+0900][13.431s][info][gc,heap        ] GC(310) PSYoungGen: 82434K(83456K)->2976K(83456K) Eden: 79681K(79872K)->0K(79872K) From: 2752K(3584K)->2976K(3584K)
[2026-03-25T20:42:10.807+0900][13.431s][info][gc,heap        ] GC(310) ParOldGen: 172537K(175104K)->175137K(175616K)
[2026-03-25T20:42:10.807+0900][13.431s][info][gc,metaspace   ] GC(310) Metaspace: 5976K(6144K)->5976K(6144K) NonClass: 5345K(5440K)->5345K(5440K) Class: 631K(704K)->631K(704K)
[2026-03-25T20:42:10.807+0900][13.431s][info][gc             ] GC(310) Pause Young (Allocation Failure) 248M->173M(253M) 1.700ms
[2026-03-25T20:42:10.807+0900][13.431s][info][gc,cpu         ] GC(310) User=0.01s Sys=0.00s Real=0.00s
[2026-03-25T20:42:10.809+0900][13.434s][info][gc,start       ] GC(311) Pause Young (Allocation Failure)
[2026-03-25T20:42:10.810+0900][13.435s][info][gc,heap        ] GC(311) PSYoungGen: 82655K(83456K)->2656K(83456K) Eden: 79679K(79872K)->0K(79872K) From: 2976K(3584K)->2656K(3584K)
[2026-03-25T20:42:10.810+0900][13.435s][info][gc,heap        ] GC(311) ParOldGen: 175137K(175616K)->178010K(178176K)
[2026-03-25T20:42:10.810+0900][13.435s][info][gc,metaspace   ] GC(311) Metaspace: 5976K(6144K)->5976K(6144K) NonClass: 5345K(5440K)->5345K(5440K) Class: 631K(704K)->631K(704K)
[2026-03-25T20:42:10.810+0900][13.435s][info][gc             ] GC(311) Pause Young (Allocation Failure) 251M->176M(255M) 1.303ms
[2026-03-25T20:42:10.810+0900][13.435s][info][gc,cpu         ] GC(311) User=0.00s Sys=0.00s Real=0.01s
[2026-03-25T20:42:10.864+0900][13.489s][info][gc,start       ] GC(312) Pause Young (Allocation Failure)
[2026-03-25T20:42:10.866+0900][13.490s][info][gc,heap        ] GC(312) PSYoungGen: 82336K(83456K)->2912K(83456K) Eden: 79679K(79872K)->0K(79872K) From: 2656K(3584K)->2912K(3584K)
[2026-03-25T20:42:10.866+0900][13.490s][info][gc,heap        ] GC(312) ParOldGen: 178010K(178176K)->180626K(180736K)
[2026-03-25T20:42:10.866+0900][13.490s][info][gc,metaspace   ] GC(312) Metaspace: 5976K(6144K)->5976K(6144K) NonClass: 5345K(5440K)->5345K(5440K) Class: 631K(704K)->631K(704K)
[2026-03-25T20:42:10.866+0900][13.490s][info][gc             ] GC(312) Pause Young (Allocation Failure) 254M->179M(258M) 1.664ms
[2026-03-25T20:42:10.866+0900][13.490s][info][gc,cpu         ] GC(312) User=0.00s Sys=0.00s Real=0.00s
[2026-03-25T20:42:10.923+0900][13.547s][info][gc,start       ] GC(313) Pause Young (Allocation Failure)
[2026-03-25T20:42:10.924+0900][13.548s][info][gc,heap        ] GC(313) PSYoungGen: 82592K(83456K)->2720K(83456K) Eden: 79680K(79872K)->0K(79872K) From: 2912K(3584K)->2720K(3584K)
[2026-03-25T20:42:10.924+0900][13.548s][info][gc,heap        ] GC(313) ParOldGen: 180626K(180736K)->183482K(183808K)
[2026-03-25T20:42:10.924+0900][13.548s][info][gc,metaspace   ] GC(313) Metaspace: 5976K(6144K)->5976K(6144K) NonClass: 5345K(5440K)->5345K(5440K) Class: 631K(704K)->631K(704K)
[2026-03-25T20:42:10.924+0900][13.548s][info][gc             ] GC(313) Pause Young (Allocation Failure) 257M->181M(261M) 1.104ms
[2026-03-25T20:42:10.924+0900][13.548s][info][gc,cpu         ] GC(313) User=0.01s Sys=0.00s Real=0.00s
[2026-03-25T20:42:10.978+0900][13.603s][info][gc,start       ] GC(314) Pause Young (Allocation Failure)
[2026-03-25T20:42:10.980+0900][13.605s][info][gc,heap        ] GC(314) PSYoungGen: 82400K(83456K)->3008K(83456K) Eden: 79680K(79872K)->0K(79872K) From: 2720K(3584K)->3008K(3584K)
[2026-03-25T20:42:10.980+0900][13.605s][info][gc,heap        ] GC(314) ParOldGen: 183482K(183808K)->186098K(186368K)
[2026-03-25T20:42:10.980+0900][13.605s][info][gc,metaspace   ] GC(314) Metaspace: 5976K(6144K)->5976K(6144K) NonClass: 5345K(5440K)->5345K(5440K) Class: 631K(704K)->631K(704K)
[2026-03-25T20:42:10.980+0900][13.605s][info][gc             ] GC(314) Pause Young (Allocation Failure) 259M->184M(263M) 1.881ms
[2026-03-25T20:42:10.980+0900][13.605s][info][gc,cpu         ] GC(314) User=0.00s Sys=0.00s Real=0.01s
[2026-03-25T20:42:10.983+0900][13.607s][info][gc,start       ] GC(315) Pause Young (Allocation Failure)
[2026-03-25T20:42:10.984+0900][13.609s][info][gc,heap        ] GC(315) PSYoungGen: 82688K(83456K)->2688K(83456K) Eden: 79680K(79872K)->0K(79872K) From: 3008K(3584K)->2688K(3584K)
[2026-03-25T20:42:10.984+0900][13.609s][info][gc,heap        ] GC(315) ParOldGen: 186098K(186368K)->188970K(189440K)
[2026-03-25T20:42:10.984+0900][13.609s][info][gc,metaspace   ] GC(315) Metaspace: 5976K(6144K)->5976K(6144K) NonClass: 5345K(5440K)->5345K(5440K) Class: 631K(704K)->631K(704K)
[2026-03-25T20:42:10.984+0900][13.609s][info][gc             ] GC(315) Pause Young (Allocation Failure) 262M->187M(266M) 1.348ms
[2026-03-25T20:42:10.984+0900][13.609s][info][gc,cpu         ] GC(315) User=0.00s Sys=0.01s Real=0.00s
[2026-03-25T20:42:11.040+0900][13.665s][info][gc,start       ] GC(316) Pause Young (Allocation Failure)
[2026-03-25T20:42:11.042+0900][13.667s][info][gc,heap        ] GC(316) PSYoungGen: 82369K(83456K)->2880K(83456K) Eden: 79680K(79872K)->0K(79872K) From: 2688K(3584K)->2880K(3584K)
[2026-03-25T20:42:11.042+0900][13.667s][info][gc,heap        ] GC(316) ParOldGen: 188970K(189440K)->191570K(192000K)
[2026-03-25T20:42:11.042+0900][13.667s][info][gc,metaspace   ] GC(316) Metaspace: 5976K(6144K)->5976K(6144K) NonClass: 5345K(5440K)->5345K(5440K) Class: 631K(704K)->631K(704K)
[2026-03-25T20:42:11.042+0900][13.667s][info][gc             ] GC(316) Pause Young (Allocation Failure) 264M->189M(269M) 2.228ms
[2026-03-25T20:42:11.043+0900][13.667s][info][gc,cpu         ] GC(316) User=0.01s Sys=0.00s Real=0.00s
[2026-03-25T20:42:11.096+0900][13.721s][info][gc,start       ] GC(317) Pause Young (Allocation Failure)
[2026-03-25T20:42:11.097+0900][13.722s][info][gc,heap        ] GC(317) PSYoungGen: 82561K(83456K)->2976K(83456K) Eden: 79680K(79872K)->0K(79872K) From: 2880K(3584K)->2976K(3584K)
[2026-03-25T20:42:11.097+0900][13.722s][info][gc,heap        ] GC(317) ParOldGen: 191570K(192000K)->194443K(194560K)
[2026-03-25T20:42:11.097+0900][13.722s][info][gc,metaspace   ] GC(317) Metaspace: 5976K(6144K)->5976K(6144K) NonClass: 5345K(5440K)->5345K(5440K) Class: 631K(704K)->631K(704K)
[2026-03-25T20:42:11.098+0900][13.722s][info][gc             ] GC(317) Pause Young (Allocation Failure) 267M->192M(271M) 1.532ms
[2026-03-25T20:42:11.098+0900][13.722s][info][gc,cpu         ] GC(317) User=0.00s Sys=0.00s Real=0.00s
[2026-03-25T20:42:11.156+0900][13.780s][info][gc,start       ] GC(318) Pause Young (Allocation Failure)
[2026-03-25T20:42:11.158+0900][13.783s][info][gc,heap        ] GC(318) PSYoungGen: 82657K(83456K)->2944K(83456K) Eden: 79681K(79872K)->0K(79872K) From: 2976K(3584K)->2944K(3584K)
[2026-03-25T20:42:11.158+0900][13.783s][info][gc,heap        ] GC(318) ParOldGen: 194443K(194560K)->197051K(197120K)
[2026-03-25T20:42:11.158+0900][13.783s][info][gc,metaspace   ] GC(318) Metaspace: 5976K(6144K)->5976K(6144K) NonClass: 5345K(5440K)->5345K(5440K) Class: 631K(704K)->631K(704K)
[2026-03-25T20:42:11.158+0900][13.783s][info][gc             ] GC(318) Pause Young (Allocation Failure) 270M->195M(274M) 2.339ms
[2026-03-25T20:42:11.158+0900][13.783s][info][gc,cpu         ] GC(318) User=0.00s Sys=0.00s Real=0.00s
[2026-03-25T20:42:11.160+0900][13.784s][info][gc,start       ] GC(319) Pause Young (Allocation Failure)
[2026-03-25T20:42:11.161+0900][13.785s][info][gc,heap        ] GC(319) PSYoungGen: 82625K(83456K)->2656K(83456K) Eden: 79681K(79872K)->0K(79872K) From: 2944K(3584K)->2656K(3584K)
[2026-03-25T20:42:11.161+0900][13.785s][info][gc,heap        ] GC(319) ParOldGen: 197051K(197120K)->199923K(200192K)
[2026-03-25T20:42:11.161+0900][13.785s][info][gc,metaspace   ] GC(319) Metaspace: 5976K(6144K)->5976K(6144K) NonClass: 5345K(5440K)->5345K(5440K) Class: 631K(704K)->631K(704K)
[2026-03-25T20:42:11.161+0900][13.785s][info][gc             ] GC(319) Pause Young (Allocation Failure) 273M->197M(277M) 0.988ms
[2026-03-25T20:42:11.161+0900][13.785s][info][gc,cpu         ] GC(319) User=0.00s Sys=0.00s Real=0.00s
[2026-03-25T20:42:11.214+0900][13.839s][info][gc,start       ] GC(320) Pause Young (Allocation Failure)
[2026-03-25T20:42:11.215+0900][13.840s][info][gc,heap        ] GC(320) PSYoungGen: 82337K(83456K)->2976K(83456K) Eden: 79681K(79872K)->0K(79872K) From: 2656K(3584K)->2976K(3584K)
[2026-03-25T20:42:11.215+0900][13.840s][info][gc,heap        ] GC(320) ParOldGen: 199923K(200192K)->202539K(202752K)
[2026-03-25T20:42:11.215+0900][13.840s][info][gc,metaspace   ] GC(320) Metaspace: 5976K(6144K)->5976K(6144K) NonClass: 5345K(5440K)->5345K(5440K) Class: 631K(704K)->631K(704K)
[2026-03-25T20:42:11.215+0900][13.840s][info][gc             ] GC(320) Pause Young (Allocation Failure) 275M->200M(279M) 1.405ms
[2026-03-25T20:42:11.215+0900][13.840s][info][gc,cpu         ] GC(320) User=0.00s Sys=0.01s Real=0.00s
[2026-03-25T20:42:11.270+0900][13.895s][info][gc,start       ] GC(321) Pause Young (Allocation Failure)
[2026-03-25T20:42:11.272+0900][13.896s][info][gc,heap        ] GC(321) PSYoungGen: 82657K(83456K)->2912K(83456K) Eden: 79681K(79872K)->0K(79872K) From: 2976K(3584K)->2912K(3584K)
[2026-03-25T20:42:11.272+0900][13.896s][info][gc,heap        ] GC(321) ParOldGen: 202539K(202752K)->205411K(205824K)
[2026-03-25T20:42:11.272+0900][13.896s][info][gc,metaspace   ] GC(321) Metaspace: 5976K(6144K)->5976K(6144K) NonClass: 5345K(5440K)->5345K(5440K) Class: 631K(704K)->631K(704K)
[2026-03-25T20:42:11.272+0900][13.896s][info][gc             ] GC(321) Pause Young (Allocation Failure) 278M->203M(282M) 1.921ms
[2026-03-25T20:42:11.272+0900][13.896s][info][gc,cpu         ] GC(321) User=0.01s Sys=0.00s Real=0.00s
[2026-03-25T20:42:11.325+0900][13.950s][info][gc,start       ] GC(322) Pause Young (Allocation Failure)
[2026-03-25T20:42:11.327+0900][13.951s][info][gc,heap        ] GC(322) PSYoungGen: 82593K(83456K)->2624K(83456K) Eden: 79681K(79872K)->0K(79872K) From: 2912K(3584K)->2624K(3584K)
[2026-03-25T20:42:11.327+0900][13.951s][info][gc,heap        ] GC(322) ParOldGen: 205411K(205824K)->208283K(208384K)
[2026-03-25T20:42:11.327+0900][13.952s][info][gc,metaspace   ] GC(322) Metaspace: 5976K(6144K)->5976K(6144K) NonClass: 5345K(5440K)->5345K(5440K) Class: 631K(704K)->631K(704K)
[2026-03-25T20:42:11.327+0900][13.952s][info][gc             ] GC(322) Pause Young (Allocation Failure) 281M->205M(285M) 1.635ms
[2026-03-25T20:42:11.327+0900][13.952s][info][gc,cpu         ] GC(322) User=0.00s Sys=0.00s Real=0.00s
[2026-03-25T20:42:11.329+0900][13.954s][info][gc,start       ] GC(323) Pause Young (Allocation Failure)
[2026-03-25T20:42:11.330+0900][13.955s][info][gc,heap        ] GC(323) PSYoungGen: 82305K(83456K)->2688K(83456K) Eden: 79681K(79872K)->0K(79872K) From: 2624K(3584K)->2688K(3584K)
[2026-03-25T20:42:11.331+0900][13.955s][info][gc,heap        ] GC(323) ParOldGen: 208283K(208384K)->210900K(210944K)
[2026-03-25T20:42:11.331+0900][13.955s][info][gc,metaspace   ] GC(323) Metaspace: 5976K(6144K)->5976K(6144K) NonClass: 5345K(5440K)->5345K(5440K) Class: 631K(704K)->631K(704K)
[2026-03-25T20:42:11.331+0900][13.955s][info][gc             ] GC(323) Pause Young (Allocation Failure) 283M->208M(287M) 1.276ms
[2026-03-25T20:42:11.331+0900][13.955s][info][gc,cpu         ] GC(323) User=0.00s Sys=0.00s Real=0.01s
[2026-03-25T20:42:11.388+0900][14.013s][info][gc,start       ] GC(324) Pause Young (Allocation Failure)
[2026-03-25T20:42:11.390+0900][14.014s][info][gc,heap        ] GC(324) PSYoungGen: 82369K(83456K)->2976K(83456K) Eden: 79681K(79872K)->0K(79872K) From: 2688K(3584K)->2976K(3584K)
[2026-03-25T20:42:11.390+0900][14.014s][info][gc,heap        ] GC(324) ParOldGen: 210900K(210944K)->213516K(214016K)
[2026-03-25T20:42:11.390+0900][14.014s][info][gc,metaspace   ] GC(324) Metaspace: 5976K(6144K)->5976K(6144K) NonClass: 5345K(5440K)->5345K(5440K) Class: 631K(704K)->631K(704K)
[2026-03-25T20:42:11.390+0900][14.014s][info][gc             ] GC(324) Pause Young (Allocation Failure) 286M->211M(290M) 1.504ms
[2026-03-25T20:42:11.390+0900][14.014s][info][gc,cpu         ] GC(324) User=0.01s Sys=0.01s Real=0.01s
[2026-03-25T20:42:11.446+0900][14.071s][info][gc,start       ] GC(325) Pause Young (Allocation Failure)
[2026-03-25T20:42:11.448+0900][14.072s][info][gc,heap        ] GC(325) PSYoungGen: 82657K(83456K)->2976K(83456K) Eden: 79681K(79872K)->0K(79872K) From: 2976K(3584K)->2976K(3584K)
[2026-03-25T20:42:11.448+0900][14.072s][info][gc,heap        ] GC(325) ParOldGen: 213516K(214016K)->216380K(216576K)
[2026-03-25T20:42:11.448+0900][14.072s][info][gc,metaspace   ] GC(325) Metaspace: 5976K(6144K)->5976K(6144K) NonClass: 5345K(5440K)->5345K(5440K) Class: 631K(704K)->631K(704K)
[2026-03-25T20:42:11.448+0900][14.072s][info][gc             ] GC(325) Pause Young (Allocation Failure) 289M->214M(293M) 1.528ms
[2026-03-25T20:42:11.448+0900][14.072s][info][gc,cpu         ] GC(325) User=0.00s Sys=0.00s Real=0.00s
[2026-03-25T20:42:11.506+0900][14.130s][info][gc,start       ] GC(326) Pause Young (Allocation Failure)
[2026-03-25T20:42:11.507+0900][14.132s][info][gc,heap        ] GC(326) PSYoungGen: 82657K(83456K)->2624K(83456K) Eden: 79681K(79872K)->0K(79872K) From: 2976K(3584K)->2624K(3584K)
[2026-03-25T20:42:11.507+0900][14.132s][info][gc,heap        ] GC(326) ParOldGen: 216380K(216576K)->219252K(219648K)
[2026-03-25T20:42:11.507+0900][14.132s][info][gc,metaspace   ] GC(326) Metaspace: 5976K(6144K)->5976K(6144K) NonClass: 5345K(5440K)->5345K(5440K) Class: 631K(704K)->631K(704K)
[2026-03-25T20:42:11.508+0900][14.132s][info][gc             ] GC(326) Pause Young (Allocation Failure) 292M->216M(296M) 1.525ms
[2026-03-25T20:42:11.508+0900][14.132s][info][gc,cpu         ] GC(326) User=0.00s Sys=0.00s Real=0.00s
[2026-03-25T20:42:11.510+0900][14.134s][info][gc,start       ] GC(327) Pause Young (Allocation Failure)
[2026-03-25T20:42:11.511+0900][14.135s][info][gc,heap        ] GC(327) PSYoungGen: 82305K(83456K)->2688K(83456K) Eden: 79681K(79872K)->0K(79872K) From: 2624K(3584K)->2688K(3584K)
[2026-03-25T20:42:11.511+0900][14.135s][info][gc,heap        ] GC(327) ParOldGen: 219252K(219648K)->221868K(222208K)
[2026-03-25T20:42:11.511+0900][14.135s][info][gc,metaspace   ] GC(327) Metaspace: 5976K(6144K)->5976K(6144K) NonClass: 5345K(5440K)->5345K(5440K) Class: 631K(704K)->631K(704K)
[2026-03-25T20:42:11.511+0900][14.135s][info][gc             ] GC(327) Pause Young (Allocation Failure) 294M->219M(298M) 1.049ms
[2026-03-25T20:42:11.511+0900][14.135s][info][gc,cpu         ] GC(327) User=0.01s Sys=0.00s Real=0.00s
[2026-03-25T20:42:11.567+0900][14.191s][info][gc,start       ] GC(328) Pause Young (Allocation Failure)
[2026-03-25T20:42:11.568+0900][14.193s][info][gc,heap        ] GC(328) PSYoungGen: 82369K(83456K)->2944K(83456K) Eden: 79681K(79872K)->0K(79872K) From: 2688K(3584K)->2944K(3584K)
[2026-03-25T20:42:11.568+0900][14.193s][info][gc,heap        ] GC(328) ParOldGen: 221868K(222208K)->224484K(224768K)
[2026-03-25T20:42:11.568+0900][14.193s][info][gc,metaspace   ] GC(328) Metaspace: 5976K(6144K)->5976K(6144K) NonClass: 5345K(5440K)->5345K(5440K) Class: 631K(704K)->631K(704K)
[2026-03-25T20:42:11.568+0900][14.193s][info][gc             ] GC(328) Pause Young (Allocation Failure) 297M->222M(301M) 1.733ms
[2026-03-25T20:42:11.568+0900][14.193s][info][gc,cpu         ] GC(328) User=0.00s Sys=0.00s Real=0.00s
[2026-03-25T20:42:11.622+0900][14.247s][info][gc,start       ] GC(329) Pause Young (Allocation Failure)
[2026-03-25T20:42:11.624+0900][14.248s][info][gc,heap        ] GC(329) PSYoungGen: 82625K(83456K)->3008K(83456K) Eden: 79681K(79872K)->0K(79872K) From: 2944K(3584K)->3008K(3584K)
[2026-03-25T20:42:11.624+0900][14.248s][info][gc,heap        ] GC(329) ParOldGen: 224484K(224768K)->227357K(227840K)
[2026-03-25T20:42:11.624+0900][14.248s][info][gc,metaspace   ] GC(329) Metaspace: 5976K(6144K)->5976K(6144K) NonClass: 5345K(5440K)->5345K(5440K) Class: 631K(704K)->631K(704K)
[2026-03-25T20:42:11.624+0900][14.249s][info][gc             ] GC(329) Pause Young (Allocation Failure) 299M->224M(304M) 1.554ms
[2026-03-25T20:42:11.624+0900][14.249s][info][gc,cpu         ] GC(329) User=0.00s Sys=0.01s Real=0.00s
[2026-03-25T20:42:11.680+0900][14.304s][info][gc,start       ] GC(330) Pause Young (Allocation Failure)
[2026-03-25T20:42:11.681+0900][14.306s][info][gc,heap        ] GC(330) PSYoungGen: 82689K(83456K)->2720K(83456K) Eden: 79681K(79872K)->0K(79872K) From: 3008K(3584K)->2720K(3584K)
[2026-03-25T20:42:11.681+0900][14.306s][info][gc,heap        ] GC(330) ParOldGen: 227357K(227840K)->230229K(230400K)
[2026-03-25T20:42:11.681+0900][14.306s][info][gc,metaspace   ] GC(330) Metaspace: 5976K(6144K)->5976K(6144K) NonClass: 5345K(5440K)->5345K(5440K) Class: 631K(704K)->631K(704K)
[2026-03-25T20:42:11.681+0900][14.306s][info][gc             ] GC(330) Pause Young (Allocation Failure) 302M->227M(306M) 1.591ms
[2026-03-25T20:42:11.681+0900][14.306s][info][gc,cpu         ] GC(330) User=0.01s Sys=0.00s Real=0.00s
[2026-03-25T20:42:11.683+0900][14.308s][info][gc,start       ] GC(331) Pause Young (Allocation Failure)
[2026-03-25T20:42:11.685+0900][14.309s][info][gc,heap        ] GC(331) PSYoungGen: 82401K(83456K)->2624K(83456K) Eden: 79681K(79872K)->0K(79872K) From: 2720K(3584K)->2624K(3584K)
[2026-03-25T20:42:11.685+0900][14.309s][info][gc,heap        ] GC(331) ParOldGen: 230229K(230400K)->232853K(232960K)
[2026-03-25T20:42:11.685+0900][14.309s][info][gc,metaspace   ] GC(331) Metaspace: 5976K(6144K)->5976K(6144K) NonClass: 5345K(5440K)->5345K(5440K) Class: 631K(704K)->631K(704K)
[2026-03-25T20:42:11.685+0900][14.309s][info][gc             ] GC(331) Pause Young (Allocation Failure) 305M->229M(309M) 1.136ms
[2026-03-25T20:42:11.685+0900][14.309s][info][gc,cpu         ] GC(331) User=0.00s Sys=0.00s Real=0.00s
[2026-03-25T20:42:11.740+0900][14.364s][info][gc,start       ] GC(332) Pause Young (Allocation Failure)
[2026-03-25T20:42:11.741+0900][14.366s][info][gc,heap        ] GC(332) PSYoungGen: 82305K(83456K)->3008K(83456K) Eden: 79681K(79872K)->0K(79872K) From: 2624K(3584K)->3008K(3584K)
[2026-03-25T20:42:11.741+0900][14.366s][info][gc,heap        ] GC(332) ParOldGen: 232853K(232960K)->235469K(235520K)
[2026-03-25T20:42:11.741+0900][14.366s][info][gc,metaspace   ] GC(332) Metaspace: 5976K(6144K)->5976K(6144K) NonClass: 5345K(5440K)->5345K(5440K) Class: 631K(704K)->631K(704K)
[2026-03-25T20:42:11.741+0900][14.366s][info][gc             ] GC(332) Pause Young (Allocation Failure) 307M->232M(311M) 1.733ms
[2026-03-25T20:42:11.741+0900][14.366s][info][gc,cpu         ] GC(332) User=0.00s Sys=0.00s Real=0.00s
[2026-03-25T20:42:11.799+0900][14.424s][info][gc,start       ] GC(333) Pause Young (Allocation Failure)
[2026-03-25T20:42:11.801+0900][14.425s][info][gc,heap        ] GC(333) PSYoungGen: 82869K(83456K)->2944K(83456K) Eden: 79861K(79872K)->0K(79872K) From: 3008K(3584K)->2944K(3584K)
[2026-03-25T20:42:11.801+0900][14.425s][info][gc,heap        ] GC(333) ParOldGen: 235469K(235520K)->238341K(238592K)
[2026-03-25T20:42:11.801+0900][14.425s][info][gc,metaspace   ] GC(333) Metaspace: 5987K(6144K)->5987K(6144K) NonClass: 5356K(5440K)->5356K(5440K) Class: 631K(704K)->631K(704K)
[2026-03-25T20:42:11.801+0900][14.425s][info][gc             ] GC(333) Pause Young (Allocation Failure) 310M->235M(314M) 1.705ms
[2026-03-25T20:42:11.801+0900][14.425s][info][gc,cpu         ] GC(333) User=0.00s Sys=0.00s Real=0.01s
[2026-03-25T20:42:11.859+0900][14.483s][info][gc,start       ] GC(334) Pause Young (Allocation Failure)
[2026-03-25T20:42:11.860+0900][14.485s][info][gc,heap        ] GC(334) PSYoungGen: 82624K(83456K)->2656K(83456K) Eden: 79679K(79872K)->0K(79872K) From: 2944K(3584K)->2656K(3584K)
[2026-03-25T20:42:11.860+0900][14.485s][info][gc,heap        ] GC(334) ParOldGen: 238341K(238592K)->241213K(241664K)
[2026-03-25T20:42:11.860+0900][14.485s][info][gc,metaspace   ] GC(334) Metaspace: 5987K(6144K)->5987K(6144K) NonClass: 5356K(5440K)->5356K(5440K) Class: 631K(704K)->631K(704K)
[2026-03-25T20:42:11.861+0900][14.485s][info][gc             ] GC(334) Pause Young (Allocation Failure) 313M->238M(317M) 1.905ms
[2026-03-25T20:42:11.861+0900][14.485s][info][gc,cpu         ] GC(334) User=0.00s Sys=0.00s Real=0.01s
[2026-03-25T20:42:11.863+0900][14.487s][info][gc,start       ] GC(335) Pause Young (Allocation Failure)
[2026-03-25T20:42:11.864+0900][14.489s][info][gc,heap        ] GC(335) PSYoungGen: 82336K(83456K)->2688K(83456K) Eden: 79680K(79872K)->0K(79872K) From: 2656K(3584K)->2688K(3584K)
[2026-03-25T20:42:11.864+0900][14.489s][info][gc,heap        ] GC(335) ParOldGen: 241213K(241664K)->243814K(244224K)
[2026-03-25T20:42:11.864+0900][14.489s][info][gc,metaspace   ] GC(335) Metaspace: 5987K(6144K)->5987K(6144K) NonClass: 5356K(5440K)->5356K(5440K) Class: 631K(704K)->631K(704K)
[2026-03-25T20:42:11.864+0900][14.489s][info][gc             ] GC(335) Pause Young (Allocation Failure) 315M->240M(320M) 1.261ms
[2026-03-25T20:42:11.864+0900][14.489s][info][gc,cpu         ] GC(335) User=0.01s Sys=0.00s Real=0.00s
[2026-03-25T20:42:11.922+0900][14.546s][info][gc,start       ] GC(336) Pause Young (Allocation Failure)
[2026-03-25T20:42:11.923+0900][14.548s][info][gc,heap        ] GC(336) PSYoungGen: 82368K(83456K)->2944K(83456K) Eden: 79680K(79872K)->0K(79872K) From: 2688K(3584K)->2944K(3584K)
[2026-03-25T20:42:11.923+0900][14.548s][info][gc,heap        ] GC(336) ParOldGen: 243814K(244224K)->246430K(246784K)
[2026-03-25T20:42:11.923+0900][14.548s][info][gc,metaspace   ] GC(336) Metaspace: 5987K(6144K)->5987K(6144K) NonClass: 5356K(5440K)->5356K(5440K) Class: 631K(704K)->631K(704K)
[2026-03-25T20:42:11.923+0900][14.548s][info][gc             ] GC(336) Pause Young (Allocation Failure) 318M->243M(322M) 1.532ms
[2026-03-25T20:42:11.923+0900][14.548s][info][gc,cpu         ] GC(336) User=0.01s Sys=0.00s Real=0.00s
[2026-03-25T20:42:11.980+0900][14.605s][info][gc,start       ] GC(337) Pause Young (Allocation Failure)
[2026-03-25T20:42:11.982+0900][14.606s][info][gc,heap        ] GC(337) PSYoungGen: 82624K(83456K)->2976K(83456K) Eden: 79680K(79872K)->0K(79872K) From: 2944K(3584K)->2976K(3584K)
[2026-03-25T20:42:11.982+0900][14.606s][info][gc,heap        ] GC(337) ParOldGen: 246430K(246784K)->249302K(249344K)
[2026-03-25T20:42:11.982+0900][14.606s][info][gc,metaspace   ] GC(337) Metaspace: 5987K(6144K)->5987K(6144K) NonClass: 5356K(5440K)->5356K(5440K) Class: 631K(704K)->631K(704K)
[2026-03-25T20:42:11.982+0900][14.606s][info][gc             ] GC(337) Pause Young (Allocation Failure) 321M->246M(325M) 1.579ms
[2026-03-25T20:42:11.982+0900][14.606s][info][gc,cpu         ] GC(337) User=0.00s Sys=0.00s Real=0.00s
[2026-03-25T20:42:12.040+0900][14.664s][info][gc,start       ] GC(338) Pause Young (Allocation Failure)
[2026-03-25T20:42:12.041+0900][14.666s][info][gc,heap        ] GC(338) PSYoungGen: 82657K(83456K)->3008K(83456K) Eden: 79680K(79872K)->0K(79872K) From: 2976K(3584K)->3008K(3584K)
[2026-03-25T20:42:12.041+0900][14.666s][info][gc,heap        ] GC(338) ParOldGen: 249302K(249344K)->252174K(252416K)
[2026-03-25T20:42:12.041+0900][14.666s][info][gc,metaspace   ] GC(338) Metaspace: 5987K(6144K)->5987K(6144K) NonClass: 5356K(5440K)->5356K(5440K) Class: 631K(704K)->631K(704K)
[2026-03-25T20:42:12.042+0900][14.666s][info][gc             ] GC(338) Pause Young (Allocation Failure) 324M->249M(328M) 1.750ms
[2026-03-25T20:42:12.042+0900][14.666s][info][gc,cpu         ] GC(338) User=0.00s Sys=0.01s Real=0.00s
[2026-03-25T20:42:12.043+0900][14.668s][info][gc,start       ] GC(339) Pause Young (Allocation Failure)
[2026-03-25T20:42:12.045+0900][14.669s][info][gc,heap        ] GC(339) PSYoungGen: 82689K(83456K)->3008K(83456K) Eden: 79680K(79872K)->0K(79872K) From: 3008K(3584K)->3008K(3584K)
[2026-03-25T20:42:12.045+0900][14.669s][info][gc,heap        ] GC(339) ParOldGen: 252174K(252416K)->254790K(254976K)
[2026-03-25T20:42:12.045+0900][14.669s][info][gc,metaspace   ] GC(339) Metaspace: 5987K(6144K)->5987K(6144K) NonClass: 5356K(5440K)->5356K(5440K) Class: 631K(704K)->631K(704K)
[2026-03-25T20:42:12.045+0900][14.669s][info][gc             ] GC(339) Pause Young (Allocation Failure) 327M->251M(330M) 1.496ms
[2026-03-25T20:42:12.045+0900][14.669s][info][gc,cpu         ] GC(339) User=0.01s Sys=0.00s Real=0.00s
[2026-03-25T20:42:12.103+0900][14.727s][info][gc,start       ] GC(340) Pause Young (Allocation Failure)
[2026-03-25T20:42:12.104+0900][14.729s][info][gc,heap        ] GC(340) PSYoungGen: 82689K(83456K)->2624K(83456K) Eden: 79681K(79872K)->0K(79872K) From: 3008K(3584K)->2624K(3584K)
[2026-03-25T20:42:12.104+0900][14.729s][info][gc,heap        ] GC(340) ParOldGen: 254790K(254976K)->257662K(258048K)
[2026-03-25T20:42:12.104+0900][14.729s][info][gc,metaspace   ] GC(340) Metaspace: 5987K(6144K)->5987K(6144K) NonClass: 5356K(5440K)->5356K(5440K) Class: 631K(704K)->631K(704K)
[2026-03-25T20:42:12.105+0900][14.729s][info][gc             ] GC(340) Pause Young (Allocation Failure) 329M->254M(333M) 1.910ms
[2026-03-25T20:42:12.105+0900][14.729s][info][gc,cpu         ] GC(340) User=0.01s Sys=0.00s Real=0.00s
[2026-03-25T20:42:12.159+0900][14.784s][info][gc,start       ] GC(341) Pause Young (Allocation Failure)
[2026-03-25T20:42:12.161+0900][14.785s][info][gc,heap        ] GC(341) PSYoungGen: 82305K(83456K)->2944K(83456K) Eden: 79681K(79872K)->0K(79872K) From: 2624K(3584K)->2944K(3584K)
[2026-03-25T20:42:12.161+0900][14.786s][info][gc,heap        ] GC(341) ParOldGen: 257662K(258048K)->260279K(260608K)
[2026-03-25T20:42:12.161+0900][14.786s][info][gc,metaspace   ] GC(341) Metaspace: 5987K(6144K)->5987K(6144K) NonClass: 5356K(5440K)->5356K(5440K) Class: 631K(704K)->631K(704K)
[2026-03-25T20:42:12.161+0900][14.786s][info][gc             ] GC(341) Pause Young (Allocation Failure) 332M->257M(336M) 2.003ms
[2026-03-25T20:42:12.161+0900][14.786s][info][gc,cpu         ] GC(341) User=0.00s Sys=0.00s Real=0.01s
[2026-03-25T20:42:12.219+0900][14.843s][info][gc,start       ] GC(342) Pause Young (Allocation Failure)
[2026-03-25T20:42:12.221+0900][14.845s][info][gc,heap        ] GC(342) PSYoungGen: 82625K(83456K)->2880K(83456K) Eden: 79681K(79872K)->0K(79872K) From: 2944K(3584K)->2880K(3584K)
[2026-03-25T20:42:12.221+0900][14.845s][info][gc,heap        ] GC(342) ParOldGen: 260279K(260608K)->263159K(263168K)
[2026-03-25T20:42:12.221+0900][14.845s][info][gc,metaspace   ] GC(342) Metaspace: 5987K(6144K)->5987K(6144K) NonClass: 5356K(5440K)->5356K(5440K) Class: 631K(704K)->631K(704K)
[2026-03-25T20:42:12.221+0900][14.845s][info][gc             ] GC(342) Pause Young (Allocation Failure) 334M->259M(338M) 2.180ms
[2026-03-25T20:42:12.221+0900][14.845s][info][gc,cpu         ] GC(342) User=0.00s Sys=0.01s Real=0.01s
[2026-03-25T20:42:12.223+0900][14.848s][info][gc,start       ] GC(343) Pause Young (Allocation Failure)
[2026-03-25T20:42:12.224+0900][14.849s][info][gc,heap        ] GC(343) PSYoungGen: 82561K(83456K)->2656K(83456K) Eden: 79681K(79872K)->0K(79872K) From: 2880K(3584K)->2656K(3584K)
[2026-03-25T20:42:12.224+0900][14.849s][info][gc,heap        ] GC(343) ParOldGen: 263159K(263168K)->266031K(266240K)
[2026-03-25T20:42:12.224+0900][14.849s][info][gc,metaspace   ] GC(343) Metaspace: 5987K(6144K)->5987K(6144K) NonClass: 5356K(5440K)->5356K(5440K) Class: 631K(704K)->631K(704K)
[2026-03-25T20:42:12.224+0900][14.849s][info][gc             ] GC(343) Pause Young (Allocation Failure) 337M->262M(341M) 1.154ms
[2026-03-25T20:42:12.224+0900][14.849s][info][gc,cpu         ] GC(343) User=0.01s Sys=0.00s Real=0.00s
[2026-03-25T20:42:12.282+0900][14.907s][info][gc,start       ] GC(344) Pause Young (Allocation Failure)
[2026-03-25T20:42:12.284+0900][14.908s][info][gc,heap        ] GC(344) PSYoungGen: 82337K(83456K)->2752K(83456K) Eden: 79681K(79872K)->0K(79872K) From: 2656K(3584K)->2752K(3584K)
[2026-03-25T20:42:12.284+0900][14.908s][info][gc,heap        ] GC(344) ParOldGen: 266031K(266240K)->268647K(268800K)
[2026-03-25T20:42:12.284+0900][14.908s][info][gc,metaspace   ] GC(344) Metaspace: 5987K(6144K)->5987K(6144K) NonClass: 5356K(5440K)->5356K(5440K) Class: 631K(704K)->631K(704K)
[2026-03-25T20:42:12.284+0900][14.908s][info][gc             ] GC(344) Pause Young (Allocation Failure) 340M->265M(344M) 1.585ms
[2026-03-25T20:42:12.284+0900][14.908s][info][gc,cpu         ] GC(344) User=0.00s Sys=0.00s Real=0.00s
[2026-03-25T20:42:12.341+0900][14.966s][info][gc,start       ] GC(345) Pause Young (Allocation Failure)
[2026-03-25T20:42:12.343+0900][14.968s][info][gc,heap        ] GC(345) PSYoungGen: 82433K(83456K)->2944K(83456K) Eden: 79681K(79872K)->0K(79872K) From: 2752K(3584K)->2944K(3584K)
[2026-03-25T20:42:12.343+0900][14.968s][info][gc,heap        ] GC(345) ParOldGen: 268647K(268800K)->271263K(271360K)
[2026-03-25T20:42:12.343+0900][14.968s][info][gc,metaspace   ] GC(345) Metaspace: 5987K(6144K)->5987K(6144K) NonClass: 5356K(5440K)->5356K(5440K) Class: 631K(704K)->631K(704K)
[2026-03-25T20:42:12.343+0900][14.968s][info][gc             ] GC(345) Pause Young (Allocation Failure) 342M->267M(346M) 1.720ms
[2026-03-25T20:42:12.343+0900][14.968s][info][gc,cpu         ] GC(345) User=0.00s Sys=0.00s Real=0.00s
[2026-03-25T20:42:12.397+0900][15.021s][info][gc,start       ] GC(346) Pause Young (Allocation Failure)
[2026-03-25T20:42:12.399+0900][15.023s][info][gc,heap        ] GC(346) PSYoungGen: 82625K(83456K)->2912K(83456K) Eden: 79681K(79872K)->0K(79872K) From: 2944K(3584K)->2912K(3584K)
[2026-03-25T20:42:12.399+0900][15.023s][info][gc,heap        ] GC(346) ParOldGen: 271263K(271360K)->274111K(274432K)
[2026-03-25T20:42:12.399+0900][15.023s][info][gc,metaspace   ] GC(346) Metaspace: 5989K(6208K)->5989K(6208K) NonClass: 5358K(5504K)->5358K(5504K) Class: 631K(704K)->631K(704K)
[2026-03-25T20:42:12.399+0900][15.023s][info][gc             ] GC(346) Pause Young (Allocation Failure) 345M->270M(349M) 2.109ms
[2026-03-25T20:42:12.399+0900][15.024s][info][gc,cpu         ] GC(346) User=0.00s Sys=0.01s Real=0.00s
[2026-03-25T20:42:12.401+0900][15.026s][info][gc,start       ] GC(347) Pause Young (Allocation Failure)
[2026-03-25T20:42:12.402+0900][15.026s][info][gc,heap        ] GC(347) PSYoungGen: 82593K(83456K)->2656K(83456K) Eden: 79681K(79872K)->0K(79872K) From: 2912K(3584K)->2656K(3584K)
[2026-03-25T20:42:12.402+0900][15.027s][info][gc,heap        ] GC(347) ParOldGen: 274111K(274432K)->276984K(276992K)
[2026-03-25T20:42:12.402+0900][15.027s][info][gc,metaspace   ] GC(347) Metaspace: 5989K(6208K)->5989K(6208K) NonClass: 5358K(5504K)->5358K(5504K) Class: 631K(704K)->631K(704K)
[2026-03-25T20:42:12.402+0900][15.027s][info][gc             ] GC(347) Pause Young (Allocation Failure) 348M->273M(352M) 1.064ms
[2026-03-25T20:42:12.402+0900][15.027s][info][gc,cpu         ] GC(347) User=0.01s Sys=0.00s Real=0.00s
[2026-03-25T20:42:12.456+0900][15.081s][info][gc,start       ] GC(348) Pause Young (Allocation Failure)
[2026-03-25T20:42:12.458+0900][15.083s][info][gc,heap        ] GC(348) PSYoungGen: 82337K(83456K)->2688K(83456K) Eden: 79681K(79872K)->0K(79872K) From: 2656K(3584K)->2688K(3584K)
[2026-03-25T20:42:12.458+0900][15.083s][info][gc,heap        ] GC(348) ParOldGen: 276984K(276992K)->279600K(280064K)
[2026-03-25T20:42:12.458+0900][15.083s][info][gc,metaspace   ] GC(348) Metaspace: 5989K(6208K)->5989K(6208K) NonClass: 5358K(5504K)->5358K(5504K) Class: 631K(704K)->631K(704K)
[2026-03-25T20:42:12.458+0900][15.083s][info][gc             ] GC(348) Pause Young (Allocation Failure) 350M->275M(355M) 1.895ms
[2026-03-25T20:42:12.458+0900][15.083s][info][gc,cpu         ] GC(348) User=0.00s Sys=0.00s Real=0.00s
[2026-03-25T20:42:12.516+0900][15.141s][info][gc,start       ] GC(349) Pause Young (Allocation Failure)
[2026-03-25T20:42:12.517+0900][15.142s][info][gc,heap        ] GC(349) PSYoungGen: 82369K(83456K)->2912K(83456K) Eden: 79681K(79872K)->0K(79872K) From: 2688K(3584K)->2912K(3584K)
[2026-03-25T20:42:12.518+0900][15.142s][info][gc,heap        ] GC(349) ParOldGen: 279600K(280064K)->282176K(282624K)
[2026-03-25T20:42:12.518+0900][15.142s][info][gc,metaspace   ] GC(349) Metaspace: 5989K(6208K)->5989K(6208K) NonClass: 5358K(5504K)->5358K(5504K) Class: 631K(704K)->631K(704K)
[2026-03-25T20:42:12.518+0900][15.142s][info][gc             ] GC(349) Pause Young (Allocation Failure) 353M->278M(357M) 1.614ms
[2026-03-25T20:42:12.518+0900][15.142s][info][gc,cpu         ] GC(349) User=0.00s Sys=0.00s Real=0.00s
[2026-03-25T20:42:12.575+0900][15.199s][info][gc,start       ] GC(350) Pause Young (Allocation Failure)
[2026-03-25T20:42:12.577+0900][15.202s][info][gc,heap        ] GC(350) PSYoungGen: 82593K(83456K)->2912K(83456K) Eden: 79681K(79872K)->0K(79872K) From: 2912K(3584K)->2912K(3584K)
[2026-03-25T20:42:12.577+0900][15.202s][info][gc,heap        ] GC(350) ParOldGen: 282176K(282624K)->285048K(285184K)
[2026-03-25T20:42:12.577+0900][15.202s][info][gc,metaspace   ] GC(350) Metaspace: 5989K(6208K)->5989K(6208K) NonClass: 5358K(5504K)->5358K(5504K) Class: 631K(704K)->631K(704K)
[2026-03-25T20:42:12.577+0900][15.202s][info][gc             ] GC(350) Pause Young (Allocation Failure) 356M->281M(360M) 2.198ms
[2026-03-25T20:42:12.577+0900][15.202s][info][gc,cpu         ] GC(350) User=0.01s Sys=0.00s Real=0.00s
[2026-03-25T20:42:12.580+0900][15.204s][info][gc,start       ] GC(351) Pause Young (Allocation Failure)
[2026-03-25T20:42:12.581+0900][15.205s][info][gc,heap        ] GC(351) PSYoungGen: 82593K(83456K)->2624K(83456K) Eden: 79681K(79872K)->0K(79872K) From: 2912K(3584K)->2624K(3584K)
[2026-03-25T20:42:12.581+0900][15.205s][info][gc,heap        ] GC(351) ParOldGen: 285048K(285184K)->287920K(288256K)
[2026-03-25T20:42:12.581+0900][15.205s][info][gc,metaspace   ] GC(351) Metaspace: 5989K(6208K)->5989K(6208K) NonClass: 5358K(5504K)->5358K(5504K) Class: 631K(704K)->631K(704K)
[2026-03-25T20:42:12.581+0900][15.205s][info][gc             ] GC(351) Pause Young (Allocation Failure) 359M->283M(363M) 1.241ms
[2026-03-25T20:42:12.581+0900][15.205s][info][gc,cpu         ] GC(351) User=0.00s Sys=0.01s Real=0.00s
[2026-03-25T20:42:12.638+0900][15.263s][info][gc,start       ] GC(352) Pause Young (Allocation Failure)
[2026-03-25T20:42:12.641+0900][15.265s][info][gc,heap        ] GC(352) PSYoungGen: 82305K(83456K)->2752K(83456K) Eden: 79681K(79872K)->0K(79872K) From: 2624K(3584K)->2752K(3584K)
[2026-03-25T20:42:12.641+0900][15.265s][info][gc,heap        ] GC(352) ParOldGen: 287920K(288256K)->290528K(290816K)
[2026-03-25T20:42:12.641+0900][15.265s][info][gc,metaspace   ] GC(352) Metaspace: 5989K(6208K)->5989K(6208K) NonClass: 5358K(5504K)->5358K(5504K) Class: 631K(704K)->631K(704K)
[2026-03-25T20:42:12.641+0900][15.265s][info][gc             ] GC(352) Pause Young (Allocation Failure) 361M->286M(365M) 2.330ms
[2026-03-25T20:42:12.641+0900][15.265s][info][gc,cpu         ] GC(352) User=0.01s Sys=0.00s Real=0.01s
[2026-03-25T20:42:12.698+0900][15.323s][info][gc,start       ] GC(353) Pause Young (Allocation Failure)
[2026-03-25T20:42:12.700+0900][15.324s][info][gc,heap        ] GC(353) PSYoungGen: 82433K(83456K)->3008K(83456K) Eden: 79681K(79872K)->0K(79872K) From: 2752K(3584K)->3008K(3584K)
[2026-03-25T20:42:12.700+0900][15.324s][info][gc,heap        ] GC(353) ParOldGen: 290528K(290816K)->293144K(293376K)
[2026-03-25T20:42:12.700+0900][15.324s][info][gc,metaspace   ] GC(353) Metaspace: 5989K(6208K)->5989K(6208K) NonClass: 5358K(5504K)->5358K(5504K) Class: 631K(704K)->631K(704K)
[2026-03-25T20:42:12.700+0900][15.324s][info][gc             ] GC(353) Pause Young (Allocation Failure) 364M->289M(368M) 1.539ms
[2026-03-25T20:42:12.700+0900][15.324s][info][gc,cpu         ] GC(353) User=0.01s Sys=0.00s Real=0.01s
[2026-03-25T20:42:12.755+0900][15.380s][info][gc,start       ] GC(354) Pause Young (Allocation Failure)
[2026-03-25T20:42:12.757+0900][15.382s][info][gc,heap        ] GC(354) PSYoungGen: 82689K(83456K)->2944K(83456K) Eden: 79681K(79872K)->0K(79872K) From: 3008K(3584K)->2944K(3584K)
[2026-03-25T20:42:12.757+0900][15.382s][info][gc,heap        ] GC(354) ParOldGen: 293144K(293376K)->296017K(296448K)
[2026-03-25T20:42:12.757+0900][15.382s][info][gc,metaspace   ] GC(354) Metaspace: 5989K(6208K)->5989K(6208K) NonClass: 5358K(5504K)->5358K(5504K) Class: 631K(704K)->631K(704K)
[2026-03-25T20:42:12.757+0900][15.382s][info][gc             ] GC(354) Pause Young (Allocation Failure) 367M->291M(371M) 2.149ms
[2026-03-25T20:42:12.757+0900][15.382s][info][gc,cpu         ] GC(354) User=0.01s Sys=0.00s Real=0.00s
[2026-03-25T20:42:12.759+0900][15.384s][info][gc,start       ] GC(355) Pause Young (Allocation Failure)
[2026-03-25T20:42:12.761+0900][15.385s][info][gc,heap        ] GC(355) PSYoungGen: 82625K(83456K)->2688K(83456K) Eden: 79681K(79872K)->0K(79872K) From: 2944K(3584K)->2688K(3584K)
[2026-03-25T20:42:12.761+0900][15.385s][info][gc,heap        ] GC(355) ParOldGen: 296017K(296448K)->298889K(299008K)
[2026-03-25T20:42:12.761+0900][15.385s][info][gc,metaspace   ] GC(355) Metaspace: 5989K(6208K)->5989K(6208K) NonClass: 5358K(5504K)->5358K(5504K) Class: 631K(704K)->631K(704K)
[2026-03-25T20:42:12.761+0900][15.385s][info][gc             ] GC(355) Pause Young (Allocation Failure) 369M->294M(373M) 1.354ms
[2026-03-25T20:42:12.761+0900][15.385s][info][gc,cpu         ] GC(355) User=0.00s Sys=0.00s Real=0.01s
[2026-03-25T20:42:12.818+0900][15.443s][info][gc,start       ] GC(356) Pause Young (Allocation Failure)
[2026-03-25T20:42:12.819+0900][15.444s][info][gc,heap        ] GC(356) PSYoungGen: 82406K(83456K)->2752K(83456K) Eden: 79718K(79872K)->0K(79872K) From: 2688K(3584K)->2752K(3584K)
[2026-03-25T20:42:12.819+0900][15.444s][info][gc,heap        ] GC(356) ParOldGen: 298889K(299008K)->301505K(301568K)
[2026-03-25T20:42:12.820+0900][15.444s][info][gc,metaspace   ] GC(356) Metaspace: 5995K(6208K)->5995K(6208K) NonClass: 5364K(5504K)->5364K(5504K) Class: 631K(704K)->631K(704K)
[2026-03-25T20:42:12.820+0900][15.444s][info][gc             ] GC(356) Pause Young (Allocation Failure) 372M->297M(376M) 1.449ms
[2026-03-25T20:42:12.820+0900][15.444s][info][gc,cpu         ] GC(356) User=0.01s Sys=0.01s Real=0.01s
[2026-03-25T20:42:12.874+0900][15.499s][info][gc,start       ] GC(357) Pause Young (Allocation Failure)
[2026-03-25T20:42:12.876+0900][15.500s][info][gc,heap        ] GC(357) PSYoungGen: 82433K(83456K)->2976K(83456K) Eden: 79680K(79872K)->0K(79872K) From: 2752K(3584K)->2976K(3584K)
[2026-03-25T20:42:12.876+0900][15.500s][info][gc,heap        ] GC(357) ParOldGen: 301505K(301568K)->304121K(304128K)
[2026-03-25T20:42:12.876+0900][15.500s][info][gc,metaspace   ] GC(357) Metaspace: 5995K(6208K)->5995K(6208K) NonClass: 5364K(5504K)->5364K(5504K) Class: 631K(704K)->631K(704K)
[2026-03-25T20:42:12.876+0900][15.501s][info][gc             ] GC(357) Pause Young (Allocation Failure) 374M->299M(378M) 1.823ms
[2026-03-25T20:42:12.876+0900][15.501s][info][gc,cpu         ] GC(357) User=0.01s Sys=0.00s Real=0.00s
[2026-03-25T20:42:12.934+0900][15.559s][info][gc,start       ] GC(358) Pause Young (Allocation Failure)
[2026-03-25T20:42:12.936+0900][15.560s][info][gc,heap        ] GC(358) PSYoungGen: 82657K(83456K)->2976K(83456K) Eden: 79680K(79872K)->0K(79872K) From: 2976K(3584K)->2976K(3584K)
[2026-03-25T20:42:12.936+0900][15.560s][info][gc,heap        ] GC(358) ParOldGen: 304121K(304128K)->306993K(307200K)
[2026-03-25T20:42:12.936+0900][15.560s][info][gc,metaspace   ] GC(358) Metaspace: 5995K(6208K)->5995K(6208K) NonClass: 5364K(5504K)->5364K(5504K) Class: 631K(704K)->631K(704K)
[2026-03-25T20:42:12.936+0900][15.560s][info][gc             ] GC(358) Pause Young (Allocation Failure) 377M->302M(381M) 1.905ms
[2026-03-25T20:42:12.936+0900][15.560s][info][gc,cpu         ] GC(358) User=0.00s Sys=0.00s Real=0.00s
[2026-03-25T20:42:12.938+0900][15.562s][info][gc,start       ] GC(359) Pause Young (Allocation Failure)
[2026-03-25T20:42:12.939+0900][15.563s][info][gc,heap        ] GC(359) PSYoungGen: 82657K(83456K)->2624K(83456K) Eden: 79681K(79872K)->0K(79872K) From: 2976K(3584K)->2624K(3584K)
[2026-03-25T20:42:12.939+0900][15.563s][info][gc,heap        ] GC(359) ParOldGen: 306993K(307200K)->309865K(310272K)
[2026-03-25T20:42:12.939+0900][15.563s][info][gc,metaspace   ] GC(359) Metaspace: 5995K(6208K)->5995K(6208K) NonClass: 5364K(5504K)->5364K(5504K) Class: 631K(704K)->631K(704K)
[2026-03-25T20:42:12.939+0900][15.563s][info][gc             ] GC(359) Pause Young (Allocation Failure) 380M->305M(384M) 1.161ms
[2026-03-25T20:42:12.939+0900][15.563s][info][gc,cpu         ] GC(359) User=0.00s Sys=0.00s Real=0.00s
[2026-03-25T20:42:12.995+0900][15.620s][info][gc,start       ] GC(360) Pause Young (Allocation Failure)
[2026-03-25T20:42:12.997+0900][15.621s][info][gc,heap        ] GC(360) PSYoungGen: 82305K(83456K)->2976K(83456K) Eden: 79681K(79872K)->0K(79872K) From: 2624K(3584K)->2976K(3584K)
[2026-03-25T20:42:12.997+0900][15.621s][info][gc,heap        ] GC(360) ParOldGen: 309865K(310272K)->312482K(312832K)
[2026-03-25T20:42:12.997+0900][15.621s][info][gc,metaspace   ] GC(360) Metaspace: 5995K(6208K)->5995K(6208K) NonClass: 5364K(5504K)->5364K(5504K) Class: 631K(704K)->631K(704K)
[2026-03-25T20:42:12.997+0900][15.621s][info][gc             ] GC(360) Pause Young (Allocation Failure) 382M->308M(387M) 1.850ms
[2026-03-25T20:42:12.997+0900][15.621s][info][gc,cpu         ] GC(360) User=0.01s Sys=0.01s Real=0.00s
[2026-03-25T20:42:13.055+0900][15.679s][info][gc,start       ] GC(361) Pause Young (Allocation Failure)
[2026-03-25T20:42:13.056+0900][15.681s][info][gc,heap        ] GC(361) PSYoungGen: 82657K(83456K)->2656K(83456K) Eden: 79681K(79872K)->0K(79872K) From: 2976K(3584K)->2656K(3584K)
[2026-03-25T20:42:13.056+0900][15.681s][info][gc,heap        ] GC(361) ParOldGen: 312482K(312832K)->315322K(315392K)
[2026-03-25T20:42:13.056+0900][15.681s][info][gc,metaspace   ] GC(361) Metaspace: 5995K(6208K)->5995K(6208K) NonClass: 5364K(5504K)->5364K(5504K) Class: 631K(704K)->631K(704K)
[2026-03-25T20:42:13.057+0900][15.681s][info][gc             ] GC(361) Pause Young (Allocation Failure) 385M->310M(389M) 2.022ms
[2026-03-25T20:42:13.057+0900][15.681s][info][gc,cpu         ] GC(361) User=0.00s Sys=0.00s Real=0.00s
[2026-03-25T20:42:13.115+0900][15.739s][info][gc,start       ] GC(362) Pause Young (Allocation Failure)
[2026-03-25T20:42:13.116+0900][15.741s][info][gc,heap        ] GC(362) PSYoungGen: 82337K(83456K)->2976K(83456K) Eden: 79681K(79872K)->0K(79872K) From: 2656K(3584K)->2976K(3584K)
[2026-03-25T20:42:13.116+0900][15.741s][info][gc,heap        ] GC(362) ParOldGen: 315322K(315392K)->317938K(317952K)
[2026-03-25T20:42:13.116+0900][15.741s][info][gc,metaspace   ] GC(362) Metaspace: 5995K(6208K)->5995K(6208K) NonClass: 5364K(5504K)->5364K(5504K) Class: 631K(704K)->631K(704K)
[2026-03-25T20:42:13.116+0900][15.741s][info][gc             ] GC(362) Pause Young (Allocation Failure) 388M->313M(392M) 1.715ms
[2026-03-25T20:42:13.116+0900][15.741s][info][gc,cpu         ] GC(362) User=0.00s Sys=0.00s Real=0.00s
[2026-03-25T20:42:13.118+0900][15.743s][info][gc,start       ] GC(363) Pause Young (Allocation Failure)
[2026-03-25T20:42:13.120+0900][15.744s][info][gc,heap        ] GC(363) PSYoungGen: 82657K(83456K)->2688K(83456K) Eden: 79681K(79872K)->0K(79872K) From: 2976K(3584K)->2688K(3584K)
[2026-03-25T20:42:13.120+0900][15.744s][info][gc,heap        ] GC(363) ParOldGen: 317938K(317952K)->320810K(321024K)
[2026-03-25T20:42:13.120+0900][15.744s][info][gc,metaspace   ] GC(363) Metaspace: 5995K(6208K)->5995K(6208K) NonClass: 5364K(5504K)->5364K(5504K) Class: 631K(704K)->631K(704K)
[2026-03-25T20:42:13.120+0900][15.744s][info][gc             ] GC(363) Pause Young (Allocation Failure) 391M->315M(395M) 1.419ms
[2026-03-25T20:42:13.120+0900][15.744s][info][gc,cpu         ] GC(363) User=0.01s Sys=0.00s Real=0.01s
[2026-03-25T20:42:13.177+0900][15.801s][info][gc,start       ] GC(364) Pause Young (Allocation Failure)
[2026-03-25T20:42:13.178+0900][15.803s][info][gc,heap        ] GC(364) PSYoungGen: 82369K(83456K)->2912K(83456K) Eden: 79681K(79872K)->0K(79872K) From: 2688K(3584K)->2912K(3584K)
[2026-03-25T20:42:13.178+0900][15.803s][info][gc,heap        ] GC(364) ParOldGen: 320810K(321024K)->323426K(323584K)
[2026-03-25T20:42:13.178+0900][15.803s][info][gc,metaspace   ] GC(364) Metaspace: 5995K(6208K)->5995K(6208K) NonClass: 5364K(5504K)->5364K(5504K) Class: 631K(704K)->631K(704K)
[2026-03-25T20:42:13.178+0900][15.803s][info][gc             ] GC(364) Pause Young (Allocation Failure) 393M->318M(397M) 1.752ms
[2026-03-25T20:42:13.178+0900][15.803s][info][gc,cpu         ] GC(364) User=0.00s Sys=0.00s Real=0.00s
[2026-03-25T20:42:13.236+0900][15.860s][info][gc,start       ] GC(365) Pause Young (Allocation Failure)
[2026-03-25T20:42:13.237+0900][15.861s][info][gc,heap        ] GC(365) PSYoungGen: 82593K(83456K)->2752K(83456K) Eden: 79681K(79872K)->0K(79872K) From: 2912K(3584K)->2752K(3584K)
[2026-03-25T20:42:13.237+0900][15.862s][info][gc,heap        ] GC(365) ParOldGen: 323426K(323584K)->326298K(326656K)
[2026-03-25T20:42:13.237+0900][15.862s][info][gc,metaspace   ] GC(365) Metaspace: 5995K(6208K)->5995K(6208K) NonClass: 5364K(5504K)->5364K(5504K) Class: 631K(704K)->631K(704K)
[2026-03-25T20:42:13.237+0900][15.862s][info][gc             ] GC(365) Pause Young (Allocation Failure) 396M->321M(400M) 1.478ms
[2026-03-25T20:42:13.237+0900][15.862s][info][gc,cpu         ] GC(365) User=0.00s Sys=0.01s Real=0.00s
[2026-03-25T20:42:13.295+0900][15.919s][info][gc,start       ] GC(366) Pause Young (Allocation Failure)
[2026-03-25T20:42:13.297+0900][15.921s][info][gc,heap        ] GC(366) PSYoungGen: 82433K(83456K)->2944K(83456K) Eden: 79681K(79872K)->0K(79872K) From: 2752K(3584K)->2944K(3584K)
[2026-03-25T20:42:13.297+0900][15.921s][info][gc,heap        ] GC(366) ParOldGen: 326298K(326656K)->328915K(329216K)
[2026-03-25T20:42:13.297+0900][15.921s][info][gc,metaspace   ] GC(366) Metaspace: 5995K(6208K)->5995K(6208K) NonClass: 5364K(5504K)->5364K(5504K) Class: 631K(704K)->631K(704K)
[2026-03-25T20:42:13.297+0900][15.921s][info][gc             ] GC(366) Pause Young (Allocation Failure) 399M->324M(403M) 1.892ms
[2026-03-25T20:42:13.297+0900][15.921s][info][gc,cpu         ] GC(366) User=0.00s Sys=0.00s Real=0.00s
[2026-03-25T20:42:13.299+0900][15.923s][info][gc,start       ] GC(367) Pause Young (Allocation Failure)
[2026-03-25T20:42:13.300+0900][15.925s][info][gc,heap        ] GC(367) PSYoungGen: 82625K(83456K)->2784K(83456K) Eden: 79681K(79872K)->0K(79872K) From: 2944K(3584K)->2784K(3584K)
[2026-03-25T20:42:13.300+0900][15.925s][info][gc,heap        ] GC(367) ParOldGen: 328915K(329216K)->331787K(332288K)
[2026-03-25T20:42:13.300+0900][15.925s][info][gc,metaspace   ] GC(367) Metaspace: 5995K(6208K)->5995K(6208K) NonClass: 5364K(5504K)->5364K(5504K) Class: 631K(704K)->631K(704K)
[2026-03-25T20:42:13.300+0900][15.925s][info][gc             ] GC(367) Pause Young (Allocation Failure) 401M->326M(406M) 1.390ms
[2026-03-25T20:42:13.300+0900][15.925s][info][gc,cpu         ] GC(367) User=0.01s Sys=0.00s Real=0.01s
[2026-03-25T20:42:13.355+0900][15.980s][info][gc,start       ] GC(368) Pause Young (Allocation Failure)
[2026-03-25T20:42:13.357+0900][15.982s][info][gc,heap        ] GC(368) PSYoungGen: 82465K(83456K)->2880K(83456K) Eden: 79681K(79872K)->0K(79872K) From: 2784K(3584K)->2880K(3584K)
[2026-03-25T20:42:13.358+0900][15.982s][info][gc,heap        ] GC(368) ParOldGen: 331787K(332288K)->334395K(334848K)
[2026-03-25T20:42:13.358+0900][15.982s][info][gc,metaspace   ] GC(368) Metaspace: 5995K(6208K)->5995K(6208K) NonClass: 5364K(5504K)->5364K(5504K) Class: 631K(704K)->631K(704K)
[2026-03-25T20:42:13.358+0900][15.982s][info][gc             ] GC(368) Pause Young (Allocation Failure) 404M->329M(408M) 2.302ms
[2026-03-25T20:42:13.358+0900][15.982s][info][gc,cpu         ] GC(368) User=0.00s Sys=0.00s Real=0.00s
[2026-03-25T20:42:13.415+0900][16.040s][info][gc,start       ] GC(369) Pause Young (Allocation Failure)
[2026-03-25T20:42:13.417+0900][16.041s][info][gc,heap        ] GC(369) PSYoungGen: 82561K(83456K)->2752K(83456K) Eden: 79681K(79872K)->0K(79872K) From: 2880K(3584K)->2752K(3584K)
[2026-03-25T20:42:13.417+0900][16.041s][info][gc,heap        ] GC(369) ParOldGen: 334395K(334848K)->337267K(337408K)
[2026-03-25T20:42:13.417+0900][16.041s][info][gc,metaspace   ] GC(369) Metaspace: 5995K(6208K)->5995K(6208K) NonClass: 5364K(5504K)->5364K(5504K) Class: 631K(704K)->631K(704K)
[2026-03-25T20:42:13.417+0900][16.041s][info][gc             ] GC(369) Pause Young (Allocation Failure) 407M->332M(411M) 1.623ms
[2026-03-25T20:42:13.417+0900][16.041s][info][gc,cpu         ] GC(369) User=0.00s Sys=0.00s Real=0.00s
[2026-03-25T20:42:13.475+0900][16.099s][info][gc,start       ] GC(370) Pause Young (Allocation Failure)
[2026-03-25T20:42:13.476+0900][16.101s][info][gc,heap        ] GC(370) PSYoungGen: 82433K(83456K)->2976K(83456K) Eden: 79681K(79872K)->0K(79872K) From: 2752K(3584K)->2976K(3584K)
[2026-03-25T20:42:13.476+0900][16.101s][info][gc,heap        ] GC(370) ParOldGen: 337267K(337408K)->339883K(339968K)
[2026-03-25T20:42:13.477+0900][16.101s][info][gc,metaspace   ] GC(370) Metaspace: 5995K(6208K)->5995K(6208K) NonClass: 5364K(5504K)->5364K(5504K) Class: 631K(704K)->631K(704K)
[2026-03-25T20:42:13.477+0900][16.101s][info][gc             ] GC(370) Pause Young (Allocation Failure) 409M->334M(413M) 1.990ms
[2026-03-25T20:42:13.477+0900][16.101s][info][gc,cpu         ] GC(370) User=0.00s Sys=0.01s Real=0.00s
[2026-03-25T20:42:13.479+0900][16.103s][info][gc,start       ] GC(371) Pause Young (Allocation Failure)
[2026-03-25T20:42:13.480+0900][16.104s][info][gc,heap        ] GC(371) PSYoungGen: 82657K(83456K)->2624K(83456K) Eden: 79681K(79872K)->0K(79872K) From: 2976K(3584K)->2624K(3584K)
[2026-03-25T20:42:13.480+0900][16.104s][info][gc,heap        ] GC(371) ParOldGen: 339883K(339968K)->342755K(343040K)
[2026-03-25T20:42:13.480+0900][16.104s][info][gc,metaspace   ] GC(371) Metaspace: 5995K(6208K)->5995K(6208K) NonClass: 5364K(5504K)->5364K(5504K) Class: 631K(704K)->631K(704K)
[2026-03-25T20:42:13.480+0900][16.104s][info][gc             ] GC(371) Pause Young (Allocation Failure) 412M->337M(416M) 1.070ms
[2026-03-25T20:42:13.480+0900][16.104s][info][gc,cpu         ] GC(371) User=0.01s Sys=0.00s Real=0.01s
[2026-03-25T20:42:13.537+0900][16.162s][info][gc,start       ] GC(372) Pause Young (Allocation Failure)
[2026-03-25T20:42:13.539+0900][16.164s][info][gc,heap        ] GC(372) PSYoungGen: 82305K(83456K)->2880K(83456K) Eden: 79681K(79872K)->0K(79872K) From: 2624K(3584K)->2880K(3584K)
[2026-03-25T20:42:13.540+0900][16.164s][info][gc,heap        ] GC(372) ParOldGen: 342755K(343040K)->345348K(345600K)
[2026-03-25T20:42:13.540+0900][16.164s][info][gc,metaspace   ] GC(372) Metaspace: 5995K(6208K)->5995K(6208K) NonClass: 5364K(5504K)->5364K(5504K) Class: 631K(704K)->631K(704K)
[2026-03-25T20:42:13.540+0900][16.164s][info][gc             ] GC(372) Pause Young (Allocation Failure) 415M->340M(419M) 2.422ms
[2026-03-25T20:42:13.540+0900][16.164s][info][gc,cpu         ] GC(372) User=0.00s Sys=0.00s Real=0.01s
[2026-03-25T20:42:13.597+0900][16.222s][info][gc,start       ] GC(373) Pause Young (Allocation Failure)
[2026-03-25T20:42:13.599+0900][16.224s][info][gc,heap        ] GC(373) PSYoungGen: 82561K(83456K)->2688K(83456K) Eden: 79681K(79872K)->0K(79872K) From: 2880K(3584K)->2688K(3584K)
[2026-03-25T20:42:13.599+0900][16.224s][info][gc,heap        ] GC(373) ParOldGen: 345348K(345600K)->348220K(348672K)
[2026-03-25T20:42:13.599+0900][16.224s][info][gc,metaspace   ] GC(373) Metaspace: 5995K(6208K)->5995K(6208K) NonClass: 5364K(5504K)->5364K(5504K) Class: 631K(704K)->631K(704K)
[2026-03-25T20:42:13.599+0900][16.224s][info][gc             ] GC(373) Pause Young (Allocation Failure) 417M->342M(422M) 1.699ms
[2026-03-25T20:42:13.599+0900][16.224s][info][gc,cpu         ] GC(373) User=0.00s Sys=0.00s Real=0.00s
[2026-03-25T20:42:13.657+0900][16.281s][info][gc,start       ] GC(374) Pause Full (Allocation Failure)
[2026-03-25T20:42:13.657+0900][16.281s][info][gc,phases,start] GC(374) Marking Phase
[2026-03-25T20:42:13.662+0900][16.286s][info][gc,phases      ] GC(374) Marking Phase 4.824ms
[2026-03-25T20:42:13.662+0900][16.286s][info][gc,phases,start] GC(374) Summary Phase
[2026-03-25T20:42:13.662+0900][16.286s][info][gc,phases      ] GC(374) Summary Phase 0.027ms
[2026-03-25T20:42:13.662+0900][16.286s][info][gc,phases,start] GC(374) Forward
[2026-03-25T20:42:13.662+0900][16.287s][info][gc,phases      ] GC(374) Forward 0.560ms
[2026-03-25T20:42:13.662+0900][16.287s][info][gc,phases,start] GC(374) Adjust Pointers
[2026-03-25T20:42:13.665+0900][16.289s][info][gc,phases      ] GC(374) Adjust Pointers 2.370ms
[2026-03-25T20:42:13.665+0900][16.289s][info][gc,phases,start] GC(374) Compaction Phase
[2026-03-25T20:42:13.666+0900][16.291s][info][gc,phases      ] GC(374) Compaction Phase 1.274ms
[2026-03-25T20:42:13.666+0900][16.291s][info][gc,phases,start] GC(374) Post Compact
[2026-03-25T20:42:13.666+0900][16.291s][info][gc,phases      ] GC(374) Post Compact 0.217ms
[2026-03-25T20:42:13.678+0900][16.302s][info][gc,heap        ] GC(374) PSYoungGen: 82369K(83456K)->0K(83456K) Eden: 79681K(79872K)->0K(79872K) From: 2688K(3584K)->0K(3584K)
[2026-03-25T20:42:13.678+0900][16.302s][info][gc,heap        ] GC(374) ParOldGen: 348220K(348672K)->27650K(175104K)
[2026-03-25T20:42:13.678+0900][16.302s][info][gc,metaspace   ] GC(374) Metaspace: 5995K(6208K)->5995K(6208K) NonClass: 5364K(5504K)->5364K(5504K) Class: 631K(704K)->631K(704K)
[2026-03-25T20:42:13.678+0900][16.303s][info][gc             ] GC(374) Pause Full (Allocation Failure) 420M->27M(252M) 21.316ms
[2026-03-25T20:42:13.678+0900][16.303s][info][gc,cpu         ] GC(374) User=0.03s Sys=0.02s Real=0.02s
[2026-03-25T20:42:13.680+0900][16.305s][info][gc,start       ] GC(375) Pause Young (Allocation Failure)
[2026-03-25T20:42:13.681+0900][16.305s][info][gc,heap        ] GC(375) PSYoungGen: 79681K(83456K)->3040K(83456K) Eden: 79681K(79872K)->0K(79872K) From: 0K(3584K)->3040K(3584K)
[2026-03-25T20:42:13.681+0900][16.305s][info][gc,heap        ] GC(375) ParOldGen: 27650K(175104K)->27650K(175104K)
[2026-03-25T20:42:13.681+0900][16.305s][info][gc,metaspace   ] GC(375) Metaspace: 5995K(6208K)->5995K(6208K) NonClass: 5364K(5504K)->5364K(5504K) Class: 631K(704K)->631K(704K)
[2026-03-25T20:42:13.681+0900][16.305s][info][gc             ] GC(375) Pause Young (Allocation Failure) 104M->29M(252M) 0.407ms
[2026-03-25T20:42:13.681+0900][16.305s][info][gc,cpu         ] GC(375) User=0.00s Sys=0.00s Real=0.00s
[2026-03-25T20:42:13.739+0900][16.363s][info][gc,start       ] GC(376) Pause Young (Allocation Failure)
[2026-03-25T20:42:13.739+0900][16.364s][info][gc,heap        ] GC(376) PSYoungGen: 82721K(83456K)->3008K(83456K) Eden: 79681K(79872K)->0K(79872K) From: 3040K(3584K)->3008K(3584K)
[2026-03-25T20:42:13.739+0900][16.364s][info][gc,heap        ] GC(376) ParOldGen: 27650K(175104K)->30506K(175104K)
[2026-03-25T20:42:13.739+0900][16.364s][info][gc,metaspace   ] GC(376) Metaspace: 5995K(6208K)->5995K(6208K) NonClass: 5364K(5504K)->5364K(5504K) Class: 631K(704K)->631K(704K)
[2026-03-25T20:42:13.739+0900][16.364s][info][gc             ] GC(376) Pause Young (Allocation Failure) 107M->32M(252M) 0.831ms
[2026-03-25T20:42:13.739+0900][16.364s][info][gc,cpu         ] GC(376) User=0.01s Sys=0.00s Real=0.00s
[2026-03-25T20:42:13.797+0900][16.422s][info][gc,start       ] GC(377) Pause Young (Allocation Failure)
[2026-03-25T20:42:13.798+0900][16.422s][info][gc,heap        ] GC(377) PSYoungGen: 82708K(83456K)->2688K(83456K) Eden: 79700K(79872K)->0K(79872K) From: 3008K(3584K)->2688K(3584K)
[2026-03-25T20:42:13.798+0900][16.422s][info][gc,heap        ] GC(377) ParOldGen: 30506K(175104K)->33346K(175104K)
[2026-03-25T20:42:13.798+0900][16.422s][info][gc,metaspace   ] GC(377) Metaspace: 5996K(6208K)->5996K(6208K) NonClass: 5365K(5504K)->5365K(5504K) Class: 631K(704K)->631K(704K)
[2026-03-25T20:42:13.798+0900][16.422s][info][gc             ] GC(377) Pause Young (Allocation Failure) 110M->35M(252M) 0.883ms
[2026-03-25T20:42:13.798+0900][16.422s][info][gc,cpu         ] GC(377) User=0.00s Sys=0.00s Real=0.00s
[2026-03-25T20:42:13.856+0900][16.480s][info][gc,start       ] GC(378) Pause Young (Allocation Failure)
[2026-03-25T20:42:13.857+0900][16.482s][info][gc,heap        ] GC(378) PSYoungGen: 82392K(83456K)->2944K(83456K) Eden: 79704K(79872K)->0K(79872K) From: 2688K(3584K)->2944K(3584K)
[2026-03-25T20:42:13.857+0900][16.482s][info][gc,heap        ] GC(378) ParOldGen: 33346K(175104K)->35922K(175104K)
[2026-03-25T20:42:13.857+0900][16.482s][info][gc,metaspace   ] GC(378) Metaspace: 5999K(6208K)->5999K(6208K) NonClass: 5368K(5504K)->5368K(5504K) Class: 631K(704K)->631K(704K)
[2026-03-25T20:42:13.857+0900][16.482s][info][gc             ] GC(378) Pause Young (Allocation Failure) 113M->37M(252M) 1.571ms
[2026-03-25T20:42:13.857+0900][16.482s][info][gc,cpu         ] GC(378) User=0.01s Sys=0.00s Real=0.00s
[2026-03-25T20:42:13.859+0900][16.484s][info][gc,start       ] GC(379) Pause Young (Allocation Failure)
[2026-03-25T20:42:13.860+0900][16.484s][info][gc,heap        ] GC(379) PSYoungGen: 82625K(83456K)->2784K(83456K) Eden: 79680K(79872K)->0K(79872K) From: 2944K(3584K)->2784K(3584K)
[2026-03-25T20:42:13.860+0900][16.485s][info][gc,heap        ] GC(379) ParOldGen: 35922K(175104K)->38778K(175104K)
[2026-03-25T20:42:13.860+0900][16.485s][info][gc,metaspace   ] GC(379) Metaspace: 5999K(6208K)->5999K(6208K) NonClass: 5368K(5504K)->5368K(5504K) Class: 631K(704K)->631K(704K)
[2026-03-25T20:42:13.860+0900][16.485s][info][gc             ] GC(379) Pause Young (Allocation Failure) 115M->40M(252M) 0.751ms
[2026-03-25T20:42:13.860+0900][16.485s][info][gc,cpu         ] GC(379) User=0.00s Sys=0.00s Real=0.01s
[2026-03-25T20:42:13.913+0900][16.537s][info][gc,start       ] GC(380) Pause Young (Allocation Failure)
[2026-03-25T20:42:13.913+0900][16.538s][info][gc,heap        ] GC(380) PSYoungGen: 82465K(83456K)->2976K(83456K) Eden: 79680K(79872K)->0K(79872K) From: 2784K(3584K)->2976K(3584K)
[2026-03-25T20:42:13.913+0900][16.538s][info][gc,heap        ] GC(380) ParOldGen: 38778K(175104K)->41370K(175104K)
[2026-03-25T20:42:13.913+0900][16.538s][info][gc,metaspace   ] GC(380) Metaspace: 5999K(6208K)->5999K(6208K) NonClass: 5368K(5504K)->5368K(5504K) Class: 631K(704K)->631K(704K)
[2026-03-25T20:42:13.913+0900][16.538s][info][gc             ] GC(380) Pause Young (Allocation Failure) 118M->43M(252M) 0.842ms
[2026-03-25T20:42:13.913+0900][16.538s][info][gc,cpu         ] GC(380) User=0.01s Sys=0.00s Real=0.00s
[2026-03-25T20:42:13.971+0900][16.596s][info][gc,start       ] GC(381) Pause Young (Allocation Failure)
[2026-03-25T20:42:13.973+0900][16.597s][info][gc,heap        ] GC(381) PSYoungGen: 82657K(83456K)->2912K(83456K) Eden: 79681K(79872K)->0K(79872K) From: 2976K(3584K)->2912K(3584K)
[2026-03-25T20:42:13.973+0900][16.597s][info][gc,heap        ] GC(381) ParOldGen: 41370K(175104K)->44203K(175104K)
[2026-03-25T20:42:13.973+0900][16.597s][info][gc,metaspace   ] GC(381) Metaspace: 5999K(6208K)->5999K(6208K) NonClass: 5368K(5504K)->5368K(5504K) Class: 631K(704K)->631K(704K)
[2026-03-25T20:42:13.973+0900][16.597s][info][gc             ] GC(381) Pause Young (Allocation Failure) 121M->46M(252M) 1.647ms
[2026-03-25T20:42:13.973+0900][16.597s][info][gc,cpu         ] GC(381) User=0.00s Sys=0.00s Real=0.00s
[2026-03-25T20:42:14.031+0900][16.655s][info][gc,start       ] GC(382) Pause Young (Allocation Failure)
[2026-03-25T20:42:14.032+0900][16.656s][info][gc,heap        ] GC(382) PSYoungGen: 82593K(83456K)->2752K(83456K) Eden: 79681K(79872K)->0K(79872K) From: 2912K(3584K)->2752K(3584K)
[2026-03-25T20:42:14.032+0900][16.656s][info][gc,heap        ] GC(382) ParOldGen: 44203K(175104K)->47051K(175104K)
[2026-03-25T20:42:14.032+0900][16.656s][info][gc,metaspace   ] GC(382) Metaspace: 5999K(6208K)->5999K(6208K) NonClass: 5368K(5504K)->5368K(5504K) Class: 631K(704K)->631K(704K)
[2026-03-25T20:42:14.032+0900][16.656s][info][gc             ] GC(382) Pause Young (Allocation Failure) 123M->48M(252M) 1.162ms
[2026-03-25T20:42:14.032+0900][16.656s][info][gc,cpu         ] GC(382) User=0.01s Sys=0.00s Real=0.00s
[2026-03-25T20:42:14.034+0900][16.659s][info][gc,start       ] GC(383) Pause Young (Allocation Failure)
[2026-03-25T20:42:14.035+0900][16.659s][info][gc,heap        ] GC(383) PSYoungGen: 82433K(83456K)->2720K(83456K) Eden: 79681K(79872K)->0K(79872K) From: 2752K(3584K)->2720K(3584K)
[2026-03-25T20:42:14.035+0900][16.659s][info][gc,heap        ] GC(383) ParOldGen: 47051K(175104K)->49643K(175104K)
[2026-03-25T20:42:14.035+0900][16.659s][info][gc,metaspace   ] GC(383) Metaspace: 5999K(6208K)->5999K(6208K) NonClass: 5368K(5504K)->5368K(5504K) Class: 631K(704K)->631K(704K)
[2026-03-25T20:42:14.035+0900][16.659s][info][gc             ] GC(383) Pause Young (Allocation Failure) 126M->51M(252M) 0.700ms
[2026-03-25T20:42:14.035+0900][16.659s][info][gc,cpu         ] GC(383) User=0.00s Sys=0.00s Real=0.00s
[2026-03-25T20:42:14.092+0900][16.716s][info][gc,start       ] GC(384) Pause Young (Allocation Failure)
[2026-03-25T20:42:14.093+0900][16.717s][info][gc,heap        ] GC(384) PSYoungGen: 82401K(83456K)->2976K(83456K) Eden: 79681K(79872K)->0K(79872K) From: 2720K(3584K)->2976K(3584K)
[2026-03-25T20:42:14.093+0900][16.717s][info][gc,heap        ] GC(384) ParOldGen: 49643K(175104K)->52227K(175104K)
[2026-03-25T20:42:14.093+0900][16.717s][info][gc,metaspace   ] GC(384) Metaspace: 5999K(6208K)->5999K(6208K) NonClass: 5368K(5504K)->5368K(5504K) Class: 631K(704K)->631K(704K)
[2026-03-25T20:42:14.093+0900][16.717s][info][gc             ] GC(384) Pause Young (Allocation Failure) 128M->53M(252M) 1.131ms
[2026-03-25T20:42:14.093+0900][16.717s][info][gc,cpu         ] GC(384) User=0.01s Sys=0.00s Real=0.00s
[2026-03-25T20:42:14.147+0900][16.772s][info][gc,start       ] GC(385) Pause Young (Allocation Failure)
[2026-03-25T20:42:14.148+0900][16.773s][info][gc,heap        ] GC(385) PSYoungGen: 82657K(83456K)->2976K(83456K) Eden: 79681K(79872K)->0K(79872K) From: 2976K(3584K)->2976K(3584K)
[2026-03-25T20:42:14.148+0900][16.773s][info][gc,heap        ] GC(385) ParOldGen: 52227K(175104K)->55075K(175104K)
[2026-03-25T20:42:14.148+0900][16.773s][info][gc,metaspace   ] GC(385) Metaspace: 5999K(6208K)->5999K(6208K) NonClass: 5368K(5504K)->5368K(5504K) Class: 631K(704K)->631K(704K)
[2026-03-25T20:42:14.148+0900][16.773s][info][gc             ] GC(385) Pause Young (Allocation Failure) 131M->56M(252M) 1.170ms
[2026-03-25T20:42:14.148+0900][16.773s][info][gc,cpu         ] GC(385) User=0.00s Sys=0.00s Real=0.00s
[2026-03-25T20:42:14.203+0900][16.827s][info][gc,start       ] GC(386) Pause Young (Allocation Failure)
[2026-03-25T20:42:14.204+0900][16.828s][info][gc,heap        ] GC(386) PSYoungGen: 82657K(83456K)->2752K(83456K) Eden: 79681K(79872K)->0K(79872K) From: 2976K(3584K)->2752K(3584K)
[2026-03-25T20:42:14.204+0900][16.828s][info][gc,heap        ] GC(386) ParOldGen: 55075K(175104K)->57931K(175104K)
[2026-03-25T20:42:14.204+0900][16.828s][info][gc,metaspace   ] GC(386) Metaspace: 5999K(6208K)->5999K(6208K) NonClass: 5368K(5504K)->5368K(5504K) Class: 631K(704K)->631K(704K)
[2026-03-25T20:42:14.204+0900][16.828s][info][gc             ] GC(386) Pause Young (Allocation Failure) 134M->59M(252M) 1.325ms
[2026-03-25T20:42:14.204+0900][16.828s][info][gc,cpu         ] GC(386) User=0.00s Sys=0.00s Real=0.00s
[2026-03-25T20:42:14.206+0900][16.831s][info][gc,start       ] GC(387) Pause Young (Allocation Failure)
[2026-03-25T20:42:14.207+0900][16.832s][info][gc,heap        ] GC(387) PSYoungGen: 82433K(83456K)->2688K(83456K) Eden: 79681K(79872K)->0K(79872K) From: 2752K(3584K)->2688K(3584K)
[2026-03-25T20:42:14.207+0900][16.832s][info][gc,heap        ] GC(387) ParOldGen: 57931K(175104K)->60516K(175104K)
[2026-03-25T20:42:14.207+0900][16.832s][info][gc,metaspace   ] GC(387) Metaspace: 5999K(6208K)->5999K(6208K) NonClass: 5368K(5504K)->5368K(5504K) Class: 631K(704K)->631K(704K)
[2026-03-25T20:42:14.207+0900][16.832s][info][gc             ] GC(387) Pause Young (Allocation Failure) 137M->61M(252M) 0.867ms
[2026-03-25T20:42:14.207+0900][16.832s][info][gc,cpu         ] GC(387) User=0.00s Sys=0.00s Real=0.00s
[2026-03-25T20:42:14.265+0900][16.889s][info][gc,start       ] GC(388) Pause Young (Allocation Failure)
[2026-03-25T20:42:14.265+0900][16.890s][info][gc,heap        ] GC(388) PSYoungGen: 82369K(83456K)->3008K(83456K) Eden: 79681K(79872K)->0K(79872K) From: 2688K(3584K)->3008K(3584K)
[2026-03-25T20:42:14.265+0900][16.890s][info][gc,heap        ] GC(388) ParOldGen: 60516K(175104K)->63108K(175104K)
[2026-03-25T20:42:14.265+0900][16.890s][info][gc,metaspace   ] GC(388) Metaspace: 5999K(6208K)->5999K(6208K) NonClass: 5368K(5504K)->5368K(5504K) Class: 631K(704K)->631K(704K)
[2026-03-25T20:42:14.265+0900][16.890s][info][gc             ] GC(388) Pause Young (Allocation Failure) 139M->64M(252M) 0.922ms
[2026-03-25T20:42:14.265+0900][16.890s][info][gc,cpu         ] GC(388) User=0.00s Sys=0.00s Real=0.00s
[2026-03-25T20:42:14.322+0900][16.947s][info][gc,start       ] GC(389) Pause Young (Allocation Failure)
[2026-03-25T20:42:14.323+0900][16.947s][info][gc,heap        ] GC(389) PSYoungGen: 82689K(83456K)->3008K(83456K) Eden: 79681K(79872K)->0K(79872K) From: 3008K(3584K)->3008K(3584K)
[2026-03-25T20:42:14.323+0900][16.948s][info][gc,heap        ] GC(389) ParOldGen: 63108K(175104K)->65964K(175104K)
[2026-03-25T20:42:14.323+0900][16.948s][info][gc,metaspace   ] GC(389) Metaspace: 5999K(6208K)->5999K(6208K) NonClass: 5368K(5504K)->5368K(5504K) Class: 631K(704K)->631K(704K)
[2026-03-25T20:42:14.323+0900][16.948s][info][gc             ] GC(389) Pause Young (Allocation Failure) 142M->67M(252M) 0.877ms
[2026-03-25T20:42:14.323+0900][16.948s][info][gc,cpu         ] GC(389) User=0.00s Sys=0.01s Real=0.00s
[2026-03-25T20:42:14.381+0900][17.005s][info][gc,start       ] GC(390) Pause Young (Allocation Failure)
[2026-03-25T20:42:14.382+0900][17.006s][info][gc,heap        ] GC(390) PSYoungGen: 82689K(83456K)->2752K(83456K) Eden: 79681K(79872K)->0K(79872K) From: 3008K(3584K)->2752K(3584K)
[2026-03-25T20:42:14.382+0900][17.006s][info][gc,heap        ] GC(390) ParOldGen: 65964K(175104K)->68812K(175104K)
[2026-03-25T20:42:14.382+0900][17.006s][info][gc,metaspace   ] GC(390) Metaspace: 5999K(6208K)->5999K(6208K) NonClass: 5368K(5504K)->5368K(5504K) Class: 631K(704K)->631K(704K)
[2026-03-25T20:42:14.382+0900][17.006s][info][gc             ] GC(390) Pause Young (Allocation Failure) 145M->69M(252M) 1.279ms
[2026-03-25T20:42:14.382+0900][17.006s][info][gc,cpu         ] GC(390) User=0.01s Sys=0.00s Real=0.00s
[2026-03-25T20:42:14.384+0900][17.009s][info][gc,start       ] GC(391) Pause Young (Allocation Failure)
[2026-03-25T20:42:14.385+0900][17.009s][info][gc,heap        ] GC(391) PSYoungGen: 82433K(83456K)->2752K(83456K) Eden: 79681K(79872K)->0K(79872K) From: 2752K(3584K)->2752K(3584K)
[2026-03-25T20:42:14.385+0900][17.009s][info][gc,heap        ] GC(391) ParOldGen: 68812K(175104K)->71404K(175104K)
[2026-03-25T20:42:14.385+0900][17.009s][info][gc,metaspace   ] GC(391) Metaspace: 5999K(6208K)->5999K(6208K) NonClass: 5368K(5504K)->5368K(5504K) Class: 631K(704K)->631K(704K)
[2026-03-25T20:42:14.385+0900][17.009s][info][gc             ] GC(391) Pause Young (Allocation Failure) 147M->72M(252M) 0.734ms
[2026-03-25T20:42:14.385+0900][17.009s][info][gc,cpu         ] GC(391) User=0.00s Sys=0.00s Real=0.00s
[2026-03-25T20:42:14.439+0900][17.064s][info][gc,start       ] GC(392) Pause Young (Allocation Failure)
[2026-03-25T20:42:14.440+0900][17.065s][info][gc,heap        ] GC(392) PSYoungGen: 82433K(83456K)->2976K(83456K) Eden: 79681K(79872K)->0K(79872K) From: 2752K(3584K)->2976K(3584K)
[2026-03-25T20:42:14.440+0900][17.065s][info][gc,heap        ] GC(392) ParOldGen: 71404K(175104K)->73988K(175104K)
[2026-03-25T20:42:14.440+0900][17.065s][info][gc,metaspace   ] GC(392) Metaspace: 5999K(6208K)->5999K(6208K) NonClass: 5368K(5504K)->5368K(5504K) Class: 631K(704K)->631K(704K)
[2026-03-25T20:42:14.440+0900][17.065s][info][gc             ] GC(392) Pause Young (Allocation Failure) 150M->75M(252M) 0.928ms
[2026-03-25T20:42:14.440+0900][17.065s][info][gc,cpu         ] GC(392) User=0.01s Sys=0.00s Real=0.01s
[2026-03-25T20:42:14.498+0900][17.122s][info][gc,start       ] GC(393) Pause Young (Allocation Failure)
[2026-03-25T20:42:14.499+0900][17.124s][info][gc,heap        ] GC(393) PSYoungGen: 82657K(83456K)->3008K(83456K) Eden: 79681K(79872K)->0K(79872K) From: 2976K(3584K)->3008K(3584K)
[2026-03-25T20:42:14.499+0900][17.124s][info][gc,heap        ] GC(393) ParOldGen: 73988K(175104K)->76837K(175104K)
[2026-03-25T20:42:14.499+0900][17.124s][info][gc,metaspace   ] GC(393) Metaspace: 5999K(6208K)->5999K(6208K) NonClass: 5368K(5504K)->5368K(5504K) Class: 631K(704K)->631K(704K)
[2026-03-25T20:42:14.499+0900][17.124s][info][gc             ] GC(393) Pause Young (Allocation Failure) 152M->77M(252M) 1.251ms
[2026-03-25T20:42:14.499+0900][17.124s][info][gc,cpu         ] GC(393) User=0.00s Sys=0.00s Real=0.00s
[2026-03-25T20:42:14.555+0900][17.180s][info][gc,start       ] GC(394) Pause Young (Allocation Failure)
[2026-03-25T20:42:14.557+0900][17.181s][info][gc,heap        ] GC(394) PSYoungGen: 82689K(83456K)->2688K(83456K) Eden: 79681K(79872K)->0K(79872K) From: 3008K(3584K)->2688K(3584K)
[2026-03-25T20:42:14.557+0900][17.181s][info][gc,heap        ] GC(394) ParOldGen: 76837K(175104K)->79677K(175104K)
[2026-03-25T20:42:14.557+0900][17.181s][info][gc,metaspace   ] GC(394) Metaspace: 5999K(6208K)->5999K(6208K) NonClass: 5368K(5504K)->5368K(5504K) Class: 631K(704K)->631K(704K)
[2026-03-25T20:42:14.557+0900][17.181s][info][gc             ] GC(394) Pause Young (Allocation Failure) 155M->80M(252M) 1.392ms
[2026-03-25T20:42:14.557+0900][17.181s][info][gc,cpu         ] GC(394) User=0.00s Sys=0.00s Real=0.00s
[2026-03-25T20:42:14.559+0900][17.184s][info][gc,start       ] GC(395) Pause Young (Allocation Failure)
[2026-03-25T20:42:14.560+0900][17.185s][info][gc,heap        ] GC(395) PSYoungGen: 82369K(83456K)->2752K(83456K) Eden: 79681K(79872K)->0K(79872K) From: 2688K(3584K)->2752K(3584K)
[2026-03-25T20:42:14.560+0900][17.185s][info][gc,heap        ] GC(395) ParOldGen: 79677K(175104K)->82277K(175104K)
[2026-03-25T20:42:14.560+0900][17.185s][info][gc,metaspace   ] GC(395) Metaspace: 5999K(6208K)->5999K(6208K) NonClass: 5368K(5504K)->5368K(5504K) Class: 631K(704K)->631K(704K)
[2026-03-25T20:42:14.560+0900][17.185s][info][gc             ] GC(395) Pause Young (Allocation Failure) 158M->83M(252M) 0.810ms
[2026-03-25T20:42:14.560+0900][17.185s][info][gc,cpu         ] GC(395) User=0.00s Sys=0.00s Real=0.01s
[2026-03-25T20:42:14.618+0900][17.242s][info][gc,start       ] GC(396) Pause Young (Allocation Failure)
[2026-03-25T20:42:14.618+0900][17.243s][info][gc,heap        ] GC(396) PSYoungGen: 82433K(83456K)->2976K(83456K) Eden: 79681K(79872K)->0K(79872K) From: 2752K(3584K)->2976K(3584K)
[2026-03-25T20:42:14.618+0900][17.243s][info][gc,heap        ] GC(396) ParOldGen: 82277K(175104K)->84869K(175104K)
[2026-03-25T20:42:14.619+0900][17.243s][info][gc,metaspace   ] GC(396) Metaspace: 5999K(6208K)->5999K(6208K) NonClass: 5368K(5504K)->5368K(5504K) Class: 631K(704K)->631K(704K)
[2026-03-25T20:42:14.619+0900][17.243s][info][gc             ] GC(396) Pause Young (Allocation Failure) 160M->85M(252M) 1.011ms
[2026-03-25T20:42:14.619+0900][17.243s][info][gc,cpu         ] GC(396) User=0.00s Sys=0.00s Real=0.00s
[2026-03-25T20:42:14.676+0900][17.300s][info][gc,start       ] GC(397) Pause Young (Allocation Failure)
[2026-03-25T20:42:14.677+0900][17.302s][info][gc,heap        ] GC(397) PSYoungGen: 82657K(83456K)->3008K(83456K) Eden: 79681K(79872K)->0K(79872K) From: 2976K(3584K)->3008K(3584K)
[2026-03-25T20:42:14.677+0900][17.302s][info][gc,heap        ] GC(397) ParOldGen: 84869K(175104K)->87725K(175104K)
[2026-03-25T20:42:14.677+0900][17.302s][info][gc,metaspace   ] GC(397) Metaspace: 5999K(6208K)->5999K(6208K) NonClass: 5368K(5504K)->5368K(5504K) Class: 631K(704K)->631K(704K)
[2026-03-25T20:42:14.677+0900][17.302s][info][gc             ] GC(397) Pause Young (Allocation Failure) 163M->88M(252M) 1.313ms
[2026-03-25T20:42:14.677+0900][17.302s][info][gc,cpu         ] GC(397) User=0.01s Sys=0.00s Real=0.00s
[2026-03-25T20:42:14.735+0900][17.359s][info][gc,start       ] GC(398) Pause Young (Allocation Failure)
[2026-03-25T20:42:14.736+0900][17.360s][info][gc,heap        ] GC(398) PSYoungGen: 82689K(83456K)->2720K(83456K) Eden: 79681K(79872K)->0K(79872K) From: 3008K(3584K)->2720K(3584K)
[2026-03-25T20:42:14.736+0900][17.360s][info][gc,heap        ] GC(398) ParOldGen: 87725K(175104K)->90581K(175104K)
[2026-03-25T20:42:14.736+0900][17.360s][info][gc,metaspace   ] GC(398) Metaspace: 5999K(6208K)->5999K(6208K) NonClass: 5368K(5504K)->5368K(5504K) Class: 631K(704K)->631K(704K)
[2026-03-25T20:42:14.736+0900][17.360s][info][gc             ] GC(398) Pause Young (Allocation Failure) 166M->91M(252M) 1.076ms
[2026-03-25T20:42:14.736+0900][17.360s][info][gc,cpu         ] GC(398) User=0.00s Sys=0.00s Real=0.00s
[2026-03-25T20:42:14.738+0900][17.363s][info][gc,start       ] GC(399) Pause Young (Allocation Failure)
[2026-03-25T20:42:14.739+0900][17.364s][info][gc,heap        ] GC(399) PSYoungGen: 82401K(83456K)->2944K(83456K) Eden: 79681K(79872K)->0K(79872K) From: 2720K(3584K)->2944K(3584K)
[2026-03-25T20:42:14.739+0900][17.364s][info][gc,heap        ] GC(399) ParOldGen: 90581K(175104K)->93166K(175104K)
[2026-03-25T20:42:14.739+0900][17.364s][info][gc,metaspace   ] GC(399) Metaspace: 5999K(6208K)->5999K(6208K) NonClass: 5368K(5504K)->5368K(5504K) Class: 631K(704K)->631K(704K)
[2026-03-25T20:42:14.739+0900][17.364s][info][gc             ] GC(399) Pause Young (Allocation Failure) 168M->93M(252M) 1.476ms
[2026-03-25T20:42:14.740+0900][17.364s][info][gc,cpu         ] GC(399) User=0.00s Sys=0.00s Real=0.01s
[2026-03-25T20:42:14.797+0900][17.421s][info][gc,start       ] GC(400) Pause Young (Allocation Failure)
[2026-03-25T20:42:14.798+0900][17.423s][info][gc,heap        ] GC(400) PSYoungGen: 82625K(83456K)->3008K(83456K) Eden: 79681K(79872K)->0K(79872K) From: 2944K(3584K)->3008K(3584K)
[2026-03-25T20:42:14.798+0900][17.423s][info][gc,heap        ] GC(400) ParOldGen: 93166K(175104K)->95758K(175104K)
[2026-03-25T20:42:14.798+0900][17.423s][info][gc,metaspace   ] GC(400) Metaspace: 5999K(6208K)->5999K(6208K) NonClass: 5368K(5504K)->5368K(5504K) Class: 631K(704K)->631K(704K)
[2026-03-25T20:42:14.798+0900][17.423s][info][gc             ] GC(400) Pause Young (Allocation Failure) 171M->96M(252M) 1.259ms
[2026-03-25T20:42:14.798+0900][17.423s][info][gc,cpu         ] GC(400) User=0.01s Sys=0.00s Real=0.00s
[2026-03-25T20:42:14.856+0900][17.481s][info][gc,start       ] GC(401) Pause Young (Allocation Failure)
[2026-03-25T20:42:14.858+0900][17.482s][info][gc,heap        ] GC(401) PSYoungGen: 82726K(83456K)->3008K(83456K) Eden: 79718K(79872K)->0K(79872K) From: 3008K(3584K)->3008K(3584K)
[2026-03-25T20:42:14.858+0900][17.482s][info][gc,heap        ] GC(401) ParOldGen: 95758K(175104K)->98606K(175104K)
[2026-03-25T20:42:14.858+0900][17.482s][info][gc,metaspace   ] GC(401) Metaspace: 6003K(6208K)->6003K(6208K) NonClass: 5372K(5504K)->5372K(5504K) Class: 631K(704K)->631K(704K)
[2026-03-25T20:42:14.858+0900][17.482s][info][gc             ] GC(401) Pause Young (Allocation Failure) 174M->99M(252M) 1.298ms
[2026-03-25T20:42:14.858+0900][17.482s][info][gc,cpu         ] GC(401) User=0.00s Sys=0.00s Real=0.00s
[2026-03-25T20:42:14.912+0900][17.536s][info][gc,start       ] GC(402) Pause Young (Allocation Failure)
[2026-03-25T20:42:14.913+0900][17.538s][info][gc,heap        ] GC(402) PSYoungGen: 82689K(83456K)->2976K(83456K) Eden: 79680K(79872K)->0K(79872K) From: 3008K(3584K)->2976K(3584K)
[2026-03-25T20:42:14.913+0900][17.538s][info][gc,heap        ] GC(402) ParOldGen: 98606K(175104K)->101454K(175104K)
[2026-03-25T20:42:14.913+0900][17.538s][info][gc,metaspace   ] GC(402) Metaspace: 6003K(6208K)->6003K(6208K) NonClass: 5372K(5504K)->5372K(5504K) Class: 631K(704K)->631K(704K)
[2026-03-25T20:42:14.913+0900][17.538s][info][gc             ] GC(402) Pause Young (Allocation Failure) 177M->101M(252M) 1.362ms
[2026-03-25T20:42:14.913+0900][17.538s][info][gc,cpu         ] GC(402) User=0.01s Sys=0.00s Real=0.00s
[2026-03-25T20:42:14.916+0900][17.540s][info][gc,start       ] GC(403) Pause Young (Allocation Failure)
[2026-03-25T20:42:14.916+0900][17.541s][info][gc,heap        ] GC(403) PSYoungGen: 82657K(83456K)->2720K(83456K) Eden: 79680K(79872K)->0K(79872K) From: 2976K(3584K)->2720K(3584K)
[2026-03-25T20:42:14.916+0900][17.541s][info][gc,heap        ] GC(403) ParOldGen: 101454K(175104K)->104302K(175104K)
[2026-03-25T20:42:14.916+0900][17.541s][info][gc,metaspace   ] GC(403) Metaspace: 6003K(6208K)->6003K(6208K) NonClass: 5372K(5504K)->5372K(5504K) Class: 631K(704K)->631K(704K)
[2026-03-25T20:42:14.917+0900][17.541s][info][gc             ] GC(403) Pause Young (Allocation Failure) 179M->104M(252M) 0.887ms
[2026-03-25T20:42:14.917+0900][17.541s][info][gc,cpu         ] GC(403) User=0.00s Sys=0.00s Real=0.00s
[2026-03-25T20:42:14.972+0900][17.597s][info][gc,start       ] GC(404) Pause Young (Allocation Failure)
[2026-03-25T20:42:14.973+0900][17.597s][info][gc,heap        ] GC(404) PSYoungGen: 82401K(83456K)->2752K(83456K) Eden: 79681K(79872K)->0K(79872K) From: 2720K(3584K)->2752K(3584K)
[2026-03-25T20:42:14.973+0900][17.597s][info][gc,heap        ] GC(404) ParOldGen: 104302K(175104K)->106902K(175104K)
[2026-03-25T20:42:14.973+0900][17.597s][info][gc,metaspace   ] GC(404) Metaspace: 6003K(6208K)->6003K(6208K) NonClass: 5372K(5504K)->5372K(5504K) Class: 631K(704K)->631K(704K)
[2026-03-25T20:42:14.973+0900][17.597s][info][gc             ] GC(404) Pause Young (Allocation Failure) 182M->107M(252M) 0.847ms
[2026-03-25T20:42:14.973+0900][17.597s][info][gc,cpu         ] GC(404) User=0.01s Sys=0.00s Real=0.00s
[2026-03-25T20:42:15.028+0900][17.652s][info][gc,start       ] GC(405) Pause Young (Allocation Failure)
[2026-03-25T20:42:15.029+0900][17.654s][info][gc,heap        ] GC(405) PSYoungGen: 82433K(83456K)->2912K(83456K) Eden: 79681K(79872K)->0K(79872K) From: 2752K(3584K)->2912K(3584K)
[2026-03-25T20:42:15.030+0900][17.654s][info][gc,heap        ] GC(405) ParOldGen: 106902K(175104K)->109479K(175104K)
[2026-03-25T20:42:15.030+0900][17.654s][info][gc,metaspace   ] GC(405) Metaspace: 6003K(6208K)->6003K(6208K) NonClass: 5372K(5504K)->5372K(5504K) Class: 631K(704K)->631K(704K)
[2026-03-25T20:42:15.030+0900][17.654s][info][gc             ] GC(405) Pause Young (Allocation Failure) 184M->109M(252M) 1.730ms
[2026-03-25T20:42:15.030+0900][17.654s][info][gc,cpu         ] GC(405) User=0.00s Sys=0.00s Real=0.01s
[2026-03-25T20:42:15.083+0900][17.707s][info][gc,start       ] GC(406) Pause Young (Allocation Failure)
[2026-03-25T20:42:15.084+0900][17.709s][info][gc,heap        ] GC(406) PSYoungGen: 82685K(83456K)->2976K(83456K) Eden: 79773K(79872K)->0K(79872K) From: 2912K(3584K)->2976K(3584K)
[2026-03-25T20:42:15.084+0900][17.709s][info][gc,heap        ] GC(406) ParOldGen: 109479K(175104K)->112327K(175104K)
[2026-03-25T20:42:15.084+0900][17.709s][info][gc,metaspace   ] GC(406) Metaspace: 6003K(6208K)->6003K(6208K) NonClass: 5372K(5504K)->5372K(5504K) Class: 631K(704K)->631K(704K)
[2026-03-25T20:42:15.084+0900][17.709s][info][gc             ] GC(406) Pause Young (Allocation Failure) 187M->112M(252M) 1.371ms
[2026-03-25T20:42:15.084+0900][17.709s][info][gc,cpu         ] GC(406) User=0.00s Sys=0.00s Real=0.00s
[2026-03-25T20:42:15.087+0900][17.711s][info][gc,start       ] GC(407) Pause Young (Allocation Failure)
[2026-03-25T20:42:15.087+0900][17.712s][info][gc,heap        ] GC(407) PSYoungGen: 82656K(83456K)->2752K(83456K) Eden: 79680K(79872K)->0K(79872K) From: 2976K(3584K)->2752K(3584K)
[2026-03-25T20:42:15.087+0900][17.712s][info][gc,heap        ] GC(407) ParOldGen: 112327K(175104K)->115183K(175104K)
[2026-03-25T20:42:15.087+0900][17.712s][info][gc,metaspace   ] GC(407) Metaspace: 6003K(6208K)->6003K(6208K) NonClass: 5372K(5504K)->5372K(5504K) Class: 631K(704K)->631K(704K)
[2026-03-25T20:42:15.087+0900][17.712s][info][gc             ] GC(407) Pause Young (Allocation Failure) 190M->115M(252M) 0.821ms
[2026-03-25T20:42:15.087+0900][17.712s][info][gc,cpu         ] GC(407) User=0.00s Sys=0.00s Real=0.00s
[2026-03-25T20:42:15.145+0900][17.769s][info][gc,start       ] GC(408) Pause Young (Allocation Failure)
[2026-03-25T20:42:15.146+0900][17.770s][info][gc,heap        ] GC(408) PSYoungGen: 82432K(83456K)->2720K(83456K) Eden: 79680K(79872K)->0K(79872K) From: 2752K(3584K)->2720K(3584K)
[2026-03-25T20:42:15.146+0900][17.770s][info][gc,heap        ] GC(408) ParOldGen: 115183K(175104K)->117783K(175104K)
[2026-03-25T20:42:15.146+0900][17.770s][info][gc,metaspace   ] GC(408) Metaspace: 6003K(6208K)->6003K(6208K) NonClass: 5372K(5504K)->5372K(5504K) Class: 631K(704K)->631K(704K)
[2026-03-25T20:42:15.146+0900][17.770s][info][gc             ] GC(408) Pause Young (Allocation Failure) 192M->117M(252M) 1.015ms
[2026-03-25T20:42:15.146+0900][17.770s][info][gc,cpu         ] GC(408) User=0.00s Sys=0.01s Real=0.00s
[2026-03-25T20:42:15.203+0900][17.828s][info][gc,start       ] GC(409) Pause Young (Allocation Failure)
[2026-03-25T20:42:15.205+0900][17.829s][info][gc,heap        ] GC(409) PSYoungGen: 82400K(83456K)->2976K(83456K) Eden: 79680K(79872K)->0K(79872K) From: 2720K(3584K)->2976K(3584K)
[2026-03-25T20:42:15.205+0900][17.829s][info][gc,heap        ] GC(409) ParOldGen: 117783K(175104K)->120383K(175104K)
[2026-03-25T20:42:15.205+0900][17.829s][info][gc,metaspace   ] GC(409) Metaspace: 6003K(6208K)->6003K(6208K) NonClass: 5372K(5504K)->5372K(5504K) Class: 631K(704K)->631K(704K)
[2026-03-25T20:42:15.205+0900][17.829s][info][gc             ] GC(409) Pause Young (Allocation Failure) 195M->120M(252M) 1.281ms
[2026-03-25T20:42:15.205+0900][17.829s][info][gc,cpu         ] GC(409) User=0.00s Sys=0.00s Real=0.00s
[2026-03-25T20:42:15.259+0900][17.883s][info][gc,start       ] GC(410) Pause Young (Allocation Failure)
[2026-03-25T20:42:15.260+0900][17.885s][info][gc,heap        ] GC(410) PSYoungGen: 82657K(83456K)->3008K(83456K) Eden: 79680K(79872K)->0K(79872K) From: 2976K(3584K)->3008K(3584K)
[2026-03-25T20:42:15.260+0900][17.885s][info][gc,heap        ] GC(410) ParOldGen: 120383K(175104K)->123239K(175104K)
[2026-03-25T20:42:15.260+0900][17.885s][info][gc,metaspace   ] GC(410) Metaspace: 6003K(6208K)->6003K(6208K) NonClass: 5372K(5504K)->5372K(5504K) Class: 631K(704K)->631K(704K)
[2026-03-25T20:42:15.260+0900][17.885s][info][gc             ] GC(410) Pause Young (Allocation Failure) 198M->123M(252M) 1.469ms
[2026-03-25T20:42:15.260+0900][17.885s][info][gc,cpu         ] GC(410) User=0.01s Sys=0.00s Real=0.01s
[2026-03-25T20:42:15.262+0900][17.887s][info][gc,start       ] GC(411) Pause Young (Allocation Failure)
[2026-03-25T20:42:15.263+0900][17.888s][info][gc,heap        ] GC(411) PSYoungGen: 82689K(83456K)->2720K(83456K) Eden: 79680K(79872K)->0K(79872K) From: 3008K(3584K)->2720K(3584K)
[2026-03-25T20:42:15.263+0900][17.888s][info][gc,heap        ] GC(411) ParOldGen: 123239K(175104K)->126088K(175104K)
[2026-03-25T20:42:15.263+0900][17.888s][info][gc,metaspace   ] GC(411) Metaspace: 6003K(6208K)->6003K(6208K) NonClass: 5372K(5504K)->5372K(5504K) Class: 631K(704K)->631K(704K)
[2026-03-25T20:42:15.263+0900][17.888s][info][gc             ] GC(411) Pause Young (Allocation Failure) 201M->125M(252M) 0.904ms
[2026-03-25T20:42:15.263+0900][17.888s][info][gc,cpu         ] GC(411) User=0.00s Sys=0.00s Real=0.00s
[2026-03-25T20:42:15.319+0900][17.944s][info][gc,start       ] GC(412) Pause Young (Allocation Failure)
[2026-03-25T20:42:15.321+0900][17.945s][info][gc,heap        ] GC(412) PSYoungGen: 82401K(83456K)->2752K(83456K) Eden: 79681K(79872K)->0K(79872K) From: 2720K(3584K)->2752K(3584K)
[2026-03-25T20:42:15.321+0900][17.945s][info][gc,heap        ] GC(412) ParOldGen: 126088K(175104K)->128688K(175104K)
[2026-03-25T20:42:15.321+0900][17.945s][info][gc,metaspace   ] GC(412) Metaspace: 6003K(6208K)->6003K(6208K) NonClass: 5372K(5504K)->5372K(5504K) Class: 631K(704K)->631K(704K)
[2026-03-25T20:42:15.321+0900][17.945s][info][gc             ] GC(412) Pause Young (Allocation Failure) 203M->128M(252M) 1.309ms
[2026-03-25T20:42:15.321+0900][17.945s][info][gc,cpu         ] GC(412) User=0.00s Sys=0.00s Real=0.01s
[2026-03-25T20:42:15.379+0900][18.003s][info][gc,start       ] GC(413) Pause Young (Allocation Failure)
[2026-03-25T20:42:15.380+0900][18.004s][info][gc,heap        ] GC(413) PSYoungGen: 82433K(83456K)->3008K(83456K) Eden: 79681K(79872K)->0K(79872K) From: 2752K(3584K)->3008K(3584K)
[2026-03-25T20:42:15.380+0900][18.004s][info][gc,heap        ] GC(413) ParOldGen: 128688K(175104K)->131280K(175104K)
[2026-03-25T20:42:15.380+0900][18.004s][info][gc,metaspace   ] GC(413) Metaspace: 6003K(6208K)->6003K(6208K) NonClass: 5372K(5504K)->5372K(5504K) Class: 631K(704K)->631K(704K)
[2026-03-25T20:42:15.380+0900][18.004s][info][gc             ] GC(413) Pause Young (Allocation Failure) 206M->131M(252M) 0.995ms
[2026-03-25T20:42:15.380+0900][18.004s][info][gc,cpu         ] GC(413) User=0.01s Sys=0.00s Real=0.01s
[2026-03-25T20:42:15.438+0900][18.062s][info][gc,start       ] GC(414) Pause Young (Allocation Failure)
[2026-03-25T20:42:15.439+0900][18.064s][info][gc,heap        ] GC(414) PSYoungGen: 82689K(83456K)->2976K(83456K) Eden: 79681K(79872K)->0K(79872K) From: 3008K(3584K)->2976K(3584K)
[2026-03-25T20:42:15.439+0900][18.064s][info][gc,heap        ] GC(414) ParOldGen: 131280K(175104K)->134112K(175104K)
[2026-03-25T20:42:15.439+0900][18.064s][info][gc,metaspace   ] GC(414) Metaspace: 6003K(6208K)->6003K(6208K) NonClass: 5372K(5504K)->5372K(5504K) Class: 631K(704K)->631K(704K)
[2026-03-25T20:42:15.439+0900][18.064s][info][gc             ] GC(414) Pause Young (Allocation Failure) 208M->133M(252M) 1.714ms
[2026-03-25T20:42:15.439+0900][18.064s][info][gc,cpu         ] GC(414) User=0.00s Sys=0.00s Real=0.00s
[2026-03-25T20:42:15.441+0900][18.066s][info][gc,start       ] GC(415) Pause Young (Allocation Failure)
[2026-03-25T20:42:15.442+0900][18.067s][info][gc,heap        ] GC(415) PSYoungGen: 82657K(83456K)->2752K(83456K) Eden: 79681K(79872K)->0K(79872K) From: 2976K(3584K)->2752K(3584K)
[2026-03-25T20:42:15.442+0900][18.067s][info][gc,heap        ] GC(415) ParOldGen: 134112K(175104K)->136968K(175104K)
[2026-03-25T20:42:15.442+0900][18.067s][info][gc,metaspace   ] GC(415) Metaspace: 6003K(6208K)->6003K(6208K) NonClass: 5372K(5504K)->5372K(5504K) Class: 631K(704K)->631K(704K)
[2026-03-25T20:42:15.442+0900][18.067s][info][gc             ] GC(415) Pause Young (Allocation Failure) 211M->136M(252M) 0.827ms
[2026-03-25T20:42:15.442+0900][18.067s][info][gc,cpu         ] GC(415) User=0.00s Sys=0.00s Real=0.00s
[2026-03-25T20:42:15.500+0900][18.124s][info][gc,start       ] GC(416) Pause Young (Allocation Failure)
[2026-03-25T20:42:15.500+0900][18.125s][info][gc,heap        ] GC(416) PSYoungGen: 82433K(83456K)->2720K(83456K) Eden: 79681K(79872K)->0K(79872K) From: 2752K(3584K)->2720K(3584K)
[2026-03-25T20:42:15.501+0900][18.125s][info][gc,heap        ] GC(416) ParOldGen: 136968K(175104K)->139560K(175104K)
[2026-03-25T20:42:15.501+0900][18.125s][info][gc,metaspace   ] GC(416) Metaspace: 6003K(6208K)->6003K(6208K) NonClass: 5372K(5504K)->5372K(5504K) Class: 631K(704K)->631K(704K)
[2026-03-25T20:42:15.501+0900][18.125s][info][gc             ] GC(416) Pause Young (Allocation Failure) 214M->138M(252M) 0.922ms
[2026-03-25T20:42:15.501+0900][18.125s][info][gc,cpu         ] GC(416) User=0.00s Sys=0.00s Real=0.00s
[2026-03-25T20:42:15.555+0900][18.180s][info][gc,start       ] GC(417) Pause Young (Allocation Failure)
[2026-03-25T20:42:15.557+0900][18.182s][info][gc,heap        ] GC(417) PSYoungGen: 82401K(83456K)->3008K(83456K) Eden: 79681K(79872K)->0K(79872K) From: 2720K(3584K)->3008K(3584K)
[2026-03-25T20:42:15.557+0900][18.182s][info][gc,heap        ] GC(417) ParOldGen: 139560K(175104K)->142136K(175104K)
[2026-03-25T20:42:15.557+0900][18.182s][info][gc,metaspace   ] GC(417) Metaspace: 6003K(6208K)->6003K(6208K) NonClass: 5372K(5504K)->5372K(5504K) Class: 631K(704K)->631K(704K)
[2026-03-25T20:42:15.557+0900][18.182s][info][gc             ] GC(417) Pause Young (Allocation Failure) 216M->141M(252M) 1.926ms
[2026-03-25T20:42:15.557+0900][18.182s][info][gc,cpu         ] GC(417) User=0.00s Sys=0.00s Real=0.00s
[2026-03-25T20:42:15.611+0900][18.236s][info][gc,start       ] GC(418) Pause Young (Allocation Failure)
[2026-03-25T20:42:15.613+0900][18.237s][info][gc,heap        ] GC(418) PSYoungGen: 82689K(83456K)->2976K(83456K) Eden: 79681K(79872K)->0K(79872K) From: 3008K(3584K)->2976K(3584K)
[2026-03-25T20:42:15.613+0900][18.237s][info][gc,heap        ] GC(418) ParOldGen: 142136K(175104K)->144993K(175104K)
[2026-03-25T20:42:15.613+0900][18.237s][info][gc,metaspace   ] GC(418) Metaspace: 6003K(6208K)->6003K(6208K) NonClass: 5372K(5504K)->5372K(5504K) Class: 631K(704K)->631K(704K)
[2026-03-25T20:42:15.613+0900][18.237s][info][gc             ] GC(418) Pause Young (Allocation Failure) 219M->144M(252M) 1.428ms
[2026-03-25T20:42:15.613+0900][18.237s][info][gc,cpu         ] GC(418) User=0.01s Sys=0.00s Real=0.00s
[2026-03-25T20:42:15.669+0900][18.294s][info][gc,start       ] GC(419) Pause Young (Allocation Failure)
[2026-03-25T20:42:15.670+0900][18.295s][info][gc,heap        ] GC(419) PSYoungGen: 82657K(83456K)->2720K(83456K) Eden: 79681K(79872K)->0K(79872K) From: 2976K(3584K)->2720K(3584K)
[2026-03-25T20:42:15.670+0900][18.295s][info][gc,heap        ] GC(419) ParOldGen: 144993K(175104K)->147849K(175104K)
[2026-03-25T20:42:15.670+0900][18.295s][info][gc,metaspace   ] GC(419) Metaspace: 6003K(6208K)->6003K(6208K) NonClass: 5372K(5504K)->5372K(5504K) Class: 631K(704K)->631K(704K)
[2026-03-25T20:42:15.671+0900][18.295s][info][gc             ] GC(419) Pause Young (Allocation Failure) 222M->147M(252M) 1.406ms
[2026-03-25T20:42:15.671+0900][18.295s][info][gc,cpu         ] GC(419) User=0.01s Sys=0.00s Real=0.01s
[2026-03-25T20:42:15.673+0900][18.298s][info][gc,start       ] GC(420) Pause Young (Allocation Failure)
[2026-03-25T20:42:15.674+0900][18.298s][info][gc,heap        ] GC(420) PSYoungGen: 82401K(83456K)->2752K(83456K) Eden: 79681K(79872K)->0K(79872K) From: 2720K(3584K)->2752K(3584K)
[2026-03-25T20:42:15.674+0900][18.298s][info][gc,heap        ] GC(420) ParOldGen: 147849K(175104K)->150449K(175104K)
[2026-03-25T20:42:15.674+0900][18.298s][info][gc,metaspace   ] GC(420) Metaspace: 6003K(6208K)->6003K(6208K) NonClass: 5372K(5504K)->5372K(5504K) Class: 631K(704K)->631K(704K)
[2026-03-25T20:42:15.674+0900][18.298s][info][gc             ] GC(420) Pause Young (Allocation Failure) 224M->149M(252M) 0.934ms
[2026-03-25T20:42:15.674+0900][18.298s][info][gc,cpu         ] GC(420) User=0.00s Sys=0.00s Real=0.00s
[2026-03-25T20:42:15.730+0900][18.355s][info][gc,start       ] GC(421) Pause Young (Allocation Failure)
[2026-03-25T20:42:15.732+0900][18.356s][info][gc,heap        ] GC(421) PSYoungGen: 82433K(83456K)->3008K(83456K) Eden: 79681K(79872K)->0K(79872K) From: 2752K(3584K)->3008K(3584K)
[2026-03-25T20:42:15.732+0900][18.356s][info][gc,heap        ] GC(421) ParOldGen: 150449K(175104K)->153041K(175104K)
[2026-03-25T20:42:15.732+0900][18.356s][info][gc,metaspace   ] GC(421) Metaspace: 6003K(6208K)->6003K(6208K) NonClass: 5372K(5504K)->5372K(5504K) Class: 631K(704K)->631K(704K)
[2026-03-25T20:42:15.732+0900][18.356s][info][gc             ] GC(421) Pause Young (Allocation Failure) 227M->152M(252M) 1.250ms
[2026-03-25T20:42:15.732+0900][18.356s][info][gc,cpu         ] GC(421) User=0.01s Sys=0.00s Real=0.00s
[2026-03-25T20:42:15.787+0900][18.411s][info][gc,start       ] GC(422) Pause Young (Allocation Failure)
[2026-03-25T20:42:15.789+0900][18.413s][info][gc,heap        ] GC(422) PSYoungGen: 82689K(83456K)->2912K(83456K) Eden: 79681K(79872K)->0K(79872K) From: 3008K(3584K)->2912K(3584K)
[2026-03-25T20:42:15.789+0900][18.413s][info][gc,heap        ] GC(422) ParOldGen: 153041K(175104K)->155881K(175104K)
[2026-03-25T20:42:15.789+0900][18.413s][info][gc,metaspace   ] GC(422) Metaspace: 6003K(6208K)->6003K(6208K) NonClass: 5372K(5504K)->5372K(5504K) Class: 631K(704K)->631K(704K)
[2026-03-25T20:42:15.789+0900][18.413s][info][gc             ] GC(422) Pause Young (Allocation Failure) 230M->155M(252M) 1.653ms
[2026-03-25T20:42:15.789+0900][18.413s][info][gc,cpu         ] GC(422) User=0.00s Sys=0.00s Real=0.00s
[2026-03-25T20:42:15.845+0900][18.470s][info][gc,start       ] GC(423) Pause Young (Allocation Failure)
[2026-03-25T20:42:15.847+0900][18.471s][info][gc,heap        ] GC(423) PSYoungGen: 82630K(83456K)->3008K(83456K) Eden: 79718K(79872K)->0K(79872K) From: 2912K(3584K)->3008K(3584K)
[2026-03-25T20:42:15.847+0900][18.471s][info][gc,heap        ] GC(423) ParOldGen: 155881K(175104K)->158729K(175104K)
[2026-03-25T20:42:15.847+0900][18.471s][info][gc,metaspace   ] GC(423) Metaspace: 6009K(6208K)->6009K(6208K) NonClass: 5378K(5504K)->5378K(5504K) Class: 631K(704K)->631K(704K)
[2026-03-25T20:42:15.847+0900][18.471s][info][gc             ] GC(423) Pause Young (Allocation Failure) 232M->157M(252M) 1.531ms
[2026-03-25T20:42:15.847+0900][18.472s][info][gc,cpu         ] GC(423) User=0.01s Sys=0.00s Real=0.00s
[2026-03-25T20:42:15.849+0900][18.473s][info][gc,start       ] GC(424) Pause Young (Allocation Failure)
[2026-03-25T20:42:15.850+0900][18.474s][info][gc,heap        ] GC(424) PSYoungGen: 82689K(83456K)->2720K(83456K) Eden: 79680K(79872K)->0K(79872K) From: 3008K(3584K)->2720K(3584K)
[2026-03-25T20:42:15.850+0900][18.474s][info][gc,heap        ] GC(424) ParOldGen: 158729K(175104K)->161578K(175104K)
[2026-03-25T20:42:15.850+0900][18.474s][info][gc,metaspace   ] GC(424) Metaspace: 6009K(6208K)->6009K(6208K) NonClass: 5378K(5504K)->5378K(5504K) Class: 631K(704K)->631K(704K)
[2026-03-25T20:42:15.850+0900][18.474s][info][gc             ] GC(424) Pause Young (Allocation Failure) 235M->160M(252M) 0.832ms
[2026-03-25T20:42:15.850+0900][18.474s][info][gc,cpu         ] GC(424) User=0.00s Sys=0.01s Real=0.01s
[2026-03-25T20:42:15.905+0900][18.530s][info][gc,start       ] GC(425) Pause Young (Allocation Failure)
[2026-03-25T20:42:15.906+0900][18.531s][info][gc,heap        ] GC(425) PSYoungGen: 82401K(83456K)->2752K(83456K) Eden: 79680K(79872K)->0K(79872K) From: 2720K(3584K)->2752K(3584K)
[2026-03-25T20:42:15.906+0900][18.531s][info][gc,heap        ] GC(425) ParOldGen: 161578K(175104K)->164178K(175104K)
[2026-03-25T20:42:15.906+0900][18.531s][info][gc,metaspace   ] GC(425) Metaspace: 6009K(6208K)->6009K(6208K) NonClass: 5378K(5504K)->5378K(5504K) Class: 631K(704K)->631K(704K)
[2026-03-25T20:42:15.906+0900][18.531s][info][gc             ] GC(425) Pause Young (Allocation Failure) 238M->163M(252M) 1.076ms
[2026-03-25T20:42:15.906+0900][18.531s][info][gc,cpu         ] GC(425) User=0.01s Sys=0.00s Real=0.00s
[2026-03-25T20:42:15.960+0900][18.584s][info][gc,start       ] GC(426) Pause Young (Allocation Failure)
[2026-03-25T20:42:15.961+0900][18.586s][info][gc,heap        ] GC(426) PSYoungGen: 82433K(83456K)->2976K(83456K) Eden: 79681K(79872K)->0K(79872K) From: 2752K(3584K)->2976K(3584K)
[2026-03-25T20:42:15.961+0900][18.586s][info][gc,heap        ] GC(426) ParOldGen: 164178K(175104K)->166778K(175104K)
[2026-03-25T20:42:15.961+0900][18.586s][info][gc,metaspace   ] GC(426) Metaspace: 6009K(6208K)->6009K(6208K) NonClass: 5378K(5504K)->5378K(5504K) Class: 631K(704K)->631K(704K)
[2026-03-25T20:42:15.961+0900][18.586s][info][gc             ] GC(426) Pause Young (Allocation Failure) 240M->165M(252M) 1.602ms
[2026-03-25T20:42:15.961+0900][18.586s][info][gc,cpu         ] GC(426) User=0.01s Sys=0.00s Real=0.00s
[2026-03-25T20:42:16.019+0900][18.643s][info][gc,start       ] GC(427) Pause Young (Allocation Failure)
[2026-03-25T20:42:16.020+0900][18.645s][info][gc,heap        ] GC(427) PSYoungGen: 82657K(83456K)->2976K(83456K) Eden: 79681K(79872K)->0K(79872K) From: 2976K(3584K)->2976K(3584K)
[2026-03-25T20:42:16.020+0900][18.645s][info][gc,heap        ] GC(427) ParOldGen: 166778K(175104K)->169634K(175104K)
[2026-03-25T20:42:16.020+0900][18.645s][info][gc,metaspace   ] GC(427) Metaspace: 6009K(6208K)->6009K(6208K) NonClass: 5378K(5504K)->5378K(5504K) Class: 631K(704K)->631K(704K)
[2026-03-25T20:42:16.020+0900][18.645s][info][gc             ] GC(427) Pause Young (Allocation Failure) 243M->168M(252M) 1.597ms
[2026-03-25T20:42:16.020+0900][18.645s][info][gc,cpu         ] GC(427) User=0.00s Sys=0.00s Real=0.01s
[2026-03-25T20:42:16.023+0900][18.647s][info][gc,start       ] GC(428) Pause Young (Allocation Failure)
[2026-03-25T20:42:16.023+0900][18.648s][info][gc,heap        ] GC(428) PSYoungGen: 82657K(83456K)->2752K(83456K) Eden: 79681K(79872K)->0K(79872K) From: 2976K(3584K)->2752K(3584K)
[2026-03-25T20:42:16.023+0900][18.648s][info][gc,heap        ] GC(428) ParOldGen: 169634K(175104K)->172490K(175104K)
[2026-03-25T20:42:16.023+0900][18.648s][info][gc,metaspace   ] GC(428) Metaspace: 6009K(6208K)->6009K(6208K) NonClass: 5378K(5504K)->5378K(5504K) Class: 631K(704K)->631K(704K)
[2026-03-25T20:42:16.024+0900][18.648s][info][gc             ] GC(428) Pause Young (Allocation Failure) 246M->171M(252M) 0.862ms
[2026-03-25T20:42:16.024+0900][18.648s][info][gc,cpu         ] GC(428) User=0.00s Sys=0.00s Real=0.00s
[2026-03-25T20:42:16.081+0900][18.706s][info][gc,start       ] GC(429) Pause Young (Allocation Failure)
[2026-03-25T20:42:16.083+0900][18.707s][info][gc,heap        ] GC(429) PSYoungGen: 82433K(83456K)->2720K(83456K) Eden: 79681K(79872K)->0K(79872K) From: 2752K(3584K)->2720K(3584K)
[2026-03-25T20:42:16.083+0900][18.707s][info][gc,heap        ] GC(429) ParOldGen: 172490K(175104K)->175082K(175104K)
[2026-03-25T20:42:16.083+0900][18.707s][info][gc,metaspace   ] GC(429) Metaspace: 6009K(6208K)->6009K(6208K) NonClass: 5378K(5504K)->5378K(5504K) Class: 631K(704K)->631K(704K)
[2026-03-25T20:42:16.083+0900][18.708s][info][gc             ] GC(429) Pause Young (Allocation Failure) 248M->173M(252M) 1.806ms
[2026-03-25T20:42:16.083+0900][18.708s][info][gc,cpu         ] GC(429) User=0.01s Sys=0.00s Real=0.00s
[2026-03-25T20:42:16.139+0900][18.763s][info][gc,start       ] GC(430) Pause Young (Allocation Failure)
[2026-03-25T20:42:16.140+0900][18.765s][info][gc,heap        ] GC(430) PSYoungGen: 82401K(83456K)->2976K(83456K) Eden: 79681K(79872K)->0K(79872K) From: 2720K(3584K)->2976K(3584K)
[2026-03-25T20:42:16.140+0900][18.765s][info][gc,heap        ] GC(430) ParOldGen: 175082K(175104K)->177699K(178176K)
[2026-03-25T20:42:16.140+0900][18.765s][info][gc,metaspace   ] GC(430) Metaspace: 6009K(6208K)->6009K(6208K) NonClass: 5378K(5504K)->5378K(5504K) Class: 631K(704K)->631K(704K)
[2026-03-25T20:42:16.140+0900][18.765s][info][gc             ] GC(430) Pause Young (Allocation Failure) 251M->176M(255M) 1.740ms
[2026-03-25T20:42:16.140+0900][18.765s][info][gc,cpu         ] GC(430) User=0.01s Sys=0.00s Real=0.01s
[2026-03-25T20:42:16.198+0900][18.822s][info][gc,start       ] GC(431) Pause Young (Allocation Failure)
[2026-03-25T20:42:16.199+0900][18.824s][info][gc,heap        ] GC(431) PSYoungGen: 82657K(83456K)->2944K(83456K) Eden: 79681K(79872K)->0K(79872K) From: 2976K(3584K)->2944K(3584K)
[2026-03-25T20:42:16.200+0900][18.824s][info][gc,heap        ] GC(431) ParOldGen: 177699K(178176K)->180571K(180736K)
[2026-03-25T20:42:16.200+0900][18.824s][info][gc,metaspace   ] GC(431) Metaspace: 6009K(6208K)->6009K(6208K) NonClass: 5378K(5504K)->5378K(5504K) Class: 631K(704K)->631K(704K)
[2026-03-25T20:42:16.200+0900][18.824s][info][gc             ] GC(431) Pause Young (Allocation Failure) 254M->179M(258M) 1.819ms
[2026-03-25T20:42:16.200+0900][18.824s][info][gc,cpu         ] GC(431) User=0.00s Sys=0.00s Real=0.01s
[2026-03-25T20:42:16.202+0900][18.826s][info][gc,start       ] GC(432) Pause Young (Allocation Failure)
[2026-03-25T20:42:16.203+0900][18.827s][info][gc,heap        ] GC(432) PSYoungGen: 82625K(83456K)->2720K(83456K) Eden: 79681K(79872K)->0K(79872K) From: 2944K(3584K)->2720K(3584K)
[2026-03-25T20:42:16.203+0900][18.827s][info][gc,heap        ] GC(432) ParOldGen: 180571K(180736K)->183443K(183808K)
[2026-03-25T20:42:16.203+0900][18.827s][info][gc,metaspace   ] GC(432) Metaspace: 6009K(6208K)->6009K(6208K) NonClass: 5378K(5504K)->5378K(5504K) Class: 631K(704K)->631K(704K)
[2026-03-25T20:42:16.203+0900][18.827s][info][gc             ] GC(432) Pause Young (Allocation Failure) 257M->181M(261M) 0.878ms
[2026-03-25T20:42:16.203+0900][18.827s][info][gc,cpu         ] GC(432) User=0.00s Sys=0.00s Real=0.00s
[2026-03-25T20:42:16.260+0900][18.885s][info][gc,start       ] GC(433) Pause Young (Allocation Failure)
[2026-03-25T20:42:16.261+0900][18.886s][info][gc,heap        ] GC(433) PSYoungGen: 82401K(83456K)->2720K(83456K) Eden: 79681K(79872K)->0K(79872K) From: 2720K(3584K)->2720K(3584K)
[2026-03-25T20:42:16.261+0900][18.886s][info][gc,heap        ] GC(433) ParOldGen: 183443K(183808K)->186059K(186368K)
[2026-03-25T20:42:16.261+0900][18.886s][info][gc,metaspace   ] GC(433) Metaspace: 6009K(6208K)->6009K(6208K) NonClass: 5378K(5504K)->5378K(5504K) Class: 631K(704K)->631K(704K)
[2026-03-25T20:42:16.261+0900][18.886s][info][gc             ] GC(433) Pause Young (Allocation Failure) 259M->184M(263M) 1.424ms
[2026-03-25T20:42:16.261+0900][18.886s][info][gc,cpu         ] GC(433) User=0.00s Sys=0.01s Real=0.00s
[2026-03-25T20:42:16.319+0900][18.944s][info][gc,start       ] GC(434) Pause Young (Allocation Failure)
[2026-03-25T20:42:16.321+0900][18.945s][info][gc,heap        ] GC(434) PSYoungGen: 82401K(83456K)->3008K(83456K) Eden: 79681K(79872K)->0K(79872K) From: 2720K(3584K)->3008K(3584K)
[2026-03-25T20:42:16.321+0900][18.945s][info][gc,heap        ] GC(434) ParOldGen: 186059K(186368K)->188675K(188928K)
[2026-03-25T20:42:16.321+0900][18.945s][info][gc,metaspace   ] GC(434) Metaspace: 6009K(6208K)->6009K(6208K) NonClass: 5378K(5504K)->5378K(5504K) Class: 631K(704K)->631K(704K)
[2026-03-25T20:42:16.321+0900][18.945s][info][gc             ] GC(434) Pause Young (Allocation Failure) 262M->187M(266M) 1.707ms
[2026-03-25T20:42:16.321+0900][18.945s][info][gc,cpu         ] GC(434) User=0.00s Sys=0.00s Real=0.01s
[2026-03-25T20:42:16.378+0900][19.003s][info][gc,start       ] GC(435) Pause Young (Allocation Failure)
[2026-03-25T20:42:16.380+0900][19.005s][info][gc,heap        ] GC(435) PSYoungGen: 82689K(83456K)->2976K(83456K) Eden: 79681K(79872K)->0K(79872K) From: 3008K(3584K)->2976K(3584K)
[2026-03-25T20:42:16.381+0900][19.005s][info][gc,heap        ] GC(435) ParOldGen: 188675K(188928K)->191539K(192000K)
[2026-03-25T20:42:16.381+0900][19.005s][info][gc,metaspace   ] GC(435) Metaspace: 6009K(6208K)->6009K(6208K) NonClass: 5378K(5504K)->5378K(5504K) Class: 631K(704K)->631K(704K)
[2026-03-25T20:42:16.381+0900][19.005s][info][gc             ] GC(435) Pause Young (Allocation Failure) 265M->189M(269M) 2.211ms
[2026-03-25T20:42:16.381+0900][19.005s][info][gc,cpu         ] GC(435) User=0.00s Sys=0.00s Real=0.01s
[2026-03-25T20:42:16.383+0900][19.007s][info][gc,start       ] GC(436) Pause Young (Allocation Failure)
[2026-03-25T20:42:16.384+0900][19.009s][info][gc,heap        ] GC(436) PSYoungGen: 82657K(83456K)->2688K(83456K) Eden: 79681K(79872K)->0K(79872K) From: 2976K(3584K)->2688K(3584K)
[2026-03-25T20:42:16.384+0900][19.009s][info][gc,heap        ] GC(436) ParOldGen: 191539K(192000K)->194412K(194560K)
[2026-03-25T20:42:16.384+0900][19.009s][info][gc,metaspace   ] GC(436) Metaspace: 6009K(6208K)->6009K(6208K) NonClass: 5378K(5504K)->5378K(5504K) Class: 631K(704K)->631K(704K)
[2026-03-25T20:42:16.384+0900][19.009s][info][gc             ] GC(436) Pause Young (Allocation Failure) 267M->192M(271M) 1.281ms
[2026-03-25T20:42:16.384+0900][19.009s][info][gc,cpu         ] GC(436) User=0.01s Sys=0.00s Real=0.00s
[2026-03-25T20:42:16.442+0900][19.066s][info][gc,start       ] GC(437) Pause Young (Allocation Failure)
[2026-03-25T20:42:16.443+0900][19.068s][info][gc,heap        ] GC(437) PSYoungGen: 82369K(83456K)->2720K(83456K) Eden: 79681K(79872K)->0K(79872K) From: 2688K(3584K)->2720K(3584K)
[2026-03-25T20:42:16.443+0900][19.068s][info][gc,heap        ] GC(437) ParOldGen: 194412K(194560K)->197028K(197120K)
[2026-03-25T20:42:16.443+0900][19.068s][info][gc,metaspace   ] GC(437) Metaspace: 6009K(6208K)->6009K(6208K) NonClass: 5378K(5504K)->5378K(5504K) Class: 631K(704K)->631K(704K)
[2026-03-25T20:42:16.443+0900][19.068s][info][gc             ] GC(437) Pause Young (Allocation Failure) 270M->195M(274M) 1.727ms
[2026-03-25T20:42:16.443+0900][19.068s][info][gc,cpu         ] GC(437) User=0.00s Sys=0.01s Real=0.00s
[2026-03-25T20:42:16.500+0900][19.125s][info][gc,start       ] GC(438) Pause Young (Allocation Failure)
[2026-03-25T20:42:16.502+0900][19.127s][info][gc,heap        ] GC(438) PSYoungGen: 82401K(83456K)->2944K(83456K) Eden: 79681K(79872K)->0K(79872K) From: 2720K(3584K)->2944K(3584K)
[2026-03-25T20:42:16.502+0900][19.127s][info][gc,heap        ] GC(438) ParOldGen: 197028K(197120K)->199644K(199680K)
[2026-03-25T20:42:16.502+0900][19.127s][info][gc,metaspace   ] GC(438) Metaspace: 6009K(6208K)->6009K(6208K) NonClass: 5378K(5504K)->5378K(5504K) Class: 631K(704K)->631K(704K)
[2026-03-25T20:42:16.502+0900][19.127s][info][gc             ] GC(438) Pause Young (Allocation Failure) 272M->197M(276M) 1.718ms
[2026-03-25T20:42:16.502+0900][19.127s][info][gc,cpu         ] GC(438) User=0.00s Sys=0.00s Real=0.00s
[2026-03-25T20:42:16.556+0900][19.180s][info][gc,start       ] GC(439) Pause Young (Allocation Failure)
[2026-03-25T20:42:16.557+0900][19.182s][info][gc,heap        ] GC(439) PSYoungGen: 82625K(83456K)->2976K(83456K) Eden: 79681K(79872K)->0K(79872K) From: 2944K(3584K)->2976K(3584K)
[2026-03-25T20:42:16.557+0900][19.182s][info][gc,heap        ] GC(439) ParOldGen: 199644K(199680K)->202516K(202752K)
[2026-03-25T20:42:16.557+0900][19.182s][info][gc,metaspace   ] GC(439) Metaspace: 6009K(6208K)->6009K(6208K) NonClass: 5378K(5504K)->5378K(5504K) Class: 631K(704K)->631K(704K)
[2026-03-25T20:42:16.557+0900][19.182s][info][gc             ] GC(439) Pause Young (Allocation Failure) 275M->200M(279M) 1.746ms
[2026-03-25T20:42:16.557+0900][19.182s][info][gc,cpu         ] GC(439) User=0.01s Sys=0.00s Real=0.00s
[2026-03-25T20:42:16.559+0900][19.184s][info][gc,start       ] GC(440) Pause Young (Allocation Failure)
[2026-03-25T20:42:16.560+0900][19.185s][info][gc,heap        ] GC(440) PSYoungGen: 82657K(83456K)->2624K(83456K) Eden: 79681K(79872K)->0K(79872K) From: 2976K(3584K)->2624K(3584K)
[2026-03-25T20:42:16.560+0900][19.185s][info][gc,heap        ] GC(440) ParOldGen: 202516K(202752K)->205388K(205824K)
[2026-03-25T20:42:16.560+0900][19.185s][info][gc,metaspace   ] GC(440) Metaspace: 6009K(6208K)->6009K(6208K) NonClass: 5378K(5504K)->5378K(5504K) Class: 631K(704K)->631K(704K)
[2026-03-25T20:42:16.560+0900][19.185s][info][gc             ] GC(440) Pause Young (Allocation Failure) 278M->203M(282M) 0.917ms
[2026-03-25T20:42:16.560+0900][19.185s][info][gc,cpu         ] GC(440) User=0.00s Sys=0.00s Real=0.01s
[2026-03-25T20:42:16.617+0900][19.242s][info][gc,start       ] GC(441) Pause Young (Allocation Failure)
[2026-03-25T20:42:16.619+0900][19.244s][info][gc,heap        ] GC(441) PSYoungGen: 82305K(83456K)->2688K(83456K) Eden: 79681K(79872K)->0K(79872K) From: 2624K(3584K)->2688K(3584K)
[2026-03-25T20:42:16.619+0900][19.244s][info][gc,heap        ] GC(441) ParOldGen: 205388K(205824K)->207996K(208384K)
[2026-03-25T20:42:16.619+0900][19.244s][info][gc,metaspace   ] GC(441) Metaspace: 6009K(6208K)->6009K(6208K) NonClass: 5378K(5504K)->5378K(5504K) Class: 631K(704K)->631K(704K)
[2026-03-25T20:42:16.619+0900][19.244s][info][gc             ] GC(441) Pause Young (Allocation Failure) 280M->205M(285M) 1.897ms
[2026-03-25T20:42:16.619+0900][19.244s][info][gc,cpu         ] GC(441) User=0.00s Sys=0.01s Real=0.00s
[2026-03-25T20:42:16.677+0900][19.302s][info][gc,start       ] GC(442) Pause Young (Allocation Failure)
[2026-03-25T20:42:16.679+0900][19.303s][info][gc,heap        ] GC(442) PSYoungGen: 82369K(83456K)->2976K(83456K) Eden: 79681K(79872K)->0K(79872K) From: 2688K(3584K)->2976K(3584K)
[2026-03-25T20:42:16.679+0900][19.303s][info][gc,heap        ] GC(442) ParOldGen: 207996K(208384K)->210613K(210944K)
[2026-03-25T20:42:16.679+0900][19.303s][info][gc,metaspace   ] GC(442) Metaspace: 6009K(6208K)->6009K(6208K) NonClass: 5378K(5504K)->5378K(5504K) Class: 631K(704K)->631K(704K)
[2026-03-25T20:42:16.679+0900][19.304s][info][gc             ] GC(442) Pause Young (Allocation Failure) 283M->208M(287M) 1.773ms
[2026-03-25T20:42:16.679+0900][19.304s][info][gc,cpu         ] GC(442) User=0.01s Sys=0.00s Real=0.00s
[2026-03-25T20:42:16.733+0900][19.357s][info][gc,start       ] GC(443) Pause Young (Allocation Failure)
[2026-03-25T20:42:16.735+0900][19.359s][info][gc,heap        ] GC(443) PSYoungGen: 82657K(83456K)->2976K(83456K) Eden: 79681K(79872K)->0K(79872K) From: 2976K(3584K)->2976K(3584K)
[2026-03-25T20:42:16.735+0900][19.359s][info][gc,heap        ] GC(443) ParOldGen: 210613K(210944K)->213485K(213504K)
[2026-03-25T20:42:16.735+0900][19.359s][info][gc,metaspace   ] GC(443) Metaspace: 6009K(6208K)->6009K(6208K) NonClass: 5378K(5504K)->5378K(5504K) Class: 631K(704K)->631K(704K)
[2026-03-25T20:42:16.735+0900][19.359s][info][gc             ] GC(443) Pause Young (Allocation Failure) 286M->211M(290M) 2.039ms
[2026-03-25T20:42:16.735+0900][19.359s][info][gc,cpu         ] GC(443) User=0.01s Sys=0.00s Real=0.00s
[2026-03-25T20:42:16.737+0900][19.361s][info][gc,start       ] GC(444) Pause Young (Allocation Failure)
[2026-03-25T20:42:16.738+0900][19.362s][info][gc,heap        ] GC(444) PSYoungGen: 82657K(83456K)->2688K(83456K) Eden: 79681K(79872K)->0K(79872K) From: 2976K(3584K)->2688K(3584K)
[2026-03-25T20:42:16.738+0900][19.362s][info][gc,heap        ] GC(444) ParOldGen: 213485K(213504K)->216357K(216576K)
[2026-03-25T20:42:16.738+0900][19.362s][info][gc,metaspace   ] GC(444) Metaspace: 6009K(6208K)->6009K(6208K) NonClass: 5378K(5504K)->5378K(5504K) Class: 631K(704K)->631K(704K)
[2026-03-25T20:42:16.738+0900][19.362s][info][gc             ] GC(444) Pause Young (Allocation Failure) 289M->213M(293M) 0.890ms
[2026-03-25T20:42:16.738+0900][19.362s][info][gc,cpu         ] GC(444) User=0.00s Sys=0.00s Real=0.00s
[2026-03-25T20:42:16.792+0900][19.417s][info][gc,start       ] GC(445) Pause Young (Allocation Failure)
[2026-03-25T20:42:16.794+0900][19.418s][info][gc,heap        ] GC(445) PSYoungGen: 82369K(83456K)->2976K(83456K) Eden: 79681K(79872K)->0K(79872K) From: 2688K(3584K)->2976K(3584K)
[2026-03-25T20:42:16.794+0900][19.418s][info][gc,heap        ] GC(445) ParOldGen: 216357K(216576K)->218973K(219136K)
[2026-03-25T20:42:16.794+0900][19.418s][info][gc,metaspace   ] GC(445) Metaspace: 6009K(6208K)->6009K(6208K) NonClass: 5378K(5504K)->5378K(5504K) Class: 631K(704K)->631K(704K)
[2026-03-25T20:42:16.794+0900][19.418s][info][gc             ] GC(445) Pause Young (Allocation Failure) 291M->216M(295M) 1.706ms
[2026-03-25T20:42:16.794+0900][19.418s][info][gc,cpu         ] GC(445) User=0.00s Sys=0.00s Real=0.00s
[2026-03-25T20:42:16.852+0900][19.476s][info][gc,start       ] GC(446) Pause Young (Allocation Failure)
[2026-03-25T20:42:16.854+0900][19.478s][info][gc,heap        ] GC(446) PSYoungGen: 82694K(83456K)->2656K(83456K) Eden: 79718K(79872K)->0K(79872K) From: 2976K(3584K)->2656K(3584K)
[2026-03-25T20:42:16.854+0900][19.478s][info][gc,heap        ] GC(446) ParOldGen: 218973K(219136K)->221845K(222208K)
[2026-03-25T20:42:16.854+0900][19.478s][info][gc,metaspace   ] GC(446) Metaspace: 6015K(6208K)->6015K(6208K) NonClass: 5384K(5504K)->5384K(5504K) Class: 631K(704K)->631K(704K)
[2026-03-25T20:42:16.854+0900][19.478s][info][gc             ] GC(446) Pause Young (Allocation Failure) 294M->219M(298M) 2.084ms
[2026-03-25T20:42:16.854+0900][19.478s][info][gc,cpu         ] GC(446) User=0.01s Sys=0.00s Real=0.00s
[2026-03-25T20:42:16.912+0900][19.536s][info][gc,start       ] GC(447) Pause Young (Allocation Failure)
[2026-03-25T20:42:16.914+0900][19.538s][info][gc,heap        ] GC(447) PSYoungGen: 82337K(83456K)->2944K(83456K) Eden: 79680K(79872K)->0K(79872K) From: 2656K(3584K)->2944K(3584K)
[2026-03-25T20:42:16.914+0900][19.538s][info][gc,heap        ] GC(447) ParOldGen: 221845K(222208K)->224461K(224768K)
[2026-03-25T20:42:16.914+0900][19.538s][info][gc,metaspace   ] GC(447) Metaspace: 6015K(6208K)->6015K(6208K) NonClass: 5384K(5504K)->5384K(5504K) Class: 631K(704K)->631K(704K)
[2026-03-25T20:42:16.914+0900][19.538s][info][gc             ] GC(447) Pause Young (Allocation Failure) 297M->222M(301M) 2.007ms
[2026-03-25T20:42:16.914+0900][19.538s][info][gc,cpu         ] GC(447) User=0.00s Sys=0.00s Real=0.00s
[2026-03-25T20:42:16.916+0900][19.541s][info][gc,start       ] GC(448) Pause Young (Allocation Failure)
[2026-03-25T20:42:16.917+0900][19.542s][info][gc,heap        ] GC(448) PSYoungGen: 82625K(83456K)->2688K(83456K) Eden: 79680K(79872K)->0K(79872K) From: 2944K(3584K)->2688K(3584K)
[2026-03-25T20:42:16.917+0900][19.542s][info][gc,heap        ] GC(448) ParOldGen: 224461K(224768K)->227334K(227840K)
[2026-03-25T20:42:16.917+0900][19.542s][info][gc,metaspace   ] GC(448) Metaspace: 6015K(6208K)->6015K(6208K) NonClass: 5384K(5504K)->5384K(5504K) Class: 631K(704K)->631K(704K)
[2026-03-25T20:42:16.917+0900][19.542s][info][gc             ] GC(448) Pause Young (Allocation Failure) 299M->224M(304M) 1.125ms
[2026-03-25T20:42:16.917+0900][19.542s][info][gc,cpu         ] GC(448) User=0.00s Sys=0.00s Real=0.00s
[2026-03-25T20:42:16.975+0900][19.600s][info][gc,start       ] GC(449) Pause Young (Allocation Failure)
[2026-03-25T20:42:16.977+0900][19.601s][info][gc,heap        ] GC(449) PSYoungGen: 82369K(83456K)->2912K(83456K) Eden: 79681K(79872K)->0K(79872K) From: 2688K(3584K)->2912K(3584K)
[2026-03-25T20:42:16.977+0900][19.601s][info][gc,heap        ] GC(449) ParOldGen: 227334K(227840K)->229950K(230400K)
[2026-03-25T20:42:16.977+0900][19.601s][info][gc,metaspace   ] GC(449) Metaspace: 6015K(6208K)->6015K(6208K) NonClass: 5384K(5504K)->5384K(5504K) Class: 631K(704K)->631K(704K)
[2026-03-25T20:42:16.977+0900][19.601s][info][gc             ] GC(449) Pause Young (Allocation Failure) 302M->227M(306M) 1.672ms
[2026-03-25T20:42:16.977+0900][19.601s][info][gc,cpu         ] GC(449) User=0.01s Sys=0.01s Real=0.00s
[2026-03-25T20:42:17.035+0900][19.659s][info][gc,start       ] GC(450) Pause Young (Allocation Failure)
[2026-03-25T20:42:17.036+0900][19.661s][info][gc,heap        ] GC(450) PSYoungGen: 82593K(83456K)->2720K(83456K) Eden: 79681K(79872K)->0K(79872K) From: 2912K(3584K)->2720K(3584K)
[2026-03-25T20:42:17.036+0900][19.661s][info][gc,heap        ] GC(450) ParOldGen: 229950K(230400K)->232822K(232960K)
[2026-03-25T20:42:17.036+0900][19.661s][info][gc,metaspace   ] GC(450) Metaspace: 6015K(6208K)->6015K(6208K) NonClass: 5384K(5504K)->5384K(5504K) Class: 631K(704K)->631K(704K)
[2026-03-25T20:42:17.036+0900][19.661s][info][gc             ] GC(450) Pause Young (Allocation Failure) 305M->230M(309M) 1.732ms
[2026-03-25T20:42:17.036+0900][19.661s][info][gc,cpu         ] GC(450) User=0.00s Sys=0.00s Real=0.00s
[2026-03-25T20:42:17.094+0900][19.718s][info][gc,start       ] GC(451) Pause Young (Allocation Failure)
[2026-03-25T20:42:17.096+0900][19.720s][info][gc,heap        ] GC(451) PSYoungGen: 82401K(83456K)->2880K(83456K) Eden: 79681K(79872K)->0K(79872K) From: 2720K(3584K)->2880K(3584K)
[2026-03-25T20:42:17.096+0900][19.720s][info][gc,heap        ] GC(451) ParOldGen: 232822K(232960K)->235438K(235520K)
[2026-03-25T20:42:17.096+0900][19.720s][info][gc,metaspace   ] GC(451) Metaspace: 6015K(6208K)->6015K(6208K) NonClass: 5384K(5504K)->5384K(5504K) Class: 631K(704K)->631K(704K)
[2026-03-25T20:42:17.096+0900][19.720s][info][gc             ] GC(451) Pause Young (Allocation Failure) 307M->232M(311M) 2.005ms
[2026-03-25T20:42:17.096+0900][19.720s][info][gc,cpu         ] GC(451) User=0.00s Sys=0.00s Real=0.00s
[2026-03-25T20:42:17.098+0900][19.723s][info][gc,start       ] GC(452) Pause Young (Allocation Failure)
[2026-03-25T20:42:17.099+0900][19.724s][info][gc,heap        ] GC(452) PSYoungGen: 82561K(83456K)->2624K(83456K) Eden: 79681K(79872K)->0K(79872K) From: 2880K(3584K)->2624K(3584K)
[2026-03-25T20:42:17.100+0900][19.724s][info][gc,heap        ] GC(452) ParOldGen: 235438K(235520K)->238310K(238592K)
[2026-03-25T20:42:17.100+0900][19.724s][info][gc,metaspace   ] GC(452) Metaspace: 6015K(6208K)->6015K(6208K) NonClass: 5384K(5504K)->5384K(5504K) Class: 631K(704K)->631K(704K)
[2026-03-25T20:42:17.100+0900][19.724s][info][gc             ] GC(452) Pause Young (Allocation Failure) 310M->235M(314M) 1.435ms
[2026-03-25T20:42:17.100+0900][19.724s][info][gc,cpu         ] GC(452) User=0.00s Sys=0.00s Real=0.01s
[2026-03-25T20:42:17.155+0900][19.780s][info][gc,start       ] GC(453) Pause Young (Allocation Failure)
[2026-03-25T20:42:17.157+0900][19.782s][info][gc,heap        ] GC(453) PSYoungGen: 82305K(83456K)->2912K(83456K) Eden: 79681K(79872K)->0K(79872K) From: 2624K(3584K)->2912K(3584K)
[2026-03-25T20:42:17.157+0900][19.782s][info][gc,heap        ] GC(453) ParOldGen: 238310K(238592K)->240902K(241152K)
[2026-03-25T20:42:17.157+0900][19.782s][info][gc,metaspace   ] GC(453) Metaspace: 6015K(6208K)->6015K(6208K) NonClass: 5384K(5504K)->5384K(5504K) Class: 631K(704K)->631K(704K)
[2026-03-25T20:42:17.158+0900][19.782s][info][gc             ] GC(453) Pause Young (Allocation Failure) 313M->238M(317M) 2.299ms
[2026-03-25T20:42:17.158+0900][19.782s][info][gc,cpu         ] GC(453) User=0.01s Sys=0.01s Real=0.00s
[2026-03-25T20:42:17.211+0900][19.835s][info][gc,start       ] GC(454) Pause Young (Allocation Failure)
[2026-03-25T20:42:17.213+0900][19.837s][info][gc,heap        ] GC(454) PSYoungGen: 82593K(83456K)->2720K(83456K) Eden: 79681K(79872K)->0K(79872K) From: 2912K(3584K)->2720K(3584K)
[2026-03-25T20:42:17.213+0900][19.837s][info][gc,heap        ] GC(454) ParOldGen: 240902K(241152K)->243775K(244224K)
[2026-03-25T20:42:17.213+0900][19.837s][info][gc,metaspace   ] GC(454) Metaspace: 6015K(6208K)->6015K(6208K) NonClass: 5384K(5504K)->5384K(5504K) Class: 631K(704K)->631K(704K)
[2026-03-25T20:42:17.213+0900][19.837s][info][gc             ] GC(454) Pause Young (Allocation Failure) 315M->240M(320M) 1.942ms
[2026-03-25T20:42:17.213+0900][19.837s][info][gc,cpu         ] GC(454) User=0.00s Sys=0.00s Real=0.00s
[2026-03-25T20:42:17.270+0900][19.895s][info][gc,start       ] GC(455) Pause Young (Allocation Failure)
[2026-03-25T20:42:17.272+0900][19.897s][info][gc,heap        ] GC(455) PSYoungGen: 82401K(83456K)->2976K(83456K) Eden: 79681K(79872K)->0K(79872K) From: 2720K(3584K)->2976K(3584K)
[2026-03-25T20:42:17.272+0900][19.897s][info][gc,heap        ] GC(455) ParOldGen: 243775K(244224K)->246383K(246784K)
[2026-03-25T20:42:17.272+0900][19.897s][info][gc,metaspace   ] GC(455) Metaspace: 6015K(6208K)->6015K(6208K) NonClass: 5384K(5504K)->5384K(5504K) Class: 631K(704K)->631K(704K)
[2026-03-25T20:42:17.272+0900][19.897s][info][gc             ] GC(455) Pause Young (Allocation Failure) 318M->243M(322M) 2.108ms
[2026-03-25T20:42:17.272+0900][19.897s][info][gc,cpu         ] GC(455) User=0.00s Sys=0.00s Real=0.00s
[2026-03-25T20:42:17.275+0900][19.899s][info][gc,start       ] GC(456) Pause Young (Allocation Failure)
[2026-03-25T20:42:17.276+0900][19.901s][info][gc,heap        ] GC(456) PSYoungGen: 82657K(83456K)->2720K(83456K) Eden: 79681K(79872K)->0K(79872K) From: 2976K(3584K)->2720K(3584K)
[2026-03-25T20:42:17.276+0900][19.901s][info][gc,heap        ] GC(456) ParOldGen: 246383K(246784K)->249247K(249344K)
[2026-03-25T20:42:17.276+0900][19.901s][info][gc,metaspace   ] GC(456) Metaspace: 6015K(6208K)->6015K(6208K) NonClass: 5384K(5504K)->5384K(5504K) Class: 631K(704K)->631K(704K)
[2026-03-25T20:42:17.276+0900][19.901s][info][gc             ] GC(456) Pause Young (Allocation Failure) 321M->246M(325M) 1.299ms
[2026-03-25T20:42:17.276+0900][19.901s][info][gc,cpu         ] GC(456) User=0.01s Sys=0.00s Real=0.00s
[2026-03-25T20:42:17.334+0900][19.958s][info][gc,start       ] GC(457) Pause Young (Allocation Failure)
[2026-03-25T20:42:17.336+0900][19.960s][info][gc,heap        ] GC(457) PSYoungGen: 82401K(83456K)->3008K(83456K) Eden: 79681K(79872K)->0K(79872K) From: 2720K(3584K)->3008K(3584K)
[2026-03-25T20:42:17.336+0900][19.960s][info][gc,heap        ] GC(457) ParOldGen: 249247K(249344K)->251863K(251904K)
[2026-03-25T20:42:17.336+0900][19.960s][info][gc,metaspace   ] GC(457) Metaspace: 6015K(6208K)->6015K(6208K) NonClass: 5384K(5504K)->5384K(5504K) Class: 631K(704K)->631K(704K)
[2026-03-25T20:42:17.336+0900][19.960s][info][gc             ] GC(457) Pause Young (Allocation Failure) 323M->248M(327M) 2.007ms
[2026-03-25T20:42:17.336+0900][19.960s][info][gc,cpu         ] GC(457) User=0.01s Sys=0.01s Real=0.00s
[2026-03-25T20:42:17.394+0900][20.018s][info][gc,start       ] GC(458) Pause Young (Allocation Failure)
[2026-03-25T20:42:17.395+0900][20.020s][info][gc,heap        ] GC(458) PSYoungGen: 82689K(83456K)->2688K(83456K) Eden: 79681K(79872K)->0K(79872K) From: 3008K(3584K)->2688K(3584K)
[2026-03-25T20:42:17.395+0900][20.020s][info][gc,heap        ] GC(458) ParOldGen: 251863K(251904K)->254735K(254976K)
[2026-03-25T20:42:17.395+0900][20.020s][info][gc,metaspace   ] GC(458) Metaspace: 6015K(6208K)->6015K(6208K) NonClass: 5384K(5504K)->5384K(5504K) Class: 631K(704K)->631K(704K)
[2026-03-25T20:42:17.395+0900][20.020s][info][gc             ] GC(458) Pause Young (Allocation Failure) 326M->251M(330M) 1.868ms
[2026-03-25T20:42:17.395+0900][20.020s][info][gc,cpu         ] GC(458) User=0.01s Sys=0.00s Real=0.00s
[2026-03-25T20:42:17.450+0900][20.075s][info][gc,exit        ] Heap
[2026-03-25T20:42:17.450+0900][20.075s][info][gc,exit        ]  PSYoungGen      total 83456K, used 80187K [0x0000000475580000, 0x000000047aa80000, 0x0000000480000000)
[2026-03-25T20:42:17.450+0900][20.075s][info][gc,exit        ]   eden space 79872K, 97% used [0x0000000475580000,0x000000047a12ef48,0x000000047a380000)
[2026-03-25T20:42:17.451+0900][20.075s][info][gc,exit        ]   from space 3584K, 75% used [0x000000047a380000,0x000000047a6200a0,0x000000047a700000)
[2026-03-25T20:42:17.451+0900][20.075s][info][gc,exit        ]   to   space 3584K, 0% used [0x000000047a700000,0x000000047a700000,0x000000047aa80000)
[2026-03-25T20:42:17.451+0900][20.075s][info][gc,exit        ]  ParOldGen       total 254976K, used 254735K [0x0000000460000000, 0x000000046f900000, 0x0000000475580000)
[2026-03-25T20:42:17.451+0900][20.075s][info][gc,exit        ]   object space 254976K, 99% used [0x0000000460000000,0x000000046f8c3ef0,0x000000046f900000)
[2026-03-25T20:42:17.451+0900][20.075s][info][gc,exit        ]  Metaspace       used 6016K, committed 6208K, reserved 1114112K
[2026-03-25T20:42:17.451+0900][20.075s][info][gc,exit        ]   class space    used 631K, committed 704K, reserved 1048576K
