[2026-03-22T19:50:49.910+0900][0.009s][info][gc] Using Parallel
[2026-03-22T19:50:49.911+0900][0.009s][info][gc,init] Version: 17.0.17+10 (release)
[2026-03-22T19:50:49.911+0900][0.009s][info][gc,init] CPUs: 18 total, 18 available
[2026-03-22T19:50:49.911+0900][0.009s][info][gc,init] Memory: 15964M
[2026-03-22T19:50:49.911+0900][0.009s][info][gc,init] Large Page Support: Disabled
[2026-03-22T19:50:49.911+0900][0.009s][info][gc,init] NUMA Support: Disabled
[2026-03-22T19:50:49.911+0900][0.009s][info][gc,init] Compressed Oops: Enabled (32-bit)
[2026-03-22T19:50:49.911+0900][0.009s][info][gc,init] Alignments: Space 512K, Generation 512K, Heap 2M
[2026-03-22T19:50:49.920+0900][0.018s][info][gc,init] Heap Min Capacity: 256M
[2026-03-22T19:50:49.920+0900][0.018s][info][gc,init] Heap Initial Capacity: 256M
[2026-03-22T19:50:49.920+0900][0.018s][info][gc,init] Heap Max Capacity: 512M
[2026-03-22T19:50:49.920+0900][0.018s][info][gc,init] Pre-touch: Disabled
[2026-03-22T19:50:49.920+0900][0.018s][info][gc,init] Parallel Workers: 8
[2026-03-22T19:50:49.927+0900][0.025s][info][gc,metaspace] CDS archive(s) mapped at: [0x000002165b000000-0x000002165bbb0000-0x000002165bbb0000), size 12255232, SharedBaseAddress: 0x000002165b000000, ArchiveRelocationMode: 1.
[2026-03-22T19:50:49.927+0900][0.026s][info][gc,metaspace] Compressed class space mapped at: 0x000002165c000000-0x000002169c000000, reserved size: 1073741824
[2026-03-22T19:50:49.927+0900][0.026s][info][gc,metaspace] Narrow klass base: 0x000002165b000000, Narrow klass shift: 0, Narrow klass range: 0x100000000
[2026-03-22T19:50:49.997+0900][0.096s][info][gc,start    ] GC(0) Pause Young (Allocation Failure)
[2026-03-22T19:50:50.002+0900][0.101s][info][gc,heap     ] GC(0) PSYoungGen: 64635K(76288K)->9161K(76288K) Eden: 64635K(65536K)->0K(65536K) From: 0K(10752K)->9161K(10752K)
[2026-03-22T19:50:50.002+0900][0.101s][info][gc,heap     ] GC(0) ParOldGen: 0K(175104K)->51208K(175104K)
[2026-03-22T19:50:50.002+0900][0.101s][info][gc,metaspace] GC(0) Metaspace: 287K(448K)->287K(448K) NonClass: 272K(320K)->272K(320K) Class: 15K(128K)->15K(128K)
[2026-03-22T19:50:50.002+0900][0.101s][info][gc          ] GC(0) Pause Young (Allocation Failure) 63M->58M(245M) 5.564ms
[2026-03-22T19:50:50.002+0900][0.101s][info][gc,cpu      ] GC(0) User=0.00s Sys=0.00s Real=0.01s
[2026-03-22T19:50:50.021+0900][0.119s][info][gc,start    ] GC(1) Pause Young (Allocation Failure)
[2026-03-22T19:50:50.026+0900][0.125s][info][gc,heap     ] GC(1) PSYoungGen: 73170K(76288K)->9129K(141824K) Eden: 64008K(65536K)->0K(131072K) From: 9161K(10752K)->9129K(10752K)
[2026-03-22T19:50:50.026+0900][0.125s][info][gc,heap     ] GC(1) ParOldGen: 51208K(175104K)->106512K(175104K)
[2026-03-22T19:50:50.026+0900][0.125s][info][gc,metaspace] GC(1) Metaspace: 331K(512K)->331K(512K) NonClass: 313K(384K)->313K(384K) Class: 17K(128K)->17K(128K)
[2026-03-22T19:50:50.026+0900][0.125s][info][gc          ] GC(1) Pause Young (Allocation Failure) 121M->112M(309M) 5.468ms
[2026-03-22T19:50:50.026+0900][0.125s][info][gc,cpu      ] GC(1) User=0.06s Sys=0.06s Real=0.01s
[2026-03-22T19:50:50.060+0900][0.159s][info][gc,start    ] GC(2) Pause Young (Allocation Failure)
[2026-03-22T19:50:50.085+0900][0.184s][info][gc,heap     ] GC(2) PSYoungGen: 139602K(141824K)->9187K(141824K) Eden: 130473K(131072K)->0K(131072K) From: 9129K(10752K)->9187K(10752K)
[2026-03-22T19:50:50.085+0900][0.184s][info][gc,heap     ] GC(2) ParOldGen: 106512K(175104K)->200729K(203264K)
[2026-03-22T19:50:50.085+0900][0.184s][info][gc,metaspace] GC(2) Metaspace: 332K(512K)->332K(512K) NonClass: 314K(384K)->314K(384K) Class: 17K(128K)->17K(128K)
[2026-03-22T19:50:50.085+0900][0.184s][info][gc          ] GC(2) Pause Young (Allocation Failure) 240M->204M(337M) 25.000ms
[2026-03-22T19:50:50.085+0900][0.184s][info][gc,cpu      ] GC(2) User=0.11s Sys=0.02s Real=0.03s
[2026-03-22T19:50:50.103+0900][0.201s][info][gc,start    ] GC(3) Pause Full (Ergonomics)
[2026-03-22T19:50:50.103+0900][0.201s][info][gc,phases,start] GC(3) Marking Phase
[2026-03-22T19:50:50.104+0900][0.203s][info][gc,phases      ] GC(3) Marking Phase 1.058ms
[2026-03-22T19:50:50.104+0900][0.203s][info][gc,phases,start] GC(3) Summary Phase
[2026-03-22T19:50:50.104+0900][0.203s][info][gc,phases      ] GC(3) Summary Phase 0.030ms
[2026-03-22T19:50:50.104+0900][0.203s][info][gc,phases,start] GC(3) Adjust Roots
[2026-03-22T19:50:50.104+0900][0.203s][info][gc,phases      ] GC(3) Adjust Roots 0.300ms
[2026-03-22T19:50:50.104+0900][0.203s][info][gc,phases,start] GC(3) Compaction Phase
[2026-03-22T19:50:50.109+0900][0.208s][info][gc,phases      ] GC(3) Compaction Phase 4.881ms
[2026-03-22T19:50:50.109+0900][0.208s][info][gc,phases,start] GC(3) Post Compact
[2026-03-22T19:50:50.112+0900][0.211s][info][gc,phases      ] GC(3) Post Compact 3.430ms
[2026-03-22T19:50:50.113+0900][0.212s][info][gc,heap        ] GC(3) PSYoungGen: 139661K(141824K)->0K(163840K) Eden: 130474K(131072K)->0K(153088K) From: 9187K(10752K)->0K(10752K)
[2026-03-22T19:50:50.113+0900][0.212s][info][gc,heap        ] GC(3) ParOldGen: 200729K(203264K)->103705K(277504K)
[2026-03-22T19:50:50.113+0900][0.212s][info][gc,metaspace   ] GC(3) Metaspace: 334K(512K)->334K(512K) NonClass: 316K(384K)->316K(384K) Class: 17K(128K)->17K(128K)
[2026-03-22T19:50:50.113+0900][0.212s][info][gc             ] GC(3) Pause Full (Ergonomics) 332M->101M(431M) 10.363ms
[2026-03-22T19:50:50.113+0900][0.212s][info][gc,cpu         ] GC(3) User=0.02s Sys=0.11s Real=0.01s
[2026-03-22T19:50:50.132+0900][0.231s][info][gc,start       ] GC(4) Pause Young (Allocation Failure)
[2026-03-22T19:50:50.137+0900][0.236s][info][gc,heap        ] GC(4) PSYoungGen: 151389K(163840K)->10592K(163840K) Eden: 151389K(153088K)->0K(153088K) From: 0K(10752K)->10592K(10752K)
[2026-03-22T19:50:50.137+0900][0.236s][info][gc,heap        ] GC(4) ParOldGen: 103705K(277504K)->197914K(277504K)
[2026-03-22T19:50:50.137+0900][0.236s][info][gc,metaspace   ] GC(4) Metaspace: 335K(512K)->335K(512K) NonClass: 317K(384K)->317K(384K) Class: 17K(128K)->17K(128K)
[2026-03-22T19:50:50.137+0900][0.236s][info][gc             ] GC(4) Pause Young (Allocation Failure) 249M->203M(431M) 4.823ms
[2026-03-22T19:50:50.137+0900][0.236s][info][gc,cpu         ] GC(4) User=0.03s Sys=0.09s Real=0.01s
[2026-03-22T19:50:50.155+0900][0.253s][info][gc,start       ] GC(5) Pause Full (Ergonomics)
[2026-03-22T19:50:50.155+0900][0.253s][info][gc,phases,start] GC(5) Marking Phase
[2026-03-22T19:50:50.156+0900][0.254s][info][gc,phases      ] GC(5) Marking Phase 1.168ms
[2026-03-22T19:50:50.156+0900][0.254s][info][gc,phases,start] GC(5) Summary Phase
[2026-03-22T19:50:50.156+0900][0.254s][info][gc,phases      ] GC(5) Summary Phase 0.024ms
[2026-03-22T19:50:50.156+0900][0.254s][info][gc,phases,start] GC(5) Adjust Roots
[2026-03-22T19:50:50.156+0900][0.255s][info][gc,phases      ] GC(5) Adjust Roots 0.428ms
[2026-03-22T19:50:50.156+0900][0.255s][info][gc,phases,start] GC(5) Compaction Phase
[2026-03-22T19:50:50.162+0900][0.260s][info][gc,phases      ] GC(5) Compaction Phase 5.653ms
[2026-03-22T19:50:50.162+0900][0.260s][info][gc,phases,start] GC(5) Post Compact
[2026-03-22T19:50:50.163+0900][0.262s][info][gc,phases      ] GC(5) Post Compact 1.490ms
[2026-03-22T19:50:50.163+0900][0.262s][info][gc,heap        ] GC(5) PSYoungGen: 163105K(163840K)->0K(163840K) Eden: 152513K(153088K)->0K(153088K) From: 10592K(10752K)->0K(10752K)
[2026-03-22T19:50:50.163+0900][0.262s][info][gc,heap        ] GC(5) ParOldGen: 197914K(277504K)->103194K(320512K)
[2026-03-22T19:50:50.163+0900][0.262s][info][gc,metaspace   ] GC(5) Metaspace: 336K(512K)->336K(512K) NonClass: 318K(384K)->318K(384K) Class: 17K(128K)->17K(128K)
[2026-03-22T19:50:50.163+0900][0.262s][info][gc             ] GC(5) Pause Full (Ergonomics) 352M->100M(473M) 9.290ms
[2026-03-22T19:50:50.163+0900][0.262s][info][gc,cpu         ] GC(5) User=0.00s Sys=0.00s Real=0.01s
[2026-03-22T19:50:50.180+0900][0.278s][info][gc,start       ] GC(6) Pause Young (Allocation Failure)
[2026-03-22T19:50:50.184+0900][0.283s][info][gc,heap        ] GC(6) PSYoungGen: 152532K(163840K)->10624K(163840K) Eden: 152532K(153088K)->0K(153088K) From: 0K(10752K)->10624K(10752K)
[2026-03-22T19:50:50.184+0900][0.283s][info][gc,heap        ] GC(6) ParOldGen: 103194K(320512K)->197403K(320512K)
[2026-03-22T19:50:50.184+0900][0.283s][info][gc,metaspace   ] GC(6) Metaspace: 336K(512K)->336K(512K) NonClass: 318K(384K)->318K(384K) Class: 17K(128K)->17K(128K)
[2026-03-22T19:50:50.185+0900][0.283s][info][gc             ] GC(6) Pause Young (Allocation Failure) 249M->203M(473M) 4.470ms
[2026-03-22T19:50:50.185+0900][0.283s][info][gc,cpu         ] GC(6) User=0.03s Sys=0.08s Real=0.00s
[2026-03-22T19:50:50.204+0900][0.303s][info][gc,start       ] GC(7) Pause Young (Allocation Failure)
[2026-03-22T19:50:50.228+0900][0.327s][info][gc,heap        ] GC(7) PSYoungGen: 163167K(163840K)->10720K(69632K) Eden: 152543K(153088K)->0K(58880K) From: 10624K(10752K)->10720K(10752K)
[2026-03-22T19:50:50.228+0900][0.327s][info][gc,heap        ] GC(7) ParOldGen: 197403K(320512K)->289579K(320512K)
[2026-03-22T19:50:50.228+0900][0.327s][info][gc,metaspace   ] GC(7) Metaspace: 336K(512K)->336K(512K) NonClass: 318K(384K)->318K(384K) Class: 17K(128K)->17K(128K)
[2026-03-22T19:50:50.228+0900][0.327s][info][gc             ] GC(7) Pause Young (Allocation Failure) 352M->293M(381M) 23.901ms
[2026-03-22T19:50:50.228+0900][0.327s][info][gc,cpu         ] GC(7) User=0.06s Sys=0.06s Real=0.02s
[2026-03-22T19:50:50.235+0900][0.333s][info][gc,start       ] GC(8) Pause Full (Ergonomics)
[2026-03-22T19:50:50.235+0900][0.334s][info][gc,phases,start] GC(8) Marking Phase
[2026-03-22T19:50:50.236+0900][0.335s][info][gc,phases      ] GC(8) Marking Phase 1.332ms
[2026-03-22T19:50:50.236+0900][0.335s][info][gc,phases,start] GC(8) Summary Phase
[2026-03-22T19:50:50.237+0900][0.335s][info][gc,phases      ] GC(8) Summary Phase 0.027ms
[2026-03-22T19:50:50.237+0900][0.335s][info][gc,phases,start] GC(8) Adjust Roots
[2026-03-22T19:50:50.237+0900][0.335s][info][gc,phases      ] GC(8) Adjust Roots 0.230ms
[2026-03-22T19:50:50.237+0900][0.335s][info][gc,phases,start] GC(8) Compaction Phase
[2026-03-22T19:50:50.241+0900][0.340s][info][gc,phases      ] GC(8) Compaction Phase 4.725ms
[2026-03-22T19:50:50.241+0900][0.340s][info][gc,phases,start] GC(8) Post Compact
[2026-03-22T19:50:50.243+0900][0.342s][info][gc,phases      ] GC(8) Post Compact 1.744ms
[2026-03-22T19:50:50.243+0900][0.342s][info][gc,heap        ] GC(8) PSYoungGen: 69235K(69632K)->0K(116736K) Eden: 58515K(58880K)->0K(58880K) From: 10720K(10752K)->0K(57856K)
[2026-03-22T19:50:50.243+0900][0.342s][info][gc,heap        ] GC(8) ParOldGen: 289579K(320512K)->103194K(348160K)
[2026-03-22T19:50:50.243+0900][0.342s][info][gc,metaspace   ] GC(8) Metaspace: 336K(512K)->336K(512K) NonClass: 318K(384K)->318K(384K) Class: 17K(128K)->17K(128K)
[2026-03-22T19:50:50.243+0900][0.342s][info][gc             ] GC(8) Pause Full (Ergonomics) 350M->100M(454M) 8.579ms
[2026-03-22T19:50:50.243+0900][0.342s][info][gc,cpu         ] GC(8) User=0.00s Sys=0.00s Real=0.01s
[2026-03-22T19:50:50.250+0900][0.349s][info][gc,start       ] GC(9) Pause Young (Allocation Failure)
[2026-03-22T19:50:50.252+0900][0.352s][info][gc,heap        ] GC(9) PSYoungGen: 58517K(116736K)->57632K(116736K) Eden: 58517K(58880K)->0K(58880K) From: 0K(57856K)->57632K(57856K)
[2026-03-22T19:50:50.253+0900][0.352s][info][gc,heap        ] GC(9) ParOldGen: 103194K(348160K)->103194K(348160K)
[2026-03-22T19:50:50.253+0900][0.352s][info][gc,metaspace   ] GC(9) Metaspace: 336K(512K)->336K(512K) NonClass: 318K(384K)->318K(384K) Class: 17K(128K)->17K(128K)
[2026-03-22T19:50:50.253+0900][0.352s][info][gc             ] GC(9) Pause Young (Allocation Failure) 157M->157M(454M) 2.467ms
[2026-03-22T19:50:50.253+0900][0.352s][info][gc,cpu         ] GC(9) User=0.00s Sys=0.00s Real=0.00s
[2026-03-22T19:50:50.258+0900][0.357s][info][gc,start       ] GC(10) Pause Young (Allocation Failure)
[2026-03-22T19:50:50.262+0900][0.361s][info][gc,heap        ] GC(10) PSYoungGen: 116145K(116736K)->57696K(116736K) Eden: 58513K(58880K)->0K(58880K) From: 57632K(57856K)->57696K(57856K)
[2026-03-22T19:50:50.262+0900][0.361s][info][gc,heap        ] GC(10) ParOldGen: 103194K(348160K)->150298K(348160K)
[2026-03-22T19:50:50.262+0900][0.361s][info][gc,metaspace   ] GC(10) Metaspace: 336K(512K)->336K(512K) NonClass: 318K(384K)->318K(384K) Class: 17K(128K)->17K(128K)
[2026-03-22T19:50:50.262+0900][0.361s][info][gc             ] GC(10) Pause Young (Allocation Failure) 214M->203M(454M) 3.900ms
[2026-03-22T19:50:50.262+0900][0.361s][info][gc,cpu         ] GC(10) User=0.06s Sys=0.05s Real=0.00s
[2026-03-22T19:50:50.268+0900][0.367s][info][gc,start       ] GC(11) Pause Young (Allocation Failure)
[2026-03-22T19:50:50.271+0900][0.370s][info][gc,heap        ] GC(11) PSYoungGen: 116206K(116736K)->57760K(116736K) Eden: 58509K(58880K)->0K(58880K) From: 57696K(57856K)->57760K(57856K)
[2026-03-22T19:50:50.271+0900][0.370s][info][gc,heap        ] GC(11) ParOldGen: 150298K(348160K)->162586K(348160K)
[2026-03-22T19:50:50.271+0900][0.370s][info][gc,metaspace   ] GC(11) Metaspace: 336K(512K)->336K(512K) NonClass: 318K(384K)->318K(384K) Class: 17K(128K)->17K(128K)
[2026-03-22T19:50:50.271+0900][0.370s][info][gc             ] GC(11) Pause Young (Allocation Failure) 260M->215M(454M) 2.729ms
[2026-03-22T19:50:50.271+0900][0.370s][info][gc,cpu         ] GC(11) User=0.00s Sys=0.00s Real=0.00s
[2026-03-22T19:50:50.277+0900][0.376s][info][gc,start       ] GC(12) Pause Young (Allocation Failure)
[2026-03-22T19:50:50.280+0900][0.379s][info][gc,heap        ] GC(12) PSYoungGen: 116268K(116736K)->57696K(116736K) Eden: 58507K(58880K)->0K(58880K) From: 57760K(57856K)->57696K(57856K)
[2026-03-22T19:50:50.280+0900][0.379s][info][gc,heap        ] GC(12) ParOldGen: 162586K(348160K)->197523K(348160K)
[2026-03-22T19:50:50.280+0900][0.379s][info][gc,metaspace   ] GC(12) Metaspace: 336K(512K)->336K(512K) NonClass: 318K(384K)->318K(384K) Class: 17K(128K)->17K(128K)
[2026-03-22T19:50:50.280+0900][0.379s][info][gc             ] GC(12) Pause Young (Allocation Failure) 272M->249M(454M) 3.583ms
[2026-03-22T19:50:50.280+0900][0.379s][info][gc,cpu         ] GC(12) User=0.00s Sys=0.00s Real=0.00s
[2026-03-22T19:50:50.287+0900][0.385s][info][gc,start       ] GC(13) Pause Young (Allocation Failure)
[2026-03-22T19:50:50.290+0900][0.388s][info][gc,heap        ] GC(13) PSYoungGen: 116203K(116736K)->57632K(116736K) Eden: 58506K(58880K)->0K(58880K) From: 57696K(57856K)->57632K(57856K)
[2026-03-22T19:50:50.290+0900][0.388s][info][gc,heap        ] GC(13) ParOldGen: 197523K(348160K)->209971K(348160K)
[2026-03-22T19:50:50.290+0900][0.388s][info][gc,metaspace   ] GC(13) Metaspace: 336K(512K)->336K(512K) NonClass: 318K(384K)->318K(384K) Class: 17K(128K)->17K(128K)
[2026-03-22T19:50:50.290+0900][0.388s][info][gc             ] GC(13) Pause Young (Allocation Failure) 306M->261M(454M) 2.757ms
[2026-03-22T19:50:50.290+0900][0.388s][info][gc,cpu         ] GC(13) User=0.00s Sys=0.00s Real=0.00s
[2026-03-22T19:50:50.296+0900][0.394s][info][gc,start       ] GC(14) Pause Young (Allocation Failure)
[2026-03-22T19:50:50.299+0900][0.398s][info][gc,heap        ] GC(14) PSYoungGen: 114473K(116736K)->55552K(116736K) Eden: 56840K(58880K)->0K(58880K) From: 57632K(57856K)->55552K(57856K)
[2026-03-22T19:50:50.300+0900][0.398s][info][gc,heap        ] GC(14) ParOldGen: 209971K(348160K)->259227K(348160K)
[2026-03-22T19:50:50.300+0900][0.398s][info][gc,metaspace   ] GC(14) Metaspace: 341K(512K)->341K(512K) NonClass: 323K(384K)->323K(384K) Class: 17K(128K)->17K(128K)
[2026-03-22T19:50:50.300+0900][0.398s][info][gc             ] GC(14) Pause Young (Allocation Failure) 316M->307M(454M) 3.942ms
[2026-03-22T19:50:50.300+0900][0.398s][info][gc,cpu         ] GC(14) User=0.00s Sys=0.00s Real=0.00s
[2026-03-22T19:50:50.306+0900][0.405s][info][gc,start       ] GC(15) Pause Full (Ergonomics)
[2026-03-22T19:50:50.306+0900][0.405s][info][gc,phases,start] GC(15) Marking Phase
[2026-03-22T19:50:50.307+0900][0.406s][info][gc,phases      ] GC(15) Marking Phase 1.153ms
[2026-03-22T19:50:50.307+0900][0.406s][info][gc,phases,start] GC(15) Summary Phase
[2026-03-22T19:50:50.307+0900][0.406s][info][gc,phases      ] GC(15) Summary Phase 0.028ms
[2026-03-22T19:50:50.308+0900][0.406s][info][gc,phases,start] GC(15) Adjust Roots
[2026-03-22T19:50:50.308+0900][0.407s][info][gc,phases      ] GC(15) Adjust Roots 0.219ms
[2026-03-22T19:50:50.308+0900][0.407s][info][gc,phases,start] GC(15) Compaction Phase
[2026-03-22T19:50:50.312+0900][0.411s][info][gc,phases      ] GC(15) Compaction Phase 4.266ms
[2026-03-22T19:50:50.312+0900][0.411s][info][gc,phases,start] GC(15) Post Compact
[2026-03-22T19:50:50.313+0900][0.412s][info][gc,phases      ] GC(15) Post Compact 1.178ms
[2026-03-22T19:50:50.313+0900][0.412s][info][gc,heap        ] GC(15) PSYoungGen: 114054K(116736K)->0K(116736K) Eden: 58502K(58880K)->0K(58880K) From: 55552K(57856K)->0K(57856K)
[2026-03-22T19:50:50.313+0900][0.412s][info][gc,heap        ] GC(15) ParOldGen: 259227K(348160K)->103430K(349696K)
[2026-03-22T19:50:50.313+0900][0.412s][info][gc,metaspace   ] GC(15) Metaspace: 341K(512K)->341K(512K) NonClass: 323K(384K)->323K(384K) Class: 17K(128K)->17K(128K)
[2026-03-22T19:50:50.313+0900][0.412s][info][gc             ] GC(15) Pause Full (Ergonomics) 364M->101M(455M) 7.324ms
[2026-03-22T19:50:50.313+0900][0.412s][info][gc,cpu         ] GC(15) User=0.00s Sys=0.02s Real=0.01s
[2026-03-22T19:50:50.319+0900][0.418s][info][gc,start       ] GC(16) Pause Young (Allocation Failure)
[2026-03-22T19:50:50.322+0900][0.420s][info][gc,heap        ] GC(16) PSYoungGen: 58503K(116736K)->57632K(116736K) Eden: 58503K(58880K)->0K(58880K) From: 0K(57856K)->57632K(57856K)
[2026-03-22T19:50:50.322+0900][0.420s][info][gc,heap        ] GC(16) ParOldGen: 103430K(349696K)->103430K(349696K)
[2026-03-22T19:50:50.322+0900][0.420s][info][gc,metaspace   ] GC(16) Metaspace: 341K(512K)->341K(512K) NonClass: 323K(384K)->323K(384K) Class: 17K(128K)->17K(128K)
[2026-03-22T19:50:50.322+0900][0.420s][info][gc             ] GC(16) Pause Young (Allocation Failure) 158M->157M(455M) 2.265ms
[2026-03-22T19:50:50.322+0900][0.420s][info][gc,cpu         ] GC(16) User=0.00s Sys=0.00s Real=0.00s
[2026-03-22T19:50:50.327+0900][0.426s][info][gc,start       ] GC(17) Pause Young (Allocation Failure)
[2026-03-22T19:50:50.331+0900][0.430s][info][gc,heap        ] GC(17) PSYoungGen: 116135K(116736K)->57632K(116736K) Eden: 58503K(58880K)->0K(58880K) From: 57632K(57856K)->57632K(57856K)
[2026-03-22T19:50:50.331+0900][0.430s][info][gc,heap        ] GC(17) ParOldGen: 103430K(349696K)->150638K(349696K)
[2026-03-22T19:50:50.331+0900][0.430s][info][gc,metaspace   ] GC(17) Metaspace: 341K(512K)->341K(512K) NonClass: 323K(384K)->323K(384K) Class: 17K(128K)->17K(128K)
[2026-03-22T19:50:50.331+0900][0.430s][info][gc             ] GC(17) Pause Young (Allocation Failure) 214M->203M(455M) 3.922ms
[2026-03-22T19:50:50.331+0900][0.430s][info][gc,cpu         ] GC(17) User=0.00s Sys=0.00s Real=0.00s
[2026-03-22T19:50:50.337+0900][0.435s][info][gc,start       ] GC(18) Pause Young (Allocation Failure)
[2026-03-22T19:50:50.340+0900][0.439s][info][gc,heap        ] GC(18) PSYoungGen: 116136K(116736K)->57632K(116736K) Eden: 58503K(58880K)->0K(58880K) From: 57632K(57856K)->57632K(57856K)
[2026-03-22T19:50:50.341+0900][0.439s][info][gc,heap        ] GC(18) ParOldGen: 150638K(349696K)->197846K(349696K)
[2026-03-22T19:50:50.341+0900][0.439s][info][gc,metaspace   ] GC(18) Metaspace: 341K(512K)->341K(512K) NonClass: 323K(384K)->323K(384K) Class: 17K(128K)->17K(128K)
[2026-03-22T19:50:50.341+0900][0.439s][info][gc             ] GC(18) Pause Young (Allocation Failure) 260M->249M(455M) 3.847ms
[2026-03-22T19:50:50.341+0900][0.439s][info][gc,cpu         ] GC(18) User=0.03s Sys=0.09s Real=0.00s
[2026-03-22T19:50:50.346+0900][0.445s][info][gc,start       ] GC(19) Pause Young (Allocation Failure)
[2026-03-22T19:50:50.350+0900][0.449s][info][gc,heap        ] GC(19) PSYoungGen: 116136K(116736K)->57632K(116736K) Eden: 58504K(58880K)->0K(58880K) From: 57632K(57856K)->57632K(57856K)
[2026-03-22T19:50:50.350+0900][0.449s][info][gc,heap        ] GC(19) ParOldGen: 197846K(349696K)->245063K(349696K)
[2026-03-22T19:50:50.350+0900][0.449s][info][gc,metaspace   ] GC(19) Metaspace: 341K(512K)->341K(512K) NonClass: 323K(384K)->323K(384K) Class: 17K(128K)->17K(128K)
[2026-03-22T19:50:50.350+0900][0.449s][info][gc             ] GC(19) Pause Young (Allocation Failure) 306M->295M(455M) 3.875ms
[2026-03-22T19:50:50.350+0900][0.449s][info][gc,cpu         ] GC(19) User=0.00s Sys=0.00s Real=0.00s
[2026-03-22T19:50:50.356+0900][0.454s][info][gc,start       ] GC(20) Pause Young (Allocation Failure)
[2026-03-22T19:50:50.359+0900][0.458s][info][gc,heap        ] GC(20) PSYoungGen: 116136K(116736K)->57632K(116736K) Eden: 58504K(58880K)->0K(58880K) From: 57632K(57856K)->57632K(57856K)
[2026-03-22T19:50:50.359+0900][0.458s][info][gc,heap        ] GC(20) ParOldGen: 245063K(349696K)->292271K(349696K)
[2026-03-22T19:50:50.359+0900][0.458s][info][gc,metaspace   ] GC(20) Metaspace: 341K(512K)->341K(512K) NonClass: 323K(384K)->323K(384K) Class: 17K(128K)->17K(128K)
[2026-03-22T19:50:50.359+0900][0.458s][info][gc             ] GC(20) Pause Young (Allocation Failure) 352M->341M(455M) 3.847ms
[2026-03-22T19:50:50.359+0900][0.458s][info][gc,cpu         ] GC(20) User=0.00s Sys=0.00s Real=0.00s
[2026-03-22T19:50:50.365+0900][0.464s][info][gc,start       ] GC(21) Pause Full (Ergonomics)
[2026-03-22T19:50:50.365+0900][0.464s][info][gc,phases,start] GC(21) Marking Phase
[2026-03-22T19:50:50.366+0900][0.465s][info][gc,phases      ] GC(21) Marking Phase 0.938ms
[2026-03-22T19:50:50.366+0900][0.465s][info][gc,phases,start] GC(21) Summary Phase
[2026-03-22T19:50:50.366+0900][0.465s][info][gc,phases      ] GC(21) Summary Phase 0.013ms
[2026-03-22T19:50:50.366+0900][0.465s][info][gc,phases,start] GC(21) Adjust Roots
[2026-03-22T19:50:50.366+0900][0.465s][info][gc,phases      ] GC(21) Adjust Roots 0.178ms
[2026-03-22T19:50:50.366+0900][0.465s][info][gc,phases,start] GC(21) Compaction Phase
[2026-03-22T19:50:50.371+0900][0.470s][info][gc,phases      ] GC(21) Compaction Phase 4.751ms
[2026-03-22T19:50:50.371+0900][0.470s][info][gc,phases,start] GC(21) Post Compact
[2026-03-22T19:50:50.372+0900][0.471s][info][gc,phases      ] GC(21) Post Compact 1.389ms
[2026-03-22T19:50:50.372+0900][0.471s][info][gc,heap        ] GC(21) PSYoungGen: 116136K(116736K)->0K(116736K) Eden: 58504K(58880K)->0K(58880K) From: 57632K(57856K)->0K(57856K)
[2026-03-22T19:50:50.372+0900][0.471s][info][gc,heap        ] GC(21) ParOldGen: 292271K(349696K)->103430K(348160K)
[2026-03-22T19:50:50.372+0900][0.471s][info][gc,metaspace   ] GC(21) Metaspace: 341K(512K)->341K(512K) NonClass: 323K(384K)->323K(384K) Class: 17K(128K)->17K(128K)
[2026-03-22T19:50:50.372+0900][0.471s][info][gc             ] GC(21) Pause Full (Ergonomics) 398M->101M(454M) 7.554ms
[2026-03-22T19:50:50.372+0900][0.471s][info][gc,cpu         ] GC(21) User=0.11s Sys=0.02s Real=0.01s
[2026-03-22T19:50:50.378+0900][0.477s][info][gc,start       ] GC(22) Pause Young (Allocation Failure)
[2026-03-22T19:50:50.380+0900][0.479s][info][gc,heap        ] GC(22) PSYoungGen: 58504K(116736K)->57632K(116736K) Eden: 58504K(58880K)->0K(58880K) From: 0K(57856K)->57632K(57856K)
[2026-03-22T19:50:50.380+0900][0.479s][info][gc,heap        ] GC(22) ParOldGen: 103430K(348160K)->103430K(348160K)
[2026-03-22T19:50:50.380+0900][0.479s][info][gc,metaspace   ] GC(22) Metaspace: 341K(512K)->341K(512K) NonClass: 323K(384K)->323K(384K) Class: 17K(128K)->17K(128K)
[2026-03-22T19:50:50.380+0900][0.479s][info][gc             ] GC(22) Pause Young (Allocation Failure) 158M->157M(454M) 2.390ms
[2026-03-22T19:50:50.380+0900][0.479s][info][gc,cpu         ] GC(22) User=0.00s Sys=0.00s Real=0.00s
[2026-03-22T19:50:50.386+0900][0.485s][info][gc,start       ] GC(23) Pause Young (Allocation Failure)
[2026-03-22T19:50:50.390+0900][0.489s][info][gc,heap        ] GC(23) PSYoungGen: 116136K(116736K)->57632K(116736K) Eden: 58504K(58880K)->0K(58880K) From: 57632K(57856K)->57632K(57856K)
[2026-03-22T19:50:50.390+0900][0.489s][info][gc,heap        ] GC(23) ParOldGen: 103430K(348160K)->150638K(348160K)
[2026-03-22T19:50:50.390+0900][0.489s][info][gc,metaspace   ] GC(23) Metaspace: 341K(512K)->341K(512K) NonClass: 323K(384K)->323K(384K) Class: 17K(128K)->17K(128K)
[2026-03-22T19:50:50.390+0900][0.489s][info][gc             ] GC(23) Pause Young (Allocation Failure) 214M->203M(454M) 4.017ms
[2026-03-22T19:50:50.390+0900][0.489s][info][gc,cpu         ] GC(23) User=0.00s Sys=0.00s Real=0.00s
[2026-03-22T19:50:50.395+0900][0.494s][info][gc,start       ] GC(24) Pause Young (Allocation Failure)
[2026-03-22T19:50:50.399+0900][0.498s][info][gc,heap        ] GC(24) PSYoungGen: 116136K(116736K)->57632K(116736K) Eden: 58504K(58880K)->0K(58880K) From: 57632K(57856K)->57632K(57856K)
[2026-03-22T19:50:50.399+0900][0.498s][info][gc,heap        ] GC(24) ParOldGen: 150638K(348160K)->197846K(348160K)
[2026-03-22T19:50:50.399+0900][0.498s][info][gc,metaspace   ] GC(24) Metaspace: 341K(512K)->341K(512K) NonClass: 323K(384K)->323K(384K) Class: 17K(128K)->17K(128K)
[2026-03-22T19:50:50.399+0900][0.498s][info][gc             ] GC(24) Pause Young (Allocation Failure) 260M->249M(454M) 4.012ms
[2026-03-22T19:50:50.399+0900][0.498s][info][gc,cpu         ] GC(24) User=0.00s Sys=0.00s Real=0.00s
[2026-03-22T19:50:50.405+0900][0.504s][info][gc,start       ] GC(25) Pause Young (Allocation Failure)
[2026-03-22T19:50:50.409+0900][0.508s][info][gc,heap        ] GC(25) PSYoungGen: 116136K(116736K)->57632K(116736K) Eden: 58504K(58880K)->0K(58880K) From: 57632K(57856K)->57632K(57856K)
[2026-03-22T19:50:50.409+0900][0.508s][info][gc,heap        ] GC(25) ParOldGen: 197846K(348160K)->245055K(348160K)
[2026-03-22T19:50:50.409+0900][0.508s][info][gc,metaspace   ] GC(25) Metaspace: 341K(512K)->341K(512K) NonClass: 323K(384K)->323K(384K) Class: 17K(128K)->17K(128K)
[2026-03-22T19:50:50.409+0900][0.508s][info][gc             ] GC(25) Pause Young (Allocation Failure) 306M->295M(454M) 3.964ms
[2026-03-22T19:50:50.409+0900][0.508s][info][gc,cpu         ] GC(25) User=0.00s Sys=0.00s Real=0.00s
[2026-03-22T19:50:50.414+0900][0.513s][info][gc,start       ] GC(26) Pause Young (Allocation Failure)
[2026-03-22T19:50:50.418+0900][0.517s][info][gc,heap        ] GC(26) PSYoungGen: 116136K(116736K)->57632K(116736K) Eden: 58504K(58880K)->0K(58880K) From: 57632K(57856K)->57632K(57856K)
[2026-03-22T19:50:50.418+0900][0.517s][info][gc,heap        ] GC(26) ParOldGen: 245055K(348160K)->292263K(348160K)
[2026-03-22T19:50:50.418+0900][0.517s][info][gc,metaspace   ] GC(26) Metaspace: 341K(512K)->341K(512K) NonClass: 323K(384K)->323K(384K) Class: 17K(128K)->17K(128K)
[2026-03-22T19:50:50.418+0900][0.517s][info][gc             ] GC(26) Pause Young (Allocation Failure) 352M->341M(454M) 3.852ms
[2026-03-22T19:50:50.418+0900][0.517s][info][gc,cpu         ] GC(26) User=0.08s Sys=0.03s Real=0.00s
[2026-03-22T19:50:50.423+0900][0.522s][info][gc,start       ] GC(27) Pause Full (Ergonomics)
[2026-03-22T19:50:50.423+0900][0.522s][info][gc,phases,start] GC(27) Marking Phase
[2026-03-22T19:50:50.424+0900][0.523s][info][gc,phases      ] GC(27) Marking Phase 0.995ms
[2026-03-22T19:50:50.424+0900][0.523s][info][gc,phases,start] GC(27) Summary Phase
[2026-03-22T19:50:50.424+0900][0.523s][info][gc,phases      ] GC(27) Summary Phase 0.013ms
[2026-03-22T19:50:50.424+0900][0.523s][info][gc,phases,start] GC(27) Adjust Roots
[2026-03-22T19:50:50.424+0900][0.523s][info][gc,phases      ] GC(27) Adjust Roots 0.146ms
[2026-03-22T19:50:50.424+0900][0.523s][info][gc,phases,start] GC(27) Compaction Phase
[2026-03-22T19:50:50.429+0900][0.528s][info][gc,phases      ] GC(27) Compaction Phase 4.638ms
[2026-03-22T19:50:50.429+0900][0.528s][info][gc,phases,start] GC(27) Post Compact
[2026-03-22T19:50:50.431+0900][0.529s][info][gc,phases      ] GC(27) Post Compact 1.489ms
[2026-03-22T19:50:50.431+0900][0.529s][info][gc,heap        ] GC(27) PSYoungGen: 116136K(116736K)->0K(116736K) Eden: 58504K(58880K)->0K(58880K) From: 57632K(57856K)->0K(57856K)
[2026-03-22T19:50:50.431+0900][0.529s][info][gc,heap        ] GC(27) ParOldGen: 292263K(348160K)->103430K(349696K)
[2026-03-22T19:50:50.431+0900][0.529s][info][gc,metaspace   ] GC(27) Metaspace: 341K(512K)->341K(512K) NonClass: 323K(384K)->323K(384K) Class: 17K(128K)->17K(128K)
[2026-03-22T19:50:50.431+0900][0.529s][info][gc             ] GC(27) Pause Full (Ergonomics) 398M->101M(455M) 7.619ms
[2026-03-22T19:50:50.431+0900][0.530s][info][gc,cpu         ] GC(27) User=0.00s Sys=0.00s Real=0.01s
[2026-03-22T19:50:50.437+0900][0.535s][info][gc,start       ] GC(28) Pause Young (Allocation Failure)
[2026-03-22T19:50:50.439+0900][0.537s][info][gc,heap        ] GC(28) PSYoungGen: 58504K(116736K)->57632K(116736K) Eden: 58504K(58880K)->0K(58880K) From: 0K(57856K)->57632K(57856K)
[2026-03-22T19:50:50.439+0900][0.537s][info][gc,heap        ] GC(28) ParOldGen: 103430K(349696K)->103430K(349696K)
[2026-03-22T19:50:50.439+0900][0.537s][info][gc,metaspace   ] GC(28) Metaspace: 341K(512K)->341K(512K) NonClass: 323K(384K)->323K(384K) Class: 17K(128K)->17K(128K)
[2026-03-22T19:50:50.439+0900][0.537s][info][gc             ] GC(28) Pause Young (Allocation Failure) 158M->157M(455M) 2.445ms
[2026-03-22T19:50:50.439+0900][0.537s][info][gc,cpu         ] GC(28) User=0.00s Sys=0.00s Real=0.00s
[2026-03-22T19:50:50.445+0900][0.543s][info][gc,start       ] GC(29) Pause Young (Allocation Failure)
[2026-03-22T19:50:50.449+0900][0.547s][info][gc,heap        ] GC(29) PSYoungGen: 116136K(116736K)->57632K(116736K) Eden: 58504K(58880K)->0K(58880K) From: 57632K(57856K)->57632K(57856K)
[2026-03-22T19:50:50.449+0900][0.547s][info][gc,heap        ] GC(29) ParOldGen: 103430K(349696K)->150638K(349696K)
[2026-03-22T19:50:50.449+0900][0.547s][info][gc,metaspace   ] GC(29) Metaspace: 341K(512K)->341K(512K) NonClass: 323K(384K)->323K(384K) Class: 17K(128K)->17K(128K)
[2026-03-22T19:50:50.449+0900][0.547s][info][gc             ] GC(29) Pause Young (Allocation Failure) 214M->203M(455M) 3.943ms
[2026-03-22T19:50:50.449+0900][0.547s][info][gc,cpu         ] GC(29) User=0.12s Sys=0.00s Real=0.00s
[2026-03-22T19:50:50.455+0900][0.553s][info][gc,start       ] GC(30) Pause Young (Allocation Failure)
[2026-03-22T19:50:50.458+0900][0.557s][info][gc,heap        ] GC(30) PSYoungGen: 116136K(116736K)->57632K(116736K) Eden: 58504K(58880K)->0K(58880K) From: 57632K(57856K)->57632K(57856K)
[2026-03-22T19:50:50.458+0900][0.557s][info][gc,heap        ] GC(30) ParOldGen: 150638K(349696K)->197846K(349696K)
[2026-03-22T19:50:50.458+0900][0.557s][info][gc,metaspace   ] GC(30) Metaspace: 341K(512K)->341K(512K) NonClass: 323K(384K)->323K(384K) Class: 17K(128K)->17K(128K)
[2026-03-22T19:50:50.458+0900][0.557s][info][gc             ] GC(30) Pause Young (Allocation Failure) 260M->249M(455M) 3.767ms
[2026-03-22T19:50:50.458+0900][0.557s][info][gc,cpu         ] GC(30) User=0.00s Sys=0.00s Real=0.00s
[2026-03-22T19:50:50.464+0900][0.562s][info][gc,start       ] GC(31) Pause Young (Allocation Failure)
[2026-03-22T19:50:50.468+0900][0.566s][info][gc,heap        ] GC(31) PSYoungGen: 116136K(116736K)->57632K(116736K) Eden: 58504K(58880K)->0K(58880K) From: 57632K(57856K)->57632K(57856K)
[2026-03-22T19:50:50.468+0900][0.566s][info][gc,heap        ] GC(31) ParOldGen: 197846K(349696K)->245063K(349696K)
[2026-03-22T19:50:50.468+0900][0.566s][info][gc,metaspace   ] GC(31) Metaspace: 341K(512K)->341K(512K) NonClass: 323K(384K)->323K(384K) Class: 17K(128K)->17K(128K)
[2026-03-22T19:50:50.468+0900][0.566s][info][gc             ] GC(31) Pause Young (Allocation Failure) 306M->295M(455M) 3.907ms
[2026-03-22T19:50:50.468+0900][0.566s][info][gc,cpu         ] GC(31) User=0.00s Sys=0.00s Real=0.00s
[2026-03-22T19:50:50.473+0900][0.572s][info][gc,start       ] GC(32) Pause Young (Allocation Failure)
[2026-03-22T19:50:50.476+0900][0.575s][info][gc,heap        ] GC(32) PSYoungGen: 116136K(116736K)->57632K(116736K) Eden: 58504K(58880K)->0K(58880K) From: 57632K(57856K)->57632K(57856K)
[2026-03-22T19:50:50.476+0900][0.575s][info][gc,heap        ] GC(32) ParOldGen: 245063K(349696K)->292271K(349696K)
[2026-03-22T19:50:50.476+0900][0.575s][info][gc,metaspace   ] GC(32) Metaspace: 341K(512K)->341K(512K) NonClass: 323K(384K)->323K(384K) Class: 17K(128K)->17K(128K)
[2026-03-22T19:50:50.477+0900][0.576s][info][gc             ] GC(32) Pause Young (Allocation Failure) 352M->341M(455M) 3.952ms
[2026-03-22T19:50:50.477+0900][0.576s][info][gc,cpu         ] GC(32) User=0.00s Sys=0.00s Real=0.00s
[2026-03-22T19:50:50.483+0900][0.582s][info][gc,start       ] GC(33) Pause Full (Ergonomics)
[2026-03-22T19:50:50.483+0900][0.582s][info][gc,phases,start] GC(33) Marking Phase
[2026-03-22T19:50:50.485+0900][0.583s][info][gc,phases      ] GC(33) Marking Phase 1.223ms
[2026-03-22T19:50:50.485+0900][0.583s][info][gc,phases,start] GC(33) Summary Phase
[2026-03-22T19:50:50.485+0900][0.583s][info][gc,phases      ] GC(33) Summary Phase 0.013ms
[2026-03-22T19:50:50.485+0900][0.583s][info][gc,phases,start] GC(33) Adjust Roots
[2026-03-22T19:50:50.485+0900][0.583s][info][gc,phases      ] GC(33) Adjust Roots 0.303ms
[2026-03-22T19:50:50.485+0900][0.583s][info][gc,phases,start] GC(33) Compaction Phase
[2026-03-22T19:50:50.489+0900][0.588s][info][gc,phases      ] GC(33) Compaction Phase 4.768ms
[2026-03-22T19:50:50.489+0900][0.588s][info][gc,phases,start] GC(33) Post Compact
[2026-03-22T19:50:50.491+0900][0.589s][info][gc,phases      ] GC(33) Post Compact 1.271ms
[2026-03-22T19:50:50.491+0900][0.589s][info][gc,heap        ] GC(33) PSYoungGen: 116136K(116736K)->0K(116736K) Eden: 58504K(58880K)->0K(58880K) From: 57632K(57856K)->0K(57856K)
[2026-03-22T19:50:50.491+0900][0.589s][info][gc,heap        ] GC(33) ParOldGen: 292271K(349696K)->103430K(349696K)
[2026-03-22T19:50:50.491+0900][0.589s][info][gc,metaspace   ] GC(33) Metaspace: 341K(512K)->341K(512K) NonClass: 323K(384K)->323K(384K) Class: 17K(128K)->17K(128K)
[2026-03-22T19:50:50.491+0900][0.590s][info][gc             ] GC(33) Pause Full (Ergonomics) 398M->101M(455M) 7.874ms
[2026-03-22T19:50:50.491+0900][0.590s][info][gc,cpu         ] GC(33) User=0.00s Sys=0.00s Real=0.01s
[2026-03-22T19:50:50.496+0900][0.595s][info][gc,start       ] GC(34) Pause Young (Allocation Failure)
[2026-03-22T19:50:50.499+0900][0.598s][info][gc,heap        ] GC(34) PSYoungGen: 58504K(116736K)->57632K(116736K) Eden: 58504K(58880K)->0K(58880K) From: 0K(57856K)->57632K(57856K)
[2026-03-22T19:50:50.499+0900][0.598s][info][gc,heap        ] GC(34) ParOldGen: 103430K(349696K)->103430K(349696K)
[2026-03-22T19:50:50.499+0900][0.598s][info][gc,metaspace   ] GC(34) Metaspace: 341K(512K)->341K(512K) NonClass: 323K(384K)->323K(384K) Class: 17K(128K)->17K(128K)
[2026-03-22T19:50:50.499+0900][0.598s][info][gc             ] GC(34) Pause Young (Allocation Failure) 158M->157M(455M) 2.325ms
[2026-03-22T19:50:50.499+0900][0.598s][info][gc,cpu         ] GC(34) User=0.00s Sys=0.00s Real=0.00s
[2026-03-22T19:50:50.505+0900][0.604s][info][gc,start       ] GC(35) Pause Young (Allocation Failure)
[2026-03-22T19:50:50.509+0900][0.608s][info][gc,heap        ] GC(35) PSYoungGen: 116136K(116736K)->57632K(116736K) Eden: 58504K(58880K)->0K(58880K) From: 57632K(57856K)->57632K(57856K)
[2026-03-22T19:50:50.509+0900][0.608s][info][gc,heap        ] GC(35) ParOldGen: 103430K(349696K)->150638K(349696K)
[2026-03-22T19:50:50.509+0900][0.608s][info][gc,metaspace   ] GC(35) Metaspace: 341K(512K)->341K(512K) NonClass: 323K(384K)->323K(384K) Class: 17K(128K)->17K(128K)
[2026-03-22T19:50:50.509+0900][0.608s][info][gc             ] GC(35) Pause Young (Allocation Failure) 214M->203M(455M) 4.068ms
[2026-03-22T19:50:50.509+0900][0.608s][info][gc,cpu         ] GC(35) User=0.00s Sys=0.00s Real=0.00s
[2026-03-22T19:50:50.515+0900][0.613s][info][gc,start       ] GC(36) Pause Young (Allocation Failure)
[2026-03-22T19:50:50.518+0900][0.617s][info][gc,heap        ] GC(36) PSYoungGen: 116136K(116736K)->57632K(116736K) Eden: 58504K(58880K)->0K(58880K) From: 57632K(57856K)->57632K(57856K)
[2026-03-22T19:50:50.518+0900][0.617s][info][gc,heap        ] GC(36) ParOldGen: 150638K(349696K)->197846K(349696K)
[2026-03-22T19:50:50.518+0900][0.617s][info][gc,metaspace   ] GC(36) Metaspace: 341K(512K)->341K(512K) NonClass: 323K(384K)->323K(384K) Class: 17K(128K)->17K(128K)
[2026-03-22T19:50:50.518+0900][0.617s][info][gc             ] GC(36) Pause Young (Allocation Failure) 260M->249M(455M) 3.583ms
[2026-03-22T19:50:50.518+0900][0.617s][info][gc,cpu         ] GC(36) User=0.00s Sys=0.00s Real=0.00s
[2026-03-22T19:50:50.524+0900][0.623s][info][gc,start       ] GC(37) Pause Young (Allocation Failure)
[2026-03-22T19:50:50.527+0900][0.627s][info][gc,heap        ] GC(37) PSYoungGen: 116136K(116736K)->57632K(116736K) Eden: 58504K(58880K)->0K(58880K) From: 57632K(57856K)->57632K(57856K)
[2026-03-22T19:50:50.527+0900][0.627s][info][gc,heap        ] GC(37) ParOldGen: 197846K(349696K)->245063K(349696K)
[2026-03-22T19:50:50.527+0900][0.627s][info][gc,metaspace   ] GC(37) Metaspace: 341K(512K)->341K(512K) NonClass: 323K(384K)->323K(384K) Class: 17K(128K)->17K(128K)
[2026-03-22T19:50:50.527+0900][0.627s][info][gc             ] GC(37) Pause Young (Allocation Failure) 306M->295M(455M) 3.864ms
[2026-03-22T19:50:50.527+0900][0.627s][info][gc,cpu         ] GC(37) User=0.12s Sys=0.00s Real=0.00s
[2026-03-22T19:50:50.533+0900][0.632s][info][gc,start       ] GC(38) Pause Young (Allocation Failure)
[2026-03-22T19:50:50.537+0900][0.636s][info][gc,heap        ] GC(38) PSYoungGen: 116136K(116736K)->57632K(116736K) Eden: 58504K(58880K)->0K(58880K) From: 57632K(57856K)->57632K(57856K)
[2026-03-22T19:50:50.537+0900][0.636s][info][gc,heap        ] GC(38) ParOldGen: 245063K(349696K)->292271K(349696K)
[2026-03-22T19:50:50.537+0900][0.636s][info][gc,metaspace   ] GC(38) Metaspace: 341K(512K)->341K(512K) NonClass: 323K(384K)->323K(384K) Class: 17K(128K)->17K(128K)
[2026-03-22T19:50:50.537+0900][0.636s][info][gc             ] GC(38) Pause Young (Allocation Failure) 352M->341M(455M) 3.905ms
[2026-03-22T19:50:50.537+0900][0.636s][info][gc,cpu         ] GC(38) User=0.00s Sys=0.00s Real=0.00s
[2026-03-22T19:50:50.542+0900][0.641s][info][gc,start       ] GC(39) Pause Full (Ergonomics)
[2026-03-22T19:50:50.542+0900][0.641s][info][gc,phases,start] GC(39) Marking Phase
[2026-03-22T19:50:50.543+0900][0.642s][info][gc,phases      ] GC(39) Marking Phase 1.159ms
[2026-03-22T19:50:50.543+0900][0.642s][info][gc,phases,start] GC(39) Summary Phase
[2026-03-22T19:50:50.543+0900][0.642s][info][gc,phases      ] GC(39) Summary Phase 0.028ms
[2026-03-22T19:50:50.543+0900][0.642s][info][gc,phases,start] GC(39) Adjust Roots
[2026-03-22T19:50:50.543+0900][0.643s][info][gc,phases      ] GC(39) Adjust Roots 0.235ms
[2026-03-22T19:50:50.543+0900][0.643s][info][gc,phases,start] GC(39) Compaction Phase
[2026-03-22T19:50:50.548+0900][0.647s][info][gc,phases      ] GC(39) Compaction Phase 4.550ms
[2026-03-22T19:50:50.548+0900][0.647s][info][gc,phases,start] GC(39) Post Compact
[2026-03-22T19:50:50.549+0900][0.648s][info][gc,phases      ] GC(39) Post Compact 1.226ms
[2026-03-22T19:50:50.549+0900][0.648s][info][gc,heap        ] GC(39) PSYoungGen: 116136K(116736K)->0K(116736K) Eden: 58504K(58880K)->0K(58880K) From: 57632K(57856K)->0K(57856K)
[2026-03-22T19:50:50.549+0900][0.648s][info][gc,heap        ] GC(39) ParOldGen: 292271K(349696K)->103430K(349696K)
[2026-03-22T19:50:50.549+0900][0.648s][info][gc,metaspace   ] GC(39) Metaspace: 341K(512K)->341K(512K) NonClass: 323K(384K)->323K(384K) Class: 17K(128K)->17K(128K)
[2026-03-22T19:50:50.549+0900][0.648s][info][gc             ] GC(39) Pause Full (Ergonomics) 398M->101M(455M) 7.420ms
[2026-03-22T19:50:50.549+0900][0.649s][info][gc,cpu         ] GC(39) User=0.00s Sys=0.00s Real=0.01s
[2026-03-22T19:50:50.556+0900][0.654s][info][gc,start       ] GC(40) Pause Young (Allocation Failure)
[2026-03-22T19:50:50.558+0900][0.657s][info][gc,heap        ] GC(40) PSYoungGen: 58504K(116736K)->57632K(116736K) Eden: 58504K(58880K)->0K(58880K) From: 0K(57856K)->57632K(57856K)
[2026-03-22T19:50:50.558+0900][0.657s][info][gc,heap        ] GC(40) ParOldGen: 103430K(349696K)->103430K(349696K)
[2026-03-22T19:50:50.558+0900][0.657s][info][gc,metaspace   ] GC(40) Metaspace: 341K(512K)->341K(512K) NonClass: 323K(384K)->323K(384K) Class: 17K(128K)->17K(128K)
[2026-03-22T19:50:50.558+0900][0.657s][info][gc             ] GC(40) Pause Young (Allocation Failure) 158M->157M(455M) 2.460ms
[2026-03-22T19:50:50.558+0900][0.657s][info][gc,cpu         ] GC(40) User=0.12s Sys=0.00s Real=0.00s
[2026-03-22T19:50:50.564+0900][0.662s][info][gc,start       ] GC(41) Pause Young (Allocation Failure)
[2026-03-22T19:50:50.567+0900][0.666s][info][gc,heap        ] GC(41) PSYoungGen: 116136K(116736K)->57632K(116736K) Eden: 58504K(58880K)->0K(58880K) From: 57632K(57856K)->57632K(57856K)
[2026-03-22T19:50:50.567+0900][0.666s][info][gc,heap        ] GC(41) ParOldGen: 103430K(349696K)->150638K(349696K)
[2026-03-22T19:50:50.567+0900][0.666s][info][gc,metaspace   ] GC(41) Metaspace: 341K(512K)->341K(512K) NonClass: 323K(384K)->323K(384K) Class: 17K(128K)->17K(128K)
[2026-03-22T19:50:50.568+0900][0.666s][info][gc             ] GC(41) Pause Young (Allocation Failure) 214M->203M(455M) 3.845ms
[2026-03-22T19:50:50.568+0900][0.666s][info][gc,cpu         ] GC(41) User=0.00s Sys=0.00s Real=0.00s
[2026-03-22T19:50:50.573+0900][0.672s][info][gc,start       ] GC(42) Pause Young (Allocation Failure)
[2026-03-22T19:50:50.577+0900][0.676s][info][gc,heap        ] GC(42) PSYoungGen: 116136K(116736K)->57632K(116736K) Eden: 58504K(58880K)->0K(58880K) From: 57632K(57856K)->57632K(57856K)
[2026-03-22T19:50:50.577+0900][0.676s][info][gc,heap        ] GC(42) ParOldGen: 150638K(349696K)->197846K(349696K)
[2026-03-22T19:50:50.577+0900][0.676s][info][gc,metaspace   ] GC(42) Metaspace: 341K(512K)->341K(512K) NonClass: 323K(384K)->323K(384K) Class: 17K(128K)->17K(128K)
[2026-03-22T19:50:50.577+0900][0.676s][info][gc             ] GC(42) Pause Young (Allocation Failure) 260M->249M(455M) 3.851ms
[2026-03-22T19:50:50.577+0900][0.676s][info][gc,cpu         ] GC(42) User=0.00s Sys=0.00s Real=0.00s
[2026-03-22T19:50:50.583+0900][0.681s][info][gc,start       ] GC(43) Pause Young (Allocation Failure)
[2026-03-22T19:50:50.587+0900][0.685s][info][gc,heap        ] GC(43) PSYoungGen: 116136K(116736K)->57632K(116736K) Eden: 58504K(58880K)->0K(58880K) From: 57632K(57856K)->57632K(57856K)
[2026-03-22T19:50:50.587+0900][0.685s][info][gc,heap        ] GC(43) ParOldGen: 197846K(349696K)->245063K(349696K)
[2026-03-22T19:50:50.587+0900][0.685s][info][gc,metaspace   ] GC(43) Metaspace: 341K(512K)->341K(512K) NonClass: 323K(384K)->323K(384K) Class: 17K(128K)->17K(128K)
[2026-03-22T19:50:50.587+0900][0.685s][info][gc             ] GC(43) Pause Young (Allocation Failure) 306M->295M(455M) 4.138ms
[2026-03-22T19:50:50.587+0900][0.685s][info][gc,cpu         ] GC(43) User=0.00s Sys=0.00s Real=0.00s
[2026-03-22T19:50:50.593+0900][0.691s][info][gc,start       ] GC(44) Pause Young (Allocation Failure)
[2026-03-22T19:50:50.597+0900][0.695s][info][gc,heap        ] GC(44) PSYoungGen: 116136K(116736K)->57632K(116736K) Eden: 58504K(58880K)->0K(58880K) From: 57632K(57856K)->57632K(57856K)
[2026-03-22T19:50:50.597+0900][0.695s][info][gc,heap        ] GC(44) ParOldGen: 245063K(349696K)->292271K(349696K)
[2026-03-22T19:50:50.597+0900][0.695s][info][gc,metaspace   ] GC(44) Metaspace: 341K(512K)->341K(512K) NonClass: 323K(384K)->323K(384K) Class: 17K(128K)->17K(128K)
[2026-03-22T19:50:50.597+0900][0.695s][info][gc             ] GC(44) Pause Young (Allocation Failure) 352M->341M(455M) 3.873ms
[2026-03-22T19:50:50.597+0900][0.695s][info][gc,cpu         ] GC(44) User=0.00s Sys=0.00s Real=0.00s
[2026-03-22T19:50:50.602+0900][0.701s][info][gc,start       ] GC(45) Pause Full (Ergonomics)
[2026-03-22T19:50:50.602+0900][0.701s][info][gc,phases,start] GC(45) Marking Phase
[2026-03-22T19:50:50.603+0900][0.702s][info][gc,phases      ] GC(45) Marking Phase 1.151ms
[2026-03-22T19:50:50.603+0900][0.702s][info][gc,phases,start] GC(45) Summary Phase
[2026-03-22T19:50:50.604+0900][0.702s][info][gc,phases      ] GC(45) Summary Phase 0.017ms
[2026-03-22T19:50:50.604+0900][0.702s][info][gc,phases,start] GC(45) Adjust Roots
[2026-03-22T19:50:50.604+0900][0.703s][info][gc,phases      ] GC(45) Adjust Roots 0.257ms
[2026-03-22T19:50:50.604+0900][0.703s][info][gc,phases,start] GC(45) Compaction Phase
[2026-03-22T19:50:50.608+0900][0.707s][info][gc,phases      ] GC(45) Compaction Phase 4.574ms
[2026-03-22T19:50:50.608+0900][0.707s][info][gc,phases,start] GC(45) Post Compact
[2026-03-22T19:50:50.610+0900][0.708s][info][gc,phases      ] GC(45) Post Compact 1.303ms
[2026-03-22T19:50:50.610+0900][0.709s][info][gc,heap        ] GC(45) PSYoungGen: 116136K(116736K)->0K(116736K) Eden: 58504K(58880K)->0K(58880K) From: 57632K(57856K)->0K(57856K)
[2026-03-22T19:50:50.610+0900][0.709s][info][gc,heap        ] GC(45) ParOldGen: 292271K(349696K)->103430K(349696K)
[2026-03-22T19:50:50.610+0900][0.709s][info][gc,metaspace   ] GC(45) Metaspace: 341K(512K)->341K(512K) NonClass: 323K(384K)->323K(384K) Class: 17K(128K)->17K(128K)
[2026-03-22T19:50:50.610+0900][0.709s][info][gc             ] GC(45) Pause Full (Ergonomics) 398M->101M(455M) 7.557ms
[2026-03-22T19:50:50.610+0900][0.709s][info][gc,cpu         ] GC(45) User=0.12s Sys=0.00s Real=0.01s
[2026-03-22T19:50:50.616+0900][0.714s][info][gc,start       ] GC(46) Pause Young (Allocation Failure)
[2026-03-22T19:50:50.618+0900][0.717s][info][gc,heap        ] GC(46) PSYoungGen: 58504K(116736K)->57632K(116736K) Eden: 58504K(58880K)->0K(58880K) From: 0K(57856K)->57632K(57856K)
[2026-03-22T19:50:50.618+0900][0.717s][info][gc,heap        ] GC(46) ParOldGen: 103430K(349696K)->103430K(349696K)
[2026-03-22T19:50:50.618+0900][0.717s][info][gc,metaspace   ] GC(46) Metaspace: 341K(512K)->341K(512K) NonClass: 323K(384K)->323K(384K) Class: 17K(128K)->17K(128K)
[2026-03-22T19:50:50.618+0900][0.717s][info][gc             ] GC(46) Pause Young (Allocation Failure) 158M->157M(455M) 2.405ms
[2026-03-22T19:50:50.618+0900][0.717s][info][gc,cpu         ] GC(46) User=0.00s Sys=0.00s Real=0.00s
[2026-03-22T19:50:50.624+0900][0.722s][info][gc,start       ] GC(47) Pause Young (Allocation Failure)
[2026-03-22T19:50:50.627+0900][0.726s][info][gc,heap        ] GC(47) PSYoungGen: 116136K(116736K)->57632K(116736K) Eden: 58504K(58880K)->0K(58880K) From: 57632K(57856K)->57632K(57856K)
[2026-03-22T19:50:50.627+0900][0.726s][info][gc,heap        ] GC(47) ParOldGen: 103430K(349696K)->150638K(349696K)
[2026-03-22T19:50:50.627+0900][0.726s][info][gc,metaspace   ] GC(47) Metaspace: 341K(512K)->341K(512K) NonClass: 323K(384K)->323K(384K) Class: 17K(128K)->17K(128K)
[2026-03-22T19:50:50.627+0900][0.726s][info][gc             ] GC(47) Pause Young (Allocation Failure) 214M->203M(455M) 3.786ms
[2026-03-22T19:50:50.627+0900][0.726s][info][gc,cpu         ] GC(47) User=0.00s Sys=0.00s Real=0.00s
[2026-03-22T19:50:50.633+0900][0.732s][info][gc,start       ] GC(48) Pause Young (Allocation Failure)
[2026-03-22T19:50:50.637+0900][0.735s][info][gc,heap        ] GC(48) PSYoungGen: 116136K(116736K)->57632K(116736K) Eden: 58504K(58880K)->0K(58880K) From: 57632K(57856K)->57632K(57856K)
[2026-03-22T19:50:50.637+0900][0.735s][info][gc,heap        ] GC(48) ParOldGen: 150638K(349696K)->197846K(349696K)
[2026-03-22T19:50:50.637+0900][0.735s][info][gc,metaspace   ] GC(48) Metaspace: 341K(512K)->341K(512K) NonClass: 323K(384K)->323K(384K) Class: 17K(128K)->17K(128K)
[2026-03-22T19:50:50.637+0900][0.735s][info][gc             ] GC(48) Pause Young (Allocation Failure) 260M->249M(455M) 3.844ms
[2026-03-22T19:50:50.637+0900][0.736s][info][gc,cpu         ] GC(48) User=0.11s Sys=0.00s Real=0.00s
[2026-03-22T19:50:50.643+0900][0.741s][info][gc,start       ] GC(49) Pause Young (Allocation Failure)
[2026-03-22T19:50:50.646+0900][0.745s][info][gc,heap        ] GC(49) PSYoungGen: 116136K(116736K)->57632K(116736K) Eden: 58504K(58880K)->0K(58880K) From: 57632K(57856K)->57632K(57856K)
[2026-03-22T19:50:50.647+0900][0.745s][info][gc,heap        ] GC(49) ParOldGen: 197846K(349696K)->245063K(349696K)
[2026-03-22T19:50:50.647+0900][0.745s][info][gc,metaspace   ] GC(49) Metaspace: 341K(512K)->341K(512K) NonClass: 323K(384K)->323K(384K) Class: 17K(128K)->17K(128K)
[2026-03-22T19:50:50.647+0900][0.745s][info][gc             ] GC(49) Pause Young (Allocation Failure) 306M->295M(455M) 3.716ms
[2026-03-22T19:50:50.647+0900][0.745s][info][gc,cpu         ] GC(49) User=0.00s Sys=0.00s Real=0.00s
[2026-03-22T19:50:50.653+0900][0.751s][info][gc,start       ] GC(50) Pause Young (Allocation Failure)
[2026-03-22T19:50:50.657+0900][0.755s][info][gc,heap        ] GC(50) PSYoungGen: 116136K(116736K)->57632K(116736K) Eden: 58504K(58880K)->0K(58880K) From: 57632K(57856K)->57632K(57856K)
[2026-03-22T19:50:50.657+0900][0.755s][info][gc,heap        ] GC(50) ParOldGen: 245063K(349696K)->292271K(349696K)
[2026-03-22T19:50:50.657+0900][0.755s][info][gc,metaspace   ] GC(50) Metaspace: 341K(512K)->341K(512K) NonClass: 323K(384K)->323K(384K) Class: 17K(128K)->17K(128K)
[2026-03-22T19:50:50.657+0900][0.755s][info][gc             ] GC(50) Pause Young (Allocation Failure) 352M->341M(455M) 3.968ms
[2026-03-22T19:50:50.657+0900][0.755s][info][gc,cpu         ] GC(50) User=0.00s Sys=0.00s Real=0.00s
[2026-03-22T19:50:50.662+0900][0.760s][info][gc,start       ] GC(51) Pause Full (Ergonomics)
[2026-03-22T19:50:50.662+0900][0.760s][info][gc,phases,start] GC(51) Marking Phase
[2026-03-22T19:50:50.663+0900][0.761s][info][gc,phases      ] GC(51) Marking Phase 1.088ms
[2026-03-22T19:50:50.663+0900][0.762s][info][gc,phases,start] GC(51) Summary Phase
[2026-03-22T19:50:50.663+0900][0.762s][info][gc,phases      ] GC(51) Summary Phase 0.020ms
[2026-03-22T19:50:50.663+0900][0.762s][info][gc,phases,start] GC(51) Adjust Roots
[2026-03-22T19:50:50.663+0900][0.762s][info][gc,phases      ] GC(51) Adjust Roots 0.262ms
[2026-03-22T19:50:50.663+0900][0.762s][info][gc,phases,start] GC(51) Compaction Phase
[2026-03-22T19:50:50.668+0900][0.766s][info][gc,phases      ] GC(51) Compaction Phase 4.602ms
[2026-03-22T19:50:50.668+0900][0.767s][info][gc,phases,start] GC(51) Post Compact
[2026-03-22T19:50:50.669+0900][0.768s][info][gc,phases      ] GC(51) Post Compact 1.427ms
[2026-03-22T19:50:50.670+0900][0.768s][info][gc,heap        ] GC(51) PSYoungGen: 116136K(116736K)->0K(116736K) Eden: 58504K(58880K)->0K(58880K) From: 57632K(57856K)->0K(57856K)
[2026-03-22T19:50:50.670+0900][0.768s][info][gc,heap        ] GC(51) ParOldGen: 292271K(349696K)->103430K(349696K)
[2026-03-22T19:50:50.670+0900][0.768s][info][gc,metaspace   ] GC(51) Metaspace: 341K(512K)->341K(512K) NonClass: 323K(384K)->323K(384K) Class: 17K(128K)->17K(128K)
[2026-03-22T19:50:50.670+0900][0.768s][info][gc             ] GC(51) Pause Full (Ergonomics) 398M->101M(455M) 7.680ms
[2026-03-22T19:50:50.670+0900][0.768s][info][gc,cpu         ] GC(51) User=0.12s Sys=0.00s Real=0.01s
[2026-03-22T19:50:50.676+0900][0.774s][info][gc,start       ] GC(52) Pause Young (Allocation Failure)
[2026-03-22T19:50:50.678+0900][0.777s][info][gc,heap        ] GC(52) PSYoungGen: 58504K(116736K)->57632K(116736K) Eden: 58504K(58880K)->0K(58880K) From: 0K(57856K)->57632K(57856K)
[2026-03-22T19:50:50.678+0900][0.777s][info][gc,heap        ] GC(52) ParOldGen: 103430K(349696K)->103430K(349696K)
[2026-03-22T19:50:50.678+0900][0.777s][info][gc,metaspace   ] GC(52) Metaspace: 341K(512K)->341K(512K) NonClass: 323K(384K)->323K(384K) Class: 17K(128K)->17K(128K)
[2026-03-22T19:50:50.678+0900][0.777s][info][gc             ] GC(52) Pause Young (Allocation Failure) 158M->157M(455M) 2.382ms
[2026-03-22T19:50:50.678+0900][0.777s][info][gc,cpu         ] GC(52) User=0.00s Sys=0.00s Real=0.00s
[2026-03-22T19:50:50.685+0900][0.783s][info][gc,start       ] GC(53) Pause Young (Allocation Failure)
[2026-03-22T19:50:50.689+0900][0.787s][info][gc,heap        ] GC(53) PSYoungGen: 116136K(116736K)->57632K(116736K) Eden: 58504K(58880K)->0K(58880K) From: 57632K(57856K)->57632K(57856K)
[2026-03-22T19:50:50.689+0900][0.788s][info][gc,heap        ] GC(53) ParOldGen: 103430K(349696K)->150638K(349696K)
[2026-03-22T19:50:50.689+0900][0.788s][info][gc,metaspace   ] GC(53) Metaspace: 341K(512K)->341K(512K) NonClass: 323K(384K)->323K(384K) Class: 17K(128K)->17K(128K)
[2026-03-22T19:50:50.689+0900][0.788s][info][gc             ] GC(53) Pause Young (Allocation Failure) 214M->203M(455M) 4.292ms
[2026-03-22T19:50:50.689+0900][0.788s][info][gc,cpu         ] GC(53) User=0.00s Sys=0.00s Real=0.00s
[2026-03-22T19:50:50.695+0900][0.794s][info][gc,start       ] GC(54) Pause Young (Allocation Failure)
[2026-03-22T19:50:50.699+0900][0.798s][info][gc,heap        ] GC(54) PSYoungGen: 116136K(116736K)->57632K(116736K) Eden: 58504K(58880K)->0K(58880K) From: 57632K(57856K)->57632K(57856K)
[2026-03-22T19:50:50.699+0900][0.798s][info][gc,heap        ] GC(54) ParOldGen: 150638K(349696K)->197838K(349696K)
[2026-03-22T19:50:50.699+0900][0.798s][info][gc,metaspace   ] GC(54) Metaspace: 341K(512K)->341K(512K) NonClass: 323K(384K)->323K(384K) Class: 17K(128K)->17K(128K)
[2026-03-22T19:50:50.699+0900][0.798s][info][gc             ] GC(54) Pause Young (Allocation Failure) 260M->249M(455M) 3.996ms
[2026-03-22T19:50:50.699+0900][0.798s][info][gc,cpu         ] GC(54) User=0.11s Sys=0.00s Real=0.00s
[2026-03-22T19:50:50.705+0900][0.804s][info][gc,start       ] GC(55) Pause Young (Allocation Failure)
[2026-03-22T19:50:50.709+0900][0.808s][info][gc,heap        ] GC(55) PSYoungGen: 116136K(116736K)->57632K(116736K) Eden: 58504K(58880K)->0K(58880K) From: 57632K(57856K)->57632K(57856K)
[2026-03-22T19:50:50.709+0900][0.808s][info][gc,heap        ] GC(55) ParOldGen: 197838K(349696K)->245055K(349696K)
[2026-03-22T19:50:50.709+0900][0.808s][info][gc,metaspace   ] GC(55) Metaspace: 341K(512K)->341K(512K) NonClass: 323K(384K)->323K(384K) Class: 17K(128K)->17K(128K)
[2026-03-22T19:50:50.709+0900][0.808s][info][gc             ] GC(55) Pause Young (Allocation Failure) 306M->295M(455M) 4.003ms
[2026-03-22T19:50:50.709+0900][0.808s][info][gc,cpu         ] GC(55) User=0.00s Sys=0.00s Real=0.00s
[2026-03-22T19:50:50.716+0900][0.814s][info][gc,start       ] GC(56) Pause Young (Allocation Failure)
[2026-03-22T19:50:50.720+0900][0.818s][info][gc,heap        ] GC(56) PSYoungGen: 116136K(116736K)->57632K(116736K) Eden: 58504K(58880K)->0K(58880K) From: 57632K(57856K)->57632K(57856K)
[2026-03-22T19:50:50.720+0900][0.818s][info][gc,heap        ] GC(56) ParOldGen: 245055K(349696K)->292263K(349696K)
[2026-03-22T19:50:50.720+0900][0.818s][info][gc,metaspace   ] GC(56) Metaspace: 341K(512K)->341K(512K) NonClass: 323K(384K)->323K(384K) Class: 17K(128K)->17K(128K)
[2026-03-22T19:50:50.720+0900][0.818s][info][gc             ] GC(56) Pause Young (Allocation Failure) 352M->341M(455M) 4.126ms
[2026-03-22T19:50:50.720+0900][0.818s][info][gc,cpu         ] GC(56) User=0.00s Sys=0.00s Real=0.00s
[2026-03-22T19:50:50.726+0900][0.824s][info][gc,start       ] GC(57) Pause Full (Ergonomics)
[2026-03-22T19:50:50.726+0900][0.824s][info][gc,phases,start] GC(57) Marking Phase
[2026-03-22T19:50:50.727+0900][0.826s][info][gc,phases      ] GC(57) Marking Phase 1.294ms
[2026-03-22T19:50:50.727+0900][0.826s][info][gc,phases,start] GC(57) Summary Phase
[2026-03-22T19:50:50.727+0900][0.826s][info][gc,phases      ] GC(57) Summary Phase 0.021ms
[2026-03-22T19:50:50.727+0900][0.826s][info][gc,phases,start] GC(57) Adjust Roots
[2026-03-22T19:50:50.728+0900][0.826s][info][gc,phases      ] GC(57) Adjust Roots 0.286ms
[2026-03-22T19:50:50.728+0900][0.826s][info][gc,phases,start] GC(57) Compaction Phase
[2026-03-22T19:50:50.733+0900][0.831s][info][gc,phases      ] GC(57) Compaction Phase 4.871ms
[2026-03-22T19:50:50.733+0900][0.831s][info][gc,phases,start] GC(57) Post Compact
[2026-03-22T19:50:50.734+0900][0.832s][info][gc,phases      ] GC(57) Post Compact 1.449ms
[2026-03-22T19:50:50.734+0900][0.832s][info][gc,heap        ] GC(57) PSYoungGen: 116136K(116736K)->0K(116736K) Eden: 58504K(58880K)->0K(58880K) From: 57632K(57856K)->0K(57856K)
[2026-03-22T19:50:50.734+0900][0.832s][info][gc,heap        ] GC(57) ParOldGen: 292263K(349696K)->103430K(349696K)
[2026-03-22T19:50:50.734+0900][0.832s][info][gc,metaspace   ] GC(57) Metaspace: 341K(512K)->341K(512K) NonClass: 323K(384K)->323K(384K) Class: 17K(128K)->17K(128K)
[2026-03-22T19:50:50.734+0900][0.832s][info][gc             ] GC(57) Pause Full (Ergonomics) 398M->101M(455M) 8.258ms
[2026-03-22T19:50:50.734+0900][0.832s][info][gc,cpu         ] GC(57) User=0.12s Sys=0.00s Real=0.01s
[2026-03-22T19:50:50.740+0900][0.839s][info][gc,start       ] GC(58) Pause Young (Allocation Failure)
[2026-03-22T19:50:50.742+0900][0.841s][info][gc,heap        ] GC(58) PSYoungGen: 58504K(116736K)->57632K(116736K) Eden: 58504K(58880K)->0K(58880K) From: 0K(57856K)->57632K(57856K)
[2026-03-22T19:50:50.742+0900][0.841s][info][gc,heap        ] GC(58) ParOldGen: 103430K(349696K)->103430K(349696K)
[2026-03-22T19:50:50.743+0900][0.841s][info][gc,metaspace   ] GC(58) Metaspace: 341K(512K)->341K(512K) NonClass: 323K(384K)->323K(384K) Class: 17K(128K)->17K(128K)
[2026-03-22T19:50:50.743+0900][0.841s][info][gc             ] GC(58) Pause Young (Allocation Failure) 158M->157M(455M) 2.799ms
[2026-03-22T19:50:50.743+0900][0.841s][info][gc,cpu         ] GC(58) User=0.00s Sys=0.00s Real=0.00s
[2026-03-22T19:50:50.749+0900][0.847s][info][gc,start       ] GC(59) Pause Young (Allocation Failure)
[2026-03-22T19:50:50.752+0900][0.851s][info][gc,heap        ] GC(59) PSYoungGen: 116136K(116736K)->57632K(116736K) Eden: 58504K(58880K)->0K(58880K) From: 57632K(57856K)->57632K(57856K)
[2026-03-22T19:50:50.752+0900][0.851s][info][gc,heap        ] GC(59) ParOldGen: 103430K(349696K)->150638K(349696K)
[2026-03-22T19:50:50.753+0900][0.851s][info][gc,metaspace   ] GC(59) Metaspace: 341K(512K)->341K(512K) NonClass: 323K(384K)->323K(384K) Class: 17K(128K)->17K(128K)
[2026-03-22T19:50:50.753+0900][0.851s][info][gc             ] GC(59) Pause Young (Allocation Failure) 214M->203M(455M) 3.972ms
[2026-03-22T19:50:50.753+0900][0.852s][info][gc,cpu         ] GC(59) User=0.00s Sys=0.00s Real=0.00s
[2026-03-22T19:50:50.759+0900][0.858s][info][gc,start       ] GC(60) Pause Young (Allocation Failure)
[2026-03-22T19:50:50.763+0900][0.862s][info][gc,heap        ] GC(60) PSYoungGen: 116136K(116736K)->57632K(116736K) Eden: 58504K(58880K)->0K(58880K) From: 57632K(57856K)->57632K(57856K)
[2026-03-22T19:50:50.763+0900][0.862s][info][gc,heap        ] GC(60) ParOldGen: 150638K(349696K)->197846K(349696K)
[2026-03-22T19:50:50.763+0900][0.862s][info][gc,metaspace   ] GC(60) Metaspace: 341K(512K)->341K(512K) NonClass: 323K(384K)->323K(384K) Class: 17K(128K)->17K(128K)
[2026-03-22T19:50:50.763+0900][0.862s][info][gc             ] GC(60) Pause Young (Allocation Failure) 260M->249M(455M) 4.059ms
[2026-03-22T19:50:50.763+0900][0.862s][info][gc,cpu         ] GC(60) User=0.00s Sys=0.00s Real=0.00s
[2026-03-22T19:50:50.770+0900][0.869s][info][gc,start       ] GC(61) Pause Young (Allocation Failure)
[2026-03-22T19:50:50.774+0900][0.873s][info][gc,heap        ] GC(61) PSYoungGen: 116136K(116736K)->57632K(116736K) Eden: 58504K(58880K)->0K(58880K) From: 57632K(57856K)->57632K(57856K)
[2026-03-22T19:50:50.774+0900][0.873s][info][gc,heap        ] GC(61) ParOldGen: 197846K(349696K)->245063K(349696K)
[2026-03-22T19:50:50.774+0900][0.873s][info][gc,metaspace   ] GC(61) Metaspace: 341K(512K)->341K(512K) NonClass: 323K(384K)->323K(384K) Class: 17K(128K)->17K(128K)
[2026-03-22T19:50:50.774+0900][0.873s][info][gc             ] GC(61) Pause Young (Allocation Failure) 306M->295M(455M) 4.252ms
[2026-03-22T19:50:50.774+0900][0.873s][info][gc,cpu         ] GC(61) User=0.00s Sys=0.00s Real=0.00s
[2026-03-22T19:50:50.780+0900][0.879s][info][gc,start       ] GC(62) Pause Young (Allocation Failure)
[2026-03-22T19:50:50.784+0900][0.883s][info][gc,heap        ] GC(62) PSYoungGen: 116136K(116736K)->57632K(116736K) Eden: 58504K(58880K)->0K(58880K) From: 57632K(57856K)->57632K(57856K)
[2026-03-22T19:50:50.784+0900][0.883s][info][gc,heap        ] GC(62) ParOldGen: 245063K(349696K)->292271K(349696K)
[2026-03-22T19:50:50.784+0900][0.883s][info][gc,metaspace   ] GC(62) Metaspace: 341K(512K)->341K(512K) NonClass: 323K(384K)->323K(384K) Class: 17K(128K)->17K(128K)
[2026-03-22T19:50:50.784+0900][0.883s][info][gc             ] GC(62) Pause Young (Allocation Failure) 352M->341M(455M) 4.030ms
[2026-03-22T19:50:50.784+0900][0.883s][info][gc,cpu         ] GC(62) User=0.00s Sys=0.00s Real=0.00s
[2026-03-22T19:50:50.790+0900][0.889s][info][gc,start       ] GC(63) Pause Full (Ergonomics)
[2026-03-22T19:50:50.790+0900][0.889s][info][gc,phases,start] GC(63) Marking Phase
[2026-03-22T19:50:50.792+0900][0.891s][info][gc,phases      ] GC(63) Marking Phase 1.403ms
[2026-03-22T19:50:50.792+0900][0.891s][info][gc,phases,start] GC(63) Summary Phase
[2026-03-22T19:50:50.792+0900][0.891s][info][gc,phases      ] GC(63) Summary Phase 0.038ms
[2026-03-22T19:50:50.792+0900][0.891s][info][gc,phases,start] GC(63) Adjust Roots
[2026-03-22T19:50:50.792+0900][0.891s][info][gc,phases      ] GC(63) Adjust Roots 0.273ms
[2026-03-22T19:50:50.792+0900][0.891s][info][gc,phases,start] GC(63) Compaction Phase
[2026-03-22T19:50:50.797+0900][0.896s][info][gc,phases      ] GC(63) Compaction Phase 4.727ms
[2026-03-22T19:50:50.797+0900][0.896s][info][gc,phases,start] GC(63) Post Compact
[2026-03-22T19:50:50.799+0900][0.897s][info][gc,phases      ] GC(63) Post Compact 1.566ms
[2026-03-22T19:50:50.799+0900][0.897s][info][gc,heap        ] GC(63) PSYoungGen: 116136K(116736K)->0K(116736K) Eden: 58504K(58880K)->0K(58880K) From: 57632K(57856K)->0K(57856K)
[2026-03-22T19:50:50.799+0900][0.897s][info][gc,heap        ] GC(63) ParOldGen: 292271K(349696K)->103430K(349696K)
[2026-03-22T19:50:50.799+0900][0.897s][info][gc,metaspace   ] GC(63) Metaspace: 341K(512K)->341K(512K) NonClass: 323K(384K)->323K(384K) Class: 17K(128K)->17K(128K)
[2026-03-22T19:50:50.799+0900][0.897s][info][gc             ] GC(63) Pause Full (Ergonomics) 398M->101M(455M) 8.329ms
[2026-03-22T19:50:50.799+0900][0.897s][info][gc,cpu         ] GC(63) User=0.00s Sys=0.02s Real=0.01s
[2026-03-22T19:50:50.805+0900][0.904s][info][gc,start       ] GC(64) Pause Young (Allocation Failure)
[2026-03-22T19:50:50.808+0900][0.906s][info][gc,heap        ] GC(64) PSYoungGen: 58504K(116736K)->57632K(116736K) Eden: 58504K(58880K)->0K(58880K) From: 0K(57856K)->57632K(57856K)
[2026-03-22T19:50:50.808+0900][0.906s][info][gc,heap        ] GC(64) ParOldGen: 103430K(349696K)->103430K(349696K)
[2026-03-22T19:50:50.808+0900][0.906s][info][gc,metaspace   ] GC(64) Metaspace: 341K(512K)->341K(512K) NonClass: 323K(384K)->323K(384K) Class: 17K(128K)->17K(128K)
[2026-03-22T19:50:50.808+0900][0.906s][info][gc             ] GC(64) Pause Young (Allocation Failure) 158M->157M(455M) 2.664ms
[2026-03-22T19:50:50.808+0900][0.906s][info][gc,cpu         ] GC(64) User=0.12s Sys=0.00s Real=0.00s
[2026-03-22T19:50:50.813+0900][0.912s][info][gc,start       ] GC(65) Pause Young (Allocation Failure)
[2026-03-22T19:50:50.817+0900][0.916s][info][gc,heap        ] GC(65) PSYoungGen: 116136K(116736K)->57632K(116736K) Eden: 58504K(58880K)->0K(58880K) From: 57632K(57856K)->57632K(57856K)
[2026-03-22T19:50:50.817+0900][0.916s][info][gc,heap        ] GC(65) ParOldGen: 103430K(349696K)->150638K(349696K)
[2026-03-22T19:50:50.817+0900][0.916s][info][gc,metaspace   ] GC(65) Metaspace: 341K(512K)->341K(512K) NonClass: 323K(384K)->323K(384K) Class: 17K(128K)->17K(128K)
[2026-03-22T19:50:50.817+0900][0.916s][info][gc             ] GC(65) Pause Young (Allocation Failure) 214M->203M(455M) 3.918ms
[2026-03-22T19:50:50.817+0900][0.916s][info][gc,cpu         ] GC(65) User=0.00s Sys=0.00s Real=0.00s
[2026-03-22T19:50:50.825+0900][0.923s][info][gc,start       ] GC(66) Pause Young (Allocation Failure)
[2026-03-22T19:50:50.829+0900][0.927s][info][gc,heap        ] GC(66) PSYoungGen: 116136K(116736K)->57632K(116736K) Eden: 58504K(58880K)->0K(58880K) From: 57632K(57856K)->57632K(57856K)
[2026-03-22T19:50:50.829+0900][0.927s][info][gc,heap        ] GC(66) ParOldGen: 150638K(349696K)->197846K(349696K)
[2026-03-22T19:50:50.829+0900][0.927s][info][gc,metaspace   ] GC(66) Metaspace: 341K(512K)->341K(512K) NonClass: 323K(384K)->323K(384K) Class: 17K(128K)->17K(128K)
[2026-03-22T19:50:50.829+0900][0.927s][info][gc             ] GC(66) Pause Young (Allocation Failure) 260M->249M(455M) 4.175ms
[2026-03-22T19:50:50.829+0900][0.927s][info][gc,cpu         ] GC(66) User=0.00s Sys=0.00s Real=0.00s
[2026-03-22T19:50:50.834+0900][0.933s][info][gc,start       ] GC(67) Pause Young (Allocation Failure)
[2026-03-22T19:50:50.838+0900][0.937s][info][gc,heap        ] GC(67) PSYoungGen: 116136K(116736K)->57632K(116736K) Eden: 58504K(58880K)->0K(58880K) From: 57632K(57856K)->57632K(57856K)
[2026-03-22T19:50:50.838+0900][0.937s][info][gc,heap        ] GC(67) ParOldGen: 197846K(349696K)->245063K(349696K)
[2026-03-22T19:50:50.839+0900][0.937s][info][gc,metaspace   ] GC(67) Metaspace: 341K(512K)->341K(512K) NonClass: 323K(384K)->323K(384K) Class: 17K(128K)->17K(128K)
[2026-03-22T19:50:50.839+0900][0.937s][info][gc             ] GC(67) Pause Young (Allocation Failure) 306M->295M(455M) 4.385ms
[2026-03-22T19:50:50.839+0900][0.937s][info][gc,cpu         ] GC(67) User=0.12s Sys=0.00s Real=0.00s
[2026-03-22T19:50:50.845+0900][0.944s][info][gc,start       ] GC(68) Pause Young (Allocation Failure)
[2026-03-22T19:50:50.850+0900][0.948s][info][gc,heap        ] GC(68) PSYoungGen: 116136K(116736K)->57632K(116736K) Eden: 58504K(58880K)->0K(58880K) From: 57632K(57856K)->57632K(57856K)
[2026-03-22T19:50:50.850+0900][0.948s][info][gc,heap        ] GC(68) ParOldGen: 245063K(349696K)->292271K(349696K)
[2026-03-22T19:50:50.850+0900][0.948s][info][gc,metaspace   ] GC(68) Metaspace: 341K(512K)->341K(512K) NonClass: 323K(384K)->323K(384K) Class: 17K(128K)->17K(128K)
[2026-03-22T19:50:50.850+0900][0.948s][info][gc             ] GC(68) Pause Young (Allocation Failure) 352M->341M(455M) 4.702ms
[2026-03-22T19:50:50.850+0900][0.948s][info][gc,cpu         ] GC(68) User=0.00s Sys=0.00s Real=0.00s
[2026-03-22T19:50:50.856+0900][0.955s][info][gc,start       ] GC(69) Pause Full (Ergonomics)
[2026-03-22T19:50:50.856+0900][0.955s][info][gc,phases,start] GC(69) Marking Phase
[2026-03-22T19:50:50.857+0900][0.956s][info][gc,phases      ] GC(69) Marking Phase 1.271ms
[2026-03-22T19:50:50.857+0900][0.956s][info][gc,phases,start] GC(69) Summary Phase
[2026-03-22T19:50:50.857+0900][0.956s][info][gc,phases      ] GC(69) Summary Phase 0.014ms
[2026-03-22T19:50:50.857+0900][0.956s][info][gc,phases,start] GC(69) Adjust Roots
[2026-03-22T19:50:50.858+0900][0.957s][info][gc,phases      ] GC(69) Adjust Roots 0.312ms
[2026-03-22T19:50:50.858+0900][0.957s][info][gc,phases,start] GC(69) Compaction Phase
[2026-03-22T19:50:50.863+0900][0.962s][info][gc,phases      ] GC(69) Compaction Phase 5.167ms
[2026-03-22T19:50:50.863+0900][0.962s][info][gc,phases,start] GC(69) Post Compact
[2026-03-22T19:50:50.864+0900][0.963s][info][gc,phases      ] GC(69) Post Compact 1.280ms
[2026-03-22T19:50:50.864+0900][0.963s][info][gc,heap        ] GC(69) PSYoungGen: 116136K(116736K)->0K(116736K) Eden: 58504K(58880K)->0K(58880K) From: 57632K(57856K)->0K(57856K)
[2026-03-22T19:50:50.864+0900][0.963s][info][gc,heap        ] GC(69) ParOldGen: 292271K(349696K)->103430K(349696K)
[2026-03-22T19:50:50.864+0900][0.963s][info][gc,metaspace   ] GC(69) Metaspace: 341K(512K)->341K(512K) NonClass: 323K(384K)->323K(384K) Class: 17K(128K)->17K(128K)
[2026-03-22T19:50:50.864+0900][0.963s][info][gc             ] GC(69) Pause Full (Ergonomics) 398M->101M(455M) 8.320ms
[2026-03-22T19:50:50.864+0900][0.963s][info][gc,cpu         ] GC(69) User=0.00s Sys=0.00s Real=0.01s
[2026-03-22T19:50:50.871+0900][0.969s][info][gc,start       ] GC(70) Pause Young (Allocation Failure)
[2026-03-22T19:50:50.873+0900][0.972s][info][gc,heap        ] GC(70) PSYoungGen: 58504K(116736K)->57632K(116736K) Eden: 58504K(58880K)->0K(58880K) From: 0K(57856K)->57632K(57856K)
[2026-03-22T19:50:50.873+0900][0.972s][info][gc,heap        ] GC(70) ParOldGen: 103430K(349696K)->103430K(349696K)
[2026-03-22T19:50:50.873+0900][0.972s][info][gc,metaspace   ] GC(70) Metaspace: 341K(512K)->341K(512K) NonClass: 323K(384K)->323K(384K) Class: 17K(128K)->17K(128K)
[2026-03-22T19:50:50.873+0900][0.972s][info][gc             ] GC(70) Pause Young (Allocation Failure) 158M->157M(455M) 2.545ms
[2026-03-22T19:50:50.873+0900][0.972s][info][gc,cpu         ] GC(70) User=0.00s Sys=0.00s Real=0.00s
[2026-03-22T19:50:50.879+0900][0.977s][info][gc,start       ] GC(71) Pause Young (Allocation Failure)
[2026-03-22T19:50:50.883+0900][0.981s][info][gc,heap        ] GC(71) PSYoungGen: 116136K(116736K)->57632K(116736K) Eden: 58504K(58880K)->0K(58880K) From: 57632K(57856K)->57632K(57856K)
[2026-03-22T19:50:50.883+0900][0.981s][info][gc,heap        ] GC(71) ParOldGen: 103430K(349696K)->150638K(349696K)
[2026-03-22T19:50:50.883+0900][0.981s][info][gc,metaspace   ] GC(71) Metaspace: 341K(512K)->341K(512K) NonClass: 323K(384K)->323K(384K) Class: 17K(128K)->17K(128K)
[2026-03-22T19:50:50.883+0900][0.981s][info][gc             ] GC(71) Pause Young (Allocation Failure) 214M->203M(455M) 4.102ms
[2026-03-22T19:50:50.883+0900][0.981s][info][gc,cpu         ] GC(71) User=0.00s Sys=0.00s Real=0.00s
[2026-03-22T19:50:50.889+0900][0.987s][info][gc,start       ] GC(72) Pause Young (Allocation Failure)
[2026-03-22T19:50:50.893+0900][0.991s][info][gc,heap        ] GC(72) PSYoungGen: 116136K(116736K)->57632K(116736K) Eden: 58504K(58880K)->0K(58880K) From: 57632K(57856K)->57632K(57856K)
[2026-03-22T19:50:50.893+0900][0.991s][info][gc,heap        ] GC(72) ParOldGen: 150638K(349696K)->197846K(349696K)
[2026-03-22T19:50:50.893+0900][0.991s][info][gc,metaspace   ] GC(72) Metaspace: 341K(512K)->341K(512K) NonClass: 323K(384K)->323K(384K) Class: 17K(128K)->17K(128K)
[2026-03-22T19:50:50.893+0900][0.991s][info][gc             ] GC(72) Pause Young (Allocation Failure) 260M->249M(455M) 3.732ms
[2026-03-22T19:50:50.893+0900][0.991s][info][gc,cpu         ] GC(72) User=0.00s Sys=0.00s Real=0.00s
[2026-03-22T19:50:50.898+0900][0.997s][info][gc,start       ] GC(73) Pause Young (Allocation Failure)
[2026-03-22T19:50:50.902+0900][1.001s][info][gc,heap        ] GC(73) PSYoungGen: 116136K(116736K)->57632K(116736K) Eden: 58504K(58880K)->0K(58880K) From: 57632K(57856K)->57632K(57856K)
[2026-03-22T19:50:50.902+0900][1.001s][info][gc,heap        ] GC(73) ParOldGen: 197846K(349696K)->245063K(349696K)
[2026-03-22T19:50:50.902+0900][1.001s][info][gc,metaspace   ] GC(73) Metaspace: 341K(512K)->341K(512K) NonClass: 323K(384K)->323K(384K) Class: 17K(128K)->17K(128K)
[2026-03-22T19:50:50.902+0900][1.001s][info][gc             ] GC(73) Pause Young (Allocation Failure) 306M->295M(455M) 3.966ms
[2026-03-22T19:50:50.902+0900][1.001s][info][gc,cpu         ] GC(73) User=0.11s Sys=0.00s Real=0.00s
[2026-03-22T19:50:50.907+0900][1.006s][info][gc,start       ] GC(74) Pause Young (Allocation Failure)
[2026-03-22T19:50:50.911+0900][1.010s][info][gc,heap        ] GC(74) PSYoungGen: 116136K(116736K)->57632K(116736K) Eden: 58504K(58880K)->0K(58880K) From: 57632K(57856K)->57632K(57856K)
[2026-03-22T19:50:50.911+0900][1.010s][info][gc,heap        ] GC(74) ParOldGen: 245063K(349696K)->292271K(349696K)
[2026-03-22T19:50:50.911+0900][1.010s][info][gc,metaspace   ] GC(74) Metaspace: 341K(512K)->341K(512K) NonClass: 323K(384K)->323K(384K) Class: 17K(128K)->17K(128K)
[2026-03-22T19:50:50.911+0900][1.010s][info][gc             ] GC(74) Pause Young (Allocation Failure) 352M->341M(455M) 3.949ms
[2026-03-22T19:50:50.911+0900][1.010s][info][gc,cpu         ] GC(74) User=0.00s Sys=0.00s Real=0.00s
[2026-03-22T19:50:50.917+0900][1.016s][info][gc,start       ] GC(75) Pause Full (Ergonomics)
[2026-03-22T19:50:50.917+0900][1.016s][info][gc,phases,start] GC(75) Marking Phase
[2026-03-22T19:50:50.918+0900][1.017s][info][gc,phases      ] GC(75) Marking Phase 1.377ms
[2026-03-22T19:50:50.918+0900][1.017s][info][gc,phases,start] GC(75) Summary Phase
[2026-03-22T19:50:50.918+0900][1.017s][info][gc,phases      ] GC(75) Summary Phase 0.016ms
[2026-03-22T19:50:50.918+0900][1.017s][info][gc,phases,start] GC(75) Adjust Roots
[2026-03-22T19:50:50.919+0900][1.018s][info][gc,phases      ] GC(75) Adjust Roots 0.336ms
[2026-03-22T19:50:50.919+0900][1.018s][info][gc,phases,start] GC(75) Compaction Phase
[2026-03-22T19:50:50.924+0900][1.023s][info][gc,phases      ] GC(75) Compaction Phase 4.786ms
[2026-03-22T19:50:50.924+0900][1.023s][info][gc,phases,start] GC(75) Post Compact
[2026-03-22T19:50:50.926+0900][1.024s][info][gc,phases      ] GC(75) Post Compact 1.390ms
[2026-03-22T19:50:50.926+0900][1.024s][info][gc,heap        ] GC(75) PSYoungGen: 116136K(116736K)->0K(116736K) Eden: 58504K(58880K)->0K(58880K) From: 57632K(57856K)->0K(57856K)
[2026-03-22T19:50:50.926+0900][1.024s][info][gc,heap        ] GC(75) ParOldGen: 292271K(349696K)->103430K(349696K)
[2026-03-22T19:50:50.926+0900][1.024s][info][gc,metaspace   ] GC(75) Metaspace: 341K(512K)->341K(512K) NonClass: 323K(384K)->323K(384K) Class: 17K(128K)->17K(128K)
[2026-03-22T19:50:50.926+0900][1.024s][info][gc             ] GC(75) Pause Full (Ergonomics) 398M->101M(455M) 8.327ms
[2026-03-22T19:50:50.926+0900][1.024s][info][gc,cpu         ] GC(75) User=0.00s Sys=0.00s Real=0.01s
[2026-03-22T19:50:50.931+0900][1.030s][info][gc,start       ] GC(76) Pause Young (Allocation Failure)
[2026-03-22T19:50:50.934+0900][1.032s][info][gc,heap        ] GC(76) PSYoungGen: 58504K(116736K)->57632K(116736K) Eden: 58504K(58880K)->0K(58880K) From: 0K(57856K)->57632K(57856K)
[2026-03-22T19:50:50.934+0900][1.032s][info][gc,heap        ] GC(76) ParOldGen: 103430K(349696K)->103430K(349696K)
[2026-03-22T19:50:50.934+0900][1.032s][info][gc,metaspace   ] GC(76) Metaspace: 341K(512K)->341K(512K) NonClass: 323K(384K)->323K(384K) Class: 17K(128K)->17K(128K)
[2026-03-22T19:50:50.934+0900][1.032s][info][gc             ] GC(76) Pause Young (Allocation Failure) 158M->157M(455M) 2.525ms
[2026-03-22T19:50:50.934+0900][1.032s][info][gc,cpu         ] GC(76) User=0.00s Sys=0.00s Real=0.00s
[2026-03-22T19:50:50.940+0900][1.039s][info][gc,start       ] GC(77) Pause Young (Allocation Failure)
[2026-03-22T19:50:50.944+0900][1.043s][info][gc,heap        ] GC(77) PSYoungGen: 116136K(116736K)->57632K(116736K) Eden: 58504K(58880K)->0K(58880K) From: 57632K(57856K)->57632K(57856K)
[2026-03-22T19:50:50.944+0900][1.043s][info][gc,heap        ] GC(77) ParOldGen: 103430K(349696K)->150638K(349696K)
[2026-03-22T19:50:50.944+0900][1.043s][info][gc,metaspace   ] GC(77) Metaspace: 341K(512K)->341K(512K) NonClass: 323K(384K)->323K(384K) Class: 17K(128K)->17K(128K)
[2026-03-22T19:50:50.944+0900][1.043s][info][gc             ] GC(77) Pause Young (Allocation Failure) 214M->203M(455M) 3.837ms
[2026-03-22T19:50:50.944+0900][1.043s][info][gc,cpu         ] GC(77) User=0.00s Sys=0.00s Real=0.00s
[2026-03-22T19:50:50.951+0900][1.049s][info][gc,start       ] GC(78) Pause Young (Allocation Failure)
[2026-03-22T19:50:50.955+0900][1.053s][info][gc,heap        ] GC(78) PSYoungGen: 116136K(116736K)->57632K(116736K) Eden: 58504K(58880K)->0K(58880K) From: 57632K(57856K)->57632K(57856K)
[2026-03-22T19:50:50.955+0900][1.053s][info][gc,heap        ] GC(78) ParOldGen: 150638K(349696K)->197846K(349696K)
[2026-03-22T19:50:50.955+0900][1.053s][info][gc,metaspace   ] GC(78) Metaspace: 341K(512K)->341K(512K) NonClass: 323K(384K)->323K(384K) Class: 17K(128K)->17K(128K)
[2026-03-22T19:50:50.955+0900][1.053s][info][gc             ] GC(78) Pause Young (Allocation Failure) 260M->249M(455M) 4.091ms
[2026-03-22T19:50:50.955+0900][1.053s][info][gc,cpu         ] GC(78) User=0.00s Sys=0.00s Real=0.00s
[2026-03-22T19:50:50.959+0900][1.058s][info][gc,start       ] GC(79) Pause Young (Allocation Failure)
[2026-03-22T19:50:50.963+0900][1.062s][info][gc,heap        ] GC(79) PSYoungGen: 116136K(116736K)->57632K(116736K) Eden: 58504K(58880K)->0K(58880K) From: 57632K(57856K)->57632K(57856K)
[2026-03-22T19:50:50.963+0900][1.062s][info][gc,heap        ] GC(79) ParOldGen: 197846K(349696K)->245063K(349696K)
[2026-03-22T19:50:50.963+0900][1.062s][info][gc,metaspace   ] GC(79) Metaspace: 341K(512K)->341K(512K) NonClass: 323K(384K)->323K(384K) Class: 17K(128K)->17K(128K)
[2026-03-22T19:50:50.963+0900][1.062s][info][gc             ] GC(79) Pause Young (Allocation Failure) 306M->295M(455M) 4.044ms
[2026-03-22T19:50:50.963+0900][1.062s][info][gc,cpu         ] GC(79) User=0.12s Sys=0.00s Real=0.00s
[2026-03-22T19:50:50.969+0900][1.068s][info][gc,start       ] GC(80) Pause Young (Allocation Failure)
[2026-03-22T19:50:50.973+0900][1.071s][info][gc,heap        ] GC(80) PSYoungGen: 116136K(116736K)->57632K(116736K) Eden: 58504K(58880K)->0K(58880K) From: 57632K(57856K)->57632K(57856K)
[2026-03-22T19:50:50.973+0900][1.072s][info][gc,heap        ] GC(80) ParOldGen: 245063K(349696K)->292271K(349696K)
[2026-03-22T19:50:50.973+0900][1.072s][info][gc,metaspace   ] GC(80) Metaspace: 341K(512K)->341K(512K) NonClass: 323K(384K)->323K(384K) Class: 17K(128K)->17K(128K)
[2026-03-22T19:50:50.973+0900][1.072s][info][gc             ] GC(80) Pause Young (Allocation Failure) 352M->341M(455M) 4.053ms
[2026-03-22T19:50:50.973+0900][1.072s][info][gc,cpu         ] GC(80) User=0.00s Sys=0.00s Real=0.00s
[2026-03-22T19:50:50.978+0900][1.077s][info][gc,start       ] GC(81) Pause Full (Ergonomics)
[2026-03-22T19:50:50.978+0900][1.077s][info][gc,phases,start] GC(81) Marking Phase
[2026-03-22T19:50:50.980+0900][1.079s][info][gc,phases      ] GC(81) Marking Phase 1.620ms
[2026-03-22T19:50:50.980+0900][1.079s][info][gc,phases,start] GC(81) Summary Phase
[2026-03-22T19:50:50.980+0900][1.079s][info][gc,phases      ] GC(81) Summary Phase 0.023ms
[2026-03-22T19:50:50.980+0900][1.079s][info][gc,phases,start] GC(81) Adjust Roots
[2026-03-22T19:50:50.980+0900][1.079s][info][gc,phases      ] GC(81) Adjust Roots 0.221ms
[2026-03-22T19:50:50.980+0900][1.079s][info][gc,phases,start] GC(81) Compaction Phase
[2026-03-22T19:50:50.985+0900][1.084s][info][gc,phases      ] GC(81) Compaction Phase 4.662ms
[2026-03-22T19:50:50.985+0900][1.084s][info][gc,phases,start] GC(81) Post Compact
[2026-03-22T19:50:50.987+0900][1.085s][info][gc,phases      ] GC(81) Post Compact 1.483ms
[2026-03-22T19:50:50.987+0900][1.085s][info][gc,heap        ] GC(81) PSYoungGen: 116136K(116736K)->0K(116736K) Eden: 58504K(58880K)->0K(58880K) From: 57632K(57856K)->0K(57856K)
[2026-03-22T19:50:50.987+0900][1.085s][info][gc,heap        ] GC(81) ParOldGen: 292271K(349696K)->103430K(349696K)
[2026-03-22T19:50:50.987+0900][1.085s][info][gc,metaspace   ] GC(81) Metaspace: 341K(512K)->341K(512K) NonClass: 323K(384K)->323K(384K) Class: 17K(128K)->17K(128K)
[2026-03-22T19:50:50.987+0900][1.085s][info][gc             ] GC(81) Pause Full (Ergonomics) 398M->101M(455M) 8.355ms
[2026-03-22T19:50:50.987+0900][1.085s][info][gc,cpu         ] GC(81) User=0.00s Sys=0.00s Real=0.01s
[2026-03-22T19:50:50.992+0900][1.091s][info][gc,start       ] GC(82) Pause Young (Allocation Failure)
[2026-03-22T19:50:50.995+0900][1.093s][info][gc,heap        ] GC(82) PSYoungGen: 58504K(116736K)->57632K(116736K) Eden: 58504K(58880K)->0K(58880K) From: 0K(57856K)->57632K(57856K)
[2026-03-22T19:50:50.995+0900][1.093s][info][gc,heap        ] GC(82) ParOldGen: 103430K(349696K)->103430K(349696K)
[2026-03-22T19:50:50.995+0900][1.093s][info][gc,metaspace   ] GC(82) Metaspace: 341K(512K)->341K(512K) NonClass: 323K(384K)->323K(384K) Class: 17K(128K)->17K(128K)
[2026-03-22T19:50:50.995+0900][1.093s][info][gc             ] GC(82) Pause Young (Allocation Failure) 158M->157M(455M) 2.645ms
[2026-03-22T19:50:50.995+0900][1.093s][info][gc,cpu         ] GC(82) User=0.12s Sys=0.00s Real=0.00s
[2026-03-22T19:50:51.001+0900][1.100s][info][gc,start       ] GC(83) Pause Young (Allocation Failure)
[2026-03-22T19:50:51.005+0900][1.104s][info][gc,heap        ] GC(83) PSYoungGen: 116136K(116736K)->57632K(116736K) Eden: 58504K(58880K)->0K(58880K) From: 57632K(57856K)->57632K(57856K)
[2026-03-22T19:50:51.005+0900][1.104s][info][gc,heap        ] GC(83) ParOldGen: 103430K(349696K)->150638K(349696K)
[2026-03-22T19:50:51.005+0900][1.104s][info][gc,metaspace   ] GC(83) Metaspace: 341K(512K)->341K(512K) NonClass: 323K(384K)->323K(384K) Class: 17K(128K)->17K(128K)
[2026-03-22T19:50:51.005+0900][1.104s][info][gc             ] GC(83) Pause Young (Allocation Failure) 214M->203M(455M) 4.415ms
[2026-03-22T19:50:51.005+0900][1.104s][info][gc,cpu         ] GC(83) User=0.00s Sys=0.00s Real=0.00s
[2026-03-22T19:50:51.012+0900][1.110s][info][gc,start       ] GC(84) Pause Young (Allocation Failure)
[2026-03-22T19:50:51.016+0900][1.115s][info][gc,heap        ] GC(84) PSYoungGen: 116136K(116736K)->57568K(116736K) Eden: 58504K(58880K)->0K(58880K) From: 57632K(57856K)->57568K(57856K)
[2026-03-22T19:50:51.016+0900][1.115s][info][gc,heap        ] GC(84) ParOldGen: 150638K(349696K)->197830K(349696K)
[2026-03-22T19:50:51.016+0900][1.115s][info][gc,metaspace   ] GC(84) Metaspace: 341K(512K)->341K(512K) NonClass: 323K(384K)->323K(384K) Class: 17K(128K)->17K(128K)
[2026-03-22T19:50:51.016+0900][1.115s][info][gc             ] GC(84) Pause Young (Allocation Failure) 260M->249M(455M) 4.532ms
[2026-03-22T19:50:51.016+0900][1.115s][info][gc,cpu         ] GC(84) User=0.00s Sys=0.00s Real=0.00s
[2026-03-22T19:50:51.022+0900][1.120s][info][gc,start       ] GC(85) Pause Young (Allocation Failure)
[2026-03-22T19:50:51.026+0900][1.124s][info][gc,heap        ] GC(85) PSYoungGen: 116072K(116736K)->57632K(116736K) Eden: 58504K(58880K)->0K(58880K) From: 57568K(57856K)->57632K(57856K)
[2026-03-22T19:50:51.026+0900][1.124s][info][gc,heap        ] GC(85) ParOldGen: 197830K(349696K)->245047K(349696K)
[2026-03-22T19:50:51.026+0900][1.124s][info][gc,metaspace   ] GC(85) Metaspace: 341K(512K)->341K(512K) NonClass: 323K(384K)->323K(384K) Class: 17K(128K)->17K(128K)
[2026-03-22T19:50:51.026+0900][1.124s][info][gc             ] GC(85) Pause Young (Allocation Failure) 306M->295M(455M) 4.136ms
[2026-03-22T19:50:51.026+0900][1.125s][info][gc,cpu         ] GC(85) User=0.12s Sys=0.00s Real=0.00s
[2026-03-22T19:50:51.032+0900][1.130s][info][gc,start       ] GC(86) Pause Young (Allocation Failure)
[2026-03-22T19:50:51.035+0900][1.134s][info][gc,heap        ] GC(86) PSYoungGen: 116136K(116736K)->57632K(116736K) Eden: 58504K(58880K)->0K(58880K) From: 57632K(57856K)->57632K(57856K)
[2026-03-22T19:50:51.036+0900][1.135s][info][gc,heap        ] GC(86) ParOldGen: 245047K(349696K)->292255K(349696K)
[2026-03-22T19:50:51.036+0900][1.135s][info][gc,metaspace   ] GC(86) Metaspace: 341K(512K)->341K(512K) NonClass: 323K(384K)->323K(384K) Class: 17K(128K)->17K(128K)
[2026-03-22T19:50:51.036+0900][1.135s][info][gc             ] GC(86) Pause Young (Allocation Failure) 352M->341M(455M) 4.278ms
[2026-03-22T19:50:51.036+0900][1.135s][info][gc,cpu         ] GC(86) User=0.00s Sys=0.00s Real=0.00s
[2026-03-22T19:50:51.042+0900][1.141s][info][gc,start       ] GC(87) Pause Full (Ergonomics)
[2026-03-22T19:50:51.042+0900][1.141s][info][gc,phases,start] GC(87) Marking Phase
[2026-03-22T19:50:51.044+0900][1.142s][info][gc,phases      ] GC(87) Marking Phase 1.347ms
[2026-03-22T19:50:51.044+0900][1.142s][info][gc,phases,start] GC(87) Summary Phase
[2026-03-22T19:50:51.044+0900][1.142s][info][gc,phases      ] GC(87) Summary Phase 0.015ms
[2026-03-22T19:50:51.044+0900][1.142s][info][gc,phases,start] GC(87) Adjust Roots
[2026-03-22T19:50:51.044+0900][1.142s][info][gc,phases      ] GC(87) Adjust Roots 0.199ms
[2026-03-22T19:50:51.044+0900][1.142s][info][gc,phases,start] GC(87) Compaction Phase
[2026-03-22T19:50:51.049+0900][1.147s][info][gc,phases      ] GC(87) Compaction Phase 4.614ms
[2026-03-22T19:50:51.049+0900][1.147s][info][gc,phases,start] GC(87) Post Compact
[2026-03-22T19:50:51.050+0900][1.149s][info][gc,phases      ] GC(87) Post Compact 1.554ms
[2026-03-22T19:50:51.050+0900][1.149s][info][gc,heap        ] GC(87) PSYoungGen: 116136K(116736K)->0K(116736K) Eden: 58504K(58880K)->0K(58880K) From: 57632K(57856K)->0K(57856K)
[2026-03-22T19:50:51.051+0900][1.149s][info][gc,heap        ] GC(87) ParOldGen: 292255K(349696K)->103430K(349696K)
[2026-03-22T19:50:51.051+0900][1.149s][info][gc,metaspace   ] GC(87) Metaspace: 341K(512K)->341K(512K) NonClass: 323K(384K)->323K(384K) Class: 17K(128K)->17K(128K)
[2026-03-22T19:50:51.051+0900][1.149s][info][gc             ] GC(87) Pause Full (Ergonomics) 398M->101M(455M) 8.053ms
[2026-03-22T19:50:51.051+0900][1.149s][info][gc,cpu         ] GC(87) User=0.00s Sys=0.00s Real=0.01s
[2026-03-22T19:50:51.056+0900][1.155s][info][gc,start       ] GC(88) Pause Young (Allocation Failure)
[2026-03-22T19:50:51.059+0900][1.157s][info][gc,heap        ] GC(88) PSYoungGen: 58504K(116736K)->57632K(116736K) Eden: 58504K(58880K)->0K(58880K) From: 0K(57856K)->57632K(57856K)
[2026-03-22T19:50:51.059+0900][1.157s][info][gc,heap        ] GC(88) ParOldGen: 103430K(349696K)->103430K(349696K)
[2026-03-22T19:50:51.059+0900][1.157s][info][gc,metaspace   ] GC(88) Metaspace: 341K(512K)->341K(512K) NonClass: 323K(384K)->323K(384K) Class: 17K(128K)->17K(128K)
[2026-03-22T19:50:51.059+0900][1.157s][info][gc             ] GC(88) Pause Young (Allocation Failure) 158M->157M(455M) 2.603ms
[2026-03-22T19:50:51.059+0900][1.157s][info][gc,cpu         ] GC(88) User=0.08s Sys=0.00s Real=0.00s
[2026-03-22T19:50:51.064+0900][1.163s][info][gc,start       ] GC(89) Pause Young (Allocation Failure)
[2026-03-22T19:50:51.068+0900][1.166s][info][gc,heap        ] GC(89) PSYoungGen: 116136K(116736K)->57632K(116736K) Eden: 58504K(58880K)->0K(58880K) From: 57632K(57856K)->57632K(57856K)
[2026-03-22T19:50:51.068+0900][1.166s][info][gc,heap        ] GC(89) ParOldGen: 103430K(349696K)->150638K(349696K)
[2026-03-22T19:50:51.068+0900][1.167s][info][gc,metaspace   ] GC(89) Metaspace: 341K(512K)->341K(512K) NonClass: 323K(384K)->323K(384K) Class: 17K(128K)->17K(128K)
[2026-03-22T19:50:51.068+0900][1.167s][info][gc             ] GC(89) Pause Young (Allocation Failure) 214M->203M(455M) 4.008ms
[2026-03-22T19:50:51.068+0900][1.167s][info][gc,cpu         ] GC(89) User=0.00s Sys=0.00s Real=0.00s
[2026-03-22T19:50:51.074+0900][1.173s][info][gc,start       ] GC(90) Pause Young (Allocation Failure)
[2026-03-22T19:50:51.078+0900][1.177s][info][gc,heap        ] GC(90) PSYoungGen: 116136K(116736K)->57632K(116736K) Eden: 58504K(58880K)->0K(58880K) From: 57632K(57856K)->57632K(57856K)
[2026-03-22T19:50:51.078+0900][1.177s][info][gc,heap        ] GC(90) ParOldGen: 150638K(349696K)->197846K(349696K)
[2026-03-22T19:50:51.078+0900][1.177s][info][gc,metaspace   ] GC(90) Metaspace: 341K(512K)->341K(512K) NonClass: 323K(384K)->323K(384K) Class: 17K(128K)->17K(128K)
[2026-03-22T19:50:51.078+0900][1.177s][info][gc             ] GC(90) Pause Young (Allocation Failure) 260M->249M(455M) 3.832ms
[2026-03-22T19:50:51.078+0900][1.177s][info][gc,cpu         ] GC(90) User=0.00s Sys=0.00s Real=0.00s
[2026-03-22T19:50:51.085+0900][1.183s][info][gc,start       ] GC(91) Pause Young (Allocation Failure)
[2026-03-22T19:50:51.089+0900][1.187s][info][gc,heap        ] GC(91) PSYoungGen: 116136K(116736K)->57632K(116736K) Eden: 58504K(58880K)->0K(58880K) From: 57632K(57856K)->57632K(57856K)
[2026-03-22T19:50:51.089+0900][1.187s][info][gc,heap        ] GC(91) ParOldGen: 197846K(349696K)->245063K(349696K)
[2026-03-22T19:50:51.089+0900][1.187s][info][gc,metaspace   ] GC(91) Metaspace: 341K(512K)->341K(512K) NonClass: 323K(384K)->323K(384K) Class: 17K(128K)->17K(128K)
[2026-03-22T19:50:51.089+0900][1.187s][info][gc             ] GC(91) Pause Young (Allocation Failure) 306M->295M(455M) 4.123ms
[2026-03-22T19:50:51.089+0900][1.187s][info][gc,cpu         ] GC(91) User=0.09s Sys=0.03s Real=0.00s
[2026-03-22T19:50:51.095+0900][1.193s][info][gc,start       ] GC(92) Pause Young (Allocation Failure)
[2026-03-22T19:50:51.099+0900][1.197s][info][gc,heap        ] GC(92) PSYoungGen: 116136K(116736K)->57632K(116736K) Eden: 58504K(58880K)->0K(58880K) From: 57632K(57856K)->57632K(57856K)
[2026-03-22T19:50:51.099+0900][1.197s][info][gc,heap        ] GC(92) ParOldGen: 245063K(349696K)->292271K(349696K)
[2026-03-22T19:50:51.099+0900][1.198s][info][gc,metaspace   ] GC(92) Metaspace: 341K(512K)->341K(512K) NonClass: 323K(384K)->323K(384K) Class: 17K(128K)->17K(128K)
[2026-03-22T19:50:51.099+0900][1.198s][info][gc             ] GC(92) Pause Young (Allocation Failure) 352M->341M(455M) 4.077ms
[2026-03-22T19:50:51.099+0900][1.198s][info][gc,cpu         ] GC(92) User=0.00s Sys=0.00s Real=0.00s
[2026-03-22T19:50:51.105+0900][1.203s][info][gc,start       ] GC(93) Pause Full (Ergonomics)
[2026-03-22T19:50:51.105+0900][1.203s][info][gc,phases,start] GC(93) Marking Phase
[2026-03-22T19:50:51.106+0900][1.205s][info][gc,phases      ] GC(93) Marking Phase 1.285ms
[2026-03-22T19:50:51.106+0900][1.205s][info][gc,phases,start] GC(93) Summary Phase
[2026-03-22T19:50:51.106+0900][1.205s][info][gc,phases      ] GC(93) Summary Phase 0.019ms
[2026-03-22T19:50:51.106+0900][1.205s][info][gc,phases,start] GC(93) Adjust Roots
[2026-03-22T19:50:51.106+0900][1.205s][info][gc,phases      ] GC(93) Adjust Roots 0.223ms
[2026-03-22T19:50:51.106+0900][1.205s][info][gc,phases,start] GC(93) Compaction Phase
[2026-03-22T19:50:51.111+0900][1.210s][info][gc,phases      ] GC(93) Compaction Phase 4.656ms
[2026-03-22T19:50:51.111+0900][1.210s][info][gc,phases,start] GC(93) Post Compact
[2026-03-22T19:50:51.112+0900][1.211s][info][gc,phases      ] GC(93) Post Compact 1.494ms
[2026-03-22T19:50:51.112+0900][1.211s][info][gc,heap        ] GC(93) PSYoungGen: 116136K(116736K)->0K(116736K) Eden: 58504K(58880K)->0K(58880K) From: 57632K(57856K)->0K(57856K)
[2026-03-22T19:50:51.112+0900][1.211s][info][gc,heap        ] GC(93) ParOldGen: 292271K(349696K)->103430K(349696K)
[2026-03-22T19:50:51.112+0900][1.211s][info][gc,metaspace   ] GC(93) Metaspace: 341K(512K)->341K(512K) NonClass: 323K(384K)->323K(384K) Class: 17K(128K)->17K(128K)
[2026-03-22T19:50:51.112+0900][1.211s][info][gc             ] GC(93) Pause Full (Ergonomics) 398M->101M(455M) 7.957ms
[2026-03-22T19:50:51.113+0900][1.211s][info][gc,cpu         ] GC(93) User=0.00s Sys=0.00s Real=0.01s
[2026-03-22T19:50:51.118+0900][1.217s][info][gc,start       ] GC(94) Pause Young (Allocation Failure)
[2026-03-22T19:50:51.121+0900][1.220s][info][gc,heap        ] GC(94) PSYoungGen: 58504K(116736K)->57600K(116736K) Eden: 58504K(58880K)->0K(58880K) From: 0K(57856K)->57600K(57856K)
[2026-03-22T19:50:51.121+0900][1.220s][info][gc,heap        ] GC(94) ParOldGen: 103430K(349696K)->103430K(349696K)
[2026-03-22T19:50:51.121+0900][1.220s][info][gc,metaspace   ] GC(94) Metaspace: 341K(512K)->341K(512K) NonClass: 323K(384K)->323K(384K) Class: 17K(128K)->17K(128K)
[2026-03-22T19:50:51.121+0900][1.220s][info][gc             ] GC(94) Pause Young (Allocation Failure) 158M->157M(455M) 2.867ms
[2026-03-22T19:50:51.121+0900][1.220s][info][gc,cpu         ] GC(94) User=0.08s Sys=0.00s Real=0.00s
[2026-03-22T19:50:51.128+0900][1.227s][info][gc,start       ] GC(95) Pause Young (Allocation Failure)
[2026-03-22T19:50:51.131+0900][1.230s][info][gc,heap        ] GC(95) PSYoungGen: 116104K(116736K)->57632K(116736K) Eden: 58504K(58880K)->0K(58880K) From: 57600K(57856K)->57632K(57856K)
[2026-03-22T19:50:51.131+0900][1.230s][info][gc,heap        ] GC(95) ParOldGen: 103430K(349696K)->150638K(349696K)
[2026-03-22T19:50:51.132+0900][1.230s][info][gc,metaspace   ] GC(95) Metaspace: 341K(512K)->341K(512K) NonClass: 323K(384K)->323K(384K) Class: 17K(128K)->17K(128K)
[2026-03-22T19:50:51.132+0900][1.230s][info][gc             ] GC(95) Pause Young (Allocation Failure) 214M->203M(455M) 3.947ms
[2026-03-22T19:50:51.132+0900][1.230s][info][gc,cpu         ] GC(95) User=0.00s Sys=0.00s Real=0.00s
[2026-03-22T19:50:51.138+0900][1.237s][info][gc,start       ] GC(96) Pause Young (Allocation Failure)
[2026-03-22T19:50:51.146+0900][1.244s][info][gc,heap        ] GC(96) PSYoungGen: 116136K(116736K)->57632K(116736K) Eden: 58504K(58880K)->0K(58880K) From: 57632K(57856K)->57632K(57856K)
[2026-03-22T19:50:51.146+0900][1.244s][info][gc,heap        ] GC(96) ParOldGen: 150638K(349696K)->197846K(349696K)
[2026-03-22T19:50:51.146+0900][1.244s][info][gc,metaspace   ] GC(96) Metaspace: 341K(512K)->341K(512K) NonClass: 323K(384K)->323K(384K) Class: 17K(128K)->17K(128K)
[2026-03-22T19:50:51.146+0900][1.244s][info][gc             ] GC(96) Pause Young (Allocation Failure) 260M->249M(455M) 7.811ms
[2026-03-22T19:50:51.146+0900][1.244s][info][gc,cpu         ] GC(96) User=0.00s Sys=0.00s Real=0.01s
[2026-03-22T19:50:51.152+0900][1.250s][info][gc,start       ] GC(97) Pause Young (Allocation Failure)
[2026-03-22T19:50:51.155+0900][1.254s][info][gc,heap        ] GC(97) PSYoungGen: 116136K(116736K)->57632K(116736K) Eden: 58504K(58880K)->0K(58880K) From: 57632K(57856K)->57632K(57856K)
[2026-03-22T19:50:51.155+0900][1.255s][info][gc,heap        ] GC(97) ParOldGen: 197846K(349696K)->245063K(349696K)
[2026-03-22T19:50:51.155+0900][1.255s][info][gc,metaspace   ] GC(97) Metaspace: 341K(512K)->341K(512K) NonClass: 323K(384K)->323K(384K) Class: 17K(128K)->17K(128K)
[2026-03-22T19:50:51.155+0900][1.255s][info][gc             ] GC(97) Pause Young (Allocation Failure) 306M->295M(455M) 4.260ms
[2026-03-22T19:50:51.155+0900][1.255s][info][gc,cpu         ] GC(97) User=0.00s Sys=0.00s Real=0.00s
[2026-03-22T19:50:51.161+0900][1.260s][info][gc,start       ] GC(98) Pause Young (Allocation Failure)
[2026-03-22T19:50:51.165+0900][1.264s][info][gc,heap        ] GC(98) PSYoungGen: 116136K(116736K)->57632K(116736K) Eden: 58504K(58880K)->0K(58880K) From: 57632K(57856K)->57632K(57856K)
[2026-03-22T19:50:51.165+0900][1.264s][info][gc,heap        ] GC(98) ParOldGen: 245063K(349696K)->292271K(349696K)
[2026-03-22T19:50:51.165+0900][1.264s][info][gc,metaspace   ] GC(98) Metaspace: 341K(512K)->341K(512K) NonClass: 323K(384K)->323K(384K) Class: 17K(128K)->17K(128K)
[2026-03-22T19:50:51.165+0900][1.264s][info][gc             ] GC(98) Pause Young (Allocation Failure) 352M->341M(455M) 4.121ms
[2026-03-22T19:50:51.165+0900][1.264s][info][gc,cpu         ] GC(98) User=0.00s Sys=0.00s Real=0.00s
[2026-03-22T19:50:51.171+0900][1.270s][info][gc,start       ] GC(99) Pause Full (Ergonomics)
[2026-03-22T19:50:51.171+0900][1.270s][info][gc,phases,start] GC(99) Marking Phase
[2026-03-22T19:50:51.172+0900][1.271s][info][gc,phases      ] GC(99) Marking Phase 1.186ms
[2026-03-22T19:50:51.172+0900][1.271s][info][gc,phases,start] GC(99) Summary Phase
[2026-03-22T19:50:51.172+0900][1.271s][info][gc,phases      ] GC(99) Summary Phase 0.015ms
[2026-03-22T19:50:51.172+0900][1.271s][info][gc,phases,start] GC(99) Adjust Roots
[2026-03-22T19:50:51.173+0900][1.272s][info][gc,phases      ] GC(99) Adjust Roots 0.357ms
[2026-03-22T19:50:51.173+0900][1.272s][info][gc,phases,start] GC(99) Compaction Phase
[2026-03-22T19:50:51.177+0900][1.276s][info][gc,phases      ] GC(99) Compaction Phase 4.711ms
[2026-03-22T19:50:51.177+0900][1.277s][info][gc,phases,start] GC(99) Post Compact
[2026-03-22T19:50:51.180+0900][1.278s][info][gc,phases      ] GC(99) Post Compact 1.651ms
[2026-03-22T19:50:51.180+0900][1.278s][info][gc,heap        ] GC(99) PSYoungGen: 116136K(116736K)->0K(116736K) Eden: 58504K(58880K)->0K(58880K) From: 57632K(57856K)->0K(57856K)
[2026-03-22T19:50:51.180+0900][1.278s][info][gc,heap        ] GC(99) ParOldGen: 292271K(349696K)->103430K(349696K)
[2026-03-22T19:50:51.180+0900][1.278s][info][gc,metaspace   ] GC(99) Metaspace: 341K(512K)->341K(512K) NonClass: 323K(384K)->323K(384K) Class: 17K(128K)->17K(128K)
[2026-03-22T19:50:51.180+0900][1.278s][info][gc             ] GC(99) Pause Full (Ergonomics) 398M->101M(455M) 8.380ms
[2026-03-22T19:50:51.180+0900][1.278s][info][gc,cpu         ] GC(99) User=0.00s Sys=0.00s Real=0.01s
[2026-03-22T19:50:51.187+0900][1.285s][info][gc,start       ] GC(100) Pause Young (Allocation Failure)
[2026-03-22T19:50:51.190+0900][1.288s][info][gc,heap        ] GC(100) PSYoungGen: 58504K(116736K)->57632K(116736K) Eden: 58504K(58880K)->0K(58880K) From: 0K(57856K)->57632K(57856K)
[2026-03-22T19:50:51.190+0900][1.288s][info][gc,heap        ] GC(100) ParOldGen: 103430K(349696K)->103430K(349696K)
[2026-03-22T19:50:51.190+0900][1.288s][info][gc,metaspace   ] GC(100) Metaspace: 341K(512K)->341K(512K) NonClass: 323K(384K)->323K(384K) Class: 17K(128K)->17K(128K)
[2026-03-22T19:50:51.190+0900][1.288s][info][gc             ] GC(100) Pause Young (Allocation Failure) 158M->157M(455M) 2.979ms
[2026-03-22T19:50:51.190+0900][1.288s][info][gc,cpu         ] GC(100) User=0.00s Sys=0.00s Real=0.00s
[2026-03-22T19:50:51.195+0900][1.294s][info][gc,start       ] GC(101) Pause Young (Allocation Failure)
[2026-03-22T19:50:51.199+0900][1.298s][info][gc,heap        ] GC(101) PSYoungGen: 116136K(116736K)->57632K(116736K) Eden: 58504K(58880K)->0K(58880K) From: 57632K(57856K)->57632K(57856K)
[2026-03-22T19:50:51.199+0900][1.298s][info][gc,heap        ] GC(101) ParOldGen: 103430K(349696K)->150638K(349696K)
[2026-03-22T19:50:51.199+0900][1.298s][info][gc,metaspace   ] GC(101) Metaspace: 341K(512K)->341K(512K) NonClass: 323K(384K)->323K(384K) Class: 17K(128K)->17K(128K)
[2026-03-22T19:50:51.199+0900][1.298s][info][gc             ] GC(101) Pause Young (Allocation Failure) 214M->203M(455M) 4.681ms
[2026-03-22T19:50:51.199+0900][1.298s][info][gc,cpu         ] GC(101) User=0.12s Sys=0.00s Real=0.00s
[2026-03-22T19:50:51.206+0900][1.305s][info][gc,start       ] GC(102) Pause Young (Allocation Failure)
[2026-03-22T19:50:51.210+0900][1.309s][info][gc,heap        ] GC(102) PSYoungGen: 116136K(116736K)->57632K(116736K) Eden: 58504K(58880K)->0K(58880K) From: 57632K(57856K)->57632K(57856K)
[2026-03-22T19:50:51.210+0900][1.310s][info][gc,heap        ] GC(102) ParOldGen: 150638K(349696K)->197846K(349696K)
[2026-03-22T19:50:51.210+0900][1.310s][info][gc,metaspace   ] GC(102) Metaspace: 341K(512K)->341K(512K) NonClass: 323K(384K)->323K(384K) Class: 17K(128K)->17K(128K)
[2026-03-22T19:50:51.210+0900][1.310s][info][gc             ] GC(102) Pause Young (Allocation Failure) 260M->249M(455M) 4.118ms
[2026-03-22T19:50:51.211+0900][1.310s][info][gc,cpu         ] GC(102) User=0.00s Sys=0.00s Real=0.00s
[2026-03-22T19:50:51.217+0900][1.316s][info][gc,start       ] GC(103) Pause Young (Allocation Failure)
[2026-03-22T19:50:51.221+0900][1.320s][info][gc,heap        ] GC(103) PSYoungGen: 116136K(116736K)->57632K(116736K) Eden: 58504K(58880K)->0K(58880K) From: 57632K(57856K)->57632K(57856K)
[2026-03-22T19:50:51.221+0900][1.320s][info][gc,heap        ] GC(103) ParOldGen: 197846K(349696K)->245063K(349696K)
[2026-03-22T19:50:51.221+0900][1.320s][info][gc,metaspace   ] GC(103) Metaspace: 341K(512K)->341K(512K) NonClass: 323K(384K)->323K(384K) Class: 17K(128K)->17K(128K)
[2026-03-22T19:50:51.221+0900][1.320s][info][gc             ] GC(103) Pause Young (Allocation Failure) 306M->295M(455M) 4.268ms
[2026-03-22T19:50:51.221+0900][1.320s][info][gc,cpu         ] GC(103) User=0.00s Sys=0.00s Real=0.00s
[2026-03-22T19:50:51.228+0900][1.326s][info][gc,start       ] GC(104) Pause Young (Allocation Failure)
[2026-03-22T19:50:51.231+0900][1.330s][info][gc,heap        ] GC(104) PSYoungGen: 116136K(116736K)->57632K(116736K) Eden: 58504K(58880K)->0K(58880K) From: 57632K(57856K)->57632K(57856K)
[2026-03-22T19:50:51.231+0900][1.330s][info][gc,heap        ] GC(104) ParOldGen: 245063K(349696K)->292271K(349696K)
[2026-03-22T19:50:51.232+0900][1.330s][info][gc,metaspace   ] GC(104) Metaspace: 341K(512K)->341K(512K) NonClass: 323K(384K)->323K(384K) Class: 17K(128K)->17K(128K)
[2026-03-22T19:50:51.232+0900][1.330s][info][gc             ] GC(104) Pause Young (Allocation Failure) 352M->341M(455M) 4.122ms
[2026-03-22T19:50:51.232+0900][1.330s][info][gc,cpu         ] GC(104) User=0.12s Sys=0.00s Real=0.00s
[2026-03-22T19:50:51.237+0900][1.336s][info][gc,start       ] GC(105) Pause Full (Ergonomics)
[2026-03-22T19:50:51.237+0900][1.336s][info][gc,phases,start] GC(105) Marking Phase
[2026-03-22T19:50:51.239+0900][1.338s][info][gc,phases      ] GC(105) Marking Phase 1.767ms
[2026-03-22T19:50:51.239+0900][1.338s][info][gc,phases,start] GC(105) Summary Phase
[2026-03-22T19:50:51.239+0900][1.338s][info][gc,phases      ] GC(105) Summary Phase 0.024ms
[2026-03-22T19:50:51.239+0900][1.338s][info][gc,phases,start] GC(105) Adjust Roots
[2026-03-22T19:50:51.239+0900][1.338s][info][gc,phases      ] GC(105) Adjust Roots 0.270ms
[2026-03-22T19:50:51.239+0900][1.338s][info][gc,phases,start] GC(105) Compaction Phase
[2026-03-22T19:50:51.244+0900][1.343s][info][gc,phases      ] GC(105) Compaction Phase 4.888ms
[2026-03-22T19:50:51.244+0900][1.343s][info][gc,phases,start] GC(105) Post Compact
[2026-03-22T19:50:51.246+0900][1.345s][info][gc,phases      ] GC(105) Post Compact 1.414ms
[2026-03-22T19:50:51.246+0900][1.345s][info][gc,heap        ] GC(105) PSYoungGen: 116136K(116736K)->0K(116736K) Eden: 58504K(58880K)->0K(58880K) From: 57632K(57856K)->0K(57856K)
[2026-03-22T19:50:51.246+0900][1.345s][info][gc,heap        ] GC(105) ParOldGen: 292271K(349696K)->103430K(349696K)
[2026-03-22T19:50:51.246+0900][1.345s][info][gc,metaspace   ] GC(105) Metaspace: 341K(512K)->341K(512K) NonClass: 323K(384K)->323K(384K) Class: 17K(128K)->17K(128K)
[2026-03-22T19:50:51.246+0900][1.345s][info][gc             ] GC(105) Pause Full (Ergonomics) 398M->101M(455M) 8.636ms
[2026-03-22T19:50:51.246+0900][1.345s][info][gc,cpu         ] GC(105) User=0.11s Sys=0.00s Real=0.01s
[2026-03-22T19:50:51.253+0900][1.351s][info][gc,start       ] GC(106) Pause Young (Allocation Failure)
[2026-03-22T19:50:51.256+0900][1.354s][info][gc,heap        ] GC(106) PSYoungGen: 58504K(116736K)->57632K(116736K) Eden: 58504K(58880K)->0K(58880K) From: 0K(57856K)->57632K(57856K)
[2026-03-22T19:50:51.256+0900][1.354s][info][gc,heap        ] GC(106) ParOldGen: 103430K(349696K)->103430K(349696K)
[2026-03-22T19:50:51.256+0900][1.354s][info][gc,metaspace   ] GC(106) Metaspace: 341K(512K)->341K(512K) NonClass: 323K(384K)->323K(384K) Class: 17K(128K)->17K(128K)
[2026-03-22T19:50:51.256+0900][1.354s][info][gc             ] GC(106) Pause Young (Allocation Failure) 158M->157M(455M) 2.677ms
[2026-03-22T19:50:51.256+0900][1.354s][info][gc,cpu         ] GC(106) User=0.00s Sys=0.00s Real=0.00s
[2026-03-22T19:50:51.262+0900][1.360s][info][gc,start       ] GC(107) Pause Young (Allocation Failure)
[2026-03-22T19:50:51.266+0900][1.365s][info][gc,heap        ] GC(107) PSYoungGen: 116136K(116736K)->57632K(116736K) Eden: 58504K(58880K)->0K(58880K) From: 57632K(57856K)->57632K(57856K)
[2026-03-22T19:50:51.266+0900][1.365s][info][gc,heap        ] GC(107) ParOldGen: 103430K(349696K)->150638K(349696K)
[2026-03-22T19:50:51.266+0900][1.365s][info][gc,metaspace   ] GC(107) Metaspace: 341K(512K)->341K(512K) NonClass: 323K(384K)->323K(384K) Class: 17K(128K)->17K(128K)
[2026-03-22T19:50:51.266+0900][1.365s][info][gc             ] GC(107) Pause Young (Allocation Failure) 214M->203M(455M) 4.413ms
[2026-03-22T19:50:51.267+0900][1.365s][info][gc,cpu         ] GC(107) User=0.00s Sys=0.00s Real=0.00s
[2026-03-22T19:50:51.272+0900][1.371s][info][gc,start       ] GC(108) Pause Young (Allocation Failure)
[2026-03-22T19:50:51.277+0900][1.375s][info][gc,heap        ] GC(108) PSYoungGen: 116136K(116736K)->57632K(116736K) Eden: 58504K(58880K)->0K(58880K) From: 57632K(57856K)->57632K(57856K)
[2026-03-22T19:50:51.277+0900][1.375s][info][gc,heap        ] GC(108) ParOldGen: 150638K(349696K)->197846K(349696K)
[2026-03-22T19:50:51.277+0900][1.375s][info][gc,metaspace   ] GC(108) Metaspace: 341K(512K)->341K(512K) NonClass: 323K(384K)->323K(384K) Class: 17K(128K)->17K(128K)
[2026-03-22T19:50:51.277+0900][1.375s][info][gc             ] GC(108) Pause Young (Allocation Failure) 260M->249M(455M) 4.963ms
[2026-03-22T19:50:51.277+0900][1.376s][info][gc,cpu         ] GC(108) User=0.11s Sys=0.00s Real=0.00s
[2026-03-22T19:50:51.284+0900][1.383s][info][gc,start       ] GC(109) Pause Young (Allocation Failure)
[2026-03-22T19:50:51.289+0900][1.388s][info][gc,heap        ] GC(109) PSYoungGen: 116136K(116736K)->57600K(116736K) Eden: 58504K(58880K)->0K(58880K) From: 57632K(57856K)->57600K(57856K)
[2026-03-22T19:50:51.289+0900][1.388s][info][gc,heap        ] GC(109) ParOldGen: 197846K(349696K)->245063K(349696K)
[2026-03-22T19:50:51.289+0900][1.388s][info][gc,metaspace   ] GC(109) Metaspace: 341K(512K)->341K(512K) NonClass: 323K(384K)->323K(384K) Class: 17K(128K)->17K(128K)
[2026-03-22T19:50:51.289+0900][1.388s][info][gc             ] GC(109) Pause Young (Allocation Failure) 306M->295M(455M) 4.950ms
[2026-03-22T19:50:51.289+0900][1.388s][info][gc,cpu         ] GC(109) User=0.00s Sys=0.00s Real=0.01s
[2026-03-22T19:50:51.296+0900][1.395s][info][gc,start       ] GC(110) Pause Young (Allocation Failure)
[2026-03-22T19:50:51.302+0900][1.400s][info][gc,heap        ] GC(110) PSYoungGen: 116104K(116736K)->57632K(116736K) Eden: 58504K(58880K)->0K(58880K) From: 57600K(57856K)->57632K(57856K)
[2026-03-22T19:50:51.302+0900][1.400s][info][gc,heap        ] GC(110) ParOldGen: 245063K(349696K)->292271K(349696K)
[2026-03-22T19:50:51.302+0900][1.400s][info][gc,metaspace   ] GC(110) Metaspace: 341K(512K)->341K(512K) NonClass: 323K(384K)->323K(384K) Class: 17K(128K)->17K(128K)
[2026-03-22T19:50:51.302+0900][1.400s][info][gc             ] GC(110) Pause Young (Allocation Failure) 352M->341M(455M) 4.969ms
[2026-03-22T19:50:51.302+0900][1.400s][info][gc,cpu         ] GC(110) User=0.00s Sys=0.00s Real=0.01s
[2026-03-22T19:50:51.308+0900][1.406s][info][gc,start       ] GC(111) Pause Full (Ergonomics)
[2026-03-22T19:50:51.308+0900][1.407s][info][gc,phases,start] GC(111) Marking Phase
[2026-03-22T19:50:51.310+0900][1.408s][info][gc,phases      ] GC(111) Marking Phase 1.600ms
[2026-03-22T19:50:51.310+0900][1.408s][info][gc,phases,start] GC(111) Summary Phase
[2026-03-22T19:50:51.310+0900][1.408s][info][gc,phases      ] GC(111) Summary Phase 0.020ms
[2026-03-22T19:50:51.310+0900][1.408s][info][gc,phases,start] GC(111) Adjust Roots
[2026-03-22T19:50:51.310+0900][1.409s][info][gc,phases      ] GC(111) Adjust Roots 0.298ms
[2026-03-22T19:50:51.310+0900][1.409s][info][gc,phases,start] GC(111) Compaction Phase
[2026-03-22T19:50:51.317+0900][1.415s][info][gc,phases      ] GC(111) Compaction Phase 6.547ms
[2026-03-22T19:50:51.317+0900][1.415s][info][gc,phases,start] GC(111) Post Compact
[2026-03-22T19:50:51.318+0900][1.417s][info][gc,phases      ] GC(111) Post Compact 1.350ms
[2026-03-22T19:50:51.318+0900][1.417s][info][gc,heap        ] GC(111) PSYoungGen: 116136K(116736K)->0K(116736K) Eden: 58504K(58880K)->0K(58880K) From: 57632K(57856K)->0K(57856K)
[2026-03-22T19:50:51.318+0900][1.417s][info][gc,heap        ] GC(111) ParOldGen: 292271K(349696K)->103430K(349696K)
[2026-03-22T19:50:51.318+0900][1.417s][info][gc,metaspace   ] GC(111) Metaspace: 341K(512K)->341K(512K) NonClass: 323K(384K)->323K(384K) Class: 17K(128K)->17K(128K)
[2026-03-22T19:50:51.318+0900][1.417s][info][gc             ] GC(111) Pause Full (Ergonomics) 398M->101M(455M) 10.152ms
[2026-03-22T19:50:51.318+0900][1.417s][info][gc,cpu         ] GC(111) User=0.00s Sys=0.00s Real=0.01s
[2026-03-22T19:50:51.324+0900][1.423s][info][gc,start       ] GC(112) Pause Young (Allocation Failure)
[2026-03-22T19:50:51.326+0900][1.426s][info][gc,heap        ] GC(112) PSYoungGen: 58504K(116736K)->57632K(116736K) Eden: 58504K(58880K)->0K(58880K) From: 0K(57856K)->57632K(57856K)
[2026-03-22T19:50:51.326+0900][1.426s][info][gc,heap        ] GC(112) ParOldGen: 103430K(349696K)->103430K(349696K)
[2026-03-22T19:50:51.326+0900][1.426s][info][gc,metaspace   ] GC(112) Metaspace: 341K(512K)->341K(512K) NonClass: 323K(384K)->323K(384K) Class: 17K(128K)->17K(128K)
[2026-03-22T19:50:51.326+0900][1.426s][info][gc             ] GC(112) Pause Young (Allocation Failure) 158M->157M(455M) 2.723ms
[2026-03-22T19:50:51.326+0900][1.426s][info][gc,cpu         ] GC(112) User=0.00s Sys=0.00s Real=0.00s
[2026-03-22T19:50:51.334+0900][1.432s][info][gc,start       ] GC(113) Pause Young (Allocation Failure)
[2026-03-22T19:50:51.338+0900][1.436s][info][gc,heap        ] GC(113) PSYoungGen: 116136K(116736K)->57632K(116736K) Eden: 58504K(58880K)->0K(58880K) From: 57632K(57856K)->57632K(57856K)
[2026-03-22T19:50:51.338+0900][1.436s][info][gc,heap        ] GC(113) ParOldGen: 103430K(349696K)->150638K(349696K)
[2026-03-22T19:50:51.338+0900][1.436s][info][gc,metaspace   ] GC(113) Metaspace: 341K(512K)->341K(512K) NonClass: 323K(384K)->323K(384K) Class: 17K(128K)->17K(128K)
[2026-03-22T19:50:51.338+0900][1.436s][info][gc             ] GC(113) Pause Young (Allocation Failure) 214M->203M(455M) 4.359ms
[2026-03-22T19:50:51.338+0900][1.436s][info][gc,cpu         ] GC(113) User=0.00s Sys=0.00s Real=0.00s
[2026-03-22T19:50:51.344+0900][1.442s][info][gc,start       ] GC(114) Pause Young (Allocation Failure)
[2026-03-22T19:50:51.348+0900][1.446s][info][gc,heap        ] GC(114) PSYoungGen: 116136K(116736K)->57632K(116736K) Eden: 58504K(58880K)->0K(58880K) From: 57632K(57856K)->57632K(57856K)
[2026-03-22T19:50:51.348+0900][1.446s][info][gc,heap        ] GC(114) ParOldGen: 150638K(349696K)->197846K(349696K)
[2026-03-22T19:50:51.348+0900][1.446s][info][gc,metaspace   ] GC(114) Metaspace: 341K(512K)->341K(512K) NonClass: 323K(384K)->323K(384K) Class: 17K(128K)->17K(128K)
[2026-03-22T19:50:51.348+0900][1.446s][info][gc             ] GC(114) Pause Young (Allocation Failure) 260M->249M(455M) 4.031ms
[2026-03-22T19:50:51.348+0900][1.446s][info][gc,cpu         ] GC(114) User=0.00s Sys=0.00s Real=0.00s
[2026-03-22T19:50:51.354+0900][1.452s][info][gc,start       ] GC(115) Pause Young (Allocation Failure)
[2026-03-22T19:50:51.358+0900][1.457s][info][gc,heap        ] GC(115) PSYoungGen: 116136K(116736K)->57632K(116736K) Eden: 58504K(58880K)->0K(58880K) From: 57632K(57856K)->57632K(57856K)
[2026-03-22T19:50:51.358+0900][1.457s][info][gc,heap        ] GC(115) ParOldGen: 197846K(349696K)->245063K(349696K)
[2026-03-22T19:50:51.358+0900][1.457s][info][gc,metaspace   ] GC(115) Metaspace: 341K(512K)->341K(512K) NonClass: 323K(384K)->323K(384K) Class: 17K(128K)->17K(128K)
[2026-03-22T19:50:51.358+0900][1.457s][info][gc             ] GC(115) Pause Young (Allocation Failure) 306M->295M(455M) 4.200ms
[2026-03-22T19:50:51.358+0900][1.457s][info][gc,cpu         ] GC(115) User=0.00s Sys=0.00s Real=0.00s
[2026-03-22T19:50:51.364+0900][1.462s][info][gc,start       ] GC(116) Pause Young (Allocation Failure)
[2026-03-22T19:50:51.368+0900][1.467s][info][gc,heap        ] GC(116) PSYoungGen: 116136K(116736K)->57632K(116736K) Eden: 58504K(58880K)->0K(58880K) From: 57632K(57856K)->57632K(57856K)
[2026-03-22T19:50:51.368+0900][1.467s][info][gc,heap        ] GC(116) ParOldGen: 245063K(349696K)->292271K(349696K)
[2026-03-22T19:50:51.368+0900][1.467s][info][gc,metaspace   ] GC(116) Metaspace: 341K(512K)->341K(512K) NonClass: 323K(384K)->323K(384K) Class: 17K(128K)->17K(128K)
[2026-03-22T19:50:51.368+0900][1.467s][info][gc             ] GC(116) Pause Young (Allocation Failure) 352M->341M(455M) 4.583ms
[2026-03-22T19:50:51.369+0900][1.467s][info][gc,cpu         ] GC(116) User=0.00s Sys=0.00s Real=0.00s
[2026-03-22T19:50:51.375+0900][1.473s][info][gc,start       ] GC(117) Pause Full (Ergonomics)
[2026-03-22T19:50:51.375+0900][1.473s][info][gc,phases,start] GC(117) Marking Phase
[2026-03-22T19:50:51.376+0900][1.475s][info][gc,phases      ] GC(117) Marking Phase 1.287ms
[2026-03-22T19:50:51.376+0900][1.475s][info][gc,phases,start] GC(117) Summary Phase
[2026-03-22T19:50:51.376+0900][1.475s][info][gc,phases      ] GC(117) Summary Phase 0.031ms
[2026-03-22T19:50:51.376+0900][1.475s][info][gc,phases,start] GC(117) Adjust Roots
[2026-03-22T19:50:51.377+0900][1.475s][info][gc,phases      ] GC(117) Adjust Roots 0.260ms
[2026-03-22T19:50:51.377+0900][1.475s][info][gc,phases,start] GC(117) Compaction Phase
[2026-03-22T19:50:51.382+0900][1.480s][info][gc,phases      ] GC(117) Compaction Phase 5.388ms
[2026-03-22T19:50:51.382+0900][1.480s][info][gc,phases,start] GC(117) Post Compact
[2026-03-22T19:50:51.383+0900][1.482s][info][gc,phases      ] GC(117) Post Compact 1.605ms
[2026-03-22T19:50:51.383+0900][1.482s][info][gc,heap        ] GC(117) PSYoungGen: 116136K(116736K)->0K(116736K) Eden: 58504K(58880K)->0K(58880K) From: 57632K(57856K)->0K(57856K)
[2026-03-22T19:50:51.383+0900][1.482s][info][gc,heap        ] GC(117) ParOldGen: 292271K(349696K)->103430K(349696K)
[2026-03-22T19:50:51.383+0900][1.482s][info][gc,metaspace   ] GC(117) Metaspace: 341K(512K)->341K(512K) NonClass: 323K(384K)->323K(384K) Class: 17K(128K)->17K(128K)
[2026-03-22T19:50:51.383+0900][1.482s][info][gc             ] GC(117) Pause Full (Ergonomics) 398M->101M(455M) 8.940ms
[2026-03-22T19:50:51.383+0900][1.482s][info][gc,cpu         ] GC(117) User=0.00s Sys=0.00s Real=0.01s
[2026-03-22T19:50:51.390+0900][1.489s][info][gc,start       ] GC(118) Pause Young (Allocation Failure)
[2026-03-22T19:50:51.393+0900][1.491s][info][gc,heap        ] GC(118) PSYoungGen: 58504K(116736K)->57600K(116736K) Eden: 58504K(58880K)->0K(58880K) From: 0K(57856K)->57600K(57856K)
[2026-03-22T19:50:51.393+0900][1.491s][info][gc,heap        ] GC(118) ParOldGen: 103430K(349696K)->103430K(349696K)
[2026-03-22T19:50:51.393+0900][1.491s][info][gc,metaspace   ] GC(118) Metaspace: 341K(512K)->341K(512K) NonClass: 323K(384K)->323K(384K) Class: 17K(128K)->17K(128K)
[2026-03-22T19:50:51.393+0900][1.491s][info][gc             ] GC(118) Pause Young (Allocation Failure) 158M->157M(455M) 2.592ms
[2026-03-22T19:50:51.393+0900][1.491s][info][gc,cpu         ] GC(118) User=0.00s Sys=0.00s Real=0.00s
[2026-03-22T19:50:51.399+0900][1.497s][info][gc,start       ] GC(119) Pause Young (Allocation Failure)
[2026-03-22T19:50:51.402+0900][1.502s][info][gc,heap        ] GC(119) PSYoungGen: 116104K(116736K)->57632K(116736K) Eden: 58504K(58880K)->0K(58880K) From: 57600K(57856K)->57632K(57856K)
[2026-03-22T19:50:51.402+0900][1.502s][info][gc,heap        ] GC(119) ParOldGen: 103430K(349696K)->150638K(349696K)
[2026-03-22T19:50:51.402+0900][1.502s][info][gc,metaspace   ] GC(119) Metaspace: 341K(512K)->341K(512K) NonClass: 323K(384K)->323K(384K) Class: 17K(128K)->17K(128K)
[2026-03-22T19:50:51.402+0900][1.502s][info][gc             ] GC(119) Pause Young (Allocation Failure) 214M->203M(455M) 4.178ms
[2026-03-22T19:50:51.402+0900][1.502s][info][gc,cpu         ] GC(119) User=0.12s Sys=0.00s Real=0.00s
[2026-03-22T19:50:51.408+0900][1.508s][info][gc,start       ] GC(120) Pause Young (Allocation Failure)
[2026-03-22T19:50:51.412+0900][1.512s][info][gc,heap        ] GC(120) PSYoungGen: 116136K(116736K)->57600K(116736K) Eden: 58504K(58880K)->0K(58880K) From: 57632K(57856K)->57600K(57856K)
[2026-03-22T19:50:51.413+0900][1.512s][info][gc,heap        ] GC(120) ParOldGen: 150638K(349696K)->197838K(349696K)
[2026-03-22T19:50:51.413+0900][1.512s][info][gc,metaspace   ] GC(120) Metaspace: 341K(512K)->341K(512K) NonClass: 323K(384K)->323K(384K) Class: 17K(128K)->17K(128K)
[2026-03-22T19:50:51.413+0900][1.512s][info][gc             ] GC(120) Pause Young (Allocation Failure) 260M->249M(455M) 4.277ms
[2026-03-22T19:50:51.413+0900][1.512s][info][gc,cpu         ] GC(120) User=0.00s Sys=0.00s Real=0.01s
[2026-03-22T19:50:51.420+0900][1.519s][info][gc,start       ] GC(121) Pause Young (Allocation Failure)
[2026-03-22T19:50:51.425+0900][1.523s][info][gc,heap        ] GC(121) PSYoungGen: 116104K(116736K)->57600K(116736K) Eden: 58504K(58880K)->0K(58880K) From: 57600K(57856K)->57600K(57856K)
[2026-03-22T19:50:51.425+0900][1.523s][info][gc,heap        ] GC(121) ParOldGen: 197838K(349696K)->245047K(349696K)
[2026-03-22T19:50:51.425+0900][1.523s][info][gc,metaspace   ] GC(121) Metaspace: 341K(512K)->341K(512K) NonClass: 323K(384K)->323K(384K) Class: 17K(128K)->17K(128K)
[2026-03-22T19:50:51.425+0900][1.523s][info][gc             ] GC(121) Pause Young (Allocation Failure) 306M->295M(455M) 4.279ms
[2026-03-22T19:50:51.425+0900][1.523s][info][gc,cpu         ] GC(121) User=0.00s Sys=0.00s Real=0.00s
[2026-03-22T19:50:51.431+0900][1.530s][info][gc,start       ] GC(122) Pause Young (Allocation Failure)
[2026-03-22T19:50:51.436+0900][1.535s][info][gc,heap        ] GC(122) PSYoungGen: 116104K(116736K)->57632K(116736K) Eden: 58504K(58880K)->0K(58880K) From: 57600K(57856K)->57632K(57856K)
[2026-03-22T19:50:51.436+0900][1.535s][info][gc,heap        ] GC(122) ParOldGen: 245047K(349696K)->292255K(349696K)
[2026-03-22T19:50:51.436+0900][1.535s][info][gc,metaspace   ] GC(122) Metaspace: 341K(512K)->341K(512K) NonClass: 323K(384K)->323K(384K) Class: 17K(128K)->17K(128K)
[2026-03-22T19:50:51.437+0900][1.535s][info][gc             ] GC(122) Pause Young (Allocation Failure) 352M->341M(455M) 4.607ms
[2026-03-22T19:50:51.437+0900][1.535s][info][gc,cpu         ] GC(122) User=0.00s Sys=0.00s Real=0.01s
[2026-03-22T19:50:51.443+0900][1.542s][info][gc,start       ] GC(123) Pause Full (Ergonomics)
[2026-03-22T19:50:51.443+0900][1.542s][info][gc,phases,start] GC(123) Marking Phase
[2026-03-22T19:50:51.445+0900][1.543s][info][gc,phases      ] GC(123) Marking Phase 1.433ms
[2026-03-22T19:50:51.445+0900][1.543s][info][gc,phases,start] GC(123) Summary Phase
[2026-03-22T19:50:51.445+0900][1.543s][info][gc,phases      ] GC(123) Summary Phase 0.025ms
[2026-03-22T19:50:51.445+0900][1.543s][info][gc,phases,start] GC(123) Adjust Roots
[2026-03-22T19:50:51.445+0900][1.544s][info][gc,phases      ] GC(123) Adjust Roots 0.479ms
[2026-03-22T19:50:51.445+0900][1.544s][info][gc,phases,start] GC(123) Compaction Phase
[2026-03-22T19:50:51.450+0900][1.548s][info][gc,phases      ] GC(123) Compaction Phase 4.594ms
[2026-03-22T19:50:51.450+0900][1.548s][info][gc,phases,start] GC(123) Post Compact
[2026-03-22T19:50:51.451+0900][1.550s][info][gc,phases      ] GC(123) Post Compact 1.422ms
[2026-03-22T19:50:51.451+0900][1.550s][info][gc,heap        ] GC(123) PSYoungGen: 116136K(116736K)->0K(116736K) Eden: 58504K(58880K)->0K(58880K) From: 57632K(57856K)->0K(57856K)
[2026-03-22T19:50:51.451+0900][1.550s][info][gc,heap        ] GC(123) ParOldGen: 292255K(349696K)->103430K(349696K)
[2026-03-22T19:50:51.451+0900][1.550s][info][gc,metaspace   ] GC(123) Metaspace: 341K(512K)->341K(512K) NonClass: 323K(384K)->323K(384K) Class: 17K(128K)->17K(128K)
[2026-03-22T19:50:51.451+0900][1.550s][info][gc             ] GC(123) Pause Full (Ergonomics) 398M->101M(455M) 8.331ms
[2026-03-22T19:50:51.451+0900][1.550s][info][gc,cpu         ] GC(123) User=0.12s Sys=0.00s Real=0.01s
[2026-03-22T19:50:51.457+0900][1.556s][info][gc,start       ] GC(124) Pause Young (Allocation Failure)
[2026-03-22T19:50:51.459+0900][1.558s][info][gc,heap        ] GC(124) PSYoungGen: 58504K(116736K)->57632K(116736K) Eden: 58504K(58880K)->0K(58880K) From: 0K(57856K)->57632K(57856K)
[2026-03-22T19:50:51.459+0900][1.558s][info][gc,heap        ] GC(124) ParOldGen: 103430K(349696K)->103430K(349696K)
[2026-03-22T19:50:51.459+0900][1.558s][info][gc,metaspace   ] GC(124) Metaspace: 341K(512K)->341K(512K) NonClass: 323K(384K)->323K(384K) Class: 17K(128K)->17K(128K)
[2026-03-22T19:50:51.459+0900][1.558s][info][gc             ] GC(124) Pause Young (Allocation Failure) 158M->157M(455M) 2.605ms
[2026-03-22T19:50:51.459+0900][1.558s][info][gc,cpu         ] GC(124) User=0.00s Sys=0.00s Real=0.00s
[2026-03-22T19:50:51.465+0900][1.565s][info][gc,start       ] GC(125) Pause Young (Allocation Failure)
[2026-03-22T19:50:51.470+0900][1.569s][info][gc,heap        ] GC(125) PSYoungGen: 116136K(116736K)->57632K(116736K) Eden: 58504K(58880K)->0K(58880K) From: 57632K(57856K)->57632K(57856K)
[2026-03-22T19:50:51.470+0900][1.569s][info][gc,heap        ] GC(125) ParOldGen: 103430K(349696K)->150638K(349696K)
[2026-03-22T19:50:51.470+0900][1.569s][info][gc,metaspace   ] GC(125) Metaspace: 341K(512K)->341K(512K) NonClass: 323K(384K)->323K(384K) Class: 17K(128K)->17K(128K)
[2026-03-22T19:50:51.470+0900][1.569s][info][gc             ] GC(125) Pause Young (Allocation Failure) 214M->203M(455M) 4.126ms
[2026-03-22T19:50:51.470+0900][1.569s][info][gc,cpu         ] GC(125) User=0.00s Sys=0.00s Real=0.01s
[2026-03-22T19:50:51.476+0900][1.575s][info][gc,start       ] GC(126) Pause Young (Allocation Failure)
[2026-03-22T19:50:51.480+0900][1.579s][info][gc,heap        ] GC(126) PSYoungGen: 116136K(116736K)->57632K(116736K) Eden: 58504K(58880K)->0K(58880K) From: 57632K(57856K)->57632K(57856K)
[2026-03-22T19:50:51.480+0900][1.579s][info][gc,heap        ] GC(126) ParOldGen: 150638K(349696K)->197846K(349696K)
[2026-03-22T19:50:51.480+0900][1.579s][info][gc,metaspace   ] GC(126) Metaspace: 341K(512K)->341K(512K) NonClass: 323K(384K)->323K(384K) Class: 17K(128K)->17K(128K)
[2026-03-22T19:50:51.480+0900][1.579s][info][gc             ] GC(126) Pause Young (Allocation Failure) 260M->249M(455M) 4.572ms
[2026-03-22T19:50:51.480+0900][1.579s][info][gc,cpu         ] GC(126) User=0.12s Sys=0.00s Real=0.00s
[2026-03-22T19:50:51.486+0900][1.585s][info][gc,start       ] GC(127) Pause Young (Allocation Failure)
[2026-03-22T19:50:51.490+0900][1.589s][info][gc,heap        ] GC(127) PSYoungGen: 116136K(116736K)->57632K(116736K) Eden: 58504K(58880K)->0K(58880K) From: 57632K(57856K)->57632K(57856K)
[2026-03-22T19:50:51.490+0900][1.589s][info][gc,heap        ] GC(127) ParOldGen: 197846K(349696K)->245063K(349696K)
[2026-03-22T19:50:51.490+0900][1.589s][info][gc,metaspace   ] GC(127) Metaspace: 341K(512K)->341K(512K) NonClass: 323K(384K)->323K(384K) Class: 17K(128K)->17K(128K)
[2026-03-22T19:50:51.490+0900][1.589s][info][gc             ] GC(127) Pause Young (Allocation Failure) 306M->295M(455M) 4.131ms
[2026-03-22T19:50:51.490+0900][1.589s][info][gc,cpu         ] GC(127) User=0.00s Sys=0.00s Real=0.00s
[2026-03-22T19:50:51.497+0900][1.596s][info][gc,start       ] GC(128) Pause Young (Allocation Failure)
[2026-03-22T19:50:51.501+0900][1.600s][info][gc,heap        ] GC(128) PSYoungGen: 116136K(116736K)->57632K(116736K) Eden: 58504K(58880K)->0K(58880K) From: 57632K(57856K)->57632K(57856K)
[2026-03-22T19:50:51.501+0900][1.600s][info][gc,heap        ] GC(128) ParOldGen: 245063K(349696K)->292271K(349696K)
[2026-03-22T19:50:51.501+0900][1.600s][info][gc,metaspace   ] GC(128) Metaspace: 341K(512K)->341K(512K) NonClass: 323K(384K)->323K(384K) Class: 17K(128K)->17K(128K)
[2026-03-22T19:50:51.501+0900][1.600s][info][gc             ] GC(128) Pause Young (Allocation Failure) 352M->341M(455M) 4.351ms
[2026-03-22T19:50:51.501+0900][1.600s][info][gc,cpu         ] GC(128) User=0.00s Sys=0.00s Real=0.00s
[2026-03-22T19:50:51.507+0900][1.606s][info][gc,start       ] GC(129) Pause Full (Ergonomics)
[2026-03-22T19:50:51.507+0900][1.606s][info][gc,phases,start] GC(129) Marking Phase
[2026-03-22T19:50:51.509+0900][1.608s][info][gc,phases      ] GC(129) Marking Phase 1.721ms
[2026-03-22T19:50:51.509+0900][1.608s][info][gc,phases,start] GC(129) Summary Phase
[2026-03-22T19:50:51.509+0900][1.608s][info][gc,phases      ] GC(129) Summary Phase 0.022ms
[2026-03-22T19:50:51.509+0900][1.608s][info][gc,phases,start] GC(129) Adjust Roots
[2026-03-22T19:50:51.509+0900][1.608s][info][gc,phases      ] GC(129) Adjust Roots 0.239ms
[2026-03-22T19:50:51.509+0900][1.608s][info][gc,phases,start] GC(129) Compaction Phase
[2026-03-22T19:50:51.514+0900][1.613s][info][gc,phases      ] GC(129) Compaction Phase 5.117ms
[2026-03-22T19:50:51.514+0900][1.613s][info][gc,phases,start] GC(129) Post Compact
[2026-03-22T19:50:51.516+0900][1.615s][info][gc,phases      ] GC(129) Post Compact 1.424ms
[2026-03-22T19:50:51.516+0900][1.615s][info][gc,heap        ] GC(129) PSYoungGen: 116136K(116736K)->0K(116736K) Eden: 58504K(58880K)->0K(58880K) From: 57632K(57856K)->0K(57856K)
[2026-03-22T19:50:51.516+0900][1.615s][info][gc,heap        ] GC(129) ParOldGen: 292271K(349696K)->103430K(349696K)
[2026-03-22T19:50:51.516+0900][1.615s][info][gc,metaspace   ] GC(129) Metaspace: 341K(512K)->341K(512K) NonClass: 323K(384K)->323K(384K) Class: 17K(128K)->17K(128K)
[2026-03-22T19:50:51.516+0900][1.615s][info][gc             ] GC(129) Pause Full (Ergonomics) 398M->101M(455M) 8.840ms
[2026-03-22T19:50:51.516+0900][1.615s][info][gc,cpu         ] GC(129) User=0.00s Sys=0.02s Real=0.01s
[2026-03-22T19:50:51.523+0900][1.621s][info][gc,start       ] GC(130) Pause Young (Allocation Failure)
[2026-03-22T19:50:51.526+0900][1.624s][info][gc,heap        ] GC(130) PSYoungGen: 58504K(116736K)->57632K(116736K) Eden: 58504K(58880K)->0K(58880K) From: 0K(57856K)->57632K(57856K)
[2026-03-22T19:50:51.526+0900][1.624s][info][gc,heap        ] GC(130) ParOldGen: 103430K(349696K)->103430K(349696K)
[2026-03-22T19:50:51.526+0900][1.624s][info][gc,metaspace   ] GC(130) Metaspace: 341K(512K)->341K(512K) NonClass: 323K(384K)->323K(384K) Class: 17K(128K)->17K(128K)
[2026-03-22T19:50:51.526+0900][1.624s][info][gc             ] GC(130) Pause Young (Allocation Failure) 158M->157M(455M) 2.804ms
[2026-03-22T19:50:51.526+0900][1.624s][info][gc,cpu         ] GC(130) User=0.12s Sys=0.00s Real=0.00s
[2026-03-22T19:50:51.532+0900][1.631s][info][gc,start       ] GC(131) Pause Young (Allocation Failure)
[2026-03-22T19:50:51.536+0900][1.635s][info][gc,heap        ] GC(131) PSYoungGen: 116136K(116736K)->57632K(116736K) Eden: 58504K(58880K)->0K(58880K) From: 57632K(57856K)->57632K(57856K)
[2026-03-22T19:50:51.536+0900][1.635s][info][gc,heap        ] GC(131) ParOldGen: 103430K(349696K)->150638K(349696K)
[2026-03-22T19:50:51.536+0900][1.635s][info][gc,metaspace   ] GC(131) Metaspace: 341K(512K)->341K(512K) NonClass: 323K(384K)->323K(384K) Class: 17K(128K)->17K(128K)
[2026-03-22T19:50:51.536+0900][1.635s][info][gc             ] GC(131) Pause Young (Allocation Failure) 214M->203M(455M) 4.466ms
[2026-03-22T19:50:51.536+0900][1.635s][info][gc,cpu         ] GC(131) User=0.00s Sys=0.00s Real=0.00s
[2026-03-22T19:50:51.543+0900][1.643s][info][gc,start       ] GC(132) Pause Young (Allocation Failure)
[2026-03-22T19:50:51.548+0900][1.648s][info][gc,heap        ] GC(132) PSYoungGen: 116136K(116736K)->57600K(116736K) Eden: 58504K(58880K)->0K(58880K) From: 57632K(57856K)->57600K(57856K)
[2026-03-22T19:50:51.548+0900][1.648s][info][gc,heap        ] GC(132) ParOldGen: 150638K(349696K)->197846K(349696K)
[2026-03-22T19:50:51.548+0900][1.648s][info][gc,metaspace   ] GC(132) Metaspace: 341K(512K)->341K(512K) NonClass: 323K(384K)->323K(384K) Class: 17K(128K)->17K(128K)
[2026-03-22T19:50:51.548+0900][1.648s][info][gc             ] GC(132) Pause Young (Allocation Failure) 260M->249M(455M) 5.055ms
[2026-03-22T19:50:51.549+0900][1.648s][info][gc,cpu         ] GC(132) User=0.00s Sys=0.00s Real=0.01s
[2026-03-22T19:50:51.555+0900][1.654s][info][gc,start       ] GC(133) Pause Young (Allocation Failure)
[2026-03-22T19:50:51.560+0900][1.659s][info][gc,heap        ] GC(133) PSYoungGen: 116104K(116736K)->57632K(116736K) Eden: 58504K(58880K)->0K(58880K) From: 57600K(57856K)->57632K(57856K)
[2026-03-22T19:50:51.560+0900][1.659s][info][gc,heap        ] GC(133) ParOldGen: 197846K(349696K)->245063K(349696K)
[2026-03-22T19:50:51.560+0900][1.659s][info][gc,metaspace   ] GC(133) Metaspace: 341K(512K)->341K(512K) NonClass: 323K(384K)->323K(384K) Class: 17K(128K)->17K(128K)
[2026-03-22T19:50:51.560+0900][1.659s][info][gc             ] GC(133) Pause Young (Allocation Failure) 306M->295M(455M) 4.644ms
[2026-03-22T19:50:51.560+0900][1.659s][info][gc,cpu         ] GC(133) User=0.09s Sys=0.02s Real=0.00s
[2026-03-22T19:50:51.567+0900][1.665s][info][gc,start       ] GC(134) Pause Young (Allocation Failure)
[2026-03-22T19:50:51.571+0900][1.670s][info][gc,heap        ] GC(134) PSYoungGen: 116136K(116736K)->57632K(116736K) Eden: 58504K(58880K)->0K(58880K) From: 57632K(57856K)->57632K(57856K)
[2026-03-22T19:50:51.571+0900][1.670s][info][gc,heap        ] GC(134) ParOldGen: 245063K(349696K)->292271K(349696K)
[2026-03-22T19:50:51.571+0900][1.670s][info][gc,metaspace   ] GC(134) Metaspace: 341K(512K)->341K(512K) NonClass: 323K(384K)->323K(384K) Class: 17K(128K)->17K(128K)
[2026-03-22T19:50:51.571+0900][1.670s][info][gc             ] GC(134) Pause Young (Allocation Failure) 352M->341M(455M) 5.052ms
[2026-03-22T19:50:51.571+0900][1.670s][info][gc,cpu         ] GC(134) User=0.00s Sys=0.00s Real=0.00s
[2026-03-22T19:50:51.579+0900][1.677s][info][gc,start       ] GC(135) Pause Full (Ergonomics)
[2026-03-22T19:50:51.579+0900][1.678s][info][gc,phases,start] GC(135) Marking Phase
[2026-03-22T19:50:51.581+0900][1.679s][info][gc,phases      ] GC(135) Marking Phase 1.532ms
[2026-03-22T19:50:51.581+0900][1.679s][info][gc,phases,start] GC(135) Summary Phase
[2026-03-22T19:50:51.581+0900][1.679s][info][gc,phases      ] GC(135) Summary Phase 0.046ms
[2026-03-22T19:50:51.581+0900][1.679s][info][gc,phases,start] GC(135) Adjust Roots
[2026-03-22T19:50:51.581+0900][1.680s][info][gc,phases      ] GC(135) Adjust Roots 0.515ms
[2026-03-22T19:50:51.581+0900][1.680s][info][gc,phases,start] GC(135) Compaction Phase
[2026-03-22T19:50:51.588+0900][1.687s][info][gc,phases      ] GC(135) Compaction Phase 6.532ms
[2026-03-22T19:50:51.588+0900][1.687s][info][gc,phases,start] GC(135) Post Compact
[2026-03-22T19:50:51.590+0900][1.689s][info][gc,phases      ] GC(135) Post Compact 1.969ms
[2026-03-22T19:50:51.590+0900][1.689s][info][gc,heap        ] GC(135) PSYoungGen: 116136K(116736K)->0K(116736K) Eden: 58504K(58880K)->0K(58880K) From: 57632K(57856K)->0K(57856K)
[2026-03-22T19:50:51.590+0900][1.689s][info][gc,heap        ] GC(135) ParOldGen: 292271K(349696K)->103194K(349696K)
[2026-03-22T19:50:51.590+0900][1.689s][info][gc,metaspace   ] GC(135) Metaspace: 341K(512K)->341K(512K) NonClass: 323K(384K)->323K(384K) Class: 17K(128K)->17K(128K)
[2026-03-22T19:50:51.590+0900][1.689s][info][gc             ] GC(135) Pause Full (Ergonomics) 398M->100M(455M) 11.277ms
[2026-03-22T19:50:51.590+0900][1.689s][info][gc,cpu         ] GC(135) User=0.03s Sys=0.00s Real=0.01s
[2026-03-22T19:50:51.597+0900][1.696s][info][gc,start       ] GC(136) Pause Young (Allocation Failure)
[2026-03-22T19:50:51.599+0900][1.698s][info][gc,heap        ] GC(136) PSYoungGen: 58504K(116736K)->57632K(116736K) Eden: 58504K(58880K)->0K(58880K) From: 0K(57856K)->57632K(57856K)
[2026-03-22T19:50:51.600+0900][1.699s][info][gc,heap        ] GC(136) ParOldGen: 103194K(349696K)->103194K(349696K)
[2026-03-22T19:50:51.600+0900][1.699s][info][gc,metaspace   ] GC(136) Metaspace: 341K(512K)->341K(512K) NonClass: 323K(384K)->323K(384K) Class: 17K(128K)->17K(128K)
[2026-03-22T19:50:51.600+0900][1.699s][info][gc             ] GC(136) Pause Young (Allocation Failure) 157M->157M(455M) 3.154ms
[2026-03-22T19:50:51.600+0900][1.699s][info][gc,cpu         ] GC(136) User=0.00s Sys=0.00s Real=0.00s
[2026-03-22T19:50:51.606+0900][1.706s][info][gc,start       ] GC(137) Pause Young (Allocation Failure)
[2026-03-22T19:50:51.611+0900][1.710s][info][gc,heap        ] GC(137) PSYoungGen: 116136K(116736K)->57632K(116736K) Eden: 58504K(58880K)->0K(58880K) From: 57632K(57856K)->57632K(57856K)
[2026-03-22T19:50:51.611+0900][1.710s][info][gc,heap        ] GC(137) ParOldGen: 103194K(349696K)->150402K(349696K)
[2026-03-22T19:50:51.611+0900][1.710s][info][gc,metaspace   ] GC(137) Metaspace: 341K(512K)->341K(512K) NonClass: 323K(384K)->323K(384K) Class: 17K(128K)->17K(128K)
[2026-03-22T19:50:51.611+0900][1.710s][info][gc             ] GC(137) Pause Young (Allocation Failure) 214M->203M(455M) 4.347ms
[2026-03-22T19:50:51.611+0900][1.710s][info][gc,cpu         ] GC(137) User=0.00s Sys=0.00s Real=0.01s
[2026-03-22T19:50:51.618+0900][1.717s][info][gc,start       ] GC(138) Pause Young (Allocation Failure)
[2026-03-22T19:50:51.623+0900][1.721s][info][gc,heap        ] GC(138) PSYoungGen: 116136K(116736K)->57632K(116736K) Eden: 58504K(58880K)->0K(58880K) From: 57632K(57856K)->57632K(57856K)
[2026-03-22T19:50:51.623+0900][1.721s][info][gc,heap        ] GC(138) ParOldGen: 150402K(349696K)->197611K(349696K)
[2026-03-22T19:50:51.623+0900][1.721s][info][gc,metaspace   ] GC(138) Metaspace: 341K(512K)->341K(512K) NonClass: 323K(384K)->323K(384K) Class: 17K(128K)->17K(128K)
[2026-03-22T19:50:51.623+0900][1.721s][info][gc             ] GC(138) Pause Young (Allocation Failure) 260M->249M(455M) 4.835ms
[2026-03-22T19:50:51.623+0900][1.721s][info][gc,cpu         ] GC(138) User=0.12s Sys=0.00s Real=0.00s
[2026-03-22T19:50:51.629+0900][1.728s][info][gc,start       ] GC(139) Pause Young (Allocation Failure)
[2026-03-22T19:50:51.634+0900][1.733s][info][gc,heap        ] GC(139) PSYoungGen: 116136K(116736K)->57632K(116736K) Eden: 58504K(58880K)->0K(58880K) From: 57632K(57856K)->57632K(57856K)
[2026-03-22T19:50:51.634+0900][1.733s][info][gc,heap        ] GC(139) ParOldGen: 197611K(349696K)->244819K(349696K)
[2026-03-22T19:50:51.634+0900][1.733s][info][gc,metaspace   ] GC(139) Metaspace: 341K(512K)->341K(512K) NonClass: 323K(384K)->323K(384K) Class: 17K(128K)->17K(128K)
[2026-03-22T19:50:51.634+0900][1.733s][info][gc             ] GC(139) Pause Young (Allocation Failure) 306M->295M(455M) 4.770ms
[2026-03-22T19:50:51.634+0900][1.733s][info][gc,cpu         ] GC(139) User=0.00s Sys=0.00s Real=0.01s
[2026-03-22T19:50:51.640+0900][1.739s][info][gc,start       ] GC(140) Pause Young (Allocation Failure)
[2026-03-22T19:50:51.645+0900][1.744s][info][gc,heap        ] GC(140) PSYoungGen: 116136K(116736K)->57632K(116736K) Eden: 58504K(58880K)->0K(58880K) From: 57632K(57856K)->57632K(57856K)
[2026-03-22T19:50:51.645+0900][1.744s][info][gc,heap        ] GC(140) ParOldGen: 244819K(349696K)->292028K(349696K)
[2026-03-22T19:50:51.645+0900][1.744s][info][gc,metaspace   ] GC(140) Metaspace: 341K(512K)->341K(512K) NonClass: 323K(384K)->323K(384K) Class: 17K(128K)->17K(128K)
[2026-03-22T19:50:51.645+0900][1.744s][info][gc             ] GC(140) Pause Young (Allocation Failure) 352M->341M(455M) 4.535ms
[2026-03-22T19:50:51.645+0900][1.744s][info][gc,cpu         ] GC(140) User=0.00s Sys=0.00s Real=0.00s
[2026-03-22T19:50:51.652+0900][1.751s][info][gc,start       ] GC(141) Pause Full (Ergonomics)
[2026-03-22T19:50:51.652+0900][1.751s][info][gc,phases,start] GC(141) Marking Phase
[2026-03-22T19:50:51.654+0900][1.753s][info][gc,phases      ] GC(141) Marking Phase 1.565ms
[2026-03-22T19:50:51.654+0900][1.753s][info][gc,phases,start] GC(141) Summary Phase
[2026-03-22T19:50:51.654+0900][1.753s][info][gc,phases      ] GC(141) Summary Phase 0.030ms
[2026-03-22T19:50:51.654+0900][1.753s][info][gc,phases,start] GC(141) Adjust Roots
[2026-03-22T19:50:51.655+0900][1.753s][info][gc,phases      ] GC(141) Adjust Roots 0.370ms
[2026-03-22T19:50:51.655+0900][1.753s][info][gc,phases,start] GC(141) Compaction Phase
[2026-03-22T19:50:51.659+0900][1.758s][info][gc,phases      ] GC(141) Compaction Phase 4.842ms
[2026-03-22T19:50:51.659+0900][1.758s][info][gc,phases,start] GC(141) Post Compact
[2026-03-22T19:50:51.661+0900][1.760s][info][gc,phases      ] GC(141) Post Compact 1.500ms
[2026-03-22T19:50:51.661+0900][1.760s][info][gc,heap        ] GC(141) PSYoungGen: 116136K(116736K)->0K(116736K) Eden: 58504K(58880K)->0K(58880K) From: 57632K(57856K)->0K(57856K)
[2026-03-22T19:50:51.661+0900][1.760s][info][gc,heap        ] GC(141) ParOldGen: 292028K(349696K)->103429K(349696K)
[2026-03-22T19:50:51.661+0900][1.760s][info][gc,metaspace   ] GC(141) Metaspace: 341K(512K)->341K(512K) NonClass: 323K(384K)->323K(384K) Class: 17K(128K)->17K(128K)
[2026-03-22T19:50:51.661+0900][1.760s][info][gc             ] GC(141) Pause Full (Ergonomics) 398M->101M(455M) 8.875ms
[2026-03-22T19:50:51.661+0900][1.760s][info][gc,cpu         ] GC(141) User=0.00s Sys=0.00s Real=0.01s
[2026-03-22T19:50:51.668+0900][1.767s][info][gc,start       ] GC(142) Pause Young (Allocation Failure)
[2026-03-22T19:50:51.671+0900][1.769s][info][gc,heap        ] GC(142) PSYoungGen: 58504K(116736K)->57632K(116736K) Eden: 58504K(58880K)->0K(58880K) From: 0K(57856K)->57632K(57856K)
[2026-03-22T19:50:51.671+0900][1.769s][info][gc,heap        ] GC(142) ParOldGen: 103429K(349696K)->103429K(349696K)
[2026-03-22T19:50:51.671+0900][1.770s][info][gc,metaspace   ] GC(142) Metaspace: 341K(512K)->341K(512K) NonClass: 323K(384K)->323K(384K) Class: 17K(128K)->17K(128K)
[2026-03-22T19:50:51.671+0900][1.770s][info][gc             ] GC(142) Pause Young (Allocation Failure) 158M->157M(455M) 3.015ms
[2026-03-22T19:50:51.671+0900][1.770s][info][gc,cpu         ] GC(142) User=0.00s Sys=0.00s Real=0.00s
[2026-03-22T19:50:51.677+0900][1.776s][info][gc,start       ] GC(143) Pause Young (Allocation Failure)
[2026-03-22T19:50:51.681+0900][1.780s][info][gc,heap        ] GC(143) PSYoungGen: 116136K(116736K)->57632K(116736K) Eden: 58504K(58880K)->0K(58880K) From: 57632K(57856K)->57632K(57856K)
[2026-03-22T19:50:51.681+0900][1.780s][info][gc,heap        ] GC(143) ParOldGen: 103429K(349696K)->150638K(349696K)
[2026-03-22T19:50:51.681+0900][1.780s][info][gc,metaspace   ] GC(143) Metaspace: 341K(512K)->341K(512K) NonClass: 323K(384K)->323K(384K) Class: 17K(128K)->17K(128K)
[2026-03-22T19:50:51.681+0900][1.780s][info][gc             ] GC(143) Pause Young (Allocation Failure) 214M->203M(455M) 4.554ms
[2026-03-22T19:50:51.681+0900][1.780s][info][gc,cpu         ] GC(143) User=0.09s Sys=0.00s Real=0.00s
[2026-03-22T19:50:51.689+0900][1.787s][info][gc,start       ] GC(144) Pause Young (Allocation Failure)
[2026-03-22T19:50:51.693+0900][1.792s][info][gc,heap        ] GC(144) PSYoungGen: 116136K(116736K)->57632K(116736K) Eden: 58504K(58880K)->0K(58880K) From: 57632K(57856K)->57632K(57856K)
[2026-03-22T19:50:51.693+0900][1.792s][info][gc,heap        ] GC(144) ParOldGen: 150638K(349696K)->197846K(349696K)
[2026-03-22T19:50:51.693+0900][1.792s][info][gc,metaspace   ] GC(144) Metaspace: 341K(512K)->341K(512K) NonClass: 323K(384K)->323K(384K) Class: 17K(128K)->17K(128K)
[2026-03-22T19:50:51.693+0900][1.792s][info][gc             ] GC(144) Pause Young (Allocation Failure) 260M->249M(455M) 4.611ms
[2026-03-22T19:50:51.693+0900][1.792s][info][gc,cpu         ] GC(144) User=0.00s Sys=0.00s Real=0.00s
[2026-03-22T19:50:51.700+0900][1.799s][info][gc,start       ] GC(145) Pause Young (Allocation Failure)
[2026-03-22T19:50:51.705+0900][1.803s][info][gc,heap        ] GC(145) PSYoungGen: 116136K(116736K)->57632K(116736K) Eden: 58504K(58880K)->0K(58880K) From: 57632K(57856K)->57632K(57856K)
[2026-03-22T19:50:51.705+0900][1.804s][info][gc,heap        ] GC(145) ParOldGen: 197846K(349696K)->245063K(349696K)
[2026-03-22T19:50:51.705+0900][1.804s][info][gc,metaspace   ] GC(145) Metaspace: 341K(512K)->341K(512K) NonClass: 323K(384K)->323K(384K) Class: 17K(128K)->17K(128K)
[2026-03-22T19:50:51.705+0900][1.804s][info][gc             ] GC(145) Pause Young (Allocation Failure) 306M->295M(455M) 5.005ms
[2026-03-22T19:50:51.705+0900][1.804s][info][gc,cpu         ] GC(145) User=0.00s Sys=0.00s Real=0.00s
[2026-03-22T19:50:51.711+0900][1.810s][info][gc,start       ] GC(146) Pause Young (Allocation Failure)
[2026-03-22T19:50:51.716+0900][1.815s][info][gc,heap        ] GC(146) PSYoungGen: 116136K(116736K)->57632K(116736K) Eden: 58504K(58880K)->0K(58880K) From: 57632K(57856K)->57632K(57856K)
[2026-03-22T19:50:51.716+0900][1.815s][info][gc,heap        ] GC(146) ParOldGen: 245063K(349696K)->292271K(349696K)
[2026-03-22T19:50:51.716+0900][1.815s][info][gc,metaspace   ] GC(146) Metaspace: 341K(512K)->341K(512K) NonClass: 323K(384K)->323K(384K) Class: 17K(128K)->17K(128K)
[2026-03-22T19:50:51.716+0900][1.815s][info][gc             ] GC(146) Pause Young (Allocation Failure) 352M->341M(455M) 4.796ms
[2026-03-22T19:50:51.716+0900][1.815s][info][gc,cpu         ] GC(146) User=0.09s Sys=0.02s Real=0.01s
[2026-03-22T19:50:51.722+0900][1.821s][info][gc,start       ] GC(147) Pause Full (Ergonomics)
[2026-03-22T19:50:51.722+0900][1.821s][info][gc,phases,start] GC(147) Marking Phase
[2026-03-22T19:50:51.723+0900][1.822s][info][gc,phases      ] GC(147) Marking Phase 1.454ms
[2026-03-22T19:50:51.723+0900][1.823s][info][gc,phases,start] GC(147) Summary Phase
[2026-03-22T19:50:51.723+0900][1.823s][info][gc,phases      ] GC(147) Summary Phase 0.017ms
[2026-03-22T19:50:51.723+0900][1.823s][info][gc,phases,start] GC(147) Adjust Roots
[2026-03-22T19:50:51.724+0900][1.823s][info][gc,phases      ] GC(147) Adjust Roots 0.247ms
[2026-03-22T19:50:51.724+0900][1.823s][info][gc,phases,start] GC(147) Compaction Phase
[2026-03-22T19:50:51.729+0900][1.828s][info][gc,phases      ] GC(147) Compaction Phase 5.264ms
[2026-03-22T19:50:51.729+0900][1.828s][info][gc,phases,start] GC(147) Post Compact
[2026-03-22T19:50:51.730+0900][1.829s][info][gc,phases      ] GC(147) Post Compact 1.327ms
[2026-03-22T19:50:51.730+0900][1.830s][info][gc,heap        ] GC(147) PSYoungGen: 116136K(116736K)->0K(116736K) Eden: 58504K(58880K)->0K(58880K) From: 57632K(57856K)->0K(57856K)
[2026-03-22T19:50:51.730+0900][1.830s][info][gc,heap        ] GC(147) ParOldGen: 292271K(349696K)->103429K(349696K)
[2026-03-22T19:50:51.730+0900][1.830s][info][gc,metaspace   ] GC(147) Metaspace: 341K(512K)->341K(512K) NonClass: 323K(384K)->323K(384K) Class: 17K(128K)->17K(128K)
[2026-03-22T19:50:51.730+0900][1.830s][info][gc             ] GC(147) Pause Full (Ergonomics) 398M->101M(455M) 8.617ms
[2026-03-22T19:50:51.730+0900][1.830s][info][gc,cpu         ] GC(147) User=0.12s Sys=0.00s Real=0.01s
[2026-03-22T19:50:51.736+0900][1.836s][info][gc,start       ] GC(148) Pause Young (Allocation Failure)
[2026-03-22T19:50:51.739+0900][1.838s][info][gc,heap        ] GC(148) PSYoungGen: 58504K(116736K)->57632K(116736K) Eden: 58504K(58880K)->0K(58880K) From: 0K(57856K)->57632K(57856K)
[2026-03-22T19:50:51.739+0900][1.838s][info][gc,heap        ] GC(148) ParOldGen: 103429K(349696K)->103429K(349696K)
[2026-03-22T19:50:51.739+0900][1.838s][info][gc,metaspace   ] GC(148) Metaspace: 341K(512K)->341K(512K) NonClass: 323K(384K)->323K(384K) Class: 17K(128K)->17K(128K)
[2026-03-22T19:50:51.739+0900][1.838s][info][gc             ] GC(148) Pause Young (Allocation Failure) 158M->157M(455M) 2.719ms
[2026-03-22T19:50:51.739+0900][1.838s][info][gc,cpu         ] GC(148) User=0.00s Sys=0.00s Real=0.00s
[2026-03-22T19:50:51.745+0900][1.844s][info][gc,start       ] GC(149) Pause Young (Allocation Failure)
[2026-03-22T19:50:51.749+0900][1.848s][info][gc,heap        ] GC(149) PSYoungGen: 116136K(116736K)->57632K(116736K) Eden: 58504K(58880K)->0K(58880K) From: 57632K(57856K)->57632K(57856K)
[2026-03-22T19:50:51.749+0900][1.848s][info][gc,heap        ] GC(149) ParOldGen: 103429K(349696K)->150638K(349696K)
[2026-03-22T19:50:51.749+0900][1.848s][info][gc,metaspace   ] GC(149) Metaspace: 341K(512K)->341K(512K) NonClass: 323K(384K)->323K(384K) Class: 17K(128K)->17K(128K)
[2026-03-22T19:50:51.749+0900][1.848s][info][gc             ] GC(149) Pause Young (Allocation Failure) 214M->203M(455M) 4.220ms
[2026-03-22T19:50:51.749+0900][1.848s][info][gc,cpu         ] GC(149) User=0.00s Sys=0.00s Real=0.00s
[2026-03-22T19:50:51.755+0900][1.854s][info][gc,start       ] GC(150) Pause Young (Allocation Failure)
[2026-03-22T19:50:51.760+0900][1.858s][info][gc,heap        ] GC(150) PSYoungGen: 116136K(116736K)->57632K(116736K) Eden: 58504K(58880K)->0K(58880K) From: 57632K(57856K)->57632K(57856K)
[2026-03-22T19:50:51.760+0900][1.858s][info][gc,heap        ] GC(150) ParOldGen: 150638K(349696K)->197846K(349696K)
[2026-03-22T19:50:51.760+0900][1.858s][info][gc,metaspace   ] GC(150) Metaspace: 341K(512K)->341K(512K) NonClass: 323K(384K)->323K(384K) Class: 17K(128K)->17K(128K)
[2026-03-22T19:50:51.760+0900][1.858s][info][gc             ] GC(150) Pause Young (Allocation Failure) 260M->249M(455M) 4.253ms
[2026-03-22T19:50:51.760+0900][1.858s][info][gc,cpu         ] GC(150) User=0.03s Sys=0.00s Real=0.00s
[2026-03-22T19:50:51.766+0900][1.864s][info][gc,start       ] GC(151) Pause Young (Allocation Failure)
[2026-03-22T19:50:51.770+0900][1.868s][info][gc,heap        ] GC(151) PSYoungGen: 116136K(116736K)->57632K(116736K) Eden: 58504K(58880K)->0K(58880K) From: 57632K(57856K)->57632K(57856K)
[2026-03-22T19:50:51.770+0900][1.868s][info][gc,heap        ] GC(151) ParOldGen: 197846K(349696K)->245063K(349696K)
[2026-03-22T19:50:51.770+0900][1.868s][info][gc,metaspace   ] GC(151) Metaspace: 341K(512K)->341K(512K) NonClass: 323K(384K)->323K(384K) Class: 17K(128K)->17K(128K)
[2026-03-22T19:50:51.770+0900][1.868s][info][gc             ] GC(151) Pause Young (Allocation Failure) 306M->295M(455M) 4.089ms
[2026-03-22T19:50:51.770+0900][1.868s][info][gc,cpu         ] GC(151) User=0.00s Sys=0.00s Real=0.00s
[2026-03-22T19:50:51.776+0900][1.875s][info][gc,start       ] GC(152) Pause Young (Allocation Failure)
[2026-03-22T19:50:51.780+0900][1.879s][info][gc,heap        ] GC(152) PSYoungGen: 116136K(116736K)->57632K(116736K) Eden: 58504K(58880K)->0K(58880K) From: 57632K(57856K)->57632K(57856K)
[2026-03-22T19:50:51.780+0900][1.879s][info][gc,heap        ] GC(152) ParOldGen: 245063K(349696K)->292271K(349696K)
[2026-03-22T19:50:51.780+0900][1.879s][info][gc,metaspace   ] GC(152) Metaspace: 341K(512K)->341K(512K) NonClass: 323K(384K)->323K(384K) Class: 17K(128K)->17K(128K)
[2026-03-22T19:50:51.780+0900][1.879s][info][gc             ] GC(152) Pause Young (Allocation Failure) 352M->341M(455M) 4.261ms
[2026-03-22T19:50:51.780+0900][1.879s][info][gc,cpu         ] GC(152) User=0.00s Sys=0.00s Real=0.00s
[2026-03-22T19:50:51.786+0900][1.885s][info][gc,start       ] GC(153) Pause Full (Ergonomics)
[2026-03-22T19:50:51.787+0900][1.885s][info][gc,phases,start] GC(153) Marking Phase
[2026-03-22T19:50:51.788+0900][1.887s][info][gc,phases      ] GC(153) Marking Phase 1.403ms
[2026-03-22T19:50:51.788+0900][1.887s][info][gc,phases,start] GC(153) Summary Phase
[2026-03-22T19:50:51.788+0900][1.887s][info][gc,phases      ] GC(153) Summary Phase 0.017ms
[2026-03-22T19:50:51.788+0900][1.887s][info][gc,phases,start] GC(153) Adjust Roots
[2026-03-22T19:50:51.788+0900][1.887s][info][gc,phases      ] GC(153) Adjust Roots 0.415ms
[2026-03-22T19:50:51.788+0900][1.887s][info][gc,phases,start] GC(153) Compaction Phase
[2026-03-22T19:50:51.793+0900][1.892s][info][gc,phases      ] GC(153) Compaction Phase 4.841ms
[2026-03-22T19:50:51.793+0900][1.892s][info][gc,phases,start] GC(153) Post Compact
[2026-03-22T19:50:51.795+0900][1.893s][info][gc,phases      ] GC(153) Post Compact 1.386ms
[2026-03-22T19:50:51.795+0900][1.893s][info][gc,heap        ] GC(153) PSYoungGen: 116136K(116736K)->0K(116736K) Eden: 58504K(58880K)->0K(58880K) From: 57632K(57856K)->0K(57856K)
[2026-03-22T19:50:51.795+0900][1.894s][info][gc,heap        ] GC(153) ParOldGen: 292271K(349696K)->103429K(349696K)
[2026-03-22T19:50:51.795+0900][1.894s][info][gc,metaspace   ] GC(153) Metaspace: 341K(512K)->341K(512K) NonClass: 323K(384K)->323K(384K) Class: 17K(128K)->17K(128K)
[2026-03-22T19:50:51.795+0900][1.894s][info][gc             ] GC(153) Pause Full (Ergonomics) 398M->101M(455M) 8.497ms
[2026-03-22T19:50:51.795+0900][1.894s][info][gc,cpu         ] GC(153) User=0.12s Sys=0.00s Real=0.01s
[2026-03-22T19:50:51.801+0900][1.899s][info][gc,start       ] GC(154) Pause Young (Allocation Failure)
[2026-03-22T19:50:51.804+0900][1.902s][info][gc,heap        ] GC(154) PSYoungGen: 58504K(116736K)->57632K(116736K) Eden: 58504K(58880K)->0K(58880K) From: 0K(57856K)->57632K(57856K)
[2026-03-22T19:50:51.804+0900][1.902s][info][gc,heap        ] GC(154) ParOldGen: 103429K(349696K)->103429K(349696K)
[2026-03-22T19:50:51.804+0900][1.902s][info][gc,metaspace   ] GC(154) Metaspace: 341K(512K)->341K(512K) NonClass: 323K(384K)->323K(384K) Class: 17K(128K)->17K(128K)
[2026-03-22T19:50:51.804+0900][1.902s][info][gc             ] GC(154) Pause Young (Allocation Failure) 158M->157M(455M) 2.681ms
[2026-03-22T19:50:51.804+0900][1.902s][info][gc,cpu         ] GC(154) User=0.00s Sys=0.00s Real=0.00s
[2026-03-22T19:50:51.810+0900][1.908s][info][gc,start       ] GC(155) Pause Young (Allocation Failure)
[2026-03-22T19:50:51.814+0900][1.912s][info][gc,heap        ] GC(155) PSYoungGen: 116136K(116736K)->57632K(116736K) Eden: 58504K(58880K)->0K(58880K) From: 57632K(57856K)->57632K(57856K)
[2026-03-22T19:50:51.814+0900][1.912s][info][gc,heap        ] GC(155) ParOldGen: 103429K(349696K)->150638K(349696K)
[2026-03-22T19:50:51.814+0900][1.912s][info][gc,metaspace   ] GC(155) Metaspace: 341K(512K)->341K(512K) NonClass: 323K(384K)->323K(384K) Class: 17K(128K)->17K(128K)
[2026-03-22T19:50:51.814+0900][1.912s][info][gc             ] GC(155) Pause Young (Allocation Failure) 214M->203M(455M) 4.500ms
[2026-03-22T19:50:51.814+0900][1.912s][info][gc,cpu         ] GC(155) User=0.00s Sys=0.00s Real=0.00s
[2026-03-22T19:50:51.821+0900][1.919s][info][gc,start       ] GC(156) Pause Young (Allocation Failure)
[2026-03-22T19:50:51.825+0900][1.923s][info][gc,heap        ] GC(156) PSYoungGen: 116136K(116736K)->57632K(116736K) Eden: 58504K(58880K)->0K(58880K) From: 57632K(57856K)->57632K(57856K)
[2026-03-22T19:50:51.825+0900][1.923s][info][gc,heap        ] GC(156) ParOldGen: 150638K(349696K)->197846K(349696K)
[2026-03-22T19:50:51.825+0900][1.923s][info][gc,metaspace   ] GC(156) Metaspace: 341K(512K)->341K(512K) NonClass: 323K(384K)->323K(384K) Class: 17K(128K)->17K(128K)
[2026-03-22T19:50:51.825+0900][1.923s][info][gc             ] GC(156) Pause Young (Allocation Failure) 260M->249M(455M) 4.224ms
[2026-03-22T19:50:51.825+0900][1.923s][info][gc,cpu         ] GC(156) User=0.12s Sys=0.00s Real=0.00s
[2026-03-22T19:50:51.831+0900][1.929s][info][gc,start       ] GC(157) Pause Young (Allocation Failure)
[2026-03-22T19:50:51.835+0900][1.933s][info][gc,heap        ] GC(157) PSYoungGen: 116136K(116736K)->57632K(116736K) Eden: 58504K(58880K)->0K(58880K) From: 57632K(57856K)->57632K(57856K)
[2026-03-22T19:50:51.835+0900][1.933s][info][gc,heap        ] GC(157) ParOldGen: 197846K(349696K)->245063K(349696K)
[2026-03-22T19:50:51.835+0900][1.933s][info][gc,metaspace   ] GC(157) Metaspace: 341K(512K)->341K(512K) NonClass: 323K(384K)->323K(384K) Class: 17K(128K)->17K(128K)
[2026-03-22T19:50:51.835+0900][1.933s][info][gc             ] GC(157) Pause Young (Allocation Failure) 306M->295M(455M) 4.140ms
[2026-03-22T19:50:51.835+0900][1.933s][info][gc,cpu         ] GC(157) User=0.00s Sys=0.00s Real=0.00s
[2026-03-22T19:50:51.841+0900][1.939s][info][gc,start       ] GC(158) Pause Young (Allocation Failure)
[2026-03-22T19:50:51.845+0900][1.943s][info][gc,heap        ] GC(158) PSYoungGen: 116136K(116736K)->57632K(116736K) Eden: 58504K(58880K)->0K(58880K) From: 57632K(57856K)->57632K(57856K)
[2026-03-22T19:50:51.845+0900][1.943s][info][gc,heap        ] GC(158) ParOldGen: 245063K(349696K)->292271K(349696K)
[2026-03-22T19:50:51.845+0900][1.943s][info][gc,metaspace   ] GC(158) Metaspace: 341K(512K)->341K(512K) NonClass: 323K(384K)->323K(384K) Class: 17K(128K)->17K(128K)
[2026-03-22T19:50:51.845+0900][1.943s][info][gc             ] GC(158) Pause Young (Allocation Failure) 352M->341M(455M) 4.221ms
[2026-03-22T19:50:51.845+0900][1.944s][info][gc,cpu         ] GC(158) User=0.00s Sys=0.00s Real=0.00s
[2026-03-22T19:50:51.851+0900][1.950s][info][gc,start       ] GC(159) Pause Full (Ergonomics)
[2026-03-22T19:50:51.851+0900][1.950s][info][gc,phases,start] GC(159) Marking Phase
[2026-03-22T19:50:51.853+0900][1.952s][info][gc,phases      ] GC(159) Marking Phase 1.933ms
[2026-03-22T19:50:51.853+0900][1.952s][info][gc,phases,start] GC(159) Summary Phase
[2026-03-22T19:50:51.853+0900][1.952s][info][gc,phases      ] GC(159) Summary Phase 0.034ms
[2026-03-22T19:50:51.853+0900][1.952s][info][gc,phases,start] GC(159) Adjust Roots
[2026-03-22T19:50:51.855+0900][1.953s][info][gc,phases      ] GC(159) Adjust Roots 0.783ms
[2026-03-22T19:50:51.855+0900][1.953s][info][gc,phases,start] GC(159) Compaction Phase
[2026-03-22T19:50:51.859+0900][1.958s][info][gc,phases      ] GC(159) Compaction Phase 4.753ms
[2026-03-22T19:50:51.859+0900][1.958s][info][gc,phases,start] GC(159) Post Compact
[2026-03-22T19:50:51.860+0900][1.959s][info][gc,phases      ] GC(159) Post Compact 1.342ms
[2026-03-22T19:50:51.860+0900][1.959s][info][gc,heap        ] GC(159) PSYoungGen: 116136K(116736K)->0K(116736K) Eden: 58504K(58880K)->0K(58880K) From: 57632K(57856K)->0K(57856K)
[2026-03-22T19:50:51.860+0900][1.959s][info][gc,heap        ] GC(159) ParOldGen: 292271K(349696K)->103429K(349696K)
[2026-03-22T19:50:51.860+0900][1.959s][info][gc,metaspace   ] GC(159) Metaspace: 341K(512K)->341K(512K) NonClass: 323K(384K)->323K(384K) Class: 17K(128K)->17K(128K)
[2026-03-22T19:50:51.860+0900][1.959s][info][gc             ] GC(159) Pause Full (Ergonomics) 398M->101M(455M) 9.198ms
[2026-03-22T19:50:51.860+0900][1.959s][info][gc,cpu         ] GC(159) User=0.02s Sys=0.00s Real=0.01s
[2026-03-22T19:50:51.867+0900][1.965s][info][gc,start       ] GC(160) Pause Young (Allocation Failure)
[2026-03-22T19:50:51.870+0900][1.968s][info][gc,heap        ] GC(160) PSYoungGen: 58504K(116736K)->57632K(116736K) Eden: 58504K(58880K)->0K(58880K) From: 0K(57856K)->57632K(57856K)
[2026-03-22T19:50:51.870+0900][1.968s][info][gc,heap        ] GC(160) ParOldGen: 103429K(349696K)->103429K(349696K)
[2026-03-22T19:50:51.870+0900][1.968s][info][gc,metaspace   ] GC(160) Metaspace: 341K(512K)->341K(512K) NonClass: 323K(384K)->323K(384K) Class: 17K(128K)->17K(128K)
[2026-03-22T19:50:51.870+0900][1.968s][info][gc             ] GC(160) Pause Young (Allocation Failure) 158M->157M(455M) 2.594ms
[2026-03-22T19:50:51.870+0900][1.968s][info][gc,cpu         ] GC(160) User=0.08s Sys=0.00s Real=0.00s
[2026-03-22T19:50:51.876+0900][1.974s][info][gc,start       ] GC(161) Pause Young (Allocation Failure)
[2026-03-22T19:50:51.879+0900][1.978s][info][gc,heap        ] GC(161) PSYoungGen: 116136K(116736K)->57632K(116736K) Eden: 58504K(58880K)->0K(58880K) From: 57632K(57856K)->57632K(57856K)
[2026-03-22T19:50:51.879+0900][1.978s][info][gc,heap        ] GC(161) ParOldGen: 103429K(349696K)->150638K(349696K)
[2026-03-22T19:50:51.879+0900][1.978s][info][gc,metaspace   ] GC(161) Metaspace: 341K(512K)->341K(512K) NonClass: 323K(384K)->323K(384K) Class: 17K(128K)->17K(128K)
[2026-03-22T19:50:51.879+0900][1.978s][info][gc             ] GC(161) Pause Young (Allocation Failure) 214M->203M(455M) 3.974ms
[2026-03-22T19:50:51.879+0900][1.978s][info][gc,cpu         ] GC(161) User=0.00s Sys=0.00s Real=0.00s
[2026-03-22T19:50:51.886+0900][1.985s][info][gc,start       ] GC(162) Pause Young (Allocation Failure)
[2026-03-22T19:50:51.890+0900][1.989s][info][gc,heap        ] GC(162) PSYoungGen: 116136K(116736K)->57632K(116736K) Eden: 58504K(58880K)->0K(58880K) From: 57632K(57856K)->57632K(57856K)
[2026-03-22T19:50:51.891+0900][1.989s][info][gc,heap        ] GC(162) ParOldGen: 150638K(349696K)->197846K(349696K)
[2026-03-22T19:50:51.891+0900][1.989s][info][gc,metaspace   ] GC(162) Metaspace: 341K(512K)->341K(512K) NonClass: 323K(384K)->323K(384K) Class: 17K(128K)->17K(128K)
[2026-03-22T19:50:51.891+0900][1.989s][info][gc             ] GC(162) Pause Young (Allocation Failure) 260M->249M(455M) 4.266ms
[2026-03-22T19:50:51.891+0900][1.989s][info][gc,cpu         ] GC(162) User=0.00s Sys=0.00s Real=0.01s
[2026-03-22T19:50:51.897+0900][1.996s][info][gc,start       ] GC(163) Pause Young (Allocation Failure)
[2026-03-22T19:50:51.900+0900][2.000s][info][gc,heap        ] GC(163) PSYoungGen: 116136K(116736K)->57632K(116736K) Eden: 58504K(58880K)->0K(58880K) From: 57632K(57856K)->57632K(57856K)
[2026-03-22T19:50:51.900+0900][2.000s][info][gc,heap        ] GC(163) ParOldGen: 197846K(349696K)->245063K(349696K)
[2026-03-22T19:50:51.902+0900][2.000s][info][gc,metaspace   ] GC(163) Metaspace: 341K(512K)->341K(512K) NonClass: 323K(384K)->323K(384K) Class: 17K(128K)->17K(128K)
[2026-03-22T19:50:51.902+0900][2.000s][info][gc             ] GC(163) Pause Young (Allocation Failure) 306M->295M(455M) 4.274ms
[2026-03-22T19:50:51.902+0900][2.000s][info][gc,cpu         ] GC(163) User=0.09s Sys=0.02s Real=0.00s
[2026-03-22T19:50:51.908+0900][2.006s][info][gc,start       ] GC(164) Pause Young (Allocation Failure)
[2026-03-22T19:50:51.912+0900][2.010s][info][gc,heap        ] GC(164) PSYoungGen: 116136K(116736K)->57632K(116736K) Eden: 58504K(58880K)->0K(58880K) From: 57632K(57856K)->57632K(57856K)
[2026-03-22T19:50:51.912+0900][2.010s][info][gc,heap        ] GC(164) ParOldGen: 245063K(349696K)->292271K(349696K)
[2026-03-22T19:50:51.912+0900][2.010s][info][gc,metaspace   ] GC(164) Metaspace: 341K(512K)->341K(512K) NonClass: 323K(384K)->323K(384K) Class: 17K(128K)->17K(128K)
[2026-03-22T19:50:51.912+0900][2.010s][info][gc             ] GC(164) Pause Young (Allocation Failure) 352M->341M(455M) 4.223ms
[2026-03-22T19:50:51.912+0900][2.010s][info][gc,cpu         ] GC(164) User=0.00s Sys=0.00s Real=0.00s
[2026-03-22T19:50:51.918+0900][2.017s][info][gc,start       ] GC(165) Pause Full (Ergonomics)
[2026-03-22T19:50:51.918+0900][2.017s][info][gc,phases,start] GC(165) Marking Phase
[2026-03-22T19:50:51.920+0900][2.019s][info][gc,phases      ] GC(165) Marking Phase 1.783ms
[2026-03-22T19:50:51.920+0900][2.019s][info][gc,phases,start] GC(165) Summary Phase
[2026-03-22T19:50:51.920+0900][2.019s][info][gc,phases      ] GC(165) Summary Phase 0.021ms
[2026-03-22T19:50:51.920+0900][2.019s][info][gc,phases,start] GC(165) Adjust Roots
[2026-03-22T19:50:51.920+0900][2.019s][info][gc,phases      ] GC(165) Adjust Roots 0.361ms
[2026-03-22T19:50:51.920+0900][2.019s][info][gc,phases,start] GC(165) Compaction Phase
[2026-03-22T19:50:51.926+0900][2.024s][info][gc,phases      ] GC(165) Compaction Phase 5.013ms
[2026-03-22T19:50:51.926+0900][2.024s][info][gc,phases,start] GC(165) Post Compact
[2026-03-22T19:50:51.927+0900][2.026s][info][gc,phases      ] GC(165) Post Compact 1.732ms
[2026-03-22T19:50:51.927+0900][2.026s][info][gc,heap        ] GC(165) PSYoungGen: 116136K(116736K)->0K(116736K) Eden: 58504K(58880K)->0K(58880K) From: 57632K(57856K)->0K(57856K)
[2026-03-22T19:50:51.927+0900][2.026s][info][gc,heap        ] GC(165) ParOldGen: 292271K(349696K)->103429K(349696K)
[2026-03-22T19:50:51.927+0900][2.026s][info][gc,metaspace   ] GC(165) Metaspace: 341K(512K)->341K(512K) NonClass: 323K(384K)->323K(384K) Class: 17K(128K)->17K(128K)
[2026-03-22T19:50:51.927+0900][2.026s][info][gc             ] GC(165) Pause Full (Ergonomics) 398M->101M(455M) 9.278ms
[2026-03-22T19:50:51.927+0900][2.026s][info][gc,cpu         ] GC(165) User=0.00s Sys=0.00s Real=0.01s
[2026-03-22T19:50:51.933+0900][2.032s][info][gc,start       ] GC(166) Pause Young (Allocation Failure)
[2026-03-22T19:50:51.936+0900][2.035s][info][gc,heap        ] GC(166) PSYoungGen: 58504K(116736K)->57632K(116736K) Eden: 58504K(58880K)->0K(58880K) From: 0K(57856K)->57632K(57856K)
[2026-03-22T19:50:51.936+0900][2.035s][info][gc,heap        ] GC(166) ParOldGen: 103429K(349696K)->103429K(349696K)
[2026-03-22T19:50:51.936+0900][2.035s][info][gc,metaspace   ] GC(166) Metaspace: 341K(512K)->341K(512K) NonClass: 323K(384K)->323K(384K) Class: 17K(128K)->17K(128K)
[2026-03-22T19:50:51.936+0900][2.035s][info][gc             ] GC(166) Pause Young (Allocation Failure) 158M->157M(455M) 3.145ms
[2026-03-22T19:50:51.936+0900][2.035s][info][gc,cpu         ] GC(166) User=0.00s Sys=0.00s Real=0.00s
[2026-03-22T19:50:51.942+0900][2.042s][info][gc,start       ] GC(167) Pause Young (Allocation Failure)
[2026-03-22T19:50:51.947+0900][2.046s][info][gc,heap        ] GC(167) PSYoungGen: 116136K(116736K)->57632K(116736K) Eden: 58504K(58880K)->0K(58880K) From: 57632K(57856K)->57632K(57856K)
[2026-03-22T19:50:51.947+0900][2.046s][info][gc,heap        ] GC(167) ParOldGen: 103429K(349696K)->150638K(349696K)
[2026-03-22T19:50:51.947+0900][2.046s][info][gc,metaspace   ] GC(167) Metaspace: 341K(512K)->341K(512K) NonClass: 323K(384K)->323K(384K) Class: 17K(128K)->17K(128K)
[2026-03-22T19:50:51.947+0900][2.046s][info][gc             ] GC(167) Pause Young (Allocation Failure) 214M->203M(455M) 4.728ms
[2026-03-22T19:50:51.947+0900][2.046s][info][gc,cpu         ] GC(167) User=0.02s Sys=0.00s Real=0.01s
[2026-03-22T19:50:51.953+0900][2.053s][info][gc,start       ] GC(168) Pause Young (Allocation Failure)
[2026-03-22T19:50:51.958+0900][2.057s][info][gc,heap        ] GC(168) PSYoungGen: 116136K(116736K)->57632K(116736K) Eden: 58504K(58880K)->0K(58880K) From: 57632K(57856K)->57632K(57856K)
[2026-03-22T19:50:51.958+0900][2.057s][info][gc,heap        ] GC(168) ParOldGen: 150638K(349696K)->197846K(349696K)
[2026-03-22T19:50:51.958+0900][2.057s][info][gc,metaspace   ] GC(168) Metaspace: 341K(512K)->341K(512K) NonClass: 323K(384K)->323K(384K) Class: 17K(128K)->17K(128K)
[2026-03-22T19:50:51.958+0900][2.057s][info][gc             ] GC(168) Pause Young (Allocation Failure) 260M->249M(455M) 4.651ms
[2026-03-22T19:50:51.958+0900][2.057s][info][gc,cpu         ] GC(168) User=0.00s Sys=0.00s Real=0.00s
[2026-03-22T19:50:51.965+0900][2.064s][info][gc,start       ] GC(169) Pause Young (Allocation Failure)
[2026-03-22T19:50:51.969+0900][2.068s][info][gc,heap        ] GC(169) PSYoungGen: 116136K(116736K)->57632K(116736K) Eden: 58504K(58880K)->0K(58880K) From: 57632K(57856K)->57632K(57856K)
[2026-03-22T19:50:51.969+0900][2.068s][info][gc,heap        ] GC(169) ParOldGen: 197846K(349696K)->245063K(349696K)
[2026-03-22T19:50:51.969+0900][2.068s][info][gc,metaspace   ] GC(169) Metaspace: 341K(512K)->341K(512K) NonClass: 323K(384K)->323K(384K) Class: 17K(128K)->17K(128K)
[2026-03-22T19:50:51.969+0900][2.068s][info][gc             ] GC(169) Pause Young (Allocation Failure) 306M->295M(455M) 4.163ms
[2026-03-22T19:50:51.969+0900][2.068s][info][gc,cpu         ] GC(169) User=0.00s Sys=0.00s Real=0.00s
[2026-03-22T19:50:51.976+0900][2.075s][info][gc,start       ] GC(170) Pause Young (Allocation Failure)
[2026-03-22T19:50:51.980+0900][2.079s][info][gc,heap        ] GC(170) PSYoungGen: 116136K(116736K)->57632K(116736K) Eden: 58504K(58880K)->0K(58880K) From: 57632K(57856K)->57632K(57856K)
[2026-03-22T19:50:51.980+0900][2.079s][info][gc,heap        ] GC(170) ParOldGen: 245063K(349696K)->292271K(349696K)
[2026-03-22T19:50:51.980+0900][2.079s][info][gc,metaspace   ] GC(170) Metaspace: 341K(512K)->341K(512K) NonClass: 323K(384K)->323K(384K) Class: 17K(128K)->17K(128K)
[2026-03-22T19:50:51.980+0900][2.079s][info][gc             ] GC(170) Pause Young (Allocation Failure) 352M->341M(455M) 4.361ms
[2026-03-22T19:50:51.980+0900][2.079s][info][gc,cpu         ] GC(170) User=0.12s Sys=0.00s Real=0.00s
[2026-03-22T19:50:51.987+0900][2.086s][info][gc,start       ] GC(171) Pause Full (Ergonomics)
[2026-03-22T19:50:51.987+0900][2.086s][info][gc,phases,start] GC(171) Marking Phase
[2026-03-22T19:50:51.988+0900][2.088s][info][gc,phases      ] GC(171) Marking Phase 1.687ms
[2026-03-22T19:50:51.988+0900][2.088s][info][gc,phases,start] GC(171) Summary Phase
[2026-03-22T19:50:51.988+0900][2.088s][info][gc,phases      ] GC(171) Summary Phase 0.036ms
[2026-03-22T19:50:51.988+0900][2.088s][info][gc,phases,start] GC(171) Adjust Roots
[2026-03-22T19:50:51.988+0900][2.088s][info][gc,phases      ] GC(171) Adjust Roots 0.339ms
[2026-03-22T19:50:51.990+0900][2.088s][info][gc,phases,start] GC(171) Compaction Phase
[2026-03-22T19:50:51.995+0900][2.094s][info][gc,phases      ] GC(171) Compaction Phase 5.525ms
[2026-03-22T19:50:51.995+0900][2.094s][info][gc,phases,start] GC(171) Post Compact
[2026-03-22T19:50:51.997+0900][2.095s][info][gc,phases      ] GC(171) Post Compact 1.602ms
[2026-03-22T19:50:51.997+0900][2.095s][info][gc,heap        ] GC(171) PSYoungGen: 116136K(116736K)->0K(116736K) Eden: 58504K(58880K)->0K(58880K) From: 57632K(57856K)->0K(57856K)
[2026-03-22T19:50:51.997+0900][2.095s][info][gc,heap        ] GC(171) ParOldGen: 292271K(349696K)->103429K(349696K)
[2026-03-22T19:50:51.997+0900][2.096s][info][gc,metaspace   ] GC(171) Metaspace: 341K(512K)->341K(512K) NonClass: 323K(384K)->323K(384K) Class: 17K(128K)->17K(128K)
[2026-03-22T19:50:51.997+0900][2.096s][info][gc             ] GC(171) Pause Full (Ergonomics) 398M->101M(455M) 9.604ms
[2026-03-22T19:50:51.997+0900][2.096s][info][gc,cpu         ] GC(171) User=0.12s Sys=0.00s Real=0.01s
[2026-03-22T19:50:52.004+0900][2.103s][info][gc,start       ] GC(172) Pause Young (Allocation Failure)
[2026-03-22T19:50:52.006+0900][2.105s][info][gc,heap        ] GC(172) PSYoungGen: 58504K(116736K)->57632K(116736K) Eden: 58504K(58880K)->0K(58880K) From: 0K(57856K)->57632K(57856K)
[2026-03-22T19:50:52.006+0900][2.106s][info][gc,heap        ] GC(172) ParOldGen: 103429K(349696K)->103429K(349696K)
[2026-03-22T19:50:52.006+0900][2.106s][info][gc,metaspace   ] GC(172) Metaspace: 341K(512K)->341K(512K) NonClass: 323K(384K)->323K(384K) Class: 17K(128K)->17K(128K)
[2026-03-22T19:50:52.006+0900][2.106s][info][gc             ] GC(172) Pause Young (Allocation Failure) 158M->157M(455M) 2.895ms
[2026-03-22T19:50:52.006+0900][2.106s][info][gc,cpu         ] GC(172) User=0.00s Sys=0.00s Real=0.00s
[2026-03-22T19:50:52.013+0900][2.112s][info][gc,start       ] GC(173) Pause Young (Allocation Failure)
[2026-03-22T19:50:52.017+0900][2.117s][info][gc,heap        ] GC(173) PSYoungGen: 116136K(116736K)->57632K(116736K) Eden: 58504K(58880K)->0K(58880K) From: 57632K(57856K)->57632K(57856K)
[2026-03-22T19:50:52.017+0900][2.117s][info][gc,heap        ] GC(173) ParOldGen: 103429K(349696K)->150638K(349696K)
[2026-03-22T19:50:52.017+0900][2.117s][info][gc,metaspace   ] GC(173) Metaspace: 341K(512K)->341K(512K) NonClass: 323K(384K)->323K(384K) Class: 17K(128K)->17K(128K)
[2026-03-22T19:50:52.017+0900][2.117s][info][gc             ] GC(173) Pause Young (Allocation Failure) 214M->203M(455M) 4.379ms
[2026-03-22T19:50:52.017+0900][2.117s][info][gc,cpu         ] GC(173) User=0.00s Sys=0.00s Real=0.00s
[2026-03-22T19:50:52.025+0900][2.123s][info][gc,start       ] GC(174) Pause Young (Allocation Failure)
[2026-03-22T19:50:52.029+0900][2.128s][info][gc,heap        ] GC(174) PSYoungGen: 116136K(116736K)->57632K(116736K) Eden: 58504K(58880K)->0K(58880K) From: 57632K(57856K)->57632K(57856K)
[2026-03-22T19:50:52.029+0900][2.128s][info][gc,heap        ] GC(174) ParOldGen: 150638K(349696K)->197846K(349696K)
[2026-03-22T19:50:52.029+0900][2.128s][info][gc,metaspace   ] GC(174) Metaspace: 341K(512K)->341K(512K) NonClass: 323K(384K)->323K(384K) Class: 17K(128K)->17K(128K)
[2026-03-22T19:50:52.029+0900][2.128s][info][gc             ] GC(174) Pause Young (Allocation Failure) 260M->249M(455M) 4.226ms
[2026-03-22T19:50:52.029+0900][2.128s][info][gc,cpu         ] GC(174) User=0.05s Sys=0.00s Real=0.00s
[2026-03-22T19:50:52.035+0900][2.134s][info][gc,start       ] GC(175) Pause Young (Allocation Failure)
[2026-03-22T19:50:52.040+0900][2.139s][info][gc,heap        ] GC(175) PSYoungGen: 116136K(116736K)->57632K(116736K) Eden: 58504K(58880K)->0K(58880K) From: 57632K(57856K)->57632K(57856K)
[2026-03-22T19:50:52.040+0900][2.139s][info][gc,heap        ] GC(175) ParOldGen: 197846K(349696K)->245063K(349696K)
[2026-03-22T19:50:52.040+0900][2.139s][info][gc,metaspace   ] GC(175) Metaspace: 341K(512K)->341K(512K) NonClass: 323K(384K)->323K(384K) Class: 17K(128K)->17K(128K)
[2026-03-22T19:50:52.040+0900][2.139s][info][gc             ] GC(175) Pause Young (Allocation Failure) 306M->295M(455M) 4.843ms
[2026-03-22T19:50:52.040+0900][2.139s][info][gc,cpu         ] GC(175) User=0.00s Sys=0.00s Real=0.00s
[2026-03-22T19:50:52.046+0900][2.145s][info][gc,start       ] GC(176) Pause Young (Allocation Failure)
[2026-03-22T19:50:52.050+0900][2.149s][info][gc,heap        ] GC(176) PSYoungGen: 116136K(116736K)->57632K(116736K) Eden: 58504K(58880K)->0K(58880K) From: 57632K(57856K)->57632K(57856K)
[2026-03-22T19:50:52.051+0900][2.149s][info][gc,heap        ] GC(176) ParOldGen: 245063K(349696K)->292271K(349696K)
[2026-03-22T19:50:52.051+0900][2.149s][info][gc,metaspace   ] GC(176) Metaspace: 341K(512K)->341K(512K) NonClass: 323K(384K)->323K(384K) Class: 17K(128K)->17K(128K)
[2026-03-22T19:50:52.051+0900][2.149s][info][gc             ] GC(176) Pause Young (Allocation Failure) 352M->341M(455M) 4.269ms
[2026-03-22T19:50:52.051+0900][2.149s][info][gc,cpu         ] GC(176) User=0.00s Sys=0.00s Real=0.01s
[2026-03-22T19:50:52.057+0900][2.156s][info][gc,start       ] GC(177) Pause Full (Ergonomics)
[2026-03-22T19:50:52.057+0900][2.156s][info][gc,phases,start] GC(177) Marking Phase
[2026-03-22T19:50:52.059+0900][2.157s][info][gc,phases      ] GC(177) Marking Phase 1.661ms
[2026-03-22T19:50:52.059+0900][2.157s][info][gc,phases,start] GC(177) Summary Phase
[2026-03-22T19:50:52.059+0900][2.157s][info][gc,phases      ] GC(177) Summary Phase 0.021ms
[2026-03-22T19:50:52.059+0900][2.157s][info][gc,phases,start] GC(177) Adjust Roots
[2026-03-22T19:50:52.059+0900][2.158s][info][gc,phases      ] GC(177) Adjust Roots 0.234ms
[2026-03-22T19:50:52.059+0900][2.158s][info][gc,phases,start] GC(177) Compaction Phase
[2026-03-22T19:50:52.064+0900][2.163s][info][gc,phases      ] GC(177) Compaction Phase 5.313ms
[2026-03-22T19:50:52.064+0900][2.163s][info][gc,phases,start] GC(177) Post Compact
[2026-03-22T19:50:52.065+0900][2.164s][info][gc,phases      ] GC(177) Post Compact 1.438ms
[2026-03-22T19:50:52.065+0900][2.165s][info][gc,heap        ] GC(177) PSYoungGen: 116136K(116736K)->0K(116736K) Eden: 58504K(58880K)->0K(58880K) From: 57632K(57856K)->0K(57856K)
[2026-03-22T19:50:52.065+0900][2.165s][info][gc,heap        ] GC(177) ParOldGen: 292271K(349696K)->103429K(349696K)
[2026-03-22T19:50:52.065+0900][2.165s][info][gc,metaspace   ] GC(177) Metaspace: 341K(512K)->341K(512K) NonClass: 323K(384K)->323K(384K) Class: 17K(128K)->17K(128K)
[2026-03-22T19:50:52.065+0900][2.165s][info][gc             ] GC(177) Pause Full (Ergonomics) 398M->101M(455M) 9.021ms
[2026-03-22T19:50:52.065+0900][2.165s][info][gc,cpu         ] GC(177) User=0.00s Sys=0.00s Real=0.01s
[2026-03-22T19:50:52.072+0900][2.172s][info][gc,start       ] GC(178) Pause Young (Allocation Failure)
[2026-03-22T19:50:52.075+0900][2.174s][info][gc,heap        ] GC(178) PSYoungGen: 58504K(116736K)->57632K(116736K) Eden: 58504K(58880K)->0K(58880K) From: 0K(57856K)->57632K(57856K)
[2026-03-22T19:50:52.075+0900][2.174s][info][gc,heap        ] GC(178) ParOldGen: 103429K(349696K)->103429K(349696K)
[2026-03-22T19:50:52.075+0900][2.174s][info][gc,metaspace   ] GC(178) Metaspace: 341K(512K)->341K(512K) NonClass: 323K(384K)->323K(384K) Class: 17K(128K)->17K(128K)
[2026-03-22T19:50:52.075+0900][2.174s][info][gc             ] GC(178) Pause Young (Allocation Failure) 158M->157M(455M) 2.729ms
[2026-03-22T19:50:52.075+0900][2.174s][info][gc,cpu         ] GC(178) User=0.00s Sys=0.00s Real=0.00s
[2026-03-22T19:50:52.081+0900][2.181s][info][gc,start       ] GC(179) Pause Young (Allocation Failure)
[2026-03-22T19:50:52.086+0900][2.185s][info][gc,heap        ] GC(179) PSYoungGen: 116136K(116736K)->57632K(116736K) Eden: 58504K(58880K)->0K(58880K) From: 57632K(57856K)->57632K(57856K)
[2026-03-22T19:50:52.086+0900][2.185s][info][gc,heap        ] GC(179) ParOldGen: 103429K(349696K)->150638K(349696K)
[2026-03-22T19:50:52.086+0900][2.185s][info][gc,metaspace   ] GC(179) Metaspace: 341K(512K)->341K(512K) NonClass: 323K(384K)->323K(384K) Class: 17K(128K)->17K(128K)
[2026-03-22T19:50:52.086+0900][2.185s][info][gc             ] GC(179) Pause Young (Allocation Failure) 214M->203M(455M) 4.645ms
[2026-03-22T19:50:52.086+0900][2.185s][info][gc,cpu         ] GC(179) User=0.00s Sys=0.00s Real=0.00s
[2026-03-22T19:50:52.093+0900][2.192s][info][gc,start       ] GC(180) Pause Young (Allocation Failure)
[2026-03-22T19:50:52.097+0900][2.197s][info][gc,heap        ] GC(180) PSYoungGen: 116136K(116736K)->57632K(116736K) Eden: 58504K(58880K)->0K(58880K) From: 57632K(57856K)->57632K(57856K)
[2026-03-22T19:50:52.098+0900][2.197s][info][gc,heap        ] GC(180) ParOldGen: 150638K(349696K)->197846K(349696K)
[2026-03-22T19:50:52.098+0900][2.197s][info][gc,metaspace   ] GC(180) Metaspace: 341K(512K)->341K(512K) NonClass: 323K(384K)->323K(384K) Class: 17K(128K)->17K(128K)
[2026-03-22T19:50:52.098+0900][2.197s][info][gc             ] GC(180) Pause Young (Allocation Failure) 260M->249M(455M) 5.104ms
[2026-03-22T19:50:52.098+0900][2.197s][info][gc,cpu         ] GC(180) User=0.00s Sys=0.00s Real=0.01s
[2026-03-22T19:50:52.104+0900][2.203s][info][gc,start       ] GC(181) Pause Young (Allocation Failure)
[2026-03-22T19:50:52.109+0900][2.207s][info][gc,heap        ] GC(181) PSYoungGen: 116136K(116736K)->57632K(116736K) Eden: 58504K(58880K)->0K(58880K) From: 57632K(57856K)->57632K(57856K)
[2026-03-22T19:50:52.109+0900][2.208s][info][gc,heap        ] GC(181) ParOldGen: 197846K(349696K)->245063K(349696K)
[2026-03-22T19:50:52.109+0900][2.208s][info][gc,metaspace   ] GC(181) Metaspace: 341K(512K)->341K(512K) NonClass: 323K(384K)->323K(384K) Class: 17K(128K)->17K(128K)
[2026-03-22T19:50:52.109+0900][2.208s][info][gc             ] GC(181) Pause Young (Allocation Failure) 306M->295M(455M) 4.567ms
[2026-03-22T19:50:52.109+0900][2.208s][info][gc,cpu         ] GC(181) User=0.00s Sys=0.00s Real=0.00s
[2026-03-22T19:50:52.115+0900][2.214s][info][gc,start       ] GC(182) Pause Young (Allocation Failure)
[2026-03-22T19:50:52.120+0900][2.219s][info][gc,heap        ] GC(182) PSYoungGen: 116136K(116736K)->57632K(116736K) Eden: 58504K(58880K)->0K(58880K) From: 57632K(57856K)->57632K(57856K)
[2026-03-22T19:50:52.120+0900][2.219s][info][gc,heap        ] GC(182) ParOldGen: 245063K(349696K)->292271K(349696K)
[2026-03-22T19:50:52.120+0900][2.219s][info][gc,metaspace   ] GC(182) Metaspace: 341K(512K)->341K(512K) NonClass: 323K(384K)->323K(384K) Class: 17K(128K)->17K(128K)
[2026-03-22T19:50:52.120+0900][2.219s][info][gc             ] GC(182) Pause Young (Allocation Failure) 352M->341M(455M) 5.195ms
[2026-03-22T19:50:52.121+0900][2.219s][info][gc,cpu         ] GC(182) User=0.11s Sys=0.02s Real=0.01s
[2026-03-22T19:50:52.128+0900][2.226s][info][gc,start       ] GC(183) Pause Full (Ergonomics)
[2026-03-22T19:50:52.128+0900][2.227s][info][gc,phases,start] GC(183) Marking Phase
[2026-03-22T19:50:52.129+0900][2.229s][info][gc,phases      ] GC(183) Marking Phase 2.113ms
[2026-03-22T19:50:52.129+0900][2.229s][info][gc,phases,start] GC(183) Summary Phase
[2026-03-22T19:50:52.129+0900][2.229s][info][gc,phases      ] GC(183) Summary Phase 0.016ms
[2026-03-22T19:50:52.129+0900][2.229s][info][gc,phases,start] GC(183) Adjust Roots
[2026-03-22T19:50:52.131+0900][2.229s][info][gc,phases      ] GC(183) Adjust Roots 0.302ms
[2026-03-22T19:50:52.131+0900][2.229s][info][gc,phases,start] GC(183) Compaction Phase
[2026-03-22T19:50:52.136+0900][2.235s][info][gc,phases      ] GC(183) Compaction Phase 5.654ms
[2026-03-22T19:50:52.136+0900][2.235s][info][gc,phases,start] GC(183) Post Compact
[2026-03-22T19:50:52.138+0900][2.237s][info][gc,phases      ] GC(183) Post Compact 1.739ms
[2026-03-22T19:50:52.138+0900][2.237s][info][gc,heap        ] GC(183) PSYoungGen: 116136K(116736K)->0K(116736K) Eden: 58504K(58880K)->0K(58880K) From: 57632K(57856K)->0K(57856K)
[2026-03-22T19:50:52.138+0900][2.237s][info][gc,heap        ] GC(183) ParOldGen: 292271K(349696K)->103429K(349696K)
[2026-03-22T19:50:52.138+0900][2.237s][info][gc,metaspace   ] GC(183) Metaspace: 341K(512K)->341K(512K) NonClass: 323K(384K)->323K(384K) Class: 17K(128K)->17K(128K)
[2026-03-22T19:50:52.138+0900][2.237s][info][gc             ] GC(183) Pause Full (Ergonomics) 398M->101M(455M) 10.239ms
[2026-03-22T19:50:52.138+0900][2.237s][info][gc,cpu         ] GC(183) User=0.11s Sys=0.02s Real=0.01s
[2026-03-22T19:50:52.145+0900][2.244s][info][gc,start       ] GC(184) Pause Young (Allocation Failure)
[2026-03-22T19:50:52.148+0900][2.247s][info][gc,heap        ] GC(184) PSYoungGen: 58504K(116736K)->57632K(116736K) Eden: 58504K(58880K)->0K(58880K) From: 0K(57856K)->57632K(57856K)
[2026-03-22T19:50:52.148+0900][2.247s][info][gc,heap        ] GC(184) ParOldGen: 103429K(349696K)->103429K(349696K)
[2026-03-22T19:50:52.148+0900][2.247s][info][gc,metaspace   ] GC(184) Metaspace: 341K(512K)->341K(512K) NonClass: 323K(384K)->323K(384K) Class: 17K(128K)->17K(128K)
[2026-03-22T19:50:52.148+0900][2.247s][info][gc             ] GC(184) Pause Young (Allocation Failure) 158M->157M(455M) 3.249ms
[2026-03-22T19:50:52.148+0900][2.247s][info][gc,cpu         ] GC(184) User=0.00s Sys=0.00s Real=0.00s
[2026-03-22T19:50:52.154+0900][2.253s][info][gc,start       ] GC(185) Pause Young (Allocation Failure)
[2026-03-22T19:50:52.159+0900][2.257s][info][gc,heap        ] GC(185) PSYoungGen: 116136K(116736K)->57632K(116736K) Eden: 58504K(58880K)->0K(58880K) From: 57632K(57856K)->57632K(57856K)
[2026-03-22T19:50:52.159+0900][2.257s][info][gc,heap        ] GC(185) ParOldGen: 103429K(349696K)->150638K(349696K)
[2026-03-22T19:50:52.159+0900][2.257s][info][gc,metaspace   ] GC(185) Metaspace: 341K(512K)->341K(512K) NonClass: 323K(384K)->323K(384K) Class: 17K(128K)->17K(128K)
[2026-03-22T19:50:52.159+0900][2.257s][info][gc             ] GC(185) Pause Young (Allocation Failure) 214M->203M(455M) 4.320ms
[2026-03-22T19:50:52.159+0900][2.257s][info][gc,cpu         ] GC(185) User=0.00s Sys=0.00s Real=0.00s
[2026-03-22T19:50:52.165+0900][2.264s][info][gc,start       ] GC(186) Pause Young (Allocation Failure)
[2026-03-22T19:50:52.170+0900][2.268s][info][gc,heap        ] GC(186) PSYoungGen: 116136K(116736K)->57632K(116736K) Eden: 58504K(58880K)->0K(58880K) From: 57632K(57856K)->57632K(57856K)
[2026-03-22T19:50:52.170+0900][2.268s][info][gc,heap        ] GC(186) ParOldGen: 150638K(349696K)->197846K(349696K)
[2026-03-22T19:50:52.170+0900][2.268s][info][gc,metaspace   ] GC(186) Metaspace: 341K(512K)->341K(512K) NonClass: 323K(384K)->323K(384K) Class: 17K(128K)->17K(128K)
[2026-03-22T19:50:52.170+0900][2.268s][info][gc             ] GC(186) Pause Young (Allocation Failure) 260M->249M(455M) 4.615ms
[2026-03-22T19:50:52.170+0900][2.268s][info][gc,cpu         ] GC(186) User=0.12s Sys=0.00s Real=0.01s
[2026-03-22T19:50:52.175+0900][2.274s][info][gc,start       ] GC(187) Pause Young (Allocation Failure)
[2026-03-22T19:50:52.180+0900][2.278s][info][gc,heap        ] GC(187) PSYoungGen: 116136K(116736K)->57632K(116736K) Eden: 58504K(58880K)->0K(58880K) From: 57632K(57856K)->57632K(57856K)
[2026-03-22T19:50:52.180+0900][2.278s][info][gc,heap        ] GC(187) ParOldGen: 197846K(349696K)->245063K(349696K)
[2026-03-22T19:50:52.180+0900][2.278s][info][gc,metaspace   ] GC(187) Metaspace: 341K(512K)->341K(512K) NonClass: 323K(384K)->323K(384K) Class: 17K(128K)->17K(128K)
[2026-03-22T19:50:52.180+0900][2.278s][info][gc             ] GC(187) Pause Young (Allocation Failure) 306M->295M(455M) 4.516ms
[2026-03-22T19:50:52.180+0900][2.278s][info][gc,cpu         ] GC(187) User=0.00s Sys=0.00s Real=0.01s
[2026-03-22T19:50:52.186+0900][2.284s][info][gc,start       ] GC(188) Pause Young (Allocation Failure)
[2026-03-22T19:50:52.190+0900][2.289s][info][gc,heap        ] GC(188) PSYoungGen: 116136K(116736K)->57632K(116736K) Eden: 58504K(58880K)->0K(58880K) From: 57632K(57856K)->57632K(57856K)
[2026-03-22T19:50:52.190+0900][2.289s][info][gc,heap        ] GC(188) ParOldGen: 245063K(349696K)->292271K(349696K)
[2026-03-22T19:50:52.190+0900][2.289s][info][gc,metaspace   ] GC(188) Metaspace: 341K(512K)->341K(512K) NonClass: 323K(384K)->323K(384K) Class: 17K(128K)->17K(128K)
[2026-03-22T19:50:52.190+0900][2.289s][info][gc             ] GC(188) Pause Young (Allocation Failure) 352M->341M(455M) 4.634ms
[2026-03-22T19:50:52.190+0900][2.289s][info][gc,cpu         ] GC(188) User=0.00s Sys=0.00s Real=0.00s
[2026-03-22T19:50:52.196+0900][2.295s][info][gc,start       ] GC(189) Pause Full (Ergonomics)
[2026-03-22T19:50:52.196+0900][2.295s][info][gc,phases,start] GC(189) Marking Phase
[2026-03-22T19:50:52.198+0900][2.296s][info][gc,phases      ] GC(189) Marking Phase 1.423ms
[2026-03-22T19:50:52.198+0900][2.296s][info][gc,phases,start] GC(189) Summary Phase
[2026-03-22T19:50:52.198+0900][2.296s][info][gc,phases      ] GC(189) Summary Phase 0.021ms
[2026-03-22T19:50:52.198+0900][2.296s][info][gc,phases,start] GC(189) Adjust Roots
[2026-03-22T19:50:52.198+0900][2.296s][info][gc,phases      ] GC(189) Adjust Roots 0.258ms
[2026-03-22T19:50:52.198+0900][2.296s][info][gc,phases,start] GC(189) Compaction Phase
[2026-03-22T19:50:52.202+0900][2.302s][info][gc,phases      ] GC(189) Compaction Phase 5.087ms
[2026-03-22T19:50:52.203+0900][2.302s][info][gc,phases,start] GC(189) Post Compact
[2026-03-22T19:50:52.204+0900][2.303s][info][gc,phases      ] GC(189) Post Compact 1.426ms
[2026-03-22T19:50:52.204+0900][2.303s][info][gc,heap        ] GC(189) PSYoungGen: 116136K(116736K)->0K(116736K) Eden: 58504K(58880K)->0K(58880K) From: 57632K(57856K)->0K(57856K)
[2026-03-22T19:50:52.204+0900][2.303s][info][gc,heap        ] GC(189) ParOldGen: 292271K(349696K)->103429K(349696K)
[2026-03-22T19:50:52.204+0900][2.303s][info][gc,metaspace   ] GC(189) Metaspace: 341K(512K)->341K(512K) NonClass: 323K(384K)->323K(384K) Class: 17K(128K)->17K(128K)
[2026-03-22T19:50:52.204+0900][2.303s][info][gc             ] GC(189) Pause Full (Ergonomics) 398M->101M(455M) 8.540ms
[2026-03-22T19:50:52.204+0900][2.303s][info][gc,cpu         ] GC(189) User=0.03s Sys=0.00s Real=0.01s
[2026-03-22T19:50:52.210+0900][2.309s][info][gc,start       ] GC(190) Pause Young (Allocation Failure)
[2026-03-22T19:50:52.213+0900][2.312s][info][gc,heap        ] GC(190) PSYoungGen: 58504K(116736K)->57632K(116736K) Eden: 58504K(58880K)->0K(58880K) From: 0K(57856K)->57632K(57856K)
[2026-03-22T19:50:52.213+0900][2.312s][info][gc,heap        ] GC(190) ParOldGen: 103429K(349696K)->103429K(349696K)
[2026-03-22T19:50:52.213+0900][2.312s][info][gc,metaspace   ] GC(190) Metaspace: 341K(512K)->341K(512K) NonClass: 323K(384K)->323K(384K) Class: 17K(128K)->17K(128K)
[2026-03-22T19:50:52.213+0900][2.312s][info][gc             ] GC(190) Pause Young (Allocation Failure) 158M->157M(455M) 3.160ms
[2026-03-22T19:50:52.213+0900][2.312s][info][gc,cpu         ] GC(190) User=0.03s Sys=0.00s Real=0.00s
[2026-03-22T19:50:52.219+0900][2.317s][info][gc,start       ] GC(191) Pause Young (Allocation Failure)
[2026-03-22T19:50:52.223+0900][2.322s][info][gc,heap        ] GC(191) PSYoungGen: 116136K(116736K)->57632K(116736K) Eden: 58504K(58880K)->0K(58880K) From: 57632K(57856K)->57632K(57856K)
[2026-03-22T19:50:52.223+0900][2.322s][info][gc,heap        ] GC(191) ParOldGen: 103429K(349696K)->150638K(349696K)
[2026-03-22T19:50:52.223+0900][2.322s][info][gc,metaspace   ] GC(191) Metaspace: 341K(512K)->341K(512K) NonClass: 323K(384K)->323K(384K) Class: 17K(128K)->17K(128K)
[2026-03-22T19:50:52.223+0900][2.322s][info][gc             ] GC(191) Pause Young (Allocation Failure) 214M->203M(455M) 4.342ms
[2026-03-22T19:50:52.223+0900][2.322s][info][gc,cpu         ] GC(191) User=0.00s Sys=0.00s Real=0.00s
[2026-03-22T19:50:52.229+0900][2.328s][info][gc,start       ] GC(192) Pause Young (Allocation Failure)
[2026-03-22T19:50:52.234+0900][2.332s][info][gc,heap        ] GC(192) PSYoungGen: 116136K(116736K)->57632K(116736K) Eden: 58504K(58880K)->0K(58880K) From: 57632K(57856K)->57632K(57856K)
[2026-03-22T19:50:52.234+0900][2.332s][info][gc,heap        ] GC(192) ParOldGen: 150638K(349696K)->197846K(349696K)
[2026-03-22T19:50:52.234+0900][2.332s][info][gc,metaspace   ] GC(192) Metaspace: 341K(512K)->341K(512K) NonClass: 323K(384K)->323K(384K) Class: 17K(128K)->17K(128K)
[2026-03-22T19:50:52.234+0900][2.332s][info][gc             ] GC(192) Pause Young (Allocation Failure) 260M->249M(455M) 4.119ms
[2026-03-22T19:50:52.234+0900][2.332s][info][gc,cpu         ] GC(192) User=0.00s Sys=0.00s Real=0.00s
[2026-03-22T19:50:52.239+0900][2.338s][info][gc,start       ] GC(193) Pause Young (Allocation Failure)
[2026-03-22T19:50:52.243+0900][2.342s][info][gc,heap        ] GC(193) PSYoungGen: 116136K(116736K)->57632K(116736K) Eden: 58504K(58880K)->0K(58880K) From: 57632K(57856K)->57632K(57856K)
[2026-03-22T19:50:52.243+0900][2.342s][info][gc,heap        ] GC(193) ParOldGen: 197846K(349696K)->245063K(349696K)
[2026-03-22T19:50:52.243+0900][2.342s][info][gc,metaspace   ] GC(193) Metaspace: 341K(512K)->341K(512K) NonClass: 323K(384K)->323K(384K) Class: 17K(128K)->17K(128K)
[2026-03-22T19:50:52.243+0900][2.342s][info][gc             ] GC(193) Pause Young (Allocation Failure) 306M->295M(455M) 4.094ms
[2026-03-22T19:50:52.243+0900][2.342s][info][gc,cpu         ] GC(193) User=0.00s Sys=0.00s Real=0.00s
[2026-03-22T19:50:52.250+0900][2.349s][info][gc,start       ] GC(194) Pause Young (Allocation Failure)
[2026-03-22T19:50:52.255+0900][2.353s][info][gc,heap        ] GC(194) PSYoungGen: 116136K(116736K)->57632K(116736K) Eden: 58504K(58880K)->0K(58880K) From: 57632K(57856K)->57632K(57856K)
[2026-03-22T19:50:52.255+0900][2.353s][info][gc,heap        ] GC(194) ParOldGen: 245063K(349696K)->292271K(349696K)
[2026-03-22T19:50:52.255+0900][2.353s][info][gc,metaspace   ] GC(194) Metaspace: 341K(512K)->341K(512K) NonClass: 323K(384K)->323K(384K) Class: 17K(128K)->17K(128K)
[2026-03-22T19:50:52.255+0900][2.353s][info][gc             ] GC(194) Pause Young (Allocation Failure) 352M->341M(455M) 4.573ms
[2026-03-22T19:50:52.255+0900][2.353s][info][gc,cpu         ] GC(194) User=0.00s Sys=0.00s Real=0.01s
[2026-03-22T19:50:52.261+0900][2.360s][info][gc,start       ] GC(195) Pause Full (Ergonomics)
[2026-03-22T19:50:52.261+0900][2.360s][info][gc,phases,start] GC(195) Marking Phase
[2026-03-22T19:50:52.264+0900][2.362s][info][gc,phases      ] GC(195) Marking Phase 2.092ms
[2026-03-22T19:50:52.264+0900][2.362s][info][gc,phases,start] GC(195) Summary Phase
[2026-03-22T19:50:52.264+0900][2.362s][info][gc,phases      ] GC(195) Summary Phase 0.076ms
[2026-03-22T19:50:52.264+0900][2.362s][info][gc,phases,start] GC(195) Adjust Roots
[2026-03-22T19:50:52.264+0900][2.363s][info][gc,phases      ] GC(195) Adjust Roots 0.426ms
[2026-03-22T19:50:52.264+0900][2.363s][info][gc,phases,start] GC(195) Compaction Phase
[2026-03-22T19:50:52.269+0900][2.367s][info][gc,phases      ] GC(195) Compaction Phase 4.720ms
[2026-03-22T19:50:52.269+0900][2.367s][info][gc,phases,start] GC(195) Post Compact
[2026-03-22T19:50:52.271+0900][2.369s][info][gc,phases      ] GC(195) Post Compact 1.559ms
[2026-03-22T19:50:52.271+0900][2.369s][info][gc,heap        ] GC(195) PSYoungGen: 116136K(116736K)->0K(116736K) Eden: 58504K(58880K)->0K(58880K) From: 57632K(57856K)->0K(57856K)
[2026-03-22T19:50:52.271+0900][2.369s][info][gc,heap        ] GC(195) ParOldGen: 292271K(349696K)->103429K(349696K)
[2026-03-22T19:50:52.271+0900][2.369s][info][gc,metaspace   ] GC(195) Metaspace: 341K(512K)->341K(512K) NonClass: 323K(384K)->323K(384K) Class: 17K(128K)->17K(128K)
[2026-03-22T19:50:52.271+0900][2.369s][info][gc             ] GC(195) Pause Full (Ergonomics) 398M->101M(455M) 9.348ms
[2026-03-22T19:50:52.271+0900][2.369s][info][gc,cpu         ] GC(195) User=0.00s Sys=0.00s Real=0.01s
[2026-03-22T19:50:52.277+0900][2.375s][info][gc,start       ] GC(196) Pause Young (Allocation Failure)
[2026-03-22T19:50:52.280+0900][2.378s][info][gc,heap        ] GC(196) PSYoungGen: 58504K(116736K)->57632K(116736K) Eden: 58504K(58880K)->0K(58880K) From: 0K(57856K)->57632K(57856K)
[2026-03-22T19:50:52.280+0900][2.378s][info][gc,heap        ] GC(196) ParOldGen: 103429K(349696K)->103429K(349696K)
[2026-03-22T19:50:52.280+0900][2.378s][info][gc,metaspace   ] GC(196) Metaspace: 341K(512K)->341K(512K) NonClass: 323K(384K)->323K(384K) Class: 17K(128K)->17K(128K)
[2026-03-22T19:50:52.280+0900][2.378s][info][gc             ] GC(196) Pause Young (Allocation Failure) 158M->157M(455M) 3.074ms
[2026-03-22T19:50:52.280+0900][2.378s][info][gc,cpu         ] GC(196) User=0.00s Sys=0.00s Real=0.00s
[2026-03-22T19:50:52.287+0900][2.386s][info][gc,start       ] GC(197) Pause Young (Allocation Failure)
[2026-03-22T19:50:52.291+0900][2.390s][info][gc,heap        ] GC(197) PSYoungGen: 116136K(116736K)->57632K(116736K) Eden: 58504K(58880K)->0K(58880K) From: 57632K(57856K)->57632K(57856K)
[2026-03-22T19:50:52.291+0900][2.390s][info][gc,heap        ] GC(197) ParOldGen: 103429K(349696K)->150638K(349696K)
[2026-03-22T19:50:52.291+0900][2.390s][info][gc,metaspace   ] GC(197) Metaspace: 341K(512K)->341K(512K) NonClass: 323K(384K)->323K(384K) Class: 17K(128K)->17K(128K)
[2026-03-22T19:50:52.291+0900][2.390s][info][gc             ] GC(197) Pause Young (Allocation Failure) 214M->203M(455M) 4.237ms
[2026-03-22T19:50:52.291+0900][2.390s][info][gc,cpu         ] GC(197) User=0.09s Sys=0.02s Real=0.00s
[2026-03-22T19:50:52.298+0900][2.397s][info][gc,start       ] GC(198) Pause Young (Allocation Failure)
[2026-03-22T19:50:52.303+0900][2.401s][info][gc,heap        ] GC(198) PSYoungGen: 116136K(116736K)->57632K(116736K) Eden: 58504K(58880K)->0K(58880K) From: 57632K(57856K)->57632K(57856K)
[2026-03-22T19:50:52.303+0900][2.401s][info][gc,heap        ] GC(198) ParOldGen: 150638K(349696K)->197846K(349696K)
[2026-03-22T19:50:52.303+0900][2.401s][info][gc,metaspace   ] GC(198) Metaspace: 341K(512K)->341K(512K) NonClass: 323K(384K)->323K(384K) Class: 17K(128K)->17K(128K)
[2026-03-22T19:50:52.303+0900][2.402s][info][gc             ] GC(198) Pause Young (Allocation Failure) 260M->249M(455M) 4.638ms
[2026-03-22T19:50:52.303+0900][2.402s][info][gc,cpu         ] GC(198) User=0.00s Sys=0.00s Real=0.00s
[2026-03-22T19:50:52.309+0900][2.408s][info][gc,start       ] GC(199) Pause Young (Allocation Failure)
[2026-03-22T19:50:52.314+0900][2.412s][info][gc,heap        ] GC(199) PSYoungGen: 116136K(116736K)->57632K(116736K) Eden: 58504K(58880K)->0K(58880K) From: 57632K(57856K)->57632K(57856K)
[2026-03-22T19:50:52.314+0900][2.412s][info][gc,heap        ] GC(199) ParOldGen: 197846K(349696K)->245063K(349696K)
[2026-03-22T19:50:52.314+0900][2.412s][info][gc,metaspace   ] GC(199) Metaspace: 341K(512K)->341K(512K) NonClass: 323K(384K)->323K(384K) Class: 17K(128K)->17K(128K)
[2026-03-22T19:50:52.314+0900][2.412s][info][gc             ] GC(199) Pause Young (Allocation Failure) 306M->295M(455M) 4.711ms
[2026-03-22T19:50:52.314+0900][2.413s][info][gc,cpu         ] GC(199) User=0.00s Sys=0.00s Real=0.00s
[2026-03-22T19:50:52.320+0900][2.419s][info][gc,start       ] GC(200) Pause Young (Allocation Failure)
[2026-03-22T19:50:52.325+0900][2.423s][info][gc,heap        ] GC(200) PSYoungGen: 116136K(116736K)->57632K(116736K) Eden: 58504K(58880K)->0K(58880K) From: 57632K(57856K)->57632K(57856K)
[2026-03-22T19:50:52.325+0900][2.423s][info][gc,heap        ] GC(200) ParOldGen: 245063K(349696K)->292271K(349696K)
[2026-03-22T19:50:52.325+0900][2.423s][info][gc,metaspace   ] GC(200) Metaspace: 341K(512K)->341K(512K) NonClass: 323K(384K)->323K(384K) Class: 17K(128K)->17K(128K)
[2026-03-22T19:50:52.325+0900][2.423s][info][gc             ] GC(200) Pause Young (Allocation Failure) 352M->341M(455M) 4.510ms
[2026-03-22T19:50:52.325+0900][2.423s][info][gc,cpu         ] GC(200) User=0.11s Sys=0.02s Real=0.01s
[2026-03-22T19:50:52.330+0900][2.429s][info][gc,start       ] GC(201) Pause Full (Ergonomics)
[2026-03-22T19:50:52.330+0900][2.429s][info][gc,phases,start] GC(201) Marking Phase
[2026-03-22T19:50:52.332+0900][2.431s][info][gc,phases      ] GC(201) Marking Phase 1.626ms
[2026-03-22T19:50:52.332+0900][2.431s][info][gc,phases,start] GC(201) Summary Phase
[2026-03-22T19:50:52.332+0900][2.431s][info][gc,phases      ] GC(201) Summary Phase 0.038ms
[2026-03-22T19:50:52.332+0900][2.431s][info][gc,phases,start] GC(201) Adjust Roots
[2026-03-22T19:50:52.332+0900][2.431s][info][gc,phases      ] GC(201) Adjust Roots 0.284ms
[2026-03-22T19:50:52.332+0900][2.431s][info][gc,phases,start] GC(201) Compaction Phase
[2026-03-22T19:50:52.337+0900][2.436s][info][gc,phases      ] GC(201) Compaction Phase 4.998ms
[2026-03-22T19:50:52.337+0900][2.436s][info][gc,phases,start] GC(201) Post Compact
[2026-03-22T19:50:52.339+0900][2.438s][info][gc,phases      ] GC(201) Post Compact 1.539ms
[2026-03-22T19:50:52.339+0900][2.438s][info][gc,heap        ] GC(201) PSYoungGen: 116136K(116736K)->0K(116736K) Eden: 58504K(58880K)->0K(58880K) From: 57632K(57856K)->0K(57856K)
[2026-03-22T19:50:52.339+0900][2.438s][info][gc,heap        ] GC(201) ParOldGen: 292271K(349696K)->103429K(349696K)
[2026-03-22T19:50:52.339+0900][2.438s][info][gc,metaspace   ] GC(201) Metaspace: 341K(512K)->341K(512K) NonClass: 323K(384K)->323K(384K) Class: 17K(128K)->17K(128K)
[2026-03-22T19:50:52.339+0900][2.438s][info][gc             ] GC(201) Pause Full (Ergonomics) 398M->101M(455M) 8.806ms
[2026-03-22T19:50:52.339+0900][2.438s][info][gc,cpu         ] GC(201) User=0.00s Sys=0.02s Real=0.01s
[2026-03-22T19:50:52.346+0900][2.444s][info][gc,start       ] GC(202) Pause Young (Allocation Failure)
[2026-03-22T19:50:52.348+0900][2.447s][info][gc,heap        ] GC(202) PSYoungGen: 58504K(116736K)->57632K(116736K) Eden: 58504K(58880K)->0K(58880K) From: 0K(57856K)->57632K(57856K)
[2026-03-22T19:50:52.348+0900][2.447s][info][gc,heap        ] GC(202) ParOldGen: 103429K(349696K)->103429K(349696K)
[2026-03-22T19:50:52.348+0900][2.447s][info][gc,metaspace   ] GC(202) Metaspace: 341K(512K)->341K(512K) NonClass: 323K(384K)->323K(384K) Class: 17K(128K)->17K(128K)
[2026-03-22T19:50:52.348+0900][2.447s][info][gc             ] GC(202) Pause Young (Allocation Failure) 158M->157M(455M) 2.593ms
[2026-03-22T19:50:52.348+0900][2.447s][info][gc,cpu         ] GC(202) User=0.00s Sys=0.00s Real=0.00s
[2026-03-22T19:50:52.354+0900][2.453s][info][gc,start       ] GC(203) Pause Young (Allocation Failure)
[2026-03-22T19:50:52.358+0900][2.457s][info][gc,heap        ] GC(203) PSYoungGen: 116136K(116736K)->57632K(116736K) Eden: 58504K(58880K)->0K(58880K) From: 57632K(57856K)->57632K(57856K)
[2026-03-22T19:50:52.358+0900][2.457s][info][gc,heap        ] GC(203) ParOldGen: 103429K(349696K)->150638K(349696K)
[2026-03-22T19:50:52.358+0900][2.457s][info][gc,metaspace   ] GC(203) Metaspace: 341K(512K)->341K(512K) NonClass: 323K(384K)->323K(384K) Class: 17K(128K)->17K(128K)
[2026-03-22T19:50:52.358+0900][2.457s][info][gc             ] GC(203) Pause Young (Allocation Failure) 214M->203M(455M) 4.204ms
[2026-03-22T19:50:52.358+0900][2.457s][info][gc,cpu         ] GC(203) User=0.00s Sys=0.00s Real=0.00s
[2026-03-22T19:50:52.364+0900][2.463s][info][gc,start       ] GC(204) Pause Young (Allocation Failure)
[2026-03-22T19:50:52.368+0900][2.467s][info][gc,heap        ] GC(204) PSYoungGen: 116136K(116736K)->57632K(116736K) Eden: 58504K(58880K)->0K(58880K) From: 57632K(57856K)->57632K(57856K)
[2026-03-22T19:50:52.368+0900][2.467s][info][gc,heap        ] GC(204) ParOldGen: 150638K(349696K)->197846K(349696K)
[2026-03-22T19:50:52.368+0900][2.467s][info][gc,metaspace   ] GC(204) Metaspace: 341K(512K)->341K(512K) NonClass: 323K(384K)->323K(384K) Class: 17K(128K)->17K(128K)
[2026-03-22T19:50:52.368+0900][2.467s][info][gc             ] GC(204) Pause Young (Allocation Failure) 260M->249M(455M) 4.393ms
[2026-03-22T19:50:52.368+0900][2.467s][info][gc,cpu         ] GC(204) User=0.00s Sys=0.00s Real=0.00s
[2026-03-22T19:50:52.375+0900][2.474s][info][gc,start       ] GC(205) Pause Young (Allocation Failure)
[2026-03-22T19:50:52.379+0900][2.478s][info][gc,heap        ] GC(205) PSYoungGen: 116136K(116736K)->57632K(116736K) Eden: 58504K(58880K)->0K(58880K) From: 57632K(57856K)->57632K(57856K)
[2026-03-22T19:50:52.379+0900][2.478s][info][gc,heap        ] GC(205) ParOldGen: 197846K(349696K)->245063K(349696K)
[2026-03-22T19:50:52.380+0900][2.478s][info][gc,metaspace   ] GC(205) Metaspace: 341K(512K)->341K(512K) NonClass: 323K(384K)->323K(384K) Class: 17K(128K)->17K(128K)
[2026-03-22T19:50:52.380+0900][2.478s][info][gc             ] GC(205) Pause Young (Allocation Failure) 306M->295M(455M) 4.472ms
[2026-03-22T19:50:52.380+0900][2.478s][info][gc,cpu         ] GC(205) User=0.00s Sys=0.00s Real=0.01s
[2026-03-22T19:50:52.386+0900][2.485s][info][gc,start       ] GC(206) Pause Young (Allocation Failure)
[2026-03-22T19:50:52.391+0900][2.490s][info][gc,heap        ] GC(206) PSYoungGen: 116136K(116736K)->57632K(116736K) Eden: 58504K(58880K)->0K(58880K) From: 57632K(57856K)->57632K(57856K)
[2026-03-22T19:50:52.391+0900][2.490s][info][gc,heap        ] GC(206) ParOldGen: 245063K(349696K)->292271K(349696K)
[2026-03-22T19:50:52.391+0900][2.490s][info][gc,metaspace   ] GC(206) Metaspace: 341K(512K)->341K(512K) NonClass: 323K(384K)->323K(384K) Class: 17K(128K)->17K(128K)
[2026-03-22T19:50:52.391+0900][2.490s][info][gc             ] GC(206) Pause Young (Allocation Failure) 352M->341M(455M) 4.983ms
[2026-03-22T19:50:52.391+0900][2.490s][info][gc,cpu         ] GC(206) User=0.00s Sys=0.00s Real=0.01s
[2026-03-22T19:50:52.397+0900][2.496s][info][gc,start       ] GC(207) Pause Full (Ergonomics)
[2026-03-22T19:50:52.397+0900][2.496s][info][gc,phases,start] GC(207) Marking Phase
[2026-03-22T19:50:52.399+0900][2.498s][info][gc,phases      ] GC(207) Marking Phase 1.689ms
[2026-03-22T19:50:52.399+0900][2.498s][info][gc,phases,start] GC(207) Summary Phase
[2026-03-22T19:50:52.399+0900][2.498s][info][gc,phases      ] GC(207) Summary Phase 0.052ms
[2026-03-22T19:50:52.399+0900][2.498s][info][gc,phases,start] GC(207) Adjust Roots
[2026-03-22T19:50:52.400+0900][2.498s][info][gc,phases      ] GC(207) Adjust Roots 0.397ms
[2026-03-22T19:50:52.400+0900][2.499s][info][gc,phases,start] GC(207) Compaction Phase
[2026-03-22T19:50:52.405+0900][2.504s][info][gc,phases      ] GC(207) Compaction Phase 5.279ms
[2026-03-22T19:50:52.406+0900][2.504s][info][gc,phases,start] GC(207) Post Compact
[2026-03-22T19:50:52.407+0900][2.505s][info][gc,phases      ] GC(207) Post Compact 1.527ms
[2026-03-22T19:50:52.407+0900][2.505s][info][gc,heap        ] GC(207) PSYoungGen: 116136K(116736K)->0K(116736K) Eden: 58504K(58880K)->0K(58880K) From: 57632K(57856K)->0K(57856K)
[2026-03-22T19:50:52.407+0900][2.505s][info][gc,heap        ] GC(207) ParOldGen: 292271K(349696K)->103429K(349696K)
[2026-03-22T19:50:52.407+0900][2.506s][info][gc,metaspace   ] GC(207) Metaspace: 341K(512K)->341K(512K) NonClass: 323K(384K)->323K(384K) Class: 17K(128K)->17K(128K)
[2026-03-22T19:50:52.407+0900][2.506s][info][gc             ] GC(207) Pause Full (Ergonomics) 398M->101M(455M) 9.361ms
[2026-03-22T19:50:52.407+0900][2.506s][info][gc,cpu         ] GC(207) User=0.02s Sys=0.00s Real=0.01s
[2026-03-22T19:50:52.413+0900][2.511s][info][gc,start       ] GC(208) Pause Young (Allocation Failure)
[2026-03-22T19:50:52.416+0900][2.514s][info][gc,heap        ] GC(208) PSYoungGen: 58504K(116736K)->57632K(116736K) Eden: 58504K(58880K)->0K(58880K) From: 0K(57856K)->57632K(57856K)
[2026-03-22T19:50:52.416+0900][2.514s][info][gc,heap        ] GC(208) ParOldGen: 103429K(349696K)->103429K(349696K)
[2026-03-22T19:50:52.416+0900][2.514s][info][gc,metaspace   ] GC(208) Metaspace: 341K(512K)->341K(512K) NonClass: 323K(384K)->323K(384K) Class: 17K(128K)->17K(128K)
[2026-03-22T19:50:52.416+0900][2.514s][info][gc             ] GC(208) Pause Young (Allocation Failure) 158M->157M(455M) 2.785ms
[2026-03-22T19:50:52.416+0900][2.514s][info][gc,cpu         ] GC(208) User=0.00s Sys=0.00s Real=0.00s
[2026-03-22T19:50:52.422+0900][2.521s][info][gc,start       ] GC(209) Pause Young (Allocation Failure)
[2026-03-22T19:50:52.426+0900][2.525s][info][gc,heap        ] GC(209) PSYoungGen: 116136K(116736K)->57632K(116736K) Eden: 58504K(58880K)->0K(58880K) From: 57632K(57856K)->57632K(57856K)
[2026-03-22T19:50:52.426+0900][2.525s][info][gc,heap        ] GC(209) ParOldGen: 103429K(349696K)->150638K(349696K)
[2026-03-22T19:50:52.426+0900][2.525s][info][gc,metaspace   ] GC(209) Metaspace: 341K(512K)->341K(512K) NonClass: 323K(384K)->323K(384K) Class: 17K(128K)->17K(128K)
[2026-03-22T19:50:52.426+0900][2.525s][info][gc             ] GC(209) Pause Young (Allocation Failure) 214M->203M(455M) 4.299ms
[2026-03-22T19:50:52.426+0900][2.525s][info][gc,cpu         ] GC(209) User=0.00s Sys=0.00s Real=0.00s
[2026-03-22T19:50:52.433+0900][2.532s][info][gc,start       ] GC(210) Pause Young (Allocation Failure)
[2026-03-22T19:50:52.437+0900][2.536s][info][gc,heap        ] GC(210) PSYoungGen: 116136K(116736K)->57632K(116736K) Eden: 58504K(58880K)->0K(58880K) From: 57632K(57856K)->57632K(57856K)
[2026-03-22T19:50:52.437+0900][2.536s][info][gc,heap        ] GC(210) ParOldGen: 150638K(349696K)->197846K(349696K)
[2026-03-22T19:50:52.437+0900][2.536s][info][gc,metaspace   ] GC(210) Metaspace: 341K(512K)->341K(512K) NonClass: 323K(384K)->323K(384K) Class: 17K(128K)->17K(128K)
[2026-03-22T19:50:52.437+0900][2.536s][info][gc             ] GC(210) Pause Young (Allocation Failure) 260M->249M(455M) 4.556ms
[2026-03-22T19:50:52.437+0900][2.536s][info][gc,cpu         ] GC(210) User=0.00s Sys=0.00s Real=0.00s
[2026-03-22T19:50:52.444+0900][2.542s][info][gc,start       ] GC(211) Pause Young (Allocation Failure)
[2026-03-22T19:50:52.448+0900][2.547s][info][gc,heap        ] GC(211) PSYoungGen: 116136K(116736K)->57632K(116736K) Eden: 58504K(58880K)->0K(58880K) From: 57632K(57856K)->57632K(57856K)
[2026-03-22T19:50:52.448+0900][2.547s][info][gc,heap        ] GC(211) ParOldGen: 197846K(349696K)->245063K(349696K)
[2026-03-22T19:50:52.448+0900][2.547s][info][gc,metaspace   ] GC(211) Metaspace: 341K(512K)->341K(512K) NonClass: 323K(384K)->323K(384K) Class: 17K(128K)->17K(128K)
[2026-03-22T19:50:52.448+0900][2.547s][info][gc             ] GC(211) Pause Young (Allocation Failure) 306M->295M(455M) 4.609ms
[2026-03-22T19:50:52.448+0900][2.547s][info][gc,cpu         ] GC(211) User=0.11s Sys=0.02s Real=0.00s
[2026-03-22T19:50:52.455+0900][2.553s][info][gc,start       ] GC(212) Pause Young (Allocation Failure)
[2026-03-22T19:50:52.459+0900][2.557s][info][gc,heap        ] GC(212) PSYoungGen: 116136K(116736K)->57632K(116736K) Eden: 58504K(58880K)->0K(58880K) From: 57632K(57856K)->57632K(57856K)
[2026-03-22T19:50:52.459+0900][2.557s][info][gc,heap        ] GC(212) ParOldGen: 245063K(349696K)->292271K(349696K)
[2026-03-22T19:50:52.459+0900][2.557s][info][gc,metaspace   ] GC(212) Metaspace: 341K(512K)->341K(512K) NonClass: 323K(384K)->323K(384K) Class: 17K(128K)->17K(128K)
[2026-03-22T19:50:52.459+0900][2.557s][info][gc             ] GC(212) Pause Young (Allocation Failure) 352M->341M(455M) 4.516ms
[2026-03-22T19:50:52.459+0900][2.557s][info][gc,cpu         ] GC(212) User=0.00s Sys=0.00s Real=0.00s
[2026-03-22T19:50:52.465+0900][2.564s][info][gc,start       ] GC(213) Pause Full (Ergonomics)
[2026-03-22T19:50:52.465+0900][2.564s][info][gc,phases,start] GC(213) Marking Phase
[2026-03-22T19:50:52.466+0900][2.565s][info][gc,phases      ] GC(213) Marking Phase 1.258ms
[2026-03-22T19:50:52.466+0900][2.565s][info][gc,phases,start] GC(213) Summary Phase
[2026-03-22T19:50:52.466+0900][2.565s][info][gc,phases      ] GC(213) Summary Phase 0.018ms
[2026-03-22T19:50:52.466+0900][2.565s][info][gc,phases,start] GC(213) Adjust Roots
[2026-03-22T19:50:52.467+0900][2.566s][info][gc,phases      ] GC(213) Adjust Roots 0.221ms
[2026-03-22T19:50:52.467+0900][2.566s][info][gc,phases,start] GC(213) Compaction Phase
[2026-03-22T19:50:52.472+0900][2.571s][info][gc,phases      ] GC(213) Compaction Phase 5.138ms
[2026-03-22T19:50:52.472+0900][2.571s][info][gc,phases,start] GC(213) Post Compact
[2026-03-22T19:50:52.473+0900][2.572s][info][gc,phases      ] GC(213) Post Compact 1.379ms
[2026-03-22T19:50:52.473+0900][2.572s][info][gc,heap        ] GC(213) PSYoungGen: 116136K(116736K)->0K(116736K) Eden: 58504K(58880K)->0K(58880K) From: 57632K(57856K)->0K(57856K)
[2026-03-22T19:50:52.473+0900][2.572s][info][gc,heap        ] GC(213) ParOldGen: 292271K(349696K)->103429K(349696K)
[2026-03-22T19:50:52.473+0900][2.572s][info][gc,metaspace   ] GC(213) Metaspace: 341K(512K)->341K(512K) NonClass: 323K(384K)->323K(384K) Class: 17K(128K)->17K(128K)
[2026-03-22T19:50:52.473+0900][2.572s][info][gc             ] GC(213) Pause Full (Ergonomics) 398M->101M(455M) 8.357ms
[2026-03-22T19:50:52.473+0900][2.572s][info][gc,cpu         ] GC(213) User=0.00s Sys=0.00s Real=0.01s
[2026-03-22T19:50:52.480+0900][2.579s][info][gc,start       ] GC(214) Pause Young (Allocation Failure)
[2026-03-22T19:50:52.483+0900][2.582s][info][gc,heap        ] GC(214) PSYoungGen: 58504K(116736K)->57632K(116736K) Eden: 58504K(58880K)->0K(58880K) From: 0K(57856K)->57632K(57856K)
[2026-03-22T19:50:52.483+0900][2.582s][info][gc,heap        ] GC(214) ParOldGen: 103429K(349696K)->103429K(349696K)
[2026-03-22T19:50:52.483+0900][2.582s][info][gc,metaspace   ] GC(214) Metaspace: 341K(512K)->341K(512K) NonClass: 323K(384K)->323K(384K) Class: 17K(128K)->17K(128K)
[2026-03-22T19:50:52.483+0900][2.582s][info][gc             ] GC(214) Pause Young (Allocation Failure) 158M->157M(455M) 3.003ms
[2026-03-22T19:50:52.483+0900][2.582s][info][gc,cpu         ] GC(214) User=0.00s Sys=0.00s Real=0.00s
[2026-03-22T19:50:52.488+0900][2.588s][info][gc,start       ] GC(215) Pause Young (Allocation Failure)
[2026-03-22T19:50:52.492+0900][2.591s][info][gc,heap        ] GC(215) PSYoungGen: 116136K(116736K)->57632K(116736K) Eden: 58504K(58880K)->0K(58880K) From: 57632K(57856K)->57632K(57856K)
[2026-03-22T19:50:52.492+0900][2.591s][info][gc,heap        ] GC(215) ParOldGen: 103429K(349696K)->150638K(349696K)
[2026-03-22T19:50:52.492+0900][2.592s][info][gc,metaspace   ] GC(215) Metaspace: 341K(512K)->341K(512K) NonClass: 323K(384K)->323K(384K) Class: 17K(128K)->17K(128K)
[2026-03-22T19:50:52.492+0900][2.592s][info][gc             ] GC(215) Pause Young (Allocation Failure) 214M->203M(455M) 4.015ms
[2026-03-22T19:50:52.492+0900][2.592s][info][gc,cpu         ] GC(215) User=0.00s Sys=0.00s Real=0.00s
[2026-03-22T19:50:52.499+0900][2.598s][info][gc,start       ] GC(216) Pause Young (Allocation Failure)
[2026-03-22T19:50:52.503+0900][2.602s][info][gc,heap        ] GC(216) PSYoungGen: 116136K(116736K)->57632K(116736K) Eden: 58504K(58880K)->0K(58880K) From: 57632K(57856K)->57632K(57856K)
[2026-03-22T19:50:52.503+0900][2.602s][info][gc,heap        ] GC(216) ParOldGen: 150638K(349696K)->197846K(349696K)
[2026-03-22T19:50:52.503+0900][2.602s][info][gc,metaspace   ] GC(216) Metaspace: 341K(512K)->341K(512K) NonClass: 323K(384K)->323K(384K) Class: 17K(128K)->17K(128K)
[2026-03-22T19:50:52.503+0900][2.602s][info][gc             ] GC(216) Pause Young (Allocation Failure) 260M->249M(455M) 4.340ms
[2026-03-22T19:50:52.503+0900][2.602s][info][gc,cpu         ] GC(216) User=0.00s Sys=0.00s Real=0.00s
[2026-03-22T19:50:52.509+0900][2.608s][info][gc,start       ] GC(217) Pause Young (Allocation Failure)
[2026-03-22T19:50:52.513+0900][2.612s][info][gc,heap        ] GC(217) PSYoungGen: 116136K(116736K)->57632K(116736K) Eden: 58504K(58880K)->0K(58880K) From: 57632K(57856K)->57632K(57856K)
[2026-03-22T19:50:52.513+0900][2.612s][info][gc,heap        ] GC(217) ParOldGen: 197846K(349696K)->245063K(349696K)
[2026-03-22T19:50:52.514+0900][2.612s][info][gc,metaspace   ] GC(217) Metaspace: 341K(512K)->341K(512K) NonClass: 323K(384K)->323K(384K) Class: 17K(128K)->17K(128K)
[2026-03-22T19:50:52.514+0900][2.613s][info][gc             ] GC(217) Pause Young (Allocation Failure) 306M->295M(455M) 4.730ms
[2026-03-22T19:50:52.514+0900][2.613s][info][gc,cpu         ] GC(217) User=0.09s Sys=0.00s Real=0.00s
[2026-03-22T19:50:52.520+0900][2.619s][info][gc,start       ] GC(218) Pause Young (Allocation Failure)
[2026-03-22T19:50:52.525+0900][2.623s][info][gc,heap        ] GC(218) PSYoungGen: 116136K(116736K)->57632K(116736K) Eden: 58504K(58880K)->0K(58880K) From: 57632K(57856K)->57632K(57856K)
[2026-03-22T19:50:52.525+0900][2.623s][info][gc,heap        ] GC(218) ParOldGen: 245063K(349696K)->292271K(349696K)
[2026-03-22T19:50:52.525+0900][2.623s][info][gc,metaspace   ] GC(218) Metaspace: 341K(512K)->341K(512K) NonClass: 323K(384K)->323K(384K) Class: 17K(128K)->17K(128K)
[2026-03-22T19:50:52.525+0900][2.623s][info][gc             ] GC(218) Pause Young (Allocation Failure) 352M->341M(455M) 4.292ms
[2026-03-22T19:50:52.525+0900][2.623s][info][gc,cpu         ] GC(218) User=0.00s Sys=0.00s Real=0.01s
[2026-03-22T19:50:52.531+0900][2.629s][info][gc,start       ] GC(219) Pause Full (Ergonomics)
[2026-03-22T19:50:52.531+0900][2.630s][info][gc,phases,start] GC(219) Marking Phase
[2026-03-22T19:50:52.533+0900][2.631s][info][gc,phases      ] GC(219) Marking Phase 1.386ms
[2026-03-22T19:50:52.533+0900][2.631s][info][gc,phases,start] GC(219) Summary Phase
[2026-03-22T19:50:52.533+0900][2.631s][info][gc,phases      ] GC(219) Summary Phase 0.022ms
[2026-03-22T19:50:52.533+0900][2.631s][info][gc,phases,start] GC(219) Adjust Roots
[2026-03-22T19:50:52.533+0900][2.631s][info][gc,phases      ] GC(219) Adjust Roots 0.365ms
[2026-03-22T19:50:52.533+0900][2.632s][info][gc,phases,start] GC(219) Compaction Phase
[2026-03-22T19:50:52.538+0900][2.637s][info][gc,phases      ] GC(219) Compaction Phase 4.968ms
[2026-03-22T19:50:52.538+0900][2.637s][info][gc,phases,start] GC(219) Post Compact
[2026-03-22T19:50:52.539+0900][2.638s][info][gc,phases      ] GC(219) Post Compact 1.317ms
[2026-03-22T19:50:52.539+0900][2.638s][info][gc,heap        ] GC(219) PSYoungGen: 116136K(116736K)->0K(116736K) Eden: 58504K(58880K)->0K(58880K) From: 57632K(57856K)->0K(57856K)
[2026-03-22T19:50:52.539+0900][2.638s][info][gc,heap        ] GC(219) ParOldGen: 292271K(349696K)->103429K(349696K)
[2026-03-22T19:50:52.539+0900][2.638s][info][gc,metaspace   ] GC(219) Metaspace: 341K(512K)->341K(512K) NonClass: 323K(384K)->323K(384K) Class: 17K(128K)->17K(128K)
[2026-03-22T19:50:52.539+0900][2.638s][info][gc             ] GC(219) Pause Full (Ergonomics) 398M->101M(455M) 8.449ms
[2026-03-22T19:50:52.539+0900][2.638s][info][gc,cpu         ] GC(219) User=0.00s Sys=0.00s Real=0.01s
[2026-03-22T19:50:52.546+0900][2.644s][info][gc,start       ] GC(220) Pause Young (Allocation Failure)
[2026-03-22T19:50:52.549+0900][2.647s][info][gc,heap        ] GC(220) PSYoungGen: 58504K(116736K)->57632K(116736K) Eden: 58504K(58880K)->0K(58880K) From: 0K(57856K)->57632K(57856K)
[2026-03-22T19:50:52.549+0900][2.647s][info][gc,heap        ] GC(220) ParOldGen: 103429K(349696K)->103429K(349696K)
[2026-03-22T19:50:52.549+0900][2.647s][info][gc,metaspace   ] GC(220) Metaspace: 341K(512K)->341K(512K) NonClass: 323K(384K)->323K(384K) Class: 17K(128K)->17K(128K)
[2026-03-22T19:50:52.549+0900][2.647s][info][gc             ] GC(220) Pause Young (Allocation Failure) 158M->157M(455M) 2.922ms
[2026-03-22T19:50:52.549+0900][2.647s][info][gc,cpu         ] GC(220) User=0.00s Sys=0.00s Real=0.00s
[2026-03-22T19:50:52.555+0900][2.653s][info][gc,start       ] GC(221) Pause Young (Allocation Failure)
[2026-03-22T19:50:52.558+0900][2.657s][info][gc,heap        ] GC(221) PSYoungGen: 116136K(116736K)->57632K(116736K) Eden: 58504K(58880K)->0K(58880K) From: 57632K(57856K)->57632K(57856K)
[2026-03-22T19:50:52.559+0900][2.657s][info][gc,heap        ] GC(221) ParOldGen: 103429K(349696K)->150638K(349696K)
[2026-03-22T19:50:52.559+0900][2.657s][info][gc,metaspace   ] GC(221) Metaspace: 341K(512K)->341K(512K) NonClass: 323K(384K)->323K(384K) Class: 17K(128K)->17K(128K)
[2026-03-22T19:50:52.559+0900][2.657s][info][gc             ] GC(221) Pause Young (Allocation Failure) 214M->203M(455M) 4.071ms
[2026-03-22T19:50:52.559+0900][2.657s][info][gc,cpu         ] GC(221) User=0.11s Sys=0.02s Real=0.00s
[2026-03-22T19:50:52.565+0900][2.663s][info][gc,start       ] GC(222) Pause Young (Allocation Failure)
[2026-03-22T19:50:52.569+0900][2.667s][info][gc,heap        ] GC(222) PSYoungGen: 116136K(116736K)->57632K(116736K) Eden: 58504K(58880K)->0K(58880K) From: 57632K(57856K)->57632K(57856K)
[2026-03-22T19:50:52.569+0900][2.667s][info][gc,heap        ] GC(222) ParOldGen: 150638K(349696K)->197846K(349696K)
[2026-03-22T19:50:52.569+0900][2.667s][info][gc,metaspace   ] GC(222) Metaspace: 341K(512K)->341K(512K) NonClass: 323K(384K)->323K(384K) Class: 17K(128K)->17K(128K)
[2026-03-22T19:50:52.569+0900][2.667s][info][gc             ] GC(222) Pause Young (Allocation Failure) 260M->249M(455M) 4.086ms
[2026-03-22T19:50:52.569+0900][2.667s][info][gc,cpu         ] GC(222) User=0.00s Sys=0.00s Real=0.00s
[2026-03-22T19:50:52.574+0900][2.673s][info][gc,start       ] GC(223) Pause Young (Allocation Failure)
[2026-03-22T19:50:52.579+0900][2.678s][info][gc,heap        ] GC(223) PSYoungGen: 116136K(116736K)->57632K(116736K) Eden: 58504K(58880K)->0K(58880K) From: 57632K(57856K)->57632K(57856K)
[2026-03-22T19:50:52.579+0900][2.678s][info][gc,heap        ] GC(223) ParOldGen: 197846K(349696K)->245063K(349696K)
[2026-03-22T19:50:52.579+0900][2.678s][info][gc,metaspace   ] GC(223) Metaspace: 341K(512K)->341K(512K) NonClass: 323K(384K)->323K(384K) Class: 17K(128K)->17K(128K)
[2026-03-22T19:50:52.579+0900][2.678s][info][gc             ] GC(223) Pause Young (Allocation Failure) 306M->295M(455M) 4.751ms
[2026-03-22T19:50:52.579+0900][2.678s][info][gc,cpu         ] GC(223) User=0.00s Sys=0.00s Real=0.01s
[2026-03-22T19:50:52.585+0900][2.684s][info][gc,start       ] GC(224) Pause Young (Allocation Failure)
[2026-03-22T19:50:52.589+0900][2.688s][info][gc,heap        ] GC(224) PSYoungGen: 116136K(116736K)->57632K(116736K) Eden: 58504K(58880K)->0K(58880K) From: 57632K(57856K)->57632K(57856K)
[2026-03-22T19:50:52.589+0900][2.688s][info][gc,heap        ] GC(224) ParOldGen: 245063K(349696K)->292271K(349696K)
[2026-03-22T19:50:52.589+0900][2.688s][info][gc,metaspace   ] GC(224) Metaspace: 341K(512K)->341K(512K) NonClass: 323K(384K)->323K(384K) Class: 17K(128K)->17K(128K)
[2026-03-22T19:50:52.589+0900][2.688s][info][gc             ] GC(224) Pause Young (Allocation Failure) 352M->341M(455M) 4.492ms
[2026-03-22T19:50:52.589+0900][2.688s][info][gc,cpu         ] GC(224) User=0.12s Sys=0.00s Real=0.00s
[2026-03-22T19:50:52.597+0900][2.696s][info][gc,start       ] GC(225) Pause Full (Ergonomics)
[2026-03-22T19:50:52.597+0900][2.696s][info][gc,phases,start] GC(225) Marking Phase
[2026-03-22T19:50:52.599+0900][2.697s][info][gc,phases      ] GC(225) Marking Phase 1.692ms
[2026-03-22T19:50:52.599+0900][2.698s][info][gc,phases,start] GC(225) Summary Phase
[2026-03-22T19:50:52.599+0900][2.698s][info][gc,phases      ] GC(225) Summary Phase 0.032ms
[2026-03-22T19:50:52.599+0900][2.698s][info][gc,phases,start] GC(225) Adjust Roots
[2026-03-22T19:50:52.599+0900][2.698s][info][gc,phases      ] GC(225) Adjust Roots 0.290ms
[2026-03-22T19:50:52.599+0900][2.698s][info][gc,phases,start] GC(225) Compaction Phase
[2026-03-22T19:50:52.605+0900][2.704s][info][gc,phases      ] GC(225) Compaction Phase 5.586ms
[2026-03-22T19:50:52.605+0900][2.704s][info][gc,phases,start] GC(225) Post Compact
[2026-03-22T19:50:52.607+0900][2.705s][info][gc,phases      ] GC(225) Post Compact 1.450ms
[2026-03-22T19:50:52.607+0900][2.705s][info][gc,heap        ] GC(225) PSYoungGen: 116136K(116736K)->0K(116736K) Eden: 58504K(58880K)->0K(58880K) From: 57632K(57856K)->0K(57856K)
[2026-03-22T19:50:52.607+0900][2.705s][info][gc,heap        ] GC(225) ParOldGen: 292271K(349696K)->103429K(349696K)
[2026-03-22T19:50:52.607+0900][2.705s][info][gc,metaspace   ] GC(225) Metaspace: 341K(512K)->341K(512K) NonClass: 323K(384K)->323K(384K) Class: 17K(128K)->17K(128K)
[2026-03-22T19:50:52.607+0900][2.705s][info][gc             ] GC(225) Pause Full (Ergonomics) 398M->101M(455M) 9.378ms
[2026-03-22T19:50:52.607+0900][2.705s][info][gc,cpu         ] GC(225) User=0.12s Sys=0.00s Real=0.01s
[2026-03-22T19:50:52.613+0900][2.712s][info][gc,start       ] GC(226) Pause Young (Allocation Failure)
[2026-03-22T19:50:52.616+0900][2.714s][info][gc,heap        ] GC(226) PSYoungGen: 58504K(116736K)->57632K(116736K) Eden: 58504K(58880K)->0K(58880K) From: 0K(57856K)->57632K(57856K)
[2026-03-22T19:50:52.616+0900][2.714s][info][gc,heap        ] GC(226) ParOldGen: 103429K(349696K)->103429K(349696K)
[2026-03-22T19:50:52.616+0900][2.714s][info][gc,metaspace   ] GC(226) Metaspace: 341K(512K)->341K(512K) NonClass: 323K(384K)->323K(384K) Class: 17K(128K)->17K(128K)
[2026-03-22T19:50:52.616+0900][2.714s][info][gc             ] GC(226) Pause Young (Allocation Failure) 158M->157M(455M) 2.773ms
[2026-03-22T19:50:52.616+0900][2.714s][info][gc,cpu         ] GC(226) User=0.00s Sys=0.00s Real=0.00s
[2026-03-22T19:50:52.623+0900][2.721s][info][gc,start       ] GC(227) Pause Young (Allocation Failure)
[2026-03-22T19:50:52.626+0900][2.725s][info][gc,heap        ] GC(227) PSYoungGen: 116136K(116736K)->57632K(116736K) Eden: 58504K(58880K)->0K(58880K) From: 57632K(57856K)->57632K(57856K)
[2026-03-22T19:50:52.626+0900][2.726s][info][gc,heap        ] GC(227) ParOldGen: 103429K(349696K)->150638K(349696K)
[2026-03-22T19:50:52.626+0900][2.726s][info][gc,metaspace   ] GC(227) Metaspace: 341K(512K)->341K(512K) NonClass: 323K(384K)->323K(384K) Class: 17K(128K)->17K(128K)
[2026-03-22T19:50:52.626+0900][2.726s][info][gc             ] GC(227) Pause Young (Allocation Failure) 214M->203M(455M) 4.243ms
[2026-03-22T19:50:52.626+0900][2.726s][info][gc,cpu         ] GC(227) User=0.00s Sys=0.00s Real=0.00s
[2026-03-22T19:50:52.633+0900][2.731s][info][gc,start       ] GC(228) Pause Young (Allocation Failure)
[2026-03-22T19:50:52.637+0900][2.736s][info][gc,heap        ] GC(228) PSYoungGen: 116136K(116736K)->57632K(116736K) Eden: 58504K(58880K)->0K(58880K) From: 57632K(57856K)->57632K(57856K)
[2026-03-22T19:50:52.637+0900][2.736s][info][gc,heap        ] GC(228) ParOldGen: 150638K(349696K)->197846K(349696K)
[2026-03-22T19:50:52.637+0900][2.736s][info][gc,metaspace   ] GC(228) Metaspace: 341K(512K)->341K(512K) NonClass: 323K(384K)->323K(384K) Class: 17K(128K)->17K(128K)
[2026-03-22T19:50:52.637+0900][2.736s][info][gc             ] GC(228) Pause Young (Allocation Failure) 260M->249M(455M) 4.469ms
[2026-03-22T19:50:52.637+0900][2.736s][info][gc,cpu         ] GC(228) User=0.12s Sys=0.00s Real=0.00s
[2026-03-22T19:50:52.643+0900][2.742s][info][gc,start       ] GC(229) Pause Young (Allocation Failure)
[2026-03-22T19:50:52.647+0900][2.746s][info][gc,heap        ] GC(229) PSYoungGen: 116136K(116736K)->57632K(116736K) Eden: 58504K(58880K)->0K(58880K) From: 57632K(57856K)->57632K(57856K)
[2026-03-22T19:50:52.647+0900][2.746s][info][gc,heap        ] GC(229) ParOldGen: 197846K(349696K)->245063K(349696K)
[2026-03-22T19:50:52.647+0900][2.746s][info][gc,metaspace   ] GC(229) Metaspace: 341K(512K)->341K(512K) NonClass: 323K(384K)->323K(384K) Class: 17K(128K)->17K(128K)
[2026-03-22T19:50:52.647+0900][2.746s][info][gc             ] GC(229) Pause Young (Allocation Failure) 306M->295M(455M) 4.102ms
[2026-03-22T19:50:52.647+0900][2.746s][info][gc,cpu         ] GC(229) User=0.00s Sys=0.00s Real=0.00s
[2026-03-22T19:50:52.653+0900][2.752s][info][gc,start       ] GC(230) Pause Young (Allocation Failure)
[2026-03-22T19:50:52.657+0900][2.756s][info][gc,heap        ] GC(230) PSYoungGen: 116136K(116736K)->57632K(116736K) Eden: 58504K(58880K)->0K(58880K) From: 57632K(57856K)->57632K(57856K)
[2026-03-22T19:50:52.657+0900][2.757s][info][gc,heap        ] GC(230) ParOldGen: 245063K(349696K)->292271K(349696K)
[2026-03-22T19:50:52.657+0900][2.757s][info][gc,metaspace   ] GC(230) Metaspace: 341K(512K)->341K(512K) NonClass: 323K(384K)->323K(384K) Class: 17K(128K)->17K(128K)
[2026-03-22T19:50:52.657+0900][2.757s][info][gc             ] GC(230) Pause Young (Allocation Failure) 352M->341M(455M) 4.200ms
[2026-03-22T19:50:52.658+0900][2.757s][info][gc,cpu         ] GC(230) User=0.00s Sys=0.00s Real=0.00s
[2026-03-22T19:50:52.663+0900][2.762s][info][gc,start       ] GC(231) Pause Full (Ergonomics)
[2026-03-22T19:50:52.663+0900][2.763s][info][gc,phases,start] GC(231) Marking Phase
[2026-03-22T19:50:52.665+0900][2.764s][info][gc,phases      ] GC(231) Marking Phase 1.358ms
[2026-03-22T19:50:52.665+0900][2.764s][info][gc,phases,start] GC(231) Summary Phase
[2026-03-22T19:50:52.665+0900][2.764s][info][gc,phases      ] GC(231) Summary Phase 0.023ms
[2026-03-22T19:50:52.665+0900][2.764s][info][gc,phases,start] GC(231) Adjust Roots
[2026-03-22T19:50:52.665+0900][2.764s][info][gc,phases      ] GC(231) Adjust Roots 0.250ms
[2026-03-22T19:50:52.665+0900][2.764s][info][gc,phases,start] GC(231) Compaction Phase
[2026-03-22T19:50:52.671+0900][2.769s][info][gc,phases      ] GC(231) Compaction Phase 5.019ms
[2026-03-22T19:50:52.671+0900][2.769s][info][gc,phases,start] GC(231) Post Compact
[2026-03-22T19:50:52.672+0900][2.771s][info][gc,phases      ] GC(231) Post Compact 1.518ms
[2026-03-22T19:50:52.672+0900][2.771s][info][gc,heap        ] GC(231) PSYoungGen: 116136K(116736K)->0K(116736K) Eden: 58504K(58880K)->0K(58880K) From: 57632K(57856K)->0K(57856K)
[2026-03-22T19:50:52.672+0900][2.771s][info][gc,heap        ] GC(231) ParOldGen: 292271K(349696K)->103429K(349696K)
[2026-03-22T19:50:52.672+0900][2.771s][info][gc,metaspace   ] GC(231) Metaspace: 341K(512K)->341K(512K) NonClass: 323K(384K)->323K(384K) Class: 17K(128K)->17K(128K)
[2026-03-22T19:50:52.672+0900][2.771s][info][gc             ] GC(231) Pause Full (Ergonomics) 398M->101M(455M) 8.532ms
[2026-03-22T19:50:52.672+0900][2.771s][info][gc,cpu         ] GC(231) User=0.02s Sys=0.00s Real=0.01s
[2026-03-22T19:50:52.679+0900][2.777s][info][gc,start       ] GC(232) Pause Young (Allocation Failure)
[2026-03-22T19:50:52.681+0900][2.780s][info][gc,heap        ] GC(232) PSYoungGen: 58504K(116736K)->57632K(116736K) Eden: 58504K(58880K)->0K(58880K) From: 0K(57856K)->57632K(57856K)
[2026-03-22T19:50:52.681+0900][2.780s][info][gc,heap        ] GC(232) ParOldGen: 103429K(349696K)->103429K(349696K)
[2026-03-22T19:50:52.681+0900][2.780s][info][gc,metaspace   ] GC(232) Metaspace: 341K(512K)->341K(512K) NonClass: 323K(384K)->323K(384K) Class: 17K(128K)->17K(128K)
[2026-03-22T19:50:52.681+0900][2.780s][info][gc             ] GC(232) Pause Young (Allocation Failure) 158M->157M(455M) 2.615ms
[2026-03-22T19:50:52.681+0900][2.780s][info][gc,cpu         ] GC(232) User=0.00s Sys=0.00s Real=0.00s
[2026-03-22T19:50:52.688+0900][2.786s][info][gc,start       ] GC(233) Pause Young (Allocation Failure)
[2026-03-22T19:50:52.692+0900][2.791s][info][gc,heap        ] GC(233) PSYoungGen: 116136K(116736K)->57632K(116736K) Eden: 58504K(58880K)->0K(58880K) From: 57632K(57856K)->57632K(57856K)
[2026-03-22T19:50:52.692+0900][2.791s][info][gc,heap        ] GC(233) ParOldGen: 103429K(349696K)->150638K(349696K)
[2026-03-22T19:50:52.692+0900][2.791s][info][gc,metaspace   ] GC(233) Metaspace: 341K(512K)->341K(512K) NonClass: 323K(384K)->323K(384K) Class: 17K(128K)->17K(128K)
[2026-03-22T19:50:52.692+0900][2.791s][info][gc             ] GC(233) Pause Young (Allocation Failure) 214M->203M(455M) 4.307ms
[2026-03-22T19:50:52.692+0900][2.791s][info][gc,cpu         ] GC(233) User=0.00s Sys=0.00s Real=0.00s
[2026-03-22T19:50:52.698+0900][2.797s][info][gc,start       ] GC(234) Pause Young (Allocation Failure)
[2026-03-22T19:50:52.703+0900][2.801s][info][gc,heap        ] GC(234) PSYoungGen: 116136K(116736K)->57632K(116736K) Eden: 58504K(58880K)->0K(58880K) From: 57632K(57856K)->57632K(57856K)
[2026-03-22T19:50:52.703+0900][2.801s][info][gc,heap        ] GC(234) ParOldGen: 150638K(349696K)->197846K(349696K)
[2026-03-22T19:50:52.703+0900][2.801s][info][gc,metaspace   ] GC(234) Metaspace: 341K(512K)->341K(512K) NonClass: 323K(384K)->323K(384K) Class: 17K(128K)->17K(128K)
[2026-03-22T19:50:52.703+0900][2.801s][info][gc             ] GC(234) Pause Young (Allocation Failure) 260M->249M(455M) 4.112ms
[2026-03-22T19:50:52.703+0900][2.801s][info][gc,cpu         ] GC(234) User=0.00s Sys=0.00s Real=0.01s
[2026-03-22T19:50:52.710+0900][2.808s][info][gc,start       ] GC(235) Pause Young (Allocation Failure)
[2026-03-22T19:50:52.713+0900][2.812s][info][gc,heap        ] GC(235) PSYoungGen: 116136K(116736K)->57632K(116736K) Eden: 58504K(58880K)->0K(58880K) From: 57632K(57856K)->57632K(57856K)
[2026-03-22T19:50:52.713+0900][2.812s][info][gc,heap        ] GC(235) ParOldGen: 197846K(349696K)->245063K(349696K)
[2026-03-22T19:50:52.713+0900][2.812s][info][gc,metaspace   ] GC(235) Metaspace: 341K(512K)->341K(512K) NonClass: 323K(384K)->323K(384K) Class: 17K(128K)->17K(128K)
[2026-03-22T19:50:52.713+0900][2.812s][info][gc             ] GC(235) Pause Young (Allocation Failure) 306M->295M(455M) 4.005ms
[2026-03-22T19:50:52.713+0900][2.812s][info][gc,cpu         ] GC(235) User=0.09s Sys=0.02s Real=0.00s
[2026-03-22T19:50:52.720+0900][2.818s][info][gc,start       ] GC(236) Pause Young (Allocation Failure)
[2026-03-22T19:50:52.724+0900][2.823s][info][gc,heap        ] GC(236) PSYoungGen: 116136K(116736K)->57632K(116736K) Eden: 58504K(58880K)->0K(58880K) From: 57632K(57856K)->57632K(57856K)
[2026-03-22T19:50:52.724+0900][2.823s][info][gc,heap        ] GC(236) ParOldGen: 245063K(349696K)->292271K(349696K)
[2026-03-22T19:50:52.724+0900][2.823s][info][gc,metaspace   ] GC(236) Metaspace: 341K(512K)->341K(512K) NonClass: 323K(384K)->323K(384K) Class: 17K(128K)->17K(128K)
[2026-03-22T19:50:52.724+0900][2.823s][info][gc             ] GC(236) Pause Young (Allocation Failure) 352M->341M(455M) 4.259ms
[2026-03-22T19:50:52.724+0900][2.823s][info][gc,cpu         ] GC(236) User=0.00s Sys=0.00s Real=0.00s
[2026-03-22T19:50:52.731+0900][2.829s][info][gc,start       ] GC(237) Pause Full (Ergonomics)
[2026-03-22T19:50:52.731+0900][2.829s][info][gc,phases,start] GC(237) Marking Phase
[2026-03-22T19:50:52.732+0900][2.830s][info][gc,phases      ] GC(237) Marking Phase 1.355ms
[2026-03-22T19:50:52.732+0900][2.830s][info][gc,phases,start] GC(237) Summary Phase
[2026-03-22T19:50:52.732+0900][2.830s][info][gc,phases      ] GC(237) Summary Phase 0.023ms
[2026-03-22T19:50:52.732+0900][2.830s][info][gc,phases,start] GC(237) Adjust Roots
[2026-03-22T19:50:52.732+0900][2.831s][info][gc,phases      ] GC(237) Adjust Roots 0.258ms
[2026-03-22T19:50:52.732+0900][2.831s][info][gc,phases,start] GC(237) Compaction Phase
[2026-03-22T19:50:52.737+0900][2.835s][info][gc,phases      ] GC(237) Compaction Phase 4.657ms
[2026-03-22T19:50:52.737+0900][2.835s][info][gc,phases,start] GC(237) Post Compact
[2026-03-22T19:50:52.739+0900][2.837s][info][gc,phases      ] GC(237) Post Compact 1.447ms
[2026-03-22T19:50:52.739+0900][2.837s][info][gc,heap        ] GC(237) PSYoungGen: 116136K(116736K)->0K(116736K) Eden: 58504K(58880K)->0K(58880K) From: 57632K(57856K)->0K(57856K)
[2026-03-22T19:50:52.739+0900][2.837s][info][gc,heap        ] GC(237) ParOldGen: 292271K(349696K)->103429K(349696K)
[2026-03-22T19:50:52.739+0900][2.837s][info][gc,metaspace   ] GC(237) Metaspace: 341K(512K)->341K(512K) NonClass: 323K(384K)->323K(384K) Class: 17K(128K)->17K(128K)
[2026-03-22T19:50:52.739+0900][2.837s][info][gc             ] GC(237) Pause Full (Ergonomics) 398M->101M(455M) 8.096ms
[2026-03-22T19:50:52.739+0900][2.837s][info][gc,cpu         ] GC(237) User=0.00s Sys=0.00s Real=0.01s
[2026-03-22T19:50:52.745+0900][2.844s][info][gc,start       ] GC(238) Pause Young (Allocation Failure)
[2026-03-22T19:50:52.747+0900][2.846s][info][gc,heap        ] GC(238) PSYoungGen: 58504K(116736K)->57632K(116736K) Eden: 58504K(58880K)->0K(58880K) From: 0K(57856K)->57632K(57856K)
[2026-03-22T19:50:52.747+0900][2.846s][info][gc,heap        ] GC(238) ParOldGen: 103429K(349696K)->103429K(349696K)
[2026-03-22T19:50:52.747+0900][2.846s][info][gc,metaspace   ] GC(238) Metaspace: 341K(512K)->341K(512K) NonClass: 323K(384K)->323K(384K) Class: 17K(128K)->17K(128K)
[2026-03-22T19:50:52.747+0900][2.846s][info][gc             ] GC(238) Pause Young (Allocation Failure) 158M->157M(455M) 2.569ms
[2026-03-22T19:50:52.747+0900][2.846s][info][gc,cpu         ] GC(238) User=0.00s Sys=0.00s Real=0.00s
[2026-03-22T19:50:52.753+0900][2.852s][info][gc,start       ] GC(239) Pause Young (Allocation Failure)
[2026-03-22T19:50:52.757+0900][2.856s][info][gc,heap        ] GC(239) PSYoungGen: 116136K(116736K)->57632K(116736K) Eden: 58504K(58880K)->0K(58880K) From: 57632K(57856K)->57632K(57856K)
[2026-03-22T19:50:52.757+0900][2.856s][info][gc,heap        ] GC(239) ParOldGen: 103429K(349696K)->150638K(349696K)
[2026-03-22T19:50:52.757+0900][2.856s][info][gc,metaspace   ] GC(239) Metaspace: 341K(512K)->341K(512K) NonClass: 323K(384K)->323K(384K) Class: 17K(128K)->17K(128K)
[2026-03-22T19:50:52.757+0900][2.856s][info][gc             ] GC(239) Pause Young (Allocation Failure) 214M->203M(455M) 4.137ms
[2026-03-22T19:50:52.757+0900][2.856s][info][gc,cpu         ] GC(239) User=0.00s Sys=0.00s Real=0.00s
[2026-03-22T19:50:52.764+0900][2.863s][info][gc,start       ] GC(240) Pause Young (Allocation Failure)
[2026-03-22T19:50:52.768+0900][2.867s][info][gc,heap        ] GC(240) PSYoungGen: 116136K(116736K)->57632K(116736K) Eden: 58504K(58880K)->0K(58880K) From: 57632K(57856K)->57632K(57856K)
[2026-03-22T19:50:52.768+0900][2.867s][info][gc,heap        ] GC(240) ParOldGen: 150638K(349696K)->197846K(349696K)
[2026-03-22T19:50:52.768+0900][2.867s][info][gc,metaspace   ] GC(240) Metaspace: 341K(512K)->341K(512K) NonClass: 323K(384K)->323K(384K) Class: 17K(128K)->17K(128K)
[2026-03-22T19:50:52.768+0900][2.867s][info][gc             ] GC(240) Pause Young (Allocation Failure) 260M->249M(455M) 4.481ms
[2026-03-22T19:50:52.768+0900][2.867s][info][gc,cpu         ] GC(240) User=0.00s Sys=0.00s Real=0.00s
[2026-03-22T19:50:52.774+0900][2.873s][info][gc,start       ] GC(241) Pause Young (Allocation Failure)
[2026-03-22T19:50:52.779+0900][2.878s][info][gc,heap        ] GC(241) PSYoungGen: 116136K(116736K)->57632K(116736K) Eden: 58504K(58880K)->0K(58880K) From: 57632K(57856K)->57632K(57856K)
[2026-03-22T19:50:52.779+0900][2.878s][info][gc,heap        ] GC(241) ParOldGen: 197846K(349696K)->245063K(349696K)
[2026-03-22T19:50:52.779+0900][2.878s][info][gc,metaspace   ] GC(241) Metaspace: 341K(512K)->341K(512K) NonClass: 323K(384K)->323K(384K) Class: 17K(128K)->17K(128K)
[2026-03-22T19:50:52.779+0900][2.878s][info][gc             ] GC(241) Pause Young (Allocation Failure) 306M->295M(455M) 4.659ms
[2026-03-22T19:50:52.779+0900][2.878s][info][gc,cpu         ] GC(241) User=0.06s Sys=0.00s Real=0.01s
[2026-03-22T19:50:52.785+0900][2.884s][info][gc,start       ] GC(242) Pause Young (Allocation Failure)
[2026-03-22T19:50:52.790+0900][2.889s][info][gc,heap        ] GC(242) PSYoungGen: 116136K(116736K)->57632K(116736K) Eden: 58504K(58880K)->0K(58880K) From: 57632K(57856K)->57632K(57856K)
[2026-03-22T19:50:52.790+0900][2.889s][info][gc,heap        ] GC(242) ParOldGen: 245063K(349696K)->292271K(349696K)
[2026-03-22T19:50:52.790+0900][2.889s][info][gc,metaspace   ] GC(242) Metaspace: 341K(512K)->341K(512K) NonClass: 323K(384K)->323K(384K) Class: 17K(128K)->17K(128K)
[2026-03-22T19:50:52.790+0900][2.889s][info][gc             ] GC(242) Pause Young (Allocation Failure) 352M->341M(455M) 5.261ms
[2026-03-22T19:50:52.790+0900][2.889s][info][gc,cpu         ] GC(242) User=0.00s Sys=0.00s Real=0.00s
[2026-03-22T19:50:52.796+0900][2.895s][info][gc,start       ] GC(243) Pause Full (Ergonomics)
[2026-03-22T19:50:52.797+0900][2.895s][info][gc,phases,start] GC(243) Marking Phase
[2026-03-22T19:50:52.798+0900][2.896s][info][gc,phases      ] GC(243) Marking Phase 1.323ms
[2026-03-22T19:50:52.798+0900][2.896s][info][gc,phases,start] GC(243) Summary Phase
[2026-03-22T19:50:52.798+0900][2.896s][info][gc,phases      ] GC(243) Summary Phase 0.018ms
[2026-03-22T19:50:52.798+0900][2.896s][info][gc,phases,start] GC(243) Adjust Roots
[2026-03-22T19:50:52.798+0900][2.897s][info][gc,phases      ] GC(243) Adjust Roots 0.227ms
[2026-03-22T19:50:52.798+0900][2.897s][info][gc,phases,start] GC(243) Compaction Phase
[2026-03-22T19:50:52.803+0900][2.902s][info][gc,phases      ] GC(243) Compaction Phase 5.628ms
[2026-03-22T19:50:52.803+0900][2.902s][info][gc,phases,start] GC(243) Post Compact
[2026-03-22T19:50:52.805+0900][2.904s][info][gc,phases      ] GC(243) Post Compact 1.392ms
[2026-03-22T19:50:52.805+0900][2.904s][info][gc,heap        ] GC(243) PSYoungGen: 116136K(116736K)->0K(116736K) Eden: 58504K(58880K)->0K(58880K) From: 57632K(57856K)->0K(57856K)
[2026-03-22T19:50:52.805+0900][2.904s][info][gc,heap        ] GC(243) ParOldGen: 292271K(349696K)->103429K(349696K)
[2026-03-22T19:50:52.805+0900][2.904s][info][gc,metaspace   ] GC(243) Metaspace: 341K(512K)->341K(512K) NonClass: 323K(384K)->323K(384K) Class: 17K(128K)->17K(128K)
[2026-03-22T19:50:52.805+0900][2.904s][info][gc             ] GC(243) Pause Full (Ergonomics) 398M->101M(455M) 8.930ms
[2026-03-22T19:50:52.805+0900][2.904s][info][gc,cpu         ] GC(243) User=0.00s Sys=0.00s Real=0.01s
[2026-03-22T19:50:52.811+0900][2.910s][info][gc,start       ] GC(244) Pause Young (Allocation Failure)
[2026-03-22T19:50:52.814+0900][2.913s][info][gc,heap        ] GC(244) PSYoungGen: 58504K(116736K)->57600K(116736K) Eden: 58504K(58880K)->0K(58880K) From: 0K(57856K)->57600K(57856K)
[2026-03-22T19:50:52.814+0900][2.913s][info][gc,heap        ] GC(244) ParOldGen: 103429K(349696K)->103429K(349696K)
[2026-03-22T19:50:52.814+0900][2.913s][info][gc,metaspace   ] GC(244) Metaspace: 341K(512K)->341K(512K) NonClass: 323K(384K)->323K(384K) Class: 17K(128K)->17K(128K)
[2026-03-22T19:50:52.814+0900][2.913s][info][gc             ] GC(244) Pause Young (Allocation Failure) 158M->157M(455M) 2.732ms
[2026-03-22T19:50:52.814+0900][2.913s][info][gc,cpu         ] GC(244) User=0.00s Sys=0.00s Real=0.00s
[2026-03-22T19:50:52.820+0900][2.919s][info][gc,start       ] GC(245) Pause Young (Allocation Failure)
[2026-03-22T19:50:52.825+0900][2.923s][info][gc,heap        ] GC(245) PSYoungGen: 116104K(116736K)->57632K(116736K) Eden: 58504K(58880K)->0K(58880K) From: 57600K(57856K)->57632K(57856K)
[2026-03-22T19:50:52.825+0900][2.923s][info][gc,heap        ] GC(245) ParOldGen: 103429K(349696K)->150630K(349696K)
[2026-03-22T19:50:52.825+0900][2.923s][info][gc,metaspace   ] GC(245) Metaspace: 341K(512K)->341K(512K) NonClass: 323K(384K)->323K(384K) Class: 17K(128K)->17K(128K)
[2026-03-22T19:50:52.825+0900][2.923s][info][gc             ] GC(245) Pause Young (Allocation Failure) 214M->203M(455M) 4.297ms
[2026-03-22T19:50:52.825+0900][2.923s][info][gc,cpu         ] GC(245) User=0.11s Sys=0.00s Real=0.01s
[2026-03-22T19:50:52.832+0900][2.930s][info][gc,start       ] GC(246) Pause Young (Allocation Failure)
[2026-03-22T19:50:52.836+0900][2.935s][info][gc,heap        ] GC(246) PSYoungGen: 116136K(116736K)->57632K(116736K) Eden: 58504K(58880K)->0K(58880K) From: 57632K(57856K)->57632K(57856K)
[2026-03-22T19:50:52.837+0900][2.935s][info][gc,heap        ] GC(246) ParOldGen: 150630K(349696K)->197838K(349696K)
[2026-03-22T19:50:52.837+0900][2.935s][info][gc,metaspace   ] GC(246) Metaspace: 341K(512K)->341K(512K) NonClass: 323K(384K)->323K(384K) Class: 17K(128K)->17K(128K)
[2026-03-22T19:50:52.837+0900][2.935s][info][gc             ] GC(246) Pause Young (Allocation Failure) 260M->249M(455M) 4.736ms
[2026-03-22T19:50:52.837+0900][2.935s][info][gc,cpu         ] GC(246) User=0.00s Sys=0.00s Real=0.00s
[2026-03-22T19:50:52.843+0900][2.942s][info][gc,start       ] GC(247) Pause Young (Allocation Failure)
[2026-03-22T19:50:52.847+0900][2.946s][info][gc,heap        ] GC(247) PSYoungGen: 116136K(116736K)->57632K(116736K) Eden: 58504K(58880K)->0K(58880K) From: 57632K(57856K)->57632K(57856K)
[2026-03-22T19:50:52.847+0900][2.946s][info][gc,heap        ] GC(247) ParOldGen: 197838K(349696K)->245055K(349696K)
[2026-03-22T19:50:52.847+0900][2.946s][info][gc,metaspace   ] GC(247) Metaspace: 341K(512K)->341K(512K) NonClass: 323K(384K)->323K(384K) Class: 17K(128K)->17K(128K)
[2026-03-22T19:50:52.847+0900][2.946s][info][gc             ] GC(247) Pause Young (Allocation Failure) 306M->295M(455M) 4.181ms
[2026-03-22T19:50:52.847+0900][2.946s][info][gc,cpu         ] GC(247) User=0.00s Sys=0.00s Real=0.00s
[2026-03-22T19:50:52.854+0900][2.953s][info][gc,start       ] GC(248) Pause Young (Allocation Failure)
[2026-03-22T19:50:52.858+0900][2.957s][info][gc,heap        ] GC(248) PSYoungGen: 116136K(116736K)->57632K(116736K) Eden: 58504K(58880K)->0K(58880K) From: 57632K(57856K)->57632K(57856K)
[2026-03-22T19:50:52.858+0900][2.957s][info][gc,heap        ] GC(248) ParOldGen: 245055K(349696K)->292263K(349696K)
[2026-03-22T19:50:52.858+0900][2.957s][info][gc,metaspace   ] GC(248) Metaspace: 341K(512K)->341K(512K) NonClass: 323K(384K)->323K(384K) Class: 17K(128K)->17K(128K)
[2026-03-22T19:50:52.858+0900][2.957s][info][gc             ] GC(248) Pause Young (Allocation Failure) 352M->341M(455M) 4.171ms
[2026-03-22T19:50:52.858+0900][2.957s][info][gc,cpu         ] GC(248) User=0.00s Sys=0.00s Real=0.00s
[2026-03-22T19:50:52.865+0900][2.963s][info][gc,start       ] GC(249) Pause Full (Ergonomics)
[2026-03-22T19:50:52.865+0900][2.963s][info][gc,phases,start] GC(249) Marking Phase
[2026-03-22T19:50:52.867+0900][2.965s][info][gc,phases      ] GC(249) Marking Phase 1.531ms
[2026-03-22T19:50:52.867+0900][2.965s][info][gc,phases,start] GC(249) Summary Phase
[2026-03-22T19:50:52.867+0900][2.965s][info][gc,phases      ] GC(249) Summary Phase 0.020ms
[2026-03-22T19:50:52.867+0900][2.965s][info][gc,phases,start] GC(249) Adjust Roots
[2026-03-22T19:50:52.867+0900][2.965s][info][gc,phases      ] GC(249) Adjust Roots 0.242ms
[2026-03-22T19:50:52.867+0900][2.965s][info][gc,phases,start] GC(249) Compaction Phase
[2026-03-22T19:50:52.872+0900][2.970s][info][gc,phases      ] GC(249) Compaction Phase 4.832ms
[2026-03-22T19:50:52.872+0900][2.970s][info][gc,phases,start] GC(249) Post Compact
[2026-03-22T19:50:52.874+0900][2.972s][info][gc,phases      ] GC(249) Post Compact 1.607ms
[2026-03-22T19:50:52.874+0900][2.972s][info][gc,heap        ] GC(249) PSYoungGen: 116136K(116736K)->0K(116736K) Eden: 58504K(58880K)->0K(58880K) From: 57632K(57856K)->0K(57856K)
[2026-03-22T19:50:52.874+0900][2.972s][info][gc,heap        ] GC(249) ParOldGen: 292263K(349696K)->103429K(349696K)
[2026-03-22T19:50:52.874+0900][2.972s][info][gc,metaspace   ] GC(249) Metaspace: 341K(512K)->341K(512K) NonClass: 323K(384K)->323K(384K) Class: 17K(128K)->17K(128K)
[2026-03-22T19:50:52.874+0900][2.972s][info][gc             ] GC(249) Pause Full (Ergonomics) 398M->101M(455M) 8.609ms
[2026-03-22T19:50:52.874+0900][2.972s][info][gc,cpu         ] GC(249) User=0.12s Sys=0.00s Real=0.01s
[2026-03-22T19:50:52.880+0900][2.978s][info][gc,start       ] GC(250) Pause Young (Allocation Failure)
[2026-03-22T19:50:52.883+0900][2.981s][info][gc,heap        ] GC(250) PSYoungGen: 58504K(116736K)->57632K(116736K) Eden: 58504K(58880K)->0K(58880K) From: 0K(57856K)->57632K(57856K)
[2026-03-22T19:50:52.883+0900][2.981s][info][gc,heap        ] GC(250) ParOldGen: 103429K(349696K)->103429K(349696K)
[2026-03-22T19:50:52.883+0900][2.981s][info][gc,metaspace   ] GC(250) Metaspace: 341K(512K)->341K(512K) NonClass: 323K(384K)->323K(384K) Class: 17K(128K)->17K(128K)
[2026-03-22T19:50:52.883+0900][2.981s][info][gc             ] GC(250) Pause Young (Allocation Failure) 158M->157M(455M) 2.990ms
[2026-03-22T19:50:52.883+0900][2.981s][info][gc,cpu         ] GC(250) User=0.00s Sys=0.00s Real=0.00s
[2026-03-22T19:50:52.889+0900][2.988s][info][gc,start       ] GC(251) Pause Young (Allocation Failure)
[2026-03-22T19:50:52.893+0900][2.992s][info][gc,heap        ] GC(251) PSYoungGen: 116136K(116736K)->57632K(116736K) Eden: 58504K(58880K)->0K(58880K) From: 57632K(57856K)->57632K(57856K)
[2026-03-22T19:50:52.893+0900][2.992s][info][gc,heap        ] GC(251) ParOldGen: 103429K(349696K)->150638K(349696K)
[2026-03-22T19:50:52.893+0900][2.992s][info][gc,metaspace   ] GC(251) Metaspace: 341K(512K)->341K(512K) NonClass: 323K(384K)->323K(384K) Class: 17K(128K)->17K(128K)
[2026-03-22T19:50:52.893+0900][2.992s][info][gc             ] GC(251) Pause Young (Allocation Failure) 214M->203M(455M) 4.449ms
[2026-03-22T19:50:52.893+0900][2.992s][info][gc,cpu         ] GC(251) User=0.00s Sys=0.00s Real=0.00s
[2026-03-22T19:50:52.899+0900][2.998s][info][gc,start       ] GC(252) Pause Young (Allocation Failure)
[2026-03-22T19:50:52.904+0900][3.002s][info][gc,heap        ] GC(252) PSYoungGen: 116136K(116736K)->57632K(116736K) Eden: 58504K(58880K)->0K(58880K) From: 57632K(57856K)->57632K(57856K)
[2026-03-22T19:50:52.904+0900][3.003s][info][gc,heap        ] GC(252) ParOldGen: 150638K(349696K)->197846K(349696K)
[2026-03-22T19:50:52.904+0900][3.003s][info][gc,metaspace   ] GC(252) Metaspace: 341K(512K)->341K(512K) NonClass: 323K(384K)->323K(384K) Class: 17K(128K)->17K(128K)
[2026-03-22T19:50:52.904+0900][3.003s][info][gc             ] GC(252) Pause Young (Allocation Failure) 260M->249M(455M) 4.162ms
[2026-03-22T19:50:52.904+0900][3.003s][info][gc,cpu         ] GC(252) User=0.03s Sys=0.00s Real=0.01s
[2026-03-22T19:50:52.911+0900][3.009s][info][gc,start       ] GC(253) Pause Young (Allocation Failure)
[2026-03-22T19:50:52.915+0900][3.013s][info][gc,heap        ] GC(253) PSYoungGen: 116136K(116736K)->57632K(116736K) Eden: 58504K(58880K)->0K(58880K) From: 57632K(57856K)->57632K(57856K)
[2026-03-22T19:50:52.915+0900][3.013s][info][gc,heap        ] GC(253) ParOldGen: 197846K(349696K)->245063K(349696K)
[2026-03-22T19:50:52.915+0900][3.013s][info][gc,metaspace   ] GC(253) Metaspace: 341K(512K)->341K(512K) NonClass: 323K(384K)->323K(384K) Class: 17K(128K)->17K(128K)
[2026-03-22T19:50:52.915+0900][3.013s][info][gc             ] GC(253) Pause Young (Allocation Failure) 306M->295M(455M) 4.517ms
[2026-03-22T19:50:52.915+0900][3.014s][info][gc,cpu         ] GC(253) User=0.00s Sys=0.00s Real=0.00s
[2026-03-22T19:50:52.921+0900][3.020s][info][gc,start       ] GC(254) Pause Young (Allocation Failure)
[2026-03-22T19:50:52.925+0900][3.024s][info][gc,heap        ] GC(254) PSYoungGen: 116136K(116736K)->57632K(116736K) Eden: 58504K(58880K)->0K(58880K) From: 57632K(57856K)->57632K(57856K)
[2026-03-22T19:50:52.925+0900][3.024s][info][gc,heap        ] GC(254) ParOldGen: 245063K(349696K)->292271K(349696K)
[2026-03-22T19:50:52.925+0900][3.024s][info][gc,metaspace   ] GC(254) Metaspace: 341K(512K)->341K(512K) NonClass: 323K(384K)->323K(384K) Class: 17K(128K)->17K(128K)
[2026-03-22T19:50:52.925+0900][3.024s][info][gc             ] GC(254) Pause Young (Allocation Failure) 352M->341M(455M) 4.227ms
[2026-03-22T19:50:52.925+0900][3.024s][info][gc,cpu         ] GC(254) User=0.00s Sys=0.00s Real=0.00s
[2026-03-22T19:50:52.931+0900][3.030s][info][gc,start       ] GC(255) Pause Full (Ergonomics)
[2026-03-22T19:50:52.931+0900][3.030s][info][gc,phases,start] GC(255) Marking Phase
[2026-03-22T19:50:52.932+0900][3.031s][info][gc,phases      ] GC(255) Marking Phase 1.415ms
[2026-03-22T19:50:52.932+0900][3.031s][info][gc,phases,start] GC(255) Summary Phase
[2026-03-22T19:50:52.933+0900][3.031s][info][gc,phases      ] GC(255) Summary Phase 0.021ms
[2026-03-22T19:50:52.933+0900][3.032s][info][gc,phases,start] GC(255) Adjust Roots
[2026-03-22T19:50:52.933+0900][3.032s][info][gc,phases      ] GC(255) Adjust Roots 0.280ms
[2026-03-22T19:50:52.933+0900][3.032s][info][gc,phases,start] GC(255) Compaction Phase
[2026-03-22T19:50:52.938+0900][3.037s][info][gc,phases      ] GC(255) Compaction Phase 5.003ms
[2026-03-22T19:50:52.938+0900][3.037s][info][gc,phases,start] GC(255) Post Compact
[2026-03-22T19:50:52.939+0900][3.038s][info][gc,phases      ] GC(255) Post Compact 1.417ms
[2026-03-22T19:50:52.939+0900][3.038s][info][gc,heap        ] GC(255) PSYoungGen: 116136K(116736K)->0K(116736K) Eden: 58504K(58880K)->0K(58880K) From: 57632K(57856K)->0K(57856K)
[2026-03-22T19:50:52.939+0900][3.038s][info][gc,heap        ] GC(255) ParOldGen: 292271K(349696K)->103429K(349696K)
[2026-03-22T19:50:52.939+0900][3.038s][info][gc,metaspace   ] GC(255) Metaspace: 341K(512K)->341K(512K) NonClass: 323K(384K)->323K(384K) Class: 17K(128K)->17K(128K)
[2026-03-22T19:50:52.939+0900][3.038s][info][gc             ] GC(255) Pause Full (Ergonomics) 398M->101M(455M) 8.421ms
[2026-03-22T19:50:52.939+0900][3.038s][info][gc,cpu         ] GC(255) User=0.00s Sys=0.00s Real=0.01s
[2026-03-22T19:50:52.946+0900][3.045s][info][gc,start       ] GC(256) Pause Young (Allocation Failure)
[2026-03-22T19:50:52.949+0900][3.048s][info][gc,heap        ] GC(256) PSYoungGen: 58504K(116736K)->57632K(116736K) Eden: 58504K(58880K)->0K(58880K) From: 0K(57856K)->57632K(57856K)
[2026-03-22T19:50:52.949+0900][3.048s][info][gc,heap        ] GC(256) ParOldGen: 103429K(349696K)->103429K(349696K)
[2026-03-22T19:50:52.949+0900][3.048s][info][gc,metaspace   ] GC(256) Metaspace: 341K(512K)->341K(512K) NonClass: 323K(384K)->323K(384K) Class: 17K(128K)->17K(128K)
[2026-03-22T19:50:52.949+0900][3.048s][info][gc             ] GC(256) Pause Young (Allocation Failure) 158M->157M(455M) 2.902ms
[2026-03-22T19:50:52.949+0900][3.048s][info][gc,cpu         ] GC(256) User=0.12s Sys=0.00s Real=0.00s
[2026-03-22T19:50:52.957+0900][3.055s][info][gc,start       ] GC(257) Pause Young (Allocation Failure)
[2026-03-22T19:50:52.960+0900][3.059s][info][gc,heap        ] GC(257) PSYoungGen: 116136K(116736K)->57632K(116736K) Eden: 58504K(58880K)->0K(58880K) From: 57632K(57856K)->57632K(57856K)
[2026-03-22T19:50:52.960+0900][3.059s][info][gc,heap        ] GC(257) ParOldGen: 103429K(349696K)->150638K(349696K)
[2026-03-22T19:50:52.960+0900][3.059s][info][gc,metaspace   ] GC(257) Metaspace: 341K(512K)->341K(512K) NonClass: 323K(384K)->323K(384K) Class: 17K(128K)->17K(128K)
[2026-03-22T19:50:52.960+0900][3.059s][info][gc             ] GC(257) Pause Young (Allocation Failure) 214M->203M(455M) 4.332ms
[2026-03-22T19:50:52.960+0900][3.059s][info][gc,cpu         ] GC(257) User=0.00s Sys=0.00s Real=0.00s
[2026-03-22T19:50:52.968+0900][3.067s][info][gc,start       ] GC(258) Pause Young (Allocation Failure)
[2026-03-22T19:50:52.973+0900][3.071s][info][gc,heap        ] GC(258) PSYoungGen: 116136K(116736K)->57632K(116736K) Eden: 58504K(58880K)->0K(58880K) From: 57632K(57856K)->57632K(57856K)
[2026-03-22T19:50:52.973+0900][3.071s][info][gc,heap        ] GC(258) ParOldGen: 150638K(349696K)->197846K(349696K)
[2026-03-22T19:50:52.973+0900][3.071s][info][gc,metaspace   ] GC(258) Metaspace: 341K(512K)->341K(512K) NonClass: 323K(384K)->323K(384K) Class: 17K(128K)->17K(128K)
[2026-03-22T19:50:52.973+0900][3.071s][info][gc             ] GC(258) Pause Young (Allocation Failure) 260M->249M(455M) 4.441ms
[2026-03-22T19:50:52.973+0900][3.071s][info][gc,cpu         ] GC(258) User=0.00s Sys=0.00s Real=0.01s
[2026-03-22T19:50:52.979+0900][3.078s][info][gc,start       ] GC(259) Pause Young (Allocation Failure)
[2026-03-22T19:50:52.984+0900][3.082s][info][gc,heap        ] GC(259) PSYoungGen: 116136K(116736K)->57632K(116736K) Eden: 58504K(58880K)->0K(58880K) From: 57632K(57856K)->57632K(57856K)
[2026-03-22T19:50:52.984+0900][3.083s][info][gc,heap        ] GC(259) ParOldGen: 197846K(349696K)->245063K(349696K)
[2026-03-22T19:50:52.984+0900][3.083s][info][gc,metaspace   ] GC(259) Metaspace: 341K(512K)->341K(512K) NonClass: 323K(384K)->323K(384K) Class: 17K(128K)->17K(128K)
[2026-03-22T19:50:52.984+0900][3.083s][info][gc             ] GC(259) Pause Young (Allocation Failure) 306M->295M(455M) 4.999ms
[2026-03-22T19:50:52.984+0900][3.083s][info][gc,cpu         ] GC(259) User=0.00s Sys=0.00s Real=0.00s
[2026-03-22T19:50:52.991+0900][3.090s][info][gc,start       ] GC(260) Pause Young (Allocation Failure)
[2026-03-22T19:50:52.996+0900][3.094s][info][gc,heap        ] GC(260) PSYoungGen: 116136K(116736K)->57632K(116736K) Eden: 58504K(58880K)->0K(58880K) From: 57632K(57856K)->57632K(57856K)
[2026-03-22T19:50:52.996+0900][3.094s][info][gc,heap        ] GC(260) ParOldGen: 245063K(349696K)->292271K(349696K)
[2026-03-22T19:50:52.996+0900][3.094s][info][gc,metaspace   ] GC(260) Metaspace: 341K(512K)->341K(512K) NonClass: 323K(384K)->323K(384K) Class: 17K(128K)->17K(128K)
[2026-03-22T19:50:52.996+0900][3.094s][info][gc             ] GC(260) Pause Young (Allocation Failure) 352M->341M(455M) 4.528ms
[2026-03-22T19:50:52.996+0900][3.094s][info][gc,cpu         ] GC(260) User=0.09s Sys=0.00s Real=0.01s
[2026-03-22T19:50:53.003+0900][3.101s][info][gc,start       ] GC(261) Pause Full (Ergonomics)
[2026-03-22T19:50:53.003+0900][3.101s][info][gc,phases,start] GC(261) Marking Phase
[2026-03-22T19:50:53.005+0900][3.103s][info][gc,phases      ] GC(261) Marking Phase 1.873ms
[2026-03-22T19:50:53.005+0900][3.103s][info][gc,phases,start] GC(261) Summary Phase
[2026-03-22T19:50:53.005+0900][3.103s][info][gc,phases      ] GC(261) Summary Phase 0.018ms
[2026-03-22T19:50:53.005+0900][3.103s][info][gc,phases,start] GC(261) Adjust Roots
[2026-03-22T19:50:53.005+0900][3.103s][info][gc,phases      ] GC(261) Adjust Roots 0.349ms
[2026-03-22T19:50:53.005+0900][3.103s][info][gc,phases,start] GC(261) Compaction Phase
[2026-03-22T19:50:53.010+0900][3.108s][info][gc,phases      ] GC(261) Compaction Phase 4.922ms
[2026-03-22T19:50:53.010+0900][3.108s][info][gc,phases,start] GC(261) Post Compact
[2026-03-22T19:50:53.011+0900][3.110s][info][gc,phases      ] GC(261) Post Compact 1.511ms
[2026-03-22T19:50:53.011+0900][3.110s][info][gc,heap        ] GC(261) PSYoungGen: 116136K(116736K)->0K(116736K) Eden: 58504K(58880K)->0K(58880K) From: 57632K(57856K)->0K(57856K)
[2026-03-22T19:50:53.011+0900][3.110s][info][gc,heap        ] GC(261) ParOldGen: 292271K(349696K)->103194K(349696K)
[2026-03-22T19:50:53.012+0900][3.110s][info][gc,metaspace   ] GC(261) Metaspace: 341K(512K)->341K(512K) NonClass: 323K(384K)->323K(384K) Class: 17K(128K)->17K(128K)
[2026-03-22T19:50:53.012+0900][3.110s][info][gc             ] GC(261) Pause Full (Ergonomics) 398M->100M(455M) 9.021ms
[2026-03-22T19:50:53.012+0900][3.110s][info][gc,cpu         ] GC(261) User=0.08s Sys=0.00s Real=0.01s
[2026-03-22T19:50:53.018+0900][3.116s][info][gc,start       ] GC(262) Pause Young (Allocation Failure)
[2026-03-22T19:50:53.021+0900][3.119s][info][gc,heap        ] GC(262) PSYoungGen: 58504K(116736K)->57632K(116736K) Eden: 58504K(58880K)->0K(58880K) From: 0K(57856K)->57632K(57856K)
[2026-03-22T19:50:53.021+0900][3.119s][info][gc,heap        ] GC(262) ParOldGen: 103194K(349696K)->103194K(349696K)
[2026-03-22T19:50:53.021+0900][3.119s][info][gc,metaspace   ] GC(262) Metaspace: 341K(512K)->341K(512K) NonClass: 323K(384K)->323K(384K) Class: 17K(128K)->17K(128K)
[2026-03-22T19:50:53.021+0900][3.119s][info][gc             ] GC(262) Pause Young (Allocation Failure) 157M->157M(455M) 2.810ms
[2026-03-22T19:50:53.021+0900][3.119s][info][gc,cpu         ] GC(262) User=0.00s Sys=0.00s Real=0.00s
[2026-03-22T19:50:53.027+0900][3.126s][info][gc,start       ] GC(263) Pause Young (Allocation Failure)
[2026-03-22T19:50:53.032+0900][3.131s][info][gc,heap        ] GC(263) PSYoungGen: 116136K(116736K)->57632K(116736K) Eden: 58504K(58880K)->0K(58880K) From: 57632K(57856K)->57632K(57856K)
[2026-03-22T19:50:53.032+0900][3.131s][info][gc,heap        ] GC(263) ParOldGen: 103194K(349696K)->150402K(349696K)
[2026-03-22T19:50:53.032+0900][3.131s][info][gc,metaspace   ] GC(263) Metaspace: 341K(512K)->341K(512K) NonClass: 323K(384K)->323K(384K) Class: 17K(128K)->17K(128K)
[2026-03-22T19:50:53.032+0900][3.131s][info][gc             ] GC(263) Pause Young (Allocation Failure) 214M->203M(455M) 4.783ms
[2026-03-22T19:50:53.032+0900][3.131s][info][gc,cpu         ] GC(263) User=0.00s Sys=0.00s Real=0.01s
[2026-03-22T19:50:53.038+0900][3.137s][info][gc,start       ] GC(264) Pause Young (Allocation Failure)
[2026-03-22T19:50:53.042+0900][3.141s][info][gc,heap        ] GC(264) PSYoungGen: 116136K(116736K)->57632K(116736K) Eden: 58504K(58880K)->0K(58880K) From: 57632K(57856K)->57632K(57856K)
[2026-03-22T19:50:53.042+0900][3.141s][info][gc,heap        ] GC(264) ParOldGen: 150402K(349696K)->197611K(349696K)
[2026-03-22T19:50:53.042+0900][3.141s][info][gc,metaspace   ] GC(264) Metaspace: 341K(512K)->341K(512K) NonClass: 323K(384K)->323K(384K) Class: 17K(128K)->17K(128K)
[2026-03-22T19:50:53.042+0900][3.141s][info][gc             ] GC(264) Pause Young (Allocation Failure) 260M->249M(455M) 4.788ms
[2026-03-22T19:50:53.042+0900][3.141s][info][gc,cpu         ] GC(264) User=0.12s Sys=0.00s Real=0.00s
[2026-03-22T19:50:53.049+0900][3.147s][info][gc,start       ] GC(265) Pause Young (Allocation Failure)
[2026-03-22T19:50:53.054+0900][3.152s][info][gc,heap        ] GC(265) PSYoungGen: 116136K(116736K)->57632K(116736K) Eden: 58504K(58880K)->0K(58880K) From: 57632K(57856K)->57632K(57856K)
[2026-03-22T19:50:53.054+0900][3.152s][info][gc,heap        ] GC(265) ParOldGen: 197611K(349696K)->244819K(349696K)
[2026-03-22T19:50:53.054+0900][3.152s][info][gc,metaspace   ] GC(265) Metaspace: 341K(512K)->341K(512K) NonClass: 323K(384K)->323K(384K) Class: 17K(128K)->17K(128K)
[2026-03-22T19:50:53.054+0900][3.152s][info][gc             ] GC(265) Pause Young (Allocation Failure) 306M->295M(455M) 4.912ms
[2026-03-22T19:50:53.054+0900][3.152s][info][gc,cpu         ] GC(265) User=0.00s Sys=0.00s Real=0.00s
[2026-03-22T19:50:53.060+0900][3.158s][info][gc,start       ] GC(266) Pause Young (Allocation Failure)
[2026-03-22T19:50:53.064+0900][3.163s][info][gc,heap        ] GC(266) PSYoungGen: 116136K(116736K)->57632K(116736K) Eden: 58504K(58880K)->0K(58880K) From: 57632K(57856K)->57632K(57856K)
[2026-03-22T19:50:53.064+0900][3.163s][info][gc,heap        ] GC(266) ParOldGen: 244819K(349696K)->292028K(349696K)
[2026-03-22T19:50:53.064+0900][3.163s][info][gc,metaspace   ] GC(266) Metaspace: 341K(512K)->341K(512K) NonClass: 323K(384K)->323K(384K) Class: 17K(128K)->17K(128K)
[2026-03-22T19:50:53.064+0900][3.163s][info][gc             ] GC(266) Pause Young (Allocation Failure) 352M->341M(455M) 4.491ms
[2026-03-22T19:50:53.064+0900][3.163s][info][gc,cpu         ] GC(266) User=0.00s Sys=0.00s Real=0.00s
[2026-03-22T19:50:53.070+0900][3.169s][info][gc,start       ] GC(267) Pause Full (Ergonomics)
[2026-03-22T19:50:53.070+0900][3.169s][info][gc,phases,start] GC(267) Marking Phase
[2026-03-22T19:50:53.072+0900][3.170s][info][gc,phases      ] GC(267) Marking Phase 1.399ms
[2026-03-22T19:50:53.072+0900][3.170s][info][gc,phases,start] GC(267) Summary Phase
[2026-03-22T19:50:53.072+0900][3.170s][info][gc,phases      ] GC(267) Summary Phase 0.021ms
[2026-03-22T19:50:53.072+0900][3.170s][info][gc,phases,start] GC(267) Adjust Roots
[2026-03-22T19:50:53.072+0900][3.171s][info][gc,phases      ] GC(267) Adjust Roots 0.364ms
[2026-03-22T19:50:53.072+0900][3.171s][info][gc,phases,start] GC(267) Compaction Phase
[2026-03-22T19:50:53.077+0900][3.175s][info][gc,phases      ] GC(267) Compaction Phase 4.764ms
[2026-03-22T19:50:53.077+0900][3.176s][info][gc,phases,start] GC(267) Post Compact
[2026-03-22T19:50:53.078+0900][3.177s][info][gc,phases      ] GC(267) Post Compact 1.527ms
[2026-03-22T19:50:53.079+0900][3.177s][info][gc,heap        ] GC(267) PSYoungGen: 116136K(116736K)->0K(116736K) Eden: 58504K(58880K)->0K(58880K) From: 57632K(57856K)->0K(57856K)
[2026-03-22T19:50:53.079+0900][3.177s][info][gc,heap        ] GC(267) ParOldGen: 292028K(349696K)->103429K(349696K)
[2026-03-22T19:50:53.079+0900][3.177s][info][gc,metaspace   ] GC(267) Metaspace: 341K(512K)->341K(512K) NonClass: 323K(384K)->323K(384K) Class: 17K(128K)->17K(128K)
[2026-03-22T19:50:53.079+0900][3.177s][info][gc             ] GC(267) Pause Full (Ergonomics) 398M->101M(455M) 8.475ms
[2026-03-22T19:50:53.079+0900][3.177s][info][gc,cpu         ] GC(267) User=0.02s Sys=0.00s Real=0.01s
[2026-03-22T19:50:53.085+0900][3.184s][info][gc,start       ] GC(268) Pause Young (Allocation Failure)
[2026-03-22T19:50:53.088+0900][3.186s][info][gc,heap        ] GC(268) PSYoungGen: 58504K(116736K)->57632K(116736K) Eden: 58504K(58880K)->0K(58880K) From: 0K(57856K)->57632K(57856K)
[2026-03-22T19:50:53.088+0900][3.186s][info][gc,heap        ] GC(268) ParOldGen: 103429K(349696K)->103429K(349696K)
[2026-03-22T19:50:53.088+0900][3.186s][info][gc,metaspace   ] GC(268) Metaspace: 341K(512K)->341K(512K) NonClass: 323K(384K)->323K(384K) Class: 17K(128K)->17K(128K)
[2026-03-22T19:50:53.088+0900][3.186s][info][gc             ] GC(268) Pause Young (Allocation Failure) 158M->157M(455M) 2.642ms
[2026-03-22T19:50:53.088+0900][3.186s][info][gc,cpu         ] GC(268) User=0.03s Sys=0.00s Real=0.00s
[2026-03-22T19:50:53.095+0900][3.193s][info][gc,start       ] GC(269) Pause Young (Allocation Failure)
[2026-03-22T19:50:53.099+0900][3.198s][info][gc,heap        ] GC(269) PSYoungGen: 116136K(116736K)->57632K(116736K) Eden: 58504K(58880K)->0K(58880K) From: 57632K(57856K)->57632K(57856K)
[2026-03-22T19:50:53.099+0900][3.198s][info][gc,heap        ] GC(269) ParOldGen: 103429K(349696K)->150638K(349696K)
[2026-03-22T19:50:53.099+0900][3.198s][info][gc,metaspace   ] GC(269) Metaspace: 341K(512K)->341K(512K) NonClass: 323K(384K)->323K(384K) Class: 17K(128K)->17K(128K)
[2026-03-22T19:50:53.099+0900][3.198s][info][gc             ] GC(269) Pause Young (Allocation Failure) 214M->203M(455M) 4.550ms
[2026-03-22T19:50:53.099+0900][3.198s][info][gc,cpu         ] GC(269) User=0.00s Sys=0.00s Real=0.00s
[2026-03-22T19:50:53.105+0900][3.204s][info][gc,start       ] GC(270) Pause Young (Allocation Failure)
[2026-03-22T19:50:53.109+0900][3.208s][info][gc,heap        ] GC(270) PSYoungGen: 116136K(116736K)->57632K(116736K) Eden: 58504K(58880K)->0K(58880K) From: 57632K(57856K)->57632K(57856K)
[2026-03-22T19:50:53.109+0900][3.208s][info][gc,heap        ] GC(270) ParOldGen: 150638K(349696K)->197846K(349696K)
[2026-03-22T19:50:53.109+0900][3.208s][info][gc,metaspace   ] GC(270) Metaspace: 341K(512K)->341K(512K) NonClass: 323K(384K)->323K(384K) Class: 17K(128K)->17K(128K)
[2026-03-22T19:50:53.109+0900][3.208s][info][gc             ] GC(270) Pause Young (Allocation Failure) 260M->249M(455M) 4.321ms
[2026-03-22T19:50:53.109+0900][3.208s][info][gc,cpu         ] GC(270) User=0.00s Sys=0.00s Real=0.00s
[2026-03-22T19:50:53.116+0900][3.215s][info][gc,start       ] GC(271) Pause Young (Allocation Failure)
[2026-03-22T19:50:53.119+0900][3.218s][info][gc,heap        ] GC(271) PSYoungGen: 116136K(116736K)->57632K(116736K) Eden: 58504K(58880K)->0K(58880K) From: 57632K(57856K)->57632K(57856K)
[2026-03-22T19:50:53.119+0900][3.219s][info][gc,heap        ] GC(271) ParOldGen: 197846K(349696K)->245063K(349696K)
[2026-03-22T19:50:53.119+0900][3.219s][info][gc,metaspace   ] GC(271) Metaspace: 341K(512K)->341K(512K) NonClass: 323K(384K)->323K(384K) Class: 17K(128K)->17K(128K)
[2026-03-22T19:50:53.119+0900][3.219s][info][gc             ] GC(271) Pause Young (Allocation Failure) 306M->295M(455M) 3.994ms
[2026-03-22T19:50:53.119+0900][3.219s][info][gc,cpu         ] GC(271) User=0.12s Sys=0.00s Real=0.00s
[2026-03-22T19:50:53.126+0900][3.226s][info][gc,start       ] GC(272) Pause Young (Allocation Failure)
[2026-03-22T19:50:53.131+0900][3.230s][info][gc,heap        ] GC(272) PSYoungGen: 116136K(116736K)->57632K(116736K) Eden: 58504K(58880K)->0K(58880K) From: 57632K(57856K)->57632K(57856K)
[2026-03-22T19:50:53.131+0900][3.230s][info][gc,heap        ] GC(272) ParOldGen: 245063K(349696K)->292271K(349696K)
[2026-03-22T19:50:53.131+0900][3.230s][info][gc,metaspace   ] GC(272) Metaspace: 341K(512K)->341K(512K) NonClass: 323K(384K)->323K(384K) Class: 17K(128K)->17K(128K)
[2026-03-22T19:50:53.131+0900][3.230s][info][gc             ] GC(272) Pause Young (Allocation Failure) 352M->341M(455M) 4.611ms
[2026-03-22T19:50:53.131+0900][3.230s][info][gc,cpu         ] GC(272) User=0.00s Sys=0.00s Real=0.01s
[2026-03-22T19:50:53.138+0900][3.237s][info][gc,start       ] GC(273) Pause Full (Ergonomics)
[2026-03-22T19:50:53.138+0900][3.237s][info][gc,phases,start] GC(273) Marking Phase
[2026-03-22T19:50:53.140+0900][3.238s][info][gc,phases      ] GC(273) Marking Phase 1.363ms
[2026-03-22T19:50:53.140+0900][3.238s][info][gc,phases,start] GC(273) Summary Phase
[2026-03-22T19:50:53.140+0900][3.238s][info][gc,phases      ] GC(273) Summary Phase 0.028ms
[2026-03-22T19:50:53.140+0900][3.238s][info][gc,phases,start] GC(273) Adjust Roots
[2026-03-22T19:50:53.140+0900][3.239s][info][gc,phases      ] GC(273) Adjust Roots 0.426ms
[2026-03-22T19:50:53.140+0900][3.239s][info][gc,phases,start] GC(273) Compaction Phase
[2026-03-22T19:50:53.145+0900][3.244s][info][gc,phases      ] GC(273) Compaction Phase 5.000ms
[2026-03-22T19:50:53.145+0900][3.244s][info][gc,phases,start] GC(273) Post Compact
[2026-03-22T19:50:53.146+0900][3.245s][info][gc,phases      ] GC(273) Post Compact 1.365ms
[2026-03-22T19:50:53.147+0900][3.245s][info][gc,heap        ] GC(273) PSYoungGen: 116136K(116736K)->0K(116736K) Eden: 58504K(58880K)->0K(58880K) From: 57632K(57856K)->0K(57856K)
[2026-03-22T19:50:53.147+0900][3.245s][info][gc,heap        ] GC(273) ParOldGen: 292271K(349696K)->103429K(349696K)
[2026-03-22T19:50:53.147+0900][3.245s][info][gc,metaspace   ] GC(273) Metaspace: 341K(512K)->341K(512K) NonClass: 323K(384K)->323K(384K) Class: 17K(128K)->17K(128K)
[2026-03-22T19:50:53.147+0900][3.245s][info][gc             ] GC(273) Pause Full (Ergonomics) 398M->101M(455M) 8.615ms
[2026-03-22T19:50:53.147+0900][3.245s][info][gc,cpu         ] GC(273) User=0.00s Sys=0.00s Real=0.01s
[2026-03-22T19:50:53.153+0900][3.252s][info][gc,start       ] GC(274) Pause Young (Allocation Failure)
[2026-03-22T19:50:53.155+0900][3.254s][info][gc,heap        ] GC(274) PSYoungGen: 58504K(116736K)->57632K(116736K) Eden: 58504K(58880K)->0K(58880K) From: 0K(57856K)->57632K(57856K)
[2026-03-22T19:50:53.156+0900][3.255s][info][gc,heap        ] GC(274) ParOldGen: 103429K(349696K)->103429K(349696K)
[2026-03-22T19:50:53.156+0900][3.255s][info][gc,metaspace   ] GC(274) Metaspace: 341K(512K)->341K(512K) NonClass: 323K(384K)->323K(384K) Class: 17K(128K)->17K(128K)
[2026-03-22T19:50:53.156+0900][3.255s][info][gc             ] GC(274) Pause Young (Allocation Failure) 158M->157M(455M) 2.854ms
[2026-03-22T19:50:53.156+0900][3.255s][info][gc,cpu         ] GC(274) User=0.00s Sys=0.00s Real=0.00s
[2026-03-22T19:50:53.161+0900][3.260s][info][gc,start       ] GC(275) Pause Young (Allocation Failure)
[2026-03-22T19:50:53.165+0900][3.264s][info][gc,heap        ] GC(275) PSYoungGen: 116136K(116736K)->57632K(116736K) Eden: 58504K(58880K)->0K(58880K) From: 57632K(57856K)->57632K(57856K)
[2026-03-22T19:50:53.165+0900][3.264s][info][gc,heap        ] GC(275) ParOldGen: 103429K(349696K)->150638K(349696K)
[2026-03-22T19:50:53.165+0900][3.264s][info][gc,metaspace   ] GC(275) Metaspace: 341K(512K)->341K(512K) NonClass: 323K(384K)->323K(384K) Class: 17K(128K)->17K(128K)
[2026-03-22T19:50:53.165+0900][3.264s][info][gc             ] GC(275) Pause Young (Allocation Failure) 214M->203M(455M) 4.008ms
[2026-03-22T19:50:53.165+0900][3.264s][info][gc,cpu         ] GC(275) User=0.00s Sys=0.00s Real=0.00s
[2026-03-22T19:50:53.171+0900][3.269s][info][gc,start       ] GC(276) Pause Young (Allocation Failure)
[2026-03-22T19:50:53.174+0900][3.273s][info][gc,heap        ] GC(276) PSYoungGen: 116136K(116736K)->57632K(116736K) Eden: 58504K(58880K)->0K(58880K) From: 57632K(57856K)->57632K(57856K)
[2026-03-22T19:50:53.174+0900][3.273s][info][gc,heap        ] GC(276) ParOldGen: 150638K(349696K)->197846K(349696K)
[2026-03-22T19:50:53.174+0900][3.273s][info][gc,metaspace   ] GC(276) Metaspace: 341K(512K)->341K(512K) NonClass: 323K(384K)->323K(384K) Class: 17K(128K)->17K(128K)
[2026-03-22T19:50:53.174+0900][3.273s][info][gc             ] GC(276) Pause Young (Allocation Failure) 260M->249M(455M) 3.812ms
[2026-03-22T19:50:53.174+0900][3.273s][info][gc,cpu         ] GC(276) User=0.00s Sys=0.00s Real=0.00s
[2026-03-22T19:50:53.180+0900][3.278s][info][gc,start       ] GC(277) Pause Young (Allocation Failure)
[2026-03-22T19:50:53.183+0900][3.282s][info][gc,heap        ] GC(277) PSYoungGen: 116136K(116736K)->57632K(116736K) Eden: 58504K(58880K)->0K(58880K) From: 57632K(57856K)->57632K(57856K)
[2026-03-22T19:50:53.183+0900][3.282s][info][gc,heap        ] GC(277) ParOldGen: 197846K(349696K)->245063K(349696K)
[2026-03-22T19:50:53.183+0900][3.282s][info][gc,metaspace   ] GC(277) Metaspace: 341K(512K)->341K(512K) NonClass: 323K(384K)->323K(384K) Class: 17K(128K)->17K(128K)
[2026-03-22T19:50:53.183+0900][3.282s][info][gc             ] GC(277) Pause Young (Allocation Failure) 306M->295M(455M) 3.898ms
[2026-03-22T19:50:53.183+0900][3.282s][info][gc,cpu         ] GC(277) User=0.12s Sys=0.00s Real=0.00s
[2026-03-22T19:50:53.189+0900][3.288s][info][gc,start       ] GC(278) Pause Young (Allocation Failure)
[2026-03-22T19:50:53.193+0900][3.292s][info][gc,heap        ] GC(278) PSYoungGen: 116136K(116736K)->57632K(116736K) Eden: 58504K(58880K)->0K(58880K) From: 57632K(57856K)->57632K(57856K)
[2026-03-22T19:50:53.193+0900][3.292s][info][gc,heap        ] GC(278) ParOldGen: 245063K(349696K)->292271K(349696K)
[2026-03-22T19:50:53.193+0900][3.292s][info][gc,metaspace   ] GC(278) Metaspace: 341K(512K)->341K(512K) NonClass: 323K(384K)->323K(384K) Class: 17K(128K)->17K(128K)
[2026-03-22T19:50:53.193+0900][3.292s][info][gc             ] GC(278) Pause Young (Allocation Failure) 352M->341M(455M) 4.204ms
[2026-03-22T19:50:53.193+0900][3.292s][info][gc,cpu         ] GC(278) User=0.00s Sys=0.00s Real=0.00s
[2026-03-22T19:50:53.199+0900][3.298s][info][gc,start       ] GC(279) Pause Full (Ergonomics)
[2026-03-22T19:50:53.200+0900][3.298s][info][gc,phases,start] GC(279) Marking Phase
[2026-03-22T19:50:53.200+0900][3.299s][info][gc,phases      ] GC(279) Marking Phase 1.294ms
[2026-03-22T19:50:53.200+0900][3.299s][info][gc,phases,start] GC(279) Summary Phase
[2026-03-22T19:50:53.200+0900][3.299s][info][gc,phases      ] GC(279) Summary Phase 0.022ms
[2026-03-22T19:50:53.200+0900][3.299s][info][gc,phases,start] GC(279) Adjust Roots
[2026-03-22T19:50:53.201+0900][3.300s][info][gc,phases      ] GC(279) Adjust Roots 0.293ms
[2026-03-22T19:50:53.201+0900][3.300s][info][gc,phases,start] GC(279) Compaction Phase
[2026-03-22T19:50:53.205+0900][3.304s][info][gc,phases      ] GC(279) Compaction Phase 4.203ms
[2026-03-22T19:50:53.205+0900][3.304s][info][gc,phases,start] GC(279) Post Compact
[2026-03-22T19:50:53.207+0900][3.305s][info][gc,phases      ] GC(279) Post Compact 1.190ms
[2026-03-22T19:50:53.207+0900][3.305s][info][gc,heap        ] GC(279) PSYoungGen: 116136K(116736K)->0K(116736K) Eden: 58504K(58880K)->0K(58880K) From: 57632K(57856K)->0K(57856K)
[2026-03-22T19:50:53.207+0900][3.305s][info][gc,heap        ] GC(279) ParOldGen: 292271K(349696K)->103429K(349696K)
[2026-03-22T19:50:53.207+0900][3.305s][info][gc,metaspace   ] GC(279) Metaspace: 341K(512K)->341K(512K) NonClass: 323K(384K)->323K(384K) Class: 17K(128K)->17K(128K)
[2026-03-22T19:50:53.207+0900][3.305s][info][gc             ] GC(279) Pause Full (Ergonomics) 398M->101M(455M) 7.308ms
[2026-03-22T19:50:53.207+0900][3.305s][info][gc,cpu         ] GC(279) User=0.00s Sys=0.00s Real=0.01s
[2026-03-22T19:50:53.212+0900][3.311s][info][gc,start       ] GC(280) Pause Young (Allocation Failure)
[2026-03-22T19:50:53.214+0900][3.313s][info][gc,heap        ] GC(280) PSYoungGen: 58504K(116736K)->57632K(116736K) Eden: 58504K(58880K)->0K(58880K) From: 0K(57856K)->57632K(57856K)
[2026-03-22T19:50:53.214+0900][3.313s][info][gc,heap        ] GC(280) ParOldGen: 103429K(349696K)->103429K(349696K)
[2026-03-22T19:50:53.214+0900][3.313s][info][gc,metaspace   ] GC(280) Metaspace: 341K(512K)->341K(512K) NonClass: 323K(384K)->323K(384K) Class: 17K(128K)->17K(128K)
[2026-03-22T19:50:53.214+0900][3.313s][info][gc             ] GC(280) Pause Young (Allocation Failure) 158M->157M(455M) 2.558ms
[2026-03-22T19:50:53.214+0900][3.313s][info][gc,cpu         ] GC(280) User=0.12s Sys=0.00s Real=0.00s
[2026-03-22T19:50:53.220+0900][3.319s][info][gc,start       ] GC(281) Pause Young (Allocation Failure)
[2026-03-22T19:50:53.224+0900][3.322s][info][gc,heap        ] GC(281) PSYoungGen: 116136K(116736K)->57632K(116736K) Eden: 58504K(58880K)->0K(58880K) From: 57632K(57856K)->57632K(57856K)
[2026-03-22T19:50:53.224+0900][3.322s][info][gc,heap        ] GC(281) ParOldGen: 103429K(349696K)->150638K(349696K)
[2026-03-22T19:50:53.224+0900][3.322s][info][gc,metaspace   ] GC(281) Metaspace: 341K(512K)->341K(512K) NonClass: 323K(384K)->323K(384K) Class: 17K(128K)->17K(128K)
[2026-03-22T19:50:53.224+0900][3.322s][info][gc             ] GC(281) Pause Young (Allocation Failure) 214M->203M(455M) 3.835ms
[2026-03-22T19:50:53.224+0900][3.322s][info][gc,cpu         ] GC(281) User=0.00s Sys=0.00s Real=0.00s
[2026-03-22T19:50:53.229+0900][3.328s][info][gc,start       ] GC(282) Pause Young (Allocation Failure)
[2026-03-22T19:50:53.233+0900][3.331s][info][gc,heap        ] GC(282) PSYoungGen: 116136K(116736K)->57632K(116736K) Eden: 58504K(58880K)->0K(58880K) From: 57632K(57856K)->57632K(57856K)
[2026-03-22T19:50:53.233+0900][3.331s][info][gc,heap        ] GC(282) ParOldGen: 150638K(349696K)->197846K(349696K)
[2026-03-22T19:50:53.233+0900][3.331s][info][gc,metaspace   ] GC(282) Metaspace: 341K(512K)->341K(512K) NonClass: 323K(384K)->323K(384K) Class: 17K(128K)->17K(128K)
[2026-03-22T19:50:53.233+0900][3.332s][info][gc             ] GC(282) Pause Young (Allocation Failure) 260M->249M(455M) 3.965ms
[2026-03-22T19:50:53.233+0900][3.332s][info][gc,cpu         ] GC(282) User=0.00s Sys=0.00s Real=0.00s
[2026-03-22T19:50:53.238+0900][3.337s][info][gc,start       ] GC(283) Pause Young (Allocation Failure)
[2026-03-22T19:50:53.242+0900][3.340s][info][gc,heap        ] GC(283) PSYoungGen: 116136K(116736K)->57632K(116736K) Eden: 58504K(58880K)->0K(58880K) From: 57632K(57856K)->57632K(57856K)
[2026-03-22T19:50:53.242+0900][3.340s][info][gc,heap        ] GC(283) ParOldGen: 197846K(349696K)->245063K(349696K)
[2026-03-22T19:50:53.242+0900][3.340s][info][gc,metaspace   ] GC(283) Metaspace: 341K(512K)->341K(512K) NonClass: 323K(384K)->323K(384K) Class: 17K(128K)->17K(128K)
[2026-03-22T19:50:53.242+0900][3.340s][info][gc             ] GC(283) Pause Young (Allocation Failure) 306M->295M(455M) 3.862ms
[2026-03-22T19:50:53.242+0900][3.340s][info][gc,cpu         ] GC(283) User=0.00s Sys=0.00s Real=0.00s
[2026-03-22T19:50:53.247+0900][3.346s][info][gc,start       ] GC(284) Pause Young (Allocation Failure)
[2026-03-22T19:50:53.251+0900][3.349s][info][gc,heap        ] GC(284) PSYoungGen: 116136K(116736K)->57632K(116736K) Eden: 58504K(58880K)->0K(58880K) From: 57632K(57856K)->57632K(57856K)
[2026-03-22T19:50:53.251+0900][3.349s][info][gc,heap        ] GC(284) ParOldGen: 245063K(349696K)->292271K(349696K)
[2026-03-22T19:50:53.251+0900][3.349s][info][gc,metaspace   ] GC(284) Metaspace: 341K(512K)->341K(512K) NonClass: 323K(384K)->323K(384K) Class: 17K(128K)->17K(128K)
[2026-03-22T19:50:53.251+0900][3.349s][info][gc             ] GC(284) Pause Young (Allocation Failure) 352M->341M(455M) 3.816ms
[2026-03-22T19:50:53.251+0900][3.349s][info][gc,cpu         ] GC(284) User=0.00s Sys=0.00s Real=0.00s
[2026-03-22T19:50:53.256+0900][3.354s][info][gc,start       ] GC(285) Pause Full (Ergonomics)
[2026-03-22T19:50:53.256+0900][3.354s][info][gc,phases,start] GC(285) Marking Phase
[2026-03-22T19:50:53.257+0900][3.356s][info][gc,phases      ] GC(285) Marking Phase 1.438ms
[2026-03-22T19:50:53.257+0900][3.356s][info][gc,phases,start] GC(285) Summary Phase
[2026-03-22T19:50:53.257+0900][3.356s][info][gc,phases      ] GC(285) Summary Phase 0.013ms
[2026-03-22T19:50:53.257+0900][3.356s][info][gc,phases,start] GC(285) Adjust Roots
[2026-03-22T19:50:53.257+0900][3.356s][info][gc,phases      ] GC(285) Adjust Roots 0.294ms
[2026-03-22T19:50:53.257+0900][3.356s][info][gc,phases,start] GC(285) Compaction Phase
[2026-03-22T19:50:53.262+0900][3.361s][info][gc,phases      ] GC(285) Compaction Phase 4.875ms
[2026-03-22T19:50:53.262+0900][3.361s][info][gc,phases,start] GC(285) Post Compact
[2026-03-22T19:50:53.263+0900][3.362s][info][gc,phases      ] GC(285) Post Compact 1.220ms
[2026-03-22T19:50:53.264+0900][3.363s][info][gc,heap        ] GC(285) PSYoungGen: 116136K(116736K)->0K(116736K) Eden: 58504K(58880K)->0K(58880K) From: 57632K(57856K)->0K(57856K)
[2026-03-22T19:50:53.264+0900][3.363s][info][gc,heap        ] GC(285) ParOldGen: 292271K(349696K)->103429K(349696K)
[2026-03-22T19:50:53.264+0900][3.363s][info][gc,metaspace   ] GC(285) Metaspace: 341K(512K)->341K(512K) NonClass: 323K(384K)->323K(384K) Class: 17K(128K)->17K(128K)
[2026-03-22T19:50:53.264+0900][3.363s][info][gc             ] GC(285) Pause Full (Ergonomics) 398M->101M(455M) 8.082ms
[2026-03-22T19:50:53.264+0900][3.363s][info][gc,cpu         ] GC(285) User=0.12s Sys=0.00s Real=0.01s
[2026-03-22T19:50:53.269+0900][3.367s][info][gc,start       ] GC(286) Pause Young (Allocation Failure)
[2026-03-22T19:50:53.272+0900][3.370s][info][gc,heap        ] GC(286) PSYoungGen: 58504K(116736K)->57632K(116736K) Eden: 58504K(58880K)->0K(58880K) From: 0K(57856K)->57632K(57856K)
[2026-03-22T19:50:53.272+0900][3.370s][info][gc,heap        ] GC(286) ParOldGen: 103429K(349696K)->103429K(349696K)
[2026-03-22T19:50:53.272+0900][3.370s][info][gc,metaspace   ] GC(286) Metaspace: 341K(512K)->341K(512K) NonClass: 323K(384K)->323K(384K) Class: 17K(128K)->17K(128K)
[2026-03-22T19:50:53.272+0900][3.370s][info][gc             ] GC(286) Pause Young (Allocation Failure) 158M->157M(455M) 2.845ms
[2026-03-22T19:50:53.272+0900][3.370s][info][gc,cpu         ] GC(286) User=0.00s Sys=0.00s Real=0.00s
[2026-03-22T19:50:53.278+0900][3.376s][info][gc,start       ] GC(287) Pause Young (Allocation Failure)
[2026-03-22T19:50:53.282+0900][3.381s][info][gc,heap        ] GC(287) PSYoungGen: 116136K(116736K)->57632K(116736K) Eden: 58504K(58880K)->0K(58880K) From: 57632K(57856K)->57632K(57856K)
[2026-03-22T19:50:53.282+0900][3.381s][info][gc,heap        ] GC(287) ParOldGen: 103429K(349696K)->150638K(349696K)
[2026-03-22T19:50:53.282+0900][3.381s][info][gc,metaspace   ] GC(287) Metaspace: 341K(512K)->341K(512K) NonClass: 323K(384K)->323K(384K) Class: 17K(128K)->17K(128K)
[2026-03-22T19:50:53.282+0900][3.381s][info][gc             ] GC(287) Pause Young (Allocation Failure) 214M->203M(455M) 4.650ms
[2026-03-22T19:50:53.282+0900][3.381s][info][gc,cpu         ] GC(287) User=0.00s Sys=0.00s Real=0.00s
[2026-03-22T19:50:53.289+0900][3.387s][info][gc,start       ] GC(288) Pause Young (Allocation Failure)
[2026-03-22T19:50:53.293+0900][3.392s][info][gc,heap        ] GC(288) PSYoungGen: 116136K(116736K)->57632K(116736K) Eden: 58504K(58880K)->0K(58880K) From: 57632K(57856K)->57632K(57856K)
[2026-03-22T19:50:53.294+0900][3.392s][info][gc,heap        ] GC(288) ParOldGen: 150638K(349696K)->197846K(349696K)
[2026-03-22T19:50:53.294+0900][3.392s][info][gc,metaspace   ] GC(288) Metaspace: 341K(512K)->341K(512K) NonClass: 323K(384K)->323K(384K) Class: 17K(128K)->17K(128K)
[2026-03-22T19:50:53.294+0900][3.392s][info][gc             ] GC(288) Pause Young (Allocation Failure) 260M->249M(455M) 4.578ms
[2026-03-22T19:50:53.294+0900][3.392s][info][gc,cpu         ] GC(288) User=0.12s Sys=0.00s Real=0.00s
[2026-03-22T19:50:53.300+0900][3.398s][info][gc,start       ] GC(289) Pause Young (Allocation Failure)
[2026-03-22T19:50:53.303+0900][3.402s][info][gc,heap        ] GC(289) PSYoungGen: 116136K(116736K)->57632K(116736K) Eden: 58504K(58880K)->0K(58880K) From: 57632K(57856K)->57632K(57856K)
[2026-03-22T19:50:53.303+0900][3.402s][info][gc,heap        ] GC(289) ParOldGen: 197846K(349696K)->245063K(349696K)
[2026-03-22T19:50:53.303+0900][3.402s][info][gc,metaspace   ] GC(289) Metaspace: 341K(512K)->341K(512K) NonClass: 323K(384K)->323K(384K) Class: 17K(128K)->17K(128K)
[2026-03-22T19:50:53.303+0900][3.402s][info][gc             ] GC(289) Pause Young (Allocation Failure) 306M->295M(455M) 4.118ms
[2026-03-22T19:50:53.303+0900][3.402s][info][gc,cpu         ] GC(289) User=0.00s Sys=0.00s Real=0.00s
[2026-03-22T19:50:53.309+0900][3.408s][info][gc,start       ] GC(290) Pause Young (Allocation Failure)
[2026-03-22T19:50:53.314+0900][3.412s][info][gc,heap        ] GC(290) PSYoungGen: 116136K(116736K)->57632K(116736K) Eden: 58504K(58880K)->0K(58880K) From: 57632K(57856K)->57632K(57856K)
[2026-03-22T19:50:53.314+0900][3.412s][info][gc,heap        ] GC(290) ParOldGen: 245063K(349696K)->292271K(349696K)
[2026-03-22T19:50:53.314+0900][3.412s][info][gc,metaspace   ] GC(290) Metaspace: 341K(512K)->341K(512K) NonClass: 323K(384K)->323K(384K) Class: 17K(128K)->17K(128K)
[2026-03-22T19:50:53.314+0900][3.412s][info][gc             ] GC(290) Pause Young (Allocation Failure) 352M->341M(455M) 4.044ms
[2026-03-22T19:50:53.314+0900][3.412s][info][gc,cpu         ] GC(290) User=0.00s Sys=0.00s Real=0.00s
[2026-03-22T19:50:53.319+0900][3.417s][info][gc,start       ] GC(291) Pause Full (Ergonomics)
[2026-03-22T19:50:53.319+0900][3.417s][info][gc,phases,start] GC(291) Marking Phase
[2026-03-22T19:50:53.320+0900][3.419s][info][gc,phases      ] GC(291) Marking Phase 1.362ms
[2026-03-22T19:50:53.320+0900][3.419s][info][gc,phases,start] GC(291) Summary Phase
[2026-03-22T19:50:53.320+0900][3.419s][info][gc,phases      ] GC(291) Summary Phase 0.021ms
[2026-03-22T19:50:53.320+0900][3.419s][info][gc,phases,start] GC(291) Adjust Roots
[2026-03-22T19:50:53.321+0900][3.419s][info][gc,phases      ] GC(291) Adjust Roots 0.200ms
[2026-03-22T19:50:53.321+0900][3.419s][info][gc,phases,start] GC(291) Compaction Phase
[2026-03-22T19:50:53.325+0900][3.424s][info][gc,phases      ] GC(291) Compaction Phase 4.800ms
[2026-03-22T19:50:53.325+0900][3.424s][info][gc,phases,start] GC(291) Post Compact
[2026-03-22T19:50:53.326+0900][3.425s][info][gc,phases      ] GC(291) Post Compact 1.288ms
[2026-03-22T19:50:53.326+0900][3.425s][info][gc,heap        ] GC(291) PSYoungGen: 116136K(116736K)->0K(116736K) Eden: 58504K(58880K)->0K(58880K) From: 57632K(57856K)->0K(57856K)
[2026-03-22T19:50:53.326+0900][3.425s][info][gc,heap        ] GC(291) ParOldGen: 292271K(349696K)->103429K(349696K)
[2026-03-22T19:50:53.326+0900][3.425s][info][gc,metaspace   ] GC(291) Metaspace: 341K(512K)->341K(512K) NonClass: 323K(384K)->323K(384K) Class: 17K(128K)->17K(128K)
[2026-03-22T19:50:53.326+0900][3.425s][info][gc             ] GC(291) Pause Full (Ergonomics) 398M->101M(455M) 7.942ms
[2026-03-22T19:50:53.326+0900][3.425s][info][gc,cpu         ] GC(291) User=0.12s Sys=0.00s Real=0.01s
[2026-03-22T19:50:53.332+0900][3.431s][info][gc,start       ] GC(292) Pause Young (Allocation Failure)
[2026-03-22T19:50:53.334+0900][3.433s][info][gc,heap        ] GC(292) PSYoungGen: 58504K(116736K)->57632K(116736K) Eden: 58504K(58880K)->0K(58880K) From: 0K(57856K)->57632K(57856K)
[2026-03-22T19:50:53.334+0900][3.433s][info][gc,heap        ] GC(292) ParOldGen: 103429K(349696K)->103429K(349696K)
[2026-03-22T19:50:53.334+0900][3.433s][info][gc,metaspace   ] GC(292) Metaspace: 341K(512K)->341K(512K) NonClass: 323K(384K)->323K(384K) Class: 17K(128K)->17K(128K)
[2026-03-22T19:50:53.334+0900][3.433s][info][gc             ] GC(292) Pause Young (Allocation Failure) 158M->157M(455M) 2.363ms
[2026-03-22T19:50:53.334+0900][3.433s][info][gc,cpu         ] GC(292) User=0.00s Sys=0.00s Real=0.00s
[2026-03-22T19:50:53.339+0900][3.438s][info][gc,start       ] GC(293) Pause Young (Allocation Failure)
[2026-03-22T19:50:53.343+0900][3.442s][info][gc,heap        ] GC(293) PSYoungGen: 116136K(116736K)->57632K(116736K) Eden: 58504K(58880K)->0K(58880K) From: 57632K(57856K)->57632K(57856K)
[2026-03-22T19:50:53.343+0900][3.442s][info][gc,heap        ] GC(293) ParOldGen: 103429K(349696K)->150638K(349696K)
[2026-03-22T19:50:53.343+0900][3.442s][info][gc,metaspace   ] GC(293) Metaspace: 341K(512K)->341K(512K) NonClass: 323K(384K)->323K(384K) Class: 17K(128K)->17K(128K)
[2026-03-22T19:50:53.343+0900][3.442s][info][gc             ] GC(293) Pause Young (Allocation Failure) 214M->203M(455M) 3.637ms
[2026-03-22T19:50:53.343+0900][3.442s][info][gc,cpu         ] GC(293) User=0.00s Sys=0.00s Real=0.00s
[2026-03-22T19:50:53.348+0900][3.447s][info][gc,start       ] GC(294) Pause Young (Allocation Failure)
[2026-03-22T19:50:53.352+0900][3.450s][info][gc,heap        ] GC(294) PSYoungGen: 116136K(116736K)->57632K(116736K) Eden: 58504K(58880K)->0K(58880K) From: 57632K(57856K)->57632K(57856K)
[2026-03-22T19:50:53.352+0900][3.450s][info][gc,heap        ] GC(294) ParOldGen: 150638K(349696K)->197846K(349696K)
[2026-03-22T19:50:53.352+0900][3.450s][info][gc,metaspace   ] GC(294) Metaspace: 341K(512K)->341K(512K) NonClass: 323K(384K)->323K(384K) Class: 17K(128K)->17K(128K)
[2026-03-22T19:50:53.352+0900][3.450s][info][gc             ] GC(294) Pause Young (Allocation Failure) 260M->249M(455M) 3.691ms
[2026-03-22T19:50:53.352+0900][3.450s][info][gc,cpu         ] GC(294) User=0.00s Sys=0.00s Real=0.00s
[2026-03-22T19:50:53.357+0900][3.456s][info][gc,start       ] GC(295) Pause Young (Allocation Failure)
[2026-03-22T19:50:53.362+0900][3.460s][info][gc,heap        ] GC(295) PSYoungGen: 116136K(116736K)->57632K(116736K) Eden: 58504K(58880K)->0K(58880K) From: 57632K(57856K)->57632K(57856K)
[2026-03-22T19:50:53.362+0900][3.460s][info][gc,heap        ] GC(295) ParOldGen: 197846K(349696K)->245063K(349696K)
[2026-03-22T19:50:53.362+0900][3.460s][info][gc,metaspace   ] GC(295) Metaspace: 341K(512K)->341K(512K) NonClass: 323K(384K)->323K(384K) Class: 17K(128K)->17K(128K)
[2026-03-22T19:50:53.362+0900][3.460s][info][gc             ] GC(295) Pause Young (Allocation Failure) 306M->295M(455M) 4.632ms
[2026-03-22T19:50:53.362+0900][3.460s][info][gc,cpu         ] GC(295) User=0.00s Sys=0.00s Real=0.00s
[2026-03-22T19:50:53.366+0900][3.465s][info][gc,start       ] GC(296) Pause Young (Allocation Failure)
[2026-03-22T19:50:53.370+0900][3.470s][info][gc,heap        ] GC(296) PSYoungGen: 116136K(116736K)->57632K(116736K) Eden: 58504K(58880K)->0K(58880K) From: 57632K(57856K)->57632K(57856K)
[2026-03-22T19:50:53.370+0900][3.470s][info][gc,heap        ] GC(296) ParOldGen: 245063K(349696K)->292271K(349696K)
[2026-03-22T19:50:53.370+0900][3.470s][info][gc,metaspace   ] GC(296) Metaspace: 341K(512K)->341K(512K) NonClass: 323K(384K)->323K(384K) Class: 17K(128K)->17K(128K)
[2026-03-22T19:50:53.370+0900][3.470s][info][gc             ] GC(296) Pause Young (Allocation Failure) 352M->341M(455M) 4.082ms
[2026-03-22T19:50:53.370+0900][3.470s][info][gc,cpu         ] GC(296) User=0.12s Sys=0.00s Real=0.00s
[2026-03-22T19:50:53.376+0900][3.475s][info][gc,start       ] GC(297) Pause Full (Ergonomics)
[2026-03-22T19:50:53.376+0900][3.475s][info][gc,phases,start] GC(297) Marking Phase
[2026-03-22T19:50:53.377+0900][3.476s][info][gc,phases      ] GC(297) Marking Phase 0.963ms
[2026-03-22T19:50:53.377+0900][3.476s][info][gc,phases,start] GC(297) Summary Phase
[2026-03-22T19:50:53.377+0900][3.476s][info][gc,phases      ] GC(297) Summary Phase 0.012ms
[2026-03-22T19:50:53.377+0900][3.476s][info][gc,phases,start] GC(297) Adjust Roots
[2026-03-22T19:50:53.377+0900][3.476s][info][gc,phases      ] GC(297) Adjust Roots 0.158ms
[2026-03-22T19:50:53.377+0900][3.476s][info][gc,phases,start] GC(297) Compaction Phase
[2026-03-22T19:50:53.383+0900][3.481s][info][gc,phases      ] GC(297) Compaction Phase 5.225ms
[2026-03-22T19:50:53.383+0900][3.481s][info][gc,phases,start] GC(297) Post Compact
[2026-03-22T19:50:53.384+0900][3.482s][info][gc,phases      ] GC(297) Post Compact 1.154ms
[2026-03-22T19:50:53.384+0900][3.482s][info][gc,heap        ] GC(297) PSYoungGen: 116136K(116736K)->0K(116736K) Eden: 58504K(58880K)->0K(58880K) From: 57632K(57856K)->0K(57856K)
[2026-03-22T19:50:53.384+0900][3.482s][info][gc,heap        ] GC(297) ParOldGen: 292271K(349696K)->103429K(349696K)
[2026-03-22T19:50:53.384+0900][3.482s][info][gc,metaspace   ] GC(297) Metaspace: 341K(512K)->341K(512K) NonClass: 323K(384K)->323K(384K) Class: 17K(128K)->17K(128K)
[2026-03-22T19:50:53.384+0900][3.482s][info][gc             ] GC(297) Pause Full (Ergonomics) 398M->101M(455M) 7.694ms
[2026-03-22T19:50:53.384+0900][3.482s][info][gc,cpu         ] GC(297) User=0.00s Sys=0.00s Real=0.01s
[2026-03-22T19:50:53.389+0900][3.487s][info][gc,start       ] GC(298) Pause Young (Allocation Failure)
[2026-03-22T19:50:53.391+0900][3.490s][info][gc,heap        ] GC(298) PSYoungGen: 58504K(116736K)->57632K(116736K) Eden: 58504K(58880K)->0K(58880K) From: 0K(57856K)->57632K(57856K)
[2026-03-22T19:50:53.391+0900][3.490s][info][gc,heap        ] GC(298) ParOldGen: 103429K(349696K)->103429K(349696K)
[2026-03-22T19:50:53.391+0900][3.490s][info][gc,metaspace   ] GC(298) Metaspace: 341K(512K)->341K(512K) NonClass: 323K(384K)->323K(384K) Class: 17K(128K)->17K(128K)
[2026-03-22T19:50:53.391+0900][3.490s][info][gc             ] GC(298) Pause Young (Allocation Failure) 158M->157M(455M) 2.602ms
[2026-03-22T19:50:53.391+0900][3.490s][info][gc,cpu         ] GC(298) User=0.00s Sys=0.00s Real=0.00s
[2026-03-22T19:50:53.396+0900][3.495s][info][gc,start       ] GC(299) Pause Young (Allocation Failure)
[2026-03-22T19:50:53.400+0900][3.499s][info][gc,heap        ] GC(299) PSYoungGen: 116136K(116736K)->57632K(116736K) Eden: 58504K(58880K)->0K(58880K) From: 57632K(57856K)->57632K(57856K)
[2026-03-22T19:50:53.400+0900][3.499s][info][gc,heap        ] GC(299) ParOldGen: 103429K(349696K)->150638K(349696K)
[2026-03-22T19:50:53.400+0900][3.499s][info][gc,metaspace   ] GC(299) Metaspace: 341K(512K)->341K(512K) NonClass: 323K(384K)->323K(384K) Class: 17K(128K)->17K(128K)
[2026-03-22T19:50:53.400+0900][3.499s][info][gc             ] GC(299) Pause Young (Allocation Failure) 214M->203M(455M) 3.847ms
[2026-03-22T19:50:53.400+0900][3.499s][info][gc,cpu         ] GC(299) User=0.00s Sys=0.00s Real=0.00s
[2026-03-22T19:50:53.405+0900][3.504s][info][gc,start       ] GC(300) Pause Young (Allocation Failure)
[2026-03-22T19:50:53.409+0900][3.508s][info][gc,heap        ] GC(300) PSYoungGen: 116136K(116736K)->57632K(116736K) Eden: 58504K(58880K)->0K(58880K) From: 57632K(57856K)->57632K(57856K)
[2026-03-22T19:50:53.409+0900][3.508s][info][gc,heap        ] GC(300) ParOldGen: 150638K(349696K)->197846K(349696K)
[2026-03-22T19:50:53.409+0900][3.508s][info][gc,metaspace   ] GC(300) Metaspace: 341K(512K)->341K(512K) NonClass: 323K(384K)->323K(384K) Class: 17K(128K)->17K(128K)
[2026-03-22T19:50:53.409+0900][3.508s][info][gc             ] GC(300) Pause Young (Allocation Failure) 260M->249M(455M) 3.681ms
[2026-03-22T19:50:53.409+0900][3.508s][info][gc,cpu         ] GC(300) User=0.00s Sys=0.00s Real=0.00s
[2026-03-22T19:50:53.414+0900][3.513s][info][gc,start       ] GC(301) Pause Young (Allocation Failure)
[2026-03-22T19:50:53.417+0900][3.516s][info][gc,heap        ] GC(301) PSYoungGen: 116136K(116736K)->57632K(116736K) Eden: 58504K(58880K)->0K(58880K) From: 57632K(57856K)->57632K(57856K)
[2026-03-22T19:50:53.417+0900][3.516s][info][gc,heap        ] GC(301) ParOldGen: 197846K(349696K)->245063K(349696K)
[2026-03-22T19:50:53.417+0900][3.516s][info][gc,metaspace   ] GC(301) Metaspace: 341K(512K)->341K(512K) NonClass: 323K(384K)->323K(384K) Class: 17K(128K)->17K(128K)
[2026-03-22T19:50:53.417+0900][3.516s][info][gc             ] GC(301) Pause Young (Allocation Failure) 306M->295M(455M) 3.663ms
[2026-03-22T19:50:53.417+0900][3.516s][info][gc,cpu         ] GC(301) User=0.12s Sys=0.00s Real=0.00s
[2026-03-22T19:50:53.422+0900][3.521s][info][gc,start       ] GC(302) Pause Young (Allocation Failure)
[2026-03-22T19:50:53.426+0900][3.525s][info][gc,heap        ] GC(302) PSYoungGen: 116136K(116736K)->57632K(116736K) Eden: 58504K(58880K)->0K(58880K) From: 57632K(57856K)->57632K(57856K)
[2026-03-22T19:50:53.426+0900][3.525s][info][gc,heap        ] GC(302) ParOldGen: 245063K(349696K)->292271K(349696K)
[2026-03-22T19:50:53.426+0900][3.525s][info][gc,metaspace   ] GC(302) Metaspace: 341K(512K)->341K(512K) NonClass: 323K(384K)->323K(384K) Class: 17K(128K)->17K(128K)
[2026-03-22T19:50:53.426+0900][3.525s][info][gc             ] GC(302) Pause Young (Allocation Failure) 352M->341M(455M) 3.777ms
[2026-03-22T19:50:53.426+0900][3.525s][info][gc,cpu         ] GC(302) User=0.00s Sys=0.00s Real=0.00s
[2026-03-22T19:50:53.432+0900][3.531s][info][gc,start       ] GC(303) Pause Full (Ergonomics)
[2026-03-22T19:50:53.432+0900][3.531s][info][gc,phases,start] GC(303) Marking Phase
[2026-03-22T19:50:53.433+0900][3.532s][info][gc,phases      ] GC(303) Marking Phase 1.183ms
[2026-03-22T19:50:53.433+0900][3.532s][info][gc,phases,start] GC(303) Summary Phase
[2026-03-22T19:50:53.433+0900][3.532s][info][gc,phases      ] GC(303) Summary Phase 0.049ms
[2026-03-22T19:50:53.433+0900][3.532s][info][gc,phases,start] GC(303) Adjust Roots
[2026-03-22T19:50:53.434+0900][3.533s][info][gc,phases      ] GC(303) Adjust Roots 0.487ms
[2026-03-22T19:50:53.434+0900][3.533s][info][gc,phases,start] GC(303) Compaction Phase
[2026-03-22T19:50:53.439+0900][3.537s][info][gc,phases      ] GC(303) Compaction Phase 4.539ms
[2026-03-22T19:50:53.439+0900][3.537s][info][gc,phases,start] GC(303) Post Compact
[2026-03-22T19:50:53.440+0900][3.539s][info][gc,phases      ] GC(303) Post Compact 1.188ms
[2026-03-22T19:50:53.440+0900][3.539s][info][gc,heap        ] GC(303) PSYoungGen: 116136K(116736K)->0K(116736K) Eden: 58504K(58880K)->0K(58880K) From: 57632K(57856K)->0K(57856K)
[2026-03-22T19:50:53.440+0900][3.539s][info][gc,heap        ] GC(303) ParOldGen: 292271K(349696K)->103429K(349696K)
[2026-03-22T19:50:53.440+0900][3.539s][info][gc,metaspace   ] GC(303) Metaspace: 341K(512K)->341K(512K) NonClass: 323K(384K)->323K(384K) Class: 17K(128K)->17K(128K)
[2026-03-22T19:50:53.440+0900][3.539s][info][gc             ] GC(303) Pause Full (Ergonomics) 398M->101M(455M) 7.699ms
[2026-03-22T19:50:53.440+0900][3.539s][info][gc,cpu         ] GC(303) User=0.00s Sys=0.00s Real=0.01s
[2026-03-22T19:50:53.445+0900][3.544s][info][gc,start       ] GC(304) Pause Young (Allocation Failure)
[2026-03-22T19:50:53.447+0900][3.546s][info][gc,heap        ] GC(304) PSYoungGen: 58504K(116736K)->57632K(116736K) Eden: 58504K(58880K)->0K(58880K) From: 0K(57856K)->57632K(57856K)
[2026-03-22T19:50:53.447+0900][3.546s][info][gc,heap        ] GC(304) ParOldGen: 103429K(349696K)->103429K(349696K)
[2026-03-22T19:50:53.447+0900][3.546s][info][gc,metaspace   ] GC(304) Metaspace: 341K(512K)->341K(512K) NonClass: 323K(384K)->323K(384K) Class: 17K(128K)->17K(128K)
[2026-03-22T19:50:53.447+0900][3.546s][info][gc             ] GC(304) Pause Young (Allocation Failure) 158M->157M(455M) 2.406ms
[2026-03-22T19:50:53.447+0900][3.546s][info][gc,cpu         ] GC(304) User=0.12s Sys=0.00s Real=0.00s
[2026-03-22T19:50:53.452+0900][3.551s][info][gc,start       ] GC(305) Pause Young (Allocation Failure)
[2026-03-22T19:50:53.456+0900][3.555s][info][gc,heap        ] GC(305) PSYoungGen: 116136K(116736K)->57632K(116736K) Eden: 58504K(58880K)->0K(58880K) From: 57632K(57856K)->57632K(57856K)
[2026-03-22T19:50:53.456+0900][3.555s][info][gc,heap        ] GC(305) ParOldGen: 103429K(349696K)->150638K(349696K)
[2026-03-22T19:50:53.456+0900][3.555s][info][gc,metaspace   ] GC(305) Metaspace: 341K(512K)->341K(512K) NonClass: 323K(384K)->323K(384K) Class: 17K(128K)->17K(128K)
[2026-03-22T19:50:53.456+0900][3.555s][info][gc             ] GC(305) Pause Young (Allocation Failure) 214M->203M(455M) 3.576ms
[2026-03-22T19:50:53.456+0900][3.555s][info][gc,cpu         ] GC(305) User=0.00s Sys=0.00s Real=0.00s
[2026-03-22T19:50:53.461+0900][3.560s][info][gc,start       ] GC(306) Pause Young (Allocation Failure)
[2026-03-22T19:50:53.465+0900][3.564s][info][gc,heap        ] GC(306) PSYoungGen: 116136K(116736K)->57632K(116736K) Eden: 58504K(58880K)->0K(58880K) From: 57632K(57856K)->57632K(57856K)
[2026-03-22T19:50:53.465+0900][3.564s][info][gc,heap        ] GC(306) ParOldGen: 150638K(349696K)->197846K(349696K)
[2026-03-22T19:50:53.465+0900][3.564s][info][gc,metaspace   ] GC(306) Metaspace: 341K(512K)->341K(512K) NonClass: 323K(384K)->323K(384K) Class: 17K(128K)->17K(128K)
[2026-03-22T19:50:53.465+0900][3.564s][info][gc             ] GC(306) Pause Young (Allocation Failure) 260M->249M(455M) 3.842ms
[2026-03-22T19:50:53.465+0900][3.564s][info][gc,cpu         ] GC(306) User=0.12s Sys=0.00s Real=0.00s
[2026-03-22T19:50:53.470+0900][3.569s][info][gc,start       ] GC(307) Pause Young (Allocation Failure)
[2026-03-22T19:50:53.474+0900][3.572s][info][gc,heap        ] GC(307) PSYoungGen: 116136K(116736K)->57632K(116736K) Eden: 58504K(58880K)->0K(58880K) From: 57632K(57856K)->57632K(57856K)
[2026-03-22T19:50:53.474+0900][3.572s][info][gc,heap        ] GC(307) ParOldGen: 197846K(349696K)->245055K(349696K)
[2026-03-22T19:50:53.474+0900][3.572s][info][gc,metaspace   ] GC(307) Metaspace: 341K(512K)->341K(512K) NonClass: 323K(384K)->323K(384K) Class: 17K(128K)->17K(128K)
[2026-03-22T19:50:53.474+0900][3.572s][info][gc             ] GC(307) Pause Young (Allocation Failure) 306M->295M(455M) 3.830ms
[2026-03-22T19:50:53.474+0900][3.572s][info][gc,cpu         ] GC(307) User=0.00s Sys=0.00s Real=0.00s
[2026-03-22T19:50:53.478+0900][3.577s][info][gc,start       ] GC(308) Pause Young (Allocation Failure)
[2026-03-22T19:50:53.483+0900][3.582s][info][gc,heap        ] GC(308) PSYoungGen: 116136K(116736K)->57632K(116736K) Eden: 58504K(58880K)->0K(58880K) From: 57632K(57856K)->57632K(57856K)
[2026-03-22T19:50:53.483+0900][3.582s][info][gc,heap        ] GC(308) ParOldGen: 245055K(349696K)->292263K(349696K)
[2026-03-22T19:50:53.483+0900][3.582s][info][gc,metaspace   ] GC(308) Metaspace: 341K(512K)->341K(512K) NonClass: 323K(384K)->323K(384K) Class: 17K(128K)->17K(128K)
[2026-03-22T19:50:53.483+0900][3.582s][info][gc             ] GC(308) Pause Young (Allocation Failure) 352M->341M(455M) 4.387ms
[2026-03-22T19:50:53.483+0900][3.582s][info][gc,cpu         ] GC(308) User=0.00s Sys=0.00s Real=0.01s
[2026-03-22T19:50:53.488+0900][3.587s][info][gc,start       ] GC(309) Pause Full (Ergonomics)
[2026-03-22T19:50:53.488+0900][3.587s][info][gc,phases,start] GC(309) Marking Phase
[2026-03-22T19:50:53.489+0900][3.588s][info][gc,phases      ] GC(309) Marking Phase 1.226ms
[2026-03-22T19:50:53.489+0900][3.588s][info][gc,phases,start] GC(309) Summary Phase
[2026-03-22T19:50:53.489+0900][3.588s][info][gc,phases      ] GC(309) Summary Phase 0.013ms
[2026-03-22T19:50:53.489+0900][3.588s][info][gc,phases,start] GC(309) Adjust Roots
[2026-03-22T19:50:53.489+0900][3.588s][info][gc,phases      ] GC(309) Adjust Roots 0.218ms
[2026-03-22T19:50:53.489+0900][3.588s][info][gc,phases,start] GC(309) Compaction Phase
[2026-03-22T19:50:53.494+0900][3.593s][info][gc,phases      ] GC(309) Compaction Phase 4.643ms
[2026-03-22T19:50:53.494+0900][3.593s][info][gc,phases,start] GC(309) Post Compact
[2026-03-22T19:50:53.496+0900][3.594s][info][gc,phases      ] GC(309) Post Compact 1.489ms
[2026-03-22T19:50:53.496+0900][3.594s][info][gc,heap        ] GC(309) PSYoungGen: 116136K(116736K)->0K(116736K) Eden: 58504K(58880K)->0K(58880K) From: 57632K(57856K)->0K(57856K)
[2026-03-22T19:50:53.496+0900][3.594s][info][gc,heap        ] GC(309) ParOldGen: 292263K(349696K)->103429K(349696K)
[2026-03-22T19:50:53.496+0900][3.595s][info][gc,metaspace   ] GC(309) Metaspace: 341K(512K)->341K(512K) NonClass: 323K(384K)->323K(384K) Class: 17K(128K)->17K(128K)
[2026-03-22T19:50:53.496+0900][3.595s][info][gc             ] GC(309) Pause Full (Ergonomics) 398M->101M(455M) 7.846ms
[2026-03-22T19:50:53.496+0900][3.595s][info][gc,cpu         ] GC(309) User=0.11s Sys=0.00s Real=0.01s
[2026-03-22T19:50:53.501+0900][3.600s][info][gc,start       ] GC(310) Pause Young (Allocation Failure)
[2026-03-22T19:50:53.503+0900][3.602s][info][gc,heap        ] GC(310) PSYoungGen: 58504K(116736K)->57600K(116736K) Eden: 58504K(58880K)->0K(58880K) From: 0K(57856K)->57600K(57856K)
[2026-03-22T19:50:53.503+0900][3.602s][info][gc,heap        ] GC(310) ParOldGen: 103429K(349696K)->103429K(349696K)
[2026-03-22T19:50:53.503+0900][3.602s][info][gc,metaspace   ] GC(310) Metaspace: 341K(512K)->341K(512K) NonClass: 323K(384K)->323K(384K) Class: 17K(128K)->17K(128K)
[2026-03-22T19:50:53.503+0900][3.602s][info][gc             ] GC(310) Pause Young (Allocation Failure) 158M->157M(455M) 2.455ms
[2026-03-22T19:50:53.503+0900][3.602s][info][gc,cpu         ] GC(310) User=0.00s Sys=0.00s Real=0.00s
[2026-03-22T19:50:53.508+0900][3.607s][info][gc,start       ] GC(311) Pause Young (Allocation Failure)
[2026-03-22T19:50:53.512+0900][3.611s][info][gc,heap        ] GC(311) PSYoungGen: 116104K(116736K)->57600K(116736K) Eden: 58504K(58880K)->0K(58880K) From: 57600K(57856K)->57600K(57856K)
[2026-03-22T19:50:53.512+0900][3.611s][info][gc,heap        ] GC(311) ParOldGen: 103429K(349696K)->150630K(349696K)
[2026-03-22T19:50:53.512+0900][3.611s][info][gc,metaspace   ] GC(311) Metaspace: 341K(512K)->341K(512K) NonClass: 323K(384K)->323K(384K) Class: 17K(128K)->17K(128K)
[2026-03-22T19:50:53.512+0900][3.611s][info][gc             ] GC(311) Pause Young (Allocation Failure) 214M->203M(455M) 3.925ms
[2026-03-22T19:50:53.512+0900][3.611s][info][gc,cpu         ] GC(311) User=0.11s Sys=0.00s Real=0.00s
[2026-03-22T19:50:53.517+0900][3.616s][info][gc,start       ] GC(312) Pause Young (Allocation Failure)
[2026-03-22T19:50:53.521+0900][3.620s][info][gc,heap        ] GC(312) PSYoungGen: 116104K(116736K)->57632K(116736K) Eden: 58504K(58880K)->0K(58880K) From: 57600K(57856K)->57632K(57856K)
[2026-03-22T19:50:53.521+0900][3.620s][info][gc,heap        ] GC(312) ParOldGen: 150630K(349696K)->197838K(349696K)
[2026-03-22T19:50:53.521+0900][3.620s][info][gc,metaspace   ] GC(312) Metaspace: 341K(512K)->341K(512K) NonClass: 323K(384K)->323K(384K) Class: 17K(128K)->17K(128K)
[2026-03-22T19:50:53.521+0900][3.620s][info][gc             ] GC(312) Pause Young (Allocation Failure) 260M->249M(455M) 3.827ms
[2026-03-22T19:50:53.521+0900][3.620s][info][gc,cpu         ] GC(312) User=0.00s Sys=0.00s Real=0.00s
[2026-03-22T19:50:53.526+0900][3.625s][info][gc,start       ] GC(313) Pause Young (Allocation Failure)
[2026-03-22T19:50:53.530+0900][3.629s][info][gc,heap        ] GC(313) PSYoungGen: 116136K(116736K)->57632K(116736K) Eden: 58504K(58880K)->0K(58880K) From: 57632K(57856K)->57632K(57856K)
[2026-03-22T19:50:53.531+0900][3.629s][info][gc,heap        ] GC(313) ParOldGen: 197838K(349696K)->245055K(349696K)
[2026-03-22T19:50:53.531+0900][3.629s][info][gc,metaspace   ] GC(313) Metaspace: 341K(512K)->341K(512K) NonClass: 323K(384K)->323K(384K) Class: 17K(128K)->17K(128K)
[2026-03-22T19:50:53.531+0900][3.629s][info][gc             ] GC(313) Pause Young (Allocation Failure) 306M->295M(455M) 4.219ms
[2026-03-22T19:50:53.531+0900][3.629s][info][gc,cpu         ] GC(313) User=0.00s Sys=0.00s Real=0.00s
[2026-03-22T19:50:53.535+0900][3.634s][info][gc,start       ] GC(314) Pause Young (Allocation Failure)
[2026-03-22T19:50:53.539+0900][3.638s][info][gc,heap        ] GC(314) PSYoungGen: 116136K(116736K)->57632K(116736K) Eden: 58504K(58880K)->0K(58880K) From: 57632K(57856K)->57632K(57856K)
[2026-03-22T19:50:53.539+0900][3.638s][info][gc,heap        ] GC(314) ParOldGen: 245055K(349696K)->292263K(349696K)
[2026-03-22T19:50:53.539+0900][3.638s][info][gc,metaspace   ] GC(314) Metaspace: 341K(512K)->341K(512K) NonClass: 323K(384K)->323K(384K) Class: 17K(128K)->17K(128K)
[2026-03-22T19:50:53.539+0900][3.638s][info][gc             ] GC(314) Pause Young (Allocation Failure) 352M->341M(455M) 3.775ms
[2026-03-22T19:50:53.539+0900][3.638s][info][gc,cpu         ] GC(314) User=0.00s Sys=0.00s Real=0.00s
[2026-03-22T19:50:53.545+0900][3.643s][info][gc,start       ] GC(315) Pause Full (Ergonomics)
[2026-03-22T19:50:53.545+0900][3.643s][info][gc,phases,start] GC(315) Marking Phase
[2026-03-22T19:50:53.546+0900][3.645s][info][gc,phases      ] GC(315) Marking Phase 1.365ms
[2026-03-22T19:50:53.546+0900][3.645s][info][gc,phases,start] GC(315) Summary Phase
[2026-03-22T19:50:53.546+0900][3.645s][info][gc,phases      ] GC(315) Summary Phase 0.023ms
[2026-03-22T19:50:53.546+0900][3.645s][info][gc,phases,start] GC(315) Adjust Roots
[2026-03-22T19:50:53.546+0900][3.645s][info][gc,phases      ] GC(315) Adjust Roots 0.168ms
[2026-03-22T19:50:53.546+0900][3.645s][info][gc,phases,start] GC(315) Compaction Phase
[2026-03-22T19:50:53.551+0900][3.649s][info][gc,phases      ] GC(315) Compaction Phase 4.572ms
[2026-03-22T19:50:53.551+0900][3.649s][info][gc,phases,start] GC(315) Post Compact
[2026-03-22T19:50:53.552+0900][3.651s][info][gc,phases      ] GC(315) Post Compact 1.410ms
[2026-03-22T19:50:53.552+0900][3.651s][info][gc,heap        ] GC(315) PSYoungGen: 116136K(116736K)->0K(116736K) Eden: 58504K(58880K)->0K(58880K) From: 57632K(57856K)->0K(57856K)
[2026-03-22T19:50:53.552+0900][3.651s][info][gc,heap        ] GC(315) ParOldGen: 292263K(349696K)->103429K(349696K)
[2026-03-22T19:50:53.552+0900][3.651s][info][gc,metaspace   ] GC(315) Metaspace: 341K(512K)->341K(512K) NonClass: 323K(384K)->323K(384K) Class: 17K(128K)->17K(128K)
[2026-03-22T19:50:53.552+0900][3.651s][info][gc             ] GC(315) Pause Full (Ergonomics) 398M->101M(455M) 7.819ms
[2026-03-22T19:50:53.552+0900][3.651s][info][gc,cpu         ] GC(315) User=0.00s Sys=0.00s Real=0.01s
[2026-03-22T19:50:53.558+0900][3.656s][info][gc,start       ] GC(316) Pause Young (Allocation Failure)
[2026-03-22T19:50:53.560+0900][3.659s][info][gc,heap        ] GC(316) PSYoungGen: 58504K(116736K)->57632K(116736K) Eden: 58504K(58880K)->0K(58880K) From: 0K(57856K)->57632K(57856K)
[2026-03-22T19:50:53.560+0900][3.659s][info][gc,heap        ] GC(316) ParOldGen: 103429K(349696K)->103429K(349696K)
[2026-03-22T19:50:53.560+0900][3.659s][info][gc,metaspace   ] GC(316) Metaspace: 341K(512K)->341K(512K) NonClass: 323K(384K)->323K(384K) Class: 17K(128K)->17K(128K)
[2026-03-22T19:50:53.560+0900][3.659s][info][gc             ] GC(316) Pause Young (Allocation Failure) 158M->157M(455M) 2.489ms
[2026-03-22T19:50:53.560+0900][3.659s][info][gc,cpu         ] GC(316) User=0.00s Sys=0.00s Real=0.00s
[2026-03-22T19:50:53.565+0900][3.664s][info][gc,start       ] GC(317) Pause Young (Allocation Failure)
[2026-03-22T19:50:53.569+0900][3.668s][info][gc,heap        ] GC(317) PSYoungGen: 116136K(116736K)->57632K(116736K) Eden: 58504K(58880K)->0K(58880K) From: 57632K(57856K)->57632K(57856K)
[2026-03-22T19:50:53.569+0900][3.668s][info][gc,heap        ] GC(317) ParOldGen: 103429K(349696K)->150638K(349696K)
[2026-03-22T19:50:53.569+0900][3.668s][info][gc,metaspace   ] GC(317) Metaspace: 341K(512K)->341K(512K) NonClass: 323K(384K)->323K(384K) Class: 17K(128K)->17K(128K)
[2026-03-22T19:50:53.569+0900][3.668s][info][gc             ] GC(317) Pause Young (Allocation Failure) 214M->203M(455M) 3.833ms
[2026-03-22T19:50:53.569+0900][3.668s][info][gc,cpu         ] GC(317) User=0.00s Sys=0.00s Real=0.00s
[2026-03-22T19:50:53.574+0900][3.673s][info][gc,start       ] GC(318) Pause Young (Allocation Failure)
[2026-03-22T19:50:53.578+0900][3.677s][info][gc,heap        ] GC(318) PSYoungGen: 116136K(116736K)->57632K(116736K) Eden: 58504K(58880K)->0K(58880K) From: 57632K(57856K)->57632K(57856K)
[2026-03-22T19:50:53.578+0900][3.677s][info][gc,heap        ] GC(318) ParOldGen: 150638K(349696K)->197846K(349696K)
[2026-03-22T19:50:53.578+0900][3.677s][info][gc,metaspace   ] GC(318) Metaspace: 341K(512K)->341K(512K) NonClass: 323K(384K)->323K(384K) Class: 17K(128K)->17K(128K)
[2026-03-22T19:50:53.578+0900][3.677s][info][gc             ] GC(318) Pause Young (Allocation Failure) 260M->249M(455M) 3.966ms
[2026-03-22T19:50:53.578+0900][3.677s][info][gc,cpu         ] GC(318) User=0.00s Sys=0.00s Real=0.00s
[2026-03-22T19:50:53.583+0900][3.682s][info][gc,start       ] GC(319) Pause Young (Allocation Failure)
[2026-03-22T19:50:53.587+0900][3.686s][info][gc,heap        ] GC(319) PSYoungGen: 116136K(116736K)->57600K(116736K) Eden: 58504K(58880K)->0K(58880K) From: 57632K(57856K)->57600K(57856K)
[2026-03-22T19:50:53.587+0900][3.686s][info][gc,heap        ] GC(319) ParOldGen: 197846K(349696K)->245055K(349696K)
[2026-03-22T19:50:53.587+0900][3.686s][info][gc,metaspace   ] GC(319) Metaspace: 341K(512K)->341K(512K) NonClass: 323K(384K)->323K(384K) Class: 17K(128K)->17K(128K)
[2026-03-22T19:50:53.587+0900][3.686s][info][gc             ] GC(319) Pause Young (Allocation Failure) 306M->295M(455M) 4.040ms
[2026-03-22T19:50:53.587+0900][3.686s][info][gc,cpu         ] GC(319) User=0.00s Sys=0.00s Real=0.00s
[2026-03-22T19:50:53.592+0900][3.691s][info][gc,start       ] GC(320) Pause Young (Allocation Failure)
[2026-03-22T19:50:53.597+0900][3.695s][info][gc,heap        ] GC(320) PSYoungGen: 116104K(116736K)->57632K(116736K) Eden: 58504K(58880K)->0K(58880K) From: 57600K(57856K)->57632K(57856K)
[2026-03-22T19:50:53.597+0900][3.695s][info][gc,heap        ] GC(320) ParOldGen: 245055K(349696K)->292255K(349696K)
[2026-03-22T19:50:53.597+0900][3.695s][info][gc,metaspace   ] GC(320) Metaspace: 341K(512K)->341K(512K) NonClass: 323K(384K)->323K(384K) Class: 17K(128K)->17K(128K)
[2026-03-22T19:50:53.597+0900][3.695s][info][gc             ] GC(320) Pause Young (Allocation Failure) 352M->341M(455M) 4.249ms
[2026-03-22T19:50:53.597+0900][3.695s][info][gc,cpu         ] GC(320) User=0.00s Sys=0.00s Real=0.00s
[2026-03-22T19:50:53.602+0900][3.700s][info][gc,start       ] GC(321) Pause Full (Ergonomics)
[2026-03-22T19:50:53.602+0900][3.700s][info][gc,phases,start] GC(321) Marking Phase
[2026-03-22T19:50:53.603+0900][3.701s][info][gc,phases      ] GC(321) Marking Phase 1.205ms
[2026-03-22T19:50:53.603+0900][3.701s][info][gc,phases,start] GC(321) Summary Phase
[2026-03-22T19:50:53.603+0900][3.702s][info][gc,phases      ] GC(321) Summary Phase 0.021ms
[2026-03-22T19:50:53.603+0900][3.702s][info][gc,phases,start] GC(321) Adjust Roots
[2026-03-22T19:50:53.604+0900][3.702s][info][gc,phases      ] GC(321) Adjust Roots 0.266ms
[2026-03-22T19:50:53.604+0900][3.702s][info][gc,phases,start] GC(321) Compaction Phase
[2026-03-22T19:50:53.608+0900][3.707s][info][gc,phases      ] GC(321) Compaction Phase 5.056ms
[2026-03-22T19:50:53.608+0900][3.707s][info][gc,phases,start] GC(321) Post Compact
[2026-03-22T19:50:53.609+0900][3.708s][info][gc,phases      ] GC(321) Post Compact 1.190ms
[2026-03-22T19:50:53.609+0900][3.708s][info][gc,heap        ] GC(321) PSYoungGen: 116136K(116736K)->0K(116736K) Eden: 58504K(58880K)->0K(58880K) From: 57632K(57856K)->0K(57856K)
[2026-03-22T19:50:53.609+0900][3.708s][info][gc,heap        ] GC(321) ParOldGen: 292255K(349696K)->103429K(349696K)
[2026-03-22T19:50:53.609+0900][3.708s][info][gc,metaspace   ] GC(321) Metaspace: 341K(512K)->341K(512K) NonClass: 323K(384K)->323K(384K) Class: 17K(128K)->17K(128K)
[2026-03-22T19:50:53.609+0900][3.708s][info][gc             ] GC(321) Pause Full (Ergonomics) 398M->101M(455M) 7.999ms
[2026-03-22T19:50:53.609+0900][3.708s][info][gc,cpu         ] GC(321) User=0.02s Sys=0.00s Real=0.01s
[2026-03-22T19:50:53.615+0900][3.713s][info][gc,start       ] GC(322) Pause Young (Allocation Failure)
[2026-03-22T19:50:53.617+0900][3.716s][info][gc,heap        ] GC(322) PSYoungGen: 58504K(116736K)->57632K(116736K) Eden: 58504K(58880K)->0K(58880K) From: 0K(57856K)->57632K(57856K)
[2026-03-22T19:50:53.617+0900][3.716s][info][gc,heap        ] GC(322) ParOldGen: 103429K(349696K)->103429K(349696K)
[2026-03-22T19:50:53.617+0900][3.716s][info][gc,metaspace   ] GC(322) Metaspace: 341K(512K)->341K(512K) NonClass: 323K(384K)->323K(384K) Class: 17K(128K)->17K(128K)
[2026-03-22T19:50:53.617+0900][3.716s][info][gc             ] GC(322) Pause Young (Allocation Failure) 158M->157M(455M) 2.719ms
[2026-03-22T19:50:53.617+0900][3.716s][info][gc,cpu         ] GC(322) User=0.00s Sys=0.00s Real=0.00s
[2026-03-22T19:50:53.623+0900][3.721s][info][gc,start       ] GC(323) Pause Young (Allocation Failure)
[2026-03-22T19:50:53.626+0900][3.725s][info][gc,heap        ] GC(323) PSYoungGen: 116136K(116736K)->57632K(116736K) Eden: 58504K(58880K)->0K(58880K) From: 57632K(57856K)->57632K(57856K)
[2026-03-22T19:50:53.626+0900][3.725s][info][gc,heap        ] GC(323) ParOldGen: 103429K(349696K)->150638K(349696K)
[2026-03-22T19:50:53.626+0900][3.725s][info][gc,metaspace   ] GC(323) Metaspace: 341K(512K)->341K(512K) NonClass: 323K(384K)->323K(384K) Class: 17K(128K)->17K(128K)
[2026-03-22T19:50:53.626+0900][3.725s][info][gc             ] GC(323) Pause Young (Allocation Failure) 214M->203M(455M) 3.759ms
[2026-03-22T19:50:53.626+0900][3.725s][info][gc,cpu         ] GC(323) User=0.00s Sys=0.00s Real=0.00s
[2026-03-22T19:50:53.631+0900][3.730s][info][gc,start       ] GC(324) Pause Young (Allocation Failure)
[2026-03-22T19:50:53.635+0900][3.734s][info][gc,heap        ] GC(324) PSYoungGen: 116136K(116736K)->57632K(116736K) Eden: 58504K(58880K)->0K(58880K) From: 57632K(57856K)->57632K(57856K)
[2026-03-22T19:50:53.635+0900][3.734s][info][gc,heap        ] GC(324) ParOldGen: 150638K(349696K)->197846K(349696K)
[2026-03-22T19:50:53.635+0900][3.734s][info][gc,metaspace   ] GC(324) Metaspace: 341K(512K)->341K(512K) NonClass: 323K(384K)->323K(384K) Class: 17K(128K)->17K(128K)
[2026-03-22T19:50:53.635+0900][3.734s][info][gc             ] GC(324) Pause Young (Allocation Failure) 260M->249M(455M) 3.618ms
[2026-03-22T19:50:53.635+0900][3.734s][info][gc,cpu         ] GC(324) User=0.12s Sys=0.00s Real=0.00s
[2026-03-22T19:50:53.640+0900][3.739s][info][gc,start       ] GC(325) Pause Young (Allocation Failure)
[2026-03-22T19:50:53.644+0900][3.743s][info][gc,heap        ] GC(325) PSYoungGen: 116136K(116736K)->57632K(116736K) Eden: 58504K(58880K)->0K(58880K) From: 57632K(57856K)->57632K(57856K)
[2026-03-22T19:50:53.644+0900][3.743s][info][gc,heap        ] GC(325) ParOldGen: 197846K(349696K)->245063K(349696K)
[2026-03-22T19:50:53.644+0900][3.743s][info][gc,metaspace   ] GC(325) Metaspace: 341K(512K)->341K(512K) NonClass: 323K(384K)->323K(384K) Class: 17K(128K)->17K(128K)
[2026-03-22T19:50:53.644+0900][3.743s][info][gc             ] GC(325) Pause Young (Allocation Failure) 306M->295M(455M) 3.756ms
[2026-03-22T19:50:53.644+0900][3.743s][info][gc,cpu         ] GC(325) User=0.00s Sys=0.00s Real=0.00s
[2026-03-22T19:50:53.649+0900][3.748s][info][gc,start       ] GC(326) Pause Young (Allocation Failure)
[2026-03-22T19:50:53.653+0900][3.752s][info][gc,heap        ] GC(326) PSYoungGen: 116136K(116736K)->57632K(116736K) Eden: 58504K(58880K)->0K(58880K) From: 57632K(57856K)->57632K(57856K)
[2026-03-22T19:50:53.653+0900][3.752s][info][gc,heap        ] GC(326) ParOldGen: 245063K(349696K)->292271K(349696K)
[2026-03-22T19:50:53.653+0900][3.752s][info][gc,metaspace   ] GC(326) Metaspace: 341K(512K)->341K(512K) NonClass: 323K(384K)->323K(384K) Class: 17K(128K)->17K(128K)
[2026-03-22T19:50:53.653+0900][3.752s][info][gc             ] GC(326) Pause Young (Allocation Failure) 352M->341M(455M) 4.094ms
[2026-03-22T19:50:53.653+0900][3.752s][info][gc,cpu         ] GC(326) User=0.12s Sys=0.00s Real=0.00s
[2026-03-22T19:50:53.658+0900][3.757s][info][gc,start       ] GC(327) Pause Full (Ergonomics)
[2026-03-22T19:50:53.658+0900][3.757s][info][gc,phases,start] GC(327) Marking Phase
[2026-03-22T19:50:53.659+0900][3.758s][info][gc,phases      ] GC(327) Marking Phase 1.038ms
[2026-03-22T19:50:53.659+0900][3.758s][info][gc,phases,start] GC(327) Summary Phase
[2026-03-22T19:50:53.659+0900][3.758s][info][gc,phases      ] GC(327) Summary Phase 0.012ms
[2026-03-22T19:50:53.659+0900][3.758s][info][gc,phases,start] GC(327) Adjust Roots
[2026-03-22T19:50:53.659+0900][3.758s][info][gc,phases      ] GC(327) Adjust Roots 0.208ms
[2026-03-22T19:50:53.659+0900][3.758s][info][gc,phases,start] GC(327) Compaction Phase
[2026-03-22T19:50:53.665+0900][3.764s][info][gc,phases      ] GC(327) Compaction Phase 5.162ms
[2026-03-22T19:50:53.665+0900][3.764s][info][gc,phases,start] GC(327) Post Compact
[2026-03-22T19:50:53.666+0900][3.765s][info][gc,phases      ] GC(327) Post Compact 1.149ms
[2026-03-22T19:50:53.666+0900][3.765s][info][gc,heap        ] GC(327) PSYoungGen: 116136K(116736K)->0K(116736K) Eden: 58504K(58880K)->0K(58880K) From: 57632K(57856K)->0K(57856K)
[2026-03-22T19:50:53.666+0900][3.765s][info][gc,heap        ] GC(327) ParOldGen: 292271K(349696K)->103429K(349696K)
[2026-03-22T19:50:53.666+0900][3.765s][info][gc,metaspace   ] GC(327) Metaspace: 341K(512K)->341K(512K) NonClass: 323K(384K)->323K(384K) Class: 17K(128K)->17K(128K)
[2026-03-22T19:50:53.666+0900][3.765s][info][gc             ] GC(327) Pause Full (Ergonomics) 398M->101M(455M) 7.757ms
[2026-03-22T19:50:53.666+0900][3.765s][info][gc,cpu         ] GC(327) User=0.00s Sys=0.00s Real=0.01s
[2026-03-22T19:50:53.671+0900][3.770s][info][gc,start       ] GC(328) Pause Young (Allocation Failure)
[2026-03-22T19:50:53.673+0900][3.772s][info][gc,heap        ] GC(328) PSYoungGen: 58504K(116736K)->57632K(116736K) Eden: 58504K(58880K)->0K(58880K) From: 0K(57856K)->57632K(57856K)
[2026-03-22T19:50:53.673+0900][3.772s][info][gc,heap        ] GC(328) ParOldGen: 103429K(349696K)->103429K(349696K)
[2026-03-22T19:50:53.673+0900][3.772s][info][gc,metaspace   ] GC(328) Metaspace: 341K(512K)->341K(512K) NonClass: 323K(384K)->323K(384K) Class: 17K(128K)->17K(128K)
[2026-03-22T19:50:53.673+0900][3.772s][info][gc             ] GC(328) Pause Young (Allocation Failure) 158M->157M(455M) 2.566ms
[2026-03-22T19:50:53.673+0900][3.772s][info][gc,cpu         ] GC(328) User=0.00s Sys=0.00s Real=0.00s
[2026-03-22T19:50:53.678+0900][3.777s][info][gc,start       ] GC(329) Pause Young (Allocation Failure)
[2026-03-22T19:50:53.682+0900][3.781s][info][gc,heap        ] GC(329) PSYoungGen: 116136K(116736K)->57600K(116736K) Eden: 58504K(58880K)->0K(58880K) From: 57632K(57856K)->57600K(57856K)
[2026-03-22T19:50:53.682+0900][3.781s][info][gc,heap        ] GC(329) ParOldGen: 103429K(349696K)->150638K(349696K)
[2026-03-22T19:50:53.682+0900][3.781s][info][gc,metaspace   ] GC(329) Metaspace: 341K(512K)->341K(512K) NonClass: 323K(384K)->323K(384K) Class: 17K(128K)->17K(128K)
[2026-03-22T19:50:53.682+0900][3.781s][info][gc             ] GC(329) Pause Young (Allocation Failure) 214M->203M(455M) 4.013ms
[2026-03-22T19:50:53.682+0900][3.781s][info][gc,cpu         ] GC(329) User=0.11s Sys=0.00s Real=0.00s
[2026-03-22T19:50:53.688+0900][3.787s][info][gc,start       ] GC(330) Pause Young (Allocation Failure)
[2026-03-22T19:50:53.692+0900][3.791s][info][gc,heap        ] GC(330) PSYoungGen: 116104K(116736K)->57632K(116736K) Eden: 58504K(58880K)->0K(58880K) From: 57600K(57856K)->57632K(57856K)
[2026-03-22T19:50:53.692+0900][3.791s][info][gc,heap        ] GC(330) ParOldGen: 150638K(349696K)->197838K(349696K)
[2026-03-22T19:50:53.692+0900][3.791s][info][gc,metaspace   ] GC(330) Metaspace: 341K(512K)->341K(512K) NonClass: 323K(384K)->323K(384K) Class: 17K(128K)->17K(128K)
[2026-03-22T19:50:53.692+0900][3.791s][info][gc             ] GC(330) Pause Young (Allocation Failure) 260M->249M(455M) 4.079ms
[2026-03-22T19:50:53.692+0900][3.791s][info][gc,cpu         ] GC(330) User=0.00s Sys=0.00s Real=0.00s
[2026-03-22T19:50:53.697+0900][3.796s][info][gc,start       ] GC(331) Pause Young (Allocation Failure)
[2026-03-22T19:50:53.700+0900][3.800s][info][gc,heap        ] GC(331) PSYoungGen: 116136K(116736K)->57632K(116736K) Eden: 58504K(58880K)->0K(58880K) From: 57632K(57856K)->57632K(57856K)
[2026-03-22T19:50:53.702+0900][3.800s][info][gc,heap        ] GC(331) ParOldGen: 197838K(349696K)->245055K(349696K)
[2026-03-22T19:50:53.702+0900][3.800s][info][gc,metaspace   ] GC(331) Metaspace: 341K(512K)->341K(512K) NonClass: 323K(384K)->323K(384K) Class: 17K(128K)->17K(128K)
[2026-03-22T19:50:53.702+0900][3.800s][info][gc             ] GC(331) Pause Young (Allocation Failure) 306M->295M(455M) 3.985ms
[2026-03-22T19:50:53.702+0900][3.800s][info][gc,cpu         ] GC(331) User=0.00s Sys=0.00s Real=0.00s
[2026-03-22T19:50:53.708+0900][3.806s][info][gc,start       ] GC(332) Pause Young (Allocation Failure)
[2026-03-22T19:50:53.712+0900][3.810s][info][gc,heap        ] GC(332) PSYoungGen: 116136K(116736K)->57632K(116736K) Eden: 58504K(58880K)->0K(58880K) From: 57632K(57856K)->57632K(57856K)
[2026-03-22T19:50:53.712+0900][3.810s][info][gc,heap        ] GC(332) ParOldGen: 245055K(349696K)->292263K(349696K)
[2026-03-22T19:50:53.712+0900][3.810s][info][gc,metaspace   ] GC(332) Metaspace: 341K(512K)->341K(512K) NonClass: 323K(384K)->323K(384K) Class: 17K(128K)->17K(128K)
[2026-03-22T19:50:53.712+0900][3.810s][info][gc             ] GC(332) Pause Young (Allocation Failure) 352M->341M(455M) 4.308ms
[2026-03-22T19:50:53.712+0900][3.810s][info][gc,cpu         ] GC(332) User=0.00s Sys=0.00s Real=0.00s
[2026-03-22T19:50:53.717+0900][3.816s][info][gc,start       ] GC(333) Pause Full (Ergonomics)
[2026-03-22T19:50:53.717+0900][3.816s][info][gc,phases,start] GC(333) Marking Phase
[2026-03-22T19:50:53.718+0900][3.817s][info][gc,phases      ] GC(333) Marking Phase 1.143ms
[2026-03-22T19:50:53.718+0900][3.817s][info][gc,phases,start] GC(333) Summary Phase
[2026-03-22T19:50:53.718+0900][3.817s][info][gc,phases      ] GC(333) Summary Phase 0.013ms
[2026-03-22T19:50:53.718+0900][3.817s][info][gc,phases,start] GC(333) Adjust Roots
[2026-03-22T19:50:53.719+0900][3.817s][info][gc,phases      ] GC(333) Adjust Roots 0.165ms
[2026-03-22T19:50:53.719+0900][3.817s][info][gc,phases,start] GC(333) Compaction Phase
[2026-03-22T19:50:53.724+0900][3.822s][info][gc,phases      ] GC(333) Compaction Phase 5.319ms
[2026-03-22T19:50:53.724+0900][3.822s][info][gc,phases,start] GC(333) Post Compact
[2026-03-22T19:50:53.725+0900][3.824s][info][gc,phases      ] GC(333) Post Compact 1.133ms
[2026-03-22T19:50:53.725+0900][3.824s][info][gc,heap        ] GC(333) PSYoungGen: 116136K(116736K)->0K(116736K) Eden: 58504K(58880K)->0K(58880K) From: 57632K(57856K)->0K(57856K)
[2026-03-22T19:50:53.725+0900][3.824s][info][gc,heap        ] GC(333) ParOldGen: 292263K(349696K)->103429K(349696K)
[2026-03-22T19:50:53.725+0900][3.824s][info][gc,metaspace   ] GC(333) Metaspace: 341K(512K)->341K(512K) NonClass: 323K(384K)->323K(384K) Class: 17K(128K)->17K(128K)
[2026-03-22T19:50:53.725+0900][3.824s][info][gc             ] GC(333) Pause Full (Ergonomics) 398M->101M(455M) 7.968ms
[2026-03-22T19:50:53.725+0900][3.824s][info][gc,cpu         ] GC(333) User=0.00s Sys=0.00s Real=0.01s
[2026-03-22T19:50:53.730+0900][3.829s][info][gc,start       ] GC(334) Pause Young (Allocation Failure)
[2026-03-22T19:50:53.733+0900][3.831s][info][gc,heap        ] GC(334) PSYoungGen: 58504K(116736K)->57632K(116736K) Eden: 58504K(58880K)->0K(58880K) From: 0K(57856K)->57632K(57856K)
[2026-03-22T19:50:53.733+0900][3.832s][info][gc,heap        ] GC(334) ParOldGen: 103429K(349696K)->103429K(349696K)
[2026-03-22T19:50:53.733+0900][3.832s][info][gc,metaspace   ] GC(334) Metaspace: 341K(512K)->341K(512K) NonClass: 323K(384K)->323K(384K) Class: 17K(128K)->17K(128K)
[2026-03-22T19:50:53.733+0900][3.832s][info][gc             ] GC(334) Pause Young (Allocation Failure) 158M->157M(455M) 2.465ms
[2026-03-22T19:50:53.733+0900][3.832s][info][gc,cpu         ] GC(334) User=0.00s Sys=0.00s Real=0.00s
[2026-03-22T19:50:53.738+0900][3.837s][info][gc,start       ] GC(335) Pause Young (Allocation Failure)
[2026-03-22T19:50:53.742+0900][3.840s][info][gc,heap        ] GC(335) PSYoungGen: 116136K(116736K)->57632K(116736K) Eden: 58504K(58880K)->0K(58880K) From: 57632K(57856K)->57632K(57856K)
[2026-03-22T19:50:53.742+0900][3.841s][info][gc,heap        ] GC(335) ParOldGen: 103429K(349696K)->150638K(349696K)
[2026-03-22T19:50:53.742+0900][3.841s][info][gc,metaspace   ] GC(335) Metaspace: 341K(512K)->341K(512K) NonClass: 323K(384K)->323K(384K) Class: 17K(128K)->17K(128K)
[2026-03-22T19:50:53.742+0900][3.841s][info][gc             ] GC(335) Pause Young (Allocation Failure) 214M->203M(455M) 3.934ms
[2026-03-22T19:50:53.742+0900][3.841s][info][gc,cpu         ] GC(335) User=0.00s Sys=0.00s Real=0.00s
[2026-03-22T19:50:53.748+0900][3.846s][info][gc,start       ] GC(336) Pause Young (Allocation Failure)
[2026-03-22T19:50:53.751+0900][3.850s][info][gc,heap        ] GC(336) PSYoungGen: 116136K(116736K)->57632K(116736K) Eden: 58504K(58880K)->0K(58880K) From: 57632K(57856K)->57632K(57856K)
[2026-03-22T19:50:53.752+0900][3.850s][info][gc,heap        ] GC(336) ParOldGen: 150638K(349696K)->197846K(349696K)
[2026-03-22T19:50:53.752+0900][3.850s][info][gc,metaspace   ] GC(336) Metaspace: 341K(512K)->341K(512K) NonClass: 323K(384K)->323K(384K) Class: 17K(128K)->17K(128K)
[2026-03-22T19:50:53.752+0900][3.850s][info][gc             ] GC(336) Pause Young (Allocation Failure) 260M->249M(455M) 3.898ms
[2026-03-22T19:50:53.752+0900][3.850s][info][gc,cpu         ] GC(336) User=0.00s Sys=0.00s Real=0.00s
[2026-03-22T19:50:53.757+0900][3.855s][info][gc,start       ] GC(337) Pause Young (Allocation Failure)
[2026-03-22T19:50:53.760+0900][3.859s][info][gc,heap        ] GC(337) PSYoungGen: 116136K(116736K)->57632K(116736K) Eden: 58504K(58880K)->0K(58880K) From: 57632K(57856K)->57632K(57856K)
[2026-03-22T19:50:53.760+0900][3.859s][info][gc,heap        ] GC(337) ParOldGen: 197846K(349696K)->245063K(349696K)
[2026-03-22T19:50:53.760+0900][3.859s][info][gc,metaspace   ] GC(337) Metaspace: 341K(512K)->341K(512K) NonClass: 323K(384K)->323K(384K) Class: 17K(128K)->17K(128K)
[2026-03-22T19:50:53.760+0900][3.859s][info][gc             ] GC(337) Pause Young (Allocation Failure) 306M->295M(455M) 3.763ms
[2026-03-22T19:50:53.760+0900][3.859s][info][gc,cpu         ] GC(337) User=0.12s Sys=0.00s Real=0.00s
[2026-03-22T19:50:53.766+0900][3.864s][info][gc,start       ] GC(338) Pause Young (Allocation Failure)
[2026-03-22T19:50:53.769+0900][3.868s][info][gc,heap        ] GC(338) PSYoungGen: 116136K(116736K)->57632K(116736K) Eden: 58504K(58880K)->0K(58880K) From: 57632K(57856K)->57632K(57856K)
[2026-03-22T19:50:53.769+0900][3.868s][info][gc,heap        ] GC(338) ParOldGen: 245063K(349696K)->292271K(349696K)
[2026-03-22T19:50:53.770+0900][3.868s][info][gc,metaspace   ] GC(338) Metaspace: 341K(512K)->341K(512K) NonClass: 323K(384K)->323K(384K) Class: 17K(128K)->17K(128K)
[2026-03-22T19:50:53.770+0900][3.868s][info][gc             ] GC(338) Pause Young (Allocation Failure) 352M->341M(455M) 3.804ms
[2026-03-22T19:50:53.770+0900][3.868s][info][gc,cpu         ] GC(338) User=0.00s Sys=0.00s Real=0.00s
[2026-03-22T19:50:53.775+0900][3.873s][info][gc,start       ] GC(339) Pause Full (Ergonomics)
[2026-03-22T19:50:53.775+0900][3.873s][info][gc,phases,start] GC(339) Marking Phase
[2026-03-22T19:50:53.775+0900][3.874s][info][gc,phases      ] GC(339) Marking Phase 0.967ms
[2026-03-22T19:50:53.775+0900][3.874s][info][gc,phases,start] GC(339) Summary Phase
[2026-03-22T19:50:53.775+0900][3.874s][info][gc,phases      ] GC(339) Summary Phase 0.031ms
[2026-03-22T19:50:53.775+0900][3.874s][info][gc,phases,start] GC(339) Adjust Roots
[2026-03-22T19:50:53.776+0900][3.874s][info][gc,phases      ] GC(339) Adjust Roots 0.195ms
[2026-03-22T19:50:53.776+0900][3.874s][info][gc,phases,start] GC(339) Compaction Phase
[2026-03-22T19:50:53.780+0900][3.879s][info][gc,phases      ] GC(339) Compaction Phase 4.795ms
[2026-03-22T19:50:53.780+0900][3.879s][info][gc,phases,start] GC(339) Post Compact
[2026-03-22T19:50:53.781+0900][3.880s][info][gc,phases      ] GC(339) Post Compact 1.199ms
[2026-03-22T19:50:53.782+0900][3.880s][info][gc,heap        ] GC(339) PSYoungGen: 116136K(116736K)->0K(116736K) Eden: 58504K(58880K)->0K(58880K) From: 57632K(57856K)->0K(57856K)
[2026-03-22T19:50:53.782+0900][3.880s][info][gc,heap        ] GC(339) ParOldGen: 292271K(349696K)->103429K(349696K)
[2026-03-22T19:50:53.782+0900][3.880s][info][gc,metaspace   ] GC(339) Metaspace: 341K(512K)->341K(512K) NonClass: 323K(384K)->323K(384K) Class: 17K(128K)->17K(128K)
[2026-03-22T19:50:53.782+0900][3.880s][info][gc             ] GC(339) Pause Full (Ergonomics) 398M->101M(455M) 7.472ms
[2026-03-22T19:50:53.782+0900][3.880s][info][gc,cpu         ] GC(339) User=0.02s Sys=0.00s Real=0.01s
[2026-03-22T19:50:53.787+0900][3.886s][info][gc,start       ] GC(340) Pause Young (Allocation Failure)
[2026-03-22T19:50:53.790+0900][3.888s][info][gc,heap        ] GC(340) PSYoungGen: 58504K(116736K)->57632K(116736K) Eden: 58504K(58880K)->0K(58880K) From: 0K(57856K)->57632K(57856K)
[2026-03-22T19:50:53.790+0900][3.889s][info][gc,heap        ] GC(340) ParOldGen: 103429K(349696K)->103429K(349696K)
[2026-03-22T19:50:53.790+0900][3.889s][info][gc,metaspace   ] GC(340) Metaspace: 341K(512K)->341K(512K) NonClass: 323K(384K)->323K(384K) Class: 17K(128K)->17K(128K)
[2026-03-22T19:50:53.790+0900][3.889s][info][gc             ] GC(340) Pause Young (Allocation Failure) 158M->157M(455M) 2.531ms
[2026-03-22T19:50:53.790+0900][3.889s][info][gc,cpu         ] GC(340) User=0.00s Sys=0.00s Real=0.00s
[2026-03-22T19:50:53.795+0900][3.894s][info][gc,start       ] GC(341) Pause Young (Allocation Failure)
[2026-03-22T19:50:53.799+0900][3.898s][info][gc,heap        ] GC(341) PSYoungGen: 116136K(116736K)->57632K(116736K) Eden: 58504K(58880K)->0K(58880K) From: 57632K(57856K)->57632K(57856K)
[2026-03-22T19:50:53.799+0900][3.898s][info][gc,heap        ] GC(341) ParOldGen: 103429K(349696K)->150638K(349696K)
[2026-03-22T19:50:53.799+0900][3.898s][info][gc,metaspace   ] GC(341) Metaspace: 341K(512K)->341K(512K) NonClass: 323K(384K)->323K(384K) Class: 17K(128K)->17K(128K)
[2026-03-22T19:50:53.799+0900][3.898s][info][gc             ] GC(341) Pause Young (Allocation Failure) 214M->203M(455M) 3.985ms
[2026-03-22T19:50:53.799+0900][3.898s][info][gc,cpu         ] GC(341) User=0.00s Sys=0.00s Real=0.00s
[2026-03-22T19:50:53.804+0900][3.903s][info][gc,start       ] GC(342) Pause Young (Allocation Failure)
[2026-03-22T19:50:53.808+0900][3.907s][info][gc,heap        ] GC(342) PSYoungGen: 116136K(116736K)->57632K(116736K) Eden: 58504K(58880K)->0K(58880K) From: 57632K(57856K)->57632K(57856K)
[2026-03-22T19:50:53.808+0900][3.907s][info][gc,heap        ] GC(342) ParOldGen: 150638K(349696K)->197846K(349696K)
[2026-03-22T19:50:53.808+0900][3.907s][info][gc,metaspace   ] GC(342) Metaspace: 341K(512K)->341K(512K) NonClass: 323K(384K)->323K(384K) Class: 17K(128K)->17K(128K)
[2026-03-22T19:50:53.808+0900][3.907s][info][gc             ] GC(342) Pause Young (Allocation Failure) 260M->249M(455M) 3.839ms
[2026-03-22T19:50:53.808+0900][3.907s][info][gc,cpu         ] GC(342) User=0.11s Sys=0.00s Real=0.00s
[2026-03-22T19:50:53.814+0900][3.912s][info][gc,start       ] GC(343) Pause Young (Allocation Failure)
[2026-03-22T19:50:53.817+0900][3.916s][info][gc,heap        ] GC(343) PSYoungGen: 116136K(116736K)->57632K(116736K) Eden: 58504K(58880K)->0K(58880K) From: 57632K(57856K)->57632K(57856K)
[2026-03-22T19:50:53.817+0900][3.916s][info][gc,heap        ] GC(343) ParOldGen: 197846K(349696K)->245063K(349696K)
[2026-03-22T19:50:53.817+0900][3.916s][info][gc,metaspace   ] GC(343) Metaspace: 341K(512K)->341K(512K) NonClass: 323K(384K)->323K(384K) Class: 17K(128K)->17K(128K)
[2026-03-22T19:50:53.817+0900][3.916s][info][gc             ] GC(343) Pause Young (Allocation Failure) 306M->295M(455M) 3.984ms
[2026-03-22T19:50:53.817+0900][3.916s][info][gc,cpu         ] GC(343) User=0.00s Sys=0.00s Real=0.00s
[2026-03-22T19:50:53.823+0900][3.921s][info][gc,start       ] GC(344) Pause Young (Allocation Failure)
[2026-03-22T19:50:53.826+0900][3.925s][info][gc,heap        ] GC(344) PSYoungGen: 116136K(116736K)->57632K(116736K) Eden: 58504K(58880K)->0K(58880K) From: 57632K(57856K)->57632K(57856K)
[2026-03-22T19:50:53.826+0900][3.925s][info][gc,heap        ] GC(344) ParOldGen: 245063K(349696K)->292271K(349696K)
[2026-03-22T19:50:53.826+0900][3.925s][info][gc,metaspace   ] GC(344) Metaspace: 341K(512K)->341K(512K) NonClass: 323K(384K)->323K(384K) Class: 17K(128K)->17K(128K)
[2026-03-22T19:50:53.826+0900][3.925s][info][gc             ] GC(344) Pause Young (Allocation Failure) 352M->341M(455M) 3.991ms
[2026-03-22T19:50:53.826+0900][3.925s][info][gc,cpu         ] GC(344) User=0.00s Sys=0.00s Real=0.00s
[2026-03-22T19:50:53.832+0900][3.930s][info][gc,start       ] GC(345) Pause Full (Ergonomics)
[2026-03-22T19:50:53.832+0900][3.930s][info][gc,phases,start] GC(345) Marking Phase
[2026-03-22T19:50:53.833+0900][3.931s][info][gc,phases      ] GC(345) Marking Phase 1.103ms
[2026-03-22T19:50:53.833+0900][3.931s][info][gc,phases,start] GC(345) Summary Phase
[2026-03-22T19:50:53.833+0900][3.931s][info][gc,phases      ] GC(345) Summary Phase 0.012ms
[2026-03-22T19:50:53.833+0900][3.931s][info][gc,phases,start] GC(345) Adjust Roots
[2026-03-22T19:50:53.833+0900][3.932s][info][gc,phases      ] GC(345) Adjust Roots 0.212ms
[2026-03-22T19:50:53.833+0900][3.932s][info][gc,phases,start] GC(345) Compaction Phase
[2026-03-22T19:50:53.837+0900][3.936s][info][gc,phases      ] GC(345) Compaction Phase 4.332ms
[2026-03-22T19:50:53.837+0900][3.936s][info][gc,phases,start] GC(345) Post Compact
[2026-03-22T19:50:53.839+0900][3.937s][info][gc,phases      ] GC(345) Post Compact 1.181ms
[2026-03-22T19:50:53.839+0900][3.937s][info][gc,heap        ] GC(345) PSYoungGen: 116136K(116736K)->0K(116736K) Eden: 58504K(58880K)->0K(58880K) From: 57632K(57856K)->0K(57856K)
[2026-03-22T19:50:53.839+0900][3.937s][info][gc,heap        ] GC(345) ParOldGen: 292271K(349696K)->103429K(349696K)
[2026-03-22T19:50:53.839+0900][3.937s][info][gc,metaspace   ] GC(345) Metaspace: 341K(512K)->341K(512K) NonClass: 323K(384K)->323K(384K) Class: 17K(128K)->17K(128K)
[2026-03-22T19:50:53.839+0900][3.937s][info][gc             ] GC(345) Pause Full (Ergonomics) 398M->101M(455M) 7.061ms
[2026-03-22T19:50:53.839+0900][3.937s][info][gc,cpu         ] GC(345) User=0.02s Sys=0.00s Real=0.01s
[2026-03-22T19:50:53.844+0900][3.943s][info][gc,start       ] GC(346) Pause Young (Allocation Failure)
[2026-03-22T19:50:53.846+0900][3.945s][info][gc,heap        ] GC(346) PSYoungGen: 58504K(116736K)->57632K(116736K) Eden: 58504K(58880K)->0K(58880K) From: 0K(57856K)->57632K(57856K)
[2026-03-22T19:50:53.846+0900][3.945s][info][gc,heap        ] GC(346) ParOldGen: 103429K(349696K)->103429K(349696K)
[2026-03-22T19:50:53.846+0900][3.945s][info][gc,metaspace   ] GC(346) Metaspace: 341K(512K)->341K(512K) NonClass: 323K(384K)->323K(384K) Class: 17K(128K)->17K(128K)
[2026-03-22T19:50:53.846+0900][3.945s][info][gc             ] GC(346) Pause Young (Allocation Failure) 158M->157M(455M) 2.430ms
[2026-03-22T19:50:53.846+0900][3.945s][info][gc,cpu         ] GC(346) User=0.00s Sys=0.00s Real=0.00s
[2026-03-22T19:50:53.851+0900][3.950s][info][gc,start       ] GC(347) Pause Young (Allocation Failure)
[2026-03-22T19:50:53.855+0900][3.954s][info][gc,heap        ] GC(347) PSYoungGen: 116136K(116736K)->57632K(116736K) Eden: 58504K(58880K)->0K(58880K) From: 57632K(57856K)->57632K(57856K)
[2026-03-22T19:50:53.855+0900][3.954s][info][gc,heap        ] GC(347) ParOldGen: 103429K(349696K)->150638K(349696K)
[2026-03-22T19:50:53.855+0900][3.954s][info][gc,metaspace   ] GC(347) Metaspace: 341K(512K)->341K(512K) NonClass: 323K(384K)->323K(384K) Class: 17K(128K)->17K(128K)
[2026-03-22T19:50:53.855+0900][3.954s][info][gc             ] GC(347) Pause Young (Allocation Failure) 214M->203M(455M) 3.616ms
[2026-03-22T19:50:53.855+0900][3.954s][info][gc,cpu         ] GC(347) User=0.12s Sys=0.00s Real=0.00s
[2026-03-22T19:50:53.861+0900][3.959s][info][gc,start       ] GC(348) Pause Young (Allocation Failure)
[2026-03-22T19:50:53.864+0900][3.963s][info][gc,heap        ] GC(348) PSYoungGen: 116136K(116736K)->57632K(116736K) Eden: 58504K(58880K)->0K(58880K) From: 57632K(57856K)->57632K(57856K)
[2026-03-22T19:50:53.864+0900][3.963s][info][gc,heap        ] GC(348) ParOldGen: 150638K(349696K)->197846K(349696K)
[2026-03-22T19:50:53.864+0900][3.963s][info][gc,metaspace   ] GC(348) Metaspace: 341K(512K)->341K(512K) NonClass: 323K(384K)->323K(384K) Class: 17K(128K)->17K(128K)
[2026-03-22T19:50:53.864+0900][3.963s][info][gc             ] GC(348) Pause Young (Allocation Failure) 260M->249M(455M) 4.048ms
[2026-03-22T19:50:53.864+0900][3.963s][info][gc,cpu         ] GC(348) User=0.00s Sys=0.00s Real=0.00s
[2026-03-22T19:50:53.870+0900][3.968s][info][gc,start       ] GC(349) Pause Young (Allocation Failure)
[2026-03-22T19:50:53.874+0900][3.972s][info][gc,heap        ] GC(349) PSYoungGen: 116136K(116736K)->57632K(116736K) Eden: 58504K(58880K)->0K(58880K) From: 57632K(57856K)->57632K(57856K)
[2026-03-22T19:50:53.874+0900][3.972s][info][gc,heap        ] GC(349) ParOldGen: 197846K(349696K)->245063K(349696K)
[2026-03-22T19:50:53.874+0900][3.972s][info][gc,metaspace   ] GC(349) Metaspace: 341K(512K)->341K(512K) NonClass: 323K(384K)->323K(384K) Class: 17K(128K)->17K(128K)
[2026-03-22T19:50:53.874+0900][3.972s][info][gc             ] GC(349) Pause Young (Allocation Failure) 306M->295M(455M) 3.948ms
[2026-03-22T19:50:53.874+0900][3.972s][info][gc,cpu         ] GC(349) User=0.00s Sys=0.00s Real=0.00s
[2026-03-22T19:50:53.879+0900][3.977s][info][gc,start       ] GC(350) Pause Young (Allocation Failure)
[2026-03-22T19:50:53.883+0900][3.982s][info][gc,heap        ] GC(350) PSYoungGen: 116136K(116736K)->57632K(116736K) Eden: 58504K(58880K)->0K(58880K) From: 57632K(57856K)->57632K(57856K)
[2026-03-22T19:50:53.883+0900][3.982s][info][gc,heap        ] GC(350) ParOldGen: 245063K(349696K)->292271K(349696K)
[2026-03-22T19:50:53.883+0900][3.982s][info][gc,metaspace   ] GC(350) Metaspace: 341K(512K)->341K(512K) NonClass: 323K(384K)->323K(384K) Class: 17K(128K)->17K(128K)
[2026-03-22T19:50:53.883+0900][3.982s][info][gc             ] GC(350) Pause Young (Allocation Failure) 352M->341M(455M) 4.167ms
[2026-03-22T19:50:53.883+0900][3.982s][info][gc,cpu         ] GC(350) User=0.00s Sys=0.00s Real=0.00s
[2026-03-22T19:50:53.888+0900][3.988s][info][gc,start       ] GC(351) Pause Full (Ergonomics)
[2026-03-22T19:50:53.888+0900][3.988s][info][gc,phases,start] GC(351) Marking Phase
[2026-03-22T19:50:53.890+0900][3.989s][info][gc,phases      ] GC(351) Marking Phase 1.327ms
[2026-03-22T19:50:53.890+0900][3.989s][info][gc,phases,start] GC(351) Summary Phase
[2026-03-22T19:50:53.890+0900][3.989s][info][gc,phases      ] GC(351) Summary Phase 0.026ms
[2026-03-22T19:50:53.890+0900][3.989s][info][gc,phases,start] GC(351) Adjust Roots
[2026-03-22T19:50:53.891+0900][3.989s][info][gc,phases      ] GC(351) Adjust Roots 0.293ms
[2026-03-22T19:50:53.891+0900][3.989s][info][gc,phases,start] GC(351) Compaction Phase
[2026-03-22T19:50:53.896+0900][3.995s][info][gc,phases      ] GC(351) Compaction Phase 5.169ms
[2026-03-22T19:50:53.896+0900][3.995s][info][gc,phases,start] GC(351) Post Compact
[2026-03-22T19:50:53.897+0900][3.996s][info][gc,phases      ] GC(351) Post Compact 1.401ms
[2026-03-22T19:50:53.897+0900][3.996s][info][gc,heap        ] GC(351) PSYoungGen: 116136K(116736K)->0K(116736K) Eden: 58504K(58880K)->0K(58880K) From: 57632K(57856K)->0K(57856K)
[2026-03-22T19:50:53.897+0900][3.996s][info][gc,heap        ] GC(351) ParOldGen: 292271K(349696K)->103430K(349696K)
[2026-03-22T19:50:53.897+0900][3.996s][info][gc,metaspace   ] GC(351) Metaspace: 341K(512K)->341K(512K) NonClass: 323K(384K)->323K(384K) Class: 17K(128K)->17K(128K)
[2026-03-22T19:50:53.897+0900][3.996s][info][gc             ] GC(351) Pause Full (Ergonomics) 398M->101M(455M) 8.489ms
[2026-03-22T19:50:53.897+0900][3.996s][info][gc,cpu         ] GC(351) User=0.00s Sys=0.00s Real=0.01s
[2026-03-22T19:50:53.902+0900][4.002s][info][gc,start       ] GC(352) Pause Young (Allocation Failure)
[2026-03-22T19:50:53.906+0900][4.004s][info][gc,heap        ] GC(352) PSYoungGen: 58504K(116736K)->57632K(116736K) Eden: 58504K(58880K)->0K(58880K) From: 0K(57856K)->57632K(57856K)
[2026-03-22T19:50:53.906+0900][4.004s][info][gc,heap        ] GC(352) ParOldGen: 103430K(349696K)->103430K(349696K)
[2026-03-22T19:50:53.906+0900][4.004s][info][gc,metaspace   ] GC(352) Metaspace: 341K(512K)->341K(512K) NonClass: 323K(384K)->323K(384K) Class: 17K(128K)->17K(128K)
[2026-03-22T19:50:53.906+0900][4.004s][info][gc             ] GC(352) Pause Young (Allocation Failure) 158M->157M(455M) 2.680ms
[2026-03-22T19:50:53.906+0900][4.004s][info][gc,cpu         ] GC(352) User=0.00s Sys=0.00s Real=0.00s
[2026-03-22T19:50:53.911+0900][4.010s][info][gc,start       ] GC(353) Pause Young (Allocation Failure)
[2026-03-22T19:50:53.915+0900][4.013s][info][gc,heap        ] GC(353) PSYoungGen: 116136K(116736K)->57632K(116736K) Eden: 58504K(58880K)->0K(58880K) From: 57632K(57856K)->57632K(57856K)
[2026-03-22T19:50:53.915+0900][4.013s][info][gc,heap        ] GC(353) ParOldGen: 103430K(349696K)->150638K(349696K)
[2026-03-22T19:50:53.915+0900][4.013s][info][gc,metaspace   ] GC(353) Metaspace: 341K(512K)->341K(512K) NonClass: 323K(384K)->323K(384K) Class: 17K(128K)->17K(128K)
[2026-03-22T19:50:53.915+0900][4.013s][info][gc             ] GC(353) Pause Young (Allocation Failure) 214M->203M(455M) 3.741ms
[2026-03-22T19:50:53.915+0900][4.013s][info][gc,cpu         ] GC(353) User=0.00s Sys=0.00s Real=0.00s
[2026-03-22T19:50:53.920+0900][4.019s][info][gc,start       ] GC(354) Pause Young (Allocation Failure)
[2026-03-22T19:50:53.923+0900][4.022s][info][gc,heap        ] GC(354) PSYoungGen: 116136K(116736K)->57632K(116736K) Eden: 58504K(58880K)->0K(58880K) From: 57632K(57856K)->57632K(57856K)
[2026-03-22T19:50:53.923+0900][4.022s][info][gc,heap        ] GC(354) ParOldGen: 150638K(349696K)->197847K(349696K)
[2026-03-22T19:50:53.923+0900][4.022s][info][gc,metaspace   ] GC(354) Metaspace: 341K(512K)->341K(512K) NonClass: 323K(384K)->323K(384K) Class: 17K(128K)->17K(128K)
[2026-03-22T19:50:53.923+0900][4.023s][info][gc             ] GC(354) Pause Young (Allocation Failure) 260M->249M(455M) 3.855ms
[2026-03-22T19:50:53.923+0900][4.023s][info][gc,cpu         ] GC(354) User=0.00s Sys=0.00s Real=0.00s
[2026-03-22T19:50:53.929+0900][4.028s][info][gc,start       ] GC(355) Pause Young (Allocation Failure)
[2026-03-22T19:50:53.932+0900][4.031s][info][gc,heap        ] GC(355) PSYoungGen: 116136K(116736K)->57632K(116736K) Eden: 58504K(58880K)->0K(58880K) From: 57632K(57856K)->57632K(57856K)
[2026-03-22T19:50:53.932+0900][4.032s][info][gc,heap        ] GC(355) ParOldGen: 197847K(349696K)->245063K(349696K)
[2026-03-22T19:50:53.932+0900][4.032s][info][gc,metaspace   ] GC(355) Metaspace: 341K(512K)->341K(512K) NonClass: 323K(384K)->323K(384K) Class: 17K(128K)->17K(128K)
[2026-03-22T19:50:53.932+0900][4.032s][info][gc             ] GC(355) Pause Young (Allocation Failure) 306M->295M(455M) 3.953ms
[2026-03-22T19:50:53.932+0900][4.032s][info][gc,cpu         ] GC(355) User=0.12s Sys=0.00s Real=0.00s
[2026-03-22T19:50:53.939+0900][4.037s][info][gc,start       ] GC(356) Pause Young (Allocation Failure)
[2026-03-22T19:50:53.942+0900][4.041s][info][gc,heap        ] GC(356) PSYoungGen: 116136K(116736K)->57632K(116736K) Eden: 58504K(58880K)->0K(58880K) From: 57632K(57856K)->57632K(57856K)
[2026-03-22T19:50:53.942+0900][4.041s][info][gc,heap        ] GC(356) ParOldGen: 245063K(349696K)->292271K(349696K)
[2026-03-22T19:50:53.942+0900][4.041s][info][gc,metaspace   ] GC(356) Metaspace: 341K(512K)->341K(512K) NonClass: 323K(384K)->323K(384K) Class: 17K(128K)->17K(128K)
[2026-03-22T19:50:53.942+0900][4.041s][info][gc             ] GC(356) Pause Young (Allocation Failure) 352M->341M(455M) 3.768ms
[2026-03-22T19:50:53.942+0900][4.041s][info][gc,cpu         ] GC(356) User=0.00s Sys=0.00s Real=0.00s
[2026-03-22T19:50:53.947+0900][4.046s][info][gc,start       ] GC(357) Pause Full (Ergonomics)
[2026-03-22T19:50:53.948+0900][4.046s][info][gc,phases,start] GC(357) Marking Phase
[2026-03-22T19:50:53.949+0900][4.047s][info][gc,phases      ] GC(357) Marking Phase 1.290ms
[2026-03-22T19:50:53.949+0900][4.047s][info][gc,phases,start] GC(357) Summary Phase
[2026-03-22T19:50:53.949+0900][4.047s][info][gc,phases      ] GC(357) Summary Phase 0.024ms
[2026-03-22T19:50:53.949+0900][4.047s][info][gc,phases,start] GC(357) Adjust Roots
[2026-03-22T19:50:53.949+0900][4.048s][info][gc,phases      ] GC(357) Adjust Roots 0.206ms
[2026-03-22T19:50:53.949+0900][4.048s][info][gc,phases,start] GC(357) Compaction Phase
[2026-03-22T19:50:53.953+0900][4.052s][info][gc,phases      ] GC(357) Compaction Phase 4.730ms
[2026-03-22T19:50:53.953+0900][4.052s][info][gc,phases,start] GC(357) Post Compact
[2026-03-22T19:50:53.955+0900][4.053s][info][gc,phases      ] GC(357) Post Compact 1.127ms
[2026-03-22T19:50:53.955+0900][4.053s][info][gc,heap        ] GC(357) PSYoungGen: 116136K(116736K)->0K(116736K) Eden: 58504K(58880K)->0K(58880K) From: 57632K(57856K)->0K(57856K)
[2026-03-22T19:50:53.955+0900][4.053s][info][gc,heap        ] GC(357) ParOldGen: 292271K(349696K)->103430K(349696K)
[2026-03-22T19:50:53.955+0900][4.053s][info][gc,metaspace   ] GC(357) Metaspace: 341K(512K)->341K(512K) NonClass: 323K(384K)->323K(384K) Class: 17K(128K)->17K(128K)
[2026-03-22T19:50:53.955+0900][4.053s][info][gc             ] GC(357) Pause Full (Ergonomics) 398M->101M(455M) 7.592ms
[2026-03-22T19:50:53.955+0900][4.053s][info][gc,cpu         ] GC(357) User=0.00s Sys=0.00s Real=0.01s
[2026-03-22T19:50:53.960+0900][4.058s][info][gc,start       ] GC(358) Pause Young (Allocation Failure)
[2026-03-22T19:50:53.963+0900][4.061s][info][gc,heap        ] GC(358) PSYoungGen: 58504K(116736K)->57632K(116736K) Eden: 58504K(58880K)->0K(58880K) From: 0K(57856K)->57632K(57856K)
[2026-03-22T19:50:53.963+0900][4.061s][info][gc,heap        ] GC(358) ParOldGen: 103430K(349696K)->103430K(349696K)
[2026-03-22T19:50:53.963+0900][4.061s][info][gc,metaspace   ] GC(358) Metaspace: 341K(512K)->341K(512K) NonClass: 323K(384K)->323K(384K) Class: 17K(128K)->17K(128K)
[2026-03-22T19:50:53.963+0900][4.061s][info][gc             ] GC(358) Pause Young (Allocation Failure) 158M->157M(455M) 2.699ms
[2026-03-22T19:50:53.963+0900][4.061s][info][gc,cpu         ] GC(358) User=0.02s Sys=0.00s Real=0.00s
[2026-03-22T19:50:53.968+0900][4.066s][info][gc,start       ] GC(359) Pause Young (Allocation Failure)
[2026-03-22T19:50:53.972+0900][4.070s][info][gc,heap        ] GC(359) PSYoungGen: 116136K(116736K)->57632K(116736K) Eden: 58504K(58880K)->0K(58880K) From: 57632K(57856K)->57632K(57856K)
[2026-03-22T19:50:53.972+0900][4.070s][info][gc,heap        ] GC(359) ParOldGen: 103430K(349696K)->150638K(349696K)
[2026-03-22T19:50:53.972+0900][4.070s][info][gc,metaspace   ] GC(359) Metaspace: 341K(512K)->341K(512K) NonClass: 323K(384K)->323K(384K) Class: 17K(128K)->17K(128K)
[2026-03-22T19:50:53.972+0900][4.070s][info][gc             ] GC(359) Pause Young (Allocation Failure) 214M->203M(455M) 3.780ms
[2026-03-22T19:50:53.972+0900][4.070s][info][gc,cpu         ] GC(359) User=0.00s Sys=0.00s Real=0.00s
[2026-03-22T19:50:53.977+0900][4.075s][info][gc,start       ] GC(360) Pause Young (Allocation Failure)
[2026-03-22T19:50:53.981+0900][4.079s][info][gc,heap        ] GC(360) PSYoungGen: 116136K(116736K)->57632K(116736K) Eden: 58504K(58880K)->0K(58880K) From: 57632K(57856K)->57632K(57856K)
[2026-03-22T19:50:53.981+0900][4.079s][info][gc,heap        ] GC(360) ParOldGen: 150638K(349696K)->197847K(349696K)
[2026-03-22T19:50:53.981+0900][4.079s][info][gc,metaspace   ] GC(360) Metaspace: 341K(512K)->341K(512K) NonClass: 323K(384K)->323K(384K) Class: 17K(128K)->17K(128K)
[2026-03-22T19:50:53.981+0900][4.079s][info][gc             ] GC(360) Pause Young (Allocation Failure) 260M->249M(455M) 4.072ms
[2026-03-22T19:50:53.981+0900][4.079s][info][gc,cpu         ] GC(360) User=0.11s Sys=0.02s Real=0.00s
[2026-03-22T19:50:53.986+0900][4.085s][info][gc,start       ] GC(361) Pause Young (Allocation Failure)
[2026-03-22T19:50:53.990+0900][4.089s][info][gc,heap        ] GC(361) PSYoungGen: 116136K(116736K)->57632K(116736K) Eden: 58504K(58880K)->0K(58880K) From: 57632K(57856K)->57632K(57856K)
[2026-03-22T19:50:53.990+0900][4.089s][info][gc,heap        ] GC(361) ParOldGen: 197847K(349696K)->245063K(349696K)
[2026-03-22T19:50:53.990+0900][4.089s][info][gc,metaspace   ] GC(361) Metaspace: 341K(512K)->341K(512K) NonClass: 323K(384K)->323K(384K) Class: 17K(128K)->17K(128K)
[2026-03-22T19:50:53.990+0900][4.089s][info][gc             ] GC(361) Pause Young (Allocation Failure) 306M->295M(455M) 4.078ms
[2026-03-22T19:50:53.990+0900][4.089s][info][gc,cpu         ] GC(361) User=0.00s Sys=0.00s Real=0.00s
[2026-03-22T19:50:53.996+0900][4.095s][info][gc,start       ] GC(362) Pause Young (Allocation Failure)
[2026-03-22T19:50:54.000+0900][4.099s][info][gc,heap        ] GC(362) PSYoungGen: 116136K(116736K)->57632K(116736K) Eden: 58504K(58880K)->0K(58880K) From: 57632K(57856K)->57632K(57856K)
[2026-03-22T19:50:54.000+0900][4.099s][info][gc,heap        ] GC(362) ParOldGen: 245063K(349696K)->292271K(349696K)
[2026-03-22T19:50:54.000+0900][4.099s][info][gc,metaspace   ] GC(362) Metaspace: 341K(512K)->341K(512K) NonClass: 323K(384K)->323K(384K) Class: 17K(128K)->17K(128K)
[2026-03-22T19:50:54.000+0900][4.099s][info][gc             ] GC(362) Pause Young (Allocation Failure) 352M->341M(455M) 4.103ms
[2026-03-22T19:50:54.000+0900][4.099s][info][gc,cpu         ] GC(362) User=0.00s Sys=0.00s Real=0.00s
[2026-03-22T19:50:54.006+0900][4.104s][info][gc,start       ] GC(363) Pause Full (Ergonomics)
[2026-03-22T19:50:54.006+0900][4.104s][info][gc,phases,start] GC(363) Marking Phase
[2026-03-22T19:50:54.007+0900][4.105s][info][gc,phases      ] GC(363) Marking Phase 0.980ms
[2026-03-22T19:50:54.007+0900][4.105s][info][gc,phases,start] GC(363) Summary Phase
[2026-03-22T19:50:54.007+0900][4.105s][info][gc,phases      ] GC(363) Summary Phase 0.013ms
[2026-03-22T19:50:54.007+0900][4.105s][info][gc,phases,start] GC(363) Adjust Roots
[2026-03-22T19:50:54.007+0900][4.106s][info][gc,phases      ] GC(363) Adjust Roots 0.236ms
[2026-03-22T19:50:54.007+0900][4.106s][info][gc,phases,start] GC(363) Compaction Phase
[2026-03-22T19:50:54.011+0900][4.110s][info][gc,phases      ] GC(363) Compaction Phase 4.523ms
[2026-03-22T19:50:54.011+0900][4.110s][info][gc,phases,start] GC(363) Post Compact
[2026-03-22T19:50:54.012+0900][4.112s][info][gc,phases      ] GC(363) Post Compact 1.413ms
[2026-03-22T19:50:54.013+0900][4.112s][info][gc,heap        ] GC(363) PSYoungGen: 116136K(116736K)->0K(116736K) Eden: 58504K(58880K)->0K(58880K) From: 57632K(57856K)->0K(57856K)
[2026-03-22T19:50:54.013+0900][4.112s][info][gc,heap        ] GC(363) ParOldGen: 292271K(349696K)->103430K(349696K)
[2026-03-22T19:50:54.013+0900][4.112s][info][gc,metaspace   ] GC(363) Metaspace: 341K(512K)->341K(512K) NonClass: 323K(384K)->323K(384K) Class: 17K(128K)->17K(128K)
[2026-03-22T19:50:54.013+0900][4.112s][info][gc             ] GC(363) Pause Full (Ergonomics) 398M->101M(455M) 7.475ms
[2026-03-22T19:50:54.013+0900][4.112s][info][gc,cpu         ] GC(363) User=0.12s Sys=0.00s Real=0.01s
[2026-03-22T19:50:54.018+0900][4.117s][info][gc,start       ] GC(364) Pause Young (Allocation Failure)
[2026-03-22T19:50:54.020+0900][4.119s][info][gc,heap        ] GC(364) PSYoungGen: 58504K(116736K)->57632K(116736K) Eden: 58504K(58880K)->0K(58880K) From: 0K(57856K)->57632K(57856K)
[2026-03-22T19:50:54.020+0900][4.119s][info][gc,heap        ] GC(364) ParOldGen: 103430K(349696K)->103430K(349696K)
[2026-03-22T19:50:54.020+0900][4.119s][info][gc,metaspace   ] GC(364) Metaspace: 341K(512K)->341K(512K) NonClass: 323K(384K)->323K(384K) Class: 17K(128K)->17K(128K)
[2026-03-22T19:50:54.020+0900][4.119s][info][gc             ] GC(364) Pause Young (Allocation Failure) 158M->157M(455M) 2.429ms
[2026-03-22T19:50:54.020+0900][4.119s][info][gc,cpu         ] GC(364) User=0.00s Sys=0.00s Real=0.00s
[2026-03-22T19:50:54.025+0900][4.125s][info][gc,start       ] GC(365) Pause Young (Allocation Failure)
[2026-03-22T19:50:54.030+0900][4.128s][info][gc,heap        ] GC(365) PSYoungGen: 116136K(116736K)->57632K(116736K) Eden: 58504K(58880K)->0K(58880K) From: 57632K(57856K)->57632K(57856K)
[2026-03-22T19:50:54.030+0900][4.128s][info][gc,heap        ] GC(365) ParOldGen: 103430K(349696K)->150638K(349696K)
[2026-03-22T19:50:54.030+0900][4.128s][info][gc,metaspace   ] GC(365) Metaspace: 341K(512K)->341K(512K) NonClass: 323K(384K)->323K(384K) Class: 17K(128K)->17K(128K)
[2026-03-22T19:50:54.030+0900][4.128s][info][gc             ] GC(365) Pause Young (Allocation Failure) 214M->203M(455M) 3.842ms
[2026-03-22T19:50:54.030+0900][4.128s][info][gc,cpu         ] GC(365) User=0.00s Sys=0.00s Real=0.00s
[2026-03-22T19:50:54.035+0900][4.134s][info][gc,start       ] GC(366) Pause Young (Allocation Failure)
[2026-03-22T19:50:54.039+0900][4.137s][info][gc,heap        ] GC(366) PSYoungGen: 116136K(116736K)->57632K(116736K) Eden: 58504K(58880K)->0K(58880K) From: 57632K(57856K)->57632K(57856K)
[2026-03-22T19:50:54.039+0900][4.137s][info][gc,heap        ] GC(366) ParOldGen: 150638K(349696K)->197847K(349696K)
[2026-03-22T19:50:54.039+0900][4.137s][info][gc,metaspace   ] GC(366) Metaspace: 341K(512K)->341K(512K) NonClass: 323K(384K)->323K(384K) Class: 17K(128K)->17K(128K)
[2026-03-22T19:50:54.039+0900][4.137s][info][gc             ] GC(366) Pause Young (Allocation Failure) 260M->249M(455M) 3.625ms
[2026-03-22T19:50:54.039+0900][4.137s][info][gc,cpu         ] GC(366) User=0.00s Sys=0.00s Real=0.00s
[2026-03-22T19:50:54.044+0900][4.142s][info][gc,start       ] GC(367) Pause Young (Allocation Failure)
[2026-03-22T19:50:54.048+0900][4.146s][info][gc,heap        ] GC(367) PSYoungGen: 116136K(116736K)->57632K(116736K) Eden: 58504K(58880K)->0K(58880K) From: 57632K(57856K)->57632K(57856K)
[2026-03-22T19:50:54.048+0900][4.146s][info][gc,heap        ] GC(367) ParOldGen: 197847K(349696K)->245063K(349696K)
[2026-03-22T19:50:54.048+0900][4.146s][info][gc,metaspace   ] GC(367) Metaspace: 341K(512K)->341K(512K) NonClass: 323K(384K)->323K(384K) Class: 17K(128K)->17K(128K)
[2026-03-22T19:50:54.048+0900][4.146s][info][gc             ] GC(367) Pause Young (Allocation Failure) 306M->295M(455M) 3.917ms
[2026-03-22T19:50:54.048+0900][4.146s][info][gc,cpu         ] GC(367) User=0.00s Sys=0.00s Real=0.00s
[2026-03-22T19:50:54.053+0900][4.151s][info][gc,start       ] GC(368) Pause Young (Allocation Failure)
[2026-03-22T19:50:54.056+0900][4.155s][info][gc,heap        ] GC(368) PSYoungGen: 116136K(116736K)->57632K(116736K) Eden: 58504K(58880K)->0K(58880K) From: 57632K(57856K)->57632K(57856K)
[2026-03-22T19:50:54.056+0900][4.155s][info][gc,heap        ] GC(368) ParOldGen: 245063K(349696K)->292271K(349696K)
[2026-03-22T19:50:54.056+0900][4.155s][info][gc,metaspace   ] GC(368) Metaspace: 341K(512K)->341K(512K) NonClass: 323K(384K)->323K(384K) Class: 17K(128K)->17K(128K)
[2026-03-22T19:50:54.056+0900][4.155s][info][gc             ] GC(368) Pause Young (Allocation Failure) 352M->341M(455M) 3.603ms
[2026-03-22T19:50:54.056+0900][4.155s][info][gc,cpu         ] GC(368) User=0.00s Sys=0.00s Real=0.00s
[2026-03-22T19:50:54.061+0900][4.160s][info][gc,start       ] GC(369) Pause Full (Ergonomics)
[2026-03-22T19:50:54.061+0900][4.160s][info][gc,phases,start] GC(369) Marking Phase
[2026-03-22T19:50:54.063+0900][4.162s][info][gc,phases      ] GC(369) Marking Phase 1.624ms
[2026-03-22T19:50:54.063+0900][4.162s][info][gc,phases,start] GC(369) Summary Phase
[2026-03-22T19:50:54.063+0900][4.162s][info][gc,phases      ] GC(369) Summary Phase 0.014ms
[2026-03-22T19:50:54.063+0900][4.162s][info][gc,phases,start] GC(369) Adjust Roots
[2026-03-22T19:50:54.063+0900][4.162s][info][gc,phases      ] GC(369) Adjust Roots 0.145ms
[2026-03-22T19:50:54.063+0900][4.162s][info][gc,phases,start] GC(369) Compaction Phase
[2026-03-22T19:50:54.068+0900][4.167s][info][gc,phases      ] GC(369) Compaction Phase 4.836ms
[2026-03-22T19:50:54.068+0900][4.167s][info][gc,phases,start] GC(369) Post Compact
[2026-03-22T19:50:54.069+0900][4.168s][info][gc,phases      ] GC(369) Post Compact 1.136ms
[2026-03-22T19:50:54.069+0900][4.168s][info][gc,heap        ] GC(369) PSYoungGen: 116136K(116736K)->0K(116736K) Eden: 58504K(58880K)->0K(58880K) From: 57632K(57856K)->0K(57856K)
[2026-03-22T19:50:54.069+0900][4.168s][info][gc,heap        ] GC(369) ParOldGen: 292271K(349696K)->103430K(349696K)
[2026-03-22T19:50:54.070+0900][4.168s][info][gc,metaspace   ] GC(369) Metaspace: 341K(512K)->341K(512K) NonClass: 323K(384K)->323K(384K) Class: 17K(128K)->17K(128K)
[2026-03-22T19:50:54.070+0900][4.168s][info][gc             ] GC(369) Pause Full (Ergonomics) 398M->101M(455M) 8.056ms
[2026-03-22T19:50:54.070+0900][4.168s][info][gc,cpu         ] GC(369) User=0.00s Sys=0.00s Real=0.01s
[2026-03-22T19:50:54.074+0900][4.173s][info][gc,start       ] GC(370) Pause Young (Allocation Failure)
[2026-03-22T19:50:54.077+0900][4.175s][info][gc,heap        ] GC(370) PSYoungGen: 58504K(116736K)->57632K(116736K) Eden: 58504K(58880K)->0K(58880K) From: 0K(57856K)->57632K(57856K)
[2026-03-22T19:50:54.077+0900][4.175s][info][gc,heap        ] GC(370) ParOldGen: 103430K(349696K)->103430K(349696K)
[2026-03-22T19:50:54.077+0900][4.175s][info][gc,metaspace   ] GC(370) Metaspace: 341K(512K)->341K(512K) NonClass: 323K(384K)->323K(384K) Class: 17K(128K)->17K(128K)
[2026-03-22T19:50:54.077+0900][4.175s][info][gc             ] GC(370) Pause Young (Allocation Failure) 158M->157M(455M) 2.550ms
[2026-03-22T19:50:54.077+0900][4.175s][info][gc,cpu         ] GC(370) User=0.00s Sys=0.00s Real=0.00s
[2026-03-22T19:50:54.082+0900][4.180s][info][gc,start       ] GC(371) Pause Young (Allocation Failure)
[2026-03-22T19:50:54.086+0900][4.184s][info][gc,heap        ] GC(371) PSYoungGen: 116136K(116736K)->57632K(116736K) Eden: 58504K(58880K)->0K(58880K) From: 57632K(57856K)->57632K(57856K)
[2026-03-22T19:50:54.086+0900][4.184s][info][gc,heap        ] GC(371) ParOldGen: 103430K(349696K)->150638K(349696K)
[2026-03-22T19:50:54.086+0900][4.184s][info][gc,metaspace   ] GC(371) Metaspace: 341K(512K)->341K(512K) NonClass: 323K(384K)->323K(384K) Class: 17K(128K)->17K(128K)
[2026-03-22T19:50:54.086+0900][4.184s][info][gc             ] GC(371) Pause Young (Allocation Failure) 214M->203M(455M) 3.797ms
[2026-03-22T19:50:54.086+0900][4.184s][info][gc,cpu         ] GC(371) User=0.00s Sys=0.00s Real=0.00s
[2026-03-22T19:50:54.091+0900][4.189s][info][gc,start       ] GC(372) Pause Young (Allocation Failure)
[2026-03-22T19:50:54.095+0900][4.193s][info][gc,heap        ] GC(372) PSYoungGen: 116136K(116736K)->57632K(116736K) Eden: 58504K(58880K)->0K(58880K) From: 57632K(57856K)->57632K(57856K)
[2026-03-22T19:50:54.095+0900][4.193s][info][gc,heap        ] GC(372) ParOldGen: 150638K(349696K)->197847K(349696K)
[2026-03-22T19:50:54.095+0900][4.193s][info][gc,metaspace   ] GC(372) Metaspace: 341K(512K)->341K(512K) NonClass: 323K(384K)->323K(384K) Class: 17K(128K)->17K(128K)
[2026-03-22T19:50:54.095+0900][4.193s][info][gc             ] GC(372) Pause Young (Allocation Failure) 260M->249M(455M) 4.008ms
[2026-03-22T19:50:54.095+0900][4.193s][info][gc,cpu         ] GC(372) User=0.00s Sys=0.00s Real=0.00s
[2026-03-22T19:50:54.100+0900][4.198s][info][gc,start       ] GC(373) Pause Young (Allocation Failure)
[2026-03-22T19:50:54.104+0900][4.202s][info][gc,heap        ] GC(373) PSYoungGen: 116136K(116736K)->57632K(116736K) Eden: 58504K(58880K)->0K(58880K) From: 57632K(57856K)->57632K(57856K)
[2026-03-22T19:50:54.104+0900][4.202s][info][gc,heap        ] GC(373) ParOldGen: 197847K(349696K)->245063K(349696K)
[2026-03-22T19:50:54.104+0900][4.202s][info][gc,metaspace   ] GC(373) Metaspace: 341K(512K)->341K(512K) NonClass: 323K(384K)->323K(384K) Class: 17K(128K)->17K(128K)
[2026-03-22T19:50:54.104+0900][4.202s][info][gc             ] GC(373) Pause Young (Allocation Failure) 306M->295M(455M) 3.829ms
[2026-03-22T19:50:54.104+0900][4.202s][info][gc,cpu         ] GC(373) User=0.08s Sys=0.00s Real=0.00s
[2026-03-22T19:50:54.108+0900][4.207s][info][gc,start       ] GC(374) Pause Young (Allocation Failure)
[2026-03-22T19:50:54.112+0900][4.211s][info][gc,heap        ] GC(374) PSYoungGen: 116136K(116736K)->57600K(116736K) Eden: 58504K(58880K)->0K(58880K) From: 57632K(57856K)->57600K(57856K)
[2026-03-22T19:50:54.112+0900][4.211s][info][gc,heap        ] GC(374) ParOldGen: 245063K(349696K)->292271K(349696K)
[2026-03-22T19:50:54.112+0900][4.211s][info][gc,metaspace   ] GC(374) Metaspace: 341K(512K)->341K(512K) NonClass: 323K(384K)->323K(384K) Class: 17K(128K)->17K(128K)
[2026-03-22T19:50:54.112+0900][4.211s][info][gc             ] GC(374) Pause Young (Allocation Failure) 352M->341M(455M) 4.041ms
[2026-03-22T19:50:54.112+0900][4.211s][info][gc,cpu         ] GC(374) User=0.00s Sys=0.00s Real=0.00s
[2026-03-22T19:50:54.117+0900][4.216s][info][gc,start       ] GC(375) Pause Full (Ergonomics)
[2026-03-22T19:50:54.117+0900][4.216s][info][gc,phases,start] GC(375) Marking Phase
[2026-03-22T19:50:54.118+0900][4.217s][info][gc,phases      ] GC(375) Marking Phase 1.099ms
[2026-03-22T19:50:54.119+0900][4.217s][info][gc,phases,start] GC(375) Summary Phase
[2026-03-22T19:50:54.119+0900][4.217s][info][gc,phases      ] GC(375) Summary Phase 0.012ms
[2026-03-22T19:50:54.119+0900][4.217s][info][gc,phases,start] GC(375) Adjust Roots
[2026-03-22T19:50:54.119+0900][4.218s][info][gc,phases      ] GC(375) Adjust Roots 0.219ms
[2026-03-22T19:50:54.119+0900][4.218s][info][gc,phases,start] GC(375) Compaction Phase
[2026-03-22T19:50:54.124+0900][4.222s][info][gc,phases      ] GC(375) Compaction Phase 4.605ms
[2026-03-22T19:50:54.124+0900][4.222s][info][gc,phases,start] GC(375) Post Compact
[2026-03-22T19:50:54.125+0900][4.223s][info][gc,phases      ] GC(375) Post Compact 1.250ms
[2026-03-22T19:50:54.125+0900][4.224s][info][gc,heap        ] GC(375) PSYoungGen: 116104K(116736K)->0K(116736K) Eden: 58504K(58880K)->0K(58880K) From: 57600K(57856K)->0K(57856K)
[2026-03-22T19:50:54.125+0900][4.224s][info][gc,heap        ] GC(375) ParOldGen: 292271K(349696K)->103430K(349696K)
[2026-03-22T19:50:54.125+0900][4.224s][info][gc,metaspace   ] GC(375) Metaspace: 341K(512K)->341K(512K) NonClass: 323K(384K)->323K(384K) Class: 17K(128K)->17K(128K)
[2026-03-22T19:50:54.125+0900][4.224s][info][gc             ] GC(375) Pause Full (Ergonomics) 398M->101M(455M) 7.365ms
[2026-03-22T19:50:54.125+0900][4.224s][info][gc,cpu         ] GC(375) User=0.02s Sys=0.00s Real=0.01s
[2026-03-22T19:50:54.129+0900][4.229s][info][gc,start       ] GC(376) Pause Young (Allocation Failure)
[2026-03-22T19:50:54.133+0900][4.232s][info][gc,heap        ] GC(376) PSYoungGen: 58504K(116736K)->57632K(116736K) Eden: 58504K(58880K)->0K(58880K) From: 0K(57856K)->57632K(57856K)
[2026-03-22T19:50:54.133+0900][4.232s][info][gc,heap        ] GC(376) ParOldGen: 103430K(349696K)->103430K(349696K)
[2026-03-22T19:50:54.133+0900][4.232s][info][gc,metaspace   ] GC(376) Metaspace: 341K(512K)->341K(512K) NonClass: 323K(384K)->323K(384K) Class: 17K(128K)->17K(128K)
[2026-03-22T19:50:54.133+0900][4.232s][info][gc             ] GC(376) Pause Young (Allocation Failure) 158M->157M(455M) 2.489ms
[2026-03-22T19:50:54.133+0900][4.232s][info][gc,cpu         ] GC(376) User=0.00s Sys=0.00s Real=0.00s
[2026-03-22T19:50:54.138+0900][4.237s][info][gc,start       ] GC(377) Pause Young (Allocation Failure)
[2026-03-22T19:50:54.142+0900][4.241s][info][gc,heap        ] GC(377) PSYoungGen: 116136K(116736K)->57632K(116736K) Eden: 58504K(58880K)->0K(58880K) From: 57632K(57856K)->57632K(57856K)
[2026-03-22T19:50:54.142+0900][4.241s][info][gc,heap        ] GC(377) ParOldGen: 103430K(349696K)->150638K(349696K)
[2026-03-22T19:50:54.142+0900][4.241s][info][gc,metaspace   ] GC(377) Metaspace: 341K(512K)->341K(512K) NonClass: 323K(384K)->323K(384K) Class: 17K(128K)->17K(128K)
[2026-03-22T19:50:54.142+0900][4.241s][info][gc             ] GC(377) Pause Young (Allocation Failure) 214M->203M(455M) 3.814ms
[2026-03-22T19:50:54.142+0900][4.241s][info][gc,cpu         ] GC(377) User=0.00s Sys=0.00s Real=0.00s
[2026-03-22T19:50:54.147+0900][4.246s][info][gc,start       ] GC(378) Pause Young (Allocation Failure)
[2026-03-22T19:50:54.151+0900][4.250s][info][gc,heap        ] GC(378) PSYoungGen: 116136K(116736K)->57632K(116736K) Eden: 58504K(58880K)->0K(58880K) From: 57632K(57856K)->57632K(57856K)
[2026-03-22T19:50:54.151+0900][4.250s][info][gc,heap        ] GC(378) ParOldGen: 150638K(349696K)->197847K(349696K)
[2026-03-22T19:50:54.151+0900][4.250s][info][gc,metaspace   ] GC(378) Metaspace: 341K(512K)->341K(512K) NonClass: 323K(384K)->323K(384K) Class: 17K(128K)->17K(128K)
[2026-03-22T19:50:54.151+0900][4.250s][info][gc             ] GC(378) Pause Young (Allocation Failure) 260M->249M(455M) 3.957ms
[2026-03-22T19:50:54.151+0900][4.250s][info][gc,cpu         ] GC(378) User=0.11s Sys=0.00s Real=0.00s
[2026-03-22T19:50:54.158+0900][4.256s][info][gc,start       ] GC(379) Pause Young (Allocation Failure)
[2026-03-22T19:50:54.162+0900][4.260s][info][gc,heap        ] GC(379) PSYoungGen: 116136K(116736K)->57632K(116736K) Eden: 58504K(58880K)->0K(58880K) From: 57632K(57856K)->57632K(57856K)
[2026-03-22T19:50:54.162+0900][4.260s][info][gc,heap        ] GC(379) ParOldGen: 197847K(349696K)->245063K(349696K)
[2026-03-22T19:50:54.162+0900][4.260s][info][gc,metaspace   ] GC(379) Metaspace: 341K(512K)->341K(512K) NonClass: 323K(384K)->323K(384K) Class: 17K(128K)->17K(128K)
[2026-03-22T19:50:54.162+0900][4.260s][info][gc             ] GC(379) Pause Young (Allocation Failure) 306M->295M(455M) 4.053ms
[2026-03-22T19:50:54.162+0900][4.260s][info][gc,cpu         ] GC(379) User=0.00s Sys=0.00s Real=0.00s
[2026-03-22T19:50:54.167+0900][4.266s][info][gc,start       ] GC(380) Pause Young (Allocation Failure)
[2026-03-22T19:50:54.171+0900][4.270s][info][gc,heap        ] GC(380) PSYoungGen: 116136K(116736K)->57632K(116736K) Eden: 58504K(58880K)->0K(58880K) From: 57632K(57856K)->57632K(57856K)
[2026-03-22T19:50:54.171+0900][4.270s][info][gc,heap        ] GC(380) ParOldGen: 245063K(349696K)->292271K(349696K)
[2026-03-22T19:50:54.171+0900][4.270s][info][gc,metaspace   ] GC(380) Metaspace: 341K(512K)->341K(512K) NonClass: 323K(384K)->323K(384K) Class: 17K(128K)->17K(128K)
[2026-03-22T19:50:54.171+0900][4.270s][info][gc             ] GC(380) Pause Young (Allocation Failure) 352M->341M(455M) 4.048ms
[2026-03-22T19:50:54.171+0900][4.270s][info][gc,cpu         ] GC(380) User=0.00s Sys=0.00s Real=0.00s
[2026-03-22T19:50:54.176+0900][4.275s][info][gc,start       ] GC(381) Pause Full (Ergonomics)
[2026-03-22T19:50:54.176+0900][4.275s][info][gc,phases,start] GC(381) Marking Phase
[2026-03-22T19:50:54.178+0900][4.277s][info][gc,phases      ] GC(381) Marking Phase 1.642ms
[2026-03-22T19:50:54.178+0900][4.277s][info][gc,phases,start] GC(381) Summary Phase
[2026-03-22T19:50:54.178+0900][4.277s][info][gc,phases      ] GC(381) Summary Phase 0.021ms
[2026-03-22T19:50:54.178+0900][4.277s][info][gc,phases,start] GC(381) Adjust Roots
[2026-03-22T19:50:54.178+0900][4.277s][info][gc,phases      ] GC(381) Adjust Roots 0.318ms
[2026-03-22T19:50:54.179+0900][4.277s][info][gc,phases,start] GC(381) Compaction Phase
[2026-03-22T19:50:54.184+0900][4.283s][info][gc,phases      ] GC(381) Compaction Phase 5.447ms
[2026-03-22T19:50:54.184+0900][4.283s][info][gc,phases,start] GC(381) Post Compact
[2026-03-22T19:50:54.185+0900][4.284s][info][gc,phases      ] GC(381) Post Compact 1.416ms
[2026-03-22T19:50:54.185+0900][4.284s][info][gc,heap        ] GC(381) PSYoungGen: 116136K(116736K)->0K(116736K) Eden: 58504K(58880K)->0K(58880K) From: 57632K(57856K)->0K(57856K)
[2026-03-22T19:50:54.185+0900][4.284s][info][gc,heap        ] GC(381) ParOldGen: 292271K(349696K)->103430K(349696K)
[2026-03-22T19:50:54.185+0900][4.284s][info][gc,metaspace   ] GC(381) Metaspace: 341K(512K)->341K(512K) NonClass: 323K(384K)->323K(384K) Class: 17K(128K)->17K(128K)
[2026-03-22T19:50:54.185+0900][4.284s][info][gc             ] GC(381) Pause Full (Ergonomics) 398M->101M(455M) 9.100ms
[2026-03-22T19:50:54.185+0900][4.284s][info][gc,cpu         ] GC(381) User=0.11s Sys=0.00s Real=0.01s
[2026-03-22T19:50:54.192+0900][4.291s][info][gc,start       ] GC(382) Pause Young (Allocation Failure)
[2026-03-22T19:50:54.195+0900][4.294s][info][gc,heap        ] GC(382) PSYoungGen: 58504K(116736K)->57632K(116736K) Eden: 58504K(58880K)->0K(58880K) From: 0K(57856K)->57632K(57856K)
[2026-03-22T19:50:54.195+0900][4.294s][info][gc,heap        ] GC(382) ParOldGen: 103430K(349696K)->103430K(349696K)
[2026-03-22T19:50:54.195+0900][4.294s][info][gc,metaspace   ] GC(382) Metaspace: 341K(512K)->341K(512K) NonClass: 323K(384K)->323K(384K) Class: 17K(128K)->17K(128K)
[2026-03-22T19:50:54.195+0900][4.294s][info][gc             ] GC(382) Pause Young (Allocation Failure) 158M->157M(455M) 2.824ms
[2026-03-22T19:50:54.195+0900][4.294s][info][gc,cpu         ] GC(382) User=0.00s Sys=0.00s Real=0.00s
[2026-03-22T19:50:54.201+0900][4.300s][info][gc,start       ] GC(383) Pause Young (Allocation Failure)
[2026-03-22T19:50:54.205+0900][4.304s][info][gc,heap        ] GC(383) PSYoungGen: 116136K(116736K)->57632K(116736K) Eden: 58504K(58880K)->0K(58880K) From: 57632K(57856K)->57632K(57856K)
[2026-03-22T19:50:54.205+0900][4.304s][info][gc,heap        ] GC(383) ParOldGen: 103430K(349696K)->150638K(349696K)
[2026-03-22T19:50:54.205+0900][4.304s][info][gc,metaspace   ] GC(383) Metaspace: 341K(512K)->341K(512K) NonClass: 323K(384K)->323K(384K) Class: 17K(128K)->17K(128K)
[2026-03-22T19:50:54.205+0900][4.304s][info][gc             ] GC(383) Pause Young (Allocation Failure) 214M->203M(455M) 3.895ms
[2026-03-22T19:50:54.205+0900][4.304s][info][gc,cpu         ] GC(383) User=0.00s Sys=0.00s Real=0.00s
[2026-03-22T19:50:54.211+0900][4.309s][info][gc,start       ] GC(384) Pause Young (Allocation Failure)
[2026-03-22T19:50:54.215+0900][4.313s][info][gc,heap        ] GC(384) PSYoungGen: 116136K(116736K)->57632K(116736K) Eden: 58504K(58880K)->0K(58880K) From: 57632K(57856K)->57632K(57856K)
[2026-03-22T19:50:54.215+0900][4.313s][info][gc,heap        ] GC(384) ParOldGen: 150638K(349696K)->197847K(349696K)
[2026-03-22T19:50:54.215+0900][4.314s][info][gc,metaspace   ] GC(384) Metaspace: 341K(512K)->341K(512K) NonClass: 323K(384K)->323K(384K) Class: 17K(128K)->17K(128K)
[2026-03-22T19:50:54.215+0900][4.314s][info][gc             ] GC(384) Pause Young (Allocation Failure) 260M->249M(455M) 4.166ms
[2026-03-22T19:50:54.215+0900][4.314s][info][gc,cpu         ] GC(384) User=0.12s Sys=0.00s Real=0.00s
[2026-03-22T19:50:54.221+0900][4.319s][info][gc,start       ] GC(385) Pause Young (Allocation Failure)
[2026-03-22T19:50:54.225+0900][4.323s][info][gc,heap        ] GC(385) PSYoungGen: 116136K(116736K)->57632K(116736K) Eden: 58504K(58880K)->0K(58880K) From: 57632K(57856K)->57632K(57856K)
[2026-03-22T19:50:54.225+0900][4.323s][info][gc,heap        ] GC(385) ParOldGen: 197847K(349696K)->245055K(349696K)
[2026-03-22T19:50:54.225+0900][4.323s][info][gc,metaspace   ] GC(385) Metaspace: 341K(512K)->341K(512K) NonClass: 323K(384K)->323K(384K) Class: 17K(128K)->17K(128K)
[2026-03-22T19:50:54.225+0900][4.323s][info][gc             ] GC(385) Pause Young (Allocation Failure) 306M->295M(455M) 3.927ms
[2026-03-22T19:50:54.225+0900][4.323s][info][gc,cpu         ] GC(385) User=0.00s Sys=0.00s Real=0.00s
[2026-03-22T19:50:54.230+0900][4.328s][info][gc,start       ] GC(386) Pause Young (Allocation Failure)
[2026-03-22T19:50:54.234+0900][4.332s][info][gc,heap        ] GC(386) PSYoungGen: 116136K(116736K)->57632K(116736K) Eden: 58504K(58880K)->0K(58880K) From: 57632K(57856K)->57632K(57856K)
[2026-03-22T19:50:54.234+0900][4.332s][info][gc,heap        ] GC(386) ParOldGen: 245055K(349696K)->292263K(349696K)
[2026-03-22T19:50:54.234+0900][4.332s][info][gc,metaspace   ] GC(386) Metaspace: 341K(512K)->341K(512K) NonClass: 323K(384K)->323K(384K) Class: 17K(128K)->17K(128K)
[2026-03-22T19:50:54.234+0900][4.332s][info][gc             ] GC(386) Pause Young (Allocation Failure) 352M->341M(455M) 3.944ms
[2026-03-22T19:50:54.234+0900][4.332s][info][gc,cpu         ] GC(386) User=0.00s Sys=0.00s Real=0.00s
[2026-03-22T19:50:54.239+0900][4.337s][info][gc,start       ] GC(387) Pause Full (Ergonomics)
[2026-03-22T19:50:54.239+0900][4.337s][info][gc,phases,start] GC(387) Marking Phase
[2026-03-22T19:50:54.240+0900][4.339s][info][gc,phases      ] GC(387) Marking Phase 1.190ms
[2026-03-22T19:50:54.240+0900][4.339s][info][gc,phases,start] GC(387) Summary Phase
[2026-03-22T19:50:54.240+0900][4.339s][info][gc,phases      ] GC(387) Summary Phase 0.013ms
[2026-03-22T19:50:54.240+0900][4.339s][info][gc,phases,start] GC(387) Adjust Roots
[2026-03-22T19:50:54.240+0900][4.339s][info][gc,phases      ] GC(387) Adjust Roots 0.212ms
[2026-03-22T19:50:54.240+0900][4.339s][info][gc,phases,start] GC(387) Compaction Phase
[2026-03-22T19:50:54.245+0900][4.343s][info][gc,phases      ] GC(387) Compaction Phase 4.563ms
[2026-03-22T19:50:54.245+0900][4.343s][info][gc,phases,start] GC(387) Post Compact
[2026-03-22T19:50:54.246+0900][4.345s][info][gc,phases      ] GC(387) Post Compact 1.525ms
[2026-03-22T19:50:54.246+0900][4.345s][info][gc,heap        ] GC(387) PSYoungGen: 116136K(116736K)->0K(116736K) Eden: 58504K(58880K)->0K(58880K) From: 57632K(57856K)->0K(57856K)
[2026-03-22T19:50:54.246+0900][4.345s][info][gc,heap        ] GC(387) ParOldGen: 292263K(349696K)->103195K(349696K)
[2026-03-22T19:50:54.246+0900][4.345s][info][gc,metaspace   ] GC(387) Metaspace: 341K(512K)->341K(512K) NonClass: 323K(384K)->323K(384K) Class: 17K(128K)->17K(128K)
[2026-03-22T19:50:54.246+0900][4.345s][info][gc             ] GC(387) Pause Full (Ergonomics) 398M->100M(455M) 7.778ms
[2026-03-22T19:50:54.246+0900][4.345s][info][gc,cpu         ] GC(387) User=0.12s Sys=0.00s Real=0.01s
[2026-03-22T19:50:54.252+0900][4.351s][info][gc,start       ] GC(388) Pause Young (Allocation Failure)
[2026-03-22T19:50:54.255+0900][4.353s][info][gc,heap        ] GC(388) PSYoungGen: 58504K(116736K)->57632K(116736K) Eden: 58504K(58880K)->0K(58880K) From: 0K(57856K)->57632K(57856K)
[2026-03-22T19:50:54.255+0900][4.353s][info][gc,heap        ] GC(388) ParOldGen: 103195K(349696K)->103195K(349696K)
[2026-03-22T19:50:54.255+0900][4.353s][info][gc,metaspace   ] GC(388) Metaspace: 341K(512K)->341K(512K) NonClass: 323K(384K)->323K(384K) Class: 17K(128K)->17K(128K)
[2026-03-22T19:50:54.255+0900][4.353s][info][gc             ] GC(388) Pause Young (Allocation Failure) 157M->157M(455M) 2.575ms
[2026-03-22T19:50:54.255+0900][4.353s][info][gc,cpu         ] GC(388) User=0.00s Sys=0.00s Real=0.00s
[2026-03-22T19:50:54.260+0900][4.359s][info][gc,start       ] GC(389) Pause Young (Allocation Failure)
[2026-03-22T19:50:54.263+0900][4.363s][info][gc,heap        ] GC(389) PSYoungGen: 116136K(116736K)->57632K(116736K) Eden: 58504K(58880K)->0K(58880K) From: 57632K(57856K)->57632K(57856K)
[2026-03-22T19:50:54.263+0900][4.363s][info][gc,heap        ] GC(389) ParOldGen: 103195K(349696K)->150395K(349696K)
[2026-03-22T19:50:54.263+0900][4.363s][info][gc,metaspace   ] GC(389) Metaspace: 341K(512K)->341K(512K) NonClass: 323K(384K)->323K(384K) Class: 17K(128K)->17K(128K)
[2026-03-22T19:50:54.263+0900][4.363s][info][gc             ] GC(389) Pause Young (Allocation Failure) 214M->203M(455M) 4.067ms
[2026-03-22T19:50:54.264+0900][4.363s][info][gc,cpu         ] GC(389) User=0.00s Sys=0.00s Real=0.00s
[2026-03-22T19:50:54.270+0900][4.368s][info][gc,start       ] GC(390) Pause Young (Allocation Failure)
[2026-03-22T19:50:54.274+0900][4.372s][info][gc,heap        ] GC(390) PSYoungGen: 116136K(116736K)->57632K(116736K) Eden: 58504K(58880K)->0K(58880K) From: 57632K(57856K)->57632K(57856K)
[2026-03-22T19:50:54.274+0900][4.372s][info][gc,heap        ] GC(390) ParOldGen: 150395K(349696K)->197603K(349696K)
[2026-03-22T19:50:54.274+0900][4.372s][info][gc,metaspace   ] GC(390) Metaspace: 341K(512K)->341K(512K) NonClass: 323K(384K)->323K(384K) Class: 17K(128K)->17K(128K)
[2026-03-22T19:50:54.274+0900][4.372s][info][gc             ] GC(390) Pause Young (Allocation Failure) 260M->249M(455M) 3.796ms
[2026-03-22T19:50:54.274+0900][4.372s][info][gc,cpu         ] GC(390) User=0.00s Sys=0.00s Real=0.00s
[2026-03-22T19:50:54.280+0900][4.378s][info][gc,start       ] GC(391) Pause Young (Allocation Failure)
[2026-03-22T19:50:54.284+0900][4.383s][info][gc,heap        ] GC(391) PSYoungGen: 116136K(116736K)->57632K(116736K) Eden: 58504K(58880K)->0K(58880K) From: 57632K(57856K)->57632K(57856K)
[2026-03-22T19:50:54.284+0900][4.383s][info][gc,heap        ] GC(391) ParOldGen: 197603K(349696K)->244812K(349696K)
[2026-03-22T19:50:54.284+0900][4.383s][info][gc,metaspace   ] GC(391) Metaspace: 341K(512K)->341K(512K) NonClass: 323K(384K)->323K(384K) Class: 17K(128K)->17K(128K)
[2026-03-22T19:50:54.284+0900][4.383s][info][gc             ] GC(391) Pause Young (Allocation Failure) 306M->295M(455M) 4.511ms
[2026-03-22T19:50:54.285+0900][4.383s][info][gc,cpu         ] GC(391) User=0.00s Sys=0.00s Real=0.01s
[2026-03-22T19:50:54.290+0900][4.388s][info][gc,start       ] GC(392) Pause Young (Allocation Failure)
[2026-03-22T19:50:54.295+0900][4.393s][info][gc,heap        ] GC(392) PSYoungGen: 116136K(116736K)->57632K(116736K) Eden: 58504K(58880K)->0K(58880K) From: 57632K(57856K)->57632K(57856K)
[2026-03-22T19:50:54.295+0900][4.393s][info][gc,heap        ] GC(392) ParOldGen: 244812K(349696K)->292020K(349696K)
[2026-03-22T19:50:54.295+0900][4.393s][info][gc,metaspace   ] GC(392) Metaspace: 341K(512K)->341K(512K) NonClass: 323K(384K)->323K(384K) Class: 17K(128K)->17K(128K)
[2026-03-22T19:50:54.295+0900][4.393s][info][gc             ] GC(392) Pause Young (Allocation Failure) 352M->341M(455M) 4.730ms
[2026-03-22T19:50:54.295+0900][4.393s][info][gc,cpu         ] GC(392) User=0.12s Sys=0.00s Real=0.01s
[2026-03-22T19:50:54.300+0900][4.399s][info][gc,start       ] GC(393) Pause Full (Ergonomics)
[2026-03-22T19:50:54.300+0900][4.399s][info][gc,phases,start] GC(393) Marking Phase
[2026-03-22T19:50:54.302+0900][4.400s][info][gc,phases      ] GC(393) Marking Phase 1.412ms
[2026-03-22T19:50:54.302+0900][4.400s][info][gc,phases,start] GC(393) Summary Phase
[2026-03-22T19:50:54.302+0900][4.400s][info][gc,phases      ] GC(393) Summary Phase 0.034ms
[2026-03-22T19:50:54.302+0900][4.400s][info][gc,phases,start] GC(393) Adjust Roots
[2026-03-22T19:50:54.302+0900][4.400s][info][gc,phases      ] GC(393) Adjust Roots 0.256ms
[2026-03-22T19:50:54.302+0900][4.401s][info][gc,phases,start] GC(393) Compaction Phase
[2026-03-22T19:50:54.306+0900][4.405s][info][gc,phases      ] GC(393) Compaction Phase 4.603ms
[2026-03-22T19:50:54.306+0900][4.405s][info][gc,phases,start] GC(393) Post Compact
[2026-03-22T19:50:54.307+0900][4.406s][info][gc,phases      ] GC(393) Post Compact 1.244ms
[2026-03-22T19:50:54.308+0900][4.406s][info][gc,heap        ] GC(393) PSYoungGen: 116136K(116736K)->0K(116736K) Eden: 58504K(58880K)->0K(58880K) From: 57632K(57856K)->0K(57856K)
[2026-03-22T19:50:54.308+0900][4.406s][info][gc,heap        ] GC(393) ParOldGen: 292020K(349696K)->103430K(349696K)
[2026-03-22T19:50:54.308+0900][4.406s][info][gc,metaspace   ] GC(393) Metaspace: 341K(512K)->341K(512K) NonClass: 323K(384K)->323K(384K) Class: 17K(128K)->17K(128K)
[2026-03-22T19:50:54.308+0900][4.406s][info][gc             ] GC(393) Pause Full (Ergonomics) 398M->101M(455M) 7.811ms
[2026-03-22T19:50:54.308+0900][4.407s][info][gc,cpu         ] GC(393) User=0.12s Sys=0.00s Real=0.01s
[2026-03-22T19:50:54.313+0900][4.412s][info][gc,start       ] GC(394) Pause Young (Allocation Failure)
[2026-03-22T19:50:54.316+0900][4.415s][info][gc,heap        ] GC(394) PSYoungGen: 58504K(116736K)->57632K(116736K) Eden: 58504K(58880K)->0K(58880K) From: 0K(57856K)->57632K(57856K)
[2026-03-22T19:50:54.316+0900][4.415s][info][gc,heap        ] GC(394) ParOldGen: 103430K(349696K)->103430K(349696K)
[2026-03-22T19:50:54.316+0900][4.415s][info][gc,metaspace   ] GC(394) Metaspace: 341K(512K)->341K(512K) NonClass: 323K(384K)->323K(384K) Class: 17K(128K)->17K(128K)
[2026-03-22T19:50:54.316+0900][4.415s][info][gc             ] GC(394) Pause Young (Allocation Failure) 158M->157M(455M) 2.644ms
[2026-03-22T19:50:54.316+0900][4.415s][info][gc,cpu         ] GC(394) User=0.00s Sys=0.00s Real=0.00s
[2026-03-22T19:50:54.321+0900][4.420s][info][gc,start       ] GC(395) Pause Young (Allocation Failure)
[2026-03-22T19:50:54.326+0900][4.425s][info][gc,heap        ] GC(395) PSYoungGen: 116136K(116736K)->57632K(116736K) Eden: 58504K(58880K)->0K(58880K) From: 57632K(57856K)->57632K(57856K)
[2026-03-22T19:50:54.326+0900][4.425s][info][gc,heap        ] GC(395) ParOldGen: 103430K(349696K)->150638K(349696K)
[2026-03-22T19:50:54.326+0900][4.425s][info][gc,metaspace   ] GC(395) Metaspace: 341K(512K)->341K(512K) NonClass: 323K(384K)->323K(384K) Class: 17K(128K)->17K(128K)
[2026-03-22T19:50:54.326+0900][4.425s][info][gc             ] GC(395) Pause Young (Allocation Failure) 214M->203M(455M) 4.414ms
[2026-03-22T19:50:54.326+0900][4.425s][info][gc,cpu         ] GC(395) User=0.12s Sys=0.00s Real=0.00s
[2026-03-22T19:50:54.332+0900][4.431s][info][gc,start       ] GC(396) Pause Young (Allocation Failure)
[2026-03-22T19:50:54.336+0900][4.435s][info][gc,heap        ] GC(396) PSYoungGen: 116136K(116736K)->57632K(116736K) Eden: 58504K(58880K)->0K(58880K) From: 57632K(57856K)->57632K(57856K)
[2026-03-22T19:50:54.336+0900][4.435s][info][gc,heap        ] GC(396) ParOldGen: 150638K(349696K)->197847K(349696K)
[2026-03-22T19:50:54.336+0900][4.435s][info][gc,metaspace   ] GC(396) Metaspace: 341K(512K)->341K(512K) NonClass: 323K(384K)->323K(384K) Class: 17K(128K)->17K(128K)
[2026-03-22T19:50:54.336+0900][4.435s][info][gc             ] GC(396) Pause Young (Allocation Failure) 260M->249M(455M) 3.897ms
[2026-03-22T19:50:54.336+0900][4.435s][info][gc,cpu         ] GC(396) User=0.00s Sys=0.00s Real=0.00s
[2026-03-22T19:50:54.342+0900][4.440s][info][gc,start       ] GC(397) Pause Young (Allocation Failure)
[2026-03-22T19:50:54.345+0900][4.444s][info][gc,heap        ] GC(397) PSYoungGen: 116136K(116736K)->57632K(116736K) Eden: 58504K(58880K)->0K(58880K) From: 57632K(57856K)->57632K(57856K)
[2026-03-22T19:50:54.345+0900][4.444s][info][gc,heap        ] GC(397) ParOldGen: 197847K(349696K)->245063K(349696K)
[2026-03-22T19:50:54.345+0900][4.444s][info][gc,metaspace   ] GC(397) Metaspace: 341K(512K)->341K(512K) NonClass: 323K(384K)->323K(384K) Class: 17K(128K)->17K(128K)
[2026-03-22T19:50:54.345+0900][4.444s][info][gc             ] GC(397) Pause Young (Allocation Failure) 306M->295M(455M) 4.118ms
[2026-03-22T19:50:54.345+0900][4.444s][info][gc,cpu         ] GC(397) User=0.00s Sys=0.00s Real=0.00s
[2026-03-22T19:50:54.350+0900][4.449s][info][gc,start       ] GC(398) Pause Young (Allocation Failure)
[2026-03-22T19:50:54.354+0900][4.453s][info][gc,heap        ] GC(398) PSYoungGen: 116136K(116736K)->57632K(116736K) Eden: 58504K(58880K)->0K(58880K) From: 57632K(57856K)->57632K(57856K)
[2026-03-22T19:50:54.354+0900][4.453s][info][gc,heap        ] GC(398) ParOldGen: 245063K(349696K)->292271K(349696K)
[2026-03-22T19:50:54.354+0900][4.454s][info][gc,metaspace   ] GC(398) Metaspace: 341K(512K)->341K(512K) NonClass: 323K(384K)->323K(384K) Class: 17K(128K)->17K(128K)
[2026-03-22T19:50:54.354+0900][4.454s][info][gc             ] GC(398) Pause Young (Allocation Failure) 352M->341M(455M) 4.063ms
[2026-03-22T19:50:54.354+0900][4.454s][info][gc,cpu         ] GC(398) User=0.11s Sys=0.00s Real=0.00s
[2026-03-22T19:50:54.360+0900][4.459s][info][gc,start       ] GC(399) Pause Full (Ergonomics)
[2026-03-22T19:50:54.360+0900][4.459s][info][gc,phases,start] GC(399) Marking Phase
[2026-03-22T19:50:54.361+0900][4.460s][info][gc,phases      ] GC(399) Marking Phase 1.468ms
[2026-03-22T19:50:54.361+0900][4.461s][info][gc,phases,start] GC(399) Summary Phase
[2026-03-22T19:50:54.361+0900][4.461s][info][gc,phases      ] GC(399) Summary Phase 0.016ms
[2026-03-22T19:50:54.361+0900][4.461s][info][gc,phases,start] GC(399) Adjust Roots
[2026-03-22T19:50:54.362+0900][4.461s][info][gc,phases      ] GC(399) Adjust Roots 0.208ms
[2026-03-22T19:50:54.362+0900][4.461s][info][gc,phases,start] GC(399) Compaction Phase
[2026-03-22T19:50:54.368+0900][4.466s][info][gc,phases      ] GC(399) Compaction Phase 5.059ms
[2026-03-22T19:50:54.368+0900][4.466s][info][gc,phases,start] GC(399) Post Compact
[2026-03-22T19:50:54.369+0900][4.467s][info][gc,phases      ] GC(399) Post Compact 1.308ms
[2026-03-22T19:50:54.369+0900][4.467s][info][gc,heap        ] GC(399) PSYoungGen: 116136K(116736K)->0K(116736K) Eden: 58504K(58880K)->0K(58880K) From: 57632K(57856K)->0K(57856K)
[2026-03-22T19:50:54.369+0900][4.467s][info][gc,heap        ] GC(399) ParOldGen: 292271K(349696K)->103430K(349696K)
[2026-03-22T19:50:54.369+0900][4.467s][info][gc,metaspace   ] GC(399) Metaspace: 341K(512K)->341K(512K) NonClass: 323K(384K)->323K(384K) Class: 17K(128K)->17K(128K)
[2026-03-22T19:50:54.369+0900][4.467s][info][gc             ] GC(399) Pause Full (Ergonomics) 398M->101M(455M) 8.392ms
[2026-03-22T19:50:54.369+0900][4.467s][info][gc,cpu         ] GC(399) User=0.00s Sys=0.00s Real=0.01s
[2026-03-22T19:50:54.375+0900][4.473s][info][gc,start       ] GC(400) Pause Young (Allocation Failure)
[2026-03-22T19:50:54.377+0900][4.476s][info][gc,heap        ] GC(400) PSYoungGen: 58504K(116736K)->57632K(116736K) Eden: 58504K(58880K)->0K(58880K) From: 0K(57856K)->57632K(57856K)
[2026-03-22T19:50:54.377+0900][4.476s][info][gc,heap        ] GC(400) ParOldGen: 103430K(349696K)->103430K(349696K)
[2026-03-22T19:50:54.377+0900][4.476s][info][gc,metaspace   ] GC(400) Metaspace: 341K(512K)->341K(512K) NonClass: 323K(384K)->323K(384K) Class: 17K(128K)->17K(128K)
[2026-03-22T19:50:54.377+0900][4.476s][info][gc             ] GC(400) Pause Young (Allocation Failure) 158M->157M(455M) 2.604ms
[2026-03-22T19:50:54.377+0900][4.476s][info][gc,cpu         ] GC(400) User=0.00s Sys=0.00s Real=0.00s
[2026-03-22T19:50:54.382+0900][4.481s][info][gc,start       ] GC(401) Pause Young (Allocation Failure)
[2026-03-22T19:50:54.386+0900][4.485s][info][gc,heap        ] GC(401) PSYoungGen: 116136K(116736K)->57632K(116736K) Eden: 58504K(58880K)->0K(58880K) From: 57632K(57856K)->57632K(57856K)
[2026-03-22T19:50:54.386+0900][4.485s][info][gc,heap        ] GC(401) ParOldGen: 103430K(349696K)->150638K(349696K)
[2026-03-22T19:50:54.386+0900][4.485s][info][gc,metaspace   ] GC(401) Metaspace: 341K(512K)->341K(512K) NonClass: 323K(384K)->323K(384K) Class: 17K(128K)->17K(128K)
[2026-03-22T19:50:54.386+0900][4.485s][info][gc             ] GC(401) Pause Young (Allocation Failure) 214M->203M(455M) 4.252ms
[2026-03-22T19:50:54.386+0900][4.485s][info][gc,cpu         ] GC(401) User=0.12s Sys=0.00s Real=0.00s
[2026-03-22T19:50:54.392+0900][4.491s][info][gc,start       ] GC(402) Pause Young (Allocation Failure)
[2026-03-22T19:50:54.396+0900][4.495s][info][gc,heap        ] GC(402) PSYoungGen: 116136K(116736K)->57632K(116736K) Eden: 58504K(58880K)->0K(58880K) From: 57632K(57856K)->57632K(57856K)
[2026-03-22T19:50:54.396+0900][4.495s][info][gc,heap        ] GC(402) ParOldGen: 150638K(349696K)->197847K(349696K)
[2026-03-22T19:50:54.396+0900][4.495s][info][gc,metaspace   ] GC(402) Metaspace: 341K(512K)->341K(512K) NonClass: 323K(384K)->323K(384K) Class: 17K(128K)->17K(128K)
[2026-03-22T19:50:54.396+0900][4.495s][info][gc             ] GC(402) Pause Young (Allocation Failure) 260M->249M(455M) 4.428ms
[2026-03-22T19:50:54.396+0900][4.495s][info][gc,cpu         ] GC(402) User=0.00s Sys=0.00s Real=0.00s
[2026-03-22T19:50:54.401+0900][4.501s][info][gc,start       ] GC(403) Pause Young (Allocation Failure)
[2026-03-22T19:50:54.406+0900][4.505s][info][gc,heap        ] GC(403) PSYoungGen: 116136K(116736K)->57632K(116736K) Eden: 58504K(58880K)->0K(58880K) From: 57632K(57856K)->57632K(57856K)
[2026-03-22T19:50:54.406+0900][4.505s][info][gc,heap        ] GC(403) ParOldGen: 197847K(349696K)->245063K(349696K)
[2026-03-22T19:50:54.406+0900][4.505s][info][gc,metaspace   ] GC(403) Metaspace: 341K(512K)->341K(512K) NonClass: 323K(384K)->323K(384K) Class: 17K(128K)->17K(128K)
[2026-03-22T19:50:54.406+0900][4.505s][info][gc             ] GC(403) Pause Young (Allocation Failure) 306M->295M(455M) 4.145ms
[2026-03-22T19:50:54.406+0900][4.505s][info][gc,cpu         ] GC(403) User=0.00s Sys=0.00s Real=0.00s
[2026-03-22T19:50:54.411+0900][4.510s][info][gc,start       ] GC(404) Pause Young (Allocation Failure)
[2026-03-22T19:50:54.415+0900][4.514s][info][gc,heap        ] GC(404) PSYoungGen: 116136K(116736K)->57632K(116736K) Eden: 58504K(58880K)->0K(58880K) From: 57632K(57856K)->57632K(57856K)
[2026-03-22T19:50:54.415+0900][4.514s][info][gc,heap        ] GC(404) ParOldGen: 245063K(349696K)->292271K(349696K)
[2026-03-22T19:50:54.415+0900][4.514s][info][gc,metaspace   ] GC(404) Metaspace: 341K(512K)->341K(512K) NonClass: 323K(384K)->323K(384K) Class: 17K(128K)->17K(128K)
[2026-03-22T19:50:54.415+0900][4.514s][info][gc             ] GC(404) Pause Young (Allocation Failure) 352M->341M(455M) 4.169ms
[2026-03-22T19:50:54.415+0900][4.514s][info][gc,cpu         ] GC(404) User=0.00s Sys=0.00s Real=0.00s
[2026-03-22T19:50:54.422+0900][4.521s][info][gc,start       ] GC(405) Pause Full (Ergonomics)
[2026-03-22T19:50:54.422+0900][4.521s][info][gc,phases,start] GC(405) Marking Phase
[2026-03-22T19:50:54.423+0900][4.522s][info][gc,phases      ] GC(405) Marking Phase 1.560ms
[2026-03-22T19:50:54.423+0900][4.522s][info][gc,phases,start] GC(405) Summary Phase
[2026-03-22T19:50:54.423+0900][4.522s][info][gc,phases      ] GC(405) Summary Phase 0.034ms
[2026-03-22T19:50:54.423+0900][4.522s][info][gc,phases,start] GC(405) Adjust Roots
[2026-03-22T19:50:54.424+0900][4.523s][info][gc,phases      ] GC(405) Adjust Roots 0.299ms
[2026-03-22T19:50:54.424+0900][4.523s][info][gc,phases,start] GC(405) Compaction Phase
[2026-03-22T19:50:54.429+0900][4.528s][info][gc,phases      ] GC(405) Compaction Phase 4.785ms
[2026-03-22T19:50:54.429+0900][4.528s][info][gc,phases,start] GC(405) Post Compact
[2026-03-22T19:50:54.430+0900][4.529s][info][gc,phases      ] GC(405) Post Compact 1.278ms
[2026-03-22T19:50:54.430+0900][4.529s][info][gc,heap        ] GC(405) PSYoungGen: 116136K(116736K)->0K(116736K) Eden: 58504K(58880K)->0K(58880K) From: 57632K(57856K)->0K(57856K)
[2026-03-22T19:50:54.430+0900][4.529s][info][gc,heap        ] GC(405) ParOldGen: 292271K(349696K)->103430K(349696K)
[2026-03-22T19:50:54.430+0900][4.529s][info][gc,metaspace   ] GC(405) Metaspace: 341K(512K)->341K(512K) NonClass: 323K(384K)->323K(384K) Class: 17K(128K)->17K(128K)
[2026-03-22T19:50:54.430+0900][4.529s][info][gc             ] GC(405) Pause Full (Ergonomics) 398M->101M(455M) 8.310ms
[2026-03-22T19:50:54.430+0900][4.529s][info][gc,cpu         ] GC(405) User=0.00s Sys=0.00s Real=0.01s
[2026-03-22T19:50:54.437+0900][4.535s][info][gc,start       ] GC(406) Pause Young (Allocation Failure)
[2026-03-22T19:50:54.439+0900][4.538s][info][gc,heap        ] GC(406) PSYoungGen: 58504K(116736K)->57632K(116736K) Eden: 58504K(58880K)->0K(58880K) From: 0K(57856K)->57632K(57856K)
[2026-03-22T19:50:54.439+0900][4.538s][info][gc,heap        ] GC(406) ParOldGen: 103430K(349696K)->103430K(349696K)
[2026-03-22T19:50:54.439+0900][4.538s][info][gc,metaspace   ] GC(406) Metaspace: 341K(512K)->341K(512K) NonClass: 323K(384K)->323K(384K) Class: 17K(128K)->17K(128K)
[2026-03-22T19:50:54.439+0900][4.538s][info][gc             ] GC(406) Pause Young (Allocation Failure) 158M->157M(455M) 2.638ms
[2026-03-22T19:50:54.439+0900][4.538s][info][gc,cpu         ] GC(406) User=0.00s Sys=0.00s Real=0.00s
[2026-03-22T19:50:54.444+0900][4.543s][info][gc,start       ] GC(407) Pause Young (Allocation Failure)
[2026-03-22T19:50:54.448+0900][4.547s][info][gc,heap        ] GC(407) PSYoungGen: 116136K(116736K)->57632K(116736K) Eden: 58504K(58880K)->0K(58880K) From: 57632K(57856K)->57632K(57856K)
[2026-03-22T19:50:54.449+0900][4.547s][info][gc,heap        ] GC(407) ParOldGen: 103430K(349696K)->150638K(349696K)
[2026-03-22T19:50:54.449+0900][4.547s][info][gc,metaspace   ] GC(407) Metaspace: 341K(512K)->341K(512K) NonClass: 323K(384K)->323K(384K) Class: 17K(128K)->17K(128K)
[2026-03-22T19:50:54.449+0900][4.547s][info][gc             ] GC(407) Pause Young (Allocation Failure) 214M->203M(455M) 4.080ms
[2026-03-22T19:50:54.449+0900][4.547s][info][gc,cpu         ] GC(407) User=0.12s Sys=0.00s Real=0.00s
[2026-03-22T19:50:54.454+0900][4.553s][info][gc,start       ] GC(408) Pause Young (Allocation Failure)
[2026-03-22T19:50:54.458+0900][4.557s][info][gc,heap        ] GC(408) PSYoungGen: 116136K(116736K)->57632K(116736K) Eden: 58504K(58880K)->0K(58880K) From: 57632K(57856K)->57632K(57856K)
[2026-03-22T19:50:54.458+0900][4.557s][info][gc,heap        ] GC(408) ParOldGen: 150638K(349696K)->197847K(349696K)
[2026-03-22T19:50:54.458+0900][4.557s][info][gc,metaspace   ] GC(408) Metaspace: 341K(512K)->341K(512K) NonClass: 323K(384K)->323K(384K) Class: 17K(128K)->17K(128K)
[2026-03-22T19:50:54.458+0900][4.557s][info][gc             ] GC(408) Pause Young (Allocation Failure) 260M->249M(455M) 4.294ms
[2026-03-22T19:50:54.458+0900][4.557s][info][gc,cpu         ] GC(408) User=0.00s Sys=0.00s Real=0.00s
[2026-03-22T19:50:54.466+0900][4.564s][info][gc,start       ] GC(409) Pause Young (Allocation Failure)
[2026-03-22T19:50:54.470+0900][4.568s][info][gc,heap        ] GC(409) PSYoungGen: 116136K(116736K)->57632K(116736K) Eden: 58504K(58880K)->0K(58880K) From: 57632K(57856K)->57632K(57856K)
[2026-03-22T19:50:54.470+0900][4.568s][info][gc,heap        ] GC(409) ParOldGen: 197847K(349696K)->245063K(349696K)
[2026-03-22T19:50:54.470+0900][4.568s][info][gc,metaspace   ] GC(409) Metaspace: 341K(512K)->341K(512K) NonClass: 323K(384K)->323K(384K) Class: 17K(128K)->17K(128K)
[2026-03-22T19:50:54.470+0900][4.568s][info][gc             ] GC(409) Pause Young (Allocation Failure) 306M->295M(455M) 4.288ms
[2026-03-22T19:50:54.470+0900][4.568s][info][gc,cpu         ] GC(409) User=0.00s Sys=0.00s Real=0.00s
[2026-03-22T19:50:54.475+0900][4.574s][info][gc,start       ] GC(410) Pause Young (Allocation Failure)
[2026-03-22T19:50:54.479+0900][4.578s][info][gc,heap        ] GC(410) PSYoungGen: 116136K(116736K)->57632K(116736K) Eden: 58504K(58880K)->0K(58880K) From: 57632K(57856K)->57632K(57856K)
[2026-03-22T19:50:54.479+0900][4.578s][info][gc,heap        ] GC(410) ParOldGen: 245063K(349696K)->292271K(349696K)
[2026-03-22T19:50:54.479+0900][4.578s][info][gc,metaspace   ] GC(410) Metaspace: 341K(512K)->341K(512K) NonClass: 323K(384K)->323K(384K) Class: 17K(128K)->17K(128K)
[2026-03-22T19:50:54.480+0900][4.578s][info][gc             ] GC(410) Pause Young (Allocation Failure) 352M->341M(455M) 4.775ms
[2026-03-22T19:50:54.480+0900][4.579s][info][gc,cpu         ] GC(410) User=0.11s Sys=0.00s Real=0.01s
[2026-03-22T19:50:54.485+0900][4.584s][info][gc,start       ] GC(411) Pause Full (Ergonomics)
[2026-03-22T19:50:54.485+0900][4.584s][info][gc,phases,start] GC(411) Marking Phase
[2026-03-22T19:50:54.487+0900][4.586s][info][gc,phases      ] GC(411) Marking Phase 1.850ms
[2026-03-22T19:50:54.487+0900][4.586s][info][gc,phases,start] GC(411) Summary Phase
[2026-03-22T19:50:54.487+0900][4.586s][info][gc,phases      ] GC(411) Summary Phase 0.035ms
[2026-03-22T19:50:54.487+0900][4.586s][info][gc,phases,start] GC(411) Adjust Roots
[2026-03-22T19:50:54.487+0900][4.586s][info][gc,phases      ] GC(411) Adjust Roots 0.290ms
[2026-03-22T19:50:54.487+0900][4.586s][info][gc,phases,start] GC(411) Compaction Phase
[2026-03-22T19:50:54.492+0900][4.591s][info][gc,phases      ] GC(411) Compaction Phase 4.911ms
[2026-03-22T19:50:54.492+0900][4.591s][info][gc,phases,start] GC(411) Post Compact
[2026-03-22T19:50:54.494+0900][4.593s][info][gc,phases      ] GC(411) Post Compact 1.349ms
[2026-03-22T19:50:54.494+0900][4.593s][info][gc,heap        ] GC(411) PSYoungGen: 116136K(116736K)->0K(116736K) Eden: 58504K(58880K)->0K(58880K) From: 57632K(57856K)->0K(57856K)
[2026-03-22T19:50:54.494+0900][4.593s][info][gc,heap        ] GC(411) ParOldGen: 292271K(349696K)->103430K(349696K)
[2026-03-22T19:50:54.494+0900][4.593s][info][gc,metaspace   ] GC(411) Metaspace: 341K(512K)->341K(512K) NonClass: 323K(384K)->323K(384K) Class: 17K(128K)->17K(128K)
[2026-03-22T19:50:54.494+0900][4.593s][info][gc             ] GC(411) Pause Full (Ergonomics) 398M->101M(455M) 8.821ms
[2026-03-22T19:50:54.494+0900][4.593s][info][gc,cpu         ] GC(411) User=0.00s Sys=0.00s Real=0.01s
[2026-03-22T19:50:54.499+0900][4.599s][info][gc,start       ] GC(412) Pause Young (Allocation Failure)
[2026-03-22T19:50:54.503+0900][4.601s][info][gc,heap        ] GC(412) PSYoungGen: 58504K(116736K)->57632K(116736K) Eden: 58504K(58880K)->0K(58880K) From: 0K(57856K)->57632K(57856K)
[2026-03-22T19:50:54.503+0900][4.601s][info][gc,heap        ] GC(412) ParOldGen: 103430K(349696K)->103430K(349696K)
[2026-03-22T19:50:54.503+0900][4.601s][info][gc,metaspace   ] GC(412) Metaspace: 341K(512K)->341K(512K) NonClass: 323K(384K)->323K(384K) Class: 17K(128K)->17K(128K)
[2026-03-22T19:50:54.503+0900][4.601s][info][gc             ] GC(412) Pause Young (Allocation Failure) 158M->157M(455M) 2.864ms
[2026-03-22T19:50:54.503+0900][4.601s][info][gc,cpu         ] GC(412) User=0.00s Sys=0.00s Real=0.00s
[2026-03-22T19:50:54.508+0900][4.607s][info][gc,start       ] GC(413) Pause Young (Allocation Failure)
[2026-03-22T19:50:54.512+0900][4.611s][info][gc,heap        ] GC(413) PSYoungGen: 116136K(116736K)->57632K(116736K) Eden: 58504K(58880K)->0K(58880K) From: 57632K(57856K)->57632K(57856K)
[2026-03-22T19:50:54.512+0900][4.611s][info][gc,heap        ] GC(413) ParOldGen: 103430K(349696K)->150638K(349696K)
[2026-03-22T19:50:54.512+0900][4.611s][info][gc,metaspace   ] GC(413) Metaspace: 341K(512K)->341K(512K) NonClass: 323K(384K)->323K(384K) Class: 17K(128K)->17K(128K)
[2026-03-22T19:50:54.512+0900][4.611s][info][gc             ] GC(413) Pause Young (Allocation Failure) 214M->203M(455M) 4.375ms
[2026-03-22T19:50:54.512+0900][4.611s][info][gc,cpu         ] GC(413) User=0.09s Sys=0.02s Real=0.00s
[2026-03-22T19:50:54.518+0900][4.616s][info][gc,start       ] GC(414) Pause Young (Allocation Failure)
[2026-03-22T19:50:54.522+0900][4.621s][info][gc,heap        ] GC(414) PSYoungGen: 116136K(116736K)->57632K(116736K) Eden: 58504K(58880K)->0K(58880K) From: 57632K(57856K)->57632K(57856K)
[2026-03-22T19:50:54.522+0900][4.621s][info][gc,heap        ] GC(414) ParOldGen: 150638K(349696K)->197847K(349696K)
[2026-03-22T19:50:54.522+0900][4.621s][info][gc,metaspace   ] GC(414) Metaspace: 341K(512K)->341K(512K) NonClass: 323K(384K)->323K(384K) Class: 17K(128K)->17K(128K)
[2026-03-22T19:50:54.523+0900][4.621s][info][gc             ] GC(414) Pause Young (Allocation Failure) 260M->249M(455M) 4.720ms
[2026-03-22T19:50:54.523+0900][4.621s][info][gc,cpu         ] GC(414) User=0.00s Sys=0.00s Real=0.01s
[2026-03-22T19:50:54.528+0900][4.627s][info][gc,start       ] GC(415) Pause Young (Allocation Failure)
[2026-03-22T19:50:54.532+0900][4.631s][info][gc,heap        ] GC(415) PSYoungGen: 116136K(116736K)->57632K(116736K) Eden: 58504K(58880K)->0K(58880K) From: 57632K(57856K)->57632K(57856K)
[2026-03-22T19:50:54.532+0900][4.631s][info][gc,heap        ] GC(415) ParOldGen: 197847K(349696K)->245063K(349696K)
[2026-03-22T19:50:54.532+0900][4.631s][info][gc,metaspace   ] GC(415) Metaspace: 341K(512K)->341K(512K) NonClass: 323K(384K)->323K(384K) Class: 17K(128K)->17K(128K)
[2026-03-22T19:50:54.532+0900][4.631s][info][gc             ] GC(415) Pause Young (Allocation Failure) 306M->295M(455M) 4.296ms
[2026-03-22T19:50:54.532+0900][4.631s][info][gc,cpu         ] GC(415) User=0.00s Sys=0.00s Real=0.00s
[2026-03-22T19:50:54.539+0900][4.638s][info][gc,start       ] GC(416) Pause Young (Allocation Failure)
[2026-03-22T19:50:54.543+0900][4.642s][info][gc,heap        ] GC(416) PSYoungGen: 116136K(116736K)->57632K(116736K) Eden: 58504K(58880K)->0K(58880K) From: 57632K(57856K)->57632K(57856K)
[2026-03-22T19:50:54.543+0900][4.642s][info][gc,heap        ] GC(416) ParOldGen: 245063K(349696K)->292271K(349696K)
[2026-03-22T19:50:54.543+0900][4.642s][info][gc,metaspace   ] GC(416) Metaspace: 341K(512K)->341K(512K) NonClass: 323K(384K)->323K(384K) Class: 17K(128K)->17K(128K)
[2026-03-22T19:50:54.543+0900][4.642s][info][gc             ] GC(416) Pause Young (Allocation Failure) 352M->341M(455M) 4.438ms
[2026-03-22T19:50:54.543+0900][4.642s][info][gc,cpu         ] GC(416) User=0.11s Sys=0.02s Real=0.00s
[2026-03-22T19:50:54.549+0900][4.648s][info][gc,start       ] GC(417) Pause Full (Ergonomics)
[2026-03-22T19:50:54.549+0900][4.648s][info][gc,phases,start] GC(417) Marking Phase
[2026-03-22T19:50:54.551+0900][4.649s][info][gc,phases      ] GC(417) Marking Phase 1.575ms
[2026-03-22T19:50:54.551+0900][4.649s][info][gc,phases,start] GC(417) Summary Phase
[2026-03-22T19:50:54.551+0900][4.650s][info][gc,phases      ] GC(417) Summary Phase 0.046ms
[2026-03-22T19:50:54.551+0900][4.650s][info][gc,phases,start] GC(417) Adjust Roots
[2026-03-22T19:50:54.551+0900][4.650s][info][gc,phases      ] GC(417) Adjust Roots 0.299ms
[2026-03-22T19:50:54.551+0900][4.650s][info][gc,phases,start] GC(417) Compaction Phase
[2026-03-22T19:50:54.555+0900][4.655s][info][gc,phases      ] GC(417) Compaction Phase 4.732ms
[2026-03-22T19:50:54.556+0900][4.655s][info][gc,phases,start] GC(417) Post Compact
[2026-03-22T19:50:54.558+0900][4.656s][info][gc,phases      ] GC(417) Post Compact 1.286ms
[2026-03-22T19:50:54.558+0900][4.656s][info][gc,heap        ] GC(417) PSYoungGen: 116136K(116736K)->0K(116736K) Eden: 58504K(58880K)->0K(58880K) From: 57632K(57856K)->0K(57856K)
[2026-03-22T19:50:54.558+0900][4.656s][info][gc,heap        ] GC(417) ParOldGen: 292271K(349696K)->103430K(349696K)
[2026-03-22T19:50:54.558+0900][4.656s][info][gc,metaspace   ] GC(417) Metaspace: 341K(512K)->341K(512K) NonClass: 323K(384K)->323K(384K) Class: 17K(128K)->17K(128K)
[2026-03-22T19:50:54.558+0900][4.656s][info][gc             ] GC(417) Pause Full (Ergonomics) 398M->101M(455M) 8.245ms
[2026-03-22T19:50:54.558+0900][4.656s][info][gc,cpu         ] GC(417) User=0.02s Sys=0.00s Real=0.01s
[2026-03-22T19:50:54.564+0900][4.663s][info][gc,start       ] GC(418) Pause Young (Allocation Failure)
[2026-03-22T19:50:54.566+0900][4.665s][info][gc,heap        ] GC(418) PSYoungGen: 58504K(116736K)->57632K(116736K) Eden: 58504K(58880K)->0K(58880K) From: 0K(57856K)->57632K(57856K)
[2026-03-22T19:50:54.566+0900][4.666s][info][gc,heap        ] GC(418) ParOldGen: 103430K(349696K)->103430K(349696K)
[2026-03-22T19:50:54.566+0900][4.666s][info][gc,metaspace   ] GC(418) Metaspace: 341K(512K)->341K(512K) NonClass: 323K(384K)->323K(384K) Class: 17K(128K)->17K(128K)
[2026-03-22T19:50:54.566+0900][4.666s][info][gc             ] GC(418) Pause Young (Allocation Failure) 158M->157M(455M) 2.732ms
[2026-03-22T19:50:54.566+0900][4.666s][info][gc,cpu         ] GC(418) User=0.00s Sys=0.00s Real=0.00s
[2026-03-22T19:50:54.572+0900][4.671s][info][gc,start       ] GC(419) Pause Young (Allocation Failure)
[2026-03-22T19:50:54.576+0900][4.675s][info][gc,heap        ] GC(419) PSYoungGen: 116136K(116736K)->57632K(116736K) Eden: 58504K(58880K)->0K(58880K) From: 57632K(57856K)->57632K(57856K)
[2026-03-22T19:50:54.576+0900][4.675s][info][gc,heap        ] GC(419) ParOldGen: 103430K(349696K)->150638K(349696K)
[2026-03-22T19:50:54.576+0900][4.675s][info][gc,metaspace   ] GC(419) Metaspace: 341K(512K)->341K(512K) NonClass: 323K(384K)->323K(384K) Class: 17K(128K)->17K(128K)
[2026-03-22T19:50:54.576+0900][4.675s][info][gc             ] GC(419) Pause Young (Allocation Failure) 214M->203M(455M) 4.280ms
[2026-03-22T19:50:54.576+0900][4.675s][info][gc,cpu         ] GC(419) User=0.00s Sys=0.00s Real=0.00s
[2026-03-22T19:50:54.581+0900][4.681s][info][gc,start       ] GC(420) Pause Young (Allocation Failure)
[2026-03-22T19:50:54.586+0900][4.685s][info][gc,heap        ] GC(420) PSYoungGen: 116136K(116736K)->57632K(116736K) Eden: 58504K(58880K)->0K(58880K) From: 57632K(57856K)->57632K(57856K)
[2026-03-22T19:50:54.586+0900][4.685s][info][gc,heap        ] GC(420) ParOldGen: 150638K(349696K)->197847K(349696K)
[2026-03-22T19:50:54.586+0900][4.685s][info][gc,metaspace   ] GC(420) Metaspace: 341K(512K)->341K(512K) NonClass: 323K(384K)->323K(384K) Class: 17K(128K)->17K(128K)
[2026-03-22T19:50:54.586+0900][4.685s][info][gc             ] GC(420) Pause Young (Allocation Failure) 260M->249M(455M) 4.718ms
[2026-03-22T19:50:54.586+0900][4.685s][info][gc,cpu         ] GC(420) User=0.00s Sys=0.00s Real=0.00s
[2026-03-22T19:50:54.592+0900][4.691s][info][gc,start       ] GC(421) Pause Young (Allocation Failure)
[2026-03-22T19:50:54.597+0900][4.696s][info][gc,heap        ] GC(421) PSYoungGen: 116136K(116736K)->57632K(116736K) Eden: 58504K(58880K)->0K(58880K) From: 57632K(57856K)->57632K(57856K)
[2026-03-22T19:50:54.597+0900][4.696s][info][gc,heap        ] GC(421) ParOldGen: 197847K(349696K)->245063K(349696K)
[2026-03-22T19:50:54.597+0900][4.696s][info][gc,metaspace   ] GC(421) Metaspace: 341K(512K)->341K(512K) NonClass: 323K(384K)->323K(384K) Class: 17K(128K)->17K(128K)
[2026-03-22T19:50:54.597+0900][4.696s][info][gc             ] GC(421) Pause Young (Allocation Failure) 306M->295M(455M) 5.024ms
[2026-03-22T19:50:54.597+0900][4.696s][info][gc,cpu         ] GC(421) User=0.00s Sys=0.00s Real=0.00s
[2026-03-22T19:50:54.601+0900][4.701s][info][gc,start       ] GC(422) Pause Young (Allocation Failure)
[2026-03-22T19:50:54.607+0900][4.706s][info][gc,heap        ] GC(422) PSYoungGen: 116136K(116736K)->57632K(116736K) Eden: 58504K(58880K)->0K(58880K) From: 57632K(57856K)->57632K(57856K)
[2026-03-22T19:50:54.607+0900][4.706s][info][gc,heap        ] GC(422) ParOldGen: 245063K(349696K)->292271K(349696K)
[2026-03-22T19:50:54.607+0900][4.706s][info][gc,metaspace   ] GC(422) Metaspace: 341K(512K)->341K(512K) NonClass: 323K(384K)->323K(384K) Class: 17K(128K)->17K(128K)
[2026-03-22T19:50:54.607+0900][4.706s][info][gc             ] GC(422) Pause Young (Allocation Failure) 352M->341M(455M) 4.511ms
[2026-03-22T19:50:54.607+0900][4.706s][info][gc,cpu         ] GC(422) User=0.12s Sys=0.00s Real=0.01s
[2026-03-22T19:50:54.612+0900][4.711s][info][gc,start       ] GC(423) Pause Full (Ergonomics)
[2026-03-22T19:50:54.612+0900][4.711s][info][gc,phases,start] GC(423) Marking Phase
[2026-03-22T19:50:54.614+0900][4.713s][info][gc,phases      ] GC(423) Marking Phase 1.478ms
[2026-03-22T19:50:54.614+0900][4.713s][info][gc,phases,start] GC(423) Summary Phase
[2026-03-22T19:50:54.614+0900][4.713s][info][gc,phases      ] GC(423) Summary Phase 0.016ms
[2026-03-22T19:50:54.614+0900][4.713s][info][gc,phases,start] GC(423) Adjust Roots
[2026-03-22T19:50:54.614+0900][4.713s][info][gc,phases      ] GC(423) Adjust Roots 0.189ms
[2026-03-22T19:50:54.614+0900][4.713s][info][gc,phases,start] GC(423) Compaction Phase
[2026-03-22T19:50:54.619+0900][4.718s][info][gc,phases      ] GC(423) Compaction Phase 4.824ms
[2026-03-22T19:50:54.619+0900][4.718s][info][gc,phases,start] GC(423) Post Compact
[2026-03-22T19:50:54.621+0900][4.719s][info][gc,phases      ] GC(423) Post Compact 1.652ms
[2026-03-22T19:50:54.621+0900][4.720s][info][gc,heap        ] GC(423) PSYoungGen: 116136K(116736K)->0K(116736K) Eden: 58504K(58880K)->0K(58880K) From: 57632K(57856K)->0K(57856K)
[2026-03-22T19:50:54.621+0900][4.720s][info][gc,heap        ] GC(423) ParOldGen: 292271K(349696K)->103430K(349696K)
[2026-03-22T19:50:54.621+0900][4.720s][info][gc,metaspace   ] GC(423) Metaspace: 341K(512K)->341K(512K) NonClass: 323K(384K)->323K(384K) Class: 17K(128K)->17K(128K)
[2026-03-22T19:50:54.621+0900][4.720s][info][gc             ] GC(423) Pause Full (Ergonomics) 398M->101M(455M) 8.590ms
[2026-03-22T19:50:54.621+0900][4.720s][info][gc,cpu         ] GC(423) User=0.09s Sys=0.02s Real=0.01s
[2026-03-22T19:50:54.626+0900][4.725s][info][gc,start       ] GC(424) Pause Young (Allocation Failure)
[2026-03-22T19:50:54.630+0900][4.728s][info][gc,heap        ] GC(424) PSYoungGen: 58504K(116736K)->57600K(116736K) Eden: 58504K(58880K)->0K(58880K) From: 0K(57856K)->57600K(57856K)
[2026-03-22T19:50:54.630+0900][4.728s][info][gc,heap        ] GC(424) ParOldGen: 103430K(349696K)->103430K(349696K)
[2026-03-22T19:50:54.630+0900][4.728s][info][gc,metaspace   ] GC(424) Metaspace: 341K(512K)->341K(512K) NonClass: 323K(384K)->323K(384K) Class: 17K(128K)->17K(128K)
[2026-03-22T19:50:54.630+0900][4.728s][info][gc             ] GC(424) Pause Young (Allocation Failure) 158M->157M(455M) 3.124ms
[2026-03-22T19:50:54.630+0900][4.728s][info][gc,cpu         ] GC(424) User=0.00s Sys=0.00s Real=0.00s
[2026-03-22T19:50:54.636+0900][4.734s][info][gc,start       ] GC(425) Pause Young (Allocation Failure)
[2026-03-22T19:50:54.639+0900][4.739s][info][gc,heap        ] GC(425) PSYoungGen: 116104K(116736K)->57632K(116736K) Eden: 58504K(58880K)->0K(58880K) From: 57600K(57856K)->57632K(57856K)
[2026-03-22T19:50:54.640+0900][4.739s][info][gc,heap        ] GC(425) ParOldGen: 103430K(349696K)->150638K(349696K)
[2026-03-22T19:50:54.640+0900][4.739s][info][gc,metaspace   ] GC(425) Metaspace: 341K(512K)->341K(512K) NonClass: 323K(384K)->323K(384K) Class: 17K(128K)->17K(128K)
[2026-03-22T19:50:54.640+0900][4.739s][info][gc             ] GC(425) Pause Young (Allocation Failure) 214M->203M(455M) 4.510ms
[2026-03-22T19:50:54.640+0900][4.739s][info][gc,cpu         ] GC(425) User=0.00s Sys=0.00s Real=0.00s
[2026-03-22T19:50:54.646+0900][4.744s][info][gc,start       ] GC(426) Pause Young (Allocation Failure)
[2026-03-22T19:50:54.650+0900][4.748s][info][gc,heap        ] GC(426) PSYoungGen: 116136K(116736K)->57632K(116736K) Eden: 58504K(58880K)->0K(58880K) From: 57632K(57856K)->57632K(57856K)
[2026-03-22T19:50:54.650+0900][4.748s][info][gc,heap        ] GC(426) ParOldGen: 150638K(349696K)->197847K(349696K)
[2026-03-22T19:50:54.650+0900][4.748s][info][gc,metaspace   ] GC(426) Metaspace: 341K(512K)->341K(512K) NonClass: 323K(384K)->323K(384K) Class: 17K(128K)->17K(128K)
[2026-03-22T19:50:54.650+0900][4.748s][info][gc             ] GC(426) Pause Young (Allocation Failure) 260M->249M(455M) 4.092ms
[2026-03-22T19:50:54.650+0900][4.748s][info][gc,cpu         ] GC(426) User=0.00s Sys=0.00s Real=0.00s
[2026-03-22T19:50:54.656+0900][4.754s][info][gc,start       ] GC(427) Pause Young (Allocation Failure)
[2026-03-22T19:50:54.660+0900][4.758s][info][gc,heap        ] GC(427) PSYoungGen: 116136K(116736K)->57632K(116736K) Eden: 58504K(58880K)->0K(58880K) From: 57632K(57856K)->57632K(57856K)
[2026-03-22T19:50:54.660+0900][4.758s][info][gc,heap        ] GC(427) ParOldGen: 197847K(349696K)->245063K(349696K)
[2026-03-22T19:50:54.660+0900][4.758s][info][gc,metaspace   ] GC(427) Metaspace: 341K(512K)->341K(512K) NonClass: 323K(384K)->323K(384K) Class: 17K(128K)->17K(128K)
[2026-03-22T19:50:54.660+0900][4.758s][info][gc             ] GC(427) Pause Young (Allocation Failure) 306M->295M(455M) 4.114ms
[2026-03-22T19:50:54.660+0900][4.758s][info][gc,cpu         ] GC(427) User=0.00s Sys=0.00s Real=0.00s
[2026-03-22T19:50:54.665+0900][4.764s][info][gc,start       ] GC(428) Pause Young (Allocation Failure)
[2026-03-22T19:50:54.670+0900][4.768s][info][gc,heap        ] GC(428) PSYoungGen: 116136K(116736K)->57632K(116736K) Eden: 58504K(58880K)->0K(58880K) From: 57632K(57856K)->57632K(57856K)
[2026-03-22T19:50:54.670+0900][4.768s][info][gc,heap        ] GC(428) ParOldGen: 245063K(349696K)->292271K(349696K)
[2026-03-22T19:50:54.670+0900][4.768s][info][gc,metaspace   ] GC(428) Metaspace: 341K(512K)->341K(512K) NonClass: 323K(384K)->323K(384K) Class: 17K(128K)->17K(128K)
[2026-03-22T19:50:54.670+0900][4.768s][info][gc             ] GC(428) Pause Young (Allocation Failure) 352M->341M(455M) 4.779ms
[2026-03-22T19:50:54.670+0900][4.768s][info][gc,cpu         ] GC(428) User=0.12s Sys=0.00s Real=0.01s
[2026-03-22T19:50:54.675+0900][4.774s][info][gc,start       ] GC(429) Pause Full (Ergonomics)
[2026-03-22T19:50:54.675+0900][4.774s][info][gc,phases,start] GC(429) Marking Phase
[2026-03-22T19:50:54.677+0900][4.775s][info][gc,phases      ] GC(429) Marking Phase 1.518ms
[2026-03-22T19:50:54.677+0900][4.775s][info][gc,phases,start] GC(429) Summary Phase
[2026-03-22T19:50:54.677+0900][4.775s][info][gc,phases      ] GC(429) Summary Phase 0.034ms
[2026-03-22T19:50:54.677+0900][4.775s][info][gc,phases,start] GC(429) Adjust Roots
[2026-03-22T19:50:54.677+0900][4.775s][info][gc,phases      ] GC(429) Adjust Roots 0.242ms
[2026-03-22T19:50:54.677+0900][4.775s][info][gc,phases,start] GC(429) Compaction Phase
[2026-03-22T19:50:54.683+0900][4.781s][info][gc,phases      ] GC(429) Compaction Phase 5.690ms
[2026-03-22T19:50:54.683+0900][4.781s][info][gc,phases,start] GC(429) Post Compact
[2026-03-22T19:50:54.684+0900][4.783s][info][gc,phases      ] GC(429) Post Compact 1.518ms
[2026-03-22T19:50:54.684+0900][4.783s][info][gc,heap        ] GC(429) PSYoungGen: 116136K(116736K)->0K(116736K) Eden: 58504K(58880K)->0K(58880K) From: 57632K(57856K)->0K(57856K)
[2026-03-22T19:50:54.684+0900][4.783s][info][gc,heap        ] GC(429) ParOldGen: 292271K(349696K)->103430K(349696K)
[2026-03-22T19:50:54.684+0900][4.783s][info][gc,metaspace   ] GC(429) Metaspace: 341K(512K)->341K(512K) NonClass: 323K(384K)->323K(384K) Class: 17K(128K)->17K(128K)
[2026-03-22T19:50:54.684+0900][4.783s][info][gc             ] GC(429) Pause Full (Ergonomics) 398M->101M(455M) 9.354ms
[2026-03-22T19:50:54.684+0900][4.783s][info][gc,cpu         ] GC(429) User=0.09s Sys=0.00s Real=0.01s
[2026-03-22T19:50:54.691+0900][4.790s][info][gc,start       ] GC(430) Pause Young (Allocation Failure)
[2026-03-22T19:50:54.694+0900][4.792s][info][gc,heap        ] GC(430) PSYoungGen: 58504K(116736K)->57632K(116736K) Eden: 58504K(58880K)->0K(58880K) From: 0K(57856K)->57632K(57856K)
[2026-03-22T19:50:54.694+0900][4.792s][info][gc,heap        ] GC(430) ParOldGen: 103430K(349696K)->103430K(349696K)
[2026-03-22T19:50:54.694+0900][4.792s][info][gc,metaspace   ] GC(430) Metaspace: 341K(512K)->341K(512K) NonClass: 323K(384K)->323K(384K) Class: 17K(128K)->17K(128K)
[2026-03-22T19:50:54.694+0900][4.792s][info][gc             ] GC(430) Pause Young (Allocation Failure) 158M->157M(455M) 2.696ms
[2026-03-22T19:50:54.694+0900][4.792s][info][gc,cpu         ] GC(430) User=0.00s Sys=0.00s Real=0.00s
[2026-03-22T19:50:54.700+0900][4.798s][info][gc,start       ] GC(431) Pause Young (Allocation Failure)
[2026-03-22T19:50:54.703+0900][4.802s][info][gc,heap        ] GC(431) PSYoungGen: 116136K(116736K)->57632K(116736K) Eden: 58504K(58880K)->0K(58880K) From: 57632K(57856K)->57632K(57856K)
[2026-03-22T19:50:54.703+0900][4.802s][info][gc,heap        ] GC(431) ParOldGen: 103430K(349696K)->150638K(349696K)
[2026-03-22T19:50:54.703+0900][4.802s][info][gc,metaspace   ] GC(431) Metaspace: 341K(512K)->341K(512K) NonClass: 323K(384K)->323K(384K) Class: 17K(128K)->17K(128K)
[2026-03-22T19:50:54.703+0900][4.802s][info][gc             ] GC(431) Pause Young (Allocation Failure) 214M->203M(455M) 4.119ms
[2026-03-22T19:50:54.703+0900][4.802s][info][gc,cpu         ] GC(431) User=0.00s Sys=0.00s Real=0.00s
[2026-03-22T19:50:54.710+0900][4.809s][info][gc,start       ] GC(432) Pause Young (Allocation Failure)
[2026-03-22T19:50:54.715+0900][4.813s][info][gc,heap        ] GC(432) PSYoungGen: 116136K(116736K)->57632K(116736K) Eden: 58504K(58880K)->0K(58880K) From: 57632K(57856K)->57632K(57856K)
[2026-03-22T19:50:54.715+0900][4.814s][info][gc,heap        ] GC(432) ParOldGen: 150638K(349696K)->197847K(349696K)
[2026-03-22T19:50:54.715+0900][4.814s][info][gc,metaspace   ] GC(432) Metaspace: 341K(512K)->341K(512K) NonClass: 323K(384K)->323K(384K) Class: 17K(128K)->17K(128K)
[2026-03-22T19:50:54.715+0900][4.814s][info][gc             ] GC(432) Pause Young (Allocation Failure) 260M->249M(455M) 4.575ms
[2026-03-22T19:50:54.715+0900][4.814s][info][gc,cpu         ] GC(432) User=0.12s Sys=0.00s Real=0.00s
[2026-03-22T19:50:54.720+0900][4.819s][info][gc,start       ] GC(433) Pause Young (Allocation Failure)
[2026-03-22T19:50:54.724+0900][4.823s][info][gc,heap        ] GC(433) PSYoungGen: 116136K(116736K)->57632K(116736K) Eden: 58504K(58880K)->0K(58880K) From: 57632K(57856K)->57632K(57856K)
[2026-03-22T19:50:54.724+0900][4.823s][info][gc,heap        ] GC(433) ParOldGen: 197847K(349696K)->245063K(349696K)
[2026-03-22T19:50:54.724+0900][4.823s][info][gc,metaspace   ] GC(433) Metaspace: 341K(512K)->341K(512K) NonClass: 323K(384K)->323K(384K) Class: 17K(128K)->17K(128K)
[2026-03-22T19:50:54.724+0900][4.824s][info][gc             ] GC(433) Pause Young (Allocation Failure) 306M->295M(455M) 4.257ms
[2026-03-22T19:50:54.724+0900][4.824s][info][gc,cpu         ] GC(433) User=0.00s Sys=0.00s Real=0.00s
[2026-03-22T19:50:54.731+0900][4.830s][info][gc,start       ] GC(434) Pause Young (Allocation Failure)
[2026-03-22T19:50:54.735+0900][4.834s][info][gc,heap        ] GC(434) PSYoungGen: 116136K(116736K)->57632K(116736K) Eden: 58504K(58880K)->0K(58880K) From: 57632K(57856K)->57632K(57856K)
[2026-03-22T19:50:54.736+0900][4.834s][info][gc,heap        ] GC(434) ParOldGen: 245063K(349696K)->292271K(349696K)
[2026-03-22T19:50:54.736+0900][4.834s][info][gc,metaspace   ] GC(434) Metaspace: 341K(512K)->341K(512K) NonClass: 323K(384K)->323K(384K) Class: 17K(128K)->17K(128K)
[2026-03-22T19:50:54.736+0900][4.834s][info][gc             ] GC(434) Pause Young (Allocation Failure) 352M->341M(455M) 4.364ms
[2026-03-22T19:50:54.736+0900][4.834s][info][gc,cpu         ] GC(434) User=0.00s Sys=0.00s Real=0.01s
[2026-03-22T19:50:54.741+0900][4.840s][info][gc,start       ] GC(435) Pause Full (Ergonomics)
[2026-03-22T19:50:54.741+0900][4.840s][info][gc,phases,start] GC(435) Marking Phase
[2026-03-22T19:50:54.743+0900][4.841s][info][gc,phases      ] GC(435) Marking Phase 1.329ms
[2026-03-22T19:50:54.743+0900][4.841s][info][gc,phases,start] GC(435) Summary Phase
[2026-03-22T19:50:54.743+0900][4.841s][info][gc,phases      ] GC(435) Summary Phase 0.020ms
[2026-03-22T19:50:54.743+0900][4.841s][info][gc,phases,start] GC(435) Adjust Roots
[2026-03-22T19:50:54.743+0900][4.841s][info][gc,phases      ] GC(435) Adjust Roots 0.255ms
[2026-03-22T19:50:54.743+0900][4.841s][info][gc,phases,start] GC(435) Compaction Phase
[2026-03-22T19:50:54.748+0900][4.847s][info][gc,phases      ] GC(435) Compaction Phase 5.050ms
[2026-03-22T19:50:54.748+0900][4.847s][info][gc,phases,start] GC(435) Post Compact
[2026-03-22T19:50:54.750+0900][4.848s][info][gc,phases      ] GC(435) Post Compact 1.364ms
[2026-03-22T19:50:54.750+0900][4.848s][info][gc,heap        ] GC(435) PSYoungGen: 116136K(116736K)->0K(116736K) Eden: 58504K(58880K)->0K(58880K) From: 57632K(57856K)->0K(57856K)
[2026-03-22T19:50:54.750+0900][4.848s][info][gc,heap        ] GC(435) ParOldGen: 292271K(349696K)->103430K(349696K)
[2026-03-22T19:50:54.750+0900][4.848s][info][gc,metaspace   ] GC(435) Metaspace: 341K(512K)->341K(512K) NonClass: 323K(384K)->323K(384K) Class: 17K(128K)->17K(128K)
[2026-03-22T19:50:54.750+0900][4.848s][info][gc             ] GC(435) Pause Full (Ergonomics) 398M->101M(455M) 8.284ms
[2026-03-22T19:50:54.750+0900][4.848s][info][gc,cpu         ] GC(435) User=0.09s Sys=0.02s Real=0.01s
[2026-03-22T19:50:54.756+0900][4.854s][info][gc,start       ] GC(436) Pause Young (Allocation Failure)
[2026-03-22T19:50:54.758+0900][4.857s][info][gc,heap        ] GC(436) PSYoungGen: 58504K(116736K)->57632K(116736K) Eden: 58504K(58880K)->0K(58880K) From: 0K(57856K)->57632K(57856K)
[2026-03-22T19:50:54.759+0900][4.857s][info][gc,heap        ] GC(436) ParOldGen: 103430K(349696K)->103430K(349696K)
[2026-03-22T19:50:54.759+0900][4.857s][info][gc,metaspace   ] GC(436) Metaspace: 341K(512K)->341K(512K) NonClass: 323K(384K)->323K(384K) Class: 17K(128K)->17K(128K)
[2026-03-22T19:50:54.759+0900][4.857s][info][gc             ] GC(436) Pause Young (Allocation Failure) 158M->157M(455M) 2.850ms
[2026-03-22T19:50:54.759+0900][4.857s][info][gc,cpu         ] GC(436) User=0.00s Sys=0.00s Real=0.00s
[2026-03-22T19:50:54.765+0900][4.864s][info][gc,start       ] GC(437) Pause Young (Allocation Failure)
[2026-03-22T19:50:54.770+0900][4.868s][info][gc,heap        ] GC(437) PSYoungGen: 116136K(116736K)->57632K(116736K) Eden: 58504K(58880K)->0K(58880K) From: 57632K(57856K)->57632K(57856K)
[2026-03-22T19:50:54.770+0900][4.868s][info][gc,heap        ] GC(437) ParOldGen: 103430K(349696K)->150638K(349696K)
[2026-03-22T19:50:54.770+0900][4.868s][info][gc,metaspace   ] GC(437) Metaspace: 341K(512K)->341K(512K) NonClass: 323K(384K)->323K(384K) Class: 17K(128K)->17K(128K)
[2026-03-22T19:50:54.770+0900][4.868s][info][gc             ] GC(437) Pause Young (Allocation Failure) 214M->203M(455M) 4.460ms
[2026-03-22T19:50:54.770+0900][4.868s][info][gc,cpu         ] GC(437) User=0.00s Sys=0.00s Real=0.00s
[2026-03-22T19:50:54.775+0900][4.874s][info][gc,start       ] GC(438) Pause Young (Allocation Failure)
[2026-03-22T19:50:54.780+0900][4.878s][info][gc,heap        ] GC(438) PSYoungGen: 116136K(116736K)->57632K(116736K) Eden: 58504K(58880K)->0K(58880K) From: 57632K(57856K)->57632K(57856K)
[2026-03-22T19:50:54.780+0900][4.878s][info][gc,heap        ] GC(438) ParOldGen: 150638K(349696K)->197847K(349696K)
[2026-03-22T19:50:54.780+0900][4.878s][info][gc,metaspace   ] GC(438) Metaspace: 341K(512K)->341K(512K) NonClass: 323K(384K)->323K(384K) Class: 17K(128K)->17K(128K)
[2026-03-22T19:50:54.780+0900][4.878s][info][gc             ] GC(438) Pause Young (Allocation Failure) 260M->249M(455M) 4.371ms
[2026-03-22T19:50:54.780+0900][4.878s][info][gc,cpu         ] GC(438) User=0.00s Sys=0.00s Real=0.00s
[2026-03-22T19:50:54.785+0900][4.884s][info][gc,start       ] GC(439) Pause Young (Allocation Failure)
[2026-03-22T19:50:54.789+0900][4.888s][info][gc,heap        ] GC(439) PSYoungGen: 116136K(116736K)->57632K(116736K) Eden: 58504K(58880K)->0K(58880K) From: 57632K(57856K)->57632K(57856K)
[2026-03-22T19:50:54.789+0900][4.888s][info][gc,heap        ] GC(439) ParOldGen: 197847K(349696K)->245063K(349696K)
[2026-03-22T19:50:54.789+0900][4.888s][info][gc,metaspace   ] GC(439) Metaspace: 341K(512K)->341K(512K) NonClass: 323K(384K)->323K(384K) Class: 17K(128K)->17K(128K)
[2026-03-22T19:50:54.789+0900][4.888s][info][gc             ] GC(439) Pause Young (Allocation Failure) 306M->295M(455M) 4.128ms
[2026-03-22T19:50:54.789+0900][4.888s][info][gc,cpu         ] GC(439) User=0.00s Sys=0.00s Real=0.00s
[2026-03-22T19:50:54.795+0900][4.894s][info][gc,start       ] GC(440) Pause Young (Allocation Failure)
[2026-03-22T19:50:54.799+0900][4.898s][info][gc,heap        ] GC(440) PSYoungGen: 116136K(116736K)->57632K(116736K) Eden: 58504K(58880K)->0K(58880K) From: 57632K(57856K)->57632K(57856K)
[2026-03-22T19:50:54.799+0900][4.898s][info][gc,heap        ] GC(440) ParOldGen: 245063K(349696K)->292271K(349696K)
[2026-03-22T19:50:54.799+0900][4.898s][info][gc,metaspace   ] GC(440) Metaspace: 341K(512K)->341K(512K) NonClass: 323K(384K)->323K(384K) Class: 17K(128K)->17K(128K)
[2026-03-22T19:50:54.799+0900][4.898s][info][gc             ] GC(440) Pause Young (Allocation Failure) 352M->341M(455M) 4.232ms
[2026-03-22T19:50:54.799+0900][4.898s][info][gc,cpu         ] GC(440) User=0.00s Sys=0.00s Real=0.00s
[2026-03-22T19:50:54.805+0900][4.903s][info][gc,start       ] GC(441) Pause Full (Ergonomics)
[2026-03-22T19:50:54.805+0900][4.903s][info][gc,phases,start] GC(441) Marking Phase
[2026-03-22T19:50:54.807+0900][4.905s][info][gc,phases      ] GC(441) Marking Phase 1.628ms
[2026-03-22T19:50:54.807+0900][4.905s][info][gc,phases,start] GC(441) Summary Phase
[2026-03-22T19:50:54.807+0900][4.905s][info][gc,phases      ] GC(441) Summary Phase 0.022ms
[2026-03-22T19:50:54.807+0900][4.905s][info][gc,phases,start] GC(441) Adjust Roots
[2026-03-22T19:50:54.807+0900][4.905s][info][gc,phases      ] GC(441) Adjust Roots 0.227ms
[2026-03-22T19:50:54.807+0900][4.905s][info][gc,phases,start] GC(441) Compaction Phase
[2026-03-22T19:50:54.812+0900][4.910s][info][gc,phases      ] GC(441) Compaction Phase 4.830ms
[2026-03-22T19:50:54.812+0900][4.910s][info][gc,phases,start] GC(441) Post Compact
[2026-03-22T19:50:54.813+0900][4.912s][info][gc,phases      ] GC(441) Post Compact 1.317ms
[2026-03-22T19:50:54.813+0900][4.912s][info][gc,heap        ] GC(441) PSYoungGen: 116136K(116736K)->0K(116736K) Eden: 58504K(58880K)->0K(58880K) From: 57632K(57856K)->0K(57856K)
[2026-03-22T19:50:54.813+0900][4.912s][info][gc,heap        ] GC(441) ParOldGen: 292271K(349696K)->103430K(349696K)
[2026-03-22T19:50:54.813+0900][4.912s][info][gc,metaspace   ] GC(441) Metaspace: 341K(512K)->341K(512K) NonClass: 323K(384K)->323K(384K) Class: 17K(128K)->17K(128K)
[2026-03-22T19:50:54.813+0900][4.912s][info][gc             ] GC(441) Pause Full (Ergonomics) 398M->101M(455M) 8.365ms
[2026-03-22T19:50:54.813+0900][4.912s][info][gc,cpu         ] GC(441) User=0.02s Sys=0.00s Real=0.01s
[2026-03-22T19:50:54.820+0900][4.918s][info][gc,start       ] GC(442) Pause Young (Allocation Failure)
[2026-03-22T19:50:54.822+0900][4.921s][info][gc,heap        ] GC(442) PSYoungGen: 58504K(116736K)->57632K(116736K) Eden: 58504K(58880K)->0K(58880K) From: 0K(57856K)->57632K(57856K)
[2026-03-22T19:50:54.823+0900][4.921s][info][gc,heap        ] GC(442) ParOldGen: 103430K(349696K)->103430K(349696K)
[2026-03-22T19:50:54.823+0900][4.921s][info][gc,metaspace   ] GC(442) Metaspace: 341K(512K)->341K(512K) NonClass: 323K(384K)->323K(384K) Class: 17K(128K)->17K(128K)
[2026-03-22T19:50:54.823+0900][4.921s][info][gc             ] GC(442) Pause Young (Allocation Failure) 158M->157M(455M) 2.659ms
[2026-03-22T19:50:54.823+0900][4.921s][info][gc,cpu         ] GC(442) User=0.09s Sys=0.00s Real=0.00s
[2026-03-22T19:50:54.828+0900][4.927s][info][gc,start       ] GC(443) Pause Young (Allocation Failure)
[2026-03-22T19:50:54.833+0900][4.931s][info][gc,heap        ] GC(443) PSYoungGen: 116136K(116736K)->57632K(116736K) Eden: 58504K(58880K)->0K(58880K) From: 57632K(57856K)->57632K(57856K)
[2026-03-22T19:50:54.833+0900][4.931s][info][gc,heap        ] GC(443) ParOldGen: 103430K(349696K)->150638K(349696K)
[2026-03-22T19:50:54.833+0900][4.931s][info][gc,metaspace   ] GC(443) Metaspace: 341K(512K)->341K(512K) NonClass: 323K(384K)->323K(384K) Class: 17K(128K)->17K(128K)
[2026-03-22T19:50:54.833+0900][4.931s][info][gc             ] GC(443) Pause Young (Allocation Failure) 214M->203M(455M) 4.400ms
[2026-03-22T19:50:54.833+0900][4.931s][info][gc,cpu         ] GC(443) User=0.00s Sys=0.00s Real=0.00s
[2026-03-22T19:50:54.839+0900][4.938s][info][gc,start       ] GC(444) Pause Young (Allocation Failure)
[2026-03-22T19:50:54.843+0900][4.942s][info][gc,heap        ] GC(444) PSYoungGen: 116136K(116736K)->57632K(116736K) Eden: 58504K(58880K)->0K(58880K) From: 57632K(57856K)->57632K(57856K)
[2026-03-22T19:50:54.843+0900][4.942s][info][gc,heap        ] GC(444) ParOldGen: 150638K(349696K)->197847K(349696K)
[2026-03-22T19:50:54.843+0900][4.942s][info][gc,metaspace   ] GC(444) Metaspace: 341K(512K)->341K(512K) NonClass: 323K(384K)->323K(384K) Class: 17K(128K)->17K(128K)
[2026-03-22T19:50:54.843+0900][4.942s][info][gc             ] GC(444) Pause Young (Allocation Failure) 260M->249M(455M) 4.371ms
[2026-03-22T19:50:54.843+0900][4.942s][info][gc,cpu         ] GC(444) User=0.00s Sys=0.00s Real=0.00s
[2026-03-22T19:50:54.849+0900][4.948s][info][gc,start       ] GC(445) Pause Young (Allocation Failure)
[2026-03-22T19:50:54.853+0900][4.952s][info][gc,heap        ] GC(445) PSYoungGen: 116136K(116736K)->57632K(116736K) Eden: 58504K(58880K)->0K(58880K) From: 57632K(57856K)->57632K(57856K)
[2026-03-22T19:50:54.853+0900][4.952s][info][gc,heap        ] GC(445) ParOldGen: 197847K(349696K)->245063K(349696K)
[2026-03-22T19:50:54.853+0900][4.952s][info][gc,metaspace   ] GC(445) Metaspace: 341K(512K)->341K(512K) NonClass: 323K(384K)->323K(384K) Class: 17K(128K)->17K(128K)
[2026-03-22T19:50:54.853+0900][4.952s][info][gc             ] GC(445) Pause Young (Allocation Failure) 306M->295M(455M) 4.130ms
[2026-03-22T19:50:54.853+0900][4.952s][info][gc,cpu         ] GC(445) User=0.09s Sys=0.00s Real=0.00s
[2026-03-22T19:50:54.859+0900][4.958s][info][gc,start       ] GC(446) Pause Young (Allocation Failure)
[2026-03-22T19:50:54.863+0900][4.962s][info][gc,heap        ] GC(446) PSYoungGen: 116136K(116736K)->57632K(116736K) Eden: 58504K(58880K)->0K(58880K) From: 57632K(57856K)->57632K(57856K)
[2026-03-22T19:50:54.864+0900][4.962s][info][gc,heap        ] GC(446) ParOldGen: 245063K(349696K)->292271K(349696K)
[2026-03-22T19:50:54.864+0900][4.962s][info][gc,metaspace   ] GC(446) Metaspace: 341K(512K)->341K(512K) NonClass: 323K(384K)->323K(384K) Class: 17K(128K)->17K(128K)
[2026-03-22T19:50:54.864+0900][4.962s][info][gc             ] GC(446) Pause Young (Allocation Failure) 352M->341M(455M) 4.249ms
[2026-03-22T19:50:54.864+0900][4.962s][info][gc,cpu         ] GC(446) User=0.00s Sys=0.00s Real=0.01s
[2026-03-22T19:50:54.869+0900][4.967s][info][gc,start       ] GC(447) Pause Full (Ergonomics)
[2026-03-22T19:50:54.869+0900][4.967s][info][gc,phases,start] GC(447) Marking Phase
[2026-03-22T19:50:54.870+0900][4.969s][info][gc,phases      ] GC(447) Marking Phase 1.304ms
[2026-03-22T19:50:54.870+0900][4.969s][info][gc,phases,start] GC(447) Summary Phase
[2026-03-22T19:50:54.870+0900][4.969s][info][gc,phases      ] GC(447) Summary Phase 0.026ms
[2026-03-22T19:50:54.870+0900][4.969s][info][gc,phases,start] GC(447) Adjust Roots
[2026-03-22T19:50:54.871+0900][4.969s][info][gc,phases      ] GC(447) Adjust Roots 0.243ms
[2026-03-22T19:50:54.871+0900][4.969s][info][gc,phases,start] GC(447) Compaction Phase
[2026-03-22T19:50:54.876+0900][4.974s][info][gc,phases      ] GC(447) Compaction Phase 4.968ms
[2026-03-22T19:50:54.876+0900][4.974s][info][gc,phases,start] GC(447) Post Compact
[2026-03-22T19:50:54.877+0900][4.976s][info][gc,phases      ] GC(447) Post Compact 1.572ms
[2026-03-22T19:50:54.877+0900][4.976s][info][gc,heap        ] GC(447) PSYoungGen: 116136K(116736K)->0K(116736K) Eden: 58504K(58880K)->0K(58880K) From: 57632K(57856K)->0K(57856K)
[2026-03-22T19:50:54.877+0900][4.976s][info][gc,heap        ] GC(447) ParOldGen: 292271K(349696K)->103430K(349696K)
[2026-03-22T19:50:54.877+0900][4.976s][info][gc,metaspace   ] GC(447) Metaspace: 341K(512K)->341K(512K) NonClass: 323K(384K)->323K(384K) Class: 17K(128K)->17K(128K)
[2026-03-22T19:50:54.877+0900][4.976s][info][gc             ] GC(447) Pause Full (Ergonomics) 398M->101M(455M) 8.534ms
[2026-03-22T19:50:54.877+0900][4.976s][info][gc,cpu         ] GC(447) User=0.00s Sys=0.00s Real=0.01s
[2026-03-22T19:50:54.883+0900][4.981s][info][gc,start       ] GC(448) Pause Young (Allocation Failure)
[2026-03-22T19:50:54.886+0900][4.984s][info][gc,heap        ] GC(448) PSYoungGen: 58504K(116736K)->57632K(116736K) Eden: 58504K(58880K)->0K(58880K) From: 0K(57856K)->57632K(57856K)
[2026-03-22T19:50:54.886+0900][4.984s][info][gc,heap        ] GC(448) ParOldGen: 103430K(349696K)->103430K(349696K)
[2026-03-22T19:50:54.886+0900][4.984s][info][gc,metaspace   ] GC(448) Metaspace: 341K(512K)->341K(512K) NonClass: 323K(384K)->323K(384K) Class: 17K(128K)->17K(128K)
[2026-03-22T19:50:54.886+0900][4.984s][info][gc             ] GC(448) Pause Young (Allocation Failure) 158M->157M(455M) 2.987ms
[2026-03-22T19:50:54.886+0900][4.984s][info][gc,cpu         ] GC(448) User=0.12s Sys=0.00s Real=0.00s
[2026-03-22T19:50:54.891+0900][4.990s][info][gc,start       ] GC(449) Pause Young (Allocation Failure)
[2026-03-22T19:50:54.895+0900][4.994s][info][gc,heap        ] GC(449) PSYoungGen: 116136K(116736K)->57632K(116736K) Eden: 58504K(58880K)->0K(58880K) From: 57632K(57856K)->57632K(57856K)
[2026-03-22T19:50:54.895+0900][4.994s][info][gc,heap        ] GC(449) ParOldGen: 103430K(349696K)->150638K(349696K)
[2026-03-22T19:50:54.895+0900][4.994s][info][gc,metaspace   ] GC(449) Metaspace: 341K(512K)->341K(512K) NonClass: 323K(384K)->323K(384K) Class: 17K(128K)->17K(128K)
[2026-03-22T19:50:54.895+0900][4.994s][info][gc             ] GC(449) Pause Young (Allocation Failure) 214M->203M(455M) 4.191ms
[2026-03-22T19:50:54.895+0900][4.994s][info][gc,cpu         ] GC(449) User=0.00s Sys=0.00s Real=0.00s
[2026-03-22T19:50:54.902+0900][5.000s][info][gc,start       ] GC(450) Pause Young (Allocation Failure)
[2026-03-22T19:50:54.906+0900][5.005s][info][gc,heap        ] GC(450) PSYoungGen: 116136K(116736K)->57632K(116736K) Eden: 58504K(58880K)->0K(58880K) From: 57632K(57856K)->57632K(57856K)
[2026-03-22T19:50:54.906+0900][5.005s][info][gc,heap        ] GC(450) ParOldGen: 150638K(349696K)->197847K(349696K)
[2026-03-22T19:50:54.906+0900][5.005s][info][gc,metaspace   ] GC(450) Metaspace: 341K(512K)->341K(512K) NonClass: 323K(384K)->323K(384K) Class: 17K(128K)->17K(128K)
[2026-03-22T19:50:54.906+0900][5.005s][info][gc             ] GC(450) Pause Young (Allocation Failure) 260M->249M(455M) 5.016ms
[2026-03-22T19:50:54.906+0900][5.005s][info][gc,cpu         ] GC(450) User=0.00s Sys=0.00s Real=0.00s
[2026-03-22T19:50:54.913+0900][5.011s][info][gc,start       ] GC(451) Pause Young (Allocation Failure)
[2026-03-22T19:50:54.916+0900][5.015s][info][gc,heap        ] GC(451) PSYoungGen: 116136K(116736K)->57632K(116736K) Eden: 58504K(58880K)->0K(58880K) From: 57632K(57856K)->57632K(57856K)
[2026-03-22T19:50:54.916+0900][5.015s][info][gc,heap        ] GC(451) ParOldGen: 197847K(349696K)->245055K(349696K)
[2026-03-22T19:50:54.916+0900][5.015s][info][gc,metaspace   ] GC(451) Metaspace: 341K(512K)->341K(512K) NonClass: 323K(384K)->323K(384K) Class: 17K(128K)->17K(128K)
[2026-03-22T19:50:54.916+0900][5.015s][info][gc             ] GC(451) Pause Young (Allocation Failure) 306M->295M(455M) 4.337ms
[2026-03-22T19:50:54.916+0900][5.015s][info][gc,cpu         ] GC(451) User=0.11s Sys=0.02s Real=0.00s
[2026-03-22T19:50:54.924+0900][5.023s][info][gc,start       ] GC(452) Pause Young (Allocation Failure)
[2026-03-22T19:50:54.928+0900][5.027s][info][gc,heap        ] GC(452) PSYoungGen: 116136K(116736K)->57632K(116736K) Eden: 58504K(58880K)->0K(58880K) From: 57632K(57856K)->57632K(57856K)
[2026-03-22T19:50:54.928+0900][5.027s][info][gc,heap        ] GC(452) ParOldGen: 245055K(349696K)->292263K(349696K)
[2026-03-22T19:50:54.928+0900][5.027s][info][gc,metaspace   ] GC(452) Metaspace: 341K(512K)->341K(512K) NonClass: 323K(384K)->323K(384K) Class: 17K(128K)->17K(128K)
[2026-03-22T19:50:54.928+0900][5.027s][info][gc             ] GC(452) Pause Young (Allocation Failure) 352M->341M(455M) 4.379ms
[2026-03-22T19:50:54.928+0900][5.027s][info][gc,cpu         ] GC(452) User=0.00s Sys=0.00s Real=0.00s
[2026-03-22T19:50:54.934+0900][5.033s][info][gc,start       ] GC(453) Pause Full (Ergonomics)
[2026-03-22T19:50:54.934+0900][5.033s][info][gc,phases,start] GC(453) Marking Phase
[2026-03-22T19:50:54.935+0900][5.034s][info][gc,phases      ] GC(453) Marking Phase 1.726ms
[2026-03-22T19:50:54.935+0900][5.035s][info][gc,phases,start] GC(453) Summary Phase
[2026-03-22T19:50:54.935+0900][5.035s][info][gc,phases      ] GC(453) Summary Phase 0.017ms
[2026-03-22T19:50:54.935+0900][5.035s][info][gc,phases,start] GC(453) Adjust Roots
[2026-03-22T19:50:54.936+0900][5.035s][info][gc,phases      ] GC(453) Adjust Roots 0.338ms
[2026-03-22T19:50:54.936+0900][5.035s][info][gc,phases,start] GC(453) Compaction Phase
[2026-03-22T19:50:54.941+0900][5.040s][info][gc,phases      ] GC(453) Compaction Phase 4.753ms
[2026-03-22T19:50:54.941+0900][5.040s][info][gc,phases,start] GC(453) Post Compact
[2026-03-22T19:50:54.942+0900][5.041s][info][gc,phases      ] GC(453) Post Compact 1.313ms
[2026-03-22T19:50:54.942+0900][5.041s][info][gc,heap        ] GC(453) PSYoungGen: 116136K(116736K)->0K(116736K) Eden: 58504K(58880K)->0K(58880K) From: 57632K(57856K)->0K(57856K)
[2026-03-22T19:50:54.942+0900][5.041s][info][gc,heap        ] GC(453) ParOldGen: 292263K(349696K)->103430K(349696K)
[2026-03-22T19:50:54.942+0900][5.041s][info][gc,metaspace   ] GC(453) Metaspace: 341K(512K)->341K(512K) NonClass: 323K(384K)->323K(384K) Class: 17K(128K)->17K(128K)
[2026-03-22T19:50:54.942+0900][5.041s][info][gc             ] GC(453) Pause Full (Ergonomics) 398M->101M(455M) 8.451ms
[2026-03-22T19:50:54.942+0900][5.041s][info][gc,cpu         ] GC(453) User=0.00s Sys=0.00s Real=0.01s
[2026-03-22T19:50:54.948+0900][5.047s][info][gc,start       ] GC(454) Pause Young (Allocation Failure)
[2026-03-22T19:50:54.950+0900][5.050s][info][gc,heap        ] GC(454) PSYoungGen: 58504K(116736K)->57632K(116736K) Eden: 58504K(58880K)->0K(58880K) From: 0K(57856K)->57632K(57856K)
[2026-03-22T19:50:54.950+0900][5.050s][info][gc,heap        ] GC(454) ParOldGen: 103430K(349696K)->103430K(349696K)
[2026-03-22T19:50:54.950+0900][5.050s][info][gc,metaspace   ] GC(454) Metaspace: 341K(512K)->341K(512K) NonClass: 323K(384K)->323K(384K) Class: 17K(128K)->17K(128K)
[2026-03-22T19:50:54.950+0900][5.050s][info][gc             ] GC(454) Pause Young (Allocation Failure) 158M->157M(455M) 2.546ms
[2026-03-22T19:50:54.950+0900][5.050s][info][gc,cpu         ] GC(454) User=0.00s Sys=0.00s Real=0.00s
[2026-03-22T19:50:54.957+0900][5.055s][info][gc,start       ] GC(455) Pause Young (Allocation Failure)
[2026-03-22T19:50:54.961+0900][5.059s][info][gc,heap        ] GC(455) PSYoungGen: 116136K(116736K)->57632K(116736K) Eden: 58504K(58880K)->0K(58880K) From: 57632K(57856K)->57632K(57856K)
[2026-03-22T19:50:54.961+0900][5.059s][info][gc,heap        ] GC(455) ParOldGen: 103430K(349696K)->150638K(349696K)
[2026-03-22T19:50:54.961+0900][5.059s][info][gc,metaspace   ] GC(455) Metaspace: 341K(512K)->341K(512K) NonClass: 323K(384K)->323K(384K) Class: 17K(128K)->17K(128K)
[2026-03-22T19:50:54.961+0900][5.059s][info][gc             ] GC(455) Pause Young (Allocation Failure) 214M->203M(455M) 4.109ms
[2026-03-22T19:50:54.961+0900][5.059s][info][gc,cpu         ] GC(455) User=0.00s Sys=0.00s Real=0.00s
[2026-03-22T19:50:54.967+0900][5.066s][info][gc,start       ] GC(456) Pause Young (Allocation Failure)
[2026-03-22T19:50:54.972+0900][5.070s][info][gc,heap        ] GC(456) PSYoungGen: 116136K(116736K)->57632K(116736K) Eden: 58504K(58880K)->0K(58880K) From: 57632K(57856K)->57632K(57856K)
[2026-03-22T19:50:54.972+0900][5.070s][info][gc,heap        ] GC(456) ParOldGen: 150638K(349696K)->197847K(349696K)
[2026-03-22T19:50:54.972+0900][5.070s][info][gc,metaspace   ] GC(456) Metaspace: 341K(512K)->341K(512K) NonClass: 323K(384K)->323K(384K) Class: 17K(128K)->17K(128K)
[2026-03-22T19:50:54.972+0900][5.070s][info][gc             ] GC(456) Pause Young (Allocation Failure) 260M->249M(455M) 4.624ms
[2026-03-22T19:50:54.972+0900][5.070s][info][gc,cpu         ] GC(456) User=0.00s Sys=0.00s Real=0.00s
[2026-03-22T19:50:54.977+0900][5.076s][info][gc,start       ] GC(457) Pause Young (Allocation Failure)
[2026-03-22T19:50:54.982+0900][5.081s][info][gc,heap        ] GC(457) PSYoungGen: 116136K(116736K)->57632K(116736K) Eden: 58504K(58880K)->0K(58880K) From: 57632K(57856K)->57632K(57856K)
[2026-03-22T19:50:54.982+0900][5.081s][info][gc,heap        ] GC(457) ParOldGen: 197847K(349696K)->245063K(349696K)
[2026-03-22T19:50:54.982+0900][5.081s][info][gc,metaspace   ] GC(457) Metaspace: 341K(512K)->341K(512K) NonClass: 323K(384K)->323K(384K) Class: 17K(128K)->17K(128K)
[2026-03-22T19:50:54.982+0900][5.081s][info][gc             ] GC(457) Pause Young (Allocation Failure) 306M->295M(455M) 4.934ms
[2026-03-22T19:50:54.982+0900][5.081s][info][gc,cpu         ] GC(457) User=0.09s Sys=0.02s Real=0.01s
[2026-03-22T19:50:54.989+0900][5.088s][info][gc,start       ] GC(458) Pause Young (Allocation Failure)
[2026-03-22T19:50:54.994+0900][5.092s][info][gc,heap        ] GC(458) PSYoungGen: 116136K(116736K)->57600K(116736K) Eden: 58504K(58880K)->0K(58880K) From: 57632K(57856K)->57600K(57856K)
[2026-03-22T19:50:54.994+0900][5.092s][info][gc,heap        ] GC(458) ParOldGen: 245063K(349696K)->292263K(349696K)
[2026-03-22T19:50:54.994+0900][5.092s][info][gc,metaspace   ] GC(458) Metaspace: 341K(512K)->341K(512K) NonClass: 323K(384K)->323K(384K) Class: 17K(128K)->17K(128K)
[2026-03-22T19:50:54.994+0900][5.092s][info][gc             ] GC(458) Pause Young (Allocation Failure) 352M->341M(455M) 4.464ms
[2026-03-22T19:50:54.994+0900][5.092s][info][gc,cpu         ] GC(458) User=0.02s Sys=0.00s Real=0.00s
[2026-03-22T19:50:55.000+0900][5.099s][info][gc,start       ] GC(459) Pause Full (Ergonomics)
[2026-03-22T19:50:55.000+0900][5.099s][info][gc,phases,start] GC(459) Marking Phase
[2026-03-22T19:50:55.002+0900][5.101s][info][gc,phases      ] GC(459) Marking Phase 1.604ms
[2026-03-22T19:50:55.002+0900][5.101s][info][gc,phases,start] GC(459) Summary Phase
[2026-03-22T19:50:55.002+0900][5.101s][info][gc,phases      ] GC(459) Summary Phase 0.036ms
[2026-03-22T19:50:55.002+0900][5.101s][info][gc,phases,start] GC(459) Adjust Roots
[2026-03-22T19:50:55.002+0900][5.101s][info][gc,phases      ] GC(459) Adjust Roots 0.304ms
[2026-03-22T19:50:55.002+0900][5.101s][info][gc,phases,start] GC(459) Compaction Phase
[2026-03-22T19:50:55.007+0900][5.106s][info][gc,phases      ] GC(459) Compaction Phase 4.909ms
[2026-03-22T19:50:55.007+0900][5.106s][info][gc,phases,start] GC(459) Post Compact
[2026-03-22T19:50:55.008+0900][5.108s][info][gc,phases      ] GC(459) Post Compact 1.331ms
[2026-03-22T19:50:55.008+0900][5.108s][info][gc,heap        ] GC(459) PSYoungGen: 116104K(116736K)->0K(116736K) Eden: 58504K(58880K)->0K(58880K) From: 57600K(57856K)->0K(57856K)
[2026-03-22T19:50:55.008+0900][5.108s][info][gc,heap        ] GC(459) ParOldGen: 292263K(349696K)->103430K(349696K)
[2026-03-22T19:50:55.008+0900][5.108s][info][gc,metaspace   ] GC(459) Metaspace: 341K(512K)->341K(512K) NonClass: 323K(384K)->323K(384K) Class: 17K(128K)->17K(128K)
[2026-03-22T19:50:55.008+0900][5.108s][info][gc             ] GC(459) Pause Full (Ergonomics) 398M->101M(455M) 8.495ms
[2026-03-22T19:50:55.008+0900][5.108s][info][gc,cpu         ] GC(459) User=0.00s Sys=0.00s Real=0.01s
[2026-03-22T19:50:55.015+0900][5.115s][info][gc,start       ] GC(460) Pause Young (Allocation Failure)
[2026-03-22T19:50:55.019+0900][5.117s][info][gc,heap        ] GC(460) PSYoungGen: 58504K(116736K)->57632K(116736K) Eden: 58504K(58880K)->0K(58880K) From: 0K(57856K)->57632K(57856K)
[2026-03-22T19:50:55.019+0900][5.117s][info][gc,heap        ] GC(460) ParOldGen: 103430K(349696K)->103430K(349696K)
[2026-03-22T19:50:55.019+0900][5.117s][info][gc,metaspace   ] GC(460) Metaspace: 341K(512K)->341K(512K) NonClass: 323K(384K)->323K(384K) Class: 17K(128K)->17K(128K)
[2026-03-22T19:50:55.019+0900][5.117s][info][gc             ] GC(460) Pause Young (Allocation Failure) 158M->157M(455M) 2.897ms
[2026-03-22T19:50:55.019+0900][5.117s][info][gc,cpu         ] GC(460) User=0.00s Sys=0.00s Real=0.00s
[2026-03-22T19:50:55.025+0900][5.124s][info][gc,start       ] GC(461) Pause Young (Allocation Failure)
[2026-03-22T19:50:55.029+0900][5.128s][info][gc,heap        ] GC(461) PSYoungGen: 116136K(116736K)->57632K(116736K) Eden: 58504K(58880K)->0K(58880K) From: 57632K(57856K)->57632K(57856K)
[2026-03-22T19:50:55.029+0900][5.128s][info][gc,heap        ] GC(461) ParOldGen: 103430K(349696K)->150638K(349696K)
[2026-03-22T19:50:55.029+0900][5.128s][info][gc,metaspace   ] GC(461) Metaspace: 341K(512K)->341K(512K) NonClass: 323K(384K)->323K(384K) Class: 17K(128K)->17K(128K)
[2026-03-22T19:50:55.029+0900][5.128s][info][gc             ] GC(461) Pause Young (Allocation Failure) 214M->203M(455M) 4.440ms
[2026-03-22T19:50:55.029+0900][5.128s][info][gc,cpu         ] GC(461) User=0.02s Sys=0.00s Real=0.00s
[2026-03-22T19:50:55.035+0900][5.134s][info][gc,start       ] GC(462) Pause Young (Allocation Failure)
[2026-03-22T19:50:55.040+0900][5.138s][info][gc,heap        ] GC(462) PSYoungGen: 116136K(116736K)->57632K(116736K) Eden: 58504K(58880K)->0K(58880K) From: 57632K(57856K)->57632K(57856K)
[2026-03-22T19:50:55.040+0900][5.138s][info][gc,heap        ] GC(462) ParOldGen: 150638K(349696K)->197847K(349696K)
[2026-03-22T19:50:55.040+0900][5.138s][info][gc,metaspace   ] GC(462) Metaspace: 341K(512K)->341K(512K) NonClass: 323K(384K)->323K(384K) Class: 17K(128K)->17K(128K)
[2026-03-22T19:50:55.040+0900][5.138s][info][gc             ] GC(462) Pause Young (Allocation Failure) 260M->249M(455M) 4.206ms
[2026-03-22T19:50:55.040+0900][5.138s][info][gc,cpu         ] GC(462) User=0.00s Sys=0.00s Real=0.00s
[2026-03-22T19:50:55.045+0900][5.143s][info][gc,start       ] GC(463) Pause Young (Allocation Failure)
[2026-03-22T19:50:55.049+0900][5.147s][info][gc,heap        ] GC(463) PSYoungGen: 116136K(116736K)->57632K(116736K) Eden: 58504K(58880K)->0K(58880K) From: 57632K(57856K)->57632K(57856K)
[2026-03-22T19:50:55.049+0900][5.147s][info][gc,heap        ] GC(463) ParOldGen: 197847K(349696K)->245063K(349696K)
[2026-03-22T19:50:55.049+0900][5.148s][info][gc,metaspace   ] GC(463) Metaspace: 341K(512K)->341K(512K) NonClass: 323K(384K)->323K(384K) Class: 17K(128K)->17K(128K)
[2026-03-22T19:50:55.049+0900][5.148s][info][gc             ] GC(463) Pause Young (Allocation Failure) 306M->295M(455M) 4.109ms
[2026-03-22T19:50:55.049+0900][5.148s][info][gc,cpu         ] GC(463) User=0.00s Sys=0.00s Real=0.00s
[2026-03-22T19:50:55.055+0900][5.154s][info][gc,start       ] GC(464) Pause Young (Allocation Failure)
[2026-03-22T19:50:55.059+0900][5.158s][info][gc,heap        ] GC(464) PSYoungGen: 116136K(116736K)->57632K(116736K) Eden: 58504K(58880K)->0K(58880K) From: 57632K(57856K)->57632K(57856K)
[2026-03-22T19:50:55.059+0900][5.158s][info][gc,heap        ] GC(464) ParOldGen: 245063K(349696K)->292271K(349696K)
[2026-03-22T19:50:55.059+0900][5.158s][info][gc,metaspace   ] GC(464) Metaspace: 341K(512K)->341K(512K) NonClass: 323K(384K)->323K(384K) Class: 17K(128K)->17K(128K)
[2026-03-22T19:50:55.059+0900][5.158s][info][gc             ] GC(464) Pause Young (Allocation Failure) 352M->341M(455M) 4.034ms
[2026-03-22T19:50:55.059+0900][5.158s][info][gc,cpu         ] GC(464) User=0.12s Sys=0.00s Real=0.00s
[2026-03-22T19:50:55.065+0900][5.163s][info][gc,start       ] GC(465) Pause Full (Ergonomics)
[2026-03-22T19:50:55.065+0900][5.163s][info][gc,phases,start] GC(465) Marking Phase
[2026-03-22T19:50:55.066+0900][5.165s][info][gc,phases      ] GC(465) Marking Phase 1.678ms
[2026-03-22T19:50:55.066+0900][5.165s][info][gc,phases,start] GC(465) Summary Phase
[2026-03-22T19:50:55.066+0900][5.165s][info][gc,phases      ] GC(465) Summary Phase 0.034ms
[2026-03-22T19:50:55.066+0900][5.165s][info][gc,phases,start] GC(465) Adjust Roots
[2026-03-22T19:50:55.067+0900][5.165s][info][gc,phases      ] GC(465) Adjust Roots 0.273ms
[2026-03-22T19:50:55.067+0900][5.165s][info][gc,phases,start] GC(465) Compaction Phase
[2026-03-22T19:50:55.071+0900][5.170s][info][gc,phases      ] GC(465) Compaction Phase 4.654ms
[2026-03-22T19:50:55.071+0900][5.170s][info][gc,phases,start] GC(465) Post Compact
[2026-03-22T19:50:55.073+0900][5.171s][info][gc,phases      ] GC(465) Post Compact 1.249ms
[2026-03-22T19:50:55.073+0900][5.171s][info][gc,heap        ] GC(465) PSYoungGen: 116136K(116736K)->0K(116736K) Eden: 58504K(58880K)->0K(58880K) From: 57632K(57856K)->0K(57856K)
[2026-03-22T19:50:55.073+0900][5.171s][info][gc,heap        ] GC(465) ParOldGen: 292271K(349696K)->103430K(349696K)
[2026-03-22T19:50:55.073+0900][5.171s][info][gc,metaspace   ] GC(465) Metaspace: 341K(512K)->341K(512K) NonClass: 323K(384K)->323K(384K) Class: 17K(128K)->17K(128K)
[2026-03-22T19:50:55.073+0900][5.171s][info][gc             ] GC(465) Pause Full (Ergonomics) 398M->101M(455M) 8.165ms
[2026-03-22T19:50:55.073+0900][5.171s][info][gc,cpu         ] GC(465) User=0.00s Sys=0.00s Real=0.01s
[2026-03-22T19:50:55.079+0900][5.178s][info][gc,start       ] GC(466) Pause Young (Allocation Failure)
[2026-03-22T19:50:55.082+0900][5.180s][info][gc,heap        ] GC(466) PSYoungGen: 58504K(116736K)->57632K(116736K) Eden: 58504K(58880K)->0K(58880K) From: 0K(57856K)->57632K(57856K)
[2026-03-22T19:50:55.082+0900][5.181s][info][gc,heap        ] GC(466) ParOldGen: 103430K(349696K)->103430K(349696K)
[2026-03-22T19:50:55.082+0900][5.181s][info][gc,metaspace   ] GC(466) Metaspace: 341K(512K)->341K(512K) NonClass: 323K(384K)->323K(384K) Class: 17K(128K)->17K(128K)
[2026-03-22T19:50:55.082+0900][5.181s][info][gc             ] GC(466) Pause Young (Allocation Failure) 158M->157M(455M) 3.001ms
[2026-03-22T19:50:55.082+0900][5.181s][info][gc,cpu         ] GC(466) User=0.00s Sys=0.00s Real=0.00s
[2026-03-22T19:50:55.089+0900][5.187s][info][gc,start       ] GC(467) Pause Young (Allocation Failure)
[2026-03-22T19:50:55.093+0900][5.191s][info][gc,heap        ] GC(467) PSYoungGen: 116136K(116736K)->57632K(116736K) Eden: 58504K(58880K)->0K(58880K) From: 57632K(57856K)->57632K(57856K)
[2026-03-22T19:50:55.093+0900][5.191s][info][gc,heap        ] GC(467) ParOldGen: 103430K(349696K)->150638K(349696K)
[2026-03-22T19:50:55.093+0900][5.191s][info][gc,metaspace   ] GC(467) Metaspace: 341K(512K)->341K(512K) NonClass: 323K(384K)->323K(384K) Class: 17K(128K)->17K(128K)
[2026-03-22T19:50:55.093+0900][5.191s][info][gc             ] GC(467) Pause Young (Allocation Failure) 214M->203M(455M) 4.075ms
[2026-03-22T19:50:55.093+0900][5.191s][info][gc,cpu         ] GC(467) User=0.00s Sys=0.00s Real=0.00s
[2026-03-22T19:50:55.099+0900][5.197s][info][gc,start       ] GC(468) Pause Young (Allocation Failure)
[2026-03-22T19:50:55.102+0900][5.201s][info][gc,heap        ] GC(468) PSYoungGen: 116136K(116736K)->57632K(116736K) Eden: 58504K(58880K)->0K(58880K) From: 57632K(57856K)->57632K(57856K)
[2026-03-22T19:50:55.102+0900][5.201s][info][gc,heap        ] GC(468) ParOldGen: 150638K(349696K)->197847K(349696K)
[2026-03-22T19:50:55.102+0900][5.201s][info][gc,metaspace   ] GC(468) Metaspace: 341K(512K)->341K(512K) NonClass: 323K(384K)->323K(384K) Class: 17K(128K)->17K(128K)
[2026-03-22T19:50:55.102+0900][5.201s][info][gc             ] GC(468) Pause Young (Allocation Failure) 260M->249M(455M) 4.210ms
[2026-03-22T19:50:55.102+0900][5.201s][info][gc,cpu         ] GC(468) User=0.00s Sys=0.00s Real=0.00s
[2026-03-22T19:50:55.109+0900][5.208s][info][gc,start       ] GC(469) Pause Young (Allocation Failure)
[2026-03-22T19:50:55.113+0900][5.212s][info][gc,heap        ] GC(469) PSYoungGen: 116136K(116736K)->57600K(116736K) Eden: 58504K(58880K)->0K(58880K) From: 57632K(57856K)->57600K(57856K)
[2026-03-22T19:50:55.113+0900][5.212s][info][gc,heap        ] GC(469) ParOldGen: 197847K(349696K)->245063K(349696K)
[2026-03-22T19:50:55.113+0900][5.212s][info][gc,metaspace   ] GC(469) Metaspace: 341K(512K)->341K(512K) NonClass: 323K(384K)->323K(384K) Class: 17K(128K)->17K(128K)
[2026-03-22T19:50:55.113+0900][5.212s][info][gc             ] GC(469) Pause Young (Allocation Failure) 306M->295M(455M) 4.593ms
[2026-03-22T19:50:55.113+0900][5.212s][info][gc,cpu         ] GC(469) User=0.00s Sys=0.00s Real=0.00s
[2026-03-22T19:50:55.119+0900][5.219s][info][gc,start       ] GC(470) Pause Young (Allocation Failure)
[2026-03-22T19:50:55.125+0900][5.223s][info][gc,heap        ] GC(470) PSYoungGen: 116104K(116736K)->57632K(116736K) Eden: 58504K(58880K)->0K(58880K) From: 57600K(57856K)->57632K(57856K)
[2026-03-22T19:50:55.125+0900][5.223s][info][gc,heap        ] GC(470) ParOldGen: 245063K(349696K)->292271K(349696K)
[2026-03-22T19:50:55.125+0900][5.223s][info][gc,metaspace   ] GC(470) Metaspace: 341K(512K)->341K(512K) NonClass: 323K(384K)->323K(384K) Class: 17K(128K)->17K(128K)
[2026-03-22T19:50:55.125+0900][5.223s][info][gc             ] GC(470) Pause Young (Allocation Failure) 352M->341M(455M) 4.264ms
[2026-03-22T19:50:55.125+0900][5.223s][info][gc,cpu         ] GC(470) User=0.00s Sys=0.00s Real=0.01s
[2026-03-22T19:50:55.130+0900][5.229s][info][gc,start       ] GC(471) Pause Full (Ergonomics)
[2026-03-22T19:50:55.130+0900][5.229s][info][gc,phases,start] GC(471) Marking Phase
[2026-03-22T19:50:55.131+0900][5.230s][info][gc,phases      ] GC(471) Marking Phase 1.287ms
[2026-03-22T19:50:55.131+0900][5.231s][info][gc,phases,start] GC(471) Summary Phase
[2026-03-22T19:50:55.131+0900][5.231s][info][gc,phases      ] GC(471) Summary Phase 0.019ms
[2026-03-22T19:50:55.132+0900][5.231s][info][gc,phases,start] GC(471) Adjust Roots
[2026-03-22T19:50:55.132+0900][5.231s][info][gc,phases      ] GC(471) Adjust Roots 0.231ms
[2026-03-22T19:50:55.132+0900][5.231s][info][gc,phases,start] GC(471) Compaction Phase
[2026-03-22T19:50:55.137+0900][5.236s][info][gc,phases      ] GC(471) Compaction Phase 4.836ms
[2026-03-22T19:50:55.137+0900][5.236s][info][gc,phases,start] GC(471) Post Compact
[2026-03-22T19:50:55.138+0900][5.237s][info][gc,phases      ] GC(471) Post Compact 1.434ms
[2026-03-22T19:50:55.138+0900][5.237s][info][gc,heap        ] GC(471) PSYoungGen: 116136K(116736K)->0K(116736K) Eden: 58504K(58880K)->0K(58880K) From: 57632K(57856K)->0K(57856K)
[2026-03-22T19:50:55.138+0900][5.237s][info][gc,heap        ] GC(471) ParOldGen: 292271K(349696K)->103430K(349696K)
[2026-03-22T19:50:55.138+0900][5.237s][info][gc,metaspace   ] GC(471) Metaspace: 341K(512K)->341K(512K) NonClass: 323K(384K)->323K(384K) Class: 17K(128K)->17K(128K)
[2026-03-22T19:50:55.138+0900][5.237s][info][gc             ] GC(471) Pause Full (Ergonomics) 398M->101M(455M) 8.070ms
[2026-03-22T19:50:55.138+0900][5.237s][info][gc,cpu         ] GC(471) User=0.12s Sys=0.00s Real=0.01s
[2026-03-22T19:50:55.144+0900][5.243s][info][gc,start       ] GC(472) Pause Young (Allocation Failure)
[2026-03-22T19:50:55.147+0900][5.246s][info][gc,heap        ] GC(472) PSYoungGen: 58504K(116736K)->57632K(116736K) Eden: 58504K(58880K)->0K(58880K) From: 0K(57856K)->57632K(57856K)
[2026-03-22T19:50:55.147+0900][5.246s][info][gc,heap        ] GC(472) ParOldGen: 103430K(349696K)->103430K(349696K)
[2026-03-22T19:50:55.147+0900][5.246s][info][gc,metaspace   ] GC(472) Metaspace: 341K(512K)->341K(512K) NonClass: 323K(384K)->323K(384K) Class: 17K(128K)->17K(128K)
[2026-03-22T19:50:55.147+0900][5.246s][info][gc             ] GC(472) Pause Young (Allocation Failure) 158M->157M(455M) 2.683ms
[2026-03-22T19:50:55.147+0900][5.246s][info][gc,cpu         ] GC(472) User=0.00s Sys=0.00s Real=0.00s
[2026-03-22T19:50:55.152+0900][5.252s][info][gc,start       ] GC(473) Pause Young (Allocation Failure)
[2026-03-22T19:50:55.157+0900][5.255s][info][gc,heap        ] GC(473) PSYoungGen: 116136K(116736K)->57632K(116736K) Eden: 58504K(58880K)->0K(58880K) From: 57632K(57856K)->57632K(57856K)
[2026-03-22T19:50:55.157+0900][5.256s][info][gc,heap        ] GC(473) ParOldGen: 103430K(349696K)->150638K(349696K)
[2026-03-22T19:50:55.157+0900][5.256s][info][gc,metaspace   ] GC(473) Metaspace: 341K(512K)->341K(512K) NonClass: 323K(384K)->323K(384K) Class: 17K(128K)->17K(128K)
[2026-03-22T19:50:55.157+0900][5.256s][info][gc             ] GC(473) Pause Young (Allocation Failure) 214M->203M(455M) 3.982ms
[2026-03-22T19:50:55.157+0900][5.256s][info][gc,cpu         ] GC(473) User=0.00s Sys=0.00s Real=0.01s
[2026-03-22T19:50:55.163+0900][5.261s][info][gc,start       ] GC(474) Pause Young (Allocation Failure)
[2026-03-22T19:50:55.167+0900][5.265s][info][gc,heap        ] GC(474) PSYoungGen: 116136K(116736K)->57632K(116736K) Eden: 58504K(58880K)->0K(58880K) From: 57632K(57856K)->57632K(57856K)
[2026-03-22T19:50:55.167+0900][5.265s][info][gc,heap        ] GC(474) ParOldGen: 150638K(349696K)->197847K(349696K)
[2026-03-22T19:50:55.167+0900][5.265s][info][gc,metaspace   ] GC(474) Metaspace: 341K(512K)->341K(512K) NonClass: 323K(384K)->323K(384K) Class: 17K(128K)->17K(128K)
[2026-03-22T19:50:55.167+0900][5.265s][info][gc             ] GC(474) Pause Young (Allocation Failure) 260M->249M(455M) 4.122ms
[2026-03-22T19:50:55.167+0900][5.265s][info][gc,cpu         ] GC(474) User=0.09s Sys=0.00s Real=0.00s
[2026-03-22T19:50:55.173+0900][5.272s][info][gc,start       ] GC(475) Pause Young (Allocation Failure)
[2026-03-22T19:50:55.178+0900][5.276s][info][gc,heap        ] GC(475) PSYoungGen: 116136K(116736K)->57632K(116736K) Eden: 58504K(58880K)->0K(58880K) From: 57632K(57856K)->57632K(57856K)
[2026-03-22T19:50:55.178+0900][5.277s][info][gc,heap        ] GC(475) ParOldGen: 197847K(349696K)->245063K(349696K)
[2026-03-22T19:50:55.178+0900][5.277s][info][gc,metaspace   ] GC(475) Metaspace: 341K(512K)->341K(512K) NonClass: 323K(384K)->323K(384K) Class: 17K(128K)->17K(128K)
[2026-03-22T19:50:55.178+0900][5.277s][info][gc             ] GC(475) Pause Young (Allocation Failure) 306M->295M(455M) 4.875ms
[2026-03-22T19:50:55.178+0900][5.277s][info][gc,cpu         ] GC(475) User=0.00s Sys=0.00s Real=0.00s
[2026-03-22T19:50:55.184+0900][5.283s][info][gc,start       ] GC(476) Pause Young (Allocation Failure)
[2026-03-22T19:50:55.189+0900][5.287s][info][gc,heap        ] GC(476) PSYoungGen: 116136K(116736K)->57600K(116736K) Eden: 58504K(58880K)->0K(58880K) From: 57632K(57856K)->57600K(57856K)
[2026-03-22T19:50:55.189+0900][5.287s][info][gc,heap        ] GC(476) ParOldGen: 245063K(349696K)->292263K(349696K)
[2026-03-22T19:50:55.189+0900][5.287s][info][gc,metaspace   ] GC(476) Metaspace: 341K(512K)->341K(512K) NonClass: 323K(384K)->323K(384K) Class: 17K(128K)->17K(128K)
[2026-03-22T19:50:55.189+0900][5.287s][info][gc             ] GC(476) Pause Young (Allocation Failure) 352M->341M(455M) 4.741ms
[2026-03-22T19:50:55.189+0900][5.287s][info][gc,cpu         ] GC(476) User=0.00s Sys=0.00s Real=0.00s
[2026-03-22T19:50:55.195+0900][5.293s][info][gc,start       ] GC(477) Pause Full (Ergonomics)
[2026-03-22T19:50:55.195+0900][5.293s][info][gc,phases,start] GC(477) Marking Phase
[2026-03-22T19:50:55.197+0900][5.295s][info][gc,phases      ] GC(477) Marking Phase 1.644ms
[2026-03-22T19:50:55.197+0900][5.295s][info][gc,phases,start] GC(477) Summary Phase
[2026-03-22T19:50:55.197+0900][5.295s][info][gc,phases      ] GC(477) Summary Phase 0.038ms
[2026-03-22T19:50:55.197+0900][5.295s][info][gc,phases,start] GC(477) Adjust Roots
[2026-03-22T19:50:55.197+0900][5.295s][info][gc,phases      ] GC(477) Adjust Roots 0.313ms
[2026-03-22T19:50:55.197+0900][5.295s][info][gc,phases,start] GC(477) Compaction Phase
[2026-03-22T19:50:55.202+0900][5.300s][info][gc,phases      ] GC(477) Compaction Phase 4.887ms
[2026-03-22T19:50:55.202+0900][5.300s][info][gc,phases,start] GC(477) Post Compact
[2026-03-22T19:50:55.203+0900][5.302s][info][gc,phases      ] GC(477) Post Compact 1.540ms
[2026-03-22T19:50:55.203+0900][5.302s][info][gc,heap        ] GC(477) PSYoungGen: 116104K(116736K)->0K(116736K) Eden: 58504K(58880K)->0K(58880K) From: 57600K(57856K)->0K(57856K)
[2026-03-22T19:50:55.203+0900][5.302s][info][gc,heap        ] GC(477) ParOldGen: 292263K(349696K)->103430K(349696K)
[2026-03-22T19:50:55.203+0900][5.302s][info][gc,metaspace   ] GC(477) Metaspace: 341K(512K)->341K(512K) NonClass: 323K(384K)->323K(384K) Class: 17K(128K)->17K(128K)
[2026-03-22T19:50:55.203+0900][5.302s][info][gc             ] GC(477) Pause Full (Ergonomics) 398M->101M(455M) 8.858ms
[2026-03-22T19:50:55.203+0900][5.302s][info][gc,cpu         ] GC(477) User=0.02s Sys=0.00s Real=0.01s
[2026-03-22T19:50:55.209+0900][5.308s][info][gc,start       ] GC(478) Pause Young (Allocation Failure)
[2026-03-22T19:50:55.212+0900][5.311s][info][gc,heap        ] GC(478) PSYoungGen: 58504K(116736K)->57632K(116736K) Eden: 58504K(58880K)->0K(58880K) From: 0K(57856K)->57632K(57856K)
[2026-03-22T19:50:55.212+0900][5.311s][info][gc,heap        ] GC(478) ParOldGen: 103430K(349696K)->103430K(349696K)
[2026-03-22T19:50:55.212+0900][5.311s][info][gc,metaspace   ] GC(478) Metaspace: 341K(512K)->341K(512K) NonClass: 323K(384K)->323K(384K) Class: 17K(128K)->17K(128K)
[2026-03-22T19:50:55.212+0900][5.311s][info][gc             ] GC(478) Pause Young (Allocation Failure) 158M->157M(455M) 2.970ms
[2026-03-22T19:50:55.212+0900][5.311s][info][gc,cpu         ] GC(478) User=0.00s Sys=0.00s Real=0.00s
[2026-03-22T19:50:55.219+0900][5.318s][info][gc,start       ] GC(479) Pause Young (Allocation Failure)
[2026-03-22T19:50:55.227+0900][5.326s][info][gc,heap        ] GC(479) PSYoungGen: 116136K(116736K)->57632K(116736K) Eden: 58504K(58880K)->0K(58880K) From: 57632K(57856K)->57632K(57856K)
[2026-03-22T19:50:55.228+0900][5.326s][info][gc,heap        ] GC(479) ParOldGen: 103430K(349696K)->150638K(349696K)
[2026-03-22T19:50:55.228+0900][5.326s][info][gc,metaspace   ] GC(479) Metaspace: 341K(512K)->341K(512K) NonClass: 323K(384K)->323K(384K) Class: 17K(128K)->17K(128K)
[2026-03-22T19:50:55.228+0900][5.326s][info][gc             ] GC(479) Pause Young (Allocation Failure) 214M->203M(455M) 8.626ms
[2026-03-22T19:50:55.228+0900][5.326s][info][gc,cpu         ] GC(479) User=0.00s Sys=0.00s Real=0.01s
[2026-03-22T19:50:55.233+0900][5.332s][info][gc,start       ] GC(480) Pause Young (Allocation Failure)
[2026-03-22T19:50:55.238+0900][5.336s][info][gc,heap        ] GC(480) PSYoungGen: 116136K(116736K)->57632K(116736K) Eden: 58504K(58880K)->0K(58880K) From: 57632K(57856K)->57632K(57856K)
[2026-03-22T19:50:55.238+0900][5.337s][info][gc,heap        ] GC(480) ParOldGen: 150638K(349696K)->197847K(349696K)
[2026-03-22T19:50:55.238+0900][5.337s][info][gc,metaspace   ] GC(480) Metaspace: 341K(512K)->341K(512K) NonClass: 323K(384K)->323K(384K) Class: 17K(128K)->17K(128K)
[2026-03-22T19:50:55.238+0900][5.337s][info][gc             ] GC(480) Pause Young (Allocation Failure) 260M->249M(455M) 4.221ms
[2026-03-22T19:50:55.238+0900][5.337s][info][gc,cpu         ] GC(480) User=0.00s Sys=0.00s Real=0.00s
[2026-03-22T19:50:55.245+0900][5.344s][info][gc,start       ] GC(481) Pause Young (Allocation Failure)
[2026-03-22T19:50:55.250+0900][5.348s][info][gc,heap        ] GC(481) PSYoungGen: 116136K(116736K)->57632K(116736K) Eden: 58504K(58880K)->0K(58880K) From: 57632K(57856K)->57632K(57856K)
[2026-03-22T19:50:55.250+0900][5.348s][info][gc,heap        ] GC(481) ParOldGen: 197847K(349696K)->245063K(349696K)
[2026-03-22T19:50:55.250+0900][5.348s][info][gc,metaspace   ] GC(481) Metaspace: 341K(512K)->341K(512K) NonClass: 323K(384K)->323K(384K) Class: 17K(128K)->17K(128K)
[2026-03-22T19:50:55.250+0900][5.348s][info][gc             ] GC(481) Pause Young (Allocation Failure) 306M->295M(455M) 4.629ms
[2026-03-22T19:50:55.250+0900][5.348s][info][gc,cpu         ] GC(481) User=0.00s Sys=0.00s Real=0.01s
[2026-03-22T19:50:55.257+0900][5.355s][info][gc,start       ] GC(482) Pause Young (Allocation Failure)
[2026-03-22T19:50:55.261+0900][5.359s][info][gc,heap        ] GC(482) PSYoungGen: 116136K(116736K)->57632K(116736K) Eden: 58504K(58880K)->0K(58880K) From: 57632K(57856K)->57632K(57856K)
[2026-03-22T19:50:55.261+0900][5.359s][info][gc,heap        ] GC(482) ParOldGen: 245063K(349696K)->292271K(349696K)
[2026-03-22T19:50:55.261+0900][5.359s][info][gc,metaspace   ] GC(482) Metaspace: 341K(512K)->341K(512K) NonClass: 323K(384K)->323K(384K) Class: 17K(128K)->17K(128K)
[2026-03-22T19:50:55.261+0900][5.359s][info][gc             ] GC(482) Pause Young (Allocation Failure) 352M->341M(455M) 4.208ms
[2026-03-22T19:50:55.261+0900][5.359s][info][gc,cpu         ] GC(482) User=0.11s Sys=0.00s Real=0.00s
[2026-03-22T19:50:55.267+0900][5.365s][info][gc,start       ] GC(483) Pause Full (Ergonomics)
[2026-03-22T19:50:55.267+0900][5.365s][info][gc,phases,start] GC(483) Marking Phase
[2026-03-22T19:50:55.268+0900][5.367s][info][gc,phases      ] GC(483) Marking Phase 1.644ms
[2026-03-22T19:50:55.268+0900][5.367s][info][gc,phases,start] GC(483) Summary Phase
[2026-03-22T19:50:55.268+0900][5.367s][info][gc,phases      ] GC(483) Summary Phase 0.034ms
[2026-03-22T19:50:55.268+0900][5.367s][info][gc,phases,start] GC(483) Adjust Roots
[2026-03-22T19:50:55.268+0900][5.367s][info][gc,phases      ] GC(483) Adjust Roots 0.286ms
[2026-03-22T19:50:55.268+0900][5.367s][info][gc,phases,start] GC(483) Compaction Phase
[2026-03-22T19:50:55.273+0900][5.372s][info][gc,phases      ] GC(483) Compaction Phase 4.794ms
[2026-03-22T19:50:55.273+0900][5.372s][info][gc,phases,start] GC(483) Post Compact
[2026-03-22T19:50:55.274+0900][5.373s][info][gc,phases      ] GC(483) Post Compact 1.276ms
[2026-03-22T19:50:55.274+0900][5.373s][info][gc,heap        ] GC(483) PSYoungGen: 116136K(116736K)->0K(116736K) Eden: 58504K(58880K)->0K(58880K) From: 57632K(57856K)->0K(57856K)
[2026-03-22T19:50:55.274+0900][5.373s][info][gc,heap        ] GC(483) ParOldGen: 292271K(349696K)->103430K(349696K)
[2026-03-22T19:50:55.274+0900][5.373s][info][gc,metaspace   ] GC(483) Metaspace: 341K(512K)->341K(512K) NonClass: 323K(384K)->323K(384K) Class: 17K(128K)->17K(128K)
[2026-03-22T19:50:55.274+0900][5.373s][info][gc             ] GC(483) Pause Full (Ergonomics) 398M->101M(455M) 8.327ms
[2026-03-22T19:50:55.275+0900][5.373s][info][gc,cpu         ] GC(483) User=0.00s Sys=0.00s Real=0.01s
[2026-03-22T19:50:55.282+0900][5.381s][info][gc,start       ] GC(484) Pause Young (Allocation Failure)
[2026-03-22T19:50:55.285+0900][5.384s][info][gc,heap        ] GC(484) PSYoungGen: 58504K(116736K)->57632K(116736K) Eden: 58504K(58880K)->0K(58880K) From: 0K(57856K)->57632K(57856K)
[2026-03-22T19:50:55.285+0900][5.384s][info][gc,heap        ] GC(484) ParOldGen: 103430K(349696K)->103430K(349696K)
[2026-03-22T19:50:55.285+0900][5.384s][info][gc,metaspace   ] GC(484) Metaspace: 341K(512K)->341K(512K) NonClass: 323K(384K)->323K(384K) Class: 17K(128K)->17K(128K)
[2026-03-22T19:50:55.285+0900][5.384s][info][gc             ] GC(484) Pause Young (Allocation Failure) 158M->157M(455M) 3.038ms
[2026-03-22T19:50:55.285+0900][5.384s][info][gc,cpu         ] GC(484) User=0.00s Sys=0.00s Real=0.00s
[2026-03-22T19:50:55.291+0900][5.390s][info][gc,start       ] GC(485) Pause Young (Allocation Failure)
[2026-03-22T19:50:55.296+0900][5.395s][info][gc,heap        ] GC(485) PSYoungGen: 116136K(116736K)->57632K(116736K) Eden: 58504K(58880K)->0K(58880K) From: 57632K(57856K)->57632K(57856K)
[2026-03-22T19:50:55.296+0900][5.395s][info][gc,heap        ] GC(485) ParOldGen: 103430K(349696K)->150638K(349696K)
[2026-03-22T19:50:55.296+0900][5.395s][info][gc,metaspace   ] GC(485) Metaspace: 341K(512K)->341K(512K) NonClass: 323K(384K)->323K(384K) Class: 17K(128K)->17K(128K)
[2026-03-22T19:50:55.296+0900][5.395s][info][gc             ] GC(485) Pause Young (Allocation Failure) 214M->203M(455M) 4.936ms
[2026-03-22T19:50:55.296+0900][5.395s][info][gc,cpu         ] GC(485) User=0.00s Sys=0.00s Real=0.01s
[2026-03-22T19:50:55.302+0900][5.401s][info][gc,start       ] GC(486) Pause Young (Allocation Failure)
[2026-03-22T19:50:55.306+0900][5.405s][info][gc,heap        ] GC(486) PSYoungGen: 116136K(116736K)->57632K(116736K) Eden: 58504K(58880K)->0K(58880K) From: 57632K(57856K)->57632K(57856K)
[2026-03-22T19:50:55.306+0900][5.405s][info][gc,heap        ] GC(486) ParOldGen: 150638K(349696K)->197847K(349696K)
[2026-03-22T19:50:55.306+0900][5.405s][info][gc,metaspace   ] GC(486) Metaspace: 341K(512K)->341K(512K) NonClass: 323K(384K)->323K(384K) Class: 17K(128K)->17K(128K)
[2026-03-22T19:50:55.306+0900][5.405s][info][gc             ] GC(486) Pause Young (Allocation Failure) 260M->249M(455M) 4.036ms
[2026-03-22T19:50:55.306+0900][5.405s][info][gc,cpu         ] GC(486) User=0.00s Sys=0.00s Real=0.00s
[2026-03-22T19:50:55.312+0900][5.411s][info][gc,start       ] GC(487) Pause Young (Allocation Failure)
[2026-03-22T19:50:55.316+0900][5.415s][info][gc,heap        ] GC(487) PSYoungGen: 116136K(116736K)->57632K(116736K) Eden: 58504K(58880K)->0K(58880K) From: 57632K(57856K)->57632K(57856K)
[2026-03-22T19:50:55.316+0900][5.415s][info][gc,heap        ] GC(487) ParOldGen: 197847K(349696K)->245063K(349696K)
[2026-03-22T19:50:55.316+0900][5.415s][info][gc,metaspace   ] GC(487) Metaspace: 341K(512K)->341K(512K) NonClass: 323K(384K)->323K(384K) Class: 17K(128K)->17K(128K)
[2026-03-22T19:50:55.316+0900][5.415s][info][gc             ] GC(487) Pause Young (Allocation Failure) 306M->295M(455M) 4.286ms
[2026-03-22T19:50:55.316+0900][5.415s][info][gc,cpu         ] GC(487) User=0.00s Sys=0.00s Real=0.00s
[2026-03-22T19:50:55.322+0900][5.421s][info][gc,start       ] GC(488) Pause Young (Allocation Failure)
[2026-03-22T19:50:55.327+0900][5.426s][info][gc,heap        ] GC(488) PSYoungGen: 116136K(116736K)->57632K(116736K) Eden: 58504K(58880K)->0K(58880K) From: 57632K(57856K)->57632K(57856K)
[2026-03-22T19:50:55.327+0900][5.426s][info][gc,heap        ] GC(488) ParOldGen: 245063K(349696K)->292271K(349696K)
[2026-03-22T19:50:55.327+0900][5.426s][info][gc,metaspace   ] GC(488) Metaspace: 341K(512K)->341K(512K) NonClass: 323K(384K)->323K(384K) Class: 17K(128K)->17K(128K)
[2026-03-22T19:50:55.327+0900][5.426s][info][gc             ] GC(488) Pause Young (Allocation Failure) 352M->341M(455M) 4.348ms
[2026-03-22T19:50:55.327+0900][5.426s][info][gc,cpu         ] GC(488) User=0.00s Sys=0.00s Real=0.00s
[2026-03-22T19:50:55.333+0900][5.432s][info][gc,start       ] GC(489) Pause Full (Ergonomics)
[2026-03-22T19:50:55.333+0900][5.432s][info][gc,phases,start] GC(489) Marking Phase
[2026-03-22T19:50:55.334+0900][5.433s][info][gc,phases      ] GC(489) Marking Phase 1.401ms
[2026-03-22T19:50:55.334+0900][5.433s][info][gc,phases,start] GC(489) Summary Phase
[2026-03-22T19:50:55.334+0900][5.433s][info][gc,phases      ] GC(489) Summary Phase 0.020ms
[2026-03-22T19:50:55.334+0900][5.433s][info][gc,phases,start] GC(489) Adjust Roots
[2026-03-22T19:50:55.335+0900][5.433s][info][gc,phases      ] GC(489) Adjust Roots 0.291ms
[2026-03-22T19:50:55.335+0900][5.433s][info][gc,phases,start] GC(489) Compaction Phase
[2026-03-22T19:50:55.340+0900][5.438s][info][gc,phases      ] GC(489) Compaction Phase 5.063ms
[2026-03-22T19:50:55.340+0900][5.438s][info][gc,phases,start] GC(489) Post Compact
[2026-03-22T19:50:55.341+0900][5.440s][info][gc,phases      ] GC(489) Post Compact 1.262ms
[2026-03-22T19:50:55.341+0900][5.440s][info][gc,heap        ] GC(489) PSYoungGen: 116136K(116736K)->0K(116736K) Eden: 58504K(58880K)->0K(58880K) From: 57632K(57856K)->0K(57856K)
[2026-03-22T19:50:55.341+0900][5.440s][info][gc,heap        ] GC(489) ParOldGen: 292271K(349696K)->103430K(349696K)
[2026-03-22T19:50:55.341+0900][5.440s][info][gc,metaspace   ] GC(489) Metaspace: 341K(512K)->341K(512K) NonClass: 323K(384K)->323K(384K) Class: 17K(128K)->17K(128K)
[2026-03-22T19:50:55.341+0900][5.440s][info][gc             ] GC(489) Pause Full (Ergonomics) 398M->101M(455M) 8.297ms
[2026-03-22T19:50:55.341+0900][5.440s][info][gc,cpu         ] GC(489) User=0.12s Sys=0.00s Real=0.01s
[2026-03-22T19:50:55.347+0900][5.446s][info][gc,start       ] GC(490) Pause Young (Allocation Failure)
[2026-03-22T19:50:55.350+0900][5.449s][info][gc,heap        ] GC(490) PSYoungGen: 58504K(116736K)->57632K(116736K) Eden: 58504K(58880K)->0K(58880K) From: 0K(57856K)->57632K(57856K)
[2026-03-22T19:50:55.350+0900][5.449s][info][gc,heap        ] GC(490) ParOldGen: 103430K(349696K)->103430K(349696K)
[2026-03-22T19:50:55.350+0900][5.449s][info][gc,metaspace   ] GC(490) Metaspace: 341K(512K)->341K(512K) NonClass: 323K(384K)->323K(384K) Class: 17K(128K)->17K(128K)
[2026-03-22T19:50:55.350+0900][5.449s][info][gc             ] GC(490) Pause Young (Allocation Failure) 158M->157M(455M) 2.705ms
[2026-03-22T19:50:55.350+0900][5.449s][info][gc,cpu         ] GC(490) User=0.00s Sys=0.00s Real=0.00s
[2026-03-22T19:50:55.355+0900][5.454s][info][gc,start       ] GC(491) Pause Young (Allocation Failure)
[2026-03-22T19:50:55.360+0900][5.458s][info][gc,heap        ] GC(491) PSYoungGen: 116136K(116736K)->57632K(116736K) Eden: 58504K(58880K)->0K(58880K) From: 57632K(57856K)->57632K(57856K)
[2026-03-22T19:50:55.360+0900][5.459s][info][gc,heap        ] GC(491) ParOldGen: 103430K(349696K)->150638K(349696K)
[2026-03-22T19:50:55.360+0900][5.459s][info][gc,metaspace   ] GC(491) Metaspace: 341K(512K)->341K(512K) NonClass: 323K(384K)->323K(384K) Class: 17K(128K)->17K(128K)
[2026-03-22T19:50:55.360+0900][5.459s][info][gc             ] GC(491) Pause Young (Allocation Failure) 214M->203M(455M) 4.626ms
[2026-03-22T19:50:55.360+0900][5.459s][info][gc,cpu         ] GC(491) User=0.00s Sys=0.00s Real=0.00s
[2026-03-22T19:50:55.366+0900][5.464s][info][gc,start       ] GC(492) Pause Young (Allocation Failure)
[2026-03-22T19:50:55.370+0900][5.468s][info][gc,heap        ] GC(492) PSYoungGen: 116136K(116736K)->57632K(116736K) Eden: 58504K(58880K)->0K(58880K) From: 57632K(57856K)->57632K(57856K)
[2026-03-22T19:50:55.370+0900][5.468s][info][gc,heap        ] GC(492) ParOldGen: 150638K(349696K)->197847K(349696K)
[2026-03-22T19:50:55.370+0900][5.468s][info][gc,metaspace   ] GC(492) Metaspace: 341K(512K)->341K(512K) NonClass: 323K(384K)->323K(384K) Class: 17K(128K)->17K(128K)
[2026-03-22T19:50:55.370+0900][5.468s][info][gc             ] GC(492) Pause Young (Allocation Failure) 260M->249M(455M) 4.090ms
[2026-03-22T19:50:55.370+0900][5.468s][info][gc,cpu         ] GC(492) User=0.11s Sys=0.02s Real=0.00s
[2026-03-22T19:50:55.377+0900][5.475s][info][gc,start       ] GC(493) Pause Young (Allocation Failure)
[2026-03-22T19:50:55.381+0900][5.480s][info][gc,heap        ] GC(493) PSYoungGen: 116136K(116736K)->57632K(116736K) Eden: 58504K(58880K)->0K(58880K) From: 57632K(57856K)->57632K(57856K)
[2026-03-22T19:50:55.382+0900][5.480s][info][gc,heap        ] GC(493) ParOldGen: 197847K(349696K)->245063K(349696K)
[2026-03-22T19:50:55.382+0900][5.480s][info][gc,metaspace   ] GC(493) Metaspace: 341K(512K)->341K(512K) NonClass: 323K(384K)->323K(384K) Class: 17K(128K)->17K(128K)
[2026-03-22T19:50:55.382+0900][5.480s][info][gc             ] GC(493) Pause Young (Allocation Failure) 306M->295M(455M) 4.810ms
[2026-03-22T19:50:55.382+0900][5.480s][info][gc,cpu         ] GC(493) User=0.00s Sys=0.00s Real=0.00s
[2026-03-22T19:50:55.389+0900][5.487s][info][gc,start       ] GC(494) Pause Young (Allocation Failure)
[2026-03-22T19:50:55.393+0900][5.491s][info][gc,heap        ] GC(494) PSYoungGen: 116136K(116736K)->57632K(116736K) Eden: 58504K(58880K)->0K(58880K) From: 57632K(57856K)->57632K(57856K)
[2026-03-22T19:50:55.393+0900][5.491s][info][gc,heap        ] GC(494) ParOldGen: 245063K(349696K)->292271K(349696K)
[2026-03-22T19:50:55.393+0900][5.491s][info][gc,metaspace   ] GC(494) Metaspace: 341K(512K)->341K(512K) NonClass: 323K(384K)->323K(384K) Class: 17K(128K)->17K(128K)
[2026-03-22T19:50:55.393+0900][5.491s][info][gc             ] GC(494) Pause Young (Allocation Failure) 352M->341M(455M) 4.521ms
[2026-03-22T19:50:55.393+0900][5.491s][info][gc,cpu         ] GC(494) User=0.00s Sys=0.00s Real=0.00s
[2026-03-22T19:50:55.399+0900][5.497s][info][gc,start       ] GC(495) Pause Full (Ergonomics)
[2026-03-22T19:50:55.399+0900][5.497s][info][gc,phases,start] GC(495) Marking Phase
[2026-03-22T19:50:55.400+0900][5.499s][info][gc,phases      ] GC(495) Marking Phase 1.635ms
[2026-03-22T19:50:55.400+0900][5.499s][info][gc,phases,start] GC(495) Summary Phase
[2026-03-22T19:50:55.400+0900][5.499s][info][gc,phases      ] GC(495) Summary Phase 0.034ms
[2026-03-22T19:50:55.400+0900][5.499s][info][gc,phases,start] GC(495) Adjust Roots
[2026-03-22T19:50:55.401+0900][5.499s][info][gc,phases      ] GC(495) Adjust Roots 0.270ms
[2026-03-22T19:50:55.401+0900][5.499s][info][gc,phases,start] GC(495) Compaction Phase
[2026-03-22T19:50:55.405+0900][5.504s][info][gc,phases      ] GC(495) Compaction Phase 4.989ms
[2026-03-22T19:50:55.405+0900][5.504s][info][gc,phases,start] GC(495) Post Compact
[2026-03-22T19:50:55.407+0900][5.505s][info][gc,phases      ] GC(495) Post Compact 1.278ms
[2026-03-22T19:50:55.407+0900][5.505s][info][gc,heap        ] GC(495) PSYoungGen: 116136K(116736K)->0K(116736K) Eden: 58504K(58880K)->0K(58880K) From: 57632K(57856K)->0K(57856K)
[2026-03-22T19:50:55.407+0900][5.505s][info][gc,heap        ] GC(495) ParOldGen: 292271K(349696K)->103430K(349696K)
[2026-03-22T19:50:55.407+0900][5.505s][info][gc,metaspace   ] GC(495) Metaspace: 341K(512K)->341K(512K) NonClass: 323K(384K)->323K(384K) Class: 17K(128K)->17K(128K)
[2026-03-22T19:50:55.407+0900][5.505s][info][gc             ] GC(495) Pause Full (Ergonomics) 398M->101M(455M) 8.508ms
[2026-03-22T19:50:55.407+0900][5.505s][info][gc,cpu         ] GC(495) User=0.00s Sys=0.02s Real=0.01s
[2026-03-22T19:50:55.413+0900][5.512s][info][gc,start       ] GC(496) Pause Young (Allocation Failure)
[2026-03-22T19:50:55.416+0900][5.515s][info][gc,heap        ] GC(496) PSYoungGen: 58504K(116736K)->57632K(116736K) Eden: 58504K(58880K)->0K(58880K) From: 0K(57856K)->57632K(57856K)
[2026-03-22T19:50:55.416+0900][5.515s][info][gc,heap        ] GC(496) ParOldGen: 103430K(349696K)->103430K(349696K)
[2026-03-22T19:50:55.416+0900][5.515s][info][gc,metaspace   ] GC(496) Metaspace: 341K(512K)->341K(512K) NonClass: 323K(384K)->323K(384K) Class: 17K(128K)->17K(128K)
[2026-03-22T19:50:55.416+0900][5.515s][info][gc             ] GC(496) Pause Young (Allocation Failure) 158M->157M(455M) 2.697ms
[2026-03-22T19:50:55.416+0900][5.515s][info][gc,cpu         ] GC(496) User=0.00s Sys=0.00s Real=0.00s
[2026-03-22T19:50:55.421+0900][5.520s][info][gc,start       ] GC(497) Pause Young (Allocation Failure)
[2026-03-22T19:50:55.425+0900][5.524s][info][gc,heap        ] GC(497) PSYoungGen: 116136K(116736K)->57632K(116736K) Eden: 58504K(58880K)->0K(58880K) From: 57632K(57856K)->57632K(57856K)
[2026-03-22T19:50:55.425+0900][5.524s][info][gc,heap        ] GC(497) ParOldGen: 103430K(349696K)->150638K(349696K)
[2026-03-22T19:50:55.425+0900][5.524s][info][gc,metaspace   ] GC(497) Metaspace: 341K(512K)->341K(512K) NonClass: 323K(384K)->323K(384K) Class: 17K(128K)->17K(128K)
[2026-03-22T19:50:55.425+0900][5.524s][info][gc             ] GC(497) Pause Young (Allocation Failure) 214M->203M(455M) 4.110ms
[2026-03-22T19:50:55.425+0900][5.524s][info][gc,cpu         ] GC(497) User=0.00s Sys=0.00s Real=0.00s
[2026-03-22T19:50:55.431+0900][5.530s][info][gc,start       ] GC(498) Pause Young (Allocation Failure)
[2026-03-22T19:50:55.435+0900][5.534s][info][gc,heap        ] GC(498) PSYoungGen: 116136K(116736K)->57632K(116736K) Eden: 58504K(58880K)->0K(58880K) From: 57632K(57856K)->57632K(57856K)
[2026-03-22T19:50:55.435+0900][5.534s][info][gc,heap        ] GC(498) ParOldGen: 150638K(349696K)->197847K(349696K)
[2026-03-22T19:50:55.436+0900][5.534s][info][gc,metaspace   ] GC(498) Metaspace: 341K(512K)->341K(512K) NonClass: 323K(384K)->323K(384K) Class: 17K(128K)->17K(128K)
[2026-03-22T19:50:55.436+0900][5.534s][info][gc             ] GC(498) Pause Young (Allocation Failure) 260M->249M(455M) 4.329ms
[2026-03-22T19:50:55.436+0900][5.534s][info][gc,cpu         ] GC(498) User=0.02s Sys=0.00s Real=0.01s
[2026-03-22T19:50:55.442+0900][5.540s][info][gc,start       ] GC(499) Pause Young (Allocation Failure)
[2026-03-22T19:50:55.446+0900][5.545s][info][gc,heap        ] GC(499) PSYoungGen: 116136K(116736K)->57632K(116736K) Eden: 58504K(58880K)->0K(58880K) From: 57632K(57856K)->57632K(57856K)
[2026-03-22T19:50:55.446+0900][5.545s][info][gc,heap        ] GC(499) ParOldGen: 197847K(349696K)->245063K(349696K)
[2026-03-22T19:50:55.446+0900][5.545s][info][gc,metaspace   ] GC(499) Metaspace: 341K(512K)->341K(512K) NonClass: 323K(384K)->323K(384K) Class: 17K(128K)->17K(128K)
[2026-03-22T19:50:55.446+0900][5.545s][info][gc             ] GC(499) Pause Young (Allocation Failure) 306M->295M(455M) 4.309ms
[2026-03-22T19:50:55.446+0900][5.545s][info][gc,cpu         ] GC(499) User=0.00s Sys=0.00s Real=0.00s
[2026-03-22T19:50:55.452+0900][5.550s][info][gc,start       ] GC(500) Pause Young (Allocation Failure)
[2026-03-22T19:50:55.456+0900][5.554s][info][gc,heap        ] GC(500) PSYoungGen: 116136K(116736K)->57632K(116736K) Eden: 58504K(58880K)->0K(58880K) From: 57632K(57856K)->57632K(57856K)
[2026-03-22T19:50:55.456+0900][5.554s][info][gc,heap        ] GC(500) ParOldGen: 245063K(349696K)->292271K(349696K)
[2026-03-22T19:50:55.456+0900][5.554s][info][gc,metaspace   ] GC(500) Metaspace: 341K(512K)->341K(512K) NonClass: 323K(384K)->323K(384K) Class: 17K(128K)->17K(128K)
[2026-03-22T19:50:55.456+0900][5.554s][info][gc             ] GC(500) Pause Young (Allocation Failure) 352M->341M(455M) 4.055ms
[2026-03-22T19:50:55.456+0900][5.554s][info][gc,cpu         ] GC(500) User=0.00s Sys=0.00s Real=0.00s
[2026-03-22T19:50:55.460+0900][5.559s][info][gc,start       ] GC(501) Pause Full (Ergonomics)
[2026-03-22T19:50:55.460+0900][5.559s][info][gc,phases,start] GC(501) Marking Phase
[2026-03-22T19:50:55.462+0900][5.561s][info][gc,phases      ] GC(501) Marking Phase 1.522ms
[2026-03-22T19:50:55.462+0900][5.561s][info][gc,phases,start] GC(501) Summary Phase
[2026-03-22T19:50:55.462+0900][5.561s][info][gc,phases      ] GC(501) Summary Phase 0.019ms
[2026-03-22T19:50:55.462+0900][5.561s][info][gc,phases,start] GC(501) Adjust Roots
[2026-03-22T19:50:55.462+0900][5.561s][info][gc,phases      ] GC(501) Adjust Roots 0.254ms
[2026-03-22T19:50:55.462+0900][5.561s][info][gc,phases,start] GC(501) Compaction Phase
[2026-03-22T19:50:55.467+0900][5.566s][info][gc,phases      ] GC(501) Compaction Phase 4.749ms
[2026-03-22T19:50:55.467+0900][5.566s][info][gc,phases,start] GC(501) Post Compact
[2026-03-22T19:50:55.468+0900][5.567s][info][gc,phases      ] GC(501) Post Compact 1.297ms
[2026-03-22T19:50:55.468+0900][5.568s][info][gc,heap        ] GC(501) PSYoungGen: 116136K(116736K)->0K(116736K) Eden: 58504K(58880K)->0K(58880K) From: 57632K(57856K)->0K(57856K)
[2026-03-22T19:50:55.468+0900][5.568s][info][gc,heap        ] GC(501) ParOldGen: 292271K(349696K)->103430K(349696K)
[2026-03-22T19:50:55.468+0900][5.568s][info][gc,metaspace   ] GC(501) Metaspace: 341K(512K)->341K(512K) NonClass: 323K(384K)->323K(384K) Class: 17K(128K)->17K(128K)
[2026-03-22T19:50:55.468+0900][5.568s][info][gc             ] GC(501) Pause Full (Ergonomics) 398M->101M(455M) 8.077ms
[2026-03-22T19:50:55.468+0900][5.568s][info][gc,cpu         ] GC(501) User=0.00s Sys=0.02s Real=0.01s
[2026-03-22T19:50:55.475+0900][5.574s][info][gc,start       ] GC(502) Pause Young (Allocation Failure)
[2026-03-22T19:50:55.477+0900][5.576s][info][gc,heap        ] GC(502) PSYoungGen: 58504K(116736K)->57632K(116736K) Eden: 58504K(58880K)->0K(58880K) From: 0K(57856K)->57632K(57856K)
[2026-03-22T19:50:55.477+0900][5.576s][info][gc,heap        ] GC(502) ParOldGen: 103430K(349696K)->103430K(349696K)
[2026-03-22T19:50:55.477+0900][5.576s][info][gc,metaspace   ] GC(502) Metaspace: 341K(512K)->341K(512K) NonClass: 323K(384K)->323K(384K) Class: 17K(128K)->17K(128K)
[2026-03-22T19:50:55.477+0900][5.576s][info][gc             ] GC(502) Pause Young (Allocation Failure) 158M->157M(455M) 2.554ms
[2026-03-22T19:50:55.477+0900][5.576s][info][gc,cpu         ] GC(502) User=0.00s Sys=0.00s Real=0.00s
[2026-03-22T19:50:55.484+0900][5.583s][info][gc,start       ] GC(503) Pause Young (Allocation Failure)
[2026-03-22T19:50:55.488+0900][5.587s][info][gc,heap        ] GC(503) PSYoungGen: 116136K(116736K)->57632K(116736K) Eden: 58504K(58880K)->0K(58880K) From: 57632K(57856K)->57632K(57856K)
[2026-03-22T19:50:55.488+0900][5.587s][info][gc,heap        ] GC(503) ParOldGen: 103430K(349696K)->150638K(349696K)
[2026-03-22T19:50:55.488+0900][5.587s][info][gc,metaspace   ] GC(503) Metaspace: 341K(512K)->341K(512K) NonClass: 323K(384K)->323K(384K) Class: 17K(128K)->17K(128K)
[2026-03-22T19:50:55.488+0900][5.587s][info][gc             ] GC(503) Pause Young (Allocation Failure) 214M->203M(455M) 4.695ms
[2026-03-22T19:50:55.488+0900][5.587s][info][gc,cpu         ] GC(503) User=0.00s Sys=0.00s Real=0.00s
[2026-03-22T19:50:55.494+0900][5.594s][info][gc,start       ] GC(504) Pause Young (Allocation Failure)
[2026-03-22T19:50:55.498+0900][5.598s][info][gc,heap        ] GC(504) PSYoungGen: 116136K(116736K)->57632K(116736K) Eden: 58504K(58880K)->0K(58880K) From: 57632K(57856K)->57632K(57856K)
[2026-03-22T19:50:55.498+0900][5.598s][info][gc,heap        ] GC(504) ParOldGen: 150638K(349696K)->197847K(349696K)
[2026-03-22T19:50:55.498+0900][5.598s][info][gc,metaspace   ] GC(504) Metaspace: 341K(512K)->341K(512K) NonClass: 323K(384K)->323K(384K) Class: 17K(128K)->17K(128K)
[2026-03-22T19:50:55.498+0900][5.598s][info][gc             ] GC(504) Pause Young (Allocation Failure) 260M->249M(455M) 4.386ms
[2026-03-22T19:50:55.498+0900][5.598s][info][gc,cpu         ] GC(504) User=0.00s Sys=0.00s Real=0.00s
[2026-03-22T19:50:55.505+0900][5.604s][info][gc,start       ] GC(505) Pause Young (Allocation Failure)
[2026-03-22T19:50:55.509+0900][5.608s][info][gc,heap        ] GC(505) PSYoungGen: 116136K(116736K)->57632K(116736K) Eden: 58504K(58880K)->0K(58880K) From: 57632K(57856K)->57632K(57856K)
[2026-03-22T19:50:55.509+0900][5.608s][info][gc,heap        ] GC(505) ParOldGen: 197847K(349696K)->245063K(349696K)
[2026-03-22T19:50:55.509+0900][5.608s][info][gc,metaspace   ] GC(505) Metaspace: 341K(512K)->341K(512K) NonClass: 323K(384K)->323K(384K) Class: 17K(128K)->17K(128K)
[2026-03-22T19:50:55.509+0900][5.608s][info][gc             ] GC(505) Pause Young (Allocation Failure) 306M->295M(455M) 4.302ms
[2026-03-22T19:50:55.509+0900][5.608s][info][gc,cpu         ] GC(505) User=0.00s Sys=0.00s Real=0.00s
[2026-03-22T19:50:55.515+0900][5.614s][info][gc,start       ] GC(506) Pause Young (Allocation Failure)
[2026-03-22T19:50:55.520+0900][5.618s][info][gc,heap        ] GC(506) PSYoungGen: 116136K(116736K)->57632K(116736K) Eden: 58504K(58880K)->0K(58880K) From: 57632K(57856K)->57632K(57856K)
[2026-03-22T19:50:55.520+0900][5.618s][info][gc,heap        ] GC(506) ParOldGen: 245063K(349696K)->292271K(349696K)
[2026-03-22T19:50:55.520+0900][5.618s][info][gc,metaspace   ] GC(506) Metaspace: 341K(512K)->341K(512K) NonClass: 323K(384K)->323K(384K) Class: 17K(128K)->17K(128K)
[2026-03-22T19:50:55.520+0900][5.618s][info][gc             ] GC(506) Pause Young (Allocation Failure) 352M->341M(455M) 4.445ms
[2026-03-22T19:50:55.520+0900][5.618s][info][gc,cpu         ] GC(506) User=0.00s Sys=0.00s Real=0.00s
[2026-03-22T19:50:55.526+0900][5.624s][info][gc,start       ] GC(507) Pause Full (Ergonomics)
[2026-03-22T19:50:55.526+0900][5.624s][info][gc,phases,start] GC(507) Marking Phase
[2026-03-22T19:50:55.527+0900][5.625s][info][gc,phases      ] GC(507) Marking Phase 1.421ms
[2026-03-22T19:50:55.527+0900][5.625s][info][gc,phases,start] GC(507) Summary Phase
[2026-03-22T19:50:55.527+0900][5.626s][info][gc,phases      ] GC(507) Summary Phase 0.021ms
[2026-03-22T19:50:55.527+0900][5.626s][info][gc,phases,start] GC(507) Adjust Roots
[2026-03-22T19:50:55.527+0900][5.626s][info][gc,phases      ] GC(507) Adjust Roots 0.624ms
[2026-03-22T19:50:55.527+0900][5.626s][info][gc,phases,start] GC(507) Compaction Phase
[2026-03-22T19:50:55.533+0900][5.631s][info][gc,phases      ] GC(507) Compaction Phase 5.222ms
[2026-03-22T19:50:55.533+0900][5.631s][info][gc,phases,start] GC(507) Post Compact
[2026-03-22T19:50:55.535+0900][5.633s][info][gc,phases      ] GC(507) Post Compact 1.503ms
[2026-03-22T19:50:55.535+0900][5.633s][info][gc,heap        ] GC(507) PSYoungGen: 116136K(116736K)->0K(116736K) Eden: 58504K(58880K)->0K(58880K) From: 57632K(57856K)->0K(57856K)
[2026-03-22T19:50:55.535+0900][5.633s][info][gc,heap        ] GC(507) ParOldGen: 292271K(349696K)->103430K(349696K)
[2026-03-22T19:50:55.535+0900][5.633s][info][gc,metaspace   ] GC(507) Metaspace: 341K(512K)->341K(512K) NonClass: 323K(384K)->323K(384K) Class: 17K(128K)->17K(128K)
[2026-03-22T19:50:55.535+0900][5.633s][info][gc             ] GC(507) Pause Full (Ergonomics) 398M->101M(455M) 9.068ms
[2026-03-22T19:50:55.535+0900][5.633s][info][gc,cpu         ] GC(507) User=0.00s Sys=0.00s Real=0.01s
[2026-03-22T19:50:55.540+0900][5.639s][info][gc,start       ] GC(508) Pause Young (Allocation Failure)
[2026-03-22T19:50:55.542+0900][5.641s][info][gc,heap        ] GC(508) PSYoungGen: 58504K(116736K)->57632K(116736K) Eden: 58504K(58880K)->0K(58880K) From: 0K(57856K)->57632K(57856K)
[2026-03-22T19:50:55.542+0900][5.641s][info][gc,heap        ] GC(508) ParOldGen: 103430K(349696K)->103430K(349696K)
[2026-03-22T19:50:55.542+0900][5.641s][info][gc,metaspace   ] GC(508) Metaspace: 341K(512K)->341K(512K) NonClass: 323K(384K)->323K(384K) Class: 17K(128K)->17K(128K)
[2026-03-22T19:50:55.542+0900][5.641s][info][gc             ] GC(508) Pause Young (Allocation Failure) 158M->157M(455M) 2.490ms
[2026-03-22T19:50:55.542+0900][5.641s][info][gc,cpu         ] GC(508) User=0.12s Sys=0.00s Real=0.00s
[2026-03-22T19:50:55.548+0900][5.647s][info][gc,start       ] GC(509) Pause Young (Allocation Failure)
[2026-03-22T19:50:55.552+0900][5.651s][info][gc,heap        ] GC(509) PSYoungGen: 116136K(116736K)->57632K(116736K) Eden: 58504K(58880K)->0K(58880K) From: 57632K(57856K)->57632K(57856K)
[2026-03-22T19:50:55.552+0900][5.651s][info][gc,heap        ] GC(509) ParOldGen: 103430K(349696K)->150638K(349696K)
[2026-03-22T19:50:55.552+0900][5.651s][info][gc,metaspace   ] GC(509) Metaspace: 341K(512K)->341K(512K) NonClass: 323K(384K)->323K(384K) Class: 17K(128K)->17K(128K)
[2026-03-22T19:50:55.552+0900][5.651s][info][gc             ] GC(509) Pause Young (Allocation Failure) 214M->203M(455M) 4.040ms
[2026-03-22T19:50:55.552+0900][5.651s][info][gc,cpu         ] GC(509) User=0.00s Sys=0.00s Real=0.00s
[2026-03-22T19:50:55.558+0900][5.657s][info][gc,start       ] GC(510) Pause Young (Allocation Failure)
[2026-03-22T19:50:55.562+0900][5.661s][info][gc,heap        ] GC(510) PSYoungGen: 116136K(116736K)->57632K(116736K) Eden: 58504K(58880K)->0K(58880K) From: 57632K(57856K)->57632K(57856K)
[2026-03-22T19:50:55.562+0900][5.661s][info][gc,heap        ] GC(510) ParOldGen: 150638K(349696K)->197847K(349696K)
[2026-03-22T19:50:55.562+0900][5.661s][info][gc,metaspace   ] GC(510) Metaspace: 341K(512K)->341K(512K) NonClass: 323K(384K)->323K(384K) Class: 17K(128K)->17K(128K)
[2026-03-22T19:50:55.562+0900][5.661s][info][gc             ] GC(510) Pause Young (Allocation Failure) 260M->249M(455M) 4.273ms
[2026-03-22T19:50:55.562+0900][5.661s][info][gc,cpu         ] GC(510) User=0.00s Sys=0.00s Real=0.00s
[2026-03-22T19:50:55.568+0900][5.667s][info][gc,start       ] GC(511) Pause Young (Allocation Failure)
[2026-03-22T19:50:55.572+0900][5.671s][info][gc,heap        ] GC(511) PSYoungGen: 116136K(116736K)->57632K(116736K) Eden: 58504K(58880K)->0K(58880K) From: 57632K(57856K)->57632K(57856K)
[2026-03-22T19:50:55.573+0900][5.671s][info][gc,heap        ] GC(511) ParOldGen: 197847K(349696K)->245055K(349696K)
[2026-03-22T19:50:55.573+0900][5.671s][info][gc,metaspace   ] GC(511) Metaspace: 341K(512K)->341K(512K) NonClass: 323K(384K)->323K(384K) Class: 17K(128K)->17K(128K)
[2026-03-22T19:50:55.573+0900][5.671s][info][gc             ] GC(511) Pause Young (Allocation Failure) 306M->295M(455M) 4.165ms
[2026-03-22T19:50:55.573+0900][5.671s][info][gc,cpu         ] GC(511) User=0.12s Sys=0.00s Real=0.00s
[2026-03-22T19:50:55.578+0900][5.677s][info][gc,start       ] GC(512) Pause Young (Allocation Failure)
[2026-03-22T19:50:55.583+0900][5.682s][info][gc,heap        ] GC(512) PSYoungGen: 116136K(116736K)->57632K(116736K) Eden: 58504K(58880K)->0K(58880K) From: 57632K(57856K)->57632K(57856K)
[2026-03-22T19:50:55.583+0900][5.682s][info][gc,heap        ] GC(512) ParOldGen: 245055K(349696K)->292263K(349696K)
[2026-03-22T19:50:55.583+0900][5.682s][info][gc,metaspace   ] GC(512) Metaspace: 341K(512K)->341K(512K) NonClass: 323K(384K)->323K(384K) Class: 17K(128K)->17K(128K)
[2026-03-22T19:50:55.583+0900][5.682s][info][gc             ] GC(512) Pause Young (Allocation Failure) 352M->341M(455M) 4.667ms
[2026-03-22T19:50:55.583+0900][5.682s][info][gc,cpu         ] GC(512) User=0.00s Sys=0.00s Real=0.00s
[2026-03-22T19:50:55.589+0900][5.688s][info][gc,start       ] GC(513) Pause Full (Ergonomics)
[2026-03-22T19:50:55.589+0900][5.688s][info][gc,phases,start] GC(513) Marking Phase
[2026-03-22T19:50:55.591+0900][5.689s][info][gc,phases      ] GC(513) Marking Phase 1.451ms
[2026-03-22T19:50:55.591+0900][5.689s][info][gc,phases,start] GC(513) Summary Phase
[2026-03-22T19:50:55.591+0900][5.690s][info][gc,phases      ] GC(513) Summary Phase 0.019ms
[2026-03-22T19:50:55.591+0900][5.690s][info][gc,phases,start] GC(513) Adjust Roots
[2026-03-22T19:50:55.591+0900][5.690s][info][gc,phases      ] GC(513) Adjust Roots 0.299ms
[2026-03-22T19:50:55.591+0900][5.690s][info][gc,phases,start] GC(513) Compaction Phase
[2026-03-22T19:50:55.596+0900][5.695s][info][gc,phases      ] GC(513) Compaction Phase 5.210ms
[2026-03-22T19:50:55.596+0900][5.695s][info][gc,phases,start] GC(513) Post Compact
[2026-03-22T19:50:55.598+0900][5.697s][info][gc,phases      ] GC(513) Post Compact 1.499ms
[2026-03-22T19:50:55.598+0900][5.697s][info][gc,heap        ] GC(513) PSYoungGen: 116136K(116736K)->0K(116736K) Eden: 58504K(58880K)->0K(58880K) From: 57632K(57856K)->0K(57856K)
[2026-03-22T19:50:55.598+0900][5.697s][info][gc,heap        ] GC(513) ParOldGen: 292263K(349696K)->103195K(349696K)
[2026-03-22T19:50:55.598+0900][5.697s][info][gc,metaspace   ] GC(513) Metaspace: 341K(512K)->341K(512K) NonClass: 323K(384K)->323K(384K) Class: 17K(128K)->17K(128K)
[2026-03-22T19:50:55.598+0900][5.697s][info][gc             ] GC(513) Pause Full (Ergonomics) 398M->100M(455M) 8.860ms
[2026-03-22T19:50:55.598+0900][5.697s][info][gc,cpu         ] GC(513) User=0.00s Sys=0.00s Real=0.01s
[2026-03-22T19:50:55.604+0900][5.703s][info][gc,start       ] GC(514) Pause Young (Allocation Failure)
[2026-03-22T19:50:55.607+0900][5.705s][info][gc,heap        ] GC(514) PSYoungGen: 58504K(116736K)->57632K(116736K) Eden: 58504K(58880K)->0K(58880K) From: 0K(57856K)->57632K(57856K)
[2026-03-22T19:50:55.607+0900][5.705s][info][gc,heap        ] GC(514) ParOldGen: 103195K(349696K)->103195K(349696K)
[2026-03-22T19:50:55.607+0900][5.705s][info][gc,metaspace   ] GC(514) Metaspace: 341K(512K)->341K(512K) NonClass: 323K(384K)->323K(384K) Class: 17K(128K)->17K(128K)
[2026-03-22T19:50:55.607+0900][5.705s][info][gc             ] GC(514) Pause Young (Allocation Failure) 157M->157M(455M) 2.587ms
[2026-03-22T19:50:55.607+0900][5.705s][info][gc,cpu         ] GC(514) User=0.00s Sys=0.00s Real=0.00s
[2026-03-22T19:50:55.613+0900][5.711s][info][gc,start       ] GC(515) Pause Young (Allocation Failure)
[2026-03-22T19:50:55.617+0900][5.716s][info][gc,heap        ] GC(515) PSYoungGen: 116136K(116736K)->57600K(116736K) Eden: 58504K(58880K)->0K(58880K) From: 57632K(57856K)->57600K(57856K)
[2026-03-22T19:50:55.617+0900][5.716s][info][gc,heap        ] GC(515) ParOldGen: 103195K(349696K)->150395K(349696K)
[2026-03-22T19:50:55.617+0900][5.716s][info][gc,metaspace   ] GC(515) Metaspace: 341K(512K)->341K(512K) NonClass: 323K(384K)->323K(384K) Class: 17K(128K)->17K(128K)
[2026-03-22T19:50:55.617+0900][5.716s][info][gc             ] GC(515) Pause Young (Allocation Failure) 214M->203M(455M) 4.788ms
[2026-03-22T19:50:55.617+0900][5.716s][info][gc,cpu         ] GC(515) User=0.00s Sys=0.00s Real=0.00s
[2026-03-22T19:50:55.623+0900][5.722s][info][gc,start       ] GC(516) Pause Young (Allocation Failure)
[2026-03-22T19:50:55.628+0900][5.727s][info][gc,heap        ] GC(516) PSYoungGen: 116104K(116736K)->57632K(116736K) Eden: 58504K(58880K)->0K(58880K) From: 57600K(57856K)->57632K(57856K)
[2026-03-22T19:50:55.628+0900][5.727s][info][gc,heap        ] GC(516) ParOldGen: 150395K(349696K)->197603K(349696K)
[2026-03-22T19:50:55.628+0900][5.727s][info][gc,metaspace   ] GC(516) Metaspace: 341K(512K)->341K(512K) NonClass: 323K(384K)->323K(384K) Class: 17K(128K)->17K(128K)
[2026-03-22T19:50:55.628+0900][5.727s][info][gc             ] GC(516) Pause Young (Allocation Failure) 260M->249M(455M) 4.931ms
[2026-03-22T19:50:55.628+0900][5.727s][info][gc,cpu         ] GC(516) User=0.00s Sys=0.00s Real=0.01s
[2026-03-22T19:50:55.635+0900][5.733s][info][gc,start       ] GC(517) Pause Young (Allocation Failure)
[2026-03-22T19:50:55.639+0900][5.738s][info][gc,heap        ] GC(517) PSYoungGen: 116136K(116736K)->57632K(116736K) Eden: 58504K(58880K)->0K(58880K) From: 57632K(57856K)->57632K(57856K)
[2026-03-22T19:50:55.639+0900][5.738s][info][gc,heap        ] GC(517) ParOldGen: 197603K(349696K)->244812K(349696K)
[2026-03-22T19:50:55.639+0900][5.738s][info][gc,metaspace   ] GC(517) Metaspace: 341K(512K)->341K(512K) NonClass: 323K(384K)->323K(384K) Class: 17K(128K)->17K(128K)
[2026-03-22T19:50:55.639+0900][5.738s][info][gc             ] GC(517) Pause Young (Allocation Failure) 306M->295M(455M) 4.476ms
[2026-03-22T19:50:55.639+0900][5.738s][info][gc,cpu         ] GC(517) User=0.00s Sys=0.00s Real=0.00s
[2026-03-22T19:50:55.646+0900][5.744s][info][gc,start       ] GC(518) Pause Young (Allocation Failure)
[2026-03-22T19:50:55.650+0900][5.748s][info][gc,heap        ] GC(518) PSYoungGen: 116136K(116736K)->57632K(116736K) Eden: 58504K(58880K)->0K(58880K) From: 57632K(57856K)->57632K(57856K)
[2026-03-22T19:50:55.650+0900][5.749s][info][gc,heap        ] GC(518) ParOldGen: 244812K(349696K)->292020K(349696K)
[2026-03-22T19:50:55.650+0900][5.749s][info][gc,metaspace   ] GC(518) Metaspace: 341K(512K)->341K(512K) NonClass: 323K(384K)->323K(384K) Class: 17K(128K)->17K(128K)
[2026-03-22T19:50:55.650+0900][5.749s][info][gc             ] GC(518) Pause Young (Allocation Failure) 352M->341M(455M) 4.411ms
[2026-03-22T19:50:55.650+0900][5.749s][info][gc,cpu         ] GC(518) User=0.00s Sys=0.00s Real=0.00s
[2026-03-22T19:50:55.657+0900][5.755s][info][gc,start       ] GC(519) Pause Full (Ergonomics)
[2026-03-22T19:50:55.657+0900][5.755s][info][gc,phases,start] GC(519) Marking Phase
[2026-03-22T19:50:55.658+0900][5.757s][info][gc,phases      ] GC(519) Marking Phase 1.467ms
[2026-03-22T19:50:55.658+0900][5.757s][info][gc,phases,start] GC(519) Summary Phase
[2026-03-22T19:50:55.658+0900][5.757s][info][gc,phases      ] GC(519) Summary Phase 0.024ms
[2026-03-22T19:50:55.658+0900][5.757s][info][gc,phases,start] GC(519) Adjust Roots
[2026-03-22T19:50:55.658+0900][5.757s][info][gc,phases      ] GC(519) Adjust Roots 0.288ms
[2026-03-22T19:50:55.658+0900][5.757s][info][gc,phases,start] GC(519) Compaction Phase
[2026-03-22T19:50:55.664+0900][5.762s][info][gc,phases      ] GC(519) Compaction Phase 5.217ms
[2026-03-22T19:50:55.664+0900][5.762s][info][gc,phases,start] GC(519) Post Compact
[2026-03-22T19:50:55.665+0900][5.764s][info][gc,phases      ] GC(519) Post Compact 1.443ms
[2026-03-22T19:50:55.665+0900][5.764s][info][gc,heap        ] GC(519) PSYoungGen: 116136K(116736K)->0K(116736K) Eden: 58504K(58880K)->0K(58880K) From: 57632K(57856K)->0K(57856K)
[2026-03-22T19:50:55.665+0900][5.764s][info][gc,heap        ] GC(519) ParOldGen: 292020K(349696K)->103430K(349696K)
[2026-03-22T19:50:55.665+0900][5.764s][info][gc,metaspace   ] GC(519) Metaspace: 341K(512K)->341K(512K) NonClass: 323K(384K)->323K(384K) Class: 17K(128K)->17K(128K)
[2026-03-22T19:50:55.665+0900][5.764s][info][gc             ] GC(519) Pause Full (Ergonomics) 398M->101M(455M) 8.787ms
[2026-03-22T19:50:55.665+0900][5.764s][info][gc,cpu         ] GC(519) User=0.00s Sys=0.00s Real=0.01s
[2026-03-22T19:50:55.672+0900][5.771s][info][gc,start       ] GC(520) Pause Young (Allocation Failure)
[2026-03-22T19:50:55.675+0900][5.773s][info][gc,heap        ] GC(520) PSYoungGen: 58504K(116736K)->57632K(116736K) Eden: 58504K(58880K)->0K(58880K) From: 0K(57856K)->57632K(57856K)
[2026-03-22T19:50:55.675+0900][5.773s][info][gc,heap        ] GC(520) ParOldGen: 103430K(349696K)->103430K(349696K)
[2026-03-22T19:50:55.675+0900][5.773s][info][gc,metaspace   ] GC(520) Metaspace: 341K(512K)->341K(512K) NonClass: 323K(384K)->323K(384K) Class: 17K(128K)->17K(128K)
[2026-03-22T19:50:55.675+0900][5.773s][info][gc             ] GC(520) Pause Young (Allocation Failure) 158M->157M(455M) 2.790ms
[2026-03-22T19:50:55.675+0900][5.773s][info][gc,cpu         ] GC(520) User=0.00s Sys=0.00s Real=0.00s
[2026-03-22T19:50:55.681+0900][5.780s][info][gc,start       ] GC(521) Pause Young (Allocation Failure)
[2026-03-22T19:50:55.686+0900][5.784s][info][gc,heap        ] GC(521) PSYoungGen: 116136K(116736K)->57600K(116736K) Eden: 58504K(58880K)->0K(58880K) From: 57632K(57856K)->57600K(57856K)
[2026-03-22T19:50:55.686+0900][5.784s][info][gc,heap        ] GC(521) ParOldGen: 103430K(349696K)->150630K(349696K)
[2026-03-22T19:50:55.686+0900][5.784s][info][gc,metaspace   ] GC(521) Metaspace: 341K(512K)->341K(512K) NonClass: 323K(384K)->323K(384K) Class: 17K(128K)->17K(128K)
[2026-03-22T19:50:55.686+0900][5.784s][info][gc             ] GC(521) Pause Young (Allocation Failure) 214M->203M(455M) 4.582ms
[2026-03-22T19:50:55.686+0900][5.784s][info][gc,cpu         ] GC(521) User=0.00s Sys=0.00s Real=0.01s
[2026-03-22T19:50:55.692+0900][5.791s][info][gc,start       ] GC(522) Pause Young (Allocation Failure)
[2026-03-22T19:50:55.697+0900][5.796s][info][gc,heap        ] GC(522) PSYoungGen: 116104K(116736K)->57600K(116736K) Eden: 58504K(58880K)->0K(58880K) From: 57600K(57856K)->57600K(57856K)
[2026-03-22T19:50:55.697+0900][5.796s][info][gc,heap        ] GC(522) ParOldGen: 150630K(349696K)->197831K(349696K)
[2026-03-22T19:50:55.697+0900][5.796s][info][gc,metaspace   ] GC(522) Metaspace: 341K(512K)->341K(512K) NonClass: 323K(384K)->323K(384K) Class: 17K(128K)->17K(128K)
[2026-03-22T19:50:55.697+0900][5.796s][info][gc             ] GC(522) Pause Young (Allocation Failure) 260M->249M(455M) 5.233ms
[2026-03-22T19:50:55.697+0900][5.796s][info][gc,cpu         ] GC(522) User=0.00s Sys=0.00s Real=0.01s
[2026-03-22T19:50:55.704+0900][5.803s][info][gc,start       ] GC(523) Pause Young (Allocation Failure)
[2026-03-22T19:50:55.708+0900][5.807s][info][gc,heap        ] GC(523) PSYoungGen: 116104K(116736K)->57600K(116736K) Eden: 58504K(58880K)->0K(58880K) From: 57600K(57856K)->57600K(57856K)
[2026-03-22T19:50:55.709+0900][5.807s][info][gc,heap        ] GC(523) ParOldGen: 197831K(349696K)->245039K(349696K)
[2026-03-22T19:50:55.709+0900][5.807s][info][gc,metaspace   ] GC(523) Metaspace: 341K(512K)->341K(512K) NonClass: 323K(384K)->323K(384K) Class: 17K(128K)->17K(128K)
[2026-03-22T19:50:55.709+0900][5.807s][info][gc             ] GC(523) Pause Young (Allocation Failure) 306M->295M(455M) 4.547ms
[2026-03-22T19:50:55.709+0900][5.807s][info][gc,cpu         ] GC(523) User=0.00s Sys=0.00s Real=0.01s
[2026-03-22T19:50:55.715+0900][5.813s][info][gc,start       ] GC(524) Pause Young (Allocation Failure)
[2026-03-22T19:50:55.719+0900][5.818s][info][gc,heap        ] GC(524) PSYoungGen: 116104K(116736K)->57632K(116736K) Eden: 58504K(58880K)->0K(58880K) From: 57600K(57856K)->57632K(57856K)
[2026-03-22T19:50:55.720+0900][5.818s][info][gc,heap        ] GC(524) ParOldGen: 245039K(349696K)->292239K(349696K)
[2026-03-22T19:50:55.720+0900][5.818s][info][gc,metaspace   ] GC(524) Metaspace: 341K(512K)->341K(512K) NonClass: 323K(384K)->323K(384K) Class: 17K(128K)->17K(128K)
[2026-03-22T19:50:55.720+0900][5.818s][info][gc             ] GC(524) Pause Young (Allocation Failure) 352M->341M(455M) 4.826ms
[2026-03-22T19:50:55.720+0900][5.818s][info][gc,cpu         ] GC(524) User=0.00s Sys=0.00s Real=0.01s
[2026-03-22T19:50:55.727+0900][5.826s][info][gc,start       ] GC(525) Pause Full (Ergonomics)
[2026-03-22T19:50:55.727+0900][5.826s][info][gc,phases,start] GC(525) Marking Phase
[2026-03-22T19:50:55.729+0900][5.828s][info][gc,phases      ] GC(525) Marking Phase 1.629ms
[2026-03-22T19:50:55.729+0900][5.828s][info][gc,phases,start] GC(525) Summary Phase
[2026-03-22T19:50:55.729+0900][5.828s][info][gc,phases      ] GC(525) Summary Phase 0.017ms
[2026-03-22T19:50:55.729+0900][5.828s][info][gc,phases,start] GC(525) Adjust Roots
[2026-03-22T19:50:55.729+0900][5.828s][info][gc,phases      ] GC(525) Adjust Roots 0.219ms
[2026-03-22T19:50:55.729+0900][5.828s][info][gc,phases,start] GC(525) Compaction Phase
[2026-03-22T19:50:55.734+0900][5.833s][info][gc,phases      ] GC(525) Compaction Phase 4.806ms
[2026-03-22T19:50:55.734+0900][5.833s][info][gc,phases,start] GC(525) Post Compact
[2026-03-22T19:50:55.736+0900][5.835s][info][gc,phases      ] GC(525) Post Compact 1.829ms
[2026-03-22T19:50:55.736+0900][5.835s][info][gc,heap        ] GC(525) PSYoungGen: 116136K(116736K)->0K(116736K) Eden: 58504K(58880K)->0K(58880K) From: 57632K(57856K)->0K(57856K)
[2026-03-22T19:50:55.736+0900][5.835s][info][gc,heap        ] GC(525) ParOldGen: 292239K(349696K)->103430K(349696K)
[2026-03-22T19:50:55.736+0900][5.835s][info][gc,metaspace   ] GC(525) Metaspace: 341K(512K)->341K(512K) NonClass: 323K(384K)->323K(384K) Class: 17K(128K)->17K(128K)
[2026-03-22T19:50:55.736+0900][5.835s][info][gc             ] GC(525) Pause Full (Ergonomics) 398M->101M(455M) 8.885ms
[2026-03-22T19:50:55.736+0900][5.835s][info][gc,cpu         ] GC(525) User=0.11s Sys=0.00s Real=0.01s
[2026-03-22T19:50:55.743+0900][5.842s][info][gc,start       ] GC(526) Pause Young (Allocation Failure)
[2026-03-22T19:50:55.746+0900][5.845s][info][gc,heap        ] GC(526) PSYoungGen: 58504K(116736K)->57632K(116736K) Eden: 58504K(58880K)->0K(58880K) From: 0K(57856K)->57632K(57856K)
[2026-03-22T19:50:55.746+0900][5.845s][info][gc,heap        ] GC(526) ParOldGen: 103430K(349696K)->103430K(349696K)
[2026-03-22T19:50:55.746+0900][5.845s][info][gc,metaspace   ] GC(526) Metaspace: 341K(512K)->341K(512K) NonClass: 323K(384K)->323K(384K) Class: 17K(128K)->17K(128K)
[2026-03-22T19:50:55.746+0900][5.845s][info][gc             ] GC(526) Pause Young (Allocation Failure) 158M->157M(455M) 2.885ms
[2026-03-22T19:50:55.746+0900][5.845s][info][gc,cpu         ] GC(526) User=0.02s Sys=0.00s Real=0.00s
[2026-03-22T19:50:55.752+0900][5.852s][info][gc,start       ] GC(527) Pause Young (Allocation Failure)
[2026-03-22T19:50:55.758+0900][5.856s][info][gc,heap        ] GC(527) PSYoungGen: 116136K(116736K)->57632K(116736K) Eden: 58504K(58880K)->0K(58880K) From: 57632K(57856K)->57632K(57856K)
[2026-03-22T19:50:55.758+0900][5.856s][info][gc,heap        ] GC(527) ParOldGen: 103430K(349696K)->150638K(349696K)
[2026-03-22T19:50:55.758+0900][5.856s][info][gc,metaspace   ] GC(527) Metaspace: 341K(512K)->341K(512K) NonClass: 323K(384K)->323K(384K) Class: 17K(128K)->17K(128K)
[2026-03-22T19:50:55.758+0900][5.856s][info][gc             ] GC(527) Pause Young (Allocation Failure) 214M->203M(455M) 4.361ms
[2026-03-22T19:50:55.758+0900][5.856s][info][gc,cpu         ] GC(527) User=0.00s Sys=0.00s Real=0.01s
[2026-03-22T19:50:55.763+0900][5.862s][info][gc,start       ] GC(528) Pause Young (Allocation Failure)
[2026-03-22T19:50:55.767+0900][5.866s][info][gc,heap        ] GC(528) PSYoungGen: 116136K(116736K)->57632K(116736K) Eden: 58504K(58880K)->0K(58880K) From: 57632K(57856K)->57632K(57856K)
[2026-03-22T19:50:55.767+0900][5.866s][info][gc,heap        ] GC(528) ParOldGen: 150638K(349696K)->197847K(349696K)
[2026-03-22T19:50:55.767+0900][5.866s][info][gc,metaspace   ] GC(528) Metaspace: 341K(512K)->341K(512K) NonClass: 323K(384K)->323K(384K) Class: 17K(128K)->17K(128K)
[2026-03-22T19:50:55.767+0900][5.866s][info][gc             ] GC(528) Pause Young (Allocation Failure) 260M->249M(455M) 4.142ms
[2026-03-22T19:50:55.767+0900][5.866s][info][gc,cpu         ] GC(528) User=0.00s Sys=0.00s Real=0.00s
[2026-03-22T19:50:55.774+0900][5.872s][info][gc,start       ] GC(529) Pause Young (Allocation Failure)
[2026-03-22T19:50:55.778+0900][5.877s][info][gc,heap        ] GC(529) PSYoungGen: 116136K(116736K)->57632K(116736K) Eden: 58504K(58880K)->0K(58880K) From: 57632K(57856K)->57632K(57856K)
[2026-03-22T19:50:55.778+0900][5.877s][info][gc,heap        ] GC(529) ParOldGen: 197847K(349696K)->245063K(349696K)
[2026-03-22T19:50:55.778+0900][5.877s][info][gc,metaspace   ] GC(529) Metaspace: 341K(512K)->341K(512K) NonClass: 323K(384K)->323K(384K) Class: 17K(128K)->17K(128K)
[2026-03-22T19:50:55.778+0900][5.877s][info][gc             ] GC(529) Pause Young (Allocation Failure) 306M->295M(455M) 4.537ms
[2026-03-22T19:50:55.778+0900][5.877s][info][gc,cpu         ] GC(529) User=0.12s Sys=0.00s Real=0.01s
[2026-03-22T19:50:55.784+0900][5.883s][info][gc,start       ] GC(530) Pause Young (Allocation Failure)
[2026-03-22T19:50:55.788+0900][5.887s][info][gc,heap        ] GC(530) PSYoungGen: 116136K(116736K)->57632K(116736K) Eden: 58504K(58880K)->0K(58880K) From: 57632K(57856K)->57632K(57856K)
[2026-03-22T19:50:55.788+0900][5.887s][info][gc,heap        ] GC(530) ParOldGen: 245063K(349696K)->292271K(349696K)
[2026-03-22T19:50:55.788+0900][5.887s][info][gc,metaspace   ] GC(530) Metaspace: 341K(512K)->341K(512K) NonClass: 323K(384K)->323K(384K) Class: 17K(128K)->17K(128K)
[2026-03-22T19:50:55.788+0900][5.887s][info][gc             ] GC(530) Pause Young (Allocation Failure) 352M->341M(455M) 4.441ms
[2026-03-22T19:50:55.788+0900][5.887s][info][gc,cpu         ] GC(530) User=0.00s Sys=0.00s Real=0.00s
[2026-03-22T19:50:55.794+0900][5.893s][info][gc,start       ] GC(531) Pause Full (Ergonomics)
[2026-03-22T19:50:55.794+0900][5.893s][info][gc,phases,start] GC(531) Marking Phase
[2026-03-22T19:50:55.795+0900][5.895s][info][gc,phases      ] GC(531) Marking Phase 1.711ms
[2026-03-22T19:50:55.795+0900][5.895s][info][gc,phases,start] GC(531) Summary Phase
[2026-03-22T19:50:55.795+0900][5.895s][info][gc,phases      ] GC(531) Summary Phase 0.024ms
[2026-03-22T19:50:55.795+0900][5.895s][info][gc,phases,start] GC(531) Adjust Roots
[2026-03-22T19:50:55.796+0900][5.895s][info][gc,phases      ] GC(531) Adjust Roots 0.334ms
[2026-03-22T19:50:55.796+0900][5.895s][info][gc,phases,start] GC(531) Compaction Phase
[2026-03-22T19:50:55.800+0900][5.900s][info][gc,phases      ] GC(531) Compaction Phase 4.647ms
[2026-03-22T19:50:55.800+0900][5.900s][info][gc,phases,start] GC(531) Post Compact
[2026-03-22T19:50:55.803+0900][5.901s][info][gc,phases      ] GC(531) Post Compact 1.312ms
[2026-03-22T19:50:55.803+0900][5.901s][info][gc,heap        ] GC(531) PSYoungGen: 116136K(116736K)->0K(116736K) Eden: 58504K(58880K)->0K(58880K) From: 57632K(57856K)->0K(57856K)
[2026-03-22T19:50:55.803+0900][5.901s][info][gc,heap        ] GC(531) ParOldGen: 292271K(349696K)->103430K(349696K)
[2026-03-22T19:50:55.803+0900][5.901s][info][gc,metaspace   ] GC(531) Metaspace: 341K(512K)->341K(512K) NonClass: 323K(384K)->323K(384K) Class: 17K(128K)->17K(128K)
[2026-03-22T19:50:55.803+0900][5.901s][info][gc             ] GC(531) Pause Full (Ergonomics) 398M->101M(455M) 8.343ms
[2026-03-22T19:50:55.803+0900][5.901s][info][gc,cpu         ] GC(531) User=0.00s Sys=0.00s Real=0.01s
[2026-03-22T19:50:55.809+0900][5.908s][info][gc,start       ] GC(532) Pause Young (Allocation Failure)
[2026-03-22T19:50:55.812+0900][5.910s][info][gc,heap        ] GC(532) PSYoungGen: 58504K(116736K)->57632K(116736K) Eden: 58504K(58880K)->0K(58880K) From: 0K(57856K)->57632K(57856K)
[2026-03-22T19:50:55.812+0900][5.911s][info][gc,heap        ] GC(532) ParOldGen: 103430K(349696K)->103430K(349696K)
[2026-03-22T19:50:55.812+0900][5.911s][info][gc,metaspace   ] GC(532) Metaspace: 341K(512K)->341K(512K) NonClass: 323K(384K)->323K(384K) Class: 17K(128K)->17K(128K)
[2026-03-22T19:50:55.812+0900][5.911s][info][gc             ] GC(532) Pause Young (Allocation Failure) 158M->157M(455M) 2.712ms
[2026-03-22T19:50:55.812+0900][5.911s][info][gc,cpu         ] GC(532) User=0.00s Sys=0.00s Real=0.00s
[2026-03-22T19:50:55.818+0900][5.916s][info][gc,start       ] GC(533) Pause Young (Allocation Failure)
[2026-03-22T19:50:55.822+0900][5.920s][info][gc,heap        ] GC(533) PSYoungGen: 116136K(116736K)->57632K(116736K) Eden: 58504K(58880K)->0K(58880K) From: 57632K(57856K)->57632K(57856K)
[2026-03-22T19:50:55.822+0900][5.921s][info][gc,heap        ] GC(533) ParOldGen: 103430K(349696K)->150638K(349696K)
[2026-03-22T19:50:55.822+0900][5.921s][info][gc,metaspace   ] GC(533) Metaspace: 341K(512K)->341K(512K) NonClass: 323K(384K)->323K(384K) Class: 17K(128K)->17K(128K)
[2026-03-22T19:50:55.822+0900][5.921s][info][gc             ] GC(533) Pause Young (Allocation Failure) 214M->203M(455M) 4.086ms
[2026-03-22T19:50:55.822+0900][5.921s][info][gc,cpu         ] GC(533) User=0.00s Sys=0.00s Real=0.00s
[2026-03-22T19:50:55.828+0900][5.927s][info][gc,start       ] GC(534) Pause Young (Allocation Failure)
[2026-03-22T19:50:55.833+0900][5.931s][info][gc,heap        ] GC(534) PSYoungGen: 116136K(116736K)->57632K(116736K) Eden: 58504K(58880K)->0K(58880K) From: 57632K(57856K)->57632K(57856K)
[2026-03-22T19:50:55.833+0900][5.931s][info][gc,heap        ] GC(534) ParOldGen: 150638K(349696K)->197847K(349696K)
[2026-03-22T19:50:55.833+0900][5.931s][info][gc,metaspace   ] GC(534) Metaspace: 341K(512K)->341K(512K) NonClass: 323K(384K)->323K(384K) Class: 17K(128K)->17K(128K)
[2026-03-22T19:50:55.833+0900][5.931s][info][gc             ] GC(534) Pause Young (Allocation Failure) 260M->249M(455M) 4.395ms
[2026-03-22T19:50:55.833+0900][5.932s][info][gc,cpu         ] GC(534) User=0.00s Sys=0.00s Real=0.00s
[2026-03-22T19:50:55.838+0900][5.937s][info][gc,start       ] GC(535) Pause Young (Allocation Failure)
[2026-03-22T19:50:55.842+0900][5.941s][info][gc,heap        ] GC(535) PSYoungGen: 116136K(116736K)->57632K(116736K) Eden: 58504K(58880K)->0K(58880K) From: 57632K(57856K)->57632K(57856K)
[2026-03-22T19:50:55.842+0900][5.941s][info][gc,heap        ] GC(535) ParOldGen: 197847K(349696K)->245063K(349696K)
[2026-03-22T19:50:55.842+0900][5.941s][info][gc,metaspace   ] GC(535) Metaspace: 341K(512K)->341K(512K) NonClass: 323K(384K)->323K(384K) Class: 17K(128K)->17K(128K)
[2026-03-22T19:50:55.842+0900][5.941s][info][gc             ] GC(535) Pause Young (Allocation Failure) 306M->295M(455M) 4.087ms
[2026-03-22T19:50:55.842+0900][5.941s][info][gc,cpu         ] GC(535) User=0.00s Sys=0.00s Real=0.00s
[2026-03-22T19:50:55.850+0900][5.948s][info][gc,start       ] GC(536) Pause Young (Allocation Failure)
[2026-03-22T19:50:55.854+0900][5.952s][info][gc,heap        ] GC(536) PSYoungGen: 116136K(116736K)->57632K(116736K) Eden: 58504K(58880K)->0K(58880K) From: 57632K(57856K)->57632K(57856K)
[2026-03-22T19:50:55.854+0900][5.952s][info][gc,heap        ] GC(536) ParOldGen: 245063K(349696K)->292271K(349696K)
[2026-03-22T19:50:55.854+0900][5.953s][info][gc,metaspace   ] GC(536) Metaspace: 341K(512K)->341K(512K) NonClass: 323K(384K)->323K(384K) Class: 17K(128K)->17K(128K)
[2026-03-22T19:50:55.854+0900][5.953s][info][gc             ] GC(536) Pause Young (Allocation Failure) 352M->341M(455M) 4.270ms
[2026-03-22T19:50:55.854+0900][5.953s][info][gc,cpu         ] GC(536) User=0.11s Sys=0.00s Real=0.00s
[2026-03-22T19:50:55.860+0900][5.959s][info][gc,start       ] GC(537) Pause Full (Ergonomics)
[2026-03-22T19:50:55.860+0900][5.959s][info][gc,phases,start] GC(537) Marking Phase
[2026-03-22T19:50:55.862+0900][5.960s][info][gc,phases      ] GC(537) Marking Phase 1.621ms
[2026-03-22T19:50:55.862+0900][5.960s][info][gc,phases,start] GC(537) Summary Phase
[2026-03-22T19:50:55.862+0900][5.960s][info][gc,phases      ] GC(537) Summary Phase 0.016ms
[2026-03-22T19:50:55.862+0900][5.960s][info][gc,phases,start] GC(537) Adjust Roots
[2026-03-22T19:50:55.862+0900][5.961s][info][gc,phases      ] GC(537) Adjust Roots 0.243ms
[2026-03-22T19:50:55.862+0900][5.961s][info][gc,phases,start] GC(537) Compaction Phase
[2026-03-22T19:50:55.867+0900][5.965s][info][gc,phases      ] GC(537) Compaction Phase 4.827ms
[2026-03-22T19:50:55.867+0900][5.965s][info][gc,phases,start] GC(537) Post Compact
[2026-03-22T19:50:55.868+0900][5.967s][info][gc,phases      ] GC(537) Post Compact 1.262ms
[2026-03-22T19:50:55.868+0900][5.967s][info][gc,heap        ] GC(537) PSYoungGen: 116136K(116736K)->0K(116736K) Eden: 58504K(58880K)->0K(58880K) From: 57632K(57856K)->0K(57856K)
[2026-03-22T19:50:55.868+0900][5.967s][info][gc,heap        ] GC(537) ParOldGen: 292271K(349696K)->103430K(349696K)
[2026-03-22T19:50:55.868+0900][5.967s][info][gc,metaspace   ] GC(537) Metaspace: 341K(512K)->341K(512K) NonClass: 323K(384K)->323K(384K) Class: 17K(128K)->17K(128K)
[2026-03-22T19:50:55.868+0900][5.967s][info][gc             ] GC(537) Pause Full (Ergonomics) 398M->101M(455M) 8.233ms
[2026-03-22T19:50:55.868+0900][5.967s][info][gc,cpu         ] GC(537) User=0.00s Sys=0.00s Real=0.01s
[2026-03-22T19:50:55.875+0900][5.974s][info][gc,start       ] GC(538) Pause Young (Allocation Failure)
[2026-03-22T19:50:55.877+0900][5.976s][info][gc,heap        ] GC(538) PSYoungGen: 58504K(116736K)->57632K(116736K) Eden: 58504K(58880K)->0K(58880K) From: 0K(57856K)->57632K(57856K)
[2026-03-22T19:50:55.877+0900][5.976s][info][gc,heap        ] GC(538) ParOldGen: 103430K(349696K)->103430K(349696K)
[2026-03-22T19:50:55.877+0900][5.976s][info][gc,metaspace   ] GC(538) Metaspace: 341K(512K)->341K(512K) NonClass: 323K(384K)->323K(384K) Class: 17K(128K)->17K(128K)
[2026-03-22T19:50:55.877+0900][5.976s][info][gc             ] GC(538) Pause Young (Allocation Failure) 158M->157M(455M) 2.469ms
[2026-03-22T19:50:55.877+0900][5.976s][info][gc,cpu         ] GC(538) User=0.00s Sys=0.00s Real=0.00s
[2026-03-22T19:50:55.884+0900][5.982s][info][gc,start       ] GC(539) Pause Young (Allocation Failure)
[2026-03-22T19:50:55.888+0900][5.986s][info][gc,heap        ] GC(539) PSYoungGen: 116136K(116736K)->57632K(116736K) Eden: 58504K(58880K)->0K(58880K) From: 57632K(57856K)->57632K(57856K)
[2026-03-22T19:50:55.888+0900][5.986s][info][gc,heap        ] GC(539) ParOldGen: 103430K(349696K)->150638K(349696K)
[2026-03-22T19:50:55.888+0900][5.986s][info][gc,metaspace   ] GC(539) Metaspace: 341K(512K)->341K(512K) NonClass: 323K(384K)->323K(384K) Class: 17K(128K)->17K(128K)
[2026-03-22T19:50:55.888+0900][5.986s][info][gc             ] GC(539) Pause Young (Allocation Failure) 214M->203M(455M) 4.056ms
[2026-03-22T19:50:55.888+0900][5.986s][info][gc,cpu         ] GC(539) User=0.12s Sys=0.00s Real=0.00s
[2026-03-22T19:50:55.893+0900][5.992s][info][gc,start       ] GC(540) Pause Young (Allocation Failure)
[2026-03-22T19:50:55.898+0900][5.997s][info][gc,heap        ] GC(540) PSYoungGen: 116136K(116736K)->57632K(116736K) Eden: 58504K(58880K)->0K(58880K) From: 57632K(57856K)->57632K(57856K)
[2026-03-22T19:50:55.898+0900][5.997s][info][gc,heap        ] GC(540) ParOldGen: 150638K(349696K)->197847K(349696K)
[2026-03-22T19:50:55.898+0900][5.997s][info][gc,metaspace   ] GC(540) Metaspace: 341K(512K)->341K(512K) NonClass: 323K(384K)->323K(384K) Class: 17K(128K)->17K(128K)
[2026-03-22T19:50:55.898+0900][5.997s][info][gc             ] GC(540) Pause Young (Allocation Failure) 260M->249M(455M) 4.466ms
[2026-03-22T19:50:55.898+0900][5.997s][info][gc,cpu         ] GC(540) User=0.00s Sys=0.00s Real=0.01s
[2026-03-22T19:50:55.903+0900][6.003s][info][gc,start       ] GC(541) Pause Young (Allocation Failure)
[2026-03-22T19:50:55.908+0900][6.007s][info][gc,heap        ] GC(541) PSYoungGen: 116136K(116736K)->57632K(116736K) Eden: 58504K(58880K)->0K(58880K) From: 57632K(57856K)->57632K(57856K)
[2026-03-22T19:50:55.908+0900][6.007s][info][gc,heap        ] GC(541) ParOldGen: 197847K(349696K)->245063K(349696K)
[2026-03-22T19:50:55.908+0900][6.007s][info][gc,metaspace   ] GC(541) Metaspace: 341K(512K)->341K(512K) NonClass: 323K(384K)->323K(384K) Class: 17K(128K)->17K(128K)
[2026-03-22T19:50:55.908+0900][6.007s][info][gc             ] GC(541) Pause Young (Allocation Failure) 306M->295M(455M) 4.382ms
[2026-03-22T19:50:55.908+0900][6.007s][info][gc,cpu         ] GC(541) User=0.00s Sys=0.00s Real=0.00s
[2026-03-22T19:50:55.915+0900][6.013s][info][gc,start       ] GC(542) Pause Young (Allocation Failure)
[2026-03-22T19:50:55.919+0900][6.018s][info][gc,heap        ] GC(542) PSYoungGen: 116136K(116736K)->57632K(116736K) Eden: 58504K(58880K)->0K(58880K) From: 57632K(57856K)->57632K(57856K)
[2026-03-22T19:50:55.919+0900][6.018s][info][gc,heap        ] GC(542) ParOldGen: 245063K(349696K)->292271K(349696K)
[2026-03-22T19:50:55.919+0900][6.018s][info][gc,metaspace   ] GC(542) Metaspace: 341K(512K)->341K(512K) NonClass: 323K(384K)->323K(384K) Class: 17K(128K)->17K(128K)
[2026-03-22T19:50:55.919+0900][6.018s][info][gc             ] GC(542) Pause Young (Allocation Failure) 352M->341M(455M) 4.519ms
[2026-03-22T19:50:55.919+0900][6.018s][info][gc,cpu         ] GC(542) User=0.12s Sys=0.00s Real=0.00s
[2026-03-22T19:50:55.926+0900][6.025s][info][gc,start       ] GC(543) Pause Full (Ergonomics)
[2026-03-22T19:50:55.926+0900][6.025s][info][gc,phases,start] GC(543) Marking Phase
[2026-03-22T19:50:55.927+0900][6.026s][info][gc,phases      ] GC(543) Marking Phase 1.395ms
[2026-03-22T19:50:55.927+0900][6.026s][info][gc,phases,start] GC(543) Summary Phase
[2026-03-22T19:50:55.927+0900][6.026s][info][gc,phases      ] GC(543) Summary Phase 0.018ms
[2026-03-22T19:50:55.927+0900][6.026s][info][gc,phases,start] GC(543) Adjust Roots
[2026-03-22T19:50:55.928+0900][6.027s][info][gc,phases      ] GC(543) Adjust Roots 0.352ms
[2026-03-22T19:50:55.928+0900][6.027s][info][gc,phases,start] GC(543) Compaction Phase
[2026-03-22T19:50:55.933+0900][6.031s][info][gc,phases      ] GC(543) Compaction Phase 4.831ms
[2026-03-22T19:50:55.933+0900][6.031s][info][gc,phases,start] GC(543) Post Compact
[2026-03-22T19:50:55.934+0900][6.033s][info][gc,phases      ] GC(543) Post Compact 1.370ms
[2026-03-22T19:50:55.934+0900][6.033s][info][gc,heap        ] GC(543) PSYoungGen: 116136K(116736K)->0K(116736K) Eden: 58504K(58880K)->0K(58880K) From: 57632K(57856K)->0K(57856K)
[2026-03-22T19:50:55.934+0900][6.033s][info][gc,heap        ] GC(543) ParOldGen: 292271K(349696K)->103430K(349696K)
[2026-03-22T19:50:55.934+0900][6.033s][info][gc,metaspace   ] GC(543) Metaspace: 341K(512K)->341K(512K) NonClass: 323K(384K)->323K(384K) Class: 17K(128K)->17K(128K)
[2026-03-22T19:50:55.934+0900][6.033s][info][gc             ] GC(543) Pause Full (Ergonomics) 398M->101M(455M) 8.256ms
[2026-03-22T19:50:55.934+0900][6.033s][info][gc,cpu         ] GC(543) User=0.12s Sys=0.00s Real=0.01s
[2026-03-22T19:50:55.941+0900][6.039s][info][gc,start       ] GC(544) Pause Young (Allocation Failure)
[2026-03-22T19:50:55.944+0900][6.042s][info][gc,heap        ] GC(544) PSYoungGen: 58504K(116736K)->57632K(116736K) Eden: 58504K(58880K)->0K(58880K) From: 0K(57856K)->57632K(57856K)
[2026-03-22T19:50:55.944+0900][6.042s][info][gc,heap        ] GC(544) ParOldGen: 103430K(349696K)->103430K(349696K)
[2026-03-22T19:50:55.944+0900][6.042s][info][gc,metaspace   ] GC(544) Metaspace: 341K(512K)->341K(512K) NonClass: 323K(384K)->323K(384K) Class: 17K(128K)->17K(128K)
[2026-03-22T19:50:55.944+0900][6.042s][info][gc             ] GC(544) Pause Young (Allocation Failure) 158M->157M(455M) 2.731ms
[2026-03-22T19:50:55.944+0900][6.042s][info][gc,cpu         ] GC(544) User=0.00s Sys=0.00s Real=0.00s
[2026-03-22T19:50:55.950+0900][6.049s][info][gc,start       ] GC(545) Pause Young (Allocation Failure)
[2026-03-22T19:50:55.954+0900][6.053s][info][gc,heap        ] GC(545) PSYoungGen: 116136K(116736K)->57632K(116736K) Eden: 58504K(58880K)->0K(58880K) From: 57632K(57856K)->57632K(57856K)
[2026-03-22T19:50:55.954+0900][6.053s][info][gc,heap        ] GC(545) ParOldGen: 103430K(349696K)->150638K(349696K)
[2026-03-22T19:50:55.954+0900][6.053s][info][gc,metaspace   ] GC(545) Metaspace: 341K(512K)->341K(512K) NonClass: 323K(384K)->323K(384K) Class: 17K(128K)->17K(128K)
[2026-03-22T19:50:55.954+0900][6.053s][info][gc             ] GC(545) Pause Young (Allocation Failure) 214M->203M(455M) 4.223ms
[2026-03-22T19:50:55.954+0900][6.053s][info][gc,cpu         ] GC(545) User=0.00s Sys=0.00s Real=0.00s
[2026-03-22T19:50:55.961+0900][6.059s][info][gc,start       ] GC(546) Pause Young (Allocation Failure)
[2026-03-22T19:50:55.965+0900][6.064s][info][gc,heap        ] GC(546) PSYoungGen: 116136K(116736K)->57632K(116736K) Eden: 58504K(58880K)->0K(58880K) From: 57632K(57856K)->57632K(57856K)
[2026-03-22T19:50:55.965+0900][6.064s][info][gc,heap        ] GC(546) ParOldGen: 150638K(349696K)->197847K(349696K)
[2026-03-22T19:50:55.965+0900][6.064s][info][gc,metaspace   ] GC(546) Metaspace: 341K(512K)->341K(512K) NonClass: 323K(384K)->323K(384K) Class: 17K(128K)->17K(128K)
[2026-03-22T19:50:55.965+0900][6.064s][info][gc             ] GC(546) Pause Young (Allocation Failure) 260M->249M(455M) 4.214ms
[2026-03-22T19:50:55.965+0900][6.064s][info][gc,cpu         ] GC(546) User=0.12s Sys=0.00s Real=0.00s
[2026-03-22T19:50:55.971+0900][6.070s][info][gc,start       ] GC(547) Pause Young (Allocation Failure)
[2026-03-22T19:50:55.975+0900][6.074s][info][gc,heap        ] GC(547) PSYoungGen: 116136K(116736K)->57632K(116736K) Eden: 58504K(58880K)->0K(58880K) From: 57632K(57856K)->57632K(57856K)
[2026-03-22T19:50:55.975+0900][6.074s][info][gc,heap        ] GC(547) ParOldGen: 197847K(349696K)->245063K(349696K)
[2026-03-22T19:50:55.975+0900][6.074s][info][gc,metaspace   ] GC(547) Metaspace: 341K(512K)->341K(512K) NonClass: 323K(384K)->323K(384K) Class: 17K(128K)->17K(128K)
[2026-03-22T19:50:55.975+0900][6.074s][info][gc             ] GC(547) Pause Young (Allocation Failure) 306M->295M(455M) 4.011ms
[2026-03-22T19:50:55.975+0900][6.074s][info][gc,cpu         ] GC(547) User=0.00s Sys=0.00s Real=0.00s
[2026-03-22T19:50:55.982+0900][6.080s][info][gc,start       ] GC(548) Pause Young (Allocation Failure)
[2026-03-22T19:50:55.986+0900][6.085s][info][gc,heap        ] GC(548) PSYoungGen: 116136K(116736K)->57632K(116736K) Eden: 58504K(58880K)->0K(58880K) From: 57632K(57856K)->57632K(57856K)
[2026-03-22T19:50:55.987+0900][6.085s][info][gc,heap        ] GC(548) ParOldGen: 245063K(349696K)->292255K(349696K)
[2026-03-22T19:50:55.987+0900][6.085s][info][gc,metaspace   ] GC(548) Metaspace: 341K(512K)->341K(512K) NonClass: 323K(384K)->323K(384K) Class: 17K(128K)->17K(128K)
[2026-03-22T19:50:55.987+0900][6.085s][info][gc             ] GC(548) Pause Young (Allocation Failure) 352M->341M(455M) 4.904ms
[2026-03-22T19:50:55.987+0900][6.085s][info][gc,cpu         ] GC(548) User=0.00s Sys=0.00s Real=0.00s
[2026-03-22T19:50:55.993+0900][6.092s][info][gc,start       ] GC(549) Pause Full (Ergonomics)
[2026-03-22T19:50:55.993+0900][6.092s][info][gc,phases,start] GC(549) Marking Phase
[2026-03-22T19:50:55.995+0900][6.094s][info][gc,phases      ] GC(549) Marking Phase 1.607ms
[2026-03-22T19:50:55.995+0900][6.094s][info][gc,phases,start] GC(549) Summary Phase
[2026-03-22T19:50:55.995+0900][6.094s][info][gc,phases      ] GC(549) Summary Phase 0.028ms
[2026-03-22T19:50:55.995+0900][6.094s][info][gc,phases,start] GC(549) Adjust Roots
[2026-03-22T19:50:55.995+0900][6.094s][info][gc,phases      ] GC(549) Adjust Roots 0.263ms
[2026-03-22T19:50:55.995+0900][6.094s][info][gc,phases,start] GC(549) Compaction Phase
[2026-03-22T19:50:56.001+0900][6.099s][info][gc,phases      ] GC(549) Compaction Phase 5.002ms
[2026-03-22T19:50:56.001+0900][6.100s][info][gc,phases,start] GC(549) Post Compact
[2026-03-22T19:50:56.003+0900][6.101s][info][gc,phases      ] GC(549) Post Compact 1.793ms
[2026-03-22T19:50:56.003+0900][6.101s][info][gc,heap        ] GC(549) PSYoungGen: 116136K(116736K)->0K(116736K) Eden: 58504K(58880K)->0K(58880K) From: 57632K(57856K)->0K(57856K)
[2026-03-22T19:50:56.003+0900][6.101s][info][gc,heap        ] GC(549) ParOldGen: 292255K(349696K)->103430K(349696K)
[2026-03-22T19:50:56.003+0900][6.101s][info][gc,metaspace   ] GC(549) Metaspace: 341K(512K)->341K(512K) NonClass: 323K(384K)->323K(384K) Class: 17K(128K)->17K(128K)
[2026-03-22T19:50:56.003+0900][6.101s][info][gc             ] GC(549) Pause Full (Ergonomics) 398M->101M(455M) 9.198ms
[2026-03-22T19:50:56.003+0900][6.101s][info][gc,cpu         ] GC(549) User=0.02s Sys=0.00s Real=0.01s
[2026-03-22T19:50:56.009+0900][6.108s][info][gc,start       ] GC(550) Pause Young (Allocation Failure)
[2026-03-22T19:50:56.012+0900][6.111s][info][gc,heap        ] GC(550) PSYoungGen: 58504K(116736K)->57632K(116736K) Eden: 58504K(58880K)->0K(58880K) From: 0K(57856K)->57632K(57856K)
[2026-03-22T19:50:56.012+0900][6.111s][info][gc,heap        ] GC(550) ParOldGen: 103430K(349696K)->103430K(349696K)
[2026-03-22T19:50:56.012+0900][6.111s][info][gc,metaspace   ] GC(550) Metaspace: 341K(512K)->341K(512K) NonClass: 323K(384K)->323K(384K) Class: 17K(128K)->17K(128K)
[2026-03-22T19:50:56.012+0900][6.111s][info][gc             ] GC(550) Pause Young (Allocation Failure) 158M->157M(455M) 2.994ms
[2026-03-22T19:50:56.012+0900][6.111s][info][gc,cpu         ] GC(550) User=0.03s Sys=0.00s Real=0.00s
[2026-03-22T19:50:56.018+0900][6.117s][info][gc,start       ] GC(551) Pause Young (Allocation Failure)
[2026-03-22T19:50:56.023+0900][6.122s][info][gc,heap        ] GC(551) PSYoungGen: 116136K(116736K)->57568K(116736K) Eden: 58504K(58880K)->0K(58880K) From: 57632K(57856K)->57568K(57856K)
[2026-03-22T19:50:56.023+0900][6.122s][info][gc,heap        ] GC(551) ParOldGen: 103430K(349696K)->150614K(349696K)
[2026-03-22T19:50:56.023+0900][6.122s][info][gc,metaspace   ] GC(551) Metaspace: 341K(512K)->341K(512K) NonClass: 323K(384K)->323K(384K) Class: 17K(128K)->17K(128K)
[2026-03-22T19:50:56.023+0900][6.122s][info][gc             ] GC(551) Pause Young (Allocation Failure) 214M->203M(455M) 4.715ms
[2026-03-22T19:50:56.023+0900][6.122s][info][gc,cpu         ] GC(551) User=0.00s Sys=0.00s Real=0.01s
[2026-03-22T19:50:56.029+0900][6.128s][info][gc,start       ] GC(552) Pause Young (Allocation Failure)
[2026-03-22T19:50:56.033+0900][6.132s][info][gc,heap        ] GC(552) PSYoungGen: 116072K(116736K)->57632K(116736K) Eden: 58504K(58880K)->0K(58880K) From: 57568K(57856K)->57632K(57856K)
[2026-03-22T19:50:56.033+0900][6.132s][info][gc,heap        ] GC(552) ParOldGen: 150614K(349696K)->197823K(349696K)
[2026-03-22T19:50:56.033+0900][6.132s][info][gc,metaspace   ] GC(552) Metaspace: 341K(512K)->341K(512K) NonClass: 323K(384K)->323K(384K) Class: 17K(128K)->17K(128K)
[2026-03-22T19:50:56.033+0900][6.132s][info][gc             ] GC(552) Pause Young (Allocation Failure) 260M->249M(455M) 4.255ms
[2026-03-22T19:50:56.033+0900][6.132s][info][gc,cpu         ] GC(552) User=0.00s Sys=0.00s Real=0.00s
[2026-03-22T19:50:56.040+0900][6.139s][info][gc,start       ] GC(553) Pause Young (Allocation Failure)
[2026-03-22T19:50:56.044+0900][6.143s][info][gc,heap        ] GC(553) PSYoungGen: 116136K(116736K)->57632K(116736K) Eden: 58504K(58880K)->0K(58880K) From: 57632K(57856K)->57632K(57856K)
[2026-03-22T19:50:56.044+0900][6.143s][info][gc,heap        ] GC(553) ParOldGen: 197823K(349696K)->245039K(349696K)
[2026-03-22T19:50:56.044+0900][6.143s][info][gc,metaspace   ] GC(553) Metaspace: 341K(512K)->341K(512K) NonClass: 323K(384K)->323K(384K) Class: 17K(128K)->17K(128K)
[2026-03-22T19:50:56.044+0900][6.143s][info][gc             ] GC(553) Pause Young (Allocation Failure) 306M->295M(455M) 4.603ms
[2026-03-22T19:50:56.044+0900][6.143s][info][gc,cpu         ] GC(553) User=0.12s Sys=0.00s Real=0.00s
[2026-03-22T19:50:56.050+0900][6.149s][info][gc,start       ] GC(554) Pause Young (Allocation Failure)
[2026-03-22T19:50:56.055+0900][6.154s][info][gc,heap        ] GC(554) PSYoungGen: 116136K(116736K)->57632K(116736K) Eden: 58504K(58880K)->0K(58880K) From: 57632K(57856K)->57632K(57856K)
[2026-03-22T19:50:56.055+0900][6.154s][info][gc,heap        ] GC(554) ParOldGen: 245039K(349696K)->292247K(349696K)
[2026-03-22T19:50:56.055+0900][6.154s][info][gc,metaspace   ] GC(554) Metaspace: 341K(512K)->341K(512K) NonClass: 323K(384K)->323K(384K) Class: 17K(128K)->17K(128K)
[2026-03-22T19:50:56.055+0900][6.154s][info][gc             ] GC(554) Pause Young (Allocation Failure) 352M->341M(455M) 4.727ms
[2026-03-22T19:50:56.055+0900][6.154s][info][gc,cpu         ] GC(554) User=0.00s Sys=0.00s Real=0.01s
[2026-03-22T19:50:56.061+0900][6.160s][info][gc,start       ] GC(555) Pause Full (Ergonomics)
[2026-03-22T19:50:56.061+0900][6.160s][info][gc,phases,start] GC(555) Marking Phase
[2026-03-22T19:50:56.063+0900][6.162s][info][gc,phases      ] GC(555) Marking Phase 1.401ms
[2026-03-22T19:50:56.063+0900][6.162s][info][gc,phases,start] GC(555) Summary Phase
[2026-03-22T19:50:56.063+0900][6.162s][info][gc,phases      ] GC(555) Summary Phase 0.047ms
[2026-03-22T19:50:56.063+0900][6.162s][info][gc,phases,start] GC(555) Adjust Roots
[2026-03-22T19:50:56.063+0900][6.162s][info][gc,phases      ] GC(555) Adjust Roots 0.329ms
[2026-03-22T19:50:56.063+0900][6.162s][info][gc,phases,start] GC(555) Compaction Phase
[2026-03-22T19:50:56.069+0900][6.167s][info][gc,phases      ] GC(555) Compaction Phase 4.888ms
[2026-03-22T19:50:56.069+0900][6.167s][info][gc,phases,start] GC(555) Post Compact
[2026-03-22T19:50:56.070+0900][6.169s][info][gc,phases      ] GC(555) Post Compact 1.611ms
[2026-03-22T19:50:56.070+0900][6.169s][info][gc,heap        ] GC(555) PSYoungGen: 116136K(116736K)->0K(116736K) Eden: 58504K(58880K)->0K(58880K) From: 57632K(57856K)->0K(57856K)
[2026-03-22T19:50:56.070+0900][6.169s][info][gc,heap        ] GC(555) ParOldGen: 292247K(349696K)->103430K(349696K)
[2026-03-22T19:50:56.070+0900][6.169s][info][gc,metaspace   ] GC(555) Metaspace: 341K(512K)->341K(512K) NonClass: 323K(384K)->323K(384K) Class: 17K(128K)->17K(128K)
[2026-03-22T19:50:56.070+0900][6.169s][info][gc             ] GC(555) Pause Full (Ergonomics) 398M->101M(455M) 8.648ms
[2026-03-22T19:50:56.070+0900][6.169s][info][gc,cpu         ] GC(555) User=0.00s Sys=0.00s Real=0.01s
[2026-03-22T19:50:56.076+0900][6.175s][info][gc,start       ] GC(556) Pause Young (Allocation Failure)
[2026-03-22T19:50:56.079+0900][6.178s][info][gc,heap        ] GC(556) PSYoungGen: 58504K(116736K)->57632K(116736K) Eden: 58504K(58880K)->0K(58880K) From: 0K(57856K)->57632K(57856K)
[2026-03-22T19:50:56.079+0900][6.178s][info][gc,heap        ] GC(556) ParOldGen: 103430K(349696K)->103430K(349696K)
[2026-03-22T19:50:56.079+0900][6.178s][info][gc,metaspace   ] GC(556) Metaspace: 341K(512K)->341K(512K) NonClass: 323K(384K)->323K(384K) Class: 17K(128K)->17K(128K)
[2026-03-22T19:50:56.079+0900][6.178s][info][gc             ] GC(556) Pause Young (Allocation Failure) 158M->157M(455M) 2.642ms
[2026-03-22T19:50:56.079+0900][6.178s][info][gc,cpu         ] GC(556) User=0.00s Sys=0.00s Real=0.00s
[2026-03-22T19:50:56.086+0900][6.184s][info][gc,start       ] GC(557) Pause Young (Allocation Failure)
[2026-03-22T19:50:56.090+0900][6.188s][info][gc,heap        ] GC(557) PSYoungGen: 116136K(116736K)->57632K(116736K) Eden: 58504K(58880K)->0K(58880K) From: 57632K(57856K)->57632K(57856K)
[2026-03-22T19:50:56.090+0900][6.189s][info][gc,heap        ] GC(557) ParOldGen: 103430K(349696K)->150638K(349696K)
[2026-03-22T19:50:56.090+0900][6.189s][info][gc,metaspace   ] GC(557) Metaspace: 341K(512K)->341K(512K) NonClass: 323K(384K)->323K(384K) Class: 17K(128K)->17K(128K)
[2026-03-22T19:50:56.090+0900][6.189s][info][gc             ] GC(557) Pause Young (Allocation Failure) 214M->203M(455M) 4.297ms
[2026-03-22T19:50:56.090+0900][6.189s][info][gc,cpu         ] GC(557) User=0.12s Sys=0.00s Real=0.00s
[2026-03-22T19:50:56.098+0900][6.196s][info][gc,start       ] GC(558) Pause Young (Allocation Failure)
[2026-03-22T19:50:56.102+0900][6.200s][info][gc,heap        ] GC(558) PSYoungGen: 116136K(116736K)->57632K(116736K) Eden: 58504K(58880K)->0K(58880K) From: 57632K(57856K)->57632K(57856K)
[2026-03-22T19:50:56.102+0900][6.200s][info][gc,heap        ] GC(558) ParOldGen: 150638K(349696K)->197847K(349696K)
[2026-03-22T19:50:56.102+0900][6.200s][info][gc,metaspace   ] GC(558) Metaspace: 341K(512K)->341K(512K) NonClass: 323K(384K)->323K(384K) Class: 17K(128K)->17K(128K)
[2026-03-22T19:50:56.102+0900][6.200s][info][gc             ] GC(558) Pause Young (Allocation Failure) 260M->249M(455M) 4.092ms
[2026-03-22T19:50:56.102+0900][6.200s][info][gc,cpu         ] GC(558) User=0.00s Sys=0.00s Real=0.00s
[2026-03-22T19:50:56.108+0900][6.207s][info][gc,start       ] GC(559) Pause Young (Allocation Failure)
[2026-03-22T19:50:56.112+0900][6.211s][info][gc,heap        ] GC(559) PSYoungGen: 116136K(116736K)->57632K(116736K) Eden: 58504K(58880K)->0K(58880K) From: 57632K(57856K)->57632K(57856K)
[2026-03-22T19:50:56.112+0900][6.211s][info][gc,heap        ] GC(559) ParOldGen: 197847K(349696K)->245063K(349696K)
[2026-03-22T19:50:56.112+0900][6.211s][info][gc,metaspace   ] GC(559) Metaspace: 341K(512K)->341K(512K) NonClass: 323K(384K)->323K(384K) Class: 17K(128K)->17K(128K)
[2026-03-22T19:50:56.112+0900][6.212s][info][gc             ] GC(559) Pause Young (Allocation Failure) 306M->295M(455M) 4.538ms
[2026-03-22T19:50:56.112+0900][6.212s][info][gc,cpu         ] GC(559) User=0.00s Sys=0.00s Real=0.00s
[2026-03-22T19:50:56.119+0900][6.218s][info][gc,start       ] GC(560) Pause Young (Allocation Failure)
[2026-03-22T19:50:56.123+0900][6.222s][info][gc,heap        ] GC(560) PSYoungGen: 116136K(116736K)->57632K(116736K) Eden: 58504K(58880K)->0K(58880K) From: 57632K(57856K)->57632K(57856K)
[2026-03-22T19:50:56.123+0900][6.222s][info][gc,heap        ] GC(560) ParOldGen: 245063K(349696K)->292271K(349696K)
[2026-03-22T19:50:56.123+0900][6.222s][info][gc,metaspace   ] GC(560) Metaspace: 341K(512K)->341K(512K) NonClass: 323K(384K)->323K(384K) Class: 17K(128K)->17K(128K)
[2026-03-22T19:50:56.123+0900][6.222s][info][gc             ] GC(560) Pause Young (Allocation Failure) 352M->341M(455M) 4.058ms
[2026-03-22T19:50:56.123+0900][6.222s][info][gc,cpu         ] GC(560) User=0.00s Sys=0.00s Real=0.00s
[2026-03-22T19:50:56.129+0900][6.228s][info][gc,start       ] GC(561) Pause Full (Ergonomics)
[2026-03-22T19:50:56.129+0900][6.228s][info][gc,phases,start] GC(561) Marking Phase
[2026-03-22T19:50:56.131+0900][6.229s][info][gc,phases      ] GC(561) Marking Phase 1.438ms
[2026-03-22T19:50:56.131+0900][6.229s][info][gc,phases,start] GC(561) Summary Phase
[2026-03-22T19:50:56.131+0900][6.229s][info][gc,phases      ] GC(561) Summary Phase 0.024ms
[2026-03-22T19:50:56.131+0900][6.229s][info][gc,phases,start] GC(561) Adjust Roots
[2026-03-22T19:50:56.131+0900][6.230s][info][gc,phases      ] GC(561) Adjust Roots 0.321ms
[2026-03-22T19:50:56.131+0900][6.230s][info][gc,phases,start] GC(561) Compaction Phase
[2026-03-22T19:50:56.136+0900][6.235s][info][gc,phases      ] GC(561) Compaction Phase 4.751ms
[2026-03-22T19:50:56.136+0900][6.235s][info][gc,phases,start] GC(561) Post Compact
[2026-03-22T19:50:56.138+0900][6.236s][info][gc,phases      ] GC(561) Post Compact 1.729ms
[2026-03-22T19:50:56.138+0900][6.236s][info][gc,heap        ] GC(561) PSYoungGen: 116136K(116736K)->0K(116736K) Eden: 58504K(58880K)->0K(58880K) From: 57632K(57856K)->0K(57856K)
[2026-03-22T19:50:56.138+0900][6.236s][info][gc,heap        ] GC(561) ParOldGen: 292271K(349696K)->103430K(349696K)
[2026-03-22T19:50:56.138+0900][6.236s][info][gc,metaspace   ] GC(561) Metaspace: 341K(512K)->341K(512K) NonClass: 323K(384K)->323K(384K) Class: 17K(128K)->17K(128K)
[2026-03-22T19:50:56.138+0900][6.236s][info][gc             ] GC(561) Pause Full (Ergonomics) 398M->101M(455M) 8.585ms
[2026-03-22T19:50:56.138+0900][6.236s][info][gc,cpu         ] GC(561) User=0.11s Sys=0.02s Real=0.01s
[2026-03-22T19:50:56.143+0900][6.243s][info][gc,start       ] GC(562) Pause Young (Allocation Failure)
[2026-03-22T19:50:56.146+0900][6.245s][info][gc,heap        ] GC(562) PSYoungGen: 58504K(116736K)->57632K(116736K) Eden: 58504K(58880K)->0K(58880K) From: 0K(57856K)->57632K(57856K)
[2026-03-22T19:50:56.146+0900][6.245s][info][gc,heap        ] GC(562) ParOldGen: 103430K(349696K)->103430K(349696K)
[2026-03-22T19:50:56.146+0900][6.245s][info][gc,metaspace   ] GC(562) Metaspace: 341K(512K)->341K(512K) NonClass: 323K(384K)->323K(384K) Class: 17K(128K)->17K(128K)
[2026-03-22T19:50:56.146+0900][6.245s][info][gc             ] GC(562) Pause Young (Allocation Failure) 158M->157M(455M) 2.773ms
[2026-03-22T19:50:56.146+0900][6.245s][info][gc,cpu         ] GC(562) User=0.00s Sys=0.00s Real=0.00s
[2026-03-22T19:50:56.152+0900][6.251s][info][gc,start       ] GC(563) Pause Young (Allocation Failure)
[2026-03-22T19:50:56.156+0900][6.255s][info][gc,heap        ] GC(563) PSYoungGen: 116136K(116736K)->57632K(116736K) Eden: 58504K(58880K)->0K(58880K) From: 57632K(57856K)->57632K(57856K)
[2026-03-22T19:50:56.156+0900][6.255s][info][gc,heap        ] GC(563) ParOldGen: 103430K(349696K)->150638K(349696K)
[2026-03-22T19:50:56.156+0900][6.255s][info][gc,metaspace   ] GC(563) Metaspace: 341K(512K)->341K(512K) NonClass: 323K(384K)->323K(384K) Class: 17K(128K)->17K(128K)
[2026-03-22T19:50:56.156+0900][6.255s][info][gc             ] GC(563) Pause Young (Allocation Failure) 214M->203M(455M) 3.971ms
[2026-03-22T19:50:56.156+0900][6.255s][info][gc,cpu         ] GC(563) User=0.00s Sys=0.00s Real=0.00s
[2026-03-22T19:50:56.163+0900][6.262s][info][gc,start       ] GC(564) Pause Young (Allocation Failure)
[2026-03-22T19:50:56.167+0900][6.266s][info][gc,heap        ] GC(564) PSYoungGen: 116136K(116736K)->57632K(116736K) Eden: 58504K(58880K)->0K(58880K) From: 57632K(57856K)->57632K(57856K)
[2026-03-22T19:50:56.167+0900][6.266s][info][gc,heap        ] GC(564) ParOldGen: 150638K(349696K)->197847K(349696K)
[2026-03-22T19:50:56.167+0900][6.266s][info][gc,metaspace   ] GC(564) Metaspace: 341K(512K)->341K(512K) NonClass: 323K(384K)->323K(384K) Class: 17K(128K)->17K(128K)
[2026-03-22T19:50:56.167+0900][6.266s][info][gc             ] GC(564) Pause Young (Allocation Failure) 260M->249M(455M) 4.243ms
[2026-03-22T19:50:56.167+0900][6.266s][info][gc,cpu         ] GC(564) User=0.12s Sys=0.00s Real=0.00s
[2026-03-22T19:50:56.173+0900][6.272s][info][gc,start       ] GC(565) Pause Young (Allocation Failure)
[2026-03-22T19:50:56.177+0900][6.277s][info][gc,heap        ] GC(565) PSYoungGen: 116136K(116736K)->57632K(116736K) Eden: 58504K(58880K)->0K(58880K) From: 57632K(57856K)->57632K(57856K)
[2026-03-22T19:50:56.178+0900][6.277s][info][gc,heap        ] GC(565) ParOldGen: 197847K(349696K)->245063K(349696K)
[2026-03-22T19:50:56.178+0900][6.277s][info][gc,metaspace   ] GC(565) Metaspace: 341K(512K)->341K(512K) NonClass: 323K(384K)->323K(384K) Class: 17K(128K)->17K(128K)
[2026-03-22T19:50:56.178+0900][6.277s][info][gc             ] GC(565) Pause Young (Allocation Failure) 306M->295M(455M) 4.373ms
[2026-03-22T19:50:56.178+0900][6.277s][info][gc,cpu         ] GC(565) User=0.00s Sys=0.00s Real=0.00s
[2026-03-22T19:50:56.183+0900][6.283s][info][gc,start       ] GC(566) Pause Young (Allocation Failure)
[2026-03-22T19:50:56.188+0900][6.287s][info][gc,heap        ] GC(566) PSYoungGen: 116136K(116736K)->57632K(116736K) Eden: 58504K(58880K)->0K(58880K) From: 57632K(57856K)->57632K(57856K)
[2026-03-22T19:50:56.188+0900][6.287s][info][gc,heap        ] GC(566) ParOldGen: 245063K(349696K)->292271K(349696K)
[2026-03-22T19:50:56.188+0900][6.287s][info][gc,metaspace   ] GC(566) Metaspace: 341K(512K)->341K(512K) NonClass: 323K(384K)->323K(384K) Class: 17K(128K)->17K(128K)
[2026-03-22T19:50:56.188+0900][6.287s][info][gc             ] GC(566) Pause Young (Allocation Failure) 352M->341M(455M) 4.646ms
[2026-03-22T19:50:56.188+0900][6.287s][info][gc,cpu         ] GC(566) User=0.00s Sys=0.00s Real=0.00s
[2026-03-22T19:50:56.195+0900][6.294s][info][gc,start       ] GC(567) Pause Full (Ergonomics)
[2026-03-22T19:50:56.195+0900][6.294s][info][gc,phases,start] GC(567) Marking Phase
[2026-03-22T19:50:56.197+0900][6.296s][info][gc,phases      ] GC(567) Marking Phase 1.616ms
[2026-03-22T19:50:56.197+0900][6.296s][info][gc,phases,start] GC(567) Summary Phase
[2026-03-22T19:50:56.197+0900][6.296s][info][gc,phases      ] GC(567) Summary Phase 0.023ms
[2026-03-22T19:50:56.197+0900][6.296s][info][gc,phases,start] GC(567) Adjust Roots
[2026-03-22T19:50:56.197+0900][6.296s][info][gc,phases      ] GC(567) Adjust Roots 0.304ms
[2026-03-22T19:50:56.197+0900][6.296s][info][gc,phases,start] GC(567) Compaction Phase
[2026-03-22T19:50:56.203+0900][6.302s][info][gc,phases      ] GC(567) Compaction Phase 5.713ms
[2026-03-22T19:50:56.203+0900][6.302s][info][gc,phases,start] GC(567) Post Compact
[2026-03-22T19:50:56.204+0900][6.304s][info][gc,phases      ] GC(567) Post Compact 1.643ms
[2026-03-22T19:50:56.204+0900][6.304s][info][gc,heap        ] GC(567) PSYoungGen: 116136K(116736K)->0K(116736K) Eden: 58504K(58880K)->0K(58880K) From: 57632K(57856K)->0K(57856K)
[2026-03-22T19:50:56.205+0900][6.304s][info][gc,heap        ] GC(567) ParOldGen: 292271K(349696K)->103430K(349696K)
[2026-03-22T19:50:56.205+0900][6.304s][info][gc,metaspace   ] GC(567) Metaspace: 341K(512K)->341K(512K) NonClass: 323K(384K)->323K(384K) Class: 17K(128K)->17K(128K)
[2026-03-22T19:50:56.205+0900][6.304s][info][gc             ] GC(567) Pause Full (Ergonomics) 398M->101M(455M) 9.700ms
[2026-03-22T19:50:56.205+0900][6.304s][info][gc,cpu         ] GC(567) User=0.00s Sys=0.00s Real=0.01s
[2026-03-22T19:50:56.212+0900][6.311s][info][gc,start       ] GC(568) Pause Young (Allocation Failure)
[2026-03-22T19:50:56.215+0900][6.313s][info][gc,heap        ] GC(568) PSYoungGen: 58504K(116736K)->57632K(116736K) Eden: 58504K(58880K)->0K(58880K) From: 0K(57856K)->57632K(57856K)
[2026-03-22T19:50:56.215+0900][6.313s][info][gc,heap        ] GC(568) ParOldGen: 103430K(349696K)->103430K(349696K)
[2026-03-22T19:50:56.215+0900][6.313s][info][gc,metaspace   ] GC(568) Metaspace: 341K(512K)->341K(512K) NonClass: 323K(384K)->323K(384K) Class: 17K(128K)->17K(128K)
[2026-03-22T19:50:56.215+0900][6.313s][info][gc             ] GC(568) Pause Young (Allocation Failure) 158M->157M(455M) 2.713ms
[2026-03-22T19:50:56.215+0900][6.313s][info][gc,cpu         ] GC(568) User=0.06s Sys=0.00s Real=0.00s
[2026-03-22T19:50:56.222+0900][6.320s][info][gc,start       ] GC(569) Pause Young (Allocation Failure)
[2026-03-22T19:50:56.226+0900][6.324s][info][gc,heap        ] GC(569) PSYoungGen: 116136K(116736K)->57632K(116736K) Eden: 58504K(58880K)->0K(58880K) From: 57632K(57856K)->57632K(57856K)
[2026-03-22T19:50:56.226+0900][6.324s][info][gc,heap        ] GC(569) ParOldGen: 103430K(349696K)->150638K(349696K)
[2026-03-22T19:50:56.226+0900][6.324s][info][gc,metaspace   ] GC(569) Metaspace: 341K(512K)->341K(512K) NonClass: 323K(384K)->323K(384K) Class: 17K(128K)->17K(128K)
[2026-03-22T19:50:56.226+0900][6.324s][info][gc             ] GC(569) Pause Young (Allocation Failure) 214M->203M(455M) 4.511ms
[2026-03-22T19:50:56.226+0900][6.324s][info][gc,cpu         ] GC(569) User=0.00s Sys=0.00s Real=0.00s
[2026-03-22T19:50:56.232+0900][6.331s][info][gc,start       ] GC(570) Pause Young (Allocation Failure)
[2026-03-22T19:50:56.236+0900][6.335s][info][gc,heap        ] GC(570) PSYoungGen: 116136K(116736K)->57632K(116736K) Eden: 58504K(58880K)->0K(58880K) From: 57632K(57856K)->57632K(57856K)
[2026-03-22T19:50:56.236+0900][6.335s][info][gc,heap        ] GC(570) ParOldGen: 150638K(349696K)->197847K(349696K)
[2026-03-22T19:50:56.236+0900][6.335s][info][gc,metaspace   ] GC(570) Metaspace: 341K(512K)->341K(512K) NonClass: 323K(384K)->323K(384K) Class: 17K(128K)->17K(128K)
[2026-03-22T19:50:56.236+0900][6.335s][info][gc             ] GC(570) Pause Young (Allocation Failure) 260M->249M(455M) 4.109ms
[2026-03-22T19:50:56.236+0900][6.335s][info][gc,cpu         ] GC(570) User=0.00s Sys=0.00s Real=0.00s
[2026-03-22T19:50:56.243+0900][6.341s][info][gc,start       ] GC(571) Pause Young (Allocation Failure)
[2026-03-22T19:50:56.247+0900][6.345s][info][gc,heap        ] GC(571) PSYoungGen: 116136K(116736K)->57632K(116736K) Eden: 58504K(58880K)->0K(58880K) From: 57632K(57856K)->57632K(57856K)
[2026-03-22T19:50:56.247+0900][6.345s][info][gc,heap        ] GC(571) ParOldGen: 197847K(349696K)->245063K(349696K)
[2026-03-22T19:50:56.247+0900][6.345s][info][gc,metaspace   ] GC(571) Metaspace: 341K(512K)->341K(512K) NonClass: 323K(384K)->323K(384K) Class: 17K(128K)->17K(128K)
[2026-03-22T19:50:56.247+0900][6.345s][info][gc             ] GC(571) Pause Young (Allocation Failure) 306M->295M(455M) 4.313ms
[2026-03-22T19:50:56.247+0900][6.345s][info][gc,cpu         ] GC(571) User=0.12s Sys=0.00s Real=0.00s
[2026-03-22T19:50:56.253+0900][6.351s][info][gc,start       ] GC(572) Pause Young (Allocation Failure)
[2026-03-22T19:50:56.257+0900][6.355s][info][gc,heap        ] GC(572) PSYoungGen: 116136K(116736K)->57632K(116736K) Eden: 58504K(58880K)->0K(58880K) From: 57632K(57856K)->57632K(57856K)
[2026-03-22T19:50:56.257+0900][6.355s][info][gc,heap        ] GC(572) ParOldGen: 245063K(349696K)->292271K(349696K)
[2026-03-22T19:50:56.257+0900][6.355s][info][gc,metaspace   ] GC(572) Metaspace: 341K(512K)->341K(512K) NonClass: 323K(384K)->323K(384K) Class: 17K(128K)->17K(128K)
[2026-03-22T19:50:56.257+0900][6.355s][info][gc             ] GC(572) Pause Young (Allocation Failure) 352M->341M(455M) 4.157ms
[2026-03-22T19:50:56.257+0900][6.355s][info][gc,cpu         ] GC(572) User=0.00s Sys=0.00s Real=0.00s
[2026-03-22T19:50:56.263+0900][6.361s][info][gc,start       ] GC(573) Pause Full (Ergonomics)
[2026-03-22T19:50:56.263+0900][6.361s][info][gc,phases,start] GC(573) Marking Phase
[2026-03-22T19:50:56.264+0900][6.363s][info][gc,phases      ] GC(573) Marking Phase 1.357ms
[2026-03-22T19:50:56.264+0900][6.363s][info][gc,phases,start] GC(573) Summary Phase
[2026-03-22T19:50:56.264+0900][6.363s][info][gc,phases      ] GC(573) Summary Phase 0.017ms
[2026-03-22T19:50:56.264+0900][6.363s][info][gc,phases,start] GC(573) Adjust Roots
[2026-03-22T19:50:56.265+0900][6.363s][info][gc,phases      ] GC(573) Adjust Roots 0.221ms
[2026-03-22T19:50:56.265+0900][6.363s][info][gc,phases,start] GC(573) Compaction Phase
[2026-03-22T19:50:56.270+0900][6.368s][info][gc,phases      ] GC(573) Compaction Phase 5.082ms
[2026-03-22T19:50:56.270+0900][6.368s][info][gc,phases,start] GC(573) Post Compact
[2026-03-22T19:50:56.271+0900][6.370s][info][gc,phases      ] GC(573) Post Compact 1.542ms
[2026-03-22T19:50:56.271+0900][6.370s][info][gc,heap        ] GC(573) PSYoungGen: 116136K(116736K)->0K(116736K) Eden: 58504K(58880K)->0K(58880K) From: 57632K(57856K)->0K(57856K)
[2026-03-22T19:50:56.271+0900][6.370s][info][gc,heap        ] GC(573) ParOldGen: 292271K(349696K)->103430K(349696K)
[2026-03-22T19:50:56.271+0900][6.370s][info][gc,metaspace   ] GC(573) Metaspace: 341K(512K)->341K(512K) NonClass: 323K(384K)->323K(384K) Class: 17K(128K)->17K(128K)
[2026-03-22T19:50:56.271+0900][6.370s][info][gc             ] GC(573) Pause Full (Ergonomics) 398M->101M(455M) 8.622ms
[2026-03-22T19:50:56.271+0900][6.370s][info][gc,cpu         ] GC(573) User=0.00s Sys=0.00s Real=0.01s
[2026-03-22T19:50:56.278+0900][6.376s][info][gc,start       ] GC(574) Pause Young (Allocation Failure)
[2026-03-22T19:50:56.281+0900][6.379s][info][gc,heap        ] GC(574) PSYoungGen: 58504K(116736K)->57632K(116736K) Eden: 58504K(58880K)->0K(58880K) From: 0K(57856K)->57632K(57856K)
[2026-03-22T19:50:56.281+0900][6.379s][info][gc,heap        ] GC(574) ParOldGen: 103430K(349696K)->103430K(349696K)
[2026-03-22T19:50:56.281+0900][6.379s][info][gc,metaspace   ] GC(574) Metaspace: 341K(512K)->341K(512K) NonClass: 323K(384K)->323K(384K) Class: 17K(128K)->17K(128K)
[2026-03-22T19:50:56.281+0900][6.379s][info][gc             ] GC(574) Pause Young (Allocation Failure) 158M->157M(455M) 2.913ms
[2026-03-22T19:50:56.281+0900][6.379s][info][gc,cpu         ] GC(574) User=0.00s Sys=0.00s Real=0.00s
[2026-03-22T19:50:56.287+0900][6.385s][info][gc,start       ] GC(575) Pause Young (Allocation Failure)
[2026-03-22T19:50:56.290+0900][6.389s][info][gc,heap        ] GC(575) PSYoungGen: 116136K(116736K)->57632K(116736K) Eden: 58504K(58880K)->0K(58880K) From: 57632K(57856K)->57632K(57856K)
[2026-03-22T19:50:56.290+0900][6.389s][info][gc,heap        ] GC(575) ParOldGen: 103430K(349696K)->150638K(349696K)
[2026-03-22T19:50:56.290+0900][6.389s][info][gc,metaspace   ] GC(575) Metaspace: 341K(512K)->341K(512K) NonClass: 323K(384K)->323K(384K) Class: 17K(128K)->17K(128K)
[2026-03-22T19:50:56.290+0900][6.389s][info][gc             ] GC(575) Pause Young (Allocation Failure) 214M->203M(455M) 4.079ms
[2026-03-22T19:50:56.290+0900][6.389s][info][gc,cpu         ] GC(575) User=0.00s Sys=0.00s Real=0.00s
[2026-03-22T19:50:56.297+0900][6.395s][info][gc,start       ] GC(576) Pause Young (Allocation Failure)
[2026-03-22T19:50:56.301+0900][6.400s][info][gc,heap        ] GC(576) PSYoungGen: 116136K(116736K)->57632K(116736K) Eden: 58504K(58880K)->0K(58880K) From: 57632K(57856K)->57632K(57856K)
[2026-03-22T19:50:56.301+0900][6.400s][info][gc,heap        ] GC(576) ParOldGen: 150638K(349696K)->197847K(349696K)
[2026-03-22T19:50:56.301+0900][6.400s][info][gc,metaspace   ] GC(576) Metaspace: 341K(512K)->341K(512K) NonClass: 323K(384K)->323K(384K) Class: 17K(128K)->17K(128K)
[2026-03-22T19:50:56.301+0900][6.400s][info][gc             ] GC(576) Pause Young (Allocation Failure) 260M->249M(455M) 4.416ms
[2026-03-22T19:50:56.301+0900][6.400s][info][gc,cpu         ] GC(576) User=0.00s Sys=0.00s Real=0.00s
[2026-03-22T19:50:56.307+0900][6.406s][info][gc,start       ] GC(577) Pause Young (Allocation Failure)
[2026-03-22T19:50:56.312+0900][6.410s][info][gc,heap        ] GC(577) PSYoungGen: 116136K(116736K)->57632K(116736K) Eden: 58504K(58880K)->0K(58880K) From: 57632K(57856K)->57632K(57856K)
[2026-03-22T19:50:56.312+0900][6.410s][info][gc,heap        ] GC(577) ParOldGen: 197847K(349696K)->245063K(349696K)
[2026-03-22T19:50:56.312+0900][6.410s][info][gc,metaspace   ] GC(577) Metaspace: 341K(512K)->341K(512K) NonClass: 323K(384K)->323K(384K) Class: 17K(128K)->17K(128K)
[2026-03-22T19:50:56.312+0900][6.410s][info][gc             ] GC(577) Pause Young (Allocation Failure) 306M->295M(455M) 4.183ms
[2026-03-22T19:50:56.312+0900][6.410s][info][gc,cpu         ] GC(577) User=0.00s Sys=0.00s Real=0.01s
[2026-03-22T19:50:56.318+0900][6.417s][info][gc,start       ] GC(578) Pause Young (Allocation Failure)
[2026-03-22T19:50:56.323+0900][6.421s][info][gc,heap        ] GC(578) PSYoungGen: 116136K(116736K)->57632K(116736K) Eden: 58504K(58880K)->0K(58880K) From: 57632K(57856K)->57632K(57856K)
[2026-03-22T19:50:56.323+0900][6.421s][info][gc,heap        ] GC(578) ParOldGen: 245063K(349696K)->292271K(349696K)
[2026-03-22T19:50:56.323+0900][6.421s][info][gc,metaspace   ] GC(578) Metaspace: 341K(512K)->341K(512K) NonClass: 323K(384K)->323K(384K) Class: 17K(128K)->17K(128K)
[2026-03-22T19:50:56.323+0900][6.421s][info][gc             ] GC(578) Pause Young (Allocation Failure) 352M->341M(455M) 4.338ms
[2026-03-22T19:50:56.323+0900][6.421s][info][gc,cpu         ] GC(578) User=0.09s Sys=0.00s Real=0.00s
[2026-03-22T19:50:56.329+0900][6.428s][info][gc,start       ] GC(579) Pause Full (Ergonomics)
[2026-03-22T19:50:56.329+0900][6.428s][info][gc,phases,start] GC(579) Marking Phase
[2026-03-22T19:50:56.330+0900][6.429s][info][gc,phases      ] GC(579) Marking Phase 1.289ms
[2026-03-22T19:50:56.330+0900][6.429s][info][gc,phases,start] GC(579) Summary Phase
[2026-03-22T19:50:56.330+0900][6.429s][info][gc,phases      ] GC(579) Summary Phase 0.020ms
[2026-03-22T19:50:56.330+0900][6.429s][info][gc,phases,start] GC(579) Adjust Roots
[2026-03-22T19:50:56.330+0900][6.429s][info][gc,phases      ] GC(579) Adjust Roots 0.258ms
[2026-03-22T19:50:56.330+0900][6.429s][info][gc,phases,start] GC(579) Compaction Phase
[2026-03-22T19:50:56.336+0900][6.434s][info][gc,phases      ] GC(579) Compaction Phase 4.875ms
[2026-03-22T19:50:56.336+0900][6.434s][info][gc,phases,start] GC(579) Post Compact
[2026-03-22T19:50:56.337+0900][6.436s][info][gc,phases      ] GC(579) Post Compact 1.515ms
[2026-03-22T19:50:56.337+0900][6.436s][info][gc,heap        ] GC(579) PSYoungGen: 116136K(116736K)->0K(116736K) Eden: 58504K(58880K)->0K(58880K) From: 57632K(57856K)->0K(57856K)
[2026-03-22T19:50:56.337+0900][6.436s][info][gc,heap        ] GC(579) ParOldGen: 292271K(349696K)->103430K(349696K)
[2026-03-22T19:50:56.337+0900][6.436s][info][gc,metaspace   ] GC(579) Metaspace: 341K(512K)->341K(512K) NonClass: 323K(384K)->323K(384K) Class: 17K(128K)->17K(128K)
[2026-03-22T19:50:56.337+0900][6.436s][info][gc             ] GC(579) Pause Full (Ergonomics) 398M->101M(455M) 8.252ms
[2026-03-22T19:50:56.337+0900][6.436s][info][gc,cpu         ] GC(579) User=0.00s Sys=0.00s Real=0.01s
[2026-03-22T19:50:56.344+0900][6.442s][info][gc,start       ] GC(580) Pause Young (Allocation Failure)
[2026-03-22T19:50:56.347+0900][6.445s][info][gc,heap        ] GC(580) PSYoungGen: 58504K(116736K)->57632K(116736K) Eden: 58504K(58880K)->0K(58880K) From: 0K(57856K)->57632K(57856K)
[2026-03-22T19:50:56.347+0900][6.445s][info][gc,heap        ] GC(580) ParOldGen: 103430K(349696K)->103430K(349696K)
[2026-03-22T19:50:56.347+0900][6.445s][info][gc,metaspace   ] GC(580) Metaspace: 341K(512K)->341K(512K) NonClass: 323K(384K)->323K(384K) Class: 17K(128K)->17K(128K)
[2026-03-22T19:50:56.347+0900][6.445s][info][gc             ] GC(580) Pause Young (Allocation Failure) 158M->157M(455M) 3.159ms
[2026-03-22T19:50:56.347+0900][6.445s][info][gc,cpu         ] GC(580) User=0.00s Sys=0.00s Real=0.00s
[2026-03-22T19:50:56.354+0900][6.452s][info][gc,start       ] GC(581) Pause Young (Allocation Failure)
[2026-03-22T19:50:56.358+0900][6.456s][info][gc,heap        ] GC(581) PSYoungGen: 116136K(116736K)->57632K(116736K) Eden: 58504K(58880K)->0K(58880K) From: 57632K(57856K)->57632K(57856K)
[2026-03-22T19:50:56.358+0900][6.456s][info][gc,heap        ] GC(581) ParOldGen: 103430K(349696K)->150638K(349696K)
[2026-03-22T19:50:56.358+0900][6.456s][info][gc,metaspace   ] GC(581) Metaspace: 341K(512K)->341K(512K) NonClass: 323K(384K)->323K(384K) Class: 17K(128K)->17K(128K)
[2026-03-22T19:50:56.358+0900][6.456s][info][gc             ] GC(581) Pause Young (Allocation Failure) 214M->203M(455M) 4.085ms
[2026-03-22T19:50:56.358+0900][6.456s][info][gc,cpu         ] GC(581) User=0.00s Sys=0.00s Real=0.00s
[2026-03-22T19:50:56.364+0900][6.462s][info][gc,start       ] GC(582) Pause Young (Allocation Failure)
[2026-03-22T19:50:56.368+0900][6.467s][info][gc,heap        ] GC(582) PSYoungGen: 116136K(116736K)->57632K(116736K) Eden: 58504K(58880K)->0K(58880K) From: 57632K(57856K)->57632K(57856K)
[2026-03-22T19:50:56.368+0900][6.467s][info][gc,heap        ] GC(582) ParOldGen: 150638K(349696K)->197847K(349696K)
[2026-03-22T19:50:56.368+0900][6.467s][info][gc,metaspace   ] GC(582) Metaspace: 341K(512K)->341K(512K) NonClass: 323K(384K)->323K(384K) Class: 17K(128K)->17K(128K)
[2026-03-22T19:50:56.368+0900][6.467s][info][gc             ] GC(582) Pause Young (Allocation Failure) 260M->249M(455M) 4.570ms
[2026-03-22T19:50:56.368+0900][6.467s][info][gc,cpu         ] GC(582) User=0.00s Sys=0.00s Real=0.00s
[2026-03-22T19:50:56.374+0900][6.473s][info][gc,start       ] GC(583) Pause Young (Allocation Failure)
[2026-03-22T19:50:56.378+0900][6.477s][info][gc,heap        ] GC(583) PSYoungGen: 116136K(116736K)->57632K(116736K) Eden: 58504K(58880K)->0K(58880K) From: 57632K(57856K)->57632K(57856K)
[2026-03-22T19:50:56.378+0900][6.477s][info][gc,heap        ] GC(583) ParOldGen: 197847K(349696K)->245063K(349696K)
[2026-03-22T19:50:56.378+0900][6.477s][info][gc,metaspace   ] GC(583) Metaspace: 341K(512K)->341K(512K) NonClass: 323K(384K)->323K(384K) Class: 17K(128K)->17K(128K)
[2026-03-22T19:50:56.378+0900][6.477s][info][gc             ] GC(583) Pause Young (Allocation Failure) 306M->295M(455M) 4.550ms
[2026-03-22T19:50:56.378+0900][6.477s][info][gc,cpu         ] GC(583) User=0.00s Sys=0.00s Real=0.00s
[2026-03-22T19:50:56.385+0900][6.484s][info][gc,start       ] GC(584) Pause Young (Allocation Failure)
[2026-03-22T19:50:56.390+0900][6.488s][info][gc,heap        ] GC(584) PSYoungGen: 116136K(116736K)->57632K(116736K) Eden: 58504K(58880K)->0K(58880K) From: 57632K(57856K)->57632K(57856K)
[2026-03-22T19:50:56.390+0900][6.489s][info][gc,heap        ] GC(584) ParOldGen: 245063K(349696K)->292271K(349696K)
[2026-03-22T19:50:56.390+0900][6.489s][info][gc,metaspace   ] GC(584) Metaspace: 341K(512K)->341K(512K) NonClass: 323K(384K)->323K(384K) Class: 17K(128K)->17K(128K)
[2026-03-22T19:50:56.390+0900][6.489s][info][gc             ] GC(584) Pause Young (Allocation Failure) 352M->341M(455M) 4.371ms
[2026-03-22T19:50:56.390+0900][6.489s][info][gc,cpu         ] GC(584) User=0.00s Sys=0.00s Real=0.01s
[2026-03-22T19:50:56.396+0900][6.495s][info][gc,start       ] GC(585) Pause Full (Ergonomics)
[2026-03-22T19:50:56.396+0900][6.495s][info][gc,phases,start] GC(585) Marking Phase
[2026-03-22T19:50:56.398+0900][6.496s][info][gc,phases      ] GC(585) Marking Phase 1.601ms
[2026-03-22T19:50:56.398+0900][6.496s][info][gc,phases,start] GC(585) Summary Phase
[2026-03-22T19:50:56.398+0900][6.496s][info][gc,phases      ] GC(585) Summary Phase 0.025ms
[2026-03-22T19:50:56.398+0900][6.496s][info][gc,phases,start] GC(585) Adjust Roots
[2026-03-22T19:50:56.398+0900][6.497s][info][gc,phases      ] GC(585) Adjust Roots 0.307ms
[2026-03-22T19:50:56.398+0900][6.497s][info][gc,phases,start] GC(585) Compaction Phase
[2026-03-22T19:50:56.403+0900][6.502s][info][gc,phases      ] GC(585) Compaction Phase 5.291ms
[2026-03-22T19:50:56.403+0900][6.502s][info][gc,phases,start] GC(585) Post Compact
[2026-03-22T19:50:56.404+0900][6.504s][info][gc,phases      ] GC(585) Post Compact 1.573ms
[2026-03-22T19:50:56.404+0900][6.504s][info][gc,heap        ] GC(585) PSYoungGen: 116136K(116736K)->0K(116736K) Eden: 58504K(58880K)->0K(58880K) From: 57632K(57856K)->0K(57856K)
[2026-03-22T19:50:56.404+0900][6.504s][info][gc,heap        ] GC(585) ParOldGen: 292271K(349696K)->103430K(349696K)
[2026-03-22T19:50:56.404+0900][6.504s][info][gc,metaspace   ] GC(585) Metaspace: 341K(512K)->341K(512K) NonClass: 323K(384K)->323K(384K) Class: 17K(128K)->17K(128K)
[2026-03-22T19:50:56.404+0900][6.504s][info][gc             ] GC(585) Pause Full (Ergonomics) 398M->101M(455M) 9.130ms
[2026-03-22T19:50:56.404+0900][6.504s][info][gc,cpu         ] GC(585) User=0.12s Sys=0.00s Real=0.01s
[2026-03-22T19:50:56.413+0900][6.511s][info][gc,start       ] GC(586) Pause Young (Allocation Failure)
[2026-03-22T19:50:56.415+0900][6.514s][info][gc,heap        ] GC(586) PSYoungGen: 58504K(116736K)->57632K(116736K) Eden: 58504K(58880K)->0K(58880K) From: 0K(57856K)->57632K(57856K)
[2026-03-22T19:50:56.416+0900][6.514s][info][gc,heap        ] GC(586) ParOldGen: 103430K(349696K)->103430K(349696K)
[2026-03-22T19:50:56.416+0900][6.514s][info][gc,metaspace   ] GC(586) Metaspace: 341K(512K)->341K(512K) NonClass: 323K(384K)->323K(384K) Class: 17K(128K)->17K(128K)
[2026-03-22T19:50:56.416+0900][6.514s][info][gc             ] GC(586) Pause Young (Allocation Failure) 158M->157M(455M) 2.980ms
[2026-03-22T19:50:56.416+0900][6.514s][info][gc,cpu         ] GC(586) User=0.00s Sys=0.00s Real=0.00s
[2026-03-22T19:50:56.422+0900][6.521s][info][gc,start       ] GC(587) Pause Young (Allocation Failure)
[2026-03-22T19:50:56.426+0900][6.525s][info][gc,heap        ] GC(587) PSYoungGen: 116136K(116736K)->57632K(116736K) Eden: 58504K(58880K)->0K(58880K) From: 57632K(57856K)->57632K(57856K)
[2026-03-22T19:50:56.426+0900][6.525s][info][gc,heap        ] GC(587) ParOldGen: 103430K(349696K)->150638K(349696K)
[2026-03-22T19:50:56.426+0900][6.525s][info][gc,metaspace   ] GC(587) Metaspace: 341K(512K)->341K(512K) NonClass: 323K(384K)->323K(384K) Class: 17K(128K)->17K(128K)
[2026-03-22T19:50:56.426+0900][6.525s][info][gc             ] GC(587) Pause Young (Allocation Failure) 214M->203M(455M) 4.529ms
[2026-03-22T19:50:56.426+0900][6.525s][info][gc,cpu         ] GC(587) User=0.00s Sys=0.00s Real=0.00s
[2026-03-22T19:50:56.433+0900][6.532s][info][gc,start       ] GC(588) Pause Young (Allocation Failure)
[2026-03-22T19:50:56.437+0900][6.536s][info][gc,heap        ] GC(588) PSYoungGen: 116136K(116736K)->57632K(116736K) Eden: 58504K(58880K)->0K(58880K) From: 57632K(57856K)->57632K(57856K)
[2026-03-22T19:50:56.437+0900][6.536s][info][gc,heap        ] GC(588) ParOldGen: 150638K(349696K)->197847K(349696K)
[2026-03-22T19:50:56.437+0900][6.536s][info][gc,metaspace   ] GC(588) Metaspace: 341K(512K)->341K(512K) NonClass: 323K(384K)->323K(384K) Class: 17K(128K)->17K(128K)
[2026-03-22T19:50:56.437+0900][6.536s][info][gc             ] GC(588) Pause Young (Allocation Failure) 260M->249M(455M) 4.370ms
[2026-03-22T19:50:56.437+0900][6.536s][info][gc,cpu         ] GC(588) User=0.00s Sys=0.00s Real=0.00s
[2026-03-22T19:50:56.444+0900][6.542s][info][gc,start       ] GC(589) Pause Young (Allocation Failure)
[2026-03-22T19:50:56.448+0900][6.547s][info][gc,heap        ] GC(589) PSYoungGen: 116136K(116736K)->57632K(116736K) Eden: 58504K(58880K)->0K(58880K) From: 57632K(57856K)->57632K(57856K)
[2026-03-22T19:50:56.448+0900][6.547s][info][gc,heap        ] GC(589) ParOldGen: 197847K(349696K)->245063K(349696K)
[2026-03-22T19:50:56.448+0900][6.547s][info][gc,metaspace   ] GC(589) Metaspace: 341K(512K)->341K(512K) NonClass: 323K(384K)->323K(384K) Class: 17K(128K)->17K(128K)
[2026-03-22T19:50:56.448+0900][6.547s][info][gc             ] GC(589) Pause Young (Allocation Failure) 306M->295M(455M) 4.462ms
[2026-03-22T19:50:56.448+0900][6.547s][info][gc,cpu         ] GC(589) User=0.12s Sys=0.00s Real=0.00s
[2026-03-22T19:50:56.455+0900][6.554s][info][gc,start       ] GC(590) Pause Young (Allocation Failure)
[2026-03-22T19:50:56.459+0900][6.557s][info][gc,heap        ] GC(590) PSYoungGen: 116136K(116736K)->57632K(116736K) Eden: 58504K(58880K)->0K(58880K) From: 57632K(57856K)->57632K(57856K)
[2026-03-22T19:50:56.459+0900][6.558s][info][gc,heap        ] GC(590) ParOldGen: 245063K(349696K)->292271K(349696K)
[2026-03-22T19:50:56.459+0900][6.558s][info][gc,metaspace   ] GC(590) Metaspace: 341K(512K)->341K(512K) NonClass: 323K(384K)->323K(384K) Class: 17K(128K)->17K(128K)
[2026-03-22T19:50:56.459+0900][6.558s][info][gc             ] GC(590) Pause Young (Allocation Failure) 352M->341M(455M) 4.064ms
[2026-03-22T19:50:56.459+0900][6.558s][info][gc,cpu         ] GC(590) User=0.00s Sys=0.00s Real=0.00s
[2026-03-22T19:50:56.465+0900][6.564s][info][gc,start       ] GC(591) Pause Full (Ergonomics)
[2026-03-22T19:50:56.465+0900][6.564s][info][gc,phases,start] GC(591) Marking Phase
[2026-03-22T19:50:56.467+0900][6.566s][info][gc,phases      ] GC(591) Marking Phase 1.601ms
[2026-03-22T19:50:56.467+0900][6.566s][info][gc,phases,start] GC(591) Summary Phase
[2026-03-22T19:50:56.467+0900][6.566s][info][gc,phases      ] GC(591) Summary Phase 0.022ms
[2026-03-22T19:50:56.467+0900][6.566s][info][gc,phases,start] GC(591) Adjust Roots
[2026-03-22T19:50:56.467+0900][6.566s][info][gc,phases      ] GC(591) Adjust Roots 0.277ms
[2026-03-22T19:50:56.467+0900][6.566s][info][gc,phases,start] GC(591) Compaction Phase
[2026-03-22T19:50:56.472+0900][6.571s][info][gc,phases      ] GC(591) Compaction Phase 4.618ms
[2026-03-22T19:50:56.472+0900][6.571s][info][gc,phases,start] GC(591) Post Compact
[2026-03-22T19:50:56.474+0900][6.572s][info][gc,phases      ] GC(591) Post Compact 1.746ms
[2026-03-22T19:50:56.474+0900][6.572s][info][gc,heap        ] GC(591) PSYoungGen: 116136K(116736K)->0K(116736K) Eden: 58504K(58880K)->0K(58880K) From: 57632K(57856K)->0K(57856K)
[2026-03-22T19:50:56.474+0900][6.573s][info][gc,heap        ] GC(591) ParOldGen: 292271K(349696K)->103430K(349696K)
[2026-03-22T19:50:56.474+0900][6.573s][info][gc,metaspace   ] GC(591) Metaspace: 341K(512K)->341K(512K) NonClass: 323K(384K)->323K(384K) Class: 17K(128K)->17K(128K)
[2026-03-22T19:50:56.474+0900][6.573s][info][gc             ] GC(591) Pause Full (Ergonomics) 398M->101M(455M) 8.657ms
[2026-03-22T19:50:56.474+0900][6.573s][info][gc,cpu         ] GC(591) User=0.00s Sys=0.00s Real=0.01s
[2026-03-22T19:50:56.480+0900][6.579s][info][gc,start       ] GC(592) Pause Young (Allocation Failure)
[2026-03-22T19:50:56.483+0900][6.582s][info][gc,heap        ] GC(592) PSYoungGen: 58504K(116736K)->57632K(116736K) Eden: 58504K(58880K)->0K(58880K) From: 0K(57856K)->57632K(57856K)
[2026-03-22T19:50:56.483+0900][6.582s][info][gc,heap        ] GC(592) ParOldGen: 103430K(349696K)->103430K(349696K)
[2026-03-22T19:50:56.483+0900][6.582s][info][gc,metaspace   ] GC(592) Metaspace: 341K(512K)->341K(512K) NonClass: 323K(384K)->323K(384K) Class: 17K(128K)->17K(128K)
[2026-03-22T19:50:56.483+0900][6.582s][info][gc             ] GC(592) Pause Young (Allocation Failure) 158M->157M(455M) 2.835ms
[2026-03-22T19:50:56.483+0900][6.582s][info][gc,cpu         ] GC(592) User=0.00s Sys=0.00s Real=0.00s
[2026-03-22T19:50:56.489+0900][6.588s][info][gc,start       ] GC(593) Pause Young (Allocation Failure)
[2026-03-22T19:50:56.493+0900][6.592s][info][gc,heap        ] GC(593) PSYoungGen: 116136K(116736K)->57632K(116736K) Eden: 58504K(58880K)->0K(58880K) From: 57632K(57856K)->57632K(57856K)
[2026-03-22T19:50:56.494+0900][6.592s][info][gc,heap        ] GC(593) ParOldGen: 103430K(349696K)->150638K(349696K)
[2026-03-22T19:50:56.494+0900][6.592s][info][gc,metaspace   ] GC(593) Metaspace: 341K(512K)->341K(512K) NonClass: 323K(384K)->323K(384K) Class: 17K(128K)->17K(128K)
[2026-03-22T19:50:56.494+0900][6.592s][info][gc             ] GC(593) Pause Young (Allocation Failure) 214M->203M(455M) 4.269ms
[2026-03-22T19:50:56.494+0900][6.592s][info][gc,cpu         ] GC(593) User=0.00s Sys=0.00s Real=0.00s
[2026-03-22T19:50:56.500+0900][6.598s][info][gc,start       ] GC(594) Pause Young (Allocation Failure)
[2026-03-22T19:50:56.504+0900][6.602s][info][gc,heap        ] GC(594) PSYoungGen: 116136K(116736K)->57632K(116736K) Eden: 58504K(58880K)->0K(58880K) From: 57632K(57856K)->57632K(57856K)
[2026-03-22T19:50:56.504+0900][6.602s][info][gc,heap        ] GC(594) ParOldGen: 150638K(349696K)->197847K(349696K)
[2026-03-22T19:50:56.504+0900][6.602s][info][gc,metaspace   ] GC(594) Metaspace: 341K(512K)->341K(512K) NonClass: 323K(384K)->323K(384K) Class: 17K(128K)->17K(128K)
[2026-03-22T19:50:56.504+0900][6.602s][info][gc             ] GC(594) Pause Young (Allocation Failure) 260M->249M(455M) 4.308ms
[2026-03-22T19:50:56.504+0900][6.602s][info][gc,cpu         ] GC(594) User=0.00s Sys=0.00s Real=0.00s
[2026-03-22T19:50:56.509+0900][6.608s][info][gc,start       ] GC(595) Pause Young (Allocation Failure)
[2026-03-22T19:50:56.514+0900][6.613s][info][gc,heap        ] GC(595) PSYoungGen: 116136K(116736K)->57632K(116736K) Eden: 58504K(58880K)->0K(58880K) From: 57632K(57856K)->57632K(57856K)
[2026-03-22T19:50:56.514+0900][6.613s][info][gc,heap        ] GC(595) ParOldGen: 197847K(349696K)->245063K(349696K)
[2026-03-22T19:50:56.514+0900][6.613s][info][gc,metaspace   ] GC(595) Metaspace: 341K(512K)->341K(512K) NonClass: 323K(384K)->323K(384K) Class: 17K(128K)->17K(128K)
[2026-03-22T19:50:56.514+0900][6.613s][info][gc             ] GC(595) Pause Young (Allocation Failure) 306M->295M(455M) 4.514ms
[2026-03-22T19:50:56.514+0900][6.613s][info][gc,cpu         ] GC(595) User=0.00s Sys=0.00s Real=0.00s
[2026-03-22T19:50:56.520+0900][6.619s][info][gc,start       ] GC(596) Pause Young (Allocation Failure)
[2026-03-22T19:50:56.525+0900][6.623s][info][gc,heap        ] GC(596) PSYoungGen: 116136K(116736K)->57632K(116736K) Eden: 58504K(58880K)->0K(58880K) From: 57632K(57856K)->57632K(57856K)
[2026-03-22T19:50:56.525+0900][6.623s][info][gc,heap        ] GC(596) ParOldGen: 245063K(349696K)->292271K(349696K)
[2026-03-22T19:50:56.525+0900][6.623s][info][gc,metaspace   ] GC(596) Metaspace: 341K(512K)->341K(512K) NonClass: 323K(384K)->323K(384K) Class: 17K(128K)->17K(128K)
[2026-03-22T19:50:56.525+0900][6.623s][info][gc             ] GC(596) Pause Young (Allocation Failure) 352M->341M(455M) 4.677ms
[2026-03-22T19:50:56.525+0900][6.623s][info][gc,cpu         ] GC(596) User=0.00s Sys=0.00s Real=0.01s
[2026-03-22T19:50:56.531+0900][6.630s][info][gc,start       ] GC(597) Pause Full (Ergonomics)
[2026-03-22T19:50:56.531+0900][6.630s][info][gc,phases,start] GC(597) Marking Phase
[2026-03-22T19:50:56.533+0900][6.631s][info][gc,phases      ] GC(597) Marking Phase 1.208ms
[2026-03-22T19:50:56.533+0900][6.631s][info][gc,phases,start] GC(597) Summary Phase
[2026-03-22T19:50:56.533+0900][6.631s][info][gc,phases      ] GC(597) Summary Phase 0.020ms
[2026-03-22T19:50:56.533+0900][6.631s][info][gc,phases,start] GC(597) Adjust Roots
[2026-03-22T19:50:56.533+0900][6.632s][info][gc,phases      ] GC(597) Adjust Roots 0.279ms
[2026-03-22T19:50:56.533+0900][6.632s][info][gc,phases,start] GC(597) Compaction Phase
[2026-03-22T19:50:56.538+0900][6.636s][info][gc,phases      ] GC(597) Compaction Phase 4.648ms
[2026-03-22T19:50:56.538+0900][6.636s][info][gc,phases,start] GC(597) Post Compact
[2026-03-22T19:50:56.539+0900][6.638s][info][gc,phases      ] GC(597) Post Compact 1.499ms
[2026-03-22T19:50:56.539+0900][6.638s][info][gc,heap        ] GC(597) PSYoungGen: 116136K(116736K)->0K(116736K) Eden: 58504K(58880K)->0K(58880K) From: 57632K(57856K)->0K(57856K)
[2026-03-22T19:50:56.539+0900][6.638s][info][gc,heap        ] GC(597) ParOldGen: 292271K(349696K)->103430K(349696K)
[2026-03-22T19:50:56.539+0900][6.638s][info][gc,metaspace   ] GC(597) Metaspace: 341K(512K)->341K(512K) NonClass: 323K(384K)->323K(384K) Class: 17K(128K)->17K(128K)
[2026-03-22T19:50:56.539+0900][6.638s][info][gc             ] GC(597) Pause Full (Ergonomics) 398M->101M(455M) 8.010ms
[2026-03-22T19:50:56.540+0900][6.638s][info][gc,cpu         ] GC(597) User=0.00s Sys=0.00s Real=0.01s
[2026-03-22T19:50:56.546+0900][6.645s][info][gc,start       ] GC(598) Pause Young (Allocation Failure)
[2026-03-22T19:50:56.549+0900][6.648s][info][gc,heap        ] GC(598) PSYoungGen: 58504K(116736K)->57632K(116736K) Eden: 58504K(58880K)->0K(58880K) From: 0K(57856K)->57632K(57856K)
[2026-03-22T19:50:56.549+0900][6.648s][info][gc,heap        ] GC(598) ParOldGen: 103430K(349696K)->103430K(349696K)
[2026-03-22T19:50:56.549+0900][6.648s][info][gc,metaspace   ] GC(598) Metaspace: 341K(512K)->341K(512K) NonClass: 323K(384K)->323K(384K) Class: 17K(128K)->17K(128K)
[2026-03-22T19:50:56.549+0900][6.648s][info][gc             ] GC(598) Pause Young (Allocation Failure) 158M->157M(455M) 2.709ms
[2026-03-22T19:50:56.549+0900][6.648s][info][gc,cpu         ] GC(598) User=0.00s Sys=0.00s Real=0.00s
[2026-03-22T19:50:56.555+0900][6.654s][info][gc,start       ] GC(599) Pause Young (Allocation Failure)
[2026-03-22T19:50:56.559+0900][6.658s][info][gc,heap        ] GC(599) PSYoungGen: 116136K(116736K)->57632K(116736K) Eden: 58504K(58880K)->0K(58880K) From: 57632K(57856K)->57632K(57856K)
[2026-03-22T19:50:56.559+0900][6.658s][info][gc,heap        ] GC(599) ParOldGen: 103430K(349696K)->150638K(349696K)
[2026-03-22T19:50:56.559+0900][6.658s][info][gc,metaspace   ] GC(599) Metaspace: 341K(512K)->341K(512K) NonClass: 323K(384K)->323K(384K) Class: 17K(128K)->17K(128K)
[2026-03-22T19:50:56.559+0900][6.658s][info][gc             ] GC(599) Pause Young (Allocation Failure) 214M->203M(455M) 3.996ms
[2026-03-22T19:50:56.559+0900][6.658s][info][gc,cpu         ] GC(599) User=0.09s Sys=0.02s Real=0.00s
[2026-03-22T19:50:56.565+0900][6.665s][info][gc,start       ] GC(600) Pause Young (Allocation Failure)
[2026-03-22T19:50:56.569+0900][6.669s][info][gc,heap        ] GC(600) PSYoungGen: 116136K(116736K)->57632K(116736K) Eden: 58504K(58880K)->0K(58880K) From: 57632K(57856K)->57632K(57856K)
[2026-03-22T19:50:56.569+0900][6.669s][info][gc,heap        ] GC(600) ParOldGen: 150638K(349696K)->197847K(349696K)
[2026-03-22T19:50:56.571+0900][6.669s][info][gc,metaspace   ] GC(600) Metaspace: 341K(512K)->341K(512K) NonClass: 323K(384K)->323K(384K) Class: 17K(128K)->17K(128K)
[2026-03-22T19:50:56.571+0900][6.669s][info][gc             ] GC(600) Pause Young (Allocation Failure) 260M->249M(455M) 4.404ms
[2026-03-22T19:50:56.571+0900][6.669s][info][gc,cpu         ] GC(600) User=0.00s Sys=0.00s Real=0.01s
[2026-03-22T19:50:56.578+0900][6.676s][info][gc,start       ] GC(601) Pause Young (Allocation Failure)
[2026-03-22T19:50:56.582+0900][6.680s][info][gc,heap        ] GC(601) PSYoungGen: 116136K(116736K)->57632K(116736K) Eden: 58504K(58880K)->0K(58880K) From: 57632K(57856K)->57632K(57856K)
[2026-03-22T19:50:56.582+0900][6.681s][info][gc,heap        ] GC(601) ParOldGen: 197847K(349696K)->245055K(349696K)
[2026-03-22T19:50:56.582+0900][6.681s][info][gc,metaspace   ] GC(601) Metaspace: 341K(512K)->341K(512K) NonClass: 323K(384K)->323K(384K) Class: 17K(128K)->17K(128K)
[2026-03-22T19:50:56.582+0900][6.681s][info][gc             ] GC(601) Pause Young (Allocation Failure) 306M->295M(455M) 4.375ms
[2026-03-22T19:50:56.582+0900][6.681s][info][gc,cpu         ] GC(601) User=0.00s Sys=0.00s Real=0.00s
[2026-03-22T19:50:56.588+0900][6.687s][info][gc,start       ] GC(602) Pause Young (Allocation Failure)
[2026-03-22T19:50:56.599+0900][6.698s][info][gc,heap        ] GC(602) PSYoungGen: 116136K(116736K)->57632K(116736K) Eden: 58504K(58880K)->0K(58880K) From: 57632K(57856K)->57632K(57856K)
[2026-03-22T19:50:56.599+0900][6.698s][info][gc,heap        ] GC(602) ParOldGen: 245055K(349696K)->292263K(349696K)
[2026-03-22T19:50:56.599+0900][6.698s][info][gc,metaspace   ] GC(602) Metaspace: 341K(512K)->341K(512K) NonClass: 323K(384K)->323K(384K) Class: 17K(128K)->17K(128K)
[2026-03-22T19:50:56.599+0900][6.698s][info][gc             ] GC(602) Pause Young (Allocation Failure) 352M->341M(455M) 10.969ms
[2026-03-22T19:50:56.599+0900][6.698s][info][gc,cpu         ] GC(602) User=0.00s Sys=0.00s Real=0.01s
[2026-03-22T19:50:56.606+0900][6.705s][info][gc,start       ] GC(603) Pause Full (Ergonomics)
[2026-03-22T19:50:56.606+0900][6.705s][info][gc,phases,start] GC(603) Marking Phase
[2026-03-22T19:50:56.608+0900][6.706s][info][gc,phases      ] GC(603) Marking Phase 1.514ms
[2026-03-22T19:50:56.608+0900][6.706s][info][gc,phases,start] GC(603) Summary Phase
[2026-03-22T19:50:56.608+0900][6.706s][info][gc,phases      ] GC(603) Summary Phase 0.033ms
[2026-03-22T19:50:56.608+0900][6.706s][info][gc,phases,start] GC(603) Adjust Roots
[2026-03-22T19:50:56.608+0900][6.707s][info][gc,phases      ] GC(603) Adjust Roots 0.287ms
[2026-03-22T19:50:56.608+0900][6.707s][info][gc,phases,start] GC(603) Compaction Phase
[2026-03-22T19:50:56.613+0900][6.712s][info][gc,phases      ] GC(603) Compaction Phase 4.974ms
[2026-03-22T19:50:56.613+0900][6.712s][info][gc,phases,start] GC(603) Post Compact
[2026-03-22T19:50:56.615+0900][6.713s][info][gc,phases      ] GC(603) Post Compact 1.688ms
[2026-03-22T19:50:56.615+0900][6.713s][info][gc,heap        ] GC(603) PSYoungGen: 116136K(116736K)->0K(116736K) Eden: 58504K(58880K)->0K(58880K) From: 57632K(57856K)->0K(57856K)
[2026-03-22T19:50:56.615+0900][6.713s][info][gc,heap        ] GC(603) ParOldGen: 292263K(349696K)->103430K(349696K)
[2026-03-22T19:50:56.615+0900][6.713s][info][gc,metaspace   ] GC(603) Metaspace: 341K(512K)->341K(512K) NonClass: 323K(384K)->323K(384K) Class: 17K(128K)->17K(128K)
[2026-03-22T19:50:56.615+0900][6.714s][info][gc             ] GC(603) Pause Full (Ergonomics) 398M->101M(455M) 8.869ms
[2026-03-22T19:50:56.615+0900][6.714s][info][gc,cpu         ] GC(603) User=0.00s Sys=0.00s Real=0.01s
[2026-03-22T19:50:56.622+0900][6.720s][info][gc,start       ] GC(604) Pause Young (Allocation Failure)
[2026-03-22T19:50:56.625+0900][6.723s][info][gc,heap        ] GC(604) PSYoungGen: 58504K(116736K)->57632K(116736K) Eden: 58504K(58880K)->0K(58880K) From: 0K(57856K)->57632K(57856K)
[2026-03-22T19:50:56.625+0900][6.723s][info][gc,heap        ] GC(604) ParOldGen: 103430K(349696K)->103430K(349696K)
[2026-03-22T19:50:56.625+0900][6.723s][info][gc,metaspace   ] GC(604) Metaspace: 341K(512K)->341K(512K) NonClass: 323K(384K)->323K(384K) Class: 17K(128K)->17K(128K)
[2026-03-22T19:50:56.625+0900][6.723s][info][gc             ] GC(604) Pause Young (Allocation Failure) 158M->157M(455M) 2.715ms
[2026-03-22T19:50:56.625+0900][6.723s][info][gc,cpu         ] GC(604) User=0.00s Sys=0.00s Real=0.00s
[2026-03-22T19:50:56.631+0900][6.729s][info][gc,start       ] GC(605) Pause Young (Allocation Failure)
[2026-03-22T19:50:56.634+0900][6.733s][info][gc,heap        ] GC(605) PSYoungGen: 116136K(116736K)->57632K(116736K) Eden: 58504K(58880K)->0K(58880K) From: 57632K(57856K)->57632K(57856K)
[2026-03-22T19:50:56.634+0900][6.733s][info][gc,heap        ] GC(605) ParOldGen: 103430K(349696K)->150638K(349696K)
[2026-03-22T19:50:56.634+0900][6.733s][info][gc,metaspace   ] GC(605) Metaspace: 341K(512K)->341K(512K) NonClass: 323K(384K)->323K(384K) Class: 17K(128K)->17K(128K)
[2026-03-22T19:50:56.634+0900][6.733s][info][gc             ] GC(605) Pause Young (Allocation Failure) 214M->203M(455M) 4.067ms
[2026-03-22T19:50:56.634+0900][6.733s][info][gc,cpu         ] GC(605) User=0.03s Sys=0.00s Real=0.00s
[2026-03-22T19:50:56.641+0900][6.739s][info][gc,start       ] GC(606) Pause Young (Allocation Failure)
[2026-03-22T19:50:56.645+0900][6.744s][info][gc,heap        ] GC(606) PSYoungGen: 116136K(116736K)->57632K(116736K) Eden: 58504K(58880K)->0K(58880K) From: 57632K(57856K)->57632K(57856K)
[2026-03-22T19:50:56.645+0900][6.744s][info][gc,heap        ] GC(606) ParOldGen: 150638K(349696K)->197847K(349696K)
[2026-03-22T19:50:56.645+0900][6.744s][info][gc,metaspace   ] GC(606) Metaspace: 341K(512K)->341K(512K) NonClass: 323K(384K)->323K(384K) Class: 17K(128K)->17K(128K)
[2026-03-22T19:50:56.645+0900][6.744s][info][gc             ] GC(606) Pause Young (Allocation Failure) 260M->249M(455M) 4.285ms
[2026-03-22T19:50:56.645+0900][6.744s][info][gc,cpu         ] GC(606) User=0.00s Sys=0.00s Real=0.00s
[2026-03-22T19:50:56.651+0900][6.750s][info][gc,start       ] GC(607) Pause Young (Allocation Failure)
[2026-03-22T19:50:56.656+0900][6.754s][info][gc,heap        ] GC(607) PSYoungGen: 116136K(116736K)->57632K(116736K) Eden: 58504K(58880K)->0K(58880K) From: 57632K(57856K)->57632K(57856K)
[2026-03-22T19:50:56.656+0900][6.754s][info][gc,heap        ] GC(607) ParOldGen: 197847K(349696K)->245063K(349696K)
[2026-03-22T19:50:56.656+0900][6.754s][info][gc,metaspace   ] GC(607) Metaspace: 341K(512K)->341K(512K) NonClass: 323K(384K)->323K(384K) Class: 17K(128K)->17K(128K)
[2026-03-22T19:50:56.656+0900][6.754s][info][gc             ] GC(607) Pause Young (Allocation Failure) 306M->295M(455M) 4.413ms
[2026-03-22T19:50:56.656+0900][6.754s][info][gc,cpu         ] GC(607) User=0.00s Sys=0.00s Real=0.00s
[2026-03-22T19:50:56.662+0900][6.760s][info][gc,start       ] GC(608) Pause Young (Allocation Failure)
[2026-03-22T19:50:56.666+0900][6.764s][info][gc,heap        ] GC(608) PSYoungGen: 116136K(116736K)->57632K(116736K) Eden: 58504K(58880K)->0K(58880K) From: 57632K(57856K)->57632K(57856K)
[2026-03-22T19:50:56.666+0900][6.764s][info][gc,heap        ] GC(608) ParOldGen: 245063K(349696K)->292271K(349696K)
[2026-03-22T19:50:56.666+0900][6.764s][info][gc,metaspace   ] GC(608) Metaspace: 341K(512K)->341K(512K) NonClass: 323K(384K)->323K(384K) Class: 17K(128K)->17K(128K)
[2026-03-22T19:50:56.666+0900][6.764s][info][gc             ] GC(608) Pause Young (Allocation Failure) 352M->341M(455M) 4.686ms
[2026-03-22T19:50:56.666+0900][6.765s][info][gc,cpu         ] GC(608) User=0.02s Sys=0.00s Real=0.00s
[2026-03-22T19:50:56.673+0900][6.772s][info][gc,start       ] GC(609) Pause Full (Ergonomics)
[2026-03-22T19:50:56.673+0900][6.772s][info][gc,phases,start] GC(609) Marking Phase
[2026-03-22T19:50:56.675+0900][6.773s][info][gc,phases      ] GC(609) Marking Phase 1.355ms
[2026-03-22T19:50:56.675+0900][6.773s][info][gc,phases,start] GC(609) Summary Phase
[2026-03-22T19:50:56.675+0900][6.773s][info][gc,phases      ] GC(609) Summary Phase 0.017ms
[2026-03-22T19:50:56.675+0900][6.773s][info][gc,phases,start] GC(609) Adjust Roots
[2026-03-22T19:50:56.675+0900][6.773s][info][gc,phases      ] GC(609) Adjust Roots 0.243ms
[2026-03-22T19:50:56.675+0900][6.773s][info][gc,phases,start] GC(609) Compaction Phase
[2026-03-22T19:50:56.680+0900][6.778s][info][gc,phases      ] GC(609) Compaction Phase 4.949ms
[2026-03-22T19:50:56.680+0900][6.778s][info][gc,phases,start] GC(609) Post Compact
[2026-03-22T19:50:56.681+0900][6.780s][info][gc,phases      ] GC(609) Post Compact 1.401ms
[2026-03-22T19:50:56.682+0900][6.780s][info][gc,heap        ] GC(609) PSYoungGen: 116136K(116736K)->0K(116736K) Eden: 58504K(58880K)->0K(58880K) From: 57632K(57856K)->0K(57856K)
[2026-03-22T19:50:56.682+0900][6.780s][info][gc,heap        ] GC(609) ParOldGen: 292271K(349696K)->103430K(349696K)
[2026-03-22T19:50:56.682+0900][6.780s][info][gc,metaspace   ] GC(609) Metaspace: 341K(512K)->341K(512K) NonClass: 323K(384K)->323K(384K) Class: 17K(128K)->17K(128K)
[2026-03-22T19:50:56.682+0900][6.780s][info][gc             ] GC(609) Pause Full (Ergonomics) 398M->101M(455M) 8.231ms
[2026-03-22T19:50:56.682+0900][6.780s][info][gc,cpu         ] GC(609) User=0.00s Sys=0.00s Real=0.01s
[2026-03-22T19:50:56.688+0900][6.786s][info][gc,start       ] GC(610) Pause Young (Allocation Failure)
[2026-03-22T19:50:56.690+0900][6.789s][info][gc,heap        ] GC(610) PSYoungGen: 58504K(116736K)->57568K(116736K) Eden: 58504K(58880K)->0K(58880K) From: 0K(57856K)->57568K(57856K)
[2026-03-22T19:50:56.690+0900][6.789s][info][gc,heap        ] GC(610) ParOldGen: 103430K(349696K)->103430K(349696K)
[2026-03-22T19:50:56.690+0900][6.789s][info][gc,metaspace   ] GC(610) Metaspace: 341K(512K)->341K(512K) NonClass: 323K(384K)->323K(384K) Class: 17K(128K)->17K(128K)
[2026-03-22T19:50:56.690+0900][6.789s][info][gc             ] GC(610) Pause Young (Allocation Failure) 158M->157M(455M) 2.841ms
[2026-03-22T19:50:56.690+0900][6.789s][info][gc,cpu         ] GC(610) User=0.00s Sys=0.00s Real=0.00s
[2026-03-22T19:50:56.697+0900][6.796s][info][gc,start       ] GC(611) Pause Young (Allocation Failure)
[2026-03-22T19:50:56.701+0900][6.800s][info][gc,heap        ] GC(611) PSYoungGen: 116072K(116736K)->57632K(116736K) Eden: 58504K(58880K)->0K(58880K) From: 57568K(57856K)->57632K(57856K)
[2026-03-22T19:50:56.701+0900][6.800s][info][gc,heap        ] GC(611) ParOldGen: 103430K(349696K)->150638K(349696K)
[2026-03-22T19:50:56.701+0900][6.800s][info][gc,metaspace   ] GC(611) Metaspace: 341K(512K)->341K(512K) NonClass: 323K(384K)->323K(384K) Class: 17K(128K)->17K(128K)
[2026-03-22T19:50:56.701+0900][6.800s][info][gc             ] GC(611) Pause Young (Allocation Failure) 214M->203M(455M) 4.231ms
[2026-03-22T19:50:56.701+0900][6.800s][info][gc,cpu         ] GC(611) User=0.00s Sys=0.00s Real=0.00s
[2026-03-22T19:50:56.707+0900][6.807s][info][gc,start       ] GC(612) Pause Young (Allocation Failure)
[2026-03-22T19:50:56.712+0900][6.811s][info][gc,heap        ] GC(612) PSYoungGen: 116136K(116736K)->57632K(116736K) Eden: 58504K(58880K)->0K(58880K) From: 57632K(57856K)->57632K(57856K)
[2026-03-22T19:50:56.712+0900][6.811s][info][gc,heap        ] GC(612) ParOldGen: 150638K(349696K)->197847K(349696K)
[2026-03-22T19:50:56.712+0900][6.811s][info][gc,metaspace   ] GC(612) Metaspace: 341K(512K)->341K(512K) NonClass: 323K(384K)->323K(384K) Class: 17K(128K)->17K(128K)
[2026-03-22T19:50:56.712+0900][6.811s][info][gc             ] GC(612) Pause Young (Allocation Failure) 260M->249M(455M) 4.445ms
[2026-03-22T19:50:56.712+0900][6.811s][info][gc,cpu         ] GC(612) User=0.00s Sys=0.00s Real=0.00s
[2026-03-22T19:50:56.719+0900][6.817s][info][gc,start       ] GC(613) Pause Young (Allocation Failure)
[2026-03-22T19:50:56.723+0900][6.822s][info][gc,heap        ] GC(613) PSYoungGen: 116136K(116736K)->57632K(116736K) Eden: 58504K(58880K)->0K(58880K) From: 57632K(57856K)->57632K(57856K)
[2026-03-22T19:50:56.723+0900][6.822s][info][gc,heap        ] GC(613) ParOldGen: 197847K(349696K)->245063K(349696K)
[2026-03-22T19:50:56.723+0900][6.822s][info][gc,metaspace   ] GC(613) Metaspace: 341K(512K)->341K(512K) NonClass: 323K(384K)->323K(384K) Class: 17K(128K)->17K(128K)
[2026-03-22T19:50:56.723+0900][6.822s][info][gc             ] GC(613) Pause Young (Allocation Failure) 306M->295M(455M) 4.331ms
[2026-03-22T19:50:56.723+0900][6.822s][info][gc,cpu         ] GC(613) User=0.00s Sys=0.00s Real=0.00s
[2026-03-22T19:50:56.731+0900][6.829s][info][gc,start       ] GC(614) Pause Young (Allocation Failure)
[2026-03-22T19:50:56.735+0900][6.834s][info][gc,heap        ] GC(614) PSYoungGen: 116136K(116736K)->57632K(116736K) Eden: 58504K(58880K)->0K(58880K) From: 57632K(57856K)->57632K(57856K)
[2026-03-22T19:50:56.735+0900][6.834s][info][gc,heap        ] GC(614) ParOldGen: 245063K(349696K)->292271K(349696K)
[2026-03-22T19:50:56.735+0900][6.834s][info][gc,metaspace   ] GC(614) Metaspace: 341K(512K)->341K(512K) NonClass: 323K(384K)->323K(384K) Class: 17K(128K)->17K(128K)
[2026-03-22T19:50:56.735+0900][6.834s][info][gc             ] GC(614) Pause Young (Allocation Failure) 352M->341M(455M) 4.479ms
[2026-03-22T19:50:56.735+0900][6.834s][info][gc,cpu         ] GC(614) User=0.00s Sys=0.00s Real=0.00s
[2026-03-22T19:50:56.742+0900][6.841s][info][gc,start       ] GC(615) Pause Full (Ergonomics)
[2026-03-22T19:50:56.742+0900][6.841s][info][gc,phases,start] GC(615) Marking Phase
[2026-03-22T19:50:56.743+0900][6.843s][info][gc,phases      ] GC(615) Marking Phase 1.359ms
[2026-03-22T19:50:56.743+0900][6.843s][info][gc,phases,start] GC(615) Summary Phase
[2026-03-22T19:50:56.745+0900][6.843s][info][gc,phases      ] GC(615) Summary Phase 0.405ms
[2026-03-22T19:50:56.745+0900][6.843s][info][gc,phases,start] GC(615) Adjust Roots
[2026-03-22T19:50:56.745+0900][6.843s][info][gc,phases      ] GC(615) Adjust Roots 0.234ms
[2026-03-22T19:50:56.745+0900][6.843s][info][gc,phases,start] GC(615) Compaction Phase
[2026-03-22T19:50:56.750+0900][6.848s][info][gc,phases      ] GC(615) Compaction Phase 5.067ms
[2026-03-22T19:50:56.750+0900][6.849s][info][gc,phases,start] GC(615) Post Compact
[2026-03-22T19:50:56.751+0900][6.850s][info][gc,phases      ] GC(615) Post Compact 1.406ms
[2026-03-22T19:50:56.751+0900][6.850s][info][gc,heap        ] GC(615) PSYoungGen: 116136K(116736K)->0K(116736K) Eden: 58504K(58880K)->0K(58880K) From: 57632K(57856K)->0K(57856K)
[2026-03-22T19:50:56.751+0900][6.850s][info][gc,heap        ] GC(615) ParOldGen: 292271K(349696K)->103430K(349696K)
[2026-03-22T19:50:56.751+0900][6.850s][info][gc,metaspace   ] GC(615) Metaspace: 341K(512K)->341K(512K) NonClass: 323K(384K)->323K(384K) Class: 17K(128K)->17K(128K)
[2026-03-22T19:50:56.751+0900][6.850s][info][gc             ] GC(615) Pause Full (Ergonomics) 398M->101M(455M) 8.877ms
[2026-03-22T19:50:56.752+0900][6.850s][info][gc,cpu         ] GC(615) User=0.00s Sys=0.00s Real=0.01s
[2026-03-22T19:50:56.758+0900][6.856s][info][gc,start       ] GC(616) Pause Young (Allocation Failure)
[2026-03-22T19:50:56.760+0900][6.859s][info][gc,heap        ] GC(616) PSYoungGen: 58504K(116736K)->57632K(116736K) Eden: 58504K(58880K)->0K(58880K) From: 0K(57856K)->57632K(57856K)
[2026-03-22T19:50:56.760+0900][6.859s][info][gc,heap        ] GC(616) ParOldGen: 103430K(349696K)->103430K(349696K)
[2026-03-22T19:50:56.760+0900][6.859s][info][gc,metaspace   ] GC(616) Metaspace: 341K(512K)->341K(512K) NonClass: 323K(384K)->323K(384K) Class: 17K(128K)->17K(128K)
[2026-03-22T19:50:56.760+0900][6.859s][info][gc             ] GC(616) Pause Young (Allocation Failure) 158M->157M(455M) 2.605ms
[2026-03-22T19:50:56.760+0900][6.859s][info][gc,cpu         ] GC(616) User=0.12s Sys=0.00s Real=0.00s
[2026-03-22T19:50:56.767+0900][6.866s][info][gc,start       ] GC(617) Pause Young (Allocation Failure)
[2026-03-22T19:50:56.771+0900][6.870s][info][gc,heap        ] GC(617) PSYoungGen: 116136K(116736K)->57632K(116736K) Eden: 58504K(58880K)->0K(58880K) From: 57632K(57856K)->57632K(57856K)
[2026-03-22T19:50:56.771+0900][6.870s][info][gc,heap        ] GC(617) ParOldGen: 103430K(349696K)->150638K(349696K)
[2026-03-22T19:50:56.771+0900][6.870s][info][gc,metaspace   ] GC(617) Metaspace: 341K(512K)->341K(512K) NonClass: 323K(384K)->323K(384K) Class: 17K(128K)->17K(128K)
[2026-03-22T19:50:56.771+0900][6.870s][info][gc             ] GC(617) Pause Young (Allocation Failure) 214M->203M(455M) 4.105ms
[2026-03-22T19:50:56.771+0900][6.870s][info][gc,cpu         ] GC(617) User=0.00s Sys=0.00s Real=0.00s
[2026-03-22T19:50:56.777+0900][6.876s][info][gc,start       ] GC(618) Pause Young (Allocation Failure)
[2026-03-22T19:50:56.782+0900][6.881s][info][gc,heap        ] GC(618) PSYoungGen: 116136K(116736K)->57632K(116736K) Eden: 58504K(58880K)->0K(58880K) From: 57632K(57856K)->57632K(57856K)
[2026-03-22T19:50:56.782+0900][6.881s][info][gc,heap        ] GC(618) ParOldGen: 150638K(349696K)->197847K(349696K)
[2026-03-22T19:50:56.782+0900][6.881s][info][gc,metaspace   ] GC(618) Metaspace: 341K(512K)->341K(512K) NonClass: 323K(384K)->323K(384K) Class: 17K(128K)->17K(128K)
[2026-03-22T19:50:56.782+0900][6.881s][info][gc             ] GC(618) Pause Young (Allocation Failure) 260M->249M(455M) 4.375ms
[2026-03-22T19:50:56.782+0900][6.881s][info][gc,cpu         ] GC(618) User=0.00s Sys=0.00s Real=0.01s
[2026-03-22T19:50:56.788+0900][6.887s][info][gc,start       ] GC(619) Pause Young (Allocation Failure)
[2026-03-22T19:50:56.792+0900][6.891s][info][gc,heap        ] GC(619) PSYoungGen: 116136K(116736K)->57632K(116736K) Eden: 58504K(58880K)->0K(58880K) From: 57632K(57856K)->57632K(57856K)
[2026-03-22T19:50:56.792+0900][6.891s][info][gc,heap        ] GC(619) ParOldGen: 197847K(349696K)->245063K(349696K)
[2026-03-22T19:50:56.792+0900][6.891s][info][gc,metaspace   ] GC(619) Metaspace: 341K(512K)->341K(512K) NonClass: 323K(384K)->323K(384K) Class: 17K(128K)->17K(128K)
[2026-03-22T19:50:56.792+0900][6.891s][info][gc             ] GC(619) Pause Young (Allocation Failure) 306M->295M(455M) 4.470ms
[2026-03-22T19:50:56.792+0900][6.891s][info][gc,cpu         ] GC(619) User=0.12s Sys=0.00s Real=0.00s
[2026-03-22T19:50:56.799+0900][6.898s][info][gc,start       ] GC(620) Pause Young (Allocation Failure)
[2026-03-22T19:50:56.803+0900][6.902s][info][gc,heap        ] GC(620) PSYoungGen: 116136K(116736K)->57632K(116736K) Eden: 58504K(58880K)->0K(58880K) From: 57632K(57856K)->57632K(57856K)
[2026-03-22T19:50:56.803+0900][6.903s][info][gc,heap        ] GC(620) ParOldGen: 245063K(349696K)->292271K(349696K)
[2026-03-22T19:50:56.803+0900][6.903s][info][gc,metaspace   ] GC(620) Metaspace: 341K(512K)->341K(512K) NonClass: 323K(384K)->323K(384K) Class: 17K(128K)->17K(128K)
[2026-03-22T19:50:56.803+0900][6.903s][info][gc             ] GC(620) Pause Young (Allocation Failure) 352M->341M(455M) 4.450ms
[2026-03-22T19:50:56.803+0900][6.903s][info][gc,cpu         ] GC(620) User=0.00s Sys=0.00s Real=0.00s
[2026-03-22T19:50:56.811+0900][6.910s][info][gc,start       ] GC(621) Pause Full (Ergonomics)
[2026-03-22T19:50:56.811+0900][6.910s][info][gc,phases,start] GC(621) Marking Phase
[2026-03-22T19:50:56.811+0900][6.911s][info][gc,phases      ] GC(621) Marking Phase 1.322ms
[2026-03-22T19:50:56.811+0900][6.911s][info][gc,phases,start] GC(621) Summary Phase
[2026-03-22T19:50:56.811+0900][6.911s][info][gc,phases      ] GC(621) Summary Phase 0.020ms
[2026-03-22T19:50:56.811+0900][6.911s][info][gc,phases,start] GC(621) Adjust Roots
[2026-03-22T19:50:56.813+0900][6.911s][info][gc,phases      ] GC(621) Adjust Roots 0.223ms
[2026-03-22T19:50:56.813+0900][6.911s][info][gc,phases,start] GC(621) Compaction Phase
[2026-03-22T19:50:56.818+0900][6.916s][info][gc,phases      ] GC(621) Compaction Phase 5.004ms
[2026-03-22T19:50:56.818+0900][6.916s][info][gc,phases,start] GC(621) Post Compact
[2026-03-22T19:50:56.819+0900][6.918s][info][gc,phases      ] GC(621) Post Compact 1.602ms
[2026-03-22T19:50:56.819+0900][6.918s][info][gc,heap        ] GC(621) PSYoungGen: 116136K(116736K)->0K(116736K) Eden: 58504K(58880K)->0K(58880K) From: 57632K(57856K)->0K(57856K)
[2026-03-22T19:50:56.819+0900][6.918s][info][gc,heap        ] GC(621) ParOldGen: 292271K(349696K)->103430K(349696K)
[2026-03-22T19:50:56.819+0900][6.918s][info][gc,metaspace   ] GC(621) Metaspace: 341K(512K)->341K(512K) NonClass: 323K(384K)->323K(384K) Class: 17K(128K)->17K(128K)
[2026-03-22T19:50:56.819+0900][6.918s][info][gc             ] GC(621) Pause Full (Ergonomics) 398M->101M(455M) 8.617ms
[2026-03-22T19:50:56.819+0900][6.918s][info][gc,cpu         ] GC(621) User=0.00s Sys=0.00s Real=0.01s
[2026-03-22T19:50:56.826+0900][6.925s][info][gc,start       ] GC(622) Pause Young (Allocation Failure)
[2026-03-22T19:50:56.830+0900][6.928s][info][gc,heap        ] GC(622) PSYoungGen: 58504K(116736K)->57632K(116736K) Eden: 58504K(58880K)->0K(58880K) From: 0K(57856K)->57632K(57856K)
[2026-03-22T19:50:56.830+0900][6.928s][info][gc,heap        ] GC(622) ParOldGen: 103430K(349696K)->103430K(349696K)
[2026-03-22T19:50:56.830+0900][6.928s][info][gc,metaspace   ] GC(622) Metaspace: 341K(512K)->341K(512K) NonClass: 323K(384K)->323K(384K) Class: 17K(128K)->17K(128K)
[2026-03-22T19:50:56.830+0900][6.928s][info][gc             ] GC(622) Pause Young (Allocation Failure) 158M->157M(455M) 3.075ms
[2026-03-22T19:50:56.830+0900][6.928s][info][gc,cpu         ] GC(622) User=0.00s Sys=0.00s Real=0.00s
[2026-03-22T19:50:56.836+0900][6.935s][info][gc,start       ] GC(623) Pause Young (Allocation Failure)
[2026-03-22T19:50:56.841+0900][6.939s][info][gc,heap        ] GC(623) PSYoungGen: 116136K(116736K)->57632K(116736K) Eden: 58504K(58880K)->0K(58880K) From: 57632K(57856K)->57632K(57856K)
[2026-03-22T19:50:56.841+0900][6.939s][info][gc,heap        ] GC(623) ParOldGen: 103430K(349696K)->150638K(349696K)
[2026-03-22T19:50:56.841+0900][6.939s][info][gc,metaspace   ] GC(623) Metaspace: 341K(512K)->341K(512K) NonClass: 323K(384K)->323K(384K) Class: 17K(128K)->17K(128K)
[2026-03-22T19:50:56.841+0900][6.939s][info][gc             ] GC(623) Pause Young (Allocation Failure) 214M->203M(455M) 4.359ms
[2026-03-22T19:50:56.841+0900][6.939s][info][gc,cpu         ] GC(623) User=0.12s Sys=0.00s Real=0.01s
[2026-03-22T19:50:56.847+0900][6.946s][info][gc,start       ] GC(624) Pause Young (Allocation Failure)
[2026-03-22T19:50:56.851+0900][6.950s][info][gc,heap        ] GC(624) PSYoungGen: 116136K(116736K)->57632K(116736K) Eden: 58504K(58880K)->0K(58880K) From: 57632K(57856K)->57632K(57856K)
[2026-03-22T19:50:56.851+0900][6.950s][info][gc,heap        ] GC(624) ParOldGen: 150638K(349696K)->197847K(349696K)
[2026-03-22T19:50:56.851+0900][6.950s][info][gc,metaspace   ] GC(624) Metaspace: 341K(512K)->341K(512K) NonClass: 323K(384K)->323K(384K) Class: 17K(128K)->17K(128K)
[2026-03-22T19:50:56.851+0900][6.950s][info][gc             ] GC(624) Pause Young (Allocation Failure) 260M->249M(455M) 4.168ms
[2026-03-22T19:50:56.851+0900][6.950s][info][gc,cpu         ] GC(624) User=0.00s Sys=0.00s Real=0.00s
[2026-03-22T19:50:56.858+0900][6.956s][info][gc,start       ] GC(625) Pause Young (Allocation Failure)
[2026-03-22T19:50:56.862+0900][6.960s][info][gc,heap        ] GC(625) PSYoungGen: 116136K(116736K)->57632K(116736K) Eden: 58504K(58880K)->0K(58880K) From: 57632K(57856K)->57632K(57856K)
[2026-03-22T19:50:56.862+0900][6.960s][info][gc,heap        ] GC(625) ParOldGen: 197847K(349696K)->245063K(349696K)
[2026-03-22T19:50:56.862+0900][6.961s][info][gc,metaspace   ] GC(625) Metaspace: 341K(512K)->341K(512K) NonClass: 323K(384K)->323K(384K) Class: 17K(128K)->17K(128K)
[2026-03-22T19:50:56.862+0900][6.961s][info][gc             ] GC(625) Pause Young (Allocation Failure) 306M->295M(455M) 4.253ms
[2026-03-22T19:50:56.862+0900][6.961s][info][gc,cpu         ] GC(625) User=0.00s Sys=0.00s Real=0.00s
[2026-03-22T19:50:56.868+0900][6.967s][info][gc,start       ] GC(626) Pause Young (Allocation Failure)
[2026-03-22T19:50:56.872+0900][6.971s][info][gc,heap        ] GC(626) PSYoungGen: 116136K(116736K)->57632K(116736K) Eden: 58504K(58880K)->0K(58880K) From: 57632K(57856K)->57632K(57856K)
[2026-03-22T19:50:56.872+0900][6.971s][info][gc,heap        ] GC(626) ParOldGen: 245063K(349696K)->292271K(349696K)
[2026-03-22T19:50:56.872+0900][6.971s][info][gc,metaspace   ] GC(626) Metaspace: 341K(512K)->341K(512K) NonClass: 323K(384K)->323K(384K) Class: 17K(128K)->17K(128K)
[2026-03-22T19:50:56.872+0900][6.971s][info][gc             ] GC(626) Pause Young (Allocation Failure) 352M->341M(455M) 4.175ms
[2026-03-22T19:50:56.872+0900][6.971s][info][gc,cpu         ] GC(626) User=0.11s Sys=0.00s Real=0.00s
[2026-03-22T19:50:56.878+0900][6.977s][info][gc,start       ] GC(627) Pause Full (Ergonomics)
[2026-03-22T19:50:56.878+0900][6.977s][info][gc,phases,start] GC(627) Marking Phase
[2026-03-22T19:50:56.881+0900][6.979s][info][gc,phases      ] GC(627) Marking Phase 2.299ms
[2026-03-22T19:50:56.881+0900][6.979s][info][gc,phases,start] GC(627) Summary Phase
[2026-03-22T19:50:56.881+0900][6.979s][info][gc,phases      ] GC(627) Summary Phase 0.021ms
[2026-03-22T19:50:56.881+0900][6.979s][info][gc,phases,start] GC(627) Adjust Roots
[2026-03-22T19:50:56.881+0900][6.980s][info][gc,phases      ] GC(627) Adjust Roots 0.256ms
[2026-03-22T19:50:56.881+0900][6.980s][info][gc,phases,start] GC(627) Compaction Phase
[2026-03-22T19:50:56.887+0900][6.985s][info][gc,phases      ] GC(627) Compaction Phase 5.702ms
[2026-03-22T19:50:56.887+0900][6.985s][info][gc,phases,start] GC(627) Post Compact
[2026-03-22T19:50:56.888+0900][6.987s][info][gc,phases      ] GC(627) Post Compact 1.586ms
[2026-03-22T19:50:56.888+0900][6.987s][info][gc,heap        ] GC(627) PSYoungGen: 116136K(116736K)->0K(116736K) Eden: 58504K(58880K)->0K(58880K) From: 57632K(57856K)->0K(57856K)
[2026-03-22T19:50:56.888+0900][6.987s][info][gc,heap        ] GC(627) ParOldGen: 292271K(349696K)->103430K(349696K)
[2026-03-22T19:50:56.888+0900][6.987s][info][gc,metaspace   ] GC(627) Metaspace: 341K(512K)->341K(512K) NonClass: 323K(384K)->323K(384K) Class: 17K(128K)->17K(128K)
[2026-03-22T19:50:56.888+0900][6.987s][info][gc             ] GC(627) Pause Full (Ergonomics) 398M->101M(455M) 10.235ms
[2026-03-22T19:50:56.888+0900][6.987s][info][gc,cpu         ] GC(627) User=0.12s Sys=0.00s Real=0.01s
[2026-03-22T19:50:56.895+0900][6.994s][info][gc,start       ] GC(628) Pause Young (Allocation Failure)
[2026-03-22T19:50:56.897+0900][6.996s][info][gc,heap        ] GC(628) PSYoungGen: 58504K(116736K)->57632K(116736K) Eden: 58504K(58880K)->0K(58880K) From: 0K(57856K)->57632K(57856K)
[2026-03-22T19:50:56.897+0900][6.997s][info][gc,heap        ] GC(628) ParOldGen: 103430K(349696K)->103430K(349696K)
[2026-03-22T19:50:56.897+0900][6.997s][info][gc,metaspace   ] GC(628) Metaspace: 341K(512K)->341K(512K) NonClass: 323K(384K)->323K(384K) Class: 17K(128K)->17K(128K)
[2026-03-22T19:50:56.897+0900][6.997s][info][gc             ] GC(628) Pause Young (Allocation Failure) 158M->157M(455M) 3.023ms
[2026-03-22T19:50:56.897+0900][6.997s][info][gc,cpu         ] GC(628) User=0.00s Sys=0.00s Real=0.00s
[2026-03-22T19:50:56.904+0900][7.003s][info][gc,start       ] GC(629) Pause Young (Allocation Failure)
[2026-03-22T19:50:56.909+0900][7.008s][info][gc,heap        ] GC(629) PSYoungGen: 116136K(116736K)->57568K(116736K) Eden: 58504K(58880K)->0K(58880K) From: 57632K(57856K)->57568K(57856K)
[2026-03-22T19:50:56.909+0900][7.008s][info][gc,heap        ] GC(629) ParOldGen: 103430K(349696K)->150630K(349696K)
[2026-03-22T19:50:56.909+0900][7.008s][info][gc,metaspace   ] GC(629) Metaspace: 341K(512K)->341K(512K) NonClass: 323K(384K)->323K(384K) Class: 17K(128K)->17K(128K)
[2026-03-22T19:50:56.909+0900][7.008s][info][gc             ] GC(629) Pause Young (Allocation Failure) 214M->203M(455M) 4.659ms
[2026-03-22T19:50:56.909+0900][7.008s][info][gc,cpu         ] GC(629) User=0.00s Sys=0.00s Real=0.00s
[2026-03-22T19:50:56.916+0900][7.015s][info][gc,start       ] GC(630) Pause Young (Allocation Failure)
[2026-03-22T19:50:56.920+0900][7.019s][info][gc,heap        ] GC(630) PSYoungGen: 116072K(116736K)->57632K(116736K) Eden: 58504K(58880K)->0K(58880K) From: 57568K(57856K)->57632K(57856K)
[2026-03-22T19:50:56.920+0900][7.019s][info][gc,heap        ] GC(630) ParOldGen: 150630K(349696K)->197839K(349696K)
[2026-03-22T19:50:56.920+0900][7.019s][info][gc,metaspace   ] GC(630) Metaspace: 341K(512K)->341K(512K) NonClass: 323K(384K)->323K(384K) Class: 17K(128K)->17K(128K)
[2026-03-22T19:50:56.920+0900][7.019s][info][gc             ] GC(630) Pause Young (Allocation Failure) 260M->249M(455M) 4.617ms
[2026-03-22T19:50:56.920+0900][7.019s][info][gc,cpu         ] GC(630) User=0.00s Sys=0.00s Real=0.00s
[2026-03-22T19:50:56.927+0900][7.026s][info][gc,start       ] GC(631) Pause Young (Allocation Failure)
[2026-03-22T19:50:56.932+0900][7.031s][info][gc,heap        ] GC(631) PSYoungGen: 116136K(116736K)->57632K(116736K) Eden: 58504K(58880K)->0K(58880K) From: 57632K(57856K)->57632K(57856K)
[2026-03-22T19:50:56.932+0900][7.031s][info][gc,heap        ] GC(631) ParOldGen: 197839K(349696K)->245055K(349696K)
[2026-03-22T19:50:56.932+0900][7.031s][info][gc,metaspace   ] GC(631) Metaspace: 341K(512K)->341K(512K) NonClass: 323K(384K)->323K(384K) Class: 17K(128K)->17K(128K)
[2026-03-22T19:50:56.932+0900][7.031s][info][gc             ] GC(631) Pause Young (Allocation Failure) 306M->295M(455M) 4.696ms
[2026-03-22T19:50:56.932+0900][7.031s][info][gc,cpu         ] GC(631) User=0.12s Sys=0.00s Real=0.00s
[2026-03-22T19:50:56.939+0900][7.037s][info][gc,start       ] GC(632) Pause Young (Allocation Failure)
[2026-03-22T19:50:56.943+0900][7.041s][info][gc,heap        ] GC(632) PSYoungGen: 116136K(116736K)->57632K(116736K) Eden: 58504K(58880K)->0K(58880K) From: 57632K(57856K)->57632K(57856K)
[2026-03-22T19:50:56.943+0900][7.042s][info][gc,heap        ] GC(632) ParOldGen: 245055K(349696K)->292263K(349696K)
[2026-03-22T19:50:56.943+0900][7.042s][info][gc,metaspace   ] GC(632) Metaspace: 341K(512K)->341K(512K) NonClass: 323K(384K)->323K(384K) Class: 17K(128K)->17K(128K)
[2026-03-22T19:50:56.943+0900][7.042s][info][gc             ] GC(632) Pause Young (Allocation Failure) 352M->341M(455M) 4.380ms
[2026-03-22T19:50:56.943+0900][7.042s][info][gc,cpu         ] GC(632) User=0.00s Sys=0.00s Real=0.00s
[2026-03-22T19:50:56.949+0900][7.048s][info][gc,start       ] GC(633) Pause Full (Ergonomics)
[2026-03-22T19:50:56.949+0900][7.048s][info][gc,phases,start] GC(633) Marking Phase
[2026-03-22T19:50:56.951+0900][7.050s][info][gc,phases      ] GC(633) Marking Phase 1.559ms
[2026-03-22T19:50:56.951+0900][7.050s][info][gc,phases,start] GC(633) Summary Phase
[2026-03-22T19:50:56.951+0900][7.050s][info][gc,phases      ] GC(633) Summary Phase 0.029ms
[2026-03-22T19:50:56.951+0900][7.050s][info][gc,phases,start] GC(633) Adjust Roots
[2026-03-22T19:50:56.951+0900][7.050s][info][gc,phases      ] GC(633) Adjust Roots 0.337ms
[2026-03-22T19:50:56.951+0900][7.050s][info][gc,phases,start] GC(633) Compaction Phase
[2026-03-22T19:50:56.956+0900][7.055s][info][gc,phases      ] GC(633) Compaction Phase 4.845ms
[2026-03-22T19:50:56.956+0900][7.055s][info][gc,phases,start] GC(633) Post Compact
[2026-03-22T19:50:56.958+0900][7.056s][info][gc,phases      ] GC(633) Post Compact 1.417ms
[2026-03-22T19:50:56.958+0900][7.056s][info][gc,heap        ] GC(633) PSYoungGen: 116136K(116736K)->0K(116736K) Eden: 58504K(58880K)->0K(58880K) From: 57632K(57856K)->0K(57856K)
[2026-03-22T19:50:56.958+0900][7.056s][info][gc,heap        ] GC(633) ParOldGen: 292263K(349696K)->103430K(349696K)
[2026-03-22T19:50:56.958+0900][7.056s][info][gc,metaspace   ] GC(633) Metaspace: 341K(512K)->341K(512K) NonClass: 323K(384K)->323K(384K) Class: 17K(128K)->17K(128K)
[2026-03-22T19:50:56.958+0900][7.057s][info][gc             ] GC(633) Pause Full (Ergonomics) 398M->101M(455M) 8.555ms
[2026-03-22T19:50:56.958+0900][7.057s][info][gc,cpu         ] GC(633) User=0.00s Sys=0.00s Real=0.01s
[2026-03-22T19:50:56.965+0900][7.064s][info][gc,start       ] GC(634) Pause Young (Allocation Failure)
[2026-03-22T19:50:56.968+0900][7.066s][info][gc,heap        ] GC(634) PSYoungGen: 58504K(116736K)->57632K(116736K) Eden: 58504K(58880K)->0K(58880K) From: 0K(57856K)->57632K(57856K)
[2026-03-22T19:50:56.968+0900][7.067s][info][gc,heap        ] GC(634) ParOldGen: 103430K(349696K)->103430K(349696K)
[2026-03-22T19:50:56.968+0900][7.067s][info][gc,metaspace   ] GC(634) Metaspace: 341K(512K)->341K(512K) NonClass: 323K(384K)->323K(384K) Class: 17K(128K)->17K(128K)
[2026-03-22T19:50:56.968+0900][7.067s][info][gc             ] GC(634) Pause Young (Allocation Failure) 158M->157M(455M) 3.031ms
[2026-03-22T19:50:56.968+0900][7.067s][info][gc,cpu         ] GC(634) User=0.00s Sys=0.00s Real=0.00s
[2026-03-22T19:50:56.975+0900][7.073s][info][gc,start       ] GC(635) Pause Young (Allocation Failure)
[2026-03-22T19:50:56.979+0900][7.077s][info][gc,heap        ] GC(635) PSYoungGen: 116136K(116736K)->57632K(116736K) Eden: 58504K(58880K)->0K(58880K) From: 57632K(57856K)->57632K(57856K)
[2026-03-22T19:50:56.979+0900][7.078s][info][gc,heap        ] GC(635) ParOldGen: 103430K(349696K)->150638K(349696K)
[2026-03-22T19:50:56.979+0900][7.078s][info][gc,metaspace   ] GC(635) Metaspace: 341K(512K)->341K(512K) NonClass: 323K(384K)->323K(384K) Class: 17K(128K)->17K(128K)
[2026-03-22T19:50:56.979+0900][7.078s][info][gc             ] GC(635) Pause Young (Allocation Failure) 214M->203M(455M) 4.695ms
[2026-03-22T19:50:56.979+0900][7.078s][info][gc,cpu         ] GC(635) User=0.02s Sys=0.00s Real=0.00s
[2026-03-22T19:50:56.986+0900][7.084s][info][gc,start       ] GC(636) Pause Young (Allocation Failure)
[2026-03-22T19:50:56.990+0900][7.089s][info][gc,heap        ] GC(636) PSYoungGen: 116136K(116736K)->57632K(116736K) Eden: 58504K(58880K)->0K(58880K) From: 57632K(57856K)->57632K(57856K)
[2026-03-22T19:50:56.990+0900][7.089s][info][gc,heap        ] GC(636) ParOldGen: 150638K(349696K)->197847K(349696K)
[2026-03-22T19:50:56.990+0900][7.089s][info][gc,metaspace   ] GC(636) Metaspace: 341K(512K)->341K(512K) NonClass: 323K(384K)->323K(384K) Class: 17K(128K)->17K(128K)
[2026-03-22T19:50:56.990+0900][7.089s][info][gc             ] GC(636) Pause Young (Allocation Failure) 260M->249M(455M) 4.127ms
[2026-03-22T19:50:56.990+0900][7.089s][info][gc,cpu         ] GC(636) User=0.00s Sys=0.00s Real=0.00s
[2026-03-22T19:50:56.997+0900][7.095s][info][gc,start       ] GC(637) Pause Young (Allocation Failure)
[2026-03-22T19:50:57.001+0900][7.100s][info][gc,heap        ] GC(637) PSYoungGen: 116136K(116736K)->57632K(116736K) Eden: 58504K(58880K)->0K(58880K) From: 57632K(57856K)->57632K(57856K)
[2026-03-22T19:50:57.001+0900][7.100s][info][gc,heap        ] GC(637) ParOldGen: 197847K(349696K)->245063K(349696K)
[2026-03-22T19:50:57.001+0900][7.100s][info][gc,metaspace   ] GC(637) Metaspace: 341K(512K)->341K(512K) NonClass: 323K(384K)->323K(384K) Class: 17K(128K)->17K(128K)
[2026-03-22T19:50:57.001+0900][7.100s][info][gc             ] GC(637) Pause Young (Allocation Failure) 306M->295M(455M) 4.543ms
[2026-03-22T19:50:57.001+0900][7.100s][info][gc,cpu         ] GC(637) User=0.00s Sys=0.00s Real=0.00s
[2026-03-22T19:50:57.007+0900][7.106s][info][gc,start       ] GC(638) Pause Young (Allocation Failure)
[2026-03-22T19:50:57.012+0900][7.111s][info][gc,heap        ] GC(638) PSYoungGen: 116136K(116736K)->57632K(116736K) Eden: 58504K(58880K)->0K(58880K) From: 57632K(57856K)->57632K(57856K)
[2026-03-22T19:50:57.012+0900][7.111s][info][gc,heap        ] GC(638) ParOldGen: 245063K(349696K)->292263K(349696K)
[2026-03-22T19:50:57.012+0900][7.111s][info][gc,metaspace   ] GC(638) Metaspace: 341K(512K)->341K(512K) NonClass: 323K(384K)->323K(384K) Class: 17K(128K)->17K(128K)
[2026-03-22T19:50:57.012+0900][7.111s][info][gc             ] GC(638) Pause Young (Allocation Failure) 352M->341M(455M) 4.745ms
[2026-03-22T19:50:57.012+0900][7.111s][info][gc,cpu         ] GC(638) User=0.08s Sys=0.03s Real=0.01s
[2026-03-22T19:50:57.018+0900][7.117s][info][gc,start       ] GC(639) Pause Full (Ergonomics)
[2026-03-22T19:50:57.018+0900][7.117s][info][gc,phases,start] GC(639) Marking Phase
[2026-03-22T19:50:57.020+0900][7.119s][info][gc,phases      ] GC(639) Marking Phase 1.435ms
[2026-03-22T19:50:57.020+0900][7.119s][info][gc,phases,start] GC(639) Summary Phase
[2026-03-22T19:50:57.020+0900][7.119s][info][gc,phases      ] GC(639) Summary Phase 0.022ms
[2026-03-22T19:50:57.020+0900][7.119s][info][gc,phases,start] GC(639) Adjust Roots
[2026-03-22T19:50:57.020+0900][7.119s][info][gc,phases      ] GC(639) Adjust Roots 0.332ms
[2026-03-22T19:50:57.020+0900][7.119s][info][gc,phases,start] GC(639) Compaction Phase
[2026-03-22T19:50:57.026+0900][7.124s][info][gc,phases      ] GC(639) Compaction Phase 4.911ms
[2026-03-22T19:50:57.026+0900][7.124s][info][gc,phases,start] GC(639) Post Compact
[2026-03-22T19:50:57.027+0900][7.126s][info][gc,phases      ] GC(639) Post Compact 1.416ms
[2026-03-22T19:50:57.027+0900][7.126s][info][gc,heap        ] GC(639) PSYoungGen: 116136K(116736K)->0K(116736K) Eden: 58504K(58880K)->0K(58880K) From: 57632K(57856K)->0K(57856K)
[2026-03-22T19:50:57.027+0900][7.126s][info][gc,heap        ] GC(639) ParOldGen: 292263K(349696K)->103195K(349696K)
[2026-03-22T19:50:57.027+0900][7.126s][info][gc,metaspace   ] GC(639) Metaspace: 341K(512K)->341K(512K) NonClass: 323K(384K)->323K(384K) Class: 17K(128K)->17K(128K)
[2026-03-22T19:50:57.027+0900][7.126s][info][gc             ] GC(639) Pause Full (Ergonomics) 398M->100M(455M) 8.424ms
[2026-03-22T19:50:57.027+0900][7.126s][info][gc,cpu         ] GC(639) User=0.09s Sys=0.02s Real=0.01s
[2026-03-22T19:50:57.034+0900][7.133s][info][gc,start       ] GC(640) Pause Young (Allocation Failure)
[2026-03-22T19:50:57.037+0900][7.136s][info][gc,heap        ] GC(640) PSYoungGen: 58504K(116736K)->57632K(116736K) Eden: 58504K(58880K)->0K(58880K) From: 0K(57856K)->57632K(57856K)
[2026-03-22T19:50:57.037+0900][7.136s][info][gc,heap        ] GC(640) ParOldGen: 103195K(349696K)->103195K(349696K)
[2026-03-22T19:50:57.037+0900][7.136s][info][gc,metaspace   ] GC(640) Metaspace: 341K(512K)->341K(512K) NonClass: 323K(384K)->323K(384K) Class: 17K(128K)->17K(128K)
[2026-03-22T19:50:57.037+0900][7.136s][info][gc             ] GC(640) Pause Young (Allocation Failure) 157M->157M(455M) 2.778ms
[2026-03-22T19:50:57.037+0900][7.136s][info][gc,cpu         ] GC(640) User=0.00s Sys=0.00s Real=0.00s
[2026-03-22T19:50:57.043+0900][7.142s][info][gc,start       ] GC(641) Pause Young (Allocation Failure)
[2026-03-22T19:50:57.048+0900][7.147s][info][gc,heap        ] GC(641) PSYoungGen: 116136K(116736K)->57632K(116736K) Eden: 58504K(58880K)->0K(58880K) From: 57632K(57856K)->57632K(57856K)
[2026-03-22T19:50:57.048+0900][7.147s][info][gc,heap        ] GC(641) ParOldGen: 103195K(349696K)->150403K(349696K)
[2026-03-22T19:50:57.048+0900][7.147s][info][gc,metaspace   ] GC(641) Metaspace: 341K(512K)->341K(512K) NonClass: 323K(384K)->323K(384K) Class: 17K(128K)->17K(128K)
[2026-03-22T19:50:57.048+0900][7.147s][info][gc             ] GC(641) Pause Young (Allocation Failure) 214M->203M(455M) 4.540ms
[2026-03-22T19:50:57.048+0900][7.147s][info][gc,cpu         ] GC(641) User=0.00s Sys=0.00s Real=0.01s
[2026-03-22T19:50:57.054+0900][7.153s][info][gc,start       ] GC(642) Pause Young (Allocation Failure)
[2026-03-22T19:50:57.058+0900][7.158s][info][gc,heap        ] GC(642) PSYoungGen: 116136K(116736K)->57632K(116736K) Eden: 58504K(58880K)->0K(58880K) From: 57632K(57856K)->57632K(57856K)
[2026-03-22T19:50:57.058+0900][7.158s][info][gc,heap        ] GC(642) ParOldGen: 150403K(349696K)->197611K(349696K)
[2026-03-22T19:50:57.058+0900][7.158s][info][gc,metaspace   ] GC(642) Metaspace: 341K(512K)->341K(512K) NonClass: 323K(384K)->323K(384K) Class: 17K(128K)->17K(128K)
[2026-03-22T19:50:57.058+0900][7.158s][info][gc             ] GC(642) Pause Young (Allocation Failure) 260M->249M(455M) 4.346ms
[2026-03-22T19:50:57.060+0900][7.158s][info][gc,cpu         ] GC(642) User=0.11s Sys=0.00s Real=0.01s
[2026-03-22T19:50:57.065+0900][7.164s][info][gc,start       ] GC(643) Pause Young (Allocation Failure)
[2026-03-22T19:50:57.071+0900][7.169s][info][gc,heap        ] GC(643) PSYoungGen: 116136K(116736K)->57632K(116736K) Eden: 58504K(58880K)->0K(58880K) From: 57632K(57856K)->57632K(57856K)
[2026-03-22T19:50:57.071+0900][7.169s][info][gc,heap        ] GC(643) ParOldGen: 197611K(349696K)->244820K(349696K)
[2026-03-22T19:50:57.071+0900][7.169s][info][gc,metaspace   ] GC(643) Metaspace: 341K(512K)->341K(512K) NonClass: 323K(384K)->323K(384K) Class: 17K(128K)->17K(128K)
[2026-03-22T19:50:57.071+0900][7.169s][info][gc             ] GC(643) Pause Young (Allocation Failure) 306M->295M(455M) 4.798ms
[2026-03-22T19:50:57.071+0900][7.169s][info][gc,cpu         ] GC(643) User=0.00s Sys=0.00s Real=0.01s
[2026-03-22T19:50:57.076+0900][7.175s][info][gc,start       ] GC(644) Pause Young (Allocation Failure)
[2026-03-22T19:50:57.081+0900][7.180s][info][gc,heap        ] GC(644) PSYoungGen: 116136K(116736K)->57632K(116736K) Eden: 58504K(58880K)->0K(58880K) From: 57632K(57856K)->57632K(57856K)
[2026-03-22T19:50:57.081+0900][7.180s][info][gc,heap        ] GC(644) ParOldGen: 244820K(349696K)->292028K(349696K)
[2026-03-22T19:50:57.081+0900][7.180s][info][gc,metaspace   ] GC(644) Metaspace: 341K(512K)->341K(512K) NonClass: 323K(384K)->323K(384K) Class: 17K(128K)->17K(128K)
[2026-03-22T19:50:57.081+0900][7.180s][info][gc             ] GC(644) Pause Young (Allocation Failure) 352M->341M(455M) 4.841ms
[2026-03-22T19:50:57.081+0900][7.180s][info][gc,cpu         ] GC(644) User=0.00s Sys=0.00s Real=0.01s
[2026-03-22T19:50:57.087+0900][7.187s][info][gc,start       ] GC(645) Pause Full (Ergonomics)
[2026-03-22T19:50:57.087+0900][7.187s][info][gc,phases,start] GC(645) Marking Phase
[2026-03-22T19:50:57.089+0900][7.188s][info][gc,phases      ] GC(645) Marking Phase 1.777ms
[2026-03-22T19:50:57.089+0900][7.188s][info][gc,phases,start] GC(645) Summary Phase
[2026-03-22T19:50:57.089+0900][7.188s][info][gc,phases      ] GC(645) Summary Phase 0.020ms
[2026-03-22T19:50:57.089+0900][7.189s][info][gc,phases,start] GC(645) Adjust Roots
[2026-03-22T19:50:57.090+0900][7.189s][info][gc,phases      ] GC(645) Adjust Roots 0.365ms
[2026-03-22T19:50:57.090+0900][7.189s][info][gc,phases,start] GC(645) Compaction Phase
[2026-03-22T19:50:57.095+0900][7.194s][info][gc,phases      ] GC(645) Compaction Phase 5.226ms
[2026-03-22T19:50:57.095+0900][7.194s][info][gc,phases,start] GC(645) Post Compact
[2026-03-22T19:50:57.097+0900][7.196s][info][gc,phases      ] GC(645) Post Compact 1.574ms
[2026-03-22T19:50:57.097+0900][7.196s][info][gc,heap        ] GC(645) PSYoungGen: 116136K(116736K)->0K(116736K) Eden: 58504K(58880K)->0K(58880K) From: 57632K(57856K)->0K(57856K)
[2026-03-22T19:50:57.097+0900][7.196s][info][gc,heap        ] GC(645) ParOldGen: 292028K(349696K)->103430K(349696K)
[2026-03-22T19:50:57.097+0900][7.196s][info][gc,metaspace   ] GC(645) Metaspace: 341K(512K)->341K(512K) NonClass: 323K(384K)->323K(384K) Class: 17K(128K)->17K(128K)
[2026-03-22T19:50:57.097+0900][7.196s][info][gc             ] GC(645) Pause Full (Ergonomics) 398M->101M(455M) 9.325ms
[2026-03-22T19:50:57.097+0900][7.196s][info][gc,cpu         ] GC(645) User=0.00s Sys=0.00s Real=0.01s
[2026-03-22T19:50:57.104+0900][7.202s][info][gc,start       ] GC(646) Pause Young (Allocation Failure)
[2026-03-22T19:50:57.105+0900][7.205s][info][gc,heap        ] GC(646) PSYoungGen: 58504K(116736K)->57632K(116736K) Eden: 58504K(58880K)->0K(58880K) From: 0K(57856K)->57632K(57856K)
[2026-03-22T19:50:57.105+0900][7.205s][info][gc,heap        ] GC(646) ParOldGen: 103430K(349696K)->103430K(349696K)
[2026-03-22T19:50:57.105+0900][7.205s][info][gc,metaspace   ] GC(646) Metaspace: 341K(512K)->341K(512K) NonClass: 323K(384K)->323K(384K) Class: 17K(128K)->17K(128K)
[2026-03-22T19:50:57.105+0900][7.205s][info][gc             ] GC(646) Pause Young (Allocation Failure) 158M->157M(455M) 2.534ms
[2026-03-22T19:50:57.105+0900][7.205s][info][gc,cpu         ] GC(646) User=0.00s Sys=0.00s Real=0.00s
[2026-03-22T19:50:57.112+0900][7.211s][info][gc,start       ] GC(647) Pause Young (Allocation Failure)
[2026-03-22T19:50:57.116+0900][7.215s][info][gc,heap        ] GC(647) PSYoungGen: 116136K(116736K)->57632K(116736K) Eden: 58504K(58880K)->0K(58880K) From: 57632K(57856K)->57632K(57856K)
[2026-03-22T19:50:57.116+0900][7.215s][info][gc,heap        ] GC(647) ParOldGen: 103430K(349696K)->150638K(349696K)
[2026-03-22T19:50:57.116+0900][7.215s][info][gc,metaspace   ] GC(647) Metaspace: 341K(512K)->341K(512K) NonClass: 323K(384K)->323K(384K) Class: 17K(128K)->17K(128K)
[2026-03-22T19:50:57.116+0900][7.215s][info][gc             ] GC(647) Pause Young (Allocation Failure) 214M->203M(455M) 4.240ms
[2026-03-22T19:50:57.117+0900][7.215s][info][gc,cpu         ] GC(647) User=0.00s Sys=0.00s Real=0.01s
[2026-03-22T19:50:57.122+0900][7.221s][info][gc,start       ] GC(648) Pause Young (Allocation Failure)
[2026-03-22T19:50:57.127+0900][7.225s][info][gc,heap        ] GC(648) PSYoungGen: 116136K(116736K)->57632K(116736K) Eden: 58504K(58880K)->0K(58880K) From: 57632K(57856K)->57632K(57856K)
[2026-03-22T19:50:57.127+0900][7.225s][info][gc,heap        ] GC(648) ParOldGen: 150638K(349696K)->197847K(349696K)
[2026-03-22T19:50:57.127+0900][7.225s][info][gc,metaspace   ] GC(648) Metaspace: 341K(512K)->341K(512K) NonClass: 323K(384K)->323K(384K) Class: 17K(128K)->17K(128K)
[2026-03-22T19:50:57.127+0900][7.225s][info][gc             ] GC(648) Pause Young (Allocation Failure) 260M->249M(455M) 4.490ms
[2026-03-22T19:50:57.127+0900][7.225s][info][gc,cpu         ] GC(648) User=0.00s Sys=0.00s Real=0.01s
[2026-03-22T19:50:57.132+0900][7.231s][info][gc,start       ] GC(649) Pause Young (Allocation Failure)
[2026-03-22T19:50:57.136+0900][7.236s][info][gc,heap        ] GC(649) PSYoungGen: 116136K(116736K)->57632K(116736K) Eden: 58504K(58880K)->0K(58880K) From: 57632K(57856K)->57632K(57856K)
[2026-03-22T19:50:57.136+0900][7.236s][info][gc,heap        ] GC(649) ParOldGen: 197847K(349696K)->245063K(349696K)
[2026-03-22T19:50:57.136+0900][7.236s][info][gc,metaspace   ] GC(649) Metaspace: 341K(512K)->341K(512K) NonClass: 323K(384K)->323K(384K) Class: 17K(128K)->17K(128K)
[2026-03-22T19:50:57.136+0900][7.236s][info][gc             ] GC(649) Pause Young (Allocation Failure) 306M->295M(455M) 4.307ms
[2026-03-22T19:50:57.136+0900][7.236s][info][gc,cpu         ] GC(649) User=0.12s Sys=0.00s Real=0.00s
[2026-03-22T19:50:57.144+0900][7.242s][info][gc,start       ] GC(650) Pause Young (Allocation Failure)
[2026-03-22T19:50:57.148+0900][7.247s][info][gc,heap        ] GC(650) PSYoungGen: 116136K(116736K)->57632K(116736K) Eden: 58504K(58880K)->0K(58880K) From: 57632K(57856K)->57632K(57856K)
[2026-03-22T19:50:57.148+0900][7.247s][info][gc,heap        ] GC(650) ParOldGen: 245063K(349696K)->292271K(349696K)
[2026-03-22T19:50:57.148+0900][7.247s][info][gc,metaspace   ] GC(650) Metaspace: 341K(512K)->341K(512K) NonClass: 323K(384K)->323K(384K) Class: 17K(128K)->17K(128K)
[2026-03-22T19:50:57.148+0900][7.247s][info][gc             ] GC(650) Pause Young (Allocation Failure) 352M->341M(455M) 4.493ms
[2026-03-22T19:50:57.148+0900][7.247s][info][gc,cpu         ] GC(650) User=0.00s Sys=0.00s Real=0.00s
[2026-03-22T19:50:57.155+0900][7.253s][info][gc,start       ] GC(651) Pause Full (Ergonomics)
[2026-03-22T19:50:57.155+0900][7.254s][info][gc,phases,start] GC(651) Marking Phase
[2026-03-22T19:50:57.155+0900][7.255s][info][gc,phases      ] GC(651) Marking Phase 1.444ms
[2026-03-22T19:50:57.155+0900][7.255s][info][gc,phases,start] GC(651) Summary Phase
[2026-03-22T19:50:57.155+0900][7.255s][info][gc,phases      ] GC(651) Summary Phase 0.017ms
[2026-03-22T19:50:57.155+0900][7.255s][info][gc,phases,start] GC(651) Adjust Roots
[2026-03-22T19:50:57.157+0900][7.255s][info][gc,phases      ] GC(651) Adjust Roots 0.210ms
[2026-03-22T19:50:57.157+0900][7.255s][info][gc,phases,start] GC(651) Compaction Phase
[2026-03-22T19:50:57.161+0900][7.260s][info][gc,phases      ] GC(651) Compaction Phase 5.042ms
[2026-03-22T19:50:57.161+0900][7.260s][info][gc,phases,start] GC(651) Post Compact
[2026-03-22T19:50:57.163+0900][7.262s][info][gc,phases      ] GC(651) Post Compact 1.528ms
[2026-03-22T19:50:57.163+0900][7.262s][info][gc,heap        ] GC(651) PSYoungGen: 116136K(116736K)->0K(116736K) Eden: 58504K(58880K)->0K(58880K) From: 57632K(57856K)->0K(57856K)
[2026-03-22T19:50:57.163+0900][7.262s][info][gc,heap        ] GC(651) ParOldGen: 292271K(349696K)->103430K(349696K)
[2026-03-22T19:50:57.163+0900][7.262s][info][gc,metaspace   ] GC(651) Metaspace: 341K(512K)->341K(512K) NonClass: 323K(384K)->323K(384K) Class: 17K(128K)->17K(128K)
[2026-03-22T19:50:57.163+0900][7.262s][info][gc             ] GC(651) Pause Full (Ergonomics) 398M->101M(455M) 8.704ms
[2026-03-22T19:50:57.163+0900][7.262s][info][gc,cpu         ] GC(651) User=0.00s Sys=0.00s Real=0.01s
[2026-03-22T19:50:57.169+0900][7.268s][info][gc,start       ] GC(652) Pause Young (Allocation Failure)
[2026-03-22T19:50:57.172+0900][7.271s][info][gc,heap        ] GC(652) PSYoungGen: 58504K(116736K)->57632K(116736K) Eden: 58504K(58880K)->0K(58880K) From: 0K(57856K)->57632K(57856K)
[2026-03-22T19:50:57.172+0900][7.271s][info][gc,heap        ] GC(652) ParOldGen: 103430K(349696K)->103430K(349696K)
[2026-03-22T19:50:57.172+0900][7.271s][info][gc,metaspace   ] GC(652) Metaspace: 341K(512K)->341K(512K) NonClass: 323K(384K)->323K(384K) Class: 17K(128K)->17K(128K)
[2026-03-22T19:50:57.172+0900][7.271s][info][gc             ] GC(652) Pause Young (Allocation Failure) 158M->157M(455M) 2.699ms
[2026-03-22T19:50:57.172+0900][7.271s][info][gc,cpu         ] GC(652) User=0.00s Sys=0.00s Real=0.00s
[2026-03-22T19:50:57.178+0900][7.278s][info][gc,start       ] GC(653) Pause Young (Allocation Failure)
[2026-03-22T19:50:57.182+0900][7.281s][info][gc,heap        ] GC(653) PSYoungGen: 116136K(116736K)->57632K(116736K) Eden: 58504K(58880K)->0K(58880K) From: 57632K(57856K)->57632K(57856K)
[2026-03-22T19:50:57.182+0900][7.281s][info][gc,heap        ] GC(653) ParOldGen: 103430K(349696K)->150638K(349696K)
[2026-03-22T19:50:57.182+0900][7.281s][info][gc,metaspace   ] GC(653) Metaspace: 341K(512K)->341K(512K) NonClass: 323K(384K)->323K(384K) Class: 17K(128K)->17K(128K)
[2026-03-22T19:50:57.182+0900][7.281s][info][gc             ] GC(653) Pause Young (Allocation Failure) 214M->203M(455M) 3.924ms
[2026-03-22T19:50:57.182+0900][7.281s][info][gc,cpu         ] GC(653) User=0.11s Sys=0.02s Real=0.00s
[2026-03-22T19:50:57.190+0900][7.288s][info][gc,start       ] GC(654) Pause Young (Allocation Failure)
[2026-03-22T19:50:57.194+0900][7.292s][info][gc,heap        ] GC(654) PSYoungGen: 116136K(116736K)->57632K(116736K) Eden: 58504K(58880K)->0K(58880K) From: 57632K(57856K)->57632K(57856K)
[2026-03-22T19:50:57.194+0900][7.292s][info][gc,heap        ] GC(654) ParOldGen: 150638K(349696K)->197847K(349696K)
[2026-03-22T19:50:57.194+0900][7.292s][info][gc,metaspace   ] GC(654) Metaspace: 341K(512K)->341K(512K) NonClass: 323K(384K)->323K(384K) Class: 17K(128K)->17K(128K)
[2026-03-22T19:50:57.194+0900][7.292s][info][gc             ] GC(654) Pause Young (Allocation Failure) 260M->249M(455M) 4.290ms
[2026-03-22T19:50:57.194+0900][7.292s][info][gc,cpu         ] GC(654) User=0.00s Sys=0.00s Real=0.00s
[2026-03-22T19:50:57.200+0900][7.299s][info][gc,start       ] GC(655) Pause Young (Allocation Failure)
[2026-03-22T19:50:57.205+0900][7.304s][info][gc,heap        ] GC(655) PSYoungGen: 116136K(116736K)->57472K(116736K) Eden: 58504K(58880K)->0K(58880K) From: 57632K(57856K)->57472K(57856K)
[2026-03-22T19:50:57.205+0900][7.304s][info][gc,heap        ] GC(655) ParOldGen: 197847K(349696K)->245023K(349696K)
[2026-03-22T19:50:57.205+0900][7.304s][info][gc,metaspace   ] GC(655) Metaspace: 341K(512K)->341K(512K) NonClass: 323K(384K)->323K(384K) Class: 17K(128K)->17K(128K)
[2026-03-22T19:50:57.205+0900][7.304s][info][gc             ] GC(655) Pause Young (Allocation Failure) 306M->295M(455M) 5.433ms
[2026-03-22T19:50:57.205+0900][7.304s][info][gc,cpu         ] GC(655) User=0.00s Sys=0.00s Real=0.00s
[2026-03-22T19:50:57.212+0900][7.310s][info][gc,start       ] GC(656) Pause Young (Allocation Failure)
[2026-03-22T19:50:57.216+0900][7.315s][info][gc,heap        ] GC(656) PSYoungGen: 115976K(116736K)->57632K(116736K) Eden: 58504K(58880K)->0K(58880K) From: 57472K(57856K)->57632K(57856K)
[2026-03-22T19:50:57.216+0900][7.315s][info][gc,heap        ] GC(656) ParOldGen: 245023K(349696K)->292231K(349696K)
[2026-03-22T19:50:57.216+0900][7.315s][info][gc,metaspace   ] GC(656) Metaspace: 341K(512K)->341K(512K) NonClass: 323K(384K)->323K(384K) Class: 17K(128K)->17K(128K)
[2026-03-22T19:50:57.216+0900][7.315s][info][gc             ] GC(656) Pause Young (Allocation Failure) 352M->341M(455M) 4.576ms
[2026-03-22T19:50:57.216+0900][7.315s][info][gc,cpu         ] GC(656) User=0.12s Sys=0.00s Real=0.00s
[2026-03-22T19:50:57.222+0900][7.321s][info][gc,start       ] GC(657) Pause Full (Ergonomics)
[2026-03-22T19:50:57.222+0900][7.321s][info][gc,phases,start] GC(657) Marking Phase
[2026-03-22T19:50:57.224+0900][7.323s][info][gc,phases      ] GC(657) Marking Phase 1.501ms
[2026-03-22T19:50:57.224+0900][7.323s][info][gc,phases,start] GC(657) Summary Phase
[2026-03-22T19:50:57.224+0900][7.323s][info][gc,phases      ] GC(657) Summary Phase 0.023ms
[2026-03-22T19:50:57.224+0900][7.323s][info][gc,phases,start] GC(657) Adjust Roots
[2026-03-22T19:50:57.224+0900][7.323s][info][gc,phases      ] GC(657) Adjust Roots 0.246ms
[2026-03-22T19:50:57.224+0900][7.323s][info][gc,phases,start] GC(657) Compaction Phase
[2026-03-22T19:50:57.229+0900][7.328s][info][gc,phases      ] GC(657) Compaction Phase 5.056ms
[2026-03-22T19:50:57.229+0900][7.328s][info][gc,phases,start] GC(657) Post Compact
[2026-03-22T19:50:57.231+0900][7.329s][info][gc,phases      ] GC(657) Post Compact 1.408ms
[2026-03-22T19:50:57.231+0900][7.329s][info][gc,heap        ] GC(657) PSYoungGen: 116136K(116736K)->0K(116736K) Eden: 58504K(58880K)->0K(58880K) From: 57632K(57856K)->0K(57856K)
[2026-03-22T19:50:57.231+0900][7.329s][info][gc,heap        ] GC(657) ParOldGen: 292231K(349696K)->103430K(349696K)
[2026-03-22T19:50:57.231+0900][7.329s][info][gc,metaspace   ] GC(657) Metaspace: 341K(512K)->341K(512K) NonClass: 323K(384K)->323K(384K) Class: 17K(128K)->17K(128K)
[2026-03-22T19:50:57.231+0900][7.330s][info][gc             ] GC(657) Pause Full (Ergonomics) 398M->101M(455M) 8.510ms
[2026-03-22T19:50:57.231+0900][7.330s][info][gc,cpu         ] GC(657) User=0.12s Sys=0.00s Real=0.01s
[2026-03-22T19:50:57.237+0900][7.336s][info][gc,start       ] GC(658) Pause Young (Allocation Failure)
[2026-03-22T19:50:57.240+0900][7.339s][info][gc,heap        ] GC(658) PSYoungGen: 58504K(116736K)->57632K(116736K) Eden: 58504K(58880K)->0K(58880K) From: 0K(57856K)->57632K(57856K)
[2026-03-22T19:50:57.240+0900][7.339s][info][gc,heap        ] GC(658) ParOldGen: 103430K(349696K)->103430K(349696K)
[2026-03-22T19:50:57.240+0900][7.339s][info][gc,metaspace   ] GC(658) Metaspace: 341K(512K)->341K(512K) NonClass: 323K(384K)->323K(384K) Class: 17K(128K)->17K(128K)
[2026-03-22T19:50:57.240+0900][7.339s][info][gc             ] GC(658) Pause Young (Allocation Failure) 158M->157M(455M) 2.727ms
[2026-03-22T19:50:57.240+0900][7.339s][info][gc,cpu         ] GC(658) User=0.00s Sys=0.00s Real=0.00s
[2026-03-22T19:50:57.246+0900][7.345s][info][gc,start       ] GC(659) Pause Young (Allocation Failure)
[2026-03-22T19:50:57.250+0900][7.349s][info][gc,heap        ] GC(659) PSYoungGen: 116136K(116736K)->57632K(116736K) Eden: 58504K(58880K)->0K(58880K) From: 57632K(57856K)->57632K(57856K)
[2026-03-22T19:50:57.250+0900][7.349s][info][gc,heap        ] GC(659) ParOldGen: 103430K(349696K)->150638K(349696K)
[2026-03-22T19:50:57.250+0900][7.349s][info][gc,metaspace   ] GC(659) Metaspace: 341K(512K)->341K(512K) NonClass: 323K(384K)->323K(384K) Class: 17K(128K)->17K(128K)
[2026-03-22T19:50:57.250+0900][7.349s][info][gc             ] GC(659) Pause Young (Allocation Failure) 214M->203M(455M) 4.462ms
[2026-03-22T19:50:57.250+0900][7.349s][info][gc,cpu         ] GC(659) User=0.00s Sys=0.00s Real=0.00s
[2026-03-22T19:50:57.257+0900][7.356s][info][gc,start       ] GC(660) Pause Young (Allocation Failure)
[2026-03-22T19:50:57.261+0900][7.360s][info][gc,heap        ] GC(660) PSYoungGen: 116136K(116736K)->57632K(116736K) Eden: 58504K(58880K)->0K(58880K) From: 57632K(57856K)->57632K(57856K)
[2026-03-22T19:50:57.261+0900][7.360s][info][gc,heap        ] GC(660) ParOldGen: 150638K(349696K)->197847K(349696K)
[2026-03-22T19:50:57.261+0900][7.360s][info][gc,metaspace   ] GC(660) Metaspace: 341K(512K)->341K(512K) NonClass: 323K(384K)->323K(384K) Class: 17K(128K)->17K(128K)
[2026-03-22T19:50:57.261+0900][7.360s][info][gc             ] GC(660) Pause Young (Allocation Failure) 260M->249M(455M) 4.387ms
[2026-03-22T19:50:57.261+0900][7.360s][info][gc,cpu         ] GC(660) User=0.12s Sys=0.00s Real=0.00s
[2026-03-22T19:50:57.268+0900][7.367s][info][gc,start       ] GC(661) Pause Young (Allocation Failure)
[2026-03-22T19:50:57.272+0900][7.371s][info][gc,heap        ] GC(661) PSYoungGen: 116136K(116736K)->57632K(116736K) Eden: 58504K(58880K)->0K(58880K) From: 57632K(57856K)->57632K(57856K)
[2026-03-22T19:50:57.272+0900][7.371s][info][gc,heap        ] GC(661) ParOldGen: 197847K(349696K)->245063K(349696K)
[2026-03-22T19:50:57.272+0900][7.371s][info][gc,metaspace   ] GC(661) Metaspace: 341K(512K)->341K(512K) NonClass: 323K(384K)->323K(384K) Class: 17K(128K)->17K(128K)
[2026-03-22T19:50:57.272+0900][7.371s][info][gc             ] GC(661) Pause Young (Allocation Failure) 306M->295M(455M) 4.222ms
[2026-03-22T19:50:57.272+0900][7.371s][info][gc,cpu         ] GC(661) User=0.00s Sys=0.00s Real=0.00s
[2026-03-22T19:50:57.279+0900][7.378s][info][gc,start       ] GC(662) Pause Young (Allocation Failure)
[2026-03-22T19:50:57.284+0900][7.382s][info][gc,heap        ] GC(662) PSYoungGen: 116136K(116736K)->57632K(116736K) Eden: 58504K(58880K)->0K(58880K) From: 57632K(57856K)->57632K(57856K)
[2026-03-22T19:50:57.284+0900][7.382s][info][gc,heap        ] GC(662) ParOldGen: 245063K(349696K)->292271K(349696K)
[2026-03-22T19:50:57.284+0900][7.382s][info][gc,metaspace   ] GC(662) Metaspace: 341K(512K)->341K(512K) NonClass: 323K(384K)->323K(384K) Class: 17K(128K)->17K(128K)
[2026-03-22T19:50:57.284+0900][7.382s][info][gc             ] GC(662) Pause Young (Allocation Failure) 352M->341M(455M) 4.562ms
[2026-03-22T19:50:57.284+0900][7.382s][info][gc,cpu         ] GC(662) User=0.00s Sys=0.00s Real=0.00s
[2026-03-22T19:50:57.292+0900][7.390s][info][gc,start       ] GC(663) Pause Full (Ergonomics)
[2026-03-22T19:50:57.292+0900][7.390s][info][gc,phases,start] GC(663) Marking Phase
[2026-03-22T19:50:57.294+0900][7.392s][info][gc,phases      ] GC(663) Marking Phase 1.666ms
[2026-03-22T19:50:57.294+0900][7.392s][info][gc,phases,start] GC(663) Summary Phase
[2026-03-22T19:50:57.294+0900][7.392s][info][gc,phases      ] GC(663) Summary Phase 0.028ms
[2026-03-22T19:50:57.294+0900][7.392s][info][gc,phases,start] GC(663) Adjust Roots
[2026-03-22T19:50:57.294+0900][7.393s][info][gc,phases      ] GC(663) Adjust Roots 0.454ms
[2026-03-22T19:50:57.294+0900][7.393s][info][gc,phases,start] GC(663) Compaction Phase
[2026-03-22T19:50:57.299+0900][7.398s][info][gc,phases      ] GC(663) Compaction Phase 5.204ms
[2026-03-22T19:50:57.299+0900][7.398s][info][gc,phases,start] GC(663) Post Compact
[2026-03-22T19:50:57.301+0900][7.400s][info][gc,phases      ] GC(663) Post Compact 1.525ms
[2026-03-22T19:50:57.301+0900][7.400s][info][gc,heap        ] GC(663) PSYoungGen: 116136K(116736K)->0K(116736K) Eden: 58504K(58880K)->0K(58880K) From: 57632K(57856K)->0K(57856K)
[2026-03-22T19:50:57.301+0900][7.400s][info][gc,heap        ] GC(663) ParOldGen: 292271K(349696K)->103430K(349696K)
[2026-03-22T19:50:57.301+0900][7.400s][info][gc,metaspace   ] GC(663) Metaspace: 341K(512K)->341K(512K) NonClass: 323K(384K)->323K(384K) Class: 17K(128K)->17K(128K)
[2026-03-22T19:50:57.301+0900][7.400s][info][gc             ] GC(663) Pause Full (Ergonomics) 398M->101M(455M) 9.349ms
[2026-03-22T19:50:57.301+0900][7.400s][info][gc,cpu         ] GC(663) User=0.00s Sys=0.00s Real=0.01s
[2026-03-22T19:50:57.308+0900][7.406s][info][gc,start       ] GC(664) Pause Young (Allocation Failure)
[2026-03-22T19:50:57.310+0900][7.409s][info][gc,heap        ] GC(664) PSYoungGen: 58504K(116736K)->57632K(116736K) Eden: 58504K(58880K)->0K(58880K) From: 0K(57856K)->57632K(57856K)
[2026-03-22T19:50:57.310+0900][7.409s][info][gc,heap        ] GC(664) ParOldGen: 103430K(349696K)->103430K(349696K)
[2026-03-22T19:50:57.310+0900][7.409s][info][gc,metaspace   ] GC(664) Metaspace: 341K(512K)->341K(512K) NonClass: 323K(384K)->323K(384K) Class: 17K(128K)->17K(128K)
[2026-03-22T19:50:57.310+0900][7.409s][info][gc             ] GC(664) Pause Young (Allocation Failure) 158M->157M(455M) 2.833ms
[2026-03-22T19:50:57.310+0900][7.409s][info][gc,cpu         ] GC(664) User=0.00s Sys=0.00s Real=0.00s
[2026-03-22T19:50:57.316+0900][7.415s][info][gc,start       ] GC(665) Pause Young (Allocation Failure)
[2026-03-22T19:50:57.321+0900][7.419s][info][gc,heap        ] GC(665) PSYoungGen: 116136K(116736K)->57632K(116736K) Eden: 58504K(58880K)->0K(58880K) From: 57632K(57856K)->57632K(57856K)
[2026-03-22T19:50:57.321+0900][7.420s][info][gc,heap        ] GC(665) ParOldGen: 103430K(349696K)->150638K(349696K)
[2026-03-22T19:50:57.321+0900][7.420s][info][gc,metaspace   ] GC(665) Metaspace: 341K(512K)->341K(512K) NonClass: 323K(384K)->323K(384K) Class: 17K(128K)->17K(128K)
[2026-03-22T19:50:57.321+0900][7.420s][info][gc             ] GC(665) Pause Young (Allocation Failure) 214M->203M(455M) 4.308ms
[2026-03-22T19:50:57.321+0900][7.420s][info][gc,cpu         ] GC(665) User=0.00s Sys=0.00s Real=0.01s
[2026-03-22T19:50:57.328+0900][7.426s][info][gc,start       ] GC(666) Pause Young (Allocation Failure)
[2026-03-22T19:50:57.331+0900][7.430s][info][gc,heap        ] GC(666) PSYoungGen: 116136K(116736K)->57632K(116736K) Eden: 58504K(58880K)->0K(58880K) From: 57632K(57856K)->57632K(57856K)
[2026-03-22T19:50:57.331+0900][7.430s][info][gc,heap        ] GC(666) ParOldGen: 150638K(349696K)->197847K(349696K)
[2026-03-22T19:50:57.331+0900][7.430s][info][gc,metaspace   ] GC(666) Metaspace: 341K(512K)->341K(512K) NonClass: 323K(384K)->323K(384K) Class: 17K(128K)->17K(128K)
[2026-03-22T19:50:57.331+0900][7.430s][info][gc             ] GC(666) Pause Young (Allocation Failure) 260M->249M(455M) 4.355ms
[2026-03-22T19:50:57.331+0900][7.430s][info][gc,cpu         ] GC(666) User=0.00s Sys=0.00s Real=0.00s
[2026-03-22T19:50:57.337+0900][7.436s][info][gc,start       ] GC(667) Pause Young (Allocation Failure)
[2026-03-22T19:50:57.341+0900][7.440s][info][gc,heap        ] GC(667) PSYoungGen: 116136K(116736K)->57632K(116736K) Eden: 58504K(58880K)->0K(58880K) From: 57632K(57856K)->57632K(57856K)
[2026-03-22T19:50:57.341+0900][7.440s][info][gc,heap        ] GC(667) ParOldGen: 197847K(349696K)->245063K(349696K)
[2026-03-22T19:50:57.341+0900][7.440s][info][gc,metaspace   ] GC(667) Metaspace: 341K(512K)->341K(512K) NonClass: 323K(384K)->323K(384K) Class: 17K(128K)->17K(128K)
[2026-03-22T19:50:57.341+0900][7.440s][info][gc             ] GC(667) Pause Young (Allocation Failure) 306M->295M(455M) 3.996ms
[2026-03-22T19:50:57.341+0900][7.440s][info][gc,cpu         ] GC(667) User=0.02s Sys=0.00s Real=0.00s
[2026-03-22T19:50:57.348+0900][7.446s][info][gc,start       ] GC(668) Pause Young (Allocation Failure)
[2026-03-22T19:50:57.351+0900][7.450s][info][gc,heap        ] GC(668) PSYoungGen: 116136K(116736K)->57632K(116736K) Eden: 58504K(58880K)->0K(58880K) From: 57632K(57856K)->57632K(57856K)
[2026-03-22T19:50:57.351+0900][7.450s][info][gc,heap        ] GC(668) ParOldGen: 245063K(349696K)->292271K(349696K)
[2026-03-22T19:50:57.351+0900][7.450s][info][gc,metaspace   ] GC(668) Metaspace: 341K(512K)->341K(512K) NonClass: 323K(384K)->323K(384K) Class: 17K(128K)->17K(128K)
[2026-03-22T19:50:57.351+0900][7.450s][info][gc             ] GC(668) Pause Young (Allocation Failure) 352M->341M(455M) 4.346ms
[2026-03-22T19:50:57.351+0900][7.450s][info][gc,cpu         ] GC(668) User=0.00s Sys=0.00s Real=0.00s
[2026-03-22T19:50:57.358+0900][7.457s][info][gc,start       ] GC(669) Pause Full (Ergonomics)
[2026-03-22T19:50:57.358+0900][7.457s][info][gc,phases,start] GC(669) Marking Phase
[2026-03-22T19:50:57.360+0900][7.459s][info][gc,phases      ] GC(669) Marking Phase 1.571ms
[2026-03-22T19:50:57.360+0900][7.459s][info][gc,phases,start] GC(669) Summary Phase
[2026-03-22T19:50:57.360+0900][7.459s][info][gc,phases      ] GC(669) Summary Phase 0.024ms
[2026-03-22T19:50:57.360+0900][7.459s][info][gc,phases,start] GC(669) Adjust Roots
[2026-03-22T19:50:57.360+0900][7.459s][info][gc,phases      ] GC(669) Adjust Roots 0.288ms
[2026-03-22T19:50:57.360+0900][7.459s][info][gc,phases,start] GC(669) Compaction Phase
[2026-03-22T19:50:57.365+0900][7.464s][info][gc,phases      ] GC(669) Compaction Phase 4.873ms
[2026-03-22T19:50:57.365+0900][7.464s][info][gc,phases,start] GC(669) Post Compact
[2026-03-22T19:50:57.367+0900][7.466s][info][gc,phases      ] GC(669) Post Compact 1.515ms
[2026-03-22T19:50:57.367+0900][7.466s][info][gc,heap        ] GC(669) PSYoungGen: 116136K(116736K)->0K(116736K) Eden: 58504K(58880K)->0K(58880K) From: 57632K(57856K)->0K(57856K)
[2026-03-22T19:50:57.367+0900][7.466s][info][gc,heap        ] GC(669) ParOldGen: 292271K(349696K)->103430K(349696K)
[2026-03-22T19:50:57.367+0900][7.466s][info][gc,metaspace   ] GC(669) Metaspace: 341K(512K)->341K(512K) NonClass: 323K(384K)->323K(384K) Class: 17K(128K)->17K(128K)
[2026-03-22T19:50:57.367+0900][7.466s][info][gc             ] GC(669) Pause Full (Ergonomics) 398M->101M(455M) 8.583ms
[2026-03-22T19:50:57.367+0900][7.466s][info][gc,cpu         ] GC(669) User=0.00s Sys=0.00s Real=0.01s
[2026-03-22T19:50:57.373+0900][7.472s][info][gc,start       ] GC(670) Pause Young (Allocation Failure)
[2026-03-22T19:50:57.376+0900][7.474s][info][gc,heap        ] GC(670) PSYoungGen: 58504K(116736K)->57632K(116736K) Eden: 58504K(58880K)->0K(58880K) From: 0K(57856K)->57632K(57856K)
[2026-03-22T19:50:57.376+0900][7.474s][info][gc,heap        ] GC(670) ParOldGen: 103430K(349696K)->103430K(349696K)
[2026-03-22T19:50:57.376+0900][7.474s][info][gc,metaspace   ] GC(670) Metaspace: 341K(512K)->341K(512K) NonClass: 323K(384K)->323K(384K) Class: 17K(128K)->17K(128K)
[2026-03-22T19:50:57.376+0900][7.474s][info][gc             ] GC(670) Pause Young (Allocation Failure) 158M->157M(455M) 2.630ms
[2026-03-22T19:50:57.376+0900][7.474s][info][gc,cpu         ] GC(670) User=0.00s Sys=0.00s Real=0.00s
[2026-03-22T19:50:57.382+0900][7.481s][info][gc,start       ] GC(671) Pause Young (Allocation Failure)
[2026-03-22T19:50:57.386+0900][7.486s][info][gc,heap        ] GC(671) PSYoungGen: 116136K(116736K)->57632K(116736K) Eden: 58504K(58880K)->0K(58880K) From: 57632K(57856K)->57632K(57856K)
[2026-03-22T19:50:57.387+0900][7.486s][info][gc,heap        ] GC(671) ParOldGen: 103430K(349696K)->150638K(349696K)
[2026-03-22T19:50:57.387+0900][7.486s][info][gc,metaspace   ] GC(671) Metaspace: 341K(512K)->341K(512K) NonClass: 323K(384K)->323K(384K) Class: 17K(128K)->17K(128K)
[2026-03-22T19:50:57.387+0900][7.486s][info][gc             ] GC(671) Pause Young (Allocation Failure) 214M->203M(455M) 4.648ms
[2026-03-22T19:50:57.387+0900][7.486s][info][gc,cpu         ] GC(671) User=0.12s Sys=0.00s Real=0.01s
[2026-03-22T19:50:57.393+0900][7.493s][info][gc,start       ] GC(672) Pause Young (Allocation Failure)
[2026-03-22T19:50:57.397+0900][7.497s][info][gc,heap        ] GC(672) PSYoungGen: 116136K(116736K)->57632K(116736K) Eden: 58504K(58880K)->0K(58880K) From: 57632K(57856K)->57632K(57856K)
[2026-03-22T19:50:57.397+0900][7.497s][info][gc,heap        ] GC(672) ParOldGen: 150638K(349696K)->197847K(349696K)
[2026-03-22T19:50:57.397+0900][7.497s][info][gc,metaspace   ] GC(672) Metaspace: 341K(512K)->341K(512K) NonClass: 323K(384K)->323K(384K) Class: 17K(128K)->17K(128K)
[2026-03-22T19:50:57.397+0900][7.497s][info][gc             ] GC(672) Pause Young (Allocation Failure) 260M->249M(455M) 4.465ms
[2026-03-22T19:50:57.399+0900][7.497s][info][gc,cpu         ] GC(672) User=0.00s Sys=0.00s Real=0.01s
[2026-03-22T19:50:57.405+0900][7.504s][info][gc,start       ] GC(673) Pause Young (Allocation Failure)
[2026-03-22T19:50:57.409+0900][7.508s][info][gc,heap        ] GC(673) PSYoungGen: 116136K(116736K)->57632K(116736K) Eden: 58504K(58880K)->0K(58880K) From: 57632K(57856K)->57632K(57856K)
[2026-03-22T19:50:57.410+0900][7.508s][info][gc,heap        ] GC(673) ParOldGen: 197847K(349696K)->245063K(349696K)
[2026-03-22T19:50:57.410+0900][7.508s][info][gc,metaspace   ] GC(673) Metaspace: 341K(512K)->341K(512K) NonClass: 323K(384K)->323K(384K) Class: 17K(128K)->17K(128K)
[2026-03-22T19:50:57.410+0900][7.508s][info][gc             ] GC(673) Pause Young (Allocation Failure) 306M->295M(455M) 4.285ms
[2026-03-22T19:50:57.410+0900][7.508s][info][gc,cpu         ] GC(673) User=0.00s Sys=0.00s Real=0.01s
[2026-03-22T19:50:57.415+0900][7.514s][info][gc,start       ] GC(674) Pause Young (Allocation Failure)
[2026-03-22T19:50:57.419+0900][7.518s][info][gc,heap        ] GC(674) PSYoungGen: 116136K(116736K)->57632K(116736K) Eden: 58504K(58880K)->0K(58880K) From: 57632K(57856K)->57632K(57856K)
[2026-03-22T19:50:57.419+0900][7.518s][info][gc,heap        ] GC(674) ParOldGen: 245063K(349696K)->292271K(349696K)
[2026-03-22T19:50:57.419+0900][7.518s][info][gc,metaspace   ] GC(674) Metaspace: 341K(512K)->341K(512K) NonClass: 323K(384K)->323K(384K) Class: 17K(128K)->17K(128K)
[2026-03-22T19:50:57.419+0900][7.518s][info][gc             ] GC(674) Pause Young (Allocation Failure) 352M->341M(455M) 4.223ms
[2026-03-22T19:50:57.419+0900][7.518s][info][gc,cpu         ] GC(674) User=0.11s Sys=0.00s Real=0.00s
[2026-03-22T19:50:57.425+0900][7.524s][info][gc,start       ] GC(675) Pause Full (Ergonomics)
[2026-03-22T19:50:57.425+0900][7.524s][info][gc,phases,start] GC(675) Marking Phase
[2026-03-22T19:50:57.427+0900][7.526s][info][gc,phases      ] GC(675) Marking Phase 1.415ms
[2026-03-22T19:50:57.427+0900][7.526s][info][gc,phases,start] GC(675) Summary Phase
[2026-03-22T19:50:57.427+0900][7.526s][info][gc,phases      ] GC(675) Summary Phase 0.024ms
[2026-03-22T19:50:57.427+0900][7.526s][info][gc,phases,start] GC(675) Adjust Roots
[2026-03-22T19:50:57.427+0900][7.526s][info][gc,phases      ] GC(675) Adjust Roots 0.360ms
[2026-03-22T19:50:57.427+0900][7.526s][info][gc,phases,start] GC(675) Compaction Phase
[2026-03-22T19:50:57.433+0900][7.531s][info][gc,phases      ] GC(675) Compaction Phase 4.985ms
[2026-03-22T19:50:57.433+0900][7.531s][info][gc,phases,start] GC(675) Post Compact
[2026-03-22T19:50:57.434+0900][7.533s][info][gc,phases      ] GC(675) Post Compact 1.540ms
[2026-03-22T19:50:57.434+0900][7.533s][info][gc,heap        ] GC(675) PSYoungGen: 116136K(116736K)->0K(116736K) Eden: 58504K(58880K)->0K(58880K) From: 57632K(57856K)->0K(57856K)
[2026-03-22T19:50:57.434+0900][7.533s][info][gc,heap        ] GC(675) ParOldGen: 292271K(349696K)->103430K(349696K)
[2026-03-22T19:50:57.434+0900][7.533s][info][gc,metaspace   ] GC(675) Metaspace: 341K(512K)->341K(512K) NonClass: 323K(384K)->323K(384K) Class: 17K(128K)->17K(128K)
[2026-03-22T19:50:57.435+0900][7.533s][info][gc             ] GC(675) Pause Full (Ergonomics) 398M->101M(455M) 8.761ms
[2026-03-22T19:50:57.435+0900][7.533s][info][gc,cpu         ] GC(675) User=0.12s Sys=0.00s Real=0.01s
[2026-03-22T19:50:57.441+0900][7.540s][info][gc,start       ] GC(676) Pause Young (Allocation Failure)
[2026-03-22T19:50:57.444+0900][7.542s][info][gc,heap        ] GC(676) PSYoungGen: 58504K(116736K)->57632K(116736K) Eden: 58504K(58880K)->0K(58880K) From: 0K(57856K)->57632K(57856K)
[2026-03-22T19:50:57.444+0900][7.542s][info][gc,heap        ] GC(676) ParOldGen: 103430K(349696K)->103430K(349696K)
[2026-03-22T19:50:57.444+0900][7.542s][info][gc,metaspace   ] GC(676) Metaspace: 341K(512K)->341K(512K) NonClass: 323K(384K)->323K(384K) Class: 17K(128K)->17K(128K)
[2026-03-22T19:50:57.444+0900][7.542s][info][gc             ] GC(676) Pause Young (Allocation Failure) 158M->157M(455M) 2.528ms
[2026-03-22T19:50:57.444+0900][7.542s][info][gc,cpu         ] GC(676) User=0.00s Sys=0.00s Real=0.00s
[2026-03-22T19:50:57.449+0900][7.548s][info][gc,start       ] GC(677) Pause Young (Allocation Failure)
[2026-03-22T19:50:57.454+0900][7.552s][info][gc,heap        ] GC(677) PSYoungGen: 116136K(116736K)->57632K(116736K) Eden: 58504K(58880K)->0K(58880K) From: 57632K(57856K)->57632K(57856K)
[2026-03-22T19:50:57.454+0900][7.552s][info][gc,heap        ] GC(677) ParOldGen: 103430K(349696K)->150638K(349696K)
[2026-03-22T19:50:57.454+0900][7.552s][info][gc,metaspace   ] GC(677) Metaspace: 341K(512K)->341K(512K) NonClass: 323K(384K)->323K(384K) Class: 17K(128K)->17K(128K)
[2026-03-22T19:50:57.454+0900][7.552s][info][gc             ] GC(677) Pause Young (Allocation Failure) 214M->203M(455M) 4.550ms
[2026-03-22T19:50:57.454+0900][7.552s][info][gc,cpu         ] GC(677) User=0.00s Sys=0.00s Real=0.01s
[2026-03-22T19:50:57.460+0900][7.559s][info][gc,start       ] GC(678) Pause Young (Allocation Failure)
[2026-03-22T19:50:57.464+0900][7.563s][info][gc,heap        ] GC(678) PSYoungGen: 116136K(116736K)->57632K(116736K) Eden: 58504K(58880K)->0K(58880K) From: 57632K(57856K)->57632K(57856K)
[2026-03-22T19:50:57.464+0900][7.563s][info][gc,heap        ] GC(678) ParOldGen: 150638K(349696K)->197847K(349696K)
[2026-03-22T19:50:57.464+0900][7.563s][info][gc,metaspace   ] GC(678) Metaspace: 341K(512K)->341K(512K) NonClass: 323K(384K)->323K(384K) Class: 17K(128K)->17K(128K)
[2026-03-22T19:50:57.464+0900][7.563s][info][gc             ] GC(678) Pause Young (Allocation Failure) 260M->249M(455M) 4.326ms
[2026-03-22T19:50:57.464+0900][7.563s][info][gc,cpu         ] GC(678) User=0.12s Sys=0.00s Real=0.00s
[2026-03-22T19:50:57.470+0900][7.569s][info][gc,start       ] GC(679) Pause Young (Allocation Failure)
[2026-03-22T19:50:57.474+0900][7.572s][info][gc,heap        ] GC(679) PSYoungGen: 116136K(116736K)->57632K(116736K) Eden: 58504K(58880K)->0K(58880K) From: 57632K(57856K)->57632K(57856K)
[2026-03-22T19:50:57.474+0900][7.573s][info][gc,heap        ] GC(679) ParOldGen: 197847K(349696K)->245063K(349696K)
[2026-03-22T19:50:57.474+0900][7.573s][info][gc,metaspace   ] GC(679) Metaspace: 341K(512K)->341K(512K) NonClass: 323K(384K)->323K(384K) Class: 17K(128K)->17K(128K)
[2026-03-22T19:50:57.474+0900][7.573s][info][gc             ] GC(679) Pause Young (Allocation Failure) 306M->295M(455M) 3.786ms
[2026-03-22T19:50:57.474+0900][7.573s][info][gc,cpu         ] GC(679) User=0.00s Sys=0.00s Real=0.00s
[2026-03-22T19:50:57.480+0900][7.578s][info][gc,start       ] GC(680) Pause Young (Allocation Failure)
[2026-03-22T19:50:57.484+0900][7.583s][info][gc,heap        ] GC(680) PSYoungGen: 116136K(116736K)->57632K(116736K) Eden: 58504K(58880K)->0K(58880K) From: 57632K(57856K)->57632K(57856K)
[2026-03-22T19:50:57.484+0900][7.583s][info][gc,heap        ] GC(680) ParOldGen: 245063K(349696K)->292271K(349696K)
[2026-03-22T19:50:57.484+0900][7.583s][info][gc,metaspace   ] GC(680) Metaspace: 341K(512K)->341K(512K) NonClass: 323K(384K)->323K(384K) Class: 17K(128K)->17K(128K)
[2026-03-22T19:50:57.484+0900][7.583s][info][gc             ] GC(680) Pause Young (Allocation Failure) 352M->341M(455M) 4.485ms
[2026-03-22T19:50:57.484+0900][7.583s][info][gc,cpu         ] GC(680) User=0.00s Sys=0.00s Real=0.00s
[2026-03-22T19:50:57.491+0900][7.589s][info][gc,start       ] GC(681) Pause Full (Ergonomics)
[2026-03-22T19:50:57.491+0900][7.589s][info][gc,phases,start] GC(681) Marking Phase
[2026-03-22T19:50:57.492+0900][7.591s][info][gc,phases      ] GC(681) Marking Phase 1.204ms
[2026-03-22T19:50:57.492+0900][7.591s][info][gc,phases,start] GC(681) Summary Phase
[2026-03-22T19:50:57.492+0900][7.591s][info][gc,phases      ] GC(681) Summary Phase 0.021ms
[2026-03-22T19:50:57.492+0900][7.591s][info][gc,phases,start] GC(681) Adjust Roots
[2026-03-22T19:50:57.492+0900][7.591s][info][gc,phases      ] GC(681) Adjust Roots 0.277ms
[2026-03-22T19:50:57.492+0900][7.591s][info][gc,phases,start] GC(681) Compaction Phase
[2026-03-22T19:50:57.497+0900][7.596s][info][gc,phases      ] GC(681) Compaction Phase 4.941ms
[2026-03-22T19:50:57.497+0900][7.596s][info][gc,phases,start] GC(681) Post Compact
[2026-03-22T19:50:57.499+0900][7.598s][info][gc,phases      ] GC(681) Post Compact 1.550ms
[2026-03-22T19:50:57.499+0900][7.598s][info][gc,heap        ] GC(681) PSYoungGen: 116136K(116736K)->0K(116736K) Eden: 58504K(58880K)->0K(58880K) From: 57632K(57856K)->0K(57856K)
[2026-03-22T19:50:57.499+0900][7.598s][info][gc,heap        ] GC(681) ParOldGen: 292271K(349696K)->103430K(349696K)
[2026-03-22T19:50:57.499+0900][7.598s][info][gc,metaspace   ] GC(681) Metaspace: 341K(512K)->341K(512K) NonClass: 323K(384K)->323K(384K) Class: 17K(128K)->17K(128K)
[2026-03-22T19:50:57.499+0900][7.598s][info][gc             ] GC(681) Pause Full (Ergonomics) 398M->101M(455M) 8.325ms
[2026-03-22T19:50:57.499+0900][7.598s][info][gc,cpu         ] GC(681) User=0.12s Sys=0.00s Real=0.01s
[2026-03-22T19:50:57.506+0900][7.605s][info][gc,start       ] GC(682) Pause Young (Allocation Failure)
[2026-03-22T19:50:57.509+0900][7.607s][info][gc,heap        ] GC(682) PSYoungGen: 58504K(116736K)->57632K(116736K) Eden: 58504K(58880K)->0K(58880K) From: 0K(57856K)->57632K(57856K)
[2026-03-22T19:50:57.509+0900][7.607s][info][gc,heap        ] GC(682) ParOldGen: 103430K(349696K)->103430K(349696K)
[2026-03-22T19:50:57.509+0900][7.607s][info][gc,metaspace   ] GC(682) Metaspace: 341K(512K)->341K(512K) NonClass: 323K(384K)->323K(384K) Class: 17K(128K)->17K(128K)
[2026-03-22T19:50:57.509+0900][7.607s][info][gc             ] GC(682) Pause Young (Allocation Failure) 158M->157M(455M) 2.646ms
[2026-03-22T19:50:57.509+0900][7.607s][info][gc,cpu         ] GC(682) User=0.00s Sys=0.00s Real=0.00s
[2026-03-22T19:50:57.516+0900][7.614s][info][gc,start       ] GC(683) Pause Young (Allocation Failure)
[2026-03-22T19:50:57.520+0900][7.618s][info][gc,heap        ] GC(683) PSYoungGen: 116136K(116736K)->57632K(116736K) Eden: 58504K(58880K)->0K(58880K) From: 57632K(57856K)->57632K(57856K)
[2026-03-22T19:50:57.520+0900][7.618s][info][gc,heap        ] GC(683) ParOldGen: 103430K(349696K)->150638K(349696K)
[2026-03-22T19:50:57.520+0900][7.618s][info][gc,metaspace   ] GC(683) Metaspace: 341K(512K)->341K(512K) NonClass: 323K(384K)->323K(384K) Class: 17K(128K)->17K(128K)
[2026-03-22T19:50:57.520+0900][7.618s][info][gc             ] GC(683) Pause Young (Allocation Failure) 214M->203M(455M) 4.151ms
[2026-03-22T19:50:57.520+0900][7.618s][info][gc,cpu         ] GC(683) User=0.00s Sys=0.00s Real=0.00s
[2026-03-22T19:50:57.525+0900][7.624s][info][gc,start       ] GC(684) Pause Young (Allocation Failure)
[2026-03-22T19:50:57.529+0900][7.628s][info][gc,heap        ] GC(684) PSYoungGen: 116136K(116736K)->57632K(116736K) Eden: 58504K(58880K)->0K(58880K) From: 57632K(57856K)->57632K(57856K)
[2026-03-22T19:50:57.530+0900][7.628s][info][gc,heap        ] GC(684) ParOldGen: 150638K(349696K)->197847K(349696K)
[2026-03-22T19:50:57.530+0900][7.628s][info][gc,metaspace   ] GC(684) Metaspace: 341K(512K)->341K(512K) NonClass: 323K(384K)->323K(384K) Class: 17K(128K)->17K(128K)
[2026-03-22T19:50:57.530+0900][7.628s][info][gc             ] GC(684) Pause Young (Allocation Failure) 260M->249M(455M) 4.148ms
[2026-03-22T19:50:57.530+0900][7.628s][info][gc,cpu         ] GC(684) User=0.00s Sys=0.00s Real=0.00s
[2026-03-22T19:50:57.537+0900][7.635s][info][gc,start       ] GC(685) Pause Young (Allocation Failure)
[2026-03-22T19:50:57.541+0900][7.639s][info][gc,heap        ] GC(685) PSYoungGen: 116136K(116736K)->57632K(116736K) Eden: 58504K(58880K)->0K(58880K) From: 57632K(57856K)->57632K(57856K)
[2026-03-22T19:50:57.541+0900][7.639s][info][gc,heap        ] GC(685) ParOldGen: 197847K(349696K)->245063K(349696K)
[2026-03-22T19:50:57.541+0900][7.639s][info][gc,metaspace   ] GC(685) Metaspace: 341K(512K)->341K(512K) NonClass: 323K(384K)->323K(384K) Class: 17K(128K)->17K(128K)
[2026-03-22T19:50:57.541+0900][7.639s][info][gc             ] GC(685) Pause Young (Allocation Failure) 306M->295M(455M) 4.130ms
[2026-03-22T19:50:57.541+0900][7.639s][info][gc,cpu         ] GC(685) User=0.00s Sys=0.00s Real=0.00s
[2026-03-22T19:50:57.547+0900][7.646s][info][gc,start       ] GC(686) Pause Young (Allocation Failure)
[2026-03-22T19:50:57.552+0900][7.650s][info][gc,heap        ] GC(686) PSYoungGen: 116136K(116736K)->57632K(116736K) Eden: 58504K(58880K)->0K(58880K) From: 57632K(57856K)->57632K(57856K)
[2026-03-22T19:50:57.552+0900][7.650s][info][gc,heap        ] GC(686) ParOldGen: 245063K(349696K)->292271K(349696K)
[2026-03-22T19:50:57.552+0900][7.650s][info][gc,metaspace   ] GC(686) Metaspace: 341K(512K)->341K(512K) NonClass: 323K(384K)->323K(384K) Class: 17K(128K)->17K(128K)
[2026-03-22T19:50:57.552+0900][7.650s][info][gc             ] GC(686) Pause Young (Allocation Failure) 352M->341M(455M) 4.443ms
[2026-03-22T19:50:57.552+0900][7.650s][info][gc,cpu         ] GC(686) User=0.00s Sys=0.00s Real=0.01s
[2026-03-22T19:50:57.558+0900][7.656s][info][gc,start       ] GC(687) Pause Full (Ergonomics)
[2026-03-22T19:50:57.558+0900][7.656s][info][gc,phases,start] GC(687) Marking Phase
[2026-03-22T19:50:57.559+0900][7.658s][info][gc,phases      ] GC(687) Marking Phase 1.567ms
[2026-03-22T19:50:57.559+0900][7.658s][info][gc,phases,start] GC(687) Summary Phase
[2026-03-22T19:50:57.559+0900][7.658s][info][gc,phases      ] GC(687) Summary Phase 0.035ms
[2026-03-22T19:50:57.559+0900][7.658s][info][gc,phases,start] GC(687) Adjust Roots
[2026-03-22T19:50:57.560+0900][7.659s][info][gc,phases      ] GC(687) Adjust Roots 0.463ms
[2026-03-22T19:50:57.560+0900][7.659s][info][gc,phases,start] GC(687) Compaction Phase
[2026-03-22T19:50:57.565+0900][7.664s][info][gc,phases      ] GC(687) Compaction Phase 5.041ms
[2026-03-22T19:50:57.565+0900][7.664s][info][gc,phases,start] GC(687) Post Compact
[2026-03-22T19:50:57.566+0900][7.665s][info][gc,phases      ] GC(687) Post Compact 1.409ms
[2026-03-22T19:50:57.567+0900][7.665s][info][gc,heap        ] GC(687) PSYoungGen: 116136K(116736K)->0K(116736K) Eden: 58504K(58880K)->0K(58880K) From: 57632K(57856K)->0K(57856K)
[2026-03-22T19:50:57.567+0900][7.665s][info][gc,heap        ] GC(687) ParOldGen: 292271K(349696K)->103430K(349696K)
[2026-03-22T19:50:57.567+0900][7.665s][info][gc,metaspace   ] GC(687) Metaspace: 341K(512K)->341K(512K) NonClass: 323K(384K)->323K(384K) Class: 17K(128K)->17K(128K)
[2026-03-22T19:50:57.567+0900][7.665s][info][gc             ] GC(687) Pause Full (Ergonomics) 398M->101M(455M) 8.854ms
[2026-03-22T19:50:57.567+0900][7.665s][info][gc,cpu         ] GC(687) User=0.00s Sys=0.00s Real=0.01s
[2026-03-22T19:50:57.573+0900][7.672s][info][gc,start       ] GC(688) Pause Young (Allocation Failure)
[2026-03-22T19:50:57.575+0900][7.674s][info][gc,heap        ] GC(688) PSYoungGen: 58504K(116736K)->57632K(116736K) Eden: 58504K(58880K)->0K(58880K) From: 0K(57856K)->57632K(57856K)
[2026-03-22T19:50:57.575+0900][7.674s][info][gc,heap        ] GC(688) ParOldGen: 103430K(349696K)->103430K(349696K)
[2026-03-22T19:50:57.575+0900][7.675s][info][gc,metaspace   ] GC(688) Metaspace: 341K(512K)->341K(512K) NonClass: 323K(384K)->323K(384K) Class: 17K(128K)->17K(128K)
[2026-03-22T19:50:57.575+0900][7.675s][info][gc             ] GC(688) Pause Young (Allocation Failure) 158M->157M(455M) 2.700ms
[2026-03-22T19:50:57.575+0900][7.675s][info][gc,cpu         ] GC(688) User=0.00s Sys=0.00s Real=0.00s
[2026-03-22T19:50:57.582+0900][7.681s][info][gc,start       ] GC(689) Pause Young (Allocation Failure)
[2026-03-22T19:50:57.586+0900][7.685s][info][gc,heap        ] GC(689) PSYoungGen: 116136K(116736K)->57632K(116736K) Eden: 58504K(58880K)->0K(58880K) From: 57632K(57856K)->57632K(57856K)
[2026-03-22T19:50:57.586+0900][7.685s][info][gc,heap        ] GC(689) ParOldGen: 103430K(349696K)->150638K(349696K)
[2026-03-22T19:50:57.586+0900][7.685s][info][gc,metaspace   ] GC(689) Metaspace: 341K(512K)->341K(512K) NonClass: 323K(384K)->323K(384K) Class: 17K(128K)->17K(128K)
[2026-03-22T19:50:57.586+0900][7.685s][info][gc             ] GC(689) Pause Young (Allocation Failure) 214M->203M(455M) 4.074ms
[2026-03-22T19:50:57.586+0900][7.685s][info][gc,cpu         ] GC(689) User=0.00s Sys=0.00s Real=0.00s
[2026-03-22T19:50:57.593+0900][7.692s][info][gc,start       ] GC(690) Pause Young (Allocation Failure)
[2026-03-22T19:50:57.597+0900][7.696s][info][gc,heap        ] GC(690) PSYoungGen: 116136K(116736K)->57632K(116736K) Eden: 58504K(58880K)->0K(58880K) From: 57632K(57856K)->57632K(57856K)
[2026-03-22T19:50:57.597+0900][7.696s][info][gc,heap        ] GC(690) ParOldGen: 150638K(349696K)->197847K(349696K)
[2026-03-22T19:50:57.597+0900][7.696s][info][gc,metaspace   ] GC(690) Metaspace: 341K(512K)->341K(512K) NonClass: 323K(384K)->323K(384K) Class: 17K(128K)->17K(128K)
[2026-03-22T19:50:57.597+0900][7.696s][info][gc             ] GC(690) Pause Young (Allocation Failure) 260M->249M(455M) 4.366ms
[2026-03-22T19:50:57.597+0900][7.696s][info][gc,cpu         ] GC(690) User=0.00s Sys=0.00s Real=0.00s
[2026-03-22T19:50:57.604+0900][7.703s][info][gc,start       ] GC(691) Pause Young (Allocation Failure)
[2026-03-22T19:50:57.608+0900][7.707s][info][gc,heap        ] GC(691) PSYoungGen: 116136K(116736K)->57632K(116736K) Eden: 58504K(58880K)->0K(58880K) From: 57632K(57856K)->57632K(57856K)
[2026-03-22T19:50:57.608+0900][7.707s][info][gc,heap        ] GC(691) ParOldGen: 197847K(349696K)->245063K(349696K)
[2026-03-22T19:50:57.608+0900][7.707s][info][gc,metaspace   ] GC(691) Metaspace: 341K(512K)->341K(512K) NonClass: 323K(384K)->323K(384K) Class: 17K(128K)->17K(128K)
[2026-03-22T19:50:57.608+0900][7.707s][info][gc             ] GC(691) Pause Young (Allocation Failure) 306M->295M(455M) 4.376ms
[2026-03-22T19:50:57.608+0900][7.707s][info][gc,cpu         ] GC(691) User=0.00s Sys=0.00s Real=0.00s
[2026-03-22T19:50:57.615+0900][7.714s][info][gc,start       ] GC(692) Pause Young (Allocation Failure)
[2026-03-22T19:50:57.619+0900][7.718s][info][gc,heap        ] GC(692) PSYoungGen: 116136K(116736K)->57632K(116736K) Eden: 58504K(58880K)->0K(58880K) From: 57632K(57856K)->57632K(57856K)
[2026-03-22T19:50:57.619+0900][7.718s][info][gc,heap        ] GC(692) ParOldGen: 245063K(349696K)->292271K(349696K)
[2026-03-22T19:50:57.619+0900][7.718s][info][gc,metaspace   ] GC(692) Metaspace: 341K(512K)->341K(512K) NonClass: 323K(384K)->323K(384K) Class: 17K(128K)->17K(128K)
[2026-03-22T19:50:57.619+0900][7.718s][info][gc             ] GC(692) Pause Young (Allocation Failure) 352M->341M(455M) 4.189ms
[2026-03-22T19:50:57.619+0900][7.718s][info][gc,cpu         ] GC(692) User=0.12s Sys=0.00s Real=0.00s
[2026-03-22T19:50:57.626+0900][7.725s][info][gc,start       ] GC(693) Pause Full (Ergonomics)
[2026-03-22T19:50:57.626+0900][7.725s][info][gc,phases,start] GC(693) Marking Phase
[2026-03-22T19:50:57.628+0900][7.727s][info][gc,phases      ] GC(693) Marking Phase 1.867ms
[2026-03-22T19:50:57.628+0900][7.727s][info][gc,phases,start] GC(693) Summary Phase
[2026-03-22T19:50:57.628+0900][7.727s][info][gc,phases      ] GC(693) Summary Phase 0.020ms
[2026-03-22T19:50:57.628+0900][7.727s][info][gc,phases,start] GC(693) Adjust Roots
[2026-03-22T19:50:57.629+0900][7.728s][info][gc,phases      ] GC(693) Adjust Roots 0.325ms
[2026-03-22T19:50:57.629+0900][7.728s][info][gc,phases,start] GC(693) Compaction Phase
[2026-03-22T19:50:57.634+0900][7.733s][info][gc,phases      ] GC(693) Compaction Phase 4.845ms
[2026-03-22T19:50:57.634+0900][7.733s][info][gc,phases,start] GC(693) Post Compact
[2026-03-22T19:50:57.635+0900][7.734s][info][gc,phases      ] GC(693) Post Compact 1.601ms
[2026-03-22T19:50:57.635+0900][7.734s][info][gc,heap        ] GC(693) PSYoungGen: 116136K(116736K)->0K(116736K) Eden: 58504K(58880K)->0K(58880K) From: 57632K(57856K)->0K(57856K)
[2026-03-22T19:50:57.635+0900][7.734s][info][gc,heap        ] GC(693) ParOldGen: 292271K(349696K)->103430K(349696K)
[2026-03-22T19:50:57.635+0900][7.734s][info][gc,metaspace   ] GC(693) Metaspace: 341K(512K)->341K(512K) NonClass: 323K(384K)->323K(384K) Class: 17K(128K)->17K(128K)
[2026-03-22T19:50:57.635+0900][7.734s][info][gc             ] GC(693) Pause Full (Ergonomics) 398M->101M(455M) 9.014ms
[2026-03-22T19:50:57.635+0900][7.734s][info][gc,cpu         ] GC(693) User=0.00s Sys=0.02s Real=0.01s
[2026-03-22T19:50:57.642+0900][7.741s][info][gc,start       ] GC(694) Pause Young (Allocation Failure)
[2026-03-22T19:50:57.645+0900][7.744s][info][gc,heap        ] GC(694) PSYoungGen: 58504K(116736K)->57632K(116736K) Eden: 58504K(58880K)->0K(58880K) From: 0K(57856K)->57632K(57856K)
[2026-03-22T19:50:57.645+0900][7.744s][info][gc,heap        ] GC(694) ParOldGen: 103430K(349696K)->103430K(349696K)
[2026-03-22T19:50:57.645+0900][7.744s][info][gc,metaspace   ] GC(694) Metaspace: 341K(512K)->341K(512K) NonClass: 323K(384K)->323K(384K) Class: 17K(128K)->17K(128K)
[2026-03-22T19:50:57.645+0900][7.744s][info][gc             ] GC(694) Pause Young (Allocation Failure) 158M->157M(455M) 2.796ms
[2026-03-22T19:50:57.645+0900][7.744s][info][gc,cpu         ] GC(694) User=0.00s Sys=0.00s Real=0.00s
[2026-03-22T19:50:57.652+0900][7.750s][info][gc,start       ] GC(695) Pause Young (Allocation Failure)
[2026-03-22T19:50:57.655+0900][7.754s][info][gc,heap        ] GC(695) PSYoungGen: 116136K(116736K)->57632K(116736K) Eden: 58504K(58880K)->0K(58880K) From: 57632K(57856K)->57632K(57856K)
[2026-03-22T19:50:57.655+0900][7.754s][info][gc,heap        ] GC(695) ParOldGen: 103430K(349696K)->150638K(349696K)
[2026-03-22T19:50:57.655+0900][7.754s][info][gc,metaspace   ] GC(695) Metaspace: 341K(512K)->341K(512K) NonClass: 323K(384K)->323K(384K) Class: 17K(128K)->17K(128K)
[2026-03-22T19:50:57.655+0900][7.754s][info][gc             ] GC(695) Pause Young (Allocation Failure) 214M->203M(455M) 4.100ms
[2026-03-22T19:50:57.655+0900][7.754s][info][gc,cpu         ] GC(695) User=0.00s Sys=0.00s Real=0.00s
[2026-03-22T19:50:57.662+0900][7.761s][info][gc,start       ] GC(696) Pause Young (Allocation Failure)
[2026-03-22T19:50:57.667+0900][7.765s][info][gc,heap        ] GC(696) PSYoungGen: 116136K(116736K)->57632K(116736K) Eden: 58504K(58880K)->0K(58880K) From: 57632K(57856K)->57632K(57856K)
[2026-03-22T19:50:57.667+0900][7.765s][info][gc,heap        ] GC(696) ParOldGen: 150638K(349696K)->197847K(349696K)
[2026-03-22T19:50:57.667+0900][7.765s][info][gc,metaspace   ] GC(696) Metaspace: 341K(512K)->341K(512K) NonClass: 323K(384K)->323K(384K) Class: 17K(128K)->17K(128K)
[2026-03-22T19:50:57.667+0900][7.765s][info][gc             ] GC(696) Pause Young (Allocation Failure) 260M->249M(455M) 4.190ms
[2026-03-22T19:50:57.667+0900][7.765s][info][gc,cpu         ] GC(696) User=0.12s Sys=0.00s Real=0.01s
[2026-03-22T19:50:57.673+0900][7.771s][info][gc,start       ] GC(697) Pause Young (Allocation Failure)
[2026-03-22T19:50:57.677+0900][7.775s][info][gc,heap        ] GC(697) PSYoungGen: 116136K(116736K)->57632K(116736K) Eden: 58504K(58880K)->0K(58880K) From: 57632K(57856K)->57632K(57856K)
[2026-03-22T19:50:57.677+0900][7.775s][info][gc,heap        ] GC(697) ParOldGen: 197847K(349696K)->245063K(349696K)
[2026-03-22T19:50:57.677+0900][7.775s][info][gc,metaspace   ] GC(697) Metaspace: 341K(512K)->341K(512K) NonClass: 323K(384K)->323K(384K) Class: 17K(128K)->17K(128K)
[2026-03-22T19:50:57.677+0900][7.776s][info][gc             ] GC(697) Pause Young (Allocation Failure) 306M->295M(455M) 4.211ms
[2026-03-22T19:50:57.677+0900][7.776s][info][gc,cpu         ] GC(697) User=0.00s Sys=0.00s Real=0.00s
[2026-03-22T19:50:57.683+0900][7.781s][info][gc,start       ] GC(698) Pause Young (Allocation Failure)
[2026-03-22T19:50:57.688+0900][7.786s][info][gc,heap        ] GC(698) PSYoungGen: 116136K(116736K)->57632K(116736K) Eden: 58504K(58880K)->0K(58880K) From: 57632K(57856K)->57632K(57856K)
[2026-03-22T19:50:57.688+0900][7.786s][info][gc,heap        ] GC(698) ParOldGen: 245063K(349696K)->292271K(349696K)
[2026-03-22T19:50:57.688+0900][7.786s][info][gc,metaspace   ] GC(698) Metaspace: 341K(512K)->341K(512K) NonClass: 323K(384K)->323K(384K) Class: 17K(128K)->17K(128K)
[2026-03-22T19:50:57.688+0900][7.786s][info][gc             ] GC(698) Pause Young (Allocation Failure) 352M->341M(455M) 4.572ms
[2026-03-22T19:50:57.688+0900][7.786s][info][gc,cpu         ] GC(698) User=0.00s Sys=0.00s Real=0.00s
[2026-03-22T19:50:57.694+0900][7.792s][info][gc,start       ] GC(699) Pause Full (Ergonomics)
[2026-03-22T19:50:57.694+0900][7.792s][info][gc,phases,start] GC(699) Marking Phase
[2026-03-22T19:50:57.696+0900][7.794s][info][gc,phases      ] GC(699) Marking Phase 1.984ms
[2026-03-22T19:50:57.696+0900][7.794s][info][gc,phases,start] GC(699) Summary Phase
[2026-03-22T19:50:57.696+0900][7.794s][info][gc,phases      ] GC(699) Summary Phase 0.020ms
[2026-03-22T19:50:57.696+0900][7.794s][info][gc,phases,start] GC(699) Adjust Roots
[2026-03-22T19:50:57.696+0900][7.794s][info][gc,phases      ] GC(699) Adjust Roots 0.233ms
[2026-03-22T19:50:57.696+0900][7.794s][info][gc,phases,start] GC(699) Compaction Phase
[2026-03-22T19:50:57.701+0900][7.800s][info][gc,phases      ] GC(699) Compaction Phase 5.177ms
[2026-03-22T19:50:57.701+0900][7.800s][info][gc,phases,start] GC(699) Post Compact
[2026-03-22T19:50:57.703+0900][7.801s][info][gc,phases      ] GC(699) Post Compact 1.443ms
[2026-03-22T19:50:57.703+0900][7.801s][info][gc,heap        ] GC(699) PSYoungGen: 116136K(116736K)->0K(116736K) Eden: 58504K(58880K)->0K(58880K) From: 57632K(57856K)->0K(57856K)
[2026-03-22T19:50:57.703+0900][7.801s][info][gc,heap        ] GC(699) ParOldGen: 292271K(349696K)->103430K(349696K)
[2026-03-22T19:50:57.703+0900][7.801s][info][gc,metaspace   ] GC(699) Metaspace: 341K(512K)->341K(512K) NonClass: 323K(384K)->323K(384K) Class: 17K(128K)->17K(128K)
[2026-03-22T19:50:57.703+0900][7.801s][info][gc             ] GC(699) Pause Full (Ergonomics) 398M->101M(455M) 9.141ms
[2026-03-22T19:50:57.703+0900][7.801s][info][gc,cpu         ] GC(699) User=0.12s Sys=0.00s Real=0.01s
[2026-03-22T19:50:57.709+0900][7.808s][info][gc,start       ] GC(700) Pause Young (Allocation Failure)
[2026-03-22T19:50:57.712+0900][7.811s][info][gc,heap        ] GC(700) PSYoungGen: 58504K(116736K)->57632K(116736K) Eden: 58504K(58880K)->0K(58880K) From: 0K(57856K)->57632K(57856K)
[2026-03-22T19:50:57.712+0900][7.811s][info][gc,heap        ] GC(700) ParOldGen: 103430K(349696K)->103430K(349696K)
[2026-03-22T19:50:57.712+0900][7.811s][info][gc,metaspace   ] GC(700) Metaspace: 341K(512K)->341K(512K) NonClass: 323K(384K)->323K(384K) Class: 17K(128K)->17K(128K)
[2026-03-22T19:50:57.712+0900][7.811s][info][gc             ] GC(700) Pause Young (Allocation Failure) 158M->157M(455M) 2.982ms
[2026-03-22T19:50:57.712+0900][7.811s][info][gc,cpu         ] GC(700) User=0.00s Sys=0.00s Real=0.00s
[2026-03-22T19:50:57.719+0900][7.818s][info][gc,start       ] GC(701) Pause Young (Allocation Failure)
[2026-03-22T19:50:57.723+0900][7.822s][info][gc,heap        ] GC(701) PSYoungGen: 116136K(116736K)->57632K(116736K) Eden: 58504K(58880K)->0K(58880K) From: 57632K(57856K)->57632K(57856K)
[2026-03-22T19:50:57.723+0900][7.822s][info][gc,heap        ] GC(701) ParOldGen: 103430K(349696K)->150638K(349696K)
[2026-03-22T19:50:57.723+0900][7.822s][info][gc,metaspace   ] GC(701) Metaspace: 341K(512K)->341K(512K) NonClass: 323K(384K)->323K(384K) Class: 17K(128K)->17K(128K)
[2026-03-22T19:50:57.724+0900][7.822s][info][gc             ] GC(701) Pause Young (Allocation Failure) 214M->203M(455M) 4.350ms
[2026-03-22T19:50:57.724+0900][7.822s][info][gc,cpu         ] GC(701) User=0.00s Sys=0.00s Real=0.00s
[2026-03-22T19:50:57.729+0900][7.829s][info][gc,start       ] GC(702) Pause Young (Allocation Failure)
[2026-03-22T19:50:57.734+0900][7.833s][info][gc,heap        ] GC(702) PSYoungGen: 116136K(116736K)->57632K(116736K) Eden: 58504K(58880K)->0K(58880K) From: 57632K(57856K)->57632K(57856K)
[2026-03-22T19:50:57.734+0900][7.833s][info][gc,heap        ] GC(702) ParOldGen: 150638K(349696K)->197847K(349696K)
[2026-03-22T19:50:57.734+0900][7.833s][info][gc,metaspace   ] GC(702) Metaspace: 341K(512K)->341K(512K) NonClass: 323K(384K)->323K(384K) Class: 17K(128K)->17K(128K)
[2026-03-22T19:50:57.734+0900][7.833s][info][gc             ] GC(702) Pause Young (Allocation Failure) 260M->249M(455M) 4.218ms
[2026-03-22T19:50:57.734+0900][7.833s][info][gc,cpu         ] GC(702) User=0.00s Sys=0.00s Real=0.00s
[2026-03-22T19:50:57.742+0900][7.841s][info][gc,start       ] GC(703) Pause Young (Allocation Failure)
[2026-03-22T19:50:57.746+0900][7.846s][info][gc,heap        ] GC(703) PSYoungGen: 116136K(116736K)->57632K(116736K) Eden: 58504K(58880K)->0K(58880K) From: 57632K(57856K)->57632K(57856K)
[2026-03-22T19:50:57.746+0900][7.846s][info][gc,heap        ] GC(703) ParOldGen: 197847K(349696K)->245063K(349696K)
[2026-03-22T19:50:57.746+0900][7.846s][info][gc,metaspace   ] GC(703) Metaspace: 341K(512K)->341K(512K) NonClass: 323K(384K)->323K(384K) Class: 17K(128K)->17K(128K)
[2026-03-22T19:50:57.746+0900][7.846s][info][gc             ] GC(703) Pause Young (Allocation Failure) 306M->295M(455M) 5.054ms
[2026-03-22T19:50:57.746+0900][7.846s][info][gc,cpu         ] GC(703) User=0.12s Sys=0.00s Real=0.00s
[2026-03-22T19:50:57.754+0900][7.852s][info][gc,start       ] GC(704) Pause Young (Allocation Failure)
[2026-03-22T19:50:57.759+0900][7.857s][info][gc,heap        ] GC(704) PSYoungGen: 116136K(116736K)->57632K(116736K) Eden: 58504K(58880K)->0K(58880K) From: 57632K(57856K)->57632K(57856K)
[2026-03-22T19:50:57.759+0900][7.857s][info][gc,heap        ] GC(704) ParOldGen: 245063K(349696K)->292271K(349696K)
[2026-03-22T19:50:57.759+0900][7.857s][info][gc,metaspace   ] GC(704) Metaspace: 341K(512K)->341K(512K) NonClass: 323K(384K)->323K(384K) Class: 17K(128K)->17K(128K)
[2026-03-22T19:50:57.759+0900][7.857s][info][gc             ] GC(704) Pause Young (Allocation Failure) 352M->341M(455M) 4.812ms
[2026-03-22T19:50:57.759+0900][7.857s][info][gc,cpu         ] GC(704) User=0.00s Sys=0.00s Real=0.01s
[2026-03-22T19:50:57.766+0900][7.864s][info][gc,start       ] GC(705) Pause Full (Ergonomics)
[2026-03-22T19:50:57.766+0900][7.864s][info][gc,phases,start] GC(705) Marking Phase
[2026-03-22T19:50:57.767+0900][7.866s][info][gc,phases      ] GC(705) Marking Phase 1.438ms
[2026-03-22T19:50:57.767+0900][7.866s][info][gc,phases,start] GC(705) Summary Phase
[2026-03-22T19:50:57.767+0900][7.866s][info][gc,phases      ] GC(705) Summary Phase 0.020ms
[2026-03-22T19:50:57.767+0900][7.866s][info][gc,phases,start] GC(705) Adjust Roots
[2026-03-22T19:50:57.768+0900][7.866s][info][gc,phases      ] GC(705) Adjust Roots 0.296ms
[2026-03-22T19:50:57.768+0900][7.866s][info][gc,phases,start] GC(705) Compaction Phase
[2026-03-22T19:50:57.773+0900][7.871s][info][gc,phases      ] GC(705) Compaction Phase 5.094ms
[2026-03-22T19:50:57.773+0900][7.871s][info][gc,phases,start] GC(705) Post Compact
[2026-03-22T19:50:57.774+0900][7.873s][info][gc,phases      ] GC(705) Post Compact 1.585ms
[2026-03-22T19:50:57.774+0900][7.873s][info][gc,heap        ] GC(705) PSYoungGen: 116136K(116736K)->0K(116736K) Eden: 58504K(58880K)->0K(58880K) From: 57632K(57856K)->0K(57856K)
[2026-03-22T19:50:57.774+0900][7.873s][info][gc,heap        ] GC(705) ParOldGen: 292271K(349696K)->103430K(349696K)
[2026-03-22T19:50:57.774+0900][7.873s][info][gc,metaspace   ] GC(705) Metaspace: 341K(512K)->341K(512K) NonClass: 323K(384K)->323K(384K) Class: 17K(128K)->17K(128K)
[2026-03-22T19:50:57.774+0900][7.873s][info][gc             ] GC(705) Pause Full (Ergonomics) 398M->101M(455M) 8.785ms
[2026-03-22T19:50:57.775+0900][7.873s][info][gc,cpu         ] GC(705) User=0.00s Sys=0.00s Real=0.01s
[2026-03-22T19:50:57.781+0900][7.879s][info][gc,start       ] GC(706) Pause Young (Allocation Failure)
[2026-03-22T19:50:57.783+0900][7.882s][info][gc,heap        ] GC(706) PSYoungGen: 58504K(116736K)->57632K(116736K) Eden: 58504K(58880K)->0K(58880K) From: 0K(57856K)->57632K(57856K)
[2026-03-22T19:50:57.783+0900][7.882s][info][gc,heap        ] GC(706) ParOldGen: 103430K(349696K)->103430K(349696K)
[2026-03-22T19:50:57.783+0900][7.882s][info][gc,metaspace   ] GC(706) Metaspace: 341K(512K)->341K(512K) NonClass: 323K(384K)->323K(384K) Class: 17K(128K)->17K(128K)
[2026-03-22T19:50:57.783+0900][7.882s][info][gc             ] GC(706) Pause Young (Allocation Failure) 158M->157M(455M) 2.777ms
[2026-03-22T19:50:57.783+0900][7.882s][info][gc,cpu         ] GC(706) User=0.00s Sys=0.00s Real=0.00s
[2026-03-22T19:50:57.790+0900][7.889s][info][gc,start       ] GC(707) Pause Young (Allocation Failure)
[2026-03-22T19:50:57.795+0900][7.893s][info][gc,heap        ] GC(707) PSYoungGen: 116136K(116736K)->57632K(116736K) Eden: 58504K(58880K)->0K(58880K) From: 57632K(57856K)->57632K(57856K)
[2026-03-22T19:50:57.795+0900][7.893s][info][gc,heap        ] GC(707) ParOldGen: 103430K(349696K)->150638K(349696K)
[2026-03-22T19:50:57.795+0900][7.893s][info][gc,metaspace   ] GC(707) Metaspace: 341K(512K)->341K(512K) NonClass: 323K(384K)->323K(384K) Class: 17K(128K)->17K(128K)
[2026-03-22T19:50:57.795+0900][7.893s][info][gc             ] GC(707) Pause Young (Allocation Failure) 214M->203M(455M) 4.471ms
[2026-03-22T19:50:57.795+0900][7.893s][info][gc,cpu         ] GC(707) User=0.11s Sys=0.00s Real=0.01s
[2026-03-22T19:50:57.802+0900][7.900s][info][gc,start       ] GC(708) Pause Young (Allocation Failure)
[2026-03-22T19:50:57.806+0900][7.904s][info][gc,heap        ] GC(708) PSYoungGen: 116136K(116736K)->57600K(116736K) Eden: 58504K(58880K)->0K(58880K) From: 57632K(57856K)->57600K(57856K)
[2026-03-22T19:50:57.806+0900][7.904s][info][gc,heap        ] GC(708) ParOldGen: 150638K(349696K)->197847K(349696K)
[2026-03-22T19:50:57.806+0900][7.904s][info][gc,metaspace   ] GC(708) Metaspace: 341K(512K)->341K(512K) NonClass: 323K(384K)->323K(384K) Class: 17K(128K)->17K(128K)
[2026-03-22T19:50:57.806+0900][7.904s][info][gc             ] GC(708) Pause Young (Allocation Failure) 260M->249M(455M) 4.319ms
[2026-03-22T19:50:57.806+0900][7.904s][info][gc,cpu         ] GC(708) User=0.00s Sys=0.00s Real=0.00s
[2026-03-22T19:50:57.812+0900][7.911s][info][gc,start       ] GC(709) Pause Young (Allocation Failure)
[2026-03-22T19:50:57.816+0900][7.915s][info][gc,heap        ] GC(709) PSYoungGen: 116104K(116736K)->57632K(116736K) Eden: 58504K(58880K)->0K(58880K) From: 57600K(57856K)->57632K(57856K)
[2026-03-22T19:50:57.816+0900][7.915s][info][gc,heap        ] GC(709) ParOldGen: 197847K(349696K)->245063K(349696K)
[2026-03-22T19:50:57.816+0900][7.915s][info][gc,metaspace   ] GC(709) Metaspace: 341K(512K)->341K(512K) NonClass: 323K(384K)->323K(384K) Class: 17K(128K)->17K(128K)
[2026-03-22T19:50:57.816+0900][7.915s][info][gc             ] GC(709) Pause Young (Allocation Failure) 306M->295M(455M) 4.371ms
[2026-03-22T19:50:57.816+0900][7.915s][info][gc,cpu         ] GC(709) User=0.00s Sys=0.00s Real=0.00s
[2026-03-22T19:50:57.822+0900][7.921s][info][gc,start       ] GC(710) Pause Young (Allocation Failure)
[2026-03-22T19:50:57.827+0900][7.925s][info][gc,heap        ] GC(710) PSYoungGen: 116136K(116736K)->57632K(116736K) Eden: 58504K(58880K)->0K(58880K) From: 57632K(57856K)->57632K(57856K)
[2026-03-22T19:50:57.827+0900][7.925s][info][gc,heap        ] GC(710) ParOldGen: 245063K(349696K)->292271K(349696K)
[2026-03-22T19:50:57.827+0900][7.925s][info][gc,metaspace   ] GC(710) Metaspace: 341K(512K)->341K(512K) NonClass: 323K(384K)->323K(384K) Class: 17K(128K)->17K(128K)
[2026-03-22T19:50:57.827+0900][7.925s][info][gc             ] GC(710) Pause Young (Allocation Failure) 352M->341M(455M) 4.277ms
[2026-03-22T19:50:57.827+0900][7.925s][info][gc,cpu         ] GC(710) User=0.00s Sys=0.00s Real=0.00s
[2026-03-22T19:50:57.833+0900][7.932s][info][gc,start       ] GC(711) Pause Full (Ergonomics)
[2026-03-22T19:50:57.833+0900][7.932s][info][gc,phases,start] GC(711) Marking Phase
[2026-03-22T19:50:57.835+0900][7.933s][info][gc,phases      ] GC(711) Marking Phase 1.516ms
[2026-03-22T19:50:57.835+0900][7.934s][info][gc,phases,start] GC(711) Summary Phase
[2026-03-22T19:50:57.835+0900][7.934s][info][gc,phases      ] GC(711) Summary Phase 0.024ms
[2026-03-22T19:50:57.835+0900][7.934s][info][gc,phases,start] GC(711) Adjust Roots
[2026-03-22T19:50:57.835+0900][7.934s][info][gc,phases      ] GC(711) Adjust Roots 0.306ms
[2026-03-22T19:50:57.835+0900][7.934s][info][gc,phases,start] GC(711) Compaction Phase
[2026-03-22T19:50:57.840+0900][7.939s][info][gc,phases      ] GC(711) Compaction Phase 5.072ms
[2026-03-22T19:50:57.840+0900][7.939s][info][gc,phases,start] GC(711) Post Compact
[2026-03-22T19:50:57.842+0900][7.940s][info][gc,phases      ] GC(711) Post Compact 1.199ms
[2026-03-22T19:50:57.842+0900][7.940s][info][gc,heap        ] GC(711) PSYoungGen: 116136K(116736K)->0K(116736K) Eden: 58504K(58880K)->0K(58880K) From: 57632K(57856K)->0K(57856K)
[2026-03-22T19:50:57.842+0900][7.940s][info][gc,heap        ] GC(711) ParOldGen: 292271K(349696K)->103430K(349696K)
[2026-03-22T19:50:57.842+0900][7.940s][info][gc,metaspace   ] GC(711) Metaspace: 341K(512K)->341K(512K) NonClass: 323K(384K)->323K(384K) Class: 17K(128K)->17K(128K)
[2026-03-22T19:50:57.842+0900][7.940s][info][gc             ] GC(711) Pause Full (Ergonomics) 398M->101M(455M) 8.398ms
[2026-03-22T19:50:57.842+0900][7.940s][info][gc,cpu         ] GC(711) User=0.12s Sys=0.00s Real=0.01s
[2026-03-22T19:50:57.847+0900][7.946s][info][gc,start       ] GC(712) Pause Young (Allocation Failure)
[2026-03-22T19:50:57.850+0900][7.949s][info][gc,heap        ] GC(712) PSYoungGen: 58504K(116736K)->57632K(116736K) Eden: 58504K(58880K)->0K(58880K) From: 0K(57856K)->57632K(57856K)
[2026-03-22T19:50:57.850+0900][7.949s][info][gc,heap        ] GC(712) ParOldGen: 103430K(349696K)->103430K(349696K)
[2026-03-22T19:50:57.850+0900][7.949s][info][gc,metaspace   ] GC(712) Metaspace: 341K(512K)->341K(512K) NonClass: 323K(384K)->323K(384K) Class: 17K(128K)->17K(128K)
[2026-03-22T19:50:57.850+0900][7.949s][info][gc             ] GC(712) Pause Young (Allocation Failure) 158M->157M(455M) 2.872ms
[2026-03-22T19:50:57.850+0900][7.949s][info][gc,cpu         ] GC(712) User=0.00s Sys=0.00s Real=0.00s
[2026-03-22T19:50:57.856+0900][7.955s][info][gc,start       ] GC(713) Pause Young (Allocation Failure)
[2026-03-22T19:50:57.860+0900][7.959s][info][gc,heap        ] GC(713) PSYoungGen: 116136K(116736K)->57632K(116736K) Eden: 58504K(58880K)->0K(58880K) From: 57632K(57856K)->57632K(57856K)
[2026-03-22T19:50:57.860+0900][7.959s][info][gc,heap        ] GC(713) ParOldGen: 103430K(349696K)->150638K(349696K)
[2026-03-22T19:50:57.860+0900][7.959s][info][gc,metaspace   ] GC(713) Metaspace: 341K(512K)->341K(512K) NonClass: 323K(384K)->323K(384K) Class: 17K(128K)->17K(128K)
[2026-03-22T19:50:57.860+0900][7.959s][info][gc             ] GC(713) Pause Young (Allocation Failure) 214M->203M(455M) 4.292ms
[2026-03-22T19:50:57.860+0900][7.959s][info][gc,cpu         ] GC(713) User=0.00s Sys=0.00s Real=0.00s
[2026-03-22T19:50:57.867+0900][7.966s][info][gc,start       ] GC(714) Pause Young (Allocation Failure)
[2026-03-22T19:50:57.871+0900][7.970s][info][gc,heap        ] GC(714) PSYoungGen: 116136K(116736K)->57632K(116736K) Eden: 58504K(58880K)->0K(58880K) From: 57632K(57856K)->57632K(57856K)
[2026-03-22T19:50:57.871+0900][7.970s][info][gc,heap        ] GC(714) ParOldGen: 150638K(349696K)->197847K(349696K)
[2026-03-22T19:50:57.871+0900][7.970s][info][gc,metaspace   ] GC(714) Metaspace: 341K(512K)->341K(512K) NonClass: 323K(384K)->323K(384K) Class: 17K(128K)->17K(128K)
[2026-03-22T19:50:57.871+0900][7.970s][info][gc             ] GC(714) Pause Young (Allocation Failure) 260M->249M(455M) 3.975ms
[2026-03-22T19:50:57.871+0900][7.970s][info][gc,cpu         ] GC(714) User=0.11s Sys=0.02s Real=0.00s
[2026-03-22T19:50:57.877+0900][7.976s][info][gc,start       ] GC(715) Pause Young (Allocation Failure)
[2026-03-22T19:50:57.881+0900][7.980s][info][gc,heap        ] GC(715) PSYoungGen: 116136K(116736K)->57632K(116736K) Eden: 58504K(58880K)->0K(58880K) From: 57632K(57856K)->57632K(57856K)
[2026-03-22T19:50:57.881+0900][7.980s][info][gc,heap        ] GC(715) ParOldGen: 197847K(349696K)->245063K(349696K)
[2026-03-22T19:50:57.881+0900][7.980s][info][gc,metaspace   ] GC(715) Metaspace: 341K(512K)->341K(512K) NonClass: 323K(384K)->323K(384K) Class: 17K(128K)->17K(128K)
[2026-03-22T19:50:57.881+0900][7.980s][info][gc             ] GC(715) Pause Young (Allocation Failure) 306M->295M(455M) 4.712ms
[2026-03-22T19:50:57.881+0900][7.980s][info][gc,cpu         ] GC(715) User=0.00s Sys=0.00s Real=0.00s
[2026-03-22T19:50:57.888+0900][7.987s][info][gc,start       ] GC(716) Pause Young (Allocation Failure)
[2026-03-22T19:50:57.892+0900][7.991s][info][gc,heap        ] GC(716) PSYoungGen: 116136K(116736K)->57632K(116736K) Eden: 58504K(58880K)->0K(58880K) From: 57632K(57856K)->57632K(57856K)
[2026-03-22T19:50:57.893+0900][7.991s][info][gc,heap        ] GC(716) ParOldGen: 245063K(349696K)->292271K(349696K)
[2026-03-22T19:50:57.893+0900][7.991s][info][gc,metaspace   ] GC(716) Metaspace: 341K(512K)->341K(512K) NonClass: 323K(384K)->323K(384K) Class: 17K(128K)->17K(128K)
[2026-03-22T19:50:57.893+0900][7.991s][info][gc             ] GC(716) Pause Young (Allocation Failure) 352M->341M(455M) 4.351ms
[2026-03-22T19:50:57.893+0900][7.991s][info][gc,cpu         ] GC(716) User=0.00s Sys=0.00s Real=0.00s
[2026-03-22T19:50:57.898+0900][7.997s][info][gc,start       ] GC(717) Pause Full (Ergonomics)
[2026-03-22T19:50:57.898+0900][7.997s][info][gc,phases,start] GC(717) Marking Phase
[2026-03-22T19:50:57.900+0900][7.999s][info][gc,phases      ] GC(717) Marking Phase 1.594ms
[2026-03-22T19:50:57.900+0900][7.999s][info][gc,phases,start] GC(717) Summary Phase
[2026-03-22T19:50:57.900+0900][7.999s][info][gc,phases      ] GC(717) Summary Phase 0.029ms
[2026-03-22T19:50:57.900+0900][7.999s][info][gc,phases,start] GC(717) Adjust Roots
[2026-03-22T19:50:57.900+0900][7.999s][info][gc,phases      ] GC(717) Adjust Roots 0.273ms
[2026-03-22T19:50:57.900+0900][7.999s][info][gc,phases,start] GC(717) Compaction Phase
[2026-03-22T19:50:57.906+0900][8.005s][info][gc,phases      ] GC(717) Compaction Phase 5.332ms
[2026-03-22T19:50:57.906+0900][8.005s][info][gc,phases,start] GC(717) Post Compact
[2026-03-22T19:50:57.908+0900][8.006s][info][gc,phases      ] GC(717) Post Compact 1.428ms
[2026-03-22T19:50:57.908+0900][8.006s][info][gc,heap        ] GC(717) PSYoungGen: 116136K(116736K)->0K(116736K) Eden: 58504K(58880K)->0K(58880K) From: 57632K(57856K)->0K(57856K)
[2026-03-22T19:50:57.908+0900][8.006s][info][gc,heap        ] GC(717) ParOldGen: 292271K(349696K)->103430K(349696K)
[2026-03-22T19:50:57.908+0900][8.006s][info][gc,metaspace   ] GC(717) Metaspace: 341K(512K)->341K(512K) NonClass: 323K(384K)->323K(384K) Class: 17K(128K)->17K(128K)
[2026-03-22T19:50:57.908+0900][8.006s][info][gc             ] GC(717) Pause Full (Ergonomics) 398M->101M(455M) 9.006ms
[2026-03-22T19:50:57.908+0900][8.006s][info][gc,cpu         ] GC(717) User=0.02s Sys=0.00s Real=0.01s
[2026-03-22T19:50:57.914+0900][8.012s][info][gc,start       ] GC(718) Pause Young (Allocation Failure)
[2026-03-22T19:50:57.917+0900][8.015s][info][gc,heap        ] GC(718) PSYoungGen: 58504K(116736K)->57568K(116736K) Eden: 58504K(58880K)->0K(58880K) From: 0K(57856K)->57568K(57856K)
[2026-03-22T19:50:57.917+0900][8.015s][info][gc,heap        ] GC(718) ParOldGen: 103430K(349696K)->103430K(349696K)
[2026-03-22T19:50:57.917+0900][8.015s][info][gc,metaspace   ] GC(718) Metaspace: 341K(512K)->341K(512K) NonClass: 323K(384K)->323K(384K) Class: 17K(128K)->17K(128K)
[2026-03-22T19:50:57.917+0900][8.015s][info][gc             ] GC(718) Pause Young (Allocation Failure) 158M->157M(455M) 2.956ms
[2026-03-22T19:50:57.917+0900][8.015s][info][gc,cpu         ] GC(718) User=0.09s Sys=0.00s Real=0.00s
[2026-03-22T19:50:57.923+0900][8.022s][info][gc,start       ] GC(719) Pause Young (Allocation Failure)
[2026-03-22T19:50:57.927+0900][8.026s][info][gc,heap        ] GC(719) PSYoungGen: 116072K(116736K)->57632K(116736K) Eden: 58504K(58880K)->0K(58880K) From: 57568K(57856K)->57632K(57856K)
[2026-03-22T19:50:57.927+0900][8.026s][info][gc,heap        ] GC(719) ParOldGen: 103430K(349696K)->150638K(349696K)
[2026-03-22T19:50:57.927+0900][8.026s][info][gc,metaspace   ] GC(719) Metaspace: 341K(512K)->341K(512K) NonClass: 323K(384K)->323K(384K) Class: 17K(128K)->17K(128K)
[2026-03-22T19:50:57.927+0900][8.026s][info][gc             ] GC(719) Pause Young (Allocation Failure) 214M->203M(455M) 4.707ms
[2026-03-22T19:50:57.927+0900][8.026s][info][gc,cpu         ] GC(719) User=0.00s Sys=0.00s Real=0.00s
[2026-03-22T19:50:57.933+0900][8.032s][info][gc,start       ] GC(720) Pause Young (Allocation Failure)
[2026-03-22T19:50:57.938+0900][8.037s][info][gc,heap        ] GC(720) PSYoungGen: 116136K(116736K)->57632K(116736K) Eden: 58504K(58880K)->0K(58880K) From: 57632K(57856K)->57632K(57856K)
[2026-03-22T19:50:57.947+0900][8.046s][info][gc,heap        ] GC(720) ParOldGen: 150638K(349696K)->197847K(349696K)
[2026-03-22T19:50:57.947+0900][8.046s][info][gc,metaspace   ] GC(720) Metaspace: 341K(512K)->341K(512K) NonClass: 323K(384K)->323K(384K) Class: 17K(128K)->17K(128K)
[2026-03-22T19:50:57.947+0900][8.046s][info][gc             ] GC(720) Pause Young (Allocation Failure) 260M->249M(455M) 13.773ms
[2026-03-22T19:50:57.947+0900][8.046s][info][gc,cpu         ] GC(720) User=0.00s Sys=0.00s Real=0.01s
[2026-03-22T19:50:57.957+0900][8.055s][info][gc,start       ] GC(721) Pause Young (Allocation Failure)
[2026-03-22T19:50:57.961+0900][8.060s][info][gc,heap        ] GC(721) PSYoungGen: 116136K(116736K)->57632K(116736K) Eden: 58504K(58880K)->0K(58880K) From: 57632K(57856K)->57632K(57856K)
[2026-03-22T19:50:57.962+0900][8.060s][info][gc,heap        ] GC(721) ParOldGen: 197847K(349696K)->245063K(349696K)
[2026-03-22T19:50:57.962+0900][8.060s][info][gc,metaspace   ] GC(721) Metaspace: 341K(512K)->341K(512K) NonClass: 323K(384K)->323K(384K) Class: 17K(128K)->17K(128K)
[2026-03-22T19:50:57.962+0900][8.060s][info][gc             ] GC(721) Pause Young (Allocation Failure) 306M->295M(455M) 4.960ms
[2026-03-22T19:50:57.962+0900][8.060s][info][gc,cpu         ] GC(721) User=0.00s Sys=0.00s Real=0.00s
[2026-03-22T19:50:57.967+0900][8.066s][info][gc,start       ] GC(722) Pause Young (Allocation Failure)
[2026-03-22T19:50:57.972+0900][8.070s][info][gc,heap        ] GC(722) PSYoungGen: 116136K(116736K)->57632K(116736K) Eden: 58504K(58880K)->0K(58880K) From: 57632K(57856K)->57632K(57856K)
[2026-03-22T19:50:57.972+0900][8.071s][info][gc,heap        ] GC(722) ParOldGen: 245063K(349696K)->292271K(349696K)
[2026-03-22T19:50:57.972+0900][8.071s][info][gc,metaspace   ] GC(722) Metaspace: 341K(512K)->341K(512K) NonClass: 323K(384K)->323K(384K) Class: 17K(128K)->17K(128K)
[2026-03-22T19:50:57.972+0900][8.071s][info][gc             ] GC(722) Pause Young (Allocation Failure) 352M->341M(455M) 4.894ms
[2026-03-22T19:50:57.972+0900][8.071s][info][gc,cpu         ] GC(722) User=0.00s Sys=0.00s Real=0.00s
[2026-03-22T19:50:57.979+0900][8.078s][info][gc,start       ] GC(723) Pause Full (Ergonomics)
[2026-03-22T19:50:57.979+0900][8.078s][info][gc,phases,start] GC(723) Marking Phase
[2026-03-22T19:50:57.981+0900][8.079s][info][gc,phases      ] GC(723) Marking Phase 1.438ms
[2026-03-22T19:50:57.981+0900][8.079s][info][gc,phases,start] GC(723) Summary Phase
[2026-03-22T19:50:57.981+0900][8.079s][info][gc,phases      ] GC(723) Summary Phase 0.018ms
[2026-03-22T19:50:57.981+0900][8.079s][info][gc,phases,start] GC(723) Adjust Roots
[2026-03-22T19:50:57.981+0900][8.079s][info][gc,phases      ] GC(723) Adjust Roots 0.234ms
[2026-03-22T19:50:57.981+0900][8.080s][info][gc,phases,start] GC(723) Compaction Phase
[2026-03-22T19:50:57.986+0900][8.085s][info][gc,phases      ] GC(723) Compaction Phase 5.171ms
[2026-03-22T19:50:57.986+0900][8.085s][info][gc,phases,start] GC(723) Post Compact
[2026-03-22T19:50:57.988+0900][8.087s][info][gc,phases      ] GC(723) Post Compact 1.730ms
[2026-03-22T19:50:57.988+0900][8.087s][info][gc,heap        ] GC(723) PSYoungGen: 116136K(116736K)->0K(116736K) Eden: 58504K(58880K)->0K(58880K) From: 57632K(57856K)->0K(57856K)
[2026-03-22T19:50:57.988+0900][8.087s][info][gc,heap        ] GC(723) ParOldGen: 292271K(349696K)->103430K(349696K)
[2026-03-22T19:50:57.988+0900][8.087s][info][gc,metaspace   ] GC(723) Metaspace: 341K(512K)->341K(512K) NonClass: 323K(384K)->323K(384K) Class: 17K(128K)->17K(128K)
[2026-03-22T19:50:57.988+0900][8.087s][info][gc             ] GC(723) Pause Full (Ergonomics) 398M->101M(455M) 8.985ms
[2026-03-22T19:50:57.988+0900][8.087s][info][gc,cpu         ] GC(723) User=0.00s Sys=0.00s Real=0.01s
[2026-03-22T19:50:57.995+0900][8.093s][info][gc,start       ] GC(724) Pause Young (Allocation Failure)
[2026-03-22T19:50:57.997+0900][8.096s][info][gc,heap        ] GC(724) PSYoungGen: 58504K(116736K)->57632K(116736K) Eden: 58504K(58880K)->0K(58880K) From: 0K(57856K)->57632K(57856K)
[2026-03-22T19:50:57.997+0900][8.096s][info][gc,heap        ] GC(724) ParOldGen: 103430K(349696K)->103430K(349696K)
[2026-03-22T19:50:57.997+0900][8.096s][info][gc,metaspace   ] GC(724) Metaspace: 341K(512K)->341K(512K) NonClass: 323K(384K)->323K(384K) Class: 17K(128K)->17K(128K)
[2026-03-22T19:50:57.997+0900][8.096s][info][gc             ] GC(724) Pause Young (Allocation Failure) 158M->157M(455M) 2.661ms
[2026-03-22T19:50:57.997+0900][8.096s][info][gc,cpu         ] GC(724) User=0.00s Sys=0.00s Real=0.00s
[2026-03-22T19:50:58.005+0900][8.104s][info][gc,start       ] GC(725) Pause Young (Allocation Failure)
[2026-03-22T19:50:58.009+0900][8.108s][info][gc,heap        ] GC(725) PSYoungGen: 116136K(116736K)->57632K(116736K) Eden: 58504K(58880K)->0K(58880K) From: 57632K(57856K)->57632K(57856K)
[2026-03-22T19:50:58.009+0900][8.108s][info][gc,heap        ] GC(725) ParOldGen: 103430K(349696K)->150638K(349696K)
[2026-03-22T19:50:58.009+0900][8.108s][info][gc,metaspace   ] GC(725) Metaspace: 341K(512K)->341K(512K) NonClass: 323K(384K)->323K(384K) Class: 17K(128K)->17K(128K)
[2026-03-22T19:50:58.009+0900][8.108s][info][gc             ] GC(725) Pause Young (Allocation Failure) 214M->203M(455M) 4.196ms
[2026-03-22T19:50:58.009+0900][8.108s][info][gc,cpu         ] GC(725) User=0.00s Sys=0.00s Real=0.00s
[2026-03-22T19:50:58.015+0900][8.114s][info][gc,start       ] GC(726) Pause Young (Allocation Failure)
[2026-03-22T19:50:58.020+0900][8.119s][info][gc,heap        ] GC(726) PSYoungGen: 116136K(116736K)->57632K(116736K) Eden: 58504K(58880K)->0K(58880K) From: 57632K(57856K)->57632K(57856K)
[2026-03-22T19:50:58.020+0900][8.119s][info][gc,heap        ] GC(726) ParOldGen: 150638K(349696K)->197847K(349696K)
[2026-03-22T19:50:58.020+0900][8.119s][info][gc,metaspace   ] GC(726) Metaspace: 341K(512K)->341K(512K) NonClass: 323K(384K)->323K(384K) Class: 17K(128K)->17K(128K)
[2026-03-22T19:50:58.020+0900][8.119s][info][gc             ] GC(726) Pause Young (Allocation Failure) 260M->249M(455M) 4.562ms
[2026-03-22T19:50:58.020+0900][8.119s][info][gc,cpu         ] GC(726) User=0.00s Sys=0.00s Real=0.00s
[2026-03-22T19:50:58.027+0900][8.126s][info][gc,start       ] GC(727) Pause Young (Allocation Failure)
[2026-03-22T19:50:58.031+0900][8.130s][info][gc,heap        ] GC(727) PSYoungGen: 116136K(116736K)->57632K(116736K) Eden: 58504K(58880K)->0K(58880K) From: 57632K(57856K)->57632K(57856K)
[2026-03-22T19:50:58.031+0900][8.130s][info][gc,heap        ] GC(727) ParOldGen: 197847K(349696K)->245063K(349696K)
[2026-03-22T19:50:58.031+0900][8.130s][info][gc,metaspace   ] GC(727) Metaspace: 341K(512K)->341K(512K) NonClass: 323K(384K)->323K(384K) Class: 17K(128K)->17K(128K)
[2026-03-22T19:50:58.031+0900][8.130s][info][gc             ] GC(727) Pause Young (Allocation Failure) 306M->295M(455M) 4.389ms
[2026-03-22T19:50:58.031+0900][8.130s][info][gc,cpu         ] GC(727) User=0.00s Sys=0.00s Real=0.00s
[2026-03-22T19:50:58.038+0900][8.136s][info][gc,start       ] GC(728) Pause Young (Allocation Failure)
[2026-03-22T19:50:58.042+0900][8.141s][info][gc,heap        ] GC(728) PSYoungGen: 116136K(116736K)->57632K(116736K) Eden: 58504K(58880K)->0K(58880K) From: 57632K(57856K)->57632K(57856K)
[2026-03-22T19:50:58.042+0900][8.141s][info][gc,heap        ] GC(728) ParOldGen: 245063K(349696K)->292271K(349696K)
[2026-03-22T19:50:58.042+0900][8.141s][info][gc,metaspace   ] GC(728) Metaspace: 341K(512K)->341K(512K) NonClass: 323K(384K)->323K(384K) Class: 17K(128K)->17K(128K)
[2026-03-22T19:50:58.042+0900][8.141s][info][gc             ] GC(728) Pause Young (Allocation Failure) 352M->341M(455M) 4.231ms
[2026-03-22T19:50:58.042+0900][8.141s][info][gc,cpu         ] GC(728) User=0.11s Sys=0.00s Real=0.00s
[2026-03-22T19:50:58.049+0900][8.147s][info][gc,start       ] GC(729) Pause Full (Ergonomics)
[2026-03-22T19:50:58.049+0900][8.147s][info][gc,phases,start] GC(729) Marking Phase
[2026-03-22T19:50:58.050+0900][8.149s][info][gc,phases      ] GC(729) Marking Phase 1.531ms
[2026-03-22T19:50:58.050+0900][8.149s][info][gc,phases,start] GC(729) Summary Phase
[2026-03-22T19:50:58.050+0900][8.149s][info][gc,phases      ] GC(729) Summary Phase 0.019ms
[2026-03-22T19:50:58.050+0900][8.149s][info][gc,phases,start] GC(729) Adjust Roots
[2026-03-22T19:50:58.051+0900][8.149s][info][gc,phases      ] GC(729) Adjust Roots 0.257ms
[2026-03-22T19:50:58.051+0900][8.149s][info][gc,phases,start] GC(729) Compaction Phase
[2026-03-22T19:50:58.056+0900][8.154s][info][gc,phases      ] GC(729) Compaction Phase 4.880ms
[2026-03-22T19:50:58.056+0900][8.154s][info][gc,phases,start] GC(729) Post Compact
[2026-03-22T19:50:58.057+0900][8.155s][info][gc,phases      ] GC(729) Post Compact 1.424ms
[2026-03-22T19:50:58.057+0900][8.155s][info][gc,heap        ] GC(729) PSYoungGen: 116136K(116736K)->0K(116736K) Eden: 58504K(58880K)->0K(58880K) From: 57632K(57856K)->0K(57856K)
[2026-03-22T19:50:58.057+0900][8.155s][info][gc,heap        ] GC(729) ParOldGen: 292271K(349696K)->103430K(349696K)
[2026-03-22T19:50:58.057+0900][8.155s][info][gc,metaspace   ] GC(729) Metaspace: 341K(512K)->341K(512K) NonClass: 323K(384K)->323K(384K) Class: 17K(128K)->17K(128K)
[2026-03-22T19:50:58.057+0900][8.155s][info][gc             ] GC(729) Pause Full (Ergonomics) 398M->101M(455M) 8.428ms
[2026-03-22T19:50:58.057+0900][8.155s][info][gc,cpu         ] GC(729) User=0.00s Sys=0.02s Real=0.01s
[2026-03-22T19:50:58.063+0900][8.162s][info][gc,start       ] GC(730) Pause Young (Allocation Failure)
[2026-03-22T19:50:58.066+0900][8.164s][info][gc,heap        ] GC(730) PSYoungGen: 58504K(116736K)->57632K(116736K) Eden: 58504K(58880K)->0K(58880K) From: 0K(57856K)->57632K(57856K)
[2026-03-22T19:50:58.066+0900][8.165s][info][gc,heap        ] GC(730) ParOldGen: 103430K(349696K)->103430K(349696K)
[2026-03-22T19:50:58.066+0900][8.165s][info][gc,metaspace   ] GC(730) Metaspace: 341K(512K)->341K(512K) NonClass: 323K(384K)->323K(384K) Class: 17K(128K)->17K(128K)
[2026-03-22T19:50:58.066+0900][8.165s][info][gc             ] GC(730) Pause Young (Allocation Failure) 158M->157M(455M) 2.593ms
[2026-03-22T19:50:58.066+0900][8.165s][info][gc,cpu         ] GC(730) User=0.00s Sys=0.00s Real=0.00s
[2026-03-22T19:50:58.072+0900][8.171s][info][gc,start       ] GC(731) Pause Young (Allocation Failure)
[2026-03-22T19:50:58.076+0900][8.175s][info][gc,heap        ] GC(731) PSYoungGen: 116136K(116736K)->57632K(116736K) Eden: 58504K(58880K)->0K(58880K) From: 57632K(57856K)->57632K(57856K)
[2026-03-22T19:50:58.076+0900][8.175s][info][gc,heap        ] GC(731) ParOldGen: 103430K(349696K)->150638K(349696K)
[2026-03-22T19:50:58.076+0900][8.175s][info][gc,metaspace   ] GC(731) Metaspace: 341K(512K)->341K(512K) NonClass: 323K(384K)->323K(384K) Class: 17K(128K)->17K(128K)
[2026-03-22T19:50:58.076+0900][8.175s][info][gc             ] GC(731) Pause Young (Allocation Failure) 214M->203M(455M) 4.228ms
[2026-03-22T19:50:58.076+0900][8.175s][info][gc,cpu         ] GC(731) User=0.00s Sys=0.00s Real=0.00s
[2026-03-22T19:50:58.083+0900][8.181s][info][gc,start       ] GC(732) Pause Young (Allocation Failure)
[2026-03-22T19:50:58.087+0900][8.186s][info][gc,heap        ] GC(732) PSYoungGen: 116136K(116736K)->57632K(116736K) Eden: 58504K(58880K)->0K(58880K) From: 57632K(57856K)->57632K(57856K)
[2026-03-22T19:50:58.087+0900][8.186s][info][gc,heap        ] GC(732) ParOldGen: 150638K(349696K)->197847K(349696K)
[2026-03-22T19:50:58.087+0900][8.186s][info][gc,metaspace   ] GC(732) Metaspace: 341K(512K)->341K(512K) NonClass: 323K(384K)->323K(384K) Class: 17K(128K)->17K(128K)
[2026-03-22T19:50:58.087+0900][8.186s][info][gc             ] GC(732) Pause Young (Allocation Failure) 260M->249M(455M) 4.274ms
[2026-03-22T19:50:58.087+0900][8.186s][info][gc,cpu         ] GC(732) User=0.00s Sys=0.00s Real=0.00s
[2026-03-22T19:50:58.093+0900][8.192s][info][gc,start       ] GC(733) Pause Young (Allocation Failure)
[2026-03-22T19:50:58.097+0900][8.196s][info][gc,heap        ] GC(733) PSYoungGen: 116136K(116736K)->57632K(116736K) Eden: 58504K(58880K)->0K(58880K) From: 57632K(57856K)->57632K(57856K)
[2026-03-22T19:50:58.098+0900][8.196s][info][gc,heap        ] GC(733) ParOldGen: 197847K(349696K)->245063K(349696K)
[2026-03-22T19:50:58.098+0900][8.196s][info][gc,metaspace   ] GC(733) Metaspace: 341K(512K)->341K(512K) NonClass: 323K(384K)->323K(384K) Class: 17K(128K)->17K(128K)
[2026-03-22T19:50:58.098+0900][8.196s][info][gc             ] GC(733) Pause Young (Allocation Failure) 306M->295M(455M) 4.544ms
[2026-03-22T19:50:58.098+0900][8.196s][info][gc,cpu         ] GC(733) User=0.00s Sys=0.00s Real=0.01s
[2026-03-22T19:50:58.104+0900][8.202s][info][gc,start       ] GC(734) Pause Young (Allocation Failure)
[2026-03-22T19:50:58.108+0900][8.207s][info][gc,heap        ] GC(734) PSYoungGen: 116136K(116736K)->57632K(116736K) Eden: 58504K(58880K)->0K(58880K) From: 57632K(57856K)->57632K(57856K)
[2026-03-22T19:50:58.108+0900][8.207s][info][gc,heap        ] GC(734) ParOldGen: 245063K(349696K)->292263K(349696K)
[2026-03-22T19:50:58.108+0900][8.207s][info][gc,metaspace   ] GC(734) Metaspace: 341K(512K)->341K(512K) NonClass: 323K(384K)->323K(384K) Class: 17K(128K)->17K(128K)
[2026-03-22T19:50:58.108+0900][8.207s][info][gc             ] GC(734) Pause Young (Allocation Failure) 352M->341M(455M) 4.447ms
[2026-03-22T19:50:58.108+0900][8.207s][info][gc,cpu         ] GC(734) User=0.00s Sys=0.00s Real=0.00s
[2026-03-22T19:50:58.115+0900][8.213s][info][gc,start       ] GC(735) Pause Full (Ergonomics)
[2026-03-22T19:50:58.115+0900][8.213s][info][gc,phases,start] GC(735) Marking Phase
[2026-03-22T19:50:58.116+0900][8.215s][info][gc,phases      ] GC(735) Marking Phase 1.581ms
[2026-03-22T19:50:58.116+0900][8.215s][info][gc,phases,start] GC(735) Summary Phase
[2026-03-22T19:50:58.116+0900][8.215s][info][gc,phases      ] GC(735) Summary Phase 0.034ms
[2026-03-22T19:50:58.116+0900][8.215s][info][gc,phases,start] GC(735) Adjust Roots
[2026-03-22T19:50:58.117+0900][8.216s][info][gc,phases      ] GC(735) Adjust Roots 0.321ms
[2026-03-22T19:50:58.117+0900][8.216s][info][gc,phases,start] GC(735) Compaction Phase
[2026-03-22T19:50:58.122+0900][8.221s][info][gc,phases      ] GC(735) Compaction Phase 4.951ms
[2026-03-22T19:50:58.122+0900][8.221s][info][gc,phases,start] GC(735) Post Compact
[2026-03-22T19:50:58.124+0900][8.222s][info][gc,phases      ] GC(735) Post Compact 1.726ms
[2026-03-22T19:50:58.124+0900][8.222s][info][gc,heap        ] GC(735) PSYoungGen: 116136K(116736K)->0K(116736K) Eden: 58504K(58880K)->0K(58880K) From: 57632K(57856K)->0K(57856K)
[2026-03-22T19:50:58.124+0900][8.222s][info][gc,heap        ] GC(735) ParOldGen: 292263K(349696K)->103430K(349696K)
[2026-03-22T19:50:58.124+0900][8.222s][info][gc,metaspace   ] GC(735) Metaspace: 341K(512K)->341K(512K) NonClass: 323K(384K)->323K(384K) Class: 17K(128K)->17K(128K)
[2026-03-22T19:50:58.124+0900][8.222s][info][gc             ] GC(735) Pause Full (Ergonomics) 398M->101M(455M) 9.038ms
[2026-03-22T19:50:58.124+0900][8.222s][info][gc,cpu         ] GC(735) User=0.11s Sys=0.00s Real=0.01s
[2026-03-22T19:50:58.130+0900][8.229s][info][gc,start       ] GC(736) Pause Young (Allocation Failure)
[2026-03-22T19:50:58.133+0900][8.232s][info][gc,heap        ] GC(736) PSYoungGen: 58504K(116736K)->57632K(116736K) Eden: 58504K(58880K)->0K(58880K) From: 0K(57856K)->57632K(57856K)
[2026-03-22T19:50:58.133+0900][8.232s][info][gc,heap        ] GC(736) ParOldGen: 103430K(349696K)->103430K(349696K)
[2026-03-22T19:50:58.133+0900][8.232s][info][gc,metaspace   ] GC(736) Metaspace: 341K(512K)->341K(512K) NonClass: 323K(384K)->323K(384K) Class: 17K(128K)->17K(128K)
[2026-03-22T19:50:58.133+0900][8.232s][info][gc             ] GC(736) Pause Young (Allocation Failure) 158M->157M(455M) 2.578ms
[2026-03-22T19:50:58.133+0900][8.232s][info][gc,cpu         ] GC(736) User=0.00s Sys=0.00s Real=0.00s
[2026-03-22T19:50:58.139+0900][8.238s][info][gc,start       ] GC(737) Pause Young (Allocation Failure)
[2026-03-22T19:50:58.143+0900][8.242s][info][gc,heap        ] GC(737) PSYoungGen: 116136K(116736K)->57632K(116736K) Eden: 58504K(58880K)->0K(58880K) From: 57632K(57856K)->57632K(57856K)
[2026-03-22T19:50:58.143+0900][8.242s][info][gc,heap        ] GC(737) ParOldGen: 103430K(349696K)->150638K(349696K)
[2026-03-22T19:50:58.143+0900][8.242s][info][gc,metaspace   ] GC(737) Metaspace: 341K(512K)->341K(512K) NonClass: 323K(384K)->323K(384K) Class: 17K(128K)->17K(128K)
[2026-03-22T19:50:58.143+0900][8.242s][info][gc             ] GC(737) Pause Young (Allocation Failure) 214M->203M(455M) 4.263ms
[2026-03-22T19:50:58.143+0900][8.242s][info][gc,cpu         ] GC(737) User=0.00s Sys=0.00s Real=0.00s
[2026-03-22T19:50:58.150+0900][8.249s][info][gc,start       ] GC(738) Pause Young (Allocation Failure)
[2026-03-22T19:50:58.154+0900][8.253s][info][gc,heap        ] GC(738) PSYoungGen: 116136K(116736K)->57632K(116736K) Eden: 58504K(58880K)->0K(58880K) From: 57632K(57856K)->57632K(57856K)
[2026-03-22T19:50:58.154+0900][8.253s][info][gc,heap        ] GC(738) ParOldGen: 150638K(349696K)->197847K(349696K)
[2026-03-22T19:50:58.154+0900][8.253s][info][gc,metaspace   ] GC(738) Metaspace: 341K(512K)->341K(512K) NonClass: 323K(384K)->323K(384K) Class: 17K(128K)->17K(128K)
[2026-03-22T19:50:58.154+0900][8.253s][info][gc             ] GC(738) Pause Young (Allocation Failure) 260M->249M(455M) 4.176ms
[2026-03-22T19:50:58.154+0900][8.253s][info][gc,cpu         ] GC(738) User=0.00s Sys=0.00s Real=0.00s
[2026-03-22T19:50:58.162+0900][8.260s][info][gc,start       ] GC(739) Pause Young (Allocation Failure)
[2026-03-22T19:50:58.166+0900][8.264s][info][gc,heap        ] GC(739) PSYoungGen: 116136K(116736K)->57632K(116736K) Eden: 58504K(58880K)->0K(58880K) From: 57632K(57856K)->57632K(57856K)
[2026-03-22T19:50:58.166+0900][8.264s][info][gc,heap        ] GC(739) ParOldGen: 197847K(349696K)->245063K(349696K)
[2026-03-22T19:50:58.166+0900][8.264s][info][gc,metaspace   ] GC(739) Metaspace: 341K(512K)->341K(512K) NonClass: 323K(384K)->323K(384K) Class: 17K(128K)->17K(128K)
[2026-03-22T19:50:58.166+0900][8.264s][info][gc             ] GC(739) Pause Young (Allocation Failure) 306M->295M(455M) 4.195ms
[2026-03-22T19:50:58.166+0900][8.264s][info][gc,cpu         ] GC(739) User=0.00s Sys=0.00s Real=0.00s
[2026-03-22T19:50:58.172+0900][8.270s][info][gc,start       ] GC(740) Pause Young (Allocation Failure)
[2026-03-22T19:50:58.176+0900][8.274s][info][gc,heap        ] GC(740) PSYoungGen: 116136K(116736K)->57632K(116736K) Eden: 58504K(58880K)->0K(58880K) From: 57632K(57856K)->57632K(57856K)
[2026-03-22T19:50:58.176+0900][8.275s][info][gc,heap        ] GC(740) ParOldGen: 245063K(349696K)->292271K(349696K)
[2026-03-22T19:50:58.176+0900][8.275s][info][gc,metaspace   ] GC(740) Metaspace: 341K(512K)->341K(512K) NonClass: 323K(384K)->323K(384K) Class: 17K(128K)->17K(128K)
[2026-03-22T19:50:58.176+0900][8.275s][info][gc             ] GC(740) Pause Young (Allocation Failure) 352M->341M(455M) 4.369ms
[2026-03-22T19:50:58.176+0900][8.275s][info][gc,cpu         ] GC(740) User=0.00s Sys=0.00s Real=0.00s
[2026-03-22T19:50:58.182+0900][8.280s][info][gc,start       ] GC(741) Pause Full (Ergonomics)
[2026-03-22T19:50:58.182+0900][8.281s][info][gc,phases,start] GC(741) Marking Phase
[2026-03-22T19:50:58.183+0900][8.282s][info][gc,phases      ] GC(741) Marking Phase 1.656ms
[2026-03-22T19:50:58.184+0900][8.282s][info][gc,phases,start] GC(741) Summary Phase
[2026-03-22T19:50:58.184+0900][8.282s][info][gc,phases      ] GC(741) Summary Phase 0.024ms
[2026-03-22T19:50:58.184+0900][8.282s][info][gc,phases,start] GC(741) Adjust Roots
[2026-03-22T19:50:58.184+0900][8.283s][info][gc,phases      ] GC(741) Adjust Roots 0.241ms
[2026-03-22T19:50:58.184+0900][8.283s][info][gc,phases,start] GC(741) Compaction Phase
[2026-03-22T19:50:58.189+0900][8.288s][info][gc,phases      ] GC(741) Compaction Phase 5.224ms
[2026-03-22T19:50:58.189+0900][8.288s][info][gc,phases,start] GC(741) Post Compact
[2026-03-22T19:50:58.190+0900][8.290s][info][gc,phases      ] GC(741) Post Compact 1.599ms
[2026-03-22T19:50:58.190+0900][8.290s][info][gc,heap        ] GC(741) PSYoungGen: 116136K(116736K)->0K(116736K) Eden: 58504K(58880K)->0K(58880K) From: 57632K(57856K)->0K(57856K)
[2026-03-22T19:50:58.190+0900][8.290s][info][gc,heap        ] GC(741) ParOldGen: 292271K(349696K)->103430K(349696K)
[2026-03-22T19:50:58.190+0900][8.290s][info][gc,metaspace   ] GC(741) Metaspace: 341K(512K)->341K(512K) NonClass: 323K(384K)->323K(384K) Class: 17K(128K)->17K(128K)
[2026-03-22T19:50:58.190+0900][8.290s][info][gc             ] GC(741) Pause Full (Ergonomics) 398M->101M(455M) 9.172ms
[2026-03-22T19:50:58.191+0900][8.290s][info][gc,cpu         ] GC(741) User=0.00s Sys=0.00s Real=0.01s
[2026-03-22T19:50:58.197+0900][8.296s][info][gc,start       ] GC(742) Pause Young (Allocation Failure)
[2026-03-22T19:50:58.199+0900][8.298s][info][gc,heap        ] GC(742) PSYoungGen: 58504K(116736K)->57632K(116736K) Eden: 58504K(58880K)->0K(58880K) From: 0K(57856K)->57632K(57856K)
[2026-03-22T19:50:58.199+0900][8.298s][info][gc,heap        ] GC(742) ParOldGen: 103430K(349696K)->103430K(349696K)
[2026-03-22T19:50:58.199+0900][8.298s][info][gc,metaspace   ] GC(742) Metaspace: 341K(512K)->341K(512K) NonClass: 323K(384K)->323K(384K) Class: 17K(128K)->17K(128K)
[2026-03-22T19:50:58.199+0900][8.298s][info][gc             ] GC(742) Pause Young (Allocation Failure) 158M->157M(455M) 2.443ms
[2026-03-22T19:50:58.199+0900][8.298s][info][gc,cpu         ] GC(742) User=0.00s Sys=0.00s Real=0.00s
[2026-03-22T19:50:58.206+0900][8.305s][info][gc,start       ] GC(743) Pause Young (Allocation Failure)
[2026-03-22T19:50:58.210+0900][8.309s][info][gc,heap        ] GC(743) PSYoungGen: 116136K(116736K)->57632K(116736K) Eden: 58504K(58880K)->0K(58880K) From: 57632K(57856K)->57632K(57856K)
[2026-03-22T19:50:58.211+0900][8.309s][info][gc,heap        ] GC(743) ParOldGen: 103430K(349696K)->150638K(349696K)
[2026-03-22T19:50:58.211+0900][8.309s][info][gc,metaspace   ] GC(743) Metaspace: 341K(512K)->341K(512K) NonClass: 323K(384K)->323K(384K) Class: 17K(128K)->17K(128K)
[2026-03-22T19:50:58.211+0900][8.309s][info][gc             ] GC(743) Pause Young (Allocation Failure) 214M->203M(455M) 4.550ms
[2026-03-22T19:50:58.211+0900][8.309s][info][gc,cpu         ] GC(743) User=0.00s Sys=0.00s Real=0.00s
[2026-03-22T19:50:58.217+0900][8.316s][info][gc,start       ] GC(744) Pause Young (Allocation Failure)
[2026-03-22T19:50:58.221+0900][8.320s][info][gc,heap        ] GC(744) PSYoungGen: 116136K(116736K)->57632K(116736K) Eden: 58504K(58880K)->0K(58880K) From: 57632K(57856K)->57632K(57856K)
[2026-03-22T19:50:58.221+0900][8.320s][info][gc,heap        ] GC(744) ParOldGen: 150638K(349696K)->197847K(349696K)
[2026-03-22T19:50:58.221+0900][8.320s][info][gc,metaspace   ] GC(744) Metaspace: 341K(512K)->341K(512K) NonClass: 323K(384K)->323K(384K) Class: 17K(128K)->17K(128K)
[2026-03-22T19:50:58.221+0900][8.320s][info][gc             ] GC(744) Pause Young (Allocation Failure) 260M->249M(455M) 4.054ms
[2026-03-22T19:50:58.221+0900][8.320s][info][gc,cpu         ] GC(744) User=0.00s Sys=0.00s Real=0.00s
[2026-03-22T19:50:58.229+0900][8.328s][info][gc,start       ] GC(745) Pause Young (Allocation Failure)
[2026-03-22T19:50:58.233+0900][8.332s][info][gc,heap        ] GC(745) PSYoungGen: 116136K(116736K)->57632K(116736K) Eden: 58504K(58880K)->0K(58880K) From: 57632K(57856K)->57632K(57856K)
[2026-03-22T19:50:58.233+0900][8.332s][info][gc,heap        ] GC(745) ParOldGen: 197847K(349696K)->245055K(349696K)
[2026-03-22T19:50:58.233+0900][8.332s][info][gc,metaspace   ] GC(745) Metaspace: 341K(512K)->341K(512K) NonClass: 323K(384K)->323K(384K) Class: 17K(128K)->17K(128K)
[2026-03-22T19:50:58.233+0900][8.332s][info][gc             ] GC(745) Pause Young (Allocation Failure) 306M->295M(455M) 4.069ms
[2026-03-22T19:50:58.233+0900][8.332s][info][gc,cpu         ] GC(745) User=0.00s Sys=0.00s Real=0.00s
[2026-03-22T19:50:58.240+0900][8.338s][info][gc,start       ] GC(746) Pause Young (Allocation Failure)
[2026-03-22T19:50:58.244+0900][8.343s][info][gc,heap        ] GC(746) PSYoungGen: 116136K(116736K)->57632K(116736K) Eden: 58504K(58880K)->0K(58880K) From: 57632K(57856K)->57632K(57856K)
[2026-03-22T19:50:58.244+0900][8.343s][info][gc,heap        ] GC(746) ParOldGen: 245055K(349696K)->292263K(349696K)
[2026-03-22T19:50:58.244+0900][8.343s][info][gc,metaspace   ] GC(746) Metaspace: 341K(512K)->341K(512K) NonClass: 323K(384K)->323K(384K) Class: 17K(128K)->17K(128K)
[2026-03-22T19:50:58.244+0900][8.343s][info][gc             ] GC(746) Pause Young (Allocation Failure) 352M->341M(455M) 4.149ms
[2026-03-22T19:50:58.244+0900][8.343s][info][gc,cpu         ] GC(746) User=0.02s Sys=0.00s Real=0.00s
[2026-03-22T19:50:58.250+0900][8.349s][info][gc,start       ] GC(747) Pause Full (Ergonomics)
[2026-03-22T19:50:58.250+0900][8.349s][info][gc,phases,start] GC(747) Marking Phase
[2026-03-22T19:50:58.252+0900][8.350s][info][gc,phases      ] GC(747) Marking Phase 1.411ms
[2026-03-22T19:50:58.252+0900][8.350s][info][gc,phases,start] GC(747) Summary Phase
[2026-03-22T19:50:58.252+0900][8.350s][info][gc,phases      ] GC(747) Summary Phase 0.020ms
[2026-03-22T19:50:58.252+0900][8.350s][info][gc,phases,start] GC(747) Adjust Roots
[2026-03-22T19:50:58.252+0900][8.351s][info][gc,phases      ] GC(747) Adjust Roots 0.285ms
[2026-03-22T19:50:58.252+0900][8.351s][info][gc,phases,start] GC(747) Compaction Phase
[2026-03-22T19:50:58.256+0900][8.355s][info][gc,phases      ] GC(747) Compaction Phase 4.786ms
[2026-03-22T19:50:58.256+0900][8.355s][info][gc,phases,start] GC(747) Post Compact
[2026-03-22T19:50:58.258+0900][8.357s][info][gc,phases      ] GC(747) Post Compact 1.433ms
[2026-03-22T19:50:58.258+0900][8.357s][info][gc,heap        ] GC(747) PSYoungGen: 116136K(116736K)->0K(116736K) Eden: 58504K(58880K)->0K(58880K) From: 57632K(57856K)->0K(57856K)
[2026-03-22T19:50:58.258+0900][8.357s][info][gc,heap        ] GC(747) ParOldGen: 292263K(349696K)->103430K(349696K)
[2026-03-22T19:50:58.258+0900][8.357s][info][gc,metaspace   ] GC(747) Metaspace: 341K(512K)->341K(512K) NonClass: 323K(384K)->323K(384K) Class: 17K(128K)->17K(128K)
[2026-03-22T19:50:58.258+0900][8.357s][info][gc             ] GC(747) Pause Full (Ergonomics) 398M->101M(455M) 8.264ms
[2026-03-22T19:50:58.258+0900][8.357s][info][gc,cpu         ] GC(747) User=0.00s Sys=0.00s Real=0.01s
[2026-03-22T19:50:58.264+0900][8.364s][info][gc,start       ] GC(748) Pause Young (Allocation Failure)
[2026-03-22T19:50:58.267+0900][8.366s][info][gc,heap        ] GC(748) PSYoungGen: 58504K(116736K)->57632K(116736K) Eden: 58504K(58880K)->0K(58880K) From: 0K(57856K)->57632K(57856K)
[2026-03-22T19:50:58.267+0900][8.367s][info][gc,heap        ] GC(748) ParOldGen: 103430K(349696K)->103430K(349696K)
[2026-03-22T19:50:58.267+0900][8.367s][info][gc,metaspace   ] GC(748) Metaspace: 341K(512K)->341K(512K) NonClass: 323K(384K)->323K(384K) Class: 17K(128K)->17K(128K)
[2026-03-22T19:50:58.267+0900][8.367s][info][gc             ] GC(748) Pause Young (Allocation Failure) 158M->157M(455M) 2.927ms
[2026-03-22T19:50:58.267+0900][8.367s][info][gc,cpu         ] GC(748) User=0.00s Sys=0.00s Real=0.00s
[2026-03-22T19:50:58.274+0900][8.373s][info][gc,start       ] GC(749) Pause Young (Allocation Failure)
[2026-03-22T19:50:58.278+0900][8.377s][info][gc,heap        ] GC(749) PSYoungGen: 116136K(116736K)->57632K(116736K) Eden: 58504K(58880K)->0K(58880K) From: 57632K(57856K)->57632K(57856K)
[2026-03-22T19:50:58.278+0900][8.378s][info][gc,heap        ] GC(749) ParOldGen: 103430K(349696K)->150638K(349696K)
[2026-03-22T19:50:58.278+0900][8.378s][info][gc,metaspace   ] GC(749) Metaspace: 341K(512K)->341K(512K) NonClass: 323K(384K)->323K(384K) Class: 17K(128K)->17K(128K)
[2026-03-22T19:50:58.278+0900][8.378s][info][gc             ] GC(749) Pause Young (Allocation Failure) 214M->203M(455M) 4.636ms
[2026-03-22T19:50:58.278+0900][8.378s][info][gc,cpu         ] GC(749) User=0.12s Sys=0.00s Real=0.00s
[2026-03-22T19:50:58.285+0900][8.384s][info][gc,start       ] GC(750) Pause Young (Allocation Failure)
[2026-03-22T19:50:58.289+0900][8.388s][info][gc,heap        ] GC(750) PSYoungGen: 116136K(116736K)->57632K(116736K) Eden: 58504K(58880K)->0K(58880K) From: 57632K(57856K)->57632K(57856K)
[2026-03-22T19:50:58.289+0900][8.388s][info][gc,heap        ] GC(750) ParOldGen: 150638K(349696K)->197847K(349696K)
[2026-03-22T19:50:58.289+0900][8.388s][info][gc,metaspace   ] GC(750) Metaspace: 341K(512K)->341K(512K) NonClass: 323K(384K)->323K(384K) Class: 17K(128K)->17K(128K)
[2026-03-22T19:50:58.289+0900][8.388s][info][gc             ] GC(750) Pause Young (Allocation Failure) 260M->249M(455M) 4.329ms
[2026-03-22T19:50:58.289+0900][8.388s][info][gc,cpu         ] GC(750) User=0.00s Sys=0.00s Real=0.00s
[2026-03-22T19:50:58.295+0900][8.395s][info][gc,start       ] GC(751) Pause Young (Allocation Failure)
[2026-03-22T19:50:58.300+0900][8.399s][info][gc,heap        ] GC(751) PSYoungGen: 116136K(116736K)->57632K(116736K) Eden: 58504K(58880K)->0K(58880K) From: 57632K(57856K)->57632K(57856K)
[2026-03-22T19:50:58.300+0900][8.399s][info][gc,heap        ] GC(751) ParOldGen: 197847K(349696K)->245055K(349696K)
[2026-03-22T19:50:58.300+0900][8.399s][info][gc,metaspace   ] GC(751) Metaspace: 341K(512K)->341K(512K) NonClass: 323K(384K)->323K(384K) Class: 17K(128K)->17K(128K)
[2026-03-22T19:50:58.300+0900][8.399s][info][gc             ] GC(751) Pause Young (Allocation Failure) 306M->295M(455M) 4.549ms
[2026-03-22T19:50:58.300+0900][8.399s][info][gc,cpu         ] GC(751) User=0.00s Sys=0.00s Real=0.00s
[2026-03-22T19:50:58.307+0900][8.405s][info][gc,start       ] GC(752) Pause Young (Allocation Failure)
[2026-03-22T19:50:58.311+0900][8.410s][info][gc,heap        ] GC(752) PSYoungGen: 116136K(116736K)->57632K(116736K) Eden: 58504K(58880K)->0K(58880K) From: 57632K(57856K)->57632K(57856K)
[2026-03-22T19:50:58.311+0900][8.410s][info][gc,heap        ] GC(752) ParOldGen: 245055K(349696K)->292263K(349696K)
[2026-03-22T19:50:58.311+0900][8.410s][info][gc,metaspace   ] GC(752) Metaspace: 341K(512K)->341K(512K) NonClass: 323K(384K)->323K(384K) Class: 17K(128K)->17K(128K)
[2026-03-22T19:50:58.311+0900][8.410s][info][gc             ] GC(752) Pause Young (Allocation Failure) 352M->341M(455M) 4.629ms
[2026-03-22T19:50:58.311+0900][8.410s][info][gc,cpu         ] GC(752) User=0.00s Sys=0.00s Real=0.00s
[2026-03-22T19:50:58.317+0900][8.416s][info][gc,start       ] GC(753) Pause Full (Ergonomics)
[2026-03-22T19:50:58.318+0900][8.417s][info][gc,phases,start] GC(753) Marking Phase
[2026-03-22T19:50:58.319+0900][8.418s][info][gc,phases      ] GC(753) Marking Phase 1.511ms
[2026-03-22T19:50:58.319+0900][8.418s][info][gc,phases,start] GC(753) Summary Phase
[2026-03-22T19:50:58.319+0900][8.418s][info][gc,phases      ] GC(753) Summary Phase 0.023ms
[2026-03-22T19:50:58.319+0900][8.418s][info][gc,phases,start] GC(753) Adjust Roots
[2026-03-22T19:50:58.319+0900][8.418s][info][gc,phases      ] GC(753) Adjust Roots 0.335ms
[2026-03-22T19:50:58.319+0900][8.419s][info][gc,phases,start] GC(753) Compaction Phase
[2026-03-22T19:50:58.324+0900][8.423s][info][gc,phases      ] GC(753) Compaction Phase 4.753ms
[2026-03-22T19:50:58.324+0900][8.423s][info][gc,phases,start] GC(753) Post Compact
[2026-03-22T19:50:58.325+0900][8.425s][info][gc,phases      ] GC(753) Post Compact 1.613ms
[2026-03-22T19:50:58.325+0900][8.425s][info][gc,heap        ] GC(753) PSYoungGen: 116136K(116736K)->0K(116736K) Eden: 58504K(58880K)->0K(58880K) From: 57632K(57856K)->0K(57856K)
[2026-03-22T19:50:58.325+0900][8.425s][info][gc,heap        ] GC(753) ParOldGen: 292263K(349696K)->103430K(349696K)
[2026-03-22T19:50:58.327+0900][8.425s][info][gc,metaspace   ] GC(753) Metaspace: 341K(512K)->341K(512K) NonClass: 323K(384K)->323K(384K) Class: 17K(128K)->17K(128K)
[2026-03-22T19:50:58.327+0900][8.425s][info][gc             ] GC(753) Pause Full (Ergonomics) 398M->101M(455M) 8.592ms
[2026-03-22T19:50:58.327+0900][8.425s][info][gc,cpu         ] GC(753) User=0.09s Sys=0.02s Real=0.01s
[2026-03-22T19:50:58.333+0900][8.431s][info][gc,start       ] GC(754) Pause Young (Allocation Failure)
[2026-03-22T19:50:58.336+0900][8.434s][info][gc,heap        ] GC(754) PSYoungGen: 58504K(116736K)->57632K(116736K) Eden: 58504K(58880K)->0K(58880K) From: 0K(57856K)->57632K(57856K)
[2026-03-22T19:50:58.336+0900][8.434s][info][gc,heap        ] GC(754) ParOldGen: 103430K(349696K)->103430K(349696K)
[2026-03-22T19:50:58.336+0900][8.434s][info][gc,metaspace   ] GC(754) Metaspace: 341K(512K)->341K(512K) NonClass: 323K(384K)->323K(384K) Class: 17K(128K)->17K(128K)
[2026-03-22T19:50:58.336+0900][8.434s][info][gc             ] GC(754) Pause Young (Allocation Failure) 158M->157M(455M) 2.556ms
[2026-03-22T19:50:58.336+0900][8.434s][info][gc,cpu         ] GC(754) User=0.00s Sys=0.00s Real=0.00s
[2026-03-22T19:50:58.341+0900][8.440s][info][gc,start       ] GC(755) Pause Young (Allocation Failure)
[2026-03-22T19:50:58.345+0900][8.443s][info][gc,heap        ] GC(755) PSYoungGen: 116136K(116736K)->57632K(116736K) Eden: 58504K(58880K)->0K(58880K) From: 57632K(57856K)->57632K(57856K)
[2026-03-22T19:50:58.345+0900][8.444s][info][gc,heap        ] GC(755) ParOldGen: 103430K(349696K)->150638K(349696K)
[2026-03-22T19:50:58.345+0900][8.444s][info][gc,metaspace   ] GC(755) Metaspace: 341K(512K)->341K(512K) NonClass: 323K(384K)->323K(384K) Class: 17K(128K)->17K(128K)
[2026-03-22T19:50:58.345+0900][8.444s][info][gc             ] GC(755) Pause Young (Allocation Failure) 214M->203M(455M) 4.049ms
[2026-03-22T19:50:58.345+0900][8.444s][info][gc,cpu         ] GC(755) User=0.00s Sys=0.00s Real=0.00s
[2026-03-22T19:50:58.351+0900][8.450s][info][gc,start       ] GC(756) Pause Young (Allocation Failure)
[2026-03-22T19:50:58.355+0900][8.454s][info][gc,heap        ] GC(756) PSYoungGen: 116136K(116736K)->57632K(116736K) Eden: 58504K(58880K)->0K(58880K) From: 57632K(57856K)->57632K(57856K)
[2026-03-22T19:50:58.355+0900][8.454s][info][gc,heap        ] GC(756) ParOldGen: 150638K(349696K)->197847K(349696K)
[2026-03-22T19:50:58.355+0900][8.454s][info][gc,metaspace   ] GC(756) Metaspace: 341K(512K)->341K(512K) NonClass: 323K(384K)->323K(384K) Class: 17K(128K)->17K(128K)
[2026-03-22T19:50:58.355+0900][8.454s][info][gc             ] GC(756) Pause Young (Allocation Failure) 260M->249M(455M) 4.144ms
[2026-03-22T19:50:58.355+0900][8.454s][info][gc,cpu         ] GC(756) User=0.12s Sys=0.00s Real=0.00s
[2026-03-22T19:50:58.361+0900][8.460s][info][gc,start       ] GC(757) Pause Young (Allocation Failure)
[2026-03-22T19:50:58.365+0900][8.464s][info][gc,heap        ] GC(757) PSYoungGen: 116136K(116736K)->57632K(116736K) Eden: 58504K(58880K)->0K(58880K) From: 57632K(57856K)->57632K(57856K)
[2026-03-22T19:50:58.365+0900][8.464s][info][gc,heap        ] GC(757) ParOldGen: 197847K(349696K)->245063K(349696K)
[2026-03-22T19:50:58.365+0900][8.464s][info][gc,metaspace   ] GC(757) Metaspace: 341K(512K)->341K(512K) NonClass: 323K(384K)->323K(384K) Class: 17K(128K)->17K(128K)
[2026-03-22T19:50:58.365+0900][8.464s][info][gc             ] GC(757) Pause Young (Allocation Failure) 306M->295M(455M) 4.435ms
[2026-03-22T19:50:58.365+0900][8.464s][info][gc,cpu         ] GC(757) User=0.00s Sys=0.00s Real=0.00s
[2026-03-22T19:50:58.371+0900][8.470s][info][gc,start       ] GC(758) Pause Young (Allocation Failure)
[2026-03-22T19:50:58.375+0900][8.474s][info][gc,heap        ] GC(758) PSYoungGen: 116136K(116736K)->57632K(116736K) Eden: 58504K(58880K)->0K(58880K) From: 57632K(57856K)->57632K(57856K)
[2026-03-22T19:50:58.375+0900][8.474s][info][gc,heap        ] GC(758) ParOldGen: 245063K(349696K)->292271K(349696K)
[2026-03-22T19:50:58.375+0900][8.474s][info][gc,metaspace   ] GC(758) Metaspace: 341K(512K)->341K(512K) NonClass: 323K(384K)->323K(384K) Class: 17K(128K)->17K(128K)
[2026-03-22T19:50:58.375+0900][8.474s][info][gc             ] GC(758) Pause Young (Allocation Failure) 352M->341M(455M) 4.070ms
[2026-03-22T19:50:58.375+0900][8.474s][info][gc,cpu         ] GC(758) User=0.00s Sys=0.00s Real=0.00s
[2026-03-22T19:50:58.380+0900][8.479s][info][gc,start       ] GC(759) Pause Full (Ergonomics)
[2026-03-22T19:50:58.380+0900][8.479s][info][gc,phases,start] GC(759) Marking Phase
[2026-03-22T19:50:58.383+0900][8.481s][info][gc,phases      ] GC(759) Marking Phase 1.558ms
[2026-03-22T19:50:58.383+0900][8.481s][info][gc,phases,start] GC(759) Summary Phase
[2026-03-22T19:50:58.383+0900][8.481s][info][gc,phases      ] GC(759) Summary Phase 0.023ms
[2026-03-22T19:50:58.383+0900][8.481s][info][gc,phases,start] GC(759) Adjust Roots
[2026-03-22T19:50:58.383+0900][8.481s][info][gc,phases      ] GC(759) Adjust Roots 0.216ms
[2026-03-22T19:50:58.383+0900][8.481s][info][gc,phases,start] GC(759) Compaction Phase
[2026-03-22T19:50:58.388+0900][8.486s][info][gc,phases      ] GC(759) Compaction Phase 4.695ms
[2026-03-22T19:50:58.388+0900][8.486s][info][gc,phases,start] GC(759) Post Compact
[2026-03-22T19:50:58.388+0900][8.488s][info][gc,phases      ] GC(759) Post Compact 1.688ms
[2026-03-22T19:50:58.388+0900][8.488s][info][gc,heap        ] GC(759) PSYoungGen: 116136K(116736K)->0K(116736K) Eden: 58504K(58880K)->0K(58880K) From: 57632K(57856K)->0K(57856K)
[2026-03-22T19:50:58.389+0900][8.488s][info][gc,heap        ] GC(759) ParOldGen: 292271K(349696K)->103430K(349696K)
[2026-03-22T19:50:58.389+0900][8.488s][info][gc,metaspace   ] GC(759) Metaspace: 341K(512K)->341K(512K) NonClass: 323K(384K)->323K(384K) Class: 17K(128K)->17K(128K)
[2026-03-22T19:50:58.389+0900][8.488s][info][gc             ] GC(759) Pause Full (Ergonomics) 398M->101M(455M) 8.565ms
[2026-03-22T19:50:58.389+0900][8.488s][info][gc,cpu         ] GC(759) User=0.12s Sys=0.00s Real=0.01s
[2026-03-22T19:50:58.395+0900][8.494s][info][gc,start       ] GC(760) Pause Young (Allocation Failure)
[2026-03-22T19:50:58.398+0900][8.496s][info][gc,heap        ] GC(760) PSYoungGen: 58504K(116736K)->57632K(116736K) Eden: 58504K(58880K)->0K(58880K) From: 0K(57856K)->57632K(57856K)
[2026-03-22T19:50:58.398+0900][8.496s][info][gc,heap        ] GC(760) ParOldGen: 103430K(349696K)->103430K(349696K)
[2026-03-22T19:50:58.398+0900][8.496s][info][gc,metaspace   ] GC(760) Metaspace: 341K(512K)->341K(512K) NonClass: 323K(384K)->323K(384K) Class: 17K(128K)->17K(128K)
[2026-03-22T19:50:58.398+0900][8.496s][info][gc             ] GC(760) Pause Young (Allocation Failure) 158M->157M(455M) 2.612ms
[2026-03-22T19:50:58.398+0900][8.496s][info][gc,cpu         ] GC(760) User=0.00s Sys=0.00s Real=0.00s
[2026-03-22T19:50:58.403+0900][8.502s][info][gc,start       ] GC(761) Pause Young (Allocation Failure)
[2026-03-22T19:50:58.407+0900][8.505s][info][gc,heap        ] GC(761) PSYoungGen: 116136K(116736K)->57632K(116736K) Eden: 58504K(58880K)->0K(58880K) From: 57632K(57856K)->57632K(57856K)
[2026-03-22T19:50:58.407+0900][8.505s][info][gc,heap        ] GC(761) ParOldGen: 103430K(349696K)->150638K(349696K)
[2026-03-22T19:50:58.407+0900][8.506s][info][gc,metaspace   ] GC(761) Metaspace: 341K(512K)->341K(512K) NonClass: 323K(384K)->323K(384K) Class: 17K(128K)->17K(128K)
[2026-03-22T19:50:58.407+0900][8.506s][info][gc             ] GC(761) Pause Young (Allocation Failure) 214M->203M(455M) 4.012ms
[2026-03-22T19:50:58.407+0900][8.506s][info][gc,cpu         ] GC(761) User=0.00s Sys=0.00s Real=0.00s
[2026-03-22T19:50:58.412+0900][8.511s][info][gc,start       ] GC(762) Pause Young (Allocation Failure)
[2026-03-22T19:50:58.416+0900][8.515s][info][gc,heap        ] GC(762) PSYoungGen: 116136K(116736K)->57632K(116736K) Eden: 58504K(58880K)->0K(58880K) From: 57632K(57856K)->57632K(57856K)
[2026-03-22T19:50:58.416+0900][8.515s][info][gc,heap        ] GC(762) ParOldGen: 150638K(349696K)->197847K(349696K)
[2026-03-22T19:50:58.416+0900][8.515s][info][gc,metaspace   ] GC(762) Metaspace: 341K(512K)->341K(512K) NonClass: 323K(384K)->323K(384K) Class: 17K(128K)->17K(128K)
[2026-03-22T19:50:58.416+0900][8.515s][info][gc             ] GC(762) Pause Young (Allocation Failure) 260M->249M(455M) 4.110ms
[2026-03-22T19:50:58.416+0900][8.515s][info][gc,cpu         ] GC(762) User=0.12s Sys=0.00s Real=0.00s
[2026-03-22T19:50:58.423+0900][8.522s][info][gc,start       ] GC(763) Pause Young (Allocation Failure)
[2026-03-22T19:50:58.427+0900][8.526s][info][gc,heap        ] GC(763) PSYoungGen: 116136K(116736K)->57632K(116736K) Eden: 58504K(58880K)->0K(58880K) From: 57632K(57856K)->57632K(57856K)
[2026-03-22T19:50:58.427+0900][8.526s][info][gc,heap        ] GC(763) ParOldGen: 197847K(349696K)->245063K(349696K)
[2026-03-22T19:50:58.427+0900][8.526s][info][gc,metaspace   ] GC(763) Metaspace: 341K(512K)->341K(512K) NonClass: 323K(384K)->323K(384K) Class: 17K(128K)->17K(128K)
[2026-03-22T19:50:58.427+0900][8.526s][info][gc             ] GC(763) Pause Young (Allocation Failure) 306M->295M(455M) 4.113ms
[2026-03-22T19:50:58.427+0900][8.526s][info][gc,cpu         ] GC(763) User=0.00s Sys=0.00s Real=0.00s
[2026-03-22T19:50:58.433+0900][8.531s][info][gc,start       ] GC(764) Pause Young (Allocation Failure)
[2026-03-22T19:50:58.436+0900][8.535s][info][gc,heap        ] GC(764) PSYoungGen: 116136K(116736K)->57632K(116736K) Eden: 58504K(58880K)->0K(58880K) From: 57632K(57856K)->57632K(57856K)
[2026-03-22T19:50:58.436+0900][8.535s][info][gc,heap        ] GC(764) ParOldGen: 245063K(349696K)->292271K(349696K)
[2026-03-22T19:50:58.436+0900][8.535s][info][gc,metaspace   ] GC(764) Metaspace: 341K(512K)->341K(512K) NonClass: 323K(384K)->323K(384K) Class: 17K(128K)->17K(128K)
[2026-03-22T19:50:58.437+0900][8.535s][info][gc             ] GC(764) Pause Young (Allocation Failure) 352M->341M(455M) 3.950ms
[2026-03-22T19:50:58.437+0900][8.535s][info][gc,cpu         ] GC(764) User=0.00s Sys=0.00s Real=0.00s
[2026-03-22T19:50:58.442+0900][8.541s][info][gc,start       ] GC(765) Pause Full (Ergonomics)
[2026-03-22T19:50:58.442+0900][8.541s][info][gc,phases,start] GC(765) Marking Phase
[2026-03-22T19:50:58.443+0900][8.542s][info][gc,phases      ] GC(765) Marking Phase 1.164ms
[2026-03-22T19:50:58.443+0900][8.542s][info][gc,phases,start] GC(765) Summary Phase
[2026-03-22T19:50:58.443+0900][8.542s][info][gc,phases      ] GC(765) Summary Phase 0.015ms
[2026-03-22T19:50:58.443+0900][8.542s][info][gc,phases,start] GC(765) Adjust Roots
[2026-03-22T19:50:58.443+0900][8.542s][info][gc,phases      ] GC(765) Adjust Roots 0.192ms
[2026-03-22T19:50:58.443+0900][8.542s][info][gc,phases,start] GC(765) Compaction Phase
[2026-03-22T19:50:58.448+0900][8.547s][info][gc,phases      ] GC(765) Compaction Phase 5.064ms
[2026-03-22T19:50:58.448+0900][8.547s][info][gc,phases,start] GC(765) Post Compact
[2026-03-22T19:50:58.450+0900][8.549s][info][gc,phases      ] GC(765) Post Compact 1.734ms
[2026-03-22T19:50:58.450+0900][8.549s][info][gc,heap        ] GC(765) PSYoungGen: 116136K(116736K)->0K(116736K) Eden: 58504K(58880K)->0K(58880K) From: 57632K(57856K)->0K(57856K)
[2026-03-22T19:50:58.450+0900][8.549s][info][gc,heap        ] GC(765) ParOldGen: 292271K(349696K)->103195K(349696K)
[2026-03-22T19:50:58.450+0900][8.549s][info][gc,metaspace   ] GC(765) Metaspace: 341K(512K)->341K(512K) NonClass: 323K(384K)->323K(384K) Class: 17K(128K)->17K(128K)
[2026-03-22T19:50:58.450+0900][8.549s][info][gc             ] GC(765) Pause Full (Ergonomics) 398M->100M(455M) 8.590ms
[2026-03-22T19:50:58.450+0900][8.549s][info][gc,cpu         ] GC(765) User=0.12s Sys=0.00s Real=0.01s
[2026-03-22T19:50:58.456+0900][8.555s][info][gc,start       ] GC(766) Pause Young (Allocation Failure)
[2026-03-22T19:50:58.459+0900][8.557s][info][gc,heap        ] GC(766) PSYoungGen: 58504K(116736K)->57632K(116736K) Eden: 58504K(58880K)->0K(58880K) From: 0K(57856K)->57632K(57856K)
[2026-03-22T19:50:58.459+0900][8.557s][info][gc,heap        ] GC(766) ParOldGen: 103195K(349696K)->103195K(349696K)
[2026-03-22T19:50:58.459+0900][8.557s][info][gc,metaspace   ] GC(766) Metaspace: 341K(512K)->341K(512K) NonClass: 323K(384K)->323K(384K) Class: 17K(128K)->17K(128K)
[2026-03-22T19:50:58.459+0900][8.557s][info][gc             ] GC(766) Pause Young (Allocation Failure) 157M->157M(455M) 2.615ms
[2026-03-22T19:50:58.459+0900][8.557s][info][gc,cpu         ] GC(766) User=0.00s Sys=0.00s Real=0.00s
[2026-03-22T19:50:58.465+0900][8.563s][info][gc,start       ] GC(767) Pause Young (Allocation Failure)
[2026-03-22T19:50:58.468+0900][8.567s][info][gc,heap        ] GC(767) PSYoungGen: 116136K(116736K)->57632K(116736K) Eden: 58504K(58880K)->0K(58880K) From: 57632K(57856K)->57632K(57856K)
[2026-03-22T19:50:58.468+0900][8.567s][info][gc,heap        ] GC(767) ParOldGen: 103195K(349696K)->150403K(349696K)
[2026-03-22T19:50:58.468+0900][8.567s][info][gc,metaspace   ] GC(767) Metaspace: 341K(512K)->341K(512K) NonClass: 323K(384K)->323K(384K) Class: 17K(128K)->17K(128K)
[2026-03-22T19:50:58.468+0900][8.567s][info][gc             ] GC(767) Pause Young (Allocation Failure) 214M->203M(455M) 3.827ms
[2026-03-22T19:50:58.468+0900][8.567s][info][gc,cpu         ] GC(767) User=0.00s Sys=0.00s Real=0.00s
[2026-03-22T19:50:58.474+0900][8.573s][info][gc,start       ] GC(768) Pause Young (Allocation Failure)
[2026-03-22T19:50:58.479+0900][8.577s][info][gc,heap        ] GC(768) PSYoungGen: 116136K(116736K)->57632K(116736K) Eden: 58504K(58880K)->0K(58880K) From: 57632K(57856K)->57632K(57856K)
[2026-03-22T19:50:58.479+0900][8.577s][info][gc,heap        ] GC(768) ParOldGen: 150403K(349696K)->197611K(349696K)
[2026-03-22T19:50:58.479+0900][8.577s][info][gc,metaspace   ] GC(768) Metaspace: 341K(512K)->341K(512K) NonClass: 323K(384K)->323K(384K) Class: 17K(128K)->17K(128K)
[2026-03-22T19:50:58.479+0900][8.577s][info][gc             ] GC(768) Pause Young (Allocation Failure) 260M->249M(455M) 4.398ms
[2026-03-22T19:50:58.479+0900][8.577s][info][gc,cpu         ] GC(768) User=0.02s Sys=0.00s Real=0.01s
[2026-03-22T19:50:58.485+0900][8.584s][info][gc,start       ] GC(769) Pause Young (Allocation Failure)
[2026-03-22T19:50:58.489+0900][8.589s][info][gc,heap        ] GC(769) PSYoungGen: 116136K(116736K)->57632K(116736K) Eden: 58504K(58880K)->0K(58880K) From: 57632K(57856K)->57632K(57856K)
[2026-03-22T19:50:58.489+0900][8.589s][info][gc,heap        ] GC(769) ParOldGen: 197611K(349696K)->244820K(349696K)
[2026-03-22T19:50:58.489+0900][8.589s][info][gc,metaspace   ] GC(769) Metaspace: 341K(512K)->341K(512K) NonClass: 323K(384K)->323K(384K) Class: 17K(128K)->17K(128K)
[2026-03-22T19:50:58.489+0900][8.589s][info][gc             ] GC(769) Pause Young (Allocation Failure) 306M->295M(455M) 4.206ms
[2026-03-22T19:50:58.489+0900][8.589s][info][gc,cpu         ] GC(769) User=0.00s Sys=0.00s Real=0.00s
[2026-03-22T19:50:58.496+0900][8.594s][info][gc,start       ] GC(770) Pause Young (Allocation Failure)
[2026-03-22T19:50:58.500+0900][8.598s][info][gc,heap        ] GC(770) PSYoungGen: 116136K(116736K)->57632K(116736K) Eden: 58504K(58880K)->0K(58880K) From: 57632K(57856K)->57632K(57856K)
[2026-03-22T19:50:58.500+0900][8.599s][info][gc,heap        ] GC(770) ParOldGen: 244820K(349696K)->292028K(349696K)
[2026-03-22T19:50:58.500+0900][8.599s][info][gc,metaspace   ] GC(770) Metaspace: 341K(512K)->341K(512K) NonClass: 323K(384K)->323K(384K) Class: 17K(128K)->17K(128K)
[2026-03-22T19:50:58.500+0900][8.599s][info][gc             ] GC(770) Pause Young (Allocation Failure) 352M->341M(455M) 4.267ms
[2026-03-22T19:50:58.500+0900][8.599s][info][gc,cpu         ] GC(770) User=0.00s Sys=0.00s Real=0.00s
[2026-03-22T19:50:58.506+0900][8.604s][info][gc,start       ] GC(771) Pause Full (Ergonomics)
[2026-03-22T19:50:58.506+0900][8.604s][info][gc,phases,start] GC(771) Marking Phase
[2026-03-22T19:50:58.508+0900][8.606s][info][gc,phases      ] GC(771) Marking Phase 1.690ms
[2026-03-22T19:50:58.508+0900][8.606s][info][gc,phases,start] GC(771) Summary Phase
[2026-03-22T19:50:58.508+0900][8.606s][info][gc,phases      ] GC(771) Summary Phase 0.022ms
[2026-03-22T19:50:58.508+0900][8.606s][info][gc,phases,start] GC(771) Adjust Roots
[2026-03-22T19:50:58.508+0900][8.606s][info][gc,phases      ] GC(771) Adjust Roots 0.238ms
[2026-03-22T19:50:58.508+0900][8.606s][info][gc,phases,start] GC(771) Compaction Phase
[2026-03-22T19:50:58.512+0900][8.611s][info][gc,phases      ] GC(771) Compaction Phase 4.850ms
[2026-03-22T19:50:58.512+0900][8.611s][info][gc,phases,start] GC(771) Post Compact
[2026-03-22T19:50:58.514+0900][8.613s][info][gc,phases      ] GC(771) Post Compact 1.304ms
[2026-03-22T19:50:58.514+0900][8.613s][info][gc,heap        ] GC(771) PSYoungGen: 116136K(116736K)->0K(116736K) Eden: 58504K(58880K)->0K(58880K) From: 57632K(57856K)->0K(57856K)
[2026-03-22T19:50:58.514+0900][8.613s][info][gc,heap        ] GC(771) ParOldGen: 292028K(349696K)->103430K(349696K)
[2026-03-22T19:50:58.514+0900][8.613s][info][gc,metaspace   ] GC(771) Metaspace: 341K(512K)->341K(512K) NonClass: 323K(384K)->323K(384K) Class: 17K(128K)->17K(128K)
[2026-03-22T19:50:58.514+0900][8.613s][info][gc             ] GC(771) Pause Full (Ergonomics) 398M->101M(455M) 8.382ms
[2026-03-22T19:50:58.514+0900][8.613s][info][gc,cpu         ] GC(771) User=0.12s Sys=0.00s Real=0.01s
[2026-03-22T19:50:58.521+0900][8.619s][info][gc,start       ] GC(772) Pause Young (Allocation Failure)
[2026-03-22T19:50:58.523+0900][8.622s][info][gc,heap        ] GC(772) PSYoungGen: 58504K(116736K)->57632K(116736K) Eden: 58504K(58880K)->0K(58880K) From: 0K(57856K)->57632K(57856K)
[2026-03-22T19:50:58.523+0900][8.622s][info][gc,heap        ] GC(772) ParOldGen: 103430K(349696K)->103430K(349696K)
[2026-03-22T19:50:58.523+0900][8.622s][info][gc,metaspace   ] GC(772) Metaspace: 341K(512K)->341K(512K) NonClass: 323K(384K)->323K(384K) Class: 17K(128K)->17K(128K)
[2026-03-22T19:50:58.523+0900][8.622s][info][gc             ] GC(772) Pause Young (Allocation Failure) 158M->157M(455M) 2.608ms
[2026-03-22T19:50:58.523+0900][8.622s][info][gc,cpu         ] GC(772) User=0.00s Sys=0.00s Real=0.00s
[2026-03-22T19:50:58.529+0900][8.628s][info][gc,start       ] GC(773) Pause Young (Allocation Failure)
[2026-03-22T19:50:58.532+0900][8.631s][info][gc,heap        ] GC(773) PSYoungGen: 116136K(116736K)->57632K(116736K) Eden: 58504K(58880K)->0K(58880K) From: 57632K(57856K)->57632K(57856K)
[2026-03-22T19:50:58.533+0900][8.632s][info][gc,heap        ] GC(773) ParOldGen: 103430K(349696K)->150638K(349696K)
[2026-03-22T19:50:58.533+0900][8.632s][info][gc,metaspace   ] GC(773) Metaspace: 341K(512K)->341K(512K) NonClass: 323K(384K)->323K(384K) Class: 17K(128K)->17K(128K)
[2026-03-22T19:50:58.533+0900][8.632s][info][gc             ] GC(773) Pause Young (Allocation Failure) 214M->203M(455M) 4.307ms
[2026-03-22T19:50:58.533+0900][8.632s][info][gc,cpu         ] GC(773) User=0.00s Sys=0.00s Real=0.00s
[2026-03-22T19:50:58.540+0900][8.639s][info][gc,start       ] GC(774) Pause Young (Allocation Failure)
[2026-03-22T19:50:58.543+0900][8.643s][info][gc,heap        ] GC(774) PSYoungGen: 116136K(116736K)->57632K(116736K) Eden: 58504K(58880K)->0K(58880K) From: 57632K(57856K)->57632K(57856K)
[2026-03-22T19:50:58.545+0900][8.643s][info][gc,heap        ] GC(774) ParOldGen: 150638K(349696K)->197847K(349696K)
[2026-03-22T19:50:58.545+0900][8.643s][info][gc,metaspace   ] GC(774) Metaspace: 341K(512K)->341K(512K) NonClass: 323K(384K)->323K(384K) Class: 17K(128K)->17K(128K)
[2026-03-22T19:50:58.545+0900][8.643s][info][gc             ] GC(774) Pause Young (Allocation Failure) 260M->249M(455M) 4.059ms
[2026-03-22T19:50:58.545+0900][8.643s][info][gc,cpu         ] GC(774) User=0.12s Sys=0.00s Real=0.01s
[2026-03-22T19:50:58.550+0900][8.649s][info][gc,start       ] GC(775) Pause Young (Allocation Failure)
[2026-03-22T19:50:58.555+0900][8.653s][info][gc,heap        ] GC(775) PSYoungGen: 116136K(116736K)->57632K(116736K) Eden: 58504K(58880K)->0K(58880K) From: 57632K(57856K)->57632K(57856K)
[2026-03-22T19:50:58.555+0900][8.653s][info][gc,heap        ] GC(775) ParOldGen: 197847K(349696K)->245055K(349696K)
[2026-03-22T19:50:58.555+0900][8.653s][info][gc,metaspace   ] GC(775) Metaspace: 341K(512K)->341K(512K) NonClass: 323K(384K)->323K(384K) Class: 17K(128K)->17K(128K)
[2026-03-22T19:50:58.555+0900][8.653s][info][gc             ] GC(775) Pause Young (Allocation Failure) 306M->295M(455M) 4.075ms
[2026-03-22T19:50:58.555+0900][8.653s][info][gc,cpu         ] GC(775) User=0.00s Sys=0.00s Real=0.01s
[2026-03-22T19:50:58.560+0900][8.658s][info][gc,start       ] GC(776) Pause Young (Allocation Failure)
[2026-03-22T19:50:58.564+0900][8.663s][info][gc,heap        ] GC(776) PSYoungGen: 116136K(116736K)->57632K(116736K) Eden: 58504K(58880K)->0K(58880K) From: 57632K(57856K)->57632K(57856K)
[2026-03-22T19:50:58.564+0900][8.663s][info][gc,heap        ] GC(776) ParOldGen: 245055K(349696K)->292263K(349696K)
[2026-03-22T19:50:58.564+0900][8.663s][info][gc,metaspace   ] GC(776) Metaspace: 341K(512K)->341K(512K) NonClass: 323K(384K)->323K(384K) Class: 17K(128K)->17K(128K)
[2026-03-22T19:50:58.564+0900][8.663s][info][gc             ] GC(776) Pause Young (Allocation Failure) 352M->341M(455M) 4.205ms
[2026-03-22T19:50:58.564+0900][8.663s][info][gc,cpu         ] GC(776) User=0.00s Sys=0.00s Real=0.00s
[2026-03-22T19:50:58.569+0900][8.668s][info][gc,start       ] GC(777) Pause Full (Ergonomics)
[2026-03-22T19:50:58.569+0900][8.668s][info][gc,phases,start] GC(777) Marking Phase
[2026-03-22T19:50:58.571+0900][8.670s][info][gc,phases      ] GC(777) Marking Phase 1.620ms
[2026-03-22T19:50:58.571+0900][8.670s][info][gc,phases,start] GC(777) Summary Phase
[2026-03-22T19:50:58.571+0900][8.670s][info][gc,phases      ] GC(777) Summary Phase 0.017ms
[2026-03-22T19:50:58.571+0900][8.670s][info][gc,phases,start] GC(777) Adjust Roots
[2026-03-22T19:50:58.571+0900][8.670s][info][gc,phases      ] GC(777) Adjust Roots 0.271ms
[2026-03-22T19:50:58.571+0900][8.670s][info][gc,phases,start] GC(777) Compaction Phase
[2026-03-22T19:50:58.577+0900][8.675s][info][gc,phases      ] GC(777) Compaction Phase 4.802ms
[2026-03-22T19:50:58.577+0900][8.675s][info][gc,phases,start] GC(777) Post Compact
[2026-03-22T19:50:58.579+0900][8.677s][info][gc,phases      ] GC(777) Post Compact 1.722ms
[2026-03-22T19:50:58.579+0900][8.677s][info][gc,heap        ] GC(777) PSYoungGen: 116136K(116736K)->0K(116736K) Eden: 58504K(58880K)->0K(58880K) From: 57632K(57856K)->0K(57856K)
[2026-03-22T19:50:58.579+0900][8.677s][info][gc,heap        ] GC(777) ParOldGen: 292263K(349696K)->103430K(349696K)
[2026-03-22T19:50:58.579+0900][8.677s][info][gc,metaspace   ] GC(777) Metaspace: 341K(512K)->341K(512K) NonClass: 323K(384K)->323K(384K) Class: 17K(128K)->17K(128K)
[2026-03-22T19:50:58.579+0900][8.677s][info][gc             ] GC(777) Pause Full (Ergonomics) 398M->101M(455M) 8.838ms
[2026-03-22T19:50:58.579+0900][8.677s][info][gc,cpu         ] GC(777) User=0.02s Sys=0.00s Real=0.01s
[2026-03-22T19:50:58.586+0900][8.684s][info][gc,start       ] GC(778) Pause Young (Allocation Failure)
[2026-03-22T19:50:58.588+0900][8.687s][info][gc,heap        ] GC(778) PSYoungGen: 58504K(116736K)->57632K(116736K) Eden: 58504K(58880K)->0K(58880K) From: 0K(57856K)->57632K(57856K)
[2026-03-22T19:50:58.589+0900][8.687s][info][gc,heap        ] GC(778) ParOldGen: 103430K(349696K)->103430K(349696K)
[2026-03-22T19:50:58.589+0900][8.687s][info][gc,metaspace   ] GC(778) Metaspace: 341K(512K)->341K(512K) NonClass: 323K(384K)->323K(384K) Class: 17K(128K)->17K(128K)
[2026-03-22T19:50:58.589+0900][8.687s][info][gc             ] GC(778) Pause Young (Allocation Failure) 158M->157M(455M) 2.815ms
[2026-03-22T19:50:58.589+0900][8.687s][info][gc,cpu         ] GC(778) User=0.08s Sys=0.00s Real=0.00s
[2026-03-22T19:50:58.594+0900][8.693s][info][gc,start       ] GC(779) Pause Young (Allocation Failure)
[2026-03-22T19:50:58.598+0900][8.697s][info][gc,heap        ] GC(779) PSYoungGen: 116136K(116736K)->57632K(116736K) Eden: 58504K(58880K)->0K(58880K) From: 57632K(57856K)->57632K(57856K)
[2026-03-22T19:50:58.598+0900][8.697s][info][gc,heap        ] GC(779) ParOldGen: 103430K(349696K)->150638K(349696K)
[2026-03-22T19:50:58.598+0900][8.697s][info][gc,metaspace   ] GC(779) Metaspace: 341K(512K)->341K(512K) NonClass: 323K(384K)->323K(384K) Class: 17K(128K)->17K(128K)
[2026-03-22T19:50:58.598+0900][8.697s][info][gc             ] GC(779) Pause Young (Allocation Failure) 214M->203M(455M) 4.245ms
[2026-03-22T19:50:58.598+0900][8.697s][info][gc,cpu         ] GC(779) User=0.00s Sys=0.00s Real=0.00s
[2026-03-22T19:50:58.604+0900][8.703s][info][gc,start       ] GC(780) Pause Young (Allocation Failure)
[2026-03-22T19:50:58.608+0900][8.707s][info][gc,heap        ] GC(780) PSYoungGen: 116136K(116736K)->57600K(116736K) Eden: 58504K(58880K)->0K(58880K) From: 57632K(57856K)->57600K(57856K)
[2026-03-22T19:50:58.608+0900][8.707s][info][gc,heap        ] GC(780) ParOldGen: 150638K(349696K)->197839K(349696K)
[2026-03-22T19:50:58.608+0900][8.707s][info][gc,metaspace   ] GC(780) Metaspace: 341K(512K)->341K(512K) NonClass: 323K(384K)->323K(384K) Class: 17K(128K)->17K(128K)
[2026-03-22T19:50:58.608+0900][8.707s][info][gc             ] GC(780) Pause Young (Allocation Failure) 260M->249M(455M) 4.461ms
[2026-03-22T19:50:58.608+0900][8.707s][info][gc,cpu         ] GC(780) User=0.00s Sys=0.00s Real=0.00s
[2026-03-22T19:50:58.615+0900][8.714s][info][gc,start       ] GC(781) Pause Young (Allocation Failure)
[2026-03-22T19:50:58.620+0900][8.718s][info][gc,heap        ] GC(781) PSYoungGen: 116104K(116736K)->57600K(116736K) Eden: 58504K(58880K)->0K(58880K) From: 57600K(57856K)->57600K(57856K)
[2026-03-22T19:50:58.620+0900][8.718s][info][gc,heap        ] GC(781) ParOldGen: 197839K(349696K)->245047K(349696K)
[2026-03-22T19:50:58.620+0900][8.718s][info][gc,metaspace   ] GC(781) Metaspace: 341K(512K)->341K(512K) NonClass: 323K(384K)->323K(384K) Class: 17K(128K)->17K(128K)
[2026-03-22T19:50:58.620+0900][8.718s][info][gc             ] GC(781) Pause Young (Allocation Failure) 306M->295M(455M) 4.540ms
[2026-03-22T19:50:58.620+0900][8.718s][info][gc,cpu         ] GC(781) User=0.05s Sys=0.00s Real=0.00s
[2026-03-22T19:50:58.626+0900][8.725s][info][gc,start       ] GC(782) Pause Young (Allocation Failure)
[2026-03-22T19:50:58.630+0900][8.729s][info][gc,heap        ] GC(782) PSYoungGen: 116104K(116736K)->57632K(116736K) Eden: 58504K(58880K)->0K(58880K) From: 57600K(57856K)->57632K(57856K)
[2026-03-22T19:50:58.630+0900][8.729s][info][gc,heap        ] GC(782) ParOldGen: 245047K(349696K)->292255K(349696K)
[2026-03-22T19:50:58.630+0900][8.729s][info][gc,metaspace   ] GC(782) Metaspace: 341K(512K)->341K(512K) NonClass: 323K(384K)->323K(384K) Class: 17K(128K)->17K(128K)
[2026-03-22T19:50:58.630+0900][8.729s][info][gc             ] GC(782) Pause Young (Allocation Failure) 352M->341M(455M) 4.326ms
[2026-03-22T19:50:58.630+0900][8.729s][info][gc,cpu         ] GC(782) User=0.00s Sys=0.00s Real=0.00s
[2026-03-22T19:50:58.636+0900][8.735s][info][gc,start       ] GC(783) Pause Full (Ergonomics)
[2026-03-22T19:50:58.636+0900][8.735s][info][gc,phases,start] GC(783) Marking Phase
[2026-03-22T19:50:58.638+0900][8.737s][info][gc,phases      ] GC(783) Marking Phase 1.943ms
[2026-03-22T19:50:58.638+0900][8.737s][info][gc,phases,start] GC(783) Summary Phase
[2026-03-22T19:50:58.639+0900][8.737s][info][gc,phases      ] GC(783) Summary Phase 0.029ms
[2026-03-22T19:50:58.639+0900][8.737s][info][gc,phases,start] GC(783) Adjust Roots
[2026-03-22T19:50:58.639+0900][8.737s][info][gc,phases      ] GC(783) Adjust Roots 0.243ms
[2026-03-22T19:50:58.639+0900][8.737s][info][gc,phases,start] GC(783) Compaction Phase
[2026-03-22T19:50:58.644+0900][8.742s][info][gc,phases      ] GC(783) Compaction Phase 4.856ms
[2026-03-22T19:50:58.644+0900][8.742s][info][gc,phases,start] GC(783) Post Compact
[2026-03-22T19:50:58.645+0900][8.744s][info][gc,phases      ] GC(783) Post Compact 1.420ms
[2026-03-22T19:50:58.645+0900][8.744s][info][gc,heap        ] GC(783) PSYoungGen: 116136K(116736K)->0K(116736K) Eden: 58504K(58880K)->0K(58880K) From: 57632K(57856K)->0K(57856K)
[2026-03-22T19:50:58.645+0900][8.744s][info][gc,heap        ] GC(783) ParOldGen: 292255K(349696K)->103430K(349696K)
[2026-03-22T19:50:58.645+0900][8.744s][info][gc,metaspace   ] GC(783) Metaspace: 341K(512K)->341K(512K) NonClass: 323K(384K)->323K(384K) Class: 17K(128K)->17K(128K)
[2026-03-22T19:50:58.645+0900][8.744s][info][gc             ] GC(783) Pause Full (Ergonomics) 398M->101M(455M) 8.818ms
[2026-03-22T19:50:58.645+0900][8.744s][info][gc,cpu         ] GC(783) User=0.00s Sys=0.00s Real=0.01s
[2026-03-22T19:50:58.652+0900][8.751s][info][gc,start       ] GC(784) Pause Young (Allocation Failure)
[2026-03-22T19:50:58.655+0900][8.753s][info][gc,heap        ] GC(784) PSYoungGen: 58504K(116736K)->57632K(116736K) Eden: 58504K(58880K)->0K(58880K) From: 0K(57856K)->57632K(57856K)
[2026-03-22T19:50:58.655+0900][8.754s][info][gc,heap        ] GC(784) ParOldGen: 103430K(349696K)->103430K(349696K)
[2026-03-22T19:50:58.655+0900][8.754s][info][gc,metaspace   ] GC(784) Metaspace: 341K(512K)->341K(512K) NonClass: 323K(384K)->323K(384K) Class: 17K(128K)->17K(128K)
[2026-03-22T19:50:58.655+0900][8.754s][info][gc             ] GC(784) Pause Young (Allocation Failure) 158M->157M(455M) 2.767ms
[2026-03-22T19:50:58.655+0900][8.754s][info][gc,cpu         ] GC(784) User=0.00s Sys=0.00s Real=0.00s
[2026-03-22T19:50:58.661+0900][8.760s][info][gc,start       ] GC(785) Pause Young (Allocation Failure)
[2026-03-22T19:50:58.665+0900][8.764s][info][gc,heap        ] GC(785) PSYoungGen: 116136K(116736K)->57632K(116736K) Eden: 58504K(58880K)->0K(58880K) From: 57632K(57856K)->57632K(57856K)
[2026-03-22T19:50:58.665+0900][8.764s][info][gc,heap        ] GC(785) ParOldGen: 103430K(349696K)->150638K(349696K)
[2026-03-22T19:50:58.665+0900][8.764s][info][gc,metaspace   ] GC(785) Metaspace: 341K(512K)->341K(512K) NonClass: 323K(384K)->323K(384K) Class: 17K(128K)->17K(128K)
[2026-03-22T19:50:58.665+0900][8.764s][info][gc             ] GC(785) Pause Young (Allocation Failure) 214M->203M(455M) 4.330ms
[2026-03-22T19:50:58.665+0900][8.764s][info][gc,cpu         ] GC(785) User=0.00s Sys=0.00s Real=0.00s
[2026-03-22T19:50:58.671+0900][8.770s][info][gc,start       ] GC(786) Pause Young (Allocation Failure)
[2026-03-22T19:50:58.675+0900][8.774s][info][gc,heap        ] GC(786) PSYoungGen: 116136K(116736K)->57632K(116736K) Eden: 58504K(58880K)->0K(58880K) From: 57632K(57856K)->57632K(57856K)
[2026-03-22T19:50:58.675+0900][8.774s][info][gc,heap        ] GC(786) ParOldGen: 150638K(349696K)->197847K(349696K)
[2026-03-22T19:50:58.675+0900][8.774s][info][gc,metaspace   ] GC(786) Metaspace: 341K(512K)->341K(512K) NonClass: 323K(384K)->323K(384K) Class: 17K(128K)->17K(128K)
[2026-03-22T19:50:58.675+0900][8.774s][info][gc             ] GC(786) Pause Young (Allocation Failure) 260M->249M(455M) 4.072ms
[2026-03-22T19:50:58.675+0900][8.774s][info][gc,cpu         ] GC(786) User=0.00s Sys=0.00s Real=0.00s
[2026-03-22T19:50:58.681+0900][8.780s][info][gc,start       ] GC(787) Pause Young (Allocation Failure)
[2026-03-22T19:50:58.686+0900][8.785s][info][gc,heap        ] GC(787) PSYoungGen: 116136K(116736K)->57600K(116736K) Eden: 58504K(58880K)->0K(58880K) From: 57632K(57856K)->57600K(57856K)
[2026-03-22T19:50:58.686+0900][8.785s][info][gc,heap        ] GC(787) ParOldGen: 197847K(349696K)->245055K(349696K)
[2026-03-22T19:50:58.686+0900][8.785s][info][gc,metaspace   ] GC(787) Metaspace: 341K(512K)->341K(512K) NonClass: 323K(384K)->323K(384K) Class: 17K(128K)->17K(128K)
[2026-03-22T19:50:58.686+0900][8.785s][info][gc             ] GC(787) Pause Young (Allocation Failure) 306M->295M(455M) 4.785ms
[2026-03-22T19:50:58.686+0900][8.785s][info][gc,cpu         ] GC(787) User=0.00s Sys=0.00s Real=0.01s
[2026-03-22T19:50:58.692+0900][8.791s][info][gc,start       ] GC(788) Pause Young (Allocation Failure)
[2026-03-22T19:50:58.697+0900][8.795s][info][gc,heap        ] GC(788) PSYoungGen: 116104K(116736K)->57600K(116736K) Eden: 58504K(58880K)->0K(58880K) From: 57600K(57856K)->57600K(57856K)
[2026-03-22T19:50:58.697+0900][8.795s][info][gc,heap        ] GC(788) ParOldGen: 245055K(349696K)->292255K(349696K)
[2026-03-22T19:50:58.697+0900][8.795s][info][gc,metaspace   ] GC(788) Metaspace: 341K(512K)->341K(512K) NonClass: 323K(384K)->323K(384K) Class: 17K(128K)->17K(128K)
[2026-03-22T19:50:58.697+0900][8.795s][info][gc             ] GC(788) Pause Young (Allocation Failure) 352M->341M(455M) 4.638ms
[2026-03-22T19:50:58.697+0900][8.795s][info][gc,cpu         ] GC(788) User=0.00s Sys=0.00s Real=0.01s
[2026-03-22T19:50:58.702+0900][8.801s][info][gc,start       ] GC(789) Pause Full (Ergonomics)
[2026-03-22T19:50:58.702+0900][8.801s][info][gc,phases,start] GC(789) Marking Phase
[2026-03-22T19:50:58.704+0900][8.802s][info][gc,phases      ] GC(789) Marking Phase 1.536ms
[2026-03-22T19:50:58.704+0900][8.802s][info][gc,phases,start] GC(789) Summary Phase
[2026-03-22T19:50:58.704+0900][8.802s][info][gc,phases      ] GC(789) Summary Phase 0.023ms
[2026-03-22T19:50:58.704+0900][8.802s][info][gc,phases,start] GC(789) Adjust Roots
[2026-03-22T19:50:58.704+0900][8.803s][info][gc,phases      ] GC(789) Adjust Roots 0.262ms
[2026-03-22T19:50:58.704+0900][8.803s][info][gc,phases,start] GC(789) Compaction Phase
[2026-03-22T19:50:58.709+0900][8.808s][info][gc,phases      ] GC(789) Compaction Phase 5.004ms
[2026-03-22T19:50:58.709+0900][8.808s][info][gc,phases,start] GC(789) Post Compact
[2026-03-22T19:50:58.711+0900][8.809s][info][gc,phases      ] GC(789) Post Compact 1.581ms
[2026-03-22T19:50:58.711+0900][8.810s][info][gc,heap        ] GC(789) PSYoungGen: 116104K(116736K)->0K(116736K) Eden: 58504K(58880K)->0K(58880K) From: 57600K(57856K)->0K(57856K)
[2026-03-22T19:50:58.711+0900][8.810s][info][gc,heap        ] GC(789) ParOldGen: 292255K(349696K)->103430K(349696K)
[2026-03-22T19:50:58.711+0900][8.810s][info][gc,metaspace   ] GC(789) Metaspace: 341K(512K)->341K(512K) NonClass: 323K(384K)->323K(384K) Class: 17K(128K)->17K(128K)
[2026-03-22T19:50:58.711+0900][8.810s][info][gc             ] GC(789) Pause Full (Ergonomics) 398M->101M(455M) 8.826ms
[2026-03-22T19:50:58.711+0900][8.810s][info][gc,cpu         ] GC(789) User=0.00s Sys=0.00s Real=0.01s
[2026-03-22T19:50:58.717+0900][8.816s][info][gc,start       ] GC(790) Pause Young (Allocation Failure)
[2026-03-22T19:50:58.720+0900][8.818s][info][gc,heap        ] GC(790) PSYoungGen: 58504K(116736K)->57632K(116736K) Eden: 58504K(58880K)->0K(58880K) From: 0K(57856K)->57632K(57856K)
[2026-03-22T19:50:58.720+0900][8.818s][info][gc,heap        ] GC(790) ParOldGen: 103430K(349696K)->103430K(349696K)
[2026-03-22T19:50:58.720+0900][8.818s][info][gc,metaspace   ] GC(790) Metaspace: 341K(512K)->341K(512K) NonClass: 323K(384K)->323K(384K) Class: 17K(128K)->17K(128K)
[2026-03-22T19:50:58.720+0900][8.818s][info][gc             ] GC(790) Pause Young (Allocation Failure) 158M->157M(455M) 2.679ms
[2026-03-22T19:50:58.720+0900][8.818s][info][gc,cpu         ] GC(790) User=0.00s Sys=0.00s Real=0.00s
[2026-03-22T19:50:58.726+0900][8.825s][info][gc,start       ] GC(791) Pause Young (Allocation Failure)
[2026-03-22T19:50:58.730+0900][8.829s][info][gc,heap        ] GC(791) PSYoungGen: 116136K(116736K)->57632K(116736K) Eden: 58504K(58880K)->0K(58880K) From: 57632K(57856K)->57632K(57856K)
[2026-03-22T19:50:58.730+0900][8.829s][info][gc,heap        ] GC(791) ParOldGen: 103430K(349696K)->150638K(349696K)
[2026-03-22T19:50:58.730+0900][8.829s][info][gc,metaspace   ] GC(791) Metaspace: 341K(512K)->341K(512K) NonClass: 323K(384K)->323K(384K) Class: 17K(128K)->17K(128K)
[2026-03-22T19:50:58.730+0900][8.829s][info][gc             ] GC(791) Pause Young (Allocation Failure) 214M->203M(455M) 4.241ms
[2026-03-22T19:50:58.730+0900][8.829s][info][gc,cpu         ] GC(791) User=0.12s Sys=0.00s Real=0.00s
[2026-03-22T19:50:58.737+0900][8.836s][info][gc,start       ] GC(792) Pause Young (Allocation Failure)
[2026-03-22T19:50:58.742+0900][8.840s][info][gc,heap        ] GC(792) PSYoungGen: 116136K(116736K)->57632K(116736K) Eden: 58504K(58880K)->0K(58880K) From: 57632K(57856K)->57632K(57856K)
[2026-03-22T19:50:58.742+0900][8.841s][info][gc,heap        ] GC(792) ParOldGen: 150638K(349696K)->197847K(349696K)
[2026-03-22T19:50:58.742+0900][8.841s][info][gc,metaspace   ] GC(792) Metaspace: 341K(512K)->341K(512K) NonClass: 323K(384K)->323K(384K) Class: 17K(128K)->17K(128K)
[2026-03-22T19:50:58.742+0900][8.841s][info][gc             ] GC(792) Pause Young (Allocation Failure) 260M->249M(455M) 4.612ms
[2026-03-22T19:50:58.742+0900][8.841s][info][gc,cpu         ] GC(792) User=0.00s Sys=0.00s Real=0.01s
[2026-03-22T19:50:58.748+0900][8.847s][info][gc,start       ] GC(793) Pause Young (Allocation Failure)
[2026-03-22T19:50:58.752+0900][8.851s][info][gc,heap        ] GC(793) PSYoungGen: 116136K(116736K)->57632K(116736K) Eden: 58504K(58880K)->0K(58880K) From: 57632K(57856K)->57632K(57856K)
[2026-03-22T19:50:58.752+0900][8.851s][info][gc,heap        ] GC(793) ParOldGen: 197847K(349696K)->245063K(349696K)
[2026-03-22T19:50:58.752+0900][8.851s][info][gc,metaspace   ] GC(793) Metaspace: 341K(512K)->341K(512K) NonClass: 323K(384K)->323K(384K) Class: 17K(128K)->17K(128K)
[2026-03-22T19:50:58.752+0900][8.851s][info][gc             ] GC(793) Pause Young (Allocation Failure) 306M->295M(455M) 4.187ms
[2026-03-22T19:50:58.752+0900][8.851s][info][gc,cpu         ] GC(793) User=0.00s Sys=0.00s Real=0.00s
[2026-03-22T19:50:58.758+0900][8.857s][info][gc,start       ] GC(794) Pause Young (Allocation Failure)
[2026-03-22T19:50:58.762+0900][8.861s][info][gc,heap        ] GC(794) PSYoungGen: 116136K(116736K)->57632K(116736K) Eden: 58504K(58880K)->0K(58880K) From: 57632K(57856K)->57632K(57856K)
[2026-03-22T19:50:58.762+0900][8.861s][info][gc,heap        ] GC(794) ParOldGen: 245063K(349696K)->292271K(349696K)
[2026-03-22T19:50:58.762+0900][8.861s][info][gc,metaspace   ] GC(794) Metaspace: 341K(512K)->341K(512K) NonClass: 323K(384K)->323K(384K) Class: 17K(128K)->17K(128K)
[2026-03-22T19:50:58.762+0900][8.861s][info][gc             ] GC(794) Pause Young (Allocation Failure) 352M->341M(455M) 4.283ms
[2026-03-22T19:50:58.762+0900][8.861s][info][gc,cpu         ] GC(794) User=0.12s Sys=0.00s Real=0.00s
[2026-03-22T19:50:58.769+0900][8.868s][info][gc,start       ] GC(795) Pause Full (Ergonomics)
[2026-03-22T19:50:58.769+0900][8.868s][info][gc,phases,start] GC(795) Marking Phase
[2026-03-22T19:50:58.771+0900][8.870s][info][gc,phases      ] GC(795) Marking Phase 1.582ms
[2026-03-22T19:50:58.771+0900][8.870s][info][gc,phases,start] GC(795) Summary Phase
[2026-03-22T19:50:58.771+0900][8.870s][info][gc,phases      ] GC(795) Summary Phase 0.033ms
[2026-03-22T19:50:58.771+0900][8.870s][info][gc,phases,start] GC(795) Adjust Roots
[2026-03-22T19:50:58.771+0900][8.870s][info][gc,phases      ] GC(795) Adjust Roots 0.227ms
[2026-03-22T19:50:58.771+0900][8.870s][info][gc,phases,start] GC(795) Compaction Phase
[2026-03-22T19:50:58.776+0900][8.875s][info][gc,phases      ] GC(795) Compaction Phase 5.046ms
[2026-03-22T19:50:58.776+0900][8.875s][info][gc,phases,start] GC(795) Post Compact
[2026-03-22T19:50:58.778+0900][8.877s][info][gc,phases      ] GC(795) Post Compact 1.603ms
[2026-03-22T19:50:58.778+0900][8.877s][info][gc,heap        ] GC(795) PSYoungGen: 116136K(116736K)->0K(116736K) Eden: 58504K(58880K)->0K(58880K) From: 57632K(57856K)->0K(57856K)
[2026-03-22T19:50:58.778+0900][8.877s][info][gc,heap        ] GC(795) ParOldGen: 292271K(349696K)->103430K(349696K)
[2026-03-22T19:50:58.778+0900][8.877s][info][gc,metaspace   ] GC(795) Metaspace: 341K(512K)->341K(512K) NonClass: 323K(384K)->323K(384K) Class: 17K(128K)->17K(128K)
[2026-03-22T19:50:58.778+0900][8.877s][info][gc             ] GC(795) Pause Full (Ergonomics) 398M->101M(455M) 8.972ms
[2026-03-22T19:50:58.778+0900][8.877s][info][gc,cpu         ] GC(795) User=0.12s Sys=0.00s Real=0.01s
[2026-03-22T19:50:58.785+0900][8.883s][info][gc,start       ] GC(796) Pause Young (Allocation Failure)
[2026-03-22T19:50:58.787+0900][8.886s][info][gc,heap        ] GC(796) PSYoungGen: 58504K(116736K)->57632K(116736K) Eden: 58504K(58880K)->0K(58880K) From: 0K(57856K)->57632K(57856K)
[2026-03-22T19:50:58.787+0900][8.886s][info][gc,heap        ] GC(796) ParOldGen: 103430K(349696K)->103430K(349696K)
[2026-03-22T19:50:58.787+0900][8.886s][info][gc,metaspace   ] GC(796) Metaspace: 341K(512K)->341K(512K) NonClass: 323K(384K)->323K(384K) Class: 17K(128K)->17K(128K)
[2026-03-22T19:50:58.787+0900][8.886s][info][gc             ] GC(796) Pause Young (Allocation Failure) 158M->157M(455M) 2.847ms
[2026-03-22T19:50:58.788+0900][8.886s][info][gc,cpu         ] GC(796) User=0.00s Sys=0.00s Real=0.00s
[2026-03-22T19:50:58.793+0900][8.892s][info][gc,start       ] GC(797) Pause Young (Allocation Failure)
[2026-03-22T19:50:58.797+0900][8.896s][info][gc,heap        ] GC(797) PSYoungGen: 116136K(116736K)->57632K(116736K) Eden: 58504K(58880K)->0K(58880K) From: 57632K(57856K)->57632K(57856K)
[2026-03-22T19:50:58.797+0900][8.896s][info][gc,heap        ] GC(797) ParOldGen: 103430K(349696K)->150638K(349696K)
[2026-03-22T19:50:58.797+0900][8.896s][info][gc,metaspace   ] GC(797) Metaspace: 341K(512K)->341K(512K) NonClass: 323K(384K)->323K(384K) Class: 17K(128K)->17K(128K)
[2026-03-22T19:50:58.797+0900][8.896s][info][gc             ] GC(797) Pause Young (Allocation Failure) 214M->203M(455M) 4.189ms
[2026-03-22T19:50:58.797+0900][8.896s][info][gc,cpu         ] GC(797) User=0.00s Sys=0.00s Real=0.00s
[2026-03-22T19:50:58.803+0900][8.902s][info][gc,start       ] GC(798) Pause Young (Allocation Failure)
[2026-03-22T19:50:58.807+0900][8.907s][info][gc,heap        ] GC(798) PSYoungGen: 116136K(116736K)->57632K(116736K) Eden: 58504K(58880K)->0K(58880K) From: 57632K(57856K)->57632K(57856K)
[2026-03-22T19:50:58.809+0900][8.907s][info][gc,heap        ] GC(798) ParOldGen: 150638K(349696K)->197847K(349696K)
[2026-03-22T19:50:58.809+0900][8.907s][info][gc,metaspace   ] GC(798) Metaspace: 341K(512K)->341K(512K) NonClass: 323K(384K)->323K(384K) Class: 17K(128K)->17K(128K)
[2026-03-22T19:50:58.809+0900][8.907s][info][gc             ] GC(798) Pause Young (Allocation Failure) 260M->249M(455M) 4.767ms
[2026-03-22T19:50:58.809+0900][8.907s][info][gc,cpu         ] GC(798) User=0.12s Sys=0.00s Real=0.01s
[2026-03-22T19:50:58.814+0900][8.913s][info][gc,start       ] GC(799) Pause Young (Allocation Failure)
[2026-03-22T19:50:58.819+0900][8.917s][info][gc,heap        ] GC(799) PSYoungGen: 116136K(116736K)->57632K(116736K) Eden: 58504K(58880K)->0K(58880K) From: 57632K(57856K)->57632K(57856K)
[2026-03-22T19:50:58.819+0900][8.917s][info][gc,heap        ] GC(799) ParOldGen: 197847K(349696K)->245063K(349696K)
[2026-03-22T19:50:58.819+0900][8.917s][info][gc,metaspace   ] GC(799) Metaspace: 341K(512K)->341K(512K) NonClass: 323K(384K)->323K(384K) Class: 17K(128K)->17K(128K)
[2026-03-22T19:50:58.819+0900][8.917s][info][gc             ] GC(799) Pause Young (Allocation Failure) 306M->295M(455M) 4.412ms
[2026-03-22T19:50:58.819+0900][8.917s][info][gc,cpu         ] GC(799) User=0.00s Sys=0.00s Real=0.01s
[2026-03-22T19:50:58.825+0900][8.924s][info][gc,start       ] GC(800) Pause Young (Allocation Failure)
[2026-03-22T19:50:58.829+0900][8.928s][info][gc,heap        ] GC(800) PSYoungGen: 116136K(116736K)->57632K(116736K) Eden: 58504K(58880K)->0K(58880K) From: 57632K(57856K)->57632K(57856K)
[2026-03-22T19:50:58.829+0900][8.928s][info][gc,heap        ] GC(800) ParOldGen: 245063K(349696K)->292263K(349696K)
[2026-03-22T19:50:58.829+0900][8.928s][info][gc,metaspace   ] GC(800) Metaspace: 341K(512K)->341K(512K) NonClass: 323K(384K)->323K(384K) Class: 17K(128K)->17K(128K)
[2026-03-22T19:50:58.830+0900][8.928s][info][gc             ] GC(800) Pause Young (Allocation Failure) 352M->341M(455M) 4.552ms
[2026-03-22T19:50:58.830+0900][8.928s][info][gc,cpu         ] GC(800) User=0.00s Sys=0.00s Real=0.00s
[2026-03-22T19:50:58.837+0900][8.935s][info][gc,start       ] GC(801) Pause Full (Ergonomics)
[2026-03-22T19:50:58.837+0900][8.935s][info][gc,phases,start] GC(801) Marking Phase
[2026-03-22T19:50:58.839+0900][8.937s][info][gc,phases      ] GC(801) Marking Phase 2.054ms
[2026-03-22T19:50:58.839+0900][8.938s][info][gc,phases,start] GC(801) Summary Phase
[2026-03-22T19:50:58.839+0900][8.938s][info][gc,phases      ] GC(801) Summary Phase 0.032ms
[2026-03-22T19:50:58.839+0900][8.938s][info][gc,phases,start] GC(801) Adjust Roots
[2026-03-22T19:50:58.839+0900][8.938s][info][gc,phases      ] GC(801) Adjust Roots 0.380ms
[2026-03-22T19:50:58.839+0900][8.938s][info][gc,phases,start] GC(801) Compaction Phase
[2026-03-22T19:50:58.845+0900][8.944s][info][gc,phases      ] GC(801) Compaction Phase 6.164ms
[2026-03-22T19:50:58.845+0900][8.944s][info][gc,phases,start] GC(801) Post Compact
[2026-03-22T19:50:58.847+0900][8.946s][info][gc,phases      ] GC(801) Post Compact 1.687ms
[2026-03-22T19:50:58.847+0900][8.946s][info][gc,heap        ] GC(801) PSYoungGen: 116136K(116736K)->0K(116736K) Eden: 58504K(58880K)->0K(58880K) From: 57632K(57856K)->0K(57856K)
[2026-03-22T19:50:58.847+0900][8.946s][info][gc,heap        ] GC(801) ParOldGen: 292263K(349696K)->103430K(349696K)
[2026-03-22T19:50:58.847+0900][8.946s][info][gc,metaspace   ] GC(801) Metaspace: 341K(512K)->341K(512K) NonClass: 323K(384K)->323K(384K) Class: 17K(128K)->17K(128K)
[2026-03-22T19:50:58.847+0900][8.946s][info][gc             ] GC(801) Pause Full (Ergonomics) 398M->101M(455M) 10.749ms
[2026-03-22T19:50:58.847+0900][8.946s][info][gc,cpu         ] GC(801) User=0.12s Sys=0.00s Real=0.01s
[2026-03-22T19:50:58.854+0900][8.953s][info][gc,start       ] GC(802) Pause Young (Allocation Failure)
[2026-03-22T19:50:58.857+0900][8.956s][info][gc,heap        ] GC(802) PSYoungGen: 58504K(116736K)->57632K(116736K) Eden: 58504K(58880K)->0K(58880K) From: 0K(57856K)->57632K(57856K)
[2026-03-22T19:50:58.857+0900][8.956s][info][gc,heap        ] GC(802) ParOldGen: 103430K(349696K)->103430K(349696K)
[2026-03-22T19:50:58.857+0900][8.956s][info][gc,metaspace   ] GC(802) Metaspace: 341K(512K)->341K(512K) NonClass: 323K(384K)->323K(384K) Class: 17K(128K)->17K(128K)
[2026-03-22T19:50:58.857+0900][8.956s][info][gc             ] GC(802) Pause Young (Allocation Failure) 158M->157M(455M) 2.674ms
[2026-03-22T19:50:58.857+0900][8.956s][info][gc,cpu         ] GC(802) User=0.00s Sys=0.00s Real=0.00s
[2026-03-22T19:50:58.863+0900][8.962s][info][gc,start       ] GC(803) Pause Young (Allocation Failure)
[2026-03-22T19:50:58.868+0900][8.967s][info][gc,heap        ] GC(803) PSYoungGen: 116136K(116736K)->57632K(116736K) Eden: 58504K(58880K)->0K(58880K) From: 57632K(57856K)->57632K(57856K)
[2026-03-22T19:50:58.868+0900][8.967s][info][gc,heap        ] GC(803) ParOldGen: 103430K(349696K)->150638K(349696K)
[2026-03-22T19:50:58.868+0900][8.967s][info][gc,metaspace   ] GC(803) Metaspace: 341K(512K)->341K(512K) NonClass: 323K(384K)->323K(384K) Class: 17K(128K)->17K(128K)
[2026-03-22T19:50:58.868+0900][8.967s][info][gc             ] GC(803) Pause Young (Allocation Failure) 214M->203M(455M) 5.212ms
[2026-03-22T19:50:58.868+0900][8.967s][info][gc,cpu         ] GC(803) User=0.00s Sys=0.00s Real=0.01s
[2026-03-22T19:50:58.874+0900][8.973s][info][gc,start       ] GC(804) Pause Young (Allocation Failure)
[2026-03-22T19:50:58.879+0900][8.978s][info][gc,heap        ] GC(804) PSYoungGen: 116136K(116736K)->57632K(116736K) Eden: 58504K(58880K)->0K(58880K) From: 57632K(57856K)->57632K(57856K)
[2026-03-22T19:50:58.879+0900][8.978s][info][gc,heap        ] GC(804) ParOldGen: 150638K(349696K)->197847K(349696K)
[2026-03-22T19:50:58.879+0900][8.978s][info][gc,metaspace   ] GC(804) Metaspace: 341K(512K)->341K(512K) NonClass: 323K(384K)->323K(384K) Class: 17K(128K)->17K(128K)
[2026-03-22T19:50:58.879+0900][8.978s][info][gc             ] GC(804) Pause Young (Allocation Failure) 260M->249M(455M) 4.466ms
[2026-03-22T19:50:58.879+0900][8.978s][info][gc,cpu         ] GC(804) User=0.00s Sys=0.00s Real=0.00s
[2026-03-22T19:50:58.885+0900][8.984s][info][gc,start       ] GC(805) Pause Young (Allocation Failure)
[2026-03-22T19:50:58.889+0900][8.988s][info][gc,heap        ] GC(805) PSYoungGen: 116136K(116736K)->57632K(116736K) Eden: 58504K(58880K)->0K(58880K) From: 57632K(57856K)->57632K(57856K)
[2026-03-22T19:50:58.889+0900][8.988s][info][gc,heap        ] GC(805) ParOldGen: 197847K(349696K)->245063K(349696K)
[2026-03-22T19:50:58.889+0900][8.988s][info][gc,metaspace   ] GC(805) Metaspace: 341K(512K)->341K(512K) NonClass: 323K(384K)->323K(384K) Class: 17K(128K)->17K(128K)
[2026-03-22T19:50:58.889+0900][8.988s][info][gc             ] GC(805) Pause Young (Allocation Failure) 306M->295M(455M) 4.201ms
[2026-03-22T19:50:58.889+0900][8.988s][info][gc,cpu         ] GC(805) User=0.00s Sys=0.00s Real=0.00s
[2026-03-22T19:50:58.895+0900][8.994s][info][gc,start       ] GC(806) Pause Young (Allocation Failure)
[2026-03-22T19:50:58.900+0900][8.999s][info][gc,heap        ] GC(806) PSYoungGen: 116136K(116736K)->57632K(116736K) Eden: 58504K(58880K)->0K(58880K) From: 57632K(57856K)->57632K(57856K)
[2026-03-22T19:50:58.900+0900][8.999s][info][gc,heap        ] GC(806) ParOldGen: 245063K(349696K)->292271K(349696K)
[2026-03-22T19:50:58.900+0900][8.999s][info][gc,metaspace   ] GC(806) Metaspace: 341K(512K)->341K(512K) NonClass: 323K(384K)->323K(384K) Class: 17K(128K)->17K(128K)
[2026-03-22T19:50:58.900+0900][8.999s][info][gc             ] GC(806) Pause Young (Allocation Failure) 352M->341M(455M) 4.669ms
[2026-03-22T19:50:58.900+0900][8.999s][info][gc,cpu         ] GC(806) User=0.00s Sys=0.00s Real=0.01s
[2026-03-22T19:50:58.906+0900][9.005s][info][gc,start       ] GC(807) Pause Full (Ergonomics)
[2026-03-22T19:50:58.906+0900][9.005s][info][gc,phases,start] GC(807) Marking Phase
[2026-03-22T19:50:58.907+0900][9.007s][info][gc,phases      ] GC(807) Marking Phase 1.500ms
[2026-03-22T19:50:58.907+0900][9.007s][info][gc,phases,start] GC(807) Summary Phase
[2026-03-22T19:50:58.907+0900][9.007s][info][gc,phases      ] GC(807) Summary Phase 0.023ms
[2026-03-22T19:50:58.907+0900][9.007s][info][gc,phases,start] GC(807) Adjust Roots
[2026-03-22T19:50:58.909+0900][9.007s][info][gc,phases      ] GC(807) Adjust Roots 0.359ms
[2026-03-22T19:50:58.909+0900][9.007s][info][gc,phases,start] GC(807) Compaction Phase
[2026-03-22T19:50:58.914+0900][9.012s][info][gc,phases      ] GC(807) Compaction Phase 5.325ms
[2026-03-22T19:50:58.914+0900][9.013s][info][gc,phases,start] GC(807) Post Compact
[2026-03-22T19:50:58.916+0900][9.014s][info][gc,phases      ] GC(807) Post Compact 1.639ms
[2026-03-22T19:50:58.916+0900][9.014s][info][gc,heap        ] GC(807) PSYoungGen: 116136K(116736K)->0K(116736K) Eden: 58504K(58880K)->0K(58880K) From: 57632K(57856K)->0K(57856K)
[2026-03-22T19:50:58.916+0900][9.014s][info][gc,heap        ] GC(807) ParOldGen: 292271K(349696K)->103430K(349696K)
[2026-03-22T19:50:58.916+0900][9.014s][info][gc,metaspace   ] GC(807) Metaspace: 341K(512K)->341K(512K) NonClass: 323K(384K)->323K(384K) Class: 17K(128K)->17K(128K)
[2026-03-22T19:50:58.916+0900][9.014s][info][gc             ] GC(807) Pause Full (Ergonomics) 398M->101M(455M) 9.166ms
[2026-03-22T19:50:58.916+0900][9.014s][info][gc,cpu         ] GC(807) User=0.00s Sys=0.02s Real=0.01s
[2026-03-22T19:50:58.922+0900][9.021s][info][gc,start       ] GC(808) Pause Young (Allocation Failure)
[2026-03-22T19:50:58.925+0900][9.023s][info][gc,heap        ] GC(808) PSYoungGen: 58504K(116736K)->57632K(116736K) Eden: 58504K(58880K)->0K(58880K) From: 0K(57856K)->57632K(57856K)
[2026-03-22T19:50:58.925+0900][9.023s][info][gc,heap        ] GC(808) ParOldGen: 103430K(349696K)->103430K(349696K)
[2026-03-22T19:50:58.925+0900][9.023s][info][gc,metaspace   ] GC(808) Metaspace: 341K(512K)->341K(512K) NonClass: 323K(384K)->323K(384K) Class: 17K(128K)->17K(128K)
[2026-03-22T19:50:58.925+0900][9.023s][info][gc             ] GC(808) Pause Young (Allocation Failure) 158M->157M(455M) 2.729ms
[2026-03-22T19:50:58.925+0900][9.023s][info][gc,cpu         ] GC(808) User=0.00s Sys=0.00s Real=0.00s
[2026-03-22T19:50:58.931+0900][9.030s][info][gc,start       ] GC(809) Pause Young (Allocation Failure)
[2026-03-22T19:50:58.936+0900][9.034s][info][gc,heap        ] GC(809) PSYoungGen: 116136K(116736K)->57632K(116736K) Eden: 58504K(58880K)->0K(58880K) From: 57632K(57856K)->57632K(57856K)
[2026-03-22T19:50:58.936+0900][9.034s][info][gc,heap        ] GC(809) ParOldGen: 103430K(349696K)->150638K(349696K)
[2026-03-22T19:50:58.936+0900][9.034s][info][gc,metaspace   ] GC(809) Metaspace: 341K(512K)->341K(512K) NonClass: 323K(384K)->323K(384K) Class: 17K(128K)->17K(128K)
[2026-03-22T19:50:58.936+0900][9.034s][info][gc             ] GC(809) Pause Young (Allocation Failure) 214M->203M(455M) 4.338ms
[2026-03-22T19:50:58.936+0900][9.034s][info][gc,cpu         ] GC(809) User=0.02s Sys=0.00s Real=0.01s
[2026-03-22T19:50:58.942+0900][9.041s][info][gc,start       ] GC(810) Pause Young (Allocation Failure)
[2026-03-22T19:50:58.947+0900][9.045s][info][gc,heap        ] GC(810) PSYoungGen: 116136K(116736K)->57632K(116736K) Eden: 58504K(58880K)->0K(58880K) From: 57632K(57856K)->57632K(57856K)
[2026-03-22T19:50:58.947+0900][9.045s][info][gc,heap        ] GC(810) ParOldGen: 150638K(349696K)->197847K(349696K)
[2026-03-22T19:50:58.947+0900][9.045s][info][gc,metaspace   ] GC(810) Metaspace: 341K(512K)->341K(512K) NonClass: 323K(384K)->323K(384K) Class: 17K(128K)->17K(128K)
[2026-03-22T19:50:58.947+0900][9.045s][info][gc             ] GC(810) Pause Young (Allocation Failure) 260M->249M(455M) 4.429ms
[2026-03-22T19:50:58.947+0900][9.045s][info][gc,cpu         ] GC(810) User=0.00s Sys=0.00s Real=0.01s
[2026-03-22T19:50:58.953+0900][9.051s][info][gc,start       ] GC(811) Pause Young (Allocation Failure)
[2026-03-22T19:50:58.957+0900][9.056s][info][gc,heap        ] GC(811) PSYoungGen: 116136K(116736K)->57632K(116736K) Eden: 58504K(58880K)->0K(58880K) From: 57632K(57856K)->57632K(57856K)
[2026-03-22T19:50:58.957+0900][9.056s][info][gc,heap        ] GC(811) ParOldGen: 197847K(349696K)->245063K(349696K)
[2026-03-22T19:50:58.957+0900][9.056s][info][gc,metaspace   ] GC(811) Metaspace: 341K(512K)->341K(512K) NonClass: 323K(384K)->323K(384K) Class: 17K(128K)->17K(128K)
[2026-03-22T19:50:58.957+0900][9.056s][info][gc             ] GC(811) Pause Young (Allocation Failure) 306M->295M(455M) 4.484ms
[2026-03-22T19:50:58.957+0900][9.056s][info][gc,cpu         ] GC(811) User=0.00s Sys=0.00s Real=0.00s
[2026-03-22T19:50:58.965+0900][9.063s][info][gc,start       ] GC(812) Pause Young (Allocation Failure)
[2026-03-22T19:50:58.969+0900][9.068s][info][gc,heap        ] GC(812) PSYoungGen: 116136K(116736K)->57632K(116736K) Eden: 58504K(58880K)->0K(58880K) From: 57632K(57856K)->57632K(57856K)
[2026-03-22T19:50:58.969+0900][9.068s][info][gc,heap        ] GC(812) ParOldGen: 245063K(349696K)->292271K(349696K)
[2026-03-22T19:50:58.969+0900][9.068s][info][gc,metaspace   ] GC(812) Metaspace: 341K(512K)->341K(512K) NonClass: 323K(384K)->323K(384K) Class: 17K(128K)->17K(128K)
[2026-03-22T19:50:58.969+0900][9.068s][info][gc             ] GC(812) Pause Young (Allocation Failure) 352M->341M(455M) 4.376ms
[2026-03-22T19:50:58.969+0900][9.068s][info][gc,cpu         ] GC(812) User=0.00s Sys=0.00s Real=0.00s
[2026-03-22T19:50:58.975+0900][9.074s][info][gc,start       ] GC(813) Pause Full (Ergonomics)
[2026-03-22T19:50:58.976+0900][9.074s][info][gc,phases,start] GC(813) Marking Phase
[2026-03-22T19:50:58.977+0900][9.076s][info][gc,phases      ] GC(813) Marking Phase 1.488ms
[2026-03-22T19:50:58.977+0900][9.076s][info][gc,phases,start] GC(813) Summary Phase
[2026-03-22T19:50:58.977+0900][9.076s][info][gc,phases      ] GC(813) Summary Phase 0.026ms
[2026-03-22T19:50:58.977+0900][9.076s][info][gc,phases,start] GC(813) Adjust Roots
[2026-03-22T19:50:58.978+0900][9.076s][info][gc,phases      ] GC(813) Adjust Roots 0.477ms
[2026-03-22T19:50:58.978+0900][9.076s][info][gc,phases,start] GC(813) Compaction Phase
[2026-03-22T19:50:58.983+0900][9.081s][info][gc,phases      ] GC(813) Compaction Phase 5.234ms
[2026-03-22T19:50:58.983+0900][9.082s][info][gc,phases,start] GC(813) Post Compact
[2026-03-22T19:50:58.984+0900][9.083s][info][gc,phases      ] GC(813) Post Compact 1.423ms
[2026-03-22T19:50:58.984+0900][9.083s][info][gc,heap        ] GC(813) PSYoungGen: 116136K(116736K)->0K(116736K) Eden: 58504K(58880K)->0K(58880K) From: 57632K(57856K)->0K(57856K)
[2026-03-22T19:50:58.984+0900][9.083s][info][gc,heap        ] GC(813) ParOldGen: 292271K(349696K)->103430K(349696K)
[2026-03-22T19:50:58.984+0900][9.083s][info][gc,metaspace   ] GC(813) Metaspace: 341K(512K)->341K(512K) NonClass: 323K(384K)->323K(384K) Class: 17K(128K)->17K(128K)
[2026-03-22T19:50:58.984+0900][9.083s][info][gc             ] GC(813) Pause Full (Ergonomics) 398M->101M(455M) 9.056ms
[2026-03-22T19:50:58.985+0900][9.083s][info][gc,cpu         ] GC(813) User=0.12s Sys=0.00s Real=0.01s
[2026-03-22T19:50:58.991+0900][9.090s][info][gc,start       ] GC(814) Pause Young (Allocation Failure)
[2026-03-22T19:50:58.994+0900][9.093s][info][gc,heap        ] GC(814) PSYoungGen: 58504K(116736K)->57632K(116736K) Eden: 58504K(58880K)->0K(58880K) From: 0K(57856K)->57632K(57856K)
[2026-03-22T19:50:58.994+0900][9.093s][info][gc,heap        ] GC(814) ParOldGen: 103430K(349696K)->103430K(349696K)
[2026-03-22T19:50:58.994+0900][9.093s][info][gc,metaspace   ] GC(814) Metaspace: 341K(512K)->341K(512K) NonClass: 323K(384K)->323K(384K) Class: 17K(128K)->17K(128K)
[2026-03-22T19:50:58.994+0900][9.093s][info][gc             ] GC(814) Pause Young (Allocation Failure) 158M->157M(455M) 3.101ms
[2026-03-22T19:50:58.994+0900][9.093s][info][gc,cpu         ] GC(814) User=0.00s Sys=0.02s Real=0.00s
[2026-03-22T19:50:59.001+0900][9.100s][info][gc,start       ] GC(815) Pause Young (Allocation Failure)
[2026-03-22T19:50:59.005+0900][9.104s][info][gc,heap        ] GC(815) PSYoungGen: 116136K(116736K)->57632K(116736K) Eden: 58504K(58880K)->0K(58880K) From: 57632K(57856K)->57632K(57856K)
[2026-03-22T19:50:59.005+0900][9.104s][info][gc,heap        ] GC(815) ParOldGen: 103430K(349696K)->150638K(349696K)
[2026-03-22T19:50:59.005+0900][9.104s][info][gc,metaspace   ] GC(815) Metaspace: 341K(512K)->341K(512K) NonClass: 323K(384K)->323K(384K) Class: 17K(128K)->17K(128K)
[2026-03-22T19:50:59.005+0900][9.104s][info][gc             ] GC(815) Pause Young (Allocation Failure) 214M->203M(455M) 4.208ms
[2026-03-22T19:50:59.005+0900][9.104s][info][gc,cpu         ] GC(815) User=0.00s Sys=0.00s Real=0.00s
[2026-03-22T19:50:59.011+0900][9.110s][info][gc,start       ] GC(816) Pause Young (Allocation Failure)
[2026-03-22T19:50:59.016+0900][9.114s][info][gc,heap        ] GC(816) PSYoungGen: 116136K(116736K)->57632K(116736K) Eden: 58504K(58880K)->0K(58880K) From: 57632K(57856K)->57632K(57856K)
[2026-03-22T19:50:59.016+0900][9.114s][info][gc,heap        ] GC(816) ParOldGen: 150638K(349696K)->197847K(349696K)
[2026-03-22T19:50:59.016+0900][9.114s][info][gc,metaspace   ] GC(816) Metaspace: 341K(512K)->341K(512K) NonClass: 323K(384K)->323K(384K) Class: 17K(128K)->17K(128K)
[2026-03-22T19:50:59.016+0900][9.114s][info][gc             ] GC(816) Pause Young (Allocation Failure) 260M->249M(455M) 4.307ms
[2026-03-22T19:50:59.016+0900][9.114s][info][gc,cpu         ] GC(816) User=0.00s Sys=0.00s Real=0.01s
[2026-03-22T19:50:59.022+0900][9.121s][info][gc,start       ] GC(817) Pause Young (Allocation Failure)
[2026-03-22T19:50:59.026+0900][9.125s][info][gc,heap        ] GC(817) PSYoungGen: 116136K(116736K)->57632K(116736K) Eden: 58504K(58880K)->0K(58880K) From: 57632K(57856K)->57632K(57856K)
[2026-03-22T19:50:59.026+0900][9.125s][info][gc,heap        ] GC(817) ParOldGen: 197847K(349696K)->245063K(349696K)
[2026-03-22T19:50:59.026+0900][9.125s][info][gc,metaspace   ] GC(817) Metaspace: 341K(512K)->341K(512K) NonClass: 323K(384K)->323K(384K) Class: 17K(128K)->17K(128K)
[2026-03-22T19:50:59.026+0900][9.125s][info][gc             ] GC(817) Pause Young (Allocation Failure) 306M->295M(455M) 4.392ms
[2026-03-22T19:50:59.026+0900][9.125s][info][gc,cpu         ] GC(817) User=0.12s Sys=0.00s Real=0.00s
[2026-03-22T19:50:59.032+0900][9.132s][info][gc,start       ] GC(818) Pause Young (Allocation Failure)
[2026-03-22T19:50:59.037+0900][9.136s][info][gc,heap        ] GC(818) PSYoungGen: 116136K(116736K)->57632K(116736K) Eden: 58504K(58880K)->0K(58880K) From: 57632K(57856K)->57632K(57856K)
[2026-03-22T19:50:59.037+0900][9.136s][info][gc,heap        ] GC(818) ParOldGen: 245063K(349696K)->292271K(349696K)
[2026-03-22T19:50:59.037+0900][9.136s][info][gc,metaspace   ] GC(818) Metaspace: 341K(512K)->341K(512K) NonClass: 323K(384K)->323K(384K) Class: 17K(128K)->17K(128K)
[2026-03-22T19:50:59.037+0900][9.136s][info][gc             ] GC(818) Pause Young (Allocation Failure) 352M->341M(455M) 4.470ms
[2026-03-22T19:50:59.037+0900][9.136s][info][gc,cpu         ] GC(818) User=0.00s Sys=0.00s Real=0.00s
[2026-03-22T19:50:59.044+0900][9.143s][info][gc,start       ] GC(819) Pause Full (Ergonomics)
[2026-03-22T19:50:59.044+0900][9.143s][info][gc,phases,start] GC(819) Marking Phase
[2026-03-22T19:50:59.045+0900][9.144s][info][gc,phases      ] GC(819) Marking Phase 1.486ms
[2026-03-22T19:50:59.045+0900][9.144s][info][gc,phases,start] GC(819) Summary Phase
[2026-03-22T19:50:59.045+0900][9.144s][info][gc,phases      ] GC(819) Summary Phase 0.022ms
[2026-03-22T19:50:59.045+0900][9.144s][info][gc,phases,start] GC(819) Adjust Roots
[2026-03-22T19:50:59.046+0900][9.145s][info][gc,phases      ] GC(819) Adjust Roots 0.365ms
[2026-03-22T19:50:59.046+0900][9.145s][info][gc,phases,start] GC(819) Compaction Phase
[2026-03-22T19:50:59.050+0900][9.150s][info][gc,phases      ] GC(819) Compaction Phase 4.942ms
[2026-03-22T19:50:59.050+0900][9.150s][info][gc,phases,start] GC(819) Post Compact
[2026-03-22T19:50:59.053+0900][9.152s][info][gc,phases      ] GC(819) Post Compact 1.850ms
[2026-03-22T19:50:59.053+0900][9.152s][info][gc,heap        ] GC(819) PSYoungGen: 116136K(116736K)->0K(116736K) Eden: 58504K(58880K)->0K(58880K) From: 57632K(57856K)->0K(57856K)
[2026-03-22T19:50:59.053+0900][9.152s][info][gc,heap        ] GC(819) ParOldGen: 292271K(349696K)->103430K(349696K)
[2026-03-22T19:50:59.053+0900][9.152s][info][gc,metaspace   ] GC(819) Metaspace: 341K(512K)->341K(512K) NonClass: 323K(384K)->323K(384K) Class: 17K(128K)->17K(128K)
[2026-03-22T19:50:59.053+0900][9.152s][info][gc             ] GC(819) Pause Full (Ergonomics) 398M->101M(455M) 9.082ms
[2026-03-22T19:50:59.053+0900][9.152s][info][gc,cpu         ] GC(819) User=0.00s Sys=0.00s Real=0.01s
[2026-03-22T19:50:59.060+0900][9.159s][info][gc,start       ] GC(820) Pause Young (Allocation Failure)
[2026-03-22T19:50:59.062+0900][9.161s][info][gc,heap        ] GC(820) PSYoungGen: 58504K(116736K)->57632K(116736K) Eden: 58504K(58880K)->0K(58880K) From: 0K(57856K)->57632K(57856K)
[2026-03-22T19:50:59.062+0900][9.161s][info][gc,heap        ] GC(820) ParOldGen: 103430K(349696K)->103430K(349696K)
[2026-03-22T19:50:59.062+0900][9.161s][info][gc,metaspace   ] GC(820) Metaspace: 341K(512K)->341K(512K) NonClass: 323K(384K)->323K(384K) Class: 17K(128K)->17K(128K)
[2026-03-22T19:50:59.062+0900][9.161s][info][gc             ] GC(820) Pause Young (Allocation Failure) 158M->157M(455M) 2.818ms
[2026-03-22T19:50:59.062+0900][9.161s][info][gc,cpu         ] GC(820) User=0.00s Sys=0.00s Real=0.00s
[2026-03-22T19:50:59.069+0900][9.168s][info][gc,start       ] GC(821) Pause Young (Allocation Failure)
[2026-03-22T19:50:59.073+0900][9.172s][info][gc,heap        ] GC(821) PSYoungGen: 116136K(116736K)->57632K(116736K) Eden: 58504K(58880K)->0K(58880K) From: 57632K(57856K)->57632K(57856K)
[2026-03-22T19:50:59.074+0900][9.172s][info][gc,heap        ] GC(821) ParOldGen: 103430K(349696K)->150638K(349696K)
[2026-03-22T19:50:59.074+0900][9.172s][info][gc,metaspace   ] GC(821) Metaspace: 341K(512K)->341K(512K) NonClass: 323K(384K)->323K(384K) Class: 17K(128K)->17K(128K)
[2026-03-22T19:50:59.074+0900][9.172s][info][gc             ] GC(821) Pause Young (Allocation Failure) 214M->203M(455M) 4.258ms
[2026-03-22T19:50:59.074+0900][9.172s][info][gc,cpu         ] GC(821) User=0.12s Sys=0.00s Real=0.00s
[2026-03-22T19:50:59.080+0900][9.178s][info][gc,start       ] GC(822) Pause Young (Allocation Failure)
[2026-03-22T19:50:59.084+0900][9.183s][info][gc,heap        ] GC(822) PSYoungGen: 116136K(116736K)->57632K(116736K) Eden: 58504K(58880K)->0K(58880K) From: 57632K(57856K)->57632K(57856K)
[2026-03-22T19:50:59.084+0900][9.183s][info][gc,heap        ] GC(822) ParOldGen: 150638K(349696K)->197847K(349696K)
[2026-03-22T19:50:59.084+0900][9.183s][info][gc,metaspace   ] GC(822) Metaspace: 341K(512K)->341K(512K) NonClass: 323K(384K)->323K(384K) Class: 17K(128K)->17K(128K)
[2026-03-22T19:50:59.084+0900][9.183s][info][gc             ] GC(822) Pause Young (Allocation Failure) 260M->249M(455M) 4.701ms
[2026-03-22T19:50:59.084+0900][9.183s][info][gc,cpu         ] GC(822) User=0.00s Sys=0.00s Real=0.00s
[2026-03-22T19:50:59.091+0900][9.190s][info][gc,start       ] GC(823) Pause Young (Allocation Failure)
[2026-03-22T19:50:59.095+0900][9.194s][info][gc,heap        ] GC(823) PSYoungGen: 116136K(116736K)->57632K(116736K) Eden: 58504K(58880K)->0K(58880K) From: 57632K(57856K)->57632K(57856K)
[2026-03-22T19:50:59.095+0900][9.194s][info][gc,heap        ] GC(823) ParOldGen: 197847K(349696K)->245063K(349696K)
[2026-03-22T19:50:59.095+0900][9.194s][info][gc,metaspace   ] GC(823) Metaspace: 341K(512K)->341K(512K) NonClass: 323K(384K)->323K(384K) Class: 17K(128K)->17K(128K)
[2026-03-22T19:50:59.095+0900][9.194s][info][gc             ] GC(823) Pause Young (Allocation Failure) 306M->295M(455M) 4.416ms
[2026-03-22T19:50:59.095+0900][9.194s][info][gc,cpu         ] GC(823) User=0.00s Sys=0.00s Real=0.00s
[2026-03-22T19:50:59.102+0900][9.201s][info][gc,start       ] GC(824) Pause Young (Allocation Failure)
[2026-03-22T19:50:59.106+0900][9.205s][info][gc,heap        ] GC(824) PSYoungGen: 116136K(116736K)->57632K(116736K) Eden: 58504K(58880K)->0K(58880K) From: 57632K(57856K)->57632K(57856K)
[2026-03-22T19:50:59.106+0900][9.205s][info][gc,heap        ] GC(824) ParOldGen: 245063K(349696K)->292271K(349696K)
[2026-03-22T19:50:59.106+0900][9.205s][info][gc,metaspace   ] GC(824) Metaspace: 341K(512K)->341K(512K) NonClass: 323K(384K)->323K(384K) Class: 17K(128K)->17K(128K)
[2026-03-22T19:50:59.106+0900][9.205s][info][gc             ] GC(824) Pause Young (Allocation Failure) 352M->341M(455M) 4.322ms
[2026-03-22T19:50:59.106+0900][9.205s][info][gc,cpu         ] GC(824) User=0.11s Sys=0.00s Real=0.00s
[2026-03-22T19:50:59.113+0900][9.211s][info][gc,start       ] GC(825) Pause Full (Ergonomics)
[2026-03-22T19:50:59.113+0900][9.211s][info][gc,phases,start] GC(825) Marking Phase
[2026-03-22T19:50:59.114+0900][9.213s][info][gc,phases      ] GC(825) Marking Phase 1.746ms
[2026-03-22T19:50:59.114+0900][9.213s][info][gc,phases,start] GC(825) Summary Phase
[2026-03-22T19:50:59.115+0900][9.213s][info][gc,phases      ] GC(825) Summary Phase 0.035ms
[2026-03-22T19:50:59.115+0900][9.213s][info][gc,phases,start] GC(825) Adjust Roots
[2026-03-22T19:50:59.115+0900][9.213s][info][gc,phases      ] GC(825) Adjust Roots 0.396ms
[2026-03-22T19:50:59.115+0900][9.214s][info][gc,phases,start] GC(825) Compaction Phase
[2026-03-22T19:50:59.120+0900][9.219s][info][gc,phases      ] GC(825) Compaction Phase 5.096ms
[2026-03-22T19:50:59.120+0900][9.219s][info][gc,phases,start] GC(825) Post Compact
[2026-03-22T19:50:59.122+0900][9.221s][info][gc,phases      ] GC(825) Post Compact 1.840ms
[2026-03-22T19:50:59.122+0900][9.221s][info][gc,heap        ] GC(825) PSYoungGen: 116136K(116736K)->0K(116736K) Eden: 58504K(58880K)->0K(58880K) From: 57632K(57856K)->0K(57856K)
[2026-03-22T19:50:59.122+0900][9.221s][info][gc,heap        ] GC(825) ParOldGen: 292271K(349696K)->103430K(349696K)
[2026-03-22T19:50:59.122+0900][9.221s][info][gc,metaspace   ] GC(825) Metaspace: 341K(512K)->341K(512K) NonClass: 323K(384K)->323K(384K) Class: 17K(128K)->17K(128K)
[2026-03-22T19:50:59.122+0900][9.221s][info][gc             ] GC(825) Pause Full (Ergonomics) 398M->101M(455M) 9.521ms
[2026-03-22T19:50:59.122+0900][9.221s][info][gc,cpu         ] GC(825) User=0.11s Sys=0.00s Real=0.01s
[2026-03-22T19:50:59.128+0900][9.227s][info][gc,start       ] GC(826) Pause Young (Allocation Failure)
[2026-03-22T19:50:59.131+0900][9.230s][info][gc,heap        ] GC(826) PSYoungGen: 58504K(116736K)->57632K(116736K) Eden: 58504K(58880K)->0K(58880K) From: 0K(57856K)->57632K(57856K)
[2026-03-22T19:50:59.131+0900][9.230s][info][gc,heap        ] GC(826) ParOldGen: 103430K(349696K)->103430K(349696K)
[2026-03-22T19:50:59.131+0900][9.230s][info][gc,metaspace   ] GC(826) Metaspace: 341K(512K)->341K(512K) NonClass: 323K(384K)->323K(384K) Class: 17K(128K)->17K(128K)
[2026-03-22T19:50:59.131+0900][9.230s][info][gc             ] GC(826) Pause Young (Allocation Failure) 158M->157M(455M) 2.910ms
[2026-03-22T19:50:59.131+0900][9.230s][info][gc,cpu         ] GC(826) User=0.00s Sys=0.00s Real=0.00s
[2026-03-22T19:50:59.138+0900][9.237s][info][gc,start       ] GC(827) Pause Young (Allocation Failure)
[2026-03-22T19:50:59.142+0900][9.241s][info][gc,heap        ] GC(827) PSYoungGen: 116136K(116736K)->57632K(116736K) Eden: 58504K(58880K)->0K(58880K) From: 57632K(57856K)->57632K(57856K)
[2026-03-22T19:50:59.142+0900][9.241s][info][gc,heap        ] GC(827) ParOldGen: 103430K(349696K)->150638K(349696K)
[2026-03-22T19:50:59.142+0900][9.241s][info][gc,metaspace   ] GC(827) Metaspace: 341K(512K)->341K(512K) NonClass: 323K(384K)->323K(384K) Class: 17K(128K)->17K(128K)
[2026-03-22T19:50:59.142+0900][9.241s][info][gc             ] GC(827) Pause Young (Allocation Failure) 214M->203M(455M) 4.115ms
[2026-03-22T19:50:59.142+0900][9.241s][info][gc,cpu         ] GC(827) User=0.00s Sys=0.00s Real=0.00s
[2026-03-22T19:50:59.149+0900][9.248s][info][gc,start       ] GC(828) Pause Young (Allocation Failure)
[2026-03-22T19:50:59.153+0900][9.252s][info][gc,heap        ] GC(828) PSYoungGen: 116136K(116736K)->57632K(116736K) Eden: 58504K(58880K)->0K(58880K) From: 57632K(57856K)->57632K(57856K)
[2026-03-22T19:50:59.153+0900][9.252s][info][gc,heap        ] GC(828) ParOldGen: 150638K(349696K)->197847K(349696K)
[2026-03-22T19:50:59.153+0900][9.252s][info][gc,metaspace   ] GC(828) Metaspace: 341K(512K)->341K(512K) NonClass: 323K(384K)->323K(384K) Class: 17K(128K)->17K(128K)
[2026-03-22T19:50:59.153+0900][9.252s][info][gc             ] GC(828) Pause Young (Allocation Failure) 260M->249M(455M) 4.159ms
[2026-03-22T19:50:59.153+0900][9.252s][info][gc,cpu         ] GC(828) User=0.11s Sys=0.02s Real=0.00s
[2026-03-22T19:50:59.159+0900][9.258s][info][gc,start       ] GC(829) Pause Young (Allocation Failure)
[2026-03-22T19:50:59.163+0900][9.262s][info][gc,heap        ] GC(829) PSYoungGen: 116136K(116736K)->57632K(116736K) Eden: 58504K(58880K)->0K(58880K) From: 57632K(57856K)->57632K(57856K)
[2026-03-22T19:50:59.163+0900][9.262s][info][gc,heap        ] GC(829) ParOldGen: 197847K(349696K)->245063K(349696K)
[2026-03-22T19:50:59.163+0900][9.262s][info][gc,metaspace   ] GC(829) Metaspace: 341K(512K)->341K(512K) NonClass: 323K(384K)->323K(384K) Class: 17K(128K)->17K(128K)
[2026-03-22T19:50:59.163+0900][9.262s][info][gc             ] GC(829) Pause Young (Allocation Failure) 306M->295M(455M) 4.470ms
[2026-03-22T19:50:59.163+0900][9.262s][info][gc,cpu         ] GC(829) User=0.00s Sys=0.00s Real=0.00s
[2026-03-22T19:50:59.170+0900][9.269s][info][gc,start       ] GC(830) Pause Young (Allocation Failure)
[2026-03-22T19:50:59.174+0900][9.274s][info][gc,heap        ] GC(830) PSYoungGen: 116136K(116736K)->57632K(116736K) Eden: 58504K(58880K)->0K(58880K) From: 57632K(57856K)->57632K(57856K)
[2026-03-22T19:50:59.174+0900][9.274s][info][gc,heap        ] GC(830) ParOldGen: 245063K(349696K)->292271K(349696K)
[2026-03-22T19:50:59.174+0900][9.274s][info][gc,metaspace   ] GC(830) Metaspace: 341K(512K)->341K(512K) NonClass: 323K(384K)->323K(384K) Class: 17K(128K)->17K(128K)
[2026-03-22T19:50:59.174+0900][9.274s][info][gc             ] GC(830) Pause Young (Allocation Failure) 352M->341M(455M) 4.693ms
[2026-03-22T19:50:59.174+0900][9.274s][info][gc,cpu         ] GC(830) User=0.00s Sys=0.00s Real=0.00s
[2026-03-22T19:50:59.181+0900][9.280s][info][gc,start       ] GC(831) Pause Full (Ergonomics)
[2026-03-22T19:50:59.181+0900][9.280s][info][gc,phases,start] GC(831) Marking Phase
[2026-03-22T19:50:59.183+0900][9.282s][info][gc,phases      ] GC(831) Marking Phase 1.811ms
[2026-03-22T19:50:59.183+0900][9.282s][info][gc,phases,start] GC(831) Summary Phase
[2026-03-22T19:50:59.183+0900][9.282s][info][gc,phases      ] GC(831) Summary Phase 0.036ms
[2026-03-22T19:50:59.183+0900][9.282s][info][gc,phases,start] GC(831) Adjust Roots
[2026-03-22T19:50:59.183+0900][9.282s][info][gc,phases      ] GC(831) Adjust Roots 0.300ms
[2026-03-22T19:50:59.183+0900][9.282s][info][gc,phases,start] GC(831) Compaction Phase
[2026-03-22T19:50:59.189+0900][9.288s][info][gc,phases      ] GC(831) Compaction Phase 5.586ms
[2026-03-22T19:50:59.189+0900][9.288s][info][gc,phases,start] GC(831) Post Compact
[2026-03-22T19:50:59.191+0900][9.290s][info][gc,phases      ] GC(831) Post Compact 1.651ms
[2026-03-22T19:50:59.191+0900][9.290s][info][gc,heap        ] GC(831) PSYoungGen: 116136K(116736K)->0K(116736K) Eden: 58504K(58880K)->0K(58880K) From: 57632K(57856K)->0K(57856K)
[2026-03-22T19:50:59.191+0900][9.290s][info][gc,heap        ] GC(831) ParOldGen: 292271K(349696K)->103430K(349696K)
[2026-03-22T19:50:59.191+0900][9.290s][info][gc,metaspace   ] GC(831) Metaspace: 341K(512K)->341K(512K) NonClass: 323K(384K)->323K(384K) Class: 17K(128K)->17K(128K)
[2026-03-22T19:50:59.191+0900][9.290s][info][gc             ] GC(831) Pause Full (Ergonomics) 398M->101M(455M) 9.836ms
[2026-03-22T19:50:59.191+0900][9.290s][info][gc,cpu         ] GC(831) User=0.00s Sys=0.00s Real=0.01s
[2026-03-22T19:50:59.199+0900][9.297s][info][gc,start       ] GC(832) Pause Young (Allocation Failure)
[2026-03-22T19:50:59.202+0900][9.300s][info][gc,heap        ] GC(832) PSYoungGen: 58504K(116736K)->57600K(116736K) Eden: 58504K(58880K)->0K(58880K) From: 0K(57856K)->57600K(57856K)
[2026-03-22T19:50:59.202+0900][9.300s][info][gc,heap        ] GC(832) ParOldGen: 103430K(349696K)->103430K(349696K)
[2026-03-22T19:50:59.202+0900][9.300s][info][gc,metaspace   ] GC(832) Metaspace: 341K(512K)->341K(512K) NonClass: 323K(384K)->323K(384K) Class: 17K(128K)->17K(128K)
[2026-03-22T19:50:59.202+0900][9.300s][info][gc             ] GC(832) Pause Young (Allocation Failure) 158M->157M(455M) 2.899ms
[2026-03-22T19:50:59.202+0900][9.300s][info][gc,cpu         ] GC(832) User=0.00s Sys=0.00s Real=0.00s
[2026-03-22T19:50:59.208+0900][9.306s][info][gc,start       ] GC(833) Pause Young (Allocation Failure)
[2026-03-22T19:50:59.212+0900][9.311s][info][gc,heap        ] GC(833) PSYoungGen: 116104K(116736K)->57632K(116736K) Eden: 58504K(58880K)->0K(58880K) From: 57600K(57856K)->57632K(57856K)
[2026-03-22T19:50:59.212+0900][9.311s][info][gc,heap        ] GC(833) ParOldGen: 103430K(349696K)->150630K(349696K)
[2026-03-22T19:50:59.212+0900][9.311s][info][gc,metaspace   ] GC(833) Metaspace: 341K(512K)->341K(512K) NonClass: 323K(384K)->323K(384K) Class: 17K(128K)->17K(128K)
[2026-03-22T19:50:59.212+0900][9.311s][info][gc             ] GC(833) Pause Young (Allocation Failure) 214M->203M(455M) 5.140ms
[2026-03-22T19:50:59.212+0900][9.311s][info][gc,cpu         ] GC(833) User=0.00s Sys=0.00s Real=0.00s
[2026-03-22T19:50:59.218+0900][9.317s][info][gc,start       ] GC(834) Pause Young (Allocation Failure)
[2026-03-22T19:50:59.223+0900][9.322s][info][gc,heap        ] GC(834) PSYoungGen: 116136K(116736K)->57632K(116736K) Eden: 58504K(58880K)->0K(58880K) From: 57632K(57856K)->57632K(57856K)
[2026-03-22T19:50:59.223+0900][9.322s][info][gc,heap        ] GC(834) ParOldGen: 150630K(349696K)->197823K(349696K)
[2026-03-22T19:50:59.223+0900][9.322s][info][gc,metaspace   ] GC(834) Metaspace: 341K(512K)->341K(512K) NonClass: 323K(384K)->323K(384K) Class: 17K(128K)->17K(128K)
[2026-03-22T19:50:59.223+0900][9.322s][info][gc             ] GC(834) Pause Young (Allocation Failure) 260M->249M(455M) 4.397ms
[2026-03-22T19:50:59.223+0900][9.322s][info][gc,cpu         ] GC(834) User=0.00s Sys=0.00s Real=0.01s
[2026-03-22T19:50:59.229+0900][9.329s][info][gc,start       ] GC(835) Pause Young (Allocation Failure)
[2026-03-22T19:50:59.234+0900][9.333s][info][gc,heap        ] GC(835) PSYoungGen: 116136K(116736K)->57632K(116736K) Eden: 58504K(58880K)->0K(58880K) From: 57632K(57856K)->57632K(57856K)
[2026-03-22T19:50:59.234+0900][9.333s][info][gc,heap        ] GC(835) ParOldGen: 197823K(349696K)->245039K(349696K)
[2026-03-22T19:50:59.234+0900][9.333s][info][gc,metaspace   ] GC(835) Metaspace: 341K(512K)->341K(512K) NonClass: 323K(384K)->323K(384K) Class: 17K(128K)->17K(128K)
[2026-03-22T19:50:59.234+0900][9.333s][info][gc             ] GC(835) Pause Young (Allocation Failure) 306M->295M(455M) 4.213ms
[2026-03-22T19:50:59.234+0900][9.333s][info][gc,cpu         ] GC(835) User=0.00s Sys=0.00s Real=0.00s
[2026-03-22T19:50:59.241+0900][9.340s][info][gc,start       ] GC(836) Pause Young (Allocation Failure)
[2026-03-22T19:50:59.245+0900][9.344s][info][gc,heap        ] GC(836) PSYoungGen: 116136K(116736K)->57632K(116736K) Eden: 58504K(58880K)->0K(58880K) From: 57632K(57856K)->57632K(57856K)
[2026-03-22T19:50:59.245+0900][9.344s][info][gc,heap        ] GC(836) ParOldGen: 245039K(349696K)->292247K(349696K)
[2026-03-22T19:50:59.245+0900][9.344s][info][gc,metaspace   ] GC(836) Metaspace: 341K(512K)->341K(512K) NonClass: 323K(384K)->323K(384K) Class: 17K(128K)->17K(128K)
[2026-03-22T19:50:59.245+0900][9.344s][info][gc             ] GC(836) Pause Young (Allocation Failure) 352M->341M(455M) 4.639ms
[2026-03-22T19:50:59.245+0900][9.344s][info][gc,cpu         ] GC(836) User=0.11s Sys=0.00s Real=0.00s
[2026-03-22T19:50:59.252+0900][9.350s][info][gc,start       ] GC(837) Pause Full (Ergonomics)
[2026-03-22T19:50:59.252+0900][9.351s][info][gc,phases,start] GC(837) Marking Phase
[2026-03-22T19:50:59.253+0900][9.352s][info][gc,phases      ] GC(837) Marking Phase 1.367ms
[2026-03-22T19:50:59.253+0900][9.352s][info][gc,phases,start] GC(837) Summary Phase
[2026-03-22T19:50:59.253+0900][9.352s][info][gc,phases      ] GC(837) Summary Phase 0.020ms
[2026-03-22T19:50:59.253+0900][9.352s][info][gc,phases,start] GC(837) Adjust Roots
[2026-03-22T19:50:59.253+0900][9.352s][info][gc,phases      ] GC(837) Adjust Roots 0.245ms
[2026-03-22T19:50:59.253+0900][9.352s][info][gc,phases,start] GC(837) Compaction Phase
[2026-03-22T19:50:59.258+0900][9.357s][info][gc,phases      ] GC(837) Compaction Phase 4.690ms
[2026-03-22T19:50:59.258+0900][9.357s][info][gc,phases,start] GC(837) Post Compact
[2026-03-22T19:50:59.259+0900][9.359s][info][gc,phases      ] GC(837) Post Compact 1.541ms
[2026-03-22T19:50:59.259+0900][9.359s][info][gc,heap        ] GC(837) PSYoungGen: 116136K(116736K)->0K(116736K) Eden: 58504K(58880K)->0K(58880K) From: 57632K(57856K)->0K(57856K)
[2026-03-22T19:50:59.259+0900][9.359s][info][gc,heap        ] GC(837) ParOldGen: 292247K(349696K)->103430K(349696K)
[2026-03-22T19:50:59.259+0900][9.359s][info][gc,metaspace   ] GC(837) Metaspace: 341K(512K)->341K(512K) NonClass: 323K(384K)->323K(384K) Class: 17K(128K)->17K(128K)
[2026-03-22T19:50:59.259+0900][9.359s][info][gc             ] GC(837) Pause Full (Ergonomics) 398M->101M(455M) 8.179ms
[2026-03-22T19:50:59.259+0900][9.359s][info][gc,cpu         ] GC(837) User=0.02s Sys=0.00s Real=0.01s
[2026-03-22T19:50:59.266+0900][9.365s][info][gc,start       ] GC(838) Pause Young (Allocation Failure)
[2026-03-22T19:50:59.269+0900][9.367s][info][gc,heap        ] GC(838) PSYoungGen: 58504K(116736K)->57632K(116736K) Eden: 58504K(58880K)->0K(58880K) From: 0K(57856K)->57632K(57856K)
[2026-03-22T19:50:59.269+0900][9.367s][info][gc,heap        ] GC(838) ParOldGen: 103430K(349696K)->103430K(349696K)
[2026-03-22T19:50:59.269+0900][9.367s][info][gc,metaspace   ] GC(838) Metaspace: 341K(512K)->341K(512K) NonClass: 323K(384K)->323K(384K) Class: 17K(128K)->17K(128K)
[2026-03-22T19:50:59.269+0900][9.367s][info][gc             ] GC(838) Pause Young (Allocation Failure) 158M->157M(455M) 2.593ms
[2026-03-22T19:50:59.269+0900][9.367s][info][gc,cpu         ] GC(838) User=0.00s Sys=0.00s Real=0.00s
[2026-03-22T19:50:59.275+0900][9.374s][info][gc,start       ] GC(839) Pause Young (Allocation Failure)
[2026-03-22T19:50:59.280+0900][9.379s][info][gc,heap        ] GC(839) PSYoungGen: 116136K(116736K)->57632K(116736K) Eden: 58504K(58880K)->0K(58880K) From: 57632K(57856K)->57632K(57856K)
[2026-03-22T19:50:59.280+0900][9.379s][info][gc,heap        ] GC(839) ParOldGen: 103430K(349696K)->150638K(349696K)
[2026-03-22T19:50:59.280+0900][9.379s][info][gc,metaspace   ] GC(839) Metaspace: 341K(512K)->341K(512K) NonClass: 323K(384K)->323K(384K) Class: 17K(128K)->17K(128K)
[2026-03-22T19:50:59.280+0900][9.379s][info][gc             ] GC(839) Pause Young (Allocation Failure) 214M->203M(455M) 4.866ms
[2026-03-22T19:50:59.280+0900][9.379s][info][gc,cpu         ] GC(839) User=0.00s Sys=0.00s Real=0.00s
[2026-03-22T19:50:59.287+0900][9.385s][info][gc,start       ] GC(840) Pause Young (Allocation Failure)
[2026-03-22T19:50:59.291+0900][9.389s][info][gc,heap        ] GC(840) PSYoungGen: 116136K(116736K)->57632K(116736K) Eden: 58504K(58880K)->0K(58880K) From: 57632K(57856K)->57632K(57856K)
[2026-03-22T19:50:59.291+0900][9.389s][info][gc,heap        ] GC(840) ParOldGen: 150638K(349696K)->197847K(349696K)
[2026-03-22T19:50:59.291+0900][9.389s][info][gc,metaspace   ] GC(840) Metaspace: 341K(512K)->341K(512K) NonClass: 323K(384K)->323K(384K) Class: 17K(128K)->17K(128K)
[2026-03-22T19:50:59.291+0900][9.389s][info][gc             ] GC(840) Pause Young (Allocation Failure) 260M->249M(455M) 4.492ms
[2026-03-22T19:50:59.291+0900][9.389s][info][gc,cpu         ] GC(840) User=0.02s Sys=0.00s Real=0.00s
[2026-03-22T19:50:59.297+0900][9.396s][info][gc,start       ] GC(841) Pause Young (Allocation Failure)
[2026-03-22T19:50:59.302+0900][9.401s][info][gc,heap        ] GC(841) PSYoungGen: 116136K(116736K)->57632K(116736K) Eden: 58504K(58880K)->0K(58880K) From: 57632K(57856K)->57632K(57856K)
[2026-03-22T19:50:59.302+0900][9.401s][info][gc,heap        ] GC(841) ParOldGen: 197847K(349696K)->245063K(349696K)
[2026-03-22T19:50:59.302+0900][9.401s][info][gc,metaspace   ] GC(841) Metaspace: 341K(512K)->341K(512K) NonClass: 323K(384K)->323K(384K) Class: 17K(128K)->17K(128K)
[2026-03-22T19:50:59.302+0900][9.401s][info][gc             ] GC(841) Pause Young (Allocation Failure) 306M->295M(455M) 4.611ms
[2026-03-22T19:50:59.302+0900][9.401s][info][gc,cpu         ] GC(841) User=0.00s Sys=0.00s Real=0.01s
[2026-03-22T19:50:59.309+0900][9.408s][info][gc,start       ] GC(842) Pause Young (Allocation Failure)
[2026-03-22T19:50:59.314+0900][9.412s][info][gc,heap        ] GC(842) PSYoungGen: 116136K(116736K)->57632K(116736K) Eden: 58504K(58880K)->0K(58880K) From: 57632K(57856K)->57632K(57856K)
[2026-03-22T19:50:59.314+0900][9.412s][info][gc,heap        ] GC(842) ParOldGen: 245063K(349696K)->292271K(349696K)
[2026-03-22T19:50:59.314+0900][9.412s][info][gc,metaspace   ] GC(842) Metaspace: 341K(512K)->341K(512K) NonClass: 323K(384K)->323K(384K) Class: 17K(128K)->17K(128K)
[2026-03-22T19:50:59.314+0900][9.412s][info][gc             ] GC(842) Pause Young (Allocation Failure) 352M->341M(455M) 4.469ms
[2026-03-22T19:50:59.314+0900][9.412s][info][gc,cpu         ] GC(842) User=0.00s Sys=0.00s Real=0.00s
[2026-03-22T19:50:59.320+0900][9.419s][info][gc,start       ] GC(843) Pause Full (Ergonomics)
[2026-03-22T19:50:59.321+0900][9.419s][info][gc,phases,start] GC(843) Marking Phase
[2026-03-22T19:50:59.322+0900][9.420s][info][gc,phases      ] GC(843) Marking Phase 1.464ms
[2026-03-22T19:50:59.322+0900][9.420s][info][gc,phases,start] GC(843) Summary Phase
[2026-03-22T19:50:59.322+0900][9.420s][info][gc,phases      ] GC(843) Summary Phase 0.025ms
[2026-03-22T19:50:59.322+0900][9.420s][info][gc,phases,start] GC(843) Adjust Roots
[2026-03-22T19:50:59.322+0900][9.421s][info][gc,phases      ] GC(843) Adjust Roots 0.366ms
[2026-03-22T19:50:59.323+0900][9.421s][info][gc,phases,start] GC(843) Compaction Phase
[2026-03-22T19:50:59.327+0900][9.426s][info][gc,phases      ] GC(843) Compaction Phase 5.352ms
[2026-03-22T19:50:59.327+0900][9.426s][info][gc,phases,start] GC(843) Post Compact
[2026-03-22T19:50:59.329+0900][9.428s][info][gc,phases      ] GC(843) Post Compact 1.676ms
[2026-03-22T19:50:59.329+0900][9.428s][info][gc,heap        ] GC(843) PSYoungGen: 116136K(116736K)->0K(116736K) Eden: 58504K(58880K)->0K(58880K) From: 57632K(57856K)->0K(57856K)
[2026-03-22T19:50:59.329+0900][9.428s][info][gc,heap        ] GC(843) ParOldGen: 292271K(349696K)->103430K(349696K)
[2026-03-22T19:50:59.329+0900][9.428s][info][gc,metaspace   ] GC(843) Metaspace: 341K(512K)->341K(512K) NonClass: 323K(384K)->323K(384K) Class: 17K(128K)->17K(128K)
[2026-03-22T19:50:59.329+0900][9.428s][info][gc             ] GC(843) Pause Full (Ergonomics) 398M->101M(455M) 9.288ms
[2026-03-22T19:50:59.329+0900][9.428s][info][gc,cpu         ] GC(843) User=0.02s Sys=0.00s Real=0.01s
[2026-03-22T19:50:59.336+0900][9.435s][info][gc,start       ] GC(844) Pause Young (Allocation Failure)
[2026-03-22T19:50:59.339+0900][9.438s][info][gc,heap        ] GC(844) PSYoungGen: 58504K(116736K)->57632K(116736K) Eden: 58504K(58880K)->0K(58880K) From: 0K(57856K)->57632K(57856K)
[2026-03-22T19:50:59.339+0900][9.438s][info][gc,heap        ] GC(844) ParOldGen: 103430K(349696K)->103430K(349696K)
[2026-03-22T19:50:59.339+0900][9.438s][info][gc,metaspace   ] GC(844) Metaspace: 341K(512K)->341K(512K) NonClass: 323K(384K)->323K(384K) Class: 17K(128K)->17K(128K)
[2026-03-22T19:50:59.339+0900][9.438s][info][gc             ] GC(844) Pause Young (Allocation Failure) 158M->157M(455M) 2.721ms
[2026-03-22T19:50:59.339+0900][9.438s][info][gc,cpu         ] GC(844) User=0.12s Sys=0.00s Real=0.00s
[2026-03-22T19:50:59.345+0900][9.444s][info][gc,start       ] GC(845) Pause Young (Allocation Failure)
[2026-03-22T19:50:59.349+0900][9.448s][info][gc,heap        ] GC(845) PSYoungGen: 116136K(116736K)->57632K(116736K) Eden: 58504K(58880K)->0K(58880K) From: 57632K(57856K)->57632K(57856K)
[2026-03-22T19:50:59.349+0900][9.448s][info][gc,heap        ] GC(845) ParOldGen: 103430K(349696K)->150638K(349696K)
[2026-03-22T19:50:59.349+0900][9.448s][info][gc,metaspace   ] GC(845) Metaspace: 341K(512K)->341K(512K) NonClass: 323K(384K)->323K(384K) Class: 17K(128K)->17K(128K)
[2026-03-22T19:50:59.350+0900][9.448s][info][gc             ] GC(845) Pause Young (Allocation Failure) 214M->203M(455M) 4.220ms
[2026-03-22T19:50:59.350+0900][9.448s][info][gc,cpu         ] GC(845) User=0.00s Sys=0.00s Real=0.00s
[2026-03-22T19:50:59.356+0900][9.455s][info][gc,start       ] GC(846) Pause Young (Allocation Failure)
[2026-03-22T19:50:59.360+0900][9.459s][info][gc,heap        ] GC(846) PSYoungGen: 116136K(116736K)->57632K(116736K) Eden: 58504K(58880K)->0K(58880K) From: 57632K(57856K)->57632K(57856K)
[2026-03-22T19:50:59.360+0900][9.459s][info][gc,heap        ] GC(846) ParOldGen: 150638K(349696K)->197847K(349696K)
[2026-03-22T19:50:59.360+0900][9.459s][info][gc,metaspace   ] GC(846) Metaspace: 341K(512K)->341K(512K) NonClass: 323K(384K)->323K(384K) Class: 17K(128K)->17K(128K)
[2026-03-22T19:50:59.360+0900][9.459s][info][gc             ] GC(846) Pause Young (Allocation Failure) 260M->249M(455M) 4.362ms
[2026-03-22T19:50:59.360+0900][9.459s][info][gc,cpu         ] GC(846) User=0.00s Sys=0.00s Real=0.00s
[2026-03-22T19:50:59.366+0900][9.465s][info][gc,start       ] GC(847) Pause Young (Allocation Failure)
[2026-03-22T19:50:59.372+0900][9.470s][info][gc,heap        ] GC(847) PSYoungGen: 116136K(116736K)->57600K(116736K) Eden: 58504K(58880K)->0K(58880K) From: 57632K(57856K)->57600K(57856K)
[2026-03-22T19:50:59.372+0900][9.470s][info][gc,heap        ] GC(847) ParOldGen: 197847K(349696K)->245047K(349696K)
[2026-03-22T19:50:59.372+0900][9.470s][info][gc,metaspace   ] GC(847) Metaspace: 341K(512K)->341K(512K) NonClass: 323K(384K)->323K(384K) Class: 17K(128K)->17K(128K)
[2026-03-22T19:50:59.372+0900][9.470s][info][gc             ] GC(847) Pause Young (Allocation Failure) 306M->295M(455M) 4.917ms
[2026-03-22T19:50:59.372+0900][9.470s][info][gc,cpu         ] GC(847) User=0.08s Sys=0.00s Real=0.01s
[2026-03-22T19:50:59.378+0900][9.476s][info][gc,start       ] GC(848) Pause Young (Allocation Failure)
[2026-03-22T19:50:59.382+0900][9.481s][info][gc,heap        ] GC(848) PSYoungGen: 116104K(116736K)->57632K(116736K) Eden: 58504K(58880K)->0K(58880K) From: 57600K(57856K)->57632K(57856K)
[2026-03-22T19:50:59.382+0900][9.481s][info][gc,heap        ] GC(848) ParOldGen: 245047K(349696K)->292255K(349696K)
[2026-03-22T19:50:59.383+0900][9.481s][info][gc,metaspace   ] GC(848) Metaspace: 341K(512K)->341K(512K) NonClass: 323K(384K)->323K(384K) Class: 17K(128K)->17K(128K)
[2026-03-22T19:50:59.383+0900][9.481s][info][gc             ] GC(848) Pause Young (Allocation Failure) 352M->341M(455M) 4.922ms
[2026-03-22T19:50:59.383+0900][9.481s][info][gc,cpu         ] GC(848) User=0.00s Sys=0.00s Real=0.00s
[2026-03-22T19:50:59.390+0900][9.488s][info][gc,start       ] GC(849) Pause Full (Ergonomics)
[2026-03-22T19:50:59.390+0900][9.488s][info][gc,phases,start] GC(849) Marking Phase
[2026-03-22T19:50:59.391+0900][9.490s][info][gc,phases      ] GC(849) Marking Phase 1.850ms
[2026-03-22T19:50:59.392+0900][9.490s][info][gc,phases,start] GC(849) Summary Phase
[2026-03-22T19:50:59.392+0900][9.490s][info][gc,phases      ] GC(849) Summary Phase 0.035ms
[2026-03-22T19:50:59.392+0900][9.490s][info][gc,phases,start] GC(849) Adjust Roots
[2026-03-22T19:50:59.392+0900][9.490s][info][gc,phases      ] GC(849) Adjust Roots 0.255ms
[2026-03-22T19:50:59.392+0900][9.490s][info][gc,phases,start] GC(849) Compaction Phase
[2026-03-22T19:50:59.397+0900][9.496s][info][gc,phases      ] GC(849) Compaction Phase 5.197ms
[2026-03-22T19:50:59.397+0900][9.496s][info][gc,phases,start] GC(849) Post Compact
[2026-03-22T19:50:59.398+0900][9.497s][info][gc,phases      ] GC(849) Post Compact 1.503ms
[2026-03-22T19:50:59.398+0900][9.497s][info][gc,heap        ] GC(849) PSYoungGen: 116136K(116736K)->0K(116736K) Eden: 58504K(58880K)->0K(58880K) From: 57632K(57856K)->0K(57856K)
[2026-03-22T19:50:59.398+0900][9.497s][info][gc,heap        ] GC(849) ParOldGen: 292255K(349696K)->103430K(349696K)
[2026-03-22T19:50:59.398+0900][9.497s][info][gc,metaspace   ] GC(849) Metaspace: 341K(512K)->341K(512K) NonClass: 323K(384K)->323K(384K) Class: 17K(128K)->17K(128K)
[2026-03-22T19:50:59.398+0900][9.497s][info][gc             ] GC(849) Pause Full (Ergonomics) 398M->101M(455M) 9.280ms
[2026-03-22T19:50:59.398+0900][9.497s][info][gc,cpu         ] GC(849) User=0.00s Sys=0.00s Real=0.01s
[2026-03-22T19:50:59.405+0900][9.504s][info][gc,start       ] GC(850) Pause Young (Allocation Failure)
[2026-03-22T19:50:59.408+0900][9.507s][info][gc,heap        ] GC(850) PSYoungGen: 58504K(116736K)->57632K(116736K) Eden: 58504K(58880K)->0K(58880K) From: 0K(57856K)->57632K(57856K)
[2026-03-22T19:50:59.408+0900][9.507s][info][gc,heap        ] GC(850) ParOldGen: 103430K(349696K)->103430K(349696K)
[2026-03-22T19:50:59.408+0900][9.507s][info][gc,metaspace   ] GC(850) Metaspace: 341K(512K)->341K(512K) NonClass: 323K(384K)->323K(384K) Class: 17K(128K)->17K(128K)
[2026-03-22T19:50:59.408+0900][9.507s][info][gc             ] GC(850) Pause Young (Allocation Failure) 158M->157M(455M) 3.009ms
[2026-03-22T19:50:59.408+0900][9.507s][info][gc,cpu         ] GC(850) User=0.00s Sys=0.00s Real=0.00s
[2026-03-22T19:50:59.415+0900][9.514s][info][gc,start       ] GC(851) Pause Young (Allocation Failure)
[2026-03-22T19:50:59.420+0900][9.518s][info][gc,heap        ] GC(851) PSYoungGen: 116136K(116736K)->57632K(116736K) Eden: 58504K(58880K)->0K(58880K) From: 57632K(57856K)->57632K(57856K)
[2026-03-22T19:50:59.420+0900][9.518s][info][gc,heap        ] GC(851) ParOldGen: 103430K(349696K)->150638K(349696K)
[2026-03-22T19:50:59.420+0900][9.518s][info][gc,metaspace   ] GC(851) Metaspace: 341K(512K)->341K(512K) NonClass: 323K(384K)->323K(384K) Class: 17K(128K)->17K(128K)
[2026-03-22T19:50:59.420+0900][9.518s][info][gc             ] GC(851) Pause Young (Allocation Failure) 214M->203M(455M) 4.707ms
[2026-03-22T19:50:59.420+0900][9.518s][info][gc,cpu         ] GC(851) User=0.12s Sys=0.00s Real=0.01s
[2026-03-22T19:50:59.426+0900][9.524s][info][gc,start       ] GC(852) Pause Young (Allocation Failure)
[2026-03-22T19:50:59.431+0900][9.529s][info][gc,heap        ] GC(852) PSYoungGen: 116136K(116736K)->57632K(116736K) Eden: 58504K(58880K)->0K(58880K) From: 57632K(57856K)->57632K(57856K)
[2026-03-22T19:50:59.431+0900][9.529s][info][gc,heap        ] GC(852) ParOldGen: 150638K(349696K)->197847K(349696K)
[2026-03-22T19:50:59.431+0900][9.529s][info][gc,metaspace   ] GC(852) Metaspace: 341K(512K)->341K(512K) NonClass: 323K(384K)->323K(384K) Class: 17K(128K)->17K(128K)
[2026-03-22T19:50:59.431+0900][9.529s][info][gc             ] GC(852) Pause Young (Allocation Failure) 260M->249M(455M) 4.894ms
[2026-03-22T19:50:59.431+0900][9.529s][info][gc,cpu         ] GC(852) User=0.00s Sys=0.00s Real=0.00s
[2026-03-22T19:50:59.436+0900][9.535s][info][gc,start       ] GC(853) Pause Young (Allocation Failure)
[2026-03-22T19:50:59.440+0900][9.540s][info][gc,heap        ] GC(853) PSYoungGen: 116136K(116736K)->57632K(116736K) Eden: 58504K(58880K)->0K(58880K) From: 57632K(57856K)->57632K(57856K)
[2026-03-22T19:50:59.441+0900][9.540s][info][gc,heap        ] GC(853) ParOldGen: 197847K(349696K)->245063K(349696K)
[2026-03-22T19:50:59.441+0900][9.540s][info][gc,metaspace   ] GC(853) Metaspace: 341K(512K)->341K(512K) NonClass: 323K(384K)->323K(384K) Class: 17K(128K)->17K(128K)
[2026-03-22T19:50:59.441+0900][9.540s][info][gc             ] GC(853) Pause Young (Allocation Failure) 306M->295M(455M) 4.246ms
[2026-03-22T19:50:59.441+0900][9.540s][info][gc,cpu         ] GC(853) User=0.00s Sys=0.00s Real=0.00s
[2026-03-22T19:50:59.447+0900][9.546s][info][gc,start       ] GC(854) Pause Young (Allocation Failure)
[2026-03-22T19:50:59.451+0900][9.550s][info][gc,heap        ] GC(854) PSYoungGen: 116136K(116736K)->57632K(116736K) Eden: 58504K(58880K)->0K(58880K) From: 57632K(57856K)->57632K(57856K)
[2026-03-22T19:50:59.451+0900][9.550s][info][gc,heap        ] GC(854) ParOldGen: 245063K(349696K)->292271K(349696K)
[2026-03-22T19:50:59.451+0900][9.550s][info][gc,metaspace   ] GC(854) Metaspace: 341K(512K)->341K(512K) NonClass: 323K(384K)->323K(384K) Class: 17K(128K)->17K(128K)
[2026-03-22T19:50:59.451+0900][9.550s][info][gc             ] GC(854) Pause Young (Allocation Failure) 352M->341M(455M) 4.184ms
[2026-03-22T19:50:59.451+0900][9.550s][info][gc,cpu         ] GC(854) User=0.00s Sys=0.00s Real=0.00s
[2026-03-22T19:50:59.458+0900][9.557s][info][gc,start       ] GC(855) Pause Full (Ergonomics)
[2026-03-22T19:50:59.458+0900][9.557s][info][gc,phases,start] GC(855) Marking Phase
[2026-03-22T19:50:59.460+0900][9.558s][info][gc,phases      ] GC(855) Marking Phase 1.484ms
[2026-03-22T19:50:59.460+0900][9.558s][info][gc,phases,start] GC(855) Summary Phase
[2026-03-22T19:50:59.460+0900][9.558s][info][gc,phases      ] GC(855) Summary Phase 0.022ms
[2026-03-22T19:50:59.460+0900][9.558s][info][gc,phases,start] GC(855) Adjust Roots
[2026-03-22T19:50:59.460+0900][9.559s][info][gc,phases      ] GC(855) Adjust Roots 0.344ms
[2026-03-22T19:50:59.460+0900][9.559s][info][gc,phases,start] GC(855) Compaction Phase
[2026-03-22T19:50:59.465+0900][9.564s][info][gc,phases      ] GC(855) Compaction Phase 5.030ms
[2026-03-22T19:50:59.465+0900][9.564s][info][gc,phases,start] GC(855) Post Compact
[2026-03-22T19:50:59.467+0900][9.565s][info][gc,phases      ] GC(855) Post Compact 1.481ms
[2026-03-22T19:50:59.467+0900][9.566s][info][gc,heap        ] GC(855) PSYoungGen: 116136K(116736K)->0K(116736K) Eden: 58504K(58880K)->0K(58880K) From: 57632K(57856K)->0K(57856K)
[2026-03-22T19:50:59.467+0900][9.566s][info][gc,heap        ] GC(855) ParOldGen: 292271K(349696K)->103430K(349696K)
[2026-03-22T19:50:59.467+0900][9.566s][info][gc,metaspace   ] GC(855) Metaspace: 341K(512K)->341K(512K) NonClass: 323K(384K)->323K(384K) Class: 17K(128K)->17K(128K)
[2026-03-22T19:50:59.467+0900][9.566s][info][gc             ] GC(855) Pause Full (Ergonomics) 398M->101M(455M) 8.687ms
[2026-03-22T19:50:59.467+0900][9.566s][info][gc,cpu         ] GC(855) User=0.12s Sys=0.00s Real=0.01s
[2026-03-22T19:50:59.474+0900][9.573s][info][gc,start       ] GC(856) Pause Young (Allocation Failure)
[2026-03-22T19:50:59.476+0900][9.575s][info][gc,heap        ] GC(856) PSYoungGen: 58504K(116736K)->57632K(116736K) Eden: 58504K(58880K)->0K(58880K) From: 0K(57856K)->57632K(57856K)
[2026-03-22T19:50:59.476+0900][9.575s][info][gc,heap        ] GC(856) ParOldGen: 103430K(349696K)->103430K(349696K)
[2026-03-22T19:50:59.476+0900][9.575s][info][gc,metaspace   ] GC(856) Metaspace: 341K(512K)->341K(512K) NonClass: 323K(384K)->323K(384K) Class: 17K(128K)->17K(128K)
[2026-03-22T19:50:59.476+0900][9.575s][info][gc             ] GC(856) Pause Young (Allocation Failure) 158M->157M(455M) 2.674ms
[2026-03-22T19:50:59.476+0900][9.575s][info][gc,cpu         ] GC(856) User=0.00s Sys=0.00s Real=0.00s
[2026-03-22T19:50:59.482+0900][9.580s][info][gc,start       ] GC(857) Pause Young (Allocation Failure)
[2026-03-22T19:50:59.486+0900][9.584s][info][gc,heap        ] GC(857) PSYoungGen: 116136K(116736K)->57632K(116736K) Eden: 58504K(58880K)->0K(58880K) From: 57632K(57856K)->57632K(57856K)
[2026-03-22T19:50:59.486+0900][9.584s][info][gc,heap        ] GC(857) ParOldGen: 103430K(349696K)->150638K(349696K)
[2026-03-22T19:50:59.486+0900][9.584s][info][gc,metaspace   ] GC(857) Metaspace: 341K(512K)->341K(512K) NonClass: 323K(384K)->323K(384K) Class: 17K(128K)->17K(128K)
[2026-03-22T19:50:59.486+0900][9.584s][info][gc             ] GC(857) Pause Young (Allocation Failure) 214M->203M(455M) 4.069ms
[2026-03-22T19:50:59.486+0900][9.585s][info][gc,cpu         ] GC(857) User=0.00s Sys=0.00s Real=0.00s
[2026-03-22T19:50:59.491+0900][9.590s][info][gc,start       ] GC(858) Pause Young (Allocation Failure)
[2026-03-22T19:50:59.495+0900][9.594s][info][gc,heap        ] GC(858) PSYoungGen: 116136K(116736K)->57632K(116736K) Eden: 58504K(58880K)->0K(58880K) From: 57632K(57856K)->57632K(57856K)
[2026-03-22T19:50:59.495+0900][9.594s][info][gc,heap        ] GC(858) ParOldGen: 150638K(349696K)->197847K(349696K)
[2026-03-22T19:50:59.495+0900][9.594s][info][gc,metaspace   ] GC(858) Metaspace: 341K(512K)->341K(512K) NonClass: 323K(384K)->323K(384K) Class: 17K(128K)->17K(128K)
[2026-03-22T19:50:59.495+0900][9.594s][info][gc             ] GC(858) Pause Young (Allocation Failure) 260M->249M(455M) 4.497ms
[2026-03-22T19:50:59.495+0900][9.594s][info][gc,cpu         ] GC(858) User=0.11s Sys=0.00s Real=0.00s
[2026-03-22T19:50:59.500+0900][9.599s][info][gc,start       ] GC(859) Pause Young (Allocation Failure)
[2026-03-22T19:50:59.505+0900][9.604s][info][gc,heap        ] GC(859) PSYoungGen: 116136K(116736K)->57632K(116736K) Eden: 58504K(58880K)->0K(58880K) From: 57632K(57856K)->57632K(57856K)
[2026-03-22T19:50:59.505+0900][9.604s][info][gc,heap        ] GC(859) ParOldGen: 197847K(349696K)->245063K(349696K)
[2026-03-22T19:50:59.505+0900][9.604s][info][gc,metaspace   ] GC(859) Metaspace: 341K(512K)->341K(512K) NonClass: 323K(384K)->323K(384K) Class: 17K(128K)->17K(128K)
[2026-03-22T19:50:59.505+0900][9.604s][info][gc             ] GC(859) Pause Young (Allocation Failure) 306M->295M(455M) 4.592ms
[2026-03-22T19:50:59.505+0900][9.604s][info][gc,cpu         ] GC(859) User=0.00s Sys=0.00s Real=0.01s
[2026-03-22T19:50:59.511+0900][9.609s][info][gc,start       ] GC(860) Pause Young (Allocation Failure)
[2026-03-22T19:50:59.515+0900][9.613s][info][gc,heap        ] GC(860) PSYoungGen: 116136K(116736K)->57632K(116736K) Eden: 58504K(58880K)->0K(58880K) From: 57632K(57856K)->57632K(57856K)
[2026-03-22T19:50:59.515+0900][9.614s][info][gc,heap        ] GC(860) ParOldGen: 245063K(349696K)->292271K(349696K)
[2026-03-22T19:50:59.515+0900][9.614s][info][gc,metaspace   ] GC(860) Metaspace: 341K(512K)->341K(512K) NonClass: 323K(384K)->323K(384K) Class: 17K(128K)->17K(128K)
[2026-03-22T19:50:59.515+0900][9.614s][info][gc             ] GC(860) Pause Young (Allocation Failure) 352M->341M(455M) 4.179ms
[2026-03-22T19:50:59.515+0900][9.614s][info][gc,cpu         ] GC(860) User=0.00s Sys=0.00s Real=0.00s
[2026-03-22T19:50:59.520+0900][9.619s][info][gc,start       ] GC(861) Pause Full (Ergonomics)
[2026-03-22T19:50:59.520+0900][9.619s][info][gc,phases,start] GC(861) Marking Phase
[2026-03-22T19:50:59.522+0900][9.620s][info][gc,phases      ] GC(861) Marking Phase 1.550ms
[2026-03-22T19:50:59.522+0900][9.620s][info][gc,phases,start] GC(861) Summary Phase
[2026-03-22T19:50:59.522+0900][9.620s][info][gc,phases      ] GC(861) Summary Phase 0.034ms
[2026-03-22T19:50:59.522+0900][9.620s][info][gc,phases,start] GC(861) Adjust Roots
[2026-03-22T19:50:59.522+0900][9.621s][info][gc,phases      ] GC(861) Adjust Roots 0.327ms
[2026-03-22T19:50:59.522+0900][9.621s][info][gc,phases,start] GC(861) Compaction Phase
[2026-03-22T19:50:59.526+0900][9.626s][info][gc,phases      ] GC(861) Compaction Phase 4.943ms
[2026-03-22T19:50:59.526+0900][9.626s][info][gc,phases,start] GC(861) Post Compact
[2026-03-22T19:50:59.529+0900][9.627s][info][gc,phases      ] GC(861) Post Compact 1.362ms
[2026-03-22T19:50:59.529+0900][9.627s][info][gc,heap        ] GC(861) PSYoungGen: 116136K(116736K)->0K(116736K) Eden: 58504K(58880K)->0K(58880K) From: 57632K(57856K)->0K(57856K)
[2026-03-22T19:50:59.529+0900][9.627s][info][gc,heap        ] GC(861) ParOldGen: 292271K(349696K)->103430K(349696K)
[2026-03-22T19:50:59.529+0900][9.627s][info][gc,metaspace   ] GC(861) Metaspace: 341K(512K)->341K(512K) NonClass: 323K(384K)->323K(384K) Class: 17K(128K)->17K(128K)
[2026-03-22T19:50:59.529+0900][9.627s][info][gc             ] GC(861) Pause Full (Ergonomics) 398M->101M(455M) 8.645ms
[2026-03-22T19:50:59.529+0900][9.627s][info][gc,cpu         ] GC(861) User=0.12s Sys=0.00s Real=0.01s
[2026-03-22T19:50:59.535+0900][9.633s][info][gc,start       ] GC(862) Pause Young (Allocation Failure)
[2026-03-22T19:50:59.537+0900][9.635s][info][gc,heap        ] GC(862) PSYoungGen: 58504K(116736K)->57632K(116736K) Eden: 58504K(58880K)->0K(58880K) From: 0K(57856K)->57632K(57856K)
[2026-03-22T19:50:59.537+0900][9.635s][info][gc,heap        ] GC(862) ParOldGen: 103430K(349696K)->103430K(349696K)
[2026-03-22T19:50:59.537+0900][9.635s][info][gc,metaspace   ] GC(862) Metaspace: 341K(512K)->341K(512K) NonClass: 323K(384K)->323K(384K) Class: 17K(128K)->17K(128K)
[2026-03-22T19:50:59.537+0900][9.635s][info][gc             ] GC(862) Pause Young (Allocation Failure) 158M->157M(455M) 2.573ms
[2026-03-22T19:50:59.537+0900][9.635s][info][gc,cpu         ] GC(862) User=0.00s Sys=0.00s Real=0.00s
[2026-03-22T19:50:59.543+0900][9.642s][info][gc,start       ] GC(863) Pause Young (Allocation Failure)
[2026-03-22T19:50:59.548+0900][9.646s][info][gc,heap        ] GC(863) PSYoungGen: 116136K(116736K)->57632K(116736K) Eden: 58504K(58880K)->0K(58880K) From: 57632K(57856K)->57632K(57856K)
[2026-03-22T19:50:59.548+0900][9.647s][info][gc,heap        ] GC(863) ParOldGen: 103430K(349696K)->150638K(349696K)
[2026-03-22T19:50:59.548+0900][9.647s][info][gc,metaspace   ] GC(863) Metaspace: 341K(512K)->341K(512K) NonClass: 323K(384K)->323K(384K) Class: 17K(128K)->17K(128K)
[2026-03-22T19:50:59.548+0900][9.647s][info][gc             ] GC(863) Pause Young (Allocation Failure) 214M->203M(455M) 4.395ms
[2026-03-22T19:50:59.548+0900][9.647s][info][gc,cpu         ] GC(863) User=0.00s Sys=0.00s Real=0.01s
[2026-03-22T19:50:59.553+0900][9.652s][info][gc,start       ] GC(864) Pause Young (Allocation Failure)
[2026-03-22T19:50:59.557+0900][9.656s][info][gc,heap        ] GC(864) PSYoungGen: 116136K(116736K)->57632K(116736K) Eden: 58504K(58880K)->0K(58880K) From: 57632K(57856K)->57632K(57856K)
[2026-03-22T19:50:59.557+0900][9.656s][info][gc,heap        ] GC(864) ParOldGen: 150638K(349696K)->197847K(349696K)
[2026-03-22T19:50:59.557+0900][9.656s][info][gc,metaspace   ] GC(864) Metaspace: 341K(512K)->341K(512K) NonClass: 323K(384K)->323K(384K) Class: 17K(128K)->17K(128K)
[2026-03-22T19:50:59.557+0900][9.656s][info][gc             ] GC(864) Pause Young (Allocation Failure) 260M->249M(455M) 4.244ms
[2026-03-22T19:50:59.558+0900][9.656s][info][gc,cpu         ] GC(864) User=0.12s Sys=0.00s Real=0.01s
[2026-03-22T19:50:59.563+0900][9.662s][info][gc,start       ] GC(865) Pause Young (Allocation Failure)
[2026-03-22T19:50:59.567+0900][9.666s][info][gc,heap        ] GC(865) PSYoungGen: 116136K(116736K)->57632K(116736K) Eden: 58504K(58880K)->0K(58880K) From: 57632K(57856K)->57632K(57856K)
[2026-03-22T19:50:59.567+0900][9.666s][info][gc,heap        ] GC(865) ParOldGen: 197847K(349696K)->245063K(349696K)
[2026-03-22T19:50:59.567+0900][9.666s][info][gc,metaspace   ] GC(865) Metaspace: 341K(512K)->341K(512K) NonClass: 323K(384K)->323K(384K) Class: 17K(128K)->17K(128K)
[2026-03-22T19:50:59.567+0900][9.666s][info][gc             ] GC(865) Pause Young (Allocation Failure) 306M->295M(455M) 4.294ms
[2026-03-22T19:50:59.567+0900][9.666s][info][gc,cpu         ] GC(865) User=0.00s Sys=0.00s Real=0.00s
[2026-03-22T19:50:59.574+0900][9.673s][info][gc,start       ] GC(866) Pause Young (Allocation Failure)
[2026-03-22T19:50:59.578+0900][9.677s][info][gc,heap        ] GC(866) PSYoungGen: 116136K(116736K)->57632K(116736K) Eden: 58504K(58880K)->0K(58880K) From: 57632K(57856K)->57632K(57856K)
[2026-03-22T19:50:59.578+0900][9.677s][info][gc,heap        ] GC(866) ParOldGen: 245063K(349696K)->292271K(349696K)
[2026-03-22T19:50:59.578+0900][9.677s][info][gc,metaspace   ] GC(866) Metaspace: 341K(512K)->341K(512K) NonClass: 323K(384K)->323K(384K) Class: 17K(128K)->17K(128K)
[2026-03-22T19:50:59.578+0900][9.677s][info][gc             ] GC(866) Pause Young (Allocation Failure) 352M->341M(455M) 4.371ms
[2026-03-22T19:50:59.578+0900][9.677s][info][gc,cpu         ] GC(866) User=0.00s Sys=0.00s Real=0.00s
[2026-03-22T19:50:59.584+0900][9.682s][info][gc,start       ] GC(867) Pause Full (Ergonomics)
[2026-03-22T19:50:59.584+0900][9.683s][info][gc,phases,start] GC(867) Marking Phase
[2026-03-22T19:50:59.586+0900][9.684s][info][gc,phases      ] GC(867) Marking Phase 1.416ms
[2026-03-22T19:50:59.586+0900][9.684s][info][gc,phases,start] GC(867) Summary Phase
[2026-03-22T19:50:59.586+0900][9.684s][info][gc,phases      ] GC(867) Summary Phase 0.025ms
[2026-03-22T19:50:59.586+0900][9.684s][info][gc,phases,start] GC(867) Adjust Roots
[2026-03-22T19:50:59.586+0900][9.684s][info][gc,phases      ] GC(867) Adjust Roots 0.270ms
[2026-03-22T19:50:59.586+0900][9.684s][info][gc,phases,start] GC(867) Compaction Phase
[2026-03-22T19:50:59.591+0900][9.689s][info][gc,phases      ] GC(867) Compaction Phase 4.722ms
[2026-03-22T19:50:59.591+0900][9.689s][info][gc,phases,start] GC(867) Post Compact
[2026-03-22T19:50:59.592+0900][9.691s][info][gc,phases      ] GC(867) Post Compact 1.578ms
[2026-03-22T19:50:59.593+0900][9.691s][info][gc,heap        ] GC(867) PSYoungGen: 116136K(116736K)->0K(116736K) Eden: 58504K(58880K)->0K(58880K) From: 57632K(57856K)->0K(57856K)
[2026-03-22T19:50:59.593+0900][9.691s][info][gc,heap        ] GC(867) ParOldGen: 292271K(349696K)->103430K(349696K)
[2026-03-22T19:50:59.593+0900][9.691s][info][gc,metaspace   ] GC(867) Metaspace: 341K(512K)->341K(512K) NonClass: 323K(384K)->323K(384K) Class: 17K(128K)->17K(128K)
[2026-03-22T19:50:59.593+0900][9.691s][info][gc             ] GC(867) Pause Full (Ergonomics) 398M->101M(455M) 8.431ms
[2026-03-22T19:50:59.593+0900][9.691s][info][gc,cpu         ] GC(867) User=0.12s Sys=0.00s Real=0.01s
[2026-03-22T19:50:59.598+0900][9.696s][info][gc,start       ] GC(868) Pause Young (Allocation Failure)
[2026-03-22T19:50:59.601+0900][9.699s][info][gc,heap        ] GC(868) PSYoungGen: 58504K(116736K)->57632K(116736K) Eden: 58504K(58880K)->0K(58880K) From: 0K(57856K)->57632K(57856K)
[2026-03-22T19:50:59.601+0900][9.699s][info][gc,heap        ] GC(868) ParOldGen: 103430K(349696K)->103430K(349696K)
[2026-03-22T19:50:59.601+0900][9.699s][info][gc,metaspace   ] GC(868) Metaspace: 341K(512K)->341K(512K) NonClass: 323K(384K)->323K(384K) Class: 17K(128K)->17K(128K)
[2026-03-22T19:50:59.601+0900][9.699s][info][gc             ] GC(868) Pause Young (Allocation Failure) 158M->157M(455M) 2.686ms
[2026-03-22T19:50:59.601+0900][9.699s][info][gc,cpu         ] GC(868) User=0.00s Sys=0.00s Real=0.00s
[2026-03-22T19:50:59.608+0900][9.706s][info][gc,start       ] GC(869) Pause Young (Allocation Failure)
[2026-03-22T19:50:59.611+0900][9.710s][info][gc,heap        ] GC(869) PSYoungGen: 116136K(116736K)->57632K(116736K) Eden: 58504K(58880K)->0K(58880K) From: 57632K(57856K)->57632K(57856K)
[2026-03-22T19:50:59.611+0900][9.710s][info][gc,heap        ] GC(869) ParOldGen: 103430K(349696K)->150638K(349696K)
[2026-03-22T19:50:59.611+0900][9.710s][info][gc,metaspace   ] GC(869) Metaspace: 341K(512K)->341K(512K) NonClass: 323K(384K)->323K(384K) Class: 17K(128K)->17K(128K)
[2026-03-22T19:50:59.611+0900][9.710s][info][gc             ] GC(869) Pause Young (Allocation Failure) 214M->203M(455M) 4.082ms
[2026-03-22T19:50:59.611+0900][9.710s][info][gc,cpu         ] GC(869) User=0.00s Sys=0.00s Real=0.00s
[2026-03-22T19:50:59.617+0900][9.716s][info][gc,start       ] GC(870) Pause Young (Allocation Failure)
[2026-03-22T19:50:59.621+0900][9.720s][info][gc,heap        ] GC(870) PSYoungGen: 116136K(116736K)->57632K(116736K) Eden: 58504K(58880K)->0K(58880K) From: 57632K(57856K)->57632K(57856K)
[2026-03-22T19:50:59.621+0900][9.720s][info][gc,heap        ] GC(870) ParOldGen: 150638K(349696K)->197847K(349696K)
[2026-03-22T19:50:59.621+0900][9.720s][info][gc,metaspace   ] GC(870) Metaspace: 341K(512K)->341K(512K) NonClass: 323K(384K)->323K(384K) Class: 17K(128K)->17K(128K)
[2026-03-22T19:50:59.621+0900][9.720s][info][gc             ] GC(870) Pause Young (Allocation Failure) 260M->249M(455M) 4.266ms
[2026-03-22T19:50:59.621+0900][9.720s][info][gc,cpu         ] GC(870) User=0.11s Sys=0.00s Real=0.00s
[2026-03-22T19:50:59.628+0900][9.727s][info][gc,start       ] GC(871) Pause Young (Allocation Failure)
[2026-03-22T19:50:59.633+0900][9.731s][info][gc,heap        ] GC(871) PSYoungGen: 116136K(116736K)->57632K(116736K) Eden: 58504K(58880K)->0K(58880K) From: 57632K(57856K)->57632K(57856K)
[2026-03-22T19:50:59.633+0900][9.731s][info][gc,heap        ] GC(871) ParOldGen: 197847K(349696K)->245063K(349696K)
[2026-03-22T19:50:59.633+0900][9.731s][info][gc,metaspace   ] GC(871) Metaspace: 341K(512K)->341K(512K) NonClass: 323K(384K)->323K(384K) Class: 17K(128K)->17K(128K)
[2026-03-22T19:50:59.633+0900][9.731s][info][gc             ] GC(871) Pause Young (Allocation Failure) 306M->295M(455M) 4.305ms
[2026-03-22T19:50:59.633+0900][9.731s][info][gc,cpu         ] GC(871) User=0.00s Sys=0.00s Real=0.00s
[2026-03-22T19:50:59.639+0900][9.737s][info][gc,start       ] GC(872) Pause Young (Allocation Failure)
[2026-03-22T19:50:59.642+0900][9.741s][info][gc,heap        ] GC(872) PSYoungGen: 116136K(116736K)->57632K(116736K) Eden: 58504K(58880K)->0K(58880K) From: 57632K(57856K)->57632K(57856K)
[2026-03-22T19:50:59.642+0900][9.741s][info][gc,heap        ] GC(872) ParOldGen: 245063K(349696K)->292271K(349696K)
[2026-03-22T19:50:59.642+0900][9.741s][info][gc,metaspace   ] GC(872) Metaspace: 341K(512K)->341K(512K) NonClass: 323K(384K)->323K(384K) Class: 17K(128K)->17K(128K)
[2026-03-22T19:50:59.642+0900][9.741s][info][gc             ] GC(872) Pause Young (Allocation Failure) 352M->341M(455M) 4.093ms
[2026-03-22T19:50:59.642+0900][9.741s][info][gc,cpu         ] GC(872) User=0.00s Sys=0.00s Real=0.00s
[2026-03-22T19:50:59.649+0900][9.748s][info][gc,start       ] GC(873) Pause Full (Ergonomics)
[2026-03-22T19:50:59.649+0900][9.748s][info][gc,phases,start] GC(873) Marking Phase
[2026-03-22T19:50:59.651+0900][9.749s][info][gc,phases      ] GC(873) Marking Phase 1.579ms
[2026-03-22T19:50:59.651+0900][9.749s][info][gc,phases,start] GC(873) Summary Phase
[2026-03-22T19:50:59.651+0900][9.749s][info][gc,phases      ] GC(873) Summary Phase 0.026ms
[2026-03-22T19:50:59.651+0900][9.749s][info][gc,phases,start] GC(873) Adjust Roots
[2026-03-22T19:50:59.651+0900][9.750s][info][gc,phases      ] GC(873) Adjust Roots 0.243ms
[2026-03-22T19:50:59.651+0900][9.750s][info][gc,phases,start] GC(873) Compaction Phase
[2026-03-22T19:50:59.656+0900][9.754s][info][gc,phases      ] GC(873) Compaction Phase 4.774ms
[2026-03-22T19:50:59.656+0900][9.755s][info][gc,phases,start] GC(873) Post Compact
[2026-03-22T19:50:59.658+0900][9.756s][info][gc,phases      ] GC(873) Post Compact 1.657ms
[2026-03-22T19:50:59.658+0900][9.756s][info][gc,heap        ] GC(873) PSYoungGen: 116136K(116736K)->0K(116736K) Eden: 58504K(58880K)->0K(58880K) From: 57632K(57856K)->0K(57856K)
[2026-03-22T19:50:59.658+0900][9.756s][info][gc,heap        ] GC(873) ParOldGen: 292271K(349696K)->103430K(349696K)
[2026-03-22T19:50:59.658+0900][9.756s][info][gc,metaspace   ] GC(873) Metaspace: 341K(512K)->341K(512K) NonClass: 323K(384K)->323K(384K) Class: 17K(128K)->17K(128K)
[2026-03-22T19:50:59.658+0900][9.756s][info][gc             ] GC(873) Pause Full (Ergonomics) 398M->101M(455M) 8.672ms
[2026-03-22T19:50:59.658+0900][9.756s][info][gc,cpu         ] GC(873) User=0.02s Sys=0.00s Real=0.01s
[2026-03-22T19:50:59.664+0900][9.762s][info][gc,start       ] GC(874) Pause Young (Allocation Failure)
[2026-03-22T19:50:59.666+0900][9.765s][info][gc,heap        ] GC(874) PSYoungGen: 58504K(116736K)->57632K(116736K) Eden: 58504K(58880K)->0K(58880K) From: 0K(57856K)->57632K(57856K)
[2026-03-22T19:50:59.666+0900][9.765s][info][gc,heap        ] GC(874) ParOldGen: 103430K(349696K)->103430K(349696K)
[2026-03-22T19:50:59.666+0900][9.765s][info][gc,metaspace   ] GC(874) Metaspace: 341K(512K)->341K(512K) NonClass: 323K(384K)->323K(384K) Class: 17K(128K)->17K(128K)
[2026-03-22T19:50:59.666+0900][9.765s][info][gc             ] GC(874) Pause Young (Allocation Failure) 158M->157M(455M) 2.627ms
[2026-03-22T19:50:59.666+0900][9.765s][info][gc,cpu         ] GC(874) User=0.11s Sys=0.00s Real=0.00s
[2026-03-22T19:50:59.672+0900][9.770s][info][gc,start       ] GC(875) Pause Young (Allocation Failure)
[2026-03-22T19:50:59.676+0900][9.774s][info][gc,heap        ] GC(875) PSYoungGen: 116136K(116736K)->57632K(116736K) Eden: 58504K(58880K)->0K(58880K) From: 57632K(57856K)->57632K(57856K)
[2026-03-22T19:50:59.676+0900][9.774s][info][gc,heap        ] GC(875) ParOldGen: 103430K(349696K)->150638K(349696K)
[2026-03-22T19:50:59.676+0900][9.774s][info][gc,metaspace   ] GC(875) Metaspace: 341K(512K)->341K(512K) NonClass: 323K(384K)->323K(384K) Class: 17K(128K)->17K(128K)
[2026-03-22T19:50:59.676+0900][9.775s][info][gc             ] GC(875) Pause Young (Allocation Failure) 214M->203M(455M) 4.130ms
[2026-03-22T19:50:59.676+0900][9.775s][info][gc,cpu         ] GC(875) User=0.00s Sys=0.00s Real=0.00s
[2026-03-22T19:50:59.682+0900][9.781s][info][gc,start       ] GC(876) Pause Young (Allocation Failure)
[2026-03-22T19:50:59.687+0900][9.786s][info][gc,heap        ] GC(876) PSYoungGen: 116136K(116736K)->57632K(116736K) Eden: 58504K(58880K)->0K(58880K) From: 57632K(57856K)->57632K(57856K)
[2026-03-22T19:50:59.687+0900][9.786s][info][gc,heap        ] GC(876) ParOldGen: 150638K(349696K)->197839K(349696K)
[2026-03-22T19:50:59.687+0900][9.786s][info][gc,metaspace   ] GC(876) Metaspace: 341K(512K)->341K(512K) NonClass: 323K(384K)->323K(384K) Class: 17K(128K)->17K(128K)
[2026-03-22T19:50:59.687+0900][9.786s][info][gc             ] GC(876) Pause Young (Allocation Failure) 260M->249M(455M) 4.957ms
[2026-03-22T19:50:59.687+0900][9.786s][info][gc,cpu         ] GC(876) User=0.00s Sys=0.00s Real=0.01s
[2026-03-22T19:50:59.692+0900][9.791s][info][gc,start       ] GC(877) Pause Young (Allocation Failure)
[2026-03-22T19:50:59.696+0900][9.795s][info][gc,heap        ] GC(877) PSYoungGen: 116136K(116736K)->57632K(116736K) Eden: 58504K(58880K)->0K(58880K) From: 57632K(57856K)->57632K(57856K)
[2026-03-22T19:50:59.696+0900][9.796s][info][gc,heap        ] GC(877) ParOldGen: 197839K(349696K)->245055K(349696K)
[2026-03-22T19:50:59.696+0900][9.796s][info][gc,metaspace   ] GC(877) Metaspace: 341K(512K)->341K(512K) NonClass: 323K(384K)->323K(384K) Class: 17K(128K)->17K(128K)
[2026-03-22T19:50:59.697+0900][9.796s][info][gc             ] GC(877) Pause Young (Allocation Failure) 306M->295M(455M) 4.391ms
[2026-03-22T19:50:59.697+0900][9.796s][info][gc,cpu         ] GC(877) User=0.00s Sys=0.00s Real=0.01s
[2026-03-22T19:50:59.702+0900][9.801s][info][gc,start       ] GC(878) Pause Young (Allocation Failure)
[2026-03-22T19:50:59.706+0900][9.805s][info][gc,heap        ] GC(878) PSYoungGen: 116136K(116736K)->57600K(116736K) Eden: 58504K(58880K)->0K(58880K) From: 57632K(57856K)->57600K(57856K)
[2026-03-22T19:50:59.706+0900][9.805s][info][gc,heap        ] GC(878) ParOldGen: 245055K(349696K)->292255K(349696K)
[2026-03-22T19:50:59.706+0900][9.805s][info][gc,metaspace   ] GC(878) Metaspace: 341K(512K)->341K(512K) NonClass: 323K(384K)->323K(384K) Class: 17K(128K)->17K(128K)
[2026-03-22T19:50:59.707+0900][9.806s][info][gc             ] GC(878) Pause Young (Allocation Failure) 352M->341M(455M) 4.591ms
[2026-03-22T19:50:59.707+0900][9.806s][info][gc,cpu         ] GC(878) User=0.00s Sys=0.00s Real=0.01s
[2026-03-22T19:50:59.714+0900][9.812s][info][gc,start       ] GC(879) Pause Full (Ergonomics)
[2026-03-22T19:50:59.714+0900][9.812s][info][gc,phases,start] GC(879) Marking Phase
[2026-03-22T19:50:59.715+0900][9.814s][info][gc,phases      ] GC(879) Marking Phase 1.465ms
[2026-03-22T19:50:59.715+0900][9.814s][info][gc,phases,start] GC(879) Summary Phase
[2026-03-22T19:50:59.715+0900][9.814s][info][gc,phases      ] GC(879) Summary Phase 0.023ms
[2026-03-22T19:50:59.715+0900][9.814s][info][gc,phases,start] GC(879) Adjust Roots
[2026-03-22T19:50:59.715+0900][9.814s][info][gc,phases      ] GC(879) Adjust Roots 0.262ms
[2026-03-22T19:50:59.715+0900][9.814s][info][gc,phases,start] GC(879) Compaction Phase
[2026-03-22T19:50:59.721+0900][9.819s][info][gc,phases      ] GC(879) Compaction Phase 5.426ms
[2026-03-22T19:50:59.721+0900][9.820s][info][gc,phases,start] GC(879) Post Compact
[2026-03-22T19:50:59.723+0900][9.821s][info][gc,phases      ] GC(879) Post Compact 1.761ms
[2026-03-22T19:50:59.723+0900][9.821s][info][gc,heap        ] GC(879) PSYoungGen: 116104K(116736K)->0K(116736K) Eden: 58504K(58880K)->0K(58880K) From: 57600K(57856K)->0K(57856K)
[2026-03-22T19:50:59.723+0900][9.821s][info][gc,heap        ] GC(879) ParOldGen: 292255K(349696K)->103430K(349696K)
[2026-03-22T19:50:59.723+0900][9.821s][info][gc,metaspace   ] GC(879) Metaspace: 341K(512K)->341K(512K) NonClass: 323K(384K)->323K(384K) Class: 17K(128K)->17K(128K)
[2026-03-22T19:50:59.723+0900][9.821s][info][gc             ] GC(879) Pause Full (Ergonomics) 398M->101M(455M) 9.265ms
[2026-03-22T19:50:59.723+0900][9.821s][info][gc,cpu         ] GC(879) User=0.00s Sys=0.00s Real=0.01s
[2026-03-22T19:50:59.728+0900][9.827s][info][gc,start       ] GC(880) Pause Young (Allocation Failure)
[2026-03-22T19:50:59.732+0900][9.830s][info][gc,heap        ] GC(880) PSYoungGen: 58504K(116736K)->57632K(116736K) Eden: 58504K(58880K)->0K(58880K) From: 0K(57856K)->57632K(57856K)
[2026-03-22T19:50:59.732+0900][9.830s][info][gc,heap        ] GC(880) ParOldGen: 103430K(349696K)->103430K(349696K)
[2026-03-22T19:50:59.732+0900][9.830s][info][gc,metaspace   ] GC(880) Metaspace: 341K(512K)->341K(512K) NonClass: 323K(384K)->323K(384K) Class: 17K(128K)->17K(128K)
[2026-03-22T19:50:59.732+0900][9.830s][info][gc             ] GC(880) Pause Young (Allocation Failure) 158M->157M(455M) 2.790ms
[2026-03-22T19:50:59.732+0900][9.830s][info][gc,cpu         ] GC(880) User=0.00s Sys=0.00s Real=0.00s
[2026-03-22T19:50:59.737+0900][9.836s][info][gc,start       ] GC(881) Pause Young (Allocation Failure)
[2026-03-22T19:50:59.741+0900][9.840s][info][gc,heap        ] GC(881) PSYoungGen: 116136K(116736K)->57632K(116736K) Eden: 58504K(58880K)->0K(58880K) From: 57632K(57856K)->57632K(57856K)
[2026-03-22T19:50:59.742+0900][9.840s][info][gc,heap        ] GC(881) ParOldGen: 103430K(349696K)->150638K(349696K)
[2026-03-22T19:50:59.742+0900][9.840s][info][gc,metaspace   ] GC(881) Metaspace: 341K(512K)->341K(512K) NonClass: 323K(384K)->323K(384K) Class: 17K(128K)->17K(128K)
[2026-03-22T19:50:59.742+0900][9.840s][info][gc             ] GC(881) Pause Young (Allocation Failure) 214M->203M(455M) 4.244ms
[2026-03-22T19:50:59.742+0900][9.840s][info][gc,cpu         ] GC(881) User=0.00s Sys=0.00s Real=0.01s
[2026-03-22T19:50:59.749+0900][9.848s][info][gc,start       ] GC(882) Pause Young (Allocation Failure)
[2026-03-22T19:50:59.753+0900][9.852s][info][gc,heap        ] GC(882) PSYoungGen: 116136K(116736K)->57632K(116736K) Eden: 58504K(58880K)->0K(58880K) From: 57632K(57856K)->57632K(57856K)
[2026-03-22T19:50:59.753+0900][9.852s][info][gc,heap        ] GC(882) ParOldGen: 150638K(349696K)->197847K(349696K)
[2026-03-22T19:50:59.753+0900][9.852s][info][gc,metaspace   ] GC(882) Metaspace: 341K(512K)->341K(512K) NonClass: 323K(384K)->323K(384K) Class: 17K(128K)->17K(128K)
[2026-03-22T19:50:59.753+0900][9.852s][info][gc             ] GC(882) Pause Young (Allocation Failure) 260M->249M(455M) 4.303ms
[2026-03-22T19:50:59.753+0900][9.852s][info][gc,cpu         ] GC(882) User=0.00s Sys=0.00s Real=0.00s
[2026-03-22T19:50:59.760+0900][9.858s][info][gc,start       ] GC(883) Pause Young (Allocation Failure)
[2026-03-22T19:50:59.763+0900][9.862s][info][gc,heap        ] GC(883) PSYoungGen: 116136K(116736K)->57632K(116736K) Eden: 58504K(58880K)->0K(58880K) From: 57632K(57856K)->57632K(57856K)
[2026-03-22T19:50:59.763+0900][9.862s][info][gc,heap        ] GC(883) ParOldGen: 197847K(349696K)->245063K(349696K)
[2026-03-22T19:50:59.763+0900][9.862s][info][gc,metaspace   ] GC(883) Metaspace: 341K(512K)->341K(512K) NonClass: 323K(384K)->323K(384K) Class: 17K(128K)->17K(128K)
[2026-03-22T19:50:59.763+0900][9.862s][info][gc             ] GC(883) Pause Young (Allocation Failure) 306M->295M(455M) 4.492ms
[2026-03-22T19:50:59.763+0900][9.862s][info][gc,cpu         ] GC(883) User=0.02s Sys=0.00s Real=0.00s
[2026-03-22T19:50:59.769+0900][9.869s][info][gc,start       ] GC(884) Pause Young (Allocation Failure)
[2026-03-22T19:50:59.774+0900][9.873s][info][gc,heap        ] GC(884) PSYoungGen: 116136K(116736K)->57632K(116736K) Eden: 58504K(58880K)->0K(58880K) From: 57632K(57856K)->57632K(57856K)
[2026-03-22T19:50:59.774+0900][9.873s][info][gc,heap        ] GC(884) ParOldGen: 245063K(349696K)->292271K(349696K)
[2026-03-22T19:50:59.774+0900][9.873s][info][gc,metaspace   ] GC(884) Metaspace: 341K(512K)->341K(512K) NonClass: 323K(384K)->323K(384K) Class: 17K(128K)->17K(128K)
[2026-03-22T19:50:59.774+0900][9.873s][info][gc             ] GC(884) Pause Young (Allocation Failure) 352M->341M(455M) 4.422ms
[2026-03-22T19:50:59.774+0900][9.873s][info][gc,cpu         ] GC(884) User=0.00s Sys=0.00s Real=0.00s
[2026-03-22T19:50:59.780+0900][9.879s][info][gc,start       ] GC(885) Pause Full (Ergonomics)
[2026-03-22T19:50:59.780+0900][9.879s][info][gc,phases,start] GC(885) Marking Phase
[2026-03-22T19:50:59.782+0900][9.881s][info][gc,phases      ] GC(885) Marking Phase 1.783ms
[2026-03-22T19:50:59.782+0900][9.881s][info][gc,phases,start] GC(885) Summary Phase
[2026-03-22T19:50:59.782+0900][9.881s][info][gc,phases      ] GC(885) Summary Phase 0.027ms
[2026-03-22T19:50:59.782+0900][9.881s][info][gc,phases,start] GC(885) Adjust Roots
[2026-03-22T19:50:59.782+0900][9.881s][info][gc,phases      ] GC(885) Adjust Roots 0.295ms
[2026-03-22T19:50:59.782+0900][9.881s][info][gc,phases,start] GC(885) Compaction Phase
[2026-03-22T19:50:59.787+0900][9.886s][info][gc,phases      ] GC(885) Compaction Phase 4.819ms
[2026-03-22T19:50:59.787+0900][9.886s][info][gc,phases,start] GC(885) Post Compact
[2026-03-22T19:50:59.789+0900][9.888s][info][gc,phases      ] GC(885) Post Compact 1.701ms
[2026-03-22T19:50:59.789+0900][9.888s][info][gc,heap        ] GC(885) PSYoungGen: 116136K(116736K)->0K(116736K) Eden: 58504K(58880K)->0K(58880K) From: 57632K(57856K)->0K(57856K)
[2026-03-22T19:50:59.789+0900][9.888s][info][gc,heap        ] GC(885) ParOldGen: 292271K(349696K)->103430K(349696K)
[2026-03-22T19:50:59.789+0900][9.888s][info][gc,metaspace   ] GC(885) Metaspace: 341K(512K)->341K(512K) NonClass: 323K(384K)->323K(384K) Class: 17K(128K)->17K(128K)
[2026-03-22T19:50:59.789+0900][9.888s][info][gc             ] GC(885) Pause Full (Ergonomics) 398M->101M(455M) 8.980ms
[2026-03-22T19:50:59.789+0900][9.888s][info][gc,cpu         ] GC(885) User=0.00s Sys=0.00s Real=0.01s
[2026-03-22T19:50:59.796+0900][9.895s][info][gc,start       ] GC(886) Pause Young (Allocation Failure)
[2026-03-22T19:50:59.800+0900][9.898s][info][gc,heap        ] GC(886) PSYoungGen: 58504K(116736K)->57600K(116736K) Eden: 58504K(58880K)->0K(58880K) From: 0K(57856K)->57600K(57856K)
[2026-03-22T19:50:59.800+0900][9.898s][info][gc,heap        ] GC(886) ParOldGen: 103430K(349696K)->103430K(349696K)
[2026-03-22T19:50:59.800+0900][9.898s][info][gc,metaspace   ] GC(886) Metaspace: 341K(512K)->341K(512K) NonClass: 323K(384K)->323K(384K) Class: 17K(128K)->17K(128K)
[2026-03-22T19:50:59.800+0900][9.898s][info][gc             ] GC(886) Pause Young (Allocation Failure) 158M->157M(455M) 3.036ms
[2026-03-22T19:50:59.800+0900][9.898s][info][gc,cpu         ] GC(886) User=0.00s Sys=0.00s Real=0.00s
[2026-03-22T19:50:59.806+0900][9.904s][info][gc,start       ] GC(887) Pause Young (Allocation Failure)
[2026-03-22T19:50:59.809+0900][9.908s][info][gc,heap        ] GC(887) PSYoungGen: 116104K(116736K)->57632K(116736K) Eden: 58504K(58880K)->0K(58880K) From: 57600K(57856K)->57632K(57856K)
[2026-03-22T19:50:59.809+0900][9.908s][info][gc,heap        ] GC(887) ParOldGen: 103430K(349696K)->150638K(349696K)
[2026-03-22T19:50:59.809+0900][9.908s][info][gc,metaspace   ] GC(887) Metaspace: 341K(512K)->341K(512K) NonClass: 323K(384K)->323K(384K) Class: 17K(128K)->17K(128K)
[2026-03-22T19:50:59.809+0900][9.908s][info][gc             ] GC(887) Pause Young (Allocation Failure) 214M->203M(455M) 4.298ms
[2026-03-22T19:50:59.809+0900][9.908s][info][gc,cpu         ] GC(887) User=0.12s Sys=0.00s Real=0.00s
[2026-03-22T19:50:59.815+0900][9.914s][info][gc,start       ] GC(888) Pause Young (Allocation Failure)
[2026-03-22T19:50:59.819+0900][9.918s][info][gc,heap        ] GC(888) PSYoungGen: 116136K(116736K)->57632K(116736K) Eden: 58504K(58880K)->0K(58880K) From: 57632K(57856K)->57632K(57856K)
[2026-03-22T19:50:59.819+0900][9.918s][info][gc,heap        ] GC(888) ParOldGen: 150638K(349696K)->197847K(349696K)
[2026-03-22T19:50:59.819+0900][9.918s][info][gc,metaspace   ] GC(888) Metaspace: 341K(512K)->341K(512K) NonClass: 323K(384K)->323K(384K) Class: 17K(128K)->17K(128K)
[2026-03-22T19:50:59.819+0900][9.918s][info][gc             ] GC(888) Pause Young (Allocation Failure) 260M->249M(455M) 4.255ms
[2026-03-22T19:50:59.819+0900][9.918s][info][gc,cpu         ] GC(888) User=0.00s Sys=0.00s Real=0.00s
[2026-03-22T19:50:59.825+0900][9.923s][info][gc,start       ] GC(889) Pause Young (Allocation Failure)
[2026-03-22T19:50:59.829+0900][9.928s][info][gc,heap        ] GC(889) PSYoungGen: 116136K(116736K)->57632K(116736K) Eden: 58504K(58880K)->0K(58880K) From: 57632K(57856K)->57632K(57856K)
[2026-03-22T19:50:59.829+0900][9.928s][info][gc,heap        ] GC(889) ParOldGen: 197847K(349696K)->245063K(349696K)
[2026-03-22T19:50:59.829+0900][9.928s][info][gc,metaspace   ] GC(889) Metaspace: 341K(512K)->341K(512K) NonClass: 323K(384K)->323K(384K) Class: 17K(128K)->17K(128K)
[2026-03-22T19:50:59.829+0900][9.928s][info][gc             ] GC(889) Pause Young (Allocation Failure) 306M->295M(455M) 4.323ms
[2026-03-22T19:50:59.829+0900][9.928s][info][gc,cpu         ] GC(889) User=0.00s Sys=0.00s Real=0.00s
[2026-03-22T19:50:59.835+0900][9.933s][info][gc,start       ] GC(890) Pause Young (Allocation Failure)
[2026-03-22T19:50:59.839+0900][9.938s][info][gc,heap        ] GC(890) PSYoungGen: 116136K(116736K)->57632K(116736K) Eden: 58504K(58880K)->0K(58880K) From: 57632K(57856K)->57632K(57856K)
[2026-03-22T19:50:59.839+0900][9.938s][info][gc,heap        ] GC(890) ParOldGen: 245063K(349696K)->292271K(349696K)
[2026-03-22T19:50:59.839+0900][9.938s][info][gc,metaspace   ] GC(890) Metaspace: 341K(512K)->341K(512K) NonClass: 323K(384K)->323K(384K) Class: 17K(128K)->17K(128K)
[2026-03-22T19:50:59.839+0900][9.938s][info][gc             ] GC(890) Pause Young (Allocation Failure) 352M->341M(455M) 4.341ms
[2026-03-22T19:50:59.839+0900][9.938s][info][gc,cpu         ] GC(890) User=0.12s Sys=0.00s Real=0.00s
[2026-03-22T19:50:59.844+0900][9.943s][info][gc,start       ] GC(891) Pause Full (Ergonomics)
[2026-03-22T19:50:59.844+0900][9.943s][info][gc,phases,start] GC(891) Marking Phase
[2026-03-22T19:50:59.846+0900][9.945s][info][gc,phases      ] GC(891) Marking Phase 1.578ms
[2026-03-22T19:50:59.846+0900][9.945s][info][gc,phases,start] GC(891) Summary Phase
[2026-03-22T19:50:59.846+0900][9.945s][info][gc,phases      ] GC(891) Summary Phase 0.033ms
[2026-03-22T19:50:59.846+0900][9.945s][info][gc,phases,start] GC(891) Adjust Roots
[2026-03-22T19:50:59.846+0900][9.945s][info][gc,phases      ] GC(891) Adjust Roots 0.312ms
[2026-03-22T19:50:59.846+0900][9.945s][info][gc,phases,start] GC(891) Compaction Phase
[2026-03-22T19:50:59.851+0900][9.950s][info][gc,phases      ] GC(891) Compaction Phase 4.964ms
[2026-03-22T19:50:59.851+0900][9.950s][info][gc,phases,start] GC(891) Post Compact
[2026-03-22T19:50:59.854+0900][9.952s][info][gc,phases      ] GC(891) Post Compact 1.928ms
[2026-03-22T19:50:59.854+0900][9.952s][info][gc,heap        ] GC(891) PSYoungGen: 116136K(116736K)->0K(116736K) Eden: 58504K(58880K)->0K(58880K) From: 57632K(57856K)->0K(57856K)
[2026-03-22T19:50:59.854+0900][9.952s][info][gc,heap        ] GC(891) ParOldGen: 292271K(349696K)->103195K(349696K)
[2026-03-22T19:50:59.854+0900][9.952s][info][gc,metaspace   ] GC(891) Metaspace: 341K(512K)->341K(512K) NonClass: 323K(384K)->323K(384K) Class: 17K(128K)->17K(128K)
[2026-03-22T19:50:59.854+0900][9.952s][info][gc             ] GC(891) Pause Full (Ergonomics) 398M->100M(455M) 9.288ms
[2026-03-22T19:50:59.854+0900][9.952s][info][gc,cpu         ] GC(891) User=0.02s Sys=0.00s Real=0.01s
[2026-03-22T19:50:59.860+0900][9.958s][info][gc,start       ] GC(892) Pause Young (Allocation Failure)
[2026-03-22T19:50:59.862+0900][9.960s][info][gc,heap        ] GC(892) PSYoungGen: 58504K(116736K)->57632K(116736K) Eden: 58504K(58880K)->0K(58880K) From: 0K(57856K)->57632K(57856K)
[2026-03-22T19:50:59.862+0900][9.960s][info][gc,heap        ] GC(892) ParOldGen: 103195K(349696K)->103195K(349696K)
[2026-03-22T19:50:59.862+0900][9.960s][info][gc,metaspace   ] GC(892) Metaspace: 341K(512K)->341K(512K) NonClass: 323K(384K)->323K(384K) Class: 17K(128K)->17K(128K)
[2026-03-22T19:50:59.862+0900][9.960s][info][gc             ] GC(892) Pause Young (Allocation Failure) 157M->157M(455M) 2.563ms
[2026-03-22T19:50:59.862+0900][9.960s][info][gc,cpu         ] GC(892) User=0.00s Sys=0.00s Real=0.00s
[2026-03-22T19:50:59.869+0900][9.967s][info][gc,start       ] GC(893) Pause Young (Allocation Failure)
[2026-03-22T19:50:59.873+0900][9.971s][info][gc,heap        ] GC(893) PSYoungGen: 116136K(116736K)->57632K(116736K) Eden: 58504K(58880K)->0K(58880K) From: 57632K(57856K)->57632K(57856K)
[2026-03-22T19:50:59.873+0900][9.971s][info][gc,heap        ] GC(893) ParOldGen: 103195K(349696K)->150403K(349696K)
[2026-03-22T19:50:59.873+0900][9.971s][info][gc,metaspace   ] GC(893) Metaspace: 341K(512K)->341K(512K) NonClass: 323K(384K)->323K(384K) Class: 17K(128K)->17K(128K)
[2026-03-22T19:50:59.873+0900][9.971s][info][gc             ] GC(893) Pause Young (Allocation Failure) 214M->203M(455M) 4.218ms
[2026-03-22T19:50:59.873+0900][9.971s][info][gc,cpu         ] GC(893) User=0.11s Sys=0.00s Real=0.00s
[2026-03-22T19:50:59.879+0900][9.977s][info][gc,start       ] GC(894) Pause Young (Allocation Failure)
[2026-03-22T19:50:59.883+0900][9.981s][info][gc,heap        ] GC(894) PSYoungGen: 116136K(116736K)->57632K(116736K) Eden: 58504K(58880K)->0K(58880K) From: 57632K(57856K)->57632K(57856K)
[2026-03-22T19:50:59.883+0900][9.981s][info][gc,heap        ] GC(894) ParOldGen: 150403K(349696K)->197611K(349696K)
[2026-03-22T19:50:59.883+0900][9.981s][info][gc,metaspace   ] GC(894) Metaspace: 341K(512K)->341K(512K) NonClass: 323K(384K)->323K(384K) Class: 17K(128K)->17K(128K)
[2026-03-22T19:50:59.883+0900][9.981s][info][gc             ] GC(894) Pause Young (Allocation Failure) 260M->249M(455M) 4.612ms
[2026-03-22T19:50:59.883+0900][9.981s][info][gc,cpu         ] GC(894) User=0.00s Sys=0.00s Real=0.00s
[2026-03-22T19:50:59.890+0900][9.989s][info][gc,start       ] GC(895) Pause Young (Allocation Failure)
[2026-03-22T19:50:59.895+0900][9.993s][info][gc,heap        ] GC(895) PSYoungGen: 116136K(116736K)->57632K(116736K) Eden: 58504K(58880K)->0K(58880K) From: 57632K(57856K)->57632K(57856K)
[2026-03-22T19:50:59.895+0900][9.993s][info][gc,heap        ] GC(895) ParOldGen: 197611K(349696K)->244820K(349696K)
[2026-03-22T19:50:59.895+0900][9.994s][info][gc,metaspace   ] GC(895) Metaspace: 341K(512K)->341K(512K) NonClass: 323K(384K)->323K(384K) Class: 17K(128K)->17K(128K)
[2026-03-22T19:50:59.895+0900][9.994s][info][gc             ] GC(895) Pause Young (Allocation Failure) 306M->295M(455M) 4.877ms
[2026-03-22T19:50:59.895+0900][9.994s][info][gc,cpu         ] GC(895) User=0.00s Sys=0.00s Real=0.00s
[2026-03-22T19:50:59.902+0900][10.000s][info][gc,start       ] GC(896) Pause Young (Allocation Failure)
[2026-03-22T19:50:59.907+0900][10.005s][info][gc,heap        ] GC(896) PSYoungGen: 116136K(116736K)->57632K(116736K) Eden: 58504K(58880K)->0K(58880K) From: 57632K(57856K)->57632K(57856K)
[2026-03-22T19:50:59.907+0900][10.005s][info][gc,heap        ] GC(896) ParOldGen: 244820K(349696K)->292028K(349696K)
[2026-03-22T19:50:59.907+0900][10.005s][info][gc,metaspace   ] GC(896) Metaspace: 341K(512K)->341K(512K) NonClass: 323K(384K)->323K(384K) Class: 17K(128K)->17K(128K)
[2026-03-22T19:50:59.907+0900][10.005s][info][gc             ] GC(896) Pause Young (Allocation Failure) 352M->341M(455M) 4.767ms
[2026-03-22T19:50:59.907+0900][10.005s][info][gc,cpu         ] GC(896) User=0.00s Sys=0.00s Real=0.01s
[2026-03-22T19:50:59.912+0900][10.011s][info][gc,start       ] GC(897) Pause Full (Ergonomics)
[2026-03-22T19:50:59.912+0900][10.011s][info][gc,phases,start] GC(897) Marking Phase
[2026-03-22T19:50:59.914+0900][10.013s][info][gc,phases      ] GC(897) Marking Phase 1.399ms
[2026-03-22T19:50:59.914+0900][10.013s][info][gc,phases,start] GC(897) Summary Phase
[2026-03-22T19:50:59.914+0900][10.013s][info][gc,phases      ] GC(897) Summary Phase 0.021ms
[2026-03-22T19:50:59.914+0900][10.013s][info][gc,phases,start] GC(897) Adjust Roots
[2026-03-22T19:50:59.914+0900][10.013s][info][gc,phases      ] GC(897) Adjust Roots 0.217ms
[2026-03-22T19:50:59.915+0900][10.013s][info][gc,phases,start] GC(897) Compaction Phase
[2026-03-22T19:50:59.919+0900][10.018s][info][gc,phases      ] GC(897) Compaction Phase 4.719ms
[2026-03-22T19:50:59.919+0900][10.018s][info][gc,phases,start] GC(897) Post Compact
[2026-03-22T19:50:59.921+0900][10.019s][info][gc,phases      ] GC(897) Post Compact 1.387ms
[2026-03-22T19:50:59.921+0900][10.019s][info][gc,heap        ] GC(897) PSYoungGen: 116136K(116736K)->0K(116736K) Eden: 58504K(58880K)->0K(58880K) From: 57632K(57856K)->0K(57856K)
[2026-03-22T19:50:59.921+0900][10.019s][info][gc,heap        ] GC(897) ParOldGen: 292028K(349696K)->103430K(349696K)
[2026-03-22T19:50:59.921+0900][10.019s][info][gc,metaspace   ] GC(897) Metaspace: 341K(512K)->341K(512K) NonClass: 323K(384K)->323K(384K) Class: 17K(128K)->17K(128K)
[2026-03-22T19:50:59.921+0900][10.019s][info][gc             ] GC(897) Pause Full (Ergonomics) 398M->101M(455M) 7.991ms
[2026-03-22T19:50:59.921+0900][10.019s][info][gc,cpu         ] GC(897) User=0.12s Sys=0.00s Real=0.01s
[2026-03-22T19:50:59.926+0900][10.025s][info][gc,start       ] GC(898) Pause Young (Allocation Failure)
[2026-03-22T19:50:59.929+0900][10.028s][info][gc,heap        ] GC(898) PSYoungGen: 58504K(116736K)->57632K(116736K) Eden: 58504K(58880K)->0K(58880K) From: 0K(57856K)->57632K(57856K)
[2026-03-22T19:50:59.929+0900][10.028s][info][gc,heap        ] GC(898) ParOldGen: 103430K(349696K)->103430K(349696K)
[2026-03-22T19:50:59.929+0900][10.028s][info][gc,metaspace   ] GC(898) Metaspace: 341K(512K)->341K(512K) NonClass: 323K(384K)->323K(384K) Class: 17K(128K)->17K(128K)
[2026-03-22T19:50:59.929+0900][10.028s][info][gc             ] GC(898) Pause Young (Allocation Failure) 158M->157M(455M) 2.847ms
[2026-03-22T19:50:59.929+0900][10.028s][info][gc,cpu         ] GC(898) User=0.00s Sys=0.00s Real=0.00s
[2026-03-22T19:50:59.935+0900][10.034s][info][gc,start       ] GC(899) Pause Young (Allocation Failure)
[2026-03-22T19:50:59.939+0900][10.038s][info][gc,heap        ] GC(899) PSYoungGen: 116136K(116736K)->57632K(116736K) Eden: 58504K(58880K)->0K(58880K) From: 57632K(57856K)->57632K(57856K)
[2026-03-22T19:50:59.939+0900][10.038s][info][gc,heap        ] GC(899) ParOldGen: 103430K(349696K)->150638K(349696K)
[2026-03-22T19:50:59.939+0900][10.038s][info][gc,metaspace   ] GC(899) Metaspace: 341K(512K)->341K(512K) NonClass: 323K(384K)->323K(384K) Class: 17K(128K)->17K(128K)
[2026-03-22T19:50:59.939+0900][10.038s][info][gc             ] GC(899) Pause Young (Allocation Failure) 214M->203M(455M) 4.184ms
[2026-03-22T19:50:59.939+0900][10.038s][info][gc,cpu         ] GC(899) User=0.00s Sys=0.00s Real=0.00s
[2026-03-22T19:50:59.944+0900][10.044s][info][gc,start       ] GC(900) Pause Young (Allocation Failure)
[2026-03-22T19:50:59.949+0900][10.048s][info][gc,heap        ] GC(900) PSYoungGen: 116136K(116736K)->57632K(116736K) Eden: 58504K(58880K)->0K(58880K) From: 57632K(57856K)->57632K(57856K)
[2026-03-22T19:50:59.949+0900][10.048s][info][gc,heap        ] GC(900) ParOldGen: 150638K(349696K)->197847K(349696K)
[2026-03-22T19:50:59.949+0900][10.048s][info][gc,metaspace   ] GC(900) Metaspace: 341K(512K)->341K(512K) NonClass: 323K(384K)->323K(384K) Class: 17K(128K)->17K(128K)
[2026-03-22T19:50:59.949+0900][10.048s][info][gc             ] GC(900) Pause Young (Allocation Failure) 260M->249M(455M) 4.394ms
[2026-03-22T19:50:59.949+0900][10.048s][info][gc,cpu         ] GC(900) User=0.12s Sys=0.00s Real=0.00s
[2026-03-22T19:50:59.954+0900][10.053s][info][gc,start       ] GC(901) Pause Young (Allocation Failure)
[2026-03-22T19:50:59.958+0900][10.057s][info][gc,heap        ] GC(901) PSYoungGen: 116136K(116736K)->57632K(116736K) Eden: 58504K(58880K)->0K(58880K) From: 57632K(57856K)->57632K(57856K)
[2026-03-22T19:50:59.958+0900][10.058s][info][gc,heap        ] GC(901) ParOldGen: 197847K(349696K)->245063K(349696K)
[2026-03-22T19:50:59.958+0900][10.058s][info][gc,metaspace   ] GC(901) Metaspace: 341K(512K)->341K(512K) NonClass: 323K(384K)->323K(384K) Class: 17K(128K)->17K(128K)
[2026-03-22T19:50:59.958+0900][10.058s][info][gc             ] GC(901) Pause Young (Allocation Failure) 306M->295M(455M) 4.206ms
[2026-03-22T19:50:59.958+0900][10.058s][info][gc,cpu         ] GC(901) User=0.00s Sys=0.00s Real=0.00s
[2026-03-22T19:50:59.965+0900][10.063s][info][gc,start       ] GC(902) Pause Young (Allocation Failure)
[2026-03-22T19:50:59.969+0900][10.067s][info][gc,heap        ] GC(902) PSYoungGen: 116136K(116736K)->57632K(116736K) Eden: 58504K(58880K)->0K(58880K) From: 57632K(57856K)->57632K(57856K)
[2026-03-22T19:50:59.969+0900][10.067s][info][gc,heap        ] GC(902) ParOldGen: 245063K(349696K)->292271K(349696K)
[2026-03-22T19:50:59.969+0900][10.067s][info][gc,metaspace   ] GC(902) Metaspace: 341K(512K)->341K(512K) NonClass: 323K(384K)->323K(384K) Class: 17K(128K)->17K(128K)
[2026-03-22T19:50:59.969+0900][10.067s][info][gc             ] GC(902) Pause Young (Allocation Failure) 352M->341M(455M) 4.182ms
[2026-03-22T19:50:59.969+0900][10.067s][info][gc,cpu         ] GC(902) User=0.00s Sys=0.00s Real=0.00s
[2026-03-22T19:50:59.974+0900][10.073s][info][gc,start       ] GC(903) Pause Full (Ergonomics)
[2026-03-22T19:50:59.974+0900][10.073s][info][gc,phases,start] GC(903) Marking Phase
[2026-03-22T19:50:59.976+0900][10.074s][info][gc,phases      ] GC(903) Marking Phase 1.496ms
[2026-03-22T19:50:59.976+0900][10.074s][info][gc,phases,start] GC(903) Summary Phase
[2026-03-22T19:50:59.976+0900][10.074s][info][gc,phases      ] GC(903) Summary Phase 0.026ms
[2026-03-22T19:50:59.976+0900][10.074s][info][gc,phases,start] GC(903) Adjust Roots
[2026-03-22T19:50:59.976+0900][10.075s][info][gc,phases      ] GC(903) Adjust Roots 0.233ms
[2026-03-22T19:50:59.976+0900][10.075s][info][gc,phases,start] GC(903) Compaction Phase
[2026-03-22T19:50:59.981+0900][10.080s][info][gc,phases      ] GC(903) Compaction Phase 5.019ms
[2026-03-22T19:50:59.981+0900][10.080s][info][gc,phases,start] GC(903) Post Compact
[2026-03-22T19:50:59.983+0900][10.081s][info][gc,phases      ] GC(903) Post Compact 1.757ms
[2026-03-22T19:50:59.983+0900][10.082s][info][gc,heap        ] GC(903) PSYoungGen: 116136K(116736K)->0K(116736K) Eden: 58504K(58880K)->0K(58880K) From: 57632K(57856K)->0K(57856K)
[2026-03-22T19:50:59.983+0900][10.082s][info][gc,heap        ] GC(903) ParOldGen: 292271K(349696K)->103430K(349696K)
[2026-03-22T19:50:59.983+0900][10.082s][info][gc,metaspace   ] GC(903) Metaspace: 341K(512K)->341K(512K) NonClass: 323K(384K)->323K(384K) Class: 17K(128K)->17K(128K)
[2026-03-22T19:50:59.983+0900][10.082s][info][gc             ] GC(903) Pause Full (Ergonomics) 398M->101M(455M) 8.918ms
[2026-03-22T19:50:59.983+0900][10.082s][info][gc,cpu         ] GC(903) User=0.09s Sys=0.02s Real=0.01s
[2026-03-22T19:50:59.990+0900][10.089s][info][gc,start       ] GC(904) Pause Young (Allocation Failure)
[2026-03-22T19:50:59.993+0900][10.092s][info][gc,heap        ] GC(904) PSYoungGen: 58504K(116736K)->57632K(116736K) Eden: 58504K(58880K)->0K(58880K) From: 0K(57856K)->57632K(57856K)
[2026-03-22T19:50:59.993+0900][10.092s][info][gc,heap        ] GC(904) ParOldGen: 103430K(349696K)->103430K(349696K)
[2026-03-22T19:50:59.993+0900][10.092s][info][gc,metaspace   ] GC(904) Metaspace: 341K(512K)->341K(512K) NonClass: 323K(384K)->323K(384K) Class: 17K(128K)->17K(128K)
[2026-03-22T19:50:59.993+0900][10.092s][info][gc             ] GC(904) Pause Young (Allocation Failure) 158M->157M(455M) 2.936ms
[2026-03-22T19:50:59.993+0900][10.092s][info][gc,cpu         ] GC(904) User=0.00s Sys=0.00s Real=0.00s
[2026-03-22T19:51:00.000+0900][10.099s][info][gc,start       ] GC(905) Pause Young (Allocation Failure)
[2026-03-22T19:51:00.004+0900][10.103s][info][gc,heap        ] GC(905) PSYoungGen: 116136K(116736K)->57632K(116736K) Eden: 58504K(58880K)->0K(58880K) From: 57632K(57856K)->57632K(57856K)
[2026-03-22T19:51:00.004+0900][10.104s][info][gc,heap        ] GC(905) ParOldGen: 103430K(349696K)->150638K(349696K)
[2026-03-22T19:51:00.004+0900][10.104s][info][gc,metaspace   ] GC(905) Metaspace: 341K(512K)->341K(512K) NonClass: 323K(384K)->323K(384K) Class: 17K(128K)->17K(128K)
[2026-03-22T19:51:00.004+0900][10.104s][info][gc             ] GC(905) Pause Young (Allocation Failure) 214M->203M(455M) 4.253ms
[2026-03-22T19:51:00.004+0900][10.104s][info][gc,cpu         ] GC(905) User=0.00s Sys=0.00s Real=0.00s
[2026-03-22T19:51:00.012+0900][10.111s][info][gc,start       ] GC(906) Pause Young (Allocation Failure)
[2026-03-22T19:51:00.017+0900][10.115s][info][gc,heap        ] GC(906) PSYoungGen: 116136K(116736K)->57600K(116736K) Eden: 58504K(58880K)->0K(58880K) From: 57632K(57856K)->57600K(57856K)
[2026-03-22T19:51:00.017+0900][10.115s][info][gc,heap        ] GC(906) ParOldGen: 150638K(349696K)->197839K(349696K)
[2026-03-22T19:51:00.017+0900][10.115s][info][gc,metaspace   ] GC(906) Metaspace: 341K(512K)->341K(512K) NonClass: 323K(384K)->323K(384K) Class: 17K(128K)->17K(128K)
[2026-03-22T19:51:00.017+0900][10.115s][info][gc             ] GC(906) Pause Young (Allocation Failure) 260M->249M(455M) 4.496ms
[2026-03-22T19:51:00.017+0900][10.115s][info][gc,cpu         ] GC(906) User=0.00s Sys=0.00s Real=0.00s
[2026-03-22T19:51:00.024+0900][10.122s][info][gc,start       ] GC(907) Pause Young (Allocation Failure)
[2026-03-22T19:51:00.028+0900][10.126s][info][gc,heap        ] GC(907) PSYoungGen: 116104K(116736K)->57632K(116736K) Eden: 58504K(58880K)->0K(58880K) From: 57600K(57856K)->57632K(57856K)
[2026-03-22T19:51:00.028+0900][10.126s][info][gc,heap        ] GC(907) ParOldGen: 197839K(349696K)->245055K(349696K)
[2026-03-22T19:51:00.028+0900][10.126s][info][gc,metaspace   ] GC(907) Metaspace: 341K(512K)->341K(512K) NonClass: 323K(384K)->323K(384K) Class: 17K(128K)->17K(128K)
[2026-03-22T19:51:00.028+0900][10.126s][info][gc             ] GC(907) Pause Young (Allocation Failure) 306M->295M(455M) 4.243ms
[2026-03-22T19:51:00.028+0900][10.127s][info][gc,cpu         ] GC(907) User=0.12s Sys=0.00s Real=0.00s
[2026-03-22T19:51:00.035+0900][10.133s][info][gc,start       ] GC(908) Pause Young (Allocation Failure)
[2026-03-22T19:51:00.039+0900][10.138s][info][gc,heap        ] GC(908) PSYoungGen: 116136K(116736K)->57632K(116736K) Eden: 58504K(58880K)->0K(58880K) From: 57632K(57856K)->57632K(57856K)
[2026-03-22T19:51:00.039+0900][10.138s][info][gc,heap        ] GC(908) ParOldGen: 245055K(349696K)->292263K(349696K)
[2026-03-22T19:51:00.039+0900][10.138s][info][gc,metaspace   ] GC(908) Metaspace: 341K(512K)->341K(512K) NonClass: 323K(384K)->323K(384K) Class: 17K(128K)->17K(128K)
[2026-03-22T19:51:00.039+0900][10.138s][info][gc             ] GC(908) Pause Young (Allocation Failure) 352M->341M(455M) 4.266ms
[2026-03-22T19:51:00.039+0900][10.138s][info][gc,cpu         ] GC(908) User=0.00s Sys=0.00s Real=0.00s
[2026-03-22T19:51:00.045+0900][10.144s][info][gc,start       ] GC(909) Pause Full (Ergonomics)
[2026-03-22T19:51:00.046+0900][10.144s][info][gc,phases,start] GC(909) Marking Phase
[2026-03-22T19:51:00.047+0900][10.146s][info][gc,phases      ] GC(909) Marking Phase 1.319ms
[2026-03-22T19:51:00.047+0900][10.146s][info][gc,phases,start] GC(909) Summary Phase
[2026-03-22T19:51:00.047+0900][10.146s][info][gc,phases      ] GC(909) Summary Phase 0.015ms
[2026-03-22T19:51:00.047+0900][10.146s][info][gc,phases,start] GC(909) Adjust Roots
[2026-03-22T19:51:00.047+0900][10.146s][info][gc,phases      ] GC(909) Adjust Roots 0.316ms
[2026-03-22T19:51:00.047+0900][10.146s][info][gc,phases,start] GC(909) Compaction Phase
[2026-03-22T19:51:00.052+0900][10.150s][info][gc,phases      ] GC(909) Compaction Phase 4.309ms
[2026-03-22T19:51:00.052+0900][10.150s][info][gc,phases,start] GC(909) Post Compact
[2026-03-22T19:51:00.053+0900][10.152s][info][gc,phases      ] GC(909) Post Compact 1.424ms
[2026-03-22T19:51:00.053+0900][10.152s][info][gc,heap        ] GC(909) PSYoungGen: 116136K(116736K)->0K(116736K) Eden: 58504K(58880K)->0K(58880K) From: 57632K(57856K)->0K(57856K)
[2026-03-22T19:51:00.053+0900][10.152s][info][gc,heap        ] GC(909) ParOldGen: 292263K(349696K)->103430K(349696K)
[2026-03-22T19:51:00.053+0900][10.152s][info][gc,metaspace   ] GC(909) Metaspace: 341K(512K)->341K(512K) NonClass: 323K(384K)->323K(384K) Class: 17K(128K)->17K(128K)
[2026-03-22T19:51:00.053+0900][10.152s][info][gc             ] GC(909) Pause Full (Ergonomics) 398M->101M(455M) 7.724ms
[2026-03-22T19:51:00.053+0900][10.152s][info][gc,cpu         ] GC(909) User=0.00s Sys=0.00s Real=0.01s
[2026-03-22T19:51:00.059+0900][10.158s][info][gc,start       ] GC(910) Pause Young (Allocation Failure)
[2026-03-22T19:51:00.061+0900][10.160s][info][gc,heap        ] GC(910) PSYoungGen: 58504K(116736K)->57632K(116736K) Eden: 58504K(58880K)->0K(58880K) From: 0K(57856K)->57632K(57856K)
[2026-03-22T19:51:00.061+0900][10.160s][info][gc,heap        ] GC(910) ParOldGen: 103430K(349696K)->103430K(349696K)
[2026-03-22T19:51:00.061+0900][10.160s][info][gc,metaspace   ] GC(910) Metaspace: 341K(512K)->341K(512K) NonClass: 323K(384K)->323K(384K) Class: 17K(128K)->17K(128K)
[2026-03-22T19:51:00.061+0900][10.160s][info][gc             ] GC(910) Pause Young (Allocation Failure) 158M->157M(455M) 2.281ms
[2026-03-22T19:51:00.061+0900][10.160s][info][gc,cpu         ] GC(910) User=0.00s Sys=0.00s Real=0.00s
[2026-03-22T19:51:00.067+0900][10.166s][info][gc,start       ] GC(911) Pause Young (Allocation Failure)
[2026-03-22T19:51:00.071+0900][10.170s][info][gc,heap        ] GC(911) PSYoungGen: 116136K(116736K)->57632K(116736K) Eden: 58504K(58880K)->0K(58880K) From: 57632K(57856K)->57632K(57856K)
[2026-03-22T19:51:00.071+0900][10.170s][info][gc,heap        ] GC(911) ParOldGen: 103430K(349696K)->150638K(349696K)
[2026-03-22T19:51:00.071+0900][10.170s][info][gc,metaspace   ] GC(911) Metaspace: 341K(512K)->341K(512K) NonClass: 323K(384K)->323K(384K) Class: 17K(128K)->17K(128K)
[2026-03-22T19:51:00.071+0900][10.170s][info][gc             ] GC(911) Pause Young (Allocation Failure) 214M->203M(455M) 3.696ms
[2026-03-22T19:51:00.071+0900][10.170s][info][gc,cpu         ] GC(911) User=0.00s Sys=0.00s Real=0.00s
[2026-03-22T19:51:00.077+0900][10.176s][info][gc,start       ] GC(912) Pause Young (Allocation Failure)
[2026-03-22T19:51:00.081+0900][10.180s][info][gc,heap        ] GC(912) PSYoungGen: 116136K(116736K)->57632K(116736K) Eden: 58504K(58880K)->0K(58880K) From: 57632K(57856K)->57632K(57856K)
[2026-03-22T19:51:00.081+0900][10.180s][info][gc,heap        ] GC(912) ParOldGen: 150638K(349696K)->197847K(349696K)
[2026-03-22T19:51:00.081+0900][10.180s][info][gc,metaspace   ] GC(912) Metaspace: 341K(512K)->341K(512K) NonClass: 323K(384K)->323K(384K) Class: 17K(128K)->17K(128K)
[2026-03-22T19:51:00.081+0900][10.180s][info][gc             ] GC(912) Pause Young (Allocation Failure) 260M->249M(455M) 4.109ms
[2026-03-22T19:51:00.081+0900][10.180s][info][gc,cpu         ] GC(912) User=0.00s Sys=0.00s Real=0.00s
[2026-03-22T19:51:00.087+0900][10.185s][info][gc,start       ] GC(913) Pause Young (Allocation Failure)
[2026-03-22T19:51:00.091+0900][10.189s][info][gc,heap        ] GC(913) PSYoungGen: 116136K(116736K)->57632K(116736K) Eden: 58504K(58880K)->0K(58880K) From: 57632K(57856K)->57632K(57856K)
[2026-03-22T19:51:00.091+0900][10.189s][info][gc,heap        ] GC(913) ParOldGen: 197847K(349696K)->245055K(349696K)
[2026-03-22T19:51:00.091+0900][10.189s][info][gc,metaspace   ] GC(913) Metaspace: 341K(512K)->341K(512K) NonClass: 323K(384K)->323K(384K) Class: 17K(128K)->17K(128K)
[2026-03-22T19:51:00.091+0900][10.189s][info][gc             ] GC(913) Pause Young (Allocation Failure) 306M->295M(455M) 3.980ms
[2026-03-22T19:51:00.091+0900][10.189s][info][gc,cpu         ] GC(913) User=0.09s Sys=0.02s Real=0.00s
[2026-03-22T19:51:00.096+0900][10.195s][info][gc,start       ] GC(914) Pause Young (Allocation Failure)
[2026-03-22T19:51:00.100+0900][10.199s][info][gc,heap        ] GC(914) PSYoungGen: 116136K(116736K)->57632K(116736K) Eden: 58504K(58880K)->0K(58880K) From: 57632K(57856K)->57632K(57856K)
[2026-03-22T19:51:00.100+0900][10.199s][info][gc,heap        ] GC(914) ParOldGen: 245055K(349696K)->292263K(349696K)
[2026-03-22T19:51:00.100+0900][10.199s][info][gc,metaspace   ] GC(914) Metaspace: 341K(512K)->341K(512K) NonClass: 323K(384K)->323K(384K) Class: 17K(128K)->17K(128K)
[2026-03-22T19:51:00.100+0900][10.199s][info][gc             ] GC(914) Pause Young (Allocation Failure) 352M->341M(455M) 3.763ms
[2026-03-22T19:51:00.100+0900][10.199s][info][gc,cpu         ] GC(914) User=0.00s Sys=0.00s Real=0.00s
[2026-03-22T19:51:00.107+0900][10.205s][info][gc,start       ] GC(915) Pause Full (Ergonomics)
[2026-03-22T19:51:00.107+0900][10.205s][info][gc,phases,start] GC(915) Marking Phase
[2026-03-22T19:51:00.108+0900][10.206s][info][gc,phases      ] GC(915) Marking Phase 1.159ms
[2026-03-22T19:51:00.108+0900][10.206s][info][gc,phases,start] GC(915) Summary Phase
[2026-03-22T19:51:00.108+0900][10.206s][info][gc,phases      ] GC(915) Summary Phase 0.015ms
[2026-03-22T19:51:00.108+0900][10.206s][info][gc,phases,start] GC(915) Adjust Roots
[2026-03-22T19:51:00.108+0900][10.207s][info][gc,phases      ] GC(915) Adjust Roots 0.299ms
[2026-03-22T19:51:00.108+0900][10.207s][info][gc,phases,start] GC(915) Compaction Phase
[2026-03-22T19:51:00.112+0900][10.211s][info][gc,phases      ] GC(915) Compaction Phase 4.510ms
[2026-03-22T19:51:00.112+0900][10.211s][info][gc,phases,start] GC(915) Post Compact
[2026-03-22T19:51:00.113+0900][10.213s][info][gc,phases      ] GC(915) Post Compact 1.493ms
[2026-03-22T19:51:00.113+0900][10.213s][info][gc,heap        ] GC(915) PSYoungGen: 116136K(116736K)->0K(116736K) Eden: 58504K(58880K)->0K(58880K) From: 57632K(57856K)->0K(57856K)
[2026-03-22T19:51:00.113+0900][10.213s][info][gc,heap        ] GC(915) ParOldGen: 292263K(349696K)->103430K(349696K)
[2026-03-22T19:51:00.113+0900][10.213s][info][gc,metaspace   ] GC(915) Metaspace: 341K(512K)->341K(512K) NonClass: 323K(384K)->323K(384K) Class: 17K(128K)->17K(128K)
[2026-03-22T19:51:00.113+0900][10.213s][info][gc             ] GC(915) Pause Full (Ergonomics) 398M->101M(455M) 7.792ms
[2026-03-22T19:51:00.115+0900][10.213s][info][gc,cpu         ] GC(915) User=0.00s Sys=0.00s Real=0.01s
[2026-03-22T19:51:00.120+0900][10.219s][info][gc,start       ] GC(916) Pause Young (Allocation Failure)
[2026-03-22T19:51:00.122+0900][10.221s][info][gc,heap        ] GC(916) PSYoungGen: 58504K(116736K)->57632K(116736K) Eden: 58504K(58880K)->0K(58880K) From: 0K(57856K)->57632K(57856K)
[2026-03-22T19:51:00.122+0900][10.221s][info][gc,heap        ] GC(916) ParOldGen: 103430K(349696K)->103430K(349696K)
[2026-03-22T19:51:00.122+0900][10.221s][info][gc,metaspace   ] GC(916) Metaspace: 341K(512K)->341K(512K) NonClass: 323K(384K)->323K(384K) Class: 17K(128K)->17K(128K)
[2026-03-22T19:51:00.122+0900][10.221s][info][gc             ] GC(916) Pause Young (Allocation Failure) 158M->157M(455M) 2.343ms
[2026-03-22T19:51:00.122+0900][10.221s][info][gc,cpu         ] GC(916) User=0.00s Sys=0.00s Real=0.00s
[2026-03-22T19:51:00.129+0900][10.228s][info][gc,start       ] GC(917) Pause Young (Allocation Failure)
[2026-03-22T19:51:00.133+0900][10.232s][info][gc,heap        ] GC(917) PSYoungGen: 116136K(116736K)->57632K(116736K) Eden: 58504K(58880K)->0K(58880K) From: 57632K(57856K)->57632K(57856K)
[2026-03-22T19:51:00.133+0900][10.232s][info][gc,heap        ] GC(917) ParOldGen: 103430K(349696K)->150638K(349696K)
[2026-03-22T19:51:00.133+0900][10.232s][info][gc,metaspace   ] GC(917) Metaspace: 341K(512K)->341K(512K) NonClass: 323K(384K)->323K(384K) Class: 17K(128K)->17K(128K)
[2026-03-22T19:51:00.133+0900][10.232s][info][gc             ] GC(917) Pause Young (Allocation Failure) 214M->203M(455M) 3.718ms
[2026-03-22T19:51:00.133+0900][10.232s][info][gc,cpu         ] GC(917) User=0.00s Sys=0.00s Real=0.00s
[2026-03-22T19:51:00.139+0900][10.238s][info][gc,start       ] GC(918) Pause Young (Allocation Failure)
[2026-03-22T19:51:00.143+0900][10.241s][info][gc,heap        ] GC(918) PSYoungGen: 116136K(116736K)->57632K(116736K) Eden: 58504K(58880K)->0K(58880K) From: 57632K(57856K)->57632K(57856K)
[2026-03-22T19:51:00.143+0900][10.241s][info][gc,heap        ] GC(918) ParOldGen: 150638K(349696K)->197847K(349696K)
[2026-03-22T19:51:00.143+0900][10.241s][info][gc,metaspace   ] GC(918) Metaspace: 341K(512K)->341K(512K) NonClass: 323K(384K)->323K(384K) Class: 17K(128K)->17K(128K)
[2026-03-22T19:51:00.143+0900][10.241s][info][gc             ] GC(918) Pause Young (Allocation Failure) 260M->249M(455M) 3.678ms
[2026-03-22T19:51:00.143+0900][10.241s][info][gc,cpu         ] GC(918) User=0.00s Sys=0.00s Real=0.00s
[2026-03-22T19:51:00.148+0900][10.247s][info][gc,start       ] GC(919) Pause Young (Allocation Failure)
[2026-03-22T19:51:00.152+0900][10.251s][info][gc,heap        ] GC(919) PSYoungGen: 116136K(116736K)->57632K(116736K) Eden: 58504K(58880K)->0K(58880K) From: 57632K(57856K)->57632K(57856K)
[2026-03-22T19:51:00.152+0900][10.251s][info][gc,heap        ] GC(919) ParOldGen: 197847K(349696K)->245063K(349696K)
[2026-03-22T19:51:00.152+0900][10.251s][info][gc,metaspace   ] GC(919) Metaspace: 341K(512K)->341K(512K) NonClass: 323K(384K)->323K(384K) Class: 17K(128K)->17K(128K)
[2026-03-22T19:51:00.152+0900][10.251s][info][gc             ] GC(919) Pause Young (Allocation Failure) 306M->295M(455M) 3.786ms
[2026-03-22T19:51:00.152+0900][10.251s][info][gc,cpu         ] GC(919) User=0.12s Sys=0.00s Real=0.00s
[2026-03-22T19:51:00.158+0900][10.257s][info][gc,start       ] GC(920) Pause Young (Allocation Failure)
[2026-03-22T19:51:00.162+0900][10.260s][info][gc,heap        ] GC(920) PSYoungGen: 116136K(116736K)->57632K(116736K) Eden: 58504K(58880K)->0K(58880K) From: 57632K(57856K)->57632K(57856K)
[2026-03-22T19:51:00.162+0900][10.260s][info][gc,heap        ] GC(920) ParOldGen: 245063K(349696K)->292271K(349696K)
[2026-03-22T19:51:00.162+0900][10.260s][info][gc,metaspace   ] GC(920) Metaspace: 341K(512K)->341K(512K) NonClass: 323K(384K)->323K(384K) Class: 17K(128K)->17K(128K)
[2026-03-22T19:51:00.162+0900][10.260s][info][gc             ] GC(920) Pause Young (Allocation Failure) 352M->341M(455M) 3.653ms
[2026-03-22T19:51:00.162+0900][10.260s][info][gc,cpu         ] GC(920) User=0.00s Sys=0.00s Real=0.00s
[2026-03-22T19:51:00.167+0900][10.266s][info][gc,start       ] GC(921) Pause Full (Ergonomics)
[2026-03-22T19:51:00.167+0900][10.266s][info][gc,phases,start] GC(921) Marking Phase
[2026-03-22T19:51:00.168+0900][10.267s][info][gc,phases      ] GC(921) Marking Phase 1.079ms
[2026-03-22T19:51:00.169+0900][10.267s][info][gc,phases,start] GC(921) Summary Phase
[2026-03-22T19:51:00.169+0900][10.267s][info][gc,phases      ] GC(921) Summary Phase 0.022ms
[2026-03-22T19:51:00.169+0900][10.267s][info][gc,phases,start] GC(921) Adjust Roots
[2026-03-22T19:51:00.169+0900][10.267s][info][gc,phases      ] GC(921) Adjust Roots 0.194ms
[2026-03-22T19:51:00.169+0900][10.267s][info][gc,phases,start] GC(921) Compaction Phase
[2026-03-22T19:51:00.173+0900][10.272s][info][gc,phases      ] GC(921) Compaction Phase 4.500ms
[2026-03-22T19:51:00.173+0900][10.272s][info][gc,phases,start] GC(921) Post Compact
[2026-03-22T19:51:00.175+0900][10.274s][info][gc,phases      ] GC(921) Post Compact 1.594ms
[2026-03-22T19:51:00.175+0900][10.274s][info][gc,heap        ] GC(921) PSYoungGen: 116136K(116736K)->0K(116736K) Eden: 58504K(58880K)->0K(58880K) From: 57632K(57856K)->0K(57856K)
[2026-03-22T19:51:00.175+0900][10.274s][info][gc,heap        ] GC(921) ParOldGen: 292271K(349696K)->103430K(349696K)
[2026-03-22T19:51:00.175+0900][10.274s][info][gc,metaspace   ] GC(921) Metaspace: 341K(512K)->341K(512K) NonClass: 323K(384K)->323K(384K) Class: 17K(128K)->17K(128K)
[2026-03-22T19:51:00.175+0900][10.274s][info][gc             ] GC(921) Pause Full (Ergonomics) 398M->101M(455M) 7.774ms
[2026-03-22T19:51:00.175+0900][10.274s][info][gc,cpu         ] GC(921) User=0.00s Sys=0.00s Real=0.01s
[2026-03-22T19:51:00.181+0900][10.279s][info][gc,start       ] GC(922) Pause Young (Allocation Failure)
[2026-03-22T19:51:00.183+0900][10.282s][info][gc,heap        ] GC(922) PSYoungGen: 58504K(116736K)->57632K(116736K) Eden: 58504K(58880K)->0K(58880K) From: 0K(57856K)->57632K(57856K)
[2026-03-22T19:51:00.183+0900][10.282s][info][gc,heap        ] GC(922) ParOldGen: 103430K(349696K)->103430K(349696K)
[2026-03-22T19:51:00.183+0900][10.282s][info][gc,metaspace   ] GC(922) Metaspace: 341K(512K)->341K(512K) NonClass: 323K(384K)->323K(384K) Class: 17K(128K)->17K(128K)
[2026-03-22T19:51:00.183+0900][10.282s][info][gc             ] GC(922) Pause Young (Allocation Failure) 158M->157M(455M) 2.306ms
[2026-03-22T19:51:00.183+0900][10.282s][info][gc,cpu         ] GC(922) User=0.11s Sys=0.02s Real=0.00s
[2026-03-22T19:51:00.190+0900][10.288s][info][gc,start       ] GC(923) Pause Young (Allocation Failure)
[2026-03-22T19:51:00.193+0900][10.292s][info][gc,heap        ] GC(923) PSYoungGen: 116136K(116736K)->57632K(116736K) Eden: 58504K(58880K)->0K(58880K) From: 57632K(57856K)->57632K(57856K)
[2026-03-22T19:51:00.193+0900][10.292s][info][gc,heap        ] GC(923) ParOldGen: 103430K(349696K)->150638K(349696K)
[2026-03-22T19:51:00.193+0900][10.292s][info][gc,metaspace   ] GC(923) Metaspace: 341K(512K)->341K(512K) NonClass: 323K(384K)->323K(384K) Class: 17K(128K)->17K(128K)
[2026-03-22T19:51:00.194+0900][10.292s][info][gc             ] GC(923) Pause Young (Allocation Failure) 214M->203M(455M) 3.860ms
[2026-03-22T19:51:00.194+0900][10.292s][info][gc,cpu         ] GC(923) User=0.00s Sys=0.00s Real=0.00s
[2026-03-22T19:51:00.199+0900][10.298s][info][gc,start       ] GC(924) Pause Young (Allocation Failure)
[2026-03-22T19:51:00.203+0900][10.302s][info][gc,heap        ] GC(924) PSYoungGen: 116136K(116736K)->57632K(116736K) Eden: 58504K(58880K)->0K(58880K) From: 57632K(57856K)->57632K(57856K)
[2026-03-22T19:51:00.203+0900][10.302s][info][gc,heap        ] GC(924) ParOldGen: 150638K(349696K)->197847K(349696K)
[2026-03-22T19:51:00.203+0900][10.302s][info][gc,metaspace   ] GC(924) Metaspace: 341K(512K)->341K(512K) NonClass: 323K(384K)->323K(384K) Class: 17K(128K)->17K(128K)
[2026-03-22T19:51:00.203+0900][10.302s][info][gc             ] GC(924) Pause Young (Allocation Failure) 260M->249M(455M) 4.012ms
[2026-03-22T19:51:00.203+0900][10.302s][info][gc,cpu         ] GC(924) User=0.00s Sys=0.00s Real=0.00s
[2026-03-22T19:51:00.209+0900][10.308s][info][gc,start       ] GC(925) Pause Young (Allocation Failure)
[2026-03-22T19:51:00.213+0900][10.312s][info][gc,heap        ] GC(925) PSYoungGen: 116136K(116736K)->57632K(116736K) Eden: 58504K(58880K)->0K(58880K) From: 57632K(57856K)->57632K(57856K)
[2026-03-22T19:51:00.213+0900][10.312s][info][gc,heap        ] GC(925) ParOldGen: 197847K(349696K)->245063K(349696K)
[2026-03-22T19:51:00.213+0900][10.312s][info][gc,metaspace   ] GC(925) Metaspace: 341K(512K)->341K(512K) NonClass: 323K(384K)->323K(384K) Class: 17K(128K)->17K(128K)
[2026-03-22T19:51:00.213+0900][10.312s][info][gc             ] GC(925) Pause Young (Allocation Failure) 306M->295M(455M) 4.165ms
[2026-03-22T19:51:00.213+0900][10.312s][info][gc,cpu         ] GC(925) User=0.08s Sys=0.00s Real=0.00s
[2026-03-22T19:51:00.220+0900][10.319s][info][gc,start       ] GC(926) Pause Young (Allocation Failure)
[2026-03-22T19:51:00.225+0900][10.323s][info][gc,heap        ] GC(926) PSYoungGen: 116136K(116736K)->57632K(116736K) Eden: 58504K(58880K)->0K(58880K) From: 57632K(57856K)->57632K(57856K)
[2026-03-22T19:51:00.225+0900][10.323s][info][gc,heap        ] GC(926) ParOldGen: 245063K(349696K)->292271K(349696K)
[2026-03-22T19:51:00.225+0900][10.323s][info][gc,metaspace   ] GC(926) Metaspace: 341K(512K)->341K(512K) NonClass: 323K(384K)->323K(384K) Class: 17K(128K)->17K(128K)
[2026-03-22T19:51:00.225+0900][10.323s][info][gc             ] GC(926) Pause Young (Allocation Failure) 352M->341M(455M) 4.559ms
[2026-03-22T19:51:00.225+0900][10.323s][info][gc,cpu         ] GC(926) User=0.00s Sys=0.00s Real=0.00s
[2026-03-22T19:51:00.232+0900][10.330s][info][gc,start       ] GC(927) Pause Full (Ergonomics)
[2026-03-22T19:51:00.232+0900][10.330s][info][gc,phases,start] GC(927) Marking Phase
[2026-03-22T19:51:00.233+0900][10.331s][info][gc,phases      ] GC(927) Marking Phase 1.373ms
[2026-03-22T19:51:00.233+0900][10.331s][info][gc,phases,start] GC(927) Summary Phase
[2026-03-22T19:51:00.233+0900][10.331s][info][gc,phases      ] GC(927) Summary Phase 0.020ms
[2026-03-22T19:51:00.233+0900][10.331s][info][gc,phases,start] GC(927) Adjust Roots
[2026-03-22T19:51:00.233+0900][10.332s][info][gc,phases      ] GC(927) Adjust Roots 0.225ms
[2026-03-22T19:51:00.233+0900][10.332s][info][gc,phases,start] GC(927) Compaction Phase
[2026-03-22T19:51:00.238+0900][10.337s][info][gc,phases      ] GC(927) Compaction Phase 4.961ms
[2026-03-22T19:51:00.238+0900][10.337s][info][gc,phases,start] GC(927) Post Compact
[2026-03-22T19:51:00.240+0900][10.338s][info][gc,phases      ] GC(927) Post Compact 1.446ms
[2026-03-22T19:51:00.240+0900][10.338s][info][gc,heap        ] GC(927) PSYoungGen: 116136K(116736K)->0K(116736K) Eden: 58504K(58880K)->0K(58880K) From: 57632K(57856K)->0K(57856K)
[2026-03-22T19:51:00.240+0900][10.338s][info][gc,heap        ] GC(927) ParOldGen: 292271K(349696K)->103430K(349696K)
[2026-03-22T19:51:00.240+0900][10.338s][info][gc,metaspace   ] GC(927) Metaspace: 341K(512K)->341K(512K) NonClass: 323K(384K)->323K(384K) Class: 17K(128K)->17K(128K)
[2026-03-22T19:51:00.240+0900][10.338s][info][gc             ] GC(927) Pause Full (Ergonomics) 398M->101M(455M) 8.355ms
[2026-03-22T19:51:00.240+0900][10.338s][info][gc,cpu         ] GC(927) User=0.00s Sys=0.00s Real=0.01s
[2026-03-22T19:51:00.246+0900][10.345s][info][gc,start       ] GC(928) Pause Young (Allocation Failure)
[2026-03-22T19:51:00.249+0900][10.347s][info][gc,heap        ] GC(928) PSYoungGen: 58504K(116736K)->57632K(116736K) Eden: 58504K(58880K)->0K(58880K) From: 0K(57856K)->57632K(57856K)
[2026-03-22T19:51:00.249+0900][10.348s][info][gc,heap        ] GC(928) ParOldGen: 103430K(349696K)->103430K(349696K)
[2026-03-22T19:51:00.249+0900][10.348s][info][gc,metaspace   ] GC(928) Metaspace: 341K(512K)->341K(512K) NonClass: 323K(384K)->323K(384K) Class: 17K(128K)->17K(128K)
[2026-03-22T19:51:00.249+0900][10.348s][info][gc             ] GC(928) Pause Young (Allocation Failure) 158M->157M(455M) 2.721ms
[2026-03-22T19:51:00.249+0900][10.348s][info][gc,cpu         ] GC(928) User=0.00s Sys=0.00s Real=0.00s
[2026-03-22T19:51:00.255+0900][10.354s][info][gc,start       ] GC(929) Pause Young (Allocation Failure)
[2026-03-22T19:51:00.259+0900][10.357s][info][gc,heap        ] GC(929) PSYoungGen: 116136K(116736K)->57632K(116736K) Eden: 58504K(58880K)->0K(58880K) From: 57632K(57856K)->57632K(57856K)
[2026-03-22T19:51:00.259+0900][10.357s][info][gc,heap        ] GC(929) ParOldGen: 103430K(349696K)->150638K(349696K)
[2026-03-22T19:51:00.259+0900][10.358s][info][gc,metaspace   ] GC(929) Metaspace: 341K(512K)->341K(512K) NonClass: 323K(384K)->323K(384K) Class: 17K(128K)->17K(128K)
[2026-03-22T19:51:00.259+0900][10.358s][info][gc             ] GC(929) Pause Young (Allocation Failure) 214M->203M(455M) 3.840ms
[2026-03-22T19:51:00.259+0900][10.358s][info][gc,cpu         ] GC(929) User=0.00s Sys=0.00s Real=0.00s
[2026-03-22T19:51:00.265+0900][10.364s][info][gc,start       ] GC(930) Pause Young (Allocation Failure)
[2026-03-22T19:51:00.268+0900][10.368s][info][gc,heap        ] GC(930) PSYoungGen: 116136K(116736K)->57632K(116736K) Eden: 58504K(58880K)->0K(58880K) From: 57632K(57856K)->57632K(57856K)
[2026-03-22T19:51:00.268+0900][10.368s][info][gc,heap        ] GC(930) ParOldGen: 150638K(349696K)->197847K(349696K)
[2026-03-22T19:51:00.268+0900][10.368s][info][gc,metaspace   ] GC(930) Metaspace: 341K(512K)->341K(512K) NonClass: 323K(384K)->323K(384K) Class: 17K(128K)->17K(128K)
[2026-03-22T19:51:00.268+0900][10.368s][info][gc             ] GC(930) Pause Young (Allocation Failure) 260M->249M(455M) 4.040ms
[2026-03-22T19:51:00.268+0900][10.368s][info][gc,cpu         ] GC(930) User=0.00s Sys=0.00s Real=0.00s
[2026-03-22T19:51:00.275+0900][10.374s][info][gc,start       ] GC(931) Pause Young (Allocation Failure)
[2026-03-22T19:51:00.279+0900][10.378s][info][gc,heap        ] GC(931) PSYoungGen: 116136K(116736K)->57632K(116736K) Eden: 58504K(58880K)->0K(58880K) From: 57632K(57856K)->57632K(57856K)
[2026-03-22T19:51:00.279+0900][10.378s][info][gc,heap        ] GC(931) ParOldGen: 197847K(349696K)->245063K(349696K)
[2026-03-22T19:51:00.279+0900][10.378s][info][gc,metaspace   ] GC(931) Metaspace: 341K(512K)->341K(512K) NonClass: 323K(384K)->323K(384K) Class: 17K(128K)->17K(128K)
[2026-03-22T19:51:00.279+0900][10.378s][info][gc             ] GC(931) Pause Young (Allocation Failure) 306M->295M(455M) 4.342ms
[2026-03-22T19:51:00.279+0900][10.378s][info][gc,cpu         ] GC(931) User=0.00s Sys=0.00s Real=0.00s
[2026-03-22T19:51:00.286+0900][10.385s][info][gc,start       ] GC(932) Pause Young (Allocation Failure)
[2026-03-22T19:51:00.291+0900][10.389s][info][gc,heap        ] GC(932) PSYoungGen: 116136K(116736K)->57632K(116736K) Eden: 58504K(58880K)->0K(58880K) From: 57632K(57856K)->57632K(57856K)
[2026-03-22T19:51:00.291+0900][10.389s][info][gc,heap        ] GC(932) ParOldGen: 245063K(349696K)->292271K(349696K)
[2026-03-22T19:51:00.291+0900][10.389s][info][gc,metaspace   ] GC(932) Metaspace: 341K(512K)->341K(512K) NonClass: 323K(384K)->323K(384K) Class: 17K(128K)->17K(128K)
[2026-03-22T19:51:00.291+0900][10.389s][info][gc             ] GC(932) Pause Young (Allocation Failure) 352M->341M(455M) 4.440ms
[2026-03-22T19:51:00.291+0900][10.389s][info][gc,cpu         ] GC(932) User=0.00s Sys=0.00s Real=0.00s
[2026-03-22T19:51:00.298+0900][10.397s][info][gc,start       ] GC(933) Pause Full (Ergonomics)
[2026-03-22T19:51:00.298+0900][10.397s][info][gc,phases,start] GC(933) Marking Phase
[2026-03-22T19:51:00.299+0900][10.398s][info][gc,phases      ] GC(933) Marking Phase 1.483ms
[2026-03-22T19:51:00.299+0900][10.398s][info][gc,phases,start] GC(933) Summary Phase
[2026-03-22T19:51:00.299+0900][10.398s][info][gc,phases      ] GC(933) Summary Phase 0.022ms
[2026-03-22T19:51:00.299+0900][10.398s][info][gc,phases,start] GC(933) Adjust Roots
[2026-03-22T19:51:00.300+0900][10.399s][info][gc,phases      ] GC(933) Adjust Roots 0.301ms
[2026-03-22T19:51:00.300+0900][10.399s][info][gc,phases,start] GC(933) Compaction Phase
[2026-03-22T19:51:00.304+0900][10.403s][info][gc,phases      ] GC(933) Compaction Phase 4.852ms
[2026-03-22T19:51:00.305+0900][10.404s][info][gc,phases,start] GC(933) Post Compact
[2026-03-22T19:51:00.306+0900][10.405s][info][gc,phases      ] GC(933) Post Compact 1.418ms
[2026-03-22T19:51:00.306+0900][10.405s][info][gc,heap        ] GC(933) PSYoungGen: 116136K(116736K)->0K(116736K) Eden: 58504K(58880K)->0K(58880K) From: 57632K(57856K)->0K(57856K)
[2026-03-22T19:51:00.306+0900][10.405s][info][gc,heap        ] GC(933) ParOldGen: 292271K(349696K)->103430K(349696K)
[2026-03-22T19:51:00.306+0900][10.405s][info][gc,metaspace   ] GC(933) Metaspace: 341K(512K)->341K(512K) NonClass: 323K(384K)->323K(384K) Class: 17K(128K)->17K(128K)
[2026-03-22T19:51:00.306+0900][10.405s][info][gc             ] GC(933) Pause Full (Ergonomics) 398M->101M(455M) 8.474ms
[2026-03-22T19:51:00.306+0900][10.405s][info][gc,cpu         ] GC(933) User=0.00s Sys=0.02s Real=0.01s
[2026-03-22T19:51:00.314+0900][10.412s][info][gc,start       ] GC(934) Pause Young (Allocation Failure)
[2026-03-22T19:51:00.316+0900][10.415s][info][gc,heap        ] GC(934) PSYoungGen: 58504K(116736K)->57632K(116736K) Eden: 58504K(58880K)->0K(58880K) From: 0K(57856K)->57632K(57856K)
[2026-03-22T19:51:00.316+0900][10.415s][info][gc,heap        ] GC(934) ParOldGen: 103430K(349696K)->103430K(349696K)
[2026-03-22T19:51:00.316+0900][10.415s][info][gc,metaspace   ] GC(934) Metaspace: 341K(512K)->341K(512K) NonClass: 323K(384K)->323K(384K) Class: 17K(128K)->17K(128K)
[2026-03-22T19:51:00.316+0900][10.415s][info][gc             ] GC(934) Pause Young (Allocation Failure) 158M->157M(455M) 2.769ms
[2026-03-22T19:51:00.316+0900][10.415s][info][gc,cpu         ] GC(934) User=0.00s Sys=0.00s Real=0.00s
[2026-03-22T19:51:00.322+0900][10.421s][info][gc,start       ] GC(935) Pause Young (Allocation Failure)
[2026-03-22T19:51:00.326+0900][10.425s][info][gc,heap        ] GC(935) PSYoungGen: 116136K(116736K)->57632K(116736K) Eden: 58504K(58880K)->0K(58880K) From: 57632K(57856K)->57632K(57856K)
[2026-03-22T19:51:00.326+0900][10.425s][info][gc,heap        ] GC(935) ParOldGen: 103430K(349696K)->150638K(349696K)
[2026-03-22T19:51:00.326+0900][10.425s][info][gc,metaspace   ] GC(935) Metaspace: 341K(512K)->341K(512K) NonClass: 323K(384K)->323K(384K) Class: 17K(128K)->17K(128K)
[2026-03-22T19:51:00.326+0900][10.425s][info][gc             ] GC(935) Pause Young (Allocation Failure) 214M->203M(455M) 4.255ms
[2026-03-22T19:51:00.327+0900][10.425s][info][gc,cpu         ] GC(935) User=0.00s Sys=0.00s Real=0.00s
[2026-03-22T19:51:00.333+0900][10.432s][info][gc,start       ] GC(936) Pause Young (Allocation Failure)
[2026-03-22T19:51:00.337+0900][10.436s][info][gc,heap        ] GC(936) PSYoungGen: 116136K(116736K)->57632K(116736K) Eden: 58504K(58880K)->0K(58880K) From: 57632K(57856K)->57632K(57856K)
[2026-03-22T19:51:00.337+0900][10.436s][info][gc,heap        ] GC(936) ParOldGen: 150638K(349696K)->197847K(349696K)
[2026-03-22T19:51:00.337+0900][10.436s][info][gc,metaspace   ] GC(936) Metaspace: 341K(512K)->341K(512K) NonClass: 323K(384K)->323K(384K) Class: 17K(128K)->17K(128K)
[2026-03-22T19:51:00.337+0900][10.436s][info][gc             ] GC(936) Pause Young (Allocation Failure) 260M->249M(455M) 4.139ms
[2026-03-22T19:51:00.337+0900][10.436s][info][gc,cpu         ] GC(936) User=0.00s Sys=0.00s Real=0.00s
[2026-03-22T19:51:00.344+0900][10.443s][info][gc,start       ] GC(937) Pause Young (Allocation Failure)
[2026-03-22T19:51:00.348+0900][10.447s][info][gc,heap        ] GC(937) PSYoungGen: 116136K(116736K)->57632K(116736K) Eden: 58504K(58880K)->0K(58880K) From: 57632K(57856K)->57632K(57856K)
[2026-03-22T19:51:00.348+0900][10.447s][info][gc,heap        ] GC(937) ParOldGen: 197847K(349696K)->245063K(349696K)
[2026-03-22T19:51:00.348+0900][10.447s][info][gc,metaspace   ] GC(937) Metaspace: 341K(512K)->341K(512K) NonClass: 323K(384K)->323K(384K) Class: 17K(128K)->17K(128K)
[2026-03-22T19:51:00.348+0900][10.447s][info][gc             ] GC(937) Pause Young (Allocation Failure) 306M->295M(455M) 4.139ms
[2026-03-22T19:51:00.348+0900][10.447s][info][gc,cpu         ] GC(937) User=0.00s Sys=0.00s Real=0.00s
[2026-03-22T19:51:00.356+0900][10.454s][info][gc,start       ] GC(938) Pause Young (Allocation Failure)
[2026-03-22T19:51:00.360+0900][10.459s][info][gc,heap        ] GC(938) PSYoungGen: 116136K(116736K)->57632K(116736K) Eden: 58504K(58880K)->0K(58880K) From: 57632K(57856K)->57632K(57856K)
[2026-03-22T19:51:00.360+0900][10.459s][info][gc,heap        ] GC(938) ParOldGen: 245063K(349696K)->292271K(349696K)
[2026-03-22T19:51:00.360+0900][10.459s][info][gc,metaspace   ] GC(938) Metaspace: 341K(512K)->341K(512K) NonClass: 323K(384K)->323K(384K) Class: 17K(128K)->17K(128K)
[2026-03-22T19:51:00.360+0900][10.459s][info][gc             ] GC(938) Pause Young (Allocation Failure) 352M->341M(455M) 4.550ms
[2026-03-22T19:51:00.360+0900][10.459s][info][gc,cpu         ] GC(938) User=0.00s Sys=0.00s Real=0.00s
[2026-03-22T19:51:00.366+0900][10.465s][info][gc,start       ] GC(939) Pause Full (Ergonomics)
[2026-03-22T19:51:00.366+0900][10.465s][info][gc,phases,start] GC(939) Marking Phase
[2026-03-22T19:51:00.368+0900][10.467s][info][gc,phases      ] GC(939) Marking Phase 1.422ms
[2026-03-22T19:51:00.368+0900][10.467s][info][gc,phases,start] GC(939) Summary Phase
[2026-03-22T19:51:00.368+0900][10.467s][info][gc,phases      ] GC(939) Summary Phase 0.023ms
[2026-03-22T19:51:00.368+0900][10.467s][info][gc,phases,start] GC(939) Adjust Roots
[2026-03-22T19:51:00.368+0900][10.467s][info][gc,phases      ] GC(939) Adjust Roots 0.253ms
[2026-03-22T19:51:00.368+0900][10.467s][info][gc,phases,start] GC(939) Compaction Phase
[2026-03-22T19:51:00.373+0900][10.472s][info][gc,phases      ] GC(939) Compaction Phase 4.874ms
[2026-03-22T19:51:00.373+0900][10.472s][info][gc,phases,start] GC(939) Post Compact
[2026-03-22T19:51:00.374+0900][10.474s][info][gc,phases      ] GC(939) Post Compact 1.460ms
[2026-03-22T19:51:00.375+0900][10.474s][info][gc,heap        ] GC(939) PSYoungGen: 116136K(116736K)->0K(116736K) Eden: 58504K(58880K)->0K(58880K) From: 57632K(57856K)->0K(57856K)
[2026-03-22T19:51:00.375+0900][10.474s][info][gc,heap        ] GC(939) ParOldGen: 292271K(349696K)->103430K(349696K)
[2026-03-22T19:51:00.375+0900][10.474s][info][gc,metaspace   ] GC(939) Metaspace: 341K(512K)->341K(512K) NonClass: 323K(384K)->323K(384K) Class: 17K(128K)->17K(128K)
[2026-03-22T19:51:00.375+0900][10.474s][info][gc             ] GC(939) Pause Full (Ergonomics) 398M->101M(455M) 8.364ms
[2026-03-22T19:51:00.375+0900][10.474s][info][gc,cpu         ] GC(939) User=0.02s Sys=0.00s Real=0.01s
[2026-03-22T19:51:00.381+0900][10.480s][info][gc,start       ] GC(940) Pause Young (Allocation Failure)
[2026-03-22T19:51:00.384+0900][10.483s][info][gc,heap        ] GC(940) PSYoungGen: 58504K(116736K)->57632K(116736K) Eden: 58504K(58880K)->0K(58880K) From: 0K(57856K)->57632K(57856K)
[2026-03-22T19:51:00.384+0900][10.483s][info][gc,heap        ] GC(940) ParOldGen: 103430K(349696K)->103430K(349696K)
[2026-03-22T19:51:00.384+0900][10.483s][info][gc,metaspace   ] GC(940) Metaspace: 341K(512K)->341K(512K) NonClass: 323K(384K)->323K(384K) Class: 17K(128K)->17K(128K)
[2026-03-22T19:51:00.384+0900][10.483s][info][gc             ] GC(940) Pause Young (Allocation Failure) 158M->157M(455M) 2.635ms
[2026-03-22T19:51:00.384+0900][10.483s][info][gc,cpu         ] GC(940) User=0.00s Sys=0.00s Real=0.00s
[2026-03-22T19:51:00.391+0900][10.490s][info][gc,start       ] GC(941) Pause Young (Allocation Failure)
[2026-03-22T19:51:00.396+0900][10.494s][info][gc,heap        ] GC(941) PSYoungGen: 116136K(116736K)->57632K(116736K) Eden: 58504K(58880K)->0K(58880K) From: 57632K(57856K)->57632K(57856K)
[2026-03-22T19:51:00.396+0900][10.494s][info][gc,heap        ] GC(941) ParOldGen: 103430K(349696K)->150638K(349696K)
[2026-03-22T19:51:00.396+0900][10.494s][info][gc,metaspace   ] GC(941) Metaspace: 341K(512K)->341K(512K) NonClass: 323K(384K)->323K(384K) Class: 17K(128K)->17K(128K)
[2026-03-22T19:51:00.396+0900][10.494s][info][gc             ] GC(941) Pause Young (Allocation Failure) 214M->203M(455M) 4.197ms
[2026-03-22T19:51:00.396+0900][10.494s][info][gc,cpu         ] GC(941) User=0.00s Sys=0.00s Real=0.00s
[2026-03-22T19:51:00.402+0900][10.501s][info][gc,start       ] GC(942) Pause Young (Allocation Failure)
[2026-03-22T19:51:00.406+0900][10.505s][info][gc,heap        ] GC(942) PSYoungGen: 116136K(116736K)->57632K(116736K) Eden: 58504K(58880K)->0K(58880K) From: 57632K(57856K)->57632K(57856K)
[2026-03-22T19:51:00.406+0900][10.505s][info][gc,heap        ] GC(942) ParOldGen: 150638K(349696K)->197847K(349696K)
[2026-03-22T19:51:00.406+0900][10.505s][info][gc,metaspace   ] GC(942) Metaspace: 341K(512K)->341K(512K) NonClass: 323K(384K)->323K(384K) Class: 17K(128K)->17K(128K)
[2026-03-22T19:51:00.406+0900][10.505s][info][gc             ] GC(942) Pause Young (Allocation Failure) 260M->249M(455M) 4.055ms
[2026-03-22T19:51:00.406+0900][10.505s][info][gc,cpu         ] GC(942) User=0.00s Sys=0.00s Real=0.00s
[2026-03-22T19:51:00.412+0900][10.511s][info][gc,start       ] GC(943) Pause Young (Allocation Failure)
[2026-03-22T19:51:00.416+0900][10.515s][info][gc,heap        ] GC(943) PSYoungGen: 116136K(116736K)->57632K(116736K) Eden: 58504K(58880K)->0K(58880K) From: 57632K(57856K)->57632K(57856K)
[2026-03-22T19:51:00.416+0900][10.515s][info][gc,heap        ] GC(943) ParOldGen: 197847K(349696K)->245063K(349696K)
[2026-03-22T19:51:00.416+0900][10.515s][info][gc,metaspace   ] GC(943) Metaspace: 341K(512K)->341K(512K) NonClass: 323K(384K)->323K(384K) Class: 17K(128K)->17K(128K)
[2026-03-22T19:51:00.416+0900][10.515s][info][gc             ] GC(943) Pause Young (Allocation Failure) 306M->295M(455M) 4.216ms
[2026-03-22T19:51:00.416+0900][10.515s][info][gc,cpu         ] GC(943) User=0.12s Sys=0.00s Real=0.00s
[2026-03-22T19:51:00.422+0900][10.521s][info][gc,start       ] GC(944) Pause Young (Allocation Failure)
[2026-03-22T19:51:00.427+0900][10.525s][info][gc,heap        ] GC(944) PSYoungGen: 116136K(116736K)->57632K(116736K) Eden: 58504K(58880K)->0K(58880K) From: 57632K(57856K)->57632K(57856K)
[2026-03-22T19:51:00.427+0900][10.526s][info][gc,heap        ] GC(944) ParOldGen: 245063K(349696K)->292271K(349696K)
[2026-03-22T19:51:00.427+0900][10.526s][info][gc,metaspace   ] GC(944) Metaspace: 341K(512K)->341K(512K) NonClass: 323K(384K)->323K(384K) Class: 17K(128K)->17K(128K)
[2026-03-22T19:51:00.427+0900][10.526s][info][gc             ] GC(944) Pause Young (Allocation Failure) 352M->341M(455M) 4.243ms
[2026-03-22T19:51:00.427+0900][10.526s][info][gc,cpu         ] GC(944) User=0.00s Sys=0.00s Real=0.01s
[2026-03-22T19:51:00.433+0900][10.532s][info][gc,start       ] GC(945) Pause Full (Ergonomics)
[2026-03-22T19:51:00.433+0900][10.532s][info][gc,phases,start] GC(945) Marking Phase
[2026-03-22T19:51:00.434+0900][10.533s][info][gc,phases      ] GC(945) Marking Phase 1.213ms
[2026-03-22T19:51:00.434+0900][10.533s][info][gc,phases,start] GC(945) Summary Phase
[2026-03-22T19:51:00.434+0900][10.533s][info][gc,phases      ] GC(945) Summary Phase 0.018ms
[2026-03-22T19:51:00.434+0900][10.533s][info][gc,phases,start] GC(945) Adjust Roots
[2026-03-22T19:51:00.435+0900][10.533s][info][gc,phases      ] GC(945) Adjust Roots 0.212ms
[2026-03-22T19:51:00.435+0900][10.533s][info][gc,phases,start] GC(945) Compaction Phase
[2026-03-22T19:51:00.440+0900][10.538s][info][gc,phases      ] GC(945) Compaction Phase 4.944ms
[2026-03-22T19:51:00.440+0900][10.538s][info][gc,phases,start] GC(945) Post Compact
[2026-03-22T19:51:00.441+0900][10.540s][info][gc,phases      ] GC(945) Post Compact 1.355ms
[2026-03-22T19:51:00.441+0900][10.540s][info][gc,heap        ] GC(945) PSYoungGen: 116136K(116736K)->0K(116736K) Eden: 58504K(58880K)->0K(58880K) From: 57632K(57856K)->0K(57856K)
[2026-03-22T19:51:00.441+0900][10.540s][info][gc,heap        ] GC(945) ParOldGen: 292271K(349696K)->103430K(349696K)
[2026-03-22T19:51:00.441+0900][10.540s][info][gc,metaspace   ] GC(945) Metaspace: 341K(512K)->341K(512K) NonClass: 323K(384K)->323K(384K) Class: 17K(128K)->17K(128K)
[2026-03-22T19:51:00.441+0900][10.540s][info][gc             ] GC(945) Pause Full (Ergonomics) 398M->101M(455M) 8.023ms
[2026-03-22T19:51:00.441+0900][10.540s][info][gc,cpu         ] GC(945) User=0.00s Sys=0.00s Real=0.01s
[2026-03-22T19:51:00.447+0900][10.546s][info][gc,start       ] GC(946) Pause Young (Allocation Failure)
[2026-03-22T19:51:00.450+0900][10.549s][info][gc,heap        ] GC(946) PSYoungGen: 58504K(116736K)->57632K(116736K) Eden: 58504K(58880K)->0K(58880K) From: 0K(57856K)->57632K(57856K)
[2026-03-22T19:51:00.450+0900][10.549s][info][gc,heap        ] GC(946) ParOldGen: 103430K(349696K)->103430K(349696K)
[2026-03-22T19:51:00.450+0900][10.549s][info][gc,metaspace   ] GC(946) Metaspace: 341K(512K)->341K(512K) NonClass: 323K(384K)->323K(384K) Class: 17K(128K)->17K(128K)
[2026-03-22T19:51:00.450+0900][10.549s][info][gc             ] GC(946) Pause Young (Allocation Failure) 158M->157M(455M) 2.547ms
[2026-03-22T19:51:00.450+0900][10.549s][info][gc,cpu         ] GC(946) User=0.00s Sys=0.00s Real=0.00s
[2026-03-22T19:51:00.458+0900][10.556s][info][gc,start       ] GC(947) Pause Young (Allocation Failure)
[2026-03-22T19:51:00.462+0900][10.560s][info][gc,heap        ] GC(947) PSYoungGen: 116136K(116736K)->57632K(116736K) Eden: 58504K(58880K)->0K(58880K) From: 57632K(57856K)->57632K(57856K)
[2026-03-22T19:51:00.462+0900][10.560s][info][gc,heap        ] GC(947) ParOldGen: 103430K(349696K)->150638K(349696K)
[2026-03-22T19:51:00.462+0900][10.560s][info][gc,metaspace   ] GC(947) Metaspace: 341K(512K)->341K(512K) NonClass: 323K(384K)->323K(384K) Class: 17K(128K)->17K(128K)
[2026-03-22T19:51:00.462+0900][10.560s][info][gc             ] GC(947) Pause Young (Allocation Failure) 214M->203M(455M) 4.258ms
[2026-03-22T19:51:00.462+0900][10.560s][info][gc,cpu         ] GC(947) User=0.00s Sys=0.00s Real=0.00s
[2026-03-22T19:51:00.468+0900][10.567s][info][gc,start       ] GC(948) Pause Young (Allocation Failure)
[2026-03-22T19:51:00.472+0900][10.571s][info][gc,heap        ] GC(948) PSYoungGen: 116136K(116736K)->57632K(116736K) Eden: 58504K(58880K)->0K(58880K) From: 57632K(57856K)->57632K(57856K)
[2026-03-22T19:51:00.472+0900][10.571s][info][gc,heap        ] GC(948) ParOldGen: 150638K(349696K)->197847K(349696K)
[2026-03-22T19:51:00.472+0900][10.571s][info][gc,metaspace   ] GC(948) Metaspace: 341K(512K)->341K(512K) NonClass: 323K(384K)->323K(384K) Class: 17K(128K)->17K(128K)
[2026-03-22T19:51:00.472+0900][10.571s][info][gc             ] GC(948) Pause Young (Allocation Failure) 260M->249M(455M) 4.048ms
[2026-03-22T19:51:00.472+0900][10.571s][info][gc,cpu         ] GC(948) User=0.00s Sys=0.00s Real=0.00s
[2026-03-22T19:51:00.479+0900][10.577s][info][gc,start       ] GC(949) Pause Young (Allocation Failure)
[2026-03-22T19:51:00.483+0900][10.582s][info][gc,heap        ] GC(949) PSYoungGen: 116136K(116736K)->57632K(116736K) Eden: 58504K(58880K)->0K(58880K) From: 57632K(57856K)->57632K(57856K)
[2026-03-22T19:51:00.483+0900][10.582s][info][gc,heap        ] GC(949) ParOldGen: 197847K(349696K)->245063K(349696K)
[2026-03-22T19:51:00.483+0900][10.582s][info][gc,metaspace   ] GC(949) Metaspace: 341K(512K)->341K(512K) NonClass: 323K(384K)->323K(384K) Class: 17K(128K)->17K(128K)
[2026-03-22T19:51:00.483+0900][10.582s][info][gc             ] GC(949) Pause Young (Allocation Failure) 306M->295M(455M) 4.302ms
[2026-03-22T19:51:00.483+0900][10.582s][info][gc,cpu         ] GC(949) User=0.00s Sys=0.00s Real=0.00s
[2026-03-22T19:51:00.489+0900][10.588s][info][gc,start       ] GC(950) Pause Young (Allocation Failure)
[2026-03-22T19:51:00.494+0900][10.592s][info][gc,heap        ] GC(950) PSYoungGen: 116136K(116736K)->57632K(116736K) Eden: 58504K(58880K)->0K(58880K) From: 57632K(57856K)->57632K(57856K)
[2026-03-22T19:51:00.494+0900][10.592s][info][gc,heap        ] GC(950) ParOldGen: 245063K(349696K)->292271K(349696K)
[2026-03-22T19:51:00.494+0900][10.593s][info][gc,metaspace   ] GC(950) Metaspace: 341K(512K)->341K(512K) NonClass: 323K(384K)->323K(384K) Class: 17K(128K)->17K(128K)
[2026-03-22T19:51:00.494+0900][10.593s][info][gc             ] GC(950) Pause Young (Allocation Failure) 352M->341M(455M) 4.335ms
[2026-03-22T19:51:00.494+0900][10.593s][info][gc,cpu         ] GC(950) User=0.00s Sys=0.00s Real=0.00s
[2026-03-22T19:51:00.501+0900][10.599s][info][gc,start       ] GC(951) Pause Full (Ergonomics)
[2026-03-22T19:51:00.501+0900][10.599s][info][gc,phases,start] GC(951) Marking Phase
[2026-03-22T19:51:00.503+0900][10.601s][info][gc,phases      ] GC(951) Marking Phase 1.280ms
[2026-03-22T19:51:00.503+0900][10.601s][info][gc,phases,start] GC(951) Summary Phase
[2026-03-22T19:51:00.503+0900][10.601s][info][gc,phases      ] GC(951) Summary Phase 0.025ms
[2026-03-22T19:51:00.503+0900][10.601s][info][gc,phases,start] GC(951) Adjust Roots
[2026-03-22T19:51:00.503+0900][10.601s][info][gc,phases      ] GC(951) Adjust Roots 0.329ms
[2026-03-22T19:51:00.503+0900][10.601s][info][gc,phases,start] GC(951) Compaction Phase
[2026-03-22T19:51:00.508+0900][10.606s][info][gc,phases      ] GC(951) Compaction Phase 4.594ms
[2026-03-22T19:51:00.508+0900][10.606s][info][gc,phases,start] GC(951) Post Compact
[2026-03-22T19:51:00.509+0900][10.607s][info][gc,phases      ] GC(951) Post Compact 1.435ms
[2026-03-22T19:51:00.509+0900][10.607s][info][gc,heap        ] GC(951) PSYoungGen: 116136K(116736K)->0K(116736K) Eden: 58504K(58880K)->0K(58880K) From: 57632K(57856K)->0K(57856K)
[2026-03-22T19:51:00.509+0900][10.607s][info][gc,heap        ] GC(951) ParOldGen: 292271K(349696K)->103430K(349696K)
[2026-03-22T19:51:00.509+0900][10.607s][info][gc,metaspace   ] GC(951) Metaspace: 341K(512K)->341K(512K) NonClass: 323K(384K)->323K(384K) Class: 17K(128K)->17K(128K)
[2026-03-22T19:51:00.509+0900][10.607s][info][gc             ] GC(951) Pause Full (Ergonomics) 398M->101M(455M) 7.960ms
[2026-03-22T19:51:00.509+0900][10.607s][info][gc,cpu         ] GC(951) User=0.00s Sys=0.00s Real=0.01s
[2026-03-22T19:51:00.515+0900][10.614s][info][gc,start       ] GC(952) Pause Young (Allocation Failure)
[2026-03-22T19:51:00.517+0900][10.616s][info][gc,heap        ] GC(952) PSYoungGen: 58504K(116736K)->57632K(116736K) Eden: 58504K(58880K)->0K(58880K) From: 0K(57856K)->57632K(57856K)
[2026-03-22T19:51:00.517+0900][10.616s][info][gc,heap        ] GC(952) ParOldGen: 103430K(349696K)->103430K(349696K)
[2026-03-22T19:51:00.517+0900][10.616s][info][gc,metaspace   ] GC(952) Metaspace: 341K(512K)->341K(512K) NonClass: 323K(384K)->323K(384K) Class: 17K(128K)->17K(128K)
[2026-03-22T19:51:00.517+0900][10.616s][info][gc             ] GC(952) Pause Young (Allocation Failure) 158M->157M(455M) 2.405ms
[2026-03-22T19:51:00.517+0900][10.616s][info][gc,cpu         ] GC(952) User=0.00s Sys=0.00s Real=0.00s
[2026-03-22T19:51:00.524+0900][10.622s][info][gc,start       ] GC(953) Pause Young (Allocation Failure)
[2026-03-22T19:51:00.527+0900][10.626s][info][gc,heap        ] GC(953) PSYoungGen: 116136K(116736K)->57632K(116736K) Eden: 58504K(58880K)->0K(58880K) From: 57632K(57856K)->57632K(57856K)
[2026-03-22T19:51:00.527+0900][10.626s][info][gc,heap        ] GC(953) ParOldGen: 103430K(349696K)->150638K(349696K)
[2026-03-22T19:51:00.527+0900][10.626s][info][gc,metaspace   ] GC(953) Metaspace: 341K(512K)->341K(512K) NonClass: 323K(384K)->323K(384K) Class: 17K(128K)->17K(128K)
[2026-03-22T19:51:00.527+0900][10.626s][info][gc             ] GC(953) Pause Young (Allocation Failure) 214M->203M(455M) 4.058ms
[2026-03-22T19:51:00.527+0900][10.626s][info][gc,cpu         ] GC(953) User=0.12s Sys=0.00s Real=0.00s
[2026-03-22T19:51:00.534+0900][10.633s][info][gc,start       ] GC(954) Pause Young (Allocation Failure)
[2026-03-22T19:51:00.538+0900][10.637s][info][gc,heap        ] GC(954) PSYoungGen: 116136K(116736K)->57632K(116736K) Eden: 58504K(58880K)->0K(58880K) From: 57632K(57856K)->57632K(57856K)
[2026-03-22T19:51:00.538+0900][10.637s][info][gc,heap        ] GC(954) ParOldGen: 150638K(349696K)->197847K(349696K)
[2026-03-22T19:51:00.538+0900][10.637s][info][gc,metaspace   ] GC(954) Metaspace: 341K(512K)->341K(512K) NonClass: 323K(384K)->323K(384K) Class: 17K(128K)->17K(128K)
[2026-03-22T19:51:00.538+0900][10.637s][info][gc             ] GC(954) Pause Young (Allocation Failure) 260M->249M(455M) 3.955ms
[2026-03-22T19:51:00.538+0900][10.637s][info][gc,cpu         ] GC(954) User=0.00s Sys=0.00s Real=0.00s
[2026-03-22T19:51:00.544+0900][10.643s][info][gc,start       ] GC(955) Pause Young (Allocation Failure)
[2026-03-22T19:51:00.548+0900][10.647s][info][gc,heap        ] GC(955) PSYoungGen: 116136K(116736K)->57632K(116736K) Eden: 58504K(58880K)->0K(58880K) From: 57632K(57856K)->57632K(57856K)
[2026-03-22T19:51:00.548+0900][10.647s][info][gc,heap        ] GC(955) ParOldGen: 197847K(349696K)->245055K(349696K)
[2026-03-22T19:51:00.549+0900][10.647s][info][gc,metaspace   ] GC(955) Metaspace: 341K(512K)->341K(512K) NonClass: 323K(384K)->323K(384K) Class: 17K(128K)->17K(128K)
[2026-03-22T19:51:00.549+0900][10.647s][info][gc             ] GC(955) Pause Young (Allocation Failure) 306M->295M(455M) 4.207ms
[2026-03-22T19:51:00.549+0900][10.647s][info][gc,cpu         ] GC(955) User=0.00s Sys=0.00s Real=0.01s
[2026-03-22T19:51:00.555+0900][10.653s][info][gc,start       ] GC(956) Pause Young (Allocation Failure)
[2026-03-22T19:51:00.559+0900][10.657s][info][gc,heap        ] GC(956) PSYoungGen: 116136K(116736K)->57632K(116736K) Eden: 58504K(58880K)->0K(58880K) From: 57632K(57856K)->57632K(57856K)
[2026-03-22T19:51:00.559+0900][10.657s][info][gc,heap        ] GC(956) ParOldGen: 245055K(349696K)->292263K(349696K)
[2026-03-22T19:51:00.559+0900][10.657s][info][gc,metaspace   ] GC(956) Metaspace: 341K(512K)->341K(512K) NonClass: 323K(384K)->323K(384K) Class: 17K(128K)->17K(128K)
[2026-03-22T19:51:00.559+0900][10.658s][info][gc             ] GC(956) Pause Young (Allocation Failure) 352M->341M(455M) 4.117ms
[2026-03-22T19:51:00.559+0900][10.658s][info][gc,cpu         ] GC(956) User=0.12s Sys=0.00s Real=0.00s
[2026-03-22T19:51:00.565+0900][10.664s][info][gc,start       ] GC(957) Pause Full (Ergonomics)
[2026-03-22T19:51:00.565+0900][10.664s][info][gc,phases,start] GC(957) Marking Phase
[2026-03-22T19:51:00.566+0900][10.665s][info][gc,phases      ] GC(957) Marking Phase 1.360ms
[2026-03-22T19:51:00.566+0900][10.665s][info][gc,phases,start] GC(957) Summary Phase
[2026-03-22T19:51:00.566+0900][10.665s][info][gc,phases      ] GC(957) Summary Phase 0.026ms
[2026-03-22T19:51:00.566+0900][10.665s][info][gc,phases,start] GC(957) Adjust Roots
[2026-03-22T19:51:00.566+0900][10.665s][info][gc,phases      ] GC(957) Adjust Roots 0.280ms
[2026-03-22T19:51:00.566+0900][10.665s][info][gc,phases,start] GC(957) Compaction Phase
[2026-03-22T19:51:00.571+0900][10.670s][info][gc,phases      ] GC(957) Compaction Phase 4.584ms
[2026-03-22T19:51:00.571+0900][10.670s][info][gc,phases,start] GC(957) Post Compact
[2026-03-22T19:51:00.573+0900][10.671s][info][gc,phases      ] GC(957) Post Compact 1.378ms
[2026-03-22T19:51:00.573+0900][10.671s][info][gc,heap        ] GC(957) PSYoungGen: 116136K(116736K)->0K(116736K) Eden: 58504K(58880K)->0K(58880K) From: 57632K(57856K)->0K(57856K)
[2026-03-22T19:51:00.573+0900][10.671s][info][gc,heap        ] GC(957) ParOldGen: 292263K(349696K)->103430K(349696K)
[2026-03-22T19:51:00.573+0900][10.672s][info][gc,metaspace   ] GC(957) Metaspace: 341K(512K)->341K(512K) NonClass: 323K(384K)->323K(384K) Class: 17K(128K)->17K(128K)
[2026-03-22T19:51:00.573+0900][10.672s][info][gc             ] GC(957) Pause Full (Ergonomics) 398M->101M(455M) 7.936ms
[2026-03-22T19:51:00.573+0900][10.672s][info][gc,cpu         ] GC(957) User=0.00s Sys=0.02s Real=0.01s
[2026-03-22T19:51:00.579+0900][10.678s][info][gc,start       ] GC(958) Pause Young (Allocation Failure)
[2026-03-22T19:51:00.582+0900][10.680s][info][gc,heap        ] GC(958) PSYoungGen: 58504K(116736K)->57632K(116736K) Eden: 58504K(58880K)->0K(58880K) From: 0K(57856K)->57632K(57856K)
[2026-03-22T19:51:00.582+0900][10.680s][info][gc,heap        ] GC(958) ParOldGen: 103430K(349696K)->103430K(349696K)
[2026-03-22T19:51:00.582+0900][10.680s][info][gc,metaspace   ] GC(958) Metaspace: 341K(512K)->341K(512K) NonClass: 323K(384K)->323K(384K) Class: 17K(128K)->17K(128K)
[2026-03-22T19:51:00.582+0900][10.681s][info][gc             ] GC(958) Pause Young (Allocation Failure) 158M->157M(455M) 2.453ms
[2026-03-22T19:51:00.582+0900][10.681s][info][gc,cpu         ] GC(958) User=0.00s Sys=0.00s Real=0.00s
[2026-03-22T19:51:00.589+0900][10.687s][info][gc,start       ] GC(959) Pause Young (Allocation Failure)
[2026-03-22T19:51:00.592+0900][10.691s][info][gc,heap        ] GC(959) PSYoungGen: 116136K(116736K)->57632K(116736K) Eden: 58504K(58880K)->0K(58880K) From: 57632K(57856K)->57632K(57856K)
[2026-03-22T19:51:00.592+0900][10.691s][info][gc,heap        ] GC(959) ParOldGen: 103430K(349696K)->150638K(349696K)
[2026-03-22T19:51:00.592+0900][10.691s][info][gc,metaspace   ] GC(959) Metaspace: 341K(512K)->341K(512K) NonClass: 323K(384K)->323K(384K) Class: 17K(128K)->17K(128K)
[2026-03-22T19:51:00.592+0900][10.691s][info][gc             ] GC(959) Pause Young (Allocation Failure) 214M->203M(455M) 3.977ms
[2026-03-22T19:51:00.592+0900][10.691s][info][gc,cpu         ] GC(959) User=0.00s Sys=0.00s Real=0.00s
[2026-03-22T19:51:00.599+0900][10.697s][info][gc,start       ] GC(960) Pause Young (Allocation Failure)
[2026-03-22T19:51:00.602+0900][10.701s][info][gc,heap        ] GC(960) PSYoungGen: 116136K(116736K)->57632K(116736K) Eden: 58504K(58880K)->0K(58880K) From: 57632K(57856K)->57632K(57856K)
[2026-03-22T19:51:00.602+0900][10.701s][info][gc,heap        ] GC(960) ParOldGen: 150638K(349696K)->197847K(349696K)
[2026-03-22T19:51:00.602+0900][10.701s][info][gc,metaspace   ] GC(960) Metaspace: 341K(512K)->341K(512K) NonClass: 323K(384K)->323K(384K) Class: 17K(128K)->17K(128K)
[2026-03-22T19:51:00.603+0900][10.702s][info][gc             ] GC(960) Pause Young (Allocation Failure) 260M->249M(455M) 4.114ms
[2026-03-22T19:51:00.603+0900][10.702s][info][gc,cpu         ] GC(960) User=0.00s Sys=0.00s Real=0.00s
[2026-03-22T19:51:00.609+0900][10.708s][info][gc,start       ] GC(961) Pause Young (Allocation Failure)
[2026-03-22T19:51:00.613+0900][10.712s][info][gc,heap        ] GC(961) PSYoungGen: 116136K(116736K)->57632K(116736K) Eden: 58504K(58880K)->0K(58880K) From: 57632K(57856K)->57632K(57856K)
[2026-03-22T19:51:00.614+0900][10.712s][info][gc,heap        ] GC(961) ParOldGen: 197847K(349696K)->245063K(349696K)
[2026-03-22T19:51:00.614+0900][10.712s][info][gc,metaspace   ] GC(961) Metaspace: 341K(512K)->341K(512K) NonClass: 323K(384K)->323K(384K) Class: 17K(128K)->17K(128K)
[2026-03-22T19:51:00.614+0900][10.712s][info][gc             ] GC(961) Pause Young (Allocation Failure) 306M->295M(455M) 4.193ms
[2026-03-22T19:51:00.614+0900][10.712s][info][gc,cpu         ] GC(961) User=0.00s Sys=0.00s Real=0.01s
[2026-03-22T19:51:00.620+0900][10.718s][info][gc,start       ] GC(962) Pause Young (Allocation Failure)
[2026-03-22T19:51:00.624+0900][10.722s][info][gc,heap        ] GC(962) PSYoungGen: 116136K(116736K)->57632K(116736K) Eden: 58504K(58880K)->0K(58880K) From: 57632K(57856K)->57632K(57856K)
[2026-03-22T19:51:00.624+0900][10.722s][info][gc,heap        ] GC(962) ParOldGen: 245063K(349696K)->292271K(349696K)
[2026-03-22T19:51:00.624+0900][10.722s][info][gc,metaspace   ] GC(962) Metaspace: 341K(512K)->341K(512K) NonClass: 323K(384K)->323K(384K) Class: 17K(128K)->17K(128K)
[2026-03-22T19:51:00.624+0900][10.722s][info][gc             ] GC(962) Pause Young (Allocation Failure) 352M->341M(455M) 3.929ms
[2026-03-22T19:51:00.624+0900][10.722s][info][gc,cpu         ] GC(962) User=0.00s Sys=0.00s Real=0.00s
[2026-03-22T19:51:00.629+0900][10.728s][info][gc,start       ] GC(963) Pause Full (Ergonomics)
[2026-03-22T19:51:00.629+0900][10.728s][info][gc,phases,start] GC(963) Marking Phase
[2026-03-22T19:51:00.631+0900][10.729s][info][gc,phases      ] GC(963) Marking Phase 1.314ms
[2026-03-22T19:51:00.631+0900][10.730s][info][gc,phases,start] GC(963) Summary Phase
[2026-03-22T19:51:00.631+0900][10.730s][info][gc,phases      ] GC(963) Summary Phase 0.026ms
[2026-03-22T19:51:00.631+0900][10.730s][info][gc,phases,start] GC(963) Adjust Roots
[2026-03-22T19:51:00.631+0900][10.730s][info][gc,phases      ] GC(963) Adjust Roots 0.282ms
[2026-03-22T19:51:00.631+0900][10.730s][info][gc,phases,start] GC(963) Compaction Phase
[2026-03-22T19:51:00.636+0900][10.734s][info][gc,phases      ] GC(963) Compaction Phase 4.512ms
[2026-03-22T19:51:00.636+0900][10.734s][info][gc,phases,start] GC(963) Post Compact
[2026-03-22T19:51:00.637+0900][10.736s][info][gc,phases      ] GC(963) Post Compact 1.500ms
[2026-03-22T19:51:00.637+0900][10.736s][info][gc,heap        ] GC(963) PSYoungGen: 116136K(116736K)->0K(116736K) Eden: 58504K(58880K)->0K(58880K) From: 57632K(57856K)->0K(57856K)
[2026-03-22T19:51:00.637+0900][10.736s][info][gc,heap        ] GC(963) ParOldGen: 292271K(349696K)->103430K(349696K)
[2026-03-22T19:51:00.638+0900][10.736s][info][gc,metaspace   ] GC(963) Metaspace: 341K(512K)->341K(512K) NonClass: 323K(384K)->323K(384K) Class: 17K(128K)->17K(128K)
[2026-03-22T19:51:00.638+0900][10.736s][info][gc             ] GC(963) Pause Full (Ergonomics) 398M->101M(455M) 7.928ms
[2026-03-22T19:51:00.638+0900][10.736s][info][gc,cpu         ] GC(963) User=0.12s Sys=0.00s Real=0.01s
[2026-03-22T19:51:00.643+0900][10.742s][info][gc,start       ] GC(964) Pause Young (Allocation Failure)
[2026-03-22T19:51:00.646+0900][10.745s][info][gc,heap        ] GC(964) PSYoungGen: 58504K(116736K)->57632K(116736K) Eden: 58504K(58880K)->0K(58880K) From: 0K(57856K)->57632K(57856K)
[2026-03-22T19:51:00.646+0900][10.745s][info][gc,heap        ] GC(964) ParOldGen: 103430K(349696K)->103430K(349696K)
[2026-03-22T19:51:00.646+0900][10.745s][info][gc,metaspace   ] GC(964) Metaspace: 341K(512K)->341K(512K) NonClass: 323K(384K)->323K(384K) Class: 17K(128K)->17K(128K)
[2026-03-22T19:51:00.646+0900][10.745s][info][gc             ] GC(964) Pause Young (Allocation Failure) 158M->157M(455M) 2.753ms
[2026-03-22T19:51:00.646+0900][10.745s][info][gc,cpu         ] GC(964) User=0.00s Sys=0.00s Real=0.00s
[2026-03-22T19:51:00.652+0900][10.750s][info][gc,start       ] GC(965) Pause Young (Allocation Failure)
[2026-03-22T19:51:00.656+0900][10.754s][info][gc,heap        ] GC(965) PSYoungGen: 116136K(116736K)->57632K(116736K) Eden: 58504K(58880K)->0K(58880K) From: 57632K(57856K)->57632K(57856K)
[2026-03-22T19:51:00.656+0900][10.754s][info][gc,heap        ] GC(965) ParOldGen: 103430K(349696K)->150638K(349696K)
[2026-03-22T19:51:00.656+0900][10.754s][info][gc,metaspace   ] GC(965) Metaspace: 341K(512K)->341K(512K) NonClass: 323K(384K)->323K(384K) Class: 17K(128K)->17K(128K)
[2026-03-22T19:51:00.656+0900][10.754s][info][gc             ] GC(965) Pause Young (Allocation Failure) 214M->203M(455M) 4.137ms
[2026-03-22T19:51:00.656+0900][10.754s][info][gc,cpu         ] GC(965) User=0.00s Sys=0.00s Real=0.00s
[2026-03-22T19:51:00.662+0900][10.761s][info][gc,start       ] GC(966) Pause Young (Allocation Failure)
[2026-03-22T19:51:00.666+0900][10.764s][info][gc,heap        ] GC(966) PSYoungGen: 116136K(116736K)->57632K(116736K) Eden: 58504K(58880K)->0K(58880K) From: 57632K(57856K)->57632K(57856K)
[2026-03-22T19:51:00.666+0900][10.765s][info][gc,heap        ] GC(966) ParOldGen: 150638K(349696K)->197847K(349696K)
[2026-03-22T19:51:00.666+0900][10.765s][info][gc,metaspace   ] GC(966) Metaspace: 341K(512K)->341K(512K) NonClass: 323K(384K)->323K(384K) Class: 17K(128K)->17K(128K)
[2026-03-22T19:51:00.666+0900][10.765s][info][gc             ] GC(966) Pause Young (Allocation Failure) 260M->249M(455M) 3.841ms
[2026-03-22T19:51:00.666+0900][10.765s][info][gc,cpu         ] GC(966) User=0.03s Sys=0.00s Real=0.00s
[2026-03-22T19:51:00.673+0900][10.771s][info][gc,start       ] GC(967) Pause Young (Allocation Failure)
[2026-03-22T19:51:00.675+0900][10.775s][info][gc,heap        ] GC(967) PSYoungGen: 116136K(116736K)->57632K(116736K) Eden: 58504K(58880K)->0K(58880K) From: 57632K(57856K)->57632K(57856K)
[2026-03-22T19:51:00.675+0900][10.775s][info][gc,heap        ] GC(967) ParOldGen: 197847K(349696K)->245063K(349696K)
[2026-03-22T19:51:00.675+0900][10.775s][info][gc,metaspace   ] GC(967) Metaspace: 341K(512K)->341K(512K) NonClass: 323K(384K)->323K(384K) Class: 17K(128K)->17K(128K)
[2026-03-22T19:51:00.675+0900][10.775s][info][gc             ] GC(967) Pause Young (Allocation Failure) 306M->295M(455M) 3.867ms
[2026-03-22T19:51:00.675+0900][10.775s][info][gc,cpu         ] GC(967) User=0.00s Sys=0.00s Real=0.00s
[2026-03-22T19:51:00.683+0900][10.781s][info][gc,start       ] GC(968) Pause Young (Allocation Failure)
[2026-03-22T19:51:00.687+0900][10.785s][info][gc,heap        ] GC(968) PSYoungGen: 116136K(116736K)->57632K(116736K) Eden: 58504K(58880K)->0K(58880K) From: 57632K(57856K)->57632K(57856K)
[2026-03-22T19:51:00.687+0900][10.785s][info][gc,heap        ] GC(968) ParOldGen: 245063K(349696K)->292271K(349696K)
[2026-03-22T19:51:00.687+0900][10.785s][info][gc,metaspace   ] GC(968) Metaspace: 341K(512K)->341K(512K) NonClass: 323K(384K)->323K(384K) Class: 17K(128K)->17K(128K)
[2026-03-22T19:51:00.687+0900][10.785s][info][gc             ] GC(968) Pause Young (Allocation Failure) 352M->341M(455M) 4.271ms
[2026-03-22T19:51:00.687+0900][10.785s][info][gc,cpu         ] GC(968) User=0.00s Sys=0.00s Real=0.00s
[2026-03-22T19:51:00.694+0900][10.792s][info][gc,start       ] GC(969) Pause Full (Ergonomics)
[2026-03-22T19:51:00.694+0900][10.792s][info][gc,phases,start] GC(969) Marking Phase
[2026-03-22T19:51:00.695+0900][10.794s][info][gc,phases      ] GC(969) Marking Phase 1.302ms
[2026-03-22T19:51:00.695+0900][10.794s][info][gc,phases,start] GC(969) Summary Phase
[2026-03-22T19:51:00.695+0900][10.794s][info][gc,phases      ] GC(969) Summary Phase 0.021ms
[2026-03-22T19:51:00.695+0900][10.794s][info][gc,phases,start] GC(969) Adjust Roots
[2026-03-22T19:51:00.696+0900][10.794s][info][gc,phases      ] GC(969) Adjust Roots 0.310ms
[2026-03-22T19:51:00.696+0900][10.794s][info][gc,phases,start] GC(969) Compaction Phase
[2026-03-22T19:51:00.700+0900][10.799s][info][gc,phases      ] GC(969) Compaction Phase 4.913ms
[2026-03-22T19:51:00.700+0900][10.799s][info][gc,phases,start] GC(969) Post Compact
[2026-03-22T19:51:00.702+0900][10.801s][info][gc,phases      ] GC(969) Post Compact 1.507ms
[2026-03-22T19:51:00.702+0900][10.801s][info][gc,heap        ] GC(969) PSYoungGen: 116136K(116736K)->0K(116736K) Eden: 58504K(58880K)->0K(58880K) From: 57632K(57856K)->0K(57856K)
[2026-03-22T19:51:00.702+0900][10.801s][info][gc,heap        ] GC(969) ParOldGen: 292271K(349696K)->103430K(349696K)
[2026-03-22T19:51:00.702+0900][10.801s][info][gc,metaspace   ] GC(969) Metaspace: 341K(512K)->341K(512K) NonClass: 323K(384K)->323K(384K) Class: 17K(128K)->17K(128K)
[2026-03-22T19:51:00.702+0900][10.801s][info][gc             ] GC(969) Pause Full (Ergonomics) 398M->101M(455M) 8.373ms
[2026-03-22T19:51:00.702+0900][10.801s][info][gc,cpu         ] GC(969) User=0.12s Sys=0.00s Real=0.01s
[2026-03-22T19:51:00.708+0900][10.807s][info][gc,start       ] GC(970) Pause Young (Allocation Failure)
[2026-03-22T19:51:00.711+0900][10.810s][info][gc,heap        ] GC(970) PSYoungGen: 58504K(116736K)->57632K(116736K) Eden: 58504K(58880K)->0K(58880K) From: 0K(57856K)->57632K(57856K)
[2026-03-22T19:51:00.711+0900][10.810s][info][gc,heap        ] GC(970) ParOldGen: 103430K(349696K)->103430K(349696K)
[2026-03-22T19:51:00.711+0900][10.810s][info][gc,metaspace   ] GC(970) Metaspace: 341K(512K)->341K(512K) NonClass: 323K(384K)->323K(384K) Class: 17K(128K)->17K(128K)
[2026-03-22T19:51:00.711+0900][10.810s][info][gc             ] GC(970) Pause Young (Allocation Failure) 158M->157M(455M) 2.834ms
[2026-03-22T19:51:00.711+0900][10.810s][info][gc,cpu         ] GC(970) User=0.00s Sys=0.00s Real=0.00s
[2026-03-22T19:51:00.717+0900][10.816s][info][gc,start       ] GC(971) Pause Young (Allocation Failure)
[2026-03-22T19:51:00.721+0900][10.820s][info][gc,heap        ] GC(971) PSYoungGen: 116136K(116736K)->57632K(116736K) Eden: 58504K(58880K)->0K(58880K) From: 57632K(57856K)->57632K(57856K)
[2026-03-22T19:51:00.721+0900][10.820s][info][gc,heap        ] GC(971) ParOldGen: 103430K(349696K)->150638K(349696K)
[2026-03-22T19:51:00.721+0900][10.820s][info][gc,metaspace   ] GC(971) Metaspace: 341K(512K)->341K(512K) NonClass: 323K(384K)->323K(384K) Class: 17K(128K)->17K(128K)
[2026-03-22T19:51:00.721+0900][10.820s][info][gc             ] GC(971) Pause Young (Allocation Failure) 214M->203M(455M) 4.084ms
[2026-03-22T19:51:00.721+0900][10.820s][info][gc,cpu         ] GC(971) User=0.00s Sys=0.00s Real=0.00s
[2026-03-22T19:51:00.728+0900][10.827s][info][gc,start       ] GC(972) Pause Young (Allocation Failure)
[2026-03-22T19:51:00.732+0900][10.831s][info][gc,heap        ] GC(972) PSYoungGen: 116136K(116736K)->57632K(116736K) Eden: 58504K(58880K)->0K(58880K) From: 57632K(57856K)->57632K(57856K)
[2026-03-22T19:51:00.732+0900][10.831s][info][gc,heap        ] GC(972) ParOldGen: 150638K(349696K)->197847K(349696K)
[2026-03-22T19:51:00.732+0900][10.831s][info][gc,metaspace   ] GC(972) Metaspace: 341K(512K)->341K(512K) NonClass: 323K(384K)->323K(384K) Class: 17K(128K)->17K(128K)
[2026-03-22T19:51:00.732+0900][10.831s][info][gc             ] GC(972) Pause Young (Allocation Failure) 260M->249M(455M) 4.102ms
[2026-03-22T19:51:00.732+0900][10.831s][info][gc,cpu         ] GC(972) User=0.00s Sys=0.00s Real=0.00s
[2026-03-22T19:51:00.738+0900][10.837s][info][gc,start       ] GC(973) Pause Young (Allocation Failure)
[2026-03-22T19:51:00.742+0900][10.841s][info][gc,heap        ] GC(973) PSYoungGen: 116136K(116736K)->57632K(116736K) Eden: 58504K(58880K)->0K(58880K) From: 57632K(57856K)->57632K(57856K)
[2026-03-22T19:51:00.742+0900][10.841s][info][gc,heap        ] GC(973) ParOldGen: 197847K(349696K)->245063K(349696K)
[2026-03-22T19:51:00.742+0900][10.841s][info][gc,metaspace   ] GC(973) Metaspace: 341K(512K)->341K(512K) NonClass: 323K(384K)->323K(384K) Class: 17K(128K)->17K(128K)
[2026-03-22T19:51:00.742+0900][10.841s][info][gc             ] GC(973) Pause Young (Allocation Failure) 306M->295M(455M) 3.994ms
[2026-03-22T19:51:00.742+0900][10.841s][info][gc,cpu         ] GC(973) User=0.00s Sys=0.00s Real=0.00s
[2026-03-22T19:51:00.749+0900][10.848s][info][gc,start       ] GC(974) Pause Young (Allocation Failure)
[2026-03-22T19:51:00.753+0900][10.852s][info][gc,heap        ] GC(974) PSYoungGen: 116136K(116736K)->57632K(116736K) Eden: 58504K(58880K)->0K(58880K) From: 57632K(57856K)->57632K(57856K)
[2026-03-22T19:51:00.753+0900][10.852s][info][gc,heap        ] GC(974) ParOldGen: 245063K(349696K)->292271K(349696K)
[2026-03-22T19:51:00.753+0900][10.852s][info][gc,metaspace   ] GC(974) Metaspace: 341K(512K)->341K(512K) NonClass: 323K(384K)->323K(384K) Class: 17K(128K)->17K(128K)
[2026-03-22T19:51:00.753+0900][10.852s][info][gc             ] GC(974) Pause Young (Allocation Failure) 352M->341M(455M) 4.255ms
[2026-03-22T19:51:00.753+0900][10.852s][info][gc,cpu         ] GC(974) User=0.00s Sys=0.00s Real=0.00s
[2026-03-22T19:51:00.759+0900][10.857s][info][gc,start       ] GC(975) Pause Full (Ergonomics)
[2026-03-22T19:51:00.759+0900][10.857s][info][gc,phases,start] GC(975) Marking Phase
[2026-03-22T19:51:00.760+0900][10.859s][info][gc,phases      ] GC(975) Marking Phase 1.197ms
[2026-03-22T19:51:00.760+0900][10.859s][info][gc,phases,start] GC(975) Summary Phase
[2026-03-22T19:51:00.760+0900][10.859s][info][gc,phases      ] GC(975) Summary Phase 0.023ms
[2026-03-22T19:51:00.760+0900][10.859s][info][gc,phases,start] GC(975) Adjust Roots
[2026-03-22T19:51:00.760+0900][10.859s][info][gc,phases      ] GC(975) Adjust Roots 0.222ms
[2026-03-22T19:51:00.760+0900][10.859s][info][gc,phases,start] GC(975) Compaction Phase
[2026-03-22T19:51:00.765+0900][10.864s][info][gc,phases      ] GC(975) Compaction Phase 5.286ms
[2026-03-22T19:51:00.765+0900][10.864s][info][gc,phases,start] GC(975) Post Compact
[2026-03-22T19:51:00.767+0900][10.866s][info][gc,phases      ] GC(975) Post Compact 1.713ms
[2026-03-22T19:51:00.767+0900][10.866s][info][gc,heap        ] GC(975) PSYoungGen: 116136K(116736K)->0K(116736K) Eden: 58504K(58880K)->0K(58880K) From: 57632K(57856K)->0K(57856K)
[2026-03-22T19:51:00.767+0900][10.866s][info][gc,heap        ] GC(975) ParOldGen: 292271K(349696K)->103430K(349696K)
[2026-03-22T19:51:00.767+0900][10.866s][info][gc,metaspace   ] GC(975) Metaspace: 341K(512K)->341K(512K) NonClass: 323K(384K)->323K(384K) Class: 17K(128K)->17K(128K)
[2026-03-22T19:51:00.767+0900][10.866s][info][gc             ] GC(975) Pause Full (Ergonomics) 398M->101M(455M) 8.827ms
[2026-03-22T19:51:00.767+0900][10.866s][info][gc,cpu         ] GC(975) User=0.11s Sys=0.00s Real=0.01s
[2026-03-22T19:51:00.773+0900][10.872s][info][gc,start       ] GC(976) Pause Young (Allocation Failure)
[2026-03-22T19:51:00.776+0900][10.874s][info][gc,heap        ] GC(976) PSYoungGen: 58504K(116736K)->57632K(116736K) Eden: 58504K(58880K)->0K(58880K) From: 0K(57856K)->57632K(57856K)
[2026-03-22T19:51:00.776+0900][10.874s][info][gc,heap        ] GC(976) ParOldGen: 103430K(349696K)->103430K(349696K)
[2026-03-22T19:51:00.776+0900][10.874s][info][gc,metaspace   ] GC(976) Metaspace: 341K(512K)->341K(512K) NonClass: 323K(384K)->323K(384K) Class: 17K(128K)->17K(128K)
[2026-03-22T19:51:00.776+0900][10.875s][info][gc             ] GC(976) Pause Young (Allocation Failure) 158M->157M(455M) 2.558ms
[2026-03-22T19:51:00.776+0900][10.875s][info][gc,cpu         ] GC(976) User=0.12s Sys=0.00s Real=0.00s
[2026-03-22T19:51:00.782+0900][10.881s][info][gc,start       ] GC(977) Pause Young (Allocation Failure)
[2026-03-22T19:51:00.786+0900][10.885s][info][gc,heap        ] GC(977) PSYoungGen: 116136K(116736K)->57632K(116736K) Eden: 58504K(58880K)->0K(58880K) From: 57632K(57856K)->57632K(57856K)
[2026-03-22T19:51:00.786+0900][10.885s][info][gc,heap        ] GC(977) ParOldGen: 103430K(349696K)->150638K(349696K)
[2026-03-22T19:51:00.786+0900][10.885s][info][gc,metaspace   ] GC(977) Metaspace: 341K(512K)->341K(512K) NonClass: 323K(384K)->323K(384K) Class: 17K(128K)->17K(128K)
[2026-03-22T19:51:00.786+0900][10.885s][info][gc             ] GC(977) Pause Young (Allocation Failure) 214M->203M(455M) 4.026ms
[2026-03-22T19:51:00.786+0900][10.885s][info][gc,cpu         ] GC(977) User=0.00s Sys=0.00s Real=0.00s
[2026-03-22T19:51:00.791+0900][10.890s][info][gc,start       ] GC(978) Pause Young (Allocation Failure)
[2026-03-22T19:51:00.795+0900][10.894s][info][gc,heap        ] GC(978) PSYoungGen: 116136K(116736K)->57632K(116736K) Eden: 58504K(58880K)->0K(58880K) From: 57632K(57856K)->57632K(57856K)
[2026-03-22T19:51:00.795+0900][10.894s][info][gc,heap        ] GC(978) ParOldGen: 150638K(349696K)->197847K(349696K)
[2026-03-22T19:51:00.796+0900][10.894s][info][gc,metaspace   ] GC(978) Metaspace: 341K(512K)->341K(512K) NonClass: 323K(384K)->323K(384K) Class: 17K(128K)->17K(128K)
[2026-03-22T19:51:00.796+0900][10.894s][info][gc             ] GC(978) Pause Young (Allocation Failure) 260M->249M(455M) 4.062ms
[2026-03-22T19:51:00.796+0900][10.894s][info][gc,cpu         ] GC(978) User=0.00s Sys=0.00s Real=0.01s
[2026-03-22T19:51:00.802+0900][10.901s][info][gc,start       ] GC(979) Pause Young (Allocation Failure)
[2026-03-22T19:51:00.806+0900][10.905s][info][gc,heap        ] GC(979) PSYoungGen: 116136K(116736K)->57632K(116736K) Eden: 58504K(58880K)->0K(58880K) From: 57632K(57856K)->57632K(57856K)
[2026-03-22T19:51:00.806+0900][10.905s][info][gc,heap        ] GC(979) ParOldGen: 197847K(349696K)->245063K(349696K)
[2026-03-22T19:51:00.806+0900][10.905s][info][gc,metaspace   ] GC(979) Metaspace: 341K(512K)->341K(512K) NonClass: 323K(384K)->323K(384K) Class: 17K(128K)->17K(128K)
[2026-03-22T19:51:00.806+0900][10.905s][info][gc             ] GC(979) Pause Young (Allocation Failure) 306M->295M(455M) 4.128ms
[2026-03-22T19:51:00.806+0900][10.905s][info][gc,cpu         ] GC(979) User=0.06s Sys=0.00s Real=0.00s
[2026-03-22T19:51:00.813+0900][10.912s][info][gc,start       ] GC(980) Pause Young (Allocation Failure)
[2026-03-22T19:51:00.817+0900][10.916s][info][gc,heap        ] GC(980) PSYoungGen: 116136K(116736K)->57632K(116736K) Eden: 58504K(58880K)->0K(58880K) From: 57632K(57856K)->57632K(57856K)
[2026-03-22T19:51:00.817+0900][10.916s][info][gc,heap        ] GC(980) ParOldGen: 245063K(349696K)->292271K(349696K)
[2026-03-22T19:51:00.817+0900][10.916s][info][gc,metaspace   ] GC(980) Metaspace: 341K(512K)->341K(512K) NonClass: 323K(384K)->323K(384K) Class: 17K(128K)->17K(128K)
[2026-03-22T19:51:00.817+0900][10.916s][info][gc             ] GC(980) Pause Young (Allocation Failure) 352M->341M(455M) 4.109ms
[2026-03-22T19:51:00.817+0900][10.916s][info][gc,cpu         ] GC(980) User=0.00s Sys=0.00s Real=0.00s
[2026-03-22T19:51:00.823+0900][10.922s][info][gc,start       ] GC(981) Pause Full (Ergonomics)
[2026-03-22T19:51:00.823+0900][10.922s][info][gc,phases,start] GC(981) Marking Phase
[2026-03-22T19:51:00.825+0900][10.923s][info][gc,phases      ] GC(981) Marking Phase 1.539ms
[2026-03-22T19:51:00.825+0900][10.923s][info][gc,phases,start] GC(981) Summary Phase
[2026-03-22T19:51:00.825+0900][10.923s][info][gc,phases      ] GC(981) Summary Phase 0.025ms
[2026-03-22T19:51:00.825+0900][10.923s][info][gc,phases,start] GC(981) Adjust Roots
[2026-03-22T19:51:00.825+0900][10.924s][info][gc,phases      ] GC(981) Adjust Roots 0.389ms
[2026-03-22T19:51:00.825+0900][10.924s][info][gc,phases,start] GC(981) Compaction Phase
[2026-03-22T19:51:00.830+0900][10.929s][info][gc,phases      ] GC(981) Compaction Phase 4.754ms
[2026-03-22T19:51:00.830+0900][10.929s][info][gc,phases,start] GC(981) Post Compact
[2026-03-22T19:51:00.832+0900][10.930s][info][gc,phases      ] GC(981) Post Compact 1.650ms
[2026-03-22T19:51:00.832+0900][10.930s][info][gc,heap        ] GC(981) PSYoungGen: 116136K(116736K)->0K(116736K) Eden: 58504K(58880K)->0K(58880K) From: 57632K(57856K)->0K(57856K)
[2026-03-22T19:51:00.832+0900][10.930s][info][gc,heap        ] GC(981) ParOldGen: 292271K(349696K)->103430K(349696K)
[2026-03-22T19:51:00.832+0900][10.930s][info][gc,metaspace   ] GC(981) Metaspace: 341K(512K)->341K(512K) NonClass: 323K(384K)->323K(384K) Class: 17K(128K)->17K(128K)
[2026-03-22T19:51:00.832+0900][10.930s][info][gc             ] GC(981) Pause Full (Ergonomics) 398M->101M(455M) 8.840ms
[2026-03-22T19:51:00.832+0900][10.930s][info][gc,cpu         ] GC(981) User=0.00s Sys=0.00s Real=0.01s
[2026-03-22T19:51:00.839+0900][10.937s][info][gc,start       ] GC(982) Pause Young (Allocation Failure)
[2026-03-22T19:51:00.841+0900][10.940s][info][gc,heap        ] GC(982) PSYoungGen: 58504K(116736K)->57632K(116736K) Eden: 58504K(58880K)->0K(58880K) From: 0K(57856K)->57632K(57856K)
[2026-03-22T19:51:00.841+0900][10.940s][info][gc,heap        ] GC(982) ParOldGen: 103430K(349696K)->103430K(349696K)
[2026-03-22T19:51:00.841+0900][10.940s][info][gc,metaspace   ] GC(982) Metaspace: 341K(512K)->341K(512K) NonClass: 323K(384K)->323K(384K) Class: 17K(128K)->17K(128K)
[2026-03-22T19:51:00.841+0900][10.940s][info][gc             ] GC(982) Pause Young (Allocation Failure) 158M->157M(455M) 2.770ms
[2026-03-22T19:51:00.841+0900][10.940s][info][gc,cpu         ] GC(982) User=0.00s Sys=0.00s Real=0.00s
[2026-03-22T19:51:00.848+0900][10.947s][info][gc,start       ] GC(983) Pause Young (Allocation Failure)
[2026-03-22T19:51:00.851+0900][10.950s][info][gc,heap        ] GC(983) PSYoungGen: 116136K(116736K)->57632K(116736K) Eden: 58504K(58880K)->0K(58880K) From: 57632K(57856K)->57632K(57856K)
[2026-03-22T19:51:00.851+0900][10.950s][info][gc,heap        ] GC(983) ParOldGen: 103430K(349696K)->150638K(349696K)
[2026-03-22T19:51:00.851+0900][10.950s][info][gc,metaspace   ] GC(983) Metaspace: 341K(512K)->341K(512K) NonClass: 323K(384K)->323K(384K) Class: 17K(128K)->17K(128K)
[2026-03-22T19:51:00.851+0900][10.950s][info][gc             ] GC(983) Pause Young (Allocation Failure) 214M->203M(455M) 3.857ms
[2026-03-22T19:51:00.851+0900][10.950s][info][gc,cpu         ] GC(983) User=0.00s Sys=0.00s Real=0.00s
[2026-03-22T19:51:00.858+0900][10.956s][info][gc,start       ] GC(984) Pause Young (Allocation Failure)
[2026-03-22T19:51:00.862+0900][10.960s][info][gc,heap        ] GC(984) PSYoungGen: 116136K(116736K)->57632K(116736K) Eden: 58504K(58880K)->0K(58880K) From: 57632K(57856K)->57632K(57856K)
[2026-03-22T19:51:00.862+0900][10.960s][info][gc,heap        ] GC(984) ParOldGen: 150638K(349696K)->197847K(349696K)
[2026-03-22T19:51:00.862+0900][10.960s][info][gc,metaspace   ] GC(984) Metaspace: 341K(512K)->341K(512K) NonClass: 323K(384K)->323K(384K) Class: 17K(128K)->17K(128K)
[2026-03-22T19:51:00.862+0900][10.960s][info][gc             ] GC(984) Pause Young (Allocation Failure) 260M->249M(455M) 3.909ms
[2026-03-22T19:51:00.862+0900][10.960s][info][gc,cpu         ] GC(984) User=0.00s Sys=0.00s Real=0.00s
[2026-03-22T19:51:00.868+0900][10.967s][info][gc,start       ] GC(985) Pause Young (Allocation Failure)
[2026-03-22T19:51:00.872+0900][10.971s][info][gc,heap        ] GC(985) PSYoungGen: 116136K(116736K)->57632K(116736K) Eden: 58504K(58880K)->0K(58880K) From: 57632K(57856K)->57632K(57856K)
[2026-03-22T19:51:00.872+0900][10.971s][info][gc,heap        ] GC(985) ParOldGen: 197847K(349696K)->245063K(349696K)
[2026-03-22T19:51:00.872+0900][10.971s][info][gc,metaspace   ] GC(985) Metaspace: 341K(512K)->341K(512K) NonClass: 323K(384K)->323K(384K) Class: 17K(128K)->17K(128K)
[2026-03-22T19:51:00.872+0900][10.971s][info][gc             ] GC(985) Pause Young (Allocation Failure) 306M->295M(455M) 4.188ms
[2026-03-22T19:51:00.872+0900][10.971s][info][gc,cpu         ] GC(985) User=0.12s Sys=0.00s Real=0.00s
[2026-03-22T19:51:00.878+0900][10.977s][info][gc,start       ] GC(986) Pause Young (Allocation Failure)
[2026-03-22T19:51:00.882+0900][10.981s][info][gc,heap        ] GC(986) PSYoungGen: 116136K(116736K)->57632K(116736K) Eden: 58504K(58880K)->0K(58880K) From: 57632K(57856K)->57632K(57856K)
[2026-03-22T19:51:00.882+0900][10.981s][info][gc,heap        ] GC(986) ParOldGen: 245063K(349696K)->292271K(349696K)
[2026-03-22T19:51:00.882+0900][10.981s][info][gc,metaspace   ] GC(986) Metaspace: 341K(512K)->341K(512K) NonClass: 323K(384K)->323K(384K) Class: 17K(128K)->17K(128K)
[2026-03-22T19:51:00.882+0900][10.981s][info][gc             ] GC(986) Pause Young (Allocation Failure) 352M->341M(455M) 4.175ms
[2026-03-22T19:51:00.882+0900][10.981s][info][gc,cpu         ] GC(986) User=0.00s Sys=0.00s Real=0.00s
[2026-03-22T19:51:00.888+0900][10.987s][info][gc,start       ] GC(987) Pause Full (Ergonomics)
[2026-03-22T19:51:00.888+0900][10.987s][info][gc,phases,start] GC(987) Marking Phase
[2026-03-22T19:51:00.889+0900][10.988s][info][gc,phases      ] GC(987) Marking Phase 1.336ms
[2026-03-22T19:51:00.889+0900][10.988s][info][gc,phases,start] GC(987) Summary Phase
[2026-03-22T19:51:00.889+0900][10.988s][info][gc,phases      ] GC(987) Summary Phase 0.033ms
[2026-03-22T19:51:00.889+0900][10.988s][info][gc,phases,start] GC(987) Adjust Roots
[2026-03-22T19:51:00.890+0900][10.988s][info][gc,phases      ] GC(987) Adjust Roots 0.316ms
[2026-03-22T19:51:00.890+0900][10.988s][info][gc,phases,start] GC(987) Compaction Phase
[2026-03-22T19:51:00.895+0900][10.993s][info][gc,phases      ] GC(987) Compaction Phase 4.692ms
[2026-03-22T19:51:00.895+0900][10.993s][info][gc,phases,start] GC(987) Post Compact
[2026-03-22T19:51:00.897+0900][10.995s][info][gc,phases      ] GC(987) Post Compact 1.703ms
[2026-03-22T19:51:00.897+0900][10.995s][info][gc,heap        ] GC(987) PSYoungGen: 116136K(116736K)->0K(116736K) Eden: 58504K(58880K)->0K(58880K) From: 57632K(57856K)->0K(57856K)
[2026-03-22T19:51:00.897+0900][10.995s][info][gc,heap        ] GC(987) ParOldGen: 292271K(349696K)->103430K(349696K)
[2026-03-22T19:51:00.897+0900][10.995s][info][gc,metaspace   ] GC(987) Metaspace: 341K(512K)->341K(512K) NonClass: 323K(384K)->323K(384K) Class: 17K(128K)->17K(128K)
[2026-03-22T19:51:00.897+0900][10.995s][info][gc             ] GC(987) Pause Full (Ergonomics) 398M->101M(455M) 8.475ms
[2026-03-22T19:51:00.897+0900][10.995s][info][gc,cpu         ] GC(987) User=0.00s Sys=0.00s Real=0.01s
[2026-03-22T19:51:00.903+0900][11.001s][info][gc,start       ] GC(988) Pause Young (Allocation Failure)
[2026-03-22T19:51:00.905+0900][11.004s][info][gc,heap        ] GC(988) PSYoungGen: 58504K(116736K)->57632K(116736K) Eden: 58504K(58880K)->0K(58880K) From: 0K(57856K)->57632K(57856K)
[2026-03-22T19:51:00.905+0900][11.004s][info][gc,heap        ] GC(988) ParOldGen: 103430K(349696K)->103430K(349696K)
[2026-03-22T19:51:00.905+0900][11.004s][info][gc,metaspace   ] GC(988) Metaspace: 341K(512K)->341K(512K) NonClass: 323K(384K)->323K(384K) Class: 17K(128K)->17K(128K)
[2026-03-22T19:51:00.905+0900][11.004s][info][gc             ] GC(988) Pause Young (Allocation Failure) 158M->157M(455M) 2.705ms
[2026-03-22T19:51:00.906+0900][11.004s][info][gc,cpu         ] GC(988) User=0.00s Sys=0.00s Real=0.00s
[2026-03-22T19:51:00.910+0900][11.009s][info][gc,start       ] GC(989) Pause Young (Allocation Failure)
[2026-03-22T19:51:00.914+0900][11.013s][info][gc,heap        ] GC(989) PSYoungGen: 116136K(116736K)->57632K(116736K) Eden: 58504K(58880K)->0K(58880K) From: 57632K(57856K)->57632K(57856K)
[2026-03-22T19:51:00.914+0900][11.013s][info][gc,heap        ] GC(989) ParOldGen: 103430K(349696K)->150630K(349696K)
[2026-03-22T19:51:00.914+0900][11.013s][info][gc,metaspace   ] GC(989) Metaspace: 341K(512K)->341K(512K) NonClass: 323K(384K)->323K(384K) Class: 17K(128K)->17K(128K)
[2026-03-22T19:51:00.915+0900][11.013s][info][gc             ] GC(989) Pause Young (Allocation Failure) 214M->203M(455M) 4.162ms
[2026-03-22T19:51:00.915+0900][11.013s][info][gc,cpu         ] GC(989) User=0.00s Sys=0.00s Real=0.00s
[2026-03-22T19:51:00.921+0900][11.020s][info][gc,start       ] GC(990) Pause Young (Allocation Failure)
[2026-03-22T19:51:00.925+0900][11.024s][info][gc,heap        ] GC(990) PSYoungGen: 116136K(116736K)->57600K(116736K) Eden: 58504K(58880K)->0K(58880K) From: 57632K(57856K)->57600K(57856K)
[2026-03-22T19:51:00.925+0900][11.024s][info][gc,heap        ] GC(990) ParOldGen: 150630K(349696K)->197831K(349696K)
[2026-03-22T19:51:00.925+0900][11.024s][info][gc,metaspace   ] GC(990) Metaspace: 341K(512K)->341K(512K) NonClass: 323K(384K)->323K(384K) Class: 17K(128K)->17K(128K)
[2026-03-22T19:51:00.925+0900][11.024s][info][gc             ] GC(990) Pause Young (Allocation Failure) 260M->249M(455M) 4.263ms
[2026-03-22T19:51:00.925+0900][11.024s][info][gc,cpu         ] GC(990) User=0.00s Sys=0.00s Real=0.00s
[2026-03-22T19:51:00.932+0900][11.030s][info][gc,start       ] GC(991) Pause Young (Allocation Failure)
[2026-03-22T19:51:00.936+0900][11.035s][info][gc,heap        ] GC(991) PSYoungGen: 116104K(116736K)->57632K(116736K) Eden: 58504K(58880K)->0K(58880K) From: 57600K(57856K)->57632K(57856K)
[2026-03-22T19:51:00.936+0900][11.035s][info][gc,heap        ] GC(991) ParOldGen: 197831K(349696K)->245047K(349696K)
[2026-03-22T19:51:00.936+0900][11.035s][info][gc,metaspace   ] GC(991) Metaspace: 341K(512K)->341K(512K) NonClass: 323K(384K)->323K(384K) Class: 17K(128K)->17K(128K)
[2026-03-22T19:51:00.936+0900][11.035s][info][gc             ] GC(991) Pause Young (Allocation Failure) 306M->295M(455M) 4.580ms
[2026-03-22T19:51:00.936+0900][11.035s][info][gc,cpu         ] GC(991) User=0.00s Sys=0.00s Real=0.00s
[2026-03-22T19:51:00.943+0900][11.042s][info][gc,start       ] GC(992) Pause Young (Allocation Failure)
[2026-03-22T19:51:00.947+0900][11.046s][info][gc,heap        ] GC(992) PSYoungGen: 116136K(116736K)->57632K(116736K) Eden: 58504K(58880K)->0K(58880K) From: 57632K(57856K)->57632K(57856K)
[2026-03-22T19:51:00.947+0900][11.046s][info][gc,heap        ] GC(992) ParOldGen: 245047K(349696K)->292255K(349696K)
[2026-03-22T19:51:00.947+0900][11.046s][info][gc,metaspace   ] GC(992) Metaspace: 341K(512K)->341K(512K) NonClass: 323K(384K)->323K(384K) Class: 17K(128K)->17K(128K)
[2026-03-22T19:51:00.947+0900][11.046s][info][gc             ] GC(992) Pause Young (Allocation Failure) 352M->341M(455M) 4.290ms
[2026-03-22T19:51:00.947+0900][11.046s][info][gc,cpu         ] GC(992) User=0.03s Sys=0.00s Real=0.00s
[2026-03-22T19:51:00.953+0900][11.052s][info][gc,start       ] GC(993) Pause Full (Ergonomics)
[2026-03-22T19:51:00.953+0900][11.052s][info][gc,phases,start] GC(993) Marking Phase
[2026-03-22T19:51:00.954+0900][11.053s][info][gc,phases      ] GC(993) Marking Phase 1.457ms
[2026-03-22T19:51:00.954+0900][11.053s][info][gc,phases,start] GC(993) Summary Phase
[2026-03-22T19:51:00.954+0900][11.053s][info][gc,phases      ] GC(993) Summary Phase 0.022ms
[2026-03-22T19:51:00.954+0900][11.053s][info][gc,phases,start] GC(993) Adjust Roots
[2026-03-22T19:51:00.954+0900][11.053s][info][gc,phases      ] GC(993) Adjust Roots 0.226ms
[2026-03-22T19:51:00.954+0900][11.053s][info][gc,phases,start] GC(993) Compaction Phase
[2026-03-22T19:51:00.959+0900][11.058s][info][gc,phases      ] GC(993) Compaction Phase 4.687ms
[2026-03-22T19:51:00.959+0900][11.058s][info][gc,phases,start] GC(993) Post Compact
[2026-03-22T19:51:00.961+0900][11.060s][info][gc,phases      ] GC(993) Post Compact 1.651ms
[2026-03-22T19:51:00.961+0900][11.060s][info][gc,heap        ] GC(993) PSYoungGen: 116136K(116736K)->0K(116736K) Eden: 58504K(58880K)->0K(58880K) From: 57632K(57856K)->0K(57856K)
[2026-03-22T19:51:00.961+0900][11.060s][info][gc,heap        ] GC(993) ParOldGen: 292255K(349696K)->103430K(349696K)
[2026-03-22T19:51:00.961+0900][11.060s][info][gc,metaspace   ] GC(993) Metaspace: 341K(512K)->341K(512K) NonClass: 323K(384K)->323K(384K) Class: 17K(128K)->17K(128K)
[2026-03-22T19:51:00.961+0900][11.060s][info][gc             ] GC(993) Pause Full (Ergonomics) 398M->101M(455M) 8.347ms
[2026-03-22T19:51:00.961+0900][11.060s][info][gc,cpu         ] GC(993) User=0.00s Sys=0.00s Real=0.01s
[2026-03-22T19:51:00.967+0900][11.066s][info][gc,start       ] GC(994) Pause Young (Allocation Failure)
[2026-03-22T19:51:00.971+0900][11.069s][info][gc,heap        ] GC(994) PSYoungGen: 58504K(116736K)->57632K(116736K) Eden: 58504K(58880K)->0K(58880K) From: 0K(57856K)->57632K(57856K)
[2026-03-22T19:51:00.971+0900][11.069s][info][gc,heap        ] GC(994) ParOldGen: 103430K(349696K)->103430K(349696K)
[2026-03-22T19:51:00.971+0900][11.069s][info][gc,metaspace   ] GC(994) Metaspace: 341K(512K)->341K(512K) NonClass: 323K(384K)->323K(384K) Class: 17K(128K)->17K(128K)
[2026-03-22T19:51:00.971+0900][11.069s][info][gc             ] GC(994) Pause Young (Allocation Failure) 158M->157M(455M) 2.839ms
[2026-03-22T19:51:00.971+0900][11.069s][info][gc,cpu         ] GC(994) User=0.00s Sys=0.00s Real=0.00s
[2026-03-22T19:51:00.976+0900][11.075s][info][gc,start       ] GC(995) Pause Young (Allocation Failure)
[2026-03-22T19:51:00.981+0900][11.079s][info][gc,heap        ] GC(995) PSYoungGen: 116136K(116736K)->57632K(116736K) Eden: 58504K(58880K)->0K(58880K) From: 57632K(57856K)->57632K(57856K)
[2026-03-22T19:51:00.981+0900][11.079s][info][gc,heap        ] GC(995) ParOldGen: 103430K(349696K)->150638K(349696K)
[2026-03-22T19:51:00.981+0900][11.079s][info][gc,metaspace   ] GC(995) Metaspace: 341K(512K)->341K(512K) NonClass: 323K(384K)->323K(384K) Class: 17K(128K)->17K(128K)
[2026-03-22T19:51:00.981+0900][11.079s][info][gc             ] GC(995) Pause Young (Allocation Failure) 214M->203M(455M) 4.824ms
[2026-03-22T19:51:00.981+0900][11.080s][info][gc,cpu         ] GC(995) User=0.11s Sys=0.00s Real=0.00s
[2026-03-22T19:51:00.988+0900][11.086s][info][gc,start       ] GC(996) Pause Young (Allocation Failure)
[2026-03-22T19:51:00.992+0900][11.091s][info][gc,heap        ] GC(996) PSYoungGen: 116136K(116736K)->57632K(116736K) Eden: 58504K(58880K)->0K(58880K) From: 57632K(57856K)->57632K(57856K)
[2026-03-22T19:51:00.992+0900][11.091s][info][gc,heap        ] GC(996) ParOldGen: 150638K(349696K)->197839K(349696K)
[2026-03-22T19:51:00.992+0900][11.091s][info][gc,metaspace   ] GC(996) Metaspace: 341K(512K)->341K(512K) NonClass: 323K(384K)->323K(384K) Class: 17K(128K)->17K(128K)
[2026-03-22T19:51:00.992+0900][11.091s][info][gc             ] GC(996) Pause Young (Allocation Failure) 260M->249M(455M) 4.322ms
[2026-03-22T19:51:00.992+0900][11.091s][info][gc,cpu         ] GC(996) User=0.00s Sys=0.00s Real=0.00s
[2026-03-22T19:51:00.998+0900][11.097s][info][gc,start       ] GC(997) Pause Young (Allocation Failure)
[2026-03-22T19:51:01.002+0900][11.101s][info][gc,heap        ] GC(997) PSYoungGen: 116136K(116736K)->57600K(116736K) Eden: 58504K(58880K)->0K(58880K) From: 57632K(57856K)->57600K(57856K)
[2026-03-22T19:51:01.003+0900][11.102s][info][gc,heap        ] GC(997) ParOldGen: 197839K(349696K)->245047K(349696K)
[2026-03-22T19:51:01.003+0900][11.102s][info][gc,metaspace   ] GC(997) Metaspace: 341K(512K)->341K(512K) NonClass: 323K(384K)->323K(384K) Class: 17K(128K)->17K(128K)
[2026-03-22T19:51:01.003+0900][11.102s][info][gc             ] GC(997) Pause Young (Allocation Failure) 306M->295M(455M) 4.533ms
[2026-03-22T19:51:01.003+0900][11.102s][info][gc,cpu         ] GC(997) User=0.00s Sys=0.00s Real=0.01s
[2026-03-22T19:51:01.009+0900][11.108s][info][gc,start       ] GC(998) Pause Young (Allocation Failure)
[2026-03-22T19:51:01.013+0900][11.112s][info][gc,heap        ] GC(998) PSYoungGen: 116104K(116736K)->57632K(116736K) Eden: 58504K(58880K)->0K(58880K) From: 57600K(57856K)->57632K(57856K)
[2026-03-22T19:51:01.013+0900][11.112s][info][gc,heap        ] GC(998) ParOldGen: 245047K(349696K)->292255K(349696K)
[2026-03-22T19:51:01.013+0900][11.112s][info][gc,metaspace   ] GC(998) Metaspace: 341K(512K)->341K(512K) NonClass: 323K(384K)->323K(384K) Class: 17K(128K)->17K(128K)
[2026-03-22T19:51:01.013+0900][11.112s][info][gc             ] GC(998) Pause Young (Allocation Failure) 352M->341M(455M) 4.280ms
[2026-03-22T19:51:01.013+0900][11.112s][info][gc,cpu         ] GC(998) User=0.11s Sys=0.00s Real=0.00s
[2026-03-22T19:51:01.020+0900][11.118s][info][gc,start       ] GC(999) Pause Full (Ergonomics)
[2026-03-22T19:51:01.020+0900][11.118s][info][gc,phases,start] GC(999) Marking Phase
[2026-03-22T19:51:01.021+0900][11.120s][info][gc,phases      ] GC(999) Marking Phase 1.517ms
[2026-03-22T19:51:01.021+0900][11.120s][info][gc,phases,start] GC(999) Summary Phase
[2026-03-22T19:51:01.021+0900][11.120s][info][gc,phases      ] GC(999) Summary Phase 0.023ms
[2026-03-22T19:51:01.021+0900][11.120s][info][gc,phases,start] GC(999) Adjust Roots
[2026-03-22T19:51:01.022+0900][11.120s][info][gc,phases      ] GC(999) Adjust Roots 0.281ms
[2026-03-22T19:51:01.022+0900][11.120s][info][gc,phases,start] GC(999) Compaction Phase
[2026-03-22T19:51:01.026+0900][11.125s][info][gc,phases      ] GC(999) Compaction Phase 5.116ms
[2026-03-22T19:51:01.026+0900][11.125s][info][gc,phases,start] GC(999) Post Compact
[2026-03-22T19:51:01.028+0900][11.127s][info][gc,phases      ] GC(999) Post Compact 1.611ms
[2026-03-22T19:51:01.028+0900][11.127s][info][gc,heap        ] GC(999) PSYoungGen: 116136K(116736K)->0K(116736K) Eden: 58504K(58880K)->0K(58880K) From: 57632K(57856K)->0K(57856K)
[2026-03-22T19:51:01.029+0900][11.127s][info][gc,heap        ] GC(999) ParOldGen: 292255K(349696K)->103430K(349696K)
[2026-03-22T19:51:01.029+0900][11.127s][info][gc,metaspace   ] GC(999) Metaspace: 341K(512K)->341K(512K) NonClass: 323K(384K)->323K(384K) Class: 17K(128K)->17K(128K)
[2026-03-22T19:51:01.029+0900][11.127s][info][gc             ] GC(999) Pause Full (Ergonomics) 398M->101M(455M) 8.989ms
[2026-03-22T19:51:01.029+0900][11.127s][info][gc,cpu         ] GC(999) User=0.12s Sys=0.00s Real=0.01s
[2026-03-22T19:51:01.035+0900][11.134s][info][gc,start       ] GC(1000) Pause Young (Allocation Failure)
[2026-03-22T19:51:01.038+0900][11.137s][info][gc,heap        ] GC(1000) PSYoungGen: 58504K(116736K)->57632K(116736K) Eden: 58504K(58880K)->0K(58880K) From: 0K(57856K)->57632K(57856K)
[2026-03-22T19:51:01.038+0900][11.137s][info][gc,heap        ] GC(1000) ParOldGen: 103430K(349696K)->103430K(349696K)
[2026-03-22T19:51:01.038+0900][11.137s][info][gc,metaspace   ] GC(1000) Metaspace: 341K(512K)->341K(512K) NonClass: 323K(384K)->323K(384K) Class: 17K(128K)->17K(128K)
[2026-03-22T19:51:01.038+0900][11.137s][info][gc             ] GC(1000) Pause Young (Allocation Failure) 158M->157M(455M) 2.751ms
[2026-03-22T19:51:01.038+0900][11.137s][info][gc,cpu         ] GC(1000) User=0.00s Sys=0.00s Real=0.00s
[2026-03-22T19:51:01.044+0900][11.143s][info][gc,start       ] GC(1001) Pause Young (Allocation Failure)
[2026-03-22T19:51:01.048+0900][11.147s][info][gc,heap        ] GC(1001) PSYoungGen: 116136K(116736K)->57632K(116736K) Eden: 58504K(58880K)->0K(58880K) From: 57632K(57856K)->57632K(57856K)
[2026-03-22T19:51:01.048+0900][11.147s][info][gc,heap        ] GC(1001) ParOldGen: 103430K(349696K)->150638K(349696K)
[2026-03-22T19:51:01.048+0900][11.147s][info][gc,metaspace   ] GC(1001) Metaspace: 341K(512K)->341K(512K) NonClass: 323K(384K)->323K(384K) Class: 17K(128K)->17K(128K)
[2026-03-22T19:51:01.048+0900][11.148s][info][gc             ] GC(1001) Pause Young (Allocation Failure) 214M->203M(455M) 4.526ms
[2026-03-22T19:51:01.048+0900][11.148s][info][gc,cpu         ] GC(1001) User=0.00s Sys=0.00s Real=0.00s
[2026-03-22T19:51:01.056+0900][11.154s][info][gc,start       ] GC(1002) Pause Young (Allocation Failure)
[2026-03-22T19:51:01.060+0900][11.158s][info][gc,heap        ] GC(1002) PSYoungGen: 116136K(116736K)->57632K(116736K) Eden: 58504K(58880K)->0K(58880K) From: 57632K(57856K)->57632K(57856K)
[2026-03-22T19:51:01.060+0900][11.158s][info][gc,heap        ] GC(1002) ParOldGen: 150638K(349696K)->197847K(349696K)
[2026-03-22T19:51:01.060+0900][11.158s][info][gc,metaspace   ] GC(1002) Metaspace: 341K(512K)->341K(512K) NonClass: 323K(384K)->323K(384K) Class: 17K(128K)->17K(128K)
[2026-03-22T19:51:01.060+0900][11.158s][info][gc             ] GC(1002) Pause Young (Allocation Failure) 260M->249M(455M) 4.295ms
[2026-03-22T19:51:01.060+0900][11.158s][info][gc,cpu         ] GC(1002) User=0.12s Sys=0.00s Real=0.00s
[2026-03-22T19:51:01.066+0900][11.165s][info][gc,start       ] GC(1003) Pause Young (Allocation Failure)
[2026-03-22T19:51:01.071+0900][11.169s][info][gc,heap        ] GC(1003) PSYoungGen: 116136K(116736K)->57632K(116736K) Eden: 58504K(58880K)->0K(58880K) From: 57632K(57856K)->57632K(57856K)
[2026-03-22T19:51:01.071+0900][11.169s][info][gc,heap        ] GC(1003) ParOldGen: 197847K(349696K)->245063K(349696K)
[2026-03-22T19:51:01.071+0900][11.169s][info][gc,metaspace   ] GC(1003) Metaspace: 341K(512K)->341K(512K) NonClass: 323K(384K)->323K(384K) Class: 17K(128K)->17K(128K)
[2026-03-22T19:51:01.071+0900][11.169s][info][gc             ] GC(1003) Pause Young (Allocation Failure) 306M->295M(455M) 4.519ms
[2026-03-22T19:51:01.071+0900][11.169s][info][gc,cpu         ] GC(1003) User=0.00s Sys=0.00s Real=0.01s
[2026-03-22T19:51:01.077+0900][11.175s][info][gc,start       ] GC(1004) Pause Young (Allocation Failure)
[2026-03-22T19:51:01.081+0900][11.180s][info][gc,heap        ] GC(1004) PSYoungGen: 116136K(116736K)->57632K(116736K) Eden: 58504K(58880K)->0K(58880K) From: 57632K(57856K)->57632K(57856K)
[2026-03-22T19:51:01.081+0900][11.180s][info][gc,heap        ] GC(1004) ParOldGen: 245063K(349696K)->292271K(349696K)
[2026-03-22T19:51:01.081+0900][11.180s][info][gc,metaspace   ] GC(1004) Metaspace: 341K(512K)->341K(512K) NonClass: 323K(384K)->323K(384K) Class: 17K(128K)->17K(128K)
[2026-03-22T19:51:01.081+0900][11.180s][info][gc             ] GC(1004) Pause Young (Allocation Failure) 352M->341M(455M) 4.268ms
[2026-03-22T19:51:01.081+0900][11.180s][info][gc,cpu         ] GC(1004) User=0.00s Sys=0.00s Real=0.00s
[2026-03-22T19:51:01.089+0900][11.187s][info][gc,start       ] GC(1005) Pause Full (Ergonomics)
[2026-03-22T19:51:01.089+0900][11.187s][info][gc,phases,start] GC(1005) Marking Phase
[2026-03-22T19:51:01.090+0900][11.189s][info][gc,phases      ] GC(1005) Marking Phase 1.455ms
[2026-03-22T19:51:01.090+0900][11.189s][info][gc,phases,start] GC(1005) Summary Phase
[2026-03-22T19:51:01.090+0900][11.189s][info][gc,phases      ] GC(1005) Summary Phase 0.021ms
[2026-03-22T19:51:01.090+0900][11.189s][info][gc,phases,start] GC(1005) Adjust Roots
[2026-03-22T19:51:01.091+0900][11.189s][info][gc,phases      ] GC(1005) Adjust Roots 0.247ms
[2026-03-22T19:51:01.091+0900][11.189s][info][gc,phases,start] GC(1005) Compaction Phase
[2026-03-22T19:51:01.095+0900][11.194s][info][gc,phases      ] GC(1005) Compaction Phase 4.764ms
[2026-03-22T19:51:01.095+0900][11.194s][info][gc,phases,start] GC(1005) Post Compact
[2026-03-22T19:51:01.097+0900][11.195s][info][gc,phases      ] GC(1005) Post Compact 1.507ms
[2026-03-22T19:51:01.097+0900][11.195s][info][gc,heap        ] GC(1005) PSYoungGen: 116136K(116736K)->0K(116736K) Eden: 58504K(58880K)->0K(58880K) From: 57632K(57856K)->0K(57856K)
[2026-03-22T19:51:01.097+0900][11.195s][info][gc,heap        ] GC(1005) ParOldGen: 292271K(349696K)->103430K(349696K)
[2026-03-22T19:51:01.097+0900][11.195s][info][gc,metaspace   ] GC(1005) Metaspace: 341K(512K)->341K(512K) NonClass: 323K(384K)->323K(384K) Class: 17K(128K)->17K(128K)
[2026-03-22T19:51:01.097+0900][11.195s][info][gc             ] GC(1005) Pause Full (Ergonomics) 398M->101M(455M) 8.281ms
[2026-03-22T19:51:01.097+0900][11.195s][info][gc,cpu         ] GC(1005) User=0.00s Sys=0.00s Real=0.01s
[2026-03-22T19:51:01.103+0900][11.202s][info][gc,start       ] GC(1006) Pause Young (Allocation Failure)
[2026-03-22T19:51:01.106+0900][11.204s][info][gc,heap        ] GC(1006) PSYoungGen: 58504K(116736K)->57632K(116736K) Eden: 58504K(58880K)->0K(58880K) From: 0K(57856K)->57632K(57856K)
[2026-03-22T19:51:01.106+0900][11.204s][info][gc,heap        ] GC(1006) ParOldGen: 103430K(349696K)->103430K(349696K)
[2026-03-22T19:51:01.106+0900][11.204s][info][gc,metaspace   ] GC(1006) Metaspace: 341K(512K)->341K(512K) NonClass: 323K(384K)->323K(384K) Class: 17K(128K)->17K(128K)
[2026-03-22T19:51:01.106+0900][11.204s][info][gc             ] GC(1006) Pause Young (Allocation Failure) 158M->157M(455M) 2.662ms
[2026-03-22T19:51:01.106+0900][11.204s][info][gc,cpu         ] GC(1006) User=0.02s Sys=0.00s Real=0.00s
[2026-03-22T19:51:01.113+0900][11.211s][info][gc,start       ] GC(1007) Pause Young (Allocation Failure)
[2026-03-22T19:51:01.117+0900][11.215s][info][gc,heap        ] GC(1007) PSYoungGen: 116136K(116736K)->57632K(116736K) Eden: 58504K(58880K)->0K(58880K) From: 57632K(57856K)->57632K(57856K)
[2026-03-22T19:51:01.117+0900][11.215s][info][gc,heap        ] GC(1007) ParOldGen: 103430K(349696K)->150638K(349696K)
[2026-03-22T19:51:01.117+0900][11.215s][info][gc,metaspace   ] GC(1007) Metaspace: 341K(512K)->341K(512K) NonClass: 323K(384K)->323K(384K) Class: 17K(128K)->17K(128K)
[2026-03-22T19:51:01.117+0900][11.215s][info][gc             ] GC(1007) Pause Young (Allocation Failure) 214M->203M(455M) 4.092ms
[2026-03-22T19:51:01.117+0900][11.215s][info][gc,cpu         ] GC(1007) User=0.00s Sys=0.00s Real=0.00s
[2026-03-22T19:51:01.123+0900][11.222s][info][gc,start       ] GC(1008) Pause Young (Allocation Failure)
[2026-03-22T19:51:01.127+0900][11.226s][info][gc,heap        ] GC(1008) PSYoungGen: 116136K(116736K)->57632K(116736K) Eden: 58504K(58880K)->0K(58880K) From: 57632K(57856K)->57632K(57856K)
[2026-03-22T19:51:01.128+0900][11.226s][info][gc,heap        ] GC(1008) ParOldGen: 150638K(349696K)->197847K(349696K)
[2026-03-22T19:51:01.128+0900][11.226s][info][gc,metaspace   ] GC(1008) Metaspace: 341K(512K)->341K(512K) NonClass: 323K(384K)->323K(384K) Class: 17K(128K)->17K(128K)
[2026-03-22T19:51:01.128+0900][11.226s][info][gc             ] GC(1008) Pause Young (Allocation Failure) 260M->249M(455M) 4.166ms
[2026-03-22T19:51:01.128+0900][11.226s][info][gc,cpu         ] GC(1008) User=0.00s Sys=0.00s Real=0.01s
[2026-03-22T19:51:01.134+0900][11.233s][info][gc,start       ] GC(1009) Pause Young (Allocation Failure)
[2026-03-22T19:51:01.139+0900][11.237s][info][gc,heap        ] GC(1009) PSYoungGen: 116136K(116736K)->57632K(116736K) Eden: 58504K(58880K)->0K(58880K) From: 57632K(57856K)->57632K(57856K)
[2026-03-22T19:51:01.139+0900][11.237s][info][gc,heap        ] GC(1009) ParOldGen: 197847K(349696K)->245063K(349696K)
[2026-03-22T19:51:01.139+0900][11.237s][info][gc,metaspace   ] GC(1009) Metaspace: 341K(512K)->341K(512K) NonClass: 323K(384K)->323K(384K) Class: 17K(128K)->17K(128K)
[2026-03-22T19:51:01.139+0900][11.237s][info][gc             ] GC(1009) Pause Young (Allocation Failure) 306M->295M(455M) 4.545ms
[2026-03-22T19:51:01.139+0900][11.237s][info][gc,cpu         ] GC(1009) User=0.11s Sys=0.00s Real=0.00s
[2026-03-22T19:51:01.145+0900][11.243s][info][gc,start       ] GC(1010) Pause Young (Allocation Failure)
[2026-03-22T19:51:01.149+0900][11.248s][info][gc,heap        ] GC(1010) PSYoungGen: 116136K(116736K)->57632K(116736K) Eden: 58504K(58880K)->0K(58880K) From: 57632K(57856K)->57632K(57856K)
[2026-03-22T19:51:01.149+0900][11.248s][info][gc,heap        ] GC(1010) ParOldGen: 245063K(349696K)->292271K(349696K)
[2026-03-22T19:51:01.149+0900][11.248s][info][gc,metaspace   ] GC(1010) Metaspace: 341K(512K)->341K(512K) NonClass: 323K(384K)->323K(384K) Class: 17K(128K)->17K(128K)
[2026-03-22T19:51:01.149+0900][11.248s][info][gc             ] GC(1010) Pause Young (Allocation Failure) 352M->341M(455M) 4.250ms
[2026-03-22T19:51:01.149+0900][11.248s][info][gc,cpu         ] GC(1010) User=0.00s Sys=0.00s Real=0.00s
[2026-03-22T19:51:01.156+0900][11.254s][info][gc,start       ] GC(1011) Pause Full (Ergonomics)
[2026-03-22T19:51:01.156+0900][11.254s][info][gc,phases,start] GC(1011) Marking Phase
[2026-03-22T19:51:01.157+0900][11.256s][info][gc,phases      ] GC(1011) Marking Phase 1.490ms
[2026-03-22T19:51:01.157+0900][11.256s][info][gc,phases,start] GC(1011) Summary Phase
[2026-03-22T19:51:01.157+0900][11.256s][info][gc,phases      ] GC(1011) Summary Phase 0.024ms
[2026-03-22T19:51:01.157+0900][11.256s][info][gc,phases,start] GC(1011) Adjust Roots
[2026-03-22T19:51:01.158+0900][11.256s][info][gc,phases      ] GC(1011) Adjust Roots 0.268ms
[2026-03-22T19:51:01.158+0900][11.256s][info][gc,phases,start] GC(1011) Compaction Phase
[2026-03-22T19:51:01.163+0900][11.261s][info][gc,phases      ] GC(1011) Compaction Phase 5.066ms
[2026-03-22T19:51:01.163+0900][11.261s][info][gc,phases,start] GC(1011) Post Compact
[2026-03-22T19:51:01.165+0900][11.263s][info][gc,phases      ] GC(1011) Post Compact 1.693ms
[2026-03-22T19:51:01.165+0900][11.263s][info][gc,heap        ] GC(1011) PSYoungGen: 116136K(116736K)->0K(116736K) Eden: 58504K(58880K)->0K(58880K) From: 57632K(57856K)->0K(57856K)
[2026-03-22T19:51:01.165+0900][11.263s][info][gc,heap        ] GC(1011) ParOldGen: 292271K(349696K)->103430K(349696K)
[2026-03-22T19:51:01.165+0900][11.263s][info][gc,metaspace   ] GC(1011) Metaspace: 341K(512K)->341K(512K) NonClass: 323K(384K)->323K(384K) Class: 17K(128K)->17K(128K)
[2026-03-22T19:51:01.165+0900][11.263s][info][gc             ] GC(1011) Pause Full (Ergonomics) 398M->101M(455M) 8.912ms
[2026-03-22T19:51:01.165+0900][11.263s][info][gc,cpu         ] GC(1011) User=0.00s Sys=0.00s Real=0.01s
[2026-03-22T19:51:01.172+0900][11.270s][info][gc,start       ] GC(1012) Pause Young (Allocation Failure)
[2026-03-22T19:51:01.175+0900][11.273s][info][gc,heap        ] GC(1012) PSYoungGen: 58504K(116736K)->57632K(116736K) Eden: 58504K(58880K)->0K(58880K) From: 0K(57856K)->57632K(57856K)
[2026-03-22T19:51:01.175+0900][11.273s][info][gc,heap        ] GC(1012) ParOldGen: 103430K(349696K)->103430K(349696K)
[2026-03-22T19:51:01.175+0900][11.273s][info][gc,metaspace   ] GC(1012) Metaspace: 341K(512K)->341K(512K) NonClass: 323K(384K)->323K(384K) Class: 17K(128K)->17K(128K)
[2026-03-22T19:51:01.175+0900][11.273s][info][gc             ] GC(1012) Pause Young (Allocation Failure) 158M->157M(455M) 2.736ms
[2026-03-22T19:51:01.175+0900][11.273s][info][gc,cpu         ] GC(1012) User=0.00s Sys=0.00s Real=0.00s
[2026-03-22T19:51:01.181+0900][11.280s][info][gc,start       ] GC(1013) Pause Young (Allocation Failure)
[2026-03-22T19:51:01.186+0900][11.284s][info][gc,heap        ] GC(1013) PSYoungGen: 116136K(116736K)->57632K(116736K) Eden: 58504K(58880K)->0K(58880K) From: 57632K(57856K)->57632K(57856K)
[2026-03-22T19:51:01.186+0900][11.284s][info][gc,heap        ] GC(1013) ParOldGen: 103430K(349696K)->150638K(349696K)
[2026-03-22T19:51:01.186+0900][11.284s][info][gc,metaspace   ] GC(1013) Metaspace: 341K(512K)->341K(512K) NonClass: 323K(384K)->323K(384K) Class: 17K(128K)->17K(128K)
[2026-03-22T19:51:01.186+0900][11.284s][info][gc             ] GC(1013) Pause Young (Allocation Failure) 214M->203M(455M) 4.671ms
[2026-03-22T19:51:01.186+0900][11.284s][info][gc,cpu         ] GC(1013) User=0.06s Sys=0.00s Real=0.01s
[2026-03-22T19:51:01.193+0900][11.291s][info][gc,start       ] GC(1014) Pause Young (Allocation Failure)
[2026-03-22T19:51:01.196+0900][11.296s][info][gc,heap        ] GC(1014) PSYoungGen: 116136K(116736K)->57632K(116736K) Eden: 58504K(58880K)->0K(58880K) From: 57632K(57856K)->57632K(57856K)
[2026-03-22T19:51:01.197+0900][11.296s][info][gc,heap        ] GC(1014) ParOldGen: 150638K(349696K)->197847K(349696K)
[2026-03-22T19:51:01.197+0900][11.296s][info][gc,metaspace   ] GC(1014) Metaspace: 341K(512K)->341K(512K) NonClass: 323K(384K)->323K(384K) Class: 17K(128K)->17K(128K)
[2026-03-22T19:51:01.197+0900][11.296s][info][gc             ] GC(1014) Pause Young (Allocation Failure) 260M->249M(455M) 4.458ms
[2026-03-22T19:51:01.197+0900][11.296s][info][gc,cpu         ] GC(1014) User=0.00s Sys=0.00s Real=0.00s
[2026-03-22T19:51:01.203+0900][11.302s][info][gc,start       ] GC(1015) Pause Young (Allocation Failure)
[2026-03-22T19:51:01.208+0900][11.307s][info][gc,heap        ] GC(1015) PSYoungGen: 116136K(116736K)->57632K(116736K) Eden: 58504K(58880K)->0K(58880K) From: 57632K(57856K)->57632K(57856K)
[2026-03-22T19:51:01.208+0900][11.307s][info][gc,heap        ] GC(1015) ParOldGen: 197847K(349696K)->245063K(349696K)
[2026-03-22T19:51:01.208+0900][11.307s][info][gc,metaspace   ] GC(1015) Metaspace: 341K(512K)->341K(512K) NonClass: 323K(384K)->323K(384K) Class: 17K(128K)->17K(128K)
[2026-03-22T19:51:01.208+0900][11.307s][info][gc             ] GC(1015) Pause Young (Allocation Failure) 306M->295M(455M) 4.994ms
[2026-03-22T19:51:01.208+0900][11.307s][info][gc,cpu         ] GC(1015) User=0.00s Sys=0.00s Real=0.00s
[2026-03-22T19:51:01.216+0900][11.314s][info][gc,start       ] GC(1016) Pause Young (Allocation Failure)
[2026-03-22T19:51:01.219+0900][11.318s][info][gc,heap        ] GC(1016) PSYoungGen: 116136K(116736K)->57632K(116736K) Eden: 58504K(58880K)->0K(58880K) From: 57632K(57856K)->57632K(57856K)
[2026-03-22T19:51:01.219+0900][11.318s][info][gc,heap        ] GC(1016) ParOldGen: 245063K(349696K)->292271K(349696K)
[2026-03-22T19:51:01.219+0900][11.319s][info][gc,metaspace   ] GC(1016) Metaspace: 341K(512K)->341K(512K) NonClass: 323K(384K)->323K(384K) Class: 17K(128K)->17K(128K)
[2026-03-22T19:51:01.219+0900][11.319s][info][gc             ] GC(1016) Pause Young (Allocation Failure) 352M->341M(455M) 4.292ms
[2026-03-22T19:51:01.219+0900][11.319s][info][gc,cpu         ] GC(1016) User=0.00s Sys=0.00s Real=0.00s
[2026-03-22T19:51:01.225+0900][11.324s][info][gc,start       ] GC(1017) Pause Full (Ergonomics)
[2026-03-22T19:51:01.225+0900][11.324s][info][gc,phases,start] GC(1017) Marking Phase
[2026-03-22T19:51:01.227+0900][11.326s][info][gc,phases      ] GC(1017) Marking Phase 1.285ms
[2026-03-22T19:51:01.227+0900][11.326s][info][gc,phases,start] GC(1017) Summary Phase
[2026-03-22T19:51:01.227+0900][11.326s][info][gc,phases      ] GC(1017) Summary Phase 0.021ms
[2026-03-22T19:51:01.227+0900][11.326s][info][gc,phases,start] GC(1017) Adjust Roots
[2026-03-22T19:51:01.227+0900][11.326s][info][gc,phases      ] GC(1017) Adjust Roots 0.339ms
[2026-03-22T19:51:01.227+0900][11.326s][info][gc,phases,start] GC(1017) Compaction Phase
[2026-03-22T19:51:01.233+0900][11.331s][info][gc,phases      ] GC(1017) Compaction Phase 5.006ms
[2026-03-22T19:51:01.233+0900][11.331s][info][gc,phases,start] GC(1017) Post Compact
[2026-03-22T19:51:01.234+0900][11.333s][info][gc,phases      ] GC(1017) Post Compact 1.374ms
[2026-03-22T19:51:01.234+0900][11.333s][info][gc,heap        ] GC(1017) PSYoungGen: 116136K(116736K)->0K(116736K) Eden: 58504K(58880K)->0K(58880K) From: 57632K(57856K)->0K(57856K)
[2026-03-22T19:51:01.234+0900][11.333s][info][gc,heap        ] GC(1017) ParOldGen: 292271K(349696K)->103195K(349696K)
[2026-03-22T19:51:01.234+0900][11.333s][info][gc,metaspace   ] GC(1017) Metaspace: 341K(512K)->341K(512K) NonClass: 323K(384K)->323K(384K) Class: 17K(128K)->17K(128K)
[2026-03-22T19:51:01.234+0900][11.333s][info][gc             ] GC(1017) Pause Full (Ergonomics) 398M->100M(455M) 8.324ms
[2026-03-22T19:51:01.234+0900][11.333s][info][gc,cpu         ] GC(1017) User=0.09s Sys=0.00s Real=0.01s
[2026-03-22T19:51:01.241+0900][11.339s][info][gc,start       ] GC(1018) Pause Young (Allocation Failure)
[2026-03-22T19:51:01.244+0900][11.342s][info][gc,heap        ] GC(1018) PSYoungGen: 58504K(116736K)->57632K(116736K) Eden: 58504K(58880K)->0K(58880K) From: 0K(57856K)->57632K(57856K)
[2026-03-22T19:51:01.244+0900][11.342s][info][gc,heap        ] GC(1018) ParOldGen: 103195K(349696K)->103195K(349696K)
[2026-03-22T19:51:01.244+0900][11.342s][info][gc,metaspace   ] GC(1018) Metaspace: 341K(512K)->341K(512K) NonClass: 323K(384K)->323K(384K) Class: 17K(128K)->17K(128K)
[2026-03-22T19:51:01.244+0900][11.342s][info][gc             ] GC(1018) Pause Young (Allocation Failure) 157M->157M(455M) 2.569ms
[2026-03-22T19:51:01.244+0900][11.342s][info][gc,cpu         ] GC(1018) User=0.00s Sys=0.00s Real=0.00s
[2026-03-22T19:51:01.250+0900][11.349s][info][gc,start       ] GC(1019) Pause Young (Allocation Failure)
[2026-03-22T19:51:01.254+0900][11.353s][info][gc,heap        ] GC(1019) PSYoungGen: 116136K(116736K)->57632K(116736K) Eden: 58504K(58880K)->0K(58880K) From: 57632K(57856K)->57632K(57856K)
[2026-03-22T19:51:01.254+0900][11.353s][info][gc,heap        ] GC(1019) ParOldGen: 103195K(349696K)->150403K(349696K)
[2026-03-22T19:51:01.254+0900][11.353s][info][gc,metaspace   ] GC(1019) Metaspace: 341K(512K)->341K(512K) NonClass: 323K(384K)->323K(384K) Class: 17K(128K)->17K(128K)
[2026-03-22T19:51:01.254+0900][11.353s][info][gc             ] GC(1019) Pause Young (Allocation Failure) 214M->203M(455M) 4.197ms
[2026-03-22T19:51:01.254+0900][11.353s][info][gc,cpu         ] GC(1019) User=0.00s Sys=0.00s Real=0.00s
[2026-03-22T19:51:01.260+0900][11.359s][info][gc,start       ] GC(1020) Pause Young (Allocation Failure)
[2026-03-22T19:51:01.264+0900][11.363s][info][gc,heap        ] GC(1020) PSYoungGen: 116136K(116736K)->57632K(116736K) Eden: 58504K(58880K)->0K(58880K) From: 57632K(57856K)->57632K(57856K)
[2026-03-22T19:51:01.264+0900][11.363s][info][gc,heap        ] GC(1020) ParOldGen: 150403K(349696K)->197611K(349696K)
[2026-03-22T19:51:01.264+0900][11.363s][info][gc,metaspace   ] GC(1020) Metaspace: 341K(512K)->341K(512K) NonClass: 323K(384K)->323K(384K) Class: 17K(128K)->17K(128K)
[2026-03-22T19:51:01.264+0900][11.363s][info][gc             ] GC(1020) Pause Young (Allocation Failure) 260M->249M(455M) 4.235ms
[2026-03-22T19:51:01.265+0900][11.363s][info][gc,cpu         ] GC(1020) User=0.00s Sys=0.00s Real=0.01s
[2026-03-22T19:51:01.270+0900][11.369s][info][gc,start       ] GC(1021) Pause Young (Allocation Failure)
[2026-03-22T19:51:01.275+0900][11.374s][info][gc,heap        ] GC(1021) PSYoungGen: 116136K(116736K)->57632K(116736K) Eden: 58504K(58880K)->0K(58880K) From: 57632K(57856K)->57632K(57856K)
[2026-03-22T19:51:01.275+0900][11.374s][info][gc,heap        ] GC(1021) ParOldGen: 197611K(349696K)->244820K(349696K)
[2026-03-22T19:51:01.275+0900][11.374s][info][gc,metaspace   ] GC(1021) Metaspace: 341K(512K)->341K(512K) NonClass: 323K(384K)->323K(384K) Class: 17K(128K)->17K(128K)
[2026-03-22T19:51:01.276+0900][11.374s][info][gc             ] GC(1021) Pause Young (Allocation Failure) 306M->295M(455M) 4.497ms
[2026-03-22T19:51:01.276+0900][11.374s][info][gc,cpu         ] GC(1021) User=0.02s Sys=0.00s Real=0.01s
[2026-03-22T19:51:01.283+0900][11.381s][info][gc,start       ] GC(1022) Pause Young (Allocation Failure)
[2026-03-22T19:51:01.287+0900][11.386s][info][gc,heap        ] GC(1022) PSYoungGen: 116136K(116736K)->57632K(116736K) Eden: 58504K(58880K)->0K(58880K) From: 57632K(57856K)->57632K(57856K)
[2026-03-22T19:51:01.287+0900][11.386s][info][gc,heap        ] GC(1022) ParOldGen: 244820K(349696K)->292028K(349696K)
[2026-03-22T19:51:01.287+0900][11.386s][info][gc,metaspace   ] GC(1022) Metaspace: 341K(512K)->341K(512K) NonClass: 323K(384K)->323K(384K) Class: 17K(128K)->17K(128K)
[2026-03-22T19:51:01.287+0900][11.386s][info][gc             ] GC(1022) Pause Young (Allocation Failure) 352M->341M(455M) 4.550ms
[2026-03-22T19:51:01.287+0900][11.386s][info][gc,cpu         ] GC(1022) User=0.00s Sys=0.00s Real=0.00s
[2026-03-22T19:51:01.293+0900][11.392s][info][gc,start       ] GC(1023) Pause Full (Ergonomics)
[2026-03-22T19:51:01.294+0900][11.392s][info][gc,phases,start] GC(1023) Marking Phase
[2026-03-22T19:51:01.295+0900][11.394s][info][gc,phases      ] GC(1023) Marking Phase 1.990ms
[2026-03-22T19:51:01.296+0900][11.394s][info][gc,phases,start] GC(1023) Summary Phase
[2026-03-22T19:51:01.296+0900][11.394s][info][gc,phases      ] GC(1023) Summary Phase 0.025ms
[2026-03-22T19:51:01.296+0900][11.394s][info][gc,phases,start] GC(1023) Adjust Roots
[2026-03-22T19:51:01.296+0900][11.395s][info][gc,phases      ] GC(1023) Adjust Roots 0.422ms
[2026-03-22T19:51:01.296+0900][11.395s][info][gc,phases,start] GC(1023) Compaction Phase
[2026-03-22T19:51:01.302+0900][11.401s][info][gc,phases      ] GC(1023) Compaction Phase 6.207ms
[2026-03-22T19:51:01.302+0900][11.401s][info][gc,phases,start] GC(1023) Post Compact
[2026-03-22T19:51:01.304+0900][11.403s][info][gc,phases      ] GC(1023) Post Compact 1.630ms
[2026-03-22T19:51:01.304+0900][11.403s][info][gc,heap        ] GC(1023) PSYoungGen: 116136K(116736K)->0K(116736K) Eden: 58504K(58880K)->0K(58880K) From: 57632K(57856K)->0K(57856K)
[2026-03-22T19:51:01.304+0900][11.403s][info][gc,heap        ] GC(1023) ParOldGen: 292028K(349696K)->103430K(349696K)
[2026-03-22T19:51:01.304+0900][11.403s][info][gc,metaspace   ] GC(1023) Metaspace: 341K(512K)->341K(512K) NonClass: 323K(384K)->323K(384K) Class: 17K(128K)->17K(128K)
[2026-03-22T19:51:01.304+0900][11.403s][info][gc             ] GC(1023) Pause Full (Ergonomics) 398M->101M(455M) 10.805ms
[2026-03-22T19:51:01.304+0900][11.403s][info][gc,cpu         ] GC(1023) User=0.00s Sys=0.00s Real=0.01s
[2026-03-22T19:51:01.310+0900][11.409s][info][gc,start       ] GC(1024) Pause Young (Allocation Failure)
[2026-03-22T19:51:01.313+0900][11.412s][info][gc,heap        ] GC(1024) PSYoungGen: 58504K(116736K)->57632K(116736K) Eden: 58504K(58880K)->0K(58880K) From: 0K(57856K)->57632K(57856K)
[2026-03-22T19:51:01.313+0900][11.412s][info][gc,heap        ] GC(1024) ParOldGen: 103430K(349696K)->103430K(349696K)
[2026-03-22T19:51:01.313+0900][11.412s][info][gc,metaspace   ] GC(1024) Metaspace: 341K(512K)->341K(512K) NonClass: 323K(384K)->323K(384K) Class: 17K(128K)->17K(128K)
[2026-03-22T19:51:01.313+0900][11.412s][info][gc             ] GC(1024) Pause Young (Allocation Failure) 158M->157M(455M) 2.769ms
[2026-03-22T19:51:01.313+0900][11.412s][info][gc,cpu         ] GC(1024) User=0.00s Sys=0.00s Real=0.00s
[2026-03-22T19:51:01.320+0900][11.419s][info][gc,start       ] GC(1025) Pause Young (Allocation Failure)
[2026-03-22T19:51:01.325+0900][11.423s][info][gc,heap        ] GC(1025) PSYoungGen: 116136K(116736K)->57632K(116736K) Eden: 58504K(58880K)->0K(58880K) From: 57632K(57856K)->57632K(57856K)
[2026-03-22T19:51:01.325+0900][11.423s][info][gc,heap        ] GC(1025) ParOldGen: 103430K(349696K)->150638K(349696K)
[2026-03-22T19:51:01.325+0900][11.423s][info][gc,metaspace   ] GC(1025) Metaspace: 341K(512K)->341K(512K) NonClass: 323K(384K)->323K(384K) Class: 17K(128K)->17K(128K)
[2026-03-22T19:51:01.325+0900][11.423s][info][gc             ] GC(1025) Pause Young (Allocation Failure) 214M->203M(455M) 4.455ms
[2026-03-22T19:51:01.325+0900][11.423s][info][gc,cpu         ] GC(1025) User=0.12s Sys=0.00s Real=0.01s
[2026-03-22T19:51:01.331+0900][11.429s][info][gc,start       ] GC(1026) Pause Young (Allocation Failure)
[2026-03-22T19:51:01.335+0900][11.434s][info][gc,heap        ] GC(1026) PSYoungGen: 116136K(116736K)->57632K(116736K) Eden: 58504K(58880K)->0K(58880K) From: 57632K(57856K)->57632K(57856K)
[2026-03-22T19:51:01.335+0900][11.434s][info][gc,heap        ] GC(1026) ParOldGen: 150638K(349696K)->197847K(349696K)
[2026-03-22T19:51:01.335+0900][11.434s][info][gc,metaspace   ] GC(1026) Metaspace: 341K(512K)->341K(512K) NonClass: 323K(384K)->323K(384K) Class: 17K(128K)->17K(128K)
[2026-03-22T19:51:01.335+0900][11.434s][info][gc             ] GC(1026) Pause Young (Allocation Failure) 260M->249M(455M) 4.421ms
[2026-03-22T19:51:01.335+0900][11.434s][info][gc,cpu         ] GC(1026) User=0.00s Sys=0.00s Real=0.00s
[2026-03-22T19:51:01.342+0900][11.440s][info][gc,start       ] GC(1027) Pause Young (Allocation Failure)
[2026-03-22T19:51:01.346+0900][11.445s][info][gc,heap        ] GC(1027) PSYoungGen: 116136K(116736K)->57632K(116736K) Eden: 58504K(58880K)->0K(58880K) From: 57632K(57856K)->57632K(57856K)
[2026-03-22T19:51:01.346+0900][11.445s][info][gc,heap        ] GC(1027) ParOldGen: 197847K(349696K)->245063K(349696K)
[2026-03-22T19:51:01.346+0900][11.445s][info][gc,metaspace   ] GC(1027) Metaspace: 341K(512K)->341K(512K) NonClass: 323K(384K)->323K(384K) Class: 17K(128K)->17K(128K)
[2026-03-22T19:51:01.346+0900][11.445s][info][gc             ] GC(1027) Pause Young (Allocation Failure) 306M->295M(455M) 4.492ms
[2026-03-22T19:51:01.346+0900][11.445s][info][gc,cpu         ] GC(1027) User=0.00s Sys=0.00s Real=0.00s
[2026-03-22T19:51:01.352+0900][11.451s][info][gc,start       ] GC(1028) Pause Young (Allocation Failure)
[2026-03-22T19:51:01.356+0900][11.455s][info][gc,heap        ] GC(1028) PSYoungGen: 116136K(116736K)->57632K(116736K) Eden: 58504K(58880K)->0K(58880K) From: 57632K(57856K)->57632K(57856K)
[2026-03-22T19:51:01.356+0900][11.455s][info][gc,heap        ] GC(1028) ParOldGen: 245063K(349696K)->292271K(349696K)
[2026-03-22T19:51:01.356+0900][11.455s][info][gc,metaspace   ] GC(1028) Metaspace: 341K(512K)->341K(512K) NonClass: 323K(384K)->323K(384K) Class: 17K(128K)->17K(128K)
[2026-03-22T19:51:01.356+0900][11.455s][info][gc             ] GC(1028) Pause Young (Allocation Failure) 352M->341M(455M) 4.434ms
[2026-03-22T19:51:01.356+0900][11.455s][info][gc,cpu         ] GC(1028) User=0.11s Sys=0.02s Real=0.00s
[2026-03-22T19:51:01.362+0900][11.461s][info][gc,start       ] GC(1029) Pause Full (Ergonomics)
[2026-03-22T19:51:01.362+0900][11.461s][info][gc,phases,start] GC(1029) Marking Phase
[2026-03-22T19:51:01.364+0900][11.463s][info][gc,phases      ] GC(1029) Marking Phase 1.700ms
[2026-03-22T19:51:01.364+0900][11.463s][info][gc,phases,start] GC(1029) Summary Phase
[2026-03-22T19:51:01.364+0900][11.463s][info][gc,phases      ] GC(1029) Summary Phase 0.025ms
[2026-03-22T19:51:01.364+0900][11.463s][info][gc,phases,start] GC(1029) Adjust Roots
[2026-03-22T19:51:01.364+0900][11.463s][info][gc,phases      ] GC(1029) Adjust Roots 0.348ms
[2026-03-22T19:51:01.365+0900][11.463s][info][gc,phases,start] GC(1029) Compaction Phase
[2026-03-22T19:51:01.370+0900][11.469s][info][gc,phases      ] GC(1029) Compaction Phase 5.207ms
[2026-03-22T19:51:01.370+0900][11.469s][info][gc,phases,start] GC(1029) Post Compact
[2026-03-22T19:51:01.371+0900][11.470s][info][gc,phases      ] GC(1029) Post Compact 1.655ms
[2026-03-22T19:51:01.372+0900][11.470s][info][gc,heap        ] GC(1029) PSYoungGen: 116136K(116736K)->0K(116736K) Eden: 58504K(58880K)->0K(58880K) From: 57632K(57856K)->0K(57856K)
[2026-03-22T19:51:01.372+0900][11.470s][info][gc,heap        ] GC(1029) ParOldGen: 292271K(349696K)->103430K(349696K)
[2026-03-22T19:51:01.372+0900][11.470s][info][gc,metaspace   ] GC(1029) Metaspace: 341K(512K)->341K(512K) NonClass: 323K(384K)->323K(384K) Class: 17K(128K)->17K(128K)
[2026-03-22T19:51:01.372+0900][11.470s][info][gc             ] GC(1029) Pause Full (Ergonomics) 398M->101M(455M) 9.284ms
[2026-03-22T19:51:01.372+0900][11.470s][info][gc,cpu         ] GC(1029) User=0.12s Sys=0.00s Real=0.01s
[2026-03-22T19:51:01.378+0900][11.477s][info][gc,start       ] GC(1030) Pause Young (Allocation Failure)
[2026-03-22T19:51:01.381+0900][11.479s][info][gc,heap        ] GC(1030) PSYoungGen: 58504K(116736K)->57632K(116736K) Eden: 58504K(58880K)->0K(58880K) From: 0K(57856K)->57632K(57856K)
[2026-03-22T19:51:01.381+0900][11.479s][info][gc,heap        ] GC(1030) ParOldGen: 103430K(349696K)->103430K(349696K)
[2026-03-22T19:51:01.381+0900][11.479s][info][gc,metaspace   ] GC(1030) Metaspace: 341K(512K)->341K(512K) NonClass: 323K(384K)->323K(384K) Class: 17K(128K)->17K(128K)
[2026-03-22T19:51:01.381+0900][11.479s][info][gc             ] GC(1030) Pause Young (Allocation Failure) 158M->157M(455M) 2.761ms
[2026-03-22T19:51:01.381+0900][11.479s][info][gc,cpu         ] GC(1030) User=0.00s Sys=0.00s Real=0.00s
[2026-03-22T19:51:01.389+0900][11.487s][info][gc,start       ] GC(1031) Pause Young (Allocation Failure)
[2026-03-22T19:51:01.394+0900][11.492s][info][gc,heap        ] GC(1031) PSYoungGen: 116136K(116736K)->57632K(116736K) Eden: 58504K(58880K)->0K(58880K) From: 57632K(57856K)->57632K(57856K)
[2026-03-22T19:51:01.394+0900][11.492s][info][gc,heap        ] GC(1031) ParOldGen: 103430K(349696K)->150638K(349696K)
[2026-03-22T19:51:01.394+0900][11.492s][info][gc,metaspace   ] GC(1031) Metaspace: 341K(512K)->341K(512K) NonClass: 323K(384K)->323K(384K) Class: 17K(128K)->17K(128K)
[2026-03-22T19:51:01.394+0900][11.492s][info][gc             ] GC(1031) Pause Young (Allocation Failure) 214M->203M(455M) 5.123ms
[2026-03-22T19:51:01.394+0900][11.492s][info][gc,cpu         ] GC(1031) User=0.00s Sys=0.00s Real=0.01s
[2026-03-22T19:51:01.401+0900][11.500s][info][gc,start       ] GC(1032) Pause Young (Allocation Failure)
[2026-03-22T19:51:01.405+0900][11.504s][info][gc,heap        ] GC(1032) PSYoungGen: 116136K(116736K)->57632K(116736K) Eden: 58504K(58880K)->0K(58880K) From: 57632K(57856K)->57632K(57856K)
[2026-03-22T19:51:01.405+0900][11.504s][info][gc,heap        ] GC(1032) ParOldGen: 150638K(349696K)->197847K(349696K)
[2026-03-22T19:51:01.405+0900][11.504s][info][gc,metaspace   ] GC(1032) Metaspace: 341K(512K)->341K(512K) NonClass: 323K(384K)->323K(384K) Class: 17K(128K)->17K(128K)
[2026-03-22T19:51:01.405+0900][11.504s][info][gc             ] GC(1032) Pause Young (Allocation Failure) 260M->249M(455M) 4.483ms
[2026-03-22T19:51:01.405+0900][11.504s][info][gc,cpu         ] GC(1032) User=0.00s Sys=0.00s Real=0.00s
[2026-03-22T19:51:01.413+0900][11.511s][info][gc,start       ] GC(1033) Pause Young (Allocation Failure)
[2026-03-22T19:51:01.417+0900][11.516s][info][gc,heap        ] GC(1033) PSYoungGen: 116136K(116736K)->57632K(116736K) Eden: 58504K(58880K)->0K(58880K) From: 57632K(57856K)->57632K(57856K)
[2026-03-22T19:51:01.418+0900][11.516s][info][gc,heap        ] GC(1033) ParOldGen: 197847K(349696K)->245063K(349696K)
[2026-03-22T19:51:01.418+0900][11.516s][info][gc,metaspace   ] GC(1033) Metaspace: 341K(512K)->341K(512K) NonClass: 323K(384K)->323K(384K) Class: 17K(128K)->17K(128K)
[2026-03-22T19:51:01.418+0900][11.516s][info][gc             ] GC(1033) Pause Young (Allocation Failure) 306M->295M(455M) 4.701ms
[2026-03-22T19:51:01.418+0900][11.516s][info][gc,cpu         ] GC(1033) User=0.12s Sys=0.00s Real=0.00s
[2026-03-22T19:51:01.423+0900][11.523s][info][gc,start       ] GC(1034) Pause Young (Allocation Failure)
[2026-03-22T19:51:01.428+0900][11.527s][info][gc,heap        ] GC(1034) PSYoungGen: 116136K(116736K)->57632K(116736K) Eden: 58504K(58880K)->0K(58880K) From: 57632K(57856K)->57632K(57856K)
[2026-03-22T19:51:01.428+0900][11.527s][info][gc,heap        ] GC(1034) ParOldGen: 245063K(349696K)->292271K(349696K)
[2026-03-22T19:51:01.429+0900][11.527s][info][gc,metaspace   ] GC(1034) Metaspace: 341K(512K)->341K(512K) NonClass: 323K(384K)->323K(384K) Class: 17K(128K)->17K(128K)
[2026-03-22T19:51:01.429+0900][11.527s][info][gc             ] GC(1034) Pause Young (Allocation Failure) 352M->341M(455M) 4.579ms
[2026-03-22T19:51:01.429+0900][11.527s][info][gc,cpu         ] GC(1034) User=0.00s Sys=0.00s Real=0.01s
[2026-03-22T19:51:01.436+0900][11.534s][info][gc,start       ] GC(1035) Pause Full (Ergonomics)
[2026-03-22T19:51:01.436+0900][11.534s][info][gc,phases,start] GC(1035) Marking Phase
[2026-03-22T19:51:01.437+0900][11.535s][info][gc,phases      ] GC(1035) Marking Phase 1.305ms
[2026-03-22T19:51:01.437+0900][11.535s][info][gc,phases,start] GC(1035) Summary Phase
[2026-03-22T19:51:01.437+0900][11.535s][info][gc,phases      ] GC(1035) Summary Phase 0.030ms
[2026-03-22T19:51:01.437+0900][11.535s][info][gc,phases,start] GC(1035) Adjust Roots
[2026-03-22T19:51:01.437+0900][11.536s][info][gc,phases      ] GC(1035) Adjust Roots 0.219ms
[2026-03-22T19:51:01.437+0900][11.536s][info][gc,phases,start] GC(1035) Compaction Phase
[2026-03-22T19:51:01.442+0900][11.540s][info][gc,phases      ] GC(1035) Compaction Phase 4.755ms
[2026-03-22T19:51:01.442+0900][11.541s][info][gc,phases,start] GC(1035) Post Compact
[2026-03-22T19:51:01.444+0900][11.542s][info][gc,phases      ] GC(1035) Post Compact 1.410ms
[2026-03-22T19:51:01.444+0900][11.542s][info][gc,heap        ] GC(1035) PSYoungGen: 116136K(116736K)->0K(116736K) Eden: 58504K(58880K)->0K(58880K) From: 57632K(57856K)->0K(57856K)
[2026-03-22T19:51:01.444+0900][11.542s][info][gc,heap        ] GC(1035) ParOldGen: 292271K(349696K)->103430K(349696K)
[2026-03-22T19:51:01.444+0900][11.542s][info][gc,metaspace   ] GC(1035) Metaspace: 341K(512K)->341K(512K) NonClass: 323K(384K)->323K(384K) Class: 17K(128K)->17K(128K)
[2026-03-22T19:51:01.444+0900][11.542s][info][gc             ] GC(1035) Pause Full (Ergonomics) 398M->101M(455M) 7.986ms
[2026-03-22T19:51:01.444+0900][11.542s][info][gc,cpu         ] GC(1035) User=0.00s Sys=0.00s Real=0.01s
[2026-03-22T19:51:01.450+0900][11.548s][info][gc,start       ] GC(1036) Pause Young (Allocation Failure)
[2026-03-22T19:51:01.453+0900][11.551s][info][gc,heap        ] GC(1036) PSYoungGen: 58504K(116736K)->57632K(116736K) Eden: 58504K(58880K)->0K(58880K) From: 0K(57856K)->57632K(57856K)
[2026-03-22T19:51:01.453+0900][11.551s][info][gc,heap        ] GC(1036) ParOldGen: 103430K(349696K)->103430K(349696K)
[2026-03-22T19:51:01.453+0900][11.551s][info][gc,metaspace   ] GC(1036) Metaspace: 341K(512K)->341K(512K) NonClass: 323K(384K)->323K(384K) Class: 17K(128K)->17K(128K)
[2026-03-22T19:51:01.453+0900][11.551s][info][gc             ] GC(1036) Pause Young (Allocation Failure) 158M->157M(455M) 2.863ms
[2026-03-22T19:51:01.453+0900][11.551s][info][gc,cpu         ] GC(1036) User=0.00s Sys=0.00s Real=0.00s
[2026-03-22T19:51:01.458+0900][11.557s][info][gc,start       ] GC(1037) Pause Young (Allocation Failure)
[2026-03-22T19:51:01.463+0900][11.561s][info][gc,heap        ] GC(1037) PSYoungGen: 116136K(116736K)->57632K(116736K) Eden: 58504K(58880K)->0K(58880K) From: 57632K(57856K)->57632K(57856K)
[2026-03-22T19:51:01.463+0900][11.561s][info][gc,heap        ] GC(1037) ParOldGen: 103430K(349696K)->150638K(349696K)
[2026-03-22T19:51:01.463+0900][11.561s][info][gc,metaspace   ] GC(1037) Metaspace: 341K(512K)->341K(512K) NonClass: 323K(384K)->323K(384K) Class: 17K(128K)->17K(128K)
[2026-03-22T19:51:01.463+0900][11.561s][info][gc             ] GC(1037) Pause Young (Allocation Failure) 214M->203M(455M) 4.297ms
[2026-03-22T19:51:01.463+0900][11.561s][info][gc,cpu         ] GC(1037) User=0.00s Sys=0.00s Real=0.01s
[2026-03-22T19:51:01.469+0900][11.568s][info][gc,start       ] GC(1038) Pause Young (Allocation Failure)
[2026-03-22T19:51:01.474+0900][11.572s][info][gc,heap        ] GC(1038) PSYoungGen: 116136K(116736K)->57632K(116736K) Eden: 58504K(58880K)->0K(58880K) From: 57632K(57856K)->57632K(57856K)
[2026-03-22T19:51:01.474+0900][11.572s][info][gc,heap        ] GC(1038) ParOldGen: 150638K(349696K)->197847K(349696K)
[2026-03-22T19:51:01.474+0900][11.572s][info][gc,metaspace   ] GC(1038) Metaspace: 341K(512K)->341K(512K) NonClass: 323K(384K)->323K(384K) Class: 17K(128K)->17K(128K)
[2026-03-22T19:51:01.474+0900][11.572s][info][gc             ] GC(1038) Pause Young (Allocation Failure) 260M->249M(455M) 4.268ms
[2026-03-22T19:51:01.474+0900][11.572s][info][gc,cpu         ] GC(1038) User=0.00s Sys=0.00s Real=0.00s
[2026-03-22T19:51:01.480+0900][11.579s][info][gc,start       ] GC(1039) Pause Young (Allocation Failure)
[2026-03-22T19:51:01.485+0900][11.583s][info][gc,heap        ] GC(1039) PSYoungGen: 116136K(116736K)->57600K(116736K) Eden: 58504K(58880K)->0K(58880K) From: 57632K(57856K)->57600K(57856K)
[2026-03-22T19:51:01.485+0900][11.583s][info][gc,heap        ] GC(1039) ParOldGen: 197847K(349696K)->245055K(349696K)
[2026-03-22T19:51:01.485+0900][11.583s][info][gc,metaspace   ] GC(1039) Metaspace: 341K(512K)->341K(512K) NonClass: 323K(384K)->323K(384K) Class: 17K(128K)->17K(128K)
[2026-03-22T19:51:01.485+0900][11.583s][info][gc             ] GC(1039) Pause Young (Allocation Failure) 306M->295M(455M) 4.906ms
[2026-03-22T19:51:01.485+0900][11.583s][info][gc,cpu         ] GC(1039) User=0.00s Sys=0.00s Real=0.00s
[2026-03-22T19:51:01.490+0900][11.589s][info][gc,start       ] GC(1040) Pause Young (Allocation Failure)
[2026-03-22T19:51:01.495+0900][11.593s][info][gc,heap        ] GC(1040) PSYoungGen: 116104K(116736K)->57632K(116736K) Eden: 58504K(58880K)->0K(58880K) From: 57600K(57856K)->57632K(57856K)
[2026-03-22T19:51:01.495+0900][11.594s][info][gc,heap        ] GC(1040) ParOldGen: 245055K(349696K)->292255K(349696K)
[2026-03-22T19:51:01.495+0900][11.594s][info][gc,metaspace   ] GC(1040) Metaspace: 341K(512K)->341K(512K) NonClass: 323K(384K)->323K(384K) Class: 17K(128K)->17K(128K)
[2026-03-22T19:51:01.495+0900][11.594s][info][gc             ] GC(1040) Pause Young (Allocation Failure) 352M->341M(455M) 4.585ms
[2026-03-22T19:51:01.495+0900][11.594s][info][gc,cpu         ] GC(1040) User=0.11s Sys=0.00s Real=0.00s
[2026-03-22T19:51:01.502+0900][11.601s][info][gc,start       ] GC(1041) Pause Full (Ergonomics)
[2026-03-22T19:51:01.503+0900][11.601s][info][gc,phases,start] GC(1041) Marking Phase
[2026-03-22T19:51:01.504+0900][11.603s][info][gc,phases      ] GC(1041) Marking Phase 1.730ms
[2026-03-22T19:51:01.504+0900][11.603s][info][gc,phases,start] GC(1041) Summary Phase
[2026-03-22T19:51:01.505+0900][11.603s][info][gc,phases      ] GC(1041) Summary Phase 0.153ms
[2026-03-22T19:51:01.505+0900][11.603s][info][gc,phases,start] GC(1041) Adjust Roots
[2026-03-22T19:51:01.505+0900][11.603s][info][gc,phases      ] GC(1041) Adjust Roots 0.495ms
[2026-03-22T19:51:01.505+0900][11.603s][info][gc,phases,start] GC(1041) Compaction Phase
[2026-03-22T19:51:01.510+0900][11.608s][info][gc,phases      ] GC(1041) Compaction Phase 5.003ms
[2026-03-22T19:51:01.510+0900][11.608s][info][gc,phases,start] GC(1041) Post Compact
[2026-03-22T19:51:01.512+0900][11.610s][info][gc,phases      ] GC(1041) Post Compact 1.422ms
[2026-03-22T19:51:01.512+0900][11.610s][info][gc,heap        ] GC(1041) PSYoungGen: 116136K(116736K)->0K(116736K) Eden: 58504K(58880K)->0K(58880K) From: 57632K(57856K)->0K(57856K)
[2026-03-22T19:51:01.512+0900][11.610s][info][gc,heap        ] GC(1041) ParOldGen: 292255K(349696K)->103430K(349696K)
[2026-03-22T19:51:01.512+0900][11.610s][info][gc,metaspace   ] GC(1041) Metaspace: 341K(512K)->341K(512K) NonClass: 323K(384K)->323K(384K) Class: 17K(128K)->17K(128K)
[2026-03-22T19:51:01.512+0900][11.610s][info][gc             ] GC(1041) Pause Full (Ergonomics) 398M->101M(455M) 9.165ms
[2026-03-22T19:51:01.512+0900][11.610s][info][gc,cpu         ] GC(1041) User=0.08s Sys=0.02s Real=0.01s
[2026-03-22T19:51:01.518+0900][11.617s][info][gc,start       ] GC(1042) Pause Young (Allocation Failure)
[2026-03-22T19:51:01.521+0900][11.620s][info][gc,heap        ] GC(1042) PSYoungGen: 58504K(116736K)->57600K(116736K) Eden: 58504K(58880K)->0K(58880K) From: 0K(57856K)->57600K(57856K)
[2026-03-22T19:51:01.521+0900][11.620s][info][gc,heap        ] GC(1042) ParOldGen: 103430K(349696K)->103430K(349696K)
[2026-03-22T19:51:01.521+0900][11.620s][info][gc,metaspace   ] GC(1042) Metaspace: 341K(512K)->341K(512K) NonClass: 323K(384K)->323K(384K) Class: 17K(128K)->17K(128K)
[2026-03-22T19:51:01.521+0900][11.620s][info][gc             ] GC(1042) Pause Young (Allocation Failure) 158M->157M(455M) 3.104ms
[2026-03-22T19:51:01.521+0900][11.620s][info][gc,cpu         ] GC(1042) User=0.00s Sys=0.00s Real=0.00s
[2026-03-22T19:51:01.529+0900][11.627s][info][gc,start       ] GC(1043) Pause Young (Allocation Failure)
[2026-03-22T19:51:01.532+0900][11.631s][info][gc,heap        ] GC(1043) PSYoungGen: 116104K(116736K)->57632K(116736K) Eden: 58504K(58880K)->0K(58880K) From: 57600K(57856K)->57632K(57856K)
[2026-03-22T19:51:01.532+0900][11.632s][info][gc,heap        ] GC(1043) ParOldGen: 103430K(349696K)->150638K(349696K)
[2026-03-22T19:51:01.532+0900][11.632s][info][gc,metaspace   ] GC(1043) Metaspace: 341K(512K)->341K(512K) NonClass: 323K(384K)->323K(384K) Class: 17K(128K)->17K(128K)
[2026-03-22T19:51:01.532+0900][11.632s][info][gc             ] GC(1043) Pause Young (Allocation Failure) 214M->203M(455M) 4.495ms
[2026-03-22T19:51:01.532+0900][11.632s][info][gc,cpu         ] GC(1043) User=0.00s Sys=0.00s Real=0.00s
[2026-03-22T19:51:01.539+0900][11.638s][info][gc,start       ] GC(1044) Pause Young (Allocation Failure)
[2026-03-22T19:51:01.544+0900][11.642s][info][gc,heap        ] GC(1044) PSYoungGen: 116136K(116736K)->57632K(116736K) Eden: 58504K(58880K)->0K(58880K) From: 57632K(57856K)->57632K(57856K)
[2026-03-22T19:51:01.544+0900][11.642s][info][gc,heap        ] GC(1044) ParOldGen: 150638K(349696K)->197847K(349696K)
[2026-03-22T19:51:01.544+0900][11.642s][info][gc,metaspace   ] GC(1044) Metaspace: 341K(512K)->341K(512K) NonClass: 323K(384K)->323K(384K) Class: 17K(128K)->17K(128K)
[2026-03-22T19:51:01.544+0900][11.642s][info][gc             ] GC(1044) Pause Young (Allocation Failure) 260M->249M(455M) 4.700ms
[2026-03-22T19:51:01.544+0900][11.642s][info][gc,cpu         ] GC(1044) User=0.12s Sys=0.00s Real=0.00s
[2026-03-22T19:51:01.550+0900][11.649s][info][gc,start       ] GC(1045) Pause Young (Allocation Failure)
[2026-03-22T19:51:01.554+0900][11.653s][info][gc,heap        ] GC(1045) PSYoungGen: 116136K(116736K)->57632K(116736K) Eden: 58504K(58880K)->0K(58880K) From: 57632K(57856K)->57632K(57856K)
[2026-03-22T19:51:01.554+0900][11.653s][info][gc,heap        ] GC(1045) ParOldGen: 197847K(349696K)->245063K(349696K)
[2026-03-22T19:51:01.554+0900][11.653s][info][gc,metaspace   ] GC(1045) Metaspace: 341K(512K)->341K(512K) NonClass: 323K(384K)->323K(384K) Class: 17K(128K)->17K(128K)
[2026-03-22T19:51:01.554+0900][11.653s][info][gc             ] GC(1045) Pause Young (Allocation Failure) 306M->295M(455M) 4.246ms
[2026-03-22T19:51:01.554+0900][11.653s][info][gc,cpu         ] GC(1045) User=0.00s Sys=0.00s Real=0.00s
[2026-03-22T19:51:01.561+0900][11.660s][info][gc,start       ] GC(1046) Pause Young (Allocation Failure)
[2026-03-22T19:51:01.565+0900][11.664s][info][gc,heap        ] GC(1046) PSYoungGen: 116136K(116736K)->57632K(116736K) Eden: 58504K(58880K)->0K(58880K) From: 57632K(57856K)->57632K(57856K)
[2026-03-22T19:51:01.565+0900][11.664s][info][gc,heap        ] GC(1046) ParOldGen: 245063K(349696K)->292271K(349696K)
[2026-03-22T19:51:01.565+0900][11.664s][info][gc,metaspace   ] GC(1046) Metaspace: 341K(512K)->341K(512K) NonClass: 323K(384K)->323K(384K) Class: 17K(128K)->17K(128K)
[2026-03-22T19:51:01.565+0900][11.664s][info][gc             ] GC(1046) Pause Young (Allocation Failure) 352M->341M(455M) 4.278ms
[2026-03-22T19:51:01.565+0900][11.664s][info][gc,cpu         ] GC(1046) User=0.00s Sys=0.00s Real=0.00s
[2026-03-22T19:51:01.571+0900][11.670s][info][gc,start       ] GC(1047) Pause Full (Ergonomics)
[2026-03-22T19:51:01.571+0900][11.670s][info][gc,phases,start] GC(1047) Marking Phase
[2026-03-22T19:51:01.573+0900][11.672s][info][gc,phases      ] GC(1047) Marking Phase 1.386ms
[2026-03-22T19:51:01.573+0900][11.672s][info][gc,phases,start] GC(1047) Summary Phase
[2026-03-22T19:51:01.573+0900][11.672s][info][gc,phases      ] GC(1047) Summary Phase 0.021ms
[2026-03-22T19:51:01.573+0900][11.672s][info][gc,phases,start] GC(1047) Adjust Roots
[2026-03-22T19:51:01.573+0900][11.672s][info][gc,phases      ] GC(1047) Adjust Roots 0.332ms
[2026-03-22T19:51:01.573+0900][11.672s][info][gc,phases,start] GC(1047) Compaction Phase
[2026-03-22T19:51:01.579+0900][11.677s][info][gc,phases      ] GC(1047) Compaction Phase 4.989ms
[2026-03-22T19:51:01.579+0900][11.677s][info][gc,phases,start] GC(1047) Post Compact
[2026-03-22T19:51:01.580+0900][11.679s][info][gc,phases      ] GC(1047) Post Compact 1.547ms
[2026-03-22T19:51:01.581+0900][11.679s][info][gc,heap        ] GC(1047) PSYoungGen: 116136K(116736K)->0K(116736K) Eden: 58504K(58880K)->0K(58880K) From: 57632K(57856K)->0K(57856K)
[2026-03-22T19:51:01.581+0900][11.679s][info][gc,heap        ] GC(1047) ParOldGen: 292271K(349696K)->103430K(349696K)
[2026-03-22T19:51:01.581+0900][11.679s][info][gc,metaspace   ] GC(1047) Metaspace: 341K(512K)->341K(512K) NonClass: 323K(384K)->323K(384K) Class: 17K(128K)->17K(128K)
[2026-03-22T19:51:01.581+0900][11.679s][info][gc             ] GC(1047) Pause Full (Ergonomics) 398M->101M(455M) 8.742ms
[2026-03-22T19:51:01.581+0900][11.679s][info][gc,cpu         ] GC(1047) User=0.00s Sys=0.02s Real=0.01s
[2026-03-22T19:51:01.587+0900][11.686s][info][gc,start       ] GC(1048) Pause Young (Allocation Failure)
[2026-03-22T19:51:01.590+0900][11.688s][info][gc,heap        ] GC(1048) PSYoungGen: 58504K(116736K)->57632K(116736K) Eden: 58504K(58880K)->0K(58880K) From: 0K(57856K)->57632K(57856K)
[2026-03-22T19:51:01.590+0900][11.688s][info][gc,heap        ] GC(1048) ParOldGen: 103430K(349696K)->103430K(349696K)
[2026-03-22T19:51:01.590+0900][11.688s][info][gc,metaspace   ] GC(1048) Metaspace: 341K(512K)->341K(512K) NonClass: 323K(384K)->323K(384K) Class: 17K(128K)->17K(128K)
[2026-03-22T19:51:01.590+0900][11.688s][info][gc             ] GC(1048) Pause Young (Allocation Failure) 158M->157M(455M) 2.706ms
[2026-03-22T19:51:01.590+0900][11.688s][info][gc,cpu         ] GC(1048) User=0.12s Sys=0.00s Real=0.00s
[2026-03-22T19:51:01.596+0900][11.695s][info][gc,start       ] GC(1049) Pause Young (Allocation Failure)
[2026-03-22T19:51:01.601+0900][11.699s][info][gc,heap        ] GC(1049) PSYoungGen: 116136K(116736K)->57632K(116736K) Eden: 58504K(58880K)->0K(58880K) From: 57632K(57856K)->57632K(57856K)
[2026-03-22T19:51:01.601+0900][11.699s][info][gc,heap        ] GC(1049) ParOldGen: 103430K(349696K)->150638K(349696K)
[2026-03-22T19:51:01.601+0900][11.699s][info][gc,metaspace   ] GC(1049) Metaspace: 341K(512K)->341K(512K) NonClass: 323K(384K)->323K(384K) Class: 17K(128K)->17K(128K)
[2026-03-22T19:51:01.601+0900][11.699s][info][gc             ] GC(1049) Pause Young (Allocation Failure) 214M->203M(455M) 4.400ms
[2026-03-22T19:51:01.601+0900][11.699s][info][gc,cpu         ] GC(1049) User=0.00s Sys=0.00s Real=0.01s
[2026-03-22T19:51:01.607+0900][11.705s][info][gc,start       ] GC(1050) Pause Young (Allocation Failure)
[2026-03-22T19:51:01.612+0900][11.710s][info][gc,heap        ] GC(1050) PSYoungGen: 116136K(116736K)->57600K(116736K) Eden: 58504K(58880K)->0K(58880K) From: 57632K(57856K)->57600K(57856K)
[2026-03-22T19:51:01.612+0900][11.710s][info][gc,heap        ] GC(1050) ParOldGen: 150638K(349696K)->197839K(349696K)
[2026-03-22T19:51:01.612+0900][11.710s][info][gc,metaspace   ] GC(1050) Metaspace: 341K(512K)->341K(512K) NonClass: 323K(384K)->323K(384K) Class: 17K(128K)->17K(128K)
[2026-03-22T19:51:01.612+0900][11.710s][info][gc             ] GC(1050) Pause Young (Allocation Failure) 260M->249M(455M) 5.025ms
[2026-03-22T19:51:01.612+0900][11.710s][info][gc,cpu         ] GC(1050) User=0.00s Sys=0.00s Real=0.00s
[2026-03-22T19:51:01.619+0900][11.717s][info][gc,start       ] GC(1051) Pause Young (Allocation Failure)
[2026-03-22T19:51:01.624+0900][11.722s][info][gc,heap        ] GC(1051) PSYoungGen: 116104K(116736K)->57632K(116736K) Eden: 58504K(58880K)->0K(58880K) From: 57600K(57856K)->57632K(57856K)
[2026-03-22T19:51:01.624+0900][11.722s][info][gc,heap        ] GC(1051) ParOldGen: 197839K(349696K)->245055K(349696K)
[2026-03-22T19:51:01.624+0900][11.722s][info][gc,metaspace   ] GC(1051) Metaspace: 341K(512K)->341K(512K) NonClass: 323K(384K)->323K(384K) Class: 17K(128K)->17K(128K)
[2026-03-22T19:51:01.624+0900][11.722s][info][gc             ] GC(1051) Pause Young (Allocation Failure) 306M->295M(455M) 5.046ms
[2026-03-22T19:51:01.624+0900][11.722s][info][gc,cpu         ] GC(1051) User=0.06s Sys=0.00s Real=0.01s
[2026-03-22T19:51:01.630+0900][11.729s][info][gc,start       ] GC(1052) Pause Young (Allocation Failure)
[2026-03-22T19:51:01.635+0900][11.733s][info][gc,heap        ] GC(1052) PSYoungGen: 116136K(116736K)->57632K(116736K) Eden: 58504K(58880K)->0K(58880K) From: 57632K(57856K)->57632K(57856K)
[2026-03-22T19:51:01.635+0900][11.734s][info][gc,heap        ] GC(1052) ParOldGen: 245055K(349696K)->292263K(349696K)
[2026-03-22T19:51:01.635+0900][11.734s][info][gc,metaspace   ] GC(1052) Metaspace: 341K(512K)->341K(512K) NonClass: 323K(384K)->323K(384K) Class: 17K(128K)->17K(128K)
[2026-03-22T19:51:01.635+0900][11.734s][info][gc             ] GC(1052) Pause Young (Allocation Failure) 352M->341M(455M) 4.620ms
[2026-03-22T19:51:01.635+0900][11.734s][info][gc,cpu         ] GC(1052) User=0.09s Sys=0.00s Real=0.00s
[2026-03-22T19:51:01.641+0900][11.740s][info][gc,start       ] GC(1053) Pause Full (Ergonomics)
[2026-03-22T19:51:01.641+0900][11.740s][info][gc,phases,start] GC(1053) Marking Phase
[2026-03-22T19:51:01.642+0900][11.741s][info][gc,phases      ] GC(1053) Marking Phase 1.278ms
[2026-03-22T19:51:01.642+0900][11.741s][info][gc,phases,start] GC(1053) Summary Phase
[2026-03-22T19:51:01.642+0900][11.741s][info][gc,phases      ] GC(1053) Summary Phase 0.020ms
[2026-03-22T19:51:01.642+0900][11.741s][info][gc,phases,start] GC(1053) Adjust Roots
[2026-03-22T19:51:01.643+0900][11.741s][info][gc,phases      ] GC(1053) Adjust Roots 0.239ms
[2026-03-22T19:51:01.643+0900][11.741s][info][gc,phases,start] GC(1053) Compaction Phase
[2026-03-22T19:51:01.648+0900][11.747s][info][gc,phases      ] GC(1053) Compaction Phase 5.316ms
[2026-03-22T19:51:01.648+0900][11.747s][info][gc,phases,start] GC(1053) Post Compact
[2026-03-22T19:51:01.649+0900][11.748s][info][gc,phases      ] GC(1053) Post Compact 1.373ms
[2026-03-22T19:51:01.649+0900][11.748s][info][gc,heap        ] GC(1053) PSYoungGen: 116136K(116736K)->0K(116736K) Eden: 58504K(58880K)->0K(58880K) From: 57632K(57856K)->0K(57856K)
[2026-03-22T19:51:01.649+0900][11.748s][info][gc,heap        ] GC(1053) ParOldGen: 292263K(349696K)->103430K(349696K)
[2026-03-22T19:51:01.649+0900][11.748s][info][gc,metaspace   ] GC(1053) Metaspace: 341K(512K)->341K(512K) NonClass: 323K(384K)->323K(384K) Class: 17K(128K)->17K(128K)
[2026-03-22T19:51:01.649+0900][11.748s][info][gc             ] GC(1053) Pause Full (Ergonomics) 398M->101M(455M) 8.625ms
[2026-03-22T19:51:01.649+0900][11.748s][info][gc,cpu         ] GC(1053) User=0.00s Sys=0.00s Real=0.01s
[2026-03-22T19:51:01.656+0900][11.755s][info][gc,start       ] GC(1054) Pause Young (Allocation Failure)
[2026-03-22T19:51:01.659+0900][11.758s][info][gc,heap        ] GC(1054) PSYoungGen: 58504K(116736K)->57632K(116736K) Eden: 58504K(58880K)->0K(58880K) From: 0K(57856K)->57632K(57856K)
[2026-03-22T19:51:01.659+0900][11.758s][info][gc,heap        ] GC(1054) ParOldGen: 103430K(349696K)->103430K(349696K)
[2026-03-22T19:51:01.659+0900][11.758s][info][gc,metaspace   ] GC(1054) Metaspace: 341K(512K)->341K(512K) NonClass: 323K(384K)->323K(384K) Class: 17K(128K)->17K(128K)
[2026-03-22T19:51:01.659+0900][11.758s][info][gc             ] GC(1054) Pause Young (Allocation Failure) 158M->157M(455M) 2.915ms
[2026-03-22T19:51:01.659+0900][11.758s][info][gc,cpu         ] GC(1054) User=0.00s Sys=0.00s Real=0.00s
[2026-03-22T19:51:01.665+0900][11.764s][info][gc,start       ] GC(1055) Pause Young (Allocation Failure)
[2026-03-22T19:51:01.669+0900][11.768s][info][gc,heap        ] GC(1055) PSYoungGen: 116136K(116736K)->57632K(116736K) Eden: 58504K(58880K)->0K(58880K) From: 57632K(57856K)->57632K(57856K)
[2026-03-22T19:51:01.669+0900][11.768s][info][gc,heap        ] GC(1055) ParOldGen: 103430K(349696K)->150638K(349696K)
[2026-03-22T19:51:01.669+0900][11.768s][info][gc,metaspace   ] GC(1055) Metaspace: 341K(512K)->341K(512K) NonClass: 323K(384K)->323K(384K) Class: 17K(128K)->17K(128K)
[2026-03-22T19:51:01.669+0900][11.768s][info][gc             ] GC(1055) Pause Young (Allocation Failure) 214M->203M(455M) 4.125ms
[2026-03-22T19:51:01.669+0900][11.768s][info][gc,cpu         ] GC(1055) User=0.03s Sys=0.00s Real=0.00s
[2026-03-22T19:51:01.675+0900][11.774s][info][gc,start       ] GC(1056) Pause Young (Allocation Failure)
[2026-03-22T19:51:01.679+0900][11.778s][info][gc,heap        ] GC(1056) PSYoungGen: 116136K(116736K)->57632K(116736K) Eden: 58504K(58880K)->0K(58880K) From: 57632K(57856K)->57632K(57856K)
[2026-03-22T19:51:01.679+0900][11.778s][info][gc,heap        ] GC(1056) ParOldGen: 150638K(349696K)->197847K(349696K)
[2026-03-22T19:51:01.679+0900][11.778s][info][gc,metaspace   ] GC(1056) Metaspace: 341K(512K)->341K(512K) NonClass: 323K(384K)->323K(384K) Class: 17K(128K)->17K(128K)
[2026-03-22T19:51:01.680+0900][11.778s][info][gc             ] GC(1056) Pause Young (Allocation Failure) 260M->249M(455M) 4.206ms
[2026-03-22T19:51:01.680+0900][11.778s][info][gc,cpu         ] GC(1056) User=0.00s Sys=0.00s Real=0.01s
[2026-03-22T19:51:01.686+0900][11.785s][info][gc,start       ] GC(1057) Pause Young (Allocation Failure)
[2026-03-22T19:51:01.690+0900][11.789s][info][gc,heap        ] GC(1057) PSYoungGen: 116136K(116736K)->57632K(116736K) Eden: 58504K(58880K)->0K(58880K) From: 57632K(57856K)->57632K(57856K)
[2026-03-22T19:51:01.690+0900][11.789s][info][gc,heap        ] GC(1057) ParOldGen: 197847K(349696K)->245063K(349696K)
[2026-03-22T19:51:01.690+0900][11.789s][info][gc,metaspace   ] GC(1057) Metaspace: 341K(512K)->341K(512K) NonClass: 323K(384K)->323K(384K) Class: 17K(128K)->17K(128K)
[2026-03-22T19:51:01.690+0900][11.789s][info][gc             ] GC(1057) Pause Young (Allocation Failure) 306M->295M(455M) 4.234ms
[2026-03-22T19:51:01.690+0900][11.789s][info][gc,cpu         ] GC(1057) User=0.00s Sys=0.00s Real=0.00s
[2026-03-22T19:51:01.697+0900][11.796s][info][gc,start       ] GC(1058) Pause Young (Allocation Failure)
[2026-03-22T19:51:01.701+0900][11.800s][info][gc,heap        ] GC(1058) PSYoungGen: 116136K(116736K)->57632K(116736K) Eden: 58504K(58880K)->0K(58880K) From: 57632K(57856K)->57632K(57856K)
[2026-03-22T19:51:01.701+0900][11.800s][info][gc,heap        ] GC(1058) ParOldGen: 245063K(349696K)->292271K(349696K)
[2026-03-22T19:51:01.701+0900][11.800s][info][gc,metaspace   ] GC(1058) Metaspace: 341K(512K)->341K(512K) NonClass: 323K(384K)->323K(384K) Class: 17K(128K)->17K(128K)
[2026-03-22T19:51:01.701+0900][11.800s][info][gc             ] GC(1058) Pause Young (Allocation Failure) 352M->341M(455M) 4.380ms
[2026-03-22T19:51:01.701+0900][11.800s][info][gc,cpu         ] GC(1058) User=0.00s Sys=0.00s Real=0.00s
[2026-03-22T19:51:01.707+0900][11.806s][info][gc,start       ] GC(1059) Pause Full (Ergonomics)
[2026-03-22T19:51:01.707+0900][11.806s][info][gc,phases,start] GC(1059) Marking Phase
[2026-03-22T19:51:01.709+0900][11.808s][info][gc,phases      ] GC(1059) Marking Phase 1.510ms
[2026-03-22T19:51:01.709+0900][11.808s][info][gc,phases,start] GC(1059) Summary Phase
[2026-03-22T19:51:01.709+0900][11.808s][info][gc,phases      ] GC(1059) Summary Phase 0.023ms
[2026-03-22T19:51:01.709+0900][11.808s][info][gc,phases,start] GC(1059) Adjust Roots
[2026-03-22T19:51:01.709+0900][11.808s][info][gc,phases      ] GC(1059) Adjust Roots 0.245ms
[2026-03-22T19:51:01.709+0900][11.808s][info][gc,phases,start] GC(1059) Compaction Phase
[2026-03-22T19:51:01.714+0900][11.813s][info][gc,phases      ] GC(1059) Compaction Phase 5.046ms
[2026-03-22T19:51:01.714+0900][11.813s][info][gc,phases,start] GC(1059) Post Compact
[2026-03-22T19:51:01.716+0900][11.815s][info][gc,phases      ] GC(1059) Post Compact 1.531ms
[2026-03-22T19:51:01.716+0900][11.815s][info][gc,heap        ] GC(1059) PSYoungGen: 116136K(116736K)->0K(116736K) Eden: 58504K(58880K)->0K(58880K) From: 57632K(57856K)->0K(57856K)
[2026-03-22T19:51:01.716+0900][11.815s][info][gc,heap        ] GC(1059) ParOldGen: 292271K(349696K)->103430K(349696K)
[2026-03-22T19:51:01.716+0900][11.815s][info][gc,metaspace   ] GC(1059) Metaspace: 341K(512K)->341K(512K) NonClass: 323K(384K)->323K(384K) Class: 17K(128K)->17K(128K)
[2026-03-22T19:51:01.716+0900][11.815s][info][gc             ] GC(1059) Pause Full (Ergonomics) 398M->101M(455M) 8.714ms
[2026-03-22T19:51:01.716+0900][11.815s][info][gc,cpu         ] GC(1059) User=0.11s Sys=0.00s Real=0.01s
[2026-03-22T19:51:01.723+0900][11.821s][info][gc,start       ] GC(1060) Pause Young (Allocation Failure)
[2026-03-22T19:51:01.726+0900][11.824s][info][gc,heap        ] GC(1060) PSYoungGen: 58504K(116736K)->57632K(116736K) Eden: 58504K(58880K)->0K(58880K) From: 0K(57856K)->57632K(57856K)
[2026-03-22T19:51:01.726+0900][11.824s][info][gc,heap        ] GC(1060) ParOldGen: 103430K(349696K)->103430K(349696K)
[2026-03-22T19:51:01.726+0900][11.824s][info][gc,metaspace   ] GC(1060) Metaspace: 341K(512K)->341K(512K) NonClass: 323K(384K)->323K(384K) Class: 17K(128K)->17K(128K)
[2026-03-22T19:51:01.726+0900][11.824s][info][gc             ] GC(1060) Pause Young (Allocation Failure) 158M->157M(455M) 2.749ms
[2026-03-22T19:51:01.726+0900][11.824s][info][gc,cpu         ] GC(1060) User=0.00s Sys=0.00s Real=0.00s
[2026-03-22T19:51:01.731+0900][11.830s][info][gc,start       ] GC(1061) Pause Young (Allocation Failure)
[2026-03-22T19:51:01.735+0900][11.834s][info][gc,heap        ] GC(1061) PSYoungGen: 116136K(116736K)->57632K(116736K) Eden: 58504K(58880K)->0K(58880K) From: 57632K(57856K)->57632K(57856K)
[2026-03-22T19:51:01.735+0900][11.834s][info][gc,heap        ] GC(1061) ParOldGen: 103430K(349696K)->150638K(349696K)
[2026-03-22T19:51:01.735+0900][11.834s][info][gc,metaspace   ] GC(1061) Metaspace: 341K(512K)->341K(512K) NonClass: 323K(384K)->323K(384K) Class: 17K(128K)->17K(128K)
[2026-03-22T19:51:01.735+0900][11.834s][info][gc             ] GC(1061) Pause Young (Allocation Failure) 214M->203M(455M) 4.034ms
[2026-03-22T19:51:01.735+0900][11.834s][info][gc,cpu         ] GC(1061) User=0.00s Sys=0.00s Real=0.00s
[2026-03-22T19:51:01.741+0900][11.840s][info][gc,start       ] GC(1062) Pause Young (Allocation Failure)
[2026-03-22T19:51:01.745+0900][11.844s][info][gc,heap        ] GC(1062) PSYoungGen: 116136K(116736K)->57632K(116736K) Eden: 58504K(58880K)->0K(58880K) From: 57632K(57856K)->57632K(57856K)
[2026-03-22T19:51:01.745+0900][11.845s][info][gc,heap        ] GC(1062) ParOldGen: 150638K(349696K)->197847K(349696K)
[2026-03-22T19:51:01.745+0900][11.845s][info][gc,metaspace   ] GC(1062) Metaspace: 341K(512K)->341K(512K) NonClass: 323K(384K)->323K(384K) Class: 17K(128K)->17K(128K)
[2026-03-22T19:51:01.745+0900][11.845s][info][gc             ] GC(1062) Pause Young (Allocation Failure) 260M->249M(455M) 4.467ms
[2026-03-22T19:51:01.746+0900][11.845s][info][gc,cpu         ] GC(1062) User=0.11s Sys=0.00s Real=0.01s
[2026-03-22T19:51:01.751+0900][11.851s][info][gc,start       ] GC(1063) Pause Young (Allocation Failure)
[2026-03-22T19:51:01.756+0900][11.855s][info][gc,heap        ] GC(1063) PSYoungGen: 116136K(116736K)->57632K(116736K) Eden: 58504K(58880K)->0K(58880K) From: 57632K(57856K)->57632K(57856K)
[2026-03-22T19:51:01.756+0900][11.855s][info][gc,heap        ] GC(1063) ParOldGen: 197847K(349696K)->245063K(349696K)
[2026-03-22T19:51:01.756+0900][11.855s][info][gc,metaspace   ] GC(1063) Metaspace: 341K(512K)->341K(512K) NonClass: 323K(384K)->323K(384K) Class: 17K(128K)->17K(128K)
[2026-03-22T19:51:01.756+0900][11.855s][info][gc             ] GC(1063) Pause Young (Allocation Failure) 306M->295M(455M) 4.467ms
[2026-03-22T19:51:01.756+0900][11.855s][info][gc,cpu         ] GC(1063) User=0.00s Sys=0.00s Real=0.01s
[2026-03-22T19:51:01.762+0900][11.861s][info][gc,start       ] GC(1064) Pause Young (Allocation Failure)
[2026-03-22T19:51:01.766+0900][11.865s][info][gc,heap        ] GC(1064) PSYoungGen: 116136K(116736K)->57600K(116736K) Eden: 58504K(58880K)->0K(58880K) From: 57632K(57856K)->57600K(57856K)
[2026-03-22T19:51:01.766+0900][11.865s][info][gc,heap        ] GC(1064) ParOldGen: 245063K(349696K)->292271K(349696K)
[2026-03-22T19:51:01.766+0900][11.865s][info][gc,metaspace   ] GC(1064) Metaspace: 341K(512K)->341K(512K) NonClass: 323K(384K)->323K(384K) Class: 17K(128K)->17K(128K)
[2026-03-22T19:51:01.766+0900][11.865s][info][gc             ] GC(1064) Pause Young (Allocation Failure) 352M->341M(455M) 4.342ms
[2026-03-22T19:51:01.766+0900][11.865s][info][gc,cpu         ] GC(1064) User=0.00s Sys=0.00s Real=0.00s
[2026-03-22T19:51:01.771+0900][11.871s][info][gc,start       ] GC(1065) Pause Full (Ergonomics)
[2026-03-22T19:51:01.771+0900][11.871s][info][gc,phases,start] GC(1065) Marking Phase
[2026-03-22T19:51:01.773+0900][11.872s][info][gc,phases      ] GC(1065) Marking Phase 1.461ms
[2026-03-22T19:51:01.773+0900][11.872s][info][gc,phases,start] GC(1065) Summary Phase
[2026-03-22T19:51:01.773+0900][11.872s][info][gc,phases      ] GC(1065) Summary Phase 0.023ms
[2026-03-22T19:51:01.773+0900][11.872s][info][gc,phases,start] GC(1065) Adjust Roots
[2026-03-22T19:51:01.773+0900][11.872s][info][gc,phases      ] GC(1065) Adjust Roots 0.252ms
[2026-03-22T19:51:01.773+0900][11.872s][info][gc,phases,start] GC(1065) Compaction Phase
[2026-03-22T19:51:01.778+0900][11.877s][info][gc,phases      ] GC(1065) Compaction Phase 5.043ms
[2026-03-22T19:51:01.778+0900][11.878s][info][gc,phases,start] GC(1065) Post Compact
[2026-03-22T19:51:01.781+0900][11.880s][info][gc,phases      ] GC(1065) Post Compact 2.067ms
[2026-03-22T19:51:01.781+0900][11.880s][info][gc,heap        ] GC(1065) PSYoungGen: 116104K(116736K)->0K(116736K) Eden: 58504K(58880K)->0K(58880K) From: 57600K(57856K)->0K(57856K)
[2026-03-22T19:51:01.781+0900][11.880s][info][gc,heap        ] GC(1065) ParOldGen: 292271K(349696K)->103430K(349696K)
[2026-03-22T19:51:01.781+0900][11.880s][info][gc,metaspace   ] GC(1065) Metaspace: 341K(512K)->341K(512K) NonClass: 323K(384K)->323K(384K) Class: 17K(128K)->17K(128K)
[2026-03-22T19:51:01.781+0900][11.880s][info][gc             ] GC(1065) Pause Full (Ergonomics) 398M->101M(455M) 9.250ms
[2026-03-22T19:51:01.781+0900][11.880s][info][gc,cpu         ] GC(1065) User=0.12s Sys=0.00s Real=0.01s
[2026-03-22T19:51:01.788+0900][11.886s][info][gc,start       ] GC(1066) Pause Young (Allocation Failure)
[2026-03-22T19:51:01.790+0900][11.889s][info][gc,heap        ] GC(1066) PSYoungGen: 58504K(116736K)->57632K(116736K) Eden: 58504K(58880K)->0K(58880K) From: 0K(57856K)->57632K(57856K)
[2026-03-22T19:51:01.791+0900][11.889s][info][gc,heap        ] GC(1066) ParOldGen: 103430K(349696K)->103430K(349696K)
[2026-03-22T19:51:01.791+0900][11.889s][info][gc,metaspace   ] GC(1066) Metaspace: 341K(512K)->341K(512K) NonClass: 323K(384K)->323K(384K) Class: 17K(128K)->17K(128K)
[2026-03-22T19:51:01.791+0900][11.889s][info][gc             ] GC(1066) Pause Young (Allocation Failure) 158M->157M(455M) 2.731ms
[2026-03-22T19:51:01.791+0900][11.889s][info][gc,cpu         ] GC(1066) User=0.00s Sys=0.00s Real=0.00s
[2026-03-22T19:51:01.797+0900][11.896s][info][gc,start       ] GC(1067) Pause Young (Allocation Failure)
[2026-03-22T19:51:01.801+0900][11.900s][info][gc,heap        ] GC(1067) PSYoungGen: 116136K(116736K)->57632K(116736K) Eden: 58504K(58880K)->0K(58880K) From: 57632K(57856K)->57632K(57856K)
[2026-03-22T19:51:01.802+0900][11.900s][info][gc,heap        ] GC(1067) ParOldGen: 103430K(349696K)->150638K(349696K)
[2026-03-22T19:51:01.802+0900][11.900s][info][gc,metaspace   ] GC(1067) Metaspace: 341K(512K)->341K(512K) NonClass: 323K(384K)->323K(384K) Class: 17K(128K)->17K(128K)
[2026-03-22T19:51:01.802+0900][11.900s][info][gc             ] GC(1067) Pause Young (Allocation Failure) 214M->203M(455M) 4.110ms
[2026-03-22T19:51:01.802+0900][11.900s][info][gc,cpu         ] GC(1067) User=0.00s Sys=0.00s Real=0.01s
[2026-03-22T19:51:01.807+0900][11.906s][info][gc,start       ] GC(1068) Pause Young (Allocation Failure)
[2026-03-22T19:51:01.812+0900][11.910s][info][gc,heap        ] GC(1068) PSYoungGen: 116136K(116736K)->57632K(116736K) Eden: 58504K(58880K)->0K(58880K) From: 57632K(57856K)->57632K(57856K)
[2026-03-22T19:51:01.812+0900][11.910s][info][gc,heap        ] GC(1068) ParOldGen: 150638K(349696K)->197847K(349696K)
[2026-03-22T19:51:01.812+0900][11.910s][info][gc,metaspace   ] GC(1068) Metaspace: 341K(512K)->341K(512K) NonClass: 323K(384K)->323K(384K) Class: 17K(128K)->17K(128K)
[2026-03-22T19:51:01.812+0900][11.910s][info][gc             ] GC(1068) Pause Young (Allocation Failure) 260M->249M(455M) 4.488ms
[2026-03-22T19:51:01.812+0900][11.910s][info][gc,cpu         ] GC(1068) User=0.00s Sys=0.00s Real=0.01s
[2026-03-22T19:51:01.819+0900][11.918s][info][gc,start       ] GC(1069) Pause Young (Allocation Failure)
[2026-03-22T19:51:01.823+0900][11.922s][info][gc,heap        ] GC(1069) PSYoungGen: 116136K(116736K)->57632K(116736K) Eden: 58504K(58880K)->0K(58880K) From: 57632K(57856K)->57632K(57856K)
[2026-03-22T19:51:01.823+0900][11.922s][info][gc,heap        ] GC(1069) ParOldGen: 197847K(349696K)->245063K(349696K)
[2026-03-22T19:51:01.823+0900][11.922s][info][gc,metaspace   ] GC(1069) Metaspace: 341K(512K)->341K(512K) NonClass: 323K(384K)->323K(384K) Class: 17K(128K)->17K(128K)
[2026-03-22T19:51:01.824+0900][11.922s][info][gc             ] GC(1069) Pause Young (Allocation Failure) 306M->295M(455M) 4.518ms
[2026-03-22T19:51:01.824+0900][11.922s][info][gc,cpu         ] GC(1069) User=0.11s Sys=0.02s Real=0.00s
[2026-03-22T19:51:01.830+0900][11.928s][info][gc,start       ] GC(1070) Pause Young (Allocation Failure)
[2026-03-22T19:51:01.834+0900][11.932s][info][gc,heap        ] GC(1070) PSYoungGen: 116136K(116736K)->57632K(116736K) Eden: 58504K(58880K)->0K(58880K) From: 57632K(57856K)->57632K(57856K)
[2026-03-22T19:51:01.834+0900][11.932s][info][gc,heap        ] GC(1070) ParOldGen: 245063K(349696K)->292263K(349696K)
[2026-03-22T19:51:01.834+0900][11.932s][info][gc,metaspace   ] GC(1070) Metaspace: 341K(512K)->341K(512K) NonClass: 323K(384K)->323K(384K) Class: 17K(128K)->17K(128K)
[2026-03-22T19:51:01.834+0900][11.933s][info][gc             ] GC(1070) Pause Young (Allocation Failure) 352M->341M(455M) 4.318ms
[2026-03-22T19:51:01.834+0900][11.933s][info][gc,cpu         ] GC(1070) User=0.00s Sys=0.00s Real=0.00s
[2026-03-22T19:51:01.840+0900][11.939s][info][gc,start       ] GC(1071) Pause Full (Ergonomics)
[2026-03-22T19:51:01.840+0900][11.939s][info][gc,phases,start] GC(1071) Marking Phase
[2026-03-22T19:51:01.842+0900][11.940s][info][gc,phases      ] GC(1071) Marking Phase 1.442ms
[2026-03-22T19:51:01.842+0900][11.940s][info][gc,phases,start] GC(1071) Summary Phase
[2026-03-22T19:51:01.842+0900][11.940s][info][gc,phases      ] GC(1071) Summary Phase 0.021ms
[2026-03-22T19:51:01.842+0900][11.940s][info][gc,phases,start] GC(1071) Adjust Roots
[2026-03-22T19:51:01.842+0900][11.941s][info][gc,phases      ] GC(1071) Adjust Roots 0.246ms
[2026-03-22T19:51:01.842+0900][11.941s][info][gc,phases,start] GC(1071) Compaction Phase
[2026-03-22T19:51:01.847+0900][11.946s][info][gc,phases      ] GC(1071) Compaction Phase 4.949ms
[2026-03-22T19:51:01.847+0900][11.946s][info][gc,phases,start] GC(1071) Post Compact
[2026-03-22T19:51:01.848+0900][11.947s][info][gc,phases      ] GC(1071) Post Compact 1.357ms
[2026-03-22T19:51:01.848+0900][11.947s][info][gc,heap        ] GC(1071) PSYoungGen: 116136K(116736K)->0K(116736K) Eden: 58504K(58880K)->0K(58880K) From: 57632K(57856K)->0K(57856K)
[2026-03-22T19:51:01.848+0900][11.947s][info][gc,heap        ] GC(1071) ParOldGen: 292263K(349696K)->103430K(349696K)
[2026-03-22T19:51:01.848+0900][11.947s][info][gc,metaspace   ] GC(1071) Metaspace: 341K(512K)->341K(512K) NonClass: 323K(384K)->323K(384K) Class: 17K(128K)->17K(128K)
[2026-03-22T19:51:01.848+0900][11.947s][info][gc             ] GC(1071) Pause Full (Ergonomics) 398M->101M(455M) 8.299ms
[2026-03-22T19:51:01.848+0900][11.947s][info][gc,cpu         ] GC(1071) User=0.00s Sys=0.00s Real=0.01s
[2026-03-22T19:51:01.855+0900][11.954s][info][gc,start       ] GC(1072) Pause Young (Allocation Failure)
[2026-03-22T19:51:01.858+0900][11.957s][info][gc,heap        ] GC(1072) PSYoungGen: 58504K(116736K)->57600K(116736K) Eden: 58504K(58880K)->0K(58880K) From: 0K(57856K)->57600K(57856K)
[2026-03-22T19:51:01.858+0900][11.957s][info][gc,heap        ] GC(1072) ParOldGen: 103430K(349696K)->103430K(349696K)
[2026-03-22T19:51:01.858+0900][11.957s][info][gc,metaspace   ] GC(1072) Metaspace: 341K(512K)->341K(512K) NonClass: 323K(384K)->323K(384K) Class: 17K(128K)->17K(128K)
[2026-03-22T19:51:01.858+0900][11.957s][info][gc             ] GC(1072) Pause Young (Allocation Failure) 158M->157M(455M) 2.757ms
[2026-03-22T19:51:01.858+0900][11.957s][info][gc,cpu         ] GC(1072) User=0.00s Sys=0.00s Real=0.00s
[2026-03-22T19:51:01.864+0900][11.963s][info][gc,start       ] GC(1073) Pause Young (Allocation Failure)
[2026-03-22T19:51:01.868+0900][11.967s][info][gc,heap        ] GC(1073) PSYoungGen: 116104K(116736K)->57632K(116736K) Eden: 58504K(58880K)->0K(58880K) From: 57600K(57856K)->57632K(57856K)
[2026-03-22T19:51:01.868+0900][11.967s][info][gc,heap        ] GC(1073) ParOldGen: 103430K(349696K)->150638K(349696K)
[2026-03-22T19:51:01.868+0900][11.967s][info][gc,metaspace   ] GC(1073) Metaspace: 341K(512K)->341K(512K) NonClass: 323K(384K)->323K(384K) Class: 17K(128K)->17K(128K)
[2026-03-22T19:51:01.868+0900][11.967s][info][gc             ] GC(1073) Pause Young (Allocation Failure) 214M->203M(455M) 4.238ms
[2026-03-22T19:51:01.868+0900][11.967s][info][gc,cpu         ] GC(1073) User=0.00s Sys=0.00s Real=0.00s
[2026-03-22T19:51:01.875+0900][11.973s][info][gc,start       ] GC(1074) Pause Young (Allocation Failure)
[2026-03-22T19:51:01.879+0900][11.978s][info][gc,heap        ] GC(1074) PSYoungGen: 116136K(116736K)->57632K(116736K) Eden: 58504K(58880K)->0K(58880K) From: 57632K(57856K)->57632K(57856K)
[2026-03-22T19:51:01.879+0900][11.978s][info][gc,heap        ] GC(1074) ParOldGen: 150638K(349696K)->197847K(349696K)
[2026-03-22T19:51:01.879+0900][11.978s][info][gc,metaspace   ] GC(1074) Metaspace: 341K(512K)->341K(512K) NonClass: 323K(384K)->323K(384K) Class: 17K(128K)->17K(128K)
[2026-03-22T19:51:01.879+0900][11.978s][info][gc             ] GC(1074) Pause Young (Allocation Failure) 260M->249M(455M) 4.706ms
[2026-03-22T19:51:01.879+0900][11.978s][info][gc,cpu         ] GC(1074) User=0.00s Sys=0.00s Real=0.00s
[2026-03-22T19:51:01.886+0900][11.985s][info][gc,start       ] GC(1075) Pause Young (Allocation Failure)
[2026-03-22T19:51:01.891+0900][11.990s][info][gc,heap        ] GC(1075) PSYoungGen: 116136K(116736K)->57632K(116736K) Eden: 58504K(58880K)->0K(58880K) From: 57632K(57856K)->57632K(57856K)
[2026-03-22T19:51:01.891+0900][11.990s][info][gc,heap        ] GC(1075) ParOldGen: 197847K(349696K)->245063K(349696K)
[2026-03-22T19:51:01.891+0900][11.990s][info][gc,metaspace   ] GC(1075) Metaspace: 341K(512K)->341K(512K) NonClass: 323K(384K)->323K(384K) Class: 17K(128K)->17K(128K)
[2026-03-22T19:51:01.891+0900][11.990s][info][gc             ] GC(1075) Pause Young (Allocation Failure) 306M->295M(455M) 4.607ms
[2026-03-22T19:51:01.891+0900][11.990s][info][gc,cpu         ] GC(1075) User=0.00s Sys=0.00s Real=0.01s
[2026-03-22T19:51:01.898+0900][11.997s][info][gc,start       ] GC(1076) Pause Young (Allocation Failure)
[2026-03-22T19:51:01.902+0900][12.001s][info][gc,heap        ] GC(1076) PSYoungGen: 116136K(116736K)->57632K(116736K) Eden: 58504K(58880K)->0K(58880K) From: 57632K(57856K)->57632K(57856K)
[2026-03-22T19:51:01.902+0900][12.001s][info][gc,heap        ] GC(1076) ParOldGen: 245063K(349696K)->292271K(349696K)
[2026-03-22T19:51:01.902+0900][12.001s][info][gc,metaspace   ] GC(1076) Metaspace: 341K(512K)->341K(512K) NonClass: 323K(384K)->323K(384K) Class: 17K(128K)->17K(128K)
[2026-03-22T19:51:01.902+0900][12.001s][info][gc             ] GC(1076) Pause Young (Allocation Failure) 352M->341M(455M) 4.296ms
[2026-03-22T19:51:01.902+0900][12.001s][info][gc,cpu         ] GC(1076) User=0.12s Sys=0.00s Real=0.00s
[2026-03-22T19:51:01.908+0900][12.007s][info][gc,start       ] GC(1077) Pause Full (Ergonomics)
[2026-03-22T19:51:01.908+0900][12.007s][info][gc,phases,start] GC(1077) Marking Phase
[2026-03-22T19:51:01.910+0900][12.009s][info][gc,phases      ] GC(1077) Marking Phase 1.636ms
[2026-03-22T19:51:01.910+0900][12.009s][info][gc,phases,start] GC(1077) Summary Phase
[2026-03-22T19:51:01.910+0900][12.009s][info][gc,phases      ] GC(1077) Summary Phase 0.016ms
[2026-03-22T19:51:01.910+0900][12.009s][info][gc,phases,start] GC(1077) Adjust Roots
[2026-03-22T19:51:01.910+0900][12.009s][info][gc,phases      ] GC(1077) Adjust Roots 0.196ms
[2026-03-22T19:51:01.910+0900][12.009s][info][gc,phases,start] GC(1077) Compaction Phase
[2026-03-22T19:51:01.915+0900][12.014s][info][gc,phases      ] GC(1077) Compaction Phase 5.285ms
[2026-03-22T19:51:01.915+0900][12.014s][info][gc,phases,start] GC(1077) Post Compact
[2026-03-22T19:51:01.917+0900][12.016s][info][gc,phases      ] GC(1077) Post Compact 1.346ms
[2026-03-22T19:51:01.917+0900][12.016s][info][gc,heap        ] GC(1077) PSYoungGen: 116136K(116736K)->0K(116736K) Eden: 58504K(58880K)->0K(58880K) From: 57632K(57856K)->0K(57856K)
[2026-03-22T19:51:01.917+0900][12.016s][info][gc,heap        ] GC(1077) ParOldGen: 292271K(349696K)->103430K(349696K)
[2026-03-22T19:51:01.917+0900][12.016s][info][gc,metaspace   ] GC(1077) Metaspace: 341K(512K)->341K(512K) NonClass: 323K(384K)->323K(384K) Class: 17K(128K)->17K(128K)
[2026-03-22T19:51:01.917+0900][12.016s][info][gc             ] GC(1077) Pause Full (Ergonomics) 398M->101M(455M) 8.750ms
[2026-03-22T19:51:01.917+0900][12.016s][info][gc,cpu         ] GC(1077) User=0.05s Sys=0.00s Real=0.01s
[2026-03-22T19:51:01.923+0900][12.022s][info][gc,start       ] GC(1078) Pause Young (Allocation Failure)
[2026-03-22T19:51:01.926+0900][12.024s][info][gc,heap        ] GC(1078) PSYoungGen: 58504K(116736K)->57632K(116736K) Eden: 58504K(58880K)->0K(58880K) From: 0K(57856K)->57632K(57856K)
[2026-03-22T19:51:01.926+0900][12.024s][info][gc,heap        ] GC(1078) ParOldGen: 103430K(349696K)->103430K(349696K)
[2026-03-22T19:51:01.926+0900][12.024s][info][gc,metaspace   ] GC(1078) Metaspace: 341K(512K)->341K(512K) NonClass: 323K(384K)->323K(384K) Class: 17K(128K)->17K(128K)
[2026-03-22T19:51:01.926+0900][12.025s][info][gc             ] GC(1078) Pause Young (Allocation Failure) 158M->157M(455M) 2.745ms
[2026-03-22T19:51:01.926+0900][12.025s][info][gc,cpu         ] GC(1078) User=0.00s Sys=0.00s Real=0.00s
[2026-03-22T19:51:01.931+0900][12.030s][info][gc,start       ] GC(1079) Pause Young (Allocation Failure)
[2026-03-22T19:51:01.936+0900][12.035s][info][gc,heap        ] GC(1079) PSYoungGen: 116136K(116736K)->57632K(116736K) Eden: 58504K(58880K)->0K(58880K) From: 57632K(57856K)->57632K(57856K)
[2026-03-22T19:51:01.936+0900][12.035s][info][gc,heap        ] GC(1079) ParOldGen: 103430K(349696K)->150638K(349696K)
[2026-03-22T19:51:01.936+0900][12.035s][info][gc,metaspace   ] GC(1079) Metaspace: 341K(512K)->341K(512K) NonClass: 323K(384K)->323K(384K) Class: 17K(128K)->17K(128K)
[2026-03-22T19:51:01.936+0900][12.035s][info][gc             ] GC(1079) Pause Young (Allocation Failure) 214M->203M(455M) 4.824ms
[2026-03-22T19:51:01.936+0900][12.035s][info][gc,cpu         ] GC(1079) User=0.00s Sys=0.00s Real=0.01s
[2026-03-22T19:51:01.942+0900][12.040s][info][gc,start       ] GC(1080) Pause Young (Allocation Failure)
[2026-03-22T19:51:01.946+0900][12.044s][info][gc,heap        ] GC(1080) PSYoungGen: 116136K(116736K)->57632K(116736K) Eden: 58504K(58880K)->0K(58880K) From: 57632K(57856K)->57632K(57856K)
[2026-03-22T19:51:01.946+0900][12.045s][info][gc,heap        ] GC(1080) ParOldGen: 150638K(349696K)->197847K(349696K)
[2026-03-22T19:51:01.946+0900][12.045s][info][gc,metaspace   ] GC(1080) Metaspace: 341K(512K)->341K(512K) NonClass: 323K(384K)->323K(384K) Class: 17K(128K)->17K(128K)
[2026-03-22T19:51:01.946+0900][12.045s][info][gc             ] GC(1080) Pause Young (Allocation Failure) 260M->249M(455M) 4.251ms
[2026-03-22T19:51:01.946+0900][12.045s][info][gc,cpu         ] GC(1080) User=0.00s Sys=0.00s Real=0.00s
[2026-03-22T19:51:01.952+0900][12.051s][info][gc,start       ] GC(1081) Pause Young (Allocation Failure)
[2026-03-22T19:51:01.957+0900][12.055s][info][gc,heap        ] GC(1081) PSYoungGen: 116136K(116736K)->57632K(116736K) Eden: 58504K(58880K)->0K(58880K) From: 57632K(57856K)->57632K(57856K)
[2026-03-22T19:51:01.957+0900][12.055s][info][gc,heap        ] GC(1081) ParOldGen: 197847K(349696K)->245063K(349696K)
[2026-03-22T19:51:01.957+0900][12.055s][info][gc,metaspace   ] GC(1081) Metaspace: 341K(512K)->341K(512K) NonClass: 323K(384K)->323K(384K) Class: 17K(128K)->17K(128K)
[2026-03-22T19:51:01.957+0900][12.055s][info][gc             ] GC(1081) Pause Young (Allocation Failure) 306M->295M(455M) 4.374ms
[2026-03-22T19:51:01.957+0900][12.055s][info][gc,cpu         ] GC(1081) User=0.00s Sys=0.00s Real=0.01s
[2026-03-22T19:51:01.963+0900][12.061s][info][gc,start       ] GC(1082) Pause Young (Allocation Failure)
[2026-03-22T19:51:01.967+0900][12.065s][info][gc,heap        ] GC(1082) PSYoungGen: 116136K(116736K)->57632K(116736K) Eden: 58504K(58880K)->0K(58880K) From: 57632K(57856K)->57632K(57856K)
[2026-03-22T19:51:01.967+0900][12.065s][info][gc,heap        ] GC(1082) ParOldGen: 245063K(349696K)->292271K(349696K)
[2026-03-22T19:51:01.967+0900][12.065s][info][gc,metaspace   ] GC(1082) Metaspace: 341K(512K)->341K(512K) NonClass: 323K(384K)->323K(384K) Class: 17K(128K)->17K(128K)
[2026-03-22T19:51:01.967+0900][12.065s][info][gc             ] GC(1082) Pause Young (Allocation Failure) 352M->341M(455M) 4.204ms
[2026-03-22T19:51:01.967+0900][12.065s][info][gc,cpu         ] GC(1082) User=0.12s Sys=0.00s Real=0.00s
[2026-03-22T19:51:01.972+0900][12.070s][info][gc,start       ] GC(1083) Pause Full (Ergonomics)
[2026-03-22T19:51:01.972+0900][12.070s][info][gc,phases,start] GC(1083) Marking Phase
[2026-03-22T19:51:01.973+0900][12.072s][info][gc,phases      ] GC(1083) Marking Phase 1.523ms
[2026-03-22T19:51:01.973+0900][12.072s][info][gc,phases,start] GC(1083) Summary Phase
[2026-03-22T19:51:01.973+0900][12.072s][info][gc,phases      ] GC(1083) Summary Phase 0.034ms
[2026-03-22T19:51:01.973+0900][12.072s][info][gc,phases,start] GC(1083) Adjust Roots
[2026-03-22T19:51:01.973+0900][12.072s][info][gc,phases      ] GC(1083) Adjust Roots 0.235ms
[2026-03-22T19:51:01.973+0900][12.072s][info][gc,phases,start] GC(1083) Compaction Phase
[2026-03-22T19:51:01.978+0900][12.077s][info][gc,phases      ] GC(1083) Compaction Phase 4.706ms
[2026-03-22T19:51:01.978+0900][12.077s][info][gc,phases,start] GC(1083) Post Compact
[2026-03-22T19:51:01.980+0900][12.079s][info][gc,phases      ] GC(1083) Post Compact 1.505ms
[2026-03-22T19:51:01.980+0900][12.079s][info][gc,heap        ] GC(1083) PSYoungGen: 116136K(116736K)->0K(116736K) Eden: 58504K(58880K)->0K(58880K) From: 57632K(57856K)->0K(57856K)
[2026-03-22T19:51:01.980+0900][12.079s][info][gc,heap        ] GC(1083) ParOldGen: 292271K(349696K)->103430K(349696K)
[2026-03-22T19:51:01.980+0900][12.079s][info][gc,metaspace   ] GC(1083) Metaspace: 341K(512K)->341K(512K) NonClass: 323K(384K)->323K(384K) Class: 17K(128K)->17K(128K)
[2026-03-22T19:51:01.980+0900][12.079s][info][gc             ] GC(1083) Pause Full (Ergonomics) 398M->101M(455M) 8.428ms
[2026-03-22T19:51:01.980+0900][12.079s][info][gc,cpu         ] GC(1083) User=0.11s Sys=0.02s Real=0.01s
[2026-03-22T19:51:01.987+0900][12.086s][info][gc,start       ] GC(1084) Pause Young (Allocation Failure)
[2026-03-22T19:51:01.989+0900][12.088s][info][gc,heap        ] GC(1084) PSYoungGen: 58504K(116736K)->57632K(116736K) Eden: 58504K(58880K)->0K(58880K) From: 0K(57856K)->57632K(57856K)
[2026-03-22T19:51:01.989+0900][12.088s][info][gc,heap        ] GC(1084) ParOldGen: 103430K(349696K)->103430K(349696K)
[2026-03-22T19:51:01.989+0900][12.088s][info][gc,metaspace   ] GC(1084) Metaspace: 341K(512K)->341K(512K) NonClass: 323K(384K)->323K(384K) Class: 17K(128K)->17K(128K)
[2026-03-22T19:51:01.989+0900][12.088s][info][gc             ] GC(1084) Pause Young (Allocation Failure) 158M->157M(455M) 2.649ms
[2026-03-22T19:51:01.990+0900][12.089s][info][gc,cpu         ] GC(1084) User=0.00s Sys=0.00s Real=0.00s
[2026-03-22T19:51:01.995+0900][12.094s][info][gc,start       ] GC(1085) Pause Young (Allocation Failure)
[2026-03-22T19:51:02.000+0900][12.099s][info][gc,heap        ] GC(1085) PSYoungGen: 116136K(116736K)->57632K(116736K) Eden: 58504K(58880K)->0K(58880K) From: 57632K(57856K)->57632K(57856K)
[2026-03-22T19:51:02.000+0900][12.099s][info][gc,heap        ] GC(1085) ParOldGen: 103430K(349696K)->150638K(349696K)
[2026-03-22T19:51:02.000+0900][12.099s][info][gc,metaspace   ] GC(1085) Metaspace: 341K(512K)->341K(512K) NonClass: 323K(384K)->323K(384K) Class: 17K(128K)->17K(128K)
[2026-03-22T19:51:02.000+0900][12.099s][info][gc             ] GC(1085) Pause Young (Allocation Failure) 214M->203M(455M) 4.478ms
[2026-03-22T19:51:02.000+0900][12.099s][info][gc,cpu         ] GC(1085) User=0.00s Sys=0.00s Real=0.01s
[2026-03-22T19:51:02.007+0900][12.106s][info][gc,start       ] GC(1086) Pause Young (Allocation Failure)
[2026-03-22T19:51:02.012+0900][12.110s][info][gc,heap        ] GC(1086) PSYoungGen: 116136K(116736K)->57632K(116736K) Eden: 58504K(58880K)->0K(58880K) From: 57632K(57856K)->57632K(57856K)
[2026-03-22T19:51:02.012+0900][12.111s][info][gc,heap        ] GC(1086) ParOldGen: 150638K(349696K)->197847K(349696K)
[2026-03-22T19:51:02.012+0900][12.111s][info][gc,metaspace   ] GC(1086) Metaspace: 341K(512K)->341K(512K) NonClass: 323K(384K)->323K(384K) Class: 17K(128K)->17K(128K)
[2026-03-22T19:51:02.012+0900][12.111s][info][gc             ] GC(1086) Pause Young (Allocation Failure) 260M->249M(455M) 4.582ms
[2026-03-22T19:51:02.012+0900][12.111s][info][gc,cpu         ] GC(1086) User=0.12s Sys=0.00s Real=0.01s
[2026-03-22T19:51:02.018+0900][12.117s][info][gc,start       ] GC(1087) Pause Young (Allocation Failure)
[2026-03-22T19:51:02.022+0900][12.121s][info][gc,heap        ] GC(1087) PSYoungGen: 116136K(116736K)->57632K(116736K) Eden: 58504K(58880K)->0K(58880K) From: 57632K(57856K)->57632K(57856K)
[2026-03-22T19:51:02.022+0900][12.121s][info][gc,heap        ] GC(1087) ParOldGen: 197847K(349696K)->245063K(349696K)
[2026-03-22T19:51:02.022+0900][12.121s][info][gc,metaspace   ] GC(1087) Metaspace: 341K(512K)->341K(512K) NonClass: 323K(384K)->323K(384K) Class: 17K(128K)->17K(128K)
[2026-03-22T19:51:02.023+0900][12.121s][info][gc             ] GC(1087) Pause Young (Allocation Failure) 306M->295M(455M) 4.326ms
[2026-03-22T19:51:02.023+0900][12.121s][info][gc,cpu         ] GC(1087) User=0.00s Sys=0.00s Real=0.01s
[2026-03-22T19:51:02.029+0900][12.127s][info][gc,start       ] GC(1088) Pause Young (Allocation Failure)
[2026-03-22T19:51:02.040+0900][12.139s][info][gc,heap        ] GC(1088) PSYoungGen: 116136K(116736K)->57632K(116736K) Eden: 58504K(58880K)->0K(58880K) From: 57632K(57856K)->57632K(57856K)
[2026-03-22T19:51:02.040+0900][12.140s][info][gc,heap        ] GC(1088) ParOldGen: 245063K(349696K)->292271K(349696K)
[2026-03-22T19:51:02.040+0900][12.140s][info][gc,metaspace   ] GC(1088) Metaspace: 341K(512K)->341K(512K) NonClass: 323K(384K)->323K(384K) Class: 17K(128K)->17K(128K)
[2026-03-22T19:51:02.040+0900][12.140s][info][gc             ] GC(1088) Pause Young (Allocation Failure) 352M->341M(455M) 12.582ms
[2026-03-22T19:51:02.040+0900][12.140s][info][gc,cpu         ] GC(1088) User=0.02s Sys=0.00s Real=0.01s
[2026-03-22T19:51:02.048+0900][12.147s][info][gc,start       ] GC(1089) Pause Full (Ergonomics)
[2026-03-22T19:51:02.048+0900][12.147s][info][gc,phases,start] GC(1089) Marking Phase
[2026-03-22T19:51:02.050+0900][12.149s][info][gc,phases      ] GC(1089) Marking Phase 1.859ms
[2026-03-22T19:51:02.050+0900][12.149s][info][gc,phases,start] GC(1089) Summary Phase
[2026-03-22T19:51:02.050+0900][12.149s][info][gc,phases      ] GC(1089) Summary Phase 0.025ms
[2026-03-22T19:51:02.050+0900][12.149s][info][gc,phases,start] GC(1089) Adjust Roots
[2026-03-22T19:51:02.050+0900][12.150s][info][gc,phases      ] GC(1089) Adjust Roots 0.279ms
[2026-03-22T19:51:02.050+0900][12.150s][info][gc,phases,start] GC(1089) Compaction Phase
[2026-03-22T19:51:02.056+0900][12.155s][info][gc,phases      ] GC(1089) Compaction Phase 5.223ms
[2026-03-22T19:51:02.056+0900][12.155s][info][gc,phases,start] GC(1089) Post Compact
[2026-03-22T19:51:02.057+0900][12.157s][info][gc,phases      ] GC(1089) Post Compact 1.766ms
[2026-03-22T19:51:02.058+0900][12.157s][info][gc,heap        ] GC(1089) PSYoungGen: 116136K(116736K)->0K(116736K) Eden: 58504K(58880K)->0K(58880K) From: 57632K(57856K)->0K(57856K)
[2026-03-22T19:51:02.058+0900][12.157s][info][gc,heap        ] GC(1089) ParOldGen: 292271K(349696K)->103430K(349696K)
[2026-03-22T19:51:02.058+0900][12.157s][info][gc,metaspace   ] GC(1089) Metaspace: 341K(512K)->341K(512K) NonClass: 323K(384K)->323K(384K) Class: 17K(128K)->17K(128K)
[2026-03-22T19:51:02.058+0900][12.157s][info][gc             ] GC(1089) Pause Full (Ergonomics) 398M->101M(455M) 9.588ms
[2026-03-22T19:51:02.058+0900][12.157s][info][gc,cpu         ] GC(1089) User=0.00s Sys=0.02s Real=0.01s
[2026-03-22T19:51:02.064+0900][12.163s][info][gc,start       ] GC(1090) Pause Young (Allocation Failure)
[2026-03-22T19:51:02.067+0900][12.166s][info][gc,heap        ] GC(1090) PSYoungGen: 58504K(116736K)->57632K(116736K) Eden: 58504K(58880K)->0K(58880K) From: 0K(57856K)->57632K(57856K)
[2026-03-22T19:51:02.067+0900][12.166s][info][gc,heap        ] GC(1090) ParOldGen: 103430K(349696K)->103430K(349696K)
[2026-03-22T19:51:02.067+0900][12.166s][info][gc,metaspace   ] GC(1090) Metaspace: 341K(512K)->341K(512K) NonClass: 323K(384K)->323K(384K) Class: 17K(128K)->17K(128K)
[2026-03-22T19:51:02.067+0900][12.166s][info][gc             ] GC(1090) Pause Young (Allocation Failure) 158M->157M(455M) 2.757ms
[2026-03-22T19:51:02.067+0900][12.166s][info][gc,cpu         ] GC(1090) User=0.00s Sys=0.00s Real=0.00s
[2026-03-22T19:51:02.072+0900][12.171s][info][gc,start       ] GC(1091) Pause Young (Allocation Failure)
[2026-03-22T19:51:02.076+0900][12.175s][info][gc,heap        ] GC(1091) PSYoungGen: 116136K(116736K)->57632K(116736K) Eden: 58504K(58880K)->0K(58880K) From: 57632K(57856K)->57632K(57856K)
[2026-03-22T19:51:02.076+0900][12.175s][info][gc,heap        ] GC(1091) ParOldGen: 103430K(349696K)->150638K(349696K)
[2026-03-22T19:51:02.076+0900][12.175s][info][gc,metaspace   ] GC(1091) Metaspace: 341K(512K)->341K(512K) NonClass: 323K(384K)->323K(384K) Class: 17K(128K)->17K(128K)
[2026-03-22T19:51:02.076+0900][12.175s][info][gc             ] GC(1091) Pause Young (Allocation Failure) 214M->203M(455M) 4.136ms
[2026-03-22T19:51:02.076+0900][12.175s][info][gc,cpu         ] GC(1091) User=0.00s Sys=0.00s Real=0.00s
[2026-03-22T19:51:02.083+0900][12.183s][info][gc,start       ] GC(1092) Pause Young (Allocation Failure)
[2026-03-22T19:51:02.088+0900][12.187s][info][gc,heap        ] GC(1092) PSYoungGen: 116136K(116736K)->57600K(116736K) Eden: 58504K(58880K)->0K(58880K) From: 57632K(57856K)->57600K(57856K)
[2026-03-22T19:51:02.088+0900][12.188s][info][gc,heap        ] GC(1092) ParOldGen: 150638K(349696K)->197839K(349696K)
[2026-03-22T19:51:02.088+0900][12.188s][info][gc,metaspace   ] GC(1092) Metaspace: 341K(512K)->341K(512K) NonClass: 323K(384K)->323K(384K) Class: 17K(128K)->17K(128K)
[2026-03-22T19:51:02.088+0900][12.188s][info][gc             ] GC(1092) Pause Young (Allocation Failure) 260M->249M(455M) 4.866ms
[2026-03-22T19:51:02.088+0900][12.188s][info][gc,cpu         ] GC(1092) User=0.09s Sys=0.02s Real=0.01s
[2026-03-22T19:51:02.096+0900][12.194s][info][gc,start       ] GC(1093) Pause Young (Allocation Failure)
[2026-03-22T19:51:02.100+0900][12.198s][info][gc,heap        ] GC(1093) PSYoungGen: 116104K(116736K)->57632K(116736K) Eden: 58504K(58880K)->0K(58880K) From: 57600K(57856K)->57632K(57856K)
[2026-03-22T19:51:02.100+0900][12.198s][info][gc,heap        ] GC(1093) ParOldGen: 197839K(349696K)->245055K(349696K)
[2026-03-22T19:51:02.100+0900][12.198s][info][gc,metaspace   ] GC(1093) Metaspace: 341K(512K)->341K(512K) NonClass: 323K(384K)->323K(384K) Class: 17K(128K)->17K(128K)
[2026-03-22T19:51:02.100+0900][12.199s][info][gc             ] GC(1093) Pause Young (Allocation Failure) 306M->295M(455M) 4.367ms
[2026-03-22T19:51:02.100+0900][12.199s][info][gc,cpu         ] GC(1093) User=0.00s Sys=0.00s Real=0.00s
[2026-03-22T19:51:02.106+0900][12.204s][info][gc,start       ] GC(1094) Pause Young (Allocation Failure)
[2026-03-22T19:51:02.110+0900][12.209s][info][gc,heap        ] GC(1094) PSYoungGen: 116136K(116736K)->57632K(116736K) Eden: 58504K(58880K)->0K(58880K) From: 57632K(57856K)->57632K(57856K)
[2026-03-22T19:51:02.110+0900][12.209s][info][gc,heap        ] GC(1094) ParOldGen: 245055K(349696K)->292263K(349696K)
[2026-03-22T19:51:02.110+0900][12.209s][info][gc,metaspace   ] GC(1094) Metaspace: 341K(512K)->341K(512K) NonClass: 323K(384K)->323K(384K) Class: 17K(128K)->17K(128K)
[2026-03-22T19:51:02.110+0900][12.209s][info][gc             ] GC(1094) Pause Young (Allocation Failure) 352M->341M(455M) 4.471ms
[2026-03-22T19:51:02.110+0900][12.209s][info][gc,cpu         ] GC(1094) User=0.00s Sys=0.00s Real=0.00s
[2026-03-22T19:51:02.116+0900][12.215s][info][gc,start       ] GC(1095) Pause Full (Ergonomics)
[2026-03-22T19:51:02.116+0900][12.215s][info][gc,phases,start] GC(1095) Marking Phase
[2026-03-22T19:51:02.118+0900][12.217s][info][gc,phases      ] GC(1095) Marking Phase 1.743ms
[2026-03-22T19:51:02.118+0900][12.217s][info][gc,phases,start] GC(1095) Summary Phase
[2026-03-22T19:51:02.118+0900][12.217s][info][gc,phases      ] GC(1095) Summary Phase 0.034ms
[2026-03-22T19:51:02.118+0900][12.217s][info][gc,phases,start] GC(1095) Adjust Roots
[2026-03-22T19:51:02.118+0900][12.217s][info][gc,phases      ] GC(1095) Adjust Roots 0.259ms
[2026-03-22T19:51:02.118+0900][12.217s][info][gc,phases,start] GC(1095) Compaction Phase
[2026-03-22T19:51:02.123+0900][12.222s][info][gc,phases      ] GC(1095) Compaction Phase 5.032ms
[2026-03-22T19:51:02.123+0900][12.222s][info][gc,phases,start] GC(1095) Post Compact
[2026-03-22T19:51:02.125+0900][12.224s][info][gc,phases      ] GC(1095) Post Compact 2.188ms
[2026-03-22T19:51:02.125+0900][12.224s][info][gc,heap        ] GC(1095) PSYoungGen: 116136K(116736K)->0K(116736K) Eden: 58504K(58880K)->0K(58880K) From: 57632K(57856K)->0K(57856K)
[2026-03-22T19:51:02.125+0900][12.224s][info][gc,heap        ] GC(1095) ParOldGen: 292263K(349696K)->103430K(349696K)
[2026-03-22T19:51:02.125+0900][12.224s][info][gc,metaspace   ] GC(1095) Metaspace: 341K(512K)->341K(512K) NonClass: 323K(384K)->323K(384K) Class: 17K(128K)->17K(128K)
[2026-03-22T19:51:02.125+0900][12.224s][info][gc             ] GC(1095) Pause Full (Ergonomics) 398M->101M(455M) 9.671ms
[2026-03-22T19:51:02.125+0900][12.224s][info][gc,cpu         ] GC(1095) User=0.09s Sys=0.00s Real=0.01s
[2026-03-22T19:51:02.132+0900][12.230s][info][gc,start       ] GC(1096) Pause Young (Allocation Failure)
[2026-03-22T19:51:02.135+0900][12.233s][info][gc,heap        ] GC(1096) PSYoungGen: 58504K(116736K)->57632K(116736K) Eden: 58504K(58880K)->0K(58880K) From: 0K(57856K)->57632K(57856K)
[2026-03-22T19:51:02.135+0900][12.233s][info][gc,heap        ] GC(1096) ParOldGen: 103430K(349696K)->103430K(349696K)
[2026-03-22T19:51:02.135+0900][12.233s][info][gc,metaspace   ] GC(1096) Metaspace: 341K(512K)->341K(512K) NonClass: 323K(384K)->323K(384K) Class: 17K(128K)->17K(128K)
[2026-03-22T19:51:02.135+0900][12.233s][info][gc             ] GC(1096) Pause Young (Allocation Failure) 158M->157M(455M) 2.841ms
[2026-03-22T19:51:02.135+0900][12.233s][info][gc,cpu         ] GC(1096) User=0.00s Sys=0.00s Real=0.00s
[2026-03-22T19:51:02.140+0900][12.239s][info][gc,start       ] GC(1097) Pause Young (Allocation Failure)
[2026-03-22T19:51:02.144+0900][12.243s][info][gc,heap        ] GC(1097) PSYoungGen: 116136K(116736K)->57632K(116736K) Eden: 58504K(58880K)->0K(58880K) From: 57632K(57856K)->57632K(57856K)
[2026-03-22T19:51:02.144+0900][12.243s][info][gc,heap        ] GC(1097) ParOldGen: 103430K(349696K)->150638K(349696K)
[2026-03-22T19:51:02.145+0900][12.243s][info][gc,metaspace   ] GC(1097) Metaspace: 341K(512K)->341K(512K) NonClass: 323K(384K)->323K(384K) Class: 17K(128K)->17K(128K)
[2026-03-22T19:51:02.145+0900][12.243s][info][gc             ] GC(1097) Pause Young (Allocation Failure) 214M->203M(455M) 4.575ms
[2026-03-22T19:51:02.145+0900][12.243s][info][gc,cpu         ] GC(1097) User=0.00s Sys=0.00s Real=0.00s
[2026-03-22T19:51:02.151+0900][12.250s][info][gc,start       ] GC(1098) Pause Young (Allocation Failure)
[2026-03-22T19:51:02.156+0900][12.254s][info][gc,heap        ] GC(1098) PSYoungGen: 116136K(116736K)->57632K(116736K) Eden: 58504K(58880K)->0K(58880K) From: 57632K(57856K)->57632K(57856K)
[2026-03-22T19:51:02.156+0900][12.254s][info][gc,heap        ] GC(1098) ParOldGen: 150638K(349696K)->197847K(349696K)
[2026-03-22T19:51:02.156+0900][12.254s][info][gc,metaspace   ] GC(1098) Metaspace: 341K(512K)->341K(512K) NonClass: 323K(384K)->323K(384K) Class: 17K(128K)->17K(128K)
[2026-03-22T19:51:02.156+0900][12.254s][info][gc             ] GC(1098) Pause Young (Allocation Failure) 260M->249M(455M) 4.240ms
[2026-03-22T19:51:02.156+0900][12.254s][info][gc,cpu         ] GC(1098) User=0.00s Sys=0.00s Real=0.00s
[2026-03-22T19:51:02.162+0900][12.261s][info][gc,start       ] GC(1099) Pause Young (Allocation Failure)
[2026-03-22T19:51:02.166+0900][12.265s][info][gc,heap        ] GC(1099) PSYoungGen: 116136K(116736K)->57632K(116736K) Eden: 58504K(58880K)->0K(58880K) From: 57632K(57856K)->57632K(57856K)
[2026-03-22T19:51:02.166+0900][12.265s][info][gc,heap        ] GC(1099) ParOldGen: 197847K(349696K)->245063K(349696K)
[2026-03-22T19:51:02.166+0900][12.265s][info][gc,metaspace   ] GC(1099) Metaspace: 341K(512K)->341K(512K) NonClass: 323K(384K)->323K(384K) Class: 17K(128K)->17K(128K)
[2026-03-22T19:51:02.166+0900][12.265s][info][gc             ] GC(1099) Pause Young (Allocation Failure) 306M->295M(455M) 4.297ms
[2026-03-22T19:51:02.166+0900][12.265s][info][gc,cpu         ] GC(1099) User=0.12s Sys=0.00s Real=0.00s
[2026-03-22T19:51:02.172+0900][12.270s][info][gc,start       ] GC(1100) Pause Young (Allocation Failure)
[2026-03-22T19:51:02.176+0900][12.275s][info][gc,heap        ] GC(1100) PSYoungGen: 116136K(116736K)->57632K(116736K) Eden: 58504K(58880K)->0K(58880K) From: 57632K(57856K)->57632K(57856K)
[2026-03-22T19:51:02.176+0900][12.275s][info][gc,heap        ] GC(1100) ParOldGen: 245063K(349696K)->292271K(349696K)
[2026-03-22T19:51:02.176+0900][12.275s][info][gc,metaspace   ] GC(1100) Metaspace: 341K(512K)->341K(512K) NonClass: 323K(384K)->323K(384K) Class: 17K(128K)->17K(128K)
[2026-03-22T19:51:02.176+0900][12.275s][info][gc             ] GC(1100) Pause Young (Allocation Failure) 352M->341M(455M) 4.493ms
[2026-03-22T19:51:02.176+0900][12.275s][info][gc,cpu         ] GC(1100) User=0.00s Sys=0.00s Real=0.00s
[2026-03-22T19:51:02.182+0900][12.280s][info][gc,start       ] GC(1101) Pause Full (Ergonomics)
[2026-03-22T19:51:02.182+0900][12.281s][info][gc,phases,start] GC(1101) Marking Phase
[2026-03-22T19:51:02.184+0900][12.282s][info][gc,phases      ] GC(1101) Marking Phase 1.710ms
[2026-03-22T19:51:02.184+0900][12.282s][info][gc,phases,start] GC(1101) Summary Phase
[2026-03-22T19:51:02.184+0900][12.282s][info][gc,phases      ] GC(1101) Summary Phase 0.034ms
[2026-03-22T19:51:02.184+0900][12.282s][info][gc,phases,start] GC(1101) Adjust Roots
[2026-03-22T19:51:02.184+0900][12.283s][info][gc,phases      ] GC(1101) Adjust Roots 0.260ms
[2026-03-22T19:51:02.184+0900][12.283s][info][gc,phases,start] GC(1101) Compaction Phase
[2026-03-22T19:51:02.190+0900][12.288s][info][gc,phases      ] GC(1101) Compaction Phase 5.712ms
[2026-03-22T19:51:02.190+0900][12.288s][info][gc,phases,start] GC(1101) Post Compact
[2026-03-22T19:51:02.191+0900][12.290s][info][gc,phases      ] GC(1101) Post Compact 1.363ms
[2026-03-22T19:51:02.191+0900][12.290s][info][gc,heap        ] GC(1101) PSYoungGen: 116136K(116736K)->0K(116736K) Eden: 58504K(58880K)->0K(58880K) From: 57632K(57856K)->0K(57856K)
[2026-03-22T19:51:02.191+0900][12.290s][info][gc,heap        ] GC(1101) ParOldGen: 292271K(349696K)->103430K(349696K)
[2026-03-22T19:51:02.191+0900][12.290s][info][gc,metaspace   ] GC(1101) Metaspace: 341K(512K)->341K(512K) NonClass: 323K(384K)->323K(384K) Class: 17K(128K)->17K(128K)
[2026-03-22T19:51:02.191+0900][12.290s][info][gc             ] GC(1101) Pause Full (Ergonomics) 398M->101M(455M) 9.399ms
[2026-03-22T19:51:02.191+0900][12.290s][info][gc,cpu         ] GC(1101) User=0.00s Sys=0.00s Real=0.01s
[2026-03-22T19:51:02.197+0900][12.296s][info][gc,start       ] GC(1102) Pause Young (Allocation Failure)
[2026-03-22T19:51:02.200+0900][12.299s][info][gc,heap        ] GC(1102) PSYoungGen: 58504K(116736K)->57632K(116736K) Eden: 58504K(58880K)->0K(58880K) From: 0K(57856K)->57632K(57856K)
[2026-03-22T19:51:02.200+0900][12.299s][info][gc,heap        ] GC(1102) ParOldGen: 103430K(349696K)->103430K(349696K)
[2026-03-22T19:51:02.200+0900][12.299s][info][gc,metaspace   ] GC(1102) Metaspace: 341K(512K)->341K(512K) NonClass: 323K(384K)->323K(384K) Class: 17K(128K)->17K(128K)
[2026-03-22T19:51:02.200+0900][12.299s][info][gc             ] GC(1102) Pause Young (Allocation Failure) 158M->157M(455M) 2.682ms
[2026-03-22T19:51:02.200+0900][12.299s][info][gc,cpu         ] GC(1102) User=0.00s Sys=0.00s Real=0.00s
[2026-03-22T19:51:02.206+0900][12.304s][info][gc,start       ] GC(1103) Pause Young (Allocation Failure)
[2026-03-22T19:51:02.210+0900][12.308s][info][gc,heap        ] GC(1103) PSYoungGen: 116136K(116736K)->57632K(116736K) Eden: 58504K(58880K)->0K(58880K) From: 57632K(57856K)->57632K(57856K)
[2026-03-22T19:51:02.210+0900][12.308s][info][gc,heap        ] GC(1103) ParOldGen: 103430K(349696K)->150638K(349696K)
[2026-03-22T19:51:02.210+0900][12.308s][info][gc,metaspace   ] GC(1103) Metaspace: 341K(512K)->341K(512K) NonClass: 323K(384K)->323K(384K) Class: 17K(128K)->17K(128K)
[2026-03-22T19:51:02.210+0900][12.308s][info][gc             ] GC(1103) Pause Young (Allocation Failure) 214M->203M(455M) 4.233ms
[2026-03-22T19:51:02.210+0900][12.308s][info][gc,cpu         ] GC(1103) User=0.00s Sys=0.00s Real=0.00s
[2026-03-22T19:51:02.215+0900][12.314s][info][gc,start       ] GC(1104) Pause Young (Allocation Failure)
[2026-03-22T19:51:02.220+0900][12.318s][info][gc,heap        ] GC(1104) PSYoungGen: 116136K(116736K)->57632K(116736K) Eden: 58504K(58880K)->0K(58880K) From: 57632K(57856K)->57632K(57856K)
[2026-03-22T19:51:02.220+0900][12.318s][info][gc,heap        ] GC(1104) ParOldGen: 150638K(349696K)->197847K(349696K)
[2026-03-22T19:51:02.220+0900][12.318s][info][gc,metaspace   ] GC(1104) Metaspace: 341K(512K)->341K(512K) NonClass: 323K(384K)->323K(384K) Class: 17K(128K)->17K(128K)
[2026-03-22T19:51:02.220+0900][12.318s][info][gc             ] GC(1104) Pause Young (Allocation Failure) 260M->249M(455M) 4.368ms
[2026-03-22T19:51:02.220+0900][12.318s][info][gc,cpu         ] GC(1104) User=0.00s Sys=0.00s Real=0.01s
[2026-03-22T19:51:02.225+0900][12.324s][info][gc,start       ] GC(1105) Pause Young (Allocation Failure)
[2026-03-22T19:51:02.229+0900][12.328s][info][gc,heap        ] GC(1105) PSYoungGen: 116136K(116736K)->57632K(116736K) Eden: 58504K(58880K)->0K(58880K) From: 57632K(57856K)->57632K(57856K)
[2026-03-22T19:51:02.229+0900][12.328s][info][gc,heap        ] GC(1105) ParOldGen: 197847K(349696K)->245063K(349696K)
[2026-03-22T19:51:02.229+0900][12.328s][info][gc,metaspace   ] GC(1105) Metaspace: 341K(512K)->341K(512K) NonClass: 323K(384K)->323K(384K) Class: 17K(128K)->17K(128K)
[2026-03-22T19:51:02.229+0900][12.328s][info][gc             ] GC(1105) Pause Young (Allocation Failure) 306M->295M(455M) 4.466ms
[2026-03-22T19:51:02.229+0900][12.328s][info][gc,cpu         ] GC(1105) User=0.12s Sys=0.00s Real=0.00s
[2026-03-22T19:51:02.235+0900][12.334s][info][gc,start       ] GC(1106) Pause Young (Allocation Failure)
[2026-03-22T19:51:02.240+0900][12.339s][info][gc,heap        ] GC(1106) PSYoungGen: 116136K(116736K)->57632K(116736K) Eden: 58504K(58880K)->0K(58880K) From: 57632K(57856K)->57632K(57856K)
[2026-03-22T19:51:02.240+0900][12.339s][info][gc,heap        ] GC(1106) ParOldGen: 245063K(349696K)->292271K(349696K)
[2026-03-22T19:51:02.240+0900][12.339s][info][gc,metaspace   ] GC(1106) Metaspace: 341K(512K)->341K(512K) NonClass: 323K(384K)->323K(384K) Class: 17K(128K)->17K(128K)
[2026-03-22T19:51:02.240+0900][12.339s][info][gc             ] GC(1106) Pause Young (Allocation Failure) 352M->341M(455M) 4.658ms
[2026-03-22T19:51:02.240+0900][12.339s][info][gc,cpu         ] GC(1106) User=0.00s Sys=0.00s Real=0.01s
[2026-03-22T19:51:02.245+0900][12.344s][info][gc,start       ] GC(1107) Pause Full (Ergonomics)
[2026-03-22T19:51:02.245+0900][12.344s][info][gc,phases,start] GC(1107) Marking Phase
[2026-03-22T19:51:02.246+0900][12.346s][info][gc,phases      ] GC(1107) Marking Phase 1.353ms
[2026-03-22T19:51:02.246+0900][12.346s][info][gc,phases,start] GC(1107) Summary Phase
[2026-03-22T19:51:02.248+0900][12.346s][info][gc,phases      ] GC(1107) Summary Phase 0.024ms
[2026-03-22T19:51:02.248+0900][12.346s][info][gc,phases,start] GC(1107) Adjust Roots
[2026-03-22T19:51:02.248+0900][12.346s][info][gc,phases      ] GC(1107) Adjust Roots 0.370ms
[2026-03-22T19:51:02.248+0900][12.346s][info][gc,phases,start] GC(1107) Compaction Phase
[2026-03-22T19:51:02.253+0900][12.351s][info][gc,phases      ] GC(1107) Compaction Phase 4.957ms
[2026-03-22T19:51:02.253+0900][12.351s][info][gc,phases,start] GC(1107) Post Compact
[2026-03-22T19:51:02.254+0900][12.352s][info][gc,phases      ] GC(1107) Post Compact 1.280ms
[2026-03-22T19:51:02.254+0900][12.352s][info][gc,heap        ] GC(1107) PSYoungGen: 116136K(116736K)->0K(116736K) Eden: 58504K(58880K)->0K(58880K) From: 57632K(57856K)->0K(57856K)
[2026-03-22T19:51:02.254+0900][12.352s][info][gc,heap        ] GC(1107) ParOldGen: 292271K(349696K)->103430K(349696K)
[2026-03-22T19:51:02.254+0900][12.353s][info][gc,metaspace   ] GC(1107) Metaspace: 341K(512K)->341K(512K) NonClass: 323K(384K)->323K(384K) Class: 17K(128K)->17K(128K)
[2026-03-22T19:51:02.254+0900][12.353s][info][gc             ] GC(1107) Pause Full (Ergonomics) 398M->101M(455M) 8.330ms
[2026-03-22T19:51:02.254+0900][12.353s][info][gc,cpu         ] GC(1107) User=0.00s Sys=0.00s Real=0.01s
[2026-03-22T19:51:02.260+0900][12.360s][info][gc,start       ] GC(1108) Pause Young (Allocation Failure)
[2026-03-22T19:51:02.263+0900][12.362s][info][gc,heap        ] GC(1108) PSYoungGen: 58504K(116736K)->57632K(116736K) Eden: 58504K(58880K)->0K(58880K) From: 0K(57856K)->57632K(57856K)
[2026-03-22T19:51:02.263+0900][12.362s][info][gc,heap        ] GC(1108) ParOldGen: 103430K(349696K)->103430K(349696K)
[2026-03-22T19:51:02.263+0900][12.362s][info][gc,metaspace   ] GC(1108) Metaspace: 341K(512K)->341K(512K) NonClass: 323K(384K)->323K(384K) Class: 17K(128K)->17K(128K)
[2026-03-22T19:51:02.263+0900][12.362s][info][gc             ] GC(1108) Pause Young (Allocation Failure) 158M->157M(455M) 2.802ms
[2026-03-22T19:51:02.263+0900][12.362s][info][gc,cpu         ] GC(1108) User=0.00s Sys=0.00s Real=0.00s
[2026-03-22T19:51:02.269+0900][12.368s][info][gc,start       ] GC(1109) Pause Young (Allocation Failure)
[2026-03-22T19:51:02.273+0900][12.372s][info][gc,heap        ] GC(1109) PSYoungGen: 116136K(116736K)->57632K(116736K) Eden: 58504K(58880K)->0K(58880K) From: 57632K(57856K)->57632K(57856K)
[2026-03-22T19:51:02.273+0900][12.372s][info][gc,heap        ] GC(1109) ParOldGen: 103430K(349696K)->150638K(349696K)
[2026-03-22T19:51:02.273+0900][12.372s][info][gc,metaspace   ] GC(1109) Metaspace: 341K(512K)->341K(512K) NonClass: 323K(384K)->323K(384K) Class: 17K(128K)->17K(128K)
[2026-03-22T19:51:02.273+0900][12.372s][info][gc             ] GC(1109) Pause Young (Allocation Failure) 214M->203M(455M) 4.178ms
[2026-03-22T19:51:02.273+0900][12.372s][info][gc,cpu         ] GC(1109) User=0.00s Sys=0.00s Real=0.00s
[2026-03-22T19:51:02.278+0900][12.378s][info][gc,start       ] GC(1110) Pause Young (Allocation Failure)
[2026-03-22T19:51:02.284+0900][12.382s][info][gc,heap        ] GC(1110) PSYoungGen: 116136K(116736K)->57632K(116736K) Eden: 58504K(58880K)->0K(58880K) From: 57632K(57856K)->57632K(57856K)
[2026-03-22T19:51:02.284+0900][12.382s][info][gc,heap        ] GC(1110) ParOldGen: 150638K(349696K)->197847K(349696K)
[2026-03-22T19:51:02.284+0900][12.382s][info][gc,metaspace   ] GC(1110) Metaspace: 341K(512K)->341K(512K) NonClass: 323K(384K)->323K(384K) Class: 17K(128K)->17K(128K)
[2026-03-22T19:51:02.284+0900][12.382s][info][gc             ] GC(1110) Pause Young (Allocation Failure) 260M->249M(455M) 4.607ms
[2026-03-22T19:51:02.284+0900][12.382s][info][gc,cpu         ] GC(1110) User=0.00s Sys=0.00s Real=0.01s
[2026-03-22T19:51:02.290+0900][12.389s][info][gc,start       ] GC(1111) Pause Young (Allocation Failure)
[2026-03-22T19:51:02.294+0900][12.393s][info][gc,heap        ] GC(1111) PSYoungGen: 116136K(116736K)->57632K(116736K) Eden: 58504K(58880K)->0K(58880K) From: 57632K(57856K)->57632K(57856K)
[2026-03-22T19:51:02.294+0900][12.393s][info][gc,heap        ] GC(1111) ParOldGen: 197847K(349696K)->245063K(349696K)
[2026-03-22T19:51:02.294+0900][12.393s][info][gc,metaspace   ] GC(1111) Metaspace: 341K(512K)->341K(512K) NonClass: 323K(384K)->323K(384K) Class: 17K(128K)->17K(128K)
[2026-03-22T19:51:02.294+0900][12.393s][info][gc             ] GC(1111) Pause Young (Allocation Failure) 306M->295M(455M) 4.197ms
[2026-03-22T19:51:02.294+0900][12.393s][info][gc,cpu         ] GC(1111) User=0.12s Sys=0.00s Real=0.00s
[2026-03-22T19:51:02.301+0900][12.400s][info][gc,start       ] GC(1112) Pause Young (Allocation Failure)
[2026-03-22T19:51:02.305+0900][12.404s][info][gc,heap        ] GC(1112) PSYoungGen: 116136K(116736K)->57632K(116736K) Eden: 58504K(58880K)->0K(58880K) From: 57632K(57856K)->57632K(57856K)
[2026-03-22T19:51:02.305+0900][12.404s][info][gc,heap        ] GC(1112) ParOldGen: 245063K(349696K)->292271K(349696K)
[2026-03-22T19:51:02.305+0900][12.404s][info][gc,metaspace   ] GC(1112) Metaspace: 341K(512K)->341K(512K) NonClass: 323K(384K)->323K(384K) Class: 17K(128K)->17K(128K)
[2026-03-22T19:51:02.305+0900][12.404s][info][gc             ] GC(1112) Pause Young (Allocation Failure) 352M->341M(455M) 4.060ms
[2026-03-22T19:51:02.305+0900][12.404s][info][gc,cpu         ] GC(1112) User=0.00s Sys=0.00s Real=0.00s
[2026-03-22T19:51:02.310+0900][12.409s][info][gc,start       ] GC(1113) Pause Full (Ergonomics)
[2026-03-22T19:51:02.310+0900][12.409s][info][gc,phases,start] GC(1113) Marking Phase
[2026-03-22T19:51:02.311+0900][12.411s][info][gc,phases      ] GC(1113) Marking Phase 1.473ms
[2026-03-22T19:51:02.311+0900][12.411s][info][gc,phases,start] GC(1113) Summary Phase
[2026-03-22T19:51:02.311+0900][12.411s][info][gc,phases      ] GC(1113) Summary Phase 0.017ms
[2026-03-22T19:51:02.311+0900][12.411s][info][gc,phases,start] GC(1113) Adjust Roots
[2026-03-22T19:51:02.313+0900][12.411s][info][gc,phases      ] GC(1113) Adjust Roots 0.224ms
[2026-03-22T19:51:02.313+0900][12.411s][info][gc,phases,start] GC(1113) Compaction Phase
[2026-03-22T19:51:02.318+0900][12.416s][info][gc,phases      ] GC(1113) Compaction Phase 4.998ms
[2026-03-22T19:51:02.318+0900][12.416s][info][gc,phases,start] GC(1113) Post Compact
[2026-03-22T19:51:02.319+0900][12.418s][info][gc,phases      ] GC(1113) Post Compact 1.584ms
[2026-03-22T19:51:02.319+0900][12.418s][info][gc,heap        ] GC(1113) PSYoungGen: 116136K(116736K)->0K(116736K) Eden: 58504K(58880K)->0K(58880K) From: 57632K(57856K)->0K(57856K)
[2026-03-22T19:51:02.319+0900][12.418s][info][gc,heap        ] GC(1113) ParOldGen: 292271K(349696K)->103430K(349696K)
[2026-03-22T19:51:02.319+0900][12.418s][info][gc,metaspace   ] GC(1113) Metaspace: 341K(512K)->341K(512K) NonClass: 323K(384K)->323K(384K) Class: 17K(128K)->17K(128K)
[2026-03-22T19:51:02.319+0900][12.418s][info][gc             ] GC(1113) Pause Full (Ergonomics) 398M->101M(455M) 8.691ms
[2026-03-22T19:51:02.319+0900][12.418s][info][gc,cpu         ] GC(1113) User=0.00s Sys=0.00s Real=0.01s
[2026-03-22T19:51:02.325+0900][12.423s][info][gc,start       ] GC(1114) Pause Young (Allocation Failure)
[2026-03-22T19:51:02.327+0900][12.426s][info][gc,heap        ] GC(1114) PSYoungGen: 58504K(116736K)->57632K(116736K) Eden: 58504K(58880K)->0K(58880K) From: 0K(57856K)->57632K(57856K)
[2026-03-22T19:51:02.327+0900][12.426s][info][gc,heap        ] GC(1114) ParOldGen: 103430K(349696K)->103430K(349696K)
[2026-03-22T19:51:02.327+0900][12.426s][info][gc,metaspace   ] GC(1114) Metaspace: 341K(512K)->341K(512K) NonClass: 323K(384K)->323K(384K) Class: 17K(128K)->17K(128K)
[2026-03-22T19:51:02.327+0900][12.426s][info][gc             ] GC(1114) Pause Young (Allocation Failure) 158M->157M(455M) 2.637ms
[2026-03-22T19:51:02.327+0900][12.426s][info][gc,cpu         ] GC(1114) User=0.00s Sys=0.00s Real=0.00s
[2026-03-22T19:51:02.332+0900][12.431s][info][gc,start       ] GC(1115) Pause Young (Allocation Failure)
[2026-03-22T19:51:02.337+0900][12.435s][info][gc,heap        ] GC(1115) PSYoungGen: 116136K(116736K)->57632K(116736K) Eden: 58504K(58880K)->0K(58880K) From: 57632K(57856K)->57632K(57856K)
[2026-03-22T19:51:02.337+0900][12.435s][info][gc,heap        ] GC(1115) ParOldGen: 103430K(349696K)->150638K(349696K)
[2026-03-22T19:51:02.337+0900][12.435s][info][gc,metaspace   ] GC(1115) Metaspace: 341K(512K)->341K(512K) NonClass: 323K(384K)->323K(384K) Class: 17K(128K)->17K(128K)
[2026-03-22T19:51:02.337+0900][12.435s][info][gc             ] GC(1115) Pause Young (Allocation Failure) 214M->203M(455M) 4.123ms
[2026-03-22T19:51:02.337+0900][12.436s][info][gc,cpu         ] GC(1115) User=0.00s Sys=0.00s Real=0.00s
[2026-03-22T19:51:02.342+0900][12.441s][info][gc,start       ] GC(1116) Pause Young (Allocation Failure)
[2026-03-22T19:51:02.346+0900][12.445s][info][gc,heap        ] GC(1116) PSYoungGen: 116136K(116736K)->57632K(116736K) Eden: 58504K(58880K)->0K(58880K) From: 57632K(57856K)->57632K(57856K)
[2026-03-22T19:51:02.346+0900][12.445s][info][gc,heap        ] GC(1116) ParOldGen: 150638K(349696K)->197847K(349696K)
[2026-03-22T19:51:02.346+0900][12.445s][info][gc,metaspace   ] GC(1116) Metaspace: 341K(512K)->341K(512K) NonClass: 323K(384K)->323K(384K) Class: 17K(128K)->17K(128K)
[2026-03-22T19:51:02.346+0900][12.445s][info][gc             ] GC(1116) Pause Young (Allocation Failure) 260M->249M(455M) 4.419ms
[2026-03-22T19:51:02.346+0900][12.445s][info][gc,cpu         ] GC(1116) User=0.00s Sys=0.00s Real=0.00s
[2026-03-22T19:51:02.352+0900][12.451s][info][gc,start       ] GC(1117) Pause Young (Allocation Failure)
[2026-03-22T19:51:02.356+0900][12.455s][info][gc,heap        ] GC(1117) PSYoungGen: 116136K(116736K)->57632K(116736K) Eden: 58504K(58880K)->0K(58880K) From: 57632K(57856K)->57632K(57856K)
[2026-03-22T19:51:02.356+0900][12.455s][info][gc,heap        ] GC(1117) ParOldGen: 197847K(349696K)->245063K(349696K)
[2026-03-22T19:51:02.356+0900][12.455s][info][gc,metaspace   ] GC(1117) Metaspace: 341K(512K)->341K(512K) NonClass: 323K(384K)->323K(384K) Class: 17K(128K)->17K(128K)
[2026-03-22T19:51:02.356+0900][12.455s][info][gc             ] GC(1117) Pause Young (Allocation Failure) 306M->295M(455M) 4.186ms
[2026-03-22T19:51:02.356+0900][12.455s][info][gc,cpu         ] GC(1117) User=0.12s Sys=0.00s Real=0.00s
[2026-03-22T19:51:02.361+0900][12.460s][info][gc,start       ] GC(1118) Pause Young (Allocation Failure)
[2026-03-22T19:51:02.366+0900][12.464s][info][gc,heap        ] GC(1118) PSYoungGen: 116136K(116736K)->57632K(116736K) Eden: 58504K(58880K)->0K(58880K) From: 57632K(57856K)->57632K(57856K)
[2026-03-22T19:51:02.366+0900][12.464s][info][gc,heap        ] GC(1118) ParOldGen: 245063K(349696K)->292271K(349696K)
[2026-03-22T19:51:02.366+0900][12.464s][info][gc,metaspace   ] GC(1118) Metaspace: 341K(512K)->341K(512K) NonClass: 323K(384K)->323K(384K) Class: 17K(128K)->17K(128K)
[2026-03-22T19:51:02.366+0900][12.464s][info][gc             ] GC(1118) Pause Young (Allocation Failure) 352M->341M(455M) 4.272ms
[2026-03-22T19:51:02.366+0900][12.464s][info][gc,cpu         ] GC(1118) User=0.00s Sys=0.00s Real=0.00s
[2026-03-22T19:51:02.372+0900][12.471s][info][gc,start       ] GC(1119) Pause Full (Ergonomics)
[2026-03-22T19:51:02.372+0900][12.471s][info][gc,phases,start] GC(1119) Marking Phase
[2026-03-22T19:51:02.374+0900][12.473s][info][gc,phases      ] GC(1119) Marking Phase 1.629ms
[2026-03-22T19:51:02.374+0900][12.473s][info][gc,phases,start] GC(1119) Summary Phase
[2026-03-22T19:51:02.374+0900][12.473s][info][gc,phases      ] GC(1119) Summary Phase 0.025ms
[2026-03-22T19:51:02.374+0900][12.473s][info][gc,phases,start] GC(1119) Adjust Roots
[2026-03-22T19:51:02.374+0900][12.473s][info][gc,phases      ] GC(1119) Adjust Roots 0.322ms
[2026-03-22T19:51:02.374+0900][12.473s][info][gc,phases,start] GC(1119) Compaction Phase
[2026-03-22T19:51:02.379+0900][12.478s][info][gc,phases      ] GC(1119) Compaction Phase 5.164ms
[2026-03-22T19:51:02.379+0900][12.478s][info][gc,phases,start] GC(1119) Post Compact
[2026-03-22T19:51:02.382+0900][12.481s][info][gc,phases      ] GC(1119) Post Compact 2.284ms
[2026-03-22T19:51:02.382+0900][12.481s][info][gc,heap        ] GC(1119) PSYoungGen: 116136K(116736K)->0K(116736K) Eden: 58504K(58880K)->0K(58880K) From: 57632K(57856K)->0K(57856K)
[2026-03-22T19:51:02.382+0900][12.481s][info][gc,heap        ] GC(1119) ParOldGen: 292271K(349696K)->103430K(349696K)
[2026-03-22T19:51:02.382+0900][12.481s][info][gc,metaspace   ] GC(1119) Metaspace: 341K(512K)->341K(512K) NonClass: 323K(384K)->323K(384K) Class: 17K(128K)->17K(128K)
[2026-03-22T19:51:02.382+0900][12.481s][info][gc             ] GC(1119) Pause Full (Ergonomics) 398M->101M(455M) 9.839ms
[2026-03-22T19:51:02.382+0900][12.481s][info][gc,cpu         ] GC(1119) User=0.00s Sys=0.00s Real=0.01s
[2026-03-22T19:51:02.389+0900][12.488s][info][gc,start       ] GC(1120) Pause Young (Allocation Failure)
[2026-03-22T19:51:02.391+0900][12.490s][info][gc,heap        ] GC(1120) PSYoungGen: 58504K(116736K)->57632K(116736K) Eden: 58504K(58880K)->0K(58880K) From: 0K(57856K)->57632K(57856K)
[2026-03-22T19:51:02.391+0900][12.490s][info][gc,heap        ] GC(1120) ParOldGen: 103430K(349696K)->103430K(349696K)
[2026-03-22T19:51:02.391+0900][12.490s][info][gc,metaspace   ] GC(1120) Metaspace: 341K(512K)->341K(512K) NonClass: 323K(384K)->323K(384K) Class: 17K(128K)->17K(128K)
[2026-03-22T19:51:02.391+0900][12.490s][info][gc             ] GC(1120) Pause Young (Allocation Failure) 158M->157M(455M) 2.790ms
[2026-03-22T19:51:02.391+0900][12.490s][info][gc,cpu         ] GC(1120) User=0.00s Sys=0.00s Real=0.00s
[2026-03-22T19:51:02.397+0900][12.496s][info][gc,start       ] GC(1121) Pause Young (Allocation Failure)
[2026-03-22T19:51:02.401+0900][12.500s][info][gc,heap        ] GC(1121) PSYoungGen: 116136K(116736K)->57632K(116736K) Eden: 58504K(58880K)->0K(58880K) From: 57632K(57856K)->57632K(57856K)
[2026-03-22T19:51:02.401+0900][12.500s][info][gc,heap        ] GC(1121) ParOldGen: 103430K(349696K)->150638K(349696K)
[2026-03-22T19:51:02.401+0900][12.500s][info][gc,metaspace   ] GC(1121) Metaspace: 341K(512K)->341K(512K) NonClass: 323K(384K)->323K(384K) Class: 17K(128K)->17K(128K)
[2026-03-22T19:51:02.401+0900][12.500s][info][gc             ] GC(1121) Pause Young (Allocation Failure) 214M->203M(455M) 4.064ms
[2026-03-22T19:51:02.401+0900][12.500s][info][gc,cpu         ] GC(1121) User=0.12s Sys=0.00s Real=0.00s
[2026-03-22T19:51:02.407+0900][12.506s][info][gc,start       ] GC(1122) Pause Young (Allocation Failure)
[2026-03-22T19:51:02.412+0900][12.510s][info][gc,heap        ] GC(1122) PSYoungGen: 116136K(116736K)->57632K(116736K) Eden: 58504K(58880K)->0K(58880K) From: 57632K(57856K)->57632K(57856K)
[2026-03-22T19:51:02.412+0900][12.510s][info][gc,heap        ] GC(1122) ParOldGen: 150638K(349696K)->197847K(349696K)
[2026-03-22T19:51:02.412+0900][12.510s][info][gc,metaspace   ] GC(1122) Metaspace: 341K(512K)->341K(512K) NonClass: 323K(384K)->323K(384K) Class: 17K(128K)->17K(128K)
[2026-03-22T19:51:02.412+0900][12.510s][info][gc             ] GC(1122) Pause Young (Allocation Failure) 260M->249M(455M) 4.720ms
[2026-03-22T19:51:02.412+0900][12.510s][info][gc,cpu         ] GC(1122) User=0.00s Sys=0.00s Real=0.00s
[2026-03-22T19:51:02.417+0900][12.516s][info][gc,start       ] GC(1123) Pause Young (Allocation Failure)
[2026-03-22T19:51:02.421+0900][12.520s][info][gc,heap        ] GC(1123) PSYoungGen: 116136K(116736K)->57632K(116736K) Eden: 58504K(58880K)->0K(58880K) From: 57632K(57856K)->57632K(57856K)
[2026-03-22T19:51:02.421+0900][12.520s][info][gc,heap        ] GC(1123) ParOldGen: 197847K(349696K)->245063K(349696K)
[2026-03-22T19:51:02.421+0900][12.520s][info][gc,metaspace   ] GC(1123) Metaspace: 341K(512K)->341K(512K) NonClass: 323K(384K)->323K(384K) Class: 17K(128K)->17K(128K)
[2026-03-22T19:51:02.421+0900][12.520s][info][gc             ] GC(1123) Pause Young (Allocation Failure) 306M->295M(455M) 4.285ms
[2026-03-22T19:51:02.421+0900][12.520s][info][gc,cpu         ] GC(1123) User=0.00s Sys=0.00s Real=0.00s
[2026-03-22T19:51:02.427+0900][12.526s][info][gc,start       ] GC(1124) Pause Young (Allocation Failure)
[2026-03-22T19:51:02.431+0900][12.530s][info][gc,heap        ] GC(1124) PSYoungGen: 116136K(116736K)->57632K(116736K) Eden: 58504K(58880K)->0K(58880K) From: 57632K(57856K)->57632K(57856K)
[2026-03-22T19:51:02.432+0900][12.531s][info][gc,heap        ] GC(1124) ParOldGen: 245063K(349696K)->292271K(349696K)
[2026-03-22T19:51:02.432+0900][12.531s][info][gc,metaspace   ] GC(1124) Metaspace: 341K(512K)->341K(512K) NonClass: 323K(384K)->323K(384K) Class: 17K(128K)->17K(128K)
[2026-03-22T19:51:02.432+0900][12.531s][info][gc             ] GC(1124) Pause Young (Allocation Failure) 352M->341M(455M) 4.377ms
[2026-03-22T19:51:02.432+0900][12.531s][info][gc,cpu         ] GC(1124) User=0.11s Sys=0.02s Real=0.00s
[2026-03-22T19:51:02.437+0900][12.536s][info][gc,start       ] GC(1125) Pause Full (Ergonomics)
[2026-03-22T19:51:02.437+0900][12.536s][info][gc,phases,start] GC(1125) Marking Phase
[2026-03-22T19:51:02.438+0900][12.537s][info][gc,phases      ] GC(1125) Marking Phase 1.348ms
[2026-03-22T19:51:02.438+0900][12.537s][info][gc,phases,start] GC(1125) Summary Phase
[2026-03-22T19:51:02.438+0900][12.538s][info][gc,phases      ] GC(1125) Summary Phase 0.023ms
[2026-03-22T19:51:02.438+0900][12.538s][info][gc,phases,start] GC(1125) Adjust Roots
[2026-03-22T19:51:02.439+0900][12.538s][info][gc,phases      ] GC(1125) Adjust Roots 0.300ms
[2026-03-22T19:51:02.439+0900][12.538s][info][gc,phases,start] GC(1125) Compaction Phase
[2026-03-22T19:51:02.444+0900][12.543s][info][gc,phases      ] GC(1125) Compaction Phase 5.230ms
[2026-03-22T19:51:02.444+0900][12.543s][info][gc,phases,start] GC(1125) Post Compact
[2026-03-22T19:51:02.446+0900][12.545s][info][gc,phases      ] GC(1125) Post Compact 1.719ms
[2026-03-22T19:51:02.446+0900][12.545s][info][gc,heap        ] GC(1125) PSYoungGen: 116136K(116736K)->0K(116736K) Eden: 58504K(58880K)->0K(58880K) From: 57632K(57856K)->0K(57856K)
[2026-03-22T19:51:02.446+0900][12.545s][info][gc,heap        ] GC(1125) ParOldGen: 292271K(349696K)->103430K(349696K)
[2026-03-22T19:51:02.446+0900][12.545s][info][gc,metaspace   ] GC(1125) Metaspace: 341K(512K)->341K(512K) NonClass: 323K(384K)->323K(384K) Class: 17K(128K)->17K(128K)
[2026-03-22T19:51:02.446+0900][12.545s][info][gc             ] GC(1125) Pause Full (Ergonomics) 398M->101M(455M) 9.047ms
[2026-03-22T19:51:02.446+0900][12.545s][info][gc,cpu         ] GC(1125) User=0.00s Sys=0.00s Real=0.01s
[2026-03-22T19:51:02.451+0900][12.550s][info][gc,start       ] GC(1126) Pause Young (Allocation Failure)
[2026-03-22T19:51:02.454+0900][12.553s][info][gc,heap        ] GC(1126) PSYoungGen: 58504K(116736K)->57632K(116736K) Eden: 58504K(58880K)->0K(58880K) From: 0K(57856K)->57632K(57856K)
[2026-03-22T19:51:02.454+0900][12.553s][info][gc,heap        ] GC(1126) ParOldGen: 103430K(349696K)->103430K(349696K)
[2026-03-22T19:51:02.454+0900][12.553s][info][gc,metaspace   ] GC(1126) Metaspace: 341K(512K)->341K(512K) NonClass: 323K(384K)->323K(384K) Class: 17K(128K)->17K(128K)
[2026-03-22T19:51:02.454+0900][12.553s][info][gc             ] GC(1126) Pause Young (Allocation Failure) 158M->157M(455M) 2.875ms
[2026-03-22T19:51:02.454+0900][12.553s][info][gc,cpu         ] GC(1126) User=0.00s Sys=0.00s Real=0.00s
[2026-03-22T19:51:02.460+0900][12.559s][info][gc,start       ] GC(1127) Pause Young (Allocation Failure)
[2026-03-22T19:51:02.464+0900][12.563s][info][gc,heap        ] GC(1127) PSYoungGen: 116136K(116736K)->57632K(116736K) Eden: 58504K(58880K)->0K(58880K) From: 57632K(57856K)->57632K(57856K)
[2026-03-22T19:51:02.464+0900][12.563s][info][gc,heap        ] GC(1127) ParOldGen: 103430K(349696K)->150638K(349696K)
[2026-03-22T19:51:02.464+0900][12.563s][info][gc,metaspace   ] GC(1127) Metaspace: 341K(512K)->341K(512K) NonClass: 323K(384K)->323K(384K) Class: 17K(128K)->17K(128K)
[2026-03-22T19:51:02.464+0900][12.563s][info][gc             ] GC(1127) Pause Young (Allocation Failure) 214M->203M(455M) 4.381ms
[2026-03-22T19:51:02.464+0900][12.563s][info][gc,cpu         ] GC(1127) User=0.11s Sys=0.00s Real=0.00s
[2026-03-22T19:51:02.469+0900][12.568s][info][gc,start       ] GC(1128) Pause Young (Allocation Failure)
[2026-03-22T19:51:02.474+0900][12.572s][info][gc,heap        ] GC(1128) PSYoungGen: 116136K(116736K)->57632K(116736K) Eden: 58504K(58880K)->0K(58880K) From: 57632K(57856K)->57632K(57856K)
[2026-03-22T19:51:02.474+0900][12.573s][info][gc,heap        ] GC(1128) ParOldGen: 150638K(349696K)->197847K(349696K)
[2026-03-22T19:51:02.474+0900][12.573s][info][gc,metaspace   ] GC(1128) Metaspace: 341K(512K)->341K(512K) NonClass: 323K(384K)->323K(384K) Class: 17K(128K)->17K(128K)
[2026-03-22T19:51:02.474+0900][12.573s][info][gc             ] GC(1128) Pause Young (Allocation Failure) 260M->249M(455M) 4.311ms
[2026-03-22T19:51:02.474+0900][12.573s][info][gc,cpu         ] GC(1128) User=0.00s Sys=0.00s Real=0.00s
[2026-03-22T19:51:02.481+0900][12.580s][info][gc,start       ] GC(1129) Pause Young (Allocation Failure)
[2026-03-22T19:51:02.485+0900][12.584s][info][gc,heap        ] GC(1129) PSYoungGen: 116136K(116736K)->57600K(116736K) Eden: 58504K(58880K)->0K(58880K) From: 57632K(57856K)->57600K(57856K)
[2026-03-22T19:51:02.485+0900][12.584s][info][gc,heap        ] GC(1129) ParOldGen: 197847K(349696K)->245055K(349696K)
[2026-03-22T19:51:02.485+0900][12.584s][info][gc,metaspace   ] GC(1129) Metaspace: 341K(512K)->341K(512K) NonClass: 323K(384K)->323K(384K) Class: 17K(128K)->17K(128K)
[2026-03-22T19:51:02.485+0900][12.584s][info][gc             ] GC(1129) Pause Young (Allocation Failure) 306M->295M(455M) 4.527ms
[2026-03-22T19:51:02.485+0900][12.584s][info][gc,cpu         ] GC(1129) User=0.00s Sys=0.00s Real=0.00s
[2026-03-22T19:51:02.491+0900][12.590s][info][gc,start       ] GC(1130) Pause Young (Allocation Failure)
[2026-03-22T19:51:02.495+0900][12.595s][info][gc,heap        ] GC(1130) PSYoungGen: 116104K(116736K)->57632K(116736K) Eden: 58504K(58880K)->0K(58880K) From: 57600K(57856K)->57632K(57856K)
[2026-03-22T19:51:02.495+0900][12.595s][info][gc,heap        ] GC(1130) ParOldGen: 245055K(349696K)->292263K(349696K)
[2026-03-22T19:51:02.495+0900][12.595s][info][gc,metaspace   ] GC(1130) Metaspace: 341K(512K)->341K(512K) NonClass: 323K(384K)->323K(384K) Class: 17K(128K)->17K(128K)
[2026-03-22T19:51:02.495+0900][12.595s][info][gc             ] GC(1130) Pause Young (Allocation Failure) 352M->341M(455M) 4.449ms
[2026-03-22T19:51:02.495+0900][12.595s][info][gc,cpu         ] GC(1130) User=0.09s Sys=0.02s Real=0.00s
[2026-03-22T19:51:02.502+0900][12.602s][info][gc,start       ] GC(1131) Pause Full (Ergonomics)
[2026-03-22T19:51:02.502+0900][12.602s][info][gc,phases,start] GC(1131) Marking Phase
[2026-03-22T19:51:02.504+0900][12.603s][info][gc,phases      ] GC(1131) Marking Phase 1.704ms
[2026-03-22T19:51:02.504+0900][12.603s][info][gc,phases,start] GC(1131) Summary Phase
[2026-03-22T19:51:02.504+0900][12.603s][info][gc,phases      ] GC(1131) Summary Phase 0.015ms
[2026-03-22T19:51:02.504+0900][12.603s][info][gc,phases,start] GC(1131) Adjust Roots
[2026-03-22T19:51:02.504+0900][12.604s][info][gc,phases      ] GC(1131) Adjust Roots 0.182ms
[2026-03-22T19:51:02.504+0900][12.604s][info][gc,phases,start] GC(1131) Compaction Phase
[2026-03-22T19:51:02.509+0900][12.608s][info][gc,phases      ] GC(1131) Compaction Phase 4.827ms
[2026-03-22T19:51:02.509+0900][12.608s][info][gc,phases,start] GC(1131) Post Compact
[2026-03-22T19:51:02.511+0900][12.610s][info][gc,phases      ] GC(1131) Post Compact 1.263ms
[2026-03-22T19:51:02.511+0900][12.610s][info][gc,heap        ] GC(1131) PSYoungGen: 116136K(116736K)->0K(116736K) Eden: 58504K(58880K)->0K(58880K) From: 57632K(57856K)->0K(57856K)
[2026-03-22T19:51:02.511+0900][12.610s][info][gc,heap        ] GC(1131) ParOldGen: 292263K(349696K)->103430K(349696K)
[2026-03-22T19:51:02.511+0900][12.610s][info][gc,metaspace   ] GC(1131) Metaspace: 341K(512K)->341K(512K) NonClass: 323K(384K)->323K(384K) Class: 17K(128K)->17K(128K)
[2026-03-22T19:51:02.511+0900][12.610s][info][gc             ] GC(1131) Pause Full (Ergonomics) 398M->101M(455M) 8.260ms
[2026-03-22T19:51:02.511+0900][12.610s][info][gc,cpu         ] GC(1131) User=0.12s Sys=0.00s Real=0.01s
[2026-03-22T19:51:02.517+0900][12.615s][info][gc,start       ] GC(1132) Pause Young (Allocation Failure)
[2026-03-22T19:51:02.520+0900][12.618s][info][gc,heap        ] GC(1132) PSYoungGen: 58504K(116736K)->57632K(116736K) Eden: 58504K(58880K)->0K(58880K) From: 0K(57856K)->57632K(57856K)
[2026-03-22T19:51:02.520+0900][12.618s][info][gc,heap        ] GC(1132) ParOldGen: 103430K(349696K)->103430K(349696K)
[2026-03-22T19:51:02.520+0900][12.618s][info][gc,metaspace   ] GC(1132) Metaspace: 341K(512K)->341K(512K) NonClass: 323K(384K)->323K(384K) Class: 17K(128K)->17K(128K)
[2026-03-22T19:51:02.520+0900][12.618s][info][gc             ] GC(1132) Pause Young (Allocation Failure) 158M->157M(455M) 2.964ms
[2026-03-22T19:51:02.520+0900][12.618s][info][gc,cpu         ] GC(1132) User=0.00s Sys=0.00s Real=0.00s
[2026-03-22T19:51:02.527+0900][12.625s][info][gc,start       ] GC(1133) Pause Young (Allocation Failure)
[2026-03-22T19:51:02.531+0900][12.630s][info][gc,heap        ] GC(1133) PSYoungGen: 116136K(116736K)->57632K(116736K) Eden: 58504K(58880K)->0K(58880K) From: 57632K(57856K)->57632K(57856K)
[2026-03-22T19:51:02.531+0900][12.630s][info][gc,heap        ] GC(1133) ParOldGen: 103430K(349696K)->150638K(349696K)
[2026-03-22T19:51:02.531+0900][12.630s][info][gc,metaspace   ] GC(1133) Metaspace: 341K(512K)->341K(512K) NonClass: 323K(384K)->323K(384K) Class: 17K(128K)->17K(128K)
[2026-03-22T19:51:02.531+0900][12.630s][info][gc             ] GC(1133) Pause Young (Allocation Failure) 214M->203M(455M) 4.751ms
[2026-03-22T19:51:02.531+0900][12.630s][info][gc,cpu         ] GC(1133) User=0.00s Sys=0.00s Real=0.00s
[2026-03-22T19:51:02.538+0900][12.636s][info][gc,start       ] GC(1134) Pause Young (Allocation Failure)
[2026-03-22T19:51:02.541+0900][12.640s][info][gc,heap        ] GC(1134) PSYoungGen: 116136K(116736K)->57632K(116736K) Eden: 58504K(58880K)->0K(58880K) From: 57632K(57856K)->57632K(57856K)
[2026-03-22T19:51:02.542+0900][12.640s][info][gc,heap        ] GC(1134) ParOldGen: 150638K(349696K)->197847K(349696K)
[2026-03-22T19:51:02.542+0900][12.640s][info][gc,metaspace   ] GC(1134) Metaspace: 341K(512K)->341K(512K) NonClass: 323K(384K)->323K(384K) Class: 17K(128K)->17K(128K)
[2026-03-22T19:51:02.542+0900][12.640s][info][gc             ] GC(1134) Pause Young (Allocation Failure) 260M->249M(455M) 4.110ms
[2026-03-22T19:51:02.542+0900][12.640s][info][gc,cpu         ] GC(1134) User=0.12s Sys=0.00s Real=0.01s
[2026-03-22T19:51:02.547+0900][12.645s][info][gc,start       ] GC(1135) Pause Young (Allocation Failure)
[2026-03-22T19:51:02.551+0900][12.650s][info][gc,heap        ] GC(1135) PSYoungGen: 116136K(116736K)->57632K(116736K) Eden: 58504K(58880K)->0K(58880K) From: 57632K(57856K)->57632K(57856K)
[2026-03-22T19:51:02.551+0900][12.650s][info][gc,heap        ] GC(1135) ParOldGen: 197847K(349696K)->245063K(349696K)
[2026-03-22T19:51:02.551+0900][12.650s][info][gc,metaspace   ] GC(1135) Metaspace: 341K(512K)->341K(512K) NonClass: 323K(384K)->323K(384K) Class: 17K(128K)->17K(128K)
[2026-03-22T19:51:02.551+0900][12.650s][info][gc             ] GC(1135) Pause Young (Allocation Failure) 306M->295M(455M) 4.456ms
[2026-03-22T19:51:02.551+0900][12.650s][info][gc,cpu         ] GC(1135) User=0.00s Sys=0.00s Real=0.00s
[2026-03-22T19:51:02.557+0900][12.656s][info][gc,start       ] GC(1136) Pause Young (Allocation Failure)
[2026-03-22T19:51:02.561+0900][12.660s][info][gc,heap        ] GC(1136) PSYoungGen: 116136K(116736K)->57632K(116736K) Eden: 58504K(58880K)->0K(58880K) From: 57632K(57856K)->57632K(57856K)
[2026-03-22T19:51:02.561+0900][12.660s][info][gc,heap        ] GC(1136) ParOldGen: 245063K(349696K)->292271K(349696K)
[2026-03-22T19:51:02.561+0900][12.660s][info][gc,metaspace   ] GC(1136) Metaspace: 341K(512K)->341K(512K) NonClass: 323K(384K)->323K(384K) Class: 17K(128K)->17K(128K)
[2026-03-22T19:51:02.561+0900][12.660s][info][gc             ] GC(1136) Pause Young (Allocation Failure) 352M->341M(455M) 4.725ms
[2026-03-22T19:51:02.561+0900][12.660s][info][gc,cpu         ] GC(1136) User=0.00s Sys=0.00s Real=0.00s
[2026-03-22T19:51:02.568+0900][12.667s][info][gc,start       ] GC(1137) Pause Full (Ergonomics)
[2026-03-22T19:51:02.568+0900][12.667s][info][gc,phases,start] GC(1137) Marking Phase
[2026-03-22T19:51:02.570+0900][12.669s][info][gc,phases      ] GC(1137) Marking Phase 1.492ms
[2026-03-22T19:51:02.570+0900][12.669s][info][gc,phases,start] GC(1137) Summary Phase
[2026-03-22T19:51:02.570+0900][12.669s][info][gc,phases      ] GC(1137) Summary Phase 0.024ms
[2026-03-22T19:51:02.570+0900][12.669s][info][gc,phases,start] GC(1137) Adjust Roots
[2026-03-22T19:51:02.570+0900][12.669s][info][gc,phases      ] GC(1137) Adjust Roots 0.375ms
[2026-03-22T19:51:02.570+0900][12.669s][info][gc,phases,start] GC(1137) Compaction Phase
[2026-03-22T19:51:02.575+0900][12.674s][info][gc,phases      ] GC(1137) Compaction Phase 4.891ms
[2026-03-22T19:51:02.575+0900][12.674s][info][gc,phases,start] GC(1137) Post Compact
[2026-03-22T19:51:02.577+0900][12.676s][info][gc,phases      ] GC(1137) Post Compact 1.722ms
[2026-03-22T19:51:02.577+0900][12.676s][info][gc,heap        ] GC(1137) PSYoungGen: 116136K(116736K)->0K(116736K) Eden: 58504K(58880K)->0K(58880K) From: 57632K(57856K)->0K(57856K)
[2026-03-22T19:51:02.577+0900][12.676s][info][gc,heap        ] GC(1137) ParOldGen: 292271K(349696K)->103430K(349696K)
[2026-03-22T19:51:02.577+0900][12.676s][info][gc,metaspace   ] GC(1137) Metaspace: 341K(512K)->341K(512K) NonClass: 323K(384K)->323K(384K) Class: 17K(128K)->17K(128K)
[2026-03-22T19:51:02.577+0900][12.676s][info][gc             ] GC(1137) Pause Full (Ergonomics) 398M->101M(455M) 8.854ms
[2026-03-22T19:51:02.577+0900][12.676s][info][gc,cpu         ] GC(1137) User=0.11s Sys=0.02s Real=0.01s
[2026-03-22T19:51:02.584+0900][12.682s][info][gc,start       ] GC(1138) Pause Young (Allocation Failure)
[2026-03-22T19:51:02.587+0900][12.686s][info][gc,heap        ] GC(1138) PSYoungGen: 58504K(116736K)->57632K(116736K) Eden: 58504K(58880K)->0K(58880K) From: 0K(57856K)->57632K(57856K)
[2026-03-22T19:51:02.587+0900][12.686s][info][gc,heap        ] GC(1138) ParOldGen: 103430K(349696K)->103430K(349696K)
[2026-03-22T19:51:02.587+0900][12.686s][info][gc,metaspace   ] GC(1138) Metaspace: 341K(512K)->341K(512K) NonClass: 323K(384K)->323K(384K) Class: 17K(128K)->17K(128K)
[2026-03-22T19:51:02.587+0900][12.686s][info][gc             ] GC(1138) Pause Young (Allocation Failure) 158M->157M(455M) 3.175ms
[2026-03-22T19:51:02.587+0900][12.686s][info][gc,cpu         ] GC(1138) User=0.00s Sys=0.00s Real=0.00s
[2026-03-22T19:51:02.593+0900][12.692s][info][gc,start       ] GC(1139) Pause Young (Allocation Failure)
[2026-03-22T19:51:02.598+0900][12.697s][info][gc,heap        ] GC(1139) PSYoungGen: 116136K(116736K)->57600K(116736K) Eden: 58504K(58880K)->0K(58880K) From: 57632K(57856K)->57600K(57856K)
[2026-03-22T19:51:02.598+0900][12.697s][info][gc,heap        ] GC(1139) ParOldGen: 103430K(349696K)->150630K(349696K)
[2026-03-22T19:51:02.598+0900][12.697s][info][gc,metaspace   ] GC(1139) Metaspace: 341K(512K)->341K(512K) NonClass: 323K(384K)->323K(384K) Class: 17K(128K)->17K(128K)
[2026-03-22T19:51:02.598+0900][12.697s][info][gc             ] GC(1139) Pause Young (Allocation Failure) 214M->203M(455M) 5.058ms
[2026-03-22T19:51:02.598+0900][12.697s][info][gc,cpu         ] GC(1139) User=0.00s Sys=0.00s Real=0.01s
[2026-03-22T19:51:02.604+0900][12.703s][info][gc,start       ] GC(1140) Pause Young (Allocation Failure)
[2026-03-22T19:51:02.608+0900][12.707s][info][gc,heap        ] GC(1140) PSYoungGen: 116104K(116736K)->57600K(116736K) Eden: 58504K(58880K)->0K(58880K) From: 57600K(57856K)->57600K(57856K)
[2026-03-22T19:51:02.608+0900][12.707s][info][gc,heap        ] GC(1140) ParOldGen: 150630K(349696K)->197831K(349696K)
[2026-03-22T19:51:02.608+0900][12.707s][info][gc,metaspace   ] GC(1140) Metaspace: 341K(512K)->341K(512K) NonClass: 323K(384K)->323K(384K) Class: 17K(128K)->17K(128K)
[2026-03-22T19:51:02.608+0900][12.707s][info][gc             ] GC(1140) Pause Young (Allocation Failure) 260M->249M(455M) 4.547ms
[2026-03-22T19:51:02.608+0900][12.707s][info][gc,cpu         ] GC(1140) User=0.00s Sys=0.00s Real=0.00s
[2026-03-22T19:51:02.616+0900][12.714s][info][gc,start       ] GC(1141) Pause Young (Allocation Failure)
[2026-03-22T19:51:02.620+0900][12.718s][info][gc,heap        ] GC(1141) PSYoungGen: 116104K(116736K)->57632K(116736K) Eden: 58504K(58880K)->0K(58880K) From: 57600K(57856K)->57632K(57856K)
[2026-03-22T19:51:02.620+0900][12.718s][info][gc,heap        ] GC(1141) ParOldGen: 197831K(349696K)->245047K(349696K)
[2026-03-22T19:51:02.620+0900][12.718s][info][gc,metaspace   ] GC(1141) Metaspace: 341K(512K)->341K(512K) NonClass: 323K(384K)->323K(384K) Class: 17K(128K)->17K(128K)
[2026-03-22T19:51:02.620+0900][12.718s][info][gc             ] GC(1141) Pause Young (Allocation Failure) 306M->295M(455M) 4.439ms
[2026-03-22T19:51:02.620+0900][12.719s][info][gc,cpu         ] GC(1141) User=0.12s Sys=0.00s Real=0.00s
[2026-03-22T19:51:02.625+0900][12.724s][info][gc,start       ] GC(1142) Pause Young (Allocation Failure)
[2026-03-22T19:51:02.630+0900][12.729s][info][gc,heap        ] GC(1142) PSYoungGen: 116136K(116736K)->57632K(116736K) Eden: 58504K(58880K)->0K(58880K) From: 57632K(57856K)->57632K(57856K)
[2026-03-22T19:51:02.630+0900][12.729s][info][gc,heap        ] GC(1142) ParOldGen: 245047K(349696K)->292255K(349696K)
[2026-03-22T19:51:02.630+0900][12.729s][info][gc,metaspace   ] GC(1142) Metaspace: 341K(512K)->341K(512K) NonClass: 323K(384K)->323K(384K) Class: 17K(128K)->17K(128K)
[2026-03-22T19:51:02.630+0900][12.729s][info][gc             ] GC(1142) Pause Young (Allocation Failure) 352M->341M(455M) 4.517ms
[2026-03-22T19:51:02.630+0900][12.729s][info][gc,cpu         ] GC(1142) User=0.00s Sys=0.00s Real=0.01s
[2026-03-22T19:51:02.637+0900][12.736s][info][gc,start       ] GC(1143) Pause Full (Ergonomics)
[2026-03-22T19:51:02.637+0900][12.736s][info][gc,phases,start] GC(1143) Marking Phase
[2026-03-22T19:51:02.638+0900][12.737s][info][gc,phases      ] GC(1143) Marking Phase 1.172ms
[2026-03-22T19:51:02.638+0900][12.737s][info][gc,phases,start] GC(1143) Summary Phase
[2026-03-22T19:51:02.638+0900][12.737s][info][gc,phases      ] GC(1143) Summary Phase 0.012ms
[2026-03-22T19:51:02.638+0900][12.737s][info][gc,phases,start] GC(1143) Adjust Roots
[2026-03-22T19:51:02.638+0900][12.737s][info][gc,phases      ] GC(1143) Adjust Roots 0.236ms
[2026-03-22T19:51:02.638+0900][12.737s][info][gc,phases,start] GC(1143) Compaction Phase
[2026-03-22T19:51:02.643+0900][12.742s][info][gc,phases      ] GC(1143) Compaction Phase 5.251ms
[2026-03-22T19:51:02.643+0900][12.742s][info][gc,phases,start] GC(1143) Post Compact
[2026-03-22T19:51:02.646+0900][12.744s][info][gc,phases      ] GC(1143) Post Compact 1.706ms
[2026-03-22T19:51:02.646+0900][12.744s][info][gc,heap        ] GC(1143) PSYoungGen: 116136K(116736K)->0K(116736K) Eden: 58504K(58880K)->0K(58880K) From: 57632K(57856K)->0K(57856K)
[2026-03-22T19:51:02.646+0900][12.744s][info][gc,heap        ] GC(1143) ParOldGen: 292255K(349696K)->103195K(349696K)
[2026-03-22T19:51:02.646+0900][12.744s][info][gc,metaspace   ] GC(1143) Metaspace: 341K(512K)->341K(512K) NonClass: 323K(384K)->323K(384K) Class: 17K(128K)->17K(128K)
[2026-03-22T19:51:02.646+0900][12.744s][info][gc             ] GC(1143) Pause Full (Ergonomics) 398M->100M(455M) 8.688ms
[2026-03-22T19:51:02.646+0900][12.744s][info][gc,cpu         ] GC(1143) User=0.00s Sys=0.00s Real=0.01s
[2026-03-22T19:51:02.652+0900][12.750s][info][gc,start       ] GC(1144) Pause Young (Allocation Failure)
[2026-03-22T19:51:02.654+0900][12.753s][info][gc,heap        ] GC(1144) PSYoungGen: 58504K(116736K)->57632K(116736K) Eden: 58504K(58880K)->0K(58880K) From: 0K(57856K)->57632K(57856K)
[2026-03-22T19:51:02.654+0900][12.753s][info][gc,heap        ] GC(1144) ParOldGen: 103195K(349696K)->103195K(349696K)
[2026-03-22T19:51:02.654+0900][12.753s][info][gc,metaspace   ] GC(1144) Metaspace: 341K(512K)->341K(512K) NonClass: 323K(384K)->323K(384K) Class: 17K(128K)->17K(128K)
[2026-03-22T19:51:02.654+0900][12.753s][info][gc             ] GC(1144) Pause Young (Allocation Failure) 157M->157M(455M) 2.730ms
[2026-03-22T19:51:02.654+0900][12.753s][info][gc,cpu         ] GC(1144) User=0.00s Sys=0.00s Real=0.00s
[2026-03-22T19:51:02.660+0900][12.758s][info][gc,start       ] GC(1145) Pause Young (Allocation Failure)
[2026-03-22T19:51:02.664+0900][12.763s][info][gc,heap        ] GC(1145) PSYoungGen: 116136K(116736K)->57632K(116736K) Eden: 58504K(58880K)->0K(58880K) From: 57632K(57856K)->57632K(57856K)
[2026-03-22T19:51:02.665+0900][12.763s][info][gc,heap        ] GC(1145) ParOldGen: 103195K(349696K)->150403K(349696K)
[2026-03-22T19:51:02.665+0900][12.763s][info][gc,metaspace   ] GC(1145) Metaspace: 341K(512K)->341K(512K) NonClass: 323K(384K)->323K(384K) Class: 17K(128K)->17K(128K)
[2026-03-22T19:51:02.665+0900][12.763s][info][gc             ] GC(1145) Pause Young (Allocation Failure) 214M->203M(455M) 4.309ms
[2026-03-22T19:51:02.665+0900][12.763s][info][gc,cpu         ] GC(1145) User=0.00s Sys=0.00s Real=0.00s
[2026-03-22T19:51:02.672+0900][12.770s][info][gc,start       ] GC(1146) Pause Young (Allocation Failure)
[2026-03-22T19:51:02.676+0900][12.774s][info][gc,heap        ] GC(1146) PSYoungGen: 116136K(116736K)->57632K(116736K) Eden: 58504K(58880K)->0K(58880K) From: 57632K(57856K)->57632K(57856K)
[2026-03-22T19:51:02.676+0900][12.774s][info][gc,heap        ] GC(1146) ParOldGen: 150403K(349696K)->197611K(349696K)
[2026-03-22T19:51:02.676+0900][12.774s][info][gc,metaspace   ] GC(1146) Metaspace: 341K(512K)->341K(512K) NonClass: 323K(384K)->323K(384K) Class: 17K(128K)->17K(128K)
[2026-03-22T19:51:02.676+0900][12.774s][info][gc             ] GC(1146) Pause Young (Allocation Failure) 260M->249M(455M) 4.370ms
[2026-03-22T19:51:02.676+0900][12.774s][info][gc,cpu         ] GC(1146) User=0.00s Sys=0.00s Real=0.00s
[2026-03-22T19:51:02.681+0900][12.780s][info][gc,start       ] GC(1147) Pause Young (Allocation Failure)
[2026-03-22T19:51:02.686+0900][12.784s][info][gc,heap        ] GC(1147) PSYoungGen: 116136K(116736K)->57632K(116736K) Eden: 58504K(58880K)->0K(58880K) From: 57632K(57856K)->57632K(57856K)
[2026-03-22T19:51:02.686+0900][12.784s][info][gc,heap        ] GC(1147) ParOldGen: 197611K(349696K)->244820K(349696K)
[2026-03-22T19:51:02.686+0900][12.784s][info][gc,metaspace   ] GC(1147) Metaspace: 341K(512K)->341K(512K) NonClass: 323K(384K)->323K(384K) Class: 17K(128K)->17K(128K)
[2026-03-22T19:51:02.686+0900][12.784s][info][gc             ] GC(1147) Pause Young (Allocation Failure) 306M->295M(455M) 4.409ms
[2026-03-22T19:51:02.686+0900][12.784s][info][gc,cpu         ] GC(1147) User=0.02s Sys=0.00s Real=0.01s
[2026-03-22T19:51:02.692+0900][12.790s][info][gc,start       ] GC(1148) Pause Young (Allocation Failure)
[2026-03-22T19:51:02.696+0900][12.795s][info][gc,heap        ] GC(1148) PSYoungGen: 116136K(116736K)->57632K(116736K) Eden: 58504K(58880K)->0K(58880K) From: 57632K(57856K)->57632K(57856K)
[2026-03-22T19:51:02.696+0900][12.795s][info][gc,heap        ] GC(1148) ParOldGen: 244820K(349696K)->292028K(349696K)
[2026-03-22T19:51:02.696+0900][12.795s][info][gc,metaspace   ] GC(1148) Metaspace: 341K(512K)->341K(512K) NonClass: 323K(384K)->323K(384K) Class: 17K(128K)->17K(128K)
[2026-03-22T19:51:02.696+0900][12.795s][info][gc             ] GC(1148) Pause Young (Allocation Failure) 352M->341M(455M) 4.399ms
[2026-03-22T19:51:02.696+0900][12.795s][info][gc,cpu         ] GC(1148) User=0.00s Sys=0.00s Real=0.00s
[2026-03-22T19:51:02.703+0900][12.802s][info][gc,start       ] GC(1149) Pause Full (Ergonomics)
[2026-03-22T19:51:02.703+0900][12.802s][info][gc,phases,start] GC(1149) Marking Phase
[2026-03-22T19:51:02.704+0900][12.803s][info][gc,phases      ] GC(1149) Marking Phase 1.420ms
[2026-03-22T19:51:02.704+0900][12.803s][info][gc,phases,start] GC(1149) Summary Phase
[2026-03-22T19:51:02.704+0900][12.803s][info][gc,phases      ] GC(1149) Summary Phase 0.023ms
[2026-03-22T19:51:02.704+0900][12.803s][info][gc,phases,start] GC(1149) Adjust Roots
[2026-03-22T19:51:02.704+0900][12.803s][info][gc,phases      ] GC(1149) Adjust Roots 0.259ms
[2026-03-22T19:51:02.704+0900][12.803s][info][gc,phases,start] GC(1149) Compaction Phase
[2026-03-22T19:51:02.710+0900][12.809s][info][gc,phases      ] GC(1149) Compaction Phase 5.453ms
[2026-03-22T19:51:02.710+0900][12.809s][info][gc,phases,start] GC(1149) Post Compact
[2026-03-22T19:51:02.712+0900][12.810s][info][gc,phases      ] GC(1149) Post Compact 1.372ms
[2026-03-22T19:51:02.712+0900][12.810s][info][gc,heap        ] GC(1149) PSYoungGen: 116136K(116736K)->0K(116736K) Eden: 58504K(58880K)->0K(58880K) From: 57632K(57856K)->0K(57856K)
[2026-03-22T19:51:02.712+0900][12.810s][info][gc,heap        ] GC(1149) ParOldGen: 292028K(349696K)->103430K(349696K)
[2026-03-22T19:51:02.712+0900][12.810s][info][gc,metaspace   ] GC(1149) Metaspace: 341K(512K)->341K(512K) NonClass: 323K(384K)->323K(384K) Class: 17K(128K)->17K(128K)
[2026-03-22T19:51:02.712+0900][12.810s][info][gc             ] GC(1149) Pause Full (Ergonomics) 398M->101M(455M) 8.798ms
[2026-03-22T19:51:02.712+0900][12.810s][info][gc,cpu         ] GC(1149) User=0.00s Sys=0.00s Real=0.01s
[2026-03-22T19:51:02.718+0900][12.816s][info][gc,start       ] GC(1150) Pause Young (Allocation Failure)
[2026-03-22T19:51:02.720+0900][12.819s][info][gc,heap        ] GC(1150) PSYoungGen: 58504K(116736K)->57632K(116736K) Eden: 58504K(58880K)->0K(58880K) From: 0K(57856K)->57632K(57856K)
[2026-03-22T19:51:02.720+0900][12.819s][info][gc,heap        ] GC(1150) ParOldGen: 103430K(349696K)->103430K(349696K)
[2026-03-22T19:51:02.720+0900][12.819s][info][gc,metaspace   ] GC(1150) Metaspace: 341K(512K)->341K(512K) NonClass: 323K(384K)->323K(384K) Class: 17K(128K)->17K(128K)
[2026-03-22T19:51:02.720+0900][12.819s][info][gc             ] GC(1150) Pause Young (Allocation Failure) 158M->157M(455M) 2.704ms
[2026-03-22T19:51:02.720+0900][12.819s][info][gc,cpu         ] GC(1150) User=0.00s Sys=0.00s Real=0.00s
[2026-03-22T19:51:02.728+0900][12.827s][info][gc,start       ] GC(1151) Pause Young (Allocation Failure)
[2026-03-22T19:51:02.733+0900][12.831s][info][gc,heap        ] GC(1151) PSYoungGen: 116136K(116736K)->57632K(116736K) Eden: 58504K(58880K)->0K(58880K) From: 57632K(57856K)->57632K(57856K)
[2026-03-22T19:51:02.733+0900][12.831s][info][gc,heap        ] GC(1151) ParOldGen: 103430K(349696K)->150638K(349696K)
[2026-03-22T19:51:02.733+0900][12.831s][info][gc,metaspace   ] GC(1151) Metaspace: 341K(512K)->341K(512K) NonClass: 323K(384K)->323K(384K) Class: 17K(128K)->17K(128K)
[2026-03-22T19:51:02.733+0900][12.831s][info][gc             ] GC(1151) Pause Young (Allocation Failure) 214M->203M(455M) 4.139ms
[2026-03-22T19:51:02.733+0900][12.831s][info][gc,cpu         ] GC(1151) User=0.00s Sys=0.00s Real=0.01s
[2026-03-22T19:51:02.739+0900][12.837s][info][gc,start       ] GC(1152) Pause Young (Allocation Failure)
[2026-03-22T19:51:02.743+0900][12.841s][info][gc,heap        ] GC(1152) PSYoungGen: 116136K(116736K)->57632K(116736K) Eden: 58504K(58880K)->0K(58880K) From: 57632K(57856K)->57632K(57856K)
[2026-03-22T19:51:02.743+0900][12.841s][info][gc,heap        ] GC(1152) ParOldGen: 150638K(349696K)->197847K(349696K)
[2026-03-22T19:51:02.743+0900][12.841s][info][gc,metaspace   ] GC(1152) Metaspace: 341K(512K)->341K(512K) NonClass: 323K(384K)->323K(384K) Class: 17K(128K)->17K(128K)
[2026-03-22T19:51:02.743+0900][12.841s][info][gc             ] GC(1152) Pause Young (Allocation Failure) 260M->249M(455M) 4.162ms
[2026-03-22T19:51:02.743+0900][12.841s][info][gc,cpu         ] GC(1152) User=0.00s Sys=0.00s Real=0.00s
[2026-03-22T19:51:02.748+0900][12.847s][info][gc,start       ] GC(1153) Pause Young (Allocation Failure)
[2026-03-22T19:51:02.752+0900][12.851s][info][gc,heap        ] GC(1153) PSYoungGen: 116136K(116736K)->57632K(116736K) Eden: 58504K(58880K)->0K(58880K) From: 57632K(57856K)->57632K(57856K)
[2026-03-22T19:51:02.752+0900][12.851s][info][gc,heap        ] GC(1153) ParOldGen: 197847K(349696K)->245063K(349696K)
[2026-03-22T19:51:02.752+0900][12.851s][info][gc,metaspace   ] GC(1153) Metaspace: 341K(512K)->341K(512K) NonClass: 323K(384K)->323K(384K) Class: 17K(128K)->17K(128K)
[2026-03-22T19:51:02.752+0900][12.851s][info][gc             ] GC(1153) Pause Young (Allocation Failure) 306M->295M(455M) 4.712ms
[2026-03-22T19:51:02.752+0900][12.851s][info][gc,cpu         ] GC(1153) User=0.00s Sys=0.00s Real=0.00s
[2026-03-22T19:51:02.758+0900][12.857s][info][gc,start       ] GC(1154) Pause Young (Allocation Failure)
[2026-03-22T19:51:02.762+0900][12.861s][info][gc,heap        ] GC(1154) PSYoungGen: 116136K(116736K)->57632K(116736K) Eden: 58504K(58880K)->0K(58880K) From: 57632K(57856K)->57632K(57856K)
[2026-03-22T19:51:02.762+0900][12.861s][info][gc,heap        ] GC(1154) ParOldGen: 245063K(349696K)->292271K(349696K)
[2026-03-22T19:51:02.762+0900][12.861s][info][gc,metaspace   ] GC(1154) Metaspace: 341K(512K)->341K(512K) NonClass: 323K(384K)->323K(384K) Class: 17K(128K)->17K(128K)
[2026-03-22T19:51:02.762+0900][12.861s][info][gc             ] GC(1154) Pause Young (Allocation Failure) 352M->341M(455M) 4.355ms
[2026-03-22T19:51:02.762+0900][12.861s][info][gc,cpu         ] GC(1154) User=0.12s Sys=0.00s Real=0.00s
[2026-03-22T19:51:02.768+0900][12.867s][info][gc,start       ] GC(1155) Pause Full (Ergonomics)
[2026-03-22T19:51:02.768+0900][12.867s][info][gc,phases,start] GC(1155) Marking Phase
[2026-03-22T19:51:02.769+0900][12.868s][info][gc,phases      ] GC(1155) Marking Phase 1.380ms
[2026-03-22T19:51:02.769+0900][12.868s][info][gc,phases,start] GC(1155) Summary Phase
[2026-03-22T19:51:02.769+0900][12.868s][info][gc,phases      ] GC(1155) Summary Phase 0.023ms
[2026-03-22T19:51:02.769+0900][12.868s][info][gc,phases,start] GC(1155) Adjust Roots
[2026-03-22T19:51:02.770+0900][12.868s][info][gc,phases      ] GC(1155) Adjust Roots 0.207ms
[2026-03-22T19:51:02.770+0900][12.869s][info][gc,phases,start] GC(1155) Compaction Phase
[2026-03-22T19:51:02.775+0900][12.873s][info][gc,phases      ] GC(1155) Compaction Phase 4.931ms
[2026-03-22T19:51:02.775+0900][12.874s][info][gc,phases,start] GC(1155) Post Compact
[2026-03-22T19:51:02.776+0900][12.875s][info][gc,phases      ] GC(1155) Post Compact 1.347ms
[2026-03-22T19:51:02.776+0900][12.875s][info][gc,heap        ] GC(1155) PSYoungGen: 116136K(116736K)->0K(116736K) Eden: 58504K(58880K)->0K(58880K) From: 57632K(57856K)->0K(57856K)
[2026-03-22T19:51:02.776+0900][12.875s][info][gc,heap        ] GC(1155) ParOldGen: 292271K(349696K)->103430K(349696K)
[2026-03-22T19:51:02.776+0900][12.875s][info][gc,metaspace   ] GC(1155) Metaspace: 341K(512K)->341K(512K) NonClass: 323K(384K)->323K(384K) Class: 17K(128K)->17K(128K)
[2026-03-22T19:51:02.776+0900][12.875s][info][gc             ] GC(1155) Pause Full (Ergonomics) 398M->101M(455M) 8.274ms
[2026-03-22T19:51:02.776+0900][12.875s][info][gc,cpu         ] GC(1155) User=0.02s Sys=0.00s Real=0.01s
[2026-03-22T19:51:02.782+0900][12.881s][info][gc,start       ] GC(1156) Pause Young (Allocation Failure)
[2026-03-22T19:51:02.785+0900][12.883s][info][gc,heap        ] GC(1156) PSYoungGen: 58504K(116736K)->57632K(116736K) Eden: 58504K(58880K)->0K(58880K) From: 0K(57856K)->57632K(57856K)
[2026-03-22T19:51:02.785+0900][12.884s][info][gc,heap        ] GC(1156) ParOldGen: 103430K(349696K)->103430K(349696K)
[2026-03-22T19:51:02.785+0900][12.884s][info][gc,metaspace   ] GC(1156) Metaspace: 341K(512K)->341K(512K) NonClass: 323K(384K)->323K(384K) Class: 17K(128K)->17K(128K)
[2026-03-22T19:51:02.785+0900][12.884s][info][gc             ] GC(1156) Pause Young (Allocation Failure) 158M->157M(455M) 2.880ms
[2026-03-22T19:51:02.785+0900][12.884s][info][gc,cpu         ] GC(1156) User=0.00s Sys=0.00s Real=0.00s
[2026-03-22T19:51:02.791+0900][12.889s][info][gc,start       ] GC(1157) Pause Young (Allocation Failure)
[2026-03-22T19:51:02.795+0900][12.894s][info][gc,heap        ] GC(1157) PSYoungGen: 116136K(116736K)->57600K(116736K) Eden: 58504K(58880K)->0K(58880K) From: 57632K(57856K)->57600K(57856K)
[2026-03-22T19:51:02.795+0900][12.894s][info][gc,heap        ] GC(1157) ParOldGen: 103430K(349696K)->150630K(349696K)
[2026-03-22T19:51:02.796+0900][12.894s][info][gc,metaspace   ] GC(1157) Metaspace: 341K(512K)->341K(512K) NonClass: 323K(384K)->323K(384K) Class: 17K(128K)->17K(128K)
[2026-03-22T19:51:02.796+0900][12.894s][info][gc             ] GC(1157) Pause Young (Allocation Failure) 214M->203M(455M) 4.655ms
[2026-03-22T19:51:02.796+0900][12.894s][info][gc,cpu         ] GC(1157) User=0.00s Sys=0.00s Real=0.01s
[2026-03-22T19:51:02.802+0900][12.900s][info][gc,start       ] GC(1158) Pause Young (Allocation Failure)
[2026-03-22T19:51:02.806+0900][12.904s][info][gc,heap        ] GC(1158) PSYoungGen: 116104K(116736K)->57568K(116736K) Eden: 58504K(58880K)->0K(58880K) From: 57600K(57856K)->57568K(57856K)
[2026-03-22T19:51:02.806+0900][12.904s][info][gc,heap        ] GC(1158) ParOldGen: 150630K(349696K)->197831K(349696K)
[2026-03-22T19:51:02.806+0900][12.904s][info][gc,metaspace   ] GC(1158) Metaspace: 341K(512K)->341K(512K) NonClass: 323K(384K)->323K(384K) Class: 17K(128K)->17K(128K)
[2026-03-22T19:51:02.806+0900][12.905s][info][gc             ] GC(1158) Pause Young (Allocation Failure) 260M->249M(455M) 4.335ms
[2026-03-22T19:51:02.806+0900][12.905s][info][gc,cpu         ] GC(1158) User=0.00s Sys=0.00s Real=0.00s
[2026-03-22T19:51:02.811+0900][12.910s][info][gc,start       ] GC(1159) Pause Young (Allocation Failure)
[2026-03-22T19:51:02.815+0900][12.914s][info][gc,heap        ] GC(1159) PSYoungGen: 116072K(116736K)->57632K(116736K) Eden: 58504K(58880K)->0K(58880K) From: 57568K(57856K)->57632K(57856K)
[2026-03-22T19:51:02.815+0900][12.914s][info][gc,heap        ] GC(1159) ParOldGen: 197831K(349696K)->245047K(349696K)
[2026-03-22T19:51:02.816+0900][12.914s][info][gc,metaspace   ] GC(1159) Metaspace: 341K(512K)->341K(512K) NonClass: 323K(384K)->323K(384K) Class: 17K(128K)->17K(128K)
[2026-03-22T19:51:02.816+0900][12.915s][info][gc             ] GC(1159) Pause Young (Allocation Failure) 306M->295M(455M) 4.780ms
[2026-03-22T19:51:02.816+0900][12.915s][info][gc,cpu         ] GC(1159) User=0.00s Sys=0.00s Real=0.00s
[2026-03-22T19:51:02.824+0900][12.923s][info][gc,start       ] GC(1160) Pause Young (Allocation Failure)
[2026-03-22T19:51:02.829+0900][12.927s][info][gc,heap        ] GC(1160) PSYoungGen: 116136K(116736K)->57632K(116736K) Eden: 58504K(58880K)->0K(58880K) From: 57632K(57856K)->57632K(57856K)
[2026-03-22T19:51:02.829+0900][12.928s][info][gc,heap        ] GC(1160) ParOldGen: 245047K(349696K)->292255K(349696K)
[2026-03-22T19:51:02.829+0900][12.928s][info][gc,metaspace   ] GC(1160) Metaspace: 341K(512K)->341K(512K) NonClass: 323K(384K)->323K(384K) Class: 17K(128K)->17K(128K)
[2026-03-22T19:51:02.829+0900][12.928s][info][gc             ] GC(1160) Pause Young (Allocation Failure) 352M->341M(455M) 4.721ms
[2026-03-22T19:51:02.829+0900][12.928s][info][gc,cpu         ] GC(1160) User=0.00s Sys=0.00s Real=0.01s
[2026-03-22T19:51:02.835+0900][12.934s][info][gc,start       ] GC(1161) Pause Full (Ergonomics)
[2026-03-22T19:51:02.835+0900][12.934s][info][gc,phases,start] GC(1161) Marking Phase
[2026-03-22T19:51:02.837+0900][12.936s][info][gc,phases      ] GC(1161) Marking Phase 1.705ms
[2026-03-22T19:51:02.837+0900][12.936s][info][gc,phases,start] GC(1161) Summary Phase
[2026-03-22T19:51:02.837+0900][12.936s][info][gc,phases      ] GC(1161) Summary Phase 0.015ms
[2026-03-22T19:51:02.837+0900][12.936s][info][gc,phases,start] GC(1161) Adjust Roots
[2026-03-22T19:51:02.837+0900][12.936s][info][gc,phases      ] GC(1161) Adjust Roots 0.210ms
[2026-03-22T19:51:02.837+0900][12.936s][info][gc,phases,start] GC(1161) Compaction Phase
[2026-03-22T19:51:02.843+0900][12.942s][info][gc,phases      ] GC(1161) Compaction Phase 5.652ms
[2026-03-22T19:51:02.843+0900][12.942s][info][gc,phases,start] GC(1161) Post Compact
[2026-03-22T19:51:02.844+0900][12.943s][info][gc,phases      ] GC(1161) Post Compact 1.437ms
[2026-03-22T19:51:02.844+0900][12.943s][info][gc,heap        ] GC(1161) PSYoungGen: 116136K(116736K)->0K(116736K) Eden: 58504K(58880K)->0K(58880K) From: 57632K(57856K)->0K(57856K)
[2026-03-22T19:51:02.844+0900][12.943s][info][gc,heap        ] GC(1161) ParOldGen: 292255K(349696K)->103430K(349696K)
[2026-03-22T19:51:02.844+0900][12.943s][info][gc,metaspace   ] GC(1161) Metaspace: 341K(512K)->341K(512K) NonClass: 323K(384K)->323K(384K) Class: 17K(128K)->17K(128K)
[2026-03-22T19:51:02.844+0900][12.943s][info][gc             ] GC(1161) Pause Full (Ergonomics) 398M->101M(455M) 9.352ms
[2026-03-22T19:51:02.844+0900][12.943s][info][gc,cpu         ] GC(1161) User=0.02s Sys=0.00s Real=0.01s
[2026-03-22T19:51:02.851+0900][12.949s][info][gc,start       ] GC(1162) Pause Young (Allocation Failure)
[2026-03-22T19:51:02.853+0900][12.952s][info][gc,heap        ] GC(1162) PSYoungGen: 58504K(116736K)->57632K(116736K) Eden: 58504K(58880K)->0K(58880K) From: 0K(57856K)->57632K(57856K)
[2026-03-22T19:51:02.853+0900][12.952s][info][gc,heap        ] GC(1162) ParOldGen: 103430K(349696K)->103430K(349696K)
[2026-03-22T19:51:02.853+0900][12.952s][info][gc,metaspace   ] GC(1162) Metaspace: 341K(512K)->341K(512K) NonClass: 323K(384K)->323K(384K) Class: 17K(128K)->17K(128K)
[2026-03-22T19:51:02.853+0900][12.952s][info][gc             ] GC(1162) Pause Young (Allocation Failure) 158M->157M(455M) 2.517ms
[2026-03-22T19:51:02.853+0900][12.952s][info][gc,cpu         ] GC(1162) User=0.00s Sys=0.00s Real=0.00s
[2026-03-22T19:51:02.858+0900][12.957s][info][gc,start       ] GC(1163) Pause Young (Allocation Failure)
[2026-03-22T19:51:02.862+0900][12.961s][info][gc,heap        ] GC(1163) PSYoungGen: 116136K(116736K)->57632K(116736K) Eden: 58504K(58880K)->0K(58880K) From: 57632K(57856K)->57632K(57856K)
[2026-03-22T19:51:02.862+0900][12.961s][info][gc,heap        ] GC(1163) ParOldGen: 103430K(349696K)->150638K(349696K)
[2026-03-22T19:51:02.862+0900][12.961s][info][gc,metaspace   ] GC(1163) Metaspace: 341K(512K)->341K(512K) NonClass: 323K(384K)->323K(384K) Class: 17K(128K)->17K(128K)
[2026-03-22T19:51:02.862+0900][12.961s][info][gc             ] GC(1163) Pause Young (Allocation Failure) 214M->203M(455M) 3.895ms
[2026-03-22T19:51:02.862+0900][12.961s][info][gc,cpu         ] GC(1163) User=0.00s Sys=0.00s Real=0.00s
[2026-03-22T19:51:02.870+0900][12.968s][info][gc,start       ] GC(1164) Pause Young (Allocation Failure)
[2026-03-22T19:51:02.874+0900][12.972s][info][gc,heap        ] GC(1164) PSYoungGen: 116136K(116736K)->57632K(116736K) Eden: 58504K(58880K)->0K(58880K) From: 57632K(57856K)->57632K(57856K)
[2026-03-22T19:51:02.874+0900][12.972s][info][gc,heap        ] GC(1164) ParOldGen: 150638K(349696K)->197847K(349696K)
[2026-03-22T19:51:02.874+0900][12.972s][info][gc,metaspace   ] GC(1164) Metaspace: 341K(512K)->341K(512K) NonClass: 323K(384K)->323K(384K) Class: 17K(128K)->17K(128K)
[2026-03-22T19:51:02.874+0900][12.972s][info][gc             ] GC(1164) Pause Young (Allocation Failure) 260M->249M(455M) 4.161ms
[2026-03-22T19:51:02.874+0900][12.972s][info][gc,cpu         ] GC(1164) User=0.00s Sys=0.00s Real=0.00s
[2026-03-22T19:51:02.880+0900][12.978s][info][gc,start       ] GC(1165) Pause Young (Allocation Failure)
[2026-03-22T19:51:02.884+0900][12.982s][info][gc,heap        ] GC(1165) PSYoungGen: 116136K(116736K)->57632K(116736K) Eden: 58504K(58880K)->0K(58880K) From: 57632K(57856K)->57632K(57856K)
[2026-03-22T19:51:02.884+0900][12.983s][info][gc,heap        ] GC(1165) ParOldGen: 197847K(349696K)->245063K(349696K)
[2026-03-22T19:51:02.884+0900][12.983s][info][gc,metaspace   ] GC(1165) Metaspace: 341K(512K)->341K(512K) NonClass: 323K(384K)->323K(384K) Class: 17K(128K)->17K(128K)
[2026-03-22T19:51:02.884+0900][12.983s][info][gc             ] GC(1165) Pause Young (Allocation Failure) 306M->295M(455M) 4.218ms
[2026-03-22T19:51:02.884+0900][12.983s][info][gc,cpu         ] GC(1165) User=0.00s Sys=0.00s Real=0.00s
[2026-03-22T19:51:02.889+0900][12.988s][info][gc,start       ] GC(1166) Pause Young (Allocation Failure)
[2026-03-22T19:51:02.893+0900][12.992s][info][gc,heap        ] GC(1166) PSYoungGen: 116136K(116736K)->57632K(116736K) Eden: 58504K(58880K)->0K(58880K) From: 57632K(57856K)->57632K(57856K)
[2026-03-22T19:51:02.893+0900][12.992s][info][gc,heap        ] GC(1166) ParOldGen: 245063K(349696K)->292271K(349696K)
[2026-03-22T19:51:02.893+0900][12.992s][info][gc,metaspace   ] GC(1166) Metaspace: 341K(512K)->341K(512K) NonClass: 323K(384K)->323K(384K) Class: 17K(128K)->17K(128K)
[2026-03-22T19:51:02.893+0900][12.992s][info][gc             ] GC(1166) Pause Young (Allocation Failure) 352M->341M(455M) 4.252ms
[2026-03-22T19:51:02.893+0900][12.992s][info][gc,cpu         ] GC(1166) User=0.00s Sys=0.00s Real=0.00s
[2026-03-22T19:51:02.899+0900][12.998s][info][gc,start       ] GC(1167) Pause Full (Ergonomics)
[2026-03-22T19:51:02.899+0900][12.998s][info][gc,phases,start] GC(1167) Marking Phase
[2026-03-22T19:51:02.900+0900][12.999s][info][gc,phases      ] GC(1167) Marking Phase 1.468ms
[2026-03-22T19:51:02.900+0900][12.999s][info][gc,phases,start] GC(1167) Summary Phase
[2026-03-22T19:51:02.900+0900][12.999s][info][gc,phases      ] GC(1167) Summary Phase 0.024ms
[2026-03-22T19:51:02.900+0900][12.999s][info][gc,phases,start] GC(1167) Adjust Roots
[2026-03-22T19:51:02.901+0900][12.999s][info][gc,phases      ] GC(1167) Adjust Roots 0.228ms
[2026-03-22T19:51:02.901+0900][12.999s][info][gc,phases,start] GC(1167) Compaction Phase
[2026-03-22T19:51:02.905+0900][13.004s][info][gc,phases      ] GC(1167) Compaction Phase 4.671ms
[2026-03-22T19:51:02.905+0900][13.004s][info][gc,phases,start] GC(1167) Post Compact
[2026-03-22T19:51:02.907+0900][13.006s][info][gc,phases      ] GC(1167) Post Compact 1.681ms
[2026-03-22T19:51:02.907+0900][13.006s][info][gc,heap        ] GC(1167) PSYoungGen: 116136K(116736K)->0K(116736K) Eden: 58504K(58880K)->0K(58880K) From: 57632K(57856K)->0K(57856K)
[2026-03-22T19:51:02.907+0900][13.006s][info][gc,heap        ] GC(1167) ParOldGen: 292271K(349696K)->103430K(349696K)
[2026-03-22T19:51:02.907+0900][13.006s][info][gc,metaspace   ] GC(1167) Metaspace: 341K(512K)->341K(512K) NonClass: 323K(384K)->323K(384K) Class: 17K(128K)->17K(128K)
[2026-03-22T19:51:02.907+0900][13.006s][info][gc             ] GC(1167) Pause Full (Ergonomics) 398M->101M(455M) 8.471ms
[2026-03-22T19:51:02.907+0900][13.006s][info][gc,cpu         ] GC(1167) User=0.02s Sys=0.00s Real=0.01s
[2026-03-22T19:51:02.912+0900][13.012s][info][gc,start       ] GC(1168) Pause Young (Allocation Failure)
[2026-03-22T19:51:02.916+0900][13.014s][info][gc,heap        ] GC(1168) PSYoungGen: 58504K(116736K)->57632K(116736K) Eden: 58504K(58880K)->0K(58880K) From: 0K(57856K)->57632K(57856K)
[2026-03-22T19:51:02.916+0900][13.014s][info][gc,heap        ] GC(1168) ParOldGen: 103430K(349696K)->103430K(349696K)
[2026-03-22T19:51:02.916+0900][13.014s][info][gc,metaspace   ] GC(1168) Metaspace: 341K(512K)->341K(512K) NonClass: 323K(384K)->323K(384K) Class: 17K(128K)->17K(128K)
[2026-03-22T19:51:02.916+0900][13.014s][info][gc             ] GC(1168) Pause Young (Allocation Failure) 158M->157M(455M) 2.820ms
[2026-03-22T19:51:02.916+0900][13.015s][info][gc,cpu         ] GC(1168) User=0.02s Sys=0.00s Real=0.00s
[2026-03-22T19:51:02.921+0900][13.020s][info][gc,start       ] GC(1169) Pause Young (Allocation Failure)
[2026-03-22T19:51:02.925+0900][13.024s][info][gc,heap        ] GC(1169) PSYoungGen: 116136K(116736K)->57632K(116736K) Eden: 58504K(58880K)->0K(58880K) From: 57632K(57856K)->57632K(57856K)
[2026-03-22T19:51:02.925+0900][13.024s][info][gc,heap        ] GC(1169) ParOldGen: 103430K(349696K)->150638K(349696K)
[2026-03-22T19:51:02.925+0900][13.024s][info][gc,metaspace   ] GC(1169) Metaspace: 341K(512K)->341K(512K) NonClass: 323K(384K)->323K(384K) Class: 17K(128K)->17K(128K)
[2026-03-22T19:51:02.925+0900][13.024s][info][gc             ] GC(1169) Pause Young (Allocation Failure) 214M->203M(455M) 4.235ms
[2026-03-22T19:51:02.925+0900][13.024s][info][gc,cpu         ] GC(1169) User=0.00s Sys=0.00s Real=0.00s
[2026-03-22T19:51:02.930+0900][13.029s][info][gc,start       ] GC(1170) Pause Young (Allocation Failure)
[2026-03-22T19:51:02.934+0900][13.033s][info][gc,heap        ] GC(1170) PSYoungGen: 116136K(116736K)->57632K(116736K) Eden: 58504K(58880K)->0K(58880K) From: 57632K(57856K)->57632K(57856K)
[2026-03-22T19:51:02.934+0900][13.033s][info][gc,heap        ] GC(1170) ParOldGen: 150638K(349696K)->197847K(349696K)
[2026-03-22T19:51:02.934+0900][13.033s][info][gc,metaspace   ] GC(1170) Metaspace: 341K(512K)->341K(512K) NonClass: 323K(384K)->323K(384K) Class: 17K(128K)->17K(128K)
[2026-03-22T19:51:02.935+0900][13.033s][info][gc             ] GC(1170) Pause Young (Allocation Failure) 260M->249M(455M) 4.140ms
[2026-03-22T19:51:02.935+0900][13.034s][info][gc,cpu         ] GC(1170) User=0.11s Sys=0.02s Real=0.00s
[2026-03-22T19:51:02.941+0900][13.039s][info][gc,start       ] GC(1171) Pause Young (Allocation Failure)
[2026-03-22T19:51:02.945+0900][13.043s][info][gc,heap        ] GC(1171) PSYoungGen: 116136K(116736K)->57632K(116736K) Eden: 58504K(58880K)->0K(58880K) From: 57632K(57856K)->57632K(57856K)
[2026-03-22T19:51:02.945+0900][13.044s][info][gc,heap        ] GC(1171) ParOldGen: 197847K(349696K)->245063K(349696K)
[2026-03-22T19:51:02.945+0900][13.044s][info][gc,metaspace   ] GC(1171) Metaspace: 341K(512K)->341K(512K) NonClass: 323K(384K)->323K(384K) Class: 17K(128K)->17K(128K)
[2026-03-22T19:51:02.945+0900][13.044s][info][gc             ] GC(1171) Pause Young (Allocation Failure) 306M->295M(455M) 4.450ms
[2026-03-22T19:51:02.945+0900][13.044s][info][gc,cpu         ] GC(1171) User=0.00s Sys=0.00s Real=0.00s
[2026-03-22T19:51:02.951+0900][13.050s][info][gc,start       ] GC(1172) Pause Young (Allocation Failure)
[2026-03-22T19:51:02.956+0900][13.054s][info][gc,heap        ] GC(1172) PSYoungGen: 116136K(116736K)->57632K(116736K) Eden: 58504K(58880K)->0K(58880K) From: 57632K(57856K)->57632K(57856K)
[2026-03-22T19:51:02.956+0900][13.054s][info][gc,heap        ] GC(1172) ParOldGen: 245063K(349696K)->292271K(349696K)
[2026-03-22T19:51:02.956+0900][13.054s][info][gc,metaspace   ] GC(1172) Metaspace: 341K(512K)->341K(512K) NonClass: 323K(384K)->323K(384K) Class: 17K(128K)->17K(128K)
[2026-03-22T19:51:02.956+0900][13.055s][info][gc             ] GC(1172) Pause Young (Allocation Failure) 352M->341M(455M) 4.414ms
[2026-03-22T19:51:02.956+0900][13.055s][info][gc,cpu         ] GC(1172) User=0.00s Sys=0.00s Real=0.01s
[2026-03-22T19:51:02.961+0900][13.060s][info][gc,start       ] GC(1173) Pause Full (Ergonomics)
[2026-03-22T19:51:02.961+0900][13.060s][info][gc,phases,start] GC(1173) Marking Phase
[2026-03-22T19:51:02.963+0900][13.062s][info][gc,phases      ] GC(1173) Marking Phase 1.381ms
[2026-03-22T19:51:02.963+0900][13.062s][info][gc,phases,start] GC(1173) Summary Phase
[2026-03-22T19:51:02.963+0900][13.062s][info][gc,phases      ] GC(1173) Summary Phase 0.028ms
[2026-03-22T19:51:02.963+0900][13.062s][info][gc,phases,start] GC(1173) Adjust Roots
[2026-03-22T19:51:02.963+0900][13.062s][info][gc,phases      ] GC(1173) Adjust Roots 0.263ms
[2026-03-22T19:51:02.963+0900][13.062s][info][gc,phases,start] GC(1173) Compaction Phase
[2026-03-22T19:51:02.968+0900][13.067s][info][gc,phases      ] GC(1173) Compaction Phase 4.729ms
[2026-03-22T19:51:02.968+0900][13.067s][info][gc,phases,start] GC(1173) Post Compact
[2026-03-22T19:51:02.970+0900][13.069s][info][gc,phases      ] GC(1173) Post Compact 2.059ms
[2026-03-22T19:51:02.970+0900][13.069s][info][gc,heap        ] GC(1173) PSYoungGen: 116136K(116736K)->0K(116736K) Eden: 58504K(58880K)->0K(58880K) From: 57632K(57856K)->0K(57856K)
[2026-03-22T19:51:02.970+0900][13.069s][info][gc,heap        ] GC(1173) ParOldGen: 292271K(349696K)->103430K(349696K)
[2026-03-22T19:51:02.970+0900][13.069s][info][gc,metaspace   ] GC(1173) Metaspace: 341K(512K)->341K(512K) NonClass: 323K(384K)->323K(384K) Class: 17K(128K)->17K(128K)
[2026-03-22T19:51:02.970+0900][13.069s][info][gc             ] GC(1173) Pause Full (Ergonomics) 398M->101M(455M) 8.868ms
[2026-03-22T19:51:02.970+0900][13.069s][info][gc,cpu         ] GC(1173) User=0.00s Sys=0.00s Real=0.01s
[2026-03-22T19:51:02.976+0900][13.075s][info][gc,start       ] GC(1174) Pause Young (Allocation Failure)
[2026-03-22T19:51:02.978+0900][13.077s][info][gc,heap        ] GC(1174) PSYoungGen: 58504K(116736K)->57632K(116736K) Eden: 58504K(58880K)->0K(58880K) From: 0K(57856K)->57632K(57856K)
[2026-03-22T19:51:02.978+0900][13.077s][info][gc,heap        ] GC(1174) ParOldGen: 103430K(349696K)->103430K(349696K)
[2026-03-22T19:51:02.978+0900][13.077s][info][gc,metaspace   ] GC(1174) Metaspace: 341K(512K)->341K(512K) NonClass: 323K(384K)->323K(384K) Class: 17K(128K)->17K(128K)
[2026-03-22T19:51:02.979+0900][13.077s][info][gc             ] GC(1174) Pause Young (Allocation Failure) 158M->157M(455M) 2.793ms
[2026-03-22T19:51:02.979+0900][13.077s][info][gc,cpu         ] GC(1174) User=0.00s Sys=0.00s Real=0.00s
[2026-03-22T19:51:02.984+0900][13.082s][info][gc,start       ] GC(1175) Pause Young (Allocation Failure)
[2026-03-22T19:51:02.988+0900][13.087s][info][gc,heap        ] GC(1175) PSYoungGen: 116136K(116736K)->57632K(116736K) Eden: 58504K(58880K)->0K(58880K) From: 57632K(57856K)->57632K(57856K)
[2026-03-22T19:51:02.988+0900][13.087s][info][gc,heap        ] GC(1175) ParOldGen: 103430K(349696K)->150638K(349696K)
[2026-03-22T19:51:02.988+0900][13.087s][info][gc,metaspace   ] GC(1175) Metaspace: 341K(512K)->341K(512K) NonClass: 323K(384K)->323K(384K) Class: 17K(128K)->17K(128K)
[2026-03-22T19:51:02.989+0900][13.087s][info][gc             ] GC(1175) Pause Young (Allocation Failure) 214M->203M(455M) 4.752ms
[2026-03-22T19:51:02.989+0900][13.087s][info][gc,cpu         ] GC(1175) User=0.00s Sys=0.00s Real=0.01s
[2026-03-22T19:51:02.994+0900][13.093s][info][gc,start       ] GC(1176) Pause Young (Allocation Failure)
[2026-03-22T19:51:02.998+0900][13.097s][info][gc,heap        ] GC(1176) PSYoungGen: 116136K(116736K)->57632K(116736K) Eden: 58504K(58880K)->0K(58880K) From: 57632K(57856K)->57632K(57856K)
[2026-03-22T19:51:02.998+0900][13.097s][info][gc,heap        ] GC(1176) ParOldGen: 150638K(349696K)->197847K(349696K)
[2026-03-22T19:51:02.998+0900][13.097s][info][gc,metaspace   ] GC(1176) Metaspace: 341K(512K)->341K(512K) NonClass: 323K(384K)->323K(384K) Class: 17K(128K)->17K(128K)
[2026-03-22T19:51:02.998+0900][13.097s][info][gc             ] GC(1176) Pause Young (Allocation Failure) 260M->249M(455M) 4.258ms
[2026-03-22T19:51:02.999+0900][13.097s][info][gc,cpu         ] GC(1176) User=0.00s Sys=0.00s Real=0.01s
[2026-03-22T19:51:03.004+0900][13.103s][info][gc,start       ] GC(1177) Pause Young (Allocation Failure)
[2026-03-22T19:51:03.008+0900][13.107s][info][gc,heap        ] GC(1177) PSYoungGen: 116136K(116736K)->57632K(116736K) Eden: 58504K(58880K)->0K(58880K) From: 57632K(57856K)->57632K(57856K)
[2026-03-22T19:51:03.008+0900][13.107s][info][gc,heap        ] GC(1177) ParOldGen: 197847K(349696K)->245063K(349696K)
[2026-03-22T19:51:03.008+0900][13.107s][info][gc,metaspace   ] GC(1177) Metaspace: 341K(512K)->341K(512K) NonClass: 323K(384K)->323K(384K) Class: 17K(128K)->17K(128K)
[2026-03-22T19:51:03.008+0900][13.107s][info][gc             ] GC(1177) Pause Young (Allocation Failure) 306M->295M(455M) 4.289ms
[2026-03-22T19:51:03.008+0900][13.107s][info][gc,cpu         ] GC(1177) User=0.00s Sys=0.00s Real=0.00s
[2026-03-22T19:51:03.014+0900][13.113s][info][gc,start       ] GC(1178) Pause Young (Allocation Failure)
[2026-03-22T19:51:03.018+0900][13.117s][info][gc,heap        ] GC(1178) PSYoungGen: 116136K(116736K)->57632K(116736K) Eden: 58504K(58880K)->0K(58880K) From: 57632K(57856K)->57632K(57856K)
[2026-03-22T19:51:03.018+0900][13.117s][info][gc,heap        ] GC(1178) ParOldGen: 245063K(349696K)->292271K(349696K)
[2026-03-22T19:51:03.018+0900][13.117s][info][gc,metaspace   ] GC(1178) Metaspace: 341K(512K)->341K(512K) NonClass: 323K(384K)->323K(384K) Class: 17K(128K)->17K(128K)
[2026-03-22T19:51:03.018+0900][13.117s][info][gc             ] GC(1178) Pause Young (Allocation Failure) 352M->341M(455M) 4.347ms
[2026-03-22T19:51:03.018+0900][13.117s][info][gc,cpu         ] GC(1178) User=0.00s Sys=0.00s Real=0.00s
[2026-03-22T19:51:03.024+0900][13.122s][info][gc,start       ] GC(1179) Pause Full (Ergonomics)
[2026-03-22T19:51:03.024+0900][13.122s][info][gc,phases,start] GC(1179) Marking Phase
[2026-03-22T19:51:03.025+0900][13.124s][info][gc,phases      ] GC(1179) Marking Phase 1.492ms
[2026-03-22T19:51:03.025+0900][13.124s][info][gc,phases,start] GC(1179) Summary Phase
[2026-03-22T19:51:03.025+0900][13.124s][info][gc,phases      ] GC(1179) Summary Phase 0.024ms
[2026-03-22T19:51:03.025+0900][13.124s][info][gc,phases,start] GC(1179) Adjust Roots
[2026-03-22T19:51:03.025+0900][13.124s][info][gc,phases      ] GC(1179) Adjust Roots 0.220ms
[2026-03-22T19:51:03.025+0900][13.124s][info][gc,phases,start] GC(1179) Compaction Phase
[2026-03-22T19:51:03.030+0900][13.129s][info][gc,phases      ] GC(1179) Compaction Phase 4.896ms
[2026-03-22T19:51:03.030+0900][13.129s][info][gc,phases,start] GC(1179) Post Compact
[2026-03-22T19:51:03.032+0900][13.131s][info][gc,phases      ] GC(1179) Post Compact 1.746ms
[2026-03-22T19:51:03.032+0900][13.131s][info][gc,heap        ] GC(1179) PSYoungGen: 116136K(116736K)->0K(116736K) Eden: 58504K(58880K)->0K(58880K) From: 57632K(57856K)->0K(57856K)
[2026-03-22T19:51:03.032+0900][13.131s][info][gc,heap        ] GC(1179) ParOldGen: 292271K(349696K)->103430K(349696K)
[2026-03-22T19:51:03.032+0900][13.131s][info][gc,metaspace   ] GC(1179) Metaspace: 341K(512K)->341K(512K) NonClass: 323K(384K)->323K(384K) Class: 17K(128K)->17K(128K)
[2026-03-22T19:51:03.032+0900][13.131s][info][gc             ] GC(1179) Pause Full (Ergonomics) 398M->101M(455M) 8.678ms
[2026-03-22T19:51:03.032+0900][13.131s][info][gc,cpu         ] GC(1179) User=0.02s Sys=0.00s Real=0.01s
[2026-03-22T19:51:03.038+0900][13.137s][info][gc,start       ] GC(1180) Pause Young (Allocation Failure)
[2026-03-22T19:51:03.041+0900][13.140s][info][gc,heap        ] GC(1180) PSYoungGen: 58504K(116736K)->57632K(116736K) Eden: 58504K(58880K)->0K(58880K) From: 0K(57856K)->57632K(57856K)
[2026-03-22T19:51:03.041+0900][13.140s][info][gc,heap        ] GC(1180) ParOldGen: 103430K(349696K)->103430K(349696K)
[2026-03-22T19:51:03.041+0900][13.140s][info][gc,metaspace   ] GC(1180) Metaspace: 341K(512K)->341K(512K) NonClass: 323K(384K)->323K(384K) Class: 17K(128K)->17K(128K)
[2026-03-22T19:51:03.041+0900][13.140s][info][gc             ] GC(1180) Pause Young (Allocation Failure) 158M->157M(455M) 2.571ms
[2026-03-22T19:51:03.041+0900][13.140s][info][gc,cpu         ] GC(1180) User=0.12s Sys=0.00s Real=0.00s
[2026-03-22T19:51:03.046+0900][13.145s][info][gc,start       ] GC(1181) Pause Young (Allocation Failure)
[2026-03-22T19:51:03.051+0900][13.150s][info][gc,heap        ] GC(1181) PSYoungGen: 116136K(116736K)->57632K(116736K) Eden: 58504K(58880K)->0K(58880K) From: 57632K(57856K)->57632K(57856K)
[2026-03-22T19:51:03.051+0900][13.150s][info][gc,heap        ] GC(1181) ParOldGen: 103430K(349696K)->150638K(349696K)
[2026-03-22T19:51:03.051+0900][13.150s][info][gc,metaspace   ] GC(1181) Metaspace: 341K(512K)->341K(512K) NonClass: 323K(384K)->323K(384K) Class: 17K(128K)->17K(128K)
[2026-03-22T19:51:03.051+0900][13.150s][info][gc             ] GC(1181) Pause Young (Allocation Failure) 214M->203M(455M) 4.836ms
[2026-03-22T19:51:03.051+0900][13.150s][info][gc,cpu         ] GC(1181) User=0.00s Sys=0.00s Real=0.01s
[2026-03-22T19:51:03.057+0900][13.156s][info][gc,start       ] GC(1182) Pause Young (Allocation Failure)
[2026-03-22T19:51:03.061+0900][13.160s][info][gc,heap        ] GC(1182) PSYoungGen: 116136K(116736K)->57632K(116736K) Eden: 58504K(58880K)->0K(58880K) From: 57632K(57856K)->57632K(57856K)
[2026-03-22T19:51:03.061+0900][13.160s][info][gc,heap        ] GC(1182) ParOldGen: 150638K(349696K)->197847K(349696K)
[2026-03-22T19:51:03.061+0900][13.160s][info][gc,metaspace   ] GC(1182) Metaspace: 341K(512K)->341K(512K) NonClass: 323K(384K)->323K(384K) Class: 17K(128K)->17K(128K)
[2026-03-22T19:51:03.061+0900][13.160s][info][gc             ] GC(1182) Pause Young (Allocation Failure) 260M->249M(455M) 4.133ms
[2026-03-22T19:51:03.061+0900][13.160s][info][gc,cpu         ] GC(1182) User=0.00s Sys=0.00s Real=0.00s
[2026-03-22T19:51:03.069+0900][13.167s][info][gc,start       ] GC(1183) Pause Young (Allocation Failure)
[2026-03-22T19:51:03.074+0900][13.173s][info][gc,heap        ] GC(1183) PSYoungGen: 116136K(116736K)->57632K(116736K) Eden: 58504K(58880K)->0K(58880K) From: 57632K(57856K)->57632K(57856K)
[2026-03-22T19:51:03.074+0900][13.173s][info][gc,heap        ] GC(1183) ParOldGen: 197847K(349696K)->245063K(349696K)
[2026-03-22T19:51:03.074+0900][13.173s][info][gc,metaspace   ] GC(1183) Metaspace: 341K(512K)->341K(512K) NonClass: 323K(384K)->323K(384K) Class: 17K(128K)->17K(128K)
[2026-03-22T19:51:03.074+0900][13.173s][info][gc             ] GC(1183) Pause Young (Allocation Failure) 306M->295M(455M) 5.422ms
[2026-03-22T19:51:03.074+0900][13.173s][info][gc,cpu         ] GC(1183) User=0.12s Sys=0.00s Real=0.00s
[2026-03-22T19:51:03.080+0900][13.179s][info][gc,start       ] GC(1184) Pause Young (Allocation Failure)
[2026-03-22T19:51:03.084+0900][13.183s][info][gc,heap        ] GC(1184) PSYoungGen: 116136K(116736K)->57632K(116736K) Eden: 58504K(58880K)->0K(58880K) From: 57632K(57856K)->57632K(57856K)
[2026-03-22T19:51:03.084+0900][13.183s][info][gc,heap        ] GC(1184) ParOldGen: 245063K(349696K)->292271K(349696K)
[2026-03-22T19:51:03.084+0900][13.183s][info][gc,metaspace   ] GC(1184) Metaspace: 341K(512K)->341K(512K) NonClass: 323K(384K)->323K(384K) Class: 17K(128K)->17K(128K)
[2026-03-22T19:51:03.084+0900][13.183s][info][gc             ] GC(1184) Pause Young (Allocation Failure) 352M->341M(455M) 4.558ms
[2026-03-22T19:51:03.084+0900][13.183s][info][gc,cpu         ] GC(1184) User=0.00s Sys=0.00s Real=0.00s
[2026-03-22T19:51:03.090+0900][13.188s][info][gc,start       ] GC(1185) Pause Full (Ergonomics)
[2026-03-22T19:51:03.090+0900][13.188s][info][gc,phases,start] GC(1185) Marking Phase
[2026-03-22T19:51:03.091+0900][13.190s][info][gc,phases      ] GC(1185) Marking Phase 1.228ms
[2026-03-22T19:51:03.091+0900][13.190s][info][gc,phases,start] GC(1185) Summary Phase
[2026-03-22T19:51:03.091+0900][13.190s][info][gc,phases      ] GC(1185) Summary Phase 0.025ms
[2026-03-22T19:51:03.091+0900][13.190s][info][gc,phases,start] GC(1185) Adjust Roots
[2026-03-22T19:51:03.092+0900][13.190s][info][gc,phases      ] GC(1185) Adjust Roots 0.218ms
[2026-03-22T19:51:03.092+0900][13.190s][info][gc,phases,start] GC(1185) Compaction Phase
[2026-03-22T19:51:03.096+0900][13.195s][info][gc,phases      ] GC(1185) Compaction Phase 4.807ms
[2026-03-22T19:51:03.096+0900][13.195s][info][gc,phases,start] GC(1185) Post Compact
[2026-03-22T19:51:03.098+0900][13.196s][info][gc,phases      ] GC(1185) Post Compact 1.301ms
[2026-03-22T19:51:03.098+0900][13.196s][info][gc,heap        ] GC(1185) PSYoungGen: 116136K(116736K)->0K(116736K) Eden: 58504K(58880K)->0K(58880K) From: 57632K(57856K)->0K(57856K)
[2026-03-22T19:51:03.098+0900][13.196s][info][gc,heap        ] GC(1185) ParOldGen: 292271K(349696K)->103430K(349696K)
[2026-03-22T19:51:03.098+0900][13.196s][info][gc,metaspace   ] GC(1185) Metaspace: 341K(512K)->341K(512K) NonClass: 323K(384K)->323K(384K) Class: 17K(128K)->17K(128K)
[2026-03-22T19:51:03.098+0900][13.196s][info][gc             ] GC(1185) Pause Full (Ergonomics) 398M->101M(455M) 7.911ms
[2026-03-22T19:51:03.098+0900][13.196s][info][gc,cpu         ] GC(1185) User=0.00s Sys=0.00s Real=0.01s
[2026-03-22T19:51:03.104+0900][13.203s][info][gc,start       ] GC(1186) Pause Young (Allocation Failure)
[2026-03-22T19:51:03.107+0900][13.205s][info][gc,heap        ] GC(1186) PSYoungGen: 58504K(116736K)->57632K(116736K) Eden: 58504K(58880K)->0K(58880K) From: 0K(57856K)->57632K(57856K)
[2026-03-22T19:51:03.107+0900][13.205s][info][gc,heap        ] GC(1186) ParOldGen: 103430K(349696K)->103430K(349696K)
[2026-03-22T19:51:03.107+0900][13.205s][info][gc,metaspace   ] GC(1186) Metaspace: 341K(512K)->341K(512K) NonClass: 323K(384K)->323K(384K) Class: 17K(128K)->17K(128K)
[2026-03-22T19:51:03.107+0900][13.205s][info][gc             ] GC(1186) Pause Young (Allocation Failure) 158M->157M(455M) 2.554ms
[2026-03-22T19:51:03.107+0900][13.205s][info][gc,cpu         ] GC(1186) User=0.00s Sys=0.00s Real=0.00s
[2026-03-22T19:51:03.112+0900][13.211s][info][gc,start       ] GC(1187) Pause Young (Allocation Failure)
[2026-03-22T19:51:03.116+0900][13.215s][info][gc,heap        ] GC(1187) PSYoungGen: 116136K(116736K)->57632K(116736K) Eden: 58504K(58880K)->0K(58880K) From: 57632K(57856K)->57632K(57856K)
[2026-03-22T19:51:03.116+0900][13.215s][info][gc,heap        ] GC(1187) ParOldGen: 103430K(349696K)->150638K(349696K)
[2026-03-22T19:51:03.116+0900][13.215s][info][gc,metaspace   ] GC(1187) Metaspace: 341K(512K)->341K(512K) NonClass: 323K(384K)->323K(384K) Class: 17K(128K)->17K(128K)
[2026-03-22T19:51:03.116+0900][13.215s][info][gc             ] GC(1187) Pause Young (Allocation Failure) 214M->203M(455M) 4.281ms
[2026-03-22T19:51:03.116+0900][13.215s][info][gc,cpu         ] GC(1187) User=0.00s Sys=0.00s Real=0.00s
[2026-03-22T19:51:03.122+0900][13.221s][info][gc,start       ] GC(1188) Pause Young (Allocation Failure)
[2026-03-22T19:51:03.126+0900][13.225s][info][gc,heap        ] GC(1188) PSYoungGen: 116136K(116736K)->57632K(116736K) Eden: 58504K(58880K)->0K(58880K) From: 57632K(57856K)->57632K(57856K)
[2026-03-22T19:51:03.126+0900][13.225s][info][gc,heap        ] GC(1188) ParOldGen: 150638K(349696K)->197847K(349696K)
[2026-03-22T19:51:03.126+0900][13.225s][info][gc,metaspace   ] GC(1188) Metaspace: 341K(512K)->341K(512K) NonClass: 323K(384K)->323K(384K) Class: 17K(128K)->17K(128K)
[2026-03-22T19:51:03.126+0900][13.225s][info][gc             ] GC(1188) Pause Young (Allocation Failure) 260M->249M(455M) 4.055ms
[2026-03-22T19:51:03.126+0900][13.225s][info][gc,cpu         ] GC(1188) User=0.00s Sys=0.00s Real=0.00s
[2026-03-22T19:51:03.131+0900][13.230s][info][gc,start       ] GC(1189) Pause Young (Allocation Failure)
[2026-03-22T19:51:03.136+0900][13.234s][info][gc,heap        ] GC(1189) PSYoungGen: 116136K(116736K)->57632K(116736K) Eden: 58504K(58880K)->0K(58880K) From: 57632K(57856K)->57632K(57856K)
[2026-03-22T19:51:03.136+0900][13.234s][info][gc,heap        ] GC(1189) ParOldGen: 197847K(349696K)->245055K(349696K)
[2026-03-22T19:51:03.136+0900][13.234s][info][gc,metaspace   ] GC(1189) Metaspace: 341K(512K)->341K(512K) NonClass: 323K(384K)->323K(384K) Class: 17K(128K)->17K(128K)
[2026-03-22T19:51:03.136+0900][13.234s][info][gc             ] GC(1189) Pause Young (Allocation Failure) 306M->295M(455M) 4.142ms
[2026-03-22T19:51:03.136+0900][13.234s][info][gc,cpu         ] GC(1189) User=0.09s Sys=0.02s Real=0.00s
[2026-03-22T19:51:03.141+0900][13.239s][info][gc,start       ] GC(1190) Pause Young (Allocation Failure)
[2026-03-22T19:51:03.145+0900][13.244s][info][gc,heap        ] GC(1190) PSYoungGen: 116136K(116736K)->57632K(116736K) Eden: 58504K(58880K)->0K(58880K) From: 57632K(57856K)->57632K(57856K)
[2026-03-22T19:51:03.145+0900][13.244s][info][gc,heap        ] GC(1190) ParOldGen: 245055K(349696K)->292263K(349696K)
[2026-03-22T19:51:03.145+0900][13.244s][info][gc,metaspace   ] GC(1190) Metaspace: 341K(512K)->341K(512K) NonClass: 323K(384K)->323K(384K) Class: 17K(128K)->17K(128K)
[2026-03-22T19:51:03.145+0900][13.244s][info][gc             ] GC(1190) Pause Young (Allocation Failure) 352M->341M(455M) 4.420ms
[2026-03-22T19:51:03.145+0900][13.244s][info][gc,cpu         ] GC(1190) User=0.00s Sys=0.00s Real=0.00s
[2026-03-22T19:51:03.152+0900][13.251s][info][gc,start       ] GC(1191) Pause Full (Ergonomics)
[2026-03-22T19:51:03.152+0900][13.251s][info][gc,phases,start] GC(1191) Marking Phase
[2026-03-22T19:51:03.154+0900][13.252s][info][gc,phases      ] GC(1191) Marking Phase 1.258ms
[2026-03-22T19:51:03.154+0900][13.252s][info][gc,phases,start] GC(1191) Summary Phase
[2026-03-22T19:51:03.154+0900][13.252s][info][gc,phases      ] GC(1191) Summary Phase 0.024ms
[2026-03-22T19:51:03.154+0900][13.252s][info][gc,phases,start] GC(1191) Adjust Roots
[2026-03-22T19:51:03.154+0900][13.252s][info][gc,phases      ] GC(1191) Adjust Roots 0.270ms
[2026-03-22T19:51:03.154+0900][13.252s][info][gc,phases,start] GC(1191) Compaction Phase
[2026-03-22T19:51:03.159+0900][13.257s][info][gc,phases      ] GC(1191) Compaction Phase 4.755ms
[2026-03-22T19:51:03.159+0900][13.257s][info][gc,phases,start] GC(1191) Post Compact
[2026-03-22T19:51:03.160+0900][13.259s][info][gc,phases      ] GC(1191) Post Compact 1.555ms
[2026-03-22T19:51:03.160+0900][13.259s][info][gc,heap        ] GC(1191) PSYoungGen: 116136K(116736K)->0K(116736K) Eden: 58504K(58880K)->0K(58880K) From: 57632K(57856K)->0K(57856K)
[2026-03-22T19:51:03.160+0900][13.259s][info][gc,heap        ] GC(1191) ParOldGen: 292263K(349696K)->103430K(349696K)
[2026-03-22T19:51:03.160+0900][13.259s][info][gc,metaspace   ] GC(1191) Metaspace: 341K(512K)->341K(512K) NonClass: 323K(384K)->323K(384K) Class: 17K(128K)->17K(128K)
[2026-03-22T19:51:03.160+0900][13.259s][info][gc             ] GC(1191) Pause Full (Ergonomics) 398M->101M(455M) 8.180ms
[2026-03-22T19:51:03.161+0900][13.259s][info][gc,cpu         ] GC(1191) User=0.00s Sys=0.00s Real=0.01s
[2026-03-22T19:51:03.165+0900][13.264s][info][gc,start       ] GC(1192) Pause Young (Allocation Failure)
[2026-03-22T19:51:03.168+0900][13.267s][info][gc,heap        ] GC(1192) PSYoungGen: 58504K(116736K)->57632K(116736K) Eden: 58504K(58880K)->0K(58880K) From: 0K(57856K)->57632K(57856K)
[2026-03-22T19:51:03.168+0900][13.267s][info][gc,heap        ] GC(1192) ParOldGen: 103430K(349696K)->103430K(349696K)
[2026-03-22T19:51:03.168+0900][13.267s][info][gc,metaspace   ] GC(1192) Metaspace: 341K(512K)->341K(512K) NonClass: 323K(384K)->323K(384K) Class: 17K(128K)->17K(128K)
[2026-03-22T19:51:03.168+0900][13.267s][info][gc             ] GC(1192) Pause Young (Allocation Failure) 158M->157M(455M) 2.530ms
[2026-03-22T19:51:03.168+0900][13.267s][info][gc,cpu         ] GC(1192) User=0.00s Sys=0.00s Real=0.00s
[2026-03-22T19:51:03.173+0900][13.272s][info][gc,start       ] GC(1193) Pause Young (Allocation Failure)
[2026-03-22T19:51:03.178+0900][13.277s][info][gc,heap        ] GC(1193) PSYoungGen: 116136K(116736K)->57632K(116736K) Eden: 58504K(58880K)->0K(58880K) From: 57632K(57856K)->57632K(57856K)
[2026-03-22T19:51:03.178+0900][13.277s][info][gc,heap        ] GC(1193) ParOldGen: 103430K(349696K)->150638K(349696K)
[2026-03-22T19:51:03.178+0900][13.277s][info][gc,metaspace   ] GC(1193) Metaspace: 341K(512K)->341K(512K) NonClass: 323K(384K)->323K(384K) Class: 17K(128K)->17K(128K)
[2026-03-22T19:51:03.178+0900][13.277s][info][gc             ] GC(1193) Pause Young (Allocation Failure) 214M->203M(455M) 4.293ms
[2026-03-22T19:51:03.178+0900][13.277s][info][gc,cpu         ] GC(1193) User=0.00s Sys=0.00s Real=0.00s
[2026-03-22T19:51:03.183+0900][13.282s][info][gc,start       ] GC(1194) Pause Young (Allocation Failure)
[2026-03-22T19:51:03.187+0900][13.286s][info][gc,heap        ] GC(1194) PSYoungGen: 116136K(116736K)->57632K(116736K) Eden: 58504K(58880K)->0K(58880K) From: 57632K(57856K)->57632K(57856K)
[2026-03-22T19:51:03.187+0900][13.287s][info][gc,heap        ] GC(1194) ParOldGen: 150638K(349696K)->197847K(349696K)
[2026-03-22T19:51:03.187+0900][13.287s][info][gc,metaspace   ] GC(1194) Metaspace: 341K(512K)->341K(512K) NonClass: 323K(384K)->323K(384K) Class: 17K(128K)->17K(128K)
[2026-03-22T19:51:03.188+0900][13.287s][info][gc             ] GC(1194) Pause Young (Allocation Failure) 260M->249M(455M) 4.123ms
[2026-03-22T19:51:03.188+0900][13.287s][info][gc,cpu         ] GC(1194) User=0.00s Sys=0.00s Real=0.00s
[2026-03-22T19:51:03.194+0900][13.293s][info][gc,start       ] GC(1195) Pause Young (Allocation Failure)
[2026-03-22T19:51:03.199+0900][13.298s][info][gc,heap        ] GC(1195) PSYoungGen: 116136K(116736K)->57632K(116736K) Eden: 58504K(58880K)->0K(58880K) From: 57632K(57856K)->57632K(57856K)
[2026-03-22T19:51:03.199+0900][13.298s][info][gc,heap        ] GC(1195) ParOldGen: 197847K(349696K)->245063K(349696K)
[2026-03-22T19:51:03.199+0900][13.298s][info][gc,metaspace   ] GC(1195) Metaspace: 341K(512K)->341K(512K) NonClass: 323K(384K)->323K(384K) Class: 17K(128K)->17K(128K)
[2026-03-22T19:51:03.199+0900][13.298s][info][gc             ] GC(1195) Pause Young (Allocation Failure) 306M->295M(455M) 4.709ms
[2026-03-22T19:51:03.199+0900][13.298s][info][gc,cpu         ] GC(1195) User=0.11s Sys=0.02s Real=0.00s
[2026-03-22T19:51:03.205+0900][13.303s][info][gc,start       ] GC(1196) Pause Young (Allocation Failure)
[2026-03-22T19:51:03.209+0900][13.308s][info][gc,heap        ] GC(1196) PSYoungGen: 116136K(116736K)->57632K(116736K) Eden: 58504K(58880K)->0K(58880K) From: 57632K(57856K)->57632K(57856K)
[2026-03-22T19:51:03.209+0900][13.308s][info][gc,heap        ] GC(1196) ParOldGen: 245063K(349696K)->292271K(349696K)
[2026-03-22T19:51:03.209+0900][13.308s][info][gc,metaspace   ] GC(1196) Metaspace: 341K(512K)->341K(512K) NonClass: 323K(384K)->323K(384K) Class: 17K(128K)->17K(128K)
[2026-03-22T19:51:03.209+0900][13.308s][info][gc             ] GC(1196) Pause Young (Allocation Failure) 352M->341M(455M) 4.225ms
[2026-03-22T19:51:03.209+0900][13.308s][info][gc,cpu         ] GC(1196) User=0.00s Sys=0.00s Real=0.00s
[2026-03-22T19:51:03.216+0900][13.314s][info][gc,start       ] GC(1197) Pause Full (Ergonomics)
[2026-03-22T19:51:03.216+0900][13.314s][info][gc,phases,start] GC(1197) Marking Phase
[2026-03-22T19:51:03.217+0900][13.316s][info][gc,phases      ] GC(1197) Marking Phase 1.233ms
[2026-03-22T19:51:03.217+0900][13.316s][info][gc,phases,start] GC(1197) Summary Phase
[2026-03-22T19:51:03.217+0900][13.316s][info][gc,phases      ] GC(1197) Summary Phase 0.016ms
[2026-03-22T19:51:03.217+0900][13.316s][info][gc,phases,start] GC(1197) Adjust Roots
[2026-03-22T19:51:03.217+0900][13.316s][info][gc,phases      ] GC(1197) Adjust Roots 0.217ms
[2026-03-22T19:51:03.217+0900][13.316s][info][gc,phases,start] GC(1197) Compaction Phase
[2026-03-22T19:51:03.223+0900][13.321s][info][gc,phases      ] GC(1197) Compaction Phase 5.328ms
[2026-03-22T19:51:03.223+0900][13.321s][info][gc,phases,start] GC(1197) Post Compact
[2026-03-22T19:51:03.224+0900][13.323s][info][gc,phases      ] GC(1197) Post Compact 1.548ms
[2026-03-22T19:51:03.224+0900][13.323s][info][gc,heap        ] GC(1197) PSYoungGen: 116136K(116736K)->0K(116736K) Eden: 58504K(58880K)->0K(58880K) From: 57632K(57856K)->0K(57856K)
[2026-03-22T19:51:03.224+0900][13.323s][info][gc,heap        ] GC(1197) ParOldGen: 292271K(349696K)->103430K(349696K)
[2026-03-22T19:51:03.224+0900][13.323s][info][gc,metaspace   ] GC(1197) Metaspace: 341K(512K)->341K(512K) NonClass: 323K(384K)->323K(384K) Class: 17K(128K)->17K(128K)
[2026-03-22T19:51:03.224+0900][13.323s][info][gc             ] GC(1197) Pause Full (Ergonomics) 398M->101M(455M) 8.684ms
[2026-03-22T19:51:03.224+0900][13.323s][info][gc,cpu         ] GC(1197) User=0.00s Sys=0.00s Real=0.01s
[2026-03-22T19:51:03.230+0900][13.329s][info][gc,start       ] GC(1198) Pause Young (Allocation Failure)
[2026-03-22T19:51:03.233+0900][13.331s][info][gc,heap        ] GC(1198) PSYoungGen: 58504K(116736K)->57632K(116736K) Eden: 58504K(58880K)->0K(58880K) From: 0K(57856K)->57632K(57856K)
[2026-03-22T19:51:03.233+0900][13.331s][info][gc,heap        ] GC(1198) ParOldGen: 103430K(349696K)->103430K(349696K)
[2026-03-22T19:51:03.233+0900][13.331s][info][gc,metaspace   ] GC(1198) Metaspace: 341K(512K)->341K(512K) NonClass: 323K(384K)->323K(384K) Class: 17K(128K)->17K(128K)
[2026-03-22T19:51:03.233+0900][13.331s][info][gc             ] GC(1198) Pause Young (Allocation Failure) 158M->157M(455M) 2.575ms
[2026-03-22T19:51:03.233+0900][13.331s][info][gc,cpu         ] GC(1198) User=0.00s Sys=0.00s Real=0.00s
[2026-03-22T19:51:03.239+0900][13.338s][info][gc,start       ] GC(1199) Pause Young (Allocation Failure)
[2026-03-22T19:51:03.242+0900][13.342s][info][gc,heap        ] GC(1199) PSYoungGen: 116136K(116736K)->57632K(116736K) Eden: 58504K(58880K)->0K(58880K) From: 57632K(57856K)->57632K(57856K)
[2026-03-22T19:51:03.242+0900][13.342s][info][gc,heap        ] GC(1199) ParOldGen: 103430K(349696K)->150638K(349696K)
[2026-03-22T19:51:03.243+0900][13.342s][info][gc,metaspace   ] GC(1199) Metaspace: 341K(512K)->341K(512K) NonClass: 323K(384K)->323K(384K) Class: 17K(128K)->17K(128K)
[2026-03-22T19:51:03.243+0900][13.342s][info][gc             ] GC(1199) Pause Young (Allocation Failure) 214M->203M(455M) 3.930ms
[2026-03-22T19:51:03.243+0900][13.342s][info][gc,cpu         ] GC(1199) User=0.00s Sys=0.00s Real=0.00s
[2026-03-22T19:51:03.248+0900][13.347s][info][gc,start       ] GC(1200) Pause Young (Allocation Failure)
[2026-03-22T19:51:03.252+0900][13.351s][info][gc,heap        ] GC(1200) PSYoungGen: 116136K(116736K)->57632K(116736K) Eden: 58504K(58880K)->0K(58880K) From: 57632K(57856K)->57632K(57856K)
[2026-03-22T19:51:03.252+0900][13.352s][info][gc,heap        ] GC(1200) ParOldGen: 150638K(349696K)->197847K(349696K)
[2026-03-22T19:51:03.252+0900][13.352s][info][gc,metaspace   ] GC(1200) Metaspace: 341K(512K)->341K(512K) NonClass: 323K(384K)->323K(384K) Class: 17K(128K)->17K(128K)
[2026-03-22T19:51:03.252+0900][13.352s][info][gc             ] GC(1200) Pause Young (Allocation Failure) 260M->249M(455M) 4.215ms
[2026-03-22T19:51:03.253+0900][13.352s][info][gc,cpu         ] GC(1200) User=0.00s Sys=0.00s Real=0.01s
[2026-03-22T19:51:03.258+0900][13.357s][info][gc,start       ] GC(1201) Pause Young (Allocation Failure)
[2026-03-22T19:51:03.262+0900][13.361s][info][gc,heap        ] GC(1201) PSYoungGen: 116136K(116736K)->57632K(116736K) Eden: 58504K(58880K)->0K(58880K) From: 57632K(57856K)->57632K(57856K)
[2026-03-22T19:51:03.262+0900][13.361s][info][gc,heap        ] GC(1201) ParOldGen: 197847K(349696K)->245063K(349696K)
[2026-03-22T19:51:03.262+0900][13.361s][info][gc,metaspace   ] GC(1201) Metaspace: 341K(512K)->341K(512K) NonClass: 323K(384K)->323K(384K) Class: 17K(128K)->17K(128K)
[2026-03-22T19:51:03.262+0900][13.361s][info][gc             ] GC(1201) Pause Young (Allocation Failure) 306M->295M(455M) 4.093ms
[2026-03-22T19:51:03.262+0900][13.361s][info][gc,cpu         ] GC(1201) User=0.12s Sys=0.00s Real=0.00s
[2026-03-22T19:51:03.269+0900][13.368s][info][gc,start       ] GC(1202) Pause Young (Allocation Failure)
[2026-03-22T19:51:03.273+0900][13.372s][info][gc,heap        ] GC(1202) PSYoungGen: 116136K(116736K)->57632K(116736K) Eden: 58504K(58880K)->0K(58880K) From: 57632K(57856K)->57632K(57856K)
[2026-03-22T19:51:03.273+0900][13.372s][info][gc,heap        ] GC(1202) ParOldGen: 245063K(349696K)->292271K(349696K)
[2026-03-22T19:51:03.273+0900][13.372s][info][gc,metaspace   ] GC(1202) Metaspace: 341K(512K)->341K(512K) NonClass: 323K(384K)->323K(384K) Class: 17K(128K)->17K(128K)
[2026-03-22T19:51:03.274+0900][13.372s][info][gc             ] GC(1202) Pause Young (Allocation Failure) 352M->341M(455M) 4.189ms
[2026-03-22T19:51:03.274+0900][13.372s][info][gc,cpu         ] GC(1202) User=0.00s Sys=0.00s Real=0.00s
[2026-03-22T19:51:03.280+0900][13.379s][info][gc,start       ] GC(1203) Pause Full (Ergonomics)
[2026-03-22T19:51:03.280+0900][13.379s][info][gc,phases,start] GC(1203) Marking Phase
[2026-03-22T19:51:03.282+0900][13.380s][info][gc,phases      ] GC(1203) Marking Phase 1.509ms
[2026-03-22T19:51:03.282+0900][13.380s][info][gc,phases,start] GC(1203) Summary Phase
[2026-03-22T19:51:03.282+0900][13.380s][info][gc,phases      ] GC(1203) Summary Phase 0.037ms
[2026-03-22T19:51:03.282+0900][13.380s][info][gc,phases,start] GC(1203) Adjust Roots
[2026-03-22T19:51:03.282+0900][13.381s][info][gc,phases      ] GC(1203) Adjust Roots 0.270ms
[2026-03-22T19:51:03.282+0900][13.381s][info][gc,phases,start] GC(1203) Compaction Phase
[2026-03-22T19:51:03.287+0900][13.386s][info][gc,phases      ] GC(1203) Compaction Phase 5.263ms
[2026-03-22T19:51:03.287+0900][13.386s][info][gc,phases,start] GC(1203) Post Compact
[2026-03-22T19:51:03.289+0900][13.387s][info][gc,phases      ] GC(1203) Post Compact 1.485ms
[2026-03-22T19:51:03.289+0900][13.387s][info][gc,heap        ] GC(1203) PSYoungGen: 116136K(116736K)->0K(116736K) Eden: 58504K(58880K)->0K(58880K) From: 57632K(57856K)->0K(57856K)
[2026-03-22T19:51:03.289+0900][13.387s][info][gc,heap        ] GC(1203) ParOldGen: 292271K(349696K)->103430K(349696K)
[2026-03-22T19:51:03.289+0900][13.388s][info][gc,metaspace   ] GC(1203) Metaspace: 341K(512K)->341K(512K) NonClass: 323K(384K)->323K(384K) Class: 17K(128K)->17K(128K)
[2026-03-22T19:51:03.289+0900][13.388s][info][gc             ] GC(1203) Pause Full (Ergonomics) 398M->101M(455M) 8.985ms
[2026-03-22T19:51:03.289+0900][13.388s][info][gc,cpu         ] GC(1203) User=0.00s Sys=0.00s Real=0.01s
[2026-03-22T19:51:03.295+0900][13.394s][info][gc,start       ] GC(1204) Pause Young (Allocation Failure)
[2026-03-22T19:51:03.298+0900][13.396s][info][gc,heap        ] GC(1204) PSYoungGen: 58504K(116736K)->57632K(116736K) Eden: 58504K(58880K)->0K(58880K) From: 0K(57856K)->57632K(57856K)
[2026-03-22T19:51:03.298+0900][13.397s][info][gc,heap        ] GC(1204) ParOldGen: 103430K(349696K)->103430K(349696K)
[2026-03-22T19:51:03.298+0900][13.397s][info][gc,metaspace   ] GC(1204) Metaspace: 341K(512K)->341K(512K) NonClass: 323K(384K)->323K(384K) Class: 17K(128K)->17K(128K)
[2026-03-22T19:51:03.298+0900][13.397s][info][gc             ] GC(1204) Pause Young (Allocation Failure) 158M->157M(455M) 2.753ms
[2026-03-22T19:51:03.298+0900][13.397s][info][gc,cpu         ] GC(1204) User=0.00s Sys=0.00s Real=0.00s
[2026-03-22T19:51:03.304+0900][13.403s][info][gc,start       ] GC(1205) Pause Young (Allocation Failure)
[2026-03-22T19:51:03.308+0900][13.407s][info][gc,heap        ] GC(1205) PSYoungGen: 116136K(116736K)->57632K(116736K) Eden: 58504K(58880K)->0K(58880K) From: 57632K(57856K)->57632K(57856K)
[2026-03-22T19:51:03.309+0900][13.407s][info][gc,heap        ] GC(1205) ParOldGen: 103430K(349696K)->150638K(349696K)
[2026-03-22T19:51:03.309+0900][13.407s][info][gc,metaspace   ] GC(1205) Metaspace: 341K(512K)->341K(512K) NonClass: 323K(384K)->323K(384K) Class: 17K(128K)->17K(128K)
[2026-03-22T19:51:03.309+0900][13.407s][info][gc             ] GC(1205) Pause Young (Allocation Failure) 214M->203M(455M) 4.237ms
[2026-03-22T19:51:03.309+0900][13.407s][info][gc,cpu         ] GC(1205) User=0.11s Sys=0.02s Real=0.01s
[2026-03-22T19:51:03.316+0900][13.414s][info][gc,start       ] GC(1206) Pause Young (Allocation Failure)
[2026-03-22T19:51:03.320+0900][13.419s][info][gc,heap        ] GC(1206) PSYoungGen: 116136K(116736K)->57632K(116736K) Eden: 58504K(58880K)->0K(58880K) From: 57632K(57856K)->57632K(57856K)
[2026-03-22T19:51:03.320+0900][13.419s][info][gc,heap        ] GC(1206) ParOldGen: 150638K(349696K)->197847K(349696K)
[2026-03-22T19:51:03.320+0900][13.419s][info][gc,metaspace   ] GC(1206) Metaspace: 341K(512K)->341K(512K) NonClass: 323K(384K)->323K(384K) Class: 17K(128K)->17K(128K)
[2026-03-22T19:51:03.320+0900][13.419s][info][gc             ] GC(1206) Pause Young (Allocation Failure) 260M->249M(455M) 4.511ms
[2026-03-22T19:51:03.320+0900][13.419s][info][gc,cpu         ] GC(1206) User=0.00s Sys=0.00s Real=0.00s
[2026-03-22T19:51:03.325+0900][13.424s][info][gc,start       ] GC(1207) Pause Young (Allocation Failure)
[2026-03-22T19:51:03.331+0900][13.429s][info][gc,heap        ] GC(1207) PSYoungGen: 116136K(116736K)->57632K(116736K) Eden: 58504K(58880K)->0K(58880K) From: 57632K(57856K)->57632K(57856K)
[2026-03-22T19:51:03.331+0900][13.429s][info][gc,heap        ] GC(1207) ParOldGen: 197847K(349696K)->245063K(349696K)
[2026-03-22T19:51:03.331+0900][13.429s][info][gc,metaspace   ] GC(1207) Metaspace: 341K(512K)->341K(512K) NonClass: 323K(384K)->323K(384K) Class: 17K(128K)->17K(128K)
[2026-03-22T19:51:03.331+0900][13.429s][info][gc             ] GC(1207) Pause Young (Allocation Failure) 306M->295M(455M) 4.899ms
[2026-03-22T19:51:03.331+0900][13.429s][info][gc,cpu         ] GC(1207) User=0.00s Sys=0.00s Real=0.01s
[2026-03-22T19:51:03.336+0900][13.435s][info][gc,start       ] GC(1208) Pause Young (Allocation Failure)
[2026-03-22T19:51:03.340+0900][13.439s][info][gc,heap        ] GC(1208) PSYoungGen: 116136K(116736K)->57632K(116736K) Eden: 58504K(58880K)->0K(58880K) From: 57632K(57856K)->57632K(57856K)
[2026-03-22T19:51:03.340+0900][13.439s][info][gc,heap        ] GC(1208) ParOldGen: 245063K(349696K)->292271K(349696K)
[2026-03-22T19:51:03.340+0900][13.439s][info][gc,metaspace   ] GC(1208) Metaspace: 341K(512K)->341K(512K) NonClass: 323K(384K)->323K(384K) Class: 17K(128K)->17K(128K)
[2026-03-22T19:51:03.340+0900][13.439s][info][gc             ] GC(1208) Pause Young (Allocation Failure) 352M->341M(455M) 4.075ms
[2026-03-22T19:51:03.340+0900][13.439s][info][gc,cpu         ] GC(1208) User=0.12s Sys=0.00s Real=0.00s
[2026-03-22T19:51:03.345+0900][13.444s][info][gc,start       ] GC(1209) Pause Full (Ergonomics)
[2026-03-22T19:51:03.346+0900][13.445s][info][gc,phases,start] GC(1209) Marking Phase
[2026-03-22T19:51:03.347+0900][13.446s][info][gc,phases      ] GC(1209) Marking Phase 1.547ms
[2026-03-22T19:51:03.347+0900][13.446s][info][gc,phases,start] GC(1209) Summary Phase
[2026-03-22T19:51:03.347+0900][13.446s][info][gc,phases      ] GC(1209) Summary Phase 0.026ms
[2026-03-22T19:51:03.347+0900][13.446s][info][gc,phases,start] GC(1209) Adjust Roots
[2026-03-22T19:51:03.347+0900][13.446s][info][gc,phases      ] GC(1209) Adjust Roots 0.232ms
[2026-03-22T19:51:03.347+0900][13.446s][info][gc,phases,start] GC(1209) Compaction Phase
[2026-03-22T19:51:03.352+0900][13.451s][info][gc,phases      ] GC(1209) Compaction Phase 4.802ms
[2026-03-22T19:51:03.352+0900][13.451s][info][gc,phases,start] GC(1209) Post Compact
[2026-03-22T19:51:03.354+0900][13.453s][info][gc,phases      ] GC(1209) Post Compact 1.680ms
[2026-03-22T19:51:03.354+0900][13.453s][info][gc,heap        ] GC(1209) PSYoungGen: 116136K(116736K)->0K(116736K) Eden: 58504K(58880K)->0K(58880K) From: 57632K(57856K)->0K(57856K)
[2026-03-22T19:51:03.354+0900][13.453s][info][gc,heap        ] GC(1209) ParOldGen: 292271K(349696K)->103430K(349696K)
[2026-03-22T19:51:03.354+0900][13.453s][info][gc,metaspace   ] GC(1209) Metaspace: 341K(512K)->341K(512K) NonClass: 323K(384K)->323K(384K) Class: 17K(128K)->17K(128K)
[2026-03-22T19:51:03.354+0900][13.453s][info][gc             ] GC(1209) Pause Full (Ergonomics) 398M->101M(455M) 8.680ms
[2026-03-22T19:51:03.354+0900][13.453s][info][gc,cpu         ] GC(1209) User=0.02s Sys=0.00s Real=0.01s
[2026-03-22T19:51:03.360+0900][13.459s][info][gc,start       ] GC(1210) Pause Young (Allocation Failure)
[2026-03-22T19:51:03.363+0900][13.462s][info][gc,heap        ] GC(1210) PSYoungGen: 58504K(116736K)->57632K(116736K) Eden: 58504K(58880K)->0K(58880K) From: 0K(57856K)->57632K(57856K)
[2026-03-22T19:51:03.363+0900][13.462s][info][gc,heap        ] GC(1210) ParOldGen: 103430K(349696K)->103430K(349696K)
[2026-03-22T19:51:03.363+0900][13.462s][info][gc,metaspace   ] GC(1210) Metaspace: 341K(512K)->341K(512K) NonClass: 323K(384K)->323K(384K) Class: 17K(128K)->17K(128K)
[2026-03-22T19:51:03.363+0900][13.462s][info][gc             ] GC(1210) Pause Young (Allocation Failure) 158M->157M(455M) 2.950ms
[2026-03-22T19:51:03.363+0900][13.462s][info][gc,cpu         ] GC(1210) User=0.00s Sys=0.00s Real=0.00s
[2026-03-22T19:51:03.368+0900][13.468s][info][gc,start       ] GC(1211) Pause Young (Allocation Failure)
[2026-03-22T19:51:03.373+0900][13.472s][info][gc,heap        ] GC(1211) PSYoungGen: 116136K(116736K)->57632K(116736K) Eden: 58504K(58880K)->0K(58880K) From: 57632K(57856K)->57632K(57856K)
[2026-03-22T19:51:03.373+0900][13.472s][info][gc,heap        ] GC(1211) ParOldGen: 103430K(349696K)->150638K(349696K)
[2026-03-22T19:51:03.373+0900][13.472s][info][gc,metaspace   ] GC(1211) Metaspace: 341K(512K)->341K(512K) NonClass: 323K(384K)->323K(384K) Class: 17K(128K)->17K(128K)
[2026-03-22T19:51:03.373+0900][13.472s][info][gc             ] GC(1211) Pause Young (Allocation Failure) 214M->203M(455M) 4.278ms
[2026-03-22T19:51:03.373+0900][13.472s][info][gc,cpu         ] GC(1211) User=0.00s Sys=0.00s Real=0.00s
[2026-03-22T19:51:03.379+0900][13.478s][info][gc,start       ] GC(1212) Pause Young (Allocation Failure)
[2026-03-22T19:51:03.383+0900][13.482s][info][gc,heap        ] GC(1212) PSYoungGen: 116136K(116736K)->57632K(116736K) Eden: 58504K(58880K)->0K(58880K) From: 57632K(57856K)->57632K(57856K)
[2026-03-22T19:51:03.383+0900][13.482s][info][gc,heap        ] GC(1212) ParOldGen: 150638K(349696K)->197847K(349696K)
[2026-03-22T19:51:03.383+0900][13.482s][info][gc,metaspace   ] GC(1212) Metaspace: 341K(512K)->341K(512K) NonClass: 323K(384K)->323K(384K) Class: 17K(128K)->17K(128K)
[2026-03-22T19:51:03.383+0900][13.482s][info][gc             ] GC(1212) Pause Young (Allocation Failure) 260M->249M(455M) 4.346ms
[2026-03-22T19:51:03.383+0900][13.482s][info][gc,cpu         ] GC(1212) User=0.00s Sys=0.00s Real=0.00s
[2026-03-22T19:51:03.390+0900][13.489s][info][gc,start       ] GC(1213) Pause Young (Allocation Failure)
[2026-03-22T19:51:03.394+0900][13.493s][info][gc,heap        ] GC(1213) PSYoungGen: 116136K(116736K)->57632K(116736K) Eden: 58504K(58880K)->0K(58880K) From: 57632K(57856K)->57632K(57856K)
[2026-03-22T19:51:03.402+0900][13.501s][info][gc,heap        ] GC(1213) ParOldGen: 197847K(349696K)->245063K(349696K)
[2026-03-22T19:51:03.402+0900][13.501s][info][gc,metaspace   ] GC(1213) Metaspace: 341K(512K)->341K(512K) NonClass: 323K(384K)->323K(384K) Class: 17K(128K)->17K(128K)
[2026-03-22T19:51:03.402+0900][13.501s][info][gc             ] GC(1213) Pause Young (Allocation Failure) 306M->295M(455M) 12.173ms
[2026-03-22T19:51:03.402+0900][13.501s][info][gc,cpu         ] GC(1213) User=0.00s Sys=0.00s Real=0.01s
[2026-03-22T19:51:03.409+0900][13.507s][info][gc,start       ] GC(1214) Pause Young (Allocation Failure)
[2026-03-22T19:51:03.413+0900][13.512s][info][gc,heap        ] GC(1214) PSYoungGen: 116136K(116736K)->57632K(116736K) Eden: 58504K(58880K)->0K(58880K) From: 57632K(57856K)->57632K(57856K)
[2026-03-22T19:51:03.413+0900][13.512s][info][gc,heap        ] GC(1214) ParOldGen: 245063K(349696K)->292271K(349696K)
[2026-03-22T19:51:03.413+0900][13.512s][info][gc,metaspace   ] GC(1214) Metaspace: 341K(512K)->341K(512K) NonClass: 323K(384K)->323K(384K) Class: 17K(128K)->17K(128K)
[2026-03-22T19:51:03.413+0900][13.512s][info][gc             ] GC(1214) Pause Young (Allocation Failure) 352M->341M(455M) 4.502ms
[2026-03-22T19:51:03.413+0900][13.512s][info][gc,cpu         ] GC(1214) User=0.00s Sys=0.00s Real=0.00s
[2026-03-22T19:51:03.419+0900][13.518s][info][gc,start       ] GC(1215) Pause Full (Ergonomics)
[2026-03-22T19:51:03.419+0900][13.518s][info][gc,phases,start] GC(1215) Marking Phase
[2026-03-22T19:51:03.420+0900][13.519s][info][gc,phases      ] GC(1215) Marking Phase 1.393ms
[2026-03-22T19:51:03.420+0900][13.519s][info][gc,phases,start] GC(1215) Summary Phase
[2026-03-22T19:51:03.420+0900][13.519s][info][gc,phases      ] GC(1215) Summary Phase 0.032ms
[2026-03-22T19:51:03.420+0900][13.519s][info][gc,phases,start] GC(1215) Adjust Roots
[2026-03-22T19:51:03.420+0900][13.520s][info][gc,phases      ] GC(1215) Adjust Roots 0.284ms
[2026-03-22T19:51:03.420+0900][13.520s][info][gc,phases,start] GC(1215) Compaction Phase
[2026-03-22T19:51:03.426+0900][13.525s][info][gc,phases      ] GC(1215) Compaction Phase 4.946ms
[2026-03-22T19:51:03.426+0900][13.525s][info][gc,phases,start] GC(1215) Post Compact
[2026-03-22T19:51:03.428+0900][13.527s][info][gc,phases      ] GC(1215) Post Compact 2.016ms
[2026-03-22T19:51:03.428+0900][13.527s][info][gc,heap        ] GC(1215) PSYoungGen: 116136K(116736K)->0K(116736K) Eden: 58504K(58880K)->0K(58880K) From: 57632K(57856K)->0K(57856K)
[2026-03-22T19:51:03.428+0900][13.527s][info][gc,heap        ] GC(1215) ParOldGen: 292271K(349696K)->103430K(349696K)
[2026-03-22T19:51:03.428+0900][13.527s][info][gc,metaspace   ] GC(1215) Metaspace: 341K(512K)->341K(512K) NonClass: 323K(384K)->323K(384K) Class: 17K(128K)->17K(128K)
[2026-03-22T19:51:03.428+0900][13.527s][info][gc             ] GC(1215) Pause Full (Ergonomics) 398M->101M(455M) 9.095ms
[2026-03-22T19:51:03.428+0900][13.527s][info][gc,cpu         ] GC(1215) User=0.00s Sys=0.00s Real=0.01s
[2026-03-22T19:51:03.434+0900][13.533s][info][gc,start       ] GC(1216) Pause Young (Allocation Failure)
[2026-03-22T19:51:03.437+0900][13.536s][info][gc,heap        ] GC(1216) PSYoungGen: 58504K(116736K)->57632K(116736K) Eden: 58504K(58880K)->0K(58880K) From: 0K(57856K)->57632K(57856K)
[2026-03-22T19:51:03.437+0900][13.536s][info][gc,heap        ] GC(1216) ParOldGen: 103430K(349696K)->103430K(349696K)
[2026-03-22T19:51:03.437+0900][13.536s][info][gc,metaspace   ] GC(1216) Metaspace: 341K(512K)->341K(512K) NonClass: 323K(384K)->323K(384K) Class: 17K(128K)->17K(128K)
[2026-03-22T19:51:03.437+0900][13.536s][info][gc             ] GC(1216) Pause Young (Allocation Failure) 158M->157M(455M) 2.839ms
[2026-03-22T19:51:03.437+0900][13.536s][info][gc,cpu         ] GC(1216) User=0.00s Sys=0.00s Real=0.00s
[2026-03-22T19:51:03.443+0900][13.542s][info][gc,start       ] GC(1217) Pause Young (Allocation Failure)
[2026-03-22T19:51:03.447+0900][13.546s][info][gc,heap        ] GC(1217) PSYoungGen: 116136K(116736K)->57632K(116736K) Eden: 58504K(58880K)->0K(58880K) From: 57632K(57856K)->57632K(57856K)
[2026-03-22T19:51:03.447+0900][13.546s][info][gc,heap        ] GC(1217) ParOldGen: 103430K(349696K)->150638K(349696K)
[2026-03-22T19:51:03.447+0900][13.546s][info][gc,metaspace   ] GC(1217) Metaspace: 341K(512K)->341K(512K) NonClass: 323K(384K)->323K(384K) Class: 17K(128K)->17K(128K)
[2026-03-22T19:51:03.447+0900][13.546s][info][gc             ] GC(1217) Pause Young (Allocation Failure) 214M->203M(455M) 4.211ms
[2026-03-22T19:51:03.447+0900][13.546s][info][gc,cpu         ] GC(1217) User=0.05s Sys=0.00s Real=0.00s
[2026-03-22T19:51:03.453+0900][13.552s][info][gc,start       ] GC(1218) Pause Young (Allocation Failure)
[2026-03-22T19:51:03.457+0900][13.556s][info][gc,heap        ] GC(1218) PSYoungGen: 116136K(116736K)->57632K(116736K) Eden: 58504K(58880K)->0K(58880K) From: 57632K(57856K)->57632K(57856K)
[2026-03-22T19:51:03.457+0900][13.556s][info][gc,heap        ] GC(1218) ParOldGen: 150638K(349696K)->197847K(349696K)
[2026-03-22T19:51:03.457+0900][13.556s][info][gc,metaspace   ] GC(1218) Metaspace: 341K(512K)->341K(512K) NonClass: 323K(384K)->323K(384K) Class: 17K(128K)->17K(128K)
[2026-03-22T19:51:03.457+0900][13.556s][info][gc             ] GC(1218) Pause Young (Allocation Failure) 260M->249M(455M) 4.257ms
[2026-03-22T19:51:03.457+0900][13.556s][info][gc,cpu         ] GC(1218) User=0.00s Sys=0.00s Real=0.00s
[2026-03-22T19:51:03.462+0900][13.561s][info][gc,start       ] GC(1219) Pause Young (Allocation Failure)
[2026-03-22T19:51:03.468+0900][13.566s][info][gc,heap        ] GC(1219) PSYoungGen: 116136K(116736K)->57632K(116736K) Eden: 58504K(58880K)->0K(58880K) From: 57632K(57856K)->57632K(57856K)
[2026-03-22T19:51:03.468+0900][13.566s][info][gc,heap        ] GC(1219) ParOldGen: 197847K(349696K)->245063K(349696K)
[2026-03-22T19:51:03.468+0900][13.566s][info][gc,metaspace   ] GC(1219) Metaspace: 341K(512K)->341K(512K) NonClass: 323K(384K)->323K(384K) Class: 17K(128K)->17K(128K)
[2026-03-22T19:51:03.468+0900][13.566s][info][gc             ] GC(1219) Pause Young (Allocation Failure) 306M->295M(455M) 4.757ms
[2026-03-22T19:51:03.468+0900][13.566s][info][gc,cpu         ] GC(1219) User=0.00s Sys=0.00s Real=0.01s
[2026-03-22T19:51:03.473+0900][13.572s][info][gc,start       ] GC(1220) Pause Young (Allocation Failure)
[2026-03-22T19:51:03.477+0900][13.576s][info][gc,heap        ] GC(1220) PSYoungGen: 116136K(116736K)->57632K(116736K) Eden: 58504K(58880K)->0K(58880K) From: 57632K(57856K)->57632K(57856K)
[2026-03-22T19:51:03.477+0900][13.576s][info][gc,heap        ] GC(1220) ParOldGen: 245063K(349696K)->292271K(349696K)
[2026-03-22T19:51:03.477+0900][13.576s][info][gc,metaspace   ] GC(1220) Metaspace: 341K(512K)->341K(512K) NonClass: 323K(384K)->323K(384K) Class: 17K(128K)->17K(128K)
[2026-03-22T19:51:03.477+0900][13.576s][info][gc             ] GC(1220) Pause Young (Allocation Failure) 352M->341M(455M) 4.187ms
[2026-03-22T19:51:03.478+0900][13.576s][info][gc,cpu         ] GC(1220) User=0.00s Sys=0.00s Real=0.00s
[2026-03-22T19:51:03.483+0900][13.581s][info][gc,start       ] GC(1221) Pause Full (Ergonomics)
[2026-03-22T19:51:03.483+0900][13.581s][info][gc,phases,start] GC(1221) Marking Phase
[2026-03-22T19:51:03.484+0900][13.583s][info][gc,phases      ] GC(1221) Marking Phase 1.278ms
[2026-03-22T19:51:03.484+0900][13.583s][info][gc,phases,start] GC(1221) Summary Phase
[2026-03-22T19:51:03.484+0900][13.583s][info][gc,phases      ] GC(1221) Summary Phase 0.022ms
[2026-03-22T19:51:03.484+0900][13.583s][info][gc,phases,start] GC(1221) Adjust Roots
[2026-03-22T19:51:03.485+0900][13.583s][info][gc,phases      ] GC(1221) Adjust Roots 0.231ms
[2026-03-22T19:51:03.485+0900][13.583s][info][gc,phases,start] GC(1221) Compaction Phase
[2026-03-22T19:51:03.489+0900][13.588s][info][gc,phases      ] GC(1221) Compaction Phase 4.776ms
[2026-03-22T19:51:03.489+0900][13.588s][info][gc,phases,start] GC(1221) Post Compact
[2026-03-22T19:51:03.490+0900][13.589s][info][gc,phases      ] GC(1221) Post Compact 1.280ms
[2026-03-22T19:51:03.490+0900][13.589s][info][gc,heap        ] GC(1221) PSYoungGen: 116136K(116736K)->0K(116736K) Eden: 58504K(58880K)->0K(58880K) From: 57632K(57856K)->0K(57856K)
[2026-03-22T19:51:03.490+0900][13.589s][info][gc,heap        ] GC(1221) ParOldGen: 292271K(349696K)->103430K(349696K)
[2026-03-22T19:51:03.490+0900][13.589s][info][gc,metaspace   ] GC(1221) Metaspace: 341K(512K)->341K(512K) NonClass: 323K(384K)->323K(384K) Class: 17K(128K)->17K(128K)
[2026-03-22T19:51:03.490+0900][13.589s][info][gc             ] GC(1221) Pause Full (Ergonomics) 398M->101M(455M) 7.855ms
[2026-03-22T19:51:03.490+0900][13.589s][info][gc,cpu         ] GC(1221) User=0.00s Sys=0.00s Real=0.01s
[2026-03-22T19:51:03.497+0900][13.596s][info][gc,start       ] GC(1222) Pause Young (Allocation Failure)
[2026-03-22T19:51:03.500+0900][13.598s][info][gc,heap        ] GC(1222) PSYoungGen: 58504K(116736K)->57632K(116736K) Eden: 58504K(58880K)->0K(58880K) From: 0K(57856K)->57632K(57856K)
[2026-03-22T19:51:03.500+0900][13.599s][info][gc,heap        ] GC(1222) ParOldGen: 103430K(349696K)->103430K(349696K)
[2026-03-22T19:51:03.500+0900][13.599s][info][gc,metaspace   ] GC(1222) Metaspace: 341K(512K)->341K(512K) NonClass: 323K(384K)->323K(384K) Class: 17K(128K)->17K(128K)
[2026-03-22T19:51:03.500+0900][13.599s][info][gc             ] GC(1222) Pause Young (Allocation Failure) 158M->157M(455M) 2.632ms
[2026-03-22T19:51:03.500+0900][13.599s][info][gc,cpu         ] GC(1222) User=0.00s Sys=0.00s Real=0.00s
[2026-03-22T19:51:03.507+0900][13.606s][info][gc,start       ] GC(1223) Pause Young (Allocation Failure)
[2026-03-22T19:51:03.511+0900][13.610s][info][gc,heap        ] GC(1223) PSYoungGen: 116136K(116736K)->57632K(116736K) Eden: 58504K(58880K)->0K(58880K) From: 57632K(57856K)->57632K(57856K)
[2026-03-22T19:51:03.511+0900][13.610s][info][gc,heap        ] GC(1223) ParOldGen: 103430K(349696K)->150638K(349696K)
[2026-03-22T19:51:03.511+0900][13.610s][info][gc,metaspace   ] GC(1223) Metaspace: 341K(512K)->341K(512K) NonClass: 323K(384K)->323K(384K) Class: 17K(128K)->17K(128K)
[2026-03-22T19:51:03.511+0900][13.610s][info][gc             ] GC(1223) Pause Young (Allocation Failure) 214M->203M(455M) 4.362ms
[2026-03-22T19:51:03.511+0900][13.610s][info][gc,cpu         ] GC(1223) User=0.12s Sys=0.00s Real=0.00s
[2026-03-22T19:51:03.518+0900][13.616s][info][gc,start       ] GC(1224) Pause Young (Allocation Failure)
[2026-03-22T19:51:03.522+0900][13.620s][info][gc,heap        ] GC(1224) PSYoungGen: 116136K(116736K)->57632K(116736K) Eden: 58504K(58880K)->0K(58880K) From: 57632K(57856K)->57632K(57856K)
[2026-03-22T19:51:03.522+0900][13.620s][info][gc,heap        ] GC(1224) ParOldGen: 150638K(349696K)->197847K(349696K)
[2026-03-22T19:51:03.522+0900][13.620s][info][gc,metaspace   ] GC(1224) Metaspace: 341K(512K)->341K(512K) NonClass: 323K(384K)->323K(384K) Class: 17K(128K)->17K(128K)
[2026-03-22T19:51:03.522+0900][13.620s][info][gc             ] GC(1224) Pause Young (Allocation Failure) 260M->249M(455M) 4.369ms
[2026-03-22T19:51:03.522+0900][13.620s][info][gc,cpu         ] GC(1224) User=0.00s Sys=0.00s Real=0.00s
[2026-03-22T19:51:03.527+0900][13.626s][info][gc,start       ] GC(1225) Pause Young (Allocation Failure)
[2026-03-22T19:51:03.532+0900][13.630s][info][gc,heap        ] GC(1225) PSYoungGen: 116136K(116736K)->57632K(116736K) Eden: 58504K(58880K)->0K(58880K) From: 57632K(57856K)->57632K(57856K)
[2026-03-22T19:51:03.532+0900][13.630s][info][gc,heap        ] GC(1225) ParOldGen: 197847K(349696K)->245063K(349696K)
[2026-03-22T19:51:03.532+0900][13.630s][info][gc,metaspace   ] GC(1225) Metaspace: 341K(512K)->341K(512K) NonClass: 323K(384K)->323K(384K) Class: 17K(128K)->17K(128K)
[2026-03-22T19:51:03.532+0900][13.630s][info][gc             ] GC(1225) Pause Young (Allocation Failure) 306M->295M(455M) 4.352ms
[2026-03-22T19:51:03.532+0900][13.630s][info][gc,cpu         ] GC(1225) User=0.00s Sys=0.00s Real=0.01s
[2026-03-22T19:51:03.539+0900][13.637s][info][gc,start       ] GC(1226) Pause Young (Allocation Failure)
[2026-03-22T19:51:03.543+0900][13.642s][info][gc,heap        ] GC(1226) PSYoungGen: 116136K(116736K)->57632K(116736K) Eden: 58504K(58880K)->0K(58880K) From: 57632K(57856K)->57632K(57856K)
[2026-03-22T19:51:03.543+0900][13.642s][info][gc,heap        ] GC(1226) ParOldGen: 245063K(349696K)->292271K(349696K)
[2026-03-22T19:51:03.543+0900][13.642s][info][gc,metaspace   ] GC(1226) Metaspace: 341K(512K)->341K(512K) NonClass: 323K(384K)->323K(384K) Class: 17K(128K)->17K(128K)
[2026-03-22T19:51:03.543+0900][13.642s][info][gc             ] GC(1226) Pause Young (Allocation Failure) 352M->341M(455M) 4.590ms
[2026-03-22T19:51:03.543+0900][13.642s][info][gc,cpu         ] GC(1226) User=0.09s Sys=0.03s Real=0.00s
[2026-03-22T19:51:03.549+0900][13.649s][info][gc,start       ] GC(1227) Pause Full (Ergonomics)
[2026-03-22T19:51:03.550+0900][13.649s][info][gc,phases,start] GC(1227) Marking Phase
[2026-03-22T19:51:03.551+0900][13.650s][info][gc,phases      ] GC(1227) Marking Phase 1.668ms
[2026-03-22T19:51:03.551+0900][13.650s][info][gc,phases,start] GC(1227) Summary Phase
[2026-03-22T19:51:03.551+0900][13.650s][info][gc,phases      ] GC(1227) Summary Phase 0.023ms
[2026-03-22T19:51:03.551+0900][13.650s][info][gc,phases,start] GC(1227) Adjust Roots
[2026-03-22T19:51:03.552+0900][13.651s][info][gc,phases      ] GC(1227) Adjust Roots 0.249ms
[2026-03-22T19:51:03.552+0900][13.651s][info][gc,phases,start] GC(1227) Compaction Phase
[2026-03-22T19:51:03.556+0900][13.655s][info][gc,phases      ] GC(1227) Compaction Phase 4.543ms
[2026-03-22T19:51:03.556+0900][13.655s][info][gc,phases,start] GC(1227) Post Compact
[2026-03-22T19:51:03.558+0900][13.657s][info][gc,phases      ] GC(1227) Post Compact 1.492ms
[2026-03-22T19:51:03.558+0900][13.657s][info][gc,heap        ] GC(1227) PSYoungGen: 116136K(116736K)->0K(116736K) Eden: 58504K(58880K)->0K(58880K) From: 57632K(57856K)->0K(57856K)
[2026-03-22T19:51:03.559+0900][13.657s][info][gc,heap        ] GC(1227) ParOldGen: 292271K(349696K)->103430K(349696K)
[2026-03-22T19:51:03.559+0900][13.657s][info][gc,metaspace   ] GC(1227) Metaspace: 341K(512K)->341K(512K) NonClass: 323K(384K)->323K(384K) Class: 17K(128K)->17K(128K)
[2026-03-22T19:51:03.559+0900][13.657s][info][gc             ] GC(1227) Pause Full (Ergonomics) 398M->101M(455M) 8.361ms
[2026-03-22T19:51:03.559+0900][13.657s][info][gc,cpu         ] GC(1227) User=0.12s Sys=0.00s Real=0.01s
[2026-03-22T19:51:03.566+0900][13.664s][info][gc,start       ] GC(1228) Pause Young (Allocation Failure)
[2026-03-22T19:51:03.568+0900][13.666s][info][gc,heap        ] GC(1228) PSYoungGen: 58504K(116736K)->57632K(116736K) Eden: 58504K(58880K)->0K(58880K) From: 0K(57856K)->57632K(57856K)
[2026-03-22T19:51:03.568+0900][13.666s][info][gc,heap        ] GC(1228) ParOldGen: 103430K(349696K)->103430K(349696K)
[2026-03-22T19:51:03.568+0900][13.666s][info][gc,metaspace   ] GC(1228) Metaspace: 341K(512K)->341K(512K) NonClass: 323K(384K)->323K(384K) Class: 17K(128K)->17K(128K)
[2026-03-22T19:51:03.568+0900][13.667s][info][gc             ] GC(1228) Pause Young (Allocation Failure) 158M->157M(455M) 2.595ms
[2026-03-22T19:51:03.568+0900][13.667s][info][gc,cpu         ] GC(1228) User=0.00s Sys=0.00s Real=0.00s
[2026-03-22T19:51:03.574+0900][13.673s][info][gc,start       ] GC(1229) Pause Young (Allocation Failure)
[2026-03-22T19:51:03.578+0900][13.677s][info][gc,heap        ] GC(1229) PSYoungGen: 116136K(116736K)->57632K(116736K) Eden: 58504K(58880K)->0K(58880K) From: 57632K(57856K)->57632K(57856K)
[2026-03-22T19:51:03.578+0900][13.677s][info][gc,heap        ] GC(1229) ParOldGen: 103430K(349696K)->150638K(349696K)
[2026-03-22T19:51:03.578+0900][13.677s][info][gc,metaspace   ] GC(1229) Metaspace: 341K(512K)->341K(512K) NonClass: 323K(384K)->323K(384K) Class: 17K(128K)->17K(128K)
[2026-03-22T19:51:03.578+0900][13.677s][info][gc             ] GC(1229) Pause Young (Allocation Failure) 214M->203M(455M) 4.172ms
[2026-03-22T19:51:03.578+0900][13.677s][info][gc,cpu         ] GC(1229) User=0.00s Sys=0.00s Real=0.00s
[2026-03-22T19:51:03.584+0900][13.682s][info][gc,start       ] GC(1230) Pause Young (Allocation Failure)
[2026-03-22T19:51:03.588+0900][13.687s][info][gc,heap        ] GC(1230) PSYoungGen: 116136K(116736K)->57632K(116736K) Eden: 58504K(58880K)->0K(58880K) From: 57632K(57856K)->57632K(57856K)
[2026-03-22T19:51:03.588+0900][13.687s][info][gc,heap        ] GC(1230) ParOldGen: 150638K(349696K)->197847K(349696K)
[2026-03-22T19:51:03.588+0900][13.687s][info][gc,metaspace   ] GC(1230) Metaspace: 341K(512K)->341K(512K) NonClass: 323K(384K)->323K(384K) Class: 17K(128K)->17K(128K)
[2026-03-22T19:51:03.588+0900][13.687s][info][gc             ] GC(1230) Pause Young (Allocation Failure) 260M->249M(455M) 4.337ms
[2026-03-22T19:51:03.588+0900][13.687s][info][gc,cpu         ] GC(1230) User=0.05s Sys=0.00s Real=0.00s
[2026-03-22T19:51:03.594+0900][13.692s][info][gc,start       ] GC(1231) Pause Young (Allocation Failure)
[2026-03-22T19:51:03.599+0900][13.697s][info][gc,heap        ] GC(1231) PSYoungGen: 116136K(116736K)->57632K(116736K) Eden: 58504K(58880K)->0K(58880K) From: 57632K(57856K)->57632K(57856K)
[2026-03-22T19:51:03.599+0900][13.697s][info][gc,heap        ] GC(1231) ParOldGen: 197847K(349696K)->245063K(349696K)
[2026-03-22T19:51:03.599+0900][13.697s][info][gc,metaspace   ] GC(1231) Metaspace: 341K(512K)->341K(512K) NonClass: 323K(384K)->323K(384K) Class: 17K(128K)->17K(128K)
[2026-03-22T19:51:03.599+0900][13.697s][info][gc             ] GC(1231) Pause Young (Allocation Failure) 306M->295M(455M) 5.025ms
[2026-03-22T19:51:03.599+0900][13.697s][info][gc,cpu         ] GC(1231) User=0.00s Sys=0.00s Real=0.00s
[2026-03-22T19:51:03.604+0900][13.703s][info][gc,start       ] GC(1232) Pause Young (Allocation Failure)
[2026-03-22T19:51:03.608+0900][13.707s][info][gc,heap        ] GC(1232) PSYoungGen: 116136K(116736K)->57632K(116736K) Eden: 58504K(58880K)->0K(58880K) From: 57632K(57856K)->57632K(57856K)
[2026-03-22T19:51:03.608+0900][13.707s][info][gc,heap        ] GC(1232) ParOldGen: 245063K(349696K)->292271K(349696K)
[2026-03-22T19:51:03.608+0900][13.707s][info][gc,metaspace   ] GC(1232) Metaspace: 341K(512K)->341K(512K) NonClass: 323K(384K)->323K(384K) Class: 17K(128K)->17K(128K)
[2026-03-22T19:51:03.608+0900][13.707s][info][gc             ] GC(1232) Pause Young (Allocation Failure) 352M->341M(455M) 4.257ms
[2026-03-22T19:51:03.608+0900][13.707s][info][gc,cpu         ] GC(1232) User=0.00s Sys=0.00s Real=0.00s
[2026-03-22T19:51:03.613+0900][13.712s][info][gc,start       ] GC(1233) Pause Full (Ergonomics)
[2026-03-22T19:51:03.613+0900][13.712s][info][gc,phases,start] GC(1233) Marking Phase
[2026-03-22T19:51:03.615+0900][13.714s][info][gc,phases      ] GC(1233) Marking Phase 1.525ms
[2026-03-22T19:51:03.615+0900][13.714s][info][gc,phases,start] GC(1233) Summary Phase
[2026-03-22T19:51:03.615+0900][13.714s][info][gc,phases      ] GC(1233) Summary Phase 0.036ms
[2026-03-22T19:51:03.615+0900][13.714s][info][gc,phases,start] GC(1233) Adjust Roots
[2026-03-22T19:51:03.615+0900][13.714s][info][gc,phases      ] GC(1233) Adjust Roots 0.342ms
[2026-03-22T19:51:03.615+0900][13.714s][info][gc,phases,start] GC(1233) Compaction Phase
[2026-03-22T19:51:03.621+0900][13.719s][info][gc,phases      ] GC(1233) Compaction Phase 4.570ms
[2026-03-22T19:51:03.621+0900][13.719s][info][gc,phases,start] GC(1233) Post Compact
[2026-03-22T19:51:03.622+0900][13.720s][info][gc,phases      ] GC(1233) Post Compact 1.272ms
[2026-03-22T19:51:03.622+0900][13.720s][info][gc,heap        ] GC(1233) PSYoungGen: 116136K(116736K)->0K(116736K) Eden: 58504K(58880K)->0K(58880K) From: 57632K(57856K)->0K(57856K)
[2026-03-22T19:51:03.622+0900][13.720s][info][gc,heap        ] GC(1233) ParOldGen: 292271K(349696K)->103430K(349696K)
[2026-03-22T19:51:03.622+0900][13.720s][info][gc,metaspace   ] GC(1233) Metaspace: 341K(512K)->341K(512K) NonClass: 323K(384K)->323K(384K) Class: 17K(128K)->17K(128K)
[2026-03-22T19:51:03.622+0900][13.720s][info][gc             ] GC(1233) Pause Full (Ergonomics) 398M->101M(455M) 8.052ms
[2026-03-22T19:51:03.622+0900][13.720s][info][gc,cpu         ] GC(1233) User=0.12s Sys=0.00s Real=0.01s
[2026-03-22T19:51:03.628+0900][13.727s][info][gc,start       ] GC(1234) Pause Young (Allocation Failure)
[2026-03-22T19:51:03.631+0900][13.730s][info][gc,heap        ] GC(1234) PSYoungGen: 58504K(116736K)->57632K(116736K) Eden: 58504K(58880K)->0K(58880K) From: 0K(57856K)->57632K(57856K)
[2026-03-22T19:51:03.631+0900][13.730s][info][gc,heap        ] GC(1234) ParOldGen: 103430K(349696K)->103430K(349696K)
[2026-03-22T19:51:03.631+0900][13.730s][info][gc,metaspace   ] GC(1234) Metaspace: 341K(512K)->341K(512K) NonClass: 323K(384K)->323K(384K) Class: 17K(128K)->17K(128K)
[2026-03-22T19:51:03.631+0900][13.730s][info][gc             ] GC(1234) Pause Young (Allocation Failure) 158M->157M(455M) 2.669ms
[2026-03-22T19:51:03.631+0900][13.730s][info][gc,cpu         ] GC(1234) User=0.00s Sys=0.00s Real=0.00s
[2026-03-22T19:51:03.636+0900][13.735s][info][gc,start       ] GC(1235) Pause Young (Allocation Failure)
[2026-03-22T19:51:03.640+0900][13.739s][info][gc,heap        ] GC(1235) PSYoungGen: 116136K(116736K)->57632K(116736K) Eden: 58504K(58880K)->0K(58880K) From: 57632K(57856K)->57632K(57856K)
[2026-03-22T19:51:03.640+0900][13.739s][info][gc,heap        ] GC(1235) ParOldGen: 103430K(349696K)->150638K(349696K)
[2026-03-22T19:51:03.640+0900][13.739s][info][gc,metaspace   ] GC(1235) Metaspace: 341K(512K)->341K(512K) NonClass: 323K(384K)->323K(384K) Class: 17K(128K)->17K(128K)
[2026-03-22T19:51:03.640+0900][13.739s][info][gc             ] GC(1235) Pause Young (Allocation Failure) 214M->203M(455M) 4.080ms
[2026-03-22T19:51:03.640+0900][13.739s][info][gc,cpu         ] GC(1235) User=0.00s Sys=0.00s Real=0.00s
[2026-03-22T19:51:03.646+0900][13.745s][info][gc,start       ] GC(1236) Pause Young (Allocation Failure)
[2026-03-22T19:51:03.650+0900][13.749s][info][gc,heap        ] GC(1236) PSYoungGen: 116136K(116736K)->57632K(116736K) Eden: 58504K(58880K)->0K(58880K) From: 57632K(57856K)->57632K(57856K)
[2026-03-22T19:51:03.650+0900][13.749s][info][gc,heap        ] GC(1236) ParOldGen: 150638K(349696K)->197847K(349696K)
[2026-03-22T19:51:03.650+0900][13.749s][info][gc,metaspace   ] GC(1236) Metaspace: 341K(512K)->341K(512K) NonClass: 323K(384K)->323K(384K) Class: 17K(128K)->17K(128K)
[2026-03-22T19:51:03.650+0900][13.749s][info][gc             ] GC(1236) Pause Young (Allocation Failure) 260M->249M(455M) 4.161ms
[2026-03-22T19:51:03.650+0900][13.749s][info][gc,cpu         ] GC(1236) User=0.00s Sys=0.00s Real=0.00s
[2026-03-22T19:51:03.655+0900][13.754s][info][gc,start       ] GC(1237) Pause Young (Allocation Failure)
[2026-03-22T19:51:03.659+0900][13.758s][info][gc,heap        ] GC(1237) PSYoungGen: 116136K(116736K)->57632K(116736K) Eden: 58504K(58880K)->0K(58880K) From: 57632K(57856K)->57632K(57856K)
[2026-03-22T19:51:03.659+0900][13.758s][info][gc,heap        ] GC(1237) ParOldGen: 197847K(349696K)->245063K(349696K)
[2026-03-22T19:51:03.659+0900][13.758s][info][gc,metaspace   ] GC(1237) Metaspace: 341K(512K)->341K(512K) NonClass: 323K(384K)->323K(384K) Class: 17K(128K)->17K(128K)
[2026-03-22T19:51:03.659+0900][13.758s][info][gc             ] GC(1237) Pause Young (Allocation Failure) 306M->295M(455M) 4.108ms
[2026-03-22T19:51:03.659+0900][13.758s][info][gc,cpu         ] GC(1237) User=0.00s Sys=0.00s Real=0.00s
[2026-03-22T19:51:03.665+0900][13.764s][info][gc,start       ] GC(1238) Pause Young (Allocation Failure)
[2026-03-22T19:51:03.669+0900][13.768s][info][gc,heap        ] GC(1238) PSYoungGen: 116136K(116736K)->57632K(116736K) Eden: 58504K(58880K)->0K(58880K) From: 57632K(57856K)->57632K(57856K)
[2026-03-22T19:51:03.669+0900][13.768s][info][gc,heap        ] GC(1238) ParOldGen: 245063K(349696K)->292271K(349696K)
[2026-03-22T19:51:03.669+0900][13.768s][info][gc,metaspace   ] GC(1238) Metaspace: 341K(512K)->341K(512K) NonClass: 323K(384K)->323K(384K) Class: 17K(128K)->17K(128K)
[2026-03-22T19:51:03.669+0900][13.768s][info][gc             ] GC(1238) Pause Young (Allocation Failure) 352M->341M(455M) 4.218ms
[2026-03-22T19:51:03.669+0900][13.768s][info][gc,cpu         ] GC(1238) User=0.11s Sys=0.02s Real=0.00s
[2026-03-22T19:51:03.674+0900][13.773s][info][gc,start       ] GC(1239) Pause Full (Ergonomics)
[2026-03-22T19:51:03.674+0900][13.773s][info][gc,phases,start] GC(1239) Marking Phase
[2026-03-22T19:51:03.676+0900][13.775s][info][gc,phases      ] GC(1239) Marking Phase 1.558ms
[2026-03-22T19:51:03.676+0900][13.775s][info][gc,phases,start] GC(1239) Summary Phase
[2026-03-22T19:51:03.676+0900][13.775s][info][gc,phases      ] GC(1239) Summary Phase 0.025ms
[2026-03-22T19:51:03.676+0900][13.775s][info][gc,phases,start] GC(1239) Adjust Roots
[2026-03-22T19:51:03.676+0900][13.775s][info][gc,phases      ] GC(1239) Adjust Roots 0.256ms
[2026-03-22T19:51:03.676+0900][13.775s][info][gc,phases,start] GC(1239) Compaction Phase
[2026-03-22T19:51:03.681+0900][13.781s][info][gc,phases      ] GC(1239) Compaction Phase 5.269ms
[2026-03-22T19:51:03.682+0900][13.781s][info][gc,phases,start] GC(1239) Post Compact
[2026-03-22T19:51:03.683+0900][13.782s][info][gc,phases      ] GC(1239) Post Compact 1.721ms
[2026-03-22T19:51:03.683+0900][13.782s][info][gc,heap        ] GC(1239) PSYoungGen: 116136K(116736K)->0K(116736K) Eden: 58504K(58880K)->0K(58880K) From: 57632K(57856K)->0K(57856K)
[2026-03-22T19:51:03.683+0900][13.782s][info][gc,heap        ] GC(1239) ParOldGen: 292271K(349696K)->103430K(349696K)
[2026-03-22T19:51:03.683+0900][13.782s][info][gc,metaspace   ] GC(1239) Metaspace: 341K(512K)->341K(512K) NonClass: 323K(384K)->323K(384K) Class: 17K(128K)->17K(128K)
[2026-03-22T19:51:03.683+0900][13.782s][info][gc             ] GC(1239) Pause Full (Ergonomics) 398M->101M(455M) 9.171ms
[2026-03-22T19:51:03.683+0900][13.782s][info][gc,cpu         ] GC(1239) User=0.11s Sys=0.02s Real=0.01s
[2026-03-22T19:51:03.691+0900][13.790s][info][gc,start       ] GC(1240) Pause Young (Allocation Failure)
[2026-03-22T19:51:03.694+0900][13.793s][info][gc,heap        ] GC(1240) PSYoungGen: 58504K(116736K)->57632K(116736K) Eden: 58504K(58880K)->0K(58880K) From: 0K(57856K)->57632K(57856K)
[2026-03-22T19:51:03.695+0900][13.793s][info][gc,heap        ] GC(1240) ParOldGen: 103430K(349696K)->103430K(349696K)
[2026-03-22T19:51:03.695+0900][13.793s][info][gc,metaspace   ] GC(1240) Metaspace: 341K(512K)->341K(512K) NonClass: 323K(384K)->323K(384K) Class: 17K(128K)->17K(128K)
[2026-03-22T19:51:03.695+0900][13.793s][info][gc             ] GC(1240) Pause Young (Allocation Failure) 158M->157M(455M) 3.143ms
[2026-03-22T19:51:03.695+0900][13.793s][info][gc,cpu         ] GC(1240) User=0.00s Sys=0.00s Real=0.00s
[2026-03-22T19:51:03.702+0900][13.800s][info][gc,start       ] GC(1241) Pause Young (Allocation Failure)
[2026-03-22T19:51:03.705+0900][13.804s][info][gc,heap        ] GC(1241) PSYoungGen: 116136K(116736K)->57632K(116736K) Eden: 58504K(58880K)->0K(58880K) From: 57632K(57856K)->57632K(57856K)
[2026-03-22T19:51:03.705+0900][13.804s][info][gc,heap        ] GC(1241) ParOldGen: 103430K(349696K)->150638K(349696K)
[2026-03-22T19:51:03.706+0900][13.804s][info][gc,metaspace   ] GC(1241) Metaspace: 341K(512K)->341K(512K) NonClass: 323K(384K)->323K(384K) Class: 17K(128K)->17K(128K)
[2026-03-22T19:51:03.706+0900][13.804s][info][gc             ] GC(1241) Pause Young (Allocation Failure) 214M->203M(455M) 4.247ms
[2026-03-22T19:51:03.706+0900][13.804s][info][gc,cpu         ] GC(1241) User=0.00s Sys=0.00s Real=0.00s
[2026-03-22T19:51:03.712+0900][13.811s][info][gc,start       ] GC(1242) Pause Young (Allocation Failure)
[2026-03-22T19:51:03.716+0900][13.815s][info][gc,heap        ] GC(1242) PSYoungGen: 116136K(116736K)->57632K(116736K) Eden: 58504K(58880K)->0K(58880K) From: 57632K(57856K)->57632K(57856K)
[2026-03-22T19:51:03.716+0900][13.815s][info][gc,heap        ] GC(1242) ParOldGen: 150638K(349696K)->197847K(349696K)
[2026-03-22T19:51:03.716+0900][13.815s][info][gc,metaspace   ] GC(1242) Metaspace: 341K(512K)->341K(512K) NonClass: 323K(384K)->323K(384K) Class: 17K(128K)->17K(128K)
[2026-03-22T19:51:03.716+0900][13.815s][info][gc             ] GC(1242) Pause Young (Allocation Failure) 260M->249M(455M) 4.124ms
[2026-03-22T19:51:03.716+0900][13.815s][info][gc,cpu         ] GC(1242) User=0.06s Sys=0.00s Real=0.00s
[2026-03-22T19:51:03.722+0900][13.821s][info][gc,start       ] GC(1243) Pause Young (Allocation Failure)
[2026-03-22T19:51:03.726+0900][13.825s][info][gc,heap        ] GC(1243) PSYoungGen: 116136K(116736K)->57632K(116736K) Eden: 58504K(58880K)->0K(58880K) From: 57632K(57856K)->57632K(57856K)
[2026-03-22T19:51:03.726+0900][13.825s][info][gc,heap        ] GC(1243) ParOldGen: 197847K(349696K)->245063K(349696K)
[2026-03-22T19:51:03.726+0900][13.825s][info][gc,metaspace   ] GC(1243) Metaspace: 341K(512K)->341K(512K) NonClass: 323K(384K)->323K(384K) Class: 17K(128K)->17K(128K)
[2026-03-22T19:51:03.726+0900][13.825s][info][gc             ] GC(1243) Pause Young (Allocation Failure) 306M->295M(455M) 4.380ms
[2026-03-22T19:51:03.726+0900][13.825s][info][gc,cpu         ] GC(1243) User=0.00s Sys=0.00s Real=0.00s
[2026-03-22T19:51:03.732+0900][13.830s][info][gc,start       ] GC(1244) Pause Young (Allocation Failure)
[2026-03-22T19:51:03.736+0900][13.834s][info][gc,heap        ] GC(1244) PSYoungGen: 116136K(116736K)->57632K(116736K) Eden: 58504K(58880K)->0K(58880K) From: 57632K(57856K)->57632K(57856K)
[2026-03-22T19:51:03.736+0900][13.835s][info][gc,heap        ] GC(1244) ParOldGen: 245063K(349696K)->292271K(349696K)
[2026-03-22T19:51:03.736+0900][13.835s][info][gc,metaspace   ] GC(1244) Metaspace: 341K(512K)->341K(512K) NonClass: 323K(384K)->323K(384K) Class: 17K(128K)->17K(128K)
[2026-03-22T19:51:03.736+0900][13.835s][info][gc             ] GC(1244) Pause Young (Allocation Failure) 352M->341M(455M) 4.155ms
[2026-03-22T19:51:03.736+0900][13.835s][info][gc,cpu         ] GC(1244) User=0.00s Sys=0.00s Real=0.00s
[2026-03-22T19:51:03.743+0900][13.841s][info][gc,start       ] GC(1245) Pause Full (Ergonomics)
[2026-03-22T19:51:03.743+0900][13.841s][info][gc,phases,start] GC(1245) Marking Phase
[2026-03-22T19:51:03.744+0900][13.843s][info][gc,phases      ] GC(1245) Marking Phase 1.445ms
[2026-03-22T19:51:03.744+0900][13.843s][info][gc,phases,start] GC(1245) Summary Phase
[2026-03-22T19:51:03.744+0900][13.843s][info][gc,phases      ] GC(1245) Summary Phase 0.020ms
[2026-03-22T19:51:03.744+0900][13.843s][info][gc,phases,start] GC(1245) Adjust Roots
[2026-03-22T19:51:03.744+0900][13.843s][info][gc,phases      ] GC(1245) Adjust Roots 0.280ms
[2026-03-22T19:51:03.744+0900][13.843s][info][gc,phases,start] GC(1245) Compaction Phase
[2026-03-22T19:51:03.749+0900][13.848s][info][gc,phases      ] GC(1245) Compaction Phase 4.825ms
[2026-03-22T19:51:03.749+0900][13.848s][info][gc,phases,start] GC(1245) Post Compact
[2026-03-22T19:51:03.751+0900][13.850s][info][gc,phases      ] GC(1245) Post Compact 1.576ms
[2026-03-22T19:51:03.751+0900][13.850s][info][gc,heap        ] GC(1245) PSYoungGen: 116136K(116736K)->0K(116736K) Eden: 58504K(58880K)->0K(58880K) From: 57632K(57856K)->0K(57856K)
[2026-03-22T19:51:03.751+0900][13.850s][info][gc,heap        ] GC(1245) ParOldGen: 292271K(349696K)->103430K(349696K)
[2026-03-22T19:51:03.751+0900][13.850s][info][gc,metaspace   ] GC(1245) Metaspace: 341K(512K)->341K(512K) NonClass: 323K(384K)->323K(384K) Class: 17K(128K)->17K(128K)
[2026-03-22T19:51:03.751+0900][13.850s][info][gc             ] GC(1245) Pause Full (Ergonomics) 398M->101M(455M) 8.451ms
[2026-03-22T19:51:03.751+0900][13.850s][info][gc,cpu         ] GC(1245) User=0.00s Sys=0.00s Real=0.01s
[2026-03-22T19:51:03.757+0900][13.856s][info][gc,start       ] GC(1246) Pause Young (Allocation Failure)
[2026-03-22T19:51:03.759+0900][13.858s][info][gc,heap        ] GC(1246) PSYoungGen: 58504K(116736K)->57632K(116736K) Eden: 58504K(58880K)->0K(58880K) From: 0K(57856K)->57632K(57856K)
[2026-03-22T19:51:03.759+0900][13.858s][info][gc,heap        ] GC(1246) ParOldGen: 103430K(349696K)->103430K(349696K)
[2026-03-22T19:51:03.759+0900][13.858s][info][gc,metaspace   ] GC(1246) Metaspace: 341K(512K)->341K(512K) NonClass: 323K(384K)->323K(384K) Class: 17K(128K)->17K(128K)
[2026-03-22T19:51:03.759+0900][13.858s][info][gc             ] GC(1246) Pause Young (Allocation Failure) 158M->157M(455M) 2.576ms
[2026-03-22T19:51:03.759+0900][13.858s][info][gc,cpu         ] GC(1246) User=0.03s Sys=0.00s Real=0.00s
[2026-03-22T19:51:03.765+0900][13.864s][info][gc,start       ] GC(1247) Pause Young (Allocation Failure)
[2026-03-22T19:51:03.769+0900][13.868s][info][gc,heap        ] GC(1247) PSYoungGen: 116136K(116736K)->57632K(116736K) Eden: 58504K(58880K)->0K(58880K) From: 57632K(57856K)->57632K(57856K)
[2026-03-22T19:51:03.769+0900][13.868s][info][gc,heap        ] GC(1247) ParOldGen: 103430K(349696K)->150638K(349696K)
[2026-03-22T19:51:03.769+0900][13.868s][info][gc,metaspace   ] GC(1247) Metaspace: 341K(512K)->341K(512K) NonClass: 323K(384K)->323K(384K) Class: 17K(128K)->17K(128K)
[2026-03-22T19:51:03.769+0900][13.868s][info][gc             ] GC(1247) Pause Young (Allocation Failure) 214M->203M(455M) 4.173ms
[2026-03-22T19:51:03.769+0900][13.868s][info][gc,cpu         ] GC(1247) User=0.00s Sys=0.00s Real=0.00s
[2026-03-22T19:51:03.775+0900][13.873s][info][gc,start       ] GC(1248) Pause Young (Allocation Failure)
[2026-03-22T19:51:03.779+0900][13.877s][info][gc,heap        ] GC(1248) PSYoungGen: 116136K(116736K)->57632K(116736K) Eden: 58504K(58880K)->0K(58880K) From: 57632K(57856K)->57632K(57856K)
[2026-03-22T19:51:03.779+0900][13.877s][info][gc,heap        ] GC(1248) ParOldGen: 150638K(349696K)->197847K(349696K)
[2026-03-22T19:51:03.779+0900][13.877s][info][gc,metaspace   ] GC(1248) Metaspace: 341K(512K)->341K(512K) NonClass: 323K(384K)->323K(384K) Class: 17K(128K)->17K(128K)
[2026-03-22T19:51:03.779+0900][13.877s][info][gc             ] GC(1248) Pause Young (Allocation Failure) 260M->249M(455M) 3.893ms
[2026-03-22T19:51:03.779+0900][13.877s][info][gc,cpu         ] GC(1248) User=0.11s Sys=0.00s Real=0.00s
[2026-03-22T19:51:03.784+0900][13.883s][info][gc,start       ] GC(1249) Pause Young (Allocation Failure)
[2026-03-22T19:51:03.788+0900][13.887s][info][gc,heap        ] GC(1249) PSYoungGen: 116136K(116736K)->57632K(116736K) Eden: 58504K(58880K)->0K(58880K) From: 57632K(57856K)->57632K(57856K)
[2026-03-22T19:51:03.788+0900][13.887s][info][gc,heap        ] GC(1249) ParOldGen: 197847K(349696K)->245063K(349696K)
[2026-03-22T19:51:03.788+0900][13.887s][info][gc,metaspace   ] GC(1249) Metaspace: 341K(512K)->341K(512K) NonClass: 323K(384K)->323K(384K) Class: 17K(128K)->17K(128K)
[2026-03-22T19:51:03.788+0900][13.887s][info][gc             ] GC(1249) Pause Young (Allocation Failure) 306M->295M(455M) 3.949ms
[2026-03-22T19:51:03.788+0900][13.887s][info][gc,cpu         ] GC(1249) User=0.00s Sys=0.00s Real=0.00s
[2026-03-22T19:51:03.793+0900][13.892s][info][gc,start       ] GC(1250) Pause Young (Allocation Failure)
[2026-03-22T19:51:03.797+0900][13.896s][info][gc,heap        ] GC(1250) PSYoungGen: 116136K(116736K)->57632K(116736K) Eden: 58504K(58880K)->0K(58880K) From: 57632K(57856K)->57632K(57856K)
[2026-03-22T19:51:03.797+0900][13.896s][info][gc,heap        ] GC(1250) ParOldGen: 245063K(349696K)->292271K(349696K)
[2026-03-22T19:51:03.797+0900][13.896s][info][gc,metaspace   ] GC(1250) Metaspace: 341K(512K)->341K(512K) NonClass: 323K(384K)->323K(384K) Class: 17K(128K)->17K(128K)
[2026-03-22T19:51:03.797+0900][13.896s][info][gc             ] GC(1250) Pause Young (Allocation Failure) 352M->341M(455M) 4.613ms
[2026-03-22T19:51:03.798+0900][13.896s][info][gc,cpu         ] GC(1250) User=0.00s Sys=0.00s Real=0.01s
[2026-03-22T19:51:03.805+0900][13.904s][info][gc,start       ] GC(1251) Pause Full (Ergonomics)
[2026-03-22T19:51:03.805+0900][13.904s][info][gc,phases,start] GC(1251) Marking Phase
[2026-03-22T19:51:03.806+0900][13.905s][info][gc,phases      ] GC(1251) Marking Phase 1.244ms
[2026-03-22T19:51:03.806+0900][13.905s][info][gc,phases,start] GC(1251) Summary Phase
[2026-03-22T19:51:03.806+0900][13.905s][info][gc,phases      ] GC(1251) Summary Phase 0.024ms
[2026-03-22T19:51:03.806+0900][13.905s][info][gc,phases,start] GC(1251) Adjust Roots
[2026-03-22T19:51:03.806+0900][13.905s][info][gc,phases      ] GC(1251) Adjust Roots 0.263ms
[2026-03-22T19:51:03.806+0900][13.905s][info][gc,phases,start] GC(1251) Compaction Phase
[2026-03-22T19:51:03.811+0900][13.910s][info][gc,phases      ] GC(1251) Compaction Phase 4.622ms
[2026-03-22T19:51:03.811+0900][13.910s][info][gc,phases,start] GC(1251) Post Compact
[2026-03-22T19:51:03.812+0900][13.912s][info][gc,phases      ] GC(1251) Post Compact 1.530ms
[2026-03-22T19:51:03.812+0900][13.912s][info][gc,heap        ] GC(1251) PSYoungGen: 116136K(116736K)->0K(116736K) Eden: 58504K(58880K)->0K(58880K) From: 57632K(57856K)->0K(57856K)
[2026-03-22T19:51:03.812+0900][13.912s][info][gc,heap        ] GC(1251) ParOldGen: 292271K(349696K)->103430K(349696K)
[2026-03-22T19:51:03.812+0900][13.912s][info][gc,metaspace   ] GC(1251) Metaspace: 341K(512K)->341K(512K) NonClass: 323K(384K)->323K(384K) Class: 17K(128K)->17K(128K)
[2026-03-22T19:51:03.812+0900][13.912s][info][gc             ] GC(1251) Pause Full (Ergonomics) 398M->101M(455M) 8.004ms
[2026-03-22T19:51:03.812+0900][13.912s][info][gc,cpu         ] GC(1251) User=0.02s Sys=0.00s Real=0.01s
[2026-03-22T19:51:03.819+0900][13.917s][info][gc,start       ] GC(1252) Pause Young (Allocation Failure)
[2026-03-22T19:51:03.821+0900][13.920s][info][gc,heap        ] GC(1252) PSYoungGen: 58504K(116736K)->57632K(116736K) Eden: 58504K(58880K)->0K(58880K) From: 0K(57856K)->57632K(57856K)
[2026-03-22T19:51:03.821+0900][13.920s][info][gc,heap        ] GC(1252) ParOldGen: 103430K(349696K)->103430K(349696K)
[2026-03-22T19:51:03.821+0900][13.920s][info][gc,metaspace   ] GC(1252) Metaspace: 341K(512K)->341K(512K) NonClass: 323K(384K)->323K(384K) Class: 17K(128K)->17K(128K)
[2026-03-22T19:51:03.822+0900][13.920s][info][gc             ] GC(1252) Pause Young (Allocation Failure) 158M->157M(455M) 2.693ms
[2026-03-22T19:51:03.822+0900][13.920s][info][gc,cpu         ] GC(1252) User=0.00s Sys=0.00s Real=0.00s
[2026-03-22T19:51:03.826+0900][13.925s][info][gc,start       ] GC(1253) Pause Young (Allocation Failure)
[2026-03-22T19:51:03.830+0900][13.929s][info][gc,heap        ] GC(1253) PSYoungGen: 116136K(116736K)->57632K(116736K) Eden: 58504K(58880K)->0K(58880K) From: 57632K(57856K)->57632K(57856K)
[2026-03-22T19:51:03.830+0900][13.929s][info][gc,heap        ] GC(1253) ParOldGen: 103430K(349696K)->150638K(349696K)
[2026-03-22T19:51:03.830+0900][13.929s][info][gc,metaspace   ] GC(1253) Metaspace: 341K(512K)->341K(512K) NonClass: 323K(384K)->323K(384K) Class: 17K(128K)->17K(128K)
[2026-03-22T19:51:03.830+0900][13.929s][info][gc             ] GC(1253) Pause Young (Allocation Failure) 214M->203M(455M) 4.279ms
[2026-03-22T19:51:03.830+0900][13.929s][info][gc,cpu         ] GC(1253) User=0.00s Sys=0.00s Real=0.00s
[2026-03-22T19:51:03.836+0900][13.935s][info][gc,start       ] GC(1254) Pause Young (Allocation Failure)
[2026-03-22T19:51:03.840+0900][13.939s][info][gc,heap        ] GC(1254) PSYoungGen: 116136K(116736K)->57632K(116736K) Eden: 58504K(58880K)->0K(58880K) From: 57632K(57856K)->57632K(57856K)
[2026-03-22T19:51:03.840+0900][13.939s][info][gc,heap        ] GC(1254) ParOldGen: 150638K(349696K)->197847K(349696K)
[2026-03-22T19:51:03.840+0900][13.939s][info][gc,metaspace   ] GC(1254) Metaspace: 341K(512K)->341K(512K) NonClass: 323K(384K)->323K(384K) Class: 17K(128K)->17K(128K)
[2026-03-22T19:51:03.840+0900][13.939s][info][gc             ] GC(1254) Pause Young (Allocation Failure) 260M->249M(455M) 4.034ms
[2026-03-22T19:51:03.840+0900][13.939s][info][gc,cpu         ] GC(1254) User=0.12s Sys=0.00s Real=0.00s
[2026-03-22T19:51:03.846+0900][13.945s][info][gc,start       ] GC(1255) Pause Young (Allocation Failure)
[2026-03-22T19:51:03.850+0900][13.949s][info][gc,heap        ] GC(1255) PSYoungGen: 116136K(116736K)->57632K(116736K) Eden: 58504K(58880K)->0K(58880K) From: 57632K(57856K)->57632K(57856K)
[2026-03-22T19:51:03.850+0900][13.949s][info][gc,heap        ] GC(1255) ParOldGen: 197847K(349696K)->245063K(349696K)
[2026-03-22T19:51:03.850+0900][13.949s][info][gc,metaspace   ] GC(1255) Metaspace: 341K(512K)->341K(512K) NonClass: 323K(384K)->323K(384K) Class: 17K(128K)->17K(128K)
[2026-03-22T19:51:03.850+0900][13.949s][info][gc             ] GC(1255) Pause Young (Allocation Failure) 306M->295M(455M) 4.707ms
[2026-03-22T19:51:03.850+0900][13.949s][info][gc,cpu         ] GC(1255) User=0.00s Sys=0.00s Real=0.00s
[2026-03-22T19:51:03.856+0900][13.955s][info][gc,start       ] GC(1256) Pause Young (Allocation Failure)
[2026-03-22T19:51:03.861+0900][13.960s][info][gc,heap        ] GC(1256) PSYoungGen: 116136K(116736K)->57632K(116736K) Eden: 58504K(58880K)->0K(58880K) From: 57632K(57856K)->57632K(57856K)
[2026-03-22T19:51:03.861+0900][13.960s][info][gc,heap        ] GC(1256) ParOldGen: 245063K(349696K)->292271K(349696K)
[2026-03-22T19:51:03.861+0900][13.960s][info][gc,metaspace   ] GC(1256) Metaspace: 341K(512K)->341K(512K) NonClass: 323K(384K)->323K(384K) Class: 17K(128K)->17K(128K)
[2026-03-22T19:51:03.861+0900][13.960s][info][gc             ] GC(1256) Pause Young (Allocation Failure) 352M->341M(455M) 5.169ms
[2026-03-22T19:51:03.861+0900][13.960s][info][gc,cpu         ] GC(1256) User=0.00s Sys=0.00s Real=0.01s
[2026-03-22T19:51:03.867+0900][13.966s][info][gc,start       ] GC(1257) Pause Full (Ergonomics)
[2026-03-22T19:51:03.867+0900][13.966s][info][gc,phases,start] GC(1257) Marking Phase
[2026-03-22T19:51:03.868+0900][13.967s][info][gc,phases      ] GC(1257) Marking Phase 1.305ms
[2026-03-22T19:51:03.868+0900][13.967s][info][gc,phases,start] GC(1257) Summary Phase
[2026-03-22T19:51:03.868+0900][13.967s][info][gc,phases      ] GC(1257) Summary Phase 0.023ms
[2026-03-22T19:51:03.868+0900][13.967s][info][gc,phases,start] GC(1257) Adjust Roots
[2026-03-22T19:51:03.868+0900][13.967s][info][gc,phases      ] GC(1257) Adjust Roots 0.265ms
[2026-03-22T19:51:03.868+0900][13.967s][info][gc,phases,start] GC(1257) Compaction Phase
[2026-03-22T19:51:03.873+0900][13.972s][info][gc,phases      ] GC(1257) Compaction Phase 4.583ms
[2026-03-22T19:51:03.873+0900][13.972s][info][gc,phases,start] GC(1257) Post Compact
[2026-03-22T19:51:03.875+0900][13.974s][info][gc,phases      ] GC(1257) Post Compact 1.855ms
[2026-03-22T19:51:03.875+0900][13.974s][info][gc,heap        ] GC(1257) PSYoungGen: 116136K(116736K)->0K(116736K) Eden: 58504K(58880K)->0K(58880K) From: 57632K(57856K)->0K(57856K)
[2026-03-22T19:51:03.875+0900][13.974s][info][gc,heap        ] GC(1257) ParOldGen: 292271K(349696K)->103430K(349696K)
[2026-03-22T19:51:03.875+0900][13.974s][info][gc,metaspace   ] GC(1257) Metaspace: 341K(512K)->341K(512K) NonClass: 323K(384K)->323K(384K) Class: 17K(128K)->17K(128K)
[2026-03-22T19:51:03.875+0900][13.974s][info][gc             ] GC(1257) Pause Full (Ergonomics) 398M->101M(455M) 8.412ms
[2026-03-22T19:51:03.875+0900][13.974s][info][gc,cpu         ] GC(1257) User=0.02s Sys=0.00s Real=0.01s
[2026-03-22T19:51:03.882+0900][13.980s][info][gc,start       ] GC(1258) Pause Young (Allocation Failure)
[2026-03-22T19:51:03.885+0900][13.983s][info][gc,heap        ] GC(1258) PSYoungGen: 58504K(116736K)->57632K(116736K) Eden: 58504K(58880K)->0K(58880K) From: 0K(57856K)->57632K(57856K)
[2026-03-22T19:51:03.885+0900][13.983s][info][gc,heap        ] GC(1258) ParOldGen: 103430K(349696K)->103430K(349696K)
[2026-03-22T19:51:03.885+0900][13.983s][info][gc,metaspace   ] GC(1258) Metaspace: 341K(512K)->341K(512K) NonClass: 323K(384K)->323K(384K) Class: 17K(128K)->17K(128K)
[2026-03-22T19:51:03.885+0900][13.983s][info][gc             ] GC(1258) Pause Young (Allocation Failure) 158M->157M(455M) 2.892ms
[2026-03-22T19:51:03.885+0900][13.983s][info][gc,cpu         ] GC(1258) User=0.00s Sys=0.00s Real=0.00s
[2026-03-22T19:51:03.892+0900][13.990s][info][gc,start       ] GC(1259) Pause Young (Allocation Failure)
[2026-03-22T19:51:03.896+0900][13.994s][info][gc,heap        ] GC(1259) PSYoungGen: 116136K(116736K)->57632K(116736K) Eden: 58504K(58880K)->0K(58880K) From: 57632K(57856K)->57632K(57856K)
[2026-03-22T19:51:03.896+0900][13.994s][info][gc,heap        ] GC(1259) ParOldGen: 103430K(349696K)->150630K(349696K)
[2026-03-22T19:51:03.896+0900][13.994s][info][gc,metaspace   ] GC(1259) Metaspace: 341K(512K)->341K(512K) NonClass: 323K(384K)->323K(384K) Class: 17K(128K)->17K(128K)
[2026-03-22T19:51:03.896+0900][13.994s][info][gc             ] GC(1259) Pause Young (Allocation Failure) 214M->203M(455M) 4.381ms
[2026-03-22T19:51:03.896+0900][13.994s][info][gc,cpu         ] GC(1259) User=0.00s Sys=0.00s Real=0.00s
[2026-03-22T19:51:03.901+0900][14.000s][info][gc,start       ] GC(1260) Pause Young (Allocation Failure)
[2026-03-22T19:51:03.905+0900][14.004s][info][gc,heap        ] GC(1260) PSYoungGen: 116136K(116736K)->57632K(116736K) Eden: 58504K(58880K)->0K(58880K) From: 57632K(57856K)->57632K(57856K)
[2026-03-22T19:51:03.905+0900][14.004s][info][gc,heap        ] GC(1260) ParOldGen: 150630K(349696K)->197839K(349696K)
[2026-03-22T19:51:03.905+0900][14.004s][info][gc,metaspace   ] GC(1260) Metaspace: 341K(512K)->341K(512K) NonClass: 323K(384K)->323K(384K) Class: 17K(128K)->17K(128K)
[2026-03-22T19:51:03.906+0900][14.004s][info][gc             ] GC(1260) Pause Young (Allocation Failure) 260M->249M(455M) 4.090ms
[2026-03-22T19:51:03.906+0900][14.004s][info][gc,cpu         ] GC(1260) User=0.00s Sys=0.00s Real=0.00s
[2026-03-22T19:51:03.911+0900][14.009s][info][gc,start       ] GC(1261) Pause Young (Allocation Failure)
[2026-03-22T19:51:03.915+0900][14.014s][info][gc,heap        ] GC(1261) PSYoungGen: 116136K(116736K)->57632K(116736K) Eden: 58504K(58880K)->0K(58880K) From: 57632K(57856K)->57632K(57856K)
[2026-03-22T19:51:03.915+0900][14.014s][info][gc,heap        ] GC(1261) ParOldGen: 197839K(349696K)->245055K(349696K)
[2026-03-22T19:51:03.915+0900][14.014s][info][gc,metaspace   ] GC(1261) Metaspace: 341K(512K)->341K(512K) NonClass: 323K(384K)->323K(384K) Class: 17K(128K)->17K(128K)
[2026-03-22T19:51:03.915+0900][14.014s][info][gc             ] GC(1261) Pause Young (Allocation Failure) 306M->295M(455M) 4.388ms
[2026-03-22T19:51:03.915+0900][14.014s][info][gc,cpu         ] GC(1261) User=0.00s Sys=0.00s Real=0.00s
[2026-03-22T19:51:03.921+0900][14.019s][info][gc,start       ] GC(1262) Pause Young (Allocation Failure)
[2026-03-22T19:51:03.925+0900][14.023s][info][gc,heap        ] GC(1262) PSYoungGen: 116136K(116736K)->57632K(116736K) Eden: 58504K(58880K)->0K(58880K) From: 57632K(57856K)->57632K(57856K)
[2026-03-22T19:51:03.925+0900][14.024s][info][gc,heap        ] GC(1262) ParOldGen: 245055K(349696K)->292263K(349696K)
[2026-03-22T19:51:03.925+0900][14.024s][info][gc,metaspace   ] GC(1262) Metaspace: 341K(512K)->341K(512K) NonClass: 323K(384K)->323K(384K) Class: 17K(128K)->17K(128K)
[2026-03-22T19:51:03.925+0900][14.024s][info][gc             ] GC(1262) Pause Young (Allocation Failure) 352M->341M(455M) 4.362ms
[2026-03-22T19:51:03.925+0900][14.024s][info][gc,cpu         ] GC(1262) User=0.00s Sys=0.00s Real=0.00s
[2026-03-22T19:51:03.930+0900][14.029s][info][gc,start       ] GC(1263) Pause Full (Ergonomics)
[2026-03-22T19:51:03.930+0900][14.029s][info][gc,phases,start] GC(1263) Marking Phase
[2026-03-22T19:51:03.932+0900][14.030s][info][gc,phases      ] GC(1263) Marking Phase 1.395ms
[2026-03-22T19:51:03.932+0900][14.030s][info][gc,phases,start] GC(1263) Summary Phase
[2026-03-22T19:51:03.932+0900][14.031s][info][gc,phases      ] GC(1263) Summary Phase 0.025ms
[2026-03-22T19:51:03.932+0900][14.031s][info][gc,phases,start] GC(1263) Adjust Roots
[2026-03-22T19:51:03.932+0900][14.031s][info][gc,phases      ] GC(1263) Adjust Roots 0.326ms
[2026-03-22T19:51:03.932+0900][14.031s][info][gc,phases,start] GC(1263) Compaction Phase
[2026-03-22T19:51:03.937+0900][14.036s][info][gc,phases      ] GC(1263) Compaction Phase 4.754ms
[2026-03-22T19:51:03.937+0900][14.036s][info][gc,phases,start] GC(1263) Post Compact
[2026-03-22T19:51:03.938+0900][14.037s][info][gc,phases      ] GC(1263) Post Compact 1.730ms
[2026-03-22T19:51:03.939+0900][14.038s][info][gc,heap        ] GC(1263) PSYoungGen: 116136K(116736K)->0K(116736K) Eden: 58504K(58880K)->0K(58880K) From: 57632K(57856K)->0K(57856K)
[2026-03-22T19:51:03.939+0900][14.038s][info][gc,heap        ] GC(1263) ParOldGen: 292263K(349696K)->103430K(349696K)
[2026-03-22T19:51:03.939+0900][14.038s][info][gc,metaspace   ] GC(1263) Metaspace: 341K(512K)->341K(512K) NonClass: 323K(384K)->323K(384K) Class: 17K(128K)->17K(128K)
[2026-03-22T19:51:03.939+0900][14.038s][info][gc             ] GC(1263) Pause Full (Ergonomics) 398M->101M(455M) 8.619ms
[2026-03-22T19:51:03.939+0900][14.038s][info][gc,cpu         ] GC(1263) User=0.08s Sys=0.02s Real=0.01s
[2026-03-22T19:51:03.944+0900][14.043s][info][gc,start       ] GC(1264) Pause Young (Allocation Failure)
[2026-03-22T19:51:03.948+0900][14.046s][info][gc,heap        ] GC(1264) PSYoungGen: 58504K(116736K)->57632K(116736K) Eden: 58504K(58880K)->0K(58880K) From: 0K(57856K)->57632K(57856K)
[2026-03-22T19:51:03.948+0900][14.046s][info][gc,heap        ] GC(1264) ParOldGen: 103430K(349696K)->103430K(349696K)
[2026-03-22T19:51:03.948+0900][14.046s][info][gc,metaspace   ] GC(1264) Metaspace: 341K(512K)->341K(512K) NonClass: 323K(384K)->323K(384K) Class: 17K(128K)->17K(128K)
[2026-03-22T19:51:03.948+0900][14.046s][info][gc             ] GC(1264) Pause Young (Allocation Failure) 158M->157M(455M) 2.712ms
[2026-03-22T19:51:03.948+0900][14.046s][info][gc,cpu         ] GC(1264) User=0.00s Sys=0.00s Real=0.00s
[2026-03-22T19:51:03.953+0900][14.051s][info][gc,start       ] GC(1265) Pause Young (Allocation Failure)
[2026-03-22T19:51:03.957+0900][14.055s][info][gc,heap        ] GC(1265) PSYoungGen: 116136K(116736K)->57632K(116736K) Eden: 58504K(58880K)->0K(58880K) From: 57632K(57856K)->57632K(57856K)
[2026-03-22T19:51:03.957+0900][14.055s][info][gc,heap        ] GC(1265) ParOldGen: 103430K(349696K)->150638K(349696K)
[2026-03-22T19:51:03.957+0900][14.055s][info][gc,metaspace   ] GC(1265) Metaspace: 341K(512K)->341K(512K) NonClass: 323K(384K)->323K(384K) Class: 17K(128K)->17K(128K)
[2026-03-22T19:51:03.957+0900][14.055s][info][gc             ] GC(1265) Pause Young (Allocation Failure) 214M->203M(455M) 4.084ms
[2026-03-22T19:51:03.957+0900][14.055s][info][gc,cpu         ] GC(1265) User=0.00s Sys=0.00s Real=0.00s
[2026-03-22T19:51:03.962+0900][14.061s][info][gc,start       ] GC(1266) Pause Young (Allocation Failure)
[2026-03-22T19:51:03.966+0900][14.064s][info][gc,heap        ] GC(1266) PSYoungGen: 116136K(116736K)->57632K(116736K) Eden: 58504K(58880K)->0K(58880K) From: 57632K(57856K)->57632K(57856K)
[2026-03-22T19:51:03.966+0900][14.065s][info][gc,heap        ] GC(1266) ParOldGen: 150638K(349696K)->197847K(349696K)
[2026-03-22T19:51:03.966+0900][14.065s][info][gc,metaspace   ] GC(1266) Metaspace: 341K(512K)->341K(512K) NonClass: 323K(384K)->323K(384K) Class: 17K(128K)->17K(128K)
[2026-03-22T19:51:03.966+0900][14.065s][info][gc             ] GC(1266) Pause Young (Allocation Failure) 260M->249M(455M) 3.986ms
[2026-03-22T19:51:03.966+0900][14.065s][info][gc,cpu         ] GC(1266) User=0.12s Sys=0.00s Real=0.00s
[2026-03-22T19:51:03.972+0900][14.070s][info][gc,start       ] GC(1267) Pause Young (Allocation Failure)
[2026-03-22T19:51:03.976+0900][14.074s][info][gc,heap        ] GC(1267) PSYoungGen: 116136K(116736K)->57632K(116736K) Eden: 58504K(58880K)->0K(58880K) From: 57632K(57856K)->57632K(57856K)
[2026-03-22T19:51:03.976+0900][14.074s][info][gc,heap        ] GC(1267) ParOldGen: 197847K(349696K)->245063K(349696K)
[2026-03-22T19:51:03.976+0900][14.074s][info][gc,metaspace   ] GC(1267) Metaspace: 341K(512K)->341K(512K) NonClass: 323K(384K)->323K(384K) Class: 17K(128K)->17K(128K)
[2026-03-22T19:51:03.976+0900][14.074s][info][gc             ] GC(1267) Pause Young (Allocation Failure) 306M->295M(455M) 4.268ms
[2026-03-22T19:51:03.976+0900][14.074s][info][gc,cpu         ] GC(1267) User=0.00s Sys=0.00s Real=0.00s
[2026-03-22T19:51:03.981+0900][14.080s][info][gc,start       ] GC(1268) Pause Young (Allocation Failure)
[2026-03-22T19:51:03.986+0900][14.084s][info][gc,heap        ] GC(1268) PSYoungGen: 116136K(116736K)->57632K(116736K) Eden: 58504K(58880K)->0K(58880K) From: 57632K(57856K)->57632K(57856K)
[2026-03-22T19:51:03.986+0900][14.084s][info][gc,heap        ] GC(1268) ParOldGen: 245063K(349696K)->292263K(349696K)
[2026-03-22T19:51:03.986+0900][14.084s][info][gc,metaspace   ] GC(1268) Metaspace: 341K(512K)->341K(512K) NonClass: 323K(384K)->323K(384K) Class: 17K(128K)->17K(128K)
[2026-03-22T19:51:03.986+0900][14.084s][info][gc             ] GC(1268) Pause Young (Allocation Failure) 352M->341M(455M) 4.642ms
[2026-03-22T19:51:03.986+0900][14.084s][info][gc,cpu         ] GC(1268) User=0.00s Sys=0.00s Real=0.01s
[2026-03-22T19:51:03.993+0900][14.092s][info][gc,start       ] GC(1269) Pause Full (Ergonomics)
[2026-03-22T19:51:03.993+0900][14.092s][info][gc,phases,start] GC(1269) Marking Phase
[2026-03-22T19:51:03.994+0900][14.093s][info][gc,phases      ] GC(1269) Marking Phase 1.466ms
[2026-03-22T19:51:03.994+0900][14.093s][info][gc,phases,start] GC(1269) Summary Phase
[2026-03-22T19:51:03.994+0900][14.093s][info][gc,phases      ] GC(1269) Summary Phase 0.014ms
[2026-03-22T19:51:03.994+0900][14.093s][info][gc,phases,start] GC(1269) Adjust Roots
[2026-03-22T19:51:03.995+0900][14.094s][info][gc,phases      ] GC(1269) Adjust Roots 0.391ms
[2026-03-22T19:51:03.995+0900][14.094s][info][gc,phases,start] GC(1269) Compaction Phase
[2026-03-22T19:51:04.000+0900][14.099s][info][gc,phases      ] GC(1269) Compaction Phase 5.486ms
[2026-03-22T19:51:04.000+0900][14.099s][info][gc,phases,start] GC(1269) Post Compact
[2026-03-22T19:51:04.003+0900][14.101s][info][gc,phases      ] GC(1269) Post Compact 1.586ms
[2026-03-22T19:51:04.003+0900][14.101s][info][gc,heap        ] GC(1269) PSYoungGen: 116136K(116736K)->0K(116736K) Eden: 58504K(58880K)->0K(58880K) From: 57632K(57856K)->0K(57856K)
[2026-03-22T19:51:04.003+0900][14.101s][info][gc,heap        ] GC(1269) ParOldGen: 292263K(349696K)->103195K(349696K)
[2026-03-22T19:51:04.003+0900][14.101s][info][gc,metaspace   ] GC(1269) Metaspace: 341K(512K)->341K(512K) NonClass: 323K(384K)->323K(384K) Class: 17K(128K)->17K(128K)
[2026-03-22T19:51:04.003+0900][14.101s][info][gc             ] GC(1269) Pause Full (Ergonomics) 398M->100M(455M) 9.307ms
[2026-03-22T19:51:04.003+0900][14.101s][info][gc,cpu         ] GC(1269) User=0.11s Sys=0.00s Real=0.01s
[2026-03-22T19:51:04.008+0900][14.106s][info][gc,start       ] GC(1270) Pause Young (Allocation Failure)
[2026-03-22T19:51:04.011+0900][14.109s][info][gc,heap        ] GC(1270) PSYoungGen: 58504K(116736K)->57632K(116736K) Eden: 58504K(58880K)->0K(58880K) From: 0K(57856K)->57632K(57856K)
[2026-03-22T19:51:04.011+0900][14.109s][info][gc,heap        ] GC(1270) ParOldGen: 103195K(349696K)->103195K(349696K)
[2026-03-22T19:51:04.011+0900][14.109s][info][gc,metaspace   ] GC(1270) Metaspace: 341K(512K)->341K(512K) NonClass: 323K(384K)->323K(384K) Class: 17K(128K)->17K(128K)
[2026-03-22T19:51:04.011+0900][14.109s][info][gc             ] GC(1270) Pause Young (Allocation Failure) 157M->157M(455M) 3.152ms
[2026-03-22T19:51:04.011+0900][14.109s][info][gc,cpu         ] GC(1270) User=0.12s Sys=0.00s Real=0.00s
[2026-03-22T19:51:04.017+0900][14.116s][info][gc,start       ] GC(1271) Pause Young (Allocation Failure)
[2026-03-22T19:51:04.020+0900][14.119s][info][gc,heap        ] GC(1271) PSYoungGen: 116136K(116736K)->57632K(116736K) Eden: 58504K(58880K)->0K(58880K) From: 57632K(57856K)->57632K(57856K)
[2026-03-22T19:51:04.020+0900][14.119s][info][gc,heap        ] GC(1271) ParOldGen: 103195K(349696K)->150403K(349696K)
[2026-03-22T19:51:04.020+0900][14.119s][info][gc,metaspace   ] GC(1271) Metaspace: 341K(512K)->341K(512K) NonClass: 323K(384K)->323K(384K) Class: 17K(128K)->17K(128K)
[2026-03-22T19:51:04.020+0900][14.119s][info][gc             ] GC(1271) Pause Young (Allocation Failure) 214M->203M(455M) 3.904ms
[2026-03-22T19:51:04.020+0900][14.119s][info][gc,cpu         ] GC(1271) User=0.00s Sys=0.00s Real=0.00s
[2026-03-22T19:51:04.027+0900][14.126s][info][gc,start       ] GC(1272) Pause Young (Allocation Failure)
[2026-03-22T19:51:04.032+0900][14.131s][info][gc,heap        ] GC(1272) PSYoungGen: 116136K(116736K)->57632K(116736K) Eden: 58504K(58880K)->0K(58880K) From: 57632K(57856K)->57632K(57856K)
[2026-03-22T19:51:04.032+0900][14.131s][info][gc,heap        ] GC(1272) ParOldGen: 150403K(349696K)->197611K(349696K)
[2026-03-22T19:51:04.032+0900][14.131s][info][gc,metaspace   ] GC(1272) Metaspace: 341K(512K)->341K(512K) NonClass: 323K(384K)->323K(384K) Class: 17K(128K)->17K(128K)
[2026-03-22T19:51:04.032+0900][14.131s][info][gc             ] GC(1272) Pause Young (Allocation Failure) 260M->249M(455M) 4.477ms
[2026-03-22T19:51:04.032+0900][14.131s][info][gc,cpu         ] GC(1272) User=0.00s Sys=0.00s Real=0.01s
[2026-03-22T19:51:04.037+0900][14.136s][info][gc,start       ] GC(1273) Pause Young (Allocation Failure)
[2026-03-22T19:51:04.041+0900][14.140s][info][gc,heap        ] GC(1273) PSYoungGen: 116136K(116736K)->57632K(116736K) Eden: 58504K(58880K)->0K(58880K) From: 57632K(57856K)->57632K(57856K)
[2026-03-22T19:51:04.041+0900][14.140s][info][gc,heap        ] GC(1273) ParOldGen: 197611K(349696K)->244820K(349696K)
[2026-03-22T19:51:04.041+0900][14.140s][info][gc,metaspace   ] GC(1273) Metaspace: 341K(512K)->341K(512K) NonClass: 323K(384K)->323K(384K) Class: 17K(128K)->17K(128K)
[2026-03-22T19:51:04.041+0900][14.140s][info][gc             ] GC(1273) Pause Young (Allocation Failure) 306M->295M(455M) 4.013ms
[2026-03-22T19:51:04.041+0900][14.140s][info][gc,cpu         ] GC(1273) User=0.12s Sys=0.00s Real=0.00s
[2026-03-22T19:51:04.047+0900][14.146s][info][gc,start       ] GC(1274) Pause Young (Allocation Failure)
[2026-03-22T19:51:04.051+0900][14.150s][info][gc,heap        ] GC(1274) PSYoungGen: 116136K(116736K)->57632K(116736K) Eden: 58504K(58880K)->0K(58880K) From: 57632K(57856K)->57632K(57856K)
[2026-03-22T19:51:04.051+0900][14.150s][info][gc,heap        ] GC(1274) ParOldGen: 244820K(349696K)->292028K(349696K)
[2026-03-22T19:51:04.051+0900][14.150s][info][gc,metaspace   ] GC(1274) Metaspace: 341K(512K)->341K(512K) NonClass: 323K(384K)->323K(384K) Class: 17K(128K)->17K(128K)
[2026-03-22T19:51:04.051+0900][14.150s][info][gc             ] GC(1274) Pause Young (Allocation Failure) 352M->341M(455M) 4.205ms
[2026-03-22T19:51:04.051+0900][14.150s][info][gc,cpu         ] GC(1274) User=0.00s Sys=0.00s Real=0.00s
[2026-03-22T19:51:04.056+0900][14.155s][info][gc,start       ] GC(1275) Pause Full (Ergonomics)
[2026-03-22T19:51:04.057+0900][14.155s][info][gc,phases,start] GC(1275) Marking Phase
[2026-03-22T19:51:04.058+0900][14.157s][info][gc,phases      ] GC(1275) Marking Phase 1.634ms
[2026-03-22T19:51:04.058+0900][14.157s][info][gc,phases,start] GC(1275) Summary Phase
[2026-03-22T19:51:04.058+0900][14.157s][info][gc,phases      ] GC(1275) Summary Phase 0.034ms
[2026-03-22T19:51:04.058+0900][14.157s][info][gc,phases,start] GC(1275) Adjust Roots
[2026-03-22T19:51:04.058+0900][14.157s][info][gc,phases      ] GC(1275) Adjust Roots 0.330ms
[2026-03-22T19:51:04.058+0900][14.157s][info][gc,phases,start] GC(1275) Compaction Phase
[2026-03-22T19:51:04.064+0900][14.162s][info][gc,phases      ] GC(1275) Compaction Phase 4.805ms
[2026-03-22T19:51:04.064+0900][14.162s][info][gc,phases,start] GC(1275) Post Compact
[2026-03-22T19:51:04.066+0900][14.164s][info][gc,phases      ] GC(1275) Post Compact 1.670ms
[2026-03-22T19:51:04.066+0900][14.164s][info][gc,heap        ] GC(1275) PSYoungGen: 116136K(116736K)->0K(116736K) Eden: 58504K(58880K)->0K(58880K) From: 57632K(57856K)->0K(57856K)
[2026-03-22T19:51:04.066+0900][14.164s][info][gc,heap        ] GC(1275) ParOldGen: 292028K(349696K)->103430K(349696K)
[2026-03-22T19:51:04.066+0900][14.164s][info][gc,metaspace   ] GC(1275) Metaspace: 341K(512K)->341K(512K) NonClass: 323K(384K)->323K(384K) Class: 17K(128K)->17K(128K)
[2026-03-22T19:51:04.066+0900][14.164s][info][gc             ] GC(1275) Pause Full (Ergonomics) 398M->101M(455M) 8.921ms
[2026-03-22T19:51:04.066+0900][14.164s][info][gc,cpu         ] GC(1275) User=0.00s Sys=0.00s Real=0.01s
[2026-03-22T19:51:04.071+0900][14.170s][info][gc,start       ] GC(1276) Pause Young (Allocation Failure)
[2026-03-22T19:51:04.074+0900][14.173s][info][gc,heap        ] GC(1276) PSYoungGen: 58504K(116736K)->57632K(116736K) Eden: 58504K(58880K)->0K(58880K) From: 0K(57856K)->57632K(57856K)
[2026-03-22T19:51:04.074+0900][14.173s][info][gc,heap        ] GC(1276) ParOldGen: 103430K(349696K)->103430K(349696K)
[2026-03-22T19:51:04.074+0900][14.173s][info][gc,metaspace   ] GC(1276) Metaspace: 341K(512K)->341K(512K) NonClass: 323K(384K)->323K(384K) Class: 17K(128K)->17K(128K)
[2026-03-22T19:51:04.074+0900][14.173s][info][gc             ] GC(1276) Pause Young (Allocation Failure) 158M->157M(455M) 2.852ms
[2026-03-22T19:51:04.074+0900][14.173s][info][gc,cpu         ] GC(1276) User=0.11s Sys=0.02s Real=0.00s
[2026-03-22T19:51:04.080+0900][14.178s][info][gc,start       ] GC(1277) Pause Young (Allocation Failure)
[2026-03-22T19:51:04.084+0900][14.183s][info][gc,heap        ] GC(1277) PSYoungGen: 116136K(116736K)->57600K(116736K) Eden: 58504K(58880K)->0K(58880K) From: 57632K(57856K)->57600K(57856K)
[2026-03-22T19:51:04.084+0900][14.183s][info][gc,heap        ] GC(1277) ParOldGen: 103430K(349696K)->150630K(349696K)
[2026-03-22T19:51:04.084+0900][14.183s][info][gc,metaspace   ] GC(1277) Metaspace: 341K(512K)->341K(512K) NonClass: 323K(384K)->323K(384K) Class: 17K(128K)->17K(128K)
[2026-03-22T19:51:04.084+0900][14.183s][info][gc             ] GC(1277) Pause Young (Allocation Failure) 214M->203M(455M) 4.570ms
[2026-03-22T19:51:04.084+0900][14.183s][info][gc,cpu         ] GC(1277) User=0.00s Sys=0.00s Real=0.00s
[2026-03-22T19:51:04.090+0900][14.188s][info][gc,start       ] GC(1278) Pause Young (Allocation Failure)
[2026-03-22T19:51:04.094+0900][14.192s][info][gc,heap        ] GC(1278) PSYoungGen: 116104K(116736K)->57632K(116736K) Eden: 58504K(58880K)->0K(58880K) From: 57600K(57856K)->57632K(57856K)
[2026-03-22T19:51:04.094+0900][14.193s][info][gc,heap        ] GC(1278) ParOldGen: 150630K(349696K)->197839K(349696K)
[2026-03-22T19:51:04.094+0900][14.193s][info][gc,metaspace   ] GC(1278) Metaspace: 341K(512K)->341K(512K) NonClass: 323K(384K)->323K(384K) Class: 17K(128K)->17K(128K)
[2026-03-22T19:51:04.094+0900][14.193s][info][gc             ] GC(1278) Pause Young (Allocation Failure) 260M->249M(455M) 4.122ms
[2026-03-22T19:51:04.094+0900][14.193s][info][gc,cpu         ] GC(1278) User=0.00s Sys=0.00s Real=0.00s
[2026-03-22T19:51:04.101+0900][14.200s][info][gc,start       ] GC(1279) Pause Young (Allocation Failure)
[2026-03-22T19:51:04.105+0900][14.204s][info][gc,heap        ] GC(1279) PSYoungGen: 116136K(116736K)->57632K(116736K) Eden: 58504K(58880K)->0K(58880K) From: 57632K(57856K)->57632K(57856K)
[2026-03-22T19:51:04.105+0900][14.204s][info][gc,heap        ] GC(1279) ParOldGen: 197839K(349696K)->245055K(349696K)
[2026-03-22T19:51:04.105+0900][14.204s][info][gc,metaspace   ] GC(1279) Metaspace: 341K(512K)->341K(512K) NonClass: 323K(384K)->323K(384K) Class: 17K(128K)->17K(128K)
[2026-03-22T19:51:04.105+0900][14.204s][info][gc             ] GC(1279) Pause Young (Allocation Failure) 306M->295M(455M) 4.195ms
[2026-03-22T19:51:04.105+0900][14.204s][info][gc,cpu         ] GC(1279) User=0.12s Sys=0.00s Real=0.00s
[2026-03-22T19:51:04.110+0900][14.209s][info][gc,start       ] GC(1280) Pause Young (Allocation Failure)
[2026-03-22T19:51:04.115+0900][14.214s][info][gc,heap        ] GC(1280) PSYoungGen: 116136K(116736K)->57632K(116736K) Eden: 58504K(58880K)->0K(58880K) From: 57632K(57856K)->57632K(57856K)
[2026-03-22T19:51:04.115+0900][14.214s][info][gc,heap        ] GC(1280) ParOldGen: 245055K(349696K)->292263K(349696K)
[2026-03-22T19:51:04.115+0900][14.214s][info][gc,metaspace   ] GC(1280) Metaspace: 341K(512K)->341K(512K) NonClass: 323K(384K)->323K(384K) Class: 17K(128K)->17K(128K)
[2026-03-22T19:51:04.115+0900][14.214s][info][gc             ] GC(1280) Pause Young (Allocation Failure) 352M->341M(455M) 4.380ms
[2026-03-22T19:51:04.115+0900][14.214s][info][gc,cpu         ] GC(1280) User=0.00s Sys=0.00s Real=0.01s
[2026-03-22T19:51:04.121+0900][14.219s][info][gc,start       ] GC(1281) Pause Full (Ergonomics)
[2026-03-22T19:51:04.121+0900][14.220s][info][gc,phases,start] GC(1281) Marking Phase
[2026-03-22T19:51:04.123+0900][14.221s][info][gc,phases      ] GC(1281) Marking Phase 1.509ms
[2026-03-22T19:51:04.123+0900][14.221s][info][gc,phases,start] GC(1281) Summary Phase
[2026-03-22T19:51:04.123+0900][14.221s][info][gc,phases      ] GC(1281) Summary Phase 0.023ms
[2026-03-22T19:51:04.123+0900][14.221s][info][gc,phases,start] GC(1281) Adjust Roots
[2026-03-22T19:51:04.123+0900][14.221s][info][gc,phases      ] GC(1281) Adjust Roots 0.271ms
[2026-03-22T19:51:04.123+0900][14.221s][info][gc,phases,start] GC(1281) Compaction Phase
[2026-03-22T19:51:04.127+0900][14.226s][info][gc,phases      ] GC(1281) Compaction Phase 4.948ms
[2026-03-22T19:51:04.127+0900][14.226s][info][gc,phases,start] GC(1281) Post Compact
[2026-03-22T19:51:04.129+0900][14.228s][info][gc,phases      ] GC(1281) Post Compact 1.545ms
[2026-03-22T19:51:04.129+0900][14.228s][info][gc,heap        ] GC(1281) PSYoungGen: 116136K(116736K)->0K(116736K) Eden: 58504K(58880K)->0K(58880K) From: 57632K(57856K)->0K(57856K)
[2026-03-22T19:51:04.129+0900][14.228s][info][gc,heap        ] GC(1281) ParOldGen: 292263K(349696K)->103430K(349696K)
[2026-03-22T19:51:04.129+0900][14.228s][info][gc,metaspace   ] GC(1281) Metaspace: 341K(512K)->341K(512K) NonClass: 323K(384K)->323K(384K) Class: 17K(128K)->17K(128K)
[2026-03-22T19:51:04.129+0900][14.228s][info][gc             ] GC(1281) Pause Full (Ergonomics) 398M->101M(455M) 8.620ms
[2026-03-22T19:51:04.129+0900][14.228s][info][gc,cpu         ] GC(1281) User=0.00s Sys=0.00s Real=0.01s
[2026-03-22T19:51:04.137+0900][14.235s][info][gc,start       ] GC(1282) Pause Young (Allocation Failure)
[2026-03-22T19:51:04.139+0900][14.237s][info][gc,heap        ] GC(1282) PSYoungGen: 58504K(116736K)->57632K(116736K) Eden: 58504K(58880K)->0K(58880K) From: 0K(57856K)->57632K(57856K)
[2026-03-22T19:51:04.139+0900][14.237s][info][gc,heap        ] GC(1282) ParOldGen: 103430K(349696K)->103430K(349696K)
[2026-03-22T19:51:04.139+0900][14.237s][info][gc,metaspace   ] GC(1282) Metaspace: 341K(512K)->341K(512K) NonClass: 323K(384K)->323K(384K) Class: 17K(128K)->17K(128K)
[2026-03-22T19:51:04.139+0900][14.237s][info][gc             ] GC(1282) Pause Young (Allocation Failure) 158M->157M(455M) 2.644ms
[2026-03-22T19:51:04.139+0900][14.237s][info][gc,cpu         ] GC(1282) User=0.00s Sys=0.00s Real=0.00s
[2026-03-22T19:51:04.145+0900][14.243s][info][gc,start       ] GC(1283) Pause Young (Allocation Failure)
[2026-03-22T19:51:04.148+0900][14.247s][info][gc,heap        ] GC(1283) PSYoungGen: 116136K(116736K)->57632K(116736K) Eden: 58504K(58880K)->0K(58880K) From: 57632K(57856K)->57632K(57856K)
[2026-03-22T19:51:04.148+0900][14.247s][info][gc,heap        ] GC(1283) ParOldGen: 103430K(349696K)->150638K(349696K)
[2026-03-22T19:51:04.148+0900][14.247s][info][gc,metaspace   ] GC(1283) Metaspace: 341K(512K)->341K(512K) NonClass: 323K(384K)->323K(384K) Class: 17K(128K)->17K(128K)
[2026-03-22T19:51:04.148+0900][14.247s][info][gc             ] GC(1283) Pause Young (Allocation Failure) 214M->203M(455M) 4.069ms
[2026-03-22T19:51:04.148+0900][14.247s][info][gc,cpu         ] GC(1283) User=0.00s Sys=0.00s Real=0.00s
[2026-03-22T19:51:04.153+0900][14.252s][info][gc,start       ] GC(1284) Pause Young (Allocation Failure)
[2026-03-22T19:51:04.157+0900][14.256s][info][gc,heap        ] GC(1284) PSYoungGen: 116136K(116736K)->57632K(116736K) Eden: 58504K(58880K)->0K(58880K) From: 57632K(57856K)->57632K(57856K)
[2026-03-22T19:51:04.157+0900][14.256s][info][gc,heap        ] GC(1284) ParOldGen: 150638K(349696K)->197847K(349696K)
[2026-03-22T19:51:04.157+0900][14.256s][info][gc,metaspace   ] GC(1284) Metaspace: 341K(512K)->341K(512K) NonClass: 323K(384K)->323K(384K) Class: 17K(128K)->17K(128K)
[2026-03-22T19:51:04.157+0900][14.256s][info][gc             ] GC(1284) Pause Young (Allocation Failure) 260M->249M(455M) 3.826ms
[2026-03-22T19:51:04.157+0900][14.256s][info][gc,cpu         ] GC(1284) User=0.00s Sys=0.00s Real=0.00s
[2026-03-22T19:51:04.163+0900][14.261s][info][gc,start       ] GC(1285) Pause Young (Allocation Failure)
[2026-03-22T19:51:04.167+0900][14.266s][info][gc,heap        ] GC(1285) PSYoungGen: 116136K(116736K)->57632K(116736K) Eden: 58504K(58880K)->0K(58880K) From: 57632K(57856K)->57632K(57856K)
[2026-03-22T19:51:04.167+0900][14.266s][info][gc,heap        ] GC(1285) ParOldGen: 197847K(349696K)->245063K(349696K)
[2026-03-22T19:51:04.167+0900][14.266s][info][gc,metaspace   ] GC(1285) Metaspace: 341K(512K)->341K(512K) NonClass: 323K(384K)->323K(384K) Class: 17K(128K)->17K(128K)
[2026-03-22T19:51:04.167+0900][14.266s][info][gc             ] GC(1285) Pause Young (Allocation Failure) 306M->295M(455M) 4.339ms
[2026-03-22T19:51:04.167+0900][14.266s][info][gc,cpu         ] GC(1285) User=0.12s Sys=0.00s Real=0.00s
[2026-03-22T19:51:04.172+0900][14.271s][info][gc,start       ] GC(1286) Pause Young (Allocation Failure)
[2026-03-22T19:51:04.177+0900][14.276s][info][gc,heap        ] GC(1286) PSYoungGen: 116136K(116736K)->57632K(116736K) Eden: 58504K(58880K)->0K(58880K) From: 57632K(57856K)->57632K(57856K)
[2026-03-22T19:51:04.177+0900][14.276s][info][gc,heap        ] GC(1286) ParOldGen: 245063K(349696K)->292271K(349696K)
[2026-03-22T19:51:04.177+0900][14.276s][info][gc,metaspace   ] GC(1286) Metaspace: 341K(512K)->341K(512K) NonClass: 323K(384K)->323K(384K) Class: 17K(128K)->17K(128K)
[2026-03-22T19:51:04.177+0900][14.276s][info][gc             ] GC(1286) Pause Young (Allocation Failure) 352M->341M(455M) 4.761ms
[2026-03-22T19:51:04.177+0900][14.276s][info][gc,cpu         ] GC(1286) User=0.00s Sys=0.00s Real=0.01s
[2026-03-22T19:51:04.183+0900][14.281s][info][gc,start       ] GC(1287) Pause Full (Ergonomics)
[2026-03-22T19:51:04.183+0900][14.281s][info][gc,phases,start] GC(1287) Marking Phase
[2026-03-22T19:51:04.184+0900][14.283s][info][gc,phases      ] GC(1287) Marking Phase 1.501ms
[2026-03-22T19:51:04.184+0900][14.283s][info][gc,phases,start] GC(1287) Summary Phase
[2026-03-22T19:51:04.184+0900][14.283s][info][gc,phases      ] GC(1287) Summary Phase 0.023ms
[2026-03-22T19:51:04.184+0900][14.283s][info][gc,phases,start] GC(1287) Adjust Roots
[2026-03-22T19:51:04.185+0900][14.283s][info][gc,phases      ] GC(1287) Adjust Roots 0.320ms
[2026-03-22T19:51:04.185+0900][14.283s][info][gc,phases,start] GC(1287) Compaction Phase
[2026-03-22T19:51:04.189+0900][14.288s][info][gc,phases      ] GC(1287) Compaction Phase 4.771ms
[2026-03-22T19:51:04.189+0900][14.288s][info][gc,phases,start] GC(1287) Post Compact
[2026-03-22T19:51:04.191+0900][14.290s][info][gc,phases      ] GC(1287) Post Compact 1.494ms
[2026-03-22T19:51:04.191+0900][14.290s][info][gc,heap        ] GC(1287) PSYoungGen: 116136K(116736K)->0K(116736K) Eden: 58504K(58880K)->0K(58880K) From: 57632K(57856K)->0K(57856K)
[2026-03-22T19:51:04.191+0900][14.290s][info][gc,heap        ] GC(1287) ParOldGen: 292271K(349696K)->103430K(349696K)
[2026-03-22T19:51:04.191+0900][14.290s][info][gc,metaspace   ] GC(1287) Metaspace: 341K(512K)->341K(512K) NonClass: 323K(384K)->323K(384K) Class: 17K(128K)->17K(128K)
[2026-03-22T19:51:04.191+0900][14.290s][info][gc             ] GC(1287) Pause Full (Ergonomics) 398M->101M(455M) 8.472ms
[2026-03-22T19:51:04.191+0900][14.290s][info][gc,cpu         ] GC(1287) User=0.00s Sys=0.00s Real=0.01s
[2026-03-22T19:51:04.197+0900][14.296s][info][gc,start       ] GC(1288) Pause Young (Allocation Failure)
[2026-03-22T19:51:04.200+0900][14.299s][info][gc,heap        ] GC(1288) PSYoungGen: 58504K(116736K)->57632K(116736K) Eden: 58504K(58880K)->0K(58880K) From: 0K(57856K)->57632K(57856K)
[2026-03-22T19:51:04.200+0900][14.299s][info][gc,heap        ] GC(1288) ParOldGen: 103430K(349696K)->103430K(349696K)
[2026-03-22T19:51:04.200+0900][14.299s][info][gc,metaspace   ] GC(1288) Metaspace: 341K(512K)->341K(512K) NonClass: 323K(384K)->323K(384K) Class: 17K(128K)->17K(128K)
[2026-03-22T19:51:04.200+0900][14.299s][info][gc             ] GC(1288) Pause Young (Allocation Failure) 158M->157M(455M) 2.924ms
[2026-03-22T19:51:04.200+0900][14.299s][info][gc,cpu         ] GC(1288) User=0.00s Sys=0.00s Real=0.00s
[2026-03-22T19:51:04.206+0900][14.305s][info][gc,start       ] GC(1289) Pause Young (Allocation Failure)
[2026-03-22T19:51:04.210+0900][14.309s][info][gc,heap        ] GC(1289) PSYoungGen: 116136K(116736K)->57632K(116736K) Eden: 58504K(58880K)->0K(58880K) From: 57632K(57856K)->57632K(57856K)
[2026-03-22T19:51:04.210+0900][14.309s][info][gc,heap        ] GC(1289) ParOldGen: 103430K(349696K)->150638K(349696K)
[2026-03-22T19:51:04.210+0900][14.309s][info][gc,metaspace   ] GC(1289) Metaspace: 341K(512K)->341K(512K) NonClass: 323K(384K)->323K(384K) Class: 17K(128K)->17K(128K)
[2026-03-22T19:51:04.210+0900][14.309s][info][gc             ] GC(1289) Pause Young (Allocation Failure) 214M->203M(455M) 4.142ms
[2026-03-22T19:51:04.210+0900][14.309s][info][gc,cpu         ] GC(1289) User=0.00s Sys=0.00s Real=0.00s
[2026-03-22T19:51:04.216+0900][14.314s][info][gc,start       ] GC(1290) Pause Young (Allocation Failure)
[2026-03-22T19:51:04.219+0900][14.319s][info][gc,heap        ] GC(1290) PSYoungGen: 116136K(116736K)->57632K(116736K) Eden: 58504K(58880K)->0K(58880K) From: 57632K(57856K)->57632K(57856K)
[2026-03-22T19:51:04.220+0900][14.319s][info][gc,heap        ] GC(1290) ParOldGen: 150638K(349696K)->197847K(349696K)
[2026-03-22T19:51:04.220+0900][14.319s][info][gc,metaspace   ] GC(1290) Metaspace: 341K(512K)->341K(512K) NonClass: 323K(384K)->323K(384K) Class: 17K(128K)->17K(128K)
[2026-03-22T19:51:04.220+0900][14.319s][info][gc             ] GC(1290) Pause Young (Allocation Failure) 260M->249M(455M) 4.314ms
[2026-03-22T19:51:04.220+0900][14.319s][info][gc,cpu         ] GC(1290) User=0.00s Sys=0.00s Real=0.00s
[2026-03-22T19:51:04.226+0900][14.325s][info][gc,start       ] GC(1291) Pause Young (Allocation Failure)
[2026-03-22T19:51:04.231+0900][14.329s][info][gc,heap        ] GC(1291) PSYoungGen: 116136K(116736K)->57632K(116736K) Eden: 58504K(58880K)->0K(58880K) From: 57632K(57856K)->57632K(57856K)
[2026-03-22T19:51:04.231+0900][14.329s][info][gc,heap        ] GC(1291) ParOldGen: 197847K(349696K)->245063K(349696K)
[2026-03-22T19:51:04.231+0900][14.329s][info][gc,metaspace   ] GC(1291) Metaspace: 341K(512K)->341K(512K) NonClass: 323K(384K)->323K(384K) Class: 17K(128K)->17K(128K)
[2026-03-22T19:51:04.231+0900][14.329s][info][gc             ] GC(1291) Pause Young (Allocation Failure) 306M->295M(455M) 4.206ms
[2026-03-22T19:51:04.231+0900][14.329s][info][gc,cpu         ] GC(1291) User=0.12s Sys=0.00s Real=0.00s
[2026-03-22T19:51:04.236+0900][14.335s][info][gc,start       ] GC(1292) Pause Young (Allocation Failure)
[2026-03-22T19:51:04.240+0900][14.339s][info][gc,heap        ] GC(1292) PSYoungGen: 116136K(116736K)->57632K(116736K) Eden: 58504K(58880K)->0K(58880K) From: 57632K(57856K)->57632K(57856K)
[2026-03-22T19:51:04.240+0900][14.339s][info][gc,heap        ] GC(1292) ParOldGen: 245063K(349696K)->292271K(349696K)
[2026-03-22T19:51:04.240+0900][14.339s][info][gc,metaspace   ] GC(1292) Metaspace: 341K(512K)->341K(512K) NonClass: 323K(384K)->323K(384K) Class: 17K(128K)->17K(128K)
[2026-03-22T19:51:04.240+0900][14.339s][info][gc             ] GC(1292) Pause Young (Allocation Failure) 352M->341M(455M) 4.166ms
[2026-03-22T19:51:04.240+0900][14.339s][info][gc,cpu         ] GC(1292) User=0.00s Sys=0.00s Real=0.00s
[2026-03-22T19:51:04.247+0900][14.345s][info][gc,start       ] GC(1293) Pause Full (Ergonomics)
[2026-03-22T19:51:04.247+0900][14.345s][info][gc,phases,start] GC(1293) Marking Phase
[2026-03-22T19:51:04.248+0900][14.347s][info][gc,phases      ] GC(1293) Marking Phase 1.266ms
[2026-03-22T19:51:04.248+0900][14.347s][info][gc,phases,start] GC(1293) Summary Phase
[2026-03-22T19:51:04.248+0900][14.347s][info][gc,phases      ] GC(1293) Summary Phase 0.029ms
[2026-03-22T19:51:04.248+0900][14.347s][info][gc,phases,start] GC(1293) Adjust Roots
[2026-03-22T19:51:04.248+0900][14.347s][info][gc,phases      ] GC(1293) Adjust Roots 0.317ms
[2026-03-22T19:51:04.248+0900][14.347s][info][gc,phases,start] GC(1293) Compaction Phase
[2026-03-22T19:51:04.254+0900][14.352s][info][gc,phases      ] GC(1293) Compaction Phase 5.420ms
[2026-03-22T19:51:04.254+0900][14.352s][info][gc,phases,start] GC(1293) Post Compact
[2026-03-22T19:51:04.255+0900][14.354s][info][gc,phases      ] GC(1293) Post Compact 1.264ms
[2026-03-22T19:51:04.255+0900][14.354s][info][gc,heap        ] GC(1293) PSYoungGen: 116136K(116736K)->0K(116736K) Eden: 58504K(58880K)->0K(58880K) From: 57632K(57856K)->0K(57856K)
[2026-03-22T19:51:04.255+0900][14.354s][info][gc,heap        ] GC(1293) ParOldGen: 292271K(349696K)->103430K(349696K)
[2026-03-22T19:51:04.255+0900][14.354s][info][gc,metaspace   ] GC(1293) Metaspace: 341K(512K)->341K(512K) NonClass: 323K(384K)->323K(384K) Class: 17K(128K)->17K(128K)
[2026-03-22T19:51:04.255+0900][14.354s][info][gc             ] GC(1293) Pause Full (Ergonomics) 398M->101M(455M) 8.576ms
[2026-03-22T19:51:04.255+0900][14.354s][info][gc,cpu         ] GC(1293) User=0.00s Sys=0.00s Real=0.01s
[2026-03-22T19:51:04.261+0900][14.359s][info][gc,start       ] GC(1294) Pause Young (Allocation Failure)
[2026-03-22T19:51:04.263+0900][14.362s][info][gc,heap        ] GC(1294) PSYoungGen: 58504K(116736K)->57632K(116736K) Eden: 58504K(58880K)->0K(58880K) From: 0K(57856K)->57632K(57856K)
[2026-03-22T19:51:04.263+0900][14.362s][info][gc,heap        ] GC(1294) ParOldGen: 103430K(349696K)->103430K(349696K)
[2026-03-22T19:51:04.263+0900][14.362s][info][gc,metaspace   ] GC(1294) Metaspace: 341K(512K)->341K(512K) NonClass: 323K(384K)->323K(384K) Class: 17K(128K)->17K(128K)
[2026-03-22T19:51:04.263+0900][14.362s][info][gc             ] GC(1294) Pause Young (Allocation Failure) 158M->157M(455M) 2.625ms
[2026-03-22T19:51:04.263+0900][14.362s][info][gc,cpu         ] GC(1294) User=0.00s Sys=0.00s Real=0.00s
[2026-03-22T19:51:04.269+0900][14.367s][info][gc,start       ] GC(1295) Pause Young (Allocation Failure)
[2026-03-22T19:51:04.273+0900][14.371s][info][gc,heap        ] GC(1295) PSYoungGen: 116136K(116736K)->57632K(116736K) Eden: 58504K(58880K)->0K(58880K) From: 57632K(57856K)->57632K(57856K)
[2026-03-22T19:51:04.273+0900][14.371s][info][gc,heap        ] GC(1295) ParOldGen: 103430K(349696K)->150638K(349696K)
[2026-03-22T19:51:04.273+0900][14.371s][info][gc,metaspace   ] GC(1295) Metaspace: 341K(512K)->341K(512K) NonClass: 323K(384K)->323K(384K) Class: 17K(128K)->17K(128K)
[2026-03-22T19:51:04.273+0900][14.371s][info][gc             ] GC(1295) Pause Young (Allocation Failure) 214M->203M(455M) 4.078ms
[2026-03-22T19:51:04.273+0900][14.371s][info][gc,cpu         ] GC(1295) User=0.00s Sys=0.00s Real=0.00s
[2026-03-22T19:51:04.278+0900][14.377s][info][gc,start       ] GC(1296) Pause Young (Allocation Failure)
[2026-03-22T19:51:04.282+0900][14.381s][info][gc,heap        ] GC(1296) PSYoungGen: 116136K(116736K)->57632K(116736K) Eden: 58504K(58880K)->0K(58880K) From: 57632K(57856K)->57632K(57856K)
[2026-03-22T19:51:04.282+0900][14.381s][info][gc,heap        ] GC(1296) ParOldGen: 150638K(349696K)->197847K(349696K)
[2026-03-22T19:51:04.282+0900][14.381s][info][gc,metaspace   ] GC(1296) Metaspace: 341K(512K)->341K(512K) NonClass: 323K(384K)->323K(384K) Class: 17K(128K)->17K(128K)
[2026-03-22T19:51:04.282+0900][14.381s][info][gc             ] GC(1296) Pause Young (Allocation Failure) 260M->249M(455M) 4.272ms
[2026-03-22T19:51:04.282+0900][14.381s][info][gc,cpu         ] GC(1296) User=0.00s Sys=0.00s Real=0.00s
[2026-03-22T19:51:04.288+0900][14.387s][info][gc,start       ] GC(1297) Pause Young (Allocation Failure)
[2026-03-22T19:51:04.292+0900][14.391s][info][gc,heap        ] GC(1297) PSYoungGen: 116136K(116736K)->57632K(116736K) Eden: 58504K(58880K)->0K(58880K) From: 57632K(57856K)->57632K(57856K)
[2026-03-22T19:51:04.293+0900][14.391s][info][gc,heap        ] GC(1297) ParOldGen: 197847K(349696K)->245063K(349696K)
[2026-03-22T19:51:04.293+0900][14.391s][info][gc,metaspace   ] GC(1297) Metaspace: 341K(512K)->341K(512K) NonClass: 323K(384K)->323K(384K) Class: 17K(128K)->17K(128K)
[2026-03-22T19:51:04.293+0900][14.391s][info][gc             ] GC(1297) Pause Young (Allocation Failure) 306M->295M(455M) 4.182ms
[2026-03-22T19:51:04.293+0900][14.391s][info][gc,cpu         ] GC(1297) User=0.09s Sys=0.03s Real=0.00s
[2026-03-22T19:51:04.299+0900][14.397s][info][gc,start       ] GC(1298) Pause Young (Allocation Failure)
[2026-03-22T19:51:04.302+0900][14.401s][info][gc,heap        ] GC(1298) PSYoungGen: 116136K(116736K)->57632K(116736K) Eden: 58504K(58880K)->0K(58880K) From: 57632K(57856K)->57632K(57856K)
[2026-03-22T19:51:04.302+0900][14.401s][info][gc,heap        ] GC(1298) ParOldGen: 245063K(349696K)->292271K(349696K)
[2026-03-22T19:51:04.302+0900][14.401s][info][gc,metaspace   ] GC(1298) Metaspace: 341K(512K)->341K(512K) NonClass: 323K(384K)->323K(384K) Class: 17K(128K)->17K(128K)
[2026-03-22T19:51:04.302+0900][14.401s][info][gc             ] GC(1298) Pause Young (Allocation Failure) 352M->341M(455M) 4.017ms
[2026-03-22T19:51:04.303+0900][14.401s][info][gc,cpu         ] GC(1298) User=0.00s Sys=0.00s Real=0.00s
[2026-03-22T19:51:04.308+0900][14.406s][info][gc,start       ] GC(1299) Pause Full (Ergonomics)
[2026-03-22T19:51:04.308+0900][14.406s][info][gc,phases,start] GC(1299) Marking Phase
[2026-03-22T19:51:04.309+0900][14.408s][info][gc,phases      ] GC(1299) Marking Phase 1.358ms
[2026-03-22T19:51:04.309+0900][14.408s][info][gc,phases,start] GC(1299) Summary Phase
[2026-03-22T19:51:04.309+0900][14.408s][info][gc,phases      ] GC(1299) Summary Phase 0.023ms
[2026-03-22T19:51:04.309+0900][14.408s][info][gc,phases,start] GC(1299) Adjust Roots
[2026-03-22T19:51:04.309+0900][14.408s][info][gc,phases      ] GC(1299) Adjust Roots 0.259ms
[2026-03-22T19:51:04.309+0900][14.408s][info][gc,phases,start] GC(1299) Compaction Phase
[2026-03-22T19:51:04.314+0900][14.413s][info][gc,phases      ] GC(1299) Compaction Phase 4.681ms
[2026-03-22T19:51:04.314+0900][14.413s][info][gc,phases,start] GC(1299) Post Compact
[2026-03-22T19:51:04.315+0900][14.414s][info][gc,phases      ] GC(1299) Post Compact 1.289ms
[2026-03-22T19:51:04.315+0900][14.414s][info][gc,heap        ] GC(1299) PSYoungGen: 116136K(116736K)->0K(116736K) Eden: 58504K(58880K)->0K(58880K) From: 57632K(57856K)->0K(57856K)
[2026-03-22T19:51:04.315+0900][14.414s][info][gc,heap        ] GC(1299) ParOldGen: 292271K(349696K)->103430K(349696K)
[2026-03-22T19:51:04.315+0900][14.414s][info][gc,metaspace   ] GC(1299) Metaspace: 341K(512K)->341K(512K) NonClass: 323K(384K)->323K(384K) Class: 17K(128K)->17K(128K)
[2026-03-22T19:51:04.315+0900][14.414s][info][gc             ] GC(1299) Pause Full (Ergonomics) 398M->101M(455M) 7.882ms
[2026-03-22T19:51:04.315+0900][14.414s][info][gc,cpu         ] GC(1299) User=0.00s Sys=0.00s Real=0.01s
[2026-03-22T19:51:04.322+0900][14.421s][info][gc,start       ] GC(1300) Pause Young (Allocation Failure)
[2026-03-22T19:51:04.324+0900][14.423s][info][gc,heap        ] GC(1300) PSYoungGen: 58504K(116736K)->57632K(116736K) Eden: 58504K(58880K)->0K(58880K) From: 0K(57856K)->57632K(57856K)
[2026-03-22T19:51:04.324+0900][14.423s][info][gc,heap        ] GC(1300) ParOldGen: 103430K(349696K)->103430K(349696K)
[2026-03-22T19:51:04.324+0900][14.423s][info][gc,metaspace   ] GC(1300) Metaspace: 341K(512K)->341K(512K) NonClass: 323K(384K)->323K(384K) Class: 17K(128K)->17K(128K)
[2026-03-22T19:51:04.324+0900][14.423s][info][gc             ] GC(1300) Pause Young (Allocation Failure) 158M->157M(455M) 2.457ms
[2026-03-22T19:51:04.324+0900][14.423s][info][gc,cpu         ] GC(1300) User=0.00s Sys=0.00s Real=0.00s
[2026-03-22T19:51:04.330+0900][14.429s][info][gc,start       ] GC(1301) Pause Young (Allocation Failure)
[2026-03-22T19:51:04.334+0900][14.433s][info][gc,heap        ] GC(1301) PSYoungGen: 116136K(116736K)->57632K(116736K) Eden: 58504K(58880K)->0K(58880K) From: 57632K(57856K)->57632K(57856K)
[2026-03-22T19:51:04.334+0900][14.433s][info][gc,heap        ] GC(1301) ParOldGen: 103430K(349696K)->150638K(349696K)
[2026-03-22T19:51:04.334+0900][14.433s][info][gc,metaspace   ] GC(1301) Metaspace: 341K(512K)->341K(512K) NonClass: 323K(384K)->323K(384K) Class: 17K(128K)->17K(128K)
[2026-03-22T19:51:04.334+0900][14.433s][info][gc             ] GC(1301) Pause Young (Allocation Failure) 214M->203M(455M) 3.971ms
[2026-03-22T19:51:04.334+0900][14.433s][info][gc,cpu         ] GC(1301) User=0.00s Sys=0.00s Real=0.00s
[2026-03-22T19:51:04.340+0900][14.438s][info][gc,start       ] GC(1302) Pause Young (Allocation Failure)
[2026-03-22T19:51:04.343+0900][14.442s][info][gc,heap        ] GC(1302) PSYoungGen: 116136K(116736K)->57632K(116736K) Eden: 58504K(58880K)->0K(58880K) From: 57632K(57856K)->57632K(57856K)
[2026-03-22T19:51:04.343+0900][14.442s][info][gc,heap        ] GC(1302) ParOldGen: 150638K(349696K)->197847K(349696K)
[2026-03-22T19:51:04.343+0900][14.442s][info][gc,metaspace   ] GC(1302) Metaspace: 341K(512K)->341K(512K) NonClass: 323K(384K)->323K(384K) Class: 17K(128K)->17K(128K)
[2026-03-22T19:51:04.343+0900][14.442s][info][gc             ] GC(1302) Pause Young (Allocation Failure) 260M->249M(455M) 3.945ms
[2026-03-22T19:51:04.343+0900][14.442s][info][gc,cpu         ] GC(1302) User=0.00s Sys=0.00s Real=0.00s
[2026-03-22T19:51:04.349+0900][14.447s][info][gc,start       ] GC(1303) Pause Young (Allocation Failure)
[2026-03-22T19:51:04.353+0900][14.451s][info][gc,heap        ] GC(1303) PSYoungGen: 116136K(116736K)->57632K(116736K) Eden: 58504K(58880K)->0K(58880K) From: 57632K(57856K)->57632K(57856K)
[2026-03-22T19:51:04.353+0900][14.451s][info][gc,heap        ] GC(1303) ParOldGen: 197847K(349696K)->245063K(349696K)
[2026-03-22T19:51:04.353+0900][14.451s][info][gc,metaspace   ] GC(1303) Metaspace: 341K(512K)->341K(512K) NonClass: 323K(384K)->323K(384K) Class: 17K(128K)->17K(128K)
[2026-03-22T19:51:04.353+0900][14.451s][info][gc             ] GC(1303) Pause Young (Allocation Failure) 306M->295M(455M) 4.016ms
[2026-03-22T19:51:04.353+0900][14.451s][info][gc,cpu         ] GC(1303) User=0.00s Sys=0.00s Real=0.00s
[2026-03-22T19:51:04.358+0900][14.457s][info][gc,start       ] GC(1304) Pause Young (Allocation Failure)
[2026-03-22T19:51:04.362+0900][14.461s][info][gc,heap        ] GC(1304) PSYoungGen: 116136K(116736K)->57632K(116736K) Eden: 58504K(58880K)->0K(58880K) From: 57632K(57856K)->57632K(57856K)
[2026-03-22T19:51:04.362+0900][14.461s][info][gc,heap        ] GC(1304) ParOldGen: 245063K(349696K)->292271K(349696K)
[2026-03-22T19:51:04.362+0900][14.461s][info][gc,metaspace   ] GC(1304) Metaspace: 341K(512K)->341K(512K) NonClass: 323K(384K)->323K(384K) Class: 17K(128K)->17K(128K)
[2026-03-22T19:51:04.363+0900][14.462s][info][gc             ] GC(1304) Pause Young (Allocation Failure) 352M->341M(455M) 4.817ms
[2026-03-22T19:51:04.363+0900][14.462s][info][gc,cpu         ] GC(1304) User=0.00s Sys=0.00s Real=0.00s
[2026-03-22T19:51:04.368+0900][14.467s][info][gc,start       ] GC(1305) Pause Full (Ergonomics)
[2026-03-22T19:51:04.368+0900][14.467s][info][gc,phases,start] GC(1305) Marking Phase
[2026-03-22T19:51:04.369+0900][14.468s][info][gc,phases      ] GC(1305) Marking Phase 1.198ms
[2026-03-22T19:51:04.369+0900][14.468s][info][gc,phases,start] GC(1305) Summary Phase
[2026-03-22T19:51:04.369+0900][14.468s][info][gc,phases      ] GC(1305) Summary Phase 0.023ms
[2026-03-22T19:51:04.369+0900][14.468s][info][gc,phases,start] GC(1305) Adjust Roots
[2026-03-22T19:51:04.369+0900][14.468s][info][gc,phases      ] GC(1305) Adjust Roots 0.242ms
[2026-03-22T19:51:04.370+0900][14.469s][info][gc,phases,start] GC(1305) Compaction Phase
[2026-03-22T19:51:04.375+0900][14.474s][info][gc,phases      ] GC(1305) Compaction Phase 5.077ms
[2026-03-22T19:51:04.375+0900][14.474s][info][gc,phases,start] GC(1305) Post Compact
[2026-03-22T19:51:04.376+0900][14.475s][info][gc,phases      ] GC(1305) Post Compact 1.443ms
[2026-03-22T19:51:04.376+0900][14.475s][info][gc,heap        ] GC(1305) PSYoungGen: 116136K(116736K)->0K(116736K) Eden: 58504K(58880K)->0K(58880K) From: 57632K(57856K)->0K(57856K)
[2026-03-22T19:51:04.376+0900][14.475s][info][gc,heap        ] GC(1305) ParOldGen: 292271K(349696K)->103430K(349696K)
[2026-03-22T19:51:04.376+0900][14.475s][info][gc,metaspace   ] GC(1305) Metaspace: 341K(512K)->341K(512K) NonClass: 323K(384K)->323K(384K) Class: 17K(128K)->17K(128K)
[2026-03-22T19:51:04.376+0900][14.475s][info][gc             ] GC(1305) Pause Full (Ergonomics) 398M->101M(455M) 8.310ms
[2026-03-22T19:51:04.376+0900][14.475s][info][gc,cpu         ] GC(1305) User=0.12s Sys=0.00s Real=0.01s
[2026-03-22T19:51:04.382+0900][14.481s][info][gc,start       ] GC(1306) Pause Young (Allocation Failure)
[2026-03-22T19:51:04.385+0900][14.484s][info][gc,heap        ] GC(1306) PSYoungGen: 58504K(116736K)->57632K(116736K) Eden: 58504K(58880K)->0K(58880K) From: 0K(57856K)->57632K(57856K)
[2026-03-22T19:51:04.385+0900][14.484s][info][gc,heap        ] GC(1306) ParOldGen: 103430K(349696K)->103430K(349696K)
[2026-03-22T19:51:04.385+0900][14.484s][info][gc,metaspace   ] GC(1306) Metaspace: 341K(512K)->341K(512K) NonClass: 323K(384K)->323K(384K) Class: 17K(128K)->17K(128K)
[2026-03-22T19:51:04.385+0900][14.484s][info][gc             ] GC(1306) Pause Young (Allocation Failure) 158M->157M(455M) 2.778ms
[2026-03-22T19:51:04.385+0900][14.484s][info][gc,cpu         ] GC(1306) User=0.12s Sys=0.00s Real=0.00s
[2026-03-22T19:51:04.390+0900][14.489s][info][gc,start       ] GC(1307) Pause Young (Allocation Failure)
[2026-03-22T19:51:04.394+0900][14.493s][info][gc,heap        ] GC(1307) PSYoungGen: 116136K(116736K)->57632K(116736K) Eden: 58504K(58880K)->0K(58880K) From: 57632K(57856K)->57632K(57856K)
[2026-03-22T19:51:04.394+0900][14.493s][info][gc,heap        ] GC(1307) ParOldGen: 103430K(349696K)->150638K(349696K)
[2026-03-22T19:51:04.394+0900][14.493s][info][gc,metaspace   ] GC(1307) Metaspace: 341K(512K)->341K(512K) NonClass: 323K(384K)->323K(384K) Class: 17K(128K)->17K(128K)
[2026-03-22T19:51:04.394+0900][14.493s][info][gc             ] GC(1307) Pause Young (Allocation Failure) 214M->203M(455M) 4.505ms
[2026-03-22T19:51:04.394+0900][14.493s][info][gc,cpu         ] GC(1307) User=0.00s Sys=0.00s Real=0.00s
[2026-03-22T19:51:04.401+0900][14.499s][info][gc,start       ] GC(1308) Pause Young (Allocation Failure)
[2026-03-22T19:51:04.405+0900][14.503s][info][gc,heap        ] GC(1308) PSYoungGen: 116136K(116736K)->57600K(116736K) Eden: 58504K(58880K)->0K(58880K) From: 57632K(57856K)->57600K(57856K)
[2026-03-22T19:51:04.405+0900][14.503s][info][gc,heap        ] GC(1308) ParOldGen: 150638K(349696K)->197839K(349696K)
[2026-03-22T19:51:04.405+0900][14.503s][info][gc,metaspace   ] GC(1308) Metaspace: 341K(512K)->341K(512K) NonClass: 323K(384K)->323K(384K) Class: 17K(128K)->17K(128K)
[2026-03-22T19:51:04.405+0900][14.504s][info][gc             ] GC(1308) Pause Young (Allocation Failure) 260M->249M(455M) 4.757ms
[2026-03-22T19:51:04.405+0900][14.504s][info][gc,cpu         ] GC(1308) User=0.00s Sys=0.00s Real=0.00s
[2026-03-22T19:51:04.412+0900][14.510s][info][gc,start       ] GC(1309) Pause Young (Allocation Failure)
[2026-03-22T19:51:04.416+0900][14.515s][info][gc,heap        ] GC(1309) PSYoungGen: 116104K(116736K)->57632K(116736K) Eden: 58504K(58880K)->0K(58880K) From: 57600K(57856K)->57632K(57856K)
[2026-03-22T19:51:04.417+0900][14.516s][info][gc,heap        ] GC(1309) ParOldGen: 197839K(349696K)->245055K(349696K)
[2026-03-22T19:51:04.417+0900][14.516s][info][gc,metaspace   ] GC(1309) Metaspace: 341K(512K)->341K(512K) NonClass: 323K(384K)->323K(384K) Class: 17K(128K)->17K(128K)
[2026-03-22T19:51:04.417+0900][14.516s][info][gc             ] GC(1309) Pause Young (Allocation Failure) 306M->295M(455M) 5.142ms
[2026-03-22T19:51:04.417+0900][14.516s][info][gc,cpu         ] GC(1309) User=0.12s Sys=0.00s Real=0.01s
[2026-03-22T19:51:04.422+0900][14.521s][info][gc,start       ] GC(1310) Pause Young (Allocation Failure)
[2026-03-22T19:51:04.427+0900][14.526s][info][gc,heap        ] GC(1310) PSYoungGen: 116136K(116736K)->57632K(116736K) Eden: 58504K(58880K)->0K(58880K) From: 57632K(57856K)->57632K(57856K)
[2026-03-22T19:51:04.427+0900][14.526s][info][gc,heap        ] GC(1310) ParOldGen: 245055K(349696K)->292255K(349696K)
[2026-03-22T19:51:04.427+0900][14.526s][info][gc,metaspace   ] GC(1310) Metaspace: 341K(512K)->341K(512K) NonClass: 323K(384K)->323K(384K) Class: 17K(128K)->17K(128K)
[2026-03-22T19:51:04.427+0900][14.526s][info][gc             ] GC(1310) Pause Young (Allocation Failure) 352M->341M(455M) 4.553ms
[2026-03-22T19:51:04.427+0900][14.526s][info][gc,cpu         ] GC(1310) User=0.00s Sys=0.00s Real=0.01s
[2026-03-22T19:51:04.433+0900][14.531s][info][gc,start       ] GC(1311) Pause Full (Ergonomics)
[2026-03-22T19:51:04.433+0900][14.531s][info][gc,phases,start] GC(1311) Marking Phase
[2026-03-22T19:51:04.434+0900][14.533s][info][gc,phases      ] GC(1311) Marking Phase 1.327ms
[2026-03-22T19:51:04.434+0900][14.533s][info][gc,phases,start] GC(1311) Summary Phase
[2026-03-22T19:51:04.434+0900][14.533s][info][gc,phases      ] GC(1311) Summary Phase 0.023ms
[2026-03-22T19:51:04.434+0900][14.533s][info][gc,phases,start] GC(1311) Adjust Roots
[2026-03-22T19:51:04.434+0900][14.533s][info][gc,phases      ] GC(1311) Adjust Roots 0.258ms
[2026-03-22T19:51:04.434+0900][14.533s][info][gc,phases,start] GC(1311) Compaction Phase
[2026-03-22T19:51:04.439+0900][14.538s][info][gc,phases      ] GC(1311) Compaction Phase 5.197ms
[2026-03-22T19:51:04.439+0900][14.538s][info][gc,phases,start] GC(1311) Post Compact
[2026-03-22T19:51:04.441+0900][14.540s][info][gc,phases      ] GC(1311) Post Compact 1.682ms
[2026-03-22T19:51:04.441+0900][14.540s][info][gc,heap        ] GC(1311) PSYoungGen: 116136K(116736K)->0K(116736K) Eden: 58504K(58880K)->0K(58880K) From: 57632K(57856K)->0K(57856K)
[2026-03-22T19:51:04.441+0900][14.540s][info][gc,heap        ] GC(1311) ParOldGen: 292255K(349696K)->103430K(349696K)
[2026-03-22T19:51:04.441+0900][14.540s][info][gc,metaspace   ] GC(1311) Metaspace: 341K(512K)->341K(512K) NonClass: 323K(384K)->323K(384K) Class: 17K(128K)->17K(128K)
[2026-03-22T19:51:04.441+0900][14.540s][info][gc             ] GC(1311) Pause Full (Ergonomics) 398M->101M(455M) 8.905ms
[2026-03-22T19:51:04.441+0900][14.540s][info][gc,cpu         ] GC(1311) User=0.00s Sys=0.00s Real=0.01s
[2026-03-22T19:51:04.447+0900][14.546s][info][gc,start       ] GC(1312) Pause Young (Allocation Failure)
[2026-03-22T19:51:04.449+0900][14.548s][info][gc,heap        ] GC(1312) PSYoungGen: 58504K(116736K)->57632K(116736K) Eden: 58504K(58880K)->0K(58880K) From: 0K(57856K)->57632K(57856K)
[2026-03-22T19:51:04.450+0900][14.548s][info][gc,heap        ] GC(1312) ParOldGen: 103430K(349696K)->103430K(349696K)
[2026-03-22T19:51:04.450+0900][14.548s][info][gc,metaspace   ] GC(1312) Metaspace: 341K(512K)->341K(512K) NonClass: 323K(384K)->323K(384K) Class: 17K(128K)->17K(128K)
[2026-03-22T19:51:04.450+0900][14.549s][info][gc             ] GC(1312) Pause Young (Allocation Failure) 158M->157M(455M) 2.749ms
[2026-03-22T19:51:04.450+0900][14.549s][info][gc,cpu         ] GC(1312) User=0.00s Sys=0.00s Real=0.00s
[2026-03-22T19:51:04.456+0900][14.555s][info][gc,start       ] GC(1313) Pause Young (Allocation Failure)
[2026-03-22T19:51:04.460+0900][14.559s][info][gc,heap        ] GC(1313) PSYoungGen: 116136K(116736K)->57632K(116736K) Eden: 58504K(58880K)->0K(58880K) From: 57632K(57856K)->57632K(57856K)
[2026-03-22T19:51:04.460+0900][14.559s][info][gc,heap        ] GC(1313) ParOldGen: 103430K(349696K)->150638K(349696K)
[2026-03-22T19:51:04.460+0900][14.559s][info][gc,metaspace   ] GC(1313) Metaspace: 341K(512K)->341K(512K) NonClass: 323K(384K)->323K(384K) Class: 17K(128K)->17K(128K)
[2026-03-22T19:51:04.460+0900][14.559s][info][gc             ] GC(1313) Pause Young (Allocation Failure) 214M->203M(455M) 4.211ms
[2026-03-22T19:51:04.460+0900][14.559s][info][gc,cpu         ] GC(1313) User=0.00s Sys=0.00s Real=0.00s
[2026-03-22T19:51:04.466+0900][14.564s][info][gc,start       ] GC(1314) Pause Young (Allocation Failure)
[2026-03-22T19:51:04.470+0900][14.568s][info][gc,heap        ] GC(1314) PSYoungGen: 116136K(116736K)->57632K(116736K) Eden: 58504K(58880K)->0K(58880K) From: 57632K(57856K)->57632K(57856K)
[2026-03-22T19:51:04.470+0900][14.568s][info][gc,heap        ] GC(1314) ParOldGen: 150638K(349696K)->197847K(349696K)
[2026-03-22T19:51:04.470+0900][14.568s][info][gc,metaspace   ] GC(1314) Metaspace: 341K(512K)->341K(512K) NonClass: 323K(384K)->323K(384K) Class: 17K(128K)->17K(128K)
[2026-03-22T19:51:04.470+0900][14.568s][info][gc             ] GC(1314) Pause Young (Allocation Failure) 260M->249M(455M) 4.208ms
[2026-03-22T19:51:04.470+0900][14.568s][info][gc,cpu         ] GC(1314) User=0.00s Sys=0.00s Real=0.00s
[2026-03-22T19:51:04.477+0900][14.575s][info][gc,start       ] GC(1315) Pause Young (Allocation Failure)
[2026-03-22T19:51:04.481+0900][14.579s][info][gc,heap        ] GC(1315) PSYoungGen: 116136K(116736K)->57632K(116736K) Eden: 58504K(58880K)->0K(58880K) From: 57632K(57856K)->57632K(57856K)
[2026-03-22T19:51:04.481+0900][14.579s][info][gc,heap        ] GC(1315) ParOldGen: 197847K(349696K)->245063K(349696K)
[2026-03-22T19:51:04.481+0900][14.579s][info][gc,metaspace   ] GC(1315) Metaspace: 341K(512K)->341K(512K) NonClass: 323K(384K)->323K(384K) Class: 17K(128K)->17K(128K)
[2026-03-22T19:51:04.481+0900][14.579s][info][gc             ] GC(1315) Pause Young (Allocation Failure) 306M->295M(455M) 4.255ms
[2026-03-22T19:51:04.481+0900][14.579s][info][gc,cpu         ] GC(1315) User=0.11s Sys=0.00s Real=0.00s
[2026-03-22T19:51:04.487+0900][14.585s][info][gc,start       ] GC(1316) Pause Young (Allocation Failure)
[2026-03-22T19:51:04.491+0900][14.589s][info][gc,heap        ] GC(1316) PSYoungGen: 116136K(116736K)->57600K(116736K) Eden: 58504K(58880K)->0K(58880K) From: 57632K(57856K)->57600K(57856K)
[2026-03-22T19:51:04.491+0900][14.589s][info][gc,heap        ] GC(1316) ParOldGen: 245063K(349696K)->292263K(349696K)
[2026-03-22T19:51:04.491+0900][14.589s][info][gc,metaspace   ] GC(1316) Metaspace: 341K(512K)->341K(512K) NonClass: 323K(384K)->323K(384K) Class: 17K(128K)->17K(128K)
[2026-03-22T19:51:04.491+0900][14.589s][info][gc             ] GC(1316) Pause Young (Allocation Failure) 352M->341M(455M) 4.365ms
[2026-03-22T19:51:04.491+0900][14.589s][info][gc,cpu         ] GC(1316) User=0.00s Sys=0.00s Real=0.00s
[2026-03-22T19:51:04.498+0900][14.596s][info][gc,start       ] GC(1317) Pause Full (Ergonomics)
[2026-03-22T19:51:04.498+0900][14.596s][info][gc,phases,start] GC(1317) Marking Phase
[2026-03-22T19:51:04.499+0900][14.597s][info][gc,phases      ] GC(1317) Marking Phase 1.434ms
[2026-03-22T19:51:04.499+0900][14.597s][info][gc,phases,start] GC(1317) Summary Phase
[2026-03-22T19:51:04.499+0900][14.598s][info][gc,phases      ] GC(1317) Summary Phase 0.040ms
[2026-03-22T19:51:04.499+0900][14.598s][info][gc,phases,start] GC(1317) Adjust Roots
[2026-03-22T19:51:04.499+0900][14.598s][info][gc,phases      ] GC(1317) Adjust Roots 0.322ms
[2026-03-22T19:51:04.499+0900][14.598s][info][gc,phases,start] GC(1317) Compaction Phase
[2026-03-22T19:51:04.504+0900][14.603s][info][gc,phases      ] GC(1317) Compaction Phase 4.772ms
[2026-03-22T19:51:04.504+0900][14.603s][info][gc,phases,start] GC(1317) Post Compact
[2026-03-22T19:51:04.506+0900][14.604s][info][gc,phases      ] GC(1317) Post Compact 1.578ms
[2026-03-22T19:51:04.506+0900][14.604s][info][gc,heap        ] GC(1317) PSYoungGen: 116104K(116736K)->0K(116736K) Eden: 58504K(58880K)->0K(58880K) From: 57600K(57856K)->0K(57856K)
[2026-03-22T19:51:04.506+0900][14.605s][info][gc,heap        ] GC(1317) ParOldGen: 292263K(349696K)->103430K(349696K)
[2026-03-22T19:51:04.506+0900][14.605s][info][gc,metaspace   ] GC(1317) Metaspace: 341K(512K)->341K(512K) NonClass: 323K(384K)->323K(384K) Class: 17K(128K)->17K(128K)
[2026-03-22T19:51:04.506+0900][14.605s][info][gc             ] GC(1317) Pause Full (Ergonomics) 398M->101M(455M) 8.693ms
[2026-03-22T19:51:04.506+0900][14.605s][info][gc,cpu         ] GC(1317) User=0.00s Sys=0.00s Real=0.01s
[2026-03-22T19:51:04.512+0900][14.610s][info][gc,start       ] GC(1318) Pause Young (Allocation Failure)
[2026-03-22T19:51:04.514+0900][14.613s][info][gc,heap        ] GC(1318) PSYoungGen: 58504K(116736K)->57632K(116736K) Eden: 58504K(58880K)->0K(58880K) From: 0K(57856K)->57632K(57856K)
[2026-03-22T19:51:04.514+0900][14.613s][info][gc,heap        ] GC(1318) ParOldGen: 103430K(349696K)->103430K(349696K)
[2026-03-22T19:51:04.514+0900][14.613s][info][gc,metaspace   ] GC(1318) Metaspace: 341K(512K)->341K(512K) NonClass: 323K(384K)->323K(384K) Class: 17K(128K)->17K(128K)
[2026-03-22T19:51:04.514+0900][14.613s][info][gc             ] GC(1318) Pause Young (Allocation Failure) 158M->157M(455M) 2.779ms
[2026-03-22T19:51:04.514+0900][14.613s][info][gc,cpu         ] GC(1318) User=0.00s Sys=0.00s Real=0.00s
[2026-03-22T19:51:04.520+0900][14.619s][info][gc,start       ] GC(1319) Pause Young (Allocation Failure)
[2026-03-22T19:51:04.524+0900][14.623s][info][gc,heap        ] GC(1319) PSYoungGen: 116136K(116736K)->57632K(116736K) Eden: 58504K(58880K)->0K(58880K) From: 57632K(57856K)->57632K(57856K)
[2026-03-22T19:51:04.524+0900][14.623s][info][gc,heap        ] GC(1319) ParOldGen: 103430K(349696K)->150638K(349696K)
[2026-03-22T19:51:04.524+0900][14.623s][info][gc,metaspace   ] GC(1319) Metaspace: 341K(512K)->341K(512K) NonClass: 323K(384K)->323K(384K) Class: 17K(128K)->17K(128K)
[2026-03-22T19:51:04.524+0900][14.623s][info][gc             ] GC(1319) Pause Young (Allocation Failure) 214M->203M(455M) 4.088ms
[2026-03-22T19:51:04.524+0900][14.623s][info][gc,cpu         ] GC(1319) User=0.00s Sys=0.00s Real=0.00s
[2026-03-22T19:51:04.530+0900][14.628s][info][gc,start       ] GC(1320) Pause Young (Allocation Failure)
[2026-03-22T19:51:04.534+0900][14.632s][info][gc,heap        ] GC(1320) PSYoungGen: 116136K(116736K)->57632K(116736K) Eden: 58504K(58880K)->0K(58880K) From: 57632K(57856K)->57632K(57856K)
[2026-03-22T19:51:04.534+0900][14.632s][info][gc,heap        ] GC(1320) ParOldGen: 150638K(349696K)->197847K(349696K)
[2026-03-22T19:51:04.534+0900][14.632s][info][gc,metaspace   ] GC(1320) Metaspace: 341K(512K)->341K(512K) NonClass: 323K(384K)->323K(384K) Class: 17K(128K)->17K(128K)
[2026-03-22T19:51:04.534+0900][14.632s][info][gc             ] GC(1320) Pause Young (Allocation Failure) 260M->249M(455M) 4.271ms
[2026-03-22T19:51:04.534+0900][14.632s][info][gc,cpu         ] GC(1320) User=0.00s Sys=0.00s Real=0.00s
[2026-03-22T19:51:04.541+0900][14.639s][info][gc,start       ] GC(1321) Pause Young (Allocation Failure)
[2026-03-22T19:51:04.545+0900][14.643s][info][gc,heap        ] GC(1321) PSYoungGen: 116136K(116736K)->57632K(116736K) Eden: 58504K(58880K)->0K(58880K) From: 57632K(57856K)->57632K(57856K)
[2026-03-22T19:51:04.545+0900][14.643s][info][gc,heap        ] GC(1321) ParOldGen: 197847K(349696K)->245063K(349696K)
[2026-03-22T19:51:04.545+0900][14.643s][info][gc,metaspace   ] GC(1321) Metaspace: 341K(512K)->341K(512K) NonClass: 323K(384K)->323K(384K) Class: 17K(128K)->17K(128K)
[2026-03-22T19:51:04.545+0900][14.643s][info][gc             ] GC(1321) Pause Young (Allocation Failure) 306M->295M(455M) 4.023ms
[2026-03-22T19:51:04.545+0900][14.643s][info][gc,cpu         ] GC(1321) User=0.00s Sys=0.00s Real=0.00s
[2026-03-22T19:51:04.550+0900][14.649s][info][gc,start       ] GC(1322) Pause Young (Allocation Failure)
[2026-03-22T19:51:04.555+0900][14.654s][info][gc,heap        ] GC(1322) PSYoungGen: 116136K(116736K)->57632K(116736K) Eden: 58504K(58880K)->0K(58880K) From: 57632K(57856K)->57632K(57856K)
[2026-03-22T19:51:04.555+0900][14.654s][info][gc,heap        ] GC(1322) ParOldGen: 245063K(349696K)->292271K(349696K)
[2026-03-22T19:51:04.555+0900][14.654s][info][gc,metaspace   ] GC(1322) Metaspace: 341K(512K)->341K(512K) NonClass: 323K(384K)->323K(384K) Class: 17K(128K)->17K(128K)
[2026-03-22T19:51:04.555+0900][14.654s][info][gc             ] GC(1322) Pause Young (Allocation Failure) 352M->341M(455M) 4.444ms
[2026-03-22T19:51:04.555+0900][14.654s][info][gc,cpu         ] GC(1322) User=0.00s Sys=0.00s Real=0.01s
[2026-03-22T19:51:04.560+0900][14.659s][info][gc,start       ] GC(1323) Pause Full (Ergonomics)
[2026-03-22T19:51:04.560+0900][14.659s][info][gc,phases,start] GC(1323) Marking Phase
[2026-03-22T19:51:04.562+0900][14.661s][info][gc,phases      ] GC(1323) Marking Phase 1.805ms
[2026-03-22T19:51:04.562+0900][14.661s][info][gc,phases,start] GC(1323) Summary Phase
[2026-03-22T19:51:04.562+0900][14.661s][info][gc,phases      ] GC(1323) Summary Phase 0.035ms
[2026-03-22T19:51:04.562+0900][14.661s][info][gc,phases,start] GC(1323) Adjust Roots
[2026-03-22T19:51:04.563+0900][14.661s][info][gc,phases      ] GC(1323) Adjust Roots 0.283ms
[2026-03-22T19:51:04.563+0900][14.661s][info][gc,phases,start] GC(1323) Compaction Phase
[2026-03-22T19:51:04.568+0900][14.667s][info][gc,phases      ] GC(1323) Compaction Phase 5.148ms
[2026-03-22T19:51:04.568+0900][14.667s][info][gc,phases,start] GC(1323) Post Compact
[2026-03-22T19:51:04.570+0900][14.668s][info][gc,phases      ] GC(1323) Post Compact 1.633ms
[2026-03-22T19:51:04.570+0900][14.668s][info][gc,heap        ] GC(1323) PSYoungGen: 116136K(116736K)->0K(116736K) Eden: 58504K(58880K)->0K(58880K) From: 57632K(57856K)->0K(57856K)
[2026-03-22T19:51:04.570+0900][14.668s][info][gc,heap        ] GC(1323) ParOldGen: 292271K(349696K)->103430K(349696K)
[2026-03-22T19:51:04.570+0900][14.668s][info][gc,metaspace   ] GC(1323) Metaspace: 341K(512K)->341K(512K) NonClass: 323K(384K)->323K(384K) Class: 17K(128K)->17K(128K)
[2026-03-22T19:51:04.570+0900][14.668s][info][gc             ] GC(1323) Pause Full (Ergonomics) 398M->101M(455M) 9.290ms
[2026-03-22T19:51:04.570+0900][14.668s][info][gc,cpu         ] GC(1323) User=0.00s Sys=0.00s Real=0.01s
[2026-03-22T19:51:04.575+0900][14.674s][info][gc,start       ] GC(1324) Pause Young (Allocation Failure)
[2026-03-22T19:51:04.578+0900][14.677s][info][gc,heap        ] GC(1324) PSYoungGen: 58504K(116736K)->57632K(116736K) Eden: 58504K(58880K)->0K(58880K) From: 0K(57856K)->57632K(57856K)
[2026-03-22T19:51:04.578+0900][14.677s][info][gc,heap        ] GC(1324) ParOldGen: 103430K(349696K)->103430K(349696K)
[2026-03-22T19:51:04.578+0900][14.677s][info][gc,metaspace   ] GC(1324) Metaspace: 341K(512K)->341K(512K) NonClass: 323K(384K)->323K(384K) Class: 17K(128K)->17K(128K)
[2026-03-22T19:51:04.578+0900][14.677s][info][gc             ] GC(1324) Pause Young (Allocation Failure) 158M->157M(455M) 2.692ms
[2026-03-22T19:51:04.578+0900][14.677s][info][gc,cpu         ] GC(1324) User=0.00s Sys=0.00s Real=0.00s
[2026-03-22T19:51:04.584+0900][14.682s][info][gc,start       ] GC(1325) Pause Young (Allocation Failure)
[2026-03-22T19:51:04.587+0900][14.686s][info][gc,heap        ] GC(1325) PSYoungGen: 116136K(116736K)->57632K(116736K) Eden: 58504K(58880K)->0K(58880K) From: 57632K(57856K)->57632K(57856K)
[2026-03-22T19:51:04.587+0900][14.686s][info][gc,heap        ] GC(1325) ParOldGen: 103430K(349696K)->150638K(349696K)
[2026-03-22T19:51:04.588+0900][14.686s][info][gc,metaspace   ] GC(1325) Metaspace: 341K(512K)->341K(512K) NonClass: 323K(384K)->323K(384K) Class: 17K(128K)->17K(128K)
[2026-03-22T19:51:04.588+0900][14.686s][info][gc             ] GC(1325) Pause Young (Allocation Failure) 214M->203M(455M) 3.997ms
[2026-03-22T19:51:04.588+0900][14.686s][info][gc,cpu         ] GC(1325) User=0.00s Sys=0.00s Real=0.00s
[2026-03-22T19:51:04.593+0900][14.691s][info][gc,start       ] GC(1326) Pause Young (Allocation Failure)
[2026-03-22T19:51:04.597+0900][14.696s][info][gc,heap        ] GC(1326) PSYoungGen: 116136K(116736K)->57600K(116736K) Eden: 58504K(58880K)->0K(58880K) From: 57632K(57856K)->57600K(57856K)
[2026-03-22T19:51:04.597+0900][14.696s][info][gc,heap        ] GC(1326) ParOldGen: 150638K(349696K)->197847K(349696K)
[2026-03-22T19:51:04.597+0900][14.696s][info][gc,metaspace   ] GC(1326) Metaspace: 341K(512K)->341K(512K) NonClass: 323K(384K)->323K(384K) Class: 17K(128K)->17K(128K)
[2026-03-22T19:51:04.597+0900][14.696s][info][gc             ] GC(1326) Pause Young (Allocation Failure) 260M->249M(455M) 4.272ms
[2026-03-22T19:51:04.597+0900][14.696s][info][gc,cpu         ] GC(1326) User=0.00s Sys=0.00s Real=0.00s
[2026-03-22T19:51:04.603+0900][14.701s][info][gc,start       ] GC(1327) Pause Young (Allocation Failure)
[2026-03-22T19:51:04.607+0900][14.705s][info][gc,heap        ] GC(1327) PSYoungGen: 116104K(116736K)->57632K(116736K) Eden: 58504K(58880K)->0K(58880K) From: 57600K(57856K)->57632K(57856K)
[2026-03-22T19:51:04.607+0900][14.705s][info][gc,heap        ] GC(1327) ParOldGen: 197847K(349696K)->245063K(349696K)
[2026-03-22T19:51:04.607+0900][14.705s][info][gc,metaspace   ] GC(1327) Metaspace: 341K(512K)->341K(512K) NonClass: 323K(384K)->323K(384K) Class: 17K(128K)->17K(128K)
[2026-03-22T19:51:04.607+0900][14.705s][info][gc             ] GC(1327) Pause Young (Allocation Failure) 306M->295M(455M) 4.255ms
[2026-03-22T19:51:04.607+0900][14.706s][info][gc,cpu         ] GC(1327) User=0.12s Sys=0.00s Real=0.00s
[2026-03-22T19:51:04.613+0900][14.712s][info][gc,start       ] GC(1328) Pause Young (Allocation Failure)
[2026-03-22T19:51:04.618+0900][14.716s][info][gc,heap        ] GC(1328) PSYoungGen: 116136K(116736K)->57632K(116736K) Eden: 58504K(58880K)->0K(58880K) From: 57632K(57856K)->57632K(57856K)
[2026-03-22T19:51:04.618+0900][14.716s][info][gc,heap        ] GC(1328) ParOldGen: 245063K(349696K)->292271K(349696K)
[2026-03-22T19:51:04.618+0900][14.716s][info][gc,metaspace   ] GC(1328) Metaspace: 341K(512K)->341K(512K) NonClass: 323K(384K)->323K(384K) Class: 17K(128K)->17K(128K)
[2026-03-22T19:51:04.618+0900][14.716s][info][gc             ] GC(1328) Pause Young (Allocation Failure) 352M->341M(455M) 4.328ms
[2026-03-22T19:51:04.618+0900][14.716s][info][gc,cpu         ] GC(1328) User=0.00s Sys=0.00s Real=0.01s
[2026-03-22T19:51:04.624+0900][14.723s][info][gc,start       ] GC(1329) Pause Full (Ergonomics)
[2026-03-22T19:51:04.624+0900][14.723s][info][gc,phases,start] GC(1329) Marking Phase
[2026-03-22T19:51:04.626+0900][14.724s][info][gc,phases      ] GC(1329) Marking Phase 1.346ms
[2026-03-22T19:51:04.626+0900][14.724s][info][gc,phases,start] GC(1329) Summary Phase
[2026-03-22T19:51:04.626+0900][14.724s][info][gc,phases      ] GC(1329) Summary Phase 0.032ms
[2026-03-22T19:51:04.626+0900][14.724s][info][gc,phases,start] GC(1329) Adjust Roots
[2026-03-22T19:51:04.626+0900][14.725s][info][gc,phases      ] GC(1329) Adjust Roots 0.315ms
[2026-03-22T19:51:04.626+0900][14.725s][info][gc,phases,start] GC(1329) Compaction Phase
[2026-03-22T19:51:04.631+0900][14.729s][info][gc,phases      ] GC(1329) Compaction Phase 4.686ms
[2026-03-22T19:51:04.631+0900][14.729s][info][gc,phases,start] GC(1329) Post Compact
[2026-03-22T19:51:04.632+0900][14.731s][info][gc,phases      ] GC(1329) Post Compact 1.267ms
[2026-03-22T19:51:04.632+0900][14.731s][info][gc,heap        ] GC(1329) PSYoungGen: 116136K(116736K)->0K(116736K) Eden: 58504K(58880K)->0K(58880K) From: 57632K(57856K)->0K(57856K)
[2026-03-22T19:51:04.632+0900][14.731s][info][gc,heap        ] GC(1329) ParOldGen: 292271K(349696K)->103430K(349696K)
[2026-03-22T19:51:04.632+0900][14.731s][info][gc,metaspace   ] GC(1329) Metaspace: 341K(512K)->341K(512K) NonClass: 323K(384K)->323K(384K) Class: 17K(128K)->17K(128K)
[2026-03-22T19:51:04.632+0900][14.731s][info][gc             ] GC(1329) Pause Full (Ergonomics) 398M->101M(455M) 8.039ms
[2026-03-22T19:51:04.632+0900][14.731s][info][gc,cpu         ] GC(1329) User=0.00s Sys=0.00s Real=0.01s
[2026-03-22T19:51:04.639+0900][14.737s][info][gc,start       ] GC(1330) Pause Young (Allocation Failure)
[2026-03-22T19:51:04.641+0900][14.739s][info][gc,heap        ] GC(1330) PSYoungGen: 58504K(116736K)->57632K(116736K) Eden: 58504K(58880K)->0K(58880K) From: 0K(57856K)->57632K(57856K)
[2026-03-22T19:51:04.641+0900][14.739s][info][gc,heap        ] GC(1330) ParOldGen: 103430K(349696K)->103430K(349696K)
[2026-03-22T19:51:04.641+0900][14.739s][info][gc,metaspace   ] GC(1330) Metaspace: 341K(512K)->341K(512K) NonClass: 323K(384K)->323K(384K) Class: 17K(128K)->17K(128K)
[2026-03-22T19:51:04.641+0900][14.739s][info][gc             ] GC(1330) Pause Young (Allocation Failure) 158M->157M(455M) 2.519ms
[2026-03-22T19:51:04.641+0900][14.739s][info][gc,cpu         ] GC(1330) User=0.00s Sys=0.00s Real=0.00s
[2026-03-22T19:51:04.647+0900][14.745s][info][gc,start       ] GC(1331) Pause Young (Allocation Failure)
[2026-03-22T19:51:04.650+0900][14.749s][info][gc,heap        ] GC(1331) PSYoungGen: 116136K(116736K)->57632K(116736K) Eden: 58504K(58880K)->0K(58880K) From: 57632K(57856K)->57632K(57856K)
[2026-03-22T19:51:04.650+0900][14.749s][info][gc,heap        ] GC(1331) ParOldGen: 103430K(349696K)->150638K(349696K)
[2026-03-22T19:51:04.650+0900][14.749s][info][gc,metaspace   ] GC(1331) Metaspace: 341K(512K)->341K(512K) NonClass: 323K(384K)->323K(384K) Class: 17K(128K)->17K(128K)
[2026-03-22T19:51:04.650+0900][14.749s][info][gc             ] GC(1331) Pause Young (Allocation Failure) 214M->203M(455M) 3.837ms
[2026-03-22T19:51:04.650+0900][14.749s][info][gc,cpu         ] GC(1331) User=0.00s Sys=0.00s Real=0.00s
[2026-03-22T19:51:04.656+0900][14.754s][info][gc,start       ] GC(1332) Pause Young (Allocation Failure)
[2026-03-22T19:51:04.660+0900][14.758s][info][gc,heap        ] GC(1332) PSYoungGen: 116136K(116736K)->57632K(116736K) Eden: 58504K(58880K)->0K(58880K) From: 57632K(57856K)->57632K(57856K)
[2026-03-22T19:51:04.660+0900][14.758s][info][gc,heap        ] GC(1332) ParOldGen: 150638K(349696K)->197847K(349696K)
[2026-03-22T19:51:04.660+0900][14.758s][info][gc,metaspace   ] GC(1332) Metaspace: 341K(512K)->341K(512K) NonClass: 323K(384K)->323K(384K) Class: 17K(128K)->17K(128K)
[2026-03-22T19:51:04.660+0900][14.758s][info][gc             ] GC(1332) Pause Young (Allocation Failure) 260M->249M(455M) 4.047ms
[2026-03-22T19:51:04.660+0900][14.758s][info][gc,cpu         ] GC(1332) User=0.00s Sys=0.00s Real=0.00s
[2026-03-22T19:51:04.666+0900][14.764s][info][gc,start       ] GC(1333) Pause Young (Allocation Failure)
[2026-03-22T19:51:04.670+0900][14.769s][info][gc,heap        ] GC(1333) PSYoungGen: 116136K(116736K)->57632K(116736K) Eden: 58504K(58880K)->0K(58880K) From: 57632K(57856K)->57632K(57856K)
[2026-03-22T19:51:04.670+0900][14.769s][info][gc,heap        ] GC(1333) ParOldGen: 197847K(349696K)->245063K(349696K)
[2026-03-22T19:51:04.670+0900][14.769s][info][gc,metaspace   ] GC(1333) Metaspace: 341K(512K)->341K(512K) NonClass: 323K(384K)->323K(384K) Class: 17K(128K)->17K(128K)
[2026-03-22T19:51:04.670+0900][14.769s][info][gc             ] GC(1333) Pause Young (Allocation Failure) 306M->295M(455M) 4.415ms
[2026-03-22T19:51:04.670+0900][14.769s][info][gc,cpu         ] GC(1333) User=0.00s Sys=0.02s Real=0.00s
[2026-03-22T19:51:04.676+0900][14.775s][info][gc,start       ] GC(1334) Pause Young (Allocation Failure)
[2026-03-22T19:51:04.681+0900][14.780s][info][gc,heap        ] GC(1334) PSYoungGen: 116136K(116736K)->57632K(116736K) Eden: 58504K(58880K)->0K(58880K) From: 57632K(57856K)->57632K(57856K)
[2026-03-22T19:51:04.681+0900][14.780s][info][gc,heap        ] GC(1334) ParOldGen: 245063K(349696K)->292271K(349696K)
[2026-03-22T19:51:04.681+0900][14.780s][info][gc,metaspace   ] GC(1334) Metaspace: 341K(512K)->341K(512K) NonClass: 323K(384K)->323K(384K) Class: 17K(128K)->17K(128K)
[2026-03-22T19:51:04.681+0900][14.780s][info][gc             ] GC(1334) Pause Young (Allocation Failure) 352M->341M(455M) 4.898ms
[2026-03-22T19:51:04.681+0900][14.780s][info][gc,cpu         ] GC(1334) User=0.00s Sys=0.00s Real=0.00s
[2026-03-22T19:51:04.687+0900][14.786s][info][gc,start       ] GC(1335) Pause Full (Ergonomics)
[2026-03-22T19:51:04.687+0900][14.786s][info][gc,phases,start] GC(1335) Marking Phase
[2026-03-22T19:51:04.689+0900][14.788s][info][gc,phases      ] GC(1335) Marking Phase 1.475ms
[2026-03-22T19:51:04.689+0900][14.788s][info][gc,phases,start] GC(1335) Summary Phase
[2026-03-22T19:51:04.689+0900][14.788s][info][gc,phases      ] GC(1335) Summary Phase 0.021ms
[2026-03-22T19:51:04.689+0900][14.788s][info][gc,phases,start] GC(1335) Adjust Roots
[2026-03-22T19:51:04.689+0900][14.788s][info][gc,phases      ] GC(1335) Adjust Roots 0.205ms
[2026-03-22T19:51:04.689+0900][14.788s][info][gc,phases,start] GC(1335) Compaction Phase
[2026-03-22T19:51:04.694+0900][14.793s][info][gc,phases      ] GC(1335) Compaction Phase 4.902ms
[2026-03-22T19:51:04.694+0900][14.793s][info][gc,phases,start] GC(1335) Post Compact
[2026-03-22T19:51:04.696+0900][14.795s][info][gc,phases      ] GC(1335) Post Compact 1.481ms
[2026-03-22T19:51:04.696+0900][14.795s][info][gc,heap        ] GC(1335) PSYoungGen: 116136K(116736K)->0K(116736K) Eden: 58504K(58880K)->0K(58880K) From: 57632K(57856K)->0K(57856K)
[2026-03-22T19:51:04.696+0900][14.795s][info][gc,heap        ] GC(1335) ParOldGen: 292271K(349696K)->103430K(349696K)
[2026-03-22T19:51:04.696+0900][14.795s][info][gc,metaspace   ] GC(1335) Metaspace: 341K(512K)->341K(512K) NonClass: 323K(384K)->323K(384K) Class: 17K(128K)->17K(128K)
[2026-03-22T19:51:04.696+0900][14.795s][info][gc             ] GC(1335) Pause Full (Ergonomics) 398M->101M(455M) 8.433ms
[2026-03-22T19:51:04.696+0900][14.795s][info][gc,cpu         ] GC(1335) User=0.00s Sys=0.00s Real=0.01s
[2026-03-22T19:51:04.702+0900][14.801s][info][gc,start       ] GC(1336) Pause Young (Allocation Failure)
[2026-03-22T19:51:04.704+0900][14.803s][info][gc,heap        ] GC(1336) PSYoungGen: 58504K(116736K)->57632K(116736K) Eden: 58504K(58880K)->0K(58880K) From: 0K(57856K)->57632K(57856K)
[2026-03-22T19:51:04.705+0900][14.804s][info][gc,heap        ] GC(1336) ParOldGen: 103430K(349696K)->103430K(349696K)
[2026-03-22T19:51:04.705+0900][14.804s][info][gc,metaspace   ] GC(1336) Metaspace: 341K(512K)->341K(512K) NonClass: 323K(384K)->323K(384K) Class: 17K(128K)->17K(128K)
[2026-03-22T19:51:04.705+0900][14.804s][info][gc             ] GC(1336) Pause Young (Allocation Failure) 158M->157M(455M) 2.566ms
[2026-03-22T19:51:04.705+0900][14.804s][info][gc,cpu         ] GC(1336) User=0.00s Sys=0.00s Real=0.00s
[2026-03-22T19:51:04.711+0900][14.810s][info][gc,start       ] GC(1337) Pause Young (Allocation Failure)
[2026-03-22T19:51:04.716+0900][14.814s][info][gc,heap        ] GC(1337) PSYoungGen: 116136K(116736K)->57632K(116736K) Eden: 58504K(58880K)->0K(58880K) From: 57632K(57856K)->57632K(57856K)
[2026-03-22T19:51:04.716+0900][14.814s][info][gc,heap        ] GC(1337) ParOldGen: 103430K(349696K)->150638K(349696K)
[2026-03-22T19:51:04.716+0900][14.814s][info][gc,metaspace   ] GC(1337) Metaspace: 341K(512K)->341K(512K) NonClass: 323K(384K)->323K(384K) Class: 17K(128K)->17K(128K)
[2026-03-22T19:51:04.716+0900][14.814s][info][gc             ] GC(1337) Pause Young (Allocation Failure) 214M->203M(455M) 4.631ms
[2026-03-22T19:51:04.716+0900][14.814s][info][gc,cpu         ] GC(1337) User=0.12s Sys=0.00s Real=0.01s
[2026-03-22T19:51:04.722+0900][14.821s][info][gc,start       ] GC(1338) Pause Young (Allocation Failure)
[2026-03-22T19:51:04.726+0900][14.825s][info][gc,heap        ] GC(1338) PSYoungGen: 116136K(116736K)->57632K(116736K) Eden: 58504K(58880K)->0K(58880K) From: 57632K(57856K)->57632K(57856K)
[2026-03-22T19:51:04.726+0900][14.825s][info][gc,heap        ] GC(1338) ParOldGen: 150638K(349696K)->197847K(349696K)
[2026-03-22T19:51:04.726+0900][14.825s][info][gc,metaspace   ] GC(1338) Metaspace: 341K(512K)->341K(512K) NonClass: 323K(384K)->323K(384K) Class: 17K(128K)->17K(128K)
[2026-03-22T19:51:04.726+0900][14.825s][info][gc             ] GC(1338) Pause Young (Allocation Failure) 260M->249M(455M) 4.112ms
[2026-03-22T19:51:04.726+0900][14.825s][info][gc,cpu         ] GC(1338) User=0.00s Sys=0.00s Real=0.00s
[2026-03-22T19:51:04.732+0900][14.831s][info][gc,start       ] GC(1339) Pause Young (Allocation Failure)
[2026-03-22T19:51:04.737+0900][14.835s][info][gc,heap        ] GC(1339) PSYoungGen: 116136K(116736K)->57632K(116736K) Eden: 58504K(58880K)->0K(58880K) From: 57632K(57856K)->57632K(57856K)
[2026-03-22T19:51:04.737+0900][14.835s][info][gc,heap        ] GC(1339) ParOldGen: 197847K(349696K)->245063K(349696K)
[2026-03-22T19:51:04.737+0900][14.835s][info][gc,metaspace   ] GC(1339) Metaspace: 341K(512K)->341K(512K) NonClass: 323K(384K)->323K(384K) Class: 17K(128K)->17K(128K)
[2026-03-22T19:51:04.737+0900][14.835s][info][gc             ] GC(1339) Pause Young (Allocation Failure) 306M->295M(455M) 4.780ms
[2026-03-22T19:51:04.737+0900][14.835s][info][gc,cpu         ] GC(1339) User=0.00s Sys=0.00s Real=0.00s
[2026-03-22T19:51:04.743+0900][14.841s][info][gc,start       ] GC(1340) Pause Young (Allocation Failure)
[2026-03-22T19:51:04.747+0900][14.846s][info][gc,heap        ] GC(1340) PSYoungGen: 116136K(116736K)->57632K(116736K) Eden: 58504K(58880K)->0K(58880K) From: 57632K(57856K)->57632K(57856K)
[2026-03-22T19:51:04.747+0900][14.846s][info][gc,heap        ] GC(1340) ParOldGen: 245063K(349696K)->292271K(349696K)
[2026-03-22T19:51:04.747+0900][14.846s][info][gc,metaspace   ] GC(1340) Metaspace: 341K(512K)->341K(512K) NonClass: 323K(384K)->323K(384K) Class: 17K(128K)->17K(128K)
[2026-03-22T19:51:04.747+0900][14.846s][info][gc             ] GC(1340) Pause Young (Allocation Failure) 352M->341M(455M) 4.616ms
[2026-03-22T19:51:04.747+0900][14.846s][info][gc,cpu         ] GC(1340) User=0.11s Sys=0.00s Real=0.00s
[2026-03-22T19:51:04.753+0900][14.852s][info][gc,start       ] GC(1341) Pause Full (Ergonomics)
[2026-03-22T19:51:04.761+0900][14.859s][info][gc,phases,start] GC(1341) Marking Phase
[2026-03-22T19:51:04.762+0900][14.861s][info][gc,phases      ] GC(1341) Marking Phase 1.566ms
[2026-03-22T19:51:04.762+0900][14.861s][info][gc,phases,start] GC(1341) Summary Phase
[2026-03-22T19:51:04.762+0900][14.861s][info][gc,phases      ] GC(1341) Summary Phase 0.021ms
[2026-03-22T19:51:04.762+0900][14.861s][info][gc,phases,start] GC(1341) Adjust Roots
[2026-03-22T19:51:04.763+0900][14.861s][info][gc,phases      ] GC(1341) Adjust Roots 0.301ms
[2026-03-22T19:51:04.763+0900][14.861s][info][gc,phases,start] GC(1341) Compaction Phase
[2026-03-22T19:51:04.768+0900][14.866s][info][gc,phases      ] GC(1341) Compaction Phase 4.940ms
[2026-03-22T19:51:04.768+0900][14.866s][info][gc,phases,start] GC(1341) Post Compact
[2026-03-22T19:51:04.769+0900][14.868s][info][gc,phases      ] GC(1341) Post Compact 1.694ms
[2026-03-22T19:51:04.770+0900][14.868s][info][gc,heap        ] GC(1341) PSYoungGen: 116136K(116736K)->0K(116736K) Eden: 58504K(58880K)->0K(58880K) From: 57632K(57856K)->0K(57856K)
[2026-03-22T19:51:04.770+0900][14.868s][info][gc,heap        ] GC(1341) ParOldGen: 292271K(349696K)->103430K(349696K)
[2026-03-22T19:51:04.770+0900][14.868s][info][gc,metaspace   ] GC(1341) Metaspace: 341K(512K)->341K(512K) NonClass: 323K(384K)->323K(384K) Class: 17K(128K)->17K(128K)
[2026-03-22T19:51:04.770+0900][14.868s][info][gc             ] GC(1341) Pause Full (Ergonomics) 398M->101M(455M) 16.195ms
[2026-03-22T19:51:04.770+0900][14.868s][info][gc,cpu         ] GC(1341) User=0.00s Sys=0.00s Real=0.02s
[2026-03-22T19:51:04.776+0900][14.875s][info][gc,start       ] GC(1342) Pause Young (Allocation Failure)
[2026-03-22T19:51:04.779+0900][14.877s][info][gc,heap        ] GC(1342) PSYoungGen: 58504K(116736K)->57632K(116736K) Eden: 58504K(58880K)->0K(58880K) From: 0K(57856K)->57632K(57856K)
[2026-03-22T19:51:04.779+0900][14.878s][info][gc,heap        ] GC(1342) ParOldGen: 103430K(349696K)->103430K(349696K)
[2026-03-22T19:51:04.779+0900][14.878s][info][gc,metaspace   ] GC(1342) Metaspace: 341K(512K)->341K(512K) NonClass: 323K(384K)->323K(384K) Class: 17K(128K)->17K(128K)
[2026-03-22T19:51:04.779+0900][14.878s][info][gc             ] GC(1342) Pause Young (Allocation Failure) 158M->157M(455M) 3.034ms
[2026-03-22T19:51:04.779+0900][14.878s][info][gc,cpu         ] GC(1342) User=0.00s Sys=0.00s Real=0.00s
[2026-03-22T19:51:04.785+0900][14.884s][info][gc,start       ] GC(1343) Pause Young (Allocation Failure)
[2026-03-22T19:51:04.789+0900][14.888s][info][gc,heap        ] GC(1343) PSYoungGen: 116136K(116736K)->57632K(116736K) Eden: 58504K(58880K)->0K(58880K) From: 57632K(57856K)->57632K(57856K)
[2026-03-22T19:51:04.789+0900][14.888s][info][gc,heap        ] GC(1343) ParOldGen: 103430K(349696K)->150638K(349696K)
[2026-03-22T19:51:04.789+0900][14.888s][info][gc,metaspace   ] GC(1343) Metaspace: 341K(512K)->341K(512K) NonClass: 323K(384K)->323K(384K) Class: 17K(128K)->17K(128K)
[2026-03-22T19:51:04.789+0900][14.888s][info][gc             ] GC(1343) Pause Young (Allocation Failure) 214M->203M(455M) 4.122ms
[2026-03-22T19:51:04.789+0900][14.888s][info][gc,cpu         ] GC(1343) User=0.00s Sys=0.00s Real=0.00s
[2026-03-22T19:51:04.795+0900][14.894s][info][gc,start       ] GC(1344) Pause Young (Allocation Failure)
[2026-03-22T19:51:04.799+0900][14.898s][info][gc,heap        ] GC(1344) PSYoungGen: 116136K(116736K)->57632K(116736K) Eden: 58504K(58880K)->0K(58880K) From: 57632K(57856K)->57632K(57856K)
[2026-03-22T19:51:04.799+0900][14.898s][info][gc,heap        ] GC(1344) ParOldGen: 150638K(349696K)->197847K(349696K)
[2026-03-22T19:51:04.799+0900][14.898s][info][gc,metaspace   ] GC(1344) Metaspace: 341K(512K)->341K(512K) NonClass: 323K(384K)->323K(384K) Class: 17K(128K)->17K(128K)
[2026-03-22T19:51:04.799+0900][14.898s][info][gc             ] GC(1344) Pause Young (Allocation Failure) 260M->249M(455M) 4.167ms
[2026-03-22T19:51:04.799+0900][14.898s][info][gc,cpu         ] GC(1344) User=0.00s Sys=0.00s Real=0.00s
[2026-03-22T19:51:04.805+0900][14.903s][info][gc,start       ] GC(1345) Pause Young (Allocation Failure)
[2026-03-22T19:51:04.809+0900][14.908s][info][gc,heap        ] GC(1345) PSYoungGen: 116136K(116736K)->57632K(116736K) Eden: 58504K(58880K)->0K(58880K) From: 57632K(57856K)->57632K(57856K)
[2026-03-22T19:51:04.809+0900][14.908s][info][gc,heap        ] GC(1345) ParOldGen: 197847K(349696K)->245063K(349696K)
[2026-03-22T19:51:04.809+0900][14.908s][info][gc,metaspace   ] GC(1345) Metaspace: 341K(512K)->341K(512K) NonClass: 323K(384K)->323K(384K) Class: 17K(128K)->17K(128K)
[2026-03-22T19:51:04.809+0900][14.908s][info][gc             ] GC(1345) Pause Young (Allocation Failure) 306M->295M(455M) 4.326ms
[2026-03-22T19:51:04.809+0900][14.908s][info][gc,cpu         ] GC(1345) User=0.12s Sys=0.00s Real=0.00s
[2026-03-22T19:51:04.815+0900][14.913s][info][gc,start       ] GC(1346) Pause Young (Allocation Failure)
[2026-03-22T19:51:04.819+0900][14.918s][info][gc,heap        ] GC(1346) PSYoungGen: 116136K(116736K)->57632K(116736K) Eden: 58504K(58880K)->0K(58880K) From: 57632K(57856K)->57632K(57856K)
[2026-03-22T19:51:04.819+0900][14.918s][info][gc,heap        ] GC(1346) ParOldGen: 245063K(349696K)->292271K(349696K)
[2026-03-22T19:51:04.819+0900][14.918s][info][gc,metaspace   ] GC(1346) Metaspace: 341K(512K)->341K(512K) NonClass: 323K(384K)->323K(384K) Class: 17K(128K)->17K(128K)
[2026-03-22T19:51:04.819+0900][14.918s][info][gc             ] GC(1346) Pause Young (Allocation Failure) 352M->341M(455M) 4.405ms
[2026-03-22T19:51:04.819+0900][14.918s][info][gc,cpu         ] GC(1346) User=0.00s Sys=0.00s Real=0.00s
[2026-03-22T19:51:04.825+0900][14.923s][info][gc,start       ] GC(1347) Pause Full (Ergonomics)
[2026-03-22T19:51:04.825+0900][14.923s][info][gc,phases,start] GC(1347) Marking Phase
[2026-03-22T19:51:04.826+0900][14.925s][info][gc,phases      ] GC(1347) Marking Phase 1.422ms
[2026-03-22T19:51:04.826+0900][14.925s][info][gc,phases,start] GC(1347) Summary Phase
[2026-03-22T19:51:04.826+0900][14.925s][info][gc,phases      ] GC(1347) Summary Phase 0.023ms
[2026-03-22T19:51:04.826+0900][14.925s][info][gc,phases,start] GC(1347) Adjust Roots
[2026-03-22T19:51:04.826+0900][14.925s][info][gc,phases      ] GC(1347) Adjust Roots 0.230ms
[2026-03-22T19:51:04.826+0900][14.925s][info][gc,phases,start] GC(1347) Compaction Phase
[2026-03-22T19:51:04.831+0900][14.930s][info][gc,phases      ] GC(1347) Compaction Phase 4.717ms
[2026-03-22T19:51:04.831+0900][14.930s][info][gc,phases,start] GC(1347) Post Compact
[2026-03-22T19:51:04.832+0900][14.931s][info][gc,phases      ] GC(1347) Post Compact 1.671ms
[2026-03-22T19:51:04.832+0900][14.931s][info][gc,heap        ] GC(1347) PSYoungGen: 116136K(116736K)->0K(116736K) Eden: 58504K(58880K)->0K(58880K) From: 57632K(57856K)->0K(57856K)
[2026-03-22T19:51:04.832+0900][14.932s][info][gc,heap        ] GC(1347) ParOldGen: 292271K(349696K)->103430K(349696K)
[2026-03-22T19:51:04.832+0900][14.932s][info][gc,metaspace   ] GC(1347) Metaspace: 341K(512K)->341K(512K) NonClass: 323K(384K)->323K(384K) Class: 17K(128K)->17K(128K)
[2026-03-22T19:51:04.832+0900][14.932s][info][gc             ] GC(1347) Pause Full (Ergonomics) 398M->101M(455M) 8.425ms
[2026-03-22T19:51:04.833+0900][14.932s][info][gc,cpu         ] GC(1347) User=0.00s Sys=0.00s Real=0.01s
[2026-03-22T19:51:04.840+0900][14.939s][info][gc,start       ] GC(1348) Pause Young (Allocation Failure)
[2026-03-22T19:51:04.843+0900][14.942s][info][gc,heap        ] GC(1348) PSYoungGen: 58504K(116736K)->57632K(116736K) Eden: 58504K(58880K)->0K(58880K) From: 0K(57856K)->57632K(57856K)
[2026-03-22T19:51:04.843+0900][14.942s][info][gc,heap        ] GC(1348) ParOldGen: 103430K(349696K)->103430K(349696K)
[2026-03-22T19:51:04.843+0900][14.942s][info][gc,metaspace   ] GC(1348) Metaspace: 341K(512K)->341K(512K) NonClass: 323K(384K)->323K(384K) Class: 17K(128K)->17K(128K)
[2026-03-22T19:51:04.843+0900][14.942s][info][gc             ] GC(1348) Pause Young (Allocation Failure) 158M->157M(455M) 3.164ms
[2026-03-22T19:51:04.843+0900][14.942s][info][gc,cpu         ] GC(1348) User=0.00s Sys=0.00s Real=0.00s
[2026-03-22T19:51:04.850+0900][14.948s][info][gc,start       ] GC(1349) Pause Young (Allocation Failure)
[2026-03-22T19:51:04.854+0900][14.953s][info][gc,heap        ] GC(1349) PSYoungGen: 116136K(116736K)->57632K(116736K) Eden: 58504K(58880K)->0K(58880K) From: 57632K(57856K)->57632K(57856K)
[2026-03-22T19:51:04.854+0900][14.953s][info][gc,heap        ] GC(1349) ParOldGen: 103430K(349696K)->150638K(349696K)
[2026-03-22T19:51:04.854+0900][14.953s][info][gc,metaspace   ] GC(1349) Metaspace: 341K(512K)->341K(512K) NonClass: 323K(384K)->323K(384K) Class: 17K(128K)->17K(128K)
[2026-03-22T19:51:04.854+0900][14.953s][info][gc             ] GC(1349) Pause Young (Allocation Failure) 214M->203M(455M) 4.596ms
[2026-03-22T19:51:04.854+0900][14.953s][info][gc,cpu         ] GC(1349) User=0.12s Sys=0.00s Real=0.00s
[2026-03-22T19:51:04.860+0900][14.958s][info][gc,start       ] GC(1350) Pause Young (Allocation Failure)
[2026-03-22T19:51:04.864+0900][14.963s][info][gc,heap        ] GC(1350) PSYoungGen: 116136K(116736K)->57632K(116736K) Eden: 58504K(58880K)->0K(58880K) From: 57632K(57856K)->57632K(57856K)
[2026-03-22T19:51:04.864+0900][14.963s][info][gc,heap        ] GC(1350) ParOldGen: 150638K(349696K)->197847K(349696K)
[2026-03-22T19:51:04.864+0900][14.963s][info][gc,metaspace   ] GC(1350) Metaspace: 341K(512K)->341K(512K) NonClass: 323K(384K)->323K(384K) Class: 17K(128K)->17K(128K)
[2026-03-22T19:51:04.864+0900][14.963s][info][gc             ] GC(1350) Pause Young (Allocation Failure) 260M->249M(455M) 4.520ms
[2026-03-22T19:51:04.864+0900][14.963s][info][gc,cpu         ] GC(1350) User=0.00s Sys=0.00s Real=0.00s
[2026-03-22T19:51:04.869+0900][14.968s][info][gc,start       ] GC(1351) Pause Young (Allocation Failure)
[2026-03-22T19:51:04.874+0900][14.973s][info][gc,heap        ] GC(1351) PSYoungGen: 116136K(116736K)->57632K(116736K) Eden: 58504K(58880K)->0K(58880K) From: 57632K(57856K)->57632K(57856K)
[2026-03-22T19:51:04.874+0900][14.973s][info][gc,heap        ] GC(1351) ParOldGen: 197847K(349696K)->245063K(349696K)
[2026-03-22T19:51:04.874+0900][14.973s][info][gc,metaspace   ] GC(1351) Metaspace: 341K(512K)->341K(512K) NonClass: 323K(384K)->323K(384K) Class: 17K(128K)->17K(128K)
[2026-03-22T19:51:04.874+0900][14.973s][info][gc             ] GC(1351) Pause Young (Allocation Failure) 306M->295M(455M) 4.401ms
[2026-03-22T19:51:04.874+0900][14.973s][info][gc,cpu         ] GC(1351) User=0.00s Sys=0.00s Real=0.01s
[2026-03-22T19:51:04.881+0900][14.980s][info][gc,start       ] GC(1352) Pause Young (Allocation Failure)
[2026-03-22T19:51:04.886+0900][14.985s][info][gc,heap        ] GC(1352) PSYoungGen: 116136K(116736K)->57632K(116736K) Eden: 58504K(58880K)->0K(58880K) From: 57632K(57856K)->57632K(57856K)
[2026-03-22T19:51:04.886+0900][14.985s][info][gc,heap        ] GC(1352) ParOldGen: 245063K(349696K)->292271K(349696K)
[2026-03-22T19:51:04.886+0900][14.985s][info][gc,metaspace   ] GC(1352) Metaspace: 341K(512K)->341K(512K) NonClass: 323K(384K)->323K(384K) Class: 17K(128K)->17K(128K)
[2026-03-22T19:51:04.886+0900][14.985s][info][gc             ] GC(1352) Pause Young (Allocation Failure) 352M->341M(455M) 4.575ms
[2026-03-22T19:51:04.886+0900][14.985s][info][gc,cpu         ] GC(1352) User=0.11s Sys=0.02s Real=0.00s
[2026-03-22T19:51:04.892+0900][14.991s][info][gc,start       ] GC(1353) Pause Full (Ergonomics)
[2026-03-22T19:51:04.892+0900][14.991s][info][gc,phases,start] GC(1353) Marking Phase
[2026-03-22T19:51:04.893+0900][14.993s][info][gc,phases      ] GC(1353) Marking Phase 1.323ms
[2026-03-22T19:51:04.894+0900][14.993s][info][gc,phases,start] GC(1353) Summary Phase
[2026-03-22T19:51:04.894+0900][14.993s][info][gc,phases      ] GC(1353) Summary Phase 0.042ms
[2026-03-22T19:51:04.894+0900][14.993s][info][gc,phases,start] GC(1353) Adjust Roots
[2026-03-22T19:51:04.894+0900][14.993s][info][gc,phases      ] GC(1353) Adjust Roots 0.385ms
[2026-03-22T19:51:04.894+0900][14.993s][info][gc,phases,start] GC(1353) Compaction Phase
[2026-03-22T19:51:04.899+0900][14.998s][info][gc,phases      ] GC(1353) Compaction Phase 4.961ms
[2026-03-22T19:51:04.899+0900][14.998s][info][gc,phases,start] GC(1353) Post Compact
[2026-03-22T19:51:04.901+0900][15.000s][info][gc,phases      ] GC(1353) Post Compact 1.408ms
[2026-03-22T19:51:04.901+0900][15.000s][info][gc,heap        ] GC(1353) PSYoungGen: 116136K(116736K)->0K(116736K) Eden: 58504K(58880K)->0K(58880K) From: 57632K(57856K)->0K(57856K)
[2026-03-22T19:51:04.901+0900][15.000s][info][gc,heap        ] GC(1353) ParOldGen: 292271K(349696K)->103430K(349696K)
[2026-03-22T19:51:04.901+0900][15.000s][info][gc,metaspace   ] GC(1353) Metaspace: 341K(512K)->341K(512K) NonClass: 323K(384K)->323K(384K) Class: 17K(128K)->17K(128K)
[2026-03-22T19:51:04.901+0900][15.000s][info][gc             ] GC(1353) Pause Full (Ergonomics) 398M->101M(455M) 8.486ms
[2026-03-22T19:51:04.901+0900][15.000s][info][gc,cpu         ] GC(1353) User=0.02s Sys=0.00s Real=0.01s
[2026-03-22T19:51:04.907+0900][15.006s][info][gc,start       ] GC(1354) Pause Young (Allocation Failure)
[2026-03-22T19:51:04.909+0900][15.008s][info][gc,heap        ] GC(1354) PSYoungGen: 58504K(116736K)->57632K(116736K) Eden: 58504K(58880K)->0K(58880K) From: 0K(57856K)->57632K(57856K)
[2026-03-22T19:51:04.910+0900][15.008s][info][gc,heap        ] GC(1354) ParOldGen: 103430K(349696K)->103430K(349696K)
[2026-03-22T19:51:04.910+0900][15.008s][info][gc,metaspace   ] GC(1354) Metaspace: 341K(512K)->341K(512K) NonClass: 323K(384K)->323K(384K) Class: 17K(128K)->17K(128K)
[2026-03-22T19:51:04.910+0900][15.008s][info][gc             ] GC(1354) Pause Young (Allocation Failure) 158M->157M(455M) 2.702ms
[2026-03-22T19:51:04.910+0900][15.008s][info][gc,cpu         ] GC(1354) User=0.00s Sys=0.00s Real=0.00s
[2026-03-22T19:51:04.915+0900][15.014s][info][gc,start       ] GC(1355) Pause Young (Allocation Failure)
[2026-03-22T19:51:04.919+0900][15.018s][info][gc,heap        ] GC(1355) PSYoungGen: 116136K(116736K)->57632K(116736K) Eden: 58504K(58880K)->0K(58880K) From: 57632K(57856K)->57632K(57856K)
[2026-03-22T19:51:04.919+0900][15.018s][info][gc,heap        ] GC(1355) ParOldGen: 103430K(349696K)->150638K(349696K)
[2026-03-22T19:51:04.919+0900][15.018s][info][gc,metaspace   ] GC(1355) Metaspace: 341K(512K)->341K(512K) NonClass: 323K(384K)->323K(384K) Class: 17K(128K)->17K(128K)
[2026-03-22T19:51:04.919+0900][15.018s][info][gc             ] GC(1355) Pause Young (Allocation Failure) 214M->203M(455M) 4.130ms
[2026-03-22T19:51:04.919+0900][15.018s][info][gc,cpu         ] GC(1355) User=0.11s Sys=0.00s Real=0.00s
[2026-03-22T19:51:04.924+0900][15.023s][info][gc,start       ] GC(1356) Pause Young (Allocation Failure)
[2026-03-22T19:51:04.929+0900][15.027s][info][gc,heap        ] GC(1356) PSYoungGen: 116136K(116736K)->57632K(116736K) Eden: 58504K(58880K)->0K(58880K) From: 57632K(57856K)->57632K(57856K)
[2026-03-22T19:51:04.929+0900][15.028s][info][gc,heap        ] GC(1356) ParOldGen: 150638K(349696K)->197847K(349696K)
[2026-03-22T19:51:04.929+0900][15.028s][info][gc,metaspace   ] GC(1356) Metaspace: 341K(512K)->341K(512K) NonClass: 323K(384K)->323K(384K) Class: 17K(128K)->17K(128K)
[2026-03-22T19:51:04.929+0900][15.028s][info][gc             ] GC(1356) Pause Young (Allocation Failure) 260M->249M(455M) 4.436ms
[2026-03-22T19:51:04.929+0900][15.028s][info][gc,cpu         ] GC(1356) User=0.00s Sys=0.00s Real=0.00s
[2026-03-22T19:51:04.936+0900][15.034s][info][gc,start       ] GC(1357) Pause Young (Allocation Failure)
[2026-03-22T19:51:04.940+0900][15.038s][info][gc,heap        ] GC(1357) PSYoungGen: 116136K(116736K)->57632K(116736K) Eden: 58504K(58880K)->0K(58880K) From: 57632K(57856K)->57632K(57856K)
[2026-03-22T19:51:04.940+0900][15.038s][info][gc,heap        ] GC(1357) ParOldGen: 197847K(349696K)->245063K(349696K)
[2026-03-22T19:51:04.940+0900][15.038s][info][gc,metaspace   ] GC(1357) Metaspace: 341K(512K)->341K(512K) NonClass: 323K(384K)->323K(384K) Class: 17K(128K)->17K(128K)
[2026-03-22T19:51:04.940+0900][15.038s][info][gc             ] GC(1357) Pause Young (Allocation Failure) 306M->295M(455M) 4.101ms
[2026-03-22T19:51:04.940+0900][15.038s][info][gc,cpu         ] GC(1357) User=0.00s Sys=0.00s Real=0.00s
[2026-03-22T19:51:04.947+0900][15.045s][info][gc,start       ] GC(1358) Pause Young (Allocation Failure)
[2026-03-22T19:51:04.951+0900][15.049s][info][gc,heap        ] GC(1358) PSYoungGen: 116136K(116736K)->57632K(116736K) Eden: 58504K(58880K)->0K(58880K) From: 57632K(57856K)->57632K(57856K)
[2026-03-22T19:51:04.951+0900][15.049s][info][gc,heap        ] GC(1358) ParOldGen: 245063K(349696K)->292271K(349696K)
[2026-03-22T19:51:04.951+0900][15.049s][info][gc,metaspace   ] GC(1358) Metaspace: 341K(512K)->341K(512K) NonClass: 323K(384K)->323K(384K) Class: 17K(128K)->17K(128K)
[2026-03-22T19:51:04.951+0900][15.049s][info][gc             ] GC(1358) Pause Young (Allocation Failure) 352M->341M(455M) 4.145ms
[2026-03-22T19:51:04.951+0900][15.049s][info][gc,cpu         ] GC(1358) User=0.08s Sys=0.00s Real=0.00s
[2026-03-22T19:51:04.957+0900][15.055s][info][gc,start       ] GC(1359) Pause Full (Ergonomics)
[2026-03-22T19:51:04.957+0900][15.056s][info][gc,phases,start] GC(1359) Marking Phase
[2026-03-22T19:51:04.958+0900][15.057s][info][gc,phases      ] GC(1359) Marking Phase 1.645ms
[2026-03-22T19:51:04.958+0900][15.057s][info][gc,phases,start] GC(1359) Summary Phase
[2026-03-22T19:51:04.958+0900][15.057s][info][gc,phases      ] GC(1359) Summary Phase 0.023ms
[2026-03-22T19:51:04.958+0900][15.057s][info][gc,phases,start] GC(1359) Adjust Roots
[2026-03-22T19:51:04.958+0900][15.057s][info][gc,phases      ] GC(1359) Adjust Roots 0.226ms
[2026-03-22T19:51:04.958+0900][15.057s][info][gc,phases,start] GC(1359) Compaction Phase
[2026-03-22T19:51:04.963+0900][15.062s][info][gc,phases      ] GC(1359) Compaction Phase 4.963ms
[2026-03-22T19:51:04.963+0900][15.063s][info][gc,phases,start] GC(1359) Post Compact
[2026-03-22T19:51:04.965+0900][15.064s][info][gc,phases      ] GC(1359) Post Compact 1.577ms
[2026-03-22T19:51:04.965+0900][15.064s][info][gc,heap        ] GC(1359) PSYoungGen: 116136K(116736K)->0K(116736K) Eden: 58504K(58880K)->0K(58880K) From: 57632K(57856K)->0K(57856K)
[2026-03-22T19:51:04.965+0900][15.064s][info][gc,heap        ] GC(1359) ParOldGen: 292271K(349696K)->103430K(349696K)
[2026-03-22T19:51:04.965+0900][15.064s][info][gc,metaspace   ] GC(1359) Metaspace: 341K(512K)->341K(512K) NonClass: 323K(384K)->323K(384K) Class: 17K(128K)->17K(128K)
[2026-03-22T19:51:04.965+0900][15.064s][info][gc             ] GC(1359) Pause Full (Ergonomics) 398M->101M(455M) 8.763ms
[2026-03-22T19:51:04.965+0900][15.064s][info][gc,cpu         ] GC(1359) User=0.11s Sys=0.00s Real=0.01s
[2026-03-22T19:51:04.971+0900][15.070s][info][gc,start       ] GC(1360) Pause Young (Allocation Failure)
[2026-03-22T19:51:04.974+0900][15.073s][info][gc,heap        ] GC(1360) PSYoungGen: 58504K(116736K)->57632K(116736K) Eden: 58504K(58880K)->0K(58880K) From: 0K(57856K)->57632K(57856K)
[2026-03-22T19:51:04.974+0900][15.073s][info][gc,heap        ] GC(1360) ParOldGen: 103430K(349696K)->103430K(349696K)
[2026-03-22T19:51:04.974+0900][15.073s][info][gc,metaspace   ] GC(1360) Metaspace: 341K(512K)->341K(512K) NonClass: 323K(384K)->323K(384K) Class: 17K(128K)->17K(128K)
[2026-03-22T19:51:04.974+0900][15.073s][info][gc             ] GC(1360) Pause Young (Allocation Failure) 158M->157M(455M) 2.744ms
[2026-03-22T19:51:04.974+0900][15.073s][info][gc,cpu         ] GC(1360) User=0.00s Sys=0.00s Real=0.00s
[2026-03-22T19:51:04.981+0900][15.080s][info][gc,start       ] GC(1361) Pause Young (Allocation Failure)
[2026-03-22T19:51:04.985+0900][15.084s][info][gc,heap        ] GC(1361) PSYoungGen: 116136K(116736K)->57632K(116736K) Eden: 58504K(58880K)->0K(58880K) From: 57632K(57856K)->57632K(57856K)
[2026-03-22T19:51:04.985+0900][15.084s][info][gc,heap        ] GC(1361) ParOldGen: 103430K(349696K)->150638K(349696K)
[2026-03-22T19:51:04.985+0900][15.084s][info][gc,metaspace   ] GC(1361) Metaspace: 341K(512K)->341K(512K) NonClass: 323K(384K)->323K(384K) Class: 17K(128K)->17K(128K)
[2026-03-22T19:51:04.986+0900][15.084s][info][gc             ] GC(1361) Pause Young (Allocation Failure) 214M->203M(455M) 4.364ms
[2026-03-22T19:51:04.986+0900][15.084s][info][gc,cpu         ] GC(1361) User=0.00s Sys=0.00s Real=0.01s
[2026-03-22T19:51:04.991+0900][15.090s][info][gc,start       ] GC(1362) Pause Young (Allocation Failure)
[2026-03-22T19:51:04.996+0900][15.094s][info][gc,heap        ] GC(1362) PSYoungGen: 116136K(116736K)->57632K(116736K) Eden: 58504K(58880K)->0K(58880K) From: 57632K(57856K)->57632K(57856K)
[2026-03-22T19:51:04.996+0900][15.094s][info][gc,heap        ] GC(1362) ParOldGen: 150638K(349696K)->197847K(349696K)
[2026-03-22T19:51:04.996+0900][15.094s][info][gc,metaspace   ] GC(1362) Metaspace: 341K(512K)->341K(512K) NonClass: 323K(384K)->323K(384K) Class: 17K(128K)->17K(128K)
[2026-03-22T19:51:04.996+0900][15.094s][info][gc             ] GC(1362) Pause Young (Allocation Failure) 260M->249M(455M) 4.165ms
[2026-03-22T19:51:04.996+0900][15.094s][info][gc,cpu         ] GC(1362) User=0.09s Sys=0.02s Real=0.01s
[2026-03-22T19:51:05.003+0900][15.101s][info][gc,start       ] GC(1363) Pause Young (Allocation Failure)
[2026-03-22T19:51:05.007+0900][15.105s][info][gc,heap        ] GC(1363) PSYoungGen: 116136K(116736K)->57632K(116736K) Eden: 58504K(58880K)->0K(58880K) From: 57632K(57856K)->57632K(57856K)
[2026-03-22T19:51:05.007+0900][15.106s][info][gc,heap        ] GC(1363) ParOldGen: 197847K(349696K)->245063K(349696K)
[2026-03-22T19:51:05.007+0900][15.106s][info][gc,metaspace   ] GC(1363) Metaspace: 341K(512K)->341K(512K) NonClass: 323K(384K)->323K(384K) Class: 17K(128K)->17K(128K)
[2026-03-22T19:51:05.007+0900][15.106s][info][gc             ] GC(1363) Pause Young (Allocation Failure) 306M->295M(455M) 4.291ms
[2026-03-22T19:51:05.007+0900][15.106s][info][gc,cpu         ] GC(1363) User=0.00s Sys=0.00s Real=0.00s
[2026-03-22T19:51:05.011+0900][15.110s][info][gc,heap,exit   ] Heap
[2026-03-22T19:51:05.011+0900][15.110s][info][gc,heap,exit   ]  PSYoungGen      total 116736K, used 82498K [0x00000000f5580000, 0x0000000100000000, 0x0000000100000000)
[2026-03-22T19:51:05.011+0900][15.110s][info][gc,heap,exit   ]   eden space 58880K, 42% used [0x00000000f5580000,0x00000000f6dc8860,0x00000000f8f00000)
[2026-03-22T19:51:05.011+0900][15.110s][info][gc,heap,exit   ]   from space 57856K, 99% used [0x00000000fc780000,0x00000000fffc81c0,0x0000000100000000)
[2026-03-22T19:51:05.011+0900][15.110s][info][gc,heap,exit   ]   to   space 57856K, 0% used [0x00000000f8f00000,0x00000000f8f00000,0x00000000fc780000)
[2026-03-22T19:51:05.011+0900][15.110s][info][gc,heap,exit   ]  ParOldGen       total 349696K, used 245063K [0x00000000e0000000, 0x00000000f5580000, 0x00000000f5580000)
[2026-03-22T19:51:05.011+0900][15.110s][info][gc,heap,exit   ]   object space 349696K, 70% used [0x00000000e0000000,0x00000000eef51db8,0x00000000f5580000)
[2026-03-22T19:51:05.011+0900][15.110s][info][gc,heap,exit   ]  Metaspace       used 342K, committed 512K, reserved 1114112K
[2026-03-22T19:51:05.011+0900][15.110s][info][gc,heap,exit   ]   class space    used 17K, committed 128K, reserved 1048576K
