[2026-03-27T22:59:33.235+0900][0.007s][info][gc] Using Parallel
[2026-03-27T22:59:33.235+0900][0.008s][info][gc,init] Version: 17.0.18+9-LTS (release)
[2026-03-27T22:59:33.235+0900][0.008s][info][gc,init] CPUs: 16 total, 16 available
[2026-03-27T22:59:33.235+0900][0.008s][info][gc,init] Memory: 15943M
[2026-03-27T22:59:33.235+0900][0.008s][info][gc,init] Large Page Support: Disabled
[2026-03-27T22:59:33.235+0900][0.008s][info][gc,init] NUMA Support: Disabled
[2026-03-27T22:59:33.235+0900][0.008s][info][gc,init] Compressed Oops: Enabled (32-bit)
[2026-03-27T22:59:33.235+0900][0.008s][info][gc,init] Alignments: Space 512K, Generation 512K, Heap 2M
[2026-03-27T22:59:33.235+0900][0.008s][info][gc,init] Heap Min Capacity: 256M
[2026-03-27T22:59:33.235+0900][0.008s][info][gc,init] Heap Initial Capacity: 256M
[2026-03-27T22:59:33.235+0900][0.008s][info][gc,init] Heap Max Capacity: 512M
[2026-03-27T22:59:33.235+0900][0.008s][info][gc,init] Pre-touch: Disabled
[2026-03-27T22:59:33.235+0900][0.008s][info][gc,init] Parallel Workers: 1
[2026-03-27T22:59:33.235+0900][0.013s][info][gc,metaspace] CDS archive(s) mapped at: [0x0000027c28000000-0x0000027c28bb0000-0x0000027c28bb0000), size 12255232, SharedBaseAddress: 0x0000027c28000000, ArchiveRelocationMode: 1.
[2026-03-27T22:59:33.235+0900][0.013s][info][gc,metaspace] Compressed class space mapped at: 0x0000027c29000000-0x0000027c69000000, reserved size: 1073741824
[2026-03-27T22:59:33.235+0900][0.013s][info][gc,metaspace] Narrow klass base: 0x0000027c28000000, Narrow klass shift: 0, Narrow klass range: 0x100000000
[2026-03-27T22:59:33.635+0900][0.398s][info][gc,start    ] GC(0) Pause Young (Allocation Failure)
[2026-03-27T22:59:33.635+0900][0.400s][info][gc,heap     ] GC(0) PSYoungGen: 65210K(76288K)->1865K(76288K) Eden: 65210K(65536K)->0K(65536K) From: 0K(10752K)->1865K(10752K)
[2026-03-27T22:59:33.635+0900][0.400s][info][gc,heap     ] GC(0) ParOldGen: 0K(175104K)->0K(175104K)
[2026-03-27T22:59:33.635+0900][0.400s][info][gc,metaspace] GC(0) Metaspace: 315K(512K)->315K(512K) NonClass: 299K(384K)->299K(384K) Class: 15K(128K)->15K(128K)
[2026-03-27T22:59:33.635+0900][0.400s][info][gc          ] GC(0) Pause Young (Allocation Failure) 63M->1M(245M) 1.833ms
[2026-03-27T22:59:33.635+0900][0.400s][info][gc,cpu      ] GC(0) User=0.00s Sys=0.02s Real=0.00s
[2026-03-27T22:59:34.034+0900][0.797s][info][gc,start    ] GC(1) Pause Young (Allocation Failure)
[2026-03-27T22:59:34.036+0900][0.799s][info][gc,heap     ] GC(1) PSYoungGen: 67385K(76288K)->1865K(76288K) Eden: 65520K(65536K)->0K(65536K) From: 1865K(10752K)->1865K(10752K)
[2026-03-27T22:59:34.036+0900][0.799s][info][gc,heap     ] GC(1) ParOldGen: 0K(175104K)->0K(175104K)
[2026-03-27T22:59:34.036+0900][0.799s][info][gc,metaspace] GC(1) Metaspace: 323K(512K)->323K(512K) NonClass: 307K(384K)->307K(384K) Class: 15K(128K)->15K(128K)
[2026-03-27T22:59:34.036+0900][0.799s][info][gc          ] GC(1) Pause Young (Allocation Failure) 65M->1M(245M) 2.331ms
[2026-03-27T22:59:34.036+0900][0.799s][info][gc,cpu      ] GC(1) User=0.00s Sys=0.00s Real=0.00s
[2026-03-27T22:59:34.432+0900][1.195s][info][gc,start    ] GC(2) Pause Young (Allocation Failure)
[2026-03-27T22:59:34.432+0900][1.197s][info][gc,heap     ] GC(2) PSYoungGen: 67117K(76288K)->2889K(76288K) Eden: 65251K(65536K)->0K(65536K) From: 1865K(10752K)->2889K(10752K)
[2026-03-27T22:59:34.432+0900][1.197s][info][gc,heap     ] GC(2) ParOldGen: 0K(175104K)->0K(175104K)
[2026-03-27T22:59:34.432+0900][1.197s][info][gc,metaspace] GC(2) Metaspace: 327K(512K)->327K(512K) NonClass: 312K(384K)->312K(384K) Class: 15K(128K)->15K(128K)
[2026-03-27T22:59:34.432+0900][1.197s][info][gc          ] GC(2) Pause Young (Allocation Failure) 65M->2M(245M) 1.429ms
[2026-03-27T22:59:34.432+0900][1.197s][info][gc,cpu      ] GC(2) User=0.00s Sys=0.02s Real=0.00s
[2026-03-27T22:59:34.830+0900][1.593s][info][gc,start    ] GC(3) Pause Young (Allocation Failure)
[2026-03-27T22:59:34.830+0900][1.595s][info][gc,heap     ] GC(3) PSYoungGen: 68161K(76288K)->3913K(76288K) Eden: 65271K(65536K)->0K(65536K) From: 2889K(10752K)->3913K(10752K)
[2026-03-27T22:59:34.830+0900][1.595s][info][gc,heap     ] GC(3) ParOldGen: 0K(175104K)->0K(175104K)
[2026-03-27T22:59:34.830+0900][1.595s][info][gc,metaspace] GC(3) Metaspace: 327K(512K)->327K(512K) NonClass: 312K(384K)->312K(384K) Class: 15K(128K)->15K(128K)
[2026-03-27T22:59:34.830+0900][1.595s][info][gc          ] GC(3) Pause Young (Allocation Failure) 66M->3M(245M) 2.118ms
[2026-03-27T22:59:34.830+0900][1.595s][info][gc,cpu      ] GC(3) User=0.00s Sys=0.00s Real=0.00s
[2026-03-27T22:59:35.228+0900][1.991s][info][gc,start    ] GC(4) Pause Young (Allocation Failure)
[2026-03-27T22:59:35.228+0900][1.993s][info][gc,heap     ] GC(4) PSYoungGen: 69197K(76288K)->4937K(69120K) Eden: 65284K(65536K)->0K(64000K) From: 3913K(10752K)->4937K(5120K)
[2026-03-27T22:59:35.228+0900][1.993s][info][gc,heap     ] GC(4) ParOldGen: 0K(175104K)->0K(175104K)
[2026-03-27T22:59:35.228+0900][1.993s][info][gc,metaspace] GC(4) Metaspace: 327K(512K)->327K(512K) NonClass: 312K(384K)->312K(384K) Class: 15K(128K)->15K(128K)
[2026-03-27T22:59:35.228+0900][1.993s][info][gc          ] GC(4) Pause Young (Allocation Failure) 67M->4M(238M) 2.216ms
[2026-03-27T22:59:35.228+0900][1.993s][info][gc,cpu      ] GC(4) User=0.00s Sys=0.00s Real=0.00s
[2026-03-27T22:59:35.626+0900][2.389s][info][gc,start    ] GC(5) Pause Young (Allocation Failure)
[2026-03-27T22:59:35.629+0900][2.393s][info][gc,heap     ] GC(5) PSYoungGen: 68663K(69120K)->4425K(67072K) Eden: 63726K(64000K)->0K(62464K) From: 4937K(5120K)->4425K(4608K)
[2026-03-27T22:59:35.629+0900][2.393s][info][gc,heap     ] GC(5) ParOldGen: 0K(175104K)->0K(175104K)
[2026-03-27T22:59:35.629+0900][2.393s][info][gc,metaspace] GC(5) Metaspace: 327K(512K)->327K(512K) NonClass: 312K(384K)->312K(384K) Class: 15K(128K)->15K(128K)
[2026-03-27T22:59:35.629+0900][2.393s][info][gc          ] GC(5) Pause Young (Allocation Failure) 67M->4M(236M) 3.703ms
[2026-03-27T22:59:35.629+0900][2.393s][info][gc,cpu      ] GC(5) User=0.00s Sys=0.00s Real=0.00s
[2026-03-27T22:59:36.009+0900][2.772s][info][gc,start    ] GC(6) Pause Young (Allocation Failure)
[2026-03-27T22:59:36.009+0900][2.774s][info][gc,heap     ] GC(6) PSYoungGen: 66590K(67072K)->3104K(65024K) Eden: 62165K(62464K)->0K(61440K) From: 4425K(4608K)->3104K(3584K)
[2026-03-27T22:59:36.009+0900][2.774s][info][gc,heap     ] GC(6) ParOldGen: 0K(175104K)->1833K(175104K)
[2026-03-27T22:59:36.009+0900][2.774s][info][gc,metaspace] GC(6) Metaspace: 328K(512K)->328K(512K) NonClass: 313K(384K)->313K(384K) Class: 15K(128K)->15K(128K)
[2026-03-27T22:59:36.009+0900][2.774s][info][gc          ] GC(6) Pause Young (Allocation Failure) 65M->4M(234M) 2.894ms
[2026-03-27T22:59:36.009+0900][2.774s][info][gc,cpu      ] GC(6) User=0.00s Sys=0.00s Real=0.00s
[2026-03-27T22:59:36.375+0900][3.138s][info][gc,start    ] GC(7) Pause Young (Allocation Failure)
[2026-03-27T22:59:36.375+0900][3.139s][info][gc,heap     ] GC(7) PSYoungGen: 64228K(65024K)->4128K(65024K) Eden: 61124K(61440K)->0K(60416K) From: 3104K(3584K)->4128K(4608K)
[2026-03-27T22:59:36.375+0900][3.139s][info][gc,heap     ] GC(7) ParOldGen: 1833K(175104K)->2865K(175104K)
[2026-03-27T22:59:36.375+0900][3.139s][info][gc,metaspace] GC(7) Metaspace: 328K(512K)->328K(512K) NonClass: 313K(384K)->313K(384K) Class: 15K(128K)->15K(128K)
[2026-03-27T22:59:36.375+0900][3.139s][info][gc          ] GC(7) Pause Young (Allocation Failure) 64M->6M(234M) 1.259ms
[2026-03-27T22:59:36.375+0900][3.139s][info][gc,cpu      ] GC(7) User=0.00s Sys=0.00s Real=0.00s
[2026-03-27T22:59:36.744+0900][3.507s][info][gc,start    ] GC(8) Pause Young (Allocation Failure)
[2026-03-27T22:59:36.744+0900][3.509s][info][gc,heap     ] GC(8) PSYoungGen: 64210K(65024K)->4128K(64000K) Eden: 60082K(60416K)->0K(59392K) From: 4128K(4608K)->4128K(4608K)
[2026-03-27T22:59:36.744+0900][3.509s][info][gc,heap     ] GC(8) ParOldGen: 2865K(175104K)->3897K(175104K)
[2026-03-27T22:59:36.744+0900][3.509s][info][gc,metaspace] GC(8) Metaspace: 329K(512K)->329K(512K) NonClass: 314K(384K)->314K(384K) Class: 15K(128K)->15K(128K)
[2026-03-27T22:59:36.744+0900][3.509s][info][gc          ] GC(8) Pause Young (Allocation Failure) 65M->7M(233M) 1.641ms
[2026-03-27T22:59:36.744+0900][3.509s][info][gc,cpu      ] GC(8) User=0.00s Sys=0.00s Real=0.00s
[2026-03-27T22:59:37.110+0900][3.873s][info][gc,start    ] GC(9) Pause Young (Allocation Failure)
[2026-03-27T22:59:37.110+0900][3.874s][info][gc,heap     ] GC(9) PSYoungGen: 63167K(64000K)->3104K(62464K) Eden: 59039K(59392K)->0K(58368K) From: 4128K(4608K)->3104K(4096K)
[2026-03-27T22:59:37.110+0900][3.874s][info][gc,heap     ] GC(9) ParOldGen: 3897K(175104K)->4929K(175104K)
[2026-03-27T22:59:37.110+0900][3.874s][info][gc,metaspace] GC(9) Metaspace: 329K(512K)->329K(512K) NonClass: 314K(384K)->314K(384K) Class: 15K(128K)->15K(128K)
[2026-03-27T22:59:37.110+0900][3.874s][info][gc          ] GC(9) Pause Young (Allocation Failure) 65M->7M(232M) 1.400ms
[2026-03-27T22:59:37.110+0900][3.874s][info][gc,cpu      ] GC(9) User=0.00s Sys=0.00s Real=0.00s
[2026-03-27T22:59:37.476+0900][4.239s][info][gc,start    ] GC(10) Pause Young (Allocation Failure)
[2026-03-27T22:59:37.476+0900][4.241s][info][gc,heap     ] GC(10) PSYoungGen: 61100K(62464K)->1056K(58880K) Eden: 57996K(58368K)->0K(57344K) From: 3104K(4096K)->1056K(1536K)
[2026-03-27T22:59:37.476+0900][4.241s][info][gc,heap     ] GC(10) ParOldGen: 4929K(175104K)->5961K(175104K)
[2026-03-27T22:59:37.476+0900][4.241s][info][gc,metaspace] GC(10) Metaspace: 329K(512K)->329K(512K) NonClass: 314K(384K)->314K(384K) Class: 15K(128K)->15K(128K)
[2026-03-27T22:59:37.476+0900][4.241s][info][gc          ] GC(10) Pause Young (Allocation Failure) 64M->6M(228M) 1.811ms
[2026-03-27T22:59:37.476+0900][4.241s][info][gc,cpu      ] GC(10) User=0.00s Sys=0.00s Real=0.00s
[2026-03-27T22:59:37.826+0900][4.589s][info][gc,start    ] GC(11) Pause Young (Allocation Failure)
[2026-03-27T22:59:37.826+0900][4.590s][info][gc,heap     ] GC(11) PSYoungGen: 58008K(58880K)->544K(61440K) Eden: 56952K(57344K)->0K(56320K) From: 1056K(1536K)->544K(5120K)
[2026-03-27T22:59:37.826+0900][4.590s][info][gc,heap     ] GC(11) ParOldGen: 5961K(175104K)->6993K(175104K)
[2026-03-27T22:59:37.826+0900][4.590s][info][gc,metaspace] GC(11) Metaspace: 329K(512K)->329K(512K) NonClass: 314K(384K)->314K(384K) Class: 15K(128K)->15K(128K)
[2026-03-27T22:59:37.826+0900][4.590s][info][gc          ] GC(11) Pause Young (Allocation Failure) 62M->7M(231M) 1.231ms
[2026-03-27T22:59:37.826+0900][4.590s][info][gc,cpu      ] GC(11) User=0.00s Sys=0.00s Real=0.00s
[2026-03-27T22:59:38.159+0900][4.923s][info][gc,start    ] GC(12) Pause Young (Allocation Failure)
[2026-03-27T22:59:38.159+0900][4.924s][info][gc,heap     ] GC(12) PSYoungGen: 56452K(61440K)->2592K(58368K) Eden: 55908K(56320K)->0K(55296K) From: 544K(5120K)->2592K(3072K)
[2026-03-27T22:59:38.159+0900][4.924s][info][gc,heap     ] GC(12) ParOldGen: 6993K(175104K)->6993K(175104K)
[2026-03-27T22:59:38.159+0900][4.924s][info][gc,metaspace] GC(12) Metaspace: 329K(512K)->329K(512K) NonClass: 314K(384K)->314K(384K) Class: 15K(128K)->15K(128K)
[2026-03-27T22:59:38.159+0900][4.924s][info][gc          ] GC(12) Pause Young (Allocation Failure) 61M->9M(228M) 1.727ms
[2026-03-27T22:59:38.159+0900][4.924s][info][gc,cpu      ] GC(12) User=0.00s Sys=0.00s Real=0.00s
[2026-03-27T22:59:38.526+0900][5.288s][info][gc,start    ] GC(13) Pause Young (Allocation Failure)
[2026-03-27T22:59:38.526+0900][5.290s][info][gc,heap     ] GC(13) PSYoungGen: 57456K(58368K)->32K(59392K) Eden: 54864K(55296K)->0K(54272K) From: 2592K(3072K)->32K(5120K)
[2026-03-27T22:59:38.526+0900][5.290s][info][gc,heap     ] GC(13) ParOldGen: 6993K(175104K)->8025K(175104K)
[2026-03-27T22:59:38.526+0900][5.290s][info][gc,metaspace] GC(13) Metaspace: 329K(512K)->329K(512K) NonClass: 314K(384K)->314K(384K) Class: 15K(128K)->15K(128K)
[2026-03-27T22:59:38.526+0900][5.290s][info][gc          ] GC(13) Pause Young (Allocation Failure) 62M->7M(229M) 1.442ms
[2026-03-27T22:59:38.526+0900][5.290s][info][gc,cpu      ] GC(13) User=0.00s Sys=0.00s Real=0.00s
[2026-03-27T22:59:38.859+0900][5.622s][info][gc,start    ] GC(14) Pause Young (Allocation Failure)
[2026-03-27T22:59:38.859+0900][5.623s][info][gc,heap     ] GC(14) PSYoungGen: 53852K(59392K)->32K(53760K) Eden: 53820K(54272K)->0K(53248K) From: 32K(5120K)->32K(512K)
[2026-03-27T22:59:38.859+0900][5.623s][info][gc,heap     ] GC(14) ParOldGen: 8025K(175104K)->8025K(175104K)
[2026-03-27T22:59:38.859+0900][5.623s][info][gc,metaspace] GC(14) Metaspace: 329K(512K)->329K(512K) NonClass: 314K(384K)->314K(384K) Class: 15K(128K)->15K(128K)
[2026-03-27T22:59:38.859+0900][5.623s][info][gc          ] GC(14) Pause Young (Allocation Failure) 60M->7M(223M) 0.790ms
[2026-03-27T22:59:38.859+0900][5.623s][info][gc,cpu      ] GC(14) User=0.00s Sys=0.00s Real=0.00s
[2026-03-27T22:59:39.171+0900][5.934s][info][gc,start    ] GC(15) Pause Young (Allocation Failure)
[2026-03-27T22:59:39.171+0900][5.935s][info][gc,heap     ] GC(15) PSYoungGen: 52808K(53760K)->1568K(57344K) Eden: 52776K(53248K)->0K(52224K) From: 32K(512K)->1568K(5120K)
[2026-03-27T22:59:39.171+0900][5.935s][info][gc,heap     ] GC(15) ParOldGen: 8025K(175104K)->8025K(175104K)
[2026-03-27T22:59:39.171+0900][5.935s][info][gc,metaspace] GC(15) Metaspace: 329K(512K)->329K(512K) NonClass: 314K(384K)->314K(384K) Class: 15K(128K)->15K(128K)
[2026-03-27T22:59:39.171+0900][5.935s][info][gc          ] GC(15) Pause Young (Allocation Failure) 59M->9M(227M) 1.054ms
[2026-03-27T22:59:39.171+0900][5.935s][info][gc,cpu      ] GC(15) User=0.00s Sys=0.00s Real=0.00s
[2026-03-27T22:59:39.481+0900][6.244s][info][gc,start    ] GC(16) Pause Young (Allocation Failure)
[2026-03-27T22:59:39.483+0900][6.245s][info][gc,heap     ] GC(16) PSYoungGen: 53792K(57344K)->1056K(52736K) Eden: 52224K(52224K)->0K(51200K) From: 1568K(5120K)->1056K(1536K)
[2026-03-27T22:59:39.483+0900][6.245s][info][gc,heap     ] GC(16) ParOldGen: 8025K(175104K)->9057K(175104K)
[2026-03-27T22:59:39.483+0900][6.245s][info][gc,metaspace] GC(16) Metaspace: 329K(512K)->329K(512K) NonClass: 314K(384K)->314K(384K) Class: 15K(128K)->15K(128K)
[2026-03-27T22:59:39.483+0900][6.245s][info][gc          ] GC(16) Pause Young (Allocation Failure) 60M->9M(222M) 1.362ms
[2026-03-27T22:59:39.483+0900][6.245s][info][gc,cpu      ] GC(16) User=0.00s Sys=0.00s Real=0.00s
[2026-03-27T22:59:39.768+0900][6.531s][info][gc,start    ] GC(17) Pause Young (Allocation Failure)
[2026-03-27T22:59:39.768+0900][6.532s][info][gc,heap     ] GC(17) PSYoungGen: 51744K(52736K)->2592K(54784K) Eden: 50688K(51200K)->0K(50176K) From: 1056K(1536K)->2592K(4608K)
[2026-03-27T22:59:39.768+0900][6.532s][info][gc,heap     ] GC(17) ParOldGen: 9057K(175104K)->9057K(175104K)
[2026-03-27T22:59:39.768+0900][6.532s][info][gc,metaspace] GC(17) Metaspace: 329K(512K)->329K(512K) NonClass: 314K(384K)->314K(384K) Class: 15K(128K)->15K(128K)
[2026-03-27T22:59:39.768+0900][6.532s][info][gc          ] GC(17) Pause Young (Allocation Failure) 59M->11M(224M) 1.289ms
[2026-03-27T22:59:39.768+0900][6.532s][info][gc,cpu      ] GC(17) User=0.00s Sys=0.00s Real=0.00s
[2026-03-27T22:59:40.085+0900][6.848s][info][gc,start    ] GC(18) Pause Young (Allocation Failure)
[2026-03-27T22:59:40.085+0900][6.849s][info][gc,heap     ] GC(18) PSYoungGen: 52745K(54784K)->32K(49664K) Eden: 50152K(50176K)->0K(49152K) From: 2592K(4608K)->32K(512K)
[2026-03-27T22:59:40.085+0900][6.849s][info][gc,heap     ] GC(18) ParOldGen: 9057K(175104K)->10089K(175104K)
[2026-03-27T22:59:40.085+0900][6.849s][info][gc,metaspace] GC(18) Metaspace: 329K(512K)->329K(512K) NonClass: 314K(384K)->314K(384K) Class: 15K(128K)->15K(128K)
[2026-03-27T22:59:40.085+0900][6.849s][info][gc          ] GC(18) Pause Young (Allocation Failure) 60M->9M(219M) 1.039ms
[2026-03-27T22:59:40.085+0900][6.849s][info][gc,cpu      ] GC(18) User=0.00s Sys=0.00s Real=0.00s
[2026-03-27T22:59:40.382+0900][7.145s][info][gc,start    ] GC(19) Pause Young (Allocation Failure)
[2026-03-27T22:59:40.382+0900][7.145s][info][gc,heap     ] GC(19) PSYoungGen: 49138K(49664K)->32K(52736K) Eden: 49106K(49152K)->0K(48128K) From: 32K(512K)->32K(4608K)
[2026-03-27T22:59:40.382+0900][7.145s][info][gc,heap     ] GC(19) ParOldGen: 10089K(175104K)->10089K(175104K)
[2026-03-27T22:59:40.382+0900][7.146s][info][gc,metaspace] GC(19) Metaspace: 329K(512K)->329K(512K) NonClass: 314K(384K)->314K(384K) Class: 15K(128K)->15K(128K)
[2026-03-27T22:59:40.382+0900][7.146s][info][gc          ] GC(19) Pause Young (Allocation Failure) 57M->9M(222M) 0.873ms
[2026-03-27T22:59:40.383+0900][7.146s][info][gc,cpu      ] GC(19) User=0.00s Sys=0.00s Real=0.00s
[2026-03-27T22:59:40.688+0900][7.451s][info][gc,start    ] GC(20) Pause Young (Allocation Failure)
[2026-03-27T22:59:40.689+0900][7.452s][info][gc,heap     ] GC(20) PSYoungGen: 48093K(52736K)->1568K(49664K) Eden: 48061K(48128K)->0K(47616K) From: 32K(4608K)->1568K(2048K)
[2026-03-27T22:59:40.689+0900][7.452s][info][gc,heap     ] GC(20) ParOldGen: 10089K(175104K)->10089K(175104K)
[2026-03-27T22:59:40.689+0900][7.452s][info][gc,metaspace] GC(20) Metaspace: 329K(512K)->329K(512K) NonClass: 314K(384K)->314K(384K) Class: 15K(128K)->15K(128K)
[2026-03-27T22:59:40.689+0900][7.452s][info][gc          ] GC(20) Pause Young (Allocation Failure) 56M->11M(219M) 1.094ms
[2026-03-27T22:59:40.689+0900][7.452s][info][gc,cpu      ] GC(20) User=0.00s Sys=0.00s Real=0.00s
[2026-03-27T22:59:40.982+0900][7.745s][info][gc,start    ] GC(21) Pause Young (Allocation Failure)
[2026-03-27T22:59:40.982+0900][7.747s][info][gc,heap     ] GC(21) PSYoungGen: 49106K(49664K)->1568K(51712K) Eden: 47538K(47616K)->0K(47104K) From: 1568K(2048K)->1568K(4608K)
[2026-03-27T22:59:40.982+0900][7.747s][info][gc,heap     ] GC(21) ParOldGen: 10089K(175104K)->11121K(175104K)
[2026-03-27T22:59:40.982+0900][7.747s][info][gc,metaspace] GC(21) Metaspace: 329K(512K)->329K(512K) NonClass: 314K(384K)->314K(384K) Class: 15K(128K)->15K(128K)
[2026-03-27T22:59:40.982+0900][7.747s][info][gc          ] GC(21) Pause Young (Allocation Failure) 57M->12M(221M) 1.889ms
[2026-03-27T22:59:40.982+0900][7.747s][info][gc,cpu      ] GC(21) User=0.00s Sys=0.00s Real=0.00s
[2026-03-27T22:59:41.275+0900][8.038s][info][gc,start    ] GC(22) Pause Young (Allocation Failure)
[2026-03-27T22:59:41.276+0900][8.039s][info][gc,heap     ] GC(22) PSYoungGen: 48583K(51712K)->2080K(49152K) Eden: 47015K(47104K)->0K(46592K) From: 1568K(4608K)->2080K(2560K)
[2026-03-27T22:59:41.276+0900][8.039s][info][gc,heap     ] GC(22) ParOldGen: 11121K(175104K)->11121K(175104K)
[2026-03-27T22:59:41.276+0900][8.039s][info][gc,metaspace] GC(22) Metaspace: 329K(512K)->329K(512K) NonClass: 314K(384K)->314K(384K) Class: 15K(128K)->15K(128K)
[2026-03-27T22:59:41.276+0900][8.039s][info][gc          ] GC(22) Pause Young (Allocation Failure) 58M->12M(219M) 0.955ms
[2026-03-27T22:59:41.276+0900][8.039s][info][gc,cpu      ] GC(22) User=0.00s Sys=0.00s Real=0.00s
[2026-03-27T22:59:41.575+0900][8.338s][info][gc,start    ] GC(23) Pause Young (Allocation Failure)
[2026-03-27T22:59:41.578+0900][8.340s][info][gc,heap     ] GC(23) PSYoungGen: 48573K(49152K)->1056K(49664K) Eden: 46493K(46592K)->0K(46080K) From: 2080K(2560K)->1056K(3584K)
[2026-03-27T22:59:41.578+0900][8.340s][info][gc,heap     ] GC(23) ParOldGen: 11121K(175104K)->12153K(175104K)
[2026-03-27T22:59:41.578+0900][8.340s][info][gc,metaspace] GC(23) Metaspace: 329K(512K)->329K(512K) NonClass: 314K(384K)->314K(384K) Class: 15K(128K)->15K(128K)
[2026-03-27T22:59:41.578+0900][8.340s][info][gc          ] GC(23) Pause Young (Allocation Failure) 58M->12M(219M) 1.835ms
[2026-03-27T22:59:41.578+0900][8.340s][info][gc,cpu      ] GC(23) User=0.00s Sys=0.00s Real=0.00s
[2026-03-27T22:59:41.884+0900][8.647s][info][gc,start    ] GC(24) Pause Young (Allocation Failure)
[2026-03-27T22:59:41.884+0900][8.648s][info][gc,heap     ] GC(24) PSYoungGen: 47027K(49664K)->544K(46592K) Eden: 45971K(46080K)->0K(45568K) From: 1056K(3584K)->544K(1024K)
[2026-03-27T22:59:41.884+0900][8.648s][info][gc,heap     ] GC(24) ParOldGen: 12153K(175104K)->12153K(175104K)
[2026-03-27T22:59:41.884+0900][8.648s][info][gc,metaspace] GC(24) Metaspace: 329K(512K)->329K(512K) NonClass: 314K(384K)->314K(384K) Class: 15K(128K)->15K(128K)
[2026-03-27T22:59:41.884+0900][8.648s][info][gc          ] GC(24) Pause Young (Allocation Failure) 57M->12M(216M) 0.617ms
[2026-03-27T22:59:41.884+0900][8.648s][info][gc,cpu      ] GC(24) User=0.00s Sys=0.00s Real=0.00s
[2026-03-27T22:59:42.190+0900][8.953s][info][gc,start    ] GC(25) Pause Young (Allocation Failure)
[2026-03-27T22:59:42.190+0900][8.954s][info][gc,heap     ] GC(25) PSYoungGen: 45992K(46592K)->2080K(49152K) Eden: 45448K(45568K)->0K(45056K) From: 544K(1024K)->2080K(4096K)
[2026-03-27T22:59:42.190+0900][8.954s][info][gc,heap     ] GC(25) ParOldGen: 12153K(175104K)->12161K(175104K)
[2026-03-27T22:59:42.190+0900][8.954s][info][gc,metaspace] GC(25) Metaspace: 329K(512K)->329K(512K) NonClass: 314K(384K)->314K(384K) Class: 15K(128K)->15K(128K)
[2026-03-27T22:59:42.190+0900][8.954s][info][gc          ] GC(25) Pause Young (Allocation Failure) 56M->13M(219M) 1.291ms
[2026-03-27T22:59:42.190+0900][8.954s][info][gc,cpu      ] GC(25) User=0.00s Sys=0.00s Real=0.00s
[2026-03-27T22:59:42.461+0900][9.225s][info][gc,start    ] GC(26) Pause Young (Allocation Failure)
[2026-03-27T22:59:42.461+0900][9.227s][info][gc,heap     ] GC(26) PSYoungGen: 47006K(49152K)->2080K(47104K) Eden: 44926K(45056K)->0K(44544K) From: 2080K(4096K)->2080K(2560K)
[2026-03-27T22:59:42.461+0900][9.227s][info][gc,heap     ] GC(26) ParOldGen: 12161K(175104K)->13193K(175104K)
[2026-03-27T22:59:42.461+0900][9.227s][info][gc,metaspace] GC(26) Metaspace: 329K(512K)->329K(512K) NonClass: 314K(384K)->314K(384K) Class: 15K(128K)->15K(128K)
[2026-03-27T22:59:42.461+0900][9.227s][info][gc          ] GC(26) Pause Young (Allocation Failure) 57M->14M(217M) 2.000ms
[2026-03-27T22:59:42.461+0900][9.227s][info][gc,cpu      ] GC(26) User=0.00s Sys=0.00s Real=0.00s
[2026-03-27T22:59:42.754+0900][9.517s][info][gc,start    ] GC(27) Pause Young (Allocation Failure)
[2026-03-27T22:59:42.754+0900][9.518s][info][gc,heap     ] GC(27) PSYoungGen: 46484K(47104K)->32K(48128K) Eden: 44404K(44544K)->0K(44032K) From: 2080K(2560K)->32K(4096K)
[2026-03-27T22:59:42.754+0900][9.518s][info][gc,heap     ] GC(27) ParOldGen: 13193K(175104K)->13193K(175104K)
[2026-03-27T22:59:42.754+0900][9.518s][info][gc,metaspace] GC(27) Metaspace: 329K(512K)->329K(512K) NonClass: 314K(384K)->314K(384K) Class: 15K(128K)->15K(128K)
[2026-03-27T22:59:42.754+0900][9.518s][info][gc          ] GC(27) Pause Young (Allocation Failure) 58M->12M(218M) 0.608ms
[2026-03-27T22:59:42.754+0900][9.518s][info][gc,cpu      ] GC(27) User=0.00s Sys=0.00s Real=0.00s
[2026-03-27T22:59:43.301+0900][10.064s][info][gc,start    ] GC(28) Pause Young (Allocation Failure)
[2026-03-27T22:59:43.301+0900][10.066s][info][gc,heap     ] GC(28) PSYoungGen: 43914K(48128K)->2592K(46592K) Eden: 43882K(44032K)->0K(43520K) From: 32K(4096K)->2592K(3072K)
[2026-03-27T22:59:43.301+0900][10.066s][info][gc,heap     ] GC(28) ParOldGen: 13193K(175104K)->13193K(175104K)
[2026-03-27T22:59:43.301+0900][10.066s][info][gc,metaspace] GC(28) Metaspace: 329K(512K)->329K(512K) NonClass: 314K(384K)->314K(384K) Class: 15K(128K)->15K(128K)
[2026-03-27T22:59:43.301+0900][10.066s][info][gc          ] GC(28) Pause Young (Allocation Failure) 55M->15M(216M) 1.286ms
[2026-03-27T22:59:43.301+0900][10.066s][info][gc,cpu      ] GC(28) User=0.00s Sys=0.00s Real=0.00s
[2026-03-27T22:59:43.568+0900][10.331s][info][gc,start    ] GC(29) Pause Young (Allocation Failure)
[2026-03-27T22:59:43.568+0900][10.332s][info][gc,heap     ] GC(29) PSYoungGen: 45952K(46592K)->1056K(47104K) Eden: 43360K(43520K)->0K(43008K) From: 2592K(3072K)->1056K(4096K)
[2026-03-27T22:59:43.568+0900][10.332s][info][gc,heap     ] GC(29) ParOldGen: 13193K(175104K)->14225K(175104K)
[2026-03-27T22:59:43.568+0900][10.332s][info][gc,metaspace] GC(29) Metaspace: 329K(512K)->329K(512K) NonClass: 314K(384K)->314K(384K) Class: 15K(128K)->15K(128K)
[2026-03-27T22:59:43.568+0900][10.333s][info][gc          ] GC(29) Pause Young (Allocation Failure) 57M->14M(217M) 1.475ms
[2026-03-27T22:59:43.568+0900][10.333s][info][gc,cpu      ] GC(29) User=0.00s Sys=0.00s Real=0.00s
[2026-03-27T22:59:43.851+0900][10.614s][info][gc,start    ] GC(30) Pause Young (Allocation Failure)
[2026-03-27T22:59:43.851+0900][10.614s][info][gc,heap     ] GC(30) PSYoungGen: 43894K(47104K)->32K(43008K) Eden: 42838K(43008K)->0K(42496K) From: 1056K(4096K)->32K(512K)
[2026-03-27T22:59:43.851+0900][10.614s][info][gc,heap     ] GC(30) ParOldGen: 14225K(175104K)->14225K(175104K)
[2026-03-27T22:59:43.851+0900][10.614s][info][gc,metaspace] GC(30) Metaspace: 329K(512K)->329K(512K) NonClass: 314K(384K)->314K(384K) Class: 15K(128K)->15K(128K)
[2026-03-27T22:59:43.851+0900][10.614s][info][gc          ] GC(30) Pause Young (Allocation Failure) 56M->13M(213M) 0.704ms
[2026-03-27T22:59:43.851+0900][10.615s][info][gc,cpu      ] GC(30) User=0.00s Sys=0.00s Real=0.00s
[2026-03-27T22:59:44.106+0900][10.869s][info][gc,start    ] GC(31) Pause Young (Allocation Failure)
[2026-03-27T22:59:44.106+0900][10.870s][info][gc,heap     ] GC(31) PSYoungGen: 42348K(43008K)->1056K(45056K) Eden: 42316K(42496K)->0K(41984K) From: 32K(512K)->1056K(3072K)
[2026-03-27T22:59:44.106+0900][10.870s][info][gc,heap     ] GC(31) ParOldGen: 14225K(175104K)->14225K(175104K)
[2026-03-27T22:59:44.106+0900][10.870s][info][gc,metaspace] GC(31) Metaspace: 329K(512K)->329K(512K) NonClass: 314K(384K)->314K(384K) Class: 15K(128K)->15K(128K)
[2026-03-27T22:59:44.106+0900][10.870s][info][gc          ] GC(31) Pause Young (Allocation Failure) 55M->14M(215M) 1.061ms
[2026-03-27T22:59:44.106+0900][10.870s][info][gc,cpu      ] GC(31) User=0.00s Sys=0.00s Real=0.00s
[2026-03-27T22:59:44.374+0900][11.137s][info][gc,start    ] GC(32) Pause Young (Allocation Failure)
[2026-03-27T22:59:44.375+0900][11.138s][info][gc,heap     ] GC(32) PSYoungGen: 42850K(45056K)->544K(42496K) Eden: 41794K(41984K)->0K(41472K) From: 1056K(3072K)->544K(1024K)
[2026-03-27T22:59:44.375+0900][11.138s][info][gc,heap     ] GC(32) ParOldGen: 14225K(175104K)->15257K(175104K)
[2026-03-27T22:59:44.376+0900][11.138s][info][gc,metaspace] GC(32) Metaspace: 329K(512K)->329K(512K) NonClass: 314K(384K)->314K(384K) Class: 15K(128K)->15K(128K)
[2026-03-27T22:59:44.376+0900][11.139s][info][gc          ] GC(32) Pause Young (Allocation Failure) 55M->15M(212M) 1.312ms
[2026-03-27T22:59:44.376+0900][11.139s][info][gc,cpu      ] GC(32) User=0.00s Sys=0.00s Real=0.00s
[2026-03-27T22:59:44.638+0900][11.401s][info][gc,start    ] GC(33) Pause Young (Allocation Failure)
[2026-03-27T22:59:44.638+0900][11.401s][info][gc,heap     ] GC(33) PSYoungGen: 41816K(42496K)->544K(44544K) Eden: 41272K(41472K)->0K(40960K) From: 544K(1024K)->544K(3584K)
[2026-03-27T22:59:44.639+0900][11.401s][info][gc,heap     ] GC(33) ParOldGen: 15257K(175104K)->15257K(175104K)
[2026-03-27T22:59:44.639+0900][11.401s][info][gc,metaspace] GC(33) Metaspace: 329K(512K)->329K(512K) NonClass: 314K(384K)->314K(384K) Class: 15K(128K)->15K(128K)
[2026-03-27T22:59:44.639+0900][11.401s][info][gc          ] GC(33) Pause Young (Allocation Failure) 55M->15M(214M) 0.534ms
[2026-03-27T22:59:44.639+0900][11.401s][info][gc,cpu      ] GC(33) User=0.00s Sys=0.00s Real=0.00s
[2026-03-27T22:59:44.894+0900][11.657s][info][gc,start    ] GC(34) Pause Young (Allocation Failure)
[2026-03-27T22:59:44.895+0900][11.658s][info][gc,heap     ] GC(34) PSYoungGen: 41294K(44544K)->2592K(43520K) Eden: 40750K(40960K)->0K(40448K) From: 544K(3584K)->2592K(3072K)
[2026-03-27T22:59:44.895+0900][11.658s][info][gc,heap     ] GC(34) ParOldGen: 15257K(175104K)->15257K(175104K)
[2026-03-27T22:59:44.895+0900][11.658s][info][gc,metaspace] GC(34) Metaspace: 329K(512K)->329K(512K) NonClass: 314K(384K)->314K(384K) Class: 15K(128K)->15K(128K)
[2026-03-27T22:59:44.895+0900][11.659s][info][gc          ] GC(34) Pause Young (Allocation Failure) 55M->17M(213M) 1.363ms
[2026-03-27T22:59:44.895+0900][11.659s][info][gc,cpu      ] GC(34) User=0.00s Sys=0.00s Real=0.00s
[2026-03-27T22:59:45.158+0900][11.921s][info][gc,start    ] GC(35) Pause Young (Allocation Failure)
[2026-03-27T22:59:45.159+0900][11.922s][info][gc,heap     ] GC(35) PSYoungGen: 42820K(43520K)->544K(43520K) Eden: 40228K(40448K)->0K(39936K) From: 2592K(3072K)->544K(3584K)
[2026-03-27T22:59:45.160+0900][11.922s][info][gc,heap     ] GC(35) ParOldGen: 15257K(175104K)->16289K(175104K)
[2026-03-27T22:59:45.160+0900][11.922s][info][gc,metaspace] GC(35) Metaspace: 329K(512K)->329K(512K) NonClass: 314K(384K)->314K(384K) Class: 15K(128K)->15K(128K)
[2026-03-27T22:59:45.160+0900][11.922s][info][gc          ] GC(35) Pause Young (Allocation Failure) 56M->16M(213M) 1.192ms
[2026-03-27T22:59:45.160+0900][11.922s][info][gc,cpu      ] GC(35) User=0.00s Sys=0.00s Real=0.00s
[2026-03-27T22:59:45.408+0900][12.171s][info][gc,start    ] GC(36) Pause Young (Allocation Failure)
[2026-03-27T22:59:45.409+0900][12.172s][info][gc,heap     ] GC(36) PSYoungGen: 40250K(43520K)->1568K(41472K) Eden: 39706K(39936K)->0K(39424K) From: 544K(3584K)->1568K(2048K)
[2026-03-27T22:59:45.409+0900][12.172s][info][gc,heap     ] GC(36) ParOldGen: 16289K(175104K)->16289K(175104K)
[2026-03-27T22:59:45.409+0900][12.172s][info][gc,metaspace] GC(36) Metaspace: 329K(512K)->329K(512K) NonClass: 314K(384K)->314K(384K) Class: 15K(128K)->15K(128K)
[2026-03-27T22:59:45.409+0900][12.172s][info][gc          ] GC(36) Pause Young (Allocation Failure) 55M->17M(211M) 1.110ms
[2026-03-27T22:59:45.409+0900][12.172s][info][gc,cpu      ] GC(36) User=0.00s Sys=0.00s Real=0.00s
[2026-03-27T22:59:45.660+0900][12.422s][info][gc,start    ] GC(37) Pause Young (Allocation Failure)
[2026-03-27T22:59:45.661+0900][12.423s][info][gc,heap     ] GC(37) PSYoungGen: 40752K(41472K)->2080K(42496K) Eden: 39184K(39424K)->0K(38912K) From: 1568K(2048K)->2080K(3584K)
[2026-03-27T22:59:45.661+0900][12.423s][info][gc,heap     ] GC(37) ParOldGen: 16289K(175104K)->16289K(175104K)
[2026-03-27T22:59:45.661+0900][12.423s][info][gc,metaspace] GC(37) Metaspace: 329K(512K)->329K(512K) NonClass: 314K(384K)->314K(384K) Class: 15K(128K)->15K(128K)
[2026-03-27T22:59:45.661+0900][12.423s][info][gc          ] GC(37) Pause Young (Allocation Failure) 55M->17M(212M) 1.255ms
[2026-03-27T22:59:45.661+0900][12.423s][info][gc,cpu      ] GC(37) User=0.00s Sys=0.00s Real=0.00s
[2026-03-27T22:59:45.908+0900][12.671s][info][gc,start    ] GC(38) Pause Young (Allocation Failure)
[2026-03-27T22:59:45.909+0900][12.672s][info][gc,heap     ] GC(38) PSYoungGen: 40742K(42496K)->2080K(40960K) Eden: 38661K(38912K)->0K(38400K) From: 2080K(3584K)->2080K(2560K)
[2026-03-27T22:59:45.909+0900][12.672s][info][gc,heap     ] GC(38) ParOldGen: 16289K(175104K)->16289K(175104K)
[2026-03-27T22:59:45.909+0900][12.672s][info][gc,metaspace] GC(38) Metaspace: 329K(512K)->329K(512K) NonClass: 314K(384K)->314K(384K) Class: 15K(128K)->15K(128K)
[2026-03-27T22:59:45.909+0900][12.672s][info][gc          ] GC(38) Pause Young (Allocation Failure) 55M->17M(211M) 1.144ms
[2026-03-27T22:59:45.910+0900][12.672s][info][gc,cpu      ] GC(38) User=0.00s Sys=0.00s Real=0.00s
[2026-03-27T22:59:46.160+0900][12.924s][info][gc,start    ] GC(39) Pause Young (Allocation Failure)
[2026-03-27T22:59:46.160+0900][12.925s][info][gc,heap     ] GC(39) PSYoungGen: 40219K(40960K)->544K(41472K) Eden: 38139K(38400K)->0K(37888K) From: 2080K(2560K)->544K(3584K)
[2026-03-27T22:59:46.160+0900][12.925s][info][gc,heap     ] GC(39) ParOldGen: 16289K(175104K)->17321K(175104K)
[2026-03-27T22:59:46.160+0900][12.925s][info][gc,metaspace] GC(39) Metaspace: 329K(512K)->329K(512K) NonClass: 314K(384K)->314K(384K) Class: 15K(128K)->15K(128K)
[2026-03-27T22:59:46.160+0900][12.925s][info][gc          ] GC(39) Pause Young (Allocation Failure) 55M->17M(211M) 1.227ms
[2026-03-27T22:59:46.160+0900][12.925s][info][gc,cpu      ] GC(39) User=0.00s Sys=0.00s Real=0.00s
[2026-03-27T22:59:46.392+0900][13.155s][info][gc,start    ] GC(40) Pause Young (Allocation Failure)
[2026-03-27T22:59:46.393+0900][13.156s][info][gc,heap     ] GC(40) PSYoungGen: 38161K(41472K)->2080K(39936K) Eden: 37617K(37888K)->0K(37376K) From: 544K(3584K)->2080K(2560K)
[2026-03-27T22:59:46.393+0900][13.156s][info][gc,heap     ] GC(40) ParOldGen: 17321K(175104K)->17321K(175104K)
[2026-03-27T22:59:46.393+0900][13.156s][info][gc,metaspace] GC(40) Metaspace: 329K(512K)->329K(512K) NonClass: 314K(384K)->314K(384K) Class: 15K(128K)->15K(128K)
[2026-03-27T22:59:46.393+0900][13.156s][info][gc          ] GC(40) Pause Young (Allocation Failure) 54M->18M(210M) 1.233ms
[2026-03-27T22:59:46.393+0900][13.156s][info][gc,cpu      ] GC(40) User=0.00s Sys=0.00s Real=0.00s
[2026-03-27T22:59:46.625+0900][13.388s][info][gc,start    ] GC(41) Pause Young (Allocation Failure)
[2026-03-27T22:59:46.626+0900][13.389s][info][gc,heap     ] GC(41) PSYoungGen: 39175K(39936K)->3104K(40960K) Eden: 37095K(37376K)->0K(36864K) From: 2080K(2560K)->3104K(4096K)
[2026-03-27T22:59:46.626+0900][13.389s][info][gc,heap     ] GC(41) ParOldGen: 17321K(175104K)->17321K(175104K)
[2026-03-27T22:59:46.626+0900][13.389s][info][gc,metaspace] GC(41) Metaspace: 329K(512K)->329K(512K) NonClass: 314K(384K)->314K(384K) Class: 15K(128K)->15K(128K)
[2026-03-27T22:59:46.626+0900][13.389s][info][gc          ] GC(41) Pause Young (Allocation Failure) 55M->19M(211M) 1.181ms
[2026-03-27T22:59:46.626+0900][13.389s][info][gc,cpu      ] GC(41) User=0.00s Sys=0.00s Real=0.00s
[2026-03-27T22:59:46.875+0900][13.638s][info][gc,start    ] GC(42) Pause Young (Allocation Failure)
[2026-03-27T22:59:46.876+0900][13.639s][info][gc,heap     ] GC(42) PSYoungGen: 39677K(40960K)->32K(36864K) Eden: 36573K(36864K)->0K(36352K) From: 3104K(4096K)->32K(512K)
[2026-03-27T22:59:46.876+0900][13.639s][info][gc,heap     ] GC(42) ParOldGen: 17321K(175104K)->18353K(175104K)
[2026-03-27T22:59:46.876+0900][13.639s][info][gc,metaspace] GC(42) Metaspace: 329K(512K)->329K(512K) NonClass: 314K(384K)->314K(384K) Class: 15K(128K)->15K(128K)
[2026-03-27T22:59:46.876+0900][13.639s][info][gc          ] GC(42) Pause Young (Allocation Failure) 55M->17M(207M) 1.105ms
[2026-03-27T22:59:46.876+0900][13.639s][info][gc,cpu      ] GC(42) User=0.00s Sys=0.00s Real=0.00s
[2026-03-27T22:59:47.109+0900][13.871s][info][gc,start    ] GC(43) Pause Young (Allocation Failure)
[2026-03-27T22:59:47.109+0900][13.872s][info][gc,heap     ] GC(43) PSYoungGen: 36083K(36864K)->32K(39936K) Eden: 36051K(36352K)->0K(35840K) From: 32K(512K)->32K(4096K)
[2026-03-27T22:59:47.109+0900][13.872s][info][gc,heap     ] GC(43) ParOldGen: 18353K(175104K)->18353K(175104K)
[2026-03-27T22:59:47.110+0900][13.872s][info][gc,metaspace] GC(43) Metaspace: 329K(512K)->329K(512K) NonClass: 314K(384K)->314K(384K) Class: 15K(128K)->15K(128K)
[2026-03-27T22:59:47.110+0900][13.872s][info][gc          ] GC(43) Pause Young (Allocation Failure) 53M->17M(210M) 0.652ms
[2026-03-27T22:59:47.110+0900][13.872s][info][gc,cpu      ] GC(43) User=0.00s Sys=0.00s Real=0.00s
[2026-03-27T22:59:47.325+0900][14.089s][info][gc,start    ] GC(44) Pause Young (Allocation Failure)
[2026-03-27T22:59:47.327+0900][14.090s][info][gc,heap     ] GC(44) PSYoungGen: 35561K(39936K)->2080K(37888K) Eden: 35529K(35840K)->0K(35328K) From: 32K(4096K)->2080K(2560K)
[2026-03-27T22:59:47.327+0900][14.090s][info][gc,heap     ] GC(44) ParOldGen: 18353K(175104K)->18353K(175104K)
[2026-03-27T22:59:47.327+0900][14.090s][info][gc,metaspace] GC(44) Metaspace: 329K(512K)->329K(512K) NonClass: 314K(384K)->314K(384K) Class: 15K(128K)->15K(128K)
[2026-03-27T22:59:47.327+0900][14.090s][info][gc          ] GC(44) Pause Young (Allocation Failure) 52M->19M(208M) 1.366ms
[2026-03-27T22:59:47.327+0900][14.090s][info][gc,cpu      ] GC(44) User=0.00s Sys=0.00s Real=0.00s
[2026-03-27T22:59:47.558+0900][14.320s][info][gc,start    ] GC(45) Pause Young (Allocation Failure)
[2026-03-27T22:59:47.559+0900][14.322s][info][gc,heap     ] GC(45) PSYoungGen: 37087K(37888K)->1056K(37888K) Eden: 35007K(35328K)->0K(34816K) From: 2080K(2560K)->1056K(3072K)
[2026-03-27T22:59:47.559+0900][14.322s][info][gc,heap     ] GC(45) ParOldGen: 18353K(175104K)->18353K(175104K)
[2026-03-27T22:59:47.559+0900][14.322s][info][gc,metaspace] GC(45) Metaspace: 329K(512K)->329K(512K) NonClass: 314K(384K)->314K(384K) Class: 15K(128K)->15K(128K)
[2026-03-27T22:59:47.559+0900][14.322s][info][gc          ] GC(45) Pause Young (Allocation Failure) 54M->18M(208M) 1.326ms
[2026-03-27T22:59:47.559+0900][14.322s][info][gc,cpu      ] GC(45) User=0.02s Sys=0.00s Real=0.00s
[2026-03-27T22:59:47.774+0900][14.537s][info][gc,start    ] GC(46) Pause Young (Allocation Failure)
[2026-03-27T22:59:47.776+0900][14.539s][info][gc,heap     ] GC(46) PSYoungGen: 35541K(37888K)->1056K(35840K) Eden: 34485K(34816K)->0K(34304K) From: 1056K(3072K)->1056K(1536K)
[2026-03-27T22:59:47.776+0900][14.539s][info][gc,heap     ] GC(46) ParOldGen: 18353K(175104K)->19385K(175104K)
[2026-03-27T22:59:47.776+0900][14.539s][info][gc,metaspace] GC(46) Metaspace: 329K(512K)->329K(512K) NonClass: 314K(384K)->314K(384K) Class: 15K(128K)->15K(128K)
[2026-03-27T22:59:47.776+0900][14.539s][info][gc          ] GC(46) Pause Young (Allocation Failure) 52M->19M(206M) 1.724ms
[2026-03-27T22:59:47.776+0900][14.539s][info][gc,cpu      ] GC(46) User=0.00s Sys=0.00s Real=0.00s
[2026-03-27T22:59:47.975+0900][14.738s][info][gc,start    ] GC(47) Pause Young (Allocation Failure)
[2026-03-27T22:59:47.976+0900][14.739s][info][gc,heap     ] GC(47) PSYoungGen: 35019K(35840K)->1568K(36352K) Eden: 33963K(34304K)->0K(33792K) From: 1056K(1536K)->1568K(2560K)
[2026-03-27T22:59:47.976+0900][14.739s][info][gc,heap     ] GC(47) ParOldGen: 19385K(175104K)->19385K(175104K)
[2026-03-27T22:59:47.976+0900][14.739s][info][gc,metaspace] GC(47) Metaspace: 329K(512K)->329K(512K) NonClass: 314K(384K)->314K(384K) Class: 15K(128K)->15K(128K)
[2026-03-27T22:59:47.976+0900][14.739s][info][gc          ] GC(47) Pause Young (Allocation Failure) 53M->20M(206M) 1.226ms
[2026-03-27T22:59:47.976+0900][14.739s][info][gc,cpu      ] GC(47) User=0.00s Sys=0.00s Real=0.00s
[2026-03-27T22:59:48.202+0900][14.965s][info][gc,start    ] GC(48) Pause Young (Allocation Failure)
[2026-03-27T22:59:48.202+0900][14.967s][info][gc,heap     ] GC(48) PSYoungGen: 35009K(36352K)->1568K(35328K) Eden: 33441K(33792K)->0K(33280K) From: 1568K(2560K)->1568K(2048K)
[2026-03-27T22:59:48.202+0900][14.967s][info][gc,heap     ] GC(48) ParOldGen: 19385K(175104K)->19385K(175104K)
[2026-03-27T22:59:48.202+0900][14.967s][info][gc,metaspace] GC(48) Metaspace: 329K(512K)->329K(512K) NonClass: 314K(384K)->314K(384K) Class: 15K(128K)->15K(128K)
[2026-03-27T22:59:48.202+0900][14.967s][info][gc          ] GC(48) Pause Young (Allocation Failure) 53M->20M(205M) 1.617ms
[2026-03-27T22:59:48.202+0900][14.967s][info][gc,cpu      ] GC(48) User=0.00s Sys=0.00s Real=0.00s
[2026-03-27T22:59:48.425+0900][15.188s][info][gc,start    ] GC(49) Pause Young (Allocation Failure)
[2026-03-27T22:59:48.426+0900][15.189s][info][gc,heap     ] GC(49) PSYoungGen: 34487K(35328K)->32K(35840K) Eden: 32919K(33280K)->0K(32768K) From: 1568K(2048K)->32K(3072K)
[2026-03-27T22:59:48.426+0900][15.189s][info][gc,heap     ] GC(49) ParOldGen: 19385K(175104K)->20417K(175104K)
[2026-03-27T22:59:48.426+0900][15.189s][info][gc,metaspace] GC(49) Metaspace: 329K(512K)->329K(512K) NonClass: 314K(384K)->314K(384K) Class: 15K(128K)->15K(128K)
[2026-03-27T22:59:48.426+0900][15.189s][info][gc          ] GC(49) Pause Young (Allocation Failure) 52M->19M(206M) 1.373ms
[2026-03-27T22:59:48.426+0900][15.189s][info][gc,cpu      ] GC(49) User=0.00s Sys=0.00s Real=0.00s
[2026-03-27T22:59:48.625+0900][15.389s][info][gc,start    ] GC(50) Pause Young (Allocation Failure)
[2026-03-27T22:59:48.626+0900][15.389s][info][gc,heap     ] GC(50) PSYoungGen: 32429K(35840K)->1568K(34304K) Eden: 32397K(32768K)->0K(32256K) From: 32K(3072K)->1568K(2048K)
[2026-03-27T22:59:48.626+0900][15.390s][info][gc,heap     ] GC(50) ParOldGen: 20417K(175104K)->20417K(175104K)
[2026-03-27T22:59:48.626+0900][15.390s][info][gc,metaspace] GC(50) Metaspace: 329K(512K)->329K(512K) NonClass: 314K(384K)->314K(384K) Class: 15K(128K)->15K(128K)
[2026-03-27T22:59:48.626+0900][15.390s][info][gc          ] GC(50) Pause Young (Allocation Failure) 51M->21M(204M) 1.115ms
[2026-03-27T22:59:48.626+0900][15.390s][info][gc,cpu      ] GC(50) User=0.00s Sys=0.00s Real=0.00s
[2026-03-27T22:59:48.836+0900][15.599s][info][gc,start    ] GC(51) Pause Young (Allocation Failure)
[2026-03-27T22:59:48.836+0900][15.599s][info][gc,heap     ] GC(51) PSYoungGen: 33443K(34304K)->32K(34816K) Eden: 31875K(32256K)->0K(31744K) From: 1568K(2048K)->32K(3072K)
[2026-03-27T22:59:48.836+0900][15.599s][info][gc,heap     ] GC(51) ParOldGen: 20417K(175104K)->20417K(175104K)
[2026-03-27T22:59:48.836+0900][15.599s][info][gc,metaspace] GC(51) Metaspace: 329K(512K)->329K(512K) NonClass: 314K(384K)->314K(384K) Class: 15K(128K)->15K(128K)
[2026-03-27T22:59:48.836+0900][15.599s][info][gc          ] GC(51) Pause Young (Allocation Failure) 52M->19M(205M) 0.537ms
[2026-03-27T22:59:48.836+0900][15.599s][info][gc,cpu      ] GC(51) User=0.00s Sys=0.00s Real=0.00s
[2026-03-27T22:59:49.024+0900][15.787s][info][gc,start    ] GC(52) Pause Young (Allocation Failure)
[2026-03-27T22:59:49.024+0900][15.787s][info][gc,heap     ] GC(52) PSYoungGen: 30873K(34816K)->32K(31744K) Eden: 30841K(31744K)->0K(31232K) From: 32K(3072K)->32K(512K)
[2026-03-27T22:59:49.024+0900][15.787s][info][gc,heap     ] GC(52) ParOldGen: 20417K(175104K)->20417K(175104K)
[2026-03-27T22:59:49.024+0900][15.787s][info][gc,metaspace] GC(52) Metaspace: 329K(512K)->329K(512K) NonClass: 314K(384K)->314K(384K) Class: 15K(128K)->15K(128K)
[2026-03-27T22:59:49.024+0900][15.787s][info][gc          ] GC(52) Pause Young (Allocation Failure) 50M->19M(202M) 0.725ms
[2026-03-27T22:59:49.024+0900][15.787s][info][gc,cpu      ] GC(52) User=0.00s Sys=0.00s Real=0.00s
[2026-03-27T22:59:49.243+0900][16.005s][info][gc,start    ] GC(53) Pause Young (Allocation Failure)
[2026-03-27T22:59:49.244+0900][16.006s][info][gc,heap     ] GC(53) PSYoungGen: 30863K(31744K)->2592K(34304K) Eden: 30831K(31232K)->0K(30720K) From: 32K(512K)->2592K(3584K)
[2026-03-27T22:59:49.244+0900][16.006s][info][gc,heap     ] GC(53) ParOldGen: 20417K(175104K)->20425K(175104K)
[2026-03-27T22:59:49.244+0900][16.006s][info][gc,metaspace] GC(53) Metaspace: 329K(512K)->329K(512K) NonClass: 314K(384K)->314K(384K) Class: 15K(128K)->15K(128K)
[2026-03-27T22:59:49.244+0900][16.006s][info][gc          ] GC(53) Pause Young (Allocation Failure) 50M->22M(204M) 1.268ms
[2026-03-27T22:59:49.244+0900][16.007s][info][gc,cpu      ] GC(53) User=0.00s Sys=0.00s Real=0.00s
[2026-03-27T22:59:49.440+0900][16.203s][info][gc,start    ] GC(54) Pause Young (Allocation Failure)
[2026-03-27T22:59:49.441+0900][16.204s][info][gc,heap     ] GC(54) PSYoungGen: 32901K(34304K)->1056K(32256K) Eden: 30308K(30720K)->0K(30720K) From: 2592K(3584K)->1056K(1536K)
[2026-03-27T22:59:49.441+0900][16.204s][info][gc,heap     ] GC(54) ParOldGen: 20425K(175104K)->21449K(175104K)
[2026-03-27T22:59:49.441+0900][16.204s][info][gc,metaspace] GC(54) Metaspace: 329K(512K)->329K(512K) NonClass: 314K(384K)->314K(384K) Class: 15K(128K)->15K(128K)
[2026-03-27T22:59:49.441+0900][16.204s][info][gc          ] GC(54) Pause Young (Allocation Failure) 52M->21M(202M) 1.083ms
[2026-03-27T22:59:49.441+0900][16.204s][info][gc,cpu      ] GC(54) User=0.00s Sys=0.00s Real=0.00s
[2026-03-27T22:59:49.652+0900][16.414s][info][gc,start    ] GC(55) Pause Young (Allocation Failure)
[2026-03-27T22:59:49.652+0900][16.415s][info][gc,heap     ] GC(55) PSYoungGen: 31365K(32256K)->544K(34304K) Eden: 30309K(30720K)->0K(30720K) From: 1056K(1536K)->544K(3584K)
[2026-03-27T22:59:49.652+0900][16.415s][info][gc,heap     ] GC(55) ParOldGen: 21449K(175104K)->21449K(175104K)
[2026-03-27T22:59:49.652+0900][16.415s][info][gc,metaspace] GC(55) Metaspace: 329K(512K)->329K(512K) NonClass: 314K(384K)->314K(384K) Class: 15K(128K)->15K(128K)
[2026-03-27T22:59:49.653+0900][16.415s][info][gc          ] GC(55) Pause Young (Allocation Failure) 51M->21M(204M) 0.771ms
[2026-03-27T22:59:49.653+0900][16.415s][info][gc,cpu      ] GC(55) User=0.00s Sys=0.00s Real=0.00s
[2026-03-27T22:59:49.861+0900][16.623s][info][gc,start    ] GC(56) Pause Young (Allocation Failure)
[2026-03-27T22:59:49.861+0900][16.624s][info][gc,heap     ] GC(56) PSYoungGen: 30853K(34304K)->32K(34304K) Eden: 30309K(30720K)->0K(30720K) From: 544K(3584K)->32K(3584K)
[2026-03-27T22:59:49.862+0900][16.624s][info][gc,heap     ] GC(56) ParOldGen: 21449K(175104K)->21449K(175104K)
[2026-03-27T22:59:49.862+0900][16.624s][info][gc,metaspace] GC(56) Metaspace: 329K(512K)->329K(512K) NonClass: 314K(384K)->314K(384K) Class: 15K(128K)->15K(128K)
[2026-03-27T22:59:49.862+0900][16.624s][info][gc          ] GC(56) Pause Young (Allocation Failure) 51M->20M(204M) 0.743ms
[2026-03-27T22:59:49.862+0900][16.624s][info][gc,cpu      ] GC(56) User=0.00s Sys=0.00s Real=0.00s
[2026-03-27T22:59:50.091+0900][16.854s][info][gc,start    ] GC(57) Pause Young (Allocation Failure)
[2026-03-27T22:59:50.092+0900][16.855s][info][gc,heap     ] GC(57) PSYoungGen: 30341K(34304K)->2080K(34304K) Eden: 30309K(30720K)->0K(30720K) From: 32K(3584K)->2080K(3584K)
[2026-03-27T22:59:50.092+0900][16.855s][info][gc,heap     ] GC(57) ParOldGen: 21449K(175104K)->21449K(175104K)
[2026-03-27T22:59:50.092+0900][16.855s][info][gc,metaspace] GC(57) Metaspace: 329K(512K)->329K(512K) NonClass: 314K(384K)->314K(384K) Class: 15K(128K)->15K(128K)
[2026-03-27T22:59:50.092+0900][16.855s][info][gc          ] GC(57) Pause Young (Allocation Failure) 50M->22M(204M) 1.128ms
[2026-03-27T22:59:50.092+0900][16.856s][info][gc,cpu      ] GC(57) User=0.00s Sys=0.00s Real=0.00s
[2026-03-27T22:59:50.340+0900][17.102s][info][gc,start    ] GC(58) Pause Young (Allocation Failure)
[2026-03-27T22:59:50.341+0900][17.103s][info][gc,heap     ] GC(58) PSYoungGen: 32389K(34304K)->544K(34304K) Eden: 30309K(30720K)->0K(30720K) From: 2080K(3584K)->544K(3584K)
[2026-03-27T22:59:50.341+0900][17.103s][info][gc,heap     ] GC(58) ParOldGen: 21449K(175104K)->22481K(175104K)
[2026-03-27T22:59:50.341+0900][17.103s][info][gc,metaspace] GC(58) Metaspace: 329K(512K)->329K(512K) NonClass: 314K(384K)->314K(384K) Class: 15K(128K)->15K(128K)
[2026-03-27T22:59:50.341+0900][17.104s][info][gc          ] GC(58) Pause Young (Allocation Failure) 52M->22M(204M) 1.192ms
[2026-03-27T22:59:50.341+0900][17.104s][info][gc,cpu      ] GC(58) User=0.00s Sys=0.02s Real=0.00s
[2026-03-27T22:59:50.595+0900][17.358s][info][gc,start    ] GC(59) Pause Young (Allocation Failure)
[2026-03-27T22:59:50.595+0900][17.358s][info][gc,heap     ] GC(59) PSYoungGen: 30853K(34304K)->32K(34304K) Eden: 30309K(30720K)->0K(30720K) From: 544K(3584K)->32K(3584K)
[2026-03-27T22:59:50.595+0900][17.358s][info][gc,heap     ] GC(59) ParOldGen: 22481K(175104K)->22481K(175104K)
[2026-03-27T22:59:50.595+0900][17.358s][info][gc,metaspace] GC(59) Metaspace: 329K(512K)->329K(512K) NonClass: 314K(384K)->314K(384K) Class: 15K(128K)->15K(128K)
[2026-03-27T22:59:50.595+0900][17.358s][info][gc          ] GC(59) Pause Young (Allocation Failure) 52M->21M(204M) 0.648ms
[2026-03-27T22:59:50.596+0900][17.358s][info][gc,cpu      ] GC(59) User=0.00s Sys=0.00s Real=0.00s
[2026-03-27T22:59:50.810+0900][17.573s][info][gc,start    ] GC(60) Pause Young (Allocation Failure)
[2026-03-27T22:59:50.811+0900][17.574s][info][gc,heap     ] GC(60) PSYoungGen: 30341K(34304K)->2080K(34304K) Eden: 30309K(30720K)->0K(30720K) From: 32K(3584K)->2080K(3584K)
[2026-03-27T22:59:50.811+0900][17.574s][info][gc,heap     ] GC(60) ParOldGen: 22481K(175104K)->22481K(175104K)
[2026-03-27T22:59:50.811+0900][17.574s][info][gc,metaspace] GC(60) Metaspace: 329K(512K)->329K(512K) NonClass: 314K(384K)->314K(384K) Class: 15K(128K)->15K(128K)
[2026-03-27T22:59:50.811+0900][17.574s][info][gc          ] GC(60) Pause Young (Allocation Failure) 51M->23M(204M) 1.301ms
[2026-03-27T22:59:50.811+0900][17.574s][info][gc,cpu      ] GC(60) User=0.00s Sys=0.00s Real=0.00s
[2026-03-27T22:59:51.039+0900][17.802s][info][gc,start    ] GC(61) Pause Young (Allocation Failure)
[2026-03-27T22:59:51.040+0900][17.803s][info][gc,heap     ] GC(61) PSYoungGen: 32389K(34304K)->1568K(34304K) Eden: 30309K(30720K)->0K(30720K) From: 2080K(3584K)->1568K(3584K)
[2026-03-27T22:59:51.040+0900][17.803s][info][gc,heap     ] GC(61) ParOldGen: 22481K(175104K)->22481K(175104K)
[2026-03-27T22:59:51.040+0900][17.803s][info][gc,metaspace] GC(61) Metaspace: 329K(512K)->329K(512K) NonClass: 314K(384K)->314K(384K) Class: 15K(128K)->15K(128K)
[2026-03-27T22:59:51.040+0900][17.803s][info][gc          ] GC(61) Pause Young (Allocation Failure) 53M->23M(204M) 1.059ms
[2026-03-27T22:59:51.040+0900][17.803s][info][gc,cpu      ] GC(61) User=0.00s Sys=0.00s Real=0.00s
[2026-03-27T22:59:51.277+0900][18.040s][info][gc,start    ] GC(62) Pause Young (Allocation Failure)
[2026-03-27T22:59:51.278+0900][18.041s][info][gc,heap     ] GC(62) PSYoungGen: 31877K(34304K)->32K(34304K) Eden: 30309K(30720K)->0K(30720K) From: 1568K(3584K)->32K(3584K)
[2026-03-27T22:59:51.278+0900][18.041s][info][gc,heap     ] GC(62) ParOldGen: 22481K(175104K)->23513K(175104K)
[2026-03-27T22:59:51.278+0900][18.041s][info][gc,metaspace] GC(62) Metaspace: 329K(512K)->329K(512K) NonClass: 314K(384K)->314K(384K) Class: 15K(128K)->15K(128K)
[2026-03-27T22:59:51.278+0900][18.041s][info][gc          ] GC(62) Pause Young (Allocation Failure) 53M->22M(204M) 1.259ms
[2026-03-27T22:59:51.278+0900][18.041s][info][gc,cpu      ] GC(62) User=0.02s Sys=0.00s Real=0.00s
[2026-03-27T22:59:51.506+0900][18.268s][info][gc,start    ] GC(63) Pause Young (Allocation Failure)
[2026-03-27T22:59:51.506+0900][18.269s][info][gc,heap     ] GC(63) PSYoungGen: 30341K(34304K)->2080K(34304K) Eden: 30309K(30720K)->0K(30720K) From: 32K(3584K)->2080K(3584K)
[2026-03-27T22:59:51.506+0900][18.269s][info][gc,heap     ] GC(63) ParOldGen: 23513K(175104K)->23513K(175104K)
[2026-03-27T22:59:51.506+0900][18.269s][info][gc,metaspace] GC(63) Metaspace: 329K(512K)->329K(512K) NonClass: 314K(384K)->314K(384K) Class: 15K(128K)->15K(128K)
[2026-03-27T22:59:51.506+0900][18.269s][info][gc          ] GC(63) Pause Young (Allocation Failure) 52M->24M(204M) 0.924ms
[2026-03-27T22:59:51.506+0900][18.269s][info][gc,cpu      ] GC(63) User=0.00s Sys=0.00s Real=0.00s
[2026-03-27T22:59:51.709+0900][18.472s][info][gc,start    ] GC(64) Pause Young (Allocation Failure)
[2026-03-27T22:59:51.710+0900][18.473s][info][gc,heap     ] GC(64) PSYoungGen: 32389K(34304K)->1568K(34304K) Eden: 30309K(30720K)->0K(30720K) From: 2080K(3584K)->1568K(3584K)
[2026-03-27T22:59:51.711+0900][18.473s][info][gc,heap     ] GC(64) ParOldGen: 23513K(175104K)->23513K(175104K)
[2026-03-27T22:59:51.711+0900][18.473s][info][gc,metaspace] GC(64) Metaspace: 329K(512K)->329K(512K) NonClass: 314K(384K)->314K(384K) Class: 15K(128K)->15K(128K)
[2026-03-27T22:59:51.711+0900][18.473s][info][gc          ] GC(64) Pause Young (Allocation Failure) 54M->24M(204M) 1.161ms
[2026-03-27T22:59:51.711+0900][18.473s][info][gc,cpu      ] GC(64) User=0.00s Sys=0.00s Real=0.00s
[2026-03-27T22:59:51.939+0900][18.702s][info][gc,start    ] GC(65) Pause Young (Allocation Failure)
[2026-03-27T22:59:51.940+0900][18.703s][info][gc,heap     ] GC(65) PSYoungGen: 31877K(34304K)->1056K(34304K) Eden: 30309K(30720K)->0K(30720K) From: 1568K(3584K)->1056K(3584K)
[2026-03-27T22:59:51.940+0900][18.703s][info][gc,heap     ] GC(65) ParOldGen: 23513K(175104K)->23513K(175104K)
[2026-03-27T22:59:51.940+0900][18.703s][info][gc,metaspace] GC(65) Metaspace: 329K(512K)->329K(512K) NonClass: 314K(384K)->314K(384K) Class: 15K(128K)->15K(128K)
[2026-03-27T22:59:51.940+0900][18.703s][info][gc          ] GC(65) Pause Young (Allocation Failure) 54M->23M(204M) 0.918ms
[2026-03-27T22:59:51.940+0900][18.703s][info][gc,cpu      ] GC(65) User=0.00s Sys=0.00s Real=0.00s
[2026-03-27T22:59:52.126+0900][18.889s][info][gc,start    ] GC(66) Pause Young (Allocation Failure)
[2026-03-27T22:59:52.128+0900][18.890s][info][gc,heap     ] GC(66) PSYoungGen: 31365K(34304K)->2080K(34304K) Eden: 30309K(30720K)->0K(30720K) From: 1056K(3584K)->2080K(3584K)
[2026-03-27T22:59:52.128+0900][18.890s][info][gc,heap     ] GC(66) ParOldGen: 23513K(175104K)->24546K(175104K)
[2026-03-27T22:59:52.128+0900][18.890s][info][gc,metaspace] GC(66) Metaspace: 329K(512K)->329K(512K) NonClass: 314K(384K)->314K(384K) Class: 15K(128K)->15K(128K)
[2026-03-27T22:59:52.128+0900][18.890s][info][gc          ] GC(66) Pause Young (Allocation Failure) 53M->26M(204M) 1.868ms
[2026-03-27T22:59:52.128+0900][18.890s][info][gc,cpu      ] GC(66) User=0.00s Sys=0.00s Real=0.00s
[2026-03-27T22:59:52.367+0900][19.130s][info][gc,start    ] GC(67) Pause Young (Allocation Failure)
[2026-03-27T22:59:52.367+0900][19.131s][info][gc,heap     ] GC(67) PSYoungGen: 32389K(34304K)->1568K(34304K) Eden: 30309K(30720K)->0K(30720K) From: 2080K(3584K)->1568K(3584K)
[2026-03-27T22:59:52.367+0900][19.131s][info][gc,heap     ] GC(67) ParOldGen: 24546K(175104K)->24546K(175104K)
[2026-03-27T22:59:52.367+0900][19.131s][info][gc,metaspace] GC(67) Metaspace: 329K(512K)->329K(512K) NonClass: 314K(384K)->314K(384K) Class: 15K(128K)->15K(128K)
[2026-03-27T22:59:52.367+0900][19.131s][info][gc          ] GC(67) Pause Young (Allocation Failure) 55M->25M(204M) 0.810ms
[2026-03-27T22:59:52.367+0900][19.131s][info][gc,cpu      ] GC(67) User=0.00s Sys=0.00s Real=0.00s
[2026-03-27T22:59:52.581+0900][19.345s][info][gc,start    ] GC(68) Pause Young (Allocation Failure)
[2026-03-27T22:59:52.583+0900][19.345s][info][gc,heap     ] GC(68) PSYoungGen: 31877K(34304K)->1056K(34304K) Eden: 30309K(30720K)->0K(30720K) From: 1568K(3584K)->1056K(3584K)
[2026-03-27T22:59:52.583+0900][19.345s][info][gc,heap     ] GC(68) ParOldGen: 24546K(175104K)->24546K(175104K)
[2026-03-27T22:59:52.583+0900][19.345s][info][gc,metaspace] GC(68) Metaspace: 329K(512K)->329K(512K) NonClass: 314K(384K)->314K(384K) Class: 15K(128K)->15K(128K)
[2026-03-27T22:59:52.583+0900][19.345s][info][gc          ] GC(68) Pause Young (Allocation Failure) 55M->25M(204M) 0.566ms
[2026-03-27T22:59:52.583+0900][19.345s][info][gc,cpu      ] GC(68) User=0.00s Sys=0.00s Real=0.00s
[2026-03-27T22:59:52.806+0900][19.569s][info][gc,start    ] GC(69) Pause Young (Allocation Failure)
[2026-03-27T22:59:52.806+0900][19.569s][info][gc,heap     ] GC(69) PSYoungGen: 31365K(34304K)->544K(33280K) Eden: 30309K(30720K)->0K(30720K) From: 1056K(3584K)->544K(2560K)
[2026-03-27T22:59:52.806+0900][19.569s][info][gc,heap     ] GC(69) ParOldGen: 24546K(175104K)->24546K(175104K)
[2026-03-27T22:59:52.806+0900][19.569s][info][gc,metaspace] GC(69) Metaspace: 329K(512K)->329K(512K) NonClass: 314K(384K)->314K(384K) Class: 15K(128K)->15K(128K)
[2026-03-27T22:59:52.806+0900][19.569s][info][gc          ] GC(69) Pause Young (Allocation Failure) 54M->24M(203M) 0.568ms
[2026-03-27T22:59:52.806+0900][19.569s][info][gc,cpu      ] GC(69) User=0.00s Sys=0.00s Real=0.00s
[2026-03-27T22:59:53.013+0900][19.776s][info][gc,start    ] GC(70) Pause Young (Allocation Failure)
[2026-03-27T22:59:53.015+0900][19.777s][info][gc,heap     ] GC(70) PSYoungGen: 30853K(33280K)->2592K(33792K) Eden: 30309K(30720K)->0K(30720K) From: 544K(2560K)->2592K(3072K)
[2026-03-27T22:59:53.015+0900][19.777s][info][gc,heap     ] GC(70) ParOldGen: 24546K(175104K)->24546K(175104K)
[2026-03-27T22:59:53.015+0900][19.777s][info][gc,metaspace] GC(70) Metaspace: 329K(512K)->329K(512K) NonClass: 314K(384K)->314K(384K) Class: 15K(128K)->15K(128K)
[2026-03-27T22:59:53.015+0900][19.777s][info][gc          ] GC(70) Pause Young (Allocation Failure) 54M->26M(204M) 1.347ms
[2026-03-27T22:59:53.015+0900][19.777s][info][gc,cpu      ] GC(70) User=0.00s Sys=0.00s Real=0.00s
[2026-03-27T22:59:53.229+0900][19.992s][info][gc,start    ] GC(71) Pause Young (Allocation Failure)
[2026-03-27T22:59:53.230+0900][19.993s][info][gc,heap     ] GC(71) PSYoungGen: 32901K(33792K)->1056K(34304K) Eden: 30309K(30720K)->0K(30720K) From: 2592K(3072K)->1056K(3584K)
[2026-03-27T22:59:53.230+0900][19.993s][info][gc,heap     ] GC(71) ParOldGen: 24546K(175104K)->25578K(175104K)
[2026-03-27T22:59:53.231+0900][19.993s][info][gc,metaspace] GC(71) Metaspace: 329K(512K)->329K(512K) NonClass: 314K(384K)->314K(384K) Class: 15K(128K)->15K(128K)
[2026-03-27T22:59:53.231+0900][19.993s][info][gc          ] GC(71) Pause Young (Allocation Failure) 56M->26M(204M) 1.085ms
[2026-03-27T22:59:53.231+0900][19.993s][info][gc,cpu      ] GC(71) User=0.00s Sys=0.00s Real=0.00s
[2026-03-27T22:59:53.458+0900][20.221s][info][gc,start    ] GC(72) Pause Young (Allocation Failure)
[2026-03-27T22:59:53.459+0900][20.222s][info][gc,heap     ] GC(72) PSYoungGen: 31365K(34304K)->544K(34304K) Eden: 30309K(30720K)->0K(30720K) From: 1056K(3584K)->544K(3584K)
[2026-03-27T22:59:53.459+0900][20.222s][info][gc,heap     ] GC(72) ParOldGen: 25578K(175104K)->25578K(175104K)
[2026-03-27T22:59:53.459+0900][20.222s][info][gc,metaspace] GC(72) Metaspace: 329K(512K)->329K(512K) NonClass: 314K(384K)->314K(384K) Class: 15K(128K)->15K(128K)
[2026-03-27T22:59:53.459+0900][20.222s][info][gc          ] GC(72) Pause Young (Allocation Failure) 55M->25M(204M) 0.656ms
[2026-03-27T22:59:53.459+0900][20.222s][info][gc,cpu      ] GC(72) User=0.00s Sys=0.00s Real=0.00s
[2026-03-27T22:59:53.692+0900][20.457s][info][gc,start    ] GC(73) Pause Young (Allocation Failure)
[2026-03-27T22:59:53.692+0900][20.457s][info][gc,heap     ] GC(73) PSYoungGen: 30853K(34304K)->32K(34304K) Eden: 30309K(30720K)->0K(30720K) From: 544K(3584K)->32K(3584K)
[2026-03-27T22:59:53.692+0900][20.457s][info][gc,heap     ] GC(73) ParOldGen: 25578K(175104K)->25578K(175104K)
[2026-03-27T22:59:53.692+0900][20.457s][info][gc,metaspace] GC(73) Metaspace: 329K(512K)->329K(512K) NonClass: 314K(384K)->314K(384K) Class: 15K(128K)->15K(128K)
[2026-03-27T22:59:53.692+0900][20.457s][info][gc          ] GC(73) Pause Young (Allocation Failure) 55M->25M(204M) 0.563ms
[2026-03-27T22:59:53.692+0900][20.457s][info][gc,cpu      ] GC(73) User=0.00s Sys=0.00s Real=0.00s
[2026-03-27T22:59:53.876+0900][20.639s][info][gc,start    ] GC(74) Pause Young (Allocation Failure)
[2026-03-27T22:59:53.877+0900][20.640s][info][gc,heap     ] GC(74) PSYoungGen: 30341K(34304K)->2080K(34304K) Eden: 30309K(30720K)->0K(30720K) From: 32K(3584K)->2080K(3584K)
[2026-03-27T22:59:53.877+0900][20.640s][info][gc,heap     ] GC(74) ParOldGen: 25578K(175104K)->25578K(175104K)
[2026-03-27T22:59:53.877+0900][20.640s][info][gc,metaspace] GC(74) Metaspace: 329K(512K)->329K(512K) NonClass: 314K(384K)->314K(384K) Class: 15K(128K)->15K(128K)
[2026-03-27T22:59:53.877+0900][20.640s][info][gc          ] GC(74) Pause Young (Allocation Failure) 54M->27M(204M) 1.438ms
[2026-03-27T22:59:53.877+0900][20.640s][info][gc,cpu      ] GC(74) User=0.00s Sys=0.00s Real=0.00s
[2026-03-27T22:59:54.073+0900][20.836s][info][gc,start    ] GC(75) Pause Young (Allocation Failure)
[2026-03-27T22:59:54.075+0900][20.837s][info][gc,heap     ] GC(75) PSYoungGen: 32389K(34304K)->544K(34304K) Eden: 30309K(30720K)->0K(30720K) From: 2080K(3584K)->544K(3584K)
[2026-03-27T22:59:54.075+0900][20.837s][info][gc,heap     ] GC(75) ParOldGen: 25578K(175104K)->26610K(175104K)
[2026-03-27T22:59:54.075+0900][20.837s][info][gc,metaspace] GC(75) Metaspace: 329K(512K)->329K(512K) NonClass: 314K(384K)->314K(384K) Class: 15K(128K)->15K(128K)
[2026-03-27T22:59:54.075+0900][20.837s][info][gc          ] GC(75) Pause Young (Allocation Failure) 56M->26M(204M) 0.971ms
[2026-03-27T22:59:54.075+0900][20.837s][info][gc,cpu      ] GC(75) User=0.00s Sys=0.02s Real=0.00s
[2026-03-27T22:59:54.277+0900][21.040s][info][gc,start    ] GC(76) Pause Young (Allocation Failure)
[2026-03-27T22:59:54.277+0900][21.041s][info][gc,heap     ] GC(76) PSYoungGen: 30853K(34304K)->32K(34304K) Eden: 30309K(30720K)->0K(30720K) From: 544K(3584K)->32K(3584K)
[2026-03-27T22:59:54.277+0900][21.041s][info][gc,heap     ] GC(76) ParOldGen: 26610K(175104K)->26610K(175104K)
[2026-03-27T22:59:54.277+0900][21.041s][info][gc,metaspace] GC(76) Metaspace: 329K(512K)->329K(512K) NonClass: 314K(384K)->314K(384K) Class: 15K(128K)->15K(128K)
[2026-03-27T22:59:54.277+0900][21.041s][info][gc          ] GC(76) Pause Young (Allocation Failure) 56M->26M(204M) 0.666ms
[2026-03-27T22:59:54.277+0900][21.041s][info][gc,cpu      ] GC(76) User=0.00s Sys=0.00s Real=0.00s
[2026-03-27T22:59:54.456+0900][21.218s][info][gc,start    ] GC(77) Pause Young (Allocation Failure)
[2026-03-27T22:59:54.456+0900][21.219s][info][gc,heap     ] GC(77) PSYoungGen: 30341K(34304K)->2080K(34304K) Eden: 30309K(30720K)->0K(30720K) From: 32K(3584K)->2080K(3584K)
[2026-03-27T22:59:54.456+0900][21.219s][info][gc,heap     ] GC(77) ParOldGen: 26610K(175104K)->26610K(175104K)
[2026-03-27T22:59:54.456+0900][21.219s][info][gc,metaspace] GC(77) Metaspace: 329K(512K)->329K(512K) NonClass: 314K(384K)->314K(384K) Class: 15K(128K)->15K(128K)
[2026-03-27T22:59:54.456+0900][21.219s][info][gc          ] GC(77) Pause Young (Allocation Failure) 55M->28M(204M) 1.059ms
[2026-03-27T22:59:54.456+0900][21.219s][info][gc,cpu      ] GC(77) User=0.00s Sys=0.00s Real=0.00s
[2026-03-27T22:59:54.685+0900][21.448s][info][gc,start    ] GC(78) Pause Young (Allocation Failure)
[2026-03-27T22:59:54.686+0900][21.449s][info][gc,heap     ] GC(78) PSYoungGen: 32389K(34304K)->1568K(34304K) Eden: 30309K(30720K)->0K(30720K) From: 2080K(3584K)->1568K(3584K)
[2026-03-27T22:59:54.686+0900][21.449s][info][gc,heap     ] GC(78) ParOldGen: 26610K(175104K)->26610K(175104K)
[2026-03-27T22:59:54.686+0900][21.449s][info][gc,metaspace] GC(78) Metaspace: 329K(512K)->329K(512K) NonClass: 314K(384K)->314K(384K) Class: 15K(128K)->15K(128K)
[2026-03-27T22:59:54.686+0900][21.449s][info][gc          ] GC(78) Pause Young (Allocation Failure) 57M->27M(204M) 0.909ms
[2026-03-27T22:59:54.686+0900][21.449s][info][gc,cpu      ] GC(78) User=0.00s Sys=0.00s Real=0.00s
[2026-03-27T22:59:54.888+0900][21.651s][info][gc,start    ] GC(79) Pause Young (Allocation Failure)
[2026-03-27T22:59:54.889+0900][21.652s][info][gc,heap     ] GC(79) PSYoungGen: 31877K(34304K)->32K(34304K) Eden: 30309K(30720K)->0K(30720K) From: 1568K(3584K)->32K(3584K)
[2026-03-27T22:59:54.889+0900][21.652s][info][gc,heap     ] GC(79) ParOldGen: 26610K(175104K)->27642K(175104K)
[2026-03-27T22:59:54.889+0900][21.652s][info][gc,metaspace] GC(79) Metaspace: 329K(512K)->329K(512K) NonClass: 314K(384K)->314K(384K) Class: 15K(128K)->15K(128K)
[2026-03-27T22:59:54.889+0900][21.652s][info][gc          ] GC(79) Pause Young (Allocation Failure) 57M->27M(204M) 1.288ms
[2026-03-27T22:59:54.889+0900][21.652s][info][gc,cpu      ] GC(79) User=0.00s Sys=0.00s Real=0.00s
[2026-03-27T22:59:55.071+0900][21.834s][info][gc,start    ] GC(80) Pause Young (Allocation Failure)
[2026-03-27T22:59:55.072+0900][21.834s][info][gc,heap     ] GC(80) PSYoungGen: 30341K(34304K)->2080K(34304K) Eden: 30309K(30720K)->0K(30720K) From: 32K(3584K)->2080K(3584K)
[2026-03-27T22:59:55.072+0900][21.834s][info][gc,heap     ] GC(80) ParOldGen: 27642K(175104K)->27642K(175104K)
[2026-03-27T22:59:55.072+0900][21.834s][info][gc,metaspace] GC(80) Metaspace: 329K(512K)->329K(512K) NonClass: 314K(384K)->314K(384K) Class: 15K(128K)->15K(128K)
[2026-03-27T22:59:55.072+0900][21.834s][info][gc          ] GC(80) Pause Young (Allocation Failure) 56M->29M(204M) 0.709ms
[2026-03-27T22:59:55.072+0900][21.834s][info][gc,cpu      ] GC(80) User=0.00s Sys=0.00s Real=0.00s
[2026-03-27T22:59:55.281+0900][22.044s][info][gc,start    ] GC(81) Pause Young (Allocation Failure)
[2026-03-27T22:59:55.282+0900][22.044s][info][gc,heap     ] GC(81) PSYoungGen: 32389K(34304K)->1568K(34304K) Eden: 30309K(30720K)->0K(30720K) From: 2080K(3584K)->1568K(3584K)
[2026-03-27T22:59:55.282+0900][22.044s][info][gc,heap     ] GC(81) ParOldGen: 27642K(175104K)->27642K(175104K)
[2026-03-27T22:59:55.282+0900][22.044s][info][gc,metaspace] GC(81) Metaspace: 329K(512K)->329K(512K) NonClass: 314K(384K)->314K(384K) Class: 15K(128K)->15K(128K)
[2026-03-27T22:59:55.282+0900][22.044s][info][gc          ] GC(81) Pause Young (Allocation Failure) 58M->28M(204M) 0.589ms
[2026-03-27T22:59:55.282+0900][22.044s][info][gc,cpu      ] GC(81) User=0.00s Sys=0.00s Real=0.00s
[2026-03-27T22:59:55.488+0900][22.250s][info][gc,start    ] GC(82) Pause Young (Allocation Failure)
[2026-03-27T22:59:55.488+0900][22.251s][info][gc,heap     ] GC(82) PSYoungGen: 31877K(34304K)->1056K(34304K) Eden: 30309K(30720K)->0K(30720K) From: 1568K(3584K)->1056K(3584K)
[2026-03-27T22:59:55.489+0900][22.251s][info][gc,heap     ] GC(82) ParOldGen: 27642K(175104K)->27642K(175104K)
[2026-03-27T22:59:55.489+0900][22.251s][info][gc,metaspace] GC(82) Metaspace: 329K(512K)->329K(512K) NonClass: 314K(384K)->314K(384K) Class: 15K(128K)->15K(128K)
[2026-03-27T22:59:55.489+0900][22.251s][info][gc          ] GC(82) Pause Young (Allocation Failure) 58M->28M(204M) 0.633ms
[2026-03-27T22:59:55.489+0900][22.251s][info][gc,cpu      ] GC(82) User=0.00s Sys=0.00s Real=0.00s
[2026-03-27T22:59:55.671+0900][22.434s][info][gc,start    ] GC(83) Pause Young (Allocation Failure)
[2026-03-27T22:59:55.673+0900][22.436s][info][gc,heap     ] GC(83) PSYoungGen: 31365K(34304K)->2080K(34304K) Eden: 30309K(30720K)->0K(30720K) From: 1056K(3584K)->2080K(3584K)
[2026-03-27T22:59:55.673+0900][22.436s][info][gc,heap     ] GC(83) ParOldGen: 27642K(175104K)->28674K(175104K)
[2026-03-27T22:59:55.673+0900][22.436s][info][gc,metaspace] GC(83) Metaspace: 329K(512K)->329K(512K) NonClass: 314K(384K)->314K(384K) Class: 15K(128K)->15K(128K)
[2026-03-27T22:59:55.673+0900][22.436s][info][gc          ] GC(83) Pause Young (Allocation Failure) 57M->30M(204M) 1.274ms
[2026-03-27T22:59:55.673+0900][22.436s][info][gc,cpu      ] GC(83) User=0.00s Sys=0.00s Real=0.00s
[2026-03-27T22:59:55.888+0900][22.651s][info][gc,start    ] GC(84) Pause Young (Allocation Failure)
[2026-03-27T22:59:55.889+0900][22.651s][info][gc,heap     ] GC(84) PSYoungGen: 32389K(34304K)->1568K(34304K) Eden: 30309K(30720K)->0K(30720K) From: 2080K(3584K)->1568K(3584K)
[2026-03-27T22:59:55.889+0900][22.651s][info][gc,heap     ] GC(84) ParOldGen: 28674K(175104K)->28674K(175104K)
[2026-03-27T22:59:55.889+0900][22.651s][info][gc,metaspace] GC(84) Metaspace: 329K(512K)->329K(512K) NonClass: 314K(384K)->314K(384K) Class: 15K(128K)->15K(128K)
[2026-03-27T22:59:55.889+0900][22.652s][info][gc          ] GC(84) Pause Young (Allocation Failure) 59M->29M(204M) 0.690ms
[2026-03-27T22:59:55.889+0900][22.652s][info][gc,cpu      ] GC(84) User=0.00s Sys=0.00s Real=0.00s
[2026-03-27T22:59:56.091+0900][22.854s][info][gc,start    ] GC(85) Pause Young (Allocation Failure)
[2026-03-27T22:59:56.092+0900][22.854s][info][gc,heap     ] GC(85) PSYoungGen: 31877K(34304K)->1056K(33280K) Eden: 30309K(30720K)->0K(30720K) From: 1568K(3584K)->1056K(2560K)
[2026-03-27T22:59:56.092+0900][22.854s][info][gc,heap     ] GC(85) ParOldGen: 28674K(175104K)->28674K(175104K)
[2026-03-27T22:59:56.092+0900][22.854s][info][gc,metaspace] GC(85) Metaspace: 329K(512K)->329K(512K) NonClass: 314K(384K)->314K(384K) Class: 15K(128K)->15K(128K)
[2026-03-27T22:59:56.092+0900][22.854s][info][gc          ] GC(85) Pause Young (Allocation Failure) 59M->29M(203M) 0.647ms
[2026-03-27T22:59:56.092+0900][22.854s][info][gc,cpu      ] GC(85) User=0.00s Sys=0.00s Real=0.00s
[2026-03-27T22:59:56.314+0900][23.077s][info][gc,start    ] GC(86) Pause Young (Allocation Failure)
[2026-03-27T22:59:56.314+0900][23.077s][info][gc,heap     ] GC(86) PSYoungGen: 31365K(33280K)->544K(33792K) Eden: 30309K(30720K)->0K(30720K) From: 1056K(2560K)->544K(3072K)
[2026-03-27T22:59:56.314+0900][23.077s][info][gc,heap     ] GC(86) ParOldGen: 28674K(175104K)->28674K(175104K)
[2026-03-27T22:59:56.314+0900][23.077s][info][gc,metaspace] GC(86) Metaspace: 329K(512K)->329K(512K) NonClass: 314K(384K)->314K(384K) Class: 15K(128K)->15K(128K)
[2026-03-27T22:59:56.314+0900][23.077s][info][gc          ] GC(86) Pause Young (Allocation Failure) 58M->28M(204M) 0.505ms
[2026-03-27T22:59:56.314+0900][23.077s][info][gc,cpu      ] GC(86) User=0.00s Sys=0.00s Real=0.00s
[2026-03-27T22:59:56.493+0900][23.256s][info][gc,start    ] GC(87) Pause Young (Allocation Failure)
[2026-03-27T22:59:56.493+0900][23.257s][info][gc,heap     ] GC(87) PSYoungGen: 30853K(33792K)->2592K(33280K) Eden: 30309K(30720K)->0K(30208K) From: 544K(3072K)->2592K(3072K)
[2026-03-27T22:59:56.493+0900][23.257s][info][gc,heap     ] GC(87) ParOldGen: 28674K(175104K)->28674K(175104K)
[2026-03-27T22:59:56.493+0900][23.257s][info][gc,metaspace] GC(87) Metaspace: 329K(512K)->329K(512K) NonClass: 314K(384K)->314K(384K) Class: 15K(128K)->15K(128K)
[2026-03-27T22:59:56.493+0900][23.257s][info][gc          ] GC(87) Pause Young (Allocation Failure) 58M->30M(203M) 1.303ms
[2026-03-27T22:59:56.493+0900][23.257s][info][gc,cpu      ] GC(87) User=0.00s Sys=0.00s Real=0.00s
[2026-03-27T22:59:56.706+0900][23.468s][info][gc,start    ] GC(88) Pause Young (Allocation Failure)
[2026-03-27T22:59:56.706+0900][23.469s][info][gc,heap     ] GC(88) PSYoungGen: 32379K(33280K)->544K(33792K) Eden: 29787K(30208K)->0K(30208K) From: 2592K(3072K)->544K(3584K)
[2026-03-27T22:59:56.706+0900][23.469s][info][gc,heap     ] GC(88) ParOldGen: 28674K(175104K)->29706K(175104K)
[2026-03-27T22:59:56.706+0900][23.469s][info][gc,metaspace] GC(88) Metaspace: 329K(512K)->329K(512K) NonClass: 314K(384K)->314K(384K) Class: 15K(128K)->15K(128K)
[2026-03-27T22:59:56.706+0900][23.469s][info][gc          ] GC(88) Pause Young (Allocation Failure) 59M->29M(204M) 0.901ms
[2026-03-27T22:59:56.706+0900][23.469s][info][gc,cpu      ] GC(88) User=0.00s Sys=0.00s Real=0.00s
[2026-03-27T22:59:56.889+0900][23.652s][info][gc,start    ] GC(89) Pause Young (Allocation Failure)
[2026-03-27T22:59:56.889+0900][23.652s][info][gc,heap     ] GC(89) PSYoungGen: 30331K(33792K)->2080K(33792K) Eden: 29787K(30208K)->0K(30208K) From: 544K(3584K)->2080K(3584K)
[2026-03-27T22:59:56.889+0900][23.652s][info][gc,heap     ] GC(89) ParOldGen: 29706K(175104K)->29706K(175104K)
[2026-03-27T22:59:56.889+0900][23.652s][info][gc,metaspace] GC(89) Metaspace: 329K(512K)->329K(512K) NonClass: 314K(384K)->314K(384K) Class: 15K(128K)->15K(128K)
[2026-03-27T22:59:56.889+0900][23.652s][info][gc          ] GC(89) Pause Young (Allocation Failure) 58M->31M(204M) 0.853ms
[2026-03-27T22:59:56.889+0900][23.653s][info][gc,cpu      ] GC(89) User=0.00s Sys=0.00s Real=0.00s
[2026-03-27T22:59:57.089+0900][23.852s][info][gc,start    ] GC(90) Pause Young (Allocation Failure)
[2026-03-27T22:59:57.090+0900][23.853s][info][gc,heap     ] GC(90) PSYoungGen: 31867K(33792K)->1056K(33792K) Eden: 29787K(30208K)->0K(30208K) From: 2080K(3584K)->1056K(3584K)
[2026-03-27T22:59:57.090+0900][23.853s][info][gc,heap     ] GC(90) ParOldGen: 29706K(175104K)->29706K(175104K)
[2026-03-27T22:59:57.090+0900][23.853s][info][gc,metaspace] GC(90) Metaspace: 329K(512K)->329K(512K) NonClass: 314K(384K)->314K(384K) Class: 15K(128K)->15K(128K)
[2026-03-27T22:59:57.090+0900][23.853s][info][gc          ] GC(90) Pause Young (Allocation Failure) 60M->30M(204M) 0.816ms
[2026-03-27T22:59:57.090+0900][23.853s][info][gc,cpu      ] GC(90) User=0.02s Sys=0.00s Real=0.00s
[2026-03-27T22:59:57.273+0900][24.036s][info][gc,start    ] GC(91) Pause Young (Allocation Failure)
[2026-03-27T22:59:57.274+0900][24.037s][info][gc,heap     ] GC(91) PSYoungGen: 30843K(33792K)->2592K(33792K) Eden: 29787K(30208K)->0K(30208K) From: 1056K(3584K)->2592K(3584K)
[2026-03-27T22:59:57.274+0900][24.037s][info][gc,heap     ] GC(91) ParOldGen: 29706K(175104K)->29706K(175104K)
[2026-03-27T22:59:57.274+0900][24.037s][info][gc,metaspace] GC(91) Metaspace: 329K(512K)->329K(512K) NonClass: 314K(384K)->314K(384K) Class: 15K(128K)->15K(128K)
[2026-03-27T22:59:57.274+0900][24.037s][info][gc          ] GC(91) Pause Young (Allocation Failure) 59M->31M(204M) 1.106ms
[2026-03-27T22:59:57.274+0900][24.037s][info][gc,cpu      ] GC(91) User=0.00s Sys=0.00s Real=0.00s
[2026-03-27T22:59:57.489+0900][24.252s][info][gc,start    ] GC(92) Pause Young (Allocation Failure)
[2026-03-27T22:59:57.490+0900][24.254s][info][gc,heap     ] GC(92) PSYoungGen: 32379K(33792K)->544K(33792K) Eden: 29787K(30208K)->0K(30208K) From: 2592K(3584K)->544K(3584K)
[2026-03-27T22:59:57.491+0900][24.254s][info][gc,heap     ] GC(92) ParOldGen: 29706K(175104K)->30738K(175104K)
[2026-03-27T22:59:57.491+0900][24.254s][info][gc,metaspace] GC(92) Metaspace: 329K(512K)->329K(512K) NonClass: 314K(384K)->314K(384K) Class: 15K(128K)->15K(128K)
[2026-03-27T22:59:57.491+0900][24.254s][info][gc          ] GC(92) Pause Young (Allocation Failure) 60M->30M(204M) 1.490ms
[2026-03-27T22:59:57.491+0900][24.254s][info][gc,cpu      ] GC(92) User=0.00s Sys=0.00s Real=0.00s
[2026-03-27T22:59:57.664+0900][24.427s][info][gc,start    ] GC(93) Pause Young (Allocation Failure)
[2026-03-27T22:59:57.664+0900][24.428s][info][gc,heap     ] GC(93) PSYoungGen: 30331K(33792K)->2080K(33792K) Eden: 29787K(30208K)->0K(30208K) From: 544K(3584K)->2080K(3584K)
[2026-03-27T22:59:57.664+0900][24.428s][info][gc,heap     ] GC(93) ParOldGen: 30738K(175104K)->30738K(175104K)
[2026-03-27T22:59:57.664+0900][24.428s][info][gc,metaspace] GC(93) Metaspace: 329K(512K)->329K(512K) NonClass: 314K(384K)->314K(384K) Class: 15K(128K)->15K(128K)
[2026-03-27T22:59:57.664+0900][24.429s][info][gc          ] GC(93) Pause Young (Allocation Failure) 59M->32M(204M) 1.382ms
[2026-03-27T22:59:57.664+0900][24.429s][info][gc,cpu      ] GC(93) User=0.00s Sys=0.00s Real=0.00s
[2026-03-27T22:59:57.854+0900][24.617s][info][gc,start    ] GC(94) Pause Young (Allocation Failure)
[2026-03-27T22:59:57.856+0900][24.618s][info][gc,heap     ] GC(94) PSYoungGen: 31867K(33792K)->1056K(33792K) Eden: 29787K(30208K)->0K(30208K) From: 2080K(3584K)->1056K(3584K)
[2026-03-27T22:59:57.856+0900][24.618s][info][gc,heap     ] GC(94) ParOldGen: 30738K(175104K)->30738K(175104K)
[2026-03-27T22:59:57.856+0900][24.618s][info][gc,metaspace] GC(94) Metaspace: 329K(512K)->329K(512K) NonClass: 314K(384K)->314K(384K) Class: 15K(128K)->15K(128K)
[2026-03-27T22:59:57.856+0900][24.618s][info][gc          ] GC(94) Pause Young (Allocation Failure) 61M->31M(204M) 1.106ms
[2026-03-27T22:59:57.856+0900][24.618s][info][gc,cpu      ] GC(94) User=0.00s Sys=0.00s Real=0.00s
[2026-03-27T22:59:58.039+0900][24.802s][info][gc,start    ] GC(95) Pause Young (Allocation Failure)
[2026-03-27T22:59:58.039+0900][24.803s][info][gc,heap     ] GC(95) PSYoungGen: 30843K(33792K)->2592K(33280K) Eden: 29787K(30208K)->0K(29696K) From: 1056K(3584K)->2592K(3584K)
[2026-03-27T22:59:58.039+0900][24.803s][info][gc,heap     ] GC(95) ParOldGen: 30738K(175104K)->30738K(175104K)
[2026-03-27T22:59:58.039+0900][24.803s][info][gc,metaspace] GC(95) Metaspace: 329K(512K)->329K(512K) NonClass: 314K(384K)->314K(384K) Class: 15K(128K)->15K(128K)
[2026-03-27T22:59:58.039+0900][24.803s][info][gc          ] GC(95) Pause Young (Allocation Failure) 60M->32M(203M) 1.269ms
[2026-03-27T22:59:58.039+0900][24.803s][info][gc,cpu      ] GC(95) User=0.00s Sys=0.00s Real=0.00s
[2026-03-27T22:59:58.239+0900][25.002s][info][gc,start    ] GC(96) Pause Young (Allocation Failure)
[2026-03-27T22:59:58.241+0900][25.003s][info][gc,heap     ] GC(96) PSYoungGen: 31857K(33280K)->32K(33792K) Eden: 29265K(29696K)->0K(29696K) From: 2592K(3584K)->32K(4096K)
[2026-03-27T22:59:58.249+0900][25.012s][info][gc,heap     ] GC(96) ParOldGen: 30738K(175104K)->31770K(175104K)
[2026-03-27T22:59:58.249+0900][25.012s][info][gc,metaspace] GC(96) Metaspace: 329K(512K)->329K(512K) NonClass: 314K(384K)->314K(384K) Class: 15K(128K)->15K(128K)
[2026-03-27T22:59:58.249+0900][25.012s][info][gc          ] GC(96) Pause Young (Allocation Failure) 61M->31M(204M) 10.025ms
[2026-03-27T22:59:58.249+0900][25.012s][info][gc,cpu      ] GC(96) User=0.00s Sys=0.00s Real=0.01s
[2026-03-27T22:59:58.441+0900][25.204s][info][gc,start    ] GC(97) Pause Young (Allocation Failure)
[2026-03-27T22:59:58.442+0900][25.205s][info][gc,heap     ] GC(97) PSYoungGen: 29297K(33792K)->1056K(32768K) Eden: 29265K(29696K)->0K(29696K) From: 32K(4096K)->1056K(3072K)
[2026-03-27T22:59:58.442+0900][25.205s][info][gc,heap     ] GC(97) ParOldGen: 31770K(175104K)->31770K(175104K)
[2026-03-27T22:59:58.442+0900][25.205s][info][gc,metaspace] GC(97) Metaspace: 329K(512K)->329K(512K) NonClass: 314K(384K)->314K(384K) Class: 15K(128K)->15K(128K)
[2026-03-27T22:59:58.442+0900][25.205s][info][gc          ] GC(97) Pause Young (Allocation Failure) 59M->32M(203M) 0.951ms
[2026-03-27T22:59:58.442+0900][25.205s][info][gc,cpu      ] GC(97) User=0.00s Sys=0.00s Real=0.00s
[2026-03-27T22:59:58.616+0900][25.379s][info][gc,start    ] GC(98) Pause Young (Allocation Failure)
[2026-03-27T22:59:58.617+0900][25.380s][info][gc,heap     ] GC(98) PSYoungGen: 30321K(32768K)->2080K(33280K) Eden: 29265K(29696K)->0K(29696K) From: 1056K(3072K)->2080K(3584K)
[2026-03-27T22:59:58.617+0900][25.380s][info][gc,heap     ] GC(98) ParOldGen: 31770K(175104K)->31770K(175104K)
[2026-03-27T22:59:58.617+0900][25.380s][info][gc,metaspace] GC(98) Metaspace: 329K(512K)->329K(512K) NonClass: 314K(384K)->314K(384K) Class: 15K(128K)->15K(128K)
[2026-03-27T22:59:58.617+0900][25.380s][info][gc          ] GC(98) Pause Young (Allocation Failure) 60M->33M(203M) 0.690ms
[2026-03-27T22:59:58.617+0900][25.380s][info][gc,cpu      ] GC(98) User=0.00s Sys=0.00s Real=0.00s
[2026-03-27T22:59:58.805+0900][25.567s][info][gc,start    ] GC(99) Pause Young (Allocation Failure)
[2026-03-27T22:59:58.806+0900][25.568s][info][gc,heap     ] GC(99) PSYoungGen: 31345K(33280K)->544K(33280K) Eden: 29265K(29696K)->0K(29696K) From: 2080K(3584K)->544K(3584K)
[2026-03-27T22:59:58.806+0900][25.568s][info][gc,heap     ] GC(99) ParOldGen: 31770K(175104K)->31770K(175104K)
[2026-03-27T22:59:58.806+0900][25.568s][info][gc,metaspace] GC(99) Metaspace: 329K(512K)->329K(512K) NonClass: 314K(384K)->314K(384K) Class: 15K(128K)->15K(128K)
[2026-03-27T22:59:58.806+0900][25.568s][info][gc          ] GC(99) Pause Young (Allocation Failure) 61M->31M(203M) 0.818ms
[2026-03-27T22:59:58.806+0900][25.568s][info][gc,cpu      ] GC(99) User=0.00s Sys=0.00s Real=0.00s
[2026-03-27T22:59:58.843+0900][25.618s][info][gc,heap,exit] Heap
[2026-03-27T22:59:58.843+0900][25.618s][info][gc,heap,exit]  PSYoungGen      total 33280K, used 7206K [0x00000000f5580000, 0x00000000f7980000, 0x0000000100000000)
[2026-03-27T22:59:58.843+0900][25.619s][info][gc,heap,exit]   eden space 29696K, 22% used [0x00000000f5580000,0x00000000f5c018b0,0x00000000f7280000)
[2026-03-27T22:59:58.843+0900][25.619s][info][gc,heap,exit]   from space 3584K, 15% used [0x00000000f7600000,0x00000000f7688010,0x00000000f7980000)
[2026-03-27T22:59:58.856+0900][25.619s][info][gc,heap,exit]   to   space 3584K, 0% used [0x00000000f7280000,0x00000000f7280000,0x00000000f7600000)
[2026-03-27T22:59:58.856+0900][25.619s][info][gc,heap,exit]  ParOldGen       total 175104K, used 31770K [0x00000000e0000000, 0x00000000eab00000, 0x00000000f5580000)
[2026-03-27T22:59:58.856+0900][25.619s][info][gc,heap,exit]   object space 175104K, 18% used [0x00000000e0000000,0x00000000e1f06878,0x00000000eab00000)
[2026-03-27T22:59:58.856+0900][25.619s][info][gc,heap,exit]  Metaspace       used 366K, committed 512K, reserved 1114112K
[2026-03-27T22:59:58.856+0900][25.619s][info][gc,heap,exit]   class space    used 18K, committed 128K, reserved 1048576K
