[2026-03-22T19:48:59.478+0900][0.010s][info][gc] Using Parallel
[2026-03-22T19:48:59.480+0900][0.012s][info][gc,init] Version: 17.0.17+10 (release)
[2026-03-22T19:48:59.480+0900][0.012s][info][gc,init] CPUs: 18 total, 18 available
[2026-03-22T19:48:59.480+0900][0.012s][info][gc,init] Memory: 15964M
[2026-03-22T19:48:59.480+0900][0.012s][info][gc,init] Large Page Support: Disabled
[2026-03-22T19:48:59.480+0900][0.012s][info][gc,init] NUMA Support: Disabled
[2026-03-22T19:48:59.480+0900][0.012s][info][gc,init] Compressed Oops: Enabled (32-bit)
[2026-03-22T19:48:59.480+0900][0.012s][info][gc,init] Alignments: Space 512K, Generation 512K, Heap 2M
[2026-03-22T19:48:59.480+0900][0.012s][info][gc,init] Heap Min Capacity: 256M
[2026-03-22T19:48:59.480+0900][0.012s][info][gc,init] Heap Initial Capacity: 256M
[2026-03-22T19:48:59.480+0900][0.012s][info][gc,init] Heap Max Capacity: 512M
[2026-03-22T19:48:59.480+0900][0.012s][info][gc,init] Pre-touch: Disabled
[2026-03-22T19:48:59.480+0900][0.012s][info][gc,init] Parallel Workers: 4
[2026-03-22T19:48:59.491+0900][0.023s][info][gc,metaspace] CDS archive(s) mapped at: [0x00000238ce000000-0x00000238cebb0000-0x00000238cebb0000), size 12255232, SharedBaseAddress: 0x00000238ce000000, ArchiveRelocationMode: 1.
[2026-03-22T19:48:59.491+0900][0.023s][info][gc,metaspace] Compressed class space mapped at: 0x00000238cf000000-0x000002390f000000, reserved size: 1073741824
[2026-03-22T19:48:59.491+0900][0.023s][info][gc,metaspace] Narrow klass base: 0x00000238ce000000, Narrow klass shift: 0, Narrow klass range: 0x100000000
[2026-03-22T19:48:59.553+0900][0.084s][info][gc,start    ] GC(0) Pause Young (Allocation Failure)
[2026-03-22T19:48:59.559+0900][0.091s][info][gc,heap     ] GC(0) PSYoungGen: 64635K(76288K)->9065K(76288K) Eden: 64635K(65536K)->0K(65536K) From: 0K(10752K)->9065K(10752K)
[2026-03-22T19:48:59.559+0900][0.091s][info][gc,heap     ] GC(0) ParOldGen: 0K(175104K)->51208K(175104K)
[2026-03-22T19:48:59.559+0900][0.091s][info][gc,metaspace] GC(0) Metaspace: 285K(448K)->285K(448K) NonClass: 269K(320K)->269K(320K) Class: 15K(128K)->15K(128K)
[2026-03-22T19:48:59.559+0900][0.091s][info][gc          ] GC(0) Pause Young (Allocation Failure) 63M->58M(245M) 6.910ms
[2026-03-22T19:48:59.559+0900][0.091s][info][gc,cpu      ] GC(0) User=0.00s Sys=0.06s Real=0.01s
[2026-03-22T19:48:59.574+0900][0.105s][info][gc,start    ] GC(1) Pause Young (Allocation Failure)
[2026-03-22T19:48:59.581+0900][0.112s][info][gc,heap     ] GC(1) PSYoungGen: 73729K(76288K)->9065K(141824K) Eden: 64664K(65536K)->0K(131072K) From: 9065K(10752K)->9065K(10752K)
[2026-03-22T19:48:59.581+0900][0.112s][info][gc,heap     ] GC(1) ParOldGen: 51208K(175104K)->106512K(175104K)
[2026-03-22T19:48:59.581+0900][0.112s][info][gc,metaspace] GC(1) Metaspace: 327K(512K)->327K(512K) NonClass: 309K(384K)->309K(384K) Class: 17K(128K)->17K(128K)
[2026-03-22T19:48:59.581+0900][0.112s][info][gc          ] GC(1) Pause Young (Allocation Failure) 122M->112M(309M) 6.722ms
[2026-03-22T19:48:59.581+0900][0.112s][info][gc,cpu      ] GC(1) User=0.00s Sys=0.00s Real=0.01s
[2026-03-22T19:48:59.613+0900][0.145s][info][gc,start    ] GC(2) Pause Young (Allocation Failure)
[2026-03-22T19:48:59.624+0900][0.156s][info][gc,heap     ] GC(2) PSYoungGen: 139511K(141824K)->9065K(141824K) Eden: 130445K(131072K)->0K(131072K) From: 9065K(10752K)->9065K(10752K)
[2026-03-22T19:48:59.624+0900][0.156s][info][gc,heap     ] GC(2) ParOldGen: 106512K(175104K)->200729K(203264K)
[2026-03-22T19:48:59.624+0900][0.156s][info][gc,metaspace] GC(2) Metaspace: 329K(512K)->329K(512K) NonClass: 311K(384K)->311K(384K) Class: 17K(128K)->17K(128K)
[2026-03-22T19:48:59.624+0900][0.156s][info][gc          ] GC(2) Pause Young (Allocation Failure) 240M->204M(337M) 11.110ms
[2026-03-22T19:48:59.624+0900][0.156s][info][gc,cpu      ] GC(2) User=0.02s Sys=0.03s Real=0.01s
[2026-03-22T19:48:59.638+0900][0.170s][info][gc,start    ] GC(3) Pause Full (Ergonomics)
[2026-03-22T19:48:59.638+0900][0.170s][info][gc,phases,start] GC(3) Marking Phase
[2026-03-22T19:48:59.639+0900][0.171s][info][gc,phases      ] GC(3) Marking Phase 0.943ms
[2026-03-22T19:48:59.639+0900][0.171s][info][gc,phases,start] GC(3) Summary Phase
[2026-03-22T19:48:59.639+0900][0.171s][info][gc,phases      ] GC(3) Summary Phase 0.028ms
[2026-03-22T19:48:59.639+0900][0.171s][info][gc,phases,start] GC(3) Adjust Roots
[2026-03-22T19:48:59.640+0900][0.171s][info][gc,phases      ] GC(3) Adjust Roots 0.243ms
[2026-03-22T19:48:59.640+0900][0.172s][info][gc,phases,start] GC(3) Compaction Phase
[2026-03-22T19:48:59.646+0900][0.177s][info][gc,phases      ] GC(3) Compaction Phase 5.891ms
[2026-03-22T19:48:59.646+0900][0.177s][info][gc,phases,start] GC(3) Post Compact
[2026-03-22T19:48:59.652+0900][0.183s][info][gc,phases      ] GC(3) Post Compact 6.044ms
[2026-03-22T19:48:59.652+0900][0.184s][info][gc,heap        ] GC(3) PSYoungGen: 139522K(141824K)->0K(163840K) Eden: 130456K(131072K)->0K(153088K) From: 9065K(10752K)->0K(10752K)
[2026-03-22T19:48:59.652+0900][0.184s][info][gc,heap        ] GC(3) ParOldGen: 200729K(203264K)->103705K(283136K)
[2026-03-22T19:48:59.652+0900][0.184s][info][gc,metaspace   ] GC(3) Metaspace: 331K(512K)->331K(512K) NonClass: 313K(384K)->313K(384K) Class: 17K(128K)->17K(128K)
[2026-03-22T19:48:59.652+0900][0.184s][info][gc             ] GC(3) Pause Full (Ergonomics) 332M->101M(436M) 13.835ms
[2026-03-22T19:48:59.652+0900][0.184s][info][gc,cpu         ] GC(3) User=0.00s Sys=0.02s Real=0.01s
[2026-03-22T19:48:59.670+0900][0.201s][info][gc,start       ] GC(4) Pause Young (Allocation Failure)
[2026-03-22T19:48:59.676+0900][0.208s][info][gc,heap        ] GC(4) PSYoungGen: 152490K(163840K)->10496K(163840K) Eden: 152490K(153088K)->0K(153088K) From: 0K(10752K)->10496K(10752K)
[2026-03-22T19:48:59.677+0900][0.208s][info][gc,heap        ] GC(4) ParOldGen: 103705K(283136K)->197914K(283136K)
[2026-03-22T19:48:59.677+0900][0.208s][info][gc,metaspace   ] GC(4) Metaspace: 332K(512K)->332K(512K) NonClass: 314K(384K)->314K(384K) Class: 17K(128K)->17K(128K)
[2026-03-22T19:48:59.677+0900][0.208s][info][gc             ] GC(4) Pause Young (Allocation Failure) 250M->203M(436M) 6.904ms
[2026-03-22T19:48:59.677+0900][0.208s][info][gc,cpu         ] GC(4) User=0.00s Sys=0.00s Real=0.01s
[2026-03-22T19:48:59.692+0900][0.223s][info][gc,start       ] GC(5) Pause Full (Ergonomics)
[2026-03-22T19:48:59.692+0900][0.223s][info][gc,phases,start] GC(5) Marking Phase
[2026-03-22T19:48:59.693+0900][0.224s][info][gc,phases      ] GC(5) Marking Phase 1.003ms
[2026-03-22T19:48:59.693+0900][0.224s][info][gc,phases,start] GC(5) Summary Phase
[2026-03-22T19:48:59.693+0900][0.224s][info][gc,phases      ] GC(5) Summary Phase 0.012ms
[2026-03-22T19:48:59.693+0900][0.224s][info][gc,phases,start] GC(5) Adjust Roots
[2026-03-22T19:48:59.693+0900][0.224s][info][gc,phases      ] GC(5) Adjust Roots 0.286ms
[2026-03-22T19:48:59.693+0900][0.224s][info][gc,phases,start] GC(5) Compaction Phase
[2026-03-22T19:48:59.698+0900][0.230s][info][gc,phases      ] GC(5) Compaction Phase 5.513ms
[2026-03-22T19:48:59.699+0900][0.230s][info][gc,phases,start] GC(5) Post Compact
[2026-03-22T19:48:59.700+0900][0.231s][info][gc,phases      ] GC(5) Post Compact 1.366ms
[2026-03-22T19:48:59.700+0900][0.232s][info][gc,heap        ] GC(5) PSYoungGen: 163013K(163840K)->0K(163840K) Eden: 152517K(153088K)->0K(153088K) From: 10496K(10752K)->0K(10752K)
[2026-03-22T19:48:59.700+0900][0.232s][info][gc,heap        ] GC(5) ParOldGen: 197914K(283136K)->103193K(330240K)
[2026-03-22T19:48:59.700+0900][0.232s][info][gc,metaspace   ] GC(5) Metaspace: 333K(512K)->333K(512K) NonClass: 315K(384K)->315K(384K) Class: 17K(128K)->17K(128K)
[2026-03-22T19:48:59.700+0900][0.232s][info][gc             ] GC(5) Pause Full (Ergonomics) 352M->100M(482M) 8.593ms
[2026-03-22T19:48:59.700+0900][0.232s][info][gc,cpu         ] GC(5) User=0.03s Sys=0.02s Real=0.01s
[2026-03-22T19:48:59.715+0900][0.247s][info][gc,start       ] GC(6) Pause Young (Allocation Failure)
[2026-03-22T19:48:59.720+0900][0.251s][info][gc,heap        ] GC(6) PSYoungGen: 152533K(163840K)->10496K(163840K) Eden: 152533K(153088K)->0K(153088K) From: 0K(10752K)->10496K(10752K)
[2026-03-22T19:48:59.720+0900][0.251s][info][gc,heap        ] GC(6) ParOldGen: 103193K(330240K)->197402K(330240K)
[2026-03-22T19:48:59.720+0900][0.251s][info][gc,metaspace   ] GC(6) Metaspace: 333K(512K)->333K(512K) NonClass: 315K(384K)->315K(384K) Class: 17K(128K)->17K(128K)
[2026-03-22T19:48:59.720+0900][0.251s][info][gc             ] GC(6) Pause Young (Allocation Failure) 249M->203M(482M) 4.396ms
[2026-03-22T19:48:59.720+0900][0.251s][info][gc,cpu         ] GC(6) User=0.00s Sys=0.00s Real=0.01s
[2026-03-22T19:48:59.735+0900][0.266s][info][gc,start       ] GC(7) Pause Young (Allocation Failure)
[2026-03-22T19:48:59.774+0900][0.305s][info][gc,heap        ] GC(7) PSYoungGen: 163039K(163840K)->10656K(162816K) Eden: 152543K(153088K)->0K(152064K) From: 10496K(10752K)->10656K(10752K)
[2026-03-22T19:48:59.774+0900][0.306s][info][gc,heap        ] GC(7) ParOldGen: 197402K(330240K)->291611K(330240K)
[2026-03-22T19:48:59.774+0900][0.306s][info][gc,metaspace   ] GC(7) Metaspace: 333K(512K)->333K(512K) NonClass: 315K(384K)->315K(384K) Class: 17K(128K)->17K(128K)
[2026-03-22T19:48:59.774+0900][0.306s][info][gc             ] GC(7) Pause Young (Allocation Failure) 351M->295M(481M) 39.268ms
[2026-03-22T19:48:59.774+0900][0.306s][info][gc,cpu         ] GC(7) User=0.06s Sys=0.06s Real=0.04s
[2026-03-22T19:48:59.788+0900][0.320s][info][gc,start       ] GC(8) Pause Full (Ergonomics)
[2026-03-22T19:48:59.788+0900][0.320s][info][gc,phases,start] GC(8) Marking Phase
[2026-03-22T19:48:59.789+0900][0.321s][info][gc,phases      ] GC(8) Marking Phase 1.029ms
[2026-03-22T19:48:59.789+0900][0.321s][info][gc,phases,start] GC(8) Summary Phase
[2026-03-22T19:48:59.789+0900][0.321s][info][gc,phases      ] GC(8) Summary Phase 0.032ms
[2026-03-22T19:48:59.789+0900][0.321s][info][gc,phases,start] GC(8) Adjust Roots
[2026-03-22T19:48:59.790+0900][0.321s][info][gc,phases      ] GC(8) Adjust Roots 0.228ms
[2026-03-22T19:48:59.790+0900][0.321s][info][gc,phases,start] GC(8) Compaction Phase
[2026-03-22T19:48:59.795+0900][0.327s][info][gc,phases      ] GC(8) Compaction Phase 5.309ms
[2026-03-22T19:48:59.795+0900][0.327s][info][gc,phases,start] GC(8) Post Compact
[2026-03-22T19:48:59.798+0900][0.330s][info][gc,phases      ] GC(8) Post Compact 3.015ms
[2026-03-22T19:48:59.798+0900][0.330s][info][gc,heap        ] GC(8) PSYoungGen: 161137K(162816K)->0K(163328K) Eden: 150481K(152064K)->0K(152064K) From: 10656K(10752K)->0K(11264K)
[2026-03-22T19:48:59.798+0900][0.330s][info][gc,heap        ] GC(8) ParOldGen: 291611K(330240K)->103193K(349696K)
[2026-03-22T19:48:59.798+0900][0.330s][info][gc,metaspace   ] GC(8) Metaspace: 333K(512K)->333K(512K) NonClass: 315K(384K)->315K(384K) Class: 17K(128K)->17K(128K)
[2026-03-22T19:48:59.798+0900][0.330s][info][gc             ] GC(8) Pause Full (Ergonomics) 442M->100M(501M) 10.037ms
[2026-03-22T19:48:59.798+0900][0.330s][info][gc,cpu         ] GC(8) User=0.05s Sys=0.02s Real=0.01s
[2026-03-22T19:48:59.813+0900][0.345s][info][gc,start       ] GC(9) Pause Young (Allocation Failure)
[2026-03-22T19:48:59.818+0900][0.349s][info][gc,heap        ] GC(9) PSYoungGen: 150485K(163328K)->10496K(162304K) Eden: 150485K(152064K)->0K(151040K) From: 0K(11264K)->10496K(11264K)
[2026-03-22T19:48:59.818+0900][0.349s][info][gc,heap        ] GC(9) ParOldGen: 103193K(349696K)->197402K(349696K)
[2026-03-22T19:48:59.818+0900][0.349s][info][gc,metaspace   ] GC(9) Metaspace: 333K(512K)->333K(512K) NonClass: 315K(384K)->315K(384K) Class: 17K(128K)->17K(128K)
[2026-03-22T19:48:59.818+0900][0.349s][info][gc             ] GC(9) Pause Young (Allocation Failure) 247M->203M(500M) 4.270ms
[2026-03-22T19:48:59.818+0900][0.349s][info][gc,cpu         ] GC(9) User=0.00s Sys=0.00s Real=0.01s
[2026-03-22T19:48:59.832+0900][0.364s][info][gc,start       ] GC(10) Pause Young (Allocation Failure)
[2026-03-22T19:48:59.837+0900][0.369s][info][gc,heap        ] GC(10) PSYoungGen: 160426K(162304K)->10624K(162816K) Eden: 149930K(151040K)->0K(151040K) From: 10496K(11264K)->10624K(11776K)
[2026-03-22T19:48:59.837+0900][0.369s][info][gc,heap        ] GC(10) ParOldGen: 197402K(349696K)->291619K(349696K)
[2026-03-22T19:48:59.837+0900][0.369s][info][gc,metaspace   ] GC(10) Metaspace: 338K(512K)->338K(512K) NonClass: 320K(384K)->320K(384K) Class: 17K(128K)->17K(128K)
[2026-03-22T19:48:59.837+0900][0.369s][info][gc             ] GC(10) Pause Young (Allocation Failure) 349M->295M(500M) 4.563ms
[2026-03-22T19:48:59.837+0900][0.369s][info][gc,cpu         ] GC(10) User=0.00s Sys=0.00s Real=0.00s
[2026-03-22T19:48:59.850+0900][0.382s][info][gc,start       ] GC(11) Pause Full (Ergonomics)
[2026-03-22T19:48:59.850+0900][0.382s][info][gc,phases,start] GC(11) Marking Phase
[2026-03-22T19:48:59.852+0900][0.384s][info][gc,phases      ] GC(11) Marking Phase 1.453ms
[2026-03-22T19:48:59.852+0900][0.384s][info][gc,phases,start] GC(11) Summary Phase
[2026-03-22T19:48:59.852+0900][0.384s][info][gc,phases      ] GC(11) Summary Phase 0.017ms
[2026-03-22T19:48:59.852+0900][0.384s][info][gc,phases,start] GC(11) Adjust Roots
[2026-03-22T19:48:59.852+0900][0.384s][info][gc,phases      ] GC(11) Adjust Roots 0.157ms
[2026-03-22T19:48:59.852+0900][0.384s][info][gc,phases,start] GC(11) Compaction Phase
[2026-03-22T19:48:59.858+0900][0.389s][info][gc,phases      ] GC(11) Compaction Phase 5.080ms
[2026-03-22T19:48:59.858+0900][0.389s][info][gc,phases,start] GC(11) Post Compact
[2026-03-22T19:48:59.859+0900][0.391s][info][gc,phases      ] GC(11) Post Compact 1.348ms
[2026-03-22T19:48:59.860+0900][0.391s][info][gc,heap        ] GC(11) PSYoungGen: 161083K(162816K)->0K(162816K) Eden: 150459K(151040K)->0K(151040K) From: 10624K(11776K)->0K(11776K)
[2026-03-22T19:48:59.860+0900][0.391s][info][gc,heap        ] GC(11) ParOldGen: 291619K(349696K)->103430K(349696K)
[2026-03-22T19:48:59.860+0900][0.391s][info][gc,metaspace   ] GC(11) Metaspace: 338K(512K)->338K(512K) NonClass: 320K(384K)->320K(384K) Class: 17K(128K)->17K(128K)
[2026-03-22T19:48:59.860+0900][0.391s][info][gc             ] GC(11) Pause Full (Ergonomics) 442M->101M(500M) 8.265ms
[2026-03-22T19:48:59.860+0900][0.391s][info][gc,cpu         ] GC(11) User=0.02s Sys=0.05s Real=0.01s
[2026-03-22T19:48:59.873+0900][0.405s][info][gc,start       ] GC(12) Pause Young (Allocation Failure)
[2026-03-22T19:48:59.877+0900][0.409s][info][gc,heap        ] GC(12) PSYoungGen: 150464K(162816K)->10496K(162816K) Eden: 150464K(151040K)->0K(151040K) From: 0K(11776K)->10496K(11776K)
[2026-03-22T19:48:59.877+0900][0.409s][info][gc,heap        ] GC(12) ParOldGen: 103430K(349696K)->197639K(349696K)
[2026-03-22T19:48:59.877+0900][0.409s][info][gc,metaspace   ] GC(12) Metaspace: 338K(512K)->338K(512K) NonClass: 320K(384K)->320K(384K) Class: 17K(128K)->17K(128K)
[2026-03-22T19:48:59.877+0900][0.409s][info][gc             ] GC(12) Pause Young (Allocation Failure) 247M->203M(500M) 4.294ms
[2026-03-22T19:48:59.877+0900][0.409s][info][gc,cpu         ] GC(12) User=0.00s Sys=0.00s Real=0.00s
[2026-03-22T19:48:59.891+0900][0.423s][info][gc,start       ] GC(13) Pause Young (Allocation Failure)
[2026-03-22T19:48:59.896+0900][0.428s][info][gc,heap        ] GC(13) PSYoungGen: 160963K(162816K)->10624K(162816K) Eden: 150467K(151040K)->0K(151040K) From: 10496K(11776K)->10624K(11776K)
[2026-03-22T19:48:59.896+0900][0.428s][info][gc,heap        ] GC(13) ParOldGen: 197639K(349696K)->291848K(349696K)
[2026-03-22T19:48:59.896+0900][0.428s][info][gc,metaspace   ] GC(13) Metaspace: 338K(512K)->338K(512K) NonClass: 320K(384K)->320K(384K) Class: 17K(128K)->17K(128K)
[2026-03-22T19:48:59.896+0900][0.428s][info][gc             ] GC(13) Pause Young (Allocation Failure) 350M->295M(500M) 4.936ms
[2026-03-22T19:48:59.896+0900][0.428s][info][gc,cpu         ] GC(13) User=0.00s Sys=0.00s Real=0.00s
[2026-03-22T19:48:59.911+0900][0.443s][info][gc,start       ] GC(14) Pause Full (Ergonomics)
[2026-03-22T19:48:59.911+0900][0.443s][info][gc,phases,start] GC(14) Marking Phase
[2026-03-22T19:48:59.912+0900][0.444s][info][gc,phases      ] GC(14) Marking Phase 1.009ms
[2026-03-22T19:48:59.913+0900][0.444s][info][gc,phases,start] GC(14) Summary Phase
[2026-03-22T19:48:59.913+0900][0.444s][info][gc,phases      ] GC(14) Summary Phase 0.149ms
[2026-03-22T19:48:59.913+0900][0.444s][info][gc,phases,start] GC(14) Adjust Roots
[2026-03-22T19:48:59.913+0900][0.444s][info][gc,phases      ] GC(14) Adjust Roots 0.264ms
[2026-03-22T19:48:59.913+0900][0.444s][info][gc,phases,start] GC(14) Compaction Phase
[2026-03-22T19:48:59.918+0900][0.450s][info][gc,phases      ] GC(14) Compaction Phase 5.334ms
[2026-03-22T19:48:59.918+0900][0.450s][info][gc,phases,start] GC(14) Post Compact
[2026-03-22T19:48:59.919+0900][0.451s][info][gc,phases      ] GC(14) Post Compact 1.320ms
[2026-03-22T19:48:59.919+0900][0.451s][info][gc,heap        ] GC(14) PSYoungGen: 161093K(162816K)->0K(162816K) Eden: 150469K(151040K)->0K(151040K) From: 10624K(11776K)->0K(11776K)
[2026-03-22T19:48:59.919+0900][0.451s][info][gc,heap        ] GC(14) ParOldGen: 291848K(349696K)->103430K(349696K)
[2026-03-22T19:48:59.919+0900][0.451s][info][gc,metaspace   ] GC(14) Metaspace: 338K(512K)->338K(512K) NonClass: 320K(384K)->320K(384K) Class: 17K(128K)->17K(128K)
[2026-03-22T19:48:59.919+0900][0.451s][info][gc             ] GC(14) Pause Full (Ergonomics) 442M->101M(500M) 8.336ms
[2026-03-22T19:48:59.919+0900][0.451s][info][gc,cpu         ] GC(14) User=0.02s Sys=0.05s Real=0.01s
[2026-03-22T19:48:59.934+0900][0.465s][info][gc,start       ] GC(15) Pause Young (Allocation Failure)
[2026-03-22T19:48:59.938+0900][0.469s][info][gc,heap        ] GC(15) PSYoungGen: 150470K(162816K)->10496K(162816K) Eden: 150470K(151040K)->0K(151040K) From: 0K(11776K)->10496K(11776K)
[2026-03-22T19:48:59.938+0900][0.469s][info][gc,heap        ] GC(15) ParOldGen: 103430K(349696K)->197639K(349696K)
[2026-03-22T19:48:59.938+0900][0.469s][info][gc,metaspace   ] GC(15) Metaspace: 338K(512K)->338K(512K) NonClass: 320K(384K)->320K(384K) Class: 17K(128K)->17K(128K)
[2026-03-22T19:48:59.938+0900][0.469s][info][gc             ] GC(15) Pause Young (Allocation Failure) 247M->203M(500M) 4.264ms
[2026-03-22T19:48:59.938+0900][0.469s][info][gc,cpu         ] GC(15) User=0.00s Sys=0.00s Real=0.00s
[2026-03-22T19:48:59.953+0900][0.485s][info][gc,start       ] GC(16) Pause Young (Allocation Failure)
[2026-03-22T19:48:59.958+0900][0.489s][info][gc,heap        ] GC(16) PSYoungGen: 160967K(162816K)->10496K(162816K) Eden: 150471K(151040K)->0K(151040K) From: 10496K(11776K)->10496K(11776K)
[2026-03-22T19:48:59.958+0900][0.489s][info][gc,heap        ] GC(16) ParOldGen: 197639K(349696K)->292000K(349696K)
[2026-03-22T19:48:59.958+0900][0.489s][info][gc,metaspace   ] GC(16) Metaspace: 338K(512K)->338K(512K) NonClass: 320K(384K)->320K(384K) Class: 17K(128K)->17K(128K)
[2026-03-22T19:48:59.958+0900][0.489s][info][gc             ] GC(16) Pause Young (Allocation Failure) 350M->295M(500M) 4.290ms
[2026-03-22T19:48:59.958+0900][0.489s][info][gc,cpu         ] GC(16) User=0.00s Sys=0.00s Real=0.00s
[2026-03-22T19:48:59.972+0900][0.503s][info][gc,start       ] GC(17) Pause Full (Ergonomics)
[2026-03-22T19:48:59.972+0900][0.503s][info][gc,phases,start] GC(17) Marking Phase
[2026-03-22T19:48:59.972+0900][0.504s][info][gc,phases      ] GC(17) Marking Phase 0.969ms
[2026-03-22T19:48:59.972+0900][0.504s][info][gc,phases,start] GC(17) Summary Phase
[2026-03-22T19:48:59.972+0900][0.504s][info][gc,phases      ] GC(17) Summary Phase 0.014ms
[2026-03-22T19:48:59.972+0900][0.504s][info][gc,phases,start] GC(17) Adjust Roots
[2026-03-22T19:48:59.973+0900][0.505s][info][gc,phases      ] GC(17) Adjust Roots 0.177ms
[2026-03-22T19:48:59.973+0900][0.505s][info][gc,phases,start] GC(17) Compaction Phase
[2026-03-22T19:48:59.978+0900][0.510s][info][gc,phases      ] GC(17) Compaction Phase 5.652ms
[2026-03-22T19:48:59.978+0900][0.510s][info][gc,phases,start] GC(17) Post Compact
[2026-03-22T19:48:59.980+0900][0.512s][info][gc,phases      ] GC(17) Post Compact 1.377ms
[2026-03-22T19:48:59.980+0900][0.512s][info][gc,heap        ] GC(17) PSYoungGen: 160968K(162816K)->0K(162816K) Eden: 150472K(151040K)->0K(151040K) From: 10496K(11776K)->0K(11776K)
[2026-03-22T19:48:59.980+0900][0.512s][info][gc,heap        ] GC(17) ParOldGen: 292000K(349696K)->103430K(349696K)
[2026-03-22T19:48:59.980+0900][0.512s][info][gc,metaspace   ] GC(17) Metaspace: 338K(512K)->338K(512K) NonClass: 320K(384K)->320K(384K) Class: 17K(128K)->17K(128K)
[2026-03-22T19:48:59.980+0900][0.512s][info][gc             ] GC(17) Pause Full (Ergonomics) 442M->101M(500M) 8.428ms
[2026-03-22T19:48:59.980+0900][0.512s][info][gc,cpu         ] GC(17) User=0.03s Sys=0.03s Real=0.01s
[2026-03-22T19:48:59.993+0900][0.525s][info][gc,start       ] GC(18) Pause Young (Allocation Failure)
[2026-03-22T19:48:59.998+0900][0.530s][info][gc,heap        ] GC(18) PSYoungGen: 150472K(162816K)->10496K(162816K) Eden: 150472K(151040K)->0K(151040K) From: 0K(11776K)->10496K(11776K)
[2026-03-22T19:48:59.998+0900][0.530s][info][gc,heap        ] GC(18) ParOldGen: 103430K(349696K)->197639K(349696K)
[2026-03-22T19:48:59.998+0900][0.530s][info][gc,metaspace   ] GC(18) Metaspace: 338K(512K)->338K(512K) NonClass: 320K(384K)->320K(384K) Class: 17K(128K)->17K(128K)
[2026-03-22T19:48:59.998+0900][0.530s][info][gc             ] GC(18) Pause Young (Allocation Failure) 247M->203M(500M) 4.435ms
[2026-03-22T19:48:59.998+0900][0.530s][info][gc,cpu         ] GC(18) User=0.00s Sys=0.00s Real=0.00s
[2026-03-22T19:49:00.014+0900][0.545s][info][gc,start       ] GC(19) Pause Young (Allocation Failure)
[2026-03-22T19:49:00.019+0900][0.550s][info][gc,heap        ] GC(19) PSYoungGen: 160968K(162816K)->10496K(162816K) Eden: 150472K(151040K)->0K(151040K) From: 10496K(11776K)->10496K(11776K)
[2026-03-22T19:49:00.019+0900][0.550s][info][gc,heap        ] GC(19) ParOldGen: 197639K(349696K)->291992K(349696K)
[2026-03-22T19:49:00.019+0900][0.550s][info][gc,metaspace   ] GC(19) Metaspace: 338K(512K)->338K(512K) NonClass: 320K(384K)->320K(384K) Class: 17K(128K)->17K(128K)
[2026-03-22T19:49:00.019+0900][0.550s][info][gc             ] GC(19) Pause Young (Allocation Failure) 350M->295M(500M) 5.122ms
[2026-03-22T19:49:00.019+0900][0.550s][info][gc,cpu         ] GC(19) User=0.00s Sys=0.00s Real=0.01s
[2026-03-22T19:49:00.034+0900][0.565s][info][gc,start       ] GC(20) Pause Full (Ergonomics)
[2026-03-22T19:49:00.034+0900][0.565s][info][gc,phases,start] GC(20) Marking Phase
[2026-03-22T19:49:00.035+0900][0.567s][info][gc,phases      ] GC(20) Marking Phase 1.113ms
[2026-03-22T19:49:00.036+0900][0.567s][info][gc,phases,start] GC(20) Summary Phase
[2026-03-22T19:49:00.036+0900][0.567s][info][gc,phases      ] GC(20) Summary Phase 0.031ms
[2026-03-22T19:49:00.036+0900][0.567s][info][gc,phases,start] GC(20) Adjust Roots
[2026-03-22T19:49:00.036+0900][0.567s][info][gc,phases      ] GC(20) Adjust Roots 0.223ms
[2026-03-22T19:49:00.036+0900][0.567s][info][gc,phases,start] GC(20) Compaction Phase
[2026-03-22T19:49:00.042+0900][0.573s][info][gc,phases      ] GC(20) Compaction Phase 5.789ms
[2026-03-22T19:49:00.042+0900][0.573s][info][gc,phases,start] GC(20) Post Compact
[2026-03-22T19:49:00.043+0900][0.574s][info][gc,phases      ] GC(20) Post Compact 1.408ms
[2026-03-22T19:49:00.043+0900][0.574s][info][gc,heap        ] GC(20) PSYoungGen: 160969K(162816K)->0K(162816K) Eden: 150473K(151040K)->0K(151040K) From: 10496K(11776K)->0K(11776K)
[2026-03-22T19:49:00.043+0900][0.574s][info][gc,heap        ] GC(20) ParOldGen: 291992K(349696K)->103430K(349696K)
[2026-03-22T19:49:00.043+0900][0.574s][info][gc,metaspace   ] GC(20) Metaspace: 338K(512K)->338K(512K) NonClass: 320K(384K)->320K(384K) Class: 17K(128K)->17K(128K)
[2026-03-22T19:49:00.043+0900][0.574s][info][gc             ] GC(20) Pause Full (Ergonomics) 442M->101M(500M) 8.899ms
[2026-03-22T19:49:00.043+0900][0.574s][info][gc,cpu         ] GC(20) User=0.06s Sys=0.00s Real=0.01s
[2026-03-22T19:49:00.057+0900][0.588s][info][gc,start       ] GC(21) Pause Young (Allocation Failure)
[2026-03-22T19:49:00.061+0900][0.593s][info][gc,heap        ] GC(21) PSYoungGen: 150473K(162816K)->10496K(162816K) Eden: 150473K(151040K)->0K(151040K) From: 0K(11776K)->10496K(11776K)
[2026-03-22T19:49:00.061+0900][0.593s][info][gc,heap        ] GC(21) ParOldGen: 103430K(349696K)->197639K(349696K)
[2026-03-22T19:49:00.062+0900][0.593s][info][gc,metaspace   ] GC(21) Metaspace: 338K(512K)->338K(512K) NonClass: 320K(384K)->320K(384K) Class: 17K(128K)->17K(128K)
[2026-03-22T19:49:00.062+0900][0.593s][info][gc             ] GC(21) Pause Young (Allocation Failure) 247M->203M(500M) 4.384ms
[2026-03-22T19:49:00.062+0900][0.593s][info][gc,cpu         ] GC(21) User=0.00s Sys=0.00s Real=0.01s
[2026-03-22T19:49:00.076+0900][0.607s][info][gc,start       ] GC(22) Pause Young (Allocation Failure)
[2026-03-22T19:49:00.080+0900][0.611s][info][gc,heap        ] GC(22) PSYoungGen: 160969K(162816K)->10496K(162816K) Eden: 150473K(151040K)->0K(151040K) From: 10496K(11776K)->10496K(11776K)
[2026-03-22T19:49:00.080+0900][0.611s][info][gc,heap        ] GC(22) ParOldGen: 197639K(349696K)->291992K(349696K)
[2026-03-22T19:49:00.080+0900][0.611s][info][gc,metaspace   ] GC(22) Metaspace: 338K(512K)->338K(512K) NonClass: 320K(384K)->320K(384K) Class: 17K(128K)->17K(128K)
[2026-03-22T19:49:00.080+0900][0.611s][info][gc             ] GC(22) Pause Young (Allocation Failure) 350M->295M(500M) 4.507ms
[2026-03-22T19:49:00.080+0900][0.611s][info][gc,cpu         ] GC(22) User=0.00s Sys=0.00s Real=0.00s
[2026-03-22T19:49:00.094+0900][0.625s][info][gc,start       ] GC(23) Pause Full (Ergonomics)
[2026-03-22T19:49:00.094+0900][0.625s][info][gc,phases,start] GC(23) Marking Phase
[2026-03-22T19:49:00.095+0900][0.626s][info][gc,phases      ] GC(23) Marking Phase 1.027ms
[2026-03-22T19:49:00.095+0900][0.626s][info][gc,phases,start] GC(23) Summary Phase
[2026-03-22T19:49:00.095+0900][0.626s][info][gc,phases      ] GC(23) Summary Phase 0.014ms
[2026-03-22T19:49:00.095+0900][0.626s][info][gc,phases,start] GC(23) Adjust Roots
[2026-03-22T19:49:00.095+0900][0.627s][info][gc,phases      ] GC(23) Adjust Roots 0.457ms
[2026-03-22T19:49:00.095+0900][0.627s][info][gc,phases,start] GC(23) Compaction Phase
[2026-03-22T19:49:00.101+0900][0.633s][info][gc,phases      ] GC(23) Compaction Phase 5.927ms
[2026-03-22T19:49:00.101+0900][0.633s][info][gc,phases,start] GC(23) Post Compact
[2026-03-22T19:49:00.103+0900][0.634s][info][gc,phases      ] GC(23) Post Compact 1.539ms
[2026-03-22T19:49:00.103+0900][0.634s][info][gc,heap        ] GC(23) PSYoungGen: 160969K(162816K)->0K(162816K) Eden: 150473K(151040K)->0K(151040K) From: 10496K(11776K)->0K(11776K)
[2026-03-22T19:49:00.103+0900][0.634s][info][gc,heap        ] GC(23) ParOldGen: 291992K(349696K)->103430K(349696K)
[2026-03-22T19:49:00.103+0900][0.634s][info][gc,metaspace   ] GC(23) Metaspace: 338K(512K)->338K(512K) NonClass: 320K(384K)->320K(384K) Class: 17K(128K)->17K(128K)
[2026-03-22T19:49:00.103+0900][0.634s][info][gc             ] GC(23) Pause Full (Ergonomics) 442M->101M(500M) 9.221ms
[2026-03-22T19:49:00.103+0900][0.634s][info][gc,cpu         ] GC(23) User=0.00s Sys=0.00s Real=0.01s
[2026-03-22T19:49:00.117+0900][0.648s][info][gc,start       ] GC(24) Pause Young (Allocation Failure)
[2026-03-22T19:49:00.121+0900][0.653s][info][gc,heap        ] GC(24) PSYoungGen: 150473K(162816K)->10496K(162816K) Eden: 150473K(151040K)->0K(151040K) From: 0K(11776K)->10496K(11776K)
[2026-03-22T19:49:00.121+0900][0.653s][info][gc,heap        ] GC(24) ParOldGen: 103430K(349696K)->197639K(349696K)
[2026-03-22T19:49:00.121+0900][0.653s][info][gc,metaspace   ] GC(24) Metaspace: 338K(512K)->338K(512K) NonClass: 320K(384K)->320K(384K) Class: 17K(128K)->17K(128K)
[2026-03-22T19:49:00.121+0900][0.653s][info][gc             ] GC(24) Pause Young (Allocation Failure) 247M->203M(500M) 4.483ms
[2026-03-22T19:49:00.121+0900][0.653s][info][gc,cpu         ] GC(24) User=0.06s Sys=0.00s Real=0.00s
[2026-03-22T19:49:00.136+0900][0.667s][info][gc,start       ] GC(25) Pause Young (Allocation Failure)
[2026-03-22T19:49:00.141+0900][0.672s][info][gc,heap        ] GC(25) PSYoungGen: 160969K(162816K)->10496K(162816K) Eden: 150473K(151040K)->0K(151040K) From: 10496K(11776K)->10496K(11776K)
[2026-03-22T19:49:00.141+0900][0.672s][info][gc,heap        ] GC(25) ParOldGen: 197639K(349696K)->291992K(349696K)
[2026-03-22T19:49:00.141+0900][0.672s][info][gc,metaspace   ] GC(25) Metaspace: 338K(512K)->338K(512K) NonClass: 320K(384K)->320K(384K) Class: 17K(128K)->17K(128K)
[2026-03-22T19:49:00.141+0900][0.672s][info][gc             ] GC(25) Pause Young (Allocation Failure) 350M->295M(500M) 4.819ms
[2026-03-22T19:49:00.141+0900][0.672s][info][gc,cpu         ] GC(25) User=0.00s Sys=0.00s Real=0.01s
[2026-03-22T19:49:00.155+0900][0.686s][info][gc,start       ] GC(26) Pause Full (Ergonomics)
[2026-03-22T19:49:00.155+0900][0.686s][info][gc,phases,start] GC(26) Marking Phase
[2026-03-22T19:49:00.156+0900][0.687s][info][gc,phases      ] GC(26) Marking Phase 1.064ms
[2026-03-22T19:49:00.156+0900][0.687s][info][gc,phases,start] GC(26) Summary Phase
[2026-03-22T19:49:00.156+0900][0.687s][info][gc,phases      ] GC(26) Summary Phase 0.013ms
[2026-03-22T19:49:00.156+0900][0.687s][info][gc,phases,start] GC(26) Adjust Roots
[2026-03-22T19:49:00.156+0900][0.687s][info][gc,phases      ] GC(26) Adjust Roots 0.149ms
[2026-03-22T19:49:00.156+0900][0.687s][info][gc,phases,start] GC(26) Compaction Phase
[2026-03-22T19:49:00.161+0900][0.693s][info][gc,phases      ] GC(26) Compaction Phase 5.163ms
[2026-03-22T19:49:00.161+0900][0.693s][info][gc,phases,start] GC(26) Post Compact
[2026-03-22T19:49:00.163+0900][0.694s][info][gc,phases      ] GC(26) Post Compact 1.349ms
[2026-03-22T19:49:00.163+0900][0.694s][info][gc,heap        ] GC(26) PSYoungGen: 160969K(162816K)->0K(162816K) Eden: 150473K(151040K)->0K(151040K) From: 10496K(11776K)->0K(11776K)
[2026-03-22T19:49:00.163+0900][0.694s][info][gc,heap        ] GC(26) ParOldGen: 291992K(349696K)->103430K(349696K)
[2026-03-22T19:49:00.163+0900][0.694s][info][gc,metaspace   ] GC(26) Metaspace: 338K(512K)->338K(512K) NonClass: 320K(384K)->320K(384K) Class: 17K(128K)->17K(128K)
[2026-03-22T19:49:00.163+0900][0.694s][info][gc             ] GC(26) Pause Full (Ergonomics) 442M->101M(500M) 7.929ms
[2026-03-22T19:49:00.163+0900][0.694s][info][gc,cpu         ] GC(26) User=0.00s Sys=0.00s Real=0.01s
[2026-03-22T19:49:00.178+0900][0.709s][info][gc,start       ] GC(27) Pause Young (Allocation Failure)
[2026-03-22T19:49:00.182+0900][0.713s][info][gc,heap        ] GC(27) PSYoungGen: 150473K(162816K)->10496K(162816K) Eden: 150473K(151040K)->0K(151040K) From: 0K(11776K)->10496K(11776K)
[2026-03-22T19:49:00.182+0900][0.714s][info][gc,heap        ] GC(27) ParOldGen: 103430K(349696K)->197639K(349696K)
[2026-03-22T19:49:00.182+0900][0.714s][info][gc,metaspace   ] GC(27) Metaspace: 338K(512K)->338K(512K) NonClass: 320K(384K)->320K(384K) Class: 17K(128K)->17K(128K)
[2026-03-22T19:49:00.182+0900][0.714s][info][gc             ] GC(27) Pause Young (Allocation Failure) 247M->203M(500M) 4.829ms
[2026-03-22T19:49:00.182+0900][0.714s][info][gc,cpu         ] GC(27) User=0.06s Sys=0.00s Real=0.00s
[2026-03-22T19:49:00.196+0900][0.727s][info][gc,start       ] GC(28) Pause Young (Allocation Failure)
[2026-03-22T19:49:00.200+0900][0.732s][info][gc,heap        ] GC(28) PSYoungGen: 160969K(162816K)->10496K(162816K) Eden: 150473K(151040K)->0K(151040K) From: 10496K(11776K)->10496K(11776K)
[2026-03-22T19:49:00.200+0900][0.732s][info][gc,heap        ] GC(28) ParOldGen: 197639K(349696K)->291992K(349696K)
[2026-03-22T19:49:00.200+0900][0.732s][info][gc,metaspace   ] GC(28) Metaspace: 338K(512K)->338K(512K) NonClass: 320K(384K)->320K(384K) Class: 17K(128K)->17K(128K)
[2026-03-22T19:49:00.200+0900][0.732s][info][gc             ] GC(28) Pause Young (Allocation Failure) 350M->295M(500M) 4.816ms
[2026-03-22T19:49:00.200+0900][0.732s][info][gc,cpu         ] GC(28) User=0.06s Sys=0.00s Real=0.00s
[2026-03-22T19:49:00.215+0900][0.746s][info][gc,start       ] GC(29) Pause Full (Ergonomics)
[2026-03-22T19:49:00.215+0900][0.746s][info][gc,phases,start] GC(29) Marking Phase
[2026-03-22T19:49:00.216+0900][0.747s][info][gc,phases      ] GC(29) Marking Phase 1.121ms
[2026-03-22T19:49:00.216+0900][0.747s][info][gc,phases,start] GC(29) Summary Phase
[2026-03-22T19:49:00.216+0900][0.747s][info][gc,phases      ] GC(29) Summary Phase 0.017ms
[2026-03-22T19:49:00.216+0900][0.747s][info][gc,phases,start] GC(29) Adjust Roots
[2026-03-22T19:49:00.216+0900][0.747s][info][gc,phases      ] GC(29) Adjust Roots 0.206ms
[2026-03-22T19:49:00.216+0900][0.747s][info][gc,phases,start] GC(29) Compaction Phase
[2026-03-22T19:49:00.221+0900][0.752s][info][gc,phases      ] GC(29) Compaction Phase 5.103ms
[2026-03-22T19:49:00.221+0900][0.753s][info][gc,phases,start] GC(29) Post Compact
[2026-03-22T19:49:00.222+0900][0.754s][info][gc,phases      ] GC(29) Post Compact 1.472ms
[2026-03-22T19:49:00.222+0900][0.754s][info][gc,heap        ] GC(29) PSYoungGen: 160969K(162816K)->0K(162816K) Eden: 150473K(151040K)->0K(151040K) From: 10496K(11776K)->0K(11776K)
[2026-03-22T19:49:00.222+0900][0.754s][info][gc,heap        ] GC(29) ParOldGen: 291992K(349696K)->103430K(349696K)
[2026-03-22T19:49:00.222+0900][0.754s][info][gc,metaspace   ] GC(29) Metaspace: 338K(512K)->338K(512K) NonClass: 320K(384K)->320K(384K) Class: 17K(128K)->17K(128K)
[2026-03-22T19:49:00.222+0900][0.754s][info][gc             ] GC(29) Pause Full (Ergonomics) 442M->101M(500M) 8.239ms
[2026-03-22T19:49:00.222+0900][0.754s][info][gc,cpu         ] GC(29) User=0.00s Sys=0.00s Real=0.01s
[2026-03-22T19:49:00.237+0900][0.769s][info][gc,start       ] GC(30) Pause Young (Allocation Failure)
[2026-03-22T19:49:00.242+0900][0.773s][info][gc,heap        ] GC(30) PSYoungGen: 150473K(162816K)->10496K(161792K) Eden: 150473K(151040K)->0K(151040K) From: 0K(11776K)->10496K(10752K)
[2026-03-22T19:49:00.242+0900][0.773s][info][gc,heap        ] GC(30) ParOldGen: 103430K(349696K)->197639K(349696K)
[2026-03-22T19:49:00.242+0900][0.773s][info][gc,metaspace   ] GC(30) Metaspace: 338K(512K)->338K(512K) NonClass: 320K(384K)->320K(384K) Class: 17K(128K)->17K(128K)
[2026-03-22T19:49:00.242+0900][0.774s][info][gc             ] GC(30) Pause Young (Allocation Failure) 247M->203M(499M) 4.684ms
[2026-03-22T19:49:00.242+0900][0.774s][info][gc,cpu         ] GC(30) User=0.00s Sys=0.00s Real=0.01s
[2026-03-22T19:49:00.256+0900][0.787s][info][gc,start       ] GC(31) Pause Young (Allocation Failure)
[2026-03-22T19:49:00.261+0900][0.792s][info][gc,heap        ] GC(31) PSYoungGen: 160969K(161792K)->10496K(162304K) Eden: 150473K(151040K)->0K(151040K) From: 10496K(10752K)->10496K(11264K)
[2026-03-22T19:49:00.261+0900][0.792s][info][gc,heap        ] GC(31) ParOldGen: 197639K(349696K)->291992K(349696K)
[2026-03-22T19:49:00.261+0900][0.792s][info][gc,metaspace   ] GC(31) Metaspace: 338K(512K)->338K(512K) NonClass: 320K(384K)->320K(384K) Class: 17K(128K)->17K(128K)
[2026-03-22T19:49:00.261+0900][0.792s][info][gc             ] GC(31) Pause Young (Allocation Failure) 350M->295M(500M) 4.626ms
[2026-03-22T19:49:00.261+0900][0.792s][info][gc,cpu         ] GC(31) User=0.06s Sys=0.00s Real=0.00s
[2026-03-22T19:49:00.274+0900][0.806s][info][gc,start       ] GC(32) Pause Full (Ergonomics)
[2026-03-22T19:49:00.275+0900][0.806s][info][gc,phases,start] GC(32) Marking Phase
[2026-03-22T19:49:00.276+0900][0.807s][info][gc,phases      ] GC(32) Marking Phase 1.040ms
[2026-03-22T19:49:00.276+0900][0.807s][info][gc,phases,start] GC(32) Summary Phase
[2026-03-22T19:49:00.276+0900][0.807s][info][gc,phases      ] GC(32) Summary Phase 0.014ms
[2026-03-22T19:49:00.276+0900][0.807s][info][gc,phases,start] GC(32) Adjust Roots
[2026-03-22T19:49:00.276+0900][0.807s][info][gc,phases      ] GC(32) Adjust Roots 0.169ms
[2026-03-22T19:49:00.276+0900][0.807s][info][gc,phases,start] GC(32) Compaction Phase
[2026-03-22T19:49:00.285+0900][0.816s][info][gc,phases      ] GC(32) Compaction Phase 8.993ms
[2026-03-22T19:49:00.285+0900][0.816s][info][gc,phases,start] GC(32) Post Compact
[2026-03-22T19:49:00.286+0900][0.818s][info][gc,phases      ] GC(32) Post Compact 1.825ms
[2026-03-22T19:49:00.286+0900][0.818s][info][gc,heap        ] GC(32) PSYoungGen: 160969K(162304K)->0K(162304K) Eden: 150473K(151040K)->0K(151040K) From: 10496K(11264K)->0K(11264K)
[2026-03-22T19:49:00.286+0900][0.818s][info][gc,heap        ] GC(32) ParOldGen: 291992K(349696K)->103430K(349696K)
[2026-03-22T19:49:00.287+0900][0.818s][info][gc,metaspace   ] GC(32) Metaspace: 338K(512K)->338K(512K) NonClass: 320K(384K)->320K(384K) Class: 17K(128K)->17K(128K)
[2026-03-22T19:49:00.287+0900][0.818s][info][gc             ] GC(32) Pause Full (Ergonomics) 442M->101M(500M) 12.493ms
[2026-03-22T19:49:00.287+0900][0.818s][info][gc,cpu         ] GC(32) User=0.05s Sys=0.00s Real=0.01s
[2026-03-22T19:49:00.307+0900][0.838s][info][gc,start       ] GC(33) Pause Young (Allocation Failure)
[2026-03-22T19:49:00.312+0900][0.843s][info][gc,heap        ] GC(33) PSYoungGen: 150473K(162304K)->10496K(163328K) Eden: 150473K(151040K)->0K(152064K) From: 0K(11264K)->10496K(11264K)
[2026-03-22T19:49:00.312+0900][0.844s][info][gc,heap        ] GC(33) ParOldGen: 103430K(349696K)->197639K(349696K)
[2026-03-22T19:49:00.312+0900][0.844s][info][gc,metaspace   ] GC(33) Metaspace: 338K(512K)->338K(512K) NonClass: 320K(384K)->320K(384K) Class: 17K(128K)->17K(128K)
[2026-03-22T19:49:00.312+0900][0.844s][info][gc             ] GC(33) Pause Young (Allocation Failure) 247M->203M(501M) 5.547ms
[2026-03-22T19:49:00.312+0900][0.844s][info][gc,cpu         ] GC(33) User=0.00s Sys=0.00s Real=0.01s
[2026-03-22T19:49:00.326+0900][0.858s][info][gc,start       ] GC(34) Pause Young (Allocation Failure)
[2026-03-22T19:49:00.331+0900][0.863s][info][gc,heap        ] GC(34) PSYoungGen: 160989K(163328K)->10496K(163328K) Eden: 150493K(152064K)->0K(152064K) From: 10496K(11264K)->10496K(11264K)
[2026-03-22T19:49:00.331+0900][0.863s][info][gc,heap        ] GC(34) ParOldGen: 197639K(349696K)->291992K(349696K)
[2026-03-22T19:49:00.331+0900][0.863s][info][gc,metaspace   ] GC(34) Metaspace: 338K(512K)->338K(512K) NonClass: 320K(384K)->320K(384K) Class: 17K(128K)->17K(128K)
[2026-03-22T19:49:00.331+0900][0.863s][info][gc             ] GC(34) Pause Young (Allocation Failure) 350M->295M(501M) 5.261ms
[2026-03-22T19:49:00.331+0900][0.863s][info][gc,cpu         ] GC(34) User=0.00s Sys=0.00s Real=0.01s
[2026-03-22T19:49:00.347+0900][0.878s][info][gc,start       ] GC(35) Pause Full (Ergonomics)
[2026-03-22T19:49:00.347+0900][0.878s][info][gc,phases,start] GC(35) Marking Phase
[2026-03-22T19:49:00.348+0900][0.880s][info][gc,phases      ] GC(35) Marking Phase 1.419ms
[2026-03-22T19:49:00.348+0900][0.880s][info][gc,phases,start] GC(35) Summary Phase
[2026-03-22T19:49:00.348+0900][0.880s][info][gc,phases      ] GC(35) Summary Phase 0.033ms
[2026-03-22T19:49:00.348+0900][0.880s][info][gc,phases,start] GC(35) Adjust Roots
[2026-03-22T19:49:00.349+0900][0.880s][info][gc,phases      ] GC(35) Adjust Roots 0.347ms
[2026-03-22T19:49:00.349+0900][0.880s][info][gc,phases,start] GC(35) Compaction Phase
[2026-03-22T19:49:00.356+0900][0.888s][info][gc,phases      ] GC(35) Compaction Phase 7.204ms
[2026-03-22T19:49:00.356+0900][0.888s][info][gc,phases,start] GC(35) Post Compact
[2026-03-22T19:49:00.357+0900][0.889s][info][gc,phases      ] GC(35) Post Compact 1.397ms
[2026-03-22T19:49:00.357+0900][0.889s][info][gc,heap        ] GC(35) PSYoungGen: 160989K(163328K)->0K(163328K) Eden: 150493K(152064K)->0K(152064K) From: 10496K(11264K)->0K(11264K)
[2026-03-22T19:49:00.357+0900][0.889s][info][gc,heap        ] GC(35) ParOldGen: 291992K(349696K)->103430K(349696K)
[2026-03-22T19:49:00.357+0900][0.889s][info][gc,metaspace   ] GC(35) Metaspace: 338K(512K)->338K(512K) NonClass: 320K(384K)->320K(384K) Class: 17K(128K)->17K(128K)
[2026-03-22T19:49:00.357+0900][0.889s][info][gc             ] GC(35) Pause Full (Ergonomics) 442M->101M(501M) 10.778ms
[2026-03-22T19:49:00.357+0900][0.889s][info][gc,cpu         ] GC(35) User=0.06s Sys=0.00s Real=0.01s
[2026-03-22T19:49:00.373+0900][0.904s][info][gc,start       ] GC(36) Pause Young (Allocation Failure)
[2026-03-22T19:49:00.377+0900][0.909s][info][gc,heap        ] GC(36) PSYoungGen: 150493K(163328K)->10464K(163328K) Eden: 150493K(152064K)->0K(152064K) From: 0K(11264K)->10464K(11264K)
[2026-03-22T19:49:00.377+0900][0.909s][info][gc,heap        ] GC(36) ParOldGen: 103430K(349696K)->197639K(349696K)
[2026-03-22T19:49:00.377+0900][0.909s][info][gc,metaspace   ] GC(36) Metaspace: 338K(512K)->338K(512K) NonClass: 320K(384K)->320K(384K) Class: 17K(128K)->17K(128K)
[2026-03-22T19:49:00.377+0900][0.909s][info][gc             ] GC(36) Pause Young (Allocation Failure) 247M->203M(501M) 5.111ms
[2026-03-22T19:49:00.377+0900][0.909s][info][gc,cpu         ] GC(36) User=0.00s Sys=0.00s Real=0.00s
[2026-03-22T19:49:00.392+0900][0.924s][info][gc,start       ] GC(37) Pause Young (Allocation Failure)
[2026-03-22T19:49:00.397+0900][0.929s][info][gc,heap        ] GC(37) PSYoungGen: 160957K(163328K)->10464K(163328K) Eden: 150493K(152064K)->0K(152064K) From: 10464K(11264K)->10464K(11264K)
[2026-03-22T19:49:00.397+0900][0.929s][info][gc,heap        ] GC(37) ParOldGen: 197639K(349696K)->292000K(349696K)
[2026-03-22T19:49:00.397+0900][0.929s][info][gc,metaspace   ] GC(37) Metaspace: 338K(512K)->338K(512K) NonClass: 320K(384K)->320K(384K) Class: 17K(128K)->17K(128K)
[2026-03-22T19:49:00.397+0900][0.929s][info][gc             ] GC(37) Pause Young (Allocation Failure) 350M->295M(501M) 5.217ms
[2026-03-22T19:49:00.397+0900][0.929s][info][gc,cpu         ] GC(37) User=0.00s Sys=0.00s Real=0.01s
[2026-03-22T19:49:00.412+0900][0.943s][info][gc,start       ] GC(38) Pause Full (Ergonomics)
[2026-03-22T19:49:00.412+0900][0.943s][info][gc,phases,start] GC(38) Marking Phase
[2026-03-22T19:49:00.413+0900][0.945s][info][gc,phases      ] GC(38) Marking Phase 1.130ms
[2026-03-22T19:49:00.413+0900][0.945s][info][gc,phases,start] GC(38) Summary Phase
[2026-03-22T19:49:00.413+0900][0.945s][info][gc,phases      ] GC(38) Summary Phase 0.018ms
[2026-03-22T19:49:00.413+0900][0.945s][info][gc,phases,start] GC(38) Adjust Roots
[2026-03-22T19:49:00.413+0900][0.945s][info][gc,phases      ] GC(38) Adjust Roots 0.193ms
[2026-03-22T19:49:00.413+0900][0.945s][info][gc,phases,start] GC(38) Compaction Phase
[2026-03-22T19:49:00.419+0900][0.950s][info][gc,phases      ] GC(38) Compaction Phase 5.542ms
[2026-03-22T19:49:00.419+0900][0.950s][info][gc,phases,start] GC(38) Post Compact
[2026-03-22T19:49:00.420+0900][0.952s][info][gc,phases      ] GC(38) Post Compact 1.504ms
[2026-03-22T19:49:00.420+0900][0.952s][info][gc,heap        ] GC(38) PSYoungGen: 160957K(163328K)->0K(163328K) Eden: 150493K(152064K)->0K(152064K) From: 10464K(11264K)->0K(11264K)
[2026-03-22T19:49:00.420+0900][0.952s][info][gc,heap        ] GC(38) ParOldGen: 292000K(349696K)->103430K(349696K)
[2026-03-22T19:49:00.420+0900][0.952s][info][gc,metaspace   ] GC(38) Metaspace: 338K(512K)->338K(512K) NonClass: 320K(384K)->320K(384K) Class: 17K(128K)->17K(128K)
[2026-03-22T19:49:00.420+0900][0.952s][info][gc             ] GC(38) Pause Full (Ergonomics) 442M->101M(501M) 8.690ms
[2026-03-22T19:49:00.420+0900][0.952s][info][gc,cpu         ] GC(38) User=0.06s Sys=0.00s Real=0.01s
[2026-03-22T19:49:00.435+0900][0.967s][info][gc,start       ] GC(39) Pause Young (Allocation Failure)
[2026-03-22T19:49:00.440+0900][0.972s][info][gc,heap        ] GC(39) PSYoungGen: 150493K(163328K)->10496K(163328K) Eden: 150493K(152064K)->0K(152064K) From: 0K(11264K)->10496K(11264K)
[2026-03-22T19:49:00.440+0900][0.972s][info][gc,heap        ] GC(39) ParOldGen: 103430K(349696K)->197639K(349696K)
[2026-03-22T19:49:00.440+0900][0.972s][info][gc,metaspace   ] GC(39) Metaspace: 338K(512K)->338K(512K) NonClass: 320K(384K)->320K(384K) Class: 17K(128K)->17K(128K)
[2026-03-22T19:49:00.440+0900][0.972s][info][gc             ] GC(39) Pause Young (Allocation Failure) 247M->203M(501M) 5.005ms
[2026-03-22T19:49:00.440+0900][0.972s][info][gc,cpu         ] GC(39) User=0.00s Sys=0.00s Real=0.01s
[2026-03-22T19:49:00.455+0900][0.987s][info][gc,start       ] GC(40) Pause Young (Allocation Failure)
[2026-03-22T19:49:00.460+0900][0.992s][info][gc,heap        ] GC(40) PSYoungGen: 160989K(163328K)->10496K(163328K) Eden: 150493K(152064K)->0K(152064K) From: 10496K(11264K)->10496K(11264K)
[2026-03-22T19:49:00.460+0900][0.992s][info][gc,heap        ] GC(40) ParOldGen: 197639K(349696K)->291992K(349696K)
[2026-03-22T19:49:00.460+0900][0.992s][info][gc,metaspace   ] GC(40) Metaspace: 338K(512K)->338K(512K) NonClass: 320K(384K)->320K(384K) Class: 17K(128K)->17K(128K)
[2026-03-22T19:49:00.460+0900][0.992s][info][gc             ] GC(40) Pause Young (Allocation Failure) 350M->295M(501M) 5.077ms
[2026-03-22T19:49:00.460+0900][0.992s][info][gc,cpu         ] GC(40) User=0.00s Sys=0.00s Real=0.01s
[2026-03-22T19:49:00.475+0900][1.007s][info][gc,start       ] GC(41) Pause Full (Ergonomics)
[2026-03-22T19:49:00.475+0900][1.007s][info][gc,phases,start] GC(41) Marking Phase
[2026-03-22T19:49:00.476+0900][1.008s][info][gc,phases      ] GC(41) Marking Phase 1.160ms
[2026-03-22T19:49:00.476+0900][1.008s][info][gc,phases,start] GC(41) Summary Phase
[2026-03-22T19:49:00.476+0900][1.008s][info][gc,phases      ] GC(41) Summary Phase 0.015ms
[2026-03-22T19:49:00.476+0900][1.008s][info][gc,phases,start] GC(41) Adjust Roots
[2026-03-22T19:49:00.478+0900][1.009s][info][gc,phases      ] GC(41) Adjust Roots 0.234ms
[2026-03-22T19:49:00.478+0900][1.009s][info][gc,phases,start] GC(41) Compaction Phase
[2026-03-22T19:49:00.483+0900][1.014s][info][gc,phases      ] GC(41) Compaction Phase 5.496ms
[2026-03-22T19:49:00.483+0900][1.014s][info][gc,phases,start] GC(41) Post Compact
[2026-03-22T19:49:00.485+0900][1.016s][info][gc,phases      ] GC(41) Post Compact 1.698ms
[2026-03-22T19:49:00.485+0900][1.016s][info][gc,heap        ] GC(41) PSYoungGen: 160989K(163328K)->0K(163328K) Eden: 150493K(152064K)->0K(152064K) From: 10496K(11264K)->0K(11264K)
[2026-03-22T19:49:00.485+0900][1.016s][info][gc,heap        ] GC(41) ParOldGen: 291992K(349696K)->103430K(349696K)
[2026-03-22T19:49:00.485+0900][1.016s][info][gc,metaspace   ] GC(41) Metaspace: 338K(512K)->338K(512K) NonClass: 320K(384K)->320K(384K) Class: 17K(128K)->17K(128K)
[2026-03-22T19:49:00.485+0900][1.016s][info][gc             ] GC(41) Pause Full (Ergonomics) 442M->101M(501M) 9.014ms
[2026-03-22T19:49:00.485+0900][1.016s][info][gc,cpu         ] GC(41) User=0.06s Sys=0.00s Real=0.01s
[2026-03-22T19:49:00.501+0900][1.032s][info][gc,start       ] GC(42) Pause Young (Allocation Failure)
[2026-03-22T19:49:00.506+0900][1.038s][info][gc,heap        ] GC(42) PSYoungGen: 150493K(163328K)->10496K(163328K) Eden: 150493K(152064K)->0K(152064K) From: 0K(11264K)->10496K(11264K)
[2026-03-22T19:49:00.506+0900][1.038s][info][gc,heap        ] GC(42) ParOldGen: 103430K(349696K)->197639K(349696K)
[2026-03-22T19:49:00.506+0900][1.038s][info][gc,metaspace   ] GC(42) Metaspace: 338K(512K)->338K(512K) NonClass: 320K(384K)->320K(384K) Class: 17K(128K)->17K(128K)
[2026-03-22T19:49:00.507+0900][1.038s][info][gc             ] GC(42) Pause Young (Allocation Failure) 247M->203M(501M) 5.277ms
[2026-03-22T19:49:00.507+0900][1.038s][info][gc,cpu         ] GC(42) User=0.00s Sys=0.00s Real=0.01s
[2026-03-22T19:49:00.521+0900][1.052s][info][gc,start       ] GC(43) Pause Young (Allocation Failure)
[2026-03-22T19:49:00.526+0900][1.057s][info][gc,heap        ] GC(43) PSYoungGen: 160989K(163328K)->10496K(163328K) Eden: 150493K(152064K)->0K(152064K) From: 10496K(11264K)->10496K(11264K)
[2026-03-22T19:49:00.526+0900][1.057s][info][gc,heap        ] GC(43) ParOldGen: 197639K(349696K)->291992K(349696K)
[2026-03-22T19:49:00.526+0900][1.057s][info][gc,metaspace   ] GC(43) Metaspace: 338K(512K)->338K(512K) NonClass: 320K(384K)->320K(384K) Class: 17K(128K)->17K(128K)
[2026-03-22T19:49:00.526+0900][1.057s][info][gc             ] GC(43) Pause Young (Allocation Failure) 350M->295M(501M) 4.786ms
[2026-03-22T19:49:00.526+0900][1.057s][info][gc,cpu         ] GC(43) User=0.06s Sys=0.00s Real=0.01s
[2026-03-22T19:49:00.540+0900][1.071s][info][gc,start       ] GC(44) Pause Full (Ergonomics)
[2026-03-22T19:49:00.540+0900][1.071s][info][gc,phases,start] GC(44) Marking Phase
[2026-03-22T19:49:00.541+0900][1.073s][info][gc,phases      ] GC(44) Marking Phase 1.334ms
[2026-03-22T19:49:00.541+0900][1.073s][info][gc,phases,start] GC(44) Summary Phase
[2026-03-22T19:49:00.541+0900][1.073s][info][gc,phases      ] GC(44) Summary Phase 0.016ms
[2026-03-22T19:49:00.541+0900][1.073s][info][gc,phases,start] GC(44) Adjust Roots
[2026-03-22T19:49:00.541+0900][1.073s][info][gc,phases      ] GC(44) Adjust Roots 0.177ms
[2026-03-22T19:49:00.541+0900][1.073s][info][gc,phases,start] GC(44) Compaction Phase
[2026-03-22T19:49:00.548+0900][1.079s][info][gc,phases      ] GC(44) Compaction Phase 5.518ms
[2026-03-22T19:49:00.548+0900][1.079s][info][gc,phases,start] GC(44) Post Compact
[2026-03-22T19:49:00.549+0900][1.080s][info][gc,phases      ] GC(44) Post Compact 1.443ms
[2026-03-22T19:49:00.549+0900][1.080s][info][gc,heap        ] GC(44) PSYoungGen: 160989K(163328K)->0K(163328K) Eden: 150493K(152064K)->0K(152064K) From: 10496K(11264K)->0K(11264K)
[2026-03-22T19:49:00.549+0900][1.080s][info][gc,heap        ] GC(44) ParOldGen: 291992K(349696K)->103430K(349696K)
[2026-03-22T19:49:00.549+0900][1.080s][info][gc,metaspace   ] GC(44) Metaspace: 338K(512K)->338K(512K) NonClass: 320K(384K)->320K(384K) Class: 17K(128K)->17K(128K)
[2026-03-22T19:49:00.549+0900][1.080s][info][gc             ] GC(44) Pause Full (Ergonomics) 442M->101M(501M) 8.708ms
[2026-03-22T19:49:00.549+0900][1.080s][info][gc,cpu         ] GC(44) User=0.06s Sys=0.00s Real=0.01s
[2026-03-22T19:49:00.564+0900][1.095s][info][gc,start       ] GC(45) Pause Young (Allocation Failure)
[2026-03-22T19:49:00.568+0900][1.099s][info][gc,heap        ] GC(45) PSYoungGen: 150493K(163328K)->10496K(163328K) Eden: 150493K(152064K)->0K(152064K) From: 0K(11264K)->10496K(11264K)
[2026-03-22T19:49:00.568+0900][1.099s][info][gc,heap        ] GC(45) ParOldGen: 103430K(349696K)->197639K(349696K)
[2026-03-22T19:49:00.568+0900][1.099s][info][gc,metaspace   ] GC(45) Metaspace: 338K(512K)->338K(512K) NonClass: 320K(384K)->320K(384K) Class: 17K(128K)->17K(128K)
[2026-03-22T19:49:00.568+0900][1.099s][info][gc             ] GC(45) Pause Young (Allocation Failure) 247M->203M(501M) 4.417ms
[2026-03-22T19:49:00.568+0900][1.099s][info][gc,cpu         ] GC(45) User=0.00s Sys=0.00s Real=0.00s
[2026-03-22T19:49:00.582+0900][1.114s][info][gc,start       ] GC(46) Pause Young (Allocation Failure)
[2026-03-22T19:49:00.587+0900][1.119s][info][gc,heap        ] GC(46) PSYoungGen: 160989K(163328K)->10496K(163328K) Eden: 150493K(152064K)->0K(152064K) From: 10496K(11264K)->10496K(11264K)
[2026-03-22T19:49:00.587+0900][1.119s][info][gc,heap        ] GC(46) ParOldGen: 197639K(349696K)->291992K(349696K)
[2026-03-22T19:49:00.587+0900][1.119s][info][gc,metaspace   ] GC(46) Metaspace: 338K(512K)->338K(512K) NonClass: 320K(384K)->320K(384K) Class: 17K(128K)->17K(128K)
[2026-03-22T19:49:00.587+0900][1.119s][info][gc             ] GC(46) Pause Young (Allocation Failure) 350M->295M(501M) 5.079ms
[2026-03-22T19:49:00.588+0900][1.119s][info][gc,cpu         ] GC(46) User=0.00s Sys=0.00s Real=0.00s
[2026-03-22T19:49:00.603+0900][1.135s][info][gc,start       ] GC(47) Pause Full (Ergonomics)
[2026-03-22T19:49:00.603+0900][1.135s][info][gc,phases,start] GC(47) Marking Phase
[2026-03-22T19:49:00.605+0900][1.137s][info][gc,phases      ] GC(47) Marking Phase 1.543ms
[2026-03-22T19:49:00.605+0900][1.137s][info][gc,phases,start] GC(47) Summary Phase
[2026-03-22T19:49:00.605+0900][1.137s][info][gc,phases      ] GC(47) Summary Phase 0.018ms
[2026-03-22T19:49:00.605+0900][1.137s][info][gc,phases,start] GC(47) Adjust Roots
[2026-03-22T19:49:00.605+0900][1.137s][info][gc,phases      ] GC(47) Adjust Roots 0.289ms
[2026-03-22T19:49:00.605+0900][1.137s][info][gc,phases,start] GC(47) Compaction Phase
[2026-03-22T19:49:00.612+0900][1.144s][info][gc,phases      ] GC(47) Compaction Phase 6.828ms
[2026-03-22T19:49:00.612+0900][1.144s][info][gc,phases,start] GC(47) Post Compact
[2026-03-22T19:49:00.614+0900][1.146s][info][gc,phases      ] GC(47) Post Compact 1.635ms
[2026-03-22T19:49:00.614+0900][1.146s][info][gc,heap        ] GC(47) PSYoungGen: 160989K(163328K)->0K(163328K) Eden: 150493K(152064K)->0K(152064K) From: 10496K(11264K)->0K(11264K)
[2026-03-22T19:49:00.614+0900][1.146s][info][gc,heap        ] GC(47) ParOldGen: 291992K(349696K)->103430K(349696K)
[2026-03-22T19:49:00.614+0900][1.146s][info][gc,metaspace   ] GC(47) Metaspace: 338K(512K)->338K(512K) NonClass: 320K(384K)->320K(384K) Class: 17K(128K)->17K(128K)
[2026-03-22T19:49:00.614+0900][1.146s][info][gc             ] GC(47) Pause Full (Ergonomics) 442M->101M(501M) 10.721ms
[2026-03-22T19:49:00.614+0900][1.146s][info][gc,cpu         ] GC(47) User=0.00s Sys=0.00s Real=0.01s
[2026-03-22T19:49:00.629+0900][1.160s][info][gc,start       ] GC(48) Pause Young (Allocation Failure)
[2026-03-22T19:49:00.633+0900][1.165s][info][gc,heap        ] GC(48) PSYoungGen: 150493K(163328K)->10496K(163328K) Eden: 150493K(152064K)->0K(152064K) From: 0K(11264K)->10496K(11264K)
[2026-03-22T19:49:00.633+0900][1.165s][info][gc,heap        ] GC(48) ParOldGen: 103430K(349696K)->197639K(349696K)
[2026-03-22T19:49:00.633+0900][1.165s][info][gc,metaspace   ] GC(48) Metaspace: 338K(512K)->338K(512K) NonClass: 320K(384K)->320K(384K) Class: 17K(128K)->17K(128K)
[2026-03-22T19:49:00.633+0900][1.165s][info][gc             ] GC(48) Pause Young (Allocation Failure) 247M->203M(501M) 4.617ms
[2026-03-22T19:49:00.633+0900][1.165s][info][gc,cpu         ] GC(48) User=0.00s Sys=0.00s Real=0.00s
[2026-03-22T19:49:00.648+0900][1.179s][info][gc,start       ] GC(49) Pause Young (Allocation Failure)
[2026-03-22T19:49:00.652+0900][1.184s][info][gc,heap        ] GC(49) PSYoungGen: 160989K(163328K)->10496K(163328K) Eden: 150493K(152064K)->0K(152064K) From: 10496K(11264K)->10496K(11264K)
[2026-03-22T19:49:00.653+0900][1.184s][info][gc,heap        ] GC(49) ParOldGen: 197639K(349696K)->291992K(349696K)
[2026-03-22T19:49:00.653+0900][1.184s][info][gc,metaspace   ] GC(49) Metaspace: 338K(512K)->338K(512K) NonClass: 320K(384K)->320K(384K) Class: 17K(128K)->17K(128K)
[2026-03-22T19:49:00.653+0900][1.184s][info][gc             ] GC(49) Pause Young (Allocation Failure) 350M->295M(501M) 4.931ms
[2026-03-22T19:49:00.653+0900][1.184s][info][gc,cpu         ] GC(49) User=0.06s Sys=0.00s Real=0.01s
[2026-03-22T19:49:00.667+0900][1.198s][info][gc,start       ] GC(50) Pause Full (Ergonomics)
[2026-03-22T19:49:00.667+0900][1.198s][info][gc,phases,start] GC(50) Marking Phase
[2026-03-22T19:49:00.668+0900][1.199s][info][gc,phases      ] GC(50) Marking Phase 1.017ms
[2026-03-22T19:49:00.668+0900][1.199s][info][gc,phases,start] GC(50) Summary Phase
[2026-03-22T19:49:00.668+0900][1.199s][info][gc,phases      ] GC(50) Summary Phase 0.016ms
[2026-03-22T19:49:00.668+0900][1.199s][info][gc,phases,start] GC(50) Adjust Roots
[2026-03-22T19:49:00.668+0900][1.199s][info][gc,phases      ] GC(50) Adjust Roots 0.186ms
[2026-03-22T19:49:00.668+0900][1.199s][info][gc,phases,start] GC(50) Compaction Phase
[2026-03-22T19:49:00.673+0900][1.205s][info][gc,phases      ] GC(50) Compaction Phase 5.249ms
[2026-03-22T19:49:00.673+0900][1.205s][info][gc,phases,start] GC(50) Post Compact
[2026-03-22T19:49:00.675+0900][1.206s][info][gc,phases      ] GC(50) Post Compact 1.430ms
[2026-03-22T19:49:00.675+0900][1.206s][info][gc,heap        ] GC(50) PSYoungGen: 160989K(163328K)->0K(163328K) Eden: 150493K(152064K)->0K(152064K) From: 10496K(11264K)->0K(11264K)
[2026-03-22T19:49:00.675+0900][1.206s][info][gc,heap        ] GC(50) ParOldGen: 291992K(349696K)->103430K(349696K)
[2026-03-22T19:49:00.675+0900][1.206s][info][gc,metaspace   ] GC(50) Metaspace: 338K(512K)->338K(512K) NonClass: 320K(384K)->320K(384K) Class: 17K(128K)->17K(128K)
[2026-03-22T19:49:00.675+0900][1.206s][info][gc             ] GC(50) Pause Full (Ergonomics) 442M->101M(501M) 8.115ms
[2026-03-22T19:49:00.675+0900][1.206s][info][gc,cpu         ] GC(50) User=0.00s Sys=0.00s Real=0.01s
[2026-03-22T19:49:00.689+0900][1.221s][info][gc,start       ] GC(51) Pause Young (Allocation Failure)
[2026-03-22T19:49:00.694+0900][1.225s][info][gc,heap        ] GC(51) PSYoungGen: 150493K(163328K)->10496K(163328K) Eden: 150493K(152064K)->0K(152064K) From: 0K(11264K)->10496K(11264K)
[2026-03-22T19:49:00.694+0900][1.226s][info][gc,heap        ] GC(51) ParOldGen: 103430K(349696K)->197639K(349696K)
[2026-03-22T19:49:00.694+0900][1.226s][info][gc,metaspace   ] GC(51) Metaspace: 338K(512K)->338K(512K) NonClass: 320K(384K)->320K(384K) Class: 17K(128K)->17K(128K)
[2026-03-22T19:49:00.694+0900][1.226s][info][gc             ] GC(51) Pause Young (Allocation Failure) 247M->203M(501M) 4.739ms
[2026-03-22T19:49:00.694+0900][1.226s][info][gc,cpu         ] GC(51) User=0.00s Sys=0.00s Real=0.01s
[2026-03-22T19:49:00.710+0900][1.241s][info][gc,start       ] GC(52) Pause Young (Allocation Failure)
[2026-03-22T19:49:00.715+0900][1.246s][info][gc,heap        ] GC(52) PSYoungGen: 160989K(163328K)->10496K(163328K) Eden: 150493K(152064K)->0K(152064K) From: 10496K(11264K)->10496K(11264K)
[2026-03-22T19:49:00.719+0900][1.251s][info][gc,heap        ] GC(52) ParOldGen: 197639K(349696K)->291992K(349696K)
[2026-03-22T19:49:00.719+0900][1.251s][info][gc,metaspace   ] GC(52) Metaspace: 338K(512K)->338K(512K) NonClass: 320K(384K)->320K(384K) Class: 17K(128K)->17K(128K)
[2026-03-22T19:49:00.719+0900][1.251s][info][gc             ] GC(52) Pause Young (Allocation Failure) 350M->295M(501M) 9.860ms
[2026-03-22T19:49:00.719+0900][1.251s][info][gc,cpu         ] GC(52) User=0.06s Sys=0.00s Real=0.01s
[2026-03-22T19:49:00.736+0900][1.267s][info][gc,start       ] GC(53) Pause Full (Ergonomics)
[2026-03-22T19:49:00.736+0900][1.268s][info][gc,phases,start] GC(53) Marking Phase
[2026-03-22T19:49:00.737+0900][1.269s][info][gc,phases      ] GC(53) Marking Phase 1.088ms
[2026-03-22T19:49:00.737+0900][1.269s][info][gc,phases,start] GC(53) Summary Phase
[2026-03-22T19:49:00.737+0900][1.269s][info][gc,phases      ] GC(53) Summary Phase 0.014ms
[2026-03-22T19:49:00.737+0900][1.269s][info][gc,phases,start] GC(53) Adjust Roots
[2026-03-22T19:49:00.737+0900][1.269s][info][gc,phases      ] GC(53) Adjust Roots 0.211ms
[2026-03-22T19:49:00.737+0900][1.269s][info][gc,phases,start] GC(53) Compaction Phase
[2026-03-22T19:49:00.743+0900][1.275s][info][gc,phases      ] GC(53) Compaction Phase 5.609ms
[2026-03-22T19:49:00.743+0900][1.275s][info][gc,phases,start] GC(53) Post Compact
[2026-03-22T19:49:00.744+0900][1.276s][info][gc,phases      ] GC(53) Post Compact 1.511ms
[2026-03-22T19:49:00.744+0900][1.276s][info][gc,heap        ] GC(53) PSYoungGen: 160989K(163328K)->0K(163328K) Eden: 150493K(152064K)->0K(152064K) From: 10496K(11264K)->0K(11264K)
[2026-03-22T19:49:00.744+0900][1.276s][info][gc,heap        ] GC(53) ParOldGen: 291992K(349696K)->103430K(349696K)
[2026-03-22T19:49:00.744+0900][1.276s][info][gc,metaspace   ] GC(53) Metaspace: 338K(512K)->338K(512K) NonClass: 320K(384K)->320K(384K) Class: 17K(128K)->17K(128K)
[2026-03-22T19:49:00.744+0900][1.276s][info][gc             ] GC(53) Pause Full (Ergonomics) 442M->101M(501M) 8.699ms
[2026-03-22T19:49:00.745+0900][1.276s][info][gc,cpu         ] GC(53) User=0.00s Sys=0.02s Real=0.01s
[2026-03-22T19:49:00.760+0900][1.291s][info][gc,start       ] GC(54) Pause Young (Allocation Failure)
[2026-03-22T19:49:00.765+0900][1.296s][info][gc,heap        ] GC(54) PSYoungGen: 150493K(163328K)->10496K(162816K) Eden: 150493K(152064K)->0K(152064K) From: 0K(11264K)->10496K(10752K)
[2026-03-22T19:49:00.765+0900][1.296s][info][gc,heap        ] GC(54) ParOldGen: 103430K(349696K)->197639K(349696K)
[2026-03-22T19:49:00.765+0900][1.296s][info][gc,metaspace   ] GC(54) Metaspace: 338K(512K)->338K(512K) NonClass: 320K(384K)->320K(384K) Class: 17K(128K)->17K(128K)
[2026-03-22T19:49:00.765+0900][1.296s][info][gc             ] GC(54) Pause Young (Allocation Failure) 247M->203M(500M) 4.724ms
[2026-03-22T19:49:00.765+0900][1.296s][info][gc,cpu         ] GC(54) User=0.00s Sys=0.00s Real=0.01s
[2026-03-22T19:49:00.779+0900][1.310s][info][gc,start       ] GC(55) Pause Young (Allocation Failure)
[2026-03-22T19:49:00.784+0900][1.315s][info][gc,heap        ] GC(55) PSYoungGen: 160989K(162816K)->10496K(162816K) Eden: 150493K(152064K)->0K(152064K) From: 10496K(10752K)->10496K(10752K)
[2026-03-22T19:49:00.784+0900][1.315s][info][gc,heap        ] GC(55) ParOldGen: 197639K(349696K)->291992K(349696K)
[2026-03-22T19:49:00.784+0900][1.315s][info][gc,metaspace   ] GC(55) Metaspace: 338K(512K)->338K(512K) NonClass: 320K(384K)->320K(384K) Class: 17K(128K)->17K(128K)
[2026-03-22T19:49:00.784+0900][1.316s][info][gc             ] GC(55) Pause Young (Allocation Failure) 350M->295M(500M) 5.050ms
[2026-03-22T19:49:00.784+0900][1.316s][info][gc,cpu         ] GC(55) User=0.00s Sys=0.00s Real=0.00s
[2026-03-22T19:49:00.799+0900][1.331s][info][gc,start       ] GC(56) Pause Full (Ergonomics)
[2026-03-22T19:49:00.799+0900][1.331s][info][gc,phases,start] GC(56) Marking Phase
[2026-03-22T19:49:00.800+0900][1.332s][info][gc,phases      ] GC(56) Marking Phase 0.963ms
[2026-03-22T19:49:00.800+0900][1.332s][info][gc,phases,start] GC(56) Summary Phase
[2026-03-22T19:49:00.800+0900][1.332s][info][gc,phases      ] GC(56) Summary Phase 0.017ms
[2026-03-22T19:49:00.800+0900][1.332s][info][gc,phases,start] GC(56) Adjust Roots
[2026-03-22T19:49:00.800+0900][1.332s][info][gc,phases      ] GC(56) Adjust Roots 0.182ms
[2026-03-22T19:49:00.800+0900][1.332s][info][gc,phases,start] GC(56) Compaction Phase
[2026-03-22T19:49:00.805+0900][1.337s][info][gc,phases      ] GC(56) Compaction Phase 5.365ms
[2026-03-22T19:49:00.805+0900][1.337s][info][gc,phases,start] GC(56) Post Compact
[2026-03-22T19:49:00.807+0900][1.339s][info][gc,phases      ] GC(56) Post Compact 1.512ms
[2026-03-22T19:49:00.807+0900][1.339s][info][gc,heap        ] GC(56) PSYoungGen: 160989K(162816K)->0K(162816K) Eden: 150493K(152064K)->0K(152064K) From: 10496K(10752K)->0K(10752K)
[2026-03-22T19:49:00.807+0900][1.339s][info][gc,heap        ] GC(56) ParOldGen: 291992K(349696K)->103430K(349696K)
[2026-03-22T19:49:00.807+0900][1.339s][info][gc,metaspace   ] GC(56) Metaspace: 338K(512K)->338K(512K) NonClass: 320K(384K)->320K(384K) Class: 17K(128K)->17K(128K)
[2026-03-22T19:49:00.807+0900][1.339s][info][gc             ] GC(56) Pause Full (Ergonomics) 442M->101M(500M) 8.302ms
[2026-03-22T19:49:00.807+0900][1.339s][info][gc,cpu         ] GC(56) User=0.02s Sys=0.00s Real=0.01s
[2026-03-22T19:49:00.823+0900][1.355s][info][gc,start       ] GC(57) Pause Young (Allocation Failure)
[2026-03-22T19:49:00.827+0900][1.359s][info][gc,heap        ] GC(57) PSYoungGen: 150493K(162816K)->10496K(163840K) Eden: 150493K(152064K)->0K(153088K) From: 0K(10752K)->10496K(10752K)
[2026-03-22T19:49:00.827+0900][1.359s][info][gc,heap        ] GC(57) ParOldGen: 103430K(349696K)->197639K(349696K)
[2026-03-22T19:49:00.827+0900][1.359s][info][gc,metaspace   ] GC(57) Metaspace: 338K(512K)->338K(512K) NonClass: 320K(384K)->320K(384K) Class: 17K(128K)->17K(128K)
[2026-03-22T19:49:00.827+0900][1.359s][info][gc             ] GC(57) Pause Young (Allocation Failure) 247M->203M(501M) 4.674ms
[2026-03-22T19:49:00.827+0900][1.359s][info][gc,cpu         ] GC(57) User=0.00s Sys=0.00s Real=0.00s
[2026-03-22T19:49:00.843+0900][1.375s][info][gc,start       ] GC(58) Pause Young (Allocation Failure)
[2026-03-22T19:49:00.848+0900][1.380s][info][gc,heap        ] GC(58) PSYoungGen: 163057K(163840K)->10496K(163840K) Eden: 152561K(153088K)->0K(153088K) From: 10496K(10752K)->10496K(10752K)
[2026-03-22T19:49:00.848+0900][1.380s][info][gc,heap        ] GC(58) ParOldGen: 197639K(349696K)->291992K(349696K)
[2026-03-22T19:49:00.848+0900][1.380s][info][gc,metaspace   ] GC(58) Metaspace: 338K(512K)->338K(512K) NonClass: 320K(384K)->320K(384K) Class: 17K(128K)->17K(128K)
[2026-03-22T19:49:00.848+0900][1.380s][info][gc             ] GC(58) Pause Young (Allocation Failure) 352M->295M(501M) 4.880ms
[2026-03-22T19:49:00.848+0900][1.380s][info][gc,cpu         ] GC(58) User=0.00s Sys=0.00s Real=0.01s
[2026-03-22T19:49:00.863+0900][1.395s][info][gc,start       ] GC(59) Pause Full (Ergonomics)
[2026-03-22T19:49:00.863+0900][1.395s][info][gc,phases,start] GC(59) Marking Phase
[2026-03-22T19:49:00.864+0900][1.396s][info][gc,phases      ] GC(59) Marking Phase 1.065ms
[2026-03-22T19:49:00.864+0900][1.396s][info][gc,phases,start] GC(59) Summary Phase
[2026-03-22T19:49:00.864+0900][1.396s][info][gc,phases      ] GC(59) Summary Phase 0.015ms
[2026-03-22T19:49:00.864+0900][1.396s][info][gc,phases,start] GC(59) Adjust Roots
[2026-03-22T19:49:00.864+0900][1.396s][info][gc,phases      ] GC(59) Adjust Roots 0.178ms
[2026-03-22T19:49:00.864+0900][1.396s][info][gc,phases,start] GC(59) Compaction Phase
[2026-03-22T19:49:00.870+0900][1.402s][info][gc,phases      ] GC(59) Compaction Phase 5.452ms
[2026-03-22T19:49:00.870+0900][1.402s][info][gc,phases,start] GC(59) Post Compact
[2026-03-22T19:49:00.871+0900][1.403s][info][gc,phases      ] GC(59) Post Compact 1.386ms
[2026-03-22T19:49:00.871+0900][1.403s][info][gc,heap        ] GC(59) PSYoungGen: 163057K(163840K)->0K(163840K) Eden: 152561K(153088K)->0K(153088K) From: 10496K(10752K)->0K(10752K)
[2026-03-22T19:49:00.871+0900][1.403s][info][gc,heap        ] GC(59) ParOldGen: 291992K(349696K)->103430K(349696K)
[2026-03-22T19:49:00.871+0900][1.403s][info][gc,metaspace   ] GC(59) Metaspace: 338K(512K)->338K(512K) NonClass: 320K(384K)->320K(384K) Class: 17K(128K)->17K(128K)
[2026-03-22T19:49:00.871+0900][1.403s][info][gc             ] GC(59) Pause Full (Ergonomics) 444M->101M(501M) 8.401ms
[2026-03-22T19:49:00.871+0900][1.403s][info][gc,cpu         ] GC(59) User=0.06s Sys=0.00s Real=0.01s
[2026-03-22T19:49:00.887+0900][1.419s][info][gc,start       ] GC(60) Pause Young (Allocation Failure)
[2026-03-22T19:49:00.891+0900][1.423s][info][gc,heap        ] GC(60) PSYoungGen: 152561K(163840K)->10496K(163840K) Eden: 152561K(153088K)->0K(153088K) From: 0K(10752K)->10496K(10752K)
[2026-03-22T19:49:00.891+0900][1.423s][info][gc,heap        ] GC(60) ParOldGen: 103430K(349696K)->197639K(349696K)
[2026-03-22T19:49:00.891+0900][1.423s][info][gc,metaspace   ] GC(60) Metaspace: 338K(512K)->338K(512K) NonClass: 320K(384K)->320K(384K) Class: 17K(128K)->17K(128K)
[2026-03-22T19:49:00.891+0900][1.423s][info][gc             ] GC(60) Pause Young (Allocation Failure) 249M->203M(501M) 4.462ms
[2026-03-22T19:49:00.891+0900][1.423s][info][gc,cpu         ] GC(60) User=0.00s Sys=0.00s Real=0.00s
[2026-03-22T19:49:00.907+0900][1.438s][info][gc,start       ] GC(61) Pause Young (Allocation Failure)
[2026-03-22T19:49:00.912+0900][1.443s][info][gc,heap        ] GC(61) PSYoungGen: 163057K(163840K)->10496K(163840K) Eden: 152561K(153088K)->0K(153088K) From: 10496K(10752K)->10496K(10752K)
[2026-03-22T19:49:00.912+0900][1.443s][info][gc,heap        ] GC(61) ParOldGen: 197639K(349696K)->292000K(349696K)
[2026-03-22T19:49:00.912+0900][1.443s][info][gc,metaspace   ] GC(61) Metaspace: 338K(512K)->338K(512K) NonClass: 320K(384K)->320K(384K) Class: 17K(128K)->17K(128K)
[2026-03-22T19:49:00.912+0900][1.443s][info][gc             ] GC(61) Pause Young (Allocation Failure) 352M->295M(501M) 4.742ms
[2026-03-22T19:49:00.912+0900][1.443s][info][gc,cpu         ] GC(61) User=0.00s Sys=0.00s Real=0.00s
[2026-03-22T19:49:00.927+0900][1.458s][info][gc,start       ] GC(62) Pause Full (Ergonomics)
[2026-03-22T19:49:00.927+0900][1.458s][info][gc,phases,start] GC(62) Marking Phase
[2026-03-22T19:49:00.928+0900][1.460s][info][gc,phases      ] GC(62) Marking Phase 1.115ms
[2026-03-22T19:49:00.928+0900][1.460s][info][gc,phases,start] GC(62) Summary Phase
[2026-03-22T19:49:00.928+0900][1.460s][info][gc,phases      ] GC(62) Summary Phase 0.016ms
[2026-03-22T19:49:00.928+0900][1.460s][info][gc,phases,start] GC(62) Adjust Roots
[2026-03-22T19:49:00.928+0900][1.460s][info][gc,phases      ] GC(62) Adjust Roots 0.191ms
[2026-03-22T19:49:00.928+0900][1.460s][info][gc,phases,start] GC(62) Compaction Phase
[2026-03-22T19:49:00.934+0900][1.465s][info][gc,phases      ] GC(62) Compaction Phase 5.396ms
[2026-03-22T19:49:00.934+0900][1.465s][info][gc,phases,start] GC(62) Post Compact
[2026-03-22T19:49:00.935+0900][1.467s][info][gc,phases      ] GC(62) Post Compact 1.472ms
[2026-03-22T19:49:00.935+0900][1.467s][info][gc,heap        ] GC(62) PSYoungGen: 163057K(163840K)->0K(163840K) Eden: 152561K(153088K)->0K(153088K) From: 10496K(10752K)->0K(10752K)
[2026-03-22T19:49:00.935+0900][1.467s][info][gc,heap        ] GC(62) ParOldGen: 292000K(349696K)->103430K(349696K)
[2026-03-22T19:49:00.935+0900][1.467s][info][gc,metaspace   ] GC(62) Metaspace: 338K(512K)->338K(512K) NonClass: 320K(384K)->320K(384K) Class: 17K(128K)->17K(128K)
[2026-03-22T19:49:00.935+0900][1.467s][info][gc             ] GC(62) Pause Full (Ergonomics) 444M->101M(501M) 8.434ms
[2026-03-22T19:49:00.935+0900][1.467s][info][gc,cpu         ] GC(62) User=0.06s Sys=0.00s Real=0.01s
[2026-03-22T19:49:00.951+0900][1.482s][info][gc,start       ] GC(63) Pause Young (Allocation Failure)
[2026-03-22T19:49:00.955+0900][1.486s][info][gc,heap        ] GC(63) PSYoungGen: 152561K(163840K)->10496K(163840K) Eden: 152561K(153088K)->0K(153088K) From: 0K(10752K)->10496K(10752K)
[2026-03-22T19:49:00.955+0900][1.486s][info][gc,heap        ] GC(63) ParOldGen: 103430K(349696K)->197639K(349696K)
[2026-03-22T19:49:00.955+0900][1.486s][info][gc,metaspace   ] GC(63) Metaspace: 338K(512K)->338K(512K) NonClass: 320K(384K)->320K(384K) Class: 17K(128K)->17K(128K)
[2026-03-22T19:49:00.955+0900][1.486s][info][gc             ] GC(63) Pause Young (Allocation Failure) 249M->203M(501M) 4.474ms
[2026-03-22T19:49:00.955+0900][1.486s][info][gc,cpu         ] GC(63) User=0.00s Sys=0.00s Real=0.00s
[2026-03-22T19:49:00.971+0900][1.502s][info][gc,start       ] GC(64) Pause Young (Allocation Failure)
[2026-03-22T19:49:00.975+0900][1.507s][info][gc,heap        ] GC(64) PSYoungGen: 163057K(163840K)->10496K(163840K) Eden: 152561K(153088K)->0K(153088K) From: 10496K(10752K)->10496K(10752K)
[2026-03-22T19:49:00.975+0900][1.507s][info][gc,heap        ] GC(64) ParOldGen: 197639K(349696K)->292000K(349696K)
[2026-03-22T19:49:00.975+0900][1.507s][info][gc,metaspace   ] GC(64) Metaspace: 338K(512K)->338K(512K) NonClass: 320K(384K)->320K(384K) Class: 17K(128K)->17K(128K)
[2026-03-22T19:49:00.975+0900][1.507s][info][gc             ] GC(64) Pause Young (Allocation Failure) 352M->295M(501M) 4.863ms
[2026-03-22T19:49:00.975+0900][1.507s][info][gc,cpu         ] GC(64) User=0.00s Sys=0.00s Real=0.00s
[2026-03-22T19:49:00.991+0900][1.523s][info][gc,start       ] GC(65) Pause Full (Ergonomics)
[2026-03-22T19:49:00.991+0900][1.523s][info][gc,phases,start] GC(65) Marking Phase
[2026-03-22T19:49:00.991+0900][1.524s][info][gc,phases      ] GC(65) Marking Phase 0.985ms
[2026-03-22T19:49:00.991+0900][1.524s][info][gc,phases,start] GC(65) Summary Phase
[2026-03-22T19:49:00.991+0900][1.524s][info][gc,phases      ] GC(65) Summary Phase 0.017ms
[2026-03-22T19:49:00.991+0900][1.524s][info][gc,phases,start] GC(65) Adjust Roots
[2026-03-22T19:49:00.993+0900][1.524s][info][gc,phases      ] GC(65) Adjust Roots 0.183ms
[2026-03-22T19:49:00.993+0900][1.524s][info][gc,phases,start] GC(65) Compaction Phase
[2026-03-22T19:49:00.998+0900][1.530s][info][gc,phases      ] GC(65) Compaction Phase 5.858ms
[2026-03-22T19:49:00.998+0900][1.530s][info][gc,phases,start] GC(65) Post Compact
[2026-03-22T19:49:01.000+0900][1.531s][info][gc,phases      ] GC(65) Post Compact 1.486ms
[2026-03-22T19:49:01.000+0900][1.531s][info][gc,heap        ] GC(65) PSYoungGen: 163057K(163840K)->0K(163840K) Eden: 152561K(153088K)->0K(153088K) From: 10496K(10752K)->0K(10752K)
[2026-03-22T19:49:01.000+0900][1.531s][info][gc,heap        ] GC(65) ParOldGen: 292000K(349696K)->103430K(349696K)
[2026-03-22T19:49:01.000+0900][1.531s][info][gc,metaspace   ] GC(65) Metaspace: 338K(512K)->338K(512K) NonClass: 320K(384K)->320K(384K) Class: 17K(128K)->17K(128K)
[2026-03-22T19:49:01.000+0900][1.531s][info][gc             ] GC(65) Pause Full (Ergonomics) 444M->101M(501M) 8.772ms
[2026-03-22T19:49:01.000+0900][1.531s][info][gc,cpu         ] GC(65) User=0.06s Sys=0.00s Real=0.01s
[2026-03-22T19:49:01.015+0900][1.547s][info][gc,start       ] GC(66) Pause Young (Allocation Failure)
[2026-03-22T19:49:01.020+0900][1.551s][info][gc,heap        ] GC(66) PSYoungGen: 152561K(163840K)->10496K(163840K) Eden: 152561K(153088K)->0K(153088K) From: 0K(10752K)->10496K(10752K)
[2026-03-22T19:49:01.020+0900][1.551s][info][gc,heap        ] GC(66) ParOldGen: 103430K(349696K)->197639K(349696K)
[2026-03-22T19:49:01.020+0900][1.551s][info][gc,metaspace   ] GC(66) Metaspace: 338K(512K)->338K(512K) NonClass: 320K(384K)->320K(384K) Class: 17K(128K)->17K(128K)
[2026-03-22T19:49:01.020+0900][1.551s][info][gc             ] GC(66) Pause Young (Allocation Failure) 249M->203M(501M) 4.346ms
[2026-03-22T19:49:01.020+0900][1.551s][info][gc,cpu         ] GC(66) User=0.00s Sys=0.00s Real=0.00s
[2026-03-22T19:49:01.035+0900][1.566s][info][gc,start       ] GC(67) Pause Young (Allocation Failure)
[2026-03-22T19:49:01.040+0900][1.571s][info][gc,heap        ] GC(67) PSYoungGen: 163057K(163840K)->10496K(163840K) Eden: 152561K(153088K)->0K(153088K) From: 10496K(10752K)->10496K(10752K)
[2026-03-22T19:49:01.040+0900][1.571s][info][gc,heap        ] GC(67) ParOldGen: 197639K(349696K)->292000K(349696K)
[2026-03-22T19:49:01.040+0900][1.571s][info][gc,metaspace   ] GC(67) Metaspace: 338K(512K)->338K(512K) NonClass: 320K(384K)->320K(384K) Class: 17K(128K)->17K(128K)
[2026-03-22T19:49:01.040+0900][1.571s][info][gc             ] GC(67) Pause Young (Allocation Failure) 352M->295M(501M) 4.942ms
[2026-03-22T19:49:01.040+0900][1.571s][info][gc,cpu         ] GC(67) User=0.00s Sys=0.00s Real=0.00s
[2026-03-22T19:49:01.057+0900][1.589s][info][gc,start       ] GC(68) Pause Full (Ergonomics)
[2026-03-22T19:49:01.057+0900][1.589s][info][gc,phases,start] GC(68) Marking Phase
[2026-03-22T19:49:01.059+0900][1.590s][info][gc,phases      ] GC(68) Marking Phase 1.307ms
[2026-03-22T19:49:01.059+0900][1.590s][info][gc,phases,start] GC(68) Summary Phase
[2026-03-22T19:49:01.059+0900][1.590s][info][gc,phases      ] GC(68) Summary Phase 0.019ms
[2026-03-22T19:49:01.059+0900][1.590s][info][gc,phases,start] GC(68) Adjust Roots
[2026-03-22T19:49:01.059+0900][1.590s][info][gc,phases      ] GC(68) Adjust Roots 0.224ms
[2026-03-22T19:49:01.059+0900][1.590s][info][gc,phases,start] GC(68) Compaction Phase
[2026-03-22T19:49:01.064+0900][1.596s][info][gc,phases      ] GC(68) Compaction Phase 5.385ms
[2026-03-22T19:49:01.064+0900][1.596s][info][gc,phases,start] GC(68) Post Compact
[2026-03-22T19:49:01.066+0900][1.597s][info][gc,phases      ] GC(68) Post Compact 1.523ms
[2026-03-22T19:49:01.066+0900][1.597s][info][gc,heap        ] GC(68) PSYoungGen: 163057K(163840K)->0K(163840K) Eden: 152561K(153088K)->0K(153088K) From: 10496K(10752K)->0K(10752K)
[2026-03-22T19:49:01.066+0900][1.597s][info][gc,heap        ] GC(68) ParOldGen: 292000K(349696K)->103430K(349696K)
[2026-03-22T19:49:01.066+0900][1.597s][info][gc,metaspace   ] GC(68) Metaspace: 338K(512K)->338K(512K) NonClass: 320K(384K)->320K(384K) Class: 17K(128K)->17K(128K)
[2026-03-22T19:49:01.066+0900][1.597s][info][gc             ] GC(68) Pause Full (Ergonomics) 444M->101M(501M) 8.717ms
[2026-03-22T19:49:01.066+0900][1.598s][info][gc,cpu         ] GC(68) User=0.00s Sys=0.00s Real=0.01s
[2026-03-22T19:49:01.082+0900][1.613s][info][gc,start       ] GC(69) Pause Young (Allocation Failure)
[2026-03-22T19:49:01.087+0900][1.618s][info][gc,heap        ] GC(69) PSYoungGen: 152561K(163840K)->10496K(163840K) Eden: 152561K(153088K)->0K(153088K) From: 0K(10752K)->10496K(10752K)
[2026-03-22T19:49:01.087+0900][1.618s][info][gc,heap        ] GC(69) ParOldGen: 103430K(349696K)->197639K(349696K)
[2026-03-22T19:49:01.087+0900][1.618s][info][gc,metaspace   ] GC(69) Metaspace: 338K(512K)->338K(512K) NonClass: 320K(384K)->320K(384K) Class: 17K(128K)->17K(128K)
[2026-03-22T19:49:01.087+0900][1.618s][info][gc             ] GC(69) Pause Young (Allocation Failure) 249M->203M(501M) 5.111ms
[2026-03-22T19:49:01.087+0900][1.619s][info][gc,cpu         ] GC(69) User=0.00s Sys=0.00s Real=0.00s
[2026-03-22T19:49:01.103+0900][1.635s][info][gc,start       ] GC(70) Pause Young (Allocation Failure)
[2026-03-22T19:49:01.107+0900][1.639s][info][gc,heap        ] GC(70) PSYoungGen: 163057K(163840K)->10496K(163840K) Eden: 152561K(153088K)->0K(153088K) From: 10496K(10752K)->10496K(10752K)
[2026-03-22T19:49:01.108+0900][1.640s][info][gc,heap        ] GC(70) ParOldGen: 197639K(349696K)->292000K(349696K)
[2026-03-22T19:49:01.108+0900][1.640s][info][gc,metaspace   ] GC(70) Metaspace: 338K(512K)->338K(512K) NonClass: 320K(384K)->320K(384K) Class: 17K(128K)->17K(128K)
[2026-03-22T19:49:01.108+0900][1.640s][info][gc             ] GC(70) Pause Young (Allocation Failure) 352M->295M(501M) 5.001ms
[2026-03-22T19:49:01.108+0900][1.640s][info][gc,cpu         ] GC(70) User=0.00s Sys=0.02s Real=0.01s
[2026-03-22T19:49:01.124+0900][1.655s][info][gc,start       ] GC(71) Pause Full (Ergonomics)
[2026-03-22T19:49:01.124+0900][1.655s][info][gc,phases,start] GC(71) Marking Phase
[2026-03-22T19:49:01.125+0900][1.656s][info][gc,phases      ] GC(71) Marking Phase 1.251ms
[2026-03-22T19:49:01.125+0900][1.657s][info][gc,phases,start] GC(71) Summary Phase
[2026-03-22T19:49:01.125+0900][1.657s][info][gc,phases      ] GC(71) Summary Phase 0.017ms
[2026-03-22T19:49:01.125+0900][1.657s][info][gc,phases,start] GC(71) Adjust Roots
[2026-03-22T19:49:01.125+0900][1.657s][info][gc,phases      ] GC(71) Adjust Roots 0.257ms
[2026-03-22T19:49:01.125+0900][1.657s][info][gc,phases,start] GC(71) Compaction Phase
[2026-03-22T19:49:01.131+0900][1.663s][info][gc,phases      ] GC(71) Compaction Phase 5.840ms
[2026-03-22T19:49:01.131+0900][1.663s][info][gc,phases,start] GC(71) Post Compact
[2026-03-22T19:49:01.133+0900][1.664s][info][gc,phases      ] GC(71) Post Compact 1.510ms
[2026-03-22T19:49:01.133+0900][1.664s][info][gc,heap        ] GC(71) PSYoungGen: 163057K(163840K)->0K(163840K) Eden: 152561K(153088K)->0K(153088K) From: 10496K(10752K)->0K(10752K)
[2026-03-22T19:49:01.133+0900][1.664s][info][gc,heap        ] GC(71) ParOldGen: 292000K(349696K)->103194K(349696K)
[2026-03-22T19:49:01.133+0900][1.664s][info][gc,metaspace   ] GC(71) Metaspace: 338K(512K)->338K(512K) NonClass: 320K(384K)->320K(384K) Class: 17K(128K)->17K(128K)
[2026-03-22T19:49:01.133+0900][1.664s][info][gc             ] GC(71) Pause Full (Ergonomics) 444M->100M(501M) 9.189ms
[2026-03-22T19:49:01.133+0900][1.664s][info][gc,cpu         ] GC(71) User=0.00s Sys=0.00s Real=0.01s
[2026-03-22T19:49:01.148+0900][1.679s][info][gc,start       ] GC(72) Pause Young (Allocation Failure)
[2026-03-22T19:49:01.152+0900][1.684s][info][gc,heap        ] GC(72) PSYoungGen: 152561K(163840K)->10496K(163840K) Eden: 152561K(153088K)->0K(153088K) From: 0K(10752K)->10496K(10752K)
[2026-03-22T19:49:01.152+0900][1.684s][info][gc,heap        ] GC(72) ParOldGen: 103194K(349696K)->197403K(349696K)
[2026-03-22T19:49:01.152+0900][1.684s][info][gc,metaspace   ] GC(72) Metaspace: 338K(512K)->338K(512K) NonClass: 320K(384K)->320K(384K) Class: 17K(128K)->17K(128K)
[2026-03-22T19:49:01.152+0900][1.684s][info][gc             ] GC(72) Pause Young (Allocation Failure) 249M->203M(501M) 4.617ms
[2026-03-22T19:49:01.152+0900][1.684s][info][gc,cpu         ] GC(72) User=0.06s Sys=0.00s Real=0.00s
[2026-03-22T19:49:01.168+0900][1.699s][info][gc,start       ] GC(73) Pause Young (Allocation Failure)
[2026-03-22T19:49:01.172+0900][1.704s][info][gc,heap        ] GC(73) PSYoungGen: 163057K(163840K)->10496K(163840K) Eden: 152561K(153088K)->0K(153088K) From: 10496K(10752K)->10496K(10752K)
[2026-03-22T19:49:01.172+0900][1.704s][info][gc,heap        ] GC(73) ParOldGen: 197403K(349696K)->291764K(349696K)
[2026-03-22T19:49:01.172+0900][1.704s][info][gc,metaspace   ] GC(73) Metaspace: 338K(512K)->338K(512K) NonClass: 320K(384K)->320K(384K) Class: 17K(128K)->17K(128K)
[2026-03-22T19:49:01.172+0900][1.704s][info][gc             ] GC(73) Pause Young (Allocation Failure) 352M->295M(501M) 4.625ms
[2026-03-22T19:49:01.172+0900][1.704s][info][gc,cpu         ] GC(73) User=0.00s Sys=0.00s Real=0.00s
[2026-03-22T19:49:01.187+0900][1.719s][info][gc,start       ] GC(74) Pause Full (Ergonomics)
[2026-03-22T19:49:01.187+0900][1.719s][info][gc,phases,start] GC(74) Marking Phase
[2026-03-22T19:49:01.188+0900][1.720s][info][gc,phases      ] GC(74) Marking Phase 1.042ms
[2026-03-22T19:49:01.188+0900][1.720s][info][gc,phases,start] GC(74) Summary Phase
[2026-03-22T19:49:01.188+0900][1.720s][info][gc,phases      ] GC(74) Summary Phase 0.024ms
[2026-03-22T19:49:01.188+0900][1.720s][info][gc,phases,start] GC(74) Adjust Roots
[2026-03-22T19:49:01.189+0900][1.721s][info][gc,phases      ] GC(74) Adjust Roots 0.269ms
[2026-03-22T19:49:01.189+0900][1.721s][info][gc,phases,start] GC(74) Compaction Phase
[2026-03-22T19:49:01.196+0900][1.728s][info][gc,phases      ] GC(74) Compaction Phase 7.005ms
[2026-03-22T19:49:01.196+0900][1.728s][info][gc,phases,start] GC(74) Post Compact
[2026-03-22T19:49:01.197+0900][1.729s][info][gc,phases      ] GC(74) Post Compact 1.667ms
[2026-03-22T19:49:01.197+0900][1.729s][info][gc,heap        ] GC(74) PSYoungGen: 163057K(163840K)->0K(163840K) Eden: 152561K(153088K)->0K(153088K) From: 10496K(10752K)->0K(10752K)
[2026-03-22T19:49:01.197+0900][1.729s][info][gc,heap        ] GC(74) ParOldGen: 291764K(349696K)->103429K(349696K)
[2026-03-22T19:49:01.198+0900][1.729s][info][gc,metaspace   ] GC(74) Metaspace: 338K(512K)->338K(512K) NonClass: 320K(384K)->320K(384K) Class: 17K(128K)->17K(128K)
[2026-03-22T19:49:01.198+0900][1.729s][info][gc             ] GC(74) Pause Full (Ergonomics) 444M->101M(501M) 10.357ms
[2026-03-22T19:49:01.198+0900][1.729s][info][gc,cpu         ] GC(74) User=0.02s Sys=0.00s Real=0.01s
[2026-03-22T19:49:01.214+0900][1.746s][info][gc,start       ] GC(75) Pause Young (Allocation Failure)
[2026-03-22T19:49:01.219+0900][1.751s][info][gc,heap        ] GC(75) PSYoungGen: 152561K(163840K)->10496K(163840K) Eden: 152561K(153088K)->0K(153088K) From: 0K(10752K)->10496K(10752K)
[2026-03-22T19:49:01.219+0900][1.751s][info][gc,heap        ] GC(75) ParOldGen: 103429K(349696K)->197638K(349696K)
[2026-03-22T19:49:01.219+0900][1.751s][info][gc,metaspace   ] GC(75) Metaspace: 338K(512K)->338K(512K) NonClass: 320K(384K)->320K(384K) Class: 17K(128K)->17K(128K)
[2026-03-22T19:49:01.219+0900][1.751s][info][gc             ] GC(75) Pause Young (Allocation Failure) 249M->203M(501M) 5.065ms
[2026-03-22T19:49:01.219+0900][1.751s][info][gc,cpu         ] GC(75) User=0.00s Sys=0.00s Real=0.01s
[2026-03-22T19:49:01.234+0900][1.766s][info][gc,start       ] GC(76) Pause Young (Allocation Failure)
[2026-03-22T19:49:01.239+0900][1.771s][info][gc,heap        ] GC(76) PSYoungGen: 163057K(163840K)->10496K(163840K) Eden: 152561K(153088K)->0K(153088K) From: 10496K(10752K)->10496K(10752K)
[2026-03-22T19:49:01.239+0900][1.771s][info][gc,heap        ] GC(76) ParOldGen: 197638K(349696K)->291999K(349696K)
[2026-03-22T19:49:01.239+0900][1.771s][info][gc,metaspace   ] GC(76) Metaspace: 338K(512K)->338K(512K) NonClass: 320K(384K)->320K(384K) Class: 17K(128K)->17K(128K)
[2026-03-22T19:49:01.239+0900][1.771s][info][gc             ] GC(76) Pause Young (Allocation Failure) 352M->295M(501M) 4.718ms
[2026-03-22T19:49:01.239+0900][1.771s][info][gc,cpu         ] GC(76) User=0.00s Sys=0.00s Real=0.01s
[2026-03-22T19:49:01.253+0900][1.785s][info][gc,start       ] GC(77) Pause Full (Ergonomics)
[2026-03-22T19:49:01.253+0900][1.785s][info][gc,phases,start] GC(77) Marking Phase
[2026-03-22T19:49:01.254+0900][1.786s][info][gc,phases      ] GC(77) Marking Phase 0.996ms
[2026-03-22T19:49:01.254+0900][1.786s][info][gc,phases,start] GC(77) Summary Phase
[2026-03-22T19:49:01.254+0900][1.786s][info][gc,phases      ] GC(77) Summary Phase 0.021ms
[2026-03-22T19:49:01.254+0900][1.786s][info][gc,phases,start] GC(77) Adjust Roots
[2026-03-22T19:49:01.254+0900][1.786s][info][gc,phases      ] GC(77) Adjust Roots 0.170ms
[2026-03-22T19:49:01.254+0900][1.786s][info][gc,phases,start] GC(77) Compaction Phase
[2026-03-22T19:49:01.260+0900][1.791s][info][gc,phases      ] GC(77) Compaction Phase 5.350ms
[2026-03-22T19:49:01.260+0900][1.791s][info][gc,phases,start] GC(77) Post Compact
[2026-03-22T19:49:01.261+0900][1.793s][info][gc,phases      ] GC(77) Post Compact 1.531ms
[2026-03-22T19:49:01.261+0900][1.793s][info][gc,heap        ] GC(77) PSYoungGen: 163057K(163840K)->0K(163840K) Eden: 152561K(153088K)->0K(153088K) From: 10496K(10752K)->0K(10752K)
[2026-03-22T19:49:01.261+0900][1.793s][info][gc,heap        ] GC(77) ParOldGen: 291999K(349696K)->103429K(349696K)
[2026-03-22T19:49:01.261+0900][1.793s][info][gc,metaspace   ] GC(77) Metaspace: 338K(512K)->338K(512K) NonClass: 320K(384K)->320K(384K) Class: 17K(128K)->17K(128K)
[2026-03-22T19:49:01.261+0900][1.793s][info][gc             ] GC(77) Pause Full (Ergonomics) 444M->101M(501M) 8.330ms
[2026-03-22T19:49:01.261+0900][1.793s][info][gc,cpu         ] GC(77) User=0.06s Sys=0.00s Real=0.01s
[2026-03-22T19:49:01.276+0900][1.808s][info][gc,start       ] GC(78) Pause Young (Allocation Failure)
[2026-03-22T19:49:01.281+0900][1.813s][info][gc,heap        ] GC(78) PSYoungGen: 152561K(163840K)->10496K(163840K) Eden: 152561K(153088K)->0K(153088K) From: 0K(10752K)->10496K(10752K)
[2026-03-22T19:49:01.281+0900][1.813s][info][gc,heap        ] GC(78) ParOldGen: 103429K(349696K)->197638K(349696K)
[2026-03-22T19:49:01.281+0900][1.813s][info][gc,metaspace   ] GC(78) Metaspace: 338K(512K)->338K(512K) NonClass: 320K(384K)->320K(384K) Class: 17K(128K)->17K(128K)
[2026-03-22T19:49:01.281+0900][1.813s][info][gc             ] GC(78) Pause Young (Allocation Failure) 249M->203M(501M) 5.212ms
[2026-03-22T19:49:01.281+0900][1.813s][info][gc,cpu         ] GC(78) User=0.00s Sys=0.00s Real=0.00s
[2026-03-22T19:49:01.300+0900][1.832s][info][gc,start       ] GC(79) Pause Young (Allocation Failure)
[2026-03-22T19:49:01.306+0900][1.838s][info][gc,heap        ] GC(79) PSYoungGen: 163057K(163840K)->10496K(163840K) Eden: 152561K(153088K)->0K(153088K) From: 10496K(10752K)->10496K(10752K)
[2026-03-22T19:49:01.306+0900][1.838s][info][gc,heap        ] GC(79) ParOldGen: 197638K(349696K)->291999K(349696K)
[2026-03-22T19:49:01.306+0900][1.838s][info][gc,metaspace   ] GC(79) Metaspace: 338K(512K)->338K(512K) NonClass: 320K(384K)->320K(384K) Class: 17K(128K)->17K(128K)
[2026-03-22T19:49:01.306+0900][1.838s][info][gc             ] GC(79) Pause Young (Allocation Failure) 352M->295M(501M) 6.019ms
[2026-03-22T19:49:01.306+0900][1.838s][info][gc,cpu         ] GC(79) User=0.02s Sys=0.00s Real=0.01s
[2026-03-22T19:49:01.323+0900][1.855s][info][gc,start       ] GC(80) Pause Full (Ergonomics)
[2026-03-22T19:49:01.323+0900][1.855s][info][gc,phases,start] GC(80) Marking Phase
[2026-03-22T19:49:01.324+0900][1.856s][info][gc,phases      ] GC(80) Marking Phase 1.157ms
[2026-03-22T19:49:01.324+0900][1.856s][info][gc,phases,start] GC(80) Summary Phase
[2026-03-22T19:49:01.324+0900][1.856s][info][gc,phases      ] GC(80) Summary Phase 0.015ms
[2026-03-22T19:49:01.324+0900][1.856s][info][gc,phases,start] GC(80) Adjust Roots
[2026-03-22T19:49:01.325+0900][1.856s][info][gc,phases      ] GC(80) Adjust Roots 0.199ms
[2026-03-22T19:49:01.325+0900][1.856s][info][gc,phases,start] GC(80) Compaction Phase
[2026-03-22T19:49:01.332+0900][1.864s][info][gc,phases      ] GC(80) Compaction Phase 7.124ms
[2026-03-22T19:49:01.332+0900][1.864s][info][gc,phases,start] GC(80) Post Compact
[2026-03-22T19:49:01.334+0900][1.865s][info][gc,phases      ] GC(80) Post Compact 1.517ms
[2026-03-22T19:49:01.334+0900][1.865s][info][gc,heap        ] GC(80) PSYoungGen: 163057K(163840K)->0K(163840K) Eden: 152561K(153088K)->0K(153088K) From: 10496K(10752K)->0K(10752K)
[2026-03-22T19:49:01.334+0900][1.865s][info][gc,heap        ] GC(80) ParOldGen: 291999K(349696K)->103429K(349696K)
[2026-03-22T19:49:01.334+0900][1.865s][info][gc,metaspace   ] GC(80) Metaspace: 338K(512K)->338K(512K) NonClass: 320K(384K)->320K(384K) Class: 17K(128K)->17K(128K)
[2026-03-22T19:49:01.334+0900][1.865s][info][gc             ] GC(80) Pause Full (Ergonomics) 444M->101M(501M) 10.358ms
[2026-03-22T19:49:01.334+0900][1.865s][info][gc,cpu         ] GC(80) User=0.00s Sys=0.00s Real=0.01s
[2026-03-22T19:49:01.349+0900][1.880s][info][gc,start       ] GC(81) Pause Young (Allocation Failure)
[2026-03-22T19:49:01.354+0900][1.885s][info][gc,heap        ] GC(81) PSYoungGen: 152561K(163840K)->10496K(163840K) Eden: 152561K(153088K)->0K(153088K) From: 0K(10752K)->10496K(10752K)
[2026-03-22T19:49:01.354+0900][1.885s][info][gc,heap        ] GC(81) ParOldGen: 103429K(349696K)->197638K(349696K)
[2026-03-22T19:49:01.354+0900][1.885s][info][gc,metaspace   ] GC(81) Metaspace: 338K(512K)->338K(512K) NonClass: 320K(384K)->320K(384K) Class: 17K(128K)->17K(128K)
[2026-03-22T19:49:01.354+0900][1.885s][info][gc             ] GC(81) Pause Young (Allocation Failure) 249M->203M(501M) 4.846ms
[2026-03-22T19:49:01.354+0900][1.885s][info][gc,cpu         ] GC(81) User=0.05s Sys=0.00s Real=0.01s
[2026-03-22T19:49:01.368+0900][1.900s][info][gc,start       ] GC(82) Pause Young (Allocation Failure)
[2026-03-22T19:49:01.373+0900][1.905s][info][gc,heap        ] GC(82) PSYoungGen: 163057K(163840K)->10496K(163840K) Eden: 152561K(153088K)->0K(153088K) From: 10496K(10752K)->10496K(10752K)
[2026-03-22T19:49:01.373+0900][1.905s][info][gc,heap        ] GC(82) ParOldGen: 197638K(349696K)->291999K(349696K)
[2026-03-22T19:49:01.373+0900][1.905s][info][gc,metaspace   ] GC(82) Metaspace: 338K(512K)->338K(512K) NonClass: 320K(384K)->320K(384K) Class: 17K(128K)->17K(128K)
[2026-03-22T19:49:01.373+0900][1.905s][info][gc             ] GC(82) Pause Young (Allocation Failure) 352M->295M(501M) 5.098ms
[2026-03-22T19:49:01.373+0900][1.905s][info][gc,cpu         ] GC(82) User=0.05s Sys=0.02s Real=0.00s
[2026-03-22T19:49:01.389+0900][1.920s][info][gc,start       ] GC(83) Pause Full (Ergonomics)
[2026-03-22T19:49:01.389+0900][1.920s][info][gc,phases,start] GC(83) Marking Phase
[2026-03-22T19:49:01.390+0900][1.921s][info][gc,phases      ] GC(83) Marking Phase 1.175ms
[2026-03-22T19:49:01.390+0900][1.921s][info][gc,phases,start] GC(83) Summary Phase
[2026-03-22T19:49:01.390+0900][1.921s][info][gc,phases      ] GC(83) Summary Phase 0.023ms
[2026-03-22T19:49:01.390+0900][1.922s][info][gc,phases,start] GC(83) Adjust Roots
[2026-03-22T19:49:01.390+0900][1.922s][info][gc,phases      ] GC(83) Adjust Roots 0.227ms
[2026-03-22T19:49:01.390+0900][1.922s][info][gc,phases,start] GC(83) Compaction Phase
[2026-03-22T19:49:01.397+0900][1.928s][info][gc,phases      ] GC(83) Compaction Phase 6.217ms
[2026-03-22T19:49:01.397+0900][1.928s][info][gc,phases,start] GC(83) Post Compact
[2026-03-22T19:49:01.398+0900][1.930s][info][gc,phases      ] GC(83) Post Compact 1.717ms
[2026-03-22T19:49:01.398+0900][1.930s][info][gc,heap        ] GC(83) PSYoungGen: 163057K(163840K)->0K(163840K) Eden: 152561K(153088K)->0K(153088K) From: 10496K(10752K)->0K(10752K)
[2026-03-22T19:49:01.398+0900][1.930s][info][gc,heap        ] GC(83) ParOldGen: 291999K(349696K)->103429K(349696K)
[2026-03-22T19:49:01.398+0900][1.930s][info][gc,metaspace   ] GC(83) Metaspace: 338K(512K)->338K(512K) NonClass: 320K(384K)->320K(384K) Class: 17K(128K)->17K(128K)
[2026-03-22T19:49:01.398+0900][1.930s][info][gc             ] GC(83) Pause Full (Ergonomics) 444M->101M(501M) 9.792ms
[2026-03-22T19:49:01.398+0900][1.930s][info][gc,cpu         ] GC(83) User=0.00s Sys=0.00s Real=0.01s
[2026-03-22T19:49:01.413+0900][1.945s][info][gc,start       ] GC(84) Pause Young (Allocation Failure)
[2026-03-22T19:49:01.418+0900][1.949s][info][gc,heap        ] GC(84) PSYoungGen: 152561K(163840K)->10496K(163840K) Eden: 152561K(153088K)->0K(153088K) From: 0K(10752K)->10496K(10752K)
[2026-03-22T19:49:01.418+0900][1.950s][info][gc,heap        ] GC(84) ParOldGen: 103429K(349696K)->197638K(349696K)
[2026-03-22T19:49:01.418+0900][1.950s][info][gc,metaspace   ] GC(84) Metaspace: 338K(512K)->338K(512K) NonClass: 320K(384K)->320K(384K) Class: 17K(128K)->17K(128K)
[2026-03-22T19:49:01.418+0900][1.950s][info][gc             ] GC(84) Pause Young (Allocation Failure) 249M->203M(501M) 4.772ms
[2026-03-22T19:49:01.418+0900][1.950s][info][gc,cpu         ] GC(84) User=0.06s Sys=0.00s Real=0.00s
[2026-03-22T19:49:01.435+0900][1.966s][info][gc,start       ] GC(85) Pause Young (Allocation Failure)
[2026-03-22T19:49:01.440+0900][1.971s][info][gc,heap        ] GC(85) PSYoungGen: 163057K(163840K)->10496K(163840K) Eden: 152561K(153088K)->0K(153088K) From: 10496K(10752K)->10496K(10752K)
[2026-03-22T19:49:01.440+0900][1.971s][info][gc,heap        ] GC(85) ParOldGen: 197638K(349696K)->291999K(349696K)
[2026-03-22T19:49:01.440+0900][1.971s][info][gc,metaspace   ] GC(85) Metaspace: 338K(512K)->338K(512K) NonClass: 320K(384K)->320K(384K) Class: 17K(128K)->17K(128K)
[2026-03-22T19:49:01.440+0900][1.971s][info][gc             ] GC(85) Pause Young (Allocation Failure) 352M->295M(501M) 4.866ms
[2026-03-22T19:49:01.440+0900][1.971s][info][gc,cpu         ] GC(85) User=0.00s Sys=0.00s Real=0.01s
[2026-03-22T19:49:01.454+0900][1.986s][info][gc,start       ] GC(86) Pause Full (Ergonomics)
[2026-03-22T19:49:01.454+0900][1.986s][info][gc,phases,start] GC(86) Marking Phase
[2026-03-22T19:49:01.455+0900][1.987s][info][gc,phases      ] GC(86) Marking Phase 0.865ms
[2026-03-22T19:49:01.455+0900][1.987s][info][gc,phases,start] GC(86) Summary Phase
[2026-03-22T19:49:01.455+0900][1.987s][info][gc,phases      ] GC(86) Summary Phase 0.016ms
[2026-03-22T19:49:01.455+0900][1.987s][info][gc,phases,start] GC(86) Adjust Roots
[2026-03-22T19:49:01.455+0900][1.987s][info][gc,phases      ] GC(86) Adjust Roots 0.162ms
[2026-03-22T19:49:01.455+0900][1.987s][info][gc,phases,start] GC(86) Compaction Phase
[2026-03-22T19:49:01.461+0900][1.992s][info][gc,phases      ] GC(86) Compaction Phase 5.276ms
[2026-03-22T19:49:01.461+0900][1.992s][info][gc,phases,start] GC(86) Post Compact
[2026-03-22T19:49:01.463+0900][1.994s][info][gc,phases      ] GC(86) Post Compact 1.416ms
[2026-03-22T19:49:01.463+0900][1.994s][info][gc,heap        ] GC(86) PSYoungGen: 163057K(163840K)->0K(163840K) Eden: 152561K(153088K)->0K(153088K) From: 10496K(10752K)->0K(10752K)
[2026-03-22T19:49:01.463+0900][1.994s][info][gc,heap        ] GC(86) ParOldGen: 291999K(349696K)->103429K(349696K)
[2026-03-22T19:49:01.463+0900][1.994s][info][gc,metaspace   ] GC(86) Metaspace: 338K(512K)->338K(512K) NonClass: 320K(384K)->320K(384K) Class: 17K(128K)->17K(128K)
[2026-03-22T19:49:01.463+0900][1.994s][info][gc             ] GC(86) Pause Full (Ergonomics) 444M->101M(501M) 7.944ms
[2026-03-22T19:49:01.463+0900][1.994s][info][gc,cpu         ] GC(86) User=0.00s Sys=0.00s Real=0.01s
[2026-03-22T19:49:01.478+0900][2.009s][info][gc,start       ] GC(87) Pause Young (Allocation Failure)
[2026-03-22T19:49:01.482+0900][2.013s][info][gc,heap        ] GC(87) PSYoungGen: 152561K(163840K)->10496K(163840K) Eden: 152561K(153088K)->0K(153088K) From: 0K(10752K)->10496K(10752K)
[2026-03-22T19:49:01.482+0900][2.013s][info][gc,heap        ] GC(87) ParOldGen: 103429K(349696K)->197638K(349696K)
[2026-03-22T19:49:01.482+0900][2.013s][info][gc,metaspace   ] GC(87) Metaspace: 338K(512K)->338K(512K) NonClass: 320K(384K)->320K(384K) Class: 17K(128K)->17K(128K)
[2026-03-22T19:49:01.482+0900][2.013s][info][gc             ] GC(87) Pause Young (Allocation Failure) 249M->203M(501M) 4.718ms
[2026-03-22T19:49:01.482+0900][2.013s][info][gc,cpu         ] GC(87) User=0.06s Sys=0.00s Real=0.00s
[2026-03-22T19:49:01.498+0900][2.029s][info][gc,start       ] GC(88) Pause Young (Allocation Failure)
[2026-03-22T19:49:01.502+0900][2.034s][info][gc,heap        ] GC(88) PSYoungGen: 163057K(163840K)->10496K(163840K) Eden: 152561K(153088K)->0K(153088K) From: 10496K(10752K)->10496K(10752K)
[2026-03-22T19:49:01.502+0900][2.034s][info][gc,heap        ] GC(88) ParOldGen: 197638K(349696K)->291999K(349696K)
[2026-03-22T19:49:01.502+0900][2.034s][info][gc,metaspace   ] GC(88) Metaspace: 338K(512K)->338K(512K) NonClass: 320K(384K)->320K(384K) Class: 17K(128K)->17K(128K)
[2026-03-22T19:49:01.502+0900][2.034s][info][gc             ] GC(88) Pause Young (Allocation Failure) 352M->295M(501M) 4.633ms
[2026-03-22T19:49:01.502+0900][2.034s][info][gc,cpu         ] GC(88) User=0.00s Sys=0.00s Real=0.00s
[2026-03-22T19:49:01.518+0900][2.050s][info][gc,start       ] GC(89) Pause Full (Ergonomics)
[2026-03-22T19:49:01.518+0900][2.050s][info][gc,phases,start] GC(89) Marking Phase
[2026-03-22T19:49:01.520+0900][2.051s][info][gc,phases      ] GC(89) Marking Phase 1.338ms
[2026-03-22T19:49:01.520+0900][2.051s][info][gc,phases,start] GC(89) Summary Phase
[2026-03-22T19:49:01.520+0900][2.051s][info][gc,phases      ] GC(89) Summary Phase 0.020ms
[2026-03-22T19:49:01.520+0900][2.051s][info][gc,phases,start] GC(89) Adjust Roots
[2026-03-22T19:49:01.520+0900][2.052s][info][gc,phases      ] GC(89) Adjust Roots 0.228ms
[2026-03-22T19:49:01.520+0900][2.052s][info][gc,phases,start] GC(89) Compaction Phase
[2026-03-22T19:49:01.526+0900][2.057s][info][gc,phases      ] GC(89) Compaction Phase 5.473ms
[2026-03-22T19:49:01.526+0900][2.057s][info][gc,phases,start] GC(89) Post Compact
[2026-03-22T19:49:01.528+0900][2.059s][info][gc,phases      ] GC(89) Post Compact 1.488ms
[2026-03-22T19:49:01.528+0900][2.059s][info][gc,heap        ] GC(89) PSYoungGen: 163057K(163840K)->0K(163840K) Eden: 152561K(153088K)->0K(153088K) From: 10496K(10752K)->0K(10752K)
[2026-03-22T19:49:01.528+0900][2.059s][info][gc,heap        ] GC(89) ParOldGen: 291999K(349696K)->103429K(349696K)
[2026-03-22T19:49:01.528+0900][2.059s][info][gc,metaspace   ] GC(89) Metaspace: 338K(512K)->338K(512K) NonClass: 320K(384K)->320K(384K) Class: 17K(128K)->17K(128K)
[2026-03-22T19:49:01.528+0900][2.059s][info][gc             ] GC(89) Pause Full (Ergonomics) 444M->101M(501M) 8.826ms
[2026-03-22T19:49:01.528+0900][2.059s][info][gc,cpu         ] GC(89) User=0.06s Sys=0.00s Real=0.01s
[2026-03-22T19:49:01.543+0900][2.074s][info][gc,start       ] GC(90) Pause Young (Allocation Failure)
[2026-03-22T19:49:01.547+0900][2.079s][info][gc,heap        ] GC(90) PSYoungGen: 152561K(163840K)->10496K(163840K) Eden: 152561K(153088K)->0K(153088K) From: 0K(10752K)->10496K(10752K)
[2026-03-22T19:49:01.547+0900][2.079s][info][gc,heap        ] GC(90) ParOldGen: 103429K(349696K)->197638K(349696K)
[2026-03-22T19:49:01.547+0900][2.079s][info][gc,metaspace   ] GC(90) Metaspace: 338K(512K)->338K(512K) NonClass: 320K(384K)->320K(384K) Class: 17K(128K)->17K(128K)
[2026-03-22T19:49:01.547+0900][2.079s][info][gc             ] GC(90) Pause Young (Allocation Failure) 249M->203M(501M) 4.905ms
[2026-03-22T19:49:01.547+0900][2.079s][info][gc,cpu         ] GC(90) User=0.00s Sys=0.00s Real=0.00s
[2026-03-22T19:49:01.562+0900][2.094s][info][gc,start       ] GC(91) Pause Young (Allocation Failure)
[2026-03-22T19:49:01.567+0900][2.099s][info][gc,heap        ] GC(91) PSYoungGen: 163057K(163840K)->10496K(163840K) Eden: 152561K(153088K)->0K(153088K) From: 10496K(10752K)->10496K(10752K)
[2026-03-22T19:49:01.567+0900][2.099s][info][gc,heap        ] GC(91) ParOldGen: 197638K(349696K)->291999K(349696K)
[2026-03-22T19:49:01.567+0900][2.099s][info][gc,metaspace   ] GC(91) Metaspace: 338K(512K)->338K(512K) NonClass: 320K(384K)->320K(384K) Class: 17K(128K)->17K(128K)
[2026-03-22T19:49:01.567+0900][2.099s][info][gc             ] GC(91) Pause Young (Allocation Failure) 352M->295M(501M) 4.855ms
[2026-03-22T19:49:01.567+0900][2.099s][info][gc,cpu         ] GC(91) User=0.00s Sys=0.00s Real=0.00s
[2026-03-22T19:49:01.583+0900][2.114s][info][gc,start       ] GC(92) Pause Full (Ergonomics)
[2026-03-22T19:49:01.583+0900][2.114s][info][gc,phases,start] GC(92) Marking Phase
[2026-03-22T19:49:01.584+0900][2.115s][info][gc,phases      ] GC(92) Marking Phase 1.209ms
[2026-03-22T19:49:01.584+0900][2.115s][info][gc,phases,start] GC(92) Summary Phase
[2026-03-22T19:49:01.584+0900][2.115s][info][gc,phases      ] GC(92) Summary Phase 0.019ms
[2026-03-22T19:49:01.584+0900][2.115s][info][gc,phases,start] GC(92) Adjust Roots
[2026-03-22T19:49:01.584+0900][2.115s][info][gc,phases      ] GC(92) Adjust Roots 0.225ms
[2026-03-22T19:49:01.584+0900][2.115s][info][gc,phases,start] GC(92) Compaction Phase
[2026-03-22T19:49:01.589+0900][2.121s][info][gc,phases      ] GC(92) Compaction Phase 5.223ms
[2026-03-22T19:49:01.589+0900][2.121s][info][gc,phases,start] GC(92) Post Compact
[2026-03-22T19:49:01.590+0900][2.122s][info][gc,phases      ] GC(92) Post Compact 1.510ms
[2026-03-22T19:49:01.590+0900][2.122s][info][gc,heap        ] GC(92) PSYoungGen: 163057K(163840K)->0K(163840K) Eden: 152561K(153088K)->0K(153088K) From: 10496K(10752K)->0K(10752K)
[2026-03-22T19:49:01.590+0900][2.122s][info][gc,heap        ] GC(92) ParOldGen: 291999K(349696K)->103429K(349696K)
[2026-03-22T19:49:01.590+0900][2.122s][info][gc,metaspace   ] GC(92) Metaspace: 338K(512K)->338K(512K) NonClass: 320K(384K)->320K(384K) Class: 17K(128K)->17K(128K)
[2026-03-22T19:49:01.590+0900][2.122s][info][gc             ] GC(92) Pause Full (Ergonomics) 444M->101M(501M) 8.451ms
[2026-03-22T19:49:01.591+0900][2.122s][info][gc,cpu         ] GC(92) User=0.06s Sys=0.00s Real=0.01s
[2026-03-22T19:49:01.605+0900][2.137s][info][gc,start       ] GC(93) Pause Young (Allocation Failure)
[2026-03-22T19:49:01.609+0900][2.141s][info][gc,heap        ] GC(93) PSYoungGen: 152561K(163840K)->10496K(163840K) Eden: 152561K(153088K)->0K(153088K) From: 0K(10752K)->10496K(10752K)
[2026-03-22T19:49:01.609+0900][2.141s][info][gc,heap        ] GC(93) ParOldGen: 103429K(349696K)->197638K(349696K)
[2026-03-22T19:49:01.609+0900][2.141s][info][gc,metaspace   ] GC(93) Metaspace: 338K(512K)->338K(512K) NonClass: 320K(384K)->320K(384K) Class: 17K(128K)->17K(128K)
[2026-03-22T19:49:01.610+0900][2.141s][info][gc             ] GC(93) Pause Young (Allocation Failure) 249M->203M(501M) 4.746ms
[2026-03-22T19:49:01.610+0900][2.141s][info][gc,cpu         ] GC(93) User=0.00s Sys=0.00s Real=0.00s
[2026-03-22T19:49:01.624+0900][2.156s][info][gc,start       ] GC(94) Pause Young (Allocation Failure)
[2026-03-22T19:49:01.629+0900][2.161s][info][gc,heap        ] GC(94) PSYoungGen: 163057K(163840K)->10496K(163840K) Eden: 152561K(153088K)->0K(153088K) From: 10496K(10752K)->10496K(10752K)
[2026-03-22T19:49:01.629+0900][2.161s][info][gc,heap        ] GC(94) ParOldGen: 197638K(349696K)->291999K(349696K)
[2026-03-22T19:49:01.629+0900][2.161s][info][gc,metaspace   ] GC(94) Metaspace: 338K(512K)->338K(512K) NonClass: 320K(384K)->320K(384K) Class: 17K(128K)->17K(128K)
[2026-03-22T19:49:01.629+0900][2.161s][info][gc             ] GC(94) Pause Young (Allocation Failure) 352M->295M(501M) 4.803ms
[2026-03-22T19:49:01.629+0900][2.161s][info][gc,cpu         ] GC(94) User=0.00s Sys=0.00s Real=0.00s
[2026-03-22T19:49:01.643+0900][2.175s][info][gc,start       ] GC(95) Pause Full (Ergonomics)
[2026-03-22T19:49:01.643+0900][2.175s][info][gc,phases,start] GC(95) Marking Phase
[2026-03-22T19:49:01.644+0900][2.176s][info][gc,phases      ] GC(95) Marking Phase 1.269ms
[2026-03-22T19:49:01.644+0900][2.176s][info][gc,phases,start] GC(95) Summary Phase
[2026-03-22T19:49:01.644+0900][2.176s][info][gc,phases      ] GC(95) Summary Phase 0.023ms
[2026-03-22T19:49:01.644+0900][2.176s][info][gc,phases,start] GC(95) Adjust Roots
[2026-03-22T19:49:01.645+0900][2.177s][info][gc,phases      ] GC(95) Adjust Roots 0.281ms
[2026-03-22T19:49:01.645+0900][2.177s][info][gc,phases,start] GC(95) Compaction Phase
[2026-03-22T19:49:01.651+0900][2.183s][info][gc,phases      ] GC(95) Compaction Phase 5.908ms
[2026-03-22T19:49:01.651+0900][2.183s][info][gc,phases,start] GC(95) Post Compact
[2026-03-22T19:49:01.652+0900][2.184s][info][gc,phases      ] GC(95) Post Compact 1.380ms
[2026-03-22T19:49:01.652+0900][2.184s][info][gc,heap        ] GC(95) PSYoungGen: 163057K(163840K)->0K(163840K) Eden: 152561K(153088K)->0K(153088K) From: 10496K(10752K)->0K(10752K)
[2026-03-22T19:49:01.652+0900][2.184s][info][gc,heap        ] GC(95) ParOldGen: 291999K(349696K)->103429K(349696K)
[2026-03-22T19:49:01.652+0900][2.184s][info][gc,metaspace   ] GC(95) Metaspace: 338K(512K)->338K(512K) NonClass: 320K(384K)->320K(384K) Class: 17K(128K)->17K(128K)
[2026-03-22T19:49:01.652+0900][2.184s][info][gc             ] GC(95) Pause Full (Ergonomics) 444M->101M(501M) 9.170ms
[2026-03-22T19:49:01.652+0900][2.184s][info][gc,cpu         ] GC(95) User=0.06s Sys=0.00s Real=0.01s
[2026-03-22T19:49:01.670+0900][2.202s][info][gc,start       ] GC(96) Pause Young (Allocation Failure)
[2026-03-22T19:49:01.675+0900][2.206s][info][gc,heap        ] GC(96) PSYoungGen: 152561K(163840K)->10496K(163840K) Eden: 152561K(153088K)->0K(153088K) From: 0K(10752K)->10496K(10752K)
[2026-03-22T19:49:01.675+0900][2.206s][info][gc,heap        ] GC(96) ParOldGen: 103429K(349696K)->197638K(349696K)
[2026-03-22T19:49:01.675+0900][2.206s][info][gc,metaspace   ] GC(96) Metaspace: 338K(512K)->338K(512K) NonClass: 320K(384K)->320K(384K) Class: 17K(128K)->17K(128K)
[2026-03-22T19:49:01.675+0900][2.206s][info][gc             ] GC(96) Pause Young (Allocation Failure) 249M->203M(501M) 4.507ms
[2026-03-22T19:49:01.675+0900][2.206s][info][gc,cpu         ] GC(96) User=0.00s Sys=0.00s Real=0.00s
[2026-03-22T19:49:01.691+0900][2.222s][info][gc,start       ] GC(97) Pause Young (Allocation Failure)
[2026-03-22T19:49:01.696+0900][2.228s][info][gc,heap        ] GC(97) PSYoungGen: 163057K(163840K)->10496K(163840K) Eden: 152561K(153088K)->0K(153088K) From: 10496K(10752K)->10496K(10752K)
[2026-03-22T19:49:01.696+0900][2.228s][info][gc,heap        ] GC(97) ParOldGen: 197638K(349696K)->291999K(349696K)
[2026-03-22T19:49:01.696+0900][2.228s][info][gc,metaspace   ] GC(97) Metaspace: 338K(512K)->338K(512K) NonClass: 320K(384K)->320K(384K) Class: 17K(128K)->17K(128K)
[2026-03-22T19:49:01.696+0900][2.228s][info][gc             ] GC(97) Pause Young (Allocation Failure) 352M->295M(501M) 5.332ms
[2026-03-22T19:49:01.696+0900][2.228s][info][gc,cpu         ] GC(97) User=0.00s Sys=0.00s Real=0.01s
[2026-03-22T19:49:01.713+0900][2.244s][info][gc,start       ] GC(98) Pause Full (Ergonomics)
[2026-03-22T19:49:01.713+0900][2.244s][info][gc,phases,start] GC(98) Marking Phase
[2026-03-22T19:49:01.714+0900][2.245s][info][gc,phases      ] GC(98) Marking Phase 1.359ms
[2026-03-22T19:49:01.714+0900][2.245s][info][gc,phases,start] GC(98) Summary Phase
[2026-03-22T19:49:01.714+0900][2.245s][info][gc,phases      ] GC(98) Summary Phase 0.019ms
[2026-03-22T19:49:01.714+0900][2.245s][info][gc,phases,start] GC(98) Adjust Roots
[2026-03-22T19:49:01.714+0900][2.246s][info][gc,phases      ] GC(98) Adjust Roots 0.176ms
[2026-03-22T19:49:01.714+0900][2.246s][info][gc,phases,start] GC(98) Compaction Phase
[2026-03-22T19:49:01.719+0900][2.251s][info][gc,phases      ] GC(98) Compaction Phase 5.250ms
[2026-03-22T19:49:01.719+0900][2.251s][info][gc,phases,start] GC(98) Post Compact
[2026-03-22T19:49:01.720+0900][2.252s][info][gc,phases      ] GC(98) Post Compact 1.377ms
[2026-03-22T19:49:01.721+0900][2.252s][info][gc,heap        ] GC(98) PSYoungGen: 163057K(163840K)->0K(163840K) Eden: 152561K(153088K)->0K(153088K) From: 10496K(10752K)->0K(10752K)
[2026-03-22T19:49:01.721+0900][2.252s][info][gc,heap        ] GC(98) ParOldGen: 291999K(349696K)->103429K(349696K)
[2026-03-22T19:49:01.721+0900][2.252s][info][gc,metaspace   ] GC(98) Metaspace: 338K(512K)->338K(512K) NonClass: 320K(384K)->320K(384K) Class: 17K(128K)->17K(128K)
[2026-03-22T19:49:01.721+0900][2.252s][info][gc             ] GC(98) Pause Full (Ergonomics) 444M->101M(501M) 8.429ms
[2026-03-22T19:49:01.721+0900][2.252s][info][gc,cpu         ] GC(98) User=0.00s Sys=0.02s Real=0.01s
[2026-03-22T19:49:01.735+0900][2.267s][info][gc,start       ] GC(99) Pause Young (Allocation Failure)
[2026-03-22T19:49:01.740+0900][2.272s][info][gc,heap        ] GC(99) PSYoungGen: 152561K(163840K)->10496K(163840K) Eden: 152561K(153088K)->0K(153088K) From: 0K(10752K)->10496K(10752K)
[2026-03-22T19:49:01.740+0900][2.272s][info][gc,heap        ] GC(99) ParOldGen: 103429K(349696K)->197638K(349696K)
[2026-03-22T19:49:01.740+0900][2.272s][info][gc,metaspace   ] GC(99) Metaspace: 338K(512K)->338K(512K) NonClass: 320K(384K)->320K(384K) Class: 17K(128K)->17K(128K)
[2026-03-22T19:49:01.740+0900][2.272s][info][gc             ] GC(99) Pause Young (Allocation Failure) 249M->203M(501M) 4.438ms
[2026-03-22T19:49:01.740+0900][2.272s][info][gc,cpu         ] GC(99) User=0.00s Sys=0.00s Real=0.01s
[2026-03-22T19:49:01.754+0900][2.286s][info][gc,start       ] GC(100) Pause Young (Allocation Failure)
[2026-03-22T19:49:01.759+0900][2.291s][info][gc,heap        ] GC(100) PSYoungGen: 163057K(163840K)->10496K(163840K) Eden: 152561K(153088K)->0K(153088K) From: 10496K(10752K)->10496K(10752K)
[2026-03-22T19:49:01.759+0900][2.291s][info][gc,heap        ] GC(100) ParOldGen: 197638K(349696K)->291999K(349696K)
[2026-03-22T19:49:01.759+0900][2.291s][info][gc,metaspace   ] GC(100) Metaspace: 338K(512K)->338K(512K) NonClass: 320K(384K)->320K(384K) Class: 17K(128K)->17K(128K)
[2026-03-22T19:49:01.759+0900][2.291s][info][gc             ] GC(100) Pause Young (Allocation Failure) 352M->295M(501M) 4.896ms
[2026-03-22T19:49:01.759+0900][2.291s][info][gc,cpu         ] GC(100) User=0.00s Sys=0.00s Real=0.01s
[2026-03-22T19:49:01.775+0900][2.306s][info][gc,start       ] GC(101) Pause Full (Ergonomics)
[2026-03-22T19:49:01.775+0900][2.306s][info][gc,phases,start] GC(101) Marking Phase
[2026-03-22T19:49:01.776+0900][2.308s][info][gc,phases      ] GC(101) Marking Phase 1.142ms
[2026-03-22T19:49:01.776+0900][2.308s][info][gc,phases,start] GC(101) Summary Phase
[2026-03-22T19:49:01.776+0900][2.308s][info][gc,phases      ] GC(101) Summary Phase 0.019ms
[2026-03-22T19:49:01.776+0900][2.308s][info][gc,phases,start] GC(101) Adjust Roots
[2026-03-22T19:49:01.776+0900][2.308s][info][gc,phases      ] GC(101) Adjust Roots 0.211ms
[2026-03-22T19:49:01.776+0900][2.308s][info][gc,phases,start] GC(101) Compaction Phase
[2026-03-22T19:49:01.782+0900][2.314s][info][gc,phases      ] GC(101) Compaction Phase 5.665ms
[2026-03-22T19:49:01.782+0900][2.314s][info][gc,phases,start] GC(101) Post Compact
[2026-03-22T19:49:01.784+0900][2.315s][info][gc,phases      ] GC(101) Post Compact 1.504ms
[2026-03-22T19:49:01.784+0900][2.315s][info][gc,heap        ] GC(101) PSYoungGen: 163057K(163840K)->0K(163840K) Eden: 152561K(153088K)->0K(153088K) From: 10496K(10752K)->0K(10752K)
[2026-03-22T19:49:01.784+0900][2.315s][info][gc,heap        ] GC(101) ParOldGen: 291999K(349696K)->103429K(349696K)
[2026-03-22T19:49:01.784+0900][2.315s][info][gc,metaspace   ] GC(101) Metaspace: 338K(512K)->338K(512K) NonClass: 320K(384K)->320K(384K) Class: 17K(128K)->17K(128K)
[2026-03-22T19:49:01.784+0900][2.315s][info][gc             ] GC(101) Pause Full (Ergonomics) 444M->101M(501M) 8.799ms
[2026-03-22T19:49:01.784+0900][2.315s][info][gc,cpu         ] GC(101) User=0.00s Sys=0.02s Real=0.01s
[2026-03-22T19:49:01.799+0900][2.331s][info][gc,start       ] GC(102) Pause Young (Allocation Failure)
[2026-03-22T19:49:01.803+0900][2.335s][info][gc,heap        ] GC(102) PSYoungGen: 152561K(163840K)->10496K(163840K) Eden: 152561K(153088K)->0K(153088K) From: 0K(10752K)->10496K(10752K)
[2026-03-22T19:49:01.803+0900][2.335s][info][gc,heap        ] GC(102) ParOldGen: 103429K(349696K)->197638K(349696K)
[2026-03-22T19:49:01.803+0900][2.335s][info][gc,metaspace   ] GC(102) Metaspace: 338K(512K)->338K(512K) NonClass: 320K(384K)->320K(384K) Class: 17K(128K)->17K(128K)
[2026-03-22T19:49:01.803+0900][2.335s][info][gc             ] GC(102) Pause Young (Allocation Failure) 249M->203M(501M) 4.755ms
[2026-03-22T19:49:01.803+0900][2.335s][info][gc,cpu         ] GC(102) User=0.00s Sys=0.00s Real=0.00s
[2026-03-22T19:49:01.819+0900][2.351s][info][gc,start       ] GC(103) Pause Young (Allocation Failure)
[2026-03-22T19:49:01.824+0900][2.356s][info][gc,heap        ] GC(103) PSYoungGen: 163057K(163840K)->10496K(163840K) Eden: 152561K(153088K)->0K(153088K) From: 10496K(10752K)->10496K(10752K)
[2026-03-22T19:49:01.824+0900][2.356s][info][gc,heap        ] GC(103) ParOldGen: 197638K(349696K)->291999K(349696K)
[2026-03-22T19:49:01.824+0900][2.356s][info][gc,metaspace   ] GC(103) Metaspace: 338K(512K)->338K(512K) NonClass: 320K(384K)->320K(384K) Class: 17K(128K)->17K(128K)
[2026-03-22T19:49:01.824+0900][2.356s][info][gc             ] GC(103) Pause Young (Allocation Failure) 352M->295M(501M) 4.900ms
[2026-03-22T19:49:01.824+0900][2.356s][info][gc,cpu         ] GC(103) User=0.06s Sys=0.00s Real=0.00s
[2026-03-22T19:49:01.839+0900][2.370s][info][gc,start       ] GC(104) Pause Full (Ergonomics)
[2026-03-22T19:49:01.839+0900][2.370s][info][gc,phases,start] GC(104) Marking Phase
[2026-03-22T19:49:01.840+0900][2.371s][info][gc,phases      ] GC(104) Marking Phase 1.280ms
[2026-03-22T19:49:01.840+0900][2.371s][info][gc,phases,start] GC(104) Summary Phase
[2026-03-22T19:49:01.840+0900][2.371s][info][gc,phases      ] GC(104) Summary Phase 0.024ms
[2026-03-22T19:49:01.840+0900][2.371s][info][gc,phases,start] GC(104) Adjust Roots
[2026-03-22T19:49:01.840+0900][2.372s][info][gc,phases      ] GC(104) Adjust Roots 0.265ms
[2026-03-22T19:49:01.840+0900][2.372s][info][gc,phases,start] GC(104) Compaction Phase
[2026-03-22T19:49:01.846+0900][2.377s][info][gc,phases      ] GC(104) Compaction Phase 5.285ms
[2026-03-22T19:49:01.846+0900][2.377s][info][gc,phases,start] GC(104) Post Compact
[2026-03-22T19:49:01.847+0900][2.378s][info][gc,phases      ] GC(104) Post Compact 1.393ms
[2026-03-22T19:49:01.847+0900][2.378s][info][gc,heap        ] GC(104) PSYoungGen: 163057K(163840K)->0K(163840K) Eden: 152561K(153088K)->0K(153088K) From: 10496K(10752K)->0K(10752K)
[2026-03-22T19:49:01.847+0900][2.378s][info][gc,heap        ] GC(104) ParOldGen: 291999K(349696K)->103429K(349696K)
[2026-03-22T19:49:01.847+0900][2.378s][info][gc,metaspace   ] GC(104) Metaspace: 338K(512K)->338K(512K) NonClass: 320K(384K)->320K(384K) Class: 17K(128K)->17K(128K)
[2026-03-22T19:49:01.847+0900][2.378s][info][gc             ] GC(104) Pause Full (Ergonomics) 444M->101M(501M) 8.489ms
[2026-03-22T19:49:01.847+0900][2.378s][info][gc,cpu         ] GC(104) User=0.00s Sys=0.00s Real=0.01s
[2026-03-22T19:49:01.861+0900][2.393s][info][gc,start       ] GC(105) Pause Young (Allocation Failure)
[2026-03-22T19:49:01.866+0900][2.398s][info][gc,heap        ] GC(105) PSYoungGen: 152561K(163840K)->10496K(163840K) Eden: 152561K(153088K)->0K(153088K) From: 0K(10752K)->10496K(10752K)
[2026-03-22T19:49:01.867+0900][2.398s][info][gc,heap        ] GC(105) ParOldGen: 103429K(349696K)->197638K(349696K)
[2026-03-22T19:49:01.867+0900][2.398s][info][gc,metaspace   ] GC(105) Metaspace: 338K(512K)->338K(512K) NonClass: 320K(384K)->320K(384K) Class: 17K(128K)->17K(128K)
[2026-03-22T19:49:01.867+0900][2.398s][info][gc             ] GC(105) Pause Young (Allocation Failure) 249M->203M(501M) 4.952ms
[2026-03-22T19:49:01.867+0900][2.398s][info][gc,cpu         ] GC(105) User=0.00s Sys=0.00s Real=0.01s
[2026-03-22T19:49:01.881+0900][2.413s][info][gc,start       ] GC(106) Pause Young (Allocation Failure)
[2026-03-22T19:49:01.887+0900][2.418s][info][gc,heap        ] GC(106) PSYoungGen: 163057K(163840K)->10496K(163840K) Eden: 152561K(153088K)->0K(153088K) From: 10496K(10752K)->10496K(10752K)
[2026-03-22T19:49:01.887+0900][2.419s][info][gc,heap        ] GC(106) ParOldGen: 197638K(349696K)->291999K(349696K)
[2026-03-22T19:49:01.887+0900][2.419s][info][gc,metaspace   ] GC(106) Metaspace: 338K(512K)->338K(512K) NonClass: 320K(384K)->320K(384K) Class: 17K(128K)->17K(128K)
[2026-03-22T19:49:01.887+0900][2.419s][info][gc             ] GC(106) Pause Young (Allocation Failure) 352M->295M(501M) 5.313ms
[2026-03-22T19:49:01.887+0900][2.419s][info][gc,cpu         ] GC(106) User=0.06s Sys=0.00s Real=0.01s
[2026-03-22T19:49:01.907+0900][2.438s][info][gc,start       ] GC(107) Pause Full (Ergonomics)
[2026-03-22T19:49:01.907+0900][2.439s][info][gc,phases,start] GC(107) Marking Phase
[2026-03-22T19:49:01.909+0900][2.440s][info][gc,phases      ] GC(107) Marking Phase 1.088ms
[2026-03-22T19:49:01.909+0900][2.440s][info][gc,phases,start] GC(107) Summary Phase
[2026-03-22T19:49:01.909+0900][2.440s][info][gc,phases      ] GC(107) Summary Phase 0.020ms
[2026-03-22T19:49:01.909+0900][2.440s][info][gc,phases,start] GC(107) Adjust Roots
[2026-03-22T19:49:01.909+0900][2.440s][info][gc,phases      ] GC(107) Adjust Roots 0.237ms
[2026-03-22T19:49:01.909+0900][2.440s][info][gc,phases,start] GC(107) Compaction Phase
[2026-03-22T19:49:01.914+0900][2.446s][info][gc,phases      ] GC(107) Compaction Phase 5.738ms
[2026-03-22T19:49:01.914+0900][2.446s][info][gc,phases,start] GC(107) Post Compact
[2026-03-22T19:49:01.916+0900][2.447s][info][gc,phases      ] GC(107) Post Compact 1.517ms
[2026-03-22T19:49:01.916+0900][2.447s][info][gc,heap        ] GC(107) PSYoungGen: 163057K(163840K)->0K(163840K) Eden: 152561K(153088K)->0K(153088K) From: 10496K(10752K)->0K(10752K)
[2026-03-22T19:49:01.916+0900][2.447s][info][gc,heap        ] GC(107) ParOldGen: 291999K(349696K)->103429K(349696K)
[2026-03-22T19:49:01.916+0900][2.447s][info][gc,metaspace   ] GC(107) Metaspace: 338K(512K)->338K(512K) NonClass: 320K(384K)->320K(384K) Class: 17K(128K)->17K(128K)
[2026-03-22T19:49:01.916+0900][2.447s][info][gc             ] GC(107) Pause Full (Ergonomics) 444M->101M(501M) 8.974ms
[2026-03-22T19:49:01.916+0900][2.447s][info][gc,cpu         ] GC(107) User=0.00s Sys=0.00s Real=0.01s
[2026-03-22T19:49:01.932+0900][2.463s][info][gc,start       ] GC(108) Pause Young (Allocation Failure)
[2026-03-22T19:49:01.936+0900][2.467s][info][gc,heap        ] GC(108) PSYoungGen: 152561K(163840K)->10496K(163840K) Eden: 152561K(153088K)->0K(153088K) From: 0K(10752K)->10496K(10752K)
[2026-03-22T19:49:01.936+0900][2.467s][info][gc,heap        ] GC(108) ParOldGen: 103429K(349696K)->197638K(349696K)
[2026-03-22T19:49:01.936+0900][2.467s][info][gc,metaspace   ] GC(108) Metaspace: 338K(512K)->338K(512K) NonClass: 320K(384K)->320K(384K) Class: 17K(128K)->17K(128K)
[2026-03-22T19:49:01.936+0900][2.467s][info][gc             ] GC(108) Pause Young (Allocation Failure) 249M->203M(501M) 4.567ms
[2026-03-22T19:49:01.936+0900][2.468s][info][gc,cpu         ] GC(108) User=0.00s Sys=0.00s Real=0.00s
[2026-03-22T19:49:01.950+0900][2.482s][info][gc,start       ] GC(109) Pause Young (Allocation Failure)
[2026-03-22T19:49:01.956+0900][2.487s][info][gc,heap        ] GC(109) PSYoungGen: 163057K(163840K)->10496K(163840K) Eden: 152561K(153088K)->0K(153088K) From: 10496K(10752K)->10496K(10752K)
[2026-03-22T19:49:01.956+0900][2.487s][info][gc,heap        ] GC(109) ParOldGen: 197638K(349696K)->291999K(349696K)
[2026-03-22T19:49:01.956+0900][2.487s][info][gc,metaspace   ] GC(109) Metaspace: 338K(512K)->338K(512K) NonClass: 320K(384K)->320K(384K) Class: 17K(128K)->17K(128K)
[2026-03-22T19:49:01.956+0900][2.487s][info][gc             ] GC(109) Pause Young (Allocation Failure) 352M->295M(501M) 4.689ms
[2026-03-22T19:49:01.956+0900][2.487s][info][gc,cpu         ] GC(109) User=0.00s Sys=0.00s Real=0.01s
[2026-03-22T19:49:01.969+0900][2.501s][info][gc,start       ] GC(110) Pause Full (Ergonomics)
[2026-03-22T19:49:01.970+0900][2.501s][info][gc,phases,start] GC(110) Marking Phase
[2026-03-22T19:49:01.971+0900][2.502s][info][gc,phases      ] GC(110) Marking Phase 1.311ms
[2026-03-22T19:49:01.971+0900][2.502s][info][gc,phases,start] GC(110) Summary Phase
[2026-03-22T19:49:01.971+0900][2.502s][info][gc,phases      ] GC(110) Summary Phase 0.024ms
[2026-03-22T19:49:01.971+0900][2.502s][info][gc,phases,start] GC(110) Adjust Roots
[2026-03-22T19:49:01.971+0900][2.503s][info][gc,phases      ] GC(110) Adjust Roots 0.233ms
[2026-03-22T19:49:01.971+0900][2.503s][info][gc,phases,start] GC(110) Compaction Phase
[2026-03-22T19:49:01.977+0900][2.508s][info][gc,phases      ] GC(110) Compaction Phase 5.511ms
[2026-03-22T19:49:01.977+0900][2.508s][info][gc,phases,start] GC(110) Post Compact
[2026-03-22T19:49:01.979+0900][2.510s][info][gc,phases      ] GC(110) Post Compact 1.692ms
[2026-03-22T19:49:01.979+0900][2.510s][info][gc,heap        ] GC(110) PSYoungGen: 163057K(163840K)->0K(163840K) Eden: 152561K(153088K)->0K(153088K) From: 10496K(10752K)->0K(10752K)
[2026-03-22T19:49:01.979+0900][2.510s][info][gc,heap        ] GC(110) ParOldGen: 291999K(349696K)->103429K(349696K)
[2026-03-22T19:49:01.979+0900][2.510s][info][gc,metaspace   ] GC(110) Metaspace: 338K(512K)->338K(512K) NonClass: 320K(384K)->320K(384K) Class: 17K(128K)->17K(128K)
[2026-03-22T19:49:01.979+0900][2.510s][info][gc             ] GC(110) Pause Full (Ergonomics) 444M->101M(501M) 9.066ms
[2026-03-22T19:49:01.979+0900][2.510s][info][gc,cpu         ] GC(110) User=0.00s Sys=0.02s Real=0.01s
[2026-03-22T19:49:01.997+0900][2.528s][info][gc,start       ] GC(111) Pause Young (Allocation Failure)
[2026-03-22T19:49:02.002+0900][2.533s][info][gc,heap        ] GC(111) PSYoungGen: 152561K(163840K)->10464K(163840K) Eden: 152561K(153088K)->0K(153088K) From: 0K(10752K)->10464K(10752K)
[2026-03-22T19:49:02.002+0900][2.533s][info][gc,heap        ] GC(111) ParOldGen: 103429K(349696K)->197638K(349696K)
[2026-03-22T19:49:02.002+0900][2.533s][info][gc,metaspace   ] GC(111) Metaspace: 338K(512K)->338K(512K) NonClass: 320K(384K)->320K(384K) Class: 17K(128K)->17K(128K)
[2026-03-22T19:49:02.002+0900][2.533s][info][gc             ] GC(111) Pause Young (Allocation Failure) 249M->203M(501M) 5.071ms
[2026-03-22T19:49:02.002+0900][2.533s][info][gc,cpu         ] GC(111) User=0.00s Sys=0.00s Real=0.01s
[2026-03-22T19:49:02.019+0900][2.550s][info][gc,start       ] GC(112) Pause Young (Allocation Failure)
[2026-03-22T19:49:02.023+0900][2.555s][info][gc,heap        ] GC(112) PSYoungGen: 163025K(163840K)->10496K(163840K) Eden: 152561K(153088K)->0K(153088K) From: 10464K(10752K)->10496K(10752K)
[2026-03-22T19:49:02.023+0900][2.555s][info][gc,heap        ] GC(112) ParOldGen: 197638K(349696K)->291999K(349696K)
[2026-03-22T19:49:02.023+0900][2.555s][info][gc,metaspace   ] GC(112) Metaspace: 338K(512K)->338K(512K) NonClass: 320K(384K)->320K(384K) Class: 17K(128K)->17K(128K)
[2026-03-22T19:49:02.023+0900][2.555s][info][gc             ] GC(112) Pause Young (Allocation Failure) 352M->295M(501M) 4.715ms
[2026-03-22T19:49:02.023+0900][2.555s][info][gc,cpu         ] GC(112) User=0.00s Sys=0.00s Real=0.00s
[2026-03-22T19:49:02.038+0900][2.570s][info][gc,start       ] GC(113) Pause Full (Ergonomics)
[2026-03-22T19:49:02.039+0900][2.570s][info][gc,phases,start] GC(113) Marking Phase
[2026-03-22T19:49:02.040+0900][2.571s][info][gc,phases      ] GC(113) Marking Phase 1.175ms
[2026-03-22T19:49:02.040+0900][2.571s][info][gc,phases,start] GC(113) Summary Phase
[2026-03-22T19:49:02.040+0900][2.571s][info][gc,phases      ] GC(113) Summary Phase 0.026ms
[2026-03-22T19:49:02.040+0900][2.571s][info][gc,phases,start] GC(113) Adjust Roots
[2026-03-22T19:49:02.040+0900][2.571s][info][gc,phases      ] GC(113) Adjust Roots 0.222ms
[2026-03-22T19:49:02.040+0900][2.571s][info][gc,phases,start] GC(113) Compaction Phase
[2026-03-22T19:49:02.046+0900][2.577s][info][gc,phases      ] GC(113) Compaction Phase 5.502ms
[2026-03-22T19:49:02.046+0900][2.577s][info][gc,phases,start] GC(113) Post Compact
[2026-03-22T19:49:02.047+0900][2.578s][info][gc,phases      ] GC(113) Post Compact 1.529ms
[2026-03-22T19:49:02.047+0900][2.579s][info][gc,heap        ] GC(113) PSYoungGen: 163057K(163840K)->0K(163840K) Eden: 152561K(153088K)->0K(153088K) From: 10496K(10752K)->0K(10752K)
[2026-03-22T19:49:02.047+0900][2.579s][info][gc,heap        ] GC(113) ParOldGen: 291999K(349696K)->103429K(349696K)
[2026-03-22T19:49:02.047+0900][2.579s][info][gc,metaspace   ] GC(113) Metaspace: 338K(512K)->338K(512K) NonClass: 320K(384K)->320K(384K) Class: 17K(128K)->17K(128K)
[2026-03-22T19:49:02.047+0900][2.579s][info][gc             ] GC(113) Pause Full (Ergonomics) 444M->101M(501M) 8.776ms
[2026-03-22T19:49:02.047+0900][2.579s][info][gc,cpu         ] GC(113) User=0.06s Sys=0.00s Real=0.01s
[2026-03-22T19:49:02.063+0900][2.594s][info][gc,start       ] GC(114) Pause Young (Allocation Failure)
[2026-03-22T19:49:02.067+0900][2.598s][info][gc,heap        ] GC(114) PSYoungGen: 152561K(163840K)->10496K(163840K) Eden: 152561K(153088K)->0K(153088K) From: 0K(10752K)->10496K(10752K)
[2026-03-22T19:49:02.067+0900][2.598s][info][gc,heap        ] GC(114) ParOldGen: 103429K(349696K)->197638K(349696K)
[2026-03-22T19:49:02.067+0900][2.599s][info][gc,metaspace   ] GC(114) Metaspace: 338K(512K)->338K(512K) NonClass: 320K(384K)->320K(384K) Class: 17K(128K)->17K(128K)
[2026-03-22T19:49:02.067+0900][2.599s][info][gc             ] GC(114) Pause Young (Allocation Failure) 249M->203M(501M) 4.806ms
[2026-03-22T19:49:02.067+0900][2.599s][info][gc,cpu         ] GC(114) User=0.00s Sys=0.00s Real=0.00s
[2026-03-22T19:49:02.083+0900][2.615s][info][gc,start       ] GC(115) Pause Young (Allocation Failure)
[2026-03-22T19:49:02.089+0900][2.620s][info][gc,heap        ] GC(115) PSYoungGen: 163057K(163840K)->10496K(163840K) Eden: 152561K(153088K)->0K(153088K) From: 10496K(10752K)->10496K(10752K)
[2026-03-22T19:49:02.093+0900][2.624s][info][gc,heap        ] GC(115) ParOldGen: 197638K(349696K)->291999K(349696K)
[2026-03-22T19:49:02.093+0900][2.624s][info][gc,metaspace   ] GC(115) Metaspace: 338K(512K)->338K(512K) NonClass: 320K(384K)->320K(384K) Class: 17K(128K)->17K(128K)
[2026-03-22T19:49:02.093+0900][2.624s][info][gc             ] GC(115) Pause Young (Allocation Failure) 352M->295M(501M) 9.310ms
[2026-03-22T19:49:02.093+0900][2.624s][info][gc,cpu         ] GC(115) User=0.06s Sys=0.00s Real=0.01s
[2026-03-22T19:49:02.108+0900][2.639s][info][gc,start       ] GC(116) Pause Full (Ergonomics)
[2026-03-22T19:49:02.108+0900][2.639s][info][gc,phases,start] GC(116) Marking Phase
[2026-03-22T19:49:02.109+0900][2.641s][info][gc,phases      ] GC(116) Marking Phase 1.345ms
[2026-03-22T19:49:02.109+0900][2.641s][info][gc,phases,start] GC(116) Summary Phase
[2026-03-22T19:49:02.109+0900][2.641s][info][gc,phases      ] GC(116) Summary Phase 0.022ms
[2026-03-22T19:49:02.109+0900][2.641s][info][gc,phases,start] GC(116) Adjust Roots
[2026-03-22T19:49:02.110+0900][2.641s][info][gc,phases      ] GC(116) Adjust Roots 0.224ms
[2026-03-22T19:49:02.110+0900][2.641s][info][gc,phases,start] GC(116) Compaction Phase
[2026-03-22T19:49:02.115+0900][2.647s][info][gc,phases      ] GC(116) Compaction Phase 5.742ms
[2026-03-22T19:49:02.115+0900][2.647s][info][gc,phases,start] GC(116) Post Compact
[2026-03-22T19:49:02.117+0900][2.649s][info][gc,phases      ] GC(116) Post Compact 1.748ms
[2026-03-22T19:49:02.117+0900][2.649s][info][gc,heap        ] GC(116) PSYoungGen: 163057K(163840K)->0K(163840K) Eden: 152561K(153088K)->0K(153088K) From: 10496K(10752K)->0K(10752K)
[2026-03-22T19:49:02.117+0900][2.649s][info][gc,heap        ] GC(116) ParOldGen: 291999K(349696K)->103429K(349696K)
[2026-03-22T19:49:02.117+0900][2.649s][info][gc,metaspace   ] GC(116) Metaspace: 338K(512K)->338K(512K) NonClass: 320K(384K)->320K(384K) Class: 17K(128K)->17K(128K)
[2026-03-22T19:49:02.117+0900][2.649s][info][gc             ] GC(116) Pause Full (Ergonomics) 444M->101M(501M) 9.405ms
[2026-03-22T19:49:02.117+0900][2.649s][info][gc,cpu         ] GC(116) User=0.00s Sys=0.00s Real=0.01s
[2026-03-22T19:49:02.132+0900][2.664s][info][gc,start       ] GC(117) Pause Young (Allocation Failure)
[2026-03-22T19:49:02.137+0900][2.668s][info][gc,heap        ] GC(117) PSYoungGen: 152561K(163840K)->10496K(163840K) Eden: 152561K(153088K)->0K(153088K) From: 0K(10752K)->10496K(10752K)
[2026-03-22T19:49:02.137+0900][2.668s][info][gc,heap        ] GC(117) ParOldGen: 103429K(349696K)->197638K(349696K)
[2026-03-22T19:49:02.137+0900][2.668s][info][gc,metaspace   ] GC(117) Metaspace: 338K(512K)->338K(512K) NonClass: 320K(384K)->320K(384K) Class: 17K(128K)->17K(128K)
[2026-03-22T19:49:02.137+0900][2.668s][info][gc             ] GC(117) Pause Young (Allocation Failure) 249M->203M(501M) 4.718ms
[2026-03-22T19:49:02.137+0900][2.668s][info][gc,cpu         ] GC(117) User=0.06s Sys=0.00s Real=0.01s
[2026-03-22T19:49:02.153+0900][2.684s][info][gc,start       ] GC(118) Pause Young (Allocation Failure)
[2026-03-22T19:49:02.157+0900][2.689s][info][gc,heap        ] GC(118) PSYoungGen: 163057K(163840K)->10496K(163840K) Eden: 152561K(153088K)->0K(153088K) From: 10496K(10752K)->10496K(10752K)
[2026-03-22T19:49:02.157+0900][2.689s][info][gc,heap        ] GC(118) ParOldGen: 197638K(349696K)->291999K(349696K)
[2026-03-22T19:49:02.157+0900][2.689s][info][gc,metaspace   ] GC(118) Metaspace: 338K(512K)->338K(512K) NonClass: 320K(384K)->320K(384K) Class: 17K(128K)->17K(128K)
[2026-03-22T19:49:02.157+0900][2.689s][info][gc             ] GC(118) Pause Young (Allocation Failure) 352M->295M(501M) 4.821ms
[2026-03-22T19:49:02.158+0900][2.689s][info][gc,cpu         ] GC(118) User=0.00s Sys=0.00s Real=0.00s
[2026-03-22T19:49:02.172+0900][2.704s][info][gc,start       ] GC(119) Pause Full (Ergonomics)
[2026-03-22T19:49:02.173+0900][2.704s][info][gc,phases,start] GC(119) Marking Phase
[2026-03-22T19:49:02.174+0900][2.705s][info][gc,phases      ] GC(119) Marking Phase 1.405ms
[2026-03-22T19:49:02.174+0900][2.705s][info][gc,phases,start] GC(119) Summary Phase
[2026-03-22T19:49:02.174+0900][2.705s][info][gc,phases      ] GC(119) Summary Phase 0.023ms
[2026-03-22T19:49:02.174+0900][2.705s][info][gc,phases,start] GC(119) Adjust Roots
[2026-03-22T19:49:02.174+0900][2.706s][info][gc,phases      ] GC(119) Adjust Roots 0.208ms
[2026-03-22T19:49:02.174+0900][2.706s][info][gc,phases,start] GC(119) Compaction Phase
[2026-03-22T19:49:02.180+0900][2.712s][info][gc,phases      ] GC(119) Compaction Phase 6.074ms
[2026-03-22T19:49:02.180+0900][2.712s][info][gc,phases,start] GC(119) Post Compact
[2026-03-22T19:49:02.182+0900][2.714s][info][gc,phases      ] GC(119) Post Compact 1.767ms
[2026-03-22T19:49:02.182+0900][2.714s][info][gc,heap        ] GC(119) PSYoungGen: 163057K(163840K)->0K(163840K) Eden: 152561K(153088K)->0K(153088K) From: 10496K(10752K)->0K(10752K)
[2026-03-22T19:49:02.182+0900][2.714s][info][gc,heap        ] GC(119) ParOldGen: 291999K(349696K)->103429K(349696K)
[2026-03-22T19:49:02.182+0900][2.714s][info][gc,metaspace   ] GC(119) Metaspace: 338K(512K)->338K(512K) NonClass: 320K(384K)->320K(384K) Class: 17K(128K)->17K(128K)
[2026-03-22T19:49:02.182+0900][2.714s][info][gc             ] GC(119) Pause Full (Ergonomics) 444M->101M(501M) 9.884ms
[2026-03-22T19:49:02.182+0900][2.714s][info][gc,cpu         ] GC(119) User=0.02s Sys=0.00s Real=0.01s
[2026-03-22T19:49:02.198+0900][2.730s][info][gc,start       ] GC(120) Pause Young (Allocation Failure)
[2026-03-22T19:49:02.203+0900][2.735s][info][gc,heap        ] GC(120) PSYoungGen: 152561K(163840K)->10496K(163840K) Eden: 152561K(153088K)->0K(153088K) From: 0K(10752K)->10496K(10752K)
[2026-03-22T19:49:02.203+0900][2.735s][info][gc,heap        ] GC(120) ParOldGen: 103429K(349696K)->197638K(349696K)
[2026-03-22T19:49:02.203+0900][2.735s][info][gc,metaspace   ] GC(120) Metaspace: 338K(512K)->338K(512K) NonClass: 320K(384K)->320K(384K) Class: 17K(128K)->17K(128K)
[2026-03-22T19:49:02.203+0900][2.735s][info][gc             ] GC(120) Pause Young (Allocation Failure) 249M->203M(501M) 4.846ms
[2026-03-22T19:49:02.203+0900][2.735s][info][gc,cpu         ] GC(120) User=0.00s Sys=0.00s Real=0.01s
[2026-03-22T19:49:02.219+0900][2.751s][info][gc,start       ] GC(121) Pause Young (Allocation Failure)
[2026-03-22T19:49:02.224+0900][2.756s][info][gc,heap        ] GC(121) PSYoungGen: 163057K(163840K)->10496K(163840K) Eden: 152561K(153088K)->0K(153088K) From: 10496K(10752K)->10496K(10752K)
[2026-03-22T19:49:02.224+0900][2.756s][info][gc,heap        ] GC(121) ParOldGen: 197638K(349696K)->291999K(349696K)
[2026-03-22T19:49:02.224+0900][2.756s][info][gc,metaspace   ] GC(121) Metaspace: 338K(512K)->338K(512K) NonClass: 320K(384K)->320K(384K) Class: 17K(128K)->17K(128K)
[2026-03-22T19:49:02.224+0900][2.756s][info][gc             ] GC(121) Pause Young (Allocation Failure) 352M->295M(501M) 5.220ms
[2026-03-22T19:49:02.224+0900][2.756s][info][gc,cpu         ] GC(121) User=0.00s Sys=0.00s Real=0.00s
[2026-03-22T19:49:02.240+0900][2.772s][info][gc,start       ] GC(122) Pause Full (Ergonomics)
[2026-03-22T19:49:02.240+0900][2.772s][info][gc,phases,start] GC(122) Marking Phase
[2026-03-22T19:49:02.242+0900][2.773s][info][gc,phases      ] GC(122) Marking Phase 1.174ms
[2026-03-22T19:49:02.242+0900][2.773s][info][gc,phases,start] GC(122) Summary Phase
[2026-03-22T19:49:02.242+0900][2.773s][info][gc,phases      ] GC(122) Summary Phase 0.021ms
[2026-03-22T19:49:02.242+0900][2.773s][info][gc,phases,start] GC(122) Adjust Roots
[2026-03-22T19:49:02.242+0900][2.773s][info][gc,phases      ] GC(122) Adjust Roots 0.207ms
[2026-03-22T19:49:02.242+0900][2.773s][info][gc,phases,start] GC(122) Compaction Phase
[2026-03-22T19:49:02.247+0900][2.778s][info][gc,phases      ] GC(122) Compaction Phase 5.232ms
[2026-03-22T19:49:02.247+0900][2.778s][info][gc,phases,start] GC(122) Post Compact
[2026-03-22T19:49:02.249+0900][2.780s][info][gc,phases      ] GC(122) Post Compact 1.517ms
[2026-03-22T19:49:02.249+0900][2.780s][info][gc,heap        ] GC(122) PSYoungGen: 163057K(163840K)->0K(163840K) Eden: 152561K(153088K)->0K(153088K) From: 10496K(10752K)->0K(10752K)
[2026-03-22T19:49:02.249+0900][2.780s][info][gc,heap        ] GC(122) ParOldGen: 291999K(349696K)->103429K(349696K)
[2026-03-22T19:49:02.249+0900][2.780s][info][gc,metaspace   ] GC(122) Metaspace: 338K(512K)->338K(512K) NonClass: 320K(384K)->320K(384K) Class: 17K(128K)->17K(128K)
[2026-03-22T19:49:02.249+0900][2.780s][info][gc             ] GC(122) Pause Full (Ergonomics) 444M->101M(501M) 8.446ms
[2026-03-22T19:49:02.249+0900][2.780s][info][gc,cpu         ] GC(122) User=0.06s Sys=0.00s Real=0.01s
[2026-03-22T19:49:02.263+0900][2.795s][info][gc,start       ] GC(123) Pause Young (Allocation Failure)
[2026-03-22T19:49:02.268+0900][2.799s][info][gc,heap        ] GC(123) PSYoungGen: 152561K(163840K)->10496K(163840K) Eden: 152561K(153088K)->0K(153088K) From: 0K(10752K)->10496K(10752K)
[2026-03-22T19:49:02.268+0900][2.799s][info][gc,heap        ] GC(123) ParOldGen: 103429K(349696K)->197638K(349696K)
[2026-03-22T19:49:02.268+0900][2.799s][info][gc,metaspace   ] GC(123) Metaspace: 338K(512K)->338K(512K) NonClass: 320K(384K)->320K(384K) Class: 17K(128K)->17K(128K)
[2026-03-22T19:49:02.268+0900][2.799s][info][gc             ] GC(123) Pause Young (Allocation Failure) 249M->203M(501M) 4.672ms
[2026-03-22T19:49:02.268+0900][2.799s][info][gc,cpu         ] GC(123) User=0.00s Sys=0.00s Real=0.00s
[2026-03-22T19:49:02.286+0900][2.818s][info][gc,start       ] GC(124) Pause Young (Allocation Failure)
[2026-03-22T19:49:02.292+0900][2.823s][info][gc,heap        ] GC(124) PSYoungGen: 163057K(163840K)->10496K(163840K) Eden: 152561K(153088K)->0K(153088K) From: 10496K(10752K)->10496K(10752K)
[2026-03-22T19:49:02.292+0900][2.823s][info][gc,heap        ] GC(124) ParOldGen: 197638K(349696K)->291999K(349696K)
[2026-03-22T19:49:02.292+0900][2.823s][info][gc,metaspace   ] GC(124) Metaspace: 338K(512K)->338K(512K) NonClass: 320K(384K)->320K(384K) Class: 17K(128K)->17K(128K)
[2026-03-22T19:49:02.292+0900][2.824s][info][gc             ] GC(124) Pause Young (Allocation Failure) 352M->295M(501M) 5.736ms
[2026-03-22T19:49:02.292+0900][2.824s][info][gc,cpu         ] GC(124) User=0.06s Sys=0.00s Real=0.01s
[2026-03-22T19:49:02.310+0900][2.842s][info][gc,start       ] GC(125) Pause Full (Ergonomics)
[2026-03-22T19:49:02.310+0900][2.842s][info][gc,phases,start] GC(125) Marking Phase
[2026-03-22T19:49:02.313+0900][2.844s][info][gc,phases      ] GC(125) Marking Phase 1.610ms
[2026-03-22T19:49:02.313+0900][2.844s][info][gc,phases,start] GC(125) Summary Phase
[2026-03-22T19:49:02.313+0900][2.844s][info][gc,phases      ] GC(125) Summary Phase 0.036ms
[2026-03-22T19:49:02.313+0900][2.844s][info][gc,phases,start] GC(125) Adjust Roots
[2026-03-22T19:49:02.313+0900][2.844s][info][gc,phases      ] GC(125) Adjust Roots 0.386ms
[2026-03-22T19:49:02.313+0900][2.844s][info][gc,phases,start] GC(125) Compaction Phase
[2026-03-22T19:49:02.319+0900][2.851s][info][gc,phases      ] GC(125) Compaction Phase 6.572ms
[2026-03-22T19:49:02.319+0900][2.851s][info][gc,phases,start] GC(125) Post Compact
[2026-03-22T19:49:02.321+0900][2.852s][info][gc,phases      ] GC(125) Post Compact 1.397ms
[2026-03-22T19:49:02.321+0900][2.852s][info][gc,heap        ] GC(125) PSYoungGen: 163057K(163840K)->0K(163840K) Eden: 152561K(153088K)->0K(153088K) From: 10496K(10752K)->0K(10752K)
[2026-03-22T19:49:02.321+0900][2.852s][info][gc,heap        ] GC(125) ParOldGen: 291999K(349696K)->103429K(349696K)
[2026-03-22T19:49:02.321+0900][2.852s][info][gc,metaspace   ] GC(125) Metaspace: 338K(512K)->338K(512K) NonClass: 320K(384K)->320K(384K) Class: 17K(128K)->17K(128K)
[2026-03-22T19:49:02.321+0900][2.852s][info][gc             ] GC(125) Pause Full (Ergonomics) 444M->101M(501M) 10.298ms
[2026-03-22T19:49:02.321+0900][2.852s][info][gc,cpu         ] GC(125) User=0.00s Sys=0.00s Real=0.01s
[2026-03-22T19:49:02.336+0900][2.867s][info][gc,start       ] GC(126) Pause Young (Allocation Failure)
[2026-03-22T19:49:02.340+0900][2.872s][info][gc,heap        ] GC(126) PSYoungGen: 152561K(163840K)->10496K(163840K) Eden: 152561K(153088K)->0K(153088K) From: 0K(10752K)->10496K(10752K)
[2026-03-22T19:49:02.340+0900][2.872s][info][gc,heap        ] GC(126) ParOldGen: 103429K(349696K)->197638K(349696K)
[2026-03-22T19:49:02.340+0900][2.872s][info][gc,metaspace   ] GC(126) Metaspace: 338K(512K)->338K(512K) NonClass: 320K(384K)->320K(384K) Class: 17K(128K)->17K(128K)
[2026-03-22T19:49:02.340+0900][2.872s][info][gc             ] GC(126) Pause Young (Allocation Failure) 249M->203M(501M) 4.560ms
[2026-03-22T19:49:02.340+0900][2.872s][info][gc,cpu         ] GC(126) User=0.06s Sys=0.00s Real=0.00s
[2026-03-22T19:49:02.356+0900][2.887s][info][gc,start       ] GC(127) Pause Young (Allocation Failure)
[2026-03-22T19:49:02.361+0900][2.892s][info][gc,heap        ] GC(127) PSYoungGen: 163057K(163840K)->10496K(163840K) Eden: 152561K(153088K)->0K(153088K) From: 10496K(10752K)->10496K(10752K)
[2026-03-22T19:49:02.361+0900][2.892s][info][gc,heap        ] GC(127) ParOldGen: 197638K(349696K)->291999K(349696K)
[2026-03-22T19:49:02.361+0900][2.892s][info][gc,metaspace   ] GC(127) Metaspace: 338K(512K)->338K(512K) NonClass: 320K(384K)->320K(384K) Class: 17K(128K)->17K(128K)
[2026-03-22T19:49:02.361+0900][2.892s][info][gc             ] GC(127) Pause Young (Allocation Failure) 352M->295M(501M) 4.664ms
[2026-03-22T19:49:02.361+0900][2.892s][info][gc,cpu         ] GC(127) User=0.00s Sys=0.00s Real=0.01s
[2026-03-22T19:49:02.375+0900][2.906s][info][gc,start       ] GC(128) Pause Full (Ergonomics)
[2026-03-22T19:49:02.375+0900][2.906s][info][gc,phases,start] GC(128) Marking Phase
[2026-03-22T19:49:02.376+0900][2.908s][info][gc,phases      ] GC(128) Marking Phase 1.101ms
[2026-03-22T19:49:02.376+0900][2.908s][info][gc,phases,start] GC(128) Summary Phase
[2026-03-22T19:49:02.376+0900][2.908s][info][gc,phases      ] GC(128) Summary Phase 0.023ms
[2026-03-22T19:49:02.376+0900][2.908s][info][gc,phases,start] GC(128) Adjust Roots
[2026-03-22T19:49:02.376+0900][2.908s][info][gc,phases      ] GC(128) Adjust Roots 0.185ms
[2026-03-22T19:49:02.376+0900][2.908s][info][gc,phases,start] GC(128) Compaction Phase
[2026-03-22T19:49:02.383+0900][2.915s][info][gc,phases      ] GC(128) Compaction Phase 7.464ms
[2026-03-22T19:49:02.384+0900][2.915s][info][gc,phases,start] GC(128) Post Compact
[2026-03-22T19:49:02.385+0900][2.917s][info][gc,phases      ] GC(128) Post Compact 1.550ms
[2026-03-22T19:49:02.385+0900][2.917s][info][gc,heap        ] GC(128) PSYoungGen: 163057K(163840K)->0K(163840K) Eden: 152561K(153088K)->0K(153088K) From: 10496K(10752K)->0K(10752K)
[2026-03-22T19:49:02.385+0900][2.917s][info][gc,heap        ] GC(128) ParOldGen: 291999K(349696K)->103429K(349696K)
[2026-03-22T19:49:02.385+0900][2.917s][info][gc,metaspace   ] GC(128) Metaspace: 338K(512K)->338K(512K) NonClass: 320K(384K)->320K(384K) Class: 17K(128K)->17K(128K)
[2026-03-22T19:49:02.385+0900][2.917s][info][gc             ] GC(128) Pause Full (Ergonomics) 444M->101M(501M) 10.649ms
[2026-03-22T19:49:02.385+0900][2.917s][info][gc,cpu         ] GC(128) User=0.00s Sys=0.02s Real=0.01s
[2026-03-22T19:49:02.403+0900][2.935s][info][gc,start       ] GC(129) Pause Young (Allocation Failure)
[2026-03-22T19:49:02.408+0900][2.940s][info][gc,heap        ] GC(129) PSYoungGen: 152561K(163840K)->10496K(163840K) Eden: 152561K(153088K)->0K(153088K) From: 0K(10752K)->10496K(10752K)
[2026-03-22T19:49:02.408+0900][2.940s][info][gc,heap        ] GC(129) ParOldGen: 103429K(349696K)->197638K(349696K)
[2026-03-22T19:49:02.408+0900][2.940s][info][gc,metaspace   ] GC(129) Metaspace: 338K(512K)->338K(512K) NonClass: 320K(384K)->320K(384K) Class: 17K(128K)->17K(128K)
[2026-03-22T19:49:02.408+0900][2.940s][info][gc             ] GC(129) Pause Young (Allocation Failure) 249M->203M(501M) 5.201ms
[2026-03-22T19:49:02.408+0900][2.940s][info][gc,cpu         ] GC(129) User=0.00s Sys=0.00s Real=0.00s
[2026-03-22T19:49:02.423+0900][2.955s][info][gc,start       ] GC(130) Pause Young (Allocation Failure)
[2026-03-22T19:49:02.428+0900][2.960s][info][gc,heap        ] GC(130) PSYoungGen: 163057K(163840K)->10496K(163840K) Eden: 152561K(153088K)->0K(153088K) From: 10496K(10752K)->10496K(10752K)
[2026-03-22T19:49:02.429+0900][2.960s][info][gc,heap        ] GC(130) ParOldGen: 197638K(349696K)->291999K(349696K)
[2026-03-22T19:49:02.429+0900][2.960s][info][gc,metaspace   ] GC(130) Metaspace: 338K(512K)->338K(512K) NonClass: 320K(384K)->320K(384K) Class: 17K(128K)->17K(128K)
[2026-03-22T19:49:02.429+0900][2.960s][info][gc             ] GC(130) Pause Young (Allocation Failure) 352M->295M(501M) 5.404ms
[2026-03-22T19:49:02.429+0900][2.960s][info][gc,cpu         ] GC(130) User=0.00s Sys=0.00s Real=0.01s
[2026-03-22T19:49:02.443+0900][2.975s][info][gc,start       ] GC(131) Pause Full (Ergonomics)
[2026-03-22T19:49:02.443+0900][2.975s][info][gc,phases,start] GC(131) Marking Phase
[2026-03-22T19:49:02.444+0900][2.976s][info][gc,phases      ] GC(131) Marking Phase 1.287ms
[2026-03-22T19:49:02.444+0900][2.976s][info][gc,phases,start] GC(131) Summary Phase
[2026-03-22T19:49:02.445+0900][2.976s][info][gc,phases      ] GC(131) Summary Phase 0.015ms
[2026-03-22T19:49:02.445+0900][2.976s][info][gc,phases,start] GC(131) Adjust Roots
[2026-03-22T19:49:02.445+0900][2.977s][info][gc,phases      ] GC(131) Adjust Roots 0.186ms
[2026-03-22T19:49:02.445+0900][2.977s][info][gc,phases,start] GC(131) Compaction Phase
[2026-03-22T19:49:02.450+0900][2.982s][info][gc,phases      ] GC(131) Compaction Phase 5.204ms
[2026-03-22T19:49:02.450+0900][2.982s][info][gc,phases,start] GC(131) Post Compact
[2026-03-22T19:49:02.451+0900][2.983s][info][gc,phases      ] GC(131) Post Compact 1.384ms
[2026-03-22T19:49:02.451+0900][2.983s][info][gc,heap        ] GC(131) PSYoungGen: 163057K(163840K)->0K(163840K) Eden: 152561K(153088K)->0K(153088K) From: 10496K(10752K)->0K(10752K)
[2026-03-22T19:49:02.451+0900][2.983s][info][gc,heap        ] GC(131) ParOldGen: 291999K(349696K)->103429K(349696K)
[2026-03-22T19:49:02.451+0900][2.983s][info][gc,metaspace   ] GC(131) Metaspace: 338K(512K)->338K(512K) NonClass: 320K(384K)->320K(384K) Class: 17K(128K)->17K(128K)
[2026-03-22T19:49:02.451+0900][2.983s][info][gc             ] GC(131) Pause Full (Ergonomics) 444M->101M(501M) 8.305ms
[2026-03-22T19:49:02.451+0900][2.983s][info][gc,cpu         ] GC(131) User=0.05s Sys=0.02s Real=0.01s
[2026-03-22T19:49:02.467+0900][2.998s][info][gc,start       ] GC(132) Pause Young (Allocation Failure)
[2026-03-22T19:49:02.471+0900][3.003s][info][gc,heap        ] GC(132) PSYoungGen: 152561K(163840K)->10496K(163840K) Eden: 152561K(153088K)->0K(153088K) From: 0K(10752K)->10496K(10752K)
[2026-03-22T19:49:02.471+0900][3.003s][info][gc,heap        ] GC(132) ParOldGen: 103429K(349696K)->197638K(349696K)
[2026-03-22T19:49:02.471+0900][3.003s][info][gc,metaspace   ] GC(132) Metaspace: 338K(512K)->338K(512K) NonClass: 320K(384K)->320K(384K) Class: 17K(128K)->17K(128K)
[2026-03-22T19:49:02.471+0900][3.003s][info][gc             ] GC(132) Pause Young (Allocation Failure) 249M->203M(501M) 4.471ms
[2026-03-22T19:49:02.471+0900][3.003s][info][gc,cpu         ] GC(132) User=0.00s Sys=0.00s Real=0.00s
[2026-03-22T19:49:02.487+0900][3.019s][info][gc,start       ] GC(133) Pause Young (Allocation Failure)
[2026-03-22T19:49:02.493+0900][3.024s][info][gc,heap        ] GC(133) PSYoungGen: 163057K(163840K)->10496K(163840K) Eden: 152561K(153088K)->0K(153088K) From: 10496K(10752K)->10496K(10752K)
[2026-03-22T19:49:02.493+0900][3.024s][info][gc,heap        ] GC(133) ParOldGen: 197638K(349696K)->291999K(349696K)
[2026-03-22T19:49:02.493+0900][3.025s][info][gc,metaspace   ] GC(133) Metaspace: 338K(512K)->338K(512K) NonClass: 320K(384K)->320K(384K) Class: 17K(128K)->17K(128K)
[2026-03-22T19:49:02.493+0900][3.025s][info][gc             ] GC(133) Pause Young (Allocation Failure) 352M->295M(501M) 5.486ms
[2026-03-22T19:49:02.493+0900][3.025s][info][gc,cpu         ] GC(133) User=0.00s Sys=0.00s Real=0.01s
[2026-03-22T19:49:02.508+0900][3.040s][info][gc,start       ] GC(134) Pause Full (Ergonomics)
[2026-03-22T19:49:02.508+0900][3.040s][info][gc,phases,start] GC(134) Marking Phase
[2026-03-22T19:49:02.510+0900][3.041s][info][gc,phases      ] GC(134) Marking Phase 1.227ms
[2026-03-22T19:49:02.510+0900][3.041s][info][gc,phases,start] GC(134) Summary Phase
[2026-03-22T19:49:02.510+0900][3.041s][info][gc,phases      ] GC(134) Summary Phase 0.014ms
[2026-03-22T19:49:02.510+0900][3.041s][info][gc,phases,start] GC(134) Adjust Roots
[2026-03-22T19:49:02.510+0900][3.041s][info][gc,phases      ] GC(134) Adjust Roots 0.288ms
[2026-03-22T19:49:02.510+0900][3.041s][info][gc,phases,start] GC(134) Compaction Phase
[2026-03-22T19:49:02.515+0900][3.047s][info][gc,phases      ] GC(134) Compaction Phase 5.355ms
[2026-03-22T19:49:02.515+0900][3.047s][info][gc,phases,start] GC(134) Post Compact
[2026-03-22T19:49:02.517+0900][3.048s][info][gc,phases      ] GC(134) Post Compact 1.359ms
[2026-03-22T19:49:02.517+0900][3.048s][info][gc,heap        ] GC(134) PSYoungGen: 163057K(163840K)->0K(163840K) Eden: 152561K(153088K)->0K(153088K) From: 10496K(10752K)->0K(10752K)
[2026-03-22T19:49:02.517+0900][3.048s][info][gc,heap        ] GC(134) ParOldGen: 291999K(349696K)->103194K(349696K)
[2026-03-22T19:49:02.517+0900][3.048s][info][gc,metaspace   ] GC(134) Metaspace: 338K(512K)->338K(512K) NonClass: 320K(384K)->320K(384K) Class: 17K(128K)->17K(128K)
[2026-03-22T19:49:02.517+0900][3.048s][info][gc             ] GC(134) Pause Full (Ergonomics) 444M->100M(501M) 8.452ms
[2026-03-22T19:49:02.517+0900][3.048s][info][gc,cpu         ] GC(134) User=0.00s Sys=0.02s Real=0.01s
[2026-03-22T19:49:02.531+0900][3.063s][info][gc,start       ] GC(135) Pause Young (Allocation Failure)
[2026-03-22T19:49:02.536+0900][3.068s][info][gc,heap        ] GC(135) PSYoungGen: 152561K(163840K)->10496K(163840K) Eden: 152561K(153088K)->0K(153088K) From: 0K(10752K)->10496K(10752K)
[2026-03-22T19:49:02.536+0900][3.068s][info][gc,heap        ] GC(135) ParOldGen: 103194K(349696K)->197403K(349696K)
[2026-03-22T19:49:02.536+0900][3.068s][info][gc,metaspace   ] GC(135) Metaspace: 338K(512K)->338K(512K) NonClass: 320K(384K)->320K(384K) Class: 17K(128K)->17K(128K)
[2026-03-22T19:49:02.536+0900][3.068s][info][gc             ] GC(135) Pause Young (Allocation Failure) 249M->203M(501M) 4.934ms
[2026-03-22T19:49:02.536+0900][3.068s][info][gc,cpu         ] GC(135) User=0.00s Sys=0.00s Real=0.01s
[2026-03-22T19:49:02.551+0900][3.083s][info][gc,start       ] GC(136) Pause Young (Allocation Failure)
[2026-03-22T19:49:02.556+0900][3.087s][info][gc,heap        ] GC(136) PSYoungGen: 163057K(163840K)->10496K(163840K) Eden: 152561K(153088K)->0K(153088K) From: 10496K(10752K)->10496K(10752K)
[2026-03-22T19:49:02.556+0900][3.087s][info][gc,heap        ] GC(136) ParOldGen: 197403K(349696K)->291764K(349696K)
[2026-03-22T19:49:02.556+0900][3.087s][info][gc,metaspace   ] GC(136) Metaspace: 338K(512K)->338K(512K) NonClass: 320K(384K)->320K(384K) Class: 17K(128K)->17K(128K)
[2026-03-22T19:49:02.556+0900][3.087s][info][gc             ] GC(136) Pause Young (Allocation Failure) 352M->295M(501M) 4.868ms
[2026-03-22T19:49:02.556+0900][3.087s][info][gc,cpu         ] GC(136) User=0.00s Sys=0.00s Real=0.00s
[2026-03-22T19:49:02.570+0900][3.102s][info][gc,start       ] GC(137) Pause Full (Ergonomics)
[2026-03-22T19:49:02.570+0900][3.102s][info][gc,phases,start] GC(137) Marking Phase
[2026-03-22T19:49:02.571+0900][3.103s][info][gc,phases      ] GC(137) Marking Phase 1.126ms
[2026-03-22T19:49:02.571+0900][3.103s][info][gc,phases,start] GC(137) Summary Phase
[2026-03-22T19:49:02.571+0900][3.103s][info][gc,phases      ] GC(137) Summary Phase 0.015ms
[2026-03-22T19:49:02.571+0900][3.103s][info][gc,phases,start] GC(137) Adjust Roots
[2026-03-22T19:49:02.572+0900][3.103s][info][gc,phases      ] GC(137) Adjust Roots 0.214ms
[2026-03-22T19:49:02.572+0900][3.103s][info][gc,phases,start] GC(137) Compaction Phase
[2026-03-22T19:49:02.577+0900][3.109s][info][gc,phases      ] GC(137) Compaction Phase 5.559ms
[2026-03-22T19:49:02.577+0900][3.109s][info][gc,phases,start] GC(137) Post Compact
[2026-03-22T19:49:02.579+0900][3.110s][info][gc,phases      ] GC(137) Post Compact 1.383ms
[2026-03-22T19:49:02.579+0900][3.110s][info][gc,heap        ] GC(137) PSYoungGen: 163057K(163840K)->0K(163840K) Eden: 152561K(153088K)->0K(153088K) From: 10496K(10752K)->0K(10752K)
[2026-03-22T19:49:02.579+0900][3.110s][info][gc,heap        ] GC(137) ParOldGen: 291764K(349696K)->103429K(349696K)
[2026-03-22T19:49:02.579+0900][3.110s][info][gc,metaspace   ] GC(137) Metaspace: 338K(512K)->338K(512K) NonClass: 320K(384K)->320K(384K) Class: 17K(128K)->17K(128K)
[2026-03-22T19:49:02.579+0900][3.110s][info][gc             ] GC(137) Pause Full (Ergonomics) 444M->101M(501M) 8.524ms
[2026-03-22T19:49:02.579+0900][3.110s][info][gc,cpu         ] GC(137) User=0.02s Sys=0.00s Real=0.01s
[2026-03-22T19:49:02.594+0900][3.125s][info][gc,start       ] GC(138) Pause Young (Allocation Failure)
[2026-03-22T19:49:02.598+0900][3.130s][info][gc,heap        ] GC(138) PSYoungGen: 152561K(163840K)->10496K(163840K) Eden: 152561K(153088K)->0K(153088K) From: 0K(10752K)->10496K(10752K)
[2026-03-22T19:49:02.598+0900][3.130s][info][gc,heap        ] GC(138) ParOldGen: 103429K(349696K)->197638K(349696K)
[2026-03-22T19:49:02.598+0900][3.130s][info][gc,metaspace   ] GC(138) Metaspace: 338K(512K)->338K(512K) NonClass: 320K(384K)->320K(384K) Class: 17K(128K)->17K(128K)
[2026-03-22T19:49:02.598+0900][3.130s][info][gc             ] GC(138) Pause Young (Allocation Failure) 249M->203M(501M) 5.039ms
[2026-03-22T19:49:02.598+0900][3.130s][info][gc,cpu         ] GC(138) User=0.00s Sys=0.00s Real=0.00s
[2026-03-22T19:49:02.615+0900][3.146s][info][gc,start       ] GC(139) Pause Young (Allocation Failure)
[2026-03-22T19:49:02.620+0900][3.151s][info][gc,heap        ] GC(139) PSYoungGen: 163057K(163840K)->10496K(163840K) Eden: 152561K(153088K)->0K(153088K) From: 10496K(10752K)->10496K(10752K)
[2026-03-22T19:49:02.620+0900][3.151s][info][gc,heap        ] GC(139) ParOldGen: 197638K(349696K)->291999K(349696K)
[2026-03-22T19:49:02.620+0900][3.151s][info][gc,metaspace   ] GC(139) Metaspace: 338K(512K)->338K(512K) NonClass: 320K(384K)->320K(384K) Class: 17K(128K)->17K(128K)
[2026-03-22T19:49:02.620+0900][3.151s][info][gc             ] GC(139) Pause Young (Allocation Failure) 352M->295M(501M) 4.985ms
[2026-03-22T19:49:02.620+0900][3.151s][info][gc,cpu         ] GC(139) User=0.06s Sys=0.00s Real=0.00s
[2026-03-22T19:49:02.635+0900][3.166s][info][gc,start       ] GC(140) Pause Full (Ergonomics)
[2026-03-22T19:49:02.635+0900][3.166s][info][gc,phases,start] GC(140) Marking Phase
[2026-03-22T19:49:02.636+0900][3.168s][info][gc,phases      ] GC(140) Marking Phase 1.360ms
[2026-03-22T19:49:02.636+0900][3.168s][info][gc,phases,start] GC(140) Summary Phase
[2026-03-22T19:49:02.636+0900][3.168s][info][gc,phases      ] GC(140) Summary Phase 0.015ms
[2026-03-22T19:49:02.636+0900][3.168s][info][gc,phases,start] GC(140) Adjust Roots
[2026-03-22T19:49:02.636+0900][3.168s][info][gc,phases      ] GC(140) Adjust Roots 0.188ms
[2026-03-22T19:49:02.636+0900][3.168s][info][gc,phases,start] GC(140) Compaction Phase
[2026-03-22T19:49:02.642+0900][3.173s][info][gc,phases      ] GC(140) Compaction Phase 5.470ms
[2026-03-22T19:49:02.642+0900][3.173s][info][gc,phases,start] GC(140) Post Compact
[2026-03-22T19:49:02.643+0900][3.175s][info][gc,phases      ] GC(140) Post Compact 1.410ms
[2026-03-22T19:49:02.643+0900][3.175s][info][gc,heap        ] GC(140) PSYoungGen: 163057K(163840K)->0K(163840K) Eden: 152561K(153088K)->0K(153088K) From: 10496K(10752K)->0K(10752K)
[2026-03-22T19:49:02.643+0900][3.175s][info][gc,heap        ] GC(140) ParOldGen: 291999K(349696K)->103430K(349696K)
[2026-03-22T19:49:02.643+0900][3.175s][info][gc,metaspace   ] GC(140) Metaspace: 338K(512K)->338K(512K) NonClass: 320K(384K)->320K(384K) Class: 17K(128K)->17K(128K)
[2026-03-22T19:49:02.643+0900][3.175s][info][gc             ] GC(140) Pause Full (Ergonomics) 444M->101M(501M) 8.646ms
[2026-03-22T19:49:02.643+0900][3.175s][info][gc,cpu         ] GC(140) User=0.00s Sys=0.00s Real=0.01s
[2026-03-22T19:49:02.658+0900][3.190s][info][gc,start       ] GC(141) Pause Young (Allocation Failure)
[2026-03-22T19:49:02.663+0900][3.195s][info][gc,heap        ] GC(141) PSYoungGen: 152561K(163840K)->10496K(163840K) Eden: 152561K(153088K)->0K(153088K) From: 0K(10752K)->10496K(10752K)
[2026-03-22T19:49:02.663+0900][3.195s][info][gc,heap        ] GC(141) ParOldGen: 103430K(349696K)->197639K(349696K)
[2026-03-22T19:49:02.663+0900][3.195s][info][gc,metaspace   ] GC(141) Metaspace: 338K(512K)->338K(512K) NonClass: 320K(384K)->320K(384K) Class: 17K(128K)->17K(128K)
[2026-03-22T19:49:02.663+0900][3.195s][info][gc             ] GC(141) Pause Young (Allocation Failure) 249M->203M(501M) 4.737ms
[2026-03-22T19:49:02.663+0900][3.195s][info][gc,cpu         ] GC(141) User=0.00s Sys=0.00s Real=0.01s
[2026-03-22T19:49:02.677+0900][3.209s][info][gc,start       ] GC(142) Pause Young (Allocation Failure)
[2026-03-22T19:49:02.682+0900][3.214s][info][gc,heap        ] GC(142) PSYoungGen: 163057K(163840K)->10496K(163840K) Eden: 152561K(153088K)->0K(153088K) From: 10496K(10752K)->10496K(10752K)
[2026-03-22T19:49:02.682+0900][3.214s][info][gc,heap        ] GC(142) ParOldGen: 197639K(349696K)->291999K(349696K)
[2026-03-22T19:49:02.682+0900][3.214s][info][gc,metaspace   ] GC(142) Metaspace: 338K(512K)->338K(512K) NonClass: 320K(384K)->320K(384K) Class: 17K(128K)->17K(128K)
[2026-03-22T19:49:02.682+0900][3.214s][info][gc             ] GC(142) Pause Young (Allocation Failure) 352M->295M(501M) 4.886ms
[2026-03-22T19:49:02.682+0900][3.214s][info][gc,cpu         ] GC(142) User=0.06s Sys=0.00s Real=0.00s
[2026-03-22T19:49:02.697+0900][3.229s][info][gc,start       ] GC(143) Pause Full (Ergonomics)
[2026-03-22T19:49:02.697+0900][3.229s][info][gc,phases,start] GC(143) Marking Phase
[2026-03-22T19:49:02.699+0900][3.230s][info][gc,phases      ] GC(143) Marking Phase 1.160ms
[2026-03-22T19:49:02.699+0900][3.230s][info][gc,phases,start] GC(143) Summary Phase
[2026-03-22T19:49:02.699+0900][3.231s][info][gc,phases      ] GC(143) Summary Phase 0.015ms
[2026-03-22T19:49:02.699+0900][3.231s][info][gc,phases,start] GC(143) Adjust Roots
[2026-03-22T19:49:02.699+0900][3.231s][info][gc,phases      ] GC(143) Adjust Roots 0.181ms
[2026-03-22T19:49:02.699+0900][3.231s][info][gc,phases,start] GC(143) Compaction Phase
[2026-03-22T19:49:02.704+0900][3.236s][info][gc,phases      ] GC(143) Compaction Phase 5.173ms
[2026-03-22T19:49:02.704+0900][3.236s][info][gc,phases,start] GC(143) Post Compact
[2026-03-22T19:49:02.706+0900][3.237s][info][gc,phases      ] GC(143) Post Compact 1.450ms
[2026-03-22T19:49:02.706+0900][3.237s][info][gc,heap        ] GC(143) PSYoungGen: 163057K(163840K)->0K(163840K) Eden: 152561K(153088K)->0K(153088K) From: 10496K(10752K)->0K(10752K)
[2026-03-22T19:49:02.706+0900][3.237s][info][gc,heap        ] GC(143) ParOldGen: 291999K(349696K)->103430K(349696K)
[2026-03-22T19:49:02.706+0900][3.237s][info][gc,metaspace   ] GC(143) Metaspace: 338K(512K)->338K(512K) NonClass: 320K(384K)->320K(384K) Class: 17K(128K)->17K(128K)
[2026-03-22T19:49:02.706+0900][3.237s][info][gc             ] GC(143) Pause Full (Ergonomics) 444M->101M(501M) 8.220ms
[2026-03-22T19:49:02.706+0900][3.237s][info][gc,cpu         ] GC(143) User=0.00s Sys=0.00s Real=0.01s
[2026-03-22T19:49:02.721+0900][3.252s][info][gc,start       ] GC(144) Pause Young (Allocation Failure)
[2026-03-22T19:49:02.725+0900][3.257s][info][gc,heap        ] GC(144) PSYoungGen: 152561K(163840K)->10496K(163840K) Eden: 152561K(153088K)->0K(153088K) From: 0K(10752K)->10496K(10752K)
[2026-03-22T19:49:02.726+0900][3.257s][info][gc,heap        ] GC(144) ParOldGen: 103430K(349696K)->197639K(349696K)
[2026-03-22T19:49:02.726+0900][3.257s][info][gc,metaspace   ] GC(144) Metaspace: 338K(512K)->338K(512K) NonClass: 320K(384K)->320K(384K) Class: 17K(128K)->17K(128K)
[2026-03-22T19:49:02.726+0900][3.257s][info][gc             ] GC(144) Pause Young (Allocation Failure) 249M->203M(501M) 4.860ms
[2026-03-22T19:49:02.726+0900][3.257s][info][gc,cpu         ] GC(144) User=0.00s Sys=0.00s Real=0.01s
[2026-03-22T19:49:02.740+0900][3.272s][info][gc,start       ] GC(145) Pause Young (Allocation Failure)
[2026-03-22T19:49:02.745+0900][3.277s][info][gc,heap        ] GC(145) PSYoungGen: 163057K(163840K)->10496K(163840K) Eden: 152561K(153088K)->0K(153088K) From: 10496K(10752K)->10496K(10752K)
[2026-03-22T19:49:02.745+0900][3.277s][info][gc,heap        ] GC(145) ParOldGen: 197639K(349696K)->291999K(349696K)
[2026-03-22T19:49:02.745+0900][3.277s][info][gc,metaspace   ] GC(145) Metaspace: 338K(512K)->338K(512K) NonClass: 320K(384K)->320K(384K) Class: 17K(128K)->17K(128K)
[2026-03-22T19:49:02.745+0900][3.277s][info][gc             ] GC(145) Pause Young (Allocation Failure) 352M->295M(501M) 4.572ms
[2026-03-22T19:49:02.745+0900][3.277s][info][gc,cpu         ] GC(145) User=0.06s Sys=0.00s Real=0.00s
[2026-03-22T19:49:02.761+0900][3.293s][info][gc,start       ] GC(146) Pause Full (Ergonomics)
[2026-03-22T19:49:02.761+0900][3.293s][info][gc,phases,start] GC(146) Marking Phase
[2026-03-22T19:49:02.763+0900][3.294s][info][gc,phases      ] GC(146) Marking Phase 1.274ms
[2026-03-22T19:49:02.763+0900][3.294s][info][gc,phases,start] GC(146) Summary Phase
[2026-03-22T19:49:02.763+0900][3.294s][info][gc,phases      ] GC(146) Summary Phase 0.017ms
[2026-03-22T19:49:02.763+0900][3.294s][info][gc,phases,start] GC(146) Adjust Roots
[2026-03-22T19:49:02.763+0900][3.294s][info][gc,phases      ] GC(146) Adjust Roots 0.201ms
[2026-03-22T19:49:02.763+0900][3.294s][info][gc,phases,start] GC(146) Compaction Phase
[2026-03-22T19:49:02.769+0900][3.300s][info][gc,phases      ] GC(146) Compaction Phase 5.649ms
[2026-03-22T19:49:02.769+0900][3.300s][info][gc,phases,start] GC(146) Post Compact
[2026-03-22T19:49:02.770+0900][3.301s][info][gc,phases      ] GC(146) Post Compact 1.405ms
[2026-03-22T19:49:02.770+0900][3.301s][info][gc,heap        ] GC(146) PSYoungGen: 163057K(163840K)->0K(163840K) Eden: 152561K(153088K)->0K(153088K) From: 10496K(10752K)->0K(10752K)
[2026-03-22T19:49:02.770+0900][3.301s][info][gc,heap        ] GC(146) ParOldGen: 291999K(349696K)->103430K(349696K)
[2026-03-22T19:49:02.770+0900][3.301s][info][gc,metaspace   ] GC(146) Metaspace: 338K(512K)->338K(512K) NonClass: 320K(384K)->320K(384K) Class: 17K(128K)->17K(128K)
[2026-03-22T19:49:02.770+0900][3.301s][info][gc             ] GC(146) Pause Full (Ergonomics) 444M->101M(501M) 8.862ms
[2026-03-22T19:49:02.770+0900][3.301s][info][gc,cpu         ] GC(146) User=0.00s Sys=0.00s Real=0.01s
[2026-03-22T19:49:02.785+0900][3.317s][info][gc,start       ] GC(147) Pause Young (Allocation Failure)
[2026-03-22T19:49:02.789+0900][3.321s][info][gc,heap        ] GC(147) PSYoungGen: 152561K(163840K)->10496K(163840K) Eden: 152561K(153088K)->0K(153088K) From: 0K(10752K)->10496K(10752K)
[2026-03-22T19:49:02.789+0900][3.321s][info][gc,heap        ] GC(147) ParOldGen: 103430K(349696K)->197639K(349696K)
[2026-03-22T19:49:02.789+0900][3.321s][info][gc,metaspace   ] GC(147) Metaspace: 338K(512K)->338K(512K) NonClass: 320K(384K)->320K(384K) Class: 17K(128K)->17K(128K)
[2026-03-22T19:49:02.789+0900][3.321s][info][gc             ] GC(147) Pause Young (Allocation Failure) 249M->203M(501M) 4.313ms
[2026-03-22T19:49:02.789+0900][3.321s][info][gc,cpu         ] GC(147) User=0.00s Sys=0.00s Real=0.00s
[2026-03-22T19:49:02.805+0900][3.336s][info][gc,start       ] GC(148) Pause Young (Allocation Failure)
[2026-03-22T19:49:02.811+0900][3.342s][info][gc,heap        ] GC(148) PSYoungGen: 163057K(163840K)->10464K(163840K) Eden: 152561K(153088K)->0K(153088K) From: 10496K(10752K)->10464K(10752K)
[2026-03-22T19:49:02.811+0900][3.342s][info][gc,heap        ] GC(148) ParOldGen: 197639K(349696K)->291999K(349696K)
[2026-03-22T19:49:02.811+0900][3.342s][info][gc,metaspace   ] GC(148) Metaspace: 338K(512K)->338K(512K) NonClass: 320K(384K)->320K(384K) Class: 17K(128K)->17K(128K)
[2026-03-22T19:49:02.811+0900][3.342s][info][gc             ] GC(148) Pause Young (Allocation Failure) 352M->295M(501M) 5.277ms
[2026-03-22T19:49:02.811+0900][3.342s][info][gc,cpu         ] GC(148) User=0.06s Sys=0.00s Real=0.01s
[2026-03-22T19:49:02.825+0900][3.357s][info][gc,start       ] GC(149) Pause Full (Ergonomics)
[2026-03-22T19:49:02.825+0900][3.357s][info][gc,phases,start] GC(149) Marking Phase
[2026-03-22T19:49:02.826+0900][3.358s][info][gc,phases      ] GC(149) Marking Phase 1.200ms
[2026-03-22T19:49:02.826+0900][3.358s][info][gc,phases,start] GC(149) Summary Phase
[2026-03-22T19:49:02.826+0900][3.358s][info][gc,phases      ] GC(149) Summary Phase 0.019ms
[2026-03-22T19:49:02.826+0900][3.358s][info][gc,phases,start] GC(149) Adjust Roots
[2026-03-22T19:49:02.826+0900][3.358s][info][gc,phases      ] GC(149) Adjust Roots 0.225ms
[2026-03-22T19:49:02.826+0900][3.358s][info][gc,phases,start] GC(149) Compaction Phase
[2026-03-22T19:49:02.832+0900][3.364s][info][gc,phases      ] GC(149) Compaction Phase 5.453ms
[2026-03-22T19:49:02.832+0900][3.364s][info][gc,phases,start] GC(149) Post Compact
[2026-03-22T19:49:02.833+0900][3.365s][info][gc,phases      ] GC(149) Post Compact 1.529ms
[2026-03-22T19:49:02.833+0900][3.365s][info][gc,heap        ] GC(149) PSYoungGen: 163025K(163840K)->0K(163840K) Eden: 152561K(153088K)->0K(153088K) From: 10464K(10752K)->0K(10752K)
[2026-03-22T19:49:02.834+0900][3.365s][info][gc,heap        ] GC(149) ParOldGen: 291999K(349696K)->103430K(349696K)
[2026-03-22T19:49:02.834+0900][3.366s][info][gc,metaspace   ] GC(149) Metaspace: 338K(512K)->338K(512K) NonClass: 320K(384K)->320K(384K) Class: 17K(128K)->17K(128K)
[2026-03-22T19:49:02.834+0900][3.366s][info][gc             ] GC(149) Pause Full (Ergonomics) 444M->101M(501M) 8.709ms
[2026-03-22T19:49:02.834+0900][3.366s][info][gc,cpu         ] GC(149) User=0.00s Sys=0.00s Real=0.01s
[2026-03-22T19:49:02.856+0900][3.388s][info][gc,start       ] GC(150) Pause Young (Allocation Failure)
[2026-03-22T19:49:02.861+0900][3.392s][info][gc,heap        ] GC(150) PSYoungGen: 152561K(163840K)->10496K(163840K) Eden: 152561K(153088K)->0K(153088K) From: 0K(10752K)->10496K(10752K)
[2026-03-22T19:49:02.861+0900][3.393s][info][gc,heap        ] GC(150) ParOldGen: 103430K(349696K)->197639K(349696K)
[2026-03-22T19:49:02.861+0900][3.393s][info][gc,metaspace   ] GC(150) Metaspace: 338K(512K)->338K(512K) NonClass: 320K(384K)->320K(384K) Class: 17K(128K)->17K(128K)
[2026-03-22T19:49:02.861+0900][3.393s][info][gc             ] GC(150) Pause Young (Allocation Failure) 249M->203M(501M) 4.874ms
[2026-03-22T19:49:02.861+0900][3.393s][info][gc,cpu         ] GC(150) User=0.00s Sys=0.00s Real=0.01s
[2026-03-22T19:49:02.877+0900][3.409s][info][gc,start       ] GC(151) Pause Young (Allocation Failure)
[2026-03-22T19:49:02.881+0900][3.413s][info][gc,heap        ] GC(151) PSYoungGen: 163057K(163840K)->10496K(163840K) Eden: 152561K(153088K)->0K(153088K) From: 10496K(10752K)->10496K(10752K)
[2026-03-22T19:49:02.881+0900][3.413s][info][gc,heap        ] GC(151) ParOldGen: 197639K(349696K)->291999K(349696K)
[2026-03-22T19:49:02.881+0900][3.413s][info][gc,metaspace   ] GC(151) Metaspace: 338K(512K)->338K(512K) NonClass: 320K(384K)->320K(384K) Class: 17K(128K)->17K(128K)
[2026-03-22T19:49:02.881+0900][3.413s][info][gc             ] GC(151) Pause Young (Allocation Failure) 352M->295M(501M) 4.748ms
[2026-03-22T19:49:02.881+0900][3.413s][info][gc,cpu         ] GC(151) User=0.00s Sys=0.00s Real=0.00s
[2026-03-22T19:49:02.896+0900][3.428s][info][gc,start       ] GC(152) Pause Full (Ergonomics)
[2026-03-22T19:49:02.896+0900][3.428s][info][gc,phases,start] GC(152) Marking Phase
[2026-03-22T19:49:02.898+0900][3.429s][info][gc,phases      ] GC(152) Marking Phase 1.156ms
[2026-03-22T19:49:02.898+0900][3.429s][info][gc,phases,start] GC(152) Summary Phase
[2026-03-22T19:49:02.898+0900][3.430s][info][gc,phases      ] GC(152) Summary Phase 0.016ms
[2026-03-22T19:49:02.898+0900][3.430s][info][gc,phases,start] GC(152) Adjust Roots
[2026-03-22T19:49:02.898+0900][3.430s][info][gc,phases      ] GC(152) Adjust Roots 0.164ms
[2026-03-22T19:49:02.898+0900][3.430s][info][gc,phases,start] GC(152) Compaction Phase
[2026-03-22T19:49:02.903+0900][3.435s][info][gc,phases      ] GC(152) Compaction Phase 5.235ms
[2026-03-22T19:49:02.903+0900][3.435s][info][gc,phases,start] GC(152) Post Compact
[2026-03-22T19:49:02.905+0900][3.436s][info][gc,phases      ] GC(152) Post Compact 1.416ms
[2026-03-22T19:49:02.905+0900][3.436s][info][gc,heap        ] GC(152) PSYoungGen: 163057K(163840K)->0K(163840K) Eden: 152561K(153088K)->0K(153088K) From: 10496K(10752K)->0K(10752K)
[2026-03-22T19:49:02.905+0900][3.436s][info][gc,heap        ] GC(152) ParOldGen: 291999K(349696K)->103430K(349696K)
[2026-03-22T19:49:02.905+0900][3.436s][info][gc,metaspace   ] GC(152) Metaspace: 338K(512K)->338K(512K) NonClass: 320K(384K)->320K(384K) Class: 17K(128K)->17K(128K)
[2026-03-22T19:49:02.905+0900][3.436s][info][gc             ] GC(152) Pause Full (Ergonomics) 444M->101M(501M) 8.247ms
[2026-03-22T19:49:02.905+0900][3.437s][info][gc,cpu         ] GC(152) User=0.06s Sys=0.00s Real=0.01s
[2026-03-22T19:49:02.920+0900][3.452s][info][gc,start       ] GC(153) Pause Young (Allocation Failure)
[2026-03-22T19:49:02.924+0900][3.456s][info][gc,heap        ] GC(153) PSYoungGen: 152561K(163840K)->10496K(163840K) Eden: 152561K(153088K)->0K(153088K) From: 0K(10752K)->10496K(10752K)
[2026-03-22T19:49:02.924+0900][3.456s][info][gc,heap        ] GC(153) ParOldGen: 103430K(349696K)->197639K(349696K)
[2026-03-22T19:49:02.924+0900][3.456s][info][gc,metaspace   ] GC(153) Metaspace: 338K(512K)->338K(512K) NonClass: 320K(384K)->320K(384K) Class: 17K(128K)->17K(128K)
[2026-03-22T19:49:02.924+0900][3.456s][info][gc             ] GC(153) Pause Young (Allocation Failure) 249M->203M(501M) 4.748ms
[2026-03-22T19:49:02.925+0900][3.456s][info][gc,cpu         ] GC(153) User=0.00s Sys=0.00s Real=0.00s
[2026-03-22T19:49:02.939+0900][3.471s][info][gc,start       ] GC(154) Pause Young (Allocation Failure)
[2026-03-22T19:49:02.944+0900][3.476s][info][gc,heap        ] GC(154) PSYoungGen: 163057K(163840K)->10496K(163840K) Eden: 152561K(153088K)->0K(153088K) From: 10496K(10752K)->10496K(10752K)
[2026-03-22T19:49:02.944+0900][3.476s][info][gc,heap        ] GC(154) ParOldGen: 197639K(349696K)->291999K(349696K)
[2026-03-22T19:49:02.944+0900][3.476s][info][gc,metaspace   ] GC(154) Metaspace: 338K(512K)->338K(512K) NonClass: 320K(384K)->320K(384K) Class: 17K(128K)->17K(128K)
[2026-03-22T19:49:02.944+0900][3.476s][info][gc             ] GC(154) Pause Young (Allocation Failure) 352M->295M(501M) 4.676ms
[2026-03-22T19:49:02.944+0900][3.476s][info][gc,cpu         ] GC(154) User=0.00s Sys=0.00s Real=0.01s
[2026-03-22T19:49:02.959+0900][3.490s][info][gc,start       ] GC(155) Pause Full (Ergonomics)
[2026-03-22T19:49:02.959+0900][3.490s][info][gc,phases,start] GC(155) Marking Phase
[2026-03-22T19:49:02.960+0900][3.492s][info][gc,phases      ] GC(155) Marking Phase 1.242ms
[2026-03-22T19:49:02.960+0900][3.492s][info][gc,phases,start] GC(155) Summary Phase
[2026-03-22T19:49:02.960+0900][3.492s][info][gc,phases      ] GC(155) Summary Phase 0.031ms
[2026-03-22T19:49:02.960+0900][3.492s][info][gc,phases,start] GC(155) Adjust Roots
[2026-03-22T19:49:02.961+0900][3.492s][info][gc,phases      ] GC(155) Adjust Roots 0.218ms
[2026-03-22T19:49:02.961+0900][3.492s][info][gc,phases,start] GC(155) Compaction Phase
[2026-03-22T19:49:02.966+0900][3.498s][info][gc,phases      ] GC(155) Compaction Phase 5.528ms
[2026-03-22T19:49:02.967+0900][3.498s][info][gc,phases,start] GC(155) Post Compact
[2026-03-22T19:49:02.968+0900][3.499s][info][gc,phases      ] GC(155) Post Compact 1.402ms
[2026-03-22T19:49:02.968+0900][3.499s][info][gc,heap        ] GC(155) PSYoungGen: 163057K(163840K)->0K(163840K) Eden: 152561K(153088K)->0K(153088K) From: 10496K(10752K)->0K(10752K)
[2026-03-22T19:49:02.968+0900][3.499s][info][gc,heap        ] GC(155) ParOldGen: 291999K(349696K)->103430K(349696K)
[2026-03-22T19:49:02.968+0900][3.499s][info][gc,metaspace   ] GC(155) Metaspace: 338K(512K)->338K(512K) NonClass: 320K(384K)->320K(384K) Class: 17K(128K)->17K(128K)
[2026-03-22T19:49:02.968+0900][3.499s][info][gc             ] GC(155) Pause Full (Ergonomics) 444M->101M(501M) 8.720ms
[2026-03-22T19:49:02.968+0900][3.499s][info][gc,cpu         ] GC(155) User=0.06s Sys=0.00s Real=0.01s
[2026-03-22T19:49:02.983+0900][3.514s][info][gc,start       ] GC(156) Pause Young (Allocation Failure)
[2026-03-22T19:49:02.987+0900][3.518s][info][gc,heap        ] GC(156) PSYoungGen: 152561K(163840K)->10496K(163840K) Eden: 152561K(153088K)->0K(153088K) From: 0K(10752K)->10496K(10752K)
[2026-03-22T19:49:02.987+0900][3.518s][info][gc,heap        ] GC(156) ParOldGen: 103430K(349696K)->197639K(349696K)
[2026-03-22T19:49:02.987+0900][3.518s][info][gc,metaspace   ] GC(156) Metaspace: 338K(512K)->338K(512K) NonClass: 320K(384K)->320K(384K) Class: 17K(128K)->17K(128K)
[2026-03-22T19:49:02.987+0900][3.518s][info][gc             ] GC(156) Pause Young (Allocation Failure) 249M->203M(501M) 4.666ms
[2026-03-22T19:49:02.987+0900][3.518s][info][gc,cpu         ] GC(156) User=0.00s Sys=0.00s Real=0.00s
[2026-03-22T19:49:03.002+0900][3.534s][info][gc,start       ] GC(157) Pause Young (Allocation Failure)
[2026-03-22T19:49:03.008+0900][3.539s][info][gc,heap        ] GC(157) PSYoungGen: 163057K(163840K)->10496K(163840K) Eden: 152561K(153088K)->0K(153088K) From: 10496K(10752K)->10496K(10752K)
[2026-03-22T19:49:03.008+0900][3.539s][info][gc,heap        ] GC(157) ParOldGen: 197639K(349696K)->291999K(349696K)
[2026-03-22T19:49:03.008+0900][3.539s][info][gc,metaspace   ] GC(157) Metaspace: 338K(512K)->338K(512K) NonClass: 320K(384K)->320K(384K) Class: 17K(128K)->17K(128K)
[2026-03-22T19:49:03.008+0900][3.539s][info][gc             ] GC(157) Pause Young (Allocation Failure) 352M->295M(501M) 5.353ms
[2026-03-22T19:49:03.008+0900][3.539s][info][gc,cpu         ] GC(157) User=0.00s Sys=0.00s Real=0.01s
[2026-03-22T19:49:03.024+0900][3.555s][info][gc,start       ] GC(158) Pause Full (Ergonomics)
[2026-03-22T19:49:03.024+0900][3.555s][info][gc,phases,start] GC(158) Marking Phase
[2026-03-22T19:49:03.025+0900][3.556s][info][gc,phases      ] GC(158) Marking Phase 1.277ms
[2026-03-22T19:49:03.025+0900][3.556s][info][gc,phases,start] GC(158) Summary Phase
[2026-03-22T19:49:03.025+0900][3.556s][info][gc,phases      ] GC(158) Summary Phase 0.016ms
[2026-03-22T19:49:03.025+0900][3.556s][info][gc,phases,start] GC(158) Adjust Roots
[2026-03-22T19:49:03.025+0900][3.556s][info][gc,phases      ] GC(158) Adjust Roots 0.245ms
[2026-03-22T19:49:03.025+0900][3.556s][info][gc,phases,start] GC(158) Compaction Phase
[2026-03-22T19:49:03.031+0900][3.562s][info][gc,phases      ] GC(158) Compaction Phase 5.800ms
[2026-03-22T19:49:03.031+0900][3.562s][info][gc,phases,start] GC(158) Post Compact
[2026-03-22T19:49:03.033+0900][3.564s][info][gc,phases      ] GC(158) Post Compact 1.591ms
[2026-03-22T19:49:03.033+0900][3.564s][info][gc,heap        ] GC(158) PSYoungGen: 163057K(163840K)->0K(163840K) Eden: 152561K(153088K)->0K(153088K) From: 10496K(10752K)->0K(10752K)
[2026-03-22T19:49:03.033+0900][3.564s][info][gc,heap        ] GC(158) ParOldGen: 291999K(349696K)->103430K(349696K)
[2026-03-22T19:49:03.033+0900][3.564s][info][gc,metaspace   ] GC(158) Metaspace: 338K(512K)->338K(512K) NonClass: 320K(384K)->320K(384K) Class: 17K(128K)->17K(128K)
[2026-03-22T19:49:03.033+0900][3.564s][info][gc             ] GC(158) Pause Full (Ergonomics) 444M->101M(501M) 9.286ms
[2026-03-22T19:49:03.033+0900][3.564s][info][gc,cpu         ] GC(158) User=0.02s Sys=0.00s Real=0.01s
[2026-03-22T19:49:03.048+0900][3.579s][info][gc,start       ] GC(159) Pause Young (Allocation Failure)
[2026-03-22T19:49:03.053+0900][3.584s][info][gc,heap        ] GC(159) PSYoungGen: 152561K(163840K)->10496K(163840K) Eden: 152561K(153088K)->0K(153088K) From: 0K(10752K)->10496K(10752K)
[2026-03-22T19:49:03.053+0900][3.584s][info][gc,heap        ] GC(159) ParOldGen: 103430K(349696K)->197639K(349696K)
[2026-03-22T19:49:03.053+0900][3.584s][info][gc,metaspace   ] GC(159) Metaspace: 338K(512K)->338K(512K) NonClass: 320K(384K)->320K(384K) Class: 17K(128K)->17K(128K)
[2026-03-22T19:49:03.053+0900][3.584s][info][gc             ] GC(159) Pause Young (Allocation Failure) 249M->203M(501M) 4.717ms
[2026-03-22T19:49:03.053+0900][3.584s][info][gc,cpu         ] GC(159) User=0.00s Sys=0.00s Real=0.00s
[2026-03-22T19:49:03.067+0900][3.599s][info][gc,start       ] GC(160) Pause Young (Allocation Failure)
[2026-03-22T19:49:03.072+0900][3.604s][info][gc,heap        ] GC(160) PSYoungGen: 163057K(163840K)->10496K(163840K) Eden: 152561K(153088K)->0K(153088K) From: 10496K(10752K)->10496K(10752K)
[2026-03-22T19:49:03.072+0900][3.604s][info][gc,heap        ] GC(160) ParOldGen: 197639K(349696K)->291999K(349696K)
[2026-03-22T19:49:03.072+0900][3.604s][info][gc,metaspace   ] GC(160) Metaspace: 338K(512K)->338K(512K) NonClass: 320K(384K)->320K(384K) Class: 17K(128K)->17K(128K)
[2026-03-22T19:49:03.072+0900][3.604s][info][gc             ] GC(160) Pause Young (Allocation Failure) 352M->295M(501M) 4.727ms
[2026-03-22T19:49:03.072+0900][3.604s][info][gc,cpu         ] GC(160) User=0.02s Sys=0.00s Real=0.01s
[2026-03-22T19:49:03.090+0900][3.621s][info][gc,start       ] GC(161) Pause Full (Ergonomics)
[2026-03-22T19:49:03.090+0900][3.621s][info][gc,phases,start] GC(161) Marking Phase
[2026-03-22T19:49:03.091+0900][3.622s][info][gc,phases      ] GC(161) Marking Phase 1.045ms
[2026-03-22T19:49:03.091+0900][3.622s][info][gc,phases,start] GC(161) Summary Phase
[2026-03-22T19:49:03.091+0900][3.622s][info][gc,phases      ] GC(161) Summary Phase 0.015ms
[2026-03-22T19:49:03.091+0900][3.622s][info][gc,phases,start] GC(161) Adjust Roots
[2026-03-22T19:49:03.091+0900][3.622s][info][gc,phases      ] GC(161) Adjust Roots 0.165ms
[2026-03-22T19:49:03.091+0900][3.622s][info][gc,phases,start] GC(161) Compaction Phase
[2026-03-22T19:49:03.097+0900][3.628s][info][gc,phases      ] GC(161) Compaction Phase 5.474ms
[2026-03-22T19:49:03.097+0900][3.628s][info][gc,phases,start] GC(161) Post Compact
[2026-03-22T19:49:03.098+0900][3.630s][info][gc,phases      ] GC(161) Post Compact 1.556ms
[2026-03-22T19:49:03.098+0900][3.630s][info][gc,heap        ] GC(161) PSYoungGen: 163057K(163840K)->0K(163840K) Eden: 152561K(153088K)->0K(153088K) From: 10496K(10752K)->0K(10752K)
[2026-03-22T19:49:03.098+0900][3.630s][info][gc,heap        ] GC(161) ParOldGen: 291999K(349696K)->103430K(349696K)
[2026-03-22T19:49:03.098+0900][3.630s][info][gc,metaspace   ] GC(161) Metaspace: 338K(512K)->338K(512K) NonClass: 320K(384K)->320K(384K) Class: 17K(128K)->17K(128K)
[2026-03-22T19:49:03.098+0900][3.630s][info][gc             ] GC(161) Pause Full (Ergonomics) 444M->101M(501M) 8.563ms
[2026-03-22T19:49:03.099+0900][3.630s][info][gc,cpu         ] GC(161) User=0.00s Sys=0.00s Real=0.01s
[2026-03-22T19:49:03.113+0900][3.644s][info][gc,start       ] GC(162) Pause Young (Allocation Failure)
[2026-03-22T19:49:03.118+0900][3.649s][info][gc,heap        ] GC(162) PSYoungGen: 152561K(163840K)->10496K(163840K) Eden: 152561K(153088K)->0K(153088K) From: 0K(10752K)->10496K(10752K)
[2026-03-22T19:49:03.118+0900][3.649s][info][gc,heap        ] GC(162) ParOldGen: 103430K(349696K)->197639K(349696K)
[2026-03-22T19:49:03.118+0900][3.649s][info][gc,metaspace   ] GC(162) Metaspace: 338K(512K)->338K(512K) NonClass: 320K(384K)->320K(384K) Class: 17K(128K)->17K(128K)
[2026-03-22T19:49:03.118+0900][3.649s][info][gc             ] GC(162) Pause Young (Allocation Failure) 249M->203M(501M) 4.626ms
[2026-03-22T19:49:03.118+0900][3.649s][info][gc,cpu         ] GC(162) User=0.00s Sys=0.00s Real=0.01s
[2026-03-22T19:49:03.133+0900][3.664s][info][gc,start       ] GC(163) Pause Young (Allocation Failure)
[2026-03-22T19:49:03.138+0900][3.669s][info][gc,heap        ] GC(163) PSYoungGen: 163057K(163840K)->10496K(163840K) Eden: 152561K(153088K)->0K(153088K) From: 10496K(10752K)->10496K(10752K)
[2026-03-22T19:49:03.138+0900][3.669s][info][gc,heap        ] GC(163) ParOldGen: 197639K(349696K)->291999K(349696K)
[2026-03-22T19:49:03.138+0900][3.669s][info][gc,metaspace   ] GC(163) Metaspace: 338K(512K)->338K(512K) NonClass: 320K(384K)->320K(384K) Class: 17K(128K)->17K(128K)
[2026-03-22T19:49:03.138+0900][3.669s][info][gc             ] GC(163) Pause Young (Allocation Failure) 352M->295M(501M) 4.787ms
[2026-03-22T19:49:03.138+0900][3.669s][info][gc,cpu         ] GC(163) User=0.06s Sys=0.00s Real=0.01s
[2026-03-22T19:49:03.153+0900][3.684s][info][gc,start       ] GC(164) Pause Full (Ergonomics)
[2026-03-22T19:49:03.153+0900][3.684s][info][gc,phases,start] GC(164) Marking Phase
[2026-03-22T19:49:03.154+0900][3.686s][info][gc,phases      ] GC(164) Marking Phase 1.246ms
[2026-03-22T19:49:03.154+0900][3.686s][info][gc,phases,start] GC(164) Summary Phase
[2026-03-22T19:49:03.154+0900][3.686s][info][gc,phases      ] GC(164) Summary Phase 0.016ms
[2026-03-22T19:49:03.154+0900][3.686s][info][gc,phases,start] GC(164) Adjust Roots
[2026-03-22T19:49:03.154+0900][3.686s][info][gc,phases      ] GC(164) Adjust Roots 0.191ms
[2026-03-22T19:49:03.154+0900][3.686s][info][gc,phases,start] GC(164) Compaction Phase
[2026-03-22T19:49:03.160+0900][3.692s][info][gc,phases      ] GC(164) Compaction Phase 5.610ms
[2026-03-22T19:49:03.160+0900][3.692s][info][gc,phases,start] GC(164) Post Compact
[2026-03-22T19:49:03.162+0900][3.693s][info][gc,phases      ] GC(164) Post Compact 1.475ms
[2026-03-22T19:49:03.162+0900][3.693s][info][gc,heap        ] GC(164) PSYoungGen: 163057K(163840K)->0K(163840K) Eden: 152561K(153088K)->0K(153088K) From: 10496K(10752K)->0K(10752K)
[2026-03-22T19:49:03.162+0900][3.693s][info][gc,heap        ] GC(164) ParOldGen: 291999K(349696K)->103430K(349696K)
[2026-03-22T19:49:03.162+0900][3.693s][info][gc,metaspace   ] GC(164) Metaspace: 338K(512K)->338K(512K) NonClass: 320K(384K)->320K(384K) Class: 17K(128K)->17K(128K)
[2026-03-22T19:49:03.162+0900][3.693s][info][gc             ] GC(164) Pause Full (Ergonomics) 444M->101M(501M) 8.766ms
[2026-03-22T19:49:03.162+0900][3.693s][info][gc,cpu         ] GC(164) User=0.00s Sys=0.00s Real=0.01s
[2026-03-22T19:49:03.177+0900][3.709s][info][gc,start       ] GC(165) Pause Young (Allocation Failure)
[2026-03-22T19:49:03.181+0900][3.713s][info][gc,heap        ] GC(165) PSYoungGen: 152561K(163840K)->10496K(163840K) Eden: 152561K(153088K)->0K(153088K) From: 0K(10752K)->10496K(10752K)
[2026-03-22T19:49:03.181+0900][3.713s][info][gc,heap        ] GC(165) ParOldGen: 103430K(349696K)->197639K(349696K)
[2026-03-22T19:49:03.181+0900][3.713s][info][gc,metaspace   ] GC(165) Metaspace: 338K(512K)->338K(512K) NonClass: 320K(384K)->320K(384K) Class: 17K(128K)->17K(128K)
[2026-03-22T19:49:03.181+0900][3.714s][info][gc             ] GC(165) Pause Young (Allocation Failure) 249M->203M(501M) 4.869ms
[2026-03-22T19:49:03.181+0900][3.714s][info][gc,cpu         ] GC(165) User=0.06s Sys=0.00s Real=0.00s
[2026-03-22T19:49:03.198+0900][3.729s][info][gc,start       ] GC(166) Pause Young (Allocation Failure)
[2026-03-22T19:49:03.202+0900][3.734s][info][gc,heap        ] GC(166) PSYoungGen: 163057K(163840K)->10496K(163840K) Eden: 152561K(153088K)->0K(153088K) From: 10496K(10752K)->10496K(10752K)
[2026-03-22T19:49:03.202+0900][3.734s][info][gc,heap        ] GC(166) ParOldGen: 197639K(349696K)->291999K(349696K)
[2026-03-22T19:49:03.202+0900][3.734s][info][gc,metaspace   ] GC(166) Metaspace: 338K(512K)->338K(512K) NonClass: 320K(384K)->320K(384K) Class: 17K(128K)->17K(128K)
[2026-03-22T19:49:03.202+0900][3.734s][info][gc             ] GC(166) Pause Young (Allocation Failure) 352M->295M(501M) 4.724ms
[2026-03-22T19:49:03.202+0900][3.734s][info][gc,cpu         ] GC(166) User=0.00s Sys=0.00s Real=0.00s
[2026-03-22T19:49:03.217+0900][3.749s][info][gc,start       ] GC(167) Pause Full (Ergonomics)
[2026-03-22T19:49:03.217+0900][3.749s][info][gc,phases,start] GC(167) Marking Phase
[2026-03-22T19:49:03.219+0900][3.750s][info][gc,phases      ] GC(167) Marking Phase 1.234ms
[2026-03-22T19:49:03.219+0900][3.750s][info][gc,phases,start] GC(167) Summary Phase
[2026-03-22T19:49:03.219+0900][3.750s][info][gc,phases      ] GC(167) Summary Phase 0.018ms
[2026-03-22T19:49:03.219+0900][3.750s][info][gc,phases,start] GC(167) Adjust Roots
[2026-03-22T19:49:03.219+0900][3.751s][info][gc,phases      ] GC(167) Adjust Roots 0.192ms
[2026-03-22T19:49:03.219+0900][3.751s][info][gc,phases,start] GC(167) Compaction Phase
[2026-03-22T19:49:03.226+0900][3.757s][info][gc,phases      ] GC(167) Compaction Phase 6.906ms
[2026-03-22T19:49:03.226+0900][3.758s][info][gc,phases,start] GC(167) Post Compact
[2026-03-22T19:49:03.228+0900][3.760s][info][gc,phases      ] GC(167) Post Compact 2.011ms
[2026-03-22T19:49:03.228+0900][3.760s][info][gc,heap        ] GC(167) PSYoungGen: 163057K(163840K)->0K(163840K) Eden: 152561K(153088K)->0K(153088K) From: 10496K(10752K)->0K(10752K)
[2026-03-22T19:49:03.228+0900][3.760s][info][gc,heap        ] GC(167) ParOldGen: 291999K(349696K)->103430K(349696K)
[2026-03-22T19:49:03.228+0900][3.760s][info][gc,metaspace   ] GC(167) Metaspace: 338K(512K)->338K(512K) NonClass: 320K(384K)->320K(384K) Class: 17K(128K)->17K(128K)
[2026-03-22T19:49:03.228+0900][3.760s][info][gc             ] GC(167) Pause Full (Ergonomics) 444M->101M(501M) 10.707ms
[2026-03-22T19:49:03.228+0900][3.760s][info][gc,cpu         ] GC(167) User=0.00s Sys=0.00s Real=0.01s
[2026-03-22T19:49:03.244+0900][3.775s][info][gc,start       ] GC(168) Pause Young (Allocation Failure)
[2026-03-22T19:49:03.248+0900][3.779s][info][gc,heap        ] GC(168) PSYoungGen: 152561K(163840K)->10496K(163840K) Eden: 152561K(153088K)->0K(153088K) From: 0K(10752K)->10496K(10752K)
[2026-03-22T19:49:03.248+0900][3.779s][info][gc,heap        ] GC(168) ParOldGen: 103430K(349696K)->197639K(349696K)
[2026-03-22T19:49:03.248+0900][3.779s][info][gc,metaspace   ] GC(168) Metaspace: 338K(512K)->338K(512K) NonClass: 320K(384K)->320K(384K) Class: 17K(128K)->17K(128K)
[2026-03-22T19:49:03.248+0900][3.779s][info][gc             ] GC(168) Pause Young (Allocation Failure) 249M->203M(501M) 4.584ms
[2026-03-22T19:49:03.248+0900][3.780s][info][gc,cpu         ] GC(168) User=0.06s Sys=0.00s Real=0.00s
[2026-03-22T19:49:03.262+0900][3.794s][info][gc,start       ] GC(169) Pause Young (Allocation Failure)
[2026-03-22T19:49:03.267+0900][3.799s][info][gc,heap        ] GC(169) PSYoungGen: 163057K(163840K)->10496K(163840K) Eden: 152561K(153088K)->0K(153088K) From: 10496K(10752K)->10496K(10752K)
[2026-03-22T19:49:03.267+0900][3.799s][info][gc,heap        ] GC(169) ParOldGen: 197639K(349696K)->291999K(349696K)
[2026-03-22T19:49:03.267+0900][3.799s][info][gc,metaspace   ] GC(169) Metaspace: 338K(512K)->338K(512K) NonClass: 320K(384K)->320K(384K) Class: 17K(128K)->17K(128K)
[2026-03-22T19:49:03.267+0900][3.799s][info][gc             ] GC(169) Pause Young (Allocation Failure) 352M->295M(501M) 4.735ms
[2026-03-22T19:49:03.267+0900][3.799s][info][gc,cpu         ] GC(169) User=0.00s Sys=0.00s Real=0.00s
[2026-03-22T19:49:03.282+0900][3.814s][info][gc,start       ] GC(170) Pause Full (Ergonomics)
[2026-03-22T19:49:03.282+0900][3.814s][info][gc,phases,start] GC(170) Marking Phase
[2026-03-22T19:49:03.283+0900][3.815s][info][gc,phases      ] GC(170) Marking Phase 1.296ms
[2026-03-22T19:49:03.283+0900][3.815s][info][gc,phases,start] GC(170) Summary Phase
[2026-03-22T19:49:03.283+0900][3.815s][info][gc,phases      ] GC(170) Summary Phase 0.016ms
[2026-03-22T19:49:03.283+0900][3.815s][info][gc,phases,start] GC(170) Adjust Roots
[2026-03-22T19:49:03.283+0900][3.815s][info][gc,phases      ] GC(170) Adjust Roots 0.335ms
[2026-03-22T19:49:03.283+0900][3.815s][info][gc,phases,start] GC(170) Compaction Phase
[2026-03-22T19:49:03.290+0900][3.821s][info][gc,phases      ] GC(170) Compaction Phase 6.123ms
[2026-03-22T19:49:03.290+0900][3.822s][info][gc,phases,start] GC(170) Post Compact
[2026-03-22T19:49:03.291+0900][3.823s][info][gc,phases      ] GC(170) Post Compact 1.398ms
[2026-03-22T19:49:03.291+0900][3.823s][info][gc,heap        ] GC(170) PSYoungGen: 163057K(163840K)->0K(163840K) Eden: 152561K(153088K)->0K(153088K) From: 10496K(10752K)->0K(10752K)
[2026-03-22T19:49:03.291+0900][3.823s][info][gc,heap        ] GC(170) ParOldGen: 291999K(349696K)->103430K(349696K)
[2026-03-22T19:49:03.291+0900][3.823s][info][gc,metaspace   ] GC(170) Metaspace: 338K(512K)->338K(512K) NonClass: 320K(384K)->320K(384K) Class: 17K(128K)->17K(128K)
[2026-03-22T19:49:03.291+0900][3.823s][info][gc             ] GC(170) Pause Full (Ergonomics) 444M->101M(501M) 9.468ms
[2026-03-22T19:49:03.291+0900][3.823s][info][gc,cpu         ] GC(170) User=0.00s Sys=0.02s Real=0.01s
[2026-03-22T19:49:03.306+0900][3.838s][info][gc,start       ] GC(171) Pause Young (Allocation Failure)
[2026-03-22T19:49:03.311+0900][3.843s][info][gc,heap        ] GC(171) PSYoungGen: 152561K(163840K)->10496K(163840K) Eden: 152561K(153088K)->0K(153088K) From: 0K(10752K)->10496K(10752K)
[2026-03-22T19:49:03.311+0900][3.843s][info][gc,heap        ] GC(171) ParOldGen: 103430K(349696K)->197639K(349696K)
[2026-03-22T19:49:03.311+0900][3.843s][info][gc,metaspace   ] GC(171) Metaspace: 338K(512K)->338K(512K) NonClass: 320K(384K)->320K(384K) Class: 17K(128K)->17K(128K)
[2026-03-22T19:49:03.311+0900][3.843s][info][gc             ] GC(171) Pause Young (Allocation Failure) 249M->203M(501M) 4.790ms
[2026-03-22T19:49:03.311+0900][3.843s][info][gc,cpu         ] GC(171) User=0.00s Sys=0.00s Real=0.01s
[2026-03-22T19:49:03.326+0900][3.857s][info][gc,start       ] GC(172) Pause Young (Allocation Failure)
[2026-03-22T19:49:03.330+0900][3.862s][info][gc,heap        ] GC(172) PSYoungGen: 163057K(163840K)->10496K(163840K) Eden: 152561K(153088K)->0K(153088K) From: 10496K(10752K)->10496K(10752K)
[2026-03-22T19:49:03.330+0900][3.862s][info][gc,heap        ] GC(172) ParOldGen: 197639K(349696K)->291999K(349696K)
[2026-03-22T19:49:03.330+0900][3.862s][info][gc,metaspace   ] GC(172) Metaspace: 338K(512K)->338K(512K) NonClass: 320K(384K)->320K(384K) Class: 17K(128K)->17K(128K)
[2026-03-22T19:49:03.330+0900][3.862s][info][gc             ] GC(172) Pause Young (Allocation Failure) 352M->295M(501M) 4.541ms
[2026-03-22T19:49:03.330+0900][3.862s][info][gc,cpu         ] GC(172) User=0.00s Sys=0.00s Real=0.00s
[2026-03-22T19:49:03.345+0900][3.876s][info][gc,start       ] GC(173) Pause Full (Ergonomics)
[2026-03-22T19:49:03.345+0900][3.876s][info][gc,phases,start] GC(173) Marking Phase
[2026-03-22T19:49:03.346+0900][3.877s][info][gc,phases      ] GC(173) Marking Phase 1.331ms
[2026-03-22T19:49:03.346+0900][3.877s][info][gc,phases,start] GC(173) Summary Phase
[2026-03-22T19:49:03.346+0900][3.878s][info][gc,phases      ] GC(173) Summary Phase 0.037ms
[2026-03-22T19:49:03.346+0900][3.878s][info][gc,phases,start] GC(173) Adjust Roots
[2026-03-22T19:49:03.346+0900][3.878s][info][gc,phases      ] GC(173) Adjust Roots 0.367ms
[2026-03-22T19:49:03.346+0900][3.878s][info][gc,phases,start] GC(173) Compaction Phase
[2026-03-22T19:49:03.352+0900][3.884s][info][gc,phases      ] GC(173) Compaction Phase 5.851ms
[2026-03-22T19:49:03.352+0900][3.884s][info][gc,phases,start] GC(173) Post Compact
[2026-03-22T19:49:03.354+0900][3.885s][info][gc,phases      ] GC(173) Post Compact 1.470ms
[2026-03-22T19:49:03.354+0900][3.885s][info][gc,heap        ] GC(173) PSYoungGen: 163057K(163840K)->0K(163840K) Eden: 152561K(153088K)->0K(153088K) From: 10496K(10752K)->0K(10752K)
[2026-03-22T19:49:03.354+0900][3.885s][info][gc,heap        ] GC(173) ParOldGen: 291999K(349696K)->103430K(349696K)
[2026-03-22T19:49:03.354+0900][3.885s][info][gc,metaspace   ] GC(173) Metaspace: 338K(512K)->338K(512K) NonClass: 320K(384K)->320K(384K) Class: 17K(128K)->17K(128K)
[2026-03-22T19:49:03.354+0900][3.885s][info][gc             ] GC(173) Pause Full (Ergonomics) 444M->101M(501M) 9.444ms
[2026-03-22T19:49:03.354+0900][3.885s][info][gc,cpu         ] GC(173) User=0.00s Sys=0.02s Real=0.01s
[2026-03-22T19:49:03.371+0900][3.903s][info][gc,start       ] GC(174) Pause Young (Allocation Failure)
[2026-03-22T19:49:03.376+0900][3.907s][info][gc,heap        ] GC(174) PSYoungGen: 152561K(163840K)->10496K(163840K) Eden: 152561K(153088K)->0K(153088K) From: 0K(10752K)->10496K(10752K)
[2026-03-22T19:49:03.376+0900][3.907s][info][gc,heap        ] GC(174) ParOldGen: 103430K(349696K)->197639K(349696K)
[2026-03-22T19:49:03.376+0900][3.907s][info][gc,metaspace   ] GC(174) Metaspace: 338K(512K)->338K(512K) NonClass: 320K(384K)->320K(384K) Class: 17K(128K)->17K(128K)
[2026-03-22T19:49:03.376+0900][3.907s][info][gc             ] GC(174) Pause Young (Allocation Failure) 249M->203M(501M) 4.636ms
[2026-03-22T19:49:03.376+0900][3.907s][info][gc,cpu         ] GC(174) User=0.00s Sys=0.00s Real=0.00s
[2026-03-22T19:49:03.391+0900][3.923s][info][gc,start       ] GC(175) Pause Young (Allocation Failure)
[2026-03-22T19:49:03.396+0900][3.927s][info][gc,heap        ] GC(175) PSYoungGen: 163057K(163840K)->10496K(163840K) Eden: 152561K(153088K)->0K(153088K) From: 10496K(10752K)->10496K(10752K)
[2026-03-22T19:49:03.396+0900][3.927s][info][gc,heap        ] GC(175) ParOldGen: 197639K(349696K)->291999K(349696K)
[2026-03-22T19:49:03.396+0900][3.927s][info][gc,metaspace   ] GC(175) Metaspace: 338K(512K)->338K(512K) NonClass: 320K(384K)->320K(384K) Class: 17K(128K)->17K(128K)
[2026-03-22T19:49:03.396+0900][3.927s][info][gc             ] GC(175) Pause Young (Allocation Failure) 352M->295M(501M) 4.686ms
[2026-03-22T19:49:03.396+0900][3.927s][info][gc,cpu         ] GC(175) User=0.00s Sys=0.00s Real=0.00s
[2026-03-22T19:49:03.412+0900][3.943s][info][gc,start       ] GC(176) Pause Full (Ergonomics)
[2026-03-22T19:49:03.412+0900][3.943s][info][gc,phases,start] GC(176) Marking Phase
[2026-03-22T19:49:03.413+0900][3.945s][info][gc,phases      ] GC(176) Marking Phase 1.442ms
[2026-03-22T19:49:03.413+0900][3.945s][info][gc,phases,start] GC(176) Summary Phase
[2026-03-22T19:49:03.413+0900][3.945s][info][gc,phases      ] GC(176) Summary Phase 0.021ms
[2026-03-22T19:49:03.413+0900][3.945s][info][gc,phases,start] GC(176) Adjust Roots
[2026-03-22T19:49:03.413+0900][3.945s][info][gc,phases      ] GC(176) Adjust Roots 0.330ms
[2026-03-22T19:49:03.413+0900][3.945s][info][gc,phases,start] GC(176) Compaction Phase
[2026-03-22T19:49:03.419+0900][3.951s][info][gc,phases      ] GC(176) Compaction Phase 5.406ms
[2026-03-22T19:49:03.419+0900][3.951s][info][gc,phases,start] GC(176) Post Compact
[2026-03-22T19:49:03.421+0900][3.952s][info][gc,phases      ] GC(176) Post Compact 1.543ms
[2026-03-22T19:49:03.421+0900][3.952s][info][gc,heap        ] GC(176) PSYoungGen: 163057K(163840K)->0K(163840K) Eden: 152561K(153088K)->0K(153088K) From: 10496K(10752K)->0K(10752K)
[2026-03-22T19:49:03.421+0900][3.952s][info][gc,heap        ] GC(176) ParOldGen: 291999K(349696K)->103430K(349696K)
[2026-03-22T19:49:03.421+0900][3.952s][info][gc,metaspace   ] GC(176) Metaspace: 338K(512K)->338K(512K) NonClass: 320K(384K)->320K(384K) Class: 17K(128K)->17K(128K)
[2026-03-22T19:49:03.421+0900][3.952s][info][gc             ] GC(176) Pause Full (Ergonomics) 444M->101M(501M) 9.029ms
[2026-03-22T19:49:03.421+0900][3.952s][info][gc,cpu         ] GC(176) User=0.06s Sys=0.00s Real=0.01s
[2026-03-22T19:49:03.436+0900][3.967s][info][gc,start       ] GC(177) Pause Young (Allocation Failure)
[2026-03-22T19:49:03.441+0900][3.972s][info][gc,heap        ] GC(177) PSYoungGen: 152561K(163840K)->10496K(163840K) Eden: 152561K(153088K)->0K(153088K) From: 0K(10752K)->10496K(10752K)
[2026-03-22T19:49:03.441+0900][3.973s][info][gc,heap        ] GC(177) ParOldGen: 103430K(349696K)->197639K(349696K)
[2026-03-22T19:49:03.441+0900][3.973s][info][gc,metaspace   ] GC(177) Metaspace: 338K(512K)->338K(512K) NonClass: 320K(384K)->320K(384K) Class: 17K(128K)->17K(128K)
[2026-03-22T19:49:03.441+0900][3.973s][info][gc             ] GC(177) Pause Young (Allocation Failure) 249M->203M(501M) 5.198ms
[2026-03-22T19:49:03.441+0900][3.973s][info][gc,cpu         ] GC(177) User=0.00s Sys=0.00s Real=0.00s
[2026-03-22T19:49:03.458+0900][3.989s][info][gc,start       ] GC(178) Pause Young (Allocation Failure)
[2026-03-22T19:49:03.462+0900][3.994s][info][gc,heap        ] GC(178) PSYoungGen: 163057K(163840K)->10496K(163840K) Eden: 152561K(153088K)->0K(153088K) From: 10496K(10752K)->10496K(10752K)
[2026-03-22T19:49:03.462+0900][3.994s][info][gc,heap        ] GC(178) ParOldGen: 197639K(349696K)->291999K(349696K)
[2026-03-22T19:49:03.462+0900][3.994s][info][gc,metaspace   ] GC(178) Metaspace: 338K(512K)->338K(512K) NonClass: 320K(384K)->320K(384K) Class: 17K(128K)->17K(128K)
[2026-03-22T19:49:03.462+0900][3.994s][info][gc             ] GC(178) Pause Young (Allocation Failure) 352M->295M(501M) 4.994ms
[2026-03-22T19:49:03.462+0900][3.994s][info][gc,cpu         ] GC(178) User=0.00s Sys=0.00s Real=0.00s
[2026-03-22T19:49:03.478+0900][4.010s][info][gc,start       ] GC(179) Pause Full (Ergonomics)
[2026-03-22T19:49:03.478+0900][4.010s][info][gc,phases,start] GC(179) Marking Phase
[2026-03-22T19:49:03.479+0900][4.011s][info][gc,phases      ] GC(179) Marking Phase 1.577ms
[2026-03-22T19:49:03.479+0900][4.012s][info][gc,phases,start] GC(179) Summary Phase
[2026-03-22T19:49:03.481+0900][4.012s][info][gc,phases      ] GC(179) Summary Phase 0.018ms
[2026-03-22T19:49:03.481+0900][4.012s][info][gc,phases,start] GC(179) Adjust Roots
[2026-03-22T19:49:03.481+0900][4.012s][info][gc,phases      ] GC(179) Adjust Roots 0.338ms
[2026-03-22T19:49:03.481+0900][4.012s][info][gc,phases,start] GC(179) Compaction Phase
[2026-03-22T19:49:03.488+0900][4.019s][info][gc,phases      ] GC(179) Compaction Phase 7.153ms
[2026-03-22T19:49:03.488+0900][4.019s][info][gc,phases,start] GC(179) Post Compact
[2026-03-22T19:49:03.489+0900][4.021s][info][gc,phases      ] GC(179) Post Compact 1.562ms
[2026-03-22T19:49:03.489+0900][4.021s][info][gc,heap        ] GC(179) PSYoungGen: 163057K(163840K)->0K(163840K) Eden: 152561K(153088K)->0K(153088K) From: 10496K(10752K)->0K(10752K)
[2026-03-22T19:49:03.489+0900][4.021s][info][gc,heap        ] GC(179) ParOldGen: 291999K(349696K)->103430K(349696K)
[2026-03-22T19:49:03.489+0900][4.021s][info][gc,metaspace   ] GC(179) Metaspace: 338K(512K)->338K(512K) NonClass: 320K(384K)->320K(384K) Class: 17K(128K)->17K(128K)
[2026-03-22T19:49:03.490+0900][4.021s][info][gc             ] GC(179) Pause Full (Ergonomics) 444M->101M(501M) 11.094ms
[2026-03-22T19:49:03.490+0900][4.021s][info][gc,cpu         ] GC(179) User=0.00s Sys=0.00s Real=0.01s
[2026-03-22T19:49:03.506+0900][4.038s][info][gc,start       ] GC(180) Pause Young (Allocation Failure)
[2026-03-22T19:49:03.512+0900][4.043s][info][gc,heap        ] GC(180) PSYoungGen: 152561K(163840K)->10496K(163840K) Eden: 152561K(153088K)->0K(153088K) From: 0K(10752K)->10496K(10752K)
[2026-03-22T19:49:03.512+0900][4.043s][info][gc,heap        ] GC(180) ParOldGen: 103430K(349696K)->197639K(349696K)
[2026-03-22T19:49:03.512+0900][4.043s][info][gc,metaspace   ] GC(180) Metaspace: 338K(512K)->338K(512K) NonClass: 320K(384K)->320K(384K) Class: 17K(128K)->17K(128K)
[2026-03-22T19:49:03.512+0900][4.043s][info][gc             ] GC(180) Pause Young (Allocation Failure) 249M->203M(501M) 5.081ms
[2026-03-22T19:49:03.512+0900][4.043s][info][gc,cpu         ] GC(180) User=0.06s Sys=0.00s Real=0.01s
[2026-03-22T19:49:03.526+0900][4.058s][info][gc,start       ] GC(181) Pause Young (Allocation Failure)
[2026-03-22T19:49:03.531+0900][4.063s][info][gc,heap        ] GC(181) PSYoungGen: 163057K(163840K)->10496K(163840K) Eden: 152561K(153088K)->0K(153088K) From: 10496K(10752K)->10496K(10752K)
[2026-03-22T19:49:03.531+0900][4.063s][info][gc,heap        ] GC(181) ParOldGen: 197639K(349696K)->291999K(349696K)
[2026-03-22T19:49:03.531+0900][4.063s][info][gc,metaspace   ] GC(181) Metaspace: 338K(512K)->338K(512K) NonClass: 320K(384K)->320K(384K) Class: 17K(128K)->17K(128K)
[2026-03-22T19:49:03.531+0900][4.063s][info][gc             ] GC(181) Pause Young (Allocation Failure) 352M->295M(501M) 5.043ms
[2026-03-22T19:49:03.531+0900][4.063s][info][gc,cpu         ] GC(181) User=0.00s Sys=0.00s Real=0.00s
[2026-03-22T19:49:03.548+0900][4.080s][info][gc,start       ] GC(182) Pause Full (Ergonomics)
[2026-03-22T19:49:03.548+0900][4.080s][info][gc,phases,start] GC(182) Marking Phase
[2026-03-22T19:49:03.549+0900][4.081s][info][gc,phases      ] GC(182) Marking Phase 1.385ms
[2026-03-22T19:49:03.549+0900][4.081s][info][gc,phases,start] GC(182) Summary Phase
[2026-03-22T19:49:03.550+0900][4.081s][info][gc,phases      ] GC(182) Summary Phase 0.017ms
[2026-03-22T19:49:03.550+0900][4.081s][info][gc,phases,start] GC(182) Adjust Roots
[2026-03-22T19:49:03.550+0900][4.081s][info][gc,phases      ] GC(182) Adjust Roots 0.167ms
[2026-03-22T19:49:03.550+0900][4.081s][info][gc,phases,start] GC(182) Compaction Phase
[2026-03-22T19:49:03.556+0900][4.087s][info][gc,phases      ] GC(182) Compaction Phase 5.652ms
[2026-03-22T19:49:03.556+0900][4.087s][info][gc,phases,start] GC(182) Post Compact
[2026-03-22T19:49:03.557+0900][4.089s][info][gc,phases      ] GC(182) Post Compact 1.535ms
[2026-03-22T19:49:03.557+0900][4.089s][info][gc,heap        ] GC(182) PSYoungGen: 163057K(163840K)->0K(163840K) Eden: 152561K(153088K)->0K(153088K) From: 10496K(10752K)->0K(10752K)
[2026-03-22T19:49:03.557+0900][4.089s][info][gc,heap        ] GC(182) ParOldGen: 291999K(349696K)->103430K(349696K)
[2026-03-22T19:49:03.557+0900][4.089s][info][gc,metaspace   ] GC(182) Metaspace: 338K(512K)->338K(512K) NonClass: 320K(384K)->320K(384K) Class: 17K(128K)->17K(128K)
[2026-03-22T19:49:03.557+0900][4.089s][info][gc             ] GC(182) Pause Full (Ergonomics) 444M->101M(501M) 9.089ms
[2026-03-22T19:49:03.557+0900][4.089s][info][gc,cpu         ] GC(182) User=0.02s Sys=0.00s Real=0.01s
[2026-03-22T19:49:03.574+0900][4.105s][info][gc,start       ] GC(183) Pause Young (Allocation Failure)
[2026-03-22T19:49:03.579+0900][4.110s][info][gc,heap        ] GC(183) PSYoungGen: 152561K(163840K)->10496K(163840K) Eden: 152561K(153088K)->0K(153088K) From: 0K(10752K)->10496K(10752K)
[2026-03-22T19:49:03.579+0900][4.110s][info][gc,heap        ] GC(183) ParOldGen: 103430K(349696K)->197639K(349696K)
[2026-03-22T19:49:03.579+0900][4.110s][info][gc,metaspace   ] GC(183) Metaspace: 338K(512K)->338K(512K) NonClass: 320K(384K)->320K(384K) Class: 17K(128K)->17K(128K)
[2026-03-22T19:49:03.579+0900][4.110s][info][gc             ] GC(183) Pause Young (Allocation Failure) 249M->203M(501M) 4.840ms
[2026-03-22T19:49:03.579+0900][4.110s][info][gc,cpu         ] GC(183) User=0.00s Sys=0.00s Real=0.01s
[2026-03-22T19:49:03.594+0900][4.126s][info][gc,start       ] GC(184) Pause Young (Allocation Failure)
[2026-03-22T19:49:03.599+0900][4.131s][info][gc,heap        ] GC(184) PSYoungGen: 163057K(163840K)->10496K(163840K) Eden: 152561K(153088K)->0K(153088K) From: 10496K(10752K)->10496K(10752K)
[2026-03-22T19:49:03.599+0900][4.131s][info][gc,heap        ] GC(184) ParOldGen: 197639K(349696K)->291999K(349696K)
[2026-03-22T19:49:03.599+0900][4.131s][info][gc,metaspace   ] GC(184) Metaspace: 338K(512K)->338K(512K) NonClass: 320K(384K)->320K(384K) Class: 17K(128K)->17K(128K)
[2026-03-22T19:49:03.599+0900][4.131s][info][gc             ] GC(184) Pause Young (Allocation Failure) 352M->295M(501M) 5.497ms
[2026-03-22T19:49:03.599+0900][4.131s][info][gc,cpu         ] GC(184) User=0.00s Sys=0.00s Real=0.00s
[2026-03-22T19:49:03.614+0900][4.146s][info][gc,start       ] GC(185) Pause Full (Ergonomics)
[2026-03-22T19:49:03.615+0900][4.146s][info][gc,phases,start] GC(185) Marking Phase
[2026-03-22T19:49:03.616+0900][4.148s][info][gc,phases      ] GC(185) Marking Phase 1.229ms
[2026-03-22T19:49:03.616+0900][4.148s][info][gc,phases,start] GC(185) Summary Phase
[2026-03-22T19:49:03.616+0900][4.148s][info][gc,phases      ] GC(185) Summary Phase 0.016ms
[2026-03-22T19:49:03.616+0900][4.148s][info][gc,phases,start] GC(185) Adjust Roots
[2026-03-22T19:49:03.616+0900][4.148s][info][gc,phases      ] GC(185) Adjust Roots 0.174ms
[2026-03-22T19:49:03.616+0900][4.148s][info][gc,phases,start] GC(185) Compaction Phase
[2026-03-22T19:49:03.621+0900][4.153s][info][gc,phases      ] GC(185) Compaction Phase 5.424ms
[2026-03-22T19:49:03.621+0900][4.153s][info][gc,phases,start] GC(185) Post Compact
[2026-03-22T19:49:03.623+0900][4.155s][info][gc,phases      ] GC(185) Post Compact 1.472ms
[2026-03-22T19:49:03.624+0900][4.155s][info][gc,heap        ] GC(185) PSYoungGen: 163057K(163840K)->0K(163840K) Eden: 152561K(153088K)->0K(153088K) From: 10496K(10752K)->0K(10752K)
[2026-03-22T19:49:03.624+0900][4.155s][info][gc,heap        ] GC(185) ParOldGen: 291999K(349696K)->103430K(349696K)
[2026-03-22T19:49:03.624+0900][4.155s][info][gc,metaspace   ] GC(185) Metaspace: 338K(512K)->338K(512K) NonClass: 320K(384K)->320K(384K) Class: 17K(128K)->17K(128K)
[2026-03-22T19:49:03.624+0900][4.155s][info][gc             ] GC(185) Pause Full (Ergonomics) 444M->101M(501M) 8.639ms
[2026-03-22T19:49:03.624+0900][4.155s][info][gc,cpu         ] GC(185) User=0.06s Sys=0.00s Real=0.01s
[2026-03-22T19:49:03.638+0900][4.170s][info][gc,start       ] GC(186) Pause Young (Allocation Failure)
[2026-03-22T19:49:03.643+0900][4.174s][info][gc,heap        ] GC(186) PSYoungGen: 152561K(163840K)->10496K(163840K) Eden: 152561K(153088K)->0K(153088K) From: 0K(10752K)->10496K(10752K)
[2026-03-22T19:49:03.643+0900][4.174s][info][gc,heap        ] GC(186) ParOldGen: 103430K(349696K)->197639K(349696K)
[2026-03-22T19:49:03.643+0900][4.174s][info][gc,metaspace   ] GC(186) Metaspace: 338K(512K)->338K(512K) NonClass: 320K(384K)->320K(384K) Class: 17K(128K)->17K(128K)
[2026-03-22T19:49:03.643+0900][4.174s][info][gc             ] GC(186) Pause Young (Allocation Failure) 249M->203M(501M) 4.843ms
[2026-03-22T19:49:03.643+0900][4.174s][info][gc,cpu         ] GC(186) User=0.00s Sys=0.00s Real=0.00s
[2026-03-22T19:49:03.659+0900][4.190s][info][gc,start       ] GC(187) Pause Young (Allocation Failure)
[2026-03-22T19:49:03.664+0900][4.195s][info][gc,heap        ] GC(187) PSYoungGen: 163057K(163840K)->10496K(163840K) Eden: 152561K(153088K)->0K(153088K) From: 10496K(10752K)->10496K(10752K)
[2026-03-22T19:49:03.664+0900][4.195s][info][gc,heap        ] GC(187) ParOldGen: 197639K(349696K)->291999K(349696K)
[2026-03-22T19:49:03.664+0900][4.195s][info][gc,metaspace   ] GC(187) Metaspace: 338K(512K)->338K(512K) NonClass: 320K(384K)->320K(384K) Class: 17K(128K)->17K(128K)
[2026-03-22T19:49:03.664+0900][4.195s][info][gc             ] GC(187) Pause Young (Allocation Failure) 352M->295M(501M) 4.883ms
[2026-03-22T19:49:03.664+0900][4.195s][info][gc,cpu         ] GC(187) User=0.00s Sys=0.00s Real=0.01s
[2026-03-22T19:49:03.679+0900][4.210s][info][gc,start       ] GC(188) Pause Full (Ergonomics)
[2026-03-22T19:49:03.679+0900][4.210s][info][gc,phases,start] GC(188) Marking Phase
[2026-03-22T19:49:03.680+0900][4.212s][info][gc,phases      ] GC(188) Marking Phase 1.317ms
[2026-03-22T19:49:03.680+0900][4.212s][info][gc,phases,start] GC(188) Summary Phase
[2026-03-22T19:49:03.680+0900][4.212s][info][gc,phases      ] GC(188) Summary Phase 0.019ms
[2026-03-22T19:49:03.680+0900][4.212s][info][gc,phases,start] GC(188) Adjust Roots
[2026-03-22T19:49:03.681+0900][4.212s][info][gc,phases      ] GC(188) Adjust Roots 0.328ms
[2026-03-22T19:49:03.681+0900][4.212s][info][gc,phases,start] GC(188) Compaction Phase
[2026-03-22T19:49:03.688+0900][4.219s][info][gc,phases      ] GC(188) Compaction Phase 6.778ms
[2026-03-22T19:49:03.688+0900][4.219s][info][gc,phases,start] GC(188) Post Compact
[2026-03-22T19:49:03.689+0900][4.221s][info][gc,phases      ] GC(188) Post Compact 2.132ms
[2026-03-22T19:49:03.689+0900][4.221s][info][gc,heap        ] GC(188) PSYoungGen: 163057K(163840K)->0K(163840K) Eden: 152561K(153088K)->0K(153088K) From: 10496K(10752K)->0K(10752K)
[2026-03-22T19:49:03.689+0900][4.221s][info][gc,heap        ] GC(188) ParOldGen: 291999K(349696K)->103430K(349696K)
[2026-03-22T19:49:03.689+0900][4.221s][info][gc,metaspace   ] GC(188) Metaspace: 338K(512K)->338K(512K) NonClass: 320K(384K)->320K(384K) Class: 17K(128K)->17K(128K)
[2026-03-22T19:49:03.689+0900][4.221s][info][gc             ] GC(188) Pause Full (Ergonomics) 444M->101M(501M) 10.944ms
[2026-03-22T19:49:03.689+0900][4.221s][info][gc,cpu         ] GC(188) User=0.06s Sys=0.00s Real=0.01s
[2026-03-22T19:49:03.707+0900][4.239s][info][gc,start       ] GC(189) Pause Young (Allocation Failure)
[2026-03-22T19:49:03.712+0900][4.244s][info][gc,heap        ] GC(189) PSYoungGen: 152561K(163840K)->10496K(163840K) Eden: 152561K(153088K)->0K(153088K) From: 0K(10752K)->10496K(10752K)
[2026-03-22T19:49:03.712+0900][4.244s][info][gc,heap        ] GC(189) ParOldGen: 103430K(349696K)->197639K(349696K)
[2026-03-22T19:49:03.712+0900][4.244s][info][gc,metaspace   ] GC(189) Metaspace: 338K(512K)->338K(512K) NonClass: 320K(384K)->320K(384K) Class: 17K(128K)->17K(128K)
[2026-03-22T19:49:03.712+0900][4.244s][info][gc             ] GC(189) Pause Young (Allocation Failure) 249M->203M(501M) 5.066ms
[2026-03-22T19:49:03.712+0900][4.244s][info][gc,cpu         ] GC(189) User=0.00s Sys=0.00s Real=0.00s
[2026-03-22T19:49:03.727+0900][4.259s][info][gc,start       ] GC(190) Pause Young (Allocation Failure)
[2026-03-22T19:49:03.732+0900][4.264s][info][gc,heap        ] GC(190) PSYoungGen: 163057K(163840K)->10496K(163840K) Eden: 152561K(153088K)->0K(153088K) From: 10496K(10752K)->10496K(10752K)
[2026-03-22T19:49:03.732+0900][4.264s][info][gc,heap        ] GC(190) ParOldGen: 197639K(349696K)->291999K(349696K)
[2026-03-22T19:49:03.732+0900][4.264s][info][gc,metaspace   ] GC(190) Metaspace: 338K(512K)->338K(512K) NonClass: 320K(384K)->320K(384K) Class: 17K(128K)->17K(128K)
[2026-03-22T19:49:03.732+0900][4.264s][info][gc             ] GC(190) Pause Young (Allocation Failure) 352M->295M(501M) 5.008ms
[2026-03-22T19:49:03.732+0900][4.264s][info][gc,cpu         ] GC(190) User=0.06s Sys=0.00s Real=0.01s
[2026-03-22T19:49:03.747+0900][4.279s][info][gc,start       ] GC(191) Pause Full (Ergonomics)
[2026-03-22T19:49:03.747+0900][4.279s][info][gc,phases,start] GC(191) Marking Phase
[2026-03-22T19:49:03.749+0900][4.280s][info][gc,phases      ] GC(191) Marking Phase 1.046ms
[2026-03-22T19:49:03.749+0900][4.280s][info][gc,phases,start] GC(191) Summary Phase
[2026-03-22T19:49:03.749+0900][4.280s][info][gc,phases      ] GC(191) Summary Phase 0.016ms
[2026-03-22T19:49:03.749+0900][4.280s][info][gc,phases,start] GC(191) Adjust Roots
[2026-03-22T19:49:03.749+0900][4.280s][info][gc,phases      ] GC(191) Adjust Roots 0.182ms
[2026-03-22T19:49:03.749+0900][4.280s][info][gc,phases,start] GC(191) Compaction Phase
[2026-03-22T19:49:03.755+0900][4.286s][info][gc,phases      ] GC(191) Compaction Phase 6.128ms
[2026-03-22T19:49:03.755+0900][4.286s][info][gc,phases,start] GC(191) Post Compact
[2026-03-22T19:49:03.756+0900][4.288s][info][gc,phases      ] GC(191) Post Compact 1.433ms
[2026-03-22T19:49:03.756+0900][4.288s][info][gc,heap        ] GC(191) PSYoungGen: 163057K(163840K)->0K(163840K) Eden: 152561K(153088K)->0K(153088K) From: 10496K(10752K)->0K(10752K)
[2026-03-22T19:49:03.756+0900][4.288s][info][gc,heap        ] GC(191) ParOldGen: 291999K(349696K)->103430K(349696K)
[2026-03-22T19:49:03.756+0900][4.288s][info][gc,metaspace   ] GC(191) Metaspace: 338K(512K)->338K(512K) NonClass: 320K(384K)->320K(384K) Class: 17K(128K)->17K(128K)
[2026-03-22T19:49:03.756+0900][4.288s][info][gc             ] GC(191) Pause Full (Ergonomics) 444M->101M(501M) 9.054ms
[2026-03-22T19:49:03.756+0900][4.288s][info][gc,cpu         ] GC(191) User=0.00s Sys=0.00s Real=0.01s
[2026-03-22T19:49:03.771+0900][4.303s][info][gc,start       ] GC(192) Pause Young (Allocation Failure)
[2026-03-22T19:49:03.775+0900][4.307s][info][gc,heap        ] GC(192) PSYoungGen: 152561K(163840K)->10496K(163840K) Eden: 152561K(153088K)->0K(153088K) From: 0K(10752K)->10496K(10752K)
[2026-03-22T19:49:03.775+0900][4.307s][info][gc,heap        ] GC(192) ParOldGen: 103430K(349696K)->197639K(349696K)
[2026-03-22T19:49:03.775+0900][4.307s][info][gc,metaspace   ] GC(192) Metaspace: 338K(512K)->338K(512K) NonClass: 320K(384K)->320K(384K) Class: 17K(128K)->17K(128K)
[2026-03-22T19:49:03.775+0900][4.307s][info][gc             ] GC(192) Pause Young (Allocation Failure) 249M->203M(501M) 4.646ms
[2026-03-22T19:49:03.776+0900][4.307s][info][gc,cpu         ] GC(192) User=0.05s Sys=0.00s Real=0.01s
[2026-03-22T19:49:03.792+0900][4.323s][info][gc,start       ] GC(193) Pause Young (Allocation Failure)
[2026-03-22T19:49:03.797+0900][4.329s][info][gc,heap        ] GC(193) PSYoungGen: 163057K(163840K)->10496K(163840K) Eden: 152561K(153088K)->0K(153088K) From: 10496K(10752K)->10496K(10752K)
[2026-03-22T19:49:03.797+0900][4.329s][info][gc,heap        ] GC(193) ParOldGen: 197639K(349696K)->291999K(349696K)
[2026-03-22T19:49:03.797+0900][4.329s][info][gc,metaspace   ] GC(193) Metaspace: 338K(512K)->338K(512K) NonClass: 320K(384K)->320K(384K) Class: 17K(128K)->17K(128K)
[2026-03-22T19:49:03.797+0900][4.329s][info][gc             ] GC(193) Pause Young (Allocation Failure) 352M->295M(501M) 5.452ms
[2026-03-22T19:49:03.797+0900][4.329s][info][gc,cpu         ] GC(193) User=0.00s Sys=0.00s Real=0.00s
[2026-03-22T19:49:03.813+0900][4.345s][info][gc,start       ] GC(194) Pause Full (Ergonomics)
[2026-03-22T19:49:03.814+0900][4.345s][info][gc,phases,start] GC(194) Marking Phase
[2026-03-22T19:49:03.815+0900][4.346s][info][gc,phases      ] GC(194) Marking Phase 1.150ms
[2026-03-22T19:49:03.815+0900][4.346s][info][gc,phases,start] GC(194) Summary Phase
[2026-03-22T19:49:03.815+0900][4.346s][info][gc,phases      ] GC(194) Summary Phase 0.025ms
[2026-03-22T19:49:03.815+0900][4.346s][info][gc,phases,start] GC(194) Adjust Roots
[2026-03-22T19:49:03.815+0900][4.346s][info][gc,phases      ] GC(194) Adjust Roots 0.224ms
[2026-03-22T19:49:03.815+0900][4.347s][info][gc,phases,start] GC(194) Compaction Phase
[2026-03-22T19:49:03.820+0900][4.352s][info][gc,phases      ] GC(194) Compaction Phase 5.500ms
[2026-03-22T19:49:03.820+0900][4.352s][info][gc,phases,start] GC(194) Post Compact
[2026-03-22T19:49:03.822+0900][4.354s][info][gc,phases      ] GC(194) Post Compact 1.513ms
[2026-03-22T19:49:03.822+0900][4.354s][info][gc,heap        ] GC(194) PSYoungGen: 163057K(163840K)->0K(163840K) Eden: 152561K(153088K)->0K(153088K) From: 10496K(10752K)->0K(10752K)
[2026-03-22T19:49:03.822+0900][4.354s][info][gc,heap        ] GC(194) ParOldGen: 291999K(349696K)->103430K(349696K)
[2026-03-22T19:49:03.822+0900][4.354s][info][gc,metaspace   ] GC(194) Metaspace: 338K(512K)->338K(512K) NonClass: 320K(384K)->320K(384K) Class: 17K(128K)->17K(128K)
[2026-03-22T19:49:03.822+0900][4.354s][info][gc             ] GC(194) Pause Full (Ergonomics) 444M->101M(501M) 8.753ms
[2026-03-22T19:49:03.822+0900][4.354s][info][gc,cpu         ] GC(194) User=0.02s Sys=0.00s Real=0.01s
[2026-03-22T19:49:03.837+0900][4.369s][info][gc,start       ] GC(195) Pause Young (Allocation Failure)
[2026-03-22T19:49:03.842+0900][4.373s][info][gc,heap        ] GC(195) PSYoungGen: 152561K(163840K)->10496K(163840K) Eden: 152561K(153088K)->0K(153088K) From: 0K(10752K)->10496K(10752K)
[2026-03-22T19:49:03.842+0900][4.373s][info][gc,heap        ] GC(195) ParOldGen: 103430K(349696K)->197639K(349696K)
[2026-03-22T19:49:03.842+0900][4.373s][info][gc,metaspace   ] GC(195) Metaspace: 338K(512K)->338K(512K) NonClass: 320K(384K)->320K(384K) Class: 17K(128K)->17K(128K)
[2026-03-22T19:49:03.842+0900][4.373s][info][gc             ] GC(195) Pause Young (Allocation Failure) 249M->203M(501M) 4.620ms
[2026-03-22T19:49:03.842+0900][4.373s][info][gc,cpu         ] GC(195) User=0.06s Sys=0.00s Real=0.01s
[2026-03-22T19:49:03.857+0900][4.388s][info][gc,start       ] GC(196) Pause Young (Allocation Failure)
[2026-03-22T19:49:03.861+0900][4.393s][info][gc,heap        ] GC(196) PSYoungGen: 163057K(163840K)->10496K(163840K) Eden: 152561K(153088K)->0K(153088K) From: 10496K(10752K)->10496K(10752K)
[2026-03-22T19:49:03.861+0900][4.393s][info][gc,heap        ] GC(196) ParOldGen: 197639K(349696K)->291999K(349696K)
[2026-03-22T19:49:03.861+0900][4.393s][info][gc,metaspace   ] GC(196) Metaspace: 338K(512K)->338K(512K) NonClass: 320K(384K)->320K(384K) Class: 17K(128K)->17K(128K)
[2026-03-22T19:49:03.861+0900][4.393s][info][gc             ] GC(196) Pause Young (Allocation Failure) 352M->295M(501M) 4.804ms
[2026-03-22T19:49:03.861+0900][4.393s][info][gc,cpu         ] GC(196) User=0.00s Sys=0.00s Real=0.00s
[2026-03-22T19:49:03.877+0900][4.408s][info][gc,start       ] GC(197) Pause Full (Ergonomics)
[2026-03-22T19:49:03.877+0900][4.408s][info][gc,phases,start] GC(197) Marking Phase
[2026-03-22T19:49:03.877+0900][4.409s][info][gc,phases      ] GC(197) Marking Phase 0.869ms
[2026-03-22T19:49:03.877+0900][4.409s][info][gc,phases,start] GC(197) Summary Phase
[2026-03-22T19:49:03.877+0900][4.409s][info][gc,phases      ] GC(197) Summary Phase 0.013ms
[2026-03-22T19:49:03.877+0900][4.409s][info][gc,phases,start] GC(197) Adjust Roots
[2026-03-22T19:49:03.878+0900][4.409s][info][gc,phases      ] GC(197) Adjust Roots 0.213ms
[2026-03-22T19:49:03.878+0900][4.409s][info][gc,phases,start] GC(197) Compaction Phase
[2026-03-22T19:49:03.884+0900][4.415s][info][gc,phases      ] GC(197) Compaction Phase 6.167ms
[2026-03-22T19:49:03.884+0900][4.416s][info][gc,phases,start] GC(197) Post Compact
[2026-03-22T19:49:03.885+0900][4.417s][info][gc,phases      ] GC(197) Post Compact 1.389ms
[2026-03-22T19:49:03.885+0900][4.417s][info][gc,heap        ] GC(197) PSYoungGen: 163057K(163840K)->0K(163840K) Eden: 152561K(153088K)->0K(153088K) From: 10496K(10752K)->0K(10752K)
[2026-03-22T19:49:03.885+0900][4.417s][info][gc,heap        ] GC(197) ParOldGen: 291999K(349696K)->103195K(349696K)
[2026-03-22T19:49:03.885+0900][4.417s][info][gc,metaspace   ] GC(197) Metaspace: 338K(512K)->338K(512K) NonClass: 320K(384K)->320K(384K) Class: 17K(128K)->17K(128K)
[2026-03-22T19:49:03.885+0900][4.417s][info][gc             ] GC(197) Pause Full (Ergonomics) 444M->100M(501M) 8.923ms
[2026-03-22T19:49:03.885+0900][4.417s][info][gc,cpu         ] GC(197) User=0.00s Sys=0.02s Real=0.01s
[2026-03-22T19:49:03.901+0900][4.432s][info][gc,start       ] GC(198) Pause Young (Allocation Failure)
[2026-03-22T19:49:03.906+0900][4.437s][info][gc,heap        ] GC(198) PSYoungGen: 152561K(163840K)->10496K(163840K) Eden: 152561K(153088K)->0K(153088K) From: 0K(10752K)->10496K(10752K)
[2026-03-22T19:49:03.906+0900][4.437s][info][gc,heap        ] GC(198) ParOldGen: 103195K(349696K)->197403K(349696K)
[2026-03-22T19:49:03.906+0900][4.437s][info][gc,metaspace   ] GC(198) Metaspace: 338K(512K)->338K(512K) NonClass: 320K(384K)->320K(384K) Class: 17K(128K)->17K(128K)
[2026-03-22T19:49:03.906+0900][4.437s][info][gc             ] GC(198) Pause Young (Allocation Failure) 249M->203M(501M) 5.027ms
[2026-03-22T19:49:03.906+0900][4.437s][info][gc,cpu         ] GC(198) User=0.00s Sys=0.00s Real=0.00s
[2026-03-22T19:49:03.921+0900][4.454s][info][gc,start       ] GC(199) Pause Young (Allocation Failure)
[2026-03-22T19:49:03.927+0900][4.458s][info][gc,heap        ] GC(199) PSYoungGen: 163057K(163840K)->10496K(163840K) Eden: 152561K(153088K)->0K(153088K) From: 10496K(10752K)->10496K(10752K)
[2026-03-22T19:49:03.927+0900][4.458s][info][gc,heap        ] GC(199) ParOldGen: 197403K(349696K)->291764K(349696K)
[2026-03-22T19:49:03.927+0900][4.458s][info][gc,metaspace   ] GC(199) Metaspace: 338K(512K)->338K(512K) NonClass: 320K(384K)->320K(384K) Class: 17K(128K)->17K(128K)
[2026-03-22T19:49:03.927+0900][4.458s][info][gc             ] GC(199) Pause Young (Allocation Failure) 352M->295M(501M) 4.690ms
[2026-03-22T19:49:03.927+0900][4.458s][info][gc,cpu         ] GC(199) User=0.00s Sys=0.00s Real=0.01s
[2026-03-22T19:49:03.941+0900][4.473s][info][gc,start       ] GC(200) Pause Full (Ergonomics)
[2026-03-22T19:49:03.941+0900][4.473s][info][gc,phases,start] GC(200) Marking Phase
[2026-03-22T19:49:03.942+0900][4.474s][info][gc,phases      ] GC(200) Marking Phase 1.145ms
[2026-03-22T19:49:03.942+0900][4.474s][info][gc,phases,start] GC(200) Summary Phase
[2026-03-22T19:49:03.943+0900][4.474s][info][gc,phases      ] GC(200) Summary Phase 0.016ms
[2026-03-22T19:49:03.943+0900][4.474s][info][gc,phases,start] GC(200) Adjust Roots
[2026-03-22T19:49:03.943+0900][4.474s][info][gc,phases      ] GC(200) Adjust Roots 0.225ms
[2026-03-22T19:49:03.943+0900][4.474s][info][gc,phases,start] GC(200) Compaction Phase
[2026-03-22T19:49:03.948+0900][4.480s][info][gc,phases      ] GC(200) Compaction Phase 5.293ms
[2026-03-22T19:49:03.948+0900][4.480s][info][gc,phases,start] GC(200) Post Compact
[2026-03-22T19:49:03.950+0900][4.481s][info][gc,phases      ] GC(200) Post Compact 1.378ms
[2026-03-22T19:49:03.950+0900][4.481s][info][gc,heap        ] GC(200) PSYoungGen: 163057K(163840K)->0K(163840K) Eden: 152561K(153088K)->0K(153088K) From: 10496K(10752K)->0K(10752K)
[2026-03-22T19:49:03.950+0900][4.481s][info][gc,heap        ] GC(200) ParOldGen: 291764K(349696K)->103430K(349696K)
[2026-03-22T19:49:03.950+0900][4.481s][info][gc,metaspace   ] GC(200) Metaspace: 338K(512K)->338K(512K) NonClass: 320K(384K)->320K(384K) Class: 17K(128K)->17K(128K)
[2026-03-22T19:49:03.950+0900][4.481s][info][gc             ] GC(200) Pause Full (Ergonomics) 444M->101M(501M) 8.371ms
[2026-03-22T19:49:03.950+0900][4.481s][info][gc,cpu         ] GC(200) User=0.06s Sys=0.00s Real=0.01s
[2026-03-22T19:49:03.965+0900][4.496s][info][gc,start       ] GC(201) Pause Young (Allocation Failure)
[2026-03-22T19:49:03.969+0900][4.501s][info][gc,heap        ] GC(201) PSYoungGen: 152561K(163840K)->10496K(163840K) Eden: 152561K(153088K)->0K(153088K) From: 0K(10752K)->10496K(10752K)
[2026-03-22T19:49:03.969+0900][4.501s][info][gc,heap        ] GC(201) ParOldGen: 103430K(349696K)->197639K(349696K)
[2026-03-22T19:49:03.969+0900][4.501s][info][gc,metaspace   ] GC(201) Metaspace: 338K(512K)->338K(512K) NonClass: 320K(384K)->320K(384K) Class: 17K(128K)->17K(128K)
[2026-03-22T19:49:03.969+0900][4.501s][info][gc             ] GC(201) Pause Young (Allocation Failure) 249M->203M(501M) 4.855ms
[2026-03-22T19:49:03.969+0900][4.501s][info][gc,cpu         ] GC(201) User=0.00s Sys=0.00s Real=0.00s
[2026-03-22T19:49:03.985+0900][4.516s][info][gc,start       ] GC(202) Pause Young (Allocation Failure)
[2026-03-22T19:49:03.990+0900][4.522s][info][gc,heap        ] GC(202) PSYoungGen: 163057K(163840K)->10496K(163840K) Eden: 152561K(153088K)->0K(153088K) From: 10496K(10752K)->10496K(10752K)
[2026-03-22T19:49:03.990+0900][4.522s][info][gc,heap        ] GC(202) ParOldGen: 197639K(349696K)->291999K(349696K)
[2026-03-22T19:49:03.990+0900][4.522s][info][gc,metaspace   ] GC(202) Metaspace: 338K(512K)->338K(512K) NonClass: 320K(384K)->320K(384K) Class: 17K(128K)->17K(128K)
[2026-03-22T19:49:03.990+0900][4.522s][info][gc             ] GC(202) Pause Young (Allocation Failure) 352M->295M(501M) 5.617ms
[2026-03-22T19:49:03.990+0900][4.522s][info][gc,cpu         ] GC(202) User=0.00s Sys=0.00s Real=0.01s
[2026-03-22T19:49:04.007+0900][4.538s][info][gc,start       ] GC(203) Pause Full (Ergonomics)
[2026-03-22T19:49:04.007+0900][4.538s][info][gc,phases,start] GC(203) Marking Phase
[2026-03-22T19:49:04.008+0900][4.539s][info][gc,phases      ] GC(203) Marking Phase 0.957ms
[2026-03-22T19:49:04.008+0900][4.539s][info][gc,phases,start] GC(203) Summary Phase
[2026-03-22T19:49:04.008+0900][4.539s][info][gc,phases      ] GC(203) Summary Phase 0.017ms
[2026-03-22T19:49:04.008+0900][4.539s][info][gc,phases,start] GC(203) Adjust Roots
[2026-03-22T19:49:04.008+0900][4.540s][info][gc,phases      ] GC(203) Adjust Roots 0.251ms
[2026-03-22T19:49:04.008+0900][4.540s][info][gc,phases,start] GC(203) Compaction Phase
[2026-03-22T19:49:04.014+0900][4.545s][info][gc,phases      ] GC(203) Compaction Phase 5.649ms
[2026-03-22T19:49:04.014+0900][4.545s][info][gc,phases,start] GC(203) Post Compact
[2026-03-22T19:49:04.016+0900][4.547s][info][gc,phases      ] GC(203) Post Compact 1.572ms
[2026-03-22T19:49:04.016+0900][4.547s][info][gc,heap        ] GC(203) PSYoungGen: 163057K(163840K)->0K(163840K) Eden: 152561K(153088K)->0K(153088K) From: 10496K(10752K)->0K(10752K)
[2026-03-22T19:49:04.016+0900][4.547s][info][gc,heap        ] GC(203) ParOldGen: 291999K(349696K)->103430K(349696K)
[2026-03-22T19:49:04.016+0900][4.547s][info][gc,metaspace   ] GC(203) Metaspace: 338K(512K)->338K(512K) NonClass: 320K(384K)->320K(384K) Class: 17K(128K)->17K(128K)
[2026-03-22T19:49:04.016+0900][4.547s][info][gc             ] GC(203) Pause Full (Ergonomics) 444M->101M(501M) 8.735ms
[2026-03-22T19:49:04.016+0900][4.547s][info][gc,cpu         ] GC(203) User=0.06s Sys=0.00s Real=0.01s
[2026-03-22T19:49:04.031+0900][4.563s][info][gc,start       ] GC(204) Pause Young (Allocation Failure)
[2026-03-22T19:49:04.036+0900][4.568s][info][gc,heap        ] GC(204) PSYoungGen: 152561K(163840K)->10496K(163840K) Eden: 152561K(153088K)->0K(153088K) From: 0K(10752K)->10496K(10752K)
[2026-03-22T19:49:04.036+0900][4.568s][info][gc,heap        ] GC(204) ParOldGen: 103430K(349696K)->197639K(349696K)
[2026-03-22T19:49:04.036+0900][4.568s][info][gc,metaspace   ] GC(204) Metaspace: 338K(512K)->338K(512K) NonClass: 320K(384K)->320K(384K) Class: 17K(128K)->17K(128K)
[2026-03-22T19:49:04.036+0900][4.568s][info][gc             ] GC(204) Pause Young (Allocation Failure) 249M->203M(501M) 4.946ms
[2026-03-22T19:49:04.036+0900][4.568s][info][gc,cpu         ] GC(204) User=0.00s Sys=0.00s Real=0.01s
[2026-03-22T19:49:04.053+0900][4.584s][info][gc,start       ] GC(205) Pause Young (Allocation Failure)
[2026-03-22T19:49:04.057+0900][4.589s][info][gc,heap        ] GC(205) PSYoungGen: 163057K(163840K)->10496K(163840K) Eden: 152561K(153088K)->0K(153088K) From: 10496K(10752K)->10496K(10752K)
[2026-03-22T19:49:04.057+0900][4.589s][info][gc,heap        ] GC(205) ParOldGen: 197639K(349696K)->291999K(349696K)
[2026-03-22T19:49:04.057+0900][4.589s][info][gc,metaspace   ] GC(205) Metaspace: 338K(512K)->338K(512K) NonClass: 320K(384K)->320K(384K) Class: 17K(128K)->17K(128K)
[2026-03-22T19:49:04.057+0900][4.589s][info][gc             ] GC(205) Pause Young (Allocation Failure) 352M->295M(501M) 4.685ms
[2026-03-22T19:49:04.057+0900][4.589s][info][gc,cpu         ] GC(205) User=0.06s Sys=0.00s Real=0.00s
[2026-03-22T19:49:04.073+0900][4.605s][info][gc,start       ] GC(206) Pause Full (Ergonomics)
[2026-03-22T19:49:04.073+0900][4.605s][info][gc,phases,start] GC(206) Marking Phase
[2026-03-22T19:49:04.075+0900][4.606s][info][gc,phases      ] GC(206) Marking Phase 0.972ms
[2026-03-22T19:49:04.075+0900][4.606s][info][gc,phases,start] GC(206) Summary Phase
[2026-03-22T19:49:04.075+0900][4.606s][info][gc,phases      ] GC(206) Summary Phase 0.015ms
[2026-03-22T19:49:04.075+0900][4.606s][info][gc,phases,start] GC(206) Adjust Roots
[2026-03-22T19:49:04.075+0900][4.607s][info][gc,phases      ] GC(206) Adjust Roots 0.179ms
[2026-03-22T19:49:04.075+0900][4.607s][info][gc,phases,start] GC(206) Compaction Phase
[2026-03-22T19:49:04.082+0900][4.613s][info][gc,phases      ] GC(206) Compaction Phase 6.243ms
[2026-03-22T19:49:04.082+0900][4.613s][info][gc,phases,start] GC(206) Post Compact
[2026-03-22T19:49:04.083+0900][4.614s][info][gc,phases      ] GC(206) Post Compact 1.554ms
[2026-03-22T19:49:04.083+0900][4.614s][info][gc,heap        ] GC(206) PSYoungGen: 163057K(163840K)->0K(163840K) Eden: 152561K(153088K)->0K(153088K) From: 10496K(10752K)->0K(10752K)
[2026-03-22T19:49:04.083+0900][4.614s][info][gc,heap        ] GC(206) ParOldGen: 291999K(349696K)->103430K(349696K)
[2026-03-22T19:49:04.083+0900][4.614s][info][gc,metaspace   ] GC(206) Metaspace: 338K(512K)->338K(512K) NonClass: 320K(384K)->320K(384K) Class: 17K(128K)->17K(128K)
[2026-03-22T19:49:04.083+0900][4.614s][info][gc             ] GC(206) Pause Full (Ergonomics) 444M->101M(501M) 9.235ms
[2026-03-22T19:49:04.083+0900][4.614s][info][gc,cpu         ] GC(206) User=0.00s Sys=0.00s Real=0.01s
[2026-03-22T19:49:04.098+0900][4.630s][info][gc,start       ] GC(207) Pause Young (Allocation Failure)
[2026-03-22T19:49:04.103+0900][4.634s][info][gc,heap        ] GC(207) PSYoungGen: 152561K(163840K)->10496K(163840K) Eden: 152561K(153088K)->0K(153088K) From: 0K(10752K)->10496K(10752K)
[2026-03-22T19:49:04.103+0900][4.635s][info][gc,heap        ] GC(207) ParOldGen: 103430K(349696K)->197639K(349696K)
[2026-03-22T19:49:04.103+0900][4.635s][info][gc,metaspace   ] GC(207) Metaspace: 338K(512K)->338K(512K) NonClass: 320K(384K)->320K(384K) Class: 17K(128K)->17K(128K)
[2026-03-22T19:49:04.103+0900][4.635s][info][gc             ] GC(207) Pause Young (Allocation Failure) 249M->203M(501M) 4.325ms
[2026-03-22T19:49:04.103+0900][4.635s][info][gc,cpu         ] GC(207) User=0.00s Sys=0.00s Real=0.00s
[2026-03-22T19:49:04.118+0900][4.650s][info][gc,start       ] GC(208) Pause Young (Allocation Failure)
[2026-03-22T19:49:04.123+0900][4.654s][info][gc,heap        ] GC(208) PSYoungGen: 163057K(163840K)->10496K(163840K) Eden: 152561K(153088K)->0K(153088K) From: 10496K(10752K)->10496K(10752K)
[2026-03-22T19:49:04.123+0900][4.654s][info][gc,heap        ] GC(208) ParOldGen: 197639K(349696K)->291999K(349696K)
[2026-03-22T19:49:04.123+0900][4.654s][info][gc,metaspace   ] GC(208) Metaspace: 338K(512K)->338K(512K) NonClass: 320K(384K)->320K(384K) Class: 17K(128K)->17K(128K)
[2026-03-22T19:49:04.123+0900][4.654s][info][gc             ] GC(208) Pause Young (Allocation Failure) 352M->295M(501M) 4.808ms
[2026-03-22T19:49:04.123+0900][4.654s][info][gc,cpu         ] GC(208) User=0.05s Sys=0.02s Real=0.00s
[2026-03-22T19:49:04.137+0900][4.669s][info][gc,start       ] GC(209) Pause Full (Ergonomics)
[2026-03-22T19:49:04.138+0900][4.669s][info][gc,phases,start] GC(209) Marking Phase
[2026-03-22T19:49:04.138+0900][4.670s][info][gc,phases      ] GC(209) Marking Phase 0.996ms
[2026-03-22T19:49:04.138+0900][4.670s][info][gc,phases,start] GC(209) Summary Phase
[2026-03-22T19:49:04.138+0900][4.670s][info][gc,phases      ] GC(209) Summary Phase 0.021ms
[2026-03-22T19:49:04.138+0900][4.670s][info][gc,phases,start] GC(209) Adjust Roots
[2026-03-22T19:49:04.139+0900][4.670s][info][gc,phases      ] GC(209) Adjust Roots 0.181ms
[2026-03-22T19:49:04.139+0900][4.670s][info][gc,phases,start] GC(209) Compaction Phase
[2026-03-22T19:49:04.144+0900][4.676s][info][gc,phases      ] GC(209) Compaction Phase 5.465ms
[2026-03-22T19:49:04.144+0900][4.676s][info][gc,phases,start] GC(209) Post Compact
[2026-03-22T19:49:04.145+0900][4.677s][info][gc,phases      ] GC(209) Post Compact 1.397ms
[2026-03-22T19:49:04.146+0900][4.677s][info][gc,heap        ] GC(209) PSYoungGen: 163057K(163840K)->0K(163840K) Eden: 152561K(153088K)->0K(153088K) From: 10496K(10752K)->0K(10752K)
[2026-03-22T19:49:04.146+0900][4.677s][info][gc,heap        ] GC(209) ParOldGen: 291999K(349696K)->103430K(349696K)
[2026-03-22T19:49:04.146+0900][4.677s][info][gc,metaspace   ] GC(209) Metaspace: 338K(512K)->338K(512K) NonClass: 320K(384K)->320K(384K) Class: 17K(128K)->17K(128K)
[2026-03-22T19:49:04.146+0900][4.677s][info][gc             ] GC(209) Pause Full (Ergonomics) 444M->101M(501M) 8.321ms
[2026-03-22T19:49:04.146+0900][4.677s][info][gc,cpu         ] GC(209) User=0.00s Sys=0.00s Real=0.01s
[2026-03-22T19:49:04.161+0900][4.693s][info][gc,start       ] GC(210) Pause Young (Allocation Failure)
[2026-03-22T19:49:04.166+0900][4.698s][info][gc,heap        ] GC(210) PSYoungGen: 152561K(163840K)->10464K(163840K) Eden: 152561K(153088K)->0K(153088K) From: 0K(10752K)->10464K(10752K)
[2026-03-22T19:49:04.166+0900][4.698s][info][gc,heap        ] GC(210) ParOldGen: 103430K(349696K)->197639K(349696K)
[2026-03-22T19:49:04.166+0900][4.698s][info][gc,metaspace   ] GC(210) Metaspace: 338K(512K)->338K(512K) NonClass: 320K(384K)->320K(384K) Class: 17K(128K)->17K(128K)
[2026-03-22T19:49:04.166+0900][4.698s][info][gc             ] GC(210) Pause Young (Allocation Failure) 249M->203M(501M) 4.575ms
[2026-03-22T19:49:04.166+0900][4.698s][info][gc,cpu         ] GC(210) User=0.05s Sys=0.00s Real=0.00s
[2026-03-22T19:49:04.182+0900][4.713s][info][gc,start       ] GC(211) Pause Young (Allocation Failure)
[2026-03-22T19:49:04.187+0900][4.718s][info][gc,heap        ] GC(211) PSYoungGen: 163025K(163840K)->10496K(163840K) Eden: 152561K(153088K)->0K(153088K) From: 10464K(10752K)->10496K(10752K)
[2026-03-22T19:49:04.187+0900][4.718s][info][gc,heap        ] GC(211) ParOldGen: 197639K(349696K)->291999K(349696K)
[2026-03-22T19:49:04.187+0900][4.718s][info][gc,metaspace   ] GC(211) Metaspace: 338K(512K)->338K(512K) NonClass: 320K(384K)->320K(384K) Class: 17K(128K)->17K(128K)
[2026-03-22T19:49:04.187+0900][4.718s][info][gc             ] GC(211) Pause Young (Allocation Failure) 352M->295M(501M) 5.224ms
[2026-03-22T19:49:04.187+0900][4.718s][info][gc,cpu         ] GC(211) User=0.00s Sys=0.00s Real=0.01s
[2026-03-22T19:49:04.202+0900][4.733s][info][gc,start       ] GC(212) Pause Full (Ergonomics)
[2026-03-22T19:49:04.202+0900][4.733s][info][gc,phases,start] GC(212) Marking Phase
[2026-03-22T19:49:04.203+0900][4.735s][info][gc,phases      ] GC(212) Marking Phase 1.137ms
[2026-03-22T19:49:04.203+0900][4.735s][info][gc,phases,start] GC(212) Summary Phase
[2026-03-22T19:49:04.203+0900][4.735s][info][gc,phases      ] GC(212) Summary Phase 0.016ms
[2026-03-22T19:49:04.203+0900][4.735s][info][gc,phases,start] GC(212) Adjust Roots
[2026-03-22T19:49:04.203+0900][4.735s][info][gc,phases      ] GC(212) Adjust Roots 0.171ms
[2026-03-22T19:49:04.203+0900][4.735s][info][gc,phases,start] GC(212) Compaction Phase
[2026-03-22T19:49:04.209+0900][4.741s][info][gc,phases      ] GC(212) Compaction Phase 6.104ms
[2026-03-22T19:49:04.209+0900][4.741s][info][gc,phases,start] GC(212) Post Compact
[2026-03-22T19:49:04.211+0900][4.743s][info][gc,phases      ] GC(212) Post Compact 1.399ms
[2026-03-22T19:49:04.211+0900][4.743s][info][gc,heap        ] GC(212) PSYoungGen: 163057K(163840K)->0K(163840K) Eden: 152561K(153088K)->0K(153088K) From: 10496K(10752K)->0K(10752K)
[2026-03-22T19:49:04.211+0900][4.743s][info][gc,heap        ] GC(212) ParOldGen: 291999K(349696K)->103430K(349696K)
[2026-03-22T19:49:04.211+0900][4.743s][info][gc,metaspace   ] GC(212) Metaspace: 338K(512K)->338K(512K) NonClass: 320K(384K)->320K(384K) Class: 17K(128K)->17K(128K)
[2026-03-22T19:49:04.211+0900][4.743s][info][gc             ] GC(212) Pause Full (Ergonomics) 444M->101M(501M) 9.151ms
[2026-03-22T19:49:04.211+0900][4.743s][info][gc,cpu         ] GC(212) User=0.00s Sys=0.00s Real=0.01s
[2026-03-22T19:49:04.227+0900][4.758s][info][gc,start       ] GC(213) Pause Young (Allocation Failure)
[2026-03-22T19:49:04.231+0900][4.763s][info][gc,heap        ] GC(213) PSYoungGen: 152561K(163840K)->10496K(163840K) Eden: 152561K(153088K)->0K(153088K) From: 0K(10752K)->10496K(10752K)
[2026-03-22T19:49:04.231+0900][4.763s][info][gc,heap        ] GC(213) ParOldGen: 103430K(349696K)->197639K(349696K)
[2026-03-22T19:49:04.231+0900][4.763s][info][gc,metaspace   ] GC(213) Metaspace: 338K(512K)->338K(512K) NonClass: 320K(384K)->320K(384K) Class: 17K(128K)->17K(128K)
[2026-03-22T19:49:04.231+0900][4.763s][info][gc             ] GC(213) Pause Young (Allocation Failure) 249M->203M(501M) 4.887ms
[2026-03-22T19:49:04.231+0900][4.763s][info][gc,cpu         ] GC(213) User=0.06s Sys=0.00s Real=0.00s
[2026-03-22T19:49:04.246+0900][4.777s][info][gc,start       ] GC(214) Pause Young (Allocation Failure)
[2026-03-22T19:49:04.251+0900][4.782s][info][gc,heap        ] GC(214) PSYoungGen: 163057K(163840K)->10496K(163840K) Eden: 152561K(153088K)->0K(153088K) From: 10496K(10752K)->10496K(10752K)
[2026-03-22T19:49:04.251+0900][4.782s][info][gc,heap        ] GC(214) ParOldGen: 197639K(349696K)->291999K(349696K)
[2026-03-22T19:49:04.251+0900][4.782s][info][gc,metaspace   ] GC(214) Metaspace: 338K(512K)->338K(512K) NonClass: 320K(384K)->320K(384K) Class: 17K(128K)->17K(128K)
[2026-03-22T19:49:04.251+0900][4.782s][info][gc             ] GC(214) Pause Young (Allocation Failure) 352M->295M(501M) 4.576ms
[2026-03-22T19:49:04.251+0900][4.782s][info][gc,cpu         ] GC(214) User=0.00s Sys=0.00s Real=0.00s
[2026-03-22T19:49:04.266+0900][4.798s][info][gc,start       ] GC(215) Pause Full (Ergonomics)
[2026-03-22T19:49:04.266+0900][4.798s][info][gc,phases,start] GC(215) Marking Phase
[2026-03-22T19:49:04.267+0900][4.799s][info][gc,phases      ] GC(215) Marking Phase 0.971ms
[2026-03-22T19:49:04.267+0900][4.799s][info][gc,phases,start] GC(215) Summary Phase
[2026-03-22T19:49:04.267+0900][4.799s][info][gc,phases      ] GC(215) Summary Phase 0.016ms
[2026-03-22T19:49:04.267+0900][4.799s][info][gc,phases,start] GC(215) Adjust Roots
[2026-03-22T19:49:04.267+0900][4.800s][info][gc,phases      ] GC(215) Adjust Roots 0.185ms
[2026-03-22T19:49:04.267+0900][4.800s][info][gc,phases,start] GC(215) Compaction Phase
[2026-03-22T19:49:04.273+0900][4.805s][info][gc,phases      ] GC(215) Compaction Phase 5.874ms
[2026-03-22T19:49:04.273+0900][4.805s][info][gc,phases,start] GC(215) Post Compact
[2026-03-22T19:49:04.276+0900][4.807s][info][gc,phases      ] GC(215) Post Compact 1.435ms
[2026-03-22T19:49:04.276+0900][4.807s][info][gc,heap        ] GC(215) PSYoungGen: 163057K(163840K)->0K(163840K) Eden: 152561K(153088K)->0K(153088K) From: 10496K(10752K)->0K(10752K)
[2026-03-22T19:49:04.276+0900][4.807s][info][gc,heap        ] GC(215) ParOldGen: 291999K(349696K)->103430K(349696K)
[2026-03-22T19:49:04.276+0900][4.807s][info][gc,metaspace   ] GC(215) Metaspace: 338K(512K)->338K(512K) NonClass: 320K(384K)->320K(384K) Class: 17K(128K)->17K(128K)
[2026-03-22T19:49:04.276+0900][4.807s][info][gc             ] GC(215) Pause Full (Ergonomics) 444M->101M(501M) 8.740ms
[2026-03-22T19:49:04.276+0900][4.807s][info][gc,cpu         ] GC(215) User=0.00s Sys=0.00s Real=0.01s
[2026-03-22T19:49:04.293+0900][4.824s][info][gc,start       ] GC(216) Pause Young (Allocation Failure)
[2026-03-22T19:49:04.298+0900][4.830s][info][gc,heap        ] GC(216) PSYoungGen: 152561K(163840K)->10496K(163840K) Eden: 152561K(153088K)->0K(153088K) From: 0K(10752K)->10496K(10752K)
[2026-03-22T19:49:04.298+0900][4.830s][info][gc,heap        ] GC(216) ParOldGen: 103430K(349696K)->197639K(349696K)
[2026-03-22T19:49:04.298+0900][4.830s][info][gc,metaspace   ] GC(216) Metaspace: 338K(512K)->338K(512K) NonClass: 320K(384K)->320K(384K) Class: 17K(128K)->17K(128K)
[2026-03-22T19:49:04.298+0900][4.830s][info][gc             ] GC(216) Pause Young (Allocation Failure) 249M->203M(501M) 5.849ms
[2026-03-22T19:49:04.298+0900][4.830s][info][gc,cpu         ] GC(216) User=0.00s Sys=0.00s Real=0.01s
[2026-03-22T19:49:04.313+0900][4.845s][info][gc,start       ] GC(217) Pause Young (Allocation Failure)
[2026-03-22T19:49:04.319+0900][4.850s][info][gc,heap        ] GC(217) PSYoungGen: 163057K(163840K)->10496K(163840K) Eden: 152561K(153088K)->0K(153088K) From: 10496K(10752K)->10496K(10752K)
[2026-03-22T19:49:04.319+0900][4.850s][info][gc,heap        ] GC(217) ParOldGen: 197639K(349696K)->291999K(349696K)
[2026-03-22T19:49:04.319+0900][4.850s][info][gc,metaspace   ] GC(217) Metaspace: 338K(512K)->338K(512K) NonClass: 320K(384K)->320K(384K) Class: 17K(128K)->17K(128K)
[2026-03-22T19:49:04.319+0900][4.850s][info][gc             ] GC(217) Pause Young (Allocation Failure) 352M->295M(501M) 4.949ms
[2026-03-22T19:49:04.319+0900][4.850s][info][gc,cpu         ] GC(217) User=0.00s Sys=0.00s Real=0.01s
[2026-03-22T19:49:04.334+0900][4.865s][info][gc,start       ] GC(218) Pause Full (Ergonomics)
[2026-03-22T19:49:04.334+0900][4.865s][info][gc,phases,start] GC(218) Marking Phase
[2026-03-22T19:49:04.335+0900][4.866s][info][gc,phases      ] GC(218) Marking Phase 1.198ms
[2026-03-22T19:49:04.335+0900][4.866s][info][gc,phases,start] GC(218) Summary Phase
[2026-03-22T19:49:04.335+0900][4.866s][info][gc,phases      ] GC(218) Summary Phase 0.015ms
[2026-03-22T19:49:04.335+0900][4.866s][info][gc,phases,start] GC(218) Adjust Roots
[2026-03-22T19:49:04.335+0900][4.866s][info][gc,phases      ] GC(218) Adjust Roots 0.161ms
[2026-03-22T19:49:04.335+0900][4.866s][info][gc,phases,start] GC(218) Compaction Phase
[2026-03-22T19:49:04.340+0900][4.872s][info][gc,phases      ] GC(218) Compaction Phase 5.698ms
[2026-03-22T19:49:04.340+0900][4.872s][info][gc,phases,start] GC(218) Post Compact
[2026-03-22T19:49:04.342+0900][4.873s][info][gc,phases      ] GC(218) Post Compact 1.369ms
[2026-03-22T19:49:04.342+0900][4.873s][info][gc,heap        ] GC(218) PSYoungGen: 163057K(163840K)->0K(163840K) Eden: 152561K(153088K)->0K(153088K) From: 10496K(10752K)->0K(10752K)
[2026-03-22T19:49:04.342+0900][4.873s][info][gc,heap        ] GC(218) ParOldGen: 291999K(349696K)->103430K(349696K)
[2026-03-22T19:49:04.342+0900][4.873s][info][gc,metaspace   ] GC(218) Metaspace: 338K(512K)->338K(512K) NonClass: 320K(384K)->320K(384K) Class: 17K(128K)->17K(128K)
[2026-03-22T19:49:04.342+0900][4.874s][info][gc             ] GC(218) Pause Full (Ergonomics) 444M->101M(501M) 8.697ms
[2026-03-22T19:49:04.342+0900][4.874s][info][gc,cpu         ] GC(218) User=0.06s Sys=0.00s Real=0.01s
[2026-03-22T19:49:04.357+0900][4.888s][info][gc,start       ] GC(219) Pause Young (Allocation Failure)
[2026-03-22T19:49:04.361+0900][4.893s][info][gc,heap        ] GC(219) PSYoungGen: 152561K(163840K)->10496K(163840K) Eden: 152561K(153088K)->0K(153088K) From: 0K(10752K)->10496K(10752K)
[2026-03-22T19:49:04.361+0900][4.893s][info][gc,heap        ] GC(219) ParOldGen: 103430K(349696K)->197639K(349696K)
[2026-03-22T19:49:04.361+0900][4.893s][info][gc,metaspace   ] GC(219) Metaspace: 338K(512K)->338K(512K) NonClass: 320K(384K)->320K(384K) Class: 17K(128K)->17K(128K)
[2026-03-22T19:49:04.361+0900][4.893s][info][gc             ] GC(219) Pause Young (Allocation Failure) 249M->203M(501M) 4.870ms
[2026-03-22T19:49:04.361+0900][4.893s][info][gc,cpu         ] GC(219) User=0.00s Sys=0.00s Real=0.00s
[2026-03-22T19:49:04.377+0900][4.908s][info][gc,start       ] GC(220) Pause Young (Allocation Failure)
[2026-03-22T19:49:04.381+0900][4.913s][info][gc,heap        ] GC(220) PSYoungGen: 163057K(163840K)->10496K(163840K) Eden: 152561K(153088K)->0K(153088K) From: 10496K(10752K)->10496K(10752K)
[2026-03-22T19:49:04.381+0900][4.913s][info][gc,heap        ] GC(220) ParOldGen: 197639K(349696K)->291999K(349696K)
[2026-03-22T19:49:04.381+0900][4.913s][info][gc,metaspace   ] GC(220) Metaspace: 338K(512K)->338K(512K) NonClass: 320K(384K)->320K(384K) Class: 17K(128K)->17K(128K)
[2026-03-22T19:49:04.381+0900][4.913s][info][gc             ] GC(220) Pause Young (Allocation Failure) 352M->295M(501M) 5.144ms
[2026-03-22T19:49:04.381+0900][4.913s][info][gc,cpu         ] GC(220) User=0.00s Sys=0.00s Real=0.00s
[2026-03-22T19:49:04.398+0900][4.929s][info][gc,start       ] GC(221) Pause Full (Ergonomics)
[2026-03-22T19:49:04.398+0900][4.929s][info][gc,phases,start] GC(221) Marking Phase
[2026-03-22T19:49:04.399+0900][4.931s][info][gc,phases      ] GC(221) Marking Phase 1.221ms
[2026-03-22T19:49:04.399+0900][4.931s][info][gc,phases,start] GC(221) Summary Phase
[2026-03-22T19:49:04.399+0900][4.931s][info][gc,phases      ] GC(221) Summary Phase 0.018ms
[2026-03-22T19:49:04.399+0900][4.931s][info][gc,phases,start] GC(221) Adjust Roots
[2026-03-22T19:49:04.399+0900][4.931s][info][gc,phases      ] GC(221) Adjust Roots 0.189ms
[2026-03-22T19:49:04.399+0900][4.931s][info][gc,phases,start] GC(221) Compaction Phase
[2026-03-22T19:49:04.406+0900][4.937s][info][gc,phases      ] GC(221) Compaction Phase 6.338ms
[2026-03-22T19:49:04.406+0900][4.937s][info][gc,phases,start] GC(221) Post Compact
[2026-03-22T19:49:04.407+0900][4.939s][info][gc,phases      ] GC(221) Post Compact 1.539ms
[2026-03-22T19:49:04.407+0900][4.939s][info][gc,heap        ] GC(221) PSYoungGen: 163057K(163840K)->0K(163840K) Eden: 152561K(153088K)->0K(153088K) From: 10496K(10752K)->0K(10752K)
[2026-03-22T19:49:04.407+0900][4.939s][info][gc,heap        ] GC(221) ParOldGen: 291999K(349696K)->103430K(349696K)
[2026-03-22T19:49:04.407+0900][4.939s][info][gc,metaspace   ] GC(221) Metaspace: 338K(512K)->338K(512K) NonClass: 320K(384K)->320K(384K) Class: 17K(128K)->17K(128K)
[2026-03-22T19:49:04.407+0900][4.939s][info][gc             ] GC(221) Pause Full (Ergonomics) 444M->101M(501M) 9.618ms
[2026-03-22T19:49:04.407+0900][4.939s][info][gc,cpu         ] GC(221) User=0.06s Sys=0.00s Real=0.01s
[2026-03-22T19:49:04.421+0900][4.954s][info][gc,start       ] GC(222) Pause Young (Allocation Failure)
[2026-03-22T19:49:04.427+0900][4.959s][info][gc,heap        ] GC(222) PSYoungGen: 152561K(163840K)->10496K(163840K) Eden: 152561K(153088K)->0K(153088K) From: 0K(10752K)->10496K(10752K)
[2026-03-22T19:49:04.427+0900][4.959s][info][gc,heap        ] GC(222) ParOldGen: 103430K(349696K)->197639K(349696K)
[2026-03-22T19:49:04.427+0900][4.959s][info][gc,metaspace   ] GC(222) Metaspace: 338K(512K)->338K(512K) NonClass: 320K(384K)->320K(384K) Class: 17K(128K)->17K(128K)
[2026-03-22T19:49:04.427+0900][4.959s][info][gc             ] GC(222) Pause Young (Allocation Failure) 249M->203M(501M) 5.097ms
[2026-03-22T19:49:04.427+0900][4.959s][info][gc,cpu         ] GC(222) User=0.00s Sys=0.00s Real=0.01s
[2026-03-22T19:49:04.442+0900][4.974s][info][gc,start       ] GC(223) Pause Young (Allocation Failure)
[2026-03-22T19:49:04.447+0900][4.978s][info][gc,heap        ] GC(223) PSYoungGen: 163057K(163840K)->10496K(163840K) Eden: 152561K(153088K)->0K(153088K) From: 10496K(10752K)->10496K(10752K)
[2026-03-22T19:49:04.447+0900][4.978s][info][gc,heap        ] GC(223) ParOldGen: 197639K(349696K)->291999K(349696K)
[2026-03-22T19:49:04.447+0900][4.978s][info][gc,metaspace   ] GC(223) Metaspace: 338K(512K)->338K(512K) NonClass: 320K(384K)->320K(384K) Class: 17K(128K)->17K(128K)
[2026-03-22T19:49:04.447+0900][4.978s][info][gc             ] GC(223) Pause Young (Allocation Failure) 352M->295M(501M) 4.527ms
[2026-03-22T19:49:04.447+0900][4.978s][info][gc,cpu         ] GC(223) User=0.00s Sys=0.00s Real=0.01s
[2026-03-22T19:49:04.461+0900][4.993s][info][gc,start       ] GC(224) Pause Full (Ergonomics)
[2026-03-22T19:49:04.461+0900][4.993s][info][gc,phases,start] GC(224) Marking Phase
[2026-03-22T19:49:04.462+0900][4.994s][info][gc,phases      ] GC(224) Marking Phase 1.043ms
[2026-03-22T19:49:04.462+0900][4.994s][info][gc,phases,start] GC(224) Summary Phase
[2026-03-22T19:49:04.462+0900][4.994s][info][gc,phases      ] GC(224) Summary Phase 0.017ms
[2026-03-22T19:49:04.462+0900][4.994s][info][gc,phases,start] GC(224) Adjust Roots
[2026-03-22T19:49:04.463+0900][4.994s][info][gc,phases      ] GC(224) Adjust Roots 0.345ms
[2026-03-22T19:49:04.463+0900][4.994s][info][gc,phases,start] GC(224) Compaction Phase
[2026-03-22T19:49:04.468+0900][5.000s][info][gc,phases      ] GC(224) Compaction Phase 5.373ms
[2026-03-22T19:49:04.468+0900][5.000s][info][gc,phases,start] GC(224) Post Compact
[2026-03-22T19:49:04.469+0900][5.001s][info][gc,phases      ] GC(224) Post Compact 1.377ms
[2026-03-22T19:49:04.470+0900][5.001s][info][gc,heap        ] GC(224) PSYoungGen: 163057K(163840K)->0K(163840K) Eden: 152561K(153088K)->0K(153088K) From: 10496K(10752K)->0K(10752K)
[2026-03-22T19:49:04.470+0900][5.001s][info][gc,heap        ] GC(224) ParOldGen: 291999K(349696K)->103430K(349696K)
[2026-03-22T19:49:04.470+0900][5.001s][info][gc,metaspace   ] GC(224) Metaspace: 338K(512K)->338K(512K) NonClass: 320K(384K)->320K(384K) Class: 17K(128K)->17K(128K)
[2026-03-22T19:49:04.470+0900][5.001s][info][gc             ] GC(224) Pause Full (Ergonomics) 444M->101M(501M) 8.406ms
[2026-03-22T19:49:04.470+0900][5.001s][info][gc,cpu         ] GC(224) User=0.02s Sys=0.00s Real=0.01s
[2026-03-22T19:49:04.485+0900][5.017s][info][gc,start       ] GC(225) Pause Young (Allocation Failure)
[2026-03-22T19:49:04.490+0900][5.022s][info][gc,heap        ] GC(225) PSYoungGen: 152561K(163840K)->10496K(163840K) Eden: 152561K(153088K)->0K(153088K) From: 0K(10752K)->10496K(10752K)
[2026-03-22T19:49:04.490+0900][5.022s][info][gc,heap        ] GC(225) ParOldGen: 103430K(349696K)->197639K(349696K)
[2026-03-22T19:49:04.490+0900][5.022s][info][gc,metaspace   ] GC(225) Metaspace: 338K(512K)->338K(512K) NonClass: 320K(384K)->320K(384K) Class: 17K(128K)->17K(128K)
[2026-03-22T19:49:04.490+0900][5.022s][info][gc             ] GC(225) Pause Young (Allocation Failure) 249M->203M(501M) 5.104ms
[2026-03-22T19:49:04.490+0900][5.022s][info][gc,cpu         ] GC(225) User=0.00s Sys=0.00s Real=0.01s
[2026-03-22T19:49:04.506+0900][5.038s][info][gc,start       ] GC(226) Pause Young (Allocation Failure)
[2026-03-22T19:49:04.512+0900][5.044s][info][gc,heap        ] GC(226) PSYoungGen: 163057K(163840K)->10496K(163840K) Eden: 152561K(153088K)->0K(153088K) From: 10496K(10752K)->10496K(10752K)
[2026-03-22T19:49:04.512+0900][5.044s][info][gc,heap        ] GC(226) ParOldGen: 197639K(349696K)->291999K(349696K)
[2026-03-22T19:49:04.512+0900][5.044s][info][gc,metaspace   ] GC(226) Metaspace: 338K(512K)->338K(512K) NonClass: 320K(384K)->320K(384K) Class: 17K(128K)->17K(128K)
[2026-03-22T19:49:04.512+0900][5.044s][info][gc             ] GC(226) Pause Young (Allocation Failure) 352M->295M(501M) 5.715ms
[2026-03-22T19:49:04.512+0900][5.044s][info][gc,cpu         ] GC(226) User=0.06s Sys=0.00s Real=0.01s
[2026-03-22T19:49:04.528+0900][5.060s][info][gc,start       ] GC(227) Pause Full (Ergonomics)
[2026-03-22T19:49:04.528+0900][5.060s][info][gc,phases,start] GC(227) Marking Phase
[2026-03-22T19:49:04.530+0900][5.061s][info][gc,phases      ] GC(227) Marking Phase 1.322ms
[2026-03-22T19:49:04.530+0900][5.061s][info][gc,phases,start] GC(227) Summary Phase
[2026-03-22T19:49:04.530+0900][5.061s][info][gc,phases      ] GC(227) Summary Phase 0.016ms
[2026-03-22T19:49:04.530+0900][5.061s][info][gc,phases,start] GC(227) Adjust Roots
[2026-03-22T19:49:04.530+0900][5.061s][info][gc,phases      ] GC(227) Adjust Roots 0.187ms
[2026-03-22T19:49:04.530+0900][5.061s][info][gc,phases,start] GC(227) Compaction Phase
[2026-03-22T19:49:04.536+0900][5.067s][info][gc,phases      ] GC(227) Compaction Phase 5.521ms
[2026-03-22T19:49:04.536+0900][5.067s][info][gc,phases,start] GC(227) Post Compact
[2026-03-22T19:49:04.537+0900][5.068s][info][gc,phases      ] GC(227) Post Compact 1.394ms
[2026-03-22T19:49:04.537+0900][5.068s][info][gc,heap        ] GC(227) PSYoungGen: 163057K(163840K)->0K(163840K) Eden: 152561K(153088K)->0K(153088K) From: 10496K(10752K)->0K(10752K)
[2026-03-22T19:49:04.537+0900][5.068s][info][gc,heap        ] GC(227) ParOldGen: 291999K(349696K)->103430K(349696K)
[2026-03-22T19:49:04.537+0900][5.068s][info][gc,metaspace   ] GC(227) Metaspace: 338K(512K)->338K(512K) NonClass: 320K(384K)->320K(384K) Class: 17K(128K)->17K(128K)
[2026-03-22T19:49:04.537+0900][5.068s][info][gc             ] GC(227) Pause Full (Ergonomics) 444M->101M(501M) 8.696ms
[2026-03-22T19:49:04.537+0900][5.068s][info][gc,cpu         ] GC(227) User=0.00s Sys=0.00s Real=0.01s
[2026-03-22T19:49:04.551+0900][5.083s][info][gc,start       ] GC(228) Pause Young (Allocation Failure)
[2026-03-22T19:49:04.556+0900][5.088s][info][gc,heap        ] GC(228) PSYoungGen: 152561K(163840K)->10496K(163840K) Eden: 152561K(153088K)->0K(153088K) From: 0K(10752K)->10496K(10752K)
[2026-03-22T19:49:04.556+0900][5.088s][info][gc,heap        ] GC(228) ParOldGen: 103430K(349696K)->197639K(349696K)
[2026-03-22T19:49:04.556+0900][5.088s][info][gc,metaspace   ] GC(228) Metaspace: 338K(512K)->338K(512K) NonClass: 320K(384K)->320K(384K) Class: 17K(128K)->17K(128K)
[2026-03-22T19:49:04.556+0900][5.088s][info][gc             ] GC(228) Pause Young (Allocation Failure) 249M->203M(501M) 4.760ms
[2026-03-22T19:49:04.556+0900][5.088s][info][gc,cpu         ] GC(228) User=0.06s Sys=0.00s Real=0.00s
[2026-03-22T19:49:04.572+0900][5.103s][info][gc,start       ] GC(229) Pause Young (Allocation Failure)
[2026-03-22T19:49:04.577+0900][5.108s][info][gc,heap        ] GC(229) PSYoungGen: 163057K(163840K)->10496K(163840K) Eden: 152561K(153088K)->0K(153088K) From: 10496K(10752K)->10496K(10752K)
[2026-03-22T19:49:04.577+0900][5.108s][info][gc,heap        ] GC(229) ParOldGen: 197639K(349696K)->291999K(349696K)
[2026-03-22T19:49:04.577+0900][5.108s][info][gc,metaspace   ] GC(229) Metaspace: 338K(512K)->338K(512K) NonClass: 320K(384K)->320K(384K) Class: 17K(128K)->17K(128K)
[2026-03-22T19:49:04.577+0900][5.108s][info][gc             ] GC(229) Pause Young (Allocation Failure) 352M->295M(501M) 4.595ms
[2026-03-22T19:49:04.577+0900][5.108s][info][gc,cpu         ] GC(229) User=0.00s Sys=0.00s Real=0.00s
[2026-03-22T19:49:04.592+0900][5.123s][info][gc,start       ] GC(230) Pause Full (Ergonomics)
[2026-03-22T19:49:04.592+0900][5.123s][info][gc,phases,start] GC(230) Marking Phase
[2026-03-22T19:49:04.593+0900][5.124s][info][gc,phases      ] GC(230) Marking Phase 1.096ms
[2026-03-22T19:49:04.593+0900][5.124s][info][gc,phases,start] GC(230) Summary Phase
[2026-03-22T19:49:04.593+0900][5.124s][info][gc,phases      ] GC(230) Summary Phase 0.015ms
[2026-03-22T19:49:04.593+0900][5.124s][info][gc,phases,start] GC(230) Adjust Roots
[2026-03-22T19:49:04.593+0900][5.124s][info][gc,phases      ] GC(230) Adjust Roots 0.224ms
[2026-03-22T19:49:04.593+0900][5.124s][info][gc,phases,start] GC(230) Compaction Phase
[2026-03-22T19:49:04.599+0900][5.130s][info][gc,phases      ] GC(230) Compaction Phase 5.671ms
[2026-03-22T19:49:04.599+0900][5.130s][info][gc,phases,start] GC(230) Post Compact
[2026-03-22T19:49:04.600+0900][5.132s][info][gc,phases      ] GC(230) Post Compact 1.440ms
[2026-03-22T19:49:04.601+0900][5.132s][info][gc,heap        ] GC(230) PSYoungGen: 163057K(163840K)->0K(163840K) Eden: 152561K(153088K)->0K(153088K) From: 10496K(10752K)->0K(10752K)
[2026-03-22T19:49:04.601+0900][5.132s][info][gc,heap        ] GC(230) ParOldGen: 291999K(349696K)->103430K(349696K)
[2026-03-22T19:49:04.601+0900][5.132s][info][gc,metaspace   ] GC(230) Metaspace: 338K(512K)->338K(512K) NonClass: 320K(384K)->320K(384K) Class: 17K(128K)->17K(128K)
[2026-03-22T19:49:04.601+0900][5.132s][info][gc             ] GC(230) Pause Full (Ergonomics) 444M->101M(501M) 8.761ms
[2026-03-22T19:49:04.601+0900][5.132s][info][gc,cpu         ] GC(230) User=0.00s Sys=0.00s Real=0.01s
[2026-03-22T19:49:04.615+0900][5.147s][info][gc,start       ] GC(231) Pause Young (Allocation Failure)
[2026-03-22T19:49:04.620+0900][5.152s][info][gc,heap        ] GC(231) PSYoungGen: 152561K(163840K)->10496K(163840K) Eden: 152561K(153088K)->0K(153088K) From: 0K(10752K)->10496K(10752K)
[2026-03-22T19:49:04.620+0900][5.152s][info][gc,heap        ] GC(231) ParOldGen: 103430K(349696K)->197639K(349696K)
[2026-03-22T19:49:04.620+0900][5.152s][info][gc,metaspace   ] GC(231) Metaspace: 338K(512K)->338K(512K) NonClass: 320K(384K)->320K(384K) Class: 17K(128K)->17K(128K)
[2026-03-22T19:49:04.620+0900][5.152s][info][gc             ] GC(231) Pause Young (Allocation Failure) 249M->203M(501M) 4.897ms
[2026-03-22T19:49:04.620+0900][5.152s][info][gc,cpu         ] GC(231) User=0.06s Sys=0.00s Real=0.00s
[2026-03-22T19:49:04.637+0900][5.168s][info][gc,start       ] GC(232) Pause Young (Allocation Failure)
[2026-03-22T19:49:04.641+0900][5.173s][info][gc,heap        ] GC(232) PSYoungGen: 163057K(163840K)->10496K(163840K) Eden: 152561K(153088K)->0K(153088K) From: 10496K(10752K)->10496K(10752K)
[2026-03-22T19:49:04.641+0900][5.173s][info][gc,heap        ] GC(232) ParOldGen: 197639K(349696K)->291999K(349696K)
[2026-03-22T19:49:04.641+0900][5.173s][info][gc,metaspace   ] GC(232) Metaspace: 338K(512K)->338K(512K) NonClass: 320K(384K)->320K(384K) Class: 17K(128K)->17K(128K)
[2026-03-22T19:49:04.641+0900][5.173s][info][gc             ] GC(232) Pause Young (Allocation Failure) 352M->295M(501M) 5.117ms
[2026-03-22T19:49:04.641+0900][5.173s][info][gc,cpu         ] GC(232) User=0.00s Sys=0.00s Real=0.00s
[2026-03-22T19:49:04.657+0900][5.188s][info][gc,start       ] GC(233) Pause Full (Ergonomics)
[2026-03-22T19:49:04.657+0900][5.188s][info][gc,phases,start] GC(233) Marking Phase
[2026-03-22T19:49:04.658+0900][5.190s][info][gc,phases      ] GC(233) Marking Phase 1.180ms
[2026-03-22T19:49:04.658+0900][5.190s][info][gc,phases,start] GC(233) Summary Phase
[2026-03-22T19:49:04.658+0900][5.190s][info][gc,phases      ] GC(233) Summary Phase 0.015ms
[2026-03-22T19:49:04.658+0900][5.190s][info][gc,phases,start] GC(233) Adjust Roots
[2026-03-22T19:49:04.659+0900][5.190s][info][gc,phases      ] GC(233) Adjust Roots 0.194ms
[2026-03-22T19:49:04.659+0900][5.190s][info][gc,phases,start] GC(233) Compaction Phase
[2026-03-22T19:49:04.664+0900][5.196s][info][gc,phases      ] GC(233) Compaction Phase 5.654ms
[2026-03-22T19:49:04.664+0900][5.196s][info][gc,phases,start] GC(233) Post Compact
[2026-03-22T19:49:04.666+0900][5.197s][info][gc,phases      ] GC(233) Post Compact 1.385ms
[2026-03-22T19:49:04.666+0900][5.197s][info][gc,heap        ] GC(233) PSYoungGen: 163057K(163840K)->0K(163840K) Eden: 152561K(153088K)->0K(153088K) From: 10496K(10752K)->0K(10752K)
[2026-03-22T19:49:04.666+0900][5.197s][info][gc,heap        ] GC(233) ParOldGen: 291999K(349696K)->103430K(349696K)
[2026-03-22T19:49:04.666+0900][5.197s][info][gc,metaspace   ] GC(233) Metaspace: 338K(512K)->338K(512K) NonClass: 320K(384K)->320K(384K) Class: 17K(128K)->17K(128K)
[2026-03-22T19:49:04.666+0900][5.197s][info][gc             ] GC(233) Pause Full (Ergonomics) 444M->101M(501M) 8.684ms
[2026-03-22T19:49:04.666+0900][5.197s][info][gc,cpu         ] GC(233) User=0.00s Sys=0.00s Real=0.01s
[2026-03-22T19:49:04.680+0900][5.212s][info][gc,start       ] GC(234) Pause Young (Allocation Failure)
[2026-03-22T19:49:04.685+0900][5.216s][info][gc,heap        ] GC(234) PSYoungGen: 152561K(163840K)->10496K(163840K) Eden: 152561K(153088K)->0K(153088K) From: 0K(10752K)->10496K(10752K)
[2026-03-22T19:49:04.685+0900][5.216s][info][gc,heap        ] GC(234) ParOldGen: 103430K(349696K)->197639K(349696K)
[2026-03-22T19:49:04.685+0900][5.216s][info][gc,metaspace   ] GC(234) Metaspace: 338K(512K)->338K(512K) NonClass: 320K(384K)->320K(384K) Class: 17K(128K)->17K(128K)
[2026-03-22T19:49:04.685+0900][5.216s][info][gc             ] GC(234) Pause Young (Allocation Failure) 249M->203M(501M) 4.658ms
[2026-03-22T19:49:04.685+0900][5.216s][info][gc,cpu         ] GC(234) User=0.06s Sys=0.00s Real=0.00s
[2026-03-22T19:49:04.701+0900][5.232s][info][gc,start       ] GC(235) Pause Young (Allocation Failure)
[2026-03-22T19:49:04.705+0900][5.236s][info][gc,heap        ] GC(235) PSYoungGen: 163057K(163840K)->10496K(163840K) Eden: 152561K(153088K)->0K(153088K) From: 10496K(10752K)->10496K(10752K)
[2026-03-22T19:49:04.705+0900][5.237s][info][gc,heap        ] GC(235) ParOldGen: 197639K(349696K)->291999K(349696K)
[2026-03-22T19:49:04.705+0900][5.237s][info][gc,metaspace   ] GC(235) Metaspace: 338K(512K)->338K(512K) NonClass: 320K(384K)->320K(384K) Class: 17K(128K)->17K(128K)
[2026-03-22T19:49:04.705+0900][5.237s][info][gc             ] GC(235) Pause Young (Allocation Failure) 352M->295M(501M) 4.884ms
[2026-03-22T19:49:04.705+0900][5.237s][info][gc,cpu         ] GC(235) User=0.00s Sys=0.00s Real=0.00s
[2026-03-22T19:49:04.720+0900][5.252s][info][gc,start       ] GC(236) Pause Full (Ergonomics)
[2026-03-22T19:49:04.720+0900][5.252s][info][gc,phases,start] GC(236) Marking Phase
[2026-03-22T19:49:04.721+0900][5.253s][info][gc,phases      ] GC(236) Marking Phase 0.967ms
[2026-03-22T19:49:04.721+0900][5.253s][info][gc,phases,start] GC(236) Summary Phase
[2026-03-22T19:49:04.721+0900][5.253s][info][gc,phases      ] GC(236) Summary Phase 0.015ms
[2026-03-22T19:49:04.722+0900][5.253s][info][gc,phases,start] GC(236) Adjust Roots
[2026-03-22T19:49:04.722+0900][5.253s][info][gc,phases      ] GC(236) Adjust Roots 0.299ms
[2026-03-22T19:49:04.722+0900][5.253s][info][gc,phases,start] GC(236) Compaction Phase
[2026-03-22T19:49:04.727+0900][5.259s][info][gc,phases      ] GC(236) Compaction Phase 5.466ms
[2026-03-22T19:49:04.727+0900][5.259s][info][gc,phases,start] GC(236) Post Compact
[2026-03-22T19:49:04.728+0900][5.260s][info][gc,phases      ] GC(236) Post Compact 1.412ms
[2026-03-22T19:49:04.728+0900][5.260s][info][gc,heap        ] GC(236) PSYoungGen: 163057K(163840K)->0K(163840K) Eden: 152561K(153088K)->0K(153088K) From: 10496K(10752K)->0K(10752K)
[2026-03-22T19:49:04.728+0900][5.260s][info][gc,heap        ] GC(236) ParOldGen: 291999K(349696K)->103430K(349696K)
[2026-03-22T19:49:04.728+0900][5.260s][info][gc,metaspace   ] GC(236) Metaspace: 338K(512K)->338K(512K) NonClass: 320K(384K)->320K(384K) Class: 17K(128K)->17K(128K)
[2026-03-22T19:49:04.728+0900][5.260s][info][gc             ] GC(236) Pause Full (Ergonomics) 444M->101M(501M) 8.442ms
[2026-03-22T19:49:04.728+0900][5.260s][info][gc,cpu         ] GC(236) User=0.02s Sys=0.00s Real=0.01s
[2026-03-22T19:49:04.744+0900][5.276s][info][gc,start       ] GC(237) Pause Young (Allocation Failure)
[2026-03-22T19:49:04.749+0900][5.281s][info][gc,heap        ] GC(237) PSYoungGen: 152561K(163840K)->10496K(163840K) Eden: 152561K(153088K)->0K(153088K) From: 0K(10752K)->10496K(10752K)
[2026-03-22T19:49:04.749+0900][5.281s][info][gc,heap        ] GC(237) ParOldGen: 103430K(349696K)->197639K(349696K)
[2026-03-22T19:49:04.749+0900][5.281s][info][gc,metaspace   ] GC(237) Metaspace: 338K(512K)->338K(512K) NonClass: 320K(384K)->320K(384K) Class: 17K(128K)->17K(128K)
[2026-03-22T19:49:04.749+0900][5.281s][info][gc             ] GC(237) Pause Young (Allocation Failure) 249M->203M(501M) 4.948ms
[2026-03-22T19:49:04.749+0900][5.281s][info][gc,cpu         ] GC(237) User=0.00s Sys=0.00s Real=0.01s
[2026-03-22T19:49:04.764+0900][5.295s][info][gc,start       ] GC(238) Pause Young (Allocation Failure)
[2026-03-22T19:49:04.769+0900][5.301s][info][gc,heap        ] GC(238) PSYoungGen: 163057K(163840K)->10496K(163840K) Eden: 152561K(153088K)->0K(153088K) From: 10496K(10752K)->10496K(10752K)
[2026-03-22T19:49:04.769+0900][5.301s][info][gc,heap        ] GC(238) ParOldGen: 197639K(349696K)->291999K(349696K)
[2026-03-22T19:49:04.769+0900][5.301s][info][gc,metaspace   ] GC(238) Metaspace: 338K(512K)->338K(512K) NonClass: 320K(384K)->320K(384K) Class: 17K(128K)->17K(128K)
[2026-03-22T19:49:04.769+0900][5.301s][info][gc             ] GC(238) Pause Young (Allocation Failure) 352M->295M(501M) 5.199ms
[2026-03-22T19:49:04.769+0900][5.301s][info][gc,cpu         ] GC(238) User=0.00s Sys=0.00s Real=0.01s
[2026-03-22T19:49:04.784+0900][5.315s][info][gc,start       ] GC(239) Pause Full (Ergonomics)
[2026-03-22T19:49:04.784+0900][5.316s][info][gc,phases,start] GC(239) Marking Phase
[2026-03-22T19:49:04.785+0900][5.317s][info][gc,phases      ] GC(239) Marking Phase 1.066ms
[2026-03-22T19:49:04.785+0900][5.317s][info][gc,phases,start] GC(239) Summary Phase
[2026-03-22T19:49:04.785+0900][5.317s][info][gc,phases      ] GC(239) Summary Phase 0.020ms
[2026-03-22T19:49:04.785+0900][5.317s][info][gc,phases,start] GC(239) Adjust Roots
[2026-03-22T19:49:04.786+0900][5.317s][info][gc,phases      ] GC(239) Adjust Roots 0.183ms
[2026-03-22T19:49:04.786+0900][5.317s][info][gc,phases,start] GC(239) Compaction Phase
[2026-03-22T19:49:04.791+0900][5.322s][info][gc,phases      ] GC(239) Compaction Phase 5.290ms
[2026-03-22T19:49:04.791+0900][5.322s][info][gc,phases,start] GC(239) Post Compact
[2026-03-22T19:49:04.792+0900][5.324s][info][gc,phases      ] GC(239) Post Compact 1.386ms
[2026-03-22T19:49:04.792+0900][5.324s][info][gc,heap        ] GC(239) PSYoungGen: 163057K(163840K)->0K(163840K) Eden: 152561K(153088K)->0K(153088K) From: 10496K(10752K)->0K(10752K)
[2026-03-22T19:49:04.792+0900][5.324s][info][gc,heap        ] GC(239) ParOldGen: 291999K(349696K)->103430K(349696K)
[2026-03-22T19:49:04.792+0900][5.324s][info][gc,metaspace   ] GC(239) Metaspace: 338K(512K)->338K(512K) NonClass: 320K(384K)->320K(384K) Class: 17K(128K)->17K(128K)
[2026-03-22T19:49:04.792+0900][5.324s][info][gc             ] GC(239) Pause Full (Ergonomics) 444M->101M(501M) 8.308ms
[2026-03-22T19:49:04.792+0900][5.324s][info][gc,cpu         ] GC(239) User=0.06s Sys=0.00s Real=0.01s
[2026-03-22T19:49:04.808+0900][5.339s][info][gc,start       ] GC(240) Pause Young (Allocation Failure)
[2026-03-22T19:49:04.813+0900][5.344s][info][gc,heap        ] GC(240) PSYoungGen: 152561K(163840K)->10496K(163840K) Eden: 152561K(153088K)->0K(153088K) From: 0K(10752K)->10496K(10752K)
[2026-03-22T19:49:04.813+0900][5.344s][info][gc,heap        ] GC(240) ParOldGen: 103430K(349696K)->197639K(349696K)
[2026-03-22T19:49:04.813+0900][5.344s][info][gc,metaspace   ] GC(240) Metaspace: 338K(512K)->338K(512K) NonClass: 320K(384K)->320K(384K) Class: 17K(128K)->17K(128K)
[2026-03-22T19:49:04.813+0900][5.344s][info][gc             ] GC(240) Pause Young (Allocation Failure) 249M->203M(501M) 5.012ms
[2026-03-22T19:49:04.813+0900][5.344s][info][gc,cpu         ] GC(240) User=0.00s Sys=0.00s Real=0.00s
[2026-03-22T19:49:04.827+0900][5.359s][info][gc,start       ] GC(241) Pause Young (Allocation Failure)
[2026-03-22T19:49:04.833+0900][5.364s][info][gc,heap        ] GC(241) PSYoungGen: 163057K(163840K)->10496K(163840K) Eden: 152561K(153088K)->0K(153088K) From: 10496K(10752K)->10496K(10752K)
[2026-03-22T19:49:04.833+0900][5.364s][info][gc,heap        ] GC(241) ParOldGen: 197639K(349696K)->291999K(349696K)
[2026-03-22T19:49:04.833+0900][5.364s][info][gc,metaspace   ] GC(241) Metaspace: 338K(512K)->338K(512K) NonClass: 320K(384K)->320K(384K) Class: 17K(128K)->17K(128K)
[2026-03-22T19:49:04.833+0900][5.364s][info][gc             ] GC(241) Pause Young (Allocation Failure) 352M->295M(501M) 4.773ms
[2026-03-22T19:49:04.833+0900][5.364s][info][gc,cpu         ] GC(241) User=0.00s Sys=0.00s Real=0.01s
[2026-03-22T19:49:04.848+0900][5.379s][info][gc,start       ] GC(242) Pause Full (Ergonomics)
[2026-03-22T19:49:04.848+0900][5.379s][info][gc,phases,start] GC(242) Marking Phase
[2026-03-22T19:49:04.849+0900][5.380s][info][gc,phases      ] GC(242) Marking Phase 1.081ms
[2026-03-22T19:49:04.849+0900][5.380s][info][gc,phases,start] GC(242) Summary Phase
[2026-03-22T19:49:04.849+0900][5.380s][info][gc,phases      ] GC(242) Summary Phase 0.015ms
[2026-03-22T19:49:04.849+0900][5.380s][info][gc,phases,start] GC(242) Adjust Roots
[2026-03-22T19:49:04.849+0900][5.380s][info][gc,phases      ] GC(242) Adjust Roots 0.163ms
[2026-03-22T19:49:04.849+0900][5.380s][info][gc,phases,start] GC(242) Compaction Phase
[2026-03-22T19:49:04.854+0900][5.386s][info][gc,phases      ] GC(242) Compaction Phase 5.551ms
[2026-03-22T19:49:04.855+0900][5.386s][info][gc,phases,start] GC(242) Post Compact
[2026-03-22T19:49:04.856+0900][5.388s][info][gc,phases      ] GC(242) Post Compact 1.659ms
[2026-03-22T19:49:04.856+0900][5.388s][info][gc,heap        ] GC(242) PSYoungGen: 163057K(163840K)->0K(163840K) Eden: 152561K(153088K)->0K(153088K) From: 10496K(10752K)->0K(10752K)
[2026-03-22T19:49:04.856+0900][5.388s][info][gc,heap        ] GC(242) ParOldGen: 291999K(349696K)->103430K(349696K)
[2026-03-22T19:49:04.856+0900][5.388s][info][gc,metaspace   ] GC(242) Metaspace: 338K(512K)->338K(512K) NonClass: 320K(384K)->320K(384K) Class: 17K(128K)->17K(128K)
[2026-03-22T19:49:04.856+0900][5.388s][info][gc             ] GC(242) Pause Full (Ergonomics) 444M->101M(501M) 8.742ms
[2026-03-22T19:49:04.856+0900][5.388s][info][gc,cpu         ] GC(242) User=0.05s Sys=0.00s Real=0.01s
[2026-03-22T19:49:04.872+0900][5.404s][info][gc,start       ] GC(243) Pause Young (Allocation Failure)
[2026-03-22T19:49:04.877+0900][5.408s][info][gc,heap        ] GC(243) PSYoungGen: 152561K(163840K)->10496K(163840K) Eden: 152561K(153088K)->0K(153088K) From: 0K(10752K)->10496K(10752K)
[2026-03-22T19:49:04.877+0900][5.409s][info][gc,heap        ] GC(243) ParOldGen: 103430K(349696K)->197639K(349696K)
[2026-03-22T19:49:04.877+0900][5.409s][info][gc,metaspace   ] GC(243) Metaspace: 338K(512K)->338K(512K) NonClass: 320K(384K)->320K(384K) Class: 17K(128K)->17K(128K)
[2026-03-22T19:49:04.877+0900][5.409s][info][gc             ] GC(243) Pause Young (Allocation Failure) 249M->203M(501M) 4.694ms
[2026-03-22T19:49:04.877+0900][5.409s][info][gc,cpu         ] GC(243) User=0.00s Sys=0.00s Real=0.01s
[2026-03-22T19:49:04.891+0900][5.423s][info][gc,start       ] GC(244) Pause Young (Allocation Failure)
[2026-03-22T19:49:04.896+0900][5.428s][info][gc,heap        ] GC(244) PSYoungGen: 163057K(163840K)->10496K(163840K) Eden: 152561K(153088K)->0K(153088K) From: 10496K(10752K)->10496K(10752K)
[2026-03-22T19:49:04.896+0900][5.428s][info][gc,heap        ] GC(244) ParOldGen: 197639K(349696K)->291999K(349696K)
[2026-03-22T19:49:04.896+0900][5.428s][info][gc,metaspace   ] GC(244) Metaspace: 338K(512K)->338K(512K) NonClass: 320K(384K)->320K(384K) Class: 17K(128K)->17K(128K)
[2026-03-22T19:49:04.896+0900][5.428s][info][gc             ] GC(244) Pause Young (Allocation Failure) 352M->295M(501M) 4.605ms
[2026-03-22T19:49:04.896+0900][5.428s][info][gc,cpu         ] GC(244) User=0.00s Sys=0.00s Real=0.00s
[2026-03-22T19:49:04.911+0900][5.443s][info][gc,start       ] GC(245) Pause Full (Ergonomics)
[2026-03-22T19:49:04.911+0900][5.443s][info][gc,phases,start] GC(245) Marking Phase
[2026-03-22T19:49:04.912+0900][5.444s][info][gc,phases      ] GC(245) Marking Phase 1.078ms
[2026-03-22T19:49:04.912+0900][5.444s][info][gc,phases,start] GC(245) Summary Phase
[2026-03-22T19:49:04.912+0900][5.444s][info][gc,phases      ] GC(245) Summary Phase 0.016ms
[2026-03-22T19:49:04.912+0900][5.444s][info][gc,phases,start] GC(245) Adjust Roots
[2026-03-22T19:49:04.912+0900][5.444s][info][gc,phases      ] GC(245) Adjust Roots 0.249ms
[2026-03-22T19:49:04.912+0900][5.444s][info][gc,phases,start] GC(245) Compaction Phase
[2026-03-22T19:49:04.918+0900][5.450s][info][gc,phases      ] GC(245) Compaction Phase 5.774ms
[2026-03-22T19:49:04.918+0900][5.450s][info][gc,phases,start] GC(245) Post Compact
[2026-03-22T19:49:04.920+0900][5.452s][info][gc,phases      ] GC(245) Post Compact 1.548ms
[2026-03-22T19:49:04.920+0900][5.452s][info][gc,heap        ] GC(245) PSYoungGen: 163057K(163840K)->0K(163840K) Eden: 152561K(153088K)->0K(153088K) From: 10496K(10752K)->0K(10752K)
[2026-03-22T19:49:04.920+0900][5.452s][info][gc,heap        ] GC(245) ParOldGen: 291999K(349696K)->103430K(349696K)
[2026-03-22T19:49:04.920+0900][5.452s][info][gc,metaspace   ] GC(245) Metaspace: 338K(512K)->338K(512K) NonClass: 320K(384K)->320K(384K) Class: 17K(128K)->17K(128K)
[2026-03-22T19:49:04.920+0900][5.452s][info][gc             ] GC(245) Pause Full (Ergonomics) 444M->101M(501M) 8.941ms
[2026-03-22T19:49:04.920+0900][5.452s][info][gc,cpu         ] GC(245) User=0.06s Sys=0.00s Real=0.01s
[2026-03-22T19:49:04.935+0900][5.467s][info][gc,start       ] GC(246) Pause Young (Allocation Failure)
[2026-03-22T19:49:04.940+0900][5.472s][info][gc,heap        ] GC(246) PSYoungGen: 152561K(163840K)->10496K(163840K) Eden: 152561K(153088K)->0K(153088K) From: 0K(10752K)->10496K(10752K)
[2026-03-22T19:49:04.940+0900][5.472s][info][gc,heap        ] GC(246) ParOldGen: 103430K(349696K)->197639K(349696K)
[2026-03-22T19:49:04.940+0900][5.472s][info][gc,metaspace   ] GC(246) Metaspace: 338K(512K)->338K(512K) NonClass: 320K(384K)->320K(384K) Class: 17K(128K)->17K(128K)
[2026-03-22T19:49:04.940+0900][5.472s][info][gc             ] GC(246) Pause Young (Allocation Failure) 249M->203M(501M) 5.006ms
[2026-03-22T19:49:04.940+0900][5.472s][info][gc,cpu         ] GC(246) User=0.00s Sys=0.00s Real=0.01s
[2026-03-22T19:49:04.955+0900][5.486s][info][gc,start       ] GC(247) Pause Young (Allocation Failure)
[2026-03-22T19:49:04.959+0900][5.491s][info][gc,heap        ] GC(247) PSYoungGen: 163057K(163840K)->10496K(163840K) Eden: 152561K(153088K)->0K(153088K) From: 10496K(10752K)->10496K(10752K)
[2026-03-22T19:49:04.959+0900][5.491s][info][gc,heap        ] GC(247) ParOldGen: 197639K(349696K)->291999K(349696K)
[2026-03-22T19:49:04.959+0900][5.491s][info][gc,metaspace   ] GC(247) Metaspace: 338K(512K)->338K(512K) NonClass: 320K(384K)->320K(384K) Class: 17K(128K)->17K(128K)
[2026-03-22T19:49:04.959+0900][5.491s][info][gc             ] GC(247) Pause Young (Allocation Failure) 352M->295M(501M) 4.854ms
[2026-03-22T19:49:04.959+0900][5.491s][info][gc,cpu         ] GC(247) User=0.00s Sys=0.00s Real=0.00s
[2026-03-22T19:49:04.974+0900][5.506s][info][gc,start       ] GC(248) Pause Full (Ergonomics)
[2026-03-22T19:49:04.974+0900][5.506s][info][gc,phases,start] GC(248) Marking Phase
[2026-03-22T19:49:04.975+0900][5.507s][info][gc,phases      ] GC(248) Marking Phase 1.069ms
[2026-03-22T19:49:04.975+0900][5.507s][info][gc,phases,start] GC(248) Summary Phase
[2026-03-22T19:49:04.975+0900][5.507s][info][gc,phases      ] GC(248) Summary Phase 0.022ms
[2026-03-22T19:49:04.975+0900][5.507s][info][gc,phases,start] GC(248) Adjust Roots
[2026-03-22T19:49:04.976+0900][5.507s][info][gc,phases      ] GC(248) Adjust Roots 0.259ms
[2026-03-22T19:49:04.976+0900][5.507s][info][gc,phases,start] GC(248) Compaction Phase
[2026-03-22T19:49:04.982+0900][5.514s][info][gc,phases      ] GC(248) Compaction Phase 6.134ms
[2026-03-22T19:49:04.982+0900][5.514s][info][gc,phases,start] GC(248) Post Compact
[2026-03-22T19:49:04.983+0900][5.515s][info][gc,phases      ] GC(248) Post Compact 1.598ms
[2026-03-22T19:49:04.983+0900][5.515s][info][gc,heap        ] GC(248) PSYoungGen: 163057K(163840K)->0K(163840K) Eden: 152561K(153088K)->0K(153088K) From: 10496K(10752K)->0K(10752K)
[2026-03-22T19:49:04.983+0900][5.515s][info][gc,heap        ] GC(248) ParOldGen: 291999K(349696K)->103430K(349696K)
[2026-03-22T19:49:04.983+0900][5.515s][info][gc,metaspace   ] GC(248) Metaspace: 338K(512K)->338K(512K) NonClass: 320K(384K)->320K(384K) Class: 17K(128K)->17K(128K)
[2026-03-22T19:49:04.983+0900][5.515s][info][gc             ] GC(248) Pause Full (Ergonomics) 444M->101M(501M) 9.391ms
[2026-03-22T19:49:04.983+0900][5.515s][info][gc,cpu         ] GC(248) User=0.06s Sys=0.00s Real=0.01s
[2026-03-22T19:49:04.998+0900][5.530s][info][gc,start       ] GC(249) Pause Young (Allocation Failure)
[2026-03-22T19:49:05.003+0900][5.535s][info][gc,heap        ] GC(249) PSYoungGen: 152561K(163840K)->10496K(163840K) Eden: 152561K(153088K)->0K(153088K) From: 0K(10752K)->10496K(10752K)
[2026-03-22T19:49:05.003+0900][5.535s][info][gc,heap        ] GC(249) ParOldGen: 103430K(349696K)->197639K(349696K)
[2026-03-22T19:49:05.003+0900][5.535s][info][gc,metaspace   ] GC(249) Metaspace: 338K(512K)->338K(512K) NonClass: 320K(384K)->320K(384K) Class: 17K(128K)->17K(128K)
[2026-03-22T19:49:05.003+0900][5.535s][info][gc             ] GC(249) Pause Young (Allocation Failure) 249M->203M(501M) 4.843ms
[2026-03-22T19:49:05.003+0900][5.535s][info][gc,cpu         ] GC(249) User=0.00s Sys=0.00s Real=0.01s
[2026-03-22T19:49:05.021+0900][5.552s][info][gc,start       ] GC(250) Pause Young (Allocation Failure)
[2026-03-22T19:49:05.027+0900][5.558s][info][gc,heap        ] GC(250) PSYoungGen: 163057K(163840K)->10496K(163840K) Eden: 152561K(153088K)->0K(153088K) From: 10496K(10752K)->10496K(10752K)
[2026-03-22T19:49:05.027+0900][5.558s][info][gc,heap        ] GC(250) ParOldGen: 197639K(349696K)->291999K(349696K)
[2026-03-22T19:49:05.027+0900][5.558s][info][gc,metaspace   ] GC(250) Metaspace: 338K(512K)->338K(512K) NonClass: 320K(384K)->320K(384K) Class: 17K(128K)->17K(128K)
[2026-03-22T19:49:05.027+0900][5.558s][info][gc             ] GC(250) Pause Young (Allocation Failure) 352M->295M(501M) 5.676ms
[2026-03-22T19:49:05.027+0900][5.558s][info][gc,cpu         ] GC(250) User=0.06s Sys=0.00s Real=0.01s
[2026-03-22T19:49:05.042+0900][5.573s][info][gc,start       ] GC(251) Pause Full (Ergonomics)
[2026-03-22T19:49:05.042+0900][5.573s][info][gc,phases,start] GC(251) Marking Phase
[2026-03-22T19:49:05.044+0900][5.575s][info][gc,phases      ] GC(251) Marking Phase 1.699ms
[2026-03-22T19:49:05.044+0900][5.575s][info][gc,phases,start] GC(251) Summary Phase
[2026-03-22T19:49:05.044+0900][5.575s][info][gc,phases      ] GC(251) Summary Phase 0.015ms
[2026-03-22T19:49:05.044+0900][5.575s][info][gc,phases,start] GC(251) Adjust Roots
[2026-03-22T19:49:05.044+0900][5.576s][info][gc,phases      ] GC(251) Adjust Roots 0.496ms
[2026-03-22T19:49:05.044+0900][5.576s][info][gc,phases,start] GC(251) Compaction Phase
[2026-03-22T19:49:05.051+0900][5.582s][info][gc,phases      ] GC(251) Compaction Phase 6.202ms
[2026-03-22T19:49:05.051+0900][5.582s][info][gc,phases,start] GC(251) Post Compact
[2026-03-22T19:49:05.052+0900][5.583s][info][gc,phases      ] GC(251) Post Compact 1.377ms
[2026-03-22T19:49:05.052+0900][5.583s][info][gc,heap        ] GC(251) PSYoungGen: 163057K(163840K)->0K(163840K) Eden: 152561K(153088K)->0K(153088K) From: 10496K(10752K)->0K(10752K)
[2026-03-22T19:49:05.052+0900][5.583s][info][gc,heap        ] GC(251) ParOldGen: 291999K(349696K)->103430K(349696K)
[2026-03-22T19:49:05.052+0900][5.583s][info][gc,metaspace   ] GC(251) Metaspace: 338K(512K)->338K(512K) NonClass: 320K(384K)->320K(384K) Class: 17K(128K)->17K(128K)
[2026-03-22T19:49:05.052+0900][5.583s][info][gc             ] GC(251) Pause Full (Ergonomics) 444M->101M(501M) 10.069ms
[2026-03-22T19:49:05.052+0900][5.583s][info][gc,cpu         ] GC(251) User=0.00s Sys=0.00s Real=0.01s
[2026-03-22T19:49:05.066+0900][5.598s][info][gc,start       ] GC(252) Pause Young (Allocation Failure)
[2026-03-22T19:49:05.071+0900][5.603s][info][gc,heap        ] GC(252) PSYoungGen: 152561K(163840K)->10496K(163840K) Eden: 152561K(153088K)->0K(153088K) From: 0K(10752K)->10496K(10752K)
[2026-03-22T19:49:05.071+0900][5.603s][info][gc,heap        ] GC(252) ParOldGen: 103430K(349696K)->197639K(349696K)
[2026-03-22T19:49:05.071+0900][5.603s][info][gc,metaspace   ] GC(252) Metaspace: 338K(512K)->338K(512K) NonClass: 320K(384K)->320K(384K) Class: 17K(128K)->17K(128K)
[2026-03-22T19:49:05.071+0900][5.603s][info][gc             ] GC(252) Pause Young (Allocation Failure) 249M->203M(501M) 4.842ms
[2026-03-22T19:49:05.071+0900][5.603s][info][gc,cpu         ] GC(252) User=0.00s Sys=0.00s Real=0.01s
[2026-03-22T19:49:05.087+0900][5.618s][info][gc,start       ] GC(253) Pause Young (Allocation Failure)
[2026-03-22T19:49:05.091+0900][5.623s][info][gc,heap        ] GC(253) PSYoungGen: 163057K(163840K)->10496K(163840K) Eden: 152561K(153088K)->0K(153088K) From: 10496K(10752K)->10496K(10752K)
[2026-03-22T19:49:05.092+0900][5.623s][info][gc,heap        ] GC(253) ParOldGen: 197639K(349696K)->291999K(349696K)
[2026-03-22T19:49:05.092+0900][5.623s][info][gc,metaspace   ] GC(253) Metaspace: 338K(512K)->338K(512K) NonClass: 320K(384K)->320K(384K) Class: 17K(128K)->17K(128K)
[2026-03-22T19:49:05.092+0900][5.623s][info][gc             ] GC(253) Pause Young (Allocation Failure) 352M->295M(501M) 5.014ms
[2026-03-22T19:49:05.092+0900][5.623s][info][gc,cpu         ] GC(253) User=0.06s Sys=0.00s Real=0.01s
[2026-03-22T19:49:05.107+0900][5.639s][info][gc,start       ] GC(254) Pause Full (Ergonomics)
[2026-03-22T19:49:05.107+0900][5.639s][info][gc,phases,start] GC(254) Marking Phase
[2026-03-22T19:49:05.108+0900][5.640s][info][gc,phases      ] GC(254) Marking Phase 1.254ms
[2026-03-22T19:49:05.108+0900][5.640s][info][gc,phases,start] GC(254) Summary Phase
[2026-03-22T19:49:05.108+0900][5.640s][info][gc,phases      ] GC(254) Summary Phase 0.016ms
[2026-03-22T19:49:05.108+0900][5.640s][info][gc,phases,start] GC(254) Adjust Roots
[2026-03-22T19:49:05.108+0900][5.640s][info][gc,phases      ] GC(254) Adjust Roots 0.189ms
[2026-03-22T19:49:05.108+0900][5.640s][info][gc,phases,start] GC(254) Compaction Phase
[2026-03-22T19:49:05.114+0900][5.646s][info][gc,phases      ] GC(254) Compaction Phase 5.634ms
[2026-03-22T19:49:05.114+0900][5.646s][info][gc,phases,start] GC(254) Post Compact
[2026-03-22T19:49:05.116+0900][5.648s][info][gc,phases      ] GC(254) Post Compact 1.631ms
[2026-03-22T19:49:05.116+0900][5.648s][info][gc,heap        ] GC(254) PSYoungGen: 163057K(163840K)->0K(163840K) Eden: 152561K(153088K)->0K(153088K) From: 10496K(10752K)->0K(10752K)
[2026-03-22T19:49:05.116+0900][5.648s][info][gc,heap        ] GC(254) ParOldGen: 291999K(349696K)->103430K(349696K)
[2026-03-22T19:49:05.116+0900][5.648s][info][gc,metaspace   ] GC(254) Metaspace: 338K(512K)->338K(512K) NonClass: 320K(384K)->320K(384K) Class: 17K(128K)->17K(128K)
[2026-03-22T19:49:05.117+0900][5.648s][info][gc             ] GC(254) Pause Full (Ergonomics) 444M->101M(501M) 9.020ms
[2026-03-22T19:49:05.117+0900][5.648s][info][gc,cpu         ] GC(254) User=0.00s Sys=0.00s Real=0.01s
[2026-03-22T19:49:05.132+0900][5.663s][info][gc,start       ] GC(255) Pause Young (Allocation Failure)
[2026-03-22T19:49:05.137+0900][5.668s][info][gc,heap        ] GC(255) PSYoungGen: 152561K(163840K)->10496K(163840K) Eden: 152561K(153088K)->0K(153088K) From: 0K(10752K)->10496K(10752K)
[2026-03-22T19:49:05.137+0900][5.668s][info][gc,heap        ] GC(255) ParOldGen: 103430K(349696K)->197639K(349696K)
[2026-03-22T19:49:05.137+0900][5.668s][info][gc,metaspace   ] GC(255) Metaspace: 338K(512K)->338K(512K) NonClass: 320K(384K)->320K(384K) Class: 17K(128K)->17K(128K)
[2026-03-22T19:49:05.137+0900][5.668s][info][gc             ] GC(255) Pause Young (Allocation Failure) 249M->203M(501M) 4.916ms
[2026-03-22T19:49:05.137+0900][5.668s][info][gc,cpu         ] GC(255) User=0.06s Sys=0.00s Real=0.01s
[2026-03-22T19:49:05.152+0900][5.683s][info][gc,start       ] GC(256) Pause Young (Allocation Failure)
[2026-03-22T19:49:05.157+0900][5.688s][info][gc,heap        ] GC(256) PSYoungGen: 163057K(163840K)->10496K(163840K) Eden: 152561K(153088K)->0K(153088K) From: 10496K(10752K)->10496K(10752K)
[2026-03-22T19:49:05.157+0900][5.688s][info][gc,heap        ] GC(256) ParOldGen: 197639K(349696K)->291999K(349696K)
[2026-03-22T19:49:05.157+0900][5.688s][info][gc,metaspace   ] GC(256) Metaspace: 338K(512K)->338K(512K) NonClass: 320K(384K)->320K(384K) Class: 17K(128K)->17K(128K)
[2026-03-22T19:49:05.157+0900][5.688s][info][gc             ] GC(256) Pause Young (Allocation Failure) 352M->295M(501M) 5.162ms
[2026-03-22T19:49:05.157+0900][5.688s][info][gc,cpu         ] GC(256) User=0.00s Sys=0.00s Real=0.01s
[2026-03-22T19:49:05.171+0900][5.703s][info][gc,start       ] GC(257) Pause Full (Ergonomics)
[2026-03-22T19:49:05.171+0900][5.703s][info][gc,phases,start] GC(257) Marking Phase
[2026-03-22T19:49:05.172+0900][5.704s][info][gc,phases      ] GC(257) Marking Phase 1.142ms
[2026-03-22T19:49:05.172+0900][5.704s][info][gc,phases,start] GC(257) Summary Phase
[2026-03-22T19:49:05.172+0900][5.704s][info][gc,phases      ] GC(257) Summary Phase 0.016ms
[2026-03-22T19:49:05.172+0900][5.704s][info][gc,phases,start] GC(257) Adjust Roots
[2026-03-22T19:49:05.173+0900][5.705s][info][gc,phases      ] GC(257) Adjust Roots 0.288ms
[2026-03-22T19:49:05.173+0900][5.705s][info][gc,phases,start] GC(257) Compaction Phase
[2026-03-22T19:49:05.178+0900][5.710s][info][gc,phases      ] GC(257) Compaction Phase 5.303ms
[2026-03-22T19:49:05.178+0900][5.710s][info][gc,phases,start] GC(257) Post Compact
[2026-03-22T19:49:05.180+0900][5.711s][info][gc,phases      ] GC(257) Post Compact 1.401ms
[2026-03-22T19:49:05.180+0900][5.712s][info][gc,heap        ] GC(257) PSYoungGen: 163057K(163840K)->0K(163840K) Eden: 152561K(153088K)->0K(153088K) From: 10496K(10752K)->0K(10752K)
[2026-03-22T19:49:05.180+0900][5.712s][info][gc,heap        ] GC(257) ParOldGen: 291999K(349696K)->103430K(349696K)
[2026-03-22T19:49:05.180+0900][5.712s][info][gc,metaspace   ] GC(257) Metaspace: 338K(512K)->338K(512K) NonClass: 320K(384K)->320K(384K) Class: 17K(128K)->17K(128K)
[2026-03-22T19:49:05.180+0900][5.712s][info][gc             ] GC(257) Pause Full (Ergonomics) 444M->101M(501M) 8.586ms
[2026-03-22T19:49:05.180+0900][5.712s][info][gc,cpu         ] GC(257) User=0.00s Sys=0.00s Real=0.01s
[2026-03-22T19:49:05.195+0900][5.727s][info][gc,start       ] GC(258) Pause Young (Allocation Failure)
[2026-03-22T19:49:05.200+0900][5.732s][info][gc,heap        ] GC(258) PSYoungGen: 152561K(163840K)->10496K(163840K) Eden: 152561K(153088K)->0K(153088K) From: 0K(10752K)->10496K(10752K)
[2026-03-22T19:49:05.200+0900][5.732s][info][gc,heap        ] GC(258) ParOldGen: 103430K(349696K)->197639K(349696K)
[2026-03-22T19:49:05.200+0900][5.732s][info][gc,metaspace   ] GC(258) Metaspace: 338K(512K)->338K(512K) NonClass: 320K(384K)->320K(384K) Class: 17K(128K)->17K(128K)
[2026-03-22T19:49:05.200+0900][5.732s][info][gc             ] GC(258) Pause Young (Allocation Failure) 249M->203M(501M) 4.849ms
[2026-03-22T19:49:05.200+0900][5.732s][info][gc,cpu         ] GC(258) User=0.06s Sys=0.00s Real=0.01s
[2026-03-22T19:49:05.215+0900][5.747s][info][gc,start       ] GC(259) Pause Young (Allocation Failure)
[2026-03-22T19:49:05.220+0900][5.752s][info][gc,heap        ] GC(259) PSYoungGen: 163057K(163840K)->10496K(163840K) Eden: 152561K(153088K)->0K(153088K) From: 10496K(10752K)->10496K(10752K)
[2026-03-22T19:49:05.220+0900][5.752s][info][gc,heap        ] GC(259) ParOldGen: 197639K(349696K)->291999K(349696K)
[2026-03-22T19:49:05.220+0900][5.752s][info][gc,metaspace   ] GC(259) Metaspace: 338K(512K)->338K(512K) NonClass: 320K(384K)->320K(384K) Class: 17K(128K)->17K(128K)
[2026-03-22T19:49:05.220+0900][5.752s][info][gc             ] GC(259) Pause Young (Allocation Failure) 352M->295M(501M) 4.787ms
[2026-03-22T19:49:05.220+0900][5.752s][info][gc,cpu         ] GC(259) User=0.00s Sys=0.00s Real=0.01s
[2026-03-22T19:49:05.235+0900][5.766s][info][gc,start       ] GC(260) Pause Full (Ergonomics)
[2026-03-22T19:49:05.235+0900][5.766s][info][gc,phases,start] GC(260) Marking Phase
[2026-03-22T19:49:05.236+0900][5.768s][info][gc,phases      ] GC(260) Marking Phase 1.175ms
[2026-03-22T19:49:05.236+0900][5.768s][info][gc,phases,start] GC(260) Summary Phase
[2026-03-22T19:49:05.236+0900][5.768s][info][gc,phases      ] GC(260) Summary Phase 0.015ms
[2026-03-22T19:49:05.236+0900][5.768s][info][gc,phases,start] GC(260) Adjust Roots
[2026-03-22T19:49:05.237+0900][5.768s][info][gc,phases      ] GC(260) Adjust Roots 0.208ms
[2026-03-22T19:49:05.237+0900][5.768s][info][gc,phases,start] GC(260) Compaction Phase
[2026-03-22T19:49:05.242+0900][5.773s][info][gc,phases      ] GC(260) Compaction Phase 5.480ms
[2026-03-22T19:49:05.242+0900][5.773s][info][gc,phases,start] GC(260) Post Compact
[2026-03-22T19:49:05.243+0900][5.775s][info][gc,phases      ] GC(260) Post Compact 1.403ms
[2026-03-22T19:49:05.244+0900][5.775s][info][gc,heap        ] GC(260) PSYoungGen: 163057K(163840K)->0K(163840K) Eden: 152561K(153088K)->0K(153088K) From: 10496K(10752K)->0K(10752K)
[2026-03-22T19:49:05.244+0900][5.775s][info][gc,heap        ] GC(260) ParOldGen: 291999K(349696K)->103195K(349696K)
[2026-03-22T19:49:05.244+0900][5.775s][info][gc,metaspace   ] GC(260) Metaspace: 338K(512K)->338K(512K) NonClass: 320K(384K)->320K(384K) Class: 17K(128K)->17K(128K)
[2026-03-22T19:49:05.244+0900][5.775s][info][gc             ] GC(260) Pause Full (Ergonomics) 444M->100M(501M) 8.496ms
[2026-03-22T19:49:05.244+0900][5.775s][info][gc,cpu         ] GC(260) User=0.00s Sys=0.00s Real=0.01s
[2026-03-22T19:49:05.258+0900][5.790s][info][gc,start       ] GC(261) Pause Young (Allocation Failure)
[2026-03-22T19:49:05.263+0900][5.794s][info][gc,heap        ] GC(261) PSYoungGen: 152561K(163840K)->10496K(163840K) Eden: 152561K(153088K)->0K(153088K) From: 0K(10752K)->10496K(10752K)
[2026-03-22T19:49:05.263+0900][5.794s][info][gc,heap        ] GC(261) ParOldGen: 103195K(349696K)->197403K(349696K)
[2026-03-22T19:49:05.263+0900][5.794s][info][gc,metaspace   ] GC(261) Metaspace: 338K(512K)->338K(512K) NonClass: 320K(384K)->320K(384K) Class: 17K(128K)->17K(128K)
[2026-03-22T19:49:05.263+0900][5.794s][info][gc             ] GC(261) Pause Young (Allocation Failure) 249M->203M(501M) 4.666ms
[2026-03-22T19:49:05.263+0900][5.794s][info][gc,cpu         ] GC(261) User=0.06s Sys=0.00s Real=0.01s
[2026-03-22T19:49:05.277+0900][5.809s][info][gc,start       ] GC(262) Pause Young (Allocation Failure)
[2026-03-22T19:49:05.283+0900][5.815s][info][gc,heap        ] GC(262) PSYoungGen: 163057K(163840K)->10496K(163840K) Eden: 152561K(153088K)->0K(153088K) From: 10496K(10752K)->10496K(10752K)
[2026-03-22T19:49:05.283+0900][5.815s][info][gc,heap        ] GC(262) ParOldGen: 197403K(349696K)->291764K(349696K)
[2026-03-22T19:49:05.284+0900][5.815s][info][gc,metaspace   ] GC(262) Metaspace: 338K(512K)->338K(512K) NonClass: 320K(384K)->320K(384K) Class: 17K(128K)->17K(128K)
[2026-03-22T19:49:05.284+0900][5.815s][info][gc             ] GC(262) Pause Young (Allocation Failure) 352M->295M(501M) 5.834ms
[2026-03-22T19:49:05.284+0900][5.815s][info][gc,cpu         ] GC(262) User=0.00s Sys=0.00s Real=0.01s
[2026-03-22T19:49:05.298+0900][5.829s][info][gc,start       ] GC(263) Pause Full (Ergonomics)
[2026-03-22T19:49:05.298+0900][5.829s][info][gc,phases,start] GC(263) Marking Phase
[2026-03-22T19:49:05.299+0900][5.830s][info][gc,phases      ] GC(263) Marking Phase 0.949ms
[2026-03-22T19:49:05.299+0900][5.830s][info][gc,phases,start] GC(263) Summary Phase
[2026-03-22T19:49:05.299+0900][5.830s][info][gc,phases      ] GC(263) Summary Phase 0.015ms
[2026-03-22T19:49:05.299+0900][5.830s][info][gc,phases,start] GC(263) Adjust Roots
[2026-03-22T19:49:05.299+0900][5.831s][info][gc,phases      ] GC(263) Adjust Roots 0.161ms
[2026-03-22T19:49:05.299+0900][5.831s][info][gc,phases,start] GC(263) Compaction Phase
[2026-03-22T19:49:05.305+0900][5.836s][info][gc,phases      ] GC(263) Compaction Phase 5.474ms
[2026-03-22T19:49:05.305+0900][5.836s][info][gc,phases,start] GC(263) Post Compact
[2026-03-22T19:49:05.306+0900][5.838s][info][gc,phases      ] GC(263) Post Compact 1.371ms
[2026-03-22T19:49:05.306+0900][5.838s][info][gc,heap        ] GC(263) PSYoungGen: 163057K(163840K)->0K(163840K) Eden: 152561K(153088K)->0K(153088K) From: 10496K(10752K)->0K(10752K)
[2026-03-22T19:49:05.306+0900][5.838s][info][gc,heap        ] GC(263) ParOldGen: 291764K(349696K)->103430K(349696K)
[2026-03-22T19:49:05.306+0900][5.838s][info][gc,metaspace   ] GC(263) Metaspace: 338K(512K)->338K(512K) NonClass: 320K(384K)->320K(384K) Class: 17K(128K)->17K(128K)
[2026-03-22T19:49:05.306+0900][5.838s][info][gc             ] GC(263) Pause Full (Ergonomics) 444M->101M(501M) 8.206ms
[2026-03-22T19:49:05.306+0900][5.838s][info][gc,cpu         ] GC(263) User=0.00s Sys=0.00s Real=0.01s
[2026-03-22T19:49:05.322+0900][5.853s][info][gc,start       ] GC(264) Pause Young (Allocation Failure)
[2026-03-22T19:49:05.327+0900][5.859s][info][gc,heap        ] GC(264) PSYoungGen: 152561K(163840K)->10496K(163840K) Eden: 152561K(153088K)->0K(153088K) From: 0K(10752K)->10496K(10752K)
[2026-03-22T19:49:05.327+0900][5.859s][info][gc,heap        ] GC(264) ParOldGen: 103430K(349696K)->197639K(349696K)
[2026-03-22T19:49:05.327+0900][5.859s][info][gc,metaspace   ] GC(264) Metaspace: 338K(512K)->338K(512K) NonClass: 320K(384K)->320K(384K) Class: 17K(128K)->17K(128K)
[2026-03-22T19:49:05.327+0900][5.859s][info][gc             ] GC(264) Pause Young (Allocation Failure) 249M->203M(501M) 5.249ms
[2026-03-22T19:49:05.327+0900][5.859s][info][gc,cpu         ] GC(264) User=0.00s Sys=0.00s Real=0.00s
[2026-03-22T19:49:05.344+0900][5.876s][info][gc,start       ] GC(265) Pause Young (Allocation Failure)
[2026-03-22T19:49:05.349+0900][5.880s][info][gc,heap        ] GC(265) PSYoungGen: 163057K(163840K)->10496K(163840K) Eden: 152561K(153088K)->0K(153088K) From: 10496K(10752K)->10496K(10752K)
[2026-03-22T19:49:05.349+0900][5.880s][info][gc,heap        ] GC(265) ParOldGen: 197639K(349696K)->291999K(349696K)
[2026-03-22T19:49:05.349+0900][5.880s][info][gc,metaspace   ] GC(265) Metaspace: 338K(512K)->338K(512K) NonClass: 320K(384K)->320K(384K) Class: 17K(128K)->17K(128K)
[2026-03-22T19:49:05.349+0900][5.880s][info][gc             ] GC(265) Pause Young (Allocation Failure) 352M->295M(501M) 4.831ms
[2026-03-22T19:49:05.349+0900][5.881s][info][gc,cpu         ] GC(265) User=0.00s Sys=0.00s Real=0.00s
[2026-03-22T19:49:05.364+0900][5.895s][info][gc,start       ] GC(266) Pause Full (Ergonomics)
[2026-03-22T19:49:05.364+0900][5.895s][info][gc,phases,start] GC(266) Marking Phase
[2026-03-22T19:49:05.365+0900][5.896s][info][gc,phases      ] GC(266) Marking Phase 1.095ms
[2026-03-22T19:49:05.365+0900][5.896s][info][gc,phases,start] GC(266) Summary Phase
[2026-03-22T19:49:05.365+0900][5.896s][info][gc,phases      ] GC(266) Summary Phase 0.015ms
[2026-03-22T19:49:05.365+0900][5.896s][info][gc,phases,start] GC(266) Adjust Roots
[2026-03-22T19:49:05.365+0900][5.896s][info][gc,phases      ] GC(266) Adjust Roots 0.160ms
[2026-03-22T19:49:05.365+0900][5.896s][info][gc,phases,start] GC(266) Compaction Phase
[2026-03-22T19:49:05.370+0900][5.902s][info][gc,phases      ] GC(266) Compaction Phase 5.365ms
[2026-03-22T19:49:05.370+0900][5.902s][info][gc,phases,start] GC(266) Post Compact
[2026-03-22T19:49:05.371+0900][5.903s][info][gc,phases      ] GC(266) Post Compact 1.551ms
[2026-03-22T19:49:05.371+0900][5.903s][info][gc,heap        ] GC(266) PSYoungGen: 163057K(163840K)->0K(163840K) Eden: 152561K(153088K)->0K(153088K) From: 10496K(10752K)->0K(10752K)
[2026-03-22T19:49:05.371+0900][5.903s][info][gc,heap        ] GC(266) ParOldGen: 291999K(349696K)->103430K(349696K)
[2026-03-22T19:49:05.371+0900][5.903s][info][gc,metaspace   ] GC(266) Metaspace: 338K(512K)->338K(512K) NonClass: 320K(384K)->320K(384K) Class: 17K(128K)->17K(128K)
[2026-03-22T19:49:05.371+0900][5.903s][info][gc             ] GC(266) Pause Full (Ergonomics) 444M->101M(501M) 8.407ms
[2026-03-22T19:49:05.371+0900][5.903s][info][gc,cpu         ] GC(266) User=0.06s Sys=0.00s Real=0.01s
[2026-03-22T19:49:05.386+0900][5.918s][info][gc,start       ] GC(267) Pause Young (Allocation Failure)
[2026-03-22T19:49:05.392+0900][5.923s][info][gc,heap        ] GC(267) PSYoungGen: 152561K(163840K)->10496K(163840K) Eden: 152561K(153088K)->0K(153088K) From: 0K(10752K)->10496K(10752K)
[2026-03-22T19:49:05.392+0900][5.923s][info][gc,heap        ] GC(267) ParOldGen: 103430K(349696K)->197639K(349696K)
[2026-03-22T19:49:05.392+0900][5.923s][info][gc,metaspace   ] GC(267) Metaspace: 338K(512K)->338K(512K) NonClass: 320K(384K)->320K(384K) Class: 17K(128K)->17K(128K)
[2026-03-22T19:49:05.392+0900][5.923s][info][gc             ] GC(267) Pause Young (Allocation Failure) 249M->203M(501M) 4.689ms
[2026-03-22T19:49:05.392+0900][5.923s][info][gc,cpu         ] GC(267) User=0.00s Sys=0.00s Real=0.01s
[2026-03-22T19:49:05.406+0900][5.938s][info][gc,start       ] GC(268) Pause Young (Allocation Failure)
[2026-03-22T19:49:05.411+0900][5.943s][info][gc,heap        ] GC(268) PSYoungGen: 163057K(163840K)->10496K(163840K) Eden: 152561K(153088K)->0K(153088K) From: 10496K(10752K)->10496K(10752K)
[2026-03-22T19:49:05.411+0900][5.943s][info][gc,heap        ] GC(268) ParOldGen: 197639K(349696K)->291999K(349696K)
[2026-03-22T19:49:05.411+0900][5.943s][info][gc,metaspace   ] GC(268) Metaspace: 338K(512K)->338K(512K) NonClass: 320K(384K)->320K(384K) Class: 17K(128K)->17K(128K)
[2026-03-22T19:49:05.411+0900][5.943s][info][gc             ] GC(268) Pause Young (Allocation Failure) 352M->295M(501M) 4.601ms
[2026-03-22T19:49:05.411+0900][5.943s][info][gc,cpu         ] GC(268) User=0.00s Sys=0.00s Real=0.01s
[2026-03-22T19:49:05.427+0900][5.959s][info][gc,start       ] GC(269) Pause Full (Ergonomics)
[2026-03-22T19:49:05.427+0900][5.959s][info][gc,phases,start] GC(269) Marking Phase
[2026-03-22T19:49:05.428+0900][5.960s][info][gc,phases      ] GC(269) Marking Phase 1.230ms
[2026-03-22T19:49:05.428+0900][5.960s][info][gc,phases,start] GC(269) Summary Phase
[2026-03-22T19:49:05.428+0900][5.960s][info][gc,phases      ] GC(269) Summary Phase 0.026ms
[2026-03-22T19:49:05.428+0900][5.960s][info][gc,phases,start] GC(269) Adjust Roots
[2026-03-22T19:49:05.428+0900][5.960s][info][gc,phases      ] GC(269) Adjust Roots 0.365ms
[2026-03-22T19:49:05.428+0900][5.960s][info][gc,phases,start] GC(269) Compaction Phase
[2026-03-22T19:49:05.435+0900][5.967s][info][gc,phases      ] GC(269) Compaction Phase 6.312ms
[2026-03-22T19:49:05.435+0900][5.967s][info][gc,phases,start] GC(269) Post Compact
[2026-03-22T19:49:05.437+0900][5.968s][info][gc,phases      ] GC(269) Post Compact 1.494ms
[2026-03-22T19:49:05.437+0900][5.968s][info][gc,heap        ] GC(269) PSYoungGen: 163057K(163840K)->0K(163840K) Eden: 152561K(153088K)->0K(153088K) From: 10496K(10752K)->0K(10752K)
[2026-03-22T19:49:05.437+0900][5.968s][info][gc,heap        ] GC(269) ParOldGen: 291999K(349696K)->103430K(349696K)
[2026-03-22T19:49:05.437+0900][5.968s][info][gc,metaspace   ] GC(269) Metaspace: 338K(512K)->338K(512K) NonClass: 320K(384K)->320K(384K) Class: 17K(128K)->17K(128K)
[2026-03-22T19:49:05.437+0900][5.968s][info][gc             ] GC(269) Pause Full (Ergonomics) 444M->101M(501M) 9.796ms
[2026-03-22T19:49:05.437+0900][5.968s][info][gc,cpu         ] GC(269) User=0.06s Sys=0.00s Real=0.01s
[2026-03-22T19:49:05.453+0900][5.984s][info][gc,start       ] GC(270) Pause Young (Allocation Failure)
[2026-03-22T19:49:05.458+0900][5.989s][info][gc,heap        ] GC(270) PSYoungGen: 152561K(163840K)->10496K(163840K) Eden: 152561K(153088K)->0K(153088K) From: 0K(10752K)->10496K(10752K)
[2026-03-22T19:49:05.458+0900][5.989s][info][gc,heap        ] GC(270) ParOldGen: 103430K(349696K)->197639K(349696K)
[2026-03-22T19:49:05.458+0900][5.990s][info][gc,metaspace   ] GC(270) Metaspace: 338K(512K)->338K(512K) NonClass: 320K(384K)->320K(384K) Class: 17K(128K)->17K(128K)
[2026-03-22T19:49:05.458+0900][5.990s][info][gc             ] GC(270) Pause Young (Allocation Failure) 249M->203M(501M) 5.249ms
[2026-03-22T19:49:05.458+0900][5.990s][info][gc,cpu         ] GC(270) User=0.00s Sys=0.00s Real=0.01s
[2026-03-22T19:49:05.473+0900][6.004s][info][gc,start       ] GC(271) Pause Young (Allocation Failure)
[2026-03-22T19:49:05.477+0900][6.009s][info][gc,heap        ] GC(271) PSYoungGen: 163057K(163840K)->10496K(163840K) Eden: 152561K(153088K)->0K(153088K) From: 10496K(10752K)->10496K(10752K)
[2026-03-22T19:49:05.477+0900][6.009s][info][gc,heap        ] GC(271) ParOldGen: 197639K(349696K)->291999K(349696K)
[2026-03-22T19:49:05.477+0900][6.009s][info][gc,metaspace   ] GC(271) Metaspace: 338K(512K)->338K(512K) NonClass: 320K(384K)->320K(384K) Class: 17K(128K)->17K(128K)
[2026-03-22T19:49:05.477+0900][6.009s][info][gc             ] GC(271) Pause Young (Allocation Failure) 352M->295M(501M) 4.591ms
[2026-03-22T19:49:05.477+0900][6.009s][info][gc,cpu         ] GC(271) User=0.00s Sys=0.00s Real=0.00s
[2026-03-22T19:49:05.492+0900][6.024s][info][gc,start       ] GC(272) Pause Full (Ergonomics)
[2026-03-22T19:49:05.492+0900][6.024s][info][gc,phases,start] GC(272) Marking Phase
[2026-03-22T19:49:05.493+0900][6.025s][info][gc,phases      ] GC(272) Marking Phase 1.267ms
[2026-03-22T19:49:05.493+0900][6.025s][info][gc,phases,start] GC(272) Summary Phase
[2026-03-22T19:49:05.493+0900][6.025s][info][gc,phases      ] GC(272) Summary Phase 0.031ms
[2026-03-22T19:49:05.493+0900][6.025s][info][gc,phases,start] GC(272) Adjust Roots
[2026-03-22T19:49:05.494+0900][6.025s][info][gc,phases      ] GC(272) Adjust Roots 0.240ms
[2026-03-22T19:49:05.494+0900][6.025s][info][gc,phases,start] GC(272) Compaction Phase
[2026-03-22T19:49:05.500+0900][6.031s][info][gc,phases      ] GC(272) Compaction Phase 5.855ms
[2026-03-22T19:49:05.500+0900][6.031s][info][gc,phases,start] GC(272) Post Compact
[2026-03-22T19:49:05.501+0900][6.033s][info][gc,phases      ] GC(272) Post Compact 1.442ms
[2026-03-22T19:49:05.501+0900][6.033s][info][gc,heap        ] GC(272) PSYoungGen: 163057K(163840K)->0K(163840K) Eden: 152561K(153088K)->0K(153088K) From: 10496K(10752K)->0K(10752K)
[2026-03-22T19:49:05.501+0900][6.033s][info][gc,heap        ] GC(272) ParOldGen: 291999K(349696K)->103430K(349696K)
[2026-03-22T19:49:05.501+0900][6.033s][info][gc,metaspace   ] GC(272) Metaspace: 338K(512K)->338K(512K) NonClass: 320K(384K)->320K(384K) Class: 17K(128K)->17K(128K)
[2026-03-22T19:49:05.501+0900][6.033s][info][gc             ] GC(272) Pause Full (Ergonomics) 444M->101M(501M) 9.161ms
[2026-03-22T19:49:05.501+0900][6.033s][info][gc,cpu         ] GC(272) User=0.00s Sys=0.02s Real=0.01s
[2026-03-22T19:49:05.516+0900][6.048s][info][gc,start       ] GC(273) Pause Young (Allocation Failure)
[2026-03-22T19:49:05.521+0900][6.053s][info][gc,heap        ] GC(273) PSYoungGen: 152561K(163840K)->10496K(163840K) Eden: 152561K(153088K)->0K(153088K) From: 0K(10752K)->10496K(10752K)
[2026-03-22T19:49:05.521+0900][6.053s][info][gc,heap        ] GC(273) ParOldGen: 103430K(349696K)->197639K(349696K)
[2026-03-22T19:49:05.521+0900][6.053s][info][gc,metaspace   ] GC(273) Metaspace: 338K(512K)->338K(512K) NonClass: 320K(384K)->320K(384K) Class: 17K(128K)->17K(128K)
[2026-03-22T19:49:05.521+0900][6.053s][info][gc             ] GC(273) Pause Young (Allocation Failure) 249M->203M(501M) 4.726ms
[2026-03-22T19:49:05.521+0900][6.053s][info][gc,cpu         ] GC(273) User=0.00s Sys=0.00s Real=0.00s
[2026-03-22T19:49:05.537+0900][6.068s][info][gc,start       ] GC(274) Pause Young (Allocation Failure)
[2026-03-22T19:49:05.542+0900][6.073s][info][gc,heap        ] GC(274) PSYoungGen: 163057K(163840K)->10496K(163840K) Eden: 152561K(153088K)->0K(153088K) From: 10496K(10752K)->10496K(10752K)
[2026-03-22T19:49:05.542+0900][6.073s][info][gc,heap        ] GC(274) ParOldGen: 197639K(349696K)->291999K(349696K)
[2026-03-22T19:49:05.542+0900][6.073s][info][gc,metaspace   ] GC(274) Metaspace: 338K(512K)->338K(512K) NonClass: 320K(384K)->320K(384K) Class: 17K(128K)->17K(128K)
[2026-03-22T19:49:05.542+0900][6.073s][info][gc             ] GC(274) Pause Young (Allocation Failure) 352M->295M(501M) 4.781ms
[2026-03-22T19:49:05.542+0900][6.073s][info][gc,cpu         ] GC(274) User=0.03s Sys=0.02s Real=0.01s
[2026-03-22T19:49:05.557+0900][6.088s][info][gc,start       ] GC(275) Pause Full (Ergonomics)
[2026-03-22T19:49:05.557+0900][6.088s][info][gc,phases,start] GC(275) Marking Phase
[2026-03-22T19:49:05.557+0900][6.089s][info][gc,phases      ] GC(275) Marking Phase 0.873ms
[2026-03-22T19:49:05.557+0900][6.089s][info][gc,phases,start] GC(275) Summary Phase
[2026-03-22T19:49:05.557+0900][6.089s][info][gc,phases      ] GC(275) Summary Phase 0.015ms
[2026-03-22T19:49:05.557+0900][6.089s][info][gc,phases,start] GC(275) Adjust Roots
[2026-03-22T19:49:05.558+0900][6.089s][info][gc,phases      ] GC(275) Adjust Roots 0.160ms
[2026-03-22T19:49:05.558+0900][6.089s][info][gc,phases,start] GC(275) Compaction Phase
[2026-03-22T19:49:05.564+0900][6.096s][info][gc,phases      ] GC(275) Compaction Phase 6.991ms
[2026-03-22T19:49:05.564+0900][6.096s][info][gc,phases,start] GC(275) Post Compact
[2026-03-22T19:49:05.566+0900][6.098s][info][gc,phases      ] GC(275) Post Compact 1.620ms
[2026-03-22T19:49:05.566+0900][6.098s][info][gc,heap        ] GC(275) PSYoungGen: 163057K(163840K)->0K(163840K) Eden: 152561K(153088K)->0K(153088K) From: 10496K(10752K)->0K(10752K)
[2026-03-22T19:49:05.566+0900][6.098s][info][gc,heap        ] GC(275) ParOldGen: 291999K(349696K)->103430K(349696K)
[2026-03-22T19:49:05.566+0900][6.098s][info][gc,metaspace   ] GC(275) Metaspace: 338K(512K)->338K(512K) NonClass: 320K(384K)->320K(384K) Class: 17K(128K)->17K(128K)
[2026-03-22T19:49:05.566+0900][6.098s][info][gc             ] GC(275) Pause Full (Ergonomics) 444M->101M(501M) 9.976ms
[2026-03-22T19:49:05.566+0900][6.098s][info][gc,cpu         ] GC(275) User=0.00s Sys=0.00s Real=0.01s
[2026-03-22T19:49:05.582+0900][6.115s][info][gc,start       ] GC(276) Pause Young (Allocation Failure)
[2026-03-22T19:49:05.588+0900][6.119s][info][gc,heap        ] GC(276) PSYoungGen: 152561K(163840K)->10496K(163840K) Eden: 152561K(153088K)->0K(153088K) From: 0K(10752K)->10496K(10752K)
[2026-03-22T19:49:05.588+0900][6.119s][info][gc,heap        ] GC(276) ParOldGen: 103430K(349696K)->197639K(349696K)
[2026-03-22T19:49:05.588+0900][6.119s][info][gc,metaspace   ] GC(276) Metaspace: 338K(512K)->338K(512K) NonClass: 320K(384K)->320K(384K) Class: 17K(128K)->17K(128K)
[2026-03-22T19:49:05.588+0900][6.119s][info][gc             ] GC(276) Pause Young (Allocation Failure) 249M->203M(501M) 4.777ms
[2026-03-22T19:49:05.588+0900][6.119s][info][gc,cpu         ] GC(276) User=0.03s Sys=0.00s Real=0.01s
[2026-03-22T19:49:05.605+0900][6.137s][info][gc,start       ] GC(277) Pause Young (Allocation Failure)
[2026-03-22T19:49:05.610+0900][6.142s][info][gc,heap        ] GC(277) PSYoungGen: 163057K(163840K)->10496K(163840K) Eden: 152561K(153088K)->0K(153088K) From: 10496K(10752K)->10496K(10752K)
[2026-03-22T19:49:05.610+0900][6.142s][info][gc,heap        ] GC(277) ParOldGen: 197639K(349696K)->291999K(349696K)
[2026-03-22T19:49:05.610+0900][6.142s][info][gc,metaspace   ] GC(277) Metaspace: 338K(512K)->338K(512K) NonClass: 320K(384K)->320K(384K) Class: 17K(128K)->17K(128K)
[2026-03-22T19:49:05.610+0900][6.142s][info][gc             ] GC(277) Pause Young (Allocation Failure) 352M->295M(501M) 5.094ms
[2026-03-22T19:49:05.610+0900][6.142s][info][gc,cpu         ] GC(277) User=0.00s Sys=0.00s Real=0.00s
[2026-03-22T19:49:05.625+0900][6.157s][info][gc,start       ] GC(278) Pause Full (Ergonomics)
[2026-03-22T19:49:05.625+0900][6.157s][info][gc,phases,start] GC(278) Marking Phase
[2026-03-22T19:49:05.627+0900][6.158s][info][gc,phases      ] GC(278) Marking Phase 1.393ms
[2026-03-22T19:49:05.627+0900][6.158s][info][gc,phases,start] GC(278) Summary Phase
[2026-03-22T19:49:05.627+0900][6.158s][info][gc,phases      ] GC(278) Summary Phase 0.015ms
[2026-03-22T19:49:05.627+0900][6.158s][info][gc,phases,start] GC(278) Adjust Roots
[2026-03-22T19:49:05.627+0900][6.158s][info][gc,phases      ] GC(278) Adjust Roots 0.206ms
[2026-03-22T19:49:05.627+0900][6.158s][info][gc,phases,start] GC(278) Compaction Phase
[2026-03-22T19:49:05.632+0900][6.164s][info][gc,phases      ] GC(278) Compaction Phase 5.640ms
[2026-03-22T19:49:05.632+0900][6.164s][info][gc,phases,start] GC(278) Post Compact
[2026-03-22T19:49:05.633+0900][6.165s][info][gc,phases      ] GC(278) Post Compact 1.374ms
[2026-03-22T19:49:05.634+0900][6.165s][info][gc,heap        ] GC(278) PSYoungGen: 163057K(163840K)->0K(163840K) Eden: 152561K(153088K)->0K(153088K) From: 10496K(10752K)->0K(10752K)
[2026-03-22T19:49:05.634+0900][6.165s][info][gc,heap        ] GC(278) ParOldGen: 291999K(349696K)->103430K(349696K)
[2026-03-22T19:49:05.634+0900][6.166s][info][gc,metaspace   ] GC(278) Metaspace: 338K(512K)->338K(512K) NonClass: 320K(384K)->320K(384K) Class: 17K(128K)->17K(128K)
[2026-03-22T19:49:05.634+0900][6.166s][info][gc             ] GC(278) Pause Full (Ergonomics) 444M->101M(501M) 8.891ms
[2026-03-22T19:49:05.634+0900][6.166s][info][gc,cpu         ] GC(278) User=0.00s Sys=0.00s Real=0.01s
[2026-03-22T19:49:05.649+0900][6.180s][info][gc,start       ] GC(279) Pause Young (Allocation Failure)
[2026-03-22T19:49:05.653+0900][6.185s][info][gc,heap        ] GC(279) PSYoungGen: 152561K(163840K)->10496K(163840K) Eden: 152561K(153088K)->0K(153088K) From: 0K(10752K)->10496K(10752K)
[2026-03-22T19:49:05.653+0900][6.185s][info][gc,heap        ] GC(279) ParOldGen: 103430K(349696K)->197639K(349696K)
[2026-03-22T19:49:05.653+0900][6.185s][info][gc,metaspace   ] GC(279) Metaspace: 338K(512K)->338K(512K) NonClass: 320K(384K)->320K(384K) Class: 17K(128K)->17K(128K)
[2026-03-22T19:49:05.653+0900][6.185s][info][gc             ] GC(279) Pause Young (Allocation Failure) 249M->203M(501M) 4.971ms
[2026-03-22T19:49:05.653+0900][6.185s][info][gc,cpu         ] GC(279) User=0.06s Sys=0.00s Real=0.00s
[2026-03-22T19:49:05.669+0900][6.200s][info][gc,start       ] GC(280) Pause Young (Allocation Failure)
[2026-03-22T19:49:05.674+0900][6.205s][info][gc,heap        ] GC(280) PSYoungGen: 163057K(163840K)->10496K(163840K) Eden: 152561K(153088K)->0K(153088K) From: 10496K(10752K)->10496K(10752K)
[2026-03-22T19:49:05.674+0900][6.205s][info][gc,heap        ] GC(280) ParOldGen: 197639K(349696K)->291999K(349696K)
[2026-03-22T19:49:05.674+0900][6.205s][info][gc,metaspace   ] GC(280) Metaspace: 338K(512K)->338K(512K) NonClass: 320K(384K)->320K(384K) Class: 17K(128K)->17K(128K)
[2026-03-22T19:49:05.674+0900][6.205s][info][gc             ] GC(280) Pause Young (Allocation Failure) 352M->295M(501M) 4.909ms
[2026-03-22T19:49:05.674+0900][6.205s][info][gc,cpu         ] GC(280) User=0.00s Sys=0.00s Real=0.01s
[2026-03-22T19:49:05.689+0900][6.221s][info][gc,start       ] GC(281) Pause Full (Ergonomics)
[2026-03-22T19:49:05.689+0900][6.221s][info][gc,phases,start] GC(281) Marking Phase
[2026-03-22T19:49:05.690+0900][6.222s][info][gc,phases      ] GC(281) Marking Phase 1.284ms
[2026-03-22T19:49:05.690+0900][6.222s][info][gc,phases,start] GC(281) Summary Phase
[2026-03-22T19:49:05.690+0900][6.222s][info][gc,phases      ] GC(281) Summary Phase 0.016ms
[2026-03-22T19:49:05.690+0900][6.222s][info][gc,phases,start] GC(281) Adjust Roots
[2026-03-22T19:49:05.691+0900][6.222s][info][gc,phases      ] GC(281) Adjust Roots 0.212ms
[2026-03-22T19:49:05.691+0900][6.222s][info][gc,phases,start] GC(281) Compaction Phase
[2026-03-22T19:49:05.698+0900][6.230s][info][gc,phases      ] GC(281) Compaction Phase 7.687ms
[2026-03-22T19:49:05.698+0900][6.230s][info][gc,phases,start] GC(281) Post Compact
[2026-03-22T19:49:05.700+0900][6.232s][info][gc,phases      ] GC(281) Post Compact 1.391ms
[2026-03-22T19:49:05.701+0900][6.232s][info][gc,heap        ] GC(281) PSYoungGen: 163057K(163840K)->0K(163840K) Eden: 152561K(153088K)->0K(153088K) From: 10496K(10752K)->0K(10752K)
[2026-03-22T19:49:05.701+0900][6.232s][info][gc,heap        ] GC(281) ParOldGen: 291999K(349696K)->103430K(349696K)
[2026-03-22T19:49:05.701+0900][6.232s][info][gc,metaspace   ] GC(281) Metaspace: 338K(512K)->338K(512K) NonClass: 320K(384K)->320K(384K) Class: 17K(128K)->17K(128K)
[2026-03-22T19:49:05.701+0900][6.232s][info][gc             ] GC(281) Pause Full (Ergonomics) 444M->101M(501M) 10.910ms
[2026-03-22T19:49:05.701+0900][6.232s][info][gc,cpu         ] GC(281) User=0.05s Sys=0.00s Real=0.01s
[2026-03-22T19:49:05.716+0900][6.248s][info][gc,start       ] GC(282) Pause Young (Allocation Failure)
[2026-03-22T19:49:05.720+0900][6.252s][info][gc,heap        ] GC(282) PSYoungGen: 152561K(163840K)->10496K(163840K) Eden: 152561K(153088K)->0K(153088K) From: 0K(10752K)->10496K(10752K)
[2026-03-22T19:49:05.721+0900][6.252s][info][gc,heap        ] GC(282) ParOldGen: 103430K(349696K)->197639K(349696K)
[2026-03-22T19:49:05.721+0900][6.252s][info][gc,metaspace   ] GC(282) Metaspace: 338K(512K)->338K(512K) NonClass: 320K(384K)->320K(384K) Class: 17K(128K)->17K(128K)
[2026-03-22T19:49:05.721+0900][6.252s][info][gc             ] GC(282) Pause Young (Allocation Failure) 249M->203M(501M) 4.551ms
[2026-03-22T19:49:05.721+0900][6.252s][info][gc,cpu         ] GC(282) User=0.00s Sys=0.00s Real=0.00s
[2026-03-22T19:49:05.736+0900][6.267s][info][gc,start       ] GC(283) Pause Young (Allocation Failure)
[2026-03-22T19:49:05.741+0900][6.272s][info][gc,heap        ] GC(283) PSYoungGen: 163057K(163840K)->10496K(163840K) Eden: 152561K(153088K)->0K(153088K) From: 10496K(10752K)->10496K(10752K)
[2026-03-22T19:49:05.741+0900][6.272s][info][gc,heap        ] GC(283) ParOldGen: 197639K(349696K)->291999K(349696K)
[2026-03-22T19:49:05.741+0900][6.272s][info][gc,metaspace   ] GC(283) Metaspace: 338K(512K)->338K(512K) NonClass: 320K(384K)->320K(384K) Class: 17K(128K)->17K(128K)
[2026-03-22T19:49:05.741+0900][6.272s][info][gc             ] GC(283) Pause Young (Allocation Failure) 352M->295M(501M) 4.914ms
[2026-03-22T19:49:05.741+0900][6.272s][info][gc,cpu         ] GC(283) User=0.00s Sys=0.00s Real=0.00s
[2026-03-22T19:49:05.756+0900][6.288s][info][gc,start       ] GC(284) Pause Full (Ergonomics)
[2026-03-22T19:49:05.756+0900][6.288s][info][gc,phases,start] GC(284) Marking Phase
[2026-03-22T19:49:05.757+0900][6.289s][info][gc,phases      ] GC(284) Marking Phase 1.169ms
[2026-03-22T19:49:05.757+0900][6.289s][info][gc,phases,start] GC(284) Summary Phase
[2026-03-22T19:49:05.757+0900][6.289s][info][gc,phases      ] GC(284) Summary Phase 0.015ms
[2026-03-22T19:49:05.757+0900][6.289s][info][gc,phases,start] GC(284) Adjust Roots
[2026-03-22T19:49:05.758+0900][6.289s][info][gc,phases      ] GC(284) Adjust Roots 0.170ms
[2026-03-22T19:49:05.758+0900][6.289s][info][gc,phases,start] GC(284) Compaction Phase
[2026-03-22T19:49:05.763+0900][6.295s][info][gc,phases      ] GC(284) Compaction Phase 5.444ms
[2026-03-22T19:49:05.763+0900][6.295s][info][gc,phases,start] GC(284) Post Compact
[2026-03-22T19:49:05.764+0900][6.296s][info][gc,phases      ] GC(284) Post Compact 1.377ms
[2026-03-22T19:49:05.764+0900][6.296s][info][gc,heap        ] GC(284) PSYoungGen: 163057K(163840K)->0K(163840K) Eden: 152561K(153088K)->0K(153088K) From: 10496K(10752K)->0K(10752K)
[2026-03-22T19:49:05.764+0900][6.296s][info][gc,heap        ] GC(284) ParOldGen: 291999K(349696K)->103430K(349696K)
[2026-03-22T19:49:05.764+0900][6.296s][info][gc,metaspace   ] GC(284) Metaspace: 338K(512K)->338K(512K) NonClass: 320K(384K)->320K(384K) Class: 17K(128K)->17K(128K)
[2026-03-22T19:49:05.765+0900][6.296s][info][gc             ] GC(284) Pause Full (Ergonomics) 444M->101M(501M) 8.405ms
[2026-03-22T19:49:05.765+0900][6.296s][info][gc,cpu         ] GC(284) User=0.06s Sys=0.00s Real=0.01s
[2026-03-22T19:49:05.779+0900][6.311s][info][gc,start       ] GC(285) Pause Young (Allocation Failure)
[2026-03-22T19:49:05.784+0900][6.316s][info][gc,heap        ] GC(285) PSYoungGen: 152561K(163840K)->10496K(163840K) Eden: 152561K(153088K)->0K(153088K) From: 0K(10752K)->10496K(10752K)
[2026-03-22T19:49:05.784+0900][6.316s][info][gc,heap        ] GC(285) ParOldGen: 103430K(349696K)->197639K(349696K)
[2026-03-22T19:49:05.784+0900][6.316s][info][gc,metaspace   ] GC(285) Metaspace: 338K(512K)->338K(512K) NonClass: 320K(384K)->320K(384K) Class: 17K(128K)->17K(128K)
[2026-03-22T19:49:05.784+0900][6.316s][info][gc             ] GC(285) Pause Young (Allocation Failure) 249M->203M(501M) 5.016ms
[2026-03-22T19:49:05.784+0900][6.316s][info][gc,cpu         ] GC(285) User=0.00s Sys=0.00s Real=0.00s
[2026-03-22T19:49:05.800+0900][6.331s][info][gc,start       ] GC(286) Pause Young (Allocation Failure)
[2026-03-22T19:49:05.804+0900][6.336s][info][gc,heap        ] GC(286) PSYoungGen: 163057K(163840K)->10496K(163840K) Eden: 152561K(153088K)->0K(153088K) From: 10496K(10752K)->10496K(10752K)
[2026-03-22T19:49:05.804+0900][6.336s][info][gc,heap        ] GC(286) ParOldGen: 197639K(349696K)->291999K(349696K)
[2026-03-22T19:49:05.804+0900][6.336s][info][gc,metaspace   ] GC(286) Metaspace: 338K(512K)->338K(512K) NonClass: 320K(384K)->320K(384K) Class: 17K(128K)->17K(128K)
[2026-03-22T19:49:05.804+0900][6.336s][info][gc             ] GC(286) Pause Young (Allocation Failure) 352M->295M(501M) 4.990ms
[2026-03-22T19:49:05.804+0900][6.336s][info][gc,cpu         ] GC(286) User=0.00s Sys=0.00s Real=0.00s
[2026-03-22T19:49:05.819+0900][6.351s][info][gc,start       ] GC(287) Pause Full (Ergonomics)
[2026-03-22T19:49:05.819+0900][6.351s][info][gc,phases,start] GC(287) Marking Phase
[2026-03-22T19:49:05.821+0900][6.353s][info][gc,phases      ] GC(287) Marking Phase 1.340ms
[2026-03-22T19:49:05.821+0900][6.353s][info][gc,phases,start] GC(287) Summary Phase
[2026-03-22T19:49:05.821+0900][6.353s][info][gc,phases      ] GC(287) Summary Phase 0.016ms
[2026-03-22T19:49:05.821+0900][6.353s][info][gc,phases,start] GC(287) Adjust Roots
[2026-03-22T19:49:05.821+0900][6.353s][info][gc,phases      ] GC(287) Adjust Roots 0.171ms
[2026-03-22T19:49:05.821+0900][6.353s][info][gc,phases,start] GC(287) Compaction Phase
[2026-03-22T19:49:05.827+0900][6.359s][info][gc,phases      ] GC(287) Compaction Phase 5.538ms
[2026-03-22T19:49:05.827+0900][6.359s][info][gc,phases,start] GC(287) Post Compact
[2026-03-22T19:49:05.828+0900][6.360s][info][gc,phases      ] GC(287) Post Compact 1.387ms
[2026-03-22T19:49:05.828+0900][6.360s][info][gc,heap        ] GC(287) PSYoungGen: 163057K(163840K)->0K(163840K) Eden: 152561K(153088K)->0K(153088K) From: 10496K(10752K)->0K(10752K)
[2026-03-22T19:49:05.828+0900][6.360s][info][gc,heap        ] GC(287) ParOldGen: 291999K(349696K)->103430K(349696K)
[2026-03-22T19:49:05.828+0900][6.360s][info][gc,metaspace   ] GC(287) Metaspace: 338K(512K)->338K(512K) NonClass: 320K(384K)->320K(384K) Class: 17K(128K)->17K(128K)
[2026-03-22T19:49:05.828+0900][6.360s][info][gc             ] GC(287) Pause Full (Ergonomics) 444M->101M(501M) 8.682ms
[2026-03-22T19:49:05.828+0900][6.360s][info][gc,cpu         ] GC(287) User=0.06s Sys=0.00s Real=0.01s
[2026-03-22T19:49:05.844+0900][6.375s][info][gc,start       ] GC(288) Pause Young (Allocation Failure)
[2026-03-22T19:49:05.848+0900][6.380s][info][gc,heap        ] GC(288) PSYoungGen: 152561K(163840K)->10496K(163840K) Eden: 152561K(153088K)->0K(153088K) From: 0K(10752K)->10496K(10752K)
[2026-03-22T19:49:05.848+0900][6.380s][info][gc,heap        ] GC(288) ParOldGen: 103430K(349696K)->197639K(349696K)
[2026-03-22T19:49:05.848+0900][6.380s][info][gc,metaspace   ] GC(288) Metaspace: 338K(512K)->338K(512K) NonClass: 320K(384K)->320K(384K) Class: 17K(128K)->17K(128K)
[2026-03-22T19:49:05.848+0900][6.380s][info][gc             ] GC(288) Pause Young (Allocation Failure) 249M->203M(501M) 4.628ms
[2026-03-22T19:49:05.848+0900][6.380s][info][gc,cpu         ] GC(288) User=0.00s Sys=0.00s Real=0.00s
[2026-03-22T19:49:05.863+0900][6.395s][info][gc,start       ] GC(289) Pause Young (Allocation Failure)
[2026-03-22T19:49:05.868+0900][6.400s][info][gc,heap        ] GC(289) PSYoungGen: 163057K(163840K)->10496K(163840K) Eden: 152561K(153088K)->0K(153088K) From: 10496K(10752K)->10496K(10752K)
[2026-03-22T19:49:05.868+0900][6.400s][info][gc,heap        ] GC(289) ParOldGen: 197639K(349696K)->291999K(349696K)
[2026-03-22T19:49:05.868+0900][6.400s][info][gc,metaspace   ] GC(289) Metaspace: 338K(512K)->338K(512K) NonClass: 320K(384K)->320K(384K) Class: 17K(128K)->17K(128K)
[2026-03-22T19:49:05.868+0900][6.400s][info][gc             ] GC(289) Pause Young (Allocation Failure) 352M->295M(501M) 4.712ms
[2026-03-22T19:49:05.868+0900][6.400s][info][gc,cpu         ] GC(289) User=0.00s Sys=0.00s Real=0.01s
[2026-03-22T19:49:05.883+0900][6.414s][info][gc,start       ] GC(290) Pause Full (Ergonomics)
[2026-03-22T19:49:05.883+0900][6.415s][info][gc,phases,start] GC(290) Marking Phase
[2026-03-22T19:49:05.885+0900][6.416s][info][gc,phases      ] GC(290) Marking Phase 1.319ms
[2026-03-22T19:49:05.885+0900][6.416s][info][gc,phases,start] GC(290) Summary Phase
[2026-03-22T19:49:05.885+0900][6.416s][info][gc,phases      ] GC(290) Summary Phase 0.015ms
[2026-03-22T19:49:05.885+0900][6.416s][info][gc,phases,start] GC(290) Adjust Roots
[2026-03-22T19:49:05.885+0900][6.416s][info][gc,phases      ] GC(290) Adjust Roots 0.198ms
[2026-03-22T19:49:05.885+0900][6.416s][info][gc,phases,start] GC(290) Compaction Phase
[2026-03-22T19:49:05.890+0900][6.421s][info][gc,phases      ] GC(290) Compaction Phase 5.263ms
[2026-03-22T19:49:05.890+0900][6.421s][info][gc,phases,start] GC(290) Post Compact
[2026-03-22T19:49:05.891+0900][6.423s][info][gc,phases      ] GC(290) Post Compact 1.463ms
[2026-03-22T19:49:05.891+0900][6.423s][info][gc,heap        ] GC(290) PSYoungGen: 163057K(163840K)->0K(163840K) Eden: 152561K(153088K)->0K(153088K) From: 10496K(10752K)->0K(10752K)
[2026-03-22T19:49:05.891+0900][6.423s][info][gc,heap        ] GC(290) ParOldGen: 291999K(349696K)->103430K(349696K)
[2026-03-22T19:49:05.891+0900][6.423s][info][gc,metaspace   ] GC(290) Metaspace: 338K(512K)->338K(512K) NonClass: 320K(384K)->320K(384K) Class: 17K(128K)->17K(128K)
[2026-03-22T19:49:05.891+0900][6.423s][info][gc             ] GC(290) Pause Full (Ergonomics) 444M->101M(501M) 8.487ms
[2026-03-22T19:49:05.891+0900][6.423s][info][gc,cpu         ] GC(290) User=0.00s Sys=0.00s Real=0.01s
[2026-03-22T19:49:05.906+0900][6.438s][info][gc,start       ] GC(291) Pause Young (Allocation Failure)
[2026-03-22T19:49:05.911+0900][6.443s][info][gc,heap        ] GC(291) PSYoungGen: 152561K(163840K)->10496K(163840K) Eden: 152561K(153088K)->0K(153088K) From: 0K(10752K)->10496K(10752K)
[2026-03-22T19:49:05.911+0900][6.443s][info][gc,heap        ] GC(291) ParOldGen: 103430K(349696K)->197639K(349696K)
[2026-03-22T19:49:05.911+0900][6.443s][info][gc,metaspace   ] GC(291) Metaspace: 338K(512K)->338K(512K) NonClass: 320K(384K)->320K(384K) Class: 17K(128K)->17K(128K)
[2026-03-22T19:49:05.911+0900][6.443s][info][gc             ] GC(291) Pause Young (Allocation Failure) 249M->203M(501M) 4.590ms
[2026-03-22T19:49:05.911+0900][6.443s][info][gc,cpu         ] GC(291) User=0.00s Sys=0.00s Real=0.01s
[2026-03-22T19:49:05.926+0900][6.458s][info][gc,start       ] GC(292) Pause Young (Allocation Failure)
[2026-03-22T19:49:05.930+0900][6.462s][info][gc,heap        ] GC(292) PSYoungGen: 163057K(163840K)->10496K(163840K) Eden: 152561K(153088K)->0K(153088K) From: 10496K(10752K)->10496K(10752K)
[2026-03-22T19:49:05.930+0900][6.462s][info][gc,heap        ] GC(292) ParOldGen: 197639K(349696K)->291999K(349696K)
[2026-03-22T19:49:05.930+0900][6.462s][info][gc,metaspace   ] GC(292) Metaspace: 338K(512K)->338K(512K) NonClass: 320K(384K)->320K(384K) Class: 17K(128K)->17K(128K)
[2026-03-22T19:49:05.930+0900][6.462s][info][gc             ] GC(292) Pause Young (Allocation Failure) 352M->295M(501M) 4.817ms
[2026-03-22T19:49:05.930+0900][6.462s][info][gc,cpu         ] GC(292) User=0.00s Sys=0.00s Real=0.00s
[2026-03-22T19:49:05.946+0900][6.477s][info][gc,start       ] GC(293) Pause Full (Ergonomics)
[2026-03-22T19:49:05.946+0900][6.477s][info][gc,phases,start] GC(293) Marking Phase
[2026-03-22T19:49:05.947+0900][6.478s][info][gc,phases      ] GC(293) Marking Phase 1.131ms
[2026-03-22T19:49:05.947+0900][6.478s][info][gc,phases,start] GC(293) Summary Phase
[2026-03-22T19:49:05.947+0900][6.478s][info][gc,phases      ] GC(293) Summary Phase 0.019ms
[2026-03-22T19:49:05.947+0900][6.478s][info][gc,phases,start] GC(293) Adjust Roots
[2026-03-22T19:49:05.947+0900][6.479s][info][gc,phases      ] GC(293) Adjust Roots 0.191ms
[2026-03-22T19:49:05.947+0900][6.479s][info][gc,phases,start] GC(293) Compaction Phase
[2026-03-22T19:49:05.953+0900][6.484s][info][gc,phases      ] GC(293) Compaction Phase 5.616ms
[2026-03-22T19:49:05.953+0900][6.484s][info][gc,phases,start] GC(293) Post Compact
[2026-03-22T19:49:05.955+0900][6.486s][info][gc,phases      ] GC(293) Post Compact 1.469ms
[2026-03-22T19:49:05.955+0900][6.486s][info][gc,heap        ] GC(293) PSYoungGen: 163057K(163840K)->0K(163840K) Eden: 152561K(153088K)->0K(153088K) From: 10496K(10752K)->0K(10752K)
[2026-03-22T19:49:05.955+0900][6.486s][info][gc,heap        ] GC(293) ParOldGen: 291999K(349696K)->103430K(349696K)
[2026-03-22T19:49:05.955+0900][6.486s][info][gc,metaspace   ] GC(293) Metaspace: 338K(512K)->338K(512K) NonClass: 320K(384K)->320K(384K) Class: 17K(128K)->17K(128K)
[2026-03-22T19:49:05.955+0900][6.486s][info][gc             ] GC(293) Pause Full (Ergonomics) 444M->101M(501M) 8.687ms
[2026-03-22T19:49:05.955+0900][6.486s][info][gc,cpu         ] GC(293) User=0.02s Sys=0.00s Real=0.01s
[2026-03-22T19:49:05.969+0900][6.500s][info][gc,start       ] GC(294) Pause Young (Allocation Failure)
[2026-03-22T19:49:05.974+0900][6.505s][info][gc,heap        ] GC(294) PSYoungGen: 152561K(163840K)->10496K(163840K) Eden: 152561K(153088K)->0K(153088K) From: 0K(10752K)->10496K(10752K)
[2026-03-22T19:49:05.974+0900][6.505s][info][gc,heap        ] GC(294) ParOldGen: 103430K(349696K)->197639K(349696K)
[2026-03-22T19:49:05.974+0900][6.505s][info][gc,metaspace   ] GC(294) Metaspace: 338K(512K)->338K(512K) NonClass: 320K(384K)->320K(384K) Class: 17K(128K)->17K(128K)
[2026-03-22T19:49:05.974+0900][6.505s][info][gc             ] GC(294) Pause Young (Allocation Failure) 249M->203M(501M) 4.440ms
[2026-03-22T19:49:05.974+0900][6.505s][info][gc,cpu         ] GC(294) User=0.00s Sys=0.00s Real=0.00s
[2026-03-22T19:49:05.990+0900][6.521s][info][gc,start       ] GC(295) Pause Young (Allocation Failure)
[2026-03-22T19:49:05.994+0900][6.526s][info][gc,heap        ] GC(295) PSYoungGen: 163057K(163840K)->10496K(163840K) Eden: 152561K(153088K)->0K(153088K) From: 10496K(10752K)->10496K(10752K)
[2026-03-22T19:49:05.994+0900][6.526s][info][gc,heap        ] GC(295) ParOldGen: 197639K(349696K)->291999K(349696K)
[2026-03-22T19:49:05.994+0900][6.526s][info][gc,metaspace   ] GC(295) Metaspace: 338K(512K)->338K(512K) NonClass: 320K(384K)->320K(384K) Class: 17K(128K)->17K(128K)
[2026-03-22T19:49:05.994+0900][6.526s][info][gc             ] GC(295) Pause Young (Allocation Failure) 352M->295M(501M) 5.150ms
[2026-03-22T19:49:05.994+0900][6.526s][info][gc,cpu         ] GC(295) User=0.06s Sys=0.00s Real=0.00s
[2026-03-22T19:49:06.010+0900][6.542s][info][gc,start       ] GC(296) Pause Full (Ergonomics)
[2026-03-22T19:49:06.010+0900][6.542s][info][gc,phases,start] GC(296) Marking Phase
[2026-03-22T19:49:06.011+0900][6.543s][info][gc,phases      ] GC(296) Marking Phase 1.097ms
[2026-03-22T19:49:06.011+0900][6.543s][info][gc,phases,start] GC(296) Summary Phase
[2026-03-22T19:49:06.011+0900][6.543s][info][gc,phases      ] GC(296) Summary Phase 0.015ms
[2026-03-22T19:49:06.011+0900][6.543s][info][gc,phases,start] GC(296) Adjust Roots
[2026-03-22T19:49:06.012+0900][6.543s][info][gc,phases      ] GC(296) Adjust Roots 0.173ms
[2026-03-22T19:49:06.012+0900][6.543s][info][gc,phases,start] GC(296) Compaction Phase
[2026-03-22T19:49:06.017+0900][6.548s][info][gc,phases      ] GC(296) Compaction Phase 5.316ms
[2026-03-22T19:49:06.017+0900][6.548s][info][gc,phases,start] GC(296) Post Compact
[2026-03-22T19:49:06.018+0900][6.550s][info][gc,phases      ] GC(296) Post Compact 1.389ms
[2026-03-22T19:49:06.018+0900][6.550s][info][gc,heap        ] GC(296) PSYoungGen: 163057K(163840K)->0K(163840K) Eden: 152561K(153088K)->0K(153088K) From: 10496K(10752K)->0K(10752K)
[2026-03-22T19:49:06.018+0900][6.550s][info][gc,heap        ] GC(296) ParOldGen: 291999K(349696K)->103430K(349696K)
[2026-03-22T19:49:06.018+0900][6.550s][info][gc,metaspace   ] GC(296) Metaspace: 338K(512K)->338K(512K) NonClass: 320K(384K)->320K(384K) Class: 17K(128K)->17K(128K)
[2026-03-22T19:49:06.018+0900][6.550s][info][gc             ] GC(296) Pause Full (Ergonomics) 444M->101M(501M) 8.222ms
[2026-03-22T19:49:06.018+0900][6.550s][info][gc,cpu         ] GC(296) User=0.00s Sys=0.00s Real=0.01s
[2026-03-22T19:49:06.033+0900][6.564s][info][gc,start       ] GC(297) Pause Young (Allocation Failure)
[2026-03-22T19:49:06.037+0900][6.569s][info][gc,heap        ] GC(297) PSYoungGen: 152561K(163840K)->10496K(163840K) Eden: 152561K(153088K)->0K(153088K) From: 0K(10752K)->10496K(10752K)
[2026-03-22T19:49:06.037+0900][6.569s][info][gc,heap        ] GC(297) ParOldGen: 103430K(349696K)->197639K(349696K)
[2026-03-22T19:49:06.037+0900][6.569s][info][gc,metaspace   ] GC(297) Metaspace: 338K(512K)->338K(512K) NonClass: 320K(384K)->320K(384K) Class: 17K(128K)->17K(128K)
[2026-03-22T19:49:06.037+0900][6.569s][info][gc             ] GC(297) Pause Young (Allocation Failure) 249M->203M(501M) 4.587ms
[2026-03-22T19:49:06.037+0900][6.569s][info][gc,cpu         ] GC(297) User=0.00s Sys=0.00s Real=0.00s
[2026-03-22T19:49:06.053+0900][6.584s][info][gc,start       ] GC(298) Pause Young (Allocation Failure)
[2026-03-22T19:49:06.057+0900][6.589s][info][gc,heap        ] GC(298) PSYoungGen: 163057K(163840K)->10496K(163840K) Eden: 152561K(153088K)->0K(153088K) From: 10496K(10752K)->10496K(10752K)
[2026-03-22T19:49:06.057+0900][6.589s][info][gc,heap        ] GC(298) ParOldGen: 197639K(349696K)->291999K(349696K)
[2026-03-22T19:49:06.057+0900][6.589s][info][gc,metaspace   ] GC(298) Metaspace: 338K(512K)->338K(512K) NonClass: 320K(384K)->320K(384K) Class: 17K(128K)->17K(128K)
[2026-03-22T19:49:06.057+0900][6.589s][info][gc             ] GC(298) Pause Young (Allocation Failure) 352M->295M(501M) 4.524ms
[2026-03-22T19:49:06.057+0900][6.589s][info][gc,cpu         ] GC(298) User=0.06s Sys=0.00s Real=0.00s
[2026-03-22T19:49:06.072+0900][6.603s][info][gc,start       ] GC(299) Pause Full (Ergonomics)
[2026-03-22T19:49:06.072+0900][6.603s][info][gc,phases,start] GC(299) Marking Phase
[2026-03-22T19:49:06.073+0900][6.605s][info][gc,phases      ] GC(299) Marking Phase 1.185ms
[2026-03-22T19:49:06.073+0900][6.605s][info][gc,phases,start] GC(299) Summary Phase
[2026-03-22T19:49:06.073+0900][6.605s][info][gc,phases      ] GC(299) Summary Phase 0.016ms
[2026-03-22T19:49:06.073+0900][6.605s][info][gc,phases,start] GC(299) Adjust Roots
[2026-03-22T19:49:06.073+0900][6.605s][info][gc,phases      ] GC(299) Adjust Roots 0.184ms
[2026-03-22T19:49:06.073+0900][6.605s][info][gc,phases,start] GC(299) Compaction Phase
[2026-03-22T19:49:06.079+0900][6.610s][info][gc,phases      ] GC(299) Compaction Phase 5.387ms
[2026-03-22T19:49:06.079+0900][6.610s][info][gc,phases,start] GC(299) Post Compact
[2026-03-22T19:49:06.081+0900][6.612s][info][gc,phases      ] GC(299) Post Compact 1.375ms
[2026-03-22T19:49:06.081+0900][6.612s][info][gc,heap        ] GC(299) PSYoungGen: 163057K(163840K)->0K(163840K) Eden: 152561K(153088K)->0K(153088K) From: 10496K(10752K)->0K(10752K)
[2026-03-22T19:49:06.081+0900][6.612s][info][gc,heap        ] GC(299) ParOldGen: 291999K(349696K)->103430K(349696K)
[2026-03-22T19:49:06.081+0900][6.612s][info][gc,metaspace   ] GC(299) Metaspace: 338K(512K)->338K(512K) NonClass: 320K(384K)->320K(384K) Class: 17K(128K)->17K(128K)
[2026-03-22T19:49:06.081+0900][6.612s][info][gc             ] GC(299) Pause Full (Ergonomics) 444M->101M(501M) 8.399ms
[2026-03-22T19:49:06.081+0900][6.612s][info][gc,cpu         ] GC(299) User=0.00s Sys=0.00s Real=0.01s
[2026-03-22T19:49:06.095+0900][6.627s][info][gc,start       ] GC(300) Pause Young (Allocation Failure)
[2026-03-22T19:49:06.101+0900][6.632s][info][gc,heap        ] GC(300) PSYoungGen: 152561K(163840K)->10496K(163840K) Eden: 152561K(153088K)->0K(153088K) From: 0K(10752K)->10496K(10752K)
[2026-03-22T19:49:06.101+0900][6.632s][info][gc,heap        ] GC(300) ParOldGen: 103430K(349696K)->197639K(349696K)
[2026-03-22T19:49:06.101+0900][6.632s][info][gc,metaspace   ] GC(300) Metaspace: 338K(512K)->338K(512K) NonClass: 320K(384K)->320K(384K) Class: 17K(128K)->17K(128K)
[2026-03-22T19:49:06.101+0900][6.632s][info][gc             ] GC(300) Pause Young (Allocation Failure) 249M->203M(501M) 5.367ms
[2026-03-22T19:49:06.101+0900][6.632s][info][gc,cpu         ] GC(300) User=0.00s Sys=0.00s Real=0.01s
[2026-03-22T19:49:06.115+0900][6.647s][info][gc,start       ] GC(301) Pause Young (Allocation Failure)
[2026-03-22T19:49:06.119+0900][6.651s][info][gc,heap        ] GC(301) PSYoungGen: 163057K(163840K)->10496K(163840K) Eden: 152561K(153088K)->0K(153088K) From: 10496K(10752K)->10496K(10752K)
[2026-03-22T19:49:06.119+0900][6.651s][info][gc,heap        ] GC(301) ParOldGen: 197639K(349696K)->291999K(349696K)
[2026-03-22T19:49:06.119+0900][6.651s][info][gc,metaspace   ] GC(301) Metaspace: 338K(512K)->338K(512K) NonClass: 320K(384K)->320K(384K) Class: 17K(128K)->17K(128K)
[2026-03-22T19:49:06.119+0900][6.651s][info][gc             ] GC(301) Pause Young (Allocation Failure) 352M->295M(501M) 4.727ms
[2026-03-22T19:49:06.119+0900][6.652s][info][gc,cpu         ] GC(301) User=0.06s Sys=0.00s Real=0.00s
[2026-03-22T19:49:06.135+0900][6.666s][info][gc,start       ] GC(302) Pause Full (Ergonomics)
[2026-03-22T19:49:06.135+0900][6.666s][info][gc,phases,start] GC(302) Marking Phase
[2026-03-22T19:49:06.136+0900][6.668s][info][gc,phases      ] GC(302) Marking Phase 1.241ms
[2026-03-22T19:49:06.136+0900][6.668s][info][gc,phases,start] GC(302) Summary Phase
[2026-03-22T19:49:06.136+0900][6.668s][info][gc,phases      ] GC(302) Summary Phase 0.016ms
[2026-03-22T19:49:06.136+0900][6.668s][info][gc,phases,start] GC(302) Adjust Roots
[2026-03-22T19:49:06.136+0900][6.668s][info][gc,phases      ] GC(302) Adjust Roots 0.327ms
[2026-03-22T19:49:06.136+0900][6.668s][info][gc,phases,start] GC(302) Compaction Phase
[2026-03-22T19:49:06.142+0900][6.673s][info][gc,phases      ] GC(302) Compaction Phase 5.285ms
[2026-03-22T19:49:06.142+0900][6.673s][info][gc,phases,start] GC(302) Post Compact
[2026-03-22T19:49:06.143+0900][6.675s][info][gc,phases      ] GC(302) Post Compact 1.369ms
[2026-03-22T19:49:06.143+0900][6.675s][info][gc,heap        ] GC(302) PSYoungGen: 163057K(163840K)->0K(163840K) Eden: 152561K(153088K)->0K(153088K) From: 10496K(10752K)->0K(10752K)
[2026-03-22T19:49:06.143+0900][6.675s][info][gc,heap        ] GC(302) ParOldGen: 291999K(349696K)->103430K(349696K)
[2026-03-22T19:49:06.143+0900][6.675s][info][gc,metaspace   ] GC(302) Metaspace: 338K(512K)->338K(512K) NonClass: 320K(384K)->320K(384K) Class: 17K(128K)->17K(128K)
[2026-03-22T19:49:06.143+0900][6.675s][info][gc             ] GC(302) Pause Full (Ergonomics) 444M->101M(501M) 8.493ms
[2026-03-22T19:49:06.143+0900][6.675s][info][gc,cpu         ] GC(302) User=0.00s Sys=0.00s Real=0.01s
[2026-03-22T19:49:06.159+0900][6.690s][info][gc,start       ] GC(303) Pause Young (Allocation Failure)
[2026-03-22T19:49:06.164+0900][6.695s][info][gc,heap        ] GC(303) PSYoungGen: 152561K(163840K)->10496K(163840K) Eden: 152561K(153088K)->0K(153088K) From: 0K(10752K)->10496K(10752K)
[2026-03-22T19:49:06.164+0900][6.695s][info][gc,heap        ] GC(303) ParOldGen: 103430K(349696K)->197639K(349696K)
[2026-03-22T19:49:06.164+0900][6.695s][info][gc,metaspace   ] GC(303) Metaspace: 338K(512K)->338K(512K) NonClass: 320K(384K)->320K(384K) Class: 17K(128K)->17K(128K)
[2026-03-22T19:49:06.164+0900][6.695s][info][gc             ] GC(303) Pause Young (Allocation Failure) 249M->203M(501M) 4.950ms
[2026-03-22T19:49:06.164+0900][6.695s][info][gc,cpu         ] GC(303) User=0.00s Sys=0.00s Real=0.01s
[2026-03-22T19:49:06.179+0900][6.710s][info][gc,start       ] GC(304) Pause Young (Allocation Failure)
[2026-03-22T19:49:06.184+0900][6.715s][info][gc,heap        ] GC(304) PSYoungGen: 163057K(163840K)->10496K(163840K) Eden: 152561K(153088K)->0K(153088K) From: 10496K(10752K)->10496K(10752K)
[2026-03-22T19:49:06.184+0900][6.716s][info][gc,heap        ] GC(304) ParOldGen: 197639K(349696K)->291999K(349696K)
[2026-03-22T19:49:06.184+0900][6.716s][info][gc,metaspace   ] GC(304) Metaspace: 338K(512K)->338K(512K) NonClass: 320K(384K)->320K(384K) Class: 17K(128K)->17K(128K)
[2026-03-22T19:49:06.184+0900][6.716s][info][gc             ] GC(304) Pause Young (Allocation Failure) 352M->295M(501M) 5.282ms
[2026-03-22T19:49:06.184+0900][6.716s][info][gc,cpu         ] GC(304) User=0.05s Sys=0.02s Real=0.01s
[2026-03-22T19:49:06.200+0900][6.732s][info][gc,start       ] GC(305) Pause Full (Ergonomics)
[2026-03-22T19:49:06.200+0900][6.732s][info][gc,phases,start] GC(305) Marking Phase
[2026-03-22T19:49:06.201+0900][6.733s][info][gc,phases      ] GC(305) Marking Phase 1.361ms
[2026-03-22T19:49:06.201+0900][6.733s][info][gc,phases,start] GC(305) Summary Phase
[2026-03-22T19:49:06.201+0900][6.733s][info][gc,phases      ] GC(305) Summary Phase 0.021ms
[2026-03-22T19:49:06.201+0900][6.733s][info][gc,phases,start] GC(305) Adjust Roots
[2026-03-22T19:49:06.202+0900][6.734s][info][gc,phases      ] GC(305) Adjust Roots 0.331ms
[2026-03-22T19:49:06.202+0900][6.734s][info][gc,phases,start] GC(305) Compaction Phase
[2026-03-22T19:49:06.210+0900][6.742s][info][gc,phases      ] GC(305) Compaction Phase 7.759ms
[2026-03-22T19:49:06.210+0900][6.742s][info][gc,phases,start] GC(305) Post Compact
[2026-03-22T19:49:06.212+0900][6.744s][info][gc,phases      ] GC(305) Post Compact 2.108ms
[2026-03-22T19:49:06.212+0900][6.744s][info][gc,heap        ] GC(305) PSYoungGen: 163057K(163840K)->0K(163840K) Eden: 152561K(153088K)->0K(153088K) From: 10496K(10752K)->0K(10752K)
[2026-03-22T19:49:06.212+0900][6.744s][info][gc,heap        ] GC(305) ParOldGen: 291999K(349696K)->103430K(349696K)
[2026-03-22T19:49:06.212+0900][6.744s][info][gc,metaspace   ] GC(305) Metaspace: 338K(512K)->338K(512K) NonClass: 320K(384K)->320K(384K) Class: 17K(128K)->17K(128K)
[2026-03-22T19:49:06.212+0900][6.744s][info][gc             ] GC(305) Pause Full (Ergonomics) 444M->101M(501M) 11.961ms
[2026-03-22T19:49:06.212+0900][6.744s][info][gc,cpu         ] GC(305) User=0.00s Sys=0.00s Real=0.01s
[2026-03-22T19:49:06.226+0900][6.758s][info][gc,start       ] GC(306) Pause Young (Allocation Failure)
[2026-03-22T19:49:06.231+0900][6.762s][info][gc,heap        ] GC(306) PSYoungGen: 152561K(163840K)->10496K(163840K) Eden: 152561K(153088K)->0K(153088K) From: 0K(10752K)->10496K(10752K)
[2026-03-22T19:49:06.231+0900][6.762s][info][gc,heap        ] GC(306) ParOldGen: 103430K(349696K)->197639K(349696K)
[2026-03-22T19:49:06.231+0900][6.762s][info][gc,metaspace   ] GC(306) Metaspace: 338K(512K)->338K(512K) NonClass: 320K(384K)->320K(384K) Class: 17K(128K)->17K(128K)
[2026-03-22T19:49:06.231+0900][6.762s][info][gc             ] GC(306) Pause Young (Allocation Failure) 249M->203M(501M) 4.556ms
[2026-03-22T19:49:06.231+0900][6.762s][info][gc,cpu         ] GC(306) User=0.05s Sys=0.00s Real=0.00s
[2026-03-22T19:49:06.244+0900][6.776s][info][gc,start       ] GC(307) Pause Young (Allocation Failure)
[2026-03-22T19:49:06.248+0900][6.780s][info][gc,heap        ] GC(307) PSYoungGen: 163057K(163840K)->10496K(163840K) Eden: 152561K(153088K)->0K(153088K) From: 10496K(10752K)->10496K(10752K)
[2026-03-22T19:49:06.249+0900][6.780s][info][gc,heap        ] GC(307) ParOldGen: 197639K(349696K)->291999K(349696K)
[2026-03-22T19:49:06.249+0900][6.780s][info][gc,metaspace   ] GC(307) Metaspace: 338K(512K)->338K(512K) NonClass: 320K(384K)->320K(384K) Class: 17K(128K)->17K(128K)
[2026-03-22T19:49:06.249+0900][6.780s][info][gc             ] GC(307) Pause Young (Allocation Failure) 352M->295M(501M) 4.374ms
[2026-03-22T19:49:06.249+0900][6.780s][info][gc,cpu         ] GC(307) User=0.00s Sys=0.00s Real=0.01s
[2026-03-22T19:49:06.264+0900][6.795s][info][gc,start       ] GC(308) Pause Full (Ergonomics)
[2026-03-22T19:49:06.264+0900][6.795s][info][gc,phases,start] GC(308) Marking Phase
[2026-03-22T19:49:06.265+0900][6.796s][info][gc,phases      ] GC(308) Marking Phase 0.957ms
[2026-03-22T19:49:06.265+0900][6.796s][info][gc,phases,start] GC(308) Summary Phase
[2026-03-22T19:49:06.265+0900][6.796s][info][gc,phases      ] GC(308) Summary Phase 0.012ms
[2026-03-22T19:49:06.265+0900][6.796s][info][gc,phases,start] GC(308) Adjust Roots
[2026-03-22T19:49:06.265+0900][6.796s][info][gc,phases      ] GC(308) Adjust Roots 0.241ms
[2026-03-22T19:49:06.265+0900][6.796s][info][gc,phases,start] GC(308) Compaction Phase
[2026-03-22T19:49:06.272+0900][6.803s][info][gc,phases      ] GC(308) Compaction Phase 6.890ms
[2026-03-22T19:49:06.272+0900][6.803s][info][gc,phases,start] GC(308) Post Compact
[2026-03-22T19:49:06.273+0900][6.805s][info][gc,phases      ] GC(308) Post Compact 1.416ms
[2026-03-22T19:49:06.273+0900][6.805s][info][gc,heap        ] GC(308) PSYoungGen: 163057K(163840K)->0K(163840K) Eden: 152561K(153088K)->0K(153088K) From: 10496K(10752K)->0K(10752K)
[2026-03-22T19:49:06.273+0900][6.805s][info][gc,heap        ] GC(308) ParOldGen: 291999K(349696K)->103430K(349696K)
[2026-03-22T19:49:06.273+0900][6.805s][info][gc,metaspace   ] GC(308) Metaspace: 338K(512K)->338K(512K) NonClass: 320K(384K)->320K(384K) Class: 17K(128K)->17K(128K)
[2026-03-22T19:49:06.273+0900][6.805s][info][gc             ] GC(308) Pause Full (Ergonomics) 444M->101M(501M) 9.824ms
[2026-03-22T19:49:06.273+0900][6.805s][info][gc,cpu         ] GC(308) User=0.00s Sys=0.00s Real=0.01s
[2026-03-22T19:49:06.292+0900][6.823s][info][gc,start       ] GC(309) Pause Young (Allocation Failure)
[2026-03-22T19:49:06.298+0900][6.830s][info][gc,heap        ] GC(309) PSYoungGen: 152561K(163840K)->10496K(163840K) Eden: 152561K(153088K)->0K(153088K) From: 0K(10752K)->10496K(10752K)
[2026-03-22T19:49:06.298+0900][6.830s][info][gc,heap        ] GC(309) ParOldGen: 103430K(349696K)->197639K(349696K)
[2026-03-22T19:49:06.298+0900][6.830s][info][gc,metaspace   ] GC(309) Metaspace: 338K(512K)->338K(512K) NonClass: 320K(384K)->320K(384K) Class: 17K(128K)->17K(128K)
[2026-03-22T19:49:06.298+0900][6.830s][info][gc             ] GC(309) Pause Young (Allocation Failure) 249M->203M(501M) 6.246ms
[2026-03-22T19:49:06.298+0900][6.830s][info][gc,cpu         ] GC(309) User=0.00s Sys=0.00s Real=0.01s
[2026-03-22T19:49:06.314+0900][6.845s][info][gc,start       ] GC(310) Pause Young (Allocation Failure)
[2026-03-22T19:49:06.318+0900][6.850s][info][gc,heap        ] GC(310) PSYoungGen: 163057K(163840K)->10496K(163840K) Eden: 152561K(153088K)->0K(153088K) From: 10496K(10752K)->10496K(10752K)
[2026-03-22T19:49:06.318+0900][6.850s][info][gc,heap        ] GC(310) ParOldGen: 197639K(349696K)->291999K(349696K)
[2026-03-22T19:49:06.318+0900][6.850s][info][gc,metaspace   ] GC(310) Metaspace: 338K(512K)->338K(512K) NonClass: 320K(384K)->320K(384K) Class: 17K(128K)->17K(128K)
[2026-03-22T19:49:06.318+0900][6.850s][info][gc             ] GC(310) Pause Young (Allocation Failure) 352M->295M(501M) 4.777ms
[2026-03-22T19:49:06.318+0900][6.850s][info][gc,cpu         ] GC(310) User=0.00s Sys=0.00s Real=0.01s
[2026-03-22T19:49:06.333+0900][6.865s][info][gc,start       ] GC(311) Pause Full (Ergonomics)
[2026-03-22T19:49:06.333+0900][6.865s][info][gc,phases,start] GC(311) Marking Phase
[2026-03-22T19:49:06.334+0900][6.866s][info][gc,phases      ] GC(311) Marking Phase 1.008ms
[2026-03-22T19:49:06.334+0900][6.866s][info][gc,phases,start] GC(311) Summary Phase
[2026-03-22T19:49:06.334+0900][6.866s][info][gc,phases      ] GC(311) Summary Phase 0.014ms
[2026-03-22T19:49:06.334+0900][6.866s][info][gc,phases,start] GC(311) Adjust Roots
[2026-03-22T19:49:06.334+0900][6.866s][info][gc,phases      ] GC(311) Adjust Roots 0.137ms
[2026-03-22T19:49:06.334+0900][6.866s][info][gc,phases,start] GC(311) Compaction Phase
[2026-03-22T19:49:06.340+0900][6.872s][info][gc,phases      ] GC(311) Compaction Phase 5.610ms
[2026-03-22T19:49:06.340+0900][6.872s][info][gc,phases,start] GC(311) Post Compact
[2026-03-22T19:49:06.341+0900][6.873s][info][gc,phases      ] GC(311) Post Compact 1.480ms
[2026-03-22T19:49:06.341+0900][6.873s][info][gc,heap        ] GC(311) PSYoungGen: 163057K(163840K)->0K(163840K) Eden: 152561K(153088K)->0K(153088K) From: 10496K(10752K)->0K(10752K)
[2026-03-22T19:49:06.341+0900][6.873s][info][gc,heap        ] GC(311) ParOldGen: 291999K(349696K)->103430K(349696K)
[2026-03-22T19:49:06.341+0900][6.873s][info][gc,metaspace   ] GC(311) Metaspace: 338K(512K)->338K(512K) NonClass: 320K(384K)->320K(384K) Class: 17K(128K)->17K(128K)
[2026-03-22T19:49:06.341+0900][6.873s][info][gc             ] GC(311) Pause Full (Ergonomics) 444M->101M(501M) 8.535ms
[2026-03-22T19:49:06.341+0900][6.874s][info][gc,cpu         ] GC(311) User=0.06s Sys=0.00s Real=0.01s
[2026-03-22T19:49:06.357+0900][6.888s][info][gc,start       ] GC(312) Pause Young (Allocation Failure)
[2026-03-22T19:49:06.361+0900][6.893s][info][gc,heap        ] GC(312) PSYoungGen: 152561K(163840K)->10496K(163840K) Eden: 152561K(153088K)->0K(153088K) From: 0K(10752K)->10496K(10752K)
[2026-03-22T19:49:06.361+0900][6.893s][info][gc,heap        ] GC(312) ParOldGen: 103430K(349696K)->197639K(349696K)
[2026-03-22T19:49:06.361+0900][6.893s][info][gc,metaspace   ] GC(312) Metaspace: 338K(512K)->338K(512K) NonClass: 320K(384K)->320K(384K) Class: 17K(128K)->17K(128K)
[2026-03-22T19:49:06.361+0900][6.893s][info][gc             ] GC(312) Pause Young (Allocation Failure) 249M->203M(501M) 4.847ms
[2026-03-22T19:49:06.361+0900][6.893s][info][gc,cpu         ] GC(312) User=0.00s Sys=0.00s Real=0.00s
[2026-03-22T19:49:06.376+0900][6.907s][info][gc,start       ] GC(313) Pause Young (Allocation Failure)
[2026-03-22T19:49:06.381+0900][6.912s][info][gc,heap        ] GC(313) PSYoungGen: 163057K(163840K)->10496K(163840K) Eden: 152561K(153088K)->0K(153088K) From: 10496K(10752K)->10496K(10752K)
[2026-03-22T19:49:06.381+0900][6.913s][info][gc,heap        ] GC(313) ParOldGen: 197639K(349696K)->291999K(349696K)
[2026-03-22T19:49:06.381+0900][6.913s][info][gc,metaspace   ] GC(313) Metaspace: 338K(512K)->338K(512K) NonClass: 320K(384K)->320K(384K) Class: 17K(128K)->17K(128K)
[2026-03-22T19:49:06.381+0900][6.913s][info][gc             ] GC(313) Pause Young (Allocation Failure) 352M->295M(501M) 5.094ms
[2026-03-22T19:49:06.381+0900][6.913s][info][gc,cpu         ] GC(313) User=0.00s Sys=0.00s Real=0.01s
[2026-03-22T19:49:06.397+0900][6.929s][info][gc,start       ] GC(314) Pause Full (Ergonomics)
[2026-03-22T19:49:06.397+0900][6.929s][info][gc,phases,start] GC(314) Marking Phase
[2026-03-22T19:49:06.398+0900][6.930s][info][gc,phases      ] GC(314) Marking Phase 1.154ms
[2026-03-22T19:49:06.399+0900][6.930s][info][gc,phases,start] GC(314) Summary Phase
[2026-03-22T19:49:06.399+0900][6.930s][info][gc,phases      ] GC(314) Summary Phase 0.042ms
[2026-03-22T19:49:06.399+0900][6.930s][info][gc,phases,start] GC(314) Adjust Roots
[2026-03-22T19:49:06.399+0900][6.930s][info][gc,phases      ] GC(314) Adjust Roots 0.220ms
[2026-03-22T19:49:06.399+0900][6.930s][info][gc,phases,start] GC(314) Compaction Phase
[2026-03-22T19:49:06.405+0900][6.936s][info][gc,phases      ] GC(314) Compaction Phase 5.971ms
[2026-03-22T19:49:06.405+0900][6.936s][info][gc,phases,start] GC(314) Post Compact
[2026-03-22T19:49:06.406+0900][6.938s][info][gc,phases      ] GC(314) Post Compact 1.411ms
[2026-03-22T19:49:06.406+0900][6.938s][info][gc,heap        ] GC(314) PSYoungGen: 163057K(163840K)->0K(163840K) Eden: 152561K(153088K)->0K(153088K) From: 10496K(10752K)->0K(10752K)
[2026-03-22T19:49:06.406+0900][6.938s][info][gc,heap        ] GC(314) ParOldGen: 291999K(349696K)->103430K(349696K)
[2026-03-22T19:49:06.406+0900][6.938s][info][gc,metaspace   ] GC(314) Metaspace: 338K(512K)->338K(512K) NonClass: 320K(384K)->320K(384K) Class: 17K(128K)->17K(128K)
[2026-03-22T19:49:06.406+0900][6.938s][info][gc             ] GC(314) Pause Full (Ergonomics) 444M->101M(501M) 9.134ms
[2026-03-22T19:49:06.406+0900][6.938s][info][gc,cpu         ] GC(314) User=0.06s Sys=0.00s Real=0.01s
[2026-03-22T19:49:06.420+0900][6.952s][info][gc,start       ] GC(315) Pause Young (Allocation Failure)
[2026-03-22T19:49:06.425+0900][6.957s][info][gc,heap        ] GC(315) PSYoungGen: 152561K(163840K)->10496K(163840K) Eden: 152561K(153088K)->0K(153088K) From: 0K(10752K)->10496K(10752K)
[2026-03-22T19:49:06.425+0900][6.957s][info][gc,heap        ] GC(315) ParOldGen: 103430K(349696K)->197639K(349696K)
[2026-03-22T19:49:06.425+0900][6.957s][info][gc,metaspace   ] GC(315) Metaspace: 338K(512K)->338K(512K) NonClass: 320K(384K)->320K(384K) Class: 17K(128K)->17K(128K)
[2026-03-22T19:49:06.425+0900][6.957s][info][gc             ] GC(315) Pause Young (Allocation Failure) 249M->203M(501M) 4.562ms
[2026-03-22T19:49:06.425+0900][6.957s][info][gc,cpu         ] GC(315) User=0.00s Sys=0.00s Real=0.00s
[2026-03-22T19:49:06.439+0900][6.971s][info][gc,start       ] GC(316) Pause Young (Allocation Failure)
[2026-03-22T19:49:06.444+0900][6.975s][info][gc,heap        ] GC(316) PSYoungGen: 163057K(163840K)->10496K(163840K) Eden: 152561K(153088K)->0K(153088K) From: 10496K(10752K)->10496K(10752K)
[2026-03-22T19:49:06.444+0900][6.976s][info][gc,heap        ] GC(316) ParOldGen: 197639K(349696K)->291999K(349696K)
[2026-03-22T19:49:06.444+0900][6.976s][info][gc,metaspace   ] GC(316) Metaspace: 338K(512K)->338K(512K) NonClass: 320K(384K)->320K(384K) Class: 17K(128K)->17K(128K)
[2026-03-22T19:49:06.444+0900][6.976s][info][gc             ] GC(316) Pause Young (Allocation Failure) 352M->295M(501M) 4.313ms
[2026-03-22T19:49:06.444+0900][6.976s][info][gc,cpu         ] GC(316) User=0.00s Sys=0.00s Real=0.01s
[2026-03-22T19:49:06.459+0900][6.990s][info][gc,start       ] GC(317) Pause Full (Ergonomics)
[2026-03-22T19:49:06.459+0900][6.990s][info][gc,phases,start] GC(317) Marking Phase
[2026-03-22T19:49:06.459+0900][6.991s][info][gc,phases      ] GC(317) Marking Phase 0.979ms
[2026-03-22T19:49:06.459+0900][6.991s][info][gc,phases,start] GC(317) Summary Phase
[2026-03-22T19:49:06.459+0900][6.991s][info][gc,phases      ] GC(317) Summary Phase 0.015ms
[2026-03-22T19:49:06.459+0900][6.991s][info][gc,phases,start] GC(317) Adjust Roots
[2026-03-22T19:49:06.459+0900][6.991s][info][gc,phases      ] GC(317) Adjust Roots 0.205ms
[2026-03-22T19:49:06.459+0900][6.991s][info][gc,phases,start] GC(317) Compaction Phase
[2026-03-22T19:49:06.465+0900][6.996s][info][gc,phases      ] GC(317) Compaction Phase 5.357ms
[2026-03-22T19:49:06.465+0900][6.996s][info][gc,phases,start] GC(317) Post Compact
[2026-03-22T19:49:06.466+0900][6.998s][info][gc,phases      ] GC(317) Post Compact 1.359ms
[2026-03-22T19:49:06.466+0900][6.998s][info][gc,heap        ] GC(317) PSYoungGen: 163057K(163840K)->0K(163840K) Eden: 152561K(153088K)->0K(153088K) From: 10496K(10752K)->0K(10752K)
[2026-03-22T19:49:06.466+0900][6.998s][info][gc,heap        ] GC(317) ParOldGen: 291999K(349696K)->103430K(349696K)
[2026-03-22T19:49:06.466+0900][6.998s][info][gc,metaspace   ] GC(317) Metaspace: 338K(512K)->338K(512K) NonClass: 320K(384K)->320K(384K) Class: 17K(128K)->17K(128K)
[2026-03-22T19:49:06.466+0900][6.998s][info][gc             ] GC(317) Pause Full (Ergonomics) 444M->101M(501M) 8.124ms
[2026-03-22T19:49:06.466+0900][6.998s][info][gc,cpu         ] GC(317) User=0.06s Sys=0.00s Real=0.01s
[2026-03-22T19:49:06.481+0900][7.012s][info][gc,start       ] GC(318) Pause Young (Allocation Failure)
[2026-03-22T19:49:06.485+0900][7.017s][info][gc,heap        ] GC(318) PSYoungGen: 152561K(163840K)->10496K(163840K) Eden: 152561K(153088K)->0K(153088K) From: 0K(10752K)->10496K(10752K)
[2026-03-22T19:49:06.485+0900][7.017s][info][gc,heap        ] GC(318) ParOldGen: 103430K(349696K)->197639K(349696K)
[2026-03-22T19:49:06.485+0900][7.017s][info][gc,metaspace   ] GC(318) Metaspace: 338K(512K)->338K(512K) NonClass: 320K(384K)->320K(384K) Class: 17K(128K)->17K(128K)
[2026-03-22T19:49:06.485+0900][7.017s][info][gc             ] GC(318) Pause Young (Allocation Failure) 249M->203M(501M) 4.560ms
[2026-03-22T19:49:06.485+0900][7.017s][info][gc,cpu         ] GC(318) User=0.00s Sys=0.00s Real=0.00s
[2026-03-22T19:49:06.500+0900][7.032s][info][gc,start       ] GC(319) Pause Young (Allocation Failure)
[2026-03-22T19:49:06.504+0900][7.036s][info][gc,heap        ] GC(319) PSYoungGen: 163057K(163840K)->10496K(163840K) Eden: 152561K(153088K)->0K(153088K) From: 10496K(10752K)->10496K(10752K)
[2026-03-22T19:49:06.505+0900][7.036s][info][gc,heap        ] GC(319) ParOldGen: 197639K(349696K)->291999K(349696K)
[2026-03-22T19:49:06.505+0900][7.036s][info][gc,metaspace   ] GC(319) Metaspace: 338K(512K)->338K(512K) NonClass: 320K(384K)->320K(384K) Class: 17K(128K)->17K(128K)
[2026-03-22T19:49:06.505+0900][7.036s][info][gc             ] GC(319) Pause Young (Allocation Failure) 352M->295M(501M) 4.861ms
[2026-03-22T19:49:06.505+0900][7.036s][info][gc,cpu         ] GC(319) User=0.00s Sys=0.00s Real=0.01s
[2026-03-22T19:49:06.519+0900][7.051s][info][gc,start       ] GC(320) Pause Full (Ergonomics)
[2026-03-22T19:49:06.519+0900][7.051s][info][gc,phases,start] GC(320) Marking Phase
[2026-03-22T19:49:06.520+0900][7.052s][info][gc,phases      ] GC(320) Marking Phase 0.994ms
[2026-03-22T19:49:06.520+0900][7.052s][info][gc,phases,start] GC(320) Summary Phase
[2026-03-22T19:49:06.520+0900][7.052s][info][gc,phases      ] GC(320) Summary Phase 0.014ms
[2026-03-22T19:49:06.520+0900][7.052s][info][gc,phases,start] GC(320) Adjust Roots
[2026-03-22T19:49:06.520+0900][7.052s][info][gc,phases      ] GC(320) Adjust Roots 0.143ms
[2026-03-22T19:49:06.520+0900][7.052s][info][gc,phases,start] GC(320) Compaction Phase
[2026-03-22T19:49:06.526+0900][7.057s][info][gc,phases      ] GC(320) Compaction Phase 5.620ms
[2026-03-22T19:49:06.526+0900][7.057s][info][gc,phases,start] GC(320) Post Compact
[2026-03-22T19:49:06.528+0900][7.059s][info][gc,phases      ] GC(320) Post Compact 1.369ms
[2026-03-22T19:49:06.528+0900][7.059s][info][gc,heap        ] GC(320) PSYoungGen: 163057K(163840K)->0K(163840K) Eden: 152561K(153088K)->0K(153088K) From: 10496K(10752K)->0K(10752K)
[2026-03-22T19:49:06.528+0900][7.059s][info][gc,heap        ] GC(320) ParOldGen: 291999K(349696K)->103430K(349696K)
[2026-03-22T19:49:06.528+0900][7.059s][info][gc,metaspace   ] GC(320) Metaspace: 338K(512K)->338K(512K) NonClass: 320K(384K)->320K(384K) Class: 17K(128K)->17K(128K)
[2026-03-22T19:49:06.528+0900][7.059s][info][gc             ] GC(320) Pause Full (Ergonomics) 444M->101M(501M) 8.363ms
[2026-03-22T19:49:06.528+0900][7.059s][info][gc,cpu         ] GC(320) User=0.06s Sys=0.00s Real=0.01s
[2026-03-22T19:49:06.542+0900][7.073s][info][gc,start       ] GC(321) Pause Young (Allocation Failure)
[2026-03-22T19:49:06.546+0900][7.078s][info][gc,heap        ] GC(321) PSYoungGen: 152561K(163840K)->10496K(163840K) Eden: 152561K(153088K)->0K(153088K) From: 0K(10752K)->10496K(10752K)
[2026-03-22T19:49:06.546+0900][7.078s][info][gc,heap        ] GC(321) ParOldGen: 103430K(349696K)->197639K(349696K)
[2026-03-22T19:49:06.546+0900][7.078s][info][gc,metaspace   ] GC(321) Metaspace: 338K(512K)->338K(512K) NonClass: 320K(384K)->320K(384K) Class: 17K(128K)->17K(128K)
[2026-03-22T19:49:06.546+0900][7.078s][info][gc             ] GC(321) Pause Young (Allocation Failure) 249M->203M(501M) 4.679ms
[2026-03-22T19:49:06.546+0900][7.078s][info][gc,cpu         ] GC(321) User=0.00s Sys=0.00s Real=0.00s
[2026-03-22T19:49:06.560+0900][7.092s][info][gc,start       ] GC(322) Pause Young (Allocation Failure)
[2026-03-22T19:49:06.565+0900][7.097s][info][gc,heap        ] GC(322) PSYoungGen: 163057K(163840K)->10496K(163840K) Eden: 152561K(153088K)->0K(153088K) From: 10496K(10752K)->10496K(10752K)
[2026-03-22T19:49:06.565+0900][7.097s][info][gc,heap        ] GC(322) ParOldGen: 197639K(349696K)->291999K(349696K)
[2026-03-22T19:49:06.565+0900][7.097s][info][gc,metaspace   ] GC(322) Metaspace: 338K(512K)->338K(512K) NonClass: 320K(384K)->320K(384K) Class: 17K(128K)->17K(128K)
[2026-03-22T19:49:06.565+0900][7.097s][info][gc             ] GC(322) Pause Young (Allocation Failure) 352M->295M(501M) 4.589ms
[2026-03-22T19:49:06.565+0900][7.097s][info][gc,cpu         ] GC(322) User=0.00s Sys=0.00s Real=0.01s
[2026-03-22T19:49:06.579+0900][7.111s][info][gc,start       ] GC(323) Pause Full (Ergonomics)
[2026-03-22T19:49:06.579+0900][7.111s][info][gc,phases,start] GC(323) Marking Phase
[2026-03-22T19:49:06.580+0900][7.112s][info][gc,phases      ] GC(323) Marking Phase 1.085ms
[2026-03-22T19:49:06.580+0900][7.112s][info][gc,phases,start] GC(323) Summary Phase
[2026-03-22T19:49:06.580+0900][7.112s][info][gc,phases      ] GC(323) Summary Phase 0.013ms
[2026-03-22T19:49:06.580+0900][7.112s][info][gc,phases,start] GC(323) Adjust Roots
[2026-03-22T19:49:06.580+0900][7.112s][info][gc,phases      ] GC(323) Adjust Roots 0.195ms
[2026-03-22T19:49:06.580+0900][7.112s][info][gc,phases,start] GC(323) Compaction Phase
[2026-03-22T19:49:06.586+0900][7.118s][info][gc,phases      ] GC(323) Compaction Phase 6.124ms
[2026-03-22T19:49:06.586+0900][7.118s][info][gc,phases,start] GC(323) Post Compact
[2026-03-22T19:49:06.588+0900][7.120s][info][gc,phases      ] GC(323) Post Compact 1.491ms
[2026-03-22T19:49:06.588+0900][7.120s][info][gc,heap        ] GC(323) PSYoungGen: 163057K(163840K)->0K(163840K) Eden: 152561K(153088K)->0K(153088K) From: 10496K(10752K)->0K(10752K)
[2026-03-22T19:49:06.588+0900][7.120s][info][gc,heap        ] GC(323) ParOldGen: 291999K(349696K)->103195K(349696K)
[2026-03-22T19:49:06.588+0900][7.120s][info][gc,metaspace   ] GC(323) Metaspace: 338K(512K)->338K(512K) NonClass: 320K(384K)->320K(384K) Class: 17K(128K)->17K(128K)
[2026-03-22T19:49:06.588+0900][7.120s][info][gc             ] GC(323) Pause Full (Ergonomics) 444M->100M(501M) 9.225ms
[2026-03-22T19:49:06.588+0900][7.120s][info][gc,cpu         ] GC(323) User=0.00s Sys=0.00s Real=0.01s
[2026-03-22T19:49:06.603+0900][7.134s][info][gc,start       ] GC(324) Pause Young (Allocation Failure)
[2026-03-22T19:49:06.607+0900][7.139s][info][gc,heap        ] GC(324) PSYoungGen: 152561K(163840K)->10496K(163840K) Eden: 152561K(153088K)->0K(153088K) From: 0K(10752K)->10496K(10752K)
[2026-03-22T19:49:06.607+0900][7.139s][info][gc,heap        ] GC(324) ParOldGen: 103195K(349696K)->197403K(349696K)
[2026-03-22T19:49:06.607+0900][7.139s][info][gc,metaspace   ] GC(324) Metaspace: 338K(512K)->338K(512K) NonClass: 320K(384K)->320K(384K) Class: 17K(128K)->17K(128K)
[2026-03-22T19:49:06.607+0900][7.139s][info][gc             ] GC(324) Pause Young (Allocation Failure) 249M->203M(501M) 4.629ms
[2026-03-22T19:49:06.607+0900][7.139s][info][gc,cpu         ] GC(324) User=0.06s Sys=0.00s Real=0.00s
[2026-03-22T19:49:06.621+0900][7.153s][info][gc,start       ] GC(325) Pause Young (Allocation Failure)
[2026-03-22T19:49:06.626+0900][7.157s][info][gc,heap        ] GC(325) PSYoungGen: 163057K(163840K)->10496K(163840K) Eden: 152561K(153088K)->0K(153088K) From: 10496K(10752K)->10496K(10752K)
[2026-03-22T19:49:06.626+0900][7.157s][info][gc,heap        ] GC(325) ParOldGen: 197403K(349696K)->291764K(349696K)
[2026-03-22T19:49:06.626+0900][7.157s][info][gc,metaspace   ] GC(325) Metaspace: 338K(512K)->338K(512K) NonClass: 320K(384K)->320K(384K) Class: 17K(128K)->17K(128K)
[2026-03-22T19:49:06.626+0900][7.157s][info][gc             ] GC(325) Pause Young (Allocation Failure) 352M->295M(501M) 4.480ms
[2026-03-22T19:49:06.626+0900][7.157s][info][gc,cpu         ] GC(325) User=0.00s Sys=0.00s Real=0.00s
[2026-03-22T19:49:06.640+0900][7.172s][info][gc,start       ] GC(326) Pause Full (Ergonomics)
[2026-03-22T19:49:06.640+0900][7.172s][info][gc,phases,start] GC(326) Marking Phase
[2026-03-22T19:49:06.641+0900][7.173s][info][gc,phases      ] GC(326) Marking Phase 0.965ms
[2026-03-22T19:49:06.641+0900][7.173s][info][gc,phases,start] GC(326) Summary Phase
[2026-03-22T19:49:06.641+0900][7.173s][info][gc,phases      ] GC(326) Summary Phase 0.012ms
[2026-03-22T19:49:06.641+0900][7.173s][info][gc,phases,start] GC(326) Adjust Roots
[2026-03-22T19:49:06.641+0900][7.173s][info][gc,phases      ] GC(326) Adjust Roots 0.194ms
[2026-03-22T19:49:06.641+0900][7.173s][info][gc,phases,start] GC(326) Compaction Phase
[2026-03-22T19:49:06.647+0900][7.178s][info][gc,phases      ] GC(326) Compaction Phase 5.565ms
[2026-03-22T19:49:06.647+0900][7.178s][info][gc,phases,start] GC(326) Post Compact
[2026-03-22T19:49:06.648+0900][7.180s][info][gc,phases      ] GC(326) Post Compact 1.251ms
[2026-03-22T19:49:06.648+0900][7.180s][info][gc,heap        ] GC(326) PSYoungGen: 163057K(163840K)->0K(163840K) Eden: 152561K(153088K)->0K(153088K) From: 10496K(10752K)->0K(10752K)
[2026-03-22T19:49:06.648+0900][7.180s][info][gc,heap        ] GC(326) ParOldGen: 291764K(349696K)->103430K(349696K)
[2026-03-22T19:49:06.648+0900][7.180s][info][gc,metaspace   ] GC(326) Metaspace: 338K(512K)->338K(512K) NonClass: 320K(384K)->320K(384K) Class: 17K(128K)->17K(128K)
[2026-03-22T19:49:06.648+0900][7.180s][info][gc             ] GC(326) Pause Full (Ergonomics) 444M->101M(501M) 8.175ms
[2026-03-22T19:49:06.648+0900][7.180s][info][gc,cpu         ] GC(326) User=0.00s Sys=0.00s Real=0.01s
[2026-03-22T19:49:06.662+0900][7.193s][info][gc,start       ] GC(327) Pause Young (Allocation Failure)
[2026-03-22T19:49:06.667+0900][7.198s][info][gc,heap        ] GC(327) PSYoungGen: 152561K(163840K)->10496K(163840K) Eden: 152561K(153088K)->0K(153088K) From: 0K(10752K)->10496K(10752K)
[2026-03-22T19:49:06.667+0900][7.198s][info][gc,heap        ] GC(327) ParOldGen: 103430K(349696K)->197639K(349696K)
[2026-03-22T19:49:06.667+0900][7.198s][info][gc,metaspace   ] GC(327) Metaspace: 338K(512K)->338K(512K) NonClass: 320K(384K)->320K(384K) Class: 17K(128K)->17K(128K)
[2026-03-22T19:49:06.667+0900][7.198s][info][gc             ] GC(327) Pause Young (Allocation Failure) 249M->203M(501M) 4.452ms
[2026-03-22T19:49:06.667+0900][7.198s][info][gc,cpu         ] GC(327) User=0.06s Sys=0.00s Real=0.01s
[2026-03-22T19:49:06.680+0900][7.211s][info][gc,start       ] GC(328) Pause Young (Allocation Failure)
[2026-03-22T19:49:06.684+0900][7.216s][info][gc,heap        ] GC(328) PSYoungGen: 163057K(163840K)->10496K(163840K) Eden: 152561K(153088K)->0K(153088K) From: 10496K(10752K)->10496K(10752K)
[2026-03-22T19:49:06.684+0900][7.216s][info][gc,heap        ] GC(328) ParOldGen: 197639K(349696K)->291999K(349696K)
[2026-03-22T19:49:06.684+0900][7.216s][info][gc,metaspace   ] GC(328) Metaspace: 338K(512K)->338K(512K) NonClass: 320K(384K)->320K(384K) Class: 17K(128K)->17K(128K)
[2026-03-22T19:49:06.684+0900][7.216s][info][gc             ] GC(328) Pause Young (Allocation Failure) 352M->295M(501M) 4.810ms
[2026-03-22T19:49:06.684+0900][7.216s][info][gc,cpu         ] GC(328) User=0.06s Sys=0.00s Real=0.00s
[2026-03-22T19:49:06.698+0900][7.230s][info][gc,start       ] GC(329) Pause Full (Ergonomics)
[2026-03-22T19:49:06.698+0900][7.230s][info][gc,phases,start] GC(329) Marking Phase
[2026-03-22T19:49:06.699+0900][7.231s][info][gc,phases      ] GC(329) Marking Phase 1.102ms
[2026-03-22T19:49:06.699+0900][7.231s][info][gc,phases,start] GC(329) Summary Phase
[2026-03-22T19:49:06.699+0900][7.231s][info][gc,phases      ] GC(329) Summary Phase 0.021ms
[2026-03-22T19:49:06.699+0900][7.231s][info][gc,phases,start] GC(329) Adjust Roots
[2026-03-22T19:49:06.700+0900][7.231s][info][gc,phases      ] GC(329) Adjust Roots 0.236ms
[2026-03-22T19:49:06.700+0900][7.231s][info][gc,phases,start] GC(329) Compaction Phase
[2026-03-22T19:49:06.705+0900][7.237s][info][gc,phases      ] GC(329) Compaction Phase 5.162ms
[2026-03-22T19:49:06.705+0900][7.237s][info][gc,phases,start] GC(329) Post Compact
[2026-03-22T19:49:06.706+0900][7.238s][info][gc,phases      ] GC(329) Post Compact 1.273ms
[2026-03-22T19:49:06.706+0900][7.238s][info][gc,heap        ] GC(329) PSYoungGen: 163057K(163840K)->0K(163840K) Eden: 152561K(153088K)->0K(153088K) From: 10496K(10752K)->0K(10752K)
[2026-03-22T19:49:06.706+0900][7.238s][info][gc,heap        ] GC(329) ParOldGen: 291999K(349696K)->103430K(349696K)
[2026-03-22T19:49:06.706+0900][7.238s][info][gc,metaspace   ] GC(329) Metaspace: 338K(512K)->338K(512K) NonClass: 320K(384K)->320K(384K) Class: 17K(128K)->17K(128K)
[2026-03-22T19:49:06.706+0900][7.238s][info][gc             ] GC(329) Pause Full (Ergonomics) 444M->101M(501M) 8.000ms
[2026-03-22T19:49:06.706+0900][7.238s][info][gc,cpu         ] GC(329) User=0.00s Sys=0.00s Real=0.01s
[2026-03-22T19:49:06.721+0900][7.252s][info][gc,start       ] GC(330) Pause Young (Allocation Failure)
[2026-03-22T19:49:06.725+0900][7.256s][info][gc,heap        ] GC(330) PSYoungGen: 152561K(163840K)->10496K(163840K) Eden: 152561K(153088K)->0K(153088K) From: 0K(10752K)->10496K(10752K)
[2026-03-22T19:49:06.725+0900][7.256s][info][gc,heap        ] GC(330) ParOldGen: 103430K(349696K)->197639K(349696K)
[2026-03-22T19:49:06.725+0900][7.256s][info][gc,metaspace   ] GC(330) Metaspace: 338K(512K)->338K(512K) NonClass: 320K(384K)->320K(384K) Class: 17K(128K)->17K(128K)
[2026-03-22T19:49:06.725+0900][7.256s][info][gc             ] GC(330) Pause Young (Allocation Failure) 249M->203M(501M) 4.216ms
[2026-03-22T19:49:06.725+0900][7.256s][info][gc,cpu         ] GC(330) User=0.00s Sys=0.00s Real=0.00s
[2026-03-22T19:49:06.739+0900][7.270s][info][gc,start       ] GC(331) Pause Young (Allocation Failure)
[2026-03-22T19:49:06.743+0900][7.274s][info][gc,heap        ] GC(331) PSYoungGen: 163057K(163840K)->10496K(163840K) Eden: 152561K(153088K)->0K(153088K) From: 10496K(10752K)->10496K(10752K)
[2026-03-22T19:49:06.743+0900][7.274s][info][gc,heap        ] GC(331) ParOldGen: 197639K(349696K)->291999K(349696K)
[2026-03-22T19:49:06.743+0900][7.274s][info][gc,metaspace   ] GC(331) Metaspace: 338K(512K)->338K(512K) NonClass: 320K(384K)->320K(384K) Class: 17K(128K)->17K(128K)
[2026-03-22T19:49:06.743+0900][7.274s][info][gc             ] GC(331) Pause Young (Allocation Failure) 352M->295M(501M) 4.310ms
[2026-03-22T19:49:06.743+0900][7.274s][info][gc,cpu         ] GC(331) User=0.00s Sys=0.00s Real=0.00s
[2026-03-22T19:49:06.757+0900][7.288s][info][gc,start       ] GC(332) Pause Full (Ergonomics)
[2026-03-22T19:49:06.757+0900][7.288s][info][gc,phases,start] GC(332) Marking Phase
[2026-03-22T19:49:06.758+0900][7.290s][info][gc,phases      ] GC(332) Marking Phase 1.097ms
[2026-03-22T19:49:06.758+0900][7.290s][info][gc,phases,start] GC(332) Summary Phase
[2026-03-22T19:49:06.758+0900][7.290s][info][gc,phases      ] GC(332) Summary Phase 0.014ms
[2026-03-22T19:49:06.758+0900][7.290s][info][gc,phases,start] GC(332) Adjust Roots
[2026-03-22T19:49:06.758+0900][7.290s][info][gc,phases      ] GC(332) Adjust Roots 0.155ms
[2026-03-22T19:49:06.758+0900][7.290s][info][gc,phases,start] GC(332) Compaction Phase
[2026-03-22T19:49:06.764+0900][7.296s][info][gc,phases      ] GC(332) Compaction Phase 5.820ms
[2026-03-22T19:49:06.764+0900][7.296s][info][gc,phases,start] GC(332) Post Compact
[2026-03-22T19:49:06.765+0900][7.297s][info][gc,phases      ] GC(332) Post Compact 1.608ms
[2026-03-22T19:49:06.765+0900][7.297s][info][gc,heap        ] GC(332) PSYoungGen: 163057K(163840K)->0K(163840K) Eden: 152561K(153088K)->0K(153088K) From: 10496K(10752K)->0K(10752K)
[2026-03-22T19:49:06.765+0900][7.297s][info][gc,heap        ] GC(332) ParOldGen: 291999K(349696K)->103430K(349696K)
[2026-03-22T19:49:06.765+0900][7.297s][info][gc,metaspace   ] GC(332) Metaspace: 338K(512K)->338K(512K) NonClass: 320K(384K)->320K(384K) Class: 17K(128K)->17K(128K)
[2026-03-22T19:49:06.765+0900][7.297s][info][gc             ] GC(332) Pause Full (Ergonomics) 444M->101M(501M) 8.963ms
[2026-03-22T19:49:06.765+0900][7.297s][info][gc,cpu         ] GC(332) User=0.06s Sys=0.00s Real=0.01s
[2026-03-22T19:49:06.781+0900][7.312s][info][gc,start       ] GC(333) Pause Young (Allocation Failure)
[2026-03-22T19:49:06.786+0900][7.317s][info][gc,heap        ] GC(333) PSYoungGen: 152561K(163840K)->10496K(163840K) Eden: 152561K(153088K)->0K(153088K) From: 0K(10752K)->10496K(10752K)
[2026-03-22T19:49:06.786+0900][7.317s][info][gc,heap        ] GC(333) ParOldGen: 103430K(349696K)->197639K(349696K)
[2026-03-22T19:49:06.786+0900][7.317s][info][gc,metaspace   ] GC(333) Metaspace: 338K(512K)->338K(512K) NonClass: 320K(384K)->320K(384K) Class: 17K(128K)->17K(128K)
[2026-03-22T19:49:06.786+0900][7.317s][info][gc             ] GC(333) Pause Young (Allocation Failure) 249M->203M(501M) 4.713ms
[2026-03-22T19:49:06.786+0900][7.317s][info][gc,cpu         ] GC(333) User=0.00s Sys=0.00s Real=0.01s
[2026-03-22T19:49:06.801+0900][7.332s][info][gc,start       ] GC(334) Pause Young (Allocation Failure)
[2026-03-22T19:49:06.806+0900][7.337s][info][gc,heap        ] GC(334) PSYoungGen: 163057K(163840K)->10496K(163840K) Eden: 152561K(153088K)->0K(153088K) From: 10496K(10752K)->10496K(10752K)
[2026-03-22T19:49:06.806+0900][7.337s][info][gc,heap        ] GC(334) ParOldGen: 197639K(349696K)->291999K(349696K)
[2026-03-22T19:49:06.806+0900][7.337s][info][gc,metaspace   ] GC(334) Metaspace: 338K(512K)->338K(512K) NonClass: 320K(384K)->320K(384K) Class: 17K(128K)->17K(128K)
[2026-03-22T19:49:06.806+0900][7.337s][info][gc             ] GC(334) Pause Young (Allocation Failure) 352M->295M(501M) 4.896ms
[2026-03-22T19:49:06.806+0900][7.337s][info][gc,cpu         ] GC(334) User=0.00s Sys=0.00s Real=0.00s
[2026-03-22T19:49:06.820+0900][7.351s][info][gc,start       ] GC(335) Pause Full (Ergonomics)
[2026-03-22T19:49:06.820+0900][7.351s][info][gc,phases,start] GC(335) Marking Phase
[2026-03-22T19:49:06.821+0900][7.352s][info][gc,phases      ] GC(335) Marking Phase 0.841ms
[2026-03-22T19:49:06.821+0900][7.352s][info][gc,phases,start] GC(335) Summary Phase
[2026-03-22T19:49:06.821+0900][7.352s][info][gc,phases      ] GC(335) Summary Phase 0.013ms
[2026-03-22T19:49:06.821+0900][7.352s][info][gc,phases,start] GC(335) Adjust Roots
[2026-03-22T19:49:06.821+0900][7.352s][info][gc,phases      ] GC(335) Adjust Roots 0.133ms
[2026-03-22T19:49:06.821+0900][7.352s][info][gc,phases,start] GC(335) Compaction Phase
[2026-03-22T19:49:06.826+0900][7.357s][info][gc,phases      ] GC(335) Compaction Phase 5.210ms
[2026-03-22T19:49:06.826+0900][7.357s][info][gc,phases,start] GC(335) Post Compact
[2026-03-22T19:49:06.827+0900][7.359s][info][gc,phases      ] GC(335) Post Compact 1.417ms
[2026-03-22T19:49:06.827+0900][7.359s][info][gc,heap        ] GC(335) PSYoungGen: 163057K(163840K)->0K(163840K) Eden: 152561K(153088K)->0K(153088K) From: 10496K(10752K)->0K(10752K)
[2026-03-22T19:49:06.827+0900][7.359s][info][gc,heap        ] GC(335) ParOldGen: 291999K(349696K)->103430K(349696K)
[2026-03-22T19:49:06.827+0900][7.359s][info][gc,metaspace   ] GC(335) Metaspace: 338K(512K)->338K(512K) NonClass: 320K(384K)->320K(384K) Class: 17K(128K)->17K(128K)
[2026-03-22T19:49:06.827+0900][7.359s][info][gc             ] GC(335) Pause Full (Ergonomics) 444M->101M(501M) 7.827ms
[2026-03-22T19:49:06.827+0900][7.359s][info][gc,cpu         ] GC(335) User=0.06s Sys=0.00s Real=0.01s
[2026-03-22T19:49:06.841+0900][7.373s][info][gc,start       ] GC(336) Pause Young (Allocation Failure)
[2026-03-22T19:49:06.846+0900][7.377s][info][gc,heap        ] GC(336) PSYoungGen: 152561K(163840K)->10496K(163840K) Eden: 152561K(153088K)->0K(153088K) From: 0K(10752K)->10496K(10752K)
[2026-03-22T19:49:06.846+0900][7.377s][info][gc,heap        ] GC(336) ParOldGen: 103430K(349696K)->197639K(349696K)
[2026-03-22T19:49:06.846+0900][7.377s][info][gc,metaspace   ] GC(336) Metaspace: 338K(512K)->338K(512K) NonClass: 320K(384K)->320K(384K) Class: 17K(128K)->17K(128K)
[2026-03-22T19:49:06.846+0900][7.377s][info][gc             ] GC(336) Pause Young (Allocation Failure) 249M->203M(501M) 4.260ms
[2026-03-22T19:49:06.846+0900][7.377s][info][gc,cpu         ] GC(336) User=0.00s Sys=0.00s Real=0.00s
[2026-03-22T19:49:06.859+0900][7.391s][info][gc,start       ] GC(337) Pause Young (Allocation Failure)
[2026-03-22T19:49:06.863+0900][7.395s][info][gc,heap        ] GC(337) PSYoungGen: 163057K(163840K)->10496K(163840K) Eden: 152561K(153088K)->0K(153088K) From: 10496K(10752K)->10496K(10752K)
[2026-03-22T19:49:06.863+0900][7.395s][info][gc,heap        ] GC(337) ParOldGen: 197639K(349696K)->291999K(349696K)
[2026-03-22T19:49:06.863+0900][7.395s][info][gc,metaspace   ] GC(337) Metaspace: 338K(512K)->338K(512K) NonClass: 320K(384K)->320K(384K) Class: 17K(128K)->17K(128K)
[2026-03-22T19:49:06.863+0900][7.395s][info][gc             ] GC(337) Pause Young (Allocation Failure) 352M->295M(501M) 4.573ms
[2026-03-22T19:49:06.863+0900][7.395s][info][gc,cpu         ] GC(337) User=0.00s Sys=0.00s Real=0.00s
[2026-03-22T19:49:06.879+0900][7.410s][info][gc,start       ] GC(338) Pause Full (Ergonomics)
[2026-03-22T19:49:06.879+0900][7.410s][info][gc,phases,start] GC(338) Marking Phase
[2026-03-22T19:49:06.880+0900][7.412s][info][gc,phases      ] GC(338) Marking Phase 1.261ms
[2026-03-22T19:49:06.880+0900][7.412s][info][gc,phases,start] GC(338) Summary Phase
[2026-03-22T19:49:06.880+0900][7.412s][info][gc,phases      ] GC(338) Summary Phase 0.033ms
[2026-03-22T19:49:06.880+0900][7.412s][info][gc,phases,start] GC(338) Adjust Roots
[2026-03-22T19:49:06.880+0900][7.412s][info][gc,phases      ] GC(338) Adjust Roots 0.307ms
[2026-03-22T19:49:06.881+0900][7.412s][info][gc,phases,start] GC(338) Compaction Phase
[2026-03-22T19:49:06.887+0900][7.419s][info][gc,phases      ] GC(338) Compaction Phase 6.617ms
[2026-03-22T19:49:06.887+0900][7.419s][info][gc,phases,start] GC(338) Post Compact
[2026-03-22T19:49:06.889+0900][7.420s][info][gc,phases      ] GC(338) Post Compact 1.331ms
[2026-03-22T19:49:06.889+0900][7.420s][info][gc,heap        ] GC(338) PSYoungGen: 163057K(163840K)->0K(163840K) Eden: 152561K(153088K)->0K(153088K) From: 10496K(10752K)->0K(10752K)
[2026-03-22T19:49:06.889+0900][7.420s][info][gc,heap        ] GC(338) ParOldGen: 291999K(349696K)->103430K(349696K)
[2026-03-22T19:49:06.889+0900][7.420s][info][gc,metaspace   ] GC(338) Metaspace: 338K(512K)->338K(512K) NonClass: 320K(384K)->320K(384K) Class: 17K(128K)->17K(128K)
[2026-03-22T19:49:06.889+0900][7.420s][info][gc             ] GC(338) Pause Full (Ergonomics) 444M->101M(501M) 9.868ms
[2026-03-22T19:49:06.889+0900][7.420s][info][gc,cpu         ] GC(338) User=0.06s Sys=0.00s Real=0.01s
[2026-03-22T19:49:06.903+0900][7.434s][info][gc,start       ] GC(339) Pause Young (Allocation Failure)
[2026-03-22T19:49:06.908+0900][7.439s][info][gc,heap        ] GC(339) PSYoungGen: 152561K(163840K)->10496K(163840K) Eden: 152561K(153088K)->0K(153088K) From: 0K(10752K)->10496K(10752K)
[2026-03-22T19:49:06.908+0900][7.439s][info][gc,heap        ] GC(339) ParOldGen: 103430K(349696K)->197639K(349696K)
[2026-03-22T19:49:06.908+0900][7.439s][info][gc,metaspace   ] GC(339) Metaspace: 338K(512K)->338K(512K) NonClass: 320K(384K)->320K(384K) Class: 17K(128K)->17K(128K)
[2026-03-22T19:49:06.908+0900][7.439s][info][gc             ] GC(339) Pause Young (Allocation Failure) 249M->203M(501M) 4.899ms
[2026-03-22T19:49:06.908+0900][7.439s][info][gc,cpu         ] GC(339) User=0.00s Sys=0.00s Real=0.00s
[2026-03-22T19:49:06.922+0900][7.453s][info][gc,start       ] GC(340) Pause Young (Allocation Failure)
[2026-03-22T19:49:06.926+0900][7.457s][info][gc,heap        ] GC(340) PSYoungGen: 163057K(163840K)->10496K(163840K) Eden: 152561K(153088K)->0K(153088K) From: 10496K(10752K)->10496K(10752K)
[2026-03-22T19:49:06.926+0900][7.457s][info][gc,heap        ] GC(340) ParOldGen: 197639K(349696K)->291999K(349696K)
[2026-03-22T19:49:06.926+0900][7.457s][info][gc,metaspace   ] GC(340) Metaspace: 338K(512K)->338K(512K) NonClass: 320K(384K)->320K(384K) Class: 17K(128K)->17K(128K)
[2026-03-22T19:49:06.926+0900][7.457s][info][gc             ] GC(340) Pause Young (Allocation Failure) 352M->295M(501M) 4.465ms
[2026-03-22T19:49:06.926+0900][7.457s][info][gc,cpu         ] GC(340) User=0.00s Sys=0.00s Real=0.00s
[2026-03-22T19:49:06.940+0900][7.472s][info][gc,start       ] GC(341) Pause Full (Ergonomics)
[2026-03-22T19:49:06.940+0900][7.472s][info][gc,phases,start] GC(341) Marking Phase
[2026-03-22T19:49:06.941+0900][7.473s][info][gc,phases      ] GC(341) Marking Phase 0.959ms
[2026-03-22T19:49:06.941+0900][7.473s][info][gc,phases,start] GC(341) Summary Phase
[2026-03-22T19:49:06.941+0900][7.473s][info][gc,phases      ] GC(341) Summary Phase 0.013ms
[2026-03-22T19:49:06.941+0900][7.473s][info][gc,phases,start] GC(341) Adjust Roots
[2026-03-22T19:49:06.941+0900][7.473s][info][gc,phases      ] GC(341) Adjust Roots 0.177ms
[2026-03-22T19:49:06.941+0900][7.473s][info][gc,phases,start] GC(341) Compaction Phase
[2026-03-22T19:49:06.947+0900][7.478s][info][gc,phases      ] GC(341) Compaction Phase 5.410ms
[2026-03-22T19:49:06.947+0900][7.478s][info][gc,phases,start] GC(341) Post Compact
[2026-03-22T19:49:06.948+0900][7.480s][info][gc,phases      ] GC(341) Post Compact 1.412ms
[2026-03-22T19:49:06.949+0900][7.480s][info][gc,heap        ] GC(341) PSYoungGen: 163057K(163840K)->0K(163840K) Eden: 152561K(153088K)->0K(153088K) From: 10496K(10752K)->0K(10752K)
[2026-03-22T19:49:06.949+0900][7.480s][info][gc,heap        ] GC(341) ParOldGen: 291999K(349696K)->103430K(349696K)
[2026-03-22T19:49:06.949+0900][7.480s][info][gc,metaspace   ] GC(341) Metaspace: 338K(512K)->338K(512K) NonClass: 320K(384K)->320K(384K) Class: 17K(128K)->17K(128K)
[2026-03-22T19:49:06.949+0900][7.480s][info][gc             ] GC(341) Pause Full (Ergonomics) 444M->101M(501M) 8.183ms
[2026-03-22T19:49:06.949+0900][7.480s][info][gc,cpu         ] GC(341) User=0.00s Sys=0.00s Real=0.01s
[2026-03-22T19:49:06.962+0900][7.493s][info][gc,start       ] GC(342) Pause Young (Allocation Failure)
[2026-03-22T19:49:06.967+0900][7.499s][info][gc,heap        ] GC(342) PSYoungGen: 152561K(163840K)->10496K(163840K) Eden: 152561K(153088K)->0K(153088K) From: 0K(10752K)->10496K(10752K)
[2026-03-22T19:49:06.967+0900][7.499s][info][gc,heap        ] GC(342) ParOldGen: 103430K(349696K)->197639K(349696K)
[2026-03-22T19:49:06.967+0900][7.499s][info][gc,metaspace   ] GC(342) Metaspace: 338K(512K)->338K(512K) NonClass: 320K(384K)->320K(384K) Class: 17K(128K)->17K(128K)
[2026-03-22T19:49:06.967+0900][7.499s][info][gc             ] GC(342) Pause Young (Allocation Failure) 249M->203M(501M) 5.190ms
[2026-03-22T19:49:06.967+0900][7.499s][info][gc,cpu         ] GC(342) User=0.06s Sys=0.00s Real=0.01s
[2026-03-22T19:49:06.982+0900][7.513s][info][gc,start       ] GC(343) Pause Young (Allocation Failure)
[2026-03-22T19:49:06.986+0900][7.518s][info][gc,heap        ] GC(343) PSYoungGen: 163057K(163840K)->10496K(163840K) Eden: 152561K(153088K)->0K(153088K) From: 10496K(10752K)->10496K(10752K)
[2026-03-22T19:49:06.986+0900][7.518s][info][gc,heap        ] GC(343) ParOldGen: 197639K(349696K)->291999K(349696K)
[2026-03-22T19:49:06.986+0900][7.518s][info][gc,metaspace   ] GC(343) Metaspace: 338K(512K)->338K(512K) NonClass: 320K(384K)->320K(384K) Class: 17K(128K)->17K(128K)
[2026-03-22T19:49:06.986+0900][7.518s][info][gc             ] GC(343) Pause Young (Allocation Failure) 352M->295M(501M) 4.649ms
[2026-03-22T19:49:06.986+0900][7.518s][info][gc,cpu         ] GC(343) User=0.00s Sys=0.00s Real=0.00s
[2026-03-22T19:49:07.002+0900][7.533s][info][gc,start       ] GC(344) Pause Full (Ergonomics)
[2026-03-22T19:49:07.002+0900][7.533s][info][gc,phases,start] GC(344) Marking Phase
[2026-03-22T19:49:07.003+0900][7.534s][info][gc,phases      ] GC(344) Marking Phase 1.014ms
[2026-03-22T19:49:07.003+0900][7.534s][info][gc,phases,start] GC(344) Summary Phase
[2026-03-22T19:49:07.003+0900][7.534s][info][gc,phases      ] GC(344) Summary Phase 0.013ms
[2026-03-22T19:49:07.003+0900][7.534s][info][gc,phases,start] GC(344) Adjust Roots
[2026-03-22T19:49:07.003+0900][7.535s][info][gc,phases      ] GC(344) Adjust Roots 0.160ms
[2026-03-22T19:49:07.003+0900][7.535s][info][gc,phases,start] GC(344) Compaction Phase
[2026-03-22T19:49:07.009+0900][7.540s][info][gc,phases      ] GC(344) Compaction Phase 5.642ms
[2026-03-22T19:49:07.009+0900][7.540s][info][gc,phases,start] GC(344) Post Compact
[2026-03-22T19:49:07.010+0900][7.542s][info][gc,phases      ] GC(344) Post Compact 1.457ms
[2026-03-22T19:49:07.010+0900][7.542s][info][gc,heap        ] GC(344) PSYoungGen: 163057K(163840K)->0K(163840K) Eden: 152561K(153088K)->0K(153088K) From: 10496K(10752K)->0K(10752K)
[2026-03-22T19:49:07.010+0900][7.542s][info][gc,heap        ] GC(344) ParOldGen: 291999K(349696K)->103430K(349696K)
[2026-03-22T19:49:07.010+0900][7.542s][info][gc,metaspace   ] GC(344) Metaspace: 338K(512K)->338K(512K) NonClass: 320K(384K)->320K(384K) Class: 17K(128K)->17K(128K)
[2026-03-22T19:49:07.010+0900][7.542s][info][gc             ] GC(344) Pause Full (Ergonomics) 444M->101M(501M) 8.550ms
[2026-03-22T19:49:07.010+0900][7.542s][info][gc,cpu         ] GC(344) User=0.02s Sys=0.00s Real=0.01s
[2026-03-22T19:49:07.024+0900][7.556s][info][gc,start       ] GC(345) Pause Young (Allocation Failure)
[2026-03-22T19:49:07.030+0900][7.561s][info][gc,heap        ] GC(345) PSYoungGen: 152561K(163840K)->10496K(163840K) Eden: 152561K(153088K)->0K(153088K) From: 0K(10752K)->10496K(10752K)
[2026-03-22T19:49:07.030+0900][7.561s][info][gc,heap        ] GC(345) ParOldGen: 103430K(349696K)->197639K(349696K)
[2026-03-22T19:49:07.030+0900][7.561s][info][gc,metaspace   ] GC(345) Metaspace: 338K(512K)->338K(512K) NonClass: 320K(384K)->320K(384K) Class: 17K(128K)->17K(128K)
[2026-03-22T19:49:07.030+0900][7.561s][info][gc             ] GC(345) Pause Young (Allocation Failure) 249M->203M(501M) 4.954ms
[2026-03-22T19:49:07.030+0900][7.561s][info][gc,cpu         ] GC(345) User=0.05s Sys=0.00s Real=0.01s
[2026-03-22T19:49:07.044+0900][7.575s][info][gc,start       ] GC(346) Pause Young (Allocation Failure)
[2026-03-22T19:49:07.049+0900][7.580s][info][gc,heap        ] GC(346) PSYoungGen: 163057K(163840K)->10496K(163840K) Eden: 152561K(153088K)->0K(153088K) From: 10496K(10752K)->10496K(10752K)
[2026-03-22T19:49:07.049+0900][7.580s][info][gc,heap        ] GC(346) ParOldGen: 197639K(349696K)->291999K(349696K)
[2026-03-22T19:49:07.049+0900][7.580s][info][gc,metaspace   ] GC(346) Metaspace: 338K(512K)->338K(512K) NonClass: 320K(384K)->320K(384K) Class: 17K(128K)->17K(128K)
[2026-03-22T19:49:07.049+0900][7.580s][info][gc             ] GC(346) Pause Young (Allocation Failure) 352M->295M(501M) 4.631ms
[2026-03-22T19:49:07.049+0900][7.580s][info][gc,cpu         ] GC(346) User=0.00s Sys=0.00s Real=0.01s
[2026-03-22T19:49:07.063+0900][7.594s][info][gc,start       ] GC(347) Pause Full (Ergonomics)
[2026-03-22T19:49:07.063+0900][7.594s][info][gc,phases,start] GC(347) Marking Phase
[2026-03-22T19:49:07.064+0900][7.595s][info][gc,phases      ] GC(347) Marking Phase 1.176ms
[2026-03-22T19:49:07.064+0900][7.595s][info][gc,phases,start] GC(347) Summary Phase
[2026-03-22T19:49:07.064+0900][7.595s][info][gc,phases      ] GC(347) Summary Phase 0.012ms
[2026-03-22T19:49:07.064+0900][7.595s][info][gc,phases,start] GC(347) Adjust Roots
[2026-03-22T19:49:07.064+0900][7.595s][info][gc,phases      ] GC(347) Adjust Roots 0.165ms
[2026-03-22T19:49:07.064+0900][7.595s][info][gc,phases,start] GC(347) Compaction Phase
[2026-03-22T19:49:07.070+0900][7.601s][info][gc,phases      ] GC(347) Compaction Phase 5.513ms
[2026-03-22T19:49:07.070+0900][7.601s][info][gc,phases,start] GC(347) Post Compact
[2026-03-22T19:49:07.071+0900][7.602s][info][gc,phases      ] GC(347) Post Compact 1.465ms
[2026-03-22T19:49:07.071+0900][7.603s][info][gc,heap        ] GC(347) PSYoungGen: 163057K(163840K)->0K(163840K) Eden: 152561K(153088K)->0K(153088K) From: 10496K(10752K)->0K(10752K)
[2026-03-22T19:49:07.071+0900][7.603s][info][gc,heap        ] GC(347) ParOldGen: 291999K(349696K)->103430K(349696K)
[2026-03-22T19:49:07.071+0900][7.603s][info][gc,metaspace   ] GC(347) Metaspace: 338K(512K)->338K(512K) NonClass: 320K(384K)->320K(384K) Class: 17K(128K)->17K(128K)
[2026-03-22T19:49:07.071+0900][7.603s][info][gc             ] GC(347) Pause Full (Ergonomics) 444M->101M(501M) 8.616ms
[2026-03-22T19:49:07.071+0900][7.603s][info][gc,cpu         ] GC(347) User=0.00s Sys=0.00s Real=0.01s
[2026-03-22T19:49:07.084+0900][7.616s][info][gc,start       ] GC(348) Pause Young (Allocation Failure)
[2026-03-22T19:49:07.089+0900][7.621s][info][gc,heap        ] GC(348) PSYoungGen: 152561K(163840K)->10496K(163840K) Eden: 152561K(153088K)->0K(153088K) From: 0K(10752K)->10496K(10752K)
[2026-03-22T19:49:07.090+0900][7.621s][info][gc,heap        ] GC(348) ParOldGen: 103430K(349696K)->197639K(349696K)
[2026-03-22T19:49:07.090+0900][7.621s][info][gc,metaspace   ] GC(348) Metaspace: 338K(512K)->338K(512K) NonClass: 320K(384K)->320K(384K) Class: 17K(128K)->17K(128K)
[2026-03-22T19:49:07.090+0900][7.621s][info][gc             ] GC(348) Pause Young (Allocation Failure) 249M->203M(501M) 5.043ms
[2026-03-22T19:49:07.090+0900][7.621s][info][gc,cpu         ] GC(348) User=0.06s Sys=0.00s Real=0.01s
[2026-03-22T19:49:07.103+0900][7.636s][info][gc,start       ] GC(349) Pause Young (Allocation Failure)
[2026-03-22T19:49:07.109+0900][7.641s][info][gc,heap        ] GC(349) PSYoungGen: 163057K(163840K)->10496K(163840K) Eden: 152561K(153088K)->0K(153088K) From: 10496K(10752K)->10496K(10752K)
[2026-03-22T19:49:07.110+0900][7.641s][info][gc,heap        ] GC(349) ParOldGen: 197639K(349696K)->291999K(349696K)
[2026-03-22T19:49:07.110+0900][7.641s][info][gc,metaspace   ] GC(349) Metaspace: 338K(512K)->338K(512K) NonClass: 320K(384K)->320K(384K) Class: 17K(128K)->17K(128K)
[2026-03-22T19:49:07.110+0900][7.641s][info][gc             ] GC(349) Pause Young (Allocation Failure) 352M->295M(501M) 5.126ms
[2026-03-22T19:49:07.110+0900][7.641s][info][gc,cpu         ] GC(349) User=0.00s Sys=0.00s Real=0.01s
[2026-03-22T19:49:07.125+0900][7.656s][info][gc,start       ] GC(350) Pause Full (Ergonomics)
[2026-03-22T19:49:07.125+0900][7.656s][info][gc,phases,start] GC(350) Marking Phase
[2026-03-22T19:49:07.126+0900][7.657s][info][gc,phases      ] GC(350) Marking Phase 0.962ms
[2026-03-22T19:49:07.126+0900][7.657s][info][gc,phases,start] GC(350) Summary Phase
[2026-03-22T19:49:07.126+0900][7.657s][info][gc,phases      ] GC(350) Summary Phase 0.013ms
[2026-03-22T19:49:07.126+0900][7.657s][info][gc,phases,start] GC(350) Adjust Roots
[2026-03-22T19:49:07.126+0900][7.657s][info][gc,phases      ] GC(350) Adjust Roots 0.155ms
[2026-03-22T19:49:07.126+0900][7.657s][info][gc,phases,start] GC(350) Compaction Phase
[2026-03-22T19:49:07.131+0900][7.663s][info][gc,phases      ] GC(350) Compaction Phase 5.394ms
[2026-03-22T19:49:07.131+0900][7.663s][info][gc,phases,start] GC(350) Post Compact
[2026-03-22T19:49:07.132+0900][7.664s][info][gc,phases      ] GC(350) Post Compact 1.351ms
[2026-03-22T19:49:07.132+0900][7.664s][info][gc,heap        ] GC(350) PSYoungGen: 163057K(163840K)->0K(163840K) Eden: 152561K(153088K)->0K(153088K) From: 10496K(10752K)->0K(10752K)
[2026-03-22T19:49:07.132+0900][7.664s][info][gc,heap        ] GC(350) ParOldGen: 291999K(349696K)->103430K(349696K)
[2026-03-22T19:49:07.132+0900][7.664s][info][gc,metaspace   ] GC(350) Metaspace: 338K(512K)->338K(512K) NonClass: 320K(384K)->320K(384K) Class: 17K(128K)->17K(128K)
[2026-03-22T19:49:07.132+0900][7.664s][info][gc             ] GC(350) Pause Full (Ergonomics) 444M->101M(501M) 8.077ms
[2026-03-22T19:49:07.132+0900][7.664s][info][gc,cpu         ] GC(350) User=0.00s Sys=0.00s Real=0.01s
[2026-03-22T19:49:07.148+0900][7.679s][info][gc,start       ] GC(351) Pause Young (Allocation Failure)
[2026-03-22T19:49:07.152+0900][7.684s][info][gc,heap        ] GC(351) PSYoungGen: 152561K(163840K)->10496K(163840K) Eden: 152561K(153088K)->0K(153088K) From: 0K(10752K)->10496K(10752K)
[2026-03-22T19:49:07.152+0900][7.684s][info][gc,heap        ] GC(351) ParOldGen: 103430K(349696K)->197639K(349696K)
[2026-03-22T19:49:07.152+0900][7.684s][info][gc,metaspace   ] GC(351) Metaspace: 338K(512K)->338K(512K) NonClass: 320K(384K)->320K(384K) Class: 17K(128K)->17K(128K)
[2026-03-22T19:49:07.152+0900][7.684s][info][gc             ] GC(351) Pause Young (Allocation Failure) 249M->203M(501M) 4.741ms
[2026-03-22T19:49:07.152+0900][7.684s][info][gc,cpu         ] GC(351) User=0.06s Sys=0.00s Real=0.00s
[2026-03-22T19:49:07.167+0900][7.698s][info][gc,start       ] GC(352) Pause Young (Allocation Failure)
[2026-03-22T19:49:07.171+0900][7.702s][info][gc,heap        ] GC(352) PSYoungGen: 163057K(163840K)->10496K(163840K) Eden: 152561K(153088K)->0K(153088K) From: 10496K(10752K)->10496K(10752K)
[2026-03-22T19:49:07.171+0900][7.702s][info][gc,heap        ] GC(352) ParOldGen: 197639K(349696K)->291999K(349696K)
[2026-03-22T19:49:07.171+0900][7.702s][info][gc,metaspace   ] GC(352) Metaspace: 338K(512K)->338K(512K) NonClass: 320K(384K)->320K(384K) Class: 17K(128K)->17K(128K)
[2026-03-22T19:49:07.171+0900][7.702s][info][gc             ] GC(352) Pause Young (Allocation Failure) 352M->295M(501M) 4.607ms
[2026-03-22T19:49:07.171+0900][7.702s][info][gc,cpu         ] GC(352) User=0.00s Sys=0.00s Real=0.00s
[2026-03-22T19:49:07.185+0900][7.717s][info][gc,start       ] GC(353) Pause Full (Ergonomics)
[2026-03-22T19:49:07.185+0900][7.717s][info][gc,phases,start] GC(353) Marking Phase
[2026-03-22T19:49:07.186+0900][7.718s][info][gc,phases      ] GC(353) Marking Phase 0.968ms
[2026-03-22T19:49:07.186+0900][7.718s][info][gc,phases,start] GC(353) Summary Phase
[2026-03-22T19:49:07.186+0900][7.718s][info][gc,phases      ] GC(353) Summary Phase 0.013ms
[2026-03-22T19:49:07.186+0900][7.718s][info][gc,phases,start] GC(353) Adjust Roots
[2026-03-22T19:49:07.186+0900][7.718s][info][gc,phases      ] GC(353) Adjust Roots 0.175ms
[2026-03-22T19:49:07.186+0900][7.718s][info][gc,phases,start] GC(353) Compaction Phase
[2026-03-22T19:49:07.194+0900][7.726s][info][gc,phases      ] GC(353) Compaction Phase 7.599ms
[2026-03-22T19:49:07.194+0900][7.726s][info][gc,phases,start] GC(353) Post Compact
[2026-03-22T19:49:07.196+0900][7.727s][info][gc,phases      ] GC(353) Post Compact 1.454ms
[2026-03-22T19:49:07.196+0900][7.727s][info][gc,heap        ] GC(353) PSYoungGen: 163057K(163840K)->0K(163840K) Eden: 152561K(153088K)->0K(153088K) From: 10496K(10752K)->0K(10752K)
[2026-03-22T19:49:07.196+0900][7.727s][info][gc,heap        ] GC(353) ParOldGen: 291999K(349696K)->103430K(349696K)
[2026-03-22T19:49:07.196+0900][7.727s][info][gc,metaspace   ] GC(353) Metaspace: 338K(512K)->338K(512K) NonClass: 320K(384K)->320K(384K) Class: 17K(128K)->17K(128K)
[2026-03-22T19:49:07.196+0900][7.727s][info][gc             ] GC(353) Pause Full (Ergonomics) 444M->101M(501M) 10.465ms
[2026-03-22T19:49:07.196+0900][7.727s][info][gc,cpu         ] GC(353) User=0.00s Sys=0.00s Real=0.01s
[2026-03-22T19:49:07.211+0900][7.742s][info][gc,start       ] GC(354) Pause Young (Allocation Failure)
[2026-03-22T19:49:07.215+0900][7.747s][info][gc,heap        ] GC(354) PSYoungGen: 152561K(163840K)->10496K(163840K) Eden: 152561K(153088K)->0K(153088K) From: 0K(10752K)->10496K(10752K)
[2026-03-22T19:49:07.215+0900][7.747s][info][gc,heap        ] GC(354) ParOldGen: 103430K(349696K)->197639K(349696K)
[2026-03-22T19:49:07.215+0900][7.747s][info][gc,metaspace   ] GC(354) Metaspace: 338K(512K)->338K(512K) NonClass: 320K(384K)->320K(384K) Class: 17K(128K)->17K(128K)
[2026-03-22T19:49:07.215+0900][7.747s][info][gc             ] GC(354) Pause Young (Allocation Failure) 249M->203M(501M) 5.145ms
[2026-03-22T19:49:07.215+0900][7.747s][info][gc,cpu         ] GC(354) User=0.06s Sys=0.00s Real=0.00s
[2026-03-22T19:49:07.230+0900][7.762s][info][gc,start       ] GC(355) Pause Young (Allocation Failure)
[2026-03-22T19:49:07.235+0900][7.766s][info][gc,heap        ] GC(355) PSYoungGen: 163057K(163840K)->10496K(163840K) Eden: 152561K(153088K)->0K(153088K) From: 10496K(10752K)->10496K(10752K)
[2026-03-22T19:49:07.235+0900][7.767s][info][gc,heap        ] GC(355) ParOldGen: 197639K(349696K)->291999K(349696K)
[2026-03-22T19:49:07.235+0900][7.767s][info][gc,metaspace   ] GC(355) Metaspace: 338K(512K)->338K(512K) NonClass: 320K(384K)->320K(384K) Class: 17K(128K)->17K(128K)
[2026-03-22T19:49:07.235+0900][7.767s][info][gc             ] GC(355) Pause Young (Allocation Failure) 352M->295M(501M) 4.615ms
[2026-03-22T19:49:07.235+0900][7.767s][info][gc,cpu         ] GC(355) User=0.00s Sys=0.00s Real=0.00s
[2026-03-22T19:49:07.249+0900][7.781s][info][gc,start       ] GC(356) Pause Full (Ergonomics)
[2026-03-22T19:49:07.249+0900][7.781s][info][gc,phases,start] GC(356) Marking Phase
[2026-03-22T19:49:07.250+0900][7.782s][info][gc,phases      ] GC(356) Marking Phase 0.932ms
[2026-03-22T19:49:07.250+0900][7.782s][info][gc,phases,start] GC(356) Summary Phase
[2026-03-22T19:49:07.250+0900][7.782s][info][gc,phases      ] GC(356) Summary Phase 0.013ms
[2026-03-22T19:49:07.250+0900][7.782s][info][gc,phases,start] GC(356) Adjust Roots
[2026-03-22T19:49:07.250+0900][7.782s][info][gc,phases      ] GC(356) Adjust Roots 0.175ms
[2026-03-22T19:49:07.250+0900][7.782s][info][gc,phases,start] GC(356) Compaction Phase
[2026-03-22T19:49:07.255+0900][7.787s][info][gc,phases      ] GC(356) Compaction Phase 5.407ms
[2026-03-22T19:49:07.255+0900][7.787s][info][gc,phases,start] GC(356) Post Compact
[2026-03-22T19:49:07.256+0900][7.788s][info][gc,phases      ] GC(356) Post Compact 1.257ms
[2026-03-22T19:49:07.256+0900][7.789s][info][gc,heap        ] GC(356) PSYoungGen: 163057K(163840K)->0K(163840K) Eden: 152561K(153088K)->0K(153088K) From: 10496K(10752K)->0K(10752K)
[2026-03-22T19:49:07.256+0900][7.789s][info][gc,heap        ] GC(356) ParOldGen: 291999K(349696K)->103430K(349696K)
[2026-03-22T19:49:07.256+0900][7.789s][info][gc,metaspace   ] GC(356) Metaspace: 338K(512K)->338K(512K) NonClass: 320K(384K)->320K(384K) Class: 17K(128K)->17K(128K)
[2026-03-22T19:49:07.256+0900][7.789s][info][gc             ] GC(356) Pause Full (Ergonomics) 444M->101M(501M) 7.970ms
[2026-03-22T19:49:07.256+0900][7.789s][info][gc,cpu         ] GC(356) User=0.00s Sys=0.00s Real=0.01s
[2026-03-22T19:49:07.270+0900][7.802s][info][gc,start       ] GC(357) Pause Young (Allocation Failure)
[2026-03-22T19:49:07.275+0900][7.806s][info][gc,heap        ] GC(357) PSYoungGen: 152561K(163840K)->10496K(163840K) Eden: 152561K(153088K)->0K(153088K) From: 0K(10752K)->10496K(10752K)
[2026-03-22T19:49:07.275+0900][7.806s][info][gc,heap        ] GC(357) ParOldGen: 103430K(349696K)->197639K(349696K)
[2026-03-22T19:49:07.275+0900][7.806s][info][gc,metaspace   ] GC(357) Metaspace: 338K(512K)->338K(512K) NonClass: 320K(384K)->320K(384K) Class: 17K(128K)->17K(128K)
[2026-03-22T19:49:07.275+0900][7.806s][info][gc             ] GC(357) Pause Young (Allocation Failure) 249M->203M(501M) 4.327ms
[2026-03-22T19:49:07.275+0900][7.806s][info][gc,cpu         ] GC(357) User=0.00s Sys=0.00s Real=0.01s
[2026-03-22T19:49:07.290+0900][7.822s][info][gc,start       ] GC(358) Pause Young (Allocation Failure)
[2026-03-22T19:49:07.296+0900][7.827s][info][gc,heap        ] GC(358) PSYoungGen: 163057K(163840K)->10496K(163840K) Eden: 152561K(153088K)->0K(153088K) From: 10496K(10752K)->10496K(10752K)
[2026-03-22T19:49:07.296+0900][7.827s][info][gc,heap        ] GC(358) ParOldGen: 197639K(349696K)->291999K(349696K)
[2026-03-22T19:49:07.296+0900][7.827s][info][gc,metaspace   ] GC(358) Metaspace: 338K(512K)->338K(512K) NonClass: 320K(384K)->320K(384K) Class: 17K(128K)->17K(128K)
[2026-03-22T19:49:07.296+0900][7.827s][info][gc             ] GC(358) Pause Young (Allocation Failure) 352M->295M(501M) 5.450ms
[2026-03-22T19:49:07.296+0900][7.828s][info][gc,cpu         ] GC(358) User=0.02s Sys=0.00s Real=0.01s
[2026-03-22T19:49:07.311+0900][7.843s][info][gc,start       ] GC(359) Pause Full (Ergonomics)
[2026-03-22T19:49:07.311+0900][7.843s][info][gc,phases,start] GC(359) Marking Phase
[2026-03-22T19:49:07.313+0900][7.844s][info][gc,phases      ] GC(359) Marking Phase 0.998ms
[2026-03-22T19:49:07.313+0900][7.844s][info][gc,phases,start] GC(359) Summary Phase
[2026-03-22T19:49:07.313+0900][7.844s][info][gc,phases      ] GC(359) Summary Phase 0.014ms
[2026-03-22T19:49:07.313+0900][7.844s][info][gc,phases,start] GC(359) Adjust Roots
[2026-03-22T19:49:07.313+0900][7.844s][info][gc,phases      ] GC(359) Adjust Roots 0.189ms
[2026-03-22T19:49:07.313+0900][7.844s][info][gc,phases,start] GC(359) Compaction Phase
[2026-03-22T19:49:07.318+0900][7.849s][info][gc,phases      ] GC(359) Compaction Phase 5.257ms
[2026-03-22T19:49:07.318+0900][7.849s][info][gc,phases,start] GC(359) Post Compact
[2026-03-22T19:49:07.319+0900][7.851s][info][gc,phases      ] GC(359) Post Compact 1.333ms
[2026-03-22T19:49:07.319+0900][7.851s][info][gc,heap        ] GC(359) PSYoungGen: 163057K(163840K)->0K(163840K) Eden: 152561K(153088K)->0K(153088K) From: 10496K(10752K)->0K(10752K)
[2026-03-22T19:49:07.319+0900][7.851s][info][gc,heap        ] GC(359) ParOldGen: 291999K(349696K)->103430K(349696K)
[2026-03-22T19:49:07.319+0900][7.851s][info][gc,metaspace   ] GC(359) Metaspace: 338K(512K)->338K(512K) NonClass: 320K(384K)->320K(384K) Class: 17K(128K)->17K(128K)
[2026-03-22T19:49:07.319+0900][7.851s][info][gc             ] GC(359) Pause Full (Ergonomics) 444M->101M(501M) 7.980ms
[2026-03-22T19:49:07.319+0900][7.851s][info][gc,cpu         ] GC(359) User=0.00s Sys=0.00s Real=0.01s
[2026-03-22T19:49:07.333+0900][7.865s][info][gc,start       ] GC(360) Pause Young (Allocation Failure)
[2026-03-22T19:49:07.338+0900][7.870s][info][gc,heap        ] GC(360) PSYoungGen: 152561K(163840K)->10496K(163840K) Eden: 152561K(153088K)->0K(153088K) From: 0K(10752K)->10496K(10752K)
[2026-03-22T19:49:07.338+0900][7.870s][info][gc,heap        ] GC(360) ParOldGen: 103430K(349696K)->197639K(349696K)
[2026-03-22T19:49:07.338+0900][7.870s][info][gc,metaspace   ] GC(360) Metaspace: 338K(512K)->338K(512K) NonClass: 320K(384K)->320K(384K) Class: 17K(128K)->17K(128K)
[2026-03-22T19:49:07.338+0900][7.870s][info][gc             ] GC(360) Pause Young (Allocation Failure) 249M->203M(501M) 4.927ms
[2026-03-22T19:49:07.338+0900][7.870s][info][gc,cpu         ] GC(360) User=0.06s Sys=0.00s Real=0.01s
[2026-03-22T19:49:07.353+0900][7.884s][info][gc,start       ] GC(361) Pause Young (Allocation Failure)
[2026-03-22T19:49:07.358+0900][7.889s][info][gc,heap        ] GC(361) PSYoungGen: 163057K(163840K)->10496K(163840K) Eden: 152561K(153088K)->0K(153088K) From: 10496K(10752K)->10496K(10752K)
[2026-03-22T19:49:07.358+0900][7.889s][info][gc,heap        ] GC(361) ParOldGen: 197639K(349696K)->291999K(349696K)
[2026-03-22T19:49:07.358+0900][7.889s][info][gc,metaspace   ] GC(361) Metaspace: 338K(512K)->338K(512K) NonClass: 320K(384K)->320K(384K) Class: 17K(128K)->17K(128K)
[2026-03-22T19:49:07.358+0900][7.889s][info][gc             ] GC(361) Pause Young (Allocation Failure) 352M->295M(501M) 4.348ms
[2026-03-22T19:49:07.358+0900][7.889s][info][gc,cpu         ] GC(361) User=0.06s Sys=0.00s Real=0.01s
[2026-03-22T19:49:07.371+0900][7.902s][info][gc,start       ] GC(362) Pause Full (Ergonomics)
[2026-03-22T19:49:07.371+0900][7.902s][info][gc,phases,start] GC(362) Marking Phase
[2026-03-22T19:49:07.372+0900][7.903s][info][gc,phases      ] GC(362) Marking Phase 0.973ms
[2026-03-22T19:49:07.372+0900][7.903s][info][gc,phases,start] GC(362) Summary Phase
[2026-03-22T19:49:07.372+0900][7.903s][info][gc,phases      ] GC(362) Summary Phase 0.021ms
[2026-03-22T19:49:07.372+0900][7.903s][info][gc,phases,start] GC(362) Adjust Roots
[2026-03-22T19:49:07.372+0900][7.903s][info][gc,phases      ] GC(362) Adjust Roots 0.200ms
[2026-03-22T19:49:07.372+0900][7.904s][info][gc,phases,start] GC(362) Compaction Phase
[2026-03-22T19:49:07.377+0900][7.908s][info][gc,phases      ] GC(362) Compaction Phase 4.897ms
[2026-03-22T19:49:07.377+0900][7.908s][info][gc,phases,start] GC(362) Post Compact
[2026-03-22T19:49:07.379+0900][7.910s][info][gc,phases      ] GC(362) Post Compact 1.313ms
[2026-03-22T19:49:07.379+0900][7.910s][info][gc,heap        ] GC(362) PSYoungGen: 163057K(163840K)->0K(163840K) Eden: 152561K(153088K)->0K(153088K) From: 10496K(10752K)->0K(10752K)
[2026-03-22T19:49:07.379+0900][7.910s][info][gc,heap        ] GC(362) ParOldGen: 291999K(349696K)->103430K(349696K)
[2026-03-22T19:49:07.379+0900][7.910s][info][gc,metaspace   ] GC(362) Metaspace: 338K(512K)->338K(512K) NonClass: 320K(384K)->320K(384K) Class: 17K(128K)->17K(128K)
[2026-03-22T19:49:07.379+0900][7.910s][info][gc             ] GC(362) Pause Full (Ergonomics) 444M->101M(501M) 7.609ms
[2026-03-22T19:49:07.379+0900][7.910s][info][gc,cpu         ] GC(362) User=0.00s Sys=0.00s Real=0.01s
[2026-03-22T19:49:07.393+0900][7.924s][info][gc,start       ] GC(363) Pause Young (Allocation Failure)
[2026-03-22T19:49:07.398+0900][7.929s][info][gc,heap        ] GC(363) PSYoungGen: 152561K(163840K)->10496K(163840K) Eden: 152561K(153088K)->0K(153088K) From: 0K(10752K)->10496K(10752K)
[2026-03-22T19:49:07.398+0900][7.929s][info][gc,heap        ] GC(363) ParOldGen: 103430K(349696K)->197639K(349696K)
[2026-03-22T19:49:07.398+0900][7.929s][info][gc,metaspace   ] GC(363) Metaspace: 338K(512K)->338K(512K) NonClass: 320K(384K)->320K(384K) Class: 17K(128K)->17K(128K)
[2026-03-22T19:49:07.398+0900][7.929s][info][gc             ] GC(363) Pause Young (Allocation Failure) 249M->203M(501M) 4.983ms
[2026-03-22T19:49:07.398+0900][7.929s][info][gc,cpu         ] GC(363) User=0.00s Sys=0.00s Real=0.01s
[2026-03-22T19:49:07.412+0900][7.944s][info][gc,start       ] GC(364) Pause Young (Allocation Failure)
[2026-03-22T19:49:07.417+0900][7.949s][info][gc,heap        ] GC(364) PSYoungGen: 163057K(163840K)->10496K(163840K) Eden: 152561K(153088K)->0K(153088K) From: 10496K(10752K)->10496K(10752K)
[2026-03-22T19:49:07.417+0900][7.949s][info][gc,heap        ] GC(364) ParOldGen: 197639K(349696K)->291999K(349696K)
[2026-03-22T19:49:07.417+0900][7.949s][info][gc,metaspace   ] GC(364) Metaspace: 338K(512K)->338K(512K) NonClass: 320K(384K)->320K(384K) Class: 17K(128K)->17K(128K)
[2026-03-22T19:49:07.417+0900][7.949s][info][gc             ] GC(364) Pause Young (Allocation Failure) 352M->295M(501M) 5.185ms
[2026-03-22T19:49:07.417+0900][7.949s][info][gc,cpu         ] GC(364) User=0.06s Sys=0.00s Real=0.01s
[2026-03-22T19:49:07.430+0900][7.962s][info][gc,start       ] GC(365) Pause Full (Ergonomics)
[2026-03-22T19:49:07.431+0900][7.962s][info][gc,phases,start] GC(365) Marking Phase
[2026-03-22T19:49:07.431+0900][7.963s][info][gc,phases      ] GC(365) Marking Phase 1.055ms
[2026-03-22T19:49:07.431+0900][7.964s][info][gc,phases,start] GC(365) Summary Phase
[2026-03-22T19:49:07.431+0900][7.964s][info][gc,phases      ] GC(365) Summary Phase 0.017ms
[2026-03-22T19:49:07.431+0900][7.964s][info][gc,phases,start] GC(365) Adjust Roots
[2026-03-22T19:49:07.431+0900][7.964s][info][gc,phases      ] GC(365) Adjust Roots 0.196ms
[2026-03-22T19:49:07.431+0900][7.964s][info][gc,phases,start] GC(365) Compaction Phase
[2026-03-22T19:49:07.437+0900][7.969s][info][gc,phases      ] GC(365) Compaction Phase 5.527ms
[2026-03-22T19:49:07.438+0900][7.969s][info][gc,phases,start] GC(365) Post Compact
[2026-03-22T19:49:07.439+0900][7.971s][info][gc,phases      ] GC(365) Post Compact 1.242ms
[2026-03-22T19:49:07.439+0900][7.971s][info][gc,heap        ] GC(365) PSYoungGen: 163057K(163840K)->0K(163840K) Eden: 152561K(153088K)->0K(153088K) From: 10496K(10752K)->0K(10752K)
[2026-03-22T19:49:07.439+0900][7.971s][info][gc,heap        ] GC(365) ParOldGen: 291999K(349696K)->103430K(349696K)
[2026-03-22T19:49:07.439+0900][7.971s][info][gc,metaspace   ] GC(365) Metaspace: 338K(512K)->338K(512K) NonClass: 320K(384K)->320K(384K) Class: 17K(128K)->17K(128K)
[2026-03-22T19:49:07.439+0900][7.971s][info][gc             ] GC(365) Pause Full (Ergonomics) 444M->101M(501M) 8.338ms
[2026-03-22T19:49:07.439+0900][7.971s][info][gc,cpu         ] GC(365) User=0.05s Sys=0.00s Real=0.01s
[2026-03-22T19:49:07.454+0900][7.985s][info][gc,start       ] GC(366) Pause Young (Allocation Failure)
[2026-03-22T19:49:07.458+0900][7.990s][info][gc,heap        ] GC(366) PSYoungGen: 152561K(163840K)->10496K(163840K) Eden: 152561K(153088K)->0K(153088K) From: 0K(10752K)->10496K(10752K)
[2026-03-22T19:49:07.458+0900][7.990s][info][gc,heap        ] GC(366) ParOldGen: 103430K(349696K)->197639K(349696K)
[2026-03-22T19:49:07.458+0900][7.990s][info][gc,metaspace   ] GC(366) Metaspace: 338K(512K)->338K(512K) NonClass: 320K(384K)->320K(384K) Class: 17K(128K)->17K(128K)
[2026-03-22T19:49:07.458+0900][7.990s][info][gc             ] GC(366) Pause Young (Allocation Failure) 249M->203M(501M) 4.905ms
[2026-03-22T19:49:07.458+0900][7.990s][info][gc,cpu         ] GC(366) User=0.00s Sys=0.00s Real=0.00s
[2026-03-22T19:49:07.473+0900][8.004s][info][gc,start       ] GC(367) Pause Young (Allocation Failure)
[2026-03-22T19:49:07.477+0900][8.008s][info][gc,heap        ] GC(367) PSYoungGen: 163057K(163840K)->10496K(163840K) Eden: 152561K(153088K)->0K(153088K) From: 10496K(10752K)->10496K(10752K)
[2026-03-22T19:49:07.477+0900][8.009s][info][gc,heap        ] GC(367) ParOldGen: 197639K(349696K)->291999K(349696K)
[2026-03-22T19:49:07.477+0900][8.009s][info][gc,metaspace   ] GC(367) Metaspace: 338K(512K)->338K(512K) NonClass: 320K(384K)->320K(384K) Class: 17K(128K)->17K(128K)
[2026-03-22T19:49:07.477+0900][8.009s][info][gc             ] GC(367) Pause Young (Allocation Failure) 352M->295M(501M) 4.405ms
[2026-03-22T19:49:07.477+0900][8.009s][info][gc,cpu         ] GC(367) User=0.00s Sys=0.00s Real=0.00s
[2026-03-22T19:49:07.491+0900][8.023s][info][gc,start       ] GC(368) Pause Full (Ergonomics)
[2026-03-22T19:49:07.491+0900][8.023s][info][gc,phases,start] GC(368) Marking Phase
[2026-03-22T19:49:07.492+0900][8.024s][info][gc,phases      ] GC(368) Marking Phase 0.950ms
[2026-03-22T19:49:07.492+0900][8.024s][info][gc,phases,start] GC(368) Summary Phase
[2026-03-22T19:49:07.492+0900][8.024s][info][gc,phases      ] GC(368) Summary Phase 0.013ms
[2026-03-22T19:49:07.492+0900][8.024s][info][gc,phases,start] GC(368) Adjust Roots
[2026-03-22T19:49:07.492+0900][8.024s][info][gc,phases      ] GC(368) Adjust Roots 0.137ms
[2026-03-22T19:49:07.492+0900][8.024s][info][gc,phases,start] GC(368) Compaction Phase
[2026-03-22T19:49:07.498+0900][8.030s][info][gc,phases      ] GC(368) Compaction Phase 5.515ms
[2026-03-22T19:49:07.498+0900][8.030s][info][gc,phases,start] GC(368) Post Compact
[2026-03-22T19:49:07.499+0900][8.031s][info][gc,phases      ] GC(368) Post Compact 1.292ms
[2026-03-22T19:49:07.499+0900][8.031s][info][gc,heap        ] GC(368) PSYoungGen: 163057K(163840K)->0K(163840K) Eden: 152561K(153088K)->0K(153088K) From: 10496K(10752K)->0K(10752K)
[2026-03-22T19:49:07.499+0900][8.031s][info][gc,heap        ] GC(368) ParOldGen: 291999K(349696K)->103430K(349696K)
[2026-03-22T19:49:07.499+0900][8.031s][info][gc,metaspace   ] GC(368) Metaspace: 338K(512K)->338K(512K) NonClass: 320K(384K)->320K(384K) Class: 17K(128K)->17K(128K)
[2026-03-22T19:49:07.499+0900][8.031s][info][gc             ] GC(368) Pause Full (Ergonomics) 444M->101M(501M) 8.203ms
[2026-03-22T19:49:07.499+0900][8.031s][info][gc,cpu         ] GC(368) User=0.03s Sys=0.00s Real=0.01s
[2026-03-22T19:49:07.512+0900][8.045s][info][gc,start       ] GC(369) Pause Young (Allocation Failure)
[2026-03-22T19:49:07.517+0900][8.049s][info][gc,heap        ] GC(369) PSYoungGen: 152561K(163840K)->10496K(163840K) Eden: 152561K(153088K)->0K(153088K) From: 0K(10752K)->10496K(10752K)
[2026-03-22T19:49:07.517+0900][8.049s][info][gc,heap        ] GC(369) ParOldGen: 103430K(349696K)->197639K(349696K)
[2026-03-22T19:49:07.517+0900][8.049s][info][gc,metaspace   ] GC(369) Metaspace: 338K(512K)->338K(512K) NonClass: 320K(384K)->320K(384K) Class: 17K(128K)->17K(128K)
[2026-03-22T19:49:07.517+0900][8.049s][info][gc             ] GC(369) Pause Young (Allocation Failure) 249M->203M(501M) 4.280ms
[2026-03-22T19:49:07.517+0900][8.049s][info][gc,cpu         ] GC(369) User=0.00s Sys=0.00s Real=0.00s
[2026-03-22T19:49:07.531+0900][8.063s][info][gc,start       ] GC(370) Pause Young (Allocation Failure)
[2026-03-22T19:49:07.540+0900][8.071s][info][gc,heap        ] GC(370) PSYoungGen: 163057K(163840K)->10496K(163840K) Eden: 152561K(153088K)->0K(153088K) From: 10496K(10752K)->10496K(10752K)
[2026-03-22T19:49:07.540+0900][8.071s][info][gc,heap        ] GC(370) ParOldGen: 197639K(349696K)->291999K(349696K)
[2026-03-22T19:49:07.540+0900][8.071s][info][gc,metaspace   ] GC(370) Metaspace: 338K(512K)->338K(512K) NonClass: 320K(384K)->320K(384K) Class: 17K(128K)->17K(128K)
[2026-03-22T19:49:07.540+0900][8.071s][info][gc             ] GC(370) Pause Young (Allocation Failure) 352M->295M(501M) 8.721ms
[2026-03-22T19:49:07.540+0900][8.071s][info][gc,cpu         ] GC(370) User=0.00s Sys=0.00s Real=0.01s
[2026-03-22T19:49:07.553+0900][8.085s][info][gc,start       ] GC(371) Pause Full (Ergonomics)
[2026-03-22T19:49:07.553+0900][8.085s][info][gc,phases,start] GC(371) Marking Phase
[2026-03-22T19:49:07.554+0900][8.086s][info][gc,phases      ] GC(371) Marking Phase 0.928ms
[2026-03-22T19:49:07.554+0900][8.086s][info][gc,phases,start] GC(371) Summary Phase
[2026-03-22T19:49:07.554+0900][8.086s][info][gc,phases      ] GC(371) Summary Phase 0.013ms
[2026-03-22T19:49:07.554+0900][8.086s][info][gc,phases,start] GC(371) Adjust Roots
[2026-03-22T19:49:07.554+0900][8.086s][info][gc,phases      ] GC(371) Adjust Roots 0.254ms
[2026-03-22T19:49:07.554+0900][8.086s][info][gc,phases,start] GC(371) Compaction Phase
[2026-03-22T19:49:07.560+0900][8.091s][info][gc,phases      ] GC(371) Compaction Phase 5.209ms
[2026-03-22T19:49:07.560+0900][8.091s][info][gc,phases,start] GC(371) Post Compact
[2026-03-22T19:49:07.561+0900][8.093s][info][gc,phases      ] GC(371) Post Compact 1.280ms
[2026-03-22T19:49:07.561+0900][8.093s][info][gc,heap        ] GC(371) PSYoungGen: 163057K(163840K)->0K(163840K) Eden: 152561K(153088K)->0K(153088K) From: 10496K(10752K)->0K(10752K)
[2026-03-22T19:49:07.561+0900][8.093s][info][gc,heap        ] GC(371) ParOldGen: 291999K(349696K)->103430K(349696K)
[2026-03-22T19:49:07.561+0900][8.093s][info][gc,metaspace   ] GC(371) Metaspace: 338K(512K)->338K(512K) NonClass: 320K(384K)->320K(384K) Class: 17K(128K)->17K(128K)
[2026-03-22T19:49:07.561+0900][8.093s][info][gc             ] GC(371) Pause Full (Ergonomics) 444M->101M(501M) 7.915ms
[2026-03-22T19:49:07.561+0900][8.093s][info][gc,cpu         ] GC(371) User=0.06s Sys=0.00s Real=0.01s
[2026-03-22T19:49:07.575+0900][8.107s][info][gc,start       ] GC(372) Pause Young (Allocation Failure)
[2026-03-22T19:49:07.580+0900][8.112s][info][gc,heap        ] GC(372) PSYoungGen: 152561K(163840K)->10496K(163840K) Eden: 152561K(153088K)->0K(153088K) From: 0K(10752K)->10496K(10752K)
[2026-03-22T19:49:07.580+0900][8.112s][info][gc,heap        ] GC(372) ParOldGen: 103430K(349696K)->197639K(349696K)
[2026-03-22T19:49:07.580+0900][8.112s][info][gc,metaspace   ] GC(372) Metaspace: 338K(512K)->338K(512K) NonClass: 320K(384K)->320K(384K) Class: 17K(128K)->17K(128K)
[2026-03-22T19:49:07.580+0900][8.112s][info][gc             ] GC(372) Pause Young (Allocation Failure) 249M->203M(501M) 4.725ms
[2026-03-22T19:49:07.580+0900][8.112s][info][gc,cpu         ] GC(372) User=0.00s Sys=0.00s Real=0.00s
[2026-03-22T19:49:07.594+0900][8.126s][info][gc,start       ] GC(373) Pause Young (Allocation Failure)
[2026-03-22T19:49:07.599+0900][8.131s][info][gc,heap        ] GC(373) PSYoungGen: 163057K(163840K)->10496K(163840K) Eden: 152561K(153088K)->0K(153088K) From: 10496K(10752K)->10496K(10752K)
[2026-03-22T19:49:07.599+0900][8.131s][info][gc,heap        ] GC(373) ParOldGen: 197639K(349696K)->291999K(349696K)
[2026-03-22T19:49:07.599+0900][8.131s][info][gc,metaspace   ] GC(373) Metaspace: 338K(512K)->338K(512K) NonClass: 320K(384K)->320K(384K) Class: 17K(128K)->17K(128K)
[2026-03-22T19:49:07.599+0900][8.131s][info][gc             ] GC(373) Pause Young (Allocation Failure) 352M->295M(501M) 4.677ms
[2026-03-22T19:49:07.599+0900][8.131s][info][gc,cpu         ] GC(373) User=0.00s Sys=0.00s Real=0.00s
[2026-03-22T19:49:07.614+0900][8.145s][info][gc,start       ] GC(374) Pause Full (Ergonomics)
[2026-03-22T19:49:07.614+0900][8.145s][info][gc,phases,start] GC(374) Marking Phase
[2026-03-22T19:49:07.615+0900][8.146s][info][gc,phases      ] GC(374) Marking Phase 0.952ms
[2026-03-22T19:49:07.615+0900][8.146s][info][gc,phases,start] GC(374) Summary Phase
[2026-03-22T19:49:07.615+0900][8.146s][info][gc,phases      ] GC(374) Summary Phase 0.014ms
[2026-03-22T19:49:07.615+0900][8.146s][info][gc,phases,start] GC(374) Adjust Roots
[2026-03-22T19:49:07.615+0900][8.146s][info][gc,phases      ] GC(374) Adjust Roots 0.138ms
[2026-03-22T19:49:07.615+0900][8.146s][info][gc,phases,start] GC(374) Compaction Phase
[2026-03-22T19:49:07.620+0900][8.152s][info][gc,phases      ] GC(374) Compaction Phase 5.680ms
[2026-03-22T19:49:07.620+0900][8.152s][info][gc,phases,start] GC(374) Post Compact
[2026-03-22T19:49:07.623+0900][8.154s][info][gc,phases      ] GC(374) Post Compact 1.590ms
[2026-03-22T19:49:07.623+0900][8.154s][info][gc,heap        ] GC(374) PSYoungGen: 163057K(163840K)->0K(163840K) Eden: 152561K(153088K)->0K(153088K) From: 10496K(10752K)->0K(10752K)
[2026-03-22T19:49:07.623+0900][8.154s][info][gc,heap        ] GC(374) ParOldGen: 291999K(349696K)->103430K(349696K)
[2026-03-22T19:49:07.623+0900][8.154s][info][gc,metaspace   ] GC(374) Metaspace: 338K(512K)->338K(512K) NonClass: 320K(384K)->320K(384K) Class: 17K(128K)->17K(128K)
[2026-03-22T19:49:07.623+0900][8.154s][info][gc             ] GC(374) Pause Full (Ergonomics) 444M->101M(501M) 8.751ms
[2026-03-22T19:49:07.623+0900][8.154s][info][gc,cpu         ] GC(374) User=0.06s Sys=0.00s Real=0.01s
[2026-03-22T19:49:07.637+0900][8.168s][info][gc,start       ] GC(375) Pause Young (Allocation Failure)
[2026-03-22T19:49:07.641+0900][8.173s][info][gc,heap        ] GC(375) PSYoungGen: 152561K(163840K)->10496K(163840K) Eden: 152561K(153088K)->0K(153088K) From: 0K(10752K)->10496K(10752K)
[2026-03-22T19:49:07.641+0900][8.173s][info][gc,heap        ] GC(375) ParOldGen: 103430K(349696K)->197639K(349696K)
[2026-03-22T19:49:07.641+0900][8.173s][info][gc,metaspace   ] GC(375) Metaspace: 338K(512K)->338K(512K) NonClass: 320K(384K)->320K(384K) Class: 17K(128K)->17K(128K)
[2026-03-22T19:49:07.641+0900][8.173s][info][gc             ] GC(375) Pause Young (Allocation Failure) 249M->203M(501M) 4.800ms
[2026-03-22T19:49:07.641+0900][8.173s][info][gc,cpu         ] GC(375) User=0.00s Sys=0.00s Real=0.00s
[2026-03-22T19:49:07.655+0900][8.187s][info][gc,start       ] GC(376) Pause Young (Allocation Failure)
[2026-03-22T19:49:07.660+0900][8.191s][info][gc,heap        ] GC(376) PSYoungGen: 163057K(163840K)->10496K(163840K) Eden: 152561K(153088K)->0K(153088K) From: 10496K(10752K)->10496K(10752K)
[2026-03-22T19:49:07.660+0900][8.191s][info][gc,heap        ] GC(376) ParOldGen: 197639K(349696K)->291999K(349696K)
[2026-03-22T19:49:07.660+0900][8.191s][info][gc,metaspace   ] GC(376) Metaspace: 338K(512K)->338K(512K) NonClass: 320K(384K)->320K(384K) Class: 17K(128K)->17K(128K)
[2026-03-22T19:49:07.660+0900][8.191s][info][gc             ] GC(376) Pause Young (Allocation Failure) 352M->295M(501M) 4.208ms
[2026-03-22T19:49:07.660+0900][8.191s][info][gc,cpu         ] GC(376) User=0.00s Sys=0.00s Real=0.01s
[2026-03-22T19:49:07.674+0900][8.205s][info][gc,start       ] GC(377) Pause Full (Ergonomics)
[2026-03-22T19:49:07.674+0900][8.205s][info][gc,phases,start] GC(377) Marking Phase
[2026-03-22T19:49:07.675+0900][8.206s][info][gc,phases      ] GC(377) Marking Phase 0.922ms
[2026-03-22T19:49:07.675+0900][8.206s][info][gc,phases,start] GC(377) Summary Phase
[2026-03-22T19:49:07.675+0900][8.206s][info][gc,phases      ] GC(377) Summary Phase 0.013ms
[2026-03-22T19:49:07.675+0900][8.206s][info][gc,phases,start] GC(377) Adjust Roots
[2026-03-22T19:49:07.675+0900][8.206s][info][gc,phases      ] GC(377) Adjust Roots 0.164ms
[2026-03-22T19:49:07.675+0900][8.206s][info][gc,phases,start] GC(377) Compaction Phase
[2026-03-22T19:49:07.680+0900][8.212s][info][gc,phases      ] GC(377) Compaction Phase 5.297ms
[2026-03-22T19:49:07.680+0900][8.212s][info][gc,phases,start] GC(377) Post Compact
[2026-03-22T19:49:07.682+0900][8.213s][info][gc,phases      ] GC(377) Post Compact 1.442ms
[2026-03-22T19:49:07.682+0900][8.213s][info][gc,heap        ] GC(377) PSYoungGen: 163057K(163840K)->0K(163840K) Eden: 152561K(153088K)->0K(153088K) From: 10496K(10752K)->0K(10752K)
[2026-03-22T19:49:07.682+0900][8.213s][info][gc,heap        ] GC(377) ParOldGen: 291999K(349696K)->103430K(349696K)
[2026-03-22T19:49:07.682+0900][8.213s][info][gc,metaspace   ] GC(377) Metaspace: 338K(512K)->338K(512K) NonClass: 320K(384K)->320K(384K) Class: 17K(128K)->17K(128K)
[2026-03-22T19:49:07.682+0900][8.213s][info][gc             ] GC(377) Pause Full (Ergonomics) 444M->101M(501M) 8.073ms
[2026-03-22T19:49:07.682+0900][8.213s][info][gc,cpu         ] GC(377) User=0.00s Sys=0.00s Real=0.01s
[2026-03-22T19:49:07.695+0900][8.227s][info][gc,start       ] GC(378) Pause Young (Allocation Failure)
[2026-03-22T19:49:07.700+0900][8.232s][info][gc,heap        ] GC(378) PSYoungGen: 152561K(163840K)->10496K(163840K) Eden: 152561K(153088K)->0K(153088K) From: 0K(10752K)->10496K(10752K)
[2026-03-22T19:49:07.700+0900][8.232s][info][gc,heap        ] GC(378) ParOldGen: 103430K(349696K)->197639K(349696K)
[2026-03-22T19:49:07.700+0900][8.232s][info][gc,metaspace   ] GC(378) Metaspace: 338K(512K)->338K(512K) NonClass: 320K(384K)->320K(384K) Class: 17K(128K)->17K(128K)
[2026-03-22T19:49:07.700+0900][8.232s][info][gc             ] GC(378) Pause Young (Allocation Failure) 249M->203M(501M) 4.896ms
[2026-03-22T19:49:07.700+0900][8.232s][info][gc,cpu         ] GC(378) User=0.06s Sys=0.00s Real=0.01s
[2026-03-22T19:49:07.715+0900][8.247s][info][gc,start       ] GC(379) Pause Young (Allocation Failure)
[2026-03-22T19:49:07.719+0900][8.251s][info][gc,heap        ] GC(379) PSYoungGen: 163057K(163840K)->10496K(163840K) Eden: 152561K(153088K)->0K(153088K) From: 10496K(10752K)->10496K(10752K)
[2026-03-22T19:49:07.719+0900][8.251s][info][gc,heap        ] GC(379) ParOldGen: 197639K(349696K)->291999K(349696K)
[2026-03-22T19:49:07.719+0900][8.251s][info][gc,metaspace   ] GC(379) Metaspace: 338K(512K)->338K(512K) NonClass: 320K(384K)->320K(384K) Class: 17K(128K)->17K(128K)
[2026-03-22T19:49:07.719+0900][8.251s][info][gc             ] GC(379) Pause Young (Allocation Failure) 352M->295M(501M) 4.504ms
[2026-03-22T19:49:07.719+0900][8.251s][info][gc,cpu         ] GC(379) User=0.00s Sys=0.00s Real=0.00s
[2026-03-22T19:49:07.733+0900][8.265s][info][gc,start       ] GC(380) Pause Full (Ergonomics)
[2026-03-22T19:49:07.733+0900][8.265s][info][gc,phases,start] GC(380) Marking Phase
[2026-03-22T19:49:07.734+0900][8.266s][info][gc,phases      ] GC(380) Marking Phase 1.022ms
[2026-03-22T19:49:07.734+0900][8.266s][info][gc,phases,start] GC(380) Summary Phase
[2026-03-22T19:49:07.734+0900][8.266s][info][gc,phases      ] GC(380) Summary Phase 0.021ms
[2026-03-22T19:49:07.734+0900][8.266s][info][gc,phases,start] GC(380) Adjust Roots
[2026-03-22T19:49:07.735+0900][8.266s][info][gc,phases      ] GC(380) Adjust Roots 0.193ms
[2026-03-22T19:49:07.735+0900][8.266s][info][gc,phases,start] GC(380) Compaction Phase
[2026-03-22T19:49:07.741+0900][8.272s][info][gc,phases      ] GC(380) Compaction Phase 5.250ms
[2026-03-22T19:49:07.741+0900][8.272s][info][gc,phases,start] GC(380) Post Compact
[2026-03-22T19:49:07.742+0900][8.273s][info][gc,phases      ] GC(380) Post Compact 1.314ms
[2026-03-22T19:49:07.742+0900][8.273s][info][gc,heap        ] GC(380) PSYoungGen: 163057K(163840K)->0K(163840K) Eden: 152561K(153088K)->0K(153088K) From: 10496K(10752K)->0K(10752K)
[2026-03-22T19:49:07.742+0900][8.273s][info][gc,heap        ] GC(380) ParOldGen: 291999K(349696K)->103430K(349696K)
[2026-03-22T19:49:07.742+0900][8.273s][info][gc,metaspace   ] GC(380) Metaspace: 338K(512K)->338K(512K) NonClass: 320K(384K)->320K(384K) Class: 17K(128K)->17K(128K)
[2026-03-22T19:49:07.742+0900][8.273s][info][gc             ] GC(380) Pause Full (Ergonomics) 444M->101M(501M) 8.026ms
[2026-03-22T19:49:07.742+0900][8.273s][info][gc,cpu         ] GC(380) User=0.00s Sys=0.00s Real=0.01s
[2026-03-22T19:49:07.756+0900][8.287s][info][gc,start       ] GC(381) Pause Young (Allocation Failure)
[2026-03-22T19:49:07.760+0900][8.291s][info][gc,heap        ] GC(381) PSYoungGen: 152561K(163840K)->10496K(163840K) Eden: 152561K(153088K)->0K(153088K) From: 0K(10752K)->10496K(10752K)
[2026-03-22T19:49:07.760+0900][8.292s][info][gc,heap        ] GC(381) ParOldGen: 103430K(349696K)->197639K(349696K)
[2026-03-22T19:49:07.760+0900][8.292s][info][gc,metaspace   ] GC(381) Metaspace: 338K(512K)->338K(512K) NonClass: 320K(384K)->320K(384K) Class: 17K(128K)->17K(128K)
[2026-03-22T19:49:07.760+0900][8.292s][info][gc             ] GC(381) Pause Young (Allocation Failure) 249M->203M(501M) 4.373ms
[2026-03-22T19:49:07.760+0900][8.292s][info][gc,cpu         ] GC(381) User=0.06s Sys=0.00s Real=0.00s
[2026-03-22T19:49:07.774+0900][8.305s][info][gc,start       ] GC(382) Pause Young (Allocation Failure)
[2026-03-22T19:49:07.778+0900][8.310s][info][gc,heap        ] GC(382) PSYoungGen: 163057K(163840K)->10496K(163840K) Eden: 152561K(153088K)->0K(153088K) From: 10496K(10752K)->10496K(10752K)
[2026-03-22T19:49:07.778+0900][8.310s][info][gc,heap        ] GC(382) ParOldGen: 197639K(349696K)->291999K(349696K)
[2026-03-22T19:49:07.778+0900][8.310s][info][gc,metaspace   ] GC(382) Metaspace: 338K(512K)->338K(512K) NonClass: 320K(384K)->320K(384K) Class: 17K(128K)->17K(128K)
[2026-03-22T19:49:07.778+0900][8.310s][info][gc             ] GC(382) Pause Young (Allocation Failure) 352M->295M(501M) 4.895ms
[2026-03-22T19:49:07.779+0900][8.310s][info][gc,cpu         ] GC(382) User=0.05s Sys=0.00s Real=0.00s
[2026-03-22T19:49:07.792+0900][8.324s][info][gc,start       ] GC(383) Pause Full (Ergonomics)
[2026-03-22T19:49:07.792+0900][8.324s][info][gc,phases,start] GC(383) Marking Phase
[2026-03-22T19:49:07.793+0900][8.325s][info][gc,phases      ] GC(383) Marking Phase 0.924ms
[2026-03-22T19:49:07.793+0900][8.325s][info][gc,phases,start] GC(383) Summary Phase
[2026-03-22T19:49:07.793+0900][8.325s][info][gc,phases      ] GC(383) Summary Phase 0.013ms
[2026-03-22T19:49:07.793+0900][8.325s][info][gc,phases,start] GC(383) Adjust Roots
[2026-03-22T19:49:07.793+0900][8.325s][info][gc,phases      ] GC(383) Adjust Roots 0.173ms
[2026-03-22T19:49:07.793+0900][8.325s][info][gc,phases,start] GC(383) Compaction Phase
[2026-03-22T19:49:07.799+0900][8.331s][info][gc,phases      ] GC(383) Compaction Phase 5.541ms
[2026-03-22T19:49:07.799+0900][8.331s][info][gc,phases,start] GC(383) Post Compact
[2026-03-22T19:49:07.800+0900][8.332s][info][gc,phases      ] GC(383) Post Compact 1.340ms
[2026-03-22T19:49:07.800+0900][8.332s][info][gc,heap        ] GC(383) PSYoungGen: 163057K(163840K)->0K(163840K) Eden: 152561K(153088K)->0K(153088K) From: 10496K(10752K)->0K(10752K)
[2026-03-22T19:49:07.800+0900][8.332s][info][gc,heap        ] GC(383) ParOldGen: 291999K(349696K)->103430K(349696K)
[2026-03-22T19:49:07.800+0900][8.332s][info][gc,metaspace   ] GC(383) Metaspace: 338K(512K)->338K(512K) NonClass: 320K(384K)->320K(384K) Class: 17K(128K)->17K(128K)
[2026-03-22T19:49:07.800+0900][8.332s][info][gc             ] GC(383) Pause Full (Ergonomics) 444M->101M(501M) 8.193ms
[2026-03-22T19:49:07.800+0900][8.332s][info][gc,cpu         ] GC(383) User=0.00s Sys=0.00s Real=0.01s
[2026-03-22T19:49:07.815+0900][8.346s][info][gc,start       ] GC(384) Pause Young (Allocation Failure)
[2026-03-22T19:49:07.819+0900][8.351s][info][gc,heap        ] GC(384) PSYoungGen: 152561K(163840K)->10496K(163840K) Eden: 152561K(153088K)->0K(153088K) From: 0K(10752K)->10496K(10752K)
[2026-03-22T19:49:07.819+0900][8.351s][info][gc,heap        ] GC(384) ParOldGen: 103430K(349696K)->197639K(349696K)
[2026-03-22T19:49:07.819+0900][8.351s][info][gc,metaspace   ] GC(384) Metaspace: 338K(512K)->338K(512K) NonClass: 320K(384K)->320K(384K) Class: 17K(128K)->17K(128K)
[2026-03-22T19:49:07.819+0900][8.351s][info][gc             ] GC(384) Pause Young (Allocation Failure) 249M->203M(501M) 4.523ms
[2026-03-22T19:49:07.819+0900][8.351s][info][gc,cpu         ] GC(384) User=0.00s Sys=0.00s Real=0.00s
[2026-03-22T19:49:07.834+0900][8.365s][info][gc,start       ] GC(385) Pause Young (Allocation Failure)
[2026-03-22T19:49:07.839+0900][8.370s][info][gc,heap        ] GC(385) PSYoungGen: 163057K(163840K)->10496K(163840K) Eden: 152561K(153088K)->0K(153088K) From: 10496K(10752K)->10496K(10752K)
[2026-03-22T19:49:07.839+0900][8.370s][info][gc,heap        ] GC(385) ParOldGen: 197639K(349696K)->291999K(349696K)
[2026-03-22T19:49:07.839+0900][8.370s][info][gc,metaspace   ] GC(385) Metaspace: 338K(512K)->338K(512K) NonClass: 320K(384K)->320K(384K) Class: 17K(128K)->17K(128K)
[2026-03-22T19:49:07.839+0900][8.370s][info][gc             ] GC(385) Pause Young (Allocation Failure) 352M->295M(501M) 4.673ms
[2026-03-22T19:49:07.839+0900][8.370s][info][gc,cpu         ] GC(385) User=0.06s Sys=0.00s Real=0.00s
[2026-03-22T19:49:07.853+0900][8.384s][info][gc,start       ] GC(386) Pause Full (Ergonomics)
[2026-03-22T19:49:07.853+0900][8.384s][info][gc,phases,start] GC(386) Marking Phase
[2026-03-22T19:49:07.854+0900][8.385s][info][gc,phases      ] GC(386) Marking Phase 1.227ms
[2026-03-22T19:49:07.854+0900][8.385s][info][gc,phases,start] GC(386) Summary Phase
[2026-03-22T19:49:07.854+0900][8.385s][info][gc,phases      ] GC(386) Summary Phase 0.013ms
[2026-03-22T19:49:07.854+0900][8.385s][info][gc,phases,start] GC(386) Adjust Roots
[2026-03-22T19:49:07.854+0900][8.385s][info][gc,phases      ] GC(386) Adjust Roots 0.294ms
[2026-03-22T19:49:07.854+0900][8.385s][info][gc,phases,start] GC(386) Compaction Phase
[2026-03-22T19:49:07.859+0900][8.391s][info][gc,phases      ] GC(386) Compaction Phase 5.202ms
[2026-03-22T19:49:07.859+0900][8.391s][info][gc,phases,start] GC(386) Post Compact
[2026-03-22T19:49:07.860+0900][8.392s][info][gc,phases      ] GC(386) Post Compact 1.332ms
[2026-03-22T19:49:07.860+0900][8.392s][info][gc,heap        ] GC(386) PSYoungGen: 163057K(163840K)->0K(163840K) Eden: 152561K(153088K)->0K(153088K) From: 10496K(10752K)->0K(10752K)
[2026-03-22T19:49:07.860+0900][8.392s][info][gc,heap        ] GC(386) ParOldGen: 291999K(349696K)->103195K(349696K)
[2026-03-22T19:49:07.860+0900][8.392s][info][gc,metaspace   ] GC(386) Metaspace: 338K(512K)->338K(512K) NonClass: 320K(384K)->320K(384K) Class: 17K(128K)->17K(128K)
[2026-03-22T19:49:07.860+0900][8.392s][info][gc             ] GC(386) Pause Full (Ergonomics) 444M->100M(501M) 8.339ms
[2026-03-22T19:49:07.860+0900][8.392s][info][gc,cpu         ] GC(386) User=0.02s Sys=0.00s Real=0.01s
[2026-03-22T19:49:07.875+0900][8.406s][info][gc,start       ] GC(387) Pause Young (Allocation Failure)
[2026-03-22T19:49:07.879+0900][8.410s][info][gc,heap        ] GC(387) PSYoungGen: 152561K(163840K)->10496K(163840K) Eden: 152561K(153088K)->0K(153088K) From: 0K(10752K)->10496K(10752K)
[2026-03-22T19:49:07.879+0900][8.411s][info][gc,heap        ] GC(387) ParOldGen: 103195K(349696K)->197403K(349696K)
[2026-03-22T19:49:07.879+0900][8.411s][info][gc,metaspace   ] GC(387) Metaspace: 338K(512K)->338K(512K) NonClass: 320K(384K)->320K(384K) Class: 17K(128K)->17K(128K)
[2026-03-22T19:49:07.879+0900][8.411s][info][gc             ] GC(387) Pause Young (Allocation Failure) 249M->203M(501M) 4.427ms
[2026-03-22T19:49:07.879+0900][8.411s][info][gc,cpu         ] GC(387) User=0.00s Sys=0.00s Real=0.00s
[2026-03-22T19:49:07.893+0900][8.424s][info][gc,start       ] GC(388) Pause Young (Allocation Failure)
[2026-03-22T19:49:07.898+0900][8.429s][info][gc,heap        ] GC(388) PSYoungGen: 163057K(163840K)->10496K(163840K) Eden: 152561K(153088K)->0K(153088K) From: 10496K(10752K)->10496K(10752K)
[2026-03-22T19:49:07.898+0900][8.429s][info][gc,heap        ] GC(388) ParOldGen: 197403K(349696K)->291764K(349696K)
[2026-03-22T19:49:07.898+0900][8.429s][info][gc,metaspace   ] GC(388) Metaspace: 338K(512K)->338K(512K) NonClass: 320K(384K)->320K(384K) Class: 17K(128K)->17K(128K)
[2026-03-22T19:49:07.898+0900][8.429s][info][gc             ] GC(388) Pause Young (Allocation Failure) 352M->295M(501M) 4.742ms
[2026-03-22T19:49:07.898+0900][8.429s][info][gc,cpu         ] GC(388) User=0.00s Sys=0.00s Real=0.01s
[2026-03-22T19:49:07.912+0900][8.443s][info][gc,start       ] GC(389) Pause Full (Ergonomics)
[2026-03-22T19:49:07.912+0900][8.443s][info][gc,phases,start] GC(389) Marking Phase
[2026-03-22T19:49:07.913+0900][8.444s][info][gc,phases      ] GC(389) Marking Phase 1.080ms
[2026-03-22T19:49:07.913+0900][8.444s][info][gc,phases,start] GC(389) Summary Phase
[2026-03-22T19:49:07.913+0900][8.444s][info][gc,phases      ] GC(389) Summary Phase 0.013ms
[2026-03-22T19:49:07.913+0900][8.444s][info][gc,phases,start] GC(389) Adjust Roots
[2026-03-22T19:49:07.913+0900][8.444s][info][gc,phases      ] GC(389) Adjust Roots 0.144ms
[2026-03-22T19:49:07.913+0900][8.444s][info][gc,phases,start] GC(389) Compaction Phase
[2026-03-22T19:49:07.919+0900][8.450s][info][gc,phases      ] GC(389) Compaction Phase 5.750ms
[2026-03-22T19:49:07.919+0900][8.450s][info][gc,phases,start] GC(389) Post Compact
[2026-03-22T19:49:07.920+0900][8.452s][info][gc,phases      ] GC(389) Post Compact 1.281ms
[2026-03-22T19:49:07.920+0900][8.452s][info][gc,heap        ] GC(389) PSYoungGen: 163057K(163840K)->0K(163840K) Eden: 152561K(153088K)->0K(153088K) From: 10496K(10752K)->0K(10752K)
[2026-03-22T19:49:07.920+0900][8.452s][info][gc,heap        ] GC(389) ParOldGen: 291764K(349696K)->103430K(349696K)
[2026-03-22T19:49:07.920+0900][8.452s][info][gc,metaspace   ] GC(389) Metaspace: 338K(512K)->338K(512K) NonClass: 320K(384K)->320K(384K) Class: 17K(128K)->17K(128K)
[2026-03-22T19:49:07.920+0900][8.452s][info][gc             ] GC(389) Pause Full (Ergonomics) 444M->101M(501M) 8.511ms
[2026-03-22T19:49:07.920+0900][8.452s][info][gc,cpu         ] GC(389) User=0.06s Sys=0.00s Real=0.01s
[2026-03-22T19:49:07.935+0900][8.467s][info][gc,start       ] GC(390) Pause Young (Allocation Failure)
[2026-03-22T19:49:07.939+0900][8.471s][info][gc,heap        ] GC(390) PSYoungGen: 152561K(163840K)->10496K(163840K) Eden: 152561K(153088K)->0K(153088K) From: 0K(10752K)->10496K(10752K)
[2026-03-22T19:49:07.939+0900][8.471s][info][gc,heap        ] GC(390) ParOldGen: 103430K(349696K)->197639K(349696K)
[2026-03-22T19:49:07.939+0900][8.471s][info][gc,metaspace   ] GC(390) Metaspace: 338K(512K)->338K(512K) NonClass: 320K(384K)->320K(384K) Class: 17K(128K)->17K(128K)
[2026-03-22T19:49:07.939+0900][8.471s][info][gc             ] GC(390) Pause Young (Allocation Failure) 249M->203M(501M) 4.468ms
[2026-03-22T19:49:07.939+0900][8.471s][info][gc,cpu         ] GC(390) User=0.00s Sys=0.00s Real=0.00s
[2026-03-22T19:49:07.954+0900][8.485s][info][gc,start       ] GC(391) Pause Young (Allocation Failure)
[2026-03-22T19:49:07.959+0900][8.490s][info][gc,heap        ] GC(391) PSYoungGen: 163057K(163840K)->10496K(163840K) Eden: 152561K(153088K)->0K(153088K) From: 10496K(10752K)->10496K(10752K)
[2026-03-22T19:49:07.959+0900][8.490s][info][gc,heap        ] GC(391) ParOldGen: 197639K(349696K)->291999K(349696K)
[2026-03-22T19:49:07.959+0900][8.490s][info][gc,metaspace   ] GC(391) Metaspace: 338K(512K)->338K(512K) NonClass: 320K(384K)->320K(384K) Class: 17K(128K)->17K(128K)
[2026-03-22T19:49:07.959+0900][8.490s][info][gc             ] GC(391) Pause Young (Allocation Failure) 352M->295M(501M) 4.654ms
[2026-03-22T19:49:07.959+0900][8.490s][info][gc,cpu         ] GC(391) User=0.00s Sys=0.00s Real=0.01s
[2026-03-22T19:49:07.976+0900][8.508s][info][gc,start       ] GC(392) Pause Full (Ergonomics)
[2026-03-22T19:49:07.976+0900][8.508s][info][gc,phases,start] GC(392) Marking Phase
[2026-03-22T19:49:07.977+0900][8.509s][info][gc,phases      ] GC(392) Marking Phase 0.989ms
[2026-03-22T19:49:07.977+0900][8.509s][info][gc,phases,start] GC(392) Summary Phase
[2026-03-22T19:49:07.977+0900][8.509s][info][gc,phases      ] GC(392) Summary Phase 0.014ms
[2026-03-22T19:49:07.977+0900][8.509s][info][gc,phases,start] GC(392) Adjust Roots
[2026-03-22T19:49:07.977+0900][8.509s][info][gc,phases      ] GC(392) Adjust Roots 0.173ms
[2026-03-22T19:49:07.977+0900][8.509s][info][gc,phases,start] GC(392) Compaction Phase
[2026-03-22T19:49:07.984+0900][8.516s][info][gc,phases      ] GC(392) Compaction Phase 7.007ms
[2026-03-22T19:49:07.984+0900][8.516s][info][gc,phases,start] GC(392) Post Compact
[2026-03-22T19:49:07.986+0900][8.518s][info][gc,phases      ] GC(392) Post Compact 1.401ms
[2026-03-22T19:49:07.986+0900][8.518s][info][gc,heap        ] GC(392) PSYoungGen: 163057K(163840K)->0K(163840K) Eden: 152561K(153088K)->0K(153088K) From: 10496K(10752K)->0K(10752K)
[2026-03-22T19:49:07.986+0900][8.518s][info][gc,heap        ] GC(392) ParOldGen: 291999K(349696K)->103430K(349696K)
[2026-03-22T19:49:07.986+0900][8.518s][info][gc,metaspace   ] GC(392) Metaspace: 338K(512K)->338K(512K) NonClass: 320K(384K)->320K(384K) Class: 17K(128K)->17K(128K)
[2026-03-22T19:49:07.986+0900][8.518s][info][gc             ] GC(392) Pause Full (Ergonomics) 444M->101M(501M) 9.886ms
[2026-03-22T19:49:07.986+0900][8.518s][info][gc,cpu         ] GC(392) User=0.06s Sys=0.00s Real=0.01s
[2026-03-22T19:49:08.001+0900][8.533s][info][gc,start       ] GC(393) Pause Young (Allocation Failure)
[2026-03-22T19:49:08.006+0900][8.537s][info][gc,heap        ] GC(393) PSYoungGen: 152561K(163840K)->10496K(163840K) Eden: 152561K(153088K)->0K(153088K) From: 0K(10752K)->10496K(10752K)
[2026-03-22T19:49:08.006+0900][8.537s][info][gc,heap        ] GC(393) ParOldGen: 103430K(349696K)->197639K(349696K)
[2026-03-22T19:49:08.006+0900][8.537s][info][gc,metaspace   ] GC(393) Metaspace: 338K(512K)->338K(512K) NonClass: 320K(384K)->320K(384K) Class: 17K(128K)->17K(128K)
[2026-03-22T19:49:08.006+0900][8.538s][info][gc             ] GC(393) Pause Young (Allocation Failure) 249M->203M(501M) 4.946ms
[2026-03-22T19:49:08.006+0900][8.538s][info][gc,cpu         ] GC(393) User=0.00s Sys=0.00s Real=0.01s
[2026-03-22T19:49:08.020+0900][8.551s][info][gc,start       ] GC(394) Pause Young (Allocation Failure)
[2026-03-22T19:49:08.025+0900][8.556s][info][gc,heap        ] GC(394) PSYoungGen: 163057K(163840K)->10496K(163840K) Eden: 152561K(153088K)->0K(153088K) From: 10496K(10752K)->10496K(10752K)
[2026-03-22T19:49:08.025+0900][8.556s][info][gc,heap        ] GC(394) ParOldGen: 197639K(349696K)->291999K(349696K)
[2026-03-22T19:49:08.025+0900][8.556s][info][gc,metaspace   ] GC(394) Metaspace: 338K(512K)->338K(512K) NonClass: 320K(384K)->320K(384K) Class: 17K(128K)->17K(128K)
[2026-03-22T19:49:08.025+0900][8.556s][info][gc             ] GC(394) Pause Young (Allocation Failure) 352M->295M(501M) 4.566ms
[2026-03-22T19:49:08.025+0900][8.556s][info][gc,cpu         ] GC(394) User=0.00s Sys=0.00s Real=0.01s
[2026-03-22T19:49:08.039+0900][8.570s][info][gc,start       ] GC(395) Pause Full (Ergonomics)
[2026-03-22T19:49:08.039+0900][8.570s][info][gc,phases,start] GC(395) Marking Phase
[2026-03-22T19:49:08.039+0900][8.571s][info][gc,phases      ] GC(395) Marking Phase 1.142ms
[2026-03-22T19:49:08.039+0900][8.571s][info][gc,phases,start] GC(395) Summary Phase
[2026-03-22T19:49:08.039+0900][8.571s][info][gc,phases      ] GC(395) Summary Phase 0.029ms
[2026-03-22T19:49:08.039+0900][8.571s][info][gc,phases,start] GC(395) Adjust Roots
[2026-03-22T19:49:08.040+0900][8.571s][info][gc,phases      ] GC(395) Adjust Roots 0.239ms
[2026-03-22T19:49:08.040+0900][8.571s][info][gc,phases,start] GC(395) Compaction Phase
[2026-03-22T19:49:08.045+0900][8.577s][info][gc,phases      ] GC(395) Compaction Phase 5.463ms
[2026-03-22T19:49:08.045+0900][8.577s][info][gc,phases,start] GC(395) Post Compact
[2026-03-22T19:49:08.047+0900][8.578s][info][gc,phases      ] GC(395) Post Compact 1.388ms
[2026-03-22T19:49:08.047+0900][8.578s][info][gc,heap        ] GC(395) PSYoungGen: 163057K(163840K)->0K(163840K) Eden: 152561K(153088K)->0K(153088K) From: 10496K(10752K)->0K(10752K)
[2026-03-22T19:49:08.047+0900][8.578s][info][gc,heap        ] GC(395) ParOldGen: 291999K(349696K)->103430K(349696K)
[2026-03-22T19:49:08.047+0900][8.578s][info][gc,metaspace   ] GC(395) Metaspace: 338K(512K)->338K(512K) NonClass: 320K(384K)->320K(384K) Class: 17K(128K)->17K(128K)
[2026-03-22T19:49:08.047+0900][8.578s][info][gc             ] GC(395) Pause Full (Ergonomics) 444M->101M(501M) 8.636ms
[2026-03-22T19:49:08.047+0900][8.578s][info][gc,cpu         ] GC(395) User=0.06s Sys=0.00s Real=0.01s
[2026-03-22T19:49:08.061+0900][8.592s][info][gc,start       ] GC(396) Pause Young (Allocation Failure)
[2026-03-22T19:49:08.066+0900][8.597s][info][gc,heap        ] GC(396) PSYoungGen: 152561K(163840K)->10496K(163840K) Eden: 152561K(153088K)->0K(153088K) From: 0K(10752K)->10496K(10752K)
[2026-03-22T19:49:08.066+0900][8.597s][info][gc,heap        ] GC(396) ParOldGen: 103430K(349696K)->197639K(349696K)
[2026-03-22T19:49:08.066+0900][8.597s][info][gc,metaspace   ] GC(396) Metaspace: 338K(512K)->338K(512K) NonClass: 320K(384K)->320K(384K) Class: 17K(128K)->17K(128K)
[2026-03-22T19:49:08.066+0900][8.597s][info][gc             ] GC(396) Pause Young (Allocation Failure) 249M->203M(501M) 4.792ms
[2026-03-22T19:49:08.066+0900][8.597s][info][gc,cpu         ] GC(396) User=0.00s Sys=0.00s Real=0.00s
[2026-03-22T19:49:08.079+0900][8.611s][info][gc,start       ] GC(397) Pause Young (Allocation Failure)
[2026-03-22T19:49:08.084+0900][8.616s][info][gc,heap        ] GC(397) PSYoungGen: 163057K(163840K)->10496K(163840K) Eden: 152561K(153088K)->0K(153088K) From: 10496K(10752K)->10496K(10752K)
[2026-03-22T19:49:08.084+0900][8.616s][info][gc,heap        ] GC(397) ParOldGen: 197639K(349696K)->291999K(349696K)
[2026-03-22T19:49:08.084+0900][8.616s][info][gc,metaspace   ] GC(397) Metaspace: 338K(512K)->338K(512K) NonClass: 320K(384K)->320K(384K) Class: 17K(128K)->17K(128K)
[2026-03-22T19:49:08.084+0900][8.616s][info][gc             ] GC(397) Pause Young (Allocation Failure) 352M->295M(501M) 5.101ms
[2026-03-22T19:49:08.084+0900][8.616s][info][gc,cpu         ] GC(397) User=0.00s Sys=0.00s Real=0.01s
[2026-03-22T19:49:08.099+0900][8.631s][info][gc,start       ] GC(398) Pause Full (Ergonomics)
[2026-03-22T19:49:08.099+0900][8.631s][info][gc,phases,start] GC(398) Marking Phase
[2026-03-22T19:49:08.100+0900][8.632s][info][gc,phases      ] GC(398) Marking Phase 0.921ms
[2026-03-22T19:49:08.100+0900][8.632s][info][gc,phases,start] GC(398) Summary Phase
[2026-03-22T19:49:08.100+0900][8.632s][info][gc,phases      ] GC(398) Summary Phase 0.013ms
[2026-03-22T19:49:08.100+0900][8.632s][info][gc,phases,start] GC(398) Adjust Roots
[2026-03-22T19:49:08.100+0900][8.632s][info][gc,phases      ] GC(398) Adjust Roots 0.140ms
[2026-03-22T19:49:08.100+0900][8.632s][info][gc,phases,start] GC(398) Compaction Phase
[2026-03-22T19:49:08.107+0900][8.638s][info][gc,phases      ] GC(398) Compaction Phase 5.735ms
[2026-03-22T19:49:08.107+0900][8.638s][info][gc,phases,start] GC(398) Post Compact
[2026-03-22T19:49:08.108+0900][8.640s][info][gc,phases      ] GC(398) Post Compact 1.358ms
[2026-03-22T19:49:08.108+0900][8.640s][info][gc,heap        ] GC(398) PSYoungGen: 163057K(163840K)->0K(163840K) Eden: 152561K(153088K)->0K(153088K) From: 10496K(10752K)->0K(10752K)
[2026-03-22T19:49:08.108+0900][8.640s][info][gc,heap        ] GC(398) ParOldGen: 291999K(349696K)->103430K(349696K)
[2026-03-22T19:49:08.108+0900][8.640s][info][gc,metaspace   ] GC(398) Metaspace: 338K(512K)->338K(512K) NonClass: 320K(384K)->320K(384K) Class: 17K(128K)->17K(128K)
[2026-03-22T19:49:08.108+0900][8.640s][info][gc             ] GC(398) Pause Full (Ergonomics) 444M->101M(501M) 8.397ms
[2026-03-22T19:49:08.108+0900][8.640s][info][gc,cpu         ] GC(398) User=0.03s Sys=0.00s Real=0.01s
[2026-03-22T19:49:08.122+0900][8.654s][info][gc,start       ] GC(399) Pause Young (Allocation Failure)
[2026-03-22T19:49:08.127+0900][8.658s][info][gc,heap        ] GC(399) PSYoungGen: 152561K(163840K)->10496K(163840K) Eden: 152561K(153088K)->0K(153088K) From: 0K(10752K)->10496K(10752K)
[2026-03-22T19:49:08.127+0900][8.658s][info][gc,heap        ] GC(399) ParOldGen: 103430K(349696K)->197639K(349696K)
[2026-03-22T19:49:08.127+0900][8.658s][info][gc,metaspace   ] GC(399) Metaspace: 338K(512K)->338K(512K) NonClass: 320K(384K)->320K(384K) Class: 17K(128K)->17K(128K)
[2026-03-22T19:49:08.127+0900][8.658s][info][gc             ] GC(399) Pause Young (Allocation Failure) 249M->203M(501M) 4.728ms
[2026-03-22T19:49:08.127+0900][8.658s][info][gc,cpu         ] GC(399) User=0.00s Sys=0.00s Real=0.01s
[2026-03-22T19:49:08.141+0900][8.672s][info][gc,start       ] GC(400) Pause Young (Allocation Failure)
[2026-03-22T19:49:08.145+0900][8.677s][info][gc,heap        ] GC(400) PSYoungGen: 163057K(163840K)->10496K(163840K) Eden: 152561K(153088K)->0K(153088K) From: 10496K(10752K)->10496K(10752K)
[2026-03-22T19:49:08.145+0900][8.677s][info][gc,heap        ] GC(400) ParOldGen: 197639K(349696K)->291999K(349696K)
[2026-03-22T19:49:08.145+0900][8.677s][info][gc,metaspace   ] GC(400) Metaspace: 338K(512K)->338K(512K) NonClass: 320K(384K)->320K(384K) Class: 17K(128K)->17K(128K)
[2026-03-22T19:49:08.145+0900][8.677s][info][gc             ] GC(400) Pause Young (Allocation Failure) 352M->295M(501M) 4.652ms
[2026-03-22T19:49:08.145+0900][8.677s][info][gc,cpu         ] GC(400) User=0.00s Sys=0.00s Real=0.00s
[2026-03-22T19:49:08.160+0900][8.691s][info][gc,start       ] GC(401) Pause Full (Ergonomics)
[2026-03-22T19:49:08.160+0900][8.691s][info][gc,phases,start] GC(401) Marking Phase
[2026-03-22T19:49:08.161+0900][8.692s][info][gc,phases      ] GC(401) Marking Phase 1.076ms
[2026-03-22T19:49:08.161+0900][8.692s][info][gc,phases,start] GC(401) Summary Phase
[2026-03-22T19:49:08.161+0900][8.692s][info][gc,phases      ] GC(401) Summary Phase 0.022ms
[2026-03-22T19:49:08.161+0900][8.692s][info][gc,phases,start] GC(401) Adjust Roots
[2026-03-22T19:49:08.161+0900][8.692s][info][gc,phases      ] GC(401) Adjust Roots 0.153ms
[2026-03-22T19:49:08.161+0900][8.692s][info][gc,phases,start] GC(401) Compaction Phase
[2026-03-22T19:49:08.167+0900][8.698s][info][gc,phases      ] GC(401) Compaction Phase 5.588ms
[2026-03-22T19:49:08.167+0900][8.698s][info][gc,phases,start] GC(401) Post Compact
[2026-03-22T19:49:08.168+0900][8.699s][info][gc,phases      ] GC(401) Post Compact 1.394ms
[2026-03-22T19:49:08.168+0900][8.699s][info][gc,heap        ] GC(401) PSYoungGen: 163057K(163840K)->0K(163840K) Eden: 152561K(153088K)->0K(153088K) From: 10496K(10752K)->0K(10752K)
[2026-03-22T19:49:08.168+0900][8.699s][info][gc,heap        ] GC(401) ParOldGen: 291999K(349696K)->103430K(349696K)
[2026-03-22T19:49:08.168+0900][8.699s][info][gc,metaspace   ] GC(401) Metaspace: 338K(512K)->338K(512K) NonClass: 320K(384K)->320K(384K) Class: 17K(128K)->17K(128K)
[2026-03-22T19:49:08.168+0900][8.699s][info][gc             ] GC(401) Pause Full (Ergonomics) 444M->101M(501M) 8.486ms
[2026-03-22T19:49:08.168+0900][8.699s][info][gc,cpu         ] GC(401) User=0.05s Sys=0.00s Real=0.01s
[2026-03-22T19:49:08.182+0900][8.713s][info][gc,start       ] GC(402) Pause Young (Allocation Failure)
[2026-03-22T19:49:08.187+0900][8.718s][info][gc,heap        ] GC(402) PSYoungGen: 152561K(163840K)->10464K(163840K) Eden: 152561K(153088K)->0K(153088K) From: 0K(10752K)->10464K(10752K)
[2026-03-22T19:49:08.187+0900][8.718s][info][gc,heap        ] GC(402) ParOldGen: 103430K(349696K)->197639K(349696K)
[2026-03-22T19:49:08.187+0900][8.718s][info][gc,metaspace   ] GC(402) Metaspace: 338K(512K)->338K(512K) NonClass: 320K(384K)->320K(384K) Class: 17K(128K)->17K(128K)
[2026-03-22T19:49:08.187+0900][8.718s][info][gc             ] GC(402) Pause Young (Allocation Failure) 249M->203M(501M) 4.773ms
[2026-03-22T19:49:08.187+0900][8.718s][info][gc,cpu         ] GC(402) User=0.00s Sys=0.00s Real=0.01s
[2026-03-22T19:49:08.200+0900][8.732s][info][gc,start       ] GC(403) Pause Young (Allocation Failure)
[2026-03-22T19:49:08.205+0900][8.737s][info][gc,heap        ] GC(403) PSYoungGen: 163025K(163840K)->10496K(163840K) Eden: 152561K(153088K)->0K(153088K) From: 10464K(10752K)->10496K(10752K)
[2026-03-22T19:49:08.205+0900][8.737s][info][gc,heap        ] GC(403) ParOldGen: 197639K(349696K)->291999K(349696K)
[2026-03-22T19:49:08.205+0900][8.737s][info][gc,metaspace   ] GC(403) Metaspace: 338K(512K)->338K(512K) NonClass: 320K(384K)->320K(384K) Class: 17K(128K)->17K(128K)
[2026-03-22T19:49:08.205+0900][8.737s][info][gc             ] GC(403) Pause Young (Allocation Failure) 352M->295M(501M) 5.001ms
[2026-03-22T19:49:08.205+0900][8.737s][info][gc,cpu         ] GC(403) User=0.00s Sys=0.00s Real=0.00s
[2026-03-22T19:49:08.220+0900][8.751s][info][gc,start       ] GC(404) Pause Full (Ergonomics)
[2026-03-22T19:49:08.220+0900][8.751s][info][gc,phases,start] GC(404) Marking Phase
[2026-03-22T19:49:08.221+0900][8.752s][info][gc,phases      ] GC(404) Marking Phase 1.094ms
[2026-03-22T19:49:08.221+0900][8.752s][info][gc,phases,start] GC(404) Summary Phase
[2026-03-22T19:49:08.221+0900][8.752s][info][gc,phases      ] GC(404) Summary Phase 0.022ms
[2026-03-22T19:49:08.221+0900][8.752s][info][gc,phases,start] GC(404) Adjust Roots
[2026-03-22T19:49:08.221+0900][8.753s][info][gc,phases      ] GC(404) Adjust Roots 0.179ms
[2026-03-22T19:49:08.221+0900][8.753s][info][gc,phases,start] GC(404) Compaction Phase
[2026-03-22T19:49:08.226+0900][8.758s][info][gc,phases      ] GC(404) Compaction Phase 5.392ms
[2026-03-22T19:49:08.226+0900][8.758s][info][gc,phases,start] GC(404) Post Compact
[2026-03-22T19:49:08.227+0900][8.759s][info][gc,phases      ] GC(404) Post Compact 1.265ms
[2026-03-22T19:49:08.228+0900][8.759s][info][gc,heap        ] GC(404) PSYoungGen: 163057K(163840K)->0K(163840K) Eden: 152561K(153088K)->0K(153088K) From: 10496K(10752K)->0K(10752K)
[2026-03-22T19:49:08.228+0900][8.759s][info][gc,heap        ] GC(404) ParOldGen: 291999K(349696K)->103430K(349696K)
[2026-03-22T19:49:08.228+0900][8.759s][info][gc,metaspace   ] GC(404) Metaspace: 338K(512K)->338K(512K) NonClass: 320K(384K)->320K(384K) Class: 17K(128K)->17K(128K)
[2026-03-22T19:49:08.228+0900][8.759s][info][gc             ] GC(404) Pause Full (Ergonomics) 444M->101M(501M) 8.199ms
[2026-03-22T19:49:08.228+0900][8.759s][info][gc,cpu         ] GC(404) User=0.00s Sys=0.00s Real=0.01s
[2026-03-22T19:49:08.242+0900][8.774s][info][gc,start       ] GC(405) Pause Young (Allocation Failure)
[2026-03-22T19:49:08.247+0900][8.778s][info][gc,heap        ] GC(405) PSYoungGen: 152561K(163840K)->10496K(163840K) Eden: 152561K(153088K)->0K(153088K) From: 0K(10752K)->10496K(10752K)
[2026-03-22T19:49:08.247+0900][8.778s][info][gc,heap        ] GC(405) ParOldGen: 103430K(349696K)->197639K(349696K)
[2026-03-22T19:49:08.247+0900][8.778s][info][gc,metaspace   ] GC(405) Metaspace: 338K(512K)->338K(512K) NonClass: 320K(384K)->320K(384K) Class: 17K(128K)->17K(128K)
[2026-03-22T19:49:08.247+0900][8.778s][info][gc             ] GC(405) Pause Young (Allocation Failure) 249M->203M(501M) 4.596ms
[2026-03-22T19:49:08.247+0900][8.778s][info][gc,cpu         ] GC(405) User=0.06s Sys=0.00s Real=0.00s
[2026-03-22T19:49:08.261+0900][8.793s][info][gc,start       ] GC(406) Pause Young (Allocation Failure)
[2026-03-22T19:49:08.265+0900][8.798s][info][gc,heap        ] GC(406) PSYoungGen: 163057K(163840K)->10496K(163840K) Eden: 152561K(153088K)->0K(153088K) From: 10496K(10752K)->10496K(10752K)
[2026-03-22T19:49:08.265+0900][8.798s][info][gc,heap        ] GC(406) ParOldGen: 197639K(349696K)->291999K(349696K)
[2026-03-22T19:49:08.265+0900][8.798s][info][gc,metaspace   ] GC(406) Metaspace: 338K(512K)->338K(512K) NonClass: 320K(384K)->320K(384K) Class: 17K(128K)->17K(128K)
[2026-03-22T19:49:08.265+0900][8.798s][info][gc             ] GC(406) Pause Young (Allocation Failure) 352M->295M(501M) 4.926ms
[2026-03-22T19:49:08.265+0900][8.798s][info][gc,cpu         ] GC(406) User=0.00s Sys=0.00s Real=0.00s
[2026-03-22T19:49:08.281+0900][8.812s][info][gc,start       ] GC(407) Pause Full (Ergonomics)
[2026-03-22T19:49:08.281+0900][8.812s][info][gc,phases,start] GC(407) Marking Phase
[2026-03-22T19:49:08.282+0900][8.813s][info][gc,phases      ] GC(407) Marking Phase 1.040ms
[2026-03-22T19:49:08.282+0900][8.813s][info][gc,phases,start] GC(407) Summary Phase
[2026-03-22T19:49:08.282+0900][8.813s][info][gc,phases      ] GC(407) Summary Phase 0.032ms
[2026-03-22T19:49:08.282+0900][8.813s][info][gc,phases,start] GC(407) Adjust Roots
[2026-03-22T19:49:08.282+0900][8.813s][info][gc,phases      ] GC(407) Adjust Roots 0.254ms
[2026-03-22T19:49:08.282+0900][8.813s][info][gc,phases,start] GC(407) Compaction Phase
[2026-03-22T19:49:08.287+0900][8.819s][info][gc,phases      ] GC(407) Compaction Phase 5.473ms
[2026-03-22T19:49:08.288+0900][8.819s][info][gc,phases,start] GC(407) Post Compact
[2026-03-22T19:49:08.289+0900][8.820s][info][gc,phases      ] GC(407) Post Compact 1.292ms
[2026-03-22T19:49:08.289+0900][8.820s][info][gc,heap        ] GC(407) PSYoungGen: 163057K(163840K)->0K(163840K) Eden: 152561K(153088K)->0K(153088K) From: 10496K(10752K)->0K(10752K)
[2026-03-22T19:49:08.289+0900][8.820s][info][gc,heap        ] GC(407) ParOldGen: 291999K(349696K)->103430K(349696K)
[2026-03-22T19:49:08.289+0900][8.820s][info][gc,metaspace   ] GC(407) Metaspace: 338K(512K)->338K(512K) NonClass: 320K(384K)->320K(384K) Class: 17K(128K)->17K(128K)
[2026-03-22T19:49:08.289+0900][8.820s][info][gc             ] GC(407) Pause Full (Ergonomics) 444M->101M(501M) 8.329ms
[2026-03-22T19:49:08.289+0900][8.820s][info][gc,cpu         ] GC(407) User=0.00s Sys=0.00s Real=0.01s
[2026-03-22T19:49:08.302+0900][8.834s][info][gc,start       ] GC(408) Pause Young (Allocation Failure)
[2026-03-22T19:49:08.307+0900][8.839s][info][gc,heap        ] GC(408) PSYoungGen: 152561K(163840K)->10496K(163840K) Eden: 152561K(153088K)->0K(153088K) From: 0K(10752K)->10496K(10752K)
[2026-03-22T19:49:08.307+0900][8.839s][info][gc,heap        ] GC(408) ParOldGen: 103430K(349696K)->197639K(349696K)
[2026-03-22T19:49:08.307+0900][8.839s][info][gc,metaspace   ] GC(408) Metaspace: 338K(512K)->338K(512K) NonClass: 320K(384K)->320K(384K) Class: 17K(128K)->17K(128K)
[2026-03-22T19:49:08.307+0900][8.839s][info][gc             ] GC(408) Pause Young (Allocation Failure) 249M->203M(501M) 4.624ms
[2026-03-22T19:49:08.307+0900][8.839s][info][gc,cpu         ] GC(408) User=0.06s Sys=0.00s Real=0.00s
[2026-03-22T19:49:08.321+0900][8.853s][info][gc,start       ] GC(409) Pause Young (Allocation Failure)
[2026-03-22T19:49:08.326+0900][8.857s][info][gc,heap        ] GC(409) PSYoungGen: 163057K(163840K)->10496K(163840K) Eden: 152561K(153088K)->0K(153088K) From: 10496K(10752K)->10496K(10752K)
[2026-03-22T19:49:08.326+0900][8.858s][info][gc,heap        ] GC(409) ParOldGen: 197639K(349696K)->291999K(349696K)
[2026-03-22T19:49:08.326+0900][8.858s][info][gc,metaspace   ] GC(409) Metaspace: 338K(512K)->338K(512K) NonClass: 320K(384K)->320K(384K) Class: 17K(128K)->17K(128K)
[2026-03-22T19:49:08.326+0900][8.858s][info][gc             ] GC(409) Pause Young (Allocation Failure) 352M->295M(501M) 4.663ms
[2026-03-22T19:49:08.326+0900][8.858s][info][gc,cpu         ] GC(409) User=0.06s Sys=0.00s Real=0.00s
[2026-03-22T19:49:08.339+0900][8.871s][info][gc,start       ] GC(410) Pause Full (Ergonomics)
[2026-03-22T19:49:08.339+0900][8.871s][info][gc,phases,start] GC(410) Marking Phase
[2026-03-22T19:49:08.341+0900][8.872s][info][gc,phases      ] GC(410) Marking Phase 1.104ms
[2026-03-22T19:49:08.341+0900][8.872s][info][gc,phases,start] GC(410) Summary Phase
[2026-03-22T19:49:08.341+0900][8.873s][info][gc,phases      ] GC(410) Summary Phase 0.014ms
[2026-03-22T19:49:08.341+0900][8.873s][info][gc,phases,start] GC(410) Adjust Roots
[2026-03-22T19:49:08.341+0900][8.873s][info][gc,phases      ] GC(410) Adjust Roots 0.151ms
[2026-03-22T19:49:08.341+0900][8.873s][info][gc,phases,start] GC(410) Compaction Phase
[2026-03-22T19:49:08.347+0900][8.878s][info][gc,phases      ] GC(410) Compaction Phase 5.336ms
[2026-03-22T19:49:08.347+0900][8.878s][info][gc,phases,start] GC(410) Post Compact
[2026-03-22T19:49:08.348+0900][8.879s][info][gc,phases      ] GC(410) Post Compact 1.312ms
[2026-03-22T19:49:08.348+0900][8.879s][info][gc,heap        ] GC(410) PSYoungGen: 163057K(163840K)->0K(163840K) Eden: 152561K(153088K)->0K(153088K) From: 10496K(10752K)->0K(10752K)
[2026-03-22T19:49:08.348+0900][8.879s][info][gc,heap        ] GC(410) ParOldGen: 291999K(349696K)->103430K(349696K)
[2026-03-22T19:49:08.348+0900][8.879s][info][gc,metaspace   ] GC(410) Metaspace: 338K(512K)->338K(512K) NonClass: 320K(384K)->320K(384K) Class: 17K(128K)->17K(128K)
[2026-03-22T19:49:08.348+0900][8.879s][info][gc             ] GC(410) Pause Full (Ergonomics) 444M->101M(501M) 8.188ms
[2026-03-22T19:49:08.348+0900][8.880s][info][gc,cpu         ] GC(410) User=0.00s Sys=0.00s Real=0.01s
[2026-03-22T19:49:08.363+0900][8.894s][info][gc,start       ] GC(411) Pause Young (Allocation Failure)
[2026-03-22T19:49:08.367+0900][8.899s][info][gc,heap        ] GC(411) PSYoungGen: 152561K(163840K)->10496K(163840K) Eden: 152561K(153088K)->0K(153088K) From: 0K(10752K)->10496K(10752K)
[2026-03-22T19:49:08.367+0900][8.899s][info][gc,heap        ] GC(411) ParOldGen: 103430K(349696K)->197639K(349696K)
[2026-03-22T19:49:08.367+0900][8.899s][info][gc,metaspace   ] GC(411) Metaspace: 338K(512K)->338K(512K) NonClass: 320K(384K)->320K(384K) Class: 17K(128K)->17K(128K)
[2026-03-22T19:49:08.367+0900][8.899s][info][gc             ] GC(411) Pause Young (Allocation Failure) 249M->203M(501M) 4.765ms
[2026-03-22T19:49:08.367+0900][8.899s][info][gc,cpu         ] GC(411) User=0.00s Sys=0.00s Real=0.00s
[2026-03-22T19:49:08.382+0900][8.913s][info][gc,start       ] GC(412) Pause Young (Allocation Failure)
[2026-03-22T19:49:08.386+0900][8.918s][info][gc,heap        ] GC(412) PSYoungGen: 163057K(163840K)->10496K(163840K) Eden: 152561K(153088K)->0K(153088K) From: 10496K(10752K)->10496K(10752K)
[2026-03-22T19:49:08.386+0900][8.918s][info][gc,heap        ] GC(412) ParOldGen: 197639K(349696K)->291999K(349696K)
[2026-03-22T19:49:08.386+0900][8.918s][info][gc,metaspace   ] GC(412) Metaspace: 338K(512K)->338K(512K) NonClass: 320K(384K)->320K(384K) Class: 17K(128K)->17K(128K)
[2026-03-22T19:49:08.386+0900][8.918s][info][gc             ] GC(412) Pause Young (Allocation Failure) 352M->295M(501M) 4.757ms
[2026-03-22T19:49:08.386+0900][8.918s][info][gc,cpu         ] GC(412) User=0.06s Sys=0.00s Real=0.00s
[2026-03-22T19:49:08.400+0900][8.932s][info][gc,start       ] GC(413) Pause Full (Ergonomics)
[2026-03-22T19:49:08.400+0900][8.932s][info][gc,phases,start] GC(413) Marking Phase
[2026-03-22T19:49:08.401+0900][8.933s][info][gc,phases      ] GC(413) Marking Phase 1.054ms
[2026-03-22T19:49:08.401+0900][8.933s][info][gc,phases,start] GC(413) Summary Phase
[2026-03-22T19:49:08.401+0900][8.933s][info][gc,phases      ] GC(413) Summary Phase 0.012ms
[2026-03-22T19:49:08.401+0900][8.933s][info][gc,phases,start] GC(413) Adjust Roots
[2026-03-22T19:49:08.401+0900][8.933s][info][gc,phases      ] GC(413) Adjust Roots 0.159ms
[2026-03-22T19:49:08.401+0900][8.933s][info][gc,phases,start] GC(413) Compaction Phase
[2026-03-22T19:49:08.407+0900][8.939s][info][gc,phases      ] GC(413) Compaction Phase 5.601ms
[2026-03-22T19:49:08.407+0900][8.939s][info][gc,phases,start] GC(413) Post Compact
[2026-03-22T19:49:08.408+0900][8.940s][info][gc,phases      ] GC(413) Post Compact 1.269ms
[2026-03-22T19:49:08.408+0900][8.940s][info][gc,heap        ] GC(413) PSYoungGen: 163057K(163840K)->0K(163840K) Eden: 152561K(153088K)->0K(153088K) From: 10496K(10752K)->0K(10752K)
[2026-03-22T19:49:08.408+0900][8.940s][info][gc,heap        ] GC(413) ParOldGen: 291999K(349696K)->103430K(349696K)
[2026-03-22T19:49:08.408+0900][8.940s][info][gc,metaspace   ] GC(413) Metaspace: 338K(512K)->338K(512K) NonClass: 320K(384K)->320K(384K) Class: 17K(128K)->17K(128K)
[2026-03-22T19:49:08.408+0900][8.940s][info][gc             ] GC(413) Pause Full (Ergonomics) 444M->101M(501M) 8.304ms
[2026-03-22T19:49:08.408+0900][8.940s][info][gc,cpu         ] GC(413) User=0.00s Sys=0.00s Real=0.01s
[2026-03-22T19:49:08.422+0900][8.954s][info][gc,start       ] GC(414) Pause Young (Allocation Failure)
[2026-03-22T19:49:08.426+0900][8.958s][info][gc,heap        ] GC(414) PSYoungGen: 152561K(163840K)->10496K(163840K) Eden: 152561K(153088K)->0K(153088K) From: 0K(10752K)->10496K(10752K)
[2026-03-22T19:49:08.426+0900][8.958s][info][gc,heap        ] GC(414) ParOldGen: 103430K(349696K)->197639K(349696K)
[2026-03-22T19:49:08.426+0900][8.958s][info][gc,metaspace   ] GC(414) Metaspace: 338K(512K)->338K(512K) NonClass: 320K(384K)->320K(384K) Class: 17K(128K)->17K(128K)
[2026-03-22T19:49:08.426+0900][8.958s][info][gc             ] GC(414) Pause Young (Allocation Failure) 249M->203M(501M) 4.621ms
[2026-03-22T19:49:08.426+0900][8.958s][info][gc,cpu         ] GC(414) User=0.00s Sys=0.00s Real=0.00s
[2026-03-22T19:49:08.441+0900][8.972s][info][gc,start       ] GC(415) Pause Young (Allocation Failure)
[2026-03-22T19:49:08.445+0900][8.977s][info][gc,heap        ] GC(415) PSYoungGen: 163057K(163840K)->10496K(163840K) Eden: 152561K(153088K)->0K(153088K) From: 10496K(10752K)->10496K(10752K)
[2026-03-22T19:49:08.445+0900][8.977s][info][gc,heap        ] GC(415) ParOldGen: 197639K(349696K)->291999K(349696K)
[2026-03-22T19:49:08.445+0900][8.977s][info][gc,metaspace   ] GC(415) Metaspace: 338K(512K)->338K(512K) NonClass: 320K(384K)->320K(384K) Class: 17K(128K)->17K(128K)
[2026-03-22T19:49:08.445+0900][8.977s][info][gc             ] GC(415) Pause Young (Allocation Failure) 352M->295M(501M) 4.541ms
[2026-03-22T19:49:08.445+0900][8.977s][info][gc,cpu         ] GC(415) User=0.00s Sys=0.00s Real=0.00s
[2026-03-22T19:49:08.460+0900][8.991s][info][gc,start       ] GC(416) Pause Full (Ergonomics)
[2026-03-22T19:49:08.460+0900][8.991s][info][gc,phases,start] GC(416) Marking Phase
[2026-03-22T19:49:08.461+0900][8.992s][info][gc,phases      ] GC(416) Marking Phase 0.909ms
[2026-03-22T19:49:08.461+0900][8.992s][info][gc,phases,start] GC(416) Summary Phase
[2026-03-22T19:49:08.461+0900][8.992s][info][gc,phases      ] GC(416) Summary Phase 0.013ms
[2026-03-22T19:49:08.461+0900][8.992s][info][gc,phases,start] GC(416) Adjust Roots
[2026-03-22T19:49:08.461+0900][8.992s][info][gc,phases      ] GC(416) Adjust Roots 0.142ms
[2026-03-22T19:49:08.461+0900][8.992s][info][gc,phases,start] GC(416) Compaction Phase
[2026-03-22T19:49:08.467+0900][8.998s][info][gc,phases      ] GC(416) Compaction Phase 5.356ms
[2026-03-22T19:49:08.467+0900][8.998s][info][gc,phases,start] GC(416) Post Compact
[2026-03-22T19:49:08.468+0900][8.999s][info][gc,phases      ] GC(416) Post Compact 1.286ms
[2026-03-22T19:49:08.468+0900][8.999s][info][gc,heap        ] GC(416) PSYoungGen: 163057K(163840K)->0K(163840K) Eden: 152561K(153088K)->0K(153088K) From: 10496K(10752K)->0K(10752K)
[2026-03-22T19:49:08.468+0900][8.999s][info][gc,heap        ] GC(416) ParOldGen: 291999K(349696K)->103430K(349696K)
[2026-03-22T19:49:08.468+0900][8.999s][info][gc,metaspace   ] GC(416) Metaspace: 338K(512K)->338K(512K) NonClass: 320K(384K)->320K(384K) Class: 17K(128K)->17K(128K)
[2026-03-22T19:49:08.468+0900][8.999s][info][gc             ] GC(416) Pause Full (Ergonomics) 444M->101M(501M) 7.896ms
[2026-03-22T19:49:08.468+0900][8.999s][info][gc,cpu         ] GC(416) User=0.06s Sys=0.00s Real=0.01s
[2026-03-22T19:49:08.481+0900][9.012s][info][gc,start       ] GC(417) Pause Young (Allocation Failure)
[2026-03-22T19:49:08.485+0900][9.017s][info][gc,heap        ] GC(417) PSYoungGen: 152561K(163840K)->10496K(163840K) Eden: 152561K(153088K)->0K(153088K) From: 0K(10752K)->10496K(10752K)
[2026-03-22T19:49:08.485+0900][9.017s][info][gc,heap        ] GC(417) ParOldGen: 103430K(349696K)->197639K(349696K)
[2026-03-22T19:49:08.485+0900][9.017s][info][gc,metaspace   ] GC(417) Metaspace: 338K(512K)->338K(512K) NonClass: 320K(384K)->320K(384K) Class: 17K(128K)->17K(128K)
[2026-03-22T19:49:08.485+0900][9.017s][info][gc             ] GC(417) Pause Young (Allocation Failure) 249M->203M(501M) 4.725ms
[2026-03-22T19:49:08.485+0900][9.017s][info][gc,cpu         ] GC(417) User=0.00s Sys=0.00s Real=0.00s
[2026-03-22T19:49:08.500+0900][9.032s][info][gc,start       ] GC(418) Pause Young (Allocation Failure)
[2026-03-22T19:49:08.504+0900][9.036s][info][gc,heap        ] GC(418) PSYoungGen: 163057K(163840K)->10496K(163840K) Eden: 152561K(153088K)->0K(153088K) From: 10496K(10752K)->10496K(10752K)
[2026-03-22T19:49:08.504+0900][9.036s][info][gc,heap        ] GC(418) ParOldGen: 197639K(349696K)->291999K(349696K)
[2026-03-22T19:49:08.504+0900][9.036s][info][gc,metaspace   ] GC(418) Metaspace: 338K(512K)->338K(512K) NonClass: 320K(384K)->320K(384K) Class: 17K(128K)->17K(128K)
[2026-03-22T19:49:08.504+0900][9.036s][info][gc             ] GC(418) Pause Young (Allocation Failure) 352M->295M(501M) 4.606ms
[2026-03-22T19:49:08.504+0900][9.036s][info][gc,cpu         ] GC(418) User=0.00s Sys=0.00s Real=0.00s
[2026-03-22T19:49:08.519+0900][9.050s][info][gc,start       ] GC(419) Pause Full (Ergonomics)
[2026-03-22T19:49:08.519+0900][9.051s][info][gc,phases,start] GC(419) Marking Phase
[2026-03-22T19:49:08.520+0900][9.051s][info][gc,phases      ] GC(419) Marking Phase 0.910ms
[2026-03-22T19:49:08.520+0900][9.051s][info][gc,phases,start] GC(419) Summary Phase
[2026-03-22T19:49:08.520+0900][9.051s][info][gc,phases      ] GC(419) Summary Phase 0.013ms
[2026-03-22T19:49:08.520+0900][9.051s][info][gc,phases,start] GC(419) Adjust Roots
[2026-03-22T19:49:08.520+0900][9.052s][info][gc,phases      ] GC(419) Adjust Roots 0.277ms
[2026-03-22T19:49:08.520+0900][9.052s][info][gc,phases,start] GC(419) Compaction Phase
[2026-03-22T19:49:08.526+0900][9.057s][info][gc,phases      ] GC(419) Compaction Phase 5.637ms
[2026-03-22T19:49:08.526+0900][9.057s][info][gc,phases,start] GC(419) Post Compact
[2026-03-22T19:49:08.527+0900][9.059s][info][gc,phases      ] GC(419) Post Compact 1.272ms
[2026-03-22T19:49:08.527+0900][9.059s][info][gc,heap        ] GC(419) PSYoungGen: 163057K(163840K)->0K(163840K) Eden: 152561K(153088K)->0K(153088K) From: 10496K(10752K)->0K(10752K)
[2026-03-22T19:49:08.527+0900][9.059s][info][gc,heap        ] GC(419) ParOldGen: 291999K(349696K)->103430K(349696K)
[2026-03-22T19:49:08.527+0900][9.059s][info][gc,metaspace   ] GC(419) Metaspace: 338K(512K)->338K(512K) NonClass: 320K(384K)->320K(384K) Class: 17K(128K)->17K(128K)
[2026-03-22T19:49:08.527+0900][9.059s][info][gc             ] GC(419) Pause Full (Ergonomics) 444M->101M(501M) 8.318ms
[2026-03-22T19:49:08.527+0900][9.059s][info][gc,cpu         ] GC(419) User=0.06s Sys=0.00s Real=0.01s
[2026-03-22T19:49:08.541+0900][9.073s][info][gc,start       ] GC(420) Pause Young (Allocation Failure)
[2026-03-22T19:49:08.545+0900][9.077s][info][gc,heap        ] GC(420) PSYoungGen: 152561K(163840K)->10496K(163840K) Eden: 152561K(153088K)->0K(153088K) From: 0K(10752K)->10496K(10752K)
[2026-03-22T19:49:08.545+0900][9.077s][info][gc,heap        ] GC(420) ParOldGen: 103430K(349696K)->197639K(349696K)
[2026-03-22T19:49:08.545+0900][9.077s][info][gc,metaspace   ] GC(420) Metaspace: 338K(512K)->338K(512K) NonClass: 320K(384K)->320K(384K) Class: 17K(128K)->17K(128K)
[2026-03-22T19:49:08.545+0900][9.077s][info][gc             ] GC(420) Pause Young (Allocation Failure) 249M->203M(501M) 4.562ms
[2026-03-22T19:49:08.545+0900][9.077s][info][gc,cpu         ] GC(420) User=0.00s Sys=0.00s Real=0.00s
[2026-03-22T19:49:08.559+0900][9.091s][info][gc,start       ] GC(421) Pause Young (Allocation Failure)
[2026-03-22T19:49:08.564+0900][9.096s][info][gc,heap        ] GC(421) PSYoungGen: 163057K(163840K)->10496K(163840K) Eden: 152561K(153088K)->0K(153088K) From: 10496K(10752K)->10496K(10752K)
[2026-03-22T19:49:08.564+0900][9.096s][info][gc,heap        ] GC(421) ParOldGen: 197639K(349696K)->291999K(349696K)
[2026-03-22T19:49:08.564+0900][9.096s][info][gc,metaspace   ] GC(421) Metaspace: 338K(512K)->338K(512K) NonClass: 320K(384K)->320K(384K) Class: 17K(128K)->17K(128K)
[2026-03-22T19:49:08.564+0900][9.096s][info][gc             ] GC(421) Pause Young (Allocation Failure) 352M->295M(501M) 4.512ms
[2026-03-22T19:49:08.564+0900][9.096s][info][gc,cpu         ] GC(421) User=0.00s Sys=0.00s Real=0.00s
[2026-03-22T19:49:08.578+0900][9.110s][info][gc,start       ] GC(422) Pause Full (Ergonomics)
[2026-03-22T19:49:08.578+0900][9.110s][info][gc,phases,start] GC(422) Marking Phase
[2026-03-22T19:49:08.580+0900][9.111s][info][gc,phases      ] GC(422) Marking Phase 1.042ms
[2026-03-22T19:49:08.580+0900][9.111s][info][gc,phases,start] GC(422) Summary Phase
[2026-03-22T19:49:08.580+0900][9.111s][info][gc,phases      ] GC(422) Summary Phase 0.028ms
[2026-03-22T19:49:08.580+0900][9.111s][info][gc,phases,start] GC(422) Adjust Roots
[2026-03-22T19:49:08.580+0900][9.111s][info][gc,phases      ] GC(422) Adjust Roots 0.228ms
[2026-03-22T19:49:08.580+0900][9.111s][info][gc,phases,start] GC(422) Compaction Phase
[2026-03-22T19:49:08.586+0900][9.118s][info][gc,phases      ] GC(422) Compaction Phase 6.940ms
[2026-03-22T19:49:08.586+0900][9.118s][info][gc,phases,start] GC(422) Post Compact
[2026-03-22T19:49:08.588+0900][9.120s][info][gc,phases      ] GC(422) Post Compact 1.431ms
[2026-03-22T19:49:08.588+0900][9.120s][info][gc,heap        ] GC(422) PSYoungGen: 163057K(163840K)->0K(163840K) Eden: 152561K(153088K)->0K(153088K) From: 10496K(10752K)->0K(10752K)
[2026-03-22T19:49:08.588+0900][9.120s][info][gc,heap        ] GC(422) ParOldGen: 291999K(349696K)->103430K(349696K)
[2026-03-22T19:49:08.588+0900][9.120s][info][gc,metaspace   ] GC(422) Metaspace: 338K(512K)->338K(512K) NonClass: 320K(384K)->320K(384K) Class: 17K(128K)->17K(128K)
[2026-03-22T19:49:08.588+0900][9.120s][info][gc             ] GC(422) Pause Full (Ergonomics) 444M->101M(501M) 10.019ms
[2026-03-22T19:49:08.588+0900][9.120s][info][gc,cpu         ] GC(422) User=0.00s Sys=0.02s Real=0.01s
[2026-03-22T19:49:08.604+0900][9.136s][info][gc,start       ] GC(423) Pause Young (Allocation Failure)
[2026-03-22T19:49:08.609+0900][9.141s][info][gc,heap        ] GC(423) PSYoungGen: 152561K(163840K)->10496K(163840K) Eden: 152561K(153088K)->0K(153088K) From: 0K(10752K)->10496K(10752K)
[2026-03-22T19:49:08.609+0900][9.141s][info][gc,heap        ] GC(423) ParOldGen: 103430K(349696K)->197639K(349696K)
[2026-03-22T19:49:08.609+0900][9.141s][info][gc,metaspace   ] GC(423) Metaspace: 338K(512K)->338K(512K) NonClass: 320K(384K)->320K(384K) Class: 17K(128K)->17K(128K)
[2026-03-22T19:49:08.609+0900][9.141s][info][gc             ] GC(423) Pause Young (Allocation Failure) 249M->203M(501M) 5.662ms
[2026-03-22T19:49:08.609+0900][9.141s][info][gc,cpu         ] GC(423) User=0.00s Sys=0.00s Real=0.00s
[2026-03-22T19:49:08.624+0900][9.155s][info][gc,start       ] GC(424) Pause Young (Allocation Failure)
[2026-03-22T19:49:08.628+0900][9.160s][info][gc,heap        ] GC(424) PSYoungGen: 163057K(163840K)->10496K(163840K) Eden: 152561K(153088K)->0K(153088K) From: 10496K(10752K)->10496K(10752K)
[2026-03-22T19:49:08.628+0900][9.160s][info][gc,heap        ] GC(424) ParOldGen: 197639K(349696K)->291999K(349696K)
[2026-03-22T19:49:08.628+0900][9.160s][info][gc,metaspace   ] GC(424) Metaspace: 338K(512K)->338K(512K) NonClass: 320K(384K)->320K(384K) Class: 17K(128K)->17K(128K)
[2026-03-22T19:49:08.628+0900][9.160s][info][gc             ] GC(424) Pause Young (Allocation Failure) 352M->295M(501M) 4.562ms
[2026-03-22T19:49:08.628+0900][9.160s][info][gc,cpu         ] GC(424) User=0.00s Sys=0.00s Real=0.00s
[2026-03-22T19:49:08.642+0900][9.174s][info][gc,start       ] GC(425) Pause Full (Ergonomics)
[2026-03-22T19:49:08.642+0900][9.174s][info][gc,phases,start] GC(425) Marking Phase
[2026-03-22T19:49:08.644+0900][9.175s][info][gc,phases      ] GC(425) Marking Phase 1.082ms
[2026-03-22T19:49:08.644+0900][9.175s][info][gc,phases,start] GC(425) Summary Phase
[2026-03-22T19:49:08.644+0900][9.175s][info][gc,phases      ] GC(425) Summary Phase 0.027ms
[2026-03-22T19:49:08.644+0900][9.175s][info][gc,phases,start] GC(425) Adjust Roots
[2026-03-22T19:49:08.644+0900][9.175s][info][gc,phases      ] GC(425) Adjust Roots 0.193ms
[2026-03-22T19:49:08.644+0900][9.175s][info][gc,phases,start] GC(425) Compaction Phase
[2026-03-22T19:49:08.649+0900][9.180s][info][gc,phases      ] GC(425) Compaction Phase 4.990ms
[2026-03-22T19:49:08.649+0900][9.180s][info][gc,phases,start] GC(425) Post Compact
[2026-03-22T19:49:08.650+0900][9.182s][info][gc,phases      ] GC(425) Post Compact 1.308ms
[2026-03-22T19:49:08.650+0900][9.182s][info][gc,heap        ] GC(425) PSYoungGen: 163057K(163840K)->0K(163840K) Eden: 152561K(153088K)->0K(153088K) From: 10496K(10752K)->0K(10752K)
[2026-03-22T19:49:08.650+0900][9.182s][info][gc,heap        ] GC(425) ParOldGen: 291999K(349696K)->103430K(349696K)
[2026-03-22T19:49:08.650+0900][9.182s][info][gc,metaspace   ] GC(425) Metaspace: 338K(512K)->338K(512K) NonClass: 320K(384K)->320K(384K) Class: 17K(128K)->17K(128K)
[2026-03-22T19:49:08.650+0900][9.182s][info][gc             ] GC(425) Pause Full (Ergonomics) 444M->101M(501M) 7.902ms
[2026-03-22T19:49:08.650+0900][9.182s][info][gc,cpu         ] GC(425) User=0.00s Sys=0.00s Real=0.01s
[2026-03-22T19:49:08.665+0900][9.196s][info][gc,start       ] GC(426) Pause Young (Allocation Failure)
[2026-03-22T19:49:08.669+0900][9.200s][info][gc,heap        ] GC(426) PSYoungGen: 152561K(163840K)->10496K(163840K) Eden: 152561K(153088K)->0K(153088K) From: 0K(10752K)->10496K(10752K)
[2026-03-22T19:49:08.669+0900][9.200s][info][gc,heap        ] GC(426) ParOldGen: 103430K(349696K)->197639K(349696K)
[2026-03-22T19:49:08.669+0900][9.200s][info][gc,metaspace   ] GC(426) Metaspace: 338K(512K)->338K(512K) NonClass: 320K(384K)->320K(384K) Class: 17K(128K)->17K(128K)
[2026-03-22T19:49:08.669+0900][9.200s][info][gc             ] GC(426) Pause Young (Allocation Failure) 249M->203M(501M) 4.255ms
[2026-03-22T19:49:08.669+0900][9.200s][info][gc,cpu         ] GC(426) User=0.06s Sys=0.00s Real=0.00s
[2026-03-22T19:49:08.683+0900][9.215s][info][gc,start       ] GC(427) Pause Young (Allocation Failure)
[2026-03-22T19:49:08.688+0900][9.219s][info][gc,heap        ] GC(427) PSYoungGen: 163057K(163840K)->10496K(163840K) Eden: 152561K(153088K)->0K(153088K) From: 10496K(10752K)->10496K(10752K)
[2026-03-22T19:49:08.688+0900][9.219s][info][gc,heap        ] GC(427) ParOldGen: 197639K(349696K)->291999K(349696K)
[2026-03-22T19:49:08.688+0900][9.219s][info][gc,metaspace   ] GC(427) Metaspace: 338K(512K)->338K(512K) NonClass: 320K(384K)->320K(384K) Class: 17K(128K)->17K(128K)
[2026-03-22T19:49:08.688+0900][9.219s][info][gc             ] GC(427) Pause Young (Allocation Failure) 352M->295M(501M) 4.834ms
[2026-03-22T19:49:08.688+0900][9.219s][info][gc,cpu         ] GC(427) User=0.00s Sys=0.00s Real=0.00s
[2026-03-22T19:49:08.702+0900][9.234s][info][gc,start       ] GC(428) Pause Full (Ergonomics)
[2026-03-22T19:49:08.702+0900][9.234s][info][gc,phases,start] GC(428) Marking Phase
[2026-03-22T19:49:08.703+0900][9.235s][info][gc,phases      ] GC(428) Marking Phase 0.974ms
[2026-03-22T19:49:08.703+0900][9.235s][info][gc,phases,start] GC(428) Summary Phase
[2026-03-22T19:49:08.703+0900][9.235s][info][gc,phases      ] GC(428) Summary Phase 0.015ms
[2026-03-22T19:49:08.703+0900][9.235s][info][gc,phases,start] GC(428) Adjust Roots
[2026-03-22T19:49:08.704+0900][9.235s][info][gc,phases      ] GC(428) Adjust Roots 0.284ms
[2026-03-22T19:49:08.704+0900][9.235s][info][gc,phases,start] GC(428) Compaction Phase
[2026-03-22T19:49:08.710+0900][9.241s][info][gc,phases      ] GC(428) Compaction Phase 5.930ms
[2026-03-22T19:49:08.710+0900][9.241s][info][gc,phases,start] GC(428) Post Compact
[2026-03-22T19:49:08.711+0900][9.242s][info][gc,phases      ] GC(428) Post Compact 1.270ms
[2026-03-22T19:49:08.711+0900][9.242s][info][gc,heap        ] GC(428) PSYoungGen: 163057K(163840K)->0K(163840K) Eden: 152561K(153088K)->0K(153088K) From: 10496K(10752K)->0K(10752K)
[2026-03-22T19:49:08.711+0900][9.242s][info][gc,heap        ] GC(428) ParOldGen: 291999K(349696K)->103430K(349696K)
[2026-03-22T19:49:08.711+0900][9.242s][info][gc,metaspace   ] GC(428) Metaspace: 338K(512K)->338K(512K) NonClass: 320K(384K)->320K(384K) Class: 17K(128K)->17K(128K)
[2026-03-22T19:49:08.711+0900][9.242s][info][gc             ] GC(428) Pause Full (Ergonomics) 444M->101M(501M) 8.774ms
[2026-03-22T19:49:08.711+0900][9.242s][info][gc,cpu         ] GC(428) User=0.00s Sys=0.00s Real=0.01s
[2026-03-22T19:49:08.724+0900][9.256s][info][gc,start       ] GC(429) Pause Young (Allocation Failure)
[2026-03-22T19:49:08.729+0900][9.261s][info][gc,heap        ] GC(429) PSYoungGen: 152561K(163840K)->10496K(163840K) Eden: 152561K(153088K)->0K(153088K) From: 0K(10752K)->10496K(10752K)
[2026-03-22T19:49:08.729+0900][9.261s][info][gc,heap        ] GC(429) ParOldGen: 103430K(349696K)->197639K(349696K)
[2026-03-22T19:49:08.729+0900][9.261s][info][gc,metaspace   ] GC(429) Metaspace: 338K(512K)->338K(512K) NonClass: 320K(384K)->320K(384K) Class: 17K(128K)->17K(128K)
[2026-03-22T19:49:08.729+0900][9.261s][info][gc             ] GC(429) Pause Young (Allocation Failure) 249M->203M(501M) 4.617ms
[2026-03-22T19:49:08.729+0900][9.261s][info][gc,cpu         ] GC(429) User=0.05s Sys=0.02s Real=0.01s
[2026-03-22T19:49:08.744+0900][9.275s][info][gc,start       ] GC(430) Pause Young (Allocation Failure)
[2026-03-22T19:49:08.748+0900][9.280s][info][gc,heap        ] GC(430) PSYoungGen: 163057K(163840K)->10496K(163840K) Eden: 152561K(153088K)->0K(153088K) From: 10496K(10752K)->10496K(10752K)
[2026-03-22T19:49:08.748+0900][9.280s][info][gc,heap        ] GC(430) ParOldGen: 197639K(349696K)->291999K(349696K)
[2026-03-22T19:49:08.748+0900][9.280s][info][gc,metaspace   ] GC(430) Metaspace: 338K(512K)->338K(512K) NonClass: 320K(384K)->320K(384K) Class: 17K(128K)->17K(128K)
[2026-03-22T19:49:08.748+0900][9.280s][info][gc             ] GC(430) Pause Young (Allocation Failure) 352M->295M(501M) 4.499ms
[2026-03-22T19:49:08.748+0900][9.280s][info][gc,cpu         ] GC(430) User=0.00s Sys=0.00s Real=0.00s
[2026-03-22T19:49:08.762+0900][9.293s][info][gc,start       ] GC(431) Pause Full (Ergonomics)
[2026-03-22T19:49:08.762+0900][9.294s][info][gc,phases,start] GC(431) Marking Phase
[2026-03-22T19:49:08.763+0900][9.295s][info][gc,phases      ] GC(431) Marking Phase 0.973ms
[2026-03-22T19:49:08.763+0900][9.295s][info][gc,phases,start] GC(431) Summary Phase
[2026-03-22T19:49:08.763+0900][9.295s][info][gc,phases      ] GC(431) Summary Phase 0.016ms
[2026-03-22T19:49:08.763+0900][9.295s][info][gc,phases,start] GC(431) Adjust Roots
[2026-03-22T19:49:08.764+0900][9.295s][info][gc,phases      ] GC(431) Adjust Roots 0.294ms
[2026-03-22T19:49:08.764+0900][9.295s][info][gc,phases,start] GC(431) Compaction Phase
[2026-03-22T19:49:08.769+0900][9.300s][info][gc,phases      ] GC(431) Compaction Phase 5.406ms
[2026-03-22T19:49:08.769+0900][9.300s][info][gc,phases,start] GC(431) Post Compact
[2026-03-22T19:49:08.770+0900][9.302s][info][gc,phases      ] GC(431) Post Compact 1.319ms
[2026-03-22T19:49:08.771+0900][9.302s][info][gc,heap        ] GC(431) PSYoungGen: 163057K(163840K)->0K(163840K) Eden: 152561K(153088K)->0K(153088K) From: 10496K(10752K)->0K(10752K)
[2026-03-22T19:49:08.771+0900][9.302s][info][gc,heap        ] GC(431) ParOldGen: 291999K(349696K)->103430K(349696K)
[2026-03-22T19:49:08.771+0900][9.302s][info][gc,metaspace   ] GC(431) Metaspace: 338K(512K)->338K(512K) NonClass: 320K(384K)->320K(384K) Class: 17K(128K)->17K(128K)
[2026-03-22T19:49:08.771+0900][9.302s][info][gc             ] GC(431) Pause Full (Ergonomics) 444M->101M(501M) 8.191ms
[2026-03-22T19:49:08.771+0900][9.302s][info][gc,cpu         ] GC(431) User=0.00s Sys=0.00s Real=0.01s
[2026-03-22T19:49:08.784+0900][9.316s][info][gc,start       ] GC(432) Pause Young (Allocation Failure)
[2026-03-22T19:49:08.788+0900][9.320s][info][gc,heap        ] GC(432) PSYoungGen: 152561K(163840K)->10496K(163840K) Eden: 152561K(153088K)->0K(153088K) From: 0K(10752K)->10496K(10752K)
[2026-03-22T19:49:08.788+0900][9.320s][info][gc,heap        ] GC(432) ParOldGen: 103430K(349696K)->197639K(349696K)
[2026-03-22T19:49:08.788+0900][9.320s][info][gc,metaspace   ] GC(432) Metaspace: 338K(512K)->338K(512K) NonClass: 320K(384K)->320K(384K) Class: 17K(128K)->17K(128K)
[2026-03-22T19:49:08.788+0900][9.320s][info][gc             ] GC(432) Pause Young (Allocation Failure) 249M->203M(501M) 4.402ms
[2026-03-22T19:49:08.788+0900][9.320s][info][gc,cpu         ] GC(432) User=0.00s Sys=0.00s Real=0.00s
[2026-03-22T19:49:08.803+0900][9.335s][info][gc,start       ] GC(433) Pause Young (Allocation Failure)
[2026-03-22T19:49:08.808+0900][9.340s][info][gc,heap        ] GC(433) PSYoungGen: 163057K(163840K)->10496K(163840K) Eden: 152561K(153088K)->0K(153088K) From: 10496K(10752K)->10496K(10752K)
[2026-03-22T19:49:08.808+0900][9.340s][info][gc,heap        ] GC(433) ParOldGen: 197639K(349696K)->291999K(349696K)
[2026-03-22T19:49:08.808+0900][9.340s][info][gc,metaspace   ] GC(433) Metaspace: 338K(512K)->338K(512K) NonClass: 320K(384K)->320K(384K) Class: 17K(128K)->17K(128K)
[2026-03-22T19:49:08.808+0900][9.340s][info][gc             ] GC(433) Pause Young (Allocation Failure) 352M->295M(501M) 5.054ms
[2026-03-22T19:49:08.809+0900][9.340s][info][gc,cpu         ] GC(433) User=0.06s Sys=0.00s Real=0.01s
[2026-03-22T19:49:08.822+0900][9.354s][info][gc,start       ] GC(434) Pause Full (Ergonomics)
[2026-03-22T19:49:08.822+0900][9.354s][info][gc,phases,start] GC(434) Marking Phase
[2026-03-22T19:49:08.823+0900][9.355s][info][gc,phases      ] GC(434) Marking Phase 0.941ms
[2026-03-22T19:49:08.823+0900][9.355s][info][gc,phases,start] GC(434) Summary Phase
[2026-03-22T19:49:08.823+0900][9.355s][info][gc,phases      ] GC(434) Summary Phase 0.012ms
[2026-03-22T19:49:08.823+0900][9.355s][info][gc,phases,start] GC(434) Adjust Roots
[2026-03-22T19:49:08.823+0900][9.355s][info][gc,phases      ] GC(434) Adjust Roots 0.140ms
[2026-03-22T19:49:08.823+0900][9.355s][info][gc,phases,start] GC(434) Compaction Phase
[2026-03-22T19:49:08.828+0900][9.360s][info][gc,phases      ] GC(434) Compaction Phase 5.558ms
[2026-03-22T19:49:08.828+0900][9.360s][info][gc,phases,start] GC(434) Post Compact
[2026-03-22T19:49:08.830+0900][9.362s][info][gc,phases      ] GC(434) Post Compact 1.264ms
[2026-03-22T19:49:08.830+0900][9.362s][info][gc,heap        ] GC(434) PSYoungGen: 163057K(163840K)->0K(163840K) Eden: 152561K(153088K)->0K(153088K) From: 10496K(10752K)->0K(10752K)
[2026-03-22T19:49:08.830+0900][9.362s][info][gc,heap        ] GC(434) ParOldGen: 291999K(349696K)->103430K(349696K)
[2026-03-22T19:49:08.830+0900][9.362s][info][gc,metaspace   ] GC(434) Metaspace: 338K(512K)->338K(512K) NonClass: 320K(384K)->320K(384K) Class: 17K(128K)->17K(128K)
[2026-03-22T19:49:08.830+0900][9.362s][info][gc             ] GC(434) Pause Full (Ergonomics) 444M->101M(501M) 8.109ms
[2026-03-22T19:49:08.830+0900][9.362s][info][gc,cpu         ] GC(434) User=0.00s Sys=0.00s Real=0.01s
[2026-03-22T19:49:08.845+0900][9.376s][info][gc,start       ] GC(435) Pause Young (Allocation Failure)
[2026-03-22T19:49:08.849+0900][9.381s][info][gc,heap        ] GC(435) PSYoungGen: 152561K(163840K)->10496K(163840K) Eden: 152561K(153088K)->0K(153088K) From: 0K(10752K)->10496K(10752K)
[2026-03-22T19:49:08.849+0900][9.381s][info][gc,heap        ] GC(435) ParOldGen: 103430K(349696K)->197639K(349696K)
[2026-03-22T19:49:08.849+0900][9.381s][info][gc,metaspace   ] GC(435) Metaspace: 338K(512K)->338K(512K) NonClass: 320K(384K)->320K(384K) Class: 17K(128K)->17K(128K)
[2026-03-22T19:49:08.849+0900][9.381s][info][gc             ] GC(435) Pause Young (Allocation Failure) 249M->203M(501M) 4.344ms
[2026-03-22T19:49:08.849+0900][9.381s][info][gc,cpu         ] GC(435) User=0.00s Sys=0.00s Real=0.00s
[2026-03-22T19:49:08.862+0900][9.394s][info][gc,start       ] GC(436) Pause Young (Allocation Failure)
[2026-03-22T19:49:08.867+0900][9.399s][info][gc,heap        ] GC(436) PSYoungGen: 163057K(163840K)->10496K(163840K) Eden: 152561K(153088K)->0K(153088K) From: 10496K(10752K)->10496K(10752K)
[2026-03-22T19:49:08.867+0900][9.399s][info][gc,heap        ] GC(436) ParOldGen: 197639K(349696K)->291999K(349696K)
[2026-03-22T19:49:08.867+0900][9.399s][info][gc,metaspace   ] GC(436) Metaspace: 338K(512K)->338K(512K) NonClass: 320K(384K)->320K(384K) Class: 17K(128K)->17K(128K)
[2026-03-22T19:49:08.867+0900][9.399s][info][gc             ] GC(436) Pause Young (Allocation Failure) 352M->295M(501M) 4.146ms
[2026-03-22T19:49:08.867+0900][9.399s][info][gc,cpu         ] GC(436) User=0.00s Sys=0.00s Real=0.01s
[2026-03-22T19:49:08.880+0900][9.412s][info][gc,start       ] GC(437) Pause Full (Ergonomics)
[2026-03-22T19:49:08.881+0900][9.412s][info][gc,phases,start] GC(437) Marking Phase
[2026-03-22T19:49:08.882+0900][9.413s][info][gc,phases      ] GC(437) Marking Phase 0.976ms
[2026-03-22T19:49:08.882+0900][9.413s][info][gc,phases,start] GC(437) Summary Phase
[2026-03-22T19:49:08.882+0900][9.413s][info][gc,phases      ] GC(437) Summary Phase 0.018ms
[2026-03-22T19:49:08.882+0900][9.413s][info][gc,phases,start] GC(437) Adjust Roots
[2026-03-22T19:49:08.882+0900][9.414s][info][gc,phases      ] GC(437) Adjust Roots 0.167ms
[2026-03-22T19:49:08.882+0900][9.414s][info][gc,phases,start] GC(437) Compaction Phase
[2026-03-22T19:49:08.887+0900][9.419s][info][gc,phases      ] GC(437) Compaction Phase 5.307ms
[2026-03-22T19:49:08.887+0900][9.419s][info][gc,phases,start] GC(437) Post Compact
[2026-03-22T19:49:08.889+0900][9.420s][info][gc,phases      ] GC(437) Post Compact 1.454ms
[2026-03-22T19:49:08.898+0900][9.429s][info][gc,heap        ] GC(437) PSYoungGen: 163057K(163840K)->0K(163840K) Eden: 152561K(153088K)->0K(153088K) From: 10496K(10752K)->0K(10752K)
[2026-03-22T19:49:08.898+0900][9.429s][info][gc,heap        ] GC(437) ParOldGen: 291999K(349696K)->103430K(349696K)
[2026-03-22T19:49:08.898+0900][9.429s][info][gc,metaspace   ] GC(437) Metaspace: 338K(512K)->338K(512K) NonClass: 320K(384K)->320K(384K) Class: 17K(128K)->17K(128K)
[2026-03-22T19:49:08.898+0900][9.429s][info][gc             ] GC(437) Pause Full (Ergonomics) 444M->101M(501M) 16.712ms
[2026-03-22T19:49:08.898+0900][9.429s][info][gc,cpu         ] GC(437) User=0.06s Sys=0.00s Real=0.02s
[2026-03-22T19:49:08.911+0900][9.442s][info][gc,start       ] GC(438) Pause Young (Allocation Failure)
[2026-03-22T19:49:08.916+0900][9.447s][info][gc,heap        ] GC(438) PSYoungGen: 152561K(163840K)->10496K(163840K) Eden: 152561K(153088K)->0K(153088K) From: 0K(10752K)->10496K(10752K)
[2026-03-22T19:49:08.916+0900][9.447s][info][gc,heap        ] GC(438) ParOldGen: 103430K(349696K)->197639K(349696K)
[2026-03-22T19:49:08.916+0900][9.447s][info][gc,metaspace   ] GC(438) Metaspace: 338K(512K)->338K(512K) NonClass: 320K(384K)->320K(384K) Class: 17K(128K)->17K(128K)
[2026-03-22T19:49:08.916+0900][9.447s][info][gc             ] GC(438) Pause Young (Allocation Failure) 249M->203M(501M) 4.455ms
[2026-03-22T19:49:08.916+0900][9.447s][info][gc,cpu         ] GC(438) User=0.00s Sys=0.00s Real=0.00s
[2026-03-22T19:49:08.929+0900][9.461s][info][gc,start       ] GC(439) Pause Young (Allocation Failure)
[2026-03-22T19:49:08.934+0900][9.465s][info][gc,heap        ] GC(439) PSYoungGen: 163057K(163840K)->10496K(163840K) Eden: 152561K(153088K)->0K(153088K) From: 10496K(10752K)->10496K(10752K)
[2026-03-22T19:49:08.934+0900][9.465s][info][gc,heap        ] GC(439) ParOldGen: 197639K(349696K)->291999K(349696K)
[2026-03-22T19:49:08.934+0900][9.465s][info][gc,metaspace   ] GC(439) Metaspace: 338K(512K)->338K(512K) NonClass: 320K(384K)->320K(384K) Class: 17K(128K)->17K(128K)
[2026-03-22T19:49:08.934+0900][9.465s][info][gc             ] GC(439) Pause Young (Allocation Failure) 352M->295M(501M) 4.535ms
[2026-03-22T19:49:08.934+0900][9.465s][info][gc,cpu         ] GC(439) User=0.06s Sys=0.00s Real=0.01s
[2026-03-22T19:49:08.947+0900][9.479s][info][gc,start       ] GC(440) Pause Full (Ergonomics)
[2026-03-22T19:49:08.948+0900][9.479s][info][gc,phases,start] GC(440) Marking Phase
[2026-03-22T19:49:08.949+0900][9.481s][info][gc,phases      ] GC(440) Marking Phase 1.207ms
[2026-03-22T19:49:08.949+0900][9.481s][info][gc,phases,start] GC(440) Summary Phase
[2026-03-22T19:49:08.949+0900][9.481s][info][gc,phases      ] GC(440) Summary Phase 0.023ms
[2026-03-22T19:49:08.949+0900][9.481s][info][gc,phases,start] GC(440) Adjust Roots
[2026-03-22T19:49:08.949+0900][9.481s][info][gc,phases      ] GC(440) Adjust Roots 0.228ms
[2026-03-22T19:49:08.949+0900][9.481s][info][gc,phases,start] GC(440) Compaction Phase
[2026-03-22T19:49:08.955+0900][9.487s][info][gc,phases      ] GC(440) Compaction Phase 5.980ms
[2026-03-22T19:49:08.955+0900][9.487s][info][gc,phases,start] GC(440) Post Compact
[2026-03-22T19:49:08.957+0900][9.489s][info][gc,phases      ] GC(440) Post Compact 1.452ms
[2026-03-22T19:49:08.957+0900][9.489s][info][gc,heap        ] GC(440) PSYoungGen: 163057K(163840K)->0K(163840K) Eden: 152561K(153088K)->0K(153088K) From: 10496K(10752K)->0K(10752K)
[2026-03-22T19:49:08.957+0900][9.489s][info][gc,heap        ] GC(440) ParOldGen: 291999K(349696K)->103430K(349696K)
[2026-03-22T19:49:08.957+0900][9.489s][info][gc,metaspace   ] GC(440) Metaspace: 338K(512K)->338K(512K) NonClass: 320K(384K)->320K(384K) Class: 17K(128K)->17K(128K)
[2026-03-22T19:49:08.957+0900][9.489s][info][gc             ] GC(440) Pause Full (Ergonomics) 444M->101M(501M) 9.194ms
[2026-03-22T19:49:08.957+0900][9.489s][info][gc,cpu         ] GC(440) User=0.00s Sys=0.00s Real=0.01s
[2026-03-22T19:49:08.971+0900][9.503s][info][gc,start       ] GC(441) Pause Young (Allocation Failure)
[2026-03-22T19:49:08.976+0900][9.508s][info][gc,heap        ] GC(441) PSYoungGen: 152561K(163840K)->10496K(163840K) Eden: 152561K(153088K)->0K(153088K) From: 0K(10752K)->10496K(10752K)
[2026-03-22T19:49:08.976+0900][9.508s][info][gc,heap        ] GC(441) ParOldGen: 103430K(349696K)->197639K(349696K)
[2026-03-22T19:49:08.976+0900][9.508s][info][gc,metaspace   ] GC(441) Metaspace: 338K(512K)->338K(512K) NonClass: 320K(384K)->320K(384K) Class: 17K(128K)->17K(128K)
[2026-03-22T19:49:08.976+0900][9.508s][info][gc             ] GC(441) Pause Young (Allocation Failure) 249M->203M(501M) 4.975ms
[2026-03-22T19:49:08.976+0900][9.508s][info][gc,cpu         ] GC(441) User=0.00s Sys=0.00s Real=0.01s
[2026-03-22T19:49:08.990+0900][9.522s][info][gc,start       ] GC(442) Pause Young (Allocation Failure)
[2026-03-22T19:49:08.995+0900][9.526s][info][gc,heap        ] GC(442) PSYoungGen: 163057K(163840K)->10496K(163840K) Eden: 152561K(153088K)->0K(153088K) From: 10496K(10752K)->10496K(10752K)
[2026-03-22T19:49:08.995+0900][9.526s][info][gc,heap        ] GC(442) ParOldGen: 197639K(349696K)->291999K(349696K)
[2026-03-22T19:49:08.995+0900][9.526s][info][gc,metaspace   ] GC(442) Metaspace: 338K(512K)->338K(512K) NonClass: 320K(384K)->320K(384K) Class: 17K(128K)->17K(128K)
[2026-03-22T19:49:08.995+0900][9.526s][info][gc             ] GC(442) Pause Young (Allocation Failure) 352M->295M(501M) 4.867ms
[2026-03-22T19:49:08.995+0900][9.526s][info][gc,cpu         ] GC(442) User=0.06s Sys=0.00s Real=0.00s
[2026-03-22T19:49:09.010+0900][9.541s][info][gc,start       ] GC(443) Pause Full (Ergonomics)
[2026-03-22T19:49:09.010+0900][9.541s][info][gc,phases,start] GC(443) Marking Phase
[2026-03-22T19:49:09.011+0900][9.542s][info][gc,phases      ] GC(443) Marking Phase 1.039ms
[2026-03-22T19:49:09.011+0900][9.542s][info][gc,phases,start] GC(443) Summary Phase
[2026-03-22T19:49:09.011+0900][9.542s][info][gc,phases      ] GC(443) Summary Phase 0.013ms
[2026-03-22T19:49:09.011+0900][9.542s][info][gc,phases,start] GC(443) Adjust Roots
[2026-03-22T19:49:09.011+0900][9.542s][info][gc,phases      ] GC(443) Adjust Roots 0.186ms
[2026-03-22T19:49:09.011+0900][9.542s][info][gc,phases,start] GC(443) Compaction Phase
[2026-03-22T19:49:09.016+0900][9.548s][info][gc,phases      ] GC(443) Compaction Phase 5.306ms
[2026-03-22T19:49:09.016+0900][9.548s][info][gc,phases,start] GC(443) Post Compact
[2026-03-22T19:49:09.017+0900][9.549s][info][gc,phases      ] GC(443) Post Compact 1.337ms
[2026-03-22T19:49:09.018+0900][9.549s][info][gc,heap        ] GC(443) PSYoungGen: 163057K(163840K)->0K(163840K) Eden: 152561K(153088K)->0K(153088K) From: 10496K(10752K)->0K(10752K)
[2026-03-22T19:49:09.018+0900][9.549s][info][gc,heap        ] GC(443) ParOldGen: 291999K(349696K)->103430K(349696K)
[2026-03-22T19:49:09.018+0900][9.549s][info][gc,metaspace   ] GC(443) Metaspace: 338K(512K)->338K(512K) NonClass: 320K(384K)->320K(384K) Class: 17K(128K)->17K(128K)
[2026-03-22T19:49:09.018+0900][9.549s][info][gc             ] GC(443) Pause Full (Ergonomics) 444M->101M(501M) 8.129ms
[2026-03-22T19:49:09.018+0900][9.549s][info][gc,cpu         ] GC(443) User=0.00s Sys=0.00s Real=0.01s
[2026-03-22T19:49:09.032+0900][9.563s][info][gc,start       ] GC(444) Pause Young (Allocation Failure)
[2026-03-22T19:49:09.036+0900][9.568s][info][gc,heap        ] GC(444) PSYoungGen: 152561K(163840K)->10464K(163840K) Eden: 152561K(153088K)->0K(153088K) From: 0K(10752K)->10464K(10752K)
[2026-03-22T19:49:09.037+0900][9.568s][info][gc,heap        ] GC(444) ParOldGen: 103430K(349696K)->197639K(349696K)
[2026-03-22T19:49:09.037+0900][9.568s][info][gc,metaspace   ] GC(444) Metaspace: 338K(512K)->338K(512K) NonClass: 320K(384K)->320K(384K) Class: 17K(128K)->17K(128K)
[2026-03-22T19:49:09.037+0900][9.568s][info][gc             ] GC(444) Pause Young (Allocation Failure) 249M->203M(501M) 4.581ms
[2026-03-22T19:49:09.037+0900][9.568s][info][gc,cpu         ] GC(444) User=0.00s Sys=0.00s Real=0.00s
[2026-03-22T19:49:09.050+0900][9.582s][info][gc,start       ] GC(445) Pause Young (Allocation Failure)
[2026-03-22T19:49:09.055+0900][9.586s][info][gc,heap        ] GC(445) PSYoungGen: 163025K(163840K)->10496K(163840K) Eden: 152561K(153088K)->0K(153088K) From: 10464K(10752K)->10496K(10752K)
[2026-03-22T19:49:09.055+0900][9.586s][info][gc,heap        ] GC(445) ParOldGen: 197639K(349696K)->291999K(349696K)
[2026-03-22T19:49:09.055+0900][9.586s][info][gc,metaspace   ] GC(445) Metaspace: 338K(512K)->338K(512K) NonClass: 320K(384K)->320K(384K) Class: 17K(128K)->17K(128K)
[2026-03-22T19:49:09.055+0900][9.586s][info][gc             ] GC(445) Pause Young (Allocation Failure) 352M->295M(501M) 4.432ms
[2026-03-22T19:49:09.055+0900][9.586s][info][gc,cpu         ] GC(445) User=0.00s Sys=0.00s Real=0.01s
[2026-03-22T19:49:09.069+0900][9.600s][info][gc,start       ] GC(446) Pause Full (Ergonomics)
[2026-03-22T19:49:09.069+0900][9.600s][info][gc,phases,start] GC(446) Marking Phase
[2026-03-22T19:49:09.070+0900][9.602s][info][gc,phases      ] GC(446) Marking Phase 1.151ms
[2026-03-22T19:49:09.070+0900][9.602s][info][gc,phases,start] GC(446) Summary Phase
[2026-03-22T19:49:09.070+0900][9.602s][info][gc,phases      ] GC(446) Summary Phase 0.022ms
[2026-03-22T19:49:09.070+0900][9.602s][info][gc,phases,start] GC(446) Adjust Roots
[2026-03-22T19:49:09.071+0900][9.602s][info][gc,phases      ] GC(446) Adjust Roots 0.221ms
[2026-03-22T19:49:09.071+0900][9.602s][info][gc,phases,start] GC(446) Compaction Phase
[2026-03-22T19:49:09.076+0900][9.607s][info][gc,phases      ] GC(446) Compaction Phase 5.017ms
[2026-03-22T19:49:09.076+0900][9.607s][info][gc,phases,start] GC(446) Post Compact
[2026-03-22T19:49:09.077+0900][9.608s][info][gc,phases      ] GC(446) Post Compact 1.292ms
[2026-03-22T19:49:09.077+0900][9.608s][info][gc,heap        ] GC(446) PSYoungGen: 163057K(163840K)->0K(163840K) Eden: 152561K(153088K)->0K(153088K) From: 10496K(10752K)->0K(10752K)
[2026-03-22T19:49:09.077+0900][9.608s][info][gc,heap        ] GC(446) ParOldGen: 291999K(349696K)->103430K(349696K)
[2026-03-22T19:49:09.077+0900][9.608s][info][gc,metaspace   ] GC(446) Metaspace: 338K(512K)->338K(512K) NonClass: 320K(384K)->320K(384K) Class: 17K(128K)->17K(128K)
[2026-03-22T19:49:09.077+0900][9.608s][info][gc             ] GC(446) Pause Full (Ergonomics) 444M->101M(501M) 8.005ms
[2026-03-22T19:49:09.077+0900][9.608s][info][gc,cpu         ] GC(446) User=0.05s Sys=0.02s Real=0.01s
[2026-03-22T19:49:09.090+0900][9.622s][info][gc,start       ] GC(447) Pause Young (Allocation Failure)
[2026-03-22T19:49:09.095+0900][9.626s][info][gc,heap        ] GC(447) PSYoungGen: 152561K(163840K)->10496K(163840K) Eden: 152561K(153088K)->0K(153088K) From: 0K(10752K)->10496K(10752K)
[2026-03-22T19:49:09.095+0900][9.626s][info][gc,heap        ] GC(447) ParOldGen: 103430K(349696K)->197639K(349696K)
[2026-03-22T19:49:09.095+0900][9.626s][info][gc,metaspace   ] GC(447) Metaspace: 338K(512K)->338K(512K) NonClass: 320K(384K)->320K(384K) Class: 17K(128K)->17K(128K)
[2026-03-22T19:49:09.095+0900][9.626s][info][gc             ] GC(447) Pause Young (Allocation Failure) 249M->203M(501M) 4.689ms
[2026-03-22T19:49:09.095+0900][9.626s][info][gc,cpu         ] GC(447) User=0.00s Sys=0.00s Real=0.01s
[2026-03-22T19:49:09.109+0900][9.640s][info][gc,start       ] GC(448) Pause Young (Allocation Failure)
[2026-03-22T19:49:09.113+0900][9.645s][info][gc,heap        ] GC(448) PSYoungGen: 163057K(163840K)->10496K(163840K) Eden: 152561K(153088K)->0K(153088K) From: 10496K(10752K)->10496K(10752K)
[2026-03-22T19:49:09.113+0900][9.645s][info][gc,heap        ] GC(448) ParOldGen: 197639K(349696K)->291999K(349696K)
[2026-03-22T19:49:09.113+0900][9.645s][info][gc,metaspace   ] GC(448) Metaspace: 338K(512K)->338K(512K) NonClass: 320K(384K)->320K(384K) Class: 17K(128K)->17K(128K)
[2026-03-22T19:49:09.113+0900][9.645s][info][gc             ] GC(448) Pause Young (Allocation Failure) 352M->295M(501M) 4.748ms
[2026-03-22T19:49:09.113+0900][9.645s][info][gc,cpu         ] GC(448) User=0.00s Sys=0.00s Real=0.00s
[2026-03-22T19:49:09.128+0900][9.660s][info][gc,start       ] GC(449) Pause Full (Ergonomics)
[2026-03-22T19:49:09.128+0900][9.660s][info][gc,phases,start] GC(449) Marking Phase
[2026-03-22T19:49:09.129+0900][9.661s][info][gc,phases      ] GC(449) Marking Phase 0.965ms
[2026-03-22T19:49:09.129+0900][9.661s][info][gc,phases,start] GC(449) Summary Phase
[2026-03-22T19:49:09.129+0900][9.661s][info][gc,phases      ] GC(449) Summary Phase 0.022ms
[2026-03-22T19:49:09.129+0900][9.661s][info][gc,phases,start] GC(449) Adjust Roots
[2026-03-22T19:49:09.129+0900][9.661s][info][gc,phases      ] GC(449) Adjust Roots 0.226ms
[2026-03-22T19:49:09.129+0900][9.661s][info][gc,phases,start] GC(449) Compaction Phase
[2026-03-22T19:49:09.134+0900][9.666s][info][gc,phases      ] GC(449) Compaction Phase 5.129ms
[2026-03-22T19:49:09.134+0900][9.666s][info][gc,phases,start] GC(449) Post Compact
[2026-03-22T19:49:09.136+0900][9.668s][info][gc,phases      ] GC(449) Post Compact 1.246ms
[2026-03-22T19:49:09.136+0900][9.668s][info][gc,heap        ] GC(449) PSYoungGen: 163057K(163840K)->0K(163840K) Eden: 152561K(153088K)->0K(153088K) From: 10496K(10752K)->0K(10752K)
[2026-03-22T19:49:09.136+0900][9.668s][info][gc,heap        ] GC(449) ParOldGen: 291999K(349696K)->103195K(349696K)
[2026-03-22T19:49:09.136+0900][9.668s][info][gc,metaspace   ] GC(449) Metaspace: 338K(512K)->338K(512K) NonClass: 320K(384K)->320K(384K) Class: 17K(128K)->17K(128K)
[2026-03-22T19:49:09.136+0900][9.668s][info][gc             ] GC(449) Pause Full (Ergonomics) 444M->100M(501M) 7.818ms
[2026-03-22T19:49:09.136+0900][9.668s][info][gc,cpu         ] GC(449) User=0.06s Sys=0.00s Real=0.01s
[2026-03-22T19:49:09.150+0900][9.681s][info][gc,start       ] GC(450) Pause Young (Allocation Failure)
[2026-03-22T19:49:09.155+0900][9.686s][info][gc,heap        ] GC(450) PSYoungGen: 152561K(163840K)->10496K(163840K) Eden: 152561K(153088K)->0K(153088K) From: 0K(10752K)->10496K(10752K)
[2026-03-22T19:49:09.155+0900][9.686s][info][gc,heap        ] GC(450) ParOldGen: 103195K(349696K)->197403K(349696K)
[2026-03-22T19:49:09.155+0900][9.686s][info][gc,metaspace   ] GC(450) Metaspace: 338K(512K)->338K(512K) NonClass: 320K(384K)->320K(384K) Class: 17K(128K)->17K(128K)
[2026-03-22T19:49:09.155+0900][9.686s][info][gc             ] GC(450) Pause Young (Allocation Failure) 249M->203M(501M) 4.940ms
[2026-03-22T19:49:09.155+0900][9.686s][info][gc,cpu         ] GC(450) User=0.02s Sys=0.00s Real=0.00s
[2026-03-22T19:49:09.169+0900][9.700s][info][gc,start       ] GC(451) Pause Young (Allocation Failure)
[2026-03-22T19:49:09.174+0900][9.705s][info][gc,heap        ] GC(451) PSYoungGen: 163057K(163840K)->10496K(163840K) Eden: 152561K(153088K)->0K(153088K) From: 10496K(10752K)->10496K(10752K)
[2026-03-22T19:49:09.174+0900][9.705s][info][gc,heap        ] GC(451) ParOldGen: 197403K(349696K)->291764K(349696K)
[2026-03-22T19:49:09.174+0900][9.705s][info][gc,metaspace   ] GC(451) Metaspace: 338K(512K)->338K(512K) NonClass: 320K(384K)->320K(384K) Class: 17K(128K)->17K(128K)
[2026-03-22T19:49:09.174+0900][9.705s][info][gc             ] GC(451) Pause Young (Allocation Failure) 352M->295M(501M) 4.543ms
[2026-03-22T19:49:09.174+0900][9.705s][info][gc,cpu         ] GC(451) User=0.00s Sys=0.00s Real=0.01s
[2026-03-22T19:49:09.187+0900][9.719s][info][gc,start       ] GC(452) Pause Full (Ergonomics)
[2026-03-22T19:49:09.187+0900][9.719s][info][gc,phases,start] GC(452) Marking Phase
[2026-03-22T19:49:09.188+0900][9.720s][info][gc,phases      ] GC(452) Marking Phase 1.008ms
[2026-03-22T19:49:09.188+0900][9.720s][info][gc,phases,start] GC(452) Summary Phase
[2026-03-22T19:49:09.188+0900][9.720s][info][gc,phases      ] GC(452) Summary Phase 0.014ms
[2026-03-22T19:49:09.188+0900][9.720s][info][gc,phases,start] GC(452) Adjust Roots
[2026-03-22T19:49:09.189+0900][9.720s][info][gc,phases      ] GC(452) Adjust Roots 0.147ms
[2026-03-22T19:49:09.189+0900][9.720s][info][gc,phases,start] GC(452) Compaction Phase
[2026-03-22T19:49:09.194+0900][9.725s][info][gc,phases      ] GC(452) Compaction Phase 5.308ms
[2026-03-22T19:49:09.194+0900][9.725s][info][gc,phases,start] GC(452) Post Compact
[2026-03-22T19:49:09.195+0900][9.727s][info][gc,phases      ] GC(452) Post Compact 1.316ms
[2026-03-22T19:49:09.195+0900][9.727s][info][gc,heap        ] GC(452) PSYoungGen: 163057K(163840K)->0K(163840K) Eden: 152561K(153088K)->0K(153088K) From: 10496K(10752K)->0K(10752K)
[2026-03-22T19:49:09.195+0900][9.727s][info][gc,heap        ] GC(452) ParOldGen: 291764K(349696K)->103430K(349696K)
[2026-03-22T19:49:09.195+0900][9.727s][info][gc,metaspace   ] GC(452) Metaspace: 338K(512K)->338K(512K) NonClass: 320K(384K)->320K(384K) Class: 17K(128K)->17K(128K)
[2026-03-22T19:49:09.195+0900][9.727s][info][gc             ] GC(452) Pause Full (Ergonomics) 444M->101M(501M) 8.012ms
[2026-03-22T19:49:09.195+0900][9.727s][info][gc,cpu         ] GC(452) User=0.00s Sys=0.00s Real=0.01s
[2026-03-22T19:49:09.210+0900][9.741s][info][gc,start       ] GC(453) Pause Young (Allocation Failure)
[2026-03-22T19:49:09.215+0900][9.746s][info][gc,heap        ] GC(453) PSYoungGen: 152561K(163840K)->10496K(163840K) Eden: 152561K(153088K)->0K(153088K) From: 0K(10752K)->10496K(10752K)
[2026-03-22T19:49:09.215+0900][9.746s][info][gc,heap        ] GC(453) ParOldGen: 103430K(349696K)->197639K(349696K)
[2026-03-22T19:49:09.215+0900][9.746s][info][gc,metaspace   ] GC(453) Metaspace: 338K(512K)->338K(512K) NonClass: 320K(384K)->320K(384K) Class: 17K(128K)->17K(128K)
[2026-03-22T19:49:09.215+0900][9.746s][info][gc             ] GC(453) Pause Young (Allocation Failure) 249M->203M(501M) 5.112ms
[2026-03-22T19:49:09.215+0900][9.746s][info][gc,cpu         ] GC(453) User=0.06s Sys=0.00s Real=0.00s
[2026-03-22T19:49:09.228+0900][9.760s][info][gc,start       ] GC(454) Pause Young (Allocation Failure)
[2026-03-22T19:49:09.233+0900][9.764s][info][gc,heap        ] GC(454) PSYoungGen: 163057K(163840K)->10496K(163840K) Eden: 152561K(153088K)->0K(153088K) From: 10496K(10752K)->10496K(10752K)
[2026-03-22T19:49:09.233+0900][9.764s][info][gc,heap        ] GC(454) ParOldGen: 197639K(349696K)->291999K(349696K)
[2026-03-22T19:49:09.233+0900][9.764s][info][gc,metaspace   ] GC(454) Metaspace: 338K(512K)->338K(512K) NonClass: 320K(384K)->320K(384K) Class: 17K(128K)->17K(128K)
[2026-03-22T19:49:09.233+0900][9.764s][info][gc             ] GC(454) Pause Young (Allocation Failure) 352M->295M(501M) 4.522ms
[2026-03-22T19:49:09.233+0900][9.764s][info][gc,cpu         ] GC(454) User=0.00s Sys=0.00s Real=0.01s
[2026-03-22T19:49:09.246+0900][9.779s][info][gc,start       ] GC(455) Pause Full (Ergonomics)
[2026-03-22T19:49:09.246+0900][9.779s][info][gc,phases,start] GC(455) Marking Phase
[2026-03-22T19:49:09.248+0900][9.780s][info][gc,phases      ] GC(455) Marking Phase 1.348ms
[2026-03-22T19:49:09.248+0900][9.780s][info][gc,phases,start] GC(455) Summary Phase
[2026-03-22T19:49:09.248+0900][9.780s][info][gc,phases      ] GC(455) Summary Phase 0.025ms
[2026-03-22T19:49:09.248+0900][9.780s][info][gc,phases,start] GC(455) Adjust Roots
[2026-03-22T19:49:09.249+0900][9.780s][info][gc,phases      ] GC(455) Adjust Roots 0.167ms
[2026-03-22T19:49:09.249+0900][9.780s][info][gc,phases,start] GC(455) Compaction Phase
[2026-03-22T19:49:09.254+0900][9.785s][info][gc,phases      ] GC(455) Compaction Phase 5.229ms
[2026-03-22T19:49:09.254+0900][9.785s][info][gc,phases,start] GC(455) Post Compact
[2026-03-22T19:49:09.255+0900][9.787s][info][gc,phases      ] GC(455) Post Compact 1.262ms
[2026-03-22T19:49:09.255+0900][9.787s][info][gc,heap        ] GC(455) PSYoungGen: 163057K(163840K)->0K(163840K) Eden: 152561K(153088K)->0K(153088K) From: 10496K(10752K)->0K(10752K)
[2026-03-22T19:49:09.255+0900][9.787s][info][gc,heap        ] GC(455) ParOldGen: 291999K(349696K)->103430K(349696K)
[2026-03-22T19:49:09.255+0900][9.787s][info][gc,metaspace   ] GC(455) Metaspace: 338K(512K)->338K(512K) NonClass: 320K(384K)->320K(384K) Class: 17K(128K)->17K(128K)
[2026-03-22T19:49:09.255+0900][9.787s][info][gc             ] GC(455) Pause Full (Ergonomics) 444M->101M(501M) 8.308ms
[2026-03-22T19:49:09.255+0900][9.787s][info][gc,cpu         ] GC(455) User=0.00s Sys=0.00s Real=0.01s
[2026-03-22T19:49:09.269+0900][9.800s][info][gc,start       ] GC(456) Pause Young (Allocation Failure)
[2026-03-22T19:49:09.273+0900][9.805s][info][gc,heap        ] GC(456) PSYoungGen: 152561K(163840K)->10496K(163840K) Eden: 152561K(153088K)->0K(153088K) From: 0K(10752K)->10496K(10752K)
[2026-03-22T19:49:09.273+0900][9.805s][info][gc,heap        ] GC(456) ParOldGen: 103430K(349696K)->197639K(349696K)
[2026-03-22T19:49:09.273+0900][9.805s][info][gc,metaspace   ] GC(456) Metaspace: 338K(512K)->338K(512K) NonClass: 320K(384K)->320K(384K) Class: 17K(128K)->17K(128K)
[2026-03-22T19:49:09.273+0900][9.805s][info][gc             ] GC(456) Pause Young (Allocation Failure) 249M->203M(501M) 4.555ms
[2026-03-22T19:49:09.273+0900][9.805s][info][gc,cpu         ] GC(456) User=0.00s Sys=0.00s Real=0.00s
[2026-03-22T19:49:09.287+0900][9.819s][info][gc,start       ] GC(457) Pause Young (Allocation Failure)
[2026-03-22T19:49:09.293+0900][9.824s][info][gc,heap        ] GC(457) PSYoungGen: 163057K(163840K)->10464K(163840K) Eden: 152561K(153088K)->0K(153088K) From: 10496K(10752K)->10464K(10752K)
[2026-03-22T19:49:09.293+0900][9.824s][info][gc,heap        ] GC(457) ParOldGen: 197639K(349696K)->292007K(349696K)
[2026-03-22T19:49:09.293+0900][9.824s][info][gc,metaspace   ] GC(457) Metaspace: 338K(512K)->338K(512K) NonClass: 320K(384K)->320K(384K) Class: 17K(128K)->17K(128K)
[2026-03-22T19:49:09.293+0900][9.824s][info][gc             ] GC(457) Pause Young (Allocation Failure) 352M->295M(501M) 4.573ms
[2026-03-22T19:49:09.293+0900][9.824s][info][gc,cpu         ] GC(457) User=0.05s Sys=0.02s Real=0.01s
[2026-03-22T19:49:09.309+0900][9.840s][info][gc,start       ] GC(458) Pause Full (Ergonomics)
[2026-03-22T19:49:09.309+0900][9.840s][info][gc,phases,start] GC(458) Marking Phase
[2026-03-22T19:49:09.309+0900][9.841s][info][gc,phases      ] GC(458) Marking Phase 1.042ms
[2026-03-22T19:49:09.309+0900][9.841s][info][gc,phases,start] GC(458) Summary Phase
[2026-03-22T19:49:09.309+0900][9.841s][info][gc,phases      ] GC(458) Summary Phase 0.044ms
[2026-03-22T19:49:09.309+0900][9.841s][info][gc,phases,start] GC(458) Adjust Roots
[2026-03-22T19:49:09.309+0900][9.841s][info][gc,phases      ] GC(458) Adjust Roots 0.166ms
[2026-03-22T19:49:09.310+0900][9.841s][info][gc,phases,start] GC(458) Compaction Phase
[2026-03-22T19:49:09.317+0900][9.849s][info][gc,phases      ] GC(458) Compaction Phase 7.090ms
[2026-03-22T19:49:09.317+0900][9.849s][info][gc,phases,start] GC(458) Post Compact
[2026-03-22T19:49:09.318+0900][9.850s][info][gc,phases      ] GC(458) Post Compact 1.489ms
[2026-03-22T19:49:09.318+0900][9.850s][info][gc,heap        ] GC(458) PSYoungGen: 163025K(163840K)->0K(163840K) Eden: 152561K(153088K)->0K(153088K) From: 10464K(10752K)->0K(10752K)
[2026-03-22T19:49:09.318+0900][9.850s][info][gc,heap        ] GC(458) ParOldGen: 292007K(349696K)->103430K(349696K)
[2026-03-22T19:49:09.318+0900][9.850s][info][gc,metaspace   ] GC(458) Metaspace: 338K(512K)->338K(512K) NonClass: 320K(384K)->320K(384K) Class: 17K(128K)->17K(128K)
[2026-03-22T19:49:09.318+0900][9.850s][info][gc             ] GC(458) Pause Full (Ergonomics) 444M->101M(501M) 10.205ms
[2026-03-22T19:49:09.318+0900][9.850s][info][gc,cpu         ] GC(458) User=0.00s Sys=0.00s Real=0.01s
[2026-03-22T19:49:09.334+0900][9.866s][info][gc,start       ] GC(459) Pause Young (Allocation Failure)
[2026-03-22T19:49:09.339+0900][9.870s][info][gc,heap        ] GC(459) PSYoungGen: 152561K(163840K)->10496K(163840K) Eden: 152561K(153088K)->0K(153088K) From: 0K(10752K)->10496K(10752K)
[2026-03-22T19:49:09.339+0900][9.871s][info][gc,heap        ] GC(459) ParOldGen: 103430K(349696K)->197639K(349696K)
[2026-03-22T19:49:09.339+0900][9.871s][info][gc,metaspace   ] GC(459) Metaspace: 338K(512K)->338K(512K) NonClass: 320K(384K)->320K(384K) Class: 17K(128K)->17K(128K)
[2026-03-22T19:49:09.339+0900][9.871s][info][gc             ] GC(459) Pause Young (Allocation Failure) 249M->203M(501M) 4.794ms
[2026-03-22T19:49:09.339+0900][9.871s][info][gc,cpu         ] GC(459) User=0.06s Sys=0.00s Real=0.00s
[2026-03-22T19:49:09.353+0900][9.885s][info][gc,start       ] GC(460) Pause Young (Allocation Failure)
[2026-03-22T19:49:09.358+0900][9.890s][info][gc,heap        ] GC(460) PSYoungGen: 163057K(163840K)->10496K(163840K) Eden: 152561K(153088K)->0K(153088K) From: 10496K(10752K)->10496K(10752K)
[2026-03-22T19:49:09.358+0900][9.890s][info][gc,heap        ] GC(460) ParOldGen: 197639K(349696K)->291999K(349696K)
[2026-03-22T19:49:09.358+0900][9.890s][info][gc,metaspace   ] GC(460) Metaspace: 338K(512K)->338K(512K) NonClass: 320K(384K)->320K(384K) Class: 17K(128K)->17K(128K)
[2026-03-22T19:49:09.358+0900][9.890s][info][gc             ] GC(460) Pause Young (Allocation Failure) 352M->295M(501M) 4.778ms
[2026-03-22T19:49:09.358+0900][9.890s][info][gc,cpu         ] GC(460) User=0.00s Sys=0.00s Real=0.01s
[2026-03-22T19:49:09.373+0900][9.905s][info][gc,start       ] GC(461) Pause Full (Ergonomics)
[2026-03-22T19:49:09.373+0900][9.905s][info][gc,phases,start] GC(461) Marking Phase
[2026-03-22T19:49:09.374+0900][9.906s][info][gc,phases      ] GC(461) Marking Phase 1.043ms
[2026-03-22T19:49:09.374+0900][9.906s][info][gc,phases,start] GC(461) Summary Phase
[2026-03-22T19:49:09.374+0900][9.906s][info][gc,phases      ] GC(461) Summary Phase 0.015ms
[2026-03-22T19:49:09.374+0900][9.906s][info][gc,phases,start] GC(461) Adjust Roots
[2026-03-22T19:49:09.375+0900][9.906s][info][gc,phases      ] GC(461) Adjust Roots 0.178ms
[2026-03-22T19:49:09.375+0900][9.906s][info][gc,phases,start] GC(461) Compaction Phase
[2026-03-22T19:49:09.380+0900][9.911s][info][gc,phases      ] GC(461) Compaction Phase 5.475ms
[2026-03-22T19:49:09.380+0900][9.911s][info][gc,phases,start] GC(461) Post Compact
[2026-03-22T19:49:09.382+0900][9.913s][info][gc,phases      ] GC(461) Post Compact 1.395ms
[2026-03-22T19:49:09.382+0900][9.913s][info][gc,heap        ] GC(461) PSYoungGen: 163057K(163840K)->0K(163840K) Eden: 152561K(153088K)->0K(153088K) From: 10496K(10752K)->0K(10752K)
[2026-03-22T19:49:09.382+0900][9.913s][info][gc,heap        ] GC(461) ParOldGen: 291999K(349696K)->103430K(349696K)
[2026-03-22T19:49:09.382+0900][9.913s][info][gc,metaspace   ] GC(461) Metaspace: 338K(512K)->338K(512K) NonClass: 320K(384K)->320K(384K) Class: 17K(128K)->17K(128K)
[2026-03-22T19:49:09.382+0900][9.913s][info][gc             ] GC(461) Pause Full (Ergonomics) 444M->101M(501M) 8.306ms
[2026-03-22T19:49:09.382+0900][9.913s][info][gc,cpu         ] GC(461) User=0.00s Sys=0.00s Real=0.01s
[2026-03-22T19:49:09.396+0900][9.928s][info][gc,start       ] GC(462) Pause Young (Allocation Failure)
[2026-03-22T19:49:09.400+0900][9.932s][info][gc,heap        ] GC(462) PSYoungGen: 152561K(163840K)->10496K(163840K) Eden: 152561K(153088K)->0K(153088K) From: 0K(10752K)->10496K(10752K)
[2026-03-22T19:49:09.400+0900][9.932s][info][gc,heap        ] GC(462) ParOldGen: 103430K(349696K)->197639K(349696K)
[2026-03-22T19:49:09.400+0900][9.932s][info][gc,metaspace   ] GC(462) Metaspace: 338K(512K)->338K(512K) NonClass: 320K(384K)->320K(384K) Class: 17K(128K)->17K(128K)
[2026-03-22T19:49:09.400+0900][9.932s][info][gc             ] GC(462) Pause Young (Allocation Failure) 249M->203M(501M) 4.505ms
[2026-03-22T19:49:09.400+0900][9.932s][info][gc,cpu         ] GC(462) User=0.06s Sys=0.00s Real=0.00s
[2026-03-22T19:49:09.415+0900][9.947s][info][gc,start       ] GC(463) Pause Young (Allocation Failure)
[2026-03-22T19:49:09.420+0900][9.951s][info][gc,heap        ] GC(463) PSYoungGen: 163057K(163840K)->10496K(163840K) Eden: 152561K(153088K)->0K(153088K) From: 10496K(10752K)->10496K(10752K)
[2026-03-22T19:49:09.420+0900][9.952s][info][gc,heap        ] GC(463) ParOldGen: 197639K(349696K)->291999K(349696K)
[2026-03-22T19:49:09.420+0900][9.952s][info][gc,metaspace   ] GC(463) Metaspace: 338K(512K)->338K(512K) NonClass: 320K(384K)->320K(384K) Class: 17K(128K)->17K(128K)
[2026-03-22T19:49:09.420+0900][9.952s][info][gc             ] GC(463) Pause Young (Allocation Failure) 352M->295M(501M) 5.027ms
[2026-03-22T19:49:09.420+0900][9.952s][info][gc,cpu         ] GC(463) User=0.05s Sys=0.00s Real=0.01s
[2026-03-22T19:49:09.435+0900][9.967s][info][gc,start       ] GC(464) Pause Full (Ergonomics)
[2026-03-22T19:49:09.436+0900][9.967s][info][gc,phases,start] GC(464) Marking Phase
[2026-03-22T19:49:09.437+0900][9.969s][info][gc,phases      ] GC(464) Marking Phase 1.617ms
[2026-03-22T19:49:09.437+0900][9.969s][info][gc,phases,start] GC(464) Summary Phase
[2026-03-22T19:49:09.437+0900][9.969s][info][gc,phases      ] GC(464) Summary Phase 0.037ms
[2026-03-22T19:49:09.437+0900][9.969s][info][gc,phases,start] GC(464) Adjust Roots
[2026-03-22T19:49:09.438+0900][9.969s][info][gc,phases      ] GC(464) Adjust Roots 0.239ms
[2026-03-22T19:49:09.438+0900][9.969s][info][gc,phases,start] GC(464) Compaction Phase
[2026-03-22T19:49:09.443+0900][9.975s][info][gc,phases      ] GC(464) Compaction Phase 5.231ms
[2026-03-22T19:49:09.443+0900][9.975s][info][gc,phases,start] GC(464) Post Compact
[2026-03-22T19:49:09.444+0900][9.976s][info][gc,phases      ] GC(464) Post Compact 1.419ms
[2026-03-22T19:49:09.444+0900][9.976s][info][gc,heap        ] GC(464) PSYoungGen: 163057K(163840K)->0K(163840K) Eden: 152561K(153088K)->0K(153088K) From: 10496K(10752K)->0K(10752K)
[2026-03-22T19:49:09.444+0900][9.976s][info][gc,heap        ] GC(464) ParOldGen: 291999K(349696K)->103430K(349696K)
[2026-03-22T19:49:09.444+0900][9.976s][info][gc,metaspace   ] GC(464) Metaspace: 338K(512K)->338K(512K) NonClass: 320K(384K)->320K(384K) Class: 17K(128K)->17K(128K)
[2026-03-22T19:49:09.444+0900][9.976s][info][gc             ] GC(464) Pause Full (Ergonomics) 444M->101M(501M) 9.005ms
[2026-03-22T19:49:09.444+0900][9.976s][info][gc,cpu         ] GC(464) User=0.00s Sys=0.00s Real=0.01s
[2026-03-22T19:49:09.459+0900][9.991s][info][gc,start       ] GC(465) Pause Young (Allocation Failure)
[2026-03-22T19:49:09.464+0900][9.995s][info][gc,heap        ] GC(465) PSYoungGen: 152561K(163840K)->10496K(163840K) Eden: 152561K(153088K)->0K(153088K) From: 0K(10752K)->10496K(10752K)
[2026-03-22T19:49:09.464+0900][9.995s][info][gc,heap        ] GC(465) ParOldGen: 103430K(349696K)->197639K(349696K)
[2026-03-22T19:49:09.464+0900][9.995s][info][gc,metaspace   ] GC(465) Metaspace: 338K(512K)->338K(512K) NonClass: 320K(384K)->320K(384K) Class: 17K(128K)->17K(128K)
[2026-03-22T19:49:09.464+0900][9.995s][info][gc             ] GC(465) Pause Young (Allocation Failure) 249M->203M(501M) 4.414ms
[2026-03-22T19:49:09.464+0900][9.996s][info][gc,cpu         ] GC(465) User=0.05s Sys=0.02s Real=0.00s
[2026-03-22T19:49:09.479+0900][10.011s][info][gc,start       ] GC(466) Pause Young (Allocation Failure)
[2026-03-22T19:49:09.484+0900][10.016s][info][gc,heap        ] GC(466) PSYoungGen: 163057K(163840K)->10496K(163840K) Eden: 152561K(153088K)->0K(153088K) From: 10496K(10752K)->10496K(10752K)
[2026-03-22T19:49:09.484+0900][10.016s][info][gc,heap        ] GC(466) ParOldGen: 197639K(349696K)->291999K(349696K)
[2026-03-22T19:49:09.484+0900][10.016s][info][gc,metaspace   ] GC(466) Metaspace: 338K(512K)->338K(512K) NonClass: 320K(384K)->320K(384K) Class: 17K(128K)->17K(128K)
[2026-03-22T19:49:09.484+0900][10.016s][info][gc             ] GC(466) Pause Young (Allocation Failure) 352M->295M(501M) 5.494ms
[2026-03-22T19:49:09.484+0900][10.016s][info][gc,cpu         ] GC(466) User=0.00s Sys=0.00s Real=0.00s
[2026-03-22T19:49:09.500+0900][10.031s][info][gc,start       ] GC(467) Pause Full (Ergonomics)
[2026-03-22T19:49:09.500+0900][10.031s][info][gc,phases,start] GC(467) Marking Phase
[2026-03-22T19:49:09.501+0900][10.032s][info][gc,phases      ] GC(467) Marking Phase 1.107ms
[2026-03-22T19:49:09.501+0900][10.032s][info][gc,phases,start] GC(467) Summary Phase
[2026-03-22T19:49:09.501+0900][10.032s][info][gc,phases      ] GC(467) Summary Phase 0.015ms
[2026-03-22T19:49:09.501+0900][10.032s][info][gc,phases,start] GC(467) Adjust Roots
[2026-03-22T19:49:09.501+0900][10.033s][info][gc,phases      ] GC(467) Adjust Roots 0.160ms
[2026-03-22T19:49:09.501+0900][10.033s][info][gc,phases,start] GC(467) Compaction Phase
[2026-03-22T19:49:09.507+0900][10.038s][info][gc,phases      ] GC(467) Compaction Phase 5.728ms
[2026-03-22T19:49:09.507+0900][10.038s][info][gc,phases,start] GC(467) Post Compact
[2026-03-22T19:49:09.509+0900][10.040s][info][gc,phases      ] GC(467) Post Compact 1.372ms
[2026-03-22T19:49:09.509+0900][10.040s][info][gc,heap        ] GC(467) PSYoungGen: 163057K(163840K)->0K(163840K) Eden: 152561K(153088K)->0K(153088K) From: 10496K(10752K)->0K(10752K)
[2026-03-22T19:49:09.509+0900][10.040s][info][gc,heap        ] GC(467) ParOldGen: 291999K(349696K)->103430K(349696K)
[2026-03-22T19:49:09.509+0900][10.040s][info][gc,metaspace   ] GC(467) Metaspace: 338K(512K)->338K(512K) NonClass: 320K(384K)->320K(384K) Class: 17K(128K)->17K(128K)
[2026-03-22T19:49:09.509+0900][10.040s][info][gc             ] GC(467) Pause Full (Ergonomics) 444M->101M(501M) 8.644ms
[2026-03-22T19:49:09.509+0900][10.040s][info][gc,cpu         ] GC(467) User=0.00s Sys=0.00s Real=0.01s
[2026-03-22T19:49:09.522+0900][10.054s][info][gc,start       ] GC(468) Pause Young (Allocation Failure)
[2026-03-22T19:49:09.527+0900][10.059s][info][gc,heap        ] GC(468) PSYoungGen: 152561K(163840K)->10496K(163840K) Eden: 152561K(153088K)->0K(153088K) From: 0K(10752K)->10496K(10752K)
[2026-03-22T19:49:09.527+0900][10.059s][info][gc,heap        ] GC(468) ParOldGen: 103430K(349696K)->197639K(349696K)
[2026-03-22T19:49:09.527+0900][10.059s][info][gc,metaspace   ] GC(468) Metaspace: 338K(512K)->338K(512K) NonClass: 320K(384K)->320K(384K) Class: 17K(128K)->17K(128K)
[2026-03-22T19:49:09.527+0900][10.059s][info][gc             ] GC(468) Pause Young (Allocation Failure) 249M->203M(501M) 4.815ms
[2026-03-22T19:49:09.527+0900][10.059s][info][gc,cpu         ] GC(468) User=0.06s Sys=0.00s Real=0.00s
[2026-03-22T19:49:09.542+0900][10.073s][info][gc,start       ] GC(469) Pause Young (Allocation Failure)
[2026-03-22T19:49:09.546+0900][10.078s][info][gc,heap        ] GC(469) PSYoungGen: 163057K(163840K)->10496K(163840K) Eden: 152561K(153088K)->0K(153088K) From: 10496K(10752K)->10496K(10752K)
[2026-03-22T19:49:09.546+0900][10.078s][info][gc,heap        ] GC(469) ParOldGen: 197639K(349696K)->291999K(349696K)
[2026-03-22T19:49:09.546+0900][10.078s][info][gc,metaspace   ] GC(469) Metaspace: 338K(512K)->338K(512K) NonClass: 320K(384K)->320K(384K) Class: 17K(128K)->17K(128K)
[2026-03-22T19:49:09.546+0900][10.078s][info][gc             ] GC(469) Pause Young (Allocation Failure) 352M->295M(501M) 4.665ms
[2026-03-22T19:49:09.546+0900][10.078s][info][gc,cpu         ] GC(469) User=0.00s Sys=0.00s Real=0.00s
[2026-03-22T19:49:09.561+0900][10.093s][info][gc,start       ] GC(470) Pause Full (Ergonomics)
[2026-03-22T19:49:09.561+0900][10.093s][info][gc,phases,start] GC(470) Marking Phase
[2026-03-22T19:49:09.563+0900][10.094s][info][gc,phases      ] GC(470) Marking Phase 1.199ms
[2026-03-22T19:49:09.563+0900][10.094s][info][gc,phases,start] GC(470) Summary Phase
[2026-03-22T19:49:09.563+0900][10.094s][info][gc,phases      ] GC(470) Summary Phase 0.035ms
[2026-03-22T19:49:09.563+0900][10.094s][info][gc,phases,start] GC(470) Adjust Roots
[2026-03-22T19:49:09.563+0900][10.094s][info][gc,phases      ] GC(470) Adjust Roots 0.227ms
[2026-03-22T19:49:09.563+0900][10.094s][info][gc,phases,start] GC(470) Compaction Phase
[2026-03-22T19:49:09.569+0900][10.100s][info][gc,phases      ] GC(470) Compaction Phase 5.598ms
[2026-03-22T19:49:09.569+0900][10.100s][info][gc,phases,start] GC(470) Post Compact
[2026-03-22T19:49:09.570+0900][10.102s][info][gc,phases      ] GC(470) Post Compact 1.453ms
[2026-03-22T19:49:09.570+0900][10.102s][info][gc,heap        ] GC(470) PSYoungGen: 163057K(163840K)->0K(163840K) Eden: 152561K(153088K)->0K(153088K) From: 10496K(10752K)->0K(10752K)
[2026-03-22T19:49:09.570+0900][10.102s][info][gc,heap        ] GC(470) ParOldGen: 291999K(349696K)->103430K(349696K)
[2026-03-22T19:49:09.570+0900][10.102s][info][gc,metaspace   ] GC(470) Metaspace: 338K(512K)->338K(512K) NonClass: 320K(384K)->320K(384K) Class: 17K(128K)->17K(128K)
[2026-03-22T19:49:09.570+0900][10.102s][info][gc             ] GC(470) Pause Full (Ergonomics) 444M->101M(501M) 8.823ms
[2026-03-22T19:49:09.570+0900][10.102s][info][gc,cpu         ] GC(470) User=0.00s Sys=0.00s Real=0.01s
[2026-03-22T19:49:09.586+0900][10.117s][info][gc,start       ] GC(471) Pause Young (Allocation Failure)
[2026-03-22T19:49:09.591+0900][10.122s][info][gc,heap        ] GC(471) PSYoungGen: 152561K(163840K)->10496K(163840K) Eden: 152561K(153088K)->0K(153088K) From: 0K(10752K)->10496K(10752K)
[2026-03-22T19:49:09.591+0900][10.122s][info][gc,heap        ] GC(471) ParOldGen: 103430K(349696K)->197639K(349696K)
[2026-03-22T19:49:09.591+0900][10.122s][info][gc,metaspace   ] GC(471) Metaspace: 338K(512K)->338K(512K) NonClass: 320K(384K)->320K(384K) Class: 17K(128K)->17K(128K)
[2026-03-22T19:49:09.591+0900][10.122s][info][gc             ] GC(471) Pause Young (Allocation Failure) 249M->203M(501M) 4.992ms
[2026-03-22T19:49:09.591+0900][10.122s][info][gc,cpu         ] GC(471) User=0.05s Sys=0.00s Real=0.01s
[2026-03-22T19:49:09.605+0900][10.136s][info][gc,start       ] GC(472) Pause Young (Allocation Failure)
[2026-03-22T19:49:09.610+0900][10.141s][info][gc,heap        ] GC(472) PSYoungGen: 163057K(163840K)->10496K(163840K) Eden: 152561K(153088K)->0K(153088K) From: 10496K(10752K)->10496K(10752K)
[2026-03-22T19:49:09.610+0900][10.141s][info][gc,heap        ] GC(472) ParOldGen: 197639K(349696K)->291999K(349696K)
[2026-03-22T19:49:09.610+0900][10.141s][info][gc,metaspace   ] GC(472) Metaspace: 338K(512K)->338K(512K) NonClass: 320K(384K)->320K(384K) Class: 17K(128K)->17K(128K)
[2026-03-22T19:49:09.610+0900][10.141s][info][gc             ] GC(472) Pause Young (Allocation Failure) 352M->295M(501M) 5.037ms
[2026-03-22T19:49:09.610+0900][10.141s][info][gc,cpu         ] GC(472) User=0.00s Sys=0.00s Real=0.00s
[2026-03-22T19:49:09.625+0900][10.157s][info][gc,start       ] GC(473) Pause Full (Ergonomics)
[2026-03-22T19:49:09.626+0900][10.157s][info][gc,phases,start] GC(473) Marking Phase
[2026-03-22T19:49:09.627+0900][10.158s][info][gc,phases      ] GC(473) Marking Phase 1.286ms
[2026-03-22T19:49:09.627+0900][10.159s][info][gc,phases,start] GC(473) Summary Phase
[2026-03-22T19:49:09.627+0900][10.159s][info][gc,phases      ] GC(473) Summary Phase 0.034ms
[2026-03-22T19:49:09.627+0900][10.159s][info][gc,phases,start] GC(473) Adjust Roots
[2026-03-22T19:49:09.627+0900][10.159s][info][gc,phases      ] GC(473) Adjust Roots 0.249ms
[2026-03-22T19:49:09.627+0900][10.159s][info][gc,phases,start] GC(473) Compaction Phase
[2026-03-22T19:49:09.633+0900][10.164s][info][gc,phases      ] GC(473) Compaction Phase 5.320ms
[2026-03-22T19:49:09.633+0900][10.164s][info][gc,phases,start] GC(473) Post Compact
[2026-03-22T19:49:09.634+0900][10.166s][info][gc,phases      ] GC(473) Post Compact 1.363ms
[2026-03-22T19:49:09.634+0900][10.166s][info][gc,heap        ] GC(473) PSYoungGen: 163057K(163840K)->0K(163840K) Eden: 152561K(153088K)->0K(153088K) From: 10496K(10752K)->0K(10752K)
[2026-03-22T19:49:09.634+0900][10.166s][info][gc,heap        ] GC(473) ParOldGen: 291999K(349696K)->103430K(349696K)
[2026-03-22T19:49:09.634+0900][10.166s][info][gc,metaspace   ] GC(473) Metaspace: 338K(512K)->338K(512K) NonClass: 320K(384K)->320K(384K) Class: 17K(128K)->17K(128K)
[2026-03-22T19:49:09.634+0900][10.166s][info][gc             ] GC(473) Pause Full (Ergonomics) 444M->101M(501M) 8.516ms
[2026-03-22T19:49:09.634+0900][10.166s][info][gc,cpu         ] GC(473) User=0.00s Sys=0.00s Real=0.01s
[2026-03-22T19:49:09.649+0900][10.180s][info][gc,start       ] GC(474) Pause Young (Allocation Failure)
[2026-03-22T19:49:09.654+0900][10.185s][info][gc,heap        ] GC(474) PSYoungGen: 152561K(163840K)->10496K(163840K) Eden: 152561K(153088K)->0K(153088K) From: 0K(10752K)->10496K(10752K)
[2026-03-22T19:49:09.654+0900][10.185s][info][gc,heap        ] GC(474) ParOldGen: 103430K(349696K)->197639K(349696K)
[2026-03-22T19:49:09.654+0900][10.185s][info][gc,metaspace   ] GC(474) Metaspace: 338K(512K)->338K(512K) NonClass: 320K(384K)->320K(384K) Class: 17K(128K)->17K(128K)
[2026-03-22T19:49:09.654+0900][10.185s][info][gc             ] GC(474) Pause Young (Allocation Failure) 249M->203M(501M) 4.646ms
[2026-03-22T19:49:09.654+0900][10.185s][info][gc,cpu         ] GC(474) User=0.05s Sys=0.02s Real=0.01s
[2026-03-22T19:49:09.669+0900][10.200s][info][gc,start       ] GC(475) Pause Young (Allocation Failure)
[2026-03-22T19:49:09.673+0900][10.205s][info][gc,heap        ] GC(475) PSYoungGen: 163057K(163840K)->10496K(163840K) Eden: 152561K(153088K)->0K(153088K) From: 10496K(10752K)->10496K(10752K)
[2026-03-22T19:49:09.673+0900][10.205s][info][gc,heap        ] GC(475) ParOldGen: 197639K(349696K)->291999K(349696K)
[2026-03-22T19:49:09.673+0900][10.205s][info][gc,metaspace   ] GC(475) Metaspace: 338K(512K)->338K(512K) NonClass: 320K(384K)->320K(384K) Class: 17K(128K)->17K(128K)
[2026-03-22T19:49:09.673+0900][10.205s][info][gc             ] GC(475) Pause Young (Allocation Failure) 352M->295M(501M) 4.892ms
[2026-03-22T19:49:09.673+0900][10.205s][info][gc,cpu         ] GC(475) User=0.00s Sys=0.00s Real=0.00s
[2026-03-22T19:49:09.689+0900][10.221s][info][gc,start       ] GC(476) Pause Full (Ergonomics)
[2026-03-22T19:49:09.689+0900][10.221s][info][gc,phases,start] GC(476) Marking Phase
[2026-03-22T19:49:09.690+0900][10.222s][info][gc,phases      ] GC(476) Marking Phase 1.103ms
[2026-03-22T19:49:09.690+0900][10.222s][info][gc,phases,start] GC(476) Summary Phase
[2026-03-22T19:49:09.690+0900][10.222s][info][gc,phases      ] GC(476) Summary Phase 0.015ms
[2026-03-22T19:49:09.690+0900][10.222s][info][gc,phases,start] GC(476) Adjust Roots
[2026-03-22T19:49:09.691+0900][10.223s][info][gc,phases      ] GC(476) Adjust Roots 0.236ms
[2026-03-22T19:49:09.691+0900][10.223s][info][gc,phases,start] GC(476) Compaction Phase
[2026-03-22T19:49:09.696+0900][10.228s][info][gc,phases      ] GC(476) Compaction Phase 5.520ms
[2026-03-22T19:49:09.696+0900][10.228s][info][gc,phases,start] GC(476) Post Compact
[2026-03-22T19:49:09.698+0900][10.230s][info][gc,phases      ] GC(476) Post Compact 1.372ms
[2026-03-22T19:49:09.698+0900][10.230s][info][gc,heap        ] GC(476) PSYoungGen: 163057K(163840K)->0K(163840K) Eden: 152561K(153088K)->0K(153088K) From: 10496K(10752K)->0K(10752K)
[2026-03-22T19:49:09.698+0900][10.230s][info][gc,heap        ] GC(476) ParOldGen: 291999K(349696K)->103430K(349696K)
[2026-03-22T19:49:09.698+0900][10.230s][info][gc,metaspace   ] GC(476) Metaspace: 338K(512K)->338K(512K) NonClass: 320K(384K)->320K(384K) Class: 17K(128K)->17K(128K)
[2026-03-22T19:49:09.698+0900][10.230s][info][gc             ] GC(476) Pause Full (Ergonomics) 444M->101M(501M) 8.519ms
[2026-03-22T19:49:09.698+0900][10.230s][info][gc,cpu         ] GC(476) User=0.02s Sys=0.00s Real=0.01s
[2026-03-22T19:49:09.713+0900][10.244s][info][gc,start       ] GC(477) Pause Young (Allocation Failure)
[2026-03-22T19:49:09.718+0900][10.249s][info][gc,heap        ] GC(477) PSYoungGen: 152561K(163840K)->10496K(163840K) Eden: 152561K(153088K)->0K(153088K) From: 0K(10752K)->10496K(10752K)
[2026-03-22T19:49:09.718+0900][10.249s][info][gc,heap        ] GC(477) ParOldGen: 103430K(349696K)->197639K(349696K)
[2026-03-22T19:49:09.718+0900][10.249s][info][gc,metaspace   ] GC(477) Metaspace: 338K(512K)->338K(512K) NonClass: 320K(384K)->320K(384K) Class: 17K(128K)->17K(128K)
[2026-03-22T19:49:09.718+0900][10.249s][info][gc             ] GC(477) Pause Young (Allocation Failure) 249M->203M(501M) 4.735ms
[2026-03-22T19:49:09.718+0900][10.249s][info][gc,cpu         ] GC(477) User=0.00s Sys=0.00s Real=0.00s
[2026-03-22T19:49:09.733+0900][10.264s][info][gc,start       ] GC(478) Pause Young (Allocation Failure)
[2026-03-22T19:49:09.737+0900][10.269s][info][gc,heap        ] GC(478) PSYoungGen: 163057K(163840K)->10496K(163840K) Eden: 152561K(153088K)->0K(153088K) From: 10496K(10752K)->10496K(10752K)
[2026-03-22T19:49:09.738+0900][10.269s][info][gc,heap        ] GC(478) ParOldGen: 197639K(349696K)->291999K(349696K)
[2026-03-22T19:49:09.738+0900][10.269s][info][gc,metaspace   ] GC(478) Metaspace: 338K(512K)->338K(512K) NonClass: 320K(384K)->320K(384K) Class: 17K(128K)->17K(128K)
[2026-03-22T19:49:09.738+0900][10.269s][info][gc             ] GC(478) Pause Young (Allocation Failure) 352M->295M(501M) 4.892ms
[2026-03-22T19:49:09.738+0900][10.269s][info][gc,cpu         ] GC(478) User=0.00s Sys=0.00s Real=0.00s
[2026-03-22T19:49:09.753+0900][10.284s][info][gc,start       ] GC(479) Pause Full (Ergonomics)
[2026-03-22T19:49:09.753+0900][10.284s][info][gc,phases,start] GC(479) Marking Phase
[2026-03-22T19:49:09.754+0900][10.285s][info][gc,phases      ] GC(479) Marking Phase 1.422ms
[2026-03-22T19:49:09.754+0900][10.285s][info][gc,phases,start] GC(479) Summary Phase
[2026-03-22T19:49:09.754+0900][10.286s][info][gc,phases      ] GC(479) Summary Phase 0.016ms
[2026-03-22T19:49:09.754+0900][10.286s][info][gc,phases,start] GC(479) Adjust Roots
[2026-03-22T19:49:09.755+0900][10.286s][info][gc,phases      ] GC(479) Adjust Roots 0.180ms
[2026-03-22T19:49:09.755+0900][10.286s][info][gc,phases,start] GC(479) Compaction Phase
[2026-03-22T19:49:09.760+0900][10.291s][info][gc,phases      ] GC(479) Compaction Phase 5.255ms
[2026-03-22T19:49:09.760+0900][10.291s][info][gc,phases,start] GC(479) Post Compact
[2026-03-22T19:49:09.761+0900][10.292s][info][gc,phases      ] GC(479) Post Compact 1.379ms
[2026-03-22T19:49:09.761+0900][10.292s][info][gc,heap        ] GC(479) PSYoungGen: 163057K(163840K)->0K(163840K) Eden: 152561K(153088K)->0K(153088K) From: 10496K(10752K)->0K(10752K)
[2026-03-22T19:49:09.761+0900][10.292s][info][gc,heap        ] GC(479) ParOldGen: 291999K(349696K)->103430K(349696K)
[2026-03-22T19:49:09.761+0900][10.292s][info][gc,metaspace   ] GC(479) Metaspace: 338K(512K)->338K(512K) NonClass: 320K(384K)->320K(384K) Class: 17K(128K)->17K(128K)
[2026-03-22T19:49:09.761+0900][10.292s][info][gc             ] GC(479) Pause Full (Ergonomics) 444M->101M(501M) 8.509ms
[2026-03-22T19:49:09.761+0900][10.292s][info][gc,cpu         ] GC(479) User=0.06s Sys=0.00s Real=0.01s
[2026-03-22T19:49:09.776+0900][10.308s][info][gc,start       ] GC(480) Pause Young (Allocation Failure)
[2026-03-22T19:49:09.781+0900][10.313s][info][gc,heap        ] GC(480) PSYoungGen: 152561K(163840K)->10496K(163840K) Eden: 152561K(153088K)->0K(153088K) From: 0K(10752K)->10496K(10752K)
[2026-03-22T19:49:09.781+0900][10.313s][info][gc,heap        ] GC(480) ParOldGen: 103430K(349696K)->197639K(349696K)
[2026-03-22T19:49:09.781+0900][10.313s][info][gc,metaspace   ] GC(480) Metaspace: 338K(512K)->338K(512K) NonClass: 320K(384K)->320K(384K) Class: 17K(128K)->17K(128K)
[2026-03-22T19:49:09.781+0900][10.313s][info][gc             ] GC(480) Pause Young (Allocation Failure) 249M->203M(501M) 4.972ms
[2026-03-22T19:49:09.781+0900][10.313s][info][gc,cpu         ] GC(480) User=0.00s Sys=0.00s Real=0.00s
[2026-03-22T19:49:09.798+0900][10.329s][info][gc,start       ] GC(481) Pause Young (Allocation Failure)
[2026-03-22T19:49:09.802+0900][10.334s][info][gc,heap        ] GC(481) PSYoungGen: 163057K(163840K)->10496K(163840K) Eden: 152561K(153088K)->0K(153088K) From: 10496K(10752K)->10496K(10752K)
[2026-03-22T19:49:09.803+0900][10.334s][info][gc,heap        ] GC(481) ParOldGen: 197639K(349696K)->291999K(349696K)
[2026-03-22T19:49:09.803+0900][10.334s][info][gc,metaspace   ] GC(481) Metaspace: 338K(512K)->338K(512K) NonClass: 320K(384K)->320K(384K) Class: 17K(128K)->17K(128K)
[2026-03-22T19:49:09.803+0900][10.334s][info][gc             ] GC(481) Pause Young (Allocation Failure) 352M->295M(501M) 4.947ms
[2026-03-22T19:49:09.803+0900][10.334s][info][gc,cpu         ] GC(481) User=0.00s Sys=0.00s Real=0.00s
[2026-03-22T19:49:09.817+0900][10.349s][info][gc,start       ] GC(482) Pause Full (Ergonomics)
[2026-03-22T19:49:09.817+0900][10.349s][info][gc,phases,start] GC(482) Marking Phase
[2026-03-22T19:49:09.818+0900][10.350s][info][gc,phases      ] GC(482) Marking Phase 0.997ms
[2026-03-22T19:49:09.818+0900][10.350s][info][gc,phases,start] GC(482) Summary Phase
[2026-03-22T19:49:09.818+0900][10.350s][info][gc,phases      ] GC(482) Summary Phase 0.015ms
[2026-03-22T19:49:09.818+0900][10.350s][info][gc,phases,start] GC(482) Adjust Roots
[2026-03-22T19:49:09.818+0900][10.350s][info][gc,phases      ] GC(482) Adjust Roots 0.171ms
[2026-03-22T19:49:09.818+0900][10.350s][info][gc,phases,start] GC(482) Compaction Phase
[2026-03-22T19:49:09.824+0900][10.356s][info][gc,phases      ] GC(482) Compaction Phase 5.488ms
[2026-03-22T19:49:09.824+0900][10.356s][info][gc,phases,start] GC(482) Post Compact
[2026-03-22T19:49:09.826+0900][10.357s][info][gc,phases      ] GC(482) Post Compact 1.496ms
[2026-03-22T19:49:09.826+0900][10.357s][info][gc,heap        ] GC(482) PSYoungGen: 163057K(163840K)->0K(163840K) Eden: 152561K(153088K)->0K(153088K) From: 10496K(10752K)->0K(10752K)
[2026-03-22T19:49:09.826+0900][10.357s][info][gc,heap        ] GC(482) ParOldGen: 291999K(349696K)->103430K(349696K)
[2026-03-22T19:49:09.826+0900][10.357s][info][gc,metaspace   ] GC(482) Metaspace: 338K(512K)->338K(512K) NonClass: 320K(384K)->320K(384K) Class: 17K(128K)->17K(128K)
[2026-03-22T19:49:09.826+0900][10.357s][info][gc             ] GC(482) Pause Full (Ergonomics) 444M->101M(501M) 8.429ms
[2026-03-22T19:49:09.826+0900][10.357s][info][gc,cpu         ] GC(482) User=0.06s Sys=0.00s Real=0.01s
[2026-03-22T19:49:09.840+0900][10.371s][info][gc,start       ] GC(483) Pause Young (Allocation Failure)
[2026-03-22T19:49:09.845+0900][10.376s][info][gc,heap        ] GC(483) PSYoungGen: 152561K(163840K)->10496K(163840K) Eden: 152561K(153088K)->0K(153088K) From: 0K(10752K)->10496K(10752K)
[2026-03-22T19:49:09.845+0900][10.376s][info][gc,heap        ] GC(483) ParOldGen: 103430K(349696K)->197639K(349696K)
[2026-03-22T19:49:09.845+0900][10.376s][info][gc,metaspace   ] GC(483) Metaspace: 338K(512K)->338K(512K) NonClass: 320K(384K)->320K(384K) Class: 17K(128K)->17K(128K)
[2026-03-22T19:49:09.845+0900][10.376s][info][gc             ] GC(483) Pause Young (Allocation Failure) 249M->203M(501M) 4.972ms
[2026-03-22T19:49:09.845+0900][10.376s][info][gc,cpu         ] GC(483) User=0.00s Sys=0.00s Real=0.01s
[2026-03-22T19:49:09.861+0900][10.392s][info][gc,start       ] GC(484) Pause Young (Allocation Failure)
[2026-03-22T19:49:09.865+0900][10.397s][info][gc,heap        ] GC(484) PSYoungGen: 163057K(163840K)->10496K(163840K) Eden: 152561K(153088K)->0K(153088K) From: 10496K(10752K)->10496K(10752K)
[2026-03-22T19:49:09.865+0900][10.397s][info][gc,heap        ] GC(484) ParOldGen: 197639K(349696K)->291999K(349696K)
[2026-03-22T19:49:09.865+0900][10.397s][info][gc,metaspace   ] GC(484) Metaspace: 338K(512K)->338K(512K) NonClass: 320K(384K)->320K(384K) Class: 17K(128K)->17K(128K)
[2026-03-22T19:49:09.865+0900][10.397s][info][gc             ] GC(484) Pause Young (Allocation Failure) 352M->295M(501M) 4.637ms
[2026-03-22T19:49:09.865+0900][10.397s][info][gc,cpu         ] GC(484) User=0.00s Sys=0.00s Real=0.00s
[2026-03-22T19:49:09.881+0900][10.412s][info][gc,start       ] GC(485) Pause Full (Ergonomics)
[2026-03-22T19:49:09.881+0900][10.412s][info][gc,phases,start] GC(485) Marking Phase
[2026-03-22T19:49:09.882+0900][10.413s][info][gc,phases      ] GC(485) Marking Phase 1.189ms
[2026-03-22T19:49:09.882+0900][10.413s][info][gc,phases,start] GC(485) Summary Phase
[2026-03-22T19:49:09.882+0900][10.413s][info][gc,phases      ] GC(485) Summary Phase 0.014ms
[2026-03-22T19:49:09.882+0900][10.413s][info][gc,phases,start] GC(485) Adjust Roots
[2026-03-22T19:49:09.882+0900][10.414s][info][gc,phases      ] GC(485) Adjust Roots 0.286ms
[2026-03-22T19:49:09.882+0900][10.414s][info][gc,phases,start] GC(485) Compaction Phase
[2026-03-22T19:49:09.890+0900][10.422s][info][gc,phases      ] GC(485) Compaction Phase 7.672ms
[2026-03-22T19:49:09.890+0900][10.422s][info][gc,phases,start] GC(485) Post Compact
[2026-03-22T19:49:09.892+0900][10.423s][info][gc,phases      ] GC(485) Post Compact 1.595ms
[2026-03-22T19:49:09.892+0900][10.423s][info][gc,heap        ] GC(485) PSYoungGen: 163057K(163840K)->0K(163840K) Eden: 152561K(153088K)->0K(153088K) From: 10496K(10752K)->0K(10752K)
[2026-03-22T19:49:09.892+0900][10.423s][info][gc,heap        ] GC(485) ParOldGen: 291999K(349696K)->103430K(349696K)
[2026-03-22T19:49:09.892+0900][10.423s][info][gc,metaspace   ] GC(485) Metaspace: 338K(512K)->338K(512K) NonClass: 320K(384K)->320K(384K) Class: 17K(128K)->17K(128K)
[2026-03-22T19:49:09.892+0900][10.423s][info][gc             ] GC(485) Pause Full (Ergonomics) 444M->101M(501M) 11.086ms
[2026-03-22T19:49:09.892+0900][10.423s][info][gc,cpu         ] GC(485) User=0.05s Sys=0.02s Real=0.01s
[2026-03-22T19:49:09.908+0900][10.439s][info][gc,start       ] GC(486) Pause Young (Allocation Failure)
[2026-03-22T19:49:09.912+0900][10.444s][info][gc,heap        ] GC(486) PSYoungGen: 152561K(163840K)->10496K(163840K) Eden: 152561K(153088K)->0K(153088K) From: 0K(10752K)->10496K(10752K)
[2026-03-22T19:49:09.912+0900][10.444s][info][gc,heap        ] GC(486) ParOldGen: 103430K(349696K)->197639K(349696K)
[2026-03-22T19:49:09.912+0900][10.444s][info][gc,metaspace   ] GC(486) Metaspace: 338K(512K)->338K(512K) NonClass: 320K(384K)->320K(384K) Class: 17K(128K)->17K(128K)
[2026-03-22T19:49:09.912+0900][10.444s][info][gc             ] GC(486) Pause Young (Allocation Failure) 249M->203M(501M) 4.763ms
[2026-03-22T19:49:09.912+0900][10.444s][info][gc,cpu         ] GC(486) User=0.00s Sys=0.00s Real=0.00s
[2026-03-22T19:49:09.928+0900][10.459s][info][gc,start       ] GC(487) Pause Young (Allocation Failure)
[2026-03-22T19:49:09.932+0900][10.464s][info][gc,heap        ] GC(487) PSYoungGen: 163057K(163840K)->10496K(163840K) Eden: 152561K(153088K)->0K(153088K) From: 10496K(10752K)->10496K(10752K)
[2026-03-22T19:49:09.932+0900][10.464s][info][gc,heap        ] GC(487) ParOldGen: 197639K(349696K)->291999K(349696K)
[2026-03-22T19:49:09.932+0900][10.464s][info][gc,metaspace   ] GC(487) Metaspace: 338K(512K)->338K(512K) NonClass: 320K(384K)->320K(384K) Class: 17K(128K)->17K(128K)
[2026-03-22T19:49:09.932+0900][10.464s][info][gc             ] GC(487) Pause Young (Allocation Failure) 352M->295M(501M) 4.720ms
[2026-03-22T19:49:09.932+0900][10.464s][info][gc,cpu         ] GC(487) User=0.06s Sys=0.00s Real=0.00s
[2026-03-22T19:49:09.948+0900][10.480s][info][gc,start       ] GC(488) Pause Full (Ergonomics)
[2026-03-22T19:49:09.948+0900][10.480s][info][gc,phases,start] GC(488) Marking Phase
[2026-03-22T19:49:09.949+0900][10.481s][info][gc,phases      ] GC(488) Marking Phase 1.071ms
[2026-03-22T19:49:09.950+0900][10.481s][info][gc,phases,start] GC(488) Summary Phase
[2026-03-22T19:49:09.950+0900][10.481s][info][gc,phases      ] GC(488) Summary Phase 0.017ms
[2026-03-22T19:49:09.950+0900][10.481s][info][gc,phases,start] GC(488) Adjust Roots
[2026-03-22T19:49:09.950+0900][10.482s][info][gc,phases      ] GC(488) Adjust Roots 0.257ms
[2026-03-22T19:49:09.950+0900][10.482s][info][gc,phases,start] GC(488) Compaction Phase
[2026-03-22T19:49:09.956+0900][10.487s][info][gc,phases      ] GC(488) Compaction Phase 5.629ms
[2026-03-22T19:49:09.956+0900][10.487s][info][gc,phases,start] GC(488) Post Compact
[2026-03-22T19:49:09.957+0900][10.489s][info][gc,phases      ] GC(488) Post Compact 1.436ms
[2026-03-22T19:49:09.957+0900][10.489s][info][gc,heap        ] GC(488) PSYoungGen: 163057K(163840K)->0K(163840K) Eden: 152561K(153088K)->0K(153088K) From: 10496K(10752K)->0K(10752K)
[2026-03-22T19:49:09.957+0900][10.489s][info][gc,heap        ] GC(488) ParOldGen: 291999K(349696K)->103430K(349696K)
[2026-03-22T19:49:09.957+0900][10.489s][info][gc,metaspace   ] GC(488) Metaspace: 338K(512K)->338K(512K) NonClass: 320K(384K)->320K(384K) Class: 17K(128K)->17K(128K)
[2026-03-22T19:49:09.957+0900][10.489s][info][gc             ] GC(488) Pause Full (Ergonomics) 444M->101M(501M) 8.796ms
[2026-03-22T19:49:09.957+0900][10.489s][info][gc,cpu         ] GC(488) User=0.00s Sys=0.00s Real=0.01s
[2026-03-22T19:49:09.973+0900][10.505s][info][gc,start       ] GC(489) Pause Young (Allocation Failure)
[2026-03-22T19:49:09.978+0900][10.509s][info][gc,heap        ] GC(489) PSYoungGen: 152561K(163840K)->10496K(163840K) Eden: 152561K(153088K)->0K(153088K) From: 0K(10752K)->10496K(10752K)
[2026-03-22T19:49:09.978+0900][10.509s][info][gc,heap        ] GC(489) ParOldGen: 103430K(349696K)->197639K(349696K)
[2026-03-22T19:49:09.978+0900][10.509s][info][gc,metaspace   ] GC(489) Metaspace: 338K(512K)->338K(512K) NonClass: 320K(384K)->320K(384K) Class: 17K(128K)->17K(128K)
[2026-03-22T19:49:09.978+0900][10.509s][info][gc             ] GC(489) Pause Young (Allocation Failure) 249M->203M(501M) 4.739ms
[2026-03-22T19:49:09.978+0900][10.509s][info][gc,cpu         ] GC(489) User=0.00s Sys=0.00s Real=0.00s
[2026-03-22T19:49:09.994+0900][10.526s][info][gc,start       ] GC(490) Pause Young (Allocation Failure)
[2026-03-22T19:49:09.999+0900][10.531s][info][gc,heap        ] GC(490) PSYoungGen: 163057K(163840K)->10496K(163840K) Eden: 152561K(153088K)->0K(153088K) From: 10496K(10752K)->10496K(10752K)
[2026-03-22T19:49:10.000+0900][10.531s][info][gc,heap        ] GC(490) ParOldGen: 197639K(349696K)->291999K(349696K)
[2026-03-22T19:49:10.000+0900][10.531s][info][gc,metaspace   ] GC(490) Metaspace: 338K(512K)->338K(512K) NonClass: 320K(384K)->320K(384K) Class: 17K(128K)->17K(128K)
[2026-03-22T19:49:10.000+0900][10.531s][info][gc             ] GC(490) Pause Young (Allocation Failure) 352M->295M(501M) 5.415ms
[2026-03-22T19:49:10.000+0900][10.531s][info][gc,cpu         ] GC(490) User=0.00s Sys=0.00s Real=0.01s
[2026-03-22T19:49:10.015+0900][10.546s][info][gc,start       ] GC(491) Pause Full (Ergonomics)
[2026-03-22T19:49:10.015+0900][10.546s][info][gc,phases,start] GC(491) Marking Phase
[2026-03-22T19:49:10.016+0900][10.547s][info][gc,phases      ] GC(491) Marking Phase 1.416ms
[2026-03-22T19:49:10.017+0900][10.548s][info][gc,phases,start] GC(491) Summary Phase
[2026-03-22T19:49:10.017+0900][10.548s][info][gc,phases      ] GC(491) Summary Phase 0.036ms
[2026-03-22T19:49:10.017+0900][10.548s][info][gc,phases,start] GC(491) Adjust Roots
[2026-03-22T19:49:10.017+0900][10.548s][info][gc,phases      ] GC(491) Adjust Roots 0.230ms
[2026-03-22T19:49:10.017+0900][10.548s][info][gc,phases,start] GC(491) Compaction Phase
[2026-03-22T19:49:10.023+0900][10.554s][info][gc,phases      ] GC(491) Compaction Phase 5.708ms
[2026-03-22T19:49:10.023+0900][10.554s][info][gc,phases,start] GC(491) Post Compact
[2026-03-22T19:49:10.024+0900][10.555s][info][gc,phases      ] GC(491) Post Compact 1.401ms
[2026-03-22T19:49:10.024+0900][10.555s][info][gc,heap        ] GC(491) PSYoungGen: 163057K(163840K)->0K(163840K) Eden: 152561K(153088K)->0K(153088K) From: 10496K(10752K)->0K(10752K)
[2026-03-22T19:49:10.024+0900][10.555s][info][gc,heap        ] GC(491) ParOldGen: 291999K(349696K)->103430K(349696K)
[2026-03-22T19:49:10.024+0900][10.555s][info][gc,metaspace   ] GC(491) Metaspace: 338K(512K)->338K(512K) NonClass: 320K(384K)->320K(384K) Class: 17K(128K)->17K(128K)
[2026-03-22T19:49:10.024+0900][10.555s][info][gc             ] GC(491) Pause Full (Ergonomics) 444M->101M(501M) 9.088ms
[2026-03-22T19:49:10.024+0900][10.555s][info][gc,cpu         ] GC(491) User=0.00s Sys=0.00s Real=0.01s
[2026-03-22T19:49:10.039+0900][10.570s][info][gc,start       ] GC(492) Pause Young (Allocation Failure)
[2026-03-22T19:49:10.044+0900][10.575s][info][gc,heap        ] GC(492) PSYoungGen: 152561K(163840K)->10496K(163840K) Eden: 152561K(153088K)->0K(153088K) From: 0K(10752K)->10496K(10752K)
[2026-03-22T19:49:10.044+0900][10.575s][info][gc,heap        ] GC(492) ParOldGen: 103430K(349696K)->197639K(349696K)
[2026-03-22T19:49:10.044+0900][10.575s][info][gc,metaspace   ] GC(492) Metaspace: 338K(512K)->338K(512K) NonClass: 320K(384K)->320K(384K) Class: 17K(128K)->17K(128K)
[2026-03-22T19:49:10.044+0900][10.575s][info][gc             ] GC(492) Pause Young (Allocation Failure) 249M->203M(501M) 5.073ms
[2026-03-22T19:49:10.044+0900][10.575s][info][gc,cpu         ] GC(492) User=0.06s Sys=0.00s Real=0.00s
[2026-03-22T19:49:10.058+0900][10.590s][info][gc,start       ] GC(493) Pause Young (Allocation Failure)
[2026-03-22T19:49:10.064+0900][10.595s][info][gc,heap        ] GC(493) PSYoungGen: 163057K(163840K)->10496K(163840K) Eden: 152561K(153088K)->0K(153088K) From: 10496K(10752K)->10496K(10752K)
[2026-03-22T19:49:10.064+0900][10.595s][info][gc,heap        ] GC(493) ParOldGen: 197639K(349696K)->291999K(349696K)
[2026-03-22T19:49:10.064+0900][10.595s][info][gc,metaspace   ] GC(493) Metaspace: 338K(512K)->338K(512K) NonClass: 320K(384K)->320K(384K) Class: 17K(128K)->17K(128K)
[2026-03-22T19:49:10.064+0900][10.595s][info][gc             ] GC(493) Pause Young (Allocation Failure) 352M->295M(501M) 4.927ms
[2026-03-22T19:49:10.064+0900][10.595s][info][gc,cpu         ] GC(493) User=0.00s Sys=0.00s Real=0.01s
[2026-03-22T19:49:10.078+0900][10.610s][info][gc,start       ] GC(494) Pause Full (Ergonomics)
[2026-03-22T19:49:10.078+0900][10.610s][info][gc,phases,start] GC(494) Marking Phase
[2026-03-22T19:49:10.079+0900][10.611s][info][gc,phases      ] GC(494) Marking Phase 1.247ms
[2026-03-22T19:49:10.079+0900][10.611s][info][gc,phases,start] GC(494) Summary Phase
[2026-03-22T19:49:10.079+0900][10.611s][info][gc,phases      ] GC(494) Summary Phase 0.023ms
[2026-03-22T19:49:10.079+0900][10.611s][info][gc,phases,start] GC(494) Adjust Roots
[2026-03-22T19:49:10.079+0900][10.611s][info][gc,phases      ] GC(494) Adjust Roots 0.354ms
[2026-03-22T19:49:10.080+0900][10.611s][info][gc,phases,start] GC(494) Compaction Phase
[2026-03-22T19:49:10.087+0900][10.619s][info][gc,phases      ] GC(494) Compaction Phase 7.780ms
[2026-03-22T19:49:10.087+0900][10.619s][info][gc,phases,start] GC(494) Post Compact
[2026-03-22T19:49:10.089+0900][10.622s][info][gc,phases      ] GC(494) Post Compact 2.384ms
[2026-03-22T19:49:10.089+0900][10.622s][info][gc,heap        ] GC(494) PSYoungGen: 163057K(163840K)->0K(163840K) Eden: 152561K(153088K)->0K(153088K) From: 10496K(10752K)->0K(10752K)
[2026-03-22T19:49:10.089+0900][10.622s][info][gc,heap        ] GC(494) ParOldGen: 291999K(349696K)->103430K(349696K)
[2026-03-22T19:49:10.089+0900][10.622s][info][gc,metaspace   ] GC(494) Metaspace: 338K(512K)->338K(512K) NonClass: 320K(384K)->320K(384K) Class: 17K(128K)->17K(128K)
[2026-03-22T19:49:10.089+0900][10.622s][info][gc             ] GC(494) Pause Full (Ergonomics) 444M->101M(501M) 12.192ms
[2026-03-22T19:49:10.089+0900][10.622s][info][gc,cpu         ] GC(494) User=0.05s Sys=0.00s Real=0.01s
[2026-03-22T19:49:10.108+0900][10.639s][info][gc,start       ] GC(495) Pause Young (Allocation Failure)
[2026-03-22T19:49:10.112+0900][10.644s][info][gc,heap        ] GC(495) PSYoungGen: 152561K(163840K)->10496K(163840K) Eden: 152561K(153088K)->0K(153088K) From: 0K(10752K)->10496K(10752K)
[2026-03-22T19:49:10.112+0900][10.644s][info][gc,heap        ] GC(495) ParOldGen: 103430K(349696K)->197639K(349696K)
[2026-03-22T19:49:10.112+0900][10.644s][info][gc,metaspace   ] GC(495) Metaspace: 338K(512K)->338K(512K) NonClass: 320K(384K)->320K(384K) Class: 17K(128K)->17K(128K)
[2026-03-22T19:49:10.112+0900][10.644s][info][gc             ] GC(495) Pause Young (Allocation Failure) 249M->203M(501M) 4.927ms
[2026-03-22T19:49:10.112+0900][10.644s][info][gc,cpu         ] GC(495) User=0.00s Sys=0.00s Real=0.00s
[2026-03-22T19:49:10.128+0900][10.660s][info][gc,start       ] GC(496) Pause Young (Allocation Failure)
[2026-03-22T19:49:10.132+0900][10.664s][info][gc,heap        ] GC(496) PSYoungGen: 163057K(163840K)->10496K(163840K) Eden: 152561K(153088K)->0K(153088K) From: 10496K(10752K)->10496K(10752K)
[2026-03-22T19:49:10.132+0900][10.664s][info][gc,heap        ] GC(496) ParOldGen: 197639K(349696K)->291999K(349696K)
[2026-03-22T19:49:10.132+0900][10.664s][info][gc,metaspace   ] GC(496) Metaspace: 338K(512K)->338K(512K) NonClass: 320K(384K)->320K(384K) Class: 17K(128K)->17K(128K)
[2026-03-22T19:49:10.132+0900][10.664s][info][gc             ] GC(496) Pause Young (Allocation Failure) 352M->295M(501M) 4.666ms
[2026-03-22T19:49:10.132+0900][10.664s][info][gc,cpu         ] GC(496) User=0.00s Sys=0.00s Real=0.00s
[2026-03-22T19:49:10.147+0900][10.679s][info][gc,start       ] GC(497) Pause Full (Ergonomics)
[2026-03-22T19:49:10.147+0900][10.679s][info][gc,phases,start] GC(497) Marking Phase
[2026-03-22T19:49:10.149+0900][10.681s][info][gc,phases      ] GC(497) Marking Phase 1.494ms
[2026-03-22T19:49:10.149+0900][10.681s][info][gc,phases,start] GC(497) Summary Phase
[2026-03-22T19:49:10.149+0900][10.681s][info][gc,phases      ] GC(497) Summary Phase 0.036ms
[2026-03-22T19:49:10.149+0900][10.681s][info][gc,phases,start] GC(497) Adjust Roots
[2026-03-22T19:49:10.149+0900][10.681s][info][gc,phases      ] GC(497) Adjust Roots 0.236ms
[2026-03-22T19:49:10.149+0900][10.681s][info][gc,phases,start] GC(497) Compaction Phase
[2026-03-22T19:49:10.156+0900][10.688s][info][gc,phases      ] GC(497) Compaction Phase 6.450ms
[2026-03-22T19:49:10.156+0900][10.688s][info][gc,phases,start] GC(497) Post Compact
[2026-03-22T19:49:10.158+0900][10.689s][info][gc,phases      ] GC(497) Post Compact 1.722ms
[2026-03-22T19:49:10.158+0900][10.689s][info][gc,heap        ] GC(497) PSYoungGen: 163057K(163840K)->0K(163840K) Eden: 152561K(153088K)->0K(153088K) From: 10496K(10752K)->0K(10752K)
[2026-03-22T19:49:10.158+0900][10.689s][info][gc,heap        ] GC(497) ParOldGen: 291999K(349696K)->103430K(349696K)
[2026-03-22T19:49:10.158+0900][10.689s][info][gc,metaspace   ] GC(497) Metaspace: 338K(512K)->338K(512K) NonClass: 320K(384K)->320K(384K) Class: 17K(128K)->17K(128K)
[2026-03-22T19:49:10.158+0900][10.689s][info][gc             ] GC(497) Pause Full (Ergonomics) 444M->101M(501M) 10.366ms
[2026-03-22T19:49:10.158+0900][10.690s][info][gc,cpu         ] GC(497) User=0.06s Sys=0.00s Real=0.01s
[2026-03-22T19:49:10.174+0900][10.706s][info][gc,start       ] GC(498) Pause Young (Allocation Failure)
[2026-03-22T19:49:10.179+0900][10.711s][info][gc,heap        ] GC(498) PSYoungGen: 152561K(163840K)->10496K(163840K) Eden: 152561K(153088K)->0K(153088K) From: 0K(10752K)->10496K(10752K)
[2026-03-22T19:49:10.179+0900][10.711s][info][gc,heap        ] GC(498) ParOldGen: 103430K(349696K)->197639K(349696K)
[2026-03-22T19:49:10.179+0900][10.711s][info][gc,metaspace   ] GC(498) Metaspace: 338K(512K)->338K(512K) NonClass: 320K(384K)->320K(384K) Class: 17K(128K)->17K(128K)
[2026-03-22T19:49:10.179+0900][10.711s][info][gc             ] GC(498) Pause Young (Allocation Failure) 249M->203M(501M) 4.981ms
[2026-03-22T19:49:10.179+0900][10.711s][info][gc,cpu         ] GC(498) User=0.00s Sys=0.00s Real=0.00s
[2026-03-22T19:49:10.195+0900][10.727s][info][gc,start       ] GC(499) Pause Young (Allocation Failure)
[2026-03-22T19:49:10.200+0900][10.732s][info][gc,heap        ] GC(499) PSYoungGen: 163057K(163840K)->10496K(163840K) Eden: 152561K(153088K)->0K(153088K) From: 10496K(10752K)->10496K(10752K)
[2026-03-22T19:49:10.200+0900][10.732s][info][gc,heap        ] GC(499) ParOldGen: 197639K(349696K)->291999K(349696K)
[2026-03-22T19:49:10.200+0900][10.732s][info][gc,metaspace   ] GC(499) Metaspace: 338K(512K)->338K(512K) NonClass: 320K(384K)->320K(384K) Class: 17K(128K)->17K(128K)
[2026-03-22T19:49:10.200+0900][10.732s][info][gc             ] GC(499) Pause Young (Allocation Failure) 352M->295M(501M) 5.181ms
[2026-03-22T19:49:10.200+0900][10.732s][info][gc,cpu         ] GC(499) User=0.05s Sys=0.00s Real=0.01s
[2026-03-22T19:49:10.217+0900][10.749s][info][gc,start       ] GC(500) Pause Full (Ergonomics)
[2026-03-22T19:49:10.217+0900][10.749s][info][gc,phases,start] GC(500) Marking Phase
[2026-03-22T19:49:10.218+0900][10.750s][info][gc,phases      ] GC(500) Marking Phase 1.383ms
[2026-03-22T19:49:10.218+0900][10.750s][info][gc,phases,start] GC(500) Summary Phase
[2026-03-22T19:49:10.218+0900][10.750s][info][gc,phases      ] GC(500) Summary Phase 0.025ms
[2026-03-22T19:49:10.218+0900][10.750s][info][gc,phases,start] GC(500) Adjust Roots
[2026-03-22T19:49:10.218+0900][10.750s][info][gc,phases      ] GC(500) Adjust Roots 0.260ms
[2026-03-22T19:49:10.218+0900][10.750s][info][gc,phases,start] GC(500) Compaction Phase
[2026-03-22T19:49:10.226+0900][10.757s][info][gc,phases      ] GC(500) Compaction Phase 6.939ms
[2026-03-22T19:49:10.226+0900][10.757s][info][gc,phases,start] GC(500) Post Compact
[2026-03-22T19:49:10.227+0900][10.759s][info][gc,phases      ] GC(500) Post Compact 1.391ms
[2026-03-22T19:49:10.227+0900][10.759s][info][gc,heap        ] GC(500) PSYoungGen: 163057K(163840K)->0K(163840K) Eden: 152561K(153088K)->0K(153088K) From: 10496K(10752K)->0K(10752K)
[2026-03-22T19:49:10.227+0900][10.759s][info][gc,heap        ] GC(500) ParOldGen: 291999K(349696K)->103430K(349696K)
[2026-03-22T19:49:10.227+0900][10.759s][info][gc,metaspace   ] GC(500) Metaspace: 338K(512K)->338K(512K) NonClass: 320K(384K)->320K(384K) Class: 17K(128K)->17K(128K)
[2026-03-22T19:49:10.227+0900][10.759s][info][gc             ] GC(500) Pause Full (Ergonomics) 444M->101M(501M) 10.295ms
[2026-03-22T19:49:10.227+0900][10.759s][info][gc,cpu         ] GC(500) User=0.00s Sys=0.00s Real=0.01s
[2026-03-22T19:49:10.242+0900][10.774s][info][gc,start       ] GC(501) Pause Young (Allocation Failure)
[2026-03-22T19:49:10.247+0900][10.779s][info][gc,heap        ] GC(501) PSYoungGen: 152561K(163840K)->10496K(163840K) Eden: 152561K(153088K)->0K(153088K) From: 0K(10752K)->10496K(10752K)
[2026-03-22T19:49:10.247+0900][10.779s][info][gc,heap        ] GC(501) ParOldGen: 103430K(349696K)->197639K(349696K)
[2026-03-22T19:49:10.247+0900][10.779s][info][gc,metaspace   ] GC(501) Metaspace: 338K(512K)->338K(512K) NonClass: 320K(384K)->320K(384K) Class: 17K(128K)->17K(128K)
[2026-03-22T19:49:10.247+0900][10.779s][info][gc             ] GC(501) Pause Young (Allocation Failure) 249M->203M(501M) 4.843ms
[2026-03-22T19:49:10.247+0900][10.779s][info][gc,cpu         ] GC(501) User=0.06s Sys=0.00s Real=0.00s
[2026-03-22T19:49:10.264+0900][10.795s][info][gc,start       ] GC(502) Pause Young (Allocation Failure)
[2026-03-22T19:49:10.277+0900][10.808s][info][gc,heap        ] GC(502) PSYoungGen: 163057K(163840K)->10496K(163840K) Eden: 152561K(153088K)->0K(153088K) From: 10496K(10752K)->10496K(10752K)
[2026-03-22T19:49:10.277+0900][10.808s][info][gc,heap        ] GC(502) ParOldGen: 197639K(349696K)->291999K(349696K)
[2026-03-22T19:49:10.277+0900][10.808s][info][gc,metaspace   ] GC(502) Metaspace: 338K(512K)->338K(512K) NonClass: 320K(384K)->320K(384K) Class: 17K(128K)->17K(128K)
[2026-03-22T19:49:10.277+0900][10.808s][info][gc             ] GC(502) Pause Young (Allocation Failure) 352M->295M(501M) 12.934ms
[2026-03-22T19:49:10.277+0900][10.808s][info][gc,cpu         ] GC(502) User=0.06s Sys=0.00s Real=0.01s
[2026-03-22T19:49:10.292+0900][10.823s][info][gc,start       ] GC(503) Pause Full (Ergonomics)
[2026-03-22T19:49:10.292+0900][10.823s][info][gc,phases,start] GC(503) Marking Phase
[2026-03-22T19:49:10.293+0900][10.825s][info][gc,phases      ] GC(503) Marking Phase 1.225ms
[2026-03-22T19:49:10.293+0900][10.825s][info][gc,phases,start] GC(503) Summary Phase
[2026-03-22T19:49:10.293+0900][10.825s][info][gc,phases      ] GC(503) Summary Phase 0.017ms
[2026-03-22T19:49:10.293+0900][10.825s][info][gc,phases,start] GC(503) Adjust Roots
[2026-03-22T19:49:10.294+0900][10.825s][info][gc,phases      ] GC(503) Adjust Roots 0.204ms
[2026-03-22T19:49:10.294+0900][10.825s][info][gc,phases,start] GC(503) Compaction Phase
[2026-03-22T19:49:10.300+0900][10.831s][info][gc,phases      ] GC(503) Compaction Phase 5.971ms
[2026-03-22T19:49:10.300+0900][10.831s][info][gc,phases,start] GC(503) Post Compact
[2026-03-22T19:49:10.301+0900][10.832s][info][gc,phases      ] GC(503) Post Compact 1.448ms
[2026-03-22T19:49:10.301+0900][10.833s][info][gc,heap        ] GC(503) PSYoungGen: 163057K(163840K)->0K(163840K) Eden: 152561K(153088K)->0K(153088K) From: 10496K(10752K)->0K(10752K)
[2026-03-22T19:49:10.301+0900][10.833s][info][gc,heap        ] GC(503) ParOldGen: 291999K(349696K)->103430K(349696K)
[2026-03-22T19:49:10.301+0900][10.833s][info][gc,metaspace   ] GC(503) Metaspace: 338K(512K)->338K(512K) NonClass: 320K(384K)->320K(384K) Class: 17K(128K)->17K(128K)
[2026-03-22T19:49:10.301+0900][10.833s][info][gc             ] GC(503) Pause Full (Ergonomics) 444M->101M(501M) 9.190ms
[2026-03-22T19:49:10.301+0900][10.833s][info][gc,cpu         ] GC(503) User=0.00s Sys=0.00s Real=0.01s
[2026-03-22T19:49:10.316+0900][10.848s][info][gc,start       ] GC(504) Pause Young (Allocation Failure)
[2026-03-22T19:49:10.321+0900][10.853s][info][gc,heap        ] GC(504) PSYoungGen: 152561K(163840K)->10496K(163840K) Eden: 152561K(153088K)->0K(153088K) From: 0K(10752K)->10496K(10752K)
[2026-03-22T19:49:10.321+0900][10.853s][info][gc,heap        ] GC(504) ParOldGen: 103430K(349696K)->197639K(349696K)
[2026-03-22T19:49:10.321+0900][10.853s][info][gc,metaspace   ] GC(504) Metaspace: 338K(512K)->338K(512K) NonClass: 320K(384K)->320K(384K) Class: 17K(128K)->17K(128K)
[2026-03-22T19:49:10.321+0900][10.853s][info][gc             ] GC(504) Pause Young (Allocation Failure) 249M->203M(501M) 4.972ms
[2026-03-22T19:49:10.321+0900][10.853s][info][gc,cpu         ] GC(504) User=0.00s Sys=0.00s Real=0.01s
[2026-03-22T19:49:10.336+0900][10.867s][info][gc,start       ] GC(505) Pause Young (Allocation Failure)
[2026-03-22T19:49:10.341+0900][10.872s][info][gc,heap        ] GC(505) PSYoungGen: 163057K(163840K)->10496K(163840K) Eden: 152561K(153088K)->0K(153088K) From: 10496K(10752K)->10496K(10752K)
[2026-03-22T19:49:10.341+0900][10.873s][info][gc,heap        ] GC(505) ParOldGen: 197639K(349696K)->291999K(349696K)
[2026-03-22T19:49:10.341+0900][10.873s][info][gc,metaspace   ] GC(505) Metaspace: 338K(512K)->338K(512K) NonClass: 320K(384K)->320K(384K) Class: 17K(128K)->17K(128K)
[2026-03-22T19:49:10.341+0900][10.873s][info][gc             ] GC(505) Pause Young (Allocation Failure) 352M->295M(501M) 5.097ms
[2026-03-22T19:49:10.341+0900][10.873s][info][gc,cpu         ] GC(505) User=0.06s Sys=0.00s Real=0.01s
[2026-03-22T19:49:10.356+0900][10.887s][info][gc,start       ] GC(506) Pause Full (Ergonomics)
[2026-03-22T19:49:10.356+0900][10.887s][info][gc,phases,start] GC(506) Marking Phase
[2026-03-22T19:49:10.357+0900][10.889s][info][gc,phases      ] GC(506) Marking Phase 1.211ms
[2026-03-22T19:49:10.357+0900][10.889s][info][gc,phases,start] GC(506) Summary Phase
[2026-03-22T19:49:10.357+0900][10.889s][info][gc,phases      ] GC(506) Summary Phase 0.027ms
[2026-03-22T19:49:10.357+0900][10.889s][info][gc,phases,start] GC(506) Adjust Roots
[2026-03-22T19:49:10.358+0900][10.889s][info][gc,phases      ] GC(506) Adjust Roots 0.293ms
[2026-03-22T19:49:10.358+0900][10.889s][info][gc,phases,start] GC(506) Compaction Phase
[2026-03-22T19:49:10.364+0900][10.895s][info][gc,phases      ] GC(506) Compaction Phase 5.868ms
[2026-03-22T19:49:10.364+0900][10.895s][info][gc,phases,start] GC(506) Post Compact
[2026-03-22T19:49:10.366+0900][10.897s][info][gc,phases      ] GC(506) Post Compact 2.056ms
[2026-03-22T19:49:10.366+0900][10.897s][info][gc,heap        ] GC(506) PSYoungGen: 163057K(163840K)->0K(163840K) Eden: 152561K(153088K)->0K(153088K) From: 10496K(10752K)->0K(10752K)
[2026-03-22T19:49:10.366+0900][10.897s][info][gc,heap        ] GC(506) ParOldGen: 291999K(349696K)->103430K(349696K)
[2026-03-22T19:49:10.366+0900][10.897s][info][gc,metaspace   ] GC(506) Metaspace: 338K(512K)->338K(512K) NonClass: 320K(384K)->320K(384K) Class: 17K(128K)->17K(128K)
[2026-03-22T19:49:10.366+0900][10.897s][info][gc             ] GC(506) Pause Full (Ergonomics) 444M->101M(501M) 9.773ms
[2026-03-22T19:49:10.366+0900][10.897s][info][gc,cpu         ] GC(506) User=0.00s Sys=0.00s Real=0.01s
[2026-03-22T19:49:10.381+0900][10.912s][info][gc,start       ] GC(507) Pause Young (Allocation Failure)
[2026-03-22T19:49:10.385+0900][10.917s][info][gc,heap        ] GC(507) PSYoungGen: 152561K(163840K)->10496K(163840K) Eden: 152561K(153088K)->0K(153088K) From: 0K(10752K)->10496K(10752K)
[2026-03-22T19:49:10.385+0900][10.917s][info][gc,heap        ] GC(507) ParOldGen: 103430K(349696K)->197639K(349696K)
[2026-03-22T19:49:10.385+0900][10.917s][info][gc,metaspace   ] GC(507) Metaspace: 338K(512K)->338K(512K) NonClass: 320K(384K)->320K(384K) Class: 17K(128K)->17K(128K)
[2026-03-22T19:49:10.385+0900][10.917s][info][gc             ] GC(507) Pause Young (Allocation Failure) 249M->203M(501M) 4.961ms
[2026-03-22T19:49:10.385+0900][10.917s][info][gc,cpu         ] GC(507) User=0.06s Sys=0.00s Real=0.00s
[2026-03-22T19:49:10.404+0900][10.936s][info][gc,start       ] GC(508) Pause Young (Allocation Failure)
[2026-03-22T19:49:10.409+0900][10.941s][info][gc,heap        ] GC(508) PSYoungGen: 163057K(163840K)->10496K(163840K) Eden: 152561K(153088K)->0K(153088K) From: 10496K(10752K)->10496K(10752K)
[2026-03-22T19:49:10.409+0900][10.941s][info][gc,heap        ] GC(508) ParOldGen: 197639K(349696K)->291999K(349696K)
[2026-03-22T19:49:10.410+0900][10.941s][info][gc,metaspace   ] GC(508) Metaspace: 338K(512K)->338K(512K) NonClass: 320K(384K)->320K(384K) Class: 17K(128K)->17K(128K)
[2026-03-22T19:49:10.410+0900][10.941s][info][gc             ] GC(508) Pause Young (Allocation Failure) 352M->295M(501M) 5.077ms
[2026-03-22T19:49:10.410+0900][10.941s][info][gc,cpu         ] GC(508) User=0.00s Sys=0.00s Real=0.01s
[2026-03-22T19:49:10.427+0900][10.958s][info][gc,start       ] GC(509) Pause Full (Ergonomics)
[2026-03-22T19:49:10.427+0900][10.958s][info][gc,phases,start] GC(509) Marking Phase
[2026-03-22T19:49:10.428+0900][10.960s][info][gc,phases      ] GC(509) Marking Phase 1.414ms
[2026-03-22T19:49:10.428+0900][10.960s][info][gc,phases,start] GC(509) Summary Phase
[2026-03-22T19:49:10.428+0900][10.960s][info][gc,phases      ] GC(509) Summary Phase 0.019ms
[2026-03-22T19:49:10.428+0900][10.960s][info][gc,phases,start] GC(509) Adjust Roots
[2026-03-22T19:49:10.428+0900][10.960s][info][gc,phases      ] GC(509) Adjust Roots 0.211ms
[2026-03-22T19:49:10.428+0900][10.960s][info][gc,phases,start] GC(509) Compaction Phase
[2026-03-22T19:49:10.434+0900][10.966s][info][gc,phases      ] GC(509) Compaction Phase 5.683ms
[2026-03-22T19:49:10.434+0900][10.966s][info][gc,phases,start] GC(509) Post Compact
[2026-03-22T19:49:10.436+0900][10.967s][info][gc,phases      ] GC(509) Post Compact 1.664ms
[2026-03-22T19:49:10.436+0900][10.967s][info][gc,heap        ] GC(509) PSYoungGen: 163057K(163840K)->0K(163840K) Eden: 152561K(153088K)->0K(153088K) From: 10496K(10752K)->0K(10752K)
[2026-03-22T19:49:10.436+0900][10.967s][info][gc,heap        ] GC(509) ParOldGen: 291999K(349696K)->103430K(349696K)
[2026-03-22T19:49:10.436+0900][10.967s][info][gc,metaspace   ] GC(509) Metaspace: 338K(512K)->338K(512K) NonClass: 320K(384K)->320K(384K) Class: 17K(128K)->17K(128K)
[2026-03-22T19:49:10.436+0900][10.967s][info][gc             ] GC(509) Pause Full (Ergonomics) 444M->101M(501M) 9.348ms
[2026-03-22T19:49:10.436+0900][10.967s][info][gc,cpu         ] GC(509) User=0.06s Sys=0.00s Real=0.01s
[2026-03-22T19:49:10.452+0900][10.984s][info][gc,start       ] GC(510) Pause Young (Allocation Failure)
[2026-03-22T19:49:10.458+0900][10.989s][info][gc,heap        ] GC(510) PSYoungGen: 152561K(163840K)->10496K(163840K) Eden: 152561K(153088K)->0K(153088K) From: 0K(10752K)->10496K(10752K)
[2026-03-22T19:49:10.458+0900][10.989s][info][gc,heap        ] GC(510) ParOldGen: 103430K(349696K)->197639K(349696K)
[2026-03-22T19:49:10.458+0900][10.989s][info][gc,metaspace   ] GC(510) Metaspace: 338K(512K)->338K(512K) NonClass: 320K(384K)->320K(384K) Class: 17K(128K)->17K(128K)
[2026-03-22T19:49:10.458+0900][10.989s][info][gc             ] GC(510) Pause Young (Allocation Failure) 249M->203M(501M) 4.989ms
[2026-03-22T19:49:10.458+0900][10.989s][info][gc,cpu         ] GC(510) User=0.00s Sys=0.00s Real=0.01s
[2026-03-22T19:49:10.473+0900][11.005s][info][gc,start       ] GC(511) Pause Young (Allocation Failure)
[2026-03-22T19:49:10.478+0900][11.010s][info][gc,heap        ] GC(511) PSYoungGen: 163057K(163840K)->10496K(163840K) Eden: 152561K(153088K)->0K(153088K) From: 10496K(10752K)->10496K(10752K)
[2026-03-22T19:49:10.478+0900][11.010s][info][gc,heap        ] GC(511) ParOldGen: 197639K(349696K)->291999K(349696K)
[2026-03-22T19:49:10.478+0900][11.010s][info][gc,metaspace   ] GC(511) Metaspace: 338K(512K)->338K(512K) NonClass: 320K(384K)->320K(384K) Class: 17K(128K)->17K(128K)
[2026-03-22T19:49:10.478+0900][11.010s][info][gc             ] GC(511) Pause Young (Allocation Failure) 352M->295M(501M) 4.915ms
[2026-03-22T19:49:10.478+0900][11.010s][info][gc,cpu         ] GC(511) User=0.03s Sys=0.02s Real=0.00s
[2026-03-22T19:49:10.495+0900][11.027s][info][gc,start       ] GC(512) Pause Full (Ergonomics)
[2026-03-22T19:49:10.495+0900][11.027s][info][gc,phases,start] GC(512) Marking Phase
[2026-03-22T19:49:10.497+0900][11.028s][info][gc,phases      ] GC(512) Marking Phase 1.606ms
[2026-03-22T19:49:10.497+0900][11.028s][info][gc,phases,start] GC(512) Summary Phase
[2026-03-22T19:49:10.497+0900][11.028s][info][gc,phases      ] GC(512) Summary Phase 0.017ms
[2026-03-22T19:49:10.497+0900][11.028s][info][gc,phases,start] GC(512) Adjust Roots
[2026-03-22T19:49:10.497+0900][11.029s][info][gc,phases      ] GC(512) Adjust Roots 0.404ms
[2026-03-22T19:49:10.497+0900][11.029s][info][gc,phases,start] GC(512) Compaction Phase
[2026-03-22T19:49:10.503+0900][11.035s][info][gc,phases      ] GC(512) Compaction Phase 6.336ms
[2026-03-22T19:49:10.504+0900][11.035s][info][gc,phases,start] GC(512) Post Compact
[2026-03-22T19:49:10.505+0900][11.037s][info][gc,phases      ] GC(512) Post Compact 1.859ms
[2026-03-22T19:49:10.505+0900][11.037s][info][gc,heap        ] GC(512) PSYoungGen: 163057K(163840K)->0K(163840K) Eden: 152561K(153088K)->0K(153088K) From: 10496K(10752K)->0K(10752K)
[2026-03-22T19:49:10.505+0900][11.037s][info][gc,heap        ] GC(512) ParOldGen: 291999K(349696K)->103195K(349696K)
[2026-03-22T19:49:10.505+0900][11.037s][info][gc,metaspace   ] GC(512) Metaspace: 338K(512K)->338K(512K) NonClass: 320K(384K)->320K(384K) Class: 17K(128K)->17K(128K)
[2026-03-22T19:49:10.506+0900][11.037s][info][gc             ] GC(512) Pause Full (Ergonomics) 444M->100M(501M) 10.602ms
[2026-03-22T19:49:10.506+0900][11.037s][info][gc,cpu         ] GC(512) User=0.00s Sys=0.00s Real=0.01s
[2026-03-22T19:49:10.521+0900][11.053s][info][gc,start       ] GC(513) Pause Young (Allocation Failure)
[2026-03-22T19:49:10.526+0900][11.058s][info][gc,heap        ] GC(513) PSYoungGen: 152561K(163840K)->10496K(163840K) Eden: 152561K(153088K)->0K(153088K) From: 0K(10752K)->10496K(10752K)
[2026-03-22T19:49:10.526+0900][11.058s][info][gc,heap        ] GC(513) ParOldGen: 103195K(349696K)->197403K(349696K)
[2026-03-22T19:49:10.526+0900][11.058s][info][gc,metaspace   ] GC(513) Metaspace: 338K(512K)->338K(512K) NonClass: 320K(384K)->320K(384K) Class: 17K(128K)->17K(128K)
[2026-03-22T19:49:10.526+0900][11.058s][info][gc             ] GC(513) Pause Young (Allocation Failure) 249M->203M(501M) 5.444ms
[2026-03-22T19:49:10.526+0900][11.058s][info][gc,cpu         ] GC(513) User=0.06s Sys=0.00s Real=0.01s
[2026-03-22T19:49:10.544+0900][11.075s][info][gc,start       ] GC(514) Pause Young (Allocation Failure)
[2026-03-22T19:49:10.549+0900][11.080s][info][gc,heap        ] GC(514) PSYoungGen: 163057K(163840K)->10464K(163840K) Eden: 152561K(153088K)->0K(153088K) From: 10496K(10752K)->10464K(10752K)
[2026-03-22T19:49:10.549+0900][11.080s][info][gc,heap        ] GC(514) ParOldGen: 197403K(349696K)->291764K(349696K)
[2026-03-22T19:49:10.549+0900][11.080s][info][gc,metaspace   ] GC(514) Metaspace: 338K(512K)->338K(512K) NonClass: 320K(384K)->320K(384K) Class: 17K(128K)->17K(128K)
[2026-03-22T19:49:10.549+0900][11.080s][info][gc             ] GC(514) Pause Young (Allocation Failure) 352M->295M(501M) 5.007ms
[2026-03-22T19:49:10.549+0900][11.080s][info][gc,cpu         ] GC(514) User=0.00s Sys=0.00s Real=0.01s
[2026-03-22T19:49:10.565+0900][11.097s][info][gc,start       ] GC(515) Pause Full (Ergonomics)
[2026-03-22T19:49:10.565+0900][11.097s][info][gc,phases,start] GC(515) Marking Phase
[2026-03-22T19:49:10.567+0900][11.098s][info][gc,phases      ] GC(515) Marking Phase 1.271ms
[2026-03-22T19:49:10.567+0900][11.098s][info][gc,phases,start] GC(515) Summary Phase
[2026-03-22T19:49:10.567+0900][11.098s][info][gc,phases      ] GC(515) Summary Phase 0.019ms
[2026-03-22T19:49:10.567+0900][11.098s][info][gc,phases,start] GC(515) Adjust Roots
[2026-03-22T19:49:10.567+0900][11.098s][info][gc,phases      ] GC(515) Adjust Roots 0.205ms
[2026-03-22T19:49:10.567+0900][11.098s][info][gc,phases,start] GC(515) Compaction Phase
[2026-03-22T19:49:10.573+0900][11.104s][info][gc,phases      ] GC(515) Compaction Phase 6.002ms
[2026-03-22T19:49:10.573+0900][11.104s][info][gc,phases,start] GC(515) Post Compact
[2026-03-22T19:49:10.575+0900][11.106s][info][gc,phases      ] GC(515) Post Compact 1.549ms
[2026-03-22T19:49:10.575+0900][11.106s][info][gc,heap        ] GC(515) PSYoungGen: 163025K(163840K)->0K(163840K) Eden: 152561K(153088K)->0K(153088K) From: 10464K(10752K)->0K(10752K)
[2026-03-22T19:49:10.575+0900][11.106s][info][gc,heap        ] GC(515) ParOldGen: 291764K(349696K)->103430K(349696K)
[2026-03-22T19:49:10.575+0900][11.106s][info][gc,metaspace   ] GC(515) Metaspace: 338K(512K)->338K(512K) NonClass: 320K(384K)->320K(384K) Class: 17K(128K)->17K(128K)
[2026-03-22T19:49:10.575+0900][11.106s][info][gc             ] GC(515) Pause Full (Ergonomics) 444M->101M(501M) 9.335ms
[2026-03-22T19:49:10.575+0900][11.106s][info][gc,cpu         ] GC(515) User=0.03s Sys=0.00s Real=0.01s
[2026-03-22T19:49:10.592+0900][11.123s][info][gc,start       ] GC(516) Pause Young (Allocation Failure)
[2026-03-22T19:49:10.597+0900][11.128s][info][gc,heap        ] GC(516) PSYoungGen: 152561K(163840K)->10496K(163840K) Eden: 152561K(153088K)->0K(153088K) From: 0K(10752K)->10496K(10752K)
[2026-03-22T19:49:10.597+0900][11.128s][info][gc,heap        ] GC(516) ParOldGen: 103430K(349696K)->197639K(349696K)
[2026-03-22T19:49:10.597+0900][11.128s][info][gc,metaspace   ] GC(516) Metaspace: 338K(512K)->338K(512K) NonClass: 320K(384K)->320K(384K) Class: 17K(128K)->17K(128K)
[2026-03-22T19:49:10.597+0900][11.128s][info][gc             ] GC(516) Pause Young (Allocation Failure) 249M->203M(501M) 5.230ms
[2026-03-22T19:49:10.597+0900][11.128s][info][gc,cpu         ] GC(516) User=0.00s Sys=0.00s Real=0.00s
[2026-03-22T19:49:10.611+0900][11.143s][info][gc,start       ] GC(517) Pause Young (Allocation Failure)
[2026-03-22T19:49:10.617+0900][11.148s][info][gc,heap        ] GC(517) PSYoungGen: 163057K(163840K)->10496K(163840K) Eden: 152561K(153088K)->0K(153088K) From: 10496K(10752K)->10496K(10752K)
[2026-03-22T19:49:10.617+0900][11.148s][info][gc,heap        ] GC(517) ParOldGen: 197639K(349696K)->291999K(349696K)
[2026-03-22T19:49:10.617+0900][11.148s][info][gc,metaspace   ] GC(517) Metaspace: 338K(512K)->338K(512K) NonClass: 320K(384K)->320K(384K) Class: 17K(128K)->17K(128K)
[2026-03-22T19:49:10.617+0900][11.148s][info][gc             ] GC(517) Pause Young (Allocation Failure) 352M->295M(501M) 4.671ms
[2026-03-22T19:49:10.617+0900][11.148s][info][gc,cpu         ] GC(517) User=0.00s Sys=0.00s Real=0.01s
[2026-03-22T19:49:10.632+0900][11.163s][info][gc,start       ] GC(518) Pause Full (Ergonomics)
[2026-03-22T19:49:10.632+0900][11.163s][info][gc,phases,start] GC(518) Marking Phase
[2026-03-22T19:49:10.633+0900][11.164s][info][gc,phases      ] GC(518) Marking Phase 1.215ms
[2026-03-22T19:49:10.633+0900][11.164s][info][gc,phases,start] GC(518) Summary Phase
[2026-03-22T19:49:10.633+0900][11.164s][info][gc,phases      ] GC(518) Summary Phase 0.015ms
[2026-03-22T19:49:10.633+0900][11.164s][info][gc,phases,start] GC(518) Adjust Roots
[2026-03-22T19:49:10.633+0900][11.165s][info][gc,phases      ] GC(518) Adjust Roots 0.224ms
[2026-03-22T19:49:10.633+0900][11.165s][info][gc,phases,start] GC(518) Compaction Phase
[2026-03-22T19:49:10.640+0900][11.171s][info][gc,phases      ] GC(518) Compaction Phase 6.554ms
[2026-03-22T19:49:10.640+0900][11.171s][info][gc,phases,start] GC(518) Post Compact
[2026-03-22T19:49:10.642+0900][11.173s][info][gc,phases      ] GC(518) Post Compact 1.377ms
[2026-03-22T19:49:10.642+0900][11.173s][info][gc,heap        ] GC(518) PSYoungGen: 163057K(163840K)->0K(163840K) Eden: 152561K(153088K)->0K(153088K) From: 10496K(10752K)->0K(10752K)
[2026-03-22T19:49:10.642+0900][11.173s][info][gc,heap        ] GC(518) ParOldGen: 291999K(349696K)->103430K(349696K)
[2026-03-22T19:49:10.642+0900][11.173s][info][gc,metaspace   ] GC(518) Metaspace: 338K(512K)->338K(512K) NonClass: 320K(384K)->320K(384K) Class: 17K(128K)->17K(128K)
[2026-03-22T19:49:10.642+0900][11.173s][info][gc             ] GC(518) Pause Full (Ergonomics) 444M->101M(501M) 9.639ms
[2026-03-22T19:49:10.642+0900][11.173s][info][gc,cpu         ] GC(518) User=0.06s Sys=0.00s Real=0.01s
[2026-03-22T19:49:10.658+0900][11.189s][info][gc,start       ] GC(519) Pause Young (Allocation Failure)
[2026-03-22T19:49:10.662+0900][11.193s][info][gc,heap        ] GC(519) PSYoungGen: 152561K(163840K)->10496K(163840K) Eden: 152561K(153088K)->0K(153088K) From: 0K(10752K)->10496K(10752K)
[2026-03-22T19:49:10.662+0900][11.193s][info][gc,heap        ] GC(519) ParOldGen: 103430K(349696K)->197639K(349696K)
[2026-03-22T19:49:10.662+0900][11.194s][info][gc,metaspace   ] GC(519) Metaspace: 338K(512K)->338K(512K) NonClass: 320K(384K)->320K(384K) Class: 17K(128K)->17K(128K)
[2026-03-22T19:49:10.662+0900][11.194s][info][gc             ] GC(519) Pause Young (Allocation Failure) 249M->203M(501M) 4.712ms
[2026-03-22T19:49:10.662+0900][11.194s][info][gc,cpu         ] GC(519) User=0.00s Sys=0.00s Real=0.00s
[2026-03-22T19:49:10.677+0900][11.209s][info][gc,start       ] GC(520) Pause Young (Allocation Failure)
[2026-03-22T19:49:10.681+0900][11.213s][info][gc,heap        ] GC(520) PSYoungGen: 163057K(163840K)->10496K(163840K) Eden: 152561K(153088K)->0K(153088K) From: 10496K(10752K)->10496K(10752K)
[2026-03-22T19:49:10.681+0900][11.213s][info][gc,heap        ] GC(520) ParOldGen: 197639K(349696K)->291999K(349696K)
[2026-03-22T19:49:10.681+0900][11.213s][info][gc,metaspace   ] GC(520) Metaspace: 338K(512K)->338K(512K) NonClass: 320K(384K)->320K(384K) Class: 17K(128K)->17K(128K)
[2026-03-22T19:49:10.681+0900][11.213s][info][gc             ] GC(520) Pause Young (Allocation Failure) 352M->295M(501M) 4.704ms
[2026-03-22T19:49:10.681+0900][11.213s][info][gc,cpu         ] GC(520) User=0.06s Sys=0.00s Real=0.00s
[2026-03-22T19:49:10.696+0900][11.228s][info][gc,start       ] GC(521) Pause Full (Ergonomics)
[2026-03-22T19:49:10.696+0900][11.228s][info][gc,phases,start] GC(521) Marking Phase
[2026-03-22T19:49:10.697+0900][11.229s][info][gc,phases      ] GC(521) Marking Phase 1.320ms
[2026-03-22T19:49:10.697+0900][11.229s][info][gc,phases,start] GC(521) Summary Phase
[2026-03-22T19:49:10.698+0900][11.229s][info][gc,phases      ] GC(521) Summary Phase 0.037ms
[2026-03-22T19:49:10.698+0900][11.229s][info][gc,phases,start] GC(521) Adjust Roots
[2026-03-22T19:49:10.698+0900][11.230s][info][gc,phases      ] GC(521) Adjust Roots 0.253ms
[2026-03-22T19:49:10.698+0900][11.230s][info][gc,phases,start] GC(521) Compaction Phase
[2026-03-22T19:49:10.704+0900][11.236s][info][gc,phases      ] GC(521) Compaction Phase 5.982ms
[2026-03-22T19:49:10.704+0900][11.236s][info][gc,phases,start] GC(521) Post Compact
[2026-03-22T19:49:10.705+0900][11.237s][info][gc,phases      ] GC(521) Post Compact 1.497ms
[2026-03-22T19:49:10.705+0900][11.237s][info][gc,heap        ] GC(521) PSYoungGen: 163057K(163840K)->0K(163840K) Eden: 152561K(153088K)->0K(153088K) From: 10496K(10752K)->0K(10752K)
[2026-03-22T19:49:10.705+0900][11.237s][info][gc,heap        ] GC(521) ParOldGen: 291999K(349696K)->103430K(349696K)
[2026-03-22T19:49:10.705+0900][11.237s][info][gc,metaspace   ] GC(521) Metaspace: 338K(512K)->338K(512K) NonClass: 320K(384K)->320K(384K) Class: 17K(128K)->17K(128K)
[2026-03-22T19:49:10.705+0900][11.237s][info][gc             ] GC(521) Pause Full (Ergonomics) 444M->101M(501M) 9.457ms
[2026-03-22T19:49:10.705+0900][11.237s][info][gc,cpu         ] GC(521) User=0.06s Sys=0.00s Real=0.01s
[2026-03-22T19:49:10.722+0900][11.253s][info][gc,start       ] GC(522) Pause Young (Allocation Failure)
[2026-03-22T19:49:10.726+0900][11.259s][info][gc,heap        ] GC(522) PSYoungGen: 152561K(163840K)->10496K(163840K) Eden: 152561K(153088K)->0K(153088K) From: 0K(10752K)->10496K(10752K)
[2026-03-22T19:49:10.726+0900][11.259s][info][gc,heap        ] GC(522) ParOldGen: 103430K(349696K)->197639K(349696K)
[2026-03-22T19:49:10.726+0900][11.259s][info][gc,metaspace   ] GC(522) Metaspace: 338K(512K)->338K(512K) NonClass: 320K(384K)->320K(384K) Class: 17K(128K)->17K(128K)
[2026-03-22T19:49:10.726+0900][11.259s][info][gc             ] GC(522) Pause Young (Allocation Failure) 249M->203M(501M) 5.511ms
[2026-03-22T19:49:10.728+0900][11.259s][info][gc,cpu         ] GC(522) User=0.00s Sys=0.00s Real=0.01s
[2026-03-22T19:49:10.742+0900][11.274s][info][gc,start       ] GC(523) Pause Young (Allocation Failure)
[2026-03-22T19:49:10.747+0900][11.279s][info][gc,heap        ] GC(523) PSYoungGen: 163057K(163840K)->10496K(163840K) Eden: 152561K(153088K)->0K(153088K) From: 10496K(10752K)->10496K(10752K)
[2026-03-22T19:49:10.747+0900][11.279s][info][gc,heap        ] GC(523) ParOldGen: 197639K(349696K)->291999K(349696K)
[2026-03-22T19:49:10.747+0900][11.279s][info][gc,metaspace   ] GC(523) Metaspace: 338K(512K)->338K(512K) NonClass: 320K(384K)->320K(384K) Class: 17K(128K)->17K(128K)
[2026-03-22T19:49:10.747+0900][11.279s][info][gc             ] GC(523) Pause Young (Allocation Failure) 352M->295M(501M) 4.979ms
[2026-03-22T19:49:10.747+0900][11.279s][info][gc,cpu         ] GC(523) User=0.05s Sys=0.02s Real=0.00s
[2026-03-22T19:49:10.763+0900][11.294s][info][gc,start       ] GC(524) Pause Full (Ergonomics)
[2026-03-22T19:49:10.763+0900][11.294s][info][gc,phases,start] GC(524) Marking Phase
[2026-03-22T19:49:10.764+0900][11.295s][info][gc,phases      ] GC(524) Marking Phase 1.039ms
[2026-03-22T19:49:10.764+0900][11.295s][info][gc,phases,start] GC(524) Summary Phase
[2026-03-22T19:49:10.764+0900][11.295s][info][gc,phases      ] GC(524) Summary Phase 0.016ms
[2026-03-22T19:49:10.764+0900][11.295s][info][gc,phases,start] GC(524) Adjust Roots
[2026-03-22T19:49:10.764+0900][11.296s][info][gc,phases      ] GC(524) Adjust Roots 0.296ms
[2026-03-22T19:49:10.764+0900][11.296s][info][gc,phases,start] GC(524) Compaction Phase
[2026-03-22T19:49:10.770+0900][11.302s][info][gc,phases      ] GC(524) Compaction Phase 6.045ms
[2026-03-22T19:49:10.770+0900][11.302s][info][gc,phases,start] GC(524) Post Compact
[2026-03-22T19:49:10.772+0900][11.303s][info][gc,phases      ] GC(524) Post Compact 1.486ms
[2026-03-22T19:49:10.772+0900][11.303s][info][gc,heap        ] GC(524) PSYoungGen: 163057K(163840K)->0K(163840K) Eden: 152561K(153088K)->0K(153088K) From: 10496K(10752K)->0K(10752K)
[2026-03-22T19:49:10.772+0900][11.303s][info][gc,heap        ] GC(524) ParOldGen: 291999K(349696K)->103430K(349696K)
[2026-03-22T19:49:10.772+0900][11.303s][info][gc,metaspace   ] GC(524) Metaspace: 338K(512K)->338K(512K) NonClass: 320K(384K)->320K(384K) Class: 17K(128K)->17K(128K)
[2026-03-22T19:49:10.772+0900][11.304s][info][gc             ] GC(524) Pause Full (Ergonomics) 444M->101M(501M) 9.226ms
[2026-03-22T19:49:10.772+0900][11.304s][info][gc,cpu         ] GC(524) User=0.00s Sys=0.00s Real=0.01s
[2026-03-22T19:49:10.787+0900][11.319s][info][gc,start       ] GC(525) Pause Young (Allocation Failure)
[2026-03-22T19:49:10.792+0900][11.324s][info][gc,heap        ] GC(525) PSYoungGen: 152561K(163840K)->10496K(163840K) Eden: 152561K(153088K)->0K(153088K) From: 0K(10752K)->10496K(10752K)
[2026-03-22T19:49:10.792+0900][11.324s][info][gc,heap        ] GC(525) ParOldGen: 103430K(349696K)->197639K(349696K)
[2026-03-22T19:49:10.792+0900][11.324s][info][gc,metaspace   ] GC(525) Metaspace: 338K(512K)->338K(512K) NonClass: 320K(384K)->320K(384K) Class: 17K(128K)->17K(128K)
[2026-03-22T19:49:10.792+0900][11.324s][info][gc             ] GC(525) Pause Young (Allocation Failure) 249M->203M(501M) 5.081ms
[2026-03-22T19:49:10.792+0900][11.325s][info][gc,cpu         ] GC(525) User=0.06s Sys=0.00s Real=0.01s
[2026-03-22T19:49:10.809+0900][11.341s][info][gc,start       ] GC(526) Pause Young (Allocation Failure)
[2026-03-22T19:49:10.814+0900][11.346s][info][gc,heap        ] GC(526) PSYoungGen: 163057K(163840K)->10496K(163840K) Eden: 152561K(153088K)->0K(153088K) From: 10496K(10752K)->10496K(10752K)
[2026-03-22T19:49:10.814+0900][11.346s][info][gc,heap        ] GC(526) ParOldGen: 197639K(349696K)->291999K(349696K)
[2026-03-22T19:49:10.814+0900][11.346s][info][gc,metaspace   ] GC(526) Metaspace: 338K(512K)->338K(512K) NonClass: 320K(384K)->320K(384K) Class: 17K(128K)->17K(128K)
[2026-03-22T19:49:10.814+0900][11.346s][info][gc             ] GC(526) Pause Young (Allocation Failure) 352M->295M(501M) 5.012ms
[2026-03-22T19:49:10.814+0900][11.346s][info][gc,cpu         ] GC(526) User=0.00s Sys=0.00s Real=0.00s
[2026-03-22T19:49:10.829+0900][11.361s][info][gc,start       ] GC(527) Pause Full (Ergonomics)
[2026-03-22T19:49:10.829+0900][11.361s][info][gc,phases,start] GC(527) Marking Phase
[2026-03-22T19:49:10.831+0900][11.362s][info][gc,phases      ] GC(527) Marking Phase 1.208ms
[2026-03-22T19:49:10.831+0900][11.362s][info][gc,phases,start] GC(527) Summary Phase
[2026-03-22T19:49:10.831+0900][11.362s][info][gc,phases      ] GC(527) Summary Phase 0.017ms
[2026-03-22T19:49:10.831+0900][11.362s][info][gc,phases,start] GC(527) Adjust Roots
[2026-03-22T19:49:10.831+0900][11.362s][info][gc,phases      ] GC(527) Adjust Roots 0.191ms
[2026-03-22T19:49:10.831+0900][11.363s][info][gc,phases,start] GC(527) Compaction Phase
[2026-03-22T19:49:10.837+0900][11.368s][info][gc,phases      ] GC(527) Compaction Phase 5.989ms
[2026-03-22T19:49:10.837+0900][11.369s][info][gc,phases,start] GC(527) Post Compact
[2026-03-22T19:49:10.838+0900][11.370s][info][gc,phases      ] GC(527) Post Compact 1.426ms
[2026-03-22T19:49:10.838+0900][11.370s][info][gc,heap        ] GC(527) PSYoungGen: 163057K(163840K)->0K(163840K) Eden: 152561K(153088K)->0K(153088K) From: 10496K(10752K)->0K(10752K)
[2026-03-22T19:49:10.838+0900][11.370s][info][gc,heap        ] GC(527) ParOldGen: 291999K(349696K)->103430K(349696K)
[2026-03-22T19:49:10.838+0900][11.370s][info][gc,metaspace   ] GC(527) Metaspace: 338K(512K)->338K(512K) NonClass: 320K(384K)->320K(384K) Class: 17K(128K)->17K(128K)
[2026-03-22T19:49:10.838+0900][11.370s][info][gc             ] GC(527) Pause Full (Ergonomics) 444M->101M(501M) 9.067ms
[2026-03-22T19:49:10.838+0900][11.370s][info][gc,cpu         ] GC(527) User=0.00s Sys=0.02s Real=0.01s
[2026-03-22T19:49:10.854+0900][11.386s][info][gc,start       ] GC(528) Pause Young (Allocation Failure)
[2026-03-22T19:49:10.858+0900][11.391s][info][gc,heap        ] GC(528) PSYoungGen: 152561K(163840K)->10496K(163840K) Eden: 152561K(153088K)->0K(153088K) From: 0K(10752K)->10496K(10752K)
[2026-03-22T19:49:10.858+0900][11.391s][info][gc,heap        ] GC(528) ParOldGen: 103430K(349696K)->197639K(349696K)
[2026-03-22T19:49:10.858+0900][11.391s][info][gc,metaspace   ] GC(528) Metaspace: 338K(512K)->338K(512K) NonClass: 320K(384K)->320K(384K) Class: 17K(128K)->17K(128K)
[2026-03-22T19:49:10.858+0900][11.391s][info][gc             ] GC(528) Pause Young (Allocation Failure) 249M->203M(501M) 4.946ms
[2026-03-22T19:49:10.858+0900][11.391s][info][gc,cpu         ] GC(528) User=0.00s Sys=0.00s Real=0.00s
[2026-03-22T19:49:10.874+0900][11.405s][info][gc,start       ] GC(529) Pause Young (Allocation Failure)
[2026-03-22T19:49:10.879+0900][11.410s][info][gc,heap        ] GC(529) PSYoungGen: 163057K(163840K)->10496K(163840K) Eden: 152561K(153088K)->0K(153088K) From: 10496K(10752K)->10496K(10752K)
[2026-03-22T19:49:10.879+0900][11.410s][info][gc,heap        ] GC(529) ParOldGen: 197639K(349696K)->291999K(349696K)
[2026-03-22T19:49:10.879+0900][11.410s][info][gc,metaspace   ] GC(529) Metaspace: 338K(512K)->338K(512K) NonClass: 320K(384K)->320K(384K) Class: 17K(128K)->17K(128K)
[2026-03-22T19:49:10.879+0900][11.410s][info][gc             ] GC(529) Pause Young (Allocation Failure) 352M->295M(501M) 4.977ms
[2026-03-22T19:49:10.879+0900][11.411s][info][gc,cpu         ] GC(529) User=0.00s Sys=0.00s Real=0.00s
[2026-03-22T19:49:10.894+0900][11.426s][info][gc,start       ] GC(530) Pause Full (Ergonomics)
[2026-03-22T19:49:10.894+0900][11.426s][info][gc,phases,start] GC(530) Marking Phase
[2026-03-22T19:49:10.896+0900][11.427s][info][gc,phases      ] GC(530) Marking Phase 1.455ms
[2026-03-22T19:49:10.896+0900][11.427s][info][gc,phases,start] GC(530) Summary Phase
[2026-03-22T19:49:10.896+0900][11.427s][info][gc,phases      ] GC(530) Summary Phase 0.020ms
[2026-03-22T19:49:10.896+0900][11.427s][info][gc,phases,start] GC(530) Adjust Roots
[2026-03-22T19:49:10.896+0900][11.428s][info][gc,phases      ] GC(530) Adjust Roots 0.301ms
[2026-03-22T19:49:10.896+0900][11.428s][info][gc,phases,start] GC(530) Compaction Phase
[2026-03-22T19:49:10.904+0900][11.436s][info][gc,phases      ] GC(530) Compaction Phase 8.136ms
[2026-03-22T19:49:10.904+0900][11.436s][info][gc,phases,start] GC(530) Post Compact
[2026-03-22T19:49:10.906+0900][11.438s][info][gc,phases      ] GC(530) Post Compact 1.902ms
[2026-03-22T19:49:10.906+0900][11.438s][info][gc,heap        ] GC(530) PSYoungGen: 163057K(163840K)->0K(163840K) Eden: 152561K(153088K)->0K(153088K) From: 10496K(10752K)->0K(10752K)
[2026-03-22T19:49:10.906+0900][11.438s][info][gc,heap        ] GC(530) ParOldGen: 291999K(349696K)->103430K(349696K)
[2026-03-22T19:49:10.906+0900][11.438s][info][gc,metaspace   ] GC(530) Metaspace: 338K(512K)->338K(512K) NonClass: 320K(384K)->320K(384K) Class: 17K(128K)->17K(128K)
[2026-03-22T19:49:10.906+0900][11.438s][info][gc             ] GC(530) Pause Full (Ergonomics) 444M->101M(501M) 12.172ms
[2026-03-22T19:49:10.906+0900][11.438s][info][gc,cpu         ] GC(530) User=0.05s Sys=0.00s Real=0.01s
[2026-03-22T19:49:10.923+0900][11.455s][info][gc,start       ] GC(531) Pause Young (Allocation Failure)
[2026-03-22T19:49:10.928+0900][11.459s][info][gc,heap        ] GC(531) PSYoungGen: 152561K(163840K)->10496K(163840K) Eden: 152561K(153088K)->0K(153088K) From: 0K(10752K)->10496K(10752K)
[2026-03-22T19:49:10.928+0900][11.459s][info][gc,heap        ] GC(531) ParOldGen: 103430K(349696K)->197639K(349696K)
[2026-03-22T19:49:10.928+0900][11.459s][info][gc,metaspace   ] GC(531) Metaspace: 338K(512K)->338K(512K) NonClass: 320K(384K)->320K(384K) Class: 17K(128K)->17K(128K)
[2026-03-22T19:49:10.928+0900][11.459s][info][gc             ] GC(531) Pause Young (Allocation Failure) 249M->203M(501M) 4.642ms
[2026-03-22T19:49:10.928+0900][11.459s][info][gc,cpu         ] GC(531) User=0.00s Sys=0.00s Real=0.00s
[2026-03-22T19:49:10.943+0900][11.475s][info][gc,start       ] GC(532) Pause Young (Allocation Failure)
[2026-03-22T19:49:10.948+0900][11.480s][info][gc,heap        ] GC(532) PSYoungGen: 163057K(163840K)->10496K(163840K) Eden: 152561K(153088K)->0K(153088K) From: 10496K(10752K)->10496K(10752K)
[2026-03-22T19:49:10.948+0900][11.480s][info][gc,heap        ] GC(532) ParOldGen: 197639K(349696K)->291999K(349696K)
[2026-03-22T19:49:10.948+0900][11.480s][info][gc,metaspace   ] GC(532) Metaspace: 338K(512K)->338K(512K) NonClass: 320K(384K)->320K(384K) Class: 17K(128K)->17K(128K)
[2026-03-22T19:49:10.948+0900][11.480s][info][gc             ] GC(532) Pause Young (Allocation Failure) 352M->295M(501M) 4.977ms
[2026-03-22T19:49:10.948+0900][11.480s][info][gc,cpu         ] GC(532) User=0.06s Sys=0.00s Real=0.00s
[2026-03-22T19:49:10.963+0900][11.495s][info][gc,start       ] GC(533) Pause Full (Ergonomics)
[2026-03-22T19:49:10.963+0900][11.495s][info][gc,phases,start] GC(533) Marking Phase
[2026-03-22T19:49:10.964+0900][11.496s][info][gc,phases      ] GC(533) Marking Phase 1.036ms
[2026-03-22T19:49:10.964+0900][11.496s][info][gc,phases,start] GC(533) Summary Phase
[2026-03-22T19:49:10.964+0900][11.496s][info][gc,phases      ] GC(533) Summary Phase 0.015ms
[2026-03-22T19:49:10.964+0900][11.496s][info][gc,phases,start] GC(533) Adjust Roots
[2026-03-22T19:49:10.965+0900][11.496s][info][gc,phases      ] GC(533) Adjust Roots 0.220ms
[2026-03-22T19:49:10.965+0900][11.496s][info][gc,phases,start] GC(533) Compaction Phase
[2026-03-22T19:49:10.971+0900][11.502s][info][gc,phases      ] GC(533) Compaction Phase 6.299ms
[2026-03-22T19:49:10.971+0900][11.502s][info][gc,phases,start] GC(533) Post Compact
[2026-03-22T19:49:10.973+0900][11.504s][info][gc,phases      ] GC(533) Post Compact 1.790ms
[2026-03-22T19:49:10.973+0900][11.504s][info][gc,heap        ] GC(533) PSYoungGen: 163057K(163840K)->0K(163840K) Eden: 152561K(153088K)->0K(153088K) From: 10496K(10752K)->0K(10752K)
[2026-03-22T19:49:10.973+0900][11.504s][info][gc,heap        ] GC(533) ParOldGen: 291999K(349696K)->103430K(349696K)
[2026-03-22T19:49:10.973+0900][11.504s][info][gc,metaspace   ] GC(533) Metaspace: 338K(512K)->338K(512K) NonClass: 320K(384K)->320K(384K) Class: 17K(128K)->17K(128K)
[2026-03-22T19:49:10.973+0900][11.504s][info][gc             ] GC(533) Pause Full (Ergonomics) 444M->101M(501M) 9.670ms
[2026-03-22T19:49:10.973+0900][11.504s][info][gc,cpu         ] GC(533) User=0.00s Sys=0.00s Real=0.01s
[2026-03-22T19:49:10.987+0900][11.519s][info][gc,start       ] GC(534) Pause Young (Allocation Failure)
[2026-03-22T19:49:10.992+0900][11.525s][info][gc,heap        ] GC(534) PSYoungGen: 152561K(163840K)->10496K(163840K) Eden: 152561K(153088K)->0K(153088K) From: 0K(10752K)->10496K(10752K)
[2026-03-22T19:49:10.993+0900][11.525s][info][gc,heap        ] GC(534) ParOldGen: 103430K(349696K)->197639K(349696K)
[2026-03-22T19:49:10.993+0900][11.525s][info][gc,metaspace   ] GC(534) Metaspace: 338K(512K)->338K(512K) NonClass: 320K(384K)->320K(384K) Class: 17K(128K)->17K(128K)
[2026-03-22T19:49:10.993+0900][11.525s][info][gc             ] GC(534) Pause Young (Allocation Failure) 249M->203M(501M) 5.122ms
[2026-03-22T19:49:10.993+0900][11.525s][info][gc,cpu         ] GC(534) User=0.00s Sys=0.00s Real=0.01s
[2026-03-22T19:49:11.007+0900][11.539s][info][gc,start       ] GC(535) Pause Young (Allocation Failure)
[2026-03-22T19:49:11.012+0900][11.544s][info][gc,heap        ] GC(535) PSYoungGen: 163057K(163840K)->10496K(163840K) Eden: 152561K(153088K)->0K(153088K) From: 10496K(10752K)->10496K(10752K)
[2026-03-22T19:49:11.012+0900][11.544s][info][gc,heap        ] GC(535) ParOldGen: 197639K(349696K)->291999K(349696K)
[2026-03-22T19:49:11.012+0900][11.544s][info][gc,metaspace   ] GC(535) Metaspace: 338K(512K)->338K(512K) NonClass: 320K(384K)->320K(384K) Class: 17K(128K)->17K(128K)
[2026-03-22T19:49:11.012+0900][11.544s][info][gc             ] GC(535) Pause Young (Allocation Failure) 352M->295M(501M) 5.134ms
[2026-03-22T19:49:11.012+0900][11.544s][info][gc,cpu         ] GC(535) User=0.05s Sys=0.00s Real=0.01s
[2026-03-22T19:49:11.028+0900][11.560s][info][gc,start       ] GC(536) Pause Full (Ergonomics)
[2026-03-22T19:49:11.028+0900][11.560s][info][gc,phases,start] GC(536) Marking Phase
[2026-03-22T19:49:11.030+0900][11.562s][info][gc,phases      ] GC(536) Marking Phase 1.264ms
[2026-03-22T19:49:11.031+0900][11.562s][info][gc,phases,start] GC(536) Summary Phase
[2026-03-22T19:49:11.031+0900][11.562s][info][gc,phases      ] GC(536) Summary Phase 0.017ms
[2026-03-22T19:49:11.031+0900][11.562s][info][gc,phases,start] GC(536) Adjust Roots
[2026-03-22T19:49:11.031+0900][11.562s][info][gc,phases      ] GC(536) Adjust Roots 0.179ms
[2026-03-22T19:49:11.031+0900][11.562s][info][gc,phases,start] GC(536) Compaction Phase
[2026-03-22T19:49:11.037+0900][11.568s][info][gc,phases      ] GC(536) Compaction Phase 5.941ms
[2026-03-22T19:49:11.037+0900][11.568s][info][gc,phases,start] GC(536) Post Compact
[2026-03-22T19:49:11.038+0900][11.569s][info][gc,phases      ] GC(536) Post Compact 1.468ms
[2026-03-22T19:49:11.038+0900][11.569s][info][gc,heap        ] GC(536) PSYoungGen: 163057K(163840K)->0K(163840K) Eden: 152561K(153088K)->0K(153088K) From: 10496K(10752K)->0K(10752K)
[2026-03-22T19:49:11.038+0900][11.569s][info][gc,heap        ] GC(536) ParOldGen: 291999K(349696K)->103430K(349696K)
[2026-03-22T19:49:11.038+0900][11.569s][info][gc,metaspace   ] GC(536) Metaspace: 338K(512K)->338K(512K) NonClass: 320K(384K)->320K(384K) Class: 17K(128K)->17K(128K)
[2026-03-22T19:49:11.038+0900][11.569s][info][gc             ] GC(536) Pause Full (Ergonomics) 444M->101M(501M) 9.317ms
[2026-03-22T19:49:11.038+0900][11.569s][info][gc,cpu         ] GC(536) User=0.00s Sys=0.00s Real=0.01s
[2026-03-22T19:49:11.055+0900][11.586s][info][gc,start       ] GC(537) Pause Young (Allocation Failure)
[2026-03-22T19:49:11.059+0900][11.591s][info][gc,heap        ] GC(537) PSYoungGen: 152561K(163840K)->10496K(163840K) Eden: 152561K(153088K)->0K(153088K) From: 0K(10752K)->10496K(10752K)
[2026-03-22T19:49:11.059+0900][11.591s][info][gc,heap        ] GC(537) ParOldGen: 103430K(349696K)->197639K(349696K)
[2026-03-22T19:49:11.059+0900][11.591s][info][gc,metaspace   ] GC(537) Metaspace: 338K(512K)->338K(512K) NonClass: 320K(384K)->320K(384K) Class: 17K(128K)->17K(128K)
[2026-03-22T19:49:11.059+0900][11.591s][info][gc             ] GC(537) Pause Young (Allocation Failure) 249M->203M(501M) 4.827ms
[2026-03-22T19:49:11.059+0900][11.591s][info][gc,cpu         ] GC(537) User=0.06s Sys=0.00s Real=0.00s
[2026-03-22T19:49:11.074+0900][11.605s][info][gc,start       ] GC(538) Pause Young (Allocation Failure)
[2026-03-22T19:49:11.079+0900][11.610s][info][gc,heap        ] GC(538) PSYoungGen: 163057K(163840K)->10496K(163840K) Eden: 152561K(153088K)->0K(153088K) From: 10496K(10752K)->10496K(10752K)
[2026-03-22T19:49:11.079+0900][11.610s][info][gc,heap        ] GC(538) ParOldGen: 197639K(349696K)->291999K(349696K)
[2026-03-22T19:49:11.079+0900][11.610s][info][gc,metaspace   ] GC(538) Metaspace: 338K(512K)->338K(512K) NonClass: 320K(384K)->320K(384K) Class: 17K(128K)->17K(128K)
[2026-03-22T19:49:11.079+0900][11.610s][info][gc             ] GC(538) Pause Young (Allocation Failure) 352M->295M(501M) 5.460ms
[2026-03-22T19:49:11.079+0900][11.610s][info][gc,cpu         ] GC(538) User=0.00s Sys=0.00s Real=0.01s
[2026-03-22T19:49:11.096+0900][11.628s][info][gc,start       ] GC(539) Pause Full (Ergonomics)
[2026-03-22T19:49:11.096+0900][11.628s][info][gc,phases,start] GC(539) Marking Phase
[2026-03-22T19:49:11.097+0900][11.629s][info][gc,phases      ] GC(539) Marking Phase 1.192ms
[2026-03-22T19:49:11.097+0900][11.629s][info][gc,phases,start] GC(539) Summary Phase
[2026-03-22T19:49:11.097+0900][11.629s][info][gc,phases      ] GC(539) Summary Phase 0.015ms
[2026-03-22T19:49:11.097+0900][11.629s][info][gc,phases,start] GC(539) Adjust Roots
[2026-03-22T19:49:11.098+0900][11.629s][info][gc,phases      ] GC(539) Adjust Roots 0.170ms
[2026-03-22T19:49:11.098+0900][11.629s][info][gc,phases,start] GC(539) Compaction Phase
[2026-03-22T19:49:11.104+0900][11.636s][info][gc,phases      ] GC(539) Compaction Phase 6.266ms
[2026-03-22T19:49:11.104+0900][11.636s][info][gc,phases,start] GC(539) Post Compact
[2026-03-22T19:49:11.106+0900][11.637s][info][gc,phases      ] GC(539) Post Compact 1.590ms
[2026-03-22T19:49:11.106+0900][11.637s][info][gc,heap        ] GC(539) PSYoungGen: 163057K(163840K)->0K(163840K) Eden: 152561K(153088K)->0K(153088K) From: 10496K(10752K)->0K(10752K)
[2026-03-22T19:49:11.106+0900][11.637s][info][gc,heap        ] GC(539) ParOldGen: 291999K(349696K)->103430K(349696K)
[2026-03-22T19:49:11.106+0900][11.637s][info][gc,metaspace   ] GC(539) Metaspace: 338K(512K)->338K(512K) NonClass: 320K(384K)->320K(384K) Class: 17K(128K)->17K(128K)
[2026-03-22T19:49:11.106+0900][11.637s][info][gc             ] GC(539) Pause Full (Ergonomics) 444M->101M(501M) 9.510ms
[2026-03-22T19:49:11.106+0900][11.637s][info][gc,cpu         ] GC(539) User=0.05s Sys=0.00s Real=0.01s
[2026-03-22T19:49:11.121+0900][11.653s][info][gc,start       ] GC(540) Pause Young (Allocation Failure)
[2026-03-22T19:49:11.126+0900][11.658s][info][gc,heap        ] GC(540) PSYoungGen: 152561K(163840K)->10496K(163840K) Eden: 152561K(153088K)->0K(153088K) From: 0K(10752K)->10496K(10752K)
[2026-03-22T19:49:11.127+0900][11.658s][info][gc,heap        ] GC(540) ParOldGen: 103430K(349696K)->197639K(349696K)
[2026-03-22T19:49:11.127+0900][11.658s][info][gc,metaspace   ] GC(540) Metaspace: 338K(512K)->338K(512K) NonClass: 320K(384K)->320K(384K) Class: 17K(128K)->17K(128K)
[2026-03-22T19:49:11.127+0900][11.658s][info][gc             ] GC(540) Pause Young (Allocation Failure) 249M->203M(501M) 5.260ms
[2026-03-22T19:49:11.127+0900][11.658s][info][gc,cpu         ] GC(540) User=0.00s Sys=0.00s Real=0.01s
[2026-03-22T19:49:11.142+0900][11.673s][info][gc,start       ] GC(541) Pause Young (Allocation Failure)
[2026-03-22T19:49:11.146+0900][11.678s][info][gc,heap        ] GC(541) PSYoungGen: 163057K(163840K)->10496K(163840K) Eden: 152561K(153088K)->0K(153088K) From: 10496K(10752K)->10496K(10752K)
[2026-03-22T19:49:11.146+0900][11.678s][info][gc,heap        ] GC(541) ParOldGen: 197639K(349696K)->291999K(349696K)
[2026-03-22T19:49:11.147+0900][11.678s][info][gc,metaspace   ] GC(541) Metaspace: 338K(512K)->338K(512K) NonClass: 320K(384K)->320K(384K) Class: 17K(128K)->17K(128K)
[2026-03-22T19:49:11.147+0900][11.678s][info][gc             ] GC(541) Pause Young (Allocation Failure) 352M->295M(501M) 4.808ms
[2026-03-22T19:49:11.147+0900][11.678s][info][gc,cpu         ] GC(541) User=0.00s Sys=0.00s Real=0.01s
[2026-03-22T19:49:11.163+0900][11.694s][info][gc,start       ] GC(542) Pause Full (Ergonomics)
[2026-03-22T19:49:11.163+0900][11.694s][info][gc,phases,start] GC(542) Marking Phase
[2026-03-22T19:49:11.164+0900][11.695s][info][gc,phases      ] GC(542) Marking Phase 1.181ms
[2026-03-22T19:49:11.164+0900][11.695s][info][gc,phases,start] GC(542) Summary Phase
[2026-03-22T19:49:11.164+0900][11.695s][info][gc,phases      ] GC(542) Summary Phase 0.022ms
[2026-03-22T19:49:11.164+0900][11.695s][info][gc,phases,start] GC(542) Adjust Roots
[2026-03-22T19:49:11.164+0900][11.695s][info][gc,phases      ] GC(542) Adjust Roots 0.225ms
[2026-03-22T19:49:11.164+0900][11.696s][info][gc,phases,start] GC(542) Compaction Phase
[2026-03-22T19:49:11.170+0900][11.701s][info][gc,phases      ] GC(542) Compaction Phase 5.722ms
[2026-03-22T19:49:11.170+0900][11.701s][info][gc,phases,start] GC(542) Post Compact
[2026-03-22T19:49:11.171+0900][11.703s][info][gc,phases      ] GC(542) Post Compact 1.616ms
[2026-03-22T19:49:11.171+0900][11.703s][info][gc,heap        ] GC(542) PSYoungGen: 163057K(163840K)->0K(163840K) Eden: 152561K(153088K)->0K(153088K) From: 10496K(10752K)->0K(10752K)
[2026-03-22T19:49:11.171+0900][11.703s][info][gc,heap        ] GC(542) ParOldGen: 291999K(349696K)->103430K(349696K)
[2026-03-22T19:49:11.171+0900][11.703s][info][gc,metaspace   ] GC(542) Metaspace: 338K(512K)->338K(512K) NonClass: 320K(384K)->320K(384K) Class: 17K(128K)->17K(128K)
[2026-03-22T19:49:11.171+0900][11.703s][info][gc             ] GC(542) Pause Full (Ergonomics) 444M->101M(501M) 9.147ms
[2026-03-22T19:49:11.171+0900][11.703s][info][gc,cpu         ] GC(542) User=0.06s Sys=0.00s Real=0.01s
[2026-03-22T19:49:11.188+0900][11.719s][info][gc,start       ] GC(543) Pause Young (Allocation Failure)
[2026-03-22T19:49:11.193+0900][11.724s][info][gc,heap        ] GC(543) PSYoungGen: 152561K(163840K)->10496K(163840K) Eden: 152561K(153088K)->0K(153088K) From: 0K(10752K)->10496K(10752K)
[2026-03-22T19:49:11.193+0900][11.724s][info][gc,heap        ] GC(543) ParOldGen: 103430K(349696K)->197639K(349696K)
[2026-03-22T19:49:11.193+0900][11.724s][info][gc,metaspace   ] GC(543) Metaspace: 338K(512K)->338K(512K) NonClass: 320K(384K)->320K(384K) Class: 17K(128K)->17K(128K)
[2026-03-22T19:49:11.193+0900][11.724s][info][gc             ] GC(543) Pause Young (Allocation Failure) 249M->203M(501M) 4.736ms
[2026-03-22T19:49:11.193+0900][11.724s][info][gc,cpu         ] GC(543) User=0.00s Sys=0.00s Real=0.01s
[2026-03-22T19:49:11.209+0900][11.740s][info][gc,start       ] GC(544) Pause Young (Allocation Failure)
[2026-03-22T19:49:11.213+0900][11.745s][info][gc,heap        ] GC(544) PSYoungGen: 163057K(163840K)->10496K(163840K) Eden: 152561K(153088K)->0K(153088K) From: 10496K(10752K)->10496K(10752K)
[2026-03-22T19:49:11.213+0900][11.745s][info][gc,heap        ] GC(544) ParOldGen: 197639K(349696K)->291999K(349696K)
[2026-03-22T19:49:11.213+0900][11.745s][info][gc,metaspace   ] GC(544) Metaspace: 338K(512K)->338K(512K) NonClass: 320K(384K)->320K(384K) Class: 17K(128K)->17K(128K)
[2026-03-22T19:49:11.213+0900][11.745s][info][gc             ] GC(544) Pause Young (Allocation Failure) 352M->295M(501M) 4.930ms
[2026-03-22T19:49:11.213+0900][11.745s][info][gc,cpu         ] GC(544) User=0.06s Sys=0.00s Real=0.00s
[2026-03-22T19:49:11.230+0900][11.761s][info][gc,start       ] GC(545) Pause Full (Ergonomics)
[2026-03-22T19:49:11.230+0900][11.761s][info][gc,phases,start] GC(545) Marking Phase
[2026-03-22T19:49:11.231+0900][11.762s][info][gc,phases      ] GC(545) Marking Phase 1.235ms
[2026-03-22T19:49:11.231+0900][11.762s][info][gc,phases,start] GC(545) Summary Phase
[2026-03-22T19:49:11.231+0900][11.762s][info][gc,phases      ] GC(545) Summary Phase 0.016ms
[2026-03-22T19:49:11.231+0900][11.762s][info][gc,phases,start] GC(545) Adjust Roots
[2026-03-22T19:49:11.231+0900][11.762s][info][gc,phases      ] GC(545) Adjust Roots 0.203ms
[2026-03-22T19:49:11.231+0900][11.762s][info][gc,phases,start] GC(545) Compaction Phase
[2026-03-22T19:49:11.238+0900][11.769s][info][gc,phases      ] GC(545) Compaction Phase 6.284ms
[2026-03-22T19:49:11.238+0900][11.769s][info][gc,phases,start] GC(545) Post Compact
[2026-03-22T19:49:11.239+0900][11.770s][info][gc,phases      ] GC(545) Post Compact 1.641ms
[2026-03-22T19:49:11.239+0900][11.771s][info][gc,heap        ] GC(545) PSYoungGen: 163057K(163840K)->0K(163840K) Eden: 152561K(153088K)->0K(153088K) From: 10496K(10752K)->0K(10752K)
[2026-03-22T19:49:11.239+0900][11.771s][info][gc,heap        ] GC(545) ParOldGen: 291999K(349696K)->103430K(349696K)
[2026-03-22T19:49:11.239+0900][11.771s][info][gc,metaspace   ] GC(545) Metaspace: 338K(512K)->338K(512K) NonClass: 320K(384K)->320K(384K) Class: 17K(128K)->17K(128K)
[2026-03-22T19:49:11.239+0900][11.771s][info][gc             ] GC(545) Pause Full (Ergonomics) 444M->101M(501M) 9.708ms
[2026-03-22T19:49:11.239+0900][11.771s][info][gc,cpu         ] GC(545) User=0.00s Sys=0.00s Real=0.01s
[2026-03-22T19:49:11.255+0900][11.787s][info][gc,start       ] GC(546) Pause Young (Allocation Failure)
[2026-03-22T19:49:11.259+0900][11.791s][info][gc,heap        ] GC(546) PSYoungGen: 152561K(163840K)->10496K(163840K) Eden: 152561K(153088K)->0K(153088K) From: 0K(10752K)->10496K(10752K)
[2026-03-22T19:49:11.260+0900][11.791s][info][gc,heap        ] GC(546) ParOldGen: 103430K(349696K)->197639K(349696K)
[2026-03-22T19:49:11.260+0900][11.791s][info][gc,metaspace   ] GC(546) Metaspace: 338K(512K)->338K(512K) NonClass: 320K(384K)->320K(384K) Class: 17K(128K)->17K(128K)
[2026-03-22T19:49:11.260+0900][11.791s][info][gc             ] GC(546) Pause Young (Allocation Failure) 249M->203M(501M) 4.601ms
[2026-03-22T19:49:11.260+0900][11.791s][info][gc,cpu         ] GC(546) User=0.03s Sys=0.00s Real=0.00s
[2026-03-22T19:49:11.276+0900][11.808s][info][gc,start       ] GC(547) Pause Young (Allocation Failure)
[2026-03-22T19:49:11.281+0900][11.813s][info][gc,heap        ] GC(547) PSYoungGen: 163057K(163840K)->10496K(163840K) Eden: 152561K(153088K)->0K(153088K) From: 10496K(10752K)->10496K(10752K)
[2026-03-22T19:49:11.281+0900][11.813s][info][gc,heap        ] GC(547) ParOldGen: 197639K(349696K)->291999K(349696K)
[2026-03-22T19:49:11.281+0900][11.813s][info][gc,metaspace   ] GC(547) Metaspace: 338K(512K)->338K(512K) NonClass: 320K(384K)->320K(384K) Class: 17K(128K)->17K(128K)
[2026-03-22T19:49:11.281+0900][11.813s][info][gc             ] GC(547) Pause Young (Allocation Failure) 352M->295M(501M) 5.604ms
[2026-03-22T19:49:11.281+0900][11.813s][info][gc,cpu         ] GC(547) User=0.00s Sys=0.00s Real=0.00s
[2026-03-22T19:49:11.297+0900][11.829s][info][gc,start       ] GC(548) Pause Full (Ergonomics)
[2026-03-22T19:49:11.297+0900][11.829s][info][gc,phases,start] GC(548) Marking Phase
[2026-03-22T19:49:11.298+0900][11.830s][info][gc,phases      ] GC(548) Marking Phase 1.179ms
[2026-03-22T19:49:11.298+0900][11.830s][info][gc,phases,start] GC(548) Summary Phase
[2026-03-22T19:49:11.298+0900][11.830s][info][gc,phases      ] GC(548) Summary Phase 0.015ms
[2026-03-22T19:49:11.298+0900][11.830s][info][gc,phases,start] GC(548) Adjust Roots
[2026-03-22T19:49:11.299+0900][11.830s][info][gc,phases      ] GC(548) Adjust Roots 0.172ms
[2026-03-22T19:49:11.299+0900][11.830s][info][gc,phases,start] GC(548) Compaction Phase
[2026-03-22T19:49:11.304+0900][11.836s][info][gc,phases      ] GC(548) Compaction Phase 5.741ms
[2026-03-22T19:49:11.305+0900][11.836s][info][gc,phases,start] GC(548) Post Compact
[2026-03-22T19:49:11.306+0900][11.838s][info][gc,phases      ] GC(548) Post Compact 1.614ms
[2026-03-22T19:49:11.306+0900][11.838s][info][gc,heap        ] GC(548) PSYoungGen: 163057K(163840K)->0K(163840K) Eden: 152561K(153088K)->0K(153088K) From: 10496K(10752K)->0K(10752K)
[2026-03-22T19:49:11.306+0900][11.838s][info][gc,heap        ] GC(548) ParOldGen: 291999K(349696K)->103430K(349696K)
[2026-03-22T19:49:11.306+0900][11.838s][info][gc,metaspace   ] GC(548) Metaspace: 338K(512K)->338K(512K) NonClass: 320K(384K)->320K(384K) Class: 17K(128K)->17K(128K)
[2026-03-22T19:49:11.306+0900][11.838s][info][gc             ] GC(548) Pause Full (Ergonomics) 444M->101M(501M) 9.023ms
[2026-03-22T19:49:11.306+0900][11.838s][info][gc,cpu         ] GC(548) User=0.02s Sys=0.00s Real=0.01s
[2026-03-22T19:49:11.322+0900][11.853s][info][gc,start       ] GC(549) Pause Young (Allocation Failure)
[2026-03-22T19:49:11.327+0900][11.858s][info][gc,heap        ] GC(549) PSYoungGen: 152561K(163840K)->10496K(163840K) Eden: 152561K(153088K)->0K(153088K) From: 0K(10752K)->10496K(10752K)
[2026-03-22T19:49:11.327+0900][11.858s][info][gc,heap        ] GC(549) ParOldGen: 103430K(349696K)->197639K(349696K)
[2026-03-22T19:49:11.327+0900][11.858s][info][gc,metaspace   ] GC(549) Metaspace: 338K(512K)->338K(512K) NonClass: 320K(384K)->320K(384K) Class: 17K(128K)->17K(128K)
[2026-03-22T19:49:11.327+0900][11.858s][info][gc             ] GC(549) Pause Young (Allocation Failure) 249M->203M(501M) 5.060ms
[2026-03-22T19:49:11.327+0900][11.859s][info][gc,cpu         ] GC(549) User=0.00s Sys=0.00s Real=0.00s
[2026-03-22T19:49:11.342+0900][11.873s][info][gc,start       ] GC(550) Pause Young (Allocation Failure)
[2026-03-22T19:49:11.347+0900][11.879s][info][gc,heap        ] GC(550) PSYoungGen: 163057K(163840K)->10496K(163840K) Eden: 152561K(153088K)->0K(153088K) From: 10496K(10752K)->10496K(10752K)
[2026-03-22T19:49:11.347+0900][11.879s][info][gc,heap        ] GC(550) ParOldGen: 197639K(349696K)->291999K(349696K)
[2026-03-22T19:49:11.347+0900][11.879s][info][gc,metaspace   ] GC(550) Metaspace: 338K(512K)->338K(512K) NonClass: 320K(384K)->320K(384K) Class: 17K(128K)->17K(128K)
[2026-03-22T19:49:11.347+0900][11.879s][info][gc             ] GC(550) Pause Young (Allocation Failure) 352M->295M(501M) 5.193ms
[2026-03-22T19:49:11.347+0900][11.879s][info][gc,cpu         ] GC(550) User=0.00s Sys=0.00s Real=0.00s
[2026-03-22T19:49:11.364+0900][11.895s][info][gc,start       ] GC(551) Pause Full (Ergonomics)
[2026-03-22T19:49:11.364+0900][11.895s][info][gc,phases,start] GC(551) Marking Phase
[2026-03-22T19:49:11.365+0900][11.896s][info][gc,phases      ] GC(551) Marking Phase 1.346ms
[2026-03-22T19:49:11.365+0900][11.897s][info][gc,phases,start] GC(551) Summary Phase
[2026-03-22T19:49:11.365+0900][11.897s][info][gc,phases      ] GC(551) Summary Phase 0.015ms
[2026-03-22T19:49:11.365+0900][11.897s][info][gc,phases,start] GC(551) Adjust Roots
[2026-03-22T19:49:11.365+0900][11.897s][info][gc,phases      ] GC(551) Adjust Roots 0.176ms
[2026-03-22T19:49:11.365+0900][11.897s][info][gc,phases,start] GC(551) Compaction Phase
[2026-03-22T19:49:11.371+0900][11.903s][info][gc,phases      ] GC(551) Compaction Phase 5.772ms
[2026-03-22T19:49:11.371+0900][11.903s][info][gc,phases,start] GC(551) Post Compact
[2026-03-22T19:49:11.372+0900][11.904s][info][gc,phases      ] GC(551) Post Compact 1.385ms
[2026-03-22T19:49:11.372+0900][11.904s][info][gc,heap        ] GC(551) PSYoungGen: 163057K(163840K)->0K(163840K) Eden: 152561K(153088K)->0K(153088K) From: 10496K(10752K)->0K(10752K)
[2026-03-22T19:49:11.372+0900][11.904s][info][gc,heap        ] GC(551) ParOldGen: 291999K(349696K)->103430K(349696K)
[2026-03-22T19:49:11.372+0900][11.904s][info][gc,metaspace   ] GC(551) Metaspace: 338K(512K)->338K(512K) NonClass: 320K(384K)->320K(384K) Class: 17K(128K)->17K(128K)
[2026-03-22T19:49:11.372+0900][11.904s][info][gc             ] GC(551) Pause Full (Ergonomics) 444M->101M(501M) 8.975ms
[2026-03-22T19:49:11.372+0900][11.904s][info][gc,cpu         ] GC(551) User=0.06s Sys=0.00s Real=0.01s
[2026-03-22T19:49:11.389+0900][11.921s][info][gc,start       ] GC(552) Pause Young (Allocation Failure)
[2026-03-22T19:49:11.393+0900][11.925s][info][gc,heap        ] GC(552) PSYoungGen: 152561K(163840K)->10496K(163840K) Eden: 152561K(153088K)->0K(153088K) From: 0K(10752K)->10496K(10752K)
[2026-03-22T19:49:11.393+0900][11.926s][info][gc,heap        ] GC(552) ParOldGen: 103430K(349696K)->197639K(349696K)
[2026-03-22T19:49:11.393+0900][11.926s][info][gc,metaspace   ] GC(552) Metaspace: 338K(512K)->338K(512K) NonClass: 320K(384K)->320K(384K) Class: 17K(128K)->17K(128K)
[2026-03-22T19:49:11.395+0900][11.926s][info][gc             ] GC(552) Pause Young (Allocation Failure) 249M->203M(501M) 5.014ms
[2026-03-22T19:49:11.395+0900][11.926s][info][gc,cpu         ] GC(552) User=0.00s Sys=0.00s Real=0.01s
[2026-03-22T19:49:11.409+0900][11.941s][info][gc,start       ] GC(553) Pause Young (Allocation Failure)
[2026-03-22T19:49:11.415+0900][11.946s][info][gc,heap        ] GC(553) PSYoungGen: 163057K(163840K)->10496K(163840K) Eden: 152561K(153088K)->0K(153088K) From: 10496K(10752K)->10496K(10752K)
[2026-03-22T19:49:11.415+0900][11.946s][info][gc,heap        ] GC(553) ParOldGen: 197639K(349696K)->291999K(349696K)
[2026-03-22T19:49:11.415+0900][11.946s][info][gc,metaspace   ] GC(553) Metaspace: 338K(512K)->338K(512K) NonClass: 320K(384K)->320K(384K) Class: 17K(128K)->17K(128K)
[2026-03-22T19:49:11.415+0900][11.946s][info][gc             ] GC(553) Pause Young (Allocation Failure) 352M->295M(501M) 4.893ms
[2026-03-22T19:49:11.415+0900][11.946s][info][gc,cpu         ] GC(553) User=0.00s Sys=0.00s Real=0.01s
[2026-03-22T19:49:11.431+0900][11.962s][info][gc,start       ] GC(554) Pause Full (Ergonomics)
[2026-03-22T19:49:11.431+0900][11.962s][info][gc,phases,start] GC(554) Marking Phase
[2026-03-22T19:49:11.432+0900][11.964s][info][gc,phases      ] GC(554) Marking Phase 1.386ms
[2026-03-22T19:49:11.432+0900][11.964s][info][gc,phases,start] GC(554) Summary Phase
[2026-03-22T19:49:11.432+0900][11.964s][info][gc,phases      ] GC(554) Summary Phase 0.015ms
[2026-03-22T19:49:11.432+0900][11.964s][info][gc,phases,start] GC(554) Adjust Roots
[2026-03-22T19:49:11.433+0900][11.964s][info][gc,phases      ] GC(554) Adjust Roots 0.204ms
[2026-03-22T19:49:11.433+0900][11.964s][info][gc,phases,start] GC(554) Compaction Phase
[2026-03-22T19:49:11.438+0900][11.970s][info][gc,phases      ] GC(554) Compaction Phase 6.295ms
[2026-03-22T19:49:11.438+0900][11.970s][info][gc,phases,start] GC(554) Post Compact
[2026-03-22T19:49:11.440+0900][11.972s][info][gc,phases      ] GC(554) Post Compact 1.394ms
[2026-03-22T19:49:11.440+0900][11.972s][info][gc,heap        ] GC(554) PSYoungGen: 163057K(163840K)->0K(163840K) Eden: 152561K(153088K)->0K(153088K) From: 10496K(10752K)->0K(10752K)
[2026-03-22T19:49:11.440+0900][11.972s][info][gc,heap        ] GC(554) ParOldGen: 291999K(349696K)->103430K(349696K)
[2026-03-22T19:49:11.440+0900][11.972s][info][gc,metaspace   ] GC(554) Metaspace: 338K(512K)->338K(512K) NonClass: 320K(384K)->320K(384K) Class: 17K(128K)->17K(128K)
[2026-03-22T19:49:11.440+0900][11.972s][info][gc             ] GC(554) Pause Full (Ergonomics) 444M->101M(501M) 9.535ms
[2026-03-22T19:49:11.440+0900][11.972s][info][gc,cpu         ] GC(554) User=0.06s Sys=0.00s Real=0.01s
[2026-03-22T19:49:11.455+0900][11.987s][info][gc,start       ] GC(555) Pause Young (Allocation Failure)
[2026-03-22T19:49:11.460+0900][11.991s][info][gc,heap        ] GC(555) PSYoungGen: 152561K(163840K)->10496K(163840K) Eden: 152561K(153088K)->0K(153088K) From: 0K(10752K)->10496K(10752K)
[2026-03-22T19:49:11.460+0900][11.991s][info][gc,heap        ] GC(555) ParOldGen: 103430K(349696K)->197639K(349696K)
[2026-03-22T19:49:11.460+0900][11.991s][info][gc,metaspace   ] GC(555) Metaspace: 338K(512K)->338K(512K) NonClass: 320K(384K)->320K(384K) Class: 17K(128K)->17K(128K)
[2026-03-22T19:49:11.460+0900][11.992s][info][gc             ] GC(555) Pause Young (Allocation Failure) 249M->203M(501M) 4.831ms
[2026-03-22T19:49:11.460+0900][11.992s][info][gc,cpu         ] GC(555) User=0.00s Sys=0.00s Real=0.01s
[2026-03-22T19:49:11.475+0900][12.007s][info][gc,start       ] GC(556) Pause Young (Allocation Failure)
[2026-03-22T19:49:11.479+0900][12.011s][info][gc,heap        ] GC(556) PSYoungGen: 163057K(163840K)->10496K(163840K) Eden: 152561K(153088K)->0K(153088K) From: 10496K(10752K)->10496K(10752K)
[2026-03-22T19:49:11.480+0900][12.011s][info][gc,heap        ] GC(556) ParOldGen: 197639K(349696K)->291999K(349696K)
[2026-03-22T19:49:11.480+0900][12.011s][info][gc,metaspace   ] GC(556) Metaspace: 338K(512K)->338K(512K) NonClass: 320K(384K)->320K(384K) Class: 17K(128K)->17K(128K)
[2026-03-22T19:49:11.480+0900][12.011s][info][gc             ] GC(556) Pause Young (Allocation Failure) 352M->295M(501M) 4.809ms
[2026-03-22T19:49:11.480+0900][12.011s][info][gc,cpu         ] GC(556) User=0.06s Sys=0.00s Real=0.01s
[2026-03-22T19:49:11.497+0900][12.029s][info][gc,start       ] GC(557) Pause Full (Ergonomics)
[2026-03-22T19:49:11.497+0900][12.029s][info][gc,phases,start] GC(557) Marking Phase
[2026-03-22T19:49:11.498+0900][12.030s][info][gc,phases      ] GC(557) Marking Phase 1.201ms
[2026-03-22T19:49:11.498+0900][12.030s][info][gc,phases,start] GC(557) Summary Phase
[2026-03-22T19:49:11.498+0900][12.030s][info][gc,phases      ] GC(557) Summary Phase 0.016ms
[2026-03-22T19:49:11.498+0900][12.030s][info][gc,phases,start] GC(557) Adjust Roots
[2026-03-22T19:49:11.499+0900][12.030s][info][gc,phases      ] GC(557) Adjust Roots 0.342ms
[2026-03-22T19:49:11.499+0900][12.030s][info][gc,phases,start] GC(557) Compaction Phase
[2026-03-22T19:49:11.505+0900][12.036s][info][gc,phases      ] GC(557) Compaction Phase 5.758ms
[2026-03-22T19:49:11.505+0900][12.036s][info][gc,phases,start] GC(557) Post Compact
[2026-03-22T19:49:11.506+0900][12.038s][info][gc,phases      ] GC(557) Post Compact 1.375ms
[2026-03-22T19:49:11.506+0900][12.038s][info][gc,heap        ] GC(557) PSYoungGen: 163057K(163840K)->0K(163840K) Eden: 152561K(153088K)->0K(153088K) From: 10496K(10752K)->0K(10752K)
[2026-03-22T19:49:11.506+0900][12.038s][info][gc,heap        ] GC(557) ParOldGen: 291999K(349696K)->103430K(349696K)
[2026-03-22T19:49:11.506+0900][12.038s][info][gc,metaspace   ] GC(557) Metaspace: 338K(512K)->338K(512K) NonClass: 320K(384K)->320K(384K) Class: 17K(128K)->17K(128K)
[2026-03-22T19:49:11.506+0900][12.038s][info][gc             ] GC(557) Pause Full (Ergonomics) 444M->101M(501M) 9.027ms
[2026-03-22T19:49:11.506+0900][12.038s][info][gc,cpu         ] GC(557) User=0.00s Sys=0.00s Real=0.01s
[2026-03-22T19:49:11.522+0900][12.053s][info][gc,start       ] GC(558) Pause Young (Allocation Failure)
[2026-03-22T19:49:11.526+0900][12.057s][info][gc,heap        ] GC(558) PSYoungGen: 152561K(163840K)->10496K(163840K) Eden: 152561K(153088K)->0K(153088K) From: 0K(10752K)->10496K(10752K)
[2026-03-22T19:49:11.526+0900][12.057s][info][gc,heap        ] GC(558) ParOldGen: 103430K(349696K)->197639K(349696K)
[2026-03-22T19:49:11.526+0900][12.057s][info][gc,metaspace   ] GC(558) Metaspace: 338K(512K)->338K(512K) NonClass: 320K(384K)->320K(384K) Class: 17K(128K)->17K(128K)
[2026-03-22T19:49:11.526+0900][12.057s][info][gc             ] GC(558) Pause Young (Allocation Failure) 249M->203M(501M) 4.764ms
[2026-03-22T19:49:11.526+0900][12.057s][info][gc,cpu         ] GC(558) User=0.06s Sys=0.00s Real=0.00s
[2026-03-22T19:49:11.541+0900][12.072s][info][gc,start       ] GC(559) Pause Young (Allocation Failure)
[2026-03-22T19:49:11.546+0900][12.077s][info][gc,heap        ] GC(559) PSYoungGen: 163057K(163840K)->10496K(163840K) Eden: 152561K(153088K)->0K(153088K) From: 10496K(10752K)->10496K(10752K)
[2026-03-22T19:49:11.546+0900][12.077s][info][gc,heap        ] GC(559) ParOldGen: 197639K(349696K)->291999K(349696K)
[2026-03-22T19:49:11.546+0900][12.077s][info][gc,metaspace   ] GC(559) Metaspace: 338K(512K)->338K(512K) NonClass: 320K(384K)->320K(384K) Class: 17K(128K)->17K(128K)
[2026-03-22T19:49:11.546+0900][12.077s][info][gc             ] GC(559) Pause Young (Allocation Failure) 352M->295M(501M) 4.956ms
[2026-03-22T19:49:11.546+0900][12.077s][info][gc,cpu         ] GC(559) User=0.00s Sys=0.00s Real=0.01s
[2026-03-22T19:49:11.560+0900][12.092s][info][gc,start       ] GC(560) Pause Full (Ergonomics)
[2026-03-22T19:49:11.561+0900][12.092s][info][gc,phases,start] GC(560) Marking Phase
[2026-03-22T19:49:11.562+0900][12.094s][info][gc,phases      ] GC(560) Marking Phase 1.573ms
[2026-03-22T19:49:11.562+0900][12.094s][info][gc,phases,start] GC(560) Summary Phase
[2026-03-22T19:49:11.562+0900][12.094s][info][gc,phases      ] GC(560) Summary Phase 0.055ms
[2026-03-22T19:49:11.562+0900][12.094s][info][gc,phases,start] GC(560) Adjust Roots
[2026-03-22T19:49:11.562+0900][12.094s][info][gc,phases      ] GC(560) Adjust Roots 0.311ms
[2026-03-22T19:49:11.562+0900][12.094s][info][gc,phases,start] GC(560) Compaction Phase
[2026-03-22T19:49:11.568+0900][12.100s][info][gc,phases      ] GC(560) Compaction Phase 5.540ms
[2026-03-22T19:49:11.568+0900][12.100s][info][gc,phases,start] GC(560) Post Compact
[2026-03-22T19:49:11.569+0900][12.101s][info][gc,phases      ] GC(560) Post Compact 1.530ms
[2026-03-22T19:49:11.569+0900][12.101s][info][gc,heap        ] GC(560) PSYoungGen: 163057K(163840K)->0K(163840K) Eden: 152561K(153088K)->0K(153088K) From: 10496K(10752K)->0K(10752K)
[2026-03-22T19:49:11.569+0900][12.101s][info][gc,heap        ] GC(560) ParOldGen: 291999K(349696K)->103430K(349696K)
[2026-03-22T19:49:11.569+0900][12.101s][info][gc,metaspace   ] GC(560) Metaspace: 338K(512K)->338K(512K) NonClass: 320K(384K)->320K(384K) Class: 17K(128K)->17K(128K)
[2026-03-22T19:49:11.569+0900][12.101s][info][gc             ] GC(560) Pause Full (Ergonomics) 444M->101M(501M) 9.483ms
[2026-03-22T19:49:11.569+0900][12.101s][info][gc,cpu         ] GC(560) User=0.00s Sys=0.00s Real=0.01s
[2026-03-22T19:49:11.586+0900][12.117s][info][gc,start       ] GC(561) Pause Young (Allocation Failure)
[2026-03-22T19:49:11.590+0900][12.122s][info][gc,heap        ] GC(561) PSYoungGen: 152561K(163840K)->10496K(163840K) Eden: 152561K(153088K)->0K(153088K) From: 0K(10752K)->10496K(10752K)
[2026-03-22T19:49:11.590+0900][12.122s][info][gc,heap        ] GC(561) ParOldGen: 103430K(349696K)->197639K(349696K)
[2026-03-22T19:49:11.590+0900][12.122s][info][gc,metaspace   ] GC(561) Metaspace: 338K(512K)->338K(512K) NonClass: 320K(384K)->320K(384K) Class: 17K(128K)->17K(128K)
[2026-03-22T19:49:11.590+0900][12.122s][info][gc             ] GC(561) Pause Young (Allocation Failure) 249M->203M(501M) 4.990ms
[2026-03-22T19:49:11.590+0900][12.122s][info][gc,cpu         ] GC(561) User=0.06s Sys=0.00s Real=0.00s
[2026-03-22T19:49:11.607+0900][12.138s][info][gc,start       ] GC(562) Pause Young (Allocation Failure)
[2026-03-22T19:49:11.611+0900][12.143s][info][gc,heap        ] GC(562) PSYoungGen: 163057K(163840K)->10496K(163840K) Eden: 152561K(153088K)->0K(153088K) From: 10496K(10752K)->10496K(10752K)
[2026-03-22T19:49:11.611+0900][12.143s][info][gc,heap        ] GC(562) ParOldGen: 197639K(349696K)->291999K(349696K)
[2026-03-22T19:49:11.611+0900][12.143s][info][gc,metaspace   ] GC(562) Metaspace: 338K(512K)->338K(512K) NonClass: 320K(384K)->320K(384K) Class: 17K(128K)->17K(128K)
[2026-03-22T19:49:11.611+0900][12.143s][info][gc             ] GC(562) Pause Young (Allocation Failure) 352M->295M(501M) 5.040ms
[2026-03-22T19:49:11.611+0900][12.143s][info][gc,cpu         ] GC(562) User=0.00s Sys=0.00s Real=0.01s
[2026-03-22T19:49:11.626+0900][12.158s][info][gc,start       ] GC(563) Pause Full (Ergonomics)
[2026-03-22T19:49:11.633+0900][12.165s][info][gc,phases,start] GC(563) Marking Phase
[2026-03-22T19:49:11.634+0900][12.166s][info][gc,phases      ] GC(563) Marking Phase 1.226ms
[2026-03-22T19:49:11.634+0900][12.166s][info][gc,phases,start] GC(563) Summary Phase
[2026-03-22T19:49:11.634+0900][12.166s][info][gc,phases      ] GC(563) Summary Phase 0.021ms
[2026-03-22T19:49:11.634+0900][12.166s][info][gc,phases,start] GC(563) Adjust Roots
[2026-03-22T19:49:11.634+0900][12.166s][info][gc,phases      ] GC(563) Adjust Roots 0.250ms
[2026-03-22T19:49:11.634+0900][12.166s][info][gc,phases,start] GC(563) Compaction Phase
[2026-03-22T19:49:11.641+0900][12.172s][info][gc,phases      ] GC(563) Compaction Phase 6.151ms
[2026-03-22T19:49:11.641+0900][12.172s][info][gc,phases,start] GC(563) Post Compact
[2026-03-22T19:49:11.643+0900][12.174s][info][gc,phases      ] GC(563) Post Compact 1.633ms
[2026-03-22T19:49:11.643+0900][12.174s][info][gc,heap        ] GC(563) PSYoungGen: 163057K(163840K)->0K(163840K) Eden: 152561K(153088K)->0K(153088K) From: 10496K(10752K)->0K(10752K)
[2026-03-22T19:49:11.643+0900][12.174s][info][gc,heap        ] GC(563) ParOldGen: 291999K(349696K)->103430K(349696K)
[2026-03-22T19:49:11.643+0900][12.174s][info][gc,metaspace   ] GC(563) Metaspace: 338K(512K)->338K(512K) NonClass: 320K(384K)->320K(384K) Class: 17K(128K)->17K(128K)
[2026-03-22T19:49:11.643+0900][12.174s][info][gc             ] GC(563) Pause Full (Ergonomics) 444M->101M(501M) 16.359ms
[2026-03-22T19:49:11.643+0900][12.174s][info][gc,cpu         ] GC(563) User=0.02s Sys=0.00s Real=0.02s
[2026-03-22T19:49:11.658+0900][12.189s][info][gc,start       ] GC(564) Pause Young (Allocation Failure)
[2026-03-22T19:49:11.663+0900][12.194s][info][gc,heap        ] GC(564) PSYoungGen: 152561K(163840K)->10496K(163840K) Eden: 152561K(153088K)->0K(153088K) From: 0K(10752K)->10496K(10752K)
[2026-03-22T19:49:11.663+0900][12.195s][info][gc,heap        ] GC(564) ParOldGen: 103430K(349696K)->197639K(349696K)
[2026-03-22T19:49:11.663+0900][12.195s][info][gc,metaspace   ] GC(564) Metaspace: 338K(512K)->338K(512K) NonClass: 320K(384K)->320K(384K) Class: 17K(128K)->17K(128K)
[2026-03-22T19:49:11.663+0900][12.195s][info][gc             ] GC(564) Pause Young (Allocation Failure) 249M->203M(501M) 5.137ms
[2026-03-22T19:49:11.663+0900][12.195s][info][gc,cpu         ] GC(564) User=0.00s Sys=0.00s Real=0.01s
[2026-03-22T19:49:11.677+0900][12.209s][info][gc,start       ] GC(565) Pause Young (Allocation Failure)
[2026-03-22T19:49:11.682+0900][12.214s][info][gc,heap        ] GC(565) PSYoungGen: 163057K(163840K)->10496K(163840K) Eden: 152561K(153088K)->0K(153088K) From: 10496K(10752K)->10496K(10752K)
[2026-03-22T19:49:11.682+0900][12.214s][info][gc,heap        ] GC(565) ParOldGen: 197639K(349696K)->291999K(349696K)
[2026-03-22T19:49:11.682+0900][12.214s][info][gc,metaspace   ] GC(565) Metaspace: 338K(512K)->338K(512K) NonClass: 320K(384K)->320K(384K) Class: 17K(128K)->17K(128K)
[2026-03-22T19:49:11.683+0900][12.214s][info][gc             ] GC(565) Pause Young (Allocation Failure) 352M->295M(501M) 5.259ms
[2026-03-22T19:49:11.683+0900][12.214s][info][gc,cpu         ] GC(565) User=0.06s Sys=0.00s Real=0.01s
[2026-03-22T19:49:11.700+0900][12.231s][info][gc,start       ] GC(566) Pause Full (Ergonomics)
[2026-03-22T19:49:11.700+0900][12.231s][info][gc,phases,start] GC(566) Marking Phase
[2026-03-22T19:49:11.701+0900][12.232s][info][gc,phases      ] GC(566) Marking Phase 1.055ms
[2026-03-22T19:49:11.701+0900][12.232s][info][gc,phases,start] GC(566) Summary Phase
[2026-03-22T19:49:11.701+0900][12.232s][info][gc,phases      ] GC(566) Summary Phase 0.021ms
[2026-03-22T19:49:11.701+0900][12.232s][info][gc,phases,start] GC(566) Adjust Roots
[2026-03-22T19:49:11.701+0900][12.233s][info][gc,phases      ] GC(566) Adjust Roots 0.243ms
[2026-03-22T19:49:11.701+0900][12.233s][info][gc,phases,start] GC(566) Compaction Phase
[2026-03-22T19:49:11.708+0900][12.239s][info][gc,phases      ] GC(566) Compaction Phase 6.284ms
[2026-03-22T19:49:11.708+0900][12.239s][info][gc,phases,start] GC(566) Post Compact
[2026-03-22T19:49:11.709+0900][12.241s][info][gc,phases      ] GC(566) Post Compact 1.602ms
[2026-03-22T19:49:11.709+0900][12.241s][info][gc,heap        ] GC(566) PSYoungGen: 163057K(163840K)->0K(163840K) Eden: 152561K(153088K)->0K(153088K) From: 10496K(10752K)->0K(10752K)
[2026-03-22T19:49:11.709+0900][12.241s][info][gc,heap        ] GC(566) ParOldGen: 291999K(349696K)->103430K(349696K)
[2026-03-22T19:49:11.709+0900][12.241s][info][gc,metaspace   ] GC(566) Metaspace: 338K(512K)->338K(512K) NonClass: 320K(384K)->320K(384K) Class: 17K(128K)->17K(128K)
[2026-03-22T19:49:11.710+0900][12.241s][info][gc             ] GC(566) Pause Full (Ergonomics) 444M->101M(501M) 9.543ms
[2026-03-22T19:49:11.710+0900][12.241s][info][gc,cpu         ] GC(566) User=0.00s Sys=0.00s Real=0.01s
[2026-03-22T19:49:11.726+0900][12.257s][info][gc,start       ] GC(567) Pause Young (Allocation Failure)
[2026-03-22T19:49:11.730+0900][12.262s][info][gc,heap        ] GC(567) PSYoungGen: 152561K(163840K)->10496K(163840K) Eden: 152561K(153088K)->0K(153088K) From: 0K(10752K)->10496K(10752K)
[2026-03-22T19:49:11.730+0900][12.262s][info][gc,heap        ] GC(567) ParOldGen: 103430K(349696K)->197639K(349696K)
[2026-03-22T19:49:11.730+0900][12.262s][info][gc,metaspace   ] GC(567) Metaspace: 338K(512K)->338K(512K) NonClass: 320K(384K)->320K(384K) Class: 17K(128K)->17K(128K)
[2026-03-22T19:49:11.730+0900][12.262s][info][gc             ] GC(567) Pause Young (Allocation Failure) 249M->203M(501M) 4.947ms
[2026-03-22T19:49:11.730+0900][12.262s][info][gc,cpu         ] GC(567) User=0.06s Sys=0.00s Real=0.00s
[2026-03-22T19:49:11.747+0900][12.278s][info][gc,start       ] GC(568) Pause Young (Allocation Failure)
[2026-03-22T19:49:11.752+0900][12.283s][info][gc,heap        ] GC(568) PSYoungGen: 163057K(163840K)->10496K(163840K) Eden: 152561K(153088K)->0K(153088K) From: 10496K(10752K)->10496K(10752K)
[2026-03-22T19:49:11.752+0900][12.283s][info][gc,heap        ] GC(568) ParOldGen: 197639K(349696K)->291999K(349696K)
[2026-03-22T19:49:11.752+0900][12.283s][info][gc,metaspace   ] GC(568) Metaspace: 338K(512K)->338K(512K) NonClass: 320K(384K)->320K(384K) Class: 17K(128K)->17K(128K)
[2026-03-22T19:49:11.752+0900][12.283s][info][gc             ] GC(568) Pause Young (Allocation Failure) 352M->295M(501M) 5.045ms
[2026-03-22T19:49:11.752+0900][12.283s][info][gc,cpu         ] GC(568) User=0.00s Sys=0.00s Real=0.01s
[2026-03-22T19:49:11.767+0900][12.298s][info][gc,start       ] GC(569) Pause Full (Ergonomics)
[2026-03-22T19:49:11.767+0900][12.298s][info][gc,phases,start] GC(569) Marking Phase
[2026-03-22T19:49:11.769+0900][12.300s][info][gc,phases      ] GC(569) Marking Phase 1.351ms
[2026-03-22T19:49:11.769+0900][12.300s][info][gc,phases,start] GC(569) Summary Phase
[2026-03-22T19:49:11.769+0900][12.300s][info][gc,phases      ] GC(569) Summary Phase 0.021ms
[2026-03-22T19:49:11.769+0900][12.300s][info][gc,phases,start] GC(569) Adjust Roots
[2026-03-22T19:49:11.769+0900][12.300s][info][gc,phases      ] GC(569) Adjust Roots 0.206ms
[2026-03-22T19:49:11.769+0900][12.300s][info][gc,phases,start] GC(569) Compaction Phase
[2026-03-22T19:49:11.775+0900][12.306s][info][gc,phases      ] GC(569) Compaction Phase 6.343ms
[2026-03-22T19:49:11.775+0900][12.306s][info][gc,phases,start] GC(569) Post Compact
[2026-03-22T19:49:11.777+0900][12.308s][info][gc,phases      ] GC(569) Post Compact 1.639ms
[2026-03-22T19:49:11.777+0900][12.308s][info][gc,heap        ] GC(569) PSYoungGen: 163057K(163840K)->0K(163840K) Eden: 152561K(153088K)->0K(153088K) From: 10496K(10752K)->0K(10752K)
[2026-03-22T19:49:11.777+0900][12.308s][info][gc,heap        ] GC(569) ParOldGen: 291999K(349696K)->103430K(349696K)
[2026-03-22T19:49:11.777+0900][12.308s][info][gc,metaspace   ] GC(569) Metaspace: 338K(512K)->338K(512K) NonClass: 320K(384K)->320K(384K) Class: 17K(128K)->17K(128K)
[2026-03-22T19:49:11.777+0900][12.308s][info][gc             ] GC(569) Pause Full (Ergonomics) 444M->101M(501M) 9.883ms
[2026-03-22T19:49:11.777+0900][12.308s][info][gc,cpu         ] GC(569) User=0.02s Sys=0.00s Real=0.01s
[2026-03-22T19:49:11.795+0900][12.326s][info][gc,start       ] GC(570) Pause Young (Allocation Failure)
[2026-03-22T19:49:11.799+0900][12.331s][info][gc,heap        ] GC(570) PSYoungGen: 152561K(163840K)->10496K(163840K) Eden: 152561K(153088K)->0K(153088K) From: 0K(10752K)->10496K(10752K)
[2026-03-22T19:49:11.799+0900][12.331s][info][gc,heap        ] GC(570) ParOldGen: 103430K(349696K)->197639K(349696K)
[2026-03-22T19:49:11.799+0900][12.331s][info][gc,metaspace   ] GC(570) Metaspace: 338K(512K)->338K(512K) NonClass: 320K(384K)->320K(384K) Class: 17K(128K)->17K(128K)
[2026-03-22T19:49:11.799+0900][12.331s][info][gc             ] GC(570) Pause Young (Allocation Failure) 249M->203M(501M) 5.207ms
[2026-03-22T19:49:11.799+0900][12.331s][info][gc,cpu         ] GC(570) User=0.00s Sys=0.00s Real=0.00s
[2026-03-22T19:49:11.815+0900][12.347s][info][gc,start       ] GC(571) Pause Young (Allocation Failure)
[2026-03-22T19:49:11.821+0900][12.352s][info][gc,heap        ] GC(571) PSYoungGen: 163057K(163840K)->10464K(163840K) Eden: 152561K(153088K)->0K(153088K) From: 10496K(10752K)->10464K(10752K)
[2026-03-22T19:49:11.821+0900][12.352s][info][gc,heap        ] GC(571) ParOldGen: 197639K(349696K)->291999K(349696K)
[2026-03-22T19:49:11.821+0900][12.352s][info][gc,metaspace   ] GC(571) Metaspace: 338K(512K)->338K(512K) NonClass: 320K(384K)->320K(384K) Class: 17K(128K)->17K(128K)
[2026-03-22T19:49:11.821+0900][12.352s][info][gc             ] GC(571) Pause Young (Allocation Failure) 352M->295M(501M) 5.285ms
[2026-03-22T19:49:11.821+0900][12.353s][info][gc,cpu         ] GC(571) User=0.00s Sys=0.00s Real=0.01s
[2026-03-22T19:49:11.837+0900][12.368s][info][gc,start       ] GC(572) Pause Full (Ergonomics)
[2026-03-22T19:49:11.837+0900][12.368s][info][gc,phases,start] GC(572) Marking Phase
[2026-03-22T19:49:11.838+0900][12.370s][info][gc,phases      ] GC(572) Marking Phase 1.283ms
[2026-03-22T19:49:11.838+0900][12.370s][info][gc,phases,start] GC(572) Summary Phase
[2026-03-22T19:49:11.838+0900][12.370s][info][gc,phases      ] GC(572) Summary Phase 0.019ms
[2026-03-22T19:49:11.838+0900][12.370s][info][gc,phases,start] GC(572) Adjust Roots
[2026-03-22T19:49:11.838+0900][12.370s][info][gc,phases      ] GC(572) Adjust Roots 0.238ms
[2026-03-22T19:49:11.838+0900][12.370s][info][gc,phases,start] GC(572) Compaction Phase
[2026-03-22T19:49:11.845+0900][12.377s][info][gc,phases      ] GC(572) Compaction Phase 7.345ms
[2026-03-22T19:49:11.845+0900][12.378s][info][gc,phases,start] GC(572) Post Compact
[2026-03-22T19:49:11.848+0900][12.379s][info][gc,phases      ] GC(572) Post Compact 1.673ms
[2026-03-22T19:49:11.848+0900][12.379s][info][gc,heap        ] GC(572) PSYoungGen: 163025K(163840K)->0K(163840K) Eden: 152561K(153088K)->0K(153088K) From: 10464K(10752K)->0K(10752K)
[2026-03-22T19:49:11.848+0900][12.379s][info][gc,heap        ] GC(572) ParOldGen: 291999K(349696K)->103430K(349696K)
[2026-03-22T19:49:11.848+0900][12.379s][info][gc,metaspace   ] GC(572) Metaspace: 338K(512K)->338K(512K) NonClass: 320K(384K)->320K(384K) Class: 17K(128K)->17K(128K)
[2026-03-22T19:49:11.848+0900][12.379s][info][gc             ] GC(572) Pause Full (Ergonomics) 444M->101M(501M) 10.931ms
[2026-03-22T19:49:11.848+0900][12.379s][info][gc,cpu         ] GC(572) User=0.06s Sys=0.00s Real=0.01s
[2026-03-22T19:49:11.863+0900][12.395s][info][gc,start       ] GC(573) Pause Young (Allocation Failure)
[2026-03-22T19:49:11.868+0900][12.399s][info][gc,heap        ] GC(573) PSYoungGen: 152561K(163840K)->10496K(163840K) Eden: 152561K(153088K)->0K(153088K) From: 0K(10752K)->10496K(10752K)
[2026-03-22T19:49:11.868+0900][12.399s][info][gc,heap        ] GC(573) ParOldGen: 103430K(349696K)->197639K(349696K)
[2026-03-22T19:49:11.868+0900][12.399s][info][gc,metaspace   ] GC(573) Metaspace: 338K(512K)->338K(512K) NonClass: 320K(384K)->320K(384K) Class: 17K(128K)->17K(128K)
[2026-03-22T19:49:11.868+0900][12.399s][info][gc             ] GC(573) Pause Young (Allocation Failure) 249M->203M(501M) 4.581ms
[2026-03-22T19:49:11.868+0900][12.399s][info][gc,cpu         ] GC(573) User=0.00s Sys=0.00s Real=0.01s
[2026-03-22T19:49:11.885+0900][12.416s][info][gc,start       ] GC(574) Pause Young (Allocation Failure)
[2026-03-22T19:49:11.890+0900][12.421s][info][gc,heap        ] GC(574) PSYoungGen: 163057K(163840K)->10496K(163840K) Eden: 152561K(153088K)->0K(153088K) From: 10496K(10752K)->10496K(10752K)
[2026-03-22T19:49:11.890+0900][12.421s][info][gc,heap        ] GC(574) ParOldGen: 197639K(349696K)->291999K(349696K)
[2026-03-22T19:49:11.890+0900][12.421s][info][gc,metaspace   ] GC(574) Metaspace: 338K(512K)->338K(512K) NonClass: 320K(384K)->320K(384K) Class: 17K(128K)->17K(128K)
[2026-03-22T19:49:11.890+0900][12.421s][info][gc             ] GC(574) Pause Young (Allocation Failure) 352M->295M(501M) 5.790ms
[2026-03-22T19:49:11.890+0900][12.422s][info][gc,cpu         ] GC(574) User=0.02s Sys=0.00s Real=0.01s
[2026-03-22T19:49:11.905+0900][12.437s][info][gc,start       ] GC(575) Pause Full (Ergonomics)
[2026-03-22T19:49:11.905+0900][12.437s][info][gc,phases,start] GC(575) Marking Phase
[2026-03-22T19:49:11.907+0900][12.439s][info][gc,phases      ] GC(575) Marking Phase 1.401ms
[2026-03-22T19:49:11.907+0900][12.439s][info][gc,phases,start] GC(575) Summary Phase
[2026-03-22T19:49:11.907+0900][12.439s][info][gc,phases      ] GC(575) Summary Phase 0.016ms
[2026-03-22T19:49:11.907+0900][12.439s][info][gc,phases,start] GC(575) Adjust Roots
[2026-03-22T19:49:11.907+0900][12.439s][info][gc,phases      ] GC(575) Adjust Roots 0.274ms
[2026-03-22T19:49:11.907+0900][12.439s][info][gc,phases,start] GC(575) Compaction Phase
[2026-03-22T19:49:11.913+0900][12.445s][info][gc,phases      ] GC(575) Compaction Phase 6.266ms
[2026-03-22T19:49:11.913+0900][12.445s][info][gc,phases,start] GC(575) Post Compact
[2026-03-22T19:49:11.915+0900][12.447s][info][gc,phases      ] GC(575) Post Compact 1.417ms
[2026-03-22T19:49:11.915+0900][12.447s][info][gc,heap        ] GC(575) PSYoungGen: 163057K(163840K)->0K(163840K) Eden: 152561K(153088K)->0K(153088K) From: 10496K(10752K)->0K(10752K)
[2026-03-22T19:49:11.915+0900][12.447s][info][gc,heap        ] GC(575) ParOldGen: 291999K(349696K)->103195K(349696K)
[2026-03-22T19:49:11.915+0900][12.447s][info][gc,metaspace   ] GC(575) Metaspace: 338K(512K)->338K(512K) NonClass: 320K(384K)->320K(384K) Class: 17K(128K)->17K(128K)
[2026-03-22T19:49:11.915+0900][12.447s][info][gc             ] GC(575) Pause Full (Ergonomics) 444M->100M(501M) 9.727ms
[2026-03-22T19:49:11.915+0900][12.447s][info][gc,cpu         ] GC(575) User=0.00s Sys=0.00s Real=0.01s
[2026-03-22T19:49:11.932+0900][12.463s][info][gc,start       ] GC(576) Pause Young (Allocation Failure)
[2026-03-22T19:49:11.936+0900][12.468s][info][gc,heap        ] GC(576) PSYoungGen: 152561K(163840K)->10496K(163840K) Eden: 152561K(153088K)->0K(153088K) From: 0K(10752K)->10496K(10752K)
[2026-03-22T19:49:11.936+0900][12.468s][info][gc,heap        ] GC(576) ParOldGen: 103195K(349696K)->197403K(349696K)
[2026-03-22T19:49:11.936+0900][12.468s][info][gc,metaspace   ] GC(576) Metaspace: 338K(512K)->338K(512K) NonClass: 320K(384K)->320K(384K) Class: 17K(128K)->17K(128K)
[2026-03-22T19:49:11.936+0900][12.468s][info][gc             ] GC(576) Pause Young (Allocation Failure) 249M->203M(501M) 4.957ms
[2026-03-22T19:49:11.936+0900][12.468s][info][gc,cpu         ] GC(576) User=0.00s Sys=0.00s Real=0.00s
[2026-03-22T19:49:11.953+0900][12.484s][info][gc,start       ] GC(577) Pause Young (Allocation Failure)
[2026-03-22T19:49:11.958+0900][12.489s][info][gc,heap        ] GC(577) PSYoungGen: 163057K(163840K)->10496K(163840K) Eden: 152561K(153088K)->0K(153088K) From: 10496K(10752K)->10496K(10752K)
[2026-03-22T19:49:11.958+0900][12.489s][info][gc,heap        ] GC(577) ParOldGen: 197403K(349696K)->291764K(349696K)
[2026-03-22T19:49:11.958+0900][12.489s][info][gc,metaspace   ] GC(577) Metaspace: 338K(512K)->338K(512K) NonClass: 320K(384K)->320K(384K) Class: 17K(128K)->17K(128K)
[2026-03-22T19:49:11.958+0900][12.489s][info][gc             ] GC(577) Pause Young (Allocation Failure) 352M->295M(501M) 4.957ms
[2026-03-22T19:49:11.958+0900][12.489s][info][gc,cpu         ] GC(577) User=0.00s Sys=0.00s Real=0.00s
[2026-03-22T19:49:11.973+0900][12.505s][info][gc,start       ] GC(578) Pause Full (Ergonomics)
[2026-03-22T19:49:11.973+0900][12.505s][info][gc,phases,start] GC(578) Marking Phase
[2026-03-22T19:49:11.975+0900][12.506s][info][gc,phases      ] GC(578) Marking Phase 1.185ms
[2026-03-22T19:49:11.975+0900][12.506s][info][gc,phases,start] GC(578) Summary Phase
[2026-03-22T19:49:11.975+0900][12.506s][info][gc,phases      ] GC(578) Summary Phase 0.119ms
[2026-03-22T19:49:11.975+0900][12.506s][info][gc,phases,start] GC(578) Adjust Roots
[2026-03-22T19:49:11.975+0900][12.506s][info][gc,phases      ] GC(578) Adjust Roots 0.207ms
[2026-03-22T19:49:11.975+0900][12.506s][info][gc,phases,start] GC(578) Compaction Phase
[2026-03-22T19:49:11.981+0900][12.512s][info][gc,phases      ] GC(578) Compaction Phase 5.937ms
[2026-03-22T19:49:11.981+0900][12.512s][info][gc,phases,start] GC(578) Post Compact
[2026-03-22T19:49:11.982+0900][12.514s][info][gc,phases      ] GC(578) Post Compact 1.607ms
[2026-03-22T19:49:11.982+0900][12.514s][info][gc,heap        ] GC(578) PSYoungGen: 163057K(163840K)->0K(163840K) Eden: 152561K(153088K)->0K(153088K) From: 10496K(10752K)->0K(10752K)
[2026-03-22T19:49:11.982+0900][12.514s][info][gc,heap        ] GC(578) ParOldGen: 291764K(349696K)->103430K(349696K)
[2026-03-22T19:49:11.982+0900][12.514s][info][gc,metaspace   ] GC(578) Metaspace: 338K(512K)->338K(512K) NonClass: 320K(384K)->320K(384K) Class: 17K(128K)->17K(128K)
[2026-03-22T19:49:11.982+0900][12.514s][info][gc             ] GC(578) Pause Full (Ergonomics) 444M->101M(501M) 9.362ms
[2026-03-22T19:49:11.982+0900][12.514s][info][gc,cpu         ] GC(578) User=0.06s Sys=0.00s Real=0.01s
[2026-03-22T19:49:11.998+0900][12.530s][info][gc,start       ] GC(579) Pause Young (Allocation Failure)
[2026-03-22T19:49:12.003+0900][12.535s][info][gc,heap        ] GC(579) PSYoungGen: 152561K(163840K)->10496K(163840K) Eden: 152561K(153088K)->0K(153088K) From: 0K(10752K)->10496K(10752K)
[2026-03-22T19:49:12.003+0900][12.535s][info][gc,heap        ] GC(579) ParOldGen: 103430K(349696K)->197639K(349696K)
[2026-03-22T19:49:12.003+0900][12.535s][info][gc,metaspace   ] GC(579) Metaspace: 338K(512K)->338K(512K) NonClass: 320K(384K)->320K(384K) Class: 17K(128K)->17K(128K)
[2026-03-22T19:49:12.003+0900][12.535s][info][gc             ] GC(579) Pause Young (Allocation Failure) 249M->203M(501M) 4.812ms
[2026-03-22T19:49:12.003+0900][12.535s][info][gc,cpu         ] GC(579) User=0.00s Sys=0.00s Real=0.01s
[2026-03-22T19:49:12.020+0900][12.551s][info][gc,start       ] GC(580) Pause Young (Allocation Failure)
[2026-03-22T19:49:12.025+0900][12.556s][info][gc,heap        ] GC(580) PSYoungGen: 163057K(163840K)->10496K(163840K) Eden: 152561K(153088K)->0K(153088K) From: 10496K(10752K)->10496K(10752K)
[2026-03-22T19:49:12.025+0900][12.556s][info][gc,heap        ] GC(580) ParOldGen: 197639K(349696K)->291999K(349696K)
[2026-03-22T19:49:12.025+0900][12.556s][info][gc,metaspace   ] GC(580) Metaspace: 338K(512K)->338K(512K) NonClass: 320K(384K)->320K(384K) Class: 17K(128K)->17K(128K)
[2026-03-22T19:49:12.025+0900][12.556s][info][gc             ] GC(580) Pause Young (Allocation Failure) 352M->295M(501M) 5.429ms
[2026-03-22T19:49:12.025+0900][12.557s][info][gc,cpu         ] GC(580) User=0.02s Sys=0.00s Real=0.01s
[2026-03-22T19:49:12.042+0900][12.574s][info][gc,start       ] GC(581) Pause Full (Ergonomics)
[2026-03-22T19:49:12.042+0900][12.574s][info][gc,phases,start] GC(581) Marking Phase
[2026-03-22T19:49:12.043+0900][12.575s][info][gc,phases      ] GC(581) Marking Phase 1.241ms
[2026-03-22T19:49:12.043+0900][12.575s][info][gc,phases,start] GC(581) Summary Phase
[2026-03-22T19:49:12.043+0900][12.575s][info][gc,phases      ] GC(581) Summary Phase 0.019ms
[2026-03-22T19:49:12.043+0900][12.575s][info][gc,phases,start] GC(581) Adjust Roots
[2026-03-22T19:49:12.043+0900][12.575s][info][gc,phases      ] GC(581) Adjust Roots 0.292ms
[2026-03-22T19:49:12.043+0900][12.575s][info][gc,phases,start] GC(581) Compaction Phase
[2026-03-22T19:49:12.049+0900][12.581s][info][gc,phases      ] GC(581) Compaction Phase 5.321ms
[2026-03-22T19:49:12.049+0900][12.581s][info][gc,phases,start] GC(581) Post Compact
[2026-03-22T19:49:12.051+0900][12.582s][info][gc,phases      ] GC(581) Post Compact 1.437ms
[2026-03-22T19:49:12.051+0900][12.582s][info][gc,heap        ] GC(581) PSYoungGen: 163057K(163840K)->0K(163840K) Eden: 152561K(153088K)->0K(153088K) From: 10496K(10752K)->0K(10752K)
[2026-03-22T19:49:12.051+0900][12.582s][info][gc,heap        ] GC(581) ParOldGen: 291999K(349696K)->103430K(349696K)
[2026-03-22T19:49:12.051+0900][12.582s][info][gc,metaspace   ] GC(581) Metaspace: 338K(512K)->338K(512K) NonClass: 320K(384K)->320K(384K) Class: 17K(128K)->17K(128K)
[2026-03-22T19:49:12.051+0900][12.582s][info][gc             ] GC(581) Pause Full (Ergonomics) 444M->101M(501M) 8.793ms
[2026-03-22T19:49:12.051+0900][12.582s][info][gc,cpu         ] GC(581) User=0.00s Sys=0.00s Real=0.01s
[2026-03-22T19:49:12.066+0900][12.598s][info][gc,start       ] GC(582) Pause Young (Allocation Failure)
[2026-03-22T19:49:12.070+0900][12.602s][info][gc,heap        ] GC(582) PSYoungGen: 152561K(163840K)->10496K(163840K) Eden: 152561K(153088K)->0K(153088K) From: 0K(10752K)->10496K(10752K)
[2026-03-22T19:49:12.070+0900][12.602s][info][gc,heap        ] GC(582) ParOldGen: 103430K(349696K)->197639K(349696K)
[2026-03-22T19:49:12.071+0900][12.602s][info][gc,metaspace   ] GC(582) Metaspace: 338K(512K)->338K(512K) NonClass: 320K(384K)->320K(384K) Class: 17K(128K)->17K(128K)
[2026-03-22T19:49:12.071+0900][12.602s][info][gc             ] GC(582) Pause Young (Allocation Failure) 249M->203M(501M) 4.643ms
[2026-03-22T19:49:12.071+0900][12.602s][info][gc,cpu         ] GC(582) User=0.00s Sys=0.00s Real=0.01s
[2026-03-22T19:49:12.085+0900][12.617s][info][gc,start       ] GC(583) Pause Young (Allocation Failure)
[2026-03-22T19:49:12.091+0900][12.622s][info][gc,heap        ] GC(583) PSYoungGen: 163057K(163840K)->10496K(163840K) Eden: 152561K(153088K)->0K(153088K) From: 10496K(10752K)->10496K(10752K)
[2026-03-22T19:49:12.091+0900][12.622s][info][gc,heap        ] GC(583) ParOldGen: 197639K(349696K)->291999K(349696K)
[2026-03-22T19:49:12.091+0900][12.622s][info][gc,metaspace   ] GC(583) Metaspace: 338K(512K)->338K(512K) NonClass: 320K(384K)->320K(384K) Class: 17K(128K)->17K(128K)
[2026-03-22T19:49:12.091+0900][12.622s][info][gc             ] GC(583) Pause Young (Allocation Failure) 352M->295M(501M) 5.478ms
[2026-03-22T19:49:12.091+0900][12.622s][info][gc,cpu         ] GC(583) User=0.05s Sys=0.00s Real=0.01s
[2026-03-22T19:49:12.105+0900][12.637s][info][gc,start       ] GC(584) Pause Full (Ergonomics)
[2026-03-22T19:49:12.105+0900][12.637s][info][gc,phases,start] GC(584) Marking Phase
[2026-03-22T19:49:12.106+0900][12.638s][info][gc,phases      ] GC(584) Marking Phase 1.322ms
[2026-03-22T19:49:12.106+0900][12.638s][info][gc,phases,start] GC(584) Summary Phase
[2026-03-22T19:49:12.106+0900][12.638s][info][gc,phases      ] GC(584) Summary Phase 0.024ms
[2026-03-22T19:49:12.106+0900][12.638s][info][gc,phases,start] GC(584) Adjust Roots
[2026-03-22T19:49:12.107+0900][12.639s][info][gc,phases      ] GC(584) Adjust Roots 0.349ms
[2026-03-22T19:49:12.107+0900][12.639s][info][gc,phases,start] GC(584) Compaction Phase
[2026-03-22T19:49:12.112+0900][12.644s][info][gc,phases      ] GC(584) Compaction Phase 5.460ms
[2026-03-22T19:49:12.112+0900][12.644s][info][gc,phases,start] GC(584) Post Compact
[2026-03-22T19:49:12.114+0900][12.646s][info][gc,phases      ] GC(584) Post Compact 1.688ms
[2026-03-22T19:49:12.114+0900][12.646s][info][gc,heap        ] GC(584) PSYoungGen: 163057K(163840K)->0K(163840K) Eden: 152561K(153088K)->0K(153088K) From: 10496K(10752K)->0K(10752K)
[2026-03-22T19:49:12.114+0900][12.646s][info][gc,heap        ] GC(584) ParOldGen: 291999K(349696K)->103430K(349696K)
[2026-03-22T19:49:12.114+0900][12.646s][info][gc,metaspace   ] GC(584) Metaspace: 338K(512K)->338K(512K) NonClass: 320K(384K)->320K(384K) Class: 17K(128K)->17K(128K)
[2026-03-22T19:49:12.114+0900][12.646s][info][gc             ] GC(584) Pause Full (Ergonomics) 444M->101M(501M) 9.206ms
[2026-03-22T19:49:12.114+0900][12.646s][info][gc,cpu         ] GC(584) User=0.00s Sys=0.00s Real=0.01s
[2026-03-22T19:49:12.131+0900][12.663s][info][gc,start       ] GC(585) Pause Young (Allocation Failure)
[2026-03-22T19:49:12.135+0900][12.667s][info][gc,heap        ] GC(585) PSYoungGen: 152561K(163840K)->10496K(163840K) Eden: 152561K(153088K)->0K(153088K) From: 0K(10752K)->10496K(10752K)
[2026-03-22T19:49:12.135+0900][12.667s][info][gc,heap        ] GC(585) ParOldGen: 103430K(349696K)->197639K(349696K)
[2026-03-22T19:49:12.135+0900][12.667s][info][gc,metaspace   ] GC(585) Metaspace: 338K(512K)->338K(512K) NonClass: 320K(384K)->320K(384K) Class: 17K(128K)->17K(128K)
[2026-03-22T19:49:12.135+0900][12.667s][info][gc             ] GC(585) Pause Young (Allocation Failure) 249M->203M(501M) 4.563ms
[2026-03-22T19:49:12.135+0900][12.667s][info][gc,cpu         ] GC(585) User=0.06s Sys=0.00s Real=0.00s
[2026-03-22T19:49:12.150+0900][12.682s][info][gc,start       ] GC(586) Pause Young (Allocation Failure)
[2026-03-22T19:49:12.155+0900][12.687s][info][gc,heap        ] GC(586) PSYoungGen: 163057K(163840K)->10496K(163840K) Eden: 152561K(153088K)->0K(153088K) From: 10496K(10752K)->10496K(10752K)
[2026-03-22T19:49:12.156+0900][12.687s][info][gc,heap        ] GC(586) ParOldGen: 197639K(349696K)->291999K(349696K)
[2026-03-22T19:49:12.156+0900][12.687s][info][gc,metaspace   ] GC(586) Metaspace: 338K(512K)->338K(512K) NonClass: 320K(384K)->320K(384K) Class: 17K(128K)->17K(128K)
[2026-03-22T19:49:12.156+0900][12.687s][info][gc             ] GC(586) Pause Young (Allocation Failure) 352M->295M(501M) 5.171ms
[2026-03-22T19:49:12.156+0900][12.687s][info][gc,cpu         ] GC(586) User=0.00s Sys=0.00s Real=0.01s
[2026-03-22T19:49:12.171+0900][12.702s][info][gc,start       ] GC(587) Pause Full (Ergonomics)
[2026-03-22T19:49:12.171+0900][12.702s][info][gc,phases,start] GC(587) Marking Phase
[2026-03-22T19:49:12.171+0900][12.703s][info][gc,phases      ] GC(587) Marking Phase 1.220ms
[2026-03-22T19:49:12.171+0900][12.703s][info][gc,phases,start] GC(587) Summary Phase
[2026-03-22T19:49:12.171+0900][12.703s][info][gc,phases      ] GC(587) Summary Phase 0.021ms
[2026-03-22T19:49:12.171+0900][12.703s][info][gc,phases,start] GC(587) Adjust Roots
[2026-03-22T19:49:12.172+0900][12.703s][info][gc,phases      ] GC(587) Adjust Roots 0.277ms
[2026-03-22T19:49:12.172+0900][12.703s][info][gc,phases,start] GC(587) Compaction Phase
[2026-03-22T19:49:12.177+0900][12.709s][info][gc,phases      ] GC(587) Compaction Phase 5.595ms
[2026-03-22T19:49:12.177+0900][12.709s][info][gc,phases,start] GC(587) Post Compact
[2026-03-22T19:49:12.179+0900][12.710s][info][gc,phases      ] GC(587) Post Compact 1.377ms
[2026-03-22T19:49:12.179+0900][12.710s][info][gc,heap        ] GC(587) PSYoungGen: 163057K(163840K)->0K(163840K) Eden: 152561K(153088K)->0K(153088K) From: 10496K(10752K)->0K(10752K)
[2026-03-22T19:49:12.179+0900][12.710s][info][gc,heap        ] GC(587) ParOldGen: 291999K(349696K)->103430K(349696K)
[2026-03-22T19:49:12.179+0900][12.711s][info][gc,metaspace   ] GC(587) Metaspace: 338K(512K)->338K(512K) NonClass: 320K(384K)->320K(384K) Class: 17K(128K)->17K(128K)
[2026-03-22T19:49:12.179+0900][12.711s][info][gc             ] GC(587) Pause Full (Ergonomics) 444M->101M(501M) 8.748ms
[2026-03-22T19:49:12.179+0900][12.711s][info][gc,cpu         ] GC(587) User=0.00s Sys=0.00s Real=0.01s
[2026-03-22T19:49:12.195+0900][12.726s][info][gc,start       ] GC(588) Pause Young (Allocation Failure)
[2026-03-22T19:49:12.199+0900][12.731s][info][gc,heap        ] GC(588) PSYoungGen: 152561K(163840K)->10496K(163840K) Eden: 152561K(153088K)->0K(153088K) From: 0K(10752K)->10496K(10752K)
[2026-03-22T19:49:12.199+0900][12.731s][info][gc,heap        ] GC(588) ParOldGen: 103430K(349696K)->197639K(349696K)
[2026-03-22T19:49:12.199+0900][12.731s][info][gc,metaspace   ] GC(588) Metaspace: 338K(512K)->338K(512K) NonClass: 320K(384K)->320K(384K) Class: 17K(128K)->17K(128K)
[2026-03-22T19:49:12.199+0900][12.731s][info][gc             ] GC(588) Pause Young (Allocation Failure) 249M->203M(501M) 5.107ms
[2026-03-22T19:49:12.199+0900][12.731s][info][gc,cpu         ] GC(588) User=0.06s Sys=0.00s Real=0.00s
[2026-03-22T19:49:12.215+0900][12.746s][info][gc,start       ] GC(589) Pause Young (Allocation Failure)
[2026-03-22T19:49:12.220+0900][12.751s][info][gc,heap        ] GC(589) PSYoungGen: 163057K(163840K)->10496K(163840K) Eden: 152561K(153088K)->0K(153088K) From: 10496K(10752K)->10496K(10752K)
[2026-03-22T19:49:12.220+0900][12.751s][info][gc,heap        ] GC(589) ParOldGen: 197639K(349696K)->291999K(349696K)
[2026-03-22T19:49:12.220+0900][12.751s][info][gc,metaspace   ] GC(589) Metaspace: 338K(512K)->338K(512K) NonClass: 320K(384K)->320K(384K) Class: 17K(128K)->17K(128K)
[2026-03-22T19:49:12.220+0900][12.751s][info][gc             ] GC(589) Pause Young (Allocation Failure) 352M->295M(501M) 5.252ms
[2026-03-22T19:49:12.220+0900][12.751s][info][gc,cpu         ] GC(589) User=0.00s Sys=0.00s Real=0.01s
[2026-03-22T19:49:12.238+0900][12.769s][info][gc,start       ] GC(590) Pause Full (Ergonomics)
[2026-03-22T19:49:12.238+0900][12.769s][info][gc,phases,start] GC(590) Marking Phase
[2026-03-22T19:49:12.239+0900][12.770s][info][gc,phases      ] GC(590) Marking Phase 1.103ms
[2026-03-22T19:49:12.239+0900][12.770s][info][gc,phases,start] GC(590) Summary Phase
[2026-03-22T19:49:12.239+0900][12.770s][info][gc,phases      ] GC(590) Summary Phase 0.021ms
[2026-03-22T19:49:12.239+0900][12.770s][info][gc,phases,start] GC(590) Adjust Roots
[2026-03-22T19:49:12.239+0900][12.770s][info][gc,phases      ] GC(590) Adjust Roots 0.220ms
[2026-03-22T19:49:12.239+0900][12.770s][info][gc,phases,start] GC(590) Compaction Phase
[2026-03-22T19:49:12.244+0900][12.775s][info][gc,phases      ] GC(590) Compaction Phase 5.146ms
[2026-03-22T19:49:12.244+0900][12.776s][info][gc,phases,start] GC(590) Post Compact
[2026-03-22T19:49:12.246+0900][12.777s][info][gc,phases      ] GC(590) Post Compact 1.585ms
[2026-03-22T19:49:12.246+0900][12.777s][info][gc,heap        ] GC(590) PSYoungGen: 163057K(163840K)->0K(163840K) Eden: 152561K(153088K)->0K(153088K) From: 10496K(10752K)->0K(10752K)
[2026-03-22T19:49:12.246+0900][12.777s][info][gc,heap        ] GC(590) ParOldGen: 291999K(349696K)->103430K(349696K)
[2026-03-22T19:49:12.246+0900][12.777s][info][gc,metaspace   ] GC(590) Metaspace: 338K(512K)->338K(512K) NonClass: 320K(384K)->320K(384K) Class: 17K(128K)->17K(128K)
[2026-03-22T19:49:12.246+0900][12.777s][info][gc             ] GC(590) Pause Full (Ergonomics) 444M->101M(501M) 8.365ms
[2026-03-22T19:49:12.246+0900][12.777s][info][gc,cpu         ] GC(590) User=0.06s Sys=0.00s Real=0.01s
[2026-03-22T19:49:12.261+0900][12.792s][info][gc,start       ] GC(591) Pause Young (Allocation Failure)
[2026-03-22T19:49:12.265+0900][12.796s][info][gc,heap        ] GC(591) PSYoungGen: 152561K(163840K)->10496K(163840K) Eden: 152561K(153088K)->0K(153088K) From: 0K(10752K)->10496K(10752K)
[2026-03-22T19:49:12.265+0900][12.796s][info][gc,heap        ] GC(591) ParOldGen: 103430K(349696K)->197639K(349696K)
[2026-03-22T19:49:12.265+0900][12.796s][info][gc,metaspace   ] GC(591) Metaspace: 338K(512K)->338K(512K) NonClass: 320K(384K)->320K(384K) Class: 17K(128K)->17K(128K)
[2026-03-22T19:49:12.265+0900][12.796s][info][gc             ] GC(591) Pause Young (Allocation Failure) 249M->203M(501M) 4.622ms
[2026-03-22T19:49:12.265+0900][12.796s][info][gc,cpu         ] GC(591) User=0.00s Sys=0.00s Real=0.00s
[2026-03-22T19:49:12.281+0900][12.812s][info][gc,start       ] GC(592) Pause Young (Allocation Failure)
[2026-03-22T19:49:12.287+0900][12.818s][info][gc,heap        ] GC(592) PSYoungGen: 163057K(163840K)->10496K(163840K) Eden: 152561K(153088K)->0K(153088K) From: 10496K(10752K)->10496K(10752K)
[2026-03-22T19:49:12.287+0900][12.818s][info][gc,heap        ] GC(592) ParOldGen: 197639K(349696K)->291999K(349696K)
[2026-03-22T19:49:12.287+0900][12.818s][info][gc,metaspace   ] GC(592) Metaspace: 338K(512K)->338K(512K) NonClass: 320K(384K)->320K(384K) Class: 17K(128K)->17K(128K)
[2026-03-22T19:49:12.287+0900][12.818s][info][gc             ] GC(592) Pause Young (Allocation Failure) 352M->295M(501M) 5.872ms
[2026-03-22T19:49:12.287+0900][12.818s][info][gc,cpu         ] GC(592) User=0.00s Sys=0.00s Real=0.01s
[2026-03-22T19:49:12.305+0900][12.837s][info][gc,start       ] GC(593) Pause Full (Ergonomics)
[2026-03-22T19:49:12.305+0900][12.837s][info][gc,phases,start] GC(593) Marking Phase
[2026-03-22T19:49:12.307+0900][12.838s][info][gc,phases      ] GC(593) Marking Phase 1.442ms
[2026-03-22T19:49:12.307+0900][12.839s][info][gc,phases,start] GC(593) Summary Phase
[2026-03-22T19:49:12.307+0900][12.839s][info][gc,phases      ] GC(593) Summary Phase 0.039ms
[2026-03-22T19:49:12.307+0900][12.839s][info][gc,phases,start] GC(593) Adjust Roots
[2026-03-22T19:49:12.307+0900][12.839s][info][gc,phases      ] GC(593) Adjust Roots 0.388ms
[2026-03-22T19:49:12.307+0900][12.839s][info][gc,phases,start] GC(593) Compaction Phase
[2026-03-22T19:49:12.313+0900][12.845s][info][gc,phases      ] GC(593) Compaction Phase 5.661ms
[2026-03-22T19:49:12.313+0900][12.845s][info][gc,phases,start] GC(593) Post Compact
[2026-03-22T19:49:12.315+0900][12.846s][info][gc,phases      ] GC(593) Post Compact 1.550ms
[2026-03-22T19:49:12.315+0900][12.846s][info][gc,heap        ] GC(593) PSYoungGen: 163057K(163840K)->0K(163840K) Eden: 152561K(153088K)->0K(153088K) From: 10496K(10752K)->0K(10752K)
[2026-03-22T19:49:12.315+0900][12.846s][info][gc,heap        ] GC(593) ParOldGen: 291999K(349696K)->103430K(349696K)
[2026-03-22T19:49:12.315+0900][12.846s][info][gc,metaspace   ] GC(593) Metaspace: 338K(512K)->338K(512K) NonClass: 320K(384K)->320K(384K) Class: 17K(128K)->17K(128K)
[2026-03-22T19:49:12.315+0900][12.846s][info][gc             ] GC(593) Pause Full (Ergonomics) 444M->101M(501M) 9.558ms
[2026-03-22T19:49:12.315+0900][12.846s][info][gc,cpu         ] GC(593) User=0.06s Sys=0.00s Real=0.01s
[2026-03-22T19:49:12.329+0900][12.861s][info][gc,start       ] GC(594) Pause Young (Allocation Failure)
[2026-03-22T19:49:12.334+0900][12.866s][info][gc,heap        ] GC(594) PSYoungGen: 152561K(163840K)->10496K(163840K) Eden: 152561K(153088K)->0K(153088K) From: 0K(10752K)->10496K(10752K)
[2026-03-22T19:49:12.334+0900][12.866s][info][gc,heap        ] GC(594) ParOldGen: 103430K(349696K)->197639K(349696K)
[2026-03-22T19:49:12.334+0900][12.866s][info][gc,metaspace   ] GC(594) Metaspace: 338K(512K)->338K(512K) NonClass: 320K(384K)->320K(384K) Class: 17K(128K)->17K(128K)
[2026-03-22T19:49:12.335+0900][12.866s][info][gc             ] GC(594) Pause Young (Allocation Failure) 249M->203M(501M) 5.154ms
[2026-03-22T19:49:12.335+0900][12.866s][info][gc,cpu         ] GC(594) User=0.00s Sys=0.00s Real=0.01s
[2026-03-22T19:49:12.350+0900][12.881s][info][gc,start       ] GC(595) Pause Young (Allocation Failure)
[2026-03-22T19:49:12.355+0900][12.887s][info][gc,heap        ] GC(595) PSYoungGen: 163057K(163840K)->10496K(163840K) Eden: 152561K(153088K)->0K(153088K) From: 10496K(10752K)->10496K(10752K)
[2026-03-22T19:49:12.355+0900][12.887s][info][gc,heap        ] GC(595) ParOldGen: 197639K(349696K)->291999K(349696K)
[2026-03-22T19:49:12.355+0900][12.887s][info][gc,metaspace   ] GC(595) Metaspace: 338K(512K)->338K(512K) NonClass: 320K(384K)->320K(384K) Class: 17K(128K)->17K(128K)
[2026-03-22T19:49:12.355+0900][12.887s][info][gc             ] GC(595) Pause Young (Allocation Failure) 352M->295M(501M) 5.347ms
[2026-03-22T19:49:12.355+0900][12.887s][info][gc,cpu         ] GC(595) User=0.06s Sys=0.00s Real=0.01s
[2026-03-22T19:49:12.373+0900][12.904s][info][gc,start       ] GC(596) Pause Full (Ergonomics)
[2026-03-22T19:49:12.373+0900][12.904s][info][gc,phases,start] GC(596) Marking Phase
[2026-03-22T19:49:12.374+0900][12.905s][info][gc,phases      ] GC(596) Marking Phase 1.190ms
[2026-03-22T19:49:12.374+0900][12.905s][info][gc,phases,start] GC(596) Summary Phase
[2026-03-22T19:49:12.374+0900][12.905s][info][gc,phases      ] GC(596) Summary Phase 0.020ms
[2026-03-22T19:49:12.374+0900][12.905s][info][gc,phases,start] GC(596) Adjust Roots
[2026-03-22T19:49:12.374+0900][12.906s][info][gc,phases      ] GC(596) Adjust Roots 0.225ms
[2026-03-22T19:49:12.374+0900][12.906s][info][gc,phases,start] GC(596) Compaction Phase
[2026-03-22T19:49:12.380+0900][12.912s][info][gc,phases      ] GC(596) Compaction Phase 5.952ms
[2026-03-22T19:49:12.380+0900][12.912s][info][gc,phases,start] GC(596) Post Compact
[2026-03-22T19:49:12.382+0900][12.913s][info][gc,phases      ] GC(596) Post Compact 1.656ms
[2026-03-22T19:49:12.382+0900][12.913s][info][gc,heap        ] GC(596) PSYoungGen: 163057K(163840K)->0K(163840K) Eden: 152561K(153088K)->0K(153088K) From: 10496K(10752K)->0K(10752K)
[2026-03-22T19:49:12.382+0900][12.913s][info][gc,heap        ] GC(596) ParOldGen: 291999K(349696K)->103430K(349696K)
[2026-03-22T19:49:12.382+0900][12.913s][info][gc,metaspace   ] GC(596) Metaspace: 338K(512K)->338K(512K) NonClass: 320K(384K)->320K(384K) Class: 17K(128K)->17K(128K)
[2026-03-22T19:49:12.382+0900][12.913s][info][gc             ] GC(596) Pause Full (Ergonomics) 444M->101M(501M) 9.493ms
[2026-03-22T19:49:12.382+0900][12.913s][info][gc,cpu         ] GC(596) User=0.00s Sys=0.00s Real=0.01s
[2026-03-22T19:49:12.399+0900][12.930s][info][gc,start       ] GC(597) Pause Young (Allocation Failure)
[2026-03-22T19:49:12.404+0900][12.936s][info][gc,heap        ] GC(597) PSYoungGen: 152561K(163840K)->10496K(163840K) Eden: 152561K(153088K)->0K(153088K) From: 0K(10752K)->10496K(10752K)
[2026-03-22T19:49:12.405+0900][12.936s][info][gc,heap        ] GC(597) ParOldGen: 103430K(349696K)->197639K(349696K)
[2026-03-22T19:49:12.405+0900][12.936s][info][gc,metaspace   ] GC(597) Metaspace: 338K(512K)->338K(512K) NonClass: 320K(384K)->320K(384K) Class: 17K(128K)->17K(128K)
[2026-03-22T19:49:12.405+0900][12.936s][info][gc             ] GC(597) Pause Young (Allocation Failure) 249M->203M(501M) 5.850ms
[2026-03-22T19:49:12.405+0900][12.936s][info][gc,cpu         ] GC(597) User=0.06s Sys=0.00s Real=0.01s
[2026-03-22T19:49:12.421+0900][12.953s][info][gc,start       ] GC(598) Pause Young (Allocation Failure)
[2026-03-22T19:49:12.427+0900][12.959s][info][gc,heap        ] GC(598) PSYoungGen: 163057K(163840K)->10496K(163840K) Eden: 152561K(153088K)->0K(153088K) From: 10496K(10752K)->10496K(10752K)
[2026-03-22T19:49:12.427+0900][12.959s][info][gc,heap        ] GC(598) ParOldGen: 197639K(349696K)->291999K(349696K)
[2026-03-22T19:49:12.427+0900][12.959s][info][gc,metaspace   ] GC(598) Metaspace: 338K(512K)->338K(512K) NonClass: 320K(384K)->320K(384K) Class: 17K(128K)->17K(128K)
[2026-03-22T19:49:12.427+0900][12.959s][info][gc             ] GC(598) Pause Young (Allocation Failure) 352M->295M(501M) 5.154ms
[2026-03-22T19:49:12.427+0900][12.959s][info][gc,cpu         ] GC(598) User=0.00s Sys=0.00s Real=0.01s
[2026-03-22T19:49:12.442+0900][12.973s][info][gc,start       ] GC(599) Pause Full (Ergonomics)
[2026-03-22T19:49:12.442+0900][12.974s][info][gc,phases,start] GC(599) Marking Phase
[2026-03-22T19:49:12.443+0900][12.975s][info][gc,phases      ] GC(599) Marking Phase 1.350ms
[2026-03-22T19:49:12.443+0900][12.975s][info][gc,phases,start] GC(599) Summary Phase
[2026-03-22T19:49:12.443+0900][12.975s][info][gc,phases      ] GC(599) Summary Phase 0.034ms
[2026-03-22T19:49:12.443+0900][12.975s][info][gc,phases,start] GC(599) Adjust Roots
[2026-03-22T19:49:12.444+0900][12.975s][info][gc,phases      ] GC(599) Adjust Roots 0.246ms
[2026-03-22T19:49:12.444+0900][12.975s][info][gc,phases,start] GC(599) Compaction Phase
[2026-03-22T19:49:12.449+0900][12.981s][info][gc,phases      ] GC(599) Compaction Phase 5.611ms
[2026-03-22T19:49:12.449+0900][12.981s][info][gc,phases,start] GC(599) Post Compact
[2026-03-22T19:49:12.451+0900][12.983s][info][gc,phases      ] GC(599) Post Compact 1.777ms
[2026-03-22T19:49:12.451+0900][12.983s][info][gc,heap        ] GC(599) PSYoungGen: 163057K(163840K)->0K(163840K) Eden: 152561K(153088K)->0K(153088K) From: 10496K(10752K)->0K(10752K)
[2026-03-22T19:49:12.451+0900][12.983s][info][gc,heap        ] GC(599) ParOldGen: 291999K(349696K)->103430K(349696K)
[2026-03-22T19:49:12.451+0900][12.983s][info][gc,metaspace   ] GC(599) Metaspace: 338K(512K)->338K(512K) NonClass: 320K(384K)->320K(384K) Class: 17K(128K)->17K(128K)
[2026-03-22T19:49:12.451+0900][12.983s][info][gc             ] GC(599) Pause Full (Ergonomics) 444M->101M(501M) 9.415ms
[2026-03-22T19:49:12.451+0900][12.983s][info][gc,cpu         ] GC(599) User=0.06s Sys=0.00s Real=0.01s
[2026-03-22T19:49:12.468+0900][13.000s][info][gc,start       ] GC(600) Pause Young (Allocation Failure)
[2026-03-22T19:49:12.473+0900][13.005s][info][gc,heap        ] GC(600) PSYoungGen: 152561K(163840K)->10496K(163840K) Eden: 152561K(153088K)->0K(153088K) From: 0K(10752K)->10496K(10752K)
[2026-03-22T19:49:12.473+0900][13.005s][info][gc,heap        ] GC(600) ParOldGen: 103430K(349696K)->197639K(349696K)
[2026-03-22T19:49:12.473+0900][13.005s][info][gc,metaspace   ] GC(600) Metaspace: 338K(512K)->338K(512K) NonClass: 320K(384K)->320K(384K) Class: 17K(128K)->17K(128K)
[2026-03-22T19:49:12.473+0900][13.005s][info][gc             ] GC(600) Pause Young (Allocation Failure) 249M->203M(501M) 5.010ms
[2026-03-22T19:49:12.473+0900][13.005s][info][gc,cpu         ] GC(600) User=0.00s Sys=0.00s Real=0.01s
[2026-03-22T19:49:12.489+0900][13.020s][info][gc,start       ] GC(601) Pause Young (Allocation Failure)
[2026-03-22T19:49:12.494+0900][13.025s][info][gc,heap        ] GC(601) PSYoungGen: 163057K(163840K)->10464K(163840K) Eden: 152561K(153088K)->0K(153088K) From: 10496K(10752K)->10464K(10752K)
[2026-03-22T19:49:12.494+0900][13.025s][info][gc,heap        ] GC(601) ParOldGen: 197639K(349696K)->291999K(349696K)
[2026-03-22T19:49:12.494+0900][13.025s][info][gc,metaspace   ] GC(601) Metaspace: 338K(512K)->338K(512K) NonClass: 320K(384K)->320K(384K) Class: 17K(128K)->17K(128K)
[2026-03-22T19:49:12.494+0900][13.025s][info][gc             ] GC(601) Pause Young (Allocation Failure) 352M->295M(501M) 5.278ms
[2026-03-22T19:49:12.494+0900][13.025s][info][gc,cpu         ] GC(601) User=0.00s Sys=0.00s Real=0.00s
[2026-03-22T19:49:12.510+0900][13.042s][info][gc,start       ] GC(602) Pause Full (Ergonomics)
[2026-03-22T19:49:12.510+0900][13.042s][info][gc,phases,start] GC(602) Marking Phase
[2026-03-22T19:49:12.512+0900][13.043s][info][gc,phases      ] GC(602) Marking Phase 1.124ms
[2026-03-22T19:49:12.512+0900][13.044s][info][gc,phases,start] GC(602) Summary Phase
[2026-03-22T19:49:12.512+0900][13.044s][info][gc,phases      ] GC(602) Summary Phase 0.022ms
[2026-03-22T19:49:12.512+0900][13.044s][info][gc,phases,start] GC(602) Adjust Roots
[2026-03-22T19:49:12.512+0900][13.044s][info][gc,phases      ] GC(602) Adjust Roots 0.234ms
[2026-03-22T19:49:12.512+0900][13.044s][info][gc,phases,start] GC(602) Compaction Phase
[2026-03-22T19:49:12.519+0900][13.050s][info][gc,phases      ] GC(602) Compaction Phase 6.577ms
[2026-03-22T19:49:12.519+0900][13.050s][info][gc,phases,start] GC(602) Post Compact
[2026-03-22T19:49:12.521+0900][13.052s][info][gc,phases      ] GC(602) Post Compact 1.574ms
[2026-03-22T19:49:12.521+0900][13.052s][info][gc,heap        ] GC(602) PSYoungGen: 163025K(163840K)->0K(163840K) Eden: 152561K(153088K)->0K(153088K) From: 10464K(10752K)->0K(10752K)
[2026-03-22T19:49:12.521+0900][13.052s][info][gc,heap        ] GC(602) ParOldGen: 291999K(349696K)->103430K(349696K)
[2026-03-22T19:49:12.521+0900][13.052s][info][gc,metaspace   ] GC(602) Metaspace: 338K(512K)->338K(512K) NonClass: 320K(384K)->320K(384K) Class: 17K(128K)->17K(128K)
[2026-03-22T19:49:12.521+0900][13.052s][info][gc             ] GC(602) Pause Full (Ergonomics) 444M->101M(501M) 9.841ms
[2026-03-22T19:49:12.521+0900][13.052s][info][gc,cpu         ] GC(602) User=0.00s Sys=0.00s Real=0.01s
[2026-03-22T19:49:12.537+0900][13.069s][info][gc,start       ] GC(603) Pause Young (Allocation Failure)
[2026-03-22T19:49:12.542+0900][13.073s][info][gc,heap        ] GC(603) PSYoungGen: 152561K(163840K)->10496K(163840K) Eden: 152561K(153088K)->0K(153088K) From: 0K(10752K)->10496K(10752K)
[2026-03-22T19:49:12.542+0900][13.073s][info][gc,heap        ] GC(603) ParOldGen: 103430K(349696K)->197639K(349696K)
[2026-03-22T19:49:12.542+0900][13.073s][info][gc,metaspace   ] GC(603) Metaspace: 338K(512K)->338K(512K) NonClass: 320K(384K)->320K(384K) Class: 17K(128K)->17K(128K)
[2026-03-22T19:49:12.542+0900][13.073s][info][gc             ] GC(603) Pause Young (Allocation Failure) 249M->203M(501M) 4.846ms
[2026-03-22T19:49:12.542+0900][13.074s][info][gc,cpu         ] GC(603) User=0.05s Sys=0.02s Real=0.01s
[2026-03-22T19:49:12.557+0900][13.089s][info][gc,start       ] GC(604) Pause Young (Allocation Failure)
[2026-03-22T19:49:12.562+0900][13.094s][info][gc,heap        ] GC(604) PSYoungGen: 163057K(163840K)->10496K(163840K) Eden: 152561K(153088K)->0K(153088K) From: 10496K(10752K)->10496K(10752K)
[2026-03-22T19:49:12.562+0900][13.094s][info][gc,heap        ] GC(604) ParOldGen: 197639K(349696K)->289951K(349696K)
[2026-03-22T19:49:12.562+0900][13.094s][info][gc,metaspace   ] GC(604) Metaspace: 338K(512K)->338K(512K) NonClass: 320K(384K)->320K(384K) Class: 17K(128K)->17K(128K)
[2026-03-22T19:49:12.562+0900][13.094s][info][gc             ] GC(604) Pause Young (Allocation Failure) 352M->293M(501M) 4.549ms
[2026-03-22T19:49:12.562+0900][13.094s][info][gc,cpu         ] GC(604) User=0.00s Sys=0.00s Real=0.01s
[2026-03-22T19:49:12.578+0900][13.109s][info][gc,start       ] GC(605) Pause Full (Ergonomics)
[2026-03-22T19:49:12.578+0900][13.109s][info][gc,phases,start] GC(605) Marking Phase
[2026-03-22T19:49:12.580+0900][13.111s][info][gc,phases      ] GC(605) Marking Phase 1.469ms
[2026-03-22T19:49:12.580+0900][13.111s][info][gc,phases,start] GC(605) Summary Phase
[2026-03-22T19:49:12.580+0900][13.111s][info][gc,phases      ] GC(605) Summary Phase 0.023ms
[2026-03-22T19:49:12.580+0900][13.111s][info][gc,phases,start] GC(605) Adjust Roots
[2026-03-22T19:49:12.580+0900][13.111s][info][gc,phases      ] GC(605) Adjust Roots 0.340ms
[2026-03-22T19:49:12.580+0900][13.111s][info][gc,phases,start] GC(605) Compaction Phase
[2026-03-22T19:49:12.588+0900][13.119s][info][gc,phases      ] GC(605) Compaction Phase 8.099ms
[2026-03-22T19:49:12.588+0900][13.120s][info][gc,phases,start] GC(605) Post Compact
[2026-03-22T19:49:12.591+0900][13.122s][info][gc,phases      ] GC(605) Post Compact 2.129ms
[2026-03-22T19:49:12.591+0900][13.122s][info][gc,heap        ] GC(605) PSYoungGen: 163057K(163840K)->0K(163840K) Eden: 152561K(153088K)->0K(153088K) From: 10496K(10752K)->0K(10752K)
[2026-03-22T19:49:12.591+0900][13.122s][info][gc,heap        ] GC(605) ParOldGen: 289951K(349696K)->103430K(349696K)
[2026-03-22T19:49:12.591+0900][13.122s][info][gc,metaspace   ] GC(605) Metaspace: 338K(512K)->338K(512K) NonClass: 320K(384K)->320K(384K) Class: 17K(128K)->17K(128K)
[2026-03-22T19:49:12.591+0900][13.122s][info][gc             ] GC(605) Pause Full (Ergonomics) 442M->101M(501M) 12.573ms
[2026-03-22T19:49:12.591+0900][13.122s][info][gc,cpu         ] GC(605) User=0.05s Sys=0.00s Real=0.01s
[2026-03-22T19:49:12.608+0900][13.139s][info][gc,start       ] GC(606) Pause Young (Allocation Failure)
[2026-03-22T19:49:12.612+0900][13.144s][info][gc,heap        ] GC(606) PSYoungGen: 152561K(163840K)->10496K(163840K) Eden: 152561K(153088K)->0K(153088K) From: 0K(10752K)->10496K(10752K)
[2026-03-22T19:49:12.612+0900][13.144s][info][gc,heap        ] GC(606) ParOldGen: 103430K(349696K)->197639K(349696K)
[2026-03-22T19:49:12.612+0900][13.144s][info][gc,metaspace   ] GC(606) Metaspace: 338K(512K)->338K(512K) NonClass: 320K(384K)->320K(384K) Class: 17K(128K)->17K(128K)
[2026-03-22T19:49:12.612+0900][13.144s][info][gc             ] GC(606) Pause Young (Allocation Failure) 249M->203M(501M) 5.166ms
[2026-03-22T19:49:12.612+0900][13.144s][info][gc,cpu         ] GC(606) User=0.00s Sys=0.00s Real=0.00s
[2026-03-22T19:49:12.627+0900][13.159s][info][gc,start       ] GC(607) Pause Young (Allocation Failure)
[2026-03-22T19:49:12.632+0900][13.164s][info][gc,heap        ] GC(607) PSYoungGen: 163057K(163840K)->10496K(163840K) Eden: 152561K(153088K)->0K(153088K) From: 10496K(10752K)->10496K(10752K)
[2026-03-22T19:49:12.632+0900][13.164s][info][gc,heap        ] GC(607) ParOldGen: 197639K(349696K)->291999K(349696K)
[2026-03-22T19:49:12.632+0900][13.164s][info][gc,metaspace   ] GC(607) Metaspace: 338K(512K)->338K(512K) NonClass: 320K(384K)->320K(384K) Class: 17K(128K)->17K(128K)
[2026-03-22T19:49:12.632+0900][13.164s][info][gc             ] GC(607) Pause Young (Allocation Failure) 352M->295M(501M) 4.951ms
[2026-03-22T19:49:12.633+0900][13.164s][info][gc,cpu         ] GC(607) User=0.00s Sys=0.00s Real=0.01s
[2026-03-22T19:49:12.650+0900][13.181s][info][gc,start       ] GC(608) Pause Full (Ergonomics)
[2026-03-22T19:49:12.650+0900][13.181s][info][gc,phases,start] GC(608) Marking Phase
[2026-03-22T19:49:12.651+0900][13.182s][info][gc,phases      ] GC(608) Marking Phase 1.282ms
[2026-03-22T19:49:12.651+0900][13.182s][info][gc,phases,start] GC(608) Summary Phase
[2026-03-22T19:49:12.651+0900][13.182s][info][gc,phases      ] GC(608) Summary Phase 0.018ms
[2026-03-22T19:49:12.651+0900][13.182s][info][gc,phases,start] GC(608) Adjust Roots
[2026-03-22T19:49:12.651+0900][13.183s][info][gc,phases      ] GC(608) Adjust Roots 0.266ms
[2026-03-22T19:49:12.651+0900][13.183s][info][gc,phases,start] GC(608) Compaction Phase
[2026-03-22T19:49:12.657+0900][13.189s][info][gc,phases      ] GC(608) Compaction Phase 5.742ms
[2026-03-22T19:49:12.657+0900][13.189s][info][gc,phases,start] GC(608) Post Compact
[2026-03-22T19:49:12.658+0900][13.190s][info][gc,phases      ] GC(608) Post Compact 1.542ms
[2026-03-22T19:49:12.658+0900][13.190s][info][gc,heap        ] GC(608) PSYoungGen: 163057K(163840K)->0K(163840K) Eden: 152561K(153088K)->0K(153088K) From: 10496K(10752K)->0K(10752K)
[2026-03-22T19:49:12.658+0900][13.190s][info][gc,heap        ] GC(608) ParOldGen: 291999K(349696K)->103430K(349696K)
[2026-03-22T19:49:12.658+0900][13.190s][info][gc,metaspace   ] GC(608) Metaspace: 338K(512K)->338K(512K) NonClass: 320K(384K)->320K(384K) Class: 17K(128K)->17K(128K)
[2026-03-22T19:49:12.658+0900][13.190s][info][gc             ] GC(608) Pause Full (Ergonomics) 444M->101M(501M) 9.206ms
[2026-03-22T19:49:12.658+0900][13.190s][info][gc,cpu         ] GC(608) User=0.06s Sys=0.00s Real=0.01s
[2026-03-22T19:49:12.674+0900][13.205s][info][gc,start       ] GC(609) Pause Young (Allocation Failure)
[2026-03-22T19:49:12.678+0900][13.210s][info][gc,heap        ] GC(609) PSYoungGen: 152561K(163840K)->10496K(163840K) Eden: 152561K(153088K)->0K(153088K) From: 0K(10752K)->10496K(10752K)
[2026-03-22T19:49:12.678+0900][13.210s][info][gc,heap        ] GC(609) ParOldGen: 103430K(349696K)->197639K(349696K)
[2026-03-22T19:49:12.678+0900][13.210s][info][gc,metaspace   ] GC(609) Metaspace: 338K(512K)->338K(512K) NonClass: 320K(384K)->320K(384K) Class: 17K(128K)->17K(128K)
[2026-03-22T19:49:12.679+0900][13.210s][info][gc             ] GC(609) Pause Young (Allocation Failure) 249M->203M(501M) 5.071ms
[2026-03-22T19:49:12.679+0900][13.210s][info][gc,cpu         ] GC(609) User=0.00s Sys=0.00s Real=0.00s
[2026-03-22T19:49:12.694+0900][13.226s][info][gc,start       ] GC(610) Pause Young (Allocation Failure)
[2026-03-22T19:49:12.699+0900][13.230s][info][gc,heap        ] GC(610) PSYoungGen: 163057K(163840K)->10496K(163840K) Eden: 152561K(153088K)->0K(153088K) From: 10496K(10752K)->10496K(10752K)
[2026-03-22T19:49:12.699+0900][13.230s][info][gc,heap        ] GC(610) ParOldGen: 197639K(349696K)->291999K(349696K)
[2026-03-22T19:49:12.699+0900][13.231s][info][gc,metaspace   ] GC(610) Metaspace: 338K(512K)->338K(512K) NonClass: 320K(384K)->320K(384K) Class: 17K(128K)->17K(128K)
[2026-03-22T19:49:12.699+0900][13.231s][info][gc             ] GC(610) Pause Young (Allocation Failure) 352M->295M(501M) 4.916ms
[2026-03-22T19:49:12.699+0900][13.231s][info][gc,cpu         ] GC(610) User=0.06s Sys=0.00s Real=0.00s
[2026-03-22T19:49:12.713+0900][13.245s][info][gc,start       ] GC(611) Pause Full (Ergonomics)
[2026-03-22T19:49:12.713+0900][13.245s][info][gc,phases,start] GC(611) Marking Phase
[2026-03-22T19:49:12.715+0900][13.246s][info][gc,phases      ] GC(611) Marking Phase 1.267ms
[2026-03-22T19:49:12.715+0900][13.247s][info][gc,phases,start] GC(611) Summary Phase
[2026-03-22T19:49:12.715+0900][13.247s][info][gc,phases      ] GC(611) Summary Phase 0.024ms
[2026-03-22T19:49:12.715+0900][13.247s][info][gc,phases,start] GC(611) Adjust Roots
[2026-03-22T19:49:12.715+0900][13.247s][info][gc,phases      ] GC(611) Adjust Roots 0.206ms
[2026-03-22T19:49:12.715+0900][13.247s][info][gc,phases,start] GC(611) Compaction Phase
[2026-03-22T19:49:12.721+0900][13.253s][info][gc,phases      ] GC(611) Compaction Phase 5.757ms
[2026-03-22T19:49:12.721+0900][13.253s][info][gc,phases,start] GC(611) Post Compact
[2026-03-22T19:49:12.723+0900][13.255s][info][gc,phases      ] GC(611) Post Compact 1.958ms
[2026-03-22T19:49:12.723+0900][13.255s][info][gc,heap        ] GC(611) PSYoungGen: 163057K(163840K)->0K(163840K) Eden: 152561K(153088K)->0K(153088K) From: 10496K(10752K)->0K(10752K)
[2026-03-22T19:49:12.724+0900][13.255s][info][gc,heap        ] GC(611) ParOldGen: 291999K(349696K)->103430K(349696K)
[2026-03-22T19:49:12.724+0900][13.255s][info][gc,metaspace   ] GC(611) Metaspace: 338K(512K)->338K(512K) NonClass: 320K(384K)->320K(384K) Class: 17K(128K)->17K(128K)
[2026-03-22T19:49:12.724+0900][13.255s][info][gc             ] GC(611) Pause Full (Ergonomics) 444M->101M(501M) 9.596ms
[2026-03-22T19:49:12.724+0900][13.255s][info][gc,cpu         ] GC(611) User=0.00s Sys=0.00s Real=0.01s
[2026-03-22T19:49:12.738+0900][13.270s][info][gc,start       ] GC(612) Pause Young (Allocation Failure)
[2026-03-22T19:49:12.744+0900][13.275s][info][gc,heap        ] GC(612) PSYoungGen: 152561K(163840K)->10496K(163840K) Eden: 152561K(153088K)->0K(153088K) From: 0K(10752K)->10496K(10752K)
[2026-03-22T19:49:12.744+0900][13.275s][info][gc,heap        ] GC(612) ParOldGen: 103430K(349696K)->197639K(349696K)
[2026-03-22T19:49:12.744+0900][13.275s][info][gc,metaspace   ] GC(612) Metaspace: 338K(512K)->338K(512K) NonClass: 320K(384K)->320K(384K) Class: 17K(128K)->17K(128K)
[2026-03-22T19:49:12.744+0900][13.275s][info][gc             ] GC(612) Pause Young (Allocation Failure) 249M->203M(501M) 5.001ms
[2026-03-22T19:49:12.744+0900][13.275s][info][gc,cpu         ] GC(612) User=0.00s Sys=0.00s Real=0.01s
[2026-03-22T19:49:12.759+0900][13.290s][info][gc,start       ] GC(613) Pause Young (Allocation Failure)
[2026-03-22T19:49:12.764+0900][13.295s][info][gc,heap        ] GC(613) PSYoungGen: 163057K(163840K)->10496K(163840K) Eden: 152561K(153088K)->0K(153088K) From: 10496K(10752K)->10496K(10752K)
[2026-03-22T19:49:12.764+0900][13.295s][info][gc,heap        ] GC(613) ParOldGen: 197639K(349696K)->291999K(349696K)
[2026-03-22T19:49:12.764+0900][13.296s][info][gc,metaspace   ] GC(613) Metaspace: 338K(512K)->338K(512K) NonClass: 320K(384K)->320K(384K) Class: 17K(128K)->17K(128K)
[2026-03-22T19:49:12.764+0900][13.296s][info][gc             ] GC(613) Pause Young (Allocation Failure) 352M->295M(501M) 5.130ms
[2026-03-22T19:49:12.764+0900][13.296s][info][gc,cpu         ] GC(613) User=0.06s Sys=0.00s Real=0.00s
[2026-03-22T19:49:12.779+0900][13.311s][info][gc,start       ] GC(614) Pause Full (Ergonomics)
[2026-03-22T19:49:12.779+0900][13.311s][info][gc,phases,start] GC(614) Marking Phase
[2026-03-22T19:49:12.781+0900][13.312s][info][gc,phases      ] GC(614) Marking Phase 1.342ms
[2026-03-22T19:49:12.781+0900][13.312s][info][gc,phases,start] GC(614) Summary Phase
[2026-03-22T19:49:12.781+0900][13.312s][info][gc,phases      ] GC(614) Summary Phase 0.024ms
[2026-03-22T19:49:12.781+0900][13.312s][info][gc,phases,start] GC(614) Adjust Roots
[2026-03-22T19:49:12.781+0900][13.313s][info][gc,phases      ] GC(614) Adjust Roots 0.358ms
[2026-03-22T19:49:12.781+0900][13.313s][info][gc,phases,start] GC(614) Compaction Phase
[2026-03-22T19:49:12.789+0900][13.321s][info][gc,phases      ] GC(614) Compaction Phase 8.093ms
[2026-03-22T19:49:12.789+0900][13.321s][info][gc,phases,start] GC(614) Post Compact
[2026-03-22T19:49:12.791+0900][13.323s][info][gc,phases      ] GC(614) Post Compact 1.796ms
[2026-03-22T19:49:12.791+0900][13.323s][info][gc,heap        ] GC(614) PSYoungGen: 163057K(163840K)->0K(163840K) Eden: 152561K(153088K)->0K(153088K) From: 10496K(10752K)->0K(10752K)
[2026-03-22T19:49:12.791+0900][13.323s][info][gc,heap        ] GC(614) ParOldGen: 291999K(349696K)->103430K(349696K)
[2026-03-22T19:49:12.791+0900][13.323s][info][gc,metaspace   ] GC(614) Metaspace: 338K(512K)->338K(512K) NonClass: 320K(384K)->320K(384K) Class: 17K(128K)->17K(128K)
[2026-03-22T19:49:12.791+0900][13.323s][info][gc             ] GC(614) Pause Full (Ergonomics) 444M->101M(501M) 12.028ms
[2026-03-22T19:49:12.791+0900][13.323s][info][gc,cpu         ] GC(614) User=0.00s Sys=0.02s Real=0.01s
[2026-03-22T19:49:12.809+0900][13.340s][info][gc,start       ] GC(615) Pause Young (Allocation Failure)
[2026-03-22T19:49:12.814+0900][13.346s][info][gc,heap        ] GC(615) PSYoungGen: 152561K(163840K)->10496K(163840K) Eden: 152561K(153088K)->0K(153088K) From: 0K(10752K)->10496K(10752K)
[2026-03-22T19:49:12.814+0900][13.346s][info][gc,heap        ] GC(615) ParOldGen: 103430K(349696K)->197639K(349696K)
[2026-03-22T19:49:12.814+0900][13.346s][info][gc,metaspace   ] GC(615) Metaspace: 338K(512K)->338K(512K) NonClass: 320K(384K)->320K(384K) Class: 17K(128K)->17K(128K)
[2026-03-22T19:49:12.814+0900][13.346s][info][gc             ] GC(615) Pause Young (Allocation Failure) 249M->203M(501M) 5.410ms
[2026-03-22T19:49:12.814+0900][13.346s][info][gc,cpu         ] GC(615) User=0.00s Sys=0.00s Real=0.00s
[2026-03-22T19:49:12.829+0900][13.361s][info][gc,start       ] GC(616) Pause Young (Allocation Failure)
[2026-03-22T19:49:12.834+0900][13.365s][info][gc,heap        ] GC(616) PSYoungGen: 163057K(163840K)->10496K(163840K) Eden: 152561K(153088K)->0K(153088K) From: 10496K(10752K)->10496K(10752K)
[2026-03-22T19:49:12.834+0900][13.366s][info][gc,heap        ] GC(616) ParOldGen: 197639K(349696K)->291999K(349696K)
[2026-03-22T19:49:12.834+0900][13.366s][info][gc,metaspace   ] GC(616) Metaspace: 338K(512K)->338K(512K) NonClass: 320K(384K)->320K(384K) Class: 17K(128K)->17K(128K)
[2026-03-22T19:49:12.834+0900][13.366s][info][gc             ] GC(616) Pause Young (Allocation Failure) 352M->295M(501M) 4.805ms
[2026-03-22T19:49:12.834+0900][13.366s][info][gc,cpu         ] GC(616) User=0.00s Sys=0.00s Real=0.01s
[2026-03-22T19:49:12.851+0900][13.382s][info][gc,start       ] GC(617) Pause Full (Ergonomics)
[2026-03-22T19:49:12.851+0900][13.382s][info][gc,phases,start] GC(617) Marking Phase
[2026-03-22T19:49:12.852+0900][13.384s][info][gc,phases      ] GC(617) Marking Phase 1.099ms
[2026-03-22T19:49:12.852+0900][13.384s][info][gc,phases,start] GC(617) Summary Phase
[2026-03-22T19:49:12.852+0900][13.384s][info][gc,phases      ] GC(617) Summary Phase 0.021ms
[2026-03-22T19:49:12.852+0900][13.384s][info][gc,phases,start] GC(617) Adjust Roots
[2026-03-22T19:49:12.852+0900][13.384s][info][gc,phases      ] GC(617) Adjust Roots 0.217ms
[2026-03-22T19:49:12.852+0900][13.384s][info][gc,phases,start] GC(617) Compaction Phase
[2026-03-22T19:49:12.858+0900][13.390s][info][gc,phases      ] GC(617) Compaction Phase 6.238ms
[2026-03-22T19:49:12.858+0900][13.390s][info][gc,phases,start] GC(617) Post Compact
[2026-03-22T19:49:12.861+0900][13.392s][info][gc,phases      ] GC(617) Post Compact 1.525ms
[2026-03-22T19:49:12.861+0900][13.392s][info][gc,heap        ] GC(617) PSYoungGen: 163057K(163840K)->0K(163840K) Eden: 152561K(153088K)->0K(153088K) From: 10496K(10752K)->0K(10752K)
[2026-03-22T19:49:12.861+0900][13.392s][info][gc,heap        ] GC(617) ParOldGen: 291999K(349696K)->103430K(349696K)
[2026-03-22T19:49:12.861+0900][13.392s][info][gc,metaspace   ] GC(617) Metaspace: 338K(512K)->338K(512K) NonClass: 320K(384K)->320K(384K) Class: 17K(128K)->17K(128K)
[2026-03-22T19:49:12.861+0900][13.392s][info][gc             ] GC(617) Pause Full (Ergonomics) 444M->101M(501M) 9.377ms
[2026-03-22T19:49:12.861+0900][13.392s][info][gc,cpu         ] GC(617) User=0.05s Sys=0.00s Real=0.01s
[2026-03-22T19:49:12.876+0900][13.408s][info][gc,start       ] GC(618) Pause Young (Allocation Failure)
[2026-03-22T19:49:12.882+0900][13.413s][info][gc,heap        ] GC(618) PSYoungGen: 152561K(163840K)->10496K(163840K) Eden: 152561K(153088K)->0K(153088K) From: 0K(10752K)->10496K(10752K)
[2026-03-22T19:49:12.882+0900][13.413s][info][gc,heap        ] GC(618) ParOldGen: 103430K(349696K)->197639K(349696K)
[2026-03-22T19:49:12.882+0900][13.413s][info][gc,metaspace   ] GC(618) Metaspace: 338K(512K)->338K(512K) NonClass: 320K(384K)->320K(384K) Class: 17K(128K)->17K(128K)
[2026-03-22T19:49:12.882+0900][13.414s][info][gc             ] GC(618) Pause Young (Allocation Failure) 249M->203M(501M) 5.177ms
[2026-03-22T19:49:12.882+0900][13.414s][info][gc,cpu         ] GC(618) User=0.00s Sys=0.00s Real=0.01s
[2026-03-22T19:49:12.898+0900][13.430s][info][gc,start       ] GC(619) Pause Young (Allocation Failure)
[2026-03-22T19:49:12.903+0900][13.434s][info][gc,heap        ] GC(619) PSYoungGen: 163057K(163840K)->10496K(163840K) Eden: 152561K(153088K)->0K(153088K) From: 10496K(10752K)->10496K(10752K)
[2026-03-22T19:49:12.903+0900][13.434s][info][gc,heap        ] GC(619) ParOldGen: 197639K(349696K)->291999K(349696K)
[2026-03-22T19:49:12.903+0900][13.434s][info][gc,metaspace   ] GC(619) Metaspace: 338K(512K)->338K(512K) NonClass: 320K(384K)->320K(384K) Class: 17K(128K)->17K(128K)
[2026-03-22T19:49:12.903+0900][13.434s][info][gc             ] GC(619) Pause Young (Allocation Failure) 352M->295M(501M) 4.782ms
[2026-03-22T19:49:12.903+0900][13.434s][info][gc,cpu         ] GC(619) User=0.05s Sys=0.00s Real=0.01s
[2026-03-22T19:49:12.917+0900][13.449s][info][gc,start       ] GC(620) Pause Full (Ergonomics)
[2026-03-22T19:49:12.917+0900][13.449s][info][gc,phases,start] GC(620) Marking Phase
[2026-03-22T19:49:12.919+0900][13.450s][info][gc,phases      ] GC(620) Marking Phase 1.157ms
[2026-03-22T19:49:12.919+0900][13.450s][info][gc,phases,start] GC(620) Summary Phase
[2026-03-22T19:49:12.919+0900][13.451s][info][gc,phases      ] GC(620) Summary Phase 0.020ms
[2026-03-22T19:49:12.919+0900][13.451s][info][gc,phases,start] GC(620) Adjust Roots
[2026-03-22T19:49:12.919+0900][13.451s][info][gc,phases      ] GC(620) Adjust Roots 0.247ms
[2026-03-22T19:49:12.919+0900][13.451s][info][gc,phases,start] GC(620) Compaction Phase
[2026-03-22T19:49:12.925+0900][13.457s][info][gc,phases      ] GC(620) Compaction Phase 5.832ms
[2026-03-22T19:49:12.925+0900][13.457s][info][gc,phases,start] GC(620) Post Compact
[2026-03-22T19:49:12.926+0900][13.458s][info][gc,phases      ] GC(620) Post Compact 1.567ms
[2026-03-22T19:49:12.926+0900][13.458s][info][gc,heap        ] GC(620) PSYoungGen: 163057K(163840K)->0K(163840K) Eden: 152561K(153088K)->0K(153088K) From: 10496K(10752K)->0K(10752K)
[2026-03-22T19:49:12.926+0900][13.458s][info][gc,heap        ] GC(620) ParOldGen: 291999K(349696K)->103430K(349696K)
[2026-03-22T19:49:12.926+0900][13.458s][info][gc,metaspace   ] GC(620) Metaspace: 338K(512K)->338K(512K) NonClass: 320K(384K)->320K(384K) Class: 17K(128K)->17K(128K)
[2026-03-22T19:49:12.926+0900][13.458s][info][gc             ] GC(620) Pause Full (Ergonomics) 444M->101M(501M) 9.169ms
[2026-03-22T19:49:12.926+0900][13.458s][info][gc,cpu         ] GC(620) User=0.00s Sys=0.00s Real=0.01s
[2026-03-22T19:49:12.942+0900][13.474s][info][gc,start       ] GC(621) Pause Young (Allocation Failure)
[2026-03-22T19:49:12.947+0900][13.479s][info][gc,heap        ] GC(621) PSYoungGen: 152561K(163840K)->10496K(163840K) Eden: 152561K(153088K)->0K(153088K) From: 0K(10752K)->10496K(10752K)
[2026-03-22T19:49:12.947+0900][13.479s][info][gc,heap        ] GC(621) ParOldGen: 103430K(349696K)->197639K(349696K)
[2026-03-22T19:49:12.947+0900][13.479s][info][gc,metaspace   ] GC(621) Metaspace: 338K(512K)->338K(512K) NonClass: 320K(384K)->320K(384K) Class: 17K(128K)->17K(128K)
[2026-03-22T19:49:12.947+0900][13.479s][info][gc             ] GC(621) Pause Young (Allocation Failure) 249M->203M(501M) 4.635ms
[2026-03-22T19:49:12.947+0900][13.479s][info][gc,cpu         ] GC(621) User=0.06s Sys=0.00s Real=0.01s
[2026-03-22T19:49:12.964+0900][13.495s][info][gc,start       ] GC(622) Pause Young (Allocation Failure)
[2026-03-22T19:49:12.969+0900][13.500s][info][gc,heap        ] GC(622) PSYoungGen: 163057K(163840K)->10496K(163840K) Eden: 152561K(153088K)->0K(153088K) From: 10496K(10752K)->10496K(10752K)
[2026-03-22T19:49:12.969+0900][13.500s][info][gc,heap        ] GC(622) ParOldGen: 197639K(349696K)->291999K(349696K)
[2026-03-22T19:49:12.969+0900][13.500s][info][gc,metaspace   ] GC(622) Metaspace: 338K(512K)->338K(512K) NonClass: 320K(384K)->320K(384K) Class: 17K(128K)->17K(128K)
[2026-03-22T19:49:12.969+0900][13.500s][info][gc             ] GC(622) Pause Young (Allocation Failure) 352M->295M(501M) 4.792ms
[2026-03-22T19:49:12.969+0900][13.500s][info][gc,cpu         ] GC(622) User=0.00s Sys=0.00s Real=0.01s
[2026-03-22T19:49:12.985+0900][13.517s][info][gc,start       ] GC(623) Pause Full (Ergonomics)
[2026-03-22T19:49:12.985+0900][13.517s][info][gc,phases,start] GC(623) Marking Phase
[2026-03-22T19:49:12.986+0900][13.518s][info][gc,phases      ] GC(623) Marking Phase 1.094ms
[2026-03-22T19:49:12.986+0900][13.518s][info][gc,phases,start] GC(623) Summary Phase
[2026-03-22T19:49:12.986+0900][13.518s][info][gc,phases      ] GC(623) Summary Phase 0.022ms
[2026-03-22T19:49:12.986+0900][13.518s][info][gc,phases,start] GC(623) Adjust Roots
[2026-03-22T19:49:12.986+0900][13.518s][info][gc,phases      ] GC(623) Adjust Roots 0.219ms
[2026-03-22T19:49:12.986+0900][13.518s][info][gc,phases,start] GC(623) Compaction Phase
[2026-03-22T19:49:12.994+0900][13.525s][info][gc,phases      ] GC(623) Compaction Phase 6.746ms
[2026-03-22T19:49:12.997+0900][13.528s][info][gc,phases,start] GC(623) Post Compact
[2026-03-22T19:49:12.998+0900][13.530s][info][gc,phases      ] GC(623) Post Compact 1.543ms
[2026-03-22T19:49:12.998+0900][13.530s][info][gc,heap        ] GC(623) PSYoungGen: 163057K(163840K)->0K(163840K) Eden: 152561K(153088K)->0K(153088K) From: 10496K(10752K)->0K(10752K)
[2026-03-22T19:49:12.998+0900][13.530s][info][gc,heap        ] GC(623) ParOldGen: 291999K(349696K)->103430K(349696K)
[2026-03-22T19:49:12.998+0900][13.530s][info][gc,metaspace   ] GC(623) Metaspace: 338K(512K)->338K(512K) NonClass: 320K(384K)->320K(384K) Class: 17K(128K)->17K(128K)
[2026-03-22T19:49:12.998+0900][13.530s][info][gc             ] GC(623) Pause Full (Ergonomics) 444M->101M(501M) 12.942ms
[2026-03-22T19:49:12.998+0900][13.530s][info][gc,cpu         ] GC(623) User=0.00s Sys=0.00s Real=0.01s
[2026-03-22T19:49:13.015+0900][13.546s][info][gc,start       ] GC(624) Pause Young (Allocation Failure)
[2026-03-22T19:49:13.019+0900][13.551s][info][gc,heap        ] GC(624) PSYoungGen: 152561K(163840K)->10496K(163840K) Eden: 152561K(153088K)->0K(153088K) From: 0K(10752K)->10496K(10752K)
[2026-03-22T19:49:13.019+0900][13.551s][info][gc,heap        ] GC(624) ParOldGen: 103430K(349696K)->197639K(349696K)
[2026-03-22T19:49:13.019+0900][13.551s][info][gc,metaspace   ] GC(624) Metaspace: 338K(512K)->338K(512K) NonClass: 320K(384K)->320K(384K) Class: 17K(128K)->17K(128K)
[2026-03-22T19:49:13.019+0900][13.551s][info][gc             ] GC(624) Pause Young (Allocation Failure) 249M->203M(501M) 4.980ms
[2026-03-22T19:49:13.019+0900][13.551s][info][gc,cpu         ] GC(624) User=0.00s Sys=0.00s Real=0.00s
[2026-03-22T19:49:13.034+0900][13.565s][info][gc,start       ] GC(625) Pause Young (Allocation Failure)
[2026-03-22T19:49:13.039+0900][13.570s][info][gc,heap        ] GC(625) PSYoungGen: 163057K(163840K)->10464K(163840K) Eden: 152561K(153088K)->0K(153088K) From: 10496K(10752K)->10464K(10752K)
[2026-03-22T19:49:13.039+0900][13.570s][info][gc,heap        ] GC(625) ParOldGen: 197639K(349696K)->291999K(349696K)
[2026-03-22T19:49:13.039+0900][13.570s][info][gc,metaspace   ] GC(625) Metaspace: 338K(512K)->338K(512K) NonClass: 320K(384K)->320K(384K) Class: 17K(128K)->17K(128K)
[2026-03-22T19:49:13.039+0900][13.571s][info][gc             ] GC(625) Pause Young (Allocation Failure) 352M->295M(501M) 5.078ms
[2026-03-22T19:49:13.039+0900][13.571s][info][gc,cpu         ] GC(625) User=0.00s Sys=0.00s Real=0.01s
[2026-03-22T19:49:13.056+0900][13.587s][info][gc,start       ] GC(626) Pause Full (Ergonomics)
[2026-03-22T19:49:13.056+0900][13.587s][info][gc,phases,start] GC(626) Marking Phase
[2026-03-22T19:49:13.056+0900][13.588s][info][gc,phases      ] GC(626) Marking Phase 0.992ms
[2026-03-22T19:49:13.056+0900][13.588s][info][gc,phases,start] GC(626) Summary Phase
[2026-03-22T19:49:13.056+0900][13.588s][info][gc,phases      ] GC(626) Summary Phase 0.017ms
[2026-03-22T19:49:13.056+0900][13.588s][info][gc,phases,start] GC(626) Adjust Roots
[2026-03-22T19:49:13.057+0900][13.588s][info][gc,phases      ] GC(626) Adjust Roots 0.216ms
[2026-03-22T19:49:13.057+0900][13.588s][info][gc,phases,start] GC(626) Compaction Phase
[2026-03-22T19:49:13.062+0900][13.593s][info][gc,phases      ] GC(626) Compaction Phase 5.293ms
[2026-03-22T19:49:13.062+0900][13.594s][info][gc,phases,start] GC(626) Post Compact
[2026-03-22T19:49:13.064+0900][13.595s][info][gc,phases      ] GC(626) Post Compact 1.468ms
[2026-03-22T19:49:13.064+0900][13.595s][info][gc,heap        ] GC(626) PSYoungGen: 163025K(163840K)->0K(163840K) Eden: 152561K(153088K)->0K(153088K) From: 10464K(10752K)->0K(10752K)
[2026-03-22T19:49:13.064+0900][13.595s][info][gc,heap        ] GC(626) ParOldGen: 291999K(349696K)->103430K(349696K)
[2026-03-22T19:49:13.064+0900][13.595s][info][gc,metaspace   ] GC(626) Metaspace: 338K(512K)->338K(512K) NonClass: 320K(384K)->320K(384K) Class: 17K(128K)->17K(128K)
[2026-03-22T19:49:13.064+0900][13.595s][info][gc             ] GC(626) Pause Full (Ergonomics) 444M->101M(501M) 8.219ms
[2026-03-22T19:49:13.064+0900][13.595s][info][gc,cpu         ] GC(626) User=0.00s Sys=0.02s Real=0.01s
[2026-03-22T19:49:13.080+0900][13.611s][info][gc,start       ] GC(627) Pause Young (Allocation Failure)
[2026-03-22T19:49:13.085+0900][13.616s][info][gc,heap        ] GC(627) PSYoungGen: 152561K(163840K)->10464K(163840K) Eden: 152561K(153088K)->0K(153088K) From: 0K(10752K)->10464K(10752K)
[2026-03-22T19:49:13.085+0900][13.616s][info][gc,heap        ] GC(627) ParOldGen: 103430K(349696K)->197639K(349696K)
[2026-03-22T19:49:13.085+0900][13.616s][info][gc,metaspace   ] GC(627) Metaspace: 338K(512K)->338K(512K) NonClass: 320K(384K)->320K(384K) Class: 17K(128K)->17K(128K)
[2026-03-22T19:49:13.085+0900][13.616s][info][gc             ] GC(627) Pause Young (Allocation Failure) 249M->203M(501M) 5.359ms
[2026-03-22T19:49:13.085+0900][13.616s][info][gc,cpu         ] GC(627) User=0.00s Sys=0.00s Real=0.01s
[2026-03-22T19:49:13.100+0900][13.632s][info][gc,start       ] GC(628) Pause Young (Allocation Failure)
[2026-03-22T19:49:13.106+0900][13.637s][info][gc,heap        ] GC(628) PSYoungGen: 163025K(163840K)->10496K(163840K) Eden: 152561K(153088K)->0K(153088K) From: 10464K(10752K)->10496K(10752K)
[2026-03-22T19:49:13.106+0900][13.637s][info][gc,heap        ] GC(628) ParOldGen: 197639K(349696K)->291999K(349696K)
[2026-03-22T19:49:13.106+0900][13.637s][info][gc,metaspace   ] GC(628) Metaspace: 338K(512K)->338K(512K) NonClass: 320K(384K)->320K(384K) Class: 17K(128K)->17K(128K)
[2026-03-22T19:49:13.106+0900][13.637s][info][gc             ] GC(628) Pause Young (Allocation Failure) 352M->295M(501M) 5.175ms
[2026-03-22T19:49:13.106+0900][13.637s][info][gc,cpu         ] GC(628) User=0.06s Sys=0.00s Real=0.01s
[2026-03-22T19:49:13.120+0900][13.652s][info][gc,start       ] GC(629) Pause Full (Ergonomics)
[2026-03-22T19:49:13.120+0900][13.652s][info][gc,phases,start] GC(629) Marking Phase
[2026-03-22T19:49:13.122+0900][13.653s][info][gc,phases      ] GC(629) Marking Phase 1.264ms
[2026-03-22T19:49:13.122+0900][13.653s][info][gc,phases,start] GC(629) Summary Phase
[2026-03-22T19:49:13.122+0900][13.653s][info][gc,phases      ] GC(629) Summary Phase 0.044ms
[2026-03-22T19:49:13.122+0900][13.653s][info][gc,phases,start] GC(629) Adjust Roots
[2026-03-22T19:49:13.122+0900][13.654s][info][gc,phases      ] GC(629) Adjust Roots 0.189ms
[2026-03-22T19:49:13.122+0900][13.654s][info][gc,phases,start] GC(629) Compaction Phase
[2026-03-22T19:49:13.127+0900][13.659s][info][gc,phases      ] GC(629) Compaction Phase 5.357ms
[2026-03-22T19:49:13.127+0900][13.659s][info][gc,phases,start] GC(629) Post Compact
[2026-03-22T19:49:13.129+0900][13.661s][info][gc,phases      ] GC(629) Post Compact 1.464ms
[2026-03-22T19:49:13.129+0900][13.661s][info][gc,heap        ] GC(629) PSYoungGen: 163057K(163840K)->0K(163840K) Eden: 152561K(153088K)->0K(153088K) From: 10496K(10752K)->0K(10752K)
[2026-03-22T19:49:13.129+0900][13.661s][info][gc,heap        ] GC(629) ParOldGen: 291999K(349696K)->103430K(349696K)
[2026-03-22T19:49:13.129+0900][13.661s][info][gc,metaspace   ] GC(629) Metaspace: 338K(512K)->338K(512K) NonClass: 320K(384K)->320K(384K) Class: 17K(128K)->17K(128K)
[2026-03-22T19:49:13.129+0900][13.661s][info][gc             ] GC(629) Pause Full (Ergonomics) 444M->101M(501M) 8.660ms
[2026-03-22T19:49:13.129+0900][13.661s][info][gc,cpu         ] GC(629) User=0.00s Sys=0.00s Real=0.01s
[2026-03-22T19:49:13.145+0900][13.677s][info][gc,start       ] GC(630) Pause Young (Allocation Failure)
[2026-03-22T19:49:13.151+0900][13.682s][info][gc,heap        ] GC(630) PSYoungGen: 152561K(163840K)->10496K(163840K) Eden: 152561K(153088K)->0K(153088K) From: 0K(10752K)->10496K(10752K)
[2026-03-22T19:49:13.151+0900][13.682s][info][gc,heap        ] GC(630) ParOldGen: 103430K(349696K)->197639K(349696K)
[2026-03-22T19:49:13.151+0900][13.682s][info][gc,metaspace   ] GC(630) Metaspace: 338K(512K)->338K(512K) NonClass: 320K(384K)->320K(384K) Class: 17K(128K)->17K(128K)
[2026-03-22T19:49:13.151+0900][13.682s][info][gc             ] GC(630) Pause Young (Allocation Failure) 249M->203M(501M) 4.756ms
[2026-03-22T19:49:13.151+0900][13.682s][info][gc,cpu         ] GC(630) User=0.00s Sys=0.00s Real=0.01s
[2026-03-22T19:49:13.166+0900][13.697s][info][gc,start       ] GC(631) Pause Young (Allocation Failure)
[2026-03-22T19:49:13.170+0900][13.702s][info][gc,heap        ] GC(631) PSYoungGen: 163057K(163840K)->10496K(163840K) Eden: 152561K(153088K)->0K(153088K) From: 10496K(10752K)->10496K(10752K)
[2026-03-22T19:49:13.170+0900][13.702s][info][gc,heap        ] GC(631) ParOldGen: 197639K(349696K)->291999K(349696K)
[2026-03-22T19:49:13.170+0900][13.702s][info][gc,metaspace   ] GC(631) Metaspace: 338K(512K)->338K(512K) NonClass: 320K(384K)->320K(384K) Class: 17K(128K)->17K(128K)
[2026-03-22T19:49:13.170+0900][13.702s][info][gc             ] GC(631) Pause Young (Allocation Failure) 352M->295M(501M) 4.672ms
[2026-03-22T19:49:13.170+0900][13.702s][info][gc,cpu         ] GC(631) User=0.00s Sys=0.00s Real=0.00s
[2026-03-22T19:49:13.187+0900][13.718s][info][gc,start       ] GC(632) Pause Full (Ergonomics)
[2026-03-22T19:49:13.187+0900][13.718s][info][gc,phases,start] GC(632) Marking Phase
[2026-03-22T19:49:13.188+0900][13.719s][info][gc,phases      ] GC(632) Marking Phase 1.161ms
[2026-03-22T19:49:13.188+0900][13.719s][info][gc,phases,start] GC(632) Summary Phase
[2026-03-22T19:49:13.188+0900][13.719s][info][gc,phases      ] GC(632) Summary Phase 0.025ms
[2026-03-22T19:49:13.188+0900][13.719s][info][gc,phases,start] GC(632) Adjust Roots
[2026-03-22T19:49:13.188+0900][13.719s][info][gc,phases      ] GC(632) Adjust Roots 0.327ms
[2026-03-22T19:49:13.188+0900][13.719s][info][gc,phases,start] GC(632) Compaction Phase
[2026-03-22T19:49:13.196+0900][13.727s][info][gc,phases      ] GC(632) Compaction Phase 7.729ms
[2026-03-22T19:49:13.196+0900][13.727s][info][gc,phases,start] GC(632) Post Compact
[2026-03-22T19:49:13.198+0900][13.729s][info][gc,phases      ] GC(632) Post Compact 1.546ms
[2026-03-22T19:49:13.198+0900][13.729s][info][gc,heap        ] GC(632) PSYoungGen: 163057K(163840K)->0K(163840K) Eden: 152561K(153088K)->0K(153088K) From: 10496K(10752K)->0K(10752K)
[2026-03-22T19:49:13.198+0900][13.729s][info][gc,heap        ] GC(632) ParOldGen: 291999K(349696K)->103430K(349696K)
[2026-03-22T19:49:13.198+0900][13.729s][info][gc,metaspace   ] GC(632) Metaspace: 338K(512K)->338K(512K) NonClass: 320K(384K)->320K(384K) Class: 17K(128K)->17K(128K)
[2026-03-22T19:49:13.198+0900][13.729s][info][gc             ] GC(632) Pause Full (Ergonomics) 444M->101M(501M) 11.231ms
[2026-03-22T19:49:13.198+0900][13.729s][info][gc,cpu         ] GC(632) User=0.02s Sys=0.00s Real=0.01s
[2026-03-22T19:49:13.214+0900][13.746s][info][gc,start       ] GC(633) Pause Young (Allocation Failure)
[2026-03-22T19:49:13.219+0900][13.750s][info][gc,heap        ] GC(633) PSYoungGen: 152561K(163840K)->10496K(163840K) Eden: 152561K(153088K)->0K(153088K) From: 0K(10752K)->10496K(10752K)
[2026-03-22T19:49:13.219+0900][13.750s][info][gc,heap        ] GC(633) ParOldGen: 103430K(349696K)->197639K(349696K)
[2026-03-22T19:49:13.219+0900][13.750s][info][gc,metaspace   ] GC(633) Metaspace: 338K(512K)->338K(512K) NonClass: 320K(384K)->320K(384K) Class: 17K(128K)->17K(128K)
[2026-03-22T19:49:13.219+0900][13.751s][info][gc             ] GC(633) Pause Young (Allocation Failure) 249M->203M(501M) 4.684ms
[2026-03-22T19:49:13.219+0900][13.751s][info][gc,cpu         ] GC(633) User=0.00s Sys=0.00s Real=0.01s
[2026-03-22T19:49:13.234+0900][13.766s][info][gc,start       ] GC(634) Pause Young (Allocation Failure)
[2026-03-22T19:49:13.239+0900][13.771s][info][gc,heap        ] GC(634) PSYoungGen: 163057K(163840K)->10496K(163840K) Eden: 152561K(153088K)->0K(153088K) From: 10496K(10752K)->10496K(10752K)
[2026-03-22T19:49:13.239+0900][13.771s][info][gc,heap        ] GC(634) ParOldGen: 197639K(349696K)->291999K(349696K)
[2026-03-22T19:49:13.239+0900][13.771s][info][gc,metaspace   ] GC(634) Metaspace: 338K(512K)->338K(512K) NonClass: 320K(384K)->320K(384K) Class: 17K(128K)->17K(128K)
[2026-03-22T19:49:13.239+0900][13.771s][info][gc             ] GC(634) Pause Young (Allocation Failure) 352M->295M(501M) 5.097ms
[2026-03-22T19:49:13.239+0900][13.771s][info][gc,cpu         ] GC(634) User=0.00s Sys=0.00s Real=0.01s
[2026-03-22T19:49:13.254+0900][13.786s][info][gc,start       ] GC(635) Pause Full (Ergonomics)
[2026-03-22T19:49:13.254+0900][13.786s][info][gc,phases,start] GC(635) Marking Phase
[2026-03-22T19:49:13.256+0900][13.787s][info][gc,phases      ] GC(635) Marking Phase 1.197ms
[2026-03-22T19:49:13.256+0900][13.787s][info][gc,phases,start] GC(635) Summary Phase
[2026-03-22T19:49:13.256+0900][13.787s][info][gc,phases      ] GC(635) Summary Phase 0.018ms
[2026-03-22T19:49:13.256+0900][13.787s][info][gc,phases,start] GC(635) Adjust Roots
[2026-03-22T19:49:13.256+0900][13.788s][info][gc,phases      ] GC(635) Adjust Roots 0.174ms
[2026-03-22T19:49:13.256+0900][13.788s][info][gc,phases,start] GC(635) Compaction Phase
[2026-03-22T19:49:13.261+0900][13.793s][info][gc,phases      ] GC(635) Compaction Phase 5.485ms
[2026-03-22T19:49:13.261+0900][13.793s][info][gc,phases,start] GC(635) Post Compact
[2026-03-22T19:49:13.263+0900][13.795s][info][gc,phases      ] GC(635) Post Compact 1.409ms
[2026-03-22T19:49:13.263+0900][13.795s][info][gc,heap        ] GC(635) PSYoungGen: 163057K(163840K)->0K(163840K) Eden: 152561K(153088K)->0K(153088K) From: 10496K(10752K)->0K(10752K)
[2026-03-22T19:49:13.263+0900][13.795s][info][gc,heap        ] GC(635) ParOldGen: 291999K(349696K)->103430K(349696K)
[2026-03-22T19:49:13.263+0900][13.795s][info][gc,metaspace   ] GC(635) Metaspace: 338K(512K)->338K(512K) NonClass: 320K(384K)->320K(384K) Class: 17K(128K)->17K(128K)
[2026-03-22T19:49:13.263+0900][13.795s][info][gc             ] GC(635) Pause Full (Ergonomics) 444M->101M(501M) 8.595ms
[2026-03-22T19:49:13.263+0900][13.795s][info][gc,cpu         ] GC(635) User=0.06s Sys=0.00s Real=0.01s
[2026-03-22T19:49:13.278+0900][13.810s][info][gc,start       ] GC(636) Pause Young (Allocation Failure)
[2026-03-22T19:49:13.284+0900][13.816s][info][gc,heap        ] GC(636) PSYoungGen: 152561K(163840K)->10496K(163840K) Eden: 152561K(153088K)->0K(153088K) From: 0K(10752K)->10496K(10752K)
[2026-03-22T19:49:13.284+0900][13.816s][info][gc,heap        ] GC(636) ParOldGen: 103430K(349696K)->197639K(349696K)
[2026-03-22T19:49:13.284+0900][13.816s][info][gc,metaspace   ] GC(636) Metaspace: 338K(512K)->338K(512K) NonClass: 320K(384K)->320K(384K) Class: 17K(128K)->17K(128K)
[2026-03-22T19:49:13.284+0900][13.816s][info][gc             ] GC(636) Pause Young (Allocation Failure) 249M->203M(501M) 5.479ms
[2026-03-22T19:49:13.284+0900][13.816s][info][gc,cpu         ] GC(636) User=0.00s Sys=0.00s Real=0.01s
[2026-03-22T19:49:13.299+0900][13.831s][info][gc,start       ] GC(637) Pause Young (Allocation Failure)
[2026-03-22T19:49:13.305+0900][13.837s][info][gc,heap        ] GC(637) PSYoungGen: 163057K(163840K)->10496K(163840K) Eden: 152561K(153088K)->0K(153088K) From: 10496K(10752K)->10496K(10752K)
[2026-03-22T19:49:13.305+0900][13.837s][info][gc,heap        ] GC(637) ParOldGen: 197639K(349696K)->291999K(349696K)
[2026-03-22T19:49:13.305+0900][13.837s][info][gc,metaspace   ] GC(637) Metaspace: 338K(512K)->338K(512K) NonClass: 320K(384K)->320K(384K) Class: 17K(128K)->17K(128K)
[2026-03-22T19:49:13.305+0900][13.837s][info][gc             ] GC(637) Pause Young (Allocation Failure) 352M->295M(501M) 5.607ms
[2026-03-22T19:49:13.305+0900][13.837s][info][gc,cpu         ] GC(637) User=0.00s Sys=0.00s Real=0.01s
[2026-03-22T19:49:13.322+0900][13.853s][info][gc,start       ] GC(638) Pause Full (Ergonomics)
[2026-03-22T19:49:13.322+0900][13.853s][info][gc,phases,start] GC(638) Marking Phase
[2026-03-22T19:49:13.323+0900][13.855s][info][gc,phases      ] GC(638) Marking Phase 1.355ms
[2026-03-22T19:49:13.323+0900][13.855s][info][gc,phases,start] GC(638) Summary Phase
[2026-03-22T19:49:13.323+0900][13.855s][info][gc,phases      ] GC(638) Summary Phase 0.029ms
[2026-03-22T19:49:13.323+0900][13.855s][info][gc,phases,start] GC(638) Adjust Roots
[2026-03-22T19:49:13.324+0900][13.855s][info][gc,phases      ] GC(638) Adjust Roots 0.277ms
[2026-03-22T19:49:13.324+0900][13.855s][info][gc,phases,start] GC(638) Compaction Phase
[2026-03-22T19:49:13.329+0900][13.861s][info][gc,phases      ] GC(638) Compaction Phase 5.428ms
[2026-03-22T19:49:13.329+0900][13.861s][info][gc,phases,start] GC(638) Post Compact
[2026-03-22T19:49:13.330+0900][13.862s][info][gc,phases      ] GC(638) Post Compact 1.396ms
[2026-03-22T19:49:13.330+0900][13.862s][info][gc,heap        ] GC(638) PSYoungGen: 163057K(163840K)->0K(163840K) Eden: 152561K(153088K)->0K(153088K) From: 10496K(10752K)->0K(10752K)
[2026-03-22T19:49:13.330+0900][13.862s][info][gc,heap        ] GC(638) ParOldGen: 291999K(349696K)->103195K(349696K)
[2026-03-22T19:49:13.330+0900][13.862s][info][gc,metaspace   ] GC(638) Metaspace: 338K(512K)->338K(512K) NonClass: 320K(384K)->320K(384K) Class: 17K(128K)->17K(128K)
[2026-03-22T19:49:13.330+0900][13.862s][info][gc             ] GC(638) Pause Full (Ergonomics) 444M->100M(501M) 8.764ms
[2026-03-22T19:49:13.330+0900][13.862s][info][gc,cpu         ] GC(638) User=0.02s Sys=0.00s Real=0.01s
[2026-03-22T19:49:13.346+0900][13.877s][info][gc,start       ] GC(639) Pause Young (Allocation Failure)
[2026-03-22T19:49:13.351+0900][13.882s][info][gc,heap        ] GC(639) PSYoungGen: 152561K(163840K)->10496K(163840K) Eden: 152561K(153088K)->0K(153088K) From: 0K(10752K)->10496K(10752K)
[2026-03-22T19:49:13.351+0900][13.882s][info][gc,heap        ] GC(639) ParOldGen: 103195K(349696K)->197403K(349696K)
[2026-03-22T19:49:13.351+0900][13.882s][info][gc,metaspace   ] GC(639) Metaspace: 338K(512K)->338K(512K) NonClass: 320K(384K)->320K(384K) Class: 17K(128K)->17K(128K)
[2026-03-22T19:49:13.351+0900][13.882s][info][gc             ] GC(639) Pause Young (Allocation Failure) 249M->203M(501M) 4.961ms
[2026-03-22T19:49:13.351+0900][13.882s][info][gc,cpu         ] GC(639) User=0.00s Sys=0.00s Real=0.01s
[2026-03-22T19:49:13.366+0900][13.897s][info][gc,start       ] GC(640) Pause Young (Allocation Failure)
[2026-03-22T19:49:13.371+0900][13.902s][info][gc,heap        ] GC(640) PSYoungGen: 163057K(163840K)->10496K(163840K) Eden: 152561K(153088K)->0K(153088K) From: 10496K(10752K)->10496K(10752K)
[2026-03-22T19:49:13.371+0900][13.902s][info][gc,heap        ] GC(640) ParOldGen: 197403K(349696K)->291764K(349696K)
[2026-03-22T19:49:13.371+0900][13.902s][info][gc,metaspace   ] GC(640) Metaspace: 338K(512K)->338K(512K) NonClass: 320K(384K)->320K(384K) Class: 17K(128K)->17K(128K)
[2026-03-22T19:49:13.371+0900][13.902s][info][gc             ] GC(640) Pause Young (Allocation Failure) 352M->295M(501M) 4.874ms
[2026-03-22T19:49:13.371+0900][13.902s][info][gc,cpu         ] GC(640) User=0.06s Sys=0.00s Real=0.01s
[2026-03-22T19:49:13.387+0900][13.918s][info][gc,start       ] GC(641) Pause Full (Ergonomics)
[2026-03-22T19:49:13.387+0900][13.918s][info][gc,phases,start] GC(641) Marking Phase
[2026-03-22T19:49:13.388+0900][13.919s][info][gc,phases      ] GC(641) Marking Phase 1.046ms
[2026-03-22T19:49:13.388+0900][13.919s][info][gc,phases,start] GC(641) Summary Phase
[2026-03-22T19:49:13.388+0900][13.919s][info][gc,phases      ] GC(641) Summary Phase 0.020ms
[2026-03-22T19:49:13.388+0900][13.919s][info][gc,phases,start] GC(641) Adjust Roots
[2026-03-22T19:49:13.388+0900][13.919s][info][gc,phases      ] GC(641) Adjust Roots 0.192ms
[2026-03-22T19:49:13.388+0900][13.919s][info][gc,phases,start] GC(641) Compaction Phase
[2026-03-22T19:49:13.393+0900][13.925s][info][gc,phases      ] GC(641) Compaction Phase 5.391ms
[2026-03-22T19:49:13.393+0900][13.925s][info][gc,phases,start] GC(641) Post Compact
[2026-03-22T19:49:13.395+0900][13.926s][info][gc,phases      ] GC(641) Post Compact 1.508ms
[2026-03-22T19:49:13.395+0900][13.926s][info][gc,heap        ] GC(641) PSYoungGen: 163057K(163840K)->0K(163840K) Eden: 152561K(153088K)->0K(153088K) From: 10496K(10752K)->0K(10752K)
[2026-03-22T19:49:13.395+0900][13.926s][info][gc,heap        ] GC(641) ParOldGen: 291764K(349696K)->103430K(349696K)
[2026-03-22T19:49:13.395+0900][13.926s][info][gc,metaspace   ] GC(641) Metaspace: 338K(512K)->338K(512K) NonClass: 320K(384K)->320K(384K) Class: 17K(128K)->17K(128K)
[2026-03-22T19:49:13.395+0900][13.926s][info][gc             ] GC(641) Pause Full (Ergonomics) 444M->101M(501M) 8.417ms
[2026-03-22T19:49:13.395+0900][13.926s][info][gc,cpu         ] GC(641) User=0.00s Sys=0.00s Real=0.01s
[2026-03-22T19:49:13.410+0900][13.941s][info][gc,start       ] GC(642) Pause Young (Allocation Failure)
[2026-03-22T19:49:13.415+0900][13.946s][info][gc,heap        ] GC(642) PSYoungGen: 152561K(163840K)->10496K(163840K) Eden: 152561K(153088K)->0K(153088K) From: 0K(10752K)->10496K(10752K)
[2026-03-22T19:49:13.415+0900][13.946s][info][gc,heap        ] GC(642) ParOldGen: 103430K(349696K)->197639K(349696K)
[2026-03-22T19:49:13.415+0900][13.946s][info][gc,metaspace   ] GC(642) Metaspace: 338K(512K)->338K(512K) NonClass: 320K(384K)->320K(384K) Class: 17K(128K)->17K(128K)
[2026-03-22T19:49:13.415+0900][13.946s][info][gc             ] GC(642) Pause Young (Allocation Failure) 249M->203M(501M) 5.250ms
[2026-03-22T19:49:13.415+0900][13.947s][info][gc,cpu         ] GC(642) User=0.00s Sys=0.00s Real=0.00s
[2026-03-22T19:49:13.431+0900][13.963s][info][gc,start       ] GC(643) Pause Young (Allocation Failure)
[2026-03-22T19:49:13.436+0900][13.967s][info][gc,heap        ] GC(643) PSYoungGen: 163057K(163840K)->10496K(163840K) Eden: 152561K(153088K)->0K(153088K) From: 10496K(10752K)->10496K(10752K)
[2026-03-22T19:49:13.436+0900][13.967s][info][gc,heap        ] GC(643) ParOldGen: 197639K(349696K)->291999K(349696K)
[2026-03-22T19:49:13.436+0900][13.967s][info][gc,metaspace   ] GC(643) Metaspace: 338K(512K)->338K(512K) NonClass: 320K(384K)->320K(384K) Class: 17K(128K)->17K(128K)
[2026-03-22T19:49:13.436+0900][13.967s][info][gc             ] GC(643) Pause Young (Allocation Failure) 352M->295M(501M) 4.561ms
[2026-03-22T19:49:13.436+0900][13.968s][info][gc,cpu         ] GC(643) User=0.00s Sys=0.00s Real=0.01s
[2026-03-22T19:49:13.451+0900][13.982s][info][gc,start       ] GC(644) Pause Full (Ergonomics)
[2026-03-22T19:49:13.451+0900][13.982s][info][gc,phases,start] GC(644) Marking Phase
[2026-03-22T19:49:13.452+0900][13.983s][info][gc,phases      ] GC(644) Marking Phase 1.058ms
[2026-03-22T19:49:13.452+0900][13.983s][info][gc,phases,start] GC(644) Summary Phase
[2026-03-22T19:49:13.452+0900][13.983s][info][gc,phases      ] GC(644) Summary Phase 0.018ms
[2026-03-22T19:49:13.452+0900][13.983s][info][gc,phases,start] GC(644) Adjust Roots
[2026-03-22T19:49:13.452+0900][13.983s][info][gc,phases      ] GC(644) Adjust Roots 0.202ms
[2026-03-22T19:49:13.452+0900][13.983s][info][gc,phases,start] GC(644) Compaction Phase
[2026-03-22T19:49:13.459+0900][13.990s][info][gc,phases      ] GC(644) Compaction Phase 6.546ms
[2026-03-22T19:49:13.459+0900][13.990s][info][gc,phases,start] GC(644) Post Compact
[2026-03-22T19:49:13.460+0900][13.992s][info][gc,phases      ] GC(644) Post Compact 1.583ms
[2026-03-22T19:49:13.460+0900][13.992s][info][gc,heap        ] GC(644) PSYoungGen: 163057K(163840K)->0K(163840K) Eden: 152561K(153088K)->0K(153088K) From: 10496K(10752K)->0K(10752K)
[2026-03-22T19:49:13.460+0900][13.992s][info][gc,heap        ] GC(644) ParOldGen: 291999K(349696K)->103430K(349696K)
[2026-03-22T19:49:13.460+0900][13.992s][info][gc,metaspace   ] GC(644) Metaspace: 338K(512K)->338K(512K) NonClass: 320K(384K)->320K(384K) Class: 17K(128K)->17K(128K)
[2026-03-22T19:49:13.460+0900][13.992s][info][gc             ] GC(644) Pause Full (Ergonomics) 444M->101M(501M) 9.774ms
[2026-03-22T19:49:13.460+0900][13.992s][info][gc,cpu         ] GC(644) User=0.00s Sys=0.00s Real=0.01s
[2026-03-22T19:49:13.476+0900][14.007s][info][gc,start       ] GC(645) Pause Young (Allocation Failure)
[2026-03-22T19:49:13.480+0900][14.012s][info][gc,heap        ] GC(645) PSYoungGen: 152561K(163840K)->10496K(163840K) Eden: 152561K(153088K)->0K(153088K) From: 0K(10752K)->10496K(10752K)
[2026-03-22T19:49:13.480+0900][14.012s][info][gc,heap        ] GC(645) ParOldGen: 103430K(349696K)->197639K(349696K)
[2026-03-22T19:49:13.480+0900][14.012s][info][gc,metaspace   ] GC(645) Metaspace: 338K(512K)->338K(512K) NonClass: 320K(384K)->320K(384K) Class: 17K(128K)->17K(128K)
[2026-03-22T19:49:13.480+0900][14.012s][info][gc             ] GC(645) Pause Young (Allocation Failure) 249M->203M(501M) 4.551ms
[2026-03-22T19:49:13.480+0900][14.012s][info][gc,cpu         ] GC(645) User=0.06s Sys=0.00s Real=0.00s
[2026-03-22T19:49:13.495+0900][14.027s][info][gc,start       ] GC(646) Pause Young (Allocation Failure)
[2026-03-22T19:49:13.500+0900][14.032s][info][gc,heap        ] GC(646) PSYoungGen: 163057K(163840K)->10496K(163840K) Eden: 152561K(153088K)->0K(153088K) From: 10496K(10752K)->10496K(10752K)
[2026-03-22T19:49:13.500+0900][14.032s][info][gc,heap        ] GC(646) ParOldGen: 197639K(349696K)->291999K(349696K)
[2026-03-22T19:49:13.500+0900][14.032s][info][gc,metaspace   ] GC(646) Metaspace: 338K(512K)->338K(512K) NonClass: 320K(384K)->320K(384K) Class: 17K(128K)->17K(128K)
[2026-03-22T19:49:13.500+0900][14.032s][info][gc             ] GC(646) Pause Young (Allocation Failure) 352M->295M(501M) 4.610ms
[2026-03-22T19:49:13.500+0900][14.032s][info][gc,cpu         ] GC(646) User=0.00s Sys=0.00s Real=0.01s
[2026-03-22T19:49:13.517+0900][14.048s][info][gc,start       ] GC(647) Pause Full (Ergonomics)
[2026-03-22T19:49:13.517+0900][14.048s][info][gc,phases,start] GC(647) Marking Phase
[2026-03-22T19:49:13.518+0900][14.049s][info][gc,phases      ] GC(647) Marking Phase 1.227ms
[2026-03-22T19:49:13.518+0900][14.049s][info][gc,phases,start] GC(647) Summary Phase
[2026-03-22T19:49:13.518+0900][14.049s][info][gc,phases      ] GC(647) Summary Phase 0.034ms
[2026-03-22T19:49:13.518+0900][14.049s][info][gc,phases,start] GC(647) Adjust Roots
[2026-03-22T19:49:13.518+0900][14.049s][info][gc,phases      ] GC(647) Adjust Roots 0.253ms
[2026-03-22T19:49:13.518+0900][14.049s][info][gc,phases,start] GC(647) Compaction Phase
[2026-03-22T19:49:13.523+0900][14.055s][info][gc,phases      ] GC(647) Compaction Phase 5.671ms
[2026-03-22T19:49:13.524+0900][14.055s][info][gc,phases,start] GC(647) Post Compact
[2026-03-22T19:49:13.525+0900][14.057s][info][gc,phases      ] GC(647) Post Compact 1.499ms
[2026-03-22T19:49:13.525+0900][14.057s][info][gc,heap        ] GC(647) PSYoungGen: 163057K(163840K)->0K(163840K) Eden: 152561K(153088K)->0K(153088K) From: 10496K(10752K)->0K(10752K)
[2026-03-22T19:49:13.525+0900][14.057s][info][gc,heap        ] GC(647) ParOldGen: 291999K(349696K)->103430K(349696K)
[2026-03-22T19:49:13.525+0900][14.057s][info][gc,metaspace   ] GC(647) Metaspace: 338K(512K)->338K(512K) NonClass: 320K(384K)->320K(384K) Class: 17K(128K)->17K(128K)
[2026-03-22T19:49:13.525+0900][14.057s][info][gc             ] GC(647) Pause Full (Ergonomics) 444M->101M(501M) 8.986ms
[2026-03-22T19:49:13.525+0900][14.057s][info][gc,cpu         ] GC(647) User=0.00s Sys=0.02s Real=0.01s
[2026-03-22T19:49:13.540+0900][14.072s][info][gc,start       ] GC(648) Pause Young (Allocation Failure)
[2026-03-22T19:49:13.544+0900][14.076s][info][gc,heap        ] GC(648) PSYoungGen: 152561K(163840K)->10496K(163840K) Eden: 152561K(153088K)->0K(153088K) From: 0K(10752K)->10496K(10752K)
[2026-03-22T19:49:13.544+0900][14.076s][info][gc,heap        ] GC(648) ParOldGen: 103430K(349696K)->197639K(349696K)
[2026-03-22T19:49:13.544+0900][14.076s][info][gc,metaspace   ] GC(648) Metaspace: 338K(512K)->338K(512K) NonClass: 320K(384K)->320K(384K) Class: 17K(128K)->17K(128K)
[2026-03-22T19:49:13.544+0900][14.076s][info][gc             ] GC(648) Pause Young (Allocation Failure) 249M->203M(501M) 4.393ms
[2026-03-22T19:49:13.544+0900][14.076s][info][gc,cpu         ] GC(648) User=0.06s Sys=0.00s Real=0.00s
[2026-03-22T19:49:13.559+0900][14.090s][info][gc,start       ] GC(649) Pause Young (Allocation Failure)
[2026-03-22T19:49:13.563+0900][14.094s][info][gc,heap        ] GC(649) PSYoungGen: 163057K(163840K)->10496K(163840K) Eden: 152561K(153088K)->0K(153088K) From: 10496K(10752K)->10496K(10752K)
[2026-03-22T19:49:13.563+0900][14.095s][info][gc,heap        ] GC(649) ParOldGen: 197639K(349696K)->291999K(349696K)
[2026-03-22T19:49:13.563+0900][14.095s][info][gc,metaspace   ] GC(649) Metaspace: 338K(512K)->338K(512K) NonClass: 320K(384K)->320K(384K) Class: 17K(128K)->17K(128K)
[2026-03-22T19:49:13.563+0900][14.095s][info][gc             ] GC(649) Pause Young (Allocation Failure) 352M->295M(501M) 4.394ms
[2026-03-22T19:49:13.563+0900][14.095s][info][gc,cpu         ] GC(649) User=0.00s Sys=0.00s Real=0.00s
[2026-03-22T19:49:13.578+0900][14.110s][info][gc,start       ] GC(650) Pause Full (Ergonomics)
[2026-03-22T19:49:13.578+0900][14.110s][info][gc,phases,start] GC(650) Marking Phase
[2026-03-22T19:49:13.581+0900][14.112s][info][gc,phases      ] GC(650) Marking Phase 1.434ms
[2026-03-22T19:49:13.581+0900][14.112s][info][gc,phases,start] GC(650) Summary Phase
[2026-03-22T19:49:13.581+0900][14.112s][info][gc,phases      ] GC(650) Summary Phase 0.028ms
[2026-03-22T19:49:13.581+0900][14.112s][info][gc,phases,start] GC(650) Adjust Roots
[2026-03-22T19:49:13.581+0900][14.112s][info][gc,phases      ] GC(650) Adjust Roots 0.226ms
[2026-03-22T19:49:13.581+0900][14.112s][info][gc,phases,start] GC(650) Compaction Phase
[2026-03-22T19:49:13.586+0900][14.118s][info][gc,phases      ] GC(650) Compaction Phase 5.849ms
[2026-03-22T19:49:13.586+0900][14.118s][info][gc,phases,start] GC(650) Post Compact
[2026-03-22T19:49:13.587+0900][14.119s][info][gc,phases      ] GC(650) Post Compact 1.627ms
[2026-03-22T19:49:13.588+0900][14.120s][info][gc,heap        ] GC(650) PSYoungGen: 163057K(163840K)->0K(163840K) Eden: 152561K(153088K)->0K(153088K) From: 10496K(10752K)->0K(10752K)
[2026-03-22T19:49:13.588+0900][14.120s][info][gc,heap        ] GC(650) ParOldGen: 291999K(349696K)->103430K(349696K)
[2026-03-22T19:49:13.588+0900][14.120s][info][gc,metaspace   ] GC(650) Metaspace: 338K(512K)->338K(512K) NonClass: 320K(384K)->320K(384K) Class: 17K(128K)->17K(128K)
[2026-03-22T19:49:13.588+0900][14.120s][info][gc             ] GC(650) Pause Full (Ergonomics) 444M->101M(501M) 9.553ms
[2026-03-22T19:49:13.588+0900][14.120s][info][gc,cpu         ] GC(650) User=0.00s Sys=0.00s Real=0.01s
[2026-03-22T19:49:13.605+0900][14.136s][info][gc,start       ] GC(651) Pause Young (Allocation Failure)
[2026-03-22T19:49:13.609+0900][14.141s][info][gc,heap        ] GC(651) PSYoungGen: 152561K(163840K)->10496K(163840K) Eden: 152561K(153088K)->0K(153088K) From: 0K(10752K)->10496K(10752K)
[2026-03-22T19:49:13.609+0900][14.141s][info][gc,heap        ] GC(651) ParOldGen: 103430K(349696K)->197639K(349696K)
[2026-03-22T19:49:13.609+0900][14.141s][info][gc,metaspace   ] GC(651) Metaspace: 338K(512K)->338K(512K) NonClass: 320K(384K)->320K(384K) Class: 17K(128K)->17K(128K)
[2026-03-22T19:49:13.609+0900][14.141s][info][gc             ] GC(651) Pause Young (Allocation Failure) 249M->203M(501M) 4.719ms
[2026-03-22T19:49:13.609+0900][14.141s][info][gc,cpu         ] GC(651) User=0.00s Sys=0.00s Real=0.00s
[2026-03-22T19:49:13.626+0900][14.157s][info][gc,start       ] GC(652) Pause Young (Allocation Failure)
[2026-03-22T19:49:13.630+0900][14.162s][info][gc,heap        ] GC(652) PSYoungGen: 163057K(163840K)->10496K(163840K) Eden: 152561K(153088K)->0K(153088K) From: 10496K(10752K)->10496K(10752K)
[2026-03-22T19:49:13.630+0900][14.162s][info][gc,heap        ] GC(652) ParOldGen: 197639K(349696K)->291999K(349696K)
[2026-03-22T19:49:13.630+0900][14.162s][info][gc,metaspace   ] GC(652) Metaspace: 338K(512K)->338K(512K) NonClass: 320K(384K)->320K(384K) Class: 17K(128K)->17K(128K)
[2026-03-22T19:49:13.630+0900][14.162s][info][gc             ] GC(652) Pause Young (Allocation Failure) 352M->295M(501M) 4.784ms
[2026-03-22T19:49:13.630+0900][14.162s][info][gc,cpu         ] GC(652) User=0.00s Sys=0.00s Real=0.00s
[2026-03-22T19:49:13.647+0900][14.178s][info][gc,start       ] GC(653) Pause Full (Ergonomics)
[2026-03-22T19:49:13.647+0900][14.178s][info][gc,phases,start] GC(653) Marking Phase
[2026-03-22T19:49:13.648+0900][14.179s][info][gc,phases      ] GC(653) Marking Phase 1.051ms
[2026-03-22T19:49:13.648+0900][14.179s][info][gc,phases,start] GC(653) Summary Phase
[2026-03-22T19:49:13.648+0900][14.179s][info][gc,phases      ] GC(653) Summary Phase 0.020ms
[2026-03-22T19:49:13.648+0900][14.179s][info][gc,phases,start] GC(653) Adjust Roots
[2026-03-22T19:49:13.648+0900][14.179s][info][gc,phases      ] GC(653) Adjust Roots 0.250ms
[2026-03-22T19:49:13.648+0900][14.179s][info][gc,phases,start] GC(653) Compaction Phase
[2026-03-22T19:49:13.653+0900][14.185s][info][gc,phases      ] GC(653) Compaction Phase 5.224ms
[2026-03-22T19:49:13.653+0900][14.185s][info][gc,phases,start] GC(653) Post Compact
[2026-03-22T19:49:13.655+0900][14.186s][info][gc,phases      ] GC(653) Post Compact 1.583ms
[2026-03-22T19:49:13.655+0900][14.186s][info][gc,heap        ] GC(653) PSYoungGen: 163057K(163840K)->0K(163840K) Eden: 152561K(153088K)->0K(153088K) From: 10496K(10752K)->0K(10752K)
[2026-03-22T19:49:13.655+0900][14.186s][info][gc,heap        ] GC(653) ParOldGen: 291999K(349696K)->103430K(349696K)
[2026-03-22T19:49:13.655+0900][14.186s][info][gc,metaspace   ] GC(653) Metaspace: 338K(512K)->338K(512K) NonClass: 320K(384K)->320K(384K) Class: 17K(128K)->17K(128K)
[2026-03-22T19:49:13.655+0900][14.186s][info][gc             ] GC(653) Pause Full (Ergonomics) 444M->101M(501M) 8.411ms
[2026-03-22T19:49:13.655+0900][14.186s][info][gc,cpu         ] GC(653) User=0.05s Sys=0.02s Real=0.01s
[2026-03-22T19:49:13.670+0900][14.202s][info][gc,start       ] GC(654) Pause Young (Allocation Failure)
[2026-03-22T19:49:13.674+0900][14.206s][info][gc,heap        ] GC(654) PSYoungGen: 152561K(163840K)->10496K(163840K) Eden: 152561K(153088K)->0K(153088K) From: 0K(10752K)->10496K(10752K)
[2026-03-22T19:49:13.674+0900][14.206s][info][gc,heap        ] GC(654) ParOldGen: 103430K(349696K)->197639K(349696K)
[2026-03-22T19:49:13.674+0900][14.206s][info][gc,metaspace   ] GC(654) Metaspace: 338K(512K)->338K(512K) NonClass: 320K(384K)->320K(384K) Class: 17K(128K)->17K(128K)
[2026-03-22T19:49:13.674+0900][14.206s][info][gc             ] GC(654) Pause Young (Allocation Failure) 249M->203M(501M) 4.704ms
[2026-03-22T19:49:13.674+0900][14.206s][info][gc,cpu         ] GC(654) User=0.00s Sys=0.00s Real=0.00s
[2026-03-22T19:49:13.692+0900][14.224s][info][gc,start       ] GC(655) Pause Young (Allocation Failure)
[2026-03-22T19:49:13.698+0900][14.229s][info][gc,heap        ] GC(655) PSYoungGen: 163057K(163840K)->10496K(163840K) Eden: 152561K(153088K)->0K(153088K) From: 10496K(10752K)->10496K(10752K)
[2026-03-22T19:49:13.698+0900][14.229s][info][gc,heap        ] GC(655) ParOldGen: 197639K(349696K)->291999K(349696K)
[2026-03-22T19:49:13.698+0900][14.229s][info][gc,metaspace   ] GC(655) Metaspace: 338K(512K)->338K(512K) NonClass: 320K(384K)->320K(384K) Class: 17K(128K)->17K(128K)
[2026-03-22T19:49:13.698+0900][14.229s][info][gc             ] GC(655) Pause Young (Allocation Failure) 352M->295M(501M) 4.940ms
[2026-03-22T19:49:13.698+0900][14.229s][info][gc,cpu         ] GC(655) User=0.06s Sys=0.00s Real=0.01s
[2026-03-22T19:49:13.712+0900][14.244s][info][gc,start       ] GC(656) Pause Full (Ergonomics)
[2026-03-22T19:49:13.712+0900][14.244s][info][gc,phases,start] GC(656) Marking Phase
[2026-03-22T19:49:13.713+0900][14.245s][info][gc,phases      ] GC(656) Marking Phase 1.338ms
[2026-03-22T19:49:13.713+0900][14.245s][info][gc,phases,start] GC(656) Summary Phase
[2026-03-22T19:49:13.713+0900][14.245s][info][gc,phases      ] GC(656) Summary Phase 0.023ms
[2026-03-22T19:49:13.713+0900][14.245s][info][gc,phases,start] GC(656) Adjust Roots
[2026-03-22T19:49:13.713+0900][14.245s][info][gc,phases      ] GC(656) Adjust Roots 0.251ms
[2026-03-22T19:49:13.713+0900][14.245s][info][gc,phases,start] GC(656) Compaction Phase
[2026-03-22T19:49:13.719+0900][14.251s][info][gc,phases      ] GC(656) Compaction Phase 5.457ms
[2026-03-22T19:49:13.719+0900][14.251s][info][gc,phases,start] GC(656) Post Compact
[2026-03-22T19:49:13.721+0900][14.253s][info][gc,phases      ] GC(656) Post Compact 1.757ms
[2026-03-22T19:49:13.721+0900][14.253s][info][gc,heap        ] GC(656) PSYoungGen: 163057K(163840K)->0K(163840K) Eden: 152561K(153088K)->0K(153088K) From: 10496K(10752K)->0K(10752K)
[2026-03-22T19:49:13.721+0900][14.253s][info][gc,heap        ] GC(656) ParOldGen: 291999K(349696K)->103430K(349696K)
[2026-03-22T19:49:13.721+0900][14.253s][info][gc,metaspace   ] GC(656) Metaspace: 338K(512K)->338K(512K) NonClass: 320K(384K)->320K(384K) Class: 17K(128K)->17K(128K)
[2026-03-22T19:49:13.721+0900][14.253s][info][gc             ] GC(656) Pause Full (Ergonomics) 444M->101M(501M) 9.222ms
[2026-03-22T19:49:13.721+0900][14.253s][info][gc,cpu         ] GC(656) User=0.05s Sys=0.00s Real=0.01s
[2026-03-22T19:49:13.735+0900][14.267s][info][gc,start       ] GC(657) Pause Young (Allocation Failure)
[2026-03-22T19:49:13.741+0900][14.272s][info][gc,heap        ] GC(657) PSYoungGen: 152561K(163840K)->10496K(163840K) Eden: 152561K(153088K)->0K(153088K) From: 0K(10752K)->10496K(10752K)
[2026-03-22T19:49:13.741+0900][14.272s][info][gc,heap        ] GC(657) ParOldGen: 103430K(349696K)->197639K(349696K)
[2026-03-22T19:49:13.741+0900][14.272s][info][gc,metaspace   ] GC(657) Metaspace: 338K(512K)->338K(512K) NonClass: 320K(384K)->320K(384K) Class: 17K(128K)->17K(128K)
[2026-03-22T19:49:13.741+0900][14.272s][info][gc             ] GC(657) Pause Young (Allocation Failure) 249M->203M(501M) 5.312ms
[2026-03-22T19:49:13.741+0900][14.272s][info][gc,cpu         ] GC(657) User=0.00s Sys=0.00s Real=0.01s
[2026-03-22T19:49:13.756+0900][14.287s][info][gc,start       ] GC(658) Pause Young (Allocation Failure)
[2026-03-22T19:49:13.760+0900][14.292s][info][gc,heap        ] GC(658) PSYoungGen: 163057K(163840K)->10496K(163840K) Eden: 152561K(153088K)->0K(153088K) From: 10496K(10752K)->10496K(10752K)
[2026-03-22T19:49:13.760+0900][14.293s][info][gc,heap        ] GC(658) ParOldGen: 197639K(349696K)->291999K(349696K)
[2026-03-22T19:49:13.760+0900][14.293s][info][gc,metaspace   ] GC(658) Metaspace: 338K(512K)->338K(512K) NonClass: 320K(384K)->320K(384K) Class: 17K(128K)->17K(128K)
[2026-03-22T19:49:13.762+0900][14.293s][info][gc             ] GC(658) Pause Young (Allocation Failure) 352M->295M(501M) 5.169ms
[2026-03-22T19:49:13.762+0900][14.293s][info][gc,cpu         ] GC(658) User=0.06s Sys=0.00s Real=0.01s
[2026-03-22T19:49:13.776+0900][14.307s][info][gc,start       ] GC(659) Pause Full (Ergonomics)
[2026-03-22T19:49:13.776+0900][14.307s][info][gc,phases,start] GC(659) Marking Phase
[2026-03-22T19:49:13.778+0900][14.309s][info][gc,phases      ] GC(659) Marking Phase 1.688ms
[2026-03-22T19:49:13.778+0900][14.309s][info][gc,phases,start] GC(659) Summary Phase
[2026-03-22T19:49:13.778+0900][14.309s][info][gc,phases      ] GC(659) Summary Phase 0.025ms
[2026-03-22T19:49:13.778+0900][14.309s][info][gc,phases,start] GC(659) Adjust Roots
[2026-03-22T19:49:13.778+0900][14.309s][info][gc,phases      ] GC(659) Adjust Roots 0.321ms
[2026-03-22T19:49:13.778+0900][14.309s][info][gc,phases,start] GC(659) Compaction Phase
[2026-03-22T19:49:13.784+0900][14.315s][info][gc,phases      ] GC(659) Compaction Phase 6.171ms
[2026-03-22T19:49:13.784+0900][14.315s][info][gc,phases,start] GC(659) Post Compact
[2026-03-22T19:49:13.785+0900][14.317s][info][gc,phases      ] GC(659) Post Compact 1.596ms
[2026-03-22T19:49:13.785+0900][14.317s][info][gc,heap        ] GC(659) PSYoungGen: 163057K(163840K)->0K(163840K) Eden: 152561K(153088K)->0K(153088K) From: 10496K(10752K)->0K(10752K)
[2026-03-22T19:49:13.785+0900][14.317s][info][gc,heap        ] GC(659) ParOldGen: 291999K(349696K)->103430K(349696K)
[2026-03-22T19:49:13.785+0900][14.317s][info][gc,metaspace   ] GC(659) Metaspace: 338K(512K)->338K(512K) NonClass: 320K(384K)->320K(384K) Class: 17K(128K)->17K(128K)
[2026-03-22T19:49:13.785+0900][14.317s][info][gc             ] GC(659) Pause Full (Ergonomics) 444M->101M(501M) 10.170ms
[2026-03-22T19:49:13.785+0900][14.317s][info][gc,cpu         ] GC(659) User=0.00s Sys=0.00s Real=0.01s
[2026-03-22T19:49:13.804+0900][14.335s][info][gc,start       ] GC(660) Pause Young (Allocation Failure)
[2026-03-22T19:49:13.809+0900][14.340s][info][gc,heap        ] GC(660) PSYoungGen: 152561K(163840K)->10496K(163840K) Eden: 152561K(153088K)->0K(153088K) From: 0K(10752K)->10496K(10752K)
[2026-03-22T19:49:13.809+0900][14.340s][info][gc,heap        ] GC(660) ParOldGen: 103430K(349696K)->197639K(349696K)
[2026-03-22T19:49:13.809+0900][14.340s][info][gc,metaspace   ] GC(660) Metaspace: 338K(512K)->338K(512K) NonClass: 320K(384K)->320K(384K) Class: 17K(128K)->17K(128K)
[2026-03-22T19:49:13.809+0900][14.340s][info][gc             ] GC(660) Pause Young (Allocation Failure) 249M->203M(501M) 5.176ms
[2026-03-22T19:49:13.809+0900][14.340s][info][gc,cpu         ] GC(660) User=0.06s Sys=0.00s Real=0.01s
[2026-03-22T19:49:13.824+0900][14.356s][info][gc,start       ] GC(661) Pause Young (Allocation Failure)
[2026-03-22T19:49:13.829+0900][14.361s][info][gc,heap        ] GC(661) PSYoungGen: 163057K(163840K)->10496K(163840K) Eden: 152561K(153088K)->0K(153088K) From: 10496K(10752K)->10496K(10752K)
[2026-03-22T19:49:13.829+0900][14.361s][info][gc,heap        ] GC(661) ParOldGen: 197639K(349696K)->291999K(349696K)
[2026-03-22T19:49:13.830+0900][14.361s][info][gc,metaspace   ] GC(661) Metaspace: 338K(512K)->338K(512K) NonClass: 320K(384K)->320K(384K) Class: 17K(128K)->17K(128K)
[2026-03-22T19:49:13.830+0900][14.361s][info][gc             ] GC(661) Pause Young (Allocation Failure) 352M->295M(501M) 4.919ms
[2026-03-22T19:49:13.830+0900][14.361s][info][gc,cpu         ] GC(661) User=0.00s Sys=0.00s Real=0.01s
[2026-03-22T19:49:13.844+0900][14.375s][info][gc,start       ] GC(662) Pause Full (Ergonomics)
[2026-03-22T19:49:13.844+0900][14.375s][info][gc,phases,start] GC(662) Marking Phase
[2026-03-22T19:49:13.845+0900][14.376s][info][gc,phases      ] GC(662) Marking Phase 1.310ms
[2026-03-22T19:49:13.845+0900][14.376s][info][gc,phases,start] GC(662) Summary Phase
[2026-03-22T19:49:13.845+0900][14.376s][info][gc,phases      ] GC(662) Summary Phase 0.024ms
[2026-03-22T19:49:13.845+0900][14.377s][info][gc,phases,start] GC(662) Adjust Roots
[2026-03-22T19:49:13.845+0900][14.377s][info][gc,phases      ] GC(662) Adjust Roots 0.208ms
[2026-03-22T19:49:13.845+0900][14.377s][info][gc,phases,start] GC(662) Compaction Phase
[2026-03-22T19:49:13.852+0900][14.383s][info][gc,phases      ] GC(662) Compaction Phase 6.269ms
[2026-03-22T19:49:13.852+0900][14.383s][info][gc,phases,start] GC(662) Post Compact
[2026-03-22T19:49:13.854+0900][14.385s][info][gc,phases      ] GC(662) Post Compact 1.987ms
[2026-03-22T19:49:13.854+0900][14.385s][info][gc,heap        ] GC(662) PSYoungGen: 163057K(163840K)->0K(163840K) Eden: 152561K(153088K)->0K(153088K) From: 10496K(10752K)->0K(10752K)
[2026-03-22T19:49:13.854+0900][14.385s][info][gc,heap        ] GC(662) ParOldGen: 291999K(349696K)->103430K(349696K)
[2026-03-22T19:49:13.854+0900][14.385s][info][gc,metaspace   ] GC(662) Metaspace: 338K(512K)->338K(512K) NonClass: 320K(384K)->320K(384K) Class: 17K(128K)->17K(128K)
[2026-03-22T19:49:13.854+0900][14.385s][info][gc             ] GC(662) Pause Full (Ergonomics) 444M->101M(501M) 10.206ms
[2026-03-22T19:49:13.854+0900][14.385s][info][gc,cpu         ] GC(662) User=0.02s Sys=0.00s Real=0.01s
[2026-03-22T19:49:13.871+0900][14.402s][info][gc,start       ] GC(663) Pause Young (Allocation Failure)
[2026-03-22T19:49:13.875+0900][14.407s][info][gc,heap        ] GC(663) PSYoungGen: 152561K(163840K)->10496K(163840K) Eden: 152561K(153088K)->0K(153088K) From: 0K(10752K)->10496K(10752K)
[2026-03-22T19:49:13.875+0900][14.407s][info][gc,heap        ] GC(663) ParOldGen: 103430K(349696K)->197639K(349696K)
[2026-03-22T19:49:13.875+0900][14.407s][info][gc,metaspace   ] GC(663) Metaspace: 338K(512K)->338K(512K) NonClass: 320K(384K)->320K(384K) Class: 17K(128K)->17K(128K)
[2026-03-22T19:49:13.875+0900][14.407s][info][gc             ] GC(663) Pause Young (Allocation Failure) 249M->203M(501M) 4.732ms
[2026-03-22T19:49:13.875+0900][14.407s][info][gc,cpu         ] GC(663) User=0.00s Sys=0.00s Real=0.00s
[2026-03-22T19:49:13.891+0900][14.423s][info][gc,start       ] GC(664) Pause Young (Allocation Failure)
[2026-03-22T19:49:13.898+0900][14.429s][info][gc,heap        ] GC(664) PSYoungGen: 163057K(163840K)->10496K(163840K) Eden: 152561K(153088K)->0K(153088K) From: 10496K(10752K)->10496K(10752K)
[2026-03-22T19:49:13.898+0900][14.429s][info][gc,heap        ] GC(664) ParOldGen: 197639K(349696K)->291999K(349696K)
[2026-03-22T19:49:13.898+0900][14.429s][info][gc,metaspace   ] GC(664) Metaspace: 338K(512K)->338K(512K) NonClass: 320K(384K)->320K(384K) Class: 17K(128K)->17K(128K)
[2026-03-22T19:49:13.898+0900][14.429s][info][gc             ] GC(664) Pause Young (Allocation Failure) 352M->295M(501M) 6.001ms
[2026-03-22T19:49:13.898+0900][14.429s][info][gc,cpu         ] GC(664) User=0.00s Sys=0.00s Real=0.01s
[2026-03-22T19:49:13.913+0900][14.445s][info][gc,start       ] GC(665) Pause Full (Ergonomics)
[2026-03-22T19:49:13.913+0900][14.445s][info][gc,phases,start] GC(665) Marking Phase
[2026-03-22T19:49:13.915+0900][14.446s][info][gc,phases      ] GC(665) Marking Phase 1.171ms
[2026-03-22T19:49:13.915+0900][14.446s][info][gc,phases,start] GC(665) Summary Phase
[2026-03-22T19:49:13.915+0900][14.446s][info][gc,phases      ] GC(665) Summary Phase 0.018ms
[2026-03-22T19:49:13.915+0900][14.446s][info][gc,phases,start] GC(665) Adjust Roots
[2026-03-22T19:49:13.915+0900][14.446s][info][gc,phases      ] GC(665) Adjust Roots 0.174ms
[2026-03-22T19:49:13.915+0900][14.446s][info][gc,phases,start] GC(665) Compaction Phase
[2026-03-22T19:49:13.921+0900][14.452s][info][gc,phases      ] GC(665) Compaction Phase 5.859ms
[2026-03-22T19:49:13.921+0900][14.452s][info][gc,phases,start] GC(665) Post Compact
[2026-03-22T19:49:13.922+0900][14.454s][info][gc,phases      ] GC(665) Post Compact 1.566ms
[2026-03-22T19:49:13.922+0900][14.454s][info][gc,heap        ] GC(665) PSYoungGen: 163057K(163840K)->0K(163840K) Eden: 152561K(153088K)->0K(153088K) From: 10496K(10752K)->0K(10752K)
[2026-03-22T19:49:13.922+0900][14.454s][info][gc,heap        ] GC(665) ParOldGen: 291999K(349696K)->103430K(349696K)
[2026-03-22T19:49:13.922+0900][14.454s][info][gc,metaspace   ] GC(665) Metaspace: 338K(512K)->338K(512K) NonClass: 320K(384K)->320K(384K) Class: 17K(128K)->17K(128K)
[2026-03-22T19:49:13.922+0900][14.454s][info][gc             ] GC(665) Pause Full (Ergonomics) 444M->101M(501M) 9.078ms
[2026-03-22T19:49:13.922+0900][14.454s][info][gc,cpu         ] GC(665) User=0.05s Sys=0.02s Real=0.01s
[2026-03-22T19:49:13.938+0900][14.469s][info][gc,start       ] GC(666) Pause Young (Allocation Failure)
[2026-03-22T19:49:13.943+0900][14.475s][info][gc,heap        ] GC(666) PSYoungGen: 152561K(163840K)->10496K(163840K) Eden: 152561K(153088K)->0K(153088K) From: 0K(10752K)->10496K(10752K)
[2026-03-22T19:49:13.943+0900][14.475s][info][gc,heap        ] GC(666) ParOldGen: 103430K(349696K)->197639K(349696K)
[2026-03-22T19:49:13.943+0900][14.475s][info][gc,metaspace   ] GC(666) Metaspace: 338K(512K)->338K(512K) NonClass: 320K(384K)->320K(384K) Class: 17K(128K)->17K(128K)
[2026-03-22T19:49:13.943+0900][14.475s][info][gc             ] GC(666) Pause Young (Allocation Failure) 249M->203M(501M) 5.187ms
[2026-03-22T19:49:13.943+0900][14.475s][info][gc,cpu         ] GC(666) User=0.00s Sys=0.00s Real=0.01s
[2026-03-22T19:49:13.958+0900][14.490s][info][gc,start       ] GC(667) Pause Young (Allocation Failure)
[2026-03-22T19:49:13.963+0900][14.494s][info][gc,heap        ] GC(667) PSYoungGen: 163057K(163840K)->10496K(163840K) Eden: 152561K(153088K)->0K(153088K) From: 10496K(10752K)->10496K(10752K)
[2026-03-22T19:49:13.963+0900][14.495s][info][gc,heap        ] GC(667) ParOldGen: 197639K(349696K)->291999K(349696K)
[2026-03-22T19:49:13.963+0900][14.495s][info][gc,metaspace   ] GC(667) Metaspace: 338K(512K)->338K(512K) NonClass: 320K(384K)->320K(384K) Class: 17K(128K)->17K(128K)
[2026-03-22T19:49:13.963+0900][14.495s][info][gc             ] GC(667) Pause Young (Allocation Failure) 352M->295M(501M) 4.958ms
[2026-03-22T19:49:13.963+0900][14.495s][info][gc,cpu         ] GC(667) User=0.03s Sys=0.00s Real=0.01s
[2026-03-22T19:49:13.979+0900][14.511s][info][gc,start       ] GC(668) Pause Full (Ergonomics)
[2026-03-22T19:49:13.979+0900][14.511s][info][gc,phases,start] GC(668) Marking Phase
[2026-03-22T19:49:13.981+0900][14.513s][info][gc,phases      ] GC(668) Marking Phase 1.391ms
[2026-03-22T19:49:13.981+0900][14.513s][info][gc,phases,start] GC(668) Summary Phase
[2026-03-22T19:49:13.981+0900][14.513s][info][gc,phases      ] GC(668) Summary Phase 0.021ms
[2026-03-22T19:49:13.981+0900][14.513s][info][gc,phases,start] GC(668) Adjust Roots
[2026-03-22T19:49:13.981+0900][14.513s][info][gc,phases      ] GC(668) Adjust Roots 0.344ms
[2026-03-22T19:49:13.981+0900][14.513s][info][gc,phases,start] GC(668) Compaction Phase
[2026-03-22T19:49:13.990+0900][14.522s][info][gc,phases      ] GC(668) Compaction Phase 8.674ms
[2026-03-22T19:49:13.990+0900][14.522s][info][gc,phases,start] GC(668) Post Compact
[2026-03-22T19:49:13.992+0900][14.524s][info][gc,phases      ] GC(668) Post Compact 2.179ms
[2026-03-22T19:49:13.992+0900][14.524s][info][gc,heap        ] GC(668) PSYoungGen: 163057K(163840K)->0K(163840K) Eden: 152561K(153088K)->0K(153088K) From: 10496K(10752K)->0K(10752K)
[2026-03-22T19:49:13.992+0900][14.524s][info][gc,heap        ] GC(668) ParOldGen: 291999K(349696K)->103430K(349696K)
[2026-03-22T19:49:13.992+0900][14.524s][info][gc,metaspace   ] GC(668) Metaspace: 338K(512K)->338K(512K) NonClass: 320K(384K)->320K(384K) Class: 17K(128K)->17K(128K)
[2026-03-22T19:49:13.992+0900][14.524s][info][gc             ] GC(668) Pause Full (Ergonomics) 444M->101M(501M) 13.149ms
[2026-03-22T19:49:13.992+0900][14.524s][info][gc,cpu         ] GC(668) User=0.00s Sys=0.00s Real=0.01s
[2026-03-22T19:49:14.009+0900][14.541s][info][gc,start       ] GC(669) Pause Young (Allocation Failure)
[2026-03-22T19:49:14.014+0900][14.546s][info][gc,heap        ] GC(669) PSYoungGen: 152561K(163840K)->10496K(163840K) Eden: 152561K(153088K)->0K(153088K) From: 0K(10752K)->10496K(10752K)
[2026-03-22T19:49:14.014+0900][14.546s][info][gc,heap        ] GC(669) ParOldGen: 103430K(349696K)->197639K(349696K)
[2026-03-22T19:49:14.014+0900][14.546s][info][gc,metaspace   ] GC(669) Metaspace: 338K(512K)->338K(512K) NonClass: 320K(384K)->320K(384K) Class: 17K(128K)->17K(128K)
[2026-03-22T19:49:14.014+0900][14.546s][info][gc             ] GC(669) Pause Young (Allocation Failure) 249M->203M(501M) 4.880ms
[2026-03-22T19:49:14.014+0900][14.546s][info][gc,cpu         ] GC(669) User=0.00s Sys=0.00s Real=0.00s
[2026-03-22T19:49:14.030+0900][14.561s][info][gc,start       ] GC(670) Pause Young (Allocation Failure)
[2026-03-22T19:49:14.035+0900][14.567s][info][gc,heap        ] GC(670) PSYoungGen: 163057K(163840K)->10496K(163840K) Eden: 152561K(153088K)->0K(153088K) From: 10496K(10752K)->10496K(10752K)
[2026-03-22T19:49:14.035+0900][14.567s][info][gc,heap        ] GC(670) ParOldGen: 197639K(349696K)->291999K(349696K)
[2026-03-22T19:49:14.035+0900][14.567s][info][gc,metaspace   ] GC(670) Metaspace: 338K(512K)->338K(512K) NonClass: 320K(384K)->320K(384K) Class: 17K(128K)->17K(128K)
[2026-03-22T19:49:14.035+0900][14.567s][info][gc             ] GC(670) Pause Young (Allocation Failure) 352M->295M(501M) 5.149ms
[2026-03-22T19:49:14.035+0900][14.567s][info][gc,cpu         ] GC(670) User=0.00s Sys=0.00s Real=0.01s
[2026-03-22T19:49:14.051+0900][14.583s][info][gc,start       ] GC(671) Pause Full (Ergonomics)
[2026-03-22T19:49:14.052+0900][14.583s][info][gc,phases,start] GC(671) Marking Phase
[2026-03-22T19:49:14.053+0900][14.585s][info][gc,phases      ] GC(671) Marking Phase 1.580ms
[2026-03-22T19:49:14.053+0900][14.585s][info][gc,phases,start] GC(671) Summary Phase
[2026-03-22T19:49:14.053+0900][14.585s][info][gc,phases      ] GC(671) Summary Phase 0.019ms
[2026-03-22T19:49:14.053+0900][14.585s][info][gc,phases,start] GC(671) Adjust Roots
[2026-03-22T19:49:14.054+0900][14.585s][info][gc,phases      ] GC(671) Adjust Roots 0.458ms
[2026-03-22T19:49:14.054+0900][14.586s][info][gc,phases,start] GC(671) Compaction Phase
[2026-03-22T19:49:14.060+0900][14.592s][info][gc,phases      ] GC(671) Compaction Phase 5.988ms
[2026-03-22T19:49:14.060+0900][14.592s][info][gc,phases,start] GC(671) Post Compact
[2026-03-22T19:49:14.062+0900][14.593s][info][gc,phases      ] GC(671) Post Compact 1.402ms
[2026-03-22T19:49:14.062+0900][14.593s][info][gc,heap        ] GC(671) PSYoungGen: 163057K(163840K)->0K(163840K) Eden: 152561K(153088K)->0K(153088K) From: 10496K(10752K)->0K(10752K)
[2026-03-22T19:49:14.062+0900][14.593s][info][gc,heap        ] GC(671) ParOldGen: 291999K(349696K)->103430K(349696K)
[2026-03-22T19:49:14.062+0900][14.593s][info][gc,metaspace   ] GC(671) Metaspace: 338K(512K)->338K(512K) NonClass: 320K(384K)->320K(384K) Class: 17K(128K)->17K(128K)
[2026-03-22T19:49:14.062+0900][14.593s][info][gc             ] GC(671) Pause Full (Ergonomics) 444M->101M(501M) 9.825ms
[2026-03-22T19:49:14.062+0900][14.593s][info][gc,cpu         ] GC(671) User=0.06s Sys=0.00s Real=0.01s
[2026-03-22T19:49:14.077+0900][14.608s][info][gc,start       ] GC(672) Pause Young (Allocation Failure)
[2026-03-22T19:49:14.082+0900][14.613s][info][gc,heap        ] GC(672) PSYoungGen: 152561K(163840K)->10496K(163840K) Eden: 152561K(153088K)->0K(153088K) From: 0K(10752K)->10496K(10752K)
[2026-03-22T19:49:14.082+0900][14.614s][info][gc,heap        ] GC(672) ParOldGen: 103430K(349696K)->197639K(349696K)
[2026-03-22T19:49:14.082+0900][14.614s][info][gc,metaspace   ] GC(672) Metaspace: 338K(512K)->338K(512K) NonClass: 320K(384K)->320K(384K) Class: 17K(128K)->17K(128K)
[2026-03-22T19:49:14.082+0900][14.614s][info][gc             ] GC(672) Pause Young (Allocation Failure) 249M->203M(501M) 5.136ms
[2026-03-22T19:49:14.082+0900][14.614s][info][gc,cpu         ] GC(672) User=0.00s Sys=0.00s Real=0.01s
[2026-03-22T19:49:14.096+0900][14.628s][info][gc,start       ] GC(673) Pause Young (Allocation Failure)
[2026-03-22T19:49:14.101+0900][14.633s][info][gc,heap        ] GC(673) PSYoungGen: 163057K(163840K)->10496K(163840K) Eden: 152561K(153088K)->0K(153088K) From: 10496K(10752K)->10496K(10752K)
[2026-03-22T19:49:14.101+0900][14.633s][info][gc,heap        ] GC(673) ParOldGen: 197639K(349696K)->291999K(349696K)
[2026-03-22T19:49:14.101+0900][14.633s][info][gc,metaspace   ] GC(673) Metaspace: 338K(512K)->338K(512K) NonClass: 320K(384K)->320K(384K) Class: 17K(128K)->17K(128K)
[2026-03-22T19:49:14.101+0900][14.633s][info][gc             ] GC(673) Pause Young (Allocation Failure) 352M->295M(501M) 5.296ms
[2026-03-22T19:49:14.101+0900][14.633s][info][gc,cpu         ] GC(673) User=0.00s Sys=0.00s Real=0.01s
[2026-03-22T19:49:14.116+0900][14.647s][info][gc,start       ] GC(674) Pause Full (Ergonomics)
[2026-03-22T19:49:14.116+0900][14.648s][info][gc,phases,start] GC(674) Marking Phase
[2026-03-22T19:49:14.117+0900][14.649s][info][gc,phases      ] GC(674) Marking Phase 1.307ms
[2026-03-22T19:49:14.117+0900][14.649s][info][gc,phases,start] GC(674) Summary Phase
[2026-03-22T19:49:14.117+0900][14.649s][info][gc,phases      ] GC(674) Summary Phase 0.024ms
[2026-03-22T19:49:14.117+0900][14.649s][info][gc,phases,start] GC(674) Adjust Roots
[2026-03-22T19:49:14.117+0900][14.649s][info][gc,phases      ] GC(674) Adjust Roots 0.216ms
[2026-03-22T19:49:14.118+0900][14.649s][info][gc,phases,start] GC(674) Compaction Phase
[2026-03-22T19:49:14.124+0900][14.655s][info][gc,phases      ] GC(674) Compaction Phase 6.090ms
[2026-03-22T19:49:14.124+0900][14.655s][info][gc,phases,start] GC(674) Post Compact
[2026-03-22T19:49:14.125+0900][14.657s][info][gc,phases      ] GC(674) Post Compact 1.382ms
[2026-03-22T19:49:14.125+0900][14.657s][info][gc,heap        ] GC(674) PSYoungGen: 163057K(163840K)->0K(163840K) Eden: 152561K(153088K)->0K(153088K) From: 10496K(10752K)->0K(10752K)
[2026-03-22T19:49:14.125+0900][14.657s][info][gc,heap        ] GC(674) ParOldGen: 291999K(349696K)->103430K(349696K)
[2026-03-22T19:49:14.125+0900][14.657s][info][gc,metaspace   ] GC(674) Metaspace: 338K(512K)->338K(512K) NonClass: 320K(384K)->320K(384K) Class: 17K(128K)->17K(128K)
[2026-03-22T19:49:14.125+0900][14.657s][info][gc             ] GC(674) Pause Full (Ergonomics) 444M->101M(501M) 9.307ms
[2026-03-22T19:49:14.125+0900][14.657s][info][gc,cpu         ] GC(674) User=0.06s Sys=0.00s Real=0.01s
[2026-03-22T19:49:14.143+0900][14.674s][info][gc,start       ] GC(675) Pause Young (Allocation Failure)
[2026-03-22T19:49:14.148+0900][14.679s][info][gc,heap        ] GC(675) PSYoungGen: 152561K(163840K)->10496K(163840K) Eden: 152561K(153088K)->0K(153088K) From: 0K(10752K)->10496K(10752K)
[2026-03-22T19:49:14.148+0900][14.679s][info][gc,heap        ] GC(675) ParOldGen: 103430K(349696K)->197639K(349696K)
[2026-03-22T19:49:14.148+0900][14.679s][info][gc,metaspace   ] GC(675) Metaspace: 338K(512K)->338K(512K) NonClass: 320K(384K)->320K(384K) Class: 17K(128K)->17K(128K)
[2026-03-22T19:49:14.148+0900][14.679s][info][gc             ] GC(675) Pause Young (Allocation Failure) 249M->203M(501M) 5.024ms
[2026-03-22T19:49:14.148+0900][14.679s][info][gc,cpu         ] GC(675) User=0.00s Sys=0.00s Real=0.01s
[2026-03-22T19:49:14.163+0900][14.695s][info][gc,start       ] GC(676) Pause Young (Allocation Failure)
[2026-03-22T19:49:14.168+0900][14.700s][info][gc,heap        ] GC(676) PSYoungGen: 163057K(163840K)->10496K(163840K) Eden: 152561K(153088K)->0K(153088K) From: 10496K(10752K)->10496K(10752K)
[2026-03-22T19:49:14.168+0900][14.700s][info][gc,heap        ] GC(676) ParOldGen: 197639K(349696K)->291999K(349696K)
[2026-03-22T19:49:14.168+0900][14.700s][info][gc,metaspace   ] GC(676) Metaspace: 338K(512K)->338K(512K) NonClass: 320K(384K)->320K(384K) Class: 17K(128K)->17K(128K)
[2026-03-22T19:49:14.168+0900][14.700s][info][gc             ] GC(676) Pause Young (Allocation Failure) 352M->295M(501M) 5.013ms
[2026-03-22T19:49:14.169+0900][14.700s][info][gc,cpu         ] GC(676) User=0.06s Sys=0.00s Real=0.01s
[2026-03-22T19:49:14.183+0900][14.714s][info][gc,start       ] GC(677) Pause Full (Ergonomics)
[2026-03-22T19:49:14.183+0900][14.714s][info][gc,phases,start] GC(677) Marking Phase
[2026-03-22T19:49:14.184+0900][14.716s][info][gc,phases      ] GC(677) Marking Phase 1.375ms
[2026-03-22T19:49:14.185+0900][14.716s][info][gc,phases,start] GC(677) Summary Phase
[2026-03-22T19:49:14.185+0900][14.716s][info][gc,phases      ] GC(677) Summary Phase 0.035ms
[2026-03-22T19:49:14.185+0900][14.716s][info][gc,phases,start] GC(677) Adjust Roots
[2026-03-22T19:49:14.185+0900][14.716s][info][gc,phases      ] GC(677) Adjust Roots 0.233ms
[2026-03-22T19:49:14.185+0900][14.716s][info][gc,phases,start] GC(677) Compaction Phase
[2026-03-22T19:49:14.191+0900][14.722s][info][gc,phases      ] GC(677) Compaction Phase 5.928ms
[2026-03-22T19:49:14.191+0900][14.722s][info][gc,phases,start] GC(677) Post Compact
[2026-03-22T19:49:14.193+0900][14.724s][info][gc,phases      ] GC(677) Post Compact 1.844ms
[2026-03-22T19:49:14.193+0900][14.724s][info][gc,heap        ] GC(677) PSYoungGen: 163057K(163840K)->0K(163840K) Eden: 152561K(153088K)->0K(153088K) From: 10496K(10752K)->0K(10752K)
[2026-03-22T19:49:14.193+0900][14.724s][info][gc,heap        ] GC(677) ParOldGen: 291999K(349696K)->103430K(349696K)
[2026-03-22T19:49:14.193+0900][14.724s][info][gc,metaspace   ] GC(677) Metaspace: 338K(512K)->338K(512K) NonClass: 320K(384K)->320K(384K) Class: 17K(128K)->17K(128K)
[2026-03-22T19:49:14.193+0900][14.724s][info][gc             ] GC(677) Pause Full (Ergonomics) 444M->101M(501M) 9.787ms
[2026-03-22T19:49:14.193+0900][14.724s][info][gc,cpu         ] GC(677) User=0.00s Sys=0.00s Real=0.01s
[2026-03-22T19:49:14.210+0900][14.741s][info][gc,start       ] GC(678) Pause Young (Allocation Failure)
[2026-03-22T19:49:14.214+0900][14.746s][info][gc,heap        ] GC(678) PSYoungGen: 152561K(163840K)->10496K(163840K) Eden: 152561K(153088K)->0K(153088K) From: 0K(10752K)->10496K(10752K)
[2026-03-22T19:49:14.215+0900][14.746s][info][gc,heap        ] GC(678) ParOldGen: 103430K(349696K)->197639K(349696K)
[2026-03-22T19:49:14.215+0900][14.746s][info][gc,metaspace   ] GC(678) Metaspace: 338K(512K)->338K(512K) NonClass: 320K(384K)->320K(384K) Class: 17K(128K)->17K(128K)
[2026-03-22T19:49:14.215+0900][14.746s][info][gc             ] GC(678) Pause Young (Allocation Failure) 249M->203M(501M) 5.048ms
[2026-03-22T19:49:14.215+0900][14.746s][info][gc,cpu         ] GC(678) User=0.06s Sys=0.00s Real=0.00s
[2026-03-22T19:49:14.230+0900][14.761s][info][gc,start       ] GC(679) Pause Young (Allocation Failure)
[2026-03-22T19:49:14.234+0900][14.765s][info][gc,heap        ] GC(679) PSYoungGen: 163057K(163840K)->10496K(163840K) Eden: 152561K(153088K)->0K(153088K) From: 10496K(10752K)->10496K(10752K)
[2026-03-22T19:49:14.234+0900][14.766s][info][gc,heap        ] GC(679) ParOldGen: 197639K(349696K)->291999K(349696K)
[2026-03-22T19:49:14.234+0900][14.766s][info][gc,metaspace   ] GC(679) Metaspace: 338K(512K)->338K(512K) NonClass: 320K(384K)->320K(384K) Class: 17K(128K)->17K(128K)
[2026-03-22T19:49:14.234+0900][14.766s][info][gc             ] GC(679) Pause Young (Allocation Failure) 352M->295M(501M) 4.738ms
[2026-03-22T19:49:14.234+0900][14.766s][info][gc,cpu         ] GC(679) User=0.00s Sys=0.00s Real=0.00s
[2026-03-22T19:49:14.249+0900][14.781s][info][gc,start       ] GC(680) Pause Full (Ergonomics)
[2026-03-22T19:49:14.249+0900][14.781s][info][gc,phases,start] GC(680) Marking Phase
[2026-03-22T19:49:14.250+0900][14.782s][info][gc,phases      ] GC(680) Marking Phase 1.211ms
[2026-03-22T19:49:14.250+0900][14.782s][info][gc,phases,start] GC(680) Summary Phase
[2026-03-22T19:49:14.250+0900][14.782s][info][gc,phases      ] GC(680) Summary Phase 0.035ms
[2026-03-22T19:49:14.250+0900][14.782s][info][gc,phases,start] GC(680) Adjust Roots
[2026-03-22T19:49:14.251+0900][14.782s][info][gc,phases      ] GC(680) Adjust Roots 0.240ms
[2026-03-22T19:49:14.251+0900][14.782s][info][gc,phases,start] GC(680) Compaction Phase
[2026-03-22T19:49:14.256+0900][14.788s][info][gc,phases      ] GC(680) Compaction Phase 5.577ms
[2026-03-22T19:49:14.256+0900][14.788s][info][gc,phases,start] GC(680) Post Compact
[2026-03-22T19:49:14.258+0900][14.789s][info][gc,phases      ] GC(680) Post Compact 1.517ms
[2026-03-22T19:49:14.258+0900][14.789s][info][gc,heap        ] GC(680) PSYoungGen: 163057K(163840K)->0K(163840K) Eden: 152561K(153088K)->0K(153088K) From: 10496K(10752K)->0K(10752K)
[2026-03-22T19:49:14.258+0900][14.789s][info][gc,heap        ] GC(680) ParOldGen: 291999K(349696K)->103430K(349696K)
[2026-03-22T19:49:14.258+0900][14.790s][info][gc,metaspace   ] GC(680) Metaspace: 338K(512K)->338K(512K) NonClass: 320K(384K)->320K(384K) Class: 17K(128K)->17K(128K)
[2026-03-22T19:49:14.258+0900][14.790s][info][gc             ] GC(680) Pause Full (Ergonomics) 444M->101M(501M) 8.929ms
[2026-03-22T19:49:14.258+0900][14.790s][info][gc,cpu         ] GC(680) User=0.00s Sys=0.00s Real=0.01s
[2026-03-22T19:49:14.273+0900][14.805s][info][gc,start       ] GC(681) Pause Young (Allocation Failure)
[2026-03-22T19:49:14.278+0900][14.810s][info][gc,heap        ] GC(681) PSYoungGen: 152561K(163840K)->10496K(163840K) Eden: 152561K(153088K)->0K(153088K) From: 0K(10752K)->10496K(10752K)
[2026-03-22T19:49:14.278+0900][14.810s][info][gc,heap        ] GC(681) ParOldGen: 103430K(349696K)->197639K(349696K)
[2026-03-22T19:49:14.278+0900][14.810s][info][gc,metaspace   ] GC(681) Metaspace: 338K(512K)->338K(512K) NonClass: 320K(384K)->320K(384K) Class: 17K(128K)->17K(128K)
[2026-03-22T19:49:14.278+0900][14.810s][info][gc             ] GC(681) Pause Young (Allocation Failure) 249M->203M(501M) 5.105ms
[2026-03-22T19:49:14.278+0900][14.810s][info][gc,cpu         ] GC(681) User=0.06s Sys=0.00s Real=0.01s
[2026-03-22T19:49:14.294+0900][14.826s][info][gc,start       ] GC(682) Pause Young (Allocation Failure)
[2026-03-22T19:49:14.299+0900][14.830s][info][gc,heap        ] GC(682) PSYoungGen: 163057K(163840K)->10496K(163840K) Eden: 152561K(153088K)->0K(153088K) From: 10496K(10752K)->10496K(10752K)
[2026-03-22T19:49:14.299+0900][14.830s][info][gc,heap        ] GC(682) ParOldGen: 197639K(349696K)->291999K(349696K)
[2026-03-22T19:49:14.299+0900][14.830s][info][gc,metaspace   ] GC(682) Metaspace: 338K(512K)->338K(512K) NonClass: 320K(384K)->320K(384K) Class: 17K(128K)->17K(128K)
[2026-03-22T19:49:14.299+0900][14.830s][info][gc             ] GC(682) Pause Young (Allocation Failure) 352M->295M(501M) 4.859ms
[2026-03-22T19:49:14.299+0900][14.830s][info][gc,cpu         ] GC(682) User=0.00s Sys=0.00s Real=0.01s
[2026-03-22T19:49:14.314+0900][14.846s][info][gc,start       ] GC(683) Pause Full (Ergonomics)
[2026-03-22T19:49:14.314+0900][14.846s][info][gc,phases,start] GC(683) Marking Phase
[2026-03-22T19:49:14.315+0900][14.847s][info][gc,phases      ] GC(683) Marking Phase 1.289ms
[2026-03-22T19:49:14.315+0900][14.847s][info][gc,phases,start] GC(683) Summary Phase
[2026-03-22T19:49:14.315+0900][14.847s][info][gc,phases      ] GC(683) Summary Phase 0.034ms
[2026-03-22T19:49:14.315+0900][14.847s][info][gc,phases,start] GC(683) Adjust Roots
[2026-03-22T19:49:14.316+0900][14.848s][info][gc,phases      ] GC(683) Adjust Roots 0.230ms
[2026-03-22T19:49:14.316+0900][14.848s][info][gc,phases,start] GC(683) Compaction Phase
[2026-03-22T19:49:14.322+0900][14.854s][info][gc,phases      ] GC(683) Compaction Phase 5.957ms
[2026-03-22T19:49:14.322+0900][14.854s][info][gc,phases,start] GC(683) Post Compact
[2026-03-22T19:49:14.323+0900][14.855s][info][gc,phases      ] GC(683) Post Compact 1.609ms
[2026-03-22T19:49:14.323+0900][14.855s][info][gc,heap        ] GC(683) PSYoungGen: 163057K(163840K)->0K(163840K) Eden: 152561K(153088K)->0K(153088K) From: 10496K(10752K)->0K(10752K)
[2026-03-22T19:49:14.323+0900][14.855s][info][gc,heap        ] GC(683) ParOldGen: 291999K(349696K)->103430K(349696K)
[2026-03-22T19:49:14.323+0900][14.855s][info][gc,metaspace   ] GC(683) Metaspace: 338K(512K)->338K(512K) NonClass: 320K(384K)->320K(384K) Class: 17K(128K)->17K(128K)
[2026-03-22T19:49:14.323+0900][14.855s][info][gc             ] GC(683) Pause Full (Ergonomics) 444M->101M(501M) 9.477ms
[2026-03-22T19:49:14.323+0900][14.855s][info][gc,cpu         ] GC(683) User=0.00s Sys=0.00s Real=0.01s
[2026-03-22T19:49:14.339+0900][14.870s][info][gc,start       ] GC(684) Pause Young (Allocation Failure)
[2026-03-22T19:49:14.343+0900][14.875s][info][gc,heap        ] GC(684) PSYoungGen: 152561K(163840K)->10496K(163840K) Eden: 152561K(153088K)->0K(153088K) From: 0K(10752K)->10496K(10752K)
[2026-03-22T19:49:14.343+0900][14.875s][info][gc,heap        ] GC(684) ParOldGen: 103430K(349696K)->197639K(349696K)
[2026-03-22T19:49:14.343+0900][14.875s][info][gc,metaspace   ] GC(684) Metaspace: 338K(512K)->338K(512K) NonClass: 320K(384K)->320K(384K) Class: 17K(128K)->17K(128K)
[2026-03-22T19:49:14.343+0900][14.875s][info][gc             ] GC(684) Pause Young (Allocation Failure) 249M->203M(501M) 4.635ms
[2026-03-22T19:49:14.343+0900][14.875s][info][gc,cpu         ] GC(684) User=0.00s Sys=0.00s Real=0.00s
[2026-03-22T19:49:14.360+0900][14.891s][info][gc,start       ] GC(685) Pause Young (Allocation Failure)
[2026-03-22T19:49:14.363+0900][14.895s][info][gc,heap        ] GC(685) PSYoungGen: 163057K(163840K)->10496K(163840K) Eden: 152561K(153088K)->0K(153088K) From: 10496K(10752K)->10496K(10752K)
[2026-03-22T19:49:14.364+0900][14.895s][info][gc,heap        ] GC(685) ParOldGen: 197639K(349696K)->291999K(349696K)
[2026-03-22T19:49:14.364+0900][14.895s][info][gc,metaspace   ] GC(685) Metaspace: 338K(512K)->338K(512K) NonClass: 320K(384K)->320K(384K) Class: 17K(128K)->17K(128K)
[2026-03-22T19:49:14.364+0900][14.895s][info][gc             ] GC(685) Pause Young (Allocation Failure) 352M->295M(501M) 4.547ms
[2026-03-22T19:49:14.364+0900][14.895s][info][gc,cpu         ] GC(685) User=0.00s Sys=0.00s Real=0.00s
[2026-03-22T19:49:14.378+0900][14.910s][info][gc,start       ] GC(686) Pause Full (Ergonomics)
[2026-03-22T19:49:14.378+0900][14.910s][info][gc,phases,start] GC(686) Marking Phase
[2026-03-22T19:49:14.379+0900][14.912s][info][gc,phases      ] GC(686) Marking Phase 1.094ms
[2026-03-22T19:49:14.381+0900][14.912s][info][gc,phases,start] GC(686) Summary Phase
[2026-03-22T19:49:14.381+0900][14.912s][info][gc,phases      ] GC(686) Summary Phase 0.018ms
[2026-03-22T19:49:14.381+0900][14.912s][info][gc,phases,start] GC(686) Adjust Roots
[2026-03-22T19:49:14.381+0900][14.912s][info][gc,phases      ] GC(686) Adjust Roots 0.259ms
[2026-03-22T19:49:14.381+0900][14.912s][info][gc,phases,start] GC(686) Compaction Phase
[2026-03-22T19:49:14.386+0900][14.918s][info][gc,phases      ] GC(686) Compaction Phase 5.798ms
[2026-03-22T19:49:14.386+0900][14.918s][info][gc,phases,start] GC(686) Post Compact
[2026-03-22T19:49:14.387+0900][14.919s][info][gc,phases      ] GC(686) Post Compact 1.562ms
[2026-03-22T19:49:14.388+0900][14.919s][info][gc,heap        ] GC(686) PSYoungGen: 163057K(163840K)->0K(163840K) Eden: 152561K(153088K)->0K(153088K) From: 10496K(10752K)->0K(10752K)
[2026-03-22T19:49:14.388+0900][14.919s][info][gc,heap        ] GC(686) ParOldGen: 291999K(349696K)->103430K(349696K)
[2026-03-22T19:49:14.388+0900][14.919s][info][gc,metaspace   ] GC(686) Metaspace: 338K(512K)->338K(512K) NonClass: 320K(384K)->320K(384K) Class: 17K(128K)->17K(128K)
[2026-03-22T19:49:14.388+0900][14.919s][info][gc             ] GC(686) Pause Full (Ergonomics) 444M->101M(501M) 9.023ms
[2026-03-22T19:49:14.388+0900][14.919s][info][gc,cpu         ] GC(686) User=0.06s Sys=0.00s Real=0.01s
[2026-03-22T19:49:14.404+0900][14.935s][info][gc,start       ] GC(687) Pause Young (Allocation Failure)
[2026-03-22T19:49:14.409+0900][14.940s][info][gc,heap        ] GC(687) PSYoungGen: 152561K(163840K)->10496K(163840K) Eden: 152561K(153088K)->0K(153088K) From: 0K(10752K)->10496K(10752K)
[2026-03-22T19:49:14.409+0900][14.940s][info][gc,heap        ] GC(687) ParOldGen: 103430K(349696K)->197639K(349696K)
[2026-03-22T19:49:14.409+0900][14.940s][info][gc,metaspace   ] GC(687) Metaspace: 338K(512K)->338K(512K) NonClass: 320K(384K)->320K(384K) Class: 17K(128K)->17K(128K)
[2026-03-22T19:49:14.409+0900][14.940s][info][gc             ] GC(687) Pause Young (Allocation Failure) 249M->203M(501M) 5.520ms
[2026-03-22T19:49:14.409+0900][14.940s][info][gc,cpu         ] GC(687) User=0.00s Sys=0.00s Real=0.00s
[2026-03-22T19:49:14.424+0900][14.955s][info][gc,start       ] GC(688) Pause Young (Allocation Failure)
[2026-03-22T19:49:14.428+0900][14.960s][info][gc,heap        ] GC(688) PSYoungGen: 163057K(163840K)->10496K(163840K) Eden: 152561K(153088K)->0K(153088K) From: 10496K(10752K)->10496K(10752K)
[2026-03-22T19:49:14.428+0900][14.960s][info][gc,heap        ] GC(688) ParOldGen: 197639K(349696K)->291999K(349696K)
[2026-03-22T19:49:14.428+0900][14.960s][info][gc,metaspace   ] GC(688) Metaspace: 338K(512K)->338K(512K) NonClass: 320K(384K)->320K(384K) Class: 17K(128K)->17K(128K)
[2026-03-22T19:49:14.428+0900][14.960s][info][gc             ] GC(688) Pause Young (Allocation Failure) 352M->295M(501M) 5.045ms
[2026-03-22T19:49:14.428+0900][14.960s][info][gc,cpu         ] GC(688) User=0.00s Sys=0.00s Real=0.00s
[2026-03-22T19:49:14.445+0900][14.977s][info][gc,start       ] GC(689) Pause Full (Ergonomics)
[2026-03-22T19:49:14.445+0900][14.977s][info][gc,phases,start] GC(689) Marking Phase
[2026-03-22T19:49:14.446+0900][14.978s][info][gc,phases      ] GC(689) Marking Phase 0.995ms
[2026-03-22T19:49:14.446+0900][14.978s][info][gc,phases,start] GC(689) Summary Phase
[2026-03-22T19:49:14.446+0900][14.978s][info][gc,phases      ] GC(689) Summary Phase 0.017ms
[2026-03-22T19:49:14.446+0900][14.978s][info][gc,phases,start] GC(689) Adjust Roots
[2026-03-22T19:49:14.446+0900][14.978s][info][gc,phases      ] GC(689) Adjust Roots 0.197ms
[2026-03-22T19:49:14.446+0900][14.978s][info][gc,phases,start] GC(689) Compaction Phase
[2026-03-22T19:49:14.451+0900][14.983s][info][gc,phases      ] GC(689) Compaction Phase 5.304ms
[2026-03-22T19:49:14.451+0900][14.983s][info][gc,phases,start] GC(689) Post Compact
[2026-03-22T19:49:14.453+0900][14.985s][info][gc,phases      ] GC(689) Post Compact 1.444ms
[2026-03-22T19:49:14.453+0900][14.985s][info][gc,heap        ] GC(689) PSYoungGen: 163057K(163840K)->0K(163840K) Eden: 152561K(153088K)->0K(153088K) From: 10496K(10752K)->0K(10752K)
[2026-03-22T19:49:14.453+0900][14.985s][info][gc,heap        ] GC(689) ParOldGen: 291999K(349696K)->103430K(349696K)
[2026-03-22T19:49:14.453+0900][14.985s][info][gc,metaspace   ] GC(689) Metaspace: 338K(512K)->338K(512K) NonClass: 320K(384K)->320K(384K) Class: 17K(128K)->17K(128K)
[2026-03-22T19:49:14.453+0900][14.985s][info][gc             ] GC(689) Pause Full (Ergonomics) 444M->101M(501M) 8.205ms
[2026-03-22T19:49:14.453+0900][14.985s][info][gc,cpu         ] GC(689) User=0.05s Sys=0.00s Real=0.01s
[2026-03-22T19:49:14.468+0900][15.000s][info][gc,start       ] GC(690) Pause Young (Allocation Failure)
[2026-03-22T19:49:14.473+0900][15.005s][info][gc,heap        ] GC(690) PSYoungGen: 152561K(163840K)->10496K(163840K) Eden: 152561K(153088K)->0K(153088K) From: 0K(10752K)->10496K(10752K)
[2026-03-22T19:49:14.473+0900][15.005s][info][gc,heap        ] GC(690) ParOldGen: 103430K(349696K)->197639K(349696K)
[2026-03-22T19:49:14.473+0900][15.005s][info][gc,metaspace   ] GC(690) Metaspace: 338K(512K)->338K(512K) NonClass: 320K(384K)->320K(384K) Class: 17K(128K)->17K(128K)
[2026-03-22T19:49:14.473+0900][15.005s][info][gc             ] GC(690) Pause Young (Allocation Failure) 249M->203M(501M) 5.050ms
[2026-03-22T19:49:14.473+0900][15.005s][info][gc,cpu         ] GC(690) User=0.00s Sys=0.00s Real=0.01s
[2026-03-22T19:49:14.491+0900][15.022s][info][gc,start       ] GC(691) Pause Young (Allocation Failure)
[2026-03-22T19:49:14.496+0900][15.027s][info][gc,heap        ] GC(691) PSYoungGen: 163057K(163840K)->10464K(163840K) Eden: 152561K(153088K)->0K(153088K) From: 10496K(10752K)->10464K(10752K)
[2026-03-22T19:49:14.496+0900][15.027s][info][gc,heap        ] GC(691) ParOldGen: 197639K(349696K)->291999K(349696K)
[2026-03-22T19:49:14.496+0900][15.027s][info][gc,metaspace   ] GC(691) Metaspace: 338K(512K)->338K(512K) NonClass: 320K(384K)->320K(384K) Class: 17K(128K)->17K(128K)
[2026-03-22T19:49:14.496+0900][15.027s][info][gc             ] GC(691) Pause Young (Allocation Failure) 352M->295M(501M) 5.141ms
[2026-03-22T19:49:14.496+0900][15.027s][info][gc,cpu         ] GC(691) User=0.06s Sys=0.00s Real=0.01s
[2026-03-22T19:49:14.512+0900][15.043s][info][gc,start       ] GC(692) Pause Full (Ergonomics)
[2026-03-22T19:49:14.512+0900][15.044s][info][gc,phases,start] GC(692) Marking Phase
[2026-03-22T19:49:14.513+0900][15.045s][info][gc,phases      ] GC(692) Marking Phase 1.376ms
[2026-03-22T19:49:14.513+0900][15.045s][info][gc,phases,start] GC(692) Summary Phase
[2026-03-22T19:49:14.514+0900][15.045s][info][gc,phases      ] GC(692) Summary Phase 0.017ms
[2026-03-22T19:49:14.514+0900][15.045s][info][gc,phases,start] GC(692) Adjust Roots
[2026-03-22T19:49:14.514+0900][15.045s][info][gc,phases      ] GC(692) Adjust Roots 0.221ms
[2026-03-22T19:49:14.514+0900][15.045s][info][gc,phases,start] GC(692) Compaction Phase
[2026-03-22T19:49:14.520+0900][15.051s][info][gc,phases      ] GC(692) Compaction Phase 5.830ms
[2026-03-22T19:49:14.520+0900][15.051s][info][gc,phases,start] GC(692) Post Compact
[2026-03-22T19:49:14.522+0900][15.053s][info][gc,phases      ] GC(692) Post Compact 2.279ms
[2026-03-22T19:49:14.522+0900][15.053s][info][gc,heap        ] GC(692) PSYoungGen: 163025K(163840K)->0K(163840K) Eden: 152561K(153088K)->0K(153088K) From: 10464K(10752K)->0K(10752K)
[2026-03-22T19:49:14.522+0900][15.054s][info][gc,heap        ] GC(692) ParOldGen: 291999K(349696K)->103430K(349696K)
[2026-03-22T19:49:14.522+0900][15.054s][info][gc,metaspace   ] GC(692) Metaspace: 338K(512K)->338K(512K) NonClass: 320K(384K)->320K(384K) Class: 17K(128K)->17K(128K)
[2026-03-22T19:49:14.522+0900][15.054s][info][gc             ] GC(692) Pause Full (Ergonomics) 444M->101M(501M) 10.076ms
[2026-03-22T19:49:14.522+0900][15.054s][info][gc,cpu         ] GC(692) User=0.00s Sys=0.00s Real=0.01s
[2026-03-22T19:49:14.538+0900][15.070s][info][gc,start       ] GC(693) Pause Young (Allocation Failure)
[2026-03-22T19:49:14.544+0900][15.075s][info][gc,heap        ] GC(693) PSYoungGen: 152561K(163840K)->10496K(163840K) Eden: 152561K(153088K)->0K(153088K) From: 0K(10752K)->10496K(10752K)
[2026-03-22T19:49:14.544+0900][15.075s][info][gc,heap        ] GC(693) ParOldGen: 103430K(349696K)->197639K(349696K)
[2026-03-22T19:49:14.544+0900][15.075s][info][gc,metaspace   ] GC(693) Metaspace: 338K(512K)->338K(512K) NonClass: 320K(384K)->320K(384K) Class: 17K(128K)->17K(128K)
[2026-03-22T19:49:14.544+0900][15.075s][info][gc             ] GC(693) Pause Young (Allocation Failure) 249M->203M(501M) 4.713ms
[2026-03-22T19:49:14.544+0900][15.075s][info][gc,cpu         ] GC(693) User=0.06s Sys=0.00s Real=0.01s
[2026-03-22T19:49:14.558+0900][15.089s][info][gc,start       ] GC(694) Pause Young (Allocation Failure)
[2026-03-22T19:49:14.562+0900][15.094s][info][gc,heap        ] GC(694) PSYoungGen: 163057K(163840K)->10496K(163840K) Eden: 152561K(153088K)->0K(153088K) From: 10496K(10752K)->10496K(10752K)
[2026-03-22T19:49:14.562+0900][15.094s][info][gc,heap        ] GC(694) ParOldGen: 197639K(349696K)->291999K(349696K)
[2026-03-22T19:49:14.562+0900][15.094s][info][gc,metaspace   ] GC(694) Metaspace: 338K(512K)->338K(512K) NonClass: 320K(384K)->320K(384K) Class: 17K(128K)->17K(128K)
[2026-03-22T19:49:14.562+0900][15.094s][info][gc             ] GC(694) Pause Young (Allocation Failure) 352M->295M(501M) 4.474ms
[2026-03-22T19:49:14.562+0900][15.094s][info][gc,cpu         ] GC(694) User=0.00s Sys=0.00s Real=0.00s
[2026-03-22T19:49:14.566+0900][15.098s][info][gc,heap,exit   ] Heap
[2026-03-22T19:49:14.566+0900][15.098s][info][gc,heap,exit   ]  PSYoungGen      total 163840K, used 43238K [0x00000000f5580000, 0x0000000100000000, 0x0000000100000000)
[2026-03-22T19:49:14.566+0900][15.098s][info][gc,heap,exit   ]   eden space 153088K, 21% used [0x00000000f5580000,0x00000000f7579b78,0x00000000feb00000)
[2026-03-22T19:49:14.566+0900][15.098s][info][gc,heap,exit   ]   from space 10752K, 97% used [0x00000000feb00000,0x00000000ff540050,0x00000000ff580000)
[2026-03-22T19:49:14.566+0900][15.098s][info][gc,heap,exit   ]   to   space 10752K, 0% used [0x00000000ff580000,0x00000000ff580000,0x0000000100000000)
[2026-03-22T19:49:14.566+0900][15.098s][info][gc,heap,exit   ]  ParOldGen       total 349696K, used 291999K [0x00000000e0000000, 0x00000000f5580000, 0x00000000f5580000)
[2026-03-22T19:49:14.566+0900][15.098s][info][gc,heap,exit   ]   object space 349696K, 83% used [0x00000000e0000000,0x00000000f1d27f28,0x00000000f5580000)
[2026-03-22T19:49:14.566+0900][15.098s][info][gc,heap,exit   ]  Metaspace       used 340K, committed 512K, reserved 1114112K
[2026-03-22T19:49:14.566+0900][15.098s][info][gc,heap,exit   ]   class space    used 17K, committed 128K, reserved 1048576K
