[2026-03-25T20:38:17.724+0900][0.008s][info][gc,init] CardTable entry size: 512
[2026-03-25T20:38:17.724+0900][0.008s][info][gc     ] Using Parallel
[2026-03-25T20:38:17.724+0900][0.008s][info][gc,init] Version: 25.0.2+10-69 (release)
[2026-03-25T20:38:17.724+0900][0.008s][info][gc,init] CPUs: 10 total, 10 available
[2026-03-25T20:38:17.724+0900][0.008s][info][gc,init] Memory: 16384M
[2026-03-25T20:38:17.724+0900][0.008s][info][gc,init] Large Page Support: Disabled
[2026-03-25T20:38:17.724+0900][0.008s][info][gc,init] NUMA Support: Disabled
[2026-03-25T20:38:17.724+0900][0.008s][info][gc,init] Compressed Oops: Enabled (Zero based)
[2026-03-25T20:38:17.724+0900][0.008s][info][gc,init] Alignments: Space 512K, Generation 512K, Heap 8M
[2026-03-25T20:38:17.724+0900][0.008s][info][gc,init] Heap Min Capacity: 256M
[2026-03-25T20:38:17.724+0900][0.008s][info][gc,init] Heap Initial Capacity: 256M
[2026-03-25T20:38:17.724+0900][0.008s][info][gc,init] Heap Max Capacity: 512M
[2026-03-25T20:38:17.724+0900][0.008s][info][gc,init] Pre-touch: Disabled
[2026-03-25T20:38:17.724+0900][0.008s][info][gc,init] Parallel Workers: 9
[2026-03-25T20:38:17.727+0900][0.011s][info][gc,metaspace] CDS archive(s) mapped at: [0x00000ff800000000-0x00000ff800d94000-0x00000ff800d94000), size 14237696, SharedBaseAddress: 0x00000ff800000000, ArchiveRelocationMode: 1.
[2026-03-25T20:38:17.727+0900][0.011s][info][gc,metaspace] Compressed class space mapped at: 0x00000ff801000000-0x00000ff841000000, reserved size: 1073741824
[2026-03-25T20:38:17.727+0900][0.011s][info][gc,metaspace] UseCompressedClassPointers 1, UseCompactObjectHeaders 0
[2026-03-25T20:38:17.727+0900][0.011s][info][gc,metaspace] Narrow klass pointer bits 32, Max shift 3
[2026-03-25T20:38:17.727+0900][0.011s][info][gc,metaspace] Narrow klass base: 0x00000ff800000000, Narrow klass shift: 0
[2026-03-25T20:38:17.727+0900][0.011s][info][gc,metaspace] Encoding Range: [0x00000ff800000000 - 0x00000ff900000000), (4294967296 bytes)
[2026-03-25T20:38:17.727+0900][0.011s][info][gc,metaspace] Klass Range:    [0x00000ff800004000 - 0x00000ff841000000), (1090502656 bytes)
[2026-03-25T20:38:17.727+0900][0.011s][info][gc,metaspace] Klass ID Range:  [16384 - 1090519033) (1090502649)
[2026-03-25T20:38:17.727+0900][0.011s][info][gc,metaspace] Protection zone: [0x00000ff800000000 - 0x00000ff800004000), (16384 bytes)
[2026-03-25T20:38:17.763+0900][0.047s][info][gc,start    ] GC(0) Pause Young (Allocation Failure)
[2026-03-25T20:38:17.764+0900][0.048s][info][gc,heap     ] GC(0) PSYoungGen: 65441K(76288K)->2528K(76288K) Eden: 65441K(65536K)->0K(65536K) From: 0K(10752K)->2528K(10752K)
[2026-03-25T20:38:17.764+0900][0.048s][info][gc,heap     ] GC(0) ParOldGen: 1150K(175104K)->1158K(175104K)
[2026-03-25T20:38:17.764+0900][0.048s][info][gc,metaspace] GC(0) Metaspace: 512K(704K)->512K(704K) NonClass: 487K(576K)->487K(576K) Class: 25K(128K)->25K(128K)
[2026-03-25T20:38:17.764+0900][0.048s][info][gc          ] GC(0) Pause Young (Allocation Failure) 65M->3M(245M) 0.909ms
[2026-03-25T20:38:17.764+0900][0.048s][info][gc,cpu      ] GC(0) User=0.01s Sys=0.00s Real=0.00s
[2026-03-25T20:38:17.822+0900][0.106s][info][gc,start    ] GC(1) Pause Young (Allocation Failure)
[2026-03-25T20:38:17.822+0900][0.107s][info][gc,heap     ] GC(1) PSYoungGen: 67901K(76288K)->4832K(141824K) Eden: 65373K(65536K)->0K(131072K) From: 2528K(10752K)->4832K(10752K)
[2026-03-25T20:38:17.823+0900][0.107s][info][gc,heap     ] GC(1) ParOldGen: 1158K(175104K)->1158K(175104K)
[2026-03-25T20:38:17.823+0900][0.107s][info][gc,metaspace] GC(1) Metaspace: 829K(960K)->829K(960K) NonClass: 770K(832K)->770K(832K) Class: 59K(128K)->59K(128K)
[2026-03-25T20:38:17.823+0900][0.107s][info][gc          ] GC(1) Pause Young (Allocation Failure) 67M->5M(309M) 0.652ms
[2026-03-25T20:38:17.823+0900][0.107s][info][gc,cpu      ] GC(1) User=0.00s Sys=0.00s Real=0.00s
[2026-03-25T20:38:17.886+0900][0.170s][info][gc,start    ] GC(2) Pause Young (Allocation Failure)
[2026-03-25T20:38:17.887+0900][0.171s][info][gc,heap     ] GC(2) PSYoungGen: 135734K(141824K)->8576K(141824K) Eden: 130902K(131072K)->0K(131072K) From: 4832K(10752K)->8576K(10752K)
[2026-03-25T20:38:17.887+0900][0.172s][info][gc,heap     ] GC(2) ParOldGen: 1158K(175104K)->1166K(175104K)
[2026-03-25T20:38:17.887+0900][0.172s][info][gc,metaspace] GC(2) Metaspace: 993K(1088K)->993K(1088K) NonClass: 923K(960K)->923K(960K) Class: 70K(128K)->70K(128K)
[2026-03-25T20:38:17.887+0900][0.172s][info][gc          ] GC(2) Pause Young (Allocation Failure) 133M->9M(309M) 1.350ms
[2026-03-25T20:38:17.887+0900][0.172s][info][gc,cpu      ] GC(2) User=0.00s Sys=0.00s Real=0.00s
[2026-03-25T20:38:17.948+0900][0.232s][info][gc,start    ] GC(3) Pause Young (Allocation Failure)
[2026-03-25T20:38:17.949+0900][0.233s][info][gc,heap     ] GC(3) PSYoungGen: 139417K(141824K)->9199K(163840K) Eden: 130841K(131072K)->0K(153088K) From: 8576K(10752K)->9199K(10752K)
[2026-03-25T20:38:17.949+0900][0.233s][info][gc,heap     ] GC(3) ParOldGen: 1166K(175104K)->1174K(175104K)
[2026-03-25T20:38:17.949+0900][0.233s][info][gc,metaspace] GC(3) Metaspace: 3557K(3712K)->3557K(3712K) NonClass: 3203K(3264K)->3203K(3264K) Class: 353K(448K)->353K(448K)
[2026-03-25T20:38:17.949+0900][0.233s][info][gc          ] GC(3) Pause Young (Allocation Failure) 137M->10M(331M) 1.194ms
[2026-03-25T20:38:17.949+0900][0.233s][info][gc,cpu      ] GC(3) User=0.01s Sys=0.01s Real=0.00s
[2026-03-25T20:38:18.004+0900][0.289s][info][gc,start    ] GC(4) Pause Young (Allocation Failure)
[2026-03-25T20:38:18.006+0900][0.290s][info][gc,heap     ] GC(4) PSYoungGen: 162267K(163840K)->9663K(162816K) Eden: 153067K(153088K)->0K(153088K) From: 9199K(10752K)->9663K(9728K)
[2026-03-25T20:38:18.006+0900][0.290s][info][gc,heap     ] GC(4) ParOldGen: 1174K(175104K)->1182K(175104K)
[2026-03-25T20:38:18.006+0900][0.290s][info][gc,metaspace] GC(4) Metaspace: 5662K(5888K)->5662K(5888K) NonClass: 5060K(5184K)->5060K(5184K) Class: 601K(704K)->601K(704K)
[2026-03-25T20:38:18.006+0900][0.290s][info][gc          ] GC(4) Pause Young (Allocation Failure) 159M->10M(330M) 1.649ms
[2026-03-25T20:38:18.006+0900][0.290s][info][gc,cpu      ] GC(4) User=0.00s Sys=0.01s Real=0.00s
[2026-03-25T20:38:18.115+0900][0.399s][info][gc,start    ] GC(5) Pause Young (Allocation Failure)
[2026-03-25T20:38:18.116+0900][0.400s][info][gc,heap     ] GC(5) PSYoungGen: 162669K(162816K)->9807K(158720K) Eden: 153006K(153088K)->0K(146944K) From: 9663K(9728K)->9807K(11776K)
[2026-03-25T20:38:18.116+0900][0.400s][info][gc,heap     ] GC(5) ParOldGen: 1182K(175104K)->1190K(175104K)
[2026-03-25T20:38:18.116+0900][0.400s][info][gc,metaspace] GC(5) Metaspace: 5869K(6080K)->5869K(6080K) NonClass: 5239K(5376K)->5239K(5376K) Class: 630K(704K)->630K(704K)
[2026-03-25T20:38:18.116+0900][0.400s][info][gc          ] GC(5) Pause Young (Allocation Failure) 160M->10M(326M) 0.972ms
[2026-03-25T20:38:18.116+0900][0.400s][info][gc,cpu      ] GC(5) User=0.00s Sys=0.00s Real=0.00s
[2026-03-25T20:38:18.172+0900][0.456s][info][gc,start    ] GC(6) Pause Young (Allocation Failure)
[2026-03-25T20:38:18.174+0900][0.459s][info][gc,heap     ] GC(6) PSYoungGen: 156751K(158720K)->9391K(160768K) Eden: 146944K(146944K)->0K(146944K) From: 9807K(11776K)->9391K(13824K)
[2026-03-25T20:38:18.175+0900][0.459s][info][gc,heap     ] GC(6) ParOldGen: 1190K(175104K)->1674K(175104K)
[2026-03-25T20:38:18.175+0900][0.459s][info][gc,metaspace] GC(6) Metaspace: 5869K(6080K)->5869K(6080K) NonClass: 5239K(5376K)->5239K(5376K) Class: 630K(704K)->630K(704K)
[2026-03-25T20:38:18.175+0900][0.459s][info][gc          ] GC(6) Pause Young (Allocation Failure) 154M->10M(328M) 2.609ms
[2026-03-25T20:38:18.175+0900][0.459s][info][gc,cpu      ] GC(6) User=0.01s Sys=0.00s Real=0.00s
[2026-03-25T20:38:18.281+0900][0.565s][info][gc,start    ] GC(7) Pause Young (Allocation Failure)
[2026-03-25T20:38:18.281+0900][0.566s][info][gc,heap     ] GC(7) PSYoungGen: 156090K(160768K)->8512K(160768K) Eden: 146698K(146944K)->0K(146944K) From: 9391K(13824K)->8512K(13824K)
[2026-03-25T20:38:18.281+0900][0.566s][info][gc,heap     ] GC(7) ParOldGen: 1674K(175104K)->2566K(175104K)
[2026-03-25T20:38:18.281+0900][0.566s][info][gc,metaspace] GC(7) Metaspace: 5869K(6080K)->5869K(6080K) NonClass: 5239K(5376K)->5239K(5376K) Class: 630K(704K)->630K(704K)
[2026-03-25T20:38:18.281+0900][0.566s][info][gc          ] GC(7) Pause Young (Allocation Failure) 154M->10M(328M) 0.637ms
[2026-03-25T20:38:18.281+0900][0.566s][info][gc,cpu      ] GC(7) User=0.00s Sys=0.00s Real=0.00s
[2026-03-25T20:38:18.338+0900][0.622s][info][gc,start    ] GC(8) Pause Young (Allocation Failure)
[2026-03-25T20:38:18.339+0900][0.623s][info][gc,heap     ] GC(8) PSYoungGen: 155284K(160768K)->7840K(155136K) Eden: 146771K(146944K)->0K(146944K) From: 8512K(13824K)->7840K(8192K)
[2026-03-25T20:38:18.339+0900][0.623s][info][gc,heap     ] GC(8) ParOldGen: 2566K(175104K)->3297K(175104K)
[2026-03-25T20:38:18.339+0900][0.623s][info][gc,metaspace] GC(8) Metaspace: 5869K(6080K)->5869K(6080K) NonClass: 5239K(5376K)->5239K(5376K) Class: 630K(704K)->630K(704K)
[2026-03-25T20:38:18.339+0900][0.623s][info][gc          ] GC(8) Pause Young (Allocation Failure) 154M->10M(322M) 0.532ms
[2026-03-25T20:38:18.339+0900][0.623s][info][gc,cpu      ] GC(8) User=0.01s Sys=0.00s Real=0.00s
[2026-03-25T20:38:18.396+0900][0.680s][info][gc,start    ] GC(9) Pause Young (Allocation Failure)
[2026-03-25T20:38:18.397+0900][0.681s][info][gc,heap     ] GC(9) PSYoungGen: 154628K(155136K)->7904K(159744K) Eden: 146788K(146944K)->0K(146944K) From: 7840K(8192K)->7904K(12800K)
[2026-03-25T20:38:18.397+0900][0.681s][info][gc,heap     ] GC(9) ParOldGen: 3297K(175104K)->3297K(175104K)
[2026-03-25T20:38:18.397+0900][0.681s][info][gc,metaspace] GC(9) Metaspace: 5869K(6080K)->5869K(6080K) NonClass: 5239K(5376K)->5239K(5376K) Class: 630K(704K)->630K(704K)
[2026-03-25T20:38:18.397+0900][0.681s][info][gc          ] GC(9) Pause Young (Allocation Failure) 154M->10M(327M) 0.489ms
[2026-03-25T20:38:18.397+0900][0.681s][info][gc,cpu      ] GC(9) User=0.00s Sys=0.00s Real=0.00s
[2026-03-25T20:38:18.510+0900][0.794s][info][gc,start    ] GC(10) Pause Young (Allocation Failure)
[2026-03-25T20:38:18.511+0900][0.795s][info][gc,heap     ] GC(10) PSYoungGen: 154702K(159744K)->5312K(159744K) Eden: 146798K(146944K)->0K(146944K) From: 7904K(12800K)->5312K(12800K)
[2026-03-25T20:38:18.511+0900][0.795s][info][gc,heap     ] GC(10) ParOldGen: 3297K(175104K)->5890K(175104K)
[2026-03-25T20:38:18.511+0900][0.795s][info][gc,metaspace] GC(10) Metaspace: 5869K(6080K)->5869K(6080K) NonClass: 5239K(5376K)->5239K(5376K) Class: 630K(704K)->630K(704K)
[2026-03-25T20:38:18.511+0900][0.795s][info][gc          ] GC(10) Pause Young (Allocation Failure) 154M->10M(327M) 1.753ms
[2026-03-25T20:38:18.511+0900][0.795s][info][gc,cpu      ] GC(10) User=0.00s Sys=0.00s Real=0.00s
[2026-03-25T20:38:18.565+0900][0.849s][info][gc,start    ] GC(11) Pause Young (Allocation Failure)
[2026-03-25T20:38:18.566+0900][0.850s][info][gc,heap     ] GC(11) PSYoungGen: 152117K(159744K)->5056K(160768K) Eden: 146805K(146944K)->0K(148992K) From: 5312K(12800K)->5056K(11776K)
[2026-03-25T20:38:18.566+0900][0.850s][info][gc,heap     ] GC(11) ParOldGen: 5890K(175104K)->8754K(175104K)
[2026-03-25T20:38:18.566+0900][0.850s][info][gc,metaspace] GC(11) Metaspace: 5869K(6080K)->5869K(6080K) NonClass: 5239K(5376K)->5239K(5376K) Class: 630K(704K)->630K(704K)
[2026-03-25T20:38:18.566+0900][0.850s][info][gc          ] GC(11) Pause Young (Allocation Failure) 154M->13M(328M) 0.681ms
[2026-03-25T20:38:18.566+0900][0.850s][info][gc,cpu      ] GC(11) User=0.00s Sys=0.00s Real=0.00s
[2026-03-25T20:38:18.673+0900][0.957s][info][gc,start    ] GC(12) Pause Young (Allocation Failure)
[2026-03-25T20:38:18.674+0900][0.958s][info][gc,heap     ] GC(12) PSYoungGen: 153954K(160768K)->5312K(161280K) Eden: 148898K(148992K)->0K(148992K) From: 5056K(11776K)->5312K(12288K)
[2026-03-25T20:38:18.674+0900][0.958s][info][gc,heap     ] GC(12) ParOldGen: 8754K(175104K)->11362K(175104K)
[2026-03-25T20:38:18.674+0900][0.958s][info][gc,metaspace] GC(12) Metaspace: 5869K(6080K)->5869K(6080K) NonClass: 5239K(5376K)->5239K(5376K) Class: 630K(704K)->630K(704K)
[2026-03-25T20:38:18.674+0900][0.958s][info][gc          ] GC(12) Pause Young (Allocation Failure) 158M->16M(328M) 1.016ms
[2026-03-25T20:38:18.674+0900][0.958s][info][gc,cpu      ] GC(12) User=0.00s Sys=0.01s Real=0.00s
[2026-03-25T20:38:18.733+0900][1.017s][info][gc,start    ] GC(13) Pause Young (Allocation Failure)
[2026-03-25T20:38:18.734+0900][1.018s][info][gc,heap     ] GC(13) PSYoungGen: 154213K(161280K)->5024K(162304K) Eden: 148901K(148992K)->0K(150016K) From: 5312K(12288K)->5024K(12288K)
[2026-03-25T20:38:18.734+0900][1.018s][info][gc,heap     ] GC(13) ParOldGen: 11362K(175104K)->14226K(175104K)
[2026-03-25T20:38:18.734+0900][1.018s][info][gc,metaspace] GC(13) Metaspace: 5869K(6080K)->5869K(6080K) NonClass: 5239K(5376K)->5239K(5376K) Class: 630K(704K)->630K(704K)
[2026-03-25T20:38:18.734+0900][1.018s][info][gc          ] GC(13) Pause Young (Allocation Failure) 161M->18M(329M) 1.155ms
[2026-03-25T20:38:18.734+0900][1.018s][info][gc,cpu      ] GC(13) User=0.01s Sys=0.00s Real=0.00s
[2026-03-25T20:38:18.793+0900][1.077s][info][gc,start    ] GC(14) Pause Young (Allocation Failure)
[2026-03-25T20:38:18.794+0900][1.078s][info][gc,heap     ] GC(14) PSYoungGen: 154971K(162304K)->5344K(155648K) Eden: 149947K(150016K)->0K(150016K) From: 5024K(12288K)->5344K(5632K)
[2026-03-25T20:38:18.794+0900][1.078s][info][gc,heap     ] GC(14) ParOldGen: 14226K(175104K)->16834K(175104K)
[2026-03-25T20:38:18.794+0900][1.078s][info][gc,metaspace] GC(14) Metaspace: 5869K(6080K)->5869K(6080K) NonClass: 5239K(5376K)->5239K(5376K) Class: 630K(704K)->630K(704K)
[2026-03-25T20:38:18.794+0900][1.079s][info][gc          ] GC(14) Pause Young (Allocation Failure) 165M->21M(323M) 1.582ms
[2026-03-25T20:38:18.794+0900][1.079s][info][gc,cpu      ] GC(14) User=0.00s Sys=0.00s Real=0.00s
[2026-03-25T20:38:18.905+0900][1.189s][info][gc,start    ] GC(15) Pause Young (Allocation Failure)
[2026-03-25T20:38:18.906+0900][1.190s][info][gc,heap     ] GC(15) PSYoungGen: 155292K(155648K)->5216K(161792K) Eden: 149948K(150016K)->0K(150016K) From: 5344K(5632K)->5216K(11776K)
[2026-03-25T20:38:18.906+0900][1.190s][info][gc,heap     ] GC(15) ParOldGen: 16834K(175104K)->19442K(175104K)
[2026-03-25T20:38:18.906+0900][1.190s][info][gc,metaspace] GC(15) Metaspace: 5870K(6080K)->5870K(6080K) NonClass: 5239K(5376K)->5239K(5376K) Class: 630K(704K)->630K(704K)
[2026-03-25T20:38:18.906+0900][1.190s][info][gc          ] GC(15) Pause Young (Allocation Failure) 168M->24M(329M) 0.599ms
[2026-03-25T20:38:18.906+0900][1.190s][info][gc,cpu      ] GC(15) User=0.00s Sys=0.00s Real=0.00s
[2026-03-25T20:38:18.963+0900][1.247s][info][gc,start    ] GC(16) Pause Young (Allocation Failure)
[2026-03-25T20:38:18.963+0900][1.248s][info][gc,heap     ] GC(16) PSYoungGen: 155165K(161792K)->5344K(161792K) Eden: 149948K(150016K)->0K(150016K) From: 5216K(11776K)->5344K(11776K)
[2026-03-25T20:38:18.963+0900][1.248s][info][gc,heap     ] GC(16) ParOldGen: 19442K(175104K)->22051K(175104K)
[2026-03-25T20:38:18.963+0900][1.248s][info][gc,metaspace] GC(16) Metaspace: 5870K(6080K)->5870K(6080K) NonClass: 5239K(5376K)->5239K(5376K) Class: 630K(704K)->630K(704K)
[2026-03-25T20:38:18.963+0900][1.248s][info][gc          ] GC(16) Pause Young (Allocation Failure) 170M->26M(329M) 0.586ms
[2026-03-25T20:38:18.963+0900][1.248s][info][gc,cpu      ] GC(16) User=0.00s Sys=0.00s Real=0.00s
[2026-03-25T20:38:19.077+0900][1.361s][info][gc,start    ] GC(17) Pause Young (Allocation Failure)
[2026-03-25T20:38:19.078+0900][1.363s][info][gc,heap     ] GC(17) PSYoungGen: 155311K(161792K)->5280K(162304K) Eden: 149966K(150016K)->0K(151040K) From: 5344K(11776K)->5280K(11264K)
[2026-03-25T20:38:19.078+0900][1.363s][info][gc,heap     ] GC(17) ParOldGen: 22051K(175104K)->24659K(175104K)
[2026-03-25T20:38:19.078+0900][1.363s][info][gc,metaspace] GC(17) Metaspace: 5876K(6080K)->5876K(6080K) NonClass: 5246K(5376K)->5246K(5376K) Class: 630K(704K)->630K(704K)
[2026-03-25T20:38:19.079+0900][1.363s][info][gc          ] GC(17) Pause Young (Allocation Failure) 173M->29M(329M) 1.982ms
[2026-03-25T20:38:19.079+0900][1.363s][info][gc,cpu      ] GC(17) User=0.00s Sys=0.01s Real=0.00s
[2026-03-25T20:38:19.138+0900][1.422s][info][gc,start    ] GC(18) Pause Young (Allocation Failure)
[2026-03-25T20:38:19.139+0900][1.423s][info][gc,heap     ] GC(18) PSYoungGen: 156265K(162304K)->5056K(162304K) Eden: 150984K(151040K)->0K(151040K) From: 5280K(11264K)->5056K(11264K)
[2026-03-25T20:38:19.139+0900][1.423s][info][gc,heap     ] GC(18) ParOldGen: 24659K(175104K)->27523K(175104K)
[2026-03-25T20:38:19.139+0900][1.423s][info][gc,metaspace] GC(18) Metaspace: 5876K(6080K)->5876K(6080K) NonClass: 5246K(5376K)->5246K(5376K) Class: 630K(704K)->630K(704K)
[2026-03-25T20:38:19.139+0900][1.424s][info][gc          ] GC(18) Pause Young (Allocation Failure) 176M->31M(329M) 1.318ms
[2026-03-25T20:38:19.139+0900][1.424s][info][gc,cpu      ] GC(18) User=0.00s Sys=0.00s Real=0.00s
[2026-03-25T20:38:19.197+0900][1.481s][info][gc,start    ] GC(19) Pause Young (Allocation Failure)
[2026-03-25T20:38:19.198+0900][1.482s][info][gc,heap     ] GC(19) PSYoungGen: 156044K(162304K)->5312K(162816K) Eden: 150988K(151040K)->0K(152064K) From: 5056K(11264K)->5312K(10752K)
[2026-03-25T20:38:19.198+0900][1.482s][info][gc,heap     ] GC(19) ParOldGen: 27523K(175104K)->30131K(175104K)
[2026-03-25T20:38:19.198+0900][1.482s][info][gc,metaspace] GC(19) Metaspace: 5876K(6080K)->5876K(6080K) NonClass: 5246K(5376K)->5246K(5376K) Class: 630K(704K)->630K(704K)
[2026-03-25T20:38:19.198+0900][1.482s][info][gc          ] GC(19) Pause Young (Allocation Failure) 179M->34M(330M) 1.109ms
[2026-03-25T20:38:19.198+0900][1.482s][info][gc,cpu      ] GC(19) User=0.00s Sys=0.00s Real=0.00s
[2026-03-25T20:38:19.308+0900][1.592s][info][gc,start    ] GC(20) Pause Young (Allocation Failure)
[2026-03-25T20:38:19.309+0900][1.594s][info][gc,heap     ] GC(20) PSYoungGen: 157347K(162816K)->5280K(162816K) Eden: 152034K(152064K)->0K(152064K) From: 5312K(10752K)->5280K(10752K)
[2026-03-25T20:38:19.309+0900][1.594s][info][gc,heap     ] GC(20) ParOldGen: 30131K(175104K)->32739K(175104K)
[2026-03-25T20:38:19.309+0900][1.594s][info][gc,metaspace] GC(20) Metaspace: 5876K(6080K)->5876K(6080K) NonClass: 5246K(5376K)->5246K(5376K) Class: 630K(704K)->630K(704K)
[2026-03-25T20:38:19.310+0900][1.594s][info][gc          ] GC(20) Pause Young (Allocation Failure) 183M->37M(330M) 1.746ms
[2026-03-25T20:38:19.310+0900][1.594s][info][gc,cpu      ] GC(20) User=0.01s Sys=0.00s Real=0.01s
[2026-03-25T20:38:19.369+0900][1.653s][info][gc,start    ] GC(21) Pause Young (Allocation Failure)
[2026-03-25T20:38:19.371+0900][1.655s][info][gc,heap     ] GC(21) PSYoungGen: 157316K(162816K)->5312K(163328K) Eden: 152035K(152064K)->0K(153088K) From: 5280K(10752K)->5312K(10240K)
[2026-03-25T20:38:19.371+0900][1.655s][info][gc,heap     ] GC(21) ParOldGen: 32739K(175104K)->35347K(175104K)
[2026-03-25T20:38:19.371+0900][1.655s][info][gc,metaspace] GC(21) Metaspace: 5876K(6080K)->5876K(6080K) NonClass: 5246K(5376K)->5246K(5376K) Class: 630K(704K)->630K(704K)
[2026-03-25T20:38:19.371+0900][1.655s][info][gc          ] GC(21) Pause Young (Allocation Failure) 185M->39M(330M) 1.634ms
[2026-03-25T20:38:19.371+0900][1.655s][info][gc,cpu      ] GC(21) User=0.01s Sys=0.01s Real=0.01s
[2026-03-25T20:38:19.480+0900][1.764s][info][gc,start    ] GC(22) Pause Young (Allocation Failure)
[2026-03-25T20:38:19.482+0900][1.766s][info][gc,heap     ] GC(22) PSYoungGen: 158393K(163328K)->5568K(163328K) Eden: 153081K(153088K)->0K(153088K) From: 5312K(10240K)->5568K(10240K)
[2026-03-25T20:38:19.482+0900][1.766s][info][gc,heap     ] GC(22) ParOldGen: 35347K(175104K)->37699K(175104K)
[2026-03-25T20:38:19.482+0900][1.766s][info][gc,metaspace] GC(22) Metaspace: 5876K(6080K)->5876K(6080K) NonClass: 5246K(5376K)->5246K(5376K) Class: 630K(704K)->630K(704K)
[2026-03-25T20:38:19.482+0900][1.766s][info][gc          ] GC(22) Pause Young (Allocation Failure) 189M->42M(330M) 1.951ms
[2026-03-25T20:38:19.482+0900][1.766s][info][gc,cpu      ] GC(22) User=0.01s Sys=0.00s Real=0.00s
[2026-03-25T20:38:19.541+0900][1.825s][info][gc,start    ] GC(23) Pause Young (Allocation Failure)
[2026-03-25T20:38:19.542+0900][1.827s][info][gc,heap     ] GC(23) PSYoungGen: 158649K(163328K)->5024K(163840K) Eden: 153081K(153088K)->0K(154112K) From: 5568K(10240K)->5024K(9728K)
[2026-03-25T20:38:19.543+0900][1.827s][info][gc,heap     ] GC(23) ParOldGen: 37699K(175104K)->40564K(175104K)
[2026-03-25T20:38:19.543+0900][1.827s][info][gc,metaspace] GC(23) Metaspace: 5876K(6080K)->5876K(6080K) NonClass: 5246K(5376K)->5246K(5376K) Class: 630K(704K)->630K(704K)
[2026-03-25T20:38:19.543+0900][1.827s][info][gc          ] GC(23) Pause Young (Allocation Failure) 191M->44M(331M) 1.827ms
[2026-03-25T20:38:19.543+0900][1.827s][info][gc,cpu      ] GC(23) User=0.00s Sys=0.00s Real=0.00s
[2026-03-25T20:38:19.656+0900][1.940s][info][gc,start    ] GC(24) Pause Young (Allocation Failure)
[2026-03-25T20:38:19.658+0900][1.942s][info][gc,heap     ] GC(24) PSYoungGen: 159136K(163840K)->5568K(163840K) Eden: 154112K(154112K)->0K(154112K) From: 5024K(9728K)->5568K(9728K)
[2026-03-25T20:38:19.658+0900][1.942s][info][gc,heap     ] GC(24) ParOldGen: 40564K(175104K)->42916K(175104K)
[2026-03-25T20:38:19.658+0900][1.942s][info][gc,metaspace] GC(24) Metaspace: 5876K(6080K)->5876K(6080K) NonClass: 5246K(5376K)->5246K(5376K) Class: 630K(704K)->630K(704K)
[2026-03-25T20:38:19.658+0900][1.942s][info][gc          ] GC(24) Pause Young (Allocation Failure) 195M->47M(331M) 2.035ms
[2026-03-25T20:38:19.658+0900][1.942s][info][gc,cpu      ] GC(24) User=0.00s Sys=0.01s Real=0.00s
[2026-03-25T20:38:19.718+0900][2.002s][info][gc,start    ] GC(25) Pause Young (Allocation Failure)
[2026-03-25T20:38:19.719+0900][2.003s][info][gc,heap     ] GC(25) PSYoungGen: 159680K(163840K)->5184K(164352K) Eden: 154112K(154112K)->0K(155136K) From: 5568K(9728K)->5184K(9216K)
[2026-03-25T20:38:19.719+0900][2.003s][info][gc,heap     ] GC(25) ParOldGen: 42916K(175104K)->45524K(175104K)
[2026-03-25T20:38:19.719+0900][2.004s][info][gc,metaspace] GC(25) Metaspace: 5876K(6080K)->5876K(6080K) NonClass: 5246K(5376K)->5246K(5376K) Class: 630K(704K)->630K(704K)
[2026-03-25T20:38:19.719+0900][2.004s][info][gc          ] GC(25) Pause Young (Allocation Failure) 197M->49M(331M) 1.756ms
[2026-03-25T20:38:19.719+0900][2.004s][info][gc,cpu      ] GC(25) User=0.00s Sys=0.00s Real=0.00s
[2026-03-25T20:38:19.833+0900][2.117s][info][gc,start    ] GC(26) Pause Young (Allocation Failure)
[2026-03-25T20:38:19.835+0900][2.119s][info][gc,heap     ] GC(26) PSYoungGen: 160320K(164352K)->5568K(164352K) Eden: 155136K(155136K)->0K(155136K) From: 5184K(9216K)->5568K(9216K)
[2026-03-25T20:38:19.835+0900][2.119s][info][gc,heap     ] GC(26) ParOldGen: 45524K(175104K)->47876K(175104K)
[2026-03-25T20:38:19.835+0900][2.119s][info][gc,metaspace] GC(26) Metaspace: 5876K(6080K)->5876K(6080K) NonClass: 5246K(5376K)->5246K(5376K) Class: 630K(704K)->630K(704K)
[2026-03-25T20:38:19.835+0900][2.120s][info][gc          ] GC(26) Pause Young (Allocation Failure) 201M->52M(331M) 2.442ms
[2026-03-25T20:38:19.835+0900][2.120s][info][gc,cpu      ] GC(26) User=0.01s Sys=0.00s Real=0.00s
[2026-03-25T20:38:19.895+0900][2.179s][info][gc,start    ] GC(27) Pause Young (Allocation Failure)
[2026-03-25T20:38:19.896+0900][2.181s][info][gc,heap     ] GC(27) PSYoungGen: 160704K(164352K)->5280K(164864K) Eden: 155136K(155136K)->0K(156160K) From: 5568K(9216K)->5280K(8704K)
[2026-03-25T20:38:19.897+0900][2.181s][info][gc,heap     ] GC(27) ParOldGen: 47876K(175104K)->50484K(175104K)
[2026-03-25T20:38:19.897+0900][2.181s][info][gc,metaspace] GC(27) Metaspace: 5876K(6080K)->5876K(6080K) NonClass: 5246K(5376K)->5246K(5376K) Class: 630K(704K)->630K(704K)
[2026-03-25T20:38:19.897+0900][2.181s][info][gc          ] GC(27) Pause Young (Allocation Failure) 203M->54M(332M) 1.692ms
[2026-03-25T20:38:19.897+0900][2.181s][info][gc,cpu      ] GC(27) User=0.01s Sys=0.00s Real=0.00s
[2026-03-25T20:38:19.954+0900][2.239s][info][gc,start    ] GC(28) Pause Young (Allocation Failure)
[2026-03-25T20:38:19.956+0900][2.240s][info][gc,heap     ] GC(28) PSYoungGen: 161440K(164864K)->5312K(164864K) Eden: 156160K(156160K)->0K(156160K) From: 5280K(8704K)->5312K(8704K)
[2026-03-25T20:38:19.956+0900][2.240s][info][gc,heap     ] GC(28) ParOldGen: 50484K(175104K)->53092K(175104K)
[2026-03-25T20:38:19.956+0900][2.240s][info][gc,metaspace] GC(28) Metaspace: 5876K(6080K)->5876K(6080K) NonClass: 5246K(5376K)->5246K(5376K) Class: 630K(704K)->630K(704K)
[2026-03-25T20:38:19.956+0900][2.240s][info][gc          ] GC(28) Pause Young (Allocation Failure) 206M->57M(332M) 1.857ms
[2026-03-25T20:38:19.956+0900][2.240s][info][gc,cpu      ] GC(28) User=0.01s Sys=0.01s Real=0.00s
[2026-03-25T20:38:20.065+0900][2.349s][info][gc,start    ] GC(29) Pause Young (Allocation Failure)
[2026-03-25T20:38:20.066+0900][2.350s][info][gc,heap     ] GC(29) PSYoungGen: 161472K(164864K)->5504K(165376K) Eden: 156160K(156160K)->0K(157184K) From: 5312K(8704K)->5504K(8192K)
[2026-03-25T20:38:20.066+0900][2.350s][info][gc,heap     ] GC(29) ParOldGen: 53092K(175104K)->55445K(175104K)
[2026-03-25T20:38:20.066+0900][2.350s][info][gc,metaspace] GC(29) Metaspace: 5882K(6080K)->5882K(6080K) NonClass: 5252K(5376K)->5252K(5376K) Class: 630K(704K)->630K(704K)
[2026-03-25T20:38:20.066+0900][2.350s][info][gc          ] GC(29) Pause Young (Allocation Failure) 209M->59M(332M) 1.238ms
[2026-03-25T20:38:20.066+0900][2.350s][info][gc,cpu      ] GC(29) User=0.00s Sys=0.00s Real=0.00s
[2026-03-25T20:38:20.121+0900][2.405s][info][gc,start    ] GC(30) Pause Young (Allocation Failure)
[2026-03-25T20:38:20.122+0900][2.406s][info][gc,heap     ] GC(30) PSYoungGen: 162688K(165376K)->5280K(165376K) Eden: 157184K(157184K)->0K(157184K) From: 5504K(8192K)->5280K(8192K)
[2026-03-25T20:38:20.122+0900][2.406s][info][gc,heap     ] GC(30) ParOldGen: 55445K(175104K)->58053K(175104K)
[2026-03-25T20:38:20.122+0900][2.406s][info][gc,metaspace] GC(30) Metaspace: 5882K(6080K)->5882K(6080K) NonClass: 5252K(5376K)->5252K(5376K) Class: 630K(704K)->630K(704K)
[2026-03-25T20:38:20.122+0900][2.406s][info][gc          ] GC(30) Pause Young (Allocation Failure) 213M->61M(332M) 1.060ms
[2026-03-25T20:38:20.122+0900][2.406s][info][gc,cpu      ] GC(30) User=0.01s Sys=0.00s Real=0.00s
[2026-03-25T20:38:20.230+0900][2.514s][info][gc,start    ] GC(31) Pause Young (Allocation Failure)
[2026-03-25T20:38:20.231+0900][2.515s][info][gc,heap     ] GC(31) PSYoungGen: 162464K(165376K)->5536K(165376K) Eden: 157184K(157184K)->0K(158208K) From: 5280K(8192K)->5536K(7168K)
[2026-03-25T20:38:20.231+0900][2.515s][info][gc,heap     ] GC(31) ParOldGen: 58053K(175104K)->60381K(175104K)
[2026-03-25T20:38:20.231+0900][2.515s][info][gc,metaspace] GC(31) Metaspace: 5882K(6080K)->5882K(6080K) NonClass: 5252K(5376K)->5252K(5376K) Class: 630K(704K)->630K(704K)
[2026-03-25T20:38:20.231+0900][2.515s][info][gc          ] GC(31) Pause Young (Allocation Failure) 215M->64M(332M) 1.053ms
[2026-03-25T20:38:20.231+0900][2.515s][info][gc,cpu      ] GC(31) User=0.00s Sys=0.00s Real=0.00s
[2026-03-25T20:38:20.289+0900][2.574s][info][gc,start    ] GC(32) Pause Young (Allocation Failure)
[2026-03-25T20:38:20.290+0900][2.574s][info][gc,heap     ] GC(32) PSYoungGen: 163728K(165376K)->5312K(165888K) Eden: 158191K(158208K)->0K(158208K) From: 5536K(7168K)->5312K(7680K)
[2026-03-25T20:38:20.290+0900][2.575s][info][gc,heap     ] GC(32) ParOldGen: 60381K(175104K)->62989K(175104K)
[2026-03-25T20:38:20.290+0900][2.575s][info][gc,metaspace] GC(32) Metaspace: 5882K(6080K)->5882K(6080K) NonClass: 5252K(5376K)->5252K(5376K) Class: 630K(704K)->630K(704K)
[2026-03-25T20:38:20.290+0900][2.575s][info][gc          ] GC(32) Pause Young (Allocation Failure) 218M->66M(333M) 0.980ms
[2026-03-25T20:38:20.290+0900][2.575s][info][gc,cpu      ] GC(32) User=0.00s Sys=0.01s Real=0.01s
[2026-03-25T20:38:20.405+0900][2.689s][info][gc,start    ] GC(33) Pause Young (Allocation Failure)
[2026-03-25T20:38:20.407+0900][2.691s][info][gc,heap     ] GC(33) PSYoungGen: 163410K(165888K)->5856K(166912K) Eden: 158097K(158208K)->0K(159232K) From: 5312K(7680K)->5856K(7680K)
[2026-03-25T20:38:20.407+0900][2.691s][info][gc,heap     ] GC(33) ParOldGen: 62989K(175104K)->65093K(175104K)
[2026-03-25T20:38:20.407+0900][2.691s][info][gc,metaspace] GC(33) Metaspace: 5882K(6080K)->5882K(6080K) NonClass: 5252K(5376K)->5252K(5376K) Class: 630K(704K)->630K(704K)
[2026-03-25T20:38:20.407+0900][2.691s][info][gc          ] GC(33) Pause Young (Allocation Failure) 221M->69M(334M) 2.183ms
[2026-03-25T20:38:20.407+0900][2.691s][info][gc,cpu      ] GC(33) User=0.00s Sys=0.00s Real=0.00s
[2026-03-25T20:38:20.462+0900][2.746s][info][gc,start    ] GC(34) Pause Young (Allocation Failure)
[2026-03-25T20:38:20.463+0900][2.747s][info][gc,heap     ] GC(34) PSYoungGen: 164937K(166912K)->5312K(166912K) Eden: 159081K(159232K)->0K(159232K) From: 5856K(7680K)->5312K(7680K)
[2026-03-25T20:38:20.463+0900][2.747s][info][gc,heap     ] GC(34) ParOldGen: 65093K(175104K)->67709K(175104K)
[2026-03-25T20:38:20.463+0900][2.747s][info][gc,metaspace] GC(34) Metaspace: 5882K(6080K)->5882K(6080K) NonClass: 5252K(5376K)->5252K(5376K) Class: 630K(704K)->630K(704K)
[2026-03-25T20:38:20.463+0900][2.747s][info][gc          ] GC(34) Pause Young (Allocation Failure) 224M->71M(334M) 1.405ms
[2026-03-25T20:38:20.463+0900][2.747s][info][gc,cpu      ] GC(34) User=0.00s Sys=0.00s Real=0.00s
[2026-03-25T20:38:20.577+0900][2.861s][info][gc,start    ] GC(35) Pause Young (Allocation Failure)
[2026-03-25T20:38:20.578+0900][2.862s][info][gc,heap     ] GC(35) PSYoungGen: 164399K(166912K)->5856K(165888K) Eden: 159086K(159232K)->0K(159232K) From: 5312K(7680K)->5856K(6656K)
[2026-03-25T20:38:20.578+0900][2.863s][info][gc,heap     ] GC(35) ParOldGen: 67709K(175104K)->69813K(175104K)
[2026-03-25T20:38:20.578+0900][2.863s][info][gc,metaspace] GC(35) Metaspace: 5882K(6080K)->5882K(6080K) NonClass: 5252K(5376K)->5252K(5376K) Class: 630K(704K)->630K(704K)
[2026-03-25T20:38:20.578+0900][2.863s][info][gc          ] GC(35) Pause Young (Allocation Failure) 226M->73M(333M) 1.557ms
[2026-03-25T20:38:20.578+0900][2.863s][info][gc,cpu      ] GC(35) User=0.00s Sys=0.00s Real=0.00s
[2026-03-25T20:38:20.638+0900][2.922s][info][gc,start    ] GC(36) Pause Young (Allocation Failure)
[2026-03-25T20:38:20.640+0900][2.924s][info][gc,heap     ] GC(36) PSYoungGen: 164946K(165888K)->5312K(166400K) Eden: 159090K(159232K)->0K(159232K) From: 5856K(6656K)->5312K(7168K)
[2026-03-25T20:38:20.640+0900][2.924s][info][gc,heap     ] GC(36) ParOldGen: 69813K(175104K)->72430K(175104K)
[2026-03-25T20:38:20.640+0900][2.924s][info][gc,metaspace] GC(36) Metaspace: 5882K(6080K)->5882K(6080K) NonClass: 5252K(5376K)->5252K(5376K) Class: 630K(704K)->630K(704K)
[2026-03-25T20:38:20.640+0900][2.924s][info][gc          ] GC(36) Pause Young (Allocation Failure) 229M->75M(333M) 1.743ms
[2026-03-25T20:38:20.640+0900][2.924s][info][gc,cpu      ] GC(36) User=0.00s Sys=0.01s Real=0.01s
[2026-03-25T20:38:20.755+0900][3.039s][info][gc,start    ] GC(37) Pause Young (Allocation Failure)
[2026-03-25T20:38:20.757+0900][3.041s][info][gc,heap     ] GC(37) PSYoungGen: 164404K(166400K)->5824K(167424K) Eden: 159092K(159232K)->0K(160256K) From: 5312K(7168K)->5824K(7168K)
[2026-03-25T20:38:20.757+0900][3.041s][info][gc,heap     ] GC(37) ParOldGen: 72430K(175104K)->74534K(175104K)
[2026-03-25T20:38:20.757+0900][3.041s][info][gc,metaspace] GC(37) Metaspace: 5882K(6080K)->5882K(6080K) NonClass: 5252K(5376K)->5252K(5376K) Class: 630K(704K)->630K(704K)
[2026-03-25T20:38:20.757+0900][3.041s][info][gc          ] GC(37) Pause Young (Allocation Failure) 231M->78M(334M) 1.804ms
[2026-03-25T20:38:20.757+0900][3.041s][info][gc,cpu      ] GC(37) User=0.00s Sys=0.00s Real=0.00s
[2026-03-25T20:38:20.817+0900][3.101s][info][gc,start    ] GC(38) Pause Young (Allocation Failure)
[2026-03-25T20:38:20.818+0900][3.103s][info][gc,heap     ] GC(38) PSYoungGen: 165962K(167424K)->5312K(167424K) Eden: 160138K(160256K)->0K(160256K) From: 5824K(7168K)->5312K(7168K)
[2026-03-25T20:38:20.819+0900][3.103s][info][gc,heap     ] GC(38) ParOldGen: 74534K(175104K)->77150K(175104K)
[2026-03-25T20:38:20.819+0900][3.103s][info][gc,metaspace] GC(38) Metaspace: 5882K(6080K)->5882K(6080K) NonClass: 5252K(5376K)->5252K(5376K) Class: 630K(704K)->630K(704K)
[2026-03-25T20:38:20.819+0900][3.103s][info][gc          ] GC(38) Pause Young (Allocation Failure) 234M->80M(334M) 1.914ms
[2026-03-25T20:38:20.819+0900][3.103s][info][gc,cpu      ] GC(38) User=0.00s Sys=0.00s Real=0.00s
[2026-03-25T20:38:20.932+0900][3.217s][info][gc,start    ] GC(39) Pause Young (Allocation Failure)
[2026-03-25T20:38:20.934+0900][3.219s][info][gc,heap     ] GC(39) PSYoungGen: 165451K(167424K)->5792K(167424K) Eden: 160138K(160256K)->0K(160256K) From: 5312K(7168K)->5792K(7168K)
[2026-03-25T20:38:20.934+0900][3.219s][info][gc,heap     ] GC(39) ParOldGen: 77150K(175104K)->79254K(175104K)
[2026-03-25T20:38:20.935+0900][3.219s][info][gc,metaspace] GC(39) Metaspace: 5882K(6080K)->5882K(6080K) NonClass: 5252K(5376K)->5252K(5376K) Class: 630K(704K)->630K(704K)
[2026-03-25T20:38:20.935+0900][3.219s][info][gc          ] GC(39) Pause Young (Allocation Failure) 236M->83M(334M) 2.187ms
[2026-03-25T20:38:20.935+0900][3.219s][info][gc,cpu      ] GC(39) User=0.00s Sys=0.01s Real=0.00s
[2026-03-25T20:38:20.994+0900][3.279s][info][gc,start    ] GC(40) Pause Young (Allocation Failure)
[2026-03-25T20:38:20.996+0900][3.280s][info][gc,heap     ] GC(40) PSYoungGen: 165931K(167424K)->5568K(167424K) Eden: 160139K(160256K)->0K(160256K) From: 5792K(7168K)->5568K(7168K)
[2026-03-25T20:38:20.996+0900][3.280s][info][gc,heap     ] GC(40) ParOldGen: 79254K(175104K)->81614K(175104K)
[2026-03-25T20:38:20.996+0900][3.280s][info][gc,metaspace] GC(40) Metaspace: 5882K(6080K)->5882K(6080K) NonClass: 5252K(5376K)->5252K(5376K) Class: 630K(704K)->630K(704K)
[2026-03-25T20:38:20.996+0900][3.280s][info][gc          ] GC(40) Pause Young (Allocation Failure) 239M->85M(334M) 1.346ms
[2026-03-25T20:38:20.996+0900][3.280s][info][gc,cpu      ] GC(40) User=0.00s Sys=0.00s Real=0.00s
[2026-03-25T20:38:21.107+0900][3.391s][info][gc,start    ] GC(41) Pause Young (Allocation Failure)
[2026-03-25T20:38:21.108+0900][3.392s][info][gc,heap     ] GC(41) PSYoungGen: 165752K(167424K)->5504K(166400K) Eden: 160183K(160256K)->0K(160256K) From: 5568K(7168K)->5504K(6144K)
[2026-03-25T20:38:21.108+0900][3.393s][info][gc,heap     ] GC(41) ParOldGen: 81614K(175104K)->83958K(175104K)
[2026-03-25T20:38:21.108+0900][3.393s][info][gc,metaspace] GC(41) Metaspace: 5906K(6080K)->5906K(6080K) NonClass: 5275K(5376K)->5275K(5376K) Class: 630K(704K)->630K(704K)
[2026-03-25T20:38:21.108+0900][3.393s][info][gc          ] GC(41) Pause Young (Allocation Failure) 241M->87M(333M) 1.721ms
[2026-03-25T20:38:21.108+0900][3.393s][info][gc,cpu      ] GC(41) User=0.00s Sys=0.00s Real=0.00s
[2026-03-25T20:38:21.167+0900][3.451s][info][gc,start    ] GC(42) Pause Young (Allocation Failure)
[2026-03-25T20:38:21.168+0900][3.452s][info][gc,heap     ] GC(42) PSYoungGen: 165642K(166400K)->5536K(166912K) Eden: 160137K(160256K)->0K(160256K) From: 5504K(6144K)->5536K(6656K)
[2026-03-25T20:38:21.168+0900][3.452s][info][gc,heap     ] GC(42) ParOldGen: 83958K(175104K)->86302K(175104K)
[2026-03-25T20:38:21.168+0900][3.452s][info][gc,metaspace] GC(42) Metaspace: 5906K(6080K)->5906K(6080K) NonClass: 5275K(5376K)->5275K(5376K) Class: 630K(704K)->630K(704K)
[2026-03-25T20:38:21.168+0900][3.452s][info][gc          ] GC(42) Pause Young (Allocation Failure) 243M->89M(334M) 1.474ms
[2026-03-25T20:38:21.168+0900][3.452s][info][gc,cpu      ] GC(42) User=0.01s Sys=0.00s Real=0.00s
[2026-03-25T20:38:21.282+0900][3.566s][info][gc,start    ] GC(43) Pause Young (Allocation Failure)
[2026-03-25T20:38:21.283+0900][3.568s][info][gc,heap     ] GC(43) PSYoungGen: 165675K(166912K)->5536K(167936K) Eden: 160138K(160256K)->0K(161280K) From: 5536K(6656K)->5536K(6656K)
[2026-03-25T20:38:21.283+0900][3.568s][info][gc,heap     ] GC(43) ParOldGen: 86302K(175104K)->88662K(175104K)
[2026-03-25T20:38:21.284+0900][3.568s][info][gc,metaspace] GC(43) Metaspace: 5906K(6080K)->5906K(6080K) NonClass: 5275K(5376K)->5275K(5376K) Class: 630K(704K)->630K(704K)
[2026-03-25T20:38:21.284+0900][3.568s][info][gc          ] GC(43) Pause Young (Allocation Failure) 246M->91M(335M) 1.696ms
[2026-03-25T20:38:21.284+0900][3.568s][info][gc,cpu      ] GC(43) User=0.01s Sys=0.01s Real=0.00s
[2026-03-25T20:38:21.341+0900][3.626s][info][gc,start    ] GC(44) Pause Young (Allocation Failure)
[2026-03-25T20:38:21.343+0900][3.627s][info][gc,heap     ] GC(44) PSYoungGen: 166720K(167936K)->5536K(167936K) Eden: 161183K(161280K)->0K(161280K) From: 5536K(6656K)->5536K(6656K)
[2026-03-25T20:38:21.343+0900][3.627s][info][gc,heap     ] GC(44) ParOldGen: 88662K(175104K)->91023K(175104K)
[2026-03-25T20:38:21.343+0900][3.627s][info][gc,metaspace] GC(44) Metaspace: 5906K(6080K)->5906K(6080K) NonClass: 5275K(5376K)->5275K(5376K) Class: 630K(704K)->630K(704K)
[2026-03-25T20:38:21.343+0900][3.627s][info][gc          ] GC(44) Pause Young (Allocation Failure) 249M->94M(335M) 1.234ms
[2026-03-25T20:38:21.343+0900][3.627s][info][gc,cpu      ] GC(44) User=0.01s Sys=0.00s Real=0.00s
[2026-03-25T20:38:21.456+0900][3.740s][info][gc,start    ] GC(45) Pause Young (Allocation Failure)
[2026-03-25T20:38:21.457+0900][3.741s][info][gc,heap     ] GC(45) PSYoungGen: 166720K(167936K)->5856K(167936K) Eden: 161184K(161280K)->0K(161280K) From: 5536K(6656K)->5856K(6656K)
[2026-03-25T20:38:21.457+0900][3.741s][info][gc,heap     ] GC(45) ParOldGen: 91023K(175104K)->93127K(175104K)
[2026-03-25T20:38:21.457+0900][3.741s][info][gc,metaspace] GC(45) Metaspace: 5906K(6080K)->5906K(6080K) NonClass: 5275K(5376K)->5275K(5376K) Class: 630K(704K)->630K(704K)
[2026-03-25T20:38:21.457+0900][3.741s][info][gc          ] GC(45) Pause Young (Allocation Failure) 251M->96M(335M) 1.674ms
[2026-03-25T20:38:21.457+0900][3.741s][info][gc,cpu      ] GC(45) User=0.00s Sys=0.00s Real=0.00s
[2026-03-25T20:38:21.516+0900][3.800s][info][gc,start    ] GC(46) Pause Young (Allocation Failure)
[2026-03-25T20:38:21.517+0900][3.801s][info][gc,heap     ] GC(46) PSYoungGen: 167040K(167936K)->5568K(167936K) Eden: 161184K(161280K)->0K(161280K) From: 5856K(6656K)->5568K(6656K)
[2026-03-25T20:38:21.517+0900][3.801s][info][gc,heap     ] GC(46) ParOldGen: 93127K(175104K)->95487K(175104K)
[2026-03-25T20:38:21.517+0900][3.801s][info][gc,metaspace] GC(46) Metaspace: 5906K(6080K)->5906K(6080K) NonClass: 5275K(5376K)->5275K(5376K) Class: 630K(704K)->630K(704K)
[2026-03-25T20:38:21.517+0900][3.801s][info][gc          ] GC(46) Pause Young (Allocation Failure) 254M->98M(335M) 1.443ms
[2026-03-25T20:38:21.517+0900][3.801s][info][gc,cpu      ] GC(46) User=0.00s Sys=0.00s Real=0.00s
[2026-03-25T20:38:21.632+0900][3.917s][info][gc,start    ] GC(47) Pause Young (Allocation Failure)
[2026-03-25T20:38:21.634+0900][3.918s][info][gc,heap     ] GC(47) PSYoungGen: 166752K(167936K)->5536K(167936K) Eden: 161184K(161280K)->0K(161280K) From: 5568K(6656K)->5536K(6656K)
[2026-03-25T20:38:21.634+0900][3.918s][info][gc,heap     ] GC(47) ParOldGen: 95487K(175104K)->97847K(175104K)
[2026-03-25T20:38:21.634+0900][3.918s][info][gc,metaspace] GC(47) Metaspace: 5906K(6080K)->5906K(6080K) NonClass: 5275K(5376K)->5275K(5376K) Class: 630K(704K)->630K(704K)
[2026-03-25T20:38:21.634+0900][3.918s][info][gc          ] GC(47) Pause Young (Allocation Failure) 256M->100M(335M) 1.603ms
[2026-03-25T20:38:21.634+0900][3.918s][info][gc,cpu      ] GC(47) User=0.00s Sys=0.00s Real=0.00s
[2026-03-25T20:38:21.694+0900][3.978s][info][gc,start    ] GC(48) Pause Young (Allocation Failure)
[2026-03-25T20:38:21.696+0900][3.980s][info][gc,heap     ] GC(48) PSYoungGen: 166720K(167936K)->5568K(167936K) Eden: 161184K(161280K)->0K(161280K) From: 5536K(6656K)->5568K(6656K)
[2026-03-25T20:38:21.696+0900][3.980s][info][gc,heap     ] GC(48) ParOldGen: 97847K(175104K)->100207K(175104K)
[2026-03-25T20:38:21.696+0900][3.980s][info][gc,metaspace] GC(48) Metaspace: 5906K(6080K)->5906K(6080K) NonClass: 5275K(5376K)->5275K(5376K) Class: 630K(704K)->630K(704K)
[2026-03-25T20:38:21.696+0900][3.980s][info][gc          ] GC(48) Pause Young (Allocation Failure) 258M->103M(335M) 2.005ms
[2026-03-25T20:38:21.696+0900][3.980s][info][gc,cpu      ] GC(48) User=0.00s Sys=0.01s Real=0.00s
[2026-03-25T20:38:21.804+0900][4.088s][info][gc,start    ] GC(49) Pause Young (Allocation Failure)
[2026-03-25T20:38:21.805+0900][4.090s][info][gc,heap     ] GC(49) PSYoungGen: 166752K(167936K)->5824K(167936K) Eden: 161184K(161280K)->0K(161280K) From: 5568K(6656K)->5824K(6656K)
[2026-03-25T20:38:21.806+0900][4.090s][info][gc,heap     ] GC(49) ParOldGen: 100207K(175104K)->102311K(175104K)
[2026-03-25T20:38:21.806+0900][4.090s][info][gc,metaspace] GC(49) Metaspace: 5906K(6080K)->5906K(6080K) NonClass: 5275K(5376K)->5275K(5376K) Class: 630K(704K)->630K(704K)
[2026-03-25T20:38:21.806+0900][4.090s][info][gc          ] GC(49) Pause Young (Allocation Failure) 260M->105M(335M) 1.402ms
[2026-03-25T20:38:21.806+0900][4.090s][info][gc,cpu      ] GC(49) User=0.00s Sys=0.00s Real=0.00s
[2026-03-25T20:38:21.862+0900][4.146s][info][gc,start    ] GC(50) Pause Young (Allocation Failure)
[2026-03-25T20:38:21.863+0900][4.147s][info][gc,heap     ] GC(50) PSYoungGen: 167008K(167936K)->5568K(167936K) Eden: 161184K(161280K)->0K(161280K) From: 5824K(6656K)->5568K(6656K)
[2026-03-25T20:38:21.863+0900][4.147s][info][gc,heap     ] GC(50) ParOldGen: 102311K(175104K)->104671K(175104K)
[2026-03-25T20:38:21.863+0900][4.147s][info][gc,metaspace] GC(50) Metaspace: 5906K(6080K)->5906K(6080K) NonClass: 5275K(5376K)->5275K(5376K) Class: 630K(704K)->630K(704K)
[2026-03-25T20:38:21.863+0900][4.147s][info][gc          ] GC(50) Pause Young (Allocation Failure) 263M->107M(335M) 1.429ms
[2026-03-25T20:38:21.863+0900][4.147s][info][gc,cpu      ] GC(50) User=0.00s Sys=0.00s Real=0.00s
[2026-03-25T20:38:21.975+0900][4.259s][info][gc,start    ] GC(51) Pause Young (Allocation Failure)
[2026-03-25T20:38:21.976+0900][4.260s][info][gc,heap     ] GC(51) PSYoungGen: 166752K(167936K)->5568K(166912K) Eden: 161184K(161280K)->0K(161280K) From: 5568K(6656K)->5568K(5632K)
[2026-03-25T20:38:21.976+0900][4.260s][info][gc,heap     ] GC(51) ParOldGen: 104671K(175104K)->107032K(175104K)
[2026-03-25T20:38:21.976+0900][4.260s][info][gc,metaspace] GC(51) Metaspace: 5906K(6080K)->5906K(6080K) NonClass: 5275K(5376K)->5275K(5376K) Class: 630K(704K)->630K(704K)
[2026-03-25T20:38:21.976+0900][4.260s][info][gc          ] GC(51) Pause Young (Allocation Failure) 265M->109M(334M) 1.325ms
[2026-03-25T20:38:21.976+0900][4.260s][info][gc,cpu      ] GC(51) User=0.00s Sys=0.00s Real=0.00s
[2026-03-25T20:38:22.084+0900][4.369s][info][gc,start    ] GC(52) Pause Young (Allocation Failure)
[2026-03-25T20:38:22.086+0900][4.370s][info][gc,heap     ] GC(52) PSYoungGen: 166693K(166912K)->5824K(167424K) Eden: 161124K(161280K)->0K(161280K) From: 5568K(5632K)->5824K(6144K)
[2026-03-25T20:38:22.086+0900][4.370s][info][gc,heap     ] GC(52) ParOldGen: 107032K(175104K)->109128K(175104K)
[2026-03-25T20:38:22.086+0900][4.370s][info][gc,metaspace] GC(52) Metaspace: 5917K(6080K)->5917K(6080K) NonClass: 5286K(5376K)->5286K(5376K) Class: 630K(704K)->630K(704K)
[2026-03-25T20:38:22.086+0900][4.370s][info][gc          ] GC(52) Pause Young (Allocation Failure) 267M->112M(334M) 1.822ms
[2026-03-25T20:38:22.086+0900][4.370s][info][gc,cpu      ] GC(52) User=0.00s Sys=0.00s Real=0.00s
[2026-03-25T20:38:22.146+0900][4.430s][info][gc,start    ] GC(53) Pause Young (Allocation Failure)
[2026-03-25T20:38:22.148+0900][4.432s][info][gc,heap     ] GC(53) PSYoungGen: 167007K(167424K)->5632K(168448K) Eden: 161183K(161280K)->0K(162304K) From: 5824K(6144K)->5632K(6144K)
[2026-03-25T20:38:22.148+0900][4.432s][info][gc,heap     ] GC(53) ParOldGen: 109128K(175104K)->111488K(175104K)
[2026-03-25T20:38:22.148+0900][4.432s][info][gc,metaspace] GC(53) Metaspace: 5917K(6080K)->5917K(6080K) NonClass: 5286K(5376K)->5286K(5376K) Class: 630K(704K)->630K(704K)
[2026-03-25T20:38:22.148+0900][4.432s][info][gc          ] GC(53) Pause Young (Allocation Failure) 269M->114M(335M) 2.008ms
[2026-03-25T20:38:22.148+0900][4.432s][info][gc,cpu      ] GC(53) User=0.00s Sys=0.01s Real=0.00s
[2026-03-25T20:38:22.262+0900][4.547s][info][gc,start    ] GC(54) Pause Young (Allocation Failure)
[2026-03-25T20:38:22.264+0900][4.549s][info][gc,heap     ] GC(54) PSYoungGen: 167860K(168448K)->5856K(168448K) Eden: 162228K(162304K)->0K(162304K) From: 5632K(6144K)->5856K(6144K)
[2026-03-25T20:38:22.264+0900][4.549s][info][gc,heap     ] GC(54) ParOldGen: 111488K(175104K)->113592K(175104K)
[2026-03-25T20:38:22.265+0900][4.549s][info][gc,metaspace] GC(54) Metaspace: 5917K(6080K)->5917K(6080K) NonClass: 5286K(5376K)->5286K(5376K) Class: 630K(704K)->630K(704K)
[2026-03-25T20:38:22.265+0900][4.549s][info][gc          ] GC(54) Pause Young (Allocation Failure) 272M->116M(335M) 2.104ms
[2026-03-25T20:38:22.265+0900][4.549s][info][gc,cpu      ] GC(54) User=0.01s Sys=0.00s Real=0.00s
[2026-03-25T20:38:22.323+0900][4.607s][info][gc,start    ] GC(55) Pause Young (Allocation Failure)
[2026-03-25T20:38:22.325+0900][4.609s][info][gc,heap     ] GC(55) PSYoungGen: 168084K(168448K)->5440K(168448K) Eden: 162228K(162304K)->0K(162304K) From: 5856K(6144K)->5440K(6144K)
[2026-03-25T20:38:22.325+0900][4.609s][info][gc,heap     ] GC(55) ParOldGen: 113592K(175104K)->115912K(175104K)
[2026-03-25T20:38:22.325+0900][4.609s][info][gc,metaspace] GC(55) Metaspace: 5917K(6080K)->5917K(6080K) NonClass: 5286K(5376K)->5286K(5376K) Class: 630K(704K)->630K(704K)
[2026-03-25T20:38:22.325+0900][4.609s][info][gc          ] GC(55) Pause Young (Allocation Failure) 275M->118M(335M) 2.336ms
[2026-03-25T20:38:22.325+0900][4.609s][info][gc,cpu      ] GC(55) User=0.00s Sys=0.00s Real=0.00s
[2026-03-25T20:38:22.439+0900][4.724s][info][gc,start    ] GC(56) Pause Young (Allocation Failure)
[2026-03-25T20:38:22.441+0900][4.725s][info][gc,heap     ] GC(56) PSYoungGen: 167668K(168448K)->5568K(168448K) Eden: 162228K(162304K)->0K(162304K) From: 5440K(6144K)->5568K(6144K)
[2026-03-25T20:38:22.441+0900][4.726s][info][gc,heap     ] GC(56) ParOldGen: 115912K(175104K)->118272K(175104K)
[2026-03-25T20:38:22.441+0900][4.726s][info][gc,metaspace] GC(56) Metaspace: 5917K(6080K)->5917K(6080K) NonClass: 5286K(5376K)->5286K(5376K) Class: 630K(704K)->630K(704K)
[2026-03-25T20:38:22.441+0900][4.726s][info][gc          ] GC(56) Pause Young (Allocation Failure) 276M->120M(335M) 2.039ms
[2026-03-25T20:38:22.441+0900][4.726s][info][gc,cpu      ] GC(56) User=0.01s Sys=0.01s Real=0.01s
[2026-03-25T20:38:22.500+0900][4.784s][info][gc,start    ] GC(57) Pause Young (Allocation Failure)
[2026-03-25T20:38:22.501+0900][4.785s][info][gc,heap     ] GC(57) PSYoungGen: 167796K(168448K)->5600K(168448K) Eden: 162228K(162304K)->0K(162304K) From: 5568K(6144K)->5600K(6144K)
[2026-03-25T20:38:22.501+0900][4.785s][info][gc,heap     ] GC(57) ParOldGen: 118272K(175104K)->120632K(175104K)
[2026-03-25T20:38:22.501+0900][4.785s][info][gc,metaspace] GC(57) Metaspace: 5917K(6080K)->5917K(6080K) NonClass: 5286K(5376K)->5286K(5376K) Class: 630K(704K)->630K(704K)
[2026-03-25T20:38:22.501+0900][4.785s][info][gc          ] GC(57) Pause Young (Allocation Failure) 279M->123M(335M) 1.527ms
[2026-03-25T20:38:22.501+0900][4.785s][info][gc,cpu      ] GC(57) User=0.00s Sys=0.00s Real=0.00s
[2026-03-25T20:38:22.616+0900][4.900s][info][gc,start    ] GC(58) Pause Young (Allocation Failure)
[2026-03-25T20:38:22.618+0900][4.902s][info][gc,heap     ] GC(58) PSYoungGen: 167828K(168448K)->5824K(168448K) Eden: 162228K(162304K)->0K(162304K) From: 5600K(6144K)->5824K(6144K)
[2026-03-25T20:38:22.618+0900][4.902s][info][gc,heap     ] GC(58) ParOldGen: 120632K(175104K)->122737K(175104K)
[2026-03-25T20:38:22.618+0900][4.902s][info][gc,metaspace] GC(58) Metaspace: 5917K(6080K)->5917K(6080K) NonClass: 5286K(5376K)->5286K(5376K) Class: 630K(704K)->630K(704K)
[2026-03-25T20:38:22.618+0900][4.902s][info][gc          ] GC(58) Pause Young (Allocation Failure) 281M->125M(335M) 2.251ms
[2026-03-25T20:38:22.618+0900][4.902s][info][gc,cpu      ] GC(58) User=0.00s Sys=0.00s Real=0.00s
[2026-03-25T20:38:22.675+0900][4.960s][info][gc,start    ] GC(59) Pause Young (Allocation Failure)
[2026-03-25T20:38:22.677+0900][4.961s][info][gc,heap     ] GC(59) PSYoungGen: 168052K(168448K)->5504K(168448K) Eden: 162228K(162304K)->0K(162304K) From: 5824K(6144K)->5504K(6144K)
[2026-03-25T20:38:22.677+0900][4.961s][info][gc,heap     ] GC(59) ParOldGen: 122737K(175104K)->125097K(175104K)
[2026-03-25T20:38:22.677+0900][4.961s][info][gc,metaspace] GC(59) Metaspace: 5917K(6080K)->5917K(6080K) NonClass: 5286K(5376K)->5286K(5376K) Class: 630K(704K)->630K(704K)
[2026-03-25T20:38:22.677+0900][4.961s][info][gc          ] GC(59) Pause Young (Allocation Failure) 283M->127M(335M) 1.842ms
[2026-03-25T20:38:22.677+0900][4.961s][info][gc,cpu      ] GC(59) User=0.00s Sys=0.00s Real=0.00s
[2026-03-25T20:38:22.793+0900][5.077s][info][gc,start    ] GC(60) Pause Young (Allocation Failure)
[2026-03-25T20:38:22.794+0900][5.078s][info][gc,heap     ] GC(60) PSYoungGen: 167732K(168448K)->5856K(168448K) Eden: 162228K(162304K)->0K(162304K) From: 5504K(6144K)->5856K(6144K)
[2026-03-25T20:38:22.794+0900][5.079s][info][gc,heap     ] GC(60) ParOldGen: 125097K(175104K)->127201K(175104K)
[2026-03-25T20:38:22.794+0900][5.079s][info][gc,metaspace] GC(60) Metaspace: 5917K(6080K)->5917K(6080K) NonClass: 5286K(5376K)->5286K(5376K) Class: 630K(704K)->630K(704K)
[2026-03-25T20:38:22.795+0900][5.079s][info][gc          ] GC(60) Pause Young (Allocation Failure) 285M->129M(335M) 1.972ms
[2026-03-25T20:38:22.795+0900][5.079s][info][gc,cpu      ] GC(60) User=0.00s Sys=0.01s Real=0.00s
[2026-03-25T20:38:22.854+0900][5.138s][info][gc,start    ] GC(61) Pause Young (Allocation Failure)
[2026-03-25T20:38:22.856+0900][5.140s][info][gc,heap     ] GC(61) PSYoungGen: 168084K(168448K)->5568K(168448K) Eden: 162228K(162304K)->0K(162304K) From: 5856K(6144K)->5568K(6144K)
[2026-03-25T20:38:22.856+0900][5.140s][info][gc,heap     ] GC(61) ParOldGen: 127201K(175104K)->129561K(175104K)
[2026-03-25T20:38:22.856+0900][5.140s][info][gc,metaspace] GC(61) Metaspace: 5917K(6080K)->5917K(6080K) NonClass: 5286K(5376K)->5286K(5376K) Class: 630K(704K)->630K(704K)
[2026-03-25T20:38:22.856+0900][5.140s][info][gc          ] GC(61) Pause Young (Allocation Failure) 288M->131M(335M) 1.968ms
[2026-03-25T20:38:22.856+0900][5.140s][info][gc,cpu      ] GC(61) User=0.00s Sys=0.00s Real=0.00s
[2026-03-25T20:38:22.968+0900][5.252s][info][gc,start    ] GC(62) Pause Young (Allocation Failure)
[2026-03-25T20:38:22.970+0900][5.254s][info][gc,heap     ] GC(62) PSYoungGen: 167796K(168448K)->5824K(168448K) Eden: 162228K(162304K)->0K(162304K) From: 5568K(6144K)->5824K(6144K)
[2026-03-25T20:38:22.970+0900][5.254s][info][gc,heap     ] GC(62) ParOldGen: 129561K(175104K)->131665K(175104K)
[2026-03-25T20:38:22.970+0900][5.254s][info][gc,metaspace] GC(62) Metaspace: 5917K(6080K)->5917K(6080K) NonClass: 5286K(5376K)->5286K(5376K) Class: 630K(704K)->630K(704K)
[2026-03-25T20:38:22.970+0900][5.254s][info][gc          ] GC(62) Pause Young (Allocation Failure) 290M->134M(335M) 1.696ms
[2026-03-25T20:38:22.970+0900][5.254s][info][gc,cpu      ] GC(62) User=0.00s Sys=0.00s Real=0.01s
[2026-03-25T20:38:23.026+0900][5.310s][info][gc,start    ] GC(63) Pause Young (Allocation Failure)
[2026-03-25T20:38:23.027+0900][5.311s][info][gc,heap     ] GC(63) PSYoungGen: 168052K(168448K)->5632K(168448K) Eden: 162228K(162304K)->0K(162304K) From: 5824K(6144K)->5632K(6144K)
[2026-03-25T20:38:23.027+0900][5.311s][info][gc,heap     ] GC(63) ParOldGen: 131665K(175104K)->134025K(175104K)
[2026-03-25T20:38:23.027+0900][5.311s][info][gc,metaspace] GC(63) Metaspace: 5917K(6080K)->5917K(6080K) NonClass: 5286K(5376K)->5286K(5376K) Class: 630K(704K)->630K(704K)
[2026-03-25T20:38:23.027+0900][5.311s][info][gc          ] GC(63) Pause Young (Allocation Failure) 292M->136M(335M) 1.602ms
[2026-03-25T20:38:23.027+0900][5.311s][info][gc,cpu      ] GC(63) User=0.00s Sys=0.00s Real=0.00s
[2026-03-25T20:38:23.143+0900][5.427s][info][gc,start    ] GC(64) Pause Young (Allocation Failure)
[2026-03-25T20:38:23.144+0900][5.428s][info][gc,heap     ] GC(64) PSYoungGen: 167733K(168448K)->5632K(168448K) Eden: 162101K(162304K)->0K(162304K) From: 5632K(6144K)->5632K(6144K)
[2026-03-25T20:38:23.144+0900][5.428s][info][gc,heap     ] GC(64) ParOldGen: 134025K(175104K)->136385K(175104K)
[2026-03-25T20:38:23.144+0900][5.428s][info][gc,metaspace] GC(64) Metaspace: 5923K(6144K)->5923K(6144K) NonClass: 5292K(5440K)->5292K(5440K) Class: 630K(704K)->630K(704K)
[2026-03-25T20:38:23.144+0900][5.428s][info][gc          ] GC(64) Pause Young (Allocation Failure) 294M->138M(335M) 1.407ms
[2026-03-25T20:38:23.144+0900][5.428s][info][gc,cpu      ] GC(64) User=0.00s Sys=0.00s Real=0.00s
[2026-03-25T20:38:23.203+0900][5.488s][info][gc,start    ] GC(65) Pause Young (Allocation Failure)
[2026-03-25T20:38:23.205+0900][5.489s][info][gc,heap     ] GC(65) PSYoungGen: 167860K(168448K)->5600K(168448K) Eden: 162227K(162304K)->0K(162304K) From: 5632K(6144K)->5600K(6144K)
[2026-03-25T20:38:23.205+0900][5.489s][info][gc,heap     ] GC(65) ParOldGen: 136385K(175104K)->138737K(175104K)
[2026-03-25T20:38:23.205+0900][5.489s][info][gc,metaspace] GC(65) Metaspace: 5923K(6144K)->5923K(6144K) NonClass: 5292K(5440K)->5292K(5440K) Class: 630K(704K)->630K(704K)
[2026-03-25T20:38:23.205+0900][5.489s][info][gc          ] GC(65) Pause Young (Allocation Failure) 297M->140M(335M) 1.600ms
[2026-03-25T20:38:23.205+0900][5.489s][info][gc,cpu      ] GC(65) User=0.00s Sys=0.00s Real=0.00s
[2026-03-25T20:38:23.320+0900][5.604s][info][gc,start    ] GC(66) Pause Young (Allocation Failure)
[2026-03-25T20:38:23.322+0900][5.606s][info][gc,heap     ] GC(66) PSYoungGen: 167828K(168448K)->5824K(168448K) Eden: 162227K(162304K)->0K(162304K) From: 5600K(6144K)->5824K(6144K)
[2026-03-25T20:38:23.322+0900][5.606s][info][gc,heap     ] GC(66) ParOldGen: 138737K(175104K)->140818K(175104K)
[2026-03-25T20:38:23.322+0900][5.606s][info][gc,metaspace] GC(66) Metaspace: 5923K(6144K)->5923K(6144K) NonClass: 5292K(5440K)->5292K(5440K) Class: 630K(704K)->630K(704K)
[2026-03-25T20:38:23.322+0900][5.606s][info][gc          ] GC(66) Pause Young (Allocation Failure) 299M->143M(335M) 1.924ms
[2026-03-25T20:38:23.322+0900][5.606s][info][gc,cpu      ] GC(66) User=0.01s Sys=0.00s Real=0.00s
[2026-03-25T20:38:23.382+0900][5.666s][info][gc,start    ] GC(67) Pause Young (Allocation Failure)
[2026-03-25T20:38:23.383+0900][5.667s][info][gc,heap     ] GC(67) PSYoungGen: 168052K(168448K)->5568K(168448K) Eden: 162228K(162304K)->0K(162304K) From: 5824K(6144K)->5568K(6144K)
[2026-03-25T20:38:23.383+0900][5.667s][info][gc,heap     ] GC(67) ParOldGen: 140818K(175104K)->143178K(175104K)
[2026-03-25T20:38:23.383+0900][5.667s][info][gc,metaspace] GC(67) Metaspace: 5923K(6144K)->5923K(6144K) NonClass: 5292K(5440K)->5292K(5440K) Class: 630K(704K)->630K(704K)
[2026-03-25T20:38:23.383+0900][5.667s][info][gc          ] GC(67) Pause Young (Allocation Failure) 301M->145M(335M) 1.586ms
[2026-03-25T20:38:23.383+0900][5.667s][info][gc,cpu      ] GC(67) User=0.00s Sys=0.00s Real=0.00s
[2026-03-25T20:38:23.494+0900][5.779s][info][gc,start    ] GC(68) Pause Young (Allocation Failure)
[2026-03-25T20:38:23.496+0900][5.780s][info][gc,heap     ] GC(68) PSYoungGen: 167796K(168448K)->5824K(168448K) Eden: 162228K(162304K)->0K(162304K) From: 5568K(6144K)->5824K(6144K)
[2026-03-25T20:38:23.496+0900][5.780s][info][gc,heap     ] GC(68) ParOldGen: 143178K(175104K)->145274K(175104K)
[2026-03-25T20:38:23.496+0900][5.780s][info][gc,metaspace] GC(68) Metaspace: 5923K(6144K)->5923K(6144K) NonClass: 5292K(5440K)->5292K(5440K) Class: 630K(704K)->630K(704K)
[2026-03-25T20:38:23.498+0900][5.782s][info][gc          ] GC(68) Pause Young (Allocation Failure) 303M->147M(335M) 3.205ms
[2026-03-25T20:38:23.498+0900][5.782s][info][gc,cpu      ] GC(68) User=0.01s Sys=0.01s Real=0.00s
[2026-03-25T20:38:23.611+0900][5.895s][info][gc,start    ] GC(69) Pause Young (Allocation Failure)
[2026-03-25T20:38:23.612+0900][5.896s][info][gc,heap     ] GC(69) PSYoungGen: 168052K(168448K)->5824K(168448K) Eden: 162228K(162304K)->0K(162304K) From: 5824K(6144K)->5824K(6144K)
[2026-03-25T20:38:23.612+0900][5.896s][info][gc,heap     ] GC(69) ParOldGen: 145274K(175104K)->147378K(175104K)
[2026-03-25T20:38:23.612+0900][5.896s][info][gc,metaspace] GC(69) Metaspace: 5923K(6144K)->5923K(6144K) NonClass: 5292K(5440K)->5292K(5440K) Class: 630K(704K)->630K(704K)
[2026-03-25T20:38:23.612+0900][5.896s][info][gc          ] GC(69) Pause Young (Allocation Failure) 305M->149M(335M) 0.733ms
[2026-03-25T20:38:23.612+0900][5.896s][info][gc,cpu      ] GC(69) User=0.00s Sys=0.00s Real=0.00s
[2026-03-25T20:38:23.669+0900][5.953s][info][gc,start    ] GC(70) Pause Young (Allocation Failure)
[2026-03-25T20:38:23.670+0900][5.954s][info][gc,heap     ] GC(70) PSYoungGen: 168052K(168448K)->5568K(168448K) Eden: 162228K(162304K)->0K(162304K) From: 5824K(6144K)->5568K(6144K)
[2026-03-25T20:38:23.670+0900][5.954s][info][gc,heap     ] GC(70) ParOldGen: 147378K(175104K)->149738K(175104K)
[2026-03-25T20:38:23.670+0900][5.954s][info][gc,metaspace] GC(70) Metaspace: 5923K(6144K)->5923K(6144K) NonClass: 5292K(5440K)->5292K(5440K) Class: 630K(704K)->630K(704K)
[2026-03-25T20:38:23.670+0900][5.954s][info][gc          ] GC(70) Pause Young (Allocation Failure) 308M->151M(335M) 0.652ms
[2026-03-25T20:38:23.670+0900][5.954s][info][gc,cpu      ] GC(70) User=0.00s Sys=0.00s Real=0.01s
[2026-03-25T20:38:23.782+0900][6.066s][info][gc,start    ] GC(71) Pause Young (Allocation Failure)
[2026-03-25T20:38:23.783+0900][6.067s][info][gc,heap     ] GC(71) PSYoungGen: 167796K(168448K)->5536K(168448K) Eden: 162228K(162304K)->0K(162304K) From: 5568K(6144K)->5536K(6144K)
[2026-03-25T20:38:23.783+0900][6.067s][info][gc,heap     ] GC(71) ParOldGen: 149738K(175104K)->152098K(175104K)
[2026-03-25T20:38:23.783+0900][6.067s][info][gc,metaspace] GC(71) Metaspace: 5923K(6144K)->5923K(6144K) NonClass: 5292K(5440K)->5292K(5440K) Class: 630K(704K)->630K(704K)
[2026-03-25T20:38:23.783+0900][6.067s][info][gc          ] GC(71) Pause Young (Allocation Failure) 310M->153M(335M) 0.679ms
[2026-03-25T20:38:23.783+0900][6.067s][info][gc,cpu      ] GC(71) User=0.00s Sys=0.00s Real=0.00s
[2026-03-25T20:38:23.840+0900][6.124s][info][gc,start    ] GC(72) Pause Young (Allocation Failure)
[2026-03-25T20:38:23.840+0900][6.125s][info][gc,heap     ] GC(72) PSYoungGen: 167764K(168448K)->5600K(168448K) Eden: 162228K(162304K)->0K(162304K) From: 5536K(6144K)->5600K(6144K)
[2026-03-25T20:38:23.840+0900][6.125s][info][gc,heap     ] GC(72) ParOldGen: 152098K(175104K)->154458K(175104K)
[2026-03-25T20:38:23.840+0900][6.125s][info][gc,metaspace] GC(72) Metaspace: 5923K(6144K)->5923K(6144K) NonClass: 5292K(5440K)->5292K(5440K) Class: 630K(704K)->630K(704K)
[2026-03-25T20:38:23.840+0900][6.125s][info][gc          ] GC(72) Pause Young (Allocation Failure) 312M->156M(335M) 0.775ms
[2026-03-25T20:38:23.840+0900][6.125s][info][gc,cpu      ] GC(72) User=0.00s Sys=0.00s Real=0.00s
[2026-03-25T20:38:23.951+0900][6.235s][info][gc,start    ] GC(73) Pause Young (Allocation Failure)
[2026-03-25T20:38:23.952+0900][6.237s][info][gc,heap     ] GC(73) PSYoungGen: 167828K(168448K)->5856K(168448K) Eden: 162228K(162304K)->0K(162304K) From: 5600K(6144K)->5856K(6144K)
[2026-03-25T20:38:23.952+0900][6.237s][info][gc,heap     ] GC(73) ParOldGen: 154458K(175104K)->156563K(175104K)
[2026-03-25T20:38:23.952+0900][6.237s][info][gc,metaspace] GC(73) Metaspace: 5923K(6144K)->5923K(6144K) NonClass: 5292K(5440K)->5292K(5440K) Class: 630K(704K)->630K(704K)
[2026-03-25T20:38:23.953+0900][6.237s][info][gc          ] GC(73) Pause Young (Allocation Failure) 314M->158M(335M) 1.958ms
[2026-03-25T20:38:23.953+0900][6.237s][info][gc,cpu      ] GC(73) User=0.01s Sys=0.00s Real=0.00s
[2026-03-25T20:38:24.009+0900][6.293s][info][gc,start    ] GC(74) Pause Young (Allocation Failure)
[2026-03-25T20:38:24.010+0900][6.294s][info][gc,heap     ] GC(74) PSYoungGen: 168084K(168448K)->5568K(168448K) Eden: 162228K(162304K)->0K(162304K) From: 5856K(6144K)->5568K(6144K)
[2026-03-25T20:38:24.010+0900][6.295s][info][gc,heap     ] GC(74) ParOldGen: 156563K(175104K)->158923K(175104K)
[2026-03-25T20:38:24.010+0900][6.295s][info][gc,metaspace] GC(74) Metaspace: 5923K(6144K)->5923K(6144K) NonClass: 5292K(5440K)->5292K(5440K) Class: 630K(704K)->630K(704K)
[2026-03-25T20:38:24.010+0900][6.295s][info][gc          ] GC(74) Pause Young (Allocation Failure) 317M->160M(335M) 1.915ms
[2026-03-25T20:38:24.010+0900][6.295s][info][gc,cpu      ] GC(74) User=0.01s Sys=0.01s Real=0.01s
[2026-03-25T20:38:24.125+0900][6.409s][info][gc,start    ] GC(75) Pause Young (Allocation Failure)
[2026-03-25T20:38:24.127+0900][6.411s][info][gc,heap     ] GC(75) PSYoungGen: 167624K(168448K)->5824K(168448K) Eden: 162056K(162304K)->0K(162304K) From: 5568K(6144K)->5824K(6144K)
[2026-03-25T20:38:24.127+0900][6.411s][info][gc,heap     ] GC(75) ParOldGen: 158923K(175104K)->161027K(175104K)
[2026-03-25T20:38:24.127+0900][6.411s][info][gc,metaspace] GC(75) Metaspace: 5931K(6144K)->5931K(6144K) NonClass: 5300K(5440K)->5300K(5440K) Class: 630K(704K)->630K(704K)
[2026-03-25T20:38:24.127+0900][6.411s][info][gc          ] GC(75) Pause Young (Allocation Failure) 318M->162M(335M) 1.863ms
[2026-03-25T20:38:24.127+0900][6.411s][info][gc,cpu      ] GC(75) User=0.00s Sys=0.00s Real=0.00s
[2026-03-25T20:38:24.187+0900][6.471s][info][gc,start    ] GC(76) Pause Young (Allocation Failure)
[2026-03-25T20:38:24.189+0900][6.473s][info][gc,heap     ] GC(76) PSYoungGen: 168052K(168448K)->5600K(168448K) Eden: 162227K(162304K)->0K(162304K) From: 5824K(6144K)->5600K(6144K)
[2026-03-25T20:38:24.189+0900][6.473s][info][gc,heap     ] GC(76) ParOldGen: 161027K(175104K)->163387K(175104K)
[2026-03-25T20:38:24.189+0900][6.473s][info][gc,metaspace] GC(76) Metaspace: 5931K(6144K)->5931K(6144K) NonClass: 5300K(5440K)->5300K(5440K) Class: 630K(704K)->630K(704K)
[2026-03-25T20:38:24.189+0900][6.473s][info][gc          ] GC(76) Pause Young (Allocation Failure) 321M->165M(335M) 2.012ms
[2026-03-25T20:38:24.189+0900][6.473s][info][gc,cpu      ] GC(76) User=0.00s Sys=0.00s Real=0.00s
[2026-03-25T20:38:24.300+0900][6.584s][info][gc,start    ] GC(77) Pause Young (Allocation Failure)
[2026-03-25T20:38:24.302+0900][6.586s][info][gc,heap     ] GC(77) PSYoungGen: 167828K(168448K)->5760K(168448K) Eden: 162228K(162304K)->0K(162304K) From: 5600K(6144K)->5760K(6144K)
[2026-03-25T20:38:24.302+0900][6.586s][info][gc,heap     ] GC(77) ParOldGen: 163387K(175104K)->165491K(175104K)
[2026-03-25T20:38:24.302+0900][6.586s][info][gc,metaspace] GC(77) Metaspace: 5931K(6144K)->5931K(6144K) NonClass: 5300K(5440K)->5300K(5440K) Class: 630K(704K)->630K(704K)
[2026-03-25T20:38:24.302+0900][6.586s][info][gc          ] GC(77) Pause Young (Allocation Failure) 323M->167M(335M) 2.120ms
[2026-03-25T20:38:24.302+0900][6.586s][info][gc,cpu      ] GC(77) User=0.00s Sys=0.01s Real=0.00s
[2026-03-25T20:38:24.360+0900][6.644s][info][gc,start    ] GC(78) Pause Young (Allocation Failure)
[2026-03-25T20:38:24.362+0900][6.646s][info][gc,heap     ] GC(78) PSYoungGen: 167988K(168448K)->5600K(168448K) Eden: 162228K(162304K)->0K(162304K) From: 5760K(6144K)->5600K(6144K)
[2026-03-25T20:38:24.362+0900][6.646s][info][gc,heap     ] GC(78) ParOldGen: 165491K(175104K)->167851K(175104K)
[2026-03-25T20:38:24.362+0900][6.646s][info][gc,metaspace] GC(78) Metaspace: 5931K(6144K)->5931K(6144K) NonClass: 5300K(5440K)->5300K(5440K) Class: 630K(704K)->630K(704K)
[2026-03-25T20:38:24.362+0900][6.646s][info][gc          ] GC(78) Pause Young (Allocation Failure) 325M->169M(335M) 1.863ms
[2026-03-25T20:38:24.362+0900][6.646s][info][gc,cpu      ] GC(78) User=0.00s Sys=0.00s Real=0.00s
[2026-03-25T20:38:24.477+0900][6.761s][info][gc,start    ] GC(79) Pause Young (Allocation Failure)
[2026-03-25T20:38:24.479+0900][6.763s][info][gc,heap     ] GC(79) PSYoungGen: 167828K(168448K)->5536K(168448K) Eden: 162228K(162304K)->0K(162304K) From: 5600K(6144K)->5536K(6144K)
[2026-03-25T20:38:24.479+0900][6.763s][info][gc,heap     ] GC(79) ParOldGen: 167851K(175104K)->170195K(175104K)
[2026-03-25T20:38:24.479+0900][6.763s][info][gc,metaspace] GC(79) Metaspace: 5931K(6144K)->5931K(6144K) NonClass: 5300K(5440K)->5300K(5440K) Class: 630K(704K)->630K(704K)
[2026-03-25T20:38:24.479+0900][6.763s][info][gc          ] GC(79) Pause Young (Allocation Failure) 327M->171M(335M) 1.661ms
[2026-03-25T20:38:24.479+0900][6.763s][info][gc,cpu      ] GC(79) User=0.00s Sys=0.00s Real=0.00s
[2026-03-25T20:38:24.534+0900][6.818s][info][gc,start    ] GC(80) Pause Young (Allocation Failure)
[2026-03-25T20:38:24.536+0900][6.820s][info][gc,heap     ] GC(80) PSYoungGen: 167764K(168448K)->5760K(168448K) Eden: 162228K(162304K)->0K(162304K) From: 5536K(6144K)->5760K(6144K)
[2026-03-25T20:38:24.536+0900][6.820s][info][gc,heap     ] GC(80) ParOldGen: 170195K(175104K)->172267K(175104K)
[2026-03-25T20:38:24.536+0900][6.820s][info][gc,metaspace] GC(80) Metaspace: 5931K(6144K)->5931K(6144K) NonClass: 5300K(5440K)->5300K(5440K) Class: 630K(704K)->630K(704K)
[2026-03-25T20:38:24.536+0900][6.820s][info][gc          ] GC(80) Pause Young (Allocation Failure) 330M->173M(335M) 1.976ms
[2026-03-25T20:38:24.536+0900][6.820s][info][gc,cpu      ] GC(80) User=0.00s Sys=0.00s Real=0.00s
[2026-03-25T20:38:24.651+0900][6.935s][info][gc,start    ] GC(81) Pause Young (Allocation Failure)
[2026-03-25T20:38:24.653+0900][6.938s][info][gc,heap     ] GC(81) PSYoungGen: 167988K(168448K)->5568K(168448K) Eden: 162228K(162304K)->0K(162304K) From: 5760K(6144K)->5568K(6144K)
[2026-03-25T20:38:24.654+0900][6.938s][info][gc,heap     ] GC(81) ParOldGen: 172267K(175104K)->174628K(175104K)
[2026-03-25T20:38:24.654+0900][6.938s][info][gc,metaspace] GC(81) Metaspace: 5931K(6144K)->5931K(6144K) NonClass: 5300K(5440K)->5300K(5440K) Class: 630K(704K)->630K(704K)
[2026-03-25T20:38:24.654+0900][6.938s][info][gc          ] GC(81) Pause Young (Allocation Failure) 332M->175M(335M) 2.246ms
[2026-03-25T20:38:24.654+0900][6.938s][info][gc,cpu      ] GC(81) User=0.00s Sys=0.00s Real=0.00s
[2026-03-25T20:38:24.713+0900][6.997s][info][gc,start    ] GC(82) Pause Young (Allocation Failure)
[2026-03-25T20:38:24.715+0900][6.999s][info][gc,heap     ] GC(82) PSYoungGen: 167796K(168448K)->5568K(168448K) Eden: 162228K(162304K)->0K(162304K) From: 5568K(6144K)->5568K(6144K)
[2026-03-25T20:38:24.715+0900][6.999s][info][gc,heap     ] GC(82) ParOldGen: 174628K(175104K)->176988K(177152K)
[2026-03-25T20:38:24.715+0900][6.999s][info][gc,metaspace] GC(82) Metaspace: 5931K(6144K)->5931K(6144K) NonClass: 5300K(5440K)->5300K(5440K) Class: 630K(704K)->630K(704K)
[2026-03-25T20:38:24.715+0900][6.999s][info][gc          ] GC(82) Pause Young (Allocation Failure) 334M->178M(337M) 1.898ms
[2026-03-25T20:38:24.715+0900][6.999s][info][gc,cpu      ] GC(82) User=0.00s Sys=0.01s Real=0.00s
[2026-03-25T20:38:24.825+0900][7.109s][info][gc,start    ] GC(83) Pause Young (Allocation Failure)
[2026-03-25T20:38:24.827+0900][7.111s][info][gc,heap     ] GC(83) PSYoungGen: 167796K(168448K)->5824K(168448K) Eden: 162228K(162304K)->0K(162304K) From: 5568K(6144K)->5824K(6144K)
[2026-03-25T20:38:24.827+0900][7.111s][info][gc,heap     ] GC(83) ParOldGen: 176988K(177152K)->179092K(179200K)
[2026-03-25T20:38:24.827+0900][7.111s][info][gc,metaspace] GC(83) Metaspace: 5931K(6144K)->5931K(6144K) NonClass: 5300K(5440K)->5300K(5440K) Class: 630K(704K)->630K(704K)
[2026-03-25T20:38:24.827+0900][7.111s][info][gc          ] GC(83) Pause Young (Allocation Failure) 336M->180M(339M) 1.850ms
[2026-03-25T20:38:24.827+0900][7.111s][info][gc,cpu      ] GC(83) User=0.00s Sys=0.00s Real=0.00s
[2026-03-25T20:38:24.887+0900][7.171s][info][gc,start    ] GC(84) Pause Young (Allocation Failure)
[2026-03-25T20:38:24.888+0900][7.172s][info][gc,heap     ] GC(84) PSYoungGen: 168052K(168448K)->5568K(168448K) Eden: 162228K(162304K)->0K(162304K) From: 5824K(6144K)->5568K(6144K)
[2026-03-25T20:38:24.888+0900][7.172s][info][gc,heap     ] GC(84) ParOldGen: 179092K(179200K)->181444K(181760K)
[2026-03-25T20:38:24.888+0900][7.172s][info][gc,metaspace] GC(84) Metaspace: 5931K(6144K)->5931K(6144K) NonClass: 5300K(5440K)->5300K(5440K) Class: 630K(704K)->630K(704K)
[2026-03-25T20:38:24.888+0900][7.173s][info][gc          ] GC(84) Pause Young (Allocation Failure) 339M->182M(342M) 1.694ms
[2026-03-25T20:38:24.888+0900][7.173s][info][gc,cpu      ] GC(84) User=0.00s Sys=0.00s Real=0.00s
[2026-03-25T20:38:24.999+0900][7.283s][info][gc,start    ] GC(85) Pause Young (Allocation Failure)
[2026-03-25T20:38:25.001+0900][7.285s][info][gc,heap     ] GC(85) PSYoungGen: 167796K(168448K)->5824K(168448K) Eden: 162228K(162304K)->0K(162304K) From: 5568K(6144K)->5824K(6144K)
[2026-03-25T20:38:25.001+0900][7.285s][info][gc,heap     ] GC(85) ParOldGen: 181444K(181760K)->183540K(183808K)
[2026-03-25T20:38:25.001+0900][7.285s][info][gc,metaspace] GC(85) Metaspace: 5931K(6144K)->5931K(6144K) NonClass: 5300K(5440K)->5300K(5440K) Class: 630K(704K)->630K(704K)
[2026-03-25T20:38:25.001+0900][7.285s][info][gc          ] GC(85) Pause Young (Allocation Failure) 341M->184M(344M) 2.131ms
[2026-03-25T20:38:25.001+0900][7.285s][info][gc,cpu      ] GC(85) User=0.01s Sys=0.00s Real=0.01s
[2026-03-25T20:38:25.114+0900][7.398s][info][gc,start    ] GC(86) Pause Young (Allocation Failure)
[2026-03-25T20:38:25.117+0900][7.401s][info][gc,heap     ] GC(86) PSYoungGen: 168107K(168448K)->5760K(168448K) Eden: 162283K(162304K)->0K(162304K) From: 5824K(6144K)->5760K(6144K)
[2026-03-25T20:38:25.117+0900][7.401s][info][gc,heap     ] GC(86) ParOldGen: 183540K(183808K)->185868K(186368K)
[2026-03-25T20:38:25.117+0900][7.401s][info][gc,metaspace] GC(86) Metaspace: 5943K(6144K)->5943K(6144K) NonClass: 5312K(5440K)->5312K(5440K) Class: 630K(704K)->630K(704K)
[2026-03-25T20:38:25.117+0900][7.401s][info][gc          ] GC(86) Pause Young (Allocation Failure) 343M->187M(346M) 2.595ms
[2026-03-25T20:38:25.117+0900][7.401s][info][gc,cpu      ] GC(86) User=0.00s Sys=0.00s Real=0.00s
[2026-03-25T20:38:25.177+0900][7.461s][info][gc,start    ] GC(87) Pause Young (Allocation Failure)
[2026-03-25T20:38:25.179+0900][7.463s][info][gc,heap     ] GC(87) PSYoungGen: 167988K(168448K)->5824K(168448K) Eden: 162228K(162304K)->0K(162304K) From: 5760K(6144K)->5824K(6144K)
[2026-03-25T20:38:25.179+0900][7.463s][info][gc,heap     ] GC(87) ParOldGen: 185868K(186368K)->187972K(188416K)
[2026-03-25T20:38:25.179+0900][7.463s][info][gc,metaspace] GC(87) Metaspace: 5943K(6144K)->5943K(6144K) NonClass: 5312K(5440K)->5312K(5440K) Class: 630K(704K)->630K(704K)
[2026-03-25T20:38:25.179+0900][7.463s][info][gc          ] GC(87) Pause Young (Allocation Failure) 345M->189M(348M) 2.022ms
[2026-03-25T20:38:25.179+0900][7.463s][info][gc,cpu      ] GC(87) User=0.01s Sys=0.01s Real=0.00s
[2026-03-25T20:38:25.293+0900][7.577s][info][gc,start    ] GC(88) Pause Young (Allocation Failure)
[2026-03-25T20:38:25.294+0900][7.579s][info][gc,heap     ] GC(88) PSYoungGen: 168052K(168448K)->5568K(168448K) Eden: 162228K(162304K)->0K(162304K) From: 5824K(6144K)->5568K(6144K)
[2026-03-25T20:38:25.295+0900][7.579s][info][gc,heap     ] GC(88) ParOldGen: 187972K(188416K)->190589K(190976K)
[2026-03-25T20:38:25.295+0900][7.579s][info][gc,metaspace] GC(88) Metaspace: 5943K(6144K)->5943K(6144K) NonClass: 5312K(5440K)->5312K(5440K) Class: 630K(704K)->630K(704K)
[2026-03-25T20:38:25.295+0900][7.579s][info][gc          ] GC(88) Pause Young (Allocation Failure) 347M->191M(351M) 1.854ms
[2026-03-25T20:38:25.295+0900][7.579s][info][gc,cpu      ] GC(88) User=0.01s Sys=0.00s Real=0.00s
[2026-03-25T20:38:25.349+0900][7.634s][info][gc,start    ] GC(89) Pause Young (Allocation Failure)
[2026-03-25T20:38:25.351+0900][7.635s][info][gc,heap     ] GC(89) PSYoungGen: 167796K(168448K)->5568K(168448K) Eden: 162228K(162304K)->0K(162304K) From: 5568K(6144K)->5568K(6144K)
[2026-03-25T20:38:25.351+0900][7.635s][info][gc,heap     ] GC(89) ParOldGen: 190589K(190976K)->192949K(193024K)
[2026-03-25T20:38:25.351+0900][7.635s][info][gc,metaspace] GC(89) Metaspace: 5943K(6144K)->5943K(6144K) NonClass: 5312K(5440K)->5312K(5440K) Class: 630K(704K)->630K(704K)
[2026-03-25T20:38:25.351+0900][7.636s][info][gc          ] GC(89) Pause Young (Allocation Failure) 349M->193M(353M) 1.998ms
[2026-03-25T20:38:25.351+0900][7.636s][info][gc,cpu      ] GC(89) User=0.01s Sys=0.00s Real=0.01s
[2026-03-25T20:38:25.467+0900][7.751s][info][gc,start    ] GC(90) Pause Young (Allocation Failure)
[2026-03-25T20:38:25.469+0900][7.753s][info][gc,heap     ] GC(90) PSYoungGen: 167796K(168448K)->5856K(168448K) Eden: 162228K(162304K)->0K(162304K) From: 5568K(6144K)->5856K(6144K)
[2026-03-25T20:38:25.469+0900][7.753s][info][gc,heap     ] GC(90) ParOldGen: 192949K(193024K)->195053K(195072K)
[2026-03-25T20:38:25.469+0900][7.753s][info][gc,metaspace] GC(90) Metaspace: 5943K(6144K)->5943K(6144K) NonClass: 5312K(5440K)->5312K(5440K) Class: 630K(704K)->630K(704K)
[2026-03-25T20:38:25.469+0900][7.753s][info][gc          ] GC(90) Pause Young (Allocation Failure) 352M->196M(355M) 2.340ms
[2026-03-25T20:38:25.469+0900][7.753s][info][gc,cpu      ] GC(90) User=0.01s Sys=0.00s Real=0.00s
[2026-03-25T20:38:25.524+0900][7.808s][info][gc,start    ] GC(91) Pause Young (Allocation Failure)
[2026-03-25T20:38:25.526+0900][7.811s][info][gc,heap     ] GC(91) PSYoungGen: 168084K(168448K)->5504K(168448K) Eden: 162228K(162304K)->0K(162304K) From: 5856K(6144K)->5504K(6144K)
[2026-03-25T20:38:25.526+0900][7.811s][info][gc,heap     ] GC(91) ParOldGen: 195053K(195072K)->197405K(197632K)
[2026-03-25T20:38:25.526+0900][7.811s][info][gc,metaspace] GC(91) Metaspace: 5943K(6144K)->5943K(6144K) NonClass: 5312K(5440K)->5312K(5440K) Class: 630K(704K)->630K(704K)
[2026-03-25T20:38:25.526+0900][7.811s][info][gc          ] GC(91) Pause Young (Allocation Failure) 354M->198M(357M) 2.227ms
[2026-03-25T20:38:25.527+0900][7.811s][info][gc,cpu      ] GC(91) User=0.01s Sys=0.00s Real=0.00s
[2026-03-25T20:38:25.640+0900][7.924s][info][gc,start    ] GC(92) Pause Young (Allocation Failure)
[2026-03-25T20:38:25.642+0900][7.926s][info][gc,heap     ] GC(92) PSYoungGen: 167732K(168448K)->5856K(168448K) Eden: 162228K(162304K)->0K(162304K) From: 5504K(6144K)->5856K(6144K)
[2026-03-25T20:38:25.642+0900][7.926s][info][gc,heap     ] GC(92) ParOldGen: 197405K(197632K)->199509K(199680K)
[2026-03-25T20:38:25.642+0900][7.926s][info][gc,metaspace] GC(92) Metaspace: 5943K(6144K)->5943K(6144K) NonClass: 5312K(5440K)->5312K(5440K) Class: 630K(704K)->630K(704K)
[2026-03-25T20:38:25.642+0900][7.926s][info][gc          ] GC(92) Pause Young (Allocation Failure) 356M->200M(359M) 2.579ms
[2026-03-25T20:38:25.642+0900][7.926s][info][gc,cpu      ] GC(92) User=0.01s Sys=0.01s Real=0.00s
[2026-03-25T20:38:25.702+0900][7.986s][info][gc,start    ] GC(93) Pause Young (Allocation Failure)
[2026-03-25T20:38:25.704+0900][7.988s][info][gc,heap     ] GC(93) PSYoungGen: 168084K(168448K)->5600K(168448K) Eden: 162228K(162304K)->0K(162304K) From: 5856K(6144K)->5600K(6144K)
[2026-03-25T20:38:25.704+0900][7.988s][info][gc,heap     ] GC(93) ParOldGen: 199509K(199680K)->201869K(202240K)
[2026-03-25T20:38:25.704+0900][7.988s][info][gc,metaspace] GC(93) Metaspace: 5943K(6144K)->5943K(6144K) NonClass: 5312K(5440K)->5312K(5440K) Class: 630K(704K)->630K(704K)
[2026-03-25T20:38:25.704+0900][7.988s][info][gc          ] GC(93) Pause Young (Allocation Failure) 358M->202M(362M) 1.798ms
[2026-03-25T20:38:25.704+0900][7.988s][info][gc,cpu      ] GC(93) User=0.00s Sys=0.00s Real=0.00s
[2026-03-25T20:38:25.813+0900][8.097s][info][gc,start    ] GC(94) Pause Young (Allocation Failure)
[2026-03-25T20:38:25.815+0900][8.099s][info][gc,heap     ] GC(94) PSYoungGen: 167828K(168448K)->5824K(168448K) Eden: 162228K(162304K)->0K(162304K) From: 5600K(6144K)->5824K(6144K)
[2026-03-25T20:38:25.815+0900][8.099s][info][gc,heap     ] GC(94) ParOldGen: 201869K(202240K)->203973K(204288K)
[2026-03-25T20:38:25.815+0900][8.099s][info][gc,metaspace] GC(94) Metaspace: 5943K(6144K)->5943K(6144K) NonClass: 5312K(5440K)->5312K(5440K) Class: 630K(704K)->630K(704K)
[2026-03-25T20:38:25.815+0900][8.099s][info][gc          ] GC(94) Pause Young (Allocation Failure) 361M->204M(364M) 2.080ms
[2026-03-25T20:38:25.815+0900][8.099s][info][gc,cpu      ] GC(94) User=0.00s Sys=0.00s Real=0.00s
[2026-03-25T20:38:25.875+0900][8.159s][info][gc,start    ] GC(95) Pause Young (Allocation Failure)
[2026-03-25T20:38:25.877+0900][8.161s][info][gc,heap     ] GC(95) PSYoungGen: 168052K(168448K)->5536K(168448K) Eden: 162228K(162304K)->0K(162304K) From: 5824K(6144K)->5536K(6144K)
[2026-03-25T20:38:25.877+0900][8.161s][info][gc,heap     ] GC(95) ParOldGen: 203973K(204288K)->206326K(206336K)
[2026-03-25T20:38:25.877+0900][8.161s][info][gc,metaspace] GC(95) Metaspace: 5943K(6144K)->5943K(6144K) NonClass: 5312K(5440K)->5312K(5440K) Class: 630K(704K)->630K(704K)
[2026-03-25T20:38:25.877+0900][8.161s][info][gc          ] GC(95) Pause Young (Allocation Failure) 363M->206M(366M) 2.241ms
[2026-03-25T20:38:25.877+0900][8.161s][info][gc,cpu      ] GC(95) User=0.01s Sys=0.00s Real=0.00s
[2026-03-25T20:38:25.987+0900][8.271s][info][gc,start    ] GC(96) Pause Young (Allocation Failure)
[2026-03-25T20:38:25.989+0900][8.273s][info][gc,heap     ] GC(96) PSYoungGen: 167764K(168448K)->5632K(168448K) Eden: 162228K(162304K)->0K(162304K) From: 5536K(6144K)->5632K(6144K)
[2026-03-25T20:38:25.989+0900][8.273s][info][gc,heap     ] GC(96) ParOldGen: 206326K(206336K)->208686K(208896K)
[2026-03-25T20:38:25.989+0900][8.273s][info][gc,metaspace] GC(96) Metaspace: 5943K(6144K)->5943K(6144K) NonClass: 5312K(5440K)->5312K(5440K) Class: 630K(704K)->630K(704K)
[2026-03-25T20:38:25.989+0900][8.273s][info][gc          ] GC(96) Pause Young (Allocation Failure) 365M->209M(368M) 2.042ms
[2026-03-25T20:38:25.989+0900][8.273s][info][gc,cpu      ] GC(96) User=0.01s Sys=0.01s Real=0.00s
[2026-03-25T20:38:26.049+0900][8.333s][info][gc,start    ] GC(97) Pause Young (Allocation Failure)
[2026-03-25T20:38:26.051+0900][8.335s][info][gc,heap     ] GC(97) PSYoungGen: 167860K(168448K)->5536K(168448K) Eden: 162228K(162304K)->0K(162304K) From: 5632K(6144K)->5536K(6144K)
[2026-03-25T20:38:26.051+0900][8.336s][info][gc,heap     ] GC(97) ParOldGen: 208686K(208896K)->211046K(211456K)
[2026-03-25T20:38:26.051+0900][8.336s][info][gc,metaspace] GC(97) Metaspace: 5943K(6144K)->5943K(6144K) NonClass: 5312K(5440K)->5312K(5440K) Class: 630K(704K)->630K(704K)
[2026-03-25T20:38:26.051+0900][8.336s][info][gc          ] GC(97) Pause Young (Allocation Failure) 367M->211M(371M) 2.452ms
[2026-03-25T20:38:26.052+0900][8.336s][info][gc,cpu      ] GC(97) User=0.01s Sys=0.00s Real=0.01s
[2026-03-25T20:38:26.163+0900][8.447s][info][gc,start    ] GC(98) Pause Young (Allocation Failure)
[2026-03-25T20:38:26.165+0900][8.449s][info][gc,heap     ] GC(98) PSYoungGen: 167819K(168448K)->5856K(168448K) Eden: 162282K(162304K)->0K(162304K) From: 5536K(6144K)->5856K(6144K)
[2026-03-25T20:38:26.165+0900][8.449s][info][gc,heap     ] GC(98) ParOldGen: 211046K(211456K)->213150K(213504K)
[2026-03-25T20:38:26.165+0900][8.449s][info][gc,metaspace] GC(98) Metaspace: 5947K(6144K)->5947K(6144K) NonClass: 5316K(5440K)->5316K(5440K) Class: 630K(704K)->630K(704K)
[2026-03-25T20:38:26.165+0900][8.449s][info][gc          ] GC(98) Pause Young (Allocation Failure) 369M->213M(373M) 2.081ms
[2026-03-25T20:38:26.165+0900][8.449s][info][gc,cpu      ] GC(98) User=0.01s Sys=0.00s Real=0.00s
[2026-03-25T20:38:26.225+0900][8.509s][info][gc,start    ] GC(99) Pause Young (Allocation Failure)
[2026-03-25T20:38:26.227+0900][8.511s][info][gc,heap     ] GC(99) PSYoungGen: 168084K(168448K)->5568K(168448K) Eden: 162228K(162304K)->0K(162304K) From: 5856K(6144K)->5568K(6144K)
[2026-03-25T20:38:26.227+0900][8.511s][info][gc,heap     ] GC(99) ParOldGen: 213150K(213504K)->215510K(215552K)
[2026-03-25T20:38:26.227+0900][8.511s][info][gc,metaspace] GC(99) Metaspace: 5947K(6144K)->5947K(6144K) NonClass: 5316K(5440K)->5316K(5440K) Class: 630K(704K)->630K(704K)
[2026-03-25T20:38:26.227+0900][8.511s][info][gc          ] GC(99) Pause Young (Allocation Failure) 372M->215M(375M) 1.799ms
[2026-03-25T20:38:26.227+0900][8.511s][info][gc,cpu      ] GC(99) User=0.01s Sys=0.00s Real=0.00s
[2026-03-25T20:38:26.340+0900][8.624s][info][gc,start    ] GC(100) Pause Young (Allocation Failure)
[2026-03-25T20:38:26.342+0900][8.627s][info][gc,heap     ] GC(100) PSYoungGen: 167796K(168448K)->5824K(168448K) Eden: 162228K(162304K)->0K(162304K) From: 5568K(6144K)->5824K(6144K)
[2026-03-25T20:38:26.342+0900][8.627s][info][gc,heap     ] GC(100) ParOldGen: 215510K(215552K)->217614K(218112K)
[2026-03-25T20:38:26.342+0900][8.627s][info][gc,metaspace] GC(100) Metaspace: 5947K(6144K)->5947K(6144K) NonClass: 5316K(5440K)->5316K(5440K) Class: 630K(704K)->630K(704K)
[2026-03-25T20:38:26.342+0900][8.627s][info][gc          ] GC(100) Pause Young (Allocation Failure) 374M->218M(377M) 2.413ms
[2026-03-25T20:38:26.342+0900][8.627s][info][gc,cpu      ] GC(100) User=0.01s Sys=0.00s Real=0.00s
[2026-03-25T20:38:26.402+0900][8.686s][info][gc,start    ] GC(101) Pause Young (Allocation Failure)
[2026-03-25T20:38:26.404+0900][8.688s][info][gc,heap     ] GC(101) PSYoungGen: 168052K(168448K)->5600K(168448K) Eden: 162228K(162304K)->0K(162304K) From: 5824K(6144K)->5600K(6144K)
[2026-03-25T20:38:26.404+0900][8.688s][info][gc,heap     ] GC(101) ParOldGen: 217614K(218112K)->219982K(220160K)
[2026-03-25T20:38:26.404+0900][8.688s][info][gc,metaspace] GC(101) Metaspace: 5947K(6144K)->5947K(6144K) NonClass: 5316K(5440K)->5316K(5440K) Class: 630K(704K)->630K(704K)
[2026-03-25T20:38:26.404+0900][8.688s][info][gc          ] GC(101) Pause Young (Allocation Failure) 376M->220M(379M) 2.057ms
[2026-03-25T20:38:26.404+0900][8.688s][info][gc,cpu      ] GC(101) User=0.01s Sys=0.01s Real=0.00s
[2026-03-25T20:38:26.519+0900][8.803s][info][gc,start    ] GC(102) Pause Young (Allocation Failure)
[2026-03-25T20:38:26.521+0900][8.806s][info][gc,heap     ] GC(102) PSYoungGen: 167828K(168448K)->5888K(168448K) Eden: 162228K(162304K)->0K(162304K) From: 5600K(6144K)->5888K(6144K)
[2026-03-25T20:38:26.522+0900][8.806s][info][gc,heap     ] GC(102) ParOldGen: 219982K(220160K)->222078K(222208K)
[2026-03-25T20:38:26.522+0900][8.806s][info][gc,metaspace] GC(102) Metaspace: 5947K(6144K)->5947K(6144K) NonClass: 5316K(5440K)->5316K(5440K) Class: 630K(704K)->630K(704K)
[2026-03-25T20:38:26.522+0900][8.806s][info][gc          ] GC(102) Pause Young (Allocation Failure) 378M->222M(381M) 2.312ms
[2026-03-25T20:38:26.522+0900][8.806s][info][gc,cpu      ] GC(102) User=0.00s Sys=0.00s Real=0.01s
[2026-03-25T20:38:26.581+0900][8.866s][info][gc,start    ] GC(103) Pause Young (Allocation Failure)
[2026-03-25T20:38:26.583+0900][8.868s][info][gc,heap     ] GC(103) PSYoungGen: 168116K(168448K)->5536K(168448K) Eden: 162228K(162304K)->0K(162304K) From: 5888K(6144K)->5536K(6144K)
[2026-03-25T20:38:26.583+0900][8.868s][info][gc,heap     ] GC(103) ParOldGen: 222078K(222208K)->224431K(224768K)
[2026-03-25T20:38:26.584+0900][8.868s][info][gc,metaspace] GC(103) Metaspace: 5947K(6144K)->5947K(6144K) NonClass: 5316K(5440K)->5316K(5440K) Class: 630K(704K)->630K(704K)
[2026-03-25T20:38:26.584+0900][8.868s][info][gc          ] GC(103) Pause Young (Allocation Failure) 381M->224M(384M) 2.183ms
[2026-03-25T20:38:26.584+0900][8.868s][info][gc,cpu      ] GC(103) User=0.00s Sys=0.00s Real=0.00s
[2026-03-25T20:38:26.698+0900][8.983s][info][gc,start    ] GC(104) Pause Young (Allocation Failure)
[2026-03-25T20:38:26.701+0900][8.985s][info][gc,heap     ] GC(104) PSYoungGen: 167764K(168448K)->5600K(168448K) Eden: 162228K(162304K)->0K(162304K) From: 5536K(6144K)->5600K(6144K)
[2026-03-25T20:38:26.701+0900][8.985s][info][gc,heap     ] GC(104) ParOldGen: 224431K(224768K)->226799K(226816K)
[2026-03-25T20:38:26.701+0900][8.985s][info][gc,metaspace] GC(104) Metaspace: 5947K(6144K)->5947K(6144K) NonClass: 5316K(5440K)->5316K(5440K) Class: 630K(704K)->630K(704K)
[2026-03-25T20:38:26.701+0900][8.985s][info][gc          ] GC(104) Pause Young (Allocation Failure) 383M->226M(386M) 2.295ms
[2026-03-25T20:38:26.701+0900][8.985s][info][gc,cpu      ] GC(104) User=0.01s Sys=0.00s Real=0.01s
[2026-03-25T20:38:26.812+0900][9.096s][info][gc,start    ] GC(105) Pause Young (Allocation Failure)
[2026-03-25T20:38:26.814+0900][9.098s][info][gc,heap     ] GC(105) PSYoungGen: 167828K(168448K)->5856K(168448K) Eden: 162228K(162304K)->0K(162304K) From: 5600K(6144K)->5856K(6144K)
[2026-03-25T20:38:26.814+0900][9.098s][info][gc,heap     ] GC(105) ParOldGen: 226799K(226816K)->228911K(229376K)
[2026-03-25T20:38:26.814+0900][9.098s][info][gc,metaspace] GC(105) Metaspace: 5947K(6144K)->5947K(6144K) NonClass: 5316K(5440K)->5316K(5440K) Class: 630K(704K)->630K(704K)
[2026-03-25T20:38:26.814+0900][9.098s][info][gc          ] GC(105) Pause Young (Allocation Failure) 385M->229M(388M) 2.305ms
[2026-03-25T20:38:26.814+0900][9.098s][info][gc,cpu      ] GC(105) User=0.01s Sys=0.01s Real=0.00s
[2026-03-25T20:38:26.874+0900][9.158s][info][gc,start    ] GC(106) Pause Young (Allocation Failure)
[2026-03-25T20:38:26.876+0900][9.161s][info][gc,heap     ] GC(106) PSYoungGen: 168084K(168448K)->5536K(168448K) Eden: 162228K(162304K)->0K(162304K) From: 5856K(6144K)->5536K(6144K)
[2026-03-25T20:38:26.876+0900][9.161s][info][gc,heap     ] GC(106) ParOldGen: 228911K(229376K)->231271K(231424K)
[2026-03-25T20:38:26.876+0900][9.161s][info][gc,metaspace] GC(106) Metaspace: 5947K(6144K)->5947K(6144K) NonClass: 5316K(5440K)->5316K(5440K) Class: 630K(704K)->630K(704K)
[2026-03-25T20:38:26.876+0900][9.161s][info][gc          ] GC(106) Pause Young (Allocation Failure) 387M->231M(390M) 2.473ms
[2026-03-25T20:38:26.877+0900][9.161s][info][gc,cpu      ] GC(106) User=0.01s Sys=0.00s Real=0.00s
[2026-03-25T20:38:26.989+0900][9.273s][info][gc,start    ] GC(107) Pause Young (Allocation Failure)
[2026-03-25T20:38:26.991+0900][9.275s][info][gc,heap     ] GC(107) PSYoungGen: 167764K(168448K)->5792K(168448K) Eden: 162228K(162304K)->0K(162304K) From: 5536K(6144K)->5792K(6144K)
[2026-03-25T20:38:26.991+0900][9.275s][info][gc,heap     ] GC(107) ParOldGen: 231271K(231424K)->233383K(233472K)
[2026-03-25T20:38:26.991+0900][9.275s][info][gc,metaspace] GC(107) Metaspace: 5947K(6144K)->5947K(6144K) NonClass: 5316K(5440K)->5316K(5440K) Class: 630K(704K)->630K(704K)
[2026-03-25T20:38:26.991+0900][9.275s][info][gc          ] GC(107) Pause Young (Allocation Failure) 389M->233M(392M) 2.510ms
[2026-03-25T20:38:26.991+0900][9.275s][info][gc,cpu      ] GC(107) User=0.01s Sys=0.00s Real=0.01s
[2026-03-25T20:38:27.049+0900][9.334s][info][gc,start    ] GC(108) Pause Young (Allocation Failure)
[2026-03-25T20:38:27.051+0900][9.336s][info][gc,heap     ] GC(108) PSYoungGen: 168020K(168448K)->5536K(168448K) Eden: 162228K(162304K)->0K(162304K) From: 5792K(6144K)->5536K(6144K)
[2026-03-25T20:38:27.051+0900][9.336s][info][gc,heap     ] GC(108) ParOldGen: 233383K(233472K)->235743K(236032K)
[2026-03-25T20:38:27.051+0900][9.336s][info][gc,metaspace] GC(108) Metaspace: 5947K(6144K)->5947K(6144K) NonClass: 5316K(5440K)->5316K(5440K) Class: 630K(704K)->630K(704K)
[2026-03-25T20:38:27.051+0900][9.336s][info][gc          ] GC(108) Pause Young (Allocation Failure) 391M->235M(395M) 2.082ms
[2026-03-25T20:38:27.051+0900][9.336s][info][gc,cpu      ] GC(108) User=0.00s Sys=0.00s Real=0.01s
[2026-03-25T20:38:27.164+0900][9.448s][info][gc,start    ] GC(109) Pause Young (Allocation Failure)
[2026-03-25T20:38:27.166+0900][9.450s][info][gc,heap     ] GC(109) PSYoungGen: 167812K(168448K)->5792K(168448K) Eden: 162276K(162304K)->0K(162304K) From: 5536K(6144K)->5792K(6144K)
[2026-03-25T20:38:27.166+0900][9.451s][info][gc,heap     ] GC(109) ParOldGen: 235743K(236032K)->237855K(238080K)
[2026-03-25T20:38:27.166+0900][9.451s][info][gc,metaspace] GC(109) Metaspace: 5953K(6144K)->5953K(6144K) NonClass: 5322K(5440K)->5322K(5440K) Class: 630K(704K)->630K(704K)
[2026-03-25T20:38:27.166+0900][9.451s][info][gc          ] GC(109) Pause Young (Allocation Failure) 394M->237M(397M) 2.193ms
[2026-03-25T20:38:27.166+0900][9.451s][info][gc,cpu      ] GC(109) User=0.01s Sys=0.01s Real=0.00s
[2026-03-25T20:38:27.225+0900][9.509s][info][gc,start    ] GC(110) Pause Young (Allocation Failure)
[2026-03-25T20:38:27.227+0900][9.511s][info][gc,heap     ] GC(110) PSYoungGen: 168020K(168448K)->5568K(168448K) Eden: 162228K(162304K)->0K(162304K) From: 5792K(6144K)->5568K(6144K)
[2026-03-25T20:38:27.227+0900][9.511s][info][gc,heap     ] GC(110) ParOldGen: 237855K(238080K)->240216K(240640K)
[2026-03-25T20:38:27.227+0900][9.511s][info][gc,metaspace] GC(110) Metaspace: 5953K(6144K)->5953K(6144K) NonClass: 5322K(5440K)->5322K(5440K) Class: 630K(704K)->630K(704K)
[2026-03-25T20:38:27.227+0900][9.511s][info][gc          ] GC(110) Pause Young (Allocation Failure) 396M->240M(399M) 2.138ms
[2026-03-25T20:38:27.227+0900][9.511s][info][gc,cpu      ] GC(110) User=0.01s Sys=0.00s Real=0.00s
[2026-03-25T20:38:27.343+0900][9.627s][info][gc,start    ] GC(111) Pause Young (Allocation Failure)
[2026-03-25T20:38:27.344+0900][9.629s][info][gc,heap     ] GC(111) PSYoungGen: 167796K(168448K)->5824K(168448K) Eden: 162228K(162304K)->0K(162304K) From: 5568K(6144K)->5824K(6144K)
[2026-03-25T20:38:27.344+0900][9.629s][info][gc,heap     ] GC(111) ParOldGen: 240216K(240640K)->242584K(242688K)
[2026-03-25T20:38:27.344+0900][9.629s][info][gc,metaspace] GC(111) Metaspace: 5953K(6144K)->5953K(6144K) NonClass: 5322K(5440K)->5322K(5440K) Class: 630K(704K)->630K(704K)
[2026-03-25T20:38:27.345+0900][9.629s][info][gc          ] GC(111) Pause Young (Allocation Failure) 398M->242M(401M) 2.007ms
[2026-03-25T20:38:27.345+0900][9.629s][info][gc,cpu      ] GC(111) User=0.00s Sys=0.00s Real=0.00s
[2026-03-25T20:38:27.400+0900][9.684s][info][gc,start    ] GC(112) Pause Young (Allocation Failure)
[2026-03-25T20:38:27.402+0900][9.686s][info][gc,heap     ] GC(112) PSYoungGen: 168052K(168448K)->5824K(168448K) Eden: 162228K(162304K)->0K(162304K) From: 5824K(6144K)->5824K(6144K)
[2026-03-25T20:38:27.402+0900][9.686s][info][gc,heap     ] GC(112) ParOldGen: 242584K(242688K)->244680K(244736K)
[2026-03-25T20:38:27.402+0900][9.686s][info][gc,metaspace] GC(112) Metaspace: 5953K(6144K)->5953K(6144K) NonClass: 5322K(5440K)->5322K(5440K) Class: 630K(704K)->630K(704K)
[2026-03-25T20:38:27.402+0900][9.686s][info][gc          ] GC(112) Pause Young (Allocation Failure) 401M->244M(403M) 1.893ms
[2026-03-25T20:38:27.402+0900][9.686s][info][gc,cpu      ] GC(112) User=0.00s Sys=0.00s Real=0.00s
[2026-03-25T20:38:27.516+0900][9.801s][info][gc,start    ] GC(113) Pause Young (Allocation Failure)
[2026-03-25T20:38:27.518+0900][9.802s][info][gc,heap     ] GC(113) PSYoungGen: 168052K(168448K)->5600K(168448K) Eden: 162228K(162304K)->0K(162304K) From: 5824K(6144K)->5600K(6144K)
[2026-03-25T20:38:27.518+0900][9.802s][info][gc,heap     ] GC(113) ParOldGen: 244680K(244736K)->247304K(247808K)
[2026-03-25T20:38:27.518+0900][9.802s][info][gc,metaspace] GC(113) Metaspace: 5953K(6144K)->5953K(6144K) NonClass: 5322K(5440K)->5322K(5440K) Class: 630K(704K)->630K(704K)
[2026-03-25T20:38:27.518+0900][9.802s][info][gc          ] GC(113) Pause Young (Allocation Failure) 403M->246M(406M) 1.738ms
[2026-03-25T20:38:27.518+0900][9.802s][info][gc,cpu      ] GC(113) User=0.00s Sys=0.00s Real=0.00s
[2026-03-25T20:38:27.576+0900][9.860s][info][gc,start    ] GC(114) Pause Young (Allocation Failure)
[2026-03-25T20:38:27.578+0900][9.862s][info][gc,heap     ] GC(114) PSYoungGen: 167828K(168448K)->5568K(168448K) Eden: 162228K(162304K)->0K(162304K) From: 5600K(6144K)->5568K(6144K)
[2026-03-25T20:38:27.578+0900][9.862s][info][gc,heap     ] GC(114) ParOldGen: 247304K(247808K)->249656K(249856K)
[2026-03-25T20:38:27.578+0900][9.862s][info][gc,metaspace] GC(114) Metaspace: 5953K(6144K)->5953K(6144K) NonClass: 5322K(5440K)->5322K(5440K) Class: 630K(704K)->630K(704K)
[2026-03-25T20:38:27.578+0900][9.862s][info][gc          ] GC(114) Pause Young (Allocation Failure) 405M->249M(408M) 2.038ms
[2026-03-25T20:38:27.578+0900][9.862s][info][gc,cpu      ] GC(114) User=0.00s Sys=0.01s Real=0.00s
[2026-03-25T20:38:27.692+0900][9.976s][info][gc,start    ] GC(115) Pause Young (Allocation Failure)
[2026-03-25T20:38:27.694+0900][9.978s][info][gc,heap     ] GC(115) PSYoungGen: 167796K(168448K)->5856K(168448K) Eden: 162228K(162304K)->0K(162304K) From: 5568K(6144K)->5856K(6144K)
[2026-03-25T20:38:27.694+0900][9.978s][info][gc,heap     ] GC(115) ParOldGen: 249656K(249856K)->251760K(251904K)
[2026-03-25T20:38:27.694+0900][9.978s][info][gc,metaspace] GC(115) Metaspace: 5953K(6144K)->5953K(6144K) NonClass: 5322K(5440K)->5322K(5440K) Class: 630K(704K)->630K(704K)
[2026-03-25T20:38:27.694+0900][9.978s][info][gc          ] GC(115) Pause Young (Allocation Failure) 407M->251M(410M) 1.965ms
[2026-03-25T20:38:27.694+0900][9.978s][info][gc,cpu      ] GC(115) User=0.01s Sys=0.00s Real=0.00s
[2026-03-25T20:38:27.752+0900][10.036s][info][gc,start    ] GC(116) Pause Young (Allocation Failure)
[2026-03-25T20:38:27.754+0900][10.038s][info][gc,heap     ] GC(116) PSYoungGen: 168084K(168448K)->5568K(168448K) Eden: 162228K(162304K)->0K(162304K) From: 5856K(6144K)->5568K(6144K)
[2026-03-25T20:38:27.754+0900][10.038s][info][gc,heap     ] GC(116) ParOldGen: 251760K(251904K)->254128K(254464K)
[2026-03-25T20:38:27.754+0900][10.038s][info][gc,metaspace] GC(116) Metaspace: 5953K(6144K)->5953K(6144K) NonClass: 5322K(5440K)->5322K(5440K) Class: 630K(704K)->630K(704K)
[2026-03-25T20:38:27.754+0900][10.038s][info][gc          ] GC(116) Pause Young (Allocation Failure) 410M->253M(413M) 2.013ms
[2026-03-25T20:38:27.754+0900][10.038s][info][gc,cpu      ] GC(116) User=0.01s Sys=0.00s Real=0.00s
[2026-03-25T20:38:27.867+0900][10.151s][info][gc,start    ] GC(117) Pause Young (Allocation Failure)
[2026-03-25T20:38:27.869+0900][10.153s][info][gc,heap     ] GC(117) PSYoungGen: 167796K(168448K)->5824K(168448K) Eden: 162228K(162304K)->0K(162304K) From: 5568K(6144K)->5824K(6144K)
[2026-03-25T20:38:27.869+0900][10.153s][info][gc,heap     ] GC(117) ParOldGen: 254128K(254464K)->256240K(256512K)
[2026-03-25T20:38:27.869+0900][10.153s][info][gc,metaspace] GC(117) Metaspace: 5953K(6144K)->5953K(6144K) NonClass: 5322K(5440K)->5322K(5440K) Class: 630K(704K)->630K(704K)
[2026-03-25T20:38:27.869+0900][10.153s][info][gc          ] GC(117) Pause Young (Allocation Failure) 412M->255M(415M) 1.709ms
[2026-03-25T20:38:27.869+0900][10.153s][info][gc,cpu      ] GC(117) User=0.01s Sys=0.00s Real=0.00s
[2026-03-25T20:38:27.925+0900][10.209s][info][gc,start    ] GC(118) Pause Young (Allocation Failure)
[2026-03-25T20:38:27.927+0900][10.211s][info][gc,heap     ] GC(118) PSYoungGen: 168052K(168448K)->5568K(168448K) Eden: 162228K(162304K)->0K(162304K) From: 5824K(6144K)->5568K(6144K)
[2026-03-25T20:38:27.927+0900][10.211s][info][gc,heap     ] GC(118) ParOldGen: 256240K(256512K)->258609K(259072K)
[2026-03-25T20:38:27.927+0900][10.211s][info][gc,metaspace] GC(118) Metaspace: 5953K(6144K)->5953K(6144K) NonClass: 5322K(5440K)->5322K(5440K) Class: 630K(704K)->630K(704K)
[2026-03-25T20:38:27.927+0900][10.211s][info][gc          ] GC(118) Pause Young (Allocation Failure) 414M->257M(417M) 1.950ms
[2026-03-25T20:38:27.927+0900][10.211s][info][gc,cpu      ] GC(118) User=0.01s Sys=0.00s Real=0.00s
[2026-03-25T20:38:28.041+0900][10.325s][info][gc,start    ] GC(119) Pause Young (Allocation Failure)
[2026-03-25T20:38:28.044+0900][10.328s][info][gc,heap     ] GC(119) PSYoungGen: 167796K(168448K)->5760K(168448K) Eden: 162228K(162304K)->0K(162304K) From: 5568K(6144K)->5760K(6144K)
[2026-03-25T20:38:28.044+0900][10.328s][info][gc,heap     ] GC(119) ParOldGen: 258609K(259072K)->260697K(261120K)
[2026-03-25T20:38:28.044+0900][10.328s][info][gc,metaspace] GC(119) Metaspace: 5953K(6144K)->5953K(6144K) NonClass: 5322K(5440K)->5322K(5440K) Class: 630K(704K)->630K(704K)
[2026-03-25T20:38:28.044+0900][10.328s][info][gc          ] GC(119) Pause Young (Allocation Failure) 416M->260M(419M) 2.420ms
[2026-03-25T20:38:28.044+0900][10.328s][info][gc,cpu      ] GC(119) User=0.00s Sys=0.01s Real=0.00s
[2026-03-25T20:38:28.100+0900][10.384s][info][gc,start    ] GC(120) Pause Young (Allocation Failure)
[2026-03-25T20:38:28.102+0900][10.386s][info][gc,heap     ] GC(120) PSYoungGen: 167988K(168448K)->5536K(168448K) Eden: 162228K(162304K)->0K(162304K) From: 5760K(6144K)->5536K(6144K)
[2026-03-25T20:38:28.102+0900][10.386s][info][gc,heap     ] GC(120) ParOldGen: 260697K(261120K)->263033K(263168K)
[2026-03-25T20:38:28.102+0900][10.386s][info][gc,metaspace] GC(120) Metaspace: 5953K(6144K)->5953K(6144K) NonClass: 5322K(5440K)->5322K(5440K) Class: 630K(704K)->630K(704K)
[2026-03-25T20:38:28.102+0900][10.387s][info][gc          ] GC(120) Pause Young (Allocation Failure) 418M->262M(421M) 2.274ms
[2026-03-25T20:38:28.102+0900][10.387s][info][gc,cpu      ] GC(120) User=0.00s Sys=0.00s Real=0.00s
[2026-03-25T20:38:28.215+0900][10.499s][info][gc,start    ] GC(121) Pause Young (Allocation Failure)
[2026-03-25T20:38:28.217+0900][10.501s][info][gc,heap     ] GC(121) PSYoungGen: 167805K(168448K)->5536K(168448K) Eden: 162269K(162304K)->0K(162304K) From: 5536K(6144K)->5536K(6144K)
[2026-03-25T20:38:28.217+0900][10.501s][info][gc,heap     ] GC(121) ParOldGen: 263033K(263168K)->265401K(265728K)
[2026-03-25T20:38:28.217+0900][10.501s][info][gc,metaspace] GC(121) Metaspace: 5961K(6144K)->5961K(6144K) NonClass: 5330K(5440K)->5330K(5440K) Class: 630K(704K)->630K(704K)
[2026-03-25T20:38:28.217+0900][10.501s][info][gc          ] GC(121) Pause Young (Allocation Failure) 420M->264M(424M) 1.997ms
[2026-03-25T20:38:28.217+0900][10.501s][info][gc,cpu      ] GC(121) User=0.01s Sys=0.00s Real=0.00s
[2026-03-25T20:38:28.331+0900][10.615s][info][gc,start    ] GC(122) Pause Young (Allocation Failure)
[2026-03-25T20:38:28.334+0900][10.618s][info][gc,heap     ] GC(122) PSYoungGen: 167764K(168448K)->5824K(168448K) Eden: 162228K(162304K)->0K(162304K) From: 5536K(6144K)->5824K(6144K)
[2026-03-25T20:38:28.334+0900][10.618s][info][gc,heap     ] GC(122) ParOldGen: 265401K(265728K)->267505K(267776K)
[2026-03-25T20:38:28.334+0900][10.618s][info][gc,metaspace] GC(122) Metaspace: 5961K(6144K)->5961K(6144K) NonClass: 5330K(5440K)->5330K(5440K) Class: 630K(704K)->630K(704K)
[2026-03-25T20:38:28.337+0900][10.622s][info][gc          ] GC(122) Pause Young (Allocation Failure) 423M->266M(426M) 6.215ms
[2026-03-25T20:38:28.337+0900][10.622s][info][gc,cpu      ] GC(122) User=0.00s Sys=0.00s Real=0.00s
[2026-03-25T20:38:28.397+0900][10.681s][info][gc,start    ] GC(123) Pause Young (Allocation Failure)
[2026-03-25T20:38:28.399+0900][10.684s][info][gc,heap     ] GC(123) PSYoungGen: 168052K(168448K)->5568K(168448K) Eden: 162228K(162304K)->0K(162304K) From: 5824K(6144K)->5568K(6144K)
[2026-03-25T20:38:28.399+0900][10.684s][info][gc,heap     ] GC(123) ParOldGen: 267505K(267776K)->269849K(270336K)
[2026-03-25T20:38:28.400+0900][10.684s][info][gc,metaspace] GC(123) Metaspace: 5961K(6144K)->5961K(6144K) NonClass: 5330K(5440K)->5330K(5440K) Class: 630K(704K)->630K(704K)
[2026-03-25T20:38:28.400+0900][10.684s][info][gc          ] GC(123) Pause Young (Allocation Failure) 425M->268M(428M) 2.326ms
[2026-03-25T20:38:28.400+0900][10.684s][info][gc,cpu      ] GC(123) User=0.00s Sys=0.00s Real=0.01s
[2026-03-25T20:38:28.513+0900][10.798s][info][gc,start    ] GC(124) Pause Young (Allocation Failure)
[2026-03-25T20:38:28.516+0900][10.801s][info][gc,heap     ] GC(124) PSYoungGen: 167796K(168448K)->5728K(168448K) Eden: 162228K(162304K)->0K(162304K) From: 5568K(6144K)->5728K(6144K)
[2026-03-25T20:38:28.517+0900][10.801s][info][gc,heap     ] GC(124) ParOldGen: 269849K(270336K)->271921K(272384K)
[2026-03-25T20:38:28.517+0900][10.801s][info][gc,metaspace] GC(124) Metaspace: 5961K(6144K)->5961K(6144K) NonClass: 5330K(5440K)->5330K(5440K) Class: 630K(704K)->630K(704K)
[2026-03-25T20:38:28.517+0900][10.801s][info][gc          ] GC(124) Pause Young (Allocation Failure) 427M->271M(430M) 3.202ms
[2026-03-25T20:38:28.517+0900][10.801s][info][gc,cpu      ] GC(124) User=0.00s Sys=0.01s Real=0.00s
[2026-03-25T20:38:28.576+0900][10.860s][info][gc,start    ] GC(125) Pause Young (Allocation Failure)
[2026-03-25T20:38:28.578+0900][10.862s][info][gc,heap     ] GC(125) PSYoungGen: 167956K(168448K)->5536K(168448K) Eden: 162228K(162304K)->0K(162304K) From: 5728K(6144K)->5536K(6144K)
[2026-03-25T20:38:28.578+0900][10.862s][info][gc,heap     ] GC(125) ParOldGen: 271921K(272384K)->274274K(274432K)
[2026-03-25T20:38:28.578+0900][10.862s][info][gc,metaspace] GC(125) Metaspace: 5961K(6144K)->5961K(6144K) NonClass: 5330K(5440K)->5330K(5440K) Class: 630K(704K)->630K(704K)
[2026-03-25T20:38:28.578+0900][10.862s][info][gc          ] GC(125) Pause Young (Allocation Failure) 429M->273M(432M) 1.788ms
[2026-03-25T20:38:28.578+0900][10.862s][info][gc,cpu      ] GC(125) User=0.00s Sys=0.00s Real=0.00s
[2026-03-25T20:38:28.689+0900][10.973s][info][gc,start    ] GC(126) Pause Young (Allocation Failure)
[2026-03-25T20:38:28.691+0900][10.975s][info][gc,heap     ] GC(126) PSYoungGen: 167764K(168448K)->5760K(168448K) Eden: 162228K(162304K)->0K(162304K) From: 5536K(6144K)->5760K(6144K)
[2026-03-25T20:38:28.691+0900][10.976s][info][gc,heap     ] GC(126) ParOldGen: 274274K(274432K)->276354K(276480K)
[2026-03-25T20:38:28.691+0900][10.976s][info][gc,metaspace] GC(126) Metaspace: 5961K(6144K)->5961K(6144K) NonClass: 5330K(5440K)->5330K(5440K) Class: 630K(704K)->630K(704K)
[2026-03-25T20:38:28.692+0900][10.976s][info][gc          ] GC(126) Pause Young (Allocation Failure) 431M->275M(434M) 2.578ms
[2026-03-25T20:38:28.692+0900][10.976s][info][gc,cpu      ] GC(126) User=0.01s Sys=0.00s Real=0.01s
[2026-03-25T20:38:28.751+0900][11.036s][info][gc,start    ] GC(127) Pause Young (Allocation Failure)
[2026-03-25T20:38:28.753+0900][11.038s][info][gc,heap     ] GC(127) PSYoungGen: 167988K(168448K)->5568K(168448K) Eden: 162228K(162304K)->0K(162304K) From: 5760K(6144K)->5568K(6144K)
[2026-03-25T20:38:28.753+0900][11.038s][info][gc,heap     ] GC(127) ParOldGen: 276354K(276480K)->278714K(279040K)
[2026-03-25T20:38:28.753+0900][11.038s][info][gc,metaspace] GC(127) Metaspace: 5961K(6144K)->5961K(6144K) NonClass: 5330K(5440K)->5330K(5440K) Class: 630K(704K)->630K(704K)
[2026-03-25T20:38:28.754+0900][11.038s][info][gc          ] GC(127) Pause Young (Allocation Failure) 433M->277M(437M) 2.110ms
[2026-03-25T20:38:28.754+0900][11.038s][info][gc,cpu      ] GC(127) User=0.01s Sys=0.00s Real=0.00s
[2026-03-25T20:38:28.862+0900][11.146s][info][gc,start    ] GC(128) Pause Young (Allocation Failure)
[2026-03-25T20:38:28.864+0900][11.148s][info][gc,heap     ] GC(128) PSYoungGen: 167796K(168448K)->5600K(168448K) Eden: 162228K(162304K)->0K(162304K) From: 5568K(6144K)->5600K(6144K)
[2026-03-25T20:38:28.864+0900][11.148s][info][gc,heap     ] GC(128) ParOldGen: 278714K(279040K)->281082K(281088K)
[2026-03-25T20:38:28.864+0900][11.148s][info][gc,metaspace] GC(128) Metaspace: 5961K(6144K)->5961K(6144K) NonClass: 5330K(5440K)->5330K(5440K) Class: 630K(704K)->630K(704K)
[2026-03-25T20:38:28.864+0900][11.148s][info][gc          ] GC(128) Pause Young (Allocation Failure) 436M->279M(439M) 2.325ms
[2026-03-25T20:38:28.864+0900][11.148s][info][gc,cpu      ] GC(128) User=0.01s Sys=0.00s Real=0.00s
[2026-03-25T20:38:28.924+0900][11.208s][info][gc,start    ] GC(129) Pause Young (Allocation Failure)
[2026-03-25T20:38:28.926+0900][11.210s][info][gc,heap     ] GC(129) PSYoungGen: 167828K(168448K)->5568K(168448K) Eden: 162228K(162304K)->0K(162304K) From: 5600K(6144K)->5568K(6144K)
[2026-03-25T20:38:28.926+0900][11.210s][info][gc,heap     ] GC(129) ParOldGen: 281082K(281088K)->283450K(283648K)
[2026-03-25T20:38:28.926+0900][11.210s][info][gc,metaspace] GC(129) Metaspace: 5961K(6144K)->5961K(6144K) NonClass: 5330K(5440K)->5330K(5440K) Class: 630K(704K)->630K(704K)
[2026-03-25T20:38:28.926+0900][11.210s][info][gc          ] GC(129) Pause Young (Allocation Failure) 438M->282M(441M) 2.320ms
[2026-03-25T20:38:28.926+0900][11.210s][info][gc,cpu      ] GC(129) User=0.00s Sys=0.01s Real=0.00s
[2026-03-25T20:38:29.033+0900][11.317s][info][gc,start    ] GC(130) Pause Young (Allocation Failure)
[2026-03-25T20:38:29.035+0900][11.319s][info][gc,heap     ] GC(130) PSYoungGen: 167796K(168448K)->5792K(168448K) Eden: 162228K(162304K)->0K(162304K) From: 5568K(6144K)->5792K(6144K)
[2026-03-25T20:38:29.035+0900][11.319s][info][gc,heap     ] GC(130) ParOldGen: 283450K(283648K)->285554K(285696K)
[2026-03-25T20:38:29.035+0900][11.319s][info][gc,metaspace] GC(130) Metaspace: 5961K(6144K)->5961K(6144K) NonClass: 5330K(5440K)->5330K(5440K) Class: 630K(704K)->630K(704K)
[2026-03-25T20:38:29.035+0900][11.319s][info][gc          ] GC(130) Pause Young (Allocation Failure) 440M->284M(443M) 2.151ms
[2026-03-25T20:38:29.035+0900][11.319s][info][gc,cpu      ] GC(130) User=0.01s Sys=0.00s Real=0.00s
[2026-03-25T20:38:29.094+0900][11.378s][info][gc,start    ] GC(131) Pause Young (Allocation Failure)
[2026-03-25T20:38:29.096+0900][11.380s][info][gc,heap     ] GC(131) PSYoungGen: 168020K(168448K)->5568K(168448K) Eden: 162228K(162304K)->0K(162304K) From: 5792K(6144K)->5568K(6144K)
[2026-03-25T20:38:29.096+0900][11.380s][info][gc,heap     ] GC(131) ParOldGen: 285554K(285696K)->287922K(288256K)
[2026-03-25T20:38:29.096+0900][11.380s][info][gc,metaspace] GC(131) Metaspace: 5961K(6144K)->5961K(6144K) NonClass: 5330K(5440K)->5330K(5440K) Class: 630K(704K)->630K(704K)
[2026-03-25T20:38:29.096+0900][11.380s][info][gc          ] GC(131) Pause Young (Allocation Failure) 442M->286M(446M) 1.898ms
[2026-03-25T20:38:29.096+0900][11.380s][info][gc,cpu      ] GC(131) User=0.01s Sys=0.00s Real=0.00s
[2026-03-25T20:38:29.206+0900][11.490s][info][gc,start    ] GC(132) Pause Young (Allocation Failure)
[2026-03-25T20:38:29.207+0900][11.491s][info][gc,heap     ] GC(132) PSYoungGen: 167867K(168448K)->5824K(168448K) Eden: 162299K(162304K)->0K(162304K) From: 5568K(6144K)->5824K(6144K)
[2026-03-25T20:38:29.207+0900][11.492s][info][gc,heap     ] GC(132) ParOldGen: 287922K(288256K)->290018K(290304K)
[2026-03-25T20:38:29.207+0900][11.492s][info][gc,metaspace] GC(132) Metaspace: 5972K(6144K)->5972K(6144K) NonClass: 5341K(5440K)->5341K(5440K) Class: 631K(704K)->631K(704K)
[2026-03-25T20:38:29.207+0900][11.492s][info][gc          ] GC(132) Pause Young (Allocation Failure) 445M->288M(448M) 1.220ms
[2026-03-25T20:38:29.207+0900][11.492s][info][gc,cpu      ] GC(132) User=0.00s Sys=0.00s Real=0.00s
[2026-03-25T20:38:29.264+0900][11.548s][info][gc,start    ] GC(133) Pause Young (Allocation Failure)
[2026-03-25T20:38:29.266+0900][11.550s][info][gc,heap     ] GC(133) PSYoungGen: 168052K(168448K)->5536K(168448K) Eden: 162228K(162304K)->0K(162304K) From: 5824K(6144K)->5536K(6144K)
[2026-03-25T20:38:29.266+0900][11.550s][info][gc,heap     ] GC(133) ParOldGen: 290018K(290304K)->292347K(292352K)
[2026-03-25T20:38:29.266+0900][11.550s][info][gc,metaspace] GC(133) Metaspace: 5972K(6144K)->5972K(6144K) NonClass: 5341K(5440K)->5341K(5440K) Class: 631K(704K)->631K(704K)
[2026-03-25T20:38:29.266+0900][11.550s][info][gc          ] GC(133) Pause Young (Allocation Failure) 447M->290M(450M) 2.158ms
[2026-03-25T20:38:29.266+0900][11.550s][info][gc,cpu      ] GC(133) User=0.01s Sys=0.00s Real=0.00s
[2026-03-25T20:38:29.374+0900][11.658s][info][gc,start    ] GC(134) Pause Young (Allocation Failure)
[2026-03-25T20:38:29.376+0900][11.660s][info][gc,heap     ] GC(134) PSYoungGen: 167764K(168448K)->5792K(168448K) Eden: 162228K(162304K)->0K(162304K) From: 5536K(6144K)->5792K(6144K)
[2026-03-25T20:38:29.376+0900][11.660s][info][gc,heap     ] GC(134) ParOldGen: 292347K(292352K)->294451K(294912K)
[2026-03-25T20:38:29.376+0900][11.660s][info][gc,metaspace] GC(134) Metaspace: 5972K(6144K)->5972K(6144K) NonClass: 5341K(5440K)->5341K(5440K) Class: 631K(704K)->631K(704K)
[2026-03-25T20:38:29.376+0900][11.660s][info][gc          ] GC(134) Pause Young (Allocation Failure) 449M->293M(452M) 1.958ms
[2026-03-25T20:38:29.376+0900][11.660s][info][gc,cpu      ] GC(134) User=0.01s Sys=0.01s Real=0.00s
[2026-03-25T20:38:29.435+0900][11.719s][info][gc,start    ] GC(135) Pause Young (Allocation Failure)
[2026-03-25T20:38:29.437+0900][11.721s][info][gc,heap     ] GC(135) PSYoungGen: 168020K(168448K)->5600K(168448K) Eden: 162228K(162304K)->0K(162304K) From: 5792K(6144K)->5600K(6144K)
[2026-03-25T20:38:29.437+0900][11.721s][info][gc,heap     ] GC(135) ParOldGen: 294451K(294912K)->296819K(296960K)
[2026-03-25T20:38:29.437+0900][11.721s][info][gc,metaspace] GC(135) Metaspace: 5972K(6144K)->5972K(6144K) NonClass: 5341K(5440K)->5341K(5440K) Class: 631K(704K)->631K(704K)
[2026-03-25T20:38:29.437+0900][11.721s][info][gc          ] GC(135) Pause Young (Allocation Failure) 451M->295M(454M) 2.039ms
[2026-03-25T20:38:29.437+0900][11.721s][info][gc,cpu      ] GC(135) User=0.00s Sys=0.00s Real=0.00s
[2026-03-25T20:38:29.546+0900][11.830s][info][gc,start    ] GC(136) Pause Young (Allocation Failure)
[2026-03-25T20:38:29.548+0900][11.832s][info][gc,heap     ] GC(136) PSYoungGen: 167828K(168448K)->5856K(168448K) Eden: 162228K(162304K)->0K(162304K) From: 5600K(6144K)->5856K(6144K)
[2026-03-25T20:38:29.548+0900][11.832s][info][gc,heap     ] GC(136) ParOldGen: 296819K(296960K)->299187K(299520K)
[2026-03-25T20:38:29.548+0900][11.832s][info][gc,metaspace] GC(136) Metaspace: 5972K(6144K)->5972K(6144K) NonClass: 5341K(5440K)->5341K(5440K) Class: 631K(704K)->631K(704K)
[2026-03-25T20:38:29.548+0900][11.832s][info][gc          ] GC(136) Pause Young (Allocation Failure) 453M->297M(457M) 2.272ms
[2026-03-25T20:38:29.548+0900][11.832s][info][gc,cpu      ] GC(136) User=0.00s Sys=0.00s Real=0.00s
[2026-03-25T20:38:29.608+0900][11.892s][info][gc,start    ] GC(137) Pause Young (Allocation Failure)
[2026-03-25T20:38:29.610+0900][11.894s][info][gc,heap     ] GC(137) PSYoungGen: 168084K(168448K)->5792K(168448K) Eden: 162228K(162304K)->0K(162304K) From: 5856K(6144K)->5792K(6144K)
[2026-03-25T20:38:29.610+0900][11.894s][info][gc,heap     ] GC(137) ParOldGen: 299187K(299520K)->301283K(301568K)
[2026-03-25T20:38:29.610+0900][11.894s][info][gc,metaspace] GC(137) Metaspace: 5972K(6144K)->5972K(6144K) NonClass: 5341K(5440K)->5341K(5440K) Class: 631K(704K)->631K(704K)
[2026-03-25T20:38:29.610+0900][11.894s][info][gc          ] GC(137) Pause Young (Allocation Failure) 456M->299M(459M) 2.036ms
[2026-03-25T20:38:29.610+0900][11.894s][info][gc,cpu      ] GC(137) User=0.01s Sys=0.00s Real=0.01s
[2026-03-25T20:38:29.725+0900][12.009s][info][gc,start    ] GC(138) Pause Young (Allocation Failure)
[2026-03-25T20:38:29.727+0900][12.011s][info][gc,heap     ] GC(138) PSYoungGen: 168020K(168448K)->5536K(168448K) Eden: 162228K(162304K)->0K(162304K) From: 5792K(6144K)->5536K(6144K)
[2026-03-25T20:38:29.727+0900][12.011s][info][gc,heap     ] GC(138) ParOldGen: 301283K(301568K)->303883K(304128K)
[2026-03-25T20:38:29.727+0900][12.011s][info][gc,metaspace] GC(138) Metaspace: 5972K(6144K)->5972K(6144K) NonClass: 5341K(5440K)->5341K(5440K) Class: 631K(704K)->631K(704K)
[2026-03-25T20:38:29.727+0900][12.011s][info][gc          ] GC(138) Pause Young (Allocation Failure) 458M->302M(461M) 2.396ms
[2026-03-25T20:38:29.727+0900][12.011s][info][gc,cpu      ] GC(138) User=0.01s Sys=0.00s Real=0.00s
[2026-03-25T20:38:29.842+0900][12.126s][info][gc,start    ] GC(139) Pause Young (Allocation Failure)
[2026-03-25T20:38:29.845+0900][12.129s][info][gc,heap     ] GC(139) PSYoungGen: 167764K(168448K)->5856K(168448K) Eden: 162228K(162304K)->0K(162304K) From: 5536K(6144K)->5856K(6144K)
[2026-03-25T20:38:29.845+0900][12.129s][info][gc,heap     ] GC(139) ParOldGen: 303883K(304128K)->305995K(306176K)
[2026-03-25T20:38:29.845+0900][12.129s][info][gc,metaspace] GC(139) Metaspace: 5972K(6144K)->5972K(6144K) NonClass: 5341K(5440K)->5341K(5440K) Class: 631K(704K)->631K(704K)
[2026-03-25T20:38:29.845+0900][12.129s][info][gc          ] GC(139) Pause Young (Allocation Failure) 460M->304M(463M) 2.894ms
[2026-03-25T20:38:29.845+0900][12.129s][info][gc,cpu      ] GC(139) User=0.01s Sys=0.01s Real=0.00s
[2026-03-25T20:38:29.905+0900][12.189s][info][gc,start    ] GC(140) Pause Young (Allocation Failure)
[2026-03-25T20:38:29.910+0900][12.194s][info][gc,heap     ] GC(140) PSYoungGen: 168084K(168448K)->5408K(168448K) Eden: 162228K(162304K)->0K(162304K) From: 5856K(6144K)->5408K(6144K)
[2026-03-25T20:38:29.910+0900][12.194s][info][gc,heap     ] GC(140) ParOldGen: 305995K(306176K)->308308K(308736K)
[2026-03-25T20:38:29.910+0900][12.194s][info][gc,metaspace] GC(140) Metaspace: 5972K(6144K)->5972K(6144K) NonClass: 5341K(5440K)->5341K(5440K) Class: 631K(704K)->631K(704K)
[2026-03-25T20:38:29.910+0900][12.194s][info][gc          ] GC(140) Pause Young (Allocation Failure) 462M->306M(466M) 5.744ms
[2026-03-25T20:38:29.911+0900][12.195s][info][gc,cpu      ] GC(140) User=0.00s Sys=0.00s Real=0.01s
[2026-03-25T20:38:30.028+0900][12.312s][info][gc,start    ] GC(141) Pause Young (Allocation Failure)
[2026-03-25T20:38:30.030+0900][12.314s][info][gc,heap     ] GC(141) PSYoungGen: 167636K(168448K)->5888K(168448K) Eden: 162228K(162304K)->0K(162304K) From: 5408K(6144K)->5888K(6144K)
[2026-03-25T20:38:30.030+0900][12.314s][info][gc,heap     ] GC(141) ParOldGen: 308308K(308736K)->310396K(310784K)
[2026-03-25T20:38:30.030+0900][12.314s][info][gc,metaspace] GC(141) Metaspace: 5972K(6144K)->5972K(6144K) NonClass: 5341K(5440K)->5341K(5440K) Class: 631K(704K)->631K(704K)
[2026-03-25T20:38:30.030+0900][12.314s][info][gc          ] GC(141) Pause Young (Allocation Failure) 464M->308M(468M) 2.594ms
[2026-03-25T20:38:30.030+0900][12.314s][info][gc,cpu      ] GC(141) User=0.01s Sys=0.00s Real=0.01s
[2026-03-25T20:38:30.088+0900][12.372s][info][gc,start    ] GC(142) Pause Young (Allocation Failure)
[2026-03-25T20:38:30.089+0900][12.374s][info][gc,heap     ] GC(142) PSYoungGen: 168116K(168448K)->5568K(168448K) Eden: 162228K(162304K)->0K(162304K) From: 5888K(6144K)->5568K(6144K)
[2026-03-25T20:38:30.090+0900][12.374s][info][gc,heap     ] GC(142) ParOldGen: 310396K(310784K)->312764K(312832K)
[2026-03-25T20:38:30.090+0900][12.374s][info][gc,metaspace] GC(142) Metaspace: 5972K(6144K)->5972K(6144K) NonClass: 5341K(5440K)->5341K(5440K) Class: 631K(704K)->631K(704K)
[2026-03-25T20:38:30.090+0900][12.374s][info][gc          ] GC(142) Pause Young (Allocation Failure) 467M->310M(470M) 2.061ms
[2026-03-25T20:38:30.090+0900][12.374s][info][gc,cpu      ] GC(142) User=0.01s Sys=0.00s Real=0.01s
[2026-03-25T20:38:30.206+0900][12.490s][info][gc,start    ] GC(143) Pause Young (Allocation Failure)
[2026-03-25T20:38:30.208+0900][12.492s][info][gc,heap     ] GC(143) PSYoungGen: 167834K(168448K)->5792K(168448K) Eden: 162265K(162304K)->0K(162304K) From: 5568K(6144K)->5792K(6144K)
[2026-03-25T20:38:30.208+0900][12.493s][info][gc,heap     ] GC(143) ParOldGen: 312764K(312832K)->314860K(314880K)
[2026-03-25T20:38:30.208+0900][12.493s][info][gc,metaspace] GC(143) Metaspace: 5981K(6144K)->5981K(6144K) NonClass: 5350K(5440K)->5350K(5440K) Class: 631K(704K)->631K(704K)
[2026-03-25T20:38:30.208+0900][12.493s][info][gc          ] GC(143) Pause Young (Allocation Failure) 469M->313M(472M) 2.310ms
[2026-03-25T20:38:30.208+0900][12.493s][info][gc,cpu      ] GC(143) User=0.01s Sys=0.01s Real=0.00s
[2026-03-25T20:38:30.263+0900][12.548s][info][gc,start    ] GC(144) Pause Young (Allocation Failure)
[2026-03-25T20:38:30.265+0900][12.549s][info][gc,heap     ] GC(144) PSYoungGen: 168020K(168448K)->5568K(168448K) Eden: 162228K(162304K)->0K(162304K) From: 5792K(6144K)->5568K(6144K)
[2026-03-25T20:38:30.265+0900][12.550s][info][gc,heap     ] GC(144) ParOldGen: 314860K(314880K)->317220K(317440K)
[2026-03-25T20:38:30.265+0900][12.550s][info][gc,metaspace] GC(144) Metaspace: 5981K(6144K)->5981K(6144K) NonClass: 5350K(5440K)->5350K(5440K) Class: 631K(704K)->631K(704K)
[2026-03-25T20:38:30.265+0900][12.550s][info][gc          ] GC(144) Pause Young (Allocation Failure) 471M->315M(474M) 2.077ms
[2026-03-25T20:38:30.265+0900][12.550s][info][gc,cpu      ] GC(144) User=0.01s Sys=0.00s Real=0.00s
[2026-03-25T20:38:30.375+0900][12.659s][info][gc,start    ] GC(145) Pause Young (Allocation Failure)
[2026-03-25T20:38:30.377+0900][12.661s][info][gc,heap     ] GC(145) PSYoungGen: 167796K(168448K)->5568K(168448K) Eden: 162228K(162304K)->0K(162304K) From: 5568K(6144K)->5568K(6144K)
[2026-03-25T20:38:30.377+0900][12.661s][info][gc,heap     ] GC(145) ParOldGen: 317220K(317440K)->319580K(320000K)
[2026-03-25T20:38:30.377+0900][12.661s][info][gc,metaspace] GC(145) Metaspace: 5981K(6144K)->5981K(6144K) NonClass: 5350K(5440K)->5350K(5440K) Class: 631K(704K)->631K(704K)
[2026-03-25T20:38:30.377+0900][12.661s][info][gc          ] GC(145) Pause Young (Allocation Failure) 473M->317M(477M) 2.038ms
[2026-03-25T20:38:30.377+0900][12.661s][info][gc,cpu      ] GC(145) User=0.01s Sys=0.00s Real=0.00s
[2026-03-25T20:38:30.436+0900][12.720s][info][gc,start    ] GC(146) Pause Young (Allocation Failure)
[2026-03-25T20:38:30.438+0900][12.722s][info][gc,heap     ] GC(146) PSYoungGen: 167796K(168448K)->5568K(168448K) Eden: 162228K(162304K)->0K(162304K) From: 5568K(6144K)->5568K(6144K)
[2026-03-25T20:38:30.438+0900][12.722s][info][gc,heap     ] GC(146) ParOldGen: 319580K(320000K)->321948K(322048K)
[2026-03-25T20:38:30.438+0900][12.722s][info][gc,metaspace] GC(146) Metaspace: 5981K(6144K)->5981K(6144K) NonClass: 5350K(5440K)->5350K(5440K) Class: 631K(704K)->631K(704K)
[2026-03-25T20:38:30.438+0900][12.722s][info][gc          ] GC(146) Pause Young (Allocation Failure) 475M->319M(479M) 2.163ms
[2026-03-25T20:38:30.438+0900][12.722s][info][gc,cpu      ] GC(146) User=0.01s Sys=0.00s Real=0.00s
[2026-03-25T20:38:30.551+0900][12.835s][info][gc,start    ] GC(147) Pause Young (Allocation Failure)
[2026-03-25T20:38:30.553+0900][12.837s][info][gc,heap     ] GC(147) PSYoungGen: 167796K(168448K)->5760K(168448K) Eden: 162228K(162304K)->0K(162304K) From: 5568K(6144K)->5760K(6144K)
[2026-03-25T20:38:30.553+0900][12.837s][info][gc,heap     ] GC(147) ParOldGen: 321948K(322048K)->324037K(324096K)
[2026-03-25T20:38:30.553+0900][12.837s][info][gc,metaspace] GC(147) Metaspace: 5981K(6144K)->5981K(6144K) NonClass: 5350K(5440K)->5350K(5440K) Class: 631K(704K)->631K(704K)
[2026-03-25T20:38:30.553+0900][12.837s][info][gc          ] GC(147) Pause Young (Allocation Failure) 478M->322M(481M) 2.222ms
[2026-03-25T20:38:30.553+0900][12.837s][info][gc,cpu      ] GC(147) User=0.00s Sys=0.00s Real=0.00s
[2026-03-25T20:38:30.612+0900][12.897s][info][gc,start    ] GC(148) Pause Young (Allocation Failure)
[2026-03-25T20:38:30.614+0900][12.898s][info][gc,heap     ] GC(148) PSYoungGen: 167988K(168448K)->5632K(168448K) Eden: 162228K(162304K)->0K(162304K) From: 5760K(6144K)->5632K(6144K)
[2026-03-25T20:38:30.614+0900][12.899s][info][gc,heap     ] GC(148) ParOldGen: 324037K(324096K)->326405K(326656K)
[2026-03-25T20:38:30.614+0900][12.899s][info][gc,metaspace] GC(148) Metaspace: 5981K(6144K)->5981K(6144K) NonClass: 5350K(5440K)->5350K(5440K) Class: 631K(704K)->631K(704K)
[2026-03-25T20:38:30.614+0900][12.899s][info][gc          ] GC(148) Pause Young (Allocation Failure) 480M->324M(483M) 2.053ms
[2026-03-25T20:38:30.614+0900][12.899s][info][gc,cpu      ] GC(148) User=0.01s Sys=0.01s Real=0.00s
[2026-03-25T20:38:30.729+0900][13.014s][info][gc,start    ] GC(149) Pause Young (Allocation Failure)
[2026-03-25T20:38:30.732+0900][13.016s][info][gc,heap     ] GC(149) PSYoungGen: 167860K(168448K)->5824K(168448K) Eden: 162228K(162304K)->0K(162304K) From: 5632K(6144K)->5824K(6144K)
[2026-03-25T20:38:30.732+0900][13.016s][info][gc,heap     ] GC(149) ParOldGen: 326405K(326656K)->328517K(328704K)
[2026-03-25T20:38:30.732+0900][13.016s][info][gc,metaspace] GC(149) Metaspace: 5981K(6144K)->5981K(6144K) NonClass: 5350K(5440K)->5350K(5440K) Class: 631K(704K)->631K(704K)
[2026-03-25T20:38:30.732+0900][13.016s][info][gc          ] GC(149) Pause Young (Allocation Failure) 482M->326M(485M) 2.266ms
[2026-03-25T20:38:30.732+0900][13.016s][info][gc,cpu      ] GC(149) User=0.01s Sys=0.00s Real=0.01s
[2026-03-25T20:38:30.790+0900][13.074s][info][gc,start    ] GC(150) Pause Young (Allocation Failure)
[2026-03-25T20:38:30.792+0900][13.076s][info][gc,heap     ] GC(150) PSYoungGen: 168052K(168448K)->5568K(168448K) Eden: 162228K(162304K)->0K(162304K) From: 5824K(6144K)->5568K(6144K)
[2026-03-25T20:38:30.792+0900][13.076s][info][gc,heap     ] GC(150) ParOldGen: 328517K(328704K)->330885K(331264K)
[2026-03-25T20:38:30.792+0900][13.076s][info][gc,metaspace] GC(150) Metaspace: 5981K(6144K)->5981K(6144K) NonClass: 5350K(5440K)->5350K(5440K) Class: 631K(704K)->631K(704K)
[2026-03-25T20:38:30.792+0900][13.076s][info][gc          ] GC(150) Pause Young (Allocation Failure) 484M->328M(488M) 2.462ms
[2026-03-25T20:38:30.792+0900][13.076s][info][gc,cpu      ] GC(150) User=0.01s Sys=0.00s Real=0.00s
[2026-03-25T20:38:30.908+0900][13.192s][info][gc,start    ] GC(151) Pause Young (Allocation Failure)
[2026-03-25T20:38:30.910+0900][13.194s][info][gc,heap     ] GC(151) PSYoungGen: 167796K(168448K)->5824K(168448K) Eden: 162228K(162304K)->0K(162304K) From: 5568K(6144K)->5824K(6144K)
[2026-03-25T20:38:30.910+0900][13.194s][info][gc,heap     ] GC(151) ParOldGen: 330885K(331264K)->332981K(333312K)
[2026-03-25T20:38:30.910+0900][13.194s][info][gc,metaspace] GC(151) Metaspace: 5981K(6144K)->5981K(6144K) NonClass: 5350K(5440K)->5350K(5440K) Class: 631K(704K)->631K(704K)
[2026-03-25T20:38:30.910+0900][13.194s][info][gc          ] GC(151) Pause Young (Allocation Failure) 486M->330M(490M) 2.752ms
[2026-03-25T20:38:30.910+0900][13.194s][info][gc,cpu      ] GC(151) User=0.00s Sys=0.00s Real=0.01s
[2026-03-25T20:38:30.970+0900][13.254s][info][gc,start    ] GC(152) Pause Young (Allocation Failure)
[2026-03-25T20:38:30.972+0900][13.256s][info][gc,heap     ] GC(152) PSYoungGen: 168052K(168448K)->5600K(168448K) Eden: 162228K(162304K)->0K(162304K) From: 5824K(6144K)->5600K(6144K)
[2026-03-25T20:38:30.972+0900][13.256s][info][gc,heap     ] GC(152) ParOldGen: 332981K(333312K)->335349K(335360K)
[2026-03-25T20:38:30.972+0900][13.256s][info][gc,metaspace] GC(152) Metaspace: 5981K(6144K)->5981K(6144K) NonClass: 5350K(5440K)->5350K(5440K) Class: 631K(704K)->631K(704K)
[2026-03-25T20:38:30.972+0900][13.256s][info][gc          ] GC(152) Pause Young (Allocation Failure) 489M->332M(492M) 1.914ms
[2026-03-25T20:38:30.972+0900][13.256s][info][gc,cpu      ] GC(152) User=0.01s Sys=0.00s Real=0.00s
[2026-03-25T20:38:31.083+0900][13.367s][info][gc,start    ] GC(153) Pause Young (Allocation Failure)
[2026-03-25T20:38:31.085+0900][13.369s][info][gc,heap     ] GC(153) PSYoungGen: 167828K(168448K)->5568K(168448K) Eden: 162228K(162304K)->0K(162304K) From: 5600K(6144K)->5568K(6144K)
[2026-03-25T20:38:31.085+0900][13.369s][info][gc,heap     ] GC(153) ParOldGen: 335349K(335360K)->337717K(337920K)
[2026-03-25T20:38:31.085+0900][13.369s][info][gc,metaspace] GC(153) Metaspace: 5981K(6144K)->5981K(6144K) NonClass: 5350K(5440K)->5350K(5440K) Class: 631K(704K)->631K(704K)
[2026-03-25T20:38:31.085+0900][13.369s][info][gc          ] GC(153) Pause Young (Allocation Failure) 491M->335M(494M) 2.399ms
[2026-03-25T20:38:31.085+0900][13.369s][info][gc,cpu      ] GC(153) User=0.01s Sys=0.01s Real=0.00s
[2026-03-25T20:38:31.142+0900][13.427s][info][gc,start    ] GC(154) Pause Young (Allocation Failure)
[2026-03-25T20:38:31.145+0900][13.429s][info][gc,heap     ] GC(154) PSYoungGen: 167768K(168448K)->5504K(168448K) Eden: 162199K(162304K)->0K(162304K) From: 5568K(6144K)->5504K(6144K)
[2026-03-25T20:38:31.145+0900][13.429s][info][gc,heap     ] GC(154) ParOldGen: 337717K(337920K)->340061K(340480K)
[2026-03-25T20:38:31.145+0900][13.429s][info][gc,metaspace] GC(154) Metaspace: 6005K(6208K)->6005K(6208K) NonClass: 5374K(5504K)->5374K(5504K) Class: 631K(704K)->631K(704K)
[2026-03-25T20:38:31.145+0900][13.429s][info][gc          ] GC(154) Pause Young (Allocation Failure) 493M->337M(497M) 2.356ms
[2026-03-25T20:38:31.145+0900][13.429s][info][gc,cpu      ] GC(154) User=0.01s Sys=0.00s Real=0.00s
[2026-03-25T20:38:31.260+0900][13.544s][info][gc,start    ] GC(155) Pause Young (Allocation Failure)
[2026-03-25T20:38:31.262+0900][13.546s][info][gc,heap     ] GC(155) PSYoungGen: 167729K(168448K)->5856K(168448K) Eden: 162225K(162304K)->0K(162304K) From: 5504K(6144K)->5856K(6144K)
[2026-03-25T20:38:31.262+0900][13.546s][info][gc,heap     ] GC(155) ParOldGen: 340061K(340480K)->342174K(342528K)
[2026-03-25T20:38:31.262+0900][13.546s][info][gc,metaspace] GC(155) Metaspace: 6005K(6208K)->6005K(6208K) NonClass: 5374K(5504K)->5374K(5504K) Class: 631K(704K)->631K(704K)
[2026-03-25T20:38:31.262+0900][13.546s][info][gc          ] GC(155) Pause Young (Allocation Failure) 495M->339M(499M) 2.392ms
[2026-03-25T20:38:31.262+0900][13.546s][info][gc,cpu      ] GC(155) User=0.01s Sys=0.00s Real=0.00s
[2026-03-25T20:38:31.375+0900][13.659s][info][gc,start    ] GC(156) Pause Young (Allocation Failure)
[2026-03-25T20:38:31.378+0900][13.662s][info][gc,heap     ] GC(156) PSYoungGen: 168082K(168448K)->5856K(168448K) Eden: 162226K(162304K)->0K(162304K) From: 5856K(6144K)->5856K(6144K)
[2026-03-25T20:38:31.378+0900][13.662s][info][gc,heap     ] GC(156) ParOldGen: 342174K(342528K)->344262K(344576K)
[2026-03-25T20:38:31.378+0900][13.662s][info][gc,metaspace] GC(156) Metaspace: 6005K(6208K)->6005K(6208K) NonClass: 5374K(5504K)->5374K(5504K) Class: 631K(704K)->631K(704K)
[2026-03-25T20:38:31.378+0900][13.662s][info][gc          ] GC(156) Pause Young (Allocation Failure) 498M->341M(501M) 2.698ms
[2026-03-25T20:38:31.378+0900][13.662s][info][gc,cpu      ] GC(156) User=0.00s Sys=0.00s Real=0.00s
[2026-03-25T20:38:31.433+0900][13.717s][info][gc,start    ] GC(157) Pause Young (Allocation Failure)
[2026-03-25T20:38:31.435+0900][13.719s][info][gc,heap     ] GC(157) PSYoungGen: 168083K(168448K)->5536K(168448K) Eden: 162227K(162304K)->0K(162304K) From: 5856K(6144K)->5536K(6144K)
[2026-03-25T20:38:31.435+0900][13.720s][info][gc,heap     ] GC(157) ParOldGen: 344262K(344576K)->346622K(346624K)
[2026-03-25T20:38:31.435+0900][13.720s][info][gc,metaspace] GC(157) Metaspace: 6005K(6208K)->6005K(6208K) NonClass: 5374K(5504K)->5374K(5504K) Class: 631K(704K)->631K(704K)
[2026-03-25T20:38:31.436+0900][13.720s][info][gc          ] GC(157) Pause Young (Allocation Failure) 500M->343M(503M) 2.498ms
[2026-03-25T20:38:31.436+0900][13.720s][info][gc,cpu      ] GC(157) User=0.01s Sys=0.01s Real=0.00s
[2026-03-25T20:38:31.550+0900][13.835s][info][gc,start    ] GC(158) Pause Young (Allocation Failure)
[2026-03-25T20:38:31.553+0900][13.837s][info][gc,heap     ] GC(158) PSYoungGen: 167764K(168448K)->5824K(168448K) Eden: 162227K(162304K)->0K(162304K) From: 5536K(6144K)->5824K(6144K)
[2026-03-25T20:38:31.553+0900][13.837s][info][gc,heap     ] GC(158) ParOldGen: 346622K(346624K)->348726K(349184K)
[2026-03-25T20:38:31.553+0900][13.837s][info][gc,metaspace] GC(158) Metaspace: 6005K(6208K)->6005K(6208K) NonClass: 5374K(5504K)->5374K(5504K) Class: 631K(704K)->631K(704K)
[2026-03-25T20:38:31.553+0900][13.837s][info][gc          ] GC(158) Pause Young (Allocation Failure) 502M->346M(505M) 2.692ms
[2026-03-25T20:38:31.553+0900][13.837s][info][gc,cpu      ] GC(158) User=0.01s Sys=0.00s Real=0.00s
[2026-03-25T20:38:31.614+0900][13.898s][info][gc,start    ] GC(159) Pause Full (Allocation Failure)
[2026-03-25T20:38:31.614+0900][13.898s][info][gc,phases,start] GC(159) Marking Phase
[2026-03-25T20:38:31.619+0900][13.903s][info][gc,phases      ] GC(159) Marking Phase 5.349ms
[2026-03-25T20:38:31.619+0900][13.903s][info][gc,phases,start] GC(159) Summary Phase
[2026-03-25T20:38:31.619+0900][13.903s][info][gc,phases      ] GC(159) Summary Phase 0.034ms
[2026-03-25T20:38:31.619+0900][13.903s][info][gc,phases,start] GC(159) Forward
[2026-03-25T20:38:31.621+0900][13.905s][info][gc,phases      ] GC(159) Forward 1.341ms
[2026-03-25T20:38:31.621+0900][13.905s][info][gc,phases,start] GC(159) Adjust Pointers
[2026-03-25T20:38:31.623+0900][13.907s][info][gc,phases      ] GC(159) Adjust Pointers 2.162ms
[2026-03-25T20:38:31.623+0900][13.907s][info][gc,phases,start] GC(159) Compaction Phase
[2026-03-25T20:38:31.629+0900][13.913s][info][gc,phases      ] GC(159) Compaction Phase 5.906ms
[2026-03-25T20:38:31.629+0900][13.913s][info][gc,phases,start] GC(159) Post Compact
[2026-03-25T20:38:31.630+0900][13.914s][info][gc,phases      ] GC(159) Post Compact 1.338ms
[2026-03-25T20:38:31.642+0900][13.926s][info][gc,heap        ] GC(159) PSYoungGen: 168052K(168448K)->0K(168448K) Eden: 162228K(162304K)->0K(162304K) From: 5824K(6144K)->0K(6144K)
[2026-03-25T20:38:31.642+0900][13.926s][info][gc,heap        ] GC(159) ParOldGen: 348726K(349184K)->28162K(175104K)
[2026-03-25T20:38:31.642+0900][13.926s][info][gc,metaspace   ] GC(159) Metaspace: 6005K(6208K)->6005K(6208K) NonClass: 5374K(5504K)->5374K(5504K) Class: 631K(704K)->631K(704K)
[2026-03-25T20:38:31.642+0900][13.926s][info][gc             ] GC(159) Pause Full (Allocation Failure) 504M->27M(335M) 28.157ms
[2026-03-25T20:38:31.642+0900][13.926s][info][gc,cpu         ] GC(159) User=0.03s Sys=0.03s Real=0.03s
[2026-03-25T20:38:31.757+0900][14.041s][info][gc,start       ] GC(160) Pause Young (Allocation Failure)
[2026-03-25T20:38:31.758+0900][14.042s][info][gc,heap        ] GC(160) PSYoungGen: 162228K(168448K)->5760K(168448K) Eden: 162228K(162304K)->0K(162304K) From: 0K(6144K)->5760K(6144K)
[2026-03-25T20:38:31.758+0900][14.043s][info][gc,heap        ] GC(160) ParOldGen: 28162K(175104K)->28162K(175104K)
[2026-03-25T20:38:31.758+0900][14.043s][info][gc,metaspace   ] GC(160) Metaspace: 6005K(6208K)->6005K(6208K) NonClass: 5374K(5504K)->5374K(5504K) Class: 631K(704K)->631K(704K)
[2026-03-25T20:38:31.758+0900][14.043s][info][gc             ] GC(160) Pause Young (Allocation Failure) 185M->33M(335M) 1.473ms
[2026-03-25T20:38:31.758+0900][14.043s][info][gc,cpu         ] GC(160) User=0.00s Sys=0.00s Real=0.00s
[2026-03-25T20:38:31.816+0900][14.100s][info][gc,start       ] GC(161) Pause Young (Allocation Failure)
[2026-03-25T20:38:31.818+0900][14.102s][info][gc,heap        ] GC(161) PSYoungGen: 167988K(168448K)->5536K(168448K) Eden: 162228K(162304K)->0K(162304K) From: 5760K(6144K)->5536K(6144K)
[2026-03-25T20:38:31.818+0900][14.102s][info][gc,heap        ] GC(161) ParOldGen: 28162K(175104K)->30778K(175104K)
[2026-03-25T20:38:31.818+0900][14.103s][info][gc,metaspace   ] GC(161) Metaspace: 6005K(6208K)->6005K(6208K) NonClass: 5374K(5504K)->5374K(5504K) Class: 631K(704K)->631K(704K)
[2026-03-25T20:38:31.818+0900][14.103s][info][gc             ] GC(161) Pause Young (Allocation Failure) 191M->35M(335M) 2.200ms
[2026-03-25T20:38:31.818+0900][14.103s][info][gc,cpu         ] GC(161) User=0.00s Sys=0.01s Real=0.00s
[2026-03-25T20:38:31.929+0900][14.213s][info][gc,start       ] GC(162) Pause Young (Allocation Failure)
[2026-03-25T20:38:31.931+0900][14.215s][info][gc,heap        ] GC(162) PSYoungGen: 167764K(168448K)->5888K(168448K) Eden: 162228K(162304K)->0K(162304K) From: 5536K(6144K)->5888K(6144K)
[2026-03-25T20:38:31.931+0900][14.215s][info][gc,heap        ] GC(162) ParOldGen: 30778K(175104K)->32882K(175104K)
[2026-03-25T20:38:31.931+0900][14.215s][info][gc,metaspace   ] GC(162) Metaspace: 6005K(6208K)->6005K(6208K) NonClass: 5374K(5504K)->5374K(5504K) Class: 631K(704K)->631K(704K)
[2026-03-25T20:38:31.931+0900][14.215s][info][gc             ] GC(162) Pause Young (Allocation Failure) 193M->37M(335M) 1.891ms
[2026-03-25T20:38:31.931+0900][14.215s][info][gc,cpu         ] GC(162) User=0.00s Sys=0.00s Real=0.01s
[2026-03-25T20:38:31.990+0900][14.275s][info][gc,start       ] GC(163) Pause Young (Allocation Failure)
[2026-03-25T20:38:31.992+0900][14.276s][info][gc,heap        ] GC(163) PSYoungGen: 168116K(168448K)->5504K(168448K) Eden: 162228K(162304K)->0K(162304K) From: 5888K(6144K)->5504K(6144K)
[2026-03-25T20:38:31.992+0900][14.276s][info][gc,heap        ] GC(163) ParOldGen: 32882K(175104K)->35242K(175104K)
[2026-03-25T20:38:31.992+0900][14.276s][info][gc,metaspace   ] GC(163) Metaspace: 6005K(6208K)->6005K(6208K) NonClass: 5374K(5504K)->5374K(5504K) Class: 631K(704K)->631K(704K)
[2026-03-25T20:38:31.992+0900][14.276s][info][gc             ] GC(163) Pause Young (Allocation Failure) 196M->39M(335M) 1.270ms
[2026-03-25T20:38:31.992+0900][14.276s][info][gc,cpu         ] GC(163) User=0.00s Sys=0.00s Real=0.00s
[2026-03-25T20:38:32.107+0900][14.391s][info][gc,start       ] GC(164) Pause Young (Allocation Failure)
[2026-03-25T20:38:32.108+0900][14.393s][info][gc,heap        ] GC(164) PSYoungGen: 167732K(168448K)->5760K(168448K) Eden: 162228K(162304K)->0K(162304K) From: 5504K(6144K)->5760K(6144K)
[2026-03-25T20:38:32.108+0900][14.393s][info][gc,heap        ] GC(164) ParOldGen: 35242K(175104K)->37306K(175104K)
[2026-03-25T20:38:32.108+0900][14.393s][info][gc,metaspace   ] GC(164) Metaspace: 6005K(6208K)->6005K(6208K) NonClass: 5374K(5504K)->5374K(5504K) Class: 631K(704K)->631K(704K)
[2026-03-25T20:38:32.109+0900][14.393s][info][gc             ] GC(164) Pause Young (Allocation Failure) 198M->42M(335M) 1.938ms
[2026-03-25T20:38:32.109+0900][14.393s][info][gc,cpu         ] GC(164) User=0.00s Sys=0.00s Real=0.00s
[2026-03-25T20:38:32.166+0900][14.451s][info][gc,start       ] GC(165) Pause Young (Allocation Failure)
[2026-03-25T20:38:32.168+0900][14.452s][info][gc,heap        ] GC(165) PSYoungGen: 168060K(168448K)->5536K(168448K) Eden: 162299K(162304K)->0K(162304K) From: 5760K(6144K)->5536K(6144K)
[2026-03-25T20:38:32.168+0900][14.452s][info][gc,heap        ] GC(165) ParOldGen: 37306K(175104K)->39666K(175104K)
[2026-03-25T20:38:32.168+0900][14.452s][info][gc,metaspace   ] GC(165) Metaspace: 6005K(6208K)->6005K(6208K) NonClass: 5374K(5504K)->5374K(5504K) Class: 631K(704K)->631K(704K)
[2026-03-25T20:38:32.168+0900][14.452s][info][gc             ] GC(165) Pause Young (Allocation Failure) 200M->44M(335M) 1.883ms
[2026-03-25T20:38:32.168+0900][14.452s][info][gc,cpu         ] GC(165) User=0.00s Sys=0.00s Real=0.00s
[2026-03-25T20:38:32.279+0900][14.563s][info][gc,start       ] GC(166) Pause Young (Allocation Failure)
[2026-03-25T20:38:32.280+0900][14.564s][info][gc,heap        ] GC(166) PSYoungGen: 167762K(168448K)->5856K(168448K) Eden: 162226K(162304K)->0K(162304K) From: 5536K(6144K)->5856K(6144K)
[2026-03-25T20:38:32.280+0900][14.564s][info][gc,heap        ] GC(166) ParOldGen: 39666K(175104K)->41770K(175104K)
[2026-03-25T20:38:32.280+0900][14.564s][info][gc,metaspace   ] GC(166) Metaspace: 6005K(6208K)->6005K(6208K) NonClass: 5374K(5504K)->5374K(5504K) Class: 631K(704K)->631K(704K)
[2026-03-25T20:38:32.280+0900][14.564s][info][gc             ] GC(166) Pause Young (Allocation Failure) 202M->46M(335M) 1.603ms
[2026-03-25T20:38:32.280+0900][14.565s][info][gc,cpu         ] GC(166) User=0.00s Sys=0.00s Real=0.01s
[2026-03-25T20:38:32.337+0900][14.621s][info][gc,start       ] GC(167) Pause Young (Allocation Failure)
[2026-03-25T20:38:32.338+0900][14.622s][info][gc,heap        ] GC(167) PSYoungGen: 168083K(168448K)->5568K(168448K) Eden: 162227K(162304K)->0K(162304K) From: 5856K(6144K)->5568K(6144K)
[2026-03-25T20:38:32.338+0900][14.622s][info][gc,heap        ] GC(167) ParOldGen: 41770K(175104K)->44130K(175104K)
[2026-03-25T20:38:32.338+0900][14.622s][info][gc,metaspace   ] GC(167) Metaspace: 6005K(6208K)->6005K(6208K) NonClass: 5374K(5504K)->5374K(5504K) Class: 631K(704K)->631K(704K)
[2026-03-25T20:38:32.338+0900][14.622s][info][gc             ] GC(167) Pause Young (Allocation Failure) 204M->48M(335M) 1.264ms
[2026-03-25T20:38:32.338+0900][14.622s][info][gc,cpu         ] GC(167) User=0.00s Sys=0.00s Real=0.00s
[2026-03-25T20:38:32.446+0900][14.731s][info][gc,start       ] GC(168) Pause Young (Allocation Failure)
[2026-03-25T20:38:32.449+0900][14.733s][info][gc,heap        ] GC(168) PSYoungGen: 167795K(168448K)->5504K(168448K) Eden: 162227K(162304K)->0K(162304K) From: 5568K(6144K)->5504K(6144K)
[2026-03-25T20:38:32.449+0900][14.733s][info][gc,heap        ] GC(168) ParOldGen: 44130K(175104K)->46475K(175104K)
[2026-03-25T20:38:32.449+0900][14.733s][info][gc,metaspace   ] GC(168) Metaspace: 6005K(6208K)->6005K(6208K) NonClass: 5374K(5504K)->5374K(5504K) Class: 631K(704K)->631K(704K)
[2026-03-25T20:38:32.449+0900][14.733s][info][gc             ] GC(168) Pause Young (Allocation Failure) 206M->50M(335M) 2.258ms
[2026-03-25T20:38:32.449+0900][14.733s][info][gc,cpu         ] GC(168) User=0.00s Sys=0.00s Real=0.00s
[2026-03-25T20:38:32.509+0900][14.793s][info][gc,start       ] GC(169) Pause Young (Allocation Failure)
[2026-03-25T20:38:32.510+0900][14.794s][info][gc,heap        ] GC(169) PSYoungGen: 167732K(168448K)->5760K(168448K) Eden: 162227K(162304K)->0K(162304K) From: 5504K(6144K)->5760K(6144K)
[2026-03-25T20:38:32.510+0900][14.794s][info][gc,heap        ] GC(169) ParOldGen: 46475K(175104K)->48835K(175104K)
[2026-03-25T20:38:32.510+0900][14.794s][info][gc,metaspace   ] GC(169) Metaspace: 6005K(6208K)->6005K(6208K) NonClass: 5374K(5504K)->5374K(5504K) Class: 631K(704K)->631K(704K)
[2026-03-25T20:38:32.510+0900][14.794s][info][gc             ] GC(169) Pause Young (Allocation Failure) 209M->53M(335M) 1.447ms
[2026-03-25T20:38:32.510+0900][14.794s][info][gc,cpu         ] GC(169) User=0.01s Sys=0.01s Real=0.01s
[2026-03-25T20:38:32.624+0900][14.908s][info][gc,start       ] GC(170) Pause Young (Allocation Failure)
[2026-03-25T20:38:32.625+0900][14.909s][info][gc,heap        ] GC(170) PSYoungGen: 167988K(168448K)->5792K(168448K) Eden: 162228K(162304K)->0K(162304K) From: 5760K(6144K)->5792K(6144K)
[2026-03-25T20:38:32.625+0900][14.909s][info][gc,heap        ] GC(170) ParOldGen: 48835K(175104K)->50931K(175104K)
[2026-03-25T20:38:32.625+0900][14.909s][info][gc,metaspace   ] GC(170) Metaspace: 6005K(6208K)->6005K(6208K) NonClass: 5374K(5504K)->5374K(5504K) Class: 631K(704K)->631K(704K)
[2026-03-25T20:38:32.625+0900][14.909s][info][gc             ] GC(170) Pause Young (Allocation Failure) 211M->55M(335M) 1.642ms
[2026-03-25T20:38:32.625+0900][14.909s][info][gc,cpu         ] GC(170) User=0.01s Sys=0.00s Real=0.00s
[2026-03-25T20:38:32.684+0900][14.968s][info][gc,start       ] GC(171) Pause Young (Allocation Failure)
[2026-03-25T20:38:32.685+0900][14.970s][info][gc,heap        ] GC(171) PSYoungGen: 168020K(168448K)->5504K(168448K) Eden: 162228K(162304K)->0K(162304K) From: 5792K(6144K)->5504K(6144K)
[2026-03-25T20:38:32.686+0900][14.970s][info][gc,heap        ] GC(171) ParOldGen: 50931K(175104K)->53539K(175104K)
[2026-03-25T20:38:32.686+0900][14.970s][info][gc,metaspace   ] GC(171) Metaspace: 6005K(6208K)->6005K(6208K) NonClass: 5374K(5504K)->5374K(5504K) Class: 631K(704K)->631K(704K)
[2026-03-25T20:38:32.686+0900][14.970s][info][gc             ] GC(171) Pause Young (Allocation Failure) 213M->57M(335M) 1.424ms
[2026-03-25T20:38:32.686+0900][14.970s][info][gc,cpu         ] GC(171) User=0.00s Sys=0.00s Real=0.00s
[2026-03-25T20:38:32.799+0900][15.083s][info][gc,start       ] GC(172) Pause Young (Allocation Failure)
[2026-03-25T20:38:32.800+0900][15.084s][info][gc,heap        ] GC(172) PSYoungGen: 167732K(168448K)->5792K(168448K) Eden: 162228K(162304K)->0K(162304K) From: 5504K(6144K)->5792K(6144K)
[2026-03-25T20:38:32.800+0900][15.084s][info][gc,heap        ] GC(172) ParOldGen: 53539K(175104K)->55643K(175104K)
[2026-03-25T20:38:32.800+0900][15.084s][info][gc,metaspace   ] GC(172) Metaspace: 6005K(6208K)->6005K(6208K) NonClass: 5374K(5504K)->5374K(5504K) Class: 631K(704K)->631K(704K)
[2026-03-25T20:38:32.800+0900][15.084s][info][gc             ] GC(172) Pause Young (Allocation Failure) 216M->59M(335M) 1.283ms
[2026-03-25T20:38:32.800+0900][15.084s][info][gc,cpu         ] GC(172) User=0.00s Sys=0.01s Real=0.01s
[2026-03-25T20:38:32.911+0900][15.195s][info][gc,start       ] GC(173) Pause Young (Allocation Failure)
[2026-03-25T20:38:32.912+0900][15.196s][info][gc,heap        ] GC(173) PSYoungGen: 168020K(168448K)->5824K(168448K) Eden: 162228K(162304K)->0K(162304K) From: 5792K(6144K)->5824K(6144K)
[2026-03-25T20:38:32.912+0900][15.196s][info][gc,heap        ] GC(173) ParOldGen: 55643K(175104K)->57747K(175104K)
[2026-03-25T20:38:32.912+0900][15.196s][info][gc,metaspace   ] GC(173) Metaspace: 6005K(6208K)->6005K(6208K) NonClass: 5374K(5504K)->5374K(5504K) Class: 631K(704K)->631K(704K)
[2026-03-25T20:38:32.912+0900][15.196s][info][gc             ] GC(173) Pause Young (Allocation Failure) 218M->62M(335M) 1.337ms
[2026-03-25T20:38:32.912+0900][15.196s][info][gc,cpu         ] GC(173) User=0.00s Sys=0.00s Real=0.00s
[2026-03-25T20:38:32.969+0900][15.254s][info][gc,start       ] GC(174) Pause Young (Allocation Failure)
[2026-03-25T20:38:32.970+0900][15.255s][info][gc,heap        ] GC(174) PSYoungGen: 168052K(168448K)->5568K(168448K) Eden: 162228K(162304K)->0K(162304K) From: 5824K(6144K)->5568K(6144K)
[2026-03-25T20:38:32.971+0900][15.255s][info][gc,heap        ] GC(174) ParOldGen: 57747K(175104K)->60107K(175104K)
[2026-03-25T20:38:32.971+0900][15.255s][info][gc,metaspace   ] GC(174) Metaspace: 6005K(6208K)->6005K(6208K) NonClass: 5374K(5504K)->5374K(5504K) Class: 631K(704K)->631K(704K)
[2026-03-25T20:38:32.971+0900][15.255s][info][gc             ] GC(174) Pause Young (Allocation Failure) 220M->64M(335M) 1.084ms
[2026-03-25T20:38:32.971+0900][15.255s][info][gc,cpu         ] GC(174) User=0.00s Sys=0.00s Real=0.01s
[2026-03-25T20:38:33.084+0900][15.368s][info][gc,start       ] GC(175) Pause Young (Allocation Failure)
[2026-03-25T20:38:33.085+0900][15.369s][info][gc,heap        ] GC(175) PSYoungGen: 167796K(168448K)->5568K(168448K) Eden: 162228K(162304K)->0K(162304K) From: 5568K(6144K)->5568K(6144K)
[2026-03-25T20:38:33.085+0900][15.369s][info][gc,heap        ] GC(175) ParOldGen: 60107K(175104K)->62468K(175104K)
[2026-03-25T20:38:33.085+0900][15.369s][info][gc,metaspace   ] GC(175) Metaspace: 6005K(6208K)->6005K(6208K) NonClass: 5374K(5504K)->5374K(5504K) Class: 631K(704K)->631K(704K)
[2026-03-25T20:38:33.085+0900][15.369s][info][gc             ] GC(175) Pause Young (Allocation Failure) 222M->66M(335M) 1.485ms
[2026-03-25T20:38:33.085+0900][15.369s][info][gc,cpu         ] GC(175) User=0.00s Sys=0.01s Real=0.00s
[2026-03-25T20:38:33.139+0900][15.424s][info][gc,start       ] GC(176) Pause Young (Allocation Failure)
[2026-03-25T20:38:33.140+0900][15.425s][info][gc,heap        ] GC(176) PSYoungGen: 167796K(168448K)->5792K(168448K) Eden: 162228K(162304K)->0K(162304K) From: 5568K(6144K)->5792K(6144K)
[2026-03-25T20:38:33.140+0900][15.425s][info][gc,heap        ] GC(176) ParOldGen: 62468K(175104K)->64572K(175104K)
[2026-03-25T20:38:33.140+0900][15.425s][info][gc,metaspace   ] GC(176) Metaspace: 6005K(6208K)->6005K(6208K) NonClass: 5374K(5504K)->5374K(5504K) Class: 631K(704K)->631K(704K)
[2026-03-25T20:38:33.140+0900][15.425s][info][gc             ] GC(176) Pause Young (Allocation Failure) 224M->68M(335M) 1.081ms
[2026-03-25T20:38:33.140+0900][15.425s][info][gc,cpu         ] GC(176) User=0.00s Sys=0.00s Real=0.01s
[2026-03-25T20:38:33.250+0900][15.534s][info][gc,start       ] GC(177) Pause Young (Allocation Failure)
[2026-03-25T20:38:33.252+0900][15.536s][info][gc,heap        ] GC(177) PSYoungGen: 168058K(168448K)->5536K(168448K) Eden: 162266K(162304K)->0K(162304K) From: 5792K(6144K)->5536K(6144K)
[2026-03-25T20:38:33.252+0900][15.536s][info][gc,heap        ] GC(177) ParOldGen: 64572K(175104K)->66932K(175104K)
[2026-03-25T20:38:33.252+0900][15.536s][info][gc,metaspace   ] GC(177) Metaspace: 6006K(6208K)->6006K(6208K) NonClass: 5375K(5504K)->5375K(5504K) Class: 631K(704K)->631K(704K)
[2026-03-25T20:38:33.252+0900][15.536s][info][gc             ] GC(177) Pause Young (Allocation Failure) 227M->70M(335M) 2.134ms
[2026-03-25T20:38:33.252+0900][15.536s][info][gc,cpu         ] GC(177) User=0.00s Sys=0.00s Real=0.00s
[2026-03-25T20:38:33.308+0900][15.592s][info][gc,start       ] GC(178) Pause Young (Allocation Failure)
[2026-03-25T20:38:33.309+0900][15.593s][info][gc,heap        ] GC(178) PSYoungGen: 167764K(168448K)->5504K(168448K) Eden: 162228K(162304K)->0K(162304K) From: 5536K(6144K)->5504K(6144K)
[2026-03-25T20:38:33.309+0900][15.593s][info][gc,heap        ] GC(178) ParOldGen: 66932K(175104K)->69292K(175104K)
[2026-03-25T20:38:33.309+0900][15.593s][info][gc,metaspace   ] GC(178) Metaspace: 6006K(6208K)->6006K(6208K) NonClass: 5375K(5504K)->5375K(5504K) Class: 631K(704K)->631K(704K)
[2026-03-25T20:38:33.309+0900][15.593s][info][gc             ] GC(178) Pause Young (Allocation Failure) 229M->73M(335M) 1.282ms
[2026-03-25T20:38:33.309+0900][15.593s][info][gc,cpu         ] GC(178) User=0.01s Sys=0.01s Real=0.00s
[2026-03-25T20:38:33.425+0900][15.709s][info][gc,start       ] GC(179) Pause Young (Allocation Failure)
[2026-03-25T20:38:33.426+0900][15.710s][info][gc,heap        ] GC(179) PSYoungGen: 167732K(168448K)->5824K(168448K) Eden: 162228K(162304K)->0K(162304K) From: 5504K(6144K)->5824K(6144K)
[2026-03-25T20:38:33.426+0900][15.710s][info][gc,heap        ] GC(179) ParOldGen: 69292K(175104K)->71388K(175104K)
[2026-03-25T20:38:33.426+0900][15.710s][info][gc,metaspace   ] GC(179) Metaspace: 6006K(6208K)->6006K(6208K) NonClass: 5375K(5504K)->5375K(5504K) Class: 631K(704K)->631K(704K)
[2026-03-25T20:38:33.426+0900][15.710s][info][gc             ] GC(179) Pause Young (Allocation Failure) 231M->75M(335M) 1.580ms
[2026-03-25T20:38:33.426+0900][15.710s][info][gc,cpu         ] GC(179) User=0.01s Sys=0.00s Real=0.00s
[2026-03-25T20:38:33.482+0900][15.766s][info][gc,start       ] GC(180) Pause Young (Allocation Failure)
[2026-03-25T20:38:33.483+0900][15.767s][info][gc,heap        ] GC(180) PSYoungGen: 168052K(168448K)->5568K(168448K) Eden: 162228K(162304K)->0K(162304K) From: 5824K(6144K)->5568K(6144K)
[2026-03-25T20:38:33.483+0900][15.767s][info][gc,heap        ] GC(180) ParOldGen: 71388K(175104K)->73748K(175104K)
[2026-03-25T20:38:33.483+0900][15.767s][info][gc,metaspace   ] GC(180) Metaspace: 6006K(6208K)->6006K(6208K) NonClass: 5375K(5504K)->5375K(5504K) Class: 631K(704K)->631K(704K)
[2026-03-25T20:38:33.483+0900][15.767s][info][gc             ] GC(180) Pause Young (Allocation Failure) 233M->77M(335M) 1.428ms
[2026-03-25T20:38:33.483+0900][15.767s][info][gc,cpu         ] GC(180) User=0.00s Sys=0.00s Real=0.00s
[2026-03-25T20:38:33.590+0900][15.874s][info][gc,start       ] GC(181) Pause Young (Allocation Failure)
[2026-03-25T20:38:33.593+0900][15.877s][info][gc,heap        ] GC(181) PSYoungGen: 167796K(168448K)->5664K(168448K) Eden: 162228K(162304K)->0K(162304K) From: 5568K(6144K)->5664K(6144K)
[2026-03-25T20:38:33.593+0900][15.877s][info][gc,heap        ] GC(181) ParOldGen: 73748K(175104K)->75860K(175104K)
[2026-03-25T20:38:33.593+0900][15.877s][info][gc,metaspace   ] GC(181) Metaspace: 6006K(6208K)->6006K(6208K) NonClass: 5375K(5504K)->5375K(5504K) Class: 631K(704K)->631K(704K)
[2026-03-25T20:38:33.593+0900][15.877s][info][gc             ] GC(181) Pause Young (Allocation Failure) 235M->79M(335M) 3.063ms
[2026-03-25T20:38:33.593+0900][15.877s][info][gc,cpu         ] GC(181) User=0.00s Sys=0.00s Real=0.00s
[2026-03-25T20:38:33.650+0900][15.934s][info][gc,start       ] GC(182) Pause Young (Allocation Failure)
[2026-03-25T20:38:33.651+0900][15.935s][info][gc,heap        ] GC(182) PSYoungGen: 167892K(168448K)->5600K(168448K) Eden: 162228K(162304K)->0K(162304K) From: 5664K(6144K)->5600K(6144K)
[2026-03-25T20:38:33.651+0900][15.935s][info][gc,heap        ] GC(182) ParOldGen: 75860K(175104K)->78221K(175104K)
[2026-03-25T20:38:33.651+0900][15.935s][info][gc,metaspace   ] GC(182) Metaspace: 6006K(6208K)->6006K(6208K) NonClass: 5375K(5504K)->5375K(5504K) Class: 631K(704K)->631K(704K)
[2026-03-25T20:38:33.651+0900][15.935s][info][gc             ] GC(182) Pause Young (Allocation Failure) 238M->81M(335M) 0.665ms
[2026-03-25T20:38:33.651+0900][15.935s][info][gc,cpu         ] GC(182) User=0.00s Sys=0.00s Real=0.00s
[2026-03-25T20:38:33.763+0900][16.047s][info][gc,start       ] GC(183) Pause Young (Allocation Failure)
[2026-03-25T20:38:33.764+0900][16.048s][info][gc,heap        ] GC(183) PSYoungGen: 167828K(168448K)->5856K(168448K) Eden: 162228K(162304K)->0K(162304K) From: 5600K(6144K)->5856K(6144K)
[2026-03-25T20:38:33.764+0900][16.048s][info][gc,heap        ] GC(183) ParOldGen: 78221K(175104K)->80325K(175104K)
[2026-03-25T20:38:33.764+0900][16.048s][info][gc,metaspace   ] GC(183) Metaspace: 6006K(6208K)->6006K(6208K) NonClass: 5375K(5504K)->5375K(5504K) Class: 631K(704K)->631K(704K)
[2026-03-25T20:38:33.764+0900][16.048s][info][gc             ] GC(183) Pause Young (Allocation Failure) 240M->84M(335M) 0.605ms
[2026-03-25T20:38:33.764+0900][16.048s][info][gc,cpu         ] GC(183) User=0.01s Sys=0.00s Real=0.00s
[2026-03-25T20:38:33.820+0900][16.105s][info][gc,start       ] GC(184) Pause Young (Allocation Failure)
[2026-03-25T20:38:33.821+0900][16.105s][info][gc,heap        ] GC(184) PSYoungGen: 168084K(168448K)->5568K(168448K) Eden: 162228K(162304K)->0K(162304K) From: 5856K(6144K)->5568K(6144K)
[2026-03-25T20:38:33.821+0900][16.105s][info][gc,heap        ] GC(184) ParOldGen: 80325K(175104K)->82685K(175104K)
[2026-03-25T20:38:33.821+0900][16.105s][info][gc,metaspace   ] GC(184) Metaspace: 6006K(6208K)->6006K(6208K) NonClass: 5375K(5504K)->5375K(5504K) Class: 631K(704K)->631K(704K)
[2026-03-25T20:38:33.821+0900][16.105s][info][gc             ] GC(184) Pause Young (Allocation Failure) 242M->86M(335M) 0.681ms
[2026-03-25T20:38:33.821+0900][16.105s][info][gc,cpu         ] GC(184) User=0.00s Sys=0.01s Real=0.00s
[2026-03-25T20:38:33.928+0900][16.212s][info][gc,start       ] GC(185) Pause Young (Allocation Failure)
[2026-03-25T20:38:33.929+0900][16.213s][info][gc,heap        ] GC(185) PSYoungGen: 167796K(168448K)->5568K(168448K) Eden: 162228K(162304K)->0K(162304K) From: 5568K(6144K)->5568K(6144K)
[2026-03-25T20:38:33.929+0900][16.213s][info][gc,heap        ] GC(185) ParOldGen: 82685K(175104K)->85045K(175104K)
[2026-03-25T20:38:33.929+0900][16.213s][info][gc,metaspace   ] GC(185) Metaspace: 6006K(6208K)->6006K(6208K) NonClass: 5375K(5504K)->5375K(5504K) Class: 631K(704K)->631K(704K)
[2026-03-25T20:38:33.929+0900][16.213s][info][gc             ] GC(185) Pause Young (Allocation Failure) 244M->88M(335M) 0.768ms
[2026-03-25T20:38:33.929+0900][16.213s][info][gc,cpu         ] GC(185) User=0.00s Sys=0.00s Real=0.00s
[2026-03-25T20:38:33.986+0900][16.270s][info][gc,start       ] GC(186) Pause Young (Allocation Failure)
[2026-03-25T20:38:33.987+0900][16.271s][info][gc,heap        ] GC(186) PSYoungGen: 167796K(168448K)->5536K(168448K) Eden: 162228K(162304K)->0K(162304K) From: 5568K(6144K)->5536K(6144K)
[2026-03-25T20:38:33.987+0900][16.271s][info][gc,heap        ] GC(186) ParOldGen: 85045K(175104K)->87405K(175104K)
[2026-03-25T20:38:33.987+0900][16.271s][info][gc,metaspace   ] GC(186) Metaspace: 6006K(6208K)->6006K(6208K) NonClass: 5375K(5504K)->5375K(5504K) Class: 631K(704K)->631K(704K)
[2026-03-25T20:38:33.987+0900][16.271s][info][gc             ] GC(186) Pause Young (Allocation Failure) 246M->90M(335M) 0.627ms
[2026-03-25T20:38:33.987+0900][16.271s][info][gc,cpu         ] GC(186) User=0.01s Sys=0.00s Real=0.00s
[2026-03-25T20:38:34.089+0900][16.373s][info][gc,start       ] GC(187) Pause Young (Allocation Failure)
[2026-03-25T20:38:34.090+0900][16.374s][info][gc,heap        ] GC(187) PSYoungGen: 167764K(168448K)->5792K(168448K) Eden: 162228K(162304K)->0K(162304K) From: 5536K(6144K)->5792K(6144K)
[2026-03-25T20:38:34.090+0900][16.374s][info][gc,heap        ] GC(187) ParOldGen: 87405K(175104K)->89509K(175104K)
[2026-03-25T20:38:34.090+0900][16.374s][info][gc,metaspace   ] GC(187) Metaspace: 6006K(6208K)->6006K(6208K) NonClass: 5375K(5504K)->5375K(5504K) Class: 631K(704K)->631K(704K)
[2026-03-25T20:38:34.090+0900][16.374s][info][gc             ] GC(187) Pause Young (Allocation Failure) 249M->93M(335M) 0.915ms
[2026-03-25T20:38:34.090+0900][16.374s][info][gc,cpu         ] GC(187) User=0.00s Sys=0.00s Real=0.01s
[2026-03-25T20:38:34.147+0900][16.431s][info][gc,start       ] GC(188) Pause Young (Allocation Failure)
[2026-03-25T20:38:34.148+0900][16.432s][info][gc,heap        ] GC(188) PSYoungGen: 168020K(168448K)->5536K(168448K) Eden: 162228K(162304K)->0K(162304K) From: 5792K(6144K)->5536K(6144K)
[2026-03-25T20:38:34.148+0900][16.432s][info][gc,heap        ] GC(188) ParOldGen: 89509K(175104K)->91869K(175104K)
[2026-03-25T20:38:34.148+0900][16.432s][info][gc,metaspace   ] GC(188) Metaspace: 6006K(6208K)->6006K(6208K) NonClass: 5375K(5504K)->5375K(5504K) Class: 631K(704K)->631K(704K)
[2026-03-25T20:38:34.148+0900][16.432s][info][gc             ] GC(188) Pause Young (Allocation Failure) 251M->95M(335M) 0.679ms
[2026-03-25T20:38:34.148+0900][16.432s][info][gc,cpu         ] GC(188) User=0.00s Sys=0.01s Real=0.00s
[2026-03-25T20:38:34.261+0900][16.545s][info][gc,start       ] GC(189) Pause Young (Allocation Failure)
[2026-03-25T20:38:34.263+0900][16.547s][info][gc,heap        ] GC(189) PSYoungGen: 167802K(168448K)->5824K(168448K) Eden: 162266K(162304K)->0K(162304K) From: 5536K(6144K)->5824K(6144K)
[2026-03-25T20:38:34.263+0900][16.547s][info][gc,heap        ] GC(189) ParOldGen: 91869K(175104K)->93973K(175104K)
[2026-03-25T20:38:34.263+0900][16.547s][info][gc,metaspace   ] GC(189) Metaspace: 6010K(6208K)->6010K(6208K) NonClass: 5379K(5504K)->5379K(5504K) Class: 631K(704K)->631K(704K)
[2026-03-25T20:38:34.263+0900][16.547s][info][gc             ] GC(189) Pause Young (Allocation Failure) 253M->97M(335M) 1.743ms
[2026-03-25T20:38:34.263+0900][16.547s][info][gc,cpu         ] GC(189) User=0.00s Sys=0.00s Real=0.00s
[2026-03-25T20:38:34.373+0900][16.657s][info][gc,start       ] GC(190) Pause Young (Allocation Failure)
[2026-03-25T20:38:34.375+0900][16.659s][info][gc,heap        ] GC(190) PSYoungGen: 168052K(168448K)->5792K(168448K) Eden: 162228K(162304K)->0K(162304K) From: 5824K(6144K)->5792K(6144K)
[2026-03-25T20:38:34.375+0900][16.659s][info][gc,heap        ] GC(190) ParOldGen: 93973K(175104K)->96070K(175104K)
[2026-03-25T20:38:34.375+0900][16.659s][info][gc,metaspace   ] GC(190) Metaspace: 6010K(6208K)->6010K(6208K) NonClass: 5379K(5504K)->5379K(5504K) Class: 631K(704K)->631K(704K)
[2026-03-25T20:38:34.375+0900][16.659s][info][gc             ] GC(190) Pause Young (Allocation Failure) 255M->99M(335M) 2.556ms
[2026-03-25T20:38:34.375+0900][16.659s][info][gc,cpu         ] GC(190) User=0.00s Sys=0.00s Real=0.00s
[2026-03-25T20:38:34.433+0900][16.717s][info][gc,start       ] GC(191) Pause Young (Allocation Failure)
[2026-03-25T20:38:34.435+0900][16.719s][info][gc,heap        ] GC(191) PSYoungGen: 168020K(168448K)->5536K(168448K) Eden: 162228K(162304K)->0K(162304K) From: 5792K(6144K)->5536K(6144K)
[2026-03-25T20:38:34.435+0900][16.719s][info][gc,heap        ] GC(191) ParOldGen: 96070K(175104K)->98430K(175104K)
[2026-03-25T20:38:34.435+0900][16.719s][info][gc,metaspace   ] GC(191) Metaspace: 6010K(6208K)->6010K(6208K) NonClass: 5379K(5504K)->5379K(5504K) Class: 631K(704K)->631K(704K)
[2026-03-25T20:38:34.435+0900][16.719s][info][gc             ] GC(191) Pause Young (Allocation Failure) 257M->101M(335M) 1.664ms
[2026-03-25T20:38:34.435+0900][16.719s][info][gc,cpu         ] GC(191) User=0.00s Sys=0.00s Real=0.00s
[2026-03-25T20:38:34.551+0900][16.835s][info][gc,start       ] GC(192) Pause Young (Allocation Failure)
[2026-03-25T20:38:34.557+0900][16.841s][info][gc,heap        ] GC(192) PSYoungGen: 167764K(168448K)->5440K(168448K) Eden: 162228K(162304K)->0K(162304K) From: 5536K(6144K)->5440K(6144K)
[2026-03-25T20:38:34.557+0900][16.841s][info][gc,heap        ] GC(192) ParOldGen: 98430K(175104K)->100798K(175104K)
[2026-03-25T20:38:34.557+0900][16.841s][info][gc,metaspace   ] GC(192) Metaspace: 6010K(6208K)->6010K(6208K) NonClass: 5379K(5504K)->5379K(5504K) Class: 631K(704K)->631K(704K)
[2026-03-25T20:38:34.557+0900][16.841s][info][gc             ] GC(192) Pause Young (Allocation Failure) 259M->103M(335M) 6.079ms
[2026-03-25T20:38:34.557+0900][16.841s][info][gc,cpu         ] GC(192) User=0.00s Sys=0.01s Real=0.00s
[2026-03-25T20:38:34.613+0900][16.897s][info][gc,start       ] GC(193) Pause Young (Allocation Failure)
[2026-03-25T20:38:34.618+0900][16.902s][info][gc,heap        ] GC(193) PSYoungGen: 167668K(168448K)->5440K(168448K) Eden: 162228K(162304K)->0K(162304K) From: 5440K(6144K)->5440K(6144K)
[2026-03-25T20:38:34.618+0900][16.902s][info][gc,heap        ] GC(193) ParOldGen: 100798K(175104K)->103166K(175104K)
[2026-03-25T20:38:34.618+0900][16.902s][info][gc,metaspace   ] GC(193) Metaspace: 6010K(6208K)->6010K(6208K) NonClass: 5379K(5504K)->5379K(5504K) Class: 631K(704K)->631K(704K)
[2026-03-25T20:38:34.618+0900][16.902s][info][gc             ] GC(193) Pause Young (Allocation Failure) 262M->106M(335M) 4.883ms
[2026-03-25T20:38:34.618+0900][16.902s][info][gc,cpu         ] GC(193) User=0.01s Sys=0.01s Real=0.00s
[2026-03-25T20:38:34.733+0900][17.017s][info][gc,start       ] GC(194) Pause Young (Allocation Failure)
[2026-03-25T20:38:34.735+0900][17.019s][info][gc,heap        ] GC(194) PSYoungGen: 167668K(168448K)->5792K(168448K) Eden: 162228K(162304K)->0K(162304K) From: 5440K(6144K)->5792K(6144K)
[2026-03-25T20:38:34.735+0900][17.020s][info][gc,heap        ] GC(194) ParOldGen: 103166K(175104K)->105270K(175104K)
[2026-03-25T20:38:34.735+0900][17.020s][info][gc,metaspace   ] GC(194) Metaspace: 6010K(6208K)->6010K(6208K) NonClass: 5379K(5504K)->5379K(5504K) Class: 631K(704K)->631K(704K)
[2026-03-25T20:38:34.735+0900][17.020s][info][gc             ] GC(194) Pause Young (Allocation Failure) 264M->108M(335M) 2.158ms
[2026-03-25T20:38:34.735+0900][17.020s][info][gc,cpu         ] GC(194) User=0.01s Sys=0.00s Real=0.00s
[2026-03-25T20:38:34.794+0900][17.078s][info][gc,start       ] GC(195) Pause Young (Allocation Failure)
[2026-03-25T20:38:34.796+0900][17.080s][info][gc,heap        ] GC(195) PSYoungGen: 168020K(168448K)->5472K(168448K) Eden: 162228K(162304K)->0K(162304K) From: 5792K(6144K)->5472K(6144K)
[2026-03-25T20:38:34.796+0900][17.080s][info][gc,heap        ] GC(195) ParOldGen: 105270K(175104K)->107590K(175104K)
[2026-03-25T20:38:34.796+0900][17.080s][info][gc,metaspace   ] GC(195) Metaspace: 6010K(6208K)->6010K(6208K) NonClass: 5379K(5504K)->5379K(5504K) Class: 631K(704K)->631K(704K)
[2026-03-25T20:38:34.796+0900][17.080s][info][gc             ] GC(195) Pause Young (Allocation Failure) 266M->110M(335M) 2.474ms
[2026-03-25T20:38:34.796+0900][17.080s][info][gc,cpu         ] GC(195) User=0.01s Sys=0.00s Real=0.00s
[2026-03-25T20:38:34.908+0900][17.192s][info][gc,start       ] GC(196) Pause Young (Allocation Failure)
[2026-03-25T20:38:34.910+0900][17.194s][info][gc,heap        ] GC(196) PSYoungGen: 167700K(168448K)->5856K(168448K) Eden: 162228K(162304K)->0K(162304K) From: 5472K(6144K)->5856K(6144K)
[2026-03-25T20:38:34.910+0900][17.194s][info][gc,heap        ] GC(196) ParOldGen: 107590K(175104K)->109694K(175104K)
[2026-03-25T20:38:34.910+0900][17.194s][info][gc,metaspace   ] GC(196) Metaspace: 6010K(6208K)->6010K(6208K) NonClass: 5379K(5504K)->5379K(5504K) Class: 631K(704K)->631K(704K)
[2026-03-25T20:38:34.910+0900][17.195s][info][gc             ] GC(196) Pause Young (Allocation Failure) 268M->112M(335M) 2.116ms
[2026-03-25T20:38:34.910+0900][17.195s][info][gc,cpu         ] GC(196) User=0.01s Sys=0.01s Real=0.01s
[2026-03-25T20:38:34.970+0900][17.254s][info][gc,start       ] GC(197) Pause Young (Allocation Failure)
[2026-03-25T20:38:34.972+0900][17.256s][info][gc,heap        ] GC(197) PSYoungGen: 168084K(168448K)->5568K(168448K) Eden: 162228K(162304K)->0K(162304K) From: 5856K(6144K)->5568K(6144K)
[2026-03-25T20:38:34.972+0900][17.256s][info][gc,heap        ] GC(197) ParOldGen: 109694K(175104K)->112055K(175104K)
[2026-03-25T20:38:34.972+0900][17.256s][info][gc,metaspace   ] GC(197) Metaspace: 6010K(6208K)->6010K(6208K) NonClass: 5379K(5504K)->5379K(5504K) Class: 631K(704K)->631K(704K)
[2026-03-25T20:38:34.972+0900][17.256s][info][gc             ] GC(197) Pause Young (Allocation Failure) 271M->114M(335M) 1.605ms
[2026-03-25T20:38:34.972+0900][17.256s][info][gc,cpu         ] GC(197) User=0.01s Sys=0.00s Real=0.00s
[2026-03-25T20:38:35.084+0900][17.368s][info][gc,start       ] GC(198) Pause Young (Allocation Failure)
[2026-03-25T20:38:35.086+0900][17.370s][info][gc,heap        ] GC(198) PSYoungGen: 167796K(168448K)->5856K(168448K) Eden: 162228K(162304K)->0K(162304K) From: 5568K(6144K)->5856K(6144K)
[2026-03-25T20:38:35.086+0900][17.371s][info][gc,heap        ] GC(198) ParOldGen: 112055K(175104K)->114159K(175104K)
[2026-03-25T20:38:35.086+0900][17.371s][info][gc,metaspace   ] GC(198) Metaspace: 6010K(6208K)->6010K(6208K) NonClass: 5379K(5504K)->5379K(5504K) Class: 631K(704K)->631K(704K)
[2026-03-25T20:38:35.086+0900][17.371s][info][gc             ] GC(198) Pause Young (Allocation Failure) 273M->117M(335M) 2.111ms
[2026-03-25T20:38:35.086+0900][17.371s][info][gc,cpu         ] GC(198) User=0.01s Sys=0.00s Real=0.00s
[2026-03-25T20:38:35.144+0900][17.428s][info][gc,start       ] GC(199) Pause Young (Allocation Failure)
[2026-03-25T20:38:35.145+0900][17.429s][info][gc,heap        ] GC(199) PSYoungGen: 168084K(168448K)->5568K(168448K) Eden: 162228K(162304K)->0K(162304K) From: 5856K(6144K)->5568K(6144K)
[2026-03-25T20:38:35.145+0900][17.429s][info][gc,heap        ] GC(199) ParOldGen: 114159K(175104K)->116519K(175104K)
[2026-03-25T20:38:35.145+0900][17.429s][info][gc,metaspace   ] GC(199) Metaspace: 6010K(6208K)->6010K(6208K) NonClass: 5379K(5504K)->5379K(5504K) Class: 631K(704K)->631K(704K)
[2026-03-25T20:38:35.145+0900][17.429s][info][gc             ] GC(199) Pause Young (Allocation Failure) 275M->119M(335M) 0.979ms
[2026-03-25T20:38:35.145+0900][17.429s][info][gc,cpu         ] GC(199) User=0.01s Sys=0.01s Real=0.00s
[2026-03-25T20:38:35.257+0900][17.541s][info][gc,start       ] GC(200) Pause Young (Allocation Failure)
[2026-03-25T20:38:35.258+0900][17.542s][info][gc,heap        ] GC(200) PSYoungGen: 167766K(168448K)->5568K(168448K) Eden: 162198K(162304K)->0K(162304K) From: 5568K(6144K)->5568K(6144K)
[2026-03-25T20:38:35.258+0900][17.542s][info][gc,heap        ] GC(200) ParOldGen: 116519K(175104K)->118879K(175104K)
[2026-03-25T20:38:35.258+0900][17.542s][info][gc,metaspace   ] GC(200) Metaspace: 6016K(6208K)->6016K(6208K) NonClass: 5385K(5504K)->5385K(5504K) Class: 631K(704K)->631K(704K)
[2026-03-25T20:38:35.258+0900][17.543s][info][gc             ] GC(200) Pause Young (Allocation Failure) 277M->121M(335M) 1.558ms
[2026-03-25T20:38:35.258+0900][17.543s][info][gc,cpu         ] GC(200) User=0.00s Sys=0.00s Real=0.00s
[2026-03-25T20:38:35.311+0900][17.596s][info][gc,start       ] GC(201) Pause Young (Allocation Failure)
[2026-03-25T20:38:35.312+0900][17.596s][info][gc,heap        ] GC(201) PSYoungGen: 167795K(168448K)->5824K(168448K) Eden: 162226K(162304K)->0K(162304K) From: 5568K(6144K)->5824K(6144K)
[2026-03-25T20:38:35.312+0900][17.597s][info][gc,heap        ] GC(201) ParOldGen: 118879K(175104K)->121239K(175104K)
[2026-03-25T20:38:35.312+0900][17.597s][info][gc,metaspace   ] GC(201) Metaspace: 6016K(6208K)->6016K(6208K) NonClass: 5385K(5504K)->5385K(5504K) Class: 631K(704K)->631K(704K)
[2026-03-25T20:38:35.312+0900][17.597s][info][gc             ] GC(201) Pause Young (Allocation Failure) 279M->124M(335M) 1.026ms
[2026-03-25T20:38:35.312+0900][17.597s][info][gc,cpu         ] GC(201) User=0.00s Sys=0.00s Real=0.00s
[2026-03-25T20:38:35.417+0900][17.701s][info][gc,start       ] GC(202) Pause Young (Allocation Failure)
[2026-03-25T20:38:35.418+0900][17.702s][info][gc,heap        ] GC(202) PSYoungGen: 168051K(168448K)->5824K(168448K) Eden: 162227K(162304K)->0K(162304K) From: 5824K(6144K)->5824K(6144K)
[2026-03-25T20:38:35.418+0900][17.702s][info][gc,heap        ] GC(202) ParOldGen: 121239K(175104K)->123343K(175104K)
[2026-03-25T20:38:35.418+0900][17.702s][info][gc,metaspace   ] GC(202) Metaspace: 6016K(6208K)->6016K(6208K) NonClass: 5385K(5504K)->5385K(5504K) Class: 631K(704K)->631K(704K)
[2026-03-25T20:38:35.418+0900][17.703s][info][gc             ] GC(202) Pause Young (Allocation Failure) 282M->126M(335M) 1.352ms
[2026-03-25T20:38:35.418+0900][17.703s][info][gc,cpu         ] GC(202) User=0.00s Sys=0.00s Real=0.00s
[2026-03-25T20:38:35.474+0900][17.758s][info][gc,start       ] GC(203) Pause Young (Allocation Failure)
[2026-03-25T20:38:35.475+0900][17.759s][info][gc,heap        ] GC(203) PSYoungGen: 168052K(168448K)->5504K(168448K) Eden: 162227K(162304K)->0K(162304K) From: 5824K(6144K)->5504K(6144K)
[2026-03-25T20:38:35.475+0900][17.759s][info][gc,heap        ] GC(203) ParOldGen: 123343K(175104K)->125959K(175104K)
[2026-03-25T20:38:35.475+0900][17.759s][info][gc,metaspace   ] GC(203) Metaspace: 6016K(6208K)->6016K(6208K) NonClass: 5385K(5504K)->5385K(5504K) Class: 631K(704K)->631K(704K)
[2026-03-25T20:38:35.475+0900][17.760s][info][gc             ] GC(203) Pause Young (Allocation Failure) 284M->128M(335M) 1.444ms
[2026-03-25T20:38:35.475+0900][17.760s][info][gc,cpu         ] GC(203) User=0.01s Sys=0.00s Real=0.00s
[2026-03-25T20:38:35.590+0900][17.874s][info][gc,start       ] GC(204) Pause Young (Allocation Failure)
[2026-03-25T20:38:35.591+0900][17.875s][info][gc,heap        ] GC(204) PSYoungGen: 167732K(168448K)->5888K(168448K) Eden: 162228K(162304K)->0K(162304K) From: 5504K(6144K)->5888K(6144K)
[2026-03-25T20:38:35.591+0900][17.875s][info][gc,heap        ] GC(204) ParOldGen: 125959K(175104K)->128063K(175104K)
[2026-03-25T20:38:35.591+0900][17.875s][info][gc,metaspace   ] GC(204) Metaspace: 6016K(6208K)->6016K(6208K) NonClass: 5385K(5504K)->5385K(5504K) Class: 631K(704K)->631K(704K)
[2026-03-25T20:38:35.591+0900][17.875s][info][gc             ] GC(204) Pause Young (Allocation Failure) 286M->130M(335M) 1.150ms
[2026-03-25T20:38:35.591+0900][17.875s][info][gc,cpu         ] GC(204) User=0.00s Sys=0.00s Real=0.00s
[2026-03-25T20:38:35.649+0900][17.934s][info][gc,start       ] GC(205) Pause Young (Allocation Failure)
[2026-03-25T20:38:35.651+0900][17.935s][info][gc,heap        ] GC(205) PSYoungGen: 168116K(168448K)->5600K(168448K) Eden: 162228K(162304K)->0K(162304K) From: 5888K(6144K)->5600K(6144K)
[2026-03-25T20:38:35.651+0900][17.935s][info][gc,heap        ] GC(205) ParOldGen: 128063K(175104K)->130424K(175104K)
[2026-03-25T20:38:35.651+0900][17.935s][info][gc,metaspace   ] GC(205) Metaspace: 6016K(6208K)->6016K(6208K) NonClass: 5385K(5504K)->5385K(5504K) Class: 631K(704K)->631K(704K)
[2026-03-25T20:38:35.651+0900][17.936s][info][gc             ] GC(205) Pause Young (Allocation Failure) 289M->132M(335M) 1.972ms
[2026-03-25T20:38:35.651+0900][17.936s][info][gc,cpu         ] GC(205) User=0.00s Sys=0.00s Real=0.01s
[2026-03-25T20:38:35.766+0900][18.051s][info][gc,start       ] GC(206) Pause Young (Allocation Failure)
[2026-03-25T20:38:35.768+0900][18.052s][info][gc,heap        ] GC(206) PSYoungGen: 167828K(168448K)->5824K(168448K) Eden: 162228K(162304K)->0K(162304K) From: 5600K(6144K)->5824K(6144K)
[2026-03-25T20:38:35.768+0900][18.052s][info][gc,heap        ] GC(206) ParOldGen: 130424K(175104K)->132520K(175104K)
[2026-03-25T20:38:35.768+0900][18.052s][info][gc,metaspace   ] GC(206) Metaspace: 6016K(6208K)->6016K(6208K) NonClass: 5385K(5504K)->5385K(5504K) Class: 631K(704K)->631K(704K)
[2026-03-25T20:38:35.768+0900][18.052s][info][gc             ] GC(206) Pause Young (Allocation Failure) 291M->135M(335M) 1.605ms
[2026-03-25T20:38:35.768+0900][18.052s][info][gc,cpu         ] GC(206) User=0.00s Sys=0.01s Real=0.00s
[2026-03-25T20:38:35.881+0900][18.165s][info][gc,start       ] GC(207) Pause Young (Allocation Failure)
[2026-03-25T20:38:35.883+0900][18.167s][info][gc,heap        ] GC(207) PSYoungGen: 168052K(168448K)->5568K(168448K) Eden: 162228K(162304K)->0K(162304K) From: 5824K(6144K)->5568K(6144K)
[2026-03-25T20:38:35.883+0900][18.167s][info][gc,heap        ] GC(207) ParOldGen: 132520K(175104K)->134880K(175104K)
[2026-03-25T20:38:35.883+0900][18.167s][info][gc,metaspace   ] GC(207) Metaspace: 6016K(6208K)->6016K(6208K) NonClass: 5385K(5504K)->5385K(5504K) Class: 631K(704K)->631K(704K)
[2026-03-25T20:38:35.883+0900][18.167s][info][gc             ] GC(207) Pause Young (Allocation Failure) 293M->137M(335M) 1.916ms
[2026-03-25T20:38:35.883+0900][18.167s][info][gc,cpu         ] GC(207) User=0.00s Sys=0.00s Real=0.00s
[2026-03-25T20:38:35.938+0900][18.222s][info][gc,start       ] GC(208) Pause Young (Allocation Failure)
[2026-03-25T20:38:35.939+0900][18.223s][info][gc,heap        ] GC(208) PSYoungGen: 167796K(168448K)->5824K(168448K) Eden: 162228K(162304K)->0K(162304K) From: 5568K(6144K)->5824K(6144K)
[2026-03-25T20:38:35.939+0900][18.224s][info][gc,heap        ] GC(208) ParOldGen: 134880K(175104K)->136984K(175104K)
[2026-03-25T20:38:35.939+0900][18.224s][info][gc,metaspace   ] GC(208) Metaspace: 6016K(6208K)->6016K(6208K) NonClass: 5385K(5504K)->5385K(5504K) Class: 631K(704K)->631K(704K)
[2026-03-25T20:38:35.939+0900][18.224s][info][gc             ] GC(208) Pause Young (Allocation Failure) 295M->139M(335M) 1.796ms
[2026-03-25T20:38:35.939+0900][18.224s][info][gc,cpu         ] GC(208) User=0.00s Sys=0.00s Real=0.00s
[2026-03-25T20:38:36.051+0900][18.335s][info][gc,start       ] GC(209) Pause Young (Allocation Failure)
[2026-03-25T20:38:36.052+0900][18.337s][info][gc,heap        ] GC(209) PSYoungGen: 168052K(168448K)->5568K(168448K) Eden: 162228K(162304K)->0K(162304K) From: 5824K(6144K)->5568K(6144K)
[2026-03-25T20:38:36.053+0900][18.337s][info][gc,heap        ] GC(209) ParOldGen: 136984K(175104K)->139344K(175104K)
[2026-03-25T20:38:36.053+0900][18.337s][info][gc,metaspace   ] GC(209) Metaspace: 6016K(6208K)->6016K(6208K) NonClass: 5385K(5504K)->5385K(5504K) Class: 631K(704K)->631K(704K)
[2026-03-25T20:38:36.053+0900][18.337s][info][gc             ] GC(209) Pause Young (Allocation Failure) 297M->141M(335M) 1.863ms
[2026-03-25T20:38:36.053+0900][18.337s][info][gc,cpu         ] GC(209) User=0.00s Sys=0.00s Real=0.00s
[2026-03-25T20:38:36.109+0900][18.393s][info][gc,start       ] GC(210) Pause Young (Allocation Failure)
[2026-03-25T20:38:36.110+0900][18.394s][info][gc,heap        ] GC(210) PSYoungGen: 167796K(168448K)->5600K(168448K) Eden: 162228K(162304K)->0K(162304K) From: 5568K(6144K)->5600K(6144K)
[2026-03-25T20:38:36.110+0900][18.394s][info][gc,heap        ] GC(210) ParOldGen: 139344K(175104K)->141704K(175104K)
[2026-03-25T20:38:36.110+0900][18.394s][info][gc,metaspace   ] GC(210) Metaspace: 6016K(6208K)->6016K(6208K) NonClass: 5385K(5504K)->5385K(5504K) Class: 631K(704K)->631K(704K)
[2026-03-25T20:38:36.110+0900][18.394s][info][gc             ] GC(210) Pause Young (Allocation Failure) 299M->143M(335M) 1.320ms
[2026-03-25T20:38:36.110+0900][18.394s][info][gc,cpu         ] GC(210) User=0.00s Sys=0.00s Real=0.01s
[2026-03-25T20:38:36.224+0900][18.508s][info][gc,start       ] GC(211) Pause Young (Allocation Failure)
[2026-03-25T20:38:36.225+0900][18.509s][info][gc,heap        ] GC(211) PSYoungGen: 167866K(168448K)->5856K(168448K) Eden: 162266K(162304K)->0K(162304K) From: 5600K(6144K)->5856K(6144K)
[2026-03-25T20:38:36.225+0900][18.509s][info][gc,heap        ] GC(211) ParOldGen: 141704K(175104K)->143808K(175104K)
[2026-03-25T20:38:36.225+0900][18.509s][info][gc,metaspace   ] GC(211) Metaspace: 6021K(6208K)->6021K(6208K) NonClass: 5390K(5504K)->5390K(5504K) Class: 631K(704K)->631K(704K)
[2026-03-25T20:38:36.225+0900][18.509s][info][gc             ] GC(211) Pause Young (Allocation Failure) 302M->146M(335M) 1.675ms
[2026-03-25T20:38:36.225+0900][18.509s][info][gc,cpu         ] GC(211) User=0.01s Sys=0.01s Real=0.00s
[2026-03-25T20:38:36.285+0900][18.569s][info][gc,start       ] GC(212) Pause Young (Allocation Failure)
[2026-03-25T20:38:36.286+0900][18.570s][info][gc,heap        ] GC(212) PSYoungGen: 168084K(168448K)->5536K(168448K) Eden: 162228K(162304K)->0K(162304K) From: 5856K(6144K)->5536K(6144K)
[2026-03-25T20:38:36.286+0900][18.570s][info][gc,heap        ] GC(212) ParOldGen: 143808K(175104K)->146169K(175104K)
[2026-03-25T20:38:36.286+0900][18.570s][info][gc,metaspace   ] GC(212) Metaspace: 6021K(6208K)->6021K(6208K) NonClass: 5390K(5504K)->5390K(5504K) Class: 631K(704K)->631K(704K)
[2026-03-25T20:38:36.286+0900][18.570s][info][gc             ] GC(212) Pause Young (Allocation Failure) 304M->148M(335M) 1.656ms
[2026-03-25T20:38:36.286+0900][18.571s][info][gc,cpu         ] GC(212) User=0.01s Sys=0.00s Real=0.00s
[2026-03-25T20:38:36.401+0900][18.686s][info][gc,start       ] GC(213) Pause Young (Allocation Failure)
[2026-03-25T20:38:36.403+0900][18.687s][info][gc,heap        ] GC(213) PSYoungGen: 167764K(168448K)->5824K(168448K) Eden: 162228K(162304K)->0K(162304K) From: 5536K(6144K)->5824K(6144K)
[2026-03-25T20:38:36.403+0900][18.687s][info][gc,heap        ] GC(213) ParOldGen: 146169K(175104K)->148273K(175104K)
[2026-03-25T20:38:36.403+0900][18.687s][info][gc,metaspace   ] GC(213) Metaspace: 6021K(6208K)->6021K(6208K) NonClass: 5390K(5504K)->5390K(5504K) Class: 631K(704K)->631K(704K)
[2026-03-25T20:38:36.403+0900][18.687s][info][gc             ] GC(213) Pause Young (Allocation Failure) 306M->150M(335M) 1.783ms
[2026-03-25T20:38:36.403+0900][18.687s][info][gc,cpu         ] GC(213) User=0.01s Sys=0.00s Real=0.00s
[2026-03-25T20:38:36.459+0900][18.743s][info][gc,start       ] GC(214) Pause Young (Allocation Failure)
[2026-03-25T20:38:36.461+0900][18.745s][info][gc,heap        ] GC(214) PSYoungGen: 168052K(168448K)->5568K(168448K) Eden: 162228K(162304K)->0K(162304K) From: 5824K(6144K)->5568K(6144K)
[2026-03-25T20:38:36.461+0900][18.745s][info][gc,heap        ] GC(214) ParOldGen: 148273K(175104K)->150609K(175104K)
[2026-03-25T20:38:36.461+0900][18.745s][info][gc,metaspace   ] GC(214) Metaspace: 6021K(6208K)->6021K(6208K) NonClass: 5390K(5504K)->5390K(5504K) Class: 631K(704K)->631K(704K)
[2026-03-25T20:38:36.461+0900][18.745s][info][gc             ] GC(214) Pause Young (Allocation Failure) 308M->152M(335M) 2.144ms
[2026-03-25T20:38:36.461+0900][18.745s][info][gc,cpu         ] GC(214) User=0.01s Sys=0.00s Real=0.01s
[2026-03-25T20:38:36.573+0900][18.857s][info][gc,start       ] GC(215) Pause Young (Allocation Failure)
[2026-03-25T20:38:36.576+0900][18.860s][info][gc,heap        ] GC(215) PSYoungGen: 167796K(168448K)->5728K(168448K) Eden: 162228K(162304K)->0K(162304K) From: 5568K(6144K)->5728K(6144K)
[2026-03-25T20:38:36.576+0900][18.860s][info][gc,heap        ] GC(215) ParOldGen: 150609K(175104K)->152713K(175104K)
[2026-03-25T20:38:36.576+0900][18.860s][info][gc,metaspace   ] GC(215) Metaspace: 6021K(6208K)->6021K(6208K) NonClass: 5390K(5504K)->5390K(5504K) Class: 631K(704K)->631K(704K)
[2026-03-25T20:38:36.576+0900][18.860s][info][gc             ] GC(215) Pause Young (Allocation Failure) 310M->154M(335M) 3.038ms
[2026-03-25T20:38:36.576+0900][18.860s][info][gc,cpu         ] GC(215) User=0.01s Sys=0.01s Real=0.00s
[2026-03-25T20:38:36.633+0900][18.917s][info][gc,start       ] GC(216) Pause Young (Allocation Failure)
[2026-03-25T20:38:36.634+0900][18.918s][info][gc,heap        ] GC(216) PSYoungGen: 167956K(168448K)->5536K(168448K) Eden: 162228K(162304K)->0K(162304K) From: 5728K(6144K)->5536K(6144K)
[2026-03-25T20:38:36.634+0900][18.918s][info][gc,heap        ] GC(216) ParOldGen: 152713K(175104K)->155065K(175104K)
[2026-03-25T20:38:36.634+0900][18.918s][info][gc,metaspace   ] GC(216) Metaspace: 6021K(6208K)->6021K(6208K) NonClass: 5390K(5504K)->5390K(5504K) Class: 631K(704K)->631K(704K)
[2026-03-25T20:38:36.634+0900][18.919s][info][gc             ] GC(216) Pause Young (Allocation Failure) 313M->156M(335M) 1.553ms
[2026-03-25T20:38:36.634+0900][18.919s][info][gc,cpu         ] GC(216) User=0.00s Sys=0.00s Real=0.00s
[2026-03-25T20:38:36.743+0900][19.027s][info][gc,start       ] GC(217) Pause Young (Allocation Failure)
[2026-03-25T20:38:36.745+0900][19.029s][info][gc,heap        ] GC(217) PSYoungGen: 167764K(168448K)->5600K(168448K) Eden: 162228K(162304K)->0K(162304K) From: 5536K(6144K)->5600K(6144K)
[2026-03-25T20:38:36.745+0900][19.029s][info][gc,heap        ] GC(217) ParOldGen: 155065K(175104K)->157425K(175104K)
[2026-03-25T20:38:36.745+0900][19.029s][info][gc,metaspace   ] GC(217) Metaspace: 6021K(6208K)->6021K(6208K) NonClass: 5390K(5504K)->5390K(5504K) Class: 631K(704K)->631K(704K)
[2026-03-25T20:38:36.745+0900][19.029s][info][gc             ] GC(217) Pause Young (Allocation Failure) 315M->159M(335M) 2.048ms
[2026-03-25T20:38:36.745+0900][19.029s][info][gc,cpu         ] GC(217) User=0.01s Sys=0.00s Real=0.00s
[2026-03-25T20:38:36.800+0900][19.085s][info][gc,start       ] GC(218) Pause Young (Allocation Failure)
[2026-03-25T20:38:36.802+0900][19.086s][info][gc,heap        ] GC(218) PSYoungGen: 167828K(168448K)->5600K(168448K) Eden: 162228K(162304K)->0K(162304K) From: 5600K(6144K)->5600K(6144K)
[2026-03-25T20:38:36.802+0900][19.086s][info][gc,heap        ] GC(218) ParOldGen: 157425K(175104K)->159785K(175104K)
[2026-03-25T20:38:36.802+0900][19.086s][info][gc,metaspace   ] GC(218) Metaspace: 6021K(6208K)->6021K(6208K) NonClass: 5390K(5504K)->5390K(5504K) Class: 631K(704K)->631K(704K)
[2026-03-25T20:38:36.802+0900][19.086s][info][gc             ] GC(218) Pause Young (Allocation Failure) 317M->161M(335M) 1.884ms
[2026-03-25T20:38:36.802+0900][19.086s][info][gc,cpu         ] GC(218) User=0.01s Sys=0.00s Real=0.00s
[2026-03-25T20:38:36.909+0900][19.193s][info][gc,start       ] GC(219) Pause Young (Allocation Failure)
[2026-03-25T20:38:36.911+0900][19.195s][info][gc,heap        ] GC(219) PSYoungGen: 167828K(168448K)->5824K(168448K) Eden: 162228K(162304K)->0K(162304K) From: 5600K(6144K)->5824K(6144K)
[2026-03-25T20:38:36.911+0900][19.195s][info][gc,heap        ] GC(219) ParOldGen: 159785K(175104K)->161889K(175104K)
[2026-03-25T20:38:36.911+0900][19.195s][info][gc,metaspace   ] GC(219) Metaspace: 6021K(6208K)->6021K(6208K) NonClass: 5390K(5504K)->5390K(5504K) Class: 631K(704K)->631K(704K)
[2026-03-25T20:38:36.911+0900][19.195s][info][gc             ] GC(219) Pause Young (Allocation Failure) 319M->163M(335M) 1.800ms
[2026-03-25T20:38:36.911+0900][19.195s][info][gc,cpu         ] GC(219) User=0.01s Sys=0.01s Real=0.01s
[2026-03-25T20:38:36.966+0900][19.250s][info][gc,start       ] GC(220) Pause Young (Allocation Failure)
[2026-03-25T20:38:36.967+0900][19.252s][info][gc,heap        ] GC(220) PSYoungGen: 168052K(168448K)->5568K(168448K) Eden: 162228K(162304K)->0K(162304K) From: 5824K(6144K)->5568K(6144K)
[2026-03-25T20:38:36.967+0900][19.252s][info][gc,heap        ] GC(220) ParOldGen: 161889K(175104K)->164250K(175104K)
[2026-03-25T20:38:36.967+0900][19.252s][info][gc,metaspace   ] GC(220) Metaspace: 6021K(6208K)->6021K(6208K) NonClass: 5390K(5504K)->5390K(5504K) Class: 631K(704K)->631K(704K)
[2026-03-25T20:38:36.968+0900][19.252s][info][gc             ] GC(220) Pause Young (Allocation Failure) 322M->165M(335M) 1.745ms
[2026-03-25T20:38:36.968+0900][19.252s][info][gc,cpu         ] GC(220) User=0.01s Sys=0.00s Real=0.00s
[2026-03-25T20:38:37.083+0900][19.367s][info][gc,start       ] GC(221) Pause Young (Allocation Failure)
[2026-03-25T20:38:37.085+0900][19.369s][info][gc,heap        ] GC(221) PSYoungGen: 167796K(168448K)->5856K(168448K) Eden: 162228K(162304K)->0K(162304K) From: 5568K(6144K)->5856K(6144K)
[2026-03-25T20:38:37.085+0900][19.369s][info][gc,heap        ] GC(221) ParOldGen: 164250K(175104K)->166354K(175104K)
[2026-03-25T20:38:37.085+0900][19.369s][info][gc,metaspace   ] GC(221) Metaspace: 6021K(6208K)->6021K(6208K) NonClass: 5390K(5504K)->5390K(5504K) Class: 631K(704K)->631K(704K)
[2026-03-25T20:38:37.085+0900][19.369s][info][gc             ] GC(221) Pause Young (Allocation Failure) 324M->168M(335M) 2.235ms
[2026-03-25T20:38:37.085+0900][19.369s][info][gc,cpu         ] GC(221) User=0.01s Sys=0.00s Real=0.00s
[2026-03-25T20:38:37.142+0900][19.426s][info][gc,start       ] GC(222) Pause Young (Allocation Failure)
[2026-03-25T20:38:37.144+0900][19.428s][info][gc,heap        ] GC(222) PSYoungGen: 168084K(168448K)->5536K(168448K) Eden: 162228K(162304K)->0K(162304K) From: 5856K(6144K)->5536K(6144K)
[2026-03-25T20:38:37.144+0900][19.428s][info][gc,heap        ] GC(222) ParOldGen: 166354K(175104K)->168714K(175104K)
[2026-03-25T20:38:37.144+0900][19.428s][info][gc,metaspace   ] GC(222) Metaspace: 6021K(6208K)->6021K(6208K) NonClass: 5390K(5504K)->5390K(5504K) Class: 631K(704K)->631K(704K)
[2026-03-25T20:38:37.144+0900][19.428s][info][gc             ] GC(222) Pause Young (Allocation Failure) 326M->170M(335M) 1.495ms
[2026-03-25T20:38:37.144+0900][19.428s][info][gc,cpu         ] GC(222) User=0.01s Sys=0.00s Real=0.00s
[2026-03-25T20:38:37.258+0900][19.542s][info][gc,start       ] GC(223) Pause Young (Allocation Failure)
[2026-03-25T20:38:37.260+0900][19.544s][info][gc,heap        ] GC(223) PSYoungGen: 167802K(168448K)->5792K(168448K) Eden: 162266K(162304K)->0K(162304K) From: 5536K(6144K)->5792K(6144K)
[2026-03-25T20:38:37.260+0900][19.544s][info][gc,heap        ] GC(223) ParOldGen: 168714K(175104K)->170818K(175104K)
[2026-03-25T20:38:37.260+0900][19.544s][info][gc,metaspace   ] GC(223) Metaspace: 6024K(6208K)->6024K(6208K) NonClass: 5393K(5504K)->5393K(5504K) Class: 631K(704K)->631K(704K)
[2026-03-25T20:38:37.260+0900][19.544s][info][gc             ] GC(223) Pause Young (Allocation Failure) 328M->172M(335M) 2.300ms
[2026-03-25T20:38:37.260+0900][19.544s][info][gc,cpu         ] GC(223) User=0.01s Sys=0.01s Real=0.01s
[2026-03-25T20:38:37.320+0900][19.604s][info][gc,start       ] GC(224) Pause Young (Allocation Failure)
[2026-03-25T20:38:37.322+0900][19.606s][info][gc,heap        ] GC(224) PSYoungGen: 168020K(168448K)->5568K(168448K) Eden: 162228K(162304K)->0K(162304K) From: 5792K(6144K)->5568K(6144K)
[2026-03-25T20:38:37.322+0900][19.606s][info][gc,heap        ] GC(224) ParOldGen: 170818K(175104K)->173178K(175104K)
[2026-03-25T20:38:37.322+0900][19.606s][info][gc,metaspace   ] GC(224) Metaspace: 6024K(6208K)->6024K(6208K) NonClass: 5393K(5504K)->5393K(5504K) Class: 631K(704K)->631K(704K)
[2026-03-25T20:38:37.322+0900][19.606s][info][gc             ] GC(224) Pause Young (Allocation Failure) 330M->174M(335M) 2.333ms
[2026-03-25T20:38:37.322+0900][19.606s][info][gc,cpu         ] GC(224) User=0.00s Sys=0.00s Real=0.00s
[2026-03-25T20:38:37.433+0900][19.717s][info][gc,start       ] GC(225) Pause Young (Allocation Failure)
[2026-03-25T20:38:37.435+0900][19.719s][info][gc,heap        ] GC(225) PSYoungGen: 167796K(168448K)->5536K(168448K) Eden: 162228K(162304K)->0K(162304K) From: 5568K(6144K)->5536K(6144K)
[2026-03-25T20:38:37.435+0900][19.719s][info][gc,heap        ] GC(225) ParOldGen: 173178K(175104K)->175530K(175616K)
[2026-03-25T20:38:37.435+0900][19.719s][info][gc,metaspace   ] GC(225) Metaspace: 6024K(6208K)->6024K(6208K) NonClass: 5393K(5504K)->5393K(5504K) Class: 631K(704K)->631K(704K)
[2026-03-25T20:38:37.435+0900][19.719s][info][gc             ] GC(225) Pause Young (Allocation Failure) 332M->176M(336M) 1.995ms
[2026-03-25T20:38:37.435+0900][19.719s][info][gc,cpu         ] GC(225) User=0.00s Sys=0.00s Real=0.00s
[2026-03-25T20:38:37.544+0900][19.828s][info][gc,start       ] GC(226) Pause Young (Allocation Failure)
[2026-03-25T20:38:37.546+0900][19.830s][info][gc,heap        ] GC(226) PSYoungGen: 167764K(168448K)->5856K(168448K) Eden: 162228K(162304K)->0K(162304K) From: 5536K(6144K)->5856K(6144K)
[2026-03-25T20:38:37.546+0900][19.830s][info][gc,heap        ] GC(226) ParOldGen: 175530K(175616K)->177626K(177664K)
[2026-03-25T20:38:37.546+0900][19.830s][info][gc,metaspace   ] GC(226) Metaspace: 6024K(6208K)->6024K(6208K) NonClass: 5393K(5504K)->5393K(5504K) Class: 631K(704K)->631K(704K)
[2026-03-25T20:38:37.546+0900][19.830s][info][gc             ] GC(226) Pause Young (Allocation Failure) 335M->179M(338M) 1.895ms
[2026-03-25T20:38:37.546+0900][19.830s][info][gc,cpu         ] GC(226) User=0.00s Sys=0.00s Real=0.00s
[2026-03-25T20:38:37.605+0900][19.889s][info][gc,start       ] GC(227) Pause Young (Allocation Failure)
[2026-03-25T20:38:37.608+0900][19.892s][info][gc,heap        ] GC(227) PSYoungGen: 168084K(168448K)->5472K(168448K) Eden: 162228K(162304K)->0K(162304K) From: 5856K(6144K)->5472K(6144K)
[2026-03-25T20:38:37.608+0900][19.892s][info][gc,heap        ] GC(227) ParOldGen: 177626K(177664K)->179987K(180224K)
[2026-03-25T20:38:37.608+0900][19.892s][info][gc,metaspace   ] GC(227) Metaspace: 6024K(6208K)->6024K(6208K) NonClass: 5393K(5504K)->5393K(5504K) Class: 631K(704K)->631K(704K)
[2026-03-25T20:38:37.608+0900][19.892s][info][gc             ] GC(227) Pause Young (Allocation Failure) 337M->181M(340M) 2.679ms
[2026-03-25T20:38:37.608+0900][19.892s][info][gc,cpu         ] GC(227) User=0.00s Sys=0.01s Real=0.00s
[2026-03-25T20:38:37.720+0900][20.004s][info][gc,start       ] GC(228) Pause Young (Allocation Failure)
[2026-03-25T20:38:37.722+0900][20.006s][info][gc,heap        ] GC(228) PSYoungGen: 167700K(168448K)->5824K(168448K) Eden: 162228K(162304K)->0K(162304K) From: 5472K(6144K)->5824K(6144K)
[2026-03-25T20:38:37.722+0900][20.006s][info][gc,heap        ] GC(228) ParOldGen: 179987K(180224K)->182091K(182272K)
[2026-03-25T20:38:37.722+0900][20.006s][info][gc,metaspace   ] GC(228) Metaspace: 6024K(6208K)->6024K(6208K) NonClass: 5393K(5504K)->5393K(5504K) Class: 631K(704K)->631K(704K)
[2026-03-25T20:38:37.722+0900][20.006s][info][gc             ] GC(228) Pause Young (Allocation Failure) 339M->183M(342M) 2.012ms
[2026-03-25T20:38:37.722+0900][20.006s][info][gc,cpu         ] GC(228) User=0.00s Sys=0.00s Real=0.00s
[2026-03-25T20:38:37.781+0900][20.066s][info][gc,exit        ] Heap
[2026-03-25T20:38:37.782+0900][20.066s][info][gc,exit        ]  PSYoungGen      total 168448K, used 106701K [0x0000000145580000, 0x0000000150000000, 0x0000000150000000)
[2026-03-25T20:38:37.782+0900][20.066s][info][gc,exit        ]   eden space 162304K, 62% used [0x0000000145580000,0x000000014b8032e8,0x000000014f400000)
[2026-03-25T20:38:37.782+0900][20.066s][info][gc,exit        ]   from space 6144K, 94% used [0x000000014f400000,0x000000014f9b0160,0x000000014fa00000)
[2026-03-25T20:38:37.782+0900][20.066s][info][gc,exit        ]   to   space 6144K, 0% used [0x000000014fa00000,0x000000014fa00000,0x0000000150000000)
[2026-03-25T20:38:37.782+0900][20.066s][info][gc,exit        ]  ParOldGen       total 182272K, used 182091K [0x0000000130000000, 0x000000013b200000, 0x0000000145580000)
[2026-03-25T20:38:37.782+0900][20.066s][info][gc,exit        ]   object space 182272K, 99% used [0x0000000130000000,0x000000013b1d2cc8,0x000000013b200000)
[2026-03-25T20:38:37.782+0900][20.066s][info][gc,exit        ]  Metaspace       used 6024K, committed 6208K, reserved 1114112K
[2026-03-25T20:38:37.782+0900][20.066s][info][gc,exit        ]   class space    used 631K, committed 704K, reserved 1048576K
