[2026-03-27T22:28:52.527+0900][0.009s][info][gc] Using Parallel
[2026-03-27T22:28:52.527+0900][0.010s][info][gc,init] Version: 17.0.18+9-LTS (release)
[2026-03-27T22:28:52.527+0900][0.010s][info][gc,init] CPUs: 16 total, 16 available
[2026-03-27T22:28:52.527+0900][0.010s][info][gc,init] Memory: 15943M
[2026-03-27T22:28:52.527+0900][0.010s][info][gc,init] Large Page Support: Disabled
[2026-03-27T22:28:52.527+0900][0.011s][info][gc,init] NUMA Support: Disabled
[2026-03-27T22:28:52.527+0900][0.011s][info][gc,init] Compressed Oops: Enabled (32-bit)
[2026-03-27T22:28:52.527+0900][0.011s][info][gc,init] Alignments: Space 512K, Generation 512K, Heap 2M
[2026-03-27T22:28:52.527+0900][0.011s][info][gc,init] Heap Min Capacity: 256M
[2026-03-27T22:28:52.527+0900][0.011s][info][gc,init] Heap Initial Capacity: 256M
[2026-03-27T22:28:52.527+0900][0.011s][info][gc,init] Heap Max Capacity: 512M
[2026-03-27T22:28:52.527+0900][0.011s][info][gc,init] Pre-touch: Disabled
[2026-03-27T22:28:52.527+0900][0.011s][info][gc,init] Parallel Workers: 4
[2026-03-27T22:28:52.527+0900][0.017s][info][gc,metaspace] CDS archive(s) mapped at: [0x0000028f34000000-0x0000028f34bb0000-0x0000028f34bb0000), size 12255232, SharedBaseAddress: 0x0000028f34000000, ArchiveRelocationMode: 1.
[2026-03-27T22:28:52.527+0900][0.017s][info][gc,metaspace] Compressed class space mapped at: 0x0000028f35000000-0x0000028f75000000, reserved size: 1073741824
[2026-03-27T22:28:52.527+0900][0.017s][info][gc,metaspace] Narrow klass base: 0x0000028f34000000, Narrow klass shift: 0, Narrow klass range: 0x100000000
[2026-03-27T22:28:52.993+0900][0.472s][info][gc,start    ] GC(0) Pause Young (Allocation Failure)
[2026-03-27T22:28:52.996+0900][0.474s][info][gc,heap     ] GC(0) PSYoungGen: 65149K(76288K)->1897K(76288K) Eden: 65149K(65536K)->0K(65536K) From: 0K(10752K)->1897K(10752K)
[2026-03-27T22:28:52.996+0900][0.474s][info][gc,heap     ] GC(0) ParOldGen: 0K(175104K)->8K(175104K)
[2026-03-27T22:28:52.996+0900][0.474s][info][gc,metaspace] GC(0) Metaspace: 318K(512K)->318K(512K) NonClass: 302K(384K)->302K(384K) Class: 15K(128K)->15K(128K)
[2026-03-27T22:28:52.996+0900][0.474s][info][gc          ] GC(0) Pause Young (Allocation Failure) 63M->1M(245M) 2.470ms
[2026-03-27T22:28:52.996+0900][0.474s][info][gc,cpu      ] GC(0) User=0.00s Sys=0.00s Real=0.00s
[2026-03-27T22:28:53.413+0900][0.893s][info][gc,start    ] GC(1) Pause Young (Allocation Failure)
[2026-03-27T22:28:53.415+0900][0.894s][info][gc,heap     ] GC(1) PSYoungGen: 67300K(76288K)->2409K(76288K) Eden: 65403K(65536K)->0K(65536K) From: 1897K(10752K)->2409K(10752K)
[2026-03-27T22:28:53.415+0900][0.894s][info][gc,heap     ] GC(1) ParOldGen: 8K(175104K)->16K(175104K)
[2026-03-27T22:28:53.415+0900][0.894s][info][gc,metaspace] GC(1) Metaspace: 326K(512K)->326K(512K) NonClass: 310K(384K)->310K(384K) Class: 15K(128K)->15K(128K)
[2026-03-27T22:28:53.415+0900][0.894s][info][gc          ] GC(1) Pause Young (Allocation Failure) 65M->2M(245M) 1.151ms
[2026-03-27T22:28:53.415+0900][0.894s][info][gc,cpu      ] GC(1) User=0.00s Sys=0.00s Real=0.00s
[2026-03-27T22:28:53.805+0900][1.283s][info][gc,start    ] GC(2) Pause Young (Allocation Failure)
[2026-03-27T22:28:53.806+0900][1.285s][info][gc,heap     ] GC(2) PSYoungGen: 67682K(76288K)->3433K(76288K) Eden: 65273K(65536K)->0K(65536K) From: 2409K(10752K)->3433K(10752K)
[2026-03-27T22:28:53.806+0900][1.285s][info][gc,heap     ] GC(2) ParOldGen: 16K(175104K)->24K(175104K)
[2026-03-27T22:28:53.806+0900][1.285s][info][gc,metaspace] GC(2) Metaspace: 330K(512K)->330K(512K) NonClass: 315K(384K)->315K(384K) Class: 15K(128K)->15K(128K)
[2026-03-27T22:28:53.806+0900][1.285s][info][gc          ] GC(2) Pause Young (Allocation Failure) 66M->3M(245M) 1.211ms
[2026-03-27T22:28:53.806+0900][1.285s][info][gc,cpu      ] GC(2) User=0.00s Sys=0.00s Real=0.00s
[2026-03-27T22:28:54.200+0900][1.679s][info][gc,start    ] GC(3) Pause Young (Allocation Failure)
[2026-03-27T22:28:54.201+0900][1.681s][info][gc,heap     ] GC(3) PSYoungGen: 68718K(76288K)->4441K(76288K) Eden: 65285K(65536K)->0K(65536K) From: 3433K(10752K)->4441K(10752K)
[2026-03-27T22:28:54.205+0900][1.684s][info][gc,heap     ] GC(3) ParOldGen: 24K(175104K)->32K(175104K)
[2026-03-27T22:28:54.205+0900][1.684s][info][gc,metaspace] GC(3) Metaspace: 330K(512K)->330K(512K) NonClass: 315K(384K)->315K(384K) Class: 15K(128K)->15K(128K)
[2026-03-27T22:28:54.205+0900][1.684s][info][gc          ] GC(3) Pause Young (Allocation Failure) 67M->4M(245M) 4.939ms
[2026-03-27T22:28:54.205+0900][1.684s][info][gc,cpu      ] GC(3) User=0.00s Sys=0.00s Real=0.00s
[2026-03-27T22:28:54.685+0900][2.164s][info][gc,start    ] GC(4) Pause Young (Allocation Failure)
[2026-03-27T22:28:54.685+0900][2.165s][info][gc,heap     ] GC(4) PSYoungGen: 69734K(76288K)->5497K(69632K) Eden: 65293K(65536K)->0K(64000K) From: 4441K(10752K)->5497K(5632K)
[2026-03-27T22:28:54.685+0900][2.165s][info][gc,heap     ] GC(4) ParOldGen: 32K(175104K)->40K(175104K)
[2026-03-27T22:28:54.685+0900][2.165s][info][gc,metaspace] GC(4) Metaspace: 330K(512K)->330K(512K) NonClass: 315K(384K)->315K(384K) Class: 15K(128K)->15K(128K)
[2026-03-27T22:28:54.685+0900][2.165s][info][gc          ] GC(4) Pause Young (Allocation Failure) 68M->5M(239M) 1.319ms
[2026-03-27T22:28:54.685+0900][2.165s][info][gc,cpu      ] GC(4) User=0.00s Sys=0.00s Real=0.00s
[2026-03-27T22:28:55.287+0900][2.766s][info][gc,start    ] GC(5) Pause Young (Allocation Failure)
[2026-03-27T22:28:55.288+0900][2.767s][info][gc,heap     ] GC(5) PSYoungGen: 69229K(69632K)->4937K(67584K) Eden: 63731K(64000K)->0K(62464K) From: 5497K(5632K)->4937K(5120K)
[2026-03-27T22:28:55.288+0900][2.767s][info][gc,heap     ] GC(5) ParOldGen: 40K(175104K)->48K(175104K)
[2026-03-27T22:28:55.288+0900][2.768s][info][gc,metaspace] GC(5) Metaspace: 330K(512K)->330K(512K) NonClass: 315K(384K)->315K(384K) Class: 15K(128K)->15K(128K)
[2026-03-27T22:28:55.288+0900][2.768s][info][gc          ] GC(5) Pause Young (Allocation Failure) 67M->4M(237M) 1.923ms
[2026-03-27T22:28:55.288+0900][2.768s][info][gc,cpu      ] GC(5) User=0.00s Sys=0.00s Real=0.00s
[2026-03-27T22:28:55.707+0900][3.186s][info][gc,start    ] GC(6) Pause Young (Allocation Failure)
[2026-03-27T22:28:55.708+0900][3.187s][info][gc,heap     ] GC(6) PSYoungGen: 67106K(67584K)->3616K(65536K) Eden: 62168K(62464K)->0K(61440K) From: 4937K(5120K)->3616K(4096K)
[2026-03-27T22:28:55.708+0900][3.187s][info][gc,heap     ] GC(6) ParOldGen: 48K(175104K)->1897K(175104K)
[2026-03-27T22:28:55.708+0900][3.187s][info][gc,metaspace] GC(6) Metaspace: 331K(512K)->331K(512K) NonClass: 316K(384K)->316K(384K) Class: 15K(128K)->15K(128K)
[2026-03-27T22:28:55.708+0900][3.187s][info][gc          ] GC(6) Pause Young (Allocation Failure) 65M->5M(235M) 1.810ms
[2026-03-27T22:28:55.708+0900][3.187s][info][gc,cpu      ] GC(6) User=0.00s Sys=0.00s Real=0.00s
[2026-03-27T22:28:56.081+0900][3.560s][info][gc,start    ] GC(7) Pause Young (Allocation Failure)
[2026-03-27T22:28:56.082+0900][3.561s][info][gc,heap     ] GC(7) PSYoungGen: 64742K(65536K)->2144K(66048K) Eden: 61126K(61440K)->0K(60416K) From: 3616K(4096K)->2144K(5632K)
[2026-03-27T22:28:56.082+0900][3.561s][info][gc,heap     ] GC(7) ParOldGen: 1897K(175104K)->2929K(175104K)
[2026-03-27T22:28:56.082+0900][3.561s][info][gc,metaspace] GC(7) Metaspace: 331K(512K)->331K(512K) NonClass: 316K(384K)->316K(384K) Class: 15K(128K)->15K(128K)
[2026-03-27T22:28:56.082+0900][3.561s][info][gc          ] GC(7) Pause Young (Allocation Failure) 65M->4M(235M) 0.968ms
[2026-03-27T22:28:56.082+0900][3.561s][info][gc,cpu      ] GC(7) User=0.00s Sys=0.00s Real=0.00s
[2026-03-27T22:28:56.445+0900][3.924s][info][gc,start    ] GC(8) Pause Young (Allocation Failure)
[2026-03-27T22:28:56.446+0900][3.925s][info][gc,heap     ] GC(8) PSYoungGen: 62227K(66048K)->2176K(61952K) Eden: 60083K(60416K)->0K(59392K) From: 2144K(5632K)->2176K(2560K)
[2026-03-27T22:28:56.446+0900][3.925s][info][gc,heap     ] GC(8) ParOldGen: 2929K(175104K)->3961K(175104K)
[2026-03-27T22:28:56.446+0900][3.925s][info][gc,metaspace] GC(8) Metaspace: 332K(512K)->332K(512K) NonClass: 317K(384K)->317K(384K) Class: 15K(128K)->15K(128K)
[2026-03-27T22:28:56.446+0900][3.925s][info][gc          ] GC(8) Pause Young (Allocation Failure) 63M->5M(231M) 0.848ms
[2026-03-27T22:28:56.446+0900][3.925s][info][gc,cpu      ] GC(8) User=0.00s Sys=0.00s Real=0.00s
[2026-03-27T22:28:56.811+0900][4.290s][info][gc,start    ] GC(9) Pause Young (Allocation Failure)
[2026-03-27T22:28:56.811+0900][4.291s][info][gc,heap     ] GC(9) PSYoungGen: 61216K(61952K)->1088K(64000K) Eden: 59040K(59392K)->0K(58368K) From: 2176K(2560K)->1088K(5632K)
[2026-03-27T22:28:56.811+0900][4.291s][info][gc,heap     ] GC(9) ParOldGen: 3961K(175104K)->4993K(175104K)
[2026-03-27T22:28:56.811+0900][4.291s][info][gc,metaspace] GC(9) Metaspace: 332K(512K)->332K(512K) NonClass: 317K(384K)->317K(384K) Class: 15K(128K)->15K(128K)
[2026-03-27T22:28:56.811+0900][4.291s][info][gc          ] GC(9) Pause Young (Allocation Failure) 63M->5M(233M) 0.887ms
[2026-03-27T22:28:56.811+0900][4.291s][info][gc,cpu      ] GC(9) User=0.00s Sys=0.00s Real=0.00s
[2026-03-27T22:28:57.161+0900][4.639s][info][gc,start    ] GC(10) Pause Young (Allocation Failure)
[2026-03-27T22:28:57.161+0900][4.641s][info][gc,heap     ] GC(10) PSYoungGen: 59084K(64000K)->1632K(59392K) Eden: 57996K(58368K)->0K(57344K) From: 1088K(5632K)->1632K(2048K)
[2026-03-27T22:28:57.161+0900][4.641s][info][gc,heap     ] GC(10) ParOldGen: 4993K(175104K)->6025K(175104K)
[2026-03-27T22:28:57.161+0900][4.641s][info][gc,metaspace] GC(10) Metaspace: 332K(512K)->332K(512K) NonClass: 317K(384K)->317K(384K) Class: 15K(128K)->15K(128K)
[2026-03-27T22:28:57.161+0900][4.641s][info][gc          ] GC(10) Pause Young (Allocation Failure) 62M->7M(229M) 1.517ms
[2026-03-27T22:28:57.161+0900][4.641s][info][gc,cpu      ] GC(10) User=0.00s Sys=0.00s Real=0.00s
[2026-03-27T22:28:57.507+0900][4.986s][info][gc,start    ] GC(11) Pause Young (Allocation Failure)
[2026-03-27T22:28:57.507+0900][4.987s][info][gc,heap     ] GC(11) PSYoungGen: 58584K(59392K)->1088K(61952K) Eden: 56952K(57344K)->0K(56320K) From: 1632K(2048K)->1088K(5632K)
[2026-03-27T22:28:57.507+0900][4.987s][info][gc,heap     ] GC(11) ParOldGen: 6025K(175104K)->7057K(175104K)
[2026-03-27T22:28:57.507+0900][4.987s][info][gc,metaspace] GC(11) Metaspace: 332K(512K)->332K(512K) NonClass: 317K(384K)->317K(384K) Class: 15K(128K)->15K(128K)
[2026-03-27T22:28:57.508+0900][4.987s][info][gc          ] GC(11) Pause Young (Allocation Failure) 63M->7M(231M) 0.750ms
[2026-03-27T22:28:57.508+0900][4.987s][info][gc,cpu      ] GC(11) User=0.00s Sys=0.00s Real=0.00s
[2026-03-27T22:28:57.952+0900][5.432s][info][gc,start    ] GC(12) Pause Young (Allocation Failure)
[2026-03-27T22:28:57.952+0900][5.433s][info][gc,heap     ] GC(12) PSYoungGen: 56996K(61952K)->3168K(58880K) Eden: 55908K(56320K)->0K(55296K) From: 1088K(5632K)->3168K(3584K)
[2026-03-27T22:28:57.952+0900][5.433s][info][gc,heap     ] GC(12) ParOldGen: 7057K(175104K)->7057K(175104K)
[2026-03-27T22:28:57.952+0900][5.433s][info][gc,metaspace] GC(12) Metaspace: 332K(512K)->332K(512K) NonClass: 317K(384K)->317K(384K) Class: 15K(128K)->15K(128K)
[2026-03-27T22:28:57.952+0900][5.433s][info][gc          ] GC(12) Pause Young (Allocation Failure) 62M->9M(228M) 0.933ms
[2026-03-27T22:28:57.952+0900][5.433s][info][gc,cpu      ] GC(12) User=0.00s Sys=0.00s Real=0.00s
[2026-03-27T22:28:58.306+0900][5.786s][info][gc,start    ] GC(13) Pause Young (Allocation Failure)
[2026-03-27T22:28:58.308+0900][5.787s][info][gc,heap     ] GC(13) PSYoungGen: 58033K(58880K)->576K(59392K) Eden: 54864K(55296K)->0K(54272K) From: 3168K(3584K)->576K(5120K)
[2026-03-27T22:28:58.308+0900][5.787s][info][gc,heap     ] GC(13) ParOldGen: 7057K(175104K)->8089K(175104K)
[2026-03-27T22:28:58.308+0900][5.787s][info][gc,metaspace] GC(13) Metaspace: 332K(512K)->332K(512K) NonClass: 317K(384K)->317K(384K) Class: 15K(128K)->15K(128K)
[2026-03-27T22:28:58.308+0900][5.787s][info][gc          ] GC(13) Pause Young (Allocation Failure) 63M->8M(229M) 1.040ms
[2026-03-27T22:28:58.308+0900][5.787s][info][gc,cpu      ] GC(13) User=0.00s Sys=0.00s Real=0.00s
[2026-03-27T22:28:58.751+0900][6.231s][info][gc,start    ] GC(14) Pause Young (Allocation Failure)
[2026-03-27T22:28:58.751+0900][6.232s][info][gc,heap     ] GC(14) PSYoungGen: 54396K(59392K)->576K(54272K) Eden: 53820K(54272K)->0K(53248K) From: 576K(5120K)->576K(1024K)
[2026-03-27T22:28:58.751+0900][6.232s][info][gc,heap     ] GC(14) ParOldGen: 8089K(175104K)->8089K(175104K)
[2026-03-27T22:28:58.751+0900][6.232s][info][gc,metaspace] GC(14) Metaspace: 332K(512K)->332K(512K) NonClass: 317K(384K)->317K(384K) Class: 15K(128K)->15K(128K)
[2026-03-27T22:28:58.751+0900][6.232s][info][gc          ] GC(14) Pause Young (Allocation Failure) 61M->8M(224M) 0.690ms
[2026-03-27T22:28:58.751+0900][6.232s][info][gc,cpu      ] GC(14) User=0.00s Sys=0.00s Real=0.00s
[2026-03-27T22:28:59.078+0900][6.557s][info][gc,start    ] GC(15) Pause Young (Allocation Failure)
[2026-03-27T22:28:59.078+0900][6.558s][info][gc,heap     ] GC(15) PSYoungGen: 53352K(54272K)->2144K(57344K) Eden: 52776K(53248K)->0K(52224K) From: 576K(1024K)->2144K(5120K)
[2026-03-27T22:28:59.078+0900][6.558s][info][gc,heap     ] GC(15) ParOldGen: 8089K(175104K)->8089K(175104K)
[2026-03-27T22:28:59.078+0900][6.558s][info][gc,metaspace] GC(15) Metaspace: 332K(512K)->332K(512K) NonClass: 317K(384K)->317K(384K) Class: 15K(128K)->15K(128K)
[2026-03-27T22:28:59.078+0900][6.558s][info][gc          ] GC(15) Pause Young (Allocation Failure) 60M->9M(227M) 0.896ms
[2026-03-27T22:28:59.078+0900][6.558s][info][gc,cpu      ] GC(15) User=0.00s Sys=0.00s Real=0.00s
[2026-03-27T22:28:59.395+0900][6.873s][info][gc,start    ] GC(16) Pause Young (Allocation Failure)
[2026-03-27T22:28:59.395+0900][6.874s][info][gc,heap     ] GC(16) PSYoungGen: 54368K(57344K)->1632K(53248K) Eden: 52224K(52224K)->0K(51200K) From: 2144K(5120K)->1632K(2048K)
[2026-03-27T22:28:59.395+0900][6.875s][info][gc,heap     ] GC(16) ParOldGen: 8089K(175104K)->9121K(175104K)
[2026-03-27T22:28:59.395+0900][6.875s][info][gc,metaspace] GC(16) Metaspace: 332K(512K)->332K(512K) NonClass: 317K(384K)->317K(384K) Class: 15K(128K)->15K(128K)
[2026-03-27T22:28:59.395+0900][6.875s][info][gc          ] GC(16) Pause Young (Allocation Failure) 60M->10M(223M) 1.071ms
[2026-03-27T22:28:59.395+0900][6.875s][info][gc,cpu      ] GC(16) User=0.00s Sys=0.00s Real=0.00s
[2026-03-27T22:28:59.713+0900][7.192s][info][gc,start    ] GC(17) Pause Young (Allocation Failure)
[2026-03-27T22:28:59.713+0900][7.193s][info][gc,heap     ] GC(17) PSYoungGen: 52829K(53248K)->1120K(54784K) Eden: 51197K(51200K)->0K(50176K) From: 1632K(2048K)->1120K(4608K)
[2026-03-27T22:28:59.713+0900][7.193s][info][gc,heap     ] GC(17) ParOldGen: 9121K(175104K)->9121K(175104K)
[2026-03-27T22:28:59.713+0900][7.193s][info][gc,metaspace] GC(17) Metaspace: 332K(512K)->332K(512K) NonClass: 317K(384K)->317K(384K) Class: 15K(128K)->15K(128K)
[2026-03-27T22:28:59.713+0900][7.193s][info][gc          ] GC(17) Pause Young (Allocation Failure) 60M->10M(224M) 0.970ms
[2026-03-27T22:28:59.713+0900][7.193s][info][gc,cpu      ] GC(17) User=0.00s Sys=0.00s Real=0.00s
[2026-03-27T22:29:00.015+0900][7.493s][info][gc,start    ] GC(18) Pause Young (Allocation Failure)
[2026-03-27T22:29:00.015+0900][7.495s][info][gc,heap     ] GC(18) PSYoungGen: 51274K(54784K)->1088K(50688K) Eden: 50154K(50176K)->0K(49152K) From: 1120K(4608K)->1088K(1536K)
[2026-03-27T22:29:00.015+0900][7.495s][info][gc,heap     ] GC(18) ParOldGen: 9121K(175104K)->10153K(175104K)
[2026-03-27T22:29:00.017+0900][7.495s][info][gc,metaspace] GC(18) Metaspace: 332K(512K)->332K(512K) NonClass: 317K(384K)->317K(384K) Class: 15K(128K)->15K(128K)
[2026-03-27T22:29:00.017+0900][7.495s][info][gc          ] GC(18) Pause Young (Allocation Failure) 58M->10M(220M) 1.704ms
[2026-03-27T22:29:00.017+0900][7.495s][info][gc,cpu      ] GC(18) User=0.00s Sys=0.00s Real=0.00s
[2026-03-27T22:29:00.332+0900][7.812s][info][gc,start    ] GC(19) Pause Young (Allocation Failure)
[2026-03-27T22:29:00.334+0900][7.813s][info][gc,heap     ] GC(19) PSYoungGen: 50195K(50688K)->1088K(52736K) Eden: 49107K(49152K)->0K(48128K) From: 1088K(1536K)->1088K(4608K)
[2026-03-27T22:29:00.334+0900][7.813s][info][gc,heap     ] GC(19) ParOldGen: 10153K(175104K)->10153K(175104K)
[2026-03-27T22:29:00.335+0900][7.813s][info][gc,metaspace] GC(19) Metaspace: 332K(512K)->332K(512K) NonClass: 317K(384K)->317K(384K) Class: 15K(128K)->15K(128K)
[2026-03-27T22:29:00.335+0900][7.813s][info][gc          ] GC(19) Pause Young (Allocation Failure) 58M->10M(222M) 0.784ms
[2026-03-27T22:29:00.335+0900][7.813s][info][gc,cpu      ] GC(19) User=0.00s Sys=0.00s Real=0.00s
[2026-03-27T22:29:00.614+0900][8.093s][info][gc,start    ] GC(20) Pause Young (Allocation Failure)
[2026-03-27T22:29:00.614+0900][8.094s][info][gc,heap     ] GC(20) PSYoungGen: 49149K(52736K)->2688K(50688K) Eden: 48061K(48128K)->0K(47616K) From: 1088K(4608K)->2688K(3072K)
[2026-03-27T22:29:00.614+0900][8.094s][info][gc,heap     ] GC(20) ParOldGen: 10153K(175104K)->10153K(175104K)
[2026-03-27T22:29:00.614+0900][8.094s][info][gc,metaspace] GC(20) Metaspace: 332K(512K)->332K(512K) NonClass: 317K(384K)->317K(384K) Class: 15K(128K)->15K(128K)
[2026-03-27T22:29:00.614+0900][8.094s][info][gc          ] GC(20) Pause Young (Allocation Failure) 57M->12M(220M) 0.861ms
[2026-03-27T22:29:00.614+0900][8.094s][info][gc,cpu      ] GC(20) User=0.00s Sys=0.00s Real=0.00s
[2026-03-27T22:29:00.914+0900][8.392s][info][gc,start    ] GC(21) Pause Young (Allocation Failure)
[2026-03-27T22:29:00.914+0900][8.393s][info][gc,heap     ] GC(21) PSYoungGen: 50226K(50688K)->32K(52224K) Eden: 47538K(47616K)->0K(47104K) From: 2688K(3072K)->32K(5120K)
[2026-03-27T22:29:00.914+0900][8.393s][info][gc,heap     ] GC(21) ParOldGen: 10153K(175104K)->11185K(175104K)
[2026-03-27T22:29:00.914+0900][8.393s][info][gc,metaspace] GC(21) Metaspace: 332K(512K)->332K(512K) NonClass: 317K(384K)->317K(384K) Class: 15K(128K)->15K(128K)
[2026-03-27T22:29:00.914+0900][8.393s][info][gc          ] GC(21) Pause Young (Allocation Failure) 58M->10M(222M) 0.719ms
[2026-03-27T22:29:00.914+0900][8.393s][info][gc,cpu      ] GC(21) User=0.00s Sys=0.00s Real=0.00s
[2026-03-27T22:29:01.181+0900][8.660s][info][gc,start    ] GC(22) Pause Young (Allocation Failure)
[2026-03-27T22:29:01.181+0900][8.660s][info][gc,heap     ] GC(22) PSYoungGen: 47048K(52224K)->3200K(50176K) Eden: 47016K(47104K)->0K(46592K) From: 32K(5120K)->3200K(3584K)
[2026-03-27T22:29:01.181+0900][8.660s][info][gc,heap     ] GC(22) ParOldGen: 11185K(175104K)->11185K(175104K)
[2026-03-27T22:29:01.181+0900][8.660s][info][gc,metaspace] GC(22) Metaspace: 332K(512K)->332K(512K) NonClass: 317K(384K)->317K(384K) Class: 15K(128K)->15K(128K)
[2026-03-27T22:29:01.181+0900][8.660s][info][gc          ] GC(22) Pause Young (Allocation Failure) 56M->14M(220M) 0.605ms
[2026-03-27T22:29:01.181+0900][8.660s][info][gc,cpu      ] GC(22) User=0.00s Sys=0.00s Real=0.00s
[2026-03-27T22:29:01.468+0900][8.947s][info][gc,start    ] GC(23) Pause Young (Allocation Failure)
[2026-03-27T22:29:01.470+0900][8.949s][info][gc,heap     ] GC(23) PSYoungGen: 49693K(50176K)->2144K(50176K) Eden: 46493K(46592K)->0K(46080K) From: 3200K(3584K)->2144K(4096K)
[2026-03-27T22:29:01.470+0900][8.949s][info][gc,heap     ] GC(23) ParOldGen: 11185K(175104K)->12217K(175104K)
[2026-03-27T22:29:01.470+0900][8.949s][info][gc,metaspace] GC(23) Metaspace: 332K(512K)->332K(512K) NonClass: 317K(384K)->317K(384K) Class: 15K(128K)->15K(128K)
[2026-03-27T22:29:01.470+0900][8.949s][info][gc          ] GC(23) Pause Young (Allocation Failure) 59M->14M(220M) 2.112ms
[2026-03-27T22:29:01.470+0900][8.949s][info][gc,cpu      ] GC(23) User=0.00s Sys=0.00s Real=0.00s
[2026-03-27T22:29:01.754+0900][9.232s][info][gc,start    ] GC(24) Pause Young (Allocation Failure)
[2026-03-27T22:29:01.754+0900][9.233s][info][gc,heap     ] GC(24) PSYoungGen: 48115K(50176K)->1600K(47616K) Eden: 45971K(46080K)->0K(45568K) From: 2144K(4096K)->1600K(2048K)
[2026-03-27T22:29:01.754+0900][9.233s][info][gc,heap     ] GC(24) ParOldGen: 12217K(175104K)->12217K(175104K)
[2026-03-27T22:29:01.754+0900][9.233s][info][gc,metaspace] GC(24) Metaspace: 332K(512K)->332K(512K) NonClass: 317K(384K)->317K(384K) Class: 15K(128K)->15K(128K)
[2026-03-27T22:29:01.754+0900][9.233s][info][gc          ] GC(24) Pause Young (Allocation Failure) 58M->13M(217M) 0.712ms
[2026-03-27T22:29:01.754+0900][9.233s][info][gc,cpu      ] GC(24) User=0.00s Sys=0.00s Real=0.00s
[2026-03-27T22:29:02.023+0900][9.502s][info][gc,start    ] GC(25) Pause Young (Allocation Failure)
[2026-03-27T22:29:02.023+0900][9.503s][info][gc,heap     ] GC(25) PSYoungGen: 47049K(47616K)->3200K(49664K) Eden: 45449K(45568K)->0K(45056K) From: 1600K(2048K)->3200K(4608K)
[2026-03-27T22:29:02.023+0900][9.503s][info][gc,heap     ] GC(25) ParOldGen: 12217K(175104K)->12233K(175104K)
[2026-03-27T22:29:02.023+0900][9.503s][info][gc,metaspace] GC(25) Metaspace: 332K(512K)->332K(512K) NonClass: 317K(384K)->317K(384K) Class: 15K(128K)->15K(128K)
[2026-03-27T22:29:02.023+0900][9.503s][info][gc          ] GC(25) Pause Young (Allocation Failure) 57M->15M(219M) 0.769ms
[2026-03-27T22:29:02.023+0900][9.503s][info][gc,cpu      ] GC(25) User=0.00s Sys=0.00s Real=0.00s
[2026-03-27T22:29:02.310+0900][9.789s][info][gc,start    ] GC(26) Pause Young (Allocation Failure)
[2026-03-27T22:29:02.310+0900][9.790s][info][gc,heap     ] GC(26) PSYoungGen: 48126K(49664K)->608K(45568K) Eden: 44926K(45056K)->0K(44544K) From: 3200K(4608K)->608K(1024K)
[2026-03-27T22:29:02.310+0900][9.790s][info][gc,heap     ] GC(26) ParOldGen: 12233K(175104K)->13265K(175104K)
[2026-03-27T22:29:02.310+0900][9.790s][info][gc,metaspace] GC(26) Metaspace: 332K(512K)->332K(512K) NonClass: 317K(384K)->317K(384K) Class: 15K(128K)->15K(128K)
[2026-03-27T22:29:02.310+0900][9.790s][info][gc          ] GC(26) Pause Young (Allocation Failure) 58M->13M(215M) 1.411ms
[2026-03-27T22:29:02.310+0900][9.790s][info][gc,cpu      ] GC(26) User=0.00s Sys=0.00s Real=0.00s
[2026-03-27T22:29:02.581+0900][10.060s][info][gc,start    ] GC(27) Pause Young (Allocation Failure)
[2026-03-27T22:29:02.581+0900][10.061s][info][gc,heap     ] GC(27) PSYoungGen: 45012K(45568K)->1120K(48640K) Eden: 44404K(44544K)->0K(44032K) From: 608K(1024K)->1120K(4608K)
[2026-03-27T22:29:02.581+0900][10.061s][info][gc,heap     ] GC(27) ParOldGen: 13265K(175104K)->13265K(175104K)
[2026-03-27T22:29:02.581+0900][10.061s][info][gc,metaspace] GC(27) Metaspace: 332K(512K)->332K(512K) NonClass: 317K(384K)->317K(384K) Class: 15K(128K)->15K(128K)
[2026-03-27T22:29:02.581+0900][10.061s][info][gc          ] GC(27) Pause Young (Allocation Failure) 56M->14M(218M) 1.037ms
[2026-03-27T22:29:02.581+0900][10.061s][info][gc,cpu      ] GC(27) User=0.00s Sys=0.00s Real=0.00s
[2026-03-27T22:29:02.852+0900][10.331s][info][gc,start    ] GC(28) Pause Young (Allocation Failure)
[2026-03-27T22:29:02.852+0900][10.332s][info][gc,heap     ] GC(28) PSYoungGen: 45002K(48640K)->1120K(45056K) Eden: 43882K(44032K)->0K(43520K) From: 1120K(4608K)->1120K(1536K)
[2026-03-27T22:29:02.852+0900][10.332s][info][gc,heap     ] GC(28) ParOldGen: 13265K(175104K)->13265K(175104K)
[2026-03-27T22:29:02.852+0900][10.332s][info][gc,metaspace] GC(28) Metaspace: 332K(512K)->332K(512K) NonClass: 317K(384K)->317K(384K) Class: 15K(128K)->15K(128K)
[2026-03-27T22:29:02.852+0900][10.332s][info][gc          ] GC(28) Pause Young (Allocation Failure) 56M->14M(215M) 0.807ms
[2026-03-27T22:29:02.852+0900][10.332s][info][gc,cpu      ] GC(28) User=0.00s Sys=0.00s Real=0.00s
[2026-03-27T22:29:03.106+0900][10.585s][info][gc,start    ] GC(29) Pause Young (Allocation Failure)
[2026-03-27T22:29:03.106+0900][10.586s][info][gc,heap     ] GC(29) PSYoungGen: 44480K(45056K)->2144K(46592K) Eden: 43360K(43520K)->0K(43008K) From: 1120K(1536K)->2144K(3584K)
[2026-03-27T22:29:03.106+0900][10.586s][info][gc,heap     ] GC(29) ParOldGen: 13265K(175104K)->14297K(175104K)
[2026-03-27T22:29:03.106+0900][10.586s][info][gc,metaspace] GC(29) Metaspace: 332K(512K)->332K(512K) NonClass: 317K(384K)->317K(384K) Class: 15K(128K)->15K(128K)
[2026-03-27T22:29:03.106+0900][10.586s][info][gc          ] GC(29) Pause Young (Allocation Failure) 56M->16M(216M) 1.381ms
[2026-03-27T22:29:03.106+0900][10.587s][info][gc,cpu      ] GC(29) User=0.00s Sys=0.00s Real=0.00s
[2026-03-27T22:29:03.377+0900][10.856s][info][gc,start    ] GC(30) Pause Young (Allocation Failure)
[2026-03-27T22:29:03.377+0900][10.857s][info][gc,heap     ] GC(30) PSYoungGen: 44982K(46592K)->1120K(44032K) Eden: 42838K(43008K)->0K(42496K) From: 2144K(3584K)->1120K(1536K)
[2026-03-27T22:29:03.377+0900][10.857s][info][gc,heap     ] GC(30) ParOldGen: 14297K(175104K)->14297K(175104K)
[2026-03-27T22:29:03.377+0900][10.857s][info][gc,metaspace] GC(30) Metaspace: 332K(512K)->332K(512K) NonClass: 317K(384K)->317K(384K) Class: 15K(128K)->15K(128K)
[2026-03-27T22:29:03.377+0900][10.857s][info][gc          ] GC(30) Pause Young (Allocation Failure) 57M->15M(214M) 0.959ms
[2026-03-27T22:29:03.377+0900][10.857s][info][gc,cpu      ] GC(30) User=0.00s Sys=0.00s Real=0.00s
[2026-03-27T22:29:03.631+0900][11.110s][info][gc,start    ] GC(31) Pause Young (Allocation Failure)
[2026-03-27T22:29:03.631+0900][11.111s][info][gc,heap     ] GC(31) PSYoungGen: 43436K(44032K)->2176K(46080K) Eden: 42316K(42496K)->0K(41984K) From: 1120K(1536K)->2176K(4096K)
[2026-03-27T22:29:03.631+0900][11.111s][info][gc,heap     ] GC(31) ParOldGen: 14297K(175104K)->14297K(175104K)
[2026-03-27T22:29:03.631+0900][11.111s][info][gc,metaspace] GC(31) Metaspace: 332K(512K)->332K(512K) NonClass: 317K(384K)->317K(384K) Class: 15K(128K)->15K(128K)
[2026-03-27T22:29:03.631+0900][11.111s][info][gc          ] GC(31) Pause Young (Allocation Failure) 56M->16M(216M) 0.845ms
[2026-03-27T22:29:03.631+0900][11.111s][info][gc,cpu      ] GC(31) User=0.00s Sys=0.00s Real=0.00s
[2026-03-27T22:29:03.885+0900][11.364s][info][gc,start    ] GC(32) Pause Young (Allocation Failure)
[2026-03-27T22:29:03.885+0900][11.365s][info][gc,heap     ] GC(32) PSYoungGen: 43970K(46080K)->1664K(43520K) Eden: 41794K(41984K)->0K(41472K) From: 2176K(4096K)->1664K(2048K)
[2026-03-27T22:29:03.885+0900][11.365s][info][gc,heap     ] GC(32) ParOldGen: 14297K(175104K)->15329K(175104K)
[2026-03-27T22:29:03.885+0900][11.365s][info][gc,metaspace] GC(32) Metaspace: 332K(512K)->332K(512K) NonClass: 317K(384K)->317K(384K) Class: 15K(128K)->15K(128K)
[2026-03-27T22:29:03.885+0900][11.365s][info][gc          ] GC(32) Pause Young (Allocation Failure) 56M->16M(213M) 0.995ms
[2026-03-27T22:29:03.885+0900][11.365s][info][gc,cpu      ] GC(32) User=0.00s Sys=0.00s Real=0.00s
[2026-03-27T22:29:04.139+0900][11.618s][info][gc,start    ] GC(33) Pause Young (Allocation Failure)
[2026-03-27T22:29:04.139+0900][11.619s][info][gc,heap     ] GC(33) PSYoungGen: 42936K(43520K)->1664K(44544K) Eden: 41272K(41472K)->0K(40960K) From: 1664K(2048K)->1664K(3584K)
[2026-03-27T22:29:04.139+0900][11.619s][info][gc,heap     ] GC(33) ParOldGen: 15329K(175104K)->15329K(175104K)
[2026-03-27T22:29:04.139+0900][11.619s][info][gc,metaspace] GC(33) Metaspace: 332K(512K)->332K(512K) NonClass: 317K(384K)->317K(384K) Class: 15K(128K)->15K(128K)
[2026-03-27T22:29:04.139+0900][11.619s][info][gc          ] GC(33) Pause Young (Allocation Failure) 56M->16M(214M) 0.788ms
[2026-03-27T22:29:04.139+0900][11.619s][info][gc,cpu      ] GC(33) User=0.00s Sys=0.00s Real=0.00s
[2026-03-27T22:29:04.396+0900][11.874s][info][gc,start    ] GC(34) Pause Young (Allocation Failure)
[2026-03-27T22:29:04.396+0900][11.875s][info][gc,heap     ] GC(34) PSYoungGen: 42414K(44544K)->1120K(41984K) Eden: 40750K(40960K)->0K(40448K) From: 1664K(3584K)->1120K(1536K)
[2026-03-27T22:29:04.396+0900][11.875s][info][gc,heap     ] GC(34) ParOldGen: 15329K(175104K)->15329K(175104K)
[2026-03-27T22:29:04.396+0900][11.875s][info][gc,metaspace] GC(34) Metaspace: 332K(512K)->332K(512K) NonClass: 317K(384K)->317K(384K) Class: 15K(128K)->15K(128K)
[2026-03-27T22:29:04.396+0900][11.875s][info][gc          ] GC(34) Pause Young (Allocation Failure) 56M->16M(212M) 0.510ms
[2026-03-27T22:29:04.396+0900][11.875s][info][gc,cpu      ] GC(34) User=0.00s Sys=0.00s Real=0.00s
[2026-03-27T22:29:04.634+0900][12.112s][info][gc,start    ] GC(35) Pause Young (Allocation Failure)
[2026-03-27T22:29:04.634+0900][12.113s][info][gc,heap     ] GC(35) PSYoungGen: 41348K(41984K)->1600K(42496K) Eden: 40228K(40448K)->0K(39936K) From: 1120K(1536K)->1600K(2560K)
[2026-03-27T22:29:04.634+0900][12.113s][info][gc,heap     ] GC(35) ParOldGen: 15329K(175104K)->16361K(175104K)
[2026-03-27T22:29:04.634+0900][12.113s][info][gc,metaspace] GC(35) Metaspace: 332K(512K)->332K(512K) NonClass: 317K(384K)->317K(384K) Class: 15K(128K)->15K(128K)
[2026-03-27T22:29:04.634+0900][12.113s][info][gc          ] GC(35) Pause Young (Allocation Failure) 55M->17M(212M) 0.811ms
[2026-03-27T22:29:04.634+0900][12.113s][info][gc,cpu      ] GC(35) User=0.00s Sys=0.00s Real=0.00s
[2026-03-27T22:29:04.887+0900][12.366s][info][gc,start    ] GC(36) Pause Young (Allocation Failure)
[2026-03-27T22:29:04.887+0900][12.367s][info][gc,heap     ] GC(36) PSYoungGen: 41306K(42496K)->32K(43008K) Eden: 39706K(39936K)->0K(39424K) From: 1600K(2560K)->32K(3584K)
[2026-03-27T22:29:04.887+0900][12.367s][info][gc,heap     ] GC(36) ParOldGen: 16361K(175104K)->16361K(175104K)
[2026-03-27T22:29:04.887+0900][12.367s][info][gc,metaspace] GC(36) Metaspace: 332K(512K)->332K(512K) NonClass: 317K(384K)->317K(384K) Class: 15K(128K)->15K(128K)
[2026-03-27T22:29:04.887+0900][12.367s][info][gc          ] GC(36) Pause Young (Allocation Failure) 56M->16M(213M) 0.387ms
[2026-03-27T22:29:04.887+0900][12.367s][info][gc,cpu      ] GC(36) User=0.00s Sys=0.00s Real=0.00s
[2026-03-27T22:29:05.126+0900][12.604s][info][gc,start    ] GC(37) Pause Young (Allocation Failure)
[2026-03-27T22:29:05.126+0900][12.605s][info][gc,heap     ] GC(37) PSYoungGen: 39216K(43008K)->576K(41472K) Eden: 39184K(39424K)->0K(38912K) From: 32K(3584K)->576K(2560K)
[2026-03-27T22:29:05.126+0900][12.605s][info][gc,heap     ] GC(37) ParOldGen: 16361K(175104K)->16361K(175104K)
[2026-03-27T22:29:05.126+0900][12.605s][info][gc,metaspace] GC(37) Metaspace: 332K(512K)->332K(512K) NonClass: 317K(384K)->317K(384K) Class: 15K(128K)->15K(128K)
[2026-03-27T22:29:05.126+0900][12.605s][info][gc          ] GC(37) Pause Young (Allocation Failure) 54M->16M(211M) 0.761ms
[2026-03-27T22:29:05.126+0900][12.605s][info][gc,cpu      ] GC(37) User=0.00s Sys=0.00s Real=0.00s
[2026-03-27T22:29:05.443+0900][12.923s][info][gc,start    ] GC(38) Pause Young (Allocation Failure)
[2026-03-27T22:29:05.445+0900][12.924s][info][gc,heap     ] GC(38) PSYoungGen: 39237K(41472K)->3200K(41984K) Eden: 38661K(38912K)->0K(38400K) From: 576K(2560K)->3200K(3584K)
[2026-03-27T22:29:05.445+0900][12.924s][info][gc,heap     ] GC(38) ParOldGen: 16361K(175104K)->16361K(175104K)
[2026-03-27T22:29:05.445+0900][12.924s][info][gc,metaspace] GC(38) Metaspace: 332K(512K)->332K(512K) NonClass: 317K(384K)->317K(384K) Class: 15K(128K)->15K(128K)
[2026-03-27T22:29:05.445+0900][12.924s][info][gc          ] GC(38) Pause Young (Allocation Failure) 54M->19M(212M) 0.735ms
[2026-03-27T22:29:05.445+0900][12.924s][info][gc,cpu      ] GC(38) User=0.00s Sys=0.00s Real=0.00s
[2026-03-27T22:29:05.683+0900][13.162s][info][gc,start    ] GC(39) Pause Young (Allocation Failure)
[2026-03-27T22:29:05.683+0900][13.162s][info][gc,heap     ] GC(39) PSYoungGen: 41339K(41984K)->1632K(41472K) Eden: 38139K(38400K)->0K(37888K) From: 3200K(3584K)->1632K(3584K)
[2026-03-27T22:29:05.683+0900][13.163s][info][gc,heap     ] GC(39) ParOldGen: 16361K(175104K)->17393K(175104K)
[2026-03-27T22:29:05.683+0900][13.163s][info][gc,metaspace] GC(39) Metaspace: 332K(512K)->332K(512K) NonClass: 317K(384K)->317K(384K) Class: 15K(128K)->15K(128K)
[2026-03-27T22:29:05.683+0900][13.163s][info][gc          ] GC(39) Pause Young (Allocation Failure) 56M->18M(211M) 0.859ms
[2026-03-27T22:29:05.683+0900][13.163s][info][gc,cpu      ] GC(39) User=0.02s Sys=0.00s Real=0.00s
[2026-03-27T22:29:05.922+0900][13.400s][info][gc,start    ] GC(40) Pause Young (Allocation Failure)
[2026-03-27T22:29:05.922+0900][13.401s][info][gc,heap     ] GC(40) PSYoungGen: 39249K(41472K)->608K(38400K) Eden: 37617K(37888K)->0K(37376K) From: 1632K(3584K)->608K(1024K)
[2026-03-27T22:29:05.922+0900][13.401s][info][gc,heap     ] GC(40) ParOldGen: 17393K(175104K)->17393K(175104K)
[2026-03-27T22:29:05.922+0900][13.401s][info][gc,metaspace] GC(40) Metaspace: 332K(512K)->332K(512K) NonClass: 317K(384K)->317K(384K) Class: 15K(128K)->15K(128K)
[2026-03-27T22:29:05.922+0900][13.401s][info][gc          ] GC(40) Pause Young (Allocation Failure) 55M->17M(208M) 0.715ms
[2026-03-27T22:29:05.922+0900][13.401s][info][gc,cpu      ] GC(40) User=0.00s Sys=0.00s Real=0.00s
[2026-03-27T22:29:06.145+0900][13.623s][info][gc,start    ] GC(41) Pause Young (Allocation Failure)
[2026-03-27T22:29:06.145+0900][13.624s][info][gc,heap     ] GC(41) PSYoungGen: 37703K(38400K)->1632K(39424K) Eden: 37095K(37376K)->0K(36864K) From: 608K(1024K)->1632K(2560K)
[2026-03-27T22:29:06.145+0900][13.624s][info][gc,heap     ] GC(41) ParOldGen: 17393K(175104K)->17393K(175104K)
[2026-03-27T22:29:06.145+0900][13.624s][info][gc,metaspace] GC(41) Metaspace: 332K(512K)->332K(512K) NonClass: 317K(384K)->317K(384K) Class: 15K(128K)->15K(128K)
[2026-03-27T22:29:06.145+0900][13.624s][info][gc          ] GC(41) Pause Young (Allocation Failure) 53M->18M(209M) 0.805ms
[2026-03-27T22:29:06.145+0900][13.624s][info][gc,cpu      ] GC(41) User=0.00s Sys=0.00s Real=0.00s
[2026-03-27T22:29:06.372+0900][13.851s][info][gc,start    ] GC(42) Pause Young (Allocation Failure)
[2026-03-27T22:29:06.372+0900][13.852s][info][gc,heap     ] GC(42) PSYoungGen: 38205K(39424K)->1088K(37888K) Eden: 36573K(36864K)->0K(36352K) From: 1632K(2560K)->1088K(1536K)
[2026-03-27T22:29:06.372+0900][13.852s][info][gc,heap     ] GC(42) ParOldGen: 17393K(175104K)->18425K(175104K)
[2026-03-27T22:29:06.372+0900][13.852s][info][gc,metaspace] GC(42) Metaspace: 332K(512K)->332K(512K) NonClass: 317K(384K)->317K(384K) Class: 15K(128K)->15K(128K)
[2026-03-27T22:29:06.372+0900][13.852s][info][gc          ] GC(42) Pause Young (Allocation Failure) 54M->19M(208M) 0.923ms
[2026-03-27T22:29:06.372+0900][13.852s][info][gc,cpu      ] GC(42) User=0.00s Sys=0.00s Real=0.00s
[2026-03-27T22:29:06.594+0900][14.073s][info][gc,start    ] GC(43) Pause Young (Allocation Failure)
[2026-03-27T22:29:06.594+0900][14.074s][info][gc,heap     ] GC(43) PSYoungGen: 37139K(37888K)->1088K(38912K) Eden: 36051K(36352K)->0K(35840K) From: 1088K(1536K)->1088K(3072K)
[2026-03-27T22:29:06.594+0900][14.074s][info][gc,heap     ] GC(43) ParOldGen: 18425K(175104K)->18425K(175104K)
[2026-03-27T22:29:06.594+0900][14.074s][info][gc,metaspace] GC(43) Metaspace: 332K(512K)->332K(512K) NonClass: 317K(384K)->317K(384K) Class: 15K(128K)->15K(128K)
[2026-03-27T22:29:06.594+0900][14.074s][info][gc          ] GC(43) Pause Young (Allocation Failure) 54M->19M(209M) 0.465ms
[2026-03-27T22:29:06.594+0900][14.074s][info][gc,cpu      ] GC(43) User=0.00s Sys=0.00s Real=0.00s
[2026-03-27T22:29:06.816+0900][14.295s][info][gc,start    ] GC(44) Pause Young (Allocation Failure)
[2026-03-27T22:29:06.816+0900][14.295s][info][gc,heap     ] GC(44) PSYoungGen: 36617K(38912K)->576K(36352K) Eden: 35529K(35840K)->0K(35328K) From: 1088K(3072K)->576K(1024K)
[2026-03-27T22:29:06.816+0900][14.295s][info][gc,heap     ] GC(44) ParOldGen: 18425K(175104K)->18425K(175104K)
[2026-03-27T22:29:06.816+0900][14.295s][info][gc,metaspace] GC(44) Metaspace: 332K(512K)->332K(512K) NonClass: 317K(384K)->317K(384K) Class: 15K(128K)->15K(128K)
[2026-03-27T22:29:06.816+0900][14.295s][info][gc          ] GC(44) Pause Young (Allocation Failure) 53M->18M(206M) 0.392ms
[2026-03-27T22:29:06.816+0900][14.295s][info][gc,cpu      ] GC(44) User=0.00s Sys=0.00s Real=0.00s
[2026-03-27T22:29:07.036+0900][14.515s][info][gc,start    ] GC(45) Pause Young (Allocation Failure)
[2026-03-27T22:29:07.036+0900][14.515s][info][gc,heap     ] GC(45) PSYoungGen: 35583K(36352K)->2144K(37888K) Eden: 35007K(35328K)->0K(34816K) From: 576K(1024K)->2144K(3072K)
[2026-03-27T22:29:07.036+0900][14.515s][info][gc,heap     ] GC(45) ParOldGen: 18425K(175104K)->18425K(175104K)
[2026-03-27T22:29:07.036+0900][14.515s][info][gc,metaspace] GC(45) Metaspace: 332K(512K)->332K(512K) NonClass: 317K(384K)->317K(384K) Class: 15K(128K)->15K(128K)
[2026-03-27T22:29:07.036+0900][14.515s][info][gc          ] GC(45) Pause Young (Allocation Failure) 52M->20M(208M) 0.538ms
[2026-03-27T22:29:07.036+0900][14.515s][info][gc,cpu      ] GC(45) User=0.00s Sys=0.00s Real=0.00s
[2026-03-27T22:29:07.267+0900][14.746s][info][gc,start    ] GC(46) Pause Young (Allocation Failure)
[2026-03-27T22:29:07.268+0900][14.747s][info][gc,heap     ] GC(46) PSYoungGen: 36629K(37888K)->2176K(36864K) Eden: 34485K(34816K)->0K(34304K) From: 2144K(3072K)->2176K(2560K)
[2026-03-27T22:29:07.268+0900][14.747s][info][gc,heap     ] GC(46) ParOldGen: 18425K(175104K)->19457K(175104K)
[2026-03-27T22:29:07.268+0900][14.747s][info][gc,metaspace] GC(46) Metaspace: 332K(512K)->332K(512K) NonClass: 317K(384K)->317K(384K) Class: 15K(128K)->15K(128K)
[2026-03-27T22:29:07.268+0900][14.747s][info][gc          ] GC(46) Pause Young (Allocation Failure) 53M->21M(207M) 0.910ms
[2026-03-27T22:29:07.268+0900][14.747s][info][gc,cpu      ] GC(46) User=0.00s Sys=0.00s Real=0.00s
[2026-03-27T22:29:07.489+0900][14.968s][info][gc,start    ] GC(47) Pause Young (Allocation Failure)
[2026-03-27T22:29:07.489+0900][14.969s][info][gc,heap     ] GC(47) PSYoungGen: 36139K(36864K)->32K(36864K) Eden: 33963K(34304K)->0K(33792K) From: 2176K(2560K)->32K(3072K)
[2026-03-27T22:29:07.489+0900][14.969s][info][gc,heap     ] GC(47) ParOldGen: 19457K(175104K)->19457K(175104K)
[2026-03-27T22:29:07.489+0900][14.969s][info][gc,metaspace] GC(47) Metaspace: 332K(512K)->332K(512K) NonClass: 317K(384K)->317K(384K) Class: 15K(128K)->15K(128K)
[2026-03-27T22:29:07.489+0900][14.969s][info][gc          ] GC(47) Pause Young (Allocation Failure) 54M->19M(207M) 0.745ms
[2026-03-27T22:29:07.489+0900][14.969s][info][gc,cpu      ] GC(47) User=0.00s Sys=0.00s Real=0.00s
[2026-03-27T22:29:07.679+0900][15.158s][info][gc,start    ] GC(48) Pause Young (Allocation Failure)
[2026-03-27T22:29:07.679+0900][15.158s][info][gc,heap     ] GC(48) PSYoungGen: 33473K(36864K)->2688K(36864K) Eden: 33441K(33792K)->0K(33280K) From: 32K(3072K)->2688K(3584K)
[2026-03-27T22:29:07.679+0900][15.159s][info][gc,heap     ] GC(48) ParOldGen: 19457K(175104K)->19457K(175104K)
[2026-03-27T22:29:07.679+0900][15.159s][info][gc,metaspace] GC(48) Metaspace: 332K(512K)->332K(512K) NonClass: 317K(384K)->317K(384K) Class: 15K(128K)->15K(128K)
[2026-03-27T22:29:07.679+0900][15.159s][info][gc          ] GC(48) Pause Young (Allocation Failure) 51M->21M(207M) 0.492ms
[2026-03-27T22:29:07.679+0900][15.159s][info][gc,cpu      ] GC(48) User=0.00s Sys=0.00s Real=0.00s
[2026-03-27T22:29:07.886+0900][15.365s][info][gc,start    ] GC(49) Pause Young (Allocation Failure)
[2026-03-27T22:29:07.886+0900][15.365s][info][gc,heap     ] GC(49) PSYoungGen: 35607K(36864K)->1120K(36352K) Eden: 32919K(33280K)->0K(32768K) From: 2688K(3584K)->1120K(3584K)
[2026-03-27T22:29:07.886+0900][15.365s][info][gc,heap     ] GC(49) ParOldGen: 19457K(175104K)->20489K(175104K)
[2026-03-27T22:29:07.886+0900][15.365s][info][gc,metaspace] GC(49) Metaspace: 332K(512K)->332K(512K) NonClass: 317K(384K)->317K(384K) Class: 15K(128K)->15K(128K)
[2026-03-27T22:29:07.886+0900][15.365s][info][gc          ] GC(49) Pause Young (Allocation Failure) 53M->21M(206M) 0.652ms
[2026-03-27T22:29:07.886+0900][15.365s][info][gc,cpu      ] GC(49) User=0.00s Sys=0.00s Real=0.00s
[2026-03-27T22:29:08.092+0900][15.570s][info][gc,start    ] GC(50) Pause Young (Allocation Failure)
[2026-03-27T22:29:08.092+0900][15.570s][info][gc,heap     ] GC(50) PSYoungGen: 33517K(36352K)->64K(32768K) Eden: 32397K(32768K)->0K(32256K) From: 1120K(3584K)->64K(512K)
[2026-03-27T22:29:08.092+0900][15.570s][info][gc,heap     ] GC(50) ParOldGen: 20489K(175104K)->20489K(175104K)
[2026-03-27T22:29:08.092+0900][15.571s][info][gc,metaspace] GC(50) Metaspace: 332K(512K)->332K(512K) NonClass: 317K(384K)->317K(384K) Class: 15K(128K)->15K(128K)
[2026-03-27T22:29:08.092+0900][15.571s][info][gc          ] GC(50) Pause Young (Allocation Failure) 52M->20M(203M) 0.338ms
[2026-03-27T22:29:08.092+0900][15.571s][info][gc,cpu      ] GC(50) User=0.00s Sys=0.00s Real=0.00s
[2026-03-27T22:29:08.282+0900][15.761s][info][gc,start    ] GC(51) Pause Young (Allocation Failure)
[2026-03-27T22:29:08.282+0900][15.762s][info][gc,heap     ] GC(51) PSYoungGen: 31939K(32768K)->1088K(34304K) Eden: 31875K(32256K)->0K(31744K) From: 64K(512K)->1088K(2560K)
[2026-03-27T22:29:08.282+0900][15.762s][info][gc,heap     ] GC(51) ParOldGen: 20489K(175104K)->20489K(175104K)
[2026-03-27T22:29:08.282+0900][15.762s][info][gc,metaspace] GC(51) Metaspace: 332K(512K)->332K(512K) NonClass: 317K(384K)->317K(384K) Class: 15K(128K)->15K(128K)
[2026-03-27T22:29:08.282+0900][15.762s][info][gc          ] GC(51) Pause Young (Allocation Failure) 51M->21M(204M) 0.766ms
[2026-03-27T22:29:08.282+0900][15.762s][info][gc,cpu      ] GC(51) User=0.00s Sys=0.00s Real=0.00s
[2026-03-27T22:29:08.473+0900][15.952s][info][gc,start    ] GC(52) Pause Young (Allocation Failure)
[2026-03-27T22:29:08.473+0900][15.952s][info][gc,heap     ] GC(52) PSYoungGen: 32441K(34304K)->1600K(33280K) Eden: 31353K(31744K)->0K(31232K) From: 1088K(2560K)->1600K(2048K)
[2026-03-27T22:29:08.473+0900][15.952s][info][gc,heap     ] GC(52) ParOldGen: 20489K(175104K)->20489K(175104K)
[2026-03-27T22:29:08.473+0900][15.952s][info][gc,metaspace] GC(52) Metaspace: 332K(512K)->332K(512K) NonClass: 317K(384K)->317K(384K) Class: 15K(128K)->15K(128K)
[2026-03-27T22:29:08.473+0900][15.952s][info][gc          ] GC(52) Pause Young (Allocation Failure) 51M->21M(203M) 0.659ms
[2026-03-27T22:29:08.473+0900][15.952s][info][gc,cpu      ] GC(52) User=0.00s Sys=0.00s Real=0.00s
[2026-03-27T22:29:08.664+0900][16.142s][info][gc,start    ] GC(53) Pause Young (Allocation Failure)
[2026-03-27T22:29:08.664+0900][16.143s][info][gc,heap     ] GC(53) PSYoungGen: 32431K(33280K)->608K(34816K) Eden: 30831K(31232K)->0K(31232K) From: 1600K(2048K)->608K(3584K)
[2026-03-27T22:29:08.664+0900][16.143s][info][gc,heap     ] GC(53) ParOldGen: 20489K(175104K)->21521K(175104K)
[2026-03-27T22:29:08.664+0900][16.144s][info][gc,metaspace] GC(53) Metaspace: 332K(512K)->332K(512K) NonClass: 317K(384K)->317K(384K) Class: 15K(128K)->15K(128K)
[2026-03-27T22:29:08.664+0900][16.144s][info][gc          ] GC(53) Pause Young (Allocation Failure) 51M->21M(205M) 1.149ms
[2026-03-27T22:29:08.664+0900][16.144s][info][gc,cpu      ] GC(53) User=0.00s Sys=0.00s Real=0.00s
[2026-03-27T22:29:08.868+0900][16.347s][info][gc,start    ] GC(54) Pause Young (Allocation Failure)
[2026-03-27T22:29:08.868+0900][16.347s][info][gc,heap     ] GC(54) PSYoungGen: 31439K(34816K)->576K(34816K) Eden: 30831K(31232K)->0K(31232K) From: 608K(3584K)->576K(3584K)
[2026-03-27T22:29:08.868+0900][16.347s][info][gc,heap     ] GC(54) ParOldGen: 21521K(175104K)->21521K(175104K)
[2026-03-27T22:29:08.868+0900][16.347s][info][gc,metaspace] GC(54) Metaspace: 332K(512K)->332K(512K) NonClass: 317K(384K)->317K(384K) Class: 15K(128K)->15K(128K)
[2026-03-27T22:29:08.868+0900][16.347s][info][gc          ] GC(54) Pause Young (Allocation Failure) 51M->21M(205M) 0.465ms
[2026-03-27T22:29:08.868+0900][16.347s][info][gc,cpu      ] GC(54) User=0.00s Sys=0.00s Real=0.00s
[2026-03-27T22:29:09.084+0900][16.563s][info][gc,start    ] GC(55) Pause Young (Allocation Failure)
[2026-03-27T22:29:09.084+0900][16.563s][info][gc,heap     ] GC(55) PSYoungGen: 31407K(34816K)->576K(34816K) Eden: 30831K(31232K)->0K(31232K) From: 576K(3584K)->576K(3584K)
[2026-03-27T22:29:09.084+0900][16.563s][info][gc,heap     ] GC(55) ParOldGen: 21521K(175104K)->21521K(175104K)
[2026-03-27T22:29:09.084+0900][16.563s][info][gc,metaspace] GC(55) Metaspace: 332K(512K)->332K(512K) NonClass: 317K(384K)->317K(384K) Class: 15K(128K)->15K(128K)
[2026-03-27T22:29:09.084+0900][16.563s][info][gc          ] GC(55) Pause Young (Allocation Failure) 51M->21M(205M) 0.543ms
[2026-03-27T22:29:09.084+0900][16.563s][info][gc,cpu      ] GC(55) User=0.00s Sys=0.00s Real=0.00s
[2026-03-27T22:29:09.275+0900][16.754s][info][gc,start    ] GC(56) Pause Young (Allocation Failure)
[2026-03-27T22:29:09.275+0900][16.754s][info][gc,heap     ] GC(56) PSYoungGen: 31407K(34816K)->608K(32256K) Eden: 30831K(31232K)->0K(31232K) From: 576K(3584K)->608K(1024K)
[2026-03-27T22:29:09.275+0900][16.754s][info][gc,heap     ] GC(56) ParOldGen: 21521K(175104K)->21521K(175104K)
[2026-03-27T22:29:09.275+0900][16.754s][info][gc,metaspace] GC(56) Metaspace: 332K(512K)->332K(512K) NonClass: 317K(384K)->317K(384K) Class: 15K(128K)->15K(128K)
[2026-03-27T22:29:09.275+0900][16.755s][info][gc          ] GC(56) Pause Young (Allocation Failure) 51M->21M(202M) 0.800ms
[2026-03-27T22:29:09.275+0900][16.755s][info][gc,cpu      ] GC(56) User=0.00s Sys=0.00s Real=0.00s
[2026-03-27T22:29:09.461+0900][16.942s][info][gc,start    ] GC(57) Pause Young (Allocation Failure)
[2026-03-27T22:29:09.461+0900][16.942s][info][gc,heap     ] GC(57) PSYoungGen: 31439K(32256K)->2656K(33792K) Eden: 30831K(31232K)->0K(30720K) From: 608K(1024K)->2656K(3072K)
[2026-03-27T22:29:09.461+0900][16.942s][info][gc,heap     ] GC(57) ParOldGen: 21521K(175104K)->22033K(175104K)
[2026-03-27T22:29:09.461+0900][16.942s][info][gc,metaspace] GC(57) Metaspace: 332K(512K)->332K(512K) NonClass: 317K(384K)->317K(384K) Class: 15K(128K)->15K(128K)
[2026-03-27T22:29:09.461+0900][16.942s][info][gc          ] GC(57) Pause Young (Allocation Failure) 51M->24M(204M) 0.719ms
[2026-03-27T22:29:09.461+0900][16.942s][info][gc,cpu      ] GC(57) User=0.00s Sys=0.00s Real=0.00s
[2026-03-27T22:29:09.672+0900][17.151s][info][gc,start    ] GC(58) Pause Young (Allocation Failure)
[2026-03-27T22:29:09.672+0900][17.151s][info][gc,heap     ] GC(58) PSYoungGen: 32965K(33792K)->1632K(34304K) Eden: 30309K(30720K)->0K(30720K) From: 2656K(3072K)->1632K(3584K)
[2026-03-27T22:29:09.672+0900][17.151s][info][gc,heap     ] GC(58) ParOldGen: 22033K(175104K)->23065K(175104K)
[2026-03-27T22:29:09.672+0900][17.151s][info][gc,metaspace] GC(58) Metaspace: 332K(512K)->332K(512K) NonClass: 317K(384K)->317K(384K) Class: 15K(128K)->15K(128K)
[2026-03-27T22:29:09.672+0900][17.151s][info][gc          ] GC(58) Pause Young (Allocation Failure) 53M->24M(204M) 0.666ms
[2026-03-27T22:29:09.672+0900][17.151s][info][gc,cpu      ] GC(58) User=0.00s Sys=0.00s Real=0.00s
[2026-03-27T22:29:09.872+0900][17.351s][info][gc,start    ] GC(59) Pause Young (Allocation Failure)
[2026-03-27T22:29:09.872+0900][17.352s][info][gc,heap     ] GC(59) PSYoungGen: 31941K(34304K)->1088K(34304K) Eden: 30309K(30720K)->0K(30720K) From: 1632K(3584K)->1088K(3584K)
[2026-03-27T22:29:09.872+0900][17.352s][info][gc,heap     ] GC(59) ParOldGen: 23065K(175104K)->23065K(175104K)
[2026-03-27T22:29:09.872+0900][17.352s][info][gc,metaspace] GC(59) Metaspace: 332K(512K)->332K(512K) NonClass: 317K(384K)->317K(384K) Class: 15K(128K)->15K(128K)
[2026-03-27T22:29:09.872+0900][17.352s][info][gc          ] GC(59) Pause Young (Allocation Failure) 53M->23M(204M) 0.461ms
[2026-03-27T22:29:09.872+0900][17.352s][info][gc,cpu      ] GC(59) User=0.00s Sys=0.00s Real=0.00s
[2026-03-27T22:29:10.090+0900][17.569s][info][gc,start    ] GC(60) Pause Young (Allocation Failure)
[2026-03-27T22:29:10.090+0900][17.569s][info][gc,heap     ] GC(60) PSYoungGen: 31397K(34304K)->576K(31744K) Eden: 30309K(30720K)->0K(30720K) From: 1088K(3584K)->576K(1024K)
[2026-03-27T22:29:10.090+0900][17.569s][info][gc,heap     ] GC(60) ParOldGen: 23065K(175104K)->23065K(175104K)
[2026-03-27T22:29:10.090+0900][17.569s][info][gc,metaspace] GC(60) Metaspace: 332K(512K)->332K(512K) NonClass: 317K(384K)->317K(384K) Class: 15K(128K)->15K(128K)
[2026-03-27T22:29:10.090+0900][17.569s][info][gc          ] GC(60) Pause Young (Allocation Failure) 53M->23M(202M) 0.569ms
[2026-03-27T22:29:10.090+0900][17.569s][info][gc,cpu      ] GC(60) User=0.00s Sys=0.02s Real=0.00s
[2026-03-27T22:29:10.265+0900][17.743s][info][gc,start    ] GC(61) Pause Young (Allocation Failure)
[2026-03-27T22:29:10.265+0900][17.744s][info][gc,heap     ] GC(61) PSYoungGen: 30885K(31744K)->2656K(33280K) Eden: 30309K(30720K)->0K(30208K) From: 576K(1024K)->2656K(3072K)
[2026-03-27T22:29:10.265+0900][17.744s][info][gc,heap     ] GC(61) ParOldGen: 23065K(175104K)->23065K(175104K)
[2026-03-27T22:29:10.265+0900][17.744s][info][gc,metaspace] GC(61) Metaspace: 332K(512K)->332K(512K) NonClass: 317K(384K)->317K(384K) Class: 15K(128K)->15K(128K)
[2026-03-27T22:29:10.265+0900][17.744s][info][gc          ] GC(61) Pause Young (Allocation Failure) 52M->25M(203M) 0.771ms
[2026-03-27T22:29:10.265+0900][17.744s][info][gc,cpu      ] GC(61) User=0.00s Sys=0.00s Real=0.00s
[2026-03-27T22:29:10.455+0900][17.934s][info][gc,start    ] GC(62) Pause Young (Allocation Failure)
[2026-03-27T22:29:10.455+0900][17.935s][info][gc,heap     ] GC(62) PSYoungGen: 32443K(33280K)->544K(33792K) Eden: 29787K(30208K)->0K(30208K) From: 2656K(3072K)->544K(3584K)
[2026-03-27T22:29:10.455+0900][17.935s][info][gc,heap     ] GC(62) ParOldGen: 23065K(175104K)->24113K(175104K)
[2026-03-27T22:29:10.455+0900][17.935s][info][gc,metaspace] GC(62) Metaspace: 332K(512K)->332K(512K) NonClass: 317K(384K)->317K(384K) Class: 15K(128K)->15K(128K)
[2026-03-27T22:29:10.455+0900][17.935s][info][gc          ] GC(62) Pause Young (Allocation Failure) 54M->24M(204M) 0.847ms
[2026-03-27T22:29:10.455+0900][17.935s][info][gc,cpu      ] GC(62) User=0.00s Sys=0.00s Real=0.00s
[2026-03-27T22:29:10.630+0900][18.108s][info][gc,start    ] GC(63) Pause Young (Allocation Failure)
[2026-03-27T22:29:10.630+0900][18.109s][info][gc,heap     ] GC(63) PSYoungGen: 30331K(33792K)->2144K(33792K) Eden: 29787K(30208K)->0K(30208K) From: 544K(3584K)->2144K(3584K)
[2026-03-27T22:29:10.630+0900][18.109s][info][gc,heap     ] GC(63) ParOldGen: 24113K(175104K)->24113K(175104K)
[2026-03-27T22:29:10.630+0900][18.109s][info][gc,metaspace] GC(63) Metaspace: 332K(512K)->332K(512K) NonClass: 317K(384K)->317K(384K) Class: 15K(128K)->15K(128K)
[2026-03-27T22:29:10.630+0900][18.109s][info][gc          ] GC(63) Pause Young (Allocation Failure) 53M->25M(204M) 0.598ms
[2026-03-27T22:29:10.630+0900][18.109s][info][gc,cpu      ] GC(63) User=0.00s Sys=0.00s Real=0.00s
[2026-03-27T22:29:10.821+0900][18.300s][info][gc,start    ] GC(64) Pause Young (Allocation Failure)
[2026-03-27T22:29:10.821+0900][18.300s][info][gc,heap     ] GC(64) PSYoungGen: 31931K(33792K)->1088K(33792K) Eden: 29787K(30208K)->0K(30208K) From: 2144K(3584K)->1088K(3584K)
[2026-03-27T22:29:10.821+0900][18.300s][info][gc,heap     ] GC(64) ParOldGen: 24113K(175104K)->24113K(175104K)
[2026-03-27T22:29:10.821+0900][18.300s][info][gc,metaspace] GC(64) Metaspace: 332K(512K)->332K(512K) NonClass: 317K(384K)->317K(384K) Class: 15K(128K)->15K(128K)
[2026-03-27T22:29:10.821+0900][18.300s][info][gc          ] GC(64) Pause Young (Allocation Failure) 54M->24M(204M) 0.571ms
[2026-03-27T22:29:10.821+0900][18.300s][info][gc,cpu      ] GC(64) User=0.00s Sys=0.00s Real=0.00s
[2026-03-27T22:29:10.995+0900][18.474s][info][gc,start    ] GC(65) Pause Young (Allocation Failure)
[2026-03-27T22:29:10.995+0900][18.475s][info][gc,heap     ] GC(65) PSYoungGen: 30875K(33792K)->2656K(33280K) Eden: 29787K(30208K)->0K(29696K) From: 1088K(3584K)->2656K(3584K)
[2026-03-27T22:29:10.995+0900][18.475s][info][gc,heap     ] GC(65) ParOldGen: 24113K(175104K)->24113K(175104K)
[2026-03-27T22:29:10.995+0900][18.475s][info][gc,metaspace] GC(65) Metaspace: 332K(512K)->332K(512K) NonClass: 317K(384K)->317K(384K) Class: 15K(128K)->15K(128K)
[2026-03-27T22:29:10.995+0900][18.475s][info][gc          ] GC(65) Pause Young (Allocation Failure) 53M->26M(203M) 0.868ms
[2026-03-27T22:29:10.995+0900][18.475s][info][gc,cpu      ] GC(65) User=0.00s Sys=0.00s Real=0.00s
[2026-03-27T22:29:11.186+0900][18.665s][info][gc,start    ] GC(66) Pause Young (Allocation Failure)
[2026-03-27T22:29:11.186+0900][18.666s][info][gc,heap     ] GC(66) PSYoungGen: 31921K(33280K)->32K(33792K) Eden: 29265K(29696K)->0K(29696K) From: 2656K(3584K)->32K(4096K)
[2026-03-27T22:29:11.186+0900][18.666s][info][gc,heap     ] GC(66) ParOldGen: 24113K(175104K)->25145K(175104K)
[2026-03-27T22:29:11.186+0900][18.666s][info][gc,metaspace] GC(66) Metaspace: 332K(512K)->332K(512K) NonClass: 317K(384K)->317K(384K) Class: 15K(128K)->15K(128K)
[2026-03-27T22:29:11.186+0900][18.666s][info][gc          ] GC(66) Pause Young (Allocation Failure) 54M->24M(204M) 1.044ms
[2026-03-27T22:29:11.186+0900][18.666s][info][gc,cpu      ] GC(66) User=0.00s Sys=0.00s Real=0.00s
[2026-03-27T22:29:11.361+0900][18.840s][info][gc,start    ] GC(67) Pause Young (Allocation Failure)
[2026-03-27T22:29:11.361+0900][18.841s][info][gc,heap     ] GC(67) PSYoungGen: 29297K(33792K)->1088K(32768K) Eden: 29265K(29696K)->0K(29696K) From: 32K(4096K)->1088K(3072K)
[2026-03-27T22:29:11.361+0900][18.841s][info][gc,heap     ] GC(67) ParOldGen: 25145K(175104K)->25145K(175104K)
[2026-03-27T22:29:11.361+0900][18.841s][info][gc,metaspace] GC(67) Metaspace: 332K(512K)->332K(512K) NonClass: 317K(384K)->317K(384K) Class: 15K(128K)->15K(128K)
[2026-03-27T22:29:11.361+0900][18.841s][info][gc          ] GC(67) Pause Young (Allocation Failure) 53M->25M(203M) 0.630ms
[2026-03-27T22:29:11.361+0900][18.841s][info][gc,cpu      ] GC(67) User=0.00s Sys=0.00s Real=0.00s
[2026-03-27T22:29:11.536+0900][19.015s][info][gc,start    ] GC(68) Pause Young (Allocation Failure)
[2026-03-27T22:29:11.536+0900][19.016s][info][gc,heap     ] GC(68) PSYoungGen: 30353K(32768K)->2112K(33280K) Eden: 29265K(29696K)->0K(29696K) From: 1088K(3072K)->2112K(3584K)
[2026-03-27T22:29:11.536+0900][19.016s][info][gc,heap     ] GC(68) ParOldGen: 25145K(175104K)->25145K(175104K)
[2026-03-27T22:29:11.536+0900][19.016s][info][gc,metaspace] GC(68) Metaspace: 332K(512K)->332K(512K) NonClass: 317K(384K)->317K(384K) Class: 15K(128K)->15K(128K)
[2026-03-27T22:29:11.536+0900][19.016s][info][gc          ] GC(68) Pause Young (Allocation Failure) 54M->26M(203M) 0.833ms
[2026-03-27T22:29:11.536+0900][19.016s][info][gc,cpu      ] GC(68) User=0.00s Sys=0.00s Real=0.00s
[2026-03-27T22:29:11.727+0900][19.205s][info][gc,start    ] GC(69) Pause Young (Allocation Failure)
[2026-03-27T22:29:11.727+0900][19.206s][info][gc,heap     ] GC(69) PSYoungGen: 31377K(33280K)->576K(33280K) Eden: 29265K(29696K)->0K(29696K) From: 2112K(3584K)->576K(3584K)
[2026-03-27T22:29:11.727+0900][19.206s][info][gc,heap     ] GC(69) ParOldGen: 25145K(175104K)->25145K(175104K)
[2026-03-27T22:29:11.727+0900][19.206s][info][gc,metaspace] GC(69) Metaspace: 332K(512K)->332K(512K) NonClass: 317K(384K)->317K(384K) Class: 15K(128K)->15K(128K)
[2026-03-27T22:29:11.727+0900][19.206s][info][gc          ] GC(69) Pause Young (Allocation Failure) 55M->25M(203M) 0.497ms
[2026-03-27T22:29:11.727+0900][19.206s][info][gc,cpu      ] GC(69) User=0.00s Sys=0.00s Real=0.00s
[2026-03-27T22:29:12.003+0900][19.482s][info][gc,start    ] GC(70) Pause Young (Allocation Failure)
[2026-03-27T22:29:12.003+0900][19.482s][info][gc,heap     ] GC(70) PSYoungGen: 29841K(33280K)->1632K(33280K) Eden: 29265K(29696K)->0K(29696K) From: 576K(3584K)->1632K(3584K)
[2026-03-27T22:29:12.003+0900][19.482s][info][gc,heap     ] GC(70) ParOldGen: 25145K(175104K)->25145K(175104K)
[2026-03-27T22:29:12.003+0900][19.482s][info][gc,metaspace] GC(70) Metaspace: 332K(512K)->332K(512K) NonClass: 317K(384K)->317K(384K) Class: 15K(128K)->15K(128K)
[2026-03-27T22:29:12.003+0900][19.482s][info][gc          ] GC(70) Pause Young (Allocation Failure) 53M->26M(203M) 0.492ms
[2026-03-27T22:29:12.003+0900][19.482s][info][gc,cpu      ] GC(70) User=0.00s Sys=0.00s Real=0.00s
[2026-03-27T22:29:12.186+0900][19.665s][info][gc,start    ] GC(71) Pause Young (Allocation Failure)
[2026-03-27T22:29:12.186+0900][19.665s][info][gc,heap     ] GC(71) PSYoungGen: 30897K(33280K)->1632K(33280K) Eden: 29265K(29696K)->0K(29696K) From: 1632K(3584K)->1632K(3584K)
[2026-03-27T22:29:12.186+0900][19.665s][info][gc,heap     ] GC(71) ParOldGen: 25145K(175104K)->26178K(175104K)
[2026-03-27T22:29:12.186+0900][19.665s][info][gc,metaspace] GC(71) Metaspace: 332K(512K)->332K(512K) NonClass: 317K(384K)->317K(384K) Class: 15K(128K)->15K(128K)
[2026-03-27T22:29:12.186+0900][19.665s][info][gc          ] GC(71) Pause Young (Allocation Failure) 54M->27M(203M) 0.815ms
[2026-03-27T22:29:12.186+0900][19.665s][info][gc,cpu      ] GC(71) User=0.00s Sys=0.00s Real=0.00s
[2026-03-27T22:29:12.376+0900][19.855s][info][gc,start    ] GC(72) Pause Young (Allocation Failure)
[2026-03-27T22:29:12.376+0900][19.855s][info][gc,heap     ] GC(72) PSYoungGen: 30897K(33280K)->32K(33280K) Eden: 29265K(29696K)->0K(29696K) From: 1632K(3584K)->32K(3584K)
[2026-03-27T22:29:12.376+0900][19.855s][info][gc,heap     ] GC(72) ParOldGen: 26178K(175104K)->26178K(175104K)
[2026-03-27T22:29:12.376+0900][19.855s][info][gc,metaspace] GC(72) Metaspace: 332K(512K)->332K(512K) NonClass: 317K(384K)->317K(384K) Class: 15K(128K)->15K(128K)
[2026-03-27T22:29:12.376+0900][19.855s][info][gc          ] GC(72) Pause Young (Allocation Failure) 55M->25M(203M) 0.440ms
[2026-03-27T22:29:12.376+0900][19.855s][info][gc,cpu      ] GC(72) User=0.00s Sys=0.00s Real=0.00s
[2026-03-27T22:29:12.551+0900][20.030s][info][gc,start    ] GC(73) Pause Young (Allocation Failure)
[2026-03-27T22:29:12.551+0900][20.030s][info][gc,heap     ] GC(73) PSYoungGen: 29297K(33280K)->1120K(33280K) Eden: 29265K(29696K)->0K(29696K) From: 32K(3584K)->1120K(3584K)
[2026-03-27T22:29:12.551+0900][20.030s][info][gc,heap     ] GC(73) ParOldGen: 26178K(175104K)->26178K(175104K)
[2026-03-27T22:29:12.551+0900][20.030s][info][gc,metaspace] GC(73) Metaspace: 332K(512K)->332K(512K) NonClass: 317K(384K)->317K(384K) Class: 15K(128K)->15K(128K)
[2026-03-27T22:29:12.551+0900][20.030s][info][gc          ] GC(73) Pause Young (Allocation Failure) 54M->26M(203M) 0.455ms
[2026-03-27T22:29:12.551+0900][20.030s][info][gc,cpu      ] GC(73) User=0.00s Sys=0.00s Real=0.00s
[2026-03-27T22:29:12.727+0900][20.205s][info][gc,start    ] GC(74) Pause Young (Allocation Failure)
[2026-03-27T22:29:12.727+0900][20.206s][info][gc,heap     ] GC(74) PSYoungGen: 30385K(33280K)->2144K(33280K) Eden: 29265K(29696K)->0K(29696K) From: 1120K(3584K)->2144K(3584K)
[2026-03-27T22:29:12.727+0900][20.206s][info][gc,heap     ] GC(74) ParOldGen: 26178K(175104K)->26178K(175104K)
[2026-03-27T22:29:12.727+0900][20.206s][info][gc,metaspace] GC(74) Metaspace: 332K(512K)->332K(512K) NonClass: 317K(384K)->317K(384K) Class: 15K(128K)->15K(128K)
[2026-03-27T22:29:12.727+0900][20.206s][info][gc          ] GC(74) Pause Young (Allocation Failure) 55M->27M(203M) 0.930ms
[2026-03-27T22:29:12.727+0900][20.206s][info][gc,cpu      ] GC(74) User=0.00s Sys=0.00s Real=0.00s
[2026-03-27T22:29:12.904+0900][20.383s][info][gc,start    ] GC(75) Pause Young (Allocation Failure)
[2026-03-27T22:29:12.904+0900][20.384s][info][gc,heap     ] GC(75) PSYoungGen: 31409K(33280K)->2144K(33280K) Eden: 29265K(29696K)->0K(29696K) From: 2144K(3584K)->2144K(3584K)
[2026-03-27T22:29:12.904+0900][20.384s][info][gc,heap     ] GC(75) ParOldGen: 26178K(175104K)->27210K(175104K)
[2026-03-27T22:29:12.904+0900][20.384s][info][gc,metaspace] GC(75) Metaspace: 332K(512K)->332K(512K) NonClass: 317K(384K)->317K(384K) Class: 15K(128K)->15K(128K)
[2026-03-27T22:29:12.904+0900][20.384s][info][gc          ] GC(75) Pause Young (Allocation Failure) 56M->28M(203M) 0.993ms
[2026-03-27T22:29:12.904+0900][20.384s][info][gc,cpu      ] GC(75) User=0.00s Sys=0.00s Real=0.00s
[2026-03-27T22:29:13.095+0900][20.573s][info][gc,start    ] GC(76) Pause Young (Allocation Failure)
[2026-03-27T22:29:13.095+0900][20.574s][info][gc,heap     ] GC(76) PSYoungGen: 31409K(33280K)->576K(33280K) Eden: 29265K(29696K)->0K(29696K) From: 2144K(3584K)->576K(3584K)
[2026-03-27T22:29:13.095+0900][20.574s][info][gc,heap     ] GC(76) ParOldGen: 27210K(175104K)->27210K(175104K)
[2026-03-27T22:29:13.095+0900][20.574s][info][gc,metaspace] GC(76) Metaspace: 332K(512K)->332K(512K) NonClass: 317K(384K)->317K(384K) Class: 15K(128K)->15K(128K)
[2026-03-27T22:29:13.095+0900][20.574s][info][gc          ] GC(76) Pause Young (Allocation Failure) 57M->27M(203M) 0.632ms
[2026-03-27T22:29:13.095+0900][20.574s][info][gc,cpu      ] GC(76) User=0.00s Sys=0.00s Real=0.00s
[2026-03-27T22:29:13.271+0900][20.749s][info][gc,start    ] GC(77) Pause Young (Allocation Failure)
[2026-03-27T22:29:13.271+0900][20.750s][info][gc,heap     ] GC(77) PSYoungGen: 29841K(33280K)->1600K(33280K) Eden: 29265K(29696K)->0K(29696K) From: 576K(3584K)->1600K(3584K)
[2026-03-27T22:29:13.271+0900][20.750s][info][gc,heap     ] GC(77) ParOldGen: 27210K(175104K)->27210K(175104K)
[2026-03-27T22:29:13.271+0900][20.750s][info][gc,metaspace] GC(77) Metaspace: 332K(512K)->332K(512K) NonClass: 317K(384K)->317K(384K) Class: 15K(128K)->15K(128K)
[2026-03-27T22:29:13.271+0900][20.750s][info][gc          ] GC(77) Pause Young (Allocation Failure) 55M->28M(203M) 0.434ms
[2026-03-27T22:29:13.271+0900][20.750s][info][gc,cpu      ] GC(77) User=0.00s Sys=0.00s Real=0.00s
[2026-03-27T22:29:13.445+0900][20.924s][info][gc,start    ] GC(78) Pause Young (Allocation Failure)
[2026-03-27T22:29:13.445+0900][20.925s][info][gc,heap     ] GC(78) PSYoungGen: 30865K(33280K)->2656K(33280K) Eden: 29265K(29696K)->0K(29696K) From: 1600K(3584K)->2656K(3584K)
[2026-03-27T22:29:13.445+0900][20.925s][info][gc,heap     ] GC(78) ParOldGen: 27210K(175104K)->27210K(175104K)
[2026-03-27T22:29:13.445+0900][20.925s][info][gc,metaspace] GC(78) Metaspace: 332K(512K)->332K(512K) NonClass: 317K(384K)->317K(384K) Class: 15K(128K)->15K(128K)
[2026-03-27T22:29:13.445+0900][20.925s][info][gc          ] GC(78) Pause Young (Allocation Failure) 56M->29M(203M) 0.773ms
[2026-03-27T22:29:13.445+0900][20.925s][info][gc,cpu      ] GC(78) User=0.00s Sys=0.00s Real=0.00s
[2026-03-27T22:29:13.636+0900][21.115s][info][gc,start    ] GC(79) Pause Young (Allocation Failure)
[2026-03-27T22:29:13.636+0900][21.115s][info][gc,heap     ] GC(79) PSYoungGen: 31921K(33280K)->32K(33280K) Eden: 29265K(29696K)->0K(29696K) From: 2656K(3584K)->32K(3584K)
[2026-03-27T22:29:13.636+0900][21.115s][info][gc,heap     ] GC(79) ParOldGen: 27210K(175104K)->28242K(175104K)
[2026-03-27T22:29:13.636+0900][21.116s][info][gc,metaspace] GC(79) Metaspace: 332K(512K)->332K(512K) NonClass: 317K(384K)->317K(384K) Class: 15K(128K)->15K(128K)
[2026-03-27T22:29:13.636+0900][21.116s][info][gc          ] GC(79) Pause Young (Allocation Failure) 57M->27M(203M) 0.687ms
[2026-03-27T22:29:13.636+0900][21.116s][info][gc,cpu      ] GC(79) User=0.00s Sys=0.00s Real=0.00s
[2026-03-27T22:29:13.812+0900][21.291s][info][gc,start    ] GC(80) Pause Young (Allocation Failure)
[2026-03-27T22:29:13.812+0900][21.291s][info][gc,heap     ] GC(80) PSYoungGen: 29297K(33280K)->1120K(33280K) Eden: 29265K(29696K)->0K(29696K) From: 32K(3584K)->1120K(3584K)
[2026-03-27T22:29:13.812+0900][21.291s][info][gc,heap     ] GC(80) ParOldGen: 28242K(175104K)->28242K(175104K)
[2026-03-27T22:29:13.812+0900][21.291s][info][gc,metaspace] GC(80) Metaspace: 332K(512K)->332K(512K) NonClass: 317K(384K)->317K(384K) Class: 15K(128K)->15K(128K)
[2026-03-27T22:29:13.812+0900][21.291s][info][gc          ] GC(80) Pause Young (Allocation Failure) 56M->28M(203M) 0.610ms
[2026-03-27T22:29:13.812+0900][21.291s][info][gc,cpu      ] GC(80) User=0.00s Sys=0.00s Real=0.00s
[2026-03-27T22:29:13.987+0900][21.466s][info][gc,start    ] GC(81) Pause Young (Allocation Failure)
[2026-03-27T22:29:13.987+0900][21.466s][info][gc,heap     ] GC(81) PSYoungGen: 30385K(33280K)->2144K(33280K) Eden: 29265K(29696K)->0K(29696K) From: 1120K(3584K)->2144K(3584K)
[2026-03-27T22:29:13.987+0900][21.466s][info][gc,heap     ] GC(81) ParOldGen: 28242K(175104K)->28242K(175104K)
[2026-03-27T22:29:13.987+0900][21.466s][info][gc,metaspace] GC(81) Metaspace: 332K(512K)->332K(512K) NonClass: 317K(384K)->317K(384K) Class: 15K(128K)->15K(128K)
[2026-03-27T22:29:13.987+0900][21.466s][info][gc          ] GC(81) Pause Young (Allocation Failure) 57M->29M(203M) 0.606ms
[2026-03-27T22:29:13.987+0900][21.466s][info][gc,cpu      ] GC(81) User=0.00s Sys=0.00s Real=0.00s
[2026-03-27T22:29:14.177+0900][21.655s][info][gc,start    ] GC(82) Pause Young (Allocation Failure)
[2026-03-27T22:29:14.177+0900][21.656s][info][gc,heap     ] GC(82) PSYoungGen: 31409K(33280K)->576K(33280K) Eden: 29265K(29696K)->0K(29696K) From: 2144K(3584K)->576K(3584K)
[2026-03-27T22:29:14.177+0900][21.656s][info][gc,heap     ] GC(82) ParOldGen: 28242K(175104K)->28242K(175104K)
[2026-03-27T22:29:14.177+0900][21.656s][info][gc,metaspace] GC(82) Metaspace: 332K(512K)->332K(512K) NonClass: 317K(384K)->317K(384K) Class: 15K(128K)->15K(128K)
[2026-03-27T22:29:14.177+0900][21.656s][info][gc          ] GC(82) Pause Young (Allocation Failure) 58M->28M(203M) 0.512ms
[2026-03-27T22:29:14.177+0900][21.656s][info][gc,cpu      ] GC(82) User=0.00s Sys=0.00s Real=0.00s
[2026-03-27T22:29:14.353+0900][21.831s][info][gc,start    ] GC(83) Pause Young (Allocation Failure)
[2026-03-27T22:29:14.353+0900][21.832s][info][gc,heap     ] GC(83) PSYoungGen: 29841K(33280K)->1632K(33280K) Eden: 29265K(29696K)->0K(29696K) From: 576K(3584K)->1632K(3584K)
[2026-03-27T22:29:14.353+0900][21.832s][info][gc,heap     ] GC(83) ParOldGen: 28242K(175104K)->28242K(175104K)
[2026-03-27T22:29:14.353+0900][21.832s][info][gc,metaspace] GC(83) Metaspace: 332K(512K)->332K(512K) NonClass: 317K(384K)->317K(384K) Class: 15K(128K)->15K(128K)
[2026-03-27T22:29:14.353+0900][21.832s][info][gc          ] GC(83) Pause Young (Allocation Failure) 56M->29M(203M) 0.574ms
[2026-03-27T22:29:14.353+0900][21.832s][info][gc,cpu      ] GC(83) User=0.00s Sys=0.00s Real=0.00s
[2026-03-27T22:29:14.528+0900][22.006s][info][gc,start    ] GC(84) Pause Young (Allocation Failure)
[2026-03-27T22:29:14.528+0900][22.007s][info][gc,heap     ] GC(84) PSYoungGen: 30897K(33280K)->1632K(33280K) Eden: 29265K(29696K)->0K(29696K) From: 1632K(3584K)->1632K(3584K)
[2026-03-27T22:29:14.528+0900][22.007s][info][gc,heap     ] GC(84) ParOldGen: 28242K(175104K)->29274K(175104K)
[2026-03-27T22:29:14.528+0900][22.007s][info][gc,metaspace] GC(84) Metaspace: 332K(512K)->332K(512K) NonClass: 317K(384K)->317K(384K) Class: 15K(128K)->15K(128K)
[2026-03-27T22:29:14.528+0900][22.007s][info][gc          ] GC(84) Pause Young (Allocation Failure) 57M->30M(203M) 0.967ms
[2026-03-27T22:29:14.528+0900][22.007s][info][gc,cpu      ] GC(84) User=0.00s Sys=0.00s Real=0.00s
[2026-03-27T22:29:14.719+0900][22.198s][info][gc,start    ] GC(85) Pause Young (Allocation Failure)
[2026-03-27T22:29:14.719+0900][22.198s][info][gc,heap     ] GC(85) PSYoungGen: 30897K(33280K)->32K(33280K) Eden: 29265K(29696K)->0K(29696K) From: 1632K(3584K)->32K(3584K)
[2026-03-27T22:29:14.719+0900][22.198s][info][gc,heap     ] GC(85) ParOldGen: 29274K(175104K)->29274K(175104K)
[2026-03-27T22:29:14.719+0900][22.198s][info][gc,metaspace] GC(85) Metaspace: 332K(512K)->332K(512K) NonClass: 317K(384K)->317K(384K) Class: 15K(128K)->15K(128K)
[2026-03-27T22:29:14.719+0900][22.198s][info][gc          ] GC(85) Pause Young (Allocation Failure) 58M->28M(203M) 0.486ms
[2026-03-27T22:29:14.719+0900][22.198s][info][gc,cpu      ] GC(85) User=0.00s Sys=0.00s Real=0.00s
[2026-03-27T22:29:14.909+0900][22.389s][info][gc,start    ] GC(86) Pause Young (Allocation Failure)
[2026-03-27T22:29:14.909+0900][22.389s][info][gc,heap     ] GC(86) PSYoungGen: 29297K(33280K)->1088K(33280K) Eden: 29265K(29696K)->0K(29696K) From: 32K(3584K)->1088K(3584K)
[2026-03-27T22:29:14.909+0900][22.389s][info][gc,heap     ] GC(86) ParOldGen: 29274K(175104K)->29274K(175104K)
[2026-03-27T22:29:14.909+0900][22.389s][info][gc,metaspace] GC(86) Metaspace: 332K(512K)->332K(512K) NonClass: 317K(384K)->317K(384K) Class: 15K(128K)->15K(128K)
[2026-03-27T22:29:14.909+0900][22.389s][info][gc          ] GC(86) Pause Young (Allocation Failure) 57M->29M(203M) 0.464ms
[2026-03-27T22:29:14.909+0900][22.389s][info][gc,cpu      ] GC(86) User=0.00s Sys=0.00s Real=0.00s
[2026-03-27T22:29:15.087+0900][22.566s][info][gc,start    ] GC(87) Pause Young (Allocation Failure)
[2026-03-27T22:29:15.087+0900][22.566s][info][gc,heap     ] GC(87) PSYoungGen: 30353K(33280K)->2144K(33280K) Eden: 29265K(29696K)->0K(29696K) From: 1088K(3584K)->2144K(3584K)
[2026-03-27T22:29:15.087+0900][22.566s][info][gc,heap     ] GC(87) ParOldGen: 29274K(175104K)->29274K(175104K)
[2026-03-27T22:29:15.087+0900][22.566s][info][gc,metaspace] GC(87) Metaspace: 332K(512K)->332K(512K) NonClass: 317K(384K)->317K(384K) Class: 15K(128K)->15K(128K)
[2026-03-27T22:29:15.087+0900][22.566s][info][gc          ] GC(87) Pause Young (Allocation Failure) 58M->30M(203M) 0.652ms
[2026-03-27T22:29:15.087+0900][22.566s][info][gc,cpu      ] GC(87) User=0.00s Sys=0.00s Real=0.00s
[2026-03-27T22:29:15.261+0900][22.740s][info][gc,start    ] GC(88) Pause Young (Allocation Failure)
[2026-03-27T22:29:15.261+0900][22.741s][info][gc,heap     ] GC(88) PSYoungGen: 31409K(33280K)->2112K(33280K) Eden: 29265K(29696K)->0K(29696K) From: 2144K(3584K)->2112K(3584K)
[2026-03-27T22:29:15.261+0900][22.741s][info][gc,heap     ] GC(88) ParOldGen: 29274K(175104K)->30306K(175104K)
[2026-03-27T22:29:15.261+0900][22.741s][info][gc,metaspace] GC(88) Metaspace: 332K(512K)->332K(512K) NonClass: 317K(384K)->317K(384K) Class: 15K(128K)->15K(128K)
[2026-03-27T22:29:15.261+0900][22.741s][info][gc          ] GC(88) Pause Young (Allocation Failure) 59M->31M(203M) 0.791ms
[2026-03-27T22:29:15.261+0900][22.741s][info][gc,cpu      ] GC(88) User=0.03s Sys=0.00s Real=0.00s
[2026-03-27T22:29:15.476+0900][22.955s][info][gc,start    ] GC(89) Pause Young (Allocation Failure)
[2026-03-27T22:29:15.476+0900][22.955s][info][gc,heap     ] GC(89) PSYoungGen: 31377K(33280K)->576K(33280K) Eden: 29265K(29696K)->0K(29696K) From: 2112K(3584K)->576K(3584K)
[2026-03-27T22:29:15.476+0900][22.955s][info][gc,heap     ] GC(89) ParOldGen: 30306K(175104K)->30306K(175104K)
[2026-03-27T22:29:15.476+0900][22.955s][info][gc,metaspace] GC(89) Metaspace: 332K(512K)->332K(512K) NonClass: 317K(384K)->317K(384K) Class: 15K(128K)->15K(128K)
[2026-03-27T22:29:15.477+0900][22.955s][info][gc          ] GC(89) Pause Young (Allocation Failure) 60M->30M(203M) 0.683ms
[2026-03-27T22:29:15.477+0900][22.955s][info][gc,cpu      ] GC(89) User=0.00s Sys=0.00s Real=0.00s
[2026-03-27T22:29:15.652+0900][23.131s][info][gc,start    ] GC(90) Pause Young (Allocation Failure)
[2026-03-27T22:29:15.652+0900][23.131s][info][gc,heap     ] GC(90) PSYoungGen: 29841K(33280K)->1632K(33280K) Eden: 29265K(29696K)->0K(29696K) From: 576K(3584K)->1632K(3584K)
[2026-03-27T22:29:15.652+0900][23.131s][info][gc,heap     ] GC(90) ParOldGen: 30306K(175104K)->30306K(175104K)
[2026-03-27T22:29:15.652+0900][23.131s][info][gc,metaspace] GC(90) Metaspace: 332K(512K)->332K(512K) NonClass: 317K(384K)->317K(384K) Class: 15K(128K)->15K(128K)
[2026-03-27T22:29:15.652+0900][23.131s][info][gc          ] GC(90) Pause Young (Allocation Failure) 58M->31M(203M) 0.664ms
[2026-03-27T22:29:15.652+0900][23.131s][info][gc,cpu      ] GC(90) User=0.00s Sys=0.05s Real=0.00s
[2026-03-27T22:29:15.854+0900][23.333s][info][gc,start    ] GC(91) Pause Young (Allocation Failure)
[2026-03-27T22:29:15.854+0900][23.333s][info][gc,heap     ] GC(91) PSYoungGen: 30897K(33280K)->64K(33280K) Eden: 29265K(29696K)->0K(29696K) From: 1632K(3584K)->64K(3584K)
[2026-03-27T22:29:15.854+0900][23.333s][info][gc,heap     ] GC(91) ParOldGen: 30306K(175104K)->30306K(175104K)
[2026-03-27T22:29:15.854+0900][23.333s][info][gc,metaspace] GC(91) Metaspace: 332K(512K)->332K(512K) NonClass: 317K(384K)->317K(384K) Class: 15K(128K)->15K(128K)
[2026-03-27T22:29:15.854+0900][23.333s][info][gc          ] GC(91) Pause Young (Allocation Failure) 59M->29M(203M) 0.331ms
[2026-03-27T22:29:15.854+0900][23.333s][info][gc,cpu      ] GC(91) User=0.00s Sys=0.00s Real=0.00s
[2026-03-27T22:29:16.039+0900][23.518s][info][gc,start    ] GC(92) Pause Young (Allocation Failure)
[2026-03-27T22:29:16.039+0900][23.519s][info][gc,heap     ] GC(92) PSYoungGen: 29329K(33280K)->1088K(31232K) Eden: 29265K(29696K)->0K(29696K) From: 64K(3584K)->1088K(1536K)
[2026-03-27T22:29:16.039+0900][23.519s][info][gc,heap     ] GC(92) ParOldGen: 30306K(175104K)->30306K(175104K)
[2026-03-27T22:29:16.039+0900][23.519s][info][gc,metaspace] GC(92) Metaspace: 332K(512K)->332K(512K) NonClass: 317K(384K)->317K(384K) Class: 15K(128K)->15K(128K)
[2026-03-27T22:29:16.039+0900][23.519s][info][gc          ] GC(92) Pause Young (Allocation Failure) 58M->30M(201M) 0.526ms
[2026-03-27T22:29:16.039+0900][23.519s][info][gc,cpu      ] GC(92) User=0.00s Sys=0.00s Real=0.00s
[2026-03-27T22:29:16.239+0900][23.717s][info][gc,start    ] GC(93) Pause Young (Allocation Failure)
[2026-03-27T22:29:16.239+0900][23.718s][info][gc,heap     ] GC(93) PSYoungGen: 30353K(31232K)->1120K(32768K) Eden: 29265K(29696K)->0K(29696K) From: 1088K(1536K)->1120K(3072K)
[2026-03-27T22:29:16.239+0900][23.718s][info][gc,heap     ] GC(93) ParOldGen: 30306K(175104K)->31338K(175104K)
[2026-03-27T22:29:16.239+0900][23.718s][info][gc,metaspace] GC(93) Metaspace: 332K(512K)->332K(512K) NonClass: 317K(384K)->317K(384K) Class: 15K(128K)->15K(128K)
[2026-03-27T22:29:16.239+0900][23.718s][info][gc          ] GC(93) Pause Young (Allocation Failure) 59M->31M(203M) 0.700ms
[2026-03-27T22:29:16.239+0900][23.718s][info][gc,cpu      ] GC(93) User=0.00s Sys=0.00s Real=0.00s
[2026-03-27T22:29:16.414+0900][23.893s][info][gc,start    ] GC(94) Pause Young (Allocation Failure)
[2026-03-27T22:29:16.414+0900][23.894s][info][gc,heap     ] GC(94) PSYoungGen: 30385K(32768K)->2112K(32768K) Eden: 29265K(29696K)->0K(29696K) From: 1120K(3072K)->2112K(3072K)
[2026-03-27T22:29:16.414+0900][23.895s][info][gc,heap     ] GC(94) ParOldGen: 31338K(175104K)->31338K(175104K)
[2026-03-27T22:29:16.414+0900][23.895s][info][gc,metaspace] GC(94) Metaspace: 332K(512K)->332K(512K) NonClass: 317K(384K)->317K(384K) Class: 15K(128K)->15K(128K)
[2026-03-27T22:29:16.414+0900][23.895s][info][gc          ] GC(94) Pause Young (Allocation Failure) 60M->32M(203M) 1.360ms
[2026-03-27T22:29:16.414+0900][23.895s][info][gc,cpu      ] GC(94) User=0.00s Sys=0.00s Real=0.00s
[2026-03-27T22:29:16.609+0900][24.088s][info][gc,start    ] GC(95) Pause Young (Allocation Failure)
[2026-03-27T22:29:16.609+0900][24.088s][info][gc,heap     ] GC(95) PSYoungGen: 31377K(32768K)->576K(32768K) Eden: 29265K(29696K)->0K(29696K) From: 2112K(3072K)->576K(3072K)
[2026-03-27T22:29:16.609+0900][24.088s][info][gc,heap     ] GC(95) ParOldGen: 31338K(175104K)->31338K(175104K)
[2026-03-27T22:29:16.609+0900][24.088s][info][gc,metaspace] GC(95) Metaspace: 332K(512K)->332K(512K) NonClass: 317K(384K)->317K(384K) Class: 15K(128K)->15K(128K)
[2026-03-27T22:29:16.609+0900][24.088s][info][gc          ] GC(95) Pause Young (Allocation Failure) 61M->31M(203M) 0.465ms
[2026-03-27T22:29:16.609+0900][24.088s][info][gc,cpu      ] GC(95) User=0.00s Sys=0.00s Real=0.00s
[2026-03-27T22:29:16.784+0900][24.264s][info][gc,start    ] GC(96) Pause Young (Allocation Failure)
[2026-03-27T22:29:16.784+0900][24.265s][info][gc,heap     ] GC(96) PSYoungGen: 29841K(32768K)->1600K(32768K) Eden: 29265K(29696K)->0K(29696K) From: 576K(3072K)->1600K(3072K)
[2026-03-27T22:29:16.784+0900][24.265s][info][gc,heap     ] GC(96) ParOldGen: 31338K(175104K)->31338K(175104K)
[2026-03-27T22:29:16.784+0900][24.265s][info][gc,metaspace] GC(96) Metaspace: 332K(512K)->332K(512K) NonClass: 317K(384K)->317K(384K) Class: 15K(128K)->15K(128K)
[2026-03-27T22:29:16.784+0900][24.265s][info][gc          ] GC(96) Pause Young (Allocation Failure) 59M->32M(203M) 1.008ms
[2026-03-27T22:29:16.784+0900][24.265s][info][gc,cpu      ] GC(96) User=0.00s Sys=0.00s Real=0.00s
[2026-03-27T22:29:16.960+0900][24.439s][info][gc,start    ] GC(97) Pause Young (Allocation Failure)
[2026-03-27T22:29:16.960+0900][24.440s][info][gc,heap     ] GC(97) PSYoungGen: 30865K(32768K)->1600K(32768K) Eden: 29265K(29696K)->0K(29696K) From: 1600K(3072K)->1600K(3072K)
[2026-03-27T22:29:16.960+0900][24.440s][info][gc,heap     ] GC(97) ParOldGen: 31338K(175104K)->32370K(175104K)
[2026-03-27T22:29:16.960+0900][24.440s][info][gc,metaspace] GC(97) Metaspace: 332K(512K)->332K(512K) NonClass: 317K(384K)->317K(384K) Class: 15K(128K)->15K(128K)
[2026-03-27T22:29:16.960+0900][24.440s][info][gc          ] GC(97) Pause Young (Allocation Failure) 60M->33M(203M) 0.959ms
[2026-03-27T22:29:16.960+0900][24.440s][info][gc,cpu      ] GC(97) User=0.00s Sys=0.00s Real=0.00s
[2026-03-27T22:29:17.152+0900][24.630s][info][gc,start    ] GC(98) Pause Young (Allocation Failure)
[2026-03-27T22:29:17.152+0900][24.631s][info][gc,heap     ] GC(98) PSYoungGen: 30865K(32768K)->32K(32768K) Eden: 29265K(29696K)->0K(29696K) From: 1600K(3072K)->32K(3072K)
[2026-03-27T22:29:17.152+0900][24.631s][info][gc,heap     ] GC(98) ParOldGen: 32370K(175104K)->32370K(175104K)
[2026-03-27T22:29:17.152+0900][24.631s][info][gc,metaspace] GC(98) Metaspace: 332K(512K)->332K(512K) NonClass: 317K(384K)->317K(384K) Class: 15K(128K)->15K(128K)
[2026-03-27T22:29:17.152+0900][24.631s][info][gc          ] GC(98) Pause Young (Allocation Failure) 61M->31M(203M) 0.384ms
[2026-03-27T22:29:17.152+0900][24.631s][info][gc,cpu      ] GC(98) User=0.00s Sys=0.00s Real=0.00s
[2026-03-27T22:29:17.327+0900][24.806s][info][gc,start    ] GC(99) Pause Young (Allocation Failure)
[2026-03-27T22:29:17.327+0900][24.807s][info][gc,heap     ] GC(99) PSYoungGen: 29297K(32768K)->1088K(32768K) Eden: 29265K(29696K)->0K(29696K) From: 32K(3072K)->1088K(3072K)
[2026-03-27T22:29:17.327+0900][24.807s][info][gc,heap     ] GC(99) ParOldGen: 32370K(175104K)->32370K(175104K)
[2026-03-27T22:29:17.327+0900][24.807s][info][gc,metaspace] GC(99) Metaspace: 332K(512K)->332K(512K) NonClass: 317K(384K)->317K(384K) Class: 15K(128K)->15K(128K)
[2026-03-27T22:29:17.327+0900][24.807s][info][gc          ] GC(99) Pause Young (Allocation Failure) 60M->32M(203M) 0.656ms
[2026-03-27T22:29:17.327+0900][24.807s][info][gc,cpu      ] GC(99) User=0.00s Sys=0.00s Real=0.00s
[2026-03-27T22:29:17.502+0900][24.987s][info][gc,heap,exit] Heap
[2026-03-27T22:29:17.502+0900][24.987s][info][gc,heap,exit]  PSYoungGen      total 32768K, used 30278K [0x00000000f5580000, 0x00000000f7880000, 0x0000000100000000)
[2026-03-27T22:29:17.502+0900][24.987s][info][gc,heap,exit]   eden space 29696K, 98% used [0x00000000f5580000,0x00000000f7201bb8,0x00000000f7280000)
[2026-03-27T22:29:17.502+0900][24.987s][info][gc,heap,exit]   from space 3072K, 35% used [0x00000000f7580000,0x00000000f7690020,0x00000000f7880000)
[2026-03-27T22:29:17.502+0900][24.987s][info][gc,heap,exit]   to   space 3072K, 0% used [0x00000000f7280000,0x00000000f7280000,0x00000000f7580000)
[2026-03-27T22:29:17.502+0900][24.987s][info][gc,heap,exit]  ParOldGen       total 175104K, used 32370K [0x00000000e0000000, 0x00000000eab00000, 0x00000000f5580000)
[2026-03-27T22:29:17.502+0900][24.987s][info][gc,heap,exit]   object space 175104K, 18% used [0x00000000e0000000,0x00000000e1f9c860,0x00000000eab00000)
[2026-03-27T22:29:17.502+0900][24.987s][info][gc,heap,exit]  Metaspace       used 365K, committed 512K, reserved 1114112K
[2026-03-27T22:29:17.502+0900][24.988s][info][gc,heap,exit]   class space    used 18K, committed 128K, reserved 1048576K
