[2026-03-23T15:56:03.173+0900][0.003s][info][gc,init] CardTable entry size: 512
[2026-03-23T15:56:03.173+0900][0.003s][info][gc     ] Using Parallel
[2026-03-23T15:56:03.173+0900][0.003s][info][gc,init] Version: 21.0.9+10-LTS (release)
[2026-03-23T15:56:03.173+0900][0.003s][info][gc,init] CPUs: 14 total, 14 available
[2026-03-23T15:56:03.173+0900][0.003s][info][gc,init] Memory: 49152M
[2026-03-23T15:56:03.173+0900][0.003s][info][gc,init] Large Page Support: Disabled
[2026-03-23T15:56:03.173+0900][0.003s][info][gc,init] NUMA Support: Disabled
[2026-03-23T15:56:03.173+0900][0.003s][info][gc,init] Compressed Oops: Enabled (Zero based)
[2026-03-23T15:56:03.173+0900][0.003s][info][gc,init] Alignments: Space 512K, Generation 512K, Heap 8M
[2026-03-23T15:56:03.173+0900][0.003s][info][gc,init] Heap Min Capacity: 256M
[2026-03-23T15:56:03.173+0900][0.003s][info][gc,init] Heap Initial Capacity: 256M
[2026-03-23T15:56:03.173+0900][0.003s][info][gc,init] Heap Max Capacity: 512M
[2026-03-23T15:56:03.173+0900][0.003s][info][gc,init] Pre-touch: Disabled
[2026-03-23T15:56:03.173+0900][0.003s][info][gc,init] Parallel Workers: 11
[2026-03-23T15:56:03.175+0900][0.005s][info][gc,metaspace] CDS archive(s) mapped at: [0x0000000400000000-0x0000000400c9c000-0x0000000400c9c000), size 13221888, SharedBaseAddress: 0x0000000400000000, ArchiveRelocationMode: 1.
[2026-03-23T15:56:03.175+0900][0.006s][info][gc,metaspace] Compressed class space mapped at: 0x0000000401000000-0x0000000441000000, reserved size: 1073741824
[2026-03-23T15:56:03.175+0900][0.006s][info][gc,metaspace] Narrow klass base: 0x0000000400000000, Narrow klass shift: 0, Narrow klass range: 0x100000000
[2026-03-23T15:56:03.389+0900][0.219s][info][gc,start    ] GC(0) Pause Young (Allocation Failure)
[2026-03-23T15:56:03.390+0900][0.221s][info][gc,heap     ] GC(0) PSYoungGen: 64923K(76288K)->10016K(76288K) Eden: 64923K(65536K)->0K(65536K) From: 0K(10752K)->10016K(10752K)
[2026-03-23T15:56:03.390+0900][0.221s][info][gc,heap     ] GC(0) ParOldGen: 1056K(175104K)->1064K(175104K)
[2026-03-23T15:56:03.390+0900][0.221s][info][gc,metaspace] GC(0) Metaspace: 216K(384K)->216K(384K) NonClass: 201K(256K)->201K(256K) Class: 14K(128K)->14K(128K)
[2026-03-23T15:56:03.390+0900][0.221s][info][gc          ] GC(0) Pause Young (Allocation Failure) 64M->10M(245M) 1.858ms
[2026-03-23T15:56:03.390+0900][0.221s][info][gc,cpu      ] GC(0) User=0.00s Sys=0.00s Real=0.01s
[2026-03-23T15:56:03.631+0900][0.462s][info][gc,start    ] GC(1) Pause Young (Allocation Failure)
[2026-03-23T15:56:03.634+0900][0.465s][info][gc,heap     ] GC(1) PSYoungGen: 74750K(76288K)->10496K(76288K) Eden: 64734K(65536K)->0K(65536K) From: 10016K(10752K)->10496K(10752K)
[2026-03-23T15:56:03.634+0900][0.465s][info][gc,heap     ] GC(1) ParOldGen: 1064K(175104K)->6696K(175104K)
[2026-03-23T15:56:03.634+0900][0.465s][info][gc,metaspace] GC(1) Metaspace: 217K(384K)->217K(384K) NonClass: 202K(256K)->202K(256K) Class: 14K(128K)->14K(128K)
[2026-03-23T15:56:03.635+0900][0.465s][info][gc          ] GC(1) Pause Young (Allocation Failure) 74M->16M(245M) 3.158ms
[2026-03-23T15:56:03.635+0900][0.465s][info][gc,cpu      ] GC(1) User=0.00s Sys=0.01s Real=0.00s
[2026-03-23T15:56:03.875+0900][0.705s][info][gc,start    ] GC(2) Pause Young (Allocation Failure)
[2026-03-23T15:56:03.877+0900][0.708s][info][gc,heap     ] GC(2) PSYoungGen: 75251K(76288K)->10496K(76288K) Eden: 64755K(65536K)->0K(65536K) From: 10496K(10752K)->10496K(10752K)
[2026-03-23T15:56:03.878+0900][0.708s][info][gc,heap     ] GC(2) ParOldGen: 6696K(175104K)->14384K(175104K)
[2026-03-23T15:56:03.878+0900][0.708s][info][gc,metaspace] GC(2) Metaspace: 221K(384K)->221K(384K) NonClass: 207K(256K)->207K(256K) Class: 14K(128K)->14K(128K)
[2026-03-23T15:56:03.878+0900][0.708s][info][gc          ] GC(2) Pause Young (Allocation Failure) 80M->24M(245M) 2.665ms
[2026-03-23T15:56:03.878+0900][0.708s][info][gc,cpu      ] GC(2) User=0.01s Sys=0.00s Real=0.00s
[2026-03-23T15:56:04.109+0900][0.940s][info][gc,start    ] GC(3) Pause Young (Allocation Failure)
[2026-03-23T15:56:04.111+0900][0.941s][info][gc,heap     ] GC(3) PSYoungGen: 75265K(76288K)->10480K(76288K) Eden: 64769K(65536K)->0K(65536K) From: 10496K(10752K)->10480K(10752K)
[2026-03-23T15:56:04.111+0900][0.942s][info][gc,heap     ] GC(3) ParOldGen: 14384K(175104K)->22073K(175104K)
[2026-03-23T15:56:04.111+0900][0.942s][info][gc,metaspace] GC(3) Metaspace: 225K(384K)->225K(384K) NonClass: 210K(256K)->210K(256K) Class: 14K(128K)->14K(128K)
[2026-03-23T15:56:04.111+0900][0.942s][info][gc          ] GC(3) Pause Young (Allocation Failure) 87M->31M(245M) 1.972ms
[2026-03-23T15:56:04.111+0900][0.942s][info][gc,cpu      ] GC(3) User=0.01s Sys=0.00s Real=0.01s
[2026-03-23T15:56:04.359+0900][1.189s][info][gc,start    ] GC(4) Pause Young (Allocation Failure)
[2026-03-23T15:56:04.361+0900][1.191s][info][gc,heap     ] GC(4) PSYoungGen: 75258K(76288K)->10512K(74752K) Eden: 64778K(65536K)->0K(64000K) From: 10480K(10752K)->10512K(10752K)
[2026-03-23T15:56:04.361+0900][1.192s][info][gc,heap     ] GC(4) ParOldGen: 22073K(175104K)->28217K(175104K)
[2026-03-23T15:56:04.361+0900][1.192s][info][gc,metaspace] GC(4) Metaspace: 229K(384K)->229K(384K) NonClass: 214K(256K)->214K(256K) Class: 14K(128K)->14K(128K)
[2026-03-23T15:56:04.361+0900][1.192s][info][gc          ] GC(4) Pause Young (Allocation Failure) 95M->37M(244M) 2.241ms
[2026-03-23T15:56:04.361+0900][1.192s][info][gc,cpu      ] GC(4) User=0.00s Sys=0.00s Real=0.01s
[2026-03-23T15:56:04.591+0900][1.422s][info][gc,start    ] GC(5) Pause Young (Allocation Failure)
[2026-03-23T15:56:04.594+0900][1.424s][info][gc,heap     ] GC(5) PSYoungGen: 73730K(74752K)->10000K(72704K) Eden: 63218K(64000K)->0K(62464K) From: 10512K(10752K)->10000K(10240K)
[2026-03-23T15:56:04.594+0900][1.424s][info][gc,heap     ] GC(5) ParOldGen: 28217K(175104K)->36417K(175104K)
[2026-03-23T15:56:04.594+0900][1.424s][info][gc,metaspace] GC(5) Metaspace: 229K(384K)->229K(384K) NonClass: 214K(256K)->214K(256K) Class: 14K(128K)->14K(128K)
[2026-03-23T15:56:04.594+0900][1.424s][info][gc          ] GC(5) Pause Young (Allocation Failure) 99M->45M(242M) 2.685ms
[2026-03-23T15:56:04.594+0900][1.424s][info][gc,cpu      ] GC(5) User=0.01s Sys=0.00s Real=0.00s
[2026-03-23T15:56:04.824+0900][1.654s][info][gc,start    ] GC(6) Pause Young (Allocation Failure)
[2026-03-23T15:56:04.826+0900][1.657s][info][gc,heap     ] GC(6) PSYoungGen: 71655K(72704K)->10400K(72192K) Eden: 61655K(62464K)->0K(61440K) From: 10000K(10240K)->10400K(10752K)
[2026-03-23T15:56:04.826+0900][1.657s][info][gc,heap     ] GC(6) ParOldGen: 36417K(175104K)->42229K(175104K)
[2026-03-23T15:56:04.826+0900][1.657s][info][gc,metaspace] GC(6) Metaspace: 234K(448K)->234K(448K) NonClass: 219K(320K)->219K(320K) Class: 14K(128K)->14K(128K)
[2026-03-23T15:56:04.826+0900][1.657s][info][gc          ] GC(6) Pause Young (Allocation Failure) 105M->51M(241M) 2.500ms
[2026-03-23T15:56:04.826+0900][1.657s][info][gc,cpu      ] GC(6) User=0.00s Sys=0.01s Real=0.00s
[2026-03-23T15:56:05.043+0900][1.874s][info][gc,start    ] GC(7) Pause Young (Allocation Failure)
[2026-03-23T15:56:05.046+0900][1.876s][info][gc,heap     ] GC(7) PSYoungGen: 71526K(72192K)->8864K(69632K) Eden: 61125K(61440K)->0K(60416K) From: 10400K(10752K)->8864K(9216K)
[2026-03-23T15:56:05.046+0900][1.877s][info][gc,heap     ] GC(7) ParOldGen: 42229K(175104K)->50950K(175104K)
[2026-03-23T15:56:05.046+0900][1.877s][info][gc,metaspace] GC(7) Metaspace: 236K(448K)->236K(448K) NonClass: 222K(320K)->222K(320K) Class: 14K(128K)->14K(128K)
[2026-03-23T15:56:05.046+0900][1.877s][info][gc          ] GC(7) Pause Young (Allocation Failure) 111M->58M(239M) 3.058ms
[2026-03-23T15:56:05.046+0900][1.877s][info][gc,cpu      ] GC(7) User=0.00s Sys=0.00s Real=0.00s
[2026-03-23T15:56:05.264+0900][2.094s][info][gc,start    ] GC(8) Pause Young (Allocation Failure)
[2026-03-23T15:56:05.265+0900][2.095s][info][gc,heap     ] GC(8) PSYoungGen: 68947K(69632K)->10912K(70656K) Eden: 60083K(60416K)->0K(59392K) From: 8864K(9216K)->10912K(11264K)
[2026-03-23T15:56:05.265+0900][2.095s][info][gc,heap     ] GC(8) ParOldGen: 50950K(175104K)->55070K(175104K)
[2026-03-23T15:56:05.265+0900][2.095s][info][gc,metaspace] GC(8) Metaspace: 236K(448K)->236K(448K) NonClass: 222K(320K)->222K(320K) Class: 14K(128K)->14K(128K)
[2026-03-23T15:56:05.265+0900][2.095s][info][gc          ] GC(8) Pause Young (Allocation Failure) 117M->64M(240M) 0.716ms
[2026-03-23T15:56:05.265+0900][2.095s][info][gc,cpu      ] GC(8) User=0.00s Sys=0.00s Real=0.00s
[2026-03-23T15:56:05.478+0900][2.309s][info][gc,start    ] GC(9) Pause Young (Allocation Failure)
[2026-03-23T15:56:05.479+0900][2.310s][info][gc,heap     ] GC(9) PSYoungGen: 69952K(70656K)->8800K(67584K) Eden: 59039K(59392K)->0K(58368K) From: 10912K(11264K)->8800K(9216K)
[2026-03-23T15:56:05.479+0900][2.310s][info][gc,heap     ] GC(9) ParOldGen: 55070K(175104K)->63814K(175104K)
[2026-03-23T15:56:05.479+0900][2.310s][info][gc,metaspace] GC(9) Metaspace: 236K(448K)->236K(448K) NonClass: 222K(320K)->222K(320K) Class: 14K(128K)->14K(128K)
[2026-03-23T15:56:05.479+0900][2.310s][info][gc          ] GC(9) Pause Young (Allocation Failure) 122M->70M(237M) 1.047ms
[2026-03-23T15:56:05.479+0900][2.310s][info][gc,cpu      ] GC(9) User=0.00s Sys=0.01s Real=0.00s
[2026-03-23T15:56:05.690+0900][2.520s][info][gc,start    ] GC(10) Pause Young (Allocation Failure)
[2026-03-23T15:56:05.690+0900][2.521s][info][gc,heap     ] GC(10) PSYoungGen: 66796K(67584K)->6208K(64000K) Eden: 57996K(58368K)->0K(57344K) From: 8800K(9216K)->6208K(6656K)
[2026-03-23T15:56:05.691+0900][2.521s][info][gc,heap     ] GC(10) ParOldGen: 63814K(175104K)->72046K(175104K)
[2026-03-23T15:56:05.691+0900][2.521s][info][gc,metaspace] GC(10) Metaspace: 236K(448K)->236K(448K) NonClass: 222K(320K)->222K(320K) Class: 14K(128K)->14K(128K)
[2026-03-23T15:56:05.691+0900][2.521s][info][gc          ] GC(10) Pause Young (Allocation Failure) 127M->76M(233M) 1.039ms
[2026-03-23T15:56:05.691+0900][2.521s][info][gc,cpu      ] GC(10) User=0.00s Sys=0.00s Real=0.00s
[2026-03-23T15:56:05.887+0900][2.717s][info][gc,start    ] GC(11) Pause Young (Allocation Failure)
[2026-03-23T15:56:05.888+0900][2.718s][info][gc,heap     ] GC(11) PSYoungGen: 63160K(64000K)->7744K(67584K) Eden: 56952K(57344K)->0K(56320K) From: 6208K(6656K)->7744K(11264K)
[2026-03-23T15:56:05.888+0900][2.718s][info][gc,heap     ] GC(11) ParOldGen: 72046K(175104K)->78222K(175104K)
[2026-03-23T15:56:05.888+0900][2.718s][info][gc,metaspace] GC(11) Metaspace: 236K(448K)->236K(448K) NonClass: 222K(320K)->222K(320K) Class: 14K(128K)->14K(128K)
[2026-03-23T15:56:05.888+0900][2.718s][info][gc          ] GC(11) Pause Young (Allocation Failure) 132M->83M(237M) 0.918ms
[2026-03-23T15:56:05.888+0900][2.718s][info][gc,cpu      ] GC(11) User=0.00s Sys=0.00s Real=0.00s
[2026-03-23T15:56:06.085+0900][2.916s][info][gc,start    ] GC(12) Pause Young (Allocation Failure)
[2026-03-23T15:56:06.088+0900][2.918s][info][gc,heap     ] GC(12) PSYoungGen: 63653K(67584K)->8288K(64000K) Eden: 55908K(56320K)->0K(55296K) From: 7744K(11264K)->8288K(8704K)
[2026-03-23T15:56:06.088+0900][2.918s][info][gc,heap     ] GC(12) ParOldGen: 78222K(175104K)->84407K(175104K)
[2026-03-23T15:56:06.088+0900][2.918s][info][gc,metaspace] GC(12) Metaspace: 236K(448K)->236K(448K) NonClass: 222K(320K)->222K(320K) Class: 14K(128K)->14K(128K)
[2026-03-23T15:56:06.088+0900][2.918s][info][gc          ] GC(12) Pause Young (Allocation Failure) 138M->90M(233M) 2.437ms
[2026-03-23T15:56:06.088+0900][2.918s][info][gc,cpu      ] GC(12) User=0.00s Sys=0.00s Real=0.00s
[2026-03-23T15:56:06.285+0900][3.115s][info][gc,start    ] GC(13) Pause Young (Allocation Failure)
[2026-03-23T15:56:06.287+0900][3.118s][info][gc,heap     ] GC(13) PSYoungGen: 63153K(64000K)->7232K(65536K) Eden: 54864K(55296K)->0K(54272K) From: 8288K(8704K)->7232K(11264K)
[2026-03-23T15:56:06.287+0900][3.118s][info][gc,heap     ] GC(13) ParOldGen: 84407K(175104K)->91087K(175104K)
[2026-03-23T15:56:06.287+0900][3.118s][info][gc,metaspace] GC(13) Metaspace: 236K(448K)->236K(448K) NonClass: 222K(320K)->222K(320K) Class: 14K(128K)->14K(128K)
[2026-03-23T15:56:06.287+0900][3.118s][info][gc          ] GC(13) Pause Young (Allocation Failure) 144M->96M(235M) 2.528ms
[2026-03-23T15:56:06.287+0900][3.118s][info][gc,cpu      ] GC(13) User=0.00s Sys=0.00s Real=0.00s
[2026-03-23T15:56:06.485+0900][3.315s][info][gc,start    ] GC(14) Pause Young (Allocation Failure)
[2026-03-23T15:56:06.486+0900][3.316s][info][gc,heap     ] GC(14) PSYoungGen: 61052K(65536K)->6208K(59904K) Eden: 53820K(54272K)->0K(53248K) From: 7232K(11264K)->6208K(6656K)
[2026-03-23T15:56:06.486+0900][3.316s][info][gc,heap     ] GC(14) ParOldGen: 91087K(175104K)->96759K(175104K)
[2026-03-23T15:56:06.486+0900][3.316s][info][gc,metaspace] GC(14) Metaspace: 236K(448K)->236K(448K) NonClass: 222K(320K)->222K(320K) Class: 14K(128K)->14K(128K)
[2026-03-23T15:56:06.486+0900][3.316s][info][gc          ] GC(14) Pause Young (Allocation Failure) 148M->100M(229M) 0.966ms
[2026-03-23T15:56:06.486+0900][3.316s][info][gc,cpu      ] GC(14) User=0.00s Sys=0.00s Real=0.00s
[2026-03-23T15:56:06.673+0900][3.503s][info][gc,start    ] GC(15) Pause Young (Allocation Failure)
[2026-03-23T15:56:06.674+0900][3.504s][info][gc,heap     ] GC(15) PSYoungGen: 58984K(59904K)->6720K(64000K) Eden: 52776K(53248K)->0K(52224K) From: 6208K(6656K)->6720K(11776K)
[2026-03-23T15:56:06.674+0900][3.504s][info][gc,heap     ] GC(15) ParOldGen: 96759K(175104K)->102943K(175104K)
[2026-03-23T15:56:06.674+0900][3.504s][info][gc,metaspace] GC(15) Metaspace: 236K(448K)->236K(448K) NonClass: 222K(320K)->222K(320K) Class: 14K(128K)->14K(128K)
[2026-03-23T15:56:06.674+0900][3.504s][info][gc          ] GC(15) Pause Young (Allocation Failure) 152M->107M(233M) 1.108ms
[2026-03-23T15:56:06.674+0900][3.504s][info][gc,cpu      ] GC(15) User=0.00s Sys=0.00s Real=0.00s
[2026-03-23T15:56:06.866+0900][3.696s][info][gc,start    ] GC(16) Pause Young (Allocation Failure)
[2026-03-23T15:56:06.869+0900][3.699s][info][gc,heap     ] GC(16) PSYoungGen: 58490K(64000K)->6240K(57856K) Eden: 51770K(52224K)->0K(51200K) From: 6720K(11776K)->6240K(6656K)
[2026-03-23T15:56:06.869+0900][3.699s][info][gc,heap     ] GC(16) ParOldGen: 102943K(175104K)->109119K(175104K)
[2026-03-23T15:56:06.869+0900][3.699s][info][gc,metaspace] GC(16) Metaspace: 236K(448K)->236K(448K) NonClass: 222K(320K)->222K(320K) Class: 14K(128K)->14K(128K)
[2026-03-23T15:56:06.869+0900][3.699s][info][gc          ] GC(16) Pause Young (Allocation Failure) 157M->112M(227M) 2.541ms
[2026-03-23T15:56:06.869+0900][3.699s][info][gc,cpu      ] GC(16) User=0.00s Sys=0.00s Real=0.00s
[2026-03-23T15:56:07.050+0900][3.880s][info][gc,start    ] GC(17) Pause Young (Allocation Failure)
[2026-03-23T15:56:07.051+0900][3.882s][info][gc,heap     ] GC(17) PSYoungGen: 57433K(57856K)->6208K(61952K) Eden: 51193K(51200K)->0K(50176K) From: 6240K(6656K)->6208K(11776K)
[2026-03-23T15:56:07.051+0900][3.882s][info][gc,heap     ] GC(17) ParOldGen: 109119K(175104K)->115304K(175104K)
[2026-03-23T15:56:07.051+0900][3.882s][info][gc,metaspace] GC(17) Metaspace: 236K(448K)->236K(448K) NonClass: 222K(320K)->222K(320K) Class: 14K(128K)->14K(128K)
[2026-03-23T15:56:07.051+0900][3.882s][info][gc          ] GC(17) Pause Young (Allocation Failure) 162M->118M(231M) 1.598ms
[2026-03-23T15:56:07.051+0900][3.882s][info][gc,cpu      ] GC(17) User=0.00s Sys=0.01s Real=0.00s
[2026-03-23T15:56:07.227+0900][4.057s][info][gc,start    ] GC(18) Pause Young (Allocation Failure)
[2026-03-23T15:56:07.229+0900][4.059s][info][gc,heap     ] GC(18) PSYoungGen: 56359K(61952K)->5184K(54784K) Eden: 50151K(50176K)->0K(49152K) From: 6208K(11776K)->5184K(5632K)
[2026-03-23T15:56:07.229+0900][4.060s][info][gc,heap     ] GC(18) ParOldGen: 115304K(175104K)->121480K(175104K)
[2026-03-23T15:56:07.229+0900][4.060s][info][gc,metaspace] GC(18) Metaspace: 236K(448K)->236K(448K) NonClass: 222K(320K)->222K(320K) Class: 14K(128K)->14K(128K)
[2026-03-23T15:56:07.229+0900][4.060s][info][gc          ] GC(18) Pause Young (Allocation Failure) 167M->123M(224M) 2.479ms
[2026-03-23T15:56:07.229+0900][4.060s][info][gc,cpu      ] GC(18) User=0.01s Sys=0.00s Real=0.00s
[2026-03-23T15:56:07.405+0900][4.235s][info][gc,start    ] GC(19) Pause Young (Allocation Failure)
[2026-03-23T15:56:07.406+0900][4.236s][info][gc,heap     ] GC(19) PSYoungGen: 54289K(54784K)->6240K(58880K) Eden: 49105K(49152K)->0K(48128K) From: 5184K(5632K)->6240K(10752K)
[2026-03-23T15:56:07.406+0900][4.236s][info][gc,heap     ] GC(19) ParOldGen: 121480K(175104K)->126128K(175104K)
[2026-03-23T15:56:07.406+0900][4.236s][info][gc,metaspace] GC(19) Metaspace: 236K(448K)->236K(448K) NonClass: 222K(320K)->222K(320K) Class: 14K(128K)->14K(128K)
[2026-03-23T15:56:07.406+0900][4.236s][info][gc          ] GC(19) Pause Young (Allocation Failure) 171M->129M(228M) 0.735ms
[2026-03-23T15:56:07.406+0900][4.236s][info][gc,cpu      ] GC(19) User=0.00s Sys=0.00s Real=0.00s
[2026-03-23T15:56:07.577+0900][4.408s][info][gc,start    ] GC(20) Pause Young (Allocation Failure)
[2026-03-23T15:56:07.578+0900][4.409s][info][gc,heap     ] GC(20) PSYoungGen: 54300K(58880K)->4672K(59904K) Eden: 48060K(48128K)->0K(47616K) From: 6240K(10752K)->4672K(12288K)
[2026-03-23T15:56:07.578+0900][4.409s][info][gc,heap     ] GC(20) ParOldGen: 126128K(175104K)->132312K(175104K)
[2026-03-23T15:56:07.578+0900][4.409s][info][gc,metaspace] GC(20) Metaspace: 236K(448K)->236K(448K) NonClass: 222K(320K)->222K(320K) Class: 14K(128K)->14K(128K)
[2026-03-23T15:56:07.578+0900][4.409s][info][gc          ] GC(20) Pause Young (Allocation Failure) 176M->133M(229M) 1.089ms
[2026-03-23T15:56:07.579+0900][4.409s][info][gc,cpu      ] GC(20) User=0.00s Sys=0.01s Real=0.00s
[2026-03-23T15:56:07.741+0900][4.572s][info][gc,start    ] GC(21) Pause Young (Allocation Failure)
[2026-03-23T15:56:07.742+0900][4.572s][info][gc,heap     ] GC(21) PSYoungGen: 51698K(59904K)->6720K(58368K) Eden: 47025K(47616K)->0K(47104K) From: 4672K(12288K)->6720K(11264K)
[2026-03-23T15:56:07.742+0900][4.572s][info][gc,heap     ] GC(21) ParOldGen: 132312K(175104K)->136960K(175104K)
[2026-03-23T15:56:07.742+0900][4.572s][info][gc,metaspace] GC(21) Metaspace: 236K(448K)->236K(448K) NonClass: 222K(320K)->222K(320K) Class: 14K(128K)->14K(128K)
[2026-03-23T15:56:07.742+0900][4.572s][info][gc          ] GC(21) Pause Young (Allocation Failure) 179M->140M(228M) 0.972ms
[2026-03-23T15:56:07.742+0900][4.572s][info][gc,cpu      ] GC(21) User=0.00s Sys=0.00s Real=0.00s
[2026-03-23T15:56:07.906+0900][4.737s][info][gc,start    ] GC(22) Pause Young (Allocation Failure)
[2026-03-23T15:56:07.908+0900][4.738s][info][gc,heap     ] GC(22) PSYoungGen: 53223K(58368K)->6208K(53248K) Eden: 46503K(47104K)->0K(46592K) From: 6720K(11264K)->6208K(6656K)
[2026-03-23T15:56:07.908+0900][4.738s][info][gc,heap     ] GC(22) ParOldGen: 136960K(175104K)->142120K(175104K)
[2026-03-23T15:56:07.908+0900][4.738s][info][gc,metaspace] GC(22) Metaspace: 238K(448K)->238K(448K) NonClass: 223K(320K)->223K(320K) Class: 14K(128K)->14K(128K)
[2026-03-23T15:56:07.908+0900][4.738s][info][gc          ] GC(22) Pause Young (Allocation Failure) 185M->144M(223M) 1.155ms
[2026-03-23T15:56:07.908+0900][4.738s][info][gc,cpu      ] GC(22) User=0.00s Sys=0.00s Real=0.00s
[2026-03-23T15:56:08.072+0900][4.902s][info][gc,start    ] GC(23) Pause Young (Allocation Failure)
[2026-03-23T15:56:08.073+0900][4.903s][info][gc,heap     ] GC(23) PSYoungGen: 52701K(53248K)->5184K(57344K) Eden: 46493K(46592K)->0K(46080K) From: 6208K(6656K)->5184K(11264K)
[2026-03-23T15:56:08.073+0900][4.903s][info][gc,heap     ] GC(23) ParOldGen: 142120K(175104K)->147793K(175104K)
[2026-03-23T15:56:08.073+0900][4.903s][info][gc,metaspace] GC(23) Metaspace: 238K(448K)->238K(448K) NonClass: 223K(320K)->223K(320K) Class: 14K(128K)->14K(128K)
[2026-03-23T15:56:08.073+0900][4.903s][info][gc          ] GC(23) Pause Young (Allocation Failure) 190M->149M(227M) 1.076ms
[2026-03-23T15:56:08.073+0900][4.903s][info][gc,cpu      ] GC(23) User=0.00s Sys=0.00s Real=0.00s
[2026-03-23T15:56:08.233+0900][5.064s][info][gc,start    ] GC(24) Pause Young (Allocation Failure)
[2026-03-23T15:56:08.236+0900][5.066s][info][gc,heap     ] GC(24) PSYoungGen: 51155K(57344K)->6240K(52224K) Eden: 45970K(46080K)->0K(45568K) From: 5184K(11264K)->6240K(6656K)
[2026-03-23T15:56:08.236+0900][5.066s][info][gc,heap     ] GC(24) ParOldGen: 147793K(175104K)->152425K(175104K)
[2026-03-23T15:56:08.236+0900][5.066s][info][gc,metaspace] GC(24) Metaspace: 238K(448K)->238K(448K) NonClass: 223K(320K)->223K(320K) Class: 14K(128K)->14K(128K)
[2026-03-23T15:56:08.236+0900][5.066s][info][gc          ] GC(24) Pause Young (Allocation Failure) 194M->154M(222M) 2.782ms
[2026-03-23T15:56:08.236+0900][5.066s][info][gc,cpu      ] GC(24) User=0.00s Sys=0.01s Real=0.00s
[2026-03-23T15:56:08.400+0900][5.230s][info][gc,start    ] GC(25) Pause Young (Allocation Failure)
[2026-03-23T15:56:08.402+0900][5.232s][info][gc,heap     ] GC(25) PSYoungGen: 51688K(52224K)->6720K(55296K) Eden: 45448K(45568K)->0K(45056K) From: 6240K(6656K)->6720K(10240K)
[2026-03-23T15:56:08.402+0900][5.233s][info][gc,heap     ] GC(25) ParOldGen: 152425K(175104K)->157065K(175104K)
[2026-03-23T15:56:08.402+0900][5.233s][info][gc,metaspace] GC(25) Metaspace: 238K(448K)->238K(448K) NonClass: 223K(320K)->223K(320K) Class: 14K(128K)->14K(128K)
[2026-03-23T15:56:08.402+0900][5.233s][info][gc          ] GC(25) Pause Young (Allocation Failure) 199M->159M(225M) 2.395ms
[2026-03-23T15:56:08.402+0900][5.233s][info][gc,cpu      ] GC(25) User=0.00s Sys=0.00s Real=0.00s
[2026-03-23T15:56:08.569+0900][5.399s][info][gc,start    ] GC(26) Pause Young (Allocation Failure)
[2026-03-23T15:56:08.572+0900][5.402s][info][gc,heap     ] GC(26) PSYoungGen: 51646K(55296K)->5216K(50176K) Eden: 44926K(45056K)->0K(44544K) From: 6720K(10240K)->5216K(5632K)
[2026-03-23T15:56:08.572+0900][5.402s][info][gc,heap     ] GC(26) ParOldGen: 157065K(175104K)->163241K(175104K)
[2026-03-23T15:56:08.572+0900][5.402s][info][gc,metaspace] GC(26) Metaspace: 238K(448K)->238K(448K) NonClass: 223K(320K)->223K(320K) Class: 14K(128K)->14K(128K)
[2026-03-23T15:56:08.572+0900][5.402s][info][gc          ] GC(26) Pause Young (Allocation Failure) 203M->164M(220M) 2.452ms
[2026-03-23T15:56:08.572+0900][5.402s][info][gc,cpu      ] GC(26) User=0.00s Sys=0.00s Real=0.01s
[2026-03-23T15:56:08.738+0900][5.568s][info][gc,start    ] GC(27) Pause Young (Allocation Failure)
[2026-03-23T15:56:08.738+0900][5.569s][info][gc,heap     ] GC(27) PSYoungGen: 49620K(50176K)->4672K(53760K) Eden: 44404K(44544K)->0K(44032K) From: 5216K(5632K)->4672K(9728K)
[2026-03-23T15:56:08.738+0900][5.569s][info][gc,heap     ] GC(27) ParOldGen: 163241K(175104K)->167889K(175104K)
[2026-03-23T15:56:08.738+0900][5.569s][info][gc,metaspace] GC(27) Metaspace: 238K(448K)->238K(448K) NonClass: 223K(320K)->223K(320K) Class: 14K(128K)->14K(128K)
[2026-03-23T15:56:08.738+0900][5.569s][info][gc          ] GC(27) Pause Young (Allocation Failure) 207M->168M(223M) 0.612ms
[2026-03-23T15:56:08.738+0900][5.569s][info][gc,cpu      ] GC(27) User=0.00s Sys=0.01s Real=0.00s
[2026-03-23T15:56:08.893+0900][5.723s][info][gc,start    ] GC(28) Pause Young (Allocation Failure)
[2026-03-23T15:56:08.894+0900][5.725s][info][gc,heap     ] GC(28) PSYoungGen: 48554K(53760K)->5184K(49152K) Eden: 43882K(44032K)->0K(43520K) From: 4672K(9728K)->5184K(5632K)
[2026-03-23T15:56:08.894+0900][5.725s][info][gc,heap     ] GC(28) ParOldGen: 167889K(175104K)->172537K(175104K)
[2026-03-23T15:56:08.894+0900][5.725s][info][gc,metaspace] GC(28) Metaspace: 238K(448K)->238K(448K) NonClass: 223K(320K)->223K(320K) Class: 14K(128K)->14K(128K)
[2026-03-23T15:56:08.894+0900][5.725s][info][gc          ] GC(28) Pause Young (Allocation Failure) 211M->173M(219M) 1.233ms
[2026-03-23T15:56:08.894+0900][5.725s][info][gc,cpu      ] GC(28) User=0.00s Sys=0.00s Real=0.00s
[2026-03-23T15:56:09.050+0900][5.880s][info][gc,start    ] GC(29) Pause Young (Allocation Failure)
[2026-03-23T15:56:09.051+0900][5.881s][info][gc,heap     ] GC(29) PSYoungGen: 48544K(49152K)->5184K(53248K) Eden: 43360K(43520K)->0K(43008K) From: 5184K(5632K)->5184K(10240K)
[2026-03-23T15:56:09.051+0900][5.881s][info][gc,heap     ] GC(29) ParOldGen: 172537K(175104K)->177185K(178176K)
[2026-03-23T15:56:09.051+0900][5.881s][info][gc,metaspace] GC(29) Metaspace: 238K(448K)->238K(448K) NonClass: 223K(320K)->223K(320K) Class: 14K(128K)->14K(128K)
[2026-03-23T15:56:09.051+0900][5.881s][info][gc          ] GC(29) Pause Young (Allocation Failure) 215M->178M(226M) 0.746ms
[2026-03-23T15:56:09.051+0900][5.881s][info][gc,cpu      ] GC(29) User=0.00s Sys=0.00s Real=0.00s
[2026-03-23T15:56:09.200+0900][6.030s][info][gc,start    ] GC(30) Pause Young (Allocation Failure)
[2026-03-23T15:56:09.202+0900][6.032s][info][gc,heap     ] GC(30) PSYoungGen: 48022K(53248K)->6208K(49152K) Eden: 42838K(43008K)->0K(42496K) From: 5184K(10240K)->6208K(6656K)
[2026-03-23T15:56:09.202+0900][6.032s][info][gc,heap     ] GC(30) ParOldGen: 177185K(178176K)->181826K(182784K)
[2026-03-23T15:56:09.202+0900][6.032s][info][gc,metaspace] GC(30) Metaspace: 238K(448K)->238K(448K) NonClass: 223K(320K)->223K(320K) Class: 14K(128K)->14K(128K)
[2026-03-23T15:56:09.202+0900][6.032s][info][gc          ] GC(30) Pause Young (Allocation Failure) 219M->183M(226M) 2.534ms
[2026-03-23T15:56:09.202+0900][6.032s][info][gc,cpu      ] GC(30) User=0.01s Sys=0.00s Real=0.00s
[2026-03-23T15:56:09.355+0900][6.185s][info][gc,start    ] GC(31) Pause Young (Allocation Failure)
[2026-03-23T15:56:09.358+0900][6.188s][info][gc,heap     ] GC(31) PSYoungGen: 48524K(49152K)->6752K(51712K) Eden: 42316K(42496K)->0K(41984K) From: 6208K(6656K)->6752K(9728K)
[2026-03-23T15:56:09.358+0900][6.188s][info][gc,heap     ] GC(31) ParOldGen: 181826K(182784K)->186474K(187392K)
[2026-03-23T15:56:09.358+0900][6.188s][info][gc,metaspace] GC(31) Metaspace: 238K(448K)->238K(448K) NonClass: 223K(320K)->223K(320K) Class: 14K(128K)->14K(128K)
[2026-03-23T15:56:09.358+0900][6.188s][info][gc          ] GC(31) Pause Young (Allocation Failure) 224M->188M(233M) 2.889ms
[2026-03-23T15:56:09.358+0900][6.188s][info][gc,cpu      ] GC(31) User=0.01s Sys=0.01s Real=0.00s
[2026-03-23T15:56:09.511+0900][6.342s][info][gc,start    ] GC(32) Pause Young (Allocation Failure)
[2026-03-23T15:56:09.514+0900][6.344s][info][gc,heap     ] GC(32) PSYoungGen: 48546K(51712K)->6240K(48128K) Eden: 41794K(41984K)->0K(41472K) From: 6752K(9728K)->6240K(6656K)
[2026-03-23T15:56:09.514+0900][6.344s][info][gc,heap     ] GC(32) ParOldGen: 186474K(187392K)->191626K(192000K)
[2026-03-23T15:56:09.514+0900][6.344s][info][gc,metaspace] GC(32) Metaspace: 238K(448K)->238K(448K) NonClass: 223K(320K)->223K(320K) Class: 14K(128K)->14K(128K)
[2026-03-23T15:56:09.514+0900][6.344s][info][gc          ] GC(32) Pause Young (Allocation Failure) 229M->193M(234M) 2.617ms
[2026-03-23T15:56:09.514+0900][6.344s][info][gc,cpu      ] GC(32) User=0.01s Sys=0.00s Real=0.00s
[2026-03-23T15:56:09.667+0900][6.497s][info][gc,start    ] GC(33) Pause Young (Allocation Failure)
[2026-03-23T15:56:09.671+0900][6.501s][info][gc,heap     ] GC(33) PSYoungGen: 47512K(48128K)->5696K(50176K) Eden: 41272K(41472K)->0K(40960K) From: 6240K(6656K)->5696K(9216K)
[2026-03-23T15:56:09.671+0900][6.501s][info][gc,heap     ] GC(33) ParOldGen: 191626K(192000K)->196258K(197632K)
[2026-03-23T15:56:09.671+0900][6.501s][info][gc,metaspace] GC(33) Metaspace: 238K(448K)->238K(448K) NonClass: 223K(320K)->223K(320K) Class: 14K(128K)->14K(128K)
[2026-03-23T15:56:09.671+0900][6.501s][info][gc          ] GC(33) Pause Young (Allocation Failure) 233M->197M(242M) 4.142ms
[2026-03-23T15:56:09.671+0900][6.501s][info][gc,cpu      ] GC(33) User=0.01s Sys=0.00s Real=0.01s
[2026-03-23T15:56:09.822+0900][6.652s][info][gc,start    ] GC(34) Pause Young (Allocation Failure)
[2026-03-23T15:56:09.824+0900][6.654s][info][gc,heap     ] GC(34) PSYoungGen: 46446K(50176K)->5248K(46080K) Eden: 40750K(40960K)->0K(40448K) From: 5696K(9216K)->5248K(5632K)
[2026-03-23T15:56:09.824+0900][6.654s][info][gc,heap     ] GC(34) ParOldGen: 196258K(197632K)->200394K(201728K)
[2026-03-23T15:56:09.824+0900][6.654s][info][gc,metaspace] GC(34) Metaspace: 238K(448K)->238K(448K) NonClass: 223K(320K)->223K(320K) Class: 14K(128K)->14K(128K)
[2026-03-23T15:56:09.824+0900][6.654s][info][gc          ] GC(34) Pause Young (Allocation Failure) 237M->200M(242M) 1.916ms
[2026-03-23T15:56:09.824+0900][6.654s][info][gc,cpu      ] GC(34) User=0.01s Sys=0.01s Real=0.00s
[2026-03-23T15:56:09.964+0900][6.794s][info][gc,start    ] GC(35) Pause Young (Allocation Failure)
[2026-03-23T15:56:09.966+0900][6.796s][info][gc,heap     ] GC(35) PSYoungGen: 45476K(46080K)->5184K(48640K) Eden: 40228K(40448K)->0K(39936K) From: 5248K(5632K)->5184K(8704K)
[2026-03-23T15:56:09.966+0900][6.796s][info][gc,heap     ] GC(35) ParOldGen: 200394K(201728K)->205018K(206336K)
[2026-03-23T15:56:09.966+0900][6.796s][info][gc,metaspace] GC(35) Metaspace: 238K(448K)->238K(448K) NonClass: 223K(320K)->223K(320K) Class: 14K(128K)->14K(128K)
[2026-03-23T15:56:09.966+0900][6.796s][info][gc          ] GC(35) Pause Young (Allocation Failure) 240M->205M(249M) 1.932ms
[2026-03-23T15:56:09.966+0900][6.796s][info][gc,cpu      ] GC(35) User=0.01s Sys=0.00s Real=0.00s
[2026-03-23T15:56:10.111+0900][6.941s][info][gc,start    ] GC(36) Pause Young (Allocation Failure)
[2026-03-23T15:56:10.113+0900][6.943s][info][gc,heap     ] GC(36) PSYoungGen: 44890K(48640K)->4672K(44544K) Eden: 39705K(39936K)->0K(39424K) From: 5184K(8704K)->4672K(5120K)
[2026-03-23T15:56:10.113+0900][6.943s][info][gc,heap     ] GC(36) ParOldGen: 205018K(206336K)->209658K(210944K)
[2026-03-23T15:56:10.113+0900][6.943s][info][gc,metaspace] GC(36) Metaspace: 238K(448K)->238K(448K) NonClass: 223K(320K)->223K(320K) Class: 14K(128K)->14K(128K)
[2026-03-23T15:56:10.113+0900][6.943s][info][gc          ] GC(36) Pause Young (Allocation Failure) 244M->209M(249M) 1.886ms
[2026-03-23T15:56:10.113+0900][6.943s][info][gc,cpu      ] GC(36) User=0.00s Sys=0.00s Real=0.00s
[2026-03-23T15:56:10.249+0900][7.079s][info][gc,start    ] GC(37) Pause Young (Allocation Failure)
[2026-03-23T15:56:10.252+0900][7.082s][info][gc,heap     ] GC(37) PSYoungGen: 43856K(44544K)->5152K(47616K) Eden: 39183K(39424K)->0K(38912K) From: 4672K(5120K)->5152K(8704K)
[2026-03-23T15:56:10.252+0900][7.082s][info][gc,heap     ] GC(37) ParOldGen: 209658K(210944K)->214291K(215552K)
[2026-03-23T15:56:10.252+0900][7.082s][info][gc,metaspace] GC(37) Metaspace: 238K(448K)->238K(448K) NonClass: 223K(320K)->223K(320K) Class: 14K(128K)->14K(128K)
[2026-03-23T15:56:10.252+0900][7.082s][info][gc          ] GC(37) Pause Young (Allocation Failure) 247M->214M(257M) 3.067ms
[2026-03-23T15:56:10.252+0900][7.082s][info][gc,cpu      ] GC(37) User=0.00s Sys=0.00s Real=0.01s
[2026-03-23T15:56:10.391+0900][7.222s][info][gc,start    ] GC(38) Pause Young (Allocation Failure)
[2026-03-23T15:56:10.393+0900][7.224s][info][gc,heap     ] GC(38) PSYoungGen: 43814K(47616K)->5216K(44032K) Eden: 38661K(38912K)->0K(38400K) From: 5152K(8704K)->5216K(5632K)
[2026-03-23T15:56:10.393+0900][7.224s][info][gc,heap     ] GC(38) ParOldGen: 214291K(215552K)->218931K(220160K)
[2026-03-23T15:56:10.393+0900][7.224s][info][gc,metaspace] GC(38) Metaspace: 238K(448K)->238K(448K) NonClass: 223K(320K)->223K(320K) Class: 14K(128K)->14K(128K)
[2026-03-23T15:56:10.393+0900][7.224s][info][gc          ] GC(38) Pause Young (Allocation Failure) 252M->218M(258M) 2.123ms
[2026-03-23T15:56:10.393+0900][7.224s][info][gc,cpu      ] GC(38) User=0.00s Sys=0.00s Real=0.00s
[2026-03-23T15:56:10.536+0900][7.366s][info][gc,start    ] GC(39) Pause Young (Allocation Failure)
[2026-03-23T15:56:10.539+0900][7.369s][info][gc,heap     ] GC(39) PSYoungGen: 43355K(44032K)->4672K(46080K) Eden: 38139K(38400K)->0K(37888K) From: 5216K(5632K)->4672K(8192K)
[2026-03-23T15:56:10.539+0900][7.369s][info][gc,heap     ] GC(39) ParOldGen: 218931K(220160K)->223571K(224768K)
[2026-03-23T15:56:10.539+0900][7.369s][info][gc,metaspace] GC(39) Metaspace: 238K(448K)->238K(448K) NonClass: 223K(320K)->223K(320K) Class: 14K(128K)->14K(128K)
[2026-03-23T15:56:10.539+0900][7.369s][info][gc          ] GC(39) Pause Young (Allocation Failure) 256M->222M(264M) 2.764ms
[2026-03-23T15:56:10.539+0900][7.369s][info][gc,cpu      ] GC(39) User=0.00s Sys=0.01s Real=0.00s
[2026-03-23T15:56:10.680+0900][7.510s][info][gc,start    ] GC(40) Pause Young (Allocation Failure)
[2026-03-23T15:56:10.682+0900][7.512s][info][gc,heap     ] GC(40) PSYoungGen: 42289K(46080K)->5216K(43008K) Eden: 37617K(37888K)->0K(37376K) From: 4672K(8192K)->5216K(5632K)
[2026-03-23T15:56:10.682+0900][7.512s][info][gc,heap     ] GC(40) ParOldGen: 223571K(224768K)->226667K(227840K)
[2026-03-23T15:56:10.682+0900][7.512s][info][gc,metaspace] GC(40) Metaspace: 238K(448K)->238K(448K) NonClass: 223K(320K)->223K(320K) Class: 14K(128K)->14K(128K)
[2026-03-23T15:56:10.682+0900][7.512s][info][gc          ] GC(40) Pause Young (Allocation Failure) 259M->226M(264M) 2.325ms
[2026-03-23T15:56:10.682+0900][7.512s][info][gc,cpu      ] GC(40) User=0.00s Sys=0.00s Real=0.00s
[2026-03-23T15:56:10.817+0900][7.648s][info][gc,start    ] GC(41) Pause Young (Allocation Failure)
[2026-03-23T15:56:10.820+0900][7.650s][info][gc,heap     ] GC(41) PSYoungGen: 42311K(43008K)->5184K(44032K) Eden: 37095K(37376K)->0K(36864K) From: 5216K(5632K)->5184K(7168K)
[2026-03-23T15:56:10.820+0900][7.650s][info][gc,heap     ] GC(41) ParOldGen: 226667K(227840K)->231315K(231936K)
[2026-03-23T15:56:10.820+0900][7.650s][info][gc,metaspace] GC(41) Metaspace: 238K(448K)->238K(448K) NonClass: 223K(320K)->223K(320K) Class: 14K(128K)->14K(128K)
[2026-03-23T15:56:10.820+0900][7.651s][info][gc          ] GC(41) Pause Young (Allocation Failure) 262M->230M(269M) 2.839ms
[2026-03-23T15:56:10.820+0900][7.651s][info][gc,cpu      ] GC(41) User=0.00s Sys=0.00s Real=0.01s
[2026-03-23T15:56:10.953+0900][7.783s][info][gc,start    ] GC(42) Pause Young (Allocation Failure)
[2026-03-23T15:56:10.954+0900][7.784s][info][gc,heap     ] GC(42) PSYoungGen: 41757K(44032K)->4704K(41472K) Eden: 36573K(36864K)->0K(36352K) From: 5184K(7168K)->4704K(5120K)
[2026-03-23T15:56:10.954+0900][7.784s][info][gc,heap     ] GC(42) ParOldGen: 231315K(231936K)->235963K(236032K)
[2026-03-23T15:56:10.954+0900][7.784s][info][gc,metaspace] GC(42) Metaspace: 238K(448K)->238K(448K) NonClass: 223K(320K)->223K(320K) Class: 14K(128K)->14K(128K)
[2026-03-23T15:56:10.954+0900][7.784s][info][gc          ] GC(42) Pause Young (Allocation Failure) 266M->235M(271M) 1.032ms
[2026-03-23T15:56:10.954+0900][7.784s][info][gc,cpu      ] GC(42) User=0.00s Sys=0.01s Real=0.00s
[2026-03-23T15:56:11.086+0900][7.917s][info][gc,start    ] GC(43) Pause Young (Allocation Failure)
[2026-03-23T15:56:11.087+0900][7.918s][info][gc,heap     ] GC(43) PSYoungGen: 40755K(41472K)->5184K(43520K) Eden: 36051K(36352K)->0K(35840K) From: 4704K(5120K)->5184K(7680K)
[2026-03-23T15:56:11.087+0900][7.918s][info][gc,heap     ] GC(43) ParOldGen: 235963K(236032K)->239075K(240128K)
[2026-03-23T15:56:11.087+0900][7.918s][info][gc,metaspace] GC(43) Metaspace: 238K(448K)->238K(448K) NonClass: 223K(320K)->223K(320K) Class: 14K(128K)->14K(128K)
[2026-03-23T15:56:11.087+0900][7.918s][info][gc          ] GC(43) Pause Young (Allocation Failure) 270M->238M(277M) 1.019ms
[2026-03-23T15:56:11.087+0900][7.918s][info][gc,cpu      ] GC(43) User=0.00s Sys=0.00s Real=0.00s
[2026-03-23T15:56:11.211+0900][8.041s][info][gc,start    ] GC(44) Pause Young (Allocation Failure)
[2026-03-23T15:56:11.212+0900][8.042s][info][gc,heap     ] GC(44) PSYoungGen: 40713K(43520K)->5216K(40960K) Eden: 35529K(35840K)->0K(35328K) From: 5184K(7680K)->5216K(5632K)
[2026-03-23T15:56:11.212+0900][8.042s][info][gc,heap     ] GC(44) ParOldGen: 239075K(240128K)->243723K(244736K)
[2026-03-23T15:56:11.212+0900][8.042s][info][gc,metaspace] GC(44) Metaspace: 238K(448K)->238K(448K) NonClass: 223K(320K)->223K(320K) Class: 14K(128K)->14K(128K)
[2026-03-23T15:56:11.212+0900][8.042s][info][gc          ] GC(44) Pause Young (Allocation Failure) 273M->243M(279M) 1.116ms
[2026-03-23T15:56:11.212+0900][8.042s][info][gc,cpu      ] GC(44) User=0.00s Sys=0.00s Real=0.00s
[2026-03-23T15:56:11.339+0900][8.169s][info][gc,start    ] GC(45) Pause Young (Allocation Failure)
[2026-03-23T15:56:11.341+0900][8.171s][info][gc,heap     ] GC(45) PSYoungGen: 40223K(40960K)->3136K(42496K) Eden: 35007K(35328K)->0K(34816K) From: 5216K(5632K)->3136K(7680K)
[2026-03-23T15:56:11.341+0900][8.171s][info][gc,heap     ] GC(45) ParOldGen: 243723K(244736K)->248356K(249344K)
[2026-03-23T15:56:11.341+0900][8.171s][info][gc,metaspace] GC(45) Metaspace: 238K(448K)->238K(448K) NonClass: 223K(320K)->223K(320K) Class: 14K(128K)->14K(128K)
[2026-03-23T15:56:11.341+0900][8.171s][info][gc          ] GC(45) Pause Young (Allocation Failure) 277M->245M(285M) 1.851ms
[2026-03-23T15:56:11.341+0900][8.171s][info][gc,cpu      ] GC(45) User=0.01s Sys=0.00s Real=0.01s
[2026-03-23T15:56:11.462+0900][8.292s][info][gc,start    ] GC(46) Pause Young (Allocation Failure)
[2026-03-23T15:56:11.463+0900][8.293s][info][gc,heap     ] GC(46) PSYoungGen: 37621K(42496K)->5184K(39936K) Eden: 34485K(34816K)->0K(34304K) From: 3136K(7680K)->5184K(5632K)
[2026-03-23T15:56:11.463+0900][8.294s][info][gc,heap     ] GC(46) ParOldGen: 248356K(249344K)->251452K(252416K)
[2026-03-23T15:56:11.463+0900][8.294s][info][gc,metaspace] GC(46) Metaspace: 238K(448K)->238K(448K) NonClass: 223K(320K)->223K(320K) Class: 14K(128K)->14K(128K)
[2026-03-23T15:56:11.463+0900][8.294s][info][gc          ] GC(46) Pause Young (Allocation Failure) 279M->250M(285M) 1.608ms
[2026-03-23T15:56:11.463+0900][8.294s][info][gc,cpu      ] GC(46) User=0.00s Sys=0.00s Real=0.00s
[2026-03-23T15:56:11.590+0900][8.420s][info][gc,start    ] GC(47) Pause Young (Allocation Failure)
[2026-03-23T15:56:11.591+0900][8.421s][info][gc,heap     ] GC(47) PSYoungGen: 39147K(39936K)->3648K(40960K) Eden: 33963K(34304K)->0K(33792K) From: 5184K(5632K)->3648K(7168K)
[2026-03-23T15:56:11.591+0900][8.421s][info][gc,heap     ] GC(47) ParOldGen: 251452K(252416K)->256108K(257536K)
[2026-03-23T15:56:11.591+0900][8.421s][info][gc,metaspace] GC(47) Metaspace: 238K(448K)->238K(448K) NonClass: 223K(320K)->223K(320K) Class: 14K(128K)->14K(128K)
[2026-03-23T15:56:11.591+0900][8.421s][info][gc          ] GC(47) Pause Young (Allocation Failure) 283M->253M(291M) 1.257ms
[2026-03-23T15:56:11.591+0900][8.421s][info][gc,cpu      ] GC(47) User=0.00s Sys=0.00s Real=0.00s
[2026-03-23T15:56:11.709+0900][8.539s][info][gc,start    ] GC(48) Pause Young (Allocation Failure)
[2026-03-23T15:56:11.710+0900][8.540s][info][gc,heap     ] GC(48) PSYoungGen: 37089K(40960K)->4736K(38400K) Eden: 33441K(33792K)->0K(33280K) From: 3648K(7168K)->4736K(5120K)
[2026-03-23T15:56:11.710+0900][8.540s][info][gc,heap     ] GC(48) ParOldGen: 256108K(257536K)->259212K(260608K)
[2026-03-23T15:56:11.710+0900][8.540s][info][gc,metaspace] GC(48) Metaspace: 238K(448K)->238K(448K) NonClass: 223K(320K)->223K(320K) Class: 14K(128K)->14K(128K)
[2026-03-23T15:56:11.710+0900][8.540s][info][gc          ] GC(48) Pause Young (Allocation Failure) 286M->257M(292M) 0.898ms
[2026-03-23T15:56:11.710+0900][8.540s][info][gc,cpu      ] GC(48) User=0.01s Sys=0.01s Real=0.01s
[2026-03-23T15:56:11.828+0900][8.658s][info][gc,start    ] GC(49) Pause Young (Allocation Failure)
[2026-03-23T15:56:11.829+0900][8.659s][info][gc,heap     ] GC(49) PSYoungGen: 37655K(38400K)->5216K(39936K) Eden: 32919K(33280K)->0K(32768K) From: 4736K(5120K)->5216K(7168K)
[2026-03-23T15:56:11.829+0900][8.659s][info][gc,heap     ] GC(49) ParOldGen: 259212K(260608K)->262324K(263680K)
[2026-03-23T15:56:11.829+0900][8.659s][info][gc,metaspace] GC(49) Metaspace: 238K(448K)->238K(448K) NonClass: 223K(320K)->223K(320K) Class: 14K(128K)->14K(128K)
[2026-03-23T15:56:11.829+0900][8.659s][info][gc          ] GC(49) Pause Young (Allocation Failure) 289M->261M(296M) 0.967ms
[2026-03-23T15:56:11.829+0900][8.659s][info][gc,cpu      ] GC(49) User=0.00s Sys=0.00s Real=0.00s
[2026-03-23T15:56:11.946+0900][8.776s][info][gc,start    ] GC(50) Pause Young (Allocation Failure)
[2026-03-23T15:56:11.947+0900][8.778s][info][gc,heap     ] GC(50) PSYoungGen: 37613K(39936K)->3616K(36352K) Eden: 32397K(32768K)->0K(32256K) From: 5216K(7168K)->3616K(4096K)
[2026-03-23T15:56:11.947+0900][8.778s][info][gc,heap     ] GC(50) ParOldGen: 262324K(263680K)->266980K(267776K)
[2026-03-23T15:56:11.947+0900][8.778s][info][gc,metaspace] GC(50) Metaspace: 238K(448K)->238K(448K) NonClass: 223K(320K)->223K(320K) Class: 14K(128K)->14K(128K)
[2026-03-23T15:56:11.947+0900][8.778s][info][gc          ] GC(50) Pause Young (Allocation Failure) 292M->264M(297M) 1.278ms
[2026-03-23T15:56:11.947+0900][8.778s][info][gc,cpu      ] GC(50) User=0.00s Sys=0.00s Real=0.00s
[2026-03-23T15:56:12.063+0900][8.893s][info][gc,start    ] GC(51) Pause Young (Allocation Failure)
[2026-03-23T15:56:12.064+0900][8.894s][info][gc,heap     ] GC(51) PSYoungGen: 35491K(36352K)->4704K(37888K) Eden: 31875K(32256K)->0K(31744K) From: 3616K(4096K)->4704K(6144K)
[2026-03-23T15:56:12.064+0900][8.894s][info][gc,heap     ] GC(51) ParOldGen: 266980K(267776K)->270084K(270848K)
[2026-03-23T15:56:12.064+0900][8.894s][info][gc,metaspace] GC(51) Metaspace: 238K(448K)->238K(448K) NonClass: 223K(320K)->223K(320K) Class: 14K(128K)->14K(128K)
[2026-03-23T15:56:12.064+0900][8.894s][info][gc          ] GC(51) Pause Young (Allocation Failure) 295M->268M(301M) 1.008ms
[2026-03-23T15:56:12.064+0900][8.894s][info][gc,cpu      ] GC(51) User=0.01s Sys=0.00s Real=0.00s
[2026-03-23T15:56:12.178+0900][9.009s][info][gc,start    ] GC(52) Pause Young (Allocation Failure)
[2026-03-23T15:56:12.180+0900][9.010s][info][gc,heap     ] GC(52) PSYoungGen: 36057K(37888K)->5216K(36864K) Eden: 31353K(31744K)->0K(31232K) From: 4704K(6144K)->5216K(5632K)
[2026-03-23T15:56:12.180+0900][9.010s][info][gc,heap     ] GC(52) ParOldGen: 270084K(270848K)->273196K(273920K)
[2026-03-23T15:56:12.180+0900][9.010s][info][gc,metaspace] GC(52) Metaspace: 238K(448K)->238K(448K) NonClass: 223K(320K)->223K(320K) Class: 14K(128K)->14K(128K)
[2026-03-23T15:56:12.180+0900][9.010s][info][gc          ] GC(52) Pause Young (Allocation Failure) 298M->271M(303M) 1.306ms
[2026-03-23T15:56:12.180+0900][9.010s][info][gc,cpu      ] GC(52) User=0.00s Sys=0.00s Real=0.01s
[2026-03-23T15:56:12.294+0900][9.124s][info][gc,start    ] GC(53) Pause Young (Allocation Failure)
[2026-03-23T15:56:12.297+0900][9.127s][info][gc,heap     ] GC(53) PSYoungGen: 36047K(36864K)->3648K(38400K) Eden: 30830K(31232K)->0K(31232K) From: 5216K(5632K)->3648K(7168K)
[2026-03-23T15:56:12.297+0900][9.128s][info][gc,heap     ] GC(53) ParOldGen: 273196K(273920K)->277836K(278528K)
[2026-03-23T15:56:12.297+0900][9.128s][info][gc,metaspace] GC(53) Metaspace: 238K(448K)->238K(448K) NonClass: 223K(320K)->223K(320K) Class: 14K(128K)->14K(128K)
[2026-03-23T15:56:12.297+0900][9.128s][info][gc          ] GC(53) Pause Young (Allocation Failure) 301M->274M(309M) 3.513ms
[2026-03-23T15:56:12.297+0900][9.128s][info][gc,cpu      ] GC(53) User=0.00s Sys=0.01s Real=0.00s
[2026-03-23T15:56:12.410+0900][9.240s][info][gc,start    ] GC(54) Pause Young (Allocation Failure)
[2026-03-23T15:56:12.412+0900][9.242s][info][gc,heap     ] GC(54) PSYoungGen: 34479K(38400K)->3680K(38400K) Eden: 30831K(31232K)->0K(31232K) From: 3648K(7168K)->3680K(7168K)
[2026-03-23T15:56:12.412+0900][9.242s][info][gc,heap     ] GC(54) ParOldGen: 277836K(278528K)->280941K(281600K)
[2026-03-23T15:56:12.412+0900][9.242s][info][gc,metaspace] GC(54) Metaspace: 238K(448K)->238K(448K) NonClass: 223K(320K)->223K(320K) Class: 14K(128K)->14K(128K)
[2026-03-23T15:56:12.412+0900][9.242s][info][gc          ] GC(54) Pause Young (Allocation Failure) 304M->277M(312M) 1.745ms
[2026-03-23T15:56:12.412+0900][9.242s][info][gc,cpu      ] GC(54) User=0.00s Sys=0.00s Real=0.00s
[2026-03-23T15:56:12.525+0900][9.356s][info][gc,start    ] GC(55) Pause Young (Allocation Failure)
[2026-03-23T15:56:12.526+0900][9.356s][info][gc,heap     ] GC(55) PSYoungGen: 34511K(38400K)->3680K(38400K) Eden: 30831K(31232K)->0K(31232K) From: 3680K(7168K)->3680K(7168K)
[2026-03-23T15:56:12.526+0900][9.356s][info][gc,heap     ] GC(55) ParOldGen: 280941K(281600K)->284053K(284672K)
[2026-03-23T15:56:12.526+0900][9.356s][info][gc,metaspace] GC(55) Metaspace: 238K(448K)->238K(448K) NonClass: 223K(320K)->223K(320K) Class: 14K(128K)->14K(128K)
[2026-03-23T15:56:12.526+0900][9.356s][info][gc          ] GC(55) Pause Young (Allocation Failure) 308M->280M(315M) 0.699ms
[2026-03-23T15:56:12.526+0900][9.356s][info][gc,cpu      ] GC(55) User=0.00s Sys=0.00s Real=0.00s
[2026-03-23T15:56:12.633+0900][9.463s][info][gc,start    ] GC(56) Pause Young (Allocation Failure)
[2026-03-23T15:56:12.634+0900][9.465s][info][gc,heap     ] GC(56) PSYoungGen: 34511K(38400K)->5216K(38400K) Eden: 30831K(31232K)->0K(31232K) From: 3680K(7168K)->5216K(7168K)
[2026-03-23T15:56:12.634+0900][9.465s][info][gc,heap     ] GC(56) ParOldGen: 284053K(284672K)->287157K(287744K)
[2026-03-23T15:56:12.634+0900][9.465s][info][gc,metaspace] GC(56) Metaspace: 238K(448K)->238K(448K) NonClass: 223K(320K)->223K(320K) Class: 14K(128K)->14K(128K)
[2026-03-23T15:56:12.634+0900][9.465s][info][gc          ] GC(56) Pause Young (Allocation Failure) 311M->285M(318M) 1.472ms
[2026-03-23T15:56:12.634+0900][9.465s][info][gc,cpu      ] GC(56) User=0.00s Sys=0.00s Real=0.00s
[2026-03-23T15:56:12.749+0900][9.580s][info][gc,start    ] GC(57) Pause Young (Allocation Failure)
[2026-03-23T15:56:12.752+0900][9.582s][info][gc,heap     ] GC(57) PSYoungGen: 36047K(38400K)->3680K(38400K) Eden: 30831K(31232K)->0K(31232K) From: 5216K(7168K)->3680K(7168K)
[2026-03-23T15:56:12.752+0900][9.582s][info][gc,heap     ] GC(57) ParOldGen: 287157K(287744K)->291805K(291840K)
[2026-03-23T15:56:12.752+0900][9.582s][info][gc,metaspace] GC(57) Metaspace: 238K(448K)->238K(448K) NonClass: 223K(320K)->223K(320K) Class: 14K(128K)->14K(128K)
[2026-03-23T15:56:12.752+0900][9.582s][info][gc          ] GC(57) Pause Young (Allocation Failure) 315M->288M(322M) 2.408ms
[2026-03-23T15:56:12.752+0900][9.582s][info][gc,cpu      ] GC(57) User=0.01s Sys=0.00s Real=0.01s
[2026-03-23T15:56:12.865+0900][9.695s][info][gc,start    ] GC(58) Pause Young (Allocation Failure)
[2026-03-23T15:56:12.869+0900][9.699s][info][gc,heap     ] GC(58) PSYoungGen: 34511K(38400K)->3680K(38400K) Eden: 30831K(31232K)->0K(31232K) From: 3680K(7168K)->3680K(7168K)
[2026-03-23T15:56:12.869+0900][9.699s][info][gc,heap     ] GC(58) ParOldGen: 291805K(291840K)->294909K(295936K)
[2026-03-23T15:56:12.869+0900][9.699s][info][gc,metaspace] GC(58) Metaspace: 238K(448K)->238K(448K) NonClass: 223K(320K)->223K(320K) Class: 14K(128K)->14K(128K)
[2026-03-23T15:56:12.869+0900][9.699s][info][gc          ] GC(58) Pause Young (Allocation Failure) 318M->291M(326M) 3.560ms
[2026-03-23T15:56:12.869+0900][9.699s][info][gc,cpu      ] GC(58) User=0.01s Sys=0.01s Real=0.00s
[2026-03-23T15:56:12.984+0900][9.815s][info][gc,start    ] GC(59) Pause Young (Allocation Failure)
[2026-03-23T15:56:12.985+0900][9.815s][info][gc,heap     ] GC(59) PSYoungGen: 34511K(38400K)->3680K(37376K) Eden: 30831K(31232K)->0K(31232K) From: 3680K(7168K)->3680K(6144K)
[2026-03-23T15:56:12.985+0900][9.815s][info][gc,heap     ] GC(59) ParOldGen: 294909K(295936K)->298013K(299008K)
[2026-03-23T15:56:12.985+0900][9.815s][info][gc,metaspace] GC(59) Metaspace: 238K(448K)->238K(448K) NonClass: 223K(320K)->223K(320K) Class: 14K(128K)->14K(128K)
[2026-03-23T15:56:12.985+0900][9.815s][info][gc          ] GC(59) Pause Young (Allocation Failure) 321M->294M(328M) 0.898ms
[2026-03-23T15:56:12.985+0900][9.815s][info][gc,cpu      ] GC(59) User=0.01s Sys=0.00s Real=0.00s
[2026-03-23T15:56:13.090+0900][9.921s][info][gc,start    ] GC(60) Pause Young (Allocation Failure)
[2026-03-23T15:56:13.091+0900][9.922s][info][gc,heap     ] GC(60) PSYoungGen: 34511K(37376K)->5216K(37888K) Eden: 30831K(31232K)->0K(31232K) From: 3680K(6144K)->5216K(6656K)
[2026-03-23T15:56:13.091+0900][9.922s][info][gc,heap     ] GC(60) ParOldGen: 298013K(299008K)->301117K(301568K)
[2026-03-23T15:56:13.091+0900][9.922s][info][gc,metaspace] GC(60) Metaspace: 238K(448K)->238K(448K) NonClass: 223K(320K)->223K(320K) Class: 14K(128K)->14K(128K)
[2026-03-23T15:56:13.091+0900][9.922s][info][gc          ] GC(60) Pause Young (Allocation Failure) 324M->299M(331M) 1.075ms
[2026-03-23T15:56:13.091+0900][9.922s][info][gc,cpu      ] GC(60) User=0.00s Sys=0.00s Real=0.00s
[2026-03-23T15:56:13.202+0900][10.032s][info][gc,start    ] GC(61) Pause Young (Allocation Failure)
[2026-03-23T15:56:13.203+0900][10.033s][info][gc,heap     ] GC(61) PSYoungGen: 36047K(37888K)->4672K(37376K) Eden: 30831K(31232K)->0K(31232K) From: 5216K(6656K)->4672K(6144K)
[2026-03-23T15:56:13.203+0900][10.033s][info][gc,heap     ] GC(61) ParOldGen: 301117K(301568K)->304749K(305664K)
[2026-03-23T15:56:13.203+0900][10.033s][info][gc,metaspace] GC(61) Metaspace: 238K(448K)->238K(448K) NonClass: 223K(320K)->223K(320K) Class: 14K(128K)->14K(128K)
[2026-03-23T15:56:13.203+0900][10.033s][info][gc          ] GC(61) Pause Young (Allocation Failure) 329M->302M(335M) 1.416ms
[2026-03-23T15:56:13.203+0900][10.034s][info][gc,cpu      ] GC(61) User=0.01s Sys=0.00s Real=0.00s
[2026-03-23T15:56:13.319+0900][10.149s][info][gc,start    ] GC(62) Pause Young (Allocation Failure)
[2026-03-23T15:56:13.321+0900][10.152s][info][gc,heap     ] GC(62) PSYoungGen: 35503K(37376K)->3680K(37888K) Eden: 30831K(31232K)->0K(31232K) From: 4672K(6144K)->3680K(6656K)
[2026-03-23T15:56:13.321+0900][10.152s][info][gc,heap     ] GC(62) ParOldGen: 304749K(305664K)->308869K(310272K)
[2026-03-23T15:56:13.321+0900][10.152s][info][gc,metaspace] GC(62) Metaspace: 238K(448K)->238K(448K) NonClass: 223K(320K)->223K(320K) Class: 14K(128K)->14K(128K)
[2026-03-23T15:56:13.322+0900][10.152s][info][gc          ] GC(62) Pause Young (Allocation Failure) 332M->305M(340M) 2.415ms
[2026-03-23T15:56:13.322+0900][10.152s][info][gc,cpu      ] GC(62) User=0.01s Sys=0.00s Real=0.01s
[2026-03-23T15:56:13.432+0900][10.262s][info][gc,start    ] GC(63) Pause Young (Allocation Failure)
[2026-03-23T15:56:13.433+0900][10.263s][info][gc,heap     ] GC(63) PSYoungGen: 34511K(37888K)->3680K(37888K) Eden: 30831K(31232K)->0K(31232K) From: 3680K(6656K)->3680K(6656K)
[2026-03-23T15:56:13.433+0900][10.263s][info][gc,heap     ] GC(63) ParOldGen: 308869K(310272K)->311974K(313344K)
[2026-03-23T15:56:13.433+0900][10.263s][info][gc,metaspace] GC(63) Metaspace: 238K(448K)->238K(448K) NonClass: 223K(320K)->223K(320K) Class: 14K(128K)->14K(128K)
[2026-03-23T15:56:13.433+0900][10.263s][info][gc          ] GC(63) Pause Young (Allocation Failure) 335M->308M(343M) 0.903ms
[2026-03-23T15:56:13.433+0900][10.263s][info][gc,cpu      ] GC(63) User=0.00s Sys=0.00s Real=0.00s
[2026-03-23T15:56:13.546+0900][10.376s][info][gc,start    ] GC(64) Pause Young (Allocation Failure)
[2026-03-23T15:56:13.547+0900][10.377s][info][gc,heap     ] GC(64) PSYoungGen: 34511K(37888K)->3680K(37888K) Eden: 30831K(31232K)->0K(31232K) From: 3680K(6656K)->3680K(6656K)
[2026-03-23T15:56:13.547+0900][10.377s][info][gc,heap     ] GC(64) ParOldGen: 311974K(313344K)->315078K(316416K)
[2026-03-23T15:56:13.547+0900][10.377s][info][gc,metaspace] GC(64) Metaspace: 238K(448K)->238K(448K) NonClass: 223K(320K)->223K(320K) Class: 14K(128K)->14K(128K)
[2026-03-23T15:56:13.547+0900][10.377s][info][gc          ] GC(64) Pause Young (Allocation Failure) 338M->311M(346M) 0.814ms
[2026-03-23T15:56:13.547+0900][10.377s][info][gc,cpu      ] GC(64) User=0.01s Sys=0.01s Real=0.00s
[2026-03-23T15:56:13.652+0900][10.482s][info][gc,start    ] GC(65) Pause Young (Allocation Failure)
[2026-03-23T15:56:13.653+0900][10.483s][info][gc,heap     ] GC(65) PSYoungGen: 34511K(37888K)->5216K(37888K) Eden: 30831K(31232K)->0K(31232K) From: 3680K(6656K)->5216K(6656K)
[2026-03-23T15:56:13.653+0900][10.483s][info][gc,heap     ] GC(65) ParOldGen: 315078K(316416K)->318182K(319488K)
[2026-03-23T15:56:13.653+0900][10.483s][info][gc,metaspace] GC(65) Metaspace: 238K(448K)->238K(448K) NonClass: 223K(320K)->223K(320K) Class: 14K(128K)->14K(128K)
[2026-03-23T15:56:13.653+0900][10.483s][info][gc          ] GC(65) Pause Young (Allocation Failure) 341M->315M(349M) 0.912ms
[2026-03-23T15:56:13.653+0900][10.483s][info][gc,cpu      ] GC(65) User=0.00s Sys=0.00s Real=0.00s
[2026-03-23T15:56:13.767+0900][10.598s][info][gc,start    ] GC(66) Pause Young (Allocation Failure)
[2026-03-23T15:56:13.771+0900][10.602s][info][gc,heap     ] GC(66) PSYoungGen: 36047K(37888K)->3648K(37888K) Eden: 30831K(31232K)->0K(31232K) From: 5216K(6656K)->3648K(6656K)
[2026-03-23T15:56:13.772+0900][10.602s][info][gc,heap     ] GC(66) ParOldGen: 318182K(319488K)->322822K(324096K)
[2026-03-23T15:56:13.772+0900][10.602s][info][gc,metaspace] GC(66) Metaspace: 238K(448K)->238K(448K) NonClass: 223K(320K)->223K(320K) Class: 14K(128K)->14K(128K)
[2026-03-23T15:56:13.772+0900][10.602s][info][gc          ] GC(66) Pause Young (Allocation Failure) 345M->318M(353M) 4.200ms
[2026-03-23T15:56:13.772+0900][10.602s][info][gc,cpu      ] GC(66) User=0.01s Sys=0.00s Real=0.01s
[2026-03-23T15:56:13.889+0900][10.720s][info][gc,start    ] GC(67) Pause Young (Allocation Failure)
[2026-03-23T15:56:13.893+0900][10.723s][info][gc,heap     ] GC(67) PSYoungGen: 34479K(37888K)->3648K(37888K) Eden: 30831K(31232K)->0K(31232K) From: 3648K(6656K)->3648K(6656K)
[2026-03-23T15:56:13.893+0900][10.723s][info][gc,heap     ] GC(67) ParOldGen: 322822K(324096K)->325918K(327168K)
[2026-03-23T15:56:13.893+0900][10.723s][info][gc,metaspace] GC(67) Metaspace: 238K(448K)->238K(448K) NonClass: 223K(320K)->223K(320K) Class: 14K(128K)->14K(128K)
[2026-03-23T15:56:13.893+0900][10.723s][info][gc          ] GC(67) Pause Young (Allocation Failure) 348M->321M(356M) 3.587ms
[2026-03-23T15:56:13.893+0900][10.723s][info][gc,cpu      ] GC(67) User=0.01s Sys=0.00s Real=0.01s
[2026-03-23T15:56:14.005+0900][10.835s][info][gc,start    ] GC(68) Pause Young (Allocation Failure)
[2026-03-23T15:56:14.006+0900][10.836s][info][gc,heap     ] GC(68) PSYoungGen: 34479K(37888K)->3712K(37888K) Eden: 30831K(31232K)->0K(31232K) From: 3648K(6656K)->3712K(6656K)
[2026-03-23T15:56:14.006+0900][10.836s][info][gc,heap     ] GC(68) ParOldGen: 325918K(327168K)->329022K(330240K)
[2026-03-23T15:56:14.006+0900][10.836s][info][gc,metaspace] GC(68) Metaspace: 238K(448K)->238K(448K) NonClass: 223K(320K)->223K(320K) Class: 14K(128K)->14K(128K)
[2026-03-23T15:56:14.006+0900][10.836s][info][gc          ] GC(68) Pause Young (Allocation Failure) 351M->324M(359M) 1.211ms
[2026-03-23T15:56:14.006+0900][10.836s][info][gc,cpu      ] GC(68) User=0.01s Sys=0.00s Real=0.00s
[2026-03-23T15:56:14.113+0900][10.943s][info][gc,start    ] GC(69) Pause Young (Allocation Failure)
[2026-03-23T15:56:14.113+0900][10.944s][info][gc,heap     ] GC(69) PSYoungGen: 34543K(37888K)->5248K(37888K) Eden: 30831K(31232K)->0K(31232K) From: 3712K(6656K)->5248K(6656K)
[2026-03-23T15:56:14.113+0900][10.944s][info][gc,heap     ] GC(69) ParOldGen: 329022K(330240K)->332126K(333312K)
[2026-03-23T15:56:14.113+0900][10.944s][info][gc,metaspace] GC(69) Metaspace: 238K(448K)->238K(448K) NonClass: 223K(320K)->223K(320K) Class: 14K(128K)->14K(128K)
[2026-03-23T15:56:14.113+0900][10.944s][info][gc          ] GC(69) Pause Young (Allocation Failure) 355M->329M(362M) 0.604ms
[2026-03-23T15:56:14.113+0900][10.944s][info][gc,cpu      ] GC(69) User=0.00s Sys=0.01s Real=0.00s
[2026-03-23T15:56:14.223+0900][11.053s][info][gc,start    ] GC(70) Pause Young (Allocation Failure)
[2026-03-23T15:56:14.223+0900][11.054s][info][gc,heap     ] GC(70) PSYoungGen: 36079K(37888K)->4672K(37888K) Eden: 30831K(31232K)->0K(31232K) From: 5248K(6656K)->4672K(6656K)
[2026-03-23T15:56:14.223+0900][11.054s][info][gc,heap     ] GC(70) ParOldGen: 332126K(333312K)->335758K(336384K)
[2026-03-23T15:56:14.223+0900][11.054s][info][gc,metaspace] GC(70) Metaspace: 238K(448K)->238K(448K) NonClass: 223K(320K)->223K(320K) Class: 14K(128K)->14K(128K)
[2026-03-23T15:56:14.223+0900][11.054s][info][gc          ] GC(70) Pause Young (Allocation Failure) 359M->332M(365M) 0.819ms
[2026-03-23T15:56:14.224+0900][11.054s][info][gc,cpu      ] GC(70) User=0.01s Sys=0.00s Real=0.00s
[2026-03-23T15:56:14.337+0900][11.167s][info][gc,start    ] GC(71) Pause Young (Allocation Failure)
[2026-03-23T15:56:14.341+0900][11.171s][info][gc,heap     ] GC(71) PSYoungGen: 35503K(37888K)->3648K(37888K) Eden: 30831K(31232K)->0K(31232K) From: 4672K(6656K)->3648K(6656K)
[2026-03-23T15:56:14.341+0900][11.171s][info][gc,heap     ] GC(71) ParOldGen: 335758K(336384K)->339886K(340992K)
[2026-03-23T15:56:14.341+0900][11.171s][info][gc,metaspace] GC(71) Metaspace: 238K(448K)->238K(448K) NonClass: 223K(320K)->223K(320K) Class: 14K(128K)->14K(128K)
[2026-03-23T15:56:14.341+0900][11.171s][info][gc          ] GC(71) Pause Young (Allocation Failure) 362M->335M(370M) 4.276ms
[2026-03-23T15:56:14.341+0900][11.171s][info][gc,cpu      ] GC(71) User=0.00s Sys=0.00s Real=0.01s
[2026-03-23T15:56:14.455+0900][11.285s][info][gc,start    ] GC(72) Pause Young (Allocation Failure)
[2026-03-23T15:56:14.456+0900][11.286s][info][gc,heap     ] GC(72) PSYoungGen: 34479K(37888K)->3712K(35328K) Eden: 30831K(31232K)->0K(31232K) From: 3648K(6656K)->3712K(4096K)
[2026-03-23T15:56:14.456+0900][11.286s][info][gc,heap     ] GC(72) ParOldGen: 339886K(340992K)->342990K(344064K)
[2026-03-23T15:56:14.456+0900][11.286s][info][gc,metaspace] GC(72) Metaspace: 238K(448K)->238K(448K) NonClass: 223K(320K)->223K(320K) Class: 14K(128K)->14K(128K)
[2026-03-23T15:56:14.456+0900][11.286s][info][gc          ] GC(72) Pause Young (Allocation Failure) 365M->338M(370M) 0.895ms
[2026-03-23T15:56:14.456+0900][11.286s][info][gc,cpu      ] GC(72) User=0.00s Sys=0.00s Real=0.00s
[2026-03-23T15:56:14.566+0900][11.397s][info][gc,start    ] GC(73) Pause Young (Allocation Failure)
[2026-03-23T15:56:14.569+0900][11.399s][info][gc,heap     ] GC(73) PSYoungGen: 34543K(35328K)->3680K(37376K) Eden: 30831K(31232K)->0K(31232K) From: 3712K(4096K)->3680K(6144K)
[2026-03-23T15:56:14.569+0900][11.399s][info][gc,heap     ] GC(73) ParOldGen: 342990K(344064K)->346087K(347136K)
[2026-03-23T15:56:14.569+0900][11.399s][info][gc,metaspace] GC(73) Metaspace: 238K(448K)->238K(448K) NonClass: 223K(320K)->223K(320K) Class: 14K(128K)->14K(128K)
[2026-03-23T15:56:14.569+0900][11.399s][info][gc          ] GC(73) Pause Young (Allocation Failure) 368M->341M(375M) 2.407ms
[2026-03-23T15:56:14.569+0900][11.399s][info][gc,cpu      ] GC(73) User=0.01s Sys=0.00s Real=0.00s
[2026-03-23T15:56:14.677+0900][11.508s][info][gc,start    ] GC(74) Pause Full (Ergonomics)
[2026-03-23T15:56:14.677+0900][11.508s][info][gc,phases,start] GC(74) Marking Phase
[2026-03-23T15:56:14.680+0900][11.510s][info][gc,phases      ] GC(74) Marking Phase 2.176ms
[2026-03-23T15:56:14.680+0900][11.510s][info][gc,phases,start] GC(74) Summary Phase
[2026-03-23T15:56:14.680+0900][11.510s][info][gc,phases      ] GC(74) Summary Phase 0.012ms
[2026-03-23T15:56:14.680+0900][11.510s][info][gc,phases,start] GC(74) Adjust Roots
[2026-03-23T15:56:14.680+0900][11.510s][info][gc,phases      ] GC(74) Adjust Roots 0.264ms
[2026-03-23T15:56:14.680+0900][11.510s][info][gc,phases,start] GC(74) Compaction Phase
[2026-03-23T15:56:14.686+0900][11.516s][info][gc,phases      ] GC(74) Compaction Phase 6.143ms
[2026-03-23T15:56:14.686+0900][11.516s][info][gc,phases,start] GC(74) Post Compact
[2026-03-23T15:56:14.686+0900][11.517s][info][gc,phases      ] GC(74) Post Compact 0.157ms
[2026-03-23T15:56:14.686+0900][11.517s][info][gc,heap        ] GC(74) PSYoungGen: 34511K(37376K)->5120K(37376K) Eden: 30831K(31232K)->5120K(31232K) From: 3680K(6144K)->0K(6144K)
[2026-03-23T15:56:14.686+0900][11.517s][info][gc,heap        ] GC(74) ParOldGen: 346087K(347136K)->346841K(349696K)
[2026-03-23T15:56:14.686+0900][11.517s][info][gc,metaspace   ] GC(74) Metaspace: 238K(448K)->238K(448K) NonClass: 223K(320K)->223K(320K) Class: 14K(128K)->14K(128K)
[2026-03-23T15:56:14.686+0900][11.517s][info][gc             ] GC(74) Pause Full (Ergonomics) 371M->343M(378M) 8.976ms
[2026-03-23T15:56:14.686+0900][11.517s][info][gc,cpu         ] GC(74) User=0.05s Sys=0.02s Real=0.01s
[2026-03-23T15:56:14.779+0900][11.610s][info][gc,start       ] GC(75) Pause Full (Ergonomics)
[2026-03-23T15:56:14.779+0900][11.610s][info][gc,phases,start] GC(75) Marking Phase
[2026-03-23T15:56:14.781+0900][11.611s][info][gc,phases      ] GC(75) Marking Phase 1.281ms
[2026-03-23T15:56:14.781+0900][11.611s][info][gc,phases,start] GC(75) Summary Phase
[2026-03-23T15:56:14.781+0900][11.611s][info][gc,phases      ] GC(75) Summary Phase 0.008ms
[2026-03-23T15:56:14.781+0900][11.611s][info][gc,phases,start] GC(75) Adjust Roots
[2026-03-23T15:56:14.781+0900][11.611s][info][gc,phases      ] GC(75) Adjust Roots 0.115ms
[2026-03-23T15:56:14.781+0900][11.611s][info][gc,phases,start] GC(75) Compaction Phase
[2026-03-23T15:56:14.784+0900][11.615s][info][gc,phases      ] GC(75) Compaction Phase 3.522ms
[2026-03-23T15:56:14.784+0900][11.615s][info][gc,phases,start] GC(75) Post Compact
[2026-03-23T15:56:14.784+0900][11.615s][info][gc,phases      ] GC(75) Post Compact 0.083ms
[2026-03-23T15:56:14.784+0900][11.615s][info][gc,heap        ] GC(75) PSYoungGen: 30831K(37376K)->5120K(36864K) Eden: 30831K(31232K)->5120K(31232K) From: 0K(6144K)->0K(5632K)
[2026-03-23T15:56:14.784+0900][11.615s][info][gc,heap        ] GC(75) ParOldGen: 346841K(349696K)->349401K(349696K)
[2026-03-23T15:56:14.784+0900][11.615s][info][gc,metaspace   ] GC(75) Metaspace: 238K(448K)->238K(448K) NonClass: 223K(320K)->223K(320K) Class: 14K(128K)->14K(128K)
[2026-03-23T15:56:14.784+0900][11.615s][info][gc             ] GC(75) Pause Full (Ergonomics) 368M->346M(377M) 5.206ms
[2026-03-23T15:56:14.784+0900][11.615s][info][gc,cpu         ] GC(75) User=0.04s Sys=0.00s Real=0.01s
[2026-03-23T15:56:14.875+0900][11.705s][info][gc,start       ] GC(76) Pause Full (Ergonomics)
[2026-03-23T15:56:14.875+0900][11.705s][info][gc,phases,start] GC(76) Marking Phase
[2026-03-23T15:56:14.876+0900][11.706s][info][gc,phases      ] GC(76) Marking Phase 1.397ms
[2026-03-23T15:56:14.876+0900][11.706s][info][gc,phases,start] GC(76) Summary Phase
[2026-03-23T15:56:14.876+0900][11.706s][info][gc,phases      ] GC(76) Summary Phase 0.008ms
[2026-03-23T15:56:14.876+0900][11.706s][info][gc,phases,start] GC(76) Adjust Roots
[2026-03-23T15:56:14.876+0900][11.706s][info][gc,phases      ] GC(76) Adjust Roots 0.130ms
[2026-03-23T15:56:14.876+0900][11.707s][info][gc,phases,start] GC(76) Compaction Phase
[2026-03-23T15:56:14.877+0900][11.707s][info][gc,phases      ] GC(76) Compaction Phase 0.354ms
[2026-03-23T15:56:14.877+0900][11.707s][info][gc,phases,start] GC(76) Post Compact
[2026-03-23T15:56:14.877+0900][11.707s][info][gc,phases      ] GC(76) Post Compact 0.111ms
[2026-03-23T15:56:14.877+0900][11.707s][info][gc,heap        ] GC(76) PSYoungGen: 30283K(36864K)->7168K(37376K) Eden: 30283K(31232K)->7168K(31232K) From: 0K(5632K)->0K(6144K)
[2026-03-23T15:56:14.877+0900][11.707s][info][gc,heap        ] GC(76) ParOldGen: 349401K(349696K)->349401K(349696K)
[2026-03-23T15:56:14.877+0900][11.707s][info][gc,metaspace   ] GC(76) Metaspace: 238K(448K)->238K(448K) NonClass: 223K(320K)->223K(320K) Class: 14K(128K)->14K(128K)
[2026-03-23T15:56:14.877+0900][11.707s][info][gc             ] GC(76) Pause Full (Ergonomics) 370M->348M(378M) 2.163ms
[2026-03-23T15:56:14.877+0900][11.707s][info][gc,cpu         ] GC(76) User=0.01s Sys=0.00s Real=0.00s
[2026-03-23T15:56:14.959+0900][11.790s][info][gc,start       ] GC(77) Pause Full (Ergonomics)
[2026-03-23T15:56:14.959+0900][11.790s][info][gc,phases,start] GC(77) Marking Phase
[2026-03-23T15:56:14.961+0900][11.792s][info][gc,phases      ] GC(77) Marking Phase 1.898ms
[2026-03-23T15:56:14.961+0900][11.792s][info][gc,phases,start] GC(77) Summary Phase
[2026-03-23T15:56:14.961+0900][11.792s][info][gc,phases      ] GC(77) Summary Phase 0.011ms
[2026-03-23T15:56:14.961+0900][11.792s][info][gc,phases,start] GC(77) Adjust Roots
[2026-03-23T15:56:14.961+0900][11.792s][info][gc,phases      ] GC(77) Adjust Roots 0.118ms
[2026-03-23T15:56:14.961+0900][11.792s][info][gc,phases,start] GC(77) Compaction Phase
[2026-03-23T15:56:14.962+0900][11.792s][info][gc,phases      ] GC(77) Compaction Phase 0.459ms
[2026-03-23T15:56:14.962+0900][11.792s][info][gc,phases,start] GC(77) Post Compact
[2026-03-23T15:56:14.962+0900][11.792s][info][gc,phases      ] GC(77) Post Compact 0.136ms
[2026-03-23T15:56:14.962+0900][11.792s][info][gc,heap        ] GC(77) PSYoungGen: 30259K(37376K)->10240K(36864K) Eden: 30259K(31232K)->10240K(31232K) From: 0K(6144K)->0K(5632K)
[2026-03-23T15:56:14.962+0900][11.792s][info][gc,heap        ] GC(77) ParOldGen: 349401K(349696K)->349401K(349696K)
[2026-03-23T15:56:14.962+0900][11.792s][info][gc,metaspace   ] GC(77) Metaspace: 238K(448K)->238K(448K) NonClass: 223K(320K)->223K(320K) Class: 14K(128K)->14K(128K)
[2026-03-23T15:56:14.962+0900][11.792s][info][gc             ] GC(77) Pause Full (Ergonomics) 370M->351M(377M) 2.781ms
[2026-03-23T15:56:14.962+0900][11.792s][info][gc,cpu         ] GC(77) User=0.02s Sys=0.01s Real=0.01s
[2026-03-23T15:56:15.033+0900][11.863s][info][gc,start       ] GC(78) Pause Full (Ergonomics)
[2026-03-23T15:56:15.033+0900][11.863s][info][gc,phases,start] GC(78) Marking Phase
[2026-03-23T15:56:15.035+0900][11.865s][info][gc,phases      ] GC(78) Marking Phase 2.046ms
[2026-03-23T15:56:15.035+0900][11.865s][info][gc,phases,start] GC(78) Summary Phase
[2026-03-23T15:56:15.035+0900][11.865s][info][gc,phases      ] GC(78) Summary Phase 0.017ms
[2026-03-23T15:56:15.035+0900][11.865s][info][gc,phases,start] GC(78) Adjust Roots
[2026-03-23T15:56:15.035+0900][11.866s][info][gc,phases      ] GC(78) Adjust Roots 0.169ms
[2026-03-23T15:56:15.035+0900][11.866s][info][gc,phases,start] GC(78) Compaction Phase
[2026-03-23T15:56:15.036+0900][11.866s][info][gc,phases      ] GC(78) Compaction Phase 0.490ms
[2026-03-23T15:56:15.036+0900][11.866s][info][gc,phases,start] GC(78) Post Compact
[2026-03-23T15:56:15.036+0900][11.866s][info][gc,phases      ] GC(78) Post Compact 0.138ms
[2026-03-23T15:56:15.036+0900][11.866s][info][gc,heap        ] GC(78) PSYoungGen: 30229K(36864K)->11776K(37376K) Eden: 30229K(31232K)->11776K(31232K) From: 0K(5632K)->0K(6144K)
[2026-03-23T15:56:15.036+0900][11.866s][info][gc,heap        ] GC(78) ParOldGen: 349401K(349696K)->349401K(349696K)
[2026-03-23T15:56:15.036+0900][11.866s][info][gc,metaspace   ] GC(78) Metaspace: 238K(448K)->238K(448K) NonClass: 223K(320K)->223K(320K) Class: 14K(128K)->14K(128K)
[2026-03-23T15:56:15.036+0900][11.866s][info][gc             ] GC(78) Pause Full (Ergonomics) 370M->352M(378M) 3.072ms
[2026-03-23T15:56:15.036+0900][11.866s][info][gc,cpu         ] GC(78) User=0.02s Sys=0.00s Real=0.00s
[2026-03-23T15:56:15.097+0900][11.928s][info][gc,start       ] GC(79) Pause Full (Ergonomics)
[2026-03-23T15:56:15.097+0900][11.928s][info][gc,phases,start] GC(79) Marking Phase
[2026-03-23T15:56:15.100+0900][11.930s][info][gc,phases      ] GC(79) Marking Phase 2.301ms
[2026-03-23T15:56:15.100+0900][11.930s][info][gc,phases,start] GC(79) Summary Phase
[2026-03-23T15:56:15.100+0900][11.930s][info][gc,phases      ] GC(79) Summary Phase 0.013ms
[2026-03-23T15:56:15.100+0900][11.930s][info][gc,phases,start] GC(79) Adjust Roots
[2026-03-23T15:56:15.100+0900][11.930s][info][gc,phases      ] GC(79) Adjust Roots 0.119ms
[2026-03-23T15:56:15.100+0900][11.930s][info][gc,phases,start] GC(79) Compaction Phase
[2026-03-23T15:56:15.100+0900][11.931s][info][gc,phases      ] GC(79) Compaction Phase 0.594ms
[2026-03-23T15:56:15.100+0900][11.931s][info][gc,phases,start] GC(79) Post Compact
[2026-03-23T15:56:15.101+0900][11.931s][info][gc,phases      ] GC(79) Post Compact 0.140ms
[2026-03-23T15:56:15.101+0900][11.931s][info][gc,heap        ] GC(79) PSYoungGen: 30699K(37376K)->14849K(36864K) Eden: 30699K(31232K)->14849K(31232K) From: 0K(6144K)->0K(5632K)
[2026-03-23T15:56:15.101+0900][11.931s][info][gc,heap        ] GC(79) ParOldGen: 349401K(349696K)->349401K(349696K)
[2026-03-23T15:56:15.101+0900][11.931s][info][gc,metaspace   ] GC(79) Metaspace: 238K(448K)->238K(448K) NonClass: 223K(320K)->223K(320K) Class: 14K(128K)->14K(128K)
[2026-03-23T15:56:15.101+0900][11.931s][info][gc             ] GC(79) Pause Full (Ergonomics) 371M->355M(377M) 3.356ms
[2026-03-23T15:56:15.101+0900][11.931s][info][gc,cpu         ] GC(79) User=0.02s Sys=0.00s Real=0.01s
[2026-03-23T15:56:15.158+0900][11.988s][info][gc,start       ] GC(80) Pause Full (Ergonomics)
[2026-03-23T15:56:15.158+0900][11.988s][info][gc,phases,start] GC(80) Marking Phase
[2026-03-23T15:56:15.160+0900][11.991s][info][gc,phases      ] GC(80) Marking Phase 2.324ms
[2026-03-23T15:56:15.160+0900][11.991s][info][gc,phases,start] GC(80) Summary Phase
[2026-03-23T15:56:15.160+0900][11.991s][info][gc,phases      ] GC(80) Summary Phase 0.012ms
[2026-03-23T15:56:15.160+0900][11.991s][info][gc,phases,start] GC(80) Adjust Roots
[2026-03-23T15:56:15.161+0900][11.991s][info][gc,phases      ] GC(80) Adjust Roots 0.184ms
[2026-03-23T15:56:15.161+0900][11.991s][info][gc,phases,start] GC(80) Compaction Phase
[2026-03-23T15:56:15.161+0900][11.991s][info][gc,phases      ] GC(80) Compaction Phase 0.551ms
[2026-03-23T15:56:15.161+0900][11.991s][info][gc,phases,start] GC(80) Post Compact
[2026-03-23T15:56:15.161+0900][11.992s][info][gc,phases      ] GC(80) Post Compact 0.134ms
[2026-03-23T15:56:15.161+0900][11.992s][info][gc,heap        ] GC(80) PSYoungGen: 30663K(36864K)->16385K(37376K) Eden: 30663K(31232K)->16385K(31232K) From: 0K(5632K)->0K(6144K)
[2026-03-23T15:56:15.161+0900][11.992s][info][gc,heap        ] GC(80) ParOldGen: 349401K(349696K)->349401K(349696K)
[2026-03-23T15:56:15.161+0900][11.992s][info][gc,metaspace   ] GC(80) Metaspace: 238K(448K)->238K(448K) NonClass: 223K(320K)->223K(320K) Class: 14K(128K)->14K(128K)
[2026-03-23T15:56:15.161+0900][11.992s][info][gc             ] GC(80) Pause Full (Ergonomics) 371M->357M(378M) 3.415ms
[2026-03-23T15:56:15.161+0900][11.992s][info][gc,cpu         ] GC(80) User=0.02s Sys=0.00s Real=0.01s
[2026-03-23T15:56:15.216+0900][12.046s][info][gc,start       ] GC(81) Pause Full (Ergonomics)
[2026-03-23T15:56:15.216+0900][12.046s][info][gc,phases,start] GC(81) Marking Phase
[2026-03-23T15:56:15.218+0900][12.048s][info][gc,phases      ] GC(81) Marking Phase 2.359ms
[2026-03-23T15:56:15.218+0900][12.048s][info][gc,phases,start] GC(81) Summary Phase
[2026-03-23T15:56:15.218+0900][12.048s][info][gc,phases      ] GC(81) Summary Phase 0.018ms
[2026-03-23T15:56:15.218+0900][12.048s][info][gc,phases,start] GC(81) Adjust Roots
[2026-03-23T15:56:15.218+0900][12.049s][info][gc,phases      ] GC(81) Adjust Roots 0.160ms
[2026-03-23T15:56:15.218+0900][12.049s][info][gc,phases,start] GC(81) Compaction Phase
[2026-03-23T15:56:15.219+0900][12.049s][info][gc,phases      ] GC(81) Compaction Phase 0.808ms
[2026-03-23T15:56:15.219+0900][12.050s][info][gc,phases,start] GC(81) Post Compact
[2026-03-23T15:56:15.219+0900][12.050s][info][gc,phases      ] GC(81) Post Compact 0.157ms
[2026-03-23T15:56:15.219+0900][12.050s][info][gc,heap        ] GC(81) PSYoungGen: 30614K(37376K)->17921K(36864K) Eden: 30614K(31232K)->17921K(31232K) From: 0K(6144K)->0K(5632K)
[2026-03-23T15:56:15.219+0900][12.050s][info][gc,heap        ] GC(81) ParOldGen: 349401K(349696K)->349401K(349696K)
[2026-03-23T15:56:15.219+0900][12.050s][info][gc,metaspace   ] GC(81) Metaspace: 238K(448K)->238K(448K) NonClass: 223K(320K)->223K(320K) Class: 14K(128K)->14K(128K)
[2026-03-23T15:56:15.219+0900][12.050s][info][gc             ] GC(81) Pause Full (Ergonomics) 371M->358M(377M) 3.900ms
[2026-03-23T15:56:15.219+0900][12.050s][info][gc,cpu         ] GC(81) User=0.01s Sys=0.00s Real=0.00s
[2026-03-23T15:56:15.264+0900][12.094s][info][gc,start       ] GC(82) Pause Full (Ergonomics)
[2026-03-23T15:56:15.264+0900][12.094s][info][gc,phases,start] GC(82) Marking Phase
[2026-03-23T15:56:15.266+0900][12.097s][info][gc,phases      ] GC(82) Marking Phase 2.531ms
[2026-03-23T15:56:15.267+0900][12.097s][info][gc,phases,start] GC(82) Summary Phase
[2026-03-23T15:56:15.267+0900][12.097s][info][gc,phases      ] GC(82) Summary Phase 0.033ms
[2026-03-23T15:56:15.267+0900][12.097s][info][gc,phases,start] GC(82) Adjust Roots
[2026-03-23T15:56:15.267+0900][12.097s][info][gc,phases      ] GC(82) Adjust Roots 0.196ms
[2026-03-23T15:56:15.267+0900][12.097s][info][gc,phases,start] GC(82) Compaction Phase
[2026-03-23T15:56:15.268+0900][12.098s][info][gc,phases      ] GC(82) Compaction Phase 0.837ms
[2026-03-23T15:56:15.268+0900][12.098s][info][gc,phases,start] GC(82) Post Compact
[2026-03-23T15:56:15.268+0900][12.098s][info][gc,phases      ] GC(82) Post Compact 0.180ms
[2026-03-23T15:56:15.268+0900][12.098s][info][gc,heap        ] GC(82) PSYoungGen: 30571K(36864K)->19457K(37376K) Eden: 30571K(31232K)->19457K(31232K) From: 0K(5632K)->0K(6144K)
[2026-03-23T15:56:15.268+0900][12.098s][info][gc,heap        ] GC(82) ParOldGen: 349401K(349696K)->349401K(349696K)
[2026-03-23T15:56:15.268+0900][12.098s][info][gc,metaspace   ] GC(82) Metaspace: 238K(448K)->238K(448K) NonClass: 223K(320K)->223K(320K) Class: 14K(128K)->14K(128K)
[2026-03-23T15:56:15.268+0900][12.098s][info][gc             ] GC(82) Pause Full (Ergonomics) 371M->360M(378M) 4.149ms
[2026-03-23T15:56:15.268+0900][12.098s][info][gc,cpu         ] GC(82) User=0.00s Sys=0.00s Real=0.00s
[2026-03-23T15:56:15.308+0900][12.138s][info][gc,start       ] GC(83) Pause Full (Ergonomics)
[2026-03-23T15:56:15.308+0900][12.138s][info][gc,phases,start] GC(83) Marking Phase
[2026-03-23T15:56:15.311+0900][12.141s][info][gc,phases      ] GC(83) Marking Phase 2.583ms
[2026-03-23T15:56:15.311+0900][12.141s][info][gc,phases,start] GC(83) Summary Phase
[2026-03-23T15:56:15.311+0900][12.141s][info][gc,phases      ] GC(83) Summary Phase 0.018ms
[2026-03-23T15:56:15.311+0900][12.141s][info][gc,phases,start] GC(83) Adjust Roots
[2026-03-23T15:56:15.311+0900][12.141s][info][gc,phases      ] GC(83) Adjust Roots 0.145ms
[2026-03-23T15:56:15.311+0900][12.141s][info][gc,phases,start] GC(83) Compaction Phase
[2026-03-23T15:56:15.312+0900][12.142s][info][gc,phases      ] GC(83) Compaction Phase 1.177ms
[2026-03-23T15:56:15.312+0900][12.142s][info][gc,phases,start] GC(83) Post Compact
[2026-03-23T15:56:15.312+0900][12.143s][info][gc,phases      ] GC(83) Post Compact 0.209ms
[2026-03-23T15:56:15.312+0900][12.143s][info][gc,heap        ] GC(83) PSYoungGen: 30532K(37376K)->20993K(36864K) Eden: 30532K(31232K)->20993K(31232K) From: 0K(6144K)->0K(5632K)
[2026-03-23T15:56:15.312+0900][12.143s][info][gc,heap        ] GC(83) ParOldGen: 349401K(349696K)->349401K(349696K)
[2026-03-23T15:56:15.312+0900][12.143s][info][gc,metaspace   ] GC(83) Metaspace: 238K(448K)->238K(448K) NonClass: 223K(320K)->223K(320K) Class: 14K(128K)->14K(128K)
[2026-03-23T15:56:15.312+0900][12.143s][info][gc             ] GC(83) Pause Full (Ergonomics) 371M->361M(377M) 4.471ms
[2026-03-23T15:56:15.312+0900][12.143s][info][gc,cpu         ] GC(83) User=0.00s Sys=0.01s Real=0.01s
[2026-03-23T15:56:15.351+0900][12.181s][info][gc,start       ] GC(84) Pause Full (Ergonomics)
[2026-03-23T15:56:15.351+0900][12.181s][info][gc,phases,start] GC(84) Marking Phase
[2026-03-23T15:56:15.354+0900][12.185s][info][gc,phases      ] GC(84) Marking Phase 3.303ms
[2026-03-23T15:56:15.354+0900][12.185s][info][gc,phases,start] GC(84) Summary Phase
[2026-03-23T15:56:15.354+0900][12.185s][info][gc,phases      ] GC(84) Summary Phase 0.020ms
[2026-03-23T15:56:15.354+0900][12.185s][info][gc,phases,start] GC(84) Adjust Roots
[2026-03-23T15:56:15.355+0900][12.185s][info][gc,phases      ] GC(84) Adjust Roots 0.176ms
[2026-03-23T15:56:15.355+0900][12.185s][info][gc,phases,start] GC(84) Compaction Phase
[2026-03-23T15:56:15.355+0900][12.186s][info][gc,phases      ] GC(84) Compaction Phase 0.873ms
[2026-03-23T15:56:15.356+0900][12.186s][info][gc,phases,start] GC(84) Post Compact
[2026-03-23T15:56:15.356+0900][12.186s][info][gc,phases      ] GC(84) Post Compact 0.190ms
[2026-03-23T15:56:15.356+0900][12.186s][info][gc,heap        ] GC(84) PSYoungGen: 30496K(36864K)->20993K(37376K) Eden: 30496K(31232K)->20993K(31232K) From: 0K(5632K)->0K(6144K)
[2026-03-23T15:56:15.356+0900][12.186s][info][gc,heap        ] GC(84) ParOldGen: 349401K(349696K)->349401K(349696K)
[2026-03-23T15:56:15.356+0900][12.186s][info][gc,metaspace   ] GC(84) Metaspace: 238K(448K)->238K(448K) NonClass: 223K(320K)->223K(320K) Class: 14K(128K)->14K(128K)
[2026-03-23T15:56:15.356+0900][12.186s][info][gc             ] GC(84) Pause Full (Ergonomics) 370M->361M(378M) 4.872ms
[2026-03-23T15:56:15.356+0900][12.186s][info][gc,cpu         ] GC(84) User=0.01s Sys=0.00s Real=0.00s
[2026-03-23T15:56:15.388+0900][12.219s][info][gc,start       ] GC(85) Pause Full (Ergonomics)
[2026-03-23T15:56:15.388+0900][12.219s][info][gc,phases,start] GC(85) Marking Phase
[2026-03-23T15:56:15.391+0900][12.221s][info][gc,phases      ] GC(85) Marking Phase 2.491ms
[2026-03-23T15:56:15.391+0900][12.221s][info][gc,phases,start] GC(85) Summary Phase
[2026-03-23T15:56:15.391+0900][12.221s][info][gc,phases      ] GC(85) Summary Phase 0.021ms
[2026-03-23T15:56:15.391+0900][12.221s][info][gc,phases,start] GC(85) Adjust Roots
[2026-03-23T15:56:15.391+0900][12.221s][info][gc,phases      ] GC(85) Adjust Roots 0.154ms
[2026-03-23T15:56:15.391+0900][12.222s][info][gc,phases,start] GC(85) Compaction Phase
[2026-03-23T15:56:15.392+0900][12.222s][info][gc,phases      ] GC(85) Compaction Phase 0.818ms
[2026-03-23T15:56:15.392+0900][12.222s][info][gc,phases,start] GC(85) Post Compact
[2026-03-23T15:56:15.392+0900][12.223s][info][gc,phases      ] GC(85) Post Compact 0.143ms
[2026-03-23T15:56:15.392+0900][12.223s][info][gc,heap        ] GC(85) PSYoungGen: 30462K(37376K)->22529K(36864K) Eden: 30462K(31232K)->22529K(31232K) From: 0K(6144K)->0K(5632K)
[2026-03-23T15:56:15.392+0900][12.223s][info][gc,heap        ] GC(85) ParOldGen: 349401K(349696K)->349401K(349696K)
[2026-03-23T15:56:15.392+0900][12.223s][info][gc,metaspace   ] GC(85) Metaspace: 238K(448K)->238K(448K) NonClass: 223K(320K)->223K(320K) Class: 14K(128K)->14K(128K)
[2026-03-23T15:56:15.392+0900][12.223s][info][gc             ] GC(85) Pause Full (Ergonomics) 370M->363M(377M) 3.954ms
[2026-03-23T15:56:15.392+0900][12.223s][info][gc,cpu         ] GC(85) User=0.01s Sys=0.00s Real=0.01s
[2026-03-23T15:56:15.425+0900][12.255s][info][gc,start       ] GC(86) Pause Full (Ergonomics)
[2026-03-23T15:56:15.425+0900][12.255s][info][gc,phases,start] GC(86) Marking Phase
[2026-03-23T15:56:15.428+0900][12.258s][info][gc,phases      ] GC(86) Marking Phase 2.871ms
[2026-03-23T15:56:15.428+0900][12.258s][info][gc,phases,start] GC(86) Summary Phase
[2026-03-23T15:56:15.428+0900][12.258s][info][gc,phases      ] GC(86) Summary Phase 0.025ms
[2026-03-23T15:56:15.428+0900][12.258s][info][gc,phases,start] GC(86) Adjust Roots
[2026-03-23T15:56:15.428+0900][12.259s][info][gc,phases      ] GC(86) Adjust Roots 0.137ms
[2026-03-23T15:56:15.428+0900][12.259s][info][gc,phases,start] GC(86) Compaction Phase
[2026-03-23T15:56:15.429+0900][12.259s][info][gc,phases      ] GC(86) Compaction Phase 0.707ms
[2026-03-23T15:56:15.429+0900][12.259s][info][gc,phases,start] GC(86) Post Compact
[2026-03-23T15:56:15.429+0900][12.260s][info][gc,phases      ] GC(86) Post Compact 0.157ms
[2026-03-23T15:56:15.429+0900][12.260s][info][gc,heap        ] GC(86) PSYoungGen: 30440K(36864K)->22529K(37376K) Eden: 30440K(31232K)->22529K(31232K) From: 0K(5632K)->0K(6144K)
[2026-03-23T15:56:15.429+0900][12.260s][info][gc,heap        ] GC(86) ParOldGen: 349401K(349696K)->349401K(349696K)
[2026-03-23T15:56:15.429+0900][12.260s][info][gc,metaspace   ] GC(86) Metaspace: 238K(448K)->238K(448K) NonClass: 223K(320K)->223K(320K) Class: 14K(128K)->14K(128K)
[2026-03-23T15:56:15.429+0900][12.260s][info][gc             ] GC(86) Pause Full (Ergonomics) 370M->363M(378M) 4.244ms
[2026-03-23T15:56:15.429+0900][12.260s][info][gc,cpu         ] GC(86) User=0.01s Sys=0.00s Real=0.00s
[2026-03-23T15:56:15.454+0900][12.284s][info][gc,start       ] GC(87) Pause Full (Ergonomics)
[2026-03-23T15:56:15.454+0900][12.284s][info][gc,phases,start] GC(87) Marking Phase
[2026-03-23T15:56:15.455+0900][12.286s][info][gc,phases      ] GC(87) Marking Phase 1.746ms
[2026-03-23T15:56:15.456+0900][12.286s][info][gc,phases,start] GC(87) Summary Phase
[2026-03-23T15:56:15.456+0900][12.286s][info][gc,phases      ] GC(87) Summary Phase 0.017ms
[2026-03-23T15:56:15.456+0900][12.286s][info][gc,phases,start] GC(87) Adjust Roots
[2026-03-23T15:56:15.456+0900][12.286s][info][gc,phases      ] GC(87) Adjust Roots 0.133ms
[2026-03-23T15:56:15.456+0900][12.286s][info][gc,phases,start] GC(87) Compaction Phase
[2026-03-23T15:56:15.457+0900][12.288s][info][gc,phases      ] GC(87) Compaction Phase 1.556ms
[2026-03-23T15:56:15.457+0900][12.288s][info][gc,phases,start] GC(87) Post Compact
[2026-03-23T15:56:15.457+0900][12.288s][info][gc,phases      ] GC(87) Post Compact 0.168ms
[2026-03-23T15:56:15.458+0900][12.288s][info][gc,heap        ] GC(87) PSYoungGen: 30414K(37376K)->24065K(36864K) Eden: 30414K(31232K)->24065K(31232K) From: 0K(6144K)->0K(5632K)
[2026-03-23T15:56:15.458+0900][12.288s][info][gc,heap        ] GC(87) ParOldGen: 349401K(349696K)->349401K(349696K)
[2026-03-23T15:56:15.458+0900][12.288s][info][gc,metaspace   ] GC(87) Metaspace: 238K(448K)->238K(448K) NonClass: 223K(320K)->223K(320K) Class: 14K(128K)->14K(128K)
[2026-03-23T15:56:15.458+0900][12.288s][info][gc             ] GC(87) Pause Full (Ergonomics) 370M->364M(377M) 3.913ms
[2026-03-23T15:56:15.458+0900][12.288s][info][gc,cpu         ] GC(87) User=0.01s Sys=0.00s Real=0.00s
[2026-03-23T15:56:15.483+0900][12.314s][info][gc,start       ] GC(88) Pause Full (Ergonomics)
[2026-03-23T15:56:15.483+0900][12.314s][info][gc,phases,start] GC(88) Marking Phase
[2026-03-23T15:56:15.485+0900][12.316s][info][gc,phases      ] GC(88) Marking Phase 1.850ms
[2026-03-23T15:56:15.485+0900][12.316s][info][gc,phases,start] GC(88) Summary Phase
[2026-03-23T15:56:15.486+0900][12.316s][info][gc,phases      ] GC(88) Summary Phase 0.094ms
[2026-03-23T15:56:15.486+0900][12.316s][info][gc,phases,start] GC(88) Adjust Roots
[2026-03-23T15:56:15.486+0900][12.316s][info][gc,phases      ] GC(88) Adjust Roots 0.260ms
[2026-03-23T15:56:15.486+0900][12.316s][info][gc,phases,start] GC(88) Compaction Phase
[2026-03-23T15:56:15.487+0900][12.318s][info][gc,phases      ] GC(88) Compaction Phase 1.421ms
[2026-03-23T15:56:15.487+0900][12.318s][info][gc,phases,start] GC(88) Post Compact
[2026-03-23T15:56:15.488+0900][12.318s][info][gc,phases      ] GC(88) Post Compact 0.149ms
[2026-03-23T15:56:15.488+0900][12.318s][info][gc,heap        ] GC(88) PSYoungGen: 30398K(36864K)->24065K(37376K) Eden: 30398K(31232K)->24065K(31232K) From: 0K(5632K)->0K(6144K)
[2026-03-23T15:56:15.488+0900][12.318s][info][gc,heap        ] GC(88) ParOldGen: 349401K(349696K)->349401K(349696K)
[2026-03-23T15:56:15.488+0900][12.318s][info][gc,metaspace   ] GC(88) Metaspace: 238K(448K)->238K(448K) NonClass: 223K(320K)->223K(320K) Class: 14K(128K)->14K(128K)
[2026-03-23T15:56:15.488+0900][12.318s][info][gc             ] GC(88) Pause Full (Ergonomics) 370M->364M(378M) 4.167ms
[2026-03-23T15:56:15.488+0900][12.318s][info][gc,cpu         ] GC(88) User=0.01s Sys=0.00s Real=0.00s
[2026-03-23T15:56:15.507+0900][12.338s][info][gc,start       ] GC(89) Pause Full (Ergonomics)
[2026-03-23T15:56:15.507+0900][12.338s][info][gc,phases,start] GC(89) Marking Phase
[2026-03-23T15:56:15.509+0900][12.340s][info][gc,phases      ] GC(89) Marking Phase 1.981ms
[2026-03-23T15:56:15.509+0900][12.340s][info][gc,phases,start] GC(89) Summary Phase
[2026-03-23T15:56:15.510+0900][12.340s][info][gc,phases      ] GC(89) Summary Phase 0.035ms
[2026-03-23T15:56:15.510+0900][12.340s][info][gc,phases,start] GC(89) Adjust Roots
[2026-03-23T15:56:15.510+0900][12.340s][info][gc,phases      ] GC(89) Adjust Roots 0.153ms
[2026-03-23T15:56:15.510+0900][12.340s][info][gc,phases,start] GC(89) Compaction Phase
[2026-03-23T15:56:15.511+0900][12.341s][info][gc,phases      ] GC(89) Compaction Phase 0.888ms
[2026-03-23T15:56:15.511+0900][12.341s][info][gc,phases,start] GC(89) Post Compact
[2026-03-23T15:56:15.511+0900][12.341s][info][gc,phases      ] GC(89) Post Compact 0.138ms
[2026-03-23T15:56:15.511+0900][12.341s][info][gc,heap        ] GC(89) PSYoungGen: 30376K(37376K)->25602K(36864K) Eden: 30376K(31232K)->25602K(31232K) From: 0K(6144K)->0K(5632K)
[2026-03-23T15:56:15.511+0900][12.341s][info][gc,heap        ] GC(89) ParOldGen: 349401K(349696K)->349401K(349696K)
[2026-03-23T15:56:15.511+0900][12.341s][info][gc,metaspace   ] GC(89) Metaspace: 238K(448K)->238K(448K) NonClass: 223K(320K)->223K(320K) Class: 14K(128K)->14K(128K)
[2026-03-23T15:56:15.511+0900][12.341s][info][gc             ] GC(89) Pause Full (Ergonomics) 370M->366M(377M) 3.504ms
[2026-03-23T15:56:15.511+0900][12.341s][info][gc,cpu         ] GC(89) User=0.01s Sys=0.00s Real=0.01s
[2026-03-23T15:56:15.530+0900][12.360s][info][gc,start       ] GC(90) Pause Full (Ergonomics)
[2026-03-23T15:56:15.530+0900][12.360s][info][gc,phases,start] GC(90) Marking Phase
[2026-03-23T15:56:15.532+0900][12.362s][info][gc,phases      ] GC(90) Marking Phase 1.634ms
[2026-03-23T15:56:15.532+0900][12.362s][info][gc,phases,start] GC(90) Summary Phase
[2026-03-23T15:56:15.532+0900][12.362s][info][gc,phases      ] GC(90) Summary Phase 0.024ms
[2026-03-23T15:56:15.532+0900][12.362s][info][gc,phases,start] GC(90) Adjust Roots
[2026-03-23T15:56:15.532+0900][12.362s][info][gc,phases      ] GC(90) Adjust Roots 0.158ms
[2026-03-23T15:56:15.532+0900][12.362s][info][gc,phases,start] GC(90) Compaction Phase
[2026-03-23T15:56:15.533+0900][12.363s][info][gc,phases      ] GC(90) Compaction Phase 0.708ms
[2026-03-23T15:56:15.533+0900][12.363s][info][gc,phases,start] GC(90) Post Compact
[2026-03-23T15:56:15.533+0900][12.363s][info][gc,phases      ] GC(90) Post Compact 0.161ms
[2026-03-23T15:56:15.533+0900][12.363s][info][gc,heap        ] GC(90) PSYoungGen: 30362K(36864K)->25602K(37376K) Eden: 30362K(31232K)->25602K(31232K) From: 0K(5632K)->0K(6144K)
[2026-03-23T15:56:15.533+0900][12.363s][info][gc,heap        ] GC(90) ParOldGen: 349401K(349696K)->349401K(349696K)
[2026-03-23T15:56:15.533+0900][12.363s][info][gc,metaspace   ] GC(90) Metaspace: 238K(448K)->238K(448K) NonClass: 223K(320K)->223K(320K) Class: 14K(128K)->14K(128K)
[2026-03-23T15:56:15.533+0900][12.363s][info][gc             ] GC(90) Pause Full (Ergonomics) 370M->366M(378M) 2.970ms
[2026-03-23T15:56:15.533+0900][12.363s][info][gc,cpu         ] GC(90) User=0.01s Sys=0.00s Real=0.00s
[2026-03-23T15:56:15.546+0900][12.376s][info][gc,start       ] GC(91) Pause Full (Ergonomics)
[2026-03-23T15:56:15.546+0900][12.377s][info][gc,phases,start] GC(91) Marking Phase
[2026-03-23T15:56:15.548+0900][12.378s][info][gc,phases      ] GC(91) Marking Phase 1.570ms
[2026-03-23T15:56:15.548+0900][12.378s][info][gc,phases,start] GC(91) Summary Phase
[2026-03-23T15:56:15.548+0900][12.378s][info][gc,phases      ] GC(91) Summary Phase 0.030ms
[2026-03-23T15:56:15.548+0900][12.379s][info][gc,phases,start] GC(91) Adjust Roots
[2026-03-23T15:56:15.549+0900][12.379s][info][gc,phases      ] GC(91) Adjust Roots 0.400ms
[2026-03-23T15:56:15.549+0900][12.379s][info][gc,phases,start] GC(91) Compaction Phase
[2026-03-23T15:56:15.550+0900][12.380s][info][gc,phases      ] GC(91) Compaction Phase 0.839ms
[2026-03-23T15:56:15.550+0900][12.380s][info][gc,phases,start] GC(91) Post Compact
[2026-03-23T15:56:15.550+0900][12.380s][info][gc,phases      ] GC(91) Post Compact 0.152ms
[2026-03-23T15:56:15.550+0900][12.380s][info][gc,heap        ] GC(91) PSYoungGen: 30342K(37376K)->27138K(36864K) Eden: 30342K(31232K)->27138K(31232K) From: 0K(6144K)->0K(5632K)
[2026-03-23T15:56:15.550+0900][12.380s][info][gc,heap        ] GC(91) ParOldGen: 349401K(349696K)->349401K(349696K)
[2026-03-23T15:56:15.550+0900][12.380s][info][gc,metaspace   ] GC(91) Metaspace: 238K(448K)->238K(448K) NonClass: 223K(320K)->223K(320K) Class: 14K(128K)->14K(128K)
[2026-03-23T15:56:15.550+0900][12.380s][info][gc             ] GC(91) Pause Full (Ergonomics) 370M->367M(377M) 3.622ms
[2026-03-23T15:56:15.550+0900][12.380s][info][gc,cpu         ] GC(91) User=0.00s Sys=0.01s Real=0.01s
[2026-03-23T15:56:15.561+0900][12.391s][info][gc,start       ] GC(92) Pause Full (Ergonomics)
[2026-03-23T15:56:15.561+0900][12.391s][info][gc,phases,start] GC(92) Marking Phase
[2026-03-23T15:56:15.563+0900][12.393s][info][gc,phases      ] GC(92) Marking Phase 1.527ms
[2026-03-23T15:56:15.563+0900][12.393s][info][gc,phases,start] GC(92) Summary Phase
[2026-03-23T15:56:15.563+0900][12.393s][info][gc,phases      ] GC(92) Summary Phase 0.032ms
[2026-03-23T15:56:15.563+0900][12.393s][info][gc,phases,start] GC(92) Adjust Roots
[2026-03-23T15:56:15.563+0900][12.393s][info][gc,phases      ] GC(92) Adjust Roots 0.231ms
[2026-03-23T15:56:15.563+0900][12.393s][info][gc,phases,start] GC(92) Compaction Phase
[2026-03-23T15:56:15.564+0900][12.394s][info][gc,phases      ] GC(92) Compaction Phase 0.733ms
[2026-03-23T15:56:15.564+0900][12.394s][info][gc,phases,start] GC(92) Post Compact
[2026-03-23T15:56:15.564+0900][12.394s][info][gc,phases      ] GC(92) Post Compact 0.183ms
[2026-03-23T15:56:15.564+0900][12.394s][info][gc,heap        ] GC(92) PSYoungGen: 30329K(36864K)->27138K(37376K) Eden: 30329K(31232K)->27138K(31232K) From: 0K(5632K)->0K(6144K)
[2026-03-23T15:56:15.564+0900][12.394s][info][gc,heap        ] GC(92) ParOldGen: 349401K(349696K)->349401K(349696K)
[2026-03-23T15:56:15.564+0900][12.394s][info][gc,metaspace   ] GC(92) Metaspace: 238K(448K)->238K(448K) NonClass: 223K(320K)->223K(320K) Class: 14K(128K)->14K(128K)
[2026-03-23T15:56:15.564+0900][12.394s][info][gc             ] GC(92) Pause Full (Ergonomics) 370M->367M(378M) 3.201ms
[2026-03-23T15:56:15.564+0900][12.394s][info][gc,cpu         ] GC(92) User=0.01s Sys=0.00s Real=0.00s
[2026-03-23T15:56:15.576+0900][12.407s][info][gc,start       ] GC(93) Pause Full (Ergonomics)
[2026-03-23T15:56:15.577+0900][12.407s][info][gc,phases,start] GC(93) Marking Phase
[2026-03-23T15:56:15.578+0900][12.408s][info][gc,phases      ] GC(93) Marking Phase 1.322ms
[2026-03-23T15:56:15.578+0900][12.408s][info][gc,phases,start] GC(93) Summary Phase
[2026-03-23T15:56:15.578+0900][12.408s][info][gc,phases      ] GC(93) Summary Phase 0.035ms
[2026-03-23T15:56:15.578+0900][12.408s][info][gc,phases,start] GC(93) Adjust Roots
[2026-03-23T15:56:15.578+0900][12.408s][info][gc,phases      ] GC(93) Adjust Roots 0.169ms
[2026-03-23T15:56:15.578+0900][12.409s][info][gc,phases,start] GC(93) Compaction Phase
[2026-03-23T15:56:15.579+0900][12.409s][info][gc,phases      ] GC(93) Compaction Phase 0.793ms
[2026-03-23T15:56:15.579+0900][12.409s][info][gc,phases,start] GC(93) Post Compact
[2026-03-23T15:56:15.579+0900][12.409s][info][gc,phases      ] GC(93) Post Compact 0.139ms
[2026-03-23T15:56:15.579+0900][12.410s][info][gc,heap        ] GC(93) PSYoungGen: 30309K(37376K)->27138K(36864K) Eden: 30309K(31232K)->27138K(31232K) From: 0K(6144K)->0K(5632K)
[2026-03-23T15:56:15.579+0900][12.410s][info][gc,heap        ] GC(93) ParOldGen: 349401K(349696K)->349401K(349696K)
[2026-03-23T15:56:15.579+0900][12.410s][info][gc,metaspace   ] GC(93) Metaspace: 238K(448K)->238K(448K) NonClass: 223K(320K)->223K(320K) Class: 14K(128K)->14K(128K)
[2026-03-23T15:56:15.579+0900][12.410s][info][gc             ] GC(93) Pause Full (Ergonomics) 370M->367M(377M) 2.773ms
[2026-03-23T15:56:15.579+0900][12.410s][info][gc,cpu         ] GC(93) User=0.01s Sys=0.00s Real=0.00s
[2026-03-23T15:56:15.592+0900][12.423s][info][gc,start       ] GC(94) Pause Full (Ergonomics)
[2026-03-23T15:56:15.592+0900][12.423s][info][gc,phases,start] GC(94) Marking Phase
[2026-03-23T15:56:15.595+0900][12.425s][info][gc,phases      ] GC(94) Marking Phase 2.871ms
[2026-03-23T15:56:15.595+0900][12.426s][info][gc,phases,start] GC(94) Summary Phase
[2026-03-23T15:56:15.595+0900][12.426s][info][gc,phases      ] GC(94) Summary Phase 0.014ms
[2026-03-23T15:56:15.595+0900][12.426s][info][gc,phases,start] GC(94) Adjust Roots
[2026-03-23T15:56:15.595+0900][12.426s][info][gc,phases      ] GC(94) Adjust Roots 0.120ms
[2026-03-23T15:56:15.595+0900][12.426s][info][gc,phases,start] GC(94) Compaction Phase
[2026-03-23T15:56:15.596+0900][12.426s][info][gc,phases      ] GC(94) Compaction Phase 0.590ms
[2026-03-23T15:56:15.596+0900][12.426s][info][gc,phases,start] GC(94) Post Compact
[2026-03-23T15:56:15.596+0900][12.426s][info][gc,phases      ] GC(94) Post Compact 0.150ms
[2026-03-23T15:56:15.596+0900][12.427s][info][gc,heap        ] GC(94) PSYoungGen: 30297K(36864K)->27138K(37376K) Eden: 30297K(31232K)->27138K(31232K) From: 0K(5632K)->0K(6144K)
[2026-03-23T15:56:15.596+0900][12.427s][info][gc,heap        ] GC(94) ParOldGen: 349401K(349696K)->349401K(349696K)
[2026-03-23T15:56:15.596+0900][12.427s][info][gc,metaspace   ] GC(94) Metaspace: 238K(448K)->238K(448K) NonClass: 223K(320K)->223K(320K) Class: 14K(128K)->14K(128K)
[2026-03-23T15:56:15.596+0900][12.427s][info][gc             ] GC(94) Pause Full (Ergonomics) 370M->367M(378M) 3.988ms
[2026-03-23T15:56:15.596+0900][12.427s][info][gc,cpu         ] GC(94) User=0.02s Sys=0.00s Real=0.00s
[2026-03-23T15:56:15.609+0900][12.439s][info][gc,start       ] GC(95) Pause Full (Ergonomics)
[2026-03-23T15:56:15.609+0900][12.439s][info][gc,phases,start] GC(95) Marking Phase
[2026-03-23T15:56:15.610+0900][12.440s][info][gc,phases      ] GC(95) Marking Phase 1.241ms
[2026-03-23T15:56:15.610+0900][12.440s][info][gc,phases,start] GC(95) Summary Phase
[2026-03-23T15:56:15.610+0900][12.440s][info][gc,phases      ] GC(95) Summary Phase 0.032ms
[2026-03-23T15:56:15.610+0900][12.440s][info][gc,phases,start] GC(95) Adjust Roots
[2026-03-23T15:56:15.610+0900][12.441s][info][gc,phases      ] GC(95) Adjust Roots 0.158ms
[2026-03-23T15:56:15.610+0900][12.441s][info][gc,phases,start] GC(95) Compaction Phase
[2026-03-23T15:56:15.611+0900][12.441s][info][gc,phases      ] GC(95) Compaction Phase 0.641ms
[2026-03-23T15:56:15.611+0900][12.441s][info][gc,phases,start] GC(95) Post Compact
[2026-03-23T15:56:15.611+0900][12.441s][info][gc,phases      ] GC(95) Post Compact 0.176ms
[2026-03-23T15:56:15.611+0900][12.441s][info][gc,heap        ] GC(95) PSYoungGen: 30289K(37376K)->27138K(36864K) Eden: 30289K(31232K)->27138K(31232K) From: 0K(6144K)->0K(5632K)
[2026-03-23T15:56:15.611+0900][12.441s][info][gc,heap        ] GC(95) ParOldGen: 349401K(349696K)->349401K(349696K)
[2026-03-23T15:56:15.611+0900][12.441s][info][gc,metaspace   ] GC(95) Metaspace: 238K(448K)->238K(448K) NonClass: 223K(320K)->223K(320K) Class: 14K(128K)->14K(128K)
[2026-03-23T15:56:15.611+0900][12.441s][info][gc             ] GC(95) Pause Full (Ergonomics) 370M->367M(377M) 2.544ms
[2026-03-23T15:56:15.611+0900][12.442s][info][gc,cpu         ] GC(95) User=0.00s Sys=0.00s Real=0.01s
[2026-03-23T15:56:15.618+0900][12.448s][info][gc,start       ] GC(96) Pause Full (Ergonomics)
[2026-03-23T15:56:15.618+0900][12.448s][info][gc,phases,start] GC(96) Marking Phase
[2026-03-23T15:56:15.619+0900][12.449s][info][gc,phases      ] GC(96) Marking Phase 1.253ms
[2026-03-23T15:56:15.619+0900][12.450s][info][gc,phases,start] GC(96) Summary Phase
[2026-03-23T15:56:15.619+0900][12.450s][info][gc,phases      ] GC(96) Summary Phase 0.017ms
[2026-03-23T15:56:15.619+0900][12.450s][info][gc,phases,start] GC(96) Adjust Roots
[2026-03-23T15:56:15.619+0900][12.450s][info][gc,phases      ] GC(96) Adjust Roots 0.138ms
[2026-03-23T15:56:15.619+0900][12.450s][info][gc,phases,start] GC(96) Compaction Phase
[2026-03-23T15:56:15.620+0900][12.451s][info][gc,phases      ] GC(96) Compaction Phase 0.838ms
[2026-03-23T15:56:15.620+0900][12.451s][info][gc,phases,start] GC(96) Post Compact
[2026-03-23T15:56:15.621+0900][12.451s][info][gc,phases      ] GC(96) Post Compact 0.226ms
[2026-03-23T15:56:15.621+0900][12.451s][info][gc,heap        ] GC(96) PSYoungGen: 30283K(36864K)->28674K(37376K) Eden: 30283K(31232K)->28674K(31232K) From: 0K(5632K)->0K(6144K)
[2026-03-23T15:56:15.621+0900][12.451s][info][gc,heap        ] GC(96) ParOldGen: 349401K(349696K)->349401K(349696K)
[2026-03-23T15:56:15.621+0900][12.451s][info][gc,metaspace   ] GC(96) Metaspace: 238K(448K)->238K(448K) NonClass: 223K(320K)->223K(320K) Class: 14K(128K)->14K(128K)
[2026-03-23T15:56:15.621+0900][12.451s][info][gc             ] GC(96) Pause Full (Ergonomics) 370M->369M(378M) 2.788ms
[2026-03-23T15:56:15.621+0900][12.451s][info][gc,cpu         ] GC(96) User=0.01s Sys=0.00s Real=0.01s
[2026-03-23T15:56:15.627+0900][12.457s][info][gc,start       ] GC(97) Pause Full (Ergonomics)
[2026-03-23T15:56:15.627+0900][12.458s][info][gc,phases,start] GC(97) Marking Phase
[2026-03-23T15:56:15.629+0900][12.459s][info][gc,phases      ] GC(97) Marking Phase 1.331ms
[2026-03-23T15:56:15.629+0900][12.459s][info][gc,phases,start] GC(97) Summary Phase
[2026-03-23T15:56:15.629+0900][12.459s][info][gc,phases      ] GC(97) Summary Phase 0.014ms
[2026-03-23T15:56:15.629+0900][12.459s][info][gc,phases,start] GC(97) Adjust Roots
[2026-03-23T15:56:15.629+0900][12.459s][info][gc,phases      ] GC(97) Adjust Roots 0.142ms
[2026-03-23T15:56:15.629+0900][12.459s][info][gc,phases,start] GC(97) Compaction Phase
[2026-03-23T15:56:15.630+0900][12.460s][info][gc,phases      ] GC(97) Compaction Phase 0.893ms
[2026-03-23T15:56:15.630+0900][12.460s][info][gc,phases,start] GC(97) Post Compact
[2026-03-23T15:56:15.630+0900][12.460s][info][gc,phases      ] GC(97) Post Compact 0.170ms
[2026-03-23T15:56:15.630+0900][12.460s][info][gc,heap        ] GC(97) PSYoungGen: 30280K(37376K)->28674K(36864K) Eden: 30280K(31232K)->28674K(31232K) From: 0K(6144K)->0K(5632K)
[2026-03-23T15:56:15.630+0900][12.460s][info][gc,heap        ] GC(97) ParOldGen: 349401K(349696K)->349401K(349696K)
[2026-03-23T15:56:15.630+0900][12.460s][info][gc,metaspace   ] GC(97) Metaspace: 238K(448K)->238K(448K) NonClass: 223K(320K)->223K(320K) Class: 14K(128K)->14K(128K)
[2026-03-23T15:56:15.630+0900][12.460s][info][gc             ] GC(97) Pause Full (Ergonomics) 370M->369M(377M) 2.825ms
[2026-03-23T15:56:15.630+0900][12.460s][info][gc,cpu         ] GC(97) User=0.01s Sys=0.00s Real=0.01s
[2026-03-23T15:56:15.636+0900][12.466s][info][gc,start       ] GC(98) Pause Full (Ergonomics)
[2026-03-23T15:56:15.636+0900][12.466s][info][gc,phases,start] GC(98) Marking Phase
[2026-03-23T15:56:15.639+0900][12.469s][info][gc,phases      ] GC(98) Marking Phase 3.009ms
[2026-03-23T15:56:15.639+0900][12.469s][info][gc,phases,start] GC(98) Summary Phase
[2026-03-23T15:56:15.639+0900][12.469s][info][gc,phases      ] GC(98) Summary Phase 0.016ms
[2026-03-23T15:56:15.639+0900][12.469s][info][gc,phases,start] GC(98) Adjust Roots
[2026-03-23T15:56:15.639+0900][12.470s][info][gc,phases      ] GC(98) Adjust Roots 0.200ms
[2026-03-23T15:56:15.639+0900][12.470s][info][gc,phases,start] GC(98) Compaction Phase
[2026-03-23T15:56:15.640+0900][12.470s][info][gc,phases      ] GC(98) Compaction Phase 0.740ms
[2026-03-23T15:56:15.640+0900][12.471s][info][gc,phases,start] GC(98) Post Compact
[2026-03-23T15:56:15.641+0900][12.471s][info][gc,phases      ] GC(98) Post Compact 0.299ms
[2026-03-23T15:56:15.641+0900][12.471s][info][gc,heap        ] GC(98) PSYoungGen: 30266K(36864K)->28674K(37376K) Eden: 30266K(31232K)->28674K(31232K) From: 0K(5632K)->0K(6144K)
[2026-03-23T15:56:15.641+0900][12.471s][info][gc,heap        ] GC(98) ParOldGen: 349401K(349696K)->349401K(349696K)
[2026-03-23T15:56:15.641+0900][12.471s][info][gc,metaspace   ] GC(98) Metaspace: 238K(448K)->238K(448K) NonClass: 223K(320K)->223K(320K) Class: 14K(128K)->14K(128K)
[2026-03-23T15:56:15.641+0900][12.471s][info][gc             ] GC(98) Pause Full (Ergonomics) 370M->369M(378M) 4.563ms
[2026-03-23T15:56:15.641+0900][12.471s][info][gc,cpu         ] GC(98) User=0.02s Sys=0.01s Real=0.01s
[2026-03-23T15:56:15.647+0900][12.477s][info][gc,start       ] GC(99) Pause Full (Ergonomics)
[2026-03-23T15:56:15.647+0900][12.477s][info][gc,phases,start] GC(99) Marking Phase
[2026-03-23T15:56:15.649+0900][12.479s][info][gc,phases      ] GC(99) Marking Phase 1.969ms
[2026-03-23T15:56:15.649+0900][12.479s][info][gc,phases,start] GC(99) Summary Phase
[2026-03-23T15:56:15.649+0900][12.479s][info][gc,phases      ] GC(99) Summary Phase 0.012ms
[2026-03-23T15:56:15.649+0900][12.479s][info][gc,phases,start] GC(99) Adjust Roots
[2026-03-23T15:56:15.649+0900][12.480s][info][gc,phases      ] GC(99) Adjust Roots 0.169ms
[2026-03-23T15:56:15.649+0900][12.480s][info][gc,phases,start] GC(99) Compaction Phase
[2026-03-23T15:56:15.650+0900][12.480s][info][gc,phases      ] GC(99) Compaction Phase 0.648ms
[2026-03-23T15:56:15.650+0900][12.480s][info][gc,phases,start] GC(99) Post Compact
[2026-03-23T15:56:15.650+0900][12.480s][info][gc,phases      ] GC(99) Post Compact 0.166ms
[2026-03-23T15:56:15.650+0900][12.480s][info][gc,heap        ] GC(99) PSYoungGen: 30258K(37376K)->28674K(36864K) Eden: 30258K(31232K)->28674K(31232K) From: 0K(6144K)->0K(5632K)
[2026-03-23T15:56:15.650+0900][12.480s][info][gc,heap        ] GC(99) ParOldGen: 349401K(349696K)->349401K(349696K)
[2026-03-23T15:56:15.650+0900][12.481s][info][gc,metaspace   ] GC(99) Metaspace: 238K(448K)->238K(448K) NonClass: 223K(320K)->223K(320K) Class: 14K(128K)->14K(128K)
[2026-03-23T15:56:15.650+0900][12.481s][info][gc             ] GC(99) Pause Full (Ergonomics) 370M->369M(377M) 3.096ms
[2026-03-23T15:56:15.650+0900][12.481s][info][gc,cpu         ] GC(99) User=0.02s Sys=0.00s Real=0.01s
[2026-03-23T15:56:15.656+0900][12.487s][info][gc,start       ] GC(100) Pause Full (Ergonomics)
[2026-03-23T15:56:15.656+0900][12.487s][info][gc,phases,start] GC(100) Marking Phase
[2026-03-23T15:56:15.659+0900][12.489s][info][gc,phases      ] GC(100) Marking Phase 2.780ms
[2026-03-23T15:56:15.659+0900][12.489s][info][gc,phases,start] GC(100) Summary Phase
[2026-03-23T15:56:15.659+0900][12.489s][info][gc,phases      ] GC(100) Summary Phase 0.015ms
[2026-03-23T15:56:15.659+0900][12.490s][info][gc,phases,start] GC(100) Adjust Roots
[2026-03-23T15:56:15.659+0900][12.490s][info][gc,phases      ] GC(100) Adjust Roots 0.123ms
[2026-03-23T15:56:15.659+0900][12.490s][info][gc,phases,start] GC(100) Compaction Phase
[2026-03-23T15:56:15.660+0900][12.490s][info][gc,phases      ] GC(100) Compaction Phase 0.622ms
[2026-03-23T15:56:15.660+0900][12.490s][info][gc,phases,start] GC(100) Post Compact
[2026-03-23T15:56:15.660+0900][12.490s][info][gc,phases      ] GC(100) Post Compact 0.143ms
[2026-03-23T15:56:15.660+0900][12.490s][info][gc,heap        ] GC(100) PSYoungGen: 30252K(36864K)->28674K(37376K) Eden: 30252K(31232K)->28674K(31232K) From: 0K(5632K)->0K(6144K)
[2026-03-23T15:56:15.660+0900][12.490s][info][gc,heap        ] GC(100) ParOldGen: 349401K(349696K)->349401K(349696K)
[2026-03-23T15:56:15.660+0900][12.490s][info][gc,metaspace   ] GC(100) Metaspace: 238K(448K)->238K(448K) NonClass: 223K(320K)->223K(320K) Class: 14K(128K)->14K(128K)
[2026-03-23T15:56:15.660+0900][12.490s][info][gc             ] GC(100) Pause Full (Ergonomics) 370M->369M(378M) 3.811ms
[2026-03-23T15:56:15.660+0900][12.490s][info][gc,cpu         ] GC(100) User=0.02s Sys=0.00s Real=0.01s
[2026-03-23T15:56:15.667+0900][12.497s][info][gc,start       ] GC(101) Pause Full (Ergonomics)
[2026-03-23T15:56:15.667+0900][12.497s][info][gc,phases,start] GC(101) Marking Phase
[2026-03-23T15:56:15.670+0900][12.500s][info][gc,phases      ] GC(101) Marking Phase 2.983ms
[2026-03-23T15:56:15.670+0900][12.500s][info][gc,phases,start] GC(101) Summary Phase
[2026-03-23T15:56:15.670+0900][12.500s][info][gc,phases      ] GC(101) Summary Phase 0.013ms
[2026-03-23T15:56:15.670+0900][12.500s][info][gc,phases,start] GC(101) Adjust Roots
[2026-03-23T15:56:15.670+0900][12.500s][info][gc,phases      ] GC(101) Adjust Roots 0.141ms
[2026-03-23T15:56:15.670+0900][12.500s][info][gc,phases,start] GC(101) Compaction Phase
[2026-03-23T15:56:15.671+0900][12.501s][info][gc,phases      ] GC(101) Compaction Phase 0.678ms
[2026-03-23T15:56:15.671+0900][12.501s][info][gc,phases,start] GC(101) Post Compact
[2026-03-23T15:56:15.671+0900][12.501s][info][gc,phases      ] GC(101) Post Compact 0.169ms
[2026-03-23T15:56:15.671+0900][12.501s][info][gc,heap        ] GC(101) PSYoungGen: 30248K(37376K)->28674K(36864K) Eden: 30248K(31232K)->28674K(31232K) From: 0K(6144K)->0K(5632K)
[2026-03-23T15:56:15.671+0900][12.501s][info][gc,heap        ] GC(101) ParOldGen: 349401K(349696K)->349401K(349696K)
[2026-03-23T15:56:15.671+0900][12.501s][info][gc,metaspace   ] GC(101) Metaspace: 238K(448K)->238K(448K) NonClass: 223K(320K)->223K(320K) Class: 14K(128K)->14K(128K)
[2026-03-23T15:56:15.671+0900][12.501s][info][gc             ] GC(101) Pause Full (Ergonomics) 370M->369M(377M) 4.133ms
[2026-03-23T15:56:15.671+0900][12.501s][info][gc,cpu         ] GC(101) User=0.02s Sys=0.00s Real=0.01s
[2026-03-23T15:56:15.677+0900][12.508s][info][gc,start       ] GC(102) Pause Full (Ergonomics)
[2026-03-23T15:56:15.677+0900][12.508s][info][gc,phases,start] GC(102) Marking Phase
[2026-03-23T15:56:15.680+0900][12.510s][info][gc,phases      ] GC(102) Marking Phase 2.523ms
[2026-03-23T15:56:15.680+0900][12.510s][info][gc,phases,start] GC(102) Summary Phase
[2026-03-23T15:56:15.680+0900][12.510s][info][gc,phases      ] GC(102) Summary Phase 0.008ms
[2026-03-23T15:56:15.680+0900][12.510s][info][gc,phases,start] GC(102) Adjust Roots
[2026-03-23T15:56:15.680+0900][12.510s][info][gc,phases      ] GC(102) Adjust Roots 0.088ms
[2026-03-23T15:56:15.680+0900][12.510s][info][gc,phases,start] GC(102) Compaction Phase
[2026-03-23T15:56:15.680+0900][12.511s][info][gc,phases      ] GC(102) Compaction Phase 0.316ms
[2026-03-23T15:56:15.680+0900][12.511s][info][gc,phases,start] GC(102) Post Compact
[2026-03-23T15:56:15.680+0900][12.511s][info][gc,phases      ] GC(102) Post Compact 0.144ms
[2026-03-23T15:56:15.680+0900][12.511s][info][gc,heap        ] GC(102) PSYoungGen: 30246K(36864K)->28674K(37376K) Eden: 30246K(31232K)->28674K(31232K) From: 0K(5632K)->0K(6144K)
[2026-03-23T15:56:15.680+0900][12.511s][info][gc,heap        ] GC(102) ParOldGen: 349401K(349696K)->349401K(349696K)
[2026-03-23T15:56:15.680+0900][12.511s][info][gc,metaspace   ] GC(102) Metaspace: 238K(448K)->238K(448K) NonClass: 223K(320K)->223K(320K) Class: 14K(128K)->14K(128K)
[2026-03-23T15:56:15.680+0900][12.511s][info][gc             ] GC(102) Pause Full (Ergonomics) 370M->369M(378M) 3.188ms
[2026-03-23T15:56:15.680+0900][12.511s][info][gc,cpu         ] GC(102) User=0.02s Sys=0.01s Real=0.01s
[2026-03-23T15:56:15.687+0900][12.517s][info][gc,start       ] GC(103) Pause Full (Ergonomics)
[2026-03-23T15:56:15.687+0900][12.517s][info][gc,phases,start] GC(103) Marking Phase
[2026-03-23T15:56:15.689+0900][12.519s][info][gc,phases      ] GC(103) Marking Phase 2.268ms
[2026-03-23T15:56:15.689+0900][12.519s][info][gc,phases,start] GC(103) Summary Phase
[2026-03-23T15:56:15.689+0900][12.519s][info][gc,phases      ] GC(103) Summary Phase 0.009ms
[2026-03-23T15:56:15.689+0900][12.519s][info][gc,phases,start] GC(103) Adjust Roots
[2026-03-23T15:56:15.689+0900][12.520s][info][gc,phases      ] GC(103) Adjust Roots 0.116ms
[2026-03-23T15:56:15.689+0900][12.520s][info][gc,phases,start] GC(103) Compaction Phase
[2026-03-23T15:56:15.690+0900][12.520s][info][gc,phases      ] GC(103) Compaction Phase 0.608ms
[2026-03-23T15:56:15.690+0900][12.520s][info][gc,phases,start] GC(103) Post Compact
[2026-03-23T15:56:15.690+0900][12.520s][info][gc,phases      ] GC(103) Post Compact 0.142ms
[2026-03-23T15:56:15.690+0900][12.520s][info][gc,heap        ] GC(103) PSYoungGen: 30245K(37376K)->28674K(36864K) Eden: 30245K(31232K)->28674K(31232K) From: 0K(6144K)->0K(5632K)
[2026-03-23T15:56:15.690+0900][12.520s][info][gc,heap        ] GC(103) ParOldGen: 349401K(349696K)->349401K(349696K)
[2026-03-23T15:56:15.690+0900][12.520s][info][gc,metaspace   ] GC(103) Metaspace: 238K(448K)->238K(448K) NonClass: 223K(320K)->223K(320K) Class: 14K(128K)->14K(128K)
[2026-03-23T15:56:15.690+0900][12.520s][info][gc             ] GC(103) Pause Full (Ergonomics) 370M->369M(377M) 3.276ms
[2026-03-23T15:56:15.690+0900][12.520s][info][gc,cpu         ] GC(103) User=0.02s Sys=0.00s Real=0.01s
[2026-03-23T15:56:15.690+0900][12.521s][info][gc,start       ] GC(104) Pause Full (Ergonomics)
[2026-03-23T15:56:15.690+0900][12.521s][info][gc,phases,start] GC(104) Marking Phase
[2026-03-23T15:56:15.693+0900][12.523s][info][gc,phases      ] GC(104) Marking Phase 2.360ms
[2026-03-23T15:56:15.693+0900][12.523s][info][gc,phases,start] GC(104) Summary Phase
[2026-03-23T15:56:15.693+0900][12.523s][info][gc,phases      ] GC(104) Summary Phase 0.010ms
[2026-03-23T15:56:15.693+0900][12.523s][info][gc,phases,start] GC(104) Adjust Roots
[2026-03-23T15:56:15.693+0900][12.523s][info][gc,phases      ] GC(104) Adjust Roots 0.134ms
[2026-03-23T15:56:15.693+0900][12.523s][info][gc,phases,start] GC(104) Compaction Phase
[2026-03-23T15:56:15.693+0900][12.524s][info][gc,phases      ] GC(104) Compaction Phase 0.466ms
[2026-03-23T15:56:15.693+0900][12.524s][info][gc,phases,start] GC(104) Post Compact
[2026-03-23T15:56:15.693+0900][12.524s][info][gc,phases      ] GC(104) Post Compact 0.104ms
[2026-03-23T15:56:15.693+0900][12.524s][info][gc,heap        ] GC(104) PSYoungGen: 30244K(36864K)->30210K(37376K) Eden: 30244K(31232K)->30210K(31232K) From: 0K(5632K)->0K(6144K)
[2026-03-23T15:56:15.693+0900][12.524s][info][gc,heap        ] GC(104) ParOldGen: 349401K(349696K)->349401K(349696K)
[2026-03-23T15:56:15.693+0900][12.524s][info][gc,metaspace   ] GC(104) Metaspace: 238K(448K)->238K(448K) NonClass: 223K(320K)->223K(320K) Class: 14K(128K)->14K(128K)
[2026-03-23T15:56:15.693+0900][12.524s][info][gc             ] GC(104) Pause Full (Ergonomics) 370M->370M(378M) 3.165ms
[2026-03-23T15:56:15.693+0900][12.524s][info][gc,cpu         ] GC(104) User=0.02s Sys=0.00s Real=0.00s
[2026-03-23T15:56:15.693+0900][12.524s][info][gc,start       ] GC(105) Pause Full (Allocation Failure)
[2026-03-23T15:56:15.693+0900][12.524s][info][gc,phases,start] GC(105) Marking Phase
[2026-03-23T15:56:15.695+0900][12.526s][info][gc,phases      ] GC(105) Marking Phase 1.832ms
[2026-03-23T15:56:15.695+0900][12.526s][info][gc,phases,start] GC(105) Summary Phase
[2026-03-23T15:56:15.695+0900][12.526s][info][gc,phases      ] GC(105) Summary Phase 0.009ms
[2026-03-23T15:56:15.695+0900][12.526s][info][gc,phases,start] GC(105) Adjust Roots
[2026-03-23T15:56:15.695+0900][12.526s][info][gc,phases      ] GC(105) Adjust Roots 0.104ms
[2026-03-23T15:56:15.695+0900][12.526s][info][gc,phases,start] GC(105) Compaction Phase
[2026-03-23T15:56:15.699+0900][12.530s][info][gc,phases      ] GC(105) Compaction Phase 3.847ms
[2026-03-23T15:56:15.699+0900][12.530s][info][gc,phases,start] GC(105) Post Compact
[2026-03-23T15:56:15.699+0900][12.530s][info][gc,phases      ] GC(105) Post Compact 0.132ms
[2026-03-23T15:56:15.699+0900][12.530s][info][gc,heap        ] GC(105) PSYoungGen: 30210K(37376K)->30210K(36864K) Eden: 30210K(31232K)->30210K(31232K) From: 0K(6144K)->0K(5632K)
[2026-03-23T15:56:15.699+0900][12.530s][info][gc,heap        ] GC(105) ParOldGen: 349401K(349696K)->349395K(349696K)
[2026-03-23T15:56:15.699+0900][12.530s][info][gc,metaspace   ] GC(105) Metaspace: 238K(448K)->227K(448K) NonClass: 223K(320K)->216K(320K) Class: 14K(128K)->11K(128K)
[2026-03-23T15:56:15.699+0900][12.530s][info][gc             ] GC(105) Pause Full (Allocation Failure) 370M->370M(377M) 6.049ms
[2026-03-23T15:56:15.700+0900][12.530s][info][gc,cpu         ] GC(105) User=0.04s Sys=0.00s Real=0.01s
[2026-03-23T15:56:15.701+0900][12.531s][info][gc,heap,exit   ] Heap
[2026-03-23T15:56:15.701+0900][12.531s][info][gc,heap,exit   ]  PSYoungGen      total 36864K, used 30868K [0x000000034a580000, 0x000000034d080000, 0x0000000355000000)
[2026-03-23T15:56:15.701+0900][12.531s][info][gc,heap,exit   ]   eden space 31232K, 98% used [0x000000034a580000,0x000000034c3a50b8,0x000000034c400000)
[2026-03-23T15:56:15.701+0900][12.531s][info][gc,heap,exit   ]   from space 5632K, 0% used [0x000000034ca00000,0x000000034ca00000,0x000000034cf80000)
[2026-03-23T15:56:15.701+0900][12.531s][info][gc,heap,exit   ]   to   space 6144K, 0% used [0x000000034c400000,0x000000034c400000,0x000000034ca00000)
[2026-03-23T15:56:15.701+0900][12.531s][info][gc,heap,exit   ]  ParOldGen       total 349696K, used 349395K [0x0000000335000000, 0x000000034a580000, 0x000000034a580000)
[2026-03-23T15:56:15.701+0900][12.531s][info][gc,heap,exit   ]   object space 349696K, 99% used [0x0000000335000000,0x000000034a534eb8,0x000000034a580000)
[2026-03-23T15:56:15.701+0900][12.531s][info][gc,heap,exit   ]  Metaspace       used 241K, committed 448K, reserved 1114112K
[2026-03-23T15:56:15.701+0900][12.531s][info][gc,heap,exit   ]   class space    used 12K, committed 128K, reserved 1048576K
