[2026-03-23T17:27:47.028+0900][0.004s][info][gc,init] CardTable entry size: 512
[2026-03-23T17:27:47.028+0900][0.004s][info][gc     ] Using G1
[2026-03-23T17:27:47.029+0900][0.004s][info][gc,init] Version: 21.0.9+10-LTS (release)
[2026-03-23T17:27:47.029+0900][0.004s][info][gc,init] CPUs: 14 total, 14 available
[2026-03-23T17:27:47.029+0900][0.004s][info][gc,init] Memory: 49152M
[2026-03-23T17:27:47.029+0900][0.004s][info][gc,init] Large Page Support: Disabled
[2026-03-23T17:27:47.029+0900][0.004s][info][gc,init] NUMA Support: Disabled
[2026-03-23T17:27:47.029+0900][0.004s][info][gc,init] Compressed Oops: Enabled (Zero based)
[2026-03-23T17:27:47.029+0900][0.004s][info][gc,init] Heap Region Size: 1M
[2026-03-23T17:27:47.029+0900][0.004s][info][gc,init] Heap Min Capacity: 256M
[2026-03-23T17:27:47.029+0900][0.004s][info][gc,init] Heap Initial Capacity: 256M
[2026-03-23T17:27:47.029+0900][0.004s][info][gc,init] Heap Max Capacity: 512M
[2026-03-23T17:27:47.029+0900][0.004s][info][gc,init] Pre-touch: Disabled
[2026-03-23T17:27:47.029+0900][0.004s][info][gc,init] Parallel Workers: 11
[2026-03-23T17:27:47.029+0900][0.004s][info][gc,init] Concurrent Workers: 3
[2026-03-23T17:27:47.029+0900][0.004s][info][gc,init] Concurrent Refinement Workers: 11
[2026-03-23T17:27:47.029+0900][0.004s][info][gc,init] Periodic GC: Disabled
[2026-03-23T17:27:47.031+0900][0.007s][info][gc,metaspace] CDS archive(s) mapped at: [0x000000d800000000-0x000000d800c9c000-0x000000d800c9c000), size 13221888, SharedBaseAddress: 0x000000d800000000, ArchiveRelocationMode: 1.
[2026-03-23T17:27:47.031+0900][0.007s][info][gc,metaspace] Compressed class space mapped at: 0x000000d801000000-0x000000d841000000, reserved size: 1073741824
[2026-03-23T17:27:47.031+0900][0.007s][info][gc,metaspace] Narrow klass base: 0x000000d800000000, Narrow klass shift: 0, Narrow klass range: 0x100000000
[2026-03-23T17:27:47.270+0900][0.245s][info][gc,start    ] GC(0) Pause Young (Concurrent Start) (G1 Humongous Allocation)
[2026-03-23T17:27:47.270+0900][0.245s][info][gc,task     ] GC(0) Using 6 workers of 11 for evacuation
[2026-03-23T17:27:47.270+0900][0.246s][info][gc,phases   ] GC(0)   Pre Evacuate Collection Set: 0.07ms
[2026-03-23T17:27:47.270+0900][0.246s][info][gc,phases   ] GC(0)   Merge Heap Roots: 0.03ms
[2026-03-23T17:27:47.270+0900][0.246s][info][gc,phases   ] GC(0)   Evacuate Collection Set: 0.23ms
[2026-03-23T17:27:47.270+0900][0.246s][info][gc,phases   ] GC(0)   Post Evacuate Collection Set: 0.20ms
[2026-03-23T17:27:47.270+0900][0.246s][info][gc,phases   ] GC(0)   Other: 0.21ms
[2026-03-23T17:27:47.270+0900][0.246s][info][gc,heap     ] GC(0) Eden regions: 2->0(45)
[2026-03-23T17:27:47.270+0900][0.246s][info][gc,heap     ] GC(0) Survivor regions: 0->1(3)
[2026-03-23T17:27:47.270+0900][0.246s][info][gc,heap     ] GC(0) Old regions: 2->2
[2026-03-23T17:27:47.270+0900][0.246s][info][gc,heap     ] GC(0) Humongous regions: 114->18
[2026-03-23T17:27:47.270+0900][0.246s][info][gc,metaspace] GC(0) Metaspace: 214K(384K)->214K(384K) NonClass: 200K(256K)->200K(256K) Class: 14K(128K)->14K(128K)
[2026-03-23T17:27:47.270+0900][0.246s][info][gc          ] GC(0) Pause Young (Concurrent Start) (G1 Humongous Allocation) 116M->19M(258M) 0.948ms
[2026-03-23T17:27:47.270+0900][0.246s][info][gc,cpu      ] GC(0) User=0.00s Sys=0.00s Real=0.00s
[2026-03-23T17:27:47.270+0900][0.246s][info][gc          ] GC(1) Concurrent Undo Cycle
[2026-03-23T17:27:47.271+0900][0.246s][info][gc,marking  ] GC(1) Concurrent Clear Claimed Marks
[2026-03-23T17:27:47.271+0900][0.246s][info][gc,marking  ] GC(1) Concurrent Clear Claimed Marks 0.011ms
[2026-03-23T17:27:47.271+0900][0.246s][info][gc,marking  ] GC(1) Concurrent Cleanup for Next Mark
[2026-03-23T17:27:47.271+0900][0.246s][info][gc,marking  ] GC(1) Concurrent Cleanup for Next Mark 0.019ms
[2026-03-23T17:27:47.271+0900][0.246s][info][gc          ] GC(1) Concurrent Undo Cycle 0.087ms
[2026-03-23T17:27:47.451+0900][0.426s][info][gc,start    ] GC(2) Pause Young (Concurrent Start) (G1 Humongous Allocation)
[2026-03-23T17:27:47.451+0900][0.426s][info][gc,task     ] GC(2) Using 6 workers of 11 for evacuation
[2026-03-23T17:27:47.451+0900][0.427s][info][gc,phases   ] GC(2)   Pre Evacuate Collection Set: 0.04ms
[2026-03-23T17:27:47.451+0900][0.427s][info][gc,phases   ] GC(2)   Merge Heap Roots: 0.03ms
[2026-03-23T17:27:47.451+0900][0.427s][info][gc,phases   ] GC(2)   Evacuate Collection Set: 0.17ms
[2026-03-23T17:27:47.451+0900][0.427s][info][gc,phases   ] GC(2)   Post Evacuate Collection Set: 0.13ms
[2026-03-23T17:27:47.451+0900][0.427s][info][gc,phases   ] GC(2)   Other: 0.05ms
[2026-03-23T17:27:47.451+0900][0.427s][info][gc,heap     ] GC(2) Eden regions: 1->0(126)
[2026-03-23T17:27:47.451+0900][0.427s][info][gc,heap     ] GC(2) Survivor regions: 1->1(6)
[2026-03-23T17:27:47.451+0900][0.427s][info][gc,heap     ] GC(2) Old regions: 2->2
[2026-03-23T17:27:47.451+0900][0.427s][info][gc,heap     ] GC(2) Humongous regions: 114->27
[2026-03-23T17:27:47.451+0900][0.427s][info][gc,metaspace] GC(2) Metaspace: 215K(384K)->215K(384K) NonClass: 201K(256K)->201K(256K) Class: 14K(128K)->14K(128K)
[2026-03-23T17:27:47.451+0900][0.427s][info][gc          ] GC(2) Pause Young (Concurrent Start) (G1 Humongous Allocation) 115M->28M(258M) 0.547ms
[2026-03-23T17:27:47.451+0900][0.427s][info][gc,cpu      ] GC(2) User=0.00s Sys=0.00s Real=0.00s
[2026-03-23T17:27:47.451+0900][0.427s][info][gc          ] GC(3) Concurrent Undo Cycle
[2026-03-23T17:27:47.451+0900][0.427s][info][gc,marking  ] GC(3) Concurrent Clear Claimed Marks
[2026-03-23T17:27:47.451+0900][0.427s][info][gc,marking  ] GC(3) Concurrent Clear Claimed Marks 0.007ms
[2026-03-23T17:27:47.451+0900][0.427s][info][gc,marking  ] GC(3) Concurrent Cleanup for Next Mark
[2026-03-23T17:27:47.451+0900][0.427s][info][gc,marking  ] GC(3) Concurrent Cleanup for Next Mark 0.012ms
[2026-03-23T17:27:47.451+0900][0.427s][info][gc          ] GC(3) Concurrent Undo Cycle 0.053ms
[2026-03-23T17:27:47.614+0900][0.590s][info][gc,start    ] GC(4) Pause Young (Concurrent Start) (G1 Humongous Allocation)
[2026-03-23T17:27:47.614+0900][0.590s][info][gc,task     ] GC(4) Using 6 workers of 11 for evacuation
[2026-03-23T17:27:47.616+0900][0.591s][info][gc,phases   ] GC(4)   Pre Evacuate Collection Set: 0.17ms
[2026-03-23T17:27:47.616+0900][0.591s][info][gc,phases   ] GC(4)   Merge Heap Roots: 0.09ms
[2026-03-23T17:27:47.616+0900][0.591s][info][gc,phases   ] GC(4)   Evacuate Collection Set: 0.51ms
[2026-03-23T17:27:47.616+0900][0.591s][info][gc,phases   ] GC(4)   Post Evacuate Collection Set: 0.25ms
[2026-03-23T17:27:47.616+0900][0.591s][info][gc,phases   ] GC(4)   Other: 0.09ms
[2026-03-23T17:27:47.616+0900][0.591s][info][gc,heap     ] GC(4) Eden regions: 1->0(152)
[2026-03-23T17:27:47.616+0900][0.591s][info][gc,heap     ] GC(4) Survivor regions: 1->1(16)
[2026-03-23T17:27:47.616+0900][0.591s][info][gc,heap     ] GC(4) Old regions: 2->2
[2026-03-23T17:27:47.616+0900][0.591s][info][gc,heap     ] GC(4) Humongous regions: 114->36
[2026-03-23T17:27:47.616+0900][0.591s][info][gc,metaspace] GC(4) Metaspace: 215K(384K)->215K(384K) NonClass: 201K(256K)->201K(256K) Class: 14K(128K)->14K(128K)
[2026-03-23T17:27:47.616+0900][0.591s][info][gc          ] GC(4) Pause Young (Concurrent Start) (G1 Humongous Allocation) 115M->37M(258M) 1.585ms
[2026-03-23T17:27:47.616+0900][0.592s][info][gc,cpu      ] GC(4) User=0.00s Sys=0.00s Real=0.00s
[2026-03-23T17:27:47.616+0900][0.592s][info][gc          ] GC(5) Concurrent Undo Cycle
[2026-03-23T17:27:47.616+0900][0.592s][info][gc,marking  ] GC(5) Concurrent Clear Claimed Marks
[2026-03-23T17:27:47.616+0900][0.592s][info][gc,marking  ] GC(5) Concurrent Clear Claimed Marks 0.027ms
[2026-03-23T17:27:47.616+0900][0.592s][info][gc,marking  ] GC(5) Concurrent Cleanup for Next Mark
[2026-03-23T17:27:47.616+0900][0.592s][info][gc,marking  ] GC(5) Concurrent Cleanup for Next Mark 0.147ms
[2026-03-23T17:27:47.616+0900][0.592s][info][gc          ] GC(5) Concurrent Undo Cycle 0.357ms
[2026-03-23T17:27:47.764+0900][0.740s][info][gc,start    ] GC(6) Pause Young (Concurrent Start) (G1 Humongous Allocation)
[2026-03-23T17:27:47.764+0900][0.740s][info][gc,task     ] GC(6) Using 6 workers of 11 for evacuation
[2026-03-23T17:27:47.765+0900][0.741s][info][gc,phases   ] GC(6)   Pre Evacuate Collection Set: 0.28ms
[2026-03-23T17:27:47.765+0900][0.741s][info][gc,phases   ] GC(6)   Merge Heap Roots: 0.03ms
[2026-03-23T17:27:47.765+0900][0.741s][info][gc,phases   ] GC(6)   Evacuate Collection Set: 0.30ms
[2026-03-23T17:27:47.765+0900][0.741s][info][gc,phases   ] GC(6)   Post Evacuate Collection Set: 0.14ms
[2026-03-23T17:27:47.765+0900][0.741s][info][gc,phases   ] GC(6)   Other: 0.16ms
[2026-03-23T17:27:47.765+0900][0.741s][info][gc,heap     ] GC(6) Eden regions: 1->0(152)
[2026-03-23T17:27:47.765+0900][0.741s][info][gc,heap     ] GC(6) Survivor regions: 1->1(20)
[2026-03-23T17:27:47.765+0900][0.741s][info][gc,heap     ] GC(6) Old regions: 2->2
[2026-03-23T17:27:47.765+0900][0.741s][info][gc,heap     ] GC(6) Humongous regions: 114->45
[2026-03-23T17:27:47.765+0900][0.741s][info][gc,metaspace] GC(6) Metaspace: 220K(384K)->220K(384K) NonClass: 206K(256K)->206K(256K) Class: 14K(128K)->14K(128K)
[2026-03-23T17:27:47.765+0900][0.741s][info][gc          ] GC(6) Pause Young (Concurrent Start) (G1 Humongous Allocation) 115M->46M(258M) 1.261ms
[2026-03-23T17:27:47.765+0900][0.741s][info][gc,cpu      ] GC(6) User=0.00s Sys=0.00s Real=0.00s
[2026-03-23T17:27:47.765+0900][0.741s][info][gc          ] GC(7) Concurrent Undo Cycle
[2026-03-23T17:27:47.765+0900][0.741s][info][gc,marking  ] GC(7) Concurrent Clear Claimed Marks
[2026-03-23T17:27:47.765+0900][0.741s][info][gc,marking  ] GC(7) Concurrent Clear Claimed Marks 0.025ms
[2026-03-23T17:27:47.765+0900][0.741s][info][gc,marking  ] GC(7) Concurrent Cleanup for Next Mark
[2026-03-23T17:27:47.765+0900][0.741s][info][gc,marking  ] GC(7) Concurrent Cleanup for Next Mark 0.044ms
[2026-03-23T17:27:47.766+0900][0.741s][info][gc          ] GC(7) Concurrent Undo Cycle 0.196ms
[2026-03-23T17:27:47.896+0900][0.872s][info][gc,start    ] GC(8) Pause Young (Concurrent Start) (G1 Humongous Allocation)
[2026-03-23T17:27:47.896+0900][0.872s][info][gc,task     ] GC(8) Using 6 workers of 11 for evacuation
[2026-03-23T17:27:47.897+0900][0.872s][info][gc,phases   ] GC(8)   Pre Evacuate Collection Set: 0.09ms
[2026-03-23T17:27:47.897+0900][0.872s][info][gc,phases   ] GC(8)   Merge Heap Roots: 0.04ms
[2026-03-23T17:27:47.897+0900][0.873s][info][gc,phases   ] GC(8)   Evacuate Collection Set: 0.21ms
[2026-03-23T17:27:47.897+0900][0.873s][info][gc,phases   ] GC(8)   Post Evacuate Collection Set: 0.11ms
[2026-03-23T17:27:47.897+0900][0.873s][info][gc,phases   ] GC(8)   Other: 0.05ms
[2026-03-23T17:27:47.897+0900][0.873s][info][gc,heap     ] GC(8) Eden regions: 1->0(152)
[2026-03-23T17:27:47.897+0900][0.873s][info][gc,heap     ] GC(8) Survivor regions: 1->1(20)
[2026-03-23T17:27:47.897+0900][0.873s][info][gc,heap     ] GC(8) Old regions: 2->2
[2026-03-23T17:27:47.897+0900][0.873s][info][gc,heap     ] GC(8) Humongous regions: 114->54
[2026-03-23T17:27:47.897+0900][0.873s][info][gc,metaspace] GC(8) Metaspace: 223K(384K)->223K(384K) NonClass: 209K(256K)->209K(256K) Class: 14K(128K)->14K(128K)
[2026-03-23T17:27:47.897+0900][0.873s][info][gc          ] GC(8) Pause Young (Concurrent Start) (G1 Humongous Allocation) 115M->55M(258M) 0.692ms
[2026-03-23T17:27:47.897+0900][0.873s][info][gc,cpu      ] GC(8) User=0.01s Sys=0.00s Real=0.00s
[2026-03-23T17:27:47.897+0900][0.873s][info][gc          ] GC(9) Concurrent Undo Cycle
[2026-03-23T17:27:47.897+0900][0.873s][info][gc,marking  ] GC(9) Concurrent Clear Claimed Marks
[2026-03-23T17:27:47.897+0900][0.873s][info][gc,marking  ] GC(9) Concurrent Clear Claimed Marks 0.010ms
[2026-03-23T17:27:47.897+0900][0.873s][info][gc,marking  ] GC(9) Concurrent Cleanup for Next Mark
[2026-03-23T17:27:47.897+0900][0.873s][info][gc,marking  ] GC(9) Concurrent Cleanup for Next Mark 0.021ms
[2026-03-23T17:27:47.897+0900][0.873s][info][gc          ] GC(9) Concurrent Undo Cycle 0.082ms
[2026-03-23T17:27:48.007+0900][0.983s][info][gc,start    ] GC(10) Pause Young (Concurrent Start) (G1 Humongous Allocation)
[2026-03-23T17:27:48.007+0900][0.983s][info][gc,task     ] GC(10) Using 6 workers of 11 for evacuation
[2026-03-23T17:27:48.008+0900][0.984s][info][gc,phases   ] GC(10)   Pre Evacuate Collection Set: 0.13ms
[2026-03-23T17:27:48.008+0900][0.984s][info][gc,phases   ] GC(10)   Merge Heap Roots: 0.04ms
[2026-03-23T17:27:48.008+0900][0.984s][info][gc,phases   ] GC(10)   Evacuate Collection Set: 0.41ms
[2026-03-23T17:27:48.008+0900][0.984s][info][gc,phases   ] GC(10)   Post Evacuate Collection Set: 0.15ms
[2026-03-23T17:27:48.008+0900][0.984s][info][gc,phases   ] GC(10)   Other: 0.11ms
[2026-03-23T17:27:48.008+0900][0.984s][info][gc,heap     ] GC(10) Eden regions: 1->0(152)
[2026-03-23T17:27:48.008+0900][0.984s][info][gc,heap     ] GC(10) Survivor regions: 1->1(20)
[2026-03-23T17:27:48.008+0900][0.984s][info][gc,heap     ] GC(10) Old regions: 2->2
[2026-03-23T17:27:48.008+0900][0.984s][info][gc,heap     ] GC(10) Humongous regions: 114->60
[2026-03-23T17:27:48.009+0900][0.984s][info][gc,metaspace] GC(10) Metaspace: 223K(384K)->223K(384K) NonClass: 209K(256K)->209K(256K) Class: 14K(128K)->14K(128K)
[2026-03-23T17:27:48.009+0900][0.984s][info][gc          ] GC(10) Pause Young (Concurrent Start) (G1 Humongous Allocation) 115M->61M(258M) 1.160ms
[2026-03-23T17:27:48.009+0900][0.984s][info][gc,cpu      ] GC(10) User=0.00s Sys=0.00s Real=0.00s
[2026-03-23T17:27:48.009+0900][0.984s][info][gc          ] GC(11) Concurrent Undo Cycle
[2026-03-23T17:27:48.009+0900][0.984s][info][gc,marking  ] GC(11) Concurrent Clear Claimed Marks
[2026-03-23T17:27:48.009+0900][0.984s][info][gc,marking  ] GC(11) Concurrent Clear Claimed Marks 0.025ms
[2026-03-23T17:27:48.009+0900][0.984s][info][gc,marking  ] GC(11) Concurrent Cleanup for Next Mark
[2026-03-23T17:27:48.009+0900][0.984s][info][gc,marking  ] GC(11) Concurrent Cleanup for Next Mark 0.037ms
[2026-03-23T17:27:48.009+0900][0.984s][info][gc          ] GC(11) Concurrent Undo Cycle 0.175ms
[2026-03-23T17:27:48.110+0900][1.086s][info][gc,start    ] GC(12) Pause Young (Concurrent Start) (G1 Humongous Allocation)
[2026-03-23T17:27:48.110+0900][1.086s][info][gc,task     ] GC(12) Using 6 workers of 11 for evacuation
[2026-03-23T17:27:48.111+0900][1.087s][info][gc,phases   ] GC(12)   Pre Evacuate Collection Set: 0.14ms
[2026-03-23T17:27:48.111+0900][1.087s][info][gc,phases   ] GC(12)   Merge Heap Roots: 0.05ms
[2026-03-23T17:27:48.111+0900][1.087s][info][gc,phases   ] GC(12)   Evacuate Collection Set: 0.55ms
[2026-03-23T17:27:48.111+0900][1.087s][info][gc,phases   ] GC(12)   Post Evacuate Collection Set: 0.24ms
[2026-03-23T17:27:48.112+0900][1.087s][info][gc,phases   ] GC(12)   Other: 0.09ms
[2026-03-23T17:27:48.112+0900][1.087s][info][gc,heap     ] GC(12) Eden regions: 1->0(152)
[2026-03-23T17:27:48.112+0900][1.087s][info][gc,heap     ] GC(12) Survivor regions: 1->1(20)
[2026-03-23T17:27:48.112+0900][1.087s][info][gc,heap     ] GC(12) Old regions: 2->2
[2026-03-23T17:27:48.112+0900][1.087s][info][gc,heap     ] GC(12) Humongous regions: 114->66
[2026-03-23T17:27:48.112+0900][1.087s][info][gc,metaspace] GC(12) Metaspace: 223K(384K)->223K(384K) NonClass: 209K(256K)->209K(256K) Class: 14K(128K)->14K(128K)
[2026-03-23T17:27:48.112+0900][1.087s][info][gc          ] GC(12) Pause Young (Concurrent Start) (G1 Humongous Allocation) 115M->67M(258M) 1.445ms
[2026-03-23T17:27:48.112+0900][1.087s][info][gc,cpu      ] GC(12) User=0.00s Sys=0.00s Real=0.00s
[2026-03-23T17:27:48.112+0900][1.087s][info][gc          ] GC(13) Concurrent Undo Cycle
[2026-03-23T17:27:48.112+0900][1.087s][info][gc,marking  ] GC(13) Concurrent Clear Claimed Marks
[2026-03-23T17:27:48.112+0900][1.087s][info][gc,marking  ] GC(13) Concurrent Clear Claimed Marks 0.029ms
[2026-03-23T17:27:48.112+0900][1.087s][info][gc,marking  ] GC(13) Concurrent Cleanup for Next Mark
[2026-03-23T17:27:48.112+0900][1.087s][info][gc,marking  ] GC(13) Concurrent Cleanup for Next Mark 0.054ms
[2026-03-23T17:27:48.112+0900][1.088s][info][gc          ] GC(13) Concurrent Undo Cycle 0.243ms
[2026-03-23T17:27:48.197+0900][1.173s][info][gc,start    ] GC(14) Pause Young (Concurrent Start) (G1 Humongous Allocation)
[2026-03-23T17:27:48.197+0900][1.173s][info][gc,task     ] GC(14) Using 6 workers of 11 for evacuation
[2026-03-23T17:27:48.198+0900][1.174s][info][gc,phases   ] GC(14)   Pre Evacuate Collection Set: 0.06ms
[2026-03-23T17:27:48.198+0900][1.174s][info][gc,phases   ] GC(14)   Merge Heap Roots: 0.04ms
[2026-03-23T17:27:48.198+0900][1.174s][info][gc,phases   ] GC(14)   Evacuate Collection Set: 0.20ms
[2026-03-23T17:27:48.198+0900][1.174s][info][gc,phases   ] GC(14)   Post Evacuate Collection Set: 0.10ms
[2026-03-23T17:27:48.198+0900][1.174s][info][gc,phases   ] GC(14)   Other: 0.08ms
[2026-03-23T17:27:48.198+0900][1.174s][info][gc,heap     ] GC(14) Eden regions: 1->0(152)
[2026-03-23T17:27:48.198+0900][1.174s][info][gc,heap     ] GC(14) Survivor regions: 1->1(20)
[2026-03-23T17:27:48.198+0900][1.174s][info][gc,heap     ] GC(14) Old regions: 2->2
[2026-03-23T17:27:48.198+0900][1.174s][info][gc,heap     ] GC(14) Humongous regions: 114->72
[2026-03-23T17:27:48.198+0900][1.174s][info][gc,metaspace] GC(14) Metaspace: 227K(384K)->227K(384K) NonClass: 213K(256K)->213K(256K) Class: 14K(128K)->14K(128K)
[2026-03-23T17:27:48.198+0900][1.174s][info][gc          ] GC(14) Pause Young (Concurrent Start) (G1 Humongous Allocation) 115M->73M(258M) 0.610ms
[2026-03-23T17:27:48.198+0900][1.174s][info][gc,cpu      ] GC(14) User=0.00s Sys=0.00s Real=0.00s
[2026-03-23T17:27:48.198+0900][1.174s][info][gc          ] GC(15) Concurrent Undo Cycle
[2026-03-23T17:27:48.198+0900][1.174s][info][gc,marking  ] GC(15) Concurrent Clear Claimed Marks
[2026-03-23T17:27:48.198+0900][1.174s][info][gc,marking  ] GC(15) Concurrent Clear Claimed Marks 0.008ms
[2026-03-23T17:27:48.198+0900][1.174s][info][gc,marking  ] GC(15) Concurrent Cleanup for Next Mark
[2026-03-23T17:27:48.198+0900][1.174s][info][gc,marking  ] GC(15) Concurrent Cleanup for Next Mark 0.020ms
[2026-03-23T17:27:48.198+0900][1.174s][info][gc          ] GC(15) Concurrent Undo Cycle 0.073ms
[2026-03-23T17:27:48.279+0900][1.254s][info][gc,start    ] GC(16) Pause Young (Concurrent Start) (G1 Humongous Allocation)
[2026-03-23T17:27:48.279+0900][1.254s][info][gc,task     ] GC(16) Using 6 workers of 11 for evacuation
[2026-03-23T17:27:48.279+0900][1.255s][info][gc,phases   ] GC(16)   Pre Evacuate Collection Set: 0.07ms
[2026-03-23T17:27:48.279+0900][1.255s][info][gc,phases   ] GC(16)   Merge Heap Roots: 0.02ms
[2026-03-23T17:27:48.279+0900][1.255s][info][gc,phases   ] GC(16)   Evacuate Collection Set: 0.13ms
[2026-03-23T17:27:48.279+0900][1.255s][info][gc,phases   ] GC(16)   Post Evacuate Collection Set: 0.07ms
[2026-03-23T17:27:48.279+0900][1.255s][info][gc,phases   ] GC(16)   Other: 0.05ms
[2026-03-23T17:27:48.279+0900][1.255s][info][gc,heap     ] GC(16) Eden regions: 1->0(152)
[2026-03-23T17:27:48.279+0900][1.255s][info][gc,heap     ] GC(16) Survivor regions: 1->1(20)
[2026-03-23T17:27:48.279+0900][1.255s][info][gc,heap     ] GC(16) Old regions: 2->2
[2026-03-23T17:27:48.279+0900][1.255s][info][gc,heap     ] GC(16) Humongous regions: 114->75
[2026-03-23T17:27:48.279+0900][1.255s][info][gc,metaspace] GC(16) Metaspace: 227K(384K)->227K(384K) NonClass: 213K(256K)->213K(256K) Class: 14K(128K)->14K(128K)
[2026-03-23T17:27:48.279+0900][1.255s][info][gc          ] GC(16) Pause Young (Concurrent Start) (G1 Humongous Allocation) 115M->76M(258M) 0.463ms
[2026-03-23T17:27:48.279+0900][1.255s][info][gc,cpu      ] GC(16) User=0.00s Sys=0.00s Real=0.00s
[2026-03-23T17:27:48.279+0900][1.255s][info][gc          ] GC(17) Concurrent Undo Cycle
[2026-03-23T17:27:48.279+0900][1.255s][info][gc,marking  ] GC(17) Concurrent Clear Claimed Marks
[2026-03-23T17:27:48.279+0900][1.255s][info][gc,marking  ] GC(17) Concurrent Clear Claimed Marks 0.008ms
[2026-03-23T17:27:48.279+0900][1.255s][info][gc,marking  ] GC(17) Concurrent Cleanup for Next Mark
[2026-03-23T17:27:48.279+0900][1.255s][info][gc,marking  ] GC(17) Concurrent Cleanup for Next Mark 0.012ms
[2026-03-23T17:27:48.279+0900][1.255s][info][gc          ] GC(17) Concurrent Undo Cycle 0.055ms
[2026-03-23T17:27:48.347+0900][1.322s][info][gc,start    ] GC(18) Pause Young (Concurrent Start) (G1 Humongous Allocation)
[2026-03-23T17:27:48.347+0900][1.322s][info][gc,task     ] GC(18) Using 6 workers of 11 for evacuation
[2026-03-23T17:27:48.347+0900][1.323s][info][gc,phases   ] GC(18)   Pre Evacuate Collection Set: 0.07ms
[2026-03-23T17:27:48.347+0900][1.323s][info][gc,phases   ] GC(18)   Merge Heap Roots: 0.02ms
[2026-03-23T17:27:48.347+0900][1.323s][info][gc,phases   ] GC(18)   Evacuate Collection Set: 0.12ms
[2026-03-23T17:27:48.347+0900][1.323s][info][gc,phases   ] GC(18)   Post Evacuate Collection Set: 0.08ms
[2026-03-23T17:27:48.347+0900][1.323s][info][gc,phases   ] GC(18)   Other: 0.04ms
[2026-03-23T17:27:48.347+0900][1.323s][info][gc,heap     ] GC(18) Eden regions: 1->0(152)
[2026-03-23T17:27:48.347+0900][1.323s][info][gc,heap     ] GC(18) Survivor regions: 1->1(20)
[2026-03-23T17:27:48.347+0900][1.323s][info][gc,heap     ] GC(18) Old regions: 2->2
[2026-03-23T17:27:48.347+0900][1.323s][info][gc,heap     ] GC(18) Humongous regions: 114->81
[2026-03-23T17:27:48.347+0900][1.323s][info][gc,metaspace] GC(18) Metaspace: 227K(384K)->227K(384K) NonClass: 213K(256K)->213K(256K) Class: 14K(128K)->14K(128K)
[2026-03-23T17:27:48.347+0900][1.323s][info][gc          ] GC(18) Pause Young (Concurrent Start) (G1 Humongous Allocation) 115M->82M(258M) 0.478ms
[2026-03-23T17:27:48.347+0900][1.323s][info][gc,cpu      ] GC(18) User=0.00s Sys=0.00s Real=0.00s
[2026-03-23T17:27:48.347+0900][1.323s][info][gc          ] GC(19) Concurrent Undo Cycle
[2026-03-23T17:27:48.347+0900][1.323s][info][gc,marking  ] GC(19) Concurrent Clear Claimed Marks
[2026-03-23T17:27:48.347+0900][1.323s][info][gc,marking  ] GC(19) Concurrent Clear Claimed Marks 0.007ms
[2026-03-23T17:27:48.347+0900][1.323s][info][gc,marking  ] GC(19) Concurrent Cleanup for Next Mark
[2026-03-23T17:27:48.347+0900][1.323s][info][gc,marking  ] GC(19) Concurrent Cleanup for Next Mark 0.015ms
[2026-03-23T17:27:48.347+0900][1.323s][info][gc          ] GC(19) Concurrent Undo Cycle 0.064ms
[2026-03-23T17:27:48.407+0900][1.383s][info][gc,start    ] GC(20) Pause Young (Concurrent Start) (G1 Humongous Allocation)
[2026-03-23T17:27:48.407+0900][1.383s][info][gc,task     ] GC(20) Using 6 workers of 11 for evacuation
[2026-03-23T17:27:48.408+0900][1.383s][info][gc,phases   ] GC(20)   Pre Evacuate Collection Set: 0.07ms
[2026-03-23T17:27:48.408+0900][1.383s][info][gc,phases   ] GC(20)   Merge Heap Roots: 0.03ms
[2026-03-23T17:27:48.408+0900][1.383s][info][gc,phases   ] GC(20)   Evacuate Collection Set: 0.17ms
[2026-03-23T17:27:48.408+0900][1.383s][info][gc,phases   ] GC(20)   Post Evacuate Collection Set: 0.09ms
[2026-03-23T17:27:48.408+0900][1.383s][info][gc,phases   ] GC(20)   Other: 0.04ms
[2026-03-23T17:27:48.408+0900][1.383s][info][gc,heap     ] GC(20) Eden regions: 1->0(152)
[2026-03-23T17:27:48.408+0900][1.383s][info][gc,heap     ] GC(20) Survivor regions: 1->1(20)
[2026-03-23T17:27:48.408+0900][1.383s][info][gc,heap     ] GC(20) Old regions: 2->2
[2026-03-23T17:27:48.408+0900][1.383s][info][gc,heap     ] GC(20) Humongous regions: 114->84
[2026-03-23T17:27:48.408+0900][1.383s][info][gc,metaspace] GC(20) Metaspace: 227K(384K)->227K(384K) NonClass: 213K(256K)->213K(256K) Class: 14K(128K)->14K(128K)
[2026-03-23T17:27:48.408+0900][1.383s][info][gc          ] GC(20) Pause Young (Concurrent Start) (G1 Humongous Allocation) 115M->85M(258M) 0.538ms
[2026-03-23T17:27:48.408+0900][1.383s][info][gc,cpu      ] GC(20) User=0.01s Sys=0.00s Real=0.00s
[2026-03-23T17:27:48.408+0900][1.383s][info][gc          ] GC(21) Concurrent Undo Cycle
[2026-03-23T17:27:48.408+0900][1.383s][info][gc,marking  ] GC(21) Concurrent Clear Claimed Marks
[2026-03-23T17:27:48.408+0900][1.383s][info][gc,marking  ] GC(21) Concurrent Clear Claimed Marks 0.008ms
[2026-03-23T17:27:48.408+0900][1.383s][info][gc,marking  ] GC(21) Concurrent Cleanup for Next Mark
[2026-03-23T17:27:48.408+0900][1.383s][info][gc,marking  ] GC(21) Concurrent Cleanup for Next Mark 0.017ms
[2026-03-23T17:27:48.408+0900][1.383s][info][gc          ] GC(21) Concurrent Undo Cycle 0.067ms
[2026-03-23T17:27:48.463+0900][1.438s][info][gc,start    ] GC(22) Pause Young (Concurrent Start) (G1 Humongous Allocation)
[2026-03-23T17:27:48.463+0900][1.438s][info][gc,task     ] GC(22) Using 6 workers of 11 for evacuation
[2026-03-23T17:27:48.463+0900][1.439s][info][gc,phases   ] GC(22)   Pre Evacuate Collection Set: 0.07ms
[2026-03-23T17:27:48.463+0900][1.439s][info][gc,phases   ] GC(22)   Merge Heap Roots: 0.02ms
[2026-03-23T17:27:48.463+0900][1.439s][info][gc,phases   ] GC(22)   Evacuate Collection Set: 0.16ms
[2026-03-23T17:27:48.463+0900][1.439s][info][gc,phases   ] GC(22)   Post Evacuate Collection Set: 0.09ms
[2026-03-23T17:27:48.463+0900][1.439s][info][gc,phases   ] GC(22)   Other: 0.04ms
[2026-03-23T17:27:48.463+0900][1.439s][info][gc,heap     ] GC(22) Eden regions: 1->0(152)
[2026-03-23T17:27:48.463+0900][1.439s][info][gc,heap     ] GC(22) Survivor regions: 1->1(20)
[2026-03-23T17:27:48.463+0900][1.439s][info][gc,heap     ] GC(22) Old regions: 2->2
[2026-03-23T17:27:48.463+0900][1.439s][info][gc,heap     ] GC(22) Humongous regions: 114->87
[2026-03-23T17:27:48.463+0900][1.439s][info][gc,metaspace] GC(22) Metaspace: 227K(384K)->227K(384K) NonClass: 213K(256K)->213K(256K) Class: 14K(128K)->14K(128K)
[2026-03-23T17:27:48.463+0900][1.439s][info][gc          ] GC(22) Pause Young (Concurrent Start) (G1 Humongous Allocation) 115M->88M(258M) 0.491ms
[2026-03-23T17:27:48.463+0900][1.439s][info][gc,cpu      ] GC(22) User=0.00s Sys=0.01s Real=0.00s
[2026-03-23T17:27:48.463+0900][1.439s][info][gc          ] GC(23) Concurrent Undo Cycle
[2026-03-23T17:27:48.463+0900][1.439s][info][gc,marking  ] GC(23) Concurrent Clear Claimed Marks
[2026-03-23T17:27:48.463+0900][1.439s][info][gc,marking  ] GC(23) Concurrent Clear Claimed Marks 0.009ms
[2026-03-23T17:27:48.463+0900][1.439s][info][gc,marking  ] GC(23) Concurrent Cleanup for Next Mark
[2026-03-23T17:27:48.463+0900][1.439s][info][gc,marking  ] GC(23) Concurrent Cleanup for Next Mark 0.016ms
[2026-03-23T17:27:48.463+0900][1.439s][info][gc          ] GC(23) Concurrent Undo Cycle 0.075ms
[2026-03-23T17:27:48.513+0900][1.489s][info][gc,start    ] GC(24) Pause Young (Concurrent Start) (G1 Humongous Allocation)
[2026-03-23T17:27:48.513+0900][1.489s][info][gc,task     ] GC(24) Using 6 workers of 11 for evacuation
[2026-03-23T17:27:48.514+0900][1.490s][info][gc,phases   ] GC(24)   Pre Evacuate Collection Set: 0.14ms
[2026-03-23T17:27:48.514+0900][1.490s][info][gc,phases   ] GC(24)   Merge Heap Roots: 0.05ms
[2026-03-23T17:27:48.514+0900][1.490s][info][gc,phases   ] GC(24)   Evacuate Collection Set: 0.43ms
[2026-03-23T17:27:48.514+0900][1.490s][info][gc,phases   ] GC(24)   Post Evacuate Collection Set: 0.11ms
[2026-03-23T17:27:48.514+0900][1.490s][info][gc,phases   ] GC(24)   Other: 0.08ms
[2026-03-23T17:27:48.515+0900][1.491s][info][gc,heap     ] GC(24) Eden regions: 1->0(151)
[2026-03-23T17:27:48.515+0900][1.491s][info][gc,heap     ] GC(24) Survivor regions: 1->1(20)
[2026-03-23T17:27:48.515+0900][1.491s][info][gc,heap     ] GC(24) Old regions: 2->2
[2026-03-23T17:27:48.515+0900][1.491s][info][gc,heap     ] GC(24) Humongous regions: 114->90
[2026-03-23T17:27:48.515+0900][1.491s][info][gc,metaspace] GC(24) Metaspace: 232K(384K)->232K(384K) NonClass: 217K(256K)->217K(256K) Class: 14K(128K)->14K(128K)
[2026-03-23T17:27:48.515+0900][1.491s][info][gc          ] GC(24) Pause Young (Concurrent Start) (G1 Humongous Allocation) 115M->91M(258M) 2.312ms
[2026-03-23T17:27:48.516+0900][1.491s][info][gc,cpu      ] GC(24) User=0.00s Sys=0.00s Real=0.00s
[2026-03-23T17:27:48.516+0900][1.491s][info][gc          ] GC(25) Concurrent Undo Cycle
[2026-03-23T17:27:48.516+0900][1.491s][info][gc,marking  ] GC(25) Concurrent Clear Claimed Marks
[2026-03-23T17:27:48.516+0900][1.491s][info][gc,marking  ] GC(25) Concurrent Clear Claimed Marks 0.013ms
[2026-03-23T17:27:48.516+0900][1.491s][info][gc,marking  ] GC(25) Concurrent Cleanup for Next Mark
[2026-03-23T17:27:48.516+0900][1.492s][info][gc,marking  ] GC(25) Concurrent Cleanup for Next Mark 0.515ms
[2026-03-23T17:27:48.516+0900][1.492s][info][gc          ] GC(25) Concurrent Undo Cycle 0.754ms
[2026-03-23T17:27:48.563+0900][1.539s][info][gc,start    ] GC(26) Pause Young (Concurrent Start) (G1 Humongous Allocation)
[2026-03-23T17:27:48.563+0900][1.539s][info][gc,task     ] GC(26) Using 6 workers of 11 for evacuation
[2026-03-23T17:27:48.565+0900][1.540s][info][gc,phases   ] GC(26)   Pre Evacuate Collection Set: 0.16ms
[2026-03-23T17:27:48.565+0900][1.541s][info][gc,phases   ] GC(26)   Merge Heap Roots: 0.05ms
[2026-03-23T17:27:48.565+0900][1.541s][info][gc,phases   ] GC(26)   Evacuate Collection Set: 0.40ms
[2026-03-23T17:27:48.565+0900][1.541s][info][gc,phases   ] GC(26)   Post Evacuate Collection Set: 0.83ms
[2026-03-23T17:27:48.565+0900][1.541s][info][gc,phases   ] GC(26)   Other: 0.13ms
[2026-03-23T17:27:48.565+0900][1.541s][info][gc,heap     ] GC(26) Eden regions: 1->0(148)
[2026-03-23T17:27:48.565+0900][1.541s][info][gc,heap     ] GC(26) Survivor regions: 1->1(19)
[2026-03-23T17:27:48.565+0900][1.541s][info][gc,heap     ] GC(26) Old regions: 2->2
[2026-03-23T17:27:48.565+0900][1.541s][info][gc,heap     ] GC(26) Humongous regions: 114->93
[2026-03-23T17:27:48.565+0900][1.541s][info][gc,metaspace] GC(26) Metaspace: 232K(384K)->232K(384K) NonClass: 217K(256K)->217K(256K) Class: 14K(128K)->14K(128K)
[2026-03-23T17:27:48.565+0900][1.541s][info][gc          ] GC(26) Pause Young (Concurrent Start) (G1 Humongous Allocation) 115M->94M(258M) 2.212ms
[2026-03-23T17:27:48.565+0900][1.541s][info][gc,cpu      ] GC(26) User=0.01s Sys=0.00s Real=0.00s
[2026-03-23T17:27:48.565+0900][1.541s][info][gc          ] GC(27) Concurrent Undo Cycle
[2026-03-23T17:27:48.565+0900][1.541s][info][gc,marking  ] GC(27) Concurrent Clear Claimed Marks
[2026-03-23T17:27:48.566+0900][1.541s][info][gc,marking  ] GC(27) Concurrent Clear Claimed Marks 0.023ms
[2026-03-23T17:27:48.566+0900][1.541s][info][gc,marking  ] GC(27) Concurrent Cleanup for Next Mark
[2026-03-23T17:27:48.566+0900][1.541s][info][gc,marking  ] GC(27) Concurrent Cleanup for Next Mark 0.055ms
[2026-03-23T17:27:48.566+0900][1.541s][info][gc          ] GC(27) Concurrent Undo Cycle 0.199ms
[2026-03-23T17:27:48.601+0900][1.577s][info][gc,start    ] GC(28) Pause Young (Concurrent Start) (G1 Humongous Allocation)
[2026-03-23T17:27:48.601+0900][1.577s][info][gc,task     ] GC(28) Using 6 workers of 11 for evacuation
[2026-03-23T17:27:48.602+0900][1.577s][info][gc,phases   ] GC(28)   Pre Evacuate Collection Set: 0.10ms
[2026-03-23T17:27:48.602+0900][1.577s][info][gc,phases   ] GC(28)   Merge Heap Roots: 0.02ms
[2026-03-23T17:27:48.602+0900][1.578s][info][gc,phases   ] GC(28)   Evacuate Collection Set: 0.18ms
[2026-03-23T17:27:48.602+0900][1.578s][info][gc,phases   ] GC(28)   Post Evacuate Collection Set: 0.08ms
[2026-03-23T17:27:48.602+0900][1.578s][info][gc,phases   ] GC(28)   Other: 0.06ms
[2026-03-23T17:27:48.602+0900][1.578s][info][gc,heap     ] GC(28) Eden regions: 1->0(145)
[2026-03-23T17:27:48.602+0900][1.578s][info][gc,heap     ] GC(28) Survivor regions: 1->1(19)
[2026-03-23T17:27:48.602+0900][1.578s][info][gc,heap     ] GC(28) Old regions: 2->2
[2026-03-23T17:27:48.602+0900][1.578s][info][gc,heap     ] GC(28) Humongous regions: 114->96
[2026-03-23T17:27:48.602+0900][1.578s][info][gc,metaspace] GC(28) Metaspace: 232K(384K)->232K(384K) NonClass: 217K(256K)->217K(256K) Class: 14K(128K)->14K(128K)
[2026-03-23T17:27:48.602+0900][1.578s][info][gc          ] GC(28) Pause Young (Concurrent Start) (G1 Humongous Allocation) 115M->97M(258M) 0.795ms
[2026-03-23T17:27:48.602+0900][1.578s][info][gc,cpu      ] GC(28) User=0.00s Sys=0.00s Real=0.00s
[2026-03-23T17:27:48.602+0900][1.578s][info][gc          ] GC(29) Concurrent Undo Cycle
[2026-03-23T17:27:48.602+0900][1.578s][info][gc,marking  ] GC(29) Concurrent Clear Claimed Marks
[2026-03-23T17:27:48.602+0900][1.578s][info][gc,marking  ] GC(29) Concurrent Clear Claimed Marks 0.042ms
[2026-03-23T17:27:48.602+0900][1.578s][info][gc,marking  ] GC(29) Concurrent Cleanup for Next Mark
[2026-03-23T17:27:48.602+0900][1.578s][info][gc,marking  ] GC(29) Concurrent Cleanup for Next Mark 0.051ms
[2026-03-23T17:27:48.602+0900][1.578s][info][gc          ] GC(29) Concurrent Undo Cycle 0.241ms
[2026-03-23T17:27:48.641+0900][1.617s][info][gc,start    ] GC(30) Pause Young (Concurrent Start) (G1 Humongous Allocation)
[2026-03-23T17:27:48.641+0900][1.617s][info][gc,task     ] GC(30) Using 6 workers of 11 for evacuation
[2026-03-23T17:27:48.643+0900][1.618s][info][gc,phases   ] GC(30)   Pre Evacuate Collection Set: 0.18ms
[2026-03-23T17:27:48.643+0900][1.618s][info][gc,phases   ] GC(30)   Merge Heap Roots: 0.06ms
[2026-03-23T17:27:48.643+0900][1.618s][info][gc,phases   ] GC(30)   Evacuate Collection Set: 0.56ms
[2026-03-23T17:27:48.643+0900][1.618s][info][gc,phases   ] GC(30)   Post Evacuate Collection Set: 0.20ms
[2026-03-23T17:27:48.643+0900][1.618s][info][gc,phases   ] GC(30)   Other: 0.12ms
[2026-03-23T17:27:48.643+0900][1.618s][info][gc,heap     ] GC(30) Eden regions: 1->0(144)
[2026-03-23T17:27:48.643+0900][1.618s][info][gc,heap     ] GC(30) Survivor regions: 1->1(19)
[2026-03-23T17:27:48.643+0900][1.618s][info][gc,heap     ] GC(30) Old regions: 2->3
[2026-03-23T17:27:48.643+0900][1.618s][info][gc,heap     ] GC(30) Humongous regions: 114->96
[2026-03-23T17:27:48.643+0900][1.618s][info][gc,metaspace] GC(30) Metaspace: 232K(384K)->232K(384K) NonClass: 217K(256K)->217K(256K) Class: 14K(128K)->14K(128K)
[2026-03-23T17:27:48.643+0900][1.619s][info][gc          ] GC(30) Pause Young (Concurrent Start) (G1 Humongous Allocation) 115M->97M(258M) 1.573ms
[2026-03-23T17:27:48.643+0900][1.619s][info][gc,cpu      ] GC(30) User=0.00s Sys=0.00s Real=0.00s
[2026-03-23T17:27:48.643+0900][1.619s][info][gc          ] GC(31) Concurrent Undo Cycle
[2026-03-23T17:27:48.643+0900][1.619s][info][gc,marking  ] GC(31) Concurrent Clear Claimed Marks
[2026-03-23T17:27:48.643+0900][1.619s][info][gc,marking  ] GC(31) Concurrent Clear Claimed Marks 0.053ms
[2026-03-23T17:27:48.643+0900][1.619s][info][gc,marking  ] GC(31) Concurrent Cleanup for Next Mark
[2026-03-23T17:27:48.643+0900][1.619s][info][gc,marking  ] GC(31) Concurrent Cleanup for Next Mark 0.080ms
[2026-03-23T17:27:48.643+0900][1.619s][info][gc          ] GC(31) Concurrent Undo Cycle 0.398ms
[2026-03-23T17:27:48.669+0900][1.645s][info][gc,start    ] GC(32) Pause Young (Concurrent Start) (G1 Humongous Allocation)
[2026-03-23T17:27:48.669+0900][1.645s][info][gc,task     ] GC(32) Using 6 workers of 11 for evacuation
[2026-03-23T17:27:48.671+0900][1.647s][info][gc,phases   ] GC(32)   Pre Evacuate Collection Set: 0.28ms
[2026-03-23T17:27:48.671+0900][1.647s][info][gc,phases   ] GC(32)   Merge Heap Roots: 0.17ms
[2026-03-23T17:27:48.671+0900][1.647s][info][gc,phases   ] GC(32)   Evacuate Collection Set: 1.17ms
[2026-03-23T17:27:48.672+0900][1.647s][info][gc,phases   ] GC(32)   Post Evacuate Collection Set: 0.20ms
[2026-03-23T17:27:48.672+0900][1.648s][info][gc,phases   ] GC(32)   Other: 0.13ms
[2026-03-23T17:27:48.672+0900][1.648s][info][gc,heap     ] GC(32) Eden regions: 1->0(140)
[2026-03-23T17:27:48.672+0900][1.648s][info][gc,heap     ] GC(32) Survivor regions: 1->1(19)
[2026-03-23T17:27:48.672+0900][1.648s][info][gc,heap     ] GC(32) Old regions: 3->3
[2026-03-23T17:27:48.672+0900][1.648s][info][gc,heap     ] GC(32) Humongous regions: 112->100
[2026-03-23T17:27:48.672+0900][1.648s][info][gc,metaspace] GC(32) Metaspace: 232K(384K)->232K(384K) NonClass: 217K(256K)->217K(256K) Class: 14K(128K)->14K(128K)
[2026-03-23T17:27:48.673+0900][1.648s][info][gc          ] GC(32) Pause Young (Concurrent Start) (G1 Humongous Allocation) 113M->101M(258M) 3.157ms
[2026-03-23T17:27:48.673+0900][1.648s][info][gc          ] GC(33) Concurrent Undo Cycle
[2026-03-23T17:27:48.673+0900][1.648s][info][gc,cpu      ] GC(32) User=0.01s Sys=0.00s Real=0.01s
[2026-03-23T17:27:48.673+0900][1.648s][info][gc,marking  ] GC(33) Concurrent Clear Claimed Marks
[2026-03-23T17:27:48.674+0900][1.649s][info][gc,marking  ] GC(33) Concurrent Clear Claimed Marks 1.051ms
[2026-03-23T17:27:48.674+0900][1.649s][info][gc,marking  ] GC(33) Concurrent Cleanup for Next Mark
[2026-03-23T17:27:48.674+0900][1.649s][info][gc,marking  ] GC(33) Concurrent Cleanup for Next Mark 0.096ms
[2026-03-23T17:27:48.674+0900][1.649s][info][gc          ] GC(33) Concurrent Undo Cycle 1.270ms
[2026-03-23T17:27:48.700+0900][1.675s][info][gc,start    ] GC(34) Pause Young (Concurrent Start) (G1 Humongous Allocation)
[2026-03-23T17:27:48.700+0900][1.676s][info][gc,task     ] GC(34) Using 6 workers of 11 for evacuation
[2026-03-23T17:27:48.701+0900][1.676s][info][gc,phases   ] GC(34)   Pre Evacuate Collection Set: 0.09ms
[2026-03-23T17:27:48.701+0900][1.676s][info][gc,phases   ] GC(34)   Merge Heap Roots: 0.02ms
[2026-03-23T17:27:48.701+0900][1.676s][info][gc,phases   ] GC(34)   Evacuate Collection Set: 0.23ms
[2026-03-23T17:27:48.701+0900][1.676s][info][gc,phases   ] GC(34)   Post Evacuate Collection Set: 0.17ms
[2026-03-23T17:27:48.701+0900][1.676s][info][gc,phases   ] GC(34)   Other: 0.09ms
[2026-03-23T17:27:48.701+0900][1.676s][info][gc,heap     ] GC(34) Eden regions: 1->0(140)
[2026-03-23T17:27:48.701+0900][1.676s][info][gc,heap     ] GC(34) Survivor regions: 1->1(18)
[2026-03-23T17:27:48.701+0900][1.676s][info][gc,heap     ] GC(34) Old regions: 3->3
[2026-03-23T17:27:48.701+0900][1.676s][info][gc,heap     ] GC(34) Humongous regions: 112->100
[2026-03-23T17:27:48.701+0900][1.676s][info][gc,metaspace] GC(34) Metaspace: 235K(448K)->235K(448K) NonClass: 220K(320K)->220K(320K) Class: 14K(128K)->14K(128K)
[2026-03-23T17:27:48.701+0900][1.676s][info][gc          ] GC(34) Pause Young (Concurrent Start) (G1 Humongous Allocation) 113M->101M(258M) 0.997ms
[2026-03-23T17:27:48.701+0900][1.676s][info][gc,cpu      ] GC(34) User=0.00s Sys=0.00s Real=0.00s
[2026-03-23T17:27:48.701+0900][1.676s][info][gc          ] GC(35) Concurrent Undo Cycle
[2026-03-23T17:27:48.701+0900][1.677s][info][gc,marking  ] GC(35) Concurrent Clear Claimed Marks
[2026-03-23T17:27:48.701+0900][1.677s][info][gc,marking  ] GC(35) Concurrent Clear Claimed Marks 0.038ms
[2026-03-23T17:27:48.701+0900][1.677s][info][gc,marking  ] GC(35) Concurrent Cleanup for Next Mark
[2026-03-23T17:27:48.701+0900][1.677s][info][gc,marking  ] GC(35) Concurrent Cleanup for Next Mark 0.056ms
[2026-03-23T17:27:48.701+0900][1.677s][info][gc          ] GC(35) Concurrent Undo Cycle 0.262ms
[2026-03-23T17:27:48.720+0900][1.696s][info][gc,start    ] GC(36) Pause Young (Concurrent Start) (G1 Humongous Allocation)
[2026-03-23T17:27:48.721+0900][1.696s][info][gc,task     ] GC(36) Using 6 workers of 11 for evacuation
[2026-03-23T17:27:48.721+0900][1.697s][info][gc,phases   ] GC(36)   Pre Evacuate Collection Set: 0.11ms
[2026-03-23T17:27:48.721+0900][1.697s][info][gc,phases   ] GC(36)   Merge Heap Roots: 0.03ms
[2026-03-23T17:27:48.721+0900][1.697s][info][gc,phases   ] GC(36)   Evacuate Collection Set: 0.22ms
[2026-03-23T17:27:48.721+0900][1.697s][info][gc,phases   ] GC(36)   Post Evacuate Collection Set: 0.12ms
[2026-03-23T17:27:48.721+0900][1.697s][info][gc,phases   ] GC(36)   Other: 0.06ms
[2026-03-23T17:27:48.721+0900][1.697s][info][gc,heap     ] GC(36) Eden regions: 1->0(137)
[2026-03-23T17:27:48.721+0900][1.697s][info][gc,heap     ] GC(36) Survivor regions: 1->1(18)
[2026-03-23T17:27:48.721+0900][1.697s][info][gc,heap     ] GC(36) Old regions: 3->3
[2026-03-23T17:27:48.721+0900][1.697s][info][gc,heap     ] GC(36) Humongous regions: 112->103
[2026-03-23T17:27:48.721+0900][1.697s][info][gc,metaspace] GC(36) Metaspace: 235K(448K)->235K(448K) NonClass: 220K(320K)->220K(320K) Class: 14K(128K)->14K(128K)
[2026-03-23T17:27:48.721+0900][1.697s][info][gc          ] GC(36) Pause Young (Concurrent Start) (G1 Humongous Allocation) 113M->104M(258M) 0.800ms
[2026-03-23T17:27:48.721+0900][1.697s][info][gc,cpu      ] GC(36) User=0.00s Sys=0.00s Real=0.00s
[2026-03-23T17:27:48.721+0900][1.697s][info][gc          ] GC(37) Concurrent Undo Cycle
[2026-03-23T17:27:48.721+0900][1.697s][info][gc,marking  ] GC(37) Concurrent Clear Claimed Marks
[2026-03-23T17:27:48.721+0900][1.697s][info][gc,marking  ] GC(37) Concurrent Clear Claimed Marks 0.011ms
[2026-03-23T17:27:48.721+0900][1.697s][info][gc,marking  ] GC(37) Concurrent Cleanup for Next Mark
[2026-03-23T17:27:48.721+0900][1.697s][info][gc,marking  ] GC(37) Concurrent Cleanup for Next Mark 0.033ms
[2026-03-23T17:27:48.721+0900][1.697s][info][gc          ] GC(37) Concurrent Undo Cycle 0.151ms
[2026-03-23T17:27:48.740+0900][1.716s][info][gc,start    ] GC(38) Pause Young (Concurrent Start) (G1 Humongous Allocation)
[2026-03-23T17:27:48.741+0900][1.716s][info][gc,task     ] GC(38) Using 6 workers of 11 for evacuation
[2026-03-23T17:27:48.741+0900][1.717s][info][gc,phases   ] GC(38)   Pre Evacuate Collection Set: 0.11ms
[2026-03-23T17:27:48.741+0900][1.717s][info][gc,phases   ] GC(38)   Merge Heap Roots: 0.03ms
[2026-03-23T17:27:48.741+0900][1.717s][info][gc,phases   ] GC(38)   Evacuate Collection Set: 0.20ms
[2026-03-23T17:27:48.741+0900][1.717s][info][gc,phases   ] GC(38)   Post Evacuate Collection Set: 0.08ms
[2026-03-23T17:27:48.741+0900][1.717s][info][gc,phases   ] GC(38)   Other: 0.05ms
[2026-03-23T17:27:48.741+0900][1.717s][info][gc,heap     ] GC(38) Eden regions: 1->0(137)
[2026-03-23T17:27:48.741+0900][1.717s][info][gc,heap     ] GC(38) Survivor regions: 1->1(18)
[2026-03-23T17:27:48.741+0900][1.717s][info][gc,heap     ] GC(38) Old regions: 3->3
[2026-03-23T17:27:48.741+0900][1.717s][info][gc,heap     ] GC(38) Humongous regions: 112->103
[2026-03-23T17:27:48.741+0900][1.717s][info][gc,metaspace] GC(38) Metaspace: 235K(448K)->235K(448K) NonClass: 220K(320K)->220K(320K) Class: 14K(128K)->14K(128K)
[2026-03-23T17:27:48.741+0900][1.717s][info][gc          ] GC(38) Pause Young (Concurrent Start) (G1 Humongous Allocation) 113M->104M(258M) 0.625ms
[2026-03-23T17:27:48.741+0900][1.717s][info][gc,cpu      ] GC(38) User=0.00s Sys=0.01s Real=0.00s
[2026-03-23T17:27:48.741+0900][1.717s][info][gc          ] GC(39) Concurrent Undo Cycle
[2026-03-23T17:27:48.741+0900][1.717s][info][gc,marking  ] GC(39) Concurrent Clear Claimed Marks
[2026-03-23T17:27:48.741+0900][1.717s][info][gc,marking  ] GC(39) Concurrent Clear Claimed Marks 0.010ms
[2026-03-23T17:27:48.741+0900][1.717s][info][gc,marking  ] GC(39) Concurrent Cleanup for Next Mark
[2026-03-23T17:27:48.741+0900][1.717s][info][gc,marking  ] GC(39) Concurrent Cleanup for Next Mark 0.017ms
[2026-03-23T17:27:48.741+0900][1.717s][info][gc          ] GC(39) Concurrent Undo Cycle 0.084ms
[2026-03-23T17:27:48.753+0900][1.729s][info][gc,start    ] GC(40) Pause Young (Concurrent Start) (G1 Humongous Allocation)
[2026-03-23T17:27:48.753+0900][1.729s][info][gc,task     ] GC(40) Using 6 workers of 11 for evacuation
[2026-03-23T17:27:48.753+0900][1.729s][info][gc,phases   ] GC(40)   Pre Evacuate Collection Set: 0.07ms
[2026-03-23T17:27:48.753+0900][1.729s][info][gc,phases   ] GC(40)   Merge Heap Roots: 0.02ms
[2026-03-23T17:27:48.753+0900][1.729s][info][gc,phases   ] GC(40)   Evacuate Collection Set: 0.12ms
[2026-03-23T17:27:48.753+0900][1.729s][info][gc,phases   ] GC(40)   Post Evacuate Collection Set: 0.08ms
[2026-03-23T17:27:48.753+0900][1.729s][info][gc,phases   ] GC(40)   Other: 0.03ms
[2026-03-23T17:27:48.753+0900][1.729s][info][gc,heap     ] GC(40) Eden regions: 1->0(134)
[2026-03-23T17:27:48.753+0900][1.729s][info][gc,heap     ] GC(40) Survivor regions: 1->1(18)
[2026-03-23T17:27:48.753+0900][1.729s][info][gc,heap     ] GC(40) Old regions: 3->3
[2026-03-23T17:27:48.753+0900][1.729s][info][gc,heap     ] GC(40) Humongous regions: 112->106
[2026-03-23T17:27:48.753+0900][1.729s][info][gc,metaspace] GC(40) Metaspace: 235K(448K)->235K(448K) NonClass: 220K(320K)->220K(320K) Class: 14K(128K)->14K(128K)
[2026-03-23T17:27:48.753+0900][1.729s][info][gc          ] GC(40) Pause Young (Concurrent Start) (G1 Humongous Allocation) 113M->107M(258M) 0.432ms
[2026-03-23T17:27:48.753+0900][1.729s][info][gc,cpu      ] GC(40) User=0.00s Sys=0.00s Real=0.00s
[2026-03-23T17:27:48.753+0900][1.729s][info][gc          ] GC(41) Concurrent Undo Cycle
[2026-03-23T17:27:48.753+0900][1.729s][info][gc,marking  ] GC(41) Concurrent Clear Claimed Marks
[2026-03-23T17:27:48.754+0900][1.729s][info][gc,marking  ] GC(41) Concurrent Clear Claimed Marks 0.007ms
[2026-03-23T17:27:48.754+0900][1.729s][info][gc,marking  ] GC(41) Concurrent Cleanup for Next Mark
[2026-03-23T17:27:48.754+0900][1.729s][info][gc,marking  ] GC(41) Concurrent Cleanup for Next Mark 0.019ms
[2026-03-23T17:27:48.754+0900][1.729s][info][gc          ] GC(41) Concurrent Undo Cycle 0.077ms
[2026-03-23T17:27:48.766+0900][1.742s][info][gc,start    ] GC(42) Pause Young (Concurrent Start) (G1 Humongous Allocation)
[2026-03-23T17:27:48.766+0900][1.742s][info][gc,task     ] GC(42) Using 6 workers of 11 for evacuation
[2026-03-23T17:27:48.767+0900][1.742s][info][gc,phases   ] GC(42)   Pre Evacuate Collection Set: 0.10ms
[2026-03-23T17:27:48.767+0900][1.742s][info][gc,phases   ] GC(42)   Merge Heap Roots: 0.03ms
[2026-03-23T17:27:48.767+0900][1.742s][info][gc,phases   ] GC(42)   Evacuate Collection Set: 0.07ms
[2026-03-23T17:27:48.767+0900][1.742s][info][gc,phases   ] GC(42)   Post Evacuate Collection Set: 0.10ms
[2026-03-23T17:27:48.767+0900][1.742s][info][gc,phases   ] GC(42)   Other: 0.06ms
[2026-03-23T17:27:48.767+0900][1.742s][info][gc,heap     ] GC(42) Eden regions: 1->0(134)
[2026-03-23T17:27:48.767+0900][1.742s][info][gc,heap     ] GC(42) Survivor regions: 1->1(17)
[2026-03-23T17:27:48.767+0900][1.742s][info][gc,heap     ] GC(42) Old regions: 3->3
[2026-03-23T17:27:48.767+0900][1.742s][info][gc,heap     ] GC(42) Humongous regions: 112->106
[2026-03-23T17:27:48.767+0900][1.742s][info][gc,metaspace] GC(42) Metaspace: 235K(448K)->235K(448K) NonClass: 220K(320K)->220K(320K) Class: 14K(128K)->14K(128K)
[2026-03-23T17:27:48.767+0900][1.742s][info][gc          ] GC(42) Pause Young (Concurrent Start) (G1 Humongous Allocation) 113M->107M(258M) 0.553ms
[2026-03-23T17:27:48.767+0900][1.742s][info][gc,cpu      ] GC(42) User=0.00s Sys=0.00s Real=0.00s
[2026-03-23T17:27:48.767+0900][1.742s][info][gc          ] GC(43) Concurrent Undo Cycle
[2026-03-23T17:27:48.767+0900][1.742s][info][gc,marking  ] GC(43) Concurrent Clear Claimed Marks
[2026-03-23T17:27:48.767+0900][1.742s][info][gc,marking  ] GC(43) Concurrent Clear Claimed Marks 0.009ms
[2026-03-23T17:27:48.767+0900][1.742s][info][gc,marking  ] GC(43) Concurrent Cleanup for Next Mark
[2026-03-23T17:27:48.767+0900][1.742s][info][gc,marking  ] GC(43) Concurrent Cleanup for Next Mark 0.022ms
[2026-03-23T17:27:48.767+0900][1.742s][info][gc          ] GC(43) Concurrent Undo Cycle 0.079ms
[2026-03-23T17:27:48.779+0900][1.755s][info][gc,start    ] GC(44) Pause Young (Concurrent Start) (G1 Humongous Allocation)
[2026-03-23T17:27:48.779+0900][1.755s][info][gc,task     ] GC(44) Using 6 workers of 11 for evacuation
[2026-03-23T17:27:48.779+0900][1.755s][info][gc,phases   ] GC(44)   Pre Evacuate Collection Set: 0.08ms
[2026-03-23T17:27:48.779+0900][1.755s][info][gc,phases   ] GC(44)   Merge Heap Roots: 0.06ms
[2026-03-23T17:27:48.779+0900][1.755s][info][gc,phases   ] GC(44)   Evacuate Collection Set: 0.09ms
[2026-03-23T17:27:48.779+0900][1.755s][info][gc,phases   ] GC(44)   Post Evacuate Collection Set: 0.09ms
[2026-03-23T17:27:48.779+0900][1.755s][info][gc,phases   ] GC(44)   Other: 0.05ms
[2026-03-23T17:27:48.779+0900][1.755s][info][gc,heap     ] GC(44) Eden regions: 1->0(134)
[2026-03-23T17:27:48.779+0900][1.755s][info][gc,heap     ] GC(44) Survivor regions: 1->1(17)
[2026-03-23T17:27:48.779+0900][1.755s][info][gc,heap     ] GC(44) Old regions: 3->3
[2026-03-23T17:27:48.779+0900][1.755s][info][gc,heap     ] GC(44) Humongous regions: 112->106
[2026-03-23T17:27:48.779+0900][1.755s][info][gc,metaspace] GC(44) Metaspace: 235K(448K)->235K(448K) NonClass: 220K(320K)->220K(320K) Class: 14K(128K)->14K(128K)
[2026-03-23T17:27:48.779+0900][1.755s][info][gc          ] GC(44) Pause Young (Concurrent Start) (G1 Humongous Allocation) 113M->107M(258M) 0.498ms
[2026-03-23T17:27:48.779+0900][1.755s][info][gc,cpu      ] GC(44) User=0.00s Sys=0.00s Real=0.00s
[2026-03-23T17:27:48.779+0900][1.755s][info][gc          ] GC(45) Concurrent Undo Cycle
[2026-03-23T17:27:48.780+0900][1.755s][info][gc,marking  ] GC(45) Concurrent Clear Claimed Marks
[2026-03-23T17:27:48.780+0900][1.755s][info][gc,marking  ] GC(45) Concurrent Clear Claimed Marks 0.006ms
[2026-03-23T17:27:48.780+0900][1.755s][info][gc,marking  ] GC(45) Concurrent Cleanup for Next Mark
[2026-03-23T17:27:48.780+0900][1.755s][info][gc,marking  ] GC(45) Concurrent Cleanup for Next Mark 0.016ms
[2026-03-23T17:27:48.780+0900][1.755s][info][gc          ] GC(45) Concurrent Undo Cycle 0.073ms
[2026-03-23T17:27:48.792+0900][1.768s][info][gc,start    ] GC(46) Pause Young (Concurrent Start) (G1 Humongous Allocation)
[2026-03-23T17:27:48.792+0900][1.768s][info][gc,task     ] GC(46) Using 6 workers of 11 for evacuation
[2026-03-23T17:27:48.793+0900][1.768s][info][gc,phases   ] GC(46)   Pre Evacuate Collection Set: 0.09ms
[2026-03-23T17:27:48.793+0900][1.768s][info][gc,phases   ] GC(46)   Merge Heap Roots: 0.05ms
[2026-03-23T17:27:48.793+0900][1.768s][info][gc,phases   ] GC(46)   Evacuate Collection Set: 0.08ms
[2026-03-23T17:27:48.793+0900][1.768s][info][gc,phases   ] GC(46)   Post Evacuate Collection Set: 0.08ms
[2026-03-23T17:27:48.793+0900][1.768s][info][gc,phases   ] GC(46)   Other: 0.04ms
[2026-03-23T17:27:48.793+0900][1.768s][info][gc,heap     ] GC(46) Eden regions: 1->0(134)
[2026-03-23T17:27:48.793+0900][1.768s][info][gc,heap     ] GC(46) Survivor regions: 1->1(17)
[2026-03-23T17:27:48.793+0900][1.768s][info][gc,heap     ] GC(46) Old regions: 3->3
[2026-03-23T17:27:48.793+0900][1.768s][info][gc,heap     ] GC(46) Humongous regions: 112->106
[2026-03-23T17:27:48.793+0900][1.768s][info][gc,metaspace] GC(46) Metaspace: 235K(448K)->235K(448K) NonClass: 220K(320K)->220K(320K) Class: 14K(128K)->14K(128K)
[2026-03-23T17:27:48.793+0900][1.768s][info][gc          ] GC(46) Pause Young (Concurrent Start) (G1 Humongous Allocation) 113M->107M(258M) 0.469ms
[2026-03-23T17:27:48.793+0900][1.768s][info][gc,cpu      ] GC(46) User=0.00s Sys=0.00s Real=0.00s
[2026-03-23T17:27:48.793+0900][1.768s][info][gc          ] GC(47) Concurrent Undo Cycle
[2026-03-23T17:27:48.793+0900][1.768s][info][gc,marking  ] GC(47) Concurrent Clear Claimed Marks
[2026-03-23T17:27:48.793+0900][1.768s][info][gc,marking  ] GC(47) Concurrent Clear Claimed Marks 0.007ms
[2026-03-23T17:27:48.793+0900][1.768s][info][gc,marking  ] GC(47) Concurrent Cleanup for Next Mark
[2026-03-23T17:27:48.793+0900][1.768s][info][gc,marking  ] GC(47) Concurrent Cleanup for Next Mark 0.017ms
[2026-03-23T17:27:48.793+0900][1.768s][info][gc          ] GC(47) Concurrent Undo Cycle 0.067ms
[2026-03-23T17:27:48.806+0900][1.781s][info][gc,start    ] GC(48) Pause Young (Concurrent Start) (G1 Humongous Allocation)
[2026-03-23T17:27:48.806+0900][1.781s][info][gc,task     ] GC(48) Using 6 workers of 11 for evacuation
[2026-03-23T17:27:48.807+0900][1.782s][info][gc,phases   ] GC(48)   Pre Evacuate Collection Set: 0.32ms
[2026-03-23T17:27:48.807+0900][1.782s][info][gc,phases   ] GC(48)   Merge Heap Roots: 0.03ms
[2026-03-23T17:27:48.807+0900][1.782s][info][gc,phases   ] GC(48)   Evacuate Collection Set: 0.23ms
[2026-03-23T17:27:48.807+0900][1.783s][info][gc,phases   ] GC(48)   Post Evacuate Collection Set: 0.33ms
[2026-03-23T17:27:48.807+0900][1.783s][info][gc,phases   ] GC(48)   Other: 0.13ms
[2026-03-23T17:27:48.807+0900][1.783s][info][gc,heap     ] GC(48) Eden regions: 1->0(134)
[2026-03-23T17:27:48.807+0900][1.783s][info][gc,heap     ] GC(48) Survivor regions: 1->1(17)
[2026-03-23T17:27:48.807+0900][1.783s][info][gc,heap     ] GC(48) Old regions: 3->3
[2026-03-23T17:27:48.807+0900][1.783s][info][gc,heap     ] GC(48) Humongous regions: 112->106
[2026-03-23T17:27:48.807+0900][1.783s][info][gc,metaspace] GC(48) Metaspace: 235K(448K)->235K(448K) NonClass: 220K(320K)->220K(320K) Class: 14K(128K)->14K(128K)
[2026-03-23T17:27:48.807+0900][1.783s][info][gc          ] GC(48) Pause Young (Concurrent Start) (G1 Humongous Allocation) 113M->107M(258M) 1.504ms
[2026-03-23T17:27:48.807+0900][1.783s][info][gc,cpu      ] GC(48) User=0.01s Sys=0.00s Real=0.00s
[2026-03-23T17:27:48.807+0900][1.783s][info][gc          ] GC(49) Concurrent Undo Cycle
[2026-03-23T17:27:48.807+0900][1.783s][info][gc,marking  ] GC(49) Concurrent Clear Claimed Marks
[2026-03-23T17:27:48.807+0900][1.783s][info][gc,marking  ] GC(49) Concurrent Clear Claimed Marks 0.014ms
[2026-03-23T17:27:48.807+0900][1.783s][info][gc,marking  ] GC(49) Concurrent Cleanup for Next Mark
[2026-03-23T17:27:48.807+0900][1.783s][info][gc,marking  ] GC(49) Concurrent Cleanup for Next Mark 0.059ms
[2026-03-23T17:27:48.807+0900][1.783s][info][gc          ] GC(49) Concurrent Undo Cycle 0.145ms
[2026-03-23T17:27:48.815+0900][1.791s][info][gc,start    ] GC(50) Pause Young (Concurrent Start) (G1 Humongous Allocation)
[2026-03-23T17:27:48.815+0900][1.791s][info][gc,task     ] GC(50) Using 6 workers of 11 for evacuation
[2026-03-23T17:27:48.816+0900][1.791s][info][gc,phases   ] GC(50)   Pre Evacuate Collection Set: 0.11ms
[2026-03-23T17:27:48.816+0900][1.791s][info][gc,phases   ] GC(50)   Merge Heap Roots: 0.03ms
[2026-03-23T17:27:48.816+0900][1.791s][info][gc,phases   ] GC(50)   Evacuate Collection Set: 0.23ms
[2026-03-23T17:27:48.816+0900][1.791s][info][gc,phases   ] GC(50)   Post Evacuate Collection Set: 0.11ms
[2026-03-23T17:27:48.816+0900][1.791s][info][gc,phases   ] GC(50)   Other: 0.07ms
[2026-03-23T17:27:48.816+0900][1.791s][info][gc,heap     ] GC(50) Eden regions: 1->0(131)
[2026-03-23T17:27:48.816+0900][1.791s][info][gc,heap     ] GC(50) Survivor regions: 1->1(17)
[2026-03-23T17:27:48.816+0900][1.791s][info][gc,heap     ] GC(50) Old regions: 3->3
[2026-03-23T17:27:48.816+0900][1.791s][info][gc,heap     ] GC(50) Humongous regions: 112->109
[2026-03-23T17:27:48.816+0900][1.791s][info][gc,metaspace] GC(50) Metaspace: 235K(448K)->235K(448K) NonClass: 220K(320K)->220K(320K) Class: 14K(128K)->14K(128K)
[2026-03-23T17:27:48.816+0900][1.791s][info][gc          ] GC(50) Pause Young (Concurrent Start) (G1 Humongous Allocation) 113M->110M(258M) 0.835ms
[2026-03-23T17:27:48.816+0900][1.791s][info][gc,cpu      ] GC(50) User=0.00s Sys=0.00s Real=0.00s
[2026-03-23T17:27:48.816+0900][1.791s][info][gc          ] GC(51) Concurrent Undo Cycle
[2026-03-23T17:27:48.816+0900][1.791s][info][gc,marking  ] GC(51) Concurrent Clear Claimed Marks
[2026-03-23T17:27:48.816+0900][1.791s][info][gc,marking  ] GC(51) Concurrent Clear Claimed Marks 0.019ms
[2026-03-23T17:27:48.816+0900][1.791s][info][gc,marking  ] GC(51) Concurrent Cleanup for Next Mark
[2026-03-23T17:27:48.816+0900][1.792s][info][gc,marking  ] GC(51) Concurrent Cleanup for Next Mark 0.040ms
[2026-03-23T17:27:48.816+0900][1.792s][info][gc          ] GC(51) Concurrent Undo Cycle 0.158ms
[2026-03-23T17:27:48.823+0900][1.799s][info][gc,start    ] GC(52) Pause Young (Concurrent Start) (G1 Humongous Allocation)
[2026-03-23T17:27:48.823+0900][1.799s][info][gc,task     ] GC(52) Using 6 workers of 11 for evacuation
[2026-03-23T17:27:48.824+0900][1.800s][info][gc,phases   ] GC(52)   Pre Evacuate Collection Set: 0.13ms
[2026-03-23T17:27:48.824+0900][1.800s][info][gc,phases   ] GC(52)   Merge Heap Roots: 0.04ms
[2026-03-23T17:27:48.824+0900][1.800s][info][gc,phases   ] GC(52)   Evacuate Collection Set: 0.23ms
[2026-03-23T17:27:48.824+0900][1.800s][info][gc,phases   ] GC(52)   Post Evacuate Collection Set: 0.14ms
[2026-03-23T17:27:48.824+0900][1.800s][info][gc,phases   ] GC(52)   Other: 0.08ms
[2026-03-23T17:27:48.824+0900][1.800s][info][gc,heap     ] GC(52) Eden regions: 1->0(131)
[2026-03-23T17:27:48.824+0900][1.800s][info][gc,heap     ] GC(52) Survivor regions: 1->1(17)
[2026-03-23T17:27:48.824+0900][1.800s][info][gc,heap     ] GC(52) Old regions: 3->3
[2026-03-23T17:27:48.824+0900][1.800s][info][gc,heap     ] GC(52) Humongous regions: 112->109
[2026-03-23T17:27:48.824+0900][1.800s][info][gc,metaspace] GC(52) Metaspace: 235K(448K)->235K(448K) NonClass: 220K(320K)->220K(320K) Class: 14K(128K)->14K(128K)
[2026-03-23T17:27:48.824+0900][1.800s][info][gc          ] GC(52) Pause Young (Concurrent Start) (G1 Humongous Allocation) 113M->110M(258M) 1.034ms
[2026-03-23T17:27:48.824+0900][1.800s][info][gc          ] GC(53) Concurrent Undo Cycle
[2026-03-23T17:27:48.824+0900][1.800s][info][gc,cpu      ] GC(52) User=0.00s Sys=0.00s Real=0.00s
[2026-03-23T17:27:48.824+0900][1.800s][info][gc,marking  ] GC(53) Concurrent Clear Claimed Marks
[2026-03-23T17:27:48.824+0900][1.800s][info][gc,marking  ] GC(53) Concurrent Clear Claimed Marks 0.012ms
[2026-03-23T17:27:48.824+0900][1.800s][info][gc,marking  ] GC(53) Concurrent Cleanup for Next Mark
[2026-03-23T17:27:48.824+0900][1.800s][info][gc,marking  ] GC(53) Concurrent Cleanup for Next Mark 0.047ms
[2026-03-23T17:27:48.824+0900][1.800s][info][gc          ] GC(53) Concurrent Undo Cycle 0.113ms
[2026-03-23T17:27:48.830+0900][1.805s][info][gc,start    ] GC(54) Pause Young (Concurrent Start) (G1 Humongous Allocation)
[2026-03-23T17:27:48.830+0900][1.805s][info][gc,task     ] GC(54) Using 6 workers of 11 for evacuation
[2026-03-23T17:27:48.830+0900][1.806s][info][gc,phases   ] GC(54)   Pre Evacuate Collection Set: 0.12ms
[2026-03-23T17:27:48.830+0900][1.806s][info][gc,phases   ] GC(54)   Merge Heap Roots: 0.03ms
[2026-03-23T17:27:48.830+0900][1.806s][info][gc,phases   ] GC(54)   Evacuate Collection Set: 0.15ms
[2026-03-23T17:27:48.830+0900][1.806s][info][gc,phases   ] GC(54)   Post Evacuate Collection Set: 0.12ms
[2026-03-23T17:27:48.830+0900][1.806s][info][gc,phases   ] GC(54)   Other: 0.06ms
[2026-03-23T17:27:48.830+0900][1.806s][info][gc,heap     ] GC(54) Eden regions: 1->0(131)
[2026-03-23T17:27:48.830+0900][1.806s][info][gc,heap     ] GC(54) Survivor regions: 1->1(17)
[2026-03-23T17:27:48.830+0900][1.806s][info][gc,heap     ] GC(54) Old regions: 3->3
[2026-03-23T17:27:48.830+0900][1.806s][info][gc,heap     ] GC(54) Humongous regions: 112->109
[2026-03-23T17:27:48.830+0900][1.806s][info][gc,metaspace] GC(54) Metaspace: 235K(448K)->235K(448K) NonClass: 220K(320K)->220K(320K) Class: 14K(128K)->14K(128K)
[2026-03-23T17:27:48.831+0900][1.806s][info][gc          ] GC(54) Pause Young (Concurrent Start) (G1 Humongous Allocation) 113M->110M(258M) 0.711ms
[2026-03-23T17:27:48.831+0900][1.806s][info][gc,cpu      ] GC(54) User=0.00s Sys=0.00s Real=0.00s
[2026-03-23T17:27:48.831+0900][1.806s][info][gc          ] GC(55) Concurrent Undo Cycle
[2026-03-23T17:27:48.831+0900][1.806s][info][gc,marking  ] GC(55) Concurrent Clear Claimed Marks
[2026-03-23T17:27:48.831+0900][1.806s][info][gc,marking  ] GC(55) Concurrent Clear Claimed Marks 0.020ms
[2026-03-23T17:27:48.831+0900][1.806s][info][gc,marking  ] GC(55) Concurrent Cleanup for Next Mark
[2026-03-23T17:27:48.831+0900][1.806s][info][gc,marking  ] GC(55) Concurrent Cleanup for Next Mark 0.038ms
[2026-03-23T17:27:48.831+0900][1.806s][info][gc          ] GC(55) Concurrent Undo Cycle 0.164ms
[2026-03-23T17:27:48.837+0900][1.813s][info][gc,start    ] GC(56) Pause Young (Concurrent Start) (G1 Humongous Allocation)
[2026-03-23T17:27:48.837+0900][1.813s][info][gc,task     ] GC(56) Using 6 workers of 11 for evacuation
[2026-03-23T17:27:48.838+0900][1.813s][info][gc,phases   ] GC(56)   Pre Evacuate Collection Set: 0.09ms
[2026-03-23T17:27:48.838+0900][1.813s][info][gc,phases   ] GC(56)   Merge Heap Roots: 0.02ms
[2026-03-23T17:27:48.838+0900][1.813s][info][gc,phases   ] GC(56)   Evacuate Collection Set: 0.11ms
[2026-03-23T17:27:48.838+0900][1.813s][info][gc,phases   ] GC(56)   Post Evacuate Collection Set: 0.09ms
[2026-03-23T17:27:48.838+0900][1.813s][info][gc,phases   ] GC(56)   Other: 0.08ms
[2026-03-23T17:27:48.838+0900][1.813s][info][gc,heap     ] GC(56) Eden regions: 1->0(131)
[2026-03-23T17:27:48.838+0900][1.813s][info][gc,heap     ] GC(56) Survivor regions: 1->1(17)
[2026-03-23T17:27:48.838+0900][1.813s][info][gc,heap     ] GC(56) Old regions: 3->3
[2026-03-23T17:27:48.838+0900][1.813s][info][gc,heap     ] GC(56) Humongous regions: 112->109
[2026-03-23T17:27:48.838+0900][1.813s][info][gc,metaspace] GC(56) Metaspace: 235K(448K)->235K(448K) NonClass: 220K(320K)->220K(320K) Class: 14K(128K)->14K(128K)
[2026-03-23T17:27:48.838+0900][1.813s][info][gc          ] GC(56) Pause Young (Concurrent Start) (G1 Humongous Allocation) 113M->110M(258M) 0.651ms
[2026-03-23T17:27:48.838+0900][1.813s][info][gc,cpu      ] GC(56) User=0.00s Sys=0.00s Real=0.00s
[2026-03-23T17:27:48.838+0900][1.813s][info][gc          ] GC(57) Concurrent Undo Cycle
[2026-03-23T17:27:48.838+0900][1.813s][info][gc,marking  ] GC(57) Concurrent Clear Claimed Marks
[2026-03-23T17:27:48.838+0900][1.813s][info][gc,marking  ] GC(57) Concurrent Clear Claimed Marks 0.027ms
[2026-03-23T17:27:48.838+0900][1.814s][info][gc,marking  ] GC(57) Concurrent Cleanup for Next Mark
[2026-03-23T17:27:48.838+0900][1.814s][info][gc,marking  ] GC(57) Concurrent Cleanup for Next Mark 0.037ms
[2026-03-23T17:27:48.838+0900][1.814s][info][gc          ] GC(57) Concurrent Undo Cycle 0.198ms
[2026-03-23T17:27:48.844+0900][1.820s][info][gc,start    ] GC(58) Pause Young (Concurrent Start) (G1 Humongous Allocation)
[2026-03-23T17:27:48.845+0900][1.820s][info][gc,task     ] GC(58) Using 6 workers of 11 for evacuation
[2026-03-23T17:27:48.845+0900][1.821s][info][gc,phases   ] GC(58)   Pre Evacuate Collection Set: 0.18ms
[2026-03-23T17:27:48.845+0900][1.821s][info][gc,phases   ] GC(58)   Merge Heap Roots: 0.04ms
[2026-03-23T17:27:48.845+0900][1.821s][info][gc,phases   ] GC(58)   Evacuate Collection Set: 0.18ms
[2026-03-23T17:27:48.845+0900][1.821s][info][gc,phases   ] GC(58)   Post Evacuate Collection Set: 0.16ms
[2026-03-23T17:27:48.845+0900][1.821s][info][gc,phases   ] GC(58)   Other: 0.11ms
[2026-03-23T17:27:48.845+0900][1.821s][info][gc,heap     ] GC(58) Eden regions: 1->0(131)
[2026-03-23T17:27:48.845+0900][1.821s][info][gc,heap     ] GC(58) Survivor regions: 1->1(17)
[2026-03-23T17:27:48.845+0900][1.821s][info][gc,heap     ] GC(58) Old regions: 3->3
[2026-03-23T17:27:48.845+0900][1.821s][info][gc,heap     ] GC(58) Humongous regions: 112->109
[2026-03-23T17:27:48.846+0900][1.821s][info][gc,metaspace] GC(58) Metaspace: 235K(448K)->235K(448K) NonClass: 220K(320K)->220K(320K) Class: 14K(128K)->14K(128K)
[2026-03-23T17:27:48.846+0900][1.821s][info][gc          ] GC(58) Pause Young (Concurrent Start) (G1 Humongous Allocation) 113M->110M(258M) 1.079ms
[2026-03-23T17:27:48.846+0900][1.821s][info][gc,cpu      ] GC(58) User=0.00s Sys=0.00s Real=0.00s
[2026-03-23T17:27:48.846+0900][1.821s][info][gc          ] GC(59) Concurrent Undo Cycle
[2026-03-23T17:27:48.846+0900][1.821s][info][gc,marking  ] GC(59) Concurrent Clear Claimed Marks
[2026-03-23T17:27:48.846+0900][1.821s][info][gc,marking  ] GC(59) Concurrent Clear Claimed Marks 0.049ms
[2026-03-23T17:27:48.846+0900][1.821s][info][gc,marking  ] GC(59) Concurrent Cleanup for Next Mark
[2026-03-23T17:27:48.846+0900][1.821s][info][gc,marking  ] GC(59) Concurrent Cleanup for Next Mark 0.066ms
[2026-03-23T17:27:48.846+0900][1.821s][info][gc          ] GC(59) Concurrent Undo Cycle 0.316ms
[2026-03-23T17:27:48.852+0900][1.828s][info][gc,start    ] GC(60) Pause Young (Concurrent Start) (G1 Humongous Allocation)
[2026-03-23T17:27:48.852+0900][1.828s][info][gc,task     ] GC(60) Using 6 workers of 11 for evacuation
[2026-03-23T17:27:48.853+0900][1.828s][info][gc,phases   ] GC(60)   Pre Evacuate Collection Set: 0.09ms
[2026-03-23T17:27:48.853+0900][1.828s][info][gc,phases   ] GC(60)   Merge Heap Roots: 0.02ms
[2026-03-23T17:27:48.853+0900][1.828s][info][gc,phases   ] GC(60)   Evacuate Collection Set: 0.16ms
[2026-03-23T17:27:48.853+0900][1.828s][info][gc,phases   ] GC(60)   Post Evacuate Collection Set: 0.11ms
[2026-03-23T17:27:48.853+0900][1.828s][info][gc,phases   ] GC(60)   Other: 0.05ms
[2026-03-23T17:27:48.853+0900][1.828s][info][gc,heap     ] GC(60) Eden regions: 1->0(131)
[2026-03-23T17:27:48.853+0900][1.828s][info][gc,heap     ] GC(60) Survivor regions: 1->1(17)
[2026-03-23T17:27:48.853+0900][1.828s][info][gc,heap     ] GC(60) Old regions: 3->3
[2026-03-23T17:27:48.853+0900][1.828s][info][gc,heap     ] GC(60) Humongous regions: 112->109
[2026-03-23T17:27:48.853+0900][1.829s][info][gc,metaspace] GC(60) Metaspace: 235K(448K)->235K(448K) NonClass: 220K(320K)->220K(320K) Class: 14K(128K)->14K(128K)
[2026-03-23T17:27:48.853+0900][1.829s][info][gc          ] GC(60) Pause Young (Concurrent Start) (G1 Humongous Allocation) 113M->110M(258M) 0.760ms
[2026-03-23T17:27:48.853+0900][1.829s][info][gc,cpu      ] GC(60) User=0.00s Sys=0.00s Real=0.00s
[2026-03-23T17:27:48.853+0900][1.829s][info][gc          ] GC(61) Concurrent Undo Cycle
[2026-03-23T17:27:48.853+0900][1.829s][info][gc,marking  ] GC(61) Concurrent Clear Claimed Marks
[2026-03-23T17:27:48.853+0900][1.829s][info][gc,marking  ] GC(61) Concurrent Clear Claimed Marks 0.022ms
[2026-03-23T17:27:48.853+0900][1.829s][info][gc,marking  ] GC(61) Concurrent Cleanup for Next Mark
[2026-03-23T17:27:48.853+0900][1.829s][info][gc,marking  ] GC(61) Concurrent Cleanup for Next Mark 0.052ms
[2026-03-23T17:27:48.853+0900][1.829s][info][gc          ] GC(61) Concurrent Undo Cycle 0.258ms
[2026-03-23T17:27:48.860+0900][1.835s][info][gc,start    ] GC(62) Pause Young (Concurrent Start) (G1 Humongous Allocation)
[2026-03-23T17:27:48.860+0900][1.835s][info][gc,task     ] GC(62) Using 6 workers of 11 for evacuation
[2026-03-23T17:27:48.860+0900][1.836s][info][gc,phases   ] GC(62)   Pre Evacuate Collection Set: 0.16ms
[2026-03-23T17:27:48.860+0900][1.836s][info][gc,phases   ] GC(62)   Merge Heap Roots: 0.05ms
[2026-03-23T17:27:48.860+0900][1.836s][info][gc,phases   ] GC(62)   Evacuate Collection Set: 0.20ms
[2026-03-23T17:27:48.861+0900][1.836s][info][gc,phases   ] GC(62)   Post Evacuate Collection Set: 0.16ms
[2026-03-23T17:27:48.861+0900][1.836s][info][gc,phases   ] GC(62)   Other: 0.09ms
[2026-03-23T17:27:48.861+0900][1.836s][info][gc,heap     ] GC(62) Eden regions: 1->0(131)
[2026-03-23T17:27:48.861+0900][1.836s][info][gc,heap     ] GC(62) Survivor regions: 1->1(17)
[2026-03-23T17:27:48.861+0900][1.836s][info][gc,heap     ] GC(62) Old regions: 3->3
[2026-03-23T17:27:48.861+0900][1.836s][info][gc,heap     ] GC(62) Humongous regions: 112->109
[2026-03-23T17:27:48.861+0900][1.836s][info][gc,metaspace] GC(62) Metaspace: 235K(448K)->235K(448K) NonClass: 220K(320K)->220K(320K) Class: 14K(128K)->14K(128K)
[2026-03-23T17:27:48.861+0900][1.836s][info][gc          ] GC(62) Pause Young (Concurrent Start) (G1 Humongous Allocation) 113M->110M(258M) 0.935ms
[2026-03-23T17:27:48.861+0900][1.836s][info][gc,cpu      ] GC(62) User=0.00s Sys=0.00s Real=0.00s
[2026-03-23T17:27:48.861+0900][1.836s][info][gc          ] GC(63) Concurrent Undo Cycle
[2026-03-23T17:27:48.861+0900][1.836s][info][gc,marking  ] GC(63) Concurrent Clear Claimed Marks
[2026-03-23T17:27:48.861+0900][1.836s][info][gc,marking  ] GC(63) Concurrent Clear Claimed Marks 0.021ms
[2026-03-23T17:27:48.861+0900][1.836s][info][gc,marking  ] GC(63) Concurrent Cleanup for Next Mark
[2026-03-23T17:27:48.861+0900][1.836s][info][gc,marking  ] GC(63) Concurrent Cleanup for Next Mark 0.044ms
[2026-03-23T17:27:48.861+0900][1.836s][info][gc          ] GC(63) Concurrent Undo Cycle 0.173ms
[2026-03-23T17:27:48.867+0900][1.843s][info][gc,start    ] GC(64) Pause Young (Concurrent Start) (G1 Humongous Allocation)
[2026-03-23T17:27:48.867+0900][1.843s][info][gc,task     ] GC(64) Using 6 workers of 11 for evacuation
[2026-03-23T17:27:48.868+0900][1.843s][info][gc,phases   ] GC(64)   Pre Evacuate Collection Set: 0.15ms
[2026-03-23T17:27:48.868+0900][1.844s][info][gc,phases   ] GC(64)   Merge Heap Roots: 0.06ms
[2026-03-23T17:27:48.868+0900][1.844s][info][gc,phases   ] GC(64)   Evacuate Collection Set: 0.18ms
[2026-03-23T17:27:48.868+0900][1.844s][info][gc,phases   ] GC(64)   Post Evacuate Collection Set: 0.11ms
[2026-03-23T17:27:48.868+0900][1.844s][info][gc,phases   ] GC(64)   Other: 0.09ms
[2026-03-23T17:27:48.868+0900][1.844s][info][gc,heap     ] GC(64) Eden regions: 1->0(131)
[2026-03-23T17:27:48.868+0900][1.844s][info][gc,heap     ] GC(64) Survivor regions: 1->1(17)
[2026-03-23T17:27:48.868+0900][1.844s][info][gc,heap     ] GC(64) Old regions: 3->3
[2026-03-23T17:27:48.868+0900][1.844s][info][gc,heap     ] GC(64) Humongous regions: 112->109
[2026-03-23T17:27:48.868+0900][1.844s][info][gc,metaspace] GC(64) Metaspace: 235K(448K)->235K(448K) NonClass: 220K(320K)->220K(320K) Class: 14K(128K)->14K(128K)
[2026-03-23T17:27:48.868+0900][1.844s][info][gc          ] GC(64) Pause Young (Concurrent Start) (G1 Humongous Allocation) 113M->110M(258M) 0.920ms
[2026-03-23T17:27:48.868+0900][1.844s][info][gc,cpu      ] GC(64) User=0.00s Sys=0.00s Real=0.00s
[2026-03-23T17:27:48.868+0900][1.844s][info][gc          ] GC(65) Concurrent Undo Cycle
[2026-03-23T17:27:48.868+0900][1.844s][info][gc,marking  ] GC(65) Concurrent Clear Claimed Marks
[2026-03-23T17:27:48.868+0900][1.844s][info][gc,marking  ] GC(65) Concurrent Clear Claimed Marks 0.045ms
[2026-03-23T17:27:48.868+0900][1.844s][info][gc,marking  ] GC(65) Concurrent Cleanup for Next Mark
[2026-03-23T17:27:48.868+0900][1.844s][info][gc,marking  ] GC(65) Concurrent Cleanup for Next Mark 0.053ms
[2026-03-23T17:27:48.868+0900][1.844s][info][gc          ] GC(65) Concurrent Undo Cycle 0.208ms
[2026-03-23T17:27:48.868+0900][1.844s][info][gc,start    ] GC(66) Pause Young (Concurrent Start) (G1 Humongous Allocation)
[2026-03-23T17:27:48.868+0900][1.844s][info][gc,task     ] GC(66) Using 6 workers of 11 for evacuation
[2026-03-23T17:27:48.869+0900][1.845s][info][gc,phases   ] GC(66)   Pre Evacuate Collection Set: 0.13ms
[2026-03-23T17:27:48.869+0900][1.845s][info][gc,phases   ] GC(66)   Merge Heap Roots: 0.05ms
[2026-03-23T17:27:48.869+0900][1.845s][info][gc,phases   ] GC(66)   Evacuate Collection Set: 0.34ms
[2026-03-23T17:27:48.869+0900][1.845s][info][gc,phases   ] GC(66)   Post Evacuate Collection Set: 0.20ms
[2026-03-23T17:27:48.870+0900][1.845s][info][gc,phases   ] GC(66)   Other: 0.07ms
[2026-03-23T17:27:48.870+0900][1.845s][info][gc,heap     ] GC(66) Eden regions: 1->0(128)
[2026-03-23T17:27:48.870+0900][1.845s][info][gc,heap     ] GC(66) Survivor regions: 1->1(17)
[2026-03-23T17:27:48.870+0900][1.845s][info][gc,heap     ] GC(66) Old regions: 3->3
[2026-03-23T17:27:48.870+0900][1.845s][info][gc,heap     ] GC(66) Humongous regions: 112->112
[2026-03-23T17:27:48.870+0900][1.845s][info][gc,metaspace] GC(66) Metaspace: 235K(448K)->235K(448K) NonClass: 220K(320K)->220K(320K) Class: 14K(128K)->14K(128K)
[2026-03-23T17:27:48.870+0900][1.845s][info][gc          ] GC(66) Pause Young (Concurrent Start) (G1 Humongous Allocation) 113M->113M(258M) 1.268ms
[2026-03-23T17:27:48.870+0900][1.845s][info][gc,cpu      ] GC(66) User=0.01s Sys=0.00s Real=0.01s
[2026-03-23T17:27:48.870+0900][1.845s][info][gc          ] GC(67) Concurrent Undo Cycle
[2026-03-23T17:27:48.870+0900][1.845s][info][gc,marking  ] GC(67) Concurrent Clear Claimed Marks
[2026-03-23T17:27:48.870+0900][1.845s][info][gc,marking  ] GC(67) Concurrent Clear Claimed Marks 0.033ms
[2026-03-23T17:27:48.870+0900][1.846s][info][gc,marking  ] GC(67) Concurrent Cleanup for Next Mark
[2026-03-23T17:27:48.870+0900][1.846s][info][gc,marking  ] GC(67) Concurrent Cleanup for Next Mark 0.057ms
[2026-03-23T17:27:48.870+0900][1.846s][info][gc          ] GC(67) Concurrent Undo Cycle 0.237ms
[2026-03-23T17:27:48.876+0900][1.852s][info][gc,start    ] GC(68) Pause Young (Concurrent Start) (G1 Humongous Allocation)
[2026-03-23T17:27:48.876+0900][1.852s][info][gc,task     ] GC(68) Using 6 workers of 11 for evacuation
[2026-03-23T17:27:48.877+0900][1.852s][info][gc,phases   ] GC(68)   Pre Evacuate Collection Set: 0.10ms
[2026-03-23T17:27:48.877+0900][1.852s][info][gc,phases   ] GC(68)   Merge Heap Roots: 0.03ms
[2026-03-23T17:27:48.877+0900][1.852s][info][gc,phases   ] GC(68)   Evacuate Collection Set: 0.15ms
[2026-03-23T17:27:48.877+0900][1.853s][info][gc,phases   ] GC(68)   Post Evacuate Collection Set: 0.11ms
[2026-03-23T17:27:48.877+0900][1.853s][info][gc,phases   ] GC(68)   Other: 0.08ms
[2026-03-23T17:27:48.877+0900][1.853s][info][gc,heap     ] GC(68) Eden regions: 1->0(129)
[2026-03-23T17:27:48.877+0900][1.853s][info][gc,heap     ] GC(68) Survivor regions: 1->1(17)
[2026-03-23T17:27:48.877+0900][1.853s][info][gc,heap     ] GC(68) Old regions: 3->3
[2026-03-23T17:27:48.877+0900][1.853s][info][gc,heap     ] GC(68) Humongous regions: 114->111
[2026-03-23T17:27:48.877+0900][1.853s][info][gc,metaspace] GC(68) Metaspace: 235K(448K)->235K(448K) NonClass: 220K(320K)->220K(320K) Class: 14K(128K)->14K(128K)
[2026-03-23T17:27:48.877+0900][1.853s][info][gc          ] GC(68) Pause Young (Concurrent Start) (G1 Humongous Allocation) 115M->112M(258M) 0.751ms
[2026-03-23T17:27:48.877+0900][1.853s][info][gc,cpu      ] GC(68) User=0.00s Sys=0.00s Real=0.00s
[2026-03-23T17:27:48.877+0900][1.853s][info][gc          ] GC(69) Concurrent Undo Cycle
[2026-03-23T17:27:48.877+0900][1.853s][info][gc,marking  ] GC(69) Concurrent Clear Claimed Marks
[2026-03-23T17:27:48.877+0900][1.853s][info][gc,marking  ] GC(69) Concurrent Clear Claimed Marks 0.030ms
[2026-03-23T17:27:48.877+0900][1.853s][info][gc,marking  ] GC(69) Concurrent Cleanup for Next Mark
[2026-03-23T17:27:48.877+0900][1.853s][info][gc,marking  ] GC(69) Concurrent Cleanup for Next Mark 0.044ms
[2026-03-23T17:27:48.877+0900][1.853s][info][gc          ] GC(69) Concurrent Undo Cycle 0.209ms
[2026-03-23T17:27:48.884+0900][1.859s][info][gc,start    ] GC(70) Pause Young (Concurrent Start) (G1 Humongous Allocation)
[2026-03-23T17:27:48.884+0900][1.859s][info][gc,task     ] GC(70) Using 6 workers of 11 for evacuation
[2026-03-23T17:27:48.884+0900][1.860s][info][gc,phases   ] GC(70)   Pre Evacuate Collection Set: 0.11ms
[2026-03-23T17:27:48.884+0900][1.860s][info][gc,phases   ] GC(70)   Merge Heap Roots: 0.08ms
[2026-03-23T17:27:48.884+0900][1.860s][info][gc,phases   ] GC(70)   Evacuate Collection Set: 0.15ms
[2026-03-23T17:27:48.884+0900][1.860s][info][gc,phases   ] GC(70)   Post Evacuate Collection Set: 0.11ms
[2026-03-23T17:27:48.884+0900][1.860s][info][gc,phases   ] GC(70)   Other: 0.08ms
[2026-03-23T17:27:48.884+0900][1.860s][info][gc,heap     ] GC(70) Eden regions: 1->0(129)
[2026-03-23T17:27:48.884+0900][1.860s][info][gc,heap     ] GC(70) Survivor regions: 1->1(17)
[2026-03-23T17:27:48.884+0900][1.860s][info][gc,heap     ] GC(70) Old regions: 3->3
[2026-03-23T17:27:48.885+0900][1.860s][info][gc,heap     ] GC(70) Humongous regions: 114->111
[2026-03-23T17:27:48.885+0900][1.860s][info][gc,metaspace] GC(70) Metaspace: 235K(448K)->235K(448K) NonClass: 220K(320K)->220K(320K) Class: 14K(128K)->14K(128K)
[2026-03-23T17:27:48.885+0900][1.860s][info][gc          ] GC(70) Pause Young (Concurrent Start) (G1 Humongous Allocation) 115M->112M(258M) 0.771ms
[2026-03-23T17:27:48.885+0900][1.860s][info][gc,cpu      ] GC(70) User=0.00s Sys=0.00s Real=0.00s
[2026-03-23T17:27:48.885+0900][1.860s][info][gc          ] GC(71) Concurrent Undo Cycle
[2026-03-23T17:27:48.885+0900][1.860s][info][gc,marking  ] GC(71) Concurrent Clear Claimed Marks
[2026-03-23T17:27:48.885+0900][1.860s][info][gc,marking  ] GC(71) Concurrent Clear Claimed Marks 0.015ms
[2026-03-23T17:27:48.885+0900][1.860s][info][gc,marking  ] GC(71) Concurrent Cleanup for Next Mark
[2026-03-23T17:27:48.885+0900][1.860s][info][gc,marking  ] GC(71) Concurrent Cleanup for Next Mark 0.030ms
[2026-03-23T17:27:48.885+0900][1.860s][info][gc          ] GC(71) Concurrent Undo Cycle 0.132ms
[2026-03-23T17:27:48.891+0900][1.866s][info][gc,start    ] GC(72) Pause Young (Concurrent Start) (G1 Humongous Allocation)
[2026-03-23T17:27:48.891+0900][1.866s][info][gc,task     ] GC(72) Using 6 workers of 11 for evacuation
[2026-03-23T17:27:48.891+0900][1.867s][info][gc,phases   ] GC(72)   Pre Evacuate Collection Set: 0.13ms
[2026-03-23T17:27:48.891+0900][1.867s][info][gc,phases   ] GC(72)   Merge Heap Roots: 0.04ms
[2026-03-23T17:27:48.891+0900][1.867s][info][gc,phases   ] GC(72)   Evacuate Collection Set: 0.17ms
[2026-03-23T17:27:48.891+0900][1.867s][info][gc,phases   ] GC(72)   Post Evacuate Collection Set: 0.13ms
[2026-03-23T17:27:48.891+0900][1.867s][info][gc,phases   ] GC(72)   Other: 0.08ms
[2026-03-23T17:27:48.891+0900][1.867s][info][gc,heap     ] GC(72) Eden regions: 1->0(129)
[2026-03-23T17:27:48.891+0900][1.867s][info][gc,heap     ] GC(72) Survivor regions: 1->1(17)
[2026-03-23T17:27:48.891+0900][1.867s][info][gc,heap     ] GC(72) Old regions: 3->3
[2026-03-23T17:27:48.891+0900][1.867s][info][gc,heap     ] GC(72) Humongous regions: 114->111
[2026-03-23T17:27:48.891+0900][1.867s][info][gc,metaspace] GC(72) Metaspace: 235K(448K)->235K(448K) NonClass: 220K(320K)->220K(320K) Class: 14K(128K)->14K(128K)
[2026-03-23T17:27:48.891+0900][1.867s][info][gc          ] GC(72) Pause Young (Concurrent Start) (G1 Humongous Allocation) 115M->112M(258M) 0.858ms
[2026-03-23T17:27:48.891+0900][1.867s][info][gc,cpu      ] GC(72) User=0.00s Sys=0.00s Real=0.00s
[2026-03-23T17:27:48.891+0900][1.867s][info][gc          ] GC(73) Concurrent Undo Cycle
[2026-03-23T17:27:48.892+0900][1.867s][info][gc,marking  ] GC(73) Concurrent Clear Claimed Marks
[2026-03-23T17:27:48.892+0900][1.867s][info][gc,marking  ] GC(73) Concurrent Clear Claimed Marks 0.051ms
[2026-03-23T17:27:48.892+0900][1.867s][info][gc,marking  ] GC(73) Concurrent Cleanup for Next Mark
[2026-03-23T17:27:48.892+0900][1.867s][info][gc,marking  ] GC(73) Concurrent Cleanup for Next Mark 0.059ms
[2026-03-23T17:27:48.892+0900][1.867s][info][gc          ] GC(73) Concurrent Undo Cycle 0.273ms
[2026-03-23T17:27:48.897+0900][1.873s][info][gc,start    ] GC(74) Pause Young (Concurrent Start) (G1 Humongous Allocation)
[2026-03-23T17:27:48.897+0900][1.873s][info][gc,task     ] GC(74) Using 6 workers of 11 for evacuation
[2026-03-23T17:27:48.899+0900][1.875s][info][gc,phases   ] GC(74)   Pre Evacuate Collection Set: 0.13ms
[2026-03-23T17:27:48.899+0900][1.875s][info][gc,phases   ] GC(74)   Merge Heap Roots: 1.50ms
[2026-03-23T17:27:48.899+0900][1.875s][info][gc,phases   ] GC(74)   Evacuate Collection Set: 0.32ms
[2026-03-23T17:27:48.899+0900][1.875s][info][gc,phases   ] GC(74)   Post Evacuate Collection Set: 0.10ms
[2026-03-23T17:27:48.899+0900][1.875s][info][gc,phases   ] GC(74)   Other: 0.11ms
[2026-03-23T17:27:48.899+0900][1.875s][info][gc,heap     ] GC(74) Eden regions: 1->0(129)
[2026-03-23T17:27:48.899+0900][1.875s][info][gc,heap     ] GC(74) Survivor regions: 1->1(17)
[2026-03-23T17:27:48.899+0900][1.875s][info][gc,heap     ] GC(74) Old regions: 3->3
[2026-03-23T17:27:48.899+0900][1.875s][info][gc,heap     ] GC(74) Humongous regions: 114->111
[2026-03-23T17:27:48.899+0900][1.875s][info][gc,metaspace] GC(74) Metaspace: 235K(448K)->235K(448K) NonClass: 220K(320K)->220K(320K) Class: 14K(128K)->14K(128K)
[2026-03-23T17:27:48.899+0900][1.875s][info][gc          ] GC(74) Pause Young (Concurrent Start) (G1 Humongous Allocation) 115M->112M(258M) 2.406ms
[2026-03-23T17:27:48.899+0900][1.875s][info][gc,cpu      ] GC(74) User=0.00s Sys=0.00s Real=0.00s
[2026-03-23T17:27:48.899+0900][1.875s][info][gc          ] GC(75) Concurrent Undo Cycle
[2026-03-23T17:27:48.899+0900][1.875s][info][gc,marking  ] GC(75) Concurrent Clear Claimed Marks
[2026-03-23T17:27:48.899+0900][1.875s][info][gc,marking  ] GC(75) Concurrent Clear Claimed Marks 0.016ms
[2026-03-23T17:27:48.899+0900][1.875s][info][gc,marking  ] GC(75) Concurrent Cleanup for Next Mark
[2026-03-23T17:27:48.900+0900][1.875s][info][gc,marking  ] GC(75) Concurrent Cleanup for Next Mark 0.032ms
[2026-03-23T17:27:48.900+0900][1.875s][info][gc          ] GC(75) Concurrent Undo Cycle 0.134ms
[2026-03-23T17:27:48.906+0900][1.881s][info][gc,start    ] GC(76) Pause Young (Concurrent Start) (G1 Humongous Allocation)
[2026-03-23T17:27:48.906+0900][1.881s][info][gc,task     ] GC(76) Using 6 workers of 11 for evacuation
[2026-03-23T17:27:48.909+0900][1.884s][info][gc,phases   ] GC(76)   Pre Evacuate Collection Set: 1.90ms
[2026-03-23T17:27:48.909+0900][1.884s][info][gc,phases   ] GC(76)   Merge Heap Roots: 0.04ms
[2026-03-23T17:27:48.909+0900][1.884s][info][gc,phases   ] GC(76)   Evacuate Collection Set: 0.23ms
[2026-03-23T17:27:48.909+0900][1.884s][info][gc,phases   ] GC(76)   Post Evacuate Collection Set: 0.43ms
[2026-03-23T17:27:48.909+0900][1.884s][info][gc,phases   ] GC(76)   Other: 0.10ms
[2026-03-23T17:27:48.909+0900][1.884s][info][gc,heap     ] GC(76) Eden regions: 1->0(193)
[2026-03-23T17:27:48.909+0900][1.884s][info][gc,heap     ] GC(76) Survivor regions: 1->1(17)
[2026-03-23T17:27:48.909+0900][1.884s][info][gc,heap     ] GC(76) Old regions: 3->3
[2026-03-23T17:27:48.909+0900][1.884s][info][gc,heap     ] GC(76) Humongous regions: 114->111
[2026-03-23T17:27:48.909+0900][1.884s][info][gc,metaspace] GC(76) Metaspace: 235K(448K)->235K(448K) NonClass: 220K(320K)->220K(320K) Class: 14K(128K)->14K(128K)
[2026-03-23T17:27:48.909+0900][1.884s][info][gc          ] GC(76) Pause Young (Concurrent Start) (G1 Humongous Allocation) 115M->112M(325M) 3.061ms
[2026-03-23T17:27:48.909+0900][1.884s][info][gc,cpu      ] GC(76) User=0.00s Sys=0.00s Real=0.00s
[2026-03-23T17:27:48.909+0900][1.884s][info][gc          ] GC(77) Concurrent Undo Cycle
[2026-03-23T17:27:48.909+0900][1.884s][info][gc,marking  ] GC(77) Concurrent Clear Claimed Marks
[2026-03-23T17:27:48.909+0900][1.885s][info][gc,marking  ] GC(77) Concurrent Clear Claimed Marks 0.027ms
[2026-03-23T17:27:48.909+0900][1.885s][info][gc,marking  ] GC(77) Concurrent Cleanup for Next Mark
[2026-03-23T17:27:48.909+0900][1.885s][info][gc,marking  ] GC(77) Concurrent Cleanup for Next Mark 0.035ms
[2026-03-23T17:27:48.909+0900][1.885s][info][gc          ] GC(77) Concurrent Undo Cycle 0.198ms
[2026-03-23T17:27:48.975+0900][1.951s][info][gc,start    ] GC(78) Pause Young (Concurrent Start) (G1 Humongous Allocation)
[2026-03-23T17:27:48.975+0900][1.951s][info][gc,task     ] GC(78) Using 7 workers of 11 for evacuation
[2026-03-23T17:27:48.976+0900][1.952s][info][gc,phases   ] GC(78)   Pre Evacuate Collection Set: 0.17ms
[2026-03-23T17:27:48.976+0900][1.952s][info][gc,phases   ] GC(78)   Merge Heap Roots: 0.05ms
[2026-03-23T17:27:48.976+0900][1.952s][info][gc,phases   ] GC(78)   Evacuate Collection Set: 0.28ms
[2026-03-23T17:27:48.976+0900][1.952s][info][gc,phases   ] GC(78)   Post Evacuate Collection Set: 0.25ms
[2026-03-23T17:27:48.976+0900][1.952s][info][gc,phases   ] GC(78)   Other: 0.22ms
[2026-03-23T17:27:48.976+0900][1.952s][info][gc,heap     ] GC(78) Eden regions: 1->0(190)
[2026-03-23T17:27:48.976+0900][1.952s][info][gc,heap     ] GC(78) Survivor regions: 1->1(25)
[2026-03-23T17:27:48.976+0900][1.952s][info][gc,heap     ] GC(78) Old regions: 3->3
[2026-03-23T17:27:48.976+0900][1.952s][info][gc,heap     ] GC(78) Humongous regions: 144->114
[2026-03-23T17:27:48.976+0900][1.952s][info][gc,metaspace] GC(78) Metaspace: 235K(448K)->235K(448K) NonClass: 220K(320K)->220K(320K) Class: 14K(128K)->14K(128K)
[2026-03-23T17:27:48.976+0900][1.952s][info][gc          ] GC(78) Pause Young (Concurrent Start) (G1 Humongous Allocation) 145M->115M(325M) 1.316ms
[2026-03-23T17:27:48.976+0900][1.952s][info][gc,cpu      ] GC(78) User=0.00s Sys=0.00s Real=0.00s
[2026-03-23T17:27:48.976+0900][1.952s][info][gc          ] GC(79) Concurrent Undo Cycle
[2026-03-23T17:27:48.976+0900][1.952s][info][gc,marking  ] GC(79) Concurrent Clear Claimed Marks
[2026-03-23T17:27:48.976+0900][1.952s][info][gc,marking  ] GC(79) Concurrent Clear Claimed Marks 0.011ms
[2026-03-23T17:27:48.976+0900][1.952s][info][gc,marking  ] GC(79) Concurrent Cleanup for Next Mark
[2026-03-23T17:27:48.977+0900][1.952s][info][gc,marking  ] GC(79) Concurrent Cleanup for Next Mark 0.281ms
[2026-03-23T17:27:48.977+0900][1.952s][info][gc          ] GC(79) Concurrent Undo Cycle 0.372ms
[2026-03-23T17:27:49.034+0900][2.009s][info][gc,start    ] GC(80) Pause Young (Concurrent Start) (G1 Humongous Allocation)
[2026-03-23T17:27:49.034+0900][2.009s][info][gc,task     ] GC(80) Using 7 workers of 11 for evacuation
[2026-03-23T17:27:49.034+0900][2.010s][info][gc,phases   ] GC(80)   Pre Evacuate Collection Set: 0.15ms
[2026-03-23T17:27:49.035+0900][2.010s][info][gc,phases   ] GC(80)   Merge Heap Roots: 0.05ms
[2026-03-23T17:27:49.035+0900][2.010s][info][gc,phases   ] GC(80)   Evacuate Collection Set: 0.31ms
[2026-03-23T17:27:49.035+0900][2.010s][info][gc,phases   ] GC(80)   Post Evacuate Collection Set: 0.13ms
[2026-03-23T17:27:49.035+0900][2.010s][info][gc,phases   ] GC(80)   Other: 0.08ms
[2026-03-23T17:27:49.035+0900][2.010s][info][gc,heap     ] GC(80) Eden regions: 1->0(187)
[2026-03-23T17:27:49.035+0900][2.010s][info][gc,heap     ] GC(80) Survivor regions: 1->1(24)
[2026-03-23T17:27:49.035+0900][2.010s][info][gc,heap     ] GC(80) Old regions: 3->3
[2026-03-23T17:27:49.035+0900][2.010s][info][gc,heap     ] GC(80) Humongous regions: 144->117
[2026-03-23T17:27:49.035+0900][2.010s][info][gc,metaspace] GC(80) Metaspace: 235K(448K)->235K(448K) NonClass: 220K(320K)->220K(320K) Class: 14K(128K)->14K(128K)
[2026-03-23T17:27:49.035+0900][2.010s][info][gc          ] GC(80) Pause Young (Concurrent Start) (G1 Humongous Allocation) 145M->118M(325M) 0.988ms
[2026-03-23T17:27:49.035+0900][2.010s][info][gc,cpu      ] GC(80) User=0.00s Sys=0.01s Real=0.00s
[2026-03-23T17:27:49.035+0900][2.010s][info][gc          ] GC(81) Concurrent Undo Cycle
[2026-03-23T17:27:49.035+0900][2.010s][info][gc,marking  ] GC(81) Concurrent Clear Claimed Marks
[2026-03-23T17:27:49.035+0900][2.010s][info][gc,marking  ] GC(81) Concurrent Clear Claimed Marks 0.010ms
[2026-03-23T17:27:49.035+0900][2.010s][info][gc,marking  ] GC(81) Concurrent Cleanup for Next Mark
[2026-03-23T17:27:49.035+0900][2.010s][info][gc,marking  ] GC(81) Concurrent Cleanup for Next Mark 0.029ms
[2026-03-23T17:27:49.035+0900][2.010s][info][gc          ] GC(81) Concurrent Undo Cycle 0.099ms
[2026-03-23T17:27:49.086+0900][2.061s][info][gc,start    ] GC(82) Pause Young (Concurrent Start) (G1 Humongous Allocation)
[2026-03-23T17:27:49.086+0900][2.061s][info][gc,task     ] GC(82) Using 7 workers of 11 for evacuation
[2026-03-23T17:27:49.087+0900][2.062s][info][gc,phases   ] GC(82)   Pre Evacuate Collection Set: 0.17ms
[2026-03-23T17:27:49.087+0900][2.062s][info][gc,phases   ] GC(82)   Merge Heap Roots: 0.06ms
[2026-03-23T17:27:49.087+0900][2.062s][info][gc,phases   ] GC(82)   Evacuate Collection Set: 0.26ms
[2026-03-23T17:27:49.087+0900][2.062s][info][gc,phases   ] GC(82)   Post Evacuate Collection Set: 0.20ms
[2026-03-23T17:27:49.087+0900][2.062s][info][gc,phases   ] GC(82)   Other: 0.11ms
[2026-03-23T17:27:49.087+0900][2.062s][info][gc,heap     ] GC(82) Eden regions: 1->0(184)
[2026-03-23T17:27:49.087+0900][2.062s][info][gc,heap     ] GC(82) Survivor regions: 1->1(24)
[2026-03-23T17:27:49.087+0900][2.062s][info][gc,heap     ] GC(82) Old regions: 3->3
[2026-03-23T17:27:49.087+0900][2.062s][info][gc,heap     ] GC(82) Humongous regions: 144->120
[2026-03-23T17:27:49.087+0900][2.062s][info][gc,metaspace] GC(82) Metaspace: 235K(448K)->235K(448K) NonClass: 220K(320K)->220K(320K) Class: 14K(128K)->14K(128K)
[2026-03-23T17:27:49.087+0900][2.062s][info][gc          ] GC(82) Pause Young (Concurrent Start) (G1 Humongous Allocation) 145M->121M(325M) 1.139ms
[2026-03-23T17:27:49.087+0900][2.062s][info][gc,cpu      ] GC(82) User=0.00s Sys=0.00s Real=0.00s
[2026-03-23T17:27:49.087+0900][2.062s][info][gc          ] GC(83) Concurrent Undo Cycle
[2026-03-23T17:27:49.087+0900][2.063s][info][gc,marking  ] GC(83) Concurrent Clear Claimed Marks
[2026-03-23T17:27:49.087+0900][2.063s][info][gc,marking  ] GC(83) Concurrent Clear Claimed Marks 0.073ms
[2026-03-23T17:27:49.087+0900][2.063s][info][gc,marking  ] GC(83) Concurrent Cleanup for Next Mark
[2026-03-23T17:27:49.088+0900][2.063s][info][gc,marking  ] GC(83) Concurrent Cleanup for Next Mark 0.119ms
[2026-03-23T17:27:49.088+0900][2.063s][info][gc          ] GC(83) Concurrent Undo Cycle 0.819ms
[2026-03-23T17:27:49.132+0900][2.108s][info][gc,start    ] GC(84) Pause Young (Concurrent Start) (G1 Humongous Allocation)
[2026-03-23T17:27:49.132+0900][2.108s][info][gc,task     ] GC(84) Using 7 workers of 11 for evacuation
[2026-03-23T17:27:49.133+0900][2.108s][info][gc,phases   ] GC(84)   Pre Evacuate Collection Set: 0.16ms
[2026-03-23T17:27:49.133+0900][2.108s][info][gc,phases   ] GC(84)   Merge Heap Roots: 0.05ms
[2026-03-23T17:27:49.133+0900][2.108s][info][gc,phases   ] GC(84)   Evacuate Collection Set: 0.25ms
[2026-03-23T17:27:49.133+0900][2.108s][info][gc,phases   ] GC(84)   Post Evacuate Collection Set: 0.16ms
[2026-03-23T17:27:49.133+0900][2.108s][info][gc,phases   ] GC(84)   Other: 0.10ms
[2026-03-23T17:27:49.133+0900][2.109s][info][gc,heap     ] GC(84) Eden regions: 1->0(181)
[2026-03-23T17:27:49.133+0900][2.109s][info][gc,heap     ] GC(84) Survivor regions: 1->1(24)
[2026-03-23T17:27:49.133+0900][2.109s][info][gc,heap     ] GC(84) Old regions: 3->3
[2026-03-23T17:27:49.133+0900][2.109s][info][gc,heap     ] GC(84) Humongous regions: 144->123
[2026-03-23T17:27:49.133+0900][2.109s][info][gc,metaspace] GC(84) Metaspace: 235K(448K)->235K(448K) NonClass: 220K(320K)->220K(320K) Class: 14K(128K)->14K(128K)
[2026-03-23T17:27:49.133+0900][2.109s][info][gc          ] GC(84) Pause Young (Concurrent Start) (G1 Humongous Allocation) 145M->124M(325M) 1.122ms
[2026-03-23T17:27:49.133+0900][2.109s][info][gc,cpu      ] GC(84) User=0.00s Sys=0.00s Real=0.00s
[2026-03-23T17:27:49.133+0900][2.109s][info][gc          ] GC(85) Concurrent Undo Cycle
[2026-03-23T17:27:49.133+0900][2.109s][info][gc,marking  ] GC(85) Concurrent Clear Claimed Marks
[2026-03-23T17:27:49.133+0900][2.109s][info][gc,marking  ] GC(85) Concurrent Clear Claimed Marks 0.041ms
[2026-03-23T17:27:49.133+0900][2.109s][info][gc,marking  ] GC(85) Concurrent Cleanup for Next Mark
[2026-03-23T17:27:49.133+0900][2.109s][info][gc,marking  ] GC(85) Concurrent Cleanup for Next Mark 0.063ms
[2026-03-23T17:27:49.133+0900][2.109s][info][gc          ] GC(85) Concurrent Undo Cycle 0.286ms
[2026-03-23T17:27:49.169+0900][2.145s][info][gc,start    ] GC(86) Pause Young (Concurrent Start) (G1 Humongous Allocation)
[2026-03-23T17:27:49.170+0900][2.145s][info][gc,task     ] GC(86) Using 7 workers of 11 for evacuation
[2026-03-23T17:27:49.170+0900][2.146s][info][gc,phases   ] GC(86)   Pre Evacuate Collection Set: 0.18ms
[2026-03-23T17:27:49.170+0900][2.146s][info][gc,phases   ] GC(86)   Merge Heap Roots: 0.05ms
[2026-03-23T17:27:49.171+0900][2.146s][info][gc,phases   ] GC(86)   Evacuate Collection Set: 0.26ms
[2026-03-23T17:27:49.171+0900][2.146s][info][gc,phases   ] GC(86)   Post Evacuate Collection Set: 0.17ms
[2026-03-23T17:27:49.171+0900][2.146s][info][gc,phases   ] GC(86)   Other: 0.12ms
[2026-03-23T17:27:49.171+0900][2.146s][info][gc,heap     ] GC(86) Eden regions: 1->0(178)
[2026-03-23T17:27:49.171+0900][2.146s][info][gc,heap     ] GC(86) Survivor regions: 1->1(23)
[2026-03-23T17:27:49.171+0900][2.146s][info][gc,heap     ] GC(86) Old regions: 3->3
[2026-03-23T17:27:49.171+0900][2.146s][info][gc,heap     ] GC(86) Humongous regions: 144->126
[2026-03-23T17:27:49.171+0900][2.146s][info][gc,metaspace] GC(86) Metaspace: 235K(448K)->235K(448K) NonClass: 220K(320K)->220K(320K) Class: 14K(128K)->14K(128K)
[2026-03-23T17:27:49.171+0900][2.146s][info][gc          ] GC(86) Pause Young (Concurrent Start) (G1 Humongous Allocation) 145M->127M(325M) 1.275ms
[2026-03-23T17:27:49.171+0900][2.146s][info][gc,cpu      ] GC(86) User=0.00s Sys=0.00s Real=0.01s
[2026-03-23T17:27:49.171+0900][2.146s][info][gc          ] GC(87) Concurrent Undo Cycle
[2026-03-23T17:27:49.171+0900][2.147s][info][gc,marking  ] GC(87) Concurrent Clear Claimed Marks
[2026-03-23T17:27:49.171+0900][2.147s][info][gc,marking  ] GC(87) Concurrent Clear Claimed Marks 0.053ms
[2026-03-23T17:27:49.171+0900][2.147s][info][gc,marking  ] GC(87) Concurrent Cleanup for Next Mark
[2026-03-23T17:27:49.171+0900][2.147s][info][gc,marking  ] GC(87) Concurrent Cleanup for Next Mark 0.057ms
[2026-03-23T17:27:49.171+0900][2.147s][info][gc          ] GC(87) Concurrent Undo Cycle 0.336ms
[2026-03-23T17:27:49.203+0900][2.179s][info][gc,start    ] GC(88) Pause Young (Concurrent Start) (G1 Humongous Allocation)
[2026-03-23T17:27:49.203+0900][2.179s][info][gc,task     ] GC(88) Using 7 workers of 11 for evacuation
[2026-03-23T17:27:49.204+0900][2.179s][info][gc,phases   ] GC(88)   Pre Evacuate Collection Set: 0.16ms
[2026-03-23T17:27:49.204+0900][2.180s][info][gc,phases   ] GC(88)   Merge Heap Roots: 0.06ms
[2026-03-23T17:27:49.204+0900][2.180s][info][gc,phases   ] GC(88)   Evacuate Collection Set: 0.27ms
[2026-03-23T17:27:49.204+0900][2.180s][info][gc,phases   ] GC(88)   Post Evacuate Collection Set: 0.18ms
[2026-03-23T17:27:49.204+0900][2.180s][info][gc,phases   ] GC(88)   Other: 0.12ms
[2026-03-23T17:27:49.204+0900][2.180s][info][gc,heap     ] GC(88) Eden regions: 1->0(175)
[2026-03-23T17:27:49.204+0900][2.180s][info][gc,heap     ] GC(88) Survivor regions: 1->1(23)
[2026-03-23T17:27:49.204+0900][2.180s][info][gc,heap     ] GC(88) Old regions: 3->3
[2026-03-23T17:27:49.204+0900][2.180s][info][gc,heap     ] GC(88) Humongous regions: 144->129
[2026-03-23T17:27:49.204+0900][2.180s][info][gc,metaspace] GC(88) Metaspace: 235K(448K)->235K(448K) NonClass: 220K(320K)->220K(320K) Class: 14K(128K)->14K(128K)
[2026-03-23T17:27:49.204+0900][2.180s][info][gc          ] GC(88) Pause Young (Concurrent Start) (G1 Humongous Allocation) 145M->130M(325M) 1.253ms
[2026-03-23T17:27:49.204+0900][2.180s][info][gc,cpu      ] GC(88) User=0.00s Sys=0.00s Real=0.00s
[2026-03-23T17:27:49.204+0900][2.180s][info][gc          ] GC(89) Concurrent Undo Cycle
[2026-03-23T17:27:49.204+0900][2.180s][info][gc,marking  ] GC(89) Concurrent Clear Claimed Marks
[2026-03-23T17:27:49.204+0900][2.180s][info][gc,marking  ] GC(89) Concurrent Clear Claimed Marks 0.045ms
[2026-03-23T17:27:49.204+0900][2.180s][info][gc,marking  ] GC(89) Concurrent Cleanup for Next Mark
[2026-03-23T17:27:49.205+0900][2.180s][info][gc,marking  ] GC(89) Concurrent Cleanup for Next Mark 0.056ms
[2026-03-23T17:27:49.205+0900][2.180s][info][gc          ] GC(89) Concurrent Undo Cycle 0.303ms
[2026-03-23T17:27:49.235+0900][2.211s][info][gc,start    ] GC(90) Pause Young (Concurrent Start) (G1 Humongous Allocation)
[2026-03-23T17:27:49.235+0900][2.211s][info][gc,task     ] GC(90) Using 7 workers of 11 for evacuation
[2026-03-23T17:27:49.236+0900][2.211s][info][gc,phases   ] GC(90)   Pre Evacuate Collection Set: 0.12ms
[2026-03-23T17:27:49.236+0900][2.212s][info][gc,phases   ] GC(90)   Merge Heap Roots: 0.03ms
[2026-03-23T17:27:49.236+0900][2.212s][info][gc,phases   ] GC(90)   Evacuate Collection Set: 0.19ms
[2026-03-23T17:27:49.236+0900][2.212s][info][gc,phases   ] GC(90)   Post Evacuate Collection Set: 0.18ms
[2026-03-23T17:27:49.236+0900][2.212s][info][gc,phases   ] GC(90)   Other: 0.09ms
[2026-03-23T17:27:49.236+0900][2.212s][info][gc,heap     ] GC(90) Eden regions: 1->0(175)
[2026-03-23T17:27:49.236+0900][2.212s][info][gc,heap     ] GC(90) Survivor regions: 1->1(22)
[2026-03-23T17:27:49.236+0900][2.212s][info][gc,heap     ] GC(90) Old regions: 3->3
[2026-03-23T17:27:49.236+0900][2.212s][info][gc,heap     ] GC(90) Humongous regions: 144->129
[2026-03-23T17:27:49.236+0900][2.212s][info][gc,metaspace] GC(90) Metaspace: 235K(448K)->235K(448K) NonClass: 220K(320K)->220K(320K) Class: 14K(128K)->14K(128K)
[2026-03-23T17:27:49.236+0900][2.212s][info][gc          ] GC(90) Pause Young (Concurrent Start) (G1 Humongous Allocation) 145M->130M(325M) 1.116ms
[2026-03-23T17:27:49.236+0900][2.212s][info][gc,cpu      ] GC(90) User=0.00s Sys=0.00s Real=0.00s
[2026-03-23T17:27:49.236+0900][2.212s][info][gc          ] GC(91) Concurrent Undo Cycle
[2026-03-23T17:27:49.237+0900][2.212s][info][gc,marking  ] GC(91) Concurrent Clear Claimed Marks
[2026-03-23T17:27:49.237+0900][2.212s][info][gc,marking  ] GC(91) Concurrent Clear Claimed Marks 0.051ms
[2026-03-23T17:27:49.237+0900][2.212s][info][gc,marking  ] GC(91) Concurrent Cleanup for Next Mark
[2026-03-23T17:27:49.237+0900][2.212s][info][gc,marking  ] GC(91) Concurrent Cleanup for Next Mark 0.093ms
[2026-03-23T17:27:49.237+0900][2.212s][info][gc          ] GC(91) Concurrent Undo Cycle 0.363ms
[2026-03-23T17:27:49.263+0900][2.238s][info][gc,start    ] GC(92) Pause Young (Concurrent Start) (G1 Humongous Allocation)
[2026-03-23T17:27:49.263+0900][2.239s][info][gc,task     ] GC(92) Using 7 workers of 11 for evacuation
[2026-03-23T17:27:49.263+0900][2.239s][info][gc,phases   ] GC(92)   Pre Evacuate Collection Set: 0.12ms
[2026-03-23T17:27:49.264+0900][2.239s][info][gc,phases   ] GC(92)   Merge Heap Roots: 0.03ms
[2026-03-23T17:27:49.264+0900][2.239s][info][gc,phases   ] GC(92)   Evacuate Collection Set: 0.18ms
[2026-03-23T17:27:49.264+0900][2.239s][info][gc,phases   ] GC(92)   Post Evacuate Collection Set: 0.10ms
[2026-03-23T17:27:49.264+0900][2.239s][info][gc,phases   ] GC(92)   Other: 0.07ms
[2026-03-23T17:27:49.264+0900][2.239s][info][gc,heap     ] GC(92) Eden regions: 1->0(172)
[2026-03-23T17:27:49.264+0900][2.239s][info][gc,heap     ] GC(92) Survivor regions: 1->1(22)
[2026-03-23T17:27:49.264+0900][2.239s][info][gc,heap     ] GC(92) Old regions: 3->3
[2026-03-23T17:27:49.264+0900][2.239s][info][gc,heap     ] GC(92) Humongous regions: 144->132
[2026-03-23T17:27:49.264+0900][2.239s][info][gc,metaspace] GC(92) Metaspace: 235K(448K)->235K(448K) NonClass: 220K(320K)->220K(320K) Class: 14K(128K)->14K(128K)
[2026-03-23T17:27:49.264+0900][2.239s][info][gc          ] GC(92) Pause Young (Concurrent Start) (G1 Humongous Allocation) 145M->133M(325M) 0.822ms
[2026-03-23T17:27:49.264+0900][2.239s][info][gc,cpu      ] GC(92) User=0.00s Sys=0.00s Real=0.00s
[2026-03-23T17:27:49.264+0900][2.239s][info][gc          ] GC(93) Concurrent Undo Cycle
[2026-03-23T17:27:49.264+0900][2.239s][info][gc,marking  ] GC(93) Concurrent Clear Claimed Marks
[2026-03-23T17:27:49.264+0900][2.240s][info][gc,marking  ] GC(93) Concurrent Clear Claimed Marks 0.044ms
[2026-03-23T17:27:49.264+0900][2.240s][info][gc,marking  ] GC(93) Concurrent Cleanup for Next Mark
[2026-03-23T17:27:49.264+0900][2.240s][info][gc,marking  ] GC(93) Concurrent Cleanup for Next Mark 0.066ms
[2026-03-23T17:27:49.264+0900][2.240s][info][gc          ] GC(93) Concurrent Undo Cycle 0.280ms
[2026-03-23T17:27:49.289+0900][2.265s][info][gc,start    ] GC(94) Pause Young (Concurrent Start) (G1 Humongous Allocation)
[2026-03-23T17:27:49.290+0900][2.265s][info][gc,task     ] GC(94) Using 7 workers of 11 for evacuation
[2026-03-23T17:27:49.290+0900][2.266s][info][gc,phases   ] GC(94)   Pre Evacuate Collection Set: 0.15ms
[2026-03-23T17:27:49.290+0900][2.266s][info][gc,phases   ] GC(94)   Merge Heap Roots: 0.04ms
[2026-03-23T17:27:49.290+0900][2.266s][info][gc,phases   ] GC(94)   Evacuate Collection Set: 0.19ms
[2026-03-23T17:27:49.290+0900][2.266s][info][gc,phases   ] GC(94)   Post Evacuate Collection Set: 0.12ms
[2026-03-23T17:27:49.290+0900][2.266s][info][gc,phases   ] GC(94)   Other: 0.10ms
[2026-03-23T17:27:49.290+0900][2.266s][info][gc,heap     ] GC(94) Eden regions: 1->0(172)
[2026-03-23T17:27:49.290+0900][2.266s][info][gc,heap     ] GC(94) Survivor regions: 1->1(22)
[2026-03-23T17:27:49.290+0900][2.266s][info][gc,heap     ] GC(94) Old regions: 3->3
[2026-03-23T17:27:49.290+0900][2.266s][info][gc,heap     ] GC(94) Humongous regions: 144->132
[2026-03-23T17:27:49.290+0900][2.266s][info][gc,metaspace] GC(94) Metaspace: 235K(448K)->235K(448K) NonClass: 220K(320K)->220K(320K) Class: 14K(128K)->14K(128K)
[2026-03-23T17:27:49.290+0900][2.266s][info][gc          ] GC(94) Pause Young (Concurrent Start) (G1 Humongous Allocation) 145M->133M(325M) 1.064ms
[2026-03-23T17:27:49.291+0900][2.266s][info][gc,cpu      ] GC(94) User=0.00s Sys=0.00s Real=0.01s
[2026-03-23T17:27:49.291+0900][2.266s][info][gc          ] GC(95) Concurrent Undo Cycle
[2026-03-23T17:27:49.291+0900][2.266s][info][gc,marking  ] GC(95) Concurrent Clear Claimed Marks
[2026-03-23T17:27:49.291+0900][2.266s][info][gc,marking  ] GC(95) Concurrent Clear Claimed Marks 0.046ms
[2026-03-23T17:27:49.291+0900][2.266s][info][gc,marking  ] GC(95) Concurrent Cleanup for Next Mark
[2026-03-23T17:27:49.291+0900][2.266s][info][gc,marking  ] GC(95) Concurrent Cleanup for Next Mark 0.070ms
[2026-03-23T17:27:49.291+0900][2.266s][info][gc          ] GC(95) Concurrent Undo Cycle 0.321ms
[2026-03-23T17:27:49.310+0900][2.285s][info][gc,start    ] GC(96) Pause Young (Concurrent Start) (G1 Humongous Allocation)
[2026-03-23T17:27:49.310+0900][2.285s][info][gc,task     ] GC(96) Using 7 workers of 11 for evacuation
[2026-03-23T17:27:49.310+0900][2.286s][info][gc,phases   ] GC(96)   Pre Evacuate Collection Set: 0.22ms
[2026-03-23T17:27:49.310+0900][2.286s][info][gc,phases   ] GC(96)   Merge Heap Roots: 0.05ms
[2026-03-23T17:27:49.310+0900][2.286s][info][gc,phases   ] GC(96)   Evacuate Collection Set: 0.15ms
[2026-03-23T17:27:49.310+0900][2.286s][info][gc,phases   ] GC(96)   Post Evacuate Collection Set: 0.09ms
[2026-03-23T17:27:49.310+0900][2.286s][info][gc,phases   ] GC(96)   Other: 0.10ms
[2026-03-23T17:27:49.310+0900][2.286s][info][gc,heap     ] GC(96) Eden regions: 1->0(169)
[2026-03-23T17:27:49.311+0900][2.286s][info][gc,heap     ] GC(96) Survivor regions: 1->1(22)
[2026-03-23T17:27:49.311+0900][2.286s][info][gc,heap     ] GC(96) Old regions: 3->3
[2026-03-23T17:27:49.311+0900][2.286s][info][gc,heap     ] GC(96) Humongous regions: 144->135
[2026-03-23T17:27:49.311+0900][2.286s][info][gc,metaspace] GC(96) Metaspace: 235K(448K)->235K(448K) NonClass: 220K(320K)->220K(320K) Class: 14K(128K)->14K(128K)
[2026-03-23T17:27:49.311+0900][2.286s][info][gc          ] GC(96) Pause Young (Concurrent Start) (G1 Humongous Allocation) 145M->136M(325M) 0.906ms
[2026-03-23T17:27:49.311+0900][2.286s][info][gc,cpu      ] GC(96) User=0.00s Sys=0.00s Real=0.00s
[2026-03-23T17:27:49.311+0900][2.286s][info][gc          ] GC(97) Concurrent Undo Cycle
[2026-03-23T17:27:49.311+0900][2.286s][info][gc,marking  ] GC(97) Concurrent Clear Claimed Marks
[2026-03-23T17:27:49.311+0900][2.286s][info][gc,marking  ] GC(97) Concurrent Clear Claimed Marks 0.040ms
[2026-03-23T17:27:49.311+0900][2.286s][info][gc,marking  ] GC(97) Concurrent Cleanup for Next Mark
[2026-03-23T17:27:49.311+0900][2.286s][info][gc,marking  ] GC(97) Concurrent Cleanup for Next Mark 0.058ms
[2026-03-23T17:27:49.311+0900][2.286s][info][gc          ] GC(97) Concurrent Undo Cycle 0.250ms
[2026-03-23T17:27:49.330+0900][2.305s][info][gc,start    ] GC(98) Pause Young (Concurrent Start) (G1 Humongous Allocation)
[2026-03-23T17:27:49.330+0900][2.305s][info][gc,task     ] GC(98) Using 7 workers of 11 for evacuation
[2026-03-23T17:27:49.330+0900][2.306s][info][gc,phases   ] GC(98)   Pre Evacuate Collection Set: 0.12ms
[2026-03-23T17:27:49.330+0900][2.306s][info][gc,phases   ] GC(98)   Merge Heap Roots: 0.04ms
[2026-03-23T17:27:49.330+0900][2.306s][info][gc,phases   ] GC(98)   Evacuate Collection Set: 0.18ms
[2026-03-23T17:27:49.331+0900][2.306s][info][gc,phases   ] GC(98)   Post Evacuate Collection Set: 0.16ms
[2026-03-23T17:27:49.331+0900][2.306s][info][gc,phases   ] GC(98)   Other: 0.09ms
[2026-03-23T17:27:49.331+0900][2.306s][info][gc,heap     ] GC(98) Eden regions: 1->0(169)
[2026-03-23T17:27:49.331+0900][2.306s][info][gc,heap     ] GC(98) Survivor regions: 1->1(22)
[2026-03-23T17:27:49.331+0900][2.306s][info][gc,heap     ] GC(98) Old regions: 3->3
[2026-03-23T17:27:49.331+0900][2.306s][info][gc,heap     ] GC(98) Humongous regions: 144->135
[2026-03-23T17:27:49.331+0900][2.306s][info][gc,metaspace] GC(98) Metaspace: 235K(448K)->235K(448K) NonClass: 220K(320K)->220K(320K) Class: 14K(128K)->14K(128K)
[2026-03-23T17:27:49.331+0900][2.306s][info][gc          ] GC(98) Pause Young (Concurrent Start) (G1 Humongous Allocation) 145M->136M(325M) 1.159ms
[2026-03-23T17:27:49.331+0900][2.306s][info][gc,cpu      ] GC(98) User=0.00s Sys=0.00s Real=0.00s
[2026-03-23T17:27:49.331+0900][2.306s][info][gc          ] GC(99) Concurrent Undo Cycle
[2026-03-23T17:27:49.331+0900][2.306s][info][gc,marking  ] GC(99) Concurrent Clear Claimed Marks
[2026-03-23T17:27:49.331+0900][2.306s][info][gc,marking  ] GC(99) Concurrent Clear Claimed Marks 0.045ms
[2026-03-23T17:27:49.331+0900][2.306s][info][gc,marking  ] GC(99) Concurrent Cleanup for Next Mark
[2026-03-23T17:27:49.331+0900][2.307s][info][gc,marking  ] GC(99) Concurrent Cleanup for Next Mark 0.073ms
[2026-03-23T17:27:49.331+0900][2.307s][info][gc          ] GC(99) Concurrent Undo Cycle 0.280ms
[2026-03-23T17:27:49.349+0900][2.325s][info][gc,start    ] GC(100) Pause Young (Concurrent Start) (G1 Humongous Allocation)
[2026-03-23T17:27:49.349+0900][2.325s][info][gc,task     ] GC(100) Using 7 workers of 11 for evacuation
[2026-03-23T17:27:49.350+0900][2.326s][info][gc,phases   ] GC(100)   Pre Evacuate Collection Set: 0.26ms
[2026-03-23T17:27:49.350+0900][2.326s][info][gc,phases   ] GC(100)   Merge Heap Roots: 0.04ms
[2026-03-23T17:27:49.350+0900][2.326s][info][gc,phases   ] GC(100)   Evacuate Collection Set: 0.19ms
[2026-03-23T17:27:49.350+0900][2.326s][info][gc,phases   ] GC(100)   Post Evacuate Collection Set: 0.14ms
[2026-03-23T17:27:49.350+0900][2.326s][info][gc,phases   ] GC(100)   Other: 0.11ms
[2026-03-23T17:27:49.350+0900][2.326s][info][gc,heap     ] GC(100) Eden regions: 1->0(169)
[2026-03-23T17:27:49.350+0900][2.326s][info][gc,heap     ] GC(100) Survivor regions: 1->1(22)
[2026-03-23T17:27:49.350+0900][2.326s][info][gc,heap     ] GC(100) Old regions: 3->3
[2026-03-23T17:27:49.350+0900][2.326s][info][gc,heap     ] GC(100) Humongous regions: 144->135
[2026-03-23T17:27:49.350+0900][2.326s][info][gc,metaspace] GC(100) Metaspace: 235K(448K)->235K(448K) NonClass: 220K(320K)->220K(320K) Class: 14K(128K)->14K(128K)
[2026-03-23T17:27:49.350+0900][2.326s][info][gc          ] GC(100) Pause Young (Concurrent Start) (G1 Humongous Allocation) 145M->136M(325M) 1.195ms
[2026-03-23T17:27:49.350+0900][2.326s][info][gc,cpu      ] GC(100) User=0.00s Sys=0.00s Real=0.01s
[2026-03-23T17:27:49.350+0900][2.326s][info][gc          ] GC(101) Concurrent Undo Cycle
[2026-03-23T17:27:49.351+0900][2.326s][info][gc,marking  ] GC(101) Concurrent Clear Claimed Marks
[2026-03-23T17:27:49.351+0900][2.326s][info][gc,marking  ] GC(101) Concurrent Clear Claimed Marks 0.085ms
[2026-03-23T17:27:49.351+0900][2.326s][info][gc,marking  ] GC(101) Concurrent Cleanup for Next Mark
[2026-03-23T17:27:49.351+0900][2.326s][info][gc,marking  ] GC(101) Concurrent Cleanup for Next Mark 0.053ms
[2026-03-23T17:27:49.351+0900][2.326s][info][gc          ] GC(101) Concurrent Undo Cycle 0.305ms
[2026-03-23T17:27:49.363+0900][2.339s][info][gc,start    ] GC(102) Pause Young (Concurrent Start) (G1 Humongous Allocation)
[2026-03-23T17:27:49.363+0900][2.339s][info][gc,task     ] GC(102) Using 7 workers of 11 for evacuation
[2026-03-23T17:27:49.364+0900][2.340s][info][gc,phases   ] GC(102)   Pre Evacuate Collection Set: 0.14ms
[2026-03-23T17:27:49.364+0900][2.340s][info][gc,phases   ] GC(102)   Merge Heap Roots: 0.04ms
[2026-03-23T17:27:49.364+0900][2.340s][info][gc,phases   ] GC(102)   Evacuate Collection Set: 0.22ms
[2026-03-23T17:27:49.364+0900][2.340s][info][gc,phases   ] GC(102)   Post Evacuate Collection Set: 0.16ms
[2026-03-23T17:27:49.364+0900][2.340s][info][gc,phases   ] GC(102)   Other: 0.08ms
[2026-03-23T17:27:49.364+0900][2.340s][info][gc,heap     ] GC(102) Eden regions: 1->0(166)
[2026-03-23T17:27:49.364+0900][2.340s][info][gc,heap     ] GC(102) Survivor regions: 1->1(22)
[2026-03-23T17:27:49.365+0900][2.340s][info][gc,heap     ] GC(102) Old regions: 3->3
[2026-03-23T17:27:49.365+0900][2.340s][info][gc,heap     ] GC(102) Humongous regions: 144->138
[2026-03-23T17:27:49.365+0900][2.340s][info][gc,metaspace] GC(102) Metaspace: 235K(448K)->235K(448K) NonClass: 220K(320K)->220K(320K) Class: 14K(128K)->14K(128K)
[2026-03-23T17:27:49.365+0900][2.340s][info][gc          ] GC(102) Pause Young (Concurrent Start) (G1 Humongous Allocation) 145M->139M(325M) 1.409ms
[2026-03-23T17:27:49.365+0900][2.341s][info][gc          ] GC(103) Concurrent Undo Cycle
[2026-03-23T17:27:49.365+0900][2.341s][info][gc,cpu      ] GC(102) User=0.00s Sys=0.00s Real=0.00s
[2026-03-23T17:27:49.365+0900][2.341s][info][gc,marking  ] GC(103) Concurrent Clear Claimed Marks
[2026-03-23T17:27:49.365+0900][2.341s][info][gc,marking  ] GC(103) Concurrent Clear Claimed Marks 0.060ms
[2026-03-23T17:27:49.365+0900][2.341s][info][gc,marking  ] GC(103) Concurrent Cleanup for Next Mark
[2026-03-23T17:27:49.365+0900][2.341s][info][gc,marking  ] GC(103) Concurrent Cleanup for Next Mark 0.055ms
[2026-03-23T17:27:49.365+0900][2.341s][info][gc          ] GC(103) Concurrent Undo Cycle 0.231ms
[2026-03-23T17:27:49.377+0900][2.353s][info][gc,start    ] GC(104) Pause Young (Concurrent Start) (G1 Humongous Allocation)
[2026-03-23T17:27:49.377+0900][2.353s][info][gc,task     ] GC(104) Using 7 workers of 11 for evacuation
[2026-03-23T17:27:49.378+0900][2.353s][info][gc,phases   ] GC(104)   Pre Evacuate Collection Set: 0.14ms
[2026-03-23T17:27:49.378+0900][2.354s][info][gc,phases   ] GC(104)   Merge Heap Roots: 0.04ms
[2026-03-23T17:27:49.378+0900][2.354s][info][gc,phases   ] GC(104)   Evacuate Collection Set: 0.20ms
[2026-03-23T17:27:49.378+0900][2.354s][info][gc,phases   ] GC(104)   Post Evacuate Collection Set: 0.12ms
[2026-03-23T17:27:49.378+0900][2.354s][info][gc,phases   ] GC(104)   Other: 0.10ms
[2026-03-23T17:27:49.378+0900][2.354s][info][gc,heap     ] GC(104) Eden regions: 1->0(166)
[2026-03-23T17:27:49.378+0900][2.354s][info][gc,heap     ] GC(104) Survivor regions: 1->1(21)
[2026-03-23T17:27:49.378+0900][2.354s][info][gc,heap     ] GC(104) Old regions: 3->3
[2026-03-23T17:27:49.378+0900][2.354s][info][gc,heap     ] GC(104) Humongous regions: 144->138
[2026-03-23T17:27:49.378+0900][2.354s][info][gc,metaspace] GC(104) Metaspace: 235K(448K)->235K(448K) NonClass: 220K(320K)->220K(320K) Class: 14K(128K)->14K(128K)
[2026-03-23T17:27:49.378+0900][2.354s][info][gc          ] GC(104) Pause Young (Concurrent Start) (G1 Humongous Allocation) 145M->139M(325M) 0.966ms
[2026-03-23T17:27:49.378+0900][2.354s][info][gc,cpu      ] GC(104) User=0.00s Sys=0.00s Real=0.00s
[2026-03-23T17:27:49.378+0900][2.354s][info][gc          ] GC(105) Concurrent Undo Cycle
[2026-03-23T17:27:49.378+0900][2.354s][info][gc,marking  ] GC(105) Concurrent Clear Claimed Marks
[2026-03-23T17:27:49.378+0900][2.354s][info][gc,marking  ] GC(105) Concurrent Clear Claimed Marks 0.040ms
[2026-03-23T17:27:49.379+0900][2.354s][info][gc,marking  ] GC(105) Concurrent Cleanup for Next Mark
[2026-03-23T17:27:49.379+0900][2.354s][info][gc,marking  ] GC(105) Concurrent Cleanup for Next Mark 0.059ms
[2026-03-23T17:27:49.379+0900][2.354s][info][gc          ] GC(105) Concurrent Undo Cycle 0.428ms
[2026-03-23T17:27:49.391+0900][2.366s][info][gc,start    ] GC(106) Pause Young (Concurrent Start) (G1 Humongous Allocation)
[2026-03-23T17:27:49.391+0900][2.366s][info][gc,task     ] GC(106) Using 7 workers of 11 for evacuation
[2026-03-23T17:27:49.391+0900][2.367s][info][gc,phases   ] GC(106)   Pre Evacuate Collection Set: 0.15ms
[2026-03-23T17:27:49.391+0900][2.367s][info][gc,phases   ] GC(106)   Merge Heap Roots: 0.03ms
[2026-03-23T17:27:49.391+0900][2.367s][info][gc,phases   ] GC(106)   Evacuate Collection Set: 0.20ms
[2026-03-23T17:27:49.391+0900][2.367s][info][gc,phases   ] GC(106)   Post Evacuate Collection Set: 0.12ms
[2026-03-23T17:27:49.391+0900][2.367s][info][gc,phases   ] GC(106)   Other: 0.06ms
[2026-03-23T17:27:49.391+0900][2.367s][info][gc,heap     ] GC(106) Eden regions: 1->0(166)
[2026-03-23T17:27:49.391+0900][2.367s][info][gc,heap     ] GC(106) Survivor regions: 1->1(21)
[2026-03-23T17:27:49.391+0900][2.367s][info][gc,heap     ] GC(106) Old regions: 3->3
[2026-03-23T17:27:49.391+0900][2.367s][info][gc,heap     ] GC(106) Humongous regions: 144->138
[2026-03-23T17:27:49.392+0900][2.367s][info][gc,metaspace] GC(106) Metaspace: 235K(448K)->235K(448K) NonClass: 220K(320K)->220K(320K) Class: 14K(128K)->14K(128K)
[2026-03-23T17:27:49.392+0900][2.367s][info][gc          ] GC(106) Pause Young (Concurrent Start) (G1 Humongous Allocation) 145M->139M(325M) 0.839ms
[2026-03-23T17:27:49.392+0900][2.367s][info][gc,cpu      ] GC(106) User=0.00s Sys=0.00s Real=0.00s
[2026-03-23T17:27:49.392+0900][2.367s][info][gc          ] GC(107) Concurrent Undo Cycle
[2026-03-23T17:27:49.392+0900][2.367s][info][gc,marking  ] GC(107) Concurrent Clear Claimed Marks
[2026-03-23T17:27:49.392+0900][2.367s][info][gc,marking  ] GC(107) Concurrent Clear Claimed Marks 0.014ms
[2026-03-23T17:27:49.392+0900][2.367s][info][gc,marking  ] GC(107) Concurrent Cleanup for Next Mark
[2026-03-23T17:27:49.392+0900][2.367s][info][gc,marking  ] GC(107) Concurrent Cleanup for Next Mark 0.032ms
[2026-03-23T17:27:49.392+0900][2.367s][info][gc          ] GC(107) Concurrent Undo Cycle 0.132ms
[2026-03-23T17:27:49.405+0900][2.381s][info][gc,start    ] GC(108) Pause Young (Concurrent Start) (G1 Humongous Allocation)
[2026-03-23T17:27:49.405+0900][2.381s][info][gc,task     ] GC(108) Using 7 workers of 11 for evacuation
[2026-03-23T17:27:49.406+0900][2.382s][info][gc,phases   ] GC(108)   Pre Evacuate Collection Set: 0.15ms
[2026-03-23T17:27:49.406+0900][2.382s][info][gc,phases   ] GC(108)   Merge Heap Roots: 0.04ms
[2026-03-23T17:27:49.406+0900][2.382s][info][gc,phases   ] GC(108)   Evacuate Collection Set: 0.24ms
[2026-03-23T17:27:49.406+0900][2.382s][info][gc,phases   ] GC(108)   Post Evacuate Collection Set: 0.18ms
[2026-03-23T17:27:49.406+0900][2.382s][info][gc,phases   ] GC(108)   Other: 0.10ms
[2026-03-23T17:27:49.406+0900][2.382s][info][gc,heap     ] GC(108) Eden regions: 1->0(166)
[2026-03-23T17:27:49.406+0900][2.382s][info][gc,heap     ] GC(108) Survivor regions: 1->1(21)
[2026-03-23T17:27:49.406+0900][2.382s][info][gc,heap     ] GC(108) Old regions: 3->3
[2026-03-23T17:27:49.406+0900][2.382s][info][gc,heap     ] GC(108) Humongous regions: 144->138
[2026-03-23T17:27:49.406+0900][2.382s][info][gc,metaspace] GC(108) Metaspace: 235K(448K)->235K(448K) NonClass: 220K(320K)->220K(320K) Class: 14K(128K)->14K(128K)
[2026-03-23T17:27:49.407+0900][2.382s][info][gc          ] GC(108) Pause Young (Concurrent Start) (G1 Humongous Allocation) 145M->139M(325M) 1.229ms
[2026-03-23T17:27:49.407+0900][2.382s][info][gc,cpu      ] GC(108) User=0.00s Sys=0.00s Real=0.00s
[2026-03-23T17:27:49.407+0900][2.382s][info][gc          ] GC(109) Concurrent Undo Cycle
[2026-03-23T17:27:49.407+0900][2.382s][info][gc,marking  ] GC(109) Concurrent Clear Claimed Marks
[2026-03-23T17:27:49.407+0900][2.382s][info][gc,marking  ] GC(109) Concurrent Clear Claimed Marks 0.058ms
[2026-03-23T17:27:49.407+0900][2.382s][info][gc,marking  ] GC(109) Concurrent Cleanup for Next Mark
[2026-03-23T17:27:49.407+0900][2.383s][info][gc,marking  ] GC(109) Concurrent Cleanup for Next Mark 0.138ms
[2026-03-23T17:27:49.407+0900][2.383s][info][gc          ] GC(109) Concurrent Undo Cycle 0.488ms
[2026-03-23T17:27:49.413+0900][2.389s][info][gc,start    ] GC(110) Pause Young (Concurrent Start) (G1 Humongous Allocation)
[2026-03-23T17:27:49.413+0900][2.389s][info][gc,task     ] GC(110) Using 7 workers of 11 for evacuation
[2026-03-23T17:27:49.414+0900][2.389s][info][gc,phases   ] GC(110)   Pre Evacuate Collection Set: 0.11ms
[2026-03-23T17:27:49.414+0900][2.390s][info][gc,phases   ] GC(110)   Merge Heap Roots: 0.03ms
[2026-03-23T17:27:49.414+0900][2.390s][info][gc,phases   ] GC(110)   Evacuate Collection Set: 0.13ms
[2026-03-23T17:27:49.414+0900][2.390s][info][gc,phases   ] GC(110)   Post Evacuate Collection Set: 0.11ms
[2026-03-23T17:27:49.414+0900][2.390s][info][gc,phases   ] GC(110)   Other: 0.07ms
[2026-03-23T17:27:49.414+0900][2.390s][info][gc,heap     ] GC(110) Eden regions: 1->0(163)
[2026-03-23T17:27:49.414+0900][2.390s][info][gc,heap     ] GC(110) Survivor regions: 1->1(21)
[2026-03-23T17:27:49.414+0900][2.390s][info][gc,heap     ] GC(110) Old regions: 3->3
[2026-03-23T17:27:49.414+0900][2.390s][info][gc,heap     ] GC(110) Humongous regions: 144->141
[2026-03-23T17:27:49.414+0900][2.390s][info][gc,metaspace] GC(110) Metaspace: 235K(448K)->235K(448K) NonClass: 220K(320K)->220K(320K) Class: 14K(128K)->14K(128K)
[2026-03-23T17:27:49.414+0900][2.390s][info][gc          ] GC(110) Pause Young (Concurrent Start) (G1 Humongous Allocation) 145M->142M(325M) 0.729ms
[2026-03-23T17:27:49.414+0900][2.390s][info][gc,cpu      ] GC(110) User=0.00s Sys=0.00s Real=0.00s
[2026-03-23T17:27:49.414+0900][2.390s][info][gc          ] GC(111) Concurrent Undo Cycle
[2026-03-23T17:27:49.415+0900][2.391s][info][gc,marking  ] GC(111) Concurrent Clear Claimed Marks
[2026-03-23T17:27:49.415+0900][2.391s][info][gc,marking  ] GC(111) Concurrent Clear Claimed Marks 0.057ms
[2026-03-23T17:27:49.415+0900][2.391s][info][gc,marking  ] GC(111) Concurrent Cleanup for Next Mark
[2026-03-23T17:27:49.415+0900][2.391s][info][gc,marking  ] GC(111) Concurrent Cleanup for Next Mark 0.139ms
[2026-03-23T17:27:49.415+0900][2.391s][info][gc          ] GC(111) Concurrent Undo Cycle 1.069ms
[2026-03-23T17:27:49.421+0900][2.397s][info][gc,start    ] GC(112) Pause Young (Concurrent Start) (G1 Humongous Allocation)
[2026-03-23T17:27:49.421+0900][2.397s][info][gc,task     ] GC(112) Using 7 workers of 11 for evacuation
[2026-03-23T17:27:49.422+0900][2.398s][info][gc,phases   ] GC(112)   Pre Evacuate Collection Set: 0.15ms
[2026-03-23T17:27:49.422+0900][2.398s][info][gc,phases   ] GC(112)   Merge Heap Roots: 0.10ms
[2026-03-23T17:27:49.422+0900][2.398s][info][gc,phases   ] GC(112)   Evacuate Collection Set: 0.17ms
[2026-03-23T17:27:49.422+0900][2.398s][info][gc,phases   ] GC(112)   Post Evacuate Collection Set: 0.11ms
[2026-03-23T17:27:49.422+0900][2.398s][info][gc,phases   ] GC(112)   Other: 0.07ms
[2026-03-23T17:27:49.422+0900][2.398s][info][gc,heap     ] GC(112) Eden regions: 1->0(163)
[2026-03-23T17:27:49.422+0900][2.398s][info][gc,heap     ] GC(112) Survivor regions: 1->1(21)
[2026-03-23T17:27:49.422+0900][2.398s][info][gc,heap     ] GC(112) Old regions: 3->3
[2026-03-23T17:27:49.422+0900][2.398s][info][gc,heap     ] GC(112) Humongous regions: 144->141
[2026-03-23T17:27:49.422+0900][2.398s][info][gc,metaspace] GC(112) Metaspace: 235K(448K)->235K(448K) NonClass: 220K(320K)->220K(320K) Class: 14K(128K)->14K(128K)
[2026-03-23T17:27:49.422+0900][2.398s][info][gc          ] GC(112) Pause Young (Concurrent Start) (G1 Humongous Allocation) 145M->142M(325M) 0.852ms
[2026-03-23T17:27:49.422+0900][2.398s][info][gc,cpu      ] GC(112) User=0.00s Sys=0.00s Real=0.00s
[2026-03-23T17:27:49.422+0900][2.398s][info][gc          ] GC(113) Concurrent Undo Cycle
[2026-03-23T17:27:49.422+0900][2.398s][info][gc,marking  ] GC(113) Concurrent Clear Claimed Marks
[2026-03-23T17:27:49.422+0900][2.398s][info][gc,marking  ] GC(113) Concurrent Clear Claimed Marks 0.030ms
[2026-03-23T17:27:49.422+0900][2.398s][info][gc,marking  ] GC(113) Concurrent Cleanup for Next Mark
[2026-03-23T17:27:49.422+0900][2.398s][info][gc,marking  ] GC(113) Concurrent Cleanup for Next Mark 0.061ms
[2026-03-23T17:27:49.422+0900][2.398s][info][gc          ] GC(113) Concurrent Undo Cycle 0.217ms
[2026-03-23T17:27:49.429+0900][2.404s][info][gc,start    ] GC(114) Pause Young (Concurrent Start) (G1 Humongous Allocation)
[2026-03-23T17:27:49.429+0900][2.404s][info][gc,task     ] GC(114) Using 7 workers of 11 for evacuation
[2026-03-23T17:27:49.429+0900][2.405s][info][gc,phases   ] GC(114)   Pre Evacuate Collection Set: 0.10ms
[2026-03-23T17:27:49.429+0900][2.405s][info][gc,phases   ] GC(114)   Merge Heap Roots: 0.03ms
[2026-03-23T17:27:49.429+0900][2.405s][info][gc,phases   ] GC(114)   Evacuate Collection Set: 0.13ms
[2026-03-23T17:27:49.429+0900][2.405s][info][gc,phases   ] GC(114)   Post Evacuate Collection Set: 0.10ms
[2026-03-23T17:27:49.429+0900][2.405s][info][gc,phases   ] GC(114)   Other: 0.06ms
[2026-03-23T17:27:49.429+0900][2.405s][info][gc,heap     ] GC(114) Eden regions: 1->0(163)
[2026-03-23T17:27:49.429+0900][2.405s][info][gc,heap     ] GC(114) Survivor regions: 1->1(21)
[2026-03-23T17:27:49.429+0900][2.405s][info][gc,heap     ] GC(114) Old regions: 3->3
[2026-03-23T17:27:49.429+0900][2.405s][info][gc,heap     ] GC(114) Humongous regions: 144->141
[2026-03-23T17:27:49.429+0900][2.405s][info][gc,metaspace] GC(114) Metaspace: 235K(448K)->235K(448K) NonClass: 220K(320K)->220K(320K) Class: 14K(128K)->14K(128K)
[2026-03-23T17:27:49.429+0900][2.405s][info][gc          ] GC(114) Pause Young (Concurrent Start) (G1 Humongous Allocation) 145M->142M(325M) 0.719ms
[2026-03-23T17:27:49.429+0900][2.405s][info][gc,cpu      ] GC(114) User=0.00s Sys=0.00s Real=0.00s
[2026-03-23T17:27:49.429+0900][2.405s][info][gc          ] GC(115) Concurrent Undo Cycle
[2026-03-23T17:27:49.430+0900][2.405s][info][gc,marking  ] GC(115) Concurrent Clear Claimed Marks
[2026-03-23T17:27:49.430+0900][2.405s][info][gc,marking  ] GC(115) Concurrent Clear Claimed Marks 0.035ms
[2026-03-23T17:27:49.430+0900][2.405s][info][gc,marking  ] GC(115) Concurrent Cleanup for Next Mark
[2026-03-23T17:27:49.430+0900][2.405s][info][gc,marking  ] GC(115) Concurrent Cleanup for Next Mark 0.059ms
[2026-03-23T17:27:49.430+0900][2.405s][info][gc          ] GC(115) Concurrent Undo Cycle 0.216ms
[2026-03-23T17:27:49.436+0900][2.412s][info][gc,start    ] GC(116) Pause Young (Concurrent Start) (G1 Humongous Allocation)
[2026-03-23T17:27:49.436+0900][2.412s][info][gc,task     ] GC(116) Using 7 workers of 11 for evacuation
[2026-03-23T17:27:49.436+0900][2.412s][info][gc,phases   ] GC(116)   Pre Evacuate Collection Set: 0.11ms
[2026-03-23T17:27:49.437+0900][2.412s][info][gc,phases   ] GC(116)   Merge Heap Roots: 0.04ms
[2026-03-23T17:27:49.437+0900][2.412s][info][gc,phases   ] GC(116)   Evacuate Collection Set: 0.14ms
[2026-03-23T17:27:49.437+0900][2.412s][info][gc,phases   ] GC(116)   Post Evacuate Collection Set: 0.11ms
[2026-03-23T17:27:49.437+0900][2.412s][info][gc,phases   ] GC(116)   Other: 0.05ms
[2026-03-23T17:27:49.437+0900][2.412s][info][gc,heap     ] GC(116) Eden regions: 1->0(163)
[2026-03-23T17:27:49.437+0900][2.412s][info][gc,heap     ] GC(116) Survivor regions: 1->1(21)
[2026-03-23T17:27:49.437+0900][2.412s][info][gc,heap     ] GC(116) Old regions: 3->3
[2026-03-23T17:27:49.437+0900][2.412s][info][gc,heap     ] GC(116) Humongous regions: 144->141
[2026-03-23T17:27:49.437+0900][2.412s][info][gc,metaspace] GC(116) Metaspace: 235K(448K)->235K(448K) NonClass: 220K(320K)->220K(320K) Class: 14K(128K)->14K(128K)
[2026-03-23T17:27:49.437+0900][2.412s][info][gc          ] GC(116) Pause Young (Concurrent Start) (G1 Humongous Allocation) 145M->142M(325M) 0.702ms
[2026-03-23T17:27:49.437+0900][2.412s][info][gc,cpu      ] GC(116) User=0.00s Sys=0.00s Real=0.00s
[2026-03-23T17:27:49.437+0900][2.412s][info][gc          ] GC(117) Concurrent Undo Cycle
[2026-03-23T17:27:49.437+0900][2.412s][info][gc,marking  ] GC(117) Concurrent Clear Claimed Marks
[2026-03-23T17:27:49.437+0900][2.412s][info][gc,marking  ] GC(117) Concurrent Clear Claimed Marks 0.017ms
[2026-03-23T17:27:49.437+0900][2.412s][info][gc,marking  ] GC(117) Concurrent Cleanup for Next Mark
[2026-03-23T17:27:49.437+0900][2.412s][info][gc,marking  ] GC(117) Concurrent Cleanup for Next Mark 0.039ms
[2026-03-23T17:27:49.437+0900][2.412s][info][gc          ] GC(117) Concurrent Undo Cycle 0.157ms
[2026-03-23T17:27:49.443+0900][2.419s][info][gc,start    ] GC(118) Pause Young (Concurrent Start) (G1 Humongous Allocation)
[2026-03-23T17:27:49.443+0900][2.419s][info][gc,task     ] GC(118) Using 7 workers of 11 for evacuation
[2026-03-23T17:27:49.444+0900][2.420s][info][gc,phases   ] GC(118)   Pre Evacuate Collection Set: 0.16ms
[2026-03-23T17:27:49.444+0900][2.420s][info][gc,phases   ] GC(118)   Merge Heap Roots: 0.05ms
[2026-03-23T17:27:49.444+0900][2.420s][info][gc,phases   ] GC(118)   Evacuate Collection Set: 0.21ms
[2026-03-23T17:27:49.444+0900][2.420s][info][gc,phases   ] GC(118)   Post Evacuate Collection Set: 0.17ms
[2026-03-23T17:27:49.444+0900][2.420s][info][gc,phases   ] GC(118)   Other: 0.09ms
[2026-03-23T17:27:49.444+0900][2.420s][info][gc,heap     ] GC(118) Eden regions: 1->0(163)
[2026-03-23T17:27:49.444+0900][2.420s][info][gc,heap     ] GC(118) Survivor regions: 1->1(21)
[2026-03-23T17:27:49.444+0900][2.420s][info][gc,heap     ] GC(118) Old regions: 3->3
[2026-03-23T17:27:49.444+0900][2.420s][info][gc,heap     ] GC(118) Humongous regions: 144->141
[2026-03-23T17:27:49.444+0900][2.420s][info][gc,metaspace] GC(118) Metaspace: 235K(448K)->235K(448K) NonClass: 220K(320K)->220K(320K) Class: 14K(128K)->14K(128K)
[2026-03-23T17:27:49.444+0900][2.420s][info][gc          ] GC(118) Pause Young (Concurrent Start) (G1 Humongous Allocation) 145M->142M(325M) 1.055ms
[2026-03-23T17:27:49.444+0900][2.420s][info][gc,cpu      ] GC(118) User=0.00s Sys=0.00s Real=0.00s
[2026-03-23T17:27:49.444+0900][2.420s][info][gc          ] GC(119) Concurrent Undo Cycle
[2026-03-23T17:27:49.444+0900][2.420s][info][gc,marking  ] GC(119) Concurrent Clear Claimed Marks
[2026-03-23T17:27:49.444+0900][2.420s][info][gc,marking  ] GC(119) Concurrent Clear Claimed Marks 0.045ms
[2026-03-23T17:27:49.445+0900][2.420s][info][gc,marking  ] GC(119) Concurrent Cleanup for Next Mark
[2026-03-23T17:27:49.445+0900][2.420s][info][gc,marking  ] GC(119) Concurrent Cleanup for Next Mark 0.076ms
[2026-03-23T17:27:49.445+0900][2.420s][info][gc          ] GC(119) Concurrent Undo Cycle 0.305ms
[2026-03-23T17:27:49.451+0900][2.427s][info][gc,start    ] GC(120) Pause Young (Concurrent Start) (G1 Humongous Allocation)
[2026-03-23T17:27:49.451+0900][2.427s][info][gc,task     ] GC(120) Using 7 workers of 11 for evacuation
[2026-03-23T17:27:49.452+0900][2.428s][info][gc,phases   ] GC(120)   Pre Evacuate Collection Set: 0.31ms
[2026-03-23T17:27:49.452+0900][2.428s][info][gc,phases   ] GC(120)   Merge Heap Roots: 0.13ms
[2026-03-23T17:27:49.452+0900][2.428s][info][gc,phases   ] GC(120)   Evacuate Collection Set: 0.36ms
[2026-03-23T17:27:49.452+0900][2.428s][info][gc,phases   ] GC(120)   Post Evacuate Collection Set: 0.13ms
[2026-03-23T17:27:49.452+0900][2.428s][info][gc,phases   ] GC(120)   Other: 0.09ms
[2026-03-23T17:27:49.452+0900][2.428s][info][gc,heap     ] GC(120) Eden regions: 1->0(163)
[2026-03-23T17:27:49.452+0900][2.428s][info][gc,heap     ] GC(120) Survivor regions: 1->1(21)
[2026-03-23T17:27:49.452+0900][2.428s][info][gc,heap     ] GC(120) Old regions: 3->3
[2026-03-23T17:27:49.452+0900][2.428s][info][gc,heap     ] GC(120) Humongous regions: 144->141
[2026-03-23T17:27:49.452+0900][2.428s][info][gc,metaspace] GC(120) Metaspace: 235K(448K)->235K(448K) NonClass: 220K(320K)->220K(320K) Class: 14K(128K)->14K(128K)
[2026-03-23T17:27:49.452+0900][2.428s][info][gc          ] GC(120) Pause Young (Concurrent Start) (G1 Humongous Allocation) 145M->142M(325M) 1.401ms
[2026-03-23T17:27:49.452+0900][2.428s][info][gc,cpu      ] GC(120) User=0.00s Sys=0.00s Real=0.00s
[2026-03-23T17:27:49.452+0900][2.428s][info][gc          ] GC(121) Concurrent Undo Cycle
[2026-03-23T17:27:49.452+0900][2.428s][info][gc,marking  ] GC(121) Concurrent Clear Claimed Marks
[2026-03-23T17:27:49.452+0900][2.428s][info][gc,marking  ] GC(121) Concurrent Clear Claimed Marks 0.010ms
[2026-03-23T17:27:49.452+0900][2.428s][info][gc,marking  ] GC(121) Concurrent Cleanup for Next Mark
[2026-03-23T17:27:49.452+0900][2.428s][info][gc,marking  ] GC(121) Concurrent Cleanup for Next Mark 0.028ms
[2026-03-23T17:27:49.452+0900][2.428s][info][gc          ] GC(121) Concurrent Undo Cycle 0.090ms
[2026-03-23T17:27:49.459+0900][2.434s][info][gc,start    ] GC(122) Pause Young (Concurrent Start) (G1 Humongous Allocation)
[2026-03-23T17:27:49.459+0900][2.435s][info][gc,task     ] GC(122) Using 7 workers of 11 for evacuation
[2026-03-23T17:27:49.460+0900][2.435s][info][gc,phases   ] GC(122)   Pre Evacuate Collection Set: 0.15ms
[2026-03-23T17:27:49.460+0900][2.435s][info][gc,phases   ] GC(122)   Merge Heap Roots: 0.05ms
[2026-03-23T17:27:49.460+0900][2.435s][info][gc,phases   ] GC(122)   Evacuate Collection Set: 0.20ms
[2026-03-23T17:27:49.460+0900][2.435s][info][gc,phases   ] GC(122)   Post Evacuate Collection Set: 0.17ms
[2026-03-23T17:27:49.460+0900][2.435s][info][gc,phases   ] GC(122)   Other: 0.09ms
[2026-03-23T17:27:49.460+0900][2.435s][info][gc,heap     ] GC(122) Eden regions: 1->0(163)
[2026-03-23T17:27:49.460+0900][2.435s][info][gc,heap     ] GC(122) Survivor regions: 1->1(21)
[2026-03-23T17:27:49.460+0900][2.435s][info][gc,heap     ] GC(122) Old regions: 3->3
[2026-03-23T17:27:49.460+0900][2.435s][info][gc,heap     ] GC(122) Humongous regions: 144->141
[2026-03-23T17:27:49.460+0900][2.436s][info][gc,metaspace] GC(122) Metaspace: 235K(448K)->235K(448K) NonClass: 220K(320K)->220K(320K) Class: 14K(128K)->14K(128K)
[2026-03-23T17:27:49.460+0900][2.436s][info][gc          ] GC(122) Pause Young (Concurrent Start) (G1 Humongous Allocation) 145M->142M(325M) 1.067ms
[2026-03-23T17:27:49.460+0900][2.436s][info][gc,cpu      ] GC(122) User=0.00s Sys=0.00s Real=0.01s
[2026-03-23T17:27:49.460+0900][2.436s][info][gc          ] GC(123) Concurrent Undo Cycle
[2026-03-23T17:27:49.460+0900][2.436s][info][gc,marking  ] GC(123) Concurrent Clear Claimed Marks
[2026-03-23T17:27:49.460+0900][2.436s][info][gc,marking  ] GC(123) Concurrent Clear Claimed Marks 0.050ms
[2026-03-23T17:27:49.460+0900][2.436s][info][gc,marking  ] GC(123) Concurrent Cleanup for Next Mark
[2026-03-23T17:27:49.460+0900][2.436s][info][gc,marking  ] GC(123) Concurrent Cleanup for Next Mark 0.078ms
[2026-03-23T17:27:49.460+0900][2.436s][info][gc          ] GC(123) Concurrent Undo Cycle 0.349ms
[2026-03-23T17:27:49.467+0900][2.442s][info][gc,start    ] GC(124) Pause Young (Concurrent Start) (G1 Humongous Allocation)
[2026-03-23T17:27:49.467+0900][2.442s][info][gc,task     ] GC(124) Using 7 workers of 11 for evacuation
[2026-03-23T17:27:49.467+0900][2.443s][info][gc,phases   ] GC(124)   Pre Evacuate Collection Set: 0.15ms
[2026-03-23T17:27:49.467+0900][2.443s][info][gc,phases   ] GC(124)   Merge Heap Roots: 0.05ms
[2026-03-23T17:27:49.468+0900][2.443s][info][gc,phases   ] GC(124)   Evacuate Collection Set: 0.19ms
[2026-03-23T17:27:49.468+0900][2.443s][info][gc,phases   ] GC(124)   Post Evacuate Collection Set: 0.17ms
[2026-03-23T17:27:49.468+0900][2.443s][info][gc,phases   ] GC(124)   Other: 0.09ms
[2026-03-23T17:27:49.468+0900][2.443s][info][gc,heap     ] GC(124) Eden regions: 1->0(163)
[2026-03-23T17:27:49.468+0900][2.443s][info][gc,heap     ] GC(124) Survivor regions: 1->1(21)
[2026-03-23T17:27:49.468+0900][2.443s][info][gc,heap     ] GC(124) Old regions: 3->3
[2026-03-23T17:27:49.468+0900][2.443s][info][gc,heap     ] GC(124) Humongous regions: 144->141
[2026-03-23T17:27:49.468+0900][2.443s][info][gc,metaspace] GC(124) Metaspace: 235K(448K)->235K(448K) NonClass: 220K(320K)->220K(320K) Class: 14K(128K)->14K(128K)
[2026-03-23T17:27:49.468+0900][2.443s][info][gc          ] GC(124) Pause Young (Concurrent Start) (G1 Humongous Allocation) 145M->142M(325M) 1.210ms
[2026-03-23T17:27:49.468+0900][2.444s][info][gc,cpu      ] GC(124) User=0.00s Sys=0.00s Real=0.00s
[2026-03-23T17:27:49.468+0900][2.444s][info][gc          ] GC(125) Concurrent Undo Cycle
[2026-03-23T17:27:49.468+0900][2.444s][info][gc,marking  ] GC(125) Concurrent Clear Claimed Marks
[2026-03-23T17:27:49.468+0900][2.444s][info][gc,marking  ] GC(125) Concurrent Clear Claimed Marks 0.073ms
[2026-03-23T17:27:49.468+0900][2.444s][info][gc,marking  ] GC(125) Concurrent Cleanup for Next Mark
[2026-03-23T17:27:49.469+0900][2.444s][info][gc,marking  ] GC(125) Concurrent Cleanup for Next Mark 0.080ms
[2026-03-23T17:27:49.469+0900][2.444s][info][gc          ] GC(125) Concurrent Undo Cycle 0.339ms
[2026-03-23T17:27:49.469+0900][2.444s][info][gc,start    ] GC(126) Pause Young (Concurrent Start) (G1 Humongous Allocation)
[2026-03-23T17:27:49.469+0900][2.445s][info][gc,task     ] GC(126) Using 7 workers of 11 for evacuation
[2026-03-23T17:27:49.470+0900][2.445s][info][gc,phases   ] GC(126)   Pre Evacuate Collection Set: 0.17ms
[2026-03-23T17:27:49.470+0900][2.446s][info][gc,phases   ] GC(126)   Merge Heap Roots: 0.06ms
[2026-03-23T17:27:49.470+0900][2.446s][info][gc,phases   ] GC(126)   Evacuate Collection Set: 0.23ms
[2026-03-23T17:27:49.470+0900][2.446s][info][gc,phases   ] GC(126)   Post Evacuate Collection Set: 0.25ms
[2026-03-23T17:27:49.470+0900][2.446s][info][gc,phases   ] GC(126)   Other: 0.35ms
[2026-03-23T17:27:49.470+0900][2.446s][info][gc,heap     ] GC(126) Eden regions: 1->0(167)
[2026-03-23T17:27:49.470+0900][2.446s][info][gc,heap     ] GC(126) Survivor regions: 1->1(21)
[2026-03-23T17:27:49.470+0900][2.446s][info][gc,heap     ] GC(126) Old regions: 3->3
[2026-03-23T17:27:49.470+0900][2.446s][info][gc,heap     ] GC(126) Humongous regions: 144->144
[2026-03-23T17:27:49.470+0900][2.446s][info][gc,metaspace] GC(126) Metaspace: 235K(448K)->235K(448K) NonClass: 220K(320K)->220K(320K) Class: 14K(128K)->14K(128K)
[2026-03-23T17:27:49.470+0900][2.446s][info][gc          ] GC(126) Pause Young (Concurrent Start) (G1 Humongous Allocation) 145M->145M(333M) 1.557ms
[2026-03-23T17:27:49.470+0900][2.446s][info][gc,cpu      ] GC(126) User=0.00s Sys=0.00s Real=0.01s
[2026-03-23T17:27:49.470+0900][2.446s][info][gc          ] GC(127) Concurrent Undo Cycle
[2026-03-23T17:27:49.470+0900][2.446s][info][gc,marking  ] GC(127) Concurrent Clear Claimed Marks
[2026-03-23T17:27:49.470+0900][2.446s][info][gc,marking  ] GC(127) Concurrent Clear Claimed Marks 0.027ms
[2026-03-23T17:27:49.470+0900][2.446s][info][gc,marking  ] GC(127) Concurrent Cleanup for Next Mark
[2026-03-23T17:27:49.470+0900][2.446s][info][gc,marking  ] GC(127) Concurrent Cleanup for Next Mark 0.061ms
[2026-03-23T17:27:49.470+0900][2.446s][info][gc          ] GC(127) Concurrent Undo Cycle 0.239ms
[2026-03-23T17:27:49.477+0900][2.453s][info][gc,start    ] GC(128) Pause Young (Concurrent Start) (G1 Humongous Allocation)
[2026-03-23T17:27:49.477+0900][2.453s][info][gc,task     ] GC(128) Using 8 workers of 11 for evacuation
[2026-03-23T17:27:49.478+0900][2.453s][info][gc,phases   ] GC(128)   Pre Evacuate Collection Set: 0.13ms
[2026-03-23T17:27:49.478+0900][2.453s][info][gc,phases   ] GC(128)   Merge Heap Roots: 0.05ms
[2026-03-23T17:27:49.478+0900][2.453s][info][gc,phases   ] GC(128)   Evacuate Collection Set: 0.17ms
[2026-03-23T17:27:49.478+0900][2.454s][info][gc,phases   ] GC(128)   Post Evacuate Collection Set: 0.13ms
[2026-03-23T17:27:49.478+0900][2.454s][info][gc,phases   ] GC(128)   Other: 0.25ms
[2026-03-23T17:27:49.478+0900][2.454s][info][gc,heap     ] GC(128) Eden regions: 1->0(167)
[2026-03-23T17:27:49.478+0900][2.454s][info][gc,heap     ] GC(128) Survivor regions: 1->1(21)
[2026-03-23T17:27:49.478+0900][2.454s][info][gc,heap     ] GC(128) Old regions: 3->3
[2026-03-23T17:27:49.478+0900][2.454s][info][gc,heap     ] GC(128) Humongous regions: 147->144
[2026-03-23T17:27:49.478+0900][2.454s][info][gc,metaspace] GC(128) Metaspace: 235K(448K)->235K(448K) NonClass: 220K(320K)->220K(320K) Class: 14K(128K)->14K(128K)
[2026-03-23T17:27:49.478+0900][2.454s][info][gc          ] GC(128) Pause Young (Concurrent Start) (G1 Humongous Allocation) 148M->145M(333M) 1.116ms
[2026-03-23T17:27:49.478+0900][2.454s][info][gc,cpu      ] GC(128) User=0.01s Sys=0.01s Real=0.00s
[2026-03-23T17:27:49.478+0900][2.454s][info][gc          ] GC(129) Concurrent Undo Cycle
[2026-03-23T17:27:49.478+0900][2.454s][info][gc,marking  ] GC(129) Concurrent Clear Claimed Marks
[2026-03-23T17:27:49.478+0900][2.454s][info][gc,marking  ] GC(129) Concurrent Clear Claimed Marks 0.040ms
[2026-03-23T17:27:49.478+0900][2.454s][info][gc,marking  ] GC(129) Concurrent Cleanup for Next Mark
[2026-03-23T17:27:49.478+0900][2.454s][info][gc,marking  ] GC(129) Concurrent Cleanup for Next Mark 0.067ms
[2026-03-23T17:27:49.478+0900][2.454s][info][gc          ] GC(129) Concurrent Undo Cycle 0.276ms
[2026-03-23T17:27:49.485+0900][2.460s][info][gc,start    ] GC(130) Pause Young (Concurrent Start) (G1 Humongous Allocation)
[2026-03-23T17:27:49.485+0900][2.460s][info][gc,task     ] GC(130) Using 8 workers of 11 for evacuation
[2026-03-23T17:27:49.485+0900][2.461s][info][gc,phases   ] GC(130)   Pre Evacuate Collection Set: 0.13ms
[2026-03-23T17:27:49.485+0900][2.461s][info][gc,phases   ] GC(130)   Merge Heap Roots: 0.03ms
[2026-03-23T17:27:49.485+0900][2.461s][info][gc,phases   ] GC(130)   Evacuate Collection Set: 0.16ms
[2026-03-23T17:27:49.485+0900][2.461s][info][gc,phases   ] GC(130)   Post Evacuate Collection Set: 0.17ms
[2026-03-23T17:27:49.486+0900][2.461s][info][gc,phases   ] GC(130)   Other: 0.08ms
[2026-03-23T17:27:49.486+0900][2.461s][info][gc,heap     ] GC(130) Eden regions: 1->0(167)
[2026-03-23T17:27:49.486+0900][2.461s][info][gc,heap     ] GC(130) Survivor regions: 1->1(21)
[2026-03-23T17:27:49.486+0900][2.461s][info][gc,heap     ] GC(130) Old regions: 3->3
[2026-03-23T17:27:49.486+0900][2.461s][info][gc,heap     ] GC(130) Humongous regions: 147->144
[2026-03-23T17:27:49.486+0900][2.461s][info][gc,metaspace] GC(130) Metaspace: 235K(448K)->235K(448K) NonClass: 220K(320K)->220K(320K) Class: 14K(128K)->14K(128K)
[2026-03-23T17:27:49.486+0900][2.461s][info][gc          ] GC(130) Pause Young (Concurrent Start) (G1 Humongous Allocation) 148M->145M(333M) 0.968ms
[2026-03-23T17:27:49.486+0900][2.461s][info][gc,cpu      ] GC(130) User=0.00s Sys=0.00s Real=0.00s
[2026-03-23T17:27:49.486+0900][2.461s][info][gc          ] GC(131) Concurrent Undo Cycle
[2026-03-23T17:27:49.486+0900][2.461s][info][gc,marking  ] GC(131) Concurrent Clear Claimed Marks
[2026-03-23T17:27:49.486+0900][2.461s][info][gc,marking  ] GC(131) Concurrent Clear Claimed Marks 0.041ms
[2026-03-23T17:27:49.486+0900][2.462s][info][gc,marking  ] GC(131) Concurrent Cleanup for Next Mark
[2026-03-23T17:27:49.486+0900][2.462s][info][gc,marking  ] GC(131) Concurrent Cleanup for Next Mark 0.080ms
[2026-03-23T17:27:49.486+0900][2.462s][info][gc          ] GC(131) Concurrent Undo Cycle 0.318ms
[2026-03-23T17:27:49.492+0900][2.468s][info][gc,start    ] GC(132) Pause Young (Concurrent Start) (G1 Humongous Allocation)
[2026-03-23T17:27:49.492+0900][2.468s][info][gc,task     ] GC(132) Using 8 workers of 11 for evacuation
[2026-03-23T17:27:49.493+0900][2.469s][info][gc,phases   ] GC(132)   Pre Evacuate Collection Set: 0.15ms
[2026-03-23T17:27:49.493+0900][2.469s][info][gc,phases   ] GC(132)   Merge Heap Roots: 0.05ms
[2026-03-23T17:27:49.493+0900][2.469s][info][gc,phases   ] GC(132)   Evacuate Collection Set: 0.20ms
[2026-03-23T17:27:49.493+0900][2.469s][info][gc,phases   ] GC(132)   Post Evacuate Collection Set: 0.18ms
[2026-03-23T17:27:49.493+0900][2.469s][info][gc,phases   ] GC(132)   Other: 0.09ms
[2026-03-23T17:27:49.493+0900][2.469s][info][gc,heap     ] GC(132) Eden regions: 1->0(167)
[2026-03-23T17:27:49.493+0900][2.469s][info][gc,heap     ] GC(132) Survivor regions: 1->1(21)
[2026-03-23T17:27:49.493+0900][2.469s][info][gc,heap     ] GC(132) Old regions: 3->3
[2026-03-23T17:27:49.493+0900][2.469s][info][gc,heap     ] GC(132) Humongous regions: 147->144
[2026-03-23T17:27:49.493+0900][2.469s][info][gc,metaspace] GC(132) Metaspace: 235K(448K)->235K(448K) NonClass: 220K(320K)->220K(320K) Class: 14K(128K)->14K(128K)
[2026-03-23T17:27:49.493+0900][2.469s][info][gc          ] GC(132) Pause Young (Concurrent Start) (G1 Humongous Allocation) 148M->145M(333M) 1.097ms
[2026-03-23T17:27:49.494+0900][2.469s][info][gc,cpu      ] GC(132) User=0.00s Sys=0.00s Real=0.00s
[2026-03-23T17:27:49.494+0900][2.469s][info][gc          ] GC(133) Concurrent Undo Cycle
[2026-03-23T17:27:49.494+0900][2.469s][info][gc,marking  ] GC(133) Concurrent Clear Claimed Marks
[2026-03-23T17:27:49.494+0900][2.469s][info][gc,marking  ] GC(133) Concurrent Clear Claimed Marks 0.041ms
[2026-03-23T17:27:49.494+0900][2.469s][info][gc,marking  ] GC(133) Concurrent Cleanup for Next Mark
[2026-03-23T17:27:49.494+0900][2.469s][info][gc,marking  ] GC(133) Concurrent Cleanup for Next Mark 0.077ms
[2026-03-23T17:27:49.494+0900][2.469s][info][gc          ] GC(133) Concurrent Undo Cycle 0.304ms
[2026-03-23T17:27:49.500+0900][2.476s][info][gc,start    ] GC(134) Pause Young (Concurrent Start) (G1 Humongous Allocation)
[2026-03-23T17:27:49.500+0900][2.476s][info][gc,task     ] GC(134) Using 8 workers of 11 for evacuation
[2026-03-23T17:27:49.501+0900][2.476s][info][gc,phases   ] GC(134)   Pre Evacuate Collection Set: 0.16ms
[2026-03-23T17:27:49.501+0900][2.477s][info][gc,phases   ] GC(134)   Merge Heap Roots: 0.05ms
[2026-03-23T17:27:49.501+0900][2.477s][info][gc,phases   ] GC(134)   Evacuate Collection Set: 0.17ms
[2026-03-23T17:27:49.501+0900][2.477s][info][gc,phases   ] GC(134)   Post Evacuate Collection Set: 0.17ms
[2026-03-23T17:27:49.501+0900][2.477s][info][gc,phases   ] GC(134)   Other: 0.09ms
[2026-03-23T17:27:49.501+0900][2.477s][info][gc,heap     ] GC(134) Eden regions: 1->0(167)
[2026-03-23T17:27:49.501+0900][2.477s][info][gc,heap     ] GC(134) Survivor regions: 1->1(21)
[2026-03-23T17:27:49.501+0900][2.477s][info][gc,heap     ] GC(134) Old regions: 3->3
[2026-03-23T17:27:49.501+0900][2.477s][info][gc,heap     ] GC(134) Humongous regions: 147->144
[2026-03-23T17:27:49.501+0900][2.477s][info][gc,metaspace] GC(134) Metaspace: 235K(448K)->235K(448K) NonClass: 220K(320K)->220K(320K) Class: 14K(128K)->14K(128K)
[2026-03-23T17:27:49.501+0900][2.477s][info][gc          ] GC(134) Pause Young (Concurrent Start) (G1 Humongous Allocation) 148M->145M(333M) 1.008ms
[2026-03-23T17:27:49.501+0900][2.477s][info][gc,cpu      ] GC(134) User=0.00s Sys=0.00s Real=0.00s
[2026-03-23T17:27:49.501+0900][2.477s][info][gc          ] GC(135) Concurrent Undo Cycle
[2026-03-23T17:27:49.501+0900][2.477s][info][gc,marking  ] GC(135) Concurrent Clear Claimed Marks
[2026-03-23T17:27:49.501+0900][2.477s][info][gc,marking  ] GC(135) Concurrent Clear Claimed Marks 0.049ms
[2026-03-23T17:27:49.501+0900][2.477s][info][gc,marking  ] GC(135) Concurrent Cleanup for Next Mark
[2026-03-23T17:27:49.502+0900][2.477s][info][gc,marking  ] GC(135) Concurrent Cleanup for Next Mark 0.090ms
[2026-03-23T17:27:49.502+0900][2.477s][info][gc          ] GC(135) Concurrent Undo Cycle 0.356ms
[2026-03-23T17:27:49.508+0900][2.483s][info][gc,start    ] GC(136) Pause Young (Concurrent Start) (G1 Humongous Allocation)
[2026-03-23T17:27:49.508+0900][2.484s][info][gc,task     ] GC(136) Using 8 workers of 11 for evacuation
[2026-03-23T17:27:49.509+0900][2.484s][info][gc,phases   ] GC(136)   Pre Evacuate Collection Set: 0.17ms
[2026-03-23T17:27:49.509+0900][2.484s][info][gc,phases   ] GC(136)   Merge Heap Roots: 0.06ms
[2026-03-23T17:27:49.509+0900][2.484s][info][gc,phases   ] GC(136)   Evacuate Collection Set: 0.20ms
[2026-03-23T17:27:49.509+0900][2.484s][info][gc,phases   ] GC(136)   Post Evacuate Collection Set: 0.16ms
[2026-03-23T17:27:49.509+0900][2.484s][info][gc,phases   ] GC(136)   Other: 0.09ms
[2026-03-23T17:27:49.509+0900][2.484s][info][gc,heap     ] GC(136) Eden regions: 1->0(167)
[2026-03-23T17:27:49.509+0900][2.484s][info][gc,heap     ] GC(136) Survivor regions: 1->1(21)
[2026-03-23T17:27:49.509+0900][2.484s][info][gc,heap     ] GC(136) Old regions: 3->3
[2026-03-23T17:27:49.509+0900][2.484s][info][gc,heap     ] GC(136) Humongous regions: 147->144
[2026-03-23T17:27:49.509+0900][2.484s][info][gc,metaspace] GC(136) Metaspace: 235K(448K)->235K(448K) NonClass: 220K(320K)->220K(320K) Class: 14K(128K)->14K(128K)
[2026-03-23T17:27:49.509+0900][2.485s][info][gc          ] GC(136) Pause Young (Concurrent Start) (G1 Humongous Allocation) 148M->145M(333M) 1.083ms
[2026-03-23T17:27:49.509+0900][2.485s][info][gc,cpu      ] GC(136) User=0.00s Sys=0.00s Real=0.00s
[2026-03-23T17:27:49.509+0900][2.485s][info][gc          ] GC(137) Concurrent Undo Cycle
[2026-03-23T17:27:49.509+0900][2.485s][info][gc,marking  ] GC(137) Concurrent Clear Claimed Marks
[2026-03-23T17:27:49.509+0900][2.485s][info][gc,marking  ] GC(137) Concurrent Clear Claimed Marks 0.045ms
[2026-03-23T17:27:49.509+0900][2.485s][info][gc,marking  ] GC(137) Concurrent Cleanup for Next Mark
[2026-03-23T17:27:49.509+0900][2.485s][info][gc,marking  ] GC(137) Concurrent Cleanup for Next Mark 0.087ms
[2026-03-23T17:27:49.509+0900][2.485s][info][gc          ] GC(137) Concurrent Undo Cycle 0.359ms
[2026-03-23T17:27:49.516+0900][2.491s][info][gc,start    ] GC(138) Pause Young (Concurrent Start) (G1 Humongous Allocation)
[2026-03-23T17:27:49.516+0900][2.491s][info][gc,task     ] GC(138) Using 8 workers of 11 for evacuation
[2026-03-23T17:27:49.516+0900][2.492s][info][gc,phases   ] GC(138)   Pre Evacuate Collection Set: 0.21ms
[2026-03-23T17:27:49.516+0900][2.492s][info][gc,phases   ] GC(138)   Merge Heap Roots: 0.04ms
[2026-03-23T17:27:49.516+0900][2.492s][info][gc,phases   ] GC(138)   Evacuate Collection Set: 0.15ms
[2026-03-23T17:27:49.516+0900][2.492s][info][gc,phases   ] GC(138)   Post Evacuate Collection Set: 0.13ms
[2026-03-23T17:27:49.516+0900][2.492s][info][gc,phases   ] GC(138)   Other: 0.09ms
[2026-03-23T17:27:49.517+0900][2.492s][info][gc,heap     ] GC(138) Eden regions: 1->0(167)
[2026-03-23T17:27:49.517+0900][2.492s][info][gc,heap     ] GC(138) Survivor regions: 1->1(21)
[2026-03-23T17:27:49.517+0900][2.492s][info][gc,heap     ] GC(138) Old regions: 3->3
[2026-03-23T17:27:49.517+0900][2.492s][info][gc,heap     ] GC(138) Humongous regions: 147->144
[2026-03-23T17:27:49.517+0900][2.492s][info][gc,metaspace] GC(138) Metaspace: 235K(448K)->235K(448K) NonClass: 220K(320K)->220K(320K) Class: 14K(128K)->14K(128K)
[2026-03-23T17:27:49.517+0900][2.492s][info][gc          ] GC(138) Pause Young (Concurrent Start) (G1 Humongous Allocation) 148M->145M(333M) 0.951ms
[2026-03-23T17:27:49.517+0900][2.492s][info][gc,cpu      ] GC(138) User=0.00s Sys=0.00s Real=0.00s
[2026-03-23T17:27:49.517+0900][2.492s][info][gc          ] GC(139) Concurrent Undo Cycle
[2026-03-23T17:27:49.517+0900][2.492s][info][gc,marking  ] GC(139) Concurrent Clear Claimed Marks
[2026-03-23T17:27:49.517+0900][2.492s][info][gc,marking  ] GC(139) Concurrent Clear Claimed Marks 0.037ms
[2026-03-23T17:27:49.517+0900][2.492s][info][gc,marking  ] GC(139) Concurrent Cleanup for Next Mark
[2026-03-23T17:27:49.517+0900][2.492s][info][gc,marking  ] GC(139) Concurrent Cleanup for Next Mark 0.066ms
[2026-03-23T17:27:49.517+0900][2.492s][info][gc          ] GC(139) Concurrent Undo Cycle 0.265ms
[2026-03-23T17:27:49.523+0900][2.499s][info][gc,start    ] GC(140) Pause Young (Concurrent Start) (G1 Humongous Allocation)
[2026-03-23T17:27:49.523+0900][2.499s][info][gc,task     ] GC(140) Using 8 workers of 11 for evacuation
[2026-03-23T17:27:49.524+0900][2.499s][info][gc,phases   ] GC(140)   Pre Evacuate Collection Set: 0.11ms
[2026-03-23T17:27:49.524+0900][2.499s][info][gc,phases   ] GC(140)   Merge Heap Roots: 0.04ms
[2026-03-23T17:27:49.524+0900][2.499s][info][gc,phases   ] GC(140)   Evacuate Collection Set: 0.16ms
[2026-03-23T17:27:49.524+0900][2.500s][info][gc,phases   ] GC(140)   Post Evacuate Collection Set: 0.12ms
[2026-03-23T17:27:49.524+0900][2.500s][info][gc,phases   ] GC(140)   Other: 0.07ms
[2026-03-23T17:27:49.524+0900][2.500s][info][gc,heap     ] GC(140) Eden regions: 1->0(167)
[2026-03-23T17:27:49.524+0900][2.500s][info][gc,heap     ] GC(140) Survivor regions: 1->1(21)
[2026-03-23T17:27:49.524+0900][2.500s][info][gc,heap     ] GC(140) Old regions: 3->3
[2026-03-23T17:27:49.524+0900][2.500s][info][gc,heap     ] GC(140) Humongous regions: 147->144
[2026-03-23T17:27:49.524+0900][2.500s][info][gc,metaspace] GC(140) Metaspace: 235K(448K)->235K(448K) NonClass: 220K(320K)->220K(320K) Class: 14K(128K)->14K(128K)
[2026-03-23T17:27:49.524+0900][2.500s][info][gc          ] GC(140) Pause Young (Concurrent Start) (G1 Humongous Allocation) 148M->145M(333M) 0.921ms
[2026-03-23T17:27:49.524+0900][2.500s][info][gc,cpu      ] GC(140) User=0.00s Sys=0.00s Real=0.00s
[2026-03-23T17:27:49.524+0900][2.500s][info][gc          ] GC(141) Concurrent Undo Cycle
[2026-03-23T17:27:49.524+0900][2.500s][info][gc,marking  ] GC(141) Concurrent Clear Claimed Marks
[2026-03-23T17:27:49.524+0900][2.500s][info][gc,marking  ] GC(141) Concurrent Clear Claimed Marks 0.030ms
[2026-03-23T17:27:49.524+0900][2.500s][info][gc,marking  ] GC(141) Concurrent Cleanup for Next Mark
[2026-03-23T17:27:49.524+0900][2.500s][info][gc,marking  ] GC(141) Concurrent Cleanup for Next Mark 0.056ms
[2026-03-23T17:27:49.524+0900][2.500s][info][gc          ] GC(141) Concurrent Undo Cycle 0.214ms
[2026-03-23T17:27:49.531+0900][2.506s][info][gc,start    ] GC(142) Pause Young (Concurrent Start) (G1 Humongous Allocation)
[2026-03-23T17:27:49.531+0900][2.506s][info][gc,task     ] GC(142) Using 8 workers of 11 for evacuation
[2026-03-23T17:27:49.532+0900][2.507s][info][gc,phases   ] GC(142)   Pre Evacuate Collection Set: 0.52ms
[2026-03-23T17:27:49.532+0900][2.507s][info][gc,phases   ] GC(142)   Merge Heap Roots: 0.07ms
[2026-03-23T17:27:49.532+0900][2.507s][info][gc,phases   ] GC(142)   Evacuate Collection Set: 0.15ms
[2026-03-23T17:27:49.532+0900][2.507s][info][gc,phases   ] GC(142)   Post Evacuate Collection Set: 0.13ms
[2026-03-23T17:27:49.532+0900][2.508s][info][gc,phases   ] GC(142)   Other: 0.16ms
[2026-03-23T17:27:49.532+0900][2.508s][info][gc,heap     ] GC(142) Eden regions: 1->0(167)
[2026-03-23T17:27:49.532+0900][2.508s][info][gc,heap     ] GC(142) Survivor regions: 1->1(21)
[2026-03-23T17:27:49.532+0900][2.508s][info][gc,heap     ] GC(142) Old regions: 3->3
[2026-03-23T17:27:49.532+0900][2.508s][info][gc,heap     ] GC(142) Humongous regions: 147->144
[2026-03-23T17:27:49.532+0900][2.508s][info][gc,metaspace] GC(142) Metaspace: 235K(448K)->235K(448K) NonClass: 220K(320K)->220K(320K) Class: 14K(128K)->14K(128K)
[2026-03-23T17:27:49.532+0900][2.508s][info][gc          ] GC(142) Pause Young (Concurrent Start) (G1 Humongous Allocation) 148M->145M(333M) 1.388ms
[2026-03-23T17:27:49.532+0900][2.508s][info][gc,cpu      ] GC(142) User=0.00s Sys=0.01s Real=0.00s
[2026-03-23T17:27:49.532+0900][2.508s][info][gc          ] GC(143) Concurrent Undo Cycle
[2026-03-23T17:27:49.532+0900][2.508s][info][gc,marking  ] GC(143) Concurrent Clear Claimed Marks
[2026-03-23T17:27:49.532+0900][2.508s][info][gc,marking  ] GC(143) Concurrent Clear Claimed Marks 0.035ms
[2026-03-23T17:27:49.532+0900][2.508s][info][gc,marking  ] GC(143) Concurrent Cleanup for Next Mark
[2026-03-23T17:27:49.532+0900][2.508s][info][gc,marking  ] GC(143) Concurrent Cleanup for Next Mark 0.085ms
[2026-03-23T17:27:49.532+0900][2.508s][info][gc          ] GC(143) Concurrent Undo Cycle 0.271ms
[2026-03-23T17:27:49.533+0900][2.508s][info][gc,start    ] GC(144) Pause Young (Concurrent Start) (G1 Humongous Allocation)
[2026-03-23T17:27:49.533+0900][2.508s][info][gc,task     ] GC(144) Using 8 workers of 11 for evacuation
[2026-03-23T17:27:49.533+0900][2.509s][info][gc,phases   ] GC(144)   Pre Evacuate Collection Set: 0.13ms
[2026-03-23T17:27:49.533+0900][2.509s][info][gc,phases   ] GC(144)   Merge Heap Roots: 0.03ms
[2026-03-23T17:27:49.533+0900][2.509s][info][gc,phases   ] GC(144)   Evacuate Collection Set: 0.13ms
[2026-03-23T17:27:49.533+0900][2.509s][info][gc,phases   ] GC(144)   Post Evacuate Collection Set: 0.29ms
[2026-03-23T17:27:49.533+0900][2.509s][info][gc,phases   ] GC(144)   Other: 0.06ms
[2026-03-23T17:27:49.533+0900][2.509s][info][gc,heap     ] GC(144) Eden regions: 1->0(196)
[2026-03-23T17:27:49.533+0900][2.509s][info][gc,heap     ] GC(144) Survivor regions: 1->1(21)
[2026-03-23T17:27:49.533+0900][2.509s][info][gc,heap     ] GC(144) Old regions: 3->3
[2026-03-23T17:27:49.533+0900][2.509s][info][gc,heap     ] GC(144) Humongous regions: 148->148
[2026-03-23T17:27:49.533+0900][2.509s][info][gc,metaspace] GC(144) Metaspace: 235K(448K)->235K(448K) NonClass: 220K(320K)->220K(320K) Class: 14K(128K)->14K(128K)
[2026-03-23T17:27:49.533+0900][2.509s][info][gc          ] GC(144) Pause Young (Concurrent Start) (G1 Humongous Allocation) 149M->149M(367M) 0.920ms
[2026-03-23T17:27:49.534+0900][2.509s][info][gc,cpu      ] GC(144) User=0.00s Sys=0.00s Real=0.00s
[2026-03-23T17:27:49.534+0900][2.509s][info][gc          ] GC(145) Concurrent Undo Cycle
[2026-03-23T17:27:49.534+0900][2.509s][info][gc,marking  ] GC(145) Concurrent Clear Claimed Marks
[2026-03-23T17:27:49.534+0900][2.509s][info][gc,marking  ] GC(145) Concurrent Clear Claimed Marks 0.041ms
[2026-03-23T17:27:49.534+0900][2.509s][info][gc,marking  ] GC(145) Concurrent Cleanup for Next Mark
[2026-03-23T17:27:49.534+0900][2.509s][info][gc,marking  ] GC(145) Concurrent Cleanup for Next Mark 0.049ms
[2026-03-23T17:27:49.534+0900][2.509s][info][gc          ] GC(145) Concurrent Undo Cycle 0.248ms
[2026-03-23T17:27:49.567+0900][2.543s][info][gc,start    ] GC(146) Pause Young (Concurrent Start) (G1 Humongous Allocation)
[2026-03-23T17:27:49.567+0900][2.543s][info][gc,task     ] GC(146) Using 8 workers of 11 for evacuation
[2026-03-23T17:27:49.568+0900][2.543s][info][gc,phases   ] GC(146)   Pre Evacuate Collection Set: 0.12ms
[2026-03-23T17:27:49.568+0900][2.543s][info][gc,phases   ] GC(146)   Merge Heap Roots: 0.03ms
[2026-03-23T17:27:49.568+0900][2.543s][info][gc,phases   ] GC(146)   Evacuate Collection Set: 0.18ms
[2026-03-23T17:27:49.568+0900][2.543s][info][gc,phases   ] GC(146)   Post Evacuate Collection Set: 0.12ms
[2026-03-23T17:27:49.568+0900][2.543s][info][gc,phases   ] GC(146)   Other: 0.08ms
[2026-03-23T17:27:49.568+0900][2.543s][info][gc,heap     ] GC(146) Eden regions: 1->0(197)
[2026-03-23T17:27:49.568+0900][2.544s][info][gc,heap     ] GC(146) Survivor regions: 1->1(25)
[2026-03-23T17:27:49.568+0900][2.544s][info][gc,heap     ] GC(146) Old regions: 3->3
[2026-03-23T17:27:49.568+0900][2.544s][info][gc,heap     ] GC(146) Humongous regions: 162->147
[2026-03-23T17:27:49.568+0900][2.544s][info][gc,metaspace] GC(146) Metaspace: 235K(448K)->235K(448K) NonClass: 220K(320K)->220K(320K) Class: 14K(128K)->14K(128K)
[2026-03-23T17:27:49.568+0900][2.544s][info][gc          ] GC(146) Pause Young (Concurrent Start) (G1 Humongous Allocation) 163M->148M(367M) 0.897ms
[2026-03-23T17:27:49.568+0900][2.544s][info][gc,cpu      ] GC(146) User=0.01s Sys=0.00s Real=0.00s
[2026-03-23T17:27:49.568+0900][2.544s][info][gc          ] GC(147) Concurrent Undo Cycle
[2026-03-23T17:27:49.568+0900][2.544s][info][gc,marking  ] GC(147) Concurrent Clear Claimed Marks
[2026-03-23T17:27:49.568+0900][2.544s][info][gc,marking  ] GC(147) Concurrent Clear Claimed Marks 0.053ms
[2026-03-23T17:27:49.568+0900][2.544s][info][gc,marking  ] GC(147) Concurrent Cleanup for Next Mark
[2026-03-23T17:27:49.568+0900][2.544s][info][gc,marking  ] GC(147) Concurrent Cleanup for Next Mark 0.086ms
[2026-03-23T17:27:49.568+0900][2.544s][info][gc          ] GC(147) Concurrent Undo Cycle 0.376ms
[2026-03-23T17:27:49.595+0900][2.571s][info][gc,start    ] GC(148) Pause Young (Concurrent Start) (G1 Humongous Allocation)
[2026-03-23T17:27:49.595+0900][2.571s][info][gc,task     ] GC(148) Using 8 workers of 11 for evacuation
[2026-03-23T17:27:49.596+0900][2.572s][info][gc,phases   ] GC(148)   Pre Evacuate Collection Set: 0.18ms
[2026-03-23T17:27:49.596+0900][2.572s][info][gc,phases   ] GC(148)   Merge Heap Roots: 0.05ms
[2026-03-23T17:27:49.596+0900][2.572s][info][gc,phases   ] GC(148)   Evacuate Collection Set: 0.31ms
[2026-03-23T17:27:49.596+0900][2.572s][info][gc,phases   ] GC(148)   Post Evacuate Collection Set: 0.21ms
[2026-03-23T17:27:49.596+0900][2.572s][info][gc,phases   ] GC(148)   Other: 0.12ms
[2026-03-23T17:27:49.596+0900][2.572s][info][gc,heap     ] GC(148) Eden regions: 1->0(194)
[2026-03-23T17:27:49.596+0900][2.572s][info][gc,heap     ] GC(148) Survivor regions: 1->1(25)
[2026-03-23T17:27:49.596+0900][2.572s][info][gc,heap     ] GC(148) Old regions: 3->3
[2026-03-23T17:27:49.596+0900][2.572s][info][gc,heap     ] GC(148) Humongous regions: 162->150
[2026-03-23T17:27:49.596+0900][2.572s][info][gc,metaspace] GC(148) Metaspace: 235K(448K)->235K(448K) NonClass: 220K(320K)->220K(320K) Class: 14K(128K)->14K(128K)
[2026-03-23T17:27:49.596+0900][2.572s][info][gc          ] GC(148) Pause Young (Concurrent Start) (G1 Humongous Allocation) 163M->151M(367M) 1.343ms
[2026-03-23T17:27:49.596+0900][2.572s][info][gc,cpu      ] GC(148) User=0.00s Sys=0.00s Real=0.00s
[2026-03-23T17:27:49.596+0900][2.572s][info][gc          ] GC(149) Concurrent Undo Cycle
[2026-03-23T17:27:49.597+0900][2.572s][info][gc,marking  ] GC(149) Concurrent Clear Claimed Marks
[2026-03-23T17:27:49.597+0900][2.572s][info][gc,marking  ] GC(149) Concurrent Clear Claimed Marks 0.056ms
[2026-03-23T17:27:49.597+0900][2.572s][info][gc,marking  ] GC(149) Concurrent Cleanup for Next Mark
[2026-03-23T17:27:49.597+0900][2.572s][info][gc,marking  ] GC(149) Concurrent Cleanup for Next Mark 0.093ms
[2026-03-23T17:27:49.597+0900][2.572s][info][gc          ] GC(149) Concurrent Undo Cycle 0.377ms
[2026-03-23T17:27:49.622+0900][2.598s][info][gc,start    ] GC(150) Pause Young (Concurrent Start) (G1 Humongous Allocation)
[2026-03-23T17:27:49.622+0900][2.598s][info][gc,task     ] GC(150) Using 8 workers of 11 for evacuation
[2026-03-23T17:27:49.623+0900][2.599s][info][gc,phases   ] GC(150)   Pre Evacuate Collection Set: 0.15ms
[2026-03-23T17:27:49.623+0900][2.599s][info][gc,phases   ] GC(150)   Merge Heap Roots: 0.07ms
[2026-03-23T17:27:49.623+0900][2.599s][info][gc,phases   ] GC(150)   Evacuate Collection Set: 0.23ms
[2026-03-23T17:27:49.623+0900][2.599s][info][gc,phases   ] GC(150)   Post Evacuate Collection Set: 0.13ms
[2026-03-23T17:27:49.623+0900][2.599s][info][gc,phases   ] GC(150)   Other: 0.10ms
[2026-03-23T17:27:49.623+0900][2.599s][info][gc,heap     ] GC(150) Eden regions: 1->0(194)
[2026-03-23T17:27:49.623+0900][2.599s][info][gc,heap     ] GC(150) Survivor regions: 1->1(25)
[2026-03-23T17:27:49.623+0900][2.599s][info][gc,heap     ] GC(150) Old regions: 3->3
[2026-03-23T17:27:49.623+0900][2.599s][info][gc,heap     ] GC(150) Humongous regions: 162->150
[2026-03-23T17:27:49.623+0900][2.599s][info][gc,metaspace] GC(150) Metaspace: 235K(448K)->235K(448K) NonClass: 220K(320K)->220K(320K) Class: 14K(128K)->14K(128K)
[2026-03-23T17:27:49.623+0900][2.599s][info][gc          ] GC(150) Pause Young (Concurrent Start) (G1 Humongous Allocation) 163M->151M(367M) 1.025ms
[2026-03-23T17:27:49.623+0900][2.599s][info][gc,cpu      ] GC(150) User=0.00s Sys=0.00s Real=0.00s
[2026-03-23T17:27:49.623+0900][2.599s][info][gc          ] GC(151) Concurrent Undo Cycle
[2026-03-23T17:27:49.623+0900][2.599s][info][gc,marking  ] GC(151) Concurrent Clear Claimed Marks
[2026-03-23T17:27:49.623+0900][2.599s][info][gc,marking  ] GC(151) Concurrent Clear Claimed Marks 0.093ms
[2026-03-23T17:27:49.623+0900][2.599s][info][gc,marking  ] GC(151) Concurrent Cleanup for Next Mark
[2026-03-23T17:27:49.624+0900][2.599s][info][gc,marking  ] GC(151) Concurrent Cleanup for Next Mark 0.062ms
[2026-03-23T17:27:49.624+0900][2.599s][info][gc          ] GC(151) Concurrent Undo Cycle 0.305ms
[2026-03-23T17:27:49.643+0900][2.618s][info][gc,start    ] GC(152) Pause Young (Concurrent Start) (G1 Humongous Allocation)
[2026-03-23T17:27:49.643+0900][2.619s][info][gc,task     ] GC(152) Using 8 workers of 11 for evacuation
[2026-03-23T17:27:49.644+0900][2.619s][info][gc,phases   ] GC(152)   Pre Evacuate Collection Set: 0.21ms
[2026-03-23T17:27:49.644+0900][2.619s][info][gc,phases   ] GC(152)   Merge Heap Roots: 0.06ms
[2026-03-23T17:27:49.644+0900][2.619s][info][gc,phases   ] GC(152)   Evacuate Collection Set: 0.28ms
[2026-03-23T17:27:49.644+0900][2.619s][info][gc,phases   ] GC(152)   Post Evacuate Collection Set: 0.17ms
[2026-03-23T17:27:49.644+0900][2.620s][info][gc,phases   ] GC(152)   Other: 0.12ms
[2026-03-23T17:27:49.644+0900][2.620s][info][gc,heap     ] GC(152) Eden regions: 1->0(191)
[2026-03-23T17:27:49.644+0900][2.620s][info][gc,heap     ] GC(152) Survivor regions: 1->1(25)
[2026-03-23T17:27:49.644+0900][2.620s][info][gc,heap     ] GC(152) Old regions: 3->3
[2026-03-23T17:27:49.644+0900][2.620s][info][gc,heap     ] GC(152) Humongous regions: 162->153
[2026-03-23T17:27:49.644+0900][2.620s][info][gc,metaspace] GC(152) Metaspace: 235K(448K)->235K(448K) NonClass: 220K(320K)->220K(320K) Class: 14K(128K)->14K(128K)
[2026-03-23T17:27:49.644+0900][2.620s][info][gc          ] GC(152) Pause Young (Concurrent Start) (G1 Humongous Allocation) 163M->154M(367M) 1.266ms
[2026-03-23T17:27:49.644+0900][2.620s][info][gc,cpu      ] GC(152) User=0.00s Sys=0.00s Real=0.00s
[2026-03-23T17:27:49.644+0900][2.620s][info][gc          ] GC(153) Concurrent Undo Cycle
[2026-03-23T17:27:49.644+0900][2.620s][info][gc,marking  ] GC(153) Concurrent Clear Claimed Marks
[2026-03-23T17:27:49.644+0900][2.620s][info][gc,marking  ] GC(153) Concurrent Clear Claimed Marks 0.050ms
[2026-03-23T17:27:49.644+0900][2.620s][info][gc,marking  ] GC(153) Concurrent Cleanup for Next Mark
[2026-03-23T17:27:49.644+0900][2.620s][info][gc,marking  ] GC(153) Concurrent Cleanup for Next Mark 0.087ms
[2026-03-23T17:27:49.645+0900][2.620s][info][gc          ] GC(153) Concurrent Undo Cycle 0.335ms
[2026-03-23T17:27:49.664+0900][2.639s][info][gc,start    ] GC(154) Pause Young (Concurrent Start) (G1 Humongous Allocation)
[2026-03-23T17:27:49.664+0900][2.639s][info][gc,task     ] GC(154) Using 8 workers of 11 for evacuation
[2026-03-23T17:27:49.665+0900][2.640s][info][gc,phases   ] GC(154)   Pre Evacuate Collection Set: 0.35ms
[2026-03-23T17:27:49.665+0900][2.640s][info][gc,phases   ] GC(154)   Merge Heap Roots: 0.04ms
[2026-03-23T17:27:49.665+0900][2.640s][info][gc,phases   ] GC(154)   Evacuate Collection Set: 0.20ms
[2026-03-23T17:27:49.665+0900][2.640s][info][gc,phases   ] GC(154)   Post Evacuate Collection Set: 0.11ms
[2026-03-23T17:27:49.665+0900][2.641s][info][gc,phases   ] GC(154)   Other: 0.30ms
[2026-03-23T17:27:49.665+0900][2.641s][info][gc,heap     ] GC(154) Eden regions: 1->0(191)
[2026-03-23T17:27:49.665+0900][2.641s][info][gc,heap     ] GC(154) Survivor regions: 1->1(24)
[2026-03-23T17:27:49.665+0900][2.641s][info][gc,heap     ] GC(154) Old regions: 3->3
[2026-03-23T17:27:49.665+0900][2.641s][info][gc,heap     ] GC(154) Humongous regions: 162->153
[2026-03-23T17:27:49.665+0900][2.641s][info][gc,metaspace] GC(154) Metaspace: 235K(448K)->235K(448K) NonClass: 220K(320K)->220K(320K) Class: 14K(128K)->14K(128K)
[2026-03-23T17:27:49.665+0900][2.641s][info][gc          ] GC(154) Pause Young (Concurrent Start) (G1 Humongous Allocation) 163M->154M(367M) 1.484ms
[2026-03-23T17:27:49.665+0900][2.641s][info][gc,cpu      ] GC(154) User=0.00s Sys=0.01s Real=0.00s
[2026-03-23T17:27:49.666+0900][2.641s][info][gc          ] GC(155) Concurrent Undo Cycle
[2026-03-23T17:27:49.666+0900][2.641s][info][gc,marking  ] GC(155) Concurrent Clear Claimed Marks
[2026-03-23T17:27:49.666+0900][2.641s][info][gc,marking  ] GC(155) Concurrent Clear Claimed Marks 0.036ms
[2026-03-23T17:27:49.666+0900][2.641s][info][gc,marking  ] GC(155) Concurrent Cleanup for Next Mark
[2026-03-23T17:27:49.666+0900][2.641s][info][gc,marking  ] GC(155) Concurrent Cleanup for Next Mark 0.087ms
[2026-03-23T17:27:49.666+0900][2.641s][info][gc          ] GC(155) Concurrent Undo Cycle 0.306ms
[2026-03-23T17:27:49.687+0900][2.663s][info][gc,start    ] GC(156) Pause Young (Concurrent Start) (G1 Humongous Allocation)
[2026-03-23T17:27:49.687+0900][2.663s][info][gc,task     ] GC(156) Using 8 workers of 11 for evacuation
[2026-03-23T17:27:49.688+0900][2.663s][info][gc,phases   ] GC(156)   Pre Evacuate Collection Set: 0.09ms
[2026-03-23T17:27:49.688+0900][2.663s][info][gc,phases   ] GC(156)   Merge Heap Roots: 0.03ms
[2026-03-23T17:27:49.688+0900][2.663s][info][gc,phases   ] GC(156)   Evacuate Collection Set: 0.22ms
[2026-03-23T17:27:49.688+0900][2.663s][info][gc,phases   ] GC(156)   Post Evacuate Collection Set: 0.09ms
[2026-03-23T17:27:49.688+0900][2.663s][info][gc,phases   ] GC(156)   Other: 0.07ms
[2026-03-23T17:27:49.688+0900][2.663s][info][gc,heap     ] GC(156) Eden regions: 1->0(191)
[2026-03-23T17:27:49.688+0900][2.663s][info][gc,heap     ] GC(156) Survivor regions: 1->1(24)
[2026-03-23T17:27:49.688+0900][2.663s][info][gc,heap     ] GC(156) Old regions: 3->3
[2026-03-23T17:27:49.688+0900][2.663s][info][gc,heap     ] GC(156) Humongous regions: 162->153
[2026-03-23T17:27:49.688+0900][2.663s][info][gc,metaspace] GC(156) Metaspace: 235K(448K)->235K(448K) NonClass: 220K(320K)->220K(320K) Class: 14K(128K)->14K(128K)
[2026-03-23T17:27:49.688+0900][2.663s][info][gc          ] GC(156) Pause Young (Concurrent Start) (G1 Humongous Allocation) 163M->154M(367M) 0.871ms
[2026-03-23T17:27:49.688+0900][2.663s][info][gc          ] GC(157) Concurrent Undo Cycle
[2026-03-23T17:27:49.688+0900][2.663s][info][gc,cpu      ] GC(156) User=0.01s Sys=0.00s Real=0.00s
[2026-03-23T17:27:49.688+0900][2.663s][info][gc,marking  ] GC(157) Concurrent Clear Claimed Marks
[2026-03-23T17:27:49.688+0900][2.663s][info][gc,marking  ] GC(157) Concurrent Clear Claimed Marks 0.014ms
[2026-03-23T17:27:49.688+0900][2.663s][info][gc,marking  ] GC(157) Concurrent Cleanup for Next Mark
[2026-03-23T17:27:49.688+0900][2.664s][info][gc,marking  ] GC(157) Concurrent Cleanup for Next Mark 0.036ms
[2026-03-23T17:27:49.688+0900][2.664s][info][gc          ] GC(157) Concurrent Undo Cycle 0.110ms
[2026-03-23T17:27:49.701+0900][2.677s][info][gc,start    ] GC(158) Pause Young (Concurrent Start) (G1 Humongous Allocation)
[2026-03-23T17:27:49.702+0900][2.677s][info][gc,task     ] GC(158) Using 8 workers of 11 for evacuation
[2026-03-23T17:27:49.702+0900][2.678s][info][gc,phases   ] GC(158)   Pre Evacuate Collection Set: 0.18ms
[2026-03-23T17:27:49.702+0900][2.678s][info][gc,phases   ] GC(158)   Merge Heap Roots: 0.06ms
[2026-03-23T17:27:49.702+0900][2.678s][info][gc,phases   ] GC(158)   Evacuate Collection Set: 0.24ms
[2026-03-23T17:27:49.702+0900][2.678s][info][gc,phases   ] GC(158)   Post Evacuate Collection Set: 0.20ms
[2026-03-23T17:27:49.702+0900][2.678s][info][gc,phases   ] GC(158)   Other: 0.06ms
[2026-03-23T17:27:49.702+0900][2.678s][info][gc,heap     ] GC(158) Eden regions: 1->0(188)
[2026-03-23T17:27:49.702+0900][2.678s][info][gc,heap     ] GC(158) Survivor regions: 1->1(24)
[2026-03-23T17:27:49.702+0900][2.678s][info][gc,heap     ] GC(158) Old regions: 3->3
[2026-03-23T17:27:49.702+0900][2.678s][info][gc,heap     ] GC(158) Humongous regions: 162->156
[2026-03-23T17:27:49.702+0900][2.678s][info][gc,metaspace] GC(158) Metaspace: 235K(448K)->235K(448K) NonClass: 220K(320K)->220K(320K) Class: 14K(128K)->14K(128K)
[2026-03-23T17:27:49.702+0900][2.678s][info][gc          ] GC(158) Pause Young (Concurrent Start) (G1 Humongous Allocation) 163M->157M(367M) 0.971ms
[2026-03-23T17:27:49.702+0900][2.678s][info][gc          ] GC(159) Concurrent Undo Cycle
[2026-03-23T17:27:49.702+0900][2.678s][info][gc,cpu      ] GC(158) User=0.00s Sys=0.00s Real=0.00s
[2026-03-23T17:27:49.702+0900][2.678s][info][gc,marking  ] GC(159) Concurrent Clear Claimed Marks
[2026-03-23T17:27:49.702+0900][2.678s][info][gc,marking  ] GC(159) Concurrent Clear Claimed Marks 0.010ms
[2026-03-23T17:27:49.702+0900][2.678s][info][gc,marking  ] GC(159) Concurrent Cleanup for Next Mark
[2026-03-23T17:27:49.703+0900][2.678s][info][gc,marking  ] GC(159) Concurrent Cleanup for Next Mark 0.024ms
[2026-03-23T17:27:49.703+0900][2.678s][info][gc          ] GC(159) Concurrent Undo Cycle 0.079ms
[2026-03-23T17:27:49.715+0900][2.691s][info][gc,start    ] GC(160) Pause Young (Concurrent Start) (G1 Humongous Allocation)
[2026-03-23T17:27:49.716+0900][2.691s][info][gc,task     ] GC(160) Using 8 workers of 11 for evacuation
[2026-03-23T17:27:49.717+0900][2.692s][info][gc,phases   ] GC(160)   Pre Evacuate Collection Set: 0.23ms
[2026-03-23T17:27:49.717+0900][2.692s][info][gc,phases   ] GC(160)   Merge Heap Roots: 0.06ms
[2026-03-23T17:27:49.717+0900][2.692s][info][gc,phases   ] GC(160)   Evacuate Collection Set: 0.31ms
[2026-03-23T17:27:49.717+0900][2.692s][info][gc,phases   ] GC(160)   Post Evacuate Collection Set: 0.21ms
[2026-03-23T17:27:49.717+0900][2.692s][info][gc,phases   ] GC(160)   Other: 0.16ms
[2026-03-23T17:27:49.717+0900][2.692s][info][gc,heap     ] GC(160) Eden regions: 1->0(200)
[2026-03-23T17:27:49.717+0900][2.692s][info][gc,heap     ] GC(160) Survivor regions: 1->1(24)
[2026-03-23T17:27:49.717+0900][2.693s][info][gc,heap     ] GC(160) Old regions: 3->3
[2026-03-23T17:27:49.717+0900][2.693s][info][gc,heap     ] GC(160) Humongous regions: 162->144
[2026-03-23T17:27:49.717+0900][2.693s][info][gc,metaspace] GC(160) Metaspace: 235K(448K)->235K(448K) NonClass: 220K(320K)->220K(320K) Class: 14K(128K)->14K(128K)
[2026-03-23T17:27:49.717+0900][2.693s][info][gc          ] GC(160) Pause Young (Concurrent Start) (G1 Humongous Allocation) 163M->145M(367M) 1.622ms
[2026-03-23T17:27:49.717+0900][2.693s][info][gc,cpu      ] GC(160) User=0.00s Sys=0.00s Real=0.00s
[2026-03-23T17:27:49.717+0900][2.693s][info][gc          ] GC(161) Concurrent Undo Cycle
[2026-03-23T17:27:49.717+0900][2.693s][info][gc,marking  ] GC(161) Concurrent Clear Claimed Marks
[2026-03-23T17:27:49.717+0900][2.693s][info][gc,marking  ] GC(161) Concurrent Clear Claimed Marks 0.033ms
[2026-03-23T17:27:49.717+0900][2.693s][info][gc,marking  ] GC(161) Concurrent Cleanup for Next Mark
[2026-03-23T17:27:49.717+0900][2.693s][info][gc,marking  ] GC(161) Concurrent Cleanup for Next Mark 0.046ms
[2026-03-23T17:27:49.718+0900][2.693s][info][gc          ] GC(161) Concurrent Undo Cycle 0.344ms
[2026-03-23T17:27:49.757+0900][2.732s][info][gc,start    ] GC(162) Pause Young (Concurrent Start) (G1 Humongous Allocation)
[2026-03-23T17:27:49.757+0900][2.732s][info][gc,task     ] GC(162) Using 8 workers of 11 for evacuation
[2026-03-23T17:27:49.758+0900][2.733s][info][gc,phases   ] GC(162)   Pre Evacuate Collection Set: 0.19ms
[2026-03-23T17:27:49.758+0900][2.733s][info][gc,phases   ] GC(162)   Merge Heap Roots: 0.05ms
[2026-03-23T17:27:49.758+0900][2.733s][info][gc,phases   ] GC(162)   Evacuate Collection Set: 0.26ms
[2026-03-23T17:27:49.758+0900][2.733s][info][gc,phases   ] GC(162)   Post Evacuate Collection Set: 0.18ms
[2026-03-23T17:27:49.758+0900][2.733s][info][gc,phases   ] GC(162)   Other: 0.11ms
[2026-03-23T17:27:49.758+0900][2.733s][info][gc,heap     ] GC(162) Eden regions: 1->0(200)
[2026-03-23T17:27:49.758+0900][2.733s][info][gc,heap     ] GC(162) Survivor regions: 1->1(26)
[2026-03-23T17:27:49.758+0900][2.733s][info][gc,heap     ] GC(162) Old regions: 3->3
[2026-03-23T17:27:49.758+0900][2.733s][info][gc,heap     ] GC(162) Humongous regions: 162->144
[2026-03-23T17:27:49.758+0900][2.733s][info][gc,metaspace] GC(162) Metaspace: 235K(448K)->235K(448K) NonClass: 220K(320K)->220K(320K) Class: 14K(128K)->14K(128K)
[2026-03-23T17:27:49.758+0900][2.733s][info][gc          ] GC(162) Pause Young (Concurrent Start) (G1 Humongous Allocation) 163M->145M(367M) 1.237ms
[2026-03-23T17:27:49.758+0900][2.733s][info][gc,cpu      ] GC(162) User=0.00s Sys=0.00s Real=0.00s
[2026-03-23T17:27:49.758+0900][2.734s][info][gc          ] GC(163) Concurrent Undo Cycle
[2026-03-23T17:27:49.758+0900][2.734s][info][gc,marking  ] GC(163) Concurrent Clear Claimed Marks
[2026-03-23T17:27:49.758+0900][2.734s][info][gc,marking  ] GC(163) Concurrent Clear Claimed Marks 0.048ms
[2026-03-23T17:27:49.758+0900][2.734s][info][gc,marking  ] GC(163) Concurrent Cleanup for Next Mark
[2026-03-23T17:27:49.758+0900][2.734s][info][gc,marking  ] GC(163) Concurrent Cleanup for Next Mark 0.088ms
[2026-03-23T17:27:49.758+0900][2.734s][info][gc          ] GC(163) Concurrent Undo Cycle 0.326ms
[2026-03-23T17:27:49.790+0900][2.765s][info][gc,start    ] GC(164) Pause Young (Concurrent Start) (G1 Humongous Allocation)
[2026-03-23T17:27:49.790+0900][2.765s][info][gc,task     ] GC(164) Using 8 workers of 11 for evacuation
[2026-03-23T17:27:49.790+0900][2.766s][info][gc,phases   ] GC(164)   Pre Evacuate Collection Set: 0.13ms
[2026-03-23T17:27:49.790+0900][2.766s][info][gc,phases   ] GC(164)   Merge Heap Roots: 0.03ms
[2026-03-23T17:27:49.791+0900][2.766s][info][gc,phases   ] GC(164)   Evacuate Collection Set: 0.20ms
[2026-03-23T17:27:49.791+0900][2.766s][info][gc,phases   ] GC(164)   Post Evacuate Collection Set: 0.11ms
[2026-03-23T17:27:49.791+0900][2.766s][info][gc,phases   ] GC(164)   Other: 0.09ms
[2026-03-23T17:27:49.791+0900][2.766s][info][gc,heap     ] GC(164) Eden regions: 1->0(197)
[2026-03-23T17:27:49.791+0900][2.766s][info][gc,heap     ] GC(164) Survivor regions: 1->1(26)
[2026-03-23T17:27:49.791+0900][2.766s][info][gc,heap     ] GC(164) Old regions: 3->3
[2026-03-23T17:27:49.791+0900][2.766s][info][gc,heap     ] GC(164) Humongous regions: 162->147
[2026-03-23T17:27:49.791+0900][2.766s][info][gc,metaspace] GC(164) Metaspace: 235K(448K)->235K(448K) NonClass: 220K(320K)->220K(320K) Class: 14K(128K)->14K(128K)
[2026-03-23T17:27:49.791+0900][2.766s][info][gc          ] GC(164) Pause Young (Concurrent Start) (G1 Humongous Allocation) 163M->148M(367M) 0.844ms
[2026-03-23T17:27:49.791+0900][2.766s][info][gc,cpu      ] GC(164) User=0.00s Sys=0.00s Real=0.00s
[2026-03-23T17:27:49.791+0900][2.766s][info][gc          ] GC(165) Concurrent Undo Cycle
[2026-03-23T17:27:49.791+0900][2.766s][info][gc,marking  ] GC(165) Concurrent Clear Claimed Marks
[2026-03-23T17:27:49.791+0900][2.766s][info][gc,marking  ] GC(165) Concurrent Clear Claimed Marks 0.029ms
[2026-03-23T17:27:49.791+0900][2.766s][info][gc,marking  ] GC(165) Concurrent Cleanup for Next Mark
[2026-03-23T17:27:49.791+0900][2.766s][info][gc,marking  ] GC(165) Concurrent Cleanup for Next Mark 0.048ms
[2026-03-23T17:27:49.791+0900][2.766s][info][gc          ] GC(165) Concurrent Undo Cycle 0.198ms
[2026-03-23T17:27:49.817+0900][2.792s][info][gc,start    ] GC(166) Pause Young (Concurrent Start) (G1 Humongous Allocation)
[2026-03-23T17:27:49.817+0900][2.792s][info][gc,task     ] GC(166) Using 8 workers of 11 for evacuation
[2026-03-23T17:27:49.817+0900][2.793s][info][gc,phases   ] GC(166)   Pre Evacuate Collection Set: 0.16ms
[2026-03-23T17:27:49.817+0900][2.793s][info][gc,phases   ] GC(166)   Merge Heap Roots: 0.03ms
[2026-03-23T17:27:49.817+0900][2.793s][info][gc,phases   ] GC(166)   Evacuate Collection Set: 0.19ms
[2026-03-23T17:27:49.817+0900][2.793s][info][gc,phases   ] GC(166)   Post Evacuate Collection Set: 0.11ms
[2026-03-23T17:27:49.818+0900][2.793s][info][gc,phases   ] GC(166)   Other: 0.10ms
[2026-03-23T17:27:49.818+0900][2.793s][info][gc,heap     ] GC(166) Eden regions: 1->0(194)
[2026-03-23T17:27:49.818+0900][2.793s][info][gc,heap     ] GC(166) Survivor regions: 1->1(25)
[2026-03-23T17:27:49.818+0900][2.793s][info][gc,heap     ] GC(166) Old regions: 3->3
[2026-03-23T17:27:49.818+0900][2.793s][info][gc,heap     ] GC(166) Humongous regions: 162->150
[2026-03-23T17:27:49.818+0900][2.793s][info][gc,metaspace] GC(166) Metaspace: 235K(448K)->235K(448K) NonClass: 220K(320K)->220K(320K) Class: 14K(128K)->14K(128K)
[2026-03-23T17:27:49.818+0900][2.793s][info][gc          ] GC(166) Pause Young (Concurrent Start) (G1 Humongous Allocation) 163M->151M(367M) 0.913ms
[2026-03-23T17:27:49.818+0900][2.793s][info][gc,cpu      ] GC(166) User=0.00s Sys=0.00s Real=0.00s
[2026-03-23T17:27:49.818+0900][2.793s][info][gc          ] GC(167) Concurrent Undo Cycle
[2026-03-23T17:27:49.818+0900][2.793s][info][gc,marking  ] GC(167) Concurrent Clear Claimed Marks
[2026-03-23T17:27:49.818+0900][2.793s][info][gc,marking  ] GC(167) Concurrent Clear Claimed Marks 0.033ms
[2026-03-23T17:27:49.818+0900][2.793s][info][gc,marking  ] GC(167) Concurrent Cleanup for Next Mark
[2026-03-23T17:27:49.818+0900][2.793s][info][gc,marking  ] GC(167) Concurrent Cleanup for Next Mark 0.055ms
[2026-03-23T17:27:49.818+0900][2.794s][info][gc          ] GC(167) Concurrent Undo Cycle 0.257ms
[2026-03-23T17:27:49.843+0900][2.818s][info][gc,start    ] GC(168) Pause Young (Concurrent Start) (G1 Humongous Allocation)
[2026-03-23T17:27:49.843+0900][2.819s][info][gc,task     ] GC(168) Using 8 workers of 11 for evacuation
[2026-03-23T17:27:49.844+0900][2.819s][info][gc,phases   ] GC(168)   Pre Evacuate Collection Set: 0.22ms
[2026-03-23T17:27:49.844+0900][2.820s][info][gc,phases   ] GC(168)   Merge Heap Roots: 0.06ms
[2026-03-23T17:27:49.844+0900][2.820s][info][gc,phases   ] GC(168)   Evacuate Collection Set: 0.27ms
[2026-03-23T17:27:49.844+0900][2.820s][info][gc,phases   ] GC(168)   Post Evacuate Collection Set: 0.16ms
[2026-03-23T17:27:49.844+0900][2.820s][info][gc,phases   ] GC(168)   Other: 0.13ms
[2026-03-23T17:27:49.844+0900][2.820s][info][gc,heap     ] GC(168) Eden regions: 1->0(194)
[2026-03-23T17:27:49.844+0900][2.820s][info][gc,heap     ] GC(168) Survivor regions: 1->1(25)
[2026-03-23T17:27:49.844+0900][2.820s][info][gc,heap     ] GC(168) Old regions: 3->3
[2026-03-23T17:27:49.844+0900][2.820s][info][gc,heap     ] GC(168) Humongous regions: 162->150
[2026-03-23T17:27:49.844+0900][2.820s][info][gc,metaspace] GC(168) Metaspace: 235K(448K)->235K(448K) NonClass: 220K(320K)->220K(320K) Class: 14K(128K)->14K(128K)
[2026-03-23T17:27:49.844+0900][2.820s][info][gc          ] GC(168) Pause Young (Concurrent Start) (G1 Humongous Allocation) 163M->151M(367M) 1.344ms
[2026-03-23T17:27:49.844+0900][2.820s][info][gc,cpu      ] GC(168) User=0.00s Sys=0.00s Real=0.00s
[2026-03-23T17:27:49.844+0900][2.820s][info][gc          ] GC(169) Concurrent Undo Cycle
[2026-03-23T17:27:49.844+0900][2.820s][info][gc,marking  ] GC(169) Concurrent Clear Claimed Marks
[2026-03-23T17:27:49.844+0900][2.820s][info][gc,marking  ] GC(169) Concurrent Clear Claimed Marks 0.048ms
[2026-03-23T17:27:49.845+0900][2.820s][info][gc,marking  ] GC(169) Concurrent Cleanup for Next Mark
[2026-03-23T17:27:49.845+0900][2.820s][info][gc,marking  ] GC(169) Concurrent Cleanup for Next Mark 0.085ms
[2026-03-23T17:27:49.845+0900][2.820s][info][gc          ] GC(169) Concurrent Undo Cycle 0.384ms
[2026-03-23T17:27:49.865+0900][2.841s][info][gc,start    ] GC(170) Pause Young (Concurrent Start) (G1 Humongous Allocation)
[2026-03-23T17:27:49.865+0900][2.841s][info][gc,task     ] GC(170) Using 8 workers of 11 for evacuation
[2026-03-23T17:27:49.866+0900][2.841s][info][gc,phases   ] GC(170)   Pre Evacuate Collection Set: 0.13ms
[2026-03-23T17:27:49.866+0900][2.841s][info][gc,phases   ] GC(170)   Merge Heap Roots: 0.03ms
[2026-03-23T17:27:49.866+0900][2.841s][info][gc,phases   ] GC(170)   Evacuate Collection Set: 0.18ms
[2026-03-23T17:27:49.866+0900][2.841s][info][gc,phases   ] GC(170)   Post Evacuate Collection Set: 0.11ms
[2026-03-23T17:27:49.866+0900][2.841s][info][gc,phases   ] GC(170)   Other: 0.06ms
[2026-03-23T17:27:49.866+0900][2.841s][info][gc,heap     ] GC(170) Eden regions: 1->0(191)
[2026-03-23T17:27:49.866+0900][2.841s][info][gc,heap     ] GC(170) Survivor regions: 1->1(25)
[2026-03-23T17:27:49.866+0900][2.841s][info][gc,heap     ] GC(170) Old regions: 3->3
[2026-03-23T17:27:49.866+0900][2.841s][info][gc,heap     ] GC(170) Humongous regions: 162->153
[2026-03-23T17:27:49.866+0900][2.841s][info][gc,metaspace] GC(170) Metaspace: 235K(448K)->235K(448K) NonClass: 220K(320K)->220K(320K) Class: 14K(128K)->14K(128K)
[2026-03-23T17:27:49.866+0900][2.841s][info][gc          ] GC(170) Pause Young (Concurrent Start) (G1 Humongous Allocation) 163M->154M(367M) 0.762ms
[2026-03-23T17:27:49.866+0900][2.841s][info][gc,cpu      ] GC(170) User=0.00s Sys=0.00s Real=0.00s
[2026-03-23T17:27:49.866+0900][2.841s][info][gc          ] GC(171) Concurrent Undo Cycle
[2026-03-23T17:27:49.866+0900][2.841s][info][gc,marking  ] GC(171) Concurrent Clear Claimed Marks
[2026-03-23T17:27:49.866+0900][2.841s][info][gc,marking  ] GC(171) Concurrent Clear Claimed Marks 0.027ms
[2026-03-23T17:27:49.866+0900][2.841s][info][gc,marking  ] GC(171) Concurrent Cleanup for Next Mark
[2026-03-23T17:27:49.866+0900][2.842s][info][gc,marking  ] GC(171) Concurrent Cleanup for Next Mark 0.066ms
[2026-03-23T17:27:49.866+0900][2.842s][info][gc          ] GC(171) Concurrent Undo Cycle 0.241ms
[2026-03-23T17:27:49.886+0900][2.862s][info][gc,start    ] GC(172) Pause Young (Concurrent Start) (G1 Humongous Allocation)
[2026-03-23T17:27:49.886+0900][2.862s][info][gc,task     ] GC(172) Using 8 workers of 11 for evacuation
[2026-03-23T17:27:49.887+0900][2.863s][info][gc,phases   ] GC(172)   Pre Evacuate Collection Set: 0.18ms
[2026-03-23T17:27:49.887+0900][2.863s][info][gc,phases   ] GC(172)   Merge Heap Roots: 0.06ms
[2026-03-23T17:27:49.887+0900][2.863s][info][gc,phases   ] GC(172)   Evacuate Collection Set: 0.26ms
[2026-03-23T17:27:49.887+0900][2.863s][info][gc,phases   ] GC(172)   Post Evacuate Collection Set: 0.17ms
[2026-03-23T17:27:49.887+0900][2.863s][info][gc,phases   ] GC(172)   Other: 0.11ms
[2026-03-23T17:27:49.887+0900][2.863s][info][gc,heap     ] GC(172) Eden regions: 1->0(191)
[2026-03-23T17:27:49.887+0900][2.863s][info][gc,heap     ] GC(172) Survivor regions: 1->1(24)
[2026-03-23T17:27:49.887+0900][2.863s][info][gc,heap     ] GC(172) Old regions: 3->3
[2026-03-23T17:27:49.887+0900][2.863s][info][gc,heap     ] GC(172) Humongous regions: 162->153
[2026-03-23T17:27:49.887+0900][2.863s][info][gc,metaspace] GC(172) Metaspace: 235K(448K)->235K(448K) NonClass: 220K(320K)->220K(320K) Class: 14K(128K)->14K(128K)
[2026-03-23T17:27:49.887+0900][2.863s][info][gc          ] GC(172) Pause Young (Concurrent Start) (G1 Humongous Allocation) 163M->154M(367M) 1.202ms
[2026-03-23T17:27:49.887+0900][2.863s][info][gc,cpu      ] GC(172) User=0.00s Sys=0.01s Real=0.00s
[2026-03-23T17:27:49.887+0900][2.863s][info][gc          ] GC(173) Concurrent Undo Cycle
[2026-03-23T17:27:49.887+0900][2.863s][info][gc,marking  ] GC(173) Concurrent Clear Claimed Marks
[2026-03-23T17:27:49.888+0900][2.863s][info][gc,marking  ] GC(173) Concurrent Clear Claimed Marks 0.037ms
[2026-03-23T17:27:49.888+0900][2.863s][info][gc,marking  ] GC(173) Concurrent Cleanup for Next Mark
[2026-03-23T17:27:49.888+0900][2.863s][info][gc,marking  ] GC(173) Concurrent Cleanup for Next Mark 0.066ms
[2026-03-23T17:27:49.888+0900][2.863s][info][gc          ] GC(173) Concurrent Undo Cycle 0.291ms
[2026-03-23T17:27:49.907+0900][2.882s][info][gc,start    ] GC(174) Pause Young (Concurrent Start) (G1 Humongous Allocation)
[2026-03-23T17:27:49.907+0900][2.883s][info][gc,task     ] GC(174) Using 8 workers of 11 for evacuation
[2026-03-23T17:27:49.908+0900][2.884s][info][gc,phases   ] GC(174)   Pre Evacuate Collection Set: 0.22ms
[2026-03-23T17:27:49.908+0900][2.884s][info][gc,phases   ] GC(174)   Merge Heap Roots: 0.06ms
[2026-03-23T17:27:49.908+0900][2.884s][info][gc,phases   ] GC(174)   Evacuate Collection Set: 0.36ms
[2026-03-23T17:27:49.908+0900][2.884s][info][gc,phases   ] GC(174)   Post Evacuate Collection Set: 0.16ms
[2026-03-23T17:27:49.908+0900][2.884s][info][gc,phases   ] GC(174)   Other: 0.14ms
[2026-03-23T17:27:49.908+0900][2.884s][info][gc,heap     ] GC(174) Eden regions: 1->0(191)
[2026-03-23T17:27:49.908+0900][2.884s][info][gc,heap     ] GC(174) Survivor regions: 1->1(24)
[2026-03-23T17:27:49.908+0900][2.884s][info][gc,heap     ] GC(174) Old regions: 3->3
[2026-03-23T17:27:49.908+0900][2.884s][info][gc,heap     ] GC(174) Humongous regions: 162->153
[2026-03-23T17:27:49.908+0900][2.884s][info][gc,metaspace] GC(174) Metaspace: 235K(448K)->235K(448K) NonClass: 220K(320K)->220K(320K) Class: 14K(128K)->14K(128K)
[2026-03-23T17:27:49.908+0900][2.884s][info][gc          ] GC(174) Pause Young (Concurrent Start) (G1 Humongous Allocation) 163M->154M(367M) 1.336ms
[2026-03-23T17:27:49.908+0900][2.884s][info][gc,cpu      ] GC(174) User=0.00s Sys=0.00s Real=0.00s
[2026-03-23T17:27:49.908+0900][2.884s][info][gc          ] GC(175) Concurrent Undo Cycle
[2026-03-23T17:27:49.908+0900][2.884s][info][gc,marking  ] GC(175) Concurrent Clear Claimed Marks
[2026-03-23T17:27:49.908+0900][2.884s][info][gc,marking  ] GC(175) Concurrent Clear Claimed Marks 0.037ms
[2026-03-23T17:27:49.908+0900][2.884s][info][gc,marking  ] GC(175) Concurrent Cleanup for Next Mark
[2026-03-23T17:27:49.909+0900][2.884s][info][gc,marking  ] GC(175) Concurrent Cleanup for Next Mark 0.059ms
[2026-03-23T17:27:49.909+0900][2.884s][info][gc          ] GC(175) Concurrent Undo Cycle 0.263ms
[2026-03-23T17:27:49.922+0900][2.897s][info][gc,start    ] GC(176) Pause Young (Concurrent Start) (G1 Humongous Allocation)
[2026-03-23T17:27:49.922+0900][2.897s][info][gc,task     ] GC(176) Using 8 workers of 11 for evacuation
[2026-03-23T17:27:49.923+0900][2.899s][info][gc,phases   ] GC(176)   Pre Evacuate Collection Set: 0.47ms
[2026-03-23T17:27:49.923+0900][2.899s][info][gc,phases   ] GC(176)   Merge Heap Roots: 0.11ms
[2026-03-23T17:27:49.923+0900][2.899s][info][gc,phases   ] GC(176)   Evacuate Collection Set: 0.44ms
[2026-03-23T17:27:49.923+0900][2.899s][info][gc,phases   ] GC(176)   Post Evacuate Collection Set: 0.14ms
[2026-03-23T17:27:49.923+0900][2.899s][info][gc,phases   ] GC(176)   Other: 0.12ms
[2026-03-23T17:27:49.923+0900][2.899s][info][gc,heap     ] GC(176) Eden regions: 1->0(188)
[2026-03-23T17:27:49.923+0900][2.899s][info][gc,heap     ] GC(176) Survivor regions: 1->1(24)
[2026-03-23T17:27:49.923+0900][2.899s][info][gc,heap     ] GC(176) Old regions: 3->3
[2026-03-23T17:27:49.923+0900][2.899s][info][gc,heap     ] GC(176) Humongous regions: 162->156
[2026-03-23T17:27:49.923+0900][2.899s][info][gc,metaspace] GC(176) Metaspace: 235K(448K)->235K(448K) NonClass: 220K(320K)->220K(320K) Class: 14K(128K)->14K(128K)
[2026-03-23T17:27:49.923+0900][2.899s][info][gc          ] GC(176) Pause Young (Concurrent Start) (G1 Humongous Allocation) 163M->157M(367M) 1.848ms
[2026-03-23T17:27:49.923+0900][2.899s][info][gc,cpu      ] GC(176) User=0.00s Sys=0.00s Real=0.00s
[2026-03-23T17:27:49.923+0900][2.899s][info][gc          ] GC(177) Concurrent Undo Cycle
[2026-03-23T17:27:49.924+0900][2.899s][info][gc,marking  ] GC(177) Concurrent Clear Claimed Marks
[2026-03-23T17:27:49.924+0900][2.899s][info][gc,marking  ] GC(177) Concurrent Clear Claimed Marks 0.026ms
[2026-03-23T17:27:49.924+0900][2.899s][info][gc,marking  ] GC(177) Concurrent Cleanup for Next Mark
[2026-03-23T17:27:49.924+0900][2.899s][info][gc,marking  ] GC(177) Concurrent Cleanup for Next Mark 0.057ms
[2026-03-23T17:27:49.924+0900][2.899s][info][gc          ] GC(177) Concurrent Undo Cycle 0.226ms
[2026-03-23T17:27:49.937+0900][2.912s][info][gc,start    ] GC(178) Pause Young (Concurrent Start) (G1 Humongous Allocation)
[2026-03-23T17:27:49.937+0900][2.912s][info][gc,task     ] GC(178) Using 8 workers of 11 for evacuation
[2026-03-23T17:27:49.937+0900][2.913s][info][gc,phases   ] GC(178)   Pre Evacuate Collection Set: 0.12ms
[2026-03-23T17:27:49.937+0900][2.913s][info][gc,phases   ] GC(178)   Merge Heap Roots: 0.03ms
[2026-03-23T17:27:49.937+0900][2.913s][info][gc,phases   ] GC(178)   Evacuate Collection Set: 0.19ms
[2026-03-23T17:27:49.937+0900][2.913s][info][gc,phases   ] GC(178)   Post Evacuate Collection Set: 0.11ms
[2026-03-23T17:27:49.937+0900][2.913s][info][gc,phases   ] GC(178)   Other: 0.08ms
[2026-03-23T17:27:49.937+0900][2.913s][info][gc,heap     ] GC(178) Eden regions: 1->0(188)
[2026-03-23T17:27:49.937+0900][2.913s][info][gc,heap     ] GC(178) Survivor regions: 1->1(24)
[2026-03-23T17:27:49.937+0900][2.913s][info][gc,heap     ] GC(178) Old regions: 3->3
[2026-03-23T17:27:49.937+0900][2.913s][info][gc,heap     ] GC(178) Humongous regions: 162->156
[2026-03-23T17:27:49.937+0900][2.913s][info][gc,metaspace] GC(178) Metaspace: 235K(448K)->235K(448K) NonClass: 220K(320K)->220K(320K) Class: 14K(128K)->14K(128K)
[2026-03-23T17:27:49.937+0900][2.913s][info][gc          ] GC(178) Pause Young (Concurrent Start) (G1 Humongous Allocation) 163M->157M(367M) 0.810ms
[2026-03-23T17:27:49.937+0900][2.913s][info][gc,cpu      ] GC(178) User=0.00s Sys=0.00s Real=0.00s
[2026-03-23T17:27:49.937+0900][2.913s][info][gc          ] GC(179) Concurrent Undo Cycle
[2026-03-23T17:27:49.938+0900][2.913s][info][gc,marking  ] GC(179) Concurrent Clear Claimed Marks
[2026-03-23T17:27:49.938+0900][2.913s][info][gc,marking  ] GC(179) Concurrent Clear Claimed Marks 0.039ms
[2026-03-23T17:27:49.938+0900][2.913s][info][gc,marking  ] GC(179) Concurrent Cleanup for Next Mark
[2026-03-23T17:27:49.938+0900][2.913s][info][gc,marking  ] GC(179) Concurrent Cleanup for Next Mark 0.066ms
[2026-03-23T17:27:49.938+0900][2.913s][info][gc          ] GC(179) Concurrent Undo Cycle 0.277ms
[2026-03-23T17:27:49.951+0900][2.926s][info][gc,start    ] GC(180) Pause Young (Concurrent Start) (G1 Humongous Allocation)
[2026-03-23T17:27:49.951+0900][2.926s][info][gc,task     ] GC(180) Using 8 workers of 11 for evacuation
[2026-03-23T17:27:49.951+0900][2.927s][info][gc,phases   ] GC(180)   Pre Evacuate Collection Set: 0.11ms
[2026-03-23T17:27:49.952+0900][2.927s][info][gc,phases   ] GC(180)   Merge Heap Roots: 0.02ms
[2026-03-23T17:27:49.952+0900][2.927s][info][gc,phases   ] GC(180)   Evacuate Collection Set: 0.26ms
[2026-03-23T17:27:49.952+0900][2.927s][info][gc,phases   ] GC(180)   Post Evacuate Collection Set: 0.27ms
[2026-03-23T17:27:49.952+0900][2.927s][info][gc,phases   ] GC(180)   Other: 0.05ms
[2026-03-23T17:27:49.952+0900][2.927s][info][gc,heap     ] GC(180) Eden regions: 1->0(188)
[2026-03-23T17:27:49.952+0900][2.927s][info][gc,heap     ] GC(180) Survivor regions: 1->1(24)
[2026-03-23T17:27:49.952+0900][2.927s][info][gc,heap     ] GC(180) Old regions: 3->3
[2026-03-23T17:27:49.952+0900][2.927s][info][gc,heap     ] GC(180) Humongous regions: 162->156
[2026-03-23T17:27:49.952+0900][2.927s][info][gc,metaspace] GC(180) Metaspace: 235K(448K)->235K(448K) NonClass: 220K(320K)->220K(320K) Class: 14K(128K)->14K(128K)
[2026-03-23T17:27:49.952+0900][2.927s][info][gc          ] GC(180) Pause Young (Concurrent Start) (G1 Humongous Allocation) 163M->157M(367M) 0.953ms
[2026-03-23T17:27:49.952+0900][2.927s][info][gc,cpu      ] GC(180) User=0.00s Sys=0.00s Real=0.00s
[2026-03-23T17:27:49.952+0900][2.927s][info][gc          ] GC(181) Concurrent Undo Cycle
[2026-03-23T17:27:49.952+0900][2.927s][info][gc,marking  ] GC(181) Concurrent Clear Claimed Marks
[2026-03-23T17:27:49.952+0900][2.927s][info][gc,marking  ] GC(181) Concurrent Clear Claimed Marks 0.017ms
[2026-03-23T17:27:49.952+0900][2.927s][info][gc,marking  ] GC(181) Concurrent Cleanup for Next Mark
[2026-03-23T17:27:49.952+0900][2.927s][info][gc,marking  ] GC(181) Concurrent Cleanup for Next Mark 0.076ms
[2026-03-23T17:27:49.952+0900][2.927s][info][gc          ] GC(181) Concurrent Undo Cycle 0.200ms
[2026-03-23T17:27:49.964+0900][2.940s][info][gc,start    ] GC(182) Pause Young (Concurrent Start) (G1 Humongous Allocation)
[2026-03-23T17:27:49.965+0900][2.940s][info][gc,task     ] GC(182) Using 8 workers of 11 for evacuation
[2026-03-23T17:27:49.966+0900][2.941s][info][gc,phases   ] GC(182)   Pre Evacuate Collection Set: 0.47ms
[2026-03-23T17:27:49.966+0900][2.941s][info][gc,phases   ] GC(182)   Merge Heap Roots: 0.05ms
[2026-03-23T17:27:49.966+0900][2.941s][info][gc,phases   ] GC(182)   Evacuate Collection Set: 0.25ms
[2026-03-23T17:27:49.966+0900][2.941s][info][gc,phases   ] GC(182)   Post Evacuate Collection Set: 0.17ms
[2026-03-23T17:27:49.966+0900][2.941s][info][gc,phases   ] GC(182)   Other: 0.12ms
[2026-03-23T17:27:49.966+0900][2.941s][info][gc,heap     ] GC(182) Eden regions: 1->0(188)
[2026-03-23T17:27:49.966+0900][2.941s][info][gc,heap     ] GC(182) Survivor regions: 1->1(24)
[2026-03-23T17:27:49.966+0900][2.941s][info][gc,heap     ] GC(182) Old regions: 3->3
[2026-03-23T17:27:49.966+0900][2.941s][info][gc,heap     ] GC(182) Humongous regions: 162->156
[2026-03-23T17:27:49.966+0900][2.942s][info][gc,metaspace] GC(182) Metaspace: 235K(448K)->235K(448K) NonClass: 220K(320K)->220K(320K) Class: 14K(128K)->14K(128K)
[2026-03-23T17:27:49.966+0900][2.942s][info][gc          ] GC(182) Pause Young (Concurrent Start) (G1 Humongous Allocation) 163M->157M(367M) 1.502ms
[2026-03-23T17:27:49.966+0900][2.942s][info][gc,cpu      ] GC(182) User=0.00s Sys=0.00s Real=0.00s
[2026-03-23T17:27:49.966+0900][2.942s][info][gc          ] GC(183) Concurrent Undo Cycle
[2026-03-23T17:27:49.966+0900][2.942s][info][gc,marking  ] GC(183) Concurrent Clear Claimed Marks
[2026-03-23T17:27:49.966+0900][2.942s][info][gc,marking  ] GC(183) Concurrent Clear Claimed Marks 0.035ms
[2026-03-23T17:27:49.966+0900][2.942s][info][gc,marking  ] GC(183) Concurrent Cleanup for Next Mark
[2026-03-23T17:27:49.966+0900][2.942s][info][gc,marking  ] GC(183) Concurrent Cleanup for Next Mark 0.061ms
[2026-03-23T17:27:49.966+0900][2.942s][info][gc          ] GC(183) Concurrent Undo Cycle 0.255ms
[2026-03-23T17:27:49.979+0900][2.955s][info][gc,start    ] GC(184) Pause Young (Concurrent Start) (G1 Humongous Allocation)
[2026-03-23T17:27:49.979+0900][2.955s][info][gc,task     ] GC(184) Using 8 workers of 11 for evacuation
[2026-03-23T17:27:49.980+0900][2.956s][info][gc,phases   ] GC(184)   Pre Evacuate Collection Set: 0.19ms
[2026-03-23T17:27:49.980+0900][2.956s][info][gc,phases   ] GC(184)   Merge Heap Roots: 0.05ms
[2026-03-23T17:27:49.981+0900][2.956s][info][gc,phases   ] GC(184)   Evacuate Collection Set: 0.33ms
[2026-03-23T17:27:49.982+0900][2.957s][info][gc,phases   ] GC(184)   Post Evacuate Collection Set: 0.14ms
[2026-03-23T17:27:49.982+0900][2.957s][info][gc,phases   ] GC(184)   Other: 0.13ms
[2026-03-23T17:27:49.982+0900][2.957s][info][gc,heap     ] GC(184) Eden regions: 1->0(188)
[2026-03-23T17:27:49.982+0900][2.957s][info][gc,heap     ] GC(184) Survivor regions: 1->1(24)
[2026-03-23T17:27:49.982+0900][2.957s][info][gc,heap     ] GC(184) Old regions: 3->3
[2026-03-23T17:27:49.982+0900][2.957s][info][gc,heap     ] GC(184) Humongous regions: 162->156
[2026-03-23T17:27:49.982+0900][2.957s][info][gc,metaspace] GC(184) Metaspace: 235K(448K)->235K(448K) NonClass: 220K(320K)->220K(320K) Class: 14K(128K)->14K(128K)
[2026-03-23T17:27:49.982+0900][2.958s][info][gc          ] GC(184) Pause Young (Concurrent Start) (G1 Humongous Allocation) 163M->157M(367M) 2.837ms
[2026-03-23T17:27:49.982+0900][2.958s][info][gc,cpu      ] GC(184) User=0.00s Sys=0.00s Real=0.01s
[2026-03-23T17:27:49.987+0900][2.962s][info][gc          ] GC(185) Concurrent Undo Cycle
[2026-03-23T17:27:49.987+0900][2.962s][info][gc,marking  ] GC(185) Concurrent Clear Claimed Marks
[2026-03-23T17:27:49.987+0900][2.962s][info][gc,marking  ] GC(185) Concurrent Clear Claimed Marks 0.031ms
[2026-03-23T17:27:49.987+0900][2.962s][info][gc,marking  ] GC(185) Concurrent Cleanup for Next Mark
[2026-03-23T17:27:49.987+0900][2.963s][info][gc,marking  ] GC(185) Concurrent Cleanup for Next Mark 0.596ms
[2026-03-23T17:27:49.987+0900][2.963s][info][gc          ] GC(185) Concurrent Undo Cycle 0.812ms
[2026-03-23T17:27:49.994+0900][2.969s][info][gc,start    ] GC(186) Pause Young (Concurrent Start) (G1 Humongous Allocation)
[2026-03-23T17:27:49.994+0900][2.969s][info][gc,task     ] GC(186) Using 8 workers of 11 for evacuation
[2026-03-23T17:27:49.994+0900][2.970s][info][gc,phases   ] GC(186)   Pre Evacuate Collection Set: 0.13ms
[2026-03-23T17:27:49.994+0900][2.970s][info][gc,phases   ] GC(186)   Merge Heap Roots: 0.04ms
[2026-03-23T17:27:49.994+0900][2.970s][info][gc,phases   ] GC(186)   Evacuate Collection Set: 0.19ms
[2026-03-23T17:27:49.994+0900][2.970s][info][gc,phases   ] GC(186)   Post Evacuate Collection Set: 0.10ms
[2026-03-23T17:27:49.994+0900][2.970s][info][gc,phases   ] GC(186)   Other: 0.07ms
[2026-03-23T17:27:49.994+0900][2.970s][info][gc,heap     ] GC(186) Eden regions: 1->0(185)
[2026-03-23T17:27:49.994+0900][2.970s][info][gc,heap     ] GC(186) Survivor regions: 1->1(24)
[2026-03-23T17:27:49.994+0900][2.970s][info][gc,heap     ] GC(186) Old regions: 3->3
[2026-03-23T17:27:49.995+0900][2.970s][info][gc,heap     ] GC(186) Humongous regions: 162->159
[2026-03-23T17:27:49.995+0900][2.970s][info][gc,metaspace] GC(186) Metaspace: 235K(448K)->235K(448K) NonClass: 220K(320K)->220K(320K) Class: 14K(128K)->14K(128K)
[2026-03-23T17:27:49.995+0900][2.970s][info][gc          ] GC(186) Pause Young (Concurrent Start) (G1 Humongous Allocation) 163M->160M(367M) 0.776ms
[2026-03-23T17:27:49.995+0900][2.970s][info][gc,cpu      ] GC(186) User=0.00s Sys=0.00s Real=0.00s
[2026-03-23T17:27:49.995+0900][2.970s][info][gc          ] GC(187) Concurrent Undo Cycle
[2026-03-23T17:27:49.995+0900][2.970s][info][gc,marking  ] GC(187) Concurrent Clear Claimed Marks
[2026-03-23T17:27:49.995+0900][2.970s][info][gc,marking  ] GC(187) Concurrent Clear Claimed Marks 0.036ms
[2026-03-23T17:27:49.995+0900][2.970s][info][gc,marking  ] GC(187) Concurrent Cleanup for Next Mark
[2026-03-23T17:27:49.995+0900][2.970s][info][gc,marking  ] GC(187) Concurrent Cleanup for Next Mark 0.045ms
[2026-03-23T17:27:49.995+0900][2.970s][info][gc          ] GC(187) Concurrent Undo Cycle 0.214ms
[2026-03-23T17:27:50.001+0900][2.977s][info][gc,start    ] GC(188) Pause Young (Concurrent Start) (G1 Humongous Allocation)
[2026-03-23T17:27:50.001+0900][2.977s][info][gc,task     ] GC(188) Using 8 workers of 11 for evacuation
[2026-03-23T17:27:50.002+0900][2.978s][info][gc,phases   ] GC(188)   Pre Evacuate Collection Set: 0.53ms
[2026-03-23T17:27:50.002+0900][2.978s][info][gc,phases   ] GC(188)   Merge Heap Roots: 0.04ms
[2026-03-23T17:27:50.002+0900][2.978s][info][gc,phases   ] GC(188)   Evacuate Collection Set: 0.14ms
[2026-03-23T17:27:50.002+0900][2.978s][info][gc,phases   ] GC(188)   Post Evacuate Collection Set: 0.09ms
[2026-03-23T17:27:50.002+0900][2.978s][info][gc,phases   ] GC(188)   Other: 0.15ms
[2026-03-23T17:27:50.002+0900][2.978s][info][gc,heap     ] GC(188) Eden regions: 1->0(185)
[2026-03-23T17:27:50.002+0900][2.978s][info][gc,heap     ] GC(188) Survivor regions: 1->1(24)
[2026-03-23T17:27:50.002+0900][2.978s][info][gc,heap     ] GC(188) Old regions: 3->3
[2026-03-23T17:27:50.002+0900][2.978s][info][gc,heap     ] GC(188) Humongous regions: 162->159
[2026-03-23T17:27:50.002+0900][2.978s][info][gc,metaspace] GC(188) Metaspace: 235K(448K)->235K(448K) NonClass: 220K(320K)->220K(320K) Class: 14K(128K)->14K(128K)
[2026-03-23T17:27:50.002+0900][2.978s][info][gc          ] GC(188) Pause Young (Concurrent Start) (G1 Humongous Allocation) 163M->160M(367M) 1.198ms
[2026-03-23T17:27:50.002+0900][2.978s][info][gc,cpu      ] GC(188) User=0.01s Sys=0.00s Real=0.00s
[2026-03-23T17:27:50.002+0900][2.978s][info][gc          ] GC(189) Concurrent Undo Cycle
[2026-03-23T17:27:50.002+0900][2.978s][info][gc,marking  ] GC(189) Concurrent Clear Claimed Marks
[2026-03-23T17:27:50.002+0900][2.978s][info][gc,marking  ] GC(189) Concurrent Clear Claimed Marks 0.028ms
[2026-03-23T17:27:50.002+0900][2.978s][info][gc,marking  ] GC(189) Concurrent Cleanup for Next Mark
[2026-03-23T17:27:50.002+0900][2.978s][info][gc,marking  ] GC(189) Concurrent Cleanup for Next Mark 0.049ms
[2026-03-23T17:27:50.003+0900][2.978s][info][gc          ] GC(189) Concurrent Undo Cycle 0.194ms
[2026-03-23T17:27:50.009+0900][2.984s][info][gc,start    ] GC(190) Pause Young (Concurrent Start) (G1 Humongous Allocation)
[2026-03-23T17:27:50.009+0900][2.985s][info][gc,task     ] GC(190) Using 8 workers of 11 for evacuation
[2026-03-23T17:27:50.009+0900][2.985s][info][gc,phases   ] GC(190)   Pre Evacuate Collection Set: 0.11ms
[2026-03-23T17:27:50.009+0900][2.985s][info][gc,phases   ] GC(190)   Merge Heap Roots: 0.04ms
[2026-03-23T17:27:50.009+0900][2.985s][info][gc,phases   ] GC(190)   Evacuate Collection Set: 0.17ms
[2026-03-23T17:27:50.010+0900][2.985s][info][gc,phases   ] GC(190)   Post Evacuate Collection Set: 0.10ms
[2026-03-23T17:27:50.010+0900][2.985s][info][gc,phases   ] GC(190)   Other: 0.07ms
[2026-03-23T17:27:50.010+0900][2.985s][info][gc,heap     ] GC(190) Eden regions: 1->0(185)
[2026-03-23T17:27:50.010+0900][2.985s][info][gc,heap     ] GC(190) Survivor regions: 1->1(24)
[2026-03-23T17:27:50.010+0900][2.985s][info][gc,heap     ] GC(190) Old regions: 3->3
[2026-03-23T17:27:50.010+0900][2.985s][info][gc,heap     ] GC(190) Humongous regions: 162->159
[2026-03-23T17:27:50.010+0900][2.985s][info][gc,metaspace] GC(190) Metaspace: 235K(448K)->235K(448K) NonClass: 220K(320K)->220K(320K) Class: 14K(128K)->14K(128K)
[2026-03-23T17:27:50.010+0900][2.985s][info][gc          ] GC(190) Pause Young (Concurrent Start) (G1 Humongous Allocation) 163M->160M(367M) 0.731ms
[2026-03-23T17:27:50.010+0900][2.985s][info][gc,cpu      ] GC(190) User=0.00s Sys=0.01s Real=0.01s
[2026-03-23T17:27:50.010+0900][2.985s][info][gc          ] GC(191) Concurrent Undo Cycle
[2026-03-23T17:27:50.010+0900][2.985s][info][gc,marking  ] GC(191) Concurrent Clear Claimed Marks
[2026-03-23T17:27:50.010+0900][2.985s][info][gc,marking  ] GC(191) Concurrent Clear Claimed Marks 0.040ms
[2026-03-23T17:27:50.010+0900][2.985s][info][gc,marking  ] GC(191) Concurrent Cleanup for Next Mark
[2026-03-23T17:27:50.010+0900][2.985s][info][gc,marking  ] GC(191) Concurrent Cleanup for Next Mark 0.065ms
[2026-03-23T17:27:50.010+0900][2.986s][info][gc          ] GC(191) Concurrent Undo Cycle 0.293ms
[2026-03-23T17:27:50.016+0900][2.992s][info][gc,start    ] GC(192) Pause Young (Concurrent Start) (G1 Humongous Allocation)
[2026-03-23T17:27:50.016+0900][2.992s][info][gc,task     ] GC(192) Using 8 workers of 11 for evacuation
[2026-03-23T17:27:50.017+0900][2.993s][info][gc,phases   ] GC(192)   Pre Evacuate Collection Set: 0.26ms
[2026-03-23T17:27:50.017+0900][2.993s][info][gc,phases   ] GC(192)   Merge Heap Roots: 0.06ms
[2026-03-23T17:27:50.017+0900][2.993s][info][gc,phases   ] GC(192)   Evacuate Collection Set: 0.32ms
[2026-03-23T17:27:50.017+0900][2.993s][info][gc,phases   ] GC(192)   Post Evacuate Collection Set: 0.22ms
[2026-03-23T17:27:50.017+0900][2.993s][info][gc,phases   ] GC(192)   Other: 0.14ms
[2026-03-23T17:27:50.018+0900][2.993s][info][gc,heap     ] GC(192) Eden regions: 1->0(185)
[2026-03-23T17:27:50.018+0900][2.993s][info][gc,heap     ] GC(192) Survivor regions: 1->1(24)
[2026-03-23T17:27:50.018+0900][2.993s][info][gc,heap     ] GC(192) Old regions: 3->3
[2026-03-23T17:27:50.018+0900][2.993s][info][gc,heap     ] GC(192) Humongous regions: 162->159
[2026-03-23T17:27:50.018+0900][2.993s][info][gc,metaspace] GC(192) Metaspace: 235K(448K)->235K(448K) NonClass: 220K(320K)->220K(320K) Class: 14K(128K)->14K(128K)
[2026-03-23T17:27:50.018+0900][2.993s][info][gc          ] GC(192) Pause Young (Concurrent Start) (G1 Humongous Allocation) 163M->160M(367M) 1.375ms
[2026-03-23T17:27:50.018+0900][2.993s][info][gc,cpu      ] GC(192) User=0.00s Sys=0.00s Real=0.00s
[2026-03-23T17:27:50.018+0900][2.993s][info][gc          ] GC(193) Concurrent Undo Cycle
[2026-03-23T17:27:50.018+0900][2.993s][info][gc,marking  ] GC(193) Concurrent Clear Claimed Marks
[2026-03-23T17:27:50.018+0900][2.993s][info][gc,marking  ] GC(193) Concurrent Clear Claimed Marks 0.032ms
[2026-03-23T17:27:50.018+0900][2.993s][info][gc,marking  ] GC(193) Concurrent Cleanup for Next Mark
[2026-03-23T17:27:50.018+0900][2.993s][info][gc,marking  ] GC(193) Concurrent Cleanup for Next Mark 0.056ms
[2026-03-23T17:27:50.018+0900][2.994s][info][gc          ] GC(193) Concurrent Undo Cycle 0.446ms
[2026-03-23T17:27:50.024+0900][2.999s][info][gc,start    ] GC(194) Pause Young (Concurrent Start) (G1 Humongous Allocation)
[2026-03-23T17:27:50.024+0900][2.999s][info][gc,task     ] GC(194) Using 8 workers of 11 for evacuation
[2026-03-23T17:27:50.024+0900][3.000s][info][gc,phases   ] GC(194)   Pre Evacuate Collection Set: 0.16ms
[2026-03-23T17:27:50.024+0900][3.000s][info][gc,phases   ] GC(194)   Merge Heap Roots: 0.05ms
[2026-03-23T17:27:50.024+0900][3.000s][info][gc,phases   ] GC(194)   Evacuate Collection Set: 0.18ms
[2026-03-23T17:27:50.024+0900][3.000s][info][gc,phases   ] GC(194)   Post Evacuate Collection Set: 0.15ms
[2026-03-23T17:27:50.024+0900][3.000s][info][gc,phases   ] GC(194)   Other: 0.08ms
[2026-03-23T17:27:50.025+0900][3.000s][info][gc,heap     ] GC(194) Eden regions: 1->0(185)
[2026-03-23T17:27:50.025+0900][3.000s][info][gc,heap     ] GC(194) Survivor regions: 1->1(24)
[2026-03-23T17:27:50.025+0900][3.000s][info][gc,heap     ] GC(194) Old regions: 3->3
[2026-03-23T17:27:50.025+0900][3.000s][info][gc,heap     ] GC(194) Humongous regions: 162->159
[2026-03-23T17:27:50.025+0900][3.000s][info][gc,metaspace] GC(194) Metaspace: 235K(448K)->235K(448K) NonClass: 220K(320K)->220K(320K) Class: 14K(128K)->14K(128K)
[2026-03-23T17:27:50.025+0900][3.000s][info][gc          ] GC(194) Pause Young (Concurrent Start) (G1 Humongous Allocation) 163M->160M(367M) 0.976ms
[2026-03-23T17:27:50.025+0900][3.000s][info][gc,cpu      ] GC(194) User=0.00s Sys=0.00s Real=0.00s
[2026-03-23T17:27:50.025+0900][3.000s][info][gc          ] GC(195) Concurrent Undo Cycle
[2026-03-23T17:27:50.025+0900][3.000s][info][gc,marking  ] GC(195) Concurrent Clear Claimed Marks
[2026-03-23T17:27:50.025+0900][3.000s][info][gc,marking  ] GC(195) Concurrent Clear Claimed Marks 0.033ms
[2026-03-23T17:27:50.025+0900][3.000s][info][gc,marking  ] GC(195) Concurrent Cleanup for Next Mark
[2026-03-23T17:27:50.025+0900][3.000s][info][gc,marking  ] GC(195) Concurrent Cleanup for Next Mark 0.051ms
[2026-03-23T17:27:50.025+0900][3.000s][info][gc          ] GC(195) Concurrent Undo Cycle 0.217ms
[2026-03-23T17:27:50.031+0900][3.007s][info][gc,start    ] GC(196) Pause Young (Concurrent Start) (G1 Humongous Allocation)
[2026-03-23T17:27:50.031+0900][3.007s][info][gc,task     ] GC(196) Using 8 workers of 11 for evacuation
[2026-03-23T17:27:50.032+0900][3.008s][info][gc,phases   ] GC(196)   Pre Evacuate Collection Set: 0.18ms
[2026-03-23T17:27:50.032+0900][3.008s][info][gc,phases   ] GC(196)   Merge Heap Roots: 0.04ms
[2026-03-23T17:27:50.032+0900][3.008s][info][gc,phases   ] GC(196)   Evacuate Collection Set: 0.14ms
[2026-03-23T17:27:50.032+0900][3.008s][info][gc,phases   ] GC(196)   Post Evacuate Collection Set: 0.22ms
[2026-03-23T17:27:50.032+0900][3.008s][info][gc,phases   ] GC(196)   Other: 0.10ms
[2026-03-23T17:27:50.032+0900][3.008s][info][gc,heap     ] GC(196) Eden regions: 1->0(193)
[2026-03-23T17:27:50.032+0900][3.008s][info][gc,heap     ] GC(196) Survivor regions: 1->1(24)
[2026-03-23T17:27:50.032+0900][3.008s][info][gc,heap     ] GC(196) Old regions: 3->3
[2026-03-23T17:27:50.032+0900][3.008s][info][gc,heap     ] GC(196) Humongous regions: 162->159
[2026-03-23T17:27:50.032+0900][3.008s][info][gc,metaspace] GC(196) Metaspace: 235K(448K)->235K(448K) NonClass: 220K(320K)->220K(320K) Class: 14K(128K)->14K(128K)
[2026-03-23T17:27:50.032+0900][3.008s][info][gc          ] GC(196) Pause Young (Concurrent Start) (G1 Humongous Allocation) 163M->160M(376M) 1.177ms
[2026-03-23T17:27:50.032+0900][3.008s][info][gc,cpu      ] GC(196) User=0.00s Sys=0.00s Real=0.00s
[2026-03-23T17:27:50.032+0900][3.008s][info][gc          ] GC(197) Concurrent Undo Cycle
[2026-03-23T17:27:50.032+0900][3.008s][info][gc,marking  ] GC(197) Concurrent Clear Claimed Marks
[2026-03-23T17:27:50.032+0900][3.008s][info][gc,marking  ] GC(197) Concurrent Clear Claimed Marks 0.036ms
[2026-03-23T17:27:50.032+0900][3.008s][info][gc,marking  ] GC(197) Concurrent Cleanup for Next Mark
[2026-03-23T17:27:50.033+0900][3.008s][info][gc,marking  ] GC(197) Concurrent Cleanup for Next Mark 0.065ms
[2026-03-23T17:27:50.033+0900][3.008s][info][gc          ] GC(197) Concurrent Undo Cycle 0.267ms
[2026-03-23T17:27:50.046+0900][3.022s][info][gc,start    ] GC(198) Pause Young (Concurrent Start) (G1 Humongous Allocation)
[2026-03-23T17:27:50.046+0900][3.022s][info][gc,task     ] GC(198) Using 9 workers of 11 for evacuation
[2026-03-23T17:27:50.047+0900][3.023s][info][gc,phases   ] GC(198)   Pre Evacuate Collection Set: 0.18ms
[2026-03-23T17:27:50.047+0900][3.023s][info][gc,phases   ] GC(198)   Merge Heap Roots: 0.06ms
[2026-03-23T17:27:50.047+0900][3.023s][info][gc,phases   ] GC(198)   Evacuate Collection Set: 0.23ms
[2026-03-23T17:27:50.047+0900][3.023s][info][gc,phases   ] GC(198)   Post Evacuate Collection Set: 0.20ms
[2026-03-23T17:27:50.047+0900][3.023s][info][gc,phases   ] GC(198)   Other: 0.28ms
[2026-03-23T17:27:50.047+0900][3.023s][info][gc,heap     ] GC(198) Eden regions: 1->0(192)
[2026-03-23T17:27:50.047+0900][3.023s][info][gc,heap     ] GC(198) Survivor regions: 1->1(25)
[2026-03-23T17:27:50.047+0900][3.023s][info][gc,heap     ] GC(198) Old regions: 3->3
[2026-03-23T17:27:50.047+0900][3.023s][info][gc,heap     ] GC(198) Humongous regions: 166->160
[2026-03-23T17:27:50.047+0900][3.023s][info][gc,metaspace] GC(198) Metaspace: 235K(448K)->235K(448K) NonClass: 220K(320K)->220K(320K) Class: 14K(128K)->14K(128K)
[2026-03-23T17:27:50.047+0900][3.023s][info][gc          ] GC(198) Pause Young (Concurrent Start) (G1 Humongous Allocation) 167M->161M(376M) 1.345ms
[2026-03-23T17:27:50.047+0900][3.023s][info][gc,cpu      ] GC(198) User=0.00s Sys=0.00s Real=0.00s
[2026-03-23T17:27:50.047+0900][3.023s][info][gc          ] GC(199) Concurrent Undo Cycle
[2026-03-23T17:27:50.047+0900][3.023s][info][gc,marking  ] GC(199) Concurrent Clear Claimed Marks
[2026-03-23T17:27:50.048+0900][3.023s][info][gc,marking  ] GC(199) Concurrent Clear Claimed Marks 0.042ms
[2026-03-23T17:27:50.048+0900][3.024s][info][gc,marking  ] GC(199) Concurrent Cleanup for Next Mark
[2026-03-23T17:27:50.048+0900][3.024s][info][gc,marking  ] GC(199) Concurrent Cleanup for Next Mark 0.107ms
[2026-03-23T17:27:50.048+0900][3.024s][info][gc          ] GC(199) Concurrent Undo Cycle 1.069ms
[2026-03-23T17:27:50.055+0900][3.030s][info][gc,start    ] GC(200) Pause Young (Concurrent Start) (G1 Humongous Allocation)
[2026-03-23T17:27:50.055+0900][3.030s][info][gc,task     ] GC(200) Using 9 workers of 11 for evacuation
[2026-03-23T17:27:50.055+0900][3.031s][info][gc,phases   ] GC(200)   Pre Evacuate Collection Set: 0.11ms
[2026-03-23T17:27:50.055+0900][3.031s][info][gc,phases   ] GC(200)   Merge Heap Roots: 0.03ms
[2026-03-23T17:27:50.055+0900][3.031s][info][gc,phases   ] GC(200)   Evacuate Collection Set: 0.14ms
[2026-03-23T17:27:50.055+0900][3.031s][info][gc,phases   ] GC(200)   Post Evacuate Collection Set: 0.11ms
[2026-03-23T17:27:50.055+0900][3.031s][info][gc,phases   ] GC(200)   Other: 0.05ms
[2026-03-23T17:27:50.055+0900][3.031s][info][gc,heap     ] GC(200) Eden regions: 1->0(189)
[2026-03-23T17:27:50.055+0900][3.031s][info][gc,heap     ] GC(200) Survivor regions: 1->1(25)
[2026-03-23T17:27:50.055+0900][3.031s][info][gc,heap     ] GC(200) Old regions: 3->3
[2026-03-23T17:27:50.055+0900][3.031s][info][gc,heap     ] GC(200) Humongous regions: 166->163
[2026-03-23T17:27:50.055+0900][3.031s][info][gc,metaspace] GC(200) Metaspace: 235K(448K)->235K(448K) NonClass: 220K(320K)->220K(320K) Class: 14K(128K)->14K(128K)
[2026-03-23T17:27:50.055+0900][3.031s][info][gc          ] GC(200) Pause Young (Concurrent Start) (G1 Humongous Allocation) 167M->164M(376M) 0.670ms
[2026-03-23T17:27:50.055+0900][3.031s][info][gc,cpu      ] GC(200) User=0.00s Sys=0.00s Real=0.00s
[2026-03-23T17:27:50.055+0900][3.031s][info][gc          ] GC(201) Concurrent Undo Cycle
[2026-03-23T17:27:50.055+0900][3.031s][info][gc,marking  ] GC(201) Concurrent Clear Claimed Marks
[2026-03-23T17:27:50.055+0900][3.031s][info][gc,marking  ] GC(201) Concurrent Clear Claimed Marks 0.037ms
[2026-03-23T17:27:50.055+0900][3.031s][info][gc,marking  ] GC(201) Concurrent Cleanup for Next Mark
[2026-03-23T17:27:50.055+0900][3.031s][info][gc,marking  ] GC(201) Concurrent Cleanup for Next Mark 0.053ms
[2026-03-23T17:27:50.055+0900][3.031s][info][gc          ] GC(201) Concurrent Undo Cycle 0.234ms
[2026-03-23T17:27:50.062+0900][3.037s][info][gc,start    ] GC(202) Pause Young (Concurrent Start) (G1 Humongous Allocation)
[2026-03-23T17:27:50.062+0900][3.037s][info][gc,task     ] GC(202) Using 9 workers of 11 for evacuation
[2026-03-23T17:27:50.062+0900][3.038s][info][gc,phases   ] GC(202)   Pre Evacuate Collection Set: 0.19ms
[2026-03-23T17:27:50.063+0900][3.038s][info][gc,phases   ] GC(202)   Merge Heap Roots: 0.05ms
[2026-03-23T17:27:50.063+0900][3.038s][info][gc,phases   ] GC(202)   Evacuate Collection Set: 0.13ms
[2026-03-23T17:27:50.063+0900][3.038s][info][gc,phases   ] GC(202)   Post Evacuate Collection Set: 0.15ms
[2026-03-23T17:27:50.063+0900][3.038s][info][gc,phases   ] GC(202)   Other: 0.12ms
[2026-03-23T17:27:50.063+0900][3.038s][info][gc,heap     ] GC(202) Eden regions: 1->0(189)
[2026-03-23T17:27:50.063+0900][3.038s][info][gc,heap     ] GC(202) Survivor regions: 1->1(24)
[2026-03-23T17:27:50.063+0900][3.038s][info][gc,heap     ] GC(202) Old regions: 3->3
[2026-03-23T17:27:50.063+0900][3.038s][info][gc,heap     ] GC(202) Humongous regions: 166->163
[2026-03-23T17:27:50.063+0900][3.038s][info][gc,metaspace] GC(202) Metaspace: 235K(448K)->235K(448K) NonClass: 220K(320K)->220K(320K) Class: 14K(128K)->14K(128K)
[2026-03-23T17:27:50.063+0900][3.038s][info][gc          ] GC(202) Pause Young (Concurrent Start) (G1 Humongous Allocation) 167M->164M(376M) 1.010ms
[2026-03-23T17:27:50.063+0900][3.038s][info][gc,cpu      ] GC(202) User=0.00s Sys=0.00s Real=0.00s
[2026-03-23T17:27:50.063+0900][3.038s][info][gc          ] GC(203) Concurrent Undo Cycle
[2026-03-23T17:27:50.063+0900][3.039s][info][gc,marking  ] GC(203) Concurrent Clear Claimed Marks
[2026-03-23T17:27:50.063+0900][3.039s][info][gc,marking  ] GC(203) Concurrent Clear Claimed Marks 0.046ms
[2026-03-23T17:27:50.063+0900][3.039s][info][gc,marking  ] GC(203) Concurrent Cleanup for Next Mark
[2026-03-23T17:27:50.063+0900][3.039s][info][gc,marking  ] GC(203) Concurrent Cleanup for Next Mark 0.064ms
[2026-03-23T17:27:50.063+0900][3.039s][info][gc          ] GC(203) Concurrent Undo Cycle 0.303ms
[2026-03-23T17:27:50.069+0900][3.045s][info][gc,start    ] GC(204) Pause Young (Concurrent Start) (G1 Humongous Allocation)
[2026-03-23T17:27:50.070+0900][3.045s][info][gc,task     ] GC(204) Using 9 workers of 11 for evacuation
[2026-03-23T17:27:50.070+0900][3.046s][info][gc,phases   ] GC(204)   Pre Evacuate Collection Set: 0.15ms
[2026-03-23T17:27:50.070+0900][3.046s][info][gc,phases   ] GC(204)   Merge Heap Roots: 0.06ms
[2026-03-23T17:27:50.070+0900][3.046s][info][gc,phases   ] GC(204)   Evacuate Collection Set: 0.20ms
[2026-03-23T17:27:50.070+0900][3.046s][info][gc,phases   ] GC(204)   Post Evacuate Collection Set: 0.17ms
[2026-03-23T17:27:50.070+0900][3.046s][info][gc,phases   ] GC(204)   Other: 0.09ms
[2026-03-23T17:27:50.070+0900][3.046s][info][gc,heap     ] GC(204) Eden regions: 1->0(189)
[2026-03-23T17:27:50.070+0900][3.046s][info][gc,heap     ] GC(204) Survivor regions: 1->1(24)
[2026-03-23T17:27:50.070+0900][3.046s][info][gc,heap     ] GC(204) Old regions: 3->3
[2026-03-23T17:27:50.070+0900][3.046s][info][gc,heap     ] GC(204) Humongous regions: 166->163
[2026-03-23T17:27:50.070+0900][3.046s][info][gc,metaspace] GC(204) Metaspace: 235K(448K)->235K(448K) NonClass: 220K(320K)->220K(320K) Class: 14K(128K)->14K(128K)
[2026-03-23T17:27:50.071+0900][3.046s][info][gc          ] GC(204) Pause Young (Concurrent Start) (G1 Humongous Allocation) 167M->164M(376M) 1.057ms
[2026-03-23T17:27:50.071+0900][3.046s][info][gc,cpu      ] GC(204) User=0.00s Sys=0.01s Real=0.01s
[2026-03-23T17:27:50.071+0900][3.046s][info][gc          ] GC(205) Concurrent Undo Cycle
[2026-03-23T17:27:50.071+0900][3.046s][info][gc,marking  ] GC(205) Concurrent Clear Claimed Marks
[2026-03-23T17:27:50.071+0900][3.046s][info][gc,marking  ] GC(205) Concurrent Clear Claimed Marks 0.052ms
[2026-03-23T17:27:50.071+0900][3.046s][info][gc,marking  ] GC(205) Concurrent Cleanup for Next Mark
[2026-03-23T17:27:50.071+0900][3.046s][info][gc,marking  ] GC(205) Concurrent Cleanup for Next Mark 0.072ms
[2026-03-23T17:27:50.071+0900][3.046s][info][gc          ] GC(205) Concurrent Undo Cycle 0.337ms
[2026-03-23T17:27:50.076+0900][3.052s][info][gc,start    ] GC(206) Pause Young (Concurrent Start) (G1 Humongous Allocation)
[2026-03-23T17:27:50.077+0900][3.052s][info][gc,task     ] GC(206) Using 9 workers of 11 for evacuation
[2026-03-23T17:27:50.077+0900][3.053s][info][gc,phases   ] GC(206)   Pre Evacuate Collection Set: 0.23ms
[2026-03-23T17:27:50.077+0900][3.053s][info][gc,phases   ] GC(206)   Merge Heap Roots: 0.06ms
[2026-03-23T17:27:50.077+0900][3.053s][info][gc,phases   ] GC(206)   Evacuate Collection Set: 0.19ms
[2026-03-23T17:27:50.077+0900][3.053s][info][gc,phases   ] GC(206)   Post Evacuate Collection Set: 0.18ms
[2026-03-23T17:27:50.077+0900][3.053s][info][gc,phases   ] GC(206)   Other: 0.10ms
[2026-03-23T17:27:50.078+0900][3.053s][info][gc,heap     ] GC(206) Eden regions: 1->0(189)
[2026-03-23T17:27:50.078+0900][3.053s][info][gc,heap     ] GC(206) Survivor regions: 1->1(24)
[2026-03-23T17:27:50.078+0900][3.053s][info][gc,heap     ] GC(206) Old regions: 3->3
[2026-03-23T17:27:50.078+0900][3.053s][info][gc,heap     ] GC(206) Humongous regions: 166->163
[2026-03-23T17:27:50.078+0900][3.053s][info][gc,metaspace] GC(206) Metaspace: 235K(448K)->235K(448K) NonClass: 220K(320K)->220K(320K) Class: 14K(128K)->14K(128K)
[2026-03-23T17:27:50.078+0900][3.053s][info][gc          ] GC(206) Pause Young (Concurrent Start) (G1 Humongous Allocation) 167M->164M(376M) 1.172ms
[2026-03-23T17:27:50.078+0900][3.053s][info][gc,cpu      ] GC(206) User=0.00s Sys=0.00s Real=0.00s
[2026-03-23T17:27:50.078+0900][3.053s][info][gc          ] GC(207) Concurrent Undo Cycle
[2026-03-23T17:27:50.078+0900][3.053s][info][gc,marking  ] GC(207) Concurrent Clear Claimed Marks
[2026-03-23T17:27:50.078+0900][3.053s][info][gc,marking  ] GC(207) Concurrent Clear Claimed Marks 0.048ms
[2026-03-23T17:27:50.078+0900][3.053s][info][gc,marking  ] GC(207) Concurrent Cleanup for Next Mark
[2026-03-23T17:27:50.078+0900][3.054s][info][gc,marking  ] GC(207) Concurrent Cleanup for Next Mark 0.074ms
[2026-03-23T17:27:50.078+0900][3.054s][info][gc          ] GC(207) Concurrent Undo Cycle 0.314ms
[2026-03-23T17:27:50.084+0900][3.060s][info][gc,start    ] GC(208) Pause Young (Concurrent Start) (G1 Humongous Allocation)
[2026-03-23T17:27:50.084+0900][3.060s][info][gc,task     ] GC(208) Using 9 workers of 11 for evacuation
[2026-03-23T17:27:50.085+0900][3.061s][info][gc,phases   ] GC(208)   Pre Evacuate Collection Set: 0.13ms
[2026-03-23T17:27:50.085+0900][3.061s][info][gc,phases   ] GC(208)   Merge Heap Roots: 0.04ms
[2026-03-23T17:27:50.085+0900][3.061s][info][gc,phases   ] GC(208)   Evacuate Collection Set: 0.19ms
[2026-03-23T17:27:50.085+0900][3.061s][info][gc,phases   ] GC(208)   Post Evacuate Collection Set: 0.18ms
[2026-03-23T17:27:50.085+0900][3.061s][info][gc,phases   ] GC(208)   Other: 0.07ms
[2026-03-23T17:27:50.085+0900][3.061s][info][gc,heap     ] GC(208) Eden regions: 1->0(189)
[2026-03-23T17:27:50.085+0900][3.061s][info][gc,heap     ] GC(208) Survivor regions: 1->1(24)
[2026-03-23T17:27:50.085+0900][3.061s][info][gc,heap     ] GC(208) Old regions: 3->3
[2026-03-23T17:27:50.085+0900][3.061s][info][gc,heap     ] GC(208) Humongous regions: 166->163
[2026-03-23T17:27:50.085+0900][3.061s][info][gc,metaspace] GC(208) Metaspace: 235K(448K)->235K(448K) NonClass: 220K(320K)->220K(320K) Class: 14K(128K)->14K(128K)
[2026-03-23T17:27:50.085+0900][3.061s][info][gc          ] GC(208) Pause Young (Concurrent Start) (G1 Humongous Allocation) 167M->164M(376M) 1.089ms
[2026-03-23T17:27:50.085+0900][3.061s][info][gc,cpu      ] GC(208) User=0.00s Sys=0.00s Real=0.00s
[2026-03-23T17:27:50.085+0900][3.061s][info][gc          ] GC(209) Concurrent Undo Cycle
[2026-03-23T17:27:50.086+0900][3.061s][info][gc,marking  ] GC(209) Concurrent Clear Claimed Marks
[2026-03-23T17:27:50.086+0900][3.061s][info][gc,marking  ] GC(209) Concurrent Clear Claimed Marks 0.049ms
[2026-03-23T17:27:50.086+0900][3.061s][info][gc,marking  ] GC(209) Concurrent Cleanup for Next Mark
[2026-03-23T17:27:50.086+0900][3.061s][info][gc,marking  ] GC(209) Concurrent Cleanup for Next Mark 0.070ms
[2026-03-23T17:27:50.086+0900][3.061s][info][gc          ] GC(209) Concurrent Undo Cycle 0.311ms
[2026-03-23T17:27:50.091+0900][3.067s][info][gc,start    ] GC(210) Pause Young (Concurrent Start) (G1 Humongous Allocation)
[2026-03-23T17:27:50.091+0900][3.067s][info][gc,task     ] GC(210) Using 9 workers of 11 for evacuation
[2026-03-23T17:27:50.092+0900][3.067s][info][gc,phases   ] GC(210)   Pre Evacuate Collection Set: 0.19ms
[2026-03-23T17:27:50.092+0900][3.068s][info][gc,phases   ] GC(210)   Merge Heap Roots: 0.06ms
[2026-03-23T17:27:50.092+0900][3.068s][info][gc,phases   ] GC(210)   Evacuate Collection Set: 0.26ms
[2026-03-23T17:27:50.092+0900][3.068s][info][gc,phases   ] GC(210)   Post Evacuate Collection Set: 0.18ms
[2026-03-23T17:27:50.092+0900][3.068s][info][gc,phases   ] GC(210)   Other: 0.11ms
[2026-03-23T17:27:50.092+0900][3.068s][info][gc,heap     ] GC(210) Eden regions: 1->0(189)
[2026-03-23T17:27:50.092+0900][3.068s][info][gc,heap     ] GC(210) Survivor regions: 1->1(24)
[2026-03-23T17:27:50.092+0900][3.068s][info][gc,heap     ] GC(210) Old regions: 3->3
[2026-03-23T17:27:50.092+0900][3.068s][info][gc,heap     ] GC(210) Humongous regions: 166->163
[2026-03-23T17:27:50.092+0900][3.068s][info][gc,metaspace] GC(210) Metaspace: 235K(448K)->235K(448K) NonClass: 220K(320K)->220K(320K) Class: 14K(128K)->14K(128K)
[2026-03-23T17:27:50.092+0900][3.068s][info][gc          ] GC(210) Pause Young (Concurrent Start) (G1 Humongous Allocation) 167M->164M(376M) 1.271ms
[2026-03-23T17:27:50.092+0900][3.068s][info][gc,cpu      ] GC(210) User=0.00s Sys=0.00s Real=0.00s
[2026-03-23T17:27:50.092+0900][3.068s][info][gc          ] GC(211) Concurrent Undo Cycle
[2026-03-23T17:27:50.092+0900][3.068s][info][gc,marking  ] GC(211) Concurrent Clear Claimed Marks
[2026-03-23T17:27:50.092+0900][3.068s][info][gc,marking  ] GC(211) Concurrent Clear Claimed Marks 0.033ms
[2026-03-23T17:27:50.092+0900][3.068s][info][gc,marking  ] GC(211) Concurrent Cleanup for Next Mark
[2026-03-23T17:27:50.093+0900][3.068s][info][gc,marking  ] GC(211) Concurrent Cleanup for Next Mark 0.077ms
[2026-03-23T17:27:50.093+0900][3.068s][info][gc          ] GC(211) Concurrent Undo Cycle 0.303ms
[2026-03-23T17:27:50.098+0900][3.074s][info][gc,start    ] GC(212) Pause Young (Concurrent Start) (G1 Humongous Allocation)
[2026-03-23T17:27:50.098+0900][3.074s][info][gc,task     ] GC(212) Using 9 workers of 11 for evacuation
[2026-03-23T17:27:50.099+0900][3.074s][info][gc,phases   ] GC(212)   Pre Evacuate Collection Set: 0.11ms
[2026-03-23T17:27:50.099+0900][3.074s][info][gc,phases   ] GC(212)   Merge Heap Roots: 0.03ms
[2026-03-23T17:27:50.099+0900][3.074s][info][gc,phases   ] GC(212)   Evacuate Collection Set: 0.11ms
[2026-03-23T17:27:50.099+0900][3.074s][info][gc,phases   ] GC(212)   Post Evacuate Collection Set: 0.18ms
[2026-03-23T17:27:50.099+0900][3.074s][info][gc,phases   ] GC(212)   Other: 0.06ms
[2026-03-23T17:27:50.099+0900][3.074s][info][gc,heap     ] GC(212) Eden regions: 1->0(195)
[2026-03-23T17:27:50.099+0900][3.074s][info][gc,heap     ] GC(212) Survivor regions: 1->1(24)
[2026-03-23T17:27:50.099+0900][3.074s][info][gc,heap     ] GC(212) Old regions: 3->3
[2026-03-23T17:27:50.099+0900][3.074s][info][gc,heap     ] GC(212) Humongous regions: 166->163
[2026-03-23T17:27:50.099+0900][3.074s][info][gc,metaspace] GC(212) Metaspace: 235K(448K)->235K(448K) NonClass: 220K(320K)->220K(320K) Class: 14K(128K)->14K(128K)
[2026-03-23T17:27:50.099+0900][3.074s][info][gc          ] GC(212) Pause Young (Concurrent Start) (G1 Humongous Allocation) 167M->164M(382M) 0.742ms
[2026-03-23T17:27:50.099+0900][3.074s][info][gc,cpu      ] GC(212) User=0.00s Sys=0.00s Real=0.00s
[2026-03-23T17:27:50.099+0900][3.074s][info][gc          ] GC(213) Concurrent Undo Cycle
[2026-03-23T17:27:50.099+0900][3.074s][info][gc,marking  ] GC(213) Concurrent Clear Claimed Marks
[2026-03-23T17:27:50.099+0900][3.075s][info][gc,marking  ] GC(213) Concurrent Clear Claimed Marks 0.031ms
[2026-03-23T17:27:50.099+0900][3.075s][info][gc,marking  ] GC(213) Concurrent Cleanup for Next Mark
[2026-03-23T17:27:50.099+0900][3.075s][info][gc,marking  ] GC(213) Concurrent Cleanup for Next Mark 0.051ms
[2026-03-23T17:27:50.099+0900][3.075s][info][gc          ] GC(213) Concurrent Undo Cycle 0.191ms
[2026-03-23T17:27:50.106+0900][3.082s][info][gc,start    ] GC(214) Pause Young (Concurrent Start) (G1 Humongous Allocation)
[2026-03-23T17:27:50.106+0900][3.082s][info][gc,task     ] GC(214) Using 9 workers of 11 for evacuation
[2026-03-23T17:27:50.107+0900][3.083s][info][gc,phases   ] GC(214)   Pre Evacuate Collection Set: 0.41ms
[2026-03-23T17:27:50.107+0900][3.083s][info][gc,phases   ] GC(214)   Merge Heap Roots: 0.08ms
[2026-03-23T17:27:50.107+0900][3.083s][info][gc,phases   ] GC(214)   Evacuate Collection Set: 0.32ms
[2026-03-23T17:27:50.107+0900][3.083s][info][gc,phases   ] GC(214)   Post Evacuate Collection Set: 0.19ms
[2026-03-23T17:27:50.107+0900][3.083s][info][gc,phases   ] GC(214)   Other: 0.12ms
[2026-03-23T17:27:50.107+0900][3.083s][info][gc,heap     ] GC(214) Eden regions: 1->0(192)
[2026-03-23T17:27:50.107+0900][3.083s][info][gc,heap     ] GC(214) Survivor regions: 1->1(25)
[2026-03-23T17:27:50.108+0900][3.083s][info][gc,heap     ] GC(214) Old regions: 3->3
[2026-03-23T17:27:50.108+0900][3.083s][info][gc,heap     ] GC(214) Humongous regions: 169->166
[2026-03-23T17:27:50.108+0900][3.083s][info][gc,metaspace] GC(214) Metaspace: 235K(448K)->235K(448K) NonClass: 220K(320K)->220K(320K) Class: 14K(128K)->14K(128K)
[2026-03-23T17:27:50.108+0900][3.083s][info][gc          ] GC(214) Pause Young (Concurrent Start) (G1 Humongous Allocation) 170M->167M(382M) 1.499ms
[2026-03-23T17:27:50.108+0900][3.083s][info][gc,cpu      ] GC(214) User=0.00s Sys=0.00s Real=0.00s
[2026-03-23T17:27:50.108+0900][3.083s][info][gc          ] GC(215) Concurrent Undo Cycle
[2026-03-23T17:27:50.108+0900][3.083s][info][gc,marking  ] GC(215) Concurrent Clear Claimed Marks
[2026-03-23T17:27:50.108+0900][3.083s][info][gc,marking  ] GC(215) Concurrent Clear Claimed Marks 0.047ms
[2026-03-23T17:27:50.108+0900][3.083s][info][gc,marking  ] GC(215) Concurrent Cleanup for Next Mark
[2026-03-23T17:27:50.108+0900][3.083s][info][gc,marking  ] GC(215) Concurrent Cleanup for Next Mark 0.074ms
[2026-03-23T17:27:50.108+0900][3.084s][info][gc          ] GC(215) Concurrent Undo Cycle 0.328ms
[2026-03-23T17:27:50.117+0900][3.093s][info][gc,start    ] GC(216) Pause Young (Concurrent Start) (G1 Humongous Allocation)
[2026-03-23T17:27:50.117+0900][3.093s][info][gc,task     ] GC(216) Using 9 workers of 11 for evacuation
[2026-03-23T17:27:50.118+0900][3.093s][info][gc,phases   ] GC(216)   Pre Evacuate Collection Set: 0.16ms
[2026-03-23T17:27:50.118+0900][3.093s][info][gc,phases   ] GC(216)   Merge Heap Roots: 0.05ms
[2026-03-23T17:27:50.118+0900][3.094s][info][gc,phases   ] GC(216)   Evacuate Collection Set: 0.12ms
[2026-03-23T17:27:50.118+0900][3.094s][info][gc,phases   ] GC(216)   Post Evacuate Collection Set: 0.13ms
[2026-03-23T17:27:50.118+0900][3.094s][info][gc,phases   ] GC(216)   Other: 0.15ms
[2026-03-23T17:27:50.118+0900][3.094s][info][gc,heap     ] GC(216) Eden regions: 1->0(192)
[2026-03-23T17:27:50.118+0900][3.094s][info][gc,heap     ] GC(216) Survivor regions: 1->1(25)
[2026-03-23T17:27:50.118+0900][3.094s][info][gc,heap     ] GC(216) Old regions: 3->3
[2026-03-23T17:27:50.118+0900][3.094s][info][gc,heap     ] GC(216) Humongous regions: 169->166
[2026-03-23T17:27:50.118+0900][3.094s][info][gc,metaspace] GC(216) Metaspace: 235K(448K)->235K(448K) NonClass: 220K(320K)->220K(320K) Class: 14K(128K)->14K(128K)
[2026-03-23T17:27:50.119+0900][3.094s][info][gc          ] GC(216) Pause Young (Concurrent Start) (G1 Humongous Allocation) 170M->167M(382M) 1.547ms
[2026-03-23T17:27:50.119+0900][3.094s][info][gc,cpu      ] GC(216) User=0.00s Sys=0.00s Real=0.00s
[2026-03-23T17:27:50.119+0900][3.094s][info][gc          ] GC(217) Concurrent Undo Cycle
[2026-03-23T17:27:50.119+0900][3.094s][info][gc,marking  ] GC(217) Concurrent Clear Claimed Marks
[2026-03-23T17:27:50.119+0900][3.094s][info][gc,marking  ] GC(217) Concurrent Clear Claimed Marks 0.104ms
[2026-03-23T17:27:50.119+0900][3.095s][info][gc,marking  ] GC(217) Concurrent Cleanup for Next Mark
[2026-03-23T17:27:50.119+0900][3.095s][info][gc,marking  ] GC(217) Concurrent Cleanup for Next Mark 0.060ms
[2026-03-23T17:27:50.119+0900][3.095s][info][gc          ] GC(217) Concurrent Undo Cycle 0.551ms
[2026-03-23T17:27:50.125+0900][3.101s][info][gc,start    ] GC(218) Pause Young (Concurrent Start) (G1 Humongous Allocation)
[2026-03-23T17:27:50.125+0900][3.101s][info][gc,task     ] GC(218) Using 9 workers of 11 for evacuation
[2026-03-23T17:27:50.126+0900][3.101s][info][gc,phases   ] GC(218)   Pre Evacuate Collection Set: 0.13ms
[2026-03-23T17:27:50.126+0900][3.101s][info][gc,phases   ] GC(218)   Merge Heap Roots: 0.03ms
[2026-03-23T17:27:50.126+0900][3.101s][info][gc,phases   ] GC(218)   Evacuate Collection Set: 0.15ms
[2026-03-23T17:27:50.126+0900][3.101s][info][gc,phases   ] GC(218)   Post Evacuate Collection Set: 0.10ms
[2026-03-23T17:27:50.126+0900][3.101s][info][gc,phases   ] GC(218)   Other: 0.07ms
[2026-03-23T17:27:50.126+0900][3.101s][info][gc,heap     ] GC(218) Eden regions: 1->0(192)
[2026-03-23T17:27:50.126+0900][3.101s][info][gc,heap     ] GC(218) Survivor regions: 1->1(25)
[2026-03-23T17:27:50.126+0900][3.101s][info][gc,heap     ] GC(218) Old regions: 3->3
[2026-03-23T17:27:50.126+0900][3.101s][info][gc,heap     ] GC(218) Humongous regions: 169->166
[2026-03-23T17:27:50.126+0900][3.101s][info][gc,metaspace] GC(218) Metaspace: 235K(448K)->235K(448K) NonClass: 220K(320K)->220K(320K) Class: 14K(128K)->14K(128K)
[2026-03-23T17:27:50.126+0900][3.101s][info][gc          ] GC(218) Pause Young (Concurrent Start) (G1 Humongous Allocation) 170M->167M(382M) 0.754ms
[2026-03-23T17:27:50.126+0900][3.101s][info][gc,cpu      ] GC(218) User=0.00s Sys=0.00s Real=0.00s
[2026-03-23T17:27:50.126+0900][3.101s][info][gc          ] GC(219) Concurrent Undo Cycle
[2026-03-23T17:27:50.126+0900][3.101s][info][gc,marking  ] GC(219) Concurrent Clear Claimed Marks
[2026-03-23T17:27:50.126+0900][3.101s][info][gc,marking  ] GC(219) Concurrent Clear Claimed Marks 0.025ms
[2026-03-23T17:27:50.126+0900][3.101s][info][gc,marking  ] GC(219) Concurrent Cleanup for Next Mark
[2026-03-23T17:27:50.126+0900][3.102s][info][gc,marking  ] GC(219) Concurrent Cleanup for Next Mark 0.044ms
[2026-03-23T17:27:50.126+0900][3.102s][info][gc          ] GC(219) Concurrent Undo Cycle 0.215ms
[2026-03-23T17:27:50.132+0900][3.108s][info][gc,start    ] GC(220) Pause Young (Concurrent Start) (G1 Humongous Allocation)
[2026-03-23T17:27:50.132+0900][3.108s][info][gc,task     ] GC(220) Using 9 workers of 11 for evacuation
[2026-03-23T17:27:50.133+0900][3.109s][info][gc,phases   ] GC(220)   Pre Evacuate Collection Set: 0.12ms
[2026-03-23T17:27:50.133+0900][3.109s][info][gc,phases   ] GC(220)   Merge Heap Roots: 0.04ms
[2026-03-23T17:27:50.133+0900][3.109s][info][gc,phases   ] GC(220)   Evacuate Collection Set: 0.18ms
[2026-03-23T17:27:50.133+0900][3.109s][info][gc,phases   ] GC(220)   Post Evacuate Collection Set: 0.19ms
[2026-03-23T17:27:50.133+0900][3.109s][info][gc,phases   ] GC(220)   Other: 0.07ms
[2026-03-23T17:27:50.133+0900][3.109s][info][gc,heap     ] GC(220) Eden regions: 1->0(192)
[2026-03-23T17:27:50.133+0900][3.109s][info][gc,heap     ] GC(220) Survivor regions: 1->1(25)
[2026-03-23T17:27:50.133+0900][3.109s][info][gc,heap     ] GC(220) Old regions: 3->3
[2026-03-23T17:27:50.133+0900][3.109s][info][gc,heap     ] GC(220) Humongous regions: 169->166
[2026-03-23T17:27:50.133+0900][3.109s][info][gc,metaspace] GC(220) Metaspace: 235K(448K)->235K(448K) NonClass: 220K(320K)->220K(320K) Class: 14K(128K)->14K(128K)
[2026-03-23T17:27:50.133+0900][3.109s][info][gc          ] GC(220) Pause Young (Concurrent Start) (G1 Humongous Allocation) 170M->167M(382M) 0.968ms
[2026-03-23T17:27:50.133+0900][3.109s][info][gc,cpu      ] GC(220) User=0.00s Sys=0.00s Real=0.00s
[2026-03-23T17:27:50.133+0900][3.109s][info][gc          ] GC(221) Concurrent Undo Cycle
[2026-03-23T17:27:50.134+0900][3.109s][info][gc,marking  ] GC(221) Concurrent Clear Claimed Marks
[2026-03-23T17:27:50.134+0900][3.109s][info][gc,marking  ] GC(221) Concurrent Clear Claimed Marks 0.049ms
[2026-03-23T17:27:50.134+0900][3.109s][info][gc,marking  ] GC(221) Concurrent Cleanup for Next Mark
[2026-03-23T17:27:50.134+0900][3.109s][info][gc,marking  ] GC(221) Concurrent Cleanup for Next Mark 0.080ms
[2026-03-23T17:27:50.134+0900][3.109s][info][gc          ] GC(221) Concurrent Undo Cycle 0.340ms
[2026-03-23T17:27:50.140+0900][3.116s][info][gc,start    ] GC(222) Pause Young (Concurrent Start) (G1 Humongous Allocation)
[2026-03-23T17:27:50.140+0900][3.116s][info][gc,task     ] GC(222) Using 9 workers of 11 for evacuation
[2026-03-23T17:27:50.141+0900][3.117s][info][gc,phases   ] GC(222)   Pre Evacuate Collection Set: 0.17ms
[2026-03-23T17:27:50.141+0900][3.117s][info][gc,phases   ] GC(222)   Merge Heap Roots: 0.05ms
[2026-03-23T17:27:50.141+0900][3.117s][info][gc,phases   ] GC(222)   Evacuate Collection Set: 0.30ms
[2026-03-23T17:27:50.141+0900][3.117s][info][gc,phases   ] GC(222)   Post Evacuate Collection Set: 0.20ms
[2026-03-23T17:27:50.141+0900][3.117s][info][gc,phases   ] GC(222)   Other: 0.08ms
[2026-03-23T17:27:50.141+0900][3.117s][info][gc,heap     ] GC(222) Eden regions: 1->0(192)
[2026-03-23T17:27:50.141+0900][3.117s][info][gc,heap     ] GC(222) Survivor regions: 1->1(25)
[2026-03-23T17:27:50.141+0900][3.117s][info][gc,heap     ] GC(222) Old regions: 3->3
[2026-03-23T17:27:50.141+0900][3.117s][info][gc,heap     ] GC(222) Humongous regions: 169->166
[2026-03-23T17:27:50.141+0900][3.117s][info][gc,metaspace] GC(222) Metaspace: 235K(448K)->235K(448K) NonClass: 220K(320K)->220K(320K) Class: 14K(128K)->14K(128K)
[2026-03-23T17:27:50.141+0900][3.117s][info][gc          ] GC(222) Pause Young (Concurrent Start) (G1 Humongous Allocation) 170M->167M(382M) 1.167ms
[2026-03-23T17:27:50.141+0900][3.117s][info][gc,cpu      ] GC(222) User=0.01s Sys=0.00s Real=0.00s
[2026-03-23T17:27:50.141+0900][3.117s][info][gc          ] GC(223) Concurrent Undo Cycle
[2026-03-23T17:27:50.141+0900][3.117s][info][gc,marking  ] GC(223) Concurrent Clear Claimed Marks
[2026-03-23T17:27:50.142+0900][3.117s][info][gc,marking  ] GC(223) Concurrent Clear Claimed Marks 0.071ms
[2026-03-23T17:27:50.142+0900][3.117s][info][gc,marking  ] GC(223) Concurrent Cleanup for Next Mark
[2026-03-23T17:27:50.142+0900][3.117s][info][gc,marking  ] GC(223) Concurrent Cleanup for Next Mark 0.061ms
[2026-03-23T17:27:50.142+0900][3.117s][info][gc          ] GC(223) Concurrent Undo Cycle 0.430ms
[2026-03-23T17:27:50.149+0900][3.125s][info][gc,start    ] GC(224) Pause Young (Concurrent Start) (G1 Humongous Allocation)
[2026-03-23T17:27:50.149+0900][3.125s][info][gc,task     ] GC(224) Using 9 workers of 11 for evacuation
[2026-03-23T17:27:50.150+0900][3.126s][info][gc,phases   ] GC(224)   Pre Evacuate Collection Set: 0.15ms
[2026-03-23T17:27:50.150+0900][3.126s][info][gc,phases   ] GC(224)   Merge Heap Roots: 0.05ms
[2026-03-23T17:27:50.150+0900][3.126s][info][gc,phases   ] GC(224)   Evacuate Collection Set: 0.43ms
[2026-03-23T17:27:50.150+0900][3.126s][info][gc,phases   ] GC(224)   Post Evacuate Collection Set: 0.15ms
[2026-03-23T17:27:50.150+0900][3.126s][info][gc,phases   ] GC(224)   Other: 0.08ms
[2026-03-23T17:27:50.150+0900][3.126s][info][gc,heap     ] GC(224) Eden regions: 1->0(192)
[2026-03-23T17:27:50.150+0900][3.126s][info][gc,heap     ] GC(224) Survivor regions: 1->1(25)
[2026-03-23T17:27:50.150+0900][3.126s][info][gc,heap     ] GC(224) Old regions: 3->3
[2026-03-23T17:27:50.150+0900][3.126s][info][gc,heap     ] GC(224) Humongous regions: 169->166
[2026-03-23T17:27:50.150+0900][3.126s][info][gc,metaspace] GC(224) Metaspace: 235K(448K)->235K(448K) NonClass: 220K(320K)->220K(320K) Class: 14K(128K)->14K(128K)
[2026-03-23T17:27:50.150+0900][3.126s][info][gc          ] GC(224) Pause Young (Concurrent Start) (G1 Humongous Allocation) 170M->167M(382M) 1.177ms
[2026-03-23T17:27:50.150+0900][3.126s][info][gc,cpu      ] GC(224) User=0.00s Sys=0.00s Real=0.01s
[2026-03-23T17:27:50.150+0900][3.126s][info][gc          ] GC(225) Concurrent Undo Cycle
[2026-03-23T17:27:50.150+0900][3.126s][info][gc,marking  ] GC(225) Concurrent Clear Claimed Marks
[2026-03-23T17:27:50.150+0900][3.126s][info][gc,marking  ] GC(225) Concurrent Clear Claimed Marks 0.025ms
[2026-03-23T17:27:50.150+0900][3.126s][info][gc,marking  ] GC(225) Concurrent Cleanup for Next Mark
[2026-03-23T17:27:50.151+0900][3.126s][info][gc,marking  ] GC(225) Concurrent Cleanup for Next Mark 0.059ms
[2026-03-23T17:27:50.151+0900][3.126s][info][gc          ] GC(225) Concurrent Undo Cycle 0.194ms
[2026-03-23T17:27:50.157+0900][3.132s][info][gc,start    ] GC(226) Pause Young (Concurrent Start) (G1 Humongous Allocation)
[2026-03-23T17:27:50.157+0900][3.133s][info][gc,task     ] GC(226) Using 9 workers of 11 for evacuation
[2026-03-23T17:27:50.157+0900][3.133s][info][gc,phases   ] GC(226)   Pre Evacuate Collection Set: 0.09ms
[2026-03-23T17:27:50.157+0900][3.133s][info][gc,phases   ] GC(226)   Merge Heap Roots: 0.02ms
[2026-03-23T17:27:50.157+0900][3.133s][info][gc,phases   ] GC(226)   Evacuate Collection Set: 0.11ms
[2026-03-23T17:27:50.157+0900][3.133s][info][gc,phases   ] GC(226)   Post Evacuate Collection Set: 0.08ms
[2026-03-23T17:27:50.157+0900][3.133s][info][gc,phases   ] GC(226)   Other: 0.04ms
[2026-03-23T17:27:50.157+0900][3.133s][info][gc,heap     ] GC(226) Eden regions: 1->0(192)
[2026-03-23T17:27:50.157+0900][3.133s][info][gc,heap     ] GC(226) Survivor regions: 1->1(25)
[2026-03-23T17:27:50.157+0900][3.133s][info][gc,heap     ] GC(226) Old regions: 3->3
[2026-03-23T17:27:50.157+0900][3.133s][info][gc,heap     ] GC(226) Humongous regions: 169->166
[2026-03-23T17:27:50.157+0900][3.133s][info][gc,metaspace] GC(226) Metaspace: 235K(448K)->235K(448K) NonClass: 220K(320K)->220K(320K) Class: 14K(128K)->14K(128K)
[2026-03-23T17:27:50.157+0900][3.133s][info][gc          ] GC(226) Pause Young (Concurrent Start) (G1 Humongous Allocation) 170M->167M(382M) 0.520ms
[2026-03-23T17:27:50.157+0900][3.133s][info][gc,cpu      ] GC(226) User=0.00s Sys=0.00s Real=0.00s
[2026-03-23T17:27:50.157+0900][3.133s][info][gc          ] GC(227) Concurrent Undo Cycle
[2026-03-23T17:27:50.157+0900][3.133s][info][gc,marking  ] GC(227) Concurrent Clear Claimed Marks
[2026-03-23T17:27:50.157+0900][3.133s][info][gc,marking  ] GC(227) Concurrent Clear Claimed Marks 0.021ms
[2026-03-23T17:27:50.158+0900][3.133s][info][gc,marking  ] GC(227) Concurrent Cleanup for Next Mark
[2026-03-23T17:27:50.158+0900][3.133s][info][gc,marking  ] GC(227) Concurrent Cleanup for Next Mark 0.035ms
[2026-03-23T17:27:50.158+0900][3.133s][info][gc          ] GC(227) Concurrent Undo Cycle 0.139ms
[2026-03-23T17:27:50.163+0900][3.138s][info][gc,start    ] GC(228) Pause Young (Concurrent Start) (G1 Humongous Allocation)
[2026-03-23T17:27:50.163+0900][3.138s][info][gc,task     ] GC(228) Using 9 workers of 11 for evacuation
[2026-03-23T17:27:50.163+0900][3.139s][info][gc,phases   ] GC(228)   Pre Evacuate Collection Set: 0.09ms
[2026-03-23T17:27:50.163+0900][3.139s][info][gc,phases   ] GC(228)   Merge Heap Roots: 0.03ms
[2026-03-23T17:27:50.163+0900][3.139s][info][gc,phases   ] GC(228)   Evacuate Collection Set: 0.09ms
[2026-03-23T17:27:50.163+0900][3.139s][info][gc,phases   ] GC(228)   Post Evacuate Collection Set: 0.09ms
[2026-03-23T17:27:50.163+0900][3.139s][info][gc,phases   ] GC(228)   Other: 0.04ms
[2026-03-23T17:27:50.163+0900][3.139s][info][gc,heap     ] GC(228) Eden regions: 1->0(192)
[2026-03-23T17:27:50.163+0900][3.139s][info][gc,heap     ] GC(228) Survivor regions: 1->1(25)
[2026-03-23T17:27:50.163+0900][3.139s][info][gc,heap     ] GC(228) Old regions: 3->3
[2026-03-23T17:27:50.163+0900][3.139s][info][gc,heap     ] GC(228) Humongous regions: 169->166
[2026-03-23T17:27:50.163+0900][3.139s][info][gc,metaspace] GC(228) Metaspace: 235K(448K)->235K(448K) NonClass: 220K(320K)->220K(320K) Class: 14K(128K)->14K(128K)
[2026-03-23T17:27:50.163+0900][3.139s][info][gc          ] GC(228) Pause Young (Concurrent Start) (G1 Humongous Allocation) 170M->167M(382M) 0.541ms
[2026-03-23T17:27:50.163+0900][3.139s][info][gc,cpu      ] GC(228) User=0.00s Sys=0.00s Real=0.00s
[2026-03-23T17:27:50.163+0900][3.139s][info][gc          ] GC(229) Concurrent Undo Cycle
[2026-03-23T17:27:50.163+0900][3.139s][info][gc,marking  ] GC(229) Concurrent Clear Claimed Marks
[2026-03-23T17:27:50.163+0900][3.139s][info][gc,marking  ] GC(229) Concurrent Clear Claimed Marks 0.022ms
[2026-03-23T17:27:50.163+0900][3.139s][info][gc,marking  ] GC(229) Concurrent Cleanup for Next Mark
[2026-03-23T17:27:50.163+0900][3.139s][info][gc,marking  ] GC(229) Concurrent Cleanup for Next Mark 0.040ms
[2026-03-23T17:27:50.163+0900][3.139s][info][gc          ] GC(229) Concurrent Undo Cycle 0.154ms
[2026-03-23T17:27:50.170+0900][3.145s][info][gc,start    ] GC(230) Pause Young (Concurrent Start) (G1 Humongous Allocation)
[2026-03-23T17:27:50.170+0900][3.145s][info][gc,task     ] GC(230) Using 9 workers of 11 for evacuation
[2026-03-23T17:27:50.170+0900][3.146s][info][gc,phases   ] GC(230)   Pre Evacuate Collection Set: 0.13ms
[2026-03-23T17:27:50.170+0900][3.146s][info][gc,phases   ] GC(230)   Merge Heap Roots: 0.03ms
[2026-03-23T17:27:50.170+0900][3.146s][info][gc,phases   ] GC(230)   Evacuate Collection Set: 0.13ms
[2026-03-23T17:27:50.170+0900][3.146s][info][gc,phases   ] GC(230)   Post Evacuate Collection Set: 0.11ms
[2026-03-23T17:27:50.170+0900][3.146s][info][gc,phases   ] GC(230)   Other: 0.07ms
[2026-03-23T17:27:50.170+0900][3.146s][info][gc,heap     ] GC(230) Eden regions: 1->0(192)
[2026-03-23T17:27:50.171+0900][3.146s][info][gc,heap     ] GC(230) Survivor regions: 1->1(25)
[2026-03-23T17:27:50.171+0900][3.146s][info][gc,heap     ] GC(230) Old regions: 3->3
[2026-03-23T17:27:50.171+0900][3.146s][info][gc,heap     ] GC(230) Humongous regions: 169->166
[2026-03-23T17:27:50.171+0900][3.146s][info][gc,metaspace] GC(230) Metaspace: 235K(448K)->235K(448K) NonClass: 220K(320K)->220K(320K) Class: 14K(128K)->14K(128K)
[2026-03-23T17:27:50.171+0900][3.146s][info][gc          ] GC(230) Pause Young (Concurrent Start) (G1 Humongous Allocation) 170M->167M(382M) 0.754ms
[2026-03-23T17:27:50.171+0900][3.146s][info][gc,cpu      ] GC(230) User=0.00s Sys=0.00s Real=0.00s
[2026-03-23T17:27:50.171+0900][3.146s][info][gc          ] GC(231) Concurrent Undo Cycle
[2026-03-23T17:27:50.171+0900][3.146s][info][gc,marking  ] GC(231) Concurrent Clear Claimed Marks
[2026-03-23T17:27:50.171+0900][3.146s][info][gc,marking  ] GC(231) Concurrent Clear Claimed Marks 0.042ms
[2026-03-23T17:27:50.171+0900][3.146s][info][gc,marking  ] GC(231) Concurrent Cleanup for Next Mark
[2026-03-23T17:27:50.171+0900][3.146s][info][gc,marking  ] GC(231) Concurrent Cleanup for Next Mark 0.061ms
[2026-03-23T17:27:50.171+0900][3.146s][info][gc          ] GC(231) Concurrent Undo Cycle 0.277ms
[2026-03-23T17:27:50.177+0900][3.153s][info][gc,start    ] GC(232) Pause Young (Concurrent Start) (G1 Humongous Allocation)
[2026-03-23T17:27:50.177+0900][3.153s][info][gc,task     ] GC(232) Using 9 workers of 11 for evacuation
[2026-03-23T17:27:50.178+0900][3.153s][info][gc,phases   ] GC(232)   Pre Evacuate Collection Set: 0.12ms
[2026-03-23T17:27:50.178+0900][3.153s][info][gc,phases   ] GC(232)   Merge Heap Roots: 0.03ms
[2026-03-23T17:27:50.178+0900][3.153s][info][gc,phases   ] GC(232)   Evacuate Collection Set: 0.14ms
[2026-03-23T17:27:50.178+0900][3.153s][info][gc,phases   ] GC(232)   Post Evacuate Collection Set: 0.10ms
[2026-03-23T17:27:50.178+0900][3.153s][info][gc,phases   ] GC(232)   Other: 0.05ms
[2026-03-23T17:27:50.178+0900][3.153s][info][gc,heap     ] GC(232) Eden regions: 1->0(190)
[2026-03-23T17:27:50.178+0900][3.154s][info][gc,heap     ] GC(232) Survivor regions: 1->1(25)
[2026-03-23T17:27:50.178+0900][3.154s][info][gc,heap     ] GC(232) Old regions: 3->3
[2026-03-23T17:27:50.178+0900][3.154s][info][gc,heap     ] GC(232) Humongous regions: 171->168
[2026-03-23T17:27:50.178+0900][3.154s][info][gc,metaspace] GC(232) Metaspace: 235K(448K)->235K(448K) NonClass: 220K(320K)->220K(320K) Class: 14K(128K)->14K(128K)
[2026-03-23T17:27:50.178+0900][3.154s][info][gc          ] GC(232) Pause Young (Concurrent Start) (G1 Humongous Allocation) 172M->169M(382M) 0.701ms
[2026-03-23T17:27:50.178+0900][3.154s][info][gc          ] GC(233) Concurrent Undo Cycle
[2026-03-23T17:27:50.178+0900][3.154s][info][gc,cpu      ] GC(232) User=0.00s Sys=0.00s Real=0.00s
[2026-03-23T17:27:50.178+0900][3.154s][info][gc,marking  ] GC(233) Concurrent Clear Claimed Marks
[2026-03-23T17:27:50.178+0900][3.154s][info][gc,marking  ] GC(233) Concurrent Clear Claimed Marks 0.018ms
[2026-03-23T17:27:50.178+0900][3.154s][info][gc,marking  ] GC(233) Concurrent Cleanup for Next Mark
[2026-03-23T17:27:50.178+0900][3.154s][info][gc,marking  ] GC(233) Concurrent Cleanup for Next Mark 0.037ms
[2026-03-23T17:27:50.178+0900][3.154s][info][gc          ] GC(233) Concurrent Undo Cycle 0.131ms
[2026-03-23T17:27:50.178+0900][3.154s][info][gc,start    ] GC(234) Pause Young (Concurrent Start) (G1 Humongous Allocation)
[2026-03-23T17:27:50.178+0900][3.154s][info][gc,task     ] GC(234) Using 9 workers of 11 for evacuation
[2026-03-23T17:27:50.179+0900][3.154s][info][gc,phases   ] GC(234)   Pre Evacuate Collection Set: 0.12ms
[2026-03-23T17:27:50.179+0900][3.154s][info][gc,phases   ] GC(234)   Merge Heap Roots: 0.03ms
[2026-03-23T17:27:50.179+0900][3.154s][info][gc,phases   ] GC(234)   Evacuate Collection Set: 0.12ms
[2026-03-23T17:27:50.179+0900][3.154s][info][gc,phases   ] GC(234)   Post Evacuate Collection Set: 0.09ms
[2026-03-23T17:27:50.179+0900][3.154s][info][gc,phases   ] GC(234)   Other: 0.04ms
[2026-03-23T17:27:50.179+0900][3.154s][info][gc,heap     ] GC(234) Eden regions: 1->0(189)
[2026-03-23T17:27:50.179+0900][3.154s][info][gc,heap     ] GC(234) Survivor regions: 1->1(24)
[2026-03-23T17:27:50.179+0900][3.154s][info][gc,heap     ] GC(234) Old regions: 3->3
[2026-03-23T17:27:50.179+0900][3.154s][info][gc,heap     ] GC(234) Humongous regions: 169->169
[2026-03-23T17:27:50.179+0900][3.154s][info][gc,metaspace] GC(234) Metaspace: 235K(448K)->235K(448K) NonClass: 220K(320K)->220K(320K) Class: 14K(128K)->14K(128K)
[2026-03-23T17:27:50.179+0900][3.154s][info][gc          ] GC(234) Pause Young (Concurrent Start) (G1 Humongous Allocation) 170M->170M(382M) 0.604ms
[2026-03-23T17:27:50.179+0900][3.154s][info][gc          ] GC(235) Concurrent Mark Cycle
[2026-03-23T17:27:50.179+0900][3.154s][info][gc,cpu      ] GC(234) User=0.00s Sys=0.00s Real=0.00s
[2026-03-23T17:27:50.179+0900][3.154s][info][gc,marking  ] GC(235) Concurrent Scan Root Regions
[2026-03-23T17:27:50.179+0900][3.154s][info][gc,marking  ] GC(235) Concurrent Scan Root Regions 0.067ms
[2026-03-23T17:27:50.179+0900][3.154s][info][gc,marking  ] GC(235) Concurrent Mark
[2026-03-23T17:27:50.179+0900][3.155s][info][gc,marking  ] GC(235) Concurrent Mark From Roots
[2026-03-23T17:27:50.179+0900][3.155s][info][gc,task     ] GC(235) Using 3 workers of 3 for marking
[2026-03-23T17:27:50.182+0900][3.157s][info][gc,marking  ] GC(235) Concurrent Mark From Roots 2.902ms
[2026-03-23T17:27:50.182+0900][3.157s][info][gc,marking  ] GC(235) Concurrent Preclean
[2026-03-23T17:27:50.182+0900][3.157s][info][gc,marking  ] GC(235) Concurrent Preclean 0.020ms
[2026-03-23T17:27:50.182+0900][3.158s][info][gc,start    ] GC(235) Pause Remark
[2026-03-23T17:27:50.183+0900][3.158s][info][gc          ] GC(235) Pause Remark 172M->31M(256M) 0.900ms
[2026-03-23T17:27:50.183+0900][3.158s][info][gc,cpu      ] GC(235) User=0.01s Sys=0.00s Real=0.00s
[2026-03-23T17:27:50.183+0900][3.158s][info][gc,marking  ] GC(235) Concurrent Mark 3.980ms
[2026-03-23T17:27:50.183+0900][3.158s][info][gc,marking  ] GC(235) Concurrent Rebuild Remembered Sets and Scrub Regions
[2026-03-23T17:27:50.184+0900][3.160s][info][gc,marking  ] GC(235) Concurrent Rebuild Remembered Sets and Scrub Regions 1.080ms
[2026-03-23T17:27:50.184+0900][3.160s][info][gc,start    ] GC(235) Pause Cleanup
[2026-03-23T17:27:50.184+0900][3.160s][info][gc          ] GC(235) Pause Cleanup 31M->31M(256M) 0.064ms
[2026-03-23T17:27:50.184+0900][3.160s][info][gc,cpu      ] GC(235) User=0.00s Sys=0.00s Real=0.00s
[2026-03-23T17:27:50.184+0900][3.160s][info][gc,marking  ] GC(235) Concurrent Clear Claimed Marks
[2026-03-23T17:27:50.184+0900][3.160s][info][gc,marking  ] GC(235) Concurrent Clear Claimed Marks 0.007ms
[2026-03-23T17:27:50.184+0900][3.160s][info][gc,marking  ] GC(235) Concurrent Cleanup for Next Mark
[2026-03-23T17:27:50.184+0900][3.160s][info][gc,marking  ] GC(235) Concurrent Cleanup for Next Mark 0.184ms
[2026-03-23T17:27:50.184+0900][3.160s][info][gc          ] GC(235) Concurrent Mark Cycle 5.535ms
[2026-03-23T17:27:51.125+0900][4.100s][info][gc,start    ] GC(236) Pause Young (Prepare Mixed) (G1 Humongous Allocation)
[2026-03-23T17:27:51.125+0900][4.101s][info][gc,task     ] GC(236) Using 11 workers of 11 for evacuation
[2026-03-23T17:27:51.126+0900][4.102s][info][gc,phases   ] GC(236)   Pre Evacuate Collection Set: 0.33ms
[2026-03-23T17:27:51.127+0900][4.102s][info][gc,phases   ] GC(236)   Merge Heap Roots: 0.05ms
[2026-03-23T17:27:51.127+0900][4.102s][info][gc,phases   ] GC(236)   Evacuate Collection Set: 0.14ms
[2026-03-23T17:27:51.127+0900][4.102s][info][gc,phases   ] GC(236)   Post Evacuate Collection Set: 0.82ms
[2026-03-23T17:27:51.127+0900][4.102s][info][gc,phases   ] GC(236)   Other: 0.36ms
[2026-03-23T17:27:51.127+0900][4.102s][info][gc,heap     ] GC(236) Eden regions: 1->0(307)
[2026-03-23T17:27:51.127+0900][4.102s][info][gc,heap     ] GC(236) Survivor regions: 1->0(0)
[2026-03-23T17:27:51.127+0900][4.102s][info][gc,heap     ] GC(236) Old regions: 3->5
[2026-03-23T17:27:51.127+0900][4.102s][info][gc,heap     ] GC(236) Humongous regions: 507->78
[2026-03-23T17:27:51.127+0900][4.102s][info][gc,metaspace] GC(236) Metaspace: 235K(448K)->235K(448K) NonClass: 220K(320K)->220K(320K) Class: 14K(128K)->14K(128K)
[2026-03-23T17:27:51.127+0900][4.102s][info][gc          ] GC(236) Pause Young (Prepare Mixed) (G1 Humongous Allocation) (Evacuation Failure) 508M->79M(512M) 2.137ms
[2026-03-23T17:27:51.127+0900][4.102s][info][gc,cpu      ] GC(236) User=0.00s Sys=0.00s Real=0.00s
[2026-03-23T17:27:51.931+0900][4.906s][info][gc,start    ] GC(237) Pause Young (Mixed) (G1 Humongous Allocation)
[2026-03-23T17:27:51.931+0900][4.906s][info][gc,task     ] GC(237) Using 11 workers of 11 for evacuation
[2026-03-23T17:27:51.932+0900][4.908s][info][gc,phases   ] GC(237)   Pre Evacuate Collection Set: 0.29ms
[2026-03-23T17:27:51.932+0900][4.908s][info][gc,phases   ] GC(237)   Merge Heap Roots: 0.07ms
[2026-03-23T17:27:51.932+0900][4.908s][info][gc,phases   ] GC(237)   Evacuate Collection Set: 0.30ms
[2026-03-23T17:27:51.932+0900][4.908s][info][gc,phases   ] GC(237)   Post Evacuate Collection Set: 0.80ms
[2026-03-23T17:27:51.932+0900][4.908s][info][gc,phases   ] GC(237)   Other: 0.11ms
[2026-03-23T17:27:51.933+0900][4.908s][info][gc,heap     ] GC(237) Eden regions: 1->0(307)
[2026-03-23T17:27:51.933+0900][4.908s][info][gc,heap     ] GC(237) Survivor regions: 0->0(1)
[2026-03-23T17:27:51.933+0900][4.908s][info][gc,heap     ] GC(237) Old regions: 5->5
[2026-03-23T17:27:51.933+0900][4.908s][info][gc,heap     ] GC(237) Humongous regions: 505->128
[2026-03-23T17:27:51.933+0900][4.908s][info][gc,metaspace] GC(237) Metaspace: 236K(448K)->236K(448K) NonClass: 222K(320K)->222K(320K) Class: 14K(128K)->14K(128K)
[2026-03-23T17:27:51.933+0900][4.908s][info][gc          ] GC(237) Pause Young (Mixed) (G1 Humongous Allocation) 507M->129M(512M) 2.017ms
[2026-03-23T17:27:51.933+0900][4.908s][info][gc,cpu      ] GC(237) User=0.00s Sys=0.01s Real=0.00s
[2026-03-23T17:27:52.120+0900][5.096s][info][gc,start    ] GC(238) Pause Young (Concurrent Start) (G1 Humongous Allocation)
[2026-03-23T17:27:52.120+0900][5.096s][info][gc,task     ] GC(238) Using 11 workers of 11 for evacuation
[2026-03-23T17:27:52.121+0900][5.097s][info][gc,phases   ] GC(238)   Pre Evacuate Collection Set: 0.19ms
[2026-03-23T17:27:52.121+0900][5.097s][info][gc,phases   ] GC(238)   Merge Heap Roots: 0.05ms
[2026-03-23T17:27:52.121+0900][5.097s][info][gc,phases   ] GC(238)   Evacuate Collection Set: 0.24ms
[2026-03-23T17:27:52.121+0900][5.097s][info][gc,phases   ] GC(238)   Post Evacuate Collection Set: 0.19ms
[2026-03-23T17:27:52.121+0900][5.097s][info][gc,phases   ] GC(238)   Other: 0.14ms
[2026-03-23T17:27:52.121+0900][5.097s][info][gc,heap     ] GC(238) Eden regions: 1->0(306)
[2026-03-23T17:27:52.121+0900][5.097s][info][gc,heap     ] GC(238) Survivor regions: 0->1(39)
[2026-03-23T17:27:52.121+0900][5.097s][info][gc,heap     ] GC(238) Old regions: 5->5
[2026-03-23T17:27:52.121+0900][5.097s][info][gc,heap     ] GC(238) Humongous regions: 226->142
[2026-03-23T17:27:52.121+0900][5.097s][info][gc,metaspace] GC(238) Metaspace: 236K(448K)->236K(448K) NonClass: 222K(320K)->222K(320K) Class: 14K(128K)->14K(128K)
[2026-03-23T17:27:52.121+0900][5.097s][info][gc          ] GC(238) Pause Young (Concurrent Start) (G1 Humongous Allocation) 228M->143M(512M) 1.316ms
[2026-03-23T17:27:52.122+0900][5.097s][info][gc,cpu      ] GC(238) User=0.00s Sys=0.00s Real=0.00s
[2026-03-23T17:27:52.122+0900][5.097s][info][gc          ] GC(239) Concurrent Undo Cycle
[2026-03-23T17:27:52.122+0900][5.097s][info][gc,marking  ] GC(239) Concurrent Clear Claimed Marks
[2026-03-23T17:27:52.122+0900][5.097s][info][gc,marking  ] GC(239) Concurrent Clear Claimed Marks 0.034ms
[2026-03-23T17:27:52.122+0900][5.097s][info][gc,marking  ] GC(239) Concurrent Cleanup for Next Mark
[2026-03-23T17:27:52.122+0900][5.097s][info][gc,marking  ] GC(239) Concurrent Cleanup for Next Mark 0.096ms
[2026-03-23T17:27:52.122+0900][5.097s][info][gc          ] GC(239) Concurrent Undo Cycle 0.303ms
[2026-03-23T17:27:52.277+0900][5.252s][info][gc,start    ] GC(240) Pause Young (Concurrent Start) (G1 Humongous Allocation)
[2026-03-23T17:27:52.277+0900][5.252s][info][gc,task     ] GC(240) Using 11 workers of 11 for evacuation
[2026-03-23T17:27:52.277+0900][5.253s][info][gc,phases   ] GC(240)   Pre Evacuate Collection Set: 0.14ms
[2026-03-23T17:27:52.278+0900][5.253s][info][gc,phases   ] GC(240)   Merge Heap Roots: 0.03ms
[2026-03-23T17:27:52.278+0900][5.253s][info][gc,phases   ] GC(240)   Evacuate Collection Set: 0.18ms
[2026-03-23T17:27:52.278+0900][5.253s][info][gc,phases   ] GC(240)   Post Evacuate Collection Set: 0.20ms
[2026-03-23T17:27:52.278+0900][5.253s][info][gc,phases   ] GC(240)   Other: 0.07ms
[2026-03-23T17:27:52.278+0900][5.253s][info][gc,heap     ] GC(240) Eden regions: 1->0(306)
[2026-03-23T17:27:52.278+0900][5.253s][info][gc,heap     ] GC(240) Survivor regions: 1->1(39)
[2026-03-23T17:27:52.278+0900][5.253s][info][gc,heap     ] GC(240) Old regions: 5->5
[2026-03-23T17:27:52.278+0900][5.253s][info][gc,heap     ] GC(240) Humongous regions: 226->151
[2026-03-23T17:27:52.278+0900][5.253s][info][gc,metaspace] GC(240) Metaspace: 236K(448K)->236K(448K) NonClass: 222K(320K)->222K(320K) Class: 14K(128K)->14K(128K)
[2026-03-23T17:27:52.278+0900][5.253s][info][gc          ] GC(240) Pause Young (Concurrent Start) (G1 Humongous Allocation) 228M->152M(512M) 1.006ms
[2026-03-23T17:27:52.278+0900][5.253s][info][gc,cpu      ] GC(240) User=0.00s Sys=0.00s Real=0.00s
[2026-03-23T17:27:52.278+0900][5.253s][info][gc          ] GC(241) Concurrent Undo Cycle
[2026-03-23T17:27:52.278+0900][5.253s][info][gc,marking  ] GC(241) Concurrent Clear Claimed Marks
[2026-03-23T17:27:52.278+0900][5.253s][info][gc,marking  ] GC(241) Concurrent Clear Claimed Marks 0.033ms
[2026-03-23T17:27:52.278+0900][5.254s][info][gc,marking  ] GC(241) Concurrent Cleanup for Next Mark
[2026-03-23T17:27:52.278+0900][5.254s][info][gc,marking  ] GC(241) Concurrent Cleanup for Next Mark 0.098ms
[2026-03-23T17:27:52.278+0900][5.254s][info][gc          ] GC(241) Concurrent Undo Cycle 0.312ms
[2026-03-23T17:27:52.416+0900][5.391s][info][gc,start    ] GC(242) Pause Young (Concurrent Start) (G1 Humongous Allocation)
[2026-03-23T17:27:52.416+0900][5.392s][info][gc,task     ] GC(242) Using 11 workers of 11 for evacuation
[2026-03-23T17:27:52.417+0900][5.393s][info][gc,phases   ] GC(242)   Pre Evacuate Collection Set: 0.28ms
[2026-03-23T17:27:52.417+0900][5.393s][info][gc,phases   ] GC(242)   Merge Heap Roots: 0.08ms
[2026-03-23T17:27:52.417+0900][5.393s][info][gc,phases   ] GC(242)   Evacuate Collection Set: 0.35ms
[2026-03-23T17:27:52.417+0900][5.393s][info][gc,phases   ] GC(242)   Post Evacuate Collection Set: 0.27ms
[2026-03-23T17:27:52.417+0900][5.393s][info][gc,phases   ] GC(242)   Other: 0.13ms
[2026-03-23T17:27:52.417+0900][5.393s][info][gc,heap     ] GC(242) Eden regions: 1->0(306)
[2026-03-23T17:27:52.417+0900][5.393s][info][gc,heap     ] GC(242) Survivor regions: 1->1(39)
[2026-03-23T17:27:52.417+0900][5.393s][info][gc,heap     ] GC(242) Old regions: 5->5
[2026-03-23T17:27:52.417+0900][5.393s][info][gc,heap     ] GC(242) Humongous regions: 226->133
[2026-03-23T17:27:52.417+0900][5.393s][info][gc,metaspace] GC(242) Metaspace: 236K(448K)->236K(448K) NonClass: 222K(320K)->222K(320K) Class: 14K(128K)->14K(128K)
[2026-03-23T17:27:52.417+0900][5.393s][info][gc          ] GC(242) Pause Young (Concurrent Start) (G1 Humongous Allocation) 228M->134M(512M) 1.575ms
[2026-03-23T17:27:52.418+0900][5.393s][info][gc,cpu      ] GC(242) User=0.00s Sys=0.00s Real=0.00s
[2026-03-23T17:27:52.418+0900][5.393s][info][gc          ] GC(243) Concurrent Undo Cycle
[2026-03-23T17:27:52.418+0900][5.393s][info][gc,marking  ] GC(243) Concurrent Clear Claimed Marks
[2026-03-23T17:27:52.418+0900][5.393s][info][gc,marking  ] GC(243) Concurrent Clear Claimed Marks 0.205ms
[2026-03-23T17:27:52.418+0900][5.393s][info][gc,marking  ] GC(243) Concurrent Cleanup for Next Mark
[2026-03-23T17:27:52.418+0900][5.394s][info][gc,marking  ] GC(243) Concurrent Cleanup for Next Mark 0.304ms
[2026-03-23T17:27:52.418+0900][5.394s][info][gc          ] GC(243) Concurrent Undo Cycle 0.729ms
[2026-03-23T17:27:52.594+0900][5.570s][info][gc,start    ] GC(244) Pause Young (Concurrent Start) (G1 Humongous Allocation)
[2026-03-23T17:27:52.594+0900][5.570s][info][gc,task     ] GC(244) Using 11 workers of 11 for evacuation
[2026-03-23T17:27:52.595+0900][5.571s][info][gc,phases   ] GC(244)   Pre Evacuate Collection Set: 0.22ms
[2026-03-23T17:27:52.595+0900][5.571s][info][gc,phases   ] GC(244)   Merge Heap Roots: 0.05ms
[2026-03-23T17:27:52.595+0900][5.571s][info][gc,phases   ] GC(244)   Evacuate Collection Set: 0.24ms
[2026-03-23T17:27:52.595+0900][5.571s][info][gc,phases   ] GC(244)   Post Evacuate Collection Set: 0.16ms
[2026-03-23T17:27:52.595+0900][5.571s][info][gc,phases   ] GC(244)   Other: 0.11ms
[2026-03-23T17:27:52.595+0900][5.571s][info][gc,heap     ] GC(244) Eden regions: 1->0(306)
[2026-03-23T17:27:52.595+0900][5.571s][info][gc,heap     ] GC(244) Survivor regions: 1->1(39)
[2026-03-23T17:27:52.595+0900][5.571s][info][gc,heap     ] GC(244) Old regions: 5->5
[2026-03-23T17:27:52.595+0900][5.571s][info][gc,heap     ] GC(244) Humongous regions: 226->142
[2026-03-23T17:27:52.595+0900][5.571s][info][gc,metaspace] GC(244) Metaspace: 236K(448K)->236K(448K) NonClass: 222K(320K)->222K(320K) Class: 14K(128K)->14K(128K)
[2026-03-23T17:27:52.595+0900][5.571s][info][gc          ] GC(244) Pause Young (Concurrent Start) (G1 Humongous Allocation) 228M->143M(512M) 1.165ms
[2026-03-23T17:27:52.595+0900][5.571s][info][gc,cpu      ] GC(244) User=0.00s Sys=0.00s Real=0.00s
[2026-03-23T17:27:52.595+0900][5.571s][info][gc          ] GC(245) Concurrent Undo Cycle
[2026-03-23T17:27:52.596+0900][5.571s][info][gc,marking  ] GC(245) Concurrent Clear Claimed Marks
[2026-03-23T17:27:52.596+0900][5.571s][info][gc,marking  ] GC(245) Concurrent Clear Claimed Marks 0.039ms
[2026-03-23T17:27:52.596+0900][5.571s][info][gc,marking  ] GC(245) Concurrent Cleanup for Next Mark
[2026-03-23T17:27:52.596+0900][5.571s][info][gc,marking  ] GC(245) Concurrent Cleanup for Next Mark 0.124ms
[2026-03-23T17:27:52.596+0900][5.571s][info][gc          ] GC(245) Concurrent Undo Cycle 0.342ms
[2026-03-23T17:27:52.754+0900][5.729s][info][gc,start    ] GC(246) Pause Young (Concurrent Start) (G1 Humongous Allocation)
[2026-03-23T17:27:52.754+0900][5.729s][info][gc,task     ] GC(246) Using 11 workers of 11 for evacuation
[2026-03-23T17:27:52.755+0900][5.730s][info][gc,phases   ] GC(246)   Pre Evacuate Collection Set: 0.25ms
[2026-03-23T17:27:52.755+0900][5.730s][info][gc,phases   ] GC(246)   Merge Heap Roots: 0.07ms
[2026-03-23T17:27:52.755+0900][5.730s][info][gc,phases   ] GC(246)   Evacuate Collection Set: 0.27ms
[2026-03-23T17:27:52.755+0900][5.730s][info][gc,phases   ] GC(246)   Post Evacuate Collection Set: 0.20ms
[2026-03-23T17:27:52.755+0900][5.730s][info][gc,phases   ] GC(246)   Other: 0.09ms
[2026-03-23T17:27:52.755+0900][5.731s][info][gc,heap     ] GC(246) Eden regions: 1->0(306)
[2026-03-23T17:27:52.755+0900][5.731s][info][gc,heap     ] GC(246) Survivor regions: 1->1(39)
[2026-03-23T17:27:52.755+0900][5.731s][info][gc,heap     ] GC(246) Old regions: 5->5
[2026-03-23T17:27:52.755+0900][5.731s][info][gc,heap     ] GC(246) Humongous regions: 226->151
[2026-03-23T17:27:52.755+0900][5.731s][info][gc,metaspace] GC(246) Metaspace: 236K(448K)->236K(448K) NonClass: 222K(320K)->222K(320K) Class: 14K(128K)->14K(128K)
[2026-03-23T17:27:52.755+0900][5.731s][info][gc          ] GC(246) Pause Young (Concurrent Start) (G1 Humongous Allocation) 228M->152M(512M) 1.295ms
[2026-03-23T17:27:52.755+0900][5.731s][info][gc          ] GC(247) Concurrent Undo Cycle
[2026-03-23T17:27:52.755+0900][5.731s][info][gc,cpu      ] GC(246) User=0.00s Sys=0.00s Real=0.00s
[2026-03-23T17:27:52.755+0900][5.731s][info][gc,marking  ] GC(247) Concurrent Clear Claimed Marks
[2026-03-23T17:27:52.755+0900][5.731s][info][gc,marking  ] GC(247) Concurrent Clear Claimed Marks 0.026ms
[2026-03-23T17:27:52.755+0900][5.731s][info][gc,marking  ] GC(247) Concurrent Cleanup for Next Mark
[2026-03-23T17:27:52.755+0900][5.731s][info][gc,marking  ] GC(247) Concurrent Cleanup for Next Mark 0.081ms
[2026-03-23T17:27:52.755+0900][5.731s][info][gc          ] GC(247) Concurrent Undo Cycle 0.284ms
[2026-03-23T17:27:52.895+0900][5.871s][info][gc,start    ] GC(248) Pause Young (Concurrent Start) (G1 Humongous Allocation)
[2026-03-23T17:27:52.896+0900][5.871s][info][gc,task     ] GC(248) Using 11 workers of 11 for evacuation
[2026-03-23T17:27:52.897+0900][5.872s][info][gc,phases   ] GC(248)   Pre Evacuate Collection Set: 0.26ms
[2026-03-23T17:27:52.897+0900][5.872s][info][gc,phases   ] GC(248)   Merge Heap Roots: 0.06ms
[2026-03-23T17:27:52.897+0900][5.872s][info][gc,phases   ] GC(248)   Evacuate Collection Set: 0.27ms
[2026-03-23T17:27:52.897+0900][5.872s][info][gc,phases   ] GC(248)   Post Evacuate Collection Set: 0.22ms
[2026-03-23T17:27:52.897+0900][5.872s][info][gc,phases   ] GC(248)   Other: 0.13ms
[2026-03-23T17:27:52.897+0900][5.872s][info][gc,heap     ] GC(248) Eden regions: 1->0(306)
[2026-03-23T17:27:52.897+0900][5.872s][info][gc,heap     ] GC(248) Survivor regions: 1->1(39)
[2026-03-23T17:27:52.897+0900][5.872s][info][gc,heap     ] GC(248) Old regions: 5->5
[2026-03-23T17:27:52.897+0900][5.872s][info][gc,heap     ] GC(248) Humongous regions: 226->160
[2026-03-23T17:27:52.897+0900][5.872s][info][gc,metaspace] GC(248) Metaspace: 236K(448K)->236K(448K) NonClass: 222K(320K)->222K(320K) Class: 14K(128K)->14K(128K)
[2026-03-23T17:27:52.897+0900][5.872s][info][gc          ] GC(248) Pause Young (Concurrent Start) (G1 Humongous Allocation) 228M->161M(512M) 1.375ms
[2026-03-23T17:27:52.897+0900][5.872s][info][gc,cpu      ] GC(248) User=0.01s Sys=0.00s Real=0.00s
[2026-03-23T17:27:52.897+0900][5.872s][info][gc          ] GC(249) Concurrent Undo Cycle
[2026-03-23T17:27:52.897+0900][5.873s][info][gc,marking  ] GC(249) Concurrent Clear Claimed Marks
[2026-03-23T17:27:52.897+0900][5.873s][info][gc,marking  ] GC(249) Concurrent Clear Claimed Marks 0.041ms
[2026-03-23T17:27:52.897+0900][5.873s][info][gc,marking  ] GC(249) Concurrent Cleanup for Next Mark
[2026-03-23T17:27:52.897+0900][5.873s][info][gc,marking  ] GC(249) Concurrent Cleanup for Next Mark 0.086ms
[2026-03-23T17:27:52.897+0900][5.873s][info][gc          ] GC(249) Concurrent Undo Cycle 0.321ms
[2026-03-23T17:27:53.019+0900][5.994s][info][gc,start    ] GC(250) Pause Young (Concurrent Start) (G1 Humongous Allocation)
[2026-03-23T17:27:53.019+0900][5.995s][info][gc,task     ] GC(250) Using 11 workers of 11 for evacuation
[2026-03-23T17:27:53.020+0900][5.995s][info][gc,phases   ] GC(250)   Pre Evacuate Collection Set: 0.16ms
[2026-03-23T17:27:53.020+0900][5.995s][info][gc,phases   ] GC(250)   Merge Heap Roots: 0.04ms
[2026-03-23T17:27:53.020+0900][5.995s][info][gc,phases   ] GC(250)   Evacuate Collection Set: 0.23ms
[2026-03-23T17:27:53.020+0900][5.995s][info][gc,phases   ] GC(250)   Post Evacuate Collection Set: 0.15ms
[2026-03-23T17:27:53.020+0900][5.995s][info][gc,phases   ] GC(250)   Other: 0.09ms
[2026-03-23T17:27:53.020+0900][5.995s][info][gc,heap     ] GC(250) Eden regions: 1->0(306)
[2026-03-23T17:27:53.020+0900][5.995s][info][gc,heap     ] GC(250) Survivor regions: 1->1(39)
[2026-03-23T17:27:53.020+0900][5.995s][info][gc,heap     ] GC(250) Old regions: 5->5
[2026-03-23T17:27:53.020+0900][5.995s][info][gc,heap     ] GC(250) Humongous regions: 226->169
[2026-03-23T17:27:53.020+0900][5.995s][info][gc,metaspace] GC(250) Metaspace: 236K(448K)->236K(448K) NonClass: 222K(320K)->222K(320K) Class: 14K(128K)->14K(128K)
[2026-03-23T17:27:53.020+0900][5.995s][info][gc          ] GC(250) Pause Young (Concurrent Start) (G1 Humongous Allocation) 228M->170M(512M) 1.004ms
[2026-03-23T17:27:53.020+0900][5.995s][info][gc,cpu      ] GC(250) User=0.00s Sys=0.00s Real=0.01s
[2026-03-23T17:27:53.020+0900][5.995s][info][gc          ] GC(251) Concurrent Undo Cycle
[2026-03-23T17:27:53.020+0900][5.996s][info][gc,marking  ] GC(251) Concurrent Clear Claimed Marks
[2026-03-23T17:27:53.020+0900][5.996s][info][gc,marking  ] GC(251) Concurrent Clear Claimed Marks 0.040ms
[2026-03-23T17:27:53.020+0900][5.996s][info][gc,marking  ] GC(251) Concurrent Cleanup for Next Mark
[2026-03-23T17:27:53.020+0900][5.996s][info][gc,marking  ] GC(251) Concurrent Cleanup for Next Mark 0.074ms
[2026-03-23T17:27:53.020+0900][5.996s][info][gc          ] GC(251) Concurrent Undo Cycle 0.275ms
[2026-03-23T17:27:53.121+0900][6.097s][info][gc,start    ] GC(252) Pause Young (Concurrent Start) (G1 Humongous Allocation)
[2026-03-23T17:27:53.121+0900][6.097s][info][gc,task     ] GC(252) Using 11 workers of 11 for evacuation
[2026-03-23T17:27:53.122+0900][6.098s][info][gc,phases   ] GC(252)   Pre Evacuate Collection Set: 0.13ms
[2026-03-23T17:27:53.122+0900][6.098s][info][gc,phases   ] GC(252)   Merge Heap Roots: 0.03ms
[2026-03-23T17:27:53.122+0900][6.098s][info][gc,phases   ] GC(252)   Evacuate Collection Set: 0.30ms
[2026-03-23T17:27:53.122+0900][6.098s][info][gc,phases   ] GC(252)   Post Evacuate Collection Set: 0.25ms
[2026-03-23T17:27:53.122+0900][6.098s][info][gc,phases   ] GC(252)   Other: 0.09ms
[2026-03-23T17:27:53.122+0900][6.098s][info][gc,heap     ] GC(252) Eden regions: 1->0(304)
[2026-03-23T17:27:53.122+0900][6.098s][info][gc,heap     ] GC(252) Survivor regions: 1->1(39)
[2026-03-23T17:27:53.122+0900][6.098s][info][gc,heap     ] GC(252) Old regions: 5->5
[2026-03-23T17:27:53.122+0900][6.098s][info][gc,heap     ] GC(252) Humongous regions: 226->175
[2026-03-23T17:27:53.122+0900][6.098s][info][gc,metaspace] GC(252) Metaspace: 236K(448K)->236K(448K) NonClass: 222K(320K)->222K(320K) Class: 14K(128K)->14K(128K)
[2026-03-23T17:27:53.123+0900][6.098s][info][gc          ] GC(252) Pause Young (Concurrent Start) (G1 Humongous Allocation) 228M->176M(512M) 1.141ms
[2026-03-23T17:27:53.123+0900][6.098s][info][gc,cpu      ] GC(252) User=0.01s Sys=0.00s Real=0.00s
[2026-03-23T17:27:53.123+0900][6.098s][info][gc          ] GC(253) Concurrent Undo Cycle
[2026-03-23T17:27:53.123+0900][6.098s][info][gc,marking  ] GC(253) Concurrent Clear Claimed Marks
[2026-03-23T17:27:53.123+0900][6.098s][info][gc,marking  ] GC(253) Concurrent Clear Claimed Marks 0.036ms
[2026-03-23T17:27:53.123+0900][6.098s][info][gc,marking  ] GC(253) Concurrent Cleanup for Next Mark
[2026-03-23T17:27:53.123+0900][6.098s][info][gc,marking  ] GC(253) Concurrent Cleanup for Next Mark 0.086ms
[2026-03-23T17:27:53.123+0900][6.098s][info][gc          ] GC(253) Concurrent Undo Cycle 0.338ms
[2026-03-23T17:27:53.216+0900][6.192s][info][gc,start    ] GC(254) Pause Young (Concurrent Start) (G1 Humongous Allocation)
[2026-03-23T17:27:53.216+0900][6.192s][info][gc,task     ] GC(254) Using 11 workers of 11 for evacuation
[2026-03-23T17:27:53.217+0900][6.193s][info][gc,phases   ] GC(254)   Pre Evacuate Collection Set: 0.19ms
[2026-03-23T17:27:53.217+0900][6.193s][info][gc,phases   ] GC(254)   Merge Heap Roots: 0.05ms
[2026-03-23T17:27:53.217+0900][6.193s][info][gc,phases   ] GC(254)   Evacuate Collection Set: 0.35ms
[2026-03-23T17:27:53.218+0900][6.193s][info][gc,phases   ] GC(254)   Post Evacuate Collection Set: 0.24ms
[2026-03-23T17:27:53.218+0900][6.193s][info][gc,phases   ] GC(254)   Other: 0.11ms
[2026-03-23T17:27:53.218+0900][6.193s][info][gc,heap     ] GC(254) Eden regions: 1->0(298)
[2026-03-23T17:27:53.218+0900][6.193s][info][gc,heap     ] GC(254) Survivor regions: 1->1(39)
[2026-03-23T17:27:53.218+0900][6.193s][info][gc,heap     ] GC(254) Old regions: 5->5
[2026-03-23T17:27:53.218+0900][6.193s][info][gc,heap     ] GC(254) Humongous regions: 226->181
[2026-03-23T17:27:53.218+0900][6.193s][info][gc,metaspace] GC(254) Metaspace: 236K(448K)->236K(448K) NonClass: 222K(320K)->222K(320K) Class: 14K(128K)->14K(128K)
[2026-03-23T17:27:53.218+0900][6.193s][info][gc          ] GC(254) Pause Young (Concurrent Start) (G1 Humongous Allocation) 228M->182M(512M) 1.307ms
[2026-03-23T17:27:53.218+0900][6.193s][info][gc,cpu      ] GC(254) User=0.00s Sys=0.00s Real=0.00s
[2026-03-23T17:27:53.218+0900][6.193s][info][gc          ] GC(255) Concurrent Undo Cycle
[2026-03-23T17:27:53.218+0900][6.193s][info][gc,marking  ] GC(255) Concurrent Clear Claimed Marks
[2026-03-23T17:27:53.218+0900][6.193s][info][gc,marking  ] GC(255) Concurrent Clear Claimed Marks 0.041ms
[2026-03-23T17:27:53.218+0900][6.193s][info][gc,marking  ] GC(255) Concurrent Cleanup for Next Mark
[2026-03-23T17:27:53.218+0900][6.193s][info][gc,marking  ] GC(255) Concurrent Cleanup for Next Mark 0.091ms
[2026-03-23T17:27:53.219+0900][6.195s][info][gc          ] GC(255) Concurrent Undo Cycle 1.268ms
[2026-03-23T17:27:53.305+0900][6.281s][info][gc,start    ] GC(256) Pause Young (Concurrent Start) (G1 Humongous Allocation)
[2026-03-23T17:27:53.305+0900][6.281s][info][gc,task     ] GC(256) Using 11 workers of 11 for evacuation
[2026-03-23T17:27:53.307+0900][6.282s][info][gc,phases   ] GC(256)   Pre Evacuate Collection Set: 0.23ms
[2026-03-23T17:27:53.307+0900][6.282s][info][gc,phases   ] GC(256)   Merge Heap Roots: 0.05ms
[2026-03-23T17:27:53.307+0900][6.282s][info][gc,phases   ] GC(256)   Evacuate Collection Set: 0.88ms
[2026-03-23T17:27:53.307+0900][6.282s][info][gc,phases   ] GC(256)   Post Evacuate Collection Set: 0.16ms
[2026-03-23T17:27:53.307+0900][6.282s][info][gc,phases   ] GC(256)   Other: 0.10ms
[2026-03-23T17:27:53.307+0900][6.282s][info][gc,heap     ] GC(256) Eden regions: 1->0(295)
[2026-03-23T17:27:53.307+0900][6.282s][info][gc,heap     ] GC(256) Survivor regions: 1->1(38)
[2026-03-23T17:27:53.307+0900][6.282s][info][gc,heap     ] GC(256) Old regions: 5->5
[2026-03-23T17:27:53.307+0900][6.282s][info][gc,heap     ] GC(256) Humongous regions: 226->184
[2026-03-23T17:27:53.307+0900][6.282s][info][gc,metaspace] GC(256) Metaspace: 236K(448K)->236K(448K) NonClass: 222K(320K)->222K(320K) Class: 14K(128K)->14K(128K)
[2026-03-23T17:27:53.307+0900][6.282s][info][gc          ] GC(256) Pause Young (Concurrent Start) (G1 Humongous Allocation) 228M->185M(512M) 1.781ms
[2026-03-23T17:27:53.307+0900][6.283s][info][gc,cpu      ] GC(256) User=0.00s Sys=0.01s Real=0.00s
[2026-03-23T17:27:53.307+0900][6.283s][info][gc          ] GC(257) Concurrent Undo Cycle
[2026-03-23T17:27:53.307+0900][6.283s][info][gc,marking  ] GC(257) Concurrent Clear Claimed Marks
[2026-03-23T17:27:53.307+0900][6.283s][info][gc,marking  ] GC(257) Concurrent Clear Claimed Marks 0.084ms
[2026-03-23T17:27:53.307+0900][6.283s][info][gc,marking  ] GC(257) Concurrent Cleanup for Next Mark
[2026-03-23T17:27:53.307+0900][6.283s][info][gc,marking  ] GC(257) Concurrent Cleanup for Next Mark 0.066ms
[2026-03-23T17:27:53.307+0900][6.283s][info][gc          ] GC(257) Concurrent Undo Cycle 0.291ms
[2026-03-23T17:27:53.381+0900][6.357s][info][gc,start    ] GC(258) Pause Young (Concurrent Start) (G1 Humongous Allocation)
[2026-03-23T17:27:53.381+0900][6.357s][info][gc,task     ] GC(258) Using 11 workers of 11 for evacuation
[2026-03-23T17:27:53.382+0900][6.358s][info][gc,phases   ] GC(258)   Pre Evacuate Collection Set: 0.19ms
[2026-03-23T17:27:53.382+0900][6.358s][info][gc,phases   ] GC(258)   Merge Heap Roots: 0.04ms
[2026-03-23T17:27:53.382+0900][6.358s][info][gc,phases   ] GC(258)   Evacuate Collection Set: 0.22ms
[2026-03-23T17:27:53.382+0900][6.358s][info][gc,phases   ] GC(258)   Post Evacuate Collection Set: 0.18ms
[2026-03-23T17:27:53.382+0900][6.358s][info][gc,phases   ] GC(258)   Other: 0.10ms
[2026-03-23T17:27:53.382+0900][6.358s][info][gc,heap     ] GC(258) Eden regions: 1->0(289)
[2026-03-23T17:27:53.382+0900][6.358s][info][gc,heap     ] GC(258) Survivor regions: 1->1(37)
[2026-03-23T17:27:53.382+0900][6.358s][info][gc,heap     ] GC(258) Old regions: 5->5
[2026-03-23T17:27:53.382+0900][6.358s][info][gc,heap     ] GC(258) Humongous regions: 226->190
[2026-03-23T17:27:53.382+0900][6.358s][info][gc,metaspace] GC(258) Metaspace: 236K(448K)->236K(448K) NonClass: 222K(320K)->222K(320K) Class: 14K(128K)->14K(128K)
[2026-03-23T17:27:53.382+0900][6.358s][info][gc          ] GC(258) Pause Young (Concurrent Start) (G1 Humongous Allocation) 228M->191M(512M) 1.117ms
[2026-03-23T17:27:53.382+0900][6.358s][info][gc,cpu      ] GC(258) User=0.00s Sys=0.00s Real=0.00s
[2026-03-23T17:27:53.382+0900][6.358s][info][gc          ] GC(259) Concurrent Undo Cycle
[2026-03-23T17:27:53.383+0900][6.358s][info][gc,marking  ] GC(259) Concurrent Clear Claimed Marks
[2026-03-23T17:27:53.383+0900][6.358s][info][gc,marking  ] GC(259) Concurrent Clear Claimed Marks 0.045ms
[2026-03-23T17:27:53.383+0900][6.358s][info][gc,marking  ] GC(259) Concurrent Cleanup for Next Mark
[2026-03-23T17:27:53.383+0900][6.358s][info][gc,marking  ] GC(259) Concurrent Cleanup for Next Mark 0.082ms
[2026-03-23T17:27:53.383+0900][6.358s][info][gc          ] GC(259) Concurrent Undo Cycle 0.442ms
[2026-03-23T17:27:53.454+0900][6.430s][info][gc,start    ] GC(260) Pause Young (Concurrent Start) (G1 Humongous Allocation)
[2026-03-23T17:27:53.455+0900][6.430s][info][gc,task     ] GC(260) Using 11 workers of 11 for evacuation
[2026-03-23T17:27:53.455+0900][6.431s][info][gc,phases   ] GC(260)   Pre Evacuate Collection Set: 0.20ms
[2026-03-23T17:27:53.455+0900][6.431s][info][gc,phases   ] GC(260)   Merge Heap Roots: 0.04ms
[2026-03-23T17:27:53.455+0900][6.431s][info][gc,phases   ] GC(260)   Evacuate Collection Set: 0.22ms
[2026-03-23T17:27:53.455+0900][6.431s][info][gc,phases   ] GC(260)   Post Evacuate Collection Set: 0.16ms
[2026-03-23T17:27:53.455+0900][6.431s][info][gc,phases   ] GC(260)   Other: 0.10ms
[2026-03-23T17:27:53.455+0900][6.431s][info][gc,heap     ] GC(260) Eden regions: 1->0(286)
[2026-03-23T17:27:53.456+0900][6.431s][info][gc,heap     ] GC(260) Survivor regions: 1->1(37)
[2026-03-23T17:27:53.456+0900][6.431s][info][gc,heap     ] GC(260) Old regions: 5->5
[2026-03-23T17:27:53.456+0900][6.431s][info][gc,heap     ] GC(260) Humongous regions: 226->193
[2026-03-23T17:27:53.456+0900][6.431s][info][gc,metaspace] GC(260) Metaspace: 236K(448K)->236K(448K) NonClass: 222K(320K)->222K(320K) Class: 14K(128K)->14K(128K)
[2026-03-23T17:27:53.456+0900][6.431s][info][gc          ] GC(260) Pause Young (Concurrent Start) (G1 Humongous Allocation) 228M->194M(512M) 1.114ms
[2026-03-23T17:27:53.456+0900][6.431s][info][gc,cpu      ] GC(260) User=0.00s Sys=0.00s Real=0.00s
[2026-03-23T17:27:53.456+0900][6.431s][info][gc          ] GC(261) Concurrent Undo Cycle
[2026-03-23T17:27:53.456+0900][6.431s][info][gc,marking  ] GC(261) Concurrent Clear Claimed Marks
[2026-03-23T17:27:53.456+0900][6.431s][info][gc,marking  ] GC(261) Concurrent Clear Claimed Marks 0.050ms
[2026-03-23T17:27:53.457+0900][6.432s][info][gc,marking  ] GC(261) Concurrent Cleanup for Next Mark
[2026-03-23T17:27:53.457+0900][6.433s][info][gc,marking  ] GC(261) Concurrent Cleanup for Next Mark 0.474ms
[2026-03-23T17:27:53.457+0900][6.433s][info][gc          ] GC(261) Concurrent Undo Cycle 1.818ms
[2026-03-23T17:27:53.521+0900][6.497s][info][gc,start    ] GC(262) Pause Young (Concurrent Start) (G1 Humongous Allocation)
[2026-03-23T17:27:53.521+0900][6.497s][info][gc,task     ] GC(262) Using 11 workers of 11 for evacuation
[2026-03-23T17:27:53.522+0900][6.498s][info][gc,phases   ] GC(262)   Pre Evacuate Collection Set: 0.27ms
[2026-03-23T17:27:53.522+0900][6.498s][info][gc,phases   ] GC(262)   Merge Heap Roots: 0.06ms
[2026-03-23T17:27:53.522+0900][6.498s][info][gc,phases   ] GC(262)   Evacuate Collection Set: 0.28ms
[2026-03-23T17:27:53.522+0900][6.498s][info][gc,phases   ] GC(262)   Post Evacuate Collection Set: 0.21ms
[2026-03-23T17:27:53.522+0900][6.498s][info][gc,phases   ] GC(262)   Other: 0.11ms
[2026-03-23T17:27:53.522+0900][6.498s][info][gc,heap     ] GC(262) Eden regions: 1->0(283)
[2026-03-23T17:27:53.522+0900][6.498s][info][gc,heap     ] GC(262) Survivor regions: 1->1(36)
[2026-03-23T17:27:53.522+0900][6.498s][info][gc,heap     ] GC(262) Old regions: 5->5
[2026-03-23T17:27:53.522+0900][6.498s][info][gc,heap     ] GC(262) Humongous regions: 226->196
[2026-03-23T17:27:53.522+0900][6.498s][info][gc,metaspace] GC(262) Metaspace: 236K(448K)->236K(448K) NonClass: 222K(320K)->222K(320K) Class: 14K(128K)->14K(128K)
[2026-03-23T17:27:53.522+0900][6.498s][info][gc          ] GC(262) Pause Young (Concurrent Start) (G1 Humongous Allocation) 228M->197M(512M) 1.343ms
[2026-03-23T17:27:53.522+0900][6.498s][info][gc,cpu      ] GC(262) User=0.01s Sys=0.00s Real=0.00s
[2026-03-23T17:27:53.522+0900][6.498s][info][gc          ] GC(263) Concurrent Undo Cycle
[2026-03-23T17:27:53.523+0900][6.499s][info][gc,marking  ] GC(263) Concurrent Clear Claimed Marks
[2026-03-23T17:27:53.523+0900][6.499s][info][gc,marking  ] GC(263) Concurrent Clear Claimed Marks 0.076ms
[2026-03-23T17:27:53.523+0900][6.499s][info][gc,marking  ] GC(263) Concurrent Cleanup for Next Mark
[2026-03-23T17:27:53.523+0900][6.499s][info][gc,marking  ] GC(263) Concurrent Cleanup for Next Mark 0.108ms
[2026-03-23T17:27:53.523+0900][6.499s][info][gc          ] GC(263) Concurrent Undo Cycle 0.998ms
[2026-03-23T17:27:53.581+0900][6.556s][info][gc,start    ] GC(264) Pause Young (Concurrent Start) (G1 Humongous Allocation)
[2026-03-23T17:27:53.581+0900][6.556s][info][gc,task     ] GC(264) Using 11 workers of 11 for evacuation
[2026-03-23T17:27:53.583+0900][6.559s][info][gc,phases   ] GC(264)   Pre Evacuate Collection Set: 1.45ms
[2026-03-23T17:27:53.583+0900][6.559s][info][gc,phases   ] GC(264)   Merge Heap Roots: 0.10ms
[2026-03-23T17:27:53.583+0900][6.559s][info][gc,phases   ] GC(264)   Evacuate Collection Set: 0.40ms
[2026-03-23T17:27:53.583+0900][6.559s][info][gc,phases   ] GC(264)   Post Evacuate Collection Set: 0.29ms
[2026-03-23T17:27:53.583+0900][6.559s][info][gc,phases   ] GC(264)   Other: 0.25ms
[2026-03-23T17:27:53.584+0900][6.559s][info][gc,heap     ] GC(264) Eden regions: 1->0(280)
[2026-03-23T17:27:53.584+0900][6.559s][info][gc,heap     ] GC(264) Survivor regions: 1->1(36)
[2026-03-23T17:27:53.584+0900][6.560s][info][gc,heap     ] GC(264) Old regions: 5->5
[2026-03-23T17:27:53.584+0900][6.560s][info][gc,heap     ] GC(264) Humongous regions: 226->199
[2026-03-23T17:27:53.584+0900][6.560s][info][gc,metaspace] GC(264) Metaspace: 236K(448K)->236K(448K) NonClass: 222K(320K)->222K(320K) Class: 14K(128K)->14K(128K)
[2026-03-23T17:27:53.584+0900][6.560s][info][gc          ] GC(264) Pause Young (Concurrent Start) (G1 Humongous Allocation) 228M->200M(512M) 3.637ms
[2026-03-23T17:27:53.584+0900][6.560s][info][gc,cpu      ] GC(264) User=0.00s Sys=0.00s Real=0.00s
[2026-03-23T17:27:53.584+0900][6.560s][info][gc          ] GC(265) Concurrent Undo Cycle
[2026-03-23T17:27:53.584+0900][6.560s][info][gc,marking  ] GC(265) Concurrent Clear Claimed Marks
[2026-03-23T17:27:53.584+0900][6.560s][info][gc,marking  ] GC(265) Concurrent Clear Claimed Marks 0.042ms
[2026-03-23T17:27:53.584+0900][6.560s][info][gc,marking  ] GC(265) Concurrent Cleanup for Next Mark
[2026-03-23T17:27:53.584+0900][6.560s][info][gc,marking  ] GC(265) Concurrent Cleanup for Next Mark 0.098ms
[2026-03-23T17:27:53.585+0900][6.560s][info][gc          ] GC(265) Concurrent Undo Cycle 0.311ms
[2026-03-23T17:27:53.638+0900][6.614s][info][gc,start    ] GC(266) Pause Young (Concurrent Start) (G1 Humongous Allocation)
[2026-03-23T17:27:53.638+0900][6.614s][info][gc,task     ] GC(266) Using 11 workers of 11 for evacuation
[2026-03-23T17:27:53.639+0900][6.615s][info][gc,phases   ] GC(266)   Pre Evacuate Collection Set: 0.28ms
[2026-03-23T17:27:53.639+0900][6.615s][info][gc,phases   ] GC(266)   Merge Heap Roots: 0.07ms
[2026-03-23T17:27:53.639+0900][6.615s][info][gc,phases   ] GC(266)   Evacuate Collection Set: 0.32ms
[2026-03-23T17:27:53.639+0900][6.615s][info][gc,phases   ] GC(266)   Post Evacuate Collection Set: 0.21ms
[2026-03-23T17:27:53.640+0900][6.615s][info][gc,phases   ] GC(266)   Other: 0.13ms
[2026-03-23T17:27:53.640+0900][6.615s][info][gc,heap     ] GC(266) Eden regions: 1->0(277)
[2026-03-23T17:27:53.640+0900][6.615s][info][gc,heap     ] GC(266) Survivor regions: 1->1(36)
[2026-03-23T17:27:53.640+0900][6.616s][info][gc,heap     ] GC(266) Old regions: 5->5
[2026-03-23T17:27:53.640+0900][6.616s][info][gc,heap     ] GC(266) Humongous regions: 226->202
[2026-03-23T17:27:53.640+0900][6.616s][info][gc,metaspace] GC(266) Metaspace: 236K(448K)->236K(448K) NonClass: 222K(320K)->222K(320K) Class: 14K(128K)->14K(128K)
[2026-03-23T17:27:53.640+0900][6.616s][info][gc          ] GC(266) Pause Young (Concurrent Start) (G1 Humongous Allocation) 228M->203M(512M) 2.106ms
[2026-03-23T17:27:53.640+0900][6.616s][info][gc,cpu      ] GC(266) User=0.00s Sys=0.01s Real=0.01s
[2026-03-23T17:27:53.640+0900][6.616s][info][gc          ] GC(267) Concurrent Undo Cycle
[2026-03-23T17:27:53.640+0900][6.616s][info][gc,marking  ] GC(267) Concurrent Clear Claimed Marks
[2026-03-23T17:27:53.640+0900][6.616s][info][gc,marking  ] GC(267) Concurrent Clear Claimed Marks 0.052ms
[2026-03-23T17:27:53.640+0900][6.616s][info][gc,marking  ] GC(267) Concurrent Cleanup for Next Mark
[2026-03-23T17:27:53.640+0900][6.616s][info][gc,marking  ] GC(267) Concurrent Cleanup for Next Mark 0.110ms
[2026-03-23T17:27:53.641+0900][6.616s][info][gc          ] GC(267) Concurrent Undo Cycle 0.425ms
[2026-03-23T17:27:53.687+0900][6.663s][info][gc,start    ] GC(268) Pause Young (Concurrent Start) (G1 Humongous Allocation)
[2026-03-23T17:27:53.687+0900][6.663s][info][gc,task     ] GC(268) Using 11 workers of 11 for evacuation
[2026-03-23T17:27:53.688+0900][6.664s][info][gc,phases   ] GC(268)   Pre Evacuate Collection Set: 0.15ms
[2026-03-23T17:27:53.688+0900][6.664s][info][gc,phases   ] GC(268)   Merge Heap Roots: 0.03ms
[2026-03-23T17:27:53.688+0900][6.664s][info][gc,phases   ] GC(268)   Evacuate Collection Set: 0.58ms
[2026-03-23T17:27:53.688+0900][6.664s][info][gc,phases   ] GC(268)   Post Evacuate Collection Set: 0.18ms
[2026-03-23T17:27:53.688+0900][6.664s][info][gc,phases   ] GC(268)   Other: 0.12ms
[2026-03-23T17:27:53.688+0900][6.664s][info][gc,heap     ] GC(268) Eden regions: 1->0(274)
[2026-03-23T17:27:53.689+0900][6.664s][info][gc,heap     ] GC(268) Survivor regions: 1->1(35)
[2026-03-23T17:27:53.689+0900][6.664s][info][gc,heap     ] GC(268) Old regions: 5->5
[2026-03-23T17:27:53.689+0900][6.664s][info][gc,heap     ] GC(268) Humongous regions: 226->205
[2026-03-23T17:27:53.689+0900][6.664s][info][gc,metaspace] GC(268) Metaspace: 236K(448K)->236K(448K) NonClass: 222K(320K)->222K(320K) Class: 14K(128K)->14K(128K)
[2026-03-23T17:27:53.689+0900][6.664s][info][gc          ] GC(268) Pause Young (Concurrent Start) (G1 Humongous Allocation) 228M->206M(512M) 1.544ms
[2026-03-23T17:27:53.689+0900][6.664s][info][gc          ] GC(269) Concurrent Undo Cycle
[2026-03-23T17:27:53.689+0900][6.664s][info][gc,cpu      ] GC(268) User=0.00s Sys=0.00s Real=0.00s
[2026-03-23T17:27:53.689+0900][6.664s][info][gc,marking  ] GC(269) Concurrent Clear Claimed Marks
[2026-03-23T17:27:53.689+0900][6.664s][info][gc,marking  ] GC(269) Concurrent Clear Claimed Marks 0.154ms
[2026-03-23T17:27:53.689+0900][6.664s][info][gc,marking  ] GC(269) Concurrent Cleanup for Next Mark
[2026-03-23T17:27:53.689+0900][6.665s][info][gc,marking  ] GC(269) Concurrent Cleanup for Next Mark 0.228ms
[2026-03-23T17:27:53.689+0900][6.665s][info][gc          ] GC(269) Concurrent Undo Cycle 0.514ms
[2026-03-23T17:27:53.727+0900][6.702s][info][gc,start    ] GC(270) Pause Young (Concurrent Start) (G1 Humongous Allocation)
[2026-03-23T17:27:53.727+0900][6.702s][info][gc,task     ] GC(270) Using 11 workers of 11 for evacuation
[2026-03-23T17:27:53.728+0900][6.703s][info][gc,phases   ] GC(270)   Pre Evacuate Collection Set: 0.28ms
[2026-03-23T17:27:53.728+0900][6.703s][info][gc,phases   ] GC(270)   Merge Heap Roots: 0.04ms
[2026-03-23T17:27:53.728+0900][6.703s][info][gc,phases   ] GC(270)   Evacuate Collection Set: 0.21ms
[2026-03-23T17:27:53.728+0900][6.703s][info][gc,phases   ] GC(270)   Post Evacuate Collection Set: 0.11ms
[2026-03-23T17:27:53.728+0900][6.703s][info][gc,phases   ] GC(270)   Other: 0.10ms
[2026-03-23T17:27:53.728+0900][6.703s][info][gc,heap     ] GC(270) Eden regions: 1->0(271)
[2026-03-23T17:27:53.728+0900][6.703s][info][gc,heap     ] GC(270) Survivor regions: 1->1(35)
[2026-03-23T17:27:53.728+0900][6.703s][info][gc,heap     ] GC(270) Old regions: 5->5
[2026-03-23T17:27:53.728+0900][6.703s][info][gc,heap     ] GC(270) Humongous regions: 226->208
[2026-03-23T17:27:53.728+0900][6.703s][info][gc,metaspace] GC(270) Metaspace: 236K(448K)->236K(448K) NonClass: 222K(320K)->222K(320K) Class: 14K(128K)->14K(128K)
[2026-03-23T17:27:53.728+0900][6.703s][info][gc          ] GC(270) Pause Young (Concurrent Start) (G1 Humongous Allocation) 228M->209M(512M) 1.054ms
[2026-03-23T17:27:53.728+0900][6.703s][info][gc,cpu      ] GC(270) User=0.00s Sys=0.00s Real=0.00s
[2026-03-23T17:27:53.728+0900][6.703s][info][gc          ] GC(271) Concurrent Undo Cycle
[2026-03-23T17:27:53.728+0900][6.703s][info][gc,marking  ] GC(271) Concurrent Clear Claimed Marks
[2026-03-23T17:27:53.728+0900][6.703s][info][gc,marking  ] GC(271) Concurrent Clear Claimed Marks 0.027ms
[2026-03-23T17:27:53.728+0900][6.703s][info][gc,marking  ] GC(271) Concurrent Cleanup for Next Mark
[2026-03-23T17:27:53.728+0900][6.704s][info][gc,marking  ] GC(271) Concurrent Cleanup for Next Mark 0.075ms
[2026-03-23T17:27:53.728+0900][6.704s][info][gc          ] GC(271) Concurrent Undo Cycle 0.237ms
[2026-03-23T17:27:53.760+0900][6.735s][info][gc,start    ] GC(272) Pause Young (Concurrent Start) (G1 Humongous Allocation)
[2026-03-23T17:27:53.760+0900][6.735s][info][gc,task     ] GC(272) Using 11 workers of 11 for evacuation
[2026-03-23T17:27:53.760+0900][6.736s][info][gc,phases   ] GC(272)   Pre Evacuate Collection Set: 0.19ms
[2026-03-23T17:27:53.760+0900][6.736s][info][gc,phases   ] GC(272)   Merge Heap Roots: 0.04ms
[2026-03-23T17:27:53.760+0900][6.736s][info][gc,phases   ] GC(272)   Evacuate Collection Set: 0.17ms
[2026-03-23T17:27:53.760+0900][6.736s][info][gc,phases   ] GC(272)   Post Evacuate Collection Set: 0.11ms
[2026-03-23T17:27:53.760+0900][6.736s][info][gc,phases   ] GC(272)   Other: 0.09ms
[2026-03-23T17:27:53.760+0900][6.736s][info][gc,heap     ] GC(272) Eden regions: 1->0(268)
[2026-03-23T17:27:53.760+0900][6.736s][info][gc,heap     ] GC(272) Survivor regions: 1->1(34)
[2026-03-23T17:27:53.761+0900][6.736s][info][gc,heap     ] GC(272) Old regions: 5->5
[2026-03-23T17:27:53.761+0900][6.736s][info][gc,heap     ] GC(272) Humongous regions: 226->211
[2026-03-23T17:27:53.761+0900][6.736s][info][gc,metaspace] GC(272) Metaspace: 236K(448K)->236K(448K) NonClass: 222K(320K)->222K(320K) Class: 14K(128K)->14K(128K)
[2026-03-23T17:27:53.761+0900][6.736s][info][gc          ] GC(272) Pause Young (Concurrent Start) (G1 Humongous Allocation) 228M->212M(512M) 0.894ms
[2026-03-23T17:27:53.761+0900][6.736s][info][gc,cpu      ] GC(272) User=0.00s Sys=0.00s Real=0.00s
[2026-03-23T17:27:53.761+0900][6.736s][info][gc          ] GC(273) Concurrent Undo Cycle
[2026-03-23T17:27:53.761+0900][6.736s][info][gc,marking  ] GC(273) Concurrent Clear Claimed Marks
[2026-03-23T17:27:53.761+0900][6.736s][info][gc,marking  ] GC(273) Concurrent Clear Claimed Marks 0.039ms
[2026-03-23T17:27:53.761+0900][6.736s][info][gc,marking  ] GC(273) Concurrent Cleanup for Next Mark
[2026-03-23T17:27:53.761+0900][6.736s][info][gc,marking  ] GC(273) Concurrent Cleanup for Next Mark 0.066ms
[2026-03-23T17:27:53.761+0900][6.736s][info][gc          ] GC(273) Concurrent Undo Cycle 0.247ms
[2026-03-23T17:27:53.791+0900][6.767s][info][gc,start    ] GC(274) Pause Young (Concurrent Start) (G1 Humongous Allocation)
[2026-03-23T17:27:53.791+0900][6.767s][info][gc,task     ] GC(274) Using 11 workers of 11 for evacuation
[2026-03-23T17:27:53.792+0900][6.768s][info][gc,phases   ] GC(274)   Pre Evacuate Collection Set: 0.28ms
[2026-03-23T17:27:53.792+0900][6.768s][info][gc,phases   ] GC(274)   Merge Heap Roots: 0.07ms
[2026-03-23T17:27:53.792+0900][6.768s][info][gc,phases   ] GC(274)   Evacuate Collection Set: 0.28ms
[2026-03-23T17:27:53.793+0900][6.768s][info][gc,phases   ] GC(274)   Post Evacuate Collection Set: 0.20ms
[2026-03-23T17:27:53.793+0900][6.768s][info][gc,phases   ] GC(274)   Other: 0.11ms
[2026-03-23T17:27:53.793+0900][6.768s][info][gc,heap     ] GC(274) Eden regions: 1->0(268)
[2026-03-23T17:27:53.793+0900][6.768s][info][gc,heap     ] GC(274) Survivor regions: 1->1(34)
[2026-03-23T17:27:53.793+0900][6.768s][info][gc,heap     ] GC(274) Old regions: 5->5
[2026-03-23T17:27:53.793+0900][6.768s][info][gc,heap     ] GC(274) Humongous regions: 226->211
[2026-03-23T17:27:53.793+0900][6.768s][info][gc,metaspace] GC(274) Metaspace: 236K(448K)->236K(448K) NonClass: 222K(320K)->222K(320K) Class: 14K(128K)->14K(128K)
[2026-03-23T17:27:53.793+0900][6.768s][info][gc          ] GC(274) Pause Young (Concurrent Start) (G1 Humongous Allocation) 228M->212M(512M) 1.379ms
[2026-03-23T17:27:53.793+0900][6.768s][info][gc,cpu      ] GC(274) User=0.00s Sys=0.00s Real=0.00s
[2026-03-23T17:27:53.793+0900][6.768s][info][gc          ] GC(275) Concurrent Undo Cycle
[2026-03-23T17:27:53.793+0900][6.768s][info][gc,marking  ] GC(275) Concurrent Clear Claimed Marks
[2026-03-23T17:27:53.793+0900][6.769s][info][gc,marking  ] GC(275) Concurrent Clear Claimed Marks 0.060ms
[2026-03-23T17:27:53.793+0900][6.769s][info][gc,marking  ] GC(275) Concurrent Cleanup for Next Mark
[2026-03-23T17:27:53.793+0900][6.769s][info][gc,marking  ] GC(275) Concurrent Cleanup for Next Mark 0.157ms
[2026-03-23T17:27:53.793+0900][6.769s][info][gc          ] GC(275) Concurrent Undo Cycle 0.460ms
[2026-03-23T17:27:53.819+0900][6.795s][info][gc,start    ] GC(276) Pause Young (Concurrent Start) (G1 Humongous Allocation)
[2026-03-23T17:27:53.819+0900][6.795s][info][gc,task     ] GC(276) Using 11 workers of 11 for evacuation
[2026-03-23T17:27:53.820+0900][6.796s][info][gc,phases   ] GC(276)   Pre Evacuate Collection Set: 0.16ms
[2026-03-23T17:27:53.820+0900][6.796s][info][gc,phases   ] GC(276)   Merge Heap Roots: 0.05ms
[2026-03-23T17:27:53.820+0900][6.796s][info][gc,phases   ] GC(276)   Evacuate Collection Set: 0.18ms
[2026-03-23T17:27:53.820+0900][6.796s][info][gc,phases   ] GC(276)   Post Evacuate Collection Set: 0.13ms
[2026-03-23T17:27:53.820+0900][6.796s][info][gc,phases   ] GC(276)   Other: 0.08ms
[2026-03-23T17:27:53.820+0900][6.796s][info][gc,heap     ] GC(276) Eden regions: 1->0(265)
[2026-03-23T17:27:53.820+0900][6.796s][info][gc,heap     ] GC(276) Survivor regions: 1->1(34)
[2026-03-23T17:27:53.820+0900][6.796s][info][gc,heap     ] GC(276) Old regions: 5->5
[2026-03-23T17:27:53.820+0900][6.796s][info][gc,heap     ] GC(276) Humongous regions: 226->214
[2026-03-23T17:27:53.820+0900][6.796s][info][gc,metaspace] GC(276) Metaspace: 236K(448K)->236K(448K) NonClass: 222K(320K)->222K(320K) Class: 14K(128K)->14K(128K)
[2026-03-23T17:27:53.820+0900][6.796s][info][gc          ] GC(276) Pause Young (Concurrent Start) (G1 Humongous Allocation) 228M->215M(512M) 0.943ms
[2026-03-23T17:27:53.820+0900][6.796s][info][gc,cpu      ] GC(276) User=0.00s Sys=0.00s Real=0.01s
[2026-03-23T17:27:53.820+0900][6.796s][info][gc          ] GC(277) Concurrent Undo Cycle
[2026-03-23T17:27:53.820+0900][6.796s][info][gc,marking  ] GC(277) Concurrent Clear Claimed Marks
[2026-03-23T17:27:53.820+0900][6.796s][info][gc,marking  ] GC(277) Concurrent Clear Claimed Marks 0.047ms
[2026-03-23T17:27:53.820+0900][6.796s][info][gc,marking  ] GC(277) Concurrent Cleanup for Next Mark
[2026-03-23T17:27:53.821+0900][6.796s][info][gc,marking  ] GC(277) Concurrent Cleanup for Next Mark 0.103ms
[2026-03-23T17:27:53.821+0900][6.796s][info][gc          ] GC(277) Concurrent Undo Cycle 0.323ms
[2026-03-23T17:27:53.846+0900][6.822s][info][gc,start    ] GC(278) Pause Young (Concurrent Start) (G1 Humongous Allocation)
[2026-03-23T17:27:53.846+0900][6.822s][info][gc,task     ] GC(278) Using 11 workers of 11 for evacuation
[2026-03-23T17:27:53.847+0900][6.823s][info][gc,phases   ] GC(278)   Pre Evacuate Collection Set: 0.29ms
[2026-03-23T17:27:53.847+0900][6.823s][info][gc,phases   ] GC(278)   Merge Heap Roots: 0.06ms
[2026-03-23T17:27:53.848+0900][6.823s][info][gc,phases   ] GC(278)   Evacuate Collection Set: 0.28ms
[2026-03-23T17:27:53.849+0900][6.824s][info][gc,phases   ] GC(278)   Post Evacuate Collection Set: 0.19ms
[2026-03-23T17:27:53.849+0900][6.824s][info][gc,phases   ] GC(278)   Other: 0.11ms
[2026-03-23T17:27:53.849+0900][6.824s][info][gc,heap     ] GC(278) Eden regions: 1->0(265)
[2026-03-23T17:27:53.849+0900][6.824s][info][gc,heap     ] GC(278) Survivor regions: 1->1(34)
[2026-03-23T17:27:53.849+0900][6.824s][info][gc,heap     ] GC(278) Old regions: 5->5
[2026-03-23T17:27:53.849+0900][6.825s][info][gc,heap     ] GC(278) Humongous regions: 226->214
[2026-03-23T17:27:53.849+0900][6.825s][info][gc,metaspace] GC(278) Metaspace: 236K(448K)->236K(448K) NonClass: 222K(320K)->222K(320K) Class: 14K(128K)->14K(128K)
[2026-03-23T17:27:53.849+0900][6.825s][info][gc          ] GC(278) Pause Young (Concurrent Start) (G1 Humongous Allocation) 228M->215M(512M) 2.942ms
[2026-03-23T17:27:53.849+0900][6.825s][info][gc,cpu      ] GC(278) User=0.00s Sys=0.01s Real=0.00s
[2026-03-23T17:27:53.849+0900][6.825s][info][gc          ] GC(279) Concurrent Undo Cycle
[2026-03-23T17:27:53.849+0900][6.825s][info][gc,marking  ] GC(279) Concurrent Clear Claimed Marks
[2026-03-23T17:27:53.850+0900][6.825s][info][gc,marking  ] GC(279) Concurrent Clear Claimed Marks 0.044ms
[2026-03-23T17:27:53.850+0900][6.825s][info][gc,marking  ] GC(279) Concurrent Cleanup for Next Mark
[2026-03-23T17:27:53.850+0900][6.825s][info][gc,marking  ] GC(279) Concurrent Cleanup for Next Mark 0.173ms
[2026-03-23T17:27:53.850+0900][6.825s][info][gc          ] GC(279) Concurrent Undo Cycle 0.394ms
[2026-03-23T17:27:53.867+0900][6.843s][info][gc,start    ] GC(280) Pause Young (Concurrent Start) (G1 Humongous Allocation)
[2026-03-23T17:27:53.868+0900][6.843s][info][gc,task     ] GC(280) Using 11 workers of 11 for evacuation
[2026-03-23T17:27:53.868+0900][6.844s][info][gc,phases   ] GC(280)   Pre Evacuate Collection Set: 0.14ms
[2026-03-23T17:27:53.868+0900][6.844s][info][gc,phases   ] GC(280)   Merge Heap Roots: 0.06ms
[2026-03-23T17:27:53.869+0900][6.844s][info][gc,phases   ] GC(280)   Evacuate Collection Set: 0.33ms
[2026-03-23T17:27:53.869+0900][6.844s][info][gc,phases   ] GC(280)   Post Evacuate Collection Set: 0.23ms
[2026-03-23T17:27:53.869+0900][6.844s][info][gc,phases   ] GC(280)   Other: 0.08ms
[2026-03-23T17:27:53.869+0900][6.844s][info][gc,heap     ] GC(280) Eden regions: 1->0(262)
[2026-03-23T17:27:53.869+0900][6.844s][info][gc,heap     ] GC(280) Survivor regions: 1->1(34)
[2026-03-23T17:27:53.869+0900][6.844s][info][gc,heap     ] GC(280) Old regions: 5->5
[2026-03-23T17:27:53.869+0900][6.844s][info][gc,heap     ] GC(280) Humongous regions: 226->217
[2026-03-23T17:27:53.869+0900][6.844s][info][gc,metaspace] GC(280) Metaspace: 236K(448K)->236K(448K) NonClass: 222K(320K)->222K(320K) Class: 14K(128K)->14K(128K)
[2026-03-23T17:27:53.869+0900][6.844s][info][gc          ] GC(280) Pause Young (Concurrent Start) (G1 Humongous Allocation) 228M->218M(512M) 1.226ms
[2026-03-23T17:27:53.869+0900][6.844s][info][gc,cpu      ] GC(280) User=0.00s Sys=0.00s Real=0.00s
[2026-03-23T17:27:53.869+0900][6.844s][info][gc          ] GC(281) Concurrent Undo Cycle
[2026-03-23T17:27:53.869+0900][6.844s][info][gc,marking  ] GC(281) Concurrent Clear Claimed Marks
[2026-03-23T17:27:53.869+0900][6.845s][info][gc,marking  ] GC(281) Concurrent Clear Claimed Marks 0.044ms
[2026-03-23T17:27:53.869+0900][6.845s][info][gc,marking  ] GC(281) Concurrent Cleanup for Next Mark
[2026-03-23T17:27:53.869+0900][6.845s][info][gc,marking  ] GC(281) Concurrent Cleanup for Next Mark 0.065ms
[2026-03-23T17:27:53.869+0900][6.845s][info][gc          ] GC(281) Concurrent Undo Cycle 0.307ms
[2026-03-23T17:27:53.887+0900][6.863s][info][gc,start    ] GC(282) Pause Young (Concurrent Start) (G1 Humongous Allocation)
[2026-03-23T17:27:53.888+0900][6.863s][info][gc,task     ] GC(282) Using 11 workers of 11 for evacuation
[2026-03-23T17:27:53.888+0900][6.864s][info][gc,phases   ] GC(282)   Pre Evacuate Collection Set: 0.28ms
[2026-03-23T17:27:53.889+0900][6.864s][info][gc,phases   ] GC(282)   Merge Heap Roots: 0.06ms
[2026-03-23T17:27:53.889+0900][6.864s][info][gc,phases   ] GC(282)   Evacuate Collection Set: 0.28ms
[2026-03-23T17:27:53.889+0900][6.864s][info][gc,phases   ] GC(282)   Post Evacuate Collection Set: 0.19ms
[2026-03-23T17:27:53.889+0900][6.864s][info][gc,phases   ] GC(282)   Other: 0.12ms
[2026-03-23T17:27:53.889+0900][6.864s][info][gc,heap     ] GC(282) Eden regions: 1->0(262)
[2026-03-23T17:27:53.889+0900][6.864s][info][gc,heap     ] GC(282) Survivor regions: 1->1(33)
[2026-03-23T17:27:53.889+0900][6.864s][info][gc,heap     ] GC(282) Old regions: 5->5
[2026-03-23T17:27:53.889+0900][6.864s][info][gc,heap     ] GC(282) Humongous regions: 226->217
[2026-03-23T17:27:53.889+0900][6.864s][info][gc,metaspace] GC(282) Metaspace: 236K(448K)->236K(448K) NonClass: 222K(320K)->222K(320K) Class: 14K(128K)->14K(128K)
[2026-03-23T17:27:53.889+0900][6.864s][info][gc          ] GC(282) Pause Young (Concurrent Start) (G1 Humongous Allocation) 228M->218M(512M) 1.386ms
[2026-03-23T17:27:53.889+0900][6.864s][info][gc,cpu      ] GC(282) User=0.00s Sys=0.00s Real=0.00s
[2026-03-23T17:27:53.889+0900][6.864s][info][gc          ] GC(283) Concurrent Undo Cycle
[2026-03-23T17:27:53.889+0900][6.865s][info][gc,marking  ] GC(283) Concurrent Clear Claimed Marks
[2026-03-23T17:27:53.889+0900][6.865s][info][gc,marking  ] GC(283) Concurrent Clear Claimed Marks 0.057ms
[2026-03-23T17:27:53.889+0900][6.865s][info][gc,marking  ] GC(283) Concurrent Cleanup for Next Mark
[2026-03-23T17:27:53.890+0900][6.865s][info][gc,marking  ] GC(283) Concurrent Cleanup for Next Mark 0.666ms
[2026-03-23T17:27:53.890+0900][6.865s][info][gc          ] GC(283) Concurrent Undo Cycle 0.977ms
[2026-03-23T17:27:53.909+0900][6.884s][info][gc,start    ] GC(284) Pause Young (Concurrent Start) (G1 Humongous Allocation)
[2026-03-23T17:27:53.909+0900][6.884s][info][gc,task     ] GC(284) Using 11 workers of 11 for evacuation
[2026-03-23T17:27:53.910+0900][6.885s][info][gc,phases   ] GC(284)   Pre Evacuate Collection Set: 0.27ms
[2026-03-23T17:27:53.910+0900][6.885s][info][gc,phases   ] GC(284)   Merge Heap Roots: 0.06ms
[2026-03-23T17:27:53.910+0900][6.885s][info][gc,phases   ] GC(284)   Evacuate Collection Set: 0.29ms
[2026-03-23T17:27:53.910+0900][6.885s][info][gc,phases   ] GC(284)   Post Evacuate Collection Set: 0.28ms
[2026-03-23T17:27:53.910+0900][6.885s][info][gc,phases   ] GC(284)   Other: 0.11ms
[2026-03-23T17:27:53.910+0900][6.886s][info][gc,heap     ] GC(284) Eden regions: 1->0(262)
[2026-03-23T17:27:53.910+0900][6.886s][info][gc,heap     ] GC(284) Survivor regions: 1->1(33)
[2026-03-23T17:27:53.910+0900][6.886s][info][gc,heap     ] GC(284) Old regions: 5->5
[2026-03-23T17:27:53.910+0900][6.886s][info][gc,heap     ] GC(284) Humongous regions: 226->217
[2026-03-23T17:27:53.910+0900][6.886s][info][gc,metaspace] GC(284) Metaspace: 236K(448K)->236K(448K) NonClass: 222K(320K)->222K(320K) Class: 14K(128K)->14K(128K)
[2026-03-23T17:27:53.910+0900][6.886s][info][gc          ] GC(284) Pause Young (Concurrent Start) (G1 Humongous Allocation) 228M->218M(512M) 1.509ms
[2026-03-23T17:27:53.910+0900][6.886s][info][gc,cpu      ] GC(284) User=0.00s Sys=0.00s Real=0.01s
[2026-03-23T17:27:53.910+0900][6.886s][info][gc          ] GC(285) Concurrent Undo Cycle
[2026-03-23T17:27:53.910+0900][6.886s][info][gc,marking  ] GC(285) Concurrent Clear Claimed Marks
[2026-03-23T17:27:53.910+0900][6.886s][info][gc,marking  ] GC(285) Concurrent Clear Claimed Marks 0.049ms
[2026-03-23T17:27:53.910+0900][6.886s][info][gc,marking  ] GC(285) Concurrent Cleanup for Next Mark
[2026-03-23T17:27:53.911+0900][6.886s][info][gc,marking  ] GC(285) Concurrent Cleanup for Next Mark 0.147ms
[2026-03-23T17:27:53.911+0900][6.886s][info][gc          ] GC(285) Concurrent Undo Cycle 0.483ms
[2026-03-23T17:27:53.922+0900][6.898s][info][gc,start    ] GC(286) Pause Young (Concurrent Start) (G1 Humongous Allocation)
[2026-03-23T17:27:53.923+0900][6.898s][info][gc,task     ] GC(286) Using 11 workers of 11 for evacuation
[2026-03-23T17:27:53.924+0900][6.900s][info][gc,phases   ] GC(286)   Pre Evacuate Collection Set: 0.16ms
[2026-03-23T17:27:53.924+0900][6.900s][info][gc,phases   ] GC(286)   Merge Heap Roots: 0.04ms
[2026-03-23T17:27:53.924+0900][6.900s][info][gc,phases   ] GC(286)   Evacuate Collection Set: 0.20ms
[2026-03-23T17:27:53.924+0900][6.900s][info][gc,phases   ] GC(286)   Post Evacuate Collection Set: 0.11ms
[2026-03-23T17:27:53.924+0900][6.900s][info][gc,phases   ] GC(286)   Other: 0.82ms
[2026-03-23T17:27:53.924+0900][6.900s][info][gc,heap     ] GC(286) Eden regions: 1->0(259)
[2026-03-23T17:27:53.924+0900][6.900s][info][gc,heap     ] GC(286) Survivor regions: 1->1(33)
[2026-03-23T17:27:53.924+0900][6.900s][info][gc,heap     ] GC(286) Old regions: 5->5
[2026-03-23T17:27:53.924+0900][6.900s][info][gc,heap     ] GC(286) Humongous regions: 226->220
[2026-03-23T17:27:53.924+0900][6.900s][info][gc,metaspace] GC(286) Metaspace: 236K(448K)->236K(448K) NonClass: 222K(320K)->222K(320K) Class: 14K(128K)->14K(128K)
[2026-03-23T17:27:53.924+0900][6.900s][info][gc          ] GC(286) Pause Young (Concurrent Start) (G1 Humongous Allocation) 228M->221M(512M) 1.709ms
[2026-03-23T17:27:53.924+0900][6.900s][info][gc,cpu      ] GC(286) User=0.00s Sys=0.00s Real=0.00s
[2026-03-23T17:27:53.924+0900][6.900s][info][gc          ] GC(287) Concurrent Undo Cycle
[2026-03-23T17:27:53.924+0900][6.900s][info][gc,marking  ] GC(287) Concurrent Clear Claimed Marks
[2026-03-23T17:27:53.924+0900][6.900s][info][gc,marking  ] GC(287) Concurrent Clear Claimed Marks 0.032ms
[2026-03-23T17:27:53.924+0900][6.900s][info][gc,marking  ] GC(287) Concurrent Cleanup for Next Mark
[2026-03-23T17:27:53.924+0900][6.900s][info][gc,marking  ] GC(287) Concurrent Cleanup for Next Mark 0.075ms
[2026-03-23T17:27:53.924+0900][6.900s][info][gc          ] GC(287) Concurrent Undo Cycle 0.242ms
[2026-03-23T17:27:53.937+0900][6.913s][info][gc,start    ] GC(288) Pause Young (Concurrent Start) (G1 Humongous Allocation)
[2026-03-23T17:27:53.937+0900][6.913s][info][gc,task     ] GC(288) Using 11 workers of 11 for evacuation
[2026-03-23T17:27:53.938+0900][6.914s][info][gc,phases   ] GC(288)   Pre Evacuate Collection Set: 0.27ms
[2026-03-23T17:27:53.938+0900][6.914s][info][gc,phases   ] GC(288)   Merge Heap Roots: 0.06ms
[2026-03-23T17:27:53.938+0900][6.914s][info][gc,phases   ] GC(288)   Evacuate Collection Set: 0.28ms
[2026-03-23T17:27:53.938+0900][6.914s][info][gc,phases   ] GC(288)   Post Evacuate Collection Set: 0.19ms
[2026-03-23T17:27:53.938+0900][6.914s][info][gc,phases   ] GC(288)   Other: 0.11ms
[2026-03-23T17:27:53.938+0900][6.914s][info][gc,heap     ] GC(288) Eden regions: 1->0(259)
[2026-03-23T17:27:53.938+0900][6.914s][info][gc,heap     ] GC(288) Survivor regions: 1->1(33)
[2026-03-23T17:27:53.938+0900][6.914s][info][gc,heap     ] GC(288) Old regions: 5->5
[2026-03-23T17:27:53.938+0900][6.914s][info][gc,heap     ] GC(288) Humongous regions: 226->220
[2026-03-23T17:27:53.938+0900][6.914s][info][gc,metaspace] GC(288) Metaspace: 236K(448K)->236K(448K) NonClass: 222K(320K)->222K(320K) Class: 14K(128K)->14K(128K)
[2026-03-23T17:27:53.938+0900][6.914s][info][gc          ] GC(288) Pause Young (Concurrent Start) (G1 Humongous Allocation) 228M->221M(512M) 1.356ms
[2026-03-23T17:27:53.938+0900][6.914s][info][gc,cpu      ] GC(288) User=0.00s Sys=0.00s Real=0.00s
[2026-03-23T17:27:53.938+0900][6.914s][info][gc          ] GC(289) Concurrent Undo Cycle
[2026-03-23T17:27:53.939+0900][6.914s][info][gc,marking  ] GC(289) Concurrent Clear Claimed Marks
[2026-03-23T17:27:53.939+0900][6.914s][info][gc,marking  ] GC(289) Concurrent Clear Claimed Marks 0.044ms
[2026-03-23T17:27:53.939+0900][6.914s][info][gc,marking  ] GC(289) Concurrent Cleanup for Next Mark
[2026-03-23T17:27:53.939+0900][6.914s][info][gc,marking  ] GC(289) Concurrent Cleanup for Next Mark 0.103ms
[2026-03-23T17:27:53.939+0900][6.914s][info][gc          ] GC(289) Concurrent Undo Cycle 0.381ms
[2026-03-23T17:27:53.952+0900][6.927s][info][gc,start    ] GC(290) Pause Young (Concurrent Start) (G1 Humongous Allocation)
[2026-03-23T17:27:53.952+0900][6.927s][info][gc,task     ] GC(290) Using 11 workers of 11 for evacuation
[2026-03-23T17:27:53.952+0900][6.928s][info][gc,phases   ] GC(290)   Pre Evacuate Collection Set: 0.19ms
[2026-03-23T17:27:53.952+0900][6.928s][info][gc,phases   ] GC(290)   Merge Heap Roots: 0.04ms
[2026-03-23T17:27:53.952+0900][6.928s][info][gc,phases   ] GC(290)   Evacuate Collection Set: 0.19ms
[2026-03-23T17:27:53.952+0900][6.928s][info][gc,phases   ] GC(290)   Post Evacuate Collection Set: 0.11ms
[2026-03-23T17:27:53.952+0900][6.928s][info][gc,phases   ] GC(290)   Other: 0.09ms
[2026-03-23T17:27:53.952+0900][6.928s][info][gc,heap     ] GC(290) Eden regions: 1->0(259)
[2026-03-23T17:27:53.952+0900][6.928s][info][gc,heap     ] GC(290) Survivor regions: 1->1(33)
[2026-03-23T17:27:53.952+0900][6.928s][info][gc,heap     ] GC(290) Old regions: 5->5
[2026-03-23T17:27:53.952+0900][6.928s][info][gc,heap     ] GC(290) Humongous regions: 226->220
[2026-03-23T17:27:53.952+0900][6.928s][info][gc,metaspace] GC(290) Metaspace: 236K(448K)->236K(448K) NonClass: 222K(320K)->222K(320K) Class: 14K(128K)->14K(128K)
[2026-03-23T17:27:53.952+0900][6.928s][info][gc          ] GC(290) Pause Young (Concurrent Start) (G1 Humongous Allocation) 228M->221M(512M) 0.872ms
[2026-03-23T17:27:53.952+0900][6.928s][info][gc,cpu      ] GC(290) User=0.00s Sys=0.01s Real=0.00s
[2026-03-23T17:27:53.952+0900][6.928s][info][gc          ] GC(291) Concurrent Undo Cycle
[2026-03-23T17:27:53.953+0900][6.928s][info][gc,marking  ] GC(291) Concurrent Clear Claimed Marks
[2026-03-23T17:27:53.953+0900][6.928s][info][gc,marking  ] GC(291) Concurrent Clear Claimed Marks 0.015ms
[2026-03-23T17:27:53.953+0900][6.928s][info][gc,marking  ] GC(291) Concurrent Cleanup for Next Mark
[2026-03-23T17:27:53.953+0900][6.928s][info][gc,marking  ] GC(291) Concurrent Cleanup for Next Mark 0.051ms
[2026-03-23T17:27:53.953+0900][6.928s][info][gc          ] GC(291) Concurrent Undo Cycle 0.147ms
[2026-03-23T17:27:53.966+0900][6.941s][info][gc,start    ] GC(292) Pause Young (Concurrent Start) (G1 Humongous Allocation)
[2026-03-23T17:27:53.966+0900][6.941s][info][gc,task     ] GC(292) Using 11 workers of 11 for evacuation
[2026-03-23T17:27:53.966+0900][6.942s][info][gc,phases   ] GC(292)   Pre Evacuate Collection Set: 0.26ms
[2026-03-23T17:27:53.967+0900][6.942s][info][gc,phases   ] GC(292)   Merge Heap Roots: 0.07ms
[2026-03-23T17:27:53.967+0900][6.942s][info][gc,phases   ] GC(292)   Evacuate Collection Set: 0.24ms
[2026-03-23T17:27:53.967+0900][6.942s][info][gc,phases   ] GC(292)   Post Evacuate Collection Set: 0.18ms
[2026-03-23T17:27:53.967+0900][6.942s][info][gc,phases   ] GC(292)   Other: 0.10ms
[2026-03-23T17:27:53.967+0900][6.942s][info][gc,heap     ] GC(292) Eden regions: 1->0(259)
[2026-03-23T17:27:53.967+0900][6.942s][info][gc,heap     ] GC(292) Survivor regions: 1->1(33)
[2026-03-23T17:27:53.967+0900][6.942s][info][gc,heap     ] GC(292) Old regions: 5->5
[2026-03-23T17:27:53.967+0900][6.942s][info][gc,heap     ] GC(292) Humongous regions: 226->220
[2026-03-23T17:27:53.967+0900][6.942s][info][gc,metaspace] GC(292) Metaspace: 236K(448K)->236K(448K) NonClass: 222K(320K)->222K(320K) Class: 14K(128K)->14K(128K)
[2026-03-23T17:27:53.967+0900][6.942s][info][gc          ] GC(292) Pause Young (Concurrent Start) (G1 Humongous Allocation) 228M->221M(512M) 1.246ms
[2026-03-23T17:27:53.967+0900][6.942s][info][gc,cpu      ] GC(292) User=0.00s Sys=0.00s Real=0.00s
[2026-03-23T17:27:53.967+0900][6.942s][info][gc          ] GC(293) Concurrent Undo Cycle
[2026-03-23T17:27:53.967+0900][6.943s][info][gc,marking  ] GC(293) Concurrent Clear Claimed Marks
[2026-03-23T17:27:53.967+0900][6.943s][info][gc,marking  ] GC(293) Concurrent Clear Claimed Marks 0.048ms
[2026-03-23T17:27:53.967+0900][6.943s][info][gc,marking  ] GC(293) Concurrent Cleanup for Next Mark
[2026-03-23T17:27:53.967+0900][6.943s][info][gc,marking  ] GC(293) Concurrent Cleanup for Next Mark 0.118ms
[2026-03-23T17:27:53.967+0900][6.943s][info][gc          ] GC(293) Concurrent Undo Cycle 0.393ms
[2026-03-23T17:27:53.974+0900][6.949s][info][gc,start    ] GC(294) Pause Young (Concurrent Start) (G1 Humongous Allocation)
[2026-03-23T17:27:53.974+0900][6.949s][info][gc,task     ] GC(294) Using 11 workers of 11 for evacuation
[2026-03-23T17:27:53.975+0900][6.950s][info][gc,phases   ] GC(294)   Pre Evacuate Collection Set: 0.27ms
[2026-03-23T17:27:53.975+0900][6.950s][info][gc,phases   ] GC(294)   Merge Heap Roots: 0.07ms
[2026-03-23T17:27:53.975+0900][6.950s][info][gc,phases   ] GC(294)   Evacuate Collection Set: 0.25ms
[2026-03-23T17:27:53.975+0900][6.950s][info][gc,phases   ] GC(294)   Post Evacuate Collection Set: 0.19ms
[2026-03-23T17:27:53.975+0900][6.950s][info][gc,phases   ] GC(294)   Other: 0.13ms
[2026-03-23T17:27:53.975+0900][6.950s][info][gc,heap     ] GC(294) Eden regions: 1->0(256)
[2026-03-23T17:27:53.975+0900][6.950s][info][gc,heap     ] GC(294) Survivor regions: 1->1(33)
[2026-03-23T17:27:53.975+0900][6.951s][info][gc,heap     ] GC(294) Old regions: 5->5
[2026-03-23T17:27:53.975+0900][6.951s][info][gc,heap     ] GC(294) Humongous regions: 226->223
[2026-03-23T17:27:53.975+0900][6.951s][info][gc,metaspace] GC(294) Metaspace: 236K(448K)->236K(448K) NonClass: 222K(320K)->222K(320K) Class: 14K(128K)->14K(128K)
[2026-03-23T17:27:53.975+0900][6.951s][info][gc          ] GC(294) Pause Young (Concurrent Start) (G1 Humongous Allocation) 228M->224M(512M) 1.423ms
[2026-03-23T17:27:53.975+0900][6.951s][info][gc,cpu      ] GC(294) User=0.01s Sys=0.00s Real=0.00s
[2026-03-23T17:27:53.975+0900][6.951s][info][gc          ] GC(295) Concurrent Undo Cycle
[2026-03-23T17:27:53.975+0900][6.951s][info][gc,marking  ] GC(295) Concurrent Clear Claimed Marks
[2026-03-23T17:27:53.975+0900][6.951s][info][gc,marking  ] GC(295) Concurrent Clear Claimed Marks 0.048ms
[2026-03-23T17:27:53.975+0900][6.951s][info][gc,marking  ] GC(295) Concurrent Cleanup for Next Mark
[2026-03-23T17:27:53.975+0900][6.951s][info][gc,marking  ] GC(295) Concurrent Cleanup for Next Mark 0.113ms
[2026-03-23T17:27:53.975+0900][6.951s][info][gc          ] GC(295) Concurrent Undo Cycle 0.381ms
[2026-03-23T17:27:53.982+0900][6.957s][info][gc,start    ] GC(296) Pause Young (Concurrent Start) (G1 Humongous Allocation)
[2026-03-23T17:27:53.982+0900][6.958s][info][gc,task     ] GC(296) Using 11 workers of 11 for evacuation
[2026-03-23T17:27:53.983+0900][6.959s][info][gc,phases   ] GC(296)   Pre Evacuate Collection Set: 0.34ms
[2026-03-23T17:27:53.983+0900][6.959s][info][gc,phases   ] GC(296)   Merge Heap Roots: 0.07ms
[2026-03-23T17:27:53.983+0900][6.959s][info][gc,phases   ] GC(296)   Evacuate Collection Set: 0.32ms
[2026-03-23T17:27:53.983+0900][6.959s][info][gc,phases   ] GC(296)   Post Evacuate Collection Set: 0.21ms
[2026-03-23T17:27:53.983+0900][6.959s][info][gc,phases   ] GC(296)   Other: 0.15ms
[2026-03-23T17:27:53.983+0900][6.959s][info][gc,heap     ] GC(296) Eden regions: 1->0(256)
[2026-03-23T17:27:53.983+0900][6.959s][info][gc,heap     ] GC(296) Survivor regions: 1->1(33)
[2026-03-23T17:27:53.983+0900][6.959s][info][gc,heap     ] GC(296) Old regions: 5->5
[2026-03-23T17:27:53.983+0900][6.959s][info][gc,heap     ] GC(296) Humongous regions: 226->223
[2026-03-23T17:27:53.984+0900][6.959s][info][gc,metaspace] GC(296) Metaspace: 236K(448K)->236K(448K) NonClass: 222K(320K)->222K(320K) Class: 14K(128K)->14K(128K)
[2026-03-23T17:27:53.984+0900][6.959s][info][gc          ] GC(296) Pause Young (Concurrent Start) (G1 Humongous Allocation) 228M->224M(512M) 1.856ms
[2026-03-23T17:27:53.984+0900][6.959s][info][gc,cpu      ] GC(296) User=0.00s Sys=0.00s Real=0.00s
[2026-03-23T17:27:53.984+0900][6.959s][info][gc          ] GC(297) Concurrent Undo Cycle
[2026-03-23T17:27:53.984+0900][6.960s][info][gc,marking  ] GC(297) Concurrent Clear Claimed Marks
[2026-03-23T17:27:53.984+0900][6.960s][info][gc,marking  ] GC(297) Concurrent Clear Claimed Marks 0.032ms
[2026-03-23T17:27:53.984+0900][6.960s][info][gc,marking  ] GC(297) Concurrent Cleanup for Next Mark
[2026-03-23T17:27:53.984+0900][6.960s][info][gc,marking  ] GC(297) Concurrent Cleanup for Next Mark 0.101ms
[2026-03-23T17:27:53.984+0900][6.960s][info][gc          ] GC(297) Concurrent Undo Cycle 0.412ms
[2026-03-23T17:27:53.990+0900][6.966s][info][gc,start    ] GC(298) Pause Young (Concurrent Start) (G1 Humongous Allocation)
[2026-03-23T17:27:53.991+0900][6.966s][info][gc,task     ] GC(298) Using 11 workers of 11 for evacuation
[2026-03-23T17:27:53.991+0900][6.967s][info][gc,phases   ] GC(298)   Pre Evacuate Collection Set: 0.20ms
[2026-03-23T17:27:53.991+0900][6.967s][info][gc,phases   ] GC(298)   Merge Heap Roots: 0.04ms
[2026-03-23T17:27:53.991+0900][6.967s][info][gc,phases   ] GC(298)   Evacuate Collection Set: 0.16ms
[2026-03-23T17:27:53.991+0900][6.967s][info][gc,phases   ] GC(298)   Post Evacuate Collection Set: 0.10ms
[2026-03-23T17:27:53.991+0900][6.967s][info][gc,phases   ] GC(298)   Other: 0.08ms
[2026-03-23T17:27:53.991+0900][6.967s][info][gc,heap     ] GC(298) Eden regions: 1->0(256)
[2026-03-23T17:27:53.991+0900][6.967s][info][gc,heap     ] GC(298) Survivor regions: 1->1(33)
[2026-03-23T17:27:53.991+0900][6.967s][info][gc,heap     ] GC(298) Old regions: 5->5
[2026-03-23T17:27:53.991+0900][6.967s][info][gc,heap     ] GC(298) Humongous regions: 226->223
[2026-03-23T17:27:53.991+0900][6.967s][info][gc,metaspace] GC(298) Metaspace: 236K(448K)->236K(448K) NonClass: 222K(320K)->222K(320K) Class: 14K(128K)->14K(128K)
[2026-03-23T17:27:53.991+0900][6.967s][info][gc          ] GC(298) Pause Young (Concurrent Start) (G1 Humongous Allocation) 228M->224M(512M) 0.869ms
[2026-03-23T17:27:53.991+0900][6.967s][info][gc,cpu      ] GC(298) User=0.00s Sys=0.00s Real=0.00s
[2026-03-23T17:27:53.991+0900][6.967s][info][gc          ] GC(299) Concurrent Undo Cycle
[2026-03-23T17:27:53.992+0900][6.967s][info][gc,marking  ] GC(299) Concurrent Clear Claimed Marks
[2026-03-23T17:27:53.992+0900][6.967s][info][gc,marking  ] GC(299) Concurrent Clear Claimed Marks 0.041ms
[2026-03-23T17:27:53.992+0900][6.967s][info][gc,marking  ] GC(299) Concurrent Cleanup for Next Mark
[2026-03-23T17:27:53.992+0900][6.967s][info][gc,marking  ] GC(299) Concurrent Cleanup for Next Mark 0.102ms
[2026-03-23T17:27:53.992+0900][6.967s][info][gc          ] GC(299) Concurrent Undo Cycle 0.340ms
[2026-03-23T17:27:53.998+0900][6.974s][info][gc,start    ] GC(300) Pause Young (Concurrent Start) (G1 Humongous Allocation)
[2026-03-23T17:27:53.998+0900][6.974s][info][gc,task     ] GC(300) Using 11 workers of 11 for evacuation
[2026-03-23T17:27:53.999+0900][6.974s][info][gc,phases   ] GC(300)   Pre Evacuate Collection Set: 0.17ms
[2026-03-23T17:27:53.999+0900][6.974s][info][gc,phases   ] GC(300)   Merge Heap Roots: 0.05ms
[2026-03-23T17:27:53.999+0900][6.974s][info][gc,phases   ] GC(300)   Evacuate Collection Set: 0.18ms
[2026-03-23T17:27:53.999+0900][6.974s][info][gc,phases   ] GC(300)   Post Evacuate Collection Set: 0.14ms
[2026-03-23T17:27:53.999+0900][6.974s][info][gc,phases   ] GC(300)   Other: 0.08ms
[2026-03-23T17:27:53.999+0900][6.974s][info][gc,heap     ] GC(300) Eden regions: 1->0(256)
[2026-03-23T17:27:53.999+0900][6.974s][info][gc,heap     ] GC(300) Survivor regions: 1->1(33)
[2026-03-23T17:27:53.999+0900][6.974s][info][gc,heap     ] GC(300) Old regions: 5->5
[2026-03-23T17:27:53.999+0900][6.974s][info][gc,heap     ] GC(300) Humongous regions: 226->223
[2026-03-23T17:27:53.999+0900][6.974s][info][gc,metaspace] GC(300) Metaspace: 236K(448K)->236K(448K) NonClass: 222K(320K)->222K(320K) Class: 14K(128K)->14K(128K)
[2026-03-23T17:27:53.999+0900][6.975s][info][gc          ] GC(300) Pause Young (Concurrent Start) (G1 Humongous Allocation) 228M->224M(512M) 0.944ms
[2026-03-23T17:27:53.999+0900][6.975s][info][gc,cpu      ] GC(300) User=0.00s Sys=0.00s Real=0.00s
[2026-03-23T17:27:53.999+0900][6.975s][info][gc          ] GC(301) Concurrent Undo Cycle
[2026-03-23T17:27:53.999+0900][6.975s][info][gc,marking  ] GC(301) Concurrent Clear Claimed Marks
[2026-03-23T17:27:53.999+0900][6.975s][info][gc,marking  ] GC(301) Concurrent Clear Claimed Marks 0.045ms
[2026-03-23T17:27:53.999+0900][6.975s][info][gc,marking  ] GC(301) Concurrent Cleanup for Next Mark
[2026-03-23T17:27:53.999+0900][6.975s][info][gc,marking  ] GC(301) Concurrent Cleanup for Next Mark 0.070ms
[2026-03-23T17:27:53.999+0900][6.975s][info][gc          ] GC(301) Concurrent Undo Cycle 0.315ms
[2026-03-23T17:27:54.006+0900][6.981s][info][gc,start    ] GC(302) Pause Young (Concurrent Start) (G1 Humongous Allocation)
[2026-03-23T17:27:54.006+0900][6.981s][info][gc,task     ] GC(302) Using 11 workers of 11 for evacuation
[2026-03-23T17:27:54.007+0900][6.982s][info][gc,phases   ] GC(302)   Pre Evacuate Collection Set: 0.19ms
[2026-03-23T17:27:54.007+0900][6.983s][info][gc,phases   ] GC(302)   Merge Heap Roots: 0.24ms
[2026-03-23T17:27:54.007+0900][6.983s][info][gc,phases   ] GC(302)   Evacuate Collection Set: 0.51ms
[2026-03-23T17:27:54.007+0900][6.983s][info][gc,phases   ] GC(302)   Post Evacuate Collection Set: 0.22ms
[2026-03-23T17:27:54.007+0900][6.983s][info][gc,phases   ] GC(302)   Other: 0.12ms
[2026-03-23T17:27:54.007+0900][6.983s][info][gc,heap     ] GC(302) Eden regions: 1->0(256)
[2026-03-23T17:27:54.007+0900][6.983s][info][gc,heap     ] GC(302) Survivor regions: 1->1(33)
[2026-03-23T17:27:54.007+0900][6.983s][info][gc,heap     ] GC(302) Old regions: 5->5
[2026-03-23T17:27:54.007+0900][6.983s][info][gc,heap     ] GC(302) Humongous regions: 226->223
[2026-03-23T17:27:54.007+0900][6.983s][info][gc,metaspace] GC(302) Metaspace: 236K(448K)->236K(448K) NonClass: 222K(320K)->222K(320K) Class: 14K(128K)->14K(128K)
[2026-03-23T17:27:54.007+0900][6.983s][info][gc          ] GC(302) Pause Young (Concurrent Start) (G1 Humongous Allocation) 228M->224M(512M) 1.891ms
[2026-03-23T17:27:54.007+0900][6.983s][info][gc,cpu      ] GC(302) User=0.00s Sys=0.01s Real=0.00s
[2026-03-23T17:27:54.007+0900][6.983s][info][gc          ] GC(303) Concurrent Undo Cycle
[2026-03-23T17:27:54.008+0900][6.983s][info][gc,marking  ] GC(303) Concurrent Clear Claimed Marks
[2026-03-23T17:27:54.008+0900][6.983s][info][gc,marking  ] GC(303) Concurrent Clear Claimed Marks 0.050ms
[2026-03-23T17:27:54.008+0900][6.983s][info][gc,marking  ] GC(303) Concurrent Cleanup for Next Mark
[2026-03-23T17:27:54.008+0900][6.983s][info][gc,marking  ] GC(303) Concurrent Cleanup for Next Mark 0.109ms
[2026-03-23T17:27:54.008+0900][6.983s][info][gc          ] GC(303) Concurrent Undo Cycle 0.398ms
[2026-03-23T17:27:54.013+0900][6.989s][info][gc,start    ] GC(304) Pause Young (Concurrent Start) (G1 Humongous Allocation)
[2026-03-23T17:27:54.014+0900][6.989s][info][gc,task     ] GC(304) Using 11 workers of 11 for evacuation
[2026-03-23T17:27:54.015+0900][6.991s][info][gc,phases   ] GC(304)   Pre Evacuate Collection Set: 0.37ms
[2026-03-23T17:27:54.015+0900][6.991s][info][gc,phases   ] GC(304)   Merge Heap Roots: 0.28ms
[2026-03-23T17:27:54.015+0900][6.991s][info][gc,phases   ] GC(304)   Evacuate Collection Set: 0.54ms
[2026-03-23T17:27:54.015+0900][6.991s][info][gc,phases   ] GC(304)   Post Evacuate Collection Set: 0.19ms
[2026-03-23T17:27:54.015+0900][6.991s][info][gc,phases   ] GC(304)   Other: 0.19ms
[2026-03-23T17:27:54.015+0900][6.991s][info][gc,heap     ] GC(304) Eden regions: 1->0(256)
[2026-03-23T17:27:54.015+0900][6.991s][info][gc,heap     ] GC(304) Survivor regions: 1->1(33)
[2026-03-23T17:27:54.015+0900][6.991s][info][gc,heap     ] GC(304) Old regions: 5->5
[2026-03-23T17:27:54.016+0900][6.991s][info][gc,heap     ] GC(304) Humongous regions: 226->223
[2026-03-23T17:27:54.016+0900][6.991s][info][gc,metaspace] GC(304) Metaspace: 236K(448K)->236K(448K) NonClass: 222K(320K)->222K(320K) Class: 14K(128K)->14K(128K)
[2026-03-23T17:27:54.016+0900][6.991s][info][gc          ] GC(304) Pause Young (Concurrent Start) (G1 Humongous Allocation) 228M->224M(512M) 2.077ms
[2026-03-23T17:27:54.016+0900][6.991s][info][gc,cpu      ] GC(304) User=0.00s Sys=0.00s Real=0.00s
[2026-03-23T17:27:54.016+0900][6.991s][info][gc          ] GC(305) Concurrent Undo Cycle
[2026-03-23T17:27:54.016+0900][6.991s][info][gc,marking  ] GC(305) Concurrent Clear Claimed Marks
[2026-03-23T17:27:54.016+0900][6.991s][info][gc,marking  ] GC(305) Concurrent Clear Claimed Marks 0.053ms
[2026-03-23T17:27:54.016+0900][6.991s][info][gc,marking  ] GC(305) Concurrent Cleanup for Next Mark
[2026-03-23T17:27:54.016+0900][6.992s][info][gc,marking  ] GC(305) Concurrent Cleanup for Next Mark 0.113ms
[2026-03-23T17:27:54.016+0900][6.992s][info][gc          ] GC(305) Concurrent Undo Cycle 0.423ms
[2026-03-23T17:27:54.022+0900][6.998s][info][gc,start    ] GC(306) Pause Young (Concurrent Start) (G1 Humongous Allocation)
[2026-03-23T17:27:54.022+0900][6.998s][info][gc,task     ] GC(306) Using 11 workers of 11 for evacuation
[2026-03-23T17:27:54.024+0900][7.000s][info][gc,phases   ] GC(306)   Pre Evacuate Collection Set: 0.92ms
[2026-03-23T17:27:54.024+0900][7.000s][info][gc,phases   ] GC(306)   Merge Heap Roots: 0.15ms
[2026-03-23T17:27:54.024+0900][7.000s][info][gc,phases   ] GC(306)   Evacuate Collection Set: 0.30ms
[2026-03-23T17:27:54.024+0900][7.000s][info][gc,phases   ] GC(306)   Post Evacuate Collection Set: 0.26ms
[2026-03-23T17:27:54.024+0900][7.000s][info][gc,phases   ] GC(306)   Other: 0.11ms
[2026-03-23T17:27:54.024+0900][7.000s][info][gc,heap     ] GC(306) Eden regions: 1->0(256)
[2026-03-23T17:27:54.024+0900][7.000s][info][gc,heap     ] GC(306) Survivor regions: 1->1(33)
[2026-03-23T17:27:54.024+0900][7.000s][info][gc,heap     ] GC(306) Old regions: 5->5
[2026-03-23T17:27:54.024+0900][7.000s][info][gc,heap     ] GC(306) Humongous regions: 226->223
[2026-03-23T17:27:54.024+0900][7.000s][info][gc,metaspace] GC(306) Metaspace: 236K(448K)->236K(448K) NonClass: 222K(320K)->222K(320K) Class: 14K(128K)->14K(128K)
[2026-03-23T17:27:54.025+0900][7.000s][info][gc          ] GC(306) Pause Young (Concurrent Start) (G1 Humongous Allocation) 228M->224M(512M) 2.144ms
[2026-03-23T17:27:54.025+0900][7.000s][info][gc,cpu      ] GC(306) User=0.00s Sys=0.00s Real=0.00s
[2026-03-23T17:27:54.025+0900][7.000s][info][gc          ] GC(307) Concurrent Undo Cycle
[2026-03-23T17:27:54.025+0900][7.000s][info][gc,marking  ] GC(307) Concurrent Clear Claimed Marks
[2026-03-23T17:27:54.025+0900][7.000s][info][gc,marking  ] GC(307) Concurrent Clear Claimed Marks 0.048ms
[2026-03-23T17:27:54.025+0900][7.000s][info][gc,marking  ] GC(307) Concurrent Cleanup for Next Mark
[2026-03-23T17:27:54.025+0900][7.000s][info][gc,marking  ] GC(307) Concurrent Cleanup for Next Mark 0.124ms
[2026-03-23T17:27:54.025+0900][7.001s][info][gc          ] GC(307) Concurrent Undo Cycle 0.397ms
[2026-03-23T17:27:54.031+0900][7.006s][info][gc,start    ] GC(308) Pause Young (Concurrent Start) (G1 Humongous Allocation)
[2026-03-23T17:27:54.031+0900][7.006s][info][gc,task     ] GC(308) Using 11 workers of 11 for evacuation
[2026-03-23T17:27:54.032+0900][7.008s][info][gc,phases   ] GC(308)   Pre Evacuate Collection Set: 0.93ms
[2026-03-23T17:27:54.032+0900][7.008s][info][gc,phases   ] GC(308)   Merge Heap Roots: 0.06ms
[2026-03-23T17:27:54.032+0900][7.008s][info][gc,phases   ] GC(308)   Evacuate Collection Set: 0.24ms
[2026-03-23T17:27:54.033+0900][7.008s][info][gc,phases   ] GC(308)   Post Evacuate Collection Set: 0.23ms
[2026-03-23T17:27:54.033+0900][7.008s][info][gc,phases   ] GC(308)   Other: 0.10ms
[2026-03-23T17:27:54.033+0900][7.008s][info][gc,heap     ] GC(308) Eden regions: 1->0(256)
[2026-03-23T17:27:54.033+0900][7.008s][info][gc,heap     ] GC(308) Survivor regions: 1->1(33)
[2026-03-23T17:27:54.033+0900][7.008s][info][gc,heap     ] GC(308) Old regions: 5->5
[2026-03-23T17:27:54.033+0900][7.008s][info][gc,heap     ] GC(308) Humongous regions: 226->223
[2026-03-23T17:27:54.033+0900][7.008s][info][gc,metaspace] GC(308) Metaspace: 236K(448K)->236K(448K) NonClass: 222K(320K)->222K(320K) Class: 14K(128K)->14K(128K)
[2026-03-23T17:27:54.033+0900][7.008s][info][gc          ] GC(308) Pause Young (Concurrent Start) (G1 Humongous Allocation) 228M->224M(512M) 1.945ms
[2026-03-23T17:27:54.033+0900][7.008s][info][gc,cpu      ] GC(308) User=0.01s Sys=0.00s Real=0.00s
[2026-03-23T17:27:54.033+0900][7.008s][info][gc          ] GC(309) Concurrent Undo Cycle
[2026-03-23T17:27:54.033+0900][7.008s][info][gc,marking  ] GC(309) Concurrent Clear Claimed Marks
[2026-03-23T17:27:54.033+0900][7.008s][info][gc,marking  ] GC(309) Concurrent Clear Claimed Marks 0.042ms
[2026-03-23T17:27:54.033+0900][7.009s][info][gc,marking  ] GC(309) Concurrent Cleanup for Next Mark
[2026-03-23T17:27:54.033+0900][7.009s][info][gc,marking  ] GC(309) Concurrent Cleanup for Next Mark 0.120ms
[2026-03-23T17:27:54.033+0900][7.009s][info][gc          ] GC(309) Concurrent Undo Cycle 0.343ms
[2026-03-23T17:27:54.033+0900][7.009s][info][gc,start    ] GC(310) Pause Young (Concurrent Start) (G1 Humongous Allocation)
[2026-03-23T17:27:54.033+0900][7.009s][info][gc,task     ] GC(310) Using 11 workers of 11 for evacuation
[2026-03-23T17:27:54.034+0900][7.009s][info][gc,phases   ] GC(310)   Pre Evacuate Collection Set: 0.17ms
[2026-03-23T17:27:54.034+0900][7.009s][info][gc,phases   ] GC(310)   Merge Heap Roots: 0.04ms
[2026-03-23T17:27:54.034+0900][7.009s][info][gc,phases   ] GC(310)   Evacuate Collection Set: 0.16ms
[2026-03-23T17:27:54.034+0900][7.009s][info][gc,phases   ] GC(310)   Post Evacuate Collection Set: 0.15ms
[2026-03-23T17:27:54.034+0900][7.009s][info][gc,phases   ] GC(310)   Other: 0.07ms
[2026-03-23T17:27:54.034+0900][7.010s][info][gc,heap     ] GC(310) Eden regions: 1->0(252)
[2026-03-23T17:27:54.034+0900][7.010s][info][gc,heap     ] GC(310) Survivor regions: 1->1(33)
[2026-03-23T17:27:54.034+0900][7.010s][info][gc,heap     ] GC(310) Old regions: 5->5
[2026-03-23T17:27:54.034+0900][7.010s][info][gc,heap     ] GC(310) Humongous regions: 227->227
[2026-03-23T17:27:54.034+0900][7.010s][info][gc,metaspace] GC(310) Metaspace: 236K(448K)->236K(448K) NonClass: 222K(320K)->222K(320K) Class: 14K(128K)->14K(128K)
[2026-03-23T17:27:54.034+0900][7.010s][info][gc          ] GC(310) Pause Young (Concurrent Start) (G1 Humongous Allocation) 229M->228M(512M) 0.804ms
[2026-03-23T17:27:54.034+0900][7.010s][info][gc,cpu      ] GC(310) User=0.00s Sys=0.00s Real=0.00s
[2026-03-23T17:27:54.034+0900][7.010s][info][gc          ] GC(311) Concurrent Mark Cycle
[2026-03-23T17:27:54.034+0900][7.010s][info][gc,marking  ] GC(311) Concurrent Scan Root Regions
[2026-03-23T17:27:54.034+0900][7.010s][info][gc,marking  ] GC(311) Concurrent Scan Root Regions 0.046ms
[2026-03-23T17:27:54.034+0900][7.010s][info][gc,marking  ] GC(311) Concurrent Mark
[2026-03-23T17:27:54.034+0900][7.010s][info][gc,marking  ] GC(311) Concurrent Mark From Roots
[2026-03-23T17:27:54.034+0900][7.010s][info][gc,task     ] GC(311) Using 3 workers of 3 for marking
[2026-03-23T17:27:54.036+0900][7.012s][info][gc,marking  ] GC(311) Concurrent Mark From Roots 1.879ms
[2026-03-23T17:27:54.036+0900][7.012s][info][gc,marking  ] GC(311) Concurrent Preclean
[2026-03-23T17:27:54.036+0900][7.012s][info][gc,marking  ] GC(311) Concurrent Preclean 0.025ms
[2026-03-23T17:27:54.036+0900][7.012s][info][gc,start    ] GC(311) Pause Remark
[2026-03-23T17:27:54.037+0900][7.012s][info][gc          ] GC(311) Pause Remark 231M->103M(354M) 0.410ms
[2026-03-23T17:27:54.037+0900][7.012s][info][gc,cpu      ] GC(311) User=0.00s Sys=0.00s Real=0.00s
[2026-03-23T17:27:54.037+0900][7.012s][info][gc,marking  ] GC(311) Concurrent Mark 2.479ms
[2026-03-23T17:27:54.037+0900][7.012s][info][gc,marking  ] GC(311) Concurrent Rebuild Remembered Sets and Scrub Regions
[2026-03-23T17:27:54.037+0900][7.013s][info][gc,marking  ] GC(311) Concurrent Rebuild Remembered Sets and Scrub Regions 0.548ms
[2026-03-23T17:27:54.037+0900][7.013s][info][gc,start    ] GC(311) Pause Cleanup
[2026-03-23T17:27:54.037+0900][7.013s][info][gc          ] GC(311) Pause Cleanup 103M->103M(354M) 0.097ms
[2026-03-23T17:27:54.037+0900][7.013s][info][gc,cpu      ] GC(311) User=0.00s Sys=0.00s Real=0.00s
[2026-03-23T17:27:54.037+0900][7.013s][info][gc,marking  ] GC(311) Concurrent Clear Claimed Marks
[2026-03-23T17:27:54.037+0900][7.013s][info][gc,marking  ] GC(311) Concurrent Clear Claimed Marks 0.017ms
[2026-03-23T17:27:54.037+0900][7.013s][info][gc,marking  ] GC(311) Concurrent Cleanup for Next Mark
[2026-03-23T17:27:54.038+0900][7.013s][info][gc,marking  ] GC(311) Concurrent Cleanup for Next Mark 0.263ms
[2026-03-23T17:27:54.038+0900][7.013s][info][gc          ] GC(311) Concurrent Mark Cycle 3.706ms
[2026-03-23T17:27:54.838+0900][7.814s][info][gc,start    ] GC(312) Pause Young (Prepare Mixed) (G1 Humongous Allocation)
[2026-03-23T17:27:54.838+0900][7.814s][info][gc,task     ] GC(312) Using 11 workers of 11 for evacuation
[2026-03-23T17:27:54.841+0900][7.816s][info][gc,phases   ] GC(312)   Pre Evacuate Collection Set: 0.23ms
[2026-03-23T17:27:54.841+0900][7.817s][info][gc,phases   ] GC(312)   Merge Heap Roots: 0.13ms
[2026-03-23T17:27:54.841+0900][7.817s][info][gc,phases   ] GC(312)   Evacuate Collection Set: 1.01ms
[2026-03-23T17:27:54.841+0900][7.817s][info][gc,phases   ] GC(312)   Post Evacuate Collection Set: 1.22ms
[2026-03-23T17:27:54.841+0900][7.817s][info][gc,phases   ] GC(312)   Other: 0.08ms
[2026-03-23T17:27:54.841+0900][7.817s][info][gc,heap     ] GC(312) Eden regions: 1->0(307)
[2026-03-23T17:27:54.841+0900][7.817s][info][gc,heap     ] GC(312) Survivor regions: 1->0(0)
[2026-03-23T17:27:54.841+0900][7.817s][info][gc,heap     ] GC(312) Old regions: 3->5
[2026-03-23T17:27:54.841+0900][7.817s][info][gc,heap     ] GC(312) Humongous regions: 507->144
[2026-03-23T17:27:54.841+0900][7.817s][info][gc,metaspace] GC(312) Metaspace: 236K(448K)->236K(448K) NonClass: 222K(320K)->222K(320K) Class: 14K(128K)->14K(128K)
[2026-03-23T17:27:54.841+0900][7.817s][info][gc          ] GC(312) Pause Young (Prepare Mixed) (G1 Humongous Allocation) (Evacuation Failure) 508M->145M(512M) 3.209ms
[2026-03-23T17:27:54.841+0900][7.817s][info][gc,cpu      ] GC(312) User=0.01s Sys=0.00s Real=0.01s
[2026-03-23T17:27:55.534+0900][8.510s][info][gc,start    ] GC(313) Pause Young (Mixed) (G1 Humongous Allocation)
[2026-03-23T17:27:55.534+0900][8.510s][info][gc,task     ] GC(313) Using 11 workers of 11 for evacuation
[2026-03-23T17:27:55.535+0900][8.511s][info][gc,phases   ] GC(313)   Pre Evacuate Collection Set: 0.23ms
[2026-03-23T17:27:55.535+0900][8.511s][info][gc,phases   ] GC(313)   Merge Heap Roots: 0.06ms
[2026-03-23T17:27:55.535+0900][8.511s][info][gc,phases   ] GC(313)   Evacuate Collection Set: 0.23ms
[2026-03-23T17:27:55.535+0900][8.511s][info][gc,phases   ] GC(313)   Post Evacuate Collection Set: 0.29ms
[2026-03-23T17:27:55.535+0900][8.511s][info][gc,phases   ] GC(313)   Other: 0.07ms
[2026-03-23T17:27:55.535+0900][8.511s][info][gc,heap     ] GC(313) Eden regions: 1->0(306)
[2026-03-23T17:27:55.535+0900][8.511s][info][gc,heap     ] GC(313) Survivor regions: 0->1(1)
[2026-03-23T17:27:55.535+0900][8.511s][info][gc,heap     ] GC(313) Old regions: 5->5
[2026-03-23T17:27:55.535+0900][8.511s][info][gc,heap     ] GC(313) Humongous regions: 505->89
[2026-03-23T17:27:55.536+0900][8.511s][info][gc,metaspace] GC(313) Metaspace: 236K(448K)->236K(448K) NonClass: 222K(320K)->222K(320K) Class: 14K(128K)->14K(128K)
[2026-03-23T17:27:55.536+0900][8.511s][info][gc          ] GC(313) Pause Young (Mixed) (G1 Humongous Allocation) (Evacuation Failure) 507M->90M(512M) 1.183ms
[2026-03-23T17:27:55.536+0900][8.511s][info][gc,cpu      ] GC(313) User=0.00s Sys=0.00s Real=0.00s
[2026-03-23T17:27:55.791+0900][8.767s][info][gc,start    ] GC(314) Pause Young (Concurrent Start) (G1 Humongous Allocation)
[2026-03-23T17:27:55.791+0900][8.767s][info][gc,task     ] GC(314) Using 11 workers of 11 for evacuation
[2026-03-23T17:27:55.792+0900][8.767s][info][gc,phases   ] GC(314)   Pre Evacuate Collection Set: 0.22ms
[2026-03-23T17:27:55.792+0900][8.767s][info][gc,phases   ] GC(314)   Merge Heap Roots: 0.04ms
[2026-03-23T17:27:55.792+0900][8.767s][info][gc,phases   ] GC(314)   Evacuate Collection Set: 0.20ms
[2026-03-23T17:27:55.792+0900][8.767s][info][gc,phases   ] GC(314)   Post Evacuate Collection Set: 0.14ms
[2026-03-23T17:27:55.792+0900][8.767s][info][gc,phases   ] GC(314)   Other: 0.05ms
[2026-03-23T17:27:55.792+0900][8.767s][info][gc,heap     ] GC(314) Eden regions: 1->0(306)
[2026-03-23T17:27:55.792+0900][8.767s][info][gc,heap     ] GC(314) Survivor regions: 1->1(39)
[2026-03-23T17:27:55.792+0900][8.767s][info][gc,heap     ] GC(314) Old regions: 5->5
[2026-03-23T17:27:55.792+0900][8.767s][info][gc,heap     ] GC(314) Humongous regions: 226->103
[2026-03-23T17:27:55.792+0900][8.767s][info][gc,metaspace] GC(314) Metaspace: 236K(448K)->236K(448K) NonClass: 222K(320K)->222K(320K) Class: 14K(128K)->14K(128K)
[2026-03-23T17:27:55.792+0900][8.767s][info][gc          ] GC(314) Pause Young (Concurrent Start) (G1 Humongous Allocation) 228M->104M(512M) 0.793ms
[2026-03-23T17:27:55.792+0900][8.768s][info][gc,cpu      ] GC(314) User=0.00s Sys=0.00s Real=0.00s
[2026-03-23T17:27:55.792+0900][8.768s][info][gc          ] GC(315) Concurrent Undo Cycle
[2026-03-23T17:27:55.792+0900][8.768s][info][gc,marking  ] GC(315) Concurrent Clear Claimed Marks
[2026-03-23T17:27:55.792+0900][8.768s][info][gc,marking  ] GC(315) Concurrent Clear Claimed Marks 0.009ms
[2026-03-23T17:27:55.792+0900][8.768s][info][gc,marking  ] GC(315) Concurrent Cleanup for Next Mark
[2026-03-23T17:27:55.792+0900][8.768s][info][gc,marking  ] GC(315) Concurrent Cleanup for Next Mark 0.033ms
[2026-03-23T17:27:55.792+0900][8.768s][info][gc          ] GC(315) Concurrent Undo Cycle 0.099ms
[2026-03-23T17:27:56.015+0900][8.991s][info][gc,start    ] GC(316) Pause Young (Concurrent Start) (G1 Humongous Allocation)
[2026-03-23T17:27:56.015+0900][8.991s][info][gc,task     ] GC(316) Using 11 workers of 11 for evacuation
[2026-03-23T17:27:56.016+0900][8.992s][info][gc,phases   ] GC(316)   Pre Evacuate Collection Set: 0.25ms
[2026-03-23T17:27:56.016+0900][8.992s][info][gc,phases   ] GC(316)   Merge Heap Roots: 0.06ms
[2026-03-23T17:27:56.016+0900][8.992s][info][gc,phases   ] GC(316)   Evacuate Collection Set: 0.29ms
[2026-03-23T17:27:56.016+0900][8.992s][info][gc,phases   ] GC(316)   Post Evacuate Collection Set: 0.24ms
[2026-03-23T17:27:56.017+0900][8.992s][info][gc,phases   ] GC(316)   Other: 0.12ms
[2026-03-23T17:27:56.017+0900][8.992s][info][gc,heap     ] GC(316) Eden regions: 1->0(306)
[2026-03-23T17:27:56.017+0900][8.992s][info][gc,heap     ] GC(316) Survivor regions: 1->1(39)
[2026-03-23T17:27:56.017+0900][8.992s][info][gc,heap     ] GC(316) Old regions: 5->5
[2026-03-23T17:27:56.017+0900][8.992s][info][gc,heap     ] GC(316) Humongous regions: 226->118
[2026-03-23T17:27:56.017+0900][8.992s][info][gc,metaspace] GC(316) Metaspace: 236K(448K)->236K(448K) NonClass: 222K(320K)->222K(320K) Class: 14K(128K)->14K(128K)
[2026-03-23T17:27:56.017+0900][8.992s][info][gc          ] GC(316) Pause Young (Concurrent Start) (G1 Humongous Allocation) 228M->119M(512M) 1.451ms
[2026-03-23T17:27:56.017+0900][8.992s][info][gc          ] GC(317) Concurrent Undo Cycle
[2026-03-23T17:27:56.017+0900][8.992s][info][gc,cpu      ] GC(316) User=0.01s Sys=0.00s Real=0.00s
[2026-03-23T17:27:56.017+0900][8.992s][info][gc,marking  ] GC(317) Concurrent Clear Claimed Marks
[2026-03-23T17:27:56.017+0900][8.992s][info][gc,marking  ] GC(317) Concurrent Clear Claimed Marks 0.051ms
[2026-03-23T17:27:56.017+0900][8.992s][info][gc,marking  ] GC(317) Concurrent Cleanup for Next Mark
[2026-03-23T17:27:56.017+0900][8.993s][info][gc,marking  ] GC(317) Concurrent Cleanup for Next Mark 0.111ms
[2026-03-23T17:27:56.017+0900][8.993s][info][gc          ] GC(317) Concurrent Undo Cycle 0.334ms
[2026-03-23T17:27:56.217+0900][9.193s][info][gc,start    ] GC(318) Pause Young (Concurrent Start) (G1 Humongous Allocation)
[2026-03-23T17:27:56.217+0900][9.193s][info][gc,task     ] GC(318) Using 11 workers of 11 for evacuation
[2026-03-23T17:27:56.218+0900][9.193s][info][gc,phases   ] GC(318)   Pre Evacuate Collection Set: 0.13ms
[2026-03-23T17:27:56.218+0900][9.193s][info][gc,phases   ] GC(318)   Merge Heap Roots: 0.04ms
[2026-03-23T17:27:56.218+0900][9.193s][info][gc,phases   ] GC(318)   Evacuate Collection Set: 0.18ms
[2026-03-23T17:27:56.218+0900][9.193s][info][gc,phases   ] GC(318)   Post Evacuate Collection Set: 0.12ms
[2026-03-23T17:27:56.218+0900][9.193s][info][gc,phases   ] GC(318)   Other: 0.06ms
[2026-03-23T17:27:56.218+0900][9.193s][info][gc,heap     ] GC(318) Eden regions: 1->0(306)
[2026-03-23T17:27:56.218+0900][9.193s][info][gc,heap     ] GC(318) Survivor regions: 1->1(39)
[2026-03-23T17:27:56.218+0900][9.193s][info][gc,heap     ] GC(318) Old regions: 5->5
[2026-03-23T17:27:56.218+0900][9.193s][info][gc,heap     ] GC(318) Humongous regions: 226->130
[2026-03-23T17:27:56.218+0900][9.193s][info][gc,metaspace] GC(318) Metaspace: 236K(448K)->236K(448K) NonClass: 222K(320K)->222K(320K) Class: 14K(128K)->14K(128K)
[2026-03-23T17:27:56.218+0900][9.193s][info][gc          ] GC(318) Pause Young (Concurrent Start) (G1 Humongous Allocation) 228M->131M(512M) 0.709ms
[2026-03-23T17:27:56.218+0900][9.193s][info][gc,cpu      ] GC(318) User=0.00s Sys=0.00s Real=0.00s
[2026-03-23T17:27:56.218+0900][9.193s][info][gc          ] GC(319) Concurrent Undo Cycle
[2026-03-23T17:27:56.218+0900][9.194s][info][gc,marking  ] GC(319) Concurrent Clear Claimed Marks
[2026-03-23T17:27:56.218+0900][9.194s][info][gc,marking  ] GC(319) Concurrent Clear Claimed Marks 0.013ms
[2026-03-23T17:27:56.218+0900][9.194s][info][gc,marking  ] GC(319) Concurrent Cleanup for Next Mark
[2026-03-23T17:27:56.218+0900][9.194s][info][gc,marking  ] GC(319) Concurrent Cleanup for Next Mark 0.050ms
[2026-03-23T17:27:56.218+0900][9.194s][info][gc          ] GC(319) Concurrent Undo Cycle 0.132ms
[2026-03-23T17:27:56.402+0900][9.378s][info][gc,start    ] GC(320) Pause Young (Concurrent Start) (G1 Humongous Allocation)
[2026-03-23T17:27:56.402+0900][9.378s][info][gc,task     ] GC(320) Using 11 workers of 11 for evacuation
[2026-03-23T17:27:56.403+0900][9.378s][info][gc,phases   ] GC(320)   Pre Evacuate Collection Set: 0.15ms
[2026-03-23T17:27:56.403+0900][9.378s][info][gc,phases   ] GC(320)   Merge Heap Roots: 0.03ms
[2026-03-23T17:27:56.403+0900][9.378s][info][gc,phases   ] GC(320)   Evacuate Collection Set: 0.18ms
[2026-03-23T17:27:56.403+0900][9.378s][info][gc,phases   ] GC(320)   Post Evacuate Collection Set: 0.12ms
[2026-03-23T17:27:56.403+0900][9.378s][info][gc,phases   ] GC(320)   Other: 0.06ms
[2026-03-23T17:27:56.403+0900][9.378s][info][gc,heap     ] GC(320) Eden regions: 1->0(306)
[2026-03-23T17:27:56.403+0900][9.378s][info][gc,heap     ] GC(320) Survivor regions: 1->1(39)
[2026-03-23T17:27:56.403+0900][9.378s][info][gc,heap     ] GC(320) Old regions: 5->5
[2026-03-23T17:27:56.403+0900][9.378s][info][gc,heap     ] GC(320) Humongous regions: 226->139
[2026-03-23T17:27:56.403+0900][9.378s][info][gc,metaspace] GC(320) Metaspace: 236K(448K)->236K(448K) NonClass: 222K(320K)->222K(320K) Class: 14K(128K)->14K(128K)
[2026-03-23T17:27:56.403+0900][9.378s][info][gc          ] GC(320) Pause Young (Concurrent Start) (G1 Humongous Allocation) 228M->140M(512M) 0.792ms
[2026-03-23T17:27:56.403+0900][9.378s][info][gc,cpu      ] GC(320) User=0.00s Sys=0.00s Real=0.00s
[2026-03-23T17:27:56.403+0900][9.378s][info][gc          ] GC(321) Concurrent Undo Cycle
[2026-03-23T17:27:56.403+0900][9.378s][info][gc,marking  ] GC(321) Concurrent Clear Claimed Marks
[2026-03-23T17:27:56.403+0900][9.379s][info][gc,marking  ] GC(321) Concurrent Clear Claimed Marks 0.020ms
[2026-03-23T17:27:56.403+0900][9.379s][info][gc,marking  ] GC(321) Concurrent Cleanup for Next Mark
[2026-03-23T17:27:56.403+0900][9.379s][info][gc,marking  ] GC(321) Concurrent Cleanup for Next Mark 0.043ms
[2026-03-23T17:27:56.403+0900][9.379s][info][gc          ] GC(321) Concurrent Undo Cycle 0.160ms
[2026-03-23T17:27:56.564+0900][9.540s][info][gc,start    ] GC(322) Pause Young (Concurrent Start) (G1 Humongous Allocation)
[2026-03-23T17:27:56.564+0900][9.540s][info][gc,task     ] GC(322) Using 11 workers of 11 for evacuation
[2026-03-23T17:27:56.565+0900][9.541s][info][gc,phases   ] GC(322)   Pre Evacuate Collection Set: 0.21ms
[2026-03-23T17:27:56.565+0900][9.541s][info][gc,phases   ] GC(322)   Merge Heap Roots: 0.06ms
[2026-03-23T17:27:56.565+0900][9.541s][info][gc,phases   ] GC(322)   Evacuate Collection Set: 0.21ms
[2026-03-23T17:27:56.565+0900][9.541s][info][gc,phases   ] GC(322)   Post Evacuate Collection Set: 0.20ms
[2026-03-23T17:27:56.565+0900][9.541s][info][gc,phases   ] GC(322)   Other: 0.06ms
[2026-03-23T17:27:56.565+0900][9.541s][info][gc,heap     ] GC(322) Eden regions: 1->0(306)
[2026-03-23T17:27:56.565+0900][9.541s][info][gc,heap     ] GC(322) Survivor regions: 1->1(39)
[2026-03-23T17:27:56.565+0900][9.541s][info][gc,heap     ] GC(322) Old regions: 5->5
[2026-03-23T17:27:56.565+0900][9.541s][info][gc,heap     ] GC(322) Humongous regions: 226->148
[2026-03-23T17:27:56.565+0900][9.541s][info][gc,metaspace] GC(322) Metaspace: 236K(448K)->236K(448K) NonClass: 222K(320K)->222K(320K) Class: 14K(128K)->14K(128K)
[2026-03-23T17:27:56.565+0900][9.541s][info][gc          ] GC(322) Pause Young (Concurrent Start) (G1 Humongous Allocation) 228M->149M(512M) 0.952ms
[2026-03-23T17:27:56.565+0900][9.541s][info][gc,cpu      ] GC(322) User=0.00s Sys=0.01s Real=0.00s
[2026-03-23T17:27:56.565+0900][9.541s][info][gc          ] GC(323) Concurrent Undo Cycle
[2026-03-23T17:27:56.565+0900][9.541s][info][gc,marking  ] GC(323) Concurrent Clear Claimed Marks
[2026-03-23T17:27:56.565+0900][9.541s][info][gc,marking  ] GC(323) Concurrent Clear Claimed Marks 0.015ms
[2026-03-23T17:27:56.565+0900][9.541s][info][gc,marking  ] GC(323) Concurrent Cleanup for Next Mark
[2026-03-23T17:27:56.565+0900][9.541s][info][gc,marking  ] GC(323) Concurrent Cleanup for Next Mark 0.056ms
[2026-03-23T17:27:56.565+0900][9.541s][info][gc          ] GC(323) Concurrent Undo Cycle 0.147ms
[2026-03-23T17:27:56.708+0900][9.683s][info][gc,start    ] GC(324) Pause Young (Concurrent Start) (G1 Humongous Allocation)
[2026-03-23T17:27:56.708+0900][9.683s][info][gc,task     ] GC(324) Using 11 workers of 11 for evacuation
[2026-03-23T17:27:56.708+0900][9.684s][info][gc,phases   ] GC(324)   Pre Evacuate Collection Set: 0.15ms
[2026-03-23T17:27:56.708+0900][9.684s][info][gc,phases   ] GC(324)   Merge Heap Roots: 0.03ms
[2026-03-23T17:27:56.708+0900][9.684s][info][gc,phases   ] GC(324)   Evacuate Collection Set: 0.14ms
[2026-03-23T17:27:56.708+0900][9.684s][info][gc,phases   ] GC(324)   Post Evacuate Collection Set: 0.10ms
[2026-03-23T17:27:56.708+0900][9.684s][info][gc,phases   ] GC(324)   Other: 0.04ms
[2026-03-23T17:27:56.708+0900][9.684s][info][gc,heap     ] GC(324) Eden regions: 1->0(306)
[2026-03-23T17:27:56.708+0900][9.684s][info][gc,heap     ] GC(324) Survivor regions: 1->1(39)
[2026-03-23T17:27:56.708+0900][9.684s][info][gc,heap     ] GC(324) Old regions: 5->5
[2026-03-23T17:27:56.708+0900][9.684s][info][gc,heap     ] GC(324) Humongous regions: 226->157
[2026-03-23T17:27:56.708+0900][9.684s][info][gc,metaspace] GC(324) Metaspace: 236K(448K)->236K(448K) NonClass: 222K(320K)->222K(320K) Class: 14K(128K)->14K(128K)
[2026-03-23T17:27:56.708+0900][9.684s][info][gc          ] GC(324) Pause Young (Concurrent Start) (G1 Humongous Allocation) 228M->158M(512M) 0.605ms
[2026-03-23T17:27:56.708+0900][9.684s][info][gc,cpu      ] GC(324) User=0.01s Sys=0.00s Real=0.00s
[2026-03-23T17:27:56.708+0900][9.684s][info][gc          ] GC(325) Concurrent Undo Cycle
[2026-03-23T17:27:56.708+0900][9.684s][info][gc,marking  ] GC(325) Concurrent Clear Claimed Marks
[2026-03-23T17:27:56.708+0900][9.684s][info][gc,marking  ] GC(325) Concurrent Clear Claimed Marks 0.008ms
[2026-03-23T17:27:56.709+0900][9.684s][info][gc,marking  ] GC(325) Concurrent Cleanup for Next Mark
[2026-03-23T17:27:56.709+0900][9.684s][info][gc,marking  ] GC(325) Concurrent Cleanup for Next Mark 0.031ms
[2026-03-23T17:27:56.709+0900][9.684s][info][gc          ] GC(325) Concurrent Undo Cycle 0.082ms
[2026-03-23T17:27:56.832+0900][9.807s][info][gc,start    ] GC(326) Pause Young (Concurrent Start) (G1 Humongous Allocation)
[2026-03-23T17:27:56.832+0900][9.807s][info][gc,task     ] GC(326) Using 11 workers of 11 for evacuation
[2026-03-23T17:27:56.832+0900][9.808s][info][gc,phases   ] GC(326)   Pre Evacuate Collection Set: 0.17ms
[2026-03-23T17:27:56.832+0900][9.808s][info][gc,phases   ] GC(326)   Merge Heap Roots: 0.03ms
[2026-03-23T17:27:56.832+0900][9.808s][info][gc,phases   ] GC(326)   Evacuate Collection Set: 0.13ms
[2026-03-23T17:27:56.832+0900][9.808s][info][gc,phases   ] GC(326)   Post Evacuate Collection Set: 0.09ms
[2026-03-23T17:27:56.832+0900][9.808s][info][gc,phases   ] GC(326)   Other: 0.04ms
[2026-03-23T17:27:56.832+0900][9.808s][info][gc,heap     ] GC(326) Eden regions: 1->0(306)
[2026-03-23T17:27:56.832+0900][9.808s][info][gc,heap     ] GC(326) Survivor regions: 1->1(39)
[2026-03-23T17:27:56.832+0900][9.808s][info][gc,heap     ] GC(326) Old regions: 5->5
[2026-03-23T17:27:56.832+0900][9.808s][info][gc,heap     ] GC(326) Humongous regions: 226->166
[2026-03-23T17:27:56.832+0900][9.808s][info][gc,metaspace] GC(326) Metaspace: 236K(448K)->236K(448K) NonClass: 222K(320K)->222K(320K) Class: 14K(128K)->14K(128K)
[2026-03-23T17:27:56.832+0900][9.808s][info][gc          ] GC(326) Pause Young (Concurrent Start) (G1 Humongous Allocation) 228M->167M(512M) 0.601ms
[2026-03-23T17:27:56.832+0900][9.808s][info][gc,cpu      ] GC(326) User=0.00s Sys=0.00s Real=0.00s
[2026-03-23T17:27:56.832+0900][9.808s][info][gc          ] GC(327) Concurrent Undo Cycle
[2026-03-23T17:27:56.832+0900][9.808s][info][gc,marking  ] GC(327) Concurrent Clear Claimed Marks
[2026-03-23T17:27:56.832+0900][9.808s][info][gc,marking  ] GC(327) Concurrent Clear Claimed Marks 0.007ms
[2026-03-23T17:27:56.832+0900][9.808s][info][gc,marking  ] GC(327) Concurrent Cleanup for Next Mark
[2026-03-23T17:27:56.832+0900][9.808s][info][gc,marking  ] GC(327) Concurrent Cleanup for Next Mark 0.030ms
[2026-03-23T17:27:56.832+0900][9.808s][info][gc          ] GC(327) Concurrent Undo Cycle 0.083ms
[2026-03-23T17:27:56.943+0900][9.919s][info][gc,start    ] GC(328) Pause Young (Concurrent Start) (G1 Humongous Allocation)
[2026-03-23T17:27:56.943+0900][9.919s][info][gc,task     ] GC(328) Using 11 workers of 11 for evacuation
[2026-03-23T17:27:56.944+0900][9.919s][info][gc,phases   ] GC(328)   Pre Evacuate Collection Set: 0.17ms
[2026-03-23T17:27:56.944+0900][9.919s][info][gc,phases   ] GC(328)   Merge Heap Roots: 0.03ms
[2026-03-23T17:27:56.944+0900][9.919s][info][gc,phases   ] GC(328)   Evacuate Collection Set: 0.16ms
[2026-03-23T17:27:56.944+0900][9.919s][info][gc,phases   ] GC(328)   Post Evacuate Collection Set: 0.12ms
[2026-03-23T17:27:56.944+0900][9.919s][info][gc,phases   ] GC(328)   Other: 0.07ms
[2026-03-23T17:27:56.944+0900][9.919s][info][gc,heap     ] GC(328) Eden regions: 1->0(306)
[2026-03-23T17:27:56.944+0900][9.919s][info][gc,heap     ] GC(328) Survivor regions: 1->1(39)
[2026-03-23T17:27:56.944+0900][9.919s][info][gc,heap     ] GC(328) Old regions: 5->5
[2026-03-23T17:27:56.944+0900][9.919s][info][gc,heap     ] GC(328) Humongous regions: 226->172
[2026-03-23T17:27:56.944+0900][9.919s][info][gc,metaspace] GC(328) Metaspace: 236K(448K)->236K(448K) NonClass: 222K(320K)->222K(320K) Class: 14K(128K)->14K(128K)
[2026-03-23T17:27:56.944+0900][9.919s][info][gc          ] GC(328) Pause Young (Concurrent Start) (G1 Humongous Allocation) 228M->173M(512M) 0.732ms
[2026-03-23T17:27:56.944+0900][9.919s][info][gc,cpu      ] GC(328) User=0.00s Sys=0.00s Real=0.00s
[2026-03-23T17:27:56.944+0900][9.919s][info][gc          ] GC(329) Concurrent Undo Cycle
[2026-03-23T17:27:56.944+0900][9.919s][info][gc,marking  ] GC(329) Concurrent Clear Claimed Marks
[2026-03-23T17:27:56.944+0900][9.919s][info][gc,marking  ] GC(329) Concurrent Clear Claimed Marks 0.011ms
[2026-03-23T17:27:56.944+0900][9.919s][info][gc,marking  ] GC(329) Concurrent Cleanup for Next Mark
[2026-03-23T17:27:56.944+0900][9.919s][info][gc,marking  ] GC(329) Concurrent Cleanup for Next Mark 0.029ms
[2026-03-23T17:27:56.944+0900][9.919s][info][gc          ] GC(329) Concurrent Undo Cycle 0.086ms
[2026-03-23T17:27:57.043+0900][10.018s][info][gc,start    ] GC(330) Pause Young (Concurrent Start) (G1 Humongous Allocation)
[2026-03-23T17:27:57.043+0900][10.018s][info][gc,task     ] GC(330) Using 11 workers of 11 for evacuation
[2026-03-23T17:27:57.044+0900][10.019s][info][gc,phases   ] GC(330)   Pre Evacuate Collection Set: 0.15ms
[2026-03-23T17:27:57.044+0900][10.019s][info][gc,phases   ] GC(330)   Merge Heap Roots: 0.04ms
[2026-03-23T17:27:57.044+0900][10.019s][info][gc,phases   ] GC(330)   Evacuate Collection Set: 0.31ms
[2026-03-23T17:27:57.044+0900][10.019s][info][gc,phases   ] GC(330)   Post Evacuate Collection Set: 0.13ms
[2026-03-23T17:27:57.044+0900][10.019s][info][gc,phases   ] GC(330)   Other: 0.06ms
[2026-03-23T17:27:57.044+0900][10.019s][info][gc,heap     ] GC(330) Eden regions: 1->0(301)
[2026-03-23T17:27:57.044+0900][10.019s][info][gc,heap     ] GC(330) Survivor regions: 1->1(39)
[2026-03-23T17:27:57.044+0900][10.019s][info][gc,heap     ] GC(330) Old regions: 5->5
[2026-03-23T17:27:57.044+0900][10.019s][info][gc,heap     ] GC(330) Humongous regions: 226->178
[2026-03-23T17:27:57.044+0900][10.019s][info][gc,metaspace] GC(330) Metaspace: 236K(448K)->236K(448K) NonClass: 222K(320K)->222K(320K) Class: 14K(128K)->14K(128K)
[2026-03-23T17:27:57.044+0900][10.019s][info][gc          ] GC(330) Pause Young (Concurrent Start) (G1 Humongous Allocation) 228M->179M(512M) 0.879ms
[2026-03-23T17:27:57.044+0900][10.019s][info][gc,cpu      ] GC(330) User=0.00s Sys=0.00s Real=0.00s
[2026-03-23T17:27:57.044+0900][10.019s][info][gc          ] GC(331) Concurrent Undo Cycle
[2026-03-23T17:27:57.044+0900][10.019s][info][gc,marking  ] GC(331) Concurrent Clear Claimed Marks
[2026-03-23T17:27:57.044+0900][10.019s][info][gc,marking  ] GC(331) Concurrent Clear Claimed Marks 0.009ms
[2026-03-23T17:27:57.044+0900][10.019s][info][gc,marking  ] GC(331) Concurrent Cleanup for Next Mark
[2026-03-23T17:27:57.044+0900][10.019s][info][gc,marking  ] GC(331) Concurrent Cleanup for Next Mark 0.038ms
[2026-03-23T17:27:57.044+0900][10.019s][info][gc          ] GC(331) Concurrent Undo Cycle 0.117ms
[2026-03-23T17:27:57.131+0900][10.107s][info][gc,start    ] GC(332) Pause Young (Concurrent Start) (G1 Humongous Allocation)
[2026-03-23T17:27:57.131+0900][10.107s][info][gc,task     ] GC(332) Using 11 workers of 11 for evacuation
[2026-03-23T17:27:57.132+0900][10.107s][info][gc,phases   ] GC(332)   Pre Evacuate Collection Set: 0.14ms
[2026-03-23T17:27:57.132+0900][10.107s][info][gc,phases   ] GC(332)   Merge Heap Roots: 0.02ms
[2026-03-23T17:27:57.132+0900][10.107s][info][gc,phases   ] GC(332)   Evacuate Collection Set: 0.16ms
[2026-03-23T17:27:57.132+0900][10.107s][info][gc,phases   ] GC(332)   Post Evacuate Collection Set: 0.08ms
[2026-03-23T17:27:57.132+0900][10.107s][info][gc,phases   ] GC(332)   Other: 0.04ms
[2026-03-23T17:27:57.132+0900][10.107s][info][gc,heap     ] GC(332) Eden regions: 1->0(295)
[2026-03-23T17:27:57.132+0900][10.107s][info][gc,heap     ] GC(332) Survivor regions: 1->1(38)
[2026-03-23T17:27:57.132+0900][10.107s][info][gc,heap     ] GC(332) Old regions: 5->5
[2026-03-23T17:27:57.132+0900][10.107s][info][gc,heap     ] GC(332) Humongous regions: 226->184
[2026-03-23T17:27:57.132+0900][10.107s][info][gc,metaspace] GC(332) Metaspace: 236K(448K)->236K(448K) NonClass: 222K(320K)->222K(320K) Class: 14K(128K)->14K(128K)
[2026-03-23T17:27:57.132+0900][10.107s][info][gc          ] GC(332) Pause Young (Concurrent Start) (G1 Humongous Allocation) 228M->185M(512M) 0.603ms
[2026-03-23T17:27:57.132+0900][10.107s][info][gc,cpu      ] GC(332) User=0.00s Sys=0.00s Real=0.00s
[2026-03-23T17:27:57.132+0900][10.107s][info][gc          ] GC(333) Concurrent Undo Cycle
[2026-03-23T17:27:57.132+0900][10.107s][info][gc,marking  ] GC(333) Concurrent Clear Claimed Marks
[2026-03-23T17:27:57.132+0900][10.107s][info][gc,marking  ] GC(333) Concurrent Clear Claimed Marks 0.008ms
[2026-03-23T17:27:57.132+0900][10.107s][info][gc,marking  ] GC(333) Concurrent Cleanup for Next Mark
[2026-03-23T17:27:57.132+0900][10.107s][info][gc,marking  ] GC(333) Concurrent Cleanup for Next Mark 0.036ms
[2026-03-23T17:27:57.132+0900][10.107s][info][gc          ] GC(333) Concurrent Undo Cycle 0.101ms
[2026-03-23T17:27:57.213+0900][10.188s][info][gc,start    ] GC(334) Pause Young (Concurrent Start) (G1 Humongous Allocation)
[2026-03-23T17:27:57.213+0900][10.188s][info][gc,task     ] GC(334) Using 11 workers of 11 for evacuation
[2026-03-23T17:27:57.213+0900][10.189s][info][gc,phases   ] GC(334)   Pre Evacuate Collection Set: 0.13ms
[2026-03-23T17:27:57.213+0900][10.189s][info][gc,phases   ] GC(334)   Merge Heap Roots: 0.03ms
[2026-03-23T17:27:57.213+0900][10.189s][info][gc,phases   ] GC(334)   Evacuate Collection Set: 0.13ms
[2026-03-23T17:27:57.213+0900][10.189s][info][gc,phases   ] GC(334)   Post Evacuate Collection Set: 0.09ms
[2026-03-23T17:27:57.213+0900][10.189s][info][gc,phases   ] GC(334)   Other: 0.05ms
[2026-03-23T17:27:57.213+0900][10.189s][info][gc,heap     ] GC(334) Eden regions: 1->0(292)
[2026-03-23T17:27:57.213+0900][10.189s][info][gc,heap     ] GC(334) Survivor regions: 1->1(37)
[2026-03-23T17:27:57.213+0900][10.189s][info][gc,heap     ] GC(334) Old regions: 5->5
[2026-03-23T17:27:57.213+0900][10.189s][info][gc,heap     ] GC(334) Humongous regions: 226->187
[2026-03-23T17:27:57.213+0900][10.189s][info][gc,metaspace] GC(334) Metaspace: 236K(448K)->236K(448K) NonClass: 222K(320K)->222K(320K) Class: 14K(128K)->14K(128K)
[2026-03-23T17:27:57.213+0900][10.189s][info][gc          ] GC(334) Pause Young (Concurrent Start) (G1 Humongous Allocation) 228M->188M(512M) 0.564ms
[2026-03-23T17:27:57.213+0900][10.189s][info][gc,cpu      ] GC(334) User=0.00s Sys=0.00s Real=0.00s
[2026-03-23T17:27:57.213+0900][10.189s][info][gc          ] GC(335) Concurrent Undo Cycle
[2026-03-23T17:27:57.213+0900][10.189s][info][gc,marking  ] GC(335) Concurrent Clear Claimed Marks
[2026-03-23T17:27:57.213+0900][10.189s][info][gc,marking  ] GC(335) Concurrent Clear Claimed Marks 0.008ms
[2026-03-23T17:27:57.213+0900][10.189s][info][gc,marking  ] GC(335) Concurrent Cleanup for Next Mark
[2026-03-23T17:27:57.213+0900][10.189s][info][gc,marking  ] GC(335) Concurrent Cleanup for Next Mark 0.025ms
[2026-03-23T17:27:57.213+0900][10.189s][info][gc          ] GC(335) Concurrent Undo Cycle 0.077ms
[2026-03-23T17:27:57.280+0900][10.256s][info][gc,start    ] GC(336) Pause Young (Concurrent Start) (G1 Humongous Allocation)
[2026-03-23T17:27:57.280+0900][10.256s][info][gc,task     ] GC(336) Using 11 workers of 11 for evacuation
[2026-03-23T17:27:57.281+0900][10.256s][info][gc,phases   ] GC(336)   Pre Evacuate Collection Set: 0.12ms
[2026-03-23T17:27:57.281+0900][10.256s][info][gc,phases   ] GC(336)   Merge Heap Roots: 0.03ms
[2026-03-23T17:27:57.281+0900][10.256s][info][gc,phases   ] GC(336)   Evacuate Collection Set: 0.20ms
[2026-03-23T17:27:57.281+0900][10.256s][info][gc,phases   ] GC(336)   Post Evacuate Collection Set: 0.08ms
[2026-03-23T17:27:57.281+0900][10.256s][info][gc,phases   ] GC(336)   Other: 0.04ms
[2026-03-23T17:27:57.281+0900][10.256s][info][gc,heap     ] GC(336) Eden regions: 1->0(286)
[2026-03-23T17:27:57.281+0900][10.256s][info][gc,heap     ] GC(336) Survivor regions: 1->1(37)
[2026-03-23T17:27:57.281+0900][10.256s][info][gc,heap     ] GC(336) Old regions: 5->5
[2026-03-23T17:27:57.281+0900][10.256s][info][gc,heap     ] GC(336) Humongous regions: 226->193
[2026-03-23T17:27:57.281+0900][10.256s][info][gc,metaspace] GC(336) Metaspace: 236K(448K)->236K(448K) NonClass: 222K(320K)->222K(320K) Class: 14K(128K)->14K(128K)
[2026-03-23T17:27:57.281+0900][10.256s][info][gc          ] GC(336) Pause Young (Concurrent Start) (G1 Humongous Allocation) 228M->194M(512M) 0.608ms
[2026-03-23T17:27:57.281+0900][10.256s][info][gc,cpu      ] GC(336) User=0.00s Sys=0.00s Real=0.00s
[2026-03-23T17:27:57.281+0900][10.256s][info][gc          ] GC(337) Concurrent Undo Cycle
[2026-03-23T17:27:57.281+0900][10.256s][info][gc,marking  ] GC(337) Concurrent Clear Claimed Marks
[2026-03-23T17:27:57.281+0900][10.256s][info][gc,marking  ] GC(337) Concurrent Clear Claimed Marks 0.008ms
[2026-03-23T17:27:57.281+0900][10.256s][info][gc,marking  ] GC(337) Concurrent Cleanup for Next Mark
[2026-03-23T17:27:57.281+0900][10.256s][info][gc,marking  ] GC(337) Concurrent Cleanup for Next Mark 0.030ms
[2026-03-23T17:27:57.281+0900][10.256s][info][gc          ] GC(337) Concurrent Undo Cycle 0.089ms
[2026-03-23T17:27:57.341+0900][10.317s][info][gc,start    ] GC(338) Pause Young (Concurrent Start) (G1 Humongous Allocation)
[2026-03-23T17:27:57.342+0900][10.317s][info][gc,task     ] GC(338) Using 11 workers of 11 for evacuation
[2026-03-23T17:27:57.342+0900][10.318s][info][gc,phases   ] GC(338)   Pre Evacuate Collection Set: 0.14ms
[2026-03-23T17:27:57.342+0900][10.318s][info][gc,phases   ] GC(338)   Merge Heap Roots: 0.03ms
[2026-03-23T17:27:57.342+0900][10.318s][info][gc,phases   ] GC(338)   Evacuate Collection Set: 0.14ms
[2026-03-23T17:27:57.342+0900][10.318s][info][gc,phases   ] GC(338)   Post Evacuate Collection Set: 0.10ms
[2026-03-23T17:27:57.342+0900][10.318s][info][gc,phases   ] GC(338)   Other: 0.04ms
[2026-03-23T17:27:57.342+0900][10.318s][info][gc,heap     ] GC(338) Eden regions: 1->0(283)
[2026-03-23T17:27:57.342+0900][10.318s][info][gc,heap     ] GC(338) Survivor regions: 1->1(36)
[2026-03-23T17:27:57.342+0900][10.318s][info][gc,heap     ] GC(338) Old regions: 5->5
[2026-03-23T17:27:57.342+0900][10.318s][info][gc,heap     ] GC(338) Humongous regions: 226->196
[2026-03-23T17:27:57.342+0900][10.318s][info][gc,metaspace] GC(338) Metaspace: 236K(448K)->236K(448K) NonClass: 222K(320K)->222K(320K) Class: 14K(128K)->14K(128K)
[2026-03-23T17:27:57.342+0900][10.318s][info][gc          ] GC(338) Pause Young (Concurrent Start) (G1 Humongous Allocation) 228M->197M(512M) 0.605ms
[2026-03-23T17:27:57.342+0900][10.318s][info][gc,cpu      ] GC(338) User=0.00s Sys=0.00s Real=0.00s
[2026-03-23T17:27:57.342+0900][10.318s][info][gc          ] GC(339) Concurrent Undo Cycle
[2026-03-23T17:27:57.342+0900][10.318s][info][gc,marking  ] GC(339) Concurrent Clear Claimed Marks
[2026-03-23T17:27:57.342+0900][10.318s][info][gc,marking  ] GC(339) Concurrent Clear Claimed Marks 0.007ms
[2026-03-23T17:27:57.342+0900][10.318s][info][gc,marking  ] GC(339) Concurrent Cleanup for Next Mark
[2026-03-23T17:27:57.342+0900][10.318s][info][gc,marking  ] GC(339) Concurrent Cleanup for Next Mark 0.031ms
[2026-03-23T17:27:57.342+0900][10.318s][info][gc          ] GC(339) Concurrent Undo Cycle 0.085ms
[2026-03-23T17:27:57.398+0900][10.373s][info][gc,start    ] GC(340) Pause Young (Concurrent Start) (G1 Humongous Allocation)
[2026-03-23T17:27:57.398+0900][10.373s][info][gc,task     ] GC(340) Using 11 workers of 11 for evacuation
[2026-03-23T17:27:57.398+0900][10.374s][info][gc,phases   ] GC(340)   Pre Evacuate Collection Set: 0.14ms
[2026-03-23T17:27:57.398+0900][10.374s][info][gc,phases   ] GC(340)   Merge Heap Roots: 0.05ms
[2026-03-23T17:27:57.398+0900][10.374s][info][gc,phases   ] GC(340)   Evacuate Collection Set: 0.12ms
[2026-03-23T17:27:57.398+0900][10.374s][info][gc,phases   ] GC(340)   Post Evacuate Collection Set: 0.10ms
[2026-03-23T17:27:57.398+0900][10.374s][info][gc,phases   ] GC(340)   Other: 0.05ms
[2026-03-23T17:27:57.398+0900][10.374s][info][gc,heap     ] GC(340) Eden regions: 1->0(280)
[2026-03-23T17:27:57.398+0900][10.374s][info][gc,heap     ] GC(340) Survivor regions: 1->1(36)
[2026-03-23T17:27:57.398+0900][10.374s][info][gc,heap     ] GC(340) Old regions: 5->5
[2026-03-23T17:27:57.398+0900][10.374s][info][gc,heap     ] GC(340) Humongous regions: 226->199
[2026-03-23T17:27:57.398+0900][10.374s][info][gc,metaspace] GC(340) Metaspace: 236K(448K)->236K(448K) NonClass: 222K(320K)->222K(320K) Class: 14K(128K)->14K(128K)
[2026-03-23T17:27:57.398+0900][10.374s][info][gc          ] GC(340) Pause Young (Concurrent Start) (G1 Humongous Allocation) 228M->200M(512M) 0.642ms
[2026-03-23T17:27:57.398+0900][10.374s][info][gc,cpu      ] GC(340) User=0.01s Sys=0.01s Real=0.00s
[2026-03-23T17:27:57.398+0900][10.374s][info][gc          ] GC(341) Concurrent Undo Cycle
[2026-03-23T17:27:57.398+0900][10.374s][info][gc,marking  ] GC(341) Concurrent Clear Claimed Marks
[2026-03-23T17:27:57.398+0900][10.374s][info][gc,marking  ] GC(341) Concurrent Clear Claimed Marks 0.007ms
[2026-03-23T17:27:57.398+0900][10.374s][info][gc,marking  ] GC(341) Concurrent Cleanup for Next Mark
[2026-03-23T17:27:57.398+0900][10.374s][info][gc,marking  ] GC(341) Concurrent Cleanup for Next Mark 0.033ms
[2026-03-23T17:27:57.398+0900][10.374s][info][gc          ] GC(341) Concurrent Undo Cycle 0.085ms
[2026-03-23T17:27:57.448+0900][10.424s][info][gc,start    ] GC(342) Pause Young (Concurrent Start) (G1 Humongous Allocation)
[2026-03-23T17:27:57.449+0900][10.424s][info][gc,task     ] GC(342) Using 11 workers of 11 for evacuation
[2026-03-23T17:27:57.450+0900][10.426s][info][gc,phases   ] GC(342)   Pre Evacuate Collection Set: 0.46ms
[2026-03-23T17:27:57.450+0900][10.426s][info][gc,phases   ] GC(342)   Merge Heap Roots: 0.06ms
[2026-03-23T17:27:57.450+0900][10.426s][info][gc,phases   ] GC(342)   Evacuate Collection Set: 0.25ms
[2026-03-23T17:27:57.450+0900][10.426s][info][gc,phases   ] GC(342)   Post Evacuate Collection Set: 0.16ms
[2026-03-23T17:27:57.450+0900][10.426s][info][gc,phases   ] GC(342)   Other: 0.25ms
[2026-03-23T17:27:57.450+0900][10.426s][info][gc,heap     ] GC(342) Eden regions: 1->0(276)
[2026-03-23T17:27:57.450+0900][10.426s][info][gc,heap     ] GC(342) Survivor regions: 1->1(36)
[2026-03-23T17:27:57.450+0900][10.426s][info][gc,heap     ] GC(342) Old regions: 5->6
[2026-03-23T17:27:57.450+0900][10.426s][info][gc,heap     ] GC(342) Humongous regions: 226->202
[2026-03-23T17:27:57.450+0900][10.426s][info][gc,metaspace] GC(342) Metaspace: 236K(448K)->236K(448K) NonClass: 222K(320K)->222K(320K) Class: 14K(128K)->14K(128K)
[2026-03-23T17:27:57.450+0900][10.426s][info][gc          ] GC(342) Pause Young (Concurrent Start) (G1 Humongous Allocation) 228M->203M(512M) 1.833ms
[2026-03-23T17:27:57.450+0900][10.426s][info][gc,cpu      ] GC(342) User=0.00s Sys=0.00s Real=0.01s
[2026-03-23T17:27:57.450+0900][10.426s][info][gc          ] GC(343) Concurrent Undo Cycle
[2026-03-23T17:27:57.451+0900][10.426s][info][gc,marking  ] GC(343) Concurrent Clear Claimed Marks
[2026-03-23T17:27:57.451+0900][10.426s][info][gc,marking  ] GC(343) Concurrent Clear Claimed Marks 0.038ms
[2026-03-23T17:27:57.451+0900][10.426s][info][gc,marking  ] GC(343) Concurrent Cleanup for Next Mark
[2026-03-23T17:27:57.451+0900][10.427s][info][gc,marking  ] GC(343) Concurrent Cleanup for Next Mark 0.858ms
[2026-03-23T17:27:57.452+0900][10.427s][info][gc          ] GC(343) Concurrent Undo Cycle 1.170ms
[2026-03-23T17:27:57.489+0900][10.465s][info][gc,start    ] GC(344) Pause Young (Concurrent Start) (G1 Humongous Allocation)
[2026-03-23T17:27:57.489+0900][10.465s][info][gc,task     ] GC(344) Using 11 workers of 11 for evacuation
[2026-03-23T17:27:57.490+0900][10.465s][info][gc,phases   ] GC(344)   Pre Evacuate Collection Set: 0.17ms
[2026-03-23T17:27:57.490+0900][10.465s][info][gc,phases   ] GC(344)   Merge Heap Roots: 0.04ms
[2026-03-23T17:27:57.490+0900][10.465s][info][gc,phases   ] GC(344)   Evacuate Collection Set: 0.25ms
[2026-03-23T17:27:57.490+0900][10.465s][info][gc,phases   ] GC(344)   Post Evacuate Collection Set: 0.17ms
[2026-03-23T17:27:57.490+0900][10.465s][info][gc,phases   ] GC(344)   Other: 0.07ms
[2026-03-23T17:27:57.490+0900][10.466s][info][gc,heap     ] GC(344) Eden regions: 1->0(272)
[2026-03-23T17:27:57.490+0900][10.466s][info][gc,heap     ] GC(344) Survivor regions: 1->1(35)
[2026-03-23T17:27:57.490+0900][10.466s][info][gc,heap     ] GC(344) Old regions: 6->6
[2026-03-23T17:27:57.490+0900][10.466s][info][gc,heap     ] GC(344) Humongous regions: 224->206
[2026-03-23T17:27:57.490+0900][10.466s][info][gc,metaspace] GC(344) Metaspace: 236K(448K)->236K(448K) NonClass: 222K(320K)->222K(320K) Class: 14K(128K)->14K(128K)
[2026-03-23T17:27:57.490+0900][10.466s][info][gc          ] GC(344) Pause Young (Concurrent Start) (G1 Humongous Allocation) 226M->207M(512M) 1.042ms
[2026-03-23T17:27:57.490+0900][10.466s][info][gc,cpu      ] GC(344) User=0.00s Sys=0.00s Real=0.01s
[2026-03-23T17:27:57.490+0900][10.466s][info][gc          ] GC(345) Concurrent Undo Cycle
[2026-03-23T17:27:57.490+0900][10.466s][info][gc,marking  ] GC(345) Concurrent Clear Claimed Marks
[2026-03-23T17:27:57.490+0900][10.466s][info][gc,marking  ] GC(345) Concurrent Clear Claimed Marks 0.026ms
[2026-03-23T17:27:57.490+0900][10.466s][info][gc,marking  ] GC(345) Concurrent Cleanup for Next Mark
[2026-03-23T17:27:57.491+0900][10.466s][info][gc,marking  ] GC(345) Concurrent Cleanup for Next Mark 0.529ms
[2026-03-23T17:27:57.491+0900][10.466s][info][gc          ] GC(345) Concurrent Undo Cycle 0.706ms
[2026-03-23T17:27:57.522+0900][10.497s][info][gc,start    ] GC(346) Pause Young (Concurrent Start) (G1 Humongous Allocation)
[2026-03-23T17:27:57.522+0900][10.497s][info][gc,task     ] GC(346) Using 11 workers of 11 for evacuation
[2026-03-23T17:27:57.522+0900][10.498s][info][gc,phases   ] GC(346)   Pre Evacuate Collection Set: 0.12ms
[2026-03-23T17:27:57.522+0900][10.498s][info][gc,phases   ] GC(346)   Merge Heap Roots: 0.03ms
[2026-03-23T17:27:57.522+0900][10.498s][info][gc,phases   ] GC(346)   Evacuate Collection Set: 0.12ms
[2026-03-23T17:27:57.522+0900][10.498s][info][gc,phases   ] GC(346)   Post Evacuate Collection Set: 0.09ms
[2026-03-23T17:27:57.522+0900][10.498s][info][gc,phases   ] GC(346)   Other: 0.03ms
[2026-03-23T17:27:57.522+0900][10.498s][info][gc,heap     ] GC(346) Eden regions: 1->0(306)
[2026-03-23T17:27:57.522+0900][10.498s][info][gc,heap     ] GC(346) Survivor regions: 1->1(35)
[2026-03-23T17:27:57.522+0900][10.498s][info][gc,heap     ] GC(346) Old regions: 6->6
[2026-03-23T17:27:57.522+0900][10.498s][info][gc,heap     ] GC(346) Humongous regions: 224->104
[2026-03-23T17:27:57.522+0900][10.498s][info][gc,metaspace] GC(346) Metaspace: 236K(448K)->236K(448K) NonClass: 222K(320K)->222K(320K) Class: 14K(128K)->14K(128K)
[2026-03-23T17:27:57.522+0900][10.498s][info][gc          ] GC(346) Pause Young (Concurrent Start) (G1 Humongous Allocation) 226M->105M(512M) 0.524ms
[2026-03-23T17:27:57.522+0900][10.498s][info][gc,cpu      ] GC(346) User=0.00s Sys=0.00s Real=0.00s
[2026-03-23T17:27:57.522+0900][10.498s][info][gc          ] GC(347) Concurrent Undo Cycle
[2026-03-23T17:27:57.522+0900][10.498s][info][gc,marking  ] GC(347) Concurrent Clear Claimed Marks
[2026-03-23T17:27:57.522+0900][10.498s][info][gc,marking  ] GC(347) Concurrent Clear Claimed Marks 0.010ms
[2026-03-23T17:27:57.522+0900][10.498s][info][gc,marking  ] GC(347) Concurrent Cleanup for Next Mark
[2026-03-23T17:27:57.522+0900][10.498s][info][gc,marking  ] GC(347) Concurrent Cleanup for Next Mark 0.041ms
[2026-03-23T17:27:57.522+0900][10.498s][info][gc          ] GC(347) Concurrent Undo Cycle 0.107ms
[2026-03-23T17:27:57.752+0900][10.727s][info][gc,start    ] GC(348) Pause Young (Concurrent Start) (G1 Humongous Allocation)
[2026-03-23T17:27:57.752+0900][10.727s][info][gc,task     ] GC(348) Using 11 workers of 11 for evacuation
[2026-03-23T17:27:57.752+0900][10.728s][info][gc,phases   ] GC(348)   Pre Evacuate Collection Set: 0.12ms
[2026-03-23T17:27:57.752+0900][10.728s][info][gc,phases   ] GC(348)   Merge Heap Roots: 0.03ms
[2026-03-23T17:27:57.752+0900][10.728s][info][gc,phases   ] GC(348)   Evacuate Collection Set: 0.22ms
[2026-03-23T17:27:57.752+0900][10.728s][info][gc,phases   ] GC(348)   Post Evacuate Collection Set: 0.20ms
[2026-03-23T17:27:57.752+0900][10.728s][info][gc,phases   ] GC(348)   Other: 0.06ms
[2026-03-23T17:27:57.752+0900][10.728s][info][gc,heap     ] GC(348) Eden regions: 1->0(306)
[2026-03-23T17:27:57.752+0900][10.728s][info][gc,heap     ] GC(348) Survivor regions: 1->1(39)
[2026-03-23T17:27:57.753+0900][10.728s][info][gc,heap     ] GC(348) Old regions: 6->6
[2026-03-23T17:27:57.753+0900][10.728s][info][gc,heap     ] GC(348) Humongous regions: 224->116
[2026-03-23T17:27:57.753+0900][10.728s][info][gc,metaspace] GC(348) Metaspace: 236K(448K)->236K(448K) NonClass: 222K(320K)->222K(320K) Class: 14K(128K)->14K(128K)
[2026-03-23T17:27:57.753+0900][10.728s][info][gc          ] GC(348) Pause Young (Concurrent Start) (G1 Humongous Allocation) 226M->117M(512M) 0.893ms
[2026-03-23T17:27:57.753+0900][10.728s][info][gc,cpu      ] GC(348) User=0.00s Sys=0.00s Real=0.00s
[2026-03-23T17:27:57.753+0900][10.728s][info][gc          ] GC(349) Concurrent Undo Cycle
[2026-03-23T17:27:57.753+0900][10.728s][info][gc,marking  ] GC(349) Concurrent Clear Claimed Marks
[2026-03-23T17:27:57.753+0900][10.728s][info][gc,marking  ] GC(349) Concurrent Clear Claimed Marks 0.020ms
[2026-03-23T17:27:57.753+0900][10.728s][info][gc,marking  ] GC(349) Concurrent Cleanup for Next Mark
[2026-03-23T17:27:57.753+0900][10.728s][info][gc,marking  ] GC(349) Concurrent Cleanup for Next Mark 0.054ms
[2026-03-23T17:27:57.753+0900][10.728s][info][gc          ] GC(349) Concurrent Undo Cycle 0.174ms
[2026-03-23T17:27:57.955+0900][10.931s][info][gc,start    ] GC(350) Pause Young (Concurrent Start) (G1 Humongous Allocation)
[2026-03-23T17:27:57.955+0900][10.931s][info][gc,task     ] GC(350) Using 11 workers of 11 for evacuation
[2026-03-23T17:27:57.956+0900][10.931s][info][gc,phases   ] GC(350)   Pre Evacuate Collection Set: 0.17ms
[2026-03-23T17:27:57.956+0900][10.931s][info][gc,phases   ] GC(350)   Merge Heap Roots: 0.03ms
[2026-03-23T17:27:57.956+0900][10.931s][info][gc,phases   ] GC(350)   Evacuate Collection Set: 0.21ms
[2026-03-23T17:27:57.956+0900][10.931s][info][gc,phases   ] GC(350)   Post Evacuate Collection Set: 0.10ms
[2026-03-23T17:27:57.956+0900][10.931s][info][gc,phases   ] GC(350)   Other: 0.05ms
[2026-03-23T17:27:57.956+0900][10.931s][info][gc,heap     ] GC(350) Eden regions: 1->0(306)
[2026-03-23T17:27:57.956+0900][10.931s][info][gc,heap     ] GC(350) Survivor regions: 1->1(39)
[2026-03-23T17:27:57.956+0900][10.931s][info][gc,heap     ] GC(350) Old regions: 6->6
[2026-03-23T17:27:57.956+0900][10.931s][info][gc,heap     ] GC(350) Humongous regions: 224->128
[2026-03-23T17:27:57.956+0900][10.931s][info][gc,metaspace] GC(350) Metaspace: 236K(448K)->236K(448K) NonClass: 222K(320K)->222K(320K) Class: 14K(128K)->14K(128K)
[2026-03-23T17:27:57.956+0900][10.931s][info][gc          ] GC(350) Pause Young (Concurrent Start) (G1 Humongous Allocation) 226M->129M(512M) 0.756ms
[2026-03-23T17:27:57.956+0900][10.931s][info][gc,cpu      ] GC(350) User=0.00s Sys=0.00s Real=0.00s
[2026-03-23T17:27:57.956+0900][10.931s][info][gc          ] GC(351) Concurrent Undo Cycle
[2026-03-23T17:27:57.956+0900][10.931s][info][gc,marking  ] GC(351) Concurrent Clear Claimed Marks
[2026-03-23T17:27:57.956+0900][10.931s][info][gc,marking  ] GC(351) Concurrent Clear Claimed Marks 0.010ms
[2026-03-23T17:27:57.956+0900][10.931s][info][gc,marking  ] GC(351) Concurrent Cleanup for Next Mark
[2026-03-23T17:27:57.956+0900][10.931s][info][gc,marking  ] GC(351) Concurrent Cleanup for Next Mark 0.029ms
[2026-03-23T17:27:57.956+0900][10.931s][info][gc          ] GC(351) Concurrent Undo Cycle 0.099ms
[2026-03-23T17:27:58.137+0900][11.113s][info][gc,start    ] GC(352) Pause Young (Concurrent Start) (G1 Humongous Allocation)
[2026-03-23T17:27:58.138+0900][11.113s][info][gc,task     ] GC(352) Using 11 workers of 11 for evacuation
[2026-03-23T17:27:58.139+0900][11.114s][info][gc,phases   ] GC(352)   Pre Evacuate Collection Set: 0.26ms
[2026-03-23T17:27:58.139+0900][11.114s][info][gc,phases   ] GC(352)   Merge Heap Roots: 0.06ms
[2026-03-23T17:27:58.139+0900][11.114s][info][gc,phases   ] GC(352)   Evacuate Collection Set: 0.29ms
[2026-03-23T17:27:58.139+0900][11.114s][info][gc,phases   ] GC(352)   Post Evacuate Collection Set: 0.24ms
[2026-03-23T17:27:58.139+0900][11.114s][info][gc,phases   ] GC(352)   Other: 0.11ms
[2026-03-23T17:27:58.139+0900][11.114s][info][gc,heap     ] GC(352) Eden regions: 1->0(306)
[2026-03-23T17:27:58.139+0900][11.114s][info][gc,heap     ] GC(352) Survivor regions: 1->1(39)
[2026-03-23T17:27:58.139+0900][11.114s][info][gc,heap     ] GC(352) Old regions: 6->6
[2026-03-23T17:27:58.139+0900][11.114s][info][gc,heap     ] GC(352) Humongous regions: 224->140
[2026-03-23T17:27:58.139+0900][11.114s][info][gc,metaspace] GC(352) Metaspace: 236K(448K)->236K(448K) NonClass: 222K(320K)->222K(320K) Class: 14K(128K)->14K(128K)
[2026-03-23T17:27:58.139+0900][11.114s][info][gc          ] GC(352) Pause Young (Concurrent Start) (G1 Humongous Allocation) 226M->141M(512M) 1.400ms
[2026-03-23T17:27:58.139+0900][11.114s][info][gc,cpu      ] GC(352) User=0.00s Sys=0.00s Real=0.00s
[2026-03-23T17:27:58.139+0900][11.114s][info][gc          ] GC(353) Concurrent Undo Cycle
[2026-03-23T17:27:58.139+0900][11.115s][info][gc,marking  ] GC(353) Concurrent Clear Claimed Marks
[2026-03-23T17:27:58.139+0900][11.115s][info][gc,marking  ] GC(353) Concurrent Clear Claimed Marks 0.162ms
[2026-03-23T17:27:58.139+0900][11.115s][info][gc,marking  ] GC(353) Concurrent Cleanup for Next Mark
[2026-03-23T17:27:58.140+0900][11.115s][info][gc,marking  ] GC(353) Concurrent Cleanup for Next Mark 0.651ms
[2026-03-23T17:27:58.140+0900][11.115s][info][gc          ] GC(353) Concurrent Undo Cycle 1.005ms
[2026-03-23T17:27:58.297+0900][11.272s][info][gc,start    ] GC(354) Pause Young (Concurrent Start) (G1 Humongous Allocation)
[2026-03-23T17:27:58.297+0900][11.272s][info][gc,task     ] GC(354) Using 11 workers of 11 for evacuation
[2026-03-23T17:27:58.297+0900][11.273s][info][gc,phases   ] GC(354)   Pre Evacuate Collection Set: 0.13ms
[2026-03-23T17:27:58.297+0900][11.273s][info][gc,phases   ] GC(354)   Merge Heap Roots: 0.03ms
[2026-03-23T17:27:58.297+0900][11.273s][info][gc,phases   ] GC(354)   Evacuate Collection Set: 0.14ms
[2026-03-23T17:27:58.297+0900][11.273s][info][gc,phases   ] GC(354)   Post Evacuate Collection Set: 0.10ms
[2026-03-23T17:27:58.297+0900][11.273s][info][gc,phases   ] GC(354)   Other: 0.04ms
[2026-03-23T17:27:58.297+0900][11.273s][info][gc,heap     ] GC(354) Eden regions: 1->0(306)
[2026-03-23T17:27:58.297+0900][11.273s][info][gc,heap     ] GC(354) Survivor regions: 1->1(39)
[2026-03-23T17:27:58.297+0900][11.273s][info][gc,heap     ] GC(354) Old regions: 6->6
[2026-03-23T17:27:58.297+0900][11.273s][info][gc,heap     ] GC(354) Humongous regions: 224->149
[2026-03-23T17:27:58.297+0900][11.273s][info][gc,metaspace] GC(354) Metaspace: 236K(448K)->236K(448K) NonClass: 222K(320K)->222K(320K) Class: 14K(128K)->14K(128K)
[2026-03-23T17:27:58.297+0900][11.273s][info][gc          ] GC(354) Pause Young (Concurrent Start) (G1 Humongous Allocation) 226M->150M(512M) 0.605ms
[2026-03-23T17:27:58.297+0900][11.273s][info][gc,cpu      ] GC(354) User=0.00s Sys=0.00s Real=0.00s
[2026-03-23T17:27:58.297+0900][11.273s][info][gc          ] GC(355) Concurrent Undo Cycle
[2026-03-23T17:27:58.297+0900][11.273s][info][gc,marking  ] GC(355) Concurrent Clear Claimed Marks
[2026-03-23T17:27:58.297+0900][11.273s][info][gc,marking  ] GC(355) Concurrent Clear Claimed Marks 0.006ms
[2026-03-23T17:27:58.297+0900][11.273s][info][gc,marking  ] GC(355) Concurrent Cleanup for Next Mark
[2026-03-23T17:27:58.297+0900][11.273s][info][gc,marking  ] GC(355) Concurrent Cleanup for Next Mark 0.063ms
[2026-03-23T17:27:58.297+0900][11.273s][info][gc          ] GC(355) Concurrent Undo Cycle 0.134ms
[2026-03-23T17:27:58.432+0900][11.407s][info][gc,start    ] GC(356) Pause Young (Concurrent Start) (G1 Humongous Allocation)
[2026-03-23T17:27:58.432+0900][11.407s][info][gc,task     ] GC(356) Using 11 workers of 11 for evacuation
[2026-03-23T17:27:58.432+0900][11.408s][info][gc,phases   ] GC(356)   Pre Evacuate Collection Set: 0.17ms
[2026-03-23T17:27:58.432+0900][11.408s][info][gc,phases   ] GC(356)   Merge Heap Roots: 0.03ms
[2026-03-23T17:27:58.432+0900][11.408s][info][gc,phases   ] GC(356)   Evacuate Collection Set: 0.20ms
[2026-03-23T17:27:58.432+0900][11.408s][info][gc,phases   ] GC(356)   Post Evacuate Collection Set: 0.10ms
[2026-03-23T17:27:58.432+0900][11.408s][info][gc,phases   ] GC(356)   Other: 0.05ms
[2026-03-23T17:27:58.432+0900][11.408s][info][gc,heap     ] GC(356) Eden regions: 1->0(306)
[2026-03-23T17:27:58.432+0900][11.408s][info][gc,heap     ] GC(356) Survivor regions: 1->1(39)
[2026-03-23T17:27:58.432+0900][11.408s][info][gc,heap     ] GC(356) Old regions: 6->6
[2026-03-23T17:27:58.432+0900][11.408s][info][gc,heap     ] GC(356) Humongous regions: 224->158
[2026-03-23T17:27:58.432+0900][11.408s][info][gc,metaspace] GC(356) Metaspace: 236K(448K)->236K(448K) NonClass: 222K(320K)->222K(320K) Class: 14K(128K)->14K(128K)
[2026-03-23T17:27:58.432+0900][11.408s][info][gc          ] GC(356) Pause Young (Concurrent Start) (G1 Humongous Allocation) 226M->159M(512M) 0.703ms
[2026-03-23T17:27:58.432+0900][11.408s][info][gc,cpu      ] GC(356) User=0.00s Sys=0.00s Real=0.00s
[2026-03-23T17:27:58.432+0900][11.408s][info][gc          ] GC(357) Concurrent Undo Cycle
[2026-03-23T17:27:58.432+0900][11.408s][info][gc,marking  ] GC(357) Concurrent Clear Claimed Marks
[2026-03-23T17:27:58.432+0900][11.408s][info][gc,marking  ] GC(357) Concurrent Clear Claimed Marks 0.010ms
[2026-03-23T17:27:58.432+0900][11.408s][info][gc,marking  ] GC(357) Concurrent Cleanup for Next Mark
[2026-03-23T17:27:58.433+0900][11.408s][info][gc,marking  ] GC(357) Concurrent Cleanup for Next Mark 0.046ms
[2026-03-23T17:27:58.433+0900][11.408s][info][gc          ] GC(357) Concurrent Undo Cycle 0.108ms
[2026-03-23T17:27:58.559+0900][11.535s][info][gc,start    ] GC(358) Pause Young (Concurrent Start) (G1 Humongous Allocation)
[2026-03-23T17:27:58.559+0900][11.535s][info][gc,task     ] GC(358) Using 11 workers of 11 for evacuation
[2026-03-23T17:27:58.560+0900][11.535s][info][gc,phases   ] GC(358)   Pre Evacuate Collection Set: 0.13ms
[2026-03-23T17:27:58.560+0900][11.535s][info][gc,phases   ] GC(358)   Merge Heap Roots: 0.03ms
[2026-03-23T17:27:58.560+0900][11.535s][info][gc,phases   ] GC(358)   Evacuate Collection Set: 0.20ms
[2026-03-23T17:27:58.560+0900][11.535s][info][gc,phases   ] GC(358)   Post Evacuate Collection Set: 0.11ms
[2026-03-23T17:27:58.560+0900][11.535s][info][gc,phases   ] GC(358)   Other: 0.05ms
[2026-03-23T17:27:58.560+0900][11.535s][info][gc,heap     ] GC(358) Eden regions: 1->0(306)
[2026-03-23T17:27:58.560+0900][11.535s][info][gc,heap     ] GC(358) Survivor regions: 1->1(39)
[2026-03-23T17:27:58.560+0900][11.535s][info][gc,heap     ] GC(358) Old regions: 6->6
[2026-03-23T17:27:58.560+0900][11.535s][info][gc,heap     ] GC(358) Humongous regions: 224->164
[2026-03-23T17:27:58.560+0900][11.535s][info][gc,metaspace] GC(358) Metaspace: 236K(448K)->236K(448K) NonClass: 222K(320K)->222K(320K) Class: 14K(128K)->14K(128K)
[2026-03-23T17:27:58.560+0900][11.535s][info][gc          ] GC(358) Pause Young (Concurrent Start) (G1 Humongous Allocation) 226M->165M(512M) 0.709ms
[2026-03-23T17:27:58.560+0900][11.535s][info][gc,cpu      ] GC(358) User=0.00s Sys=0.00s Real=0.01s
[2026-03-23T17:27:58.560+0900][11.535s][info][gc          ] GC(359) Concurrent Undo Cycle
[2026-03-23T17:27:58.560+0900][11.535s][info][gc,marking  ] GC(359) Concurrent Clear Claimed Marks
[2026-03-23T17:27:58.560+0900][11.535s][info][gc,marking  ] GC(359) Concurrent Clear Claimed Marks 0.008ms
[2026-03-23T17:27:58.560+0900][11.535s][info][gc,marking  ] GC(359) Concurrent Cleanup for Next Mark
[2026-03-23T17:27:58.560+0900][11.535s][info][gc,marking  ] GC(359) Concurrent Cleanup for Next Mark 0.034ms
[2026-03-23T17:27:58.560+0900][11.535s][info][gc          ] GC(359) Concurrent Undo Cycle 0.086ms
[2026-03-23T17:27:58.673+0900][11.649s][info][gc,start    ] GC(360) Pause Young (Concurrent Start) (G1 Humongous Allocation)
[2026-03-23T17:27:58.673+0900][11.649s][info][gc,task     ] GC(360) Using 11 workers of 11 for evacuation
[2026-03-23T17:27:58.674+0900][11.649s][info][gc,phases   ] GC(360)   Pre Evacuate Collection Set: 0.12ms
[2026-03-23T17:27:58.674+0900][11.649s][info][gc,phases   ] GC(360)   Merge Heap Roots: 0.03ms
[2026-03-23T17:27:58.674+0900][11.649s][info][gc,phases   ] GC(360)   Evacuate Collection Set: 0.19ms
[2026-03-23T17:27:58.674+0900][11.649s][info][gc,phases   ] GC(360)   Post Evacuate Collection Set: 0.08ms
[2026-03-23T17:27:58.674+0900][11.649s][info][gc,phases   ] GC(360)   Other: 0.04ms
[2026-03-23T17:27:58.674+0900][11.649s][info][gc,heap     ] GC(360) Eden regions: 1->0(306)
[2026-03-23T17:27:58.674+0900][11.649s][info][gc,heap     ] GC(360) Survivor regions: 1->1(39)
[2026-03-23T17:27:58.674+0900][11.649s][info][gc,heap     ] GC(360) Old regions: 6->6
[2026-03-23T17:27:58.674+0900][11.649s][info][gc,heap     ] GC(360) Humongous regions: 224->170
[2026-03-23T17:27:58.674+0900][11.649s][info][gc,metaspace] GC(360) Metaspace: 236K(448K)->236K(448K) NonClass: 222K(320K)->222K(320K) Class: 14K(128K)->14K(128K)
[2026-03-23T17:27:58.674+0900][11.649s][info][gc          ] GC(360) Pause Young (Concurrent Start) (G1 Humongous Allocation) 226M->171M(512M) 0.601ms
[2026-03-23T17:27:58.674+0900][11.649s][info][gc,cpu      ] GC(360) User=0.00s Sys=0.00s Real=0.00s
[2026-03-23T17:27:58.674+0900][11.649s][info][gc          ] GC(361) Concurrent Undo Cycle
[2026-03-23T17:27:58.674+0900][11.649s][info][gc,marking  ] GC(361) Concurrent Clear Claimed Marks
[2026-03-23T17:27:58.674+0900][11.649s][info][gc,marking  ] GC(361) Concurrent Clear Claimed Marks 0.010ms
[2026-03-23T17:27:58.674+0900][11.649s][info][gc,marking  ] GC(361) Concurrent Cleanup for Next Mark
[2026-03-23T17:27:58.674+0900][11.649s][info][gc,marking  ] GC(361) Concurrent Cleanup for Next Mark 0.036ms
[2026-03-23T17:27:58.674+0900][11.649s][info][gc          ] GC(361) Concurrent Undo Cycle 0.109ms
[2026-03-23T17:27:58.772+0900][11.747s][info][gc,start    ] GC(362) Pause Young (Concurrent Start) (G1 Humongous Allocation)
[2026-03-23T17:27:58.772+0900][11.748s][info][gc,task     ] GC(362) Using 11 workers of 11 for evacuation
[2026-03-23T17:27:58.772+0900][11.748s][info][gc,phases   ] GC(362)   Pre Evacuate Collection Set: 0.20ms
[2026-03-23T17:27:58.773+0900][11.748s][info][gc,phases   ] GC(362)   Merge Heap Roots: 0.02ms
[2026-03-23T17:27:58.773+0900][11.748s][info][gc,phases   ] GC(362)   Evacuate Collection Set: 0.12ms
[2026-03-23T17:27:58.773+0900][11.748s][info][gc,phases   ] GC(362)   Post Evacuate Collection Set: 0.09ms
[2026-03-23T17:27:58.773+0900][11.748s][info][gc,phases   ] GC(362)   Other: 0.05ms
[2026-03-23T17:27:58.773+0900][11.748s][info][gc,heap     ] GC(362) Eden regions: 1->0(302)
[2026-03-23T17:27:58.773+0900][11.748s][info][gc,heap     ] GC(362) Survivor regions: 1->1(39)
[2026-03-23T17:27:58.773+0900][11.748s][info][gc,heap     ] GC(362) Old regions: 6->6
[2026-03-23T17:27:58.773+0900][11.748s][info][gc,heap     ] GC(362) Humongous regions: 224->176
[2026-03-23T17:27:58.773+0900][11.748s][info][gc,metaspace] GC(362) Metaspace: 236K(448K)->236K(448K) NonClass: 222K(320K)->222K(320K) Class: 14K(128K)->14K(128K)
[2026-03-23T17:27:58.773+0900][11.748s][info][gc          ] GC(362) Pause Young (Concurrent Start) (G1 Humongous Allocation) 226M->177M(512M) 0.648ms
[2026-03-23T17:27:58.773+0900][11.748s][info][gc,cpu      ] GC(362) User=0.00s Sys=0.00s Real=0.00s
[2026-03-23T17:27:58.773+0900][11.748s][info][gc          ] GC(363) Concurrent Undo Cycle
[2026-03-23T17:27:58.773+0900][11.748s][info][gc,marking  ] GC(363) Concurrent Clear Claimed Marks
[2026-03-23T17:27:58.773+0900][11.748s][info][gc,marking  ] GC(363) Concurrent Clear Claimed Marks 0.010ms
[2026-03-23T17:27:58.773+0900][11.748s][info][gc,marking  ] GC(363) Concurrent Cleanup for Next Mark
[2026-03-23T17:27:58.773+0900][11.748s][info][gc,marking  ] GC(363) Concurrent Cleanup for Next Mark 0.037ms
[2026-03-23T17:27:58.773+0900][11.748s][info][gc          ] GC(363) Concurrent Undo Cycle 0.081ms
[2026-03-23T17:27:58.859+0900][11.835s][info][gc,start    ] GC(364) Pause Young (Concurrent Start) (G1 Humongous Allocation)
[2026-03-23T17:27:58.859+0900][11.835s][info][gc,task     ] GC(364) Using 11 workers of 11 for evacuation
[2026-03-23T17:27:58.860+0900][11.836s][info][gc,phases   ] GC(364)   Pre Evacuate Collection Set: 0.22ms
[2026-03-23T17:27:58.860+0900][11.836s][info][gc,phases   ] GC(364)   Merge Heap Roots: 0.03ms
[2026-03-23T17:27:58.860+0900][11.836s][info][gc,phases   ] GC(364)   Evacuate Collection Set: 0.15ms
[2026-03-23T17:27:58.860+0900][11.836s][info][gc,phases   ] GC(364)   Post Evacuate Collection Set: 0.12ms
[2026-03-23T17:27:58.860+0900][11.836s][info][gc,phases   ] GC(364)   Other: 0.04ms
[2026-03-23T17:27:58.860+0900][11.836s][info][gc,heap     ] GC(364) Eden regions: 1->0(296)
[2026-03-23T17:27:58.860+0900][11.836s][info][gc,heap     ] GC(364) Survivor regions: 1->1(38)
[2026-03-23T17:27:58.860+0900][11.836s][info][gc,heap     ] GC(364) Old regions: 6->6
[2026-03-23T17:27:58.860+0900][11.836s][info][gc,heap     ] GC(364) Humongous regions: 224->182
[2026-03-23T17:27:58.860+0900][11.836s][info][gc,metaspace] GC(364) Metaspace: 236K(448K)->236K(448K) NonClass: 222K(320K)->222K(320K) Class: 14K(128K)->14K(128K)
[2026-03-23T17:27:58.860+0900][11.836s][info][gc          ] GC(364) Pause Young (Concurrent Start) (G1 Humongous Allocation) 226M->183M(512M) 0.689ms
[2026-03-23T17:27:58.860+0900][11.836s][info][gc,cpu      ] GC(364) User=0.00s Sys=0.00s Real=0.01s
[2026-03-23T17:27:58.860+0900][11.836s][info][gc          ] GC(365) Concurrent Undo Cycle
[2026-03-23T17:27:58.860+0900][11.836s][info][gc,marking  ] GC(365) Concurrent Clear Claimed Marks
[2026-03-23T17:27:58.860+0900][11.836s][info][gc,marking  ] GC(365) Concurrent Clear Claimed Marks 0.009ms
[2026-03-23T17:27:58.860+0900][11.836s][info][gc,marking  ] GC(365) Concurrent Cleanup for Next Mark
[2026-03-23T17:27:58.860+0900][11.836s][info][gc,marking  ] GC(365) Concurrent Cleanup for Next Mark 0.048ms
[2026-03-23T17:27:58.860+0900][11.836s][info][gc          ] GC(365) Concurrent Undo Cycle 0.123ms
[2026-03-23T17:27:58.936+0900][11.912s][info][gc,start    ] GC(366) Pause Young (Concurrent Start) (G1 Humongous Allocation)
[2026-03-23T17:27:58.936+0900][11.912s][info][gc,task     ] GC(366) Using 11 workers of 11 for evacuation
[2026-03-23T17:27:58.937+0900][11.912s][info][gc,phases   ] GC(366)   Pre Evacuate Collection Set: 0.12ms
[2026-03-23T17:27:58.937+0900][11.912s][info][gc,phases   ] GC(366)   Merge Heap Roots: 0.05ms
[2026-03-23T17:27:58.937+0900][11.912s][info][gc,phases   ] GC(366)   Evacuate Collection Set: 0.16ms
[2026-03-23T17:27:58.937+0900][11.912s][info][gc,phases   ] GC(366)   Post Evacuate Collection Set: 0.08ms
[2026-03-23T17:27:58.937+0900][11.912s][info][gc,phases   ] GC(366)   Other: 0.05ms
[2026-03-23T17:27:58.937+0900][11.912s][info][gc,heap     ] GC(366) Eden regions: 1->0(290)
[2026-03-23T17:27:58.937+0900][11.912s][info][gc,heap     ] GC(366) Survivor regions: 1->1(38)
[2026-03-23T17:27:58.937+0900][11.912s][info][gc,heap     ] GC(366) Old regions: 6->6
[2026-03-23T17:27:58.937+0900][11.912s][info][gc,heap     ] GC(366) Humongous regions: 224->188
[2026-03-23T17:27:58.937+0900][11.912s][info][gc,metaspace] GC(366) Metaspace: 236K(448K)->236K(448K) NonClass: 222K(320K)->222K(320K) Class: 14K(128K)->14K(128K)
[2026-03-23T17:27:58.937+0900][11.912s][info][gc          ] GC(366) Pause Young (Concurrent Start) (G1 Humongous Allocation) 226M->189M(512M) 0.584ms
[2026-03-23T17:27:58.937+0900][11.912s][info][gc,cpu      ] GC(366) User=0.00s Sys=0.00s Real=0.00s
[2026-03-23T17:27:58.937+0900][11.912s][info][gc          ] GC(367) Concurrent Undo Cycle
[2026-03-23T17:27:58.937+0900][11.912s][info][gc,marking  ] GC(367) Concurrent Clear Claimed Marks
[2026-03-23T17:27:58.937+0900][11.912s][info][gc,marking  ] GC(367) Concurrent Clear Claimed Marks 0.009ms
[2026-03-23T17:27:58.937+0900][11.912s][info][gc,marking  ] GC(367) Concurrent Cleanup for Next Mark
[2026-03-23T17:27:58.937+0900][11.913s][info][gc,marking  ] GC(367) Concurrent Cleanup for Next Mark 0.039ms
[2026-03-23T17:27:58.937+0900][11.913s][info][gc          ] GC(367) Concurrent Undo Cycle 0.088ms
[2026-03-23T17:27:59.003+0900][11.979s][info][gc,start    ] GC(368) Pause Young (Concurrent Start) (G1 Humongous Allocation)
[2026-03-23T17:27:59.003+0900][11.979s][info][gc,task     ] GC(368) Using 11 workers of 11 for evacuation
[2026-03-23T17:27:59.004+0900][11.979s][info][gc,phases   ] GC(368)   Pre Evacuate Collection Set: 0.14ms
[2026-03-23T17:27:59.004+0900][11.979s][info][gc,phases   ] GC(368)   Merge Heap Roots: 0.04ms
[2026-03-23T17:27:59.004+0900][11.979s][info][gc,phases   ] GC(368)   Evacuate Collection Set: 0.19ms
[2026-03-23T17:27:59.004+0900][11.979s][info][gc,phases   ] GC(368)   Post Evacuate Collection Set: 0.13ms
[2026-03-23T17:27:59.004+0900][11.979s][info][gc,phases   ] GC(368)   Other: 0.04ms
[2026-03-23T17:27:59.004+0900][11.979s][info][gc,heap     ] GC(368) Eden regions: 1->0(287)
[2026-03-23T17:27:59.004+0900][11.979s][info][gc,heap     ] GC(368) Survivor regions: 1->1(37)
[2026-03-23T17:27:59.004+0900][11.979s][info][gc,heap     ] GC(368) Old regions: 6->6
[2026-03-23T17:27:59.004+0900][11.979s][info][gc,heap     ] GC(368) Humongous regions: 224->191
[2026-03-23T17:27:59.004+0900][11.979s][info][gc,metaspace] GC(368) Metaspace: 236K(448K)->236K(448K) NonClass: 222K(320K)->222K(320K) Class: 14K(128K)->14K(128K)
[2026-03-23T17:27:59.004+0900][11.979s][info][gc          ] GC(368) Pause Young (Concurrent Start) (G1 Humongous Allocation) 226M->192M(512M) 0.681ms
[2026-03-23T17:27:59.004+0900][11.979s][info][gc,cpu      ] GC(368) User=0.00s Sys=0.00s Real=0.00s
[2026-03-23T17:27:59.004+0900][11.979s][info][gc          ] GC(369) Concurrent Undo Cycle
[2026-03-23T17:27:59.004+0900][11.979s][info][gc,marking  ] GC(369) Concurrent Clear Claimed Marks
[2026-03-23T17:27:59.004+0900][11.979s][info][gc,marking  ] GC(369) Concurrent Clear Claimed Marks 0.011ms
[2026-03-23T17:27:59.004+0900][11.979s][info][gc,marking  ] GC(369) Concurrent Cleanup for Next Mark
[2026-03-23T17:27:59.004+0900][11.979s][info][gc,marking  ] GC(369) Concurrent Cleanup for Next Mark 0.031ms
[2026-03-23T17:27:59.004+0900][11.979s][info][gc          ] GC(369) Concurrent Undo Cycle 0.095ms
[2026-03-23T17:27:59.066+0900][12.042s][info][gc,start    ] GC(370) Pause Young (Concurrent Start) (G1 Humongous Allocation)
[2026-03-23T17:27:59.066+0900][12.042s][info][gc,task     ] GC(370) Using 11 workers of 11 for evacuation
[2026-03-23T17:27:59.067+0900][12.042s][info][gc,phases   ] GC(370)   Pre Evacuate Collection Set: 0.12ms
[2026-03-23T17:27:59.067+0900][12.042s][info][gc,phases   ] GC(370)   Merge Heap Roots: 0.02ms
[2026-03-23T17:27:59.067+0900][12.042s][info][gc,phases   ] GC(370)   Evacuate Collection Set: 0.10ms
[2026-03-23T17:27:59.067+0900][12.042s][info][gc,phases   ] GC(370)   Post Evacuate Collection Set: 0.09ms
[2026-03-23T17:27:59.067+0900][12.042s][info][gc,phases   ] GC(370)   Other: 0.03ms
[2026-03-23T17:27:59.067+0900][12.042s][info][gc,heap     ] GC(370) Eden regions: 1->0(284)
[2026-03-23T17:27:59.067+0900][12.042s][info][gc,heap     ] GC(370) Survivor regions: 1->1(36)
[2026-03-23T17:27:59.067+0900][12.042s][info][gc,heap     ] GC(370) Old regions: 6->6
[2026-03-23T17:27:59.067+0900][12.042s][info][gc,heap     ] GC(370) Humongous regions: 224->194
[2026-03-23T17:27:59.067+0900][12.042s][info][gc,metaspace] GC(370) Metaspace: 236K(448K)->236K(448K) NonClass: 222K(320K)->222K(320K) Class: 14K(128K)->14K(128K)
[2026-03-23T17:27:59.067+0900][12.042s][info][gc          ] GC(370) Pause Young (Concurrent Start) (G1 Humongous Allocation) 226M->195M(512M) 0.486ms
[2026-03-23T17:27:59.067+0900][12.042s][info][gc,cpu      ] GC(370) User=0.00s Sys=0.00s Real=0.00s
[2026-03-23T17:27:59.067+0900][12.042s][info][gc          ] GC(371) Concurrent Undo Cycle
[2026-03-23T17:27:59.067+0900][12.042s][info][gc,marking  ] GC(371) Concurrent Clear Claimed Marks
[2026-03-23T17:27:59.067+0900][12.042s][info][gc,marking  ] GC(371) Concurrent Clear Claimed Marks 0.006ms
[2026-03-23T17:27:59.067+0900][12.042s][info][gc,marking  ] GC(371) Concurrent Cleanup for Next Mark
[2026-03-23T17:27:59.067+0900][12.042s][info][gc,marking  ] GC(371) Concurrent Cleanup for Next Mark 0.019ms
[2026-03-23T17:27:59.067+0900][12.042s][info][gc          ] GC(371) Concurrent Undo Cycle 0.058ms
[2026-03-23T17:27:59.124+0900][12.100s][info][gc,start    ] GC(372) Pause Young (Concurrent Start) (G1 Humongous Allocation)
[2026-03-23T17:27:59.125+0900][12.100s][info][gc,task     ] GC(372) Using 11 workers of 11 for evacuation
[2026-03-23T17:27:59.125+0900][12.101s][info][gc,phases   ] GC(372)   Pre Evacuate Collection Set: 0.23ms
[2026-03-23T17:27:59.125+0900][12.101s][info][gc,phases   ] GC(372)   Merge Heap Roots: 0.05ms
[2026-03-23T17:27:59.125+0900][12.101s][info][gc,phases   ] GC(372)   Evacuate Collection Set: 0.18ms
[2026-03-23T17:27:59.125+0900][12.101s][info][gc,phases   ] GC(372)   Post Evacuate Collection Set: 0.13ms
[2026-03-23T17:27:59.125+0900][12.101s][info][gc,phases   ] GC(372)   Other: 0.13ms
[2026-03-23T17:27:59.125+0900][12.101s][info][gc,heap     ] GC(372) Eden regions: 1->0(281)
[2026-03-23T17:27:59.125+0900][12.101s][info][gc,heap     ] GC(372) Survivor regions: 1->1(36)
[2026-03-23T17:27:59.125+0900][12.101s][info][gc,heap     ] GC(372) Old regions: 6->6
[2026-03-23T17:27:59.125+0900][12.101s][info][gc,heap     ] GC(372) Humongous regions: 224->197
[2026-03-23T17:27:59.125+0900][12.101s][info][gc,metaspace] GC(372) Metaspace: 236K(448K)->236K(448K) NonClass: 222K(320K)->222K(320K) Class: 14K(128K)->14K(128K)
[2026-03-23T17:27:59.125+0900][12.101s][info][gc          ] GC(372) Pause Young (Concurrent Start) (G1 Humongous Allocation) 226M->198M(512M) 1.086ms
[2026-03-23T17:27:59.125+0900][12.101s][info][gc,cpu      ] GC(372) User=0.00s Sys=0.00s Real=0.00s
[2026-03-23T17:27:59.125+0900][12.101s][info][gc          ] GC(373) Concurrent Undo Cycle
[2026-03-23T17:27:59.126+0900][12.101s][info][gc,marking  ] GC(373) Concurrent Clear Claimed Marks
[2026-03-23T17:27:59.126+0900][12.101s][info][gc,marking  ] GC(373) Concurrent Clear Claimed Marks 0.016ms
[2026-03-23T17:27:59.126+0900][12.101s][info][gc,marking  ] GC(373) Concurrent Cleanup for Next Mark
[2026-03-23T17:27:59.126+0900][12.101s][info][gc,marking  ] GC(373) Concurrent Cleanup for Next Mark 0.060ms
[2026-03-23T17:27:59.126+0900][12.101s][info][gc          ] GC(373) Concurrent Undo Cycle 0.178ms
[2026-03-23T17:27:59.175+0900][12.151s][info][gc,start    ] GC(374) Pause Young (Concurrent Start) (G1 Humongous Allocation)
[2026-03-23T17:27:59.175+0900][12.151s][info][gc,task     ] GC(374) Using 11 workers of 11 for evacuation
[2026-03-23T17:27:59.176+0900][12.151s][info][gc,phases   ] GC(374)   Pre Evacuate Collection Set: 0.19ms
[2026-03-23T17:27:59.176+0900][12.151s][info][gc,phases   ] GC(374)   Merge Heap Roots: 0.04ms
[2026-03-23T17:27:59.176+0900][12.151s][info][gc,phases   ] GC(374)   Evacuate Collection Set: 0.22ms
[2026-03-23T17:27:59.176+0900][12.151s][info][gc,phases   ] GC(374)   Post Evacuate Collection Set: 0.12ms
[2026-03-23T17:27:59.176+0900][12.151s][info][gc,phases   ] GC(374)   Other: 0.08ms
[2026-03-23T17:27:59.176+0900][12.151s][info][gc,heap     ] GC(374) Eden regions: 1->0(278)
[2026-03-23T17:27:59.176+0900][12.151s][info][gc,heap     ] GC(374) Survivor regions: 1->1(36)
[2026-03-23T17:27:59.176+0900][12.151s][info][gc,heap     ] GC(374) Old regions: 6->6
[2026-03-23T17:27:59.176+0900][12.151s][info][gc,heap     ] GC(374) Humongous regions: 224->200
[2026-03-23T17:27:59.176+0900][12.152s][info][gc,metaspace] GC(374) Metaspace: 236K(448K)->236K(448K) NonClass: 222K(320K)->222K(320K) Class: 14K(128K)->14K(128K)
[2026-03-23T17:27:59.176+0900][12.152s][info][gc          ] GC(374) Pause Young (Concurrent Start) (G1 Humongous Allocation) 226M->201M(512M) 1.040ms
[2026-03-23T17:27:59.176+0900][12.152s][info][gc,cpu      ] GC(374) User=0.01s Sys=0.01s Real=0.00s
[2026-03-23T17:27:59.176+0900][12.152s][info][gc          ] GC(375) Concurrent Undo Cycle
[2026-03-23T17:27:59.176+0900][12.152s][info][gc,marking  ] GC(375) Concurrent Clear Claimed Marks
[2026-03-23T17:27:59.176+0900][12.152s][info][gc,marking  ] GC(375) Concurrent Clear Claimed Marks 0.053ms
[2026-03-23T17:27:59.176+0900][12.152s][info][gc,marking  ] GC(375) Concurrent Cleanup for Next Mark
[2026-03-23T17:27:59.176+0900][12.152s][info][gc,marking  ] GC(375) Concurrent Cleanup for Next Mark 0.176ms
[2026-03-23T17:27:59.177+0900][12.152s][info][gc          ] GC(375) Concurrent Undo Cycle 0.464ms
[2026-03-23T17:27:59.222+0900][12.198s][info][gc,start    ] GC(376) Pause Young (Concurrent Start) (G1 Humongous Allocation)
[2026-03-23T17:27:59.222+0900][12.198s][info][gc,task     ] GC(376) Using 11 workers of 11 for evacuation
[2026-03-23T17:27:59.224+0900][12.199s][info][gc,phases   ] GC(376)   Pre Evacuate Collection Set: 0.31ms
[2026-03-23T17:27:59.224+0900][12.199s][info][gc,phases   ] GC(376)   Merge Heap Roots: 0.05ms
[2026-03-23T17:27:59.224+0900][12.199s][info][gc,phases   ] GC(376)   Evacuate Collection Set: 0.64ms
[2026-03-23T17:27:59.224+0900][12.199s][info][gc,phases   ] GC(376)   Post Evacuate Collection Set: 0.22ms
[2026-03-23T17:27:59.224+0900][12.199s][info][gc,phases   ] GC(376)   Other: 0.22ms
[2026-03-23T17:27:59.224+0900][12.200s][info][gc,heap     ] GC(376) Eden regions: 1->0(275)
[2026-03-23T17:27:59.224+0900][12.200s][info][gc,heap     ] GC(376) Survivor regions: 1->1(35)
[2026-03-23T17:27:59.224+0900][12.200s][info][gc,heap     ] GC(376) Old regions: 6->6
[2026-03-23T17:27:59.224+0900][12.200s][info][gc,heap     ] GC(376) Humongous regions: 224->203
[2026-03-23T17:27:59.224+0900][12.200s][info][gc,metaspace] GC(376) Metaspace: 236K(448K)->236K(448K) NonClass: 222K(320K)->222K(320K) Class: 14K(128K)->14K(128K)
[2026-03-23T17:27:59.224+0900][12.200s][info][gc          ] GC(376) Pause Young (Concurrent Start) (G1 Humongous Allocation) 226M->204M(512M) 1.796ms
[2026-03-23T17:27:59.224+0900][12.200s][info][gc,cpu      ] GC(376) User=0.00s Sys=0.00s Real=0.00s
[2026-03-23T17:27:59.224+0900][12.200s][info][gc          ] GC(377) Concurrent Undo Cycle
[2026-03-23T17:27:59.224+0900][12.200s][info][gc,marking  ] GC(377) Concurrent Clear Claimed Marks
[2026-03-23T17:27:59.224+0900][12.200s][info][gc,marking  ] GC(377) Concurrent Clear Claimed Marks 0.041ms
[2026-03-23T17:27:59.224+0900][12.200s][info][gc,marking  ] GC(377) Concurrent Cleanup for Next Mark
[2026-03-23T17:27:59.224+0900][12.200s][info][gc,marking  ] GC(377) Concurrent Cleanup for Next Mark 0.063ms
[2026-03-23T17:27:59.224+0900][12.200s][info][gc          ] GC(377) Concurrent Undo Cycle 0.258ms
[2026-03-23T17:27:59.262+0900][12.238s][info][gc,start    ] GC(378) Pause Young (Concurrent Start) (G1 Humongous Allocation)
[2026-03-23T17:27:59.262+0900][12.238s][info][gc,task     ] GC(378) Using 11 workers of 11 for evacuation
[2026-03-23T17:27:59.263+0900][12.238s][info][gc,phases   ] GC(378)   Pre Evacuate Collection Set: 0.18ms
[2026-03-23T17:27:59.263+0900][12.238s][info][gc,phases   ] GC(378)   Merge Heap Roots: 0.03ms
[2026-03-23T17:27:59.263+0900][12.239s][info][gc,phases   ] GC(378)   Evacuate Collection Set: 0.16ms
[2026-03-23T17:27:59.263+0900][12.239s][info][gc,phases   ] GC(378)   Post Evacuate Collection Set: 0.10ms
[2026-03-23T17:27:59.263+0900][12.239s][info][gc,phases   ] GC(378)   Other: 0.05ms
[2026-03-23T17:27:59.263+0900][12.239s][info][gc,heap     ] GC(378) Eden regions: 1->0(272)
[2026-03-23T17:27:59.263+0900][12.239s][info][gc,heap     ] GC(378) Survivor regions: 1->1(35)
[2026-03-23T17:27:59.263+0900][12.239s][info][gc,heap     ] GC(378) Old regions: 6->6
[2026-03-23T17:27:59.263+0900][12.239s][info][gc,heap     ] GC(378) Humongous regions: 224->206
[2026-03-23T17:27:59.263+0900][12.239s][info][gc,metaspace] GC(378) Metaspace: 236K(448K)->236K(448K) NonClass: 222K(320K)->222K(320K) Class: 14K(128K)->14K(128K)
[2026-03-23T17:27:59.263+0900][12.239s][info][gc          ] GC(378) Pause Young (Concurrent Start) (G1 Humongous Allocation) 226M->207M(512M) 0.690ms
[2026-03-23T17:27:59.263+0900][12.239s][info][gc,cpu      ] GC(378) User=0.00s Sys=0.00s Real=0.00s
[2026-03-23T17:27:59.263+0900][12.239s][info][gc          ] GC(379) Concurrent Undo Cycle
[2026-03-23T17:27:59.263+0900][12.239s][info][gc,marking  ] GC(379) Concurrent Clear Claimed Marks
[2026-03-23T17:27:59.263+0900][12.239s][info][gc,marking  ] GC(379) Concurrent Clear Claimed Marks 0.012ms
[2026-03-23T17:27:59.263+0900][12.239s][info][gc,marking  ] GC(379) Concurrent Cleanup for Next Mark
[2026-03-23T17:27:59.263+0900][12.239s][info][gc,marking  ] GC(379) Concurrent Cleanup for Next Mark 0.042ms
[2026-03-23T17:27:59.263+0900][12.239s][info][gc          ] GC(379) Concurrent Undo Cycle 0.120ms
[2026-03-23T17:27:59.295+0900][12.271s][info][gc,start    ] GC(380) Pause Young (Concurrent Start) (G1 Humongous Allocation)
[2026-03-23T17:27:59.295+0900][12.271s][info][gc,task     ] GC(380) Using 11 workers of 11 for evacuation
[2026-03-23T17:27:59.296+0900][12.271s][info][gc,phases   ] GC(380)   Pre Evacuate Collection Set: 0.16ms
[2026-03-23T17:27:59.296+0900][12.271s][info][gc,phases   ] GC(380)   Merge Heap Roots: 0.02ms
[2026-03-23T17:27:59.296+0900][12.271s][info][gc,phases   ] GC(380)   Evacuate Collection Set: 0.16ms
[2026-03-23T17:27:59.296+0900][12.271s][info][gc,phases   ] GC(380)   Post Evacuate Collection Set: 0.09ms
[2026-03-23T17:27:59.296+0900][12.271s][info][gc,phases   ] GC(380)   Other: 0.04ms
[2026-03-23T17:27:59.296+0900][12.271s][info][gc,heap     ] GC(380) Eden regions: 1->0(269)
[2026-03-23T17:27:59.296+0900][12.271s][info][gc,heap     ] GC(380) Survivor regions: 1->1(35)
[2026-03-23T17:27:59.296+0900][12.271s][info][gc,heap     ] GC(380) Old regions: 6->6
[2026-03-23T17:27:59.296+0900][12.271s][info][gc,heap     ] GC(380) Humongous regions: 224->209
[2026-03-23T17:27:59.296+0900][12.271s][info][gc,metaspace] GC(380) Metaspace: 236K(448K)->236K(448K) NonClass: 222K(320K)->222K(320K) Class: 14K(128K)->14K(128K)
[2026-03-23T17:27:59.296+0900][12.271s][info][gc          ] GC(380) Pause Young (Concurrent Start) (G1 Humongous Allocation) 226M->210M(512M) 0.598ms
[2026-03-23T17:27:59.296+0900][12.271s][info][gc,cpu      ] GC(380) User=0.00s Sys=0.00s Real=0.00s
[2026-03-23T17:27:59.296+0900][12.271s][info][gc          ] GC(381) Concurrent Undo Cycle
[2026-03-23T17:27:59.296+0900][12.271s][info][gc,marking  ] GC(381) Concurrent Clear Claimed Marks
[2026-03-23T17:27:59.296+0900][12.271s][info][gc,marking  ] GC(381) Concurrent Clear Claimed Marks 0.006ms
[2026-03-23T17:27:59.296+0900][12.271s][info][gc,marking  ] GC(381) Concurrent Cleanup for Next Mark
[2026-03-23T17:27:59.296+0900][12.272s][info][gc,marking  ] GC(381) Concurrent Cleanup for Next Mark 0.045ms
[2026-03-23T17:27:59.296+0900][12.272s][info][gc          ] GC(381) Concurrent Undo Cycle 0.102ms
[2026-03-23T17:27:59.328+0900][12.303s][info][gc,start    ] GC(382) Pause Young (Concurrent Start) (G1 Humongous Allocation)
[2026-03-23T17:27:59.328+0900][12.303s][info][gc,task     ] GC(382) Using 11 workers of 11 for evacuation
[2026-03-23T17:27:59.328+0900][12.304s][info][gc,phases   ] GC(382)   Pre Evacuate Collection Set: 0.24ms
[2026-03-23T17:27:59.328+0900][12.304s][info][gc,phases   ] GC(382)   Merge Heap Roots: 0.06ms
[2026-03-23T17:27:59.328+0900][12.304s][info][gc,phases   ] GC(382)   Evacuate Collection Set: 0.14ms
[2026-03-23T17:27:59.328+0900][12.304s][info][gc,phases   ] GC(382)   Post Evacuate Collection Set: 0.13ms
[2026-03-23T17:27:59.328+0900][12.304s][info][gc,phases   ] GC(382)   Other: 0.04ms
[2026-03-23T17:27:59.328+0900][12.304s][info][gc,heap     ] GC(382) Eden regions: 1->0(269)
[2026-03-23T17:27:59.328+0900][12.304s][info][gc,heap     ] GC(382) Survivor regions: 1->1(34)
[2026-03-23T17:27:59.328+0900][12.304s][info][gc,heap     ] GC(382) Old regions: 6->6
[2026-03-23T17:27:59.328+0900][12.304s][info][gc,heap     ] GC(382) Humongous regions: 224->209
[2026-03-23T17:27:59.328+0900][12.304s][info][gc,metaspace] GC(382) Metaspace: 236K(448K)->236K(448K) NonClass: 222K(320K)->222K(320K) Class: 14K(128K)->14K(128K)
[2026-03-23T17:27:59.328+0900][12.304s][info][gc          ] GC(382) Pause Young (Concurrent Start) (G1 Humongous Allocation) 226M->210M(512M) 0.755ms
[2026-03-23T17:27:59.328+0900][12.304s][info][gc,cpu      ] GC(382) User=0.00s Sys=0.00s Real=0.00s
[2026-03-23T17:27:59.328+0900][12.304s][info][gc          ] GC(383) Concurrent Undo Cycle
[2026-03-23T17:27:59.328+0900][12.304s][info][gc,marking  ] GC(383) Concurrent Clear Claimed Marks
[2026-03-23T17:27:59.328+0900][12.304s][info][gc,marking  ] GC(383) Concurrent Clear Claimed Marks 0.008ms
[2026-03-23T17:27:59.328+0900][12.304s][info][gc,marking  ] GC(383) Concurrent Cleanup for Next Mark
[2026-03-23T17:27:59.328+0900][12.304s][info][gc,marking  ] GC(383) Concurrent Cleanup for Next Mark 0.045ms
[2026-03-23T17:27:59.329+0900][12.304s][info][gc          ] GC(383) Concurrent Undo Cycle 0.125ms
[2026-03-23T17:27:59.353+0900][12.329s][info][gc,start    ] GC(384) Pause Young (Concurrent Start) (G1 Humongous Allocation)
[2026-03-23T17:27:59.353+0900][12.329s][info][gc,task     ] GC(384) Using 11 workers of 11 for evacuation
[2026-03-23T17:27:59.354+0900][12.329s][info][gc,phases   ] GC(384)   Pre Evacuate Collection Set: 0.18ms
[2026-03-23T17:27:59.354+0900][12.329s][info][gc,phases   ] GC(384)   Merge Heap Roots: 0.04ms
[2026-03-23T17:27:59.354+0900][12.329s][info][gc,phases   ] GC(384)   Evacuate Collection Set: 0.15ms
[2026-03-23T17:27:59.354+0900][12.329s][info][gc,phases   ] GC(384)   Post Evacuate Collection Set: 0.10ms
[2026-03-23T17:27:59.354+0900][12.329s][info][gc,phases   ] GC(384)   Other: 0.07ms
[2026-03-23T17:27:59.354+0900][12.329s][info][gc,heap     ] GC(384) Eden regions: 1->0(266)
[2026-03-23T17:27:59.354+0900][12.329s][info][gc,heap     ] GC(384) Survivor regions: 1->1(34)
[2026-03-23T17:27:59.354+0900][12.329s][info][gc,heap     ] GC(384) Old regions: 6->6
[2026-03-23T17:27:59.354+0900][12.329s][info][gc,heap     ] GC(384) Humongous regions: 224->212
[2026-03-23T17:27:59.354+0900][12.329s][info][gc,metaspace] GC(384) Metaspace: 236K(448K)->236K(448K) NonClass: 222K(320K)->222K(320K) Class: 14K(128K)->14K(128K)
[2026-03-23T17:27:59.354+0900][12.329s][info][gc          ] GC(384) Pause Young (Concurrent Start) (G1 Humongous Allocation) 226M->213M(512M) 0.674ms
[2026-03-23T17:27:59.354+0900][12.329s][info][gc,cpu      ] GC(384) User=0.00s Sys=0.00s Real=0.00s
[2026-03-23T17:27:59.354+0900][12.329s][info][gc          ] GC(385) Concurrent Undo Cycle
[2026-03-23T17:27:59.354+0900][12.329s][info][gc,marking  ] GC(385) Concurrent Clear Claimed Marks
[2026-03-23T17:27:59.354+0900][12.329s][info][gc,marking  ] GC(385) Concurrent Clear Claimed Marks 0.009ms
[2026-03-23T17:27:59.354+0900][12.329s][info][gc,marking  ] GC(385) Concurrent Cleanup for Next Mark
[2026-03-23T17:27:59.354+0900][12.330s][info][gc,marking  ] GC(385) Concurrent Cleanup for Next Mark 0.064ms
[2026-03-23T17:27:59.354+0900][12.330s][info][gc          ] GC(385) Concurrent Undo Cycle 0.125ms
[2026-03-23T17:27:59.378+0900][12.354s][info][gc,start    ] GC(386) Pause Young (Concurrent Start) (G1 Humongous Allocation)
[2026-03-23T17:27:59.378+0900][12.354s][info][gc,task     ] GC(386) Using 11 workers of 11 for evacuation
[2026-03-23T17:27:59.379+0900][12.354s][info][gc,phases   ] GC(386)   Pre Evacuate Collection Set: 0.14ms
[2026-03-23T17:27:59.379+0900][12.354s][info][gc,phases   ] GC(386)   Merge Heap Roots: 0.03ms
[2026-03-23T17:27:59.379+0900][12.354s][info][gc,phases   ] GC(386)   Evacuate Collection Set: 0.14ms
[2026-03-23T17:27:59.379+0900][12.354s][info][gc,phases   ] GC(386)   Post Evacuate Collection Set: 0.10ms
[2026-03-23T17:27:59.379+0900][12.354s][info][gc,phases   ] GC(386)   Other: 0.04ms
[2026-03-23T17:27:59.379+0900][12.354s][info][gc,heap     ] GC(386) Eden regions: 1->0(266)
[2026-03-23T17:27:59.379+0900][12.354s][info][gc,heap     ] GC(386) Survivor regions: 1->1(34)
[2026-03-23T17:27:59.379+0900][12.354s][info][gc,heap     ] GC(386) Old regions: 6->6
[2026-03-23T17:27:59.379+0900][12.354s][info][gc,heap     ] GC(386) Humongous regions: 224->212
[2026-03-23T17:27:59.379+0900][12.354s][info][gc,metaspace] GC(386) Metaspace: 236K(448K)->236K(448K) NonClass: 222K(320K)->222K(320K) Class: 14K(128K)->14K(128K)
[2026-03-23T17:27:59.379+0900][12.354s][info][gc          ] GC(386) Pause Young (Concurrent Start) (G1 Humongous Allocation) 226M->213M(512M) 0.570ms
[2026-03-23T17:27:59.379+0900][12.354s][info][gc,cpu      ] GC(386) User=0.00s Sys=0.00s Real=0.00s
[2026-03-23T17:27:59.379+0900][12.355s][info][gc          ] GC(387) Concurrent Undo Cycle
[2026-03-23T17:27:59.379+0900][12.355s][info][gc,marking  ] GC(387) Concurrent Clear Claimed Marks
[2026-03-23T17:27:59.379+0900][12.355s][info][gc,marking  ] GC(387) Concurrent Clear Claimed Marks 0.006ms
[2026-03-23T17:27:59.379+0900][12.355s][info][gc,marking  ] GC(387) Concurrent Cleanup for Next Mark
[2026-03-23T17:27:59.379+0900][12.355s][info][gc,marking  ] GC(387) Concurrent Cleanup for Next Mark 0.038ms
[2026-03-23T17:27:59.379+0900][12.355s][info][gc          ] GC(387) Concurrent Undo Cycle 0.085ms
[2026-03-23T17:27:59.398+0900][12.373s][info][gc,start    ] GC(388) Pause Young (Concurrent Start) (G1 Humongous Allocation)
[2026-03-23T17:27:59.398+0900][12.373s][info][gc,task     ] GC(388) Using 11 workers of 11 for evacuation
[2026-03-23T17:27:59.398+0900][12.374s][info][gc,phases   ] GC(388)   Pre Evacuate Collection Set: 0.17ms
[2026-03-23T17:27:59.398+0900][12.374s][info][gc,phases   ] GC(388)   Merge Heap Roots: 0.03ms
[2026-03-23T17:27:59.398+0900][12.374s][info][gc,phases   ] GC(388)   Evacuate Collection Set: 0.15ms
[2026-03-23T17:27:59.398+0900][12.374s][info][gc,phases   ] GC(388)   Post Evacuate Collection Set: 0.12ms
[2026-03-23T17:27:59.398+0900][12.374s][info][gc,phases   ] GC(388)   Other: 0.04ms
[2026-03-23T17:27:59.398+0900][12.374s][info][gc,heap     ] GC(388) Eden regions: 1->0(263)
[2026-03-23T17:27:59.398+0900][12.374s][info][gc,heap     ] GC(388) Survivor regions: 1->1(34)
[2026-03-23T17:27:59.398+0900][12.374s][info][gc,heap     ] GC(388) Old regions: 6->6
[2026-03-23T17:27:59.398+0900][12.374s][info][gc,heap     ] GC(388) Humongous regions: 224->215
[2026-03-23T17:27:59.398+0900][12.374s][info][gc,metaspace] GC(388) Metaspace: 236K(448K)->236K(448K) NonClass: 222K(320K)->222K(320K) Class: 14K(128K)->14K(128K)
[2026-03-23T17:27:59.398+0900][12.374s][info][gc          ] GC(388) Pause Young (Concurrent Start) (G1 Humongous Allocation) 226M->216M(512M) 0.645ms
[2026-03-23T17:27:59.398+0900][12.374s][info][gc,cpu      ] GC(388) User=0.00s Sys=0.00s Real=0.00s
[2026-03-23T17:27:59.398+0900][12.374s][info][gc          ] GC(389) Concurrent Undo Cycle
[2026-03-23T17:27:59.398+0900][12.374s][info][gc,marking  ] GC(389) Concurrent Clear Claimed Marks
[2026-03-23T17:27:59.398+0900][12.374s][info][gc,marking  ] GC(389) Concurrent Clear Claimed Marks 0.008ms
[2026-03-23T17:27:59.398+0900][12.374s][info][gc,marking  ] GC(389) Concurrent Cleanup for Next Mark
[2026-03-23T17:27:59.398+0900][12.374s][info][gc,marking  ] GC(389) Concurrent Cleanup for Next Mark 0.058ms
[2026-03-23T17:27:59.398+0900][12.374s][info][gc          ] GC(389) Concurrent Undo Cycle 0.112ms
[2026-03-23T17:27:59.418+0900][12.393s][info][gc,start    ] GC(390) Pause Young (Concurrent Start) (G1 Humongous Allocation)
[2026-03-23T17:27:59.418+0900][12.393s][info][gc,task     ] GC(390) Using 11 workers of 11 for evacuation
[2026-03-23T17:27:59.418+0900][12.394s][info][gc,phases   ] GC(390)   Pre Evacuate Collection Set: 0.21ms
[2026-03-23T17:27:59.418+0900][12.394s][info][gc,phases   ] GC(390)   Merge Heap Roots: 0.03ms
[2026-03-23T17:27:59.418+0900][12.394s][info][gc,phases   ] GC(390)   Evacuate Collection Set: 0.10ms
[2026-03-23T17:27:59.418+0900][12.394s][info][gc,phases   ] GC(390)   Post Evacuate Collection Set: 0.11ms
[2026-03-23T17:27:59.418+0900][12.394s][info][gc,phases   ] GC(390)   Other: 0.03ms
[2026-03-23T17:27:59.418+0900][12.394s][info][gc,heap     ] GC(390) Eden regions: 1->0(263)
[2026-03-23T17:27:59.418+0900][12.394s][info][gc,heap     ] GC(390) Survivor regions: 1->1(33)
[2026-03-23T17:27:59.418+0900][12.394s][info][gc,heap     ] GC(390) Old regions: 6->6
[2026-03-23T17:27:59.418+0900][12.394s][info][gc,heap     ] GC(390) Humongous regions: 224->215
[2026-03-23T17:27:59.418+0900][12.394s][info][gc,metaspace] GC(390) Metaspace: 236K(448K)->236K(448K) NonClass: 222K(320K)->222K(320K) Class: 14K(128K)->14K(128K)
[2026-03-23T17:27:59.418+0900][12.394s][info][gc          ] GC(390) Pause Young (Concurrent Start) (G1 Humongous Allocation) 226M->216M(512M) 0.589ms
[2026-03-23T17:27:59.418+0900][12.394s][info][gc,cpu      ] GC(390) User=0.00s Sys=0.00s Real=0.00s
[2026-03-23T17:27:59.418+0900][12.394s][info][gc          ] GC(391) Concurrent Undo Cycle
[2026-03-23T17:27:59.418+0900][12.394s][info][gc,marking  ] GC(391) Concurrent Clear Claimed Marks
[2026-03-23T17:27:59.418+0900][12.394s][info][gc,marking  ] GC(391) Concurrent Clear Claimed Marks 0.007ms
[2026-03-23T17:27:59.418+0900][12.394s][info][gc,marking  ] GC(391) Concurrent Cleanup for Next Mark
[2026-03-23T17:27:59.418+0900][12.394s][info][gc,marking  ] GC(391) Concurrent Cleanup for Next Mark 0.033ms
[2026-03-23T17:27:59.418+0900][12.394s][info][gc          ] GC(391) Concurrent Undo Cycle 0.084ms
[2026-03-23T17:27:59.438+0900][12.413s][info][gc,start    ] GC(392) Pause Young (Concurrent Start) (G1 Humongous Allocation)
[2026-03-23T17:27:59.438+0900][12.413s][info][gc,task     ] GC(392) Using 11 workers of 11 for evacuation
[2026-03-23T17:27:59.439+0900][12.414s][info][gc,phases   ] GC(392)   Pre Evacuate Collection Set: 0.27ms
[2026-03-23T17:27:59.439+0900][12.414s][info][gc,phases   ] GC(392)   Merge Heap Roots: 0.06ms
[2026-03-23T17:27:59.439+0900][12.414s][info][gc,phases   ] GC(392)   Evacuate Collection Set: 0.30ms
[2026-03-23T17:27:59.439+0900][12.414s][info][gc,phases   ] GC(392)   Post Evacuate Collection Set: 0.14ms
[2026-03-23T17:27:59.439+0900][12.414s][info][gc,phases   ] GC(392)   Other: 0.13ms
[2026-03-23T17:27:59.439+0900][12.414s][info][gc,heap     ] GC(392) Eden regions: 1->0(263)
[2026-03-23T17:27:59.439+0900][12.414s][info][gc,heap     ] GC(392) Survivor regions: 1->1(33)
[2026-03-23T17:27:59.439+0900][12.414s][info][gc,heap     ] GC(392) Old regions: 6->6
[2026-03-23T17:27:59.439+0900][12.414s][info][gc,heap     ] GC(392) Humongous regions: 224->215
[2026-03-23T17:27:59.439+0900][12.414s][info][gc,metaspace] GC(392) Metaspace: 236K(448K)->236K(448K) NonClass: 222K(320K)->222K(320K) Class: 14K(128K)->14K(128K)
[2026-03-23T17:27:59.439+0900][12.414s][info][gc          ] GC(392) Pause Young (Concurrent Start) (G1 Humongous Allocation) 226M->216M(512M) 1.260ms
[2026-03-23T17:27:59.439+0900][12.414s][info][gc,cpu      ] GC(392) User=0.00s Sys=0.01s Real=0.00s
[2026-03-23T17:27:59.439+0900][12.414s][info][gc          ] GC(393) Concurrent Undo Cycle
[2026-03-23T17:27:59.439+0900][12.414s][info][gc,marking  ] GC(393) Concurrent Clear Claimed Marks
[2026-03-23T17:27:59.439+0900][12.415s][info][gc,marking  ] GC(393) Concurrent Clear Claimed Marks 0.039ms
[2026-03-23T17:27:59.439+0900][12.415s][info][gc,marking  ] GC(393) Concurrent Cleanup for Next Mark
[2026-03-23T17:27:59.439+0900][12.415s][info][gc,marking  ] GC(393) Concurrent Cleanup for Next Mark 0.062ms
[2026-03-23T17:27:59.439+0900][12.415s][info][gc          ] GC(393) Concurrent Undo Cycle 0.285ms
[2026-03-23T17:27:59.452+0900][12.427s][info][gc,start    ] GC(394) Pause Young (Concurrent Start) (G1 Humongous Allocation)
[2026-03-23T17:27:59.452+0900][12.427s][info][gc,task     ] GC(394) Using 11 workers of 11 for evacuation
[2026-03-23T17:27:59.452+0900][12.428s][info][gc,phases   ] GC(394)   Pre Evacuate Collection Set: 0.19ms
[2026-03-23T17:27:59.452+0900][12.428s][info][gc,phases   ] GC(394)   Merge Heap Roots: 0.03ms
[2026-03-23T17:27:59.452+0900][12.428s][info][gc,phases   ] GC(394)   Evacuate Collection Set: 0.14ms
[2026-03-23T17:27:59.452+0900][12.428s][info][gc,phases   ] GC(394)   Post Evacuate Collection Set: 0.11ms
[2026-03-23T17:27:59.452+0900][12.428s][info][gc,phases   ] GC(394)   Other: 0.04ms
[2026-03-23T17:27:59.452+0900][12.428s][info][gc,heap     ] GC(394) Eden regions: 1->0(260)
[2026-03-23T17:27:59.452+0900][12.428s][info][gc,heap     ] GC(394) Survivor regions: 1->1(33)
[2026-03-23T17:27:59.452+0900][12.428s][info][gc,heap     ] GC(394) Old regions: 6->6
[2026-03-23T17:27:59.452+0900][12.428s][info][gc,heap     ] GC(394) Humongous regions: 224->218
[2026-03-23T17:27:59.452+0900][12.428s][info][gc,metaspace] GC(394) Metaspace: 236K(448K)->236K(448K) NonClass: 222K(320K)->222K(320K) Class: 14K(128K)->14K(128K)
[2026-03-23T17:27:59.452+0900][12.428s][info][gc          ] GC(394) Pause Young (Concurrent Start) (G1 Humongous Allocation) 226M->219M(512M) 0.639ms
[2026-03-23T17:27:59.452+0900][12.428s][info][gc,cpu      ] GC(394) User=0.01s Sys=0.00s Real=0.00s
[2026-03-23T17:27:59.452+0900][12.428s][info][gc          ] GC(395) Concurrent Undo Cycle
[2026-03-23T17:27:59.452+0900][12.428s][info][gc,marking  ] GC(395) Concurrent Clear Claimed Marks
[2026-03-23T17:27:59.452+0900][12.428s][info][gc,marking  ] GC(395) Concurrent Clear Claimed Marks 0.009ms
[2026-03-23T17:27:59.452+0900][12.428s][info][gc,marking  ] GC(395) Concurrent Cleanup for Next Mark
[2026-03-23T17:27:59.452+0900][12.428s][info][gc,marking  ] GC(395) Concurrent Cleanup for Next Mark 0.052ms
[2026-03-23T17:27:59.452+0900][12.428s][info][gc          ] GC(395) Concurrent Undo Cycle 0.104ms
[2026-03-23T17:27:59.464+0900][12.440s][info][gc,start    ] GC(396) Pause Young (Concurrent Start) (G1 Humongous Allocation)
[2026-03-23T17:27:59.464+0900][12.440s][info][gc,task     ] GC(396) Using 11 workers of 11 for evacuation
[2026-03-23T17:27:59.465+0900][12.440s][info][gc,phases   ] GC(396)   Pre Evacuate Collection Set: 0.13ms
[2026-03-23T17:27:59.465+0900][12.440s][info][gc,phases   ] GC(396)   Merge Heap Roots: 0.04ms
[2026-03-23T17:27:59.465+0900][12.440s][info][gc,phases   ] GC(396)   Evacuate Collection Set: 0.17ms
[2026-03-23T17:27:59.465+0900][12.440s][info][gc,phases   ] GC(396)   Post Evacuate Collection Set: 0.10ms
[2026-03-23T17:27:59.465+0900][12.440s][info][gc,phases   ] GC(396)   Other: 0.03ms
[2026-03-23T17:27:59.465+0900][12.440s][info][gc,heap     ] GC(396) Eden regions: 1->0(260)
[2026-03-23T17:27:59.465+0900][12.440s][info][gc,heap     ] GC(396) Survivor regions: 1->1(33)
[2026-03-23T17:27:59.465+0900][12.440s][info][gc,heap     ] GC(396) Old regions: 6->6
[2026-03-23T17:27:59.465+0900][12.440s][info][gc,heap     ] GC(396) Humongous regions: 224->218
[2026-03-23T17:27:59.465+0900][12.440s][info][gc,metaspace] GC(396) Metaspace: 236K(448K)->236K(448K) NonClass: 222K(320K)->222K(320K) Class: 14K(128K)->14K(128K)
[2026-03-23T17:27:59.465+0900][12.440s][info][gc          ] GC(396) Pause Young (Concurrent Start) (G1 Humongous Allocation) 226M->219M(512M) 0.574ms
[2026-03-23T17:27:59.465+0900][12.440s][info][gc,cpu      ] GC(396) User=0.00s Sys=0.00s Real=0.00s
[2026-03-23T17:27:59.465+0900][12.440s][info][gc          ] GC(397) Concurrent Undo Cycle
[2026-03-23T17:27:59.465+0900][12.440s][info][gc,marking  ] GC(397) Concurrent Clear Claimed Marks
[2026-03-23T17:27:59.465+0900][12.440s][info][gc,marking  ] GC(397) Concurrent Clear Claimed Marks 0.008ms
[2026-03-23T17:27:59.465+0900][12.440s][info][gc,marking  ] GC(397) Concurrent Cleanup for Next Mark
[2026-03-23T17:27:59.465+0900][12.441s][info][gc,marking  ] GC(397) Concurrent Cleanup for Next Mark 0.043ms
[2026-03-23T17:27:59.465+0900][12.441s][info][gc          ] GC(397) Concurrent Undo Cycle 0.091ms
[2026-03-23T17:27:59.478+0900][12.453s][info][gc,start    ] GC(398) Pause Young (Concurrent Start) (G1 Humongous Allocation)
[2026-03-23T17:27:59.478+0900][12.453s][info][gc,task     ] GC(398) Using 11 workers of 11 for evacuation
[2026-03-23T17:27:59.478+0900][12.454s][info][gc,phases   ] GC(398)   Pre Evacuate Collection Set: 0.25ms
[2026-03-23T17:27:59.478+0900][12.454s][info][gc,phases   ] GC(398)   Merge Heap Roots: 0.04ms
[2026-03-23T17:27:59.478+0900][12.454s][info][gc,phases   ] GC(398)   Evacuate Collection Set: 0.13ms
[2026-03-23T17:27:59.478+0900][12.454s][info][gc,phases   ] GC(398)   Post Evacuate Collection Set: 0.11ms
[2026-03-23T17:27:59.478+0900][12.454s][info][gc,phases   ] GC(398)   Other: 0.04ms
[2026-03-23T17:27:59.478+0900][12.454s][info][gc,heap     ] GC(398) Eden regions: 1->0(260)
[2026-03-23T17:27:59.478+0900][12.454s][info][gc,heap     ] GC(398) Survivor regions: 1->1(33)
[2026-03-23T17:27:59.478+0900][12.454s][info][gc,heap     ] GC(398) Old regions: 6->6
[2026-03-23T17:27:59.478+0900][12.454s][info][gc,heap     ] GC(398) Humongous regions: 224->218
[2026-03-23T17:27:59.478+0900][12.454s][info][gc,metaspace] GC(398) Metaspace: 236K(448K)->236K(448K) NonClass: 222K(320K)->222K(320K) Class: 14K(128K)->14K(128K)
[2026-03-23T17:27:59.478+0900][12.454s][info][gc          ] GC(398) Pause Young (Concurrent Start) (G1 Humongous Allocation) 226M->219M(512M) 0.667ms
[2026-03-23T17:27:59.478+0900][12.454s][info][gc,cpu      ] GC(398) User=0.00s Sys=0.00s Real=0.00s
[2026-03-23T17:27:59.478+0900][12.454s][info][gc          ] GC(399) Concurrent Undo Cycle
[2026-03-23T17:27:59.478+0900][12.454s][info][gc,marking  ] GC(399) Concurrent Clear Claimed Marks
[2026-03-23T17:27:59.478+0900][12.454s][info][gc,marking  ] GC(399) Concurrent Clear Claimed Marks 0.014ms
[2026-03-23T17:27:59.478+0900][12.454s][info][gc,marking  ] GC(399) Concurrent Cleanup for Next Mark
[2026-03-23T17:27:59.478+0900][12.454s][info][gc,marking  ] GC(399) Concurrent Cleanup for Next Mark 0.030ms
[2026-03-23T17:27:59.478+0900][12.454s][info][gc          ] GC(399) Concurrent Undo Cycle 0.085ms
[2026-03-23T17:27:59.491+0900][12.467s][info][gc,start    ] GC(400) Pause Young (Concurrent Start) (G1 Humongous Allocation)
[2026-03-23T17:27:59.491+0900][12.467s][info][gc,task     ] GC(400) Using 11 workers of 11 for evacuation
[2026-03-23T17:27:59.492+0900][12.467s][info][gc,phases   ] GC(400)   Pre Evacuate Collection Set: 0.21ms
[2026-03-23T17:27:59.492+0900][12.467s][info][gc,phases   ] GC(400)   Merge Heap Roots: 0.04ms
[2026-03-23T17:27:59.492+0900][12.467s][info][gc,phases   ] GC(400)   Evacuate Collection Set: 0.14ms
[2026-03-23T17:27:59.492+0900][12.467s][info][gc,phases   ] GC(400)   Post Evacuate Collection Set: 0.10ms
[2026-03-23T17:27:59.492+0900][12.467s][info][gc,phases   ] GC(400)   Other: 0.04ms
[2026-03-23T17:27:59.492+0900][12.467s][info][gc,heap     ] GC(400) Eden regions: 1->0(260)
[2026-03-23T17:27:59.492+0900][12.467s][info][gc,heap     ] GC(400) Survivor regions: 1->1(33)
[2026-03-23T17:27:59.492+0900][12.467s][info][gc,heap     ] GC(400) Old regions: 6->6
[2026-03-23T17:27:59.492+0900][12.467s][info][gc,heap     ] GC(400) Humongous regions: 224->218
[2026-03-23T17:27:59.492+0900][12.467s][info][gc,metaspace] GC(400) Metaspace: 236K(448K)->236K(448K) NonClass: 222K(320K)->222K(320K) Class: 14K(128K)->14K(128K)
[2026-03-23T17:27:59.492+0900][12.467s][info][gc          ] GC(400) Pause Young (Concurrent Start) (G1 Humongous Allocation) 226M->219M(512M) 0.660ms
[2026-03-23T17:27:59.492+0900][12.467s][info][gc,cpu      ] GC(400) User=0.00s Sys=0.00s Real=0.00s
[2026-03-23T17:27:59.492+0900][12.467s][info][gc          ] GC(401) Concurrent Undo Cycle
[2026-03-23T17:27:59.492+0900][12.467s][info][gc,marking  ] GC(401) Concurrent Clear Claimed Marks
[2026-03-23T17:27:59.492+0900][12.467s][info][gc,marking  ] GC(401) Concurrent Clear Claimed Marks 0.007ms
[2026-03-23T17:27:59.492+0900][12.467s][info][gc,marking  ] GC(401) Concurrent Cleanup for Next Mark
[2026-03-23T17:27:59.492+0900][12.467s][info][gc,marking  ] GC(401) Concurrent Cleanup for Next Mark 0.049ms
[2026-03-23T17:27:59.492+0900][12.467s][info][gc          ] GC(401) Concurrent Undo Cycle 0.104ms
[2026-03-23T17:27:59.504+0900][12.480s][info][gc,start    ] GC(402) Pause Young (Concurrent Start) (G1 Humongous Allocation)
[2026-03-23T17:27:59.504+0900][12.480s][info][gc,task     ] GC(402) Using 11 workers of 11 for evacuation
[2026-03-23T17:27:59.505+0900][12.481s][info][gc,phases   ] GC(402)   Pre Evacuate Collection Set: 0.19ms
[2026-03-23T17:27:59.505+0900][12.481s][info][gc,phases   ] GC(402)   Merge Heap Roots: 0.06ms
[2026-03-23T17:27:59.505+0900][12.481s][info][gc,phases   ] GC(402)   Evacuate Collection Set: 0.18ms
[2026-03-23T17:27:59.505+0900][12.481s][info][gc,phases   ] GC(402)   Post Evacuate Collection Set: 0.14ms
[2026-03-23T17:27:59.505+0900][12.481s][info][gc,phases   ] GC(402)   Other: 0.04ms
[2026-03-23T17:27:59.505+0900][12.481s][info][gc,heap     ] GC(402) Eden regions: 1->0(260)
[2026-03-23T17:27:59.505+0900][12.481s][info][gc,heap     ] GC(402) Survivor regions: 1->1(33)
[2026-03-23T17:27:59.505+0900][12.481s][info][gc,heap     ] GC(402) Old regions: 6->6
[2026-03-23T17:27:59.505+0900][12.481s][info][gc,heap     ] GC(402) Humongous regions: 224->218
[2026-03-23T17:27:59.505+0900][12.481s][info][gc,metaspace] GC(402) Metaspace: 236K(448K)->236K(448K) NonClass: 222K(320K)->222K(320K) Class: 14K(128K)->14K(128K)
[2026-03-23T17:27:59.505+0900][12.481s][info][gc          ] GC(402) Pause Young (Concurrent Start) (G1 Humongous Allocation) 226M->219M(512M) 0.762ms
[2026-03-23T17:27:59.505+0900][12.481s][info][gc,cpu      ] GC(402) User=0.00s Sys=0.00s Real=0.00s
[2026-03-23T17:27:59.505+0900][12.481s][info][gc          ] GC(403) Concurrent Undo Cycle
[2026-03-23T17:27:59.505+0900][12.481s][info][gc,marking  ] GC(403) Concurrent Clear Claimed Marks
[2026-03-23T17:27:59.505+0900][12.481s][info][gc,marking  ] GC(403) Concurrent Clear Claimed Marks 0.011ms
[2026-03-23T17:27:59.505+0900][12.481s][info][gc,marking  ] GC(403) Concurrent Cleanup for Next Mark
[2026-03-23T17:27:59.505+0900][12.481s][info][gc,marking  ] GC(403) Concurrent Cleanup for Next Mark 0.045ms
[2026-03-23T17:27:59.505+0900][12.481s][info][gc          ] GC(403) Concurrent Undo Cycle 0.118ms
[2026-03-23T17:27:59.512+0900][12.487s][info][gc,start    ] GC(404) Pause Young (Concurrent Start) (G1 Humongous Allocation)
[2026-03-23T17:27:59.512+0900][12.487s][info][gc,task     ] GC(404) Using 11 workers of 11 for evacuation
[2026-03-23T17:27:59.512+0900][12.488s][info][gc,phases   ] GC(404)   Pre Evacuate Collection Set: 0.11ms
[2026-03-23T17:27:59.512+0900][12.488s][info][gc,phases   ] GC(404)   Merge Heap Roots: 0.05ms
[2026-03-23T17:27:59.512+0900][12.488s][info][gc,phases   ] GC(404)   Evacuate Collection Set: 0.12ms
[2026-03-23T17:27:59.512+0900][12.488s][info][gc,phases   ] GC(404)   Post Evacuate Collection Set: 0.09ms
[2026-03-23T17:27:59.512+0900][12.488s][info][gc,phases   ] GC(404)   Other: 0.04ms
[2026-03-23T17:27:59.512+0900][12.488s][info][gc,heap     ] GC(404) Eden regions: 1->0(257)
[2026-03-23T17:27:59.512+0900][12.488s][info][gc,heap     ] GC(404) Survivor regions: 1->1(33)
[2026-03-23T17:27:59.512+0900][12.488s][info][gc,heap     ] GC(404) Old regions: 6->6
[2026-03-23T17:27:59.512+0900][12.488s][info][gc,heap     ] GC(404) Humongous regions: 224->221
[2026-03-23T17:27:59.512+0900][12.488s][info][gc,metaspace] GC(404) Metaspace: 236K(448K)->236K(448K) NonClass: 222K(320K)->222K(320K) Class: 14K(128K)->14K(128K)
[2026-03-23T17:27:59.512+0900][12.488s][info][gc          ] GC(404) Pause Young (Concurrent Start) (G1 Humongous Allocation) 226M->222M(512M) 0.526ms
[2026-03-23T17:27:59.512+0900][12.488s][info][gc,cpu      ] GC(404) User=0.00s Sys=0.00s Real=0.00s
[2026-03-23T17:27:59.512+0900][12.488s][info][gc          ] GC(405) Concurrent Undo Cycle
[2026-03-23T17:27:59.512+0900][12.488s][info][gc,marking  ] GC(405) Concurrent Clear Claimed Marks
[2026-03-23T17:27:59.512+0900][12.488s][info][gc,marking  ] GC(405) Concurrent Clear Claimed Marks 0.011ms
[2026-03-23T17:27:59.512+0900][12.488s][info][gc,marking  ] GC(405) Concurrent Cleanup for Next Mark
[2026-03-23T17:27:59.512+0900][12.488s][info][gc,marking  ] GC(405) Concurrent Cleanup for Next Mark 0.063ms
[2026-03-23T17:27:59.512+0900][12.488s][info][gc          ] GC(405) Concurrent Undo Cycle 0.154ms
[2026-03-23T17:27:59.518+0900][12.494s][info][gc,start    ] GC(406) Pause Young (Concurrent Start) (G1 Humongous Allocation)
[2026-03-23T17:27:59.518+0900][12.494s][info][gc,task     ] GC(406) Using 11 workers of 11 for evacuation
[2026-03-23T17:27:59.518+0900][12.494s][info][gc,phases   ] GC(406)   Pre Evacuate Collection Set: 0.10ms
[2026-03-23T17:27:59.518+0900][12.494s][info][gc,phases   ] GC(406)   Merge Heap Roots: 0.03ms
[2026-03-23T17:27:59.518+0900][12.494s][info][gc,phases   ] GC(406)   Evacuate Collection Set: 0.12ms
[2026-03-23T17:27:59.518+0900][12.494s][info][gc,phases   ] GC(406)   Post Evacuate Collection Set: 0.12ms
[2026-03-23T17:27:59.519+0900][12.494s][info][gc,phases   ] GC(406)   Other: 0.04ms
[2026-03-23T17:27:59.519+0900][12.494s][info][gc,heap     ] GC(406) Eden regions: 1->0(257)
[2026-03-23T17:27:59.519+0900][12.494s][info][gc,heap     ] GC(406) Survivor regions: 1->1(33)
[2026-03-23T17:27:59.519+0900][12.494s][info][gc,heap     ] GC(406) Old regions: 6->6
[2026-03-23T17:27:59.519+0900][12.494s][info][gc,heap     ] GC(406) Humongous regions: 224->221
[2026-03-23T17:27:59.519+0900][12.494s][info][gc,metaspace] GC(406) Metaspace: 236K(448K)->236K(448K) NonClass: 222K(320K)->222K(320K) Class: 14K(128K)->14K(128K)
[2026-03-23T17:27:59.519+0900][12.494s][info][gc          ] GC(406) Pause Young (Concurrent Start) (G1 Humongous Allocation) 226M->222M(512M) 0.516ms
[2026-03-23T17:27:59.519+0900][12.494s][info][gc,cpu      ] GC(406) User=0.00s Sys=0.00s Real=0.00s
[2026-03-23T17:27:59.519+0900][12.494s][info][gc          ] GC(407) Concurrent Undo Cycle
[2026-03-23T17:27:59.519+0900][12.494s][info][gc,marking  ] GC(407) Concurrent Clear Claimed Marks
[2026-03-23T17:27:59.519+0900][12.494s][info][gc,marking  ] GC(407) Concurrent Clear Claimed Marks 0.011ms
[2026-03-23T17:27:59.519+0900][12.494s][info][gc,marking  ] GC(407) Concurrent Cleanup for Next Mark
[2026-03-23T17:27:59.519+0900][12.494s][info][gc,marking  ] GC(407) Concurrent Cleanup for Next Mark 0.038ms
[2026-03-23T17:27:59.519+0900][12.494s][info][gc          ] GC(407) Concurrent Undo Cycle 0.092ms
[2026-03-23T17:27:59.524+0900][12.499s][info][gc,start    ] GC(408) Pause Young (Concurrent Start) (G1 Humongous Allocation)
[2026-03-23T17:27:59.524+0900][12.499s][info][gc,task     ] GC(408) Using 11 workers of 11 for evacuation
[2026-03-23T17:27:59.524+0900][12.500s][info][gc,phases   ] GC(408)   Pre Evacuate Collection Set: 0.16ms
[2026-03-23T17:27:59.524+0900][12.500s][info][gc,phases   ] GC(408)   Merge Heap Roots: 0.05ms
[2026-03-23T17:27:59.524+0900][12.500s][info][gc,phases   ] GC(408)   Evacuate Collection Set: 0.14ms
[2026-03-23T17:27:59.524+0900][12.500s][info][gc,phases   ] GC(408)   Post Evacuate Collection Set: 0.13ms
[2026-03-23T17:27:59.524+0900][12.500s][info][gc,phases   ] GC(408)   Other: 0.03ms
[2026-03-23T17:27:59.524+0900][12.500s][info][gc,heap     ] GC(408) Eden regions: 1->0(257)
[2026-03-23T17:27:59.524+0900][12.500s][info][gc,heap     ] GC(408) Survivor regions: 1->1(33)
[2026-03-23T17:27:59.524+0900][12.500s][info][gc,heap     ] GC(408) Old regions: 6->6
[2026-03-23T17:27:59.524+0900][12.500s][info][gc,heap     ] GC(408) Humongous regions: 224->221
[2026-03-23T17:27:59.524+0900][12.500s][info][gc,metaspace] GC(408) Metaspace: 236K(448K)->236K(448K) NonClass: 222K(320K)->222K(320K) Class: 14K(128K)->14K(128K)
[2026-03-23T17:27:59.524+0900][12.500s][info][gc          ] GC(408) Pause Young (Concurrent Start) (G1 Humongous Allocation) 226M->222M(512M) 0.614ms
[2026-03-23T17:27:59.524+0900][12.500s][info][gc,cpu      ] GC(408) User=0.00s Sys=0.00s Real=0.00s
[2026-03-23T17:27:59.524+0900][12.500s][info][gc          ] GC(409) Concurrent Undo Cycle
[2026-03-23T17:27:59.524+0900][12.500s][info][gc,marking  ] GC(409) Concurrent Clear Claimed Marks
[2026-03-23T17:27:59.524+0900][12.500s][info][gc,marking  ] GC(409) Concurrent Clear Claimed Marks 0.007ms
[2026-03-23T17:27:59.524+0900][12.500s][info][gc,marking  ] GC(409) Concurrent Cleanup for Next Mark
[2026-03-23T17:27:59.524+0900][12.500s][info][gc,marking  ] GC(409) Concurrent Cleanup for Next Mark 0.035ms
[2026-03-23T17:27:59.524+0900][12.500s][info][gc          ] GC(409) Concurrent Undo Cycle 0.081ms
[2026-03-23T17:27:59.530+0900][12.506s][info][gc,start    ] GC(410) Pause Young (Concurrent Start) (G1 Humongous Allocation)
[2026-03-23T17:27:59.530+0900][12.506s][info][gc,task     ] GC(410) Using 11 workers of 11 for evacuation
[2026-03-23T17:27:59.531+0900][12.506s][info][gc,phases   ] GC(410)   Pre Evacuate Collection Set: 0.17ms
[2026-03-23T17:27:59.531+0900][12.506s][info][gc,phases   ] GC(410)   Merge Heap Roots: 0.05ms
[2026-03-23T17:27:59.531+0900][12.506s][info][gc,phases   ] GC(410)   Evacuate Collection Set: 0.18ms
[2026-03-23T17:27:59.531+0900][12.506s][info][gc,phases   ] GC(410)   Post Evacuate Collection Set: 0.12ms
[2026-03-23T17:27:59.531+0900][12.506s][info][gc,phases   ] GC(410)   Other: 0.03ms
[2026-03-23T17:27:59.531+0900][12.506s][info][gc,heap     ] GC(410) Eden regions: 1->0(257)
[2026-03-23T17:27:59.531+0900][12.506s][info][gc,heap     ] GC(410) Survivor regions: 1->1(33)
[2026-03-23T17:27:59.531+0900][12.506s][info][gc,heap     ] GC(410) Old regions: 6->6
[2026-03-23T17:27:59.531+0900][12.506s][info][gc,heap     ] GC(410) Humongous regions: 224->221
[2026-03-23T17:27:59.531+0900][12.506s][info][gc,metaspace] GC(410) Metaspace: 236K(448K)->236K(448K) NonClass: 222K(320K)->222K(320K) Class: 14K(128K)->14K(128K)
[2026-03-23T17:27:59.531+0900][12.506s][info][gc          ] GC(410) Pause Young (Concurrent Start) (G1 Humongous Allocation) 226M->222M(512M) 0.633ms
[2026-03-23T17:27:59.531+0900][12.506s][info][gc,cpu      ] GC(410) User=0.01s Sys=0.01s Real=0.00s
[2026-03-23T17:27:59.531+0900][12.506s][info][gc          ] GC(411) Concurrent Undo Cycle
[2026-03-23T17:27:59.531+0900][12.506s][info][gc,marking  ] GC(411) Concurrent Clear Claimed Marks
[2026-03-23T17:27:59.531+0900][12.506s][info][gc,marking  ] GC(411) Concurrent Clear Claimed Marks 0.007ms
[2026-03-23T17:27:59.531+0900][12.506s][info][gc,marking  ] GC(411) Concurrent Cleanup for Next Mark
[2026-03-23T17:27:59.531+0900][12.506s][info][gc,marking  ] GC(411) Concurrent Cleanup for Next Mark 0.049ms
[2026-03-23T17:27:59.531+0900][12.506s][info][gc          ] GC(411) Concurrent Undo Cycle 0.092ms
[2026-03-23T17:27:59.537+0900][12.513s][info][gc,start    ] GC(412) Pause Young (Concurrent Start) (G1 Humongous Allocation)
[2026-03-23T17:27:59.537+0900][12.513s][info][gc,task     ] GC(412) Using 11 workers of 11 for evacuation
[2026-03-23T17:27:59.538+0900][12.513s][info][gc,phases   ] GC(412)   Pre Evacuate Collection Set: 0.16ms
[2026-03-23T17:27:59.538+0900][12.513s][info][gc,phases   ] GC(412)   Merge Heap Roots: 0.05ms
[2026-03-23T17:27:59.538+0900][12.513s][info][gc,phases   ] GC(412)   Evacuate Collection Set: 0.14ms
[2026-03-23T17:27:59.538+0900][12.513s][info][gc,phases   ] GC(412)   Post Evacuate Collection Set: 0.12ms
[2026-03-23T17:27:59.538+0900][12.513s][info][gc,phases   ] GC(412)   Other: 0.04ms
[2026-03-23T17:27:59.538+0900][12.513s][info][gc,heap     ] GC(412) Eden regions: 1->0(257)
[2026-03-23T17:27:59.538+0900][12.513s][info][gc,heap     ] GC(412) Survivor regions: 1->1(33)
[2026-03-23T17:27:59.538+0900][12.513s][info][gc,heap     ] GC(412) Old regions: 6->6
[2026-03-23T17:27:59.538+0900][12.513s][info][gc,heap     ] GC(412) Humongous regions: 224->221
[2026-03-23T17:27:59.538+0900][12.513s][info][gc,metaspace] GC(412) Metaspace: 236K(448K)->236K(448K) NonClass: 222K(320K)->222K(320K) Class: 14K(128K)->14K(128K)
[2026-03-23T17:27:59.538+0900][12.513s][info][gc          ] GC(412) Pause Young (Concurrent Start) (G1 Humongous Allocation) 226M->222M(512M) 0.673ms
[2026-03-23T17:27:59.538+0900][12.513s][info][gc,cpu      ] GC(412) User=0.00s Sys=0.00s Real=0.00s
[2026-03-23T17:27:59.538+0900][12.513s][info][gc          ] GC(413) Concurrent Undo Cycle
[2026-03-23T17:27:59.538+0900][12.513s][info][gc,marking  ] GC(413) Concurrent Clear Claimed Marks
[2026-03-23T17:27:59.538+0900][12.513s][info][gc,marking  ] GC(413) Concurrent Clear Claimed Marks 0.007ms
[2026-03-23T17:27:59.538+0900][12.513s][info][gc,marking  ] GC(413) Concurrent Cleanup for Next Mark
[2026-03-23T17:27:59.538+0900][12.513s][info][gc,marking  ] GC(413) Concurrent Cleanup for Next Mark 0.043ms
[2026-03-23T17:27:59.538+0900][12.513s][info][gc          ] GC(413) Concurrent Undo Cycle 0.106ms
[2026-03-23T17:27:59.544+0900][12.520s][info][gc,start    ] GC(414) Pause Young (Concurrent Start) (G1 Humongous Allocation)
[2026-03-23T17:27:59.544+0900][12.520s][info][gc,task     ] GC(414) Using 11 workers of 11 for evacuation
[2026-03-23T17:27:59.545+0900][12.520s][info][gc,phases   ] GC(414)   Pre Evacuate Collection Set: 0.17ms
[2026-03-23T17:27:59.545+0900][12.520s][info][gc,phases   ] GC(414)   Merge Heap Roots: 0.04ms
[2026-03-23T17:27:59.545+0900][12.520s][info][gc,phases   ] GC(414)   Evacuate Collection Set: 0.15ms
[2026-03-23T17:27:59.545+0900][12.520s][info][gc,phases   ] GC(414)   Post Evacuate Collection Set: 0.11ms
[2026-03-23T17:27:59.545+0900][12.520s][info][gc,phases   ] GC(414)   Other: 0.03ms
[2026-03-23T17:27:59.545+0900][12.520s][info][gc,heap     ] GC(414) Eden regions: 1->0(257)
[2026-03-23T17:27:59.545+0900][12.520s][info][gc,heap     ] GC(414) Survivor regions: 1->1(33)
[2026-03-23T17:27:59.545+0900][12.520s][info][gc,heap     ] GC(414) Old regions: 6->6
[2026-03-23T17:27:59.545+0900][12.520s][info][gc,heap     ] GC(414) Humongous regions: 224->221
[2026-03-23T17:27:59.545+0900][12.520s][info][gc,metaspace] GC(414) Metaspace: 236K(448K)->236K(448K) NonClass: 222K(320K)->222K(320K) Class: 14K(128K)->14K(128K)
[2026-03-23T17:27:59.545+0900][12.520s][info][gc          ] GC(414) Pause Young (Concurrent Start) (G1 Humongous Allocation) 226M->222M(512M) 0.620ms
[2026-03-23T17:27:59.545+0900][12.520s][info][gc,cpu      ] GC(414) User=0.00s Sys=0.00s Real=0.00s
[2026-03-23T17:27:59.545+0900][12.520s][info][gc          ] GC(415) Concurrent Undo Cycle
[2026-03-23T17:27:59.545+0900][12.520s][info][gc,marking  ] GC(415) Concurrent Clear Claimed Marks
[2026-03-23T17:27:59.545+0900][12.520s][info][gc,marking  ] GC(415) Concurrent Clear Claimed Marks 0.008ms
[2026-03-23T17:27:59.545+0900][12.520s][info][gc,marking  ] GC(415) Concurrent Cleanup for Next Mark
[2026-03-23T17:27:59.545+0900][12.520s][info][gc,marking  ] GC(415) Concurrent Cleanup for Next Mark 0.035ms
[2026-03-23T17:27:59.545+0900][12.520s][info][gc          ] GC(415) Concurrent Undo Cycle 0.087ms
[2026-03-23T17:27:59.551+0900][12.527s][info][gc,start    ] GC(416) Pause Young (Concurrent Start) (G1 Humongous Allocation)
[2026-03-23T17:27:59.551+0900][12.527s][info][gc,task     ] GC(416) Using 11 workers of 11 for evacuation
[2026-03-23T17:27:59.552+0900][12.527s][info][gc,phases   ] GC(416)   Pre Evacuate Collection Set: 0.12ms
[2026-03-23T17:27:59.552+0900][12.527s][info][gc,phases   ] GC(416)   Merge Heap Roots: 0.03ms
[2026-03-23T17:27:59.552+0900][12.527s][info][gc,phases   ] GC(416)   Evacuate Collection Set: 0.13ms
[2026-03-23T17:27:59.552+0900][12.527s][info][gc,phases   ] GC(416)   Post Evacuate Collection Set: 0.09ms
[2026-03-23T17:27:59.552+0900][12.527s][info][gc,phases   ] GC(416)   Other: 0.03ms
[2026-03-23T17:27:59.552+0900][12.527s][info][gc,heap     ] GC(416) Eden regions: 1->0(257)
[2026-03-23T17:27:59.552+0900][12.527s][info][gc,heap     ] GC(416) Survivor regions: 1->1(33)
[2026-03-23T17:27:59.552+0900][12.527s][info][gc,heap     ] GC(416) Old regions: 6->6
[2026-03-23T17:27:59.552+0900][12.527s][info][gc,heap     ] GC(416) Humongous regions: 224->221
[2026-03-23T17:27:59.552+0900][12.527s][info][gc,metaspace] GC(416) Metaspace: 236K(448K)->236K(448K) NonClass: 222K(320K)->222K(320K) Class: 14K(128K)->14K(128K)
[2026-03-23T17:27:59.552+0900][12.527s][info][gc          ] GC(416) Pause Young (Concurrent Start) (G1 Humongous Allocation) 226M->222M(512M) 0.501ms
[2026-03-23T17:27:59.552+0900][12.527s][info][gc,cpu      ] GC(416) User=0.00s Sys=0.00s Real=0.00s
[2026-03-23T17:27:59.552+0900][12.527s][info][gc          ] GC(417) Concurrent Undo Cycle
[2026-03-23T17:27:59.552+0900][12.527s][info][gc,marking  ] GC(417) Concurrent Clear Claimed Marks
[2026-03-23T17:27:59.552+0900][12.527s][info][gc,marking  ] GC(417) Concurrent Clear Claimed Marks 0.006ms
[2026-03-23T17:27:59.552+0900][12.527s][info][gc,marking  ] GC(417) Concurrent Cleanup for Next Mark
[2026-03-23T17:27:59.552+0900][12.527s][info][gc,marking  ] GC(417) Concurrent Cleanup for Next Mark 0.031ms
[2026-03-23T17:27:59.552+0900][12.527s][info][gc          ] GC(417) Concurrent Undo Cycle 0.073ms
[2026-03-23T17:27:59.558+0900][12.534s][info][gc,start    ] GC(418) Pause Young (Concurrent Start) (G1 Humongous Allocation)
[2026-03-23T17:27:59.558+0900][12.534s][info][gc,task     ] GC(418) Using 11 workers of 11 for evacuation
[2026-03-23T17:27:59.559+0900][12.534s][info][gc,phases   ] GC(418)   Pre Evacuate Collection Set: 0.15ms
[2026-03-23T17:27:59.559+0900][12.534s][info][gc,phases   ] GC(418)   Merge Heap Roots: 0.03ms
[2026-03-23T17:27:59.559+0900][12.534s][info][gc,phases   ] GC(418)   Evacuate Collection Set: 0.14ms
[2026-03-23T17:27:59.559+0900][12.534s][info][gc,phases   ] GC(418)   Post Evacuate Collection Set: 0.12ms
[2026-03-23T17:27:59.559+0900][12.534s][info][gc,phases   ] GC(418)   Other: 0.03ms
[2026-03-23T17:27:59.559+0900][12.534s][info][gc,heap     ] GC(418) Eden regions: 1->0(257)
[2026-03-23T17:27:59.559+0900][12.534s][info][gc,heap     ] GC(418) Survivor regions: 1->1(33)
[2026-03-23T17:27:59.559+0900][12.534s][info][gc,heap     ] GC(418) Old regions: 6->6
[2026-03-23T17:27:59.559+0900][12.534s][info][gc,heap     ] GC(418) Humongous regions: 224->221
[2026-03-23T17:27:59.559+0900][12.534s][info][gc,metaspace] GC(418) Metaspace: 236K(448K)->236K(448K) NonClass: 222K(320K)->222K(320K) Class: 14K(128K)->14K(128K)
[2026-03-23T17:27:59.559+0900][12.534s][info][gc          ] GC(418) Pause Young (Concurrent Start) (G1 Humongous Allocation) 226M->222M(512M) 0.543ms
[2026-03-23T17:27:59.559+0900][12.534s][info][gc,cpu      ] GC(418) User=0.00s Sys=0.00s Real=0.00s
[2026-03-23T17:27:59.559+0900][12.534s][info][gc          ] GC(419) Concurrent Undo Cycle
[2026-03-23T17:27:59.559+0900][12.534s][info][gc,marking  ] GC(419) Concurrent Clear Claimed Marks
[2026-03-23T17:27:59.559+0900][12.534s][info][gc,marking  ] GC(419) Concurrent Clear Claimed Marks 0.007ms
[2026-03-23T17:27:59.559+0900][12.534s][info][gc,marking  ] GC(419) Concurrent Cleanup for Next Mark
[2026-03-23T17:27:59.559+0900][12.534s][info][gc,marking  ] GC(419) Concurrent Cleanup for Next Mark 0.038ms
[2026-03-23T17:27:59.559+0900][12.534s][info][gc          ] GC(419) Concurrent Undo Cycle 0.086ms
[2026-03-23T17:27:59.559+0900][12.534s][info][gc,start    ] GC(420) Pause Young (Concurrent Start) (G1 Humongous Allocation)
[2026-03-23T17:27:59.559+0900][12.534s][info][gc,task     ] GC(420) Using 11 workers of 11 for evacuation
[2026-03-23T17:27:59.559+0900][12.535s][info][gc,phases   ] GC(420)   Pre Evacuate Collection Set: 0.11ms
[2026-03-23T17:27:59.559+0900][12.535s][info][gc,phases   ] GC(420)   Merge Heap Roots: 0.03ms
[2026-03-23T17:27:59.559+0900][12.535s][info][gc,phases   ] GC(420)   Evacuate Collection Set: 0.10ms
[2026-03-23T17:27:59.559+0900][12.535s][info][gc,phases   ] GC(420)   Post Evacuate Collection Set: 0.12ms
[2026-03-23T17:27:59.559+0900][12.535s][info][gc,phases   ] GC(420)   Other: 0.03ms
[2026-03-23T17:27:59.559+0900][12.535s][info][gc,heap     ] GC(420) Eden regions: 1->0(254)
[2026-03-23T17:27:59.559+0900][12.535s][info][gc,heap     ] GC(420) Survivor regions: 1->1(33)
[2026-03-23T17:27:59.559+0900][12.535s][info][gc,heap     ] GC(420) Old regions: 6->6
[2026-03-23T17:27:59.559+0900][12.535s][info][gc,heap     ] GC(420) Humongous regions: 224->224
[2026-03-23T17:27:59.559+0900][12.535s][info][gc,metaspace] GC(420) Metaspace: 236K(448K)->236K(448K) NonClass: 222K(320K)->222K(320K) Class: 14K(128K)->14K(128K)
[2026-03-23T17:27:59.559+0900][12.535s][info][gc          ] GC(420) Pause Young (Concurrent Start) (G1 Humongous Allocation) 226M->225M(512M) 0.481ms
[2026-03-23T17:27:59.559+0900][12.535s][info][gc,cpu      ] GC(420) User=0.00s Sys=0.00s Real=0.00s
[2026-03-23T17:27:59.559+0900][12.535s][info][gc          ] GC(421) Concurrent Undo Cycle
[2026-03-23T17:27:59.559+0900][12.535s][info][gc,marking  ] GC(421) Concurrent Clear Claimed Marks
[2026-03-23T17:27:59.559+0900][12.535s][info][gc,marking  ] GC(421) Concurrent Clear Claimed Marks 0.006ms
[2026-03-23T17:27:59.559+0900][12.535s][info][gc,marking  ] GC(421) Concurrent Cleanup for Next Mark
[2026-03-23T17:27:59.559+0900][12.535s][info][gc,marking  ] GC(421) Concurrent Cleanup for Next Mark 0.037ms
[2026-03-23T17:27:59.559+0900][12.535s][info][gc          ] GC(421) Concurrent Undo Cycle 0.079ms
[2026-03-23T17:27:59.566+0900][12.541s][info][gc,start    ] GC(422) Pause Young (Concurrent Start) (G1 Humongous Allocation)
[2026-03-23T17:27:59.566+0900][12.541s][info][gc,task     ] GC(422) Using 11 workers of 11 for evacuation
[2026-03-23T17:27:59.566+0900][12.542s][info][gc,phases   ] GC(422)   Pre Evacuate Collection Set: 0.15ms
[2026-03-23T17:27:59.566+0900][12.542s][info][gc,phases   ] GC(422)   Merge Heap Roots: 0.04ms
[2026-03-23T17:27:59.566+0900][12.542s][info][gc,phases   ] GC(422)   Evacuate Collection Set: 0.14ms
[2026-03-23T17:27:59.566+0900][12.542s][info][gc,phases   ] GC(422)   Post Evacuate Collection Set: 0.11ms
[2026-03-23T17:27:59.566+0900][12.542s][info][gc,phases   ] GC(422)   Other: 0.04ms
[2026-03-23T17:27:59.566+0900][12.542s][info][gc,heap     ] GC(422) Eden regions: 1->0(255)
[2026-03-23T17:27:59.566+0900][12.542s][info][gc,heap     ] GC(422) Survivor regions: 1->1(32)
[2026-03-23T17:27:59.566+0900][12.542s][info][gc,heap     ] GC(422) Old regions: 6->6
[2026-03-23T17:27:59.566+0900][12.542s][info][gc,heap     ] GC(422) Humongous regions: 226->223
[2026-03-23T17:27:59.566+0900][12.542s][info][gc,metaspace] GC(422) Metaspace: 236K(448K)->236K(448K) NonClass: 222K(320K)->222K(320K) Class: 14K(128K)->14K(128K)
[2026-03-23T17:27:59.566+0900][12.542s][info][gc          ] GC(422) Pause Young (Concurrent Start) (G1 Humongous Allocation) 228M->224M(512M) 0.544ms
[2026-03-23T17:27:59.566+0900][12.542s][info][gc,cpu      ] GC(422) User=0.00s Sys=0.00s Real=0.00s
[2026-03-23T17:27:59.566+0900][12.542s][info][gc          ] GC(423) Concurrent Undo Cycle
[2026-03-23T17:27:59.566+0900][12.542s][info][gc,marking  ] GC(423) Concurrent Clear Claimed Marks
[2026-03-23T17:27:59.566+0900][12.542s][info][gc,marking  ] GC(423) Concurrent Clear Claimed Marks 0.006ms
[2026-03-23T17:27:59.566+0900][12.542s][info][gc,marking  ] GC(423) Concurrent Cleanup for Next Mark
[2026-03-23T17:27:59.566+0900][12.542s][info][gc,marking  ] GC(423) Concurrent Cleanup for Next Mark 0.032ms
[2026-03-23T17:27:59.566+0900][12.542s][info][gc          ] GC(423) Concurrent Undo Cycle 0.072ms
[2026-03-23T17:27:59.573+0900][12.548s][info][gc,start    ] GC(424) Pause Young (Concurrent Start) (G1 Humongous Allocation)
[2026-03-23T17:27:59.573+0900][12.548s][info][gc,task     ] GC(424) Using 11 workers of 11 for evacuation
[2026-03-23T17:27:59.573+0900][12.549s][info][gc,phases   ] GC(424)   Pre Evacuate Collection Set: 0.12ms
[2026-03-23T17:27:59.573+0900][12.549s][info][gc,phases   ] GC(424)   Merge Heap Roots: 0.03ms
[2026-03-23T17:27:59.573+0900][12.549s][info][gc,phases   ] GC(424)   Evacuate Collection Set: 0.19ms
[2026-03-23T17:27:59.573+0900][12.549s][info][gc,phases   ] GC(424)   Post Evacuate Collection Set: 0.09ms
[2026-03-23T17:27:59.573+0900][12.549s][info][gc,phases   ] GC(424)   Other: 0.03ms
[2026-03-23T17:27:59.573+0900][12.549s][info][gc,heap     ] GC(424) Eden regions: 1->0(255)
[2026-03-23T17:27:59.573+0900][12.549s][info][gc,heap     ] GC(424) Survivor regions: 1->1(32)
[2026-03-23T17:27:59.573+0900][12.549s][info][gc,heap     ] GC(424) Old regions: 6->6
[2026-03-23T17:27:59.573+0900][12.549s][info][gc,heap     ] GC(424) Humongous regions: 226->223
[2026-03-23T17:27:59.573+0900][12.549s][info][gc,metaspace] GC(424) Metaspace: 236K(448K)->236K(448K) NonClass: 222K(320K)->222K(320K) Class: 14K(128K)->14K(128K)
[2026-03-23T17:27:59.573+0900][12.549s][info][gc          ] GC(424) Pause Young (Concurrent Start) (G1 Humongous Allocation) 228M->224M(512M) 0.551ms
[2026-03-23T17:27:59.573+0900][12.549s][info][gc,cpu      ] GC(424) User=0.00s Sys=0.00s Real=0.00s
[2026-03-23T17:27:59.573+0900][12.549s][info][gc          ] GC(425) Concurrent Undo Cycle
[2026-03-23T17:27:59.573+0900][12.549s][info][gc,marking  ] GC(425) Concurrent Clear Claimed Marks
[2026-03-23T17:27:59.573+0900][12.549s][info][gc,marking  ] GC(425) Concurrent Clear Claimed Marks 0.007ms
[2026-03-23T17:27:59.573+0900][12.549s][info][gc,marking  ] GC(425) Concurrent Cleanup for Next Mark
[2026-03-23T17:27:59.573+0900][12.549s][info][gc,marking  ] GC(425) Concurrent Cleanup for Next Mark 0.034ms
[2026-03-23T17:27:59.573+0900][12.549s][info][gc          ] GC(425) Concurrent Undo Cycle 0.079ms
[2026-03-23T17:27:59.580+0900][12.555s][info][gc,start    ] GC(426) Pause Young (Concurrent Start) (G1 Humongous Allocation)
[2026-03-23T17:27:59.580+0900][12.555s][info][gc,task     ] GC(426) Using 11 workers of 11 for evacuation
[2026-03-23T17:27:59.580+0900][12.556s][info][gc,phases   ] GC(426)   Pre Evacuate Collection Set: 0.23ms
[2026-03-23T17:27:59.580+0900][12.556s][info][gc,phases   ] GC(426)   Merge Heap Roots: 0.03ms
[2026-03-23T17:27:59.580+0900][12.556s][info][gc,phases   ] GC(426)   Evacuate Collection Set: 0.14ms
[2026-03-23T17:27:59.580+0900][12.556s][info][gc,phases   ] GC(426)   Post Evacuate Collection Set: 0.10ms
[2026-03-23T17:27:59.580+0900][12.556s][info][gc,phases   ] GC(426)   Other: 0.03ms
[2026-03-23T17:27:59.580+0900][12.556s][info][gc,heap     ] GC(426) Eden regions: 1->0(255)
[2026-03-23T17:27:59.580+0900][12.556s][info][gc,heap     ] GC(426) Survivor regions: 1->1(32)
[2026-03-23T17:27:59.580+0900][12.556s][info][gc,heap     ] GC(426) Old regions: 6->6
[2026-03-23T17:27:59.580+0900][12.556s][info][gc,heap     ] GC(426) Humongous regions: 226->223
[2026-03-23T17:27:59.580+0900][12.556s][info][gc,metaspace] GC(426) Metaspace: 236K(448K)->236K(448K) NonClass: 222K(320K)->222K(320K) Class: 14K(128K)->14K(128K)
[2026-03-23T17:27:59.580+0900][12.556s][info][gc          ] GC(426) Pause Young (Concurrent Start) (G1 Humongous Allocation) 228M->224M(512M) 0.621ms
[2026-03-23T17:27:59.580+0900][12.556s][info][gc,cpu      ] GC(426) User=0.01s Sys=0.00s Real=0.00s
[2026-03-23T17:27:59.580+0900][12.556s][info][gc          ] GC(427) Concurrent Undo Cycle
[2026-03-23T17:27:59.580+0900][12.556s][info][gc,marking  ] GC(427) Concurrent Clear Claimed Marks
[2026-03-23T17:27:59.580+0900][12.556s][info][gc,marking  ] GC(427) Concurrent Clear Claimed Marks 0.007ms
[2026-03-23T17:27:59.580+0900][12.556s][info][gc,marking  ] GC(427) Concurrent Cleanup for Next Mark
[2026-03-23T17:27:59.580+0900][12.556s][info][gc,marking  ] GC(427) Concurrent Cleanup for Next Mark 0.026ms
[2026-03-23T17:27:59.580+0900][12.556s][info][gc          ] GC(427) Concurrent Undo Cycle 0.072ms
[2026-03-23T17:27:59.587+0900][12.562s][info][gc,start    ] GC(428) Pause Young (Concurrent Start) (G1 Humongous Allocation)
[2026-03-23T17:27:59.587+0900][12.562s][info][gc,task     ] GC(428) Using 11 workers of 11 for evacuation
[2026-03-23T17:27:59.587+0900][12.563s][info][gc,phases   ] GC(428)   Pre Evacuate Collection Set: 0.13ms
[2026-03-23T17:27:59.587+0900][12.563s][info][gc,phases   ] GC(428)   Merge Heap Roots: 0.04ms
[2026-03-23T17:27:59.587+0900][12.563s][info][gc,phases   ] GC(428)   Evacuate Collection Set: 0.14ms
[2026-03-23T17:27:59.587+0900][12.563s][info][gc,phases   ] GC(428)   Post Evacuate Collection Set: 0.07ms
[2026-03-23T17:27:59.587+0900][12.563s][info][gc,phases   ] GC(428)   Other: 0.03ms
[2026-03-23T17:27:59.587+0900][12.563s][info][gc,heap     ] GC(428) Eden regions: 1->0(255)
[2026-03-23T17:27:59.587+0900][12.563s][info][gc,heap     ] GC(428) Survivor regions: 1->1(32)
[2026-03-23T17:27:59.587+0900][12.563s][info][gc,heap     ] GC(428) Old regions: 6->6
[2026-03-23T17:27:59.587+0900][12.563s][info][gc,heap     ] GC(428) Humongous regions: 226->223
[2026-03-23T17:27:59.587+0900][12.563s][info][gc,metaspace] GC(428) Metaspace: 236K(448K)->236K(448K) NonClass: 222K(320K)->222K(320K) Class: 14K(128K)->14K(128K)
[2026-03-23T17:27:59.587+0900][12.563s][info][gc          ] GC(428) Pause Young (Concurrent Start) (G1 Humongous Allocation) 228M->224M(512M) 0.478ms
[2026-03-23T17:27:59.587+0900][12.563s][info][gc,cpu      ] GC(428) User=0.00s Sys=0.00s Real=0.00s
[2026-03-23T17:27:59.587+0900][12.563s][info][gc          ] GC(429) Concurrent Undo Cycle
[2026-03-23T17:27:59.587+0900][12.563s][info][gc,marking  ] GC(429) Concurrent Clear Claimed Marks
[2026-03-23T17:27:59.587+0900][12.563s][info][gc,marking  ] GC(429) Concurrent Clear Claimed Marks 0.004ms
[2026-03-23T17:27:59.587+0900][12.563s][info][gc,marking  ] GC(429) Concurrent Cleanup for Next Mark
[2026-03-23T17:27:59.587+0900][12.563s][info][gc,marking  ] GC(429) Concurrent Cleanup for Next Mark 0.015ms
[2026-03-23T17:27:59.587+0900][12.563s][info][gc          ] GC(429) Concurrent Undo Cycle 0.042ms
[2026-03-23T17:27:59.593+0900][12.569s][info][gc,start    ] GC(430) Pause Young (Concurrent Start) (G1 Humongous Allocation)
[2026-03-23T17:27:59.593+0900][12.569s][info][gc,task     ] GC(430) Using 11 workers of 11 for evacuation
[2026-03-23T17:27:59.594+0900][12.569s][info][gc,phases   ] GC(430)   Pre Evacuate Collection Set: 0.10ms
[2026-03-23T17:27:59.594+0900][12.569s][info][gc,phases   ] GC(430)   Merge Heap Roots: 0.04ms
[2026-03-23T17:27:59.594+0900][12.569s][info][gc,phases   ] GC(430)   Evacuate Collection Set: 0.11ms
[2026-03-23T17:27:59.594+0900][12.569s][info][gc,phases   ] GC(430)   Post Evacuate Collection Set: 0.11ms
[2026-03-23T17:27:59.594+0900][12.569s][info][gc,phases   ] GC(430)   Other: 0.03ms
[2026-03-23T17:27:59.594+0900][12.569s][info][gc,heap     ] GC(430) Eden regions: 1->0(255)
[2026-03-23T17:27:59.594+0900][12.569s][info][gc,heap     ] GC(430) Survivor regions: 1->1(32)
[2026-03-23T17:27:59.594+0900][12.569s][info][gc,heap     ] GC(430) Old regions: 6->6
[2026-03-23T17:27:59.594+0900][12.569s][info][gc,heap     ] GC(430) Humongous regions: 226->223
[2026-03-23T17:27:59.594+0900][12.569s][info][gc,metaspace] GC(430) Metaspace: 236K(448K)->236K(448K) NonClass: 222K(320K)->222K(320K) Class: 14K(128K)->14K(128K)
[2026-03-23T17:27:59.594+0900][12.569s][info][gc          ] GC(430) Pause Young (Concurrent Start) (G1 Humongous Allocation) 228M->224M(512M) 0.472ms
[2026-03-23T17:27:59.594+0900][12.569s][info][gc,cpu      ] GC(430) User=0.00s Sys=0.01s Real=0.00s
[2026-03-23T17:27:59.594+0900][12.569s][info][gc          ] GC(431) Concurrent Undo Cycle
[2026-03-23T17:27:59.594+0900][12.569s][info][gc,marking  ] GC(431) Concurrent Clear Claimed Marks
[2026-03-23T17:27:59.594+0900][12.569s][info][gc,marking  ] GC(431) Concurrent Clear Claimed Marks 0.007ms
[2026-03-23T17:27:59.594+0900][12.569s][info][gc,marking  ] GC(431) Concurrent Cleanup for Next Mark
[2026-03-23T17:27:59.594+0900][12.570s][info][gc,marking  ] GC(431) Concurrent Cleanup for Next Mark 0.045ms
[2026-03-23T17:27:59.594+0900][12.570s][info][gc          ] GC(431) Concurrent Undo Cycle 0.091ms
[2026-03-23T17:27:59.600+0900][12.576s][info][gc,start    ] GC(432) Pause Young (Concurrent Start) (G1 Humongous Allocation)
[2026-03-23T17:27:59.600+0900][12.576s][info][gc,task     ] GC(432) Using 11 workers of 11 for evacuation
[2026-03-23T17:27:59.601+0900][12.576s][info][gc,phases   ] GC(432)   Pre Evacuate Collection Set: 0.13ms
[2026-03-23T17:27:59.601+0900][12.576s][info][gc,phases   ] GC(432)   Merge Heap Roots: 0.04ms
[2026-03-23T17:27:59.601+0900][12.576s][info][gc,phases   ] GC(432)   Evacuate Collection Set: 0.12ms
[2026-03-23T17:27:59.601+0900][12.576s][info][gc,phases   ] GC(432)   Post Evacuate Collection Set: 0.11ms
[2026-03-23T17:27:59.601+0900][12.576s][info][gc,phases   ] GC(432)   Other: 0.03ms
[2026-03-23T17:27:59.601+0900][12.576s][info][gc,heap     ] GC(432) Eden regions: 1->0(255)
[2026-03-23T17:27:59.601+0900][12.576s][info][gc,heap     ] GC(432) Survivor regions: 1->1(32)
[2026-03-23T17:27:59.601+0900][12.576s][info][gc,heap     ] GC(432) Old regions: 6->6
[2026-03-23T17:27:59.601+0900][12.576s][info][gc,heap     ] GC(432) Humongous regions: 226->223
[2026-03-23T17:27:59.601+0900][12.576s][info][gc,metaspace] GC(432) Metaspace: 236K(448K)->236K(448K) NonClass: 222K(320K)->222K(320K) Class: 14K(128K)->14K(128K)
[2026-03-23T17:27:59.601+0900][12.576s][info][gc          ] GC(432) Pause Young (Concurrent Start) (G1 Humongous Allocation) 228M->224M(512M) 0.542ms
[2026-03-23T17:27:59.601+0900][12.576s][info][gc,cpu      ] GC(432) User=0.00s Sys=0.00s Real=0.00s
[2026-03-23T17:27:59.601+0900][12.576s][info][gc          ] GC(433) Concurrent Undo Cycle
[2026-03-23T17:27:59.601+0900][12.576s][info][gc,marking  ] GC(433) Concurrent Clear Claimed Marks
[2026-03-23T17:27:59.601+0900][12.576s][info][gc,marking  ] GC(433) Concurrent Clear Claimed Marks 0.006ms
[2026-03-23T17:27:59.601+0900][12.576s][info][gc,marking  ] GC(433) Concurrent Cleanup for Next Mark
[2026-03-23T17:27:59.601+0900][12.576s][info][gc,marking  ] GC(433) Concurrent Cleanup for Next Mark 0.050ms
[2026-03-23T17:27:59.601+0900][12.576s][info][gc          ] GC(433) Concurrent Undo Cycle 0.092ms
[2026-03-23T17:27:59.607+0900][12.583s][info][gc,start    ] GC(434) Pause Young (Concurrent Start) (G1 Humongous Allocation)
[2026-03-23T17:27:59.607+0900][12.583s][info][gc,task     ] GC(434) Using 11 workers of 11 for evacuation
[2026-03-23T17:27:59.608+0900][12.583s][info][gc,phases   ] GC(434)   Pre Evacuate Collection Set: 0.11ms
[2026-03-23T17:27:59.608+0900][12.583s][info][gc,phases   ] GC(434)   Merge Heap Roots: 0.03ms
[2026-03-23T17:27:59.608+0900][12.583s][info][gc,phases   ] GC(434)   Evacuate Collection Set: 0.11ms
[2026-03-23T17:27:59.608+0900][12.583s][info][gc,phases   ] GC(434)   Post Evacuate Collection Set: 0.10ms
[2026-03-23T17:27:59.608+0900][12.583s][info][gc,phases   ] GC(434)   Other: 0.03ms
[2026-03-23T17:27:59.608+0900][12.583s][info][gc,heap     ] GC(434) Eden regions: 1->0(255)
[2026-03-23T17:27:59.608+0900][12.583s][info][gc,heap     ] GC(434) Survivor regions: 1->1(32)
[2026-03-23T17:27:59.608+0900][12.583s][info][gc,heap     ] GC(434) Old regions: 6->6
[2026-03-23T17:27:59.608+0900][12.583s][info][gc,heap     ] GC(434) Humongous regions: 226->223
[2026-03-23T17:27:59.608+0900][12.583s][info][gc,metaspace] GC(434) Metaspace: 236K(448K)->236K(448K) NonClass: 222K(320K)->222K(320K) Class: 14K(128K)->14K(128K)
[2026-03-23T17:27:59.608+0900][12.583s][info][gc          ] GC(434) Pause Young (Concurrent Start) (G1 Humongous Allocation) 228M->224M(512M) 0.464ms
[2026-03-23T17:27:59.608+0900][12.583s][info][gc,cpu      ] GC(434) User=0.00s Sys=0.00s Real=0.00s
[2026-03-23T17:27:59.608+0900][12.583s][info][gc          ] GC(435) Concurrent Undo Cycle
[2026-03-23T17:27:59.608+0900][12.583s][info][gc,marking  ] GC(435) Concurrent Clear Claimed Marks
[2026-03-23T17:27:59.608+0900][12.583s][info][gc,marking  ] GC(435) Concurrent Clear Claimed Marks 0.007ms
[2026-03-23T17:27:59.608+0900][12.583s][info][gc,marking  ] GC(435) Concurrent Cleanup for Next Mark
[2026-03-23T17:27:59.608+0900][12.583s][info][gc,marking  ] GC(435) Concurrent Cleanup for Next Mark 0.042ms
[2026-03-23T17:27:59.608+0900][12.583s][info][gc          ] GC(435) Concurrent Undo Cycle 0.087ms
[2026-03-23T17:27:59.614+0900][12.590s][info][gc,start    ] GC(436) Pause Young (Concurrent Start) (G1 Humongous Allocation)
[2026-03-23T17:27:59.614+0900][12.590s][info][gc,task     ] GC(436) Using 11 workers of 11 for evacuation
[2026-03-23T17:27:59.615+0900][12.590s][info][gc,phases   ] GC(436)   Pre Evacuate Collection Set: 0.17ms
[2026-03-23T17:27:59.615+0900][12.590s][info][gc,phases   ] GC(436)   Merge Heap Roots: 0.04ms
[2026-03-23T17:27:59.615+0900][12.590s][info][gc,phases   ] GC(436)   Evacuate Collection Set: 0.13ms
[2026-03-23T17:27:59.615+0900][12.590s][info][gc,phases   ] GC(436)   Post Evacuate Collection Set: 0.14ms
[2026-03-23T17:27:59.615+0900][12.590s][info][gc,phases   ] GC(436)   Other: 0.06ms
[2026-03-23T17:27:59.615+0900][12.590s][info][gc,heap     ] GC(436) Eden regions: 1->0(255)
[2026-03-23T17:27:59.615+0900][12.590s][info][gc,heap     ] GC(436) Survivor regions: 1->1(32)
[2026-03-23T17:27:59.615+0900][12.590s][info][gc,heap     ] GC(436) Old regions: 6->6
[2026-03-23T17:27:59.615+0900][12.590s][info][gc,heap     ] GC(436) Humongous regions: 226->223
[2026-03-23T17:27:59.615+0900][12.590s][info][gc,metaspace] GC(436) Metaspace: 236K(448K)->236K(448K) NonClass: 222K(320K)->222K(320K) Class: 14K(128K)->14K(128K)
[2026-03-23T17:27:59.615+0900][12.590s][info][gc          ] GC(436) Pause Young (Concurrent Start) (G1 Humongous Allocation) 228M->224M(512M) 0.625ms
[2026-03-23T17:27:59.615+0900][12.590s][info][gc,cpu      ] GC(436) User=0.00s Sys=0.00s Real=0.00s
[2026-03-23T17:27:59.615+0900][12.590s][info][gc          ] GC(437) Concurrent Undo Cycle
[2026-03-23T17:27:59.615+0900][12.590s][info][gc,marking  ] GC(437) Concurrent Clear Claimed Marks
[2026-03-23T17:27:59.615+0900][12.590s][info][gc,marking  ] GC(437) Concurrent Clear Claimed Marks 0.007ms
[2026-03-23T17:27:59.615+0900][12.590s][info][gc,marking  ] GC(437) Concurrent Cleanup for Next Mark
[2026-03-23T17:27:59.615+0900][12.590s][info][gc,marking  ] GC(437) Concurrent Cleanup for Next Mark 0.041ms
[2026-03-23T17:27:59.615+0900][12.590s][info][gc          ] GC(437) Concurrent Undo Cycle 0.088ms
[2026-03-23T17:27:59.615+0900][12.590s][info][gc,start    ] GC(438) Pause Young (Concurrent Start) (G1 Humongous Allocation)
[2026-03-23T17:27:59.615+0900][12.590s][info][gc,task     ] GC(438) Using 11 workers of 11 for evacuation
[2026-03-23T17:27:59.615+0900][12.591s][info][gc,phases   ] GC(438)   Pre Evacuate Collection Set: 0.11ms
[2026-03-23T17:27:59.615+0900][12.591s][info][gc,phases   ] GC(438)   Merge Heap Roots: 0.04ms
[2026-03-23T17:27:59.615+0900][12.591s][info][gc,phases   ] GC(438)   Evacuate Collection Set: 0.11ms
[2026-03-23T17:27:59.615+0900][12.591s][info][gc,phases   ] GC(438)   Post Evacuate Collection Set: 0.12ms
[2026-03-23T17:27:59.615+0900][12.591s][info][gc,phases   ] GC(438)   Other: 0.02ms
[2026-03-23T17:27:59.615+0900][12.591s][info][gc,heap     ] GC(438) Eden regions: 1->0(252)
[2026-03-23T17:27:59.615+0900][12.591s][info][gc,heap     ] GC(438) Survivor regions: 1->1(32)
[2026-03-23T17:27:59.615+0900][12.591s][info][gc,heap     ] GC(438) Old regions: 6->6
[2026-03-23T17:27:59.615+0900][12.591s][info][gc,heap     ] GC(438) Humongous regions: 226->226
[2026-03-23T17:27:59.615+0900][12.591s][info][gc,metaspace] GC(438) Metaspace: 236K(448K)->236K(448K) NonClass: 222K(320K)->222K(320K) Class: 14K(128K)->14K(128K)
[2026-03-23T17:27:59.615+0900][12.591s][info][gc          ] GC(438) Pause Young (Concurrent Start) (G1 Humongous Allocation) 228M->227M(512M) 0.474ms
[2026-03-23T17:27:59.615+0900][12.591s][info][gc,cpu      ] GC(438) User=0.00s Sys=0.00s Real=0.00s
[2026-03-23T17:27:59.615+0900][12.591s][info][gc          ] GC(439) Concurrent Mark Cycle
[2026-03-23T17:27:59.615+0900][12.591s][info][gc,marking  ] GC(439) Concurrent Scan Root Regions
[2026-03-23T17:27:59.615+0900][12.591s][info][gc,marking  ] GC(439) Concurrent Scan Root Regions 0.021ms
[2026-03-23T17:27:59.615+0900][12.591s][info][gc,marking  ] GC(439) Concurrent Mark
[2026-03-23T17:27:59.615+0900][12.591s][info][gc,marking  ] GC(439) Concurrent Mark From Roots
[2026-03-23T17:27:59.615+0900][12.591s][info][gc,task     ] GC(439) Using 3 workers of 3 for marking
[2026-03-23T17:27:59.616+0900][12.592s][info][gc,marking  ] GC(439) Concurrent Mark From Roots 1.026ms
[2026-03-23T17:27:59.616+0900][12.592s][info][gc,marking  ] GC(439) Concurrent Preclean
[2026-03-23T17:27:59.616+0900][12.592s][info][gc,marking  ] GC(439) Concurrent Preclean 0.010ms
[2026-03-23T17:27:59.616+0900][12.592s][info][gc,start    ] GC(439) Pause Remark
[2026-03-23T17:27:59.617+0900][12.592s][info][gc          ] GC(439) Pause Remark 231M->130M(447M) 0.418ms
[2026-03-23T17:27:59.617+0900][12.592s][info][gc,cpu      ] GC(439) User=0.00s Sys=0.00s Real=0.00s
[2026-03-23T17:27:59.617+0900][12.592s][info][gc,marking  ] GC(439) Concurrent Mark 1.514ms
[2026-03-23T17:27:59.617+0900][12.592s][info][gc,marking  ] GC(439) Concurrent Rebuild Remembered Sets and Scrub Regions
[2026-03-23T17:27:59.617+0900][12.593s][info][gc,marking  ] GC(439) Concurrent Rebuild Remembered Sets and Scrub Regions 0.436ms
[2026-03-23T17:27:59.617+0900][12.593s][info][gc,start    ] GC(439) Pause Cleanup
[2026-03-23T17:27:59.617+0900][12.593s][info][gc          ] GC(439) Pause Cleanup 130M->130M(447M) 0.088ms
[2026-03-23T17:27:59.617+0900][12.593s][info][gc,cpu      ] GC(439) User=0.00s Sys=0.00s Real=0.00s
[2026-03-23T17:27:59.617+0900][12.593s][info][gc,marking  ] GC(439) Concurrent Clear Claimed Marks
[2026-03-23T17:27:59.617+0900][12.593s][info][gc,marking  ] GC(439) Concurrent Clear Claimed Marks 0.006ms
[2026-03-23T17:27:59.617+0900][12.593s][info][gc,marking  ] GC(439) Concurrent Cleanup for Next Mark
[2026-03-23T17:27:59.618+0900][12.593s][info][gc,marking  ] GC(439) Concurrent Cleanup for Next Mark 0.183ms
[2026-03-23T17:27:59.618+0900][12.593s][info][gc          ] GC(439) Concurrent Mark Cycle 2.337ms
[2026-03-23T17:28:00.074+0900][13.049s][info][gc,heap,exit] Heap
[2026-03-23T17:28:00.074+0900][13.050s][info][gc,heap,exit]  garbage-first heap   total 457728K, used 377309K [0x0000000335000000, 0x0000000355000000)
[2026-03-23T17:28:00.074+0900][13.050s][info][gc,heap,exit]   region size 1024K, 2 young (2048K), 1 survivors (1024K)
[2026-03-23T17:28:00.074+0900][13.050s][info][gc,heap,exit]  Metaspace       used 236K, committed 448K, reserved 1114112K
[2026-03-23T17:28:00.074+0900][13.050s][info][gc,heap,exit]   class space    used 14K, committed 128K, reserved 1048576K
