[2026-03-23T17:28:13.300+0900][0.003s][info][gc,init] CardTable entry size: 512
[2026-03-23T17:28:13.300+0900][0.004s][info][gc     ] Using G1
[2026-03-23T17:28:13.301+0900][0.004s][info][gc,init] Version: 21.0.9+10-LTS (release)
[2026-03-23T17:28:13.301+0900][0.004s][info][gc,init] CPUs: 14 total, 14 available
[2026-03-23T17:28:13.301+0900][0.004s][info][gc,init] Memory: 49152M
[2026-03-23T17:28:13.301+0900][0.004s][info][gc,init] Large Page Support: Disabled
[2026-03-23T17:28:13.301+0900][0.004s][info][gc,init] NUMA Support: Disabled
[2026-03-23T17:28:13.301+0900][0.004s][info][gc,init] Compressed Oops: Enabled (Zero based)
[2026-03-23T17:28:13.301+0900][0.004s][info][gc,init] Heap Region Size: 4M
[2026-03-23T17:28:13.301+0900][0.004s][info][gc,init] Heap Min Capacity: 256M
[2026-03-23T17:28:13.301+0900][0.004s][info][gc,init] Heap Initial Capacity: 256M
[2026-03-23T17:28:13.301+0900][0.004s][info][gc,init] Heap Max Capacity: 512M
[2026-03-23T17:28:13.301+0900][0.004s][info][gc,init] Pre-touch: Disabled
[2026-03-23T17:28:13.301+0900][0.004s][info][gc,init] Parallel Workers: 11
[2026-03-23T17:28:13.301+0900][0.004s][info][gc,init] Concurrent Workers: 3
[2026-03-23T17:28:13.301+0900][0.004s][info][gc,init] Concurrent Refinement Workers: 11
[2026-03-23T17:28:13.301+0900][0.004s][info][gc,init] Periodic GC: Disabled
[2026-03-23T17:28:13.303+0900][0.007s][info][gc,metaspace] CDS archive(s) mapped at: [0x000000f000000000-0x000000f000c9c000-0x000000f000c9c000), size 13221888, SharedBaseAddress: 0x000000f000000000, ArchiveRelocationMode: 1.
[2026-03-23T17:28:13.303+0900][0.007s][info][gc,metaspace] Compressed class space mapped at: 0x000000f001000000-0x000000f041000000, reserved size: 1073741824
[2026-03-23T17:28:13.303+0900][0.007s][info][gc,metaspace] Narrow klass base: 0x000000f000000000, Narrow klass shift: 0, Narrow klass range: 0x100000000
[2026-03-23T17:28:13.371+0900][0.074s][info][gc,start    ] GC(0) Pause Young (Normal) (G1 Evacuation Pause)
[2026-03-23T17:28:13.371+0900][0.074s][info][gc,task     ] GC(0) Using 6 workers of 11 for evacuation
[2026-03-23T17:28:13.371+0900][0.075s][info][gc,phases   ] GC(0)   Pre Evacuate Collection Set: 0.04ms
[2026-03-23T17:28:13.371+0900][0.075s][info][gc,phases   ] GC(0)   Merge Heap Roots: 0.02ms
[2026-03-23T17:28:13.371+0900][0.075s][info][gc,phases   ] GC(0)   Evacuate Collection Set: 0.40ms
[2026-03-23T17:28:13.372+0900][0.075s][info][gc,phases   ] GC(0)   Post Evacuate Collection Set: 0.09ms
[2026-03-23T17:28:13.372+0900][0.075s][info][gc,phases   ] GC(0)   Other: 0.19ms
[2026-03-23T17:28:13.372+0900][0.075s][info][gc,heap     ] GC(0) Eden regions: 5->0(5)
[2026-03-23T17:28:13.372+0900][0.075s][info][gc,heap     ] GC(0) Survivor regions: 0->1(1)
[2026-03-23T17:28:13.372+0900][0.075s][info][gc,heap     ] GC(0) Old regions: 1->1
[2026-03-23T17:28:13.372+0900][0.075s][info][gc,heap     ] GC(0) Humongous regions: 0->0
[2026-03-23T17:28:13.372+0900][0.075s][info][gc,metaspace] GC(0) Metaspace: 216K(384K)->216K(384K) NonClass: 201K(256K)->201K(256K) Class: 14K(128K)->14K(128K)
[2026-03-23T17:28:13.372+0900][0.075s][info][gc          ] GC(0) Pause Young (Normal) (G1 Evacuation Pause) 20M->4M(260M) 0.906ms
[2026-03-23T17:28:13.372+0900][0.075s][info][gc,cpu      ] GC(0) User=0.00s Sys=0.00s Real=0.00s
[2026-03-23T17:28:13.433+0900][0.136s][info][gc,start    ] GC(1) Pause Young (Normal) (G1 Evacuation Pause)
[2026-03-23T17:28:13.433+0900][0.136s][info][gc,task     ] GC(1) Using 6 workers of 11 for evacuation
[2026-03-23T17:28:13.433+0900][0.137s][info][gc,phases   ] GC(1)   Pre Evacuate Collection Set: 0.04ms
[2026-03-23T17:28:13.434+0900][0.137s][info][gc,phases   ] GC(1)   Merge Heap Roots: 0.02ms
[2026-03-23T17:28:13.434+0900][0.137s][info][gc,phases   ] GC(1)   Evacuate Collection Set: 0.42ms
[2026-03-23T17:28:13.434+0900][0.137s][info][gc,phases   ] GC(1)   Post Evacuate Collection Set: 0.07ms
[2026-03-23T17:28:13.434+0900][0.137s][info][gc,phases   ] GC(1)   Other: 0.03ms
[2026-03-23T17:28:13.434+0900][0.137s][info][gc,heap     ] GC(1) Eden regions: 5->0(10)
[2026-03-23T17:28:13.434+0900][0.137s][info][gc,heap     ] GC(1) Survivor regions: 1->1(1)
[2026-03-23T17:28:13.434+0900][0.137s][info][gc,heap     ] GC(1) Old regions: 1->2
[2026-03-23T17:28:13.434+0900][0.137s][info][gc,heap     ] GC(1) Humongous regions: 0->0
[2026-03-23T17:28:13.434+0900][0.137s][info][gc,metaspace] GC(1) Metaspace: 216K(384K)->216K(384K) NonClass: 202K(256K)->202K(256K) Class: 14K(128K)->14K(128K)
[2026-03-23T17:28:13.434+0900][0.137s][info][gc          ] GC(1) Pause Young (Normal) (G1 Evacuation Pause) 24M->7M(260M) 0.768ms
[2026-03-23T17:28:13.434+0900][0.137s][info][gc,cpu      ] GC(1) User=0.00s Sys=0.00s Real=0.00s
[2026-03-23T17:28:13.566+0900][0.269s][info][gc,start    ] GC(2) Pause Young (Normal) (G1 Evacuation Pause)
[2026-03-23T17:28:13.566+0900][0.270s][info][gc,task     ] GC(2) Using 6 workers of 11 for evacuation
[2026-03-23T17:28:13.567+0900][0.271s][info][gc,phases   ] GC(2)   Pre Evacuate Collection Set: 0.08ms
[2026-03-23T17:28:13.568+0900][0.271s][info][gc,phases   ] GC(2)   Merge Heap Roots: 0.03ms
[2026-03-23T17:28:13.568+0900][0.271s][info][gc,phases   ] GC(2)   Evacuate Collection Set: 0.76ms
[2026-03-23T17:28:13.568+0900][0.271s][info][gc,phases   ] GC(2)   Post Evacuate Collection Set: 0.10ms
[2026-03-23T17:28:13.568+0900][0.271s][info][gc,phases   ] GC(2)   Other: 0.08ms
[2026-03-23T17:28:13.568+0900][0.271s][info][gc,heap     ] GC(2) Eden regions: 10->0(36)
[2026-03-23T17:28:13.568+0900][0.271s][info][gc,heap     ] GC(2) Survivor regions: 1->2(2)
[2026-03-23T17:28:13.568+0900][0.271s][info][gc,heap     ] GC(2) Old regions: 2->2
[2026-03-23T17:28:13.568+0900][0.271s][info][gc,heap     ] GC(2) Humongous regions: 0->0
[2026-03-23T17:28:13.568+0900][0.271s][info][gc,metaspace] GC(2) Metaspace: 216K(384K)->216K(384K) NonClass: 202K(256K)->202K(256K) Class: 14K(128K)->14K(128K)
[2026-03-23T17:28:13.568+0900][0.271s][info][gc          ] GC(2) Pause Young (Normal) (G1 Evacuation Pause) 46M->11M(260M) 1.264ms
[2026-03-23T17:28:13.568+0900][0.271s][info][gc,cpu      ] GC(2) User=0.00s Sys=0.00s Real=0.00s
[2026-03-23T17:28:14.046+0900][0.750s][info][gc,start    ] GC(3) Pause Young (Normal) (G1 Evacuation Pause)
[2026-03-23T17:28:14.047+0900][0.750s][info][gc,task     ] GC(3) Using 6 workers of 11 for evacuation
[2026-03-23T17:28:14.050+0900][0.753s][info][gc,phases   ] GC(3)   Pre Evacuate Collection Set: 0.08ms
[2026-03-23T17:28:14.050+0900][0.753s][info][gc,phases   ] GC(3)   Merge Heap Roots: 0.05ms
[2026-03-23T17:28:14.050+0900][0.753s][info][gc,phases   ] GC(3)   Evacuate Collection Set: 3.28ms
[2026-03-23T17:28:14.050+0900][0.753s][info][gc,phases   ] GC(3)   Post Evacuate Collection Set: 0.13ms
[2026-03-23T17:28:14.050+0900][0.753s][info][gc,phases   ] GC(3)   Other: 0.05ms
[2026-03-23T17:28:14.050+0900][0.753s][info][gc,heap     ] GC(3) Eden regions: 36->0(33)
[2026-03-23T17:28:14.050+0900][0.753s][info][gc,heap     ] GC(3) Survivor regions: 2->5(5)
[2026-03-23T17:28:14.050+0900][0.753s][info][gc,heap     ] GC(3) Old regions: 2->4
[2026-03-23T17:28:14.050+0900][0.753s][info][gc,heap     ] GC(3) Humongous regions: 0->0
[2026-03-23T17:28:14.050+0900][0.753s][info][gc,metaspace] GC(3) Metaspace: 225K(384K)->225K(384K) NonClass: 211K(256K)->211K(256K) Class: 14K(128K)->14K(128K)
[2026-03-23T17:28:14.050+0900][0.753s][info][gc          ] GC(3) Pause Young (Normal) (G1 Evacuation Pause) 154M->30M(260M) 3.781ms
[2026-03-23T17:28:14.050+0900][0.753s][info][gc,cpu      ] GC(3) User=0.00s Sys=0.01s Real=0.01s
[2026-03-23T17:28:14.483+0900][1.186s][info][gc,start    ] GC(4) Pause Young (Normal) (G1 Evacuation Pause)
[2026-03-23T17:28:14.483+0900][1.186s][info][gc,task     ] GC(4) Using 6 workers of 11 for evacuation
[2026-03-23T17:28:14.485+0900][1.188s][info][gc,phases   ] GC(4)   Pre Evacuate Collection Set: 0.05ms
[2026-03-23T17:28:14.485+0900][1.188s][info][gc,phases   ] GC(4)   Merge Heap Roots: 0.06ms
[2026-03-23T17:28:14.485+0900][1.188s][info][gc,phases   ] GC(4)   Evacuate Collection Set: 1.86ms
[2026-03-23T17:28:14.485+0900][1.188s][info][gc,phases   ] GC(4)   Post Evacuate Collection Set: 0.12ms
[2026-03-23T17:28:14.485+0900][1.188s][info][gc,phases   ] GC(4)   Other: 0.04ms
[2026-03-23T17:28:14.485+0900][1.188s][info][gc,heap     ] GC(4) Eden regions: 33->0(34)
[2026-03-23T17:28:14.485+0900][1.188s][info][gc,heap     ] GC(4) Survivor regions: 5->4(5)
[2026-03-23T17:28:14.485+0900][1.188s][info][gc,heap     ] GC(4) Old regions: 4->8
[2026-03-23T17:28:14.485+0900][1.188s][info][gc,heap     ] GC(4) Humongous regions: 0->0
[2026-03-23T17:28:14.485+0900][1.188s][info][gc,metaspace] GC(4) Metaspace: 229K(384K)->229K(384K) NonClass: 214K(256K)->214K(256K) Class: 14K(128K)->14K(128K)
[2026-03-23T17:28:14.485+0900][1.188s][info][gc          ] GC(4) Pause Young (Normal) (G1 Evacuation Pause) 161M->43M(260M) 2.307ms
[2026-03-23T17:28:14.485+0900][1.188s][info][gc,cpu      ] GC(4) User=0.01s Sys=0.01s Real=0.00s
[2026-03-23T17:28:14.922+0900][1.625s][info][gc,start    ] GC(5) Pause Young (Normal) (G1 Evacuation Pause)
[2026-03-23T17:28:14.922+0900][1.625s][info][gc,task     ] GC(5) Using 6 workers of 11 for evacuation
[2026-03-23T17:28:14.924+0900][1.627s][info][gc,phases   ] GC(5)   Pre Evacuate Collection Set: 0.09ms
[2026-03-23T17:28:14.924+0900][1.627s][info][gc,phases   ] GC(5)   Merge Heap Roots: 0.03ms
[2026-03-23T17:28:14.924+0900][1.627s][info][gc,phases   ] GC(5)   Evacuate Collection Set: 1.74ms
[2026-03-23T17:28:14.924+0900][1.627s][info][gc,phases   ] GC(5)   Post Evacuate Collection Set: 0.14ms
[2026-03-23T17:28:14.924+0900][1.627s][info][gc,phases   ] GC(5)   Other: 0.06ms
[2026-03-23T17:28:14.924+0900][1.627s][info][gc,heap     ] GC(5) Eden regions: 34->0(33)
[2026-03-23T17:28:14.924+0900][1.627s][info][gc,heap     ] GC(5) Survivor regions: 4->5(5)
[2026-03-23T17:28:14.924+0900][1.627s][info][gc,heap     ] GC(5) Old regions: 8->12
[2026-03-23T17:28:14.924+0900][1.627s][info][gc,heap     ] GC(5) Humongous regions: 0->0
[2026-03-23T17:28:14.924+0900][1.627s][info][gc,metaspace] GC(5) Metaspace: 234K(448K)->234K(448K) NonClass: 219K(320K)->219K(320K) Class: 14K(128K)->14K(128K)
[2026-03-23T17:28:14.924+0900][1.627s][info][gc          ] GC(5) Pause Young (Normal) (G1 Evacuation Pause) 179M->61M(260M) 2.356ms
[2026-03-23T17:28:14.924+0900][1.627s][info][gc,cpu      ] GC(5) User=0.00s Sys=0.00s Real=0.00s
[2026-03-23T17:28:15.366+0900][2.069s][info][gc,start    ] GC(6) Pause Young (Normal) (G1 Evacuation Pause)
[2026-03-23T17:28:15.366+0900][2.069s][info][gc,task     ] GC(6) Using 6 workers of 11 for evacuation
[2026-03-23T17:28:15.369+0900][2.072s][info][gc,phases   ] GC(6)   Pre Evacuate Collection Set: 0.08ms
[2026-03-23T17:28:15.369+0900][2.072s][info][gc,phases   ] GC(6)   Merge Heap Roots: 0.04ms
[2026-03-23T17:28:15.369+0900][2.072s][info][gc,phases   ] GC(6)   Evacuate Collection Set: 2.07ms
[2026-03-23T17:28:15.369+0900][2.072s][info][gc,phases   ] GC(6)   Post Evacuate Collection Set: 0.16ms
[2026-03-23T17:28:15.369+0900][2.072s][info][gc,phases   ] GC(6)   Other: 0.06ms
[2026-03-23T17:28:15.369+0900][2.072s][info][gc,heap     ] GC(6) Eden regions: 33->0(32)
[2026-03-23T17:28:15.369+0900][2.072s][info][gc,heap     ] GC(6) Survivor regions: 5->4(5)
[2026-03-23T17:28:15.369+0900][2.072s][info][gc,heap     ] GC(6) Old regions: 12->16
[2026-03-23T17:28:15.369+0900][2.072s][info][gc,heap     ] GC(6) Humongous regions: 0->0
[2026-03-23T17:28:15.369+0900][2.072s][info][gc,metaspace] GC(6) Metaspace: 236K(448K)->236K(448K) NonClass: 222K(320K)->222K(320K) Class: 14K(128K)->14K(128K)
[2026-03-23T17:28:15.369+0900][2.072s][info][gc          ] GC(6) Pause Young (Normal) (G1 Evacuation Pause) 192M->74M(260M) 2.669ms
[2026-03-23T17:28:15.369+0900][2.072s][info][gc,cpu      ] GC(6) User=0.00s Sys=0.01s Real=0.00s
[2026-03-23T17:28:15.801+0900][2.504s][info][gc,start    ] GC(7) Pause Young (Normal) (G1 Evacuation Pause)
[2026-03-23T17:28:15.801+0900][2.504s][info][gc,task     ] GC(7) Using 6 workers of 11 for evacuation
[2026-03-23T17:28:15.804+0900][2.507s][info][gc,phases   ] GC(7)   Pre Evacuate Collection Set: 0.12ms
[2026-03-23T17:28:15.804+0900][2.507s][info][gc,phases   ] GC(7)   Merge Heap Roots: 0.03ms
[2026-03-23T17:28:15.804+0900][2.507s][info][gc,phases   ] GC(7)   Evacuate Collection Set: 2.64ms
[2026-03-23T17:28:15.804+0900][2.507s][info][gc,phases   ] GC(7)   Post Evacuate Collection Set: 0.12ms
[2026-03-23T17:28:15.804+0900][2.507s][info][gc,phases   ] GC(7)   Other: 0.07ms
[2026-03-23T17:28:15.804+0900][2.507s][info][gc,heap     ] GC(7) Eden regions: 32->0(29)
[2026-03-23T17:28:15.804+0900][2.507s][info][gc,heap     ] GC(7) Survivor regions: 4->4(5)
[2026-03-23T17:28:15.804+0900][2.507s][info][gc,heap     ] GC(7) Old regions: 16->20
[2026-03-23T17:28:15.804+0900][2.507s][info][gc,heap     ] GC(7) Humongous regions: 0->0
[2026-03-23T17:28:15.804+0900][2.507s][info][gc,metaspace] GC(7) Metaspace: 236K(448K)->236K(448K) NonClass: 222K(320K)->222K(320K) Class: 14K(128K)->14K(128K)
[2026-03-23T17:28:15.804+0900][2.507s][info][gc          ] GC(7) Pause Young (Normal) (G1 Evacuation Pause) 201M->91M(260M) 3.330ms
[2026-03-23T17:28:15.804+0900][2.507s][info][gc,cpu      ] GC(7) User=0.00s Sys=0.01s Real=0.00s
[2026-03-23T17:28:16.189+0900][2.892s][info][gc,start    ] GC(8) Pause Young (Normal) (G1 Evacuation Pause)
[2026-03-23T17:28:16.189+0900][2.892s][info][gc,task     ] GC(8) Using 6 workers of 11 for evacuation
[2026-03-23T17:28:16.190+0900][2.893s][info][gc,phases   ] GC(8)   Pre Evacuate Collection Set: 0.07ms
[2026-03-23T17:28:16.190+0900][2.893s][info][gc,phases   ] GC(8)   Merge Heap Roots: 0.04ms
[2026-03-23T17:28:16.190+0900][2.893s][info][gc,phases   ] GC(8)   Evacuate Collection Set: 0.52ms
[2026-03-23T17:28:16.190+0900][2.893s][info][gc,phases   ] GC(8)   Post Evacuate Collection Set: 0.21ms
[2026-03-23T17:28:16.190+0900][2.893s][info][gc,phases   ] GC(8)   Other: 0.06ms
[2026-03-23T17:28:16.190+0900][2.893s][info][gc,heap     ] GC(8) Eden regions: 29->0(31)
[2026-03-23T17:28:16.190+0900][2.894s][info][gc,heap     ] GC(8) Survivor regions: 4->3(5)
[2026-03-23T17:28:16.190+0900][2.894s][info][gc,heap     ] GC(8) Old regions: 20->20
[2026-03-23T17:28:16.190+0900][2.894s][info][gc,heap     ] GC(8) Humongous regions: 0->0
[2026-03-23T17:28:16.190+0900][2.894s][info][gc,metaspace] GC(8) Metaspace: 236K(448K)->236K(448K) NonClass: 222K(320K)->222K(320K) Class: 14K(128K)->14K(128K)
[2026-03-23T17:28:16.190+0900][2.894s][info][gc          ] GC(8) Pause Young (Normal) (G1 Evacuation Pause) 206M->85M(260M) 1.164ms
[2026-03-23T17:28:16.190+0900][2.894s][info][gc,cpu      ] GC(8) User=0.00s Sys=0.00s Real=0.01s
[2026-03-23T17:28:16.601+0900][3.305s][info][gc,start    ] GC(9) Pause Young (Normal) (G1 Evacuation Pause)
[2026-03-23T17:28:16.602+0900][3.305s][info][gc,task     ] GC(9) Using 6 workers of 11 for evacuation
[2026-03-23T17:28:16.603+0900][3.306s][info][gc,phases   ] GC(9)   Pre Evacuate Collection Set: 0.09ms
[2026-03-23T17:28:16.603+0900][3.306s][info][gc,phases   ] GC(9)   Merge Heap Roots: 0.05ms
[2026-03-23T17:28:16.603+0900][3.306s][info][gc,phases   ] GC(9)   Evacuate Collection Set: 0.89ms
[2026-03-23T17:28:16.603+0900][3.306s][info][gc,phases   ] GC(9)   Post Evacuate Collection Set: 0.14ms
[2026-03-23T17:28:16.603+0900][3.306s][info][gc,phases   ] GC(9)   Other: 0.06ms
[2026-03-23T17:28:16.603+0900][3.306s][info][gc,heap     ] GC(9) Eden regions: 31->0(28)
[2026-03-23T17:28:16.603+0900][3.306s][info][gc,heap     ] GC(9) Survivor regions: 3->5(5)
[2026-03-23T17:28:16.603+0900][3.306s][info][gc,heap     ] GC(9) Old regions: 20->21
[2026-03-23T17:28:16.603+0900][3.306s][info][gc,heap     ] GC(9) Humongous regions: 0->0
[2026-03-23T17:28:16.603+0900][3.306s][info][gc,metaspace] GC(9) Metaspace: 236K(448K)->236K(448K) NonClass: 222K(320K)->222K(320K) Class: 14K(128K)->14K(128K)
[2026-03-23T17:28:16.603+0900][3.306s][info][gc          ] GC(9) Pause Young (Normal) (G1 Evacuation Pause) 208M->100M(260M) 1.517ms
[2026-03-23T17:28:16.603+0900][3.306s][info][gc,cpu      ] GC(9) User=0.00s Sys=0.00s Real=0.00s
[2026-03-23T17:28:16.981+0900][3.684s][info][gc,start    ] GC(10) Pause Young (Normal) (G1 Evacuation Pause)
[2026-03-23T17:28:16.981+0900][3.684s][info][gc,task     ] GC(10) Using 6 workers of 11 for evacuation
[2026-03-23T17:28:16.984+0900][3.687s][info][gc,phases   ] GC(10)   Pre Evacuate Collection Set: 0.05ms
[2026-03-23T17:28:16.984+0900][3.688s][info][gc,phases   ] GC(10)   Merge Heap Roots: 0.03ms
[2026-03-23T17:28:16.984+0900][3.688s][info][gc,phases   ] GC(10)   Evacuate Collection Set: 3.38ms
[2026-03-23T17:28:16.984+0900][3.688s][info][gc,phases   ] GC(10)   Post Evacuate Collection Set: 0.13ms
[2026-03-23T17:28:16.984+0900][3.688s][info][gc,phases   ] GC(10)   Other: 0.08ms
[2026-03-23T17:28:16.984+0900][3.688s][info][gc,heap     ] GC(10) Eden regions: 28->0(26)
[2026-03-23T17:28:16.984+0900][3.688s][info][gc,heap     ] GC(10) Survivor regions: 5->5(5)
[2026-03-23T17:28:16.984+0900][3.688s][info][gc,heap     ] GC(10) Old regions: 21->24
[2026-03-23T17:28:16.984+0900][3.688s][info][gc,heap     ] GC(10) Humongous regions: 0->0
[2026-03-23T17:28:16.984+0900][3.688s][info][gc,metaspace] GC(10) Metaspace: 236K(448K)->236K(448K) NonClass: 222K(320K)->222K(320K) Class: 14K(128K)->14K(128K)
[2026-03-23T17:28:16.984+0900][3.688s][info][gc          ] GC(10) Pause Young (Normal) (G1 Evacuation Pause) 211M->112M(260M) 3.935ms
[2026-03-23T17:28:16.984+0900][3.688s][info][gc,cpu      ] GC(10) User=0.00s Sys=0.01s Real=0.00s
[2026-03-23T17:28:17.316+0900][4.019s][info][gc,start    ] GC(11) Pause Young (Normal) (G1 Evacuation Pause)
[2026-03-23T17:28:17.316+0900][4.020s][info][gc,task     ] GC(11) Using 6 workers of 11 for evacuation
[2026-03-23T17:28:17.317+0900][4.021s][info][gc,phases   ] GC(11)   Pre Evacuate Collection Set: 0.07ms
[2026-03-23T17:28:17.317+0900][4.021s][info][gc,phases   ] GC(11)   Merge Heap Roots: 0.04ms
[2026-03-23T17:28:17.317+0900][4.021s][info][gc,phases   ] GC(11)   Evacuate Collection Set: 0.73ms
[2026-03-23T17:28:17.317+0900][4.021s][info][gc,phases   ] GC(11)   Post Evacuate Collection Set: 0.13ms
[2026-03-23T17:28:17.317+0900][4.021s][info][gc,phases   ] GC(11)   Other: 0.05ms
[2026-03-23T17:28:17.317+0900][4.021s][info][gc,heap     ] GC(11) Eden regions: 26->0(23)
[2026-03-23T17:28:17.317+0900][4.021s][info][gc,heap     ] GC(11) Survivor regions: 5->4(4)
[2026-03-23T17:28:17.317+0900][4.021s][info][gc,heap     ] GC(11) Old regions: 24->29
[2026-03-23T17:28:17.317+0900][4.021s][info][gc,heap     ] GC(11) Humongous regions: 0->0
[2026-03-23T17:28:17.317+0900][4.021s][info][gc,metaspace] GC(11) Metaspace: 236K(448K)->236K(448K) NonClass: 222K(320K)->222K(320K) Class: 14K(128K)->14K(128K)
[2026-03-23T17:28:17.317+0900][4.021s][info][gc          ] GC(11) Pause Young (Normal) (G1 Evacuation Pause) 215M->124M(260M) 1.248ms
[2026-03-23T17:28:17.317+0900][4.021s][info][gc,cpu      ] GC(11) User=0.00s Sys=0.00s Real=0.00s
[2026-03-23T17:28:17.627+0900][4.330s][info][gc,start    ] GC(12) Pause Young (Concurrent Start) (G1 Evacuation Pause)
[2026-03-23T17:28:17.627+0900][4.330s][info][gc,task     ] GC(12) Using 6 workers of 11 for evacuation
[2026-03-23T17:28:17.629+0900][4.333s][info][gc,phases   ] GC(12)   Pre Evacuate Collection Set: 0.10ms
[2026-03-23T17:28:17.630+0900][4.333s][info][gc,phases   ] GC(12)   Merge Heap Roots: 0.03ms
[2026-03-23T17:28:17.630+0900][4.333s][info][gc,phases   ] GC(12)   Evacuate Collection Set: 1.95ms
[2026-03-23T17:28:17.630+0900][4.333s][info][gc,phases   ] GC(12)   Post Evacuate Collection Set: 0.13ms
[2026-03-23T17:28:17.630+0900][4.333s][info][gc,phases   ] GC(12)   Other: 0.06ms
[2026-03-23T17:28:17.630+0900][4.333s][info][gc,heap     ] GC(12) Eden regions: 23->0(21)
[2026-03-23T17:28:17.630+0900][4.333s][info][gc,heap     ] GC(12) Survivor regions: 4->3(4)
[2026-03-23T17:28:17.630+0900][4.333s][info][gc,heap     ] GC(12) Old regions: 29->33
[2026-03-23T17:28:17.630+0900][4.333s][info][gc,heap     ] GC(12) Humongous regions: 0->0
[2026-03-23T17:28:17.630+0900][4.333s][info][gc,metaspace] GC(12) Metaspace: 236K(448K)->236K(448K) NonClass: 222K(320K)->222K(320K) Class: 14K(128K)->14K(128K)
[2026-03-23T17:28:17.630+0900][4.333s][info][gc          ] GC(12) Pause Young (Concurrent Start) (G1 Evacuation Pause) 215M->136M(260M) 2.541ms
[2026-03-23T17:28:17.630+0900][4.333s][info][gc,cpu      ] GC(12) User=0.01s Sys=0.00s Real=0.01s
[2026-03-23T17:28:17.630+0900][4.333s][info][gc          ] GC(13) Concurrent Mark Cycle
[2026-03-23T17:28:17.630+0900][4.333s][info][gc,marking  ] GC(13) Concurrent Scan Root Regions
[2026-03-23T17:28:17.630+0900][4.333s][info][gc,marking  ] GC(13) Concurrent Scan Root Regions 0.149ms
[2026-03-23T17:28:17.630+0900][4.333s][info][gc,marking  ] GC(13) Concurrent Mark
[2026-03-23T17:28:17.630+0900][4.333s][info][gc,marking  ] GC(13) Concurrent Mark From Roots
[2026-03-23T17:28:17.630+0900][4.333s][info][gc,task     ] GC(13) Using 3 workers of 3 for marking
[2026-03-23T17:28:17.632+0900][4.335s][info][gc,marking  ] GC(13) Concurrent Mark From Roots 1.736ms
[2026-03-23T17:28:17.632+0900][4.335s][info][gc,marking  ] GC(13) Concurrent Preclean
[2026-03-23T17:28:17.632+0900][4.335s][info][gc,marking  ] GC(13) Concurrent Preclean 0.038ms
[2026-03-23T17:28:17.632+0900][4.335s][info][gc,start    ] GC(13) Pause Remark
[2026-03-23T17:28:17.632+0900][4.335s][info][gc          ] GC(13) Pause Remark 139M->75M(260M) 0.464ms
[2026-03-23T17:28:17.632+0900][4.335s][info][gc,cpu      ] GC(13) User=0.00s Sys=0.00s Real=0.00s
[2026-03-23T17:28:17.632+0900][4.335s][info][gc,marking  ] GC(13) Concurrent Mark 2.443ms
[2026-03-23T17:28:17.632+0900][4.335s][info][gc,marking  ] GC(13) Concurrent Rebuild Remembered Sets and Scrub Regions
[2026-03-23T17:28:17.633+0900][4.336s][info][gc,marking  ] GC(13) Concurrent Rebuild Remembered Sets and Scrub Regions 0.517ms
[2026-03-23T17:28:17.633+0900][4.336s][info][gc,start    ] GC(13) Pause Cleanup
[2026-03-23T17:28:17.633+0900][4.336s][info][gc          ] GC(13) Pause Cleanup 75M->75M(260M) 0.080ms
[2026-03-23T17:28:17.633+0900][4.336s][info][gc,cpu      ] GC(13) User=0.00s Sys=0.00s Real=0.00s
[2026-03-23T17:28:17.633+0900][4.336s][info][gc,marking  ] GC(13) Concurrent Clear Claimed Marks
[2026-03-23T17:28:17.633+0900][4.336s][info][gc,marking  ] GC(13) Concurrent Clear Claimed Marks 0.010ms
[2026-03-23T17:28:17.633+0900][4.336s][info][gc,marking  ] GC(13) Concurrent Cleanup for Next Mark
[2026-03-23T17:28:17.633+0900][4.337s][info][gc,marking  ] GC(13) Concurrent Cleanup for Next Mark 0.312ms
[2026-03-23T17:28:17.633+0900][4.337s][info][gc          ] GC(13) Concurrent Mark Cycle 3.734ms
[2026-03-23T17:28:17.907+0900][4.610s][info][gc,start    ] GC(14) Pause Young (Prepare Mixed) (G1 Evacuation Pause)
[2026-03-23T17:28:17.907+0900][4.610s][info][gc,task     ] GC(14) Using 6 workers of 11 for evacuation
[2026-03-23T17:28:17.908+0900][4.611s][info][gc,phases   ] GC(14)   Pre Evacuate Collection Set: 0.07ms
[2026-03-23T17:28:17.908+0900][4.611s][info][gc,phases   ] GC(14)   Merge Heap Roots: 0.04ms
[2026-03-23T17:28:17.908+0900][4.611s][info][gc,phases   ] GC(14)   Evacuate Collection Set: 0.63ms
[2026-03-23T17:28:17.908+0900][4.611s][info][gc,phases   ] GC(14)   Post Evacuate Collection Set: 0.13ms
[2026-03-23T17:28:17.908+0900][4.611s][info][gc,phases   ] GC(14)   Other: 0.06ms
[2026-03-23T17:28:17.908+0900][4.611s][info][gc,heap     ] GC(14) Eden regions: 21->0(32)
[2026-03-23T17:28:17.908+0900][4.611s][info][gc,heap     ] GC(14) Survivor regions: 3->3(3)
[2026-03-23T17:28:17.908+0900][4.611s][info][gc,heap     ] GC(14) Old regions: 17->20
[2026-03-23T17:28:17.908+0900][4.611s][info][gc,heap     ] GC(14) Humongous regions: 0->0
[2026-03-23T17:28:17.908+0900][4.611s][info][gc,metaspace] GC(14) Metaspace: 236K(448K)->236K(448K) NonClass: 222K(320K)->222K(320K) Class: 14K(128K)->14K(128K)
[2026-03-23T17:28:17.908+0900][4.611s][info][gc          ] GC(14) Pause Young (Prepare Mixed) (G1 Evacuation Pause) 156M->83M(260M) 1.224ms
[2026-03-23T17:28:17.908+0900][4.611s][info][gc,cpu      ] GC(14) User=0.00s Sys=0.00s Real=0.00s
[2026-03-23T17:28:18.346+0900][5.049s][info][gc,start    ] GC(15) Pause Young (Mixed) (G1 Evacuation Pause)
[2026-03-23T17:28:18.346+0900][5.050s][info][gc,task     ] GC(15) Using 6 workers of 11 for evacuation
[2026-03-23T17:28:18.351+0900][5.054s][info][gc,phases   ] GC(15)   Pre Evacuate Collection Set: 0.07ms
[2026-03-23T17:28:18.351+0900][5.054s][info][gc,phases   ] GC(15)   Merge Heap Roots: 0.03ms
[2026-03-23T17:28:18.351+0900][5.054s][info][gc,phases   ] GC(15)   Evacuate Collection Set: 4.39ms
[2026-03-23T17:28:18.351+0900][5.054s][info][gc,phases   ] GC(15)   Post Evacuate Collection Set: 0.16ms
[2026-03-23T17:28:18.351+0900][5.054s][info][gc,phases   ] GC(15)   Other: 0.05ms
[2026-03-23T17:28:18.351+0900][5.054s][info][gc,heap     ] GC(15) Eden regions: 32->0(29)
[2026-03-23T17:28:18.351+0900][5.054s][info][gc,heap     ] GC(15) Survivor regions: 3->5(5)
[2026-03-23T17:28:18.351+0900][5.054s][info][gc,heap     ] GC(15) Old regions: 20->20
[2026-03-23T17:28:18.351+0900][5.054s][info][gc,heap     ] GC(15) Humongous regions: 0->0
[2026-03-23T17:28:18.351+0900][5.054s][info][gc,metaspace] GC(15) Metaspace: 238K(448K)->238K(448K) NonClass: 223K(320K)->223K(320K) Class: 14K(128K)->14K(128K)
[2026-03-23T17:28:18.351+0900][5.054s][info][gc          ] GC(15) Pause Young (Mixed) (G1 Evacuation Pause) 210M->94M(260M) 5.000ms
[2026-03-23T17:28:18.351+0900][5.054s][info][gc,cpu      ] GC(15) User=0.01s Sys=0.01s Real=0.01s
[2026-03-23T17:28:18.754+0900][5.458s][info][gc,start    ] GC(16) Pause Young (Normal) (G1 Evacuation Pause)
[2026-03-23T17:28:18.754+0900][5.458s][info][gc,task     ] GC(16) Using 6 workers of 11 for evacuation
[2026-03-23T17:28:18.755+0900][5.458s][info][gc,phases   ] GC(16)   Pre Evacuate Collection Set: 0.06ms
[2026-03-23T17:28:18.755+0900][5.458s][info][gc,phases   ] GC(16)   Merge Heap Roots: 0.03ms
[2026-03-23T17:28:18.755+0900][5.458s][info][gc,phases   ] GC(16)   Evacuate Collection Set: 0.53ms
[2026-03-23T17:28:18.755+0900][5.458s][info][gc,phases   ] GC(16)   Post Evacuate Collection Set: 0.10ms
[2026-03-23T17:28:18.755+0900][5.458s][info][gc,phases   ] GC(16)   Other: 0.05ms
[2026-03-23T17:28:18.755+0900][5.458s][info][gc,heap     ] GC(16) Eden regions: 29->0(33)
[2026-03-23T17:28:18.755+0900][5.458s][info][gc,heap     ] GC(16) Survivor regions: 5->2(5)
[2026-03-23T17:28:18.755+0900][5.458s][info][gc,heap     ] GC(16) Old regions: 20->20
[2026-03-23T17:28:18.755+0900][5.458s][info][gc,heap     ] GC(16) Humongous regions: 0->0
[2026-03-23T17:28:18.755+0900][5.458s][info][gc,metaspace] GC(16) Metaspace: 238K(448K)->238K(448K) NonClass: 223K(320K)->223K(320K) Class: 14K(128K)->14K(128K)
[2026-03-23T17:28:18.755+0900][5.459s][info][gc          ] GC(16) Pause Young (Normal) (G1 Evacuation Pause) 210M->81M(260M) 1.008ms
[2026-03-23T17:28:18.755+0900][5.459s][info][gc,cpu      ] GC(16) User=0.00s Sys=0.00s Real=0.00s
[2026-03-23T17:28:19.191+0900][5.894s][info][gc,start    ] GC(17) Pause Young (Normal) (G1 Evacuation Pause)
[2026-03-23T17:28:19.191+0900][5.894s][info][gc,task     ] GC(17) Using 6 workers of 11 for evacuation
[2026-03-23T17:28:19.192+0900][5.895s][info][gc,phases   ] GC(17)   Pre Evacuate Collection Set: 0.05ms
[2026-03-23T17:28:19.192+0900][5.895s][info][gc,phases   ] GC(17)   Merge Heap Roots: 0.03ms
[2026-03-23T17:28:19.192+0900][5.895s][info][gc,phases   ] GC(17)   Evacuate Collection Set: 0.61ms
[2026-03-23T17:28:19.192+0900][5.895s][info][gc,phases   ] GC(17)   Post Evacuate Collection Set: 0.10ms
[2026-03-23T17:28:19.192+0900][5.895s][info][gc,phases   ] GC(17)   Other: 0.04ms
[2026-03-23T17:28:19.192+0900][5.895s][info][gc,heap     ] GC(17) Eden regions: 33->0(29)
[2026-03-23T17:28:19.192+0900][5.895s][info][gc,heap     ] GC(17) Survivor regions: 2->5(5)
[2026-03-23T17:28:19.192+0900][5.895s][info][gc,heap     ] GC(17) Old regions: 20->21
[2026-03-23T17:28:19.192+0900][5.895s][info][gc,heap     ] GC(17) Humongous regions: 0->0
[2026-03-23T17:28:19.192+0900][5.895s][info][gc,metaspace] GC(17) Metaspace: 238K(448K)->238K(448K) NonClass: 223K(320K)->223K(320K) Class: 14K(128K)->14K(128K)
[2026-03-23T17:28:19.192+0900][5.895s][info][gc          ] GC(17) Pause Young (Normal) (G1 Evacuation Pause) 213M->98M(260M) 1.032ms
[2026-03-23T17:28:19.192+0900][5.895s][info][gc,cpu      ] GC(17) User=0.01s Sys=0.00s Real=0.00s
[2026-03-23T17:28:19.570+0900][6.273s][info][gc,start    ] GC(18) Pause Young (Normal) (G1 Evacuation Pause)
[2026-03-23T17:28:19.570+0900][6.273s][info][gc,task     ] GC(18) Using 6 workers of 11 for evacuation
[2026-03-23T17:28:19.571+0900][6.274s][info][gc,phases   ] GC(18)   Pre Evacuate Collection Set: 0.05ms
[2026-03-23T17:28:19.571+0900][6.274s][info][gc,phases   ] GC(18)   Merge Heap Roots: 0.03ms
[2026-03-23T17:28:19.571+0900][6.274s][info][gc,phases   ] GC(18)   Evacuate Collection Set: 0.60ms
[2026-03-23T17:28:19.571+0900][6.274s][info][gc,phases   ] GC(18)   Post Evacuate Collection Set: 0.11ms
[2026-03-23T17:28:19.571+0900][6.274s][info][gc,phases   ] GC(18)   Other: 0.04ms
[2026-03-23T17:28:19.571+0900][6.274s][info][gc,heap     ] GC(18) Eden regions: 29->0(26)
[2026-03-23T17:28:19.571+0900][6.274s][info][gc,heap     ] GC(18) Survivor regions: 5->4(5)
[2026-03-23T17:28:19.571+0900][6.274s][info][gc,heap     ] GC(18) Old regions: 21->26
[2026-03-23T17:28:19.571+0900][6.274s][info][gc,heap     ] GC(18) Humongous regions: 0->0
[2026-03-23T17:28:19.571+0900][6.274s][info][gc,metaspace] GC(18) Metaspace: 238K(448K)->238K(448K) NonClass: 223K(320K)->223K(320K) Class: 14K(128K)->14K(128K)
[2026-03-23T17:28:19.571+0900][6.274s][info][gc          ] GC(18) Pause Young (Normal) (G1 Evacuation Pause) 213M->112M(260M) 1.011ms
[2026-03-23T17:28:19.571+0900][6.274s][info][gc,cpu      ] GC(18) User=0.00s Sys=0.00s Real=0.00s
[2026-03-23T17:28:19.892+0900][6.595s][info][gc,start    ] GC(19) Pause Young (Normal) (G1 Evacuation Pause)
[2026-03-23T17:28:19.892+0900][6.595s][info][gc,task     ] GC(19) Using 6 workers of 11 for evacuation
[2026-03-23T17:28:19.892+0900][6.596s][info][gc,phases   ] GC(19)   Pre Evacuate Collection Set: 0.06ms
[2026-03-23T17:28:19.893+0900][6.596s][info][gc,phases   ] GC(19)   Merge Heap Roots: 0.02ms
[2026-03-23T17:28:19.893+0900][6.596s][info][gc,phases   ] GC(19)   Evacuate Collection Set: 0.31ms
[2026-03-23T17:28:19.893+0900][6.596s][info][gc,phases   ] GC(19)   Post Evacuate Collection Set: 0.09ms
[2026-03-23T17:28:19.893+0900][6.596s][info][gc,phases   ] GC(19)   Other: 0.04ms
[2026-03-23T17:28:19.893+0900][6.596s][info][gc,heap     ] GC(19) Eden regions: 26->0(23)
[2026-03-23T17:28:19.893+0900][6.596s][info][gc,heap     ] GC(19) Survivor regions: 4->4(4)
[2026-03-23T17:28:19.893+0900][6.596s][info][gc,heap     ] GC(19) Old regions: 26->29
[2026-03-23T17:28:19.893+0900][6.596s][info][gc,heap     ] GC(19) Humongous regions: 0->0
[2026-03-23T17:28:19.893+0900][6.596s][info][gc,metaspace] GC(19) Metaspace: 238K(448K)->238K(448K) NonClass: 223K(320K)->223K(320K) Class: 14K(128K)->14K(128K)
[2026-03-23T17:28:19.893+0900][6.596s][info][gc          ] GC(19) Pause Young (Normal) (G1 Evacuation Pause) 215M->124M(260M) 0.681ms
[2026-03-23T17:28:19.893+0900][6.596s][info][gc,cpu      ] GC(19) User=0.00s Sys=0.00s Real=0.00s
[2026-03-23T17:28:20.198+0900][6.901s][info][gc,start    ] GC(20) Pause Young (Concurrent Start) (G1 Evacuation Pause)
[2026-03-23T17:28:20.198+0900][6.902s][info][gc,task     ] GC(20) Using 6 workers of 11 for evacuation
[2026-03-23T17:28:20.200+0900][6.903s][info][gc,phases   ] GC(20)   Pre Evacuate Collection Set: 0.11ms
[2026-03-23T17:28:20.200+0900][6.903s][info][gc,phases   ] GC(20)   Merge Heap Roots: 0.03ms
[2026-03-23T17:28:20.200+0900][6.903s][info][gc,phases   ] GC(20)   Evacuate Collection Set: 1.41ms
[2026-03-23T17:28:20.200+0900][6.903s][info][gc,phases   ] GC(20)   Post Evacuate Collection Set: 0.19ms
[2026-03-23T17:28:20.200+0900][6.903s][info][gc,phases   ] GC(20)   Other: 0.11ms
[2026-03-23T17:28:20.200+0900][6.903s][info][gc,heap     ] GC(20) Eden regions: 23->0(21)
[2026-03-23T17:28:20.200+0900][6.904s][info][gc,heap     ] GC(20) Survivor regions: 4->3(4)
[2026-03-23T17:28:20.200+0900][6.904s][info][gc,heap     ] GC(20) Old regions: 29->33
[2026-03-23T17:28:20.200+0900][6.904s][info][gc,heap     ] GC(20) Humongous regions: 0->0
[2026-03-23T17:28:20.200+0900][6.904s][info][gc,metaspace] GC(20) Metaspace: 238K(448K)->238K(448K) NonClass: 223K(320K)->223K(320K) Class: 14K(128K)->14K(128K)
[2026-03-23T17:28:20.200+0900][6.904s][info][gc          ] GC(20) Pause Young (Concurrent Start) (G1 Evacuation Pause) 215M->136M(260M) 2.173ms
[2026-03-23T17:28:20.200+0900][6.904s][info][gc,cpu      ] GC(20) User=0.00s Sys=0.00s Real=0.01s
[2026-03-23T17:28:20.200+0900][6.904s][info][gc          ] GC(21) Concurrent Mark Cycle
[2026-03-23T17:28:20.201+0900][6.904s][info][gc,marking  ] GC(21) Concurrent Scan Root Regions
[2026-03-23T17:28:20.201+0900][6.904s][info][gc,marking  ] GC(21) Concurrent Scan Root Regions 0.050ms
[2026-03-23T17:28:20.201+0900][6.904s][info][gc,marking  ] GC(21) Concurrent Mark
[2026-03-23T17:28:20.201+0900][6.904s][info][gc,marking  ] GC(21) Concurrent Mark From Roots
[2026-03-23T17:28:20.201+0900][6.904s][info][gc,task     ] GC(21) Using 3 workers of 3 for marking
[2026-03-23T17:28:20.202+0900][6.905s][info][gc,marking  ] GC(21) Concurrent Mark From Roots 1.670ms
[2026-03-23T17:28:20.202+0900][6.905s][info][gc,marking  ] GC(21) Concurrent Preclean
[2026-03-23T17:28:20.202+0900][6.905s][info][gc,marking  ] GC(21) Concurrent Preclean 0.014ms
[2026-03-23T17:28:20.202+0900][6.906s][info][gc,start    ] GC(21) Pause Remark
[2026-03-23T17:28:20.203+0900][6.906s][info][gc          ] GC(21) Pause Remark 138M->74M(260M) 0.259ms
[2026-03-23T17:28:20.203+0900][6.906s][info][gc,cpu      ] GC(21) User=0.00s Sys=0.00s Real=0.00s
[2026-03-23T17:28:20.203+0900][6.906s][info][gc,marking  ] GC(21) Concurrent Mark 2.080ms
[2026-03-23T17:28:20.203+0900][6.906s][info][gc,marking  ] GC(21) Concurrent Rebuild Remembered Sets and Scrub Regions
[2026-03-23T17:28:20.203+0900][6.906s][info][gc,marking  ] GC(21) Concurrent Rebuild Remembered Sets and Scrub Regions 0.548ms
[2026-03-23T17:28:20.203+0900][6.906s][info][gc,start    ] GC(21) Pause Cleanup
[2026-03-23T17:28:20.203+0900][6.906s][info][gc          ] GC(21) Pause Cleanup 74M->74M(260M) 0.045ms
[2026-03-23T17:28:20.203+0900][6.906s][info][gc,cpu      ] GC(21) User=0.00s Sys=0.00s Real=0.00s
[2026-03-23T17:28:20.203+0900][6.907s][info][gc,marking  ] GC(21) Concurrent Clear Claimed Marks
[2026-03-23T17:28:20.203+0900][6.907s][info][gc,marking  ] GC(21) Concurrent Clear Claimed Marks 0.010ms
[2026-03-23T17:28:20.203+0900][6.907s][info][gc,marking  ] GC(21) Concurrent Cleanup for Next Mark
[2026-03-23T17:28:20.203+0900][6.907s][info][gc,marking  ] GC(21) Concurrent Cleanup for Next Mark 0.141ms
[2026-03-23T17:28:20.204+0900][6.907s][info][gc          ] GC(21) Concurrent Mark Cycle 3.066ms
[2026-03-23T17:28:20.480+0900][7.183s][info][gc,start    ] GC(22) Pause Young (Prepare Mixed) (G1 Evacuation Pause)
[2026-03-23T17:28:20.480+0900][7.183s][info][gc,task     ] GC(22) Using 6 workers of 11 for evacuation
[2026-03-23T17:28:20.483+0900][7.186s][info][gc,phases   ] GC(22)   Pre Evacuate Collection Set: 0.10ms
[2026-03-23T17:28:20.483+0900][7.186s][info][gc,phases   ] GC(22)   Merge Heap Roots: 0.03ms
[2026-03-23T17:28:20.483+0900][7.186s][info][gc,phases   ] GC(22)   Evacuate Collection Set: 2.16ms
[2026-03-23T17:28:20.483+0900][7.186s][info][gc,phases   ] GC(22)   Post Evacuate Collection Set: 0.14ms
[2026-03-23T17:28:20.483+0900][7.186s][info][gc,phases   ] GC(22)   Other: 0.08ms
[2026-03-23T17:28:20.483+0900][7.186s][info][gc,heap     ] GC(22) Eden regions: 21->0(32)
[2026-03-23T17:28:20.483+0900][7.186s][info][gc,heap     ] GC(22) Survivor regions: 3->3(3)
[2026-03-23T17:28:20.483+0900][7.186s][info][gc,heap     ] GC(22) Old regions: 17->20
[2026-03-23T17:28:20.483+0900][7.186s][info][gc,heap     ] GC(22) Humongous regions: 0->0
[2026-03-23T17:28:20.483+0900][7.186s][info][gc,metaspace] GC(22) Metaspace: 238K(448K)->238K(448K) NonClass: 223K(320K)->223K(320K) Class: 14K(128K)->14K(128K)
[2026-03-23T17:28:20.483+0900][7.186s][info][gc          ] GC(22) Pause Young (Prepare Mixed) (G1 Evacuation Pause) 156M->83M(260M) 2.858ms
[2026-03-23T17:28:20.483+0900][7.186s][info][gc,cpu      ] GC(22) User=0.00s Sys=0.00s Real=0.00s
[2026-03-23T17:28:20.887+0900][7.590s][info][gc,start    ] GC(23) Pause Young (Mixed) (G1 Evacuation Pause)
[2026-03-23T17:28:20.887+0900][7.590s][info][gc,task     ] GC(23) Using 6 workers of 11 for evacuation
[2026-03-23T17:28:20.890+0900][7.593s][info][gc,phases   ] GC(23)   Pre Evacuate Collection Set: 0.07ms
[2026-03-23T17:28:20.890+0900][7.593s][info][gc,phases   ] GC(23)   Merge Heap Roots: 0.03ms
[2026-03-23T17:28:20.890+0900][7.593s][info][gc,phases   ] GC(23)   Evacuate Collection Set: 2.21ms
[2026-03-23T17:28:20.890+0900][7.593s][info][gc,phases   ] GC(23)   Post Evacuate Collection Set: 0.11ms
[2026-03-23T17:28:20.890+0900][7.593s][info][gc,phases   ] GC(23)   Other: 0.07ms
[2026-03-23T17:28:20.890+0900][7.593s][info][gc,heap     ] GC(23) Eden regions: 32->0(30)
[2026-03-23T17:28:20.890+0900][7.593s][info][gc,heap     ] GC(23) Survivor regions: 3->5(5)
[2026-03-23T17:28:20.890+0900][7.593s][info][gc,heap     ] GC(23) Old regions: 20->19
[2026-03-23T17:28:20.890+0900][7.593s][info][gc,heap     ] GC(23) Humongous regions: 0->0
[2026-03-23T17:28:20.890+0900][7.593s][info][gc,metaspace] GC(23) Metaspace: 238K(448K)->238K(448K) NonClass: 223K(320K)->223K(320K) Class: 14K(128K)->14K(128K)
[2026-03-23T17:28:20.890+0900][7.593s][info][gc          ] GC(23) Pause Young (Mixed) (G1 Evacuation Pause) 210M->95M(260M) 2.781ms
[2026-03-23T17:28:20.890+0900][7.593s][info][gc,cpu      ] GC(23) User=0.00s Sys=0.00s Real=0.01s
[2026-03-23T17:28:21.291+0900][7.994s][info][gc,start    ] GC(24) Pause Young (Normal) (G1 Evacuation Pause)
[2026-03-23T17:28:21.291+0900][7.995s][info][gc,task     ] GC(24) Using 6 workers of 11 for evacuation
[2026-03-23T17:28:21.292+0900][7.995s][info][gc,phases   ] GC(24)   Pre Evacuate Collection Set: 0.09ms
[2026-03-23T17:28:21.292+0900][7.996s][info][gc,phases   ] GC(24)   Merge Heap Roots: 0.03ms
[2026-03-23T17:28:21.292+0900][7.996s][info][gc,phases   ] GC(24)   Evacuate Collection Set: 0.60ms
[2026-03-23T17:28:21.292+0900][7.996s][info][gc,phases   ] GC(24)   Post Evacuate Collection Set: 0.11ms
[2026-03-23T17:28:21.292+0900][7.996s][info][gc,phases   ] GC(24)   Other: 0.13ms
[2026-03-23T17:28:21.292+0900][7.996s][info][gc,heap     ] GC(24) Eden regions: 30->0(34)
[2026-03-23T17:28:21.292+0900][7.996s][info][gc,heap     ] GC(24) Survivor regions: 5->2(5)
[2026-03-23T17:28:21.292+0900][7.996s][info][gc,heap     ] GC(24) Old regions: 19->19
[2026-03-23T17:28:21.292+0900][7.996s][info][gc,heap     ] GC(24) Humongous regions: 0->0
[2026-03-23T17:28:21.292+0900][7.996s][info][gc,metaspace] GC(24) Metaspace: 238K(448K)->238K(448K) NonClass: 223K(320K)->223K(320K) Class: 14K(128K)->14K(128K)
[2026-03-23T17:28:21.292+0900][7.996s][info][gc          ] GC(24) Pause Young (Normal) (G1 Evacuation Pause) 214M->82M(260M) 1.217ms
[2026-03-23T17:28:21.292+0900][7.996s][info][gc,cpu      ] GC(24) User=0.00s Sys=0.00s Real=0.00s
[2026-03-23T17:28:21.727+0900][8.430s][info][gc,start    ] GC(25) Pause Young (Normal) (G1 Evacuation Pause)
[2026-03-23T17:28:21.727+0900][8.430s][info][gc,task     ] GC(25) Using 6 workers of 11 for evacuation
[2026-03-23T17:28:21.729+0900][8.432s][info][gc,phases   ] GC(25)   Pre Evacuate Collection Set: 0.09ms
[2026-03-23T17:28:21.729+0900][8.432s][info][gc,phases   ] GC(25)   Merge Heap Roots: 0.05ms
[2026-03-23T17:28:21.729+0900][8.432s][info][gc,phases   ] GC(25)   Evacuate Collection Set: 1.43ms
[2026-03-23T17:28:21.729+0900][8.432s][info][gc,phases   ] GC(25)   Post Evacuate Collection Set: 0.20ms
[2026-03-23T17:28:21.729+0900][8.432s][info][gc,phases   ] GC(25)   Other: 0.09ms
[2026-03-23T17:28:21.729+0900][8.432s][info][gc,heap     ] GC(25) Eden regions: 34->0(30)
[2026-03-23T17:28:21.729+0900][8.432s][info][gc,heap     ] GC(25) Survivor regions: 2->5(5)
[2026-03-23T17:28:21.729+0900][8.432s][info][gc,heap     ] GC(25) Old regions: 19->20
[2026-03-23T17:28:21.729+0900][8.432s][info][gc,heap     ] GC(25) Humongous regions: 0->0
[2026-03-23T17:28:21.729+0900][8.432s][info][gc,metaspace] GC(25) Metaspace: 238K(448K)->238K(448K) NonClass: 223K(320K)->223K(320K) Class: 14K(128K)->14K(128K)
[2026-03-23T17:28:21.729+0900][8.432s][info][gc          ] GC(25) Pause Young (Normal) (G1 Evacuation Pause) 217M->98M(260M) 2.271ms
[2026-03-23T17:28:21.729+0900][8.432s][info][gc,cpu      ] GC(25) User=0.01s Sys=0.00s Real=0.00s
[2026-03-23T17:28:22.111+0900][8.814s][info][gc,start    ] GC(26) Pause Young (Normal) (G1 Evacuation Pause)
[2026-03-23T17:28:22.111+0900][8.814s][info][gc,task     ] GC(26) Using 6 workers of 11 for evacuation
[2026-03-23T17:28:22.116+0900][8.820s][info][gc,phases   ] GC(26)   Pre Evacuate Collection Set: 0.56ms
[2026-03-23T17:28:22.117+0900][8.820s][info][gc,phases   ] GC(26)   Merge Heap Roots: 0.07ms
[2026-03-23T17:28:22.117+0900][8.820s][info][gc,phases   ] GC(26)   Evacuate Collection Set: 4.43ms
[2026-03-23T17:28:22.117+0900][8.820s][info][gc,phases   ] GC(26)   Post Evacuate Collection Set: 0.31ms
[2026-03-23T17:28:22.117+0900][8.820s][info][gc,phases   ] GC(26)   Other: 0.11ms
[2026-03-23T17:28:22.117+0900][8.820s][info][gc,heap     ] GC(26) Eden regions: 30->0(25)
[2026-03-23T17:28:22.117+0900][8.820s][info][gc,heap     ] GC(26) Survivor regions: 5->4(5)
[2026-03-23T17:28:22.117+0900][8.820s][info][gc,heap     ] GC(26) Old regions: 20->26
[2026-03-23T17:28:22.117+0900][8.820s][info][gc,heap     ] GC(26) Humongous regions: 0->0
[2026-03-23T17:28:22.117+0900][8.820s][info][gc,metaspace] GC(26) Metaspace: 238K(448K)->238K(448K) NonClass: 223K(320K)->223K(320K) Class: 14K(128K)->14K(128K)
[2026-03-23T17:28:22.117+0900][8.820s][info][gc          ] GC(26) Pause Young (Normal) (G1 Evacuation Pause) 217M->116M(260M) 6.141ms
[2026-03-23T17:28:22.117+0900][8.820s][info][gc,cpu      ] GC(26) User=0.00s Sys=0.00s Real=0.00s
[2026-03-23T17:28:22.439+0900][9.142s][info][gc,start    ] GC(27) Pause Young (Normal) (G1 Evacuation Pause)
[2026-03-23T17:28:22.439+0900][9.142s][info][gc,task     ] GC(27) Using 6 workers of 11 for evacuation
[2026-03-23T17:28:22.442+0900][9.145s][info][gc,phases   ] GC(27)   Pre Evacuate Collection Set: 0.08ms
[2026-03-23T17:28:22.442+0900][9.145s][info][gc,phases   ] GC(27)   Merge Heap Roots: 0.63ms
[2026-03-23T17:28:22.442+0900][9.145s][info][gc,phases   ] GC(27)   Evacuate Collection Set: 1.85ms
[2026-03-23T17:28:22.442+0900][9.145s][info][gc,phases   ] GC(27)   Post Evacuate Collection Set: 0.12ms
[2026-03-23T17:28:22.442+0900][9.145s][info][gc,phases   ] GC(27)   Other: 0.06ms
[2026-03-23T17:28:22.442+0900][9.145s][info][gc,heap     ] GC(27) Eden regions: 25->0(23)
[2026-03-23T17:28:22.442+0900][9.145s][info][gc,heap     ] GC(27) Survivor regions: 4->3(4)
[2026-03-23T17:28:22.442+0900][9.145s][info][gc,heap     ] GC(27) Old regions: 26->30
[2026-03-23T17:28:22.442+0900][9.145s][info][gc,heap     ] GC(27) Humongous regions: 0->0
[2026-03-23T17:28:22.442+0900][9.145s][info][gc,metaspace] GC(27) Metaspace: 238K(448K)->238K(448K) NonClass: 223K(320K)->223K(320K) Class: 14K(128K)->14K(128K)
[2026-03-23T17:28:22.442+0900][9.145s][info][gc          ] GC(27) Pause Young (Normal) (G1 Evacuation Pause) 215M->127M(260M) 3.042ms
[2026-03-23T17:28:22.442+0900][9.145s][info][gc,cpu      ] GC(27) User=0.00s Sys=0.00s Real=0.01s
[2026-03-23T17:28:22.742+0900][9.445s][info][gc,start    ] GC(28) Pause Young (Concurrent Start) (G1 Evacuation Pause)
[2026-03-23T17:28:22.742+0900][9.445s][info][gc,task     ] GC(28) Using 6 workers of 11 for evacuation
[2026-03-23T17:28:22.744+0900][9.447s][info][gc,phases   ] GC(28)   Pre Evacuate Collection Set: 0.07ms
[2026-03-23T17:28:22.744+0900][9.447s][info][gc,phases   ] GC(28)   Merge Heap Roots: 0.02ms
[2026-03-23T17:28:22.744+0900][9.447s][info][gc,phases   ] GC(28)   Evacuate Collection Set: 1.50ms
[2026-03-23T17:28:22.744+0900][9.447s][info][gc,phases   ] GC(28)   Post Evacuate Collection Set: 0.18ms
[2026-03-23T17:28:22.744+0900][9.447s][info][gc,phases   ] GC(28)   Other: 0.07ms
[2026-03-23T17:28:22.744+0900][9.447s][info][gc,heap     ] GC(28) Eden regions: 23->0(22)
[2026-03-23T17:28:22.744+0900][9.447s][info][gc,heap     ] GC(28) Survivor regions: 3->3(4)
[2026-03-23T17:28:22.744+0900][9.447s][info][gc,heap     ] GC(28) Old regions: 30->32
[2026-03-23T17:28:22.744+0900][9.447s][info][gc,heap     ] GC(28) Humongous regions: 0->0
[2026-03-23T17:28:22.744+0900][9.447s][info][gc,metaspace] GC(28) Metaspace: 238K(448K)->238K(448K) NonClass: 223K(320K)->223K(320K) Class: 14K(128K)->14K(128K)
[2026-03-23T17:28:22.744+0900][9.447s][info][gc          ] GC(28) Pause Young (Concurrent Start) (G1 Evacuation Pause) 219M->137M(260M) 2.294ms
[2026-03-23T17:28:22.744+0900][9.447s][info][gc,cpu      ] GC(28) User=0.01s Sys=0.00s Real=0.00s
[2026-03-23T17:28:22.744+0900][9.447s][info][gc          ] GC(29) Concurrent Mark Cycle
[2026-03-23T17:28:22.744+0900][9.447s][info][gc,marking  ] GC(29) Concurrent Scan Root Regions
[2026-03-23T17:28:22.744+0900][9.448s][info][gc,marking  ] GC(29) Concurrent Scan Root Regions 0.064ms
[2026-03-23T17:28:22.744+0900][9.448s][info][gc,marking  ] GC(29) Concurrent Mark
[2026-03-23T17:28:22.744+0900][9.448s][info][gc,marking  ] GC(29) Concurrent Mark From Roots
[2026-03-23T17:28:22.744+0900][9.448s][info][gc,task     ] GC(29) Using 3 workers of 3 for marking
[2026-03-23T17:28:22.747+0900][9.450s][info][gc,marking  ] GC(29) Concurrent Mark From Roots 2.526ms
[2026-03-23T17:28:22.747+0900][9.450s][info][gc,marking  ] GC(29) Concurrent Preclean
[2026-03-23T17:28:22.747+0900][9.450s][info][gc,marking  ] GC(29) Concurrent Preclean 0.013ms
[2026-03-23T17:28:22.747+0900][9.450s][info][gc,start    ] GC(29) Pause Remark
[2026-03-23T17:28:22.747+0900][9.450s][info][gc          ] GC(29) Pause Remark 139M->71M(256M) 0.256ms
[2026-03-23T17:28:22.747+0900][9.450s][info][gc,cpu      ] GC(29) User=0.01s Sys=0.00s Real=0.00s
[2026-03-23T17:28:22.747+0900][9.450s][info][gc,marking  ] GC(29) Concurrent Mark 2.937ms
[2026-03-23T17:28:22.747+0900][9.450s][info][gc,marking  ] GC(29) Concurrent Rebuild Remembered Sets and Scrub Regions
[2026-03-23T17:28:22.748+0900][9.451s][info][gc,marking  ] GC(29) Concurrent Rebuild Remembered Sets and Scrub Regions 0.842ms
[2026-03-23T17:28:22.748+0900][9.451s][info][gc,start    ] GC(29) Pause Cleanup
[2026-03-23T17:28:22.748+0900][9.451s][info][gc          ] GC(29) Pause Cleanup 71M->71M(256M) 0.066ms
[2026-03-23T17:28:22.748+0900][9.452s][info][gc,cpu      ] GC(29) User=0.00s Sys=0.00s Real=0.00s
[2026-03-23T17:28:22.748+0900][9.452s][info][gc,marking  ] GC(29) Concurrent Clear Claimed Marks
[2026-03-23T17:28:22.748+0900][9.452s][info][gc,marking  ] GC(29) Concurrent Clear Claimed Marks 0.018ms
[2026-03-23T17:28:22.748+0900][9.452s][info][gc,marking  ] GC(29) Concurrent Cleanup for Next Mark
[2026-03-23T17:28:22.749+0900][9.452s][info][gc,marking  ] GC(29) Concurrent Cleanup for Next Mark 0.150ms
[2026-03-23T17:28:22.749+0900][9.452s][info][gc          ] GC(29) Concurrent Mark Cycle 4.400ms
[2026-03-23T17:28:23.029+0900][9.732s][info][gc,start    ] GC(30) Pause Young (Prepare Mixed) (G1 Evacuation Pause)
[2026-03-23T17:28:23.029+0900][9.732s][info][gc,task     ] GC(30) Using 6 workers of 11 for evacuation
[2026-03-23T17:28:23.031+0900][9.734s][info][gc,phases   ] GC(30)   Pre Evacuate Collection Set: 0.10ms
[2026-03-23T17:28:23.031+0900][9.734s][info][gc,phases   ] GC(30)   Merge Heap Roots: 0.05ms
[2026-03-23T17:28:23.032+0900][9.735s][info][gc,phases   ] GC(30)   Evacuate Collection Set: 1.78ms
[2026-03-23T17:28:23.032+0900][9.735s][info][gc,phases   ] GC(30)   Post Evacuate Collection Set: 0.19ms
[2026-03-23T17:28:23.032+0900][9.735s][info][gc,phases   ] GC(30)   Other: 0.09ms
[2026-03-23T17:28:23.032+0900][9.735s][info][gc,heap     ] GC(30) Eden regions: 22->0(32)
[2026-03-23T17:28:23.032+0900][9.735s][info][gc,heap     ] GC(30) Survivor regions: 3->3(4)
[2026-03-23T17:28:23.032+0900][9.735s][info][gc,heap     ] GC(30) Old regions: 15->18
[2026-03-23T17:28:23.032+0900][9.735s][info][gc,heap     ] GC(30) Humongous regions: 0->0
[2026-03-23T17:28:23.032+0900][9.735s][info][gc,metaspace] GC(30) Metaspace: 238K(448K)->238K(448K) NonClass: 223K(320K)->223K(320K) Class: 14K(128K)->14K(128K)
[2026-03-23T17:28:23.032+0900][9.735s][info][gc          ] GC(30) Pause Young (Prepare Mixed) (G1 Evacuation Pause) 157M->80M(256M) 3.610ms
[2026-03-23T17:28:23.032+0900][9.735s][info][gc,cpu      ] GC(30) User=0.00s Sys=0.00s Real=0.01s
[2026-03-23T17:28:23.449+0900][10.153s][info][gc,start    ] GC(31) Pause Young (Mixed) (G1 Evacuation Pause)
[2026-03-23T17:28:23.449+0900][10.153s][info][gc,task     ] GC(31) Using 6 workers of 11 for evacuation
[2026-03-23T17:28:23.450+0900][10.153s][info][gc,phases   ] GC(31)   Pre Evacuate Collection Set: 0.04ms
[2026-03-23T17:28:23.450+0900][10.154s][info][gc,phases   ] GC(31)   Merge Heap Roots: 0.02ms
[2026-03-23T17:28:23.450+0900][10.154s][info][gc,phases   ] GC(31)   Evacuate Collection Set: 0.65ms
[2026-03-23T17:28:23.450+0900][10.154s][info][gc,phases   ] GC(31)   Post Evacuate Collection Set: 0.10ms
[2026-03-23T17:28:23.450+0900][10.154s][info][gc,phases   ] GC(31)   Other: 0.05ms
[2026-03-23T17:28:23.450+0900][10.154s][info][gc,heap     ] GC(31) Eden regions: 32->0(31)
[2026-03-23T17:28:23.450+0900][10.154s][info][gc,heap     ] GC(31) Survivor regions: 3->5(5)
[2026-03-23T17:28:23.450+0900][10.154s][info][gc,heap     ] GC(31) Old regions: 18->18
[2026-03-23T17:28:23.450+0900][10.154s][info][gc,heap     ] GC(31) Humongous regions: 0->0
[2026-03-23T17:28:23.450+0900][10.154s][info][gc,metaspace] GC(31) Metaspace: 238K(448K)->238K(448K) NonClass: 223K(320K)->223K(320K) Class: 14K(128K)->14K(128K)
[2026-03-23T17:28:23.450+0900][10.154s][info][gc          ] GC(31) Pause Young (Mixed) (G1 Evacuation Pause) 207M->89M(256M) 1.016ms
[2026-03-23T17:28:23.450+0900][10.154s][info][gc,cpu      ] GC(31) User=0.01s Sys=0.00s Real=0.01s
[2026-03-23T17:28:23.851+0900][10.554s][info][gc,start    ] GC(32) Pause Young (Normal) (G1 Evacuation Pause)
[2026-03-23T17:28:23.851+0900][10.554s][info][gc,task     ] GC(32) Using 6 workers of 11 for evacuation
[2026-03-23T17:28:23.853+0900][10.556s][info][gc,phases   ] GC(32)   Pre Evacuate Collection Set: 0.12ms
[2026-03-23T17:28:23.853+0900][10.556s][info][gc,phases   ] GC(32)   Merge Heap Roots: 0.06ms
[2026-03-23T17:28:23.853+0900][10.556s][info][gc,phases   ] GC(32)   Evacuate Collection Set: 0.79ms
[2026-03-23T17:28:23.853+0900][10.556s][info][gc,phases   ] GC(32)   Post Evacuate Collection Set: 0.21ms
[2026-03-23T17:28:23.853+0900][10.556s][info][gc,phases   ] GC(32)   Other: 0.11ms
[2026-03-23T17:28:23.853+0900][10.556s][info][gc,heap     ] GC(32) Eden regions: 31->0(33)
[2026-03-23T17:28:23.853+0900][10.556s][info][gc,heap     ] GC(32) Survivor regions: 5->3(5)
[2026-03-23T17:28:23.853+0900][10.556s][info][gc,heap     ] GC(32) Old regions: 18->18
[2026-03-23T17:28:23.853+0900][10.556s][info][gc,heap     ] GC(32) Humongous regions: 0->0
[2026-03-23T17:28:23.853+0900][10.556s][info][gc,metaspace] GC(32) Metaspace: 238K(448K)->238K(448K) NonClass: 223K(320K)->223K(320K) Class: 14K(128K)->14K(128K)
[2026-03-23T17:28:23.853+0900][10.556s][info][gc          ] GC(32) Pause Young (Normal) (G1 Evacuation Pause) 213M->78M(256M) 1.729ms
[2026-03-23T17:28:23.853+0900][10.556s][info][gc,cpu      ] GC(32) User=0.00s Sys=0.01s Real=0.00s
[2026-03-23T17:28:24.280+0900][10.983s][info][gc,start    ] GC(33) Pause Young (Normal) (G1 Evacuation Pause)
[2026-03-23T17:28:24.280+0900][10.983s][info][gc,task     ] GC(33) Using 6 workers of 11 for evacuation
[2026-03-23T17:28:24.281+0900][10.984s][info][gc,phases   ] GC(33)   Pre Evacuate Collection Set: 0.07ms
[2026-03-23T17:28:24.281+0900][10.984s][info][gc,phases   ] GC(33)   Merge Heap Roots: 0.04ms
[2026-03-23T17:28:24.281+0900][10.984s][info][gc,phases   ] GC(33)   Evacuate Collection Set: 0.34ms
[2026-03-23T17:28:24.281+0900][10.984s][info][gc,phases   ] GC(33)   Post Evacuate Collection Set: 0.08ms
[2026-03-23T17:28:24.281+0900][10.984s][info][gc,phases   ] GC(33)   Other: 0.03ms
[2026-03-23T17:28:24.281+0900][10.984s][info][gc,heap     ] GC(33) Eden regions: 33->0(29)
[2026-03-23T17:28:24.281+0900][10.984s][info][gc,heap     ] GC(33) Survivor regions: 3->5(5)
[2026-03-23T17:28:24.281+0900][10.984s][info][gc,heap     ] GC(33) Old regions: 18->20
[2026-03-23T17:28:24.281+0900][10.984s][info][gc,heap     ] GC(33) Humongous regions: 0->0
[2026-03-23T17:28:24.281+0900][10.984s][info][gc,metaspace] GC(33) Metaspace: 238K(448K)->238K(448K) NonClass: 223K(320K)->223K(320K) Class: 14K(128K)->14K(128K)
[2026-03-23T17:28:24.281+0900][10.984s][info][gc          ] GC(33) Pause Young (Normal) (G1 Evacuation Pause) 209M->95M(256M) 0.677ms
[2026-03-23T17:28:24.281+0900][10.984s][info][gc,cpu      ] GC(33) User=0.00s Sys=0.00s Real=0.00s
[2026-03-23T17:28:24.649+0900][11.352s][info][gc,start    ] GC(34) Pause Young (Normal) (G1 Evacuation Pause)
[2026-03-23T17:28:24.649+0900][11.353s][info][gc,task     ] GC(34) Using 6 workers of 11 for evacuation
[2026-03-23T17:28:24.650+0900][11.353s][info][gc,phases   ] GC(34)   Pre Evacuate Collection Set: 0.04ms
[2026-03-23T17:28:24.650+0900][11.353s][info][gc,phases   ] GC(34)   Merge Heap Roots: 0.04ms
[2026-03-23T17:28:24.650+0900][11.353s][info][gc,phases   ] GC(34)   Evacuate Collection Set: 0.46ms
[2026-03-23T17:28:24.650+0900][11.353s][info][gc,phases   ] GC(34)   Post Evacuate Collection Set: 0.09ms
[2026-03-23T17:28:24.650+0900][11.353s][info][gc,phases   ] GC(34)   Other: 0.03ms
[2026-03-23T17:28:24.650+0900][11.353s][info][gc,heap     ] GC(34) Eden regions: 29->0(26)
[2026-03-23T17:28:24.650+0900][11.353s][info][gc,heap     ] GC(34) Survivor regions: 5->5(5)
[2026-03-23T17:28:24.650+0900][11.353s][info][gc,heap     ] GC(34) Old regions: 20->23
[2026-03-23T17:28:24.650+0900][11.353s][info][gc,heap     ] GC(34) Humongous regions: 0->0
[2026-03-23T17:28:24.650+0900][11.353s][info][gc,metaspace] GC(34) Metaspace: 238K(448K)->238K(448K) NonClass: 223K(320K)->223K(320K) Class: 14K(128K)->14K(128K)
[2026-03-23T17:28:24.650+0900][11.353s][info][gc          ] GC(34) Pause Young (Normal) (G1 Evacuation Pause) 210M->108M(256M) 0.819ms
[2026-03-23T17:28:24.650+0900][11.353s][info][gc,cpu      ] GC(34) User=0.01s Sys=0.00s Real=0.01s
[2026-03-23T17:28:24.985+0900][11.688s][info][gc,start    ] GC(35) Pause Young (Normal) (G1 Evacuation Pause)
[2026-03-23T17:28:24.985+0900][11.688s][info][gc,task     ] GC(35) Using 6 workers of 11 for evacuation
[2026-03-23T17:28:24.986+0900][11.689s][info][gc,phases   ] GC(35)   Pre Evacuate Collection Set: 0.04ms
[2026-03-23T17:28:24.986+0900][11.689s][info][gc,phases   ] GC(35)   Merge Heap Roots: 0.02ms
[2026-03-23T17:28:24.986+0900][11.689s][info][gc,phases   ] GC(35)   Evacuate Collection Set: 0.44ms
[2026-03-23T17:28:24.986+0900][11.689s][info][gc,phases   ] GC(35)   Post Evacuate Collection Set: 0.08ms
[2026-03-23T17:28:24.986+0900][11.689s][info][gc,phases   ] GC(35)   Other: 0.03ms
[2026-03-23T17:28:24.986+0900][11.689s][info][gc,heap     ] GC(35) Eden regions: 26->0(23)
[2026-03-23T17:28:24.986+0900][11.689s][info][gc,heap     ] GC(35) Survivor regions: 5->4(4)
[2026-03-23T17:28:24.986+0900][11.689s][info][gc,heap     ] GC(35) Old regions: 23->28
[2026-03-23T17:28:24.986+0900][11.689s][info][gc,heap     ] GC(35) Humongous regions: 0->0
[2026-03-23T17:28:24.986+0900][11.689s][info][gc,metaspace] GC(35) Metaspace: 238K(448K)->238K(448K) NonClass: 223K(320K)->223K(320K) Class: 14K(128K)->14K(128K)
[2026-03-23T17:28:24.986+0900][11.689s][info][gc          ] GC(35) Pause Young (Normal) (G1 Evacuation Pause) 211M->122M(256M) 0.758ms
[2026-03-23T17:28:24.986+0900][11.689s][info][gc,cpu      ] GC(35) User=0.01s Sys=0.00s Real=0.00s
[2026-03-23T17:28:25.280+0900][11.983s][info][gc,start    ] GC(36) Pause Young (Normal) (G1 Evacuation Pause)
[2026-03-23T17:28:25.280+0900][11.983s][info][gc,task     ] GC(36) Using 6 workers of 11 for evacuation
[2026-03-23T17:28:25.281+0900][11.984s][info][gc,phases   ] GC(36)   Pre Evacuate Collection Set: 0.05ms
[2026-03-23T17:28:25.281+0900][11.984s][info][gc,phases   ] GC(36)   Merge Heap Roots: 0.03ms
[2026-03-23T17:28:25.281+0900][11.984s][info][gc,phases   ] GC(36)   Evacuate Collection Set: 0.30ms
[2026-03-23T17:28:25.281+0900][11.984s][info][gc,phases   ] GC(36)   Post Evacuate Collection Set: 0.10ms
[2026-03-23T17:28:25.281+0900][11.984s][info][gc,phases   ] GC(36)   Other: 0.04ms
[2026-03-23T17:28:25.281+0900][11.984s][info][gc,heap     ] GC(36) Eden regions: 23->0(22)
[2026-03-23T17:28:25.281+0900][11.984s][info][gc,heap     ] GC(36) Survivor regions: 4->3(4)
[2026-03-23T17:28:25.281+0900][11.984s][info][gc,heap     ] GC(36) Old regions: 28->31
[2026-03-23T17:28:25.281+0900][11.984s][info][gc,heap     ] GC(36) Humongous regions: 0->0
[2026-03-23T17:28:25.281+0900][11.984s][info][gc,metaspace] GC(36) Metaspace: 238K(448K)->238K(448K) NonClass: 223K(320K)->223K(320K) Class: 14K(128K)->14K(128K)
[2026-03-23T17:28:25.281+0900][11.984s][info][gc          ] GC(36) Pause Young (Normal) (G1 Evacuation Pause) 213M->131M(256M) 0.718ms
[2026-03-23T17:28:25.281+0900][11.984s][info][gc,cpu      ] GC(36) User=0.00s Sys=0.00s Real=0.00s
[2026-03-23T17:28:25.564+0900][12.268s][info][gc,start    ] GC(37) Pause Young (Normal) (G1 Evacuation Pause)
[2026-03-23T17:28:25.564+0900][12.268s][info][gc,task     ] GC(37) Using 6 workers of 11 for evacuation
[2026-03-23T17:28:25.565+0900][12.268s][info][gc,phases   ] GC(37)   Pre Evacuate Collection Set: 0.04ms
[2026-03-23T17:28:25.565+0900][12.268s][info][gc,phases   ] GC(37)   Merge Heap Roots: 0.02ms
[2026-03-23T17:28:25.565+0900][12.268s][info][gc,phases   ] GC(37)   Evacuate Collection Set: 0.21ms
[2026-03-23T17:28:25.565+0900][12.268s][info][gc,phases   ] GC(37)   Post Evacuate Collection Set: 0.08ms
[2026-03-23T17:28:25.565+0900][12.268s][info][gc,phases   ] GC(37)   Other: 0.03ms
[2026-03-23T17:28:25.565+0900][12.268s][info][gc,heap     ] GC(37) Eden regions: 22->0(19)
[2026-03-23T17:28:25.565+0900][12.268s][info][gc,heap     ] GC(37) Survivor regions: 3->3(4)
[2026-03-23T17:28:25.565+0900][12.268s][info][gc,heap     ] GC(37) Old regions: 31->34
[2026-03-23T17:28:25.565+0900][12.268s][info][gc,heap     ] GC(37) Humongous regions: 0->0
[2026-03-23T17:28:25.565+0900][12.268s][info][gc,metaspace] GC(37) Metaspace: 238K(448K)->238K(448K) NonClass: 223K(320K)->223K(320K) Class: 14K(128K)->14K(128K)
[2026-03-23T17:28:25.565+0900][12.268s][info][gc          ] GC(37) Pause Young (Normal) (G1 Evacuation Pause) 219M->141M(256M) 0.490ms
[2026-03-23T17:28:25.565+0900][12.268s][info][gc,cpu      ] GC(37) User=0.00s Sys=0.00s Real=0.00s
[2026-03-23T17:28:25.804+0900][12.507s][info][gc,start    ] GC(38) Pause Young (Normal) (G1 Evacuation Pause)
[2026-03-23T17:28:25.804+0900][12.507s][info][gc,task     ] GC(38) Using 6 workers of 11 for evacuation
[2026-03-23T17:28:25.805+0900][12.508s][info][gc,phases   ] GC(38)   Pre Evacuate Collection Set: 0.05ms
[2026-03-23T17:28:25.805+0900][12.508s][info][gc,phases   ] GC(38)   Merge Heap Roots: 0.04ms
[2026-03-23T17:28:25.805+0900][12.508s][info][gc,phases   ] GC(38)   Evacuate Collection Set: 0.19ms
[2026-03-23T17:28:25.805+0900][12.508s][info][gc,phases   ] GC(38)   Post Evacuate Collection Set: 0.09ms
[2026-03-23T17:28:25.805+0900][12.508s][info][gc,phases   ] GC(38)   Other: 0.05ms
[2026-03-23T17:28:25.805+0900][12.508s][info][gc,heap     ] GC(38) Eden regions: 19->0(18)
[2026-03-23T17:28:25.805+0900][12.508s][info][gc,heap     ] GC(38) Survivor regions: 3->3(3)
[2026-03-23T17:28:25.805+0900][12.508s][info][gc,heap     ] GC(38) Old regions: 34->36
[2026-03-23T17:28:25.805+0900][12.508s][info][gc,heap     ] GC(38) Humongous regions: 0->0
[2026-03-23T17:28:25.805+0900][12.508s][info][gc,metaspace] GC(38) Metaspace: 238K(448K)->238K(448K) NonClass: 223K(320K)->223K(320K) Class: 14K(128K)->14K(128K)
[2026-03-23T17:28:25.805+0900][12.508s][info][gc          ] GC(38) Pause Young (Normal) (G1 Evacuation Pause) 216M->150M(256M) 0.536ms
[2026-03-23T17:28:25.805+0900][12.508s][info][gc,cpu      ] GC(38) User=0.00s Sys=0.00s Real=0.00s
[2026-03-23T17:28:26.036+0900][12.739s][info][gc,start    ] GC(39) Pause Young (Normal) (G1 Evacuation Pause)
[2026-03-23T17:28:26.036+0900][12.739s][info][gc,task     ] GC(39) Using 6 workers of 11 for evacuation
[2026-03-23T17:28:26.036+0900][12.739s][info][gc,phases   ] GC(39)   Pre Evacuate Collection Set: 0.03ms
[2026-03-23T17:28:26.036+0900][12.739s][info][gc,phases   ] GC(39)   Merge Heap Roots: 0.01ms
[2026-03-23T17:28:26.036+0900][12.739s][info][gc,phases   ] GC(39)   Evacuate Collection Set: 0.30ms
[2026-03-23T17:28:26.036+0900][12.739s][info][gc,phases   ] GC(39)   Post Evacuate Collection Set: 0.12ms
[2026-03-23T17:28:26.036+0900][12.739s][info][gc,phases   ] GC(39)   Other: 0.03ms
[2026-03-23T17:28:26.036+0900][12.739s][info][gc,heap     ] GC(39) Eden regions: 18->0(15)
[2026-03-23T17:28:26.036+0900][12.739s][info][gc,heap     ] GC(39) Survivor regions: 3->3(3)
[2026-03-23T17:28:26.036+0900][12.739s][info][gc,heap     ] GC(39) Old regions: 36->39
[2026-03-23T17:28:26.036+0900][12.739s][info][gc,heap     ] GC(39) Humongous regions: 0->0
[2026-03-23T17:28:26.036+0900][12.739s][info][gc,metaspace] GC(39) Metaspace: 238K(448K)->238K(448K) NonClass: 223K(320K)->223K(320K) Class: 14K(128K)->14K(128K)
[2026-03-23T17:28:26.036+0900][12.739s][info][gc          ] GC(39) Pause Young (Normal) (G1 Evacuation Pause) 222M->161M(256M) 0.621ms
[2026-03-23T17:28:26.036+0900][12.739s][info][gc,cpu      ] GC(39) User=0.00s Sys=0.00s Real=0.00s
[2026-03-23T17:28:26.060+0900][12.763s][info][gc,heap,exit] Heap
[2026-03-23T17:28:26.060+0900][12.763s][info][gc,heap,exit]  garbage-first heap   total 262144K, used 171008K [0x00000007e0000000, 0x0000000800000000)
[2026-03-23T17:28:26.060+0900][12.763s][info][gc,heap,exit]   region size 4096K, 5 young (20480K), 3 survivors (12288K)
[2026-03-23T17:28:26.060+0900][12.763s][info][gc,heap,exit]  Metaspace       used 238K, committed 448K, reserved 1114112K
[2026-03-23T17:28:26.060+0900][12.763s][info][gc,heap,exit]   class space    used 14K, committed 128K, reserved 1048576K
