[2026-03-23T17:28:00.355+0900][0.003s][info][gc,init] CardTable entry size: 512
[2026-03-23T17:28:00.355+0900][0.003s][info][gc     ] Using G1
[2026-03-23T17:28:00.355+0900][0.003s][info][gc,init] Version: 21.0.9+10-LTS (release)
[2026-03-23T17:28:00.355+0900][0.003s][info][gc,init] CPUs: 14 total, 14 available
[2026-03-23T17:28:00.355+0900][0.003s][info][gc,init] Memory: 49152M
[2026-03-23T17:28:00.355+0900][0.003s][info][gc,init] Large Page Support: Disabled
[2026-03-23T17:28:00.355+0900][0.003s][info][gc,init] NUMA Support: Disabled
[2026-03-23T17:28:00.355+0900][0.003s][info][gc,init] Compressed Oops: Enabled (Zero based)
[2026-03-23T17:28:00.355+0900][0.003s][info][gc,init] Heap Region Size: 1M
[2026-03-23T17:28:00.355+0900][0.003s][info][gc,init] Heap Min Capacity: 256M
[2026-03-23T17:28:00.355+0900][0.003s][info][gc,init] Heap Initial Capacity: 256M
[2026-03-23T17:28:00.355+0900][0.003s][info][gc,init] Heap Max Capacity: 512M
[2026-03-23T17:28:00.355+0900][0.003s][info][gc,init] Pre-touch: Disabled
[2026-03-23T17:28:00.355+0900][0.003s][info][gc,init] Parallel Workers: 11
[2026-03-23T17:28:00.355+0900][0.003s][info][gc,init] Concurrent Workers: 3
[2026-03-23T17:28:00.355+0900][0.003s][info][gc,init] Concurrent Refinement Workers: 11
[2026-03-23T17:28:00.355+0900][0.003s][info][gc,init] Periodic GC: Disabled
[2026-03-23T17:28:00.358+0900][0.006s][info][gc,metaspace] CDS archive(s) mapped at: [0x000000b800000000-0x000000b800c9c000-0x000000b800c9c000), size 13221888, SharedBaseAddress: 0x000000b800000000, ArchiveRelocationMode: 1.
[2026-03-23T17:28:00.358+0900][0.006s][info][gc,metaspace] Compressed class space mapped at: 0x000000b801000000-0x000000b841000000, reserved size: 1073741824
[2026-03-23T17:28:00.358+0900][0.006s][info][gc,metaspace] Narrow klass base: 0x000000b800000000, Narrow klass shift: 0, Narrow klass range: 0x100000000
[2026-03-23T17:28:00.577+0900][0.225s][info][gc,start    ] GC(0) Pause Young (Concurrent Start) (G1 Humongous Allocation)
[2026-03-23T17:28:00.577+0900][0.225s][info][gc,task     ] GC(0) Using 6 workers of 11 for evacuation
[2026-03-23T17:28:00.578+0900][0.226s][info][gc,phases   ] GC(0)   Pre Evacuate Collection Set: 0.11ms
[2026-03-23T17:28:00.578+0900][0.226s][info][gc,phases   ] GC(0)   Merge Heap Roots: 0.04ms
[2026-03-23T17:28:00.578+0900][0.226s][info][gc,phases   ] GC(0)   Evacuate Collection Set: 0.23ms
[2026-03-23T17:28:00.578+0900][0.226s][info][gc,phases   ] GC(0)   Post Evacuate Collection Set: 0.25ms
[2026-03-23T17:28:00.578+0900][0.226s][info][gc,phases   ] GC(0)   Other: 0.27ms
[2026-03-23T17:28:00.578+0900][0.226s][info][gc,heap     ] GC(0) Eden regions: 2->0(23)
[2026-03-23T17:28:00.578+0900][0.226s][info][gc,heap     ] GC(0) Survivor regions: 0->1(2)
[2026-03-23T17:28:00.578+0900][0.226s][info][gc,heap     ] GC(0) Old regions: 2->2
[2026-03-23T17:28:00.578+0900][0.226s][info][gc,heap     ] GC(0) Humongous regions: 114->18
[2026-03-23T17:28:00.578+0900][0.226s][info][gc,metaspace] GC(0) Metaspace: 215K(384K)->215K(384K) NonClass: 201K(256K)->201K(256K) Class: 14K(128K)->14K(128K)
[2026-03-23T17:28:00.578+0900][0.226s][info][gc          ] GC(0) Pause Young (Concurrent Start) (G1 Humongous Allocation) 116M->19M(258M) 1.178ms
[2026-03-23T17:28:00.578+0900][0.226s][info][gc,cpu      ] GC(0) User=0.00s Sys=0.00s Real=0.00s
[2026-03-23T17:28:00.578+0900][0.226s][info][gc          ] GC(1) Concurrent Undo Cycle
[2026-03-23T17:28:00.578+0900][0.226s][info][gc,marking  ] GC(1) Concurrent Clear Claimed Marks
[2026-03-23T17:28:00.578+0900][0.226s][info][gc,marking  ] GC(1) Concurrent Clear Claimed Marks 0.011ms
[2026-03-23T17:28:00.578+0900][0.226s][info][gc,marking  ] GC(1) Concurrent Cleanup for Next Mark
[2026-03-23T17:28:00.578+0900][0.226s][info][gc,marking  ] GC(1) Concurrent Cleanup for Next Mark 0.029ms
[2026-03-23T17:28:00.578+0900][0.226s][info][gc          ] GC(1) Concurrent Undo Cycle 0.111ms
[2026-03-23T17:28:00.757+0900][0.405s][info][gc,start    ] GC(2) Pause Young (Concurrent Start) (G1 Humongous Allocation)
[2026-03-23T17:28:00.757+0900][0.405s][info][gc,task     ] GC(2) Using 6 workers of 11 for evacuation
[2026-03-23T17:28:00.758+0900][0.406s][info][gc,phases   ] GC(2)   Pre Evacuate Collection Set: 0.11ms
[2026-03-23T17:28:00.758+0900][0.406s][info][gc,phases   ] GC(2)   Merge Heap Roots: 0.03ms
[2026-03-23T17:28:00.758+0900][0.406s][info][gc,phases   ] GC(2)   Evacuate Collection Set: 0.39ms
[2026-03-23T17:28:00.758+0900][0.406s][info][gc,phases   ] GC(2)   Post Evacuate Collection Set: 0.15ms
[2026-03-23T17:28:00.758+0900][0.406s][info][gc,phases   ] GC(2)   Other: 0.11ms
[2026-03-23T17:28:00.758+0900][0.406s][info][gc,heap     ] GC(2) Eden regions: 1->0(69)
[2026-03-23T17:28:00.758+0900][0.406s][info][gc,heap     ] GC(2) Survivor regions: 1->1(3)
[2026-03-23T17:28:00.758+0900][0.406s][info][gc,heap     ] GC(2) Old regions: 2->2
[2026-03-23T17:28:00.758+0900][0.406s][info][gc,heap     ] GC(2) Humongous regions: 114->27
[2026-03-23T17:28:00.758+0900][0.406s][info][gc,metaspace] GC(2) Metaspace: 216K(384K)->216K(384K) NonClass: 201K(256K)->201K(256K) Class: 14K(128K)->14K(128K)
[2026-03-23T17:28:00.758+0900][0.406s][info][gc          ] GC(2) Pause Young (Concurrent Start) (G1 Humongous Allocation) 115M->28M(258M) 1.074ms
[2026-03-23T17:28:00.758+0900][0.406s][info][gc,cpu      ] GC(2) User=0.00s Sys=0.00s Real=0.00s
[2026-03-23T17:28:00.758+0900][0.406s][info][gc          ] GC(3) Concurrent Undo Cycle
[2026-03-23T17:28:00.758+0900][0.406s][info][gc,marking  ] GC(3) Concurrent Clear Claimed Marks
[2026-03-23T17:28:00.758+0900][0.406s][info][gc,marking  ] GC(3) Concurrent Clear Claimed Marks 0.016ms
[2026-03-23T17:28:00.758+0900][0.406s][info][gc,marking  ] GC(3) Concurrent Cleanup for Next Mark
[2026-03-23T17:28:00.758+0900][0.406s][info][gc,marking  ] GC(3) Concurrent Cleanup for Next Mark 0.030ms
[2026-03-23T17:28:00.758+0900][0.406s][info][gc          ] GC(3) Concurrent Undo Cycle 0.130ms
[2026-03-23T17:28:00.926+0900][0.574s][info][gc,start    ] GC(4) Pause Young (Concurrent Start) (G1 Humongous Allocation)
[2026-03-23T17:28:00.926+0900][0.574s][info][gc,task     ] GC(4) Using 6 workers of 11 for evacuation
[2026-03-23T17:28:00.927+0900][0.575s][info][gc,phases   ] GC(4)   Pre Evacuate Collection Set: 0.16ms
[2026-03-23T17:28:00.927+0900][0.575s][info][gc,phases   ] GC(4)   Merge Heap Roots: 0.05ms
[2026-03-23T17:28:00.927+0900][0.575s][info][gc,phases   ] GC(4)   Evacuate Collection Set: 0.53ms
[2026-03-23T17:28:00.927+0900][0.575s][info][gc,phases   ] GC(4)   Post Evacuate Collection Set: 0.25ms
[2026-03-23T17:28:00.927+0900][0.575s][info][gc,phases   ] GC(4)   Other: 0.12ms
[2026-03-23T17:28:00.928+0900][0.575s][info][gc,heap     ] GC(4) Eden regions: 1->0(144)
[2026-03-23T17:28:00.928+0900][0.576s][info][gc,heap     ] GC(4) Survivor regions: 1->1(9)
[2026-03-23T17:28:00.928+0900][0.576s][info][gc,heap     ] GC(4) Old regions: 2->2
[2026-03-23T17:28:00.928+0900][0.576s][info][gc,heap     ] GC(4) Humongous regions: 114->36
[2026-03-23T17:28:00.928+0900][0.576s][info][gc,metaspace] GC(4) Metaspace: 216K(384K)->216K(384K) NonClass: 201K(256K)->201K(256K) Class: 14K(128K)->14K(128K)
[2026-03-23T17:28:00.928+0900][0.576s][info][gc          ] GC(4) Pause Young (Concurrent Start) (G1 Humongous Allocation) 115M->37M(258M) 1.523ms
[2026-03-23T17:28:00.928+0900][0.576s][info][gc,cpu      ] GC(4) User=0.00s Sys=0.00s Real=0.00s
[2026-03-23T17:28:00.928+0900][0.576s][info][gc          ] GC(5) Concurrent Undo Cycle
[2026-03-23T17:28:00.928+0900][0.576s][info][gc,marking  ] GC(5) Concurrent Clear Claimed Marks
[2026-03-23T17:28:00.928+0900][0.576s][info][gc,marking  ] GC(5) Concurrent Clear Claimed Marks 0.020ms
[2026-03-23T17:28:00.928+0900][0.576s][info][gc,marking  ] GC(5) Concurrent Cleanup for Next Mark
[2026-03-23T17:28:00.928+0900][0.576s][info][gc,marking  ] GC(5) Concurrent Cleanup for Next Mark 0.030ms
[2026-03-23T17:28:00.928+0900][0.576s][info][gc          ] GC(5) Concurrent Undo Cycle 0.189ms
[2026-03-23T17:28:01.075+0900][0.723s][info][gc,start    ] GC(6) Pause Young (Concurrent Start) (G1 Humongous Allocation)
[2026-03-23T17:28:01.075+0900][0.723s][info][gc,task     ] GC(6) Using 6 workers of 11 for evacuation
[2026-03-23T17:28:01.076+0900][0.724s][info][gc,phases   ] GC(6)   Pre Evacuate Collection Set: 0.07ms
[2026-03-23T17:28:01.076+0900][0.724s][info][gc,phases   ] GC(6)   Merge Heap Roots: 0.02ms
[2026-03-23T17:28:01.076+0900][0.724s][info][gc,phases   ] GC(6)   Evacuate Collection Set: 0.14ms
[2026-03-23T17:28:01.076+0900][0.724s][info][gc,phases   ] GC(6)   Post Evacuate Collection Set: 0.09ms
[2026-03-23T17:28:01.076+0900][0.724s][info][gc,phases   ] GC(6)   Other: 0.05ms
[2026-03-23T17:28:01.076+0900][0.724s][info][gc,heap     ] GC(6) Eden regions: 1->0(152)
[2026-03-23T17:28:01.076+0900][0.724s][info][gc,heap     ] GC(6) Survivor regions: 1->1(19)
[2026-03-23T17:28:01.076+0900][0.724s][info][gc,heap     ] GC(6) Old regions: 2->2
[2026-03-23T17:28:01.076+0900][0.724s][info][gc,heap     ] GC(6) Humongous regions: 114->45
[2026-03-23T17:28:01.076+0900][0.724s][info][gc,metaspace] GC(6) Metaspace: 221K(384K)->221K(384K) NonClass: 206K(256K)->206K(256K) Class: 14K(128K)->14K(128K)
[2026-03-23T17:28:01.076+0900][0.724s][info][gc          ] GC(6) Pause Young (Concurrent Start) (G1 Humongous Allocation) 115M->46M(258M) 0.527ms
[2026-03-23T17:28:01.076+0900][0.724s][info][gc,cpu      ] GC(6) User=0.00s Sys=0.00s Real=0.00s
[2026-03-23T17:28:01.076+0900][0.724s][info][gc          ] GC(7) Concurrent Undo Cycle
[2026-03-23T17:28:01.076+0900][0.724s][info][gc,marking  ] GC(7) Concurrent Clear Claimed Marks
[2026-03-23T17:28:01.076+0900][0.724s][info][gc,marking  ] GC(7) Concurrent Clear Claimed Marks 0.007ms
[2026-03-23T17:28:01.076+0900][0.724s][info][gc,marking  ] GC(7) Concurrent Cleanup for Next Mark
[2026-03-23T17:28:01.076+0900][0.724s][info][gc,marking  ] GC(7) Concurrent Cleanup for Next Mark 0.013ms
[2026-03-23T17:28:01.076+0900][0.724s][info][gc          ] GC(7) Concurrent Undo Cycle 0.058ms
[2026-03-23T17:28:01.200+0900][0.848s][info][gc,start    ] GC(8) Pause Young (Concurrent Start) (G1 Humongous Allocation)
[2026-03-23T17:28:01.200+0900][0.848s][info][gc,task     ] GC(8) Using 6 workers of 11 for evacuation
[2026-03-23T17:28:01.201+0900][0.849s][info][gc,phases   ] GC(8)   Pre Evacuate Collection Set: 0.09ms
[2026-03-23T17:28:01.201+0900][0.849s][info][gc,phases   ] GC(8)   Merge Heap Roots: 0.02ms
[2026-03-23T17:28:01.201+0900][0.849s][info][gc,phases   ] GC(8)   Evacuate Collection Set: 0.21ms
[2026-03-23T17:28:01.201+0900][0.849s][info][gc,phases   ] GC(8)   Post Evacuate Collection Set: 0.10ms
[2026-03-23T17:28:01.201+0900][0.849s][info][gc,phases   ] GC(8)   Other: 0.04ms
[2026-03-23T17:28:01.201+0900][0.849s][info][gc,heap     ] GC(8) Eden regions: 1->0(152)
[2026-03-23T17:28:01.201+0900][0.849s][info][gc,heap     ] GC(8) Survivor regions: 1->1(20)
[2026-03-23T17:28:01.201+0900][0.849s][info][gc,heap     ] GC(8) Old regions: 2->2
[2026-03-23T17:28:01.201+0900][0.849s][info][gc,heap     ] GC(8) Humongous regions: 114->54
[2026-03-23T17:28:01.201+0900][0.849s][info][gc,metaspace] GC(8) Metaspace: 223K(384K)->223K(384K) NonClass: 209K(256K)->209K(256K) Class: 14K(128K)->14K(128K)
[2026-03-23T17:28:01.201+0900][0.849s][info][gc          ] GC(8) Pause Young (Concurrent Start) (G1 Humongous Allocation) 115M->55M(258M) 0.601ms
[2026-03-23T17:28:01.201+0900][0.849s][info][gc,cpu      ] GC(8) User=0.00s Sys=0.00s Real=0.00s
[2026-03-23T17:28:01.201+0900][0.849s][info][gc          ] GC(9) Concurrent Undo Cycle
[2026-03-23T17:28:01.201+0900][0.849s][info][gc,marking  ] GC(9) Concurrent Clear Claimed Marks
[2026-03-23T17:28:01.201+0900][0.849s][info][gc,marking  ] GC(9) Concurrent Clear Claimed Marks 0.010ms
[2026-03-23T17:28:01.201+0900][0.849s][info][gc,marking  ] GC(9) Concurrent Cleanup for Next Mark
[2026-03-23T17:28:01.201+0900][0.849s][info][gc,marking  ] GC(9) Concurrent Cleanup for Next Mark 0.016ms
[2026-03-23T17:28:01.201+0900][0.849s][info][gc          ] GC(9) Concurrent Undo Cycle 0.071ms
[2026-03-23T17:28:01.311+0900][0.959s][info][gc,start    ] GC(10) Pause Young (Concurrent Start) (G1 Humongous Allocation)
[2026-03-23T17:28:01.311+0900][0.959s][info][gc,task     ] GC(10) Using 6 workers of 11 for evacuation
[2026-03-23T17:28:01.312+0900][0.960s][info][gc,phases   ] GC(10)   Pre Evacuate Collection Set: 0.10ms
[2026-03-23T17:28:01.312+0900][0.960s][info][gc,phases   ] GC(10)   Merge Heap Roots: 0.05ms
[2026-03-23T17:28:01.312+0900][0.960s][info][gc,phases   ] GC(10)   Evacuate Collection Set: 0.20ms
[2026-03-23T17:28:01.312+0900][0.960s][info][gc,phases   ] GC(10)   Post Evacuate Collection Set: 0.13ms
[2026-03-23T17:28:01.312+0900][0.960s][info][gc,phases   ] GC(10)   Other: 0.07ms
[2026-03-23T17:28:01.312+0900][0.960s][info][gc,heap     ] GC(10) Eden regions: 1->0(152)
[2026-03-23T17:28:01.312+0900][0.960s][info][gc,heap     ] GC(10) Survivor regions: 1->1(20)
[2026-03-23T17:28:01.312+0900][0.960s][info][gc,heap     ] GC(10) Old regions: 2->2
[2026-03-23T17:28:01.312+0900][0.960s][info][gc,heap     ] GC(10) Humongous regions: 114->60
[2026-03-23T17:28:01.312+0900][0.960s][info][gc,metaspace] GC(10) Metaspace: 223K(384K)->223K(384K) NonClass: 209K(256K)->209K(256K) Class: 14K(128K)->14K(128K)
[2026-03-23T17:28:01.312+0900][0.960s][info][gc          ] GC(10) Pause Young (Concurrent Start) (G1 Humongous Allocation) 115M->61M(258M) 0.764ms
[2026-03-23T17:28:01.312+0900][0.960s][info][gc,cpu      ] GC(10) User=0.00s Sys=0.01s Real=0.00s
[2026-03-23T17:28:01.312+0900][0.960s][info][gc          ] GC(11) Concurrent Undo Cycle
[2026-03-23T17:28:01.312+0900][0.960s][info][gc,marking  ] GC(11) Concurrent Clear Claimed Marks
[2026-03-23T17:28:01.312+0900][0.960s][info][gc,marking  ] GC(11) Concurrent Clear Claimed Marks 0.015ms
[2026-03-23T17:28:01.312+0900][0.960s][info][gc,marking  ] GC(11) Concurrent Cleanup for Next Mark
[2026-03-23T17:28:01.312+0900][0.960s][info][gc,marking  ] GC(11) Concurrent Cleanup for Next Mark 0.020ms
[2026-03-23T17:28:01.312+0900][0.960s][info][gc          ] GC(11) Concurrent Undo Cycle 0.102ms
[2026-03-23T17:28:01.413+0900][1.061s][info][gc,start    ] GC(12) Pause Young (Concurrent Start) (G1 Humongous Allocation)
[2026-03-23T17:28:01.413+0900][1.061s][info][gc,task     ] GC(12) Using 6 workers of 11 for evacuation
[2026-03-23T17:28:01.414+0900][1.062s][info][gc,phases   ] GC(12)   Pre Evacuate Collection Set: 0.10ms
[2026-03-23T17:28:01.414+0900][1.062s][info][gc,phases   ] GC(12)   Merge Heap Roots: 0.03ms
[2026-03-23T17:28:01.414+0900][1.062s][info][gc,phases   ] GC(12)   Evacuate Collection Set: 0.18ms
[2026-03-23T17:28:01.414+0900][1.062s][info][gc,phases   ] GC(12)   Post Evacuate Collection Set: 0.12ms
[2026-03-23T17:28:01.414+0900][1.062s][info][gc,phases   ] GC(12)   Other: 0.06ms
[2026-03-23T17:28:01.414+0900][1.062s][info][gc,heap     ] GC(12) Eden regions: 1->0(152)
[2026-03-23T17:28:01.414+0900][1.062s][info][gc,heap     ] GC(12) Survivor regions: 1->1(20)
[2026-03-23T17:28:01.414+0900][1.062s][info][gc,heap     ] GC(12) Old regions: 2->2
[2026-03-23T17:28:01.414+0900][1.062s][info][gc,heap     ] GC(12) Humongous regions: 114->66
[2026-03-23T17:28:01.414+0900][1.062s][info][gc,metaspace] GC(12) Metaspace: 223K(384K)->223K(384K) NonClass: 209K(256K)->209K(256K) Class: 14K(128K)->14K(128K)
[2026-03-23T17:28:01.414+0900][1.062s][info][gc          ] GC(12) Pause Young (Concurrent Start) (G1 Humongous Allocation) 115M->67M(258M) 0.648ms
[2026-03-23T17:28:01.414+0900][1.062s][info][gc,cpu      ] GC(12) User=0.00s Sys=0.00s Real=0.00s
[2026-03-23T17:28:01.414+0900][1.062s][info][gc          ] GC(13) Concurrent Undo Cycle
[2026-03-23T17:28:01.414+0900][1.062s][info][gc,marking  ] GC(13) Concurrent Clear Claimed Marks
[2026-03-23T17:28:01.414+0900][1.062s][info][gc,marking  ] GC(13) Concurrent Clear Claimed Marks 0.009ms
[2026-03-23T17:28:01.414+0900][1.062s][info][gc,marking  ] GC(13) Concurrent Cleanup for Next Mark
[2026-03-23T17:28:01.414+0900][1.062s][info][gc,marking  ] GC(13) Concurrent Cleanup for Next Mark 0.021ms
[2026-03-23T17:28:01.414+0900][1.062s][info][gc          ] GC(13) Concurrent Undo Cycle 0.081ms
[2026-03-23T17:28:01.501+0900][1.149s][info][gc,start    ] GC(14) Pause Young (Concurrent Start) (G1 Humongous Allocation)
[2026-03-23T17:28:01.501+0900][1.149s][info][gc,task     ] GC(14) Using 6 workers of 11 for evacuation
[2026-03-23T17:28:01.502+0900][1.150s][info][gc,phases   ] GC(14)   Pre Evacuate Collection Set: 0.16ms
[2026-03-23T17:28:01.502+0900][1.150s][info][gc,phases   ] GC(14)   Merge Heap Roots: 0.04ms
[2026-03-23T17:28:01.502+0900][1.150s][info][gc,phases   ] GC(14)   Evacuate Collection Set: 0.29ms
[2026-03-23T17:28:01.502+0900][1.150s][info][gc,phases   ] GC(14)   Post Evacuate Collection Set: 0.13ms
[2026-03-23T17:28:01.502+0900][1.150s][info][gc,phases   ] GC(14)   Other: 0.09ms
[2026-03-23T17:28:01.502+0900][1.150s][info][gc,heap     ] GC(14) Eden regions: 1->0(152)
[2026-03-23T17:28:01.502+0900][1.150s][info][gc,heap     ] GC(14) Survivor regions: 1->1(20)
[2026-03-23T17:28:01.502+0900][1.150s][info][gc,heap     ] GC(14) Old regions: 2->2
[2026-03-23T17:28:01.502+0900][1.150s][info][gc,heap     ] GC(14) Humongous regions: 114->72
[2026-03-23T17:28:01.502+0900][1.150s][info][gc,metaspace] GC(14) Metaspace: 227K(384K)->227K(384K) NonClass: 212K(256K)->212K(256K) Class: 14K(128K)->14K(128K)
[2026-03-23T17:28:01.502+0900][1.150s][info][gc          ] GC(14) Pause Young (Concurrent Start) (G1 Humongous Allocation) 115M->73M(258M) 0.948ms
[2026-03-23T17:28:01.502+0900][1.150s][info][gc,cpu      ] GC(14) User=0.00s Sys=0.00s Real=0.00s
[2026-03-23T17:28:01.502+0900][1.150s][info][gc          ] GC(15) Concurrent Undo Cycle
[2026-03-23T17:28:01.502+0900][1.150s][info][gc,marking  ] GC(15) Concurrent Clear Claimed Marks
[2026-03-23T17:28:01.502+0900][1.150s][info][gc,marking  ] GC(15) Concurrent Clear Claimed Marks 0.015ms
[2026-03-23T17:28:01.502+0900][1.150s][info][gc,marking  ] GC(15) Concurrent Cleanup for Next Mark
[2026-03-23T17:28:01.502+0900][1.150s][info][gc,marking  ] GC(15) Concurrent Cleanup for Next Mark 0.026ms
[2026-03-23T17:28:01.502+0900][1.150s][info][gc          ] GC(15) Concurrent Undo Cycle 0.113ms
[2026-03-23T17:28:01.581+0900][1.229s][info][gc,start    ] GC(16) Pause Young (Concurrent Start) (G1 Humongous Allocation)
[2026-03-23T17:28:01.581+0900][1.229s][info][gc,task     ] GC(16) Using 6 workers of 11 for evacuation
[2026-03-23T17:28:01.581+0900][1.229s][info][gc,phases   ] GC(16)   Pre Evacuate Collection Set: 0.08ms
[2026-03-23T17:28:01.581+0900][1.229s][info][gc,phases   ] GC(16)   Merge Heap Roots: 0.02ms
[2026-03-23T17:28:01.581+0900][1.229s][info][gc,phases   ] GC(16)   Evacuate Collection Set: 0.16ms
[2026-03-23T17:28:01.581+0900][1.229s][info][gc,phases   ] GC(16)   Post Evacuate Collection Set: 0.08ms
[2026-03-23T17:28:01.581+0900][1.229s][info][gc,phases   ] GC(16)   Other: 0.06ms
[2026-03-23T17:28:01.581+0900][1.229s][info][gc,heap     ] GC(16) Eden regions: 1->0(152)
[2026-03-23T17:28:01.581+0900][1.229s][info][gc,heap     ] GC(16) Survivor regions: 1->1(20)
[2026-03-23T17:28:01.581+0900][1.229s][info][gc,heap     ] GC(16) Old regions: 2->2
[2026-03-23T17:28:01.581+0900][1.229s][info][gc,heap     ] GC(16) Humongous regions: 114->75
[2026-03-23T17:28:01.581+0900][1.229s][info][gc,metaspace] GC(16) Metaspace: 227K(384K)->227K(384K) NonClass: 212K(256K)->212K(256K) Class: 14K(128K)->14K(128K)
[2026-03-23T17:28:01.581+0900][1.229s][info][gc          ] GC(16) Pause Young (Concurrent Start) (G1 Humongous Allocation) 115M->76M(258M) 0.554ms
[2026-03-23T17:28:01.581+0900][1.229s][info][gc,cpu      ] GC(16) User=0.00s Sys=0.00s Real=0.00s
[2026-03-23T17:28:01.581+0900][1.229s][info][gc          ] GC(17) Concurrent Undo Cycle
[2026-03-23T17:28:01.581+0900][1.229s][info][gc,marking  ] GC(17) Concurrent Clear Claimed Marks
[2026-03-23T17:28:01.581+0900][1.229s][info][gc,marking  ] GC(17) Concurrent Clear Claimed Marks 0.008ms
[2026-03-23T17:28:01.581+0900][1.229s][info][gc,marking  ] GC(17) Concurrent Cleanup for Next Mark
[2026-03-23T17:28:01.581+0900][1.229s][info][gc,marking  ] GC(17) Concurrent Cleanup for Next Mark 0.015ms
[2026-03-23T17:28:01.581+0900][1.229s][info][gc          ] GC(17) Concurrent Undo Cycle 0.060ms
[2026-03-23T17:28:01.649+0900][1.297s][info][gc,start    ] GC(18) Pause Young (Concurrent Start) (G1 Humongous Allocation)
[2026-03-23T17:28:01.649+0900][1.297s][info][gc,task     ] GC(18) Using 6 workers of 11 for evacuation
[2026-03-23T17:28:01.649+0900][1.297s][info][gc,phases   ] GC(18)   Pre Evacuate Collection Set: 0.06ms
[2026-03-23T17:28:01.649+0900][1.297s][info][gc,phases   ] GC(18)   Merge Heap Roots: 0.02ms
[2026-03-23T17:28:01.649+0900][1.297s][info][gc,phases   ] GC(18)   Evacuate Collection Set: 0.24ms
[2026-03-23T17:28:01.649+0900][1.297s][info][gc,phases   ] GC(18)   Post Evacuate Collection Set: 0.09ms
[2026-03-23T17:28:01.649+0900][1.297s][info][gc,phases   ] GC(18)   Other: 0.04ms
[2026-03-23T17:28:01.649+0900][1.297s][info][gc,heap     ] GC(18) Eden regions: 1->0(152)
[2026-03-23T17:28:01.649+0900][1.297s][info][gc,heap     ] GC(18) Survivor regions: 1->1(20)
[2026-03-23T17:28:01.649+0900][1.297s][info][gc,heap     ] GC(18) Old regions: 2->2
[2026-03-23T17:28:01.649+0900][1.297s][info][gc,heap     ] GC(18) Humongous regions: 114->81
[2026-03-23T17:28:01.649+0900][1.297s][info][gc,metaspace] GC(18) Metaspace: 227K(384K)->227K(384K) NonClass: 212K(256K)->212K(256K) Class: 14K(128K)->14K(128K)
[2026-03-23T17:28:01.649+0900][1.297s][info][gc          ] GC(18) Pause Young (Concurrent Start) (G1 Humongous Allocation) 115M->82M(258M) 0.611ms
[2026-03-23T17:28:01.649+0900][1.297s][info][gc,cpu      ] GC(18) User=0.00s Sys=0.00s Real=0.00s
[2026-03-23T17:28:01.649+0900][1.297s][info][gc          ] GC(19) Concurrent Undo Cycle
[2026-03-23T17:28:01.650+0900][1.298s][info][gc,marking  ] GC(19) Concurrent Clear Claimed Marks
[2026-03-23T17:28:01.650+0900][1.298s][info][gc,marking  ] GC(19) Concurrent Clear Claimed Marks 0.009ms
[2026-03-23T17:28:01.650+0900][1.298s][info][gc,marking  ] GC(19) Concurrent Cleanup for Next Mark
[2026-03-23T17:28:01.650+0900][1.298s][info][gc,marking  ] GC(19) Concurrent Cleanup for Next Mark 0.024ms
[2026-03-23T17:28:01.650+0900][1.298s][info][gc          ] GC(19) Concurrent Undo Cycle 0.093ms
[2026-03-23T17:28:01.710+0900][1.358s][info][gc,start    ] GC(20) Pause Young (Concurrent Start) (G1 Humongous Allocation)
[2026-03-23T17:28:01.710+0900][1.358s][info][gc,task     ] GC(20) Using 6 workers of 11 for evacuation
[2026-03-23T17:28:01.711+0900][1.359s][info][gc,phases   ] GC(20)   Pre Evacuate Collection Set: 0.07ms
[2026-03-23T17:28:01.711+0900][1.359s][info][gc,phases   ] GC(20)   Merge Heap Roots: 0.03ms
[2026-03-23T17:28:01.711+0900][1.359s][info][gc,phases   ] GC(20)   Evacuate Collection Set: 0.10ms
[2026-03-23T17:28:01.711+0900][1.359s][info][gc,phases   ] GC(20)   Post Evacuate Collection Set: 0.08ms
[2026-03-23T17:28:01.711+0900][1.359s][info][gc,phases   ] GC(20)   Other: 0.04ms
[2026-03-23T17:28:01.711+0900][1.359s][info][gc,heap     ] GC(20) Eden regions: 1->0(152)
[2026-03-23T17:28:01.711+0900][1.359s][info][gc,heap     ] GC(20) Survivor regions: 1->1(20)
[2026-03-23T17:28:01.711+0900][1.359s][info][gc,heap     ] GC(20) Old regions: 2->2
[2026-03-23T17:28:01.711+0900][1.359s][info][gc,heap     ] GC(20) Humongous regions: 114->84
[2026-03-23T17:28:01.711+0900][1.359s][info][gc,metaspace] GC(20) Metaspace: 227K(384K)->227K(384K) NonClass: 212K(256K)->212K(256K) Class: 14K(128K)->14K(128K)
[2026-03-23T17:28:01.711+0900][1.359s][info][gc          ] GC(20) Pause Young (Concurrent Start) (G1 Humongous Allocation) 115M->85M(258M) 0.438ms
[2026-03-23T17:28:01.711+0900][1.359s][info][gc,cpu      ] GC(20) User=0.00s Sys=0.00s Real=0.00s
[2026-03-23T17:28:01.711+0900][1.359s][info][gc          ] GC(21) Concurrent Undo Cycle
[2026-03-23T17:28:01.711+0900][1.359s][info][gc,marking  ] GC(21) Concurrent Clear Claimed Marks
[2026-03-23T17:28:01.711+0900][1.359s][info][gc,marking  ] GC(21) Concurrent Clear Claimed Marks 0.010ms
[2026-03-23T17:28:01.711+0900][1.359s][info][gc,marking  ] GC(21) Concurrent Cleanup for Next Mark
[2026-03-23T17:28:01.711+0900][1.359s][info][gc,marking  ] GC(21) Concurrent Cleanup for Next Mark 0.025ms
[2026-03-23T17:28:01.711+0900][1.359s][info][gc          ] GC(21) Concurrent Undo Cycle 0.071ms
[2026-03-23T17:28:01.767+0900][1.415s][info][gc,start    ] GC(22) Pause Young (Concurrent Start) (G1 Humongous Allocation)
[2026-03-23T17:28:01.767+0900][1.415s][info][gc,task     ] GC(22) Using 6 workers of 11 for evacuation
[2026-03-23T17:28:01.767+0900][1.415s][info][gc,phases   ] GC(22)   Pre Evacuate Collection Set: 0.07ms
[2026-03-23T17:28:01.767+0900][1.415s][info][gc,phases   ] GC(22)   Merge Heap Roots: 0.02ms
[2026-03-23T17:28:01.767+0900][1.415s][info][gc,phases   ] GC(22)   Evacuate Collection Set: 0.14ms
[2026-03-23T17:28:01.767+0900][1.415s][info][gc,phases   ] GC(22)   Post Evacuate Collection Set: 0.09ms
[2026-03-23T17:28:01.767+0900][1.415s][info][gc,phases   ] GC(22)   Other: 0.04ms
[2026-03-23T17:28:01.767+0900][1.415s][info][gc,heap     ] GC(22) Eden regions: 1->0(152)
[2026-03-23T17:28:01.767+0900][1.415s][info][gc,heap     ] GC(22) Survivor regions: 1->1(20)
[2026-03-23T17:28:01.767+0900][1.415s][info][gc,heap     ] GC(22) Old regions: 2->2
[2026-03-23T17:28:01.767+0900][1.415s][info][gc,heap     ] GC(22) Humongous regions: 114->87
[2026-03-23T17:28:01.767+0900][1.415s][info][gc,metaspace] GC(22) Metaspace: 227K(384K)->227K(384K) NonClass: 212K(256K)->212K(256K) Class: 14K(128K)->14K(128K)
[2026-03-23T17:28:01.767+0900][1.415s][info][gc          ] GC(22) Pause Young (Concurrent Start) (G1 Humongous Allocation) 115M->88M(258M) 0.520ms
[2026-03-23T17:28:01.767+0900][1.415s][info][gc,cpu      ] GC(22) User=0.01s Sys=0.00s Real=0.00s
[2026-03-23T17:28:01.767+0900][1.415s][info][gc          ] GC(23) Concurrent Undo Cycle
[2026-03-23T17:28:01.767+0900][1.415s][info][gc,marking  ] GC(23) Concurrent Clear Claimed Marks
[2026-03-23T17:28:01.767+0900][1.415s][info][gc,marking  ] GC(23) Concurrent Clear Claimed Marks 0.006ms
[2026-03-23T17:28:01.767+0900][1.415s][info][gc,marking  ] GC(23) Concurrent Cleanup for Next Mark
[2026-03-23T17:28:01.768+0900][1.416s][info][gc,marking  ] GC(23) Concurrent Cleanup for Next Mark 0.014ms
[2026-03-23T17:28:01.768+0900][1.416s][info][gc          ] GC(23) Concurrent Undo Cycle 0.054ms
[2026-03-23T17:28:01.817+0900][1.465s][info][gc,start    ] GC(24) Pause Young (Concurrent Start) (G1 Humongous Allocation)
[2026-03-23T17:28:01.817+0900][1.465s][info][gc,task     ] GC(24) Using 6 workers of 11 for evacuation
[2026-03-23T17:28:01.818+0900][1.466s][info][gc,phases   ] GC(24)   Pre Evacuate Collection Set: 0.07ms
[2026-03-23T17:28:01.818+0900][1.466s][info][gc,phases   ] GC(24)   Merge Heap Roots: 0.02ms
[2026-03-23T17:28:01.818+0900][1.466s][info][gc,phases   ] GC(24)   Evacuate Collection Set: 0.20ms
[2026-03-23T17:28:01.818+0900][1.466s][info][gc,phases   ] GC(24)   Post Evacuate Collection Set: 0.10ms
[2026-03-23T17:28:01.818+0900][1.466s][info][gc,phases   ] GC(24)   Other: 0.04ms
[2026-03-23T17:28:01.818+0900][1.466s][info][gc,heap     ] GC(24) Eden regions: 1->0(151)
[2026-03-23T17:28:01.818+0900][1.466s][info][gc,heap     ] GC(24) Survivor regions: 1->1(20)
[2026-03-23T17:28:01.818+0900][1.466s][info][gc,heap     ] GC(24) Old regions: 2->2
[2026-03-23T17:28:01.818+0900][1.466s][info][gc,heap     ] GC(24) Humongous regions: 114->90
[2026-03-23T17:28:01.818+0900][1.466s][info][gc,metaspace] GC(24) Metaspace: 233K(448K)->233K(448K) NonClass: 218K(320K)->218K(320K) Class: 14K(128K)->14K(128K)
[2026-03-23T17:28:01.818+0900][1.466s][info][gc          ] GC(24) Pause Young (Concurrent Start) (G1 Humongous Allocation) 115M->91M(258M) 0.578ms
[2026-03-23T17:28:01.818+0900][1.466s][info][gc,cpu      ] GC(24) User=0.00s Sys=0.00s Real=0.00s
[2026-03-23T17:28:01.818+0900][1.466s][info][gc          ] GC(25) Concurrent Undo Cycle
[2026-03-23T17:28:01.818+0900][1.466s][info][gc,marking  ] GC(25) Concurrent Clear Claimed Marks
[2026-03-23T17:28:01.818+0900][1.466s][info][gc,marking  ] GC(25) Concurrent Clear Claimed Marks 0.007ms
[2026-03-23T17:28:01.818+0900][1.466s][info][gc,marking  ] GC(25) Concurrent Cleanup for Next Mark
[2026-03-23T17:28:01.818+0900][1.466s][info][gc,marking  ] GC(25) Concurrent Cleanup for Next Mark 0.017ms
[2026-03-23T17:28:01.818+0900][1.466s][info][gc          ] GC(25) Concurrent Undo Cycle 0.070ms
[2026-03-23T17:28:01.863+0900][1.511s][info][gc,start    ] GC(26) Pause Young (Concurrent Start) (G1 Humongous Allocation)
[2026-03-23T17:28:01.863+0900][1.511s][info][gc,task     ] GC(26) Using 6 workers of 11 for evacuation
[2026-03-23T17:28:01.864+0900][1.512s][info][gc,phases   ] GC(26)   Pre Evacuate Collection Set: 0.23ms
[2026-03-23T17:28:01.864+0900][1.512s][info][gc,phases   ] GC(26)   Merge Heap Roots: 0.03ms
[2026-03-23T17:28:01.864+0900][1.512s][info][gc,phases   ] GC(26)   Evacuate Collection Set: 0.27ms
[2026-03-23T17:28:01.864+0900][1.512s][info][gc,phases   ] GC(26)   Post Evacuate Collection Set: 0.11ms
[2026-03-23T17:28:01.864+0900][1.512s][info][gc,phases   ] GC(26)   Other: 0.09ms
[2026-03-23T17:28:01.864+0900][1.512s][info][gc,heap     ] GC(26) Eden regions: 1->0(148)
[2026-03-23T17:28:01.864+0900][1.512s][info][gc,heap     ] GC(26) Survivor regions: 1->1(19)
[2026-03-23T17:28:01.864+0900][1.512s][info][gc,heap     ] GC(26) Old regions: 2->2
[2026-03-23T17:28:01.864+0900][1.512s][info][gc,heap     ] GC(26) Humongous regions: 114->93
[2026-03-23T17:28:01.864+0900][1.512s][info][gc,metaspace] GC(26) Metaspace: 233K(448K)->233K(448K) NonClass: 218K(320K)->218K(320K) Class: 14K(128K)->14K(128K)
[2026-03-23T17:28:01.864+0900][1.512s][info][gc          ] GC(26) Pause Young (Concurrent Start) (G1 Humongous Allocation) 115M->94M(258M) 1.030ms
[2026-03-23T17:28:01.864+0900][1.512s][info][gc,cpu      ] GC(26) User=0.00s Sys=0.00s Real=0.00s
[2026-03-23T17:28:01.864+0900][1.512s][info][gc          ] GC(27) Concurrent Undo Cycle
[2026-03-23T17:28:01.864+0900][1.512s][info][gc,marking  ] GC(27) Concurrent Clear Claimed Marks
[2026-03-23T17:28:01.864+0900][1.512s][info][gc,marking  ] GC(27) Concurrent Clear Claimed Marks 0.029ms
[2026-03-23T17:28:01.864+0900][1.512s][info][gc,marking  ] GC(27) Concurrent Cleanup for Next Mark
[2026-03-23T17:28:01.864+0900][1.512s][info][gc,marking  ] GC(27) Concurrent Cleanup for Next Mark 0.052ms
[2026-03-23T17:28:01.865+0900][1.513s][info][gc          ] GC(27) Concurrent Undo Cycle 0.936ms
[2026-03-23T17:28:01.902+0900][1.550s][info][gc,start    ] GC(28) Pause Young (Concurrent Start) (G1 Humongous Allocation)
[2026-03-23T17:28:01.902+0900][1.550s][info][gc,task     ] GC(28) Using 6 workers of 11 for evacuation
[2026-03-23T17:28:01.903+0900][1.551s][info][gc,phases   ] GC(28)   Pre Evacuate Collection Set: 0.11ms
[2026-03-23T17:28:01.903+0900][1.551s][info][gc,phases   ] GC(28)   Merge Heap Roots: 0.03ms
[2026-03-23T17:28:01.903+0900][1.551s][info][gc,phases   ] GC(28)   Evacuate Collection Set: 0.34ms
[2026-03-23T17:28:01.903+0900][1.551s][info][gc,phases   ] GC(28)   Post Evacuate Collection Set: 0.15ms
[2026-03-23T17:28:01.903+0900][1.551s][info][gc,phases   ] GC(28)   Other: 0.08ms
[2026-03-23T17:28:01.903+0900][1.551s][info][gc,heap     ] GC(28) Eden regions: 1->0(145)
[2026-03-23T17:28:01.903+0900][1.551s][info][gc,heap     ] GC(28) Survivor regions: 1->1(19)
[2026-03-23T17:28:01.903+0900][1.551s][info][gc,heap     ] GC(28) Old regions: 2->2
[2026-03-23T17:28:01.903+0900][1.551s][info][gc,heap     ] GC(28) Humongous regions: 114->96
[2026-03-23T17:28:01.903+0900][1.551s][info][gc,metaspace] GC(28) Metaspace: 233K(448K)->233K(448K) NonClass: 218K(320K)->218K(320K) Class: 14K(128K)->14K(128K)
[2026-03-23T17:28:01.903+0900][1.551s][info][gc          ] GC(28) Pause Young (Concurrent Start) (G1 Humongous Allocation) 115M->97M(258M) 1.068ms
[2026-03-23T17:28:01.903+0900][1.551s][info][gc,cpu      ] GC(28) User=0.00s Sys=0.00s Real=0.00s
[2026-03-23T17:28:01.903+0900][1.551s][info][gc          ] GC(29) Concurrent Undo Cycle
[2026-03-23T17:28:01.903+0900][1.551s][info][gc,marking  ] GC(29) Concurrent Clear Claimed Marks
[2026-03-23T17:28:01.903+0900][1.551s][info][gc,marking  ] GC(29) Concurrent Clear Claimed Marks 0.014ms
[2026-03-23T17:28:01.903+0900][1.551s][info][gc,marking  ] GC(29) Concurrent Cleanup for Next Mark
[2026-03-23T17:28:01.903+0900][1.551s][info][gc,marking  ] GC(29) Concurrent Cleanup for Next Mark 0.023ms
[2026-03-23T17:28:01.903+0900][1.551s][info][gc          ] GC(29) Concurrent Undo Cycle 0.113ms
[2026-03-23T17:28:01.940+0900][1.588s][info][gc,start    ] GC(30) Pause Young (Concurrent Start) (G1 Humongous Allocation)
[2026-03-23T17:28:01.940+0900][1.588s][info][gc,task     ] GC(30) Using 6 workers of 11 for evacuation
[2026-03-23T17:28:01.941+0900][1.589s][info][gc,phases   ] GC(30)   Pre Evacuate Collection Set: 0.07ms
[2026-03-23T17:28:01.941+0900][1.589s][info][gc,phases   ] GC(30)   Merge Heap Roots: 0.04ms
[2026-03-23T17:28:01.941+0900][1.589s][info][gc,phases   ] GC(30)   Evacuate Collection Set: 0.29ms
[2026-03-23T17:28:01.941+0900][1.589s][info][gc,phases   ] GC(30)   Post Evacuate Collection Set: 0.15ms
[2026-03-23T17:28:01.941+0900][1.589s][info][gc,phases   ] GC(30)   Other: 0.04ms
[2026-03-23T17:28:01.941+0900][1.589s][info][gc,heap     ] GC(30) Eden regions: 1->0(144)
[2026-03-23T17:28:01.941+0900][1.589s][info][gc,heap     ] GC(30) Survivor regions: 1->1(19)
[2026-03-23T17:28:01.941+0900][1.589s][info][gc,heap     ] GC(30) Old regions: 2->3
[2026-03-23T17:28:01.941+0900][1.589s][info][gc,heap     ] GC(30) Humongous regions: 114->96
[2026-03-23T17:28:01.941+0900][1.589s][info][gc,metaspace] GC(30) Metaspace: 233K(448K)->233K(448K) NonClass: 218K(320K)->218K(320K) Class: 14K(128K)->14K(128K)
[2026-03-23T17:28:01.941+0900][1.589s][info][gc          ] GC(30) Pause Young (Concurrent Start) (G1 Humongous Allocation) 115M->97M(258M) 0.728ms
[2026-03-23T17:28:01.941+0900][1.589s][info][gc,cpu      ] GC(30) User=0.00s Sys=0.00s Real=0.00s
[2026-03-23T17:28:01.941+0900][1.589s][info][gc          ] GC(31) Concurrent Undo Cycle
[2026-03-23T17:28:01.941+0900][1.589s][info][gc,marking  ] GC(31) Concurrent Clear Claimed Marks
[2026-03-23T17:28:01.941+0900][1.589s][info][gc,marking  ] GC(31) Concurrent Clear Claimed Marks 0.006ms
[2026-03-23T17:28:01.941+0900][1.589s][info][gc,marking  ] GC(31) Concurrent Cleanup for Next Mark
[2026-03-23T17:28:01.941+0900][1.589s][info][gc,marking  ] GC(31) Concurrent Cleanup for Next Mark 0.012ms
[2026-03-23T17:28:01.941+0900][1.589s][info][gc          ] GC(31) Concurrent Undo Cycle 0.049ms
[2026-03-23T17:28:01.965+0900][1.613s][info][gc,start    ] GC(32) Pause Young (Concurrent Start) (G1 Humongous Allocation)
[2026-03-23T17:28:01.965+0900][1.613s][info][gc,task     ] GC(32) Using 6 workers of 11 for evacuation
[2026-03-23T17:28:01.966+0900][1.614s][info][gc,phases   ] GC(32)   Pre Evacuate Collection Set: 0.06ms
[2026-03-23T17:28:01.966+0900][1.614s][info][gc,phases   ] GC(32)   Merge Heap Roots: 0.02ms
[2026-03-23T17:28:01.966+0900][1.614s][info][gc,phases   ] GC(32)   Evacuate Collection Set: 0.08ms
[2026-03-23T17:28:01.966+0900][1.614s][info][gc,phases   ] GC(32)   Post Evacuate Collection Set: 0.07ms
[2026-03-23T17:28:01.966+0900][1.614s][info][gc,phases   ] GC(32)   Other: 0.03ms
[2026-03-23T17:28:01.966+0900][1.614s][info][gc,heap     ] GC(32) Eden regions: 1->0(140)
[2026-03-23T17:28:01.966+0900][1.614s][info][gc,heap     ] GC(32) Survivor regions: 1->1(19)
[2026-03-23T17:28:01.966+0900][1.614s][info][gc,heap     ] GC(32) Old regions: 3->3
[2026-03-23T17:28:01.966+0900][1.614s][info][gc,heap     ] GC(32) Humongous regions: 112->100
[2026-03-23T17:28:01.966+0900][1.614s][info][gc,metaspace] GC(32) Metaspace: 233K(448K)->233K(448K) NonClass: 218K(320K)->218K(320K) Class: 14K(128K)->14K(128K)
[2026-03-23T17:28:01.966+0900][1.614s][info][gc          ] GC(32) Pause Young (Concurrent Start) (G1 Humongous Allocation) 113M->101M(258M) 0.356ms
[2026-03-23T17:28:01.966+0900][1.614s][info][gc,cpu      ] GC(32) User=0.00s Sys=0.00s Real=0.00s
[2026-03-23T17:28:01.966+0900][1.614s][info][gc          ] GC(33) Concurrent Undo Cycle
[2026-03-23T17:28:01.966+0900][1.614s][info][gc,marking  ] GC(33) Concurrent Clear Claimed Marks
[2026-03-23T17:28:01.966+0900][1.614s][info][gc,marking  ] GC(33) Concurrent Clear Claimed Marks 0.005ms
[2026-03-23T17:28:01.966+0900][1.614s][info][gc,marking  ] GC(33) Concurrent Cleanup for Next Mark
[2026-03-23T17:28:01.966+0900][1.614s][info][gc,marking  ] GC(33) Concurrent Cleanup for Next Mark 0.015ms
[2026-03-23T17:28:01.966+0900][1.614s][info][gc          ] GC(33) Concurrent Undo Cycle 0.047ms
[2026-03-23T17:28:01.991+0900][1.639s][info][gc,start    ] GC(34) Pause Young (Concurrent Start) (G1 Humongous Allocation)
[2026-03-23T17:28:01.991+0900][1.639s][info][gc,task     ] GC(34) Using 6 workers of 11 for evacuation
[2026-03-23T17:28:01.991+0900][1.639s][info][gc,phases   ] GC(34)   Pre Evacuate Collection Set: 0.07ms
[2026-03-23T17:28:01.991+0900][1.639s][info][gc,phases   ] GC(34)   Merge Heap Roots: 0.02ms
[2026-03-23T17:28:01.991+0900][1.639s][info][gc,phases   ] GC(34)   Evacuate Collection Set: 0.08ms
[2026-03-23T17:28:01.991+0900][1.639s][info][gc,phases   ] GC(34)   Post Evacuate Collection Set: 0.07ms
[2026-03-23T17:28:01.991+0900][1.639s][info][gc,phases   ] GC(34)   Other: 0.05ms
[2026-03-23T17:28:01.991+0900][1.639s][info][gc,heap     ] GC(34) Eden regions: 1->0(140)
[2026-03-23T17:28:01.991+0900][1.639s][info][gc,heap     ] GC(34) Survivor regions: 1->1(18)
[2026-03-23T17:28:01.991+0900][1.639s][info][gc,heap     ] GC(34) Old regions: 3->3
[2026-03-23T17:28:01.991+0900][1.639s][info][gc,heap     ] GC(34) Humongous regions: 112->100
[2026-03-23T17:28:01.991+0900][1.639s][info][gc,metaspace] GC(34) Metaspace: 235K(448K)->235K(448K) NonClass: 221K(320K)->221K(320K) Class: 14K(128K)->14K(128K)
[2026-03-23T17:28:01.991+0900][1.639s][info][gc          ] GC(34) Pause Young (Concurrent Start) (G1 Humongous Allocation) 113M->101M(258M) 0.403ms
[2026-03-23T17:28:01.991+0900][1.639s][info][gc,cpu      ] GC(34) User=0.00s Sys=0.00s Real=0.00s
[2026-03-23T17:28:01.991+0900][1.639s][info][gc          ] GC(35) Concurrent Undo Cycle
[2026-03-23T17:28:01.991+0900][1.639s][info][gc,marking  ] GC(35) Concurrent Clear Claimed Marks
[2026-03-23T17:28:01.991+0900][1.639s][info][gc,marking  ] GC(35) Concurrent Clear Claimed Marks 0.005ms
[2026-03-23T17:28:01.991+0900][1.639s][info][gc,marking  ] GC(35) Concurrent Cleanup for Next Mark
[2026-03-23T17:28:01.991+0900][1.639s][info][gc,marking  ] GC(35) Concurrent Cleanup for Next Mark 0.016ms
[2026-03-23T17:28:01.991+0900][1.639s][info][gc          ] GC(35) Concurrent Undo Cycle 0.050ms
[2026-03-23T17:28:02.010+0900][1.658s][info][gc,start    ] GC(36) Pause Young (Concurrent Start) (G1 Humongous Allocation)
[2026-03-23T17:28:02.010+0900][1.658s][info][gc,task     ] GC(36) Using 6 workers of 11 for evacuation
[2026-03-23T17:28:02.011+0900][1.659s][info][gc,phases   ] GC(36)   Pre Evacuate Collection Set: 0.05ms
[2026-03-23T17:28:02.011+0900][1.659s][info][gc,phases   ] GC(36)   Merge Heap Roots: 0.02ms
[2026-03-23T17:28:02.011+0900][1.659s][info][gc,phases   ] GC(36)   Evacuate Collection Set: 0.06ms
[2026-03-23T17:28:02.011+0900][1.659s][info][gc,phases   ] GC(36)   Post Evacuate Collection Set: 0.06ms
[2026-03-23T17:28:02.011+0900][1.659s][info][gc,phases   ] GC(36)   Other: 0.03ms
[2026-03-23T17:28:02.011+0900][1.659s][info][gc,heap     ] GC(36) Eden regions: 1->0(137)
[2026-03-23T17:28:02.011+0900][1.659s][info][gc,heap     ] GC(36) Survivor regions: 1->1(18)
[2026-03-23T17:28:02.011+0900][1.659s][info][gc,heap     ] GC(36) Old regions: 3->3
[2026-03-23T17:28:02.011+0900][1.659s][info][gc,heap     ] GC(36) Humongous regions: 112->103
[2026-03-23T17:28:02.011+0900][1.659s][info][gc,metaspace] GC(36) Metaspace: 235K(448K)->235K(448K) NonClass: 221K(320K)->221K(320K) Class: 14K(128K)->14K(128K)
[2026-03-23T17:28:02.011+0900][1.659s][info][gc          ] GC(36) Pause Young (Concurrent Start) (G1 Humongous Allocation) 113M->104M(258M) 0.311ms
[2026-03-23T17:28:02.011+0900][1.659s][info][gc,cpu      ] GC(36) User=0.00s Sys=0.00s Real=0.00s
[2026-03-23T17:28:02.011+0900][1.659s][info][gc          ] GC(37) Concurrent Undo Cycle
[2026-03-23T17:28:02.011+0900][1.659s][info][gc,marking  ] GC(37) Concurrent Clear Claimed Marks
[2026-03-23T17:28:02.011+0900][1.659s][info][gc,marking  ] GC(37) Concurrent Clear Claimed Marks 0.007ms
[2026-03-23T17:28:02.011+0900][1.659s][info][gc,marking  ] GC(37) Concurrent Cleanup for Next Mark
[2026-03-23T17:28:02.011+0900][1.659s][info][gc,marking  ] GC(37) Concurrent Cleanup for Next Mark 0.014ms
[2026-03-23T17:28:02.011+0900][1.659s][info][gc          ] GC(37) Concurrent Undo Cycle 0.063ms
[2026-03-23T17:28:02.030+0900][1.678s][info][gc,start    ] GC(38) Pause Young (Concurrent Start) (G1 Humongous Allocation)
[2026-03-23T17:28:02.030+0900][1.678s][info][gc,task     ] GC(38) Using 6 workers of 11 for evacuation
[2026-03-23T17:28:02.030+0900][1.678s][info][gc,phases   ] GC(38)   Pre Evacuate Collection Set: 0.07ms
[2026-03-23T17:28:02.030+0900][1.678s][info][gc,phases   ] GC(38)   Merge Heap Roots: 0.03ms
[2026-03-23T17:28:02.030+0900][1.678s][info][gc,phases   ] GC(38)   Evacuate Collection Set: 0.07ms
[2026-03-23T17:28:02.030+0900][1.678s][info][gc,phases   ] GC(38)   Post Evacuate Collection Set: 0.07ms
[2026-03-23T17:28:02.030+0900][1.678s][info][gc,phases   ] GC(38)   Other: 0.05ms
[2026-03-23T17:28:02.030+0900][1.678s][info][gc,heap     ] GC(38) Eden regions: 1->0(137)
[2026-03-23T17:28:02.030+0900][1.678s][info][gc,heap     ] GC(38) Survivor regions: 1->1(18)
[2026-03-23T17:28:02.030+0900][1.678s][info][gc,heap     ] GC(38) Old regions: 3->3
[2026-03-23T17:28:02.030+0900][1.678s][info][gc,heap     ] GC(38) Humongous regions: 112->103
[2026-03-23T17:28:02.030+0900][1.678s][info][gc,metaspace] GC(38) Metaspace: 235K(448K)->235K(448K) NonClass: 221K(320K)->221K(320K) Class: 14K(128K)->14K(128K)
[2026-03-23T17:28:02.030+0900][1.678s][info][gc          ] GC(38) Pause Young (Concurrent Start) (G1 Humongous Allocation) 113M->104M(258M) 0.421ms
[2026-03-23T17:28:02.030+0900][1.678s][info][gc,cpu      ] GC(38) User=0.00s Sys=0.00s Real=0.00s
[2026-03-23T17:28:02.030+0900][1.678s][info][gc          ] GC(39) Concurrent Undo Cycle
[2026-03-23T17:28:02.030+0900][1.678s][info][gc,marking  ] GC(39) Concurrent Clear Claimed Marks
[2026-03-23T17:28:02.030+0900][1.678s][info][gc,marking  ] GC(39) Concurrent Clear Claimed Marks 0.006ms
[2026-03-23T17:28:02.030+0900][1.678s][info][gc,marking  ] GC(39) Concurrent Cleanup for Next Mark
[2026-03-23T17:28:02.030+0900][1.678s][info][gc,marking  ] GC(39) Concurrent Cleanup for Next Mark 0.016ms
[2026-03-23T17:28:02.030+0900][1.678s][info][gc          ] GC(39) Concurrent Undo Cycle 0.057ms
[2026-03-23T17:28:02.043+0900][1.691s][info][gc,start    ] GC(40) Pause Young (Concurrent Start) (G1 Humongous Allocation)
[2026-03-23T17:28:02.043+0900][1.691s][info][gc,task     ] GC(40) Using 6 workers of 11 for evacuation
[2026-03-23T17:28:02.043+0900][1.691s][info][gc,phases   ] GC(40)   Pre Evacuate Collection Set: 0.07ms
[2026-03-23T17:28:02.043+0900][1.691s][info][gc,phases   ] GC(40)   Merge Heap Roots: 0.03ms
[2026-03-23T17:28:02.043+0900][1.691s][info][gc,phases   ] GC(40)   Evacuate Collection Set: 0.06ms
[2026-03-23T17:28:02.043+0900][1.691s][info][gc,phases   ] GC(40)   Post Evacuate Collection Set: 0.07ms
[2026-03-23T17:28:02.043+0900][1.691s][info][gc,phases   ] GC(40)   Other: 0.03ms
[2026-03-23T17:28:02.043+0900][1.691s][info][gc,heap     ] GC(40) Eden regions: 1->0(134)
[2026-03-23T17:28:02.043+0900][1.691s][info][gc,heap     ] GC(40) Survivor regions: 1->1(18)
[2026-03-23T17:28:02.043+0900][1.691s][info][gc,heap     ] GC(40) Old regions: 3->3
[2026-03-23T17:28:02.043+0900][1.691s][info][gc,heap     ] GC(40) Humongous regions: 112->106
[2026-03-23T17:28:02.043+0900][1.691s][info][gc,metaspace] GC(40) Metaspace: 235K(448K)->235K(448K) NonClass: 221K(320K)->221K(320K) Class: 14K(128K)->14K(128K)
[2026-03-23T17:28:02.043+0900][1.691s][info][gc          ] GC(40) Pause Young (Concurrent Start) (G1 Humongous Allocation) 113M->107M(258M) 0.358ms
[2026-03-23T17:28:02.043+0900][1.691s][info][gc,cpu      ] GC(40) User=0.00s Sys=0.00s Real=0.00s
[2026-03-23T17:28:02.043+0900][1.691s][info][gc          ] GC(41) Concurrent Undo Cycle
[2026-03-23T17:28:02.043+0900][1.691s][info][gc,marking  ] GC(41) Concurrent Clear Claimed Marks
[2026-03-23T17:28:02.043+0900][1.691s][info][gc,marking  ] GC(41) Concurrent Clear Claimed Marks 0.007ms
[2026-03-23T17:28:02.043+0900][1.691s][info][gc,marking  ] GC(41) Concurrent Cleanup for Next Mark
[2026-03-23T17:28:02.043+0900][1.691s][info][gc,marking  ] GC(41) Concurrent Cleanup for Next Mark 0.015ms
[2026-03-23T17:28:02.043+0900][1.691s][info][gc          ] GC(41) Concurrent Undo Cycle 0.064ms
[2026-03-23T17:28:02.056+0900][1.704s][info][gc,start    ] GC(42) Pause Young (Concurrent Start) (G1 Humongous Allocation)
[2026-03-23T17:28:02.056+0900][1.704s][info][gc,task     ] GC(42) Using 6 workers of 11 for evacuation
[2026-03-23T17:28:02.056+0900][1.704s][info][gc,phases   ] GC(42)   Pre Evacuate Collection Set: 0.06ms
[2026-03-23T17:28:02.056+0900][1.704s][info][gc,phases   ] GC(42)   Merge Heap Roots: 0.02ms
[2026-03-23T17:28:02.056+0900][1.704s][info][gc,phases   ] GC(42)   Evacuate Collection Set: 0.07ms
[2026-03-23T17:28:02.056+0900][1.704s][info][gc,phases   ] GC(42)   Post Evacuate Collection Set: 0.07ms
[2026-03-23T17:28:02.056+0900][1.704s][info][gc,phases   ] GC(42)   Other: 0.03ms
[2026-03-23T17:28:02.056+0900][1.704s][info][gc,heap     ] GC(42) Eden regions: 1->0(134)
[2026-03-23T17:28:02.056+0900][1.704s][info][gc,heap     ] GC(42) Survivor regions: 1->1(17)
[2026-03-23T17:28:02.056+0900][1.704s][info][gc,heap     ] GC(42) Old regions: 3->3
[2026-03-23T17:28:02.056+0900][1.704s][info][gc,heap     ] GC(42) Humongous regions: 112->106
[2026-03-23T17:28:02.056+0900][1.704s][info][gc,metaspace] GC(42) Metaspace: 235K(448K)->235K(448K) NonClass: 221K(320K)->221K(320K) Class: 14K(128K)->14K(128K)
[2026-03-23T17:28:02.056+0900][1.704s][info][gc          ] GC(42) Pause Young (Concurrent Start) (G1 Humongous Allocation) 113M->107M(258M) 0.329ms
[2026-03-23T17:28:02.056+0900][1.704s][info][gc,cpu      ] GC(42) User=0.00s Sys=0.00s Real=0.00s
[2026-03-23T17:28:02.056+0900][1.704s][info][gc          ] GC(43) Concurrent Undo Cycle
[2026-03-23T17:28:02.056+0900][1.704s][info][gc,marking  ] GC(43) Concurrent Clear Claimed Marks
[2026-03-23T17:28:02.056+0900][1.704s][info][gc,marking  ] GC(43) Concurrent Clear Claimed Marks 0.006ms
[2026-03-23T17:28:02.056+0900][1.704s][info][gc,marking  ] GC(43) Concurrent Cleanup for Next Mark
[2026-03-23T17:28:02.056+0900][1.704s][info][gc,marking  ] GC(43) Concurrent Cleanup for Next Mark 0.014ms
[2026-03-23T17:28:02.056+0900][1.704s][info][gc          ] GC(43) Concurrent Undo Cycle 0.054ms
[2026-03-23T17:28:02.068+0900][1.716s][info][gc,start    ] GC(44) Pause Young (Concurrent Start) (G1 Humongous Allocation)
[2026-03-23T17:28:02.068+0900][1.716s][info][gc,task     ] GC(44) Using 6 workers of 11 for evacuation
[2026-03-23T17:28:02.068+0900][1.716s][info][gc,phases   ] GC(44)   Pre Evacuate Collection Set: 0.07ms
[2026-03-23T17:28:02.068+0900][1.716s][info][gc,phases   ] GC(44)   Merge Heap Roots: 0.03ms
[2026-03-23T17:28:02.068+0900][1.716s][info][gc,phases   ] GC(44)   Evacuate Collection Set: 0.07ms
[2026-03-23T17:28:02.068+0900][1.716s][info][gc,phases   ] GC(44)   Post Evacuate Collection Set: 0.07ms
[2026-03-23T17:28:02.068+0900][1.716s][info][gc,phases   ] GC(44)   Other: 0.04ms
[2026-03-23T17:28:02.068+0900][1.716s][info][gc,heap     ] GC(44) Eden regions: 1->0(134)
[2026-03-23T17:28:02.068+0900][1.716s][info][gc,heap     ] GC(44) Survivor regions: 1->1(17)
[2026-03-23T17:28:02.068+0900][1.716s][info][gc,heap     ] GC(44) Old regions: 3->3
[2026-03-23T17:28:02.068+0900][1.716s][info][gc,heap     ] GC(44) Humongous regions: 112->106
[2026-03-23T17:28:02.068+0900][1.716s][info][gc,metaspace] GC(44) Metaspace: 235K(448K)->235K(448K) NonClass: 221K(320K)->221K(320K) Class: 14K(128K)->14K(128K)
[2026-03-23T17:28:02.068+0900][1.716s][info][gc          ] GC(44) Pause Young (Concurrent Start) (G1 Humongous Allocation) 113M->107M(258M) 0.364ms
[2026-03-23T17:28:02.068+0900][1.716s][info][gc,cpu      ] GC(44) User=0.00s Sys=0.00s Real=0.00s
[2026-03-23T17:28:02.068+0900][1.716s][info][gc          ] GC(45) Concurrent Undo Cycle
[2026-03-23T17:28:02.068+0900][1.716s][info][gc,marking  ] GC(45) Concurrent Clear Claimed Marks
[2026-03-23T17:28:02.068+0900][1.716s][info][gc,marking  ] GC(45) Concurrent Clear Claimed Marks 0.004ms
[2026-03-23T17:28:02.068+0900][1.716s][info][gc,marking  ] GC(45) Concurrent Cleanup for Next Mark
[2026-03-23T17:28:02.068+0900][1.716s][info][gc,marking  ] GC(45) Concurrent Cleanup for Next Mark 0.014ms
[2026-03-23T17:28:02.068+0900][1.716s][info][gc          ] GC(45) Concurrent Undo Cycle 0.055ms
[2026-03-23T17:28:02.081+0900][1.729s][info][gc,start    ] GC(46) Pause Young (Concurrent Start) (G1 Humongous Allocation)
[2026-03-23T17:28:02.081+0900][1.729s][info][gc,task     ] GC(46) Using 6 workers of 11 for evacuation
[2026-03-23T17:28:02.081+0900][1.729s][info][gc,phases   ] GC(46)   Pre Evacuate Collection Set: 0.07ms
[2026-03-23T17:28:02.081+0900][1.729s][info][gc,phases   ] GC(46)   Merge Heap Roots: 0.03ms
[2026-03-23T17:28:02.081+0900][1.729s][info][gc,phases   ] GC(46)   Evacuate Collection Set: 0.06ms
[2026-03-23T17:28:02.081+0900][1.729s][info][gc,phases   ] GC(46)   Post Evacuate Collection Set: 0.07ms
[2026-03-23T17:28:02.081+0900][1.729s][info][gc,phases   ] GC(46)   Other: 0.04ms
[2026-03-23T17:28:02.081+0900][1.729s][info][gc,heap     ] GC(46) Eden regions: 1->0(134)
[2026-03-23T17:28:02.081+0900][1.729s][info][gc,heap     ] GC(46) Survivor regions: 1->1(17)
[2026-03-23T17:28:02.081+0900][1.729s][info][gc,heap     ] GC(46) Old regions: 3->3
[2026-03-23T17:28:02.081+0900][1.729s][info][gc,heap     ] GC(46) Humongous regions: 112->106
[2026-03-23T17:28:02.081+0900][1.729s][info][gc,metaspace] GC(46) Metaspace: 235K(448K)->235K(448K) NonClass: 221K(320K)->221K(320K) Class: 14K(128K)->14K(128K)
[2026-03-23T17:28:02.081+0900][1.729s][info][gc          ] GC(46) Pause Young (Concurrent Start) (G1 Humongous Allocation) 113M->107M(258M) 0.347ms
[2026-03-23T17:28:02.081+0900][1.729s][info][gc,cpu      ] GC(46) User=0.00s Sys=0.00s Real=0.00s
[2026-03-23T17:28:02.081+0900][1.729s][info][gc          ] GC(47) Concurrent Undo Cycle
[2026-03-23T17:28:02.081+0900][1.729s][info][gc,marking  ] GC(47) Concurrent Clear Claimed Marks
[2026-03-23T17:28:02.081+0900][1.729s][info][gc,marking  ] GC(47) Concurrent Clear Claimed Marks 0.005ms
[2026-03-23T17:28:02.081+0900][1.729s][info][gc,marking  ] GC(47) Concurrent Cleanup for Next Mark
[2026-03-23T17:28:02.081+0900][1.729s][info][gc,marking  ] GC(47) Concurrent Cleanup for Next Mark 0.013ms
[2026-03-23T17:28:02.081+0900][1.729s][info][gc          ] GC(47) Concurrent Undo Cycle 0.048ms
[2026-03-23T17:28:02.094+0900][1.742s][info][gc,start    ] GC(48) Pause Young (Concurrent Start) (G1 Humongous Allocation)
[2026-03-23T17:28:02.094+0900][1.742s][info][gc,task     ] GC(48) Using 6 workers of 11 for evacuation
[2026-03-23T17:28:02.094+0900][1.742s][info][gc,phases   ] GC(48)   Pre Evacuate Collection Set: 0.06ms
[2026-03-23T17:28:02.094+0900][1.742s][info][gc,phases   ] GC(48)   Merge Heap Roots: 0.03ms
[2026-03-23T17:28:02.094+0900][1.742s][info][gc,phases   ] GC(48)   Evacuate Collection Set: 0.08ms
[2026-03-23T17:28:02.094+0900][1.742s][info][gc,phases   ] GC(48)   Post Evacuate Collection Set: 0.07ms
[2026-03-23T17:28:02.094+0900][1.742s][info][gc,phases   ] GC(48)   Other: 0.04ms
[2026-03-23T17:28:02.094+0900][1.742s][info][gc,heap     ] GC(48) Eden regions: 1->0(134)
[2026-03-23T17:28:02.094+0900][1.742s][info][gc,heap     ] GC(48) Survivor regions: 1->1(17)
[2026-03-23T17:28:02.094+0900][1.742s][info][gc,heap     ] GC(48) Old regions: 3->3
[2026-03-23T17:28:02.094+0900][1.742s][info][gc,heap     ] GC(48) Humongous regions: 112->106
[2026-03-23T17:28:02.094+0900][1.742s][info][gc,metaspace] GC(48) Metaspace: 235K(448K)->235K(448K) NonClass: 221K(320K)->221K(320K) Class: 14K(128K)->14K(128K)
[2026-03-23T17:28:02.094+0900][1.742s][info][gc          ] GC(48) Pause Young (Concurrent Start) (G1 Humongous Allocation) 113M->107M(258M) 0.355ms
[2026-03-23T17:28:02.094+0900][1.742s][info][gc,cpu      ] GC(48) User=0.00s Sys=0.00s Real=0.00s
[2026-03-23T17:28:02.094+0900][1.742s][info][gc          ] GC(49) Concurrent Undo Cycle
[2026-03-23T17:28:02.094+0900][1.742s][info][gc,marking  ] GC(49) Concurrent Clear Claimed Marks
[2026-03-23T17:28:02.094+0900][1.742s][info][gc,marking  ] GC(49) Concurrent Clear Claimed Marks 0.009ms
[2026-03-23T17:28:02.094+0900][1.742s][info][gc,marking  ] GC(49) Concurrent Cleanup for Next Mark
[2026-03-23T17:28:02.094+0900][1.742s][info][gc,marking  ] GC(49) Concurrent Cleanup for Next Mark 0.020ms
[2026-03-23T17:28:02.094+0900][1.742s][info][gc          ] GC(49) Concurrent Undo Cycle 0.058ms
[2026-03-23T17:28:02.101+0900][1.749s][info][gc,start    ] GC(50) Pause Young (Concurrent Start) (G1 Humongous Allocation)
[2026-03-23T17:28:02.101+0900][1.749s][info][gc,task     ] GC(50) Using 6 workers of 11 for evacuation
[2026-03-23T17:28:02.101+0900][1.749s][info][gc,phases   ] GC(50)   Pre Evacuate Collection Set: 0.06ms
[2026-03-23T17:28:02.101+0900][1.749s][info][gc,phases   ] GC(50)   Merge Heap Roots: 0.03ms
[2026-03-23T17:28:02.101+0900][1.749s][info][gc,phases   ] GC(50)   Evacuate Collection Set: 0.05ms
[2026-03-23T17:28:02.101+0900][1.749s][info][gc,phases   ] GC(50)   Post Evacuate Collection Set: 0.07ms
[2026-03-23T17:28:02.101+0900][1.749s][info][gc,phases   ] GC(50)   Other: 0.03ms
[2026-03-23T17:28:02.101+0900][1.749s][info][gc,heap     ] GC(50) Eden regions: 1->0(131)
[2026-03-23T17:28:02.101+0900][1.749s][info][gc,heap     ] GC(50) Survivor regions: 1->1(17)
[2026-03-23T17:28:02.101+0900][1.749s][info][gc,heap     ] GC(50) Old regions: 3->3
[2026-03-23T17:28:02.101+0900][1.749s][info][gc,heap     ] GC(50) Humongous regions: 112->109
[2026-03-23T17:28:02.101+0900][1.749s][info][gc,metaspace] GC(50) Metaspace: 235K(448K)->235K(448K) NonClass: 221K(320K)->221K(320K) Class: 14K(128K)->14K(128K)
[2026-03-23T17:28:02.101+0900][1.749s][info][gc          ] GC(50) Pause Young (Concurrent Start) (G1 Humongous Allocation) 113M->110M(258M) 0.302ms
[2026-03-23T17:28:02.101+0900][1.749s][info][gc,cpu      ] GC(50) User=0.00s Sys=0.00s Real=0.00s
[2026-03-23T17:28:02.101+0900][1.749s][info][gc          ] GC(51) Concurrent Undo Cycle
[2026-03-23T17:28:02.101+0900][1.749s][info][gc,marking  ] GC(51) Concurrent Clear Claimed Marks
[2026-03-23T17:28:02.101+0900][1.749s][info][gc,marking  ] GC(51) Concurrent Clear Claimed Marks 0.005ms
[2026-03-23T17:28:02.101+0900][1.749s][info][gc,marking  ] GC(51) Concurrent Cleanup for Next Mark
[2026-03-23T17:28:02.101+0900][1.749s][info][gc,marking  ] GC(51) Concurrent Cleanup for Next Mark 0.013ms
[2026-03-23T17:28:02.101+0900][1.749s][info][gc          ] GC(51) Concurrent Undo Cycle 0.050ms
[2026-03-23T17:28:02.107+0900][1.755s][info][gc,start    ] GC(52) Pause Young (Concurrent Start) (G1 Humongous Allocation)
[2026-03-23T17:28:02.108+0900][1.756s][info][gc,task     ] GC(52) Using 6 workers of 11 for evacuation
[2026-03-23T17:28:02.108+0900][1.756s][info][gc,phases   ] GC(52)   Pre Evacuate Collection Set: 0.07ms
[2026-03-23T17:28:02.108+0900][1.756s][info][gc,phases   ] GC(52)   Merge Heap Roots: 0.03ms
[2026-03-23T17:28:02.108+0900][1.756s][info][gc,phases   ] GC(52)   Evacuate Collection Set: 0.05ms
[2026-03-23T17:28:02.108+0900][1.756s][info][gc,phases   ] GC(52)   Post Evacuate Collection Set: 0.07ms
[2026-03-23T17:28:02.108+0900][1.756s][info][gc,phases   ] GC(52)   Other: 0.04ms
[2026-03-23T17:28:02.108+0900][1.756s][info][gc,heap     ] GC(52) Eden regions: 1->0(131)
[2026-03-23T17:28:02.108+0900][1.756s][info][gc,heap     ] GC(52) Survivor regions: 1->1(17)
[2026-03-23T17:28:02.108+0900][1.756s][info][gc,heap     ] GC(52) Old regions: 3->3
[2026-03-23T17:28:02.108+0900][1.756s][info][gc,heap     ] GC(52) Humongous regions: 112->109
[2026-03-23T17:28:02.108+0900][1.756s][info][gc,metaspace] GC(52) Metaspace: 235K(448K)->235K(448K) NonClass: 221K(320K)->221K(320K) Class: 14K(128K)->14K(128K)
[2026-03-23T17:28:02.108+0900][1.756s][info][gc          ] GC(52) Pause Young (Concurrent Start) (G1 Humongous Allocation) 113M->110M(258M) 0.331ms
[2026-03-23T17:28:02.108+0900][1.756s][info][gc,cpu      ] GC(52) User=0.00s Sys=0.00s Real=0.00s
[2026-03-23T17:28:02.108+0900][1.756s][info][gc          ] GC(53) Concurrent Undo Cycle
[2026-03-23T17:28:02.108+0900][1.756s][info][gc,marking  ] GC(53) Concurrent Clear Claimed Marks
[2026-03-23T17:28:02.108+0900][1.756s][info][gc,marking  ] GC(53) Concurrent Clear Claimed Marks 0.005ms
[2026-03-23T17:28:02.108+0900][1.756s][info][gc,marking  ] GC(53) Concurrent Cleanup for Next Mark
[2026-03-23T17:28:02.108+0900][1.756s][info][gc,marking  ] GC(53) Concurrent Cleanup for Next Mark 0.019ms
[2026-03-23T17:28:02.108+0900][1.756s][info][gc          ] GC(53) Concurrent Undo Cycle 0.049ms
[2026-03-23T17:28:02.114+0900][1.762s][info][gc,start    ] GC(54) Pause Young (Concurrent Start) (G1 Humongous Allocation)
[2026-03-23T17:28:02.114+0900][1.762s][info][gc,task     ] GC(54) Using 6 workers of 11 for evacuation
[2026-03-23T17:28:02.114+0900][1.762s][info][gc,phases   ] GC(54)   Pre Evacuate Collection Set: 0.06ms
[2026-03-23T17:28:02.115+0900][1.763s][info][gc,phases   ] GC(54)   Merge Heap Roots: 0.02ms
[2026-03-23T17:28:02.115+0900][1.763s][info][gc,phases   ] GC(54)   Evacuate Collection Set: 0.07ms
[2026-03-23T17:28:02.115+0900][1.763s][info][gc,phases   ] GC(54)   Post Evacuate Collection Set: 0.07ms
[2026-03-23T17:28:02.115+0900][1.763s][info][gc,phases   ] GC(54)   Other: 0.03ms
[2026-03-23T17:28:02.115+0900][1.763s][info][gc,heap     ] GC(54) Eden regions: 1->0(131)
[2026-03-23T17:28:02.115+0900][1.763s][info][gc,heap     ] GC(54) Survivor regions: 1->1(17)
[2026-03-23T17:28:02.115+0900][1.763s][info][gc,heap     ] GC(54) Old regions: 3->3
[2026-03-23T17:28:02.115+0900][1.763s][info][gc,heap     ] GC(54) Humongous regions: 112->109
[2026-03-23T17:28:02.115+0900][1.763s][info][gc,metaspace] GC(54) Metaspace: 235K(448K)->235K(448K) NonClass: 221K(320K)->221K(320K) Class: 14K(128K)->14K(128K)
[2026-03-23T17:28:02.115+0900][1.763s][info][gc          ] GC(54) Pause Young (Concurrent Start) (G1 Humongous Allocation) 113M->110M(258M) 0.334ms
[2026-03-23T17:28:02.115+0900][1.763s][info][gc,cpu      ] GC(54) User=0.00s Sys=0.00s Real=0.00s
[2026-03-23T17:28:02.115+0900][1.763s][info][gc          ] GC(55) Concurrent Undo Cycle
[2026-03-23T17:28:02.115+0900][1.763s][info][gc,marking  ] GC(55) Concurrent Clear Claimed Marks
[2026-03-23T17:28:02.115+0900][1.763s][info][gc,marking  ] GC(55) Concurrent Clear Claimed Marks 0.006ms
[2026-03-23T17:28:02.115+0900][1.763s][info][gc,marking  ] GC(55) Concurrent Cleanup for Next Mark
[2026-03-23T17:28:02.115+0900][1.763s][info][gc,marking  ] GC(55) Concurrent Cleanup for Next Mark 0.015ms
[2026-03-23T17:28:02.115+0900][1.763s][info][gc          ] GC(55) Concurrent Undo Cycle 0.051ms
[2026-03-23T17:28:02.121+0900][1.769s][info][gc,start    ] GC(56) Pause Young (Concurrent Start) (G1 Humongous Allocation)
[2026-03-23T17:28:02.121+0900][1.769s][info][gc,task     ] GC(56) Using 6 workers of 11 for evacuation
[2026-03-23T17:28:02.121+0900][1.769s][info][gc,phases   ] GC(56)   Pre Evacuate Collection Set: 0.06ms
[2026-03-23T17:28:02.121+0900][1.769s][info][gc,phases   ] GC(56)   Merge Heap Roots: 0.03ms
[2026-03-23T17:28:02.121+0900][1.769s][info][gc,phases   ] GC(56)   Evacuate Collection Set: 0.06ms
[2026-03-23T17:28:02.121+0900][1.769s][info][gc,phases   ] GC(56)   Post Evacuate Collection Set: 0.06ms
[2026-03-23T17:28:02.121+0900][1.769s][info][gc,phases   ] GC(56)   Other: 0.04ms
[2026-03-23T17:28:02.121+0900][1.769s][info][gc,heap     ] GC(56) Eden regions: 1->0(131)
[2026-03-23T17:28:02.121+0900][1.769s][info][gc,heap     ] GC(56) Survivor regions: 1->1(17)
[2026-03-23T17:28:02.121+0900][1.769s][info][gc,heap     ] GC(56) Old regions: 3->3
[2026-03-23T17:28:02.121+0900][1.769s][info][gc,heap     ] GC(56) Humongous regions: 112->109
[2026-03-23T17:28:02.121+0900][1.769s][info][gc,metaspace] GC(56) Metaspace: 235K(448K)->235K(448K) NonClass: 221K(320K)->221K(320K) Class: 14K(128K)->14K(128K)
[2026-03-23T17:28:02.121+0900][1.769s][info][gc          ] GC(56) Pause Young (Concurrent Start) (G1 Humongous Allocation) 113M->110M(258M) 0.331ms
[2026-03-23T17:28:02.121+0900][1.769s][info][gc,cpu      ] GC(56) User=0.00s Sys=0.00s Real=0.00s
[2026-03-23T17:28:02.121+0900][1.769s][info][gc          ] GC(57) Concurrent Undo Cycle
[2026-03-23T17:28:02.121+0900][1.769s][info][gc,marking  ] GC(57) Concurrent Clear Claimed Marks
[2026-03-23T17:28:02.121+0900][1.769s][info][gc,marking  ] GC(57) Concurrent Clear Claimed Marks 0.005ms
[2026-03-23T17:28:02.121+0900][1.769s][info][gc,marking  ] GC(57) Concurrent Cleanup for Next Mark
[2026-03-23T17:28:02.121+0900][1.769s][info][gc,marking  ] GC(57) Concurrent Cleanup for Next Mark 0.014ms
[2026-03-23T17:28:02.121+0900][1.769s][info][gc          ] GC(57) Concurrent Undo Cycle 0.051ms
[2026-03-23T17:28:02.128+0900][1.776s][info][gc,start    ] GC(58) Pause Young (Concurrent Start) (G1 Humongous Allocation)
[2026-03-23T17:28:02.128+0900][1.776s][info][gc,task     ] GC(58) Using 6 workers of 11 for evacuation
[2026-03-23T17:28:02.128+0900][1.776s][info][gc,phases   ] GC(58)   Pre Evacuate Collection Set: 0.06ms
[2026-03-23T17:28:02.128+0900][1.776s][info][gc,phases   ] GC(58)   Merge Heap Roots: 0.02ms
[2026-03-23T17:28:02.128+0900][1.776s][info][gc,phases   ] GC(58)   Evacuate Collection Set: 0.05ms
[2026-03-23T17:28:02.128+0900][1.776s][info][gc,phases   ] GC(58)   Post Evacuate Collection Set: 0.06ms
[2026-03-23T17:28:02.128+0900][1.776s][info][gc,phases   ] GC(58)   Other: 0.02ms
[2026-03-23T17:28:02.128+0900][1.776s][info][gc,heap     ] GC(58) Eden regions: 1->0(131)
[2026-03-23T17:28:02.128+0900][1.776s][info][gc,heap     ] GC(58) Survivor regions: 1->1(17)
[2026-03-23T17:28:02.128+0900][1.776s][info][gc,heap     ] GC(58) Old regions: 3->3
[2026-03-23T17:28:02.128+0900][1.776s][info][gc,heap     ] GC(58) Humongous regions: 112->109
[2026-03-23T17:28:02.128+0900][1.776s][info][gc,metaspace] GC(58) Metaspace: 235K(448K)->235K(448K) NonClass: 221K(320K)->221K(320K) Class: 14K(128K)->14K(128K)
[2026-03-23T17:28:02.128+0900][1.776s][info][gc          ] GC(58) Pause Young (Concurrent Start) (G1 Humongous Allocation) 113M->110M(258M) 0.257ms
[2026-03-23T17:28:02.128+0900][1.776s][info][gc,cpu      ] GC(58) User=0.00s Sys=0.00s Real=0.00s
[2026-03-23T17:28:02.128+0900][1.776s][info][gc          ] GC(59) Concurrent Undo Cycle
[2026-03-23T17:28:02.128+0900][1.776s][info][gc,marking  ] GC(59) Concurrent Clear Claimed Marks
[2026-03-23T17:28:02.128+0900][1.776s][info][gc,marking  ] GC(59) Concurrent Clear Claimed Marks 0.004ms
[2026-03-23T17:28:02.128+0900][1.776s][info][gc,marking  ] GC(59) Concurrent Cleanup for Next Mark
[2026-03-23T17:28:02.128+0900][1.776s][info][gc,marking  ] GC(59) Concurrent Cleanup for Next Mark 0.012ms
[2026-03-23T17:28:02.128+0900][1.776s][info][gc          ] GC(59) Concurrent Undo Cycle 0.036ms
[2026-03-23T17:28:02.134+0900][1.782s][info][gc,start    ] GC(60) Pause Young (Concurrent Start) (G1 Humongous Allocation)
[2026-03-23T17:28:02.134+0900][1.782s][info][gc,task     ] GC(60) Using 6 workers of 11 for evacuation
[2026-03-23T17:28:02.134+0900][1.782s][info][gc,phases   ] GC(60)   Pre Evacuate Collection Set: 0.06ms
[2026-03-23T17:28:02.134+0900][1.782s][info][gc,phases   ] GC(60)   Merge Heap Roots: 0.03ms
[2026-03-23T17:28:02.134+0900][1.782s][info][gc,phases   ] GC(60)   Evacuate Collection Set: 0.06ms
[2026-03-23T17:28:02.134+0900][1.782s][info][gc,phases   ] GC(60)   Post Evacuate Collection Set: 0.05ms
[2026-03-23T17:28:02.134+0900][1.782s][info][gc,phases   ] GC(60)   Other: 0.03ms
[2026-03-23T17:28:02.134+0900][1.782s][info][gc,heap     ] GC(60) Eden regions: 1->0(131)
[2026-03-23T17:28:02.134+0900][1.782s][info][gc,heap     ] GC(60) Survivor regions: 1->1(17)
[2026-03-23T17:28:02.134+0900][1.782s][info][gc,heap     ] GC(60) Old regions: 3->3
[2026-03-23T17:28:02.134+0900][1.782s][info][gc,heap     ] GC(60) Humongous regions: 112->109
[2026-03-23T17:28:02.134+0900][1.782s][info][gc,metaspace] GC(60) Metaspace: 235K(448K)->235K(448K) NonClass: 221K(320K)->221K(320K) Class: 14K(128K)->14K(128K)
[2026-03-23T17:28:02.134+0900][1.782s][info][gc          ] GC(60) Pause Young (Concurrent Start) (G1 Humongous Allocation) 113M->110M(258M) 0.287ms
[2026-03-23T17:28:02.134+0900][1.782s][info][gc,cpu      ] GC(60) User=0.00s Sys=0.00s Real=0.00s
[2026-03-23T17:28:02.134+0900][1.782s][info][gc          ] GC(61) Concurrent Undo Cycle
[2026-03-23T17:28:02.134+0900][1.782s][info][gc,marking  ] GC(61) Concurrent Clear Claimed Marks
[2026-03-23T17:28:02.134+0900][1.782s][info][gc,marking  ] GC(61) Concurrent Clear Claimed Marks 0.004ms
[2026-03-23T17:28:02.134+0900][1.782s][info][gc,marking  ] GC(61) Concurrent Cleanup for Next Mark
[2026-03-23T17:28:02.134+0900][1.782s][info][gc,marking  ] GC(61) Concurrent Cleanup for Next Mark 0.011ms
[2026-03-23T17:28:02.134+0900][1.782s][info][gc          ] GC(61) Concurrent Undo Cycle 0.043ms
[2026-03-23T17:28:02.141+0900][1.789s][info][gc,start    ] GC(62) Pause Young (Concurrent Start) (G1 Humongous Allocation)
[2026-03-23T17:28:02.141+0900][1.789s][info][gc,task     ] GC(62) Using 6 workers of 11 for evacuation
[2026-03-23T17:28:02.141+0900][1.789s][info][gc,phases   ] GC(62)   Pre Evacuate Collection Set: 0.06ms
[2026-03-23T17:28:02.141+0900][1.789s][info][gc,phases   ] GC(62)   Merge Heap Roots: 0.04ms
[2026-03-23T17:28:02.141+0900][1.789s][info][gc,phases   ] GC(62)   Evacuate Collection Set: 0.05ms
[2026-03-23T17:28:02.141+0900][1.789s][info][gc,phases   ] GC(62)   Post Evacuate Collection Set: 0.07ms
[2026-03-23T17:28:02.141+0900][1.789s][info][gc,phases   ] GC(62)   Other: 0.03ms
[2026-03-23T17:28:02.141+0900][1.789s][info][gc,heap     ] GC(62) Eden regions: 1->0(131)
[2026-03-23T17:28:02.141+0900][1.789s][info][gc,heap     ] GC(62) Survivor regions: 1->1(17)
[2026-03-23T17:28:02.141+0900][1.789s][info][gc,heap     ] GC(62) Old regions: 3->3
[2026-03-23T17:28:02.141+0900][1.789s][info][gc,heap     ] GC(62) Humongous regions: 112->109
[2026-03-23T17:28:02.141+0900][1.789s][info][gc,metaspace] GC(62) Metaspace: 235K(448K)->235K(448K) NonClass: 221K(320K)->221K(320K) Class: 14K(128K)->14K(128K)
[2026-03-23T17:28:02.141+0900][1.789s][info][gc          ] GC(62) Pause Young (Concurrent Start) (G1 Humongous Allocation) 113M->110M(258M) 0.298ms
[2026-03-23T17:28:02.141+0900][1.789s][info][gc,cpu      ] GC(62) User=0.00s Sys=0.00s Real=0.00s
[2026-03-23T17:28:02.141+0900][1.789s][info][gc          ] GC(63) Concurrent Undo Cycle
[2026-03-23T17:28:02.141+0900][1.789s][info][gc,marking  ] GC(63) Concurrent Clear Claimed Marks
[2026-03-23T17:28:02.141+0900][1.789s][info][gc,marking  ] GC(63) Concurrent Clear Claimed Marks 0.005ms
[2026-03-23T17:28:02.141+0900][1.789s][info][gc,marking  ] GC(63) Concurrent Cleanup for Next Mark
[2026-03-23T17:28:02.141+0900][1.789s][info][gc,marking  ] GC(63) Concurrent Cleanup for Next Mark 0.011ms
[2026-03-23T17:28:02.141+0900][1.789s][info][gc          ] GC(63) Concurrent Undo Cycle 0.040ms
[2026-03-23T17:28:02.147+0900][1.795s][info][gc,start    ] GC(64) Pause Young (Concurrent Start) (G1 Humongous Allocation)
[2026-03-23T17:28:02.147+0900][1.795s][info][gc,task     ] GC(64) Using 6 workers of 11 for evacuation
[2026-03-23T17:28:02.147+0900][1.795s][info][gc,phases   ] GC(64)   Pre Evacuate Collection Set: 0.06ms
[2026-03-23T17:28:02.147+0900][1.795s][info][gc,phases   ] GC(64)   Merge Heap Roots: 0.03ms
[2026-03-23T17:28:02.147+0900][1.795s][info][gc,phases   ] GC(64)   Evacuate Collection Set: 0.05ms
[2026-03-23T17:28:02.147+0900][1.795s][info][gc,phases   ] GC(64)   Post Evacuate Collection Set: 0.07ms
[2026-03-23T17:28:02.147+0900][1.795s][info][gc,phases   ] GC(64)   Other: 0.04ms
[2026-03-23T17:28:02.147+0900][1.795s][info][gc,heap     ] GC(64) Eden regions: 1->0(131)
[2026-03-23T17:28:02.147+0900][1.795s][info][gc,heap     ] GC(64) Survivor regions: 1->1(17)
[2026-03-23T17:28:02.147+0900][1.795s][info][gc,heap     ] GC(64) Old regions: 3->3
[2026-03-23T17:28:02.147+0900][1.795s][info][gc,heap     ] GC(64) Humongous regions: 112->109
[2026-03-23T17:28:02.147+0900][1.795s][info][gc,metaspace] GC(64) Metaspace: 235K(448K)->235K(448K) NonClass: 221K(320K)->221K(320K) Class: 14K(128K)->14K(128K)
[2026-03-23T17:28:02.147+0900][1.795s][info][gc          ] GC(64) Pause Young (Concurrent Start) (G1 Humongous Allocation) 113M->110M(258M) 0.308ms
[2026-03-23T17:28:02.147+0900][1.795s][info][gc,cpu      ] GC(64) User=0.00s Sys=0.00s Real=0.00s
[2026-03-23T17:28:02.147+0900][1.795s][info][gc          ] GC(65) Concurrent Undo Cycle
[2026-03-23T17:28:02.147+0900][1.795s][info][gc,marking  ] GC(65) Concurrent Clear Claimed Marks
[2026-03-23T17:28:02.147+0900][1.795s][info][gc,marking  ] GC(65) Concurrent Clear Claimed Marks 0.015ms
[2026-03-23T17:28:02.147+0900][1.795s][info][gc,marking  ] GC(65) Concurrent Cleanup for Next Mark
[2026-03-23T17:28:02.147+0900][1.795s][info][gc,marking  ] GC(65) Concurrent Cleanup for Next Mark 0.013ms
[2026-03-23T17:28:02.147+0900][1.795s][info][gc          ] GC(65) Concurrent Undo Cycle 0.052ms
[2026-03-23T17:28:02.147+0900][1.795s][info][gc,start    ] GC(66) Pause Young (Concurrent Start) (G1 Humongous Allocation)
[2026-03-23T17:28:02.147+0900][1.795s][info][gc,task     ] GC(66) Using 6 workers of 11 for evacuation
[2026-03-23T17:28:02.147+0900][1.795s][info][gc,phases   ] GC(66)   Pre Evacuate Collection Set: 0.06ms
[2026-03-23T17:28:02.147+0900][1.795s][info][gc,phases   ] GC(66)   Merge Heap Roots: 0.02ms
[2026-03-23T17:28:02.147+0900][1.795s][info][gc,phases   ] GC(66)   Evacuate Collection Set: 0.04ms
[2026-03-23T17:28:02.147+0900][1.795s][info][gc,phases   ] GC(66)   Post Evacuate Collection Set: 0.06ms
[2026-03-23T17:28:02.147+0900][1.795s][info][gc,phases   ] GC(66)   Other: 0.02ms
[2026-03-23T17:28:02.147+0900][1.795s][info][gc,heap     ] GC(66) Eden regions: 1->0(128)
[2026-03-23T17:28:02.147+0900][1.795s][info][gc,heap     ] GC(66) Survivor regions: 1->1(17)
[2026-03-23T17:28:02.147+0900][1.795s][info][gc,heap     ] GC(66) Old regions: 3->3
[2026-03-23T17:28:02.147+0900][1.795s][info][gc,heap     ] GC(66) Humongous regions: 112->112
[2026-03-23T17:28:02.147+0900][1.795s][info][gc,metaspace] GC(66) Metaspace: 235K(448K)->235K(448K) NonClass: 221K(320K)->221K(320K) Class: 14K(128K)->14K(128K)
[2026-03-23T17:28:02.147+0900][1.795s][info][gc          ] GC(66) Pause Young (Concurrent Start) (G1 Humongous Allocation) 113M->113M(258M) 0.265ms
[2026-03-23T17:28:02.147+0900][1.795s][info][gc,cpu      ] GC(66) User=0.00s Sys=0.00s Real=0.00s
[2026-03-23T17:28:02.147+0900][1.795s][info][gc          ] GC(67) Concurrent Undo Cycle
[2026-03-23T17:28:02.147+0900][1.795s][info][gc,marking  ] GC(67) Concurrent Clear Claimed Marks
[2026-03-23T17:28:02.147+0900][1.795s][info][gc,marking  ] GC(67) Concurrent Clear Claimed Marks 0.004ms
[2026-03-23T17:28:02.147+0900][1.795s][info][gc,marking  ] GC(67) Concurrent Cleanup for Next Mark
[2026-03-23T17:28:02.147+0900][1.795s][info][gc,marking  ] GC(67) Concurrent Cleanup for Next Mark 0.013ms
[2026-03-23T17:28:02.147+0900][1.795s][info][gc          ] GC(67) Concurrent Undo Cycle 0.043ms
[2026-03-23T17:28:02.154+0900][1.802s][info][gc,start    ] GC(68) Pause Young (Concurrent Start) (G1 Humongous Allocation)
[2026-03-23T17:28:02.154+0900][1.802s][info][gc,task     ] GC(68) Using 6 workers of 11 for evacuation
[2026-03-23T17:28:02.154+0900][1.802s][info][gc,phases   ] GC(68)   Pre Evacuate Collection Set: 0.06ms
[2026-03-23T17:28:02.154+0900][1.802s][info][gc,phases   ] GC(68)   Merge Heap Roots: 0.03ms
[2026-03-23T17:28:02.154+0900][1.802s][info][gc,phases   ] GC(68)   Evacuate Collection Set: 0.05ms
[2026-03-23T17:28:02.154+0900][1.802s][info][gc,phases   ] GC(68)   Post Evacuate Collection Set: 0.06ms
[2026-03-23T17:28:02.154+0900][1.802s][info][gc,phases   ] GC(68)   Other: 0.03ms
[2026-03-23T17:28:02.154+0900][1.802s][info][gc,heap     ] GC(68) Eden regions: 1->0(129)
[2026-03-23T17:28:02.154+0900][1.802s][info][gc,heap     ] GC(68) Survivor regions: 1->1(17)
[2026-03-23T17:28:02.154+0900][1.802s][info][gc,heap     ] GC(68) Old regions: 3->3
[2026-03-23T17:28:02.154+0900][1.802s][info][gc,heap     ] GC(68) Humongous regions: 114->111
[2026-03-23T17:28:02.154+0900][1.802s][info][gc,metaspace] GC(68) Metaspace: 235K(448K)->235K(448K) NonClass: 221K(320K)->221K(320K) Class: 14K(128K)->14K(128K)
[2026-03-23T17:28:02.154+0900][1.802s][info][gc          ] GC(68) Pause Young (Concurrent Start) (G1 Humongous Allocation) 115M->112M(258M) 0.291ms
[2026-03-23T17:28:02.154+0900][1.802s][info][gc,cpu      ] GC(68) User=0.00s Sys=0.00s Real=0.00s
[2026-03-23T17:28:02.154+0900][1.802s][info][gc          ] GC(69) Concurrent Undo Cycle
[2026-03-23T17:28:02.154+0900][1.802s][info][gc,marking  ] GC(69) Concurrent Clear Claimed Marks
[2026-03-23T17:28:02.154+0900][1.802s][info][gc,marking  ] GC(69) Concurrent Clear Claimed Marks 0.004ms
[2026-03-23T17:28:02.154+0900][1.802s][info][gc,marking  ] GC(69) Concurrent Cleanup for Next Mark
[2026-03-23T17:28:02.154+0900][1.802s][info][gc,marking  ] GC(69) Concurrent Cleanup for Next Mark 0.015ms
[2026-03-23T17:28:02.154+0900][1.802s][info][gc          ] GC(69) Concurrent Undo Cycle 0.045ms
[2026-03-23T17:28:02.160+0900][1.808s][info][gc,start    ] GC(70) Pause Young (Concurrent Start) (G1 Humongous Allocation)
[2026-03-23T17:28:02.160+0900][1.808s][info][gc,task     ] GC(70) Using 6 workers of 11 for evacuation
[2026-03-23T17:28:02.161+0900][1.809s][info][gc,phases   ] GC(70)   Pre Evacuate Collection Set: 0.06ms
[2026-03-23T17:28:02.161+0900][1.809s][info][gc,phases   ] GC(70)   Merge Heap Roots: 0.03ms
[2026-03-23T17:28:02.161+0900][1.809s][info][gc,phases   ] GC(70)   Evacuate Collection Set: 0.07ms
[2026-03-23T17:28:02.161+0900][1.809s][info][gc,phases   ] GC(70)   Post Evacuate Collection Set: 0.07ms
[2026-03-23T17:28:02.161+0900][1.809s][info][gc,phases   ] GC(70)   Other: 0.03ms
[2026-03-23T17:28:02.161+0900][1.809s][info][gc,heap     ] GC(70) Eden regions: 1->0(129)
[2026-03-23T17:28:02.161+0900][1.809s][info][gc,heap     ] GC(70) Survivor regions: 1->1(17)
[2026-03-23T17:28:02.161+0900][1.809s][info][gc,heap     ] GC(70) Old regions: 3->3
[2026-03-23T17:28:02.161+0900][1.809s][info][gc,heap     ] GC(70) Humongous regions: 114->111
[2026-03-23T17:28:02.161+0900][1.809s][info][gc,metaspace] GC(70) Metaspace: 235K(448K)->235K(448K) NonClass: 221K(320K)->221K(320K) Class: 14K(128K)->14K(128K)
[2026-03-23T17:28:02.161+0900][1.809s][info][gc          ] GC(70) Pause Young (Concurrent Start) (G1 Humongous Allocation) 115M->112M(258M) 0.321ms
[2026-03-23T17:28:02.161+0900][1.809s][info][gc,cpu      ] GC(70) User=0.00s Sys=0.00s Real=0.00s
[2026-03-23T17:28:02.161+0900][1.809s][info][gc          ] GC(71) Concurrent Undo Cycle
[2026-03-23T17:28:02.161+0900][1.809s][info][gc,marking  ] GC(71) Concurrent Clear Claimed Marks
[2026-03-23T17:28:02.161+0900][1.809s][info][gc,marking  ] GC(71) Concurrent Clear Claimed Marks 0.007ms
[2026-03-23T17:28:02.161+0900][1.809s][info][gc,marking  ] GC(71) Concurrent Cleanup for Next Mark
[2026-03-23T17:28:02.161+0900][1.809s][info][gc,marking  ] GC(71) Concurrent Cleanup for Next Mark 0.013ms
[2026-03-23T17:28:02.161+0900][1.809s][info][gc          ] GC(71) Concurrent Undo Cycle 0.046ms
[2026-03-23T17:28:02.167+0900][1.815s][info][gc,start    ] GC(72) Pause Young (Concurrent Start) (G1 Humongous Allocation)
[2026-03-23T17:28:02.167+0900][1.815s][info][gc,task     ] GC(72) Using 6 workers of 11 for evacuation
[2026-03-23T17:28:02.167+0900][1.815s][info][gc,phases   ] GC(72)   Pre Evacuate Collection Set: 0.08ms
[2026-03-23T17:28:02.167+0900][1.815s][info][gc,phases   ] GC(72)   Merge Heap Roots: 0.03ms
[2026-03-23T17:28:02.167+0900][1.815s][info][gc,phases   ] GC(72)   Evacuate Collection Set: 0.05ms
[2026-03-23T17:28:02.167+0900][1.815s][info][gc,phases   ] GC(72)   Post Evacuate Collection Set: 0.06ms
[2026-03-23T17:28:02.167+0900][1.815s][info][gc,phases   ] GC(72)   Other: 0.05ms
[2026-03-23T17:28:02.167+0900][1.815s][info][gc,heap     ] GC(72) Eden regions: 1->0(129)
[2026-03-23T17:28:02.167+0900][1.815s][info][gc,heap     ] GC(72) Survivor regions: 1->1(17)
[2026-03-23T17:28:02.167+0900][1.815s][info][gc,heap     ] GC(72) Old regions: 3->3
[2026-03-23T17:28:02.167+0900][1.815s][info][gc,heap     ] GC(72) Humongous regions: 114->111
[2026-03-23T17:28:02.167+0900][1.815s][info][gc,metaspace] GC(72) Metaspace: 235K(448K)->235K(448K) NonClass: 221K(320K)->221K(320K) Class: 14K(128K)->14K(128K)
[2026-03-23T17:28:02.167+0900][1.815s][info][gc          ] GC(72) Pause Young (Concurrent Start) (G1 Humongous Allocation) 115M->112M(258M) 0.340ms
[2026-03-23T17:28:02.167+0900][1.815s][info][gc,cpu      ] GC(72) User=0.00s Sys=0.00s Real=0.00s
[2026-03-23T17:28:02.167+0900][1.815s][info][gc          ] GC(73) Concurrent Undo Cycle
[2026-03-23T17:28:02.167+0900][1.815s][info][gc,marking  ] GC(73) Concurrent Clear Claimed Marks
[2026-03-23T17:28:02.167+0900][1.815s][info][gc,marking  ] GC(73) Concurrent Clear Claimed Marks 0.004ms
[2026-03-23T17:28:02.167+0900][1.815s][info][gc,marking  ] GC(73) Concurrent Cleanup for Next Mark
[2026-03-23T17:28:02.167+0900][1.815s][info][gc,marking  ] GC(73) Concurrent Cleanup for Next Mark 0.014ms
[2026-03-23T17:28:02.167+0900][1.815s][info][gc          ] GC(73) Concurrent Undo Cycle 0.040ms
[2026-03-23T17:28:02.174+0900][1.822s][info][gc,start    ] GC(74) Pause Young (Concurrent Start) (G1 Humongous Allocation)
[2026-03-23T17:28:02.174+0900][1.822s][info][gc,task     ] GC(74) Using 6 workers of 11 for evacuation
[2026-03-23T17:28:02.174+0900][1.822s][info][gc,phases   ] GC(74)   Pre Evacuate Collection Set: 0.06ms
[2026-03-23T17:28:02.174+0900][1.822s][info][gc,phases   ] GC(74)   Merge Heap Roots: 0.02ms
[2026-03-23T17:28:02.174+0900][1.822s][info][gc,phases   ] GC(74)   Evacuate Collection Set: 0.07ms
[2026-03-23T17:28:02.174+0900][1.822s][info][gc,phases   ] GC(74)   Post Evacuate Collection Set: 0.06ms
[2026-03-23T17:28:02.174+0900][1.822s][info][gc,phases   ] GC(74)   Other: 0.04ms
[2026-03-23T17:28:02.174+0900][1.822s][info][gc,heap     ] GC(74) Eden regions: 1->0(129)
[2026-03-23T17:28:02.174+0900][1.822s][info][gc,heap     ] GC(74) Survivor regions: 1->1(17)
[2026-03-23T17:28:02.174+0900][1.822s][info][gc,heap     ] GC(74) Old regions: 3->3
[2026-03-23T17:28:02.174+0900][1.822s][info][gc,heap     ] GC(74) Humongous regions: 114->111
[2026-03-23T17:28:02.174+0900][1.822s][info][gc,metaspace] GC(74) Metaspace: 235K(448K)->235K(448K) NonClass: 221K(320K)->221K(320K) Class: 14K(128K)->14K(128K)
[2026-03-23T17:28:02.174+0900][1.822s][info][gc          ] GC(74) Pause Young (Concurrent Start) (G1 Humongous Allocation) 115M->112M(258M) 0.289ms
[2026-03-23T17:28:02.174+0900][1.822s][info][gc,cpu      ] GC(74) User=0.00s Sys=0.00s Real=0.00s
[2026-03-23T17:28:02.174+0900][1.822s][info][gc          ] GC(75) Concurrent Undo Cycle
[2026-03-23T17:28:02.174+0900][1.822s][info][gc,marking  ] GC(75) Concurrent Clear Claimed Marks
[2026-03-23T17:28:02.174+0900][1.822s][info][gc,marking  ] GC(75) Concurrent Clear Claimed Marks 0.004ms
[2026-03-23T17:28:02.174+0900][1.822s][info][gc,marking  ] GC(75) Concurrent Cleanup for Next Mark
[2026-03-23T17:28:02.174+0900][1.822s][info][gc,marking  ] GC(75) Concurrent Cleanup for Next Mark 0.016ms
[2026-03-23T17:28:02.174+0900][1.822s][info][gc          ] GC(75) Concurrent Undo Cycle 0.046ms
[2026-03-23T17:28:02.180+0900][1.828s][info][gc,start    ] GC(76) Pause Young (Concurrent Start) (G1 Humongous Allocation)
[2026-03-23T17:28:02.180+0900][1.828s][info][gc,task     ] GC(76) Using 6 workers of 11 for evacuation
[2026-03-23T17:28:02.181+0900][1.829s][info][gc,phases   ] GC(76)   Pre Evacuate Collection Set: 0.05ms
[2026-03-23T17:28:02.181+0900][1.829s][info][gc,phases   ] GC(76)   Merge Heap Roots: 0.02ms
[2026-03-23T17:28:02.181+0900][1.829s][info][gc,phases   ] GC(76)   Evacuate Collection Set: 0.06ms
[2026-03-23T17:28:02.181+0900][1.829s][info][gc,phases   ] GC(76)   Post Evacuate Collection Set: 0.05ms
[2026-03-23T17:28:02.181+0900][1.829s][info][gc,phases   ] GC(76)   Other: 0.02ms
[2026-03-23T17:28:02.181+0900][1.829s][info][gc,heap     ] GC(76) Eden regions: 1->0(129)
[2026-03-23T17:28:02.181+0900][1.829s][info][gc,heap     ] GC(76) Survivor regions: 1->1(17)
[2026-03-23T17:28:02.181+0900][1.829s][info][gc,heap     ] GC(76) Old regions: 3->3
[2026-03-23T17:28:02.181+0900][1.829s][info][gc,heap     ] GC(76) Humongous regions: 114->111
[2026-03-23T17:28:02.181+0900][1.829s][info][gc,metaspace] GC(76) Metaspace: 235K(448K)->235K(448K) NonClass: 221K(320K)->221K(320K) Class: 14K(128K)->14K(128K)
[2026-03-23T17:28:02.181+0900][1.829s][info][gc          ] GC(76) Pause Young (Concurrent Start) (G1 Humongous Allocation) 115M->112M(258M) 0.286ms
[2026-03-23T17:28:02.181+0900][1.829s][info][gc,cpu      ] GC(76) User=0.00s Sys=0.00s Real=0.00s
[2026-03-23T17:28:02.181+0900][1.829s][info][gc          ] GC(77) Concurrent Undo Cycle
[2026-03-23T17:28:02.181+0900][1.829s][info][gc,marking  ] GC(77) Concurrent Clear Claimed Marks
[2026-03-23T17:28:02.181+0900][1.829s][info][gc,marking  ] GC(77) Concurrent Clear Claimed Marks 0.005ms
[2026-03-23T17:28:02.181+0900][1.829s][info][gc,marking  ] GC(77) Concurrent Cleanup for Next Mark
[2026-03-23T17:28:02.181+0900][1.829s][info][gc,marking  ] GC(77) Concurrent Cleanup for Next Mark 0.012ms
[2026-03-23T17:28:02.181+0900][1.829s][info][gc          ] GC(77) Concurrent Undo Cycle 0.045ms
[2026-03-23T17:28:02.187+0900][1.835s][info][gc,start    ] GC(78) Pause Young (Concurrent Start) (G1 Humongous Allocation)
[2026-03-23T17:28:02.187+0900][1.835s][info][gc,task     ] GC(78) Using 6 workers of 11 for evacuation
[2026-03-23T17:28:02.187+0900][1.835s][info][gc,phases   ] GC(78)   Pre Evacuate Collection Set: 0.09ms
[2026-03-23T17:28:02.187+0900][1.835s][info][gc,phases   ] GC(78)   Merge Heap Roots: 0.02ms
[2026-03-23T17:28:02.187+0900][1.835s][info][gc,phases   ] GC(78)   Evacuate Collection Set: 0.06ms
[2026-03-23T17:28:02.187+0900][1.835s][info][gc,phases   ] GC(78)   Post Evacuate Collection Set: 0.07ms
[2026-03-23T17:28:02.187+0900][1.835s][info][gc,phases   ] GC(78)   Other: 0.05ms
[2026-03-23T17:28:02.187+0900][1.835s][info][gc,heap     ] GC(78) Eden regions: 1->0(129)
[2026-03-23T17:28:02.187+0900][1.835s][info][gc,heap     ] GC(78) Survivor regions: 1->1(17)
[2026-03-23T17:28:02.187+0900][1.835s][info][gc,heap     ] GC(78) Old regions: 3->3
[2026-03-23T17:28:02.187+0900][1.835s][info][gc,heap     ] GC(78) Humongous regions: 114->111
[2026-03-23T17:28:02.187+0900][1.835s][info][gc,metaspace] GC(78) Metaspace: 235K(448K)->235K(448K) NonClass: 221K(320K)->221K(320K) Class: 14K(128K)->14K(128K)
[2026-03-23T17:28:02.187+0900][1.835s][info][gc          ] GC(78) Pause Young (Concurrent Start) (G1 Humongous Allocation) 115M->112M(258M) 0.368ms
[2026-03-23T17:28:02.187+0900][1.835s][info][gc,cpu      ] GC(78) User=0.00s Sys=0.00s Real=0.00s
[2026-03-23T17:28:02.187+0900][1.835s][info][gc          ] GC(79) Concurrent Undo Cycle
[2026-03-23T17:28:02.187+0900][1.835s][info][gc,marking  ] GC(79) Concurrent Clear Claimed Marks
[2026-03-23T17:28:02.188+0900][1.835s][info][gc,marking  ] GC(79) Concurrent Clear Claimed Marks 0.004ms
[2026-03-23T17:28:02.188+0900][1.836s][info][gc,marking  ] GC(79) Concurrent Cleanup for Next Mark
[2026-03-23T17:28:02.188+0900][1.836s][info][gc,marking  ] GC(79) Concurrent Cleanup for Next Mark 0.015ms
[2026-03-23T17:28:02.188+0900][1.836s][info][gc          ] GC(79) Concurrent Undo Cycle 0.045ms
[2026-03-23T17:28:02.194+0900][1.842s][info][gc,start    ] GC(80) Pause Young (Concurrent Start) (G1 Humongous Allocation)
[2026-03-23T17:28:02.194+0900][1.842s][info][gc,task     ] GC(80) Using 6 workers of 11 for evacuation
[2026-03-23T17:28:02.194+0900][1.842s][info][gc,phases   ] GC(80)   Pre Evacuate Collection Set: 0.07ms
[2026-03-23T17:28:02.194+0900][1.842s][info][gc,phases   ] GC(80)   Merge Heap Roots: 0.01ms
[2026-03-23T17:28:02.194+0900][1.842s][info][gc,phases   ] GC(80)   Evacuate Collection Set: 0.05ms
[2026-03-23T17:28:02.194+0900][1.842s][info][gc,phases   ] GC(80)   Post Evacuate Collection Set: 0.07ms
[2026-03-23T17:28:02.194+0900][1.842s][info][gc,phases   ] GC(80)   Other: 0.02ms
[2026-03-23T17:28:02.194+0900][1.842s][info][gc,heap     ] GC(80) Eden regions: 1->0(129)
[2026-03-23T17:28:02.194+0900][1.842s][info][gc,heap     ] GC(80) Survivor regions: 1->1(17)
[2026-03-23T17:28:02.194+0900][1.842s][info][gc,heap     ] GC(80) Old regions: 3->3
[2026-03-23T17:28:02.194+0900][1.842s][info][gc,heap     ] GC(80) Humongous regions: 114->111
[2026-03-23T17:28:02.194+0900][1.842s][info][gc,metaspace] GC(80) Metaspace: 235K(448K)->235K(448K) NonClass: 221K(320K)->221K(320K) Class: 14K(128K)->14K(128K)
[2026-03-23T17:28:02.194+0900][1.842s][info][gc          ] GC(80) Pause Young (Concurrent Start) (G1 Humongous Allocation) 115M->112M(258M) 0.280ms
[2026-03-23T17:28:02.194+0900][1.842s][info][gc,cpu      ] GC(80) User=0.00s Sys=0.00s Real=0.00s
[2026-03-23T17:28:02.194+0900][1.842s][info][gc          ] GC(81) Concurrent Undo Cycle
[2026-03-23T17:28:02.194+0900][1.842s][info][gc,marking  ] GC(81) Concurrent Clear Claimed Marks
[2026-03-23T17:28:02.194+0900][1.842s][info][gc,marking  ] GC(81) Concurrent Clear Claimed Marks 0.005ms
[2026-03-23T17:28:02.194+0900][1.842s][info][gc,marking  ] GC(81) Concurrent Cleanup for Next Mark
[2026-03-23T17:28:02.194+0900][1.842s][info][gc,marking  ] GC(81) Concurrent Cleanup for Next Mark 0.013ms
[2026-03-23T17:28:02.194+0900][1.842s][info][gc          ] GC(81) Concurrent Undo Cycle 0.045ms
[2026-03-23T17:28:02.200+0900][1.848s][info][gc,start    ] GC(82) Pause Young (Concurrent Start) (G1 Humongous Allocation)
[2026-03-23T17:28:02.200+0900][1.848s][info][gc,task     ] GC(82) Using 6 workers of 11 for evacuation
[2026-03-23T17:28:02.201+0900][1.849s][info][gc,phases   ] GC(82)   Pre Evacuate Collection Set: 0.10ms
[2026-03-23T17:28:02.201+0900][1.849s][info][gc,phases   ] GC(82)   Merge Heap Roots: 0.02ms
[2026-03-23T17:28:02.201+0900][1.849s][info][gc,phases   ] GC(82)   Evacuate Collection Set: 0.07ms
[2026-03-23T17:28:02.201+0900][1.849s][info][gc,phases   ] GC(82)   Post Evacuate Collection Set: 0.08ms
[2026-03-23T17:28:02.201+0900][1.849s][info][gc,phases   ] GC(82)   Other: 0.05ms
[2026-03-23T17:28:02.201+0900][1.849s][info][gc,heap     ] GC(82) Eden regions: 1->0(129)
[2026-03-23T17:28:02.201+0900][1.849s][info][gc,heap     ] GC(82) Survivor regions: 1->1(17)
[2026-03-23T17:28:02.201+0900][1.849s][info][gc,heap     ] GC(82) Old regions: 3->3
[2026-03-23T17:28:02.201+0900][1.849s][info][gc,heap     ] GC(82) Humongous regions: 114->111
[2026-03-23T17:28:02.201+0900][1.849s][info][gc,metaspace] GC(82) Metaspace: 235K(448K)->235K(448K) NonClass: 221K(320K)->221K(320K) Class: 14K(128K)->14K(128K)
[2026-03-23T17:28:02.201+0900][1.849s][info][gc          ] GC(82) Pause Young (Concurrent Start) (G1 Humongous Allocation) 115M->112M(258M) 0.391ms
[2026-03-23T17:28:02.201+0900][1.849s][info][gc,cpu      ] GC(82) User=0.00s Sys=0.00s Real=0.00s
[2026-03-23T17:28:02.201+0900][1.849s][info][gc          ] GC(83) Concurrent Undo Cycle
[2026-03-23T17:28:02.201+0900][1.849s][info][gc,marking  ] GC(83) Concurrent Clear Claimed Marks
[2026-03-23T17:28:02.201+0900][1.849s][info][gc,marking  ] GC(83) Concurrent Clear Claimed Marks 0.005ms
[2026-03-23T17:28:02.201+0900][1.849s][info][gc,marking  ] GC(83) Concurrent Cleanup for Next Mark
[2026-03-23T17:28:02.201+0900][1.849s][info][gc,marking  ] GC(83) Concurrent Cleanup for Next Mark 0.014ms
[2026-03-23T17:28:02.201+0900][1.849s][info][gc          ] GC(83) Concurrent Undo Cycle 0.046ms
[2026-03-23T17:28:02.201+0900][1.849s][info][gc,start    ] GC(84) Pause Young (Concurrent Start) (G1 Humongous Allocation)
[2026-03-23T17:28:02.201+0900][1.849s][info][gc,task     ] GC(84) Using 6 workers of 11 for evacuation
[2026-03-23T17:28:02.201+0900][1.849s][info][gc,phases   ] GC(84)   Pre Evacuate Collection Set: 0.04ms
[2026-03-23T17:28:02.201+0900][1.849s][info][gc,phases   ] GC(84)   Merge Heap Roots: 0.02ms
[2026-03-23T17:28:02.201+0900][1.849s][info][gc,phases   ] GC(84)   Evacuate Collection Set: 0.05ms
[2026-03-23T17:28:02.201+0900][1.849s][info][gc,phases   ] GC(84)   Post Evacuate Collection Set: 0.05ms
[2026-03-23T17:28:02.201+0900][1.849s][info][gc,phases   ] GC(84)   Other: 0.02ms
[2026-03-23T17:28:02.201+0900][1.849s][info][gc,heap     ] GC(84) Eden regions: 1->0(126)
[2026-03-23T17:28:02.201+0900][1.849s][info][gc,heap     ] GC(84) Survivor regions: 1->1(17)
[2026-03-23T17:28:02.201+0900][1.849s][info][gc,heap     ] GC(84) Old regions: 3->3
[2026-03-23T17:28:02.201+0900][1.849s][info][gc,heap     ] GC(84) Humongous regions: 114->114
[2026-03-23T17:28:02.201+0900][1.849s][info][gc,metaspace] GC(84) Metaspace: 235K(448K)->235K(448K) NonClass: 221K(320K)->221K(320K) Class: 14K(128K)->14K(128K)
[2026-03-23T17:28:02.201+0900][1.849s][info][gc          ] GC(84) Pause Young (Concurrent Start) (G1 Humongous Allocation) 115M->115M(258M) 0.229ms
[2026-03-23T17:28:02.201+0900][1.849s][info][gc,cpu      ] GC(84) User=0.00s Sys=0.00s Real=0.00s
[2026-03-23T17:28:02.201+0900][1.849s][info][gc          ] GC(85) Concurrent Mark Cycle
[2026-03-23T17:28:02.201+0900][1.849s][info][gc,marking  ] GC(85) Concurrent Scan Root Regions
[2026-03-23T17:28:02.201+0900][1.849s][info][gc,marking  ] GC(85) Concurrent Scan Root Regions 0.014ms
[2026-03-23T17:28:02.201+0900][1.849s][info][gc,marking  ] GC(85) Concurrent Mark
[2026-03-23T17:28:02.201+0900][1.849s][info][gc,marking  ] GC(85) Concurrent Mark From Roots
[2026-03-23T17:28:02.201+0900][1.849s][info][gc,task     ] GC(85) Using 3 workers of 3 for marking
[2026-03-23T17:28:02.202+0900][1.850s][info][gc,marking  ] GC(85) Concurrent Mark From Roots 0.848ms
[2026-03-23T17:28:02.202+0900][1.850s][info][gc,marking  ] GC(85) Concurrent Preclean
[2026-03-23T17:28:02.202+0900][1.850s][info][gc,marking  ] GC(85) Concurrent Preclean 0.005ms
[2026-03-23T17:28:02.202+0900][1.850s][info][gc,start    ] GC(85) Pause Remark
[2026-03-23T17:28:02.202+0900][1.850s][info][gc          ] GC(85) Pause Remark 118M->118M(258M) 0.200ms
[2026-03-23T17:28:02.202+0900][1.850s][info][gc,cpu      ] GC(85) User=0.00s Sys=0.00s Real=0.00s
[2026-03-23T17:28:02.202+0900][1.850s][info][gc,marking  ] GC(85) Concurrent Mark 1.092ms
[2026-03-23T17:28:02.202+0900][1.850s][info][gc,marking  ] GC(85) Concurrent Rebuild Remembered Sets and Scrub Regions
[2026-03-23T17:28:02.203+0900][1.851s][info][gc,marking  ] GC(85) Concurrent Rebuild Remembered Sets and Scrub Regions 0.317ms
[2026-03-23T17:28:02.203+0900][1.851s][info][gc,start    ] GC(85) Pause Cleanup
[2026-03-23T17:28:02.203+0900][1.851s][info][gc          ] GC(85) Pause Cleanup 118M->118M(258M) 0.033ms
[2026-03-23T17:28:02.203+0900][1.851s][info][gc,cpu      ] GC(85) User=0.00s Sys=0.00s Real=0.00s
[2026-03-23T17:28:02.203+0900][1.851s][info][gc,marking  ] GC(85) Concurrent Clear Claimed Marks
[2026-03-23T17:28:02.203+0900][1.851s][info][gc,marking  ] GC(85) Concurrent Clear Claimed Marks 0.005ms
[2026-03-23T17:28:02.203+0900][1.851s][info][gc,marking  ] GC(85) Concurrent Cleanup for Next Mark
[2026-03-23T17:28:02.203+0900][1.851s][info][gc,marking  ] GC(85) Concurrent Cleanup for Next Mark 0.157ms
[2026-03-23T17:28:02.203+0900][1.851s][info][gc          ] GC(85) Concurrent Mark Cycle 1.680ms
[2026-03-23T17:28:02.951+0900][2.598s][info][gc,start    ] GC(86) Pause Young (Prepare Mixed) (G1 Humongous Allocation)
[2026-03-23T17:28:02.951+0900][2.599s][info][gc,task     ] GC(86) Using 11 workers of 11 for evacuation
[2026-03-23T17:28:02.952+0900][2.600s][info][gc,phases   ] GC(86)   Pre Evacuate Collection Set: 0.13ms
[2026-03-23T17:28:02.952+0900][2.600s][info][gc,phases   ] GC(86)   Merge Heap Roots: 0.05ms
[2026-03-23T17:28:02.952+0900][2.600s][info][gc,phases   ] GC(86)   Evacuate Collection Set: 0.20ms
[2026-03-23T17:28:02.952+0900][2.600s][info][gc,phases   ] GC(86)   Post Evacuate Collection Set: 0.39ms
[2026-03-23T17:28:02.952+0900][2.600s][info][gc,phases   ] GC(86)   Other: 0.21ms
[2026-03-23T17:28:02.952+0900][2.600s][info][gc,heap     ] GC(86) Eden regions: 1->0(307)
[2026-03-23T17:28:02.952+0900][2.600s][info][gc,heap     ] GC(86) Survivor regions: 1->0(0)
[2026-03-23T17:28:02.952+0900][2.600s][info][gc,heap     ] GC(86) Old regions: 3->3
[2026-03-23T17:28:02.952+0900][2.600s][info][gc,heap     ] GC(86) Humongous regions: 507->112
[2026-03-23T17:28:02.952+0900][2.600s][info][gc,metaspace] GC(86) Metaspace: 235K(448K)->235K(448K) NonClass: 221K(320K)->221K(320K) Class: 14K(128K)->14K(128K)
[2026-03-23T17:28:02.952+0900][2.600s][info][gc          ] GC(86) Pause Young (Prepare Mixed) (G1 Humongous Allocation) 508M->113M(512M) 1.131ms
[2026-03-23T17:28:02.952+0900][2.600s][info][gc,cpu      ] GC(86) User=0.00s Sys=0.01s Real=0.00s
[2026-03-23T17:28:03.673+0900][3.321s][info][gc,start    ] GC(87) Pause Young (Mixed) (G1 Humongous Allocation)
[2026-03-23T17:28:03.673+0900][3.321s][info][gc,task     ] GC(87) Using 11 workers of 11 for evacuation
[2026-03-23T17:28:03.674+0900][3.322s][info][gc,phases   ] GC(87)   Pre Evacuate Collection Set: 0.11ms
[2026-03-23T17:28:03.674+0900][3.322s][info][gc,phases   ] GC(87)   Merge Heap Roots: 0.04ms
[2026-03-23T17:28:03.674+0900][3.322s][info][gc,phases   ] GC(87)   Evacuate Collection Set: 0.23ms
[2026-03-23T17:28:03.674+0900][3.322s][info][gc,phases   ] GC(87)   Post Evacuate Collection Set: 0.34ms
[2026-03-23T17:28:03.674+0900][3.322s][info][gc,phases   ] GC(87)   Other: 0.04ms
[2026-03-23T17:28:03.674+0900][3.322s][info][gc,heap     ] GC(87) Eden regions: 1->0(307)
[2026-03-23T17:28:03.674+0900][3.322s][info][gc,heap     ] GC(87) Survivor regions: 0->0(0)
[2026-03-23T17:28:03.674+0900][3.322s][info][gc,heap     ] GC(87) Old regions: 3->2
[2026-03-23T17:28:03.674+0900][3.322s][info][gc,heap     ] GC(87) Humongous regions: 508->158
[2026-03-23T17:28:03.674+0900][3.322s][info][gc,metaspace] GC(87) Metaspace: 235K(448K)->235K(448K) NonClass: 221K(320K)->221K(320K) Class: 14K(128K)->14K(128K)
[2026-03-23T17:28:03.674+0900][3.322s][info][gc          ] GC(87) Pause Young (Mixed) (G1 Humongous Allocation) 509M->159M(512M) 0.916ms
[2026-03-23T17:28:03.674+0900][3.322s][info][gc,cpu      ] GC(87) User=0.01s Sys=0.00s Real=0.00s
[2026-03-23T17:28:03.804+0900][3.452s][info][gc,start    ] GC(88) Pause Young (Concurrent Start) (G1 Humongous Allocation)
[2026-03-23T17:28:03.804+0900][3.452s][info][gc,task     ] GC(88) Using 11 workers of 11 for evacuation
[2026-03-23T17:28:03.805+0900][3.453s][info][gc,phases   ] GC(88)   Pre Evacuate Collection Set: 0.18ms
[2026-03-23T17:28:03.805+0900][3.453s][info][gc,phases   ] GC(88)   Merge Heap Roots: 0.03ms
[2026-03-23T17:28:03.805+0900][3.453s][info][gc,phases   ] GC(88)   Evacuate Collection Set: 0.16ms
[2026-03-23T17:28:03.805+0900][3.453s][info][gc,phases   ] GC(88)   Post Evacuate Collection Set: 0.10ms
[2026-03-23T17:28:03.805+0900][3.453s][info][gc,phases   ] GC(88)   Other: 0.05ms
[2026-03-23T17:28:03.805+0900][3.453s][info][gc,heap     ] GC(88) Eden regions: 1->0(306)
[2026-03-23T17:28:03.805+0900][3.453s][info][gc,heap     ] GC(88) Survivor regions: 0->1(39)
[2026-03-23T17:28:03.805+0900][3.453s][info][gc,heap     ] GC(88) Old regions: 2->2
[2026-03-23T17:28:03.805+0900][3.453s][info][gc,heap     ] GC(88) Humongous regions: 228->166
[2026-03-23T17:28:03.805+0900][3.453s][info][gc,metaspace] GC(88) Metaspace: 235K(448K)->235K(448K) NonClass: 221K(320K)->221K(320K) Class: 14K(128K)->14K(128K)
[2026-03-23T17:28:03.805+0900][3.453s][info][gc          ] GC(88) Pause Young (Concurrent Start) (G1 Humongous Allocation) 229M->167M(512M) 0.718ms
[2026-03-23T17:28:03.805+0900][3.453s][info][gc,cpu      ] GC(88) User=0.00s Sys=0.00s Real=0.00s
[2026-03-23T17:28:03.805+0900][3.453s][info][gc          ] GC(89) Concurrent Undo Cycle
[2026-03-23T17:28:03.805+0900][3.453s][info][gc,marking  ] GC(89) Concurrent Clear Claimed Marks
[2026-03-23T17:28:03.805+0900][3.453s][info][gc,marking  ] GC(89) Concurrent Clear Claimed Marks 0.013ms
[2026-03-23T17:28:03.805+0900][3.453s][info][gc,marking  ] GC(89) Concurrent Cleanup for Next Mark
[2026-03-23T17:28:03.805+0900][3.453s][info][gc,marking  ] GC(89) Concurrent Cleanup for Next Mark 0.033ms
[2026-03-23T17:28:03.805+0900][3.453s][info][gc          ] GC(89) Concurrent Undo Cycle 0.105ms
[2026-03-23T17:28:03.919+0900][3.567s][info][gc,start    ] GC(90) Pause Young (Concurrent Start) (G1 Humongous Allocation)
[2026-03-23T17:28:03.919+0900][3.567s][info][gc,task     ] GC(90) Using 11 workers of 11 for evacuation
[2026-03-23T17:28:03.920+0900][3.568s][info][gc,phases   ] GC(90)   Pre Evacuate Collection Set: 0.17ms
[2026-03-23T17:28:03.920+0900][3.568s][info][gc,phases   ] GC(90)   Merge Heap Roots: 0.03ms
[2026-03-23T17:28:03.920+0900][3.568s][info][gc,phases   ] GC(90)   Evacuate Collection Set: 0.19ms
[2026-03-23T17:28:03.920+0900][3.568s][info][gc,phases   ] GC(90)   Post Evacuate Collection Set: 0.12ms
[2026-03-23T17:28:03.920+0900][3.568s][info][gc,phases   ] GC(90)   Other: 0.05ms
[2026-03-23T17:28:03.920+0900][3.568s][info][gc,heap     ] GC(90) Eden regions: 1->0(306)
[2026-03-23T17:28:03.920+0900][3.568s][info][gc,heap     ] GC(90) Survivor regions: 1->1(39)
[2026-03-23T17:28:03.920+0900][3.568s][info][gc,heap     ] GC(90) Old regions: 2->2
[2026-03-23T17:28:03.920+0900][3.568s][info][gc,heap     ] GC(90) Humongous regions: 228->174
[2026-03-23T17:28:03.920+0900][3.568s][info][gc,metaspace] GC(90) Metaspace: 235K(448K)->235K(448K) NonClass: 221K(320K)->221K(320K) Class: 14K(128K)->14K(128K)
[2026-03-23T17:28:03.920+0900][3.568s][info][gc          ] GC(90) Pause Young (Concurrent Start) (G1 Humongous Allocation) 229M->175M(512M) 0.747ms
[2026-03-23T17:28:03.920+0900][3.568s][info][gc,cpu      ] GC(90) User=0.00s Sys=0.00s Real=0.01s
[2026-03-23T17:28:03.920+0900][3.568s][info][gc          ] GC(91) Concurrent Undo Cycle
[2026-03-23T17:28:03.920+0900][3.568s][info][gc,marking  ] GC(91) Concurrent Clear Claimed Marks
[2026-03-23T17:28:03.920+0900][3.568s][info][gc,marking  ] GC(91) Concurrent Clear Claimed Marks 0.008ms
[2026-03-23T17:28:03.920+0900][3.568s][info][gc,marking  ] GC(91) Concurrent Cleanup for Next Mark
[2026-03-23T17:28:03.920+0900][3.568s][info][gc,marking  ] GC(91) Concurrent Cleanup for Next Mark 0.047ms
[2026-03-23T17:28:03.920+0900][3.568s][info][gc          ] GC(91) Concurrent Undo Cycle 0.126ms
[2026-03-23T17:28:04.022+0900][3.670s][info][gc,start    ] GC(92) Pause Young (Concurrent Start) (G1 Humongous Allocation)
[2026-03-23T17:28:04.022+0900][3.670s][info][gc,task     ] GC(92) Using 11 workers of 11 for evacuation
[2026-03-23T17:28:04.022+0900][3.670s][info][gc,phases   ] GC(92)   Pre Evacuate Collection Set: 0.15ms
[2026-03-23T17:28:04.022+0900][3.670s][info][gc,phases   ] GC(92)   Merge Heap Roots: 0.04ms
[2026-03-23T17:28:04.022+0900][3.670s][info][gc,phases   ] GC(92)   Evacuate Collection Set: 0.20ms
[2026-03-23T17:28:04.022+0900][3.670s][info][gc,phases   ] GC(92)   Post Evacuate Collection Set: 0.10ms
[2026-03-23T17:28:04.022+0900][3.670s][info][gc,phases   ] GC(92)   Other: 0.04ms
[2026-03-23T17:28:04.022+0900][3.670s][info][gc,heap     ] GC(92) Eden regions: 1->0(302)
[2026-03-23T17:28:04.022+0900][3.670s][info][gc,heap     ] GC(92) Survivor regions: 1->1(39)
[2026-03-23T17:28:04.022+0900][3.670s][info][gc,heap     ] GC(92) Old regions: 2->2
[2026-03-23T17:28:04.022+0900][3.670s][info][gc,heap     ] GC(92) Humongous regions: 228->180
[2026-03-23T17:28:04.022+0900][3.670s][info][gc,metaspace] GC(92) Metaspace: 235K(448K)->235K(448K) NonClass: 221K(320K)->221K(320K) Class: 14K(128K)->14K(128K)
[2026-03-23T17:28:04.022+0900][3.670s][info][gc          ] GC(92) Pause Young (Concurrent Start) (G1 Humongous Allocation) 229M->181M(512M) 0.701ms
[2026-03-23T17:28:04.022+0900][3.670s][info][gc,cpu      ] GC(92) User=0.00s Sys=0.00s Real=0.00s
[2026-03-23T17:28:04.022+0900][3.670s][info][gc          ] GC(93) Concurrent Undo Cycle
[2026-03-23T17:28:04.022+0900][3.670s][info][gc,marking  ] GC(93) Concurrent Clear Claimed Marks
[2026-03-23T17:28:04.022+0900][3.670s][info][gc,marking  ] GC(93) Concurrent Clear Claimed Marks 0.012ms
[2026-03-23T17:28:04.022+0900][3.670s][info][gc,marking  ] GC(93) Concurrent Cleanup for Next Mark
[2026-03-23T17:28:04.022+0900][3.670s][info][gc,marking  ] GC(93) Concurrent Cleanup for Next Mark 0.028ms
[2026-03-23T17:28:04.022+0900][3.670s][info][gc          ] GC(93) Concurrent Undo Cycle 0.092ms
[2026-03-23T17:28:04.117+0900][3.765s][info][gc,start    ] GC(94) Pause Young (Concurrent Start) (G1 Humongous Allocation)
[2026-03-23T17:28:04.117+0900][3.765s][info][gc,task     ] GC(94) Using 11 workers of 11 for evacuation
[2026-03-23T17:28:04.117+0900][3.765s][info][gc,phases   ] GC(94)   Pre Evacuate Collection Set: 0.12ms
[2026-03-23T17:28:04.117+0900][3.765s][info][gc,phases   ] GC(94)   Merge Heap Roots: 0.05ms
[2026-03-23T17:28:04.117+0900][3.765s][info][gc,phases   ] GC(94)   Evacuate Collection Set: 0.19ms
[2026-03-23T17:28:04.117+0900][3.765s][info][gc,phases   ] GC(94)   Post Evacuate Collection Set: 0.12ms
[2026-03-23T17:28:04.117+0900][3.765s][info][gc,phases   ] GC(94)   Other: 0.04ms
[2026-03-23T17:28:04.117+0900][3.765s][info][gc,heap     ] GC(94) Eden regions: 1->0(299)
[2026-03-23T17:28:04.117+0900][3.765s][info][gc,heap     ] GC(94) Survivor regions: 1->1(38)
[2026-03-23T17:28:04.117+0900][3.765s][info][gc,heap     ] GC(94) Old regions: 2->2
[2026-03-23T17:28:04.117+0900][3.765s][info][gc,heap     ] GC(94) Humongous regions: 228->183
[2026-03-23T17:28:04.117+0900][3.765s][info][gc,metaspace] GC(94) Metaspace: 235K(448K)->235K(448K) NonClass: 221K(320K)->221K(320K) Class: 14K(128K)->14K(128K)
[2026-03-23T17:28:04.117+0900][3.765s][info][gc          ] GC(94) Pause Young (Concurrent Start) (G1 Humongous Allocation) 229M->184M(512M) 0.678ms
[2026-03-23T17:28:04.117+0900][3.765s][info][gc,cpu      ] GC(94) User=0.00s Sys=0.01s Real=0.00s
[2026-03-23T17:28:04.117+0900][3.765s][info][gc          ] GC(95) Concurrent Undo Cycle
[2026-03-23T17:28:04.117+0900][3.765s][info][gc,marking  ] GC(95) Concurrent Clear Claimed Marks
[2026-03-23T17:28:04.117+0900][3.765s][info][gc,marking  ] GC(95) Concurrent Clear Claimed Marks 0.010ms
[2026-03-23T17:28:04.117+0900][3.765s][info][gc,marking  ] GC(95) Concurrent Cleanup for Next Mark
[2026-03-23T17:28:04.117+0900][3.765s][info][gc,marking  ] GC(95) Concurrent Cleanup for Next Mark 0.042ms
[2026-03-23T17:28:04.117+0900][3.765s][info][gc          ] GC(95) Concurrent Undo Cycle 0.119ms
[2026-03-23T17:28:04.198+0900][3.846s][info][gc,start    ] GC(96) Pause Young (Concurrent Start) (G1 Humongous Allocation)
[2026-03-23T17:28:04.198+0900][3.846s][info][gc,task     ] GC(96) Using 11 workers of 11 for evacuation
[2026-03-23T17:28:04.198+0900][3.846s][info][gc,phases   ] GC(96)   Pre Evacuate Collection Set: 0.22ms
[2026-03-23T17:28:04.198+0900][3.846s][info][gc,phases   ] GC(96)   Merge Heap Roots: 0.05ms
[2026-03-23T17:28:04.198+0900][3.846s][info][gc,phases   ] GC(96)   Evacuate Collection Set: 0.17ms
[2026-03-23T17:28:04.198+0900][3.846s][info][gc,phases   ] GC(96)   Post Evacuate Collection Set: 0.12ms
[2026-03-23T17:28:04.198+0900][3.846s][info][gc,phases   ] GC(96)   Other: 0.07ms
[2026-03-23T17:28:04.198+0900][3.846s][info][gc,heap     ] GC(96) Eden regions: 1->0(293)
[2026-03-23T17:28:04.198+0900][3.846s][info][gc,heap     ] GC(96) Survivor regions: 1->1(38)
[2026-03-23T17:28:04.198+0900][3.846s][info][gc,heap     ] GC(96) Old regions: 2->2
[2026-03-23T17:28:04.198+0900][3.846s][info][gc,heap     ] GC(96) Humongous regions: 228->189
[2026-03-23T17:28:04.198+0900][3.846s][info][gc,metaspace] GC(96) Metaspace: 235K(448K)->235K(448K) NonClass: 221K(320K)->221K(320K) Class: 14K(128K)->14K(128K)
[2026-03-23T17:28:04.198+0900][3.846s][info][gc          ] GC(96) Pause Young (Concurrent Start) (G1 Humongous Allocation) 229M->190M(512M) 0.816ms
[2026-03-23T17:28:04.198+0900][3.846s][info][gc,cpu      ] GC(96) User=0.00s Sys=0.00s Real=0.00s
[2026-03-23T17:28:04.199+0900][3.847s][info][gc          ] GC(97) Concurrent Undo Cycle
[2026-03-23T17:28:04.199+0900][3.847s][info][gc,marking  ] GC(97) Concurrent Clear Claimed Marks
[2026-03-23T17:28:04.199+0900][3.847s][info][gc,marking  ] GC(97) Concurrent Clear Claimed Marks 0.011ms
[2026-03-23T17:28:04.199+0900][3.847s][info][gc,marking  ] GC(97) Concurrent Cleanup for Next Mark
[2026-03-23T17:28:04.199+0900][3.847s][info][gc,marking  ] GC(97) Concurrent Cleanup for Next Mark 0.068ms
[2026-03-23T17:28:04.199+0900][3.847s][info][gc          ] GC(97) Concurrent Undo Cycle 0.130ms
[2026-03-23T17:28:04.268+0900][3.916s][info][gc,start    ] GC(98) Pause Young (Concurrent Start) (G1 Humongous Allocation)
[2026-03-23T17:28:04.268+0900][3.916s][info][gc,task     ] GC(98) Using 11 workers of 11 for evacuation
[2026-03-23T17:28:04.268+0900][3.916s][info][gc,phases   ] GC(98)   Pre Evacuate Collection Set: 0.13ms
[2026-03-23T17:28:04.268+0900][3.916s][info][gc,phases   ] GC(98)   Merge Heap Roots: 0.04ms
[2026-03-23T17:28:04.268+0900][3.916s][info][gc,phases   ] GC(98)   Evacuate Collection Set: 0.13ms
[2026-03-23T17:28:04.268+0900][3.916s][info][gc,phases   ] GC(98)   Post Evacuate Collection Set: 0.11ms
[2026-03-23T17:28:04.268+0900][3.916s][info][gc,phases   ] GC(98)   Other: 0.04ms
[2026-03-23T17:28:04.268+0900][3.916s][info][gc,heap     ] GC(98) Eden regions: 1->0(287)
[2026-03-23T17:28:04.268+0900][3.916s][info][gc,heap     ] GC(98) Survivor regions: 1->1(37)
[2026-03-23T17:28:04.268+0900][3.916s][info][gc,heap     ] GC(98) Old regions: 2->2
[2026-03-23T17:28:04.268+0900][3.916s][info][gc,heap     ] GC(98) Humongous regions: 228->195
[2026-03-23T17:28:04.268+0900][3.916s][info][gc,metaspace] GC(98) Metaspace: 235K(448K)->235K(448K) NonClass: 221K(320K)->221K(320K) Class: 14K(128K)->14K(128K)
[2026-03-23T17:28:04.268+0900][3.916s][info][gc          ] GC(98) Pause Young (Concurrent Start) (G1 Humongous Allocation) 229M->196M(512M) 0.555ms
[2026-03-23T17:28:04.268+0900][3.916s][info][gc,cpu      ] GC(98) User=0.00s Sys=0.00s Real=0.00s
[2026-03-23T17:28:04.268+0900][3.916s][info][gc          ] GC(99) Concurrent Undo Cycle
[2026-03-23T17:28:04.268+0900][3.916s][info][gc,marking  ] GC(99) Concurrent Clear Claimed Marks
[2026-03-23T17:28:04.268+0900][3.916s][info][gc,marking  ] GC(99) Concurrent Clear Claimed Marks 0.007ms
[2026-03-23T17:28:04.268+0900][3.916s][info][gc,marking  ] GC(99) Concurrent Cleanup for Next Mark
[2026-03-23T17:28:04.268+0900][3.916s][info][gc,marking  ] GC(99) Concurrent Cleanup for Next Mark 0.067ms
[2026-03-23T17:28:04.268+0900][3.916s][info][gc          ] GC(99) Concurrent Undo Cycle 0.117ms
[2026-03-23T17:28:04.332+0900][3.980s][info][gc,start    ] GC(100) Pause Young (Concurrent Start) (G1 Humongous Allocation)
[2026-03-23T17:28:04.332+0900][3.980s][info][gc,task     ] GC(100) Using 11 workers of 11 for evacuation
[2026-03-23T17:28:04.333+0900][3.981s][info][gc,phases   ] GC(100)   Pre Evacuate Collection Set: 0.14ms
[2026-03-23T17:28:04.333+0900][3.981s][info][gc,phases   ] GC(100)   Merge Heap Roots: 0.04ms
[2026-03-23T17:28:04.333+0900][3.981s][info][gc,phases   ] GC(100)   Evacuate Collection Set: 0.15ms
[2026-03-23T17:28:04.333+0900][3.981s][info][gc,phases   ] GC(100)   Post Evacuate Collection Set: 0.14ms
[2026-03-23T17:28:04.333+0900][3.981s][info][gc,phases   ] GC(100)   Other: 0.06ms
[2026-03-23T17:28:04.333+0900][3.981s][info][gc,heap     ] GC(100) Eden regions: 1->0(284)
[2026-03-23T17:28:04.333+0900][3.981s][info][gc,heap     ] GC(100) Survivor regions: 1->1(36)
[2026-03-23T17:28:04.333+0900][3.981s][info][gc,heap     ] GC(100) Old regions: 2->2
[2026-03-23T17:28:04.333+0900][3.981s][info][gc,heap     ] GC(100) Humongous regions: 228->198
[2026-03-23T17:28:04.333+0900][3.981s][info][gc,metaspace] GC(100) Metaspace: 235K(448K)->235K(448K) NonClass: 221K(320K)->221K(320K) Class: 14K(128K)->14K(128K)
[2026-03-23T17:28:04.333+0900][3.981s][info][gc          ] GC(100) Pause Young (Concurrent Start) (G1 Humongous Allocation) 229M->199M(512M) 0.707ms
[2026-03-23T17:28:04.333+0900][3.981s][info][gc,cpu      ] GC(100) User=0.01s Sys=0.00s Real=0.00s
[2026-03-23T17:28:04.333+0900][3.981s][info][gc          ] GC(101) Concurrent Undo Cycle
[2026-03-23T17:28:04.333+0900][3.981s][info][gc,marking  ] GC(101) Concurrent Clear Claimed Marks
[2026-03-23T17:28:04.333+0900][3.981s][info][gc,marking  ] GC(101) Concurrent Clear Claimed Marks 0.011ms
[2026-03-23T17:28:04.333+0900][3.981s][info][gc,marking  ] GC(101) Concurrent Cleanup for Next Mark
[2026-03-23T17:28:04.333+0900][3.981s][info][gc,marking  ] GC(101) Concurrent Cleanup for Next Mark 0.039ms
[2026-03-23T17:28:04.333+0900][3.981s][info][gc          ] GC(101) Concurrent Undo Cycle 0.122ms
[2026-03-23T17:28:04.390+0900][4.038s][info][gc,start    ] GC(102) Pause Young (Concurrent Start) (G1 Humongous Allocation)
[2026-03-23T17:28:04.390+0900][4.038s][info][gc,task     ] GC(102) Using 11 workers of 11 for evacuation
[2026-03-23T17:28:04.391+0900][4.039s][info][gc,phases   ] GC(102)   Pre Evacuate Collection Set: 0.17ms
[2026-03-23T17:28:04.391+0900][4.039s][info][gc,phases   ] GC(102)   Merge Heap Roots: 0.03ms
[2026-03-23T17:28:04.391+0900][4.039s][info][gc,phases   ] GC(102)   Evacuate Collection Set: 0.19ms
[2026-03-23T17:28:04.391+0900][4.039s][info][gc,phases   ] GC(102)   Post Evacuate Collection Set: 0.14ms
[2026-03-23T17:28:04.391+0900][4.039s][info][gc,phases   ] GC(102)   Other: 0.08ms
[2026-03-23T17:28:04.391+0900][4.039s][info][gc,heap     ] GC(102) Eden regions: 1->0(281)
[2026-03-23T17:28:04.391+0900][4.039s][info][gc,heap     ] GC(102) Survivor regions: 1->1(36)
[2026-03-23T17:28:04.391+0900][4.039s][info][gc,heap     ] GC(102) Old regions: 2->2
[2026-03-23T17:28:04.391+0900][4.039s][info][gc,heap     ] GC(102) Humongous regions: 228->201
[2026-03-23T17:28:04.391+0900][4.039s][info][gc,metaspace] GC(102) Metaspace: 235K(448K)->235K(448K) NonClass: 221K(320K)->221K(320K) Class: 14K(128K)->14K(128K)
[2026-03-23T17:28:04.391+0900][4.039s][info][gc          ] GC(102) Pause Young (Concurrent Start) (G1 Humongous Allocation) 229M->202M(512M) 0.935ms
[2026-03-23T17:28:04.391+0900][4.039s][info][gc,cpu      ] GC(102) User=0.00s Sys=0.00s Real=0.00s
[2026-03-23T17:28:04.391+0900][4.039s][info][gc          ] GC(103) Concurrent Undo Cycle
[2026-03-23T17:28:04.391+0900][4.039s][info][gc,marking  ] GC(103) Concurrent Clear Claimed Marks
[2026-03-23T17:28:04.391+0900][4.039s][info][gc,marking  ] GC(103) Concurrent Clear Claimed Marks 0.024ms
[2026-03-23T17:28:04.391+0900][4.039s][info][gc,marking  ] GC(103) Concurrent Cleanup for Next Mark
[2026-03-23T17:28:04.391+0900][4.039s][info][gc,marking  ] GC(103) Concurrent Cleanup for Next Mark 0.047ms
[2026-03-23T17:28:04.391+0900][4.039s][info][gc          ] GC(103) Concurrent Undo Cycle 0.191ms
[2026-03-23T17:28:04.443+0900][4.091s][info][gc,start    ] GC(104) Pause Young (Concurrent Start) (G1 Humongous Allocation)
[2026-03-23T17:28:04.443+0900][4.091s][info][gc,task     ] GC(104) Using 11 workers of 11 for evacuation
[2026-03-23T17:28:04.443+0900][4.091s][info][gc,phases   ] GC(104)   Pre Evacuate Collection Set: 0.12ms
[2026-03-23T17:28:04.443+0900][4.091s][info][gc,phases   ] GC(104)   Merge Heap Roots: 0.04ms
[2026-03-23T17:28:04.443+0900][4.091s][info][gc,phases   ] GC(104)   Evacuate Collection Set: 0.14ms
[2026-03-23T17:28:04.443+0900][4.091s][info][gc,phases   ] GC(104)   Post Evacuate Collection Set: 0.14ms
[2026-03-23T17:28:04.443+0900][4.091s][info][gc,phases   ] GC(104)   Other: 0.04ms
[2026-03-23T17:28:04.443+0900][4.091s][info][gc,heap     ] GC(104) Eden regions: 1->0(278)
[2026-03-23T17:28:04.443+0900][4.091s][info][gc,heap     ] GC(104) Survivor regions: 1->1(36)
[2026-03-23T17:28:04.443+0900][4.091s][info][gc,heap     ] GC(104) Old regions: 2->2
[2026-03-23T17:28:04.443+0900][4.091s][info][gc,heap     ] GC(104) Humongous regions: 228->204
[2026-03-23T17:28:04.443+0900][4.091s][info][gc,metaspace] GC(104) Metaspace: 235K(448K)->235K(448K) NonClass: 221K(320K)->221K(320K) Class: 14K(128K)->14K(128K)
[2026-03-23T17:28:04.443+0900][4.091s][info][gc          ] GC(104) Pause Young (Concurrent Start) (G1 Humongous Allocation) 229M->205M(512M) 0.612ms
[2026-03-23T17:28:04.443+0900][4.091s][info][gc,cpu      ] GC(104) User=0.00s Sys=0.00s Real=0.00s
[2026-03-23T17:28:04.443+0900][4.091s][info][gc          ] GC(105) Concurrent Undo Cycle
[2026-03-23T17:28:04.443+0900][4.091s][info][gc,marking  ] GC(105) Concurrent Clear Claimed Marks
[2026-03-23T17:28:04.443+0900][4.091s][info][gc,marking  ] GC(105) Concurrent Clear Claimed Marks 0.009ms
[2026-03-23T17:28:04.443+0900][4.091s][info][gc,marking  ] GC(105) Concurrent Cleanup for Next Mark
[2026-03-23T17:28:04.443+0900][4.091s][info][gc,marking  ] GC(105) Concurrent Cleanup for Next Mark 0.026ms
[2026-03-23T17:28:04.443+0900][4.091s][info][gc          ] GC(105) Concurrent Undo Cycle 0.078ms
[2026-03-23T17:28:04.488+0900][4.136s][info][gc,start    ] GC(106) Pause Young (Concurrent Start) (G1 Humongous Allocation)
[2026-03-23T17:28:04.490+0900][4.138s][info][gc,task     ] GC(106) Using 11 workers of 11 for evacuation
[2026-03-23T17:28:04.490+0900][4.138s][info][gc,phases   ] GC(106)   Pre Evacuate Collection Set: 0.12ms
[2026-03-23T17:28:04.490+0900][4.138s][info][gc,phases   ] GC(106)   Merge Heap Roots: 0.03ms
[2026-03-23T17:28:04.490+0900][4.138s][info][gc,phases   ] GC(106)   Evacuate Collection Set: 0.18ms
[2026-03-23T17:28:04.490+0900][4.138s][info][gc,phases   ] GC(106)   Post Evacuate Collection Set: 0.12ms
[2026-03-23T17:28:04.490+0900][4.138s][info][gc,phases   ] GC(106)   Other: 0.04ms
[2026-03-23T17:28:04.490+0900][4.138s][info][gc,heap     ] GC(106) Eden regions: 1->0(275)
[2026-03-23T17:28:04.490+0900][4.138s][info][gc,heap     ] GC(106) Survivor regions: 1->1(35)
[2026-03-23T17:28:04.490+0900][4.138s][info][gc,heap     ] GC(106) Old regions: 2->2
[2026-03-23T17:28:04.490+0900][4.138s][info][gc,heap     ] GC(106) Humongous regions: 228->207
[2026-03-23T17:28:04.490+0900][4.138s][info][gc,metaspace] GC(106) Metaspace: 235K(448K)->235K(448K) NonClass: 221K(320K)->221K(320K) Class: 14K(128K)->14K(128K)
[2026-03-23T17:28:04.490+0900][4.138s][info][gc          ] GC(106) Pause Young (Concurrent Start) (G1 Humongous Allocation) 229M->208M(512M) 2.395ms
[2026-03-23T17:28:04.490+0900][4.138s][info][gc,cpu      ] GC(106) User=0.00s Sys=0.00s Real=0.01s
[2026-03-23T17:28:04.490+0900][4.138s][info][gc          ] GC(107) Concurrent Undo Cycle
[2026-03-23T17:28:04.490+0900][4.138s][info][gc,marking  ] GC(107) Concurrent Clear Claimed Marks
[2026-03-23T17:28:04.490+0900][4.138s][info][gc,marking  ] GC(107) Concurrent Clear Claimed Marks 0.007ms
[2026-03-23T17:28:04.490+0900][4.138s][info][gc,marking  ] GC(107) Concurrent Cleanup for Next Mark
[2026-03-23T17:28:04.490+0900][4.138s][info][gc,marking  ] GC(107) Concurrent Cleanup for Next Mark 0.040ms
[2026-03-23T17:28:04.490+0900][4.138s][info][gc          ] GC(107) Concurrent Undo Cycle 0.097ms
[2026-03-23T17:28:04.528+0900][4.176s][info][gc,start    ] GC(108) Pause Young (Concurrent Start) (G1 Humongous Allocation)
[2026-03-23T17:28:04.528+0900][4.176s][info][gc,task     ] GC(108) Using 11 workers of 11 for evacuation
[2026-03-23T17:28:04.529+0900][4.177s][info][gc,phases   ] GC(108)   Pre Evacuate Collection Set: 0.21ms
[2026-03-23T17:28:04.529+0900][4.177s][info][gc,phases   ] GC(108)   Merge Heap Roots: 0.03ms
[2026-03-23T17:28:04.529+0900][4.177s][info][gc,phases   ] GC(108)   Evacuate Collection Set: 0.16ms
[2026-03-23T17:28:04.529+0900][4.177s][info][gc,phases   ] GC(108)   Post Evacuate Collection Set: 0.10ms
[2026-03-23T17:28:04.529+0900][4.177s][info][gc,phases   ] GC(108)   Other: 0.04ms
[2026-03-23T17:28:04.529+0900][4.177s][info][gc,heap     ] GC(108) Eden regions: 1->0(272)
[2026-03-23T17:28:04.529+0900][4.177s][info][gc,heap     ] GC(108) Survivor regions: 1->1(35)
[2026-03-23T17:28:04.529+0900][4.177s][info][gc,heap     ] GC(108) Old regions: 2->2
[2026-03-23T17:28:04.529+0900][4.177s][info][gc,heap     ] GC(108) Humongous regions: 228->210
[2026-03-23T17:28:04.529+0900][4.177s][info][gc,metaspace] GC(108) Metaspace: 235K(448K)->235K(448K) NonClass: 221K(320K)->221K(320K) Class: 14K(128K)->14K(128K)
[2026-03-23T17:28:04.529+0900][4.177s][info][gc          ] GC(108) Pause Young (Concurrent Start) (G1 Humongous Allocation) 229M->211M(512M) 0.661ms
[2026-03-23T17:28:04.529+0900][4.177s][info][gc,cpu      ] GC(108) User=0.00s Sys=0.00s Real=0.00s
[2026-03-23T17:28:04.529+0900][4.177s][info][gc          ] GC(109) Concurrent Undo Cycle
[2026-03-23T17:28:04.529+0900][4.177s][info][gc,marking  ] GC(109) Concurrent Clear Claimed Marks
[2026-03-23T17:28:04.529+0900][4.177s][info][gc,marking  ] GC(109) Concurrent Clear Claimed Marks 0.008ms
[2026-03-23T17:28:04.529+0900][4.177s][info][gc,marking  ] GC(109) Concurrent Cleanup for Next Mark
[2026-03-23T17:28:04.529+0900][4.177s][info][gc,marking  ] GC(109) Concurrent Cleanup for Next Mark 0.038ms
[2026-03-23T17:28:04.529+0900][4.177s][info][gc          ] GC(109) Concurrent Undo Cycle 0.094ms
[2026-03-23T17:28:04.565+0900][4.213s][info][gc,start    ] GC(110) Pause Young (Concurrent Start) (G1 Humongous Allocation)
[2026-03-23T17:28:04.565+0900][4.213s][info][gc,task     ] GC(110) Using 11 workers of 11 for evacuation
[2026-03-23T17:28:04.566+0900][4.214s][info][gc,phases   ] GC(110)   Pre Evacuate Collection Set: 0.17ms
[2026-03-23T17:28:04.566+0900][4.214s][info][gc,phases   ] GC(110)   Merge Heap Roots: 0.03ms
[2026-03-23T17:28:04.566+0900][4.214s][info][gc,phases   ] GC(110)   Evacuate Collection Set: 0.12ms
[2026-03-23T17:28:04.566+0900][4.214s][info][gc,phases   ] GC(110)   Post Evacuate Collection Set: 0.10ms
[2026-03-23T17:28:04.566+0900][4.214s][info][gc,phases   ] GC(110)   Other: 0.04ms
[2026-03-23T17:28:04.566+0900][4.214s][info][gc,heap     ] GC(110) Eden regions: 1->0(272)
[2026-03-23T17:28:04.566+0900][4.214s][info][gc,heap     ] GC(110) Survivor regions: 1->1(35)
[2026-03-23T17:28:04.566+0900][4.214s][info][gc,heap     ] GC(110) Old regions: 2->2
[2026-03-23T17:28:04.566+0900][4.214s][info][gc,heap     ] GC(110) Humongous regions: 228->210
[2026-03-23T17:28:04.566+0900][4.214s][info][gc,metaspace] GC(110) Metaspace: 235K(448K)->235K(448K) NonClass: 221K(320K)->221K(320K) Class: 14K(128K)->14K(128K)
[2026-03-23T17:28:04.566+0900][4.214s][info][gc          ] GC(110) Pause Young (Concurrent Start) (G1 Humongous Allocation) 229M->211M(512M) 0.583ms
[2026-03-23T17:28:04.566+0900][4.214s][info][gc,cpu      ] GC(110) User=0.00s Sys=0.01s Real=0.00s
[2026-03-23T17:28:04.566+0900][4.214s][info][gc          ] GC(111) Concurrent Undo Cycle
[2026-03-23T17:28:04.566+0900][4.214s][info][gc,marking  ] GC(111) Concurrent Clear Claimed Marks
[2026-03-23T17:28:04.566+0900][4.214s][info][gc,marking  ] GC(111) Concurrent Clear Claimed Marks 0.011ms
[2026-03-23T17:28:04.566+0900][4.214s][info][gc,marking  ] GC(111) Concurrent Cleanup for Next Mark
[2026-03-23T17:28:04.566+0900][4.214s][info][gc,marking  ] GC(111) Concurrent Cleanup for Next Mark 0.032ms
[2026-03-23T17:28:04.566+0900][4.214s][info][gc          ] GC(111) Concurrent Undo Cycle 0.091ms
[2026-03-23T17:28:04.597+0900][4.245s][info][gc,start    ] GC(112) Pause Young (Concurrent Start) (G1 Humongous Allocation)
[2026-03-23T17:28:04.597+0900][4.245s][info][gc,task     ] GC(112) Using 11 workers of 11 for evacuation
[2026-03-23T17:28:04.598+0900][4.246s][info][gc,phases   ] GC(112)   Pre Evacuate Collection Set: 0.13ms
[2026-03-23T17:28:04.598+0900][4.246s][info][gc,phases   ] GC(112)   Merge Heap Roots: 0.02ms
[2026-03-23T17:28:04.598+0900][4.246s][info][gc,phases   ] GC(112)   Evacuate Collection Set: 0.18ms
[2026-03-23T17:28:04.598+0900][4.246s][info][gc,phases   ] GC(112)   Post Evacuate Collection Set: 0.08ms
[2026-03-23T17:28:04.598+0900][4.246s][info][gc,phases   ] GC(112)   Other: 0.03ms
[2026-03-23T17:28:04.598+0900][4.246s][info][gc,heap     ] GC(112) Eden regions: 1->0(269)
[2026-03-23T17:28:04.598+0900][4.246s][info][gc,heap     ] GC(112) Survivor regions: 1->1(35)
[2026-03-23T17:28:04.598+0900][4.246s][info][gc,heap     ] GC(112) Old regions: 2->2
[2026-03-23T17:28:04.598+0900][4.246s][info][gc,heap     ] GC(112) Humongous regions: 228->213
[2026-03-23T17:28:04.598+0900][4.246s][info][gc,metaspace] GC(112) Metaspace: 235K(448K)->235K(448K) NonClass: 221K(320K)->221K(320K) Class: 14K(128K)->14K(128K)
[2026-03-23T17:28:04.598+0900][4.246s][info][gc          ] GC(112) Pause Young (Concurrent Start) (G1 Humongous Allocation) 229M->214M(512M) 0.570ms
[2026-03-23T17:28:04.598+0900][4.246s][info][gc,cpu      ] GC(112) User=0.00s Sys=0.00s Real=0.00s
[2026-03-23T17:28:04.598+0900][4.246s][info][gc          ] GC(113) Concurrent Undo Cycle
[2026-03-23T17:28:04.598+0900][4.246s][info][gc,marking  ] GC(113) Concurrent Clear Claimed Marks
[2026-03-23T17:28:04.598+0900][4.246s][info][gc,marking  ] GC(113) Concurrent Clear Claimed Marks 0.006ms
[2026-03-23T17:28:04.598+0900][4.246s][info][gc,marking  ] GC(113) Concurrent Cleanup for Next Mark
[2026-03-23T17:28:04.598+0900][4.246s][info][gc,marking  ] GC(113) Concurrent Cleanup for Next Mark 0.031ms
[2026-03-23T17:28:04.598+0900][4.246s][info][gc          ] GC(113) Concurrent Undo Cycle 0.070ms
[2026-03-23T17:28:04.629+0900][4.277s][info][gc,start    ] GC(114) Pause Young (Concurrent Start) (G1 Humongous Allocation)
[2026-03-23T17:28:04.629+0900][4.277s][info][gc,task     ] GC(114) Using 11 workers of 11 for evacuation
[2026-03-23T17:28:04.629+0900][4.277s][info][gc,phases   ] GC(114)   Pre Evacuate Collection Set: 0.15ms
[2026-03-23T17:28:04.629+0900][4.277s][info][gc,phases   ] GC(114)   Merge Heap Roots: 0.03ms
[2026-03-23T17:28:04.630+0900][4.277s][info][gc,phases   ] GC(114)   Evacuate Collection Set: 0.12ms
[2026-03-23T17:28:04.630+0900][4.277s][info][gc,phases   ] GC(114)   Post Evacuate Collection Set: 0.07ms
[2026-03-23T17:28:04.630+0900][4.278s][info][gc,phases   ] GC(114)   Other: 0.03ms
[2026-03-23T17:28:04.630+0900][4.278s][info][gc,heap     ] GC(114) Eden regions: 1->0(269)
[2026-03-23T17:28:04.630+0900][4.278s][info][gc,heap     ] GC(114) Survivor regions: 1->1(34)
[2026-03-23T17:28:04.630+0900][4.278s][info][gc,heap     ] GC(114) Old regions: 2->2
[2026-03-23T17:28:04.630+0900][4.278s][info][gc,heap     ] GC(114) Humongous regions: 228->213
[2026-03-23T17:28:04.630+0900][4.278s][info][gc,metaspace] GC(114) Metaspace: 235K(448K)->235K(448K) NonClass: 221K(320K)->221K(320K) Class: 14K(128K)->14K(128K)
[2026-03-23T17:28:04.630+0900][4.278s][info][gc          ] GC(114) Pause Young (Concurrent Start) (G1 Humongous Allocation) 229M->214M(512M) 0.526ms
[2026-03-23T17:28:04.630+0900][4.278s][info][gc,cpu      ] GC(114) User=0.00s Sys=0.00s Real=0.01s
[2026-03-23T17:28:04.630+0900][4.278s][info][gc          ] GC(115) Concurrent Undo Cycle
[2026-03-23T17:28:04.630+0900][4.278s][info][gc,marking  ] GC(115) Concurrent Clear Claimed Marks
[2026-03-23T17:28:04.630+0900][4.278s][info][gc,marking  ] GC(115) Concurrent Clear Claimed Marks 0.005ms
[2026-03-23T17:28:04.630+0900][4.278s][info][gc,marking  ] GC(115) Concurrent Cleanup for Next Mark
[2026-03-23T17:28:04.630+0900][4.278s][info][gc,marking  ] GC(115) Concurrent Cleanup for Next Mark 0.018ms
[2026-03-23T17:28:04.630+0900][4.278s][info][gc          ] GC(115) Concurrent Undo Cycle 0.056ms
[2026-03-23T17:28:04.654+0900][4.302s][info][gc,start    ] GC(116) Pause Young (Concurrent Start) (G1 Humongous Allocation)
[2026-03-23T17:28:04.654+0900][4.302s][info][gc,task     ] GC(116) Using 11 workers of 11 for evacuation
[2026-03-23T17:28:04.654+0900][4.302s][info][gc,phases   ] GC(116)   Pre Evacuate Collection Set: 0.13ms
[2026-03-23T17:28:04.654+0900][4.302s][info][gc,phases   ] GC(116)   Merge Heap Roots: 0.02ms
[2026-03-23T17:28:04.654+0900][4.302s][info][gc,phases   ] GC(116)   Evacuate Collection Set: 0.18ms
[2026-03-23T17:28:04.654+0900][4.302s][info][gc,phases   ] GC(116)   Post Evacuate Collection Set: 0.07ms
[2026-03-23T17:28:04.655+0900][4.302s][info][gc,phases   ] GC(116)   Other: 0.03ms
[2026-03-23T17:28:04.655+0900][4.303s][info][gc,heap     ] GC(116) Eden regions: 1->0(266)
[2026-03-23T17:28:04.655+0900][4.303s][info][gc,heap     ] GC(116) Survivor regions: 1->1(34)
[2026-03-23T17:28:04.655+0900][4.303s][info][gc,heap     ] GC(116) Old regions: 2->2
[2026-03-23T17:28:04.655+0900][4.303s][info][gc,heap     ] GC(116) Humongous regions: 228->216
[2026-03-23T17:28:04.655+0900][4.303s][info][gc,metaspace] GC(116) Metaspace: 235K(448K)->235K(448K) NonClass: 221K(320K)->221K(320K) Class: 14K(128K)->14K(128K)
[2026-03-23T17:28:04.655+0900][4.303s][info][gc          ] GC(116) Pause Young (Concurrent Start) (G1 Humongous Allocation) 229M->217M(512M) 0.529ms
[2026-03-23T17:28:04.655+0900][4.303s][info][gc,cpu      ] GC(116) User=0.00s Sys=0.00s Real=0.00s
[2026-03-23T17:28:04.655+0900][4.303s][info][gc          ] GC(117) Concurrent Undo Cycle
[2026-03-23T17:28:04.655+0900][4.303s][info][gc,marking  ] GC(117) Concurrent Clear Claimed Marks
[2026-03-23T17:28:04.655+0900][4.303s][info][gc,marking  ] GC(117) Concurrent Clear Claimed Marks 0.005ms
[2026-03-23T17:28:04.655+0900][4.303s][info][gc,marking  ] GC(117) Concurrent Cleanup for Next Mark
[2026-03-23T17:28:04.655+0900][4.303s][info][gc,marking  ] GC(117) Concurrent Cleanup for Next Mark 0.031ms
[2026-03-23T17:28:04.655+0900][4.303s][info][gc          ] GC(117) Concurrent Undo Cycle 0.070ms
[2026-03-23T17:28:04.678+0900][4.326s][info][gc,start    ] GC(118) Pause Young (Concurrent Start) (G1 Humongous Allocation)
[2026-03-23T17:28:04.678+0900][4.326s][info][gc,task     ] GC(118) Using 11 workers of 11 for evacuation
[2026-03-23T17:28:04.678+0900][4.326s][info][gc,phases   ] GC(118)   Pre Evacuate Collection Set: 0.09ms
[2026-03-23T17:28:04.678+0900][4.326s][info][gc,phases   ] GC(118)   Merge Heap Roots: 0.02ms
[2026-03-23T17:28:04.678+0900][4.326s][info][gc,phases   ] GC(118)   Evacuate Collection Set: 0.07ms
[2026-03-23T17:28:04.678+0900][4.326s][info][gc,phases   ] GC(118)   Post Evacuate Collection Set: 0.07ms
[2026-03-23T17:28:04.678+0900][4.326s][info][gc,phases   ] GC(118)   Other: 0.02ms
[2026-03-23T17:28:04.678+0900][4.326s][info][gc,heap     ] GC(118) Eden regions: 1->0(266)
[2026-03-23T17:28:04.678+0900][4.326s][info][gc,heap     ] GC(118) Survivor regions: 1->1(34)
[2026-03-23T17:28:04.678+0900][4.326s][info][gc,heap     ] GC(118) Old regions: 2->2
[2026-03-23T17:28:04.678+0900][4.326s][info][gc,heap     ] GC(118) Humongous regions: 228->216
[2026-03-23T17:28:04.678+0900][4.326s][info][gc,metaspace] GC(118) Metaspace: 235K(448K)->235K(448K) NonClass: 221K(320K)->221K(320K) Class: 14K(128K)->14K(128K)
[2026-03-23T17:28:04.678+0900][4.326s][info][gc          ] GC(118) Pause Young (Concurrent Start) (G1 Humongous Allocation) 229M->217M(512M) 0.355ms
[2026-03-23T17:28:04.678+0900][4.326s][info][gc,cpu      ] GC(118) User=0.00s Sys=0.00s Real=0.00s
[2026-03-23T17:28:04.678+0900][4.326s][info][gc          ] GC(119) Concurrent Undo Cycle
[2026-03-23T17:28:04.678+0900][4.326s][info][gc,marking  ] GC(119) Concurrent Clear Claimed Marks
[2026-03-23T17:28:04.678+0900][4.326s][info][gc,marking  ] GC(119) Concurrent Clear Claimed Marks 0.008ms
[2026-03-23T17:28:04.678+0900][4.326s][info][gc,marking  ] GC(119) Concurrent Cleanup for Next Mark
[2026-03-23T17:28:04.678+0900][4.326s][info][gc,marking  ] GC(119) Concurrent Cleanup for Next Mark 0.020ms
[2026-03-23T17:28:04.678+0900][4.326s][info][gc          ] GC(119) Concurrent Undo Cycle 0.063ms
[2026-03-23T17:28:04.697+0900][4.345s][info][gc,start    ] GC(120) Pause Young (Concurrent Start) (G1 Humongous Allocation)
[2026-03-23T17:28:04.697+0900][4.345s][info][gc,task     ] GC(120) Using 11 workers of 11 for evacuation
[2026-03-23T17:28:04.698+0900][4.346s][info][gc,phases   ] GC(120)   Pre Evacuate Collection Set: 0.11ms
[2026-03-23T17:28:04.698+0900][4.346s][info][gc,phases   ] GC(120)   Merge Heap Roots: 0.04ms
[2026-03-23T17:28:04.698+0900][4.346s][info][gc,phases   ] GC(120)   Evacuate Collection Set: 0.16ms
[2026-03-23T17:28:04.698+0900][4.346s][info][gc,phases   ] GC(120)   Post Evacuate Collection Set: 0.07ms
[2026-03-23T17:28:04.698+0900][4.346s][info][gc,phases   ] GC(120)   Other: 0.03ms
[2026-03-23T17:28:04.698+0900][4.346s][info][gc,heap     ] GC(120) Eden regions: 1->0(263)
[2026-03-23T17:28:04.698+0900][4.346s][info][gc,heap     ] GC(120) Survivor regions: 1->1(34)
[2026-03-23T17:28:04.698+0900][4.346s][info][gc,heap     ] GC(120) Old regions: 2->2
[2026-03-23T17:28:04.698+0900][4.346s][info][gc,heap     ] GC(120) Humongous regions: 228->219
[2026-03-23T17:28:04.698+0900][4.346s][info][gc,metaspace] GC(120) Metaspace: 235K(448K)->235K(448K) NonClass: 221K(320K)->221K(320K) Class: 14K(128K)->14K(128K)
[2026-03-23T17:28:04.698+0900][4.346s][info][gc          ] GC(120) Pause Young (Concurrent Start) (G1 Humongous Allocation) 229M->220M(512M) 0.559ms
[2026-03-23T17:28:04.698+0900][4.346s][info][gc,cpu      ] GC(120) User=0.00s Sys=0.00s Real=0.00s
[2026-03-23T17:28:04.698+0900][4.346s][info][gc          ] GC(121) Concurrent Undo Cycle
[2026-03-23T17:28:04.698+0900][4.346s][info][gc,marking  ] GC(121) Concurrent Clear Claimed Marks
[2026-03-23T17:28:04.698+0900][4.346s][info][gc,marking  ] GC(121) Concurrent Clear Claimed Marks 0.005ms
[2026-03-23T17:28:04.698+0900][4.346s][info][gc,marking  ] GC(121) Concurrent Cleanup for Next Mark
[2026-03-23T17:28:04.698+0900][4.346s][info][gc,marking  ] GC(121) Concurrent Cleanup for Next Mark 0.032ms
[2026-03-23T17:28:04.698+0900][4.346s][info][gc          ] GC(121) Concurrent Undo Cycle 0.089ms
[2026-03-23T17:28:04.717+0900][4.365s][info][gc,start    ] GC(122) Pause Young (Concurrent Start) (G1 Humongous Allocation)
[2026-03-23T17:28:04.717+0900][4.365s][info][gc,task     ] GC(122) Using 11 workers of 11 for evacuation
[2026-03-23T17:28:04.717+0900][4.365s][info][gc,phases   ] GC(122)   Pre Evacuate Collection Set: 0.08ms
[2026-03-23T17:28:04.717+0900][4.365s][info][gc,phases   ] GC(122)   Merge Heap Roots: 0.04ms
[2026-03-23T17:28:04.717+0900][4.365s][info][gc,phases   ] GC(122)   Evacuate Collection Set: 0.09ms
[2026-03-23T17:28:04.717+0900][4.365s][info][gc,phases   ] GC(122)   Post Evacuate Collection Set: 0.08ms
[2026-03-23T17:28:04.717+0900][4.365s][info][gc,phases   ] GC(122)   Other: 0.03ms
[2026-03-23T17:28:04.717+0900][4.365s][info][gc,heap     ] GC(122) Eden regions: 1->0(263)
[2026-03-23T17:28:04.717+0900][4.365s][info][gc,heap     ] GC(122) Survivor regions: 1->1(33)
[2026-03-23T17:28:04.717+0900][4.365s][info][gc,heap     ] GC(122) Old regions: 2->2
[2026-03-23T17:28:04.717+0900][4.365s][info][gc,heap     ] GC(122) Humongous regions: 228->219
[2026-03-23T17:28:04.717+0900][4.365s][info][gc,metaspace] GC(122) Metaspace: 235K(448K)->235K(448K) NonClass: 221K(320K)->221K(320K) Class: 14K(128K)->14K(128K)
[2026-03-23T17:28:04.717+0900][4.365s][info][gc          ] GC(122) Pause Young (Concurrent Start) (G1 Humongous Allocation) 229M->220M(512M) 0.432ms
[2026-03-23T17:28:04.717+0900][4.365s][info][gc,cpu      ] GC(122) User=0.00s Sys=0.00s Real=0.00s
[2026-03-23T17:28:04.717+0900][4.365s][info][gc          ] GC(123) Concurrent Undo Cycle
[2026-03-23T17:28:04.717+0900][4.365s][info][gc,marking  ] GC(123) Concurrent Clear Claimed Marks
[2026-03-23T17:28:04.717+0900][4.365s][info][gc,marking  ] GC(123) Concurrent Clear Claimed Marks 0.006ms
[2026-03-23T17:28:04.717+0900][4.365s][info][gc,marking  ] GC(123) Concurrent Cleanup for Next Mark
[2026-03-23T17:28:04.717+0900][4.365s][info][gc,marking  ] GC(123) Concurrent Cleanup for Next Mark 0.019ms
[2026-03-23T17:28:04.717+0900][4.365s][info][gc          ] GC(123) Concurrent Undo Cycle 0.059ms
[2026-03-23T17:28:04.730+0900][4.378s][info][gc,start    ] GC(124) Pause Young (Concurrent Start) (G1 Humongous Allocation)
[2026-03-23T17:28:04.730+0900][4.378s][info][gc,task     ] GC(124) Using 11 workers of 11 for evacuation
[2026-03-23T17:28:04.730+0900][4.378s][info][gc,phases   ] GC(124)   Pre Evacuate Collection Set: 0.16ms
[2026-03-23T17:28:04.730+0900][4.378s][info][gc,phases   ] GC(124)   Merge Heap Roots: 0.02ms
[2026-03-23T17:28:04.730+0900][4.378s][info][gc,phases   ] GC(124)   Evacuate Collection Set: 0.10ms
[2026-03-23T17:28:04.730+0900][4.378s][info][gc,phases   ] GC(124)   Post Evacuate Collection Set: 0.07ms
[2026-03-23T17:28:04.730+0900][4.378s][info][gc,phases   ] GC(124)   Other: 0.02ms
[2026-03-23T17:28:04.730+0900][4.378s][info][gc,heap     ] GC(124) Eden regions: 1->0(260)
[2026-03-23T17:28:04.730+0900][4.378s][info][gc,heap     ] GC(124) Survivor regions: 1->1(33)
[2026-03-23T17:28:04.730+0900][4.378s][info][gc,heap     ] GC(124) Old regions: 2->2
[2026-03-23T17:28:04.730+0900][4.378s][info][gc,heap     ] GC(124) Humongous regions: 228->222
[2026-03-23T17:28:04.730+0900][4.378s][info][gc,metaspace] GC(124) Metaspace: 235K(448K)->235K(448K) NonClass: 221K(320K)->221K(320K) Class: 14K(128K)->14K(128K)
[2026-03-23T17:28:04.731+0900][4.378s][info][gc          ] GC(124) Pause Young (Concurrent Start) (G1 Humongous Allocation) 229M->223M(512M) 0.467ms
[2026-03-23T17:28:04.731+0900][4.379s][info][gc,cpu      ] GC(124) User=0.00s Sys=0.00s Real=0.00s
[2026-03-23T17:28:04.731+0900][4.379s][info][gc          ] GC(125) Concurrent Undo Cycle
[2026-03-23T17:28:04.731+0900][4.379s][info][gc,marking  ] GC(125) Concurrent Clear Claimed Marks
[2026-03-23T17:28:04.731+0900][4.379s][info][gc,marking  ] GC(125) Concurrent Clear Claimed Marks 0.005ms
[2026-03-23T17:28:04.731+0900][4.379s][info][gc,marking  ] GC(125) Concurrent Cleanup for Next Mark
[2026-03-23T17:28:04.731+0900][4.379s][info][gc,marking  ] GC(125) Concurrent Cleanup for Next Mark 0.022ms
[2026-03-23T17:28:04.731+0900][4.379s][info][gc          ] GC(125) Concurrent Undo Cycle 0.056ms
[2026-03-23T17:28:04.743+0900][4.391s][info][gc,start    ] GC(126) Pause Young (Concurrent Start) (G1 Humongous Allocation)
[2026-03-23T17:28:04.743+0900][4.391s][info][gc,task     ] GC(126) Using 11 workers of 11 for evacuation
[2026-03-23T17:28:04.743+0900][4.391s][info][gc,phases   ] GC(126)   Pre Evacuate Collection Set: 0.11ms
[2026-03-23T17:28:04.743+0900][4.391s][info][gc,phases   ] GC(126)   Merge Heap Roots: 0.02ms
[2026-03-23T17:28:04.743+0900][4.391s][info][gc,phases   ] GC(126)   Evacuate Collection Set: 0.09ms
[2026-03-23T17:28:04.743+0900][4.391s][info][gc,phases   ] GC(126)   Post Evacuate Collection Set: 0.07ms
[2026-03-23T17:28:04.743+0900][4.391s][info][gc,phases   ] GC(126)   Other: 0.02ms
[2026-03-23T17:28:04.743+0900][4.391s][info][gc,heap     ] GC(126) Eden regions: 1->0(260)
[2026-03-23T17:28:04.743+0900][4.391s][info][gc,heap     ] GC(126) Survivor regions: 1->1(33)
[2026-03-23T17:28:04.743+0900][4.391s][info][gc,heap     ] GC(126) Old regions: 2->2
[2026-03-23T17:28:04.743+0900][4.391s][info][gc,heap     ] GC(126) Humongous regions: 228->222
[2026-03-23T17:28:04.743+0900][4.391s][info][gc,metaspace] GC(126) Metaspace: 235K(448K)->235K(448K) NonClass: 221K(320K)->221K(320K) Class: 14K(128K)->14K(128K)
[2026-03-23T17:28:04.743+0900][4.391s][info][gc          ] GC(126) Pause Young (Concurrent Start) (G1 Humongous Allocation) 229M->223M(512M) 0.390ms
[2026-03-23T17:28:04.743+0900][4.391s][info][gc,cpu      ] GC(126) User=0.00s Sys=0.00s Real=0.00s
[2026-03-23T17:28:04.743+0900][4.391s][info][gc          ] GC(127) Concurrent Undo Cycle
[2026-03-23T17:28:04.743+0900][4.391s][info][gc,marking  ] GC(127) Concurrent Clear Claimed Marks
[2026-03-23T17:28:04.743+0900][4.391s][info][gc,marking  ] GC(127) Concurrent Clear Claimed Marks 0.005ms
[2026-03-23T17:28:04.743+0900][4.391s][info][gc,marking  ] GC(127) Concurrent Cleanup for Next Mark
[2026-03-23T17:28:04.743+0900][4.391s][info][gc,marking  ] GC(127) Concurrent Cleanup for Next Mark 0.033ms
[2026-03-23T17:28:04.743+0900][4.391s][info][gc          ] GC(127) Concurrent Undo Cycle 0.068ms
[2026-03-23T17:28:04.756+0900][4.404s][info][gc,start    ] GC(128) Pause Young (Concurrent Start) (G1 Humongous Allocation)
[2026-03-23T17:28:04.756+0900][4.404s][info][gc,task     ] GC(128) Using 11 workers of 11 for evacuation
[2026-03-23T17:28:04.756+0900][4.404s][info][gc,phases   ] GC(128)   Pre Evacuate Collection Set: 0.09ms
[2026-03-23T17:28:04.756+0900][4.404s][info][gc,phases   ] GC(128)   Merge Heap Roots: 0.02ms
[2026-03-23T17:28:04.756+0900][4.404s][info][gc,phases   ] GC(128)   Evacuate Collection Set: 0.09ms
[2026-03-23T17:28:04.756+0900][4.404s][info][gc,phases   ] GC(128)   Post Evacuate Collection Set: 0.07ms
[2026-03-23T17:28:04.756+0900][4.404s][info][gc,phases   ] GC(128)   Other: 0.02ms
[2026-03-23T17:28:04.756+0900][4.404s][info][gc,heap     ] GC(128) Eden regions: 1->0(260)
[2026-03-23T17:28:04.756+0900][4.404s][info][gc,heap     ] GC(128) Survivor regions: 1->1(33)
[2026-03-23T17:28:04.756+0900][4.404s][info][gc,heap     ] GC(128) Old regions: 2->2
[2026-03-23T17:28:04.756+0900][4.404s][info][gc,heap     ] GC(128) Humongous regions: 228->222
[2026-03-23T17:28:04.756+0900][4.404s][info][gc,metaspace] GC(128) Metaspace: 235K(448K)->235K(448K) NonClass: 221K(320K)->221K(320K) Class: 14K(128K)->14K(128K)
[2026-03-23T17:28:04.756+0900][4.404s][info][gc          ] GC(128) Pause Young (Concurrent Start) (G1 Humongous Allocation) 229M->223M(512M) 0.375ms
[2026-03-23T17:28:04.756+0900][4.404s][info][gc,cpu      ] GC(128) User=0.00s Sys=0.00s Real=0.00s
[2026-03-23T17:28:04.756+0900][4.404s][info][gc          ] GC(129) Concurrent Undo Cycle
[2026-03-23T17:28:04.756+0900][4.404s][info][gc,marking  ] GC(129) Concurrent Clear Claimed Marks
[2026-03-23T17:28:04.757+0900][4.404s][info][gc,marking  ] GC(129) Concurrent Clear Claimed Marks 0.005ms
[2026-03-23T17:28:04.757+0900][4.404s][info][gc,marking  ] GC(129) Concurrent Cleanup for Next Mark
[2026-03-23T17:28:04.757+0900][4.405s][info][gc,marking  ] GC(129) Concurrent Cleanup for Next Mark 0.032ms
[2026-03-23T17:28:04.757+0900][4.405s][info][gc          ] GC(129) Concurrent Undo Cycle 0.068ms
[2026-03-23T17:28:04.769+0900][4.417s][info][gc,start    ] GC(130) Pause Young (Concurrent Start) (G1 Humongous Allocation)
[2026-03-23T17:28:04.769+0900][4.417s][info][gc,task     ] GC(130) Using 11 workers of 11 for evacuation
[2026-03-23T17:28:04.770+0900][4.418s][info][gc,phases   ] GC(130)   Pre Evacuate Collection Set: 0.16ms
[2026-03-23T17:28:04.770+0900][4.418s][info][gc,phases   ] GC(130)   Merge Heap Roots: 0.03ms
[2026-03-23T17:28:04.770+0900][4.418s][info][gc,phases   ] GC(130)   Evacuate Collection Set: 0.10ms
[2026-03-23T17:28:04.770+0900][4.418s][info][gc,phases   ] GC(130)   Post Evacuate Collection Set: 0.09ms
[2026-03-23T17:28:04.770+0900][4.418s][info][gc,phases   ] GC(130)   Other: 0.06ms
[2026-03-23T17:28:04.770+0900][4.418s][info][gc,heap     ] GC(130) Eden regions: 1->0(260)
[2026-03-23T17:28:04.770+0900][4.418s][info][gc,heap     ] GC(130) Survivor regions: 1->1(33)
[2026-03-23T17:28:04.770+0900][4.418s][info][gc,heap     ] GC(130) Old regions: 2->2
[2026-03-23T17:28:04.770+0900][4.418s][info][gc,heap     ] GC(130) Humongous regions: 228->222
[2026-03-23T17:28:04.770+0900][4.418s][info][gc,metaspace] GC(130) Metaspace: 235K(448K)->235K(448K) NonClass: 221K(320K)->221K(320K) Class: 14K(128K)->14K(128K)
[2026-03-23T17:28:04.770+0900][4.418s][info][gc          ] GC(130) Pause Young (Concurrent Start) (G1 Humongous Allocation) 229M->223M(512M) 0.523ms
[2026-03-23T17:28:04.770+0900][4.418s][info][gc,cpu      ] GC(130) User=0.00s Sys=0.00s Real=0.01s
[2026-03-23T17:28:04.770+0900][4.418s][info][gc          ] GC(131) Concurrent Undo Cycle
[2026-03-23T17:28:04.770+0900][4.418s][info][gc,marking  ] GC(131) Concurrent Clear Claimed Marks
[2026-03-23T17:28:04.770+0900][4.418s][info][gc,marking  ] GC(131) Concurrent Clear Claimed Marks 0.005ms
[2026-03-23T17:28:04.770+0900][4.418s][info][gc,marking  ] GC(131) Concurrent Cleanup for Next Mark
[2026-03-23T17:28:04.770+0900][4.418s][info][gc,marking  ] GC(131) Concurrent Cleanup for Next Mark 0.036ms
[2026-03-23T17:28:04.770+0900][4.418s][info][gc          ] GC(131) Concurrent Undo Cycle 0.075ms
[2026-03-23T17:28:04.782+0900][4.430s][info][gc,start    ] GC(132) Pause Young (Concurrent Start) (G1 Humongous Allocation)
[2026-03-23T17:28:04.782+0900][4.430s][info][gc,task     ] GC(132) Using 11 workers of 11 for evacuation
[2026-03-23T17:28:04.783+0900][4.431s][info][gc,phases   ] GC(132)   Pre Evacuate Collection Set: 0.21ms
[2026-03-23T17:28:04.783+0900][4.431s][info][gc,phases   ] GC(132)   Merge Heap Roots: 0.04ms
[2026-03-23T17:28:04.783+0900][4.431s][info][gc,phases   ] GC(132)   Evacuate Collection Set: 0.13ms
[2026-03-23T17:28:04.783+0900][4.431s][info][gc,phases   ] GC(132)   Post Evacuate Collection Set: 0.13ms
[2026-03-23T17:28:04.783+0900][4.431s][info][gc,phases   ] GC(132)   Other: 0.05ms
[2026-03-23T17:28:04.783+0900][4.431s][info][gc,heap     ] GC(132) Eden regions: 1->0(260)
[2026-03-23T17:28:04.783+0900][4.431s][info][gc,heap     ] GC(132) Survivor regions: 1->1(33)
[2026-03-23T17:28:04.783+0900][4.431s][info][gc,heap     ] GC(132) Old regions: 2->2
[2026-03-23T17:28:04.783+0900][4.431s][info][gc,heap     ] GC(132) Humongous regions: 228->222
[2026-03-23T17:28:04.783+0900][4.431s][info][gc,metaspace] GC(132) Metaspace: 235K(448K)->235K(448K) NonClass: 221K(320K)->221K(320K) Class: 14K(128K)->14K(128K)
[2026-03-23T17:28:04.783+0900][4.431s][info][gc          ] GC(132) Pause Young (Concurrent Start) (G1 Humongous Allocation) 229M->223M(512M) 0.715ms
[2026-03-23T17:28:04.783+0900][4.431s][info][gc,cpu      ] GC(132) User=0.00s Sys=0.00s Real=0.00s
[2026-03-23T17:28:04.783+0900][4.431s][info][gc          ] GC(133) Concurrent Undo Cycle
[2026-03-23T17:28:04.783+0900][4.431s][info][gc,marking  ] GC(133) Concurrent Clear Claimed Marks
[2026-03-23T17:28:04.783+0900][4.431s][info][gc,marking  ] GC(133) Concurrent Clear Claimed Marks 0.006ms
[2026-03-23T17:28:04.783+0900][4.431s][info][gc,marking  ] GC(133) Concurrent Cleanup for Next Mark
[2026-03-23T17:28:04.783+0900][4.431s][info][gc,marking  ] GC(133) Concurrent Cleanup for Next Mark 0.044ms
[2026-03-23T17:28:04.783+0900][4.431s][info][gc          ] GC(133) Concurrent Undo Cycle 0.094ms
[2026-03-23T17:28:04.789+0900][4.437s][info][gc,start    ] GC(134) Pause Young (Concurrent Start) (G1 Humongous Allocation)
[2026-03-23T17:28:04.789+0900][4.437s][info][gc,task     ] GC(134) Using 11 workers of 11 for evacuation
[2026-03-23T17:28:04.790+0900][4.438s][info][gc,phases   ] GC(134)   Pre Evacuate Collection Set: 0.13ms
[2026-03-23T17:28:04.790+0900][4.438s][info][gc,phases   ] GC(134)   Merge Heap Roots: 0.03ms
[2026-03-23T17:28:04.790+0900][4.438s][info][gc,phases   ] GC(134)   Evacuate Collection Set: 0.16ms
[2026-03-23T17:28:04.790+0900][4.438s][info][gc,phases   ] GC(134)   Post Evacuate Collection Set: 0.09ms
[2026-03-23T17:28:04.790+0900][4.438s][info][gc,phases   ] GC(134)   Other: 0.04ms
[2026-03-23T17:28:04.790+0900][4.438s][info][gc,heap     ] GC(134) Eden regions: 1->0(257)
[2026-03-23T17:28:04.790+0900][4.438s][info][gc,heap     ] GC(134) Survivor regions: 1->1(33)
[2026-03-23T17:28:04.790+0900][4.438s][info][gc,heap     ] GC(134) Old regions: 2->2
[2026-03-23T17:28:04.790+0900][4.438s][info][gc,heap     ] GC(134) Humongous regions: 228->225
[2026-03-23T17:28:04.790+0900][4.438s][info][gc,metaspace] GC(134) Metaspace: 235K(448K)->235K(448K) NonClass: 221K(320K)->221K(320K) Class: 14K(128K)->14K(128K)
[2026-03-23T17:28:04.790+0900][4.438s][info][gc          ] GC(134) Pause Young (Concurrent Start) (G1 Humongous Allocation) 229M->226M(512M) 0.543ms
[2026-03-23T17:28:04.790+0900][4.438s][info][gc,cpu      ] GC(134) User=0.00s Sys=0.00s Real=0.01s
[2026-03-23T17:28:04.790+0900][4.438s][info][gc          ] GC(135) Concurrent Undo Cycle
[2026-03-23T17:28:04.790+0900][4.438s][info][gc,marking  ] GC(135) Concurrent Clear Claimed Marks
[2026-03-23T17:28:04.790+0900][4.438s][info][gc,marking  ] GC(135) Concurrent Clear Claimed Marks 0.006ms
[2026-03-23T17:28:04.790+0900][4.438s][info][gc,marking  ] GC(135) Concurrent Cleanup for Next Mark
[2026-03-23T17:28:04.790+0900][4.438s][info][gc,marking  ] GC(135) Concurrent Cleanup for Next Mark 0.041ms
[2026-03-23T17:28:04.790+0900][4.438s][info][gc          ] GC(135) Concurrent Undo Cycle 0.083ms
[2026-03-23T17:28:04.796+0900][4.444s][info][gc,start    ] GC(136) Pause Young (Concurrent Start) (G1 Humongous Allocation)
[2026-03-23T17:28:04.796+0900][4.444s][info][gc,task     ] GC(136) Using 11 workers of 11 for evacuation
[2026-03-23T17:28:04.796+0900][4.444s][info][gc,phases   ] GC(136)   Pre Evacuate Collection Set: 0.11ms
[2026-03-23T17:28:04.797+0900][4.444s][info][gc,phases   ] GC(136)   Merge Heap Roots: 0.02ms
[2026-03-23T17:28:04.797+0900][4.444s][info][gc,phases   ] GC(136)   Evacuate Collection Set: 0.09ms
[2026-03-23T17:28:04.797+0900][4.445s][info][gc,phases   ] GC(136)   Post Evacuate Collection Set: 0.08ms
[2026-03-23T17:28:04.797+0900][4.445s][info][gc,phases   ] GC(136)   Other: 0.02ms
[2026-03-23T17:28:04.797+0900][4.445s][info][gc,heap     ] GC(136) Eden regions: 1->0(257)
[2026-03-23T17:28:04.797+0900][4.445s][info][gc,heap     ] GC(136) Survivor regions: 1->1(33)
[2026-03-23T17:28:04.797+0900][4.445s][info][gc,heap     ] GC(136) Old regions: 2->2
[2026-03-23T17:28:04.797+0900][4.445s][info][gc,heap     ] GC(136) Humongous regions: 228->225
[2026-03-23T17:28:04.797+0900][4.445s][info][gc,metaspace] GC(136) Metaspace: 235K(448K)->235K(448K) NonClass: 221K(320K)->221K(320K) Class: 14K(128K)->14K(128K)
[2026-03-23T17:28:04.797+0900][4.445s][info][gc          ] GC(136) Pause Young (Concurrent Start) (G1 Humongous Allocation) 229M->226M(512M) 0.404ms
[2026-03-23T17:28:04.797+0900][4.445s][info][gc,cpu      ] GC(136) User=0.00s Sys=0.00s Real=0.00s
[2026-03-23T17:28:04.797+0900][4.445s][info][gc          ] GC(137) Concurrent Undo Cycle
[2026-03-23T17:28:04.797+0900][4.445s][info][gc,marking  ] GC(137) Concurrent Clear Claimed Marks
[2026-03-23T17:28:04.797+0900][4.445s][info][gc,marking  ] GC(137) Concurrent Clear Claimed Marks 0.007ms
[2026-03-23T17:28:04.797+0900][4.445s][info][gc,marking  ] GC(137) Concurrent Cleanup for Next Mark
[2026-03-23T17:28:04.797+0900][4.445s][info][gc,marking  ] GC(137) Concurrent Cleanup for Next Mark 0.047ms
[2026-03-23T17:28:04.797+0900][4.445s][info][gc          ] GC(137) Concurrent Undo Cycle 0.087ms
[2026-03-23T17:28:04.803+0900][4.451s][info][gc,start    ] GC(138) Pause Young (Concurrent Start) (G1 Humongous Allocation)
[2026-03-23T17:28:04.803+0900][4.451s][info][gc,task     ] GC(138) Using 11 workers of 11 for evacuation
[2026-03-23T17:28:04.803+0900][4.451s][info][gc,phases   ] GC(138)   Pre Evacuate Collection Set: 0.18ms
[2026-03-23T17:28:04.803+0900][4.451s][info][gc,phases   ] GC(138)   Merge Heap Roots: 0.03ms
[2026-03-23T17:28:04.803+0900][4.451s][info][gc,phases   ] GC(138)   Evacuate Collection Set: 0.13ms
[2026-03-23T17:28:04.803+0900][4.451s][info][gc,phases   ] GC(138)   Post Evacuate Collection Set: 0.12ms
[2026-03-23T17:28:04.803+0900][4.451s][info][gc,phases   ] GC(138)   Other: 0.05ms
[2026-03-23T17:28:04.804+0900][4.451s][info][gc,heap     ] GC(138) Eden regions: 1->0(257)
[2026-03-23T17:28:04.804+0900][4.452s][info][gc,heap     ] GC(138) Survivor regions: 1->1(33)
[2026-03-23T17:28:04.804+0900][4.452s][info][gc,heap     ] GC(138) Old regions: 2->2
[2026-03-23T17:28:04.804+0900][4.452s][info][gc,heap     ] GC(138) Humongous regions: 228->225
[2026-03-23T17:28:04.804+0900][4.452s][info][gc,metaspace] GC(138) Metaspace: 235K(448K)->235K(448K) NonClass: 221K(320K)->221K(320K) Class: 14K(128K)->14K(128K)
[2026-03-23T17:28:04.804+0900][4.452s][info][gc          ] GC(138) Pause Young (Concurrent Start) (G1 Humongous Allocation) 229M->226M(512M) 0.598ms
[2026-03-23T17:28:04.804+0900][4.452s][info][gc,cpu      ] GC(138) User=0.00s Sys=0.01s Real=0.00s
[2026-03-23T17:28:04.804+0900][4.452s][info][gc          ] GC(139) Concurrent Undo Cycle
[2026-03-23T17:28:04.804+0900][4.452s][info][gc,marking  ] GC(139) Concurrent Clear Claimed Marks
[2026-03-23T17:28:04.804+0900][4.452s][info][gc,marking  ] GC(139) Concurrent Clear Claimed Marks 0.005ms
[2026-03-23T17:28:04.804+0900][4.452s][info][gc,marking  ] GC(139) Concurrent Cleanup for Next Mark
[2026-03-23T17:28:04.804+0900][4.452s][info][gc,marking  ] GC(139) Concurrent Cleanup for Next Mark 0.037ms
[2026-03-23T17:28:04.804+0900][4.452s][info][gc          ] GC(139) Concurrent Undo Cycle 0.073ms
[2026-03-23T17:28:04.810+0900][4.458s][info][gc,start    ] GC(140) Pause Young (Concurrent Start) (G1 Humongous Allocation)
[2026-03-23T17:28:04.810+0900][4.458s][info][gc,task     ] GC(140) Using 11 workers of 11 for evacuation
[2026-03-23T17:28:04.810+0900][4.458s][info][gc,phases   ] GC(140)   Pre Evacuate Collection Set: 0.13ms
[2026-03-23T17:28:04.810+0900][4.458s][info][gc,phases   ] GC(140)   Merge Heap Roots: 0.03ms
[2026-03-23T17:28:04.810+0900][4.458s][info][gc,phases   ] GC(140)   Evacuate Collection Set: 0.11ms
[2026-03-23T17:28:04.810+0900][4.458s][info][gc,phases   ] GC(140)   Post Evacuate Collection Set: 0.08ms
[2026-03-23T17:28:04.810+0900][4.458s][info][gc,phases   ] GC(140)   Other: 0.02ms
[2026-03-23T17:28:04.810+0900][4.458s][info][gc,heap     ] GC(140) Eden regions: 1->0(257)
[2026-03-23T17:28:04.810+0900][4.458s][info][gc,heap     ] GC(140) Survivor regions: 1->1(33)
[2026-03-23T17:28:04.810+0900][4.458s][info][gc,heap     ] GC(140) Old regions: 2->2
[2026-03-23T17:28:04.810+0900][4.458s][info][gc,heap     ] GC(140) Humongous regions: 228->225
[2026-03-23T17:28:04.810+0900][4.458s][info][gc,metaspace] GC(140) Metaspace: 235K(448K)->235K(448K) NonClass: 221K(320K)->221K(320K) Class: 14K(128K)->14K(128K)
[2026-03-23T17:28:04.810+0900][4.458s][info][gc          ] GC(140) Pause Young (Concurrent Start) (G1 Humongous Allocation) 229M->226M(512M) 0.453ms
[2026-03-23T17:28:04.810+0900][4.458s][info][gc,cpu      ] GC(140) User=0.00s Sys=0.00s Real=0.00s
[2026-03-23T17:28:04.810+0900][4.458s][info][gc          ] GC(141) Concurrent Undo Cycle
[2026-03-23T17:28:04.810+0900][4.458s][info][gc,marking  ] GC(141) Concurrent Clear Claimed Marks
[2026-03-23T17:28:04.810+0900][4.458s][info][gc,marking  ] GC(141) Concurrent Clear Claimed Marks 0.005ms
[2026-03-23T17:28:04.810+0900][4.458s][info][gc,marking  ] GC(141) Concurrent Cleanup for Next Mark
[2026-03-23T17:28:04.810+0900][4.458s][info][gc,marking  ] GC(141) Concurrent Cleanup for Next Mark 0.032ms
[2026-03-23T17:28:04.810+0900][4.458s][info][gc          ] GC(141) Concurrent Undo Cycle 0.070ms
[2026-03-23T17:28:04.817+0900][4.465s][info][gc,start    ] GC(142) Pause Young (Concurrent Start) (G1 Humongous Allocation)
[2026-03-23T17:28:04.817+0900][4.465s][info][gc,task     ] GC(142) Using 11 workers of 11 for evacuation
[2026-03-23T17:28:04.817+0900][4.465s][info][gc,phases   ] GC(142)   Pre Evacuate Collection Set: 0.18ms
[2026-03-23T17:28:04.817+0900][4.465s][info][gc,phases   ] GC(142)   Merge Heap Roots: 0.03ms
[2026-03-23T17:28:04.817+0900][4.465s][info][gc,phases   ] GC(142)   Evacuate Collection Set: 0.18ms
[2026-03-23T17:28:04.817+0900][4.465s][info][gc,phases   ] GC(142)   Post Evacuate Collection Set: 0.11ms
[2026-03-23T17:28:04.817+0900][4.465s][info][gc,phases   ] GC(142)   Other: 0.03ms
[2026-03-23T17:28:04.817+0900][4.465s][info][gc,heap     ] GC(142) Eden regions: 1->0(257)
[2026-03-23T17:28:04.817+0900][4.465s][info][gc,heap     ] GC(142) Survivor regions: 1->1(33)
[2026-03-23T17:28:04.817+0900][4.465s][info][gc,heap     ] GC(142) Old regions: 2->2
[2026-03-23T17:28:04.817+0900][4.465s][info][gc,heap     ] GC(142) Humongous regions: 228->225
[2026-03-23T17:28:04.817+0900][4.465s][info][gc,metaspace] GC(142) Metaspace: 235K(448K)->235K(448K) NonClass: 221K(320K)->221K(320K) Class: 14K(128K)->14K(128K)
[2026-03-23T17:28:04.817+0900][4.465s][info][gc          ] GC(142) Pause Young (Concurrent Start) (G1 Humongous Allocation) 229M->226M(512M) 0.608ms
[2026-03-23T17:28:04.817+0900][4.465s][info][gc,cpu      ] GC(142) User=0.00s Sys=0.00s Real=0.00s
[2026-03-23T17:28:04.817+0900][4.465s][info][gc          ] GC(143) Concurrent Undo Cycle
[2026-03-23T17:28:04.817+0900][4.465s][info][gc,marking  ] GC(143) Concurrent Clear Claimed Marks
[2026-03-23T17:28:04.817+0900][4.465s][info][gc,marking  ] GC(143) Concurrent Clear Claimed Marks 0.011ms
[2026-03-23T17:28:04.817+0900][4.465s][info][gc,marking  ] GC(143) Concurrent Cleanup for Next Mark
[2026-03-23T17:28:04.817+0900][4.465s][info][gc,marking  ] GC(143) Concurrent Cleanup for Next Mark 0.024ms
[2026-03-23T17:28:04.817+0900][4.465s][info][gc          ] GC(143) Concurrent Undo Cycle 0.070ms
[2026-03-23T17:28:04.823+0900][4.471s][info][gc,start    ] GC(144) Pause Young (Concurrent Start) (G1 Humongous Allocation)
[2026-03-23T17:28:04.823+0900][4.471s][info][gc,task     ] GC(144) Using 11 workers of 11 for evacuation
[2026-03-23T17:28:04.824+0900][4.472s][info][gc,phases   ] GC(144)   Pre Evacuate Collection Set: 0.26ms
[2026-03-23T17:28:04.824+0900][4.472s][info][gc,phases   ] GC(144)   Merge Heap Roots: 0.03ms
[2026-03-23T17:28:04.824+0900][4.472s][info][gc,phases   ] GC(144)   Evacuate Collection Set: 0.24ms
[2026-03-23T17:28:04.824+0900][4.472s][info][gc,phases   ] GC(144)   Post Evacuate Collection Set: 0.19ms
[2026-03-23T17:28:04.824+0900][4.472s][info][gc,phases   ] GC(144)   Other: 0.06ms
[2026-03-23T17:28:04.824+0900][4.472s][info][gc,heap     ] GC(144) Eden regions: 1->0(257)
[2026-03-23T17:28:04.824+0900][4.472s][info][gc,heap     ] GC(144) Survivor regions: 1->1(33)
[2026-03-23T17:28:04.824+0900][4.472s][info][gc,heap     ] GC(144) Old regions: 2->2
[2026-03-23T17:28:04.824+0900][4.472s][info][gc,heap     ] GC(144) Humongous regions: 228->225
[2026-03-23T17:28:04.824+0900][4.472s][info][gc,metaspace] GC(144) Metaspace: 235K(448K)->235K(448K) NonClass: 221K(320K)->221K(320K) Class: 14K(128K)->14K(128K)
[2026-03-23T17:28:04.824+0900][4.472s][info][gc          ] GC(144) Pause Young (Concurrent Start) (G1 Humongous Allocation) 229M->226M(512M) 1.096ms
[2026-03-23T17:28:04.824+0900][4.472s][info][gc,cpu      ] GC(144) User=0.00s Sys=0.00s Real=0.00s
[2026-03-23T17:28:04.824+0900][4.472s][info][gc          ] GC(145) Concurrent Undo Cycle
[2026-03-23T17:28:04.824+0900][4.472s][info][gc,marking  ] GC(145) Concurrent Clear Claimed Marks
[2026-03-23T17:28:04.824+0900][4.472s][info][gc,marking  ] GC(145) Concurrent Clear Claimed Marks 0.013ms
[2026-03-23T17:28:04.824+0900][4.472s][info][gc,marking  ] GC(145) Concurrent Cleanup for Next Mark
[2026-03-23T17:28:04.824+0900][4.472s][info][gc,marking  ] GC(145) Concurrent Cleanup for Next Mark 0.028ms
[2026-03-23T17:28:04.824+0900][4.472s][info][gc          ] GC(145) Concurrent Undo Cycle 0.100ms
[2026-03-23T17:28:04.830+0900][4.478s][info][gc,start    ] GC(146) Pause Young (Concurrent Start) (G1 Humongous Allocation)
[2026-03-23T17:28:04.830+0900][4.478s][info][gc,task     ] GC(146) Using 11 workers of 11 for evacuation
[2026-03-23T17:28:04.831+0900][4.479s][info][gc,phases   ] GC(146)   Pre Evacuate Collection Set: 0.19ms
[2026-03-23T17:28:04.831+0900][4.479s][info][gc,phases   ] GC(146)   Merge Heap Roots: 0.05ms
[2026-03-23T17:28:04.831+0900][4.479s][info][gc,phases   ] GC(146)   Evacuate Collection Set: 0.10ms
[2026-03-23T17:28:04.831+0900][4.479s][info][gc,phases   ] GC(146)   Post Evacuate Collection Set: 0.07ms
[2026-03-23T17:28:04.831+0900][4.479s][info][gc,phases   ] GC(146)   Other: 0.03ms
[2026-03-23T17:28:04.831+0900][4.479s][info][gc,heap     ] GC(146) Eden regions: 1->0(257)
[2026-03-23T17:28:04.831+0900][4.479s][info][gc,heap     ] GC(146) Survivor regions: 1->1(33)
[2026-03-23T17:28:04.831+0900][4.479s][info][gc,heap     ] GC(146) Old regions: 2->2
[2026-03-23T17:28:04.831+0900][4.479s][info][gc,heap     ] GC(146) Humongous regions: 228->225
[2026-03-23T17:28:04.831+0900][4.479s][info][gc,metaspace] GC(146) Metaspace: 235K(448K)->235K(448K) NonClass: 221K(320K)->221K(320K) Class: 14K(128K)->14K(128K)
[2026-03-23T17:28:04.831+0900][4.479s][info][gc          ] GC(146) Pause Young (Concurrent Start) (G1 Humongous Allocation) 229M->226M(512M) 0.518ms
[2026-03-23T17:28:04.831+0900][4.479s][info][gc,cpu      ] GC(146) User=0.01s Sys=0.00s Real=0.00s
[2026-03-23T17:28:04.831+0900][4.479s][info][gc          ] GC(147) Concurrent Undo Cycle
[2026-03-23T17:28:04.831+0900][4.479s][info][gc,marking  ] GC(147) Concurrent Clear Claimed Marks
[2026-03-23T17:28:04.831+0900][4.479s][info][gc,marking  ] GC(147) Concurrent Clear Claimed Marks 0.006ms
[2026-03-23T17:28:04.831+0900][4.479s][info][gc,marking  ] GC(147) Concurrent Cleanup for Next Mark
[2026-03-23T17:28:04.831+0900][4.479s][info][gc,marking  ] GC(147) Concurrent Cleanup for Next Mark 0.043ms
[2026-03-23T17:28:04.831+0900][4.479s][info][gc          ] GC(147) Concurrent Undo Cycle 0.082ms
[2026-03-23T17:28:04.837+0900][4.485s][info][gc,start    ] GC(148) Pause Young (Concurrent Start) (G1 Humongous Allocation)
[2026-03-23T17:28:04.837+0900][4.485s][info][gc,task     ] GC(148) Using 11 workers of 11 for evacuation
[2026-03-23T17:28:04.838+0900][4.486s][info][gc,phases   ] GC(148)   Pre Evacuate Collection Set: 0.20ms
[2026-03-23T17:28:04.838+0900][4.486s][info][gc,phases   ] GC(148)   Merge Heap Roots: 0.05ms
[2026-03-23T17:28:04.838+0900][4.486s][info][gc,phases   ] GC(148)   Evacuate Collection Set: 0.14ms
[2026-03-23T17:28:04.838+0900][4.486s][info][gc,phases   ] GC(148)   Post Evacuate Collection Set: 0.10ms
[2026-03-23T17:28:04.838+0900][4.486s][info][gc,phases   ] GC(148)   Other: 0.06ms
[2026-03-23T17:28:04.838+0900][4.486s][info][gc,heap     ] GC(148) Eden regions: 1->0(257)
[2026-03-23T17:28:04.838+0900][4.486s][info][gc,heap     ] GC(148) Survivor regions: 1->1(33)
[2026-03-23T17:28:04.838+0900][4.486s][info][gc,heap     ] GC(148) Old regions: 2->2
[2026-03-23T17:28:04.838+0900][4.486s][info][gc,heap     ] GC(148) Humongous regions: 228->225
[2026-03-23T17:28:04.838+0900][4.486s][info][gc,metaspace] GC(148) Metaspace: 235K(448K)->235K(448K) NonClass: 221K(320K)->221K(320K) Class: 14K(128K)->14K(128K)
[2026-03-23T17:28:04.838+0900][4.486s][info][gc          ] GC(148) Pause Young (Concurrent Start) (G1 Humongous Allocation) 229M->226M(512M) 0.705ms
[2026-03-23T17:28:04.838+0900][4.486s][info][gc,cpu      ] GC(148) User=0.00s Sys=0.00s Real=0.00s
[2026-03-23T17:28:04.838+0900][4.486s][info][gc          ] GC(149) Concurrent Undo Cycle
[2026-03-23T17:28:04.838+0900][4.486s][info][gc,marking  ] GC(149) Concurrent Clear Claimed Marks
[2026-03-23T17:28:04.838+0900][4.486s][info][gc,marking  ] GC(149) Concurrent Clear Claimed Marks 0.006ms
[2026-03-23T17:28:04.838+0900][4.486s][info][gc,marking  ] GC(149) Concurrent Cleanup for Next Mark
[2026-03-23T17:28:04.838+0900][4.486s][info][gc,marking  ] GC(149) Concurrent Cleanup for Next Mark 0.036ms
[2026-03-23T17:28:04.838+0900][4.486s][info][gc          ] GC(149) Concurrent Undo Cycle 0.092ms
[2026-03-23T17:28:04.838+0900][4.486s][info][gc,start    ] GC(150) Pause Young (Concurrent Start) (G1 Humongous Allocation)
[2026-03-23T17:28:04.838+0900][4.486s][info][gc,task     ] GC(150) Using 11 workers of 11 for evacuation
[2026-03-23T17:28:04.839+0900][4.487s][info][gc,phases   ] GC(150)   Pre Evacuate Collection Set: 0.13ms
[2026-03-23T17:28:04.839+0900][4.487s][info][gc,phases   ] GC(150)   Merge Heap Roots: 0.04ms
[2026-03-23T17:28:04.839+0900][4.487s][info][gc,phases   ] GC(150)   Evacuate Collection Set: 0.13ms
[2026-03-23T17:28:04.839+0900][4.487s][info][gc,phases   ] GC(150)   Post Evacuate Collection Set: 0.11ms
[2026-03-23T17:28:04.839+0900][4.487s][info][gc,phases   ] GC(150)   Other: 0.04ms
[2026-03-23T17:28:04.839+0900][4.487s][info][gc,heap     ] GC(150) Eden regions: 1->0(254)
[2026-03-23T17:28:04.839+0900][4.487s][info][gc,heap     ] GC(150) Survivor regions: 1->1(33)
[2026-03-23T17:28:04.839+0900][4.487s][info][gc,heap     ] GC(150) Old regions: 2->2
[2026-03-23T17:28:04.839+0900][4.487s][info][gc,heap     ] GC(150) Humongous regions: 228->228
[2026-03-23T17:28:04.839+0900][4.487s][info][gc,metaspace] GC(150) Metaspace: 235K(448K)->235K(448K) NonClass: 221K(320K)->221K(320K) Class: 14K(128K)->14K(128K)
[2026-03-23T17:28:04.839+0900][4.487s][info][gc          ] GC(150) Pause Young (Concurrent Start) (G1 Humongous Allocation) 229M->229M(512M) 0.547ms
[2026-03-23T17:28:04.839+0900][4.487s][info][gc,cpu      ] GC(150) User=0.00s Sys=0.00s Real=0.00s
[2026-03-23T17:28:04.839+0900][4.487s][info][gc          ] GC(151) Concurrent Undo Cycle
[2026-03-23T17:28:04.839+0900][4.487s][info][gc,marking  ] GC(151) Concurrent Clear Claimed Marks
[2026-03-23T17:28:04.839+0900][4.487s][info][gc,marking  ] GC(151) Concurrent Clear Claimed Marks 0.006ms
[2026-03-23T17:28:04.839+0900][4.487s][info][gc,marking  ] GC(151) Concurrent Cleanup for Next Mark
[2026-03-23T17:28:04.839+0900][4.487s][info][gc,marking  ] GC(151) Concurrent Cleanup for Next Mark 0.030ms
[2026-03-23T17:28:04.839+0900][4.487s][info][gc          ] GC(151) Concurrent Undo Cycle 0.078ms
[2026-03-23T17:28:04.845+0900][4.493s][info][gc,start    ] GC(152) Pause Young (Concurrent Start) (G1 Humongous Allocation)
[2026-03-23T17:28:04.845+0900][4.493s][info][gc,task     ] GC(152) Using 11 workers of 11 for evacuation
[2026-03-23T17:28:04.846+0900][4.494s][info][gc,phases   ] GC(152)   Pre Evacuate Collection Set: 0.13ms
[2026-03-23T17:28:04.846+0900][4.494s][info][gc,phases   ] GC(152)   Merge Heap Roots: 0.03ms
[2026-03-23T17:28:04.846+0900][4.494s][info][gc,phases   ] GC(152)   Evacuate Collection Set: 0.22ms
[2026-03-23T17:28:04.846+0900][4.494s][info][gc,phases   ] GC(152)   Post Evacuate Collection Set: 0.11ms
[2026-03-23T17:28:04.846+0900][4.494s][info][gc,phases   ] GC(152)   Other: 0.03ms
[2026-03-23T17:28:04.846+0900][4.494s][info][gc,heap     ] GC(152) Eden regions: 1->0(254)
[2026-03-23T17:28:04.846+0900][4.494s][info][gc,heap     ] GC(152) Survivor regions: 1->1(32)
[2026-03-23T17:28:04.846+0900][4.494s][info][gc,heap     ] GC(152) Old regions: 2->2
[2026-03-23T17:28:04.846+0900][4.494s][info][gc,heap     ] GC(152) Humongous regions: 231->228
[2026-03-23T17:28:04.846+0900][4.494s][info][gc,metaspace] GC(152) Metaspace: 235K(448K)->235K(448K) NonClass: 221K(320K)->221K(320K) Class: 14K(128K)->14K(128K)
[2026-03-23T17:28:04.846+0900][4.494s][info][gc          ] GC(152) Pause Young (Concurrent Start) (G1 Humongous Allocation) 232M->229M(512M) 0.576ms
[2026-03-23T17:28:04.846+0900][4.494s][info][gc,cpu      ] GC(152) User=0.00s Sys=0.00s Real=0.00s
[2026-03-23T17:28:04.846+0900][4.494s][info][gc          ] GC(153) Concurrent Undo Cycle
[2026-03-23T17:28:04.846+0900][4.494s][info][gc,marking  ] GC(153) Concurrent Clear Claimed Marks
[2026-03-23T17:28:04.846+0900][4.494s][info][gc,marking  ] GC(153) Concurrent Clear Claimed Marks 0.004ms
[2026-03-23T17:28:04.846+0900][4.494s][info][gc,marking  ] GC(153) Concurrent Cleanup for Next Mark
[2026-03-23T17:28:04.846+0900][4.494s][info][gc,marking  ] GC(153) Concurrent Cleanup for Next Mark 0.029ms
[2026-03-23T17:28:04.846+0900][4.494s][info][gc          ] GC(153) Concurrent Undo Cycle 0.059ms
[2026-03-23T17:28:04.852+0900][4.500s][info][gc,start    ] GC(154) Pause Young (Concurrent Start) (G1 Humongous Allocation)
[2026-03-23T17:28:04.852+0900][4.500s][info][gc,task     ] GC(154) Using 11 workers of 11 for evacuation
[2026-03-23T17:28:04.853+0900][4.501s][info][gc,phases   ] GC(154)   Pre Evacuate Collection Set: 0.18ms
[2026-03-23T17:28:04.853+0900][4.501s][info][gc,phases   ] GC(154)   Merge Heap Roots: 0.06ms
[2026-03-23T17:28:04.853+0900][4.501s][info][gc,phases   ] GC(154)   Evacuate Collection Set: 0.26ms
[2026-03-23T17:28:04.853+0900][4.501s][info][gc,phases   ] GC(154)   Post Evacuate Collection Set: 0.31ms
[2026-03-23T17:28:04.853+0900][4.501s][info][gc,phases   ] GC(154)   Other: 0.07ms
[2026-03-23T17:28:04.853+0900][4.501s][info][gc,heap     ] GC(154) Eden regions: 1->0(254)
[2026-03-23T17:28:04.853+0900][4.501s][info][gc,heap     ] GC(154) Survivor regions: 1->1(32)
[2026-03-23T17:28:04.853+0900][4.501s][info][gc,heap     ] GC(154) Old regions: 2->2
[2026-03-23T17:28:04.853+0900][4.501s][info][gc,heap     ] GC(154) Humongous regions: 231->228
[2026-03-23T17:28:04.853+0900][4.501s][info][gc,metaspace] GC(154) Metaspace: 235K(448K)->235K(448K) NonClass: 221K(320K)->221K(320K) Class: 14K(128K)->14K(128K)
[2026-03-23T17:28:04.853+0900][4.501s][info][gc          ] GC(154) Pause Young (Concurrent Start) (G1 Humongous Allocation) 232M->229M(512M) 1.265ms
[2026-03-23T17:28:04.853+0900][4.501s][info][gc,cpu      ] GC(154) User=0.00s Sys=0.00s Real=0.00s
[2026-03-23T17:28:04.853+0900][4.501s][info][gc          ] GC(155) Concurrent Undo Cycle
[2026-03-23T17:28:04.853+0900][4.501s][info][gc,marking  ] GC(155) Concurrent Clear Claimed Marks
[2026-03-23T17:28:04.853+0900][4.501s][info][gc,marking  ] GC(155) Concurrent Clear Claimed Marks 0.009ms
[2026-03-23T17:28:04.853+0900][4.501s][info][gc,marking  ] GC(155) Concurrent Cleanup for Next Mark
[2026-03-23T17:28:04.853+0900][4.501s][info][gc,marking  ] GC(155) Concurrent Cleanup for Next Mark 0.034ms
[2026-03-23T17:28:04.854+0900][4.501s][info][gc          ] GC(155) Concurrent Undo Cycle 0.152ms
[2026-03-23T17:28:04.854+0900][4.502s][info][gc,start    ] GC(156) Pause Young (Concurrent Start) (G1 Humongous Allocation)
[2026-03-23T17:28:04.854+0900][4.502s][info][gc,task     ] GC(156) Using 11 workers of 11 for evacuation
[2026-03-23T17:28:04.854+0900][4.502s][info][gc,phases   ] GC(156)   Pre Evacuate Collection Set: 0.10ms
[2026-03-23T17:28:04.854+0900][4.502s][info][gc,phases   ] GC(156)   Merge Heap Roots: 0.02ms
[2026-03-23T17:28:04.854+0900][4.502s][info][gc,phases   ] GC(156)   Evacuate Collection Set: 0.15ms
[2026-03-23T17:28:04.854+0900][4.502s][info][gc,phases   ] GC(156)   Post Evacuate Collection Set: 0.08ms
[2026-03-23T17:28:04.854+0900][4.502s][info][gc,phases   ] GC(156)   Other: 0.03ms
[2026-03-23T17:28:04.854+0900][4.502s][info][gc,heap     ] GC(156) Eden regions: 1->0(253)
[2026-03-23T17:28:04.854+0900][4.502s][info][gc,heap     ] GC(156) Survivor regions: 1->1(32)
[2026-03-23T17:28:04.854+0900][4.502s][info][gc,heap     ] GC(156) Old regions: 2->2
[2026-03-23T17:28:04.854+0900][4.502s][info][gc,heap     ] GC(156) Humongous regions: 229->229
[2026-03-23T17:28:04.854+0900][4.502s][info][gc,metaspace] GC(156) Metaspace: 235K(448K)->235K(448K) NonClass: 221K(320K)->221K(320K) Class: 14K(128K)->14K(128K)
[2026-03-23T17:28:04.854+0900][4.502s][info][gc          ] GC(156) Pause Young (Concurrent Start) (G1 Humongous Allocation) 230M->230M(512M) 0.597ms
[2026-03-23T17:28:04.854+0900][4.502s][info][gc,cpu      ] GC(156) User=0.00s Sys=0.00s Real=0.00s
[2026-03-23T17:28:04.854+0900][4.502s][info][gc          ] GC(157) Concurrent Mark Cycle
[2026-03-23T17:28:04.854+0900][4.502s][info][gc,marking  ] GC(157) Concurrent Scan Root Regions
[2026-03-23T17:28:04.854+0900][4.502s][info][gc,marking  ] GC(157) Concurrent Scan Root Regions 0.036ms
[2026-03-23T17:28:04.854+0900][4.502s][info][gc,marking  ] GC(157) Concurrent Mark
[2026-03-23T17:28:04.854+0900][4.502s][info][gc,marking  ] GC(157) Concurrent Mark From Roots
[2026-03-23T17:28:04.854+0900][4.502s][info][gc,task     ] GC(157) Using 3 workers of 3 for marking
[2026-03-23T17:28:04.856+0900][4.504s][info][gc,marking  ] GC(157) Concurrent Mark From Roots 1.538ms
[2026-03-23T17:28:04.856+0900][4.504s][info][gc,marking  ] GC(157) Concurrent Preclean
[2026-03-23T17:28:04.856+0900][4.504s][info][gc,marking  ] GC(157) Concurrent Preclean 0.007ms
[2026-03-23T17:28:04.856+0900][4.504s][info][gc,start    ] GC(157) Pause Remark
[2026-03-23T17:28:04.856+0900][4.504s][info][gc          ] GC(157) Pause Remark 232M->121M(410M) 0.293ms
[2026-03-23T17:28:04.856+0900][4.504s][info][gc,cpu      ] GC(157) User=0.01s Sys=0.00s Real=0.00s
[2026-03-23T17:28:04.856+0900][4.504s][info][gc,marking  ] GC(157) Concurrent Mark 1.899ms
[2026-03-23T17:28:04.856+0900][4.504s][info][gc,marking  ] GC(157) Concurrent Rebuild Remembered Sets and Scrub Regions
[2026-03-23T17:28:04.856+0900][4.504s][info][gc,marking  ] GC(157) Concurrent Rebuild Remembered Sets and Scrub Regions 0.281ms
[2026-03-23T17:28:04.857+0900][4.505s][info][gc,start    ] GC(157) Pause Cleanup
[2026-03-23T17:28:04.857+0900][4.505s][info][gc          ] GC(157) Pause Cleanup 121M->121M(410M) 0.090ms
[2026-03-23T17:28:04.857+0900][4.505s][info][gc,cpu      ] GC(157) User=0.00s Sys=0.00s Real=0.00s
[2026-03-23T17:28:04.857+0900][4.505s][info][gc,marking  ] GC(157) Concurrent Clear Claimed Marks
[2026-03-23T17:28:04.857+0900][4.505s][info][gc,marking  ] GC(157) Concurrent Clear Claimed Marks 0.008ms
[2026-03-23T17:28:04.857+0900][4.505s][info][gc,marking  ] GC(157) Concurrent Cleanup for Next Mark
[2026-03-23T17:28:04.857+0900][4.505s][info][gc,marking  ] GC(157) Concurrent Cleanup for Next Mark 0.139ms
[2026-03-23T17:28:04.857+0900][4.505s][info][gc          ] GC(157) Concurrent Mark Cycle 3.295ms
[2026-03-23T17:28:05.594+0900][5.242s][info][gc,start    ] GC(158) Pause Young (Prepare Mixed) (G1 Humongous Allocation)
[2026-03-23T17:28:05.594+0900][5.242s][info][gc,task     ] GC(158) Using 11 workers of 11 for evacuation
[2026-03-23T17:28:05.595+0900][5.243s][info][gc,phases   ] GC(158)   Pre Evacuate Collection Set: 0.23ms
[2026-03-23T17:28:05.595+0900][5.243s][info][gc,phases   ] GC(158)   Merge Heap Roots: 0.08ms
[2026-03-23T17:28:05.595+0900][5.243s][info][gc,phases   ] GC(158)   Evacuate Collection Set: 0.17ms
[2026-03-23T17:28:05.595+0900][5.243s][info][gc,phases   ] GC(158)   Post Evacuate Collection Set: 0.37ms
[2026-03-23T17:28:05.595+0900][5.243s][info][gc,phases   ] GC(158)   Other: 0.05ms
[2026-03-23T17:28:05.595+0900][5.243s][info][gc,heap     ] GC(158) Eden regions: 1->0(307)
[2026-03-23T17:28:05.595+0900][5.243s][info][gc,heap     ] GC(158) Survivor regions: 1->0(0)
[2026-03-23T17:28:05.595+0900][5.243s][info][gc,heap     ] GC(158) Old regions: 2->3
[2026-03-23T17:28:05.595+0900][5.243s][info][gc,heap     ] GC(158) Humongous regions: 508->118
[2026-03-23T17:28:05.595+0900][5.243s][info][gc,metaspace] GC(158) Metaspace: 237K(448K)->237K(448K) NonClass: 222K(320K)->222K(320K) Class: 14K(128K)->14K(128K)
[2026-03-23T17:28:05.595+0900][5.243s][info][gc          ] GC(158) Pause Young (Prepare Mixed) (G1 Humongous Allocation) (Evacuation Failure) 509M->119M(512M) 1.115ms
[2026-03-23T17:28:05.595+0900][5.243s][info][gc,cpu      ] GC(158) User=0.01s Sys=0.00s Real=0.00s
[2026-03-23T17:28:06.314+0900][5.962s][info][gc,start    ] GC(159) Pause Young (Mixed) (G1 Humongous Allocation)
[2026-03-23T17:28:06.314+0900][5.962s][info][gc,task     ] GC(159) Using 11 workers of 11 for evacuation
[2026-03-23T17:28:06.315+0900][5.963s][info][gc,phases   ] GC(159)   Pre Evacuate Collection Set: 0.12ms
[2026-03-23T17:28:06.315+0900][5.963s][info][gc,phases   ] GC(159)   Merge Heap Roots: 0.03ms
[2026-03-23T17:28:06.315+0900][5.963s][info][gc,phases   ] GC(159)   Evacuate Collection Set: 0.21ms
[2026-03-23T17:28:06.315+0900][5.963s][info][gc,phases   ] GC(159)   Post Evacuate Collection Set: 0.30ms
[2026-03-23T17:28:06.315+0900][5.963s][info][gc,phases   ] GC(159)   Other: 0.06ms
[2026-03-23T17:28:06.315+0900][5.963s][info][gc,heap     ] GC(159) Eden regions: 1->0(307)
[2026-03-23T17:28:06.315+0900][5.963s][info][gc,heap     ] GC(159) Survivor regions: 0->0(0)
[2026-03-23T17:28:06.315+0900][5.963s][info][gc,heap     ] GC(159) Old regions: 3->4
[2026-03-23T17:28:06.315+0900][5.963s][info][gc,heap     ] GC(159) Humongous regions: 508->58
[2026-03-23T17:28:06.315+0900][5.963s][info][gc,metaspace] GC(159) Metaspace: 237K(448K)->237K(448K) NonClass: 222K(320K)->222K(320K) Class: 14K(128K)->14K(128K)
[2026-03-23T17:28:06.315+0900][5.963s][info][gc          ] GC(159) Pause Young (Mixed) (G1 Humongous Allocation) (Evacuation Failure) 510M->60M(512M) 0.940ms
[2026-03-23T17:28:06.315+0900][5.963s][info][gc,cpu      ] GC(159) User=0.00s Sys=0.00s Real=0.00s
[2026-03-23T17:28:06.632+0900][6.280s][info][gc,start    ] GC(160) Pause Young (Concurrent Start) (G1 Humongous Allocation)
[2026-03-23T17:28:06.632+0900][6.280s][info][gc,task     ] GC(160) Using 11 workers of 11 for evacuation
[2026-03-23T17:28:06.633+0900][6.281s][info][gc,phases   ] GC(160)   Pre Evacuate Collection Set: 0.24ms
[2026-03-23T17:28:06.633+0900][6.281s][info][gc,phases   ] GC(160)   Merge Heap Roots: 0.06ms
[2026-03-23T17:28:06.633+0900][6.281s][info][gc,phases   ] GC(160)   Evacuate Collection Set: 0.41ms
[2026-03-23T17:28:06.634+0900][6.281s][info][gc,phases   ] GC(160)   Post Evacuate Collection Set: 0.24ms
[2026-03-23T17:28:06.634+0900][6.282s][info][gc,phases   ] GC(160)   Other: 0.11ms
[2026-03-23T17:28:06.634+0900][6.282s][info][gc,heap     ] GC(160) Eden regions: 1->0(306)
[2026-03-23T17:28:06.634+0900][6.282s][info][gc,heap     ] GC(160) Survivor regions: 0->1(39)
[2026-03-23T17:28:06.634+0900][6.282s][info][gc,heap     ] GC(160) Old regions: 4->4
[2026-03-23T17:28:06.634+0900][6.282s][info][gc,heap     ] GC(160) Humongous regions: 226->79
[2026-03-23T17:28:06.634+0900][6.282s][info][gc,metaspace] GC(160) Metaspace: 237K(448K)->237K(448K) NonClass: 222K(320K)->222K(320K) Class: 14K(128K)->14K(128K)
[2026-03-23T17:28:06.634+0900][6.282s][info][gc          ] GC(160) Pause Young (Concurrent Start) (G1 Humongous Allocation) 228M->81M(512M) 1.616ms
[2026-03-23T17:28:06.634+0900][6.282s][info][gc          ] GC(161) Concurrent Undo Cycle
[2026-03-23T17:28:06.634+0900][6.282s][info][gc,cpu      ] GC(160) User=0.00s Sys=0.00s Real=0.00s
[2026-03-23T17:28:06.634+0900][6.282s][info][gc,marking  ] GC(161) Concurrent Clear Claimed Marks
[2026-03-23T17:28:06.634+0900][6.282s][info][gc,marking  ] GC(161) Concurrent Clear Claimed Marks 0.270ms
[2026-03-23T17:28:06.634+0900][6.282s][info][gc,marking  ] GC(161) Concurrent Cleanup for Next Mark
[2026-03-23T17:28:06.634+0900][6.282s][info][gc,marking  ] GC(161) Concurrent Cleanup for Next Mark 0.177ms
[2026-03-23T17:28:06.634+0900][6.282s][info][gc          ] GC(161) Concurrent Undo Cycle 0.626ms
[2026-03-23T17:28:06.912+0900][6.560s][info][gc,start    ] GC(162) Pause Young (Concurrent Start) (G1 Humongous Allocation)
[2026-03-23T17:28:06.912+0900][6.560s][info][gc,task     ] GC(162) Using 11 workers of 11 for evacuation
[2026-03-23T17:28:06.913+0900][6.561s][info][gc,phases   ] GC(162)   Pre Evacuate Collection Set: 0.17ms
[2026-03-23T17:28:06.913+0900][6.561s][info][gc,phases   ] GC(162)   Merge Heap Roots: 0.04ms
[2026-03-23T17:28:06.913+0900][6.561s][info][gc,phases   ] GC(162)   Evacuate Collection Set: 0.22ms
[2026-03-23T17:28:06.913+0900][6.561s][info][gc,phases   ] GC(162)   Post Evacuate Collection Set: 0.21ms
[2026-03-23T17:28:06.913+0900][6.561s][info][gc,phases   ] GC(162)   Other: 0.07ms
[2026-03-23T17:28:06.913+0900][6.561s][info][gc,heap     ] GC(162) Eden regions: 1->0(306)
[2026-03-23T17:28:06.913+0900][6.561s][info][gc,heap     ] GC(162) Survivor regions: 1->1(39)
[2026-03-23T17:28:06.913+0900][6.561s][info][gc,heap     ] GC(162) Old regions: 4->4
[2026-03-23T17:28:06.913+0900][6.561s][info][gc,heap     ] GC(162) Humongous regions: 226->94
[2026-03-23T17:28:06.913+0900][6.561s][info][gc,metaspace] GC(162) Metaspace: 237K(448K)->237K(448K) NonClass: 222K(320K)->222K(320K) Class: 14K(128K)->14K(128K)
[2026-03-23T17:28:06.913+0900][6.561s][info][gc          ] GC(162) Pause Young (Concurrent Start) (G1 Humongous Allocation) 228M->96M(512M) 1.113ms
[2026-03-23T17:28:06.913+0900][6.561s][info][gc,cpu      ] GC(162) User=0.00s Sys=0.00s Real=0.00s
[2026-03-23T17:28:06.913+0900][6.561s][info][gc          ] GC(163) Concurrent Undo Cycle
[2026-03-23T17:28:06.913+0900][6.561s][info][gc,marking  ] GC(163) Concurrent Clear Claimed Marks
[2026-03-23T17:28:06.913+0900][6.561s][info][gc,marking  ] GC(163) Concurrent Clear Claimed Marks 0.029ms
[2026-03-23T17:28:06.913+0900][6.561s][info][gc,marking  ] GC(163) Concurrent Cleanup for Next Mark
[2026-03-23T17:28:06.914+0900][6.562s][info][gc,marking  ] GC(163) Concurrent Cleanup for Next Mark 0.108ms
[2026-03-23T17:28:06.914+0900][6.562s][info][gc          ] GC(163) Concurrent Undo Cycle 0.299ms
[2026-03-23T17:28:07.161+0900][6.809s][info][gc,start    ] GC(164) Pause Young (Concurrent Start) (G1 Humongous Allocation)
[2026-03-23T17:28:07.161+0900][6.809s][info][gc,task     ] GC(164) Using 11 workers of 11 for evacuation
[2026-03-23T17:28:07.162+0900][6.810s][info][gc,phases   ] GC(164)   Pre Evacuate Collection Set: 0.28ms
[2026-03-23T17:28:07.162+0900][6.810s][info][gc,phases   ] GC(164)   Merge Heap Roots: 0.06ms
[2026-03-23T17:28:07.162+0900][6.810s][info][gc,phases   ] GC(164)   Evacuate Collection Set: 0.29ms
[2026-03-23T17:28:07.163+0900][6.810s][info][gc,phases   ] GC(164)   Post Evacuate Collection Set: 0.25ms
[2026-03-23T17:28:07.163+0900][6.811s][info][gc,phases   ] GC(164)   Other: 0.12ms
[2026-03-23T17:28:07.163+0900][6.811s][info][gc,heap     ] GC(164) Eden regions: 1->0(306)
[2026-03-23T17:28:07.163+0900][6.811s][info][gc,heap     ] GC(164) Survivor regions: 1->1(39)
[2026-03-23T17:28:07.163+0900][6.811s][info][gc,heap     ] GC(164) Old regions: 4->4
[2026-03-23T17:28:07.163+0900][6.811s][info][gc,heap     ] GC(164) Humongous regions: 226->109
[2026-03-23T17:28:07.163+0900][6.811s][info][gc,metaspace] GC(164) Metaspace: 237K(448K)->237K(448K) NonClass: 222K(320K)->222K(320K) Class: 14K(128K)->14K(128K)
[2026-03-23T17:28:07.163+0900][6.811s][info][gc          ] GC(164) Pause Young (Concurrent Start) (G1 Humongous Allocation) 228M->111M(512M) 1.482ms
[2026-03-23T17:28:07.163+0900][6.811s][info][gc,cpu      ] GC(164) User=0.00s Sys=0.00s Real=0.00s
[2026-03-23T17:28:07.163+0900][6.811s][info][gc          ] GC(165) Concurrent Undo Cycle
[2026-03-23T17:28:07.163+0900][6.811s][info][gc,marking  ] GC(165) Concurrent Clear Claimed Marks
[2026-03-23T17:28:07.163+0900][6.811s][info][gc,marking  ] GC(165) Concurrent Clear Claimed Marks 0.038ms
[2026-03-23T17:28:07.163+0900][6.811s][info][gc,marking  ] GC(165) Concurrent Cleanup for Next Mark
[2026-03-23T17:28:07.163+0900][6.811s][info][gc,marking  ] GC(165) Concurrent Cleanup for Next Mark 0.072ms
[2026-03-23T17:28:07.163+0900][6.811s][info][gc          ] GC(165) Concurrent Undo Cycle 0.289ms
[2026-03-23T17:28:07.376+0900][7.024s][info][gc,start    ] GC(166) Pause Young (Concurrent Start) (G1 Humongous Allocation)
[2026-03-23T17:28:07.376+0900][7.024s][info][gc,task     ] GC(166) Using 11 workers of 11 for evacuation
[2026-03-23T17:28:07.378+0900][7.026s][info][gc,phases   ] GC(166)   Pre Evacuate Collection Set: 0.19ms
[2026-03-23T17:28:07.378+0900][7.026s][info][gc,phases   ] GC(166)   Merge Heap Roots: 0.66ms
[2026-03-23T17:28:07.378+0900][7.026s][info][gc,phases   ] GC(166)   Evacuate Collection Set: 0.42ms
[2026-03-23T17:28:07.378+0900][7.026s][info][gc,phases   ] GC(166)   Post Evacuate Collection Set: 0.17ms
[2026-03-23T17:28:07.378+0900][7.026s][info][gc,phases   ] GC(166)   Other: 0.12ms
[2026-03-23T17:28:07.378+0900][7.026s][info][gc,heap     ] GC(166) Eden regions: 1->0(306)
[2026-03-23T17:28:07.378+0900][7.026s][info][gc,heap     ] GC(166) Survivor regions: 1->1(39)
[2026-03-23T17:28:07.378+0900][7.026s][info][gc,heap     ] GC(166) Old regions: 4->4
[2026-03-23T17:28:07.378+0900][7.026s][info][gc,heap     ] GC(166) Humongous regions: 226->124
[2026-03-23T17:28:07.378+0900][7.026s][info][gc,metaspace] GC(166) Metaspace: 237K(448K)->237K(448K) NonClass: 222K(320K)->222K(320K) Class: 14K(128K)->14K(128K)
[2026-03-23T17:28:07.378+0900][7.026s][info][gc          ] GC(166) Pause Young (Concurrent Start) (G1 Humongous Allocation) 228M->126M(512M) 1.951ms
[2026-03-23T17:28:07.378+0900][7.026s][info][gc,cpu      ] GC(166) User=0.00s Sys=0.00s Real=0.00s
[2026-03-23T17:28:07.378+0900][7.026s][info][gc          ] GC(167) Concurrent Undo Cycle
[2026-03-23T17:28:07.378+0900][7.026s][info][gc,marking  ] GC(167) Concurrent Clear Claimed Marks
[2026-03-23T17:28:07.378+0900][7.026s][info][gc,marking  ] GC(167) Concurrent Clear Claimed Marks 0.118ms
[2026-03-23T17:28:07.378+0900][7.026s][info][gc,marking  ] GC(167) Concurrent Cleanup for Next Mark
[2026-03-23T17:28:07.378+0900][7.026s][info][gc,marking  ] GC(167) Concurrent Cleanup for Next Mark 0.060ms
[2026-03-23T17:28:07.378+0900][7.026s][info][gc          ] GC(167) Concurrent Undo Cycle 0.343ms
[2026-03-23T17:28:07.571+0900][7.219s][info][gc,start    ] GC(168) Pause Young (Concurrent Start) (G1 Humongous Allocation)
[2026-03-23T17:28:07.571+0900][7.219s][info][gc,task     ] GC(168) Using 11 workers of 11 for evacuation
[2026-03-23T17:28:07.571+0900][7.219s][info][gc,phases   ] GC(168)   Pre Evacuate Collection Set: 0.16ms
[2026-03-23T17:28:07.571+0900][7.219s][info][gc,phases   ] GC(168)   Merge Heap Roots: 0.03ms
[2026-03-23T17:28:07.571+0900][7.219s][info][gc,phases   ] GC(168)   Evacuate Collection Set: 0.18ms
[2026-03-23T17:28:07.571+0900][7.219s][info][gc,phases   ] GC(168)   Post Evacuate Collection Set: 0.13ms
[2026-03-23T17:28:07.571+0900][7.219s][info][gc,phases   ] GC(168)   Other: 0.06ms
[2026-03-23T17:28:07.571+0900][7.219s][info][gc,heap     ] GC(168) Eden regions: 1->0(306)
[2026-03-23T17:28:07.571+0900][7.219s][info][gc,heap     ] GC(168) Survivor regions: 1->1(39)
[2026-03-23T17:28:07.571+0900][7.219s][info][gc,heap     ] GC(168) Old regions: 4->4
[2026-03-23T17:28:07.571+0900][7.219s][info][gc,heap     ] GC(168) Humongous regions: 226->133
[2026-03-23T17:28:07.571+0900][7.219s][info][gc,metaspace] GC(168) Metaspace: 237K(448K)->237K(448K) NonClass: 222K(320K)->222K(320K) Class: 14K(128K)->14K(128K)
[2026-03-23T17:28:07.572+0900][7.220s][info][gc          ] GC(168) Pause Young (Concurrent Start) (G1 Humongous Allocation) 228M->135M(512M) 0.805ms
[2026-03-23T17:28:07.572+0900][7.220s][info][gc,cpu      ] GC(168) User=0.00s Sys=0.00s Real=0.00s
[2026-03-23T17:28:07.572+0900][7.220s][info][gc          ] GC(169) Concurrent Undo Cycle
[2026-03-23T17:28:07.572+0900][7.220s][info][gc,marking  ] GC(169) Concurrent Clear Claimed Marks
[2026-03-23T17:28:07.572+0900][7.220s][info][gc,marking  ] GC(169) Concurrent Clear Claimed Marks 0.013ms
[2026-03-23T17:28:07.572+0900][7.220s][info][gc,marking  ] GC(169) Concurrent Cleanup for Next Mark
[2026-03-23T17:28:07.572+0900][7.220s][info][gc,marking  ] GC(169) Concurrent Cleanup for Next Mark 0.055ms
[2026-03-23T17:28:07.572+0900][7.220s][info][gc          ] GC(169) Concurrent Undo Cycle 0.155ms
[2026-03-23T17:28:07.742+0900][7.390s][info][gc,start    ] GC(170) Pause Young (Concurrent Start) (G1 Humongous Allocation)
[2026-03-23T17:28:07.742+0900][7.390s][info][gc,task     ] GC(170) Using 11 workers of 11 for evacuation
[2026-03-23T17:28:07.742+0900][7.390s][info][gc,phases   ] GC(170)   Pre Evacuate Collection Set: 0.15ms
[2026-03-23T17:28:07.742+0900][7.390s][info][gc,phases   ] GC(170)   Merge Heap Roots: 0.03ms
[2026-03-23T17:28:07.742+0900][7.390s][info][gc,phases   ] GC(170)   Evacuate Collection Set: 0.18ms
[2026-03-23T17:28:07.742+0900][7.390s][info][gc,phases   ] GC(170)   Post Evacuate Collection Set: 0.13ms
[2026-03-23T17:28:07.742+0900][7.390s][info][gc,phases   ] GC(170)   Other: 0.07ms
[2026-03-23T17:28:07.742+0900][7.390s][info][gc,heap     ] GC(170) Eden regions: 1->0(306)
[2026-03-23T17:28:07.742+0900][7.390s][info][gc,heap     ] GC(170) Survivor regions: 1->1(39)
[2026-03-23T17:28:07.742+0900][7.390s][info][gc,heap     ] GC(170) Old regions: 4->4
[2026-03-23T17:28:07.742+0900][7.390s][info][gc,heap     ] GC(170) Humongous regions: 226->145
[2026-03-23T17:28:07.743+0900][7.390s][info][gc,metaspace] GC(170) Metaspace: 237K(448K)->237K(448K) NonClass: 222K(320K)->222K(320K) Class: 14K(128K)->14K(128K)
[2026-03-23T17:28:07.743+0900][7.391s][info][gc          ] GC(170) Pause Young (Concurrent Start) (G1 Humongous Allocation) 228M->147M(512M) 0.829ms
[2026-03-23T17:28:07.743+0900][7.391s][info][gc,cpu      ] GC(170) User=0.00s Sys=0.00s Real=0.00s
[2026-03-23T17:28:07.743+0900][7.391s][info][gc          ] GC(171) Concurrent Undo Cycle
[2026-03-23T17:28:07.743+0900][7.391s][info][gc,marking  ] GC(171) Concurrent Clear Claimed Marks
[2026-03-23T17:28:07.743+0900][7.391s][info][gc,marking  ] GC(171) Concurrent Clear Claimed Marks 0.023ms
[2026-03-23T17:28:07.743+0900][7.391s][info][gc,marking  ] GC(171) Concurrent Cleanup for Next Mark
[2026-03-23T17:28:07.743+0900][7.391s][info][gc,marking  ] GC(171) Concurrent Cleanup for Next Mark 0.060ms
[2026-03-23T17:28:07.743+0900][7.391s][info][gc          ] GC(171) Concurrent Undo Cycle 0.187ms
[2026-03-23T17:28:07.894+0900][7.541s][info][gc,start    ] GC(172) Pause Young (Concurrent Start) (G1 Humongous Allocation)
[2026-03-23T17:28:07.894+0900][7.542s][info][gc,task     ] GC(172) Using 11 workers of 11 for evacuation
[2026-03-23T17:28:07.894+0900][7.542s][info][gc,phases   ] GC(172)   Pre Evacuate Collection Set: 0.15ms
[2026-03-23T17:28:07.894+0900][7.542s][info][gc,phases   ] GC(172)   Merge Heap Roots: 0.03ms
[2026-03-23T17:28:07.894+0900][7.542s][info][gc,phases   ] GC(172)   Evacuate Collection Set: 0.16ms
[2026-03-23T17:28:07.894+0900][7.542s][info][gc,phases   ] GC(172)   Post Evacuate Collection Set: 0.11ms
[2026-03-23T17:28:07.894+0900][7.542s][info][gc,phases   ] GC(172)   Other: 0.05ms
[2026-03-23T17:28:07.894+0900][7.542s][info][gc,heap     ] GC(172) Eden regions: 1->0(306)
[2026-03-23T17:28:07.894+0900][7.542s][info][gc,heap     ] GC(172) Survivor regions: 1->1(39)
[2026-03-23T17:28:07.894+0900][7.542s][info][gc,heap     ] GC(172) Old regions: 4->4
[2026-03-23T17:28:07.894+0900][7.542s][info][gc,heap     ] GC(172) Humongous regions: 226->154
[2026-03-23T17:28:07.894+0900][7.542s][info][gc,metaspace] GC(172) Metaspace: 237K(448K)->237K(448K) NonClass: 222K(320K)->222K(320K) Class: 14K(128K)->14K(128K)
[2026-03-23T17:28:07.894+0900][7.542s][info][gc          ] GC(172) Pause Young (Concurrent Start) (G1 Humongous Allocation) 228M->156M(512M) 0.703ms
[2026-03-23T17:28:07.894+0900][7.542s][info][gc,cpu      ] GC(172) User=0.00s Sys=0.00s Real=0.00s
[2026-03-23T17:28:07.894+0900][7.542s][info][gc          ] GC(173) Concurrent Undo Cycle
[2026-03-23T17:28:07.894+0900][7.542s][info][gc,marking  ] GC(173) Concurrent Clear Claimed Marks
[2026-03-23T17:28:07.894+0900][7.542s][info][gc,marking  ] GC(173) Concurrent Clear Claimed Marks 0.009ms
[2026-03-23T17:28:07.894+0900][7.542s][info][gc,marking  ] GC(173) Concurrent Cleanup for Next Mark
[2026-03-23T17:28:07.894+0900][7.542s][info][gc,marking  ] GC(173) Concurrent Cleanup for Next Mark 0.040ms
[2026-03-23T17:28:07.894+0900][7.542s][info][gc          ] GC(173) Concurrent Undo Cycle 0.109ms
[2026-03-23T17:28:08.034+0900][7.682s][info][gc,start    ] GC(174) Pause Young (Concurrent Start) (G1 Humongous Allocation)
[2026-03-23T17:28:08.034+0900][7.682s][info][gc,task     ] GC(174) Using 11 workers of 11 for evacuation
[2026-03-23T17:28:08.035+0900][7.683s][info][gc,phases   ] GC(174)   Pre Evacuate Collection Set: 0.28ms
[2026-03-23T17:28:08.035+0900][7.683s][info][gc,phases   ] GC(174)   Merge Heap Roots: 0.03ms
[2026-03-23T17:28:08.035+0900][7.683s][info][gc,phases   ] GC(174)   Evacuate Collection Set: 0.23ms
[2026-03-23T17:28:08.035+0900][7.683s][info][gc,phases   ] GC(174)   Post Evacuate Collection Set: 0.16ms
[2026-03-23T17:28:08.035+0900][7.683s][info][gc,phases   ] GC(174)   Other: 0.11ms
[2026-03-23T17:28:08.035+0900][7.683s][info][gc,heap     ] GC(174) Eden regions: 1->0(306)
[2026-03-23T17:28:08.035+0900][7.683s][info][gc,heap     ] GC(174) Survivor regions: 1->1(39)
[2026-03-23T17:28:08.035+0900][7.683s][info][gc,heap     ] GC(174) Old regions: 4->4
[2026-03-23T17:28:08.035+0900][7.683s][info][gc,heap     ] GC(174) Humongous regions: 226->61
[2026-03-23T17:28:08.035+0900][7.683s][info][gc,metaspace] GC(174) Metaspace: 237K(448K)->237K(448K) NonClass: 222K(320K)->222K(320K) Class: 14K(128K)->14K(128K)
[2026-03-23T17:28:08.035+0900][7.683s][info][gc          ] GC(174) Pause Young (Concurrent Start) (G1 Humongous Allocation) 228M->63M(512M) 1.123ms
[2026-03-23T17:28:08.035+0900][7.683s][info][gc,cpu      ] GC(174) User=0.00s Sys=0.00s Real=0.00s
[2026-03-23T17:28:08.035+0900][7.683s][info][gc          ] GC(175) Concurrent Undo Cycle
[2026-03-23T17:28:08.035+0900][7.683s][info][gc,marking  ] GC(175) Concurrent Clear Claimed Marks
[2026-03-23T17:28:08.035+0900][7.683s][info][gc,marking  ] GC(175) Concurrent Clear Claimed Marks 0.024ms
[2026-03-23T17:28:08.035+0900][7.683s][info][gc,marking  ] GC(175) Concurrent Cleanup for Next Mark
[2026-03-23T17:28:08.035+0900][7.683s][info][gc,marking  ] GC(175) Concurrent Cleanup for Next Mark 0.060ms
[2026-03-23T17:28:08.035+0900][7.683s][info][gc          ] GC(175) Concurrent Undo Cycle 0.208ms
[2026-03-23T17:28:08.338+0900][7.986s][info][gc,start    ] GC(176) Pause Young (Concurrent Start) (G1 Humongous Allocation)
[2026-03-23T17:28:08.338+0900][7.986s][info][gc,task     ] GC(176) Using 11 workers of 11 for evacuation
[2026-03-23T17:28:08.339+0900][7.987s][info][gc,phases   ] GC(176)   Pre Evacuate Collection Set: 0.27ms
[2026-03-23T17:28:08.339+0900][7.987s][info][gc,phases   ] GC(176)   Merge Heap Roots: 0.07ms
[2026-03-23T17:28:08.339+0900][7.987s][info][gc,phases   ] GC(176)   Evacuate Collection Set: 0.33ms
[2026-03-23T17:28:08.339+0900][7.987s][info][gc,phases   ] GC(176)   Post Evacuate Collection Set: 0.12ms
[2026-03-23T17:28:08.339+0900][7.987s][info][gc,phases   ] GC(176)   Other: 0.09ms
[2026-03-23T17:28:08.339+0900][7.987s][info][gc,heap     ] GC(176) Eden regions: 1->0(306)
[2026-03-23T17:28:08.339+0900][7.987s][info][gc,heap     ] GC(176) Survivor regions: 1->1(39)
[2026-03-23T17:28:08.339+0900][7.987s][info][gc,heap     ] GC(176) Old regions: 4->4
[2026-03-23T17:28:08.339+0900][7.987s][info][gc,heap     ] GC(176) Humongous regions: 226->82
[2026-03-23T17:28:08.339+0900][7.987s][info][gc,metaspace] GC(176) Metaspace: 237K(448K)->237K(448K) NonClass: 222K(320K)->222K(320K) Class: 14K(128K)->14K(128K)
[2026-03-23T17:28:08.339+0900][7.987s][info][gc          ] GC(176) Pause Young (Concurrent Start) (G1 Humongous Allocation) 228M->84M(512M) 1.208ms
[2026-03-23T17:28:08.339+0900][7.987s][info][gc,cpu      ] GC(176) User=0.00s Sys=0.00s Real=0.00s
[2026-03-23T17:28:08.339+0900][7.987s][info][gc          ] GC(177) Concurrent Undo Cycle
[2026-03-23T17:28:08.339+0900][7.987s][info][gc,marking  ] GC(177) Concurrent Clear Claimed Marks
[2026-03-23T17:28:08.339+0900][7.987s][info][gc,marking  ] GC(177) Concurrent Clear Claimed Marks 0.008ms
[2026-03-23T17:28:08.339+0900][7.987s][info][gc,marking  ] GC(177) Concurrent Cleanup for Next Mark
[2026-03-23T17:28:08.340+0900][7.988s][info][gc,marking  ] GC(177) Concurrent Cleanup for Next Mark 0.041ms
[2026-03-23T17:28:08.340+0900][7.988s][info][gc          ] GC(177) Concurrent Undo Cycle 0.101ms
[2026-03-23T17:28:08.607+0900][8.255s][info][gc,start    ] GC(178) Pause Young (Concurrent Start) (G1 Humongous Allocation)
[2026-03-23T17:28:08.607+0900][8.255s][info][gc,task     ] GC(178) Using 11 workers of 11 for evacuation
[2026-03-23T17:28:08.608+0900][8.256s][info][gc,phases   ] GC(178)   Pre Evacuate Collection Set: 0.19ms
[2026-03-23T17:28:08.608+0900][8.256s][info][gc,phases   ] GC(178)   Merge Heap Roots: 0.05ms
[2026-03-23T17:28:08.608+0900][8.256s][info][gc,phases   ] GC(178)   Evacuate Collection Set: 0.13ms
[2026-03-23T17:28:08.608+0900][8.256s][info][gc,phases   ] GC(178)   Post Evacuate Collection Set: 0.12ms
[2026-03-23T17:28:08.608+0900][8.256s][info][gc,phases   ] GC(178)   Other: 0.05ms
[2026-03-23T17:28:08.608+0900][8.256s][info][gc,heap     ] GC(178) Eden regions: 1->0(306)
[2026-03-23T17:28:08.608+0900][8.256s][info][gc,heap     ] GC(178) Survivor regions: 1->1(39)
[2026-03-23T17:28:08.608+0900][8.256s][info][gc,heap     ] GC(178) Old regions: 4->4
[2026-03-23T17:28:08.608+0900][8.256s][info][gc,heap     ] GC(178) Humongous regions: 226->97
[2026-03-23T17:28:08.608+0900][8.256s][info][gc,metaspace] GC(178) Metaspace: 237K(448K)->237K(448K) NonClass: 222K(320K)->222K(320K) Class: 14K(128K)->14K(128K)
[2026-03-23T17:28:08.608+0900][8.256s][info][gc          ] GC(178) Pause Young (Concurrent Start) (G1 Humongous Allocation) 228M->99M(512M) 0.735ms
[2026-03-23T17:28:08.608+0900][8.256s][info][gc,cpu      ] GC(178) User=0.00s Sys=0.00s Real=0.00s
[2026-03-23T17:28:08.608+0900][8.256s][info][gc          ] GC(179) Concurrent Undo Cycle
[2026-03-23T17:28:08.608+0900][8.256s][info][gc,marking  ] GC(179) Concurrent Clear Claimed Marks
[2026-03-23T17:28:08.608+0900][8.256s][info][gc,marking  ] GC(179) Concurrent Clear Claimed Marks 0.010ms
[2026-03-23T17:28:08.608+0900][8.256s][info][gc,marking  ] GC(179) Concurrent Cleanup for Next Mark
[2026-03-23T17:28:08.608+0900][8.256s][info][gc,marking  ] GC(179) Concurrent Cleanup for Next Mark 0.032ms
[2026-03-23T17:28:08.608+0900][8.256s][info][gc          ] GC(179) Concurrent Undo Cycle 0.107ms
[2026-03-23T17:28:08.847+0900][8.495s][info][gc,start    ] GC(180) Pause Young (Concurrent Start) (G1 Humongous Allocation)
[2026-03-23T17:28:08.847+0900][8.495s][info][gc,task     ] GC(180) Using 11 workers of 11 for evacuation
[2026-03-23T17:28:08.847+0900][8.495s][info][gc,phases   ] GC(180)   Pre Evacuate Collection Set: 0.14ms
[2026-03-23T17:28:08.847+0900][8.495s][info][gc,phases   ] GC(180)   Merge Heap Roots: 0.05ms
[2026-03-23T17:28:08.847+0900][8.495s][info][gc,phases   ] GC(180)   Evacuate Collection Set: 0.13ms
[2026-03-23T17:28:08.847+0900][8.495s][info][gc,phases   ] GC(180)   Post Evacuate Collection Set: 0.13ms
[2026-03-23T17:28:08.847+0900][8.495s][info][gc,phases   ] GC(180)   Other: 0.04ms
[2026-03-23T17:28:08.847+0900][8.495s][info][gc,heap     ] GC(180) Eden regions: 1->0(306)
[2026-03-23T17:28:08.847+0900][8.495s][info][gc,heap     ] GC(180) Survivor regions: 1->1(39)
[2026-03-23T17:28:08.847+0900][8.495s][info][gc,heap     ] GC(180) Old regions: 4->4
[2026-03-23T17:28:08.847+0900][8.495s][info][gc,heap     ] GC(180) Humongous regions: 226->112
[2026-03-23T17:28:08.847+0900][8.495s][info][gc,metaspace] GC(180) Metaspace: 237K(448K)->237K(448K) NonClass: 222K(320K)->222K(320K) Class: 14K(128K)->14K(128K)
[2026-03-23T17:28:08.847+0900][8.495s][info][gc          ] GC(180) Pause Young (Concurrent Start) (G1 Humongous Allocation) 228M->114M(512M) 0.637ms
[2026-03-23T17:28:08.847+0900][8.495s][info][gc,cpu      ] GC(180) User=0.00s Sys=0.00s Real=0.00s
[2026-03-23T17:28:08.847+0900][8.495s][info][gc          ] GC(181) Concurrent Undo Cycle
[2026-03-23T17:28:08.847+0900][8.495s][info][gc,marking  ] GC(181) Concurrent Clear Claimed Marks
[2026-03-23T17:28:08.848+0900][8.495s][info][gc,marking  ] GC(181) Concurrent Clear Claimed Marks 0.012ms
[2026-03-23T17:28:08.848+0900][8.495s][info][gc,marking  ] GC(181) Concurrent Cleanup for Next Mark
[2026-03-23T17:28:08.848+0900][8.496s][info][gc,marking  ] GC(181) Concurrent Cleanup for Next Mark 0.036ms
[2026-03-23T17:28:08.848+0900][8.496s][info][gc          ] GC(181) Concurrent Undo Cycle 0.112ms
[2026-03-23T17:28:09.058+0900][8.706s][info][gc,start    ] GC(182) Pause Young (Concurrent Start) (G1 Humongous Allocation)
[2026-03-23T17:28:09.059+0900][8.706s][info][gc,task     ] GC(182) Using 11 workers of 11 for evacuation
[2026-03-23T17:28:09.059+0900][8.707s][info][gc,phases   ] GC(182)   Pre Evacuate Collection Set: 0.23ms
[2026-03-23T17:28:09.059+0900][8.707s][info][gc,phases   ] GC(182)   Merge Heap Roots: 0.03ms
[2026-03-23T17:28:09.059+0900][8.707s][info][gc,phases   ] GC(182)   Evacuate Collection Set: 0.18ms
[2026-03-23T17:28:09.059+0900][8.707s][info][gc,phases   ] GC(182)   Post Evacuate Collection Set: 0.12ms
[2026-03-23T17:28:09.059+0900][8.707s][info][gc,phases   ] GC(182)   Other: 0.05ms
[2026-03-23T17:28:09.059+0900][8.707s][info][gc,heap     ] GC(182) Eden regions: 1->0(306)
[2026-03-23T17:28:09.059+0900][8.707s][info][gc,heap     ] GC(182) Survivor regions: 1->1(39)
[2026-03-23T17:28:09.059+0900][8.707s][info][gc,heap     ] GC(182) Old regions: 4->4
[2026-03-23T17:28:09.059+0900][8.707s][info][gc,heap     ] GC(182) Humongous regions: 226->124
[2026-03-23T17:28:09.059+0900][8.707s][info][gc,metaspace] GC(182) Metaspace: 237K(448K)->237K(448K) NonClass: 222K(320K)->222K(320K) Class: 14K(128K)->14K(128K)
[2026-03-23T17:28:09.059+0900][8.707s][info][gc          ] GC(182) Pause Young (Concurrent Start) (G1 Humongous Allocation) 228M->126M(512M) 0.820ms
[2026-03-23T17:28:09.059+0900][8.707s][info][gc,cpu      ] GC(182) User=0.00s Sys=0.00s Real=0.00s
[2026-03-23T17:28:09.059+0900][8.707s][info][gc          ] GC(183) Concurrent Undo Cycle
[2026-03-23T17:28:09.059+0900][8.707s][info][gc,marking  ] GC(183) Concurrent Clear Claimed Marks
[2026-03-23T17:28:09.059+0900][8.707s][info][gc,marking  ] GC(183) Concurrent Clear Claimed Marks 0.012ms
[2026-03-23T17:28:09.059+0900][8.707s][info][gc,marking  ] GC(183) Concurrent Cleanup for Next Mark
[2026-03-23T17:28:09.059+0900][8.707s][info][gc,marking  ] GC(183) Concurrent Cleanup for Next Mark 0.053ms
[2026-03-23T17:28:09.059+0900][8.707s][info][gc          ] GC(183) Concurrent Undo Cycle 0.142ms
[2026-03-23T17:28:09.248+0900][8.896s][info][gc,start    ] GC(184) Pause Young (Concurrent Start) (G1 Humongous Allocation)
[2026-03-23T17:28:09.248+0900][8.896s][info][gc,task     ] GC(184) Using 11 workers of 11 for evacuation
[2026-03-23T17:28:09.248+0900][8.896s][info][gc,phases   ] GC(184)   Pre Evacuate Collection Set: 0.17ms
[2026-03-23T17:28:09.248+0900][8.896s][info][gc,phases   ] GC(184)   Merge Heap Roots: 0.04ms
[2026-03-23T17:28:09.248+0900][8.896s][info][gc,phases   ] GC(184)   Evacuate Collection Set: 0.14ms
[2026-03-23T17:28:09.248+0900][8.896s][info][gc,phases   ] GC(184)   Post Evacuate Collection Set: 0.13ms
[2026-03-23T17:28:09.248+0900][8.896s][info][gc,phases   ] GC(184)   Other: 0.06ms
[2026-03-23T17:28:09.248+0900][8.896s][info][gc,heap     ] GC(184) Eden regions: 1->0(306)
[2026-03-23T17:28:09.248+0900][8.896s][info][gc,heap     ] GC(184) Survivor regions: 1->1(39)
[2026-03-23T17:28:09.248+0900][8.896s][info][gc,heap     ] GC(184) Old regions: 4->4
[2026-03-23T17:28:09.248+0900][8.896s][info][gc,heap     ] GC(184) Humongous regions: 226->136
[2026-03-23T17:28:09.248+0900][8.896s][info][gc,metaspace] GC(184) Metaspace: 237K(448K)->237K(448K) NonClass: 222K(320K)->222K(320K) Class: 14K(128K)->14K(128K)
[2026-03-23T17:28:09.248+0900][8.896s][info][gc          ] GC(184) Pause Young (Concurrent Start) (G1 Humongous Allocation) 228M->138M(512M) 0.745ms
[2026-03-23T17:28:09.248+0900][8.896s][info][gc,cpu      ] GC(184) User=0.00s Sys=0.00s Real=0.00s
[2026-03-23T17:28:09.248+0900][8.896s][info][gc          ] GC(185) Concurrent Undo Cycle
[2026-03-23T17:28:09.248+0900][8.896s][info][gc,marking  ] GC(185) Concurrent Clear Claimed Marks
[2026-03-23T17:28:09.249+0900][8.896s][info][gc,marking  ] GC(185) Concurrent Clear Claimed Marks 0.013ms
[2026-03-23T17:28:09.249+0900][8.897s][info][gc,marking  ] GC(185) Concurrent Cleanup for Next Mark
[2026-03-23T17:28:09.249+0900][8.897s][info][gc,marking  ] GC(185) Concurrent Cleanup for Next Mark 0.043ms
[2026-03-23T17:28:09.249+0900][8.897s][info][gc          ] GC(185) Concurrent Undo Cycle 0.121ms
[2026-03-23T17:28:09.417+0900][9.065s][info][gc,start    ] GC(186) Pause Young (Concurrent Start) (G1 Humongous Allocation)
[2026-03-23T17:28:09.417+0900][9.065s][info][gc,task     ] GC(186) Using 11 workers of 11 for evacuation
[2026-03-23T17:28:09.417+0900][9.065s][info][gc,phases   ] GC(186)   Pre Evacuate Collection Set: 0.17ms
[2026-03-23T17:28:09.417+0900][9.065s][info][gc,phases   ] GC(186)   Merge Heap Roots: 0.03ms
[2026-03-23T17:28:09.418+0900][9.065s][info][gc,phases   ] GC(186)   Evacuate Collection Set: 0.14ms
[2026-03-23T17:28:09.418+0900][9.066s][info][gc,phases   ] GC(186)   Post Evacuate Collection Set: 0.11ms
[2026-03-23T17:28:09.418+0900][9.066s][info][gc,phases   ] GC(186)   Other: 0.04ms
[2026-03-23T17:28:09.418+0900][9.066s][info][gc,heap     ] GC(186) Eden regions: 1->0(306)
[2026-03-23T17:28:09.418+0900][9.066s][info][gc,heap     ] GC(186) Survivor regions: 1->1(39)
[2026-03-23T17:28:09.418+0900][9.066s][info][gc,heap     ] GC(186) Old regions: 4->4
[2026-03-23T17:28:09.418+0900][9.066s][info][gc,heap     ] GC(186) Humongous regions: 226->145
[2026-03-23T17:28:09.418+0900][9.066s][info][gc,metaspace] GC(186) Metaspace: 237K(448K)->237K(448K) NonClass: 222K(320K)->222K(320K) Class: 14K(128K)->14K(128K)
[2026-03-23T17:28:09.418+0900][9.066s][info][gc          ] GC(186) Pause Young (Concurrent Start) (G1 Humongous Allocation) 228M->147M(512M) 0.651ms
[2026-03-23T17:28:09.418+0900][9.066s][info][gc,cpu      ] GC(186) User=0.00s Sys=0.00s Real=0.00s
[2026-03-23T17:28:09.418+0900][9.066s][info][gc          ] GC(187) Concurrent Undo Cycle
[2026-03-23T17:28:09.418+0900][9.066s][info][gc,marking  ] GC(187) Concurrent Clear Claimed Marks
[2026-03-23T17:28:09.418+0900][9.066s][info][gc,marking  ] GC(187) Concurrent Clear Claimed Marks 0.007ms
[2026-03-23T17:28:09.418+0900][9.066s][info][gc,marking  ] GC(187) Concurrent Cleanup for Next Mark
[2026-03-23T17:28:09.418+0900][9.066s][info][gc,marking  ] GC(187) Concurrent Cleanup for Next Mark 0.048ms
[2026-03-23T17:28:09.418+0900][9.066s][info][gc          ] GC(187) Concurrent Undo Cycle 0.115ms
[2026-03-23T17:28:09.567+0900][9.215s][info][gc,start    ] GC(188) Pause Young (Concurrent Start) (G1 Humongous Allocation)
[2026-03-23T17:28:09.567+0900][9.215s][info][gc,task     ] GC(188) Using 11 workers of 11 for evacuation
[2026-03-23T17:28:09.568+0900][9.215s][info][gc,phases   ] GC(188)   Pre Evacuate Collection Set: 0.14ms
[2026-03-23T17:28:09.568+0900][9.216s][info][gc,phases   ] GC(188)   Merge Heap Roots: 0.03ms
[2026-03-23T17:28:09.568+0900][9.216s][info][gc,phases   ] GC(188)   Evacuate Collection Set: 0.20ms
[2026-03-23T17:28:09.568+0900][9.216s][info][gc,phases   ] GC(188)   Post Evacuate Collection Set: 0.10ms
[2026-03-23T17:28:09.568+0900][9.216s][info][gc,phases   ] GC(188)   Other: 0.04ms
[2026-03-23T17:28:09.568+0900][9.216s][info][gc,heap     ] GC(188) Eden regions: 1->0(306)
[2026-03-23T17:28:09.568+0900][9.216s][info][gc,heap     ] GC(188) Survivor regions: 1->1(39)
[2026-03-23T17:28:09.568+0900][9.216s][info][gc,heap     ] GC(188) Old regions: 4->4
[2026-03-23T17:28:09.568+0900][9.216s][info][gc,heap     ] GC(188) Humongous regions: 226->154
[2026-03-23T17:28:09.568+0900][9.216s][info][gc,metaspace] GC(188) Metaspace: 237K(448K)->237K(448K) NonClass: 222K(320K)->222K(320K) Class: 14K(128K)->14K(128K)
[2026-03-23T17:28:09.568+0900][9.216s][info][gc          ] GC(188) Pause Young (Concurrent Start) (G1 Humongous Allocation) 228M->156M(512M) 0.653ms
[2026-03-23T17:28:09.568+0900][9.216s][info][gc,cpu      ] GC(188) User=0.00s Sys=0.00s Real=0.00s
[2026-03-23T17:28:09.568+0900][9.216s][info][gc          ] GC(189) Concurrent Undo Cycle
[2026-03-23T17:28:09.568+0900][9.216s][info][gc,marking  ] GC(189) Concurrent Clear Claimed Marks
[2026-03-23T17:28:09.568+0900][9.216s][info][gc,marking  ] GC(189) Concurrent Clear Claimed Marks 0.007ms
[2026-03-23T17:28:09.568+0900][9.216s][info][gc,marking  ] GC(189) Concurrent Cleanup for Next Mark
[2026-03-23T17:28:09.568+0900][9.216s][info][gc,marking  ] GC(189) Concurrent Cleanup for Next Mark 0.048ms
[2026-03-23T17:28:09.568+0900][9.216s][info][gc          ] GC(189) Concurrent Undo Cycle 0.096ms
[2026-03-23T17:28:09.700+0900][9.348s][info][gc,start    ] GC(190) Pause Young (Concurrent Start) (G1 Humongous Allocation)
[2026-03-23T17:28:09.700+0900][9.348s][info][gc,task     ] GC(190) Using 11 workers of 11 for evacuation
[2026-03-23T17:28:09.701+0900][9.349s][info][gc,phases   ] GC(190)   Pre Evacuate Collection Set: 0.14ms
[2026-03-23T17:28:09.701+0900][9.349s][info][gc,phases   ] GC(190)   Merge Heap Roots: 0.04ms
[2026-03-23T17:28:09.701+0900][9.349s][info][gc,phases   ] GC(190)   Evacuate Collection Set: 0.17ms
[2026-03-23T17:28:09.701+0900][9.349s][info][gc,phases   ] GC(190)   Post Evacuate Collection Set: 0.09ms
[2026-03-23T17:28:09.701+0900][9.349s][info][gc,phases   ] GC(190)   Other: 0.04ms
[2026-03-23T17:28:09.701+0900][9.349s][info][gc,heap     ] GC(190) Eden regions: 1->0(306)
[2026-03-23T17:28:09.701+0900][9.349s][info][gc,heap     ] GC(190) Survivor regions: 1->1(39)
[2026-03-23T17:28:09.701+0900][9.349s][info][gc,heap     ] GC(190) Old regions: 4->5
[2026-03-23T17:28:09.701+0900][9.349s][info][gc,heap     ] GC(190) Humongous regions: 226->163
[2026-03-23T17:28:09.701+0900][9.349s][info][gc,metaspace] GC(190) Metaspace: 237K(448K)->237K(448K) NonClass: 222K(320K)->222K(320K) Class: 14K(128K)->14K(128K)
[2026-03-23T17:28:09.701+0900][9.349s][info][gc          ] GC(190) Pause Young (Concurrent Start) (G1 Humongous Allocation) 228M->165M(512M) 0.613ms
[2026-03-23T17:28:09.701+0900][9.349s][info][gc,cpu      ] GC(190) User=0.00s Sys=0.00s Real=0.00s
[2026-03-23T17:28:09.701+0900][9.349s][info][gc          ] GC(191) Concurrent Undo Cycle
[2026-03-23T17:28:09.701+0900][9.349s][info][gc,marking  ] GC(191) Concurrent Clear Claimed Marks
[2026-03-23T17:28:09.701+0900][9.349s][info][gc,marking  ] GC(191) Concurrent Clear Claimed Marks 0.008ms
[2026-03-23T17:28:09.701+0900][9.349s][info][gc,marking  ] GC(191) Concurrent Cleanup for Next Mark
[2026-03-23T17:28:09.701+0900][9.349s][info][gc,marking  ] GC(191) Concurrent Cleanup for Next Mark 0.029ms
[2026-03-23T17:28:09.701+0900][9.349s][info][gc          ] GC(191) Concurrent Undo Cycle 0.095ms
[2026-03-23T17:28:09.818+0900][9.466s][info][gc,start    ] GC(192) Pause Young (Concurrent Start) (G1 Humongous Allocation)
[2026-03-23T17:28:09.818+0900][9.466s][info][gc,task     ] GC(192) Using 11 workers of 11 for evacuation
[2026-03-23T17:28:09.819+0900][9.467s][info][gc,phases   ] GC(192)   Pre Evacuate Collection Set: 0.19ms
[2026-03-23T17:28:09.819+0900][9.467s][info][gc,phases   ] GC(192)   Merge Heap Roots: 0.03ms
[2026-03-23T17:28:09.819+0900][9.467s][info][gc,phases   ] GC(192)   Evacuate Collection Set: 0.19ms
[2026-03-23T17:28:09.819+0900][9.467s][info][gc,phases   ] GC(192)   Post Evacuate Collection Set: 0.11ms
[2026-03-23T17:28:09.819+0900][9.467s][info][gc,phases   ] GC(192)   Other: 0.05ms
[2026-03-23T17:28:09.819+0900][9.467s][info][gc,heap     ] GC(192) Eden regions: 1->0(306)
[2026-03-23T17:28:09.819+0900][9.467s][info][gc,heap     ] GC(192) Survivor regions: 1->1(39)
[2026-03-23T17:28:09.819+0900][9.467s][info][gc,heap     ] GC(192) Old regions: 5->5
[2026-03-23T17:28:09.819+0900][9.467s][info][gc,heap     ] GC(192) Humongous regions: 225->168
[2026-03-23T17:28:09.819+0900][9.467s][info][gc,metaspace] GC(192) Metaspace: 237K(448K)->237K(448K) NonClass: 222K(320K)->222K(320K) Class: 14K(128K)->14K(128K)
[2026-03-23T17:28:09.819+0900][9.467s][info][gc          ] GC(192) Pause Young (Concurrent Start) (G1 Humongous Allocation) 227M->170M(512M) 0.734ms
[2026-03-23T17:28:09.819+0900][9.467s][info][gc,cpu      ] GC(192) User=0.00s Sys=0.00s Real=0.00s
[2026-03-23T17:28:09.819+0900][9.467s][info][gc          ] GC(193) Concurrent Undo Cycle
[2026-03-23T17:28:09.819+0900][9.467s][info][gc,marking  ] GC(193) Concurrent Clear Claimed Marks
[2026-03-23T17:28:09.819+0900][9.467s][info][gc,marking  ] GC(193) Concurrent Clear Claimed Marks 0.009ms
[2026-03-23T17:28:09.819+0900][9.467s][info][gc,marking  ] GC(193) Concurrent Cleanup for Next Mark
[2026-03-23T17:28:09.819+0900][9.467s][info][gc,marking  ] GC(193) Concurrent Cleanup for Next Mark 0.026ms
[2026-03-23T17:28:09.819+0900][9.467s][info][gc          ] GC(193) Concurrent Undo Cycle 0.099ms
[2026-03-23T17:28:09.924+0900][9.572s][info][gc,start    ] GC(194) Pause Young (Concurrent Start) (G1 Humongous Allocation)
[2026-03-23T17:28:09.924+0900][9.572s][info][gc,task     ] GC(194) Using 11 workers of 11 for evacuation
[2026-03-23T17:28:09.925+0900][9.573s][info][gc,phases   ] GC(194)   Pre Evacuate Collection Set: 0.19ms
[2026-03-23T17:28:09.925+0900][9.573s][info][gc,phases   ] GC(194)   Merge Heap Roots: 0.04ms
[2026-03-23T17:28:09.925+0900][9.573s][info][gc,phases   ] GC(194)   Evacuate Collection Set: 0.19ms
[2026-03-23T17:28:09.925+0900][9.573s][info][gc,phases   ] GC(194)   Post Evacuate Collection Set: 0.13ms
[2026-03-23T17:28:09.925+0900][9.573s][info][gc,phases   ] GC(194)   Other: 0.05ms
[2026-03-23T17:28:09.925+0900][9.573s][info][gc,heap     ] GC(194) Eden regions: 1->0(305)
[2026-03-23T17:28:09.925+0900][9.573s][info][gc,heap     ] GC(194) Survivor regions: 1->1(39)
[2026-03-23T17:28:09.925+0900][9.573s][info][gc,heap     ] GC(194) Old regions: 5->5
[2026-03-23T17:28:09.925+0900][9.573s][info][gc,heap     ] GC(194) Humongous regions: 225->174
[2026-03-23T17:28:09.925+0900][9.573s][info][gc,metaspace] GC(194) Metaspace: 237K(448K)->237K(448K) NonClass: 222K(320K)->222K(320K) Class: 14K(128K)->14K(128K)
[2026-03-23T17:28:09.925+0900][9.573s][info][gc          ] GC(194) Pause Young (Concurrent Start) (G1 Humongous Allocation) 227M->176M(512M) 0.755ms
[2026-03-23T17:28:09.925+0900][9.573s][info][gc,cpu      ] GC(194) User=0.00s Sys=0.00s Real=0.00s
[2026-03-23T17:28:09.925+0900][9.573s][info][gc          ] GC(195) Concurrent Undo Cycle
[2026-03-23T17:28:09.925+0900][9.573s][info][gc,marking  ] GC(195) Concurrent Clear Claimed Marks
[2026-03-23T17:28:09.925+0900][9.573s][info][gc,marking  ] GC(195) Concurrent Clear Claimed Marks 0.009ms
[2026-03-23T17:28:09.925+0900][9.573s][info][gc,marking  ] GC(195) Concurrent Cleanup for Next Mark
[2026-03-23T17:28:09.925+0900][9.573s][info][gc,marking  ] GC(195) Concurrent Cleanup for Next Mark 0.046ms
[2026-03-23T17:28:09.925+0900][9.573s][info][gc          ] GC(195) Concurrent Undo Cycle 0.120ms
[2026-03-23T17:28:10.016+0900][9.664s][info][gc,start    ] GC(196) Pause Young (Concurrent Start) (G1 Humongous Allocation)
[2026-03-23T17:28:10.016+0900][9.664s][info][gc,task     ] GC(196) Using 11 workers of 11 for evacuation
[2026-03-23T17:28:10.017+0900][9.665s][info][gc,phases   ] GC(196)   Pre Evacuate Collection Set: 0.20ms
[2026-03-23T17:28:10.017+0900][9.665s][info][gc,phases   ] GC(196)   Merge Heap Roots: 0.06ms
[2026-03-23T17:28:10.017+0900][9.665s][info][gc,phases   ] GC(196)   Evacuate Collection Set: 0.19ms
[2026-03-23T17:28:10.017+0900][9.665s][info][gc,phases   ] GC(196)   Post Evacuate Collection Set: 0.14ms
[2026-03-23T17:28:10.017+0900][9.665s][info][gc,phases   ] GC(196)   Other: 0.07ms
[2026-03-23T17:28:10.017+0900][9.665s][info][gc,heap     ] GC(196) Eden regions: 1->0(299)
[2026-03-23T17:28:10.017+0900][9.665s][info][gc,heap     ] GC(196) Survivor regions: 1->1(39)
[2026-03-23T17:28:10.017+0900][9.665s][info][gc,heap     ] GC(196) Old regions: 5->5
[2026-03-23T17:28:10.017+0900][9.665s][info][gc,heap     ] GC(196) Humongous regions: 225->180
[2026-03-23T17:28:10.017+0900][9.665s][info][gc,metaspace] GC(196) Metaspace: 237K(448K)->237K(448K) NonClass: 222K(320K)->222K(320K) Class: 14K(128K)->14K(128K)
[2026-03-23T17:28:10.017+0900][9.665s][info][gc          ] GC(196) Pause Young (Concurrent Start) (G1 Humongous Allocation) 227M->182M(512M) 0.844ms
[2026-03-23T17:28:10.017+0900][9.665s][info][gc,cpu      ] GC(196) User=0.00s Sys=0.00s Real=0.00s
[2026-03-23T17:28:10.017+0900][9.665s][info][gc          ] GC(197) Concurrent Undo Cycle
[2026-03-23T17:28:10.017+0900][9.665s][info][gc,marking  ] GC(197) Concurrent Clear Claimed Marks
[2026-03-23T17:28:10.017+0900][9.665s][info][gc,marking  ] GC(197) Concurrent Clear Claimed Marks 0.009ms
[2026-03-23T17:28:10.017+0900][9.665s][info][gc,marking  ] GC(197) Concurrent Cleanup for Next Mark
[2026-03-23T17:28:10.017+0900][9.665s][info][gc,marking  ] GC(197) Concurrent Cleanup for Next Mark 0.040ms
[2026-03-23T17:28:10.017+0900][9.665s][info][gc          ] GC(197) Concurrent Undo Cycle 0.118ms
[2026-03-23T17:28:10.097+0900][9.745s][info][gc,start    ] GC(198) Pause Young (Concurrent Start) (G1 Humongous Allocation)
[2026-03-23T17:28:10.098+0900][9.745s][info][gc,task     ] GC(198) Using 11 workers of 11 for evacuation
[2026-03-23T17:28:10.098+0900][9.746s][info][gc,phases   ] GC(198)   Pre Evacuate Collection Set: 0.19ms
[2026-03-23T17:28:10.098+0900][9.746s][info][gc,phases   ] GC(198)   Merge Heap Roots: 0.03ms
[2026-03-23T17:28:10.098+0900][9.746s][info][gc,phases   ] GC(198)   Evacuate Collection Set: 0.13ms
[2026-03-23T17:28:10.098+0900][9.746s][info][gc,phases   ] GC(198)   Post Evacuate Collection Set: 0.10ms
[2026-03-23T17:28:10.098+0900][9.746s][info][gc,phases   ] GC(198)   Other: 0.05ms
[2026-03-23T17:28:10.098+0900][9.746s][info][gc,heap     ] GC(198) Eden regions: 1->0(293)
[2026-03-23T17:28:10.098+0900][9.746s][info][gc,heap     ] GC(198) Survivor regions: 1->1(38)
[2026-03-23T17:28:10.098+0900][9.746s][info][gc,heap     ] GC(198) Old regions: 5->5
[2026-03-23T17:28:10.098+0900][9.746s][info][gc,heap     ] GC(198) Humongous regions: 225->186
[2026-03-23T17:28:10.098+0900][9.746s][info][gc,metaspace] GC(198) Metaspace: 237K(448K)->237K(448K) NonClass: 222K(320K)->222K(320K) Class: 14K(128K)->14K(128K)
[2026-03-23T17:28:10.098+0900][9.746s][info][gc          ] GC(198) Pause Young (Concurrent Start) (G1 Humongous Allocation) 227M->188M(512M) 0.667ms
[2026-03-23T17:28:10.098+0900][9.746s][info][gc,cpu      ] GC(198) User=0.01s Sys=0.00s Real=0.00s
[2026-03-23T17:28:10.098+0900][9.746s][info][gc          ] GC(199) Concurrent Undo Cycle
[2026-03-23T17:28:10.098+0900][9.746s][info][gc,marking  ] GC(199) Concurrent Clear Claimed Marks
[2026-03-23T17:28:10.098+0900][9.746s][info][gc,marking  ] GC(199) Concurrent Clear Claimed Marks 0.007ms
[2026-03-23T17:28:10.098+0900][9.746s][info][gc,marking  ] GC(199) Concurrent Cleanup for Next Mark
[2026-03-23T17:28:10.098+0900][9.746s][info][gc,marking  ] GC(199) Concurrent Cleanup for Next Mark 0.026ms
[2026-03-23T17:28:10.098+0900][9.746s][info][gc          ] GC(199) Concurrent Undo Cycle 0.085ms
[2026-03-23T17:28:10.174+0900][9.822s][info][gc,start    ] GC(200) Pause Young (Concurrent Start) (G1 Humongous Allocation)
[2026-03-23T17:28:10.174+0900][9.822s][info][gc,task     ] GC(200) Using 11 workers of 11 for evacuation
[2026-03-23T17:28:10.174+0900][9.822s][info][gc,phases   ] GC(200)   Pre Evacuate Collection Set: 0.13ms
[2026-03-23T17:28:10.174+0900][9.822s][info][gc,phases   ] GC(200)   Merge Heap Roots: 0.04ms
[2026-03-23T17:28:10.174+0900][9.822s][info][gc,phases   ] GC(200)   Evacuate Collection Set: 0.16ms
[2026-03-23T17:28:10.174+0900][9.822s][info][gc,phases   ] GC(200)   Post Evacuate Collection Set: 0.10ms
[2026-03-23T17:28:10.174+0900][9.822s][info][gc,phases   ] GC(200)   Other: 0.04ms
[2026-03-23T17:28:10.174+0900][9.822s][info][gc,heap     ] GC(200) Eden regions: 1->0(290)
[2026-03-23T17:28:10.174+0900][9.822s][info][gc,heap     ] GC(200) Survivor regions: 1->1(37)
[2026-03-23T17:28:10.174+0900][9.822s][info][gc,heap     ] GC(200) Old regions: 5->5
[2026-03-23T17:28:10.174+0900][9.822s][info][gc,heap     ] GC(200) Humongous regions: 225->189
[2026-03-23T17:28:10.174+0900][9.822s][info][gc,metaspace] GC(200) Metaspace: 237K(448K)->237K(448K) NonClass: 222K(320K)->222K(320K) Class: 14K(128K)->14K(128K)
[2026-03-23T17:28:10.174+0900][9.822s][info][gc          ] GC(200) Pause Young (Concurrent Start) (G1 Humongous Allocation) 227M->191M(512M) 0.650ms
[2026-03-23T17:28:10.174+0900][9.822s][info][gc,cpu      ] GC(200) User=0.00s Sys=0.00s Real=0.00s
[2026-03-23T17:28:10.174+0900][9.822s][info][gc          ] GC(201) Concurrent Undo Cycle
[2026-03-23T17:28:10.175+0900][9.822s][info][gc,marking  ] GC(201) Concurrent Clear Claimed Marks
[2026-03-23T17:28:10.175+0900][9.823s][info][gc,marking  ] GC(201) Concurrent Clear Claimed Marks 0.007ms
[2026-03-23T17:28:10.175+0900][9.823s][info][gc,marking  ] GC(201) Concurrent Cleanup for Next Mark
[2026-03-23T17:28:10.175+0900][9.823s][info][gc,marking  ] GC(201) Concurrent Cleanup for Next Mark 0.024ms
[2026-03-23T17:28:10.175+0900][9.823s][info][gc          ] GC(201) Concurrent Undo Cycle 0.082ms
[2026-03-23T17:28:10.245+0900][9.893s][info][gc,start    ] GC(202) Pause Young (Concurrent Start) (G1 Humongous Allocation)
[2026-03-23T17:28:10.245+0900][9.893s][info][gc,task     ] GC(202) Using 11 workers of 11 for evacuation
[2026-03-23T17:28:10.246+0900][9.894s][info][gc,phases   ] GC(202)   Pre Evacuate Collection Set: 0.45ms
[2026-03-23T17:28:10.246+0900][9.894s][info][gc,phases   ] GC(202)   Merge Heap Roots: 0.08ms
[2026-03-23T17:28:10.246+0900][9.894s][info][gc,phases   ] GC(202)   Evacuate Collection Set: 0.35ms
[2026-03-23T17:28:10.246+0900][9.894s][info][gc,phases   ] GC(202)   Post Evacuate Collection Set: 0.19ms
[2026-03-23T17:28:10.246+0900][9.894s][info][gc,phases   ] GC(202)   Other: 0.25ms
[2026-03-23T17:28:10.246+0900][9.894s][info][gc,heap     ] GC(202) Eden regions: 1->0(287)
[2026-03-23T17:28:10.246+0900][9.894s][info][gc,heap     ] GC(202) Survivor regions: 1->1(37)
[2026-03-23T17:28:10.247+0900][9.894s][info][gc,heap     ] GC(202) Old regions: 5->5
[2026-03-23T17:28:10.247+0900][9.895s][info][gc,heap     ] GC(202) Humongous regions: 225->192
[2026-03-23T17:28:10.247+0900][9.895s][info][gc,metaspace] GC(202) Metaspace: 237K(448K)->237K(448K) NonClass: 222K(320K)->222K(320K) Class: 14K(128K)->14K(128K)
[2026-03-23T17:28:10.247+0900][9.895s][info][gc          ] GC(202) Pause Young (Concurrent Start) (G1 Humongous Allocation) 227M->194M(512M) 1.860ms
[2026-03-23T17:28:10.247+0900][9.895s][info][gc,cpu      ] GC(202) User=0.00s Sys=0.00s Real=0.00s
[2026-03-23T17:28:10.247+0900][9.895s][info][gc          ] GC(203) Concurrent Undo Cycle
[2026-03-23T17:28:10.247+0900][9.895s][info][gc,marking  ] GC(203) Concurrent Clear Claimed Marks
[2026-03-23T17:28:10.247+0900][9.895s][info][gc,marking  ] GC(203) Concurrent Clear Claimed Marks 0.037ms
[2026-03-23T17:28:10.247+0900][9.895s][info][gc,marking  ] GC(203) Concurrent Cleanup for Next Mark
[2026-03-23T17:28:10.247+0900][9.895s][info][gc,marking  ] GC(203) Concurrent Cleanup for Next Mark 0.047ms
[2026-03-23T17:28:10.247+0900][9.895s][info][gc          ] GC(203) Concurrent Undo Cycle 0.288ms
[2026-03-23T17:28:10.304+0900][9.952s][info][gc,start    ] GC(204) Pause Young (Concurrent Start) (G1 Humongous Allocation)
[2026-03-23T17:28:10.304+0900][9.952s][info][gc,task     ] GC(204) Using 11 workers of 11 for evacuation
[2026-03-23T17:28:10.305+0900][9.953s][info][gc,phases   ] GC(204)   Pre Evacuate Collection Set: 0.16ms
[2026-03-23T17:28:10.305+0900][9.953s][info][gc,phases   ] GC(204)   Merge Heap Roots: 0.04ms
[2026-03-23T17:28:10.305+0900][9.953s][info][gc,phases   ] GC(204)   Evacuate Collection Set: 0.11ms
[2026-03-23T17:28:10.305+0900][9.953s][info][gc,phases   ] GC(204)   Post Evacuate Collection Set: 0.08ms
[2026-03-23T17:28:10.305+0900][9.953s][info][gc,phases   ] GC(204)   Other: 0.04ms
[2026-03-23T17:28:10.305+0900][9.953s][info][gc,heap     ] GC(204) Eden regions: 1->0(281)
[2026-03-23T17:28:10.305+0900][9.953s][info][gc,heap     ] GC(204) Survivor regions: 1->1(36)
[2026-03-23T17:28:10.305+0900][9.953s][info][gc,heap     ] GC(204) Old regions: 5->5
[2026-03-23T17:28:10.305+0900][9.953s][info][gc,heap     ] GC(204) Humongous regions: 225->198
[2026-03-23T17:28:10.305+0900][9.953s][info][gc,metaspace] GC(204) Metaspace: 237K(448K)->237K(448K) NonClass: 222K(320K)->222K(320K) Class: 14K(128K)->14K(128K)
[2026-03-23T17:28:10.305+0900][9.953s][info][gc          ] GC(204) Pause Young (Concurrent Start) (G1 Humongous Allocation) 227M->200M(512M) 0.557ms
[2026-03-23T17:28:10.305+0900][9.953s][info][gc,cpu      ] GC(204) User=0.00s Sys=0.00s Real=0.00s
[2026-03-23T17:28:10.305+0900][9.953s][info][gc          ] GC(205) Concurrent Undo Cycle
[2026-03-23T17:28:10.305+0900][9.953s][info][gc,marking  ] GC(205) Concurrent Clear Claimed Marks
[2026-03-23T17:28:10.305+0900][9.953s][info][gc,marking  ] GC(205) Concurrent Clear Claimed Marks 0.005ms
[2026-03-23T17:28:10.305+0900][9.953s][info][gc,marking  ] GC(205) Concurrent Cleanup for Next Mark
[2026-03-23T17:28:10.305+0900][9.953s][info][gc,marking  ] GC(205) Concurrent Cleanup for Next Mark 0.026ms
[2026-03-23T17:28:10.305+0900][9.953s][info][gc          ] GC(205) Concurrent Undo Cycle 0.065ms
[2026-03-23T17:28:10.354+0900][10.002s][info][gc,start    ] GC(206) Pause Young (Concurrent Start) (G1 Humongous Allocation)
[2026-03-23T17:28:10.354+0900][10.002s][info][gc,task     ] GC(206) Using 11 workers of 11 for evacuation
[2026-03-23T17:28:10.355+0900][10.002s][info][gc,phases   ] GC(206)   Pre Evacuate Collection Set: 0.15ms
[2026-03-23T17:28:10.355+0900][10.003s][info][gc,phases   ] GC(206)   Merge Heap Roots: 0.05ms
[2026-03-23T17:28:10.355+0900][10.003s][info][gc,phases   ] GC(206)   Evacuate Collection Set: 0.13ms
[2026-03-23T17:28:10.355+0900][10.003s][info][gc,phases   ] GC(206)   Post Evacuate Collection Set: 0.12ms
[2026-03-23T17:28:10.355+0900][10.003s][info][gc,phases   ] GC(206)   Other: 0.04ms
[2026-03-23T17:28:10.355+0900][10.003s][info][gc,heap     ] GC(206) Eden regions: 1->0(278)
[2026-03-23T17:28:10.355+0900][10.003s][info][gc,heap     ] GC(206) Survivor regions: 1->1(36)
[2026-03-23T17:28:10.355+0900][10.003s][info][gc,heap     ] GC(206) Old regions: 5->5
[2026-03-23T17:28:10.355+0900][10.003s][info][gc,heap     ] GC(206) Humongous regions: 225->201
[2026-03-23T17:28:10.355+0900][10.003s][info][gc,metaspace] GC(206) Metaspace: 237K(448K)->237K(448K) NonClass: 222K(320K)->222K(320K) Class: 14K(128K)->14K(128K)
[2026-03-23T17:28:10.355+0900][10.003s][info][gc          ] GC(206) Pause Young (Concurrent Start) (G1 Humongous Allocation) 227M->203M(512M) 0.659ms
[2026-03-23T17:28:10.355+0900][10.003s][info][gc,cpu      ] GC(206) User=0.01s Sys=0.00s Real=0.00s
[2026-03-23T17:28:10.355+0900][10.003s][info][gc          ] GC(207) Concurrent Undo Cycle
[2026-03-23T17:28:10.355+0900][10.003s][info][gc,marking  ] GC(207) Concurrent Clear Claimed Marks
[2026-03-23T17:28:10.355+0900][10.003s][info][gc,marking  ] GC(207) Concurrent Clear Claimed Marks 0.010ms
[2026-03-23T17:28:10.355+0900][10.003s][info][gc,marking  ] GC(207) Concurrent Cleanup for Next Mark
[2026-03-23T17:28:10.355+0900][10.003s][info][gc,marking  ] GC(207) Concurrent Cleanup for Next Mark 0.034ms
[2026-03-23T17:28:10.355+0900][10.003s][info][gc          ] GC(207) Concurrent Undo Cycle 0.102ms
[2026-03-23T17:28:10.398+0900][10.046s][info][gc,start    ] GC(208) Pause Young (Concurrent Start) (G1 Humongous Allocation)
[2026-03-23T17:28:10.398+0900][10.046s][info][gc,task     ] GC(208) Using 11 workers of 11 for evacuation
[2026-03-23T17:28:10.399+0900][10.047s][info][gc,phases   ] GC(208)   Pre Evacuate Collection Set: 0.10ms
[2026-03-23T17:28:10.399+0900][10.047s][info][gc,phases   ] GC(208)   Merge Heap Roots: 0.04ms
[2026-03-23T17:28:10.399+0900][10.047s][info][gc,phases   ] GC(208)   Evacuate Collection Set: 0.17ms
[2026-03-23T17:28:10.399+0900][10.047s][info][gc,phases   ] GC(208)   Post Evacuate Collection Set: 0.12ms
[2026-03-23T17:28:10.399+0900][10.047s][info][gc,phases   ] GC(208)   Other: 0.04ms
[2026-03-23T17:28:10.399+0900][10.047s][info][gc,heap     ] GC(208) Eden regions: 1->0(275)
[2026-03-23T17:28:10.399+0900][10.047s][info][gc,heap     ] GC(208) Survivor regions: 1->1(35)
[2026-03-23T17:28:10.399+0900][10.047s][info][gc,heap     ] GC(208) Old regions: 5->5
[2026-03-23T17:28:10.399+0900][10.047s][info][gc,heap     ] GC(208) Humongous regions: 225->204
[2026-03-23T17:28:10.399+0900][10.047s][info][gc,metaspace] GC(208) Metaspace: 237K(448K)->237K(448K) NonClass: 222K(320K)->222K(320K) Class: 14K(128K)->14K(128K)
[2026-03-23T17:28:10.399+0900][10.047s][info][gc          ] GC(208) Pause Young (Concurrent Start) (G1 Humongous Allocation) 227M->206M(512M) 0.641ms
[2026-03-23T17:28:10.399+0900][10.047s][info][gc,cpu      ] GC(208) User=0.00s Sys=0.00s Real=0.00s
[2026-03-23T17:28:10.399+0900][10.047s][info][gc          ] GC(209) Concurrent Undo Cycle
[2026-03-23T17:28:10.399+0900][10.047s][info][gc,marking  ] GC(209) Concurrent Clear Claimed Marks
[2026-03-23T17:28:10.399+0900][10.047s][info][gc,marking  ] GC(209) Concurrent Clear Claimed Marks 0.008ms
[2026-03-23T17:28:10.399+0900][10.047s][info][gc,marking  ] GC(209) Concurrent Cleanup for Next Mark
[2026-03-23T17:28:10.399+0900][10.047s][info][gc,marking  ] GC(209) Concurrent Cleanup for Next Mark 0.029ms
[2026-03-23T17:28:10.399+0900][10.047s][info][gc          ] GC(209) Concurrent Undo Cycle 0.092ms
[2026-03-23T17:28:10.443+0900][10.091s][info][gc,start    ] GC(210) Pause Young (Concurrent Start) (G1 Humongous Allocation)
[2026-03-23T17:28:10.443+0900][10.091s][info][gc,task     ] GC(210) Using 11 workers of 11 for evacuation
[2026-03-23T17:28:10.444+0900][10.092s][info][gc,phases   ] GC(210)   Pre Evacuate Collection Set: 0.18ms
[2026-03-23T17:28:10.444+0900][10.092s][info][gc,phases   ] GC(210)   Merge Heap Roots: 0.04ms
[2026-03-23T17:28:10.444+0900][10.092s][info][gc,phases   ] GC(210)   Evacuate Collection Set: 0.19ms
[2026-03-23T17:28:10.444+0900][10.092s][info][gc,phases   ] GC(210)   Post Evacuate Collection Set: 0.11ms
[2026-03-23T17:28:10.444+0900][10.092s][info][gc,phases   ] GC(210)   Other: 0.05ms
[2026-03-23T17:28:10.444+0900][10.092s][info][gc,heap     ] GC(210) Eden regions: 1->0(275)
[2026-03-23T17:28:10.444+0900][10.092s][info][gc,heap     ] GC(210) Survivor regions: 1->1(35)
[2026-03-23T17:28:10.444+0900][10.092s][info][gc,heap     ] GC(210) Old regions: 5->5
[2026-03-23T17:28:10.444+0900][10.092s][info][gc,heap     ] GC(210) Humongous regions: 225->204
[2026-03-23T17:28:10.444+0900][10.092s][info][gc,metaspace] GC(210) Metaspace: 237K(448K)->237K(448K) NonClass: 222K(320K)->222K(320K) Class: 14K(128K)->14K(128K)
[2026-03-23T17:28:10.444+0900][10.092s][info][gc          ] GC(210) Pause Young (Concurrent Start) (G1 Humongous Allocation) 227M->206M(512M) 0.726ms
[2026-03-23T17:28:10.444+0900][10.092s][info][gc,cpu      ] GC(210) User=0.00s Sys=0.00s Real=0.00s
[2026-03-23T17:28:10.444+0900][10.092s][info][gc          ] GC(211) Concurrent Undo Cycle
[2026-03-23T17:28:10.444+0900][10.092s][info][gc,marking  ] GC(211) Concurrent Clear Claimed Marks
[2026-03-23T17:28:10.444+0900][10.092s][info][gc,marking  ] GC(211) Concurrent Clear Claimed Marks 0.017ms
[2026-03-23T17:28:10.444+0900][10.092s][info][gc,marking  ] GC(211) Concurrent Cleanup for Next Mark
[2026-03-23T17:28:10.444+0900][10.092s][info][gc,marking  ] GC(211) Concurrent Cleanup for Next Mark 0.055ms
[2026-03-23T17:28:10.444+0900][10.092s][info][gc          ] GC(211) Concurrent Undo Cycle 0.152ms
[2026-03-23T17:28:10.481+0900][10.129s][info][gc,start    ] GC(212) Pause Young (Concurrent Start) (G1 Humongous Allocation)
[2026-03-23T17:28:10.481+0900][10.129s][info][gc,task     ] GC(212) Using 11 workers of 11 for evacuation
[2026-03-23T17:28:10.482+0900][10.130s][info][gc,phases   ] GC(212)   Pre Evacuate Collection Set: 0.18ms
[2026-03-23T17:28:10.482+0900][10.130s][info][gc,phases   ] GC(212)   Merge Heap Roots: 0.04ms
[2026-03-23T17:28:10.482+0900][10.130s][info][gc,phases   ] GC(212)   Evacuate Collection Set: 0.21ms
[2026-03-23T17:28:10.482+0900][10.130s][info][gc,phases   ] GC(212)   Post Evacuate Collection Set: 0.12ms
[2026-03-23T17:28:10.482+0900][10.130s][info][gc,phases   ] GC(212)   Other: 0.05ms
[2026-03-23T17:28:10.482+0900][10.130s][info][gc,heap     ] GC(212) Eden regions: 1->0(272)
[2026-03-23T17:28:10.482+0900][10.130s][info][gc,heap     ] GC(212) Survivor regions: 1->1(35)
[2026-03-23T17:28:10.482+0900][10.130s][info][gc,heap     ] GC(212) Old regions: 5->5
[2026-03-23T17:28:10.482+0900][10.130s][info][gc,heap     ] GC(212) Humongous regions: 225->207
[2026-03-23T17:28:10.482+0900][10.130s][info][gc,metaspace] GC(212) Metaspace: 237K(448K)->237K(448K) NonClass: 222K(320K)->222K(320K) Class: 14K(128K)->14K(128K)
[2026-03-23T17:28:10.482+0900][10.130s][info][gc          ] GC(212) Pause Young (Concurrent Start) (G1 Humongous Allocation) 227M->209M(512M) 0.785ms
[2026-03-23T17:28:10.482+0900][10.130s][info][gc,cpu      ] GC(212) User=0.00s Sys=0.01s Real=0.00s
[2026-03-23T17:28:10.482+0900][10.130s][info][gc          ] GC(213) Concurrent Undo Cycle
[2026-03-23T17:28:10.482+0900][10.130s][info][gc,marking  ] GC(213) Concurrent Clear Claimed Marks
[2026-03-23T17:28:10.482+0900][10.130s][info][gc,marking  ] GC(213) Concurrent Clear Claimed Marks 0.011ms
[2026-03-23T17:28:10.482+0900][10.130s][info][gc,marking  ] GC(213) Concurrent Cleanup for Next Mark
[2026-03-23T17:28:10.482+0900][10.130s][info][gc,marking  ] GC(213) Concurrent Cleanup for Next Mark 0.037ms
[2026-03-23T17:28:10.482+0900][10.130s][info][gc          ] GC(213) Concurrent Undo Cycle 0.109ms
[2026-03-23T17:28:10.514+0900][10.162s][info][gc,start    ] GC(214) Pause Young (Concurrent Start) (G1 Humongous Allocation)
[2026-03-23T17:28:10.514+0900][10.162s][info][gc,task     ] GC(214) Using 11 workers of 11 for evacuation
[2026-03-23T17:28:10.514+0900][10.162s][info][gc,phases   ] GC(214)   Pre Evacuate Collection Set: 0.10ms
[2026-03-23T17:28:10.514+0900][10.162s][info][gc,phases   ] GC(214)   Merge Heap Roots: 0.04ms
[2026-03-23T17:28:10.514+0900][10.162s][info][gc,phases   ] GC(214)   Evacuate Collection Set: 0.12ms
[2026-03-23T17:28:10.514+0900][10.162s][info][gc,phases   ] GC(214)   Post Evacuate Collection Set: 0.13ms
[2026-03-23T17:28:10.514+0900][10.162s][info][gc,phases   ] GC(214)   Other: 0.05ms
[2026-03-23T17:28:10.514+0900][10.162s][info][gc,heap     ] GC(214) Eden regions: 1->0(306)
[2026-03-23T17:28:10.514+0900][10.162s][info][gc,heap     ] GC(214) Survivor regions: 1->1(35)
[2026-03-23T17:28:10.514+0900][10.162s][info][gc,heap     ] GC(214) Old regions: 5->5
[2026-03-23T17:28:10.514+0900][10.162s][info][gc,heap     ] GC(214) Humongous regions: 225->123
[2026-03-23T17:28:10.514+0900][10.162s][info][gc,metaspace] GC(214) Metaspace: 237K(448K)->237K(448K) NonClass: 222K(320K)->222K(320K) Class: 14K(128K)->14K(128K)
[2026-03-23T17:28:10.514+0900][10.162s][info][gc          ] GC(214) Pause Young (Concurrent Start) (G1 Humongous Allocation) 227M->125M(512M) 0.593ms
[2026-03-23T17:28:10.514+0900][10.162s][info][gc,cpu      ] GC(214) User=0.00s Sys=0.00s Real=0.00s
[2026-03-23T17:28:10.514+0900][10.162s][info][gc          ] GC(215) Concurrent Undo Cycle
[2026-03-23T17:28:10.514+0900][10.162s][info][gc,marking  ] GC(215) Concurrent Clear Claimed Marks
[2026-03-23T17:28:10.514+0900][10.162s][info][gc,marking  ] GC(215) Concurrent Clear Claimed Marks 0.009ms
[2026-03-23T17:28:10.514+0900][10.162s][info][gc,marking  ] GC(215) Concurrent Cleanup for Next Mark
[2026-03-23T17:28:10.514+0900][10.162s][info][gc,marking  ] GC(215) Concurrent Cleanup for Next Mark 0.031ms
[2026-03-23T17:28:10.514+0900][10.162s][info][gc          ] GC(215) Concurrent Undo Cycle 0.099ms
[2026-03-23T17:28:10.702+0900][10.350s][info][gc,start    ] GC(216) Pause Young (Concurrent Start) (G1 Humongous Allocation)
[2026-03-23T17:28:10.702+0900][10.350s][info][gc,task     ] GC(216) Using 11 workers of 11 for evacuation
[2026-03-23T17:28:10.703+0900][10.351s][info][gc,phases   ] GC(216)   Pre Evacuate Collection Set: 0.12ms
[2026-03-23T17:28:10.703+0900][10.351s][info][gc,phases   ] GC(216)   Merge Heap Roots: 0.04ms
[2026-03-23T17:28:10.703+0900][10.351s][info][gc,phases   ] GC(216)   Evacuate Collection Set: 0.11ms
[2026-03-23T17:28:10.703+0900][10.351s][info][gc,phases   ] GC(216)   Post Evacuate Collection Set: 0.08ms
[2026-03-23T17:28:10.703+0900][10.351s][info][gc,phases   ] GC(216)   Other: 0.04ms
[2026-03-23T17:28:10.703+0900][10.351s][info][gc,heap     ] GC(216) Eden regions: 1->0(306)
[2026-03-23T17:28:10.703+0900][10.351s][info][gc,heap     ] GC(216) Survivor regions: 1->1(39)
[2026-03-23T17:28:10.703+0900][10.351s][info][gc,heap     ] GC(216) Old regions: 5->5
[2026-03-23T17:28:10.703+0900][10.351s][info][gc,heap     ] GC(216) Humongous regions: 225->135
[2026-03-23T17:28:10.703+0900][10.351s][info][gc,metaspace] GC(216) Metaspace: 237K(448K)->237K(448K) NonClass: 222K(320K)->222K(320K) Class: 14K(128K)->14K(128K)
[2026-03-23T17:28:10.703+0900][10.351s][info][gc          ] GC(216) Pause Young (Concurrent Start) (G1 Humongous Allocation) 227M->137M(512M) 0.502ms
[2026-03-23T17:28:10.703+0900][10.351s][info][gc,cpu      ] GC(216) User=0.00s Sys=0.00s Real=0.00s
[2026-03-23T17:28:10.703+0900][10.351s][info][gc          ] GC(217) Concurrent Undo Cycle
[2026-03-23T17:28:10.703+0900][10.351s][info][gc,marking  ] GC(217) Concurrent Clear Claimed Marks
[2026-03-23T17:28:10.703+0900][10.351s][info][gc,marking  ] GC(217) Concurrent Clear Claimed Marks 0.007ms
[2026-03-23T17:28:10.703+0900][10.351s][info][gc,marking  ] GC(217) Concurrent Cleanup for Next Mark
[2026-03-23T17:28:10.703+0900][10.351s][info][gc,marking  ] GC(217) Concurrent Cleanup for Next Mark 0.023ms
[2026-03-23T17:28:10.703+0900][10.351s][info][gc          ] GC(217) Concurrent Undo Cycle 0.073ms
[2026-03-23T17:28:10.871+0900][10.519s][info][gc,start    ] GC(218) Pause Young (Concurrent Start) (G1 Humongous Allocation)
[2026-03-23T17:28:10.871+0900][10.519s][info][gc,task     ] GC(218) Using 11 workers of 11 for evacuation
[2026-03-23T17:28:10.871+0900][10.519s][info][gc,phases   ] GC(218)   Pre Evacuate Collection Set: 0.13ms
[2026-03-23T17:28:10.871+0900][10.519s][info][gc,phases   ] GC(218)   Merge Heap Roots: 0.05ms
[2026-03-23T17:28:10.871+0900][10.519s][info][gc,phases   ] GC(218)   Evacuate Collection Set: 0.12ms
[2026-03-23T17:28:10.871+0900][10.519s][info][gc,phases   ] GC(218)   Post Evacuate Collection Set: 0.12ms
[2026-03-23T17:28:10.871+0900][10.519s][info][gc,phases   ] GC(218)   Other: 0.05ms
[2026-03-23T17:28:10.871+0900][10.519s][info][gc,heap     ] GC(218) Eden regions: 1->0(306)
[2026-03-23T17:28:10.871+0900][10.519s][info][gc,heap     ] GC(218) Survivor regions: 1->1(39)
[2026-03-23T17:28:10.871+0900][10.519s][info][gc,heap     ] GC(218) Old regions: 5->5
[2026-03-23T17:28:10.871+0900][10.519s][info][gc,heap     ] GC(218) Humongous regions: 225->144
[2026-03-23T17:28:10.871+0900][10.519s][info][gc,metaspace] GC(218) Metaspace: 237K(448K)->237K(448K) NonClass: 222K(320K)->222K(320K) Class: 14K(128K)->14K(128K)
[2026-03-23T17:28:10.871+0900][10.519s][info][gc          ] GC(218) Pause Young (Concurrent Start) (G1 Humongous Allocation) 227M->146M(512M) 0.661ms
[2026-03-23T17:28:10.871+0900][10.519s][info][gc,cpu      ] GC(218) User=0.00s Sys=0.00s Real=0.00s
[2026-03-23T17:28:10.871+0900][10.519s][info][gc          ] GC(219) Concurrent Undo Cycle
[2026-03-23T17:28:10.871+0900][10.519s][info][gc,marking  ] GC(219) Concurrent Clear Claimed Marks
[2026-03-23T17:28:10.871+0900][10.519s][info][gc,marking  ] GC(219) Concurrent Clear Claimed Marks 0.010ms
[2026-03-23T17:28:10.871+0900][10.519s][info][gc,marking  ] GC(219) Concurrent Cleanup for Next Mark
[2026-03-23T17:28:10.872+0900][10.520s][info][gc,marking  ] GC(219) Concurrent Cleanup for Next Mark 0.045ms
[2026-03-23T17:28:10.872+0900][10.520s][info][gc          ] GC(219) Concurrent Undo Cycle 0.107ms
[2026-03-23T17:28:11.022+0900][10.670s][info][gc,start    ] GC(220) Pause Young (Concurrent Start) (G1 Humongous Allocation)
[2026-03-23T17:28:11.022+0900][10.670s][info][gc,task     ] GC(220) Using 11 workers of 11 for evacuation
[2026-03-23T17:28:11.022+0900][10.670s][info][gc,phases   ] GC(220)   Pre Evacuate Collection Set: 0.18ms
[2026-03-23T17:28:11.022+0900][10.670s][info][gc,phases   ] GC(220)   Merge Heap Roots: 0.02ms
[2026-03-23T17:28:11.022+0900][10.670s][info][gc,phases   ] GC(220)   Evacuate Collection Set: 0.13ms
[2026-03-23T17:28:11.022+0900][10.670s][info][gc,phases   ] GC(220)   Post Evacuate Collection Set: 0.09ms
[2026-03-23T17:28:11.022+0900][10.670s][info][gc,phases   ] GC(220)   Other: 0.04ms
[2026-03-23T17:28:11.022+0900][10.670s][info][gc,heap     ] GC(220) Eden regions: 1->0(306)
[2026-03-23T17:28:11.022+0900][10.670s][info][gc,heap     ] GC(220) Survivor regions: 1->1(39)
[2026-03-23T17:28:11.022+0900][10.670s][info][gc,heap     ] GC(220) Old regions: 5->5
[2026-03-23T17:28:11.022+0900][10.670s][info][gc,heap     ] GC(220) Humongous regions: 225->153
[2026-03-23T17:28:11.022+0900][10.670s][info][gc,metaspace] GC(220) Metaspace: 237K(448K)->237K(448K) NonClass: 222K(320K)->222K(320K) Class: 14K(128K)->14K(128K)
[2026-03-23T17:28:11.022+0900][10.670s][info][gc          ] GC(220) Pause Young (Concurrent Start) (G1 Humongous Allocation) 227M->155M(512M) 0.596ms
[2026-03-23T17:28:11.022+0900][10.670s][info][gc,cpu      ] GC(220) User=0.00s Sys=0.00s Real=0.00s
[2026-03-23T17:28:11.022+0900][10.670s][info][gc          ] GC(221) Concurrent Undo Cycle
[2026-03-23T17:28:11.022+0900][10.670s][info][gc,marking  ] GC(221) Concurrent Clear Claimed Marks
[2026-03-23T17:28:11.022+0900][10.670s][info][gc,marking  ] GC(221) Concurrent Clear Claimed Marks 0.014ms
[2026-03-23T17:28:11.022+0900][10.670s][info][gc,marking  ] GC(221) Concurrent Cleanup for Next Mark
[2026-03-23T17:28:11.022+0900][10.670s][info][gc,marking  ] GC(221) Concurrent Cleanup for Next Mark 0.029ms
[2026-03-23T17:28:11.022+0900][10.670s][info][gc          ] GC(221) Concurrent Undo Cycle 0.094ms
[2026-03-23T17:28:11.154+0900][10.802s][info][gc,start    ] GC(222) Pause Young (Concurrent Start) (G1 Humongous Allocation)
[2026-03-23T17:28:11.154+0900][10.802s][info][gc,task     ] GC(222) Using 11 workers of 11 for evacuation
[2026-03-23T17:28:11.155+0900][10.803s][info][gc,phases   ] GC(222)   Pre Evacuate Collection Set: 0.11ms
[2026-03-23T17:28:11.155+0900][10.803s][info][gc,phases   ] GC(222)   Merge Heap Roots: 0.02ms
[2026-03-23T17:28:11.155+0900][10.803s][info][gc,phases   ] GC(222)   Evacuate Collection Set: 0.12ms
[2026-03-23T17:28:11.155+0900][10.803s][info][gc,phases   ] GC(222)   Post Evacuate Collection Set: 0.10ms
[2026-03-23T17:28:11.155+0900][10.803s][info][gc,phases   ] GC(222)   Other: 0.04ms
[2026-03-23T17:28:11.155+0900][10.803s][info][gc,heap     ] GC(222) Eden regions: 1->0(306)
[2026-03-23T17:28:11.155+0900][10.803s][info][gc,heap     ] GC(222) Survivor regions: 1->1(39)
[2026-03-23T17:28:11.155+0900][10.803s][info][gc,heap     ] GC(222) Old regions: 5->5
[2026-03-23T17:28:11.155+0900][10.803s][info][gc,heap     ] GC(222) Humongous regions: 225->162
[2026-03-23T17:28:11.155+0900][10.803s][info][gc,metaspace] GC(222) Metaspace: 237K(448K)->237K(448K) NonClass: 222K(320K)->222K(320K) Class: 14K(128K)->14K(128K)
[2026-03-23T17:28:11.155+0900][10.803s][info][gc          ] GC(222) Pause Young (Concurrent Start) (G1 Humongous Allocation) 227M->164M(512M) 0.539ms
[2026-03-23T17:28:11.155+0900][10.803s][info][gc,cpu      ] GC(222) User=0.00s Sys=0.00s Real=0.00s
[2026-03-23T17:28:11.155+0900][10.803s][info][gc          ] GC(223) Concurrent Undo Cycle
[2026-03-23T17:28:11.155+0900][10.803s][info][gc,marking  ] GC(223) Concurrent Clear Claimed Marks
[2026-03-23T17:28:11.155+0900][10.803s][info][gc,marking  ] GC(223) Concurrent Clear Claimed Marks 0.007ms
[2026-03-23T17:28:11.155+0900][10.803s][info][gc,marking  ] GC(223) Concurrent Cleanup for Next Mark
[2026-03-23T17:28:11.155+0900][10.803s][info][gc,marking  ] GC(223) Concurrent Cleanup for Next Mark 0.026ms
[2026-03-23T17:28:11.155+0900][10.803s][info][gc          ] GC(223) Concurrent Undo Cycle 0.075ms
[2026-03-23T17:28:11.274+0900][10.922s][info][gc,start    ] GC(224) Pause Young (Concurrent Start) (G1 Humongous Allocation)
[2026-03-23T17:28:11.274+0900][10.922s][info][gc,task     ] GC(224) Using 11 workers of 11 for evacuation
[2026-03-23T17:28:11.275+0900][10.923s][info][gc,phases   ] GC(224)   Pre Evacuate Collection Set: 0.16ms
[2026-03-23T17:28:11.275+0900][10.923s][info][gc,phases   ] GC(224)   Merge Heap Roots: 0.03ms
[2026-03-23T17:28:11.275+0900][10.923s][info][gc,phases   ] GC(224)   Evacuate Collection Set: 0.14ms
[2026-03-23T17:28:11.275+0900][10.923s][info][gc,phases   ] GC(224)   Post Evacuate Collection Set: 0.11ms
[2026-03-23T17:28:11.275+0900][10.923s][info][gc,phases   ] GC(224)   Other: 0.04ms
[2026-03-23T17:28:11.275+0900][10.923s][info][gc,heap     ] GC(224) Eden regions: 1->0(306)
[2026-03-23T17:28:11.275+0900][10.923s][info][gc,heap     ] GC(224) Survivor regions: 1->1(39)
[2026-03-23T17:28:11.275+0900][10.923s][info][gc,heap     ] GC(224) Old regions: 5->5
[2026-03-23T17:28:11.275+0900][10.923s][info][gc,heap     ] GC(224) Humongous regions: 225->168
[2026-03-23T17:28:11.275+0900][10.923s][info][gc,metaspace] GC(224) Metaspace: 237K(448K)->237K(448K) NonClass: 222K(320K)->222K(320K) Class: 14K(128K)->14K(128K)
[2026-03-23T17:28:11.275+0900][10.923s][info][gc          ] GC(224) Pause Young (Concurrent Start) (G1 Humongous Allocation) 227M->170M(512M) 0.628ms
[2026-03-23T17:28:11.275+0900][10.923s][info][gc,cpu      ] GC(224) User=0.00s Sys=0.00s Real=0.00s
[2026-03-23T17:28:11.275+0900][10.923s][info][gc          ] GC(225) Concurrent Undo Cycle
[2026-03-23T17:28:11.275+0900][10.923s][info][gc,marking  ] GC(225) Concurrent Clear Claimed Marks
[2026-03-23T17:28:11.275+0900][10.923s][info][gc,marking  ] GC(225) Concurrent Clear Claimed Marks 0.009ms
[2026-03-23T17:28:11.275+0900][10.923s][info][gc,marking  ] GC(225) Concurrent Cleanup for Next Mark
[2026-03-23T17:28:11.275+0900][10.923s][info][gc,marking  ] GC(225) Concurrent Cleanup for Next Mark 0.035ms
[2026-03-23T17:28:11.275+0900][10.923s][info][gc          ] GC(225) Concurrent Undo Cycle 0.092ms
[2026-03-23T17:28:11.380+0900][11.028s][info][gc,start    ] GC(226) Pause Young (Concurrent Start) (G1 Humongous Allocation)
[2026-03-23T17:28:11.380+0900][11.028s][info][gc,task     ] GC(226) Using 11 workers of 11 for evacuation
[2026-03-23T17:28:11.381+0900][11.029s][info][gc,phases   ] GC(226)   Pre Evacuate Collection Set: 0.12ms
[2026-03-23T17:28:11.381+0900][11.029s][info][gc,phases   ] GC(226)   Merge Heap Roots: 0.03ms
[2026-03-23T17:28:11.381+0900][11.029s][info][gc,phases   ] GC(226)   Evacuate Collection Set: 0.15ms
[2026-03-23T17:28:11.381+0900][11.029s][info][gc,phases   ] GC(226)   Post Evacuate Collection Set: 0.12ms
[2026-03-23T17:28:11.381+0900][11.029s][info][gc,phases   ] GC(226)   Other: 0.04ms
[2026-03-23T17:28:11.381+0900][11.029s][info][gc,heap     ] GC(226) Eden regions: 1->0(305)
[2026-03-23T17:28:11.381+0900][11.029s][info][gc,heap     ] GC(226) Survivor regions: 1->1(39)
[2026-03-23T17:28:11.381+0900][11.029s][info][gc,heap     ] GC(226) Old regions: 5->5
[2026-03-23T17:28:11.381+0900][11.029s][info][gc,heap     ] GC(226) Humongous regions: 225->174
[2026-03-23T17:28:11.381+0900][11.029s][info][gc,metaspace] GC(226) Metaspace: 237K(448K)->237K(448K) NonClass: 222K(320K)->222K(320K) Class: 14K(128K)->14K(128K)
[2026-03-23T17:28:11.381+0900][11.029s][info][gc          ] GC(226) Pause Young (Concurrent Start) (G1 Humongous Allocation) 227M->176M(512M) 0.605ms
[2026-03-23T17:28:11.381+0900][11.029s][info][gc,cpu      ] GC(226) User=0.00s Sys=0.00s Real=0.00s
[2026-03-23T17:28:11.381+0900][11.029s][info][gc          ] GC(227) Concurrent Undo Cycle
[2026-03-23T17:28:11.381+0900][11.029s][info][gc,marking  ] GC(227) Concurrent Clear Claimed Marks
[2026-03-23T17:28:11.381+0900][11.029s][info][gc,marking  ] GC(227) Concurrent Clear Claimed Marks 0.009ms
[2026-03-23T17:28:11.381+0900][11.029s][info][gc,marking  ] GC(227) Concurrent Cleanup for Next Mark
[2026-03-23T17:28:11.381+0900][11.029s][info][gc,marking  ] GC(227) Concurrent Cleanup for Next Mark 0.061ms
[2026-03-23T17:28:11.381+0900][11.029s][info][gc          ] GC(227) Concurrent Undo Cycle 0.119ms
[2026-03-23T17:28:11.473+0900][11.121s][info][gc,start    ] GC(228) Pause Young (Concurrent Start) (G1 Humongous Allocation)
[2026-03-23T17:28:11.473+0900][11.121s][info][gc,task     ] GC(228) Using 11 workers of 11 for evacuation
[2026-03-23T17:28:11.473+0900][11.121s][info][gc,phases   ] GC(228)   Pre Evacuate Collection Set: 0.15ms
[2026-03-23T17:28:11.473+0900][11.121s][info][gc,phases   ] GC(228)   Merge Heap Roots: 0.03ms
[2026-03-23T17:28:11.473+0900][11.121s][info][gc,phases   ] GC(228)   Evacuate Collection Set: 0.15ms
[2026-03-23T17:28:11.473+0900][11.121s][info][gc,phases   ] GC(228)   Post Evacuate Collection Set: 0.09ms
[2026-03-23T17:28:11.473+0900][11.121s][info][gc,phases   ] GC(228)   Other: 0.05ms
[2026-03-23T17:28:11.473+0900][11.121s][info][gc,heap     ] GC(228) Eden regions: 1->0(299)
[2026-03-23T17:28:11.473+0900][11.121s][info][gc,heap     ] GC(228) Survivor regions: 1->1(39)
[2026-03-23T17:28:11.473+0900][11.121s][info][gc,heap     ] GC(228) Old regions: 5->5
[2026-03-23T17:28:11.473+0900][11.121s][info][gc,heap     ] GC(228) Humongous regions: 225->180
[2026-03-23T17:28:11.473+0900][11.121s][info][gc,metaspace] GC(228) Metaspace: 237K(448K)->237K(448K) NonClass: 222K(320K)->222K(320K) Class: 14K(128K)->14K(128K)
[2026-03-23T17:28:11.473+0900][11.121s][info][gc          ] GC(228) Pause Young (Concurrent Start) (G1 Humongous Allocation) 227M->182M(512M) 0.651ms
[2026-03-23T17:28:11.473+0900][11.121s][info][gc,cpu      ] GC(228) User=0.00s Sys=0.00s Real=0.00s
[2026-03-23T17:28:11.473+0900][11.121s][info][gc          ] GC(229) Concurrent Undo Cycle
[2026-03-23T17:28:11.473+0900][11.121s][info][gc,marking  ] GC(229) Concurrent Clear Claimed Marks
[2026-03-23T17:28:11.473+0900][11.121s][info][gc,marking  ] GC(229) Concurrent Clear Claimed Marks 0.010ms
[2026-03-23T17:28:11.473+0900][11.121s][info][gc,marking  ] GC(229) Concurrent Cleanup for Next Mark
[2026-03-23T17:28:11.473+0900][11.121s][info][gc,marking  ] GC(229) Concurrent Cleanup for Next Mark 0.034ms
[2026-03-23T17:28:11.473+0900][11.121s][info][gc          ] GC(229) Concurrent Undo Cycle 0.108ms
[2026-03-23T17:28:11.552+0900][11.200s][info][gc,start    ] GC(230) Pause Young (Concurrent Start) (G1 Humongous Allocation)
[2026-03-23T17:28:11.552+0900][11.200s][info][gc,task     ] GC(230) Using 11 workers of 11 for evacuation
[2026-03-23T17:28:11.552+0900][11.200s][info][gc,phases   ] GC(230)   Pre Evacuate Collection Set: 0.20ms
[2026-03-23T17:28:11.552+0900][11.200s][info][gc,phases   ] GC(230)   Merge Heap Roots: 0.05ms
[2026-03-23T17:28:11.552+0900][11.200s][info][gc,phases   ] GC(230)   Evacuate Collection Set: 0.14ms
[2026-03-23T17:28:11.553+0900][11.200s][info][gc,phases   ] GC(230)   Post Evacuate Collection Set: 0.12ms
[2026-03-23T17:28:11.553+0900][11.200s][info][gc,phases   ] GC(230)   Other: 0.05ms
[2026-03-23T17:28:11.553+0900][11.201s][info][gc,heap     ] GC(230) Eden regions: 1->0(293)
[2026-03-23T17:28:11.553+0900][11.201s][info][gc,heap     ] GC(230) Survivor regions: 1->1(38)
[2026-03-23T17:28:11.553+0900][11.201s][info][gc,heap     ] GC(230) Old regions: 5->5
[2026-03-23T17:28:11.553+0900][11.201s][info][gc,heap     ] GC(230) Humongous regions: 225->186
[2026-03-23T17:28:11.553+0900][11.201s][info][gc,metaspace] GC(230) Metaspace: 237K(448K)->237K(448K) NonClass: 222K(320K)->222K(320K) Class: 14K(128K)->14K(128K)
[2026-03-23T17:28:11.553+0900][11.201s][info][gc          ] GC(230) Pause Young (Concurrent Start) (G1 Humongous Allocation) 227M->188M(512M) 0.759ms
[2026-03-23T17:28:11.553+0900][11.201s][info][gc,cpu      ] GC(230) User=0.00s Sys=0.01s Real=0.00s
[2026-03-23T17:28:11.553+0900][11.201s][info][gc          ] GC(231) Concurrent Undo Cycle
[2026-03-23T17:28:11.553+0900][11.201s][info][gc,marking  ] GC(231) Concurrent Clear Claimed Marks
[2026-03-23T17:28:11.553+0900][11.201s][info][gc,marking  ] GC(231) Concurrent Clear Claimed Marks 0.013ms
[2026-03-23T17:28:11.553+0900][11.201s][info][gc,marking  ] GC(231) Concurrent Cleanup for Next Mark
[2026-03-23T17:28:11.553+0900][11.201s][info][gc,marking  ] GC(231) Concurrent Cleanup for Next Mark 0.031ms
[2026-03-23T17:28:11.553+0900][11.201s][info][gc          ] GC(231) Concurrent Undo Cycle 0.122ms
[2026-03-23T17:28:11.628+0900][11.276s][info][gc,start    ] GC(232) Pause Young (Concurrent Start) (G1 Humongous Allocation)
[2026-03-23T17:28:11.628+0900][11.276s][info][gc,task     ] GC(232) Using 11 workers of 11 for evacuation
[2026-03-23T17:28:11.629+0900][11.277s][info][gc,phases   ] GC(232)   Pre Evacuate Collection Set: 0.19ms
[2026-03-23T17:28:11.629+0900][11.277s][info][gc,phases   ] GC(232)   Merge Heap Roots: 0.03ms
[2026-03-23T17:28:11.629+0900][11.277s][info][gc,phases   ] GC(232)   Evacuate Collection Set: 0.19ms
[2026-03-23T17:28:11.629+0900][11.277s][info][gc,phases   ] GC(232)   Post Evacuate Collection Set: 0.10ms
[2026-03-23T17:28:11.629+0900][11.277s][info][gc,phases   ] GC(232)   Other: 0.05ms
[2026-03-23T17:28:11.629+0900][11.277s][info][gc,heap     ] GC(232) Eden regions: 1->0(290)
[2026-03-23T17:28:11.629+0900][11.277s][info][gc,heap     ] GC(232) Survivor regions: 1->1(37)
[2026-03-23T17:28:11.629+0900][11.277s][info][gc,heap     ] GC(232) Old regions: 5->5
[2026-03-23T17:28:11.629+0900][11.277s][info][gc,heap     ] GC(232) Humongous regions: 225->189
[2026-03-23T17:28:11.629+0900][11.277s][info][gc,metaspace] GC(232) Metaspace: 237K(448K)->237K(448K) NonClass: 222K(320K)->222K(320K) Class: 14K(128K)->14K(128K)
[2026-03-23T17:28:11.629+0900][11.277s][info][gc          ] GC(232) Pause Young (Concurrent Start) (G1 Humongous Allocation) 227M->191M(512M) 0.740ms
[2026-03-23T17:28:11.629+0900][11.277s][info][gc,cpu      ] GC(232) User=0.00s Sys=0.00s Real=0.00s
[2026-03-23T17:28:11.629+0900][11.277s][info][gc          ] GC(233) Concurrent Undo Cycle
[2026-03-23T17:28:11.629+0900][11.277s][info][gc,marking  ] GC(233) Concurrent Clear Claimed Marks
[2026-03-23T17:28:11.629+0900][11.277s][info][gc,marking  ] GC(233) Concurrent Clear Claimed Marks 0.011ms
[2026-03-23T17:28:11.629+0900][11.277s][info][gc,marking  ] GC(233) Concurrent Cleanup for Next Mark
[2026-03-23T17:28:11.629+0900][11.277s][info][gc,marking  ] GC(233) Concurrent Cleanup for Next Mark 0.041ms
[2026-03-23T17:28:11.629+0900][11.277s][info][gc          ] GC(233) Concurrent Undo Cycle 0.120ms
[2026-03-23T17:28:11.698+0900][11.346s][info][gc,start    ] GC(234) Pause Young (Concurrent Start) (G1 Humongous Allocation)
[2026-03-23T17:28:11.698+0900][11.346s][info][gc,task     ] GC(234) Using 11 workers of 11 for evacuation
[2026-03-23T17:28:11.698+0900][11.346s][info][gc,phases   ] GC(234)   Pre Evacuate Collection Set: 0.12ms
[2026-03-23T17:28:11.698+0900][11.346s][info][gc,phases   ] GC(234)   Merge Heap Roots: 0.02ms
[2026-03-23T17:28:11.698+0900][11.346s][info][gc,phases   ] GC(234)   Evacuate Collection Set: 0.15ms
[2026-03-23T17:28:11.698+0900][11.346s][info][gc,phases   ] GC(234)   Post Evacuate Collection Set: 0.08ms
[2026-03-23T17:28:11.698+0900][11.346s][info][gc,phases   ] GC(234)   Other: 0.03ms
[2026-03-23T17:28:11.698+0900][11.346s][info][gc,heap     ] GC(234) Eden regions: 1->0(287)
[2026-03-23T17:28:11.698+0900][11.346s][info][gc,heap     ] GC(234) Survivor regions: 1->1(37)
[2026-03-23T17:28:11.698+0900][11.346s][info][gc,heap     ] GC(234) Old regions: 5->5
[2026-03-23T17:28:11.698+0900][11.346s][info][gc,heap     ] GC(234) Humongous regions: 225->192
[2026-03-23T17:28:11.698+0900][11.346s][info][gc,metaspace] GC(234) Metaspace: 237K(448K)->237K(448K) NonClass: 222K(320K)->222K(320K) Class: 14K(128K)->14K(128K)
[2026-03-23T17:28:11.698+0900][11.346s][info][gc          ] GC(234) Pause Young (Concurrent Start) (G1 Humongous Allocation) 227M->194M(512M) 0.505ms
[2026-03-23T17:28:11.698+0900][11.346s][info][gc,cpu      ] GC(234) User=0.00s Sys=0.00s Real=0.00s
[2026-03-23T17:28:11.698+0900][11.346s][info][gc          ] GC(235) Concurrent Undo Cycle
[2026-03-23T17:28:11.698+0900][11.346s][info][gc,marking  ] GC(235) Concurrent Clear Claimed Marks
[2026-03-23T17:28:11.698+0900][11.346s][info][gc,marking  ] GC(235) Concurrent Clear Claimed Marks 0.007ms
[2026-03-23T17:28:11.698+0900][11.346s][info][gc,marking  ] GC(235) Concurrent Cleanup for Next Mark
[2026-03-23T17:28:11.698+0900][11.346s][info][gc,marking  ] GC(235) Concurrent Cleanup for Next Mark 0.028ms
[2026-03-23T17:28:11.698+0900][11.346s][info][gc          ] GC(235) Concurrent Undo Cycle 0.073ms
[2026-03-23T17:28:11.753+0900][11.401s][info][gc,start    ] GC(236) Pause Young (Concurrent Start) (G1 Humongous Allocation)
[2026-03-23T17:28:11.754+0900][11.402s][info][gc,task     ] GC(236) Using 11 workers of 11 for evacuation
[2026-03-23T17:28:11.754+0900][11.402s][info][gc,phases   ] GC(236)   Pre Evacuate Collection Set: 0.27ms
[2026-03-23T17:28:11.755+0900][11.403s][info][gc,phases   ] GC(236)   Merge Heap Roots: 0.06ms
[2026-03-23T17:28:11.755+0900][11.403s][info][gc,phases   ] GC(236)   Evacuate Collection Set: 0.27ms
[2026-03-23T17:28:11.755+0900][11.403s][info][gc,phases   ] GC(236)   Post Evacuate Collection Set: 0.24ms
[2026-03-23T17:28:11.755+0900][11.403s][info][gc,phases   ] GC(236)   Other: 0.10ms
[2026-03-23T17:28:11.755+0900][11.403s][info][gc,heap     ] GC(236) Eden regions: 1->0(281)
[2026-03-23T17:28:11.755+0900][11.403s][info][gc,heap     ] GC(236) Survivor regions: 1->1(36)
[2026-03-23T17:28:11.755+0900][11.403s][info][gc,heap     ] GC(236) Old regions: 5->5
[2026-03-23T17:28:11.755+0900][11.403s][info][gc,heap     ] GC(236) Humongous regions: 225->198
[2026-03-23T17:28:11.755+0900][11.403s][info][gc,metaspace] GC(236) Metaspace: 237K(448K)->237K(448K) NonClass: 222K(320K)->222K(320K) Class: 14K(128K)->14K(128K)
[2026-03-23T17:28:11.755+0900][11.403s][info][gc          ] GC(236) Pause Young (Concurrent Start) (G1 Humongous Allocation) 227M->200M(512M) 1.363ms
[2026-03-23T17:28:11.755+0900][11.403s][info][gc,cpu      ] GC(236) User=0.00s Sys=0.00s Real=0.00s
[2026-03-23T17:28:11.755+0900][11.403s][info][gc          ] GC(237) Concurrent Undo Cycle
[2026-03-23T17:28:11.755+0900][11.403s][info][gc,marking  ] GC(237) Concurrent Clear Claimed Marks
[2026-03-23T17:28:11.755+0900][11.403s][info][gc,marking  ] GC(237) Concurrent Clear Claimed Marks 0.071ms
[2026-03-23T17:28:11.755+0900][11.403s][info][gc,marking  ] GC(237) Concurrent Cleanup for Next Mark
[2026-03-23T17:28:11.755+0900][11.403s][info][gc,marking  ] GC(237) Concurrent Cleanup for Next Mark 0.077ms
[2026-03-23T17:28:11.755+0900][11.403s][info][gc          ] GC(237) Concurrent Undo Cycle 0.351ms
[2026-03-23T17:28:11.806+0900][11.454s][info][gc,start    ] GC(238) Pause Young (Concurrent Start) (G1 Humongous Allocation)
[2026-03-23T17:28:11.806+0900][11.454s][info][gc,task     ] GC(238) Using 11 workers of 11 for evacuation
[2026-03-23T17:28:11.806+0900][11.454s][info][gc,phases   ] GC(238)   Pre Evacuate Collection Set: 0.14ms
[2026-03-23T17:28:11.806+0900][11.454s][info][gc,phases   ] GC(238)   Merge Heap Roots: 0.04ms
[2026-03-23T17:28:11.806+0900][11.454s][info][gc,phases   ] GC(238)   Evacuate Collection Set: 0.15ms
[2026-03-23T17:28:11.806+0900][11.454s][info][gc,phases   ] GC(238)   Post Evacuate Collection Set: 0.06ms
[2026-03-23T17:28:11.806+0900][11.454s][info][gc,phases   ] GC(238)   Other: 0.03ms
[2026-03-23T17:28:11.806+0900][11.454s][info][gc,heap     ] GC(238) Eden regions: 1->0(278)
[2026-03-23T17:28:11.806+0900][11.454s][info][gc,heap     ] GC(238) Survivor regions: 1->1(36)
[2026-03-23T17:28:11.806+0900][11.454s][info][gc,heap     ] GC(238) Old regions: 5->5
[2026-03-23T17:28:11.806+0900][11.454s][info][gc,heap     ] GC(238) Humongous regions: 225->201
[2026-03-23T17:28:11.806+0900][11.454s][info][gc,metaspace] GC(238) Metaspace: 237K(448K)->237K(448K) NonClass: 222K(320K)->222K(320K) Class: 14K(128K)->14K(128K)
[2026-03-23T17:28:11.806+0900][11.454s][info][gc          ] GC(238) Pause Young (Concurrent Start) (G1 Humongous Allocation) 227M->203M(512M) 0.547ms
[2026-03-23T17:28:11.806+0900][11.454s][info][gc,cpu      ] GC(238) User=0.00s Sys=0.00s Real=0.00s
[2026-03-23T17:28:11.806+0900][11.454s][info][gc          ] GC(239) Concurrent Undo Cycle
[2026-03-23T17:28:11.806+0900][11.454s][info][gc,marking  ] GC(239) Concurrent Clear Claimed Marks
[2026-03-23T17:28:11.806+0900][11.454s][info][gc,marking  ] GC(239) Concurrent Clear Claimed Marks 0.005ms
[2026-03-23T17:28:11.806+0900][11.454s][info][gc,marking  ] GC(239) Concurrent Cleanup for Next Mark
[2026-03-23T17:28:11.806+0900][11.454s][info][gc,marking  ] GC(239) Concurrent Cleanup for Next Mark 0.023ms
[2026-03-23T17:28:11.806+0900][11.454s][info][gc          ] GC(239) Concurrent Undo Cycle 0.058ms
[2026-03-23T17:28:11.855+0900][11.503s][info][gc,start    ] GC(240) Pause Young (Concurrent Start) (G1 Humongous Allocation)
[2026-03-23T17:28:11.855+0900][11.503s][info][gc,task     ] GC(240) Using 11 workers of 11 for evacuation
[2026-03-23T17:28:11.856+0900][11.504s][info][gc,phases   ] GC(240)   Pre Evacuate Collection Set: 0.18ms
[2026-03-23T17:28:11.856+0900][11.504s][info][gc,phases   ] GC(240)   Merge Heap Roots: 0.05ms
[2026-03-23T17:28:11.856+0900][11.504s][info][gc,phases   ] GC(240)   Evacuate Collection Set: 0.15ms
[2026-03-23T17:28:11.856+0900][11.504s][info][gc,phases   ] GC(240)   Post Evacuate Collection Set: 0.11ms
[2026-03-23T17:28:11.856+0900][11.504s][info][gc,phases   ] GC(240)   Other: 0.03ms
[2026-03-23T17:28:11.856+0900][11.504s][info][gc,heap     ] GC(240) Eden regions: 1->0(278)
[2026-03-23T17:28:11.856+0900][11.504s][info][gc,heap     ] GC(240) Survivor regions: 1->1(35)
[2026-03-23T17:28:11.856+0900][11.504s][info][gc,heap     ] GC(240) Old regions: 5->5
[2026-03-23T17:28:11.856+0900][11.504s][info][gc,heap     ] GC(240) Humongous regions: 225->201
[2026-03-23T17:28:11.856+0900][11.504s][info][gc,metaspace] GC(240) Metaspace: 237K(448K)->237K(448K) NonClass: 222K(320K)->222K(320K) Class: 14K(128K)->14K(128K)
[2026-03-23T17:28:11.856+0900][11.504s][info][gc          ] GC(240) Pause Young (Concurrent Start) (G1 Humongous Allocation) 227M->203M(512M) 0.641ms
[2026-03-23T17:28:11.856+0900][11.504s][info][gc,cpu      ] GC(240) User=0.00s Sys=0.00s Real=0.00s
[2026-03-23T17:28:11.856+0900][11.504s][info][gc          ] GC(241) Concurrent Undo Cycle
[2026-03-23T17:28:11.856+0900][11.504s][info][gc,marking  ] GC(241) Concurrent Clear Claimed Marks
[2026-03-23T17:28:11.856+0900][11.504s][info][gc,marking  ] GC(241) Concurrent Clear Claimed Marks 0.006ms
[2026-03-23T17:28:11.856+0900][11.504s][info][gc,marking  ] GC(241) Concurrent Cleanup for Next Mark
[2026-03-23T17:28:11.856+0900][11.504s][info][gc,marking  ] GC(241) Concurrent Cleanup for Next Mark 0.031ms
[2026-03-23T17:28:11.856+0900][11.504s][info][gc          ] GC(241) Concurrent Undo Cycle 0.071ms
[2026-03-23T17:28:11.900+0900][11.548s][info][gc,start    ] GC(242) Pause Young (Concurrent Start) (G1 Humongous Allocation)
[2026-03-23T17:28:11.900+0900][11.548s][info][gc,task     ] GC(242) Using 11 workers of 11 for evacuation
[2026-03-23T17:28:11.900+0900][11.548s][info][gc,phases   ] GC(242)   Pre Evacuate Collection Set: 0.12ms
[2026-03-23T17:28:11.900+0900][11.548s][info][gc,phases   ] GC(242)   Merge Heap Roots: 0.03ms
[2026-03-23T17:28:11.900+0900][11.548s][info][gc,phases   ] GC(242)   Evacuate Collection Set: 0.11ms
[2026-03-23T17:28:11.900+0900][11.548s][info][gc,phases   ] GC(242)   Post Evacuate Collection Set: 0.07ms
[2026-03-23T17:28:11.900+0900][11.548s][info][gc,phases   ] GC(242)   Other: 0.05ms
[2026-03-23T17:28:11.900+0900][11.548s][info][gc,heap     ] GC(242) Eden regions: 1->0(275)
[2026-03-23T17:28:11.901+0900][11.548s][info][gc,heap     ] GC(242) Survivor regions: 1->1(35)
[2026-03-23T17:28:11.901+0900][11.548s][info][gc,heap     ] GC(242) Old regions: 5->5
[2026-03-23T17:28:11.901+0900][11.548s][info][gc,heap     ] GC(242) Humongous regions: 225->204
[2026-03-23T17:28:11.901+0900][11.548s][info][gc,metaspace] GC(242) Metaspace: 237K(448K)->237K(448K) NonClass: 222K(320K)->222K(320K) Class: 14K(128K)->14K(128K)
[2026-03-23T17:28:11.901+0900][11.549s][info][gc          ] GC(242) Pause Young (Concurrent Start) (G1 Humongous Allocation) 227M->206M(512M) 0.481ms
[2026-03-23T17:28:11.901+0900][11.549s][info][gc,cpu      ] GC(242) User=0.00s Sys=0.00s Real=0.00s
[2026-03-23T17:28:11.901+0900][11.549s][info][gc          ] GC(243) Concurrent Undo Cycle
[2026-03-23T17:28:11.901+0900][11.549s][info][gc,marking  ] GC(243) Concurrent Clear Claimed Marks
[2026-03-23T17:28:11.901+0900][11.549s][info][gc,marking  ] GC(243) Concurrent Clear Claimed Marks 0.006ms
[2026-03-23T17:28:11.901+0900][11.549s][info][gc,marking  ] GC(243) Concurrent Cleanup for Next Mark
[2026-03-23T17:28:11.901+0900][11.549s][info][gc,marking  ] GC(243) Concurrent Cleanup for Next Mark 0.059ms
[2026-03-23T17:28:11.901+0900][11.549s][info][gc          ] GC(243) Concurrent Undo Cycle 0.102ms
[2026-03-23T17:28:11.937+0900][11.585s][info][gc,start    ] GC(244) Pause Young (Concurrent Start) (G1 Humongous Allocation)
[2026-03-23T17:28:11.937+0900][11.585s][info][gc,task     ] GC(244) Using 11 workers of 11 for evacuation
[2026-03-23T17:28:11.937+0900][11.585s][info][gc,phases   ] GC(244)   Pre Evacuate Collection Set: 0.11ms
[2026-03-23T17:28:11.937+0900][11.585s][info][gc,phases   ] GC(244)   Merge Heap Roots: 0.02ms
[2026-03-23T17:28:11.937+0900][11.585s][info][gc,phases   ] GC(244)   Evacuate Collection Set: 0.19ms
[2026-03-23T17:28:11.937+0900][11.585s][info][gc,phases   ] GC(244)   Post Evacuate Collection Set: 0.07ms
[2026-03-23T17:28:11.937+0900][11.585s][info][gc,phases   ] GC(244)   Other: 0.03ms
[2026-03-23T17:28:11.937+0900][11.585s][info][gc,heap     ] GC(244) Eden regions: 1->0(272)
[2026-03-23T17:28:11.937+0900][11.585s][info][gc,heap     ] GC(244) Survivor regions: 1->1(35)
[2026-03-23T17:28:11.937+0900][11.585s][info][gc,heap     ] GC(244) Old regions: 5->5
[2026-03-23T17:28:11.937+0900][11.585s][info][gc,heap     ] GC(244) Humongous regions: 225->207
[2026-03-23T17:28:11.937+0900][11.585s][info][gc,metaspace] GC(244) Metaspace: 237K(448K)->237K(448K) NonClass: 222K(320K)->222K(320K) Class: 14K(128K)->14K(128K)
[2026-03-23T17:28:11.937+0900][11.585s][info][gc          ] GC(244) Pause Young (Concurrent Start) (G1 Humongous Allocation) 227M->209M(512M) 0.534ms
[2026-03-23T17:28:11.937+0900][11.585s][info][gc,cpu      ] GC(244) User=0.01s Sys=0.00s Real=0.00s
[2026-03-23T17:28:11.937+0900][11.585s][info][gc          ] GC(245) Concurrent Undo Cycle
[2026-03-23T17:28:11.937+0900][11.585s][info][gc,marking  ] GC(245) Concurrent Clear Claimed Marks
[2026-03-23T17:28:11.938+0900][11.585s][info][gc,marking  ] GC(245) Concurrent Clear Claimed Marks 0.007ms
[2026-03-23T17:28:11.938+0900][11.585s][info][gc,marking  ] GC(245) Concurrent Cleanup for Next Mark
[2026-03-23T17:28:11.938+0900][11.586s][info][gc,marking  ] GC(245) Concurrent Cleanup for Next Mark 0.026ms
[2026-03-23T17:28:11.938+0900][11.586s][info][gc          ] GC(245) Concurrent Undo Cycle 0.072ms
[2026-03-23T17:28:11.969+0900][11.617s][info][gc,start    ] GC(246) Pause Young (Concurrent Start) (G1 Humongous Allocation)
[2026-03-23T17:28:11.969+0900][11.617s][info][gc,task     ] GC(246) Using 11 workers of 11 for evacuation
[2026-03-23T17:28:11.970+0900][11.618s][info][gc,phases   ] GC(246)   Pre Evacuate Collection Set: 0.14ms
[2026-03-23T17:28:11.970+0900][11.618s][info][gc,phases   ] GC(246)   Merge Heap Roots: 0.03ms
[2026-03-23T17:28:11.970+0900][11.618s][info][gc,phases   ] GC(246)   Evacuate Collection Set: 0.15ms
[2026-03-23T17:28:11.970+0900][11.618s][info][gc,phases   ] GC(246)   Post Evacuate Collection Set: 0.07ms
[2026-03-23T17:28:11.970+0900][11.618s][info][gc,phases   ] GC(246)   Other: 0.04ms
[2026-03-23T17:28:11.970+0900][11.618s][info][gc,heap     ] GC(246) Eden regions: 1->0(269)
[2026-03-23T17:28:11.970+0900][11.618s][info][gc,heap     ] GC(246) Survivor regions: 1->1(35)
[2026-03-23T17:28:11.970+0900][11.618s][info][gc,heap     ] GC(246) Old regions: 5->5
[2026-03-23T17:28:11.970+0900][11.618s][info][gc,heap     ] GC(246) Humongous regions: 225->210
[2026-03-23T17:28:11.970+0900][11.618s][info][gc,metaspace] GC(246) Metaspace: 237K(448K)->237K(448K) NonClass: 222K(320K)->222K(320K) Class: 14K(128K)->14K(128K)
[2026-03-23T17:28:11.970+0900][11.618s][info][gc          ] GC(246) Pause Young (Concurrent Start) (G1 Humongous Allocation) 227M->212M(512M) 0.534ms
[2026-03-23T17:28:11.970+0900][11.618s][info][gc,cpu      ] GC(246) User=0.00s Sys=0.00s Real=0.01s
[2026-03-23T17:28:11.970+0900][11.618s][info][gc          ] GC(247) Concurrent Undo Cycle
[2026-03-23T17:28:11.970+0900][11.618s][info][gc,marking  ] GC(247) Concurrent Clear Claimed Marks
[2026-03-23T17:28:11.970+0900][11.618s][info][gc,marking  ] GC(247) Concurrent Clear Claimed Marks 0.006ms
[2026-03-23T17:28:11.970+0900][11.618s][info][gc,marking  ] GC(247) Concurrent Cleanup for Next Mark
[2026-03-23T17:28:11.970+0900][11.618s][info][gc,marking  ] GC(247) Concurrent Cleanup for Next Mark 0.027ms
[2026-03-23T17:28:11.970+0900][11.618s][info][gc          ] GC(247) Concurrent Undo Cycle 0.066ms
[2026-03-23T17:28:12.000+0900][11.648s][info][gc,start    ] GC(248) Pause Young (Concurrent Start) (G1 Humongous Allocation)
[2026-03-23T17:28:12.000+0900][11.648s][info][gc,task     ] GC(248) Using 11 workers of 11 for evacuation
[2026-03-23T17:28:12.001+0900][11.649s][info][gc,phases   ] GC(248)   Pre Evacuate Collection Set: 0.07ms
[2026-03-23T17:28:12.001+0900][11.649s][info][gc,phases   ] GC(248)   Merge Heap Roots: 0.04ms
[2026-03-23T17:28:12.001+0900][11.649s][info][gc,phases   ] GC(248)   Evacuate Collection Set: 0.11ms
[2026-03-23T17:28:12.001+0900][11.649s][info][gc,phases   ] GC(248)   Post Evacuate Collection Set: 0.08ms
[2026-03-23T17:28:12.001+0900][11.649s][info][gc,phases   ] GC(248)   Other: 0.03ms
[2026-03-23T17:28:12.001+0900][11.649s][info][gc,heap     ] GC(248) Eden regions: 1->0(269)
[2026-03-23T17:28:12.001+0900][11.649s][info][gc,heap     ] GC(248) Survivor regions: 1->1(34)
[2026-03-23T17:28:12.001+0900][11.649s][info][gc,heap     ] GC(248) Old regions: 5->5
[2026-03-23T17:28:12.001+0900][11.649s][info][gc,heap     ] GC(248) Humongous regions: 225->210
[2026-03-23T17:28:12.001+0900][11.649s][info][gc,metaspace] GC(248) Metaspace: 237K(448K)->237K(448K) NonClass: 222K(320K)->222K(320K) Class: 14K(128K)->14K(128K)
[2026-03-23T17:28:12.001+0900][11.649s][info][gc          ] GC(248) Pause Young (Concurrent Start) (G1 Humongous Allocation) 227M->212M(512M) 0.461ms
[2026-03-23T17:28:12.001+0900][11.649s][info][gc,cpu      ] GC(248) User=0.00s Sys=0.00s Real=0.00s
[2026-03-23T17:28:12.001+0900][11.649s][info][gc          ] GC(249) Concurrent Undo Cycle
[2026-03-23T17:28:12.001+0900][11.649s][info][gc,marking  ] GC(249) Concurrent Clear Claimed Marks
[2026-03-23T17:28:12.001+0900][11.649s][info][gc,marking  ] GC(249) Concurrent Clear Claimed Marks 0.008ms
[2026-03-23T17:28:12.001+0900][11.649s][info][gc,marking  ] GC(249) Concurrent Cleanup for Next Mark
[2026-03-23T17:28:12.001+0900][11.649s][info][gc,marking  ] GC(249) Concurrent Cleanup for Next Mark 0.032ms
[2026-03-23T17:28:12.001+0900][11.649s][info][gc          ] GC(249) Concurrent Undo Cycle 0.083ms
[2026-03-23T17:28:12.025+0900][11.673s][info][gc,start    ] GC(250) Pause Young (Concurrent Start) (G1 Humongous Allocation)
[2026-03-23T17:28:12.025+0900][11.673s][info][gc,task     ] GC(250) Using 11 workers of 11 for evacuation
[2026-03-23T17:28:12.026+0900][11.674s][info][gc,phases   ] GC(250)   Pre Evacuate Collection Set: 0.11ms
[2026-03-23T17:28:12.026+0900][11.674s][info][gc,phases   ] GC(250)   Merge Heap Roots: 0.02ms
[2026-03-23T17:28:12.026+0900][11.674s][info][gc,phases   ] GC(250)   Evacuate Collection Set: 0.08ms
[2026-03-23T17:28:12.026+0900][11.674s][info][gc,phases   ] GC(250)   Post Evacuate Collection Set: 0.08ms
[2026-03-23T17:28:12.026+0900][11.674s][info][gc,phases   ] GC(250)   Other: 0.03ms
[2026-03-23T17:28:12.026+0900][11.674s][info][gc,heap     ] GC(250) Eden regions: 1->0(266)
[2026-03-23T17:28:12.026+0900][11.674s][info][gc,heap     ] GC(250) Survivor regions: 1->1(34)
[2026-03-23T17:28:12.026+0900][11.674s][info][gc,heap     ] GC(250) Old regions: 5->5
[2026-03-23T17:28:12.026+0900][11.674s][info][gc,heap     ] GC(250) Humongous regions: 225->213
[2026-03-23T17:28:12.026+0900][11.674s][info][gc,metaspace] GC(250) Metaspace: 237K(448K)->237K(448K) NonClass: 222K(320K)->222K(320K) Class: 14K(128K)->14K(128K)
[2026-03-23T17:28:12.026+0900][11.674s][info][gc          ] GC(250) Pause Young (Concurrent Start) (G1 Humongous Allocation) 227M->215M(512M) 0.462ms
[2026-03-23T17:28:12.026+0900][11.674s][info][gc,cpu      ] GC(250) User=0.00s Sys=0.00s Real=0.00s
[2026-03-23T17:28:12.026+0900][11.674s][info][gc          ] GC(251) Concurrent Undo Cycle
[2026-03-23T17:28:12.026+0900][11.674s][info][gc,marking  ] GC(251) Concurrent Clear Claimed Marks
[2026-03-23T17:28:12.026+0900][11.674s][info][gc,marking  ] GC(251) Concurrent Clear Claimed Marks 0.006ms
[2026-03-23T17:28:12.026+0900][11.674s][info][gc,marking  ] GC(251) Concurrent Cleanup for Next Mark
[2026-03-23T17:28:12.026+0900][11.674s][info][gc,marking  ] GC(251) Concurrent Cleanup for Next Mark 0.022ms
[2026-03-23T17:28:12.026+0900][11.674s][info][gc          ] GC(251) Concurrent Undo Cycle 0.060ms
[2026-03-23T17:28:12.051+0900][11.699s][info][gc,start    ] GC(252) Pause Young (Concurrent Start) (G1 Humongous Allocation)
[2026-03-23T17:28:12.051+0900][11.699s][info][gc,task     ] GC(252) Using 11 workers of 11 for evacuation
[2026-03-23T17:28:12.052+0900][11.700s][info][gc,phases   ] GC(252)   Pre Evacuate Collection Set: 0.11ms
[2026-03-23T17:28:12.052+0900][11.700s][info][gc,phases   ] GC(252)   Merge Heap Roots: 0.04ms
[2026-03-23T17:28:12.052+0900][11.700s][info][gc,phases   ] GC(252)   Evacuate Collection Set: 0.17ms
[2026-03-23T17:28:12.052+0900][11.700s][info][gc,phases   ] GC(252)   Post Evacuate Collection Set: 0.09ms
[2026-03-23T17:28:12.052+0900][11.700s][info][gc,phases   ] GC(252)   Other: 0.04ms
[2026-03-23T17:28:12.052+0900][11.700s][info][gc,heap     ] GC(252) Eden regions: 1->0(266)
[2026-03-23T17:28:12.052+0900][11.700s][info][gc,heap     ] GC(252) Survivor regions: 1->1(34)
[2026-03-23T17:28:12.052+0900][11.700s][info][gc,heap     ] GC(252) Old regions: 5->5
[2026-03-23T17:28:12.052+0900][11.700s][info][gc,heap     ] GC(252) Humongous regions: 225->213
[2026-03-23T17:28:12.052+0900][11.700s][info][gc,metaspace] GC(252) Metaspace: 237K(448K)->237K(448K) NonClass: 222K(320K)->222K(320K) Class: 14K(128K)->14K(128K)
[2026-03-23T17:28:12.052+0900][11.700s][info][gc          ] GC(252) Pause Young (Concurrent Start) (G1 Humongous Allocation) 227M->215M(512M) 0.598ms
[2026-03-23T17:28:12.052+0900][11.700s][info][gc,cpu      ] GC(252) User=0.00s Sys=0.00s Real=0.00s
[2026-03-23T17:28:12.052+0900][11.700s][info][gc          ] GC(253) Concurrent Undo Cycle
[2026-03-23T17:28:12.052+0900][11.700s][info][gc,marking  ] GC(253) Concurrent Clear Claimed Marks
[2026-03-23T17:28:12.052+0900][11.700s][info][gc,marking  ] GC(253) Concurrent Clear Claimed Marks 0.006ms
[2026-03-23T17:28:12.052+0900][11.700s][info][gc,marking  ] GC(253) Concurrent Cleanup for Next Mark
[2026-03-23T17:28:12.052+0900][11.700s][info][gc,marking  ] GC(253) Concurrent Cleanup for Next Mark 0.037ms
[2026-03-23T17:28:12.052+0900][11.700s][info][gc          ] GC(253) Concurrent Undo Cycle 0.092ms
[2026-03-23T17:28:12.069+0900][11.717s][info][gc,start    ] GC(254) Pause Young (Concurrent Start) (G1 Humongous Allocation)
[2026-03-23T17:28:12.070+0900][11.717s][info][gc,task     ] GC(254) Using 11 workers of 11 for evacuation
[2026-03-23T17:28:12.070+0900][11.718s][info][gc,phases   ] GC(254)   Pre Evacuate Collection Set: 0.15ms
[2026-03-23T17:28:12.070+0900][11.718s][info][gc,phases   ] GC(254)   Merge Heap Roots: 0.03ms
[2026-03-23T17:28:12.070+0900][11.718s][info][gc,phases   ] GC(254)   Evacuate Collection Set: 0.16ms
[2026-03-23T17:28:12.070+0900][11.718s][info][gc,phases   ] GC(254)   Post Evacuate Collection Set: 0.09ms
[2026-03-23T17:28:12.070+0900][11.718s][info][gc,phases   ] GC(254)   Other: 0.05ms
[2026-03-23T17:28:12.070+0900][11.718s][info][gc,heap     ] GC(254) Eden regions: 1->0(263)
[2026-03-23T17:28:12.070+0900][11.718s][info][gc,heap     ] GC(254) Survivor regions: 1->1(34)
[2026-03-23T17:28:12.070+0900][11.718s][info][gc,heap     ] GC(254) Old regions: 5->5
[2026-03-23T17:28:12.070+0900][11.718s][info][gc,heap     ] GC(254) Humongous regions: 225->216
[2026-03-23T17:28:12.070+0900][11.718s][info][gc,metaspace] GC(254) Metaspace: 237K(448K)->237K(448K) NonClass: 222K(320K)->222K(320K) Class: 14K(128K)->14K(128K)
[2026-03-23T17:28:12.070+0900][11.718s][info][gc          ] GC(254) Pause Young (Concurrent Start) (G1 Humongous Allocation) 227M->218M(512M) 0.582ms
[2026-03-23T17:28:12.070+0900][11.718s][info][gc,cpu      ] GC(254) User=0.00s Sys=0.00s Real=0.01s
[2026-03-23T17:28:12.070+0900][11.718s][info][gc          ] GC(255) Concurrent Undo Cycle
[2026-03-23T17:28:12.070+0900][11.718s][info][gc,marking  ] GC(255) Concurrent Clear Claimed Marks
[2026-03-23T17:28:12.070+0900][11.718s][info][gc,marking  ] GC(255) Concurrent Clear Claimed Marks 0.007ms
[2026-03-23T17:28:12.070+0900][11.718s][info][gc,marking  ] GC(255) Concurrent Cleanup for Next Mark
[2026-03-23T17:28:12.070+0900][11.718s][info][gc,marking  ] GC(255) Concurrent Cleanup for Next Mark 0.029ms
[2026-03-23T17:28:12.070+0900][11.718s][info][gc          ] GC(255) Concurrent Undo Cycle 0.073ms
[2026-03-23T17:28:12.089+0900][11.737s][info][gc,start    ] GC(256) Pause Young (Concurrent Start) (G1 Humongous Allocation)
[2026-03-23T17:28:12.089+0900][11.737s][info][gc,task     ] GC(256) Using 11 workers of 11 for evacuation
[2026-03-23T17:28:12.089+0900][11.737s][info][gc,phases   ] GC(256)   Pre Evacuate Collection Set: 0.14ms
[2026-03-23T17:28:12.089+0900][11.737s][info][gc,phases   ] GC(256)   Merge Heap Roots: 0.03ms
[2026-03-23T17:28:12.089+0900][11.737s][info][gc,phases   ] GC(256)   Evacuate Collection Set: 0.15ms
[2026-03-23T17:28:12.089+0900][11.737s][info][gc,phases   ] GC(256)   Post Evacuate Collection Set: 0.12ms
[2026-03-23T17:28:12.089+0900][11.737s][info][gc,phases   ] GC(256)   Other: 0.04ms
[2026-03-23T17:28:12.089+0900][11.737s][info][gc,heap     ] GC(256) Eden regions: 1->0(263)
[2026-03-23T17:28:12.089+0900][11.737s][info][gc,heap     ] GC(256) Survivor regions: 1->1(33)
[2026-03-23T17:28:12.089+0900][11.737s][info][gc,heap     ] GC(256) Old regions: 5->5
[2026-03-23T17:28:12.089+0900][11.737s][info][gc,heap     ] GC(256) Humongous regions: 225->216
[2026-03-23T17:28:12.089+0900][11.737s][info][gc,metaspace] GC(256) Metaspace: 237K(448K)->237K(448K) NonClass: 222K(320K)->222K(320K) Class: 14K(128K)->14K(128K)
[2026-03-23T17:28:12.089+0900][11.737s][info][gc          ] GC(256) Pause Young (Concurrent Start) (G1 Humongous Allocation) 227M->218M(512M) 0.633ms
[2026-03-23T17:28:12.090+0900][11.737s][info][gc,cpu      ] GC(256) User=0.00s Sys=0.00s Real=0.01s
[2026-03-23T17:28:12.090+0900][11.737s][info][gc          ] GC(257) Concurrent Undo Cycle
[2026-03-23T17:28:12.090+0900][11.738s][info][gc,marking  ] GC(257) Concurrent Clear Claimed Marks
[2026-03-23T17:28:12.090+0900][11.738s][info][gc,marking  ] GC(257) Concurrent Clear Claimed Marks 0.008ms
[2026-03-23T17:28:12.090+0900][11.738s][info][gc,marking  ] GC(257) Concurrent Cleanup for Next Mark
[2026-03-23T17:28:12.090+0900][11.738s][info][gc,marking  ] GC(257) Concurrent Cleanup for Next Mark 0.041ms
[2026-03-23T17:28:12.090+0900][11.738s][info][gc          ] GC(257) Concurrent Undo Cycle 0.095ms
[2026-03-23T17:28:12.109+0900][11.757s][info][gc,start    ] GC(258) Pause Young (Concurrent Start) (G1 Humongous Allocation)
[2026-03-23T17:28:12.109+0900][11.757s][info][gc,task     ] GC(258) Using 11 workers of 11 for evacuation
[2026-03-23T17:28:12.109+0900][11.757s][info][gc,phases   ] GC(258)   Pre Evacuate Collection Set: 0.15ms
[2026-03-23T17:28:12.109+0900][11.757s][info][gc,phases   ] GC(258)   Merge Heap Roots: 0.03ms
[2026-03-23T17:28:12.109+0900][11.757s][info][gc,phases   ] GC(258)   Evacuate Collection Set: 0.20ms
[2026-03-23T17:28:12.109+0900][11.757s][info][gc,phases   ] GC(258)   Post Evacuate Collection Set: 0.09ms
[2026-03-23T17:28:12.109+0900][11.757s][info][gc,phases   ] GC(258)   Other: 0.04ms
[2026-03-23T17:28:12.109+0900][11.757s][info][gc,heap     ] GC(258) Eden regions: 1->0(263)
[2026-03-23T17:28:12.109+0900][11.757s][info][gc,heap     ] GC(258) Survivor regions: 1->1(33)
[2026-03-23T17:28:12.109+0900][11.757s][info][gc,heap     ] GC(258) Old regions: 5->5
[2026-03-23T17:28:12.109+0900][11.757s][info][gc,heap     ] GC(258) Humongous regions: 225->216
[2026-03-23T17:28:12.109+0900][11.757s][info][gc,metaspace] GC(258) Metaspace: 237K(448K)->237K(448K) NonClass: 222K(320K)->222K(320K) Class: 14K(128K)->14K(128K)
[2026-03-23T17:28:12.109+0900][11.757s][info][gc          ] GC(258) Pause Young (Concurrent Start) (G1 Humongous Allocation) 227M->218M(512M) 0.627ms
[2026-03-23T17:28:12.109+0900][11.757s][info][gc,cpu      ] GC(258) User=0.00s Sys=0.00s Real=0.00s
[2026-03-23T17:28:12.109+0900][11.757s][info][gc          ] GC(259) Concurrent Undo Cycle
[2026-03-23T17:28:12.109+0900][11.757s][info][gc,marking  ] GC(259) Concurrent Clear Claimed Marks
[2026-03-23T17:28:12.109+0900][11.757s][info][gc,marking  ] GC(259) Concurrent Clear Claimed Marks 0.007ms
[2026-03-23T17:28:12.109+0900][11.757s][info][gc,marking  ] GC(259) Concurrent Cleanup for Next Mark
[2026-03-23T17:28:12.109+0900][11.757s][info][gc,marking  ] GC(259) Concurrent Cleanup for Next Mark 0.031ms
[2026-03-23T17:28:12.109+0900][11.757s][info][gc          ] GC(259) Concurrent Undo Cycle 0.077ms
[2026-03-23T17:28:12.122+0900][11.770s][info][gc,start    ] GC(260) Pause Young (Concurrent Start) (G1 Humongous Allocation)
[2026-03-23T17:28:12.122+0900][11.770s][info][gc,task     ] GC(260) Using 11 workers of 11 for evacuation
[2026-03-23T17:28:12.122+0900][11.770s][info][gc,phases   ] GC(260)   Pre Evacuate Collection Set: 0.14ms
[2026-03-23T17:28:12.122+0900][11.770s][info][gc,phases   ] GC(260)   Merge Heap Roots: 0.04ms
[2026-03-23T17:28:12.122+0900][11.770s][info][gc,phases   ] GC(260)   Evacuate Collection Set: 0.13ms
[2026-03-23T17:28:12.122+0900][11.770s][info][gc,phases   ] GC(260)   Post Evacuate Collection Set: 0.14ms
[2026-03-23T17:28:12.122+0900][11.770s][info][gc,phases   ] GC(260)   Other: 0.05ms
[2026-03-23T17:28:12.122+0900][11.770s][info][gc,heap     ] GC(260) Eden regions: 1->0(260)
[2026-03-23T17:28:12.122+0900][11.770s][info][gc,heap     ] GC(260) Survivor regions: 1->1(33)
[2026-03-23T17:28:12.122+0900][11.770s][info][gc,heap     ] GC(260) Old regions: 5->5
[2026-03-23T17:28:12.122+0900][11.770s][info][gc,heap     ] GC(260) Humongous regions: 225->219
[2026-03-23T17:28:12.122+0900][11.770s][info][gc,metaspace] GC(260) Metaspace: 237K(448K)->237K(448K) NonClass: 222K(320K)->222K(320K) Class: 14K(128K)->14K(128K)
[2026-03-23T17:28:12.122+0900][11.770s][info][gc          ] GC(260) Pause Young (Concurrent Start) (G1 Humongous Allocation) 227M->221M(512M) 0.674ms
[2026-03-23T17:28:12.122+0900][11.770s][info][gc,cpu      ] GC(260) User=0.01s Sys=0.00s Real=0.00s
[2026-03-23T17:28:12.122+0900][11.770s][info][gc          ] GC(261) Concurrent Undo Cycle
[2026-03-23T17:28:12.123+0900][11.771s][info][gc,marking  ] GC(261) Concurrent Clear Claimed Marks
[2026-03-23T17:28:12.123+0900][11.771s][info][gc,marking  ] GC(261) Concurrent Clear Claimed Marks 0.008ms
[2026-03-23T17:28:12.123+0900][11.771s][info][gc,marking  ] GC(261) Concurrent Cleanup for Next Mark
[2026-03-23T17:28:12.123+0900][11.771s][info][gc,marking  ] GC(261) Concurrent Cleanup for Next Mark 0.044ms
[2026-03-23T17:28:12.123+0900][11.771s][info][gc          ] GC(261) Concurrent Undo Cycle 0.111ms
[2026-03-23T17:28:12.135+0900][11.783s][info][gc,start    ] GC(262) Pause Young (Concurrent Start) (G1 Humongous Allocation)
[2026-03-23T17:28:12.135+0900][11.783s][info][gc,task     ] GC(262) Using 11 workers of 11 for evacuation
[2026-03-23T17:28:12.136+0900][11.784s][info][gc,phases   ] GC(262)   Pre Evacuate Collection Set: 0.11ms
[2026-03-23T17:28:12.136+0900][11.784s][info][gc,phases   ] GC(262)   Merge Heap Roots: 0.03ms
[2026-03-23T17:28:12.136+0900][11.784s][info][gc,phases   ] GC(262)   Evacuate Collection Set: 0.11ms
[2026-03-23T17:28:12.136+0900][11.784s][info][gc,phases   ] GC(262)   Post Evacuate Collection Set: 0.09ms
[2026-03-23T17:28:12.136+0900][11.784s][info][gc,phases   ] GC(262)   Other: 0.04ms
[2026-03-23T17:28:12.136+0900][11.784s][info][gc,heap     ] GC(262) Eden regions: 1->0(260)
[2026-03-23T17:28:12.136+0900][11.784s][info][gc,heap     ] GC(262) Survivor regions: 1->1(33)
[2026-03-23T17:28:12.136+0900][11.784s][info][gc,heap     ] GC(262) Old regions: 5->5
[2026-03-23T17:28:12.136+0900][11.784s][info][gc,heap     ] GC(262) Humongous regions: 225->219
[2026-03-23T17:28:12.136+0900][11.784s][info][gc,metaspace] GC(262) Metaspace: 237K(448K)->237K(448K) NonClass: 222K(320K)->222K(320K) Class: 14K(128K)->14K(128K)
[2026-03-23T17:28:12.136+0900][11.784s][info][gc          ] GC(262) Pause Young (Concurrent Start) (G1 Humongous Allocation) 227M->221M(512M) 0.487ms
[2026-03-23T17:28:12.136+0900][11.784s][info][gc,cpu      ] GC(262) User=0.00s Sys=0.00s Real=0.00s
[2026-03-23T17:28:12.136+0900][11.784s][info][gc          ] GC(263) Concurrent Undo Cycle
[2026-03-23T17:28:12.136+0900][11.784s][info][gc,marking  ] GC(263) Concurrent Clear Claimed Marks
[2026-03-23T17:28:12.136+0900][11.784s][info][gc,marking  ] GC(263) Concurrent Clear Claimed Marks 0.006ms
[2026-03-23T17:28:12.136+0900][11.784s][info][gc,marking  ] GC(263) Concurrent Cleanup for Next Mark
[2026-03-23T17:28:12.136+0900][11.784s][info][gc,marking  ] GC(263) Concurrent Cleanup for Next Mark 0.028ms
[2026-03-23T17:28:12.136+0900][11.784s][info][gc          ] GC(263) Concurrent Undo Cycle 0.076ms
[2026-03-23T17:28:12.148+0900][11.796s][info][gc,start    ] GC(264) Pause Young (Concurrent Start) (G1 Humongous Allocation)
[2026-03-23T17:28:12.148+0900][11.796s][info][gc,task     ] GC(264) Using 11 workers of 11 for evacuation
[2026-03-23T17:28:12.148+0900][11.796s][info][gc,phases   ] GC(264)   Pre Evacuate Collection Set: 0.11ms
[2026-03-23T17:28:12.148+0900][11.796s][info][gc,phases   ] GC(264)   Merge Heap Roots: 0.03ms
[2026-03-23T17:28:12.148+0900][11.796s][info][gc,phases   ] GC(264)   Evacuate Collection Set: 0.15ms
[2026-03-23T17:28:12.148+0900][11.796s][info][gc,phases   ] GC(264)   Post Evacuate Collection Set: 0.19ms
[2026-03-23T17:28:12.148+0900][11.796s][info][gc,phases   ] GC(264)   Other: 0.05ms
[2026-03-23T17:28:12.148+0900][11.796s][info][gc,heap     ] GC(264) Eden regions: 1->0(260)
[2026-03-23T17:28:12.148+0900][11.796s][info][gc,heap     ] GC(264) Survivor regions: 1->1(33)
[2026-03-23T17:28:12.148+0900][11.796s][info][gc,heap     ] GC(264) Old regions: 5->5
[2026-03-23T17:28:12.148+0900][11.796s][info][gc,heap     ] GC(264) Humongous regions: 225->219
[2026-03-23T17:28:12.148+0900][11.796s][info][gc,metaspace] GC(264) Metaspace: 237K(448K)->237K(448K) NonClass: 222K(320K)->222K(320K) Class: 14K(128K)->14K(128K)
[2026-03-23T17:28:12.148+0900][11.796s][info][gc          ] GC(264) Pause Young (Concurrent Start) (G1 Humongous Allocation) 227M->221M(512M) 0.682ms
[2026-03-23T17:28:12.148+0900][11.796s][info][gc,cpu      ] GC(264) User=0.00s Sys=0.00s Real=0.00s
[2026-03-23T17:28:12.148+0900][11.796s][info][gc          ] GC(265) Concurrent Undo Cycle
[2026-03-23T17:28:12.149+0900][11.797s][info][gc,marking  ] GC(265) Concurrent Clear Claimed Marks
[2026-03-23T17:28:12.149+0900][11.797s][info][gc,marking  ] GC(265) Concurrent Clear Claimed Marks 0.009ms
[2026-03-23T17:28:12.149+0900][11.797s][info][gc,marking  ] GC(265) Concurrent Cleanup for Next Mark
[2026-03-23T17:28:12.149+0900][11.797s][info][gc,marking  ] GC(265) Concurrent Cleanup for Next Mark 0.033ms
[2026-03-23T17:28:12.149+0900][11.797s][info][gc          ] GC(265) Concurrent Undo Cycle 0.100ms
[2026-03-23T17:28:12.161+0900][11.809s][info][gc,start    ] GC(266) Pause Young (Concurrent Start) (G1 Humongous Allocation)
[2026-03-23T17:28:12.161+0900][11.809s][info][gc,task     ] GC(266) Using 11 workers of 11 for evacuation
[2026-03-23T17:28:12.162+0900][11.810s][info][gc,phases   ] GC(266)   Pre Evacuate Collection Set: 0.21ms
[2026-03-23T17:28:12.162+0900][11.810s][info][gc,phases   ] GC(266)   Merge Heap Roots: 0.03ms
[2026-03-23T17:28:12.162+0900][11.810s][info][gc,phases   ] GC(266)   Evacuate Collection Set: 0.12ms
[2026-03-23T17:28:12.162+0900][11.810s][info][gc,phases   ] GC(266)   Post Evacuate Collection Set: 0.09ms
[2026-03-23T17:28:12.162+0900][11.810s][info][gc,phases   ] GC(266)   Other: 0.03ms
[2026-03-23T17:28:12.162+0900][11.810s][info][gc,heap     ] GC(266) Eden regions: 1->0(260)
[2026-03-23T17:28:12.162+0900][11.810s][info][gc,heap     ] GC(266) Survivor regions: 1->1(33)
[2026-03-23T17:28:12.162+0900][11.810s][info][gc,heap     ] GC(266) Old regions: 5->5
[2026-03-23T17:28:12.162+0900][11.810s][info][gc,heap     ] GC(266) Humongous regions: 225->219
[2026-03-23T17:28:12.162+0900][11.810s][info][gc,metaspace] GC(266) Metaspace: 237K(448K)->237K(448K) NonClass: 222K(320K)->222K(320K) Class: 14K(128K)->14K(128K)
[2026-03-23T17:28:12.162+0900][11.810s][info][gc          ] GC(266) Pause Young (Concurrent Start) (G1 Humongous Allocation) 227M->221M(512M) 0.607ms
[2026-03-23T17:28:12.162+0900][11.810s][info][gc,cpu      ] GC(266) User=0.00s Sys=0.00s Real=0.00s
[2026-03-23T17:28:12.162+0900][11.810s][info][gc          ] GC(267) Concurrent Undo Cycle
[2026-03-23T17:28:12.162+0900][11.810s][info][gc,marking  ] GC(267) Concurrent Clear Claimed Marks
[2026-03-23T17:28:12.162+0900][11.810s][info][gc,marking  ] GC(267) Concurrent Clear Claimed Marks 0.006ms
[2026-03-23T17:28:12.162+0900][11.810s][info][gc,marking  ] GC(267) Concurrent Cleanup for Next Mark
[2026-03-23T17:28:12.162+0900][11.810s][info][gc,marking  ] GC(267) Concurrent Cleanup for Next Mark 0.028ms
[2026-03-23T17:28:12.162+0900][11.810s][info][gc          ] GC(267) Concurrent Undo Cycle 0.075ms
[2026-03-23T17:28:12.168+0900][11.816s][info][gc,start    ] GC(268) Pause Young (Concurrent Start) (G1 Humongous Allocation)
[2026-03-23T17:28:12.168+0900][11.816s][info][gc,task     ] GC(268) Using 11 workers of 11 for evacuation
[2026-03-23T17:28:12.169+0900][11.817s][info][gc,phases   ] GC(268)   Pre Evacuate Collection Set: 0.17ms
[2026-03-23T17:28:12.169+0900][11.817s][info][gc,phases   ] GC(268)   Merge Heap Roots: 0.04ms
[2026-03-23T17:28:12.169+0900][11.817s][info][gc,phases   ] GC(268)   Evacuate Collection Set: 0.15ms
[2026-03-23T17:28:12.169+0900][11.817s][info][gc,phases   ] GC(268)   Post Evacuate Collection Set: 0.11ms
[2026-03-23T17:28:12.169+0900][11.817s][info][gc,phases   ] GC(268)   Other: 0.04ms
[2026-03-23T17:28:12.169+0900][11.817s][info][gc,heap     ] GC(268) Eden regions: 1->0(257)
[2026-03-23T17:28:12.169+0900][11.817s][info][gc,heap     ] GC(268) Survivor regions: 1->1(33)
[2026-03-23T17:28:12.169+0900][11.817s][info][gc,heap     ] GC(268) Old regions: 5->5
[2026-03-23T17:28:12.169+0900][11.817s][info][gc,heap     ] GC(268) Humongous regions: 225->222
[2026-03-23T17:28:12.169+0900][11.817s][info][gc,metaspace] GC(268) Metaspace: 237K(448K)->237K(448K) NonClass: 222K(320K)->222K(320K) Class: 14K(128K)->14K(128K)
[2026-03-23T17:28:12.169+0900][11.817s][info][gc          ] GC(268) Pause Young (Concurrent Start) (G1 Humongous Allocation) 227M->224M(512M) 0.617ms
[2026-03-23T17:28:12.169+0900][11.817s][info][gc,cpu      ] GC(268) User=0.00s Sys=0.00s Real=0.00s
[2026-03-23T17:28:12.169+0900][11.817s][info][gc          ] GC(269) Concurrent Undo Cycle
[2026-03-23T17:28:12.169+0900][11.817s][info][gc,marking  ] GC(269) Concurrent Clear Claimed Marks
[2026-03-23T17:28:12.169+0900][11.817s][info][gc,marking  ] GC(269) Concurrent Clear Claimed Marks 0.007ms
[2026-03-23T17:28:12.169+0900][11.817s][info][gc,marking  ] GC(269) Concurrent Cleanup for Next Mark
[2026-03-23T17:28:12.169+0900][11.817s][info][gc,marking  ] GC(269) Concurrent Cleanup for Next Mark 0.029ms
[2026-03-23T17:28:12.169+0900][11.817s][info][gc          ] GC(269) Concurrent Undo Cycle 0.087ms
[2026-03-23T17:28:12.175+0900][11.823s][info][gc,start    ] GC(270) Pause Young (Concurrent Start) (G1 Humongous Allocation)
[2026-03-23T17:28:12.175+0900][11.823s][info][gc,task     ] GC(270) Using 11 workers of 11 for evacuation
[2026-03-23T17:28:12.176+0900][11.824s][info][gc,phases   ] GC(270)   Pre Evacuate Collection Set: 0.14ms
[2026-03-23T17:28:12.176+0900][11.824s][info][gc,phases   ] GC(270)   Merge Heap Roots: 0.05ms
[2026-03-23T17:28:12.176+0900][11.824s][info][gc,phases   ] GC(270)   Evacuate Collection Set: 0.14ms
[2026-03-23T17:28:12.176+0900][11.824s][info][gc,phases   ] GC(270)   Post Evacuate Collection Set: 0.17ms
[2026-03-23T17:28:12.176+0900][11.824s][info][gc,phases   ] GC(270)   Other: 0.08ms
[2026-03-23T17:28:12.176+0900][11.824s][info][gc,heap     ] GC(270) Eden regions: 1->0(257)
[2026-03-23T17:28:12.176+0900][11.824s][info][gc,heap     ] GC(270) Survivor regions: 1->1(33)
[2026-03-23T17:28:12.176+0900][11.824s][info][gc,heap     ] GC(270) Old regions: 5->5
[2026-03-23T17:28:12.176+0900][11.824s][info][gc,heap     ] GC(270) Humongous regions: 225->222
[2026-03-23T17:28:12.176+0900][11.824s][info][gc,metaspace] GC(270) Metaspace: 237K(448K)->237K(448K) NonClass: 222K(320K)->222K(320K) Class: 14K(128K)->14K(128K)
[2026-03-23T17:28:12.176+0900][11.824s][info][gc          ] GC(270) Pause Young (Concurrent Start) (G1 Humongous Allocation) 227M->224M(512M) 0.695ms
[2026-03-23T17:28:12.176+0900][11.824s][info][gc,cpu      ] GC(270) User=0.00s Sys=0.00s Real=0.00s
[2026-03-23T17:28:12.176+0900][11.824s][info][gc          ] GC(271) Concurrent Undo Cycle
[2026-03-23T17:28:12.176+0900][11.824s][info][gc,marking  ] GC(271) Concurrent Clear Claimed Marks
[2026-03-23T17:28:12.176+0900][11.824s][info][gc,marking  ] GC(271) Concurrent Clear Claimed Marks 0.007ms
[2026-03-23T17:28:12.176+0900][11.824s][info][gc,marking  ] GC(271) Concurrent Cleanup for Next Mark
[2026-03-23T17:28:12.176+0900][11.824s][info][gc,marking  ] GC(271) Concurrent Cleanup for Next Mark 0.026ms
[2026-03-23T17:28:12.176+0900][11.824s][info][gc          ] GC(271) Concurrent Undo Cycle 0.067ms
[2026-03-23T17:28:12.183+0900][11.830s][info][gc,start    ] GC(272) Pause Young (Concurrent Start) (G1 Humongous Allocation)
[2026-03-23T17:28:12.183+0900][11.831s][info][gc,task     ] GC(272) Using 11 workers of 11 for evacuation
[2026-03-23T17:28:12.183+0900][11.831s][info][gc,phases   ] GC(272)   Pre Evacuate Collection Set: 0.20ms
[2026-03-23T17:28:12.183+0900][11.831s][info][gc,phases   ] GC(272)   Merge Heap Roots: 0.05ms
[2026-03-23T17:28:12.183+0900][11.831s][info][gc,phases   ] GC(272)   Evacuate Collection Set: 0.21ms
[2026-03-23T17:28:12.183+0900][11.831s][info][gc,phases   ] GC(272)   Post Evacuate Collection Set: 0.16ms
[2026-03-23T17:28:12.183+0900][11.831s][info][gc,phases   ] GC(272)   Other: 0.05ms
[2026-03-23T17:28:12.183+0900][11.831s][info][gc,heap     ] GC(272) Eden regions: 1->0(257)
[2026-03-23T17:28:12.183+0900][11.831s][info][gc,heap     ] GC(272) Survivor regions: 1->1(33)
[2026-03-23T17:28:12.183+0900][11.831s][info][gc,heap     ] GC(272) Old regions: 5->5
[2026-03-23T17:28:12.183+0900][11.831s][info][gc,heap     ] GC(272) Humongous regions: 225->222
[2026-03-23T17:28:12.183+0900][11.831s][info][gc,metaspace] GC(272) Metaspace: 237K(448K)->237K(448K) NonClass: 222K(320K)->222K(320K) Class: 14K(128K)->14K(128K)
[2026-03-23T17:28:12.183+0900][11.831s][info][gc          ] GC(272) Pause Young (Concurrent Start) (G1 Humongous Allocation) 227M->224M(512M) 0.805ms
[2026-03-23T17:28:12.183+0900][11.831s][info][gc,cpu      ] GC(272) User=0.00s Sys=0.00s Real=0.00s
[2026-03-23T17:28:12.183+0900][11.831s][info][gc          ] GC(273) Concurrent Undo Cycle
[2026-03-23T17:28:12.183+0900][11.831s][info][gc,marking  ] GC(273) Concurrent Clear Claimed Marks
[2026-03-23T17:28:12.183+0900][11.831s][info][gc,marking  ] GC(273) Concurrent Clear Claimed Marks 0.007ms
[2026-03-23T17:28:12.183+0900][11.831s][info][gc,marking  ] GC(273) Concurrent Cleanup for Next Mark
[2026-03-23T17:28:12.183+0900][11.831s][info][gc,marking  ] GC(273) Concurrent Cleanup for Next Mark 0.035ms
[2026-03-23T17:28:12.183+0900][11.831s][info][gc          ] GC(273) Concurrent Undo Cycle 0.085ms
[2026-03-23T17:28:12.190+0900][11.838s][info][gc,start    ] GC(274) Pause Young (Concurrent Start) (G1 Humongous Allocation)
[2026-03-23T17:28:12.190+0900][11.838s][info][gc,task     ] GC(274) Using 11 workers of 11 for evacuation
[2026-03-23T17:28:12.190+0900][11.838s][info][gc,phases   ] GC(274)   Pre Evacuate Collection Set: 0.16ms
[2026-03-23T17:28:12.190+0900][11.838s][info][gc,phases   ] GC(274)   Merge Heap Roots: 0.05ms
[2026-03-23T17:28:12.190+0900][11.838s][info][gc,phases   ] GC(274)   Evacuate Collection Set: 0.14ms
[2026-03-23T17:28:12.190+0900][11.838s][info][gc,phases   ] GC(274)   Post Evacuate Collection Set: 0.11ms
[2026-03-23T17:28:12.190+0900][11.838s][info][gc,phases   ] GC(274)   Other: 0.04ms
[2026-03-23T17:28:12.190+0900][11.838s][info][gc,heap     ] GC(274) Eden regions: 1->0(257)
[2026-03-23T17:28:12.190+0900][11.838s][info][gc,heap     ] GC(274) Survivor regions: 1->1(33)
[2026-03-23T17:28:12.190+0900][11.838s][info][gc,heap     ] GC(274) Old regions: 5->5
[2026-03-23T17:28:12.190+0900][11.838s][info][gc,heap     ] GC(274) Humongous regions: 225->222
[2026-03-23T17:28:12.190+0900][11.838s][info][gc,metaspace] GC(274) Metaspace: 237K(448K)->237K(448K) NonClass: 222K(320K)->222K(320K) Class: 14K(128K)->14K(128K)
[2026-03-23T17:28:12.190+0900][11.838s][info][gc          ] GC(274) Pause Young (Concurrent Start) (G1 Humongous Allocation) 227M->224M(512M) 0.602ms
[2026-03-23T17:28:12.190+0900][11.838s][info][gc,cpu      ] GC(274) User=0.00s Sys=0.01s Real=0.00s
[2026-03-23T17:28:12.190+0900][11.838s][info][gc          ] GC(275) Concurrent Undo Cycle
[2026-03-23T17:28:12.190+0900][11.838s][info][gc,marking  ] GC(275) Concurrent Clear Claimed Marks
[2026-03-23T17:28:12.190+0900][11.838s][info][gc,marking  ] GC(275) Concurrent Clear Claimed Marks 0.008ms
[2026-03-23T17:28:12.190+0900][11.838s][info][gc,marking  ] GC(275) Concurrent Cleanup for Next Mark
[2026-03-23T17:28:12.190+0900][11.838s][info][gc,marking  ] GC(275) Concurrent Cleanup for Next Mark 0.078ms
[2026-03-23T17:28:12.191+0900][11.838s][info][gc          ] GC(275) Concurrent Undo Cycle 0.129ms
[2026-03-23T17:28:12.197+0900][11.845s][info][gc,start    ] GC(276) Pause Young (Concurrent Start) (G1 Humongous Allocation)
[2026-03-23T17:28:12.197+0900][11.845s][info][gc,task     ] GC(276) Using 11 workers of 11 for evacuation
[2026-03-23T17:28:12.197+0900][11.845s][info][gc,phases   ] GC(276)   Pre Evacuate Collection Set: 0.12ms
[2026-03-23T17:28:12.197+0900][11.845s][info][gc,phases   ] GC(276)   Merge Heap Roots: 0.04ms
[2026-03-23T17:28:12.197+0900][11.845s][info][gc,phases   ] GC(276)   Evacuate Collection Set: 0.15ms
[2026-03-23T17:28:12.197+0900][11.845s][info][gc,phases   ] GC(276)   Post Evacuate Collection Set: 0.10ms
[2026-03-23T17:28:12.197+0900][11.845s][info][gc,phases   ] GC(276)   Other: 0.06ms
[2026-03-23T17:28:12.197+0900][11.845s][info][gc,heap     ] GC(276) Eden regions: 1->0(257)
[2026-03-23T17:28:12.197+0900][11.845s][info][gc,heap     ] GC(276) Survivor regions: 1->1(33)
[2026-03-23T17:28:12.197+0900][11.845s][info][gc,heap     ] GC(276) Old regions: 5->5
[2026-03-23T17:28:12.197+0900][11.845s][info][gc,heap     ] GC(276) Humongous regions: 225->222
[2026-03-23T17:28:12.197+0900][11.845s][info][gc,metaspace] GC(276) Metaspace: 237K(448K)->237K(448K) NonClass: 222K(320K)->222K(320K) Class: 14K(128K)->14K(128K)
[2026-03-23T17:28:12.197+0900][11.845s][info][gc          ] GC(276) Pause Young (Concurrent Start) (G1 Humongous Allocation) 227M->224M(512M) 0.592ms
[2026-03-23T17:28:12.197+0900][11.845s][info][gc,cpu      ] GC(276) User=0.01s Sys=0.00s Real=0.00s
[2026-03-23T17:28:12.197+0900][11.845s][info][gc          ] GC(277) Concurrent Undo Cycle
[2026-03-23T17:28:12.197+0900][11.845s][info][gc,marking  ] GC(277) Concurrent Clear Claimed Marks
[2026-03-23T17:28:12.197+0900][11.845s][info][gc,marking  ] GC(277) Concurrent Clear Claimed Marks 0.007ms
[2026-03-23T17:28:12.197+0900][11.845s][info][gc,marking  ] GC(277) Concurrent Cleanup for Next Mark
[2026-03-23T17:28:12.197+0900][11.845s][info][gc,marking  ] GC(277) Concurrent Cleanup for Next Mark 0.034ms
[2026-03-23T17:28:12.197+0900][11.845s][info][gc          ] GC(277) Concurrent Undo Cycle 0.087ms
[2026-03-23T17:28:12.204+0900][11.852s][info][gc,start    ] GC(278) Pause Young (Concurrent Start) (G1 Humongous Allocation)
[2026-03-23T17:28:12.204+0900][11.852s][info][gc,task     ] GC(278) Using 11 workers of 11 for evacuation
[2026-03-23T17:28:12.204+0900][11.852s][info][gc,phases   ] GC(278)   Pre Evacuate Collection Set: 0.22ms
[2026-03-23T17:28:12.204+0900][11.852s][info][gc,phases   ] GC(278)   Merge Heap Roots: 0.03ms
[2026-03-23T17:28:12.204+0900][11.852s][info][gc,phases   ] GC(278)   Evacuate Collection Set: 0.16ms
[2026-03-23T17:28:12.204+0900][11.852s][info][gc,phases   ] GC(278)   Post Evacuate Collection Set: 0.09ms
[2026-03-23T17:28:12.204+0900][11.852s][info][gc,phases   ] GC(278)   Other: 0.04ms
[2026-03-23T17:28:12.204+0900][11.852s][info][gc,heap     ] GC(278) Eden regions: 1->0(257)
[2026-03-23T17:28:12.204+0900][11.852s][info][gc,heap     ] GC(278) Survivor regions: 1->1(33)
[2026-03-23T17:28:12.204+0900][11.852s][info][gc,heap     ] GC(278) Old regions: 5->5
[2026-03-23T17:28:12.204+0900][11.852s][info][gc,heap     ] GC(278) Humongous regions: 225->222
[2026-03-23T17:28:12.204+0900][11.852s][info][gc,metaspace] GC(278) Metaspace: 237K(448K)->237K(448K) NonClass: 222K(320K)->222K(320K) Class: 14K(128K)->14K(128K)
[2026-03-23T17:28:12.204+0900][11.852s][info][gc          ] GC(278) Pause Young (Concurrent Start) (G1 Humongous Allocation) 227M->224M(512M) 0.662ms
[2026-03-23T17:28:12.204+0900][11.852s][info][gc,cpu      ] GC(278) User=0.00s Sys=0.00s Real=0.00s
[2026-03-23T17:28:12.204+0900][11.852s][info][gc          ] GC(279) Concurrent Undo Cycle
[2026-03-23T17:28:12.205+0900][11.852s][info][gc,marking  ] GC(279) Concurrent Clear Claimed Marks
[2026-03-23T17:28:12.205+0900][11.853s][info][gc,marking  ] GC(279) Concurrent Clear Claimed Marks 0.006ms
[2026-03-23T17:28:12.205+0900][11.853s][info][gc,marking  ] GC(279) Concurrent Cleanup for Next Mark
[2026-03-23T17:28:12.205+0900][11.853s][info][gc,marking  ] GC(279) Concurrent Cleanup for Next Mark 0.035ms
[2026-03-23T17:28:12.205+0900][11.853s][info][gc          ] GC(279) Concurrent Undo Cycle 0.080ms
[2026-03-23T17:28:12.211+0900][11.859s][info][gc,start    ] GC(280) Pause Young (Concurrent Start) (G1 Humongous Allocation)
[2026-03-23T17:28:12.211+0900][11.859s][info][gc,task     ] GC(280) Using 11 workers of 11 for evacuation
[2026-03-23T17:28:12.211+0900][11.859s][info][gc,phases   ] GC(280)   Pre Evacuate Collection Set: 0.14ms
[2026-03-23T17:28:12.211+0900][11.859s][info][gc,phases   ] GC(280)   Merge Heap Roots: 0.02ms
[2026-03-23T17:28:12.211+0900][11.859s][info][gc,phases   ] GC(280)   Evacuate Collection Set: 0.16ms
[2026-03-23T17:28:12.211+0900][11.859s][info][gc,phases   ] GC(280)   Post Evacuate Collection Set: 0.09ms
[2026-03-23T17:28:12.211+0900][11.859s][info][gc,phases   ] GC(280)   Other: 0.04ms
[2026-03-23T17:28:12.211+0900][11.859s][info][gc,heap     ] GC(280) Eden regions: 1->0(257)
[2026-03-23T17:28:12.211+0900][11.859s][info][gc,heap     ] GC(280) Survivor regions: 1->1(33)
[2026-03-23T17:28:12.211+0900][11.859s][info][gc,heap     ] GC(280) Old regions: 5->5
[2026-03-23T17:28:12.211+0900][11.859s][info][gc,heap     ] GC(280) Humongous regions: 225->222
[2026-03-23T17:28:12.211+0900][11.859s][info][gc,metaspace] GC(280) Metaspace: 237K(448K)->237K(448K) NonClass: 222K(320K)->222K(320K) Class: 14K(128K)->14K(128K)
[2026-03-23T17:28:12.211+0900][11.859s][info][gc          ] GC(280) Pause Young (Concurrent Start) (G1 Humongous Allocation) 227M->224M(512M) 0.563ms
[2026-03-23T17:28:12.211+0900][11.859s][info][gc,cpu      ] GC(280) User=0.00s Sys=0.00s Real=0.00s
[2026-03-23T17:28:12.211+0900][11.859s][info][gc          ] GC(281) Concurrent Undo Cycle
[2026-03-23T17:28:12.212+0900][11.859s][info][gc,marking  ] GC(281) Concurrent Clear Claimed Marks
[2026-03-23T17:28:12.212+0900][11.860s][info][gc,marking  ] GC(281) Concurrent Clear Claimed Marks 0.006ms
[2026-03-23T17:28:12.212+0900][11.860s][info][gc,marking  ] GC(281) Concurrent Cleanup for Next Mark
[2026-03-23T17:28:12.212+0900][11.860s][info][gc,marking  ] GC(281) Concurrent Cleanup for Next Mark 0.029ms
[2026-03-23T17:28:12.212+0900][11.860s][info][gc          ] GC(281) Concurrent Undo Cycle 0.074ms
[2026-03-23T17:28:12.218+0900][11.866s][info][gc,start    ] GC(282) Pause Young (Concurrent Start) (G1 Humongous Allocation)
[2026-03-23T17:28:12.218+0900][11.866s][info][gc,task     ] GC(282) Using 11 workers of 11 for evacuation
[2026-03-23T17:28:12.218+0900][11.866s][info][gc,phases   ] GC(282)   Pre Evacuate Collection Set: 0.16ms
[2026-03-23T17:28:12.218+0900][11.866s][info][gc,phases   ] GC(282)   Merge Heap Roots: 0.04ms
[2026-03-23T17:28:12.218+0900][11.866s][info][gc,phases   ] GC(282)   Evacuate Collection Set: 0.15ms
[2026-03-23T17:28:12.218+0900][11.866s][info][gc,phases   ] GC(282)   Post Evacuate Collection Set: 0.10ms
[2026-03-23T17:28:12.218+0900][11.866s][info][gc,phases   ] GC(282)   Other: 0.04ms
[2026-03-23T17:28:12.218+0900][11.866s][info][gc,heap     ] GC(282) Eden regions: 1->0(257)
[2026-03-23T17:28:12.218+0900][11.866s][info][gc,heap     ] GC(282) Survivor regions: 1->1(33)
[2026-03-23T17:28:12.218+0900][11.866s][info][gc,heap     ] GC(282) Old regions: 5->5
[2026-03-23T17:28:12.218+0900][11.866s][info][gc,heap     ] GC(282) Humongous regions: 225->222
[2026-03-23T17:28:12.218+0900][11.866s][info][gc,metaspace] GC(282) Metaspace: 237K(448K)->237K(448K) NonClass: 222K(320K)->222K(320K) Class: 14K(128K)->14K(128K)
[2026-03-23T17:28:12.218+0900][11.866s][info][gc          ] GC(282) Pause Young (Concurrent Start) (G1 Humongous Allocation) 227M->224M(512M) 0.622ms
[2026-03-23T17:28:12.218+0900][11.866s][info][gc,cpu      ] GC(282) User=0.00s Sys=0.00s Real=0.00s
[2026-03-23T17:28:12.218+0900][11.866s][info][gc          ] GC(283) Concurrent Undo Cycle
[2026-03-23T17:28:12.218+0900][11.866s][info][gc,marking  ] GC(283) Concurrent Clear Claimed Marks
[2026-03-23T17:28:12.218+0900][11.866s][info][gc,marking  ] GC(283) Concurrent Clear Claimed Marks 0.007ms
[2026-03-23T17:28:12.218+0900][11.866s][info][gc,marking  ] GC(283) Concurrent Cleanup for Next Mark
[2026-03-23T17:28:12.218+0900][11.866s][info][gc,marking  ] GC(283) Concurrent Cleanup for Next Mark 0.043ms
[2026-03-23T17:28:12.218+0900][11.866s][info][gc          ] GC(283) Concurrent Undo Cycle 0.096ms
[2026-03-23T17:28:12.218+0900][11.866s][info][gc,start    ] GC(284) Pause Young (Concurrent Start) (G1 Humongous Allocation)
[2026-03-23T17:28:12.218+0900][11.866s][info][gc,task     ] GC(284) Using 11 workers of 11 for evacuation
[2026-03-23T17:28:12.219+0900][11.867s][info][gc,phases   ] GC(284)   Pre Evacuate Collection Set: 0.11ms
[2026-03-23T17:28:12.219+0900][11.867s][info][gc,phases   ] GC(284)   Merge Heap Roots: 0.02ms
[2026-03-23T17:28:12.219+0900][11.867s][info][gc,phases   ] GC(284)   Evacuate Collection Set: 0.12ms
[2026-03-23T17:28:12.219+0900][11.867s][info][gc,phases   ] GC(284)   Post Evacuate Collection Set: 0.08ms
[2026-03-23T17:28:12.219+0900][11.867s][info][gc,phases   ] GC(284)   Other: 0.03ms
[2026-03-23T17:28:12.219+0900][11.867s][info][gc,heap     ] GC(284) Eden regions: 1->0(254)
[2026-03-23T17:28:12.219+0900][11.867s][info][gc,heap     ] GC(284) Survivor regions: 1->1(33)
[2026-03-23T17:28:12.219+0900][11.867s][info][gc,heap     ] GC(284) Old regions: 5->5
[2026-03-23T17:28:12.219+0900][11.867s][info][gc,heap     ] GC(284) Humongous regions: 225->225
[2026-03-23T17:28:12.219+0900][11.867s][info][gc,metaspace] GC(284) Metaspace: 237K(448K)->237K(448K) NonClass: 222K(320K)->222K(320K) Class: 14K(128K)->14K(128K)
[2026-03-23T17:28:12.219+0900][11.867s][info][gc          ] GC(284) Pause Young (Concurrent Start) (G1 Humongous Allocation) 227M->227M(512M) 0.440ms
[2026-03-23T17:28:12.219+0900][11.867s][info][gc,cpu      ] GC(284) User=0.00s Sys=0.00s Real=0.00s
[2026-03-23T17:28:12.219+0900][11.867s][info][gc          ] GC(285) Concurrent Undo Cycle
[2026-03-23T17:28:12.219+0900][11.867s][info][gc,marking  ] GC(285) Concurrent Clear Claimed Marks
[2026-03-23T17:28:12.219+0900][11.867s][info][gc,marking  ] GC(285) Concurrent Clear Claimed Marks 0.005ms
[2026-03-23T17:28:12.219+0900][11.867s][info][gc,marking  ] GC(285) Concurrent Cleanup for Next Mark
[2026-03-23T17:28:12.219+0900][11.867s][info][gc,marking  ] GC(285) Concurrent Cleanup for Next Mark 0.032ms
[2026-03-23T17:28:12.219+0900][11.867s][info][gc          ] GC(285) Concurrent Undo Cycle 0.068ms
[2026-03-23T17:28:12.225+0900][11.873s][info][gc,start    ] GC(286) Pause Young (Concurrent Start) (G1 Humongous Allocation)
[2026-03-23T17:28:12.225+0900][11.873s][info][gc,task     ] GC(286) Using 11 workers of 11 for evacuation
[2026-03-23T17:28:12.226+0900][11.874s][info][gc,phases   ] GC(286)   Pre Evacuate Collection Set: 0.13ms
[2026-03-23T17:28:12.226+0900][11.874s][info][gc,phases   ] GC(286)   Merge Heap Roots: 0.05ms
[2026-03-23T17:28:12.226+0900][11.874s][info][gc,phases   ] GC(286)   Evacuate Collection Set: 0.14ms
[2026-03-23T17:28:12.226+0900][11.874s][info][gc,phases   ] GC(286)   Post Evacuate Collection Set: 0.10ms
[2026-03-23T17:28:12.226+0900][11.874s][info][gc,phases   ] GC(286)   Other: 0.05ms
[2026-03-23T17:28:12.226+0900][11.874s][info][gc,heap     ] GC(286) Eden regions: 1->0(254)
[2026-03-23T17:28:12.226+0900][11.874s][info][gc,heap     ] GC(286) Survivor regions: 1->1(32)
[2026-03-23T17:28:12.226+0900][11.874s][info][gc,heap     ] GC(286) Old regions: 5->5
[2026-03-23T17:28:12.226+0900][11.874s][info][gc,heap     ] GC(286) Humongous regions: 228->225
[2026-03-23T17:28:12.226+0900][11.874s][info][gc,metaspace] GC(286) Metaspace: 237K(448K)->237K(448K) NonClass: 222K(320K)->222K(320K) Class: 14K(128K)->14K(128K)
[2026-03-23T17:28:12.226+0900][11.874s][info][gc          ] GC(286) Pause Young (Concurrent Start) (G1 Humongous Allocation) 230M->227M(512M) 0.641ms
[2026-03-23T17:28:12.226+0900][11.874s][info][gc,cpu      ] GC(286) User=0.00s Sys=0.00s Real=0.00s
[2026-03-23T17:28:12.226+0900][11.874s][info][gc          ] GC(287) Concurrent Undo Cycle
[2026-03-23T17:28:12.226+0900][11.874s][info][gc,marking  ] GC(287) Concurrent Clear Claimed Marks
[2026-03-23T17:28:12.226+0900][11.874s][info][gc,marking  ] GC(287) Concurrent Clear Claimed Marks 0.010ms
[2026-03-23T17:28:12.226+0900][11.874s][info][gc,marking  ] GC(287) Concurrent Cleanup for Next Mark
[2026-03-23T17:28:12.226+0900][11.874s][info][gc,marking  ] GC(287) Concurrent Cleanup for Next Mark 0.027ms
[2026-03-23T17:28:12.226+0900][11.874s][info][gc          ] GC(287) Concurrent Undo Cycle 0.109ms
[2026-03-23T17:28:12.232+0900][11.880s][info][gc,start    ] GC(288) Pause Young (Concurrent Start) (G1 Humongous Allocation)
[2026-03-23T17:28:12.232+0900][11.880s][info][gc,task     ] GC(288) Using 11 workers of 11 for evacuation
[2026-03-23T17:28:12.233+0900][11.881s][info][gc,phases   ] GC(288)   Pre Evacuate Collection Set: 0.20ms
[2026-03-23T17:28:12.233+0900][11.881s][info][gc,phases   ] GC(288)   Merge Heap Roots: 0.04ms
[2026-03-23T17:28:12.233+0900][11.881s][info][gc,phases   ] GC(288)   Evacuate Collection Set: 0.10ms
[2026-03-23T17:28:12.233+0900][11.881s][info][gc,phases   ] GC(288)   Post Evacuate Collection Set: 0.09ms
[2026-03-23T17:28:12.233+0900][11.881s][info][gc,phases   ] GC(288)   Other: 0.05ms
[2026-03-23T17:28:12.233+0900][11.881s][info][gc,heap     ] GC(288) Eden regions: 1->0(254)
[2026-03-23T17:28:12.233+0900][11.881s][info][gc,heap     ] GC(288) Survivor regions: 1->1(32)
[2026-03-23T17:28:12.233+0900][11.881s][info][gc,heap     ] GC(288) Old regions: 5->5
[2026-03-23T17:28:12.233+0900][11.881s][info][gc,heap     ] GC(288) Humongous regions: 228->225
[2026-03-23T17:28:12.233+0900][11.881s][info][gc,metaspace] GC(288) Metaspace: 237K(448K)->237K(448K) NonClass: 222K(320K)->222K(320K) Class: 14K(128K)->14K(128K)
[2026-03-23T17:28:12.233+0900][11.881s][info][gc          ] GC(288) Pause Young (Concurrent Start) (G1 Humongous Allocation) 230M->227M(512M) 0.602ms
[2026-03-23T17:28:12.233+0900][11.881s][info][gc,cpu      ] GC(288) User=0.00s Sys=0.00s Real=0.00s
[2026-03-23T17:28:12.233+0900][11.881s][info][gc          ] GC(289) Concurrent Undo Cycle
[2026-03-23T17:28:12.233+0900][11.881s][info][gc,marking  ] GC(289) Concurrent Clear Claimed Marks
[2026-03-23T17:28:12.233+0900][11.881s][info][gc,marking  ] GC(289) Concurrent Clear Claimed Marks 0.007ms
[2026-03-23T17:28:12.233+0900][11.881s][info][gc,marking  ] GC(289) Concurrent Cleanup for Next Mark
[2026-03-23T17:28:12.233+0900][11.881s][info][gc,marking  ] GC(289) Concurrent Cleanup for Next Mark 0.031ms
[2026-03-23T17:28:12.233+0900][11.881s][info][gc          ] GC(289) Concurrent Undo Cycle 0.077ms
[2026-03-23T17:28:12.239+0900][11.887s][info][gc,start    ] GC(290) Pause Young (Concurrent Start) (G1 Humongous Allocation)
[2026-03-23T17:28:12.239+0900][11.887s][info][gc,task     ] GC(290) Using 11 workers of 11 for evacuation
[2026-03-23T17:28:12.240+0900][11.888s][info][gc,phases   ] GC(290)   Pre Evacuate Collection Set: 0.18ms
[2026-03-23T17:28:12.240+0900][11.888s][info][gc,phases   ] GC(290)   Merge Heap Roots: 0.03ms
[2026-03-23T17:28:12.240+0900][11.888s][info][gc,phases   ] GC(290)   Evacuate Collection Set: 0.16ms
[2026-03-23T17:28:12.240+0900][11.888s][info][gc,phases   ] GC(290)   Post Evacuate Collection Set: 0.08ms
[2026-03-23T17:28:12.240+0900][11.888s][info][gc,phases   ] GC(290)   Other: 0.03ms
[2026-03-23T17:28:12.240+0900][11.888s][info][gc,heap     ] GC(290) Eden regions: 1->0(254)
[2026-03-23T17:28:12.240+0900][11.888s][info][gc,heap     ] GC(290) Survivor regions: 1->1(32)
[2026-03-23T17:28:12.240+0900][11.888s][info][gc,heap     ] GC(290) Old regions: 5->5
[2026-03-23T17:28:12.240+0900][11.888s][info][gc,heap     ] GC(290) Humongous regions: 228->225
[2026-03-23T17:28:12.240+0900][11.888s][info][gc,metaspace] GC(290) Metaspace: 237K(448K)->237K(448K) NonClass: 222K(320K)->222K(320K) Class: 14K(128K)->14K(128K)
[2026-03-23T17:28:12.240+0900][11.888s][info][gc          ] GC(290) Pause Young (Concurrent Start) (G1 Humongous Allocation) 230M->227M(512M) 0.568ms
[2026-03-23T17:28:12.240+0900][11.888s][info][gc,cpu      ] GC(290) User=0.00s Sys=0.00s Real=0.01s
[2026-03-23T17:28:12.240+0900][11.888s][info][gc          ] GC(291) Concurrent Undo Cycle
[2026-03-23T17:28:12.240+0900][11.888s][info][gc,marking  ] GC(291) Concurrent Clear Claimed Marks
[2026-03-23T17:28:12.240+0900][11.888s][info][gc,marking  ] GC(291) Concurrent Clear Claimed Marks 0.006ms
[2026-03-23T17:28:12.240+0900][11.888s][info][gc,marking  ] GC(291) Concurrent Cleanup for Next Mark
[2026-03-23T17:28:12.240+0900][11.888s][info][gc,marking  ] GC(291) Concurrent Cleanup for Next Mark 0.021ms
[2026-03-23T17:28:12.240+0900][11.888s][info][gc          ] GC(291) Concurrent Undo Cycle 0.066ms
[2026-03-23T17:28:12.246+0900][11.894s][info][gc,start    ] GC(292) Pause Young (Concurrent Start) (G1 Humongous Allocation)
[2026-03-23T17:28:12.246+0900][11.894s][info][gc,task     ] GC(292) Using 11 workers of 11 for evacuation
[2026-03-23T17:28:12.247+0900][11.895s][info][gc,phases   ] GC(292)   Pre Evacuate Collection Set: 0.18ms
[2026-03-23T17:28:12.247+0900][11.895s][info][gc,phases   ] GC(292)   Merge Heap Roots: 0.04ms
[2026-03-23T17:28:12.247+0900][11.895s][info][gc,phases   ] GC(292)   Evacuate Collection Set: 0.11ms
[2026-03-23T17:28:12.247+0900][11.895s][info][gc,phases   ] GC(292)   Post Evacuate Collection Set: 0.12ms
[2026-03-23T17:28:12.247+0900][11.895s][info][gc,phases   ] GC(292)   Other: 0.03ms
[2026-03-23T17:28:12.247+0900][11.895s][info][gc,heap     ] GC(292) Eden regions: 1->0(254)
[2026-03-23T17:28:12.247+0900][11.895s][info][gc,heap     ] GC(292) Survivor regions: 1->1(32)
[2026-03-23T17:28:12.247+0900][11.895s][info][gc,heap     ] GC(292) Old regions: 5->5
[2026-03-23T17:28:12.247+0900][11.895s][info][gc,heap     ] GC(292) Humongous regions: 228->225
[2026-03-23T17:28:12.247+0900][11.895s][info][gc,metaspace] GC(292) Metaspace: 237K(448K)->237K(448K) NonClass: 222K(320K)->222K(320K) Class: 14K(128K)->14K(128K)
[2026-03-23T17:28:12.247+0900][11.895s][info][gc          ] GC(292) Pause Young (Concurrent Start) (G1 Humongous Allocation) 230M->227M(512M) 0.624ms
[2026-03-23T17:28:12.247+0900][11.895s][info][gc,cpu      ] GC(292) User=0.00s Sys=0.00s Real=0.00s
[2026-03-23T17:28:12.247+0900][11.895s][info][gc          ] GC(293) Concurrent Undo Cycle
[2026-03-23T17:28:12.247+0900][11.895s][info][gc,marking  ] GC(293) Concurrent Clear Claimed Marks
[2026-03-23T17:28:12.247+0900][11.895s][info][gc,marking  ] GC(293) Concurrent Clear Claimed Marks 0.007ms
[2026-03-23T17:28:12.247+0900][11.895s][info][gc,marking  ] GC(293) Concurrent Cleanup for Next Mark
[2026-03-23T17:28:12.247+0900][11.895s][info][gc,marking  ] GC(293) Concurrent Cleanup for Next Mark 0.026ms
[2026-03-23T17:28:12.247+0900][11.895s][info][gc          ] GC(293) Concurrent Undo Cycle 0.079ms
[2026-03-23T17:28:12.253+0900][11.901s][info][gc,start    ] GC(294) Pause Young (Concurrent Start) (G1 Humongous Allocation)
[2026-03-23T17:28:12.253+0900][11.901s][info][gc,task     ] GC(294) Using 11 workers of 11 for evacuation
[2026-03-23T17:28:12.254+0900][11.902s][info][gc,phases   ] GC(294)   Pre Evacuate Collection Set: 0.17ms
[2026-03-23T17:28:12.254+0900][11.902s][info][gc,phases   ] GC(294)   Merge Heap Roots: 0.04ms
[2026-03-23T17:28:12.254+0900][11.902s][info][gc,phases   ] GC(294)   Evacuate Collection Set: 0.12ms
[2026-03-23T17:28:12.254+0900][11.902s][info][gc,phases   ] GC(294)   Post Evacuate Collection Set: 0.11ms
[2026-03-23T17:28:12.254+0900][11.902s][info][gc,phases   ] GC(294)   Other: 0.04ms
[2026-03-23T17:28:12.254+0900][11.902s][info][gc,heap     ] GC(294) Eden regions: 1->0(254)
[2026-03-23T17:28:12.254+0900][11.902s][info][gc,heap     ] GC(294) Survivor regions: 1->1(32)
[2026-03-23T17:28:12.254+0900][11.902s][info][gc,heap     ] GC(294) Old regions: 5->5
[2026-03-23T17:28:12.254+0900][11.902s][info][gc,heap     ] GC(294) Humongous regions: 228->225
[2026-03-23T17:28:12.254+0900][11.902s][info][gc,metaspace] GC(294) Metaspace: 237K(448K)->237K(448K) NonClass: 222K(320K)->222K(320K) Class: 14K(128K)->14K(128K)
[2026-03-23T17:28:12.254+0900][11.902s][info][gc          ] GC(294) Pause Young (Concurrent Start) (G1 Humongous Allocation) 230M->227M(512M) 0.632ms
[2026-03-23T17:28:12.254+0900][11.902s][info][gc,cpu      ] GC(294) User=0.00s Sys=0.00s Real=0.00s
[2026-03-23T17:28:12.254+0900][11.902s][info][gc          ] GC(295) Concurrent Undo Cycle
[2026-03-23T17:28:12.254+0900][11.902s][info][gc,marking  ] GC(295) Concurrent Clear Claimed Marks
[2026-03-23T17:28:12.254+0900][11.902s][info][gc,marking  ] GC(295) Concurrent Clear Claimed Marks 0.007ms
[2026-03-23T17:28:12.254+0900][11.902s][info][gc,marking  ] GC(295) Concurrent Cleanup for Next Mark
[2026-03-23T17:28:12.254+0900][11.902s][info][gc,marking  ] GC(295) Concurrent Cleanup for Next Mark 0.027ms
[2026-03-23T17:28:12.254+0900][11.902s][info][gc          ] GC(295) Concurrent Undo Cycle 0.064ms
[2026-03-23T17:28:12.260+0900][11.908s][info][gc,start    ] GC(296) Pause Young (Concurrent Start) (G1 Humongous Allocation)
[2026-03-23T17:28:12.260+0900][11.908s][info][gc,task     ] GC(296) Using 11 workers of 11 for evacuation
[2026-03-23T17:28:12.261+0900][11.909s][info][gc,phases   ] GC(296)   Pre Evacuate Collection Set: 0.19ms
[2026-03-23T17:28:12.261+0900][11.909s][info][gc,phases   ] GC(296)   Merge Heap Roots: 0.03ms
[2026-03-23T17:28:12.261+0900][11.909s][info][gc,phases   ] GC(296)   Evacuate Collection Set: 0.11ms
[2026-03-23T17:28:12.261+0900][11.909s][info][gc,phases   ] GC(296)   Post Evacuate Collection Set: 0.10ms
[2026-03-23T17:28:12.261+0900][11.909s][info][gc,phases   ] GC(296)   Other: 0.07ms
[2026-03-23T17:28:12.261+0900][11.909s][info][gc,heap     ] GC(296) Eden regions: 1->0(254)
[2026-03-23T17:28:12.261+0900][11.909s][info][gc,heap     ] GC(296) Survivor regions: 1->1(32)
[2026-03-23T17:28:12.261+0900][11.909s][info][gc,heap     ] GC(296) Old regions: 5->5
[2026-03-23T17:28:12.261+0900][11.909s][info][gc,heap     ] GC(296) Humongous regions: 228->225
[2026-03-23T17:28:12.261+0900][11.909s][info][gc,metaspace] GC(296) Metaspace: 237K(448K)->237K(448K) NonClass: 222K(320K)->222K(320K) Class: 14K(128K)->14K(128K)
[2026-03-23T17:28:12.261+0900][11.909s][info][gc          ] GC(296) Pause Young (Concurrent Start) (G1 Humongous Allocation) 230M->227M(512M) 0.664ms
[2026-03-23T17:28:12.261+0900][11.909s][info][gc,cpu      ] GC(296) User=0.00s Sys=0.01s Real=0.00s
[2026-03-23T17:28:12.261+0900][11.909s][info][gc          ] GC(297) Concurrent Undo Cycle
[2026-03-23T17:28:12.261+0900][11.909s][info][gc,marking  ] GC(297) Concurrent Clear Claimed Marks
[2026-03-23T17:28:12.261+0900][11.909s][info][gc,marking  ] GC(297) Concurrent Clear Claimed Marks 0.007ms
[2026-03-23T17:28:12.261+0900][11.909s][info][gc,marking  ] GC(297) Concurrent Cleanup for Next Mark
[2026-03-23T17:28:12.261+0900][11.909s][info][gc,marking  ] GC(297) Concurrent Cleanup for Next Mark 0.026ms
[2026-03-23T17:28:12.261+0900][11.909s][info][gc          ] GC(297) Concurrent Undo Cycle 0.072ms
[2026-03-23T17:28:12.267+0900][11.915s][info][gc,start    ] GC(298) Pause Young (Concurrent Start) (G1 Humongous Allocation)
[2026-03-23T17:28:12.267+0900][11.915s][info][gc,task     ] GC(298) Using 11 workers of 11 for evacuation
[2026-03-23T17:28:12.268+0900][11.916s][info][gc,phases   ] GC(298)   Pre Evacuate Collection Set: 0.16ms
[2026-03-23T17:28:12.268+0900][11.916s][info][gc,phases   ] GC(298)   Merge Heap Roots: 0.04ms
[2026-03-23T17:28:12.268+0900][11.916s][info][gc,phases   ] GC(298)   Evacuate Collection Set: 0.12ms
[2026-03-23T17:28:12.268+0900][11.916s][info][gc,phases   ] GC(298)   Post Evacuate Collection Set: 0.15ms
[2026-03-23T17:28:12.268+0900][11.916s][info][gc,phases   ] GC(298)   Other: 0.04ms
[2026-03-23T17:28:12.268+0900][11.916s][info][gc,heap     ] GC(298) Eden regions: 1->0(254)
[2026-03-23T17:28:12.268+0900][11.916s][info][gc,heap     ] GC(298) Survivor regions: 1->1(32)
[2026-03-23T17:28:12.268+0900][11.916s][info][gc,heap     ] GC(298) Old regions: 5->5
[2026-03-23T17:28:12.268+0900][11.916s][info][gc,heap     ] GC(298) Humongous regions: 228->225
[2026-03-23T17:28:12.268+0900][11.916s][info][gc,metaspace] GC(298) Metaspace: 237K(448K)->237K(448K) NonClass: 222K(320K)->222K(320K) Class: 14K(128K)->14K(128K)
[2026-03-23T17:28:12.268+0900][11.916s][info][gc          ] GC(298) Pause Young (Concurrent Start) (G1 Humongous Allocation) 230M->227M(512M) 0.665ms
[2026-03-23T17:28:12.268+0900][11.916s][info][gc,cpu      ] GC(298) User=0.00s Sys=0.00s Real=0.00s
[2026-03-23T17:28:12.268+0900][11.916s][info][gc          ] GC(299) Concurrent Undo Cycle
[2026-03-23T17:28:12.268+0900][11.916s][info][gc,marking  ] GC(299) Concurrent Clear Claimed Marks
[2026-03-23T17:28:12.268+0900][11.916s][info][gc,marking  ] GC(299) Concurrent Clear Claimed Marks 0.006ms
[2026-03-23T17:28:12.268+0900][11.916s][info][gc,marking  ] GC(299) Concurrent Cleanup for Next Mark
[2026-03-23T17:28:12.268+0900][11.916s][info][gc,marking  ] GC(299) Concurrent Cleanup for Next Mark 0.029ms
[2026-03-23T17:28:12.268+0900][11.916s][info][gc          ] GC(299) Concurrent Undo Cycle 0.078ms
[2026-03-23T17:28:12.274+0900][11.922s][info][gc,start    ] GC(300) Pause Young (Concurrent Start) (G1 Humongous Allocation)
[2026-03-23T17:28:12.274+0900][11.922s][info][gc,task     ] GC(300) Using 11 workers of 11 for evacuation
[2026-03-23T17:28:12.275+0900][11.923s][info][gc,phases   ] GC(300)   Pre Evacuate Collection Set: 0.14ms
[2026-03-23T17:28:12.275+0900][11.923s][info][gc,phases   ] GC(300)   Merge Heap Roots: 0.03ms
[2026-03-23T17:28:12.275+0900][11.923s][info][gc,phases   ] GC(300)   Evacuate Collection Set: 0.19ms
[2026-03-23T17:28:12.275+0900][11.923s][info][gc,phases   ] GC(300)   Post Evacuate Collection Set: 0.13ms
[2026-03-23T17:28:12.275+0900][11.923s][info][gc,phases   ] GC(300)   Other: 0.04ms
[2026-03-23T17:28:12.275+0900][11.923s][info][gc,heap     ] GC(300) Eden regions: 1->0(254)
[2026-03-23T17:28:12.275+0900][11.923s][info][gc,heap     ] GC(300) Survivor regions: 1->1(32)
[2026-03-23T17:28:12.275+0900][11.923s][info][gc,heap     ] GC(300) Old regions: 5->5
[2026-03-23T17:28:12.275+0900][11.923s][info][gc,heap     ] GC(300) Humongous regions: 228->225
[2026-03-23T17:28:12.275+0900][11.923s][info][gc,metaspace] GC(300) Metaspace: 237K(448K)->237K(448K) NonClass: 222K(320K)->222K(320K) Class: 14K(128K)->14K(128K)
[2026-03-23T17:28:12.275+0900][11.923s][info][gc          ] GC(300) Pause Young (Concurrent Start) (G1 Humongous Allocation) 230M->227M(512M) 0.664ms
[2026-03-23T17:28:12.275+0900][11.923s][info][gc,cpu      ] GC(300) User=0.00s Sys=0.00s Real=0.00s
[2026-03-23T17:28:12.275+0900][11.923s][info][gc          ] GC(301) Concurrent Undo Cycle
[2026-03-23T17:28:12.275+0900][11.923s][info][gc,marking  ] GC(301) Concurrent Clear Claimed Marks
[2026-03-23T17:28:12.275+0900][11.923s][info][gc,marking  ] GC(301) Concurrent Clear Claimed Marks 0.006ms
[2026-03-23T17:28:12.275+0900][11.923s][info][gc,marking  ] GC(301) Concurrent Cleanup for Next Mark
[2026-03-23T17:28:12.275+0900][11.923s][info][gc,marking  ] GC(301) Concurrent Cleanup for Next Mark 0.025ms
[2026-03-23T17:28:12.275+0900][11.923s][info][gc          ] GC(301) Concurrent Undo Cycle 0.074ms
[2026-03-23T17:28:12.275+0900][11.923s][info][gc,start    ] GC(302) Pause Young (Concurrent Start) (G1 Humongous Allocation)
[2026-03-23T17:28:12.275+0900][11.923s][info][gc,task     ] GC(302) Using 11 workers of 11 for evacuation
[2026-03-23T17:28:12.276+0900][11.924s][info][gc,phases   ] GC(302)   Pre Evacuate Collection Set: 0.10ms
[2026-03-23T17:28:12.276+0900][11.924s][info][gc,phases   ] GC(302)   Merge Heap Roots: 0.04ms
[2026-03-23T17:28:12.276+0900][11.924s][info][gc,phases   ] GC(302)   Evacuate Collection Set: 0.11ms
[2026-03-23T17:28:12.276+0900][11.924s][info][gc,phases   ] GC(302)   Post Evacuate Collection Set: 0.11ms
[2026-03-23T17:28:12.276+0900][11.924s][info][gc,phases   ] GC(302)   Other: 0.03ms
[2026-03-23T17:28:12.276+0900][11.924s][info][gc,heap     ] GC(302) Eden regions: 1->0(251)
[2026-03-23T17:28:12.276+0900][11.924s][info][gc,heap     ] GC(302) Survivor regions: 1->1(32)
[2026-03-23T17:28:12.276+0900][11.924s][info][gc,heap     ] GC(302) Old regions: 5->5
[2026-03-23T17:28:12.276+0900][11.924s][info][gc,heap     ] GC(302) Humongous regions: 228->228
[2026-03-23T17:28:12.276+0900][11.924s][info][gc,metaspace] GC(302) Metaspace: 237K(448K)->237K(448K) NonClass: 222K(320K)->222K(320K) Class: 14K(128K)->14K(128K)
[2026-03-23T17:28:12.276+0900][11.924s][info][gc          ] GC(302) Pause Young (Concurrent Start) (G1 Humongous Allocation) 230M->230M(512M) 0.455ms
[2026-03-23T17:28:12.276+0900][11.924s][info][gc,cpu      ] GC(302) User=0.00s Sys=0.00s Real=0.00s
[2026-03-23T17:28:12.276+0900][11.924s][info][gc          ] GC(303) Concurrent Mark Cycle
[2026-03-23T17:28:12.276+0900][11.924s][info][gc,marking  ] GC(303) Concurrent Scan Root Regions
[2026-03-23T17:28:12.276+0900][11.924s][info][gc,marking  ] GC(303) Concurrent Scan Root Regions 0.019ms
[2026-03-23T17:28:12.276+0900][11.924s][info][gc,marking  ] GC(303) Concurrent Mark
[2026-03-23T17:28:12.276+0900][11.924s][info][gc,marking  ] GC(303) Concurrent Mark From Roots
[2026-03-23T17:28:12.276+0900][11.924s][info][gc,task     ] GC(303) Using 3 workers of 3 for marking
[2026-03-23T17:28:12.277+0900][11.925s][info][gc,marking  ] GC(303) Concurrent Mark From Roots 0.866ms
[2026-03-23T17:28:12.277+0900][11.925s][info][gc,marking  ] GC(303) Concurrent Preclean
[2026-03-23T17:28:12.277+0900][11.925s][info][gc,marking  ] GC(303) Concurrent Preclean 0.007ms
[2026-03-23T17:28:12.277+0900][11.925s][info][gc,start    ] GC(303) Pause Remark
[2026-03-23T17:28:12.277+0900][11.925s][info][gc          ] GC(303) Pause Remark 233M->112M(384M) 0.394ms
[2026-03-23T17:28:12.277+0900][11.925s][info][gc,cpu      ] GC(303) User=0.01s Sys=0.00s Real=0.00s
[2026-03-23T17:28:12.277+0900][11.925s][info][gc,marking  ] GC(303) Concurrent Mark 1.318ms
[2026-03-23T17:28:12.277+0900][11.925s][info][gc,marking  ] GC(303) Concurrent Rebuild Remembered Sets and Scrub Regions
[2026-03-23T17:28:12.277+0900][11.925s][info][gc,marking  ] GC(303) Concurrent Rebuild Remembered Sets and Scrub Regions 0.342ms
[2026-03-23T17:28:12.277+0900][11.925s][info][gc,start    ] GC(303) Pause Cleanup
[2026-03-23T17:28:12.277+0900][11.925s][info][gc          ] GC(303) Pause Cleanup 112M->112M(384M) 0.049ms
[2026-03-23T17:28:12.277+0900][11.925s][info][gc,cpu      ] GC(303) User=0.00s Sys=0.00s Real=0.00s
[2026-03-23T17:28:12.277+0900][11.925s][info][gc,marking  ] GC(303) Concurrent Clear Claimed Marks
[2026-03-23T17:28:12.277+0900][11.925s][info][gc,marking  ] GC(303) Concurrent Clear Claimed Marks 0.006ms
[2026-03-23T17:28:12.277+0900][11.925s][info][gc,marking  ] GC(303) Concurrent Cleanup for Next Mark
[2026-03-23T17:28:12.278+0900][11.926s][info][gc,marking  ] GC(303) Concurrent Cleanup for Next Mark 0.137ms
[2026-03-23T17:28:12.278+0900][11.926s][info][gc          ] GC(303) Concurrent Mark Cycle 1.957ms
[2026-03-23T17:28:13.010+0900][12.658s][info][gc,start    ] GC(304) Pause Young (Prepare Mixed) (G1 Humongous Allocation)
[2026-03-23T17:28:13.010+0900][12.658s][info][gc,task     ] GC(304) Using 11 workers of 11 for evacuation
[2026-03-23T17:28:13.011+0900][12.659s][info][gc,phases   ] GC(304)   Pre Evacuate Collection Set: 0.15ms
[2026-03-23T17:28:13.011+0900][12.659s][info][gc,phases   ] GC(304)   Merge Heap Roots: 0.05ms
[2026-03-23T17:28:13.011+0900][12.659s][info][gc,phases   ] GC(304)   Evacuate Collection Set: 0.16ms
[2026-03-23T17:28:13.011+0900][12.659s][info][gc,phases   ] GC(304)   Post Evacuate Collection Set: 0.35ms
[2026-03-23T17:28:13.011+0900][12.659s][info][gc,phases   ] GC(304)   Other: 0.04ms
[2026-03-23T17:28:13.011+0900][12.659s][info][gc,heap     ] GC(304) Eden regions: 1->0(305)
[2026-03-23T17:28:13.011+0900][12.659s][info][gc,heap     ] GC(304) Survivor regions: 1->1(2)
[2026-03-23T17:28:13.011+0900][12.659s][info][gc,heap     ] GC(304) Old regions: 3->3
[2026-03-23T17:28:13.011+0900][12.659s][info][gc,heap     ] GC(304) Humongous regions: 505->151
[2026-03-23T17:28:13.011+0900][12.659s][info][gc,metaspace] GC(304) Metaspace: 237K(448K)->237K(448K) NonClass: 222K(320K)->222K(320K) Class: 14K(128K)->14K(128K)
[2026-03-23T17:28:13.011+0900][12.659s][info][gc          ] GC(304) Pause Young (Prepare Mixed) (G1 Humongous Allocation) 506M->152M(511M) 0.985ms
[2026-03-23T17:28:13.011+0900][12.659s][info][gc,cpu      ] GC(304) User=0.00s Sys=0.00s Real=0.00s
[2026-03-23T17:28:13.023+0900][12.671s][info][gc,heap,exit] Heap
[2026-03-23T17:28:13.023+0900][12.671s][info][gc,heap,exit]  garbage-first heap   total 523264K, used 162294K [0x0000000335000000, 0x0000000355000000)
[2026-03-23T17:28:13.023+0900][12.671s][info][gc,heap,exit]   region size 1024K, 2 young (2048K), 1 survivors (1024K)
[2026-03-23T17:28:13.023+0900][12.671s][info][gc,heap,exit]  Metaspace       used 237K, committed 448K, reserved 1114112K
[2026-03-23T17:28:13.023+0900][12.671s][info][gc,heap,exit]   class space    used 14K, committed 128K, reserved 1048576K
