[2026-03-23T17:28:26.326+0900][0.004s][info][gc,init] CardTable entry size: 512
[2026-03-23T17:28:26.326+0900][0.004s][info][gc     ] Using G1
[2026-03-23T17:28:26.327+0900][0.004s][info][gc,init] Version: 21.0.9+10-LTS (release)
[2026-03-23T17:28:26.327+0900][0.004s][info][gc,init] CPUs: 14 total, 14 available
[2026-03-23T17:28:26.327+0900][0.004s][info][gc,init] Memory: 49152M
[2026-03-23T17:28:26.327+0900][0.004s][info][gc,init] Large Page Support: Disabled
[2026-03-23T17:28:26.327+0900][0.004s][info][gc,init] NUMA Support: Disabled
[2026-03-23T17:28:26.327+0900][0.004s][info][gc,init] Compressed Oops: Enabled (Zero based)
[2026-03-23T17:28:26.327+0900][0.004s][info][gc,init] Heap Region Size: 1M
[2026-03-23T17:28:26.327+0900][0.004s][info][gc,init] Heap Min Capacity: 256M
[2026-03-23T17:28:26.327+0900][0.004s][info][gc,init] Heap Initial Capacity: 256M
[2026-03-23T17:28:26.327+0900][0.004s][info][gc,init] Heap Max Capacity: 512M
[2026-03-23T17:28:26.327+0900][0.004s][info][gc,init] Pre-touch: Disabled
[2026-03-23T17:28:26.327+0900][0.004s][info][gc,init] Parallel Workers: 11
[2026-03-23T17:28:26.327+0900][0.004s][info][gc,init] Concurrent Workers: 3
[2026-03-23T17:28:26.327+0900][0.004s][info][gc,init] Concurrent Refinement Workers: 11
[2026-03-23T17:28:26.327+0900][0.004s][info][gc,init] Periodic GC: Disabled
[2026-03-23T17:28:26.329+0900][0.007s][info][gc,metaspace] CDS archive(s) mapped at: [0x000000d000000000-0x000000d000c9c000-0x000000d000c9c000), size 13221888, SharedBaseAddress: 0x000000d000000000, ArchiveRelocationMode: 1.
[2026-03-23T17:28:26.329+0900][0.007s][info][gc,metaspace] Compressed class space mapped at: 0x000000d001000000-0x000000d041000000, reserved size: 1073741824
[2026-03-23T17:28:26.329+0900][0.007s][info][gc,metaspace] Narrow klass base: 0x000000d000000000, Narrow klass shift: 0, Narrow klass range: 0x100000000
[2026-03-23T17:28:26.479+0900][0.157s][info][gc,start    ] GC(0) Pause Young (Concurrent Start) (G1 Humongous Allocation)
[2026-03-23T17:28:26.480+0900][0.157s][info][gc,task     ] GC(0) Using 6 workers of 11 for evacuation
[2026-03-23T17:28:26.480+0900][0.158s][info][gc,phases   ] GC(0)   Pre Evacuate Collection Set: 0.08ms
[2026-03-23T17:28:26.480+0900][0.158s][info][gc,phases   ] GC(0)   Merge Heap Roots: 0.03ms
[2026-03-23T17:28:26.480+0900][0.158s][info][gc,phases   ] GC(0)   Evacuate Collection Set: 0.23ms
[2026-03-23T17:28:26.480+0900][0.158s][info][gc,phases   ] GC(0)   Post Evacuate Collection Set: 0.15ms
[2026-03-23T17:28:26.480+0900][0.158s][info][gc,phases   ] GC(0)   Other: 0.20ms
[2026-03-23T17:28:26.480+0900][0.158s][info][gc,heap     ] GC(0) Eden regions: 2->0(46)
[2026-03-23T17:28:26.480+0900][0.158s][info][gc,heap     ] GC(0) Survivor regions: 0->1(3)
[2026-03-23T17:28:26.480+0900][0.158s][info][gc,heap     ] GC(0) Old regions: 2->2
[2026-03-23T17:28:26.480+0900][0.158s][info][gc,heap     ] GC(0) Humongous regions: 75->12
[2026-03-23T17:28:26.480+0900][0.158s][info][gc,metaspace] GC(0) Metaspace: 221K(384K)->221K(384K) NonClass: 206K(256K)->206K(256K) Class: 14K(128K)->14K(128K)
[2026-03-23T17:28:26.480+0900][0.158s][info][gc          ] GC(0) Pause Young (Concurrent Start) (G1 Humongous Allocation) 77M->13M(258M) 0.896ms
[2026-03-23T17:28:26.480+0900][0.158s][info][gc,cpu      ] GC(0) User=0.00s Sys=0.00s Real=0.01s
[2026-03-23T17:28:26.480+0900][0.158s][info][gc          ] GC(1) Concurrent Undo Cycle
[2026-03-23T17:28:26.480+0900][0.158s][info][gc,marking  ] GC(1) Concurrent Clear Claimed Marks
[2026-03-23T17:28:26.480+0900][0.158s][info][gc,marking  ] GC(1) Concurrent Clear Claimed Marks 0.012ms
[2026-03-23T17:28:26.480+0900][0.158s][info][gc,marking  ] GC(1) Concurrent Cleanup for Next Mark
[2026-03-23T17:28:26.480+0900][0.158s][info][gc,marking  ] GC(1) Concurrent Cleanup for Next Mark 0.019ms
[2026-03-23T17:28:26.480+0900][0.158s][info][gc          ] GC(1) Concurrent Undo Cycle 0.089ms
[2026-03-23T17:28:26.600+0900][0.277s][info][gc,start    ] GC(2) Pause Young (Concurrent Start) (G1 Humongous Allocation)
[2026-03-23T17:28:26.600+0900][0.278s][info][gc,task     ] GC(2) Using 6 workers of 11 for evacuation
[2026-03-23T17:28:26.600+0900][0.278s][info][gc,phases   ] GC(2)   Pre Evacuate Collection Set: 0.07ms
[2026-03-23T17:28:26.600+0900][0.278s][info][gc,phases   ] GC(2)   Merge Heap Roots: 0.02ms
[2026-03-23T17:28:26.600+0900][0.278s][info][gc,phases   ] GC(2)   Evacuate Collection Set: 0.23ms
[2026-03-23T17:28:26.600+0900][0.278s][info][gc,phases   ] GC(2)   Post Evacuate Collection Set: 0.08ms
[2026-03-23T17:28:26.600+0900][0.278s][info][gc,phases   ] GC(2)   Other: 0.05ms
[2026-03-23T17:28:26.600+0900][0.278s][info][gc,heap     ] GC(2) Eden regions: 1->0(128)
[2026-03-23T17:28:26.600+0900][0.278s][info][gc,heap     ] GC(2) Survivor regions: 1->1(6)
[2026-03-23T17:28:26.600+0900][0.278s][info][gc,heap     ] GC(2) Old regions: 2->2
[2026-03-23T17:28:26.600+0900][0.278s][info][gc,heap     ] GC(2) Humongous regions: 75->18
[2026-03-23T17:28:26.600+0900][0.278s][info][gc,metaspace] GC(2) Metaspace: 221K(384K)->221K(384K) NonClass: 207K(256K)->207K(256K) Class: 14K(128K)->14K(128K)
[2026-03-23T17:28:26.600+0900][0.278s][info][gc          ] GC(2) Pause Young (Concurrent Start) (G1 Humongous Allocation) 76M->19M(258M) 0.589ms
[2026-03-23T17:28:26.600+0900][0.278s][info][gc,cpu      ] GC(2) User=0.01s Sys=0.00s Real=0.00s
[2026-03-23T17:28:26.600+0900][0.278s][info][gc          ] GC(3) Concurrent Undo Cycle
[2026-03-23T17:28:26.600+0900][0.278s][info][gc,marking  ] GC(3) Concurrent Clear Claimed Marks
[2026-03-23T17:28:26.600+0900][0.278s][info][gc,marking  ] GC(3) Concurrent Clear Claimed Marks 0.007ms
[2026-03-23T17:28:26.600+0900][0.278s][info][gc,marking  ] GC(3) Concurrent Cleanup for Next Mark
[2026-03-23T17:28:26.600+0900][0.278s][info][gc,marking  ] GC(3) Concurrent Cleanup for Next Mark 0.014ms
[2026-03-23T17:28:26.600+0900][0.278s][info][gc          ] GC(3) Concurrent Undo Cycle 0.053ms
[2026-03-23T17:28:26.700+0900][0.378s][info][gc,start    ] GC(4) Pause Young (Concurrent Start) (G1 Humongous Allocation)
[2026-03-23T17:28:26.700+0900][0.378s][info][gc,task     ] GC(4) Using 6 workers of 11 for evacuation
[2026-03-23T17:28:26.701+0900][0.379s][info][gc,phases   ] GC(4)   Pre Evacuate Collection Set: 0.09ms
[2026-03-23T17:28:26.701+0900][0.379s][info][gc,phases   ] GC(4)   Merge Heap Roots: 0.03ms
[2026-03-23T17:28:26.701+0900][0.379s][info][gc,phases   ] GC(4)   Evacuate Collection Set: 0.20ms
[2026-03-23T17:28:26.701+0900][0.379s][info][gc,phases   ] GC(4)   Post Evacuate Collection Set: 0.12ms
[2026-03-23T17:28:26.701+0900][0.379s][info][gc,phases   ] GC(4)   Other: 0.05ms
[2026-03-23T17:28:26.701+0900][0.379s][info][gc,heap     ] GC(4) Eden regions: 1->0(152)
[2026-03-23T17:28:26.701+0900][0.379s][info][gc,heap     ] GC(4) Survivor regions: 1->1(17)
[2026-03-23T17:28:26.701+0900][0.379s][info][gc,heap     ] GC(4) Old regions: 2->2
[2026-03-23T17:28:26.701+0900][0.379s][info][gc,heap     ] GC(4) Humongous regions: 75->27
[2026-03-23T17:28:26.701+0900][0.379s][info][gc,metaspace] GC(4) Metaspace: 222K(384K)->222K(384K) NonClass: 207K(256K)->207K(256K) Class: 14K(128K)->14K(128K)
[2026-03-23T17:28:26.701+0900][0.379s][info][gc          ] GC(4) Pause Young (Concurrent Start) (G1 Humongous Allocation) 76M->28M(258M) 0.643ms
[2026-03-23T17:28:26.701+0900][0.379s][info][gc,cpu      ] GC(4) User=0.00s Sys=0.00s Real=0.00s
[2026-03-23T17:28:26.701+0900][0.379s][info][gc          ] GC(5) Concurrent Undo Cycle
[2026-03-23T17:28:26.701+0900][0.379s][info][gc,marking  ] GC(5) Concurrent Clear Claimed Marks
[2026-03-23T17:28:26.701+0900][0.379s][info][gc,marking  ] GC(5) Concurrent Clear Claimed Marks 0.007ms
[2026-03-23T17:28:26.701+0900][0.379s][info][gc,marking  ] GC(5) Concurrent Cleanup for Next Mark
[2026-03-23T17:28:26.701+0900][0.379s][info][gc,marking  ] GC(5) Concurrent Cleanup for Next Mark 0.014ms
[2026-03-23T17:28:26.701+0900][0.379s][info][gc          ] GC(5) Concurrent Undo Cycle 0.049ms
[2026-03-23T17:28:26.800+0900][0.478s][info][gc,start    ] GC(6) Pause Young (Concurrent Start) (G1 Humongous Allocation)
[2026-03-23T17:28:26.800+0900][0.478s][info][gc,task     ] GC(6) Using 6 workers of 11 for evacuation
[2026-03-23T17:28:26.803+0900][0.481s][info][gc,phases   ] GC(6)   Pre Evacuate Collection Set: 0.39ms
[2026-03-23T17:28:26.803+0900][0.481s][info][gc,phases   ] GC(6)   Merge Heap Roots: 1.72ms
[2026-03-23T17:28:26.803+0900][0.481s][info][gc,phases   ] GC(6)   Evacuate Collection Set: 0.33ms
[2026-03-23T17:28:26.803+0900][0.481s][info][gc,phases   ] GC(6)   Post Evacuate Collection Set: 0.18ms
[2026-03-23T17:28:26.803+0900][0.481s][info][gc,phases   ] GC(6)   Other: 0.26ms
[2026-03-23T17:28:26.803+0900][0.481s][info][gc,heap     ] GC(6) Eden regions: 1->0(152)
[2026-03-23T17:28:26.803+0900][0.481s][info][gc,heap     ] GC(6) Survivor regions: 1->1(20)
[2026-03-23T17:28:26.803+0900][0.481s][info][gc,heap     ] GC(6) Old regions: 2->2
[2026-03-23T17:28:26.803+0900][0.481s][info][gc,heap     ] GC(6) Humongous regions: 75->30
[2026-03-23T17:28:26.803+0900][0.481s][info][gc,metaspace] GC(6) Metaspace: 222K(384K)->222K(384K) NonClass: 207K(256K)->207K(256K) Class: 14K(128K)->14K(128K)
[2026-03-23T17:28:26.803+0900][0.481s][info][gc          ] GC(6) Pause Young (Concurrent Start) (G1 Humongous Allocation) 76M->31M(258M) 3.209ms
[2026-03-23T17:28:26.803+0900][0.481s][info][gc,cpu      ] GC(6) User=0.00s Sys=0.00s Real=0.00s
[2026-03-23T17:28:26.803+0900][0.481s][info][gc          ] GC(7) Concurrent Undo Cycle
[2026-03-23T17:28:26.804+0900][0.481s][info][gc,marking  ] GC(7) Concurrent Clear Claimed Marks
[2026-03-23T17:28:26.804+0900][0.481s][info][gc,marking  ] GC(7) Concurrent Clear Claimed Marks 0.010ms
[2026-03-23T17:28:26.804+0900][0.481s][info][gc,marking  ] GC(7) Concurrent Cleanup for Next Mark
[2026-03-23T17:28:26.804+0900][0.481s][info][gc,marking  ] GC(7) Concurrent Cleanup for Next Mark 0.025ms
[2026-03-23T17:28:26.804+0900][0.481s][info][gc          ] GC(7) Concurrent Undo Cycle 0.102ms
[2026-03-23T17:28:26.887+0900][0.565s][info][gc,start    ] GC(8) Pause Young (Concurrent Start) (G1 Humongous Allocation)
[2026-03-23T17:28:26.887+0900][0.565s][info][gc,task     ] GC(8) Using 6 workers of 11 for evacuation
[2026-03-23T17:28:26.888+0900][0.566s][info][gc,phases   ] GC(8)   Pre Evacuate Collection Set: 0.12ms
[2026-03-23T17:28:26.888+0900][0.566s][info][gc,phases   ] GC(8)   Merge Heap Roots: 0.06ms
[2026-03-23T17:28:26.888+0900][0.566s][info][gc,phases   ] GC(8)   Evacuate Collection Set: 0.27ms
[2026-03-23T17:28:26.888+0900][0.566s][info][gc,phases   ] GC(8)   Post Evacuate Collection Set: 0.13ms
[2026-03-23T17:28:26.888+0900][0.566s][info][gc,phases   ] GC(8)   Other: 0.07ms
[2026-03-23T17:28:26.888+0900][0.566s][info][gc,heap     ] GC(8) Eden regions: 1->0(152)
[2026-03-23T17:28:26.888+0900][0.566s][info][gc,heap     ] GC(8) Survivor regions: 1->1(20)
[2026-03-23T17:28:26.888+0900][0.566s][info][gc,heap     ] GC(8) Old regions: 2->2
[2026-03-23T17:28:26.888+0900][0.566s][info][gc,heap     ] GC(8) Humongous regions: 75->36
[2026-03-23T17:28:26.888+0900][0.566s][info][gc,metaspace] GC(8) Metaspace: 222K(384K)->222K(384K) NonClass: 207K(256K)->207K(256K) Class: 14K(128K)->14K(128K)
[2026-03-23T17:28:26.888+0900][0.566s][info][gc          ] GC(8) Pause Young (Concurrent Start) (G1 Humongous Allocation) 76M->37M(258M) 0.829ms
[2026-03-23T17:28:26.888+0900][0.566s][info][gc,cpu      ] GC(8) User=0.00s Sys=0.00s Real=0.00s
[2026-03-23T17:28:26.888+0900][0.566s][info][gc          ] GC(9) Concurrent Undo Cycle
[2026-03-23T17:28:26.888+0900][0.566s][info][gc,marking  ] GC(9) Concurrent Clear Claimed Marks
[2026-03-23T17:28:26.888+0900][0.566s][info][gc,marking  ] GC(9) Concurrent Clear Claimed Marks 0.010ms
[2026-03-23T17:28:26.888+0900][0.566s][info][gc,marking  ] GC(9) Concurrent Cleanup for Next Mark
[2026-03-23T17:28:26.888+0900][0.566s][info][gc,marking  ] GC(9) Concurrent Cleanup for Next Mark 0.019ms
[2026-03-23T17:28:26.888+0900][0.566s][info][gc          ] GC(9) Concurrent Undo Cycle 0.081ms
[2026-03-23T17:28:26.964+0900][0.642s][info][gc,start    ] GC(10) Pause Young (Concurrent Start) (G1 Humongous Allocation)
[2026-03-23T17:28:26.964+0900][0.642s][info][gc,task     ] GC(10) Using 6 workers of 11 for evacuation
[2026-03-23T17:28:26.965+0900][0.642s][info][gc,phases   ] GC(10)   Pre Evacuate Collection Set: 0.12ms
[2026-03-23T17:28:26.965+0900][0.642s][info][gc,phases   ] GC(10)   Merge Heap Roots: 0.05ms
[2026-03-23T17:28:26.965+0900][0.642s][info][gc,phases   ] GC(10)   Evacuate Collection Set: 0.13ms
[2026-03-23T17:28:26.965+0900][0.642s][info][gc,phases   ] GC(10)   Post Evacuate Collection Set: 0.10ms
[2026-03-23T17:28:26.965+0900][0.642s][info][gc,phases   ] GC(10)   Other: 0.05ms
[2026-03-23T17:28:26.965+0900][0.642s][info][gc,heap     ] GC(10) Eden regions: 1->0(152)
[2026-03-23T17:28:26.965+0900][0.642s][info][gc,heap     ] GC(10) Survivor regions: 1->1(20)
[2026-03-23T17:28:26.965+0900][0.642s][info][gc,heap     ] GC(10) Old regions: 2->2
[2026-03-23T17:28:26.965+0900][0.642s][info][gc,heap     ] GC(10) Humongous regions: 75->39
[2026-03-23T17:28:26.965+0900][0.642s][info][gc,metaspace] GC(10) Metaspace: 222K(384K)->222K(384K) NonClass: 207K(256K)->207K(256K) Class: 14K(128K)->14K(128K)
[2026-03-23T17:28:26.965+0900][0.642s][info][gc          ] GC(10) Pause Young (Concurrent Start) (G1 Humongous Allocation) 76M->40M(258M) 0.599ms
[2026-03-23T17:28:26.965+0900][0.642s][info][gc,cpu      ] GC(10) User=0.00s Sys=0.00s Real=0.00s
[2026-03-23T17:28:26.965+0900][0.642s][info][gc          ] GC(11) Concurrent Undo Cycle
[2026-03-23T17:28:26.965+0900][0.642s][info][gc,marking  ] GC(11) Concurrent Clear Claimed Marks
[2026-03-23T17:28:26.965+0900][0.642s][info][gc,marking  ] GC(11) Concurrent Clear Claimed Marks 0.006ms
[2026-03-23T17:28:26.965+0900][0.642s][info][gc,marking  ] GC(11) Concurrent Cleanup for Next Mark
[2026-03-23T17:28:26.965+0900][0.642s][info][gc,marking  ] GC(11) Concurrent Cleanup for Next Mark 0.016ms
[2026-03-23T17:28:26.965+0900][0.642s][info][gc          ] GC(11) Concurrent Undo Cycle 0.055ms
[2026-03-23T17:28:27.026+0900][0.704s][info][gc,start    ] GC(12) Pause Young (Concurrent Start) (G1 Humongous Allocation)
[2026-03-23T17:28:27.026+0900][0.704s][info][gc,task     ] GC(12) Using 6 workers of 11 for evacuation
[2026-03-23T17:28:27.026+0900][0.704s][info][gc,phases   ] GC(12)   Pre Evacuate Collection Set: 0.07ms
[2026-03-23T17:28:27.026+0900][0.704s][info][gc,phases   ] GC(12)   Merge Heap Roots: 0.03ms
[2026-03-23T17:28:27.026+0900][0.704s][info][gc,phases   ] GC(12)   Evacuate Collection Set: 0.16ms
[2026-03-23T17:28:27.026+0900][0.704s][info][gc,phases   ] GC(12)   Post Evacuate Collection Set: 0.09ms
[2026-03-23T17:28:27.026+0900][0.704s][info][gc,phases   ] GC(12)   Other: 0.06ms
[2026-03-23T17:28:27.026+0900][0.704s][info][gc,heap     ] GC(12) Eden regions: 1->0(152)
[2026-03-23T17:28:27.026+0900][0.704s][info][gc,heap     ] GC(12) Survivor regions: 1->1(20)
[2026-03-23T17:28:27.026+0900][0.704s][info][gc,heap     ] GC(12) Old regions: 2->2
[2026-03-23T17:28:27.026+0900][0.704s][info][gc,heap     ] GC(12) Humongous regions: 75->45
[2026-03-23T17:28:27.026+0900][0.704s][info][gc,metaspace] GC(12) Metaspace: 226K(384K)->226K(384K) NonClass: 211K(256K)->211K(256K) Class: 14K(128K)->14K(128K)
[2026-03-23T17:28:27.026+0900][0.704s][info][gc          ] GC(12) Pause Young (Concurrent Start) (G1 Humongous Allocation) 76M->46M(258M) 0.554ms
[2026-03-23T17:28:27.026+0900][0.704s][info][gc,cpu      ] GC(12) User=0.00s Sys=0.00s Real=0.00s
[2026-03-23T17:28:27.026+0900][0.704s][info][gc          ] GC(13) Concurrent Undo Cycle
[2026-03-23T17:28:27.026+0900][0.704s][info][gc,marking  ] GC(13) Concurrent Clear Claimed Marks
[2026-03-23T17:28:27.026+0900][0.704s][info][gc,marking  ] GC(13) Concurrent Clear Claimed Marks 0.023ms
[2026-03-23T17:28:27.026+0900][0.704s][info][gc,marking  ] GC(13) Concurrent Cleanup for Next Mark
[2026-03-23T17:28:27.026+0900][0.704s][info][gc,marking  ] GC(13) Concurrent Cleanup for Next Mark 0.018ms
[2026-03-23T17:28:27.026+0900][0.704s][info][gc          ] GC(13) Concurrent Undo Cycle 0.114ms
[2026-03-23T17:28:27.082+0900][0.760s][info][gc,start    ] GC(14) Pause Young (Concurrent Start) (G1 Humongous Allocation)
[2026-03-23T17:28:27.082+0900][0.760s][info][gc,task     ] GC(14) Using 6 workers of 11 for evacuation
[2026-03-23T17:28:27.082+0900][0.760s][info][gc,phases   ] GC(14)   Pre Evacuate Collection Set: 0.07ms
[2026-03-23T17:28:27.082+0900][0.760s][info][gc,phases   ] GC(14)   Merge Heap Roots: 0.02ms
[2026-03-23T17:28:27.082+0900][0.760s][info][gc,phases   ] GC(14)   Evacuate Collection Set: 0.13ms
[2026-03-23T17:28:27.082+0900][0.760s][info][gc,phases   ] GC(14)   Post Evacuate Collection Set: 0.08ms
[2026-03-23T17:28:27.082+0900][0.760s][info][gc,phases   ] GC(14)   Other: 0.05ms
[2026-03-23T17:28:27.082+0900][0.760s][info][gc,heap     ] GC(14) Eden regions: 1->0(152)
[2026-03-23T17:28:27.082+0900][0.760s][info][gc,heap     ] GC(14) Survivor regions: 1->1(20)
[2026-03-23T17:28:27.082+0900][0.760s][info][gc,heap     ] GC(14) Old regions: 2->2
[2026-03-23T17:28:27.082+0900][0.760s][info][gc,heap     ] GC(14) Humongous regions: 75->48
[2026-03-23T17:28:27.082+0900][0.760s][info][gc,metaspace] GC(14) Metaspace: 230K(448K)->230K(448K) NonClass: 215K(320K)->215K(320K) Class: 14K(128K)->14K(128K)
[2026-03-23T17:28:27.082+0900][0.760s][info][gc          ] GC(14) Pause Young (Concurrent Start) (G1 Humongous Allocation) 76M->49M(258M) 0.456ms
[2026-03-23T17:28:27.082+0900][0.760s][info][gc,cpu      ] GC(14) User=0.00s Sys=0.01s Real=0.00s
[2026-03-23T17:28:27.082+0900][0.760s][info][gc          ] GC(15) Concurrent Undo Cycle
[2026-03-23T17:28:27.082+0900][0.760s][info][gc,marking  ] GC(15) Concurrent Clear Claimed Marks
[2026-03-23T17:28:27.082+0900][0.760s][info][gc,marking  ] GC(15) Concurrent Clear Claimed Marks 0.006ms
[2026-03-23T17:28:27.082+0900][0.760s][info][gc,marking  ] GC(15) Concurrent Cleanup for Next Mark
[2026-03-23T17:28:27.082+0900][0.760s][info][gc,marking  ] GC(15) Concurrent Cleanup for Next Mark 0.016ms
[2026-03-23T17:28:27.082+0900][0.760s][info][gc          ] GC(15) Concurrent Undo Cycle 0.056ms
[2026-03-23T17:28:27.132+0900][0.810s][info][gc,start    ] GC(16) Pause Young (Concurrent Start) (G1 Humongous Allocation)
[2026-03-23T17:28:27.132+0900][0.810s][info][gc,task     ] GC(16) Using 6 workers of 11 for evacuation
[2026-03-23T17:28:27.132+0900][0.810s][info][gc,phases   ] GC(16)   Pre Evacuate Collection Set: 0.07ms
[2026-03-23T17:28:27.132+0900][0.810s][info][gc,phases   ] GC(16)   Merge Heap Roots: 0.03ms
[2026-03-23T17:28:27.132+0900][0.810s][info][gc,phases   ] GC(16)   Evacuate Collection Set: 0.13ms
[2026-03-23T17:28:27.132+0900][0.810s][info][gc,phases   ] GC(16)   Post Evacuate Collection Set: 0.08ms
[2026-03-23T17:28:27.132+0900][0.810s][info][gc,phases   ] GC(16)   Other: 0.05ms
[2026-03-23T17:28:27.132+0900][0.810s][info][gc,heap     ] GC(16) Eden regions: 1->0(152)
[2026-03-23T17:28:27.132+0900][0.810s][info][gc,heap     ] GC(16) Survivor regions: 1->1(20)
[2026-03-23T17:28:27.132+0900][0.810s][info][gc,heap     ] GC(16) Old regions: 2->2
[2026-03-23T17:28:27.133+0900][0.810s][info][gc,heap     ] GC(16) Humongous regions: 75->51
[2026-03-23T17:28:27.133+0900][0.810s][info][gc,metaspace] GC(16) Metaspace: 230K(448K)->230K(448K) NonClass: 215K(320K)->215K(320K) Class: 14K(128K)->14K(128K)
[2026-03-23T17:28:27.133+0900][0.810s][info][gc          ] GC(16) Pause Young (Concurrent Start) (G1 Humongous Allocation) 76M->52M(258M) 0.463ms
[2026-03-23T17:28:27.133+0900][0.810s][info][gc,cpu      ] GC(16) User=0.00s Sys=0.00s Real=0.00s
[2026-03-23T17:28:27.133+0900][0.810s][info][gc          ] GC(17) Concurrent Undo Cycle
[2026-03-23T17:28:27.133+0900][0.810s][info][gc,marking  ] GC(17) Concurrent Clear Claimed Marks
[2026-03-23T17:28:27.133+0900][0.810s][info][gc,marking  ] GC(17) Concurrent Clear Claimed Marks 0.007ms
[2026-03-23T17:28:27.133+0900][0.810s][info][gc,marking  ] GC(17) Concurrent Cleanup for Next Mark
[2026-03-23T17:28:27.133+0900][0.810s][info][gc,marking  ] GC(17) Concurrent Cleanup for Next Mark 0.019ms
[2026-03-23T17:28:27.133+0900][0.810s][info][gc          ] GC(17) Concurrent Undo Cycle 0.060ms
[2026-03-23T17:28:27.176+0900][0.854s][info][gc,start    ] GC(18) Pause Young (Concurrent Start) (G1 Humongous Allocation)
[2026-03-23T17:28:27.176+0900][0.854s][info][gc,task     ] GC(18) Using 6 workers of 11 for evacuation
[2026-03-23T17:28:27.176+0900][0.854s][info][gc,phases   ] GC(18)   Pre Evacuate Collection Set: 0.07ms
[2026-03-23T17:28:27.176+0900][0.854s][info][gc,phases   ] GC(18)   Merge Heap Roots: 0.02ms
[2026-03-23T17:28:27.176+0900][0.854s][info][gc,phases   ] GC(18)   Evacuate Collection Set: 0.23ms
[2026-03-23T17:28:27.176+0900][0.854s][info][gc,phases   ] GC(18)   Post Evacuate Collection Set: 0.09ms
[2026-03-23T17:28:27.176+0900][0.854s][info][gc,phases   ] GC(18)   Other: 0.04ms
[2026-03-23T17:28:27.176+0900][0.854s][info][gc,heap     ] GC(18) Eden regions: 1->0(152)
[2026-03-23T17:28:27.176+0900][0.854s][info][gc,heap     ] GC(18) Survivor regions: 1->1(20)
[2026-03-23T17:28:27.176+0900][0.854s][info][gc,heap     ] GC(18) Old regions: 2->2
[2026-03-23T17:28:27.176+0900][0.854s][info][gc,heap     ] GC(18) Humongous regions: 75->54
[2026-03-23T17:28:27.176+0900][0.854s][info][gc,metaspace] GC(18) Metaspace: 230K(448K)->230K(448K) NonClass: 215K(320K)->215K(320K) Class: 14K(128K)->14K(128K)
[2026-03-23T17:28:27.176+0900][0.854s][info][gc          ] GC(18) Pause Young (Concurrent Start) (G1 Humongous Allocation) 76M->55M(258M) 0.624ms
[2026-03-23T17:28:27.176+0900][0.854s][info][gc,cpu      ] GC(18) User=0.00s Sys=0.00s Real=0.00s
[2026-03-23T17:28:27.176+0900][0.854s][info][gc          ] GC(19) Concurrent Undo Cycle
[2026-03-23T17:28:27.177+0900][0.854s][info][gc,marking  ] GC(19) Concurrent Clear Claimed Marks
[2026-03-23T17:28:27.177+0900][0.854s][info][gc,marking  ] GC(19) Concurrent Clear Claimed Marks 0.006ms
[2026-03-23T17:28:27.177+0900][0.854s][info][gc,marking  ] GC(19) Concurrent Cleanup for Next Mark
[2026-03-23T17:28:27.177+0900][0.854s][info][gc,marking  ] GC(19) Concurrent Cleanup for Next Mark 0.015ms
[2026-03-23T17:28:27.177+0900][0.854s][info][gc          ] GC(19) Concurrent Undo Cycle 0.059ms
[2026-03-23T17:28:27.215+0900][0.892s][info][gc,start    ] GC(20) Pause Young (Concurrent Start) (G1 Humongous Allocation)
[2026-03-23T17:28:27.215+0900][0.893s][info][gc,task     ] GC(20) Using 6 workers of 11 for evacuation
[2026-03-23T17:28:27.215+0900][0.893s][info][gc,phases   ] GC(20)   Pre Evacuate Collection Set: 0.08ms
[2026-03-23T17:28:27.215+0900][0.893s][info][gc,phases   ] GC(20)   Merge Heap Roots: 0.02ms
[2026-03-23T17:28:27.215+0900][0.893s][info][gc,phases   ] GC(20)   Evacuate Collection Set: 0.15ms
[2026-03-23T17:28:27.215+0900][0.893s][info][gc,phases   ] GC(20)   Post Evacuate Collection Set: 0.09ms
[2026-03-23T17:28:27.215+0900][0.893s][info][gc,phases   ] GC(20)   Other: 0.04ms
[2026-03-23T17:28:27.215+0900][0.893s][info][gc,heap     ] GC(20) Eden regions: 1->0(152)
[2026-03-23T17:28:27.215+0900][0.893s][info][gc,heap     ] GC(20) Survivor regions: 1->1(20)
[2026-03-23T17:28:27.215+0900][0.893s][info][gc,heap     ] GC(20) Old regions: 2->2
[2026-03-23T17:28:27.215+0900][0.893s][info][gc,heap     ] GC(20) Humongous regions: 75->57
[2026-03-23T17:28:27.215+0900][0.893s][info][gc,metaspace] GC(20) Metaspace: 230K(448K)->230K(448K) NonClass: 215K(320K)->215K(320K) Class: 14K(128K)->14K(128K)
[2026-03-23T17:28:27.215+0900][0.893s][info][gc          ] GC(20) Pause Young (Concurrent Start) (G1 Humongous Allocation) 76M->58M(258M) 0.528ms
[2026-03-23T17:28:27.215+0900][0.893s][info][gc,cpu      ] GC(20) User=0.00s Sys=0.00s Real=0.00s
[2026-03-23T17:28:27.215+0900][0.893s][info][gc          ] GC(21) Concurrent Undo Cycle
[2026-03-23T17:28:27.215+0900][0.893s][info][gc,marking  ] GC(21) Concurrent Clear Claimed Marks
[2026-03-23T17:28:27.215+0900][0.893s][info][gc,marking  ] GC(21) Concurrent Clear Claimed Marks 0.007ms
[2026-03-23T17:28:27.215+0900][0.893s][info][gc,marking  ] GC(21) Concurrent Cleanup for Next Mark
[2026-03-23T17:28:27.215+0900][0.893s][info][gc,marking  ] GC(21) Concurrent Cleanup for Next Mark 0.017ms
[2026-03-23T17:28:27.215+0900][0.893s][info][gc          ] GC(21) Concurrent Undo Cycle 0.064ms
[2026-03-23T17:28:27.253+0900][0.930s][info][gc,start    ] GC(22) Pause Young (Concurrent Start) (G1 Humongous Allocation)
[2026-03-23T17:28:27.253+0900][0.931s][info][gc,task     ] GC(22) Using 6 workers of 11 for evacuation
[2026-03-23T17:28:27.253+0900][0.931s][info][gc,phases   ] GC(22)   Pre Evacuate Collection Set: 0.09ms
[2026-03-23T17:28:27.253+0900][0.931s][info][gc,phases   ] GC(22)   Merge Heap Roots: 0.03ms
[2026-03-23T17:28:27.253+0900][0.931s][info][gc,phases   ] GC(22)   Evacuate Collection Set: 0.24ms
[2026-03-23T17:28:27.253+0900][0.931s][info][gc,phases   ] GC(22)   Post Evacuate Collection Set: 0.12ms
[2026-03-23T17:28:27.253+0900][0.931s][info][gc,phases   ] GC(22)   Other: 0.04ms
[2026-03-23T17:28:27.253+0900][0.931s][info][gc,heap     ] GC(22) Eden regions: 1->0(152)
[2026-03-23T17:28:27.253+0900][0.931s][info][gc,heap     ] GC(22) Survivor regions: 1->1(20)
[2026-03-23T17:28:27.253+0900][0.931s][info][gc,heap     ] GC(22) Old regions: 2->2
[2026-03-23T17:28:27.253+0900][0.931s][info][gc,heap     ] GC(22) Humongous regions: 75->57
[2026-03-23T17:28:27.253+0900][0.931s][info][gc,metaspace] GC(22) Metaspace: 230K(448K)->230K(448K) NonClass: 215K(320K)->215K(320K) Class: 14K(128K)->14K(128K)
[2026-03-23T17:28:27.253+0900][0.931s][info][gc          ] GC(22) Pause Young (Concurrent Start) (G1 Humongous Allocation) 76M->58M(258M) 0.692ms
[2026-03-23T17:28:27.253+0900][0.931s][info][gc,cpu      ] GC(22) User=0.00s Sys=0.00s Real=0.00s
[2026-03-23T17:28:27.253+0900][0.931s][info][gc          ] GC(23) Concurrent Undo Cycle
[2026-03-23T17:28:27.253+0900][0.931s][info][gc,marking  ] GC(23) Concurrent Clear Claimed Marks
[2026-03-23T17:28:27.253+0900][0.931s][info][gc,marking  ] GC(23) Concurrent Clear Claimed Marks 0.012ms
[2026-03-23T17:28:27.253+0900][0.931s][info][gc,marking  ] GC(23) Concurrent Cleanup for Next Mark
[2026-03-23T17:28:27.254+0900][0.931s][info][gc,marking  ] GC(23) Concurrent Cleanup for Next Mark 0.020ms
[2026-03-23T17:28:27.254+0900][0.931s][info][gc          ] GC(23) Concurrent Undo Cycle 0.074ms
[2026-03-23T17:28:27.285+0900][0.963s][info][gc,start    ] GC(24) Pause Young (Concurrent Start) (G1 Humongous Allocation)
[2026-03-23T17:28:27.285+0900][0.963s][info][gc,task     ] GC(24) Using 6 workers of 11 for evacuation
[2026-03-23T17:28:27.286+0900][0.963s][info][gc,phases   ] GC(24)   Pre Evacuate Collection Set: 0.12ms
[2026-03-23T17:28:27.286+0900][0.963s][info][gc,phases   ] GC(24)   Merge Heap Roots: 0.02ms
[2026-03-23T17:28:27.286+0900][0.963s][info][gc,phases   ] GC(24)   Evacuate Collection Set: 0.27ms
[2026-03-23T17:28:27.286+0900][0.963s][info][gc,phases   ] GC(24)   Post Evacuate Collection Set: 0.11ms
[2026-03-23T17:28:27.286+0900][0.963s][info][gc,phases   ] GC(24)   Other: 0.05ms
[2026-03-23T17:28:27.286+0900][0.963s][info][gc,heap     ] GC(24) Eden regions: 1->0(152)
[2026-03-23T17:28:27.286+0900][0.963s][info][gc,heap     ] GC(24) Survivor regions: 1->1(20)
[2026-03-23T17:28:27.286+0900][0.963s][info][gc,heap     ] GC(24) Old regions: 2->2
[2026-03-23T17:28:27.286+0900][0.963s][info][gc,heap     ] GC(24) Humongous regions: 75->60
[2026-03-23T17:28:27.286+0900][0.963s][info][gc,metaspace] GC(24) Metaspace: 230K(448K)->230K(448K) NonClass: 215K(320K)->215K(320K) Class: 14K(128K)->14K(128K)
[2026-03-23T17:28:27.286+0900][0.963s][info][gc          ] GC(24) Pause Young (Concurrent Start) (G1 Humongous Allocation) 76M->61M(258M) 0.871ms
[2026-03-23T17:28:27.286+0900][0.963s][info][gc,cpu      ] GC(24) User=0.00s Sys=0.00s Real=0.00s
[2026-03-23T17:28:27.286+0900][0.963s][info][gc          ] GC(25) Concurrent Undo Cycle
[2026-03-23T17:28:27.286+0900][0.964s][info][gc,marking  ] GC(25) Concurrent Clear Claimed Marks
[2026-03-23T17:28:27.286+0900][0.964s][info][gc,marking  ] GC(25) Concurrent Clear Claimed Marks 0.013ms
[2026-03-23T17:28:27.286+0900][0.964s][info][gc,marking  ] GC(25) Concurrent Cleanup for Next Mark
[2026-03-23T17:28:27.286+0900][0.964s][info][gc,marking  ] GC(25) Concurrent Cleanup for Next Mark 0.027ms
[2026-03-23T17:28:27.286+0900][0.964s][info][gc          ] GC(25) Concurrent Undo Cycle 0.115ms
[2026-03-23T17:28:27.318+0900][0.995s][info][gc,start    ] GC(26) Pause Young (Concurrent Start) (G1 Humongous Allocation)
[2026-03-23T17:28:27.318+0900][0.996s][info][gc,task     ] GC(26) Using 6 workers of 11 for evacuation
[2026-03-23T17:28:27.318+0900][0.996s][info][gc,phases   ] GC(26)   Pre Evacuate Collection Set: 0.27ms
[2026-03-23T17:28:27.319+0900][0.996s][info][gc,phases   ] GC(26)   Merge Heap Roots: 0.03ms
[2026-03-23T17:28:27.319+0900][0.996s][info][gc,phases   ] GC(26)   Evacuate Collection Set: 0.22ms
[2026-03-23T17:28:27.319+0900][0.996s][info][gc,phases   ] GC(26)   Post Evacuate Collection Set: 0.10ms
[2026-03-23T17:28:27.319+0900][0.996s][info][gc,phases   ] GC(26)   Other: 0.12ms
[2026-03-23T17:28:27.319+0900][0.996s][info][gc,heap     ] GC(26) Eden regions: 1->0(152)
[2026-03-23T17:28:27.319+0900][0.996s][info][gc,heap     ] GC(26) Survivor regions: 1->1(20)
[2026-03-23T17:28:27.319+0900][0.996s][info][gc,heap     ] GC(26) Old regions: 2->2
[2026-03-23T17:28:27.319+0900][0.996s][info][gc,heap     ] GC(26) Humongous regions: 75->60
[2026-03-23T17:28:27.319+0900][0.996s][info][gc,metaspace] GC(26) Metaspace: 230K(448K)->230K(448K) NonClass: 215K(320K)->215K(320K) Class: 14K(128K)->14K(128K)
[2026-03-23T17:28:27.319+0900][0.996s][info][gc          ] GC(26) Pause Young (Concurrent Start) (G1 Humongous Allocation) 76M->61M(258M) 1.121ms
[2026-03-23T17:28:27.319+0900][0.996s][info][gc,cpu      ] GC(26) User=0.01s Sys=0.00s Real=0.00s
[2026-03-23T17:28:27.319+0900][0.996s][info][gc          ] GC(27) Concurrent Undo Cycle
[2026-03-23T17:28:27.319+0900][0.996s][info][gc,marking  ] GC(27) Concurrent Clear Claimed Marks
[2026-03-23T17:28:27.319+0900][0.997s][info][gc,marking  ] GC(27) Concurrent Clear Claimed Marks 0.028ms
[2026-03-23T17:28:27.319+0900][0.997s][info][gc,marking  ] GC(27) Concurrent Cleanup for Next Mark
[2026-03-23T17:28:27.319+0900][0.997s][info][gc,marking  ] GC(27) Concurrent Cleanup for Next Mark 0.074ms
[2026-03-23T17:28:27.319+0900][0.997s][info][gc          ] GC(27) Concurrent Undo Cycle 0.221ms
[2026-03-23T17:28:27.344+0900][1.022s][info][gc,start    ] GC(28) Pause Young (Concurrent Start) (G1 Humongous Allocation)
[2026-03-23T17:28:27.344+0900][1.022s][info][gc,task     ] GC(28) Using 6 workers of 11 for evacuation
[2026-03-23T17:28:27.344+0900][1.022s][info][gc,phases   ] GC(28)   Pre Evacuate Collection Set: 0.08ms
[2026-03-23T17:28:27.345+0900][1.022s][info][gc,phases   ] GC(28)   Merge Heap Roots: 0.02ms
[2026-03-23T17:28:27.345+0900][1.022s][info][gc,phases   ] GC(28)   Evacuate Collection Set: 0.16ms
[2026-03-23T17:28:27.345+0900][1.022s][info][gc,phases   ] GC(28)   Post Evacuate Collection Set: 0.08ms
[2026-03-23T17:28:27.345+0900][1.022s][info][gc,phases   ] GC(28)   Other: 0.04ms
[2026-03-23T17:28:27.345+0900][1.022s][info][gc,heap     ] GC(28) Eden regions: 1->0(152)
[2026-03-23T17:28:27.345+0900][1.022s][info][gc,heap     ] GC(28) Survivor regions: 1->1(20)
[2026-03-23T17:28:27.345+0900][1.022s][info][gc,heap     ] GC(28) Old regions: 2->2
[2026-03-23T17:28:27.345+0900][1.022s][info][gc,heap     ] GC(28) Humongous regions: 75->63
[2026-03-23T17:28:27.345+0900][1.022s][info][gc,metaspace] GC(28) Metaspace: 230K(448K)->230K(448K) NonClass: 215K(320K)->215K(320K) Class: 14K(128K)->14K(128K)
[2026-03-23T17:28:27.345+0900][1.022s][info][gc          ] GC(28) Pause Young (Concurrent Start) (G1 Humongous Allocation) 76M->64M(258M) 0.521ms
[2026-03-23T17:28:27.345+0900][1.022s][info][gc,cpu      ] GC(28) User=0.00s Sys=0.00s Real=0.00s
[2026-03-23T17:28:27.345+0900][1.022s][info][gc          ] GC(29) Concurrent Undo Cycle
[2026-03-23T17:28:27.345+0900][1.022s][info][gc,marking  ] GC(29) Concurrent Clear Claimed Marks
[2026-03-23T17:28:27.345+0900][1.022s][info][gc,marking  ] GC(29) Concurrent Clear Claimed Marks 0.008ms
[2026-03-23T17:28:27.345+0900][1.022s][info][gc,marking  ] GC(29) Concurrent Cleanup for Next Mark
[2026-03-23T17:28:27.345+0900][1.022s][info][gc,marking  ] GC(29) Concurrent Cleanup for Next Mark 0.018ms
[2026-03-23T17:28:27.345+0900][1.022s][info][gc          ] GC(29) Concurrent Undo Cycle 0.066ms
[2026-03-23T17:28:27.370+0900][1.048s][info][gc,start    ] GC(30) Pause Young (Concurrent Start) (G1 Humongous Allocation)
[2026-03-23T17:28:27.370+0900][1.048s][info][gc,task     ] GC(30) Using 6 workers of 11 for evacuation
[2026-03-23T17:28:27.371+0900][1.048s][info][gc,phases   ] GC(30)   Pre Evacuate Collection Set: 0.08ms
[2026-03-23T17:28:27.371+0900][1.048s][info][gc,phases   ] GC(30)   Merge Heap Roots: 0.03ms
[2026-03-23T17:28:27.371+0900][1.048s][info][gc,phases   ] GC(30)   Evacuate Collection Set: 0.16ms
[2026-03-23T17:28:27.371+0900][1.048s][info][gc,phases   ] GC(30)   Post Evacuate Collection Set: 0.08ms
[2026-03-23T17:28:27.371+0900][1.048s][info][gc,phases   ] GC(30)   Other: 0.06ms
[2026-03-23T17:28:27.371+0900][1.048s][info][gc,heap     ] GC(30) Eden regions: 1->0(152)
[2026-03-23T17:28:27.371+0900][1.048s][info][gc,heap     ] GC(30) Survivor regions: 1->1(20)
[2026-03-23T17:28:27.371+0900][1.048s][info][gc,heap     ] GC(30) Old regions: 2->3
[2026-03-23T17:28:27.371+0900][1.048s][info][gc,heap     ] GC(30) Humongous regions: 75->63
[2026-03-23T17:28:27.371+0900][1.048s][info][gc,metaspace] GC(30) Metaspace: 230K(448K)->230K(448K) NonClass: 216K(320K)->216K(320K) Class: 14K(128K)->14K(128K)
[2026-03-23T17:28:27.371+0900][1.048s][info][gc          ] GC(30) Pause Young (Concurrent Start) (G1 Humongous Allocation) 76M->64M(258M) 0.534ms
[2026-03-23T17:28:27.371+0900][1.048s][info][gc,cpu      ] GC(30) User=0.00s Sys=0.00s Real=0.00s
[2026-03-23T17:28:27.371+0900][1.048s][info][gc          ] GC(31) Concurrent Undo Cycle
[2026-03-23T17:28:27.371+0900][1.048s][info][gc,marking  ] GC(31) Concurrent Clear Claimed Marks
[2026-03-23T17:28:27.371+0900][1.048s][info][gc,marking  ] GC(31) Concurrent Clear Claimed Marks 0.008ms
[2026-03-23T17:28:27.371+0900][1.048s][info][gc,marking  ] GC(31) Concurrent Cleanup for Next Mark
[2026-03-23T17:28:27.371+0900][1.049s][info][gc,marking  ] GC(31) Concurrent Cleanup for Next Mark 0.017ms
[2026-03-23T17:28:27.371+0900][1.049s][info][gc          ] GC(31) Concurrent Undo Cycle 0.062ms
[2026-03-23T17:28:27.383+0900][1.061s][info][gc,start    ] GC(32) Pause Young (Concurrent Start) (G1 Humongous Allocation)
[2026-03-23T17:28:27.384+0900][1.061s][info][gc,task     ] GC(32) Using 6 workers of 11 for evacuation
[2026-03-23T17:28:27.384+0900][1.062s][info][gc,phases   ] GC(32)   Pre Evacuate Collection Set: 0.10ms
[2026-03-23T17:28:27.384+0900][1.062s][info][gc,phases   ] GC(32)   Merge Heap Roots: 0.02ms
[2026-03-23T17:28:27.384+0900][1.062s][info][gc,phases   ] GC(32)   Evacuate Collection Set: 0.08ms
[2026-03-23T17:28:27.384+0900][1.062s][info][gc,phases   ] GC(32)   Post Evacuate Collection Set: 0.09ms
[2026-03-23T17:28:27.384+0900][1.062s][info][gc,phases   ] GC(32)   Other: 0.05ms
[2026-03-23T17:28:27.384+0900][1.062s][info][gc,heap     ] GC(32) Eden regions: 1->0(152)
[2026-03-23T17:28:27.384+0900][1.062s][info][gc,heap     ] GC(32) Survivor regions: 1->1(20)
[2026-03-23T17:28:27.384+0900][1.062s][info][gc,heap     ] GC(32) Old regions: 3->3
[2026-03-23T17:28:27.384+0900][1.062s][info][gc,heap     ] GC(32) Humongous regions: 73->67
[2026-03-23T17:28:27.384+0900][1.062s][info][gc,metaspace] GC(32) Metaspace: 230K(448K)->230K(448K) NonClass: 216K(320K)->216K(320K) Class: 14K(128K)->14K(128K)
[2026-03-23T17:28:27.384+0900][1.062s][info][gc          ] GC(32) Pause Young (Concurrent Start) (G1 Humongous Allocation) 74M->68M(258M) 0.472ms
[2026-03-23T17:28:27.384+0900][1.062s][info][gc,cpu      ] GC(32) User=0.00s Sys=0.00s Real=0.00s
[2026-03-23T17:28:27.384+0900][1.062s][info][gc          ] GC(33) Concurrent Undo Cycle
[2026-03-23T17:28:27.384+0900][1.062s][info][gc,marking  ] GC(33) Concurrent Clear Claimed Marks
[2026-03-23T17:28:27.384+0900][1.062s][info][gc,marking  ] GC(33) Concurrent Clear Claimed Marks 0.007ms
[2026-03-23T17:28:27.384+0900][1.062s][info][gc,marking  ] GC(33) Concurrent Cleanup for Next Mark
[2026-03-23T17:28:27.384+0900][1.062s][info][gc,marking  ] GC(33) Concurrent Cleanup for Next Mark 0.017ms
[2026-03-23T17:28:27.384+0900][1.062s][info][gc          ] GC(33) Concurrent Undo Cycle 0.059ms
[2026-03-23T17:28:27.397+0900][1.075s][info][gc,start    ] GC(34) Pause Young (Concurrent Start) (G1 Humongous Allocation)
[2026-03-23T17:28:27.397+0900][1.075s][info][gc,task     ] GC(34) Using 6 workers of 11 for evacuation
[2026-03-23T17:28:27.397+0900][1.075s][info][gc,phases   ] GC(34)   Pre Evacuate Collection Set: 0.07ms
[2026-03-23T17:28:27.397+0900][1.075s][info][gc,phases   ] GC(34)   Merge Heap Roots: 0.03ms
[2026-03-23T17:28:27.397+0900][1.075s][info][gc,phases   ] GC(34)   Evacuate Collection Set: 0.15ms
[2026-03-23T17:28:27.397+0900][1.075s][info][gc,phases   ] GC(34)   Post Evacuate Collection Set: 0.07ms
[2026-03-23T17:28:27.397+0900][1.075s][info][gc,phases   ] GC(34)   Other: 0.05ms
[2026-03-23T17:28:27.397+0900][1.075s][info][gc,heap     ] GC(34) Eden regions: 1->0(152)
[2026-03-23T17:28:27.397+0900][1.075s][info][gc,heap     ] GC(34) Survivor regions: 1->1(20)
[2026-03-23T17:28:27.397+0900][1.075s][info][gc,heap     ] GC(34) Old regions: 3->3
[2026-03-23T17:28:27.397+0900][1.075s][info][gc,heap     ] GC(34) Humongous regions: 73->67
[2026-03-23T17:28:27.397+0900][1.075s][info][gc,metaspace] GC(34) Metaspace: 230K(448K)->230K(448K) NonClass: 216K(320K)->216K(320K) Class: 14K(128K)->14K(128K)
[2026-03-23T17:28:27.397+0900][1.075s][info][gc          ] GC(34) Pause Young (Concurrent Start) (G1 Humongous Allocation) 74M->68M(258M) 0.468ms
[2026-03-23T17:28:27.397+0900][1.075s][info][gc,cpu      ] GC(34) User=0.00s Sys=0.00s Real=0.00s
[2026-03-23T17:28:27.397+0900][1.075s][info][gc          ] GC(35) Concurrent Undo Cycle
[2026-03-23T17:28:27.397+0900][1.075s][info][gc,marking  ] GC(35) Concurrent Clear Claimed Marks
[2026-03-23T17:28:27.397+0900][1.075s][info][gc,marking  ] GC(35) Concurrent Clear Claimed Marks 0.007ms
[2026-03-23T17:28:27.397+0900][1.075s][info][gc,marking  ] GC(35) Concurrent Cleanup for Next Mark
[2026-03-23T17:28:27.397+0900][1.075s][info][gc,marking  ] GC(35) Concurrent Cleanup for Next Mark 0.015ms
[2026-03-23T17:28:27.397+0900][1.075s][info][gc          ] GC(35) Concurrent Undo Cycle 0.056ms
[2026-03-23T17:28:27.409+0900][1.087s][info][gc,start    ] GC(36) Pause Young (Concurrent Start) (G1 Humongous Allocation)
[2026-03-23T17:28:27.409+0900][1.087s][info][gc,task     ] GC(36) Using 6 workers of 11 for evacuation
[2026-03-23T17:28:27.410+0900][1.087s][info][gc,phases   ] GC(36)   Pre Evacuate Collection Set: 0.06ms
[2026-03-23T17:28:27.410+0900][1.087s][info][gc,phases   ] GC(36)   Merge Heap Roots: 0.03ms
[2026-03-23T17:28:27.410+0900][1.087s][info][gc,phases   ] GC(36)   Evacuate Collection Set: 0.11ms
[2026-03-23T17:28:27.410+0900][1.087s][info][gc,phases   ] GC(36)   Post Evacuate Collection Set: 0.07ms
[2026-03-23T17:28:27.410+0900][1.087s][info][gc,phases   ] GC(36)   Other: 0.04ms
[2026-03-23T17:28:27.410+0900][1.087s][info][gc,heap     ] GC(36) Eden regions: 1->0(152)
[2026-03-23T17:28:27.410+0900][1.087s][info][gc,heap     ] GC(36) Survivor regions: 1->1(20)
[2026-03-23T17:28:27.410+0900][1.087s][info][gc,heap     ] GC(36) Old regions: 3->3
[2026-03-23T17:28:27.410+0900][1.087s][info][gc,heap     ] GC(36) Humongous regions: 73->67
[2026-03-23T17:28:27.410+0900][1.087s][info][gc,metaspace] GC(36) Metaspace: 230K(448K)->230K(448K) NonClass: 216K(320K)->216K(320K) Class: 14K(128K)->14K(128K)
[2026-03-23T17:28:27.410+0900][1.087s][info][gc          ] GC(36) Pause Young (Concurrent Start) (G1 Humongous Allocation) 74M->68M(258M) 0.436ms
[2026-03-23T17:28:27.410+0900][1.087s][info][gc,cpu      ] GC(36) User=0.00s Sys=0.00s Real=0.01s
[2026-03-23T17:28:27.410+0900][1.087s][info][gc          ] GC(37) Concurrent Undo Cycle
[2026-03-23T17:28:27.410+0900][1.087s][info][gc,marking  ] GC(37) Concurrent Clear Claimed Marks
[2026-03-23T17:28:27.410+0900][1.087s][info][gc,marking  ] GC(37) Concurrent Clear Claimed Marks 0.008ms
[2026-03-23T17:28:27.410+0900][1.087s][info][gc,marking  ] GC(37) Concurrent Cleanup for Next Mark
[2026-03-23T17:28:27.410+0900][1.087s][info][gc,marking  ] GC(37) Concurrent Cleanup for Next Mark 0.016ms
[2026-03-23T17:28:27.410+0900][1.087s][info][gc          ] GC(37) Concurrent Undo Cycle 0.064ms
[2026-03-23T17:28:27.422+0900][1.100s][info][gc,start    ] GC(38) Pause Young (Concurrent Start) (G1 Humongous Allocation)
[2026-03-23T17:28:27.422+0900][1.100s][info][gc,task     ] GC(38) Using 6 workers of 11 for evacuation
[2026-03-23T17:28:27.422+0900][1.100s][info][gc,phases   ] GC(38)   Pre Evacuate Collection Set: 0.07ms
[2026-03-23T17:28:27.422+0900][1.100s][info][gc,phases   ] GC(38)   Merge Heap Roots: 0.03ms
[2026-03-23T17:28:27.422+0900][1.100s][info][gc,phases   ] GC(38)   Evacuate Collection Set: 0.07ms
[2026-03-23T17:28:27.422+0900][1.100s][info][gc,phases   ] GC(38)   Post Evacuate Collection Set: 0.07ms
[2026-03-23T17:28:27.422+0900][1.100s][info][gc,phases   ] GC(38)   Other: 0.05ms
[2026-03-23T17:28:27.422+0900][1.100s][info][gc,heap     ] GC(38) Eden regions: 1->0(152)
[2026-03-23T17:28:27.422+0900][1.100s][info][gc,heap     ] GC(38) Survivor regions: 1->1(20)
[2026-03-23T17:28:27.422+0900][1.100s][info][gc,heap     ] GC(38) Old regions: 3->3
[2026-03-23T17:28:27.422+0900][1.100s][info][gc,heap     ] GC(38) Humongous regions: 73->67
[2026-03-23T17:28:27.422+0900][1.100s][info][gc,metaspace] GC(38) Metaspace: 230K(448K)->230K(448K) NonClass: 216K(320K)->216K(320K) Class: 14K(128K)->14K(128K)
[2026-03-23T17:28:27.422+0900][1.100s][info][gc          ] GC(38) Pause Young (Concurrent Start) (G1 Humongous Allocation) 74M->68M(258M) 0.388ms
[2026-03-23T17:28:27.422+0900][1.100s][info][gc,cpu      ] GC(38) User=0.00s Sys=0.00s Real=0.00s
[2026-03-23T17:28:27.422+0900][1.100s][info][gc          ] GC(39) Concurrent Undo Cycle
[2026-03-23T17:28:27.422+0900][1.100s][info][gc,marking  ] GC(39) Concurrent Clear Claimed Marks
[2026-03-23T17:28:27.422+0900][1.100s][info][gc,marking  ] GC(39) Concurrent Clear Claimed Marks 0.004ms
[2026-03-23T17:28:27.422+0900][1.100s][info][gc,marking  ] GC(39) Concurrent Cleanup for Next Mark
[2026-03-23T17:28:27.422+0900][1.100s][info][gc,marking  ] GC(39) Concurrent Cleanup for Next Mark 0.012ms
[2026-03-23T17:28:27.422+0900][1.100s][info][gc          ] GC(39) Concurrent Undo Cycle 0.039ms
[2026-03-23T17:28:27.429+0900][1.106s][info][gc,start    ] GC(40) Pause Young (Concurrent Start) (G1 Humongous Allocation)
[2026-03-23T17:28:27.429+0900][1.106s][info][gc,task     ] GC(40) Using 6 workers of 11 for evacuation
[2026-03-23T17:28:27.429+0900][1.107s][info][gc,phases   ] GC(40)   Pre Evacuate Collection Set: 0.08ms
[2026-03-23T17:28:27.429+0900][1.107s][info][gc,phases   ] GC(40)   Merge Heap Roots: 0.02ms
[2026-03-23T17:28:27.429+0900][1.107s][info][gc,phases   ] GC(40)   Evacuate Collection Set: 0.07ms
[2026-03-23T17:28:27.429+0900][1.107s][info][gc,phases   ] GC(40)   Post Evacuate Collection Set: 0.06ms
[2026-03-23T17:28:27.429+0900][1.107s][info][gc,phases   ] GC(40)   Other: 0.03ms
[2026-03-23T17:28:27.429+0900][1.107s][info][gc,heap     ] GC(40) Eden regions: 1->0(152)
[2026-03-23T17:28:27.429+0900][1.107s][info][gc,heap     ] GC(40) Survivor regions: 1->1(20)
[2026-03-23T17:28:27.429+0900][1.107s][info][gc,heap     ] GC(40) Old regions: 3->3
[2026-03-23T17:28:27.429+0900][1.107s][info][gc,heap     ] GC(40) Humongous regions: 73->70
[2026-03-23T17:28:27.429+0900][1.107s][info][gc,metaspace] GC(40) Metaspace: 230K(448K)->230K(448K) NonClass: 216K(320K)->216K(320K) Class: 14K(128K)->14K(128K)
[2026-03-23T17:28:27.429+0900][1.107s][info][gc          ] GC(40) Pause Young (Concurrent Start) (G1 Humongous Allocation) 74M->71M(258M) 0.348ms
[2026-03-23T17:28:27.429+0900][1.107s][info][gc,cpu      ] GC(40) User=0.00s Sys=0.00s Real=0.00s
[2026-03-23T17:28:27.429+0900][1.107s][info][gc          ] GC(41) Concurrent Undo Cycle
[2026-03-23T17:28:27.429+0900][1.107s][info][gc,marking  ] GC(41) Concurrent Clear Claimed Marks
[2026-03-23T17:28:27.429+0900][1.107s][info][gc,marking  ] GC(41) Concurrent Clear Claimed Marks 0.006ms
[2026-03-23T17:28:27.429+0900][1.107s][info][gc,marking  ] GC(41) Concurrent Cleanup for Next Mark
[2026-03-23T17:28:27.429+0900][1.107s][info][gc,marking  ] GC(41) Concurrent Cleanup for Next Mark 0.014ms
[2026-03-23T17:28:27.429+0900][1.107s][info][gc          ] GC(41) Concurrent Undo Cycle 0.059ms
[2026-03-23T17:28:27.435+0900][1.113s][info][gc,start    ] GC(42) Pause Young (Concurrent Start) (G1 Humongous Allocation)
[2026-03-23T17:28:27.435+0900][1.113s][info][gc,task     ] GC(42) Using 6 workers of 11 for evacuation
[2026-03-23T17:28:27.436+0900][1.113s][info][gc,phases   ] GC(42)   Pre Evacuate Collection Set: 0.07ms
[2026-03-23T17:28:27.436+0900][1.113s][info][gc,phases   ] GC(42)   Merge Heap Roots: 0.01ms
[2026-03-23T17:28:27.436+0900][1.113s][info][gc,phases   ] GC(42)   Evacuate Collection Set: 0.08ms
[2026-03-23T17:28:27.436+0900][1.114s][info][gc,phases   ] GC(42)   Post Evacuate Collection Set: 0.08ms
[2026-03-23T17:28:27.436+0900][1.114s][info][gc,phases   ] GC(42)   Other: 0.03ms
[2026-03-23T17:28:27.436+0900][1.114s][info][gc,heap     ] GC(42) Eden regions: 1->0(152)
[2026-03-23T17:28:27.436+0900][1.114s][info][gc,heap     ] GC(42) Survivor regions: 1->1(20)
[2026-03-23T17:28:27.436+0900][1.114s][info][gc,heap     ] GC(42) Old regions: 3->3
[2026-03-23T17:28:27.436+0900][1.114s][info][gc,heap     ] GC(42) Humongous regions: 73->70
[2026-03-23T17:28:27.436+0900][1.114s][info][gc,metaspace] GC(42) Metaspace: 234K(448K)->234K(448K) NonClass: 219K(320K)->219K(320K) Class: 14K(128K)->14K(128K)
[2026-03-23T17:28:27.436+0900][1.114s][info][gc          ] GC(42) Pause Young (Concurrent Start) (G1 Humongous Allocation) 74M->71M(258M) 0.363ms
[2026-03-23T17:28:27.436+0900][1.114s][info][gc,cpu      ] GC(42) User=0.00s Sys=0.00s Real=0.00s
[2026-03-23T17:28:27.436+0900][1.114s][info][gc          ] GC(43) Concurrent Undo Cycle
[2026-03-23T17:28:27.436+0900][1.114s][info][gc,marking  ] GC(43) Concurrent Clear Claimed Marks
[2026-03-23T17:28:27.436+0900][1.114s][info][gc,marking  ] GC(43) Concurrent Clear Claimed Marks 0.004ms
[2026-03-23T17:28:27.436+0900][1.114s][info][gc,marking  ] GC(43) Concurrent Cleanup for Next Mark
[2026-03-23T17:28:27.436+0900][1.114s][info][gc,marking  ] GC(43) Concurrent Cleanup for Next Mark 0.013ms
[2026-03-23T17:28:27.436+0900][1.114s][info][gc          ] GC(43) Concurrent Undo Cycle 0.040ms
[2026-03-23T17:28:27.442+0900][1.120s][info][gc,start    ] GC(44) Pause Young (Concurrent Start) (G1 Humongous Allocation)
[2026-03-23T17:28:27.442+0900][1.120s][info][gc,task     ] GC(44) Using 6 workers of 11 for evacuation
[2026-03-23T17:28:27.443+0900][1.120s][info][gc,phases   ] GC(44)   Pre Evacuate Collection Set: 0.08ms
[2026-03-23T17:28:27.443+0900][1.120s][info][gc,phases   ] GC(44)   Merge Heap Roots: 0.02ms
[2026-03-23T17:28:27.443+0900][1.120s][info][gc,phases   ] GC(44)   Evacuate Collection Set: 0.06ms
[2026-03-23T17:28:27.443+0900][1.120s][info][gc,phases   ] GC(44)   Post Evacuate Collection Set: 0.06ms
[2026-03-23T17:28:27.443+0900][1.120s][info][gc,phases   ] GC(44)   Other: 0.05ms
[2026-03-23T17:28:27.443+0900][1.120s][info][gc,heap     ] GC(44) Eden regions: 1->0(152)
[2026-03-23T17:28:27.443+0900][1.120s][info][gc,heap     ] GC(44) Survivor regions: 1->1(20)
[2026-03-23T17:28:27.443+0900][1.120s][info][gc,heap     ] GC(44) Old regions: 3->3
[2026-03-23T17:28:27.443+0900][1.120s][info][gc,heap     ] GC(44) Humongous regions: 73->70
[2026-03-23T17:28:27.443+0900][1.120s][info][gc,metaspace] GC(44) Metaspace: 234K(448K)->234K(448K) NonClass: 219K(320K)->219K(320K) Class: 14K(128K)->14K(128K)
[2026-03-23T17:28:27.443+0900][1.120s][info][gc          ] GC(44) Pause Young (Concurrent Start) (G1 Humongous Allocation) 74M->71M(258M) 0.373ms
[2026-03-23T17:28:27.443+0900][1.120s][info][gc,cpu      ] GC(44) User=0.00s Sys=0.00s Real=0.00s
[2026-03-23T17:28:27.443+0900][1.120s][info][gc          ] GC(45) Concurrent Undo Cycle
[2026-03-23T17:28:27.443+0900][1.120s][info][gc,marking  ] GC(45) Concurrent Clear Claimed Marks
[2026-03-23T17:28:27.443+0900][1.120s][info][gc,marking  ] GC(45) Concurrent Clear Claimed Marks 0.005ms
[2026-03-23T17:28:27.443+0900][1.120s][info][gc,marking  ] GC(45) Concurrent Cleanup for Next Mark
[2026-03-23T17:28:27.443+0900][1.120s][info][gc,marking  ] GC(45) Concurrent Cleanup for Next Mark 0.014ms
[2026-03-23T17:28:27.443+0900][1.120s][info][gc          ] GC(45) Concurrent Undo Cycle 0.057ms
[2026-03-23T17:28:27.449+0900][1.127s][info][gc,start    ] GC(46) Pause Young (Concurrent Start) (G1 Humongous Allocation)
[2026-03-23T17:28:27.449+0900][1.127s][info][gc,task     ] GC(46) Using 6 workers of 11 for evacuation
[2026-03-23T17:28:27.449+0900][1.127s][info][gc,phases   ] GC(46)   Pre Evacuate Collection Set: 0.04ms
[2026-03-23T17:28:27.449+0900][1.127s][info][gc,phases   ] GC(46)   Merge Heap Roots: 0.01ms
[2026-03-23T17:28:27.449+0900][1.127s][info][gc,phases   ] GC(46)   Evacuate Collection Set: 0.07ms
[2026-03-23T17:28:27.449+0900][1.127s][info][gc,phases   ] GC(46)   Post Evacuate Collection Set: 0.05ms
[2026-03-23T17:28:27.449+0900][1.127s][info][gc,phases   ] GC(46)   Other: 0.03ms
[2026-03-23T17:28:27.449+0900][1.127s][info][gc,heap     ] GC(46) Eden regions: 1->0(152)
[2026-03-23T17:28:27.449+0900][1.127s][info][gc,heap     ] GC(46) Survivor regions: 1->1(20)
[2026-03-23T17:28:27.449+0900][1.127s][info][gc,heap     ] GC(46) Old regions: 3->3
[2026-03-23T17:28:27.449+0900][1.127s][info][gc,heap     ] GC(46) Humongous regions: 73->70
[2026-03-23T17:28:27.449+0900][1.127s][info][gc,metaspace] GC(46) Metaspace: 234K(448K)->234K(448K) NonClass: 219K(320K)->219K(320K) Class: 14K(128K)->14K(128K)
[2026-03-23T17:28:27.449+0900][1.127s][info][gc          ] GC(46) Pause Young (Concurrent Start) (G1 Humongous Allocation) 74M->71M(258M) 0.303ms
[2026-03-23T17:28:27.449+0900][1.127s][info][gc,cpu      ] GC(46) User=0.00s Sys=0.00s Real=0.00s
[2026-03-23T17:28:27.449+0900][1.127s][info][gc          ] GC(47) Concurrent Undo Cycle
[2026-03-23T17:28:27.449+0900][1.127s][info][gc,marking  ] GC(47) Concurrent Clear Claimed Marks
[2026-03-23T17:28:27.449+0900][1.127s][info][gc,marking  ] GC(47) Concurrent Clear Claimed Marks 0.005ms
[2026-03-23T17:28:27.449+0900][1.127s][info][gc,marking  ] GC(47) Concurrent Cleanup for Next Mark
[2026-03-23T17:28:27.449+0900][1.127s][info][gc,marking  ] GC(47) Concurrent Cleanup for Next Mark 0.011ms
[2026-03-23T17:28:27.449+0900][1.127s][info][gc          ] GC(47) Concurrent Undo Cycle 0.041ms
[2026-03-23T17:28:27.456+0900][1.133s][info][gc,start    ] GC(48) Pause Young (Concurrent Start) (G1 Humongous Allocation)
[2026-03-23T17:28:27.456+0900][1.133s][info][gc,task     ] GC(48) Using 6 workers of 11 for evacuation
[2026-03-23T17:28:27.456+0900][1.134s][info][gc,phases   ] GC(48)   Pre Evacuate Collection Set: 0.09ms
[2026-03-23T17:28:27.456+0900][1.134s][info][gc,phases   ] GC(48)   Merge Heap Roots: 0.02ms
[2026-03-23T17:28:27.456+0900][1.134s][info][gc,phases   ] GC(48)   Evacuate Collection Set: 0.06ms
[2026-03-23T17:28:27.456+0900][1.134s][info][gc,phases   ] GC(48)   Post Evacuate Collection Set: 0.07ms
[2026-03-23T17:28:27.456+0900][1.134s][info][gc,phases   ] GC(48)   Other: 0.04ms
[2026-03-23T17:28:27.456+0900][1.134s][info][gc,heap     ] GC(48) Eden regions: 1->0(152)
[2026-03-23T17:28:27.456+0900][1.134s][info][gc,heap     ] GC(48) Survivor regions: 1->1(20)
[2026-03-23T17:28:27.456+0900][1.134s][info][gc,heap     ] GC(48) Old regions: 3->3
[2026-03-23T17:28:27.456+0900][1.134s][info][gc,heap     ] GC(48) Humongous regions: 73->70
[2026-03-23T17:28:27.456+0900][1.134s][info][gc,metaspace] GC(48) Metaspace: 234K(448K)->234K(448K) NonClass: 219K(320K)->219K(320K) Class: 14K(128K)->14K(128K)
[2026-03-23T17:28:27.456+0900][1.134s][info][gc          ] GC(48) Pause Young (Concurrent Start) (G1 Humongous Allocation) 74M->71M(258M) 0.358ms
[2026-03-23T17:28:27.456+0900][1.134s][info][gc,cpu      ] GC(48) User=0.00s Sys=0.00s Real=0.00s
[2026-03-23T17:28:27.456+0900][1.134s][info][gc          ] GC(49) Concurrent Undo Cycle
[2026-03-23T17:28:27.456+0900][1.134s][info][gc,marking  ] GC(49) Concurrent Clear Claimed Marks
[2026-03-23T17:28:27.456+0900][1.134s][info][gc,marking  ] GC(49) Concurrent Clear Claimed Marks 0.004ms
[2026-03-23T17:28:27.456+0900][1.134s][info][gc,marking  ] GC(49) Concurrent Cleanup for Next Mark
[2026-03-23T17:28:27.456+0900][1.134s][info][gc,marking  ] GC(49) Concurrent Cleanup for Next Mark 0.014ms
[2026-03-23T17:28:27.456+0900][1.134s][info][gc          ] GC(49) Concurrent Undo Cycle 0.052ms
[2026-03-23T17:28:27.462+0900][1.140s][info][gc,start    ] GC(50) Pause Young (Concurrent Start) (G1 Humongous Allocation)
[2026-03-23T17:28:27.462+0900][1.140s][info][gc,task     ] GC(50) Using 6 workers of 11 for evacuation
[2026-03-23T17:28:27.463+0900][1.140s][info][gc,phases   ] GC(50)   Pre Evacuate Collection Set: 0.07ms
[2026-03-23T17:28:27.463+0900][1.140s][info][gc,phases   ] GC(50)   Merge Heap Roots: 0.01ms
[2026-03-23T17:28:27.463+0900][1.140s][info][gc,phases   ] GC(50)   Evacuate Collection Set: 0.08ms
[2026-03-23T17:28:27.463+0900][1.140s][info][gc,phases   ] GC(50)   Post Evacuate Collection Set: 0.06ms
[2026-03-23T17:28:27.463+0900][1.140s][info][gc,phases   ] GC(50)   Other: 0.02ms
[2026-03-23T17:28:27.463+0900][1.140s][info][gc,heap     ] GC(50) Eden regions: 1->0(152)
[2026-03-23T17:28:27.463+0900][1.140s][info][gc,heap     ] GC(50) Survivor regions: 1->1(20)
[2026-03-23T17:28:27.463+0900][1.140s][info][gc,heap     ] GC(50) Old regions: 3->3
[2026-03-23T17:28:27.463+0900][1.140s][info][gc,heap     ] GC(50) Humongous regions: 73->70
[2026-03-23T17:28:27.463+0900][1.140s][info][gc,metaspace] GC(50) Metaspace: 234K(448K)->234K(448K) NonClass: 219K(320K)->219K(320K) Class: 14K(128K)->14K(128K)
[2026-03-23T17:28:27.463+0900][1.140s][info][gc          ] GC(50) Pause Young (Concurrent Start) (G1 Humongous Allocation) 74M->71M(258M) 0.328ms
[2026-03-23T17:28:27.463+0900][1.140s][info][gc,cpu      ] GC(50) User=0.01s Sys=0.00s Real=0.00s
[2026-03-23T17:28:27.463+0900][1.140s][info][gc          ] GC(51) Concurrent Undo Cycle
[2026-03-23T17:28:27.463+0900][1.140s][info][gc,marking  ] GC(51) Concurrent Clear Claimed Marks
[2026-03-23T17:28:27.463+0900][1.140s][info][gc,marking  ] GC(51) Concurrent Clear Claimed Marks 0.005ms
[2026-03-23T17:28:27.463+0900][1.140s][info][gc,marking  ] GC(51) Concurrent Cleanup for Next Mark
[2026-03-23T17:28:27.463+0900][1.140s][info][gc,marking  ] GC(51) Concurrent Cleanup for Next Mark 0.011ms
[2026-03-23T17:28:27.463+0900][1.140s][info][gc          ] GC(51) Concurrent Undo Cycle 0.038ms
[2026-03-23T17:28:27.468+0900][1.146s][info][gc,start    ] GC(52) Pause Young (Concurrent Start) (G1 Humongous Allocation)
[2026-03-23T17:28:27.468+0900][1.146s][info][gc,task     ] GC(52) Using 6 workers of 11 for evacuation
[2026-03-23T17:28:27.468+0900][1.146s][info][gc,phases   ] GC(52)   Pre Evacuate Collection Set: 0.05ms
[2026-03-23T17:28:27.468+0900][1.146s][info][gc,phases   ] GC(52)   Merge Heap Roots: 0.02ms
[2026-03-23T17:28:27.468+0900][1.146s][info][gc,phases   ] GC(52)   Evacuate Collection Set: 0.06ms
[2026-03-23T17:28:27.468+0900][1.146s][info][gc,phases   ] GC(52)   Post Evacuate Collection Set: 0.09ms
[2026-03-23T17:28:27.468+0900][1.146s][info][gc,phases   ] GC(52)   Other: 0.03ms
[2026-03-23T17:28:27.468+0900][1.146s][info][gc,heap     ] GC(52) Eden regions: 1->0(152)
[2026-03-23T17:28:27.468+0900][1.146s][info][gc,heap     ] GC(52) Survivor regions: 1->1(20)
[2026-03-23T17:28:27.468+0900][1.146s][info][gc,heap     ] GC(52) Old regions: 3->3
[2026-03-23T17:28:27.468+0900][1.146s][info][gc,heap     ] GC(52) Humongous regions: 73->70
[2026-03-23T17:28:27.468+0900][1.146s][info][gc,metaspace] GC(52) Metaspace: 234K(448K)->234K(448K) NonClass: 219K(320K)->219K(320K) Class: 14K(128K)->14K(128K)
[2026-03-23T17:28:27.468+0900][1.146s][info][gc          ] GC(52) Pause Young (Concurrent Start) (G1 Humongous Allocation) 74M->71M(258M) 0.364ms
[2026-03-23T17:28:27.469+0900][1.146s][info][gc,cpu      ] GC(52) User=0.00s Sys=0.01s Real=0.00s
[2026-03-23T17:28:27.469+0900][1.146s][info][gc          ] GC(53) Concurrent Undo Cycle
[2026-03-23T17:28:27.469+0900][1.146s][info][gc,marking  ] GC(53) Concurrent Clear Claimed Marks
[2026-03-23T17:28:27.469+0900][1.146s][info][gc,marking  ] GC(53) Concurrent Clear Claimed Marks 0.005ms
[2026-03-23T17:28:27.469+0900][1.146s][info][gc,marking  ] GC(53) Concurrent Cleanup for Next Mark
[2026-03-23T17:28:27.469+0900][1.146s][info][gc,marking  ] GC(53) Concurrent Cleanup for Next Mark 0.024ms
[2026-03-23T17:28:27.469+0900][1.146s][info][gc          ] GC(53) Concurrent Undo Cycle 0.054ms
[2026-03-23T17:28:27.474+0900][1.152s][info][gc,start    ] GC(54) Pause Young (Concurrent Start) (G1 Humongous Allocation)
[2026-03-23T17:28:27.474+0900][1.152s][info][gc,task     ] GC(54) Using 6 workers of 11 for evacuation
[2026-03-23T17:28:27.474+0900][1.152s][info][gc,phases   ] GC(54)   Pre Evacuate Collection Set: 0.13ms
[2026-03-23T17:28:27.474+0900][1.152s][info][gc,phases   ] GC(54)   Merge Heap Roots: 0.02ms
[2026-03-23T17:28:27.474+0900][1.152s][info][gc,phases   ] GC(54)   Evacuate Collection Set: 0.08ms
[2026-03-23T17:28:27.474+0900][1.152s][info][gc,phases   ] GC(54)   Post Evacuate Collection Set: 0.07ms
[2026-03-23T17:28:27.474+0900][1.152s][info][gc,phases   ] GC(54)   Other: 0.04ms
[2026-03-23T17:28:27.474+0900][1.152s][info][gc,heap     ] GC(54) Eden regions: 1->0(152)
[2026-03-23T17:28:27.474+0900][1.152s][info][gc,heap     ] GC(54) Survivor regions: 1->1(20)
[2026-03-23T17:28:27.474+0900][1.152s][info][gc,heap     ] GC(54) Old regions: 3->3
[2026-03-23T17:28:27.474+0900][1.152s][info][gc,heap     ] GC(54) Humongous regions: 73->70
[2026-03-23T17:28:27.474+0900][1.152s][info][gc,metaspace] GC(54) Metaspace: 234K(448K)->234K(448K) NonClass: 219K(320K)->219K(320K) Class: 14K(128K)->14K(128K)
[2026-03-23T17:28:27.474+0900][1.152s][info][gc          ] GC(54) Pause Young (Concurrent Start) (G1 Humongous Allocation) 74M->71M(258M) 0.435ms
[2026-03-23T17:28:27.474+0900][1.152s][info][gc,cpu      ] GC(54) User=0.00s Sys=0.00s Real=0.00s
[2026-03-23T17:28:27.474+0900][1.152s][info][gc          ] GC(55) Concurrent Undo Cycle
[2026-03-23T17:28:27.474+0900][1.152s][info][gc,marking  ] GC(55) Concurrent Clear Claimed Marks
[2026-03-23T17:28:27.474+0900][1.152s][info][gc,marking  ] GC(55) Concurrent Clear Claimed Marks 0.007ms
[2026-03-23T17:28:27.474+0900][1.152s][info][gc,marking  ] GC(55) Concurrent Cleanup for Next Mark
[2026-03-23T17:28:27.474+0900][1.152s][info][gc,marking  ] GC(55) Concurrent Cleanup for Next Mark 0.015ms
[2026-03-23T17:28:27.474+0900][1.152s][info][gc          ] GC(55) Concurrent Undo Cycle 0.051ms
[2026-03-23T17:28:27.474+0900][1.152s][info][gc,start    ] GC(56) Pause Young (Concurrent Start) (G1 Humongous Allocation)
[2026-03-23T17:28:27.474+0900][1.152s][info][gc,task     ] GC(56) Using 6 workers of 11 for evacuation
[2026-03-23T17:28:27.475+0900][1.152s][info][gc,phases   ] GC(56)   Pre Evacuate Collection Set: 0.06ms
[2026-03-23T17:28:27.475+0900][1.152s][info][gc,phases   ] GC(56)   Merge Heap Roots: 0.02ms
[2026-03-23T17:28:27.475+0900][1.152s][info][gc,phases   ] GC(56)   Evacuate Collection Set: 0.06ms
[2026-03-23T17:28:27.475+0900][1.152s][info][gc,phases   ] GC(56)   Post Evacuate Collection Set: 0.05ms
[2026-03-23T17:28:27.475+0900][1.152s][info][gc,phases   ] GC(56)   Other: 0.02ms
[2026-03-23T17:28:27.475+0900][1.152s][info][gc,heap     ] GC(56) Eden regions: 1->0(152)
[2026-03-23T17:28:27.475+0900][1.152s][info][gc,heap     ] GC(56) Survivor regions: 1->1(20)
[2026-03-23T17:28:27.475+0900][1.152s][info][gc,heap     ] GC(56) Old regions: 3->3
[2026-03-23T17:28:27.475+0900][1.152s][info][gc,heap     ] GC(56) Humongous regions: 73->73
[2026-03-23T17:28:27.475+0900][1.152s][info][gc,metaspace] GC(56) Metaspace: 234K(448K)->234K(448K) NonClass: 219K(320K)->219K(320K) Class: 14K(128K)->14K(128K)
[2026-03-23T17:28:27.475+0900][1.152s][info][gc          ] GC(56) Pause Young (Concurrent Start) (G1 Humongous Allocation) 74M->74M(258M) 0.267ms
[2026-03-23T17:28:27.475+0900][1.152s][info][gc,cpu      ] GC(56) User=0.00s Sys=0.00s Real=0.00s
[2026-03-23T17:28:27.475+0900][1.152s][info][gc          ] GC(57) Concurrent Undo Cycle
[2026-03-23T17:28:27.475+0900][1.152s][info][gc,marking  ] GC(57) Concurrent Clear Claimed Marks
[2026-03-23T17:28:27.475+0900][1.152s][info][gc,marking  ] GC(57) Concurrent Clear Claimed Marks 0.006ms
[2026-03-23T17:28:27.475+0900][1.152s][info][gc,marking  ] GC(57) Concurrent Cleanup for Next Mark
[2026-03-23T17:28:27.475+0900][1.152s][info][gc,marking  ] GC(57) Concurrent Cleanup for Next Mark 0.027ms
[2026-03-23T17:28:27.475+0900][1.152s][info][gc          ] GC(57) Concurrent Undo Cycle 0.062ms
[2026-03-23T17:28:27.481+0900][1.159s][info][gc,start    ] GC(58) Pause Young (Concurrent Start) (G1 Humongous Allocation)
[2026-03-23T17:28:27.481+0900][1.159s][info][gc,task     ] GC(58) Using 6 workers of 11 for evacuation
[2026-03-23T17:28:27.481+0900][1.159s][info][gc,phases   ] GC(58)   Pre Evacuate Collection Set: 0.06ms
[2026-03-23T17:28:27.481+0900][1.159s][info][gc,phases   ] GC(58)   Merge Heap Roots: 0.02ms
[2026-03-23T17:28:27.481+0900][1.159s][info][gc,phases   ] GC(58)   Evacuate Collection Set: 0.06ms
[2026-03-23T17:28:27.481+0900][1.159s][info][gc,phases   ] GC(58)   Post Evacuate Collection Set: 0.06ms
[2026-03-23T17:28:27.481+0900][1.159s][info][gc,phases   ] GC(58)   Other: 0.04ms
[2026-03-23T17:28:27.481+0900][1.159s][info][gc,heap     ] GC(58) Eden regions: 1->0(152)
[2026-03-23T17:28:27.481+0900][1.159s][info][gc,heap     ] GC(58) Survivor regions: 1->1(20)
[2026-03-23T17:28:27.481+0900][1.159s][info][gc,heap     ] GC(58) Old regions: 3->3
[2026-03-23T17:28:27.481+0900][1.159s][info][gc,heap     ] GC(58) Humongous regions: 75->72
[2026-03-23T17:28:27.481+0900][1.159s][info][gc,metaspace] GC(58) Metaspace: 234K(448K)->234K(448K) NonClass: 219K(320K)->219K(320K) Class: 14K(128K)->14K(128K)
[2026-03-23T17:28:27.481+0900][1.159s][info][gc          ] GC(58) Pause Young (Concurrent Start) (G1 Humongous Allocation) 76M->73M(258M) 0.328ms
[2026-03-23T17:28:27.481+0900][1.159s][info][gc,cpu      ] GC(58) User=0.00s Sys=0.00s Real=0.00s
[2026-03-23T17:28:27.481+0900][1.159s][info][gc          ] GC(59) Concurrent Undo Cycle
[2026-03-23T17:28:27.481+0900][1.159s][info][gc,marking  ] GC(59) Concurrent Clear Claimed Marks
[2026-03-23T17:28:27.481+0900][1.159s][info][gc,marking  ] GC(59) Concurrent Clear Claimed Marks 0.005ms
[2026-03-23T17:28:27.481+0900][1.159s][info][gc,marking  ] GC(59) Concurrent Cleanup for Next Mark
[2026-03-23T17:28:27.481+0900][1.159s][info][gc,marking  ] GC(59) Concurrent Cleanup for Next Mark 0.012ms
[2026-03-23T17:28:27.481+0900][1.159s][info][gc          ] GC(59) Concurrent Undo Cycle 0.047ms
[2026-03-23T17:28:27.488+0900][1.165s][info][gc,start    ] GC(60) Pause Young (Concurrent Start) (G1 Humongous Allocation)
[2026-03-23T17:28:27.488+0900][1.165s][info][gc,task     ] GC(60) Using 6 workers of 11 for evacuation
[2026-03-23T17:28:27.488+0900][1.166s][info][gc,phases   ] GC(60)   Pre Evacuate Collection Set: 0.07ms
[2026-03-23T17:28:27.488+0900][1.166s][info][gc,phases   ] GC(60)   Merge Heap Roots: 0.04ms
[2026-03-23T17:28:27.488+0900][1.166s][info][gc,phases   ] GC(60)   Evacuate Collection Set: 0.07ms
[2026-03-23T17:28:27.488+0900][1.166s][info][gc,phases   ] GC(60)   Post Evacuate Collection Set: 0.08ms
[2026-03-23T17:28:27.488+0900][1.166s][info][gc,phases   ] GC(60)   Other: 0.04ms
[2026-03-23T17:28:27.488+0900][1.166s][info][gc,heap     ] GC(60) Eden regions: 1->0(152)
[2026-03-23T17:28:27.488+0900][1.166s][info][gc,heap     ] GC(60) Survivor regions: 1->1(20)
[2026-03-23T17:28:27.488+0900][1.166s][info][gc,heap     ] GC(60) Old regions: 3->3
[2026-03-23T17:28:27.488+0900][1.166s][info][gc,heap     ] GC(60) Humongous regions: 75->72
[2026-03-23T17:28:27.488+0900][1.166s][info][gc,metaspace] GC(60) Metaspace: 234K(448K)->234K(448K) NonClass: 219K(320K)->219K(320K) Class: 14K(128K)->14K(128K)
[2026-03-23T17:28:27.488+0900][1.166s][info][gc          ] GC(60) Pause Young (Concurrent Start) (G1 Humongous Allocation) 76M->73M(258M) 0.383ms
[2026-03-23T17:28:27.488+0900][1.166s][info][gc,cpu      ] GC(60) User=0.00s Sys=0.00s Real=0.00s
[2026-03-23T17:28:27.488+0900][1.166s][info][gc          ] GC(61) Concurrent Undo Cycle
[2026-03-23T17:28:27.488+0900][1.166s][info][gc,marking  ] GC(61) Concurrent Clear Claimed Marks
[2026-03-23T17:28:27.488+0900][1.166s][info][gc,marking  ] GC(61) Concurrent Clear Claimed Marks 0.006ms
[2026-03-23T17:28:27.488+0900][1.166s][info][gc,marking  ] GC(61) Concurrent Cleanup for Next Mark
[2026-03-23T17:28:27.488+0900][1.166s][info][gc,marking  ] GC(61) Concurrent Cleanup for Next Mark 0.034ms
[2026-03-23T17:28:27.488+0900][1.166s][info][gc          ] GC(61) Concurrent Undo Cycle 0.094ms
[2026-03-23T17:28:27.494+0900][1.172s][info][gc,start    ] GC(62) Pause Young (Concurrent Start) (G1 Humongous Allocation)
[2026-03-23T17:28:27.494+0900][1.172s][info][gc,task     ] GC(62) Using 6 workers of 11 for evacuation
[2026-03-23T17:28:27.495+0900][1.172s][info][gc,phases   ] GC(62)   Pre Evacuate Collection Set: 0.07ms
[2026-03-23T17:28:27.495+0900][1.172s][info][gc,phases   ] GC(62)   Merge Heap Roots: 0.02ms
[2026-03-23T17:28:27.495+0900][1.172s][info][gc,phases   ] GC(62)   Evacuate Collection Set: 0.06ms
[2026-03-23T17:28:27.495+0900][1.172s][info][gc,phases   ] GC(62)   Post Evacuate Collection Set: 0.07ms
[2026-03-23T17:28:27.495+0900][1.173s][info][gc,phases   ] GC(62)   Other: 0.03ms
[2026-03-23T17:28:27.495+0900][1.173s][info][gc,heap     ] GC(62) Eden regions: 1->0(152)
[2026-03-23T17:28:27.495+0900][1.173s][info][gc,heap     ] GC(62) Survivor regions: 1->1(20)
[2026-03-23T17:28:27.495+0900][1.173s][info][gc,heap     ] GC(62) Old regions: 3->3
[2026-03-23T17:28:27.495+0900][1.173s][info][gc,heap     ] GC(62) Humongous regions: 75->72
[2026-03-23T17:28:27.495+0900][1.173s][info][gc,metaspace] GC(62) Metaspace: 234K(448K)->234K(448K) NonClass: 219K(320K)->219K(320K) Class: 14K(128K)->14K(128K)
[2026-03-23T17:28:27.495+0900][1.173s][info][gc          ] GC(62) Pause Young (Concurrent Start) (G1 Humongous Allocation) 76M->73M(258M) 0.325ms
[2026-03-23T17:28:27.495+0900][1.173s][info][gc,cpu      ] GC(62) User=0.00s Sys=0.00s Real=0.00s
[2026-03-23T17:28:27.495+0900][1.173s][info][gc          ] GC(63) Concurrent Undo Cycle
[2026-03-23T17:28:27.495+0900][1.173s][info][gc,marking  ] GC(63) Concurrent Clear Claimed Marks
[2026-03-23T17:28:27.495+0900][1.173s][info][gc,marking  ] GC(63) Concurrent Clear Claimed Marks 0.007ms
[2026-03-23T17:28:27.495+0900][1.173s][info][gc,marking  ] GC(63) Concurrent Cleanup for Next Mark
[2026-03-23T17:28:27.495+0900][1.173s][info][gc,marking  ] GC(63) Concurrent Cleanup for Next Mark 0.017ms
[2026-03-23T17:28:27.495+0900][1.173s][info][gc          ] GC(63) Concurrent Undo Cycle 0.062ms
[2026-03-23T17:28:27.501+0900][1.179s][info][gc,start    ] GC(64) Pause Young (Concurrent Start) (G1 Humongous Allocation)
[2026-03-23T17:28:27.501+0900][1.179s][info][gc,task     ] GC(64) Using 6 workers of 11 for evacuation
[2026-03-23T17:28:27.502+0900][1.179s][info][gc,phases   ] GC(64)   Pre Evacuate Collection Set: 0.07ms
[2026-03-23T17:28:27.502+0900][1.179s][info][gc,phases   ] GC(64)   Merge Heap Roots: 0.02ms
[2026-03-23T17:28:27.502+0900][1.179s][info][gc,phases   ] GC(64)   Evacuate Collection Set: 0.08ms
[2026-03-23T17:28:27.502+0900][1.179s][info][gc,phases   ] GC(64)   Post Evacuate Collection Set: 0.06ms
[2026-03-23T17:28:27.502+0900][1.179s][info][gc,phases   ] GC(64)   Other: 0.05ms
[2026-03-23T17:28:27.502+0900][1.179s][info][gc,heap     ] GC(64) Eden regions: 1->0(152)
[2026-03-23T17:28:27.502+0900][1.179s][info][gc,heap     ] GC(64) Survivor regions: 1->1(20)
[2026-03-23T17:28:27.502+0900][1.179s][info][gc,heap     ] GC(64) Old regions: 3->3
[2026-03-23T17:28:27.502+0900][1.179s][info][gc,heap     ] GC(64) Humongous regions: 75->72
[2026-03-23T17:28:27.502+0900][1.179s][info][gc,metaspace] GC(64) Metaspace: 234K(448K)->234K(448K) NonClass: 219K(320K)->219K(320K) Class: 14K(128K)->14K(128K)
[2026-03-23T17:28:27.502+0900][1.179s][info][gc          ] GC(64) Pause Young (Concurrent Start) (G1 Humongous Allocation) 76M->73M(258M) 0.406ms
[2026-03-23T17:28:27.502+0900][1.179s][info][gc,cpu      ] GC(64) User=0.00s Sys=0.00s Real=0.00s
[2026-03-23T17:28:27.502+0900][1.179s][info][gc          ] GC(65) Concurrent Undo Cycle
[2026-03-23T17:28:27.502+0900][1.179s][info][gc,marking  ] GC(65) Concurrent Clear Claimed Marks
[2026-03-23T17:28:27.502+0900][1.179s][info][gc,marking  ] GC(65) Concurrent Clear Claimed Marks 0.007ms
[2026-03-23T17:28:27.502+0900][1.179s][info][gc,marking  ] GC(65) Concurrent Cleanup for Next Mark
[2026-03-23T17:28:27.502+0900][1.179s][info][gc,marking  ] GC(65) Concurrent Cleanup for Next Mark 0.019ms
[2026-03-23T17:28:27.502+0900][1.179s][info][gc          ] GC(65) Concurrent Undo Cycle 0.076ms
[2026-03-23T17:28:27.508+0900][1.186s][info][gc,start    ] GC(66) Pause Young (Concurrent Start) (G1 Humongous Allocation)
[2026-03-23T17:28:27.508+0900][1.186s][info][gc,task     ] GC(66) Using 6 workers of 11 for evacuation
[2026-03-23T17:28:27.508+0900][1.186s][info][gc,phases   ] GC(66)   Pre Evacuate Collection Set: 0.06ms
[2026-03-23T17:28:27.508+0900][1.186s][info][gc,phases   ] GC(66)   Merge Heap Roots: 0.03ms
[2026-03-23T17:28:27.508+0900][1.186s][info][gc,phases   ] GC(66)   Evacuate Collection Set: 0.06ms
[2026-03-23T17:28:27.508+0900][1.186s][info][gc,phases   ] GC(66)   Post Evacuate Collection Set: 0.06ms
[2026-03-23T17:28:27.508+0900][1.186s][info][gc,phases   ] GC(66)   Other: 0.04ms
[2026-03-23T17:28:27.508+0900][1.186s][info][gc,heap     ] GC(66) Eden regions: 1->0(152)
[2026-03-23T17:28:27.508+0900][1.186s][info][gc,heap     ] GC(66) Survivor regions: 1->1(20)
[2026-03-23T17:28:27.508+0900][1.186s][info][gc,heap     ] GC(66) Old regions: 3->3
[2026-03-23T17:28:27.508+0900][1.186s][info][gc,heap     ] GC(66) Humongous regions: 75->72
[2026-03-23T17:28:27.508+0900][1.186s][info][gc,metaspace] GC(66) Metaspace: 234K(448K)->234K(448K) NonClass: 219K(320K)->219K(320K) Class: 14K(128K)->14K(128K)
[2026-03-23T17:28:27.508+0900][1.186s][info][gc          ] GC(66) Pause Young (Concurrent Start) (G1 Humongous Allocation) 76M->73M(258M) 0.334ms
[2026-03-23T17:28:27.508+0900][1.186s][info][gc,cpu      ] GC(66) User=0.00s Sys=0.00s Real=0.00s
[2026-03-23T17:28:27.508+0900][1.186s][info][gc          ] GC(67) Concurrent Undo Cycle
[2026-03-23T17:28:27.508+0900][1.186s][info][gc,marking  ] GC(67) Concurrent Clear Claimed Marks
[2026-03-23T17:28:27.508+0900][1.186s][info][gc,marking  ] GC(67) Concurrent Clear Claimed Marks 0.005ms
[2026-03-23T17:28:27.508+0900][1.186s][info][gc,marking  ] GC(67) Concurrent Cleanup for Next Mark
[2026-03-23T17:28:27.508+0900][1.186s][info][gc,marking  ] GC(67) Concurrent Cleanup for Next Mark 0.014ms
[2026-03-23T17:28:27.508+0900][1.186s][info][gc          ] GC(67) Concurrent Undo Cycle 0.050ms
[2026-03-23T17:28:27.515+0900][1.192s][info][gc,start    ] GC(68) Pause Young (Concurrent Start) (G1 Humongous Allocation)
[2026-03-23T17:28:27.515+0900][1.192s][info][gc,task     ] GC(68) Using 6 workers of 11 for evacuation
[2026-03-23T17:28:27.515+0900][1.193s][info][gc,phases   ] GC(68)   Pre Evacuate Collection Set: 0.07ms
[2026-03-23T17:28:27.515+0900][1.193s][info][gc,phases   ] GC(68)   Merge Heap Roots: 0.02ms
[2026-03-23T17:28:27.515+0900][1.193s][info][gc,phases   ] GC(68)   Evacuate Collection Set: 0.07ms
[2026-03-23T17:28:27.515+0900][1.193s][info][gc,phases   ] GC(68)   Post Evacuate Collection Set: 0.07ms
[2026-03-23T17:28:27.515+0900][1.193s][info][gc,phases   ] GC(68)   Other: 0.03ms
[2026-03-23T17:28:27.515+0900][1.193s][info][gc,heap     ] GC(68) Eden regions: 1->0(152)
[2026-03-23T17:28:27.515+0900][1.193s][info][gc,heap     ] GC(68) Survivor regions: 1->1(20)
[2026-03-23T17:28:27.515+0900][1.193s][info][gc,heap     ] GC(68) Old regions: 3->3
[2026-03-23T17:28:27.515+0900][1.193s][info][gc,heap     ] GC(68) Humongous regions: 75->72
[2026-03-23T17:28:27.515+0900][1.193s][info][gc,metaspace] GC(68) Metaspace: 234K(448K)->234K(448K) NonClass: 219K(320K)->219K(320K) Class: 14K(128K)->14K(128K)
[2026-03-23T17:28:27.515+0900][1.193s][info][gc          ] GC(68) Pause Young (Concurrent Start) (G1 Humongous Allocation) 76M->73M(258M) 0.336ms
[2026-03-23T17:28:27.515+0900][1.193s][info][gc,cpu      ] GC(68) User=0.00s Sys=0.00s Real=0.00s
[2026-03-23T17:28:27.515+0900][1.193s][info][gc          ] GC(69) Concurrent Undo Cycle
[2026-03-23T17:28:27.515+0900][1.193s][info][gc,marking  ] GC(69) Concurrent Clear Claimed Marks
[2026-03-23T17:28:27.515+0900][1.193s][info][gc,marking  ] GC(69) Concurrent Clear Claimed Marks 0.006ms
[2026-03-23T17:28:27.515+0900][1.193s][info][gc,marking  ] GC(69) Concurrent Cleanup for Next Mark
[2026-03-23T17:28:27.515+0900][1.193s][info][gc,marking  ] GC(69) Concurrent Cleanup for Next Mark 0.028ms
[2026-03-23T17:28:27.515+0900][1.193s][info][gc          ] GC(69) Concurrent Undo Cycle 0.079ms
[2026-03-23T17:28:27.521+0900][1.199s][info][gc,start    ] GC(70) Pause Young (Concurrent Start) (G1 Humongous Allocation)
[2026-03-23T17:28:27.521+0900][1.199s][info][gc,task     ] GC(70) Using 6 workers of 11 for evacuation
[2026-03-23T17:28:27.522+0900][1.199s][info][gc,phases   ] GC(70)   Pre Evacuate Collection Set: 0.11ms
[2026-03-23T17:28:27.522+0900][1.199s][info][gc,phases   ] GC(70)   Merge Heap Roots: 0.02ms
[2026-03-23T17:28:27.522+0900][1.199s][info][gc,phases   ] GC(70)   Evacuate Collection Set: 0.06ms
[2026-03-23T17:28:27.522+0900][1.200s][info][gc,phases   ] GC(70)   Post Evacuate Collection Set: 0.07ms
[2026-03-23T17:28:27.522+0900][1.200s][info][gc,phases   ] GC(70)   Other: 0.04ms
[2026-03-23T17:28:27.522+0900][1.200s][info][gc,heap     ] GC(70) Eden regions: 1->0(152)
[2026-03-23T17:28:27.522+0900][1.200s][info][gc,heap     ] GC(70) Survivor regions: 1->1(20)
[2026-03-23T17:28:27.522+0900][1.200s][info][gc,heap     ] GC(70) Old regions: 3->3
[2026-03-23T17:28:27.522+0900][1.200s][info][gc,heap     ] GC(70) Humongous regions: 75->72
[2026-03-23T17:28:27.522+0900][1.200s][info][gc,metaspace] GC(70) Metaspace: 234K(448K)->234K(448K) NonClass: 219K(320K)->219K(320K) Class: 14K(128K)->14K(128K)
[2026-03-23T17:28:27.522+0900][1.200s][info][gc          ] GC(70) Pause Young (Concurrent Start) (G1 Humongous Allocation) 76M->73M(258M) 0.387ms
[2026-03-23T17:28:27.522+0900][1.200s][info][gc,cpu      ] GC(70) User=0.00s Sys=0.00s Real=0.00s
[2026-03-23T17:28:27.522+0900][1.200s][info][gc          ] GC(71) Concurrent Undo Cycle
[2026-03-23T17:28:27.522+0900][1.200s][info][gc,marking  ] GC(71) Concurrent Clear Claimed Marks
[2026-03-23T17:28:27.522+0900][1.200s][info][gc,marking  ] GC(71) Concurrent Clear Claimed Marks 0.006ms
[2026-03-23T17:28:27.522+0900][1.200s][info][gc,marking  ] GC(71) Concurrent Cleanup for Next Mark
[2026-03-23T17:28:27.522+0900][1.200s][info][gc,marking  ] GC(71) Concurrent Cleanup for Next Mark 0.015ms
[2026-03-23T17:28:27.522+0900][1.200s][info][gc          ] GC(71) Concurrent Undo Cycle 0.049ms
[2026-03-23T17:28:27.528+0900][1.206s][info][gc,start    ] GC(72) Pause Young (Concurrent Start) (G1 Humongous Allocation)
[2026-03-23T17:28:27.528+0900][1.206s][info][gc,task     ] GC(72) Using 6 workers of 11 for evacuation
[2026-03-23T17:28:27.529+0900][1.206s][info][gc,phases   ] GC(72)   Pre Evacuate Collection Set: 0.07ms
[2026-03-23T17:28:27.529+0900][1.206s][info][gc,phases   ] GC(72)   Merge Heap Roots: 0.02ms
[2026-03-23T17:28:27.529+0900][1.206s][info][gc,phases   ] GC(72)   Evacuate Collection Set: 0.09ms
[2026-03-23T17:28:27.529+0900][1.206s][info][gc,phases   ] GC(72)   Post Evacuate Collection Set: 0.09ms
[2026-03-23T17:28:27.529+0900][1.206s][info][gc,phases   ] GC(72)   Other: 0.04ms
[2026-03-23T17:28:27.529+0900][1.206s][info][gc,heap     ] GC(72) Eden regions: 1->0(152)
[2026-03-23T17:28:27.529+0900][1.206s][info][gc,heap     ] GC(72) Survivor regions: 1->1(20)
[2026-03-23T17:28:27.529+0900][1.206s][info][gc,heap     ] GC(72) Old regions: 3->3
[2026-03-23T17:28:27.529+0900][1.206s][info][gc,heap     ] GC(72) Humongous regions: 75->72
[2026-03-23T17:28:27.529+0900][1.206s][info][gc,metaspace] GC(72) Metaspace: 234K(448K)->234K(448K) NonClass: 219K(320K)->219K(320K) Class: 14K(128K)->14K(128K)
[2026-03-23T17:28:27.529+0900][1.206s][info][gc          ] GC(72) Pause Young (Concurrent Start) (G1 Humongous Allocation) 76M->73M(258M) 0.382ms
[2026-03-23T17:28:27.529+0900][1.206s][info][gc,cpu      ] GC(72) User=0.00s Sys=0.00s Real=0.00s
[2026-03-23T17:28:27.529+0900][1.206s][info][gc          ] GC(73) Concurrent Undo Cycle
[2026-03-23T17:28:27.529+0900][1.206s][info][gc,marking  ] GC(73) Concurrent Clear Claimed Marks
[2026-03-23T17:28:27.529+0900][1.206s][info][gc,marking  ] GC(73) Concurrent Clear Claimed Marks 0.005ms
[2026-03-23T17:28:27.529+0900][1.206s][info][gc,marking  ] GC(73) Concurrent Cleanup for Next Mark
[2026-03-23T17:28:27.529+0900][1.206s][info][gc,marking  ] GC(73) Concurrent Cleanup for Next Mark 0.016ms
[2026-03-23T17:28:27.529+0900][1.206s][info][gc          ] GC(73) Concurrent Undo Cycle 0.059ms
[2026-03-23T17:28:27.529+0900][1.206s][info][gc,start    ] GC(74) Pause Young (Concurrent Start) (G1 Humongous Allocation)
[2026-03-23T17:28:27.529+0900][1.206s][info][gc,task     ] GC(74) Using 6 workers of 11 for evacuation
[2026-03-23T17:28:27.529+0900][1.207s][info][gc,phases   ] GC(74)   Pre Evacuate Collection Set: 0.07ms
[2026-03-23T17:28:27.529+0900][1.207s][info][gc,phases   ] GC(74)   Merge Heap Roots: 0.02ms
[2026-03-23T17:28:27.529+0900][1.207s][info][gc,phases   ] GC(74)   Evacuate Collection Set: 0.06ms
[2026-03-23T17:28:27.529+0900][1.207s][info][gc,phases   ] GC(74)   Post Evacuate Collection Set: 0.06ms
[2026-03-23T17:28:27.529+0900][1.207s][info][gc,phases   ] GC(74)   Other: 0.02ms
[2026-03-23T17:28:27.529+0900][1.207s][info][gc,heap     ] GC(74) Eden regions: 1->0(152)
[2026-03-23T17:28:27.529+0900][1.207s][info][gc,heap     ] GC(74) Survivor regions: 1->1(20)
[2026-03-23T17:28:27.529+0900][1.207s][info][gc,heap     ] GC(74) Old regions: 3->3
[2026-03-23T17:28:27.529+0900][1.207s][info][gc,heap     ] GC(74) Humongous regions: 75->75
[2026-03-23T17:28:27.529+0900][1.207s][info][gc,metaspace] GC(74) Metaspace: 234K(448K)->234K(448K) NonClass: 219K(320K)->219K(320K) Class: 14K(128K)->14K(128K)
[2026-03-23T17:28:27.529+0900][1.207s][info][gc          ] GC(74) Pause Young (Concurrent Start) (G1 Humongous Allocation) 76M->76M(258M) 0.291ms
[2026-03-23T17:28:27.529+0900][1.207s][info][gc,cpu      ] GC(74) User=0.00s Sys=0.00s Real=0.00s
[2026-03-23T17:28:27.529+0900][1.207s][info][gc          ] GC(75) Concurrent Mark Cycle
[2026-03-23T17:28:27.529+0900][1.207s][info][gc,marking  ] GC(75) Concurrent Scan Root Regions
[2026-03-23T17:28:27.529+0900][1.207s][info][gc,marking  ] GC(75) Concurrent Scan Root Regions 0.013ms
[2026-03-23T17:28:27.529+0900][1.207s][info][gc,marking  ] GC(75) Concurrent Mark
[2026-03-23T17:28:27.529+0900][1.207s][info][gc,marking  ] GC(75) Concurrent Mark From Roots
[2026-03-23T17:28:27.529+0900][1.207s][info][gc,task     ] GC(75) Using 3 workers of 3 for marking
[2026-03-23T17:28:27.530+0900][1.207s][info][gc,marking  ] GC(75) Concurrent Mark From Roots 0.665ms
[2026-03-23T17:28:27.530+0900][1.207s][info][gc,marking  ] GC(75) Concurrent Preclean
[2026-03-23T17:28:27.530+0900][1.207s][info][gc,marking  ] GC(75) Concurrent Preclean 0.005ms
[2026-03-23T17:28:27.530+0900][1.207s][info][gc,start    ] GC(75) Pause Remark
[2026-03-23T17:28:27.530+0900][1.208s][info][gc          ] GC(75) Pause Remark 79M->79M(258M) 0.170ms
[2026-03-23T17:28:27.530+0900][1.208s][info][gc,cpu      ] GC(75) User=0.00s Sys=0.00s Real=0.00s
[2026-03-23T17:28:27.530+0900][1.208s][info][gc,marking  ] GC(75) Concurrent Mark 0.876ms
[2026-03-23T17:28:27.530+0900][1.208s][info][gc,marking  ] GC(75) Concurrent Rebuild Remembered Sets and Scrub Regions
[2026-03-23T17:28:27.530+0900][1.208s][info][gc,marking  ] GC(75) Concurrent Rebuild Remembered Sets and Scrub Regions 0.246ms
[2026-03-23T17:28:27.530+0900][1.208s][info][gc,start    ] GC(75) Pause Cleanup
[2026-03-23T17:28:27.530+0900][1.208s][info][gc          ] GC(75) Pause Cleanup 79M->79M(258M) 0.037ms
[2026-03-23T17:28:27.530+0900][1.208s][info][gc,cpu      ] GC(75) User=0.00s Sys=0.00s Real=0.00s
[2026-03-23T17:28:27.530+0900][1.208s][info][gc,marking  ] GC(75) Concurrent Clear Claimed Marks
[2026-03-23T17:28:27.530+0900][1.208s][info][gc,marking  ] GC(75) Concurrent Clear Claimed Marks 0.004ms
[2026-03-23T17:28:27.530+0900][1.208s][info][gc,marking  ] GC(75) Concurrent Cleanup for Next Mark
[2026-03-23T17:28:27.530+0900][1.208s][info][gc,marking  ] GC(75) Concurrent Cleanup for Next Mark 0.143ms
[2026-03-23T17:28:27.530+0900][1.208s][info][gc          ] GC(75) Concurrent Mark Cycle 1.390ms
[2026-03-23T17:28:28.342+0900][2.020s][info][gc,start    ] GC(76) Pause Young (Prepare Mixed) (G1 Humongous Allocation)
[2026-03-23T17:28:28.343+0900][2.021s][info][gc,task     ] GC(76) Using 11 workers of 11 for evacuation
[2026-03-23T17:28:28.346+0900][2.024s][info][gc,phases   ] GC(76)   Pre Evacuate Collection Set: 0.40ms
[2026-03-23T17:28:28.346+0900][2.024s][info][gc,phases   ] GC(76)   Merge Heap Roots: 0.11ms
[2026-03-23T17:28:28.346+0900][2.024s][info][gc,phases   ] GC(76)   Evacuate Collection Set: 0.30ms
[2026-03-23T17:28:28.346+0900][2.024s][info][gc,phases   ] GC(76)   Post Evacuate Collection Set: 2.23ms
[2026-03-23T17:28:28.346+0900][2.024s][info][gc,phases   ] GC(76)   Other: 0.75ms
[2026-03-23T17:28:28.346+0900][2.024s][info][gc,heap     ] GC(76) Eden regions: 1->0(307)
[2026-03-23T17:28:28.346+0900][2.024s][info][gc,heap     ] GC(76) Survivor regions: 1->0(0)
[2026-03-23T17:28:28.346+0900][2.024s][info][gc,heap     ] GC(76) Old regions: 3->3
[2026-03-23T17:28:28.346+0900][2.024s][info][gc,heap     ] GC(76) Humongous regions: 507->123
[2026-03-23T17:28:28.346+0900][2.024s][info][gc,metaspace] GC(76) Metaspace: 241K(448K)->241K(448K) NonClass: 227K(320K)->227K(320K) Class: 14K(128K)->14K(128K)
[2026-03-23T17:28:28.346+0900][2.024s][info][gc          ] GC(76) Pause Young (Prepare Mixed) (G1 Humongous Allocation) 508M->124M(512M) 4.079ms
[2026-03-23T17:28:28.346+0900][2.024s][info][gc,cpu      ] GC(76) User=0.00s Sys=0.01s Real=0.00s
[2026-03-23T17:28:29.073+0900][2.751s][info][gc,start    ] GC(77) Pause Young (Mixed) (G1 Humongous Allocation)
[2026-03-23T17:28:29.073+0900][2.751s][info][gc,task     ] GC(77) Using 11 workers of 11 for evacuation
[2026-03-23T17:28:29.074+0900][2.752s][info][gc,phases   ] GC(77)   Pre Evacuate Collection Set: 0.20ms
[2026-03-23T17:28:29.074+0900][2.752s][info][gc,phases   ] GC(77)   Merge Heap Roots: 0.03ms
[2026-03-23T17:28:29.074+0900][2.752s][info][gc,phases   ] GC(77)   Evacuate Collection Set: 0.20ms
[2026-03-23T17:28:29.074+0900][2.752s][info][gc,phases   ] GC(77)   Post Evacuate Collection Set: 0.31ms
[2026-03-23T17:28:29.074+0900][2.752s][info][gc,phases   ] GC(77)   Other: 0.04ms
[2026-03-23T17:28:29.074+0900][2.752s][info][gc,heap     ] GC(77) Eden regions: 1->0(307)
[2026-03-23T17:28:29.074+0900][2.752s][info][gc,heap     ] GC(77) Survivor regions: 0->0(0)
[2026-03-23T17:28:29.074+0900][2.752s][info][gc,heap     ] GC(77) Old regions: 3->2
[2026-03-23T17:28:29.074+0900][2.752s][info][gc,heap     ] GC(77) Humongous regions: 508->134
[2026-03-23T17:28:29.074+0900][2.752s][info][gc,metaspace] GC(77) Metaspace: 241K(448K)->241K(448K) NonClass: 227K(320K)->227K(320K) Class: 14K(128K)->14K(128K)
[2026-03-23T17:28:29.074+0900][2.752s][info][gc          ] GC(77) Pause Young (Mixed) (G1 Humongous Allocation) 509M->135M(512M) 0.949ms
[2026-03-23T17:28:29.074+0900][2.752s][info][gc,cpu      ] GC(77) User=0.00s Sys=0.00s Real=0.00s
[2026-03-23T17:28:29.113+0900][2.790s][info][gc,start    ] GC(78) Pause Young (Concurrent Start) (G1 Humongous Allocation)
[2026-03-23T17:28:29.113+0900][2.790s][info][gc,task     ] GC(78) Using 11 workers of 11 for evacuation
[2026-03-23T17:28:29.114+0900][2.792s][info][gc,phases   ] GC(78)   Pre Evacuate Collection Set: 0.25ms
[2026-03-23T17:28:29.114+0900][2.792s][info][gc,phases   ] GC(78)   Merge Heap Roots: 0.07ms
[2026-03-23T17:28:29.114+0900][2.792s][info][gc,phases   ] GC(78)   Evacuate Collection Set: 0.36ms
[2026-03-23T17:28:29.114+0900][2.792s][info][gc,phases   ] GC(78)   Post Evacuate Collection Set: 0.25ms
[2026-03-23T17:28:29.114+0900][2.792s][info][gc,phases   ] GC(78)   Other: 0.11ms
[2026-03-23T17:28:29.114+0900][2.792s][info][gc,heap     ] GC(78) Eden regions: 1->0(306)
[2026-03-23T17:28:29.114+0900][2.792s][info][gc,heap     ] GC(78) Survivor regions: 0->1(39)
[2026-03-23T17:28:29.114+0900][2.792s][info][gc,heap     ] GC(78) Old regions: 2->2
[2026-03-23T17:28:29.114+0900][2.792s][info][gc,heap     ] GC(78) Humongous regions: 152->137
[2026-03-23T17:28:29.114+0900][2.792s][info][gc,metaspace] GC(78) Metaspace: 241K(448K)->241K(448K) NonClass: 227K(320K)->227K(320K) Class: 14K(128K)->14K(128K)
[2026-03-23T17:28:29.114+0900][2.792s][info][gc          ] GC(78) Pause Young (Concurrent Start) (G1 Humongous Allocation) 153M->138M(512M) 1.516ms
[2026-03-23T17:28:29.114+0900][2.792s][info][gc,cpu      ] GC(78) User=0.00s Sys=0.00s Real=0.00s
[2026-03-23T17:28:29.114+0900][2.792s][info][gc          ] GC(79) Concurrent Undo Cycle
[2026-03-23T17:28:29.114+0900][2.792s][info][gc,marking  ] GC(79) Concurrent Clear Claimed Marks
[2026-03-23T17:28:29.115+0900][2.793s][info][gc,marking  ] GC(79) Concurrent Clear Claimed Marks 0.946ms
[2026-03-23T17:28:29.115+0900][2.793s][info][gc,marking  ] GC(79) Concurrent Cleanup for Next Mark
[2026-03-23T17:28:29.116+0900][2.793s][info][gc,marking  ] GC(79) Concurrent Cleanup for Next Mark 0.303ms
[2026-03-23T17:28:29.116+0900][2.793s][info][gc          ] GC(79) Concurrent Undo Cycle 1.471ms
[2026-03-23T17:28:29.142+0900][2.820s][info][gc,start    ] GC(80) Pause Young (Concurrent Start) (G1 Humongous Allocation)
[2026-03-23T17:28:29.142+0900][2.820s][info][gc,task     ] GC(80) Using 11 workers of 11 for evacuation
[2026-03-23T17:28:29.143+0900][2.821s][info][gc,phases   ] GC(80)   Pre Evacuate Collection Set: 0.17ms
[2026-03-23T17:28:29.143+0900][2.821s][info][gc,phases   ] GC(80)   Merge Heap Roots: 0.04ms
[2026-03-23T17:28:29.143+0900][2.821s][info][gc,phases   ] GC(80)   Evacuate Collection Set: 0.19ms
[2026-03-23T17:28:29.143+0900][2.821s][info][gc,phases   ] GC(80)   Post Evacuate Collection Set: 0.14ms
[2026-03-23T17:28:29.143+0900][2.821s][info][gc,phases   ] GC(80)   Other: 0.08ms
[2026-03-23T17:28:29.143+0900][2.821s][info][gc,heap     ] GC(80) Eden regions: 1->0(306)
[2026-03-23T17:28:29.143+0900][2.821s][info][gc,heap     ] GC(80) Survivor regions: 1->1(39)
[2026-03-23T17:28:29.143+0900][2.821s][info][gc,heap     ] GC(80) Old regions: 2->2
[2026-03-23T17:28:29.143+0900][2.821s][info][gc,heap     ] GC(80) Humongous regions: 152->140
[2026-03-23T17:28:29.143+0900][2.821s][info][gc,metaspace] GC(80) Metaspace: 241K(448K)->241K(448K) NonClass: 227K(320K)->227K(320K) Class: 14K(128K)->14K(128K)
[2026-03-23T17:28:29.143+0900][2.821s][info][gc          ] GC(80) Pause Young (Concurrent Start) (G1 Humongous Allocation) 153M->141M(512M) 0.870ms
[2026-03-23T17:28:29.143+0900][2.821s][info][gc,cpu      ] GC(80) User=0.00s Sys=0.00s Real=0.00s
[2026-03-23T17:28:29.143+0900][2.821s][info][gc          ] GC(81) Concurrent Undo Cycle
[2026-03-23T17:28:29.143+0900][2.821s][info][gc,marking  ] GC(81) Concurrent Clear Claimed Marks
[2026-03-23T17:28:29.143+0900][2.821s][info][gc,marking  ] GC(81) Concurrent Clear Claimed Marks 0.011ms
[2026-03-23T17:28:29.143+0900][2.821s][info][gc,marking  ] GC(81) Concurrent Cleanup for Next Mark
[2026-03-23T17:28:29.143+0900][2.821s][info][gc,marking  ] GC(81) Concurrent Cleanup for Next Mark 0.033ms
[2026-03-23T17:28:29.143+0900][2.821s][info][gc          ] GC(81) Concurrent Undo Cycle 0.115ms
[2026-03-23T17:28:29.169+0900][2.847s][info][gc,start    ] GC(82) Pause Young (Concurrent Start) (G1 Humongous Allocation)
[2026-03-23T17:28:29.169+0900][2.847s][info][gc,task     ] GC(82) Using 11 workers of 11 for evacuation
[2026-03-23T17:28:29.169+0900][2.847s][info][gc,phases   ] GC(82)   Pre Evacuate Collection Set: 0.16ms
[2026-03-23T17:28:29.169+0900][2.847s][info][gc,phases   ] GC(82)   Merge Heap Roots: 0.03ms
[2026-03-23T17:28:29.169+0900][2.847s][info][gc,phases   ] GC(82)   Evacuate Collection Set: 0.20ms
[2026-03-23T17:28:29.169+0900][2.847s][info][gc,phases   ] GC(82)   Post Evacuate Collection Set: 0.10ms
[2026-03-23T17:28:29.169+0900][2.847s][info][gc,phases   ] GC(82)   Other: 0.04ms
[2026-03-23T17:28:29.169+0900][2.847s][info][gc,heap     ] GC(82) Eden regions: 1->0(306)
[2026-03-23T17:28:29.170+0900][2.847s][info][gc,heap     ] GC(82) Survivor regions: 1->1(39)
[2026-03-23T17:28:29.170+0900][2.847s][info][gc,heap     ] GC(82) Old regions: 2->2
[2026-03-23T17:28:29.170+0900][2.847s][info][gc,heap     ] GC(82) Humongous regions: 152->140
[2026-03-23T17:28:29.170+0900][2.847s][info][gc,metaspace] GC(82) Metaspace: 241K(448K)->241K(448K) NonClass: 227K(320K)->227K(320K) Class: 14K(128K)->14K(128K)
[2026-03-23T17:28:29.170+0900][2.847s][info][gc          ] GC(82) Pause Young (Concurrent Start) (G1 Humongous Allocation) 153M->141M(512M) 0.670ms
[2026-03-23T17:28:29.170+0900][2.847s][info][gc,cpu      ] GC(82) User=0.01s Sys=0.00s Real=0.01s
[2026-03-23T17:28:29.170+0900][2.847s][info][gc          ] GC(83) Concurrent Undo Cycle
[2026-03-23T17:28:29.170+0900][2.847s][info][gc,marking  ] GC(83) Concurrent Clear Claimed Marks
[2026-03-23T17:28:29.170+0900][2.847s][info][gc,marking  ] GC(83) Concurrent Clear Claimed Marks 0.010ms
[2026-03-23T17:28:29.170+0900][2.847s][info][gc,marking  ] GC(83) Concurrent Cleanup for Next Mark
[2026-03-23T17:28:29.170+0900][2.847s][info][gc,marking  ] GC(83) Concurrent Cleanup for Next Mark 0.033ms
[2026-03-23T17:28:29.170+0900][2.847s][info][gc          ] GC(83) Concurrent Undo Cycle 0.113ms
[2026-03-23T17:28:29.189+0900][2.867s][info][gc,start    ] GC(84) Pause Young (Concurrent Start) (G1 Humongous Allocation)
[2026-03-23T17:28:29.190+0900][2.868s][info][gc,task     ] GC(84) Using 11 workers of 11 for evacuation
[2026-03-23T17:28:29.192+0900][2.870s][info][gc,phases   ] GC(84)   Pre Evacuate Collection Set: 0.68ms
[2026-03-23T17:28:29.192+0900][2.870s][info][gc,phases   ] GC(84)   Merge Heap Roots: 0.38ms
[2026-03-23T17:28:29.192+0900][2.870s][info][gc,phases   ] GC(84)   Evacuate Collection Set: 0.41ms
[2026-03-23T17:28:29.192+0900][2.870s][info][gc,phases   ] GC(84)   Post Evacuate Collection Set: 0.20ms
[2026-03-23T17:28:29.192+0900][2.870s][info][gc,phases   ] GC(84)   Other: 0.79ms
[2026-03-23T17:28:29.192+0900][2.870s][info][gc,heap     ] GC(84) Eden regions: 1->0(306)
[2026-03-23T17:28:29.192+0900][2.870s][info][gc,heap     ] GC(84) Survivor regions: 1->1(39)
[2026-03-23T17:28:29.192+0900][2.870s][info][gc,heap     ] GC(84) Old regions: 2->2
[2026-03-23T17:28:29.192+0900][2.870s][info][gc,heap     ] GC(84) Humongous regions: 152->143
[2026-03-23T17:28:29.192+0900][2.870s][info][gc,metaspace] GC(84) Metaspace: 241K(448K)->241K(448K) NonClass: 227K(320K)->227K(320K) Class: 14K(128K)->14K(128K)
[2026-03-23T17:28:29.192+0900][2.870s][info][gc          ] GC(84) Pause Young (Concurrent Start) (G1 Humongous Allocation) 153M->144M(512M) 2.983ms
[2026-03-23T17:28:29.192+0900][2.870s][info][gc,cpu      ] GC(84) User=0.00s Sys=0.00s Real=0.01s
[2026-03-23T17:28:29.192+0900][2.870s][info][gc          ] GC(85) Concurrent Undo Cycle
[2026-03-23T17:28:29.192+0900][2.870s][info][gc,marking  ] GC(85) Concurrent Clear Claimed Marks
[2026-03-23T17:28:29.192+0900][2.870s][info][gc,marking  ] GC(85) Concurrent Clear Claimed Marks 0.009ms
[2026-03-23T17:28:29.192+0900][2.870s][info][gc,marking  ] GC(85) Concurrent Cleanup for Next Mark
[2026-03-23T17:28:29.192+0900][2.870s][info][gc,marking  ] GC(85) Concurrent Cleanup for Next Mark 0.043ms
[2026-03-23T17:28:29.192+0900][2.870s][info][gc          ] GC(85) Concurrent Undo Cycle 0.141ms
[2026-03-23T17:28:29.211+0900][2.889s][info][gc,start    ] GC(86) Pause Young (Concurrent Start) (G1 Humongous Allocation)
[2026-03-23T17:28:29.211+0900][2.889s][info][gc,task     ] GC(86) Using 11 workers of 11 for evacuation
[2026-03-23T17:28:29.212+0900][2.890s][info][gc,phases   ] GC(86)   Pre Evacuate Collection Set: 0.24ms
[2026-03-23T17:28:29.212+0900][2.890s][info][gc,phases   ] GC(86)   Merge Heap Roots: 0.04ms
[2026-03-23T17:28:29.212+0900][2.890s][info][gc,phases   ] GC(86)   Evacuate Collection Set: 0.15ms
[2026-03-23T17:28:29.212+0900][2.890s][info][gc,phases   ] GC(86)   Post Evacuate Collection Set: 0.10ms
[2026-03-23T17:28:29.212+0900][2.890s][info][gc,phases   ] GC(86)   Other: 0.04ms
[2026-03-23T17:28:29.212+0900][2.890s][info][gc,heap     ] GC(86) Eden regions: 1->0(306)
[2026-03-23T17:28:29.212+0900][2.890s][info][gc,heap     ] GC(86) Survivor regions: 1->1(39)
[2026-03-23T17:28:29.212+0900][2.890s][info][gc,heap     ] GC(86) Old regions: 2->2
[2026-03-23T17:28:29.212+0900][2.890s][info][gc,heap     ] GC(86) Humongous regions: 152->143
[2026-03-23T17:28:29.212+0900][2.890s][info][gc,metaspace] GC(86) Metaspace: 241K(448K)->241K(448K) NonClass: 227K(320K)->227K(320K) Class: 14K(128K)->14K(128K)
[2026-03-23T17:28:29.212+0900][2.890s][info][gc          ] GC(86) Pause Young (Concurrent Start) (G1 Humongous Allocation) 153M->144M(512M) 0.664ms
[2026-03-23T17:28:29.212+0900][2.890s][info][gc,cpu      ] GC(86) User=0.00s Sys=0.00s Real=0.00s
[2026-03-23T17:28:29.212+0900][2.890s][info][gc          ] GC(87) Concurrent Undo Cycle
[2026-03-23T17:28:29.212+0900][2.890s][info][gc,marking  ] GC(87) Concurrent Clear Claimed Marks
[2026-03-23T17:28:29.212+0900][2.890s][info][gc,marking  ] GC(87) Concurrent Clear Claimed Marks 0.009ms
[2026-03-23T17:28:29.212+0900][2.890s][info][gc,marking  ] GC(87) Concurrent Cleanup for Next Mark
[2026-03-23T17:28:29.212+0900][2.890s][info][gc,marking  ] GC(87) Concurrent Cleanup for Next Mark 0.030ms
[2026-03-23T17:28:29.212+0900][2.890s][info][gc          ] GC(87) Concurrent Undo Cycle 0.089ms
[2026-03-23T17:28:29.226+0900][2.903s][info][gc,start    ] GC(88) Pause Young (Concurrent Start) (G1 Humongous Allocation)
[2026-03-23T17:28:29.226+0900][2.904s][info][gc,task     ] GC(88) Using 11 workers of 11 for evacuation
[2026-03-23T17:28:29.227+0900][2.905s][info][gc,phases   ] GC(88)   Pre Evacuate Collection Set: 0.24ms
[2026-03-23T17:28:29.227+0900][2.905s][info][gc,phases   ] GC(88)   Merge Heap Roots: 0.05ms
[2026-03-23T17:28:29.227+0900][2.905s][info][gc,phases   ] GC(88)   Evacuate Collection Set: 0.75ms
[2026-03-23T17:28:29.227+0900][2.905s][info][gc,phases   ] GC(88)   Post Evacuate Collection Set: 0.22ms
[2026-03-23T17:28:29.227+0900][2.905s][info][gc,phases   ] GC(88)   Other: 0.10ms
[2026-03-23T17:28:29.227+0900][2.905s][info][gc,heap     ] GC(88) Eden regions: 1->0(306)
[2026-03-23T17:28:29.227+0900][2.905s][info][gc,heap     ] GC(88) Survivor regions: 1->1(39)
[2026-03-23T17:28:29.227+0900][2.905s][info][gc,heap     ] GC(88) Old regions: 2->2
[2026-03-23T17:28:29.227+0900][2.905s][info][gc,heap     ] GC(88) Humongous regions: 152->146
[2026-03-23T17:28:29.227+0900][2.905s][info][gc,metaspace] GC(88) Metaspace: 241K(448K)->241K(448K) NonClass: 227K(320K)->227K(320K) Class: 14K(128K)->14K(128K)
[2026-03-23T17:28:29.227+0900][2.905s][info][gc          ] GC(88) Pause Young (Concurrent Start) (G1 Humongous Allocation) 153M->147M(512M) 1.715ms
[2026-03-23T17:28:29.227+0900][2.905s][info][gc,cpu      ] GC(88) User=0.00s Sys=0.00s Real=0.00s
[2026-03-23T17:28:29.227+0900][2.905s][info][gc          ] GC(89) Concurrent Undo Cycle
[2026-03-23T17:28:29.228+0900][2.905s][info][gc,marking  ] GC(89) Concurrent Clear Claimed Marks
[2026-03-23T17:28:29.228+0900][2.905s][info][gc,marking  ] GC(89) Concurrent Clear Claimed Marks 0.030ms
[2026-03-23T17:28:29.228+0900][2.905s][info][gc,marking  ] GC(89) Concurrent Cleanup for Next Mark
[2026-03-23T17:28:29.228+0900][2.905s][info][gc,marking  ] GC(89) Concurrent Cleanup for Next Mark 0.054ms
[2026-03-23T17:28:29.228+0900][2.905s][info][gc          ] GC(89) Concurrent Undo Cycle 0.223ms
[2026-03-23T17:28:29.240+0900][2.918s][info][gc,start    ] GC(90) Pause Young (Concurrent Start) (G1 Humongous Allocation)
[2026-03-23T17:28:29.240+0900][2.918s][info][gc,task     ] GC(90) Using 11 workers of 11 for evacuation
[2026-03-23T17:28:29.241+0900][2.918s][info][gc,phases   ] GC(90)   Pre Evacuate Collection Set: 0.14ms
[2026-03-23T17:28:29.241+0900][2.918s][info][gc,phases   ] GC(90)   Merge Heap Roots: 0.03ms
[2026-03-23T17:28:29.241+0900][2.918s][info][gc,phases   ] GC(90)   Evacuate Collection Set: 0.19ms
[2026-03-23T17:28:29.241+0900][2.918s][info][gc,phases   ] GC(90)   Post Evacuate Collection Set: 0.12ms
[2026-03-23T17:28:29.241+0900][2.918s][info][gc,phases   ] GC(90)   Other: 0.08ms
[2026-03-23T17:28:29.241+0900][2.918s][info][gc,heap     ] GC(90) Eden regions: 1->0(306)
[2026-03-23T17:28:29.241+0900][2.919s][info][gc,heap     ] GC(90) Survivor regions: 1->1(39)
[2026-03-23T17:28:29.241+0900][2.919s][info][gc,heap     ] GC(90) Old regions: 2->2
[2026-03-23T17:28:29.241+0900][2.919s][info][gc,heap     ] GC(90) Humongous regions: 152->146
[2026-03-23T17:28:29.241+0900][2.919s][info][gc,metaspace] GC(90) Metaspace: 241K(448K)->241K(448K) NonClass: 227K(320K)->227K(320K) Class: 14K(128K)->14K(128K)
[2026-03-23T17:28:29.241+0900][2.919s][info][gc          ] GC(90) Pause Young (Concurrent Start) (G1 Humongous Allocation) 153M->147M(512M) 0.967ms
[2026-03-23T17:28:29.241+0900][2.919s][info][gc,cpu      ] GC(90) User=0.00s Sys=0.00s Real=0.00s
[2026-03-23T17:28:29.241+0900][2.919s][info][gc          ] GC(91) Concurrent Undo Cycle
[2026-03-23T17:28:29.241+0900][2.919s][info][gc,marking  ] GC(91) Concurrent Clear Claimed Marks
[2026-03-23T17:28:29.241+0900][2.919s][info][gc,marking  ] GC(91) Concurrent Clear Claimed Marks 0.032ms
[2026-03-23T17:28:29.241+0900][2.919s][info][gc,marking  ] GC(91) Concurrent Cleanup for Next Mark
[2026-03-23T17:28:29.241+0900][2.919s][info][gc,marking  ] GC(91) Concurrent Cleanup for Next Mark 0.080ms
[2026-03-23T17:28:29.241+0900][2.919s][info][gc          ] GC(91) Concurrent Undo Cycle 0.289ms
[2026-03-23T17:28:29.254+0900][2.932s][info][gc,start    ] GC(92) Pause Young (Concurrent Start) (G1 Humongous Allocation)
[2026-03-23T17:28:29.254+0900][2.932s][info][gc,task     ] GC(92) Using 11 workers of 11 for evacuation
[2026-03-23T17:28:29.255+0900][2.933s][info][gc,phases   ] GC(92)   Pre Evacuate Collection Set: 0.24ms
[2026-03-23T17:28:29.255+0900][2.933s][info][gc,phases   ] GC(92)   Merge Heap Roots: 0.03ms
[2026-03-23T17:28:29.255+0900][2.933s][info][gc,phases   ] GC(92)   Evacuate Collection Set: 0.14ms
[2026-03-23T17:28:29.255+0900][2.933s][info][gc,phases   ] GC(92)   Post Evacuate Collection Set: 0.10ms
[2026-03-23T17:28:29.255+0900][2.933s][info][gc,phases   ] GC(92)   Other: 0.03ms
[2026-03-23T17:28:29.255+0900][2.933s][info][gc,heap     ] GC(92) Eden regions: 1->0(306)
[2026-03-23T17:28:29.255+0900][2.933s][info][gc,heap     ] GC(92) Survivor regions: 1->1(39)
[2026-03-23T17:28:29.255+0900][2.933s][info][gc,heap     ] GC(92) Old regions: 2->2
[2026-03-23T17:28:29.255+0900][2.933s][info][gc,heap     ] GC(92) Humongous regions: 152->146
[2026-03-23T17:28:29.255+0900][2.933s][info][gc,metaspace] GC(92) Metaspace: 241K(448K)->241K(448K) NonClass: 227K(320K)->227K(320K) Class: 14K(128K)->14K(128K)
[2026-03-23T17:28:29.255+0900][2.933s][info][gc          ] GC(92) Pause Young (Concurrent Start) (G1 Humongous Allocation) 153M->147M(512M) 0.672ms
[2026-03-23T17:28:29.255+0900][2.933s][info][gc,cpu      ] GC(92) User=0.00s Sys=0.00s Real=0.00s
[2026-03-23T17:28:29.255+0900][2.933s][info][gc          ] GC(93) Concurrent Undo Cycle
[2026-03-23T17:28:29.255+0900][2.933s][info][gc,marking  ] GC(93) Concurrent Clear Claimed Marks
[2026-03-23T17:28:29.255+0900][2.933s][info][gc,marking  ] GC(93) Concurrent Clear Claimed Marks 0.007ms
[2026-03-23T17:28:29.255+0900][2.933s][info][gc,marking  ] GC(93) Concurrent Cleanup for Next Mark
[2026-03-23T17:28:29.255+0900][2.933s][info][gc,marking  ] GC(93) Concurrent Cleanup for Next Mark 0.032ms
[2026-03-23T17:28:29.255+0900][2.933s][info][gc          ] GC(93) Concurrent Undo Cycle 0.087ms
[2026-03-23T17:28:29.267+0900][2.945s][info][gc,start    ] GC(94) Pause Young (Concurrent Start) (G1 Humongous Allocation)
[2026-03-23T17:28:29.267+0900][2.945s][info][gc,task     ] GC(94) Using 11 workers of 11 for evacuation
[2026-03-23T17:28:29.268+0900][2.945s][info][gc,phases   ] GC(94)   Pre Evacuate Collection Set: 0.13ms
[2026-03-23T17:28:29.268+0900][2.945s][info][gc,phases   ] GC(94)   Merge Heap Roots: 0.03ms
[2026-03-23T17:28:29.268+0900][2.946s][info][gc,phases   ] GC(94)   Evacuate Collection Set: 0.15ms
[2026-03-23T17:28:29.268+0900][2.946s][info][gc,phases   ] GC(94)   Post Evacuate Collection Set: 0.11ms
[2026-03-23T17:28:29.268+0900][2.946s][info][gc,phases   ] GC(94)   Other: 0.06ms
[2026-03-23T17:28:29.268+0900][2.946s][info][gc,heap     ] GC(94) Eden regions: 1->0(306)
[2026-03-23T17:28:29.268+0900][2.946s][info][gc,heap     ] GC(94) Survivor regions: 1->1(39)
[2026-03-23T17:28:29.268+0900][2.946s][info][gc,heap     ] GC(94) Old regions: 2->2
[2026-03-23T17:28:29.268+0900][2.946s][info][gc,heap     ] GC(94) Humongous regions: 152->146
[2026-03-23T17:28:29.268+0900][2.946s][info][gc,metaspace] GC(94) Metaspace: 241K(448K)->241K(448K) NonClass: 227K(320K)->227K(320K) Class: 14K(128K)->14K(128K)
[2026-03-23T17:28:29.268+0900][2.946s][info][gc          ] GC(94) Pause Young (Concurrent Start) (G1 Humongous Allocation) 153M->147M(512M) 0.767ms
[2026-03-23T17:28:29.268+0900][2.946s][info][gc,cpu      ] GC(94) User=0.00s Sys=0.00s Real=0.00s
[2026-03-23T17:28:29.268+0900][2.946s][info][gc          ] GC(95) Concurrent Undo Cycle
[2026-03-23T17:28:29.268+0900][2.946s][info][gc,marking  ] GC(95) Concurrent Clear Claimed Marks
[2026-03-23T17:28:29.268+0900][2.946s][info][gc,marking  ] GC(95) Concurrent Clear Claimed Marks 0.015ms
[2026-03-23T17:28:29.268+0900][2.946s][info][gc,marking  ] GC(95) Concurrent Cleanup for Next Mark
[2026-03-23T17:28:29.268+0900][2.946s][info][gc,marking  ] GC(95) Concurrent Cleanup for Next Mark 0.151ms
[2026-03-23T17:28:29.268+0900][2.946s][info][gc          ] GC(95) Concurrent Undo Cycle 0.270ms
[2026-03-23T17:28:29.281+0900][2.959s][info][gc,start    ] GC(96) Pause Young (Concurrent Start) (G1 Humongous Allocation)
[2026-03-23T17:28:29.281+0900][2.959s][info][gc,task     ] GC(96) Using 11 workers of 11 for evacuation
[2026-03-23T17:28:29.281+0900][2.959s][info][gc,phases   ] GC(96)   Pre Evacuate Collection Set: 0.17ms
[2026-03-23T17:28:29.281+0900][2.959s][info][gc,phases   ] GC(96)   Merge Heap Roots: 0.03ms
[2026-03-23T17:28:29.281+0900][2.959s][info][gc,phases   ] GC(96)   Evacuate Collection Set: 0.17ms
[2026-03-23T17:28:29.281+0900][2.959s][info][gc,phases   ] GC(96)   Post Evacuate Collection Set: 0.09ms
[2026-03-23T17:28:29.281+0900][2.959s][info][gc,phases   ] GC(96)   Other: 0.03ms
[2026-03-23T17:28:29.281+0900][2.959s][info][gc,heap     ] GC(96) Eden regions: 1->0(306)
[2026-03-23T17:28:29.282+0900][2.959s][info][gc,heap     ] GC(96) Survivor regions: 1->1(39)
[2026-03-23T17:28:29.282+0900][2.959s][info][gc,heap     ] GC(96) Old regions: 2->2
[2026-03-23T17:28:29.282+0900][2.959s][info][gc,heap     ] GC(96) Humongous regions: 152->146
[2026-03-23T17:28:29.282+0900][2.959s][info][gc,metaspace] GC(96) Metaspace: 241K(448K)->241K(448K) NonClass: 227K(320K)->227K(320K) Class: 14K(128K)->14K(128K)
[2026-03-23T17:28:29.282+0900][2.959s][info][gc          ] GC(96) Pause Young (Concurrent Start) (G1 Humongous Allocation) 153M->147M(512M) 0.589ms
[2026-03-23T17:28:29.282+0900][2.959s][info][gc,cpu      ] GC(96) User=0.00s Sys=0.00s Real=0.00s
[2026-03-23T17:28:29.282+0900][2.959s][info][gc          ] GC(97) Concurrent Undo Cycle
[2026-03-23T17:28:29.282+0900][2.959s][info][gc,marking  ] GC(97) Concurrent Clear Claimed Marks
[2026-03-23T17:28:29.282+0900][2.959s][info][gc,marking  ] GC(97) Concurrent Clear Claimed Marks 0.007ms
[2026-03-23T17:28:29.282+0900][2.959s][info][gc,marking  ] GC(97) Concurrent Cleanup for Next Mark
[2026-03-23T17:28:29.282+0900][2.959s][info][gc,marking  ] GC(97) Concurrent Cleanup for Next Mark 0.030ms
[2026-03-23T17:28:29.282+0900][2.959s][info][gc          ] GC(97) Concurrent Undo Cycle 0.079ms
[2026-03-23T17:28:29.288+0900][2.966s][info][gc,start    ] GC(98) Pause Young (Concurrent Start) (G1 Humongous Allocation)
[2026-03-23T17:28:29.288+0900][2.966s][info][gc,task     ] GC(98) Using 11 workers of 11 for evacuation
[2026-03-23T17:28:29.289+0900][2.967s][info][gc,phases   ] GC(98)   Pre Evacuate Collection Set: 0.23ms
[2026-03-23T17:28:29.289+0900][2.967s][info][gc,phases   ] GC(98)   Merge Heap Roots: 0.06ms
[2026-03-23T17:28:29.289+0900][2.967s][info][gc,phases   ] GC(98)   Evacuate Collection Set: 0.26ms
[2026-03-23T17:28:29.289+0900][2.967s][info][gc,phases   ] GC(98)   Post Evacuate Collection Set: 0.19ms
[2026-03-23T17:28:29.289+0900][2.967s][info][gc,phases   ] GC(98)   Other: 0.10ms
[2026-03-23T17:28:29.289+0900][2.967s][info][gc,heap     ] GC(98) Eden regions: 1->0(306)
[2026-03-23T17:28:29.289+0900][2.967s][info][gc,heap     ] GC(98) Survivor regions: 1->1(39)
[2026-03-23T17:28:29.289+0900][2.967s][info][gc,heap     ] GC(98) Old regions: 2->2
[2026-03-23T17:28:29.290+0900][2.968s][info][gc,heap     ] GC(98) Humongous regions: 152->149
[2026-03-23T17:28:29.290+0900][2.968s][info][gc,metaspace] GC(98) Metaspace: 241K(448K)->241K(448K) NonClass: 227K(320K)->227K(320K) Class: 14K(128K)->14K(128K)
[2026-03-23T17:28:29.290+0900][2.968s][info][gc          ] GC(98) Pause Young (Concurrent Start) (G1 Humongous Allocation) 153M->150M(512M) 2.116ms
[2026-03-23T17:28:29.290+0900][2.968s][info][gc          ] GC(99) Concurrent Undo Cycle
[2026-03-23T17:28:29.290+0900][2.968s][info][gc,cpu      ] GC(98) User=0.00s Sys=0.00s Real=0.01s
[2026-03-23T17:28:29.290+0900][2.968s][info][gc,marking  ] GC(99) Concurrent Clear Claimed Marks
[2026-03-23T17:28:29.291+0900][2.968s][info][gc,marking  ] GC(99) Concurrent Clear Claimed Marks 0.118ms
[2026-03-23T17:28:29.291+0900][2.968s][info][gc,marking  ] GC(99) Concurrent Cleanup for Next Mark
[2026-03-23T17:28:29.291+0900][2.969s][info][gc,marking  ] GC(99) Concurrent Cleanup for Next Mark 0.428ms
[2026-03-23T17:28:29.291+0900][2.969s][info][gc          ] GC(99) Concurrent Undo Cycle 0.903ms
[2026-03-23T17:28:29.297+0900][2.975s][info][gc,start    ] GC(100) Pause Young (Concurrent Start) (G1 Humongous Allocation)
[2026-03-23T17:28:29.297+0900][2.975s][info][gc,task     ] GC(100) Using 11 workers of 11 for evacuation
[2026-03-23T17:28:29.298+0900][2.975s][info][gc,phases   ] GC(100)   Pre Evacuate Collection Set: 0.11ms
[2026-03-23T17:28:29.298+0900][2.975s][info][gc,phases   ] GC(100)   Merge Heap Roots: 0.05ms
[2026-03-23T17:28:29.298+0900][2.975s][info][gc,phases   ] GC(100)   Evacuate Collection Set: 0.18ms
[2026-03-23T17:28:29.298+0900][2.975s][info][gc,phases   ] GC(100)   Post Evacuate Collection Set: 0.08ms
[2026-03-23T17:28:29.298+0900][2.976s][info][gc,phases   ] GC(100)   Other: 0.03ms
[2026-03-23T17:28:29.298+0900][2.976s][info][gc,heap     ] GC(100) Eden regions: 1->0(306)
[2026-03-23T17:28:29.298+0900][2.976s][info][gc,heap     ] GC(100) Survivor regions: 1->1(39)
[2026-03-23T17:28:29.298+0900][2.976s][info][gc,heap     ] GC(100) Old regions: 2->2
[2026-03-23T17:28:29.298+0900][2.976s][info][gc,heap     ] GC(100) Humongous regions: 152->149
[2026-03-23T17:28:29.298+0900][2.976s][info][gc,metaspace] GC(100) Metaspace: 241K(448K)->241K(448K) NonClass: 227K(320K)->227K(320K) Class: 14K(128K)->14K(128K)
[2026-03-23T17:28:29.298+0900][2.976s][info][gc          ] GC(100) Pause Young (Concurrent Start) (G1 Humongous Allocation) 153M->150M(512M) 0.544ms
[2026-03-23T17:28:29.298+0900][2.976s][info][gc,cpu      ] GC(100) User=0.00s Sys=0.00s Real=0.00s
[2026-03-23T17:28:29.298+0900][2.976s][info][gc          ] GC(101) Concurrent Undo Cycle
[2026-03-23T17:28:29.298+0900][2.976s][info][gc,marking  ] GC(101) Concurrent Clear Claimed Marks
[2026-03-23T17:28:29.298+0900][2.976s][info][gc,marking  ] GC(101) Concurrent Clear Claimed Marks 0.007ms
[2026-03-23T17:28:29.298+0900][2.976s][info][gc,marking  ] GC(101) Concurrent Cleanup for Next Mark
[2026-03-23T17:28:29.298+0900][2.976s][info][gc,marking  ] GC(101) Concurrent Cleanup for Next Mark 0.045ms
[2026-03-23T17:28:29.298+0900][2.976s][info][gc          ] GC(101) Concurrent Undo Cycle 0.092ms
[2026-03-23T17:28:29.304+0900][2.982s][info][gc,start    ] GC(102) Pause Young (Concurrent Start) (G1 Humongous Allocation)
[2026-03-23T17:28:29.304+0900][2.982s][info][gc,task     ] GC(102) Using 11 workers of 11 for evacuation
[2026-03-23T17:28:29.305+0900][2.982s][info][gc,phases   ] GC(102)   Pre Evacuate Collection Set: 0.11ms
[2026-03-23T17:28:29.305+0900][2.982s][info][gc,phases   ] GC(102)   Merge Heap Roots: 0.04ms
[2026-03-23T17:28:29.305+0900][2.982s][info][gc,phases   ] GC(102)   Evacuate Collection Set: 0.15ms
[2026-03-23T17:28:29.305+0900][2.982s][info][gc,phases   ] GC(102)   Post Evacuate Collection Set: 0.06ms
[2026-03-23T17:28:29.305+0900][2.982s][info][gc,phases   ] GC(102)   Other: 0.02ms
[2026-03-23T17:28:29.305+0900][2.982s][info][gc,heap     ] GC(102) Eden regions: 1->0(306)
[2026-03-23T17:28:29.305+0900][2.982s][info][gc,heap     ] GC(102) Survivor regions: 1->1(39)
[2026-03-23T17:28:29.305+0900][2.982s][info][gc,heap     ] GC(102) Old regions: 2->2
[2026-03-23T17:28:29.305+0900][2.982s][info][gc,heap     ] GC(102) Humongous regions: 152->149
[2026-03-23T17:28:29.305+0900][2.982s][info][gc,metaspace] GC(102) Metaspace: 241K(448K)->241K(448K) NonClass: 227K(320K)->227K(320K) Class: 14K(128K)->14K(128K)
[2026-03-23T17:28:29.305+0900][2.982s][info][gc          ] GC(102) Pause Young (Concurrent Start) (G1 Humongous Allocation) 153M->150M(512M) 0.434ms
[2026-03-23T17:28:29.305+0900][2.982s][info][gc,cpu      ] GC(102) User=0.00s Sys=0.00s Real=0.00s
[2026-03-23T17:28:29.305+0900][2.982s][info][gc          ] GC(103) Concurrent Undo Cycle
[2026-03-23T17:28:29.305+0900][2.982s][info][gc,marking  ] GC(103) Concurrent Clear Claimed Marks
[2026-03-23T17:28:29.305+0900][2.982s][info][gc,marking  ] GC(103) Concurrent Clear Claimed Marks 0.006ms
[2026-03-23T17:28:29.305+0900][2.982s][info][gc,marking  ] GC(103) Concurrent Cleanup for Next Mark
[2026-03-23T17:28:29.305+0900][2.982s][info][gc,marking  ] GC(103) Concurrent Cleanup for Next Mark 0.030ms
[2026-03-23T17:28:29.305+0900][2.982s][info][gc          ] GC(103) Concurrent Undo Cycle 0.064ms
[2026-03-23T17:28:29.311+0900][2.989s][info][gc,start    ] GC(104) Pause Young (Concurrent Start) (G1 Humongous Allocation)
[2026-03-23T17:28:29.311+0900][2.989s][info][gc,task     ] GC(104) Using 11 workers of 11 for evacuation
[2026-03-23T17:28:29.312+0900][2.990s][info][gc,phases   ] GC(104)   Pre Evacuate Collection Set: 0.27ms
[2026-03-23T17:28:29.312+0900][2.990s][info][gc,phases   ] GC(104)   Merge Heap Roots: 0.08ms
[2026-03-23T17:28:29.312+0900][2.990s][info][gc,phases   ] GC(104)   Evacuate Collection Set: 0.27ms
[2026-03-23T17:28:29.312+0900][2.990s][info][gc,phases   ] GC(104)   Post Evacuate Collection Set: 0.19ms
[2026-03-23T17:28:29.312+0900][2.990s][info][gc,phases   ] GC(104)   Other: 0.12ms
[2026-03-23T17:28:29.312+0900][2.990s][info][gc,heap     ] GC(104) Eden regions: 1->0(306)
[2026-03-23T17:28:29.312+0900][2.990s][info][gc,heap     ] GC(104) Survivor regions: 1->1(39)
[2026-03-23T17:28:29.312+0900][2.990s][info][gc,heap     ] GC(104) Old regions: 2->2
[2026-03-23T17:28:29.312+0900][2.990s][info][gc,heap     ] GC(104) Humongous regions: 152->149
[2026-03-23T17:28:29.312+0900][2.990s][info][gc,metaspace] GC(104) Metaspace: 241K(448K)->241K(448K) NonClass: 227K(320K)->227K(320K) Class: 14K(128K)->14K(128K)
[2026-03-23T17:28:29.312+0900][2.990s][info][gc          ] GC(104) Pause Young (Concurrent Start) (G1 Humongous Allocation) 153M->150M(512M) 1.352ms
[2026-03-23T17:28:29.313+0900][2.990s][info][gc,cpu      ] GC(104) User=0.00s Sys=0.00s Real=0.00s
[2026-03-23T17:28:29.313+0900][2.990s][info][gc          ] GC(105) Concurrent Undo Cycle
[2026-03-23T17:28:29.313+0900][2.990s][info][gc,marking  ] GC(105) Concurrent Clear Claimed Marks
[2026-03-23T17:28:29.313+0900][2.990s][info][gc,marking  ] GC(105) Concurrent Clear Claimed Marks 0.036ms
[2026-03-23T17:28:29.313+0900][2.990s][info][gc,marking  ] GC(105) Concurrent Cleanup for Next Mark
[2026-03-23T17:28:29.313+0900][2.991s][info][gc,marking  ] GC(105) Concurrent Cleanup for Next Mark 0.074ms
[2026-03-23T17:28:29.313+0900][2.991s][info][gc          ] GC(105) Concurrent Undo Cycle 0.283ms
[2026-03-23T17:28:29.319+0900][2.997s][info][gc,start    ] GC(106) Pause Young (Concurrent Start) (G1 Humongous Allocation)
[2026-03-23T17:28:29.319+0900][2.997s][info][gc,task     ] GC(106) Using 11 workers of 11 for evacuation
[2026-03-23T17:28:29.320+0900][2.997s][info][gc,phases   ] GC(106)   Pre Evacuate Collection Set: 0.11ms
[2026-03-23T17:28:29.320+0900][2.997s][info][gc,phases   ] GC(106)   Merge Heap Roots: 0.04ms
[2026-03-23T17:28:29.320+0900][2.997s][info][gc,phases   ] GC(106)   Evacuate Collection Set: 0.11ms
[2026-03-23T17:28:29.320+0900][2.997s][info][gc,phases   ] GC(106)   Post Evacuate Collection Set: 0.10ms
[2026-03-23T17:28:29.320+0900][2.997s][info][gc,phases   ] GC(106)   Other: 0.04ms
[2026-03-23T17:28:29.320+0900][2.997s][info][gc,heap     ] GC(106) Eden regions: 1->0(306)
[2026-03-23T17:28:29.320+0900][2.997s][info][gc,heap     ] GC(106) Survivor regions: 1->1(39)
[2026-03-23T17:28:29.320+0900][2.997s][info][gc,heap     ] GC(106) Old regions: 2->2
[2026-03-23T17:28:29.320+0900][2.997s][info][gc,heap     ] GC(106) Humongous regions: 152->149
[2026-03-23T17:28:29.320+0900][2.997s][info][gc,metaspace] GC(106) Metaspace: 241K(448K)->241K(448K) NonClass: 227K(320K)->227K(320K) Class: 14K(128K)->14K(128K)
[2026-03-23T17:28:29.320+0900][2.998s][info][gc          ] GC(106) Pause Young (Concurrent Start) (G1 Humongous Allocation) 153M->150M(512M) 0.547ms
[2026-03-23T17:28:29.320+0900][2.998s][info][gc,cpu      ] GC(106) User=0.00s Sys=0.00s Real=0.01s
[2026-03-23T17:28:29.320+0900][2.998s][info][gc          ] GC(107) Concurrent Undo Cycle
[2026-03-23T17:28:29.320+0900][2.998s][info][gc,marking  ] GC(107) Concurrent Clear Claimed Marks
[2026-03-23T17:28:29.320+0900][2.998s][info][gc,marking  ] GC(107) Concurrent Clear Claimed Marks 0.006ms
[2026-03-23T17:28:29.320+0900][2.998s][info][gc,marking  ] GC(107) Concurrent Cleanup for Next Mark
[2026-03-23T17:28:29.320+0900][2.998s][info][gc,marking  ] GC(107) Concurrent Cleanup for Next Mark 0.037ms
[2026-03-23T17:28:29.320+0900][2.998s][info][gc          ] GC(107) Concurrent Undo Cycle 0.089ms
[2026-03-23T17:28:29.326+0900][3.004s][info][gc,start    ] GC(108) Pause Young (Concurrent Start) (G1 Humongous Allocation)
[2026-03-23T17:28:29.326+0900][3.004s][info][gc,task     ] GC(108) Using 11 workers of 11 for evacuation
[2026-03-23T17:28:29.327+0900][3.004s][info][gc,phases   ] GC(108)   Pre Evacuate Collection Set: 0.13ms
[2026-03-23T17:28:29.327+0900][3.004s][info][gc,phases   ] GC(108)   Merge Heap Roots: 0.05ms
[2026-03-23T17:28:29.327+0900][3.004s][info][gc,phases   ] GC(108)   Evacuate Collection Set: 0.13ms
[2026-03-23T17:28:29.327+0900][3.004s][info][gc,phases   ] GC(108)   Post Evacuate Collection Set: 0.13ms
[2026-03-23T17:28:29.327+0900][3.004s][info][gc,phases   ] GC(108)   Other: 0.04ms
[2026-03-23T17:28:29.327+0900][3.004s][info][gc,heap     ] GC(108) Eden regions: 1->0(306)
[2026-03-23T17:28:29.327+0900][3.004s][info][gc,heap     ] GC(108) Survivor regions: 1->1(39)
[2026-03-23T17:28:29.327+0900][3.004s][info][gc,heap     ] GC(108) Old regions: 2->2
[2026-03-23T17:28:29.327+0900][3.005s][info][gc,heap     ] GC(108) Humongous regions: 152->149
[2026-03-23T17:28:29.327+0900][3.005s][info][gc,metaspace] GC(108) Metaspace: 241K(448K)->241K(448K) NonClass: 227K(320K)->227K(320K) Class: 14K(128K)->14K(128K)
[2026-03-23T17:28:29.327+0900][3.005s][info][gc          ] GC(108) Pause Young (Concurrent Start) (G1 Humongous Allocation) 153M->150M(512M) 0.636ms
[2026-03-23T17:28:29.327+0900][3.005s][info][gc,cpu      ] GC(108) User=0.01s Sys=0.00s Real=0.00s
[2026-03-23T17:28:29.327+0900][3.005s][info][gc          ] GC(109) Concurrent Undo Cycle
[2026-03-23T17:28:29.327+0900][3.005s][info][gc,marking  ] GC(109) Concurrent Clear Claimed Marks
[2026-03-23T17:28:29.327+0900][3.005s][info][gc,marking  ] GC(109) Concurrent Clear Claimed Marks 0.007ms
[2026-03-23T17:28:29.327+0900][3.005s][info][gc,marking  ] GC(109) Concurrent Cleanup for Next Mark
[2026-03-23T17:28:29.327+0900][3.005s][info][gc,marking  ] GC(109) Concurrent Cleanup for Next Mark 0.044ms
[2026-03-23T17:28:29.327+0900][3.005s][info][gc          ] GC(109) Concurrent Undo Cycle 0.103ms
[2026-03-23T17:28:29.333+0900][3.011s][info][gc,start    ] GC(110) Pause Young (Concurrent Start) (G1 Humongous Allocation)
[2026-03-23T17:28:29.333+0900][3.011s][info][gc,task     ] GC(110) Using 11 workers of 11 for evacuation
[2026-03-23T17:28:29.334+0900][3.011s][info][gc,phases   ] GC(110)   Pre Evacuate Collection Set: 0.10ms
[2026-03-23T17:28:29.334+0900][3.011s][info][gc,phases   ] GC(110)   Merge Heap Roots: 0.05ms
[2026-03-23T17:28:29.334+0900][3.011s][info][gc,phases   ] GC(110)   Evacuate Collection Set: 0.10ms
[2026-03-23T17:28:29.334+0900][3.011s][info][gc,phases   ] GC(110)   Post Evacuate Collection Set: 0.09ms
[2026-03-23T17:28:29.334+0900][3.011s][info][gc,phases   ] GC(110)   Other: 0.03ms
[2026-03-23T17:28:29.334+0900][3.011s][info][gc,heap     ] GC(110) Eden regions: 1->0(306)
[2026-03-23T17:28:29.334+0900][3.011s][info][gc,heap     ] GC(110) Survivor regions: 1->1(39)
[2026-03-23T17:28:29.334+0900][3.011s][info][gc,heap     ] GC(110) Old regions: 2->2
[2026-03-23T17:28:29.334+0900][3.011s][info][gc,heap     ] GC(110) Humongous regions: 152->149
[2026-03-23T17:28:29.334+0900][3.011s][info][gc,metaspace] GC(110) Metaspace: 241K(448K)->241K(448K) NonClass: 227K(320K)->227K(320K) Class: 14K(128K)->14K(128K)
[2026-03-23T17:28:29.334+0900][3.011s][info][gc          ] GC(110) Pause Young (Concurrent Start) (G1 Humongous Allocation) 153M->150M(512M) 0.467ms
[2026-03-23T17:28:29.334+0900][3.011s][info][gc,cpu      ] GC(110) User=0.00s Sys=0.00s Real=0.00s
[2026-03-23T17:28:29.334+0900][3.011s][info][gc          ] GC(111) Concurrent Undo Cycle
[2026-03-23T17:28:29.334+0900][3.011s][info][gc,marking  ] GC(111) Concurrent Clear Claimed Marks
[2026-03-23T17:28:29.334+0900][3.011s][info][gc,marking  ] GC(111) Concurrent Clear Claimed Marks 0.007ms
[2026-03-23T17:28:29.334+0900][3.011s][info][gc,marking  ] GC(111) Concurrent Cleanup for Next Mark
[2026-03-23T17:28:29.334+0900][3.012s][info][gc,marking  ] GC(111) Concurrent Cleanup for Next Mark 0.042ms
[2026-03-23T17:28:29.334+0900][3.012s][info][gc          ] GC(111) Concurrent Undo Cycle 0.088ms
[2026-03-23T17:28:29.340+0900][3.018s][info][gc,start    ] GC(112) Pause Young (Concurrent Start) (G1 Humongous Allocation)
[2026-03-23T17:28:29.340+0900][3.018s][info][gc,task     ] GC(112) Using 11 workers of 11 for evacuation
[2026-03-23T17:28:29.341+0900][3.019s][info][gc,phases   ] GC(112)   Pre Evacuate Collection Set: 0.32ms
[2026-03-23T17:28:29.341+0900][3.019s][info][gc,phases   ] GC(112)   Merge Heap Roots: 0.10ms
[2026-03-23T17:28:29.341+0900][3.019s][info][gc,phases   ] GC(112)   Evacuate Collection Set: 0.27ms
[2026-03-23T17:28:29.341+0900][3.019s][info][gc,phases   ] GC(112)   Post Evacuate Collection Set: 0.19ms
[2026-03-23T17:28:29.341+0900][3.019s][info][gc,phases   ] GC(112)   Other: 0.14ms
[2026-03-23T17:28:29.342+0900][3.019s][info][gc,heap     ] GC(112) Eden regions: 1->0(306)
[2026-03-23T17:28:29.342+0900][3.019s][info][gc,heap     ] GC(112) Survivor regions: 1->1(39)
[2026-03-23T17:28:29.342+0900][3.019s][info][gc,heap     ] GC(112) Old regions: 2->2
[2026-03-23T17:28:29.342+0900][3.019s][info][gc,heap     ] GC(112) Humongous regions: 152->149
[2026-03-23T17:28:29.342+0900][3.019s][info][gc,metaspace] GC(112) Metaspace: 241K(448K)->241K(448K) NonClass: 227K(320K)->227K(320K) Class: 14K(128K)->14K(128K)
[2026-03-23T17:28:29.342+0900][3.019s][info][gc          ] GC(112) Pause Young (Concurrent Start) (G1 Humongous Allocation) 153M->150M(512M) 1.424ms
[2026-03-23T17:28:29.342+0900][3.019s][info][gc,cpu      ] GC(112) User=0.00s Sys=0.01s Real=0.00s
[2026-03-23T17:28:29.342+0900][3.019s][info][gc          ] GC(113) Concurrent Undo Cycle
[2026-03-23T17:28:29.342+0900][3.020s][info][gc,marking  ] GC(113) Concurrent Clear Claimed Marks
[2026-03-23T17:28:29.342+0900][3.020s][info][gc,marking  ] GC(113) Concurrent Clear Claimed Marks 0.013ms
[2026-03-23T17:28:29.342+0900][3.020s][info][gc,marking  ] GC(113) Concurrent Cleanup for Next Mark
[2026-03-23T17:28:29.342+0900][3.020s][info][gc,marking  ] GC(113) Concurrent Cleanup for Next Mark 0.053ms
[2026-03-23T17:28:29.342+0900][3.020s][info][gc          ] GC(113) Concurrent Undo Cycle 0.175ms
[2026-03-23T17:28:29.342+0900][3.020s][info][gc,start    ] GC(114) Pause Young (Concurrent Start) (G1 Humongous Allocation)
[2026-03-23T17:28:29.342+0900][3.020s][info][gc,task     ] GC(114) Using 11 workers of 11 for evacuation
[2026-03-23T17:28:29.342+0900][3.020s][info][gc,phases   ] GC(114)   Pre Evacuate Collection Set: 0.14ms
[2026-03-23T17:28:29.342+0900][3.020s][info][gc,phases   ] GC(114)   Merge Heap Roots: 0.03ms
[2026-03-23T17:28:29.342+0900][3.020s][info][gc,phases   ] GC(114)   Evacuate Collection Set: 0.13ms
[2026-03-23T17:28:29.342+0900][3.020s][info][gc,phases   ] GC(114)   Post Evacuate Collection Set: 0.13ms
[2026-03-23T17:28:29.343+0900][3.020s][info][gc,phases   ] GC(114)   Other: 0.04ms
[2026-03-23T17:28:29.343+0900][3.020s][info][gc,heap     ] GC(114) Eden regions: 1->0(306)
[2026-03-23T17:28:29.343+0900][3.020s][info][gc,heap     ] GC(114) Survivor regions: 1->1(39)
[2026-03-23T17:28:29.343+0900][3.020s][info][gc,heap     ] GC(114) Old regions: 2->2
[2026-03-23T17:28:29.343+0900][3.020s][info][gc,heap     ] GC(114) Humongous regions: 152->152
[2026-03-23T17:28:29.343+0900][3.020s][info][gc,metaspace] GC(114) Metaspace: 241K(448K)->241K(448K) NonClass: 227K(320K)->227K(320K) Class: 14K(128K)->14K(128K)
[2026-03-23T17:28:29.343+0900][3.020s][info][gc          ] GC(114) Pause Young (Concurrent Start) (G1 Humongous Allocation) 153M->153M(512M) 0.649ms
[2026-03-23T17:28:29.343+0900][3.020s][info][gc,cpu      ] GC(114) User=0.00s Sys=0.00s Real=0.00s
[2026-03-23T17:28:29.343+0900][3.020s][info][gc          ] GC(115) Concurrent Mark Cycle
[2026-03-23T17:28:29.343+0900][3.020s][info][gc,marking  ] GC(115) Concurrent Scan Root Regions
[2026-03-23T17:28:29.343+0900][3.020s][info][gc,marking  ] GC(115) Concurrent Scan Root Regions 0.041ms
[2026-03-23T17:28:29.343+0900][3.020s][info][gc,marking  ] GC(115) Concurrent Mark
[2026-03-23T17:28:29.343+0900][3.020s][info][gc,marking  ] GC(115) Concurrent Mark From Roots
[2026-03-23T17:28:29.343+0900][3.020s][info][gc,task     ] GC(115) Using 3 workers of 3 for marking
[2026-03-23T17:28:29.345+0900][3.022s][info][gc,marking  ] GC(115) Concurrent Mark From Roots 1.888ms
[2026-03-23T17:28:29.345+0900][3.022s][info][gc,marking  ] GC(115) Concurrent Preclean
[2026-03-23T17:28:29.345+0900][3.022s][info][gc,marking  ] GC(115) Concurrent Preclean 0.018ms
[2026-03-23T17:28:29.345+0900][3.022s][info][gc,start    ] GC(115) Pause Remark
[2026-03-23T17:28:29.345+0900][3.023s][info][gc          ] GC(115) Pause Remark 155M->31M(256M) 0.407ms
[2026-03-23T17:28:29.345+0900][3.023s][info][gc,cpu      ] GC(115) User=0.00s Sys=0.00s Real=0.00s
[2026-03-23T17:28:29.345+0900][3.023s][info][gc,marking  ] GC(115) Concurrent Mark 2.451ms
[2026-03-23T17:28:29.345+0900][3.023s][info][gc,marking  ] GC(115) Concurrent Rebuild Remembered Sets and Scrub Regions
[2026-03-23T17:28:29.346+0900][3.024s][info][gc,marking  ] GC(115) Concurrent Rebuild Remembered Sets and Scrub Regions 0.583ms
[2026-03-23T17:28:29.348+0900][3.026s][info][gc,start    ] GC(115) Pause Cleanup
[2026-03-23T17:28:29.348+0900][3.026s][info][gc          ] GC(115) Pause Cleanup 31M->31M(256M) 0.073ms
[2026-03-23T17:28:29.348+0900][3.026s][info][gc,cpu      ] GC(115) User=0.00s Sys=0.00s Real=0.00s
[2026-03-23T17:28:29.348+0900][3.026s][info][gc,marking  ] GC(115) Concurrent Clear Claimed Marks
[2026-03-23T17:28:29.348+0900][3.026s][info][gc,marking  ] GC(115) Concurrent Clear Claimed Marks 0.011ms
[2026-03-23T17:28:29.348+0900][3.026s][info][gc,marking  ] GC(115) Concurrent Cleanup for Next Mark
[2026-03-23T17:28:29.348+0900][3.026s][info][gc,marking  ] GC(115) Concurrent Cleanup for Next Mark 0.119ms
[2026-03-23T17:28:29.348+0900][3.026s][info][gc          ] GC(115) Concurrent Mark Cycle 5.619ms
[2026-03-23T17:28:30.281+0900][3.959s][info][gc,start    ] GC(116) Pause Young (Prepare Mixed) (G1 Humongous Allocation)
[2026-03-23T17:28:30.281+0900][3.959s][info][gc,task     ] GC(116) Using 11 workers of 11 for evacuation
[2026-03-23T17:28:30.282+0900][3.960s][info][gc,phases   ] GC(116)   Pre Evacuate Collection Set: 0.15ms
[2026-03-23T17:28:30.282+0900][3.960s][info][gc,phases   ] GC(116)   Merge Heap Roots: 0.04ms
[2026-03-23T17:28:30.282+0900][3.960s][info][gc,phases   ] GC(116)   Evacuate Collection Set: 0.15ms
[2026-03-23T17:28:30.282+0900][3.960s][info][gc,phases   ] GC(116)   Post Evacuate Collection Set: 0.55ms
[2026-03-23T17:28:30.282+0900][3.960s][info][gc,phases   ] GC(116)   Other: 0.03ms
[2026-03-23T17:28:30.282+0900][3.960s][info][gc,heap     ] GC(116) Eden regions: 1->0(307)
[2026-03-23T17:28:30.282+0900][3.960s][info][gc,heap     ] GC(116) Survivor regions: 1->0(0)
[2026-03-23T17:28:30.282+0900][3.960s][info][gc,heap     ] GC(116) Old regions: 2->4
[2026-03-23T17:28:30.282+0900][3.960s][info][gc,heap     ] GC(116) Humongous regions: 508->79
[2026-03-23T17:28:30.282+0900][3.960s][info][gc,metaspace] GC(116) Metaspace: 241K(448K)->241K(448K) NonClass: 227K(320K)->227K(320K) Class: 14K(128K)->14K(128K)
[2026-03-23T17:28:30.282+0900][3.960s][info][gc          ] GC(116) Pause Young (Prepare Mixed) (G1 Humongous Allocation) (Evacuation Failure) 509M->80M(512M) 1.055ms
[2026-03-23T17:28:30.282+0900][3.960s][info][gc,cpu      ] GC(116) User=0.00s Sys=0.00s Real=0.00s
[2026-03-23T17:28:31.088+0900][4.766s][info][gc,start    ] GC(117) Pause Young (Mixed) (G1 Humongous Allocation)
[2026-03-23T17:28:31.088+0900][4.766s][info][gc,task     ] GC(117) Using 11 workers of 11 for evacuation
[2026-03-23T17:28:31.091+0900][4.768s][info][gc,phases   ] GC(117)   Pre Evacuate Collection Set: 0.22ms
[2026-03-23T17:28:31.091+0900][4.769s][info][gc,phases   ] GC(117)   Merge Heap Roots: 0.06ms
[2026-03-23T17:28:31.091+0900][4.769s][info][gc,phases   ] GC(117)   Evacuate Collection Set: 0.42ms
[2026-03-23T17:28:31.091+0900][4.769s][info][gc,phases   ] GC(117)   Post Evacuate Collection Set: 1.59ms
[2026-03-23T17:28:31.091+0900][4.769s][info][gc,phases   ] GC(117)   Other: 0.10ms
[2026-03-23T17:28:31.091+0900][4.769s][info][gc,heap     ] GC(117) Eden regions: 1->0(306)
[2026-03-23T17:28:31.091+0900][4.769s][info][gc,heap     ] GC(117) Survivor regions: 0->1(2)
[2026-03-23T17:28:31.091+0900][4.769s][info][gc,heap     ] GC(117) Old regions: 4->4
[2026-03-23T17:28:31.091+0900][4.769s][info][gc,heap     ] GC(117) Humongous regions: 505->130
[2026-03-23T17:28:31.091+0900][4.769s][info][gc,metaspace] GC(117) Metaspace: 243K(448K)->243K(448K) NonClass: 228K(320K)->228K(320K) Class: 14K(128K)->14K(128K)
[2026-03-23T17:28:31.091+0900][4.769s][info][gc          ] GC(117) Pause Young (Mixed) (G1 Humongous Allocation) 507M->131M(512M) 2.888ms
[2026-03-23T17:28:31.091+0900][4.769s][info][gc,cpu      ] GC(117) User=0.00s Sys=0.01s Real=0.01s
[2026-03-23T17:28:31.132+0900][4.810s][info][gc,start    ] GC(118) Pause Young (Concurrent Start) (G1 Humongous Allocation)
[2026-03-23T17:28:31.132+0900][4.810s][info][gc,task     ] GC(118) Using 11 workers of 11 for evacuation
[2026-03-23T17:28:31.133+0900][4.811s][info][gc,phases   ] GC(118)   Pre Evacuate Collection Set: 0.13ms
[2026-03-23T17:28:31.133+0900][4.811s][info][gc,phases   ] GC(118)   Merge Heap Roots: 0.03ms
[2026-03-23T17:28:31.133+0900][4.811s][info][gc,phases   ] GC(118)   Evacuate Collection Set: 0.18ms
[2026-03-23T17:28:31.133+0900][4.811s][info][gc,phases   ] GC(118)   Post Evacuate Collection Set: 0.16ms
[2026-03-23T17:28:31.133+0900][4.811s][info][gc,phases   ] GC(118)   Other: 0.06ms
[2026-03-23T17:28:31.133+0900][4.811s][info][gc,heap     ] GC(118) Eden regions: 1->0(306)
[2026-03-23T17:28:31.133+0900][4.811s][info][gc,heap     ] GC(118) Survivor regions: 1->1(39)
[2026-03-23T17:28:31.133+0900][4.811s][info][gc,heap     ] GC(118) Old regions: 4->4
[2026-03-23T17:28:31.133+0900][4.811s][info][gc,heap     ] GC(118) Humongous regions: 150->132
[2026-03-23T17:28:31.133+0900][4.811s][info][gc,metaspace] GC(118) Metaspace: 243K(448K)->243K(448K) NonClass: 228K(320K)->228K(320K) Class: 14K(128K)->14K(128K)
[2026-03-23T17:28:31.133+0900][4.811s][info][gc          ] GC(118) Pause Young (Concurrent Start) (G1 Humongous Allocation) 152M->133M(512M) 0.776ms
[2026-03-23T17:28:31.133+0900][4.811s][info][gc          ] GC(119) Concurrent Undo Cycle
[2026-03-23T17:28:31.133+0900][4.811s][info][gc,cpu      ] GC(118) User=0.00s Sys=0.00s Real=0.00s
[2026-03-23T17:28:31.133+0900][4.811s][info][gc,marking  ] GC(119) Concurrent Clear Claimed Marks
[2026-03-23T17:28:31.133+0900][4.811s][info][gc,marking  ] GC(119) Concurrent Clear Claimed Marks 0.020ms
[2026-03-23T17:28:31.133+0900][4.811s][info][gc,marking  ] GC(119) Concurrent Cleanup for Next Mark
[2026-03-23T17:28:31.133+0900][4.811s][info][gc,marking  ] GC(119) Concurrent Cleanup for Next Mark 0.048ms
[2026-03-23T17:28:31.133+0900][4.811s][info][gc          ] GC(119) Concurrent Undo Cycle 0.130ms
[2026-03-23T17:28:31.165+0900][4.843s][info][gc,start    ] GC(120) Pause Young (Concurrent Start) (G1 Humongous Allocation)
[2026-03-23T17:28:31.165+0900][4.843s][info][gc,task     ] GC(120) Using 11 workers of 11 for evacuation
[2026-03-23T17:28:31.166+0900][4.844s][info][gc,phases   ] GC(120)   Pre Evacuate Collection Set: 0.25ms
[2026-03-23T17:28:31.166+0900][4.844s][info][gc,phases   ] GC(120)   Merge Heap Roots: 0.26ms
[2026-03-23T17:28:31.166+0900][4.844s][info][gc,phases   ] GC(120)   Evacuate Collection Set: 0.35ms
[2026-03-23T17:28:31.166+0900][4.844s][info][gc,phases   ] GC(120)   Post Evacuate Collection Set: 0.12ms
[2026-03-23T17:28:31.166+0900][4.844s][info][gc,phases   ] GC(120)   Other: 0.19ms
[2026-03-23T17:28:31.166+0900][4.844s][info][gc,heap     ] GC(120) Eden regions: 1->0(306)
[2026-03-23T17:28:31.166+0900][4.844s][info][gc,heap     ] GC(120) Survivor regions: 1->1(39)
[2026-03-23T17:28:31.166+0900][4.844s][info][gc,heap     ] GC(120) Old regions: 4->4
[2026-03-23T17:28:31.166+0900][4.844s][info][gc,heap     ] GC(120) Humongous regions: 150->135
[2026-03-23T17:28:31.166+0900][4.844s][info][gc,metaspace] GC(120) Metaspace: 243K(448K)->243K(448K) NonClass: 228K(320K)->228K(320K) Class: 14K(128K)->14K(128K)
[2026-03-23T17:28:31.166+0900][4.844s][info][gc          ] GC(120) Pause Young (Concurrent Start) (G1 Humongous Allocation) 152M->136M(512M) 1.484ms
[2026-03-23T17:28:31.167+0900][4.844s][info][gc,cpu      ] GC(120) User=0.00s Sys=0.00s Real=0.00s
[2026-03-23T17:28:31.167+0900][4.844s][info][gc          ] GC(121) Concurrent Undo Cycle
[2026-03-23T17:28:31.167+0900][4.844s][info][gc,marking  ] GC(121) Concurrent Clear Claimed Marks
[2026-03-23T17:28:31.167+0900][4.844s][info][gc,marking  ] GC(121) Concurrent Clear Claimed Marks 0.037ms
[2026-03-23T17:28:31.167+0900][4.844s][info][gc,marking  ] GC(121) Concurrent Cleanup for Next Mark
[2026-03-23T17:28:31.167+0900][4.844s][info][gc,marking  ] GC(121) Concurrent Cleanup for Next Mark 0.058ms
[2026-03-23T17:28:31.167+0900][4.845s][info][gc          ] GC(121) Concurrent Undo Cycle 0.229ms
[2026-03-23T17:28:31.198+0900][4.876s][info][gc,start    ] GC(122) Pause Young (Concurrent Start) (G1 Humongous Allocation)
[2026-03-23T17:28:31.198+0900][4.876s][info][gc,task     ] GC(122) Using 11 workers of 11 for evacuation
[2026-03-23T17:28:31.199+0900][4.877s][info][gc,phases   ] GC(122)   Pre Evacuate Collection Set: 0.14ms
[2026-03-23T17:28:31.199+0900][4.877s][info][gc,phases   ] GC(122)   Merge Heap Roots: 0.03ms
[2026-03-23T17:28:31.199+0900][4.877s][info][gc,phases   ] GC(122)   Evacuate Collection Set: 0.17ms
[2026-03-23T17:28:31.199+0900][4.877s][info][gc,phases   ] GC(122)   Post Evacuate Collection Set: 0.10ms
[2026-03-23T17:28:31.199+0900][4.877s][info][gc,phases   ] GC(122)   Other: 0.06ms
[2026-03-23T17:28:31.199+0900][4.877s][info][gc,heap     ] GC(122) Eden regions: 1->0(306)
[2026-03-23T17:28:31.199+0900][4.877s][info][gc,heap     ] GC(122) Survivor regions: 1->1(39)
[2026-03-23T17:28:31.199+0900][4.877s][info][gc,heap     ] GC(122) Old regions: 4->4
[2026-03-23T17:28:31.199+0900][4.877s][info][gc,heap     ] GC(122) Humongous regions: 150->135
[2026-03-23T17:28:31.199+0900][4.877s][info][gc,metaspace] GC(122) Metaspace: 243K(448K)->243K(448K) NonClass: 228K(320K)->228K(320K) Class: 14K(128K)->14K(128K)
[2026-03-23T17:28:31.199+0900][4.877s][info][gc          ] GC(122) Pause Young (Concurrent Start) (G1 Humongous Allocation) 152M->136M(512M) 0.747ms
[2026-03-23T17:28:31.199+0900][4.877s][info][gc,cpu      ] GC(122) User=0.00s Sys=0.00s Real=0.00s
[2026-03-23T17:28:31.199+0900][4.877s][info][gc          ] GC(123) Concurrent Undo Cycle
[2026-03-23T17:28:31.199+0900][4.877s][info][gc,marking  ] GC(123) Concurrent Clear Claimed Marks
[2026-03-23T17:28:31.199+0900][4.877s][info][gc,marking  ] GC(123) Concurrent Clear Claimed Marks 0.013ms
[2026-03-23T17:28:31.199+0900][4.877s][info][gc,marking  ] GC(123) Concurrent Cleanup for Next Mark
[2026-03-23T17:28:31.199+0900][4.877s][info][gc,marking  ] GC(123) Concurrent Cleanup for Next Mark 0.033ms
[2026-03-23T17:28:31.199+0900][4.877s][info][gc          ] GC(123) Concurrent Undo Cycle 0.136ms
[2026-03-23T17:28:31.225+0900][4.903s][info][gc,start    ] GC(124) Pause Young (Concurrent Start) (G1 Humongous Allocation)
[2026-03-23T17:28:31.225+0900][4.903s][info][gc,task     ] GC(124) Using 11 workers of 11 for evacuation
[2026-03-23T17:28:31.226+0900][4.904s][info][gc,phases   ] GC(124)   Pre Evacuate Collection Set: 0.40ms
[2026-03-23T17:28:31.226+0900][4.904s][info][gc,phases   ] GC(124)   Merge Heap Roots: 0.12ms
[2026-03-23T17:28:31.226+0900][4.904s][info][gc,phases   ] GC(124)   Evacuate Collection Set: 0.25ms
[2026-03-23T17:28:31.226+0900][4.904s][info][gc,phases   ] GC(124)   Post Evacuate Collection Set: 0.13ms
[2026-03-23T17:28:31.226+0900][4.904s][info][gc,phases   ] GC(124)   Other: 0.13ms
[2026-03-23T17:28:31.226+0900][4.904s][info][gc,heap     ] GC(124) Eden regions: 1->0(306)
[2026-03-23T17:28:31.226+0900][4.904s][info][gc,heap     ] GC(124) Survivor regions: 1->1(39)
[2026-03-23T17:28:31.226+0900][4.904s][info][gc,heap     ] GC(124) Old regions: 4->4
[2026-03-23T17:28:31.226+0900][4.904s][info][gc,heap     ] GC(124) Humongous regions: 150->138
[2026-03-23T17:28:31.226+0900][4.904s][info][gc,metaspace] GC(124) Metaspace: 243K(448K)->243K(448K) NonClass: 228K(320K)->228K(320K) Class: 14K(128K)->14K(128K)
[2026-03-23T17:28:31.226+0900][4.904s][info][gc          ] GC(124) Pause Young (Concurrent Start) (G1 Humongous Allocation) 152M->139M(512M) 1.343ms
[2026-03-23T17:28:31.226+0900][4.904s][info][gc,cpu      ] GC(124) User=0.00s Sys=0.00s Real=0.00s
[2026-03-23T17:28:31.226+0900][4.904s][info][gc          ] GC(125) Concurrent Undo Cycle
[2026-03-23T17:28:31.226+0900][4.904s][info][gc,marking  ] GC(125) Concurrent Clear Claimed Marks
[2026-03-23T17:28:31.226+0900][4.904s][info][gc,marking  ] GC(125) Concurrent Clear Claimed Marks 0.020ms
[2026-03-23T17:28:31.226+0900][4.904s][info][gc,marking  ] GC(125) Concurrent Cleanup for Next Mark
[2026-03-23T17:28:31.227+0900][4.904s][info][gc,marking  ] GC(125) Concurrent Cleanup for Next Mark 0.054ms
[2026-03-23T17:28:31.227+0900][4.904s][info][gc          ] GC(125) Concurrent Undo Cycle 0.188ms
[2026-03-23T17:28:31.252+0900][4.930s][info][gc,start    ] GC(126) Pause Young (Concurrent Start) (G1 Humongous Allocation)
[2026-03-23T17:28:31.252+0900][4.930s][info][gc,task     ] GC(126) Using 11 workers of 11 for evacuation
[2026-03-23T17:28:31.253+0900][4.930s][info][gc,phases   ] GC(126)   Pre Evacuate Collection Set: 0.16ms
[2026-03-23T17:28:31.253+0900][4.930s][info][gc,phases   ] GC(126)   Merge Heap Roots: 0.04ms
[2026-03-23T17:28:31.253+0900][4.930s][info][gc,phases   ] GC(126)   Evacuate Collection Set: 0.21ms
[2026-03-23T17:28:31.253+0900][4.930s][info][gc,phases   ] GC(126)   Post Evacuate Collection Set: 0.12ms
[2026-03-23T17:28:31.253+0900][4.930s][info][gc,phases   ] GC(126)   Other: 0.09ms
[2026-03-23T17:28:31.253+0900][4.931s][info][gc,heap     ] GC(126) Eden regions: 1->0(306)
[2026-03-23T17:28:31.253+0900][4.931s][info][gc,heap     ] GC(126) Survivor regions: 1->1(39)
[2026-03-23T17:28:31.253+0900][4.931s][info][gc,heap     ] GC(126) Old regions: 4->4
[2026-03-23T17:28:31.253+0900][4.931s][info][gc,heap     ] GC(126) Humongous regions: 150->138
[2026-03-23T17:28:31.253+0900][4.931s][info][gc,metaspace] GC(126) Metaspace: 243K(448K)->243K(448K) NonClass: 228K(320K)->228K(320K) Class: 14K(128K)->14K(128K)
[2026-03-23T17:28:31.253+0900][4.931s][info][gc          ] GC(126) Pause Young (Concurrent Start) (G1 Humongous Allocation) 152M->139M(512M) 0.944ms
[2026-03-23T17:28:31.253+0900][4.931s][info][gc,cpu      ] GC(126) User=0.00s Sys=0.00s Real=0.00s
[2026-03-23T17:28:31.253+0900][4.931s][info][gc          ] GC(127) Concurrent Undo Cycle
[2026-03-23T17:28:31.253+0900][4.931s][info][gc,marking  ] GC(127) Concurrent Clear Claimed Marks
[2026-03-23T17:28:31.253+0900][4.931s][info][gc,marking  ] GC(127) Concurrent Clear Claimed Marks 0.041ms
[2026-03-23T17:28:31.253+0900][4.931s][info][gc,marking  ] GC(127) Concurrent Cleanup for Next Mark
[2026-03-23T17:28:31.253+0900][4.931s][info][gc,marking  ] GC(127) Concurrent Cleanup for Next Mark 0.074ms
[2026-03-23T17:28:31.253+0900][4.931s][info][gc          ] GC(127) Concurrent Undo Cycle 0.278ms
[2026-03-23T17:28:31.274+0900][4.951s][info][gc,start    ] GC(128) Pause Young (Concurrent Start) (G1 Humongous Allocation)
[2026-03-23T17:28:31.274+0900][4.951s][info][gc,task     ] GC(128) Using 11 workers of 11 for evacuation
[2026-03-23T17:28:31.275+0900][4.952s][info][gc,phases   ] GC(128)   Pre Evacuate Collection Set: 0.17ms
[2026-03-23T17:28:31.275+0900][4.952s][info][gc,phases   ] GC(128)   Merge Heap Roots: 0.06ms
[2026-03-23T17:28:31.275+0900][4.952s][info][gc,phases   ] GC(128)   Evacuate Collection Set: 0.27ms
[2026-03-23T17:28:31.275+0900][4.952s][info][gc,phases   ] GC(128)   Post Evacuate Collection Set: 0.25ms
[2026-03-23T17:28:31.275+0900][4.952s][info][gc,phases   ] GC(128)   Other: 0.10ms
[2026-03-23T17:28:31.275+0900][4.952s][info][gc,heap     ] GC(128) Eden regions: 1->0(306)
[2026-03-23T17:28:31.275+0900][4.952s][info][gc,heap     ] GC(128) Survivor regions: 1->1(39)
[2026-03-23T17:28:31.275+0900][4.952s][info][gc,heap     ] GC(128) Old regions: 4->4
[2026-03-23T17:28:31.275+0900][4.953s][info][gc,heap     ] GC(128) Humongous regions: 150->141
[2026-03-23T17:28:31.275+0900][4.953s][info][gc,metaspace] GC(128) Metaspace: 243K(448K)->243K(448K) NonClass: 228K(320K)->228K(320K) Class: 14K(128K)->14K(128K)
[2026-03-23T17:28:31.275+0900][4.953s][info][gc          ] GC(128) Pause Young (Concurrent Start) (G1 Humongous Allocation) 152M->142M(512M) 1.162ms
[2026-03-23T17:28:31.275+0900][4.953s][info][gc,cpu      ] GC(128) User=0.00s Sys=0.00s Real=0.00s
[2026-03-23T17:28:31.275+0900][4.953s][info][gc          ] GC(129) Concurrent Undo Cycle
[2026-03-23T17:28:31.275+0900][4.953s][info][gc,marking  ] GC(129) Concurrent Clear Claimed Marks
[2026-03-23T17:28:31.275+0900][4.953s][info][gc,marking  ] GC(129) Concurrent Clear Claimed Marks 0.032ms
[2026-03-23T17:28:31.275+0900][4.953s][info][gc,marking  ] GC(129) Concurrent Cleanup for Next Mark
[2026-03-23T17:28:31.275+0900][4.953s][info][gc,marking  ] GC(129) Concurrent Cleanup for Next Mark 0.077ms
[2026-03-23T17:28:31.275+0900][4.953s][info][gc          ] GC(129) Concurrent Undo Cycle 0.258ms
[2026-03-23T17:28:31.293+0900][4.971s][info][gc,start    ] GC(130) Pause Young (Concurrent Start) (G1 Humongous Allocation)
[2026-03-23T17:28:31.293+0900][4.971s][info][gc,task     ] GC(130) Using 11 workers of 11 for evacuation
[2026-03-23T17:28:31.294+0900][4.972s][info][gc,phases   ] GC(130)   Pre Evacuate Collection Set: 0.16ms
[2026-03-23T17:28:31.294+0900][4.972s][info][gc,phases   ] GC(130)   Merge Heap Roots: 0.04ms
[2026-03-23T17:28:31.294+0900][4.972s][info][gc,phases   ] GC(130)   Evacuate Collection Set: 0.27ms
[2026-03-23T17:28:31.294+0900][4.972s][info][gc,phases   ] GC(130)   Post Evacuate Collection Set: 0.18ms
[2026-03-23T17:28:31.294+0900][4.972s][info][gc,phases   ] GC(130)   Other: 0.12ms
[2026-03-23T17:28:31.294+0900][4.972s][info][gc,heap     ] GC(130) Eden regions: 1->0(306)
[2026-03-23T17:28:31.294+0900][4.972s][info][gc,heap     ] GC(130) Survivor regions: 1->1(39)
[2026-03-23T17:28:31.294+0900][4.972s][info][gc,heap     ] GC(130) Old regions: 4->4
[2026-03-23T17:28:31.294+0900][4.972s][info][gc,heap     ] GC(130) Humongous regions: 150->141
[2026-03-23T17:28:31.294+0900][4.972s][info][gc,metaspace] GC(130) Metaspace: 243K(448K)->243K(448K) NonClass: 228K(320K)->228K(320K) Class: 14K(128K)->14K(128K)
[2026-03-23T17:28:31.294+0900][4.972s][info][gc          ] GC(130) Pause Young (Concurrent Start) (G1 Humongous Allocation) 152M->142M(512M) 1.160ms
[2026-03-23T17:28:31.294+0900][4.972s][info][gc,cpu      ] GC(130) User=0.00s Sys=0.00s Real=0.00s
[2026-03-23T17:28:31.294+0900][4.972s][info][gc          ] GC(131) Concurrent Undo Cycle
[2026-03-23T17:28:31.294+0900][4.972s][info][gc,marking  ] GC(131) Concurrent Clear Claimed Marks
[2026-03-23T17:28:31.294+0900][4.972s][info][gc,marking  ] GC(131) Concurrent Clear Claimed Marks 0.024ms
[2026-03-23T17:28:31.295+0900][4.972s][info][gc,marking  ] GC(131) Concurrent Cleanup for Next Mark
[2026-03-23T17:28:31.295+0900][4.972s][info][gc,marking  ] GC(131) Concurrent Cleanup for Next Mark 0.066ms
[2026-03-23T17:28:31.295+0900][4.972s][info][gc          ] GC(131) Concurrent Undo Cycle 0.248ms
[2026-03-23T17:28:31.314+0900][4.992s][info][gc,start    ] GC(132) Pause Young (Concurrent Start) (G1 Humongous Allocation)
[2026-03-23T17:28:31.314+0900][4.992s][info][gc,task     ] GC(132) Using 11 workers of 11 for evacuation
[2026-03-23T17:28:31.314+0900][4.992s][info][gc,phases   ] GC(132)   Pre Evacuate Collection Set: 0.14ms
[2026-03-23T17:28:31.315+0900][4.992s][info][gc,phases   ] GC(132)   Merge Heap Roots: 0.05ms
[2026-03-23T17:28:31.315+0900][4.992s][info][gc,phases   ] GC(132)   Evacuate Collection Set: 0.18ms
[2026-03-23T17:28:31.315+0900][4.992s][info][gc,phases   ] GC(132)   Post Evacuate Collection Set: 0.10ms
[2026-03-23T17:28:31.315+0900][4.992s][info][gc,phases   ] GC(132)   Other: 0.05ms
[2026-03-23T17:28:31.315+0900][4.992s][info][gc,heap     ] GC(132) Eden regions: 1->0(306)
[2026-03-23T17:28:31.315+0900][4.992s][info][gc,heap     ] GC(132) Survivor regions: 1->1(39)
[2026-03-23T17:28:31.315+0900][4.992s][info][gc,heap     ] GC(132) Old regions: 4->4
[2026-03-23T17:28:31.315+0900][4.992s][info][gc,heap     ] GC(132) Humongous regions: 150->141
[2026-03-23T17:28:31.315+0900][4.992s][info][gc,metaspace] GC(132) Metaspace: 243K(448K)->243K(448K) NonClass: 228K(320K)->228K(320K) Class: 14K(128K)->14K(128K)
[2026-03-23T17:28:31.315+0900][4.992s][info][gc          ] GC(132) Pause Young (Concurrent Start) (G1 Humongous Allocation) 152M->142M(512M) 0.697ms
[2026-03-23T17:28:31.315+0900][4.992s][info][gc,cpu      ] GC(132) User=0.00s Sys=0.00s Real=0.00s
[2026-03-23T17:28:31.315+0900][4.992s][info][gc          ] GC(133) Concurrent Undo Cycle
[2026-03-23T17:28:31.315+0900][4.992s][info][gc,marking  ] GC(133) Concurrent Clear Claimed Marks
[2026-03-23T17:28:31.315+0900][4.992s][info][gc,marking  ] GC(133) Concurrent Clear Claimed Marks 0.011ms
[2026-03-23T17:28:31.315+0900][4.992s][info][gc,marking  ] GC(133) Concurrent Cleanup for Next Mark
[2026-03-23T17:28:31.315+0900][4.992s][info][gc,marking  ] GC(133) Concurrent Cleanup for Next Mark 0.034ms
[2026-03-23T17:28:31.315+0900][4.992s][info][gc          ] GC(133) Concurrent Undo Cycle 0.115ms
[2026-03-23T17:28:31.327+0900][5.005s][info][gc,start    ] GC(134) Pause Young (Concurrent Start) (G1 Humongous Allocation)
[2026-03-23T17:28:31.327+0900][5.005s][info][gc,task     ] GC(134) Using 11 workers of 11 for evacuation
[2026-03-23T17:28:31.328+0900][5.006s][info][gc,phases   ] GC(134)   Pre Evacuate Collection Set: 0.16ms
[2026-03-23T17:28:31.328+0900][5.006s][info][gc,phases   ] GC(134)   Merge Heap Roots: 0.04ms
[2026-03-23T17:28:31.328+0900][5.006s][info][gc,phases   ] GC(134)   Evacuate Collection Set: 0.17ms
[2026-03-23T17:28:31.328+0900][5.006s][info][gc,phases   ] GC(134)   Post Evacuate Collection Set: 0.11ms
[2026-03-23T17:28:31.328+0900][5.006s][info][gc,phases   ] GC(134)   Other: 0.04ms
[2026-03-23T17:28:31.328+0900][5.006s][info][gc,heap     ] GC(134) Eden regions: 1->0(306)
[2026-03-23T17:28:31.328+0900][5.006s][info][gc,heap     ] GC(134) Survivor regions: 1->1(39)
[2026-03-23T17:28:31.328+0900][5.006s][info][gc,heap     ] GC(134) Old regions: 4->4
[2026-03-23T17:28:31.328+0900][5.006s][info][gc,heap     ] GC(134) Humongous regions: 150->144
[2026-03-23T17:28:31.328+0900][5.006s][info][gc,metaspace] GC(134) Metaspace: 243K(448K)->243K(448K) NonClass: 228K(320K)->228K(320K) Class: 14K(128K)->14K(128K)
[2026-03-23T17:28:31.328+0900][5.006s][info][gc          ] GC(134) Pause Young (Concurrent Start) (G1 Humongous Allocation) 152M->145M(512M) 0.727ms
[2026-03-23T17:28:31.328+0900][5.006s][info][gc,cpu      ] GC(134) User=0.01s Sys=0.01s Real=0.00s
[2026-03-23T17:28:31.328+0900][5.006s][info][gc          ] GC(135) Concurrent Undo Cycle
[2026-03-23T17:28:31.328+0900][5.006s][info][gc,marking  ] GC(135) Concurrent Clear Claimed Marks
[2026-03-23T17:28:31.328+0900][5.006s][info][gc,marking  ] GC(135) Concurrent Clear Claimed Marks 0.011ms
[2026-03-23T17:28:31.328+0900][5.006s][info][gc,marking  ] GC(135) Concurrent Cleanup for Next Mark
[2026-03-23T17:28:31.328+0900][5.006s][info][gc,marking  ] GC(135) Concurrent Cleanup for Next Mark 0.045ms
[2026-03-23T17:28:31.328+0900][5.006s][info][gc          ] GC(135) Concurrent Undo Cycle 0.117ms
[2026-03-23T17:28:31.341+0900][5.019s][info][gc,start    ] GC(136) Pause Young (Concurrent Start) (G1 Humongous Allocation)
[2026-03-23T17:28:31.341+0900][5.019s][info][gc,task     ] GC(136) Using 11 workers of 11 for evacuation
[2026-03-23T17:28:31.341+0900][5.019s][info][gc,phases   ] GC(136)   Pre Evacuate Collection Set: 0.17ms
[2026-03-23T17:28:31.342+0900][5.019s][info][gc,phases   ] GC(136)   Merge Heap Roots: 0.02ms
[2026-03-23T17:28:31.342+0900][5.019s][info][gc,phases   ] GC(136)   Evacuate Collection Set: 0.13ms
[2026-03-23T17:28:31.342+0900][5.019s][info][gc,phases   ] GC(136)   Post Evacuate Collection Set: 0.09ms
[2026-03-23T17:28:31.342+0900][5.019s][info][gc,phases   ] GC(136)   Other: 0.04ms
[2026-03-23T17:28:31.342+0900][5.019s][info][gc,heap     ] GC(136) Eden regions: 1->0(306)
[2026-03-23T17:28:31.342+0900][5.019s][info][gc,heap     ] GC(136) Survivor regions: 1->1(39)
[2026-03-23T17:28:31.342+0900][5.019s][info][gc,heap     ] GC(136) Old regions: 4->4
[2026-03-23T17:28:31.342+0900][5.019s][info][gc,heap     ] GC(136) Humongous regions: 150->144
[2026-03-23T17:28:31.342+0900][5.019s][info][gc,metaspace] GC(136) Metaspace: 243K(448K)->243K(448K) NonClass: 228K(320K)->228K(320K) Class: 14K(128K)->14K(128K)
[2026-03-23T17:28:31.342+0900][5.019s][info][gc          ] GC(136) Pause Young (Concurrent Start) (G1 Humongous Allocation) 152M->145M(512M) 0.591ms
[2026-03-23T17:28:31.342+0900][5.019s][info][gc,cpu      ] GC(136) User=0.00s Sys=0.00s Real=0.00s
[2026-03-23T17:28:31.342+0900][5.019s][info][gc          ] GC(137) Concurrent Undo Cycle
[2026-03-23T17:28:31.342+0900][5.019s][info][gc,marking  ] GC(137) Concurrent Clear Claimed Marks
[2026-03-23T17:28:31.342+0900][5.019s][info][gc,marking  ] GC(137) Concurrent Clear Claimed Marks 0.007ms
[2026-03-23T17:28:31.342+0900][5.019s][info][gc,marking  ] GC(137) Concurrent Cleanup for Next Mark
[2026-03-23T17:28:31.342+0900][5.019s][info][gc,marking  ] GC(137) Concurrent Cleanup for Next Mark 0.034ms
[2026-03-23T17:28:31.342+0900][5.019s][info][gc          ] GC(137) Concurrent Undo Cycle 0.090ms
[2026-03-23T17:28:31.354+0900][5.032s][info][gc,start    ] GC(138) Pause Young (Concurrent Start) (G1 Humongous Allocation)
[2026-03-23T17:28:31.354+0900][5.032s][info][gc,task     ] GC(138) Using 11 workers of 11 for evacuation
[2026-03-23T17:28:31.355+0900][5.032s][info][gc,phases   ] GC(138)   Pre Evacuate Collection Set: 0.14ms
[2026-03-23T17:28:31.355+0900][5.032s][info][gc,phases   ] GC(138)   Merge Heap Roots: 0.04ms
[2026-03-23T17:28:31.355+0900][5.032s][info][gc,phases   ] GC(138)   Evacuate Collection Set: 0.14ms
[2026-03-23T17:28:31.355+0900][5.032s][info][gc,phases   ] GC(138)   Post Evacuate Collection Set: 0.11ms
[2026-03-23T17:28:31.355+0900][5.033s][info][gc,phases   ] GC(138)   Other: 0.05ms
[2026-03-23T17:28:31.355+0900][5.033s][info][gc,heap     ] GC(138) Eden regions: 1->0(306)
[2026-03-23T17:28:31.355+0900][5.033s][info][gc,heap     ] GC(138) Survivor regions: 1->1(39)
[2026-03-23T17:28:31.355+0900][5.033s][info][gc,heap     ] GC(138) Old regions: 4->4
[2026-03-23T17:28:31.355+0900][5.033s][info][gc,heap     ] GC(138) Humongous regions: 150->144
[2026-03-23T17:28:31.355+0900][5.033s][info][gc,metaspace] GC(138) Metaspace: 243K(448K)->243K(448K) NonClass: 228K(320K)->228K(320K) Class: 14K(128K)->14K(128K)
[2026-03-23T17:28:31.355+0900][5.033s][info][gc          ] GC(138) Pause Young (Concurrent Start) (G1 Humongous Allocation) 152M->145M(512M) 0.648ms
[2026-03-23T17:28:31.355+0900][5.033s][info][gc,cpu      ] GC(138) User=0.00s Sys=0.00s Real=0.00s
[2026-03-23T17:28:31.355+0900][5.033s][info][gc          ] GC(139) Concurrent Undo Cycle
[2026-03-23T17:28:31.355+0900][5.033s][info][gc,marking  ] GC(139) Concurrent Clear Claimed Marks
[2026-03-23T17:28:31.355+0900][5.033s][info][gc,marking  ] GC(139) Concurrent Clear Claimed Marks 0.009ms
[2026-03-23T17:28:31.355+0900][5.033s][info][gc,marking  ] GC(139) Concurrent Cleanup for Next Mark
[2026-03-23T17:28:31.355+0900][5.033s][info][gc,marking  ] GC(139) Concurrent Cleanup for Next Mark 0.032ms
[2026-03-23T17:28:31.355+0900][5.033s][info][gc          ] GC(139) Concurrent Undo Cycle 0.092ms
[2026-03-23T17:28:31.368+0900][5.045s][info][gc,start    ] GC(140) Pause Young (Concurrent Start) (G1 Humongous Allocation)
[2026-03-23T17:28:31.368+0900][5.045s][info][gc,task     ] GC(140) Using 11 workers of 11 for evacuation
[2026-03-23T17:28:31.368+0900][5.046s][info][gc,phases   ] GC(140)   Pre Evacuate Collection Set: 0.15ms
[2026-03-23T17:28:31.368+0900][5.046s][info][gc,phases   ] GC(140)   Merge Heap Roots: 0.05ms
[2026-03-23T17:28:31.368+0900][5.046s][info][gc,phases   ] GC(140)   Evacuate Collection Set: 0.17ms
[2026-03-23T17:28:31.368+0900][5.046s][info][gc,phases   ] GC(140)   Post Evacuate Collection Set: 0.15ms
[2026-03-23T17:28:31.368+0900][5.046s][info][gc,phases   ] GC(140)   Other: 0.07ms
[2026-03-23T17:28:31.368+0900][5.046s][info][gc,heap     ] GC(140) Eden regions: 1->0(306)
[2026-03-23T17:28:31.368+0900][5.046s][info][gc,heap     ] GC(140) Survivor regions: 1->1(39)
[2026-03-23T17:28:31.368+0900][5.046s][info][gc,heap     ] GC(140) Old regions: 4->4
[2026-03-23T17:28:31.368+0900][5.046s][info][gc,heap     ] GC(140) Humongous regions: 150->144
[2026-03-23T17:28:31.368+0900][5.046s][info][gc,metaspace] GC(140) Metaspace: 243K(448K)->243K(448K) NonClass: 228K(320K)->228K(320K) Class: 14K(128K)->14K(128K)
[2026-03-23T17:28:31.368+0900][5.046s][info][gc          ] GC(140) Pause Young (Concurrent Start) (G1 Humongous Allocation) 152M->145M(512M) 0.764ms
[2026-03-23T17:28:31.368+0900][5.046s][info][gc,cpu      ] GC(140) User=0.00s Sys=0.00s Real=0.00s
[2026-03-23T17:28:31.368+0900][5.046s][info][gc          ] GC(141) Concurrent Undo Cycle
[2026-03-23T17:28:31.368+0900][5.046s][info][gc,marking  ] GC(141) Concurrent Clear Claimed Marks
[2026-03-23T17:28:31.368+0900][5.046s][info][gc,marking  ] GC(141) Concurrent Clear Claimed Marks 0.008ms
[2026-03-23T17:28:31.368+0900][5.046s][info][gc,marking  ] GC(141) Concurrent Cleanup for Next Mark
[2026-03-23T17:28:31.368+0900][5.046s][info][gc,marking  ] GC(141) Concurrent Cleanup for Next Mark 0.051ms
[2026-03-23T17:28:31.368+0900][5.046s][info][gc          ] GC(141) Concurrent Undo Cycle 0.101ms
[2026-03-23T17:28:31.380+0900][5.058s][info][gc,start    ] GC(142) Pause Young (Concurrent Start) (G1 Humongous Allocation)
[2026-03-23T17:28:31.380+0900][5.058s][info][gc,task     ] GC(142) Using 11 workers of 11 for evacuation
[2026-03-23T17:28:31.381+0900][5.059s][info][gc,phases   ] GC(142)   Pre Evacuate Collection Set: 0.15ms
[2026-03-23T17:28:31.381+0900][5.059s][info][gc,phases   ] GC(142)   Merge Heap Roots: 0.05ms
[2026-03-23T17:28:31.381+0900][5.059s][info][gc,phases   ] GC(142)   Evacuate Collection Set: 0.15ms
[2026-03-23T17:28:31.381+0900][5.059s][info][gc,phases   ] GC(142)   Post Evacuate Collection Set: 0.11ms
[2026-03-23T17:28:31.381+0900][5.059s][info][gc,phases   ] GC(142)   Other: 0.05ms
[2026-03-23T17:28:31.381+0900][5.059s][info][gc,heap     ] GC(142) Eden regions: 1->0(306)
[2026-03-23T17:28:31.381+0900][5.059s][info][gc,heap     ] GC(142) Survivor regions: 1->1(39)
[2026-03-23T17:28:31.381+0900][5.059s][info][gc,heap     ] GC(142) Old regions: 4->4
[2026-03-23T17:28:31.381+0900][5.059s][info][gc,heap     ] GC(142) Humongous regions: 150->144
[2026-03-23T17:28:31.381+0900][5.059s][info][gc,metaspace] GC(142) Metaspace: 243K(448K)->243K(448K) NonClass: 228K(320K)->228K(320K) Class: 14K(128K)->14K(128K)
[2026-03-23T17:28:31.381+0900][5.059s][info][gc          ] GC(142) Pause Young (Concurrent Start) (G1 Humongous Allocation) 152M->145M(512M) 0.639ms
[2026-03-23T17:28:31.381+0900][5.059s][info][gc,cpu      ] GC(142) User=0.00s Sys=0.00s Real=0.00s
[2026-03-23T17:28:31.381+0900][5.059s][info][gc          ] GC(143) Concurrent Undo Cycle
[2026-03-23T17:28:31.381+0900][5.059s][info][gc,marking  ] GC(143) Concurrent Clear Claimed Marks
[2026-03-23T17:28:31.381+0900][5.059s][info][gc,marking  ] GC(143) Concurrent Clear Claimed Marks 0.006ms
[2026-03-23T17:28:31.381+0900][5.059s][info][gc,marking  ] GC(143) Concurrent Cleanup for Next Mark
[2026-03-23T17:28:31.381+0900][5.059s][info][gc,marking  ] GC(143) Concurrent Cleanup for Next Mark 0.025ms
[2026-03-23T17:28:31.381+0900][5.059s][info][gc          ] GC(143) Concurrent Undo Cycle 0.082ms
[2026-03-23T17:28:31.386+0900][5.064s][info][gc,start    ] GC(144) Pause Young (Concurrent Start) (G1 Humongous Allocation)
[2026-03-23T17:28:31.386+0900][5.064s][info][gc,task     ] GC(144) Using 11 workers of 11 for evacuation
[2026-03-23T17:28:31.387+0900][5.065s][info][gc,phases   ] GC(144)   Pre Evacuate Collection Set: 0.18ms
[2026-03-23T17:28:31.387+0900][5.065s][info][gc,phases   ] GC(144)   Merge Heap Roots: 0.05ms
[2026-03-23T17:28:31.387+0900][5.065s][info][gc,phases   ] GC(144)   Evacuate Collection Set: 0.13ms
[2026-03-23T17:28:31.387+0900][5.065s][info][gc,phases   ] GC(144)   Post Evacuate Collection Set: 0.08ms
[2026-03-23T17:28:31.387+0900][5.065s][info][gc,phases   ] GC(144)   Other: 0.04ms
[2026-03-23T17:28:31.387+0900][5.065s][info][gc,heap     ] GC(144) Eden regions: 1->0(306)
[2026-03-23T17:28:31.387+0900][5.065s][info][gc,heap     ] GC(144) Survivor regions: 1->1(39)
[2026-03-23T17:28:31.387+0900][5.065s][info][gc,heap     ] GC(144) Old regions: 4->4
[2026-03-23T17:28:31.387+0900][5.065s][info][gc,heap     ] GC(144) Humongous regions: 150->147
[2026-03-23T17:28:31.387+0900][5.065s][info][gc,metaspace] GC(144) Metaspace: 243K(448K)->243K(448K) NonClass: 228K(320K)->228K(320K) Class: 14K(128K)->14K(128K)
[2026-03-23T17:28:31.387+0900][5.065s][info][gc          ] GC(144) Pause Young (Concurrent Start) (G1 Humongous Allocation) 152M->148M(512M) 0.573ms
[2026-03-23T17:28:31.387+0900][5.065s][info][gc,cpu      ] GC(144) User=0.00s Sys=0.00s Real=0.00s
[2026-03-23T17:28:31.387+0900][5.065s][info][gc          ] GC(145) Concurrent Undo Cycle
[2026-03-23T17:28:31.387+0900][5.065s][info][gc,marking  ] GC(145) Concurrent Clear Claimed Marks
[2026-03-23T17:28:31.387+0900][5.065s][info][gc,marking  ] GC(145) Concurrent Clear Claimed Marks 0.005ms
[2026-03-23T17:28:31.387+0900][5.065s][info][gc,marking  ] GC(145) Concurrent Cleanup for Next Mark
[2026-03-23T17:28:31.387+0900][5.065s][info][gc,marking  ] GC(145) Concurrent Cleanup for Next Mark 0.023ms
[2026-03-23T17:28:31.387+0900][5.065s][info][gc          ] GC(145) Concurrent Undo Cycle 0.055ms
[2026-03-23T17:28:31.393+0900][5.071s][info][gc,start    ] GC(146) Pause Young (Concurrent Start) (G1 Humongous Allocation)
[2026-03-23T17:28:31.393+0900][5.071s][info][gc,task     ] GC(146) Using 11 workers of 11 for evacuation
[2026-03-23T17:28:31.394+0900][5.071s][info][gc,phases   ] GC(146)   Pre Evacuate Collection Set: 0.12ms
[2026-03-23T17:28:31.394+0900][5.072s][info][gc,phases   ] GC(146)   Merge Heap Roots: 0.03ms
[2026-03-23T17:28:31.394+0900][5.072s][info][gc,phases   ] GC(146)   Evacuate Collection Set: 0.13ms
[2026-03-23T17:28:31.394+0900][5.072s][info][gc,phases   ] GC(146)   Post Evacuate Collection Set: 0.11ms
[2026-03-23T17:28:31.394+0900][5.072s][info][gc,phases   ] GC(146)   Other: 0.04ms
[2026-03-23T17:28:31.394+0900][5.072s][info][gc,heap     ] GC(146) Eden regions: 1->0(306)
[2026-03-23T17:28:31.394+0900][5.072s][info][gc,heap     ] GC(146) Survivor regions: 1->1(39)
[2026-03-23T17:28:31.394+0900][5.072s][info][gc,heap     ] GC(146) Old regions: 4->4
[2026-03-23T17:28:31.394+0900][5.072s][info][gc,heap     ] GC(146) Humongous regions: 150->147
[2026-03-23T17:28:31.394+0900][5.072s][info][gc,metaspace] GC(146) Metaspace: 243K(448K)->243K(448K) NonClass: 228K(320K)->228K(320K) Class: 14K(128K)->14K(128K)
[2026-03-23T17:28:31.394+0900][5.072s][info][gc          ] GC(146) Pause Young (Concurrent Start) (G1 Humongous Allocation) 152M->148M(512M) 0.566ms
[2026-03-23T17:28:31.394+0900][5.072s][info][gc,cpu      ] GC(146) User=0.00s Sys=0.00s Real=0.00s
[2026-03-23T17:28:31.394+0900][5.072s][info][gc          ] GC(147) Concurrent Undo Cycle
[2026-03-23T17:28:31.394+0900][5.072s][info][gc,marking  ] GC(147) Concurrent Clear Claimed Marks
[2026-03-23T17:28:31.394+0900][5.072s][info][gc,marking  ] GC(147) Concurrent Clear Claimed Marks 0.008ms
[2026-03-23T17:28:31.394+0900][5.072s][info][gc,marking  ] GC(147) Concurrent Cleanup for Next Mark
[2026-03-23T17:28:31.394+0900][5.072s][info][gc,marking  ] GC(147) Concurrent Cleanup for Next Mark 0.027ms
[2026-03-23T17:28:31.394+0900][5.072s][info][gc          ] GC(147) Concurrent Undo Cycle 0.080ms
[2026-03-23T17:28:31.400+0900][5.078s][info][gc,start    ] GC(148) Pause Young (Concurrent Start) (G1 Humongous Allocation)
[2026-03-23T17:28:31.400+0900][5.078s][info][gc,task     ] GC(148) Using 11 workers of 11 for evacuation
[2026-03-23T17:28:31.401+0900][5.079s][info][gc,phases   ] GC(148)   Pre Evacuate Collection Set: 0.15ms
[2026-03-23T17:28:31.401+0900][5.079s][info][gc,phases   ] GC(148)   Merge Heap Roots: 0.03ms
[2026-03-23T17:28:31.401+0900][5.079s][info][gc,phases   ] GC(148)   Evacuate Collection Set: 0.13ms
[2026-03-23T17:28:31.401+0900][5.079s][info][gc,phases   ] GC(148)   Post Evacuate Collection Set: 0.13ms
[2026-03-23T17:28:31.401+0900][5.079s][info][gc,phases   ] GC(148)   Other: 0.04ms
[2026-03-23T17:28:31.401+0900][5.079s][info][gc,heap     ] GC(148) Eden regions: 1->0(306)
[2026-03-23T17:28:31.401+0900][5.079s][info][gc,heap     ] GC(148) Survivor regions: 1->1(39)
[2026-03-23T17:28:31.401+0900][5.079s][info][gc,heap     ] GC(148) Old regions: 4->4
[2026-03-23T17:28:31.401+0900][5.079s][info][gc,heap     ] GC(148) Humongous regions: 150->147
[2026-03-23T17:28:31.401+0900][5.079s][info][gc,metaspace] GC(148) Metaspace: 243K(448K)->243K(448K) NonClass: 228K(320K)->228K(320K) Class: 14K(128K)->14K(128K)
[2026-03-23T17:28:31.401+0900][5.079s][info][gc          ] GC(148) Pause Young (Concurrent Start) (G1 Humongous Allocation) 152M->148M(512M) 0.615ms
[2026-03-23T17:28:31.401+0900][5.079s][info][gc,cpu      ] GC(148) User=0.01s Sys=0.00s Real=0.00s
[2026-03-23T17:28:31.401+0900][5.079s][info][gc          ] GC(149) Concurrent Undo Cycle
[2026-03-23T17:28:31.401+0900][5.079s][info][gc,marking  ] GC(149) Concurrent Clear Claimed Marks
[2026-03-23T17:28:31.401+0900][5.079s][info][gc,marking  ] GC(149) Concurrent Clear Claimed Marks 0.007ms
[2026-03-23T17:28:31.401+0900][5.079s][info][gc,marking  ] GC(149) Concurrent Cleanup for Next Mark
[2026-03-23T17:28:31.401+0900][5.079s][info][gc,marking  ] GC(149) Concurrent Cleanup for Next Mark 0.047ms
[2026-03-23T17:28:31.401+0900][5.079s][info][gc          ] GC(149) Concurrent Undo Cycle 0.111ms
[2026-03-23T17:28:31.407+0900][5.085s][info][gc,start    ] GC(150) Pause Young (Concurrent Start) (G1 Humongous Allocation)
[2026-03-23T17:28:31.407+0900][5.085s][info][gc,task     ] GC(150) Using 11 workers of 11 for evacuation
[2026-03-23T17:28:31.408+0900][5.085s][info][gc,phases   ] GC(150)   Pre Evacuate Collection Set: 0.14ms
[2026-03-23T17:28:31.408+0900][5.085s][info][gc,phases   ] GC(150)   Merge Heap Roots: 0.02ms
[2026-03-23T17:28:31.408+0900][5.085s][info][gc,phases   ] GC(150)   Evacuate Collection Set: 0.10ms
[2026-03-23T17:28:31.408+0900][5.085s][info][gc,phases   ] GC(150)   Post Evacuate Collection Set: 0.08ms
[2026-03-23T17:28:31.408+0900][5.085s][info][gc,phases   ] GC(150)   Other: 0.02ms
[2026-03-23T17:28:31.408+0900][5.085s][info][gc,heap     ] GC(150) Eden regions: 1->0(306)
[2026-03-23T17:28:31.408+0900][5.085s][info][gc,heap     ] GC(150) Survivor regions: 1->1(39)
[2026-03-23T17:28:31.408+0900][5.085s][info][gc,heap     ] GC(150) Old regions: 4->4
[2026-03-23T17:28:31.408+0900][5.085s][info][gc,heap     ] GC(150) Humongous regions: 150->147
[2026-03-23T17:28:31.408+0900][5.085s][info][gc,metaspace] GC(150) Metaspace: 243K(448K)->243K(448K) NonClass: 228K(320K)->228K(320K) Class: 14K(128K)->14K(128K)
[2026-03-23T17:28:31.408+0900][5.085s][info][gc          ] GC(150) Pause Young (Concurrent Start) (G1 Humongous Allocation) 152M->148M(512M) 0.464ms
[2026-03-23T17:28:31.408+0900][5.085s][info][gc,cpu      ] GC(150) User=0.00s Sys=0.00s Real=0.00s
[2026-03-23T17:28:31.408+0900][5.085s][info][gc          ] GC(151) Concurrent Undo Cycle
[2026-03-23T17:28:31.408+0900][5.086s][info][gc,marking  ] GC(151) Concurrent Clear Claimed Marks
[2026-03-23T17:28:31.408+0900][5.086s][info][gc,marking  ] GC(151) Concurrent Clear Claimed Marks 0.007ms
[2026-03-23T17:28:31.408+0900][5.086s][info][gc,marking  ] GC(151) Concurrent Cleanup for Next Mark
[2026-03-23T17:28:31.408+0900][5.086s][info][gc,marking  ] GC(151) Concurrent Cleanup for Next Mark 0.023ms
[2026-03-23T17:28:31.408+0900][5.086s][info][gc          ] GC(151) Concurrent Undo Cycle 0.066ms
[2026-03-23T17:28:31.414+0900][5.092s][info][gc,start    ] GC(152) Pause Young (Concurrent Start) (G1 Humongous Allocation)
[2026-03-23T17:28:31.414+0900][5.092s][info][gc,task     ] GC(152) Using 11 workers of 11 for evacuation
[2026-03-23T17:28:31.415+0900][5.092s][info][gc,phases   ] GC(152)   Pre Evacuate Collection Set: 0.12ms
[2026-03-23T17:28:31.415+0900][5.092s][info][gc,phases   ] GC(152)   Merge Heap Roots: 0.03ms
[2026-03-23T17:28:31.415+0900][5.092s][info][gc,phases   ] GC(152)   Evacuate Collection Set: 0.09ms
[2026-03-23T17:28:31.415+0900][5.092s][info][gc,phases   ] GC(152)   Post Evacuate Collection Set: 0.08ms
[2026-03-23T17:28:31.415+0900][5.092s][info][gc,phases   ] GC(152)   Other: 0.03ms
[2026-03-23T17:28:31.415+0900][5.092s][info][gc,heap     ] GC(152) Eden regions: 1->0(306)
[2026-03-23T17:28:31.415+0900][5.092s][info][gc,heap     ] GC(152) Survivor regions: 1->1(39)
[2026-03-23T17:28:31.415+0900][5.092s][info][gc,heap     ] GC(152) Old regions: 4->4
[2026-03-23T17:28:31.415+0900][5.092s][info][gc,heap     ] GC(152) Humongous regions: 150->147
[2026-03-23T17:28:31.415+0900][5.092s][info][gc,metaspace] GC(152) Metaspace: 243K(448K)->243K(448K) NonClass: 228K(320K)->228K(320K) Class: 14K(128K)->14K(128K)
[2026-03-23T17:28:31.415+0900][5.092s][info][gc          ] GC(152) Pause Young (Concurrent Start) (G1 Humongous Allocation) 152M->148M(512M) 0.465ms
[2026-03-23T17:28:31.415+0900][5.092s][info][gc,cpu      ] GC(152) User=0.00s Sys=0.00s Real=0.00s
[2026-03-23T17:28:31.415+0900][5.092s][info][gc          ] GC(153) Concurrent Undo Cycle
[2026-03-23T17:28:31.415+0900][5.092s][info][gc,marking  ] GC(153) Concurrent Clear Claimed Marks
[2026-03-23T17:28:31.415+0900][5.092s][info][gc,marking  ] GC(153) Concurrent Clear Claimed Marks 0.006ms
[2026-03-23T17:28:31.415+0900][5.092s][info][gc,marking  ] GC(153) Concurrent Cleanup for Next Mark
[2026-03-23T17:28:31.415+0900][5.092s][info][gc,marking  ] GC(153) Concurrent Cleanup for Next Mark 0.023ms
[2026-03-23T17:28:31.415+0900][5.092s][info][gc          ] GC(153) Concurrent Undo Cycle 0.061ms
[2026-03-23T17:28:31.421+0900][5.099s][info][gc,start    ] GC(154) Pause Young (Concurrent Start) (G1 Humongous Allocation)
[2026-03-23T17:28:31.421+0900][5.099s][info][gc,task     ] GC(154) Using 11 workers of 11 for evacuation
[2026-03-23T17:28:31.421+0900][5.099s][info][gc,phases   ] GC(154)   Pre Evacuate Collection Set: 0.16ms
[2026-03-23T17:28:31.421+0900][5.099s][info][gc,phases   ] GC(154)   Merge Heap Roots: 0.02ms
[2026-03-23T17:28:31.421+0900][5.099s][info][gc,phases   ] GC(154)   Evacuate Collection Set: 0.07ms
[2026-03-23T17:28:31.421+0900][5.099s][info][gc,phases   ] GC(154)   Post Evacuate Collection Set: 0.08ms
[2026-03-23T17:28:31.421+0900][5.099s][info][gc,phases   ] GC(154)   Other: 0.02ms
[2026-03-23T17:28:31.421+0900][5.099s][info][gc,heap     ] GC(154) Eden regions: 1->0(306)
[2026-03-23T17:28:31.421+0900][5.099s][info][gc,heap     ] GC(154) Survivor regions: 1->1(39)
[2026-03-23T17:28:31.421+0900][5.099s][info][gc,heap     ] GC(154) Old regions: 4->4
[2026-03-23T17:28:31.421+0900][5.099s][info][gc,heap     ] GC(154) Humongous regions: 150->147
[2026-03-23T17:28:31.421+0900][5.099s][info][gc,metaspace] GC(154) Metaspace: 243K(448K)->243K(448K) NonClass: 228K(320K)->228K(320K) Class: 14K(128K)->14K(128K)
[2026-03-23T17:28:31.421+0900][5.099s][info][gc          ] GC(154) Pause Young (Concurrent Start) (G1 Humongous Allocation) 152M->148M(512M) 0.431ms
[2026-03-23T17:28:31.421+0900][5.099s][info][gc,cpu      ] GC(154) User=0.00s Sys=0.01s Real=0.00s
[2026-03-23T17:28:31.421+0900][5.099s][info][gc          ] GC(155) Concurrent Undo Cycle
[2026-03-23T17:28:31.421+0900][5.099s][info][gc,marking  ] GC(155) Concurrent Clear Claimed Marks
[2026-03-23T17:28:31.421+0900][5.099s][info][gc,marking  ] GC(155) Concurrent Clear Claimed Marks 0.005ms
[2026-03-23T17:28:31.421+0900][5.099s][info][gc,marking  ] GC(155) Concurrent Cleanup for Next Mark
[2026-03-23T17:28:31.421+0900][5.099s][info][gc,marking  ] GC(155) Concurrent Cleanup for Next Mark 0.019ms
[2026-03-23T17:28:31.421+0900][5.099s][info][gc          ] GC(155) Concurrent Undo Cycle 0.048ms
[2026-03-23T17:28:31.428+0900][5.106s][info][gc,start    ] GC(156) Pause Young (Concurrent Start) (G1 Humongous Allocation)
[2026-03-23T17:28:31.428+0900][5.106s][info][gc,task     ] GC(156) Using 11 workers of 11 for evacuation
[2026-03-23T17:28:31.428+0900][5.106s][info][gc,phases   ] GC(156)   Pre Evacuate Collection Set: 0.16ms
[2026-03-23T17:28:31.428+0900][5.106s][info][gc,phases   ] GC(156)   Merge Heap Roots: 0.07ms
[2026-03-23T17:28:31.428+0900][5.106s][info][gc,phases   ] GC(156)   Evacuate Collection Set: 0.14ms
[2026-03-23T17:28:31.428+0900][5.106s][info][gc,phases   ] GC(156)   Post Evacuate Collection Set: 0.11ms
[2026-03-23T17:28:31.428+0900][5.106s][info][gc,phases   ] GC(156)   Other: 0.05ms
[2026-03-23T17:28:31.428+0900][5.106s][info][gc,heap     ] GC(156) Eden regions: 1->0(306)
[2026-03-23T17:28:31.428+0900][5.106s][info][gc,heap     ] GC(156) Survivor regions: 1->1(39)
[2026-03-23T17:28:31.428+0900][5.106s][info][gc,heap     ] GC(156) Old regions: 4->4
[2026-03-23T17:28:31.428+0900][5.106s][info][gc,heap     ] GC(156) Humongous regions: 150->147
[2026-03-23T17:28:31.428+0900][5.106s][info][gc,metaspace] GC(156) Metaspace: 243K(448K)->243K(448K) NonClass: 228K(320K)->228K(320K) Class: 14K(128K)->14K(128K)
[2026-03-23T17:28:31.429+0900][5.106s][info][gc          ] GC(156) Pause Young (Concurrent Start) (G1 Humongous Allocation) 152M->148M(512M) 0.695ms
[2026-03-23T17:28:31.429+0900][5.106s][info][gc,cpu      ] GC(156) User=0.00s Sys=0.00s Real=0.00s
[2026-03-23T17:28:31.429+0900][5.106s][info][gc          ] GC(157) Concurrent Undo Cycle
[2026-03-23T17:28:31.429+0900][5.106s][info][gc,marking  ] GC(157) Concurrent Clear Claimed Marks
[2026-03-23T17:28:31.429+0900][5.106s][info][gc,marking  ] GC(157) Concurrent Clear Claimed Marks 0.007ms
[2026-03-23T17:28:31.429+0900][5.106s][info][gc,marking  ] GC(157) Concurrent Cleanup for Next Mark
[2026-03-23T17:28:31.429+0900][5.106s][info][gc,marking  ] GC(157) Concurrent Cleanup for Next Mark 0.034ms
[2026-03-23T17:28:31.429+0900][5.106s][info][gc          ] GC(157) Concurrent Undo Cycle 0.088ms
[2026-03-23T17:28:31.434+0900][5.111s][info][gc,start    ] GC(158) Pause Young (Concurrent Start) (G1 Humongous Allocation)
[2026-03-23T17:28:31.434+0900][5.111s][info][gc,task     ] GC(158) Using 11 workers of 11 for evacuation
[2026-03-23T17:28:31.434+0900][5.112s][info][gc,phases   ] GC(158)   Pre Evacuate Collection Set: 0.13ms
[2026-03-23T17:28:31.434+0900][5.112s][info][gc,phases   ] GC(158)   Merge Heap Roots: 0.03ms
[2026-03-23T17:28:31.434+0900][5.112s][info][gc,phases   ] GC(158)   Evacuate Collection Set: 0.10ms
[2026-03-23T17:28:31.434+0900][5.112s][info][gc,phases   ] GC(158)   Post Evacuate Collection Set: 0.10ms
[2026-03-23T17:28:31.434+0900][5.112s][info][gc,phases   ] GC(158)   Other: 0.03ms
[2026-03-23T17:28:31.434+0900][5.112s][info][gc,heap     ] GC(158) Eden regions: 1->0(306)
[2026-03-23T17:28:31.434+0900][5.112s][info][gc,heap     ] GC(158) Survivor regions: 1->1(39)
[2026-03-23T17:28:31.434+0900][5.112s][info][gc,heap     ] GC(158) Old regions: 4->4
[2026-03-23T17:28:31.434+0900][5.112s][info][gc,heap     ] GC(158) Humongous regions: 150->147
[2026-03-23T17:28:31.434+0900][5.112s][info][gc,metaspace] GC(158) Metaspace: 243K(448K)->243K(448K) NonClass: 228K(320K)->228K(320K) Class: 14K(128K)->14K(128K)
[2026-03-23T17:28:31.434+0900][5.112s][info][gc          ] GC(158) Pause Young (Concurrent Start) (G1 Humongous Allocation) 152M->148M(512M) 0.469ms
[2026-03-23T17:28:31.434+0900][5.112s][info][gc,cpu      ] GC(158) User=0.00s Sys=0.00s Real=0.00s
[2026-03-23T17:28:31.434+0900][5.112s][info][gc          ] GC(159) Concurrent Undo Cycle
[2026-03-23T17:28:31.434+0900][5.112s][info][gc,marking  ] GC(159) Concurrent Clear Claimed Marks
[2026-03-23T17:28:31.434+0900][5.112s][info][gc,marking  ] GC(159) Concurrent Clear Claimed Marks 0.007ms
[2026-03-23T17:28:31.434+0900][5.112s][info][gc,marking  ] GC(159) Concurrent Cleanup for Next Mark
[2026-03-23T17:28:31.434+0900][5.112s][info][gc,marking  ] GC(159) Concurrent Cleanup for Next Mark 0.024ms
[2026-03-23T17:28:31.434+0900][5.112s][info][gc          ] GC(159) Concurrent Undo Cycle 0.075ms
[2026-03-23T17:28:31.434+0900][5.112s][info][gc,start    ] GC(160) Pause Young (Concurrent Start) (G1 Humongous Allocation)
[2026-03-23T17:28:31.434+0900][5.112s][info][gc,task     ] GC(160) Using 11 workers of 11 for evacuation
[2026-03-23T17:28:31.435+0900][5.113s][info][gc,phases   ] GC(160)   Pre Evacuate Collection Set: 0.13ms
[2026-03-23T17:28:31.435+0900][5.113s][info][gc,phases   ] GC(160)   Merge Heap Roots: 0.03ms
[2026-03-23T17:28:31.435+0900][5.113s][info][gc,phases   ] GC(160)   Evacuate Collection Set: 0.14ms
[2026-03-23T17:28:31.435+0900][5.113s][info][gc,phases   ] GC(160)   Post Evacuate Collection Set: 0.19ms
[2026-03-23T17:28:31.435+0900][5.113s][info][gc,phases   ] GC(160)   Other: 0.03ms
[2026-03-23T17:28:31.435+0900][5.113s][info][gc,heap     ] GC(160) Eden regions: 1->0(306)
[2026-03-23T17:28:31.435+0900][5.113s][info][gc,heap     ] GC(160) Survivor regions: 1->1(39)
[2026-03-23T17:28:31.435+0900][5.113s][info][gc,heap     ] GC(160) Old regions: 4->4
[2026-03-23T17:28:31.435+0900][5.113s][info][gc,heap     ] GC(160) Humongous regions: 150->150
[2026-03-23T17:28:31.435+0900][5.113s][info][gc,metaspace] GC(160) Metaspace: 243K(448K)->243K(448K) NonClass: 228K(320K)->228K(320K) Class: 14K(128K)->14K(128K)
[2026-03-23T17:28:31.435+0900][5.113s][info][gc          ] GC(160) Pause Young (Concurrent Start) (G1 Humongous Allocation) 152M->151M(512M) 0.592ms
[2026-03-23T17:28:31.435+0900][5.113s][info][gc,cpu      ] GC(160) User=0.00s Sys=0.00s Real=0.00s
[2026-03-23T17:28:31.435+0900][5.113s][info][gc          ] GC(161) Concurrent Mark Cycle
[2026-03-23T17:28:31.435+0900][5.113s][info][gc,marking  ] GC(161) Concurrent Scan Root Regions
[2026-03-23T17:28:31.435+0900][5.113s][info][gc,marking  ] GC(161) Concurrent Scan Root Regions 0.022ms
[2026-03-23T17:28:31.435+0900][5.113s][info][gc,marking  ] GC(161) Concurrent Mark
[2026-03-23T17:28:31.435+0900][5.113s][info][gc,marking  ] GC(161) Concurrent Mark From Roots
[2026-03-23T17:28:31.435+0900][5.113s][info][gc,task     ] GC(161) Using 3 workers of 3 for marking
[2026-03-23T17:28:31.436+0900][5.114s][info][gc,marking  ] GC(161) Concurrent Mark From Roots 1.019ms
[2026-03-23T17:28:31.436+0900][5.114s][info][gc,marking  ] GC(161) Concurrent Preclean
[2026-03-23T17:28:31.436+0900][5.114s][info][gc,marking  ] GC(161) Concurrent Preclean 0.009ms
[2026-03-23T17:28:31.436+0900][5.114s][info][gc,start    ] GC(161) Pause Remark
[2026-03-23T17:28:31.436+0900][5.114s][info][gc          ] GC(161) Pause Remark 155M->152M(512M) 0.395ms
[2026-03-23T17:28:31.436+0900][5.114s][info][gc,cpu      ] GC(161) User=0.00s Sys=0.00s Real=0.00s
[2026-03-23T17:28:31.436+0900][5.114s][info][gc,marking  ] GC(161) Concurrent Mark 1.492ms
[2026-03-23T17:28:31.436+0900][5.114s][info][gc,marking  ] GC(161) Concurrent Rebuild Remembered Sets and Scrub Regions
[2026-03-23T17:28:31.437+0900][5.115s][info][gc,marking  ] GC(161) Concurrent Rebuild Remembered Sets and Scrub Regions 0.490ms
[2026-03-23T17:28:31.437+0900][5.115s][info][gc,start    ] GC(161) Pause Cleanup
[2026-03-23T17:28:31.437+0900][5.115s][info][gc          ] GC(161) Pause Cleanup 152M->152M(512M) 0.076ms
[2026-03-23T17:28:31.437+0900][5.115s][info][gc,cpu      ] GC(161) User=0.00s Sys=0.00s Real=0.00s
[2026-03-23T17:28:31.437+0900][5.115s][info][gc,marking  ] GC(161) Concurrent Clear Claimed Marks
[2026-03-23T17:28:31.437+0900][5.115s][info][gc,marking  ] GC(161) Concurrent Clear Claimed Marks 0.009ms
[2026-03-23T17:28:31.437+0900][5.115s][info][gc,marking  ] GC(161) Concurrent Cleanup for Next Mark
[2026-03-23T17:28:31.437+0900][5.115s][info][gc,marking  ] GC(161) Concurrent Cleanup for Next Mark 0.192ms
[2026-03-23T17:28:31.437+0900][5.115s][info][gc          ] GC(161) Concurrent Mark Cycle 2.388ms
[2026-03-23T17:28:32.098+0900][5.776s][info][gc,start    ] GC(162) Pause Young (Prepare Mixed) (G1 Humongous Allocation)
[2026-03-23T17:28:32.098+0900][5.776s][info][gc,task     ] GC(162) Using 11 workers of 11 for evacuation
[2026-03-23T17:28:32.099+0900][5.777s][info][gc,phases   ] GC(162)   Pre Evacuate Collection Set: 0.20ms
[2026-03-23T17:28:32.099+0900][5.777s][info][gc,phases   ] GC(162)   Merge Heap Roots: 0.11ms
[2026-03-23T17:28:32.099+0900][5.777s][info][gc,phases   ] GC(162)   Evacuate Collection Set: 0.20ms
[2026-03-23T17:28:32.099+0900][5.777s][info][gc,phases   ] GC(162)   Post Evacuate Collection Set: 0.23ms
[2026-03-23T17:28:32.099+0900][5.777s][info][gc,phases   ] GC(162)   Other: 0.04ms
[2026-03-23T17:28:32.099+0900][5.777s][info][gc,heap     ] GC(162) Eden regions: 1->0(306)
[2026-03-23T17:28:32.099+0900][5.777s][info][gc,heap     ] GC(162) Survivor regions: 1->1(1)
[2026-03-23T17:28:32.099+0900][5.777s][info][gc,heap     ] GC(162) Old regions: 4->4
[2026-03-23T17:28:32.099+0900][5.777s][info][gc,heap     ] GC(162) Humongous regions: 505->172
[2026-03-23T17:28:32.099+0900][5.777s][info][gc,metaspace] GC(162) Metaspace: 243K(448K)->243K(448K) NonClass: 228K(320K)->228K(320K) Class: 14K(128K)->14K(128K)
[2026-03-23T17:28:32.099+0900][5.777s][info][gc          ] GC(162) Pause Young (Prepare Mixed) (G1 Humongous Allocation) 507M->173M(512M) 1.037ms
[2026-03-23T17:28:32.099+0900][5.777s][info][gc,cpu      ] GC(162) User=0.00s Sys=0.00s Real=0.00s
[2026-03-23T17:28:32.724+0900][6.402s][info][gc,start    ] GC(163) Pause Young (Mixed) (G1 Humongous Allocation)
[2026-03-23T17:28:32.724+0900][6.402s][info][gc,task     ] GC(163) Using 11 workers of 11 for evacuation
[2026-03-23T17:28:32.724+0900][6.402s][info][gc,phases   ] GC(163)   Pre Evacuate Collection Set: 0.14ms
[2026-03-23T17:28:32.724+0900][6.402s][info][gc,phases   ] GC(163)   Merge Heap Roots: 0.03ms
[2026-03-23T17:28:32.724+0900][6.402s][info][gc,phases   ] GC(163)   Evacuate Collection Set: 0.11ms
[2026-03-23T17:28:32.724+0900][6.402s][info][gc,phases   ] GC(163)   Post Evacuate Collection Set: 0.15ms
[2026-03-23T17:28:32.724+0900][6.402s][info][gc,phases   ] GC(163)   Other: 0.04ms
[2026-03-23T17:28:32.724+0900][6.402s][info][gc,heap     ] GC(163) Eden regions: 1->0(280)
[2026-03-23T17:28:32.724+0900][6.402s][info][gc,heap     ] GC(163) Survivor regions: 1->1(1)
[2026-03-23T17:28:32.724+0900][6.402s][info][gc,heap     ] GC(163) Old regions: 4->3
[2026-03-23T17:28:32.724+0900][6.402s][info][gc,heap     ] GC(163) Humongous regions: 505->201
[2026-03-23T17:28:32.724+0900][6.402s][info][gc,metaspace] GC(163) Metaspace: 243K(448K)->243K(448K) NonClass: 228K(320K)->228K(320K) Class: 14K(128K)->14K(128K)
[2026-03-23T17:28:32.724+0900][6.402s][info][gc          ] GC(163) Pause Young (Mixed) (G1 Humongous Allocation) 507M->202M(512M) 0.653ms
[2026-03-23T17:28:32.725+0900][6.402s][info][gc,cpu      ] GC(163) User=0.01s Sys=0.00s Real=0.00s
[2026-03-23T17:28:32.731+0900][6.409s][info][gc,start    ] GC(164) Pause Young (Concurrent Start) (G1 Humongous Allocation)
[2026-03-23T17:28:32.731+0900][6.409s][info][gc,task     ] GC(164) Using 11 workers of 11 for evacuation
[2026-03-23T17:28:32.731+0900][6.409s][info][gc,phases   ] GC(164)   Pre Evacuate Collection Set: 0.16ms
[2026-03-23T17:28:32.731+0900][6.409s][info][gc,phases   ] GC(164)   Merge Heap Roots: 0.03ms
[2026-03-23T17:28:32.731+0900][6.409s][info][gc,phases   ] GC(164)   Evacuate Collection Set: 0.12ms
[2026-03-23T17:28:32.731+0900][6.409s][info][gc,phases   ] GC(164)   Post Evacuate Collection Set: 0.12ms
[2026-03-23T17:28:32.731+0900][6.409s][info][gc,phases   ] GC(164)   Other: 0.05ms
[2026-03-23T17:28:32.731+0900][6.409s][info][gc,heap     ] GC(164) Eden regions: 1->0(281)
[2026-03-23T17:28:32.731+0900][6.409s][info][gc,heap     ] GC(164) Survivor regions: 1->1(36)
[2026-03-23T17:28:32.731+0900][6.409s][info][gc,heap     ] GC(164) Old regions: 3->3
[2026-03-23T17:28:32.731+0900][6.409s][info][gc,heap     ] GC(164) Humongous regions: 203->200
[2026-03-23T17:28:32.731+0900][6.409s][info][gc,metaspace] GC(164) Metaspace: 243K(448K)->243K(448K) NonClass: 228K(320K)->228K(320K) Class: 14K(128K)->14K(128K)
[2026-03-23T17:28:32.731+0900][6.409s][info][gc          ] GC(164) Pause Young (Concurrent Start) (G1 Humongous Allocation) 205M->201M(512M) 0.599ms
[2026-03-23T17:28:32.731+0900][6.409s][info][gc,cpu      ] GC(164) User=0.00s Sys=0.00s Real=0.00s
[2026-03-23T17:28:32.731+0900][6.409s][info][gc          ] GC(165) Concurrent Mark Cycle
[2026-03-23T17:28:32.732+0900][6.409s][info][gc,marking  ] GC(165) Concurrent Scan Root Regions
[2026-03-23T17:28:32.732+0900][6.409s][info][gc,marking  ] GC(165) Concurrent Scan Root Regions 0.035ms
[2026-03-23T17:28:32.732+0900][6.409s][info][gc,marking  ] GC(165) Concurrent Mark
[2026-03-23T17:28:32.732+0900][6.409s][info][gc,marking  ] GC(165) Concurrent Mark From Roots
[2026-03-23T17:28:32.732+0900][6.409s][info][gc,task     ] GC(165) Using 3 workers of 3 for marking
[2026-03-23T17:28:32.732+0900][6.410s][info][gc,marking  ] GC(165) Concurrent Mark From Roots 0.894ms
[2026-03-23T17:28:32.732+0900][6.410s][info][gc,marking  ] GC(165) Concurrent Preclean
[2026-03-23T17:28:32.732+0900][6.410s][info][gc,marking  ] GC(165) Concurrent Preclean 0.008ms
[2026-03-23T17:28:32.732+0900][6.410s][info][gc,start    ] GC(165) Pause Remark
[2026-03-23T17:28:32.733+0900][6.411s][info][gc          ] GC(165) Pause Remark 205M->76M(260M) 0.309ms
[2026-03-23T17:28:32.733+0900][6.411s][info][gc,cpu      ] GC(165) User=0.00s Sys=0.00s Real=0.00s
[2026-03-23T17:28:32.733+0900][6.411s][info][gc,marking  ] GC(165) Concurrent Mark 1.283ms
[2026-03-23T17:28:32.733+0900][6.411s][info][gc,marking  ] GC(165) Concurrent Rebuild Remembered Sets and Scrub Regions
[2026-03-23T17:28:32.733+0900][6.411s][info][gc,marking  ] GC(165) Concurrent Rebuild Remembered Sets and Scrub Regions 0.346ms
[2026-03-23T17:28:32.733+0900][6.411s][info][gc,start    ] GC(165) Pause Cleanup
[2026-03-23T17:28:32.733+0900][6.411s][info][gc          ] GC(165) Pause Cleanup 76M->76M(260M) 0.053ms
[2026-03-23T17:28:32.733+0900][6.411s][info][gc,cpu      ] GC(165) User=0.00s Sys=0.00s Real=0.00s
[2026-03-23T17:28:32.733+0900][6.411s][info][gc,marking  ] GC(165) Concurrent Clear Claimed Marks
[2026-03-23T17:28:32.733+0900][6.411s][info][gc,marking  ] GC(165) Concurrent Clear Claimed Marks 0.011ms
[2026-03-23T17:28:32.733+0900][6.411s][info][gc,marking  ] GC(165) Concurrent Cleanup for Next Mark
[2026-03-23T17:28:32.733+0900][6.411s][info][gc,marking  ] GC(165) Concurrent Cleanup for Next Mark 0.091ms
[2026-03-23T17:28:32.733+0900][6.411s][info][gc          ] GC(165) Concurrent Mark Cycle 1.943ms
[2026-03-23T17:28:33.565+0900][7.243s][info][gc,start    ] GC(166) Pause Young (Prepare Mixed) (G1 Humongous Allocation)
[2026-03-23T17:28:33.566+0900][7.243s][info][gc,task     ] GC(166) Using 11 workers of 11 for evacuation
[2026-03-23T17:28:33.567+0900][7.244s][info][gc,phases   ] GC(166)   Pre Evacuate Collection Set: 0.20ms
[2026-03-23T17:28:33.567+0900][7.244s][info][gc,phases   ] GC(166)   Merge Heap Roots: 0.04ms
[2026-03-23T17:28:33.567+0900][7.244s][info][gc,phases   ] GC(166)   Evacuate Collection Set: 0.12ms
[2026-03-23T17:28:33.567+0900][7.244s][info][gc,phases   ] GC(166)   Post Evacuate Collection Set: 0.49ms
[2026-03-23T17:28:33.567+0900][7.244s][info][gc,phases   ] GC(166)   Other: 0.13ms
[2026-03-23T17:28:33.567+0900][7.244s][info][gc,heap     ] GC(166) Eden regions: 1->0(307)
[2026-03-23T17:28:33.567+0900][7.244s][info][gc,heap     ] GC(166) Survivor regions: 1->0(0)
[2026-03-23T17:28:33.567+0900][7.244s][info][gc,heap     ] GC(166) Old regions: 2->4
[2026-03-23T17:28:33.567+0900][7.245s][info][gc,heap     ] GC(166) Humongous regions: 508->121
[2026-03-23T17:28:33.567+0900][7.245s][info][gc,metaspace] GC(166) Metaspace: 243K(448K)->243K(448K) NonClass: 228K(320K)->228K(320K) Class: 14K(128K)->14K(128K)
[2026-03-23T17:28:33.567+0900][7.245s][info][gc          ] GC(166) Pause Young (Prepare Mixed) (G1 Humongous Allocation) (Evacuation Failure) 509M->122M(512M) 1.333ms
[2026-03-23T17:28:33.567+0900][7.245s][info][gc,cpu      ] GC(166) User=0.01s Sys=0.00s Real=0.00s
[2026-03-23T17:28:34.297+0900][7.975s][info][gc,start    ] GC(167) Pause Young (Mixed) (G1 Humongous Allocation)
[2026-03-23T17:28:34.298+0900][7.975s][info][gc,task     ] GC(167) Using 11 workers of 11 for evacuation
[2026-03-23T17:28:34.298+0900][7.976s][info][gc,phases   ] GC(167)   Pre Evacuate Collection Set: 0.20ms
[2026-03-23T17:28:34.298+0900][7.976s][info][gc,phases   ] GC(167)   Merge Heap Roots: 0.07ms
[2026-03-23T17:28:34.298+0900][7.976s][info][gc,phases   ] GC(167)   Evacuate Collection Set: 0.25ms
[2026-03-23T17:28:34.298+0900][7.976s][info][gc,phases   ] GC(167)   Post Evacuate Collection Set: 0.30ms
[2026-03-23T17:28:34.298+0900][7.976s][info][gc,phases   ] GC(167)   Other: 0.05ms
[2026-03-23T17:28:34.298+0900][7.976s][info][gc,heap     ] GC(167) Eden regions: 1->0(306)
[2026-03-23T17:28:34.299+0900][7.976s][info][gc,heap     ] GC(167) Survivor regions: 0->1(2)
[2026-03-23T17:28:34.299+0900][7.976s][info][gc,heap     ] GC(167) Old regions: 4->4
[2026-03-23T17:28:34.299+0900][7.976s][info][gc,heap     ] GC(167) Humongous regions: 505->136
[2026-03-23T17:28:34.299+0900][7.976s][info][gc,metaspace] GC(167) Metaspace: 243K(448K)->243K(448K) NonClass: 228K(320K)->228K(320K) Class: 14K(128K)->14K(128K)
[2026-03-23T17:28:34.299+0900][7.976s][info][gc          ] GC(167) Pause Young (Mixed) (G1 Humongous Allocation) 507M->137M(512M) 1.062ms
[2026-03-23T17:28:34.299+0900][7.976s][info][gc,cpu      ] GC(167) User=0.00s Sys=0.00s Real=0.00s
[2026-03-23T17:28:34.305+0900][7.983s][info][gc,start    ] GC(168) Pause Young (Concurrent Start) (G1 Humongous Allocation)
[2026-03-23T17:28:34.305+0900][7.983s][info][gc,task     ] GC(168) Using 11 workers of 11 for evacuation
[2026-03-23T17:28:34.305+0900][7.983s][info][gc,phases   ] GC(168)   Pre Evacuate Collection Set: 0.13ms
[2026-03-23T17:28:34.305+0900][7.983s][info][gc,phases   ] GC(168)   Merge Heap Roots: 0.03ms
[2026-03-23T17:28:34.305+0900][7.983s][info][gc,phases   ] GC(168)   Evacuate Collection Set: 0.12ms
[2026-03-23T17:28:34.305+0900][7.983s][info][gc,phases   ] GC(168)   Post Evacuate Collection Set: 0.08ms
[2026-03-23T17:28:34.305+0900][7.983s][info][gc,phases   ] GC(168)   Other: 0.04ms
[2026-03-23T17:28:34.305+0900][7.983s][info][gc,heap     ] GC(168) Eden regions: 1->0(306)
[2026-03-23T17:28:34.305+0900][7.983s][info][gc,heap     ] GC(168) Survivor regions: 1->1(39)
[2026-03-23T17:28:34.305+0900][7.983s][info][gc,heap     ] GC(168) Old regions: 4->4
[2026-03-23T17:28:34.305+0900][7.983s][info][gc,heap     ] GC(168) Humongous regions: 138->135
[2026-03-23T17:28:34.305+0900][7.983s][info][gc,metaspace] GC(168) Metaspace: 243K(448K)->243K(448K) NonClass: 228K(320K)->228K(320K) Class: 14K(128K)->14K(128K)
[2026-03-23T17:28:34.305+0900][7.983s][info][gc          ] GC(168) Pause Young (Concurrent Start) (G1 Humongous Allocation) 140M->136M(512M) 0.506ms
[2026-03-23T17:28:34.305+0900][7.983s][info][gc,cpu      ] GC(168) User=0.00s Sys=0.00s Real=0.00s
[2026-03-23T17:28:34.305+0900][7.983s][info][gc          ] GC(169) Concurrent Mark Cycle
[2026-03-23T17:28:34.305+0900][7.983s][info][gc,marking  ] GC(169) Concurrent Scan Root Regions
[2026-03-23T17:28:34.305+0900][7.983s][info][gc,marking  ] GC(169) Concurrent Scan Root Regions 0.025ms
[2026-03-23T17:28:34.305+0900][7.983s][info][gc,marking  ] GC(169) Concurrent Mark
[2026-03-23T17:28:34.305+0900][7.983s][info][gc,marking  ] GC(169) Concurrent Mark From Roots
[2026-03-23T17:28:34.305+0900][7.983s][info][gc,task     ] GC(169) Using 3 workers of 3 for marking
[2026-03-23T17:28:34.306+0900][7.984s][info][gc,marking  ] GC(169) Concurrent Mark From Roots 0.887ms
[2026-03-23T17:28:34.306+0900][7.984s][info][gc,marking  ] GC(169) Concurrent Preclean
[2026-03-23T17:28:34.306+0900][7.984s][info][gc,marking  ] GC(169) Concurrent Preclean 0.007ms
[2026-03-23T17:28:34.306+0900][7.984s][info][gc,start    ] GC(169) Pause Remark
[2026-03-23T17:28:34.307+0900][7.985s][info][gc          ] GC(169) Pause Remark 140M->21M(256M) 0.425ms
[2026-03-23T17:28:34.307+0900][7.985s][info][gc,cpu      ] GC(169) User=0.00s Sys=0.00s Real=0.00s
[2026-03-23T17:28:34.307+0900][7.985s][info][gc,marking  ] GC(169) Concurrent Mark 1.365ms
[2026-03-23T17:28:34.307+0900][7.985s][info][gc,marking  ] GC(169) Concurrent Rebuild Remembered Sets and Scrub Regions
[2026-03-23T17:28:34.307+0900][7.985s][info][gc,marking  ] GC(169) Concurrent Rebuild Remembered Sets and Scrub Regions 0.286ms
[2026-03-23T17:28:34.307+0900][7.985s][info][gc,start    ] GC(169) Pause Cleanup
[2026-03-23T17:28:34.307+0900][7.985s][info][gc          ] GC(169) Pause Cleanup 21M->21M(256M) 0.036ms
[2026-03-23T17:28:34.307+0900][7.985s][info][gc,cpu      ] GC(169) User=0.00s Sys=0.00s Real=0.00s
[2026-03-23T17:28:34.307+0900][7.985s][info][gc,marking  ] GC(169) Concurrent Clear Claimed Marks
[2026-03-23T17:28:34.307+0900][7.985s][info][gc,marking  ] GC(169) Concurrent Clear Claimed Marks 0.005ms
[2026-03-23T17:28:34.307+0900][7.985s][info][gc,marking  ] GC(169) Concurrent Cleanup for Next Mark
[2026-03-23T17:28:34.307+0900][7.985s][info][gc,marking  ] GC(169) Concurrent Cleanup for Next Mark 0.100ms
[2026-03-23T17:28:34.307+0900][7.985s][info][gc          ] GC(169) Concurrent Mark Cycle 1.876ms
[2026-03-23T17:28:35.207+0900][8.885s][info][gc,start    ] GC(170) Pause Young (Prepare Mixed) (G1 Humongous Allocation)
[2026-03-23T17:28:35.207+0900][8.885s][info][gc,task     ] GC(170) Using 11 workers of 11 for evacuation
[2026-03-23T17:28:35.208+0900][8.886s][info][gc,phases   ] GC(170)   Pre Evacuate Collection Set: 0.14ms
[2026-03-23T17:28:35.208+0900][8.886s][info][gc,phases   ] GC(170)   Merge Heap Roots: 0.04ms
[2026-03-23T17:28:35.208+0900][8.886s][info][gc,phases   ] GC(170)   Evacuate Collection Set: 0.20ms
[2026-03-23T17:28:35.208+0900][8.886s][info][gc,phases   ] GC(170)   Post Evacuate Collection Set: 0.41ms
[2026-03-23T17:28:35.208+0900][8.886s][info][gc,phases   ] GC(170)   Other: 0.04ms
[2026-03-23T17:28:35.208+0900][8.886s][info][gc,heap     ] GC(170) Eden regions: 1->0(306)
[2026-03-23T17:28:35.208+0900][8.886s][info][gc,heap     ] GC(170) Survivor regions: 1->1(1)
[2026-03-23T17:28:35.208+0900][8.886s][info][gc,heap     ] GC(170) Old regions: 2->2
[2026-03-23T17:28:35.208+0900][8.886s][info][gc,heap     ] GC(170) Humongous regions: 507->70
[2026-03-23T17:28:35.208+0900][8.886s][info][gc,metaspace] GC(170) Metaspace: 243K(448K)->243K(448K) NonClass: 228K(320K)->228K(320K) Class: 14K(128K)->14K(128K)
[2026-03-23T17:28:35.208+0900][8.886s][info][gc          ] GC(170) Pause Young (Prepare Mixed) (G1 Humongous Allocation) 508M->71M(512M) 1.026ms
[2026-03-23T17:28:35.208+0900][8.886s][info][gc,cpu      ] GC(170) User=0.00s Sys=0.00s Real=0.00s
[2026-03-23T17:28:36.014+0900][9.691s][info][gc,start    ] GC(171) Pause Young (Mixed) (G1 Humongous Allocation)
[2026-03-23T17:28:36.014+0900][9.692s][info][gc,task     ] GC(171) Using 11 workers of 11 for evacuation
[2026-03-23T17:28:36.016+0900][9.694s][info][gc,phases   ] GC(171)   Pre Evacuate Collection Set: 0.22ms
[2026-03-23T17:28:36.016+0900][9.694s][info][gc,phases   ] GC(171)   Merge Heap Roots: 0.06ms
[2026-03-23T17:28:36.016+0900][9.694s][info][gc,phases   ] GC(171)   Evacuate Collection Set: 1.45ms
[2026-03-23T17:28:36.016+0900][9.694s][info][gc,phases   ] GC(171)   Post Evacuate Collection Set: 0.46ms
[2026-03-23T17:28:36.016+0900][9.694s][info][gc,phases   ] GC(171)   Other: 0.08ms
[2026-03-23T17:28:36.016+0900][9.694s][info][gc,heap     ] GC(171) Eden regions: 1->0(307)
[2026-03-23T17:28:36.016+0900][9.694s][info][gc,heap     ] GC(171) Survivor regions: 1->0(0)
[2026-03-23T17:28:36.016+0900][9.694s][info][gc,heap     ] GC(171) Old regions: 2->4
[2026-03-23T17:28:36.016+0900][9.694s][info][gc,heap     ] GC(171) Humongous regions: 508->118
[2026-03-23T17:28:36.016+0900][9.694s][info][gc,metaspace] GC(171) Metaspace: 243K(448K)->243K(448K) NonClass: 228K(320K)->228K(320K) Class: 14K(128K)->14K(128K)
[2026-03-23T17:28:36.016+0900][9.694s][info][gc          ] GC(171) Pause Young (Mixed) (G1 Humongous Allocation) (Evacuation Failure) 509M->119M(512M) 2.716ms
[2026-03-23T17:28:36.016+0900][9.694s][info][gc,cpu      ] GC(171) User=0.00s Sys=0.00s Real=0.00s
[2026-03-23T17:28:36.023+0900][9.700s][info][gc,start    ] GC(172) Pause Young (Concurrent Start) (G1 Humongous Allocation)
[2026-03-23T17:28:36.023+0900][9.701s][info][gc,task     ] GC(172) Using 11 workers of 11 for evacuation
[2026-03-23T17:28:36.024+0900][9.702s][info][gc,phases   ] GC(172)   Pre Evacuate Collection Set: 0.21ms
[2026-03-23T17:28:36.024+0900][9.702s][info][gc,phases   ] GC(172)   Merge Heap Roots: 0.05ms
[2026-03-23T17:28:36.025+0900][9.702s][info][gc,phases   ] GC(172)   Evacuate Collection Set: 0.27ms
[2026-03-23T17:28:36.025+0900][9.702s][info][gc,phases   ] GC(172)   Post Evacuate Collection Set: 0.24ms
[2026-03-23T17:28:36.025+0900][9.702s][info][gc,phases   ] GC(172)   Other: 0.25ms
[2026-03-23T17:28:36.025+0900][9.702s][info][gc,heap     ] GC(172) Eden regions: 1->0(306)
[2026-03-23T17:28:36.025+0900][9.702s][info][gc,heap     ] GC(172) Survivor regions: 0->1(39)
[2026-03-23T17:28:36.025+0900][9.702s][info][gc,heap     ] GC(172) Old regions: 4->4
[2026-03-23T17:28:36.025+0900][9.702s][info][gc,heap     ] GC(172) Humongous regions: 120->120
[2026-03-23T17:28:36.025+0900][9.702s][info][gc,metaspace] GC(172) Metaspace: 243K(448K)->243K(448K) NonClass: 228K(320K)->228K(320K) Class: 14K(128K)->14K(128K)
[2026-03-23T17:28:36.025+0900][9.702s][info][gc          ] GC(172) Pause Young (Concurrent Start) (G1 Humongous Allocation) 122M->121M(512M) 2.101ms
[2026-03-23T17:28:36.025+0900][9.702s][info][gc,cpu      ] GC(172) User=0.00s Sys=0.01s Real=0.00s
[2026-03-23T17:28:36.025+0900][9.702s][info][gc          ] GC(173) Concurrent Mark Cycle
[2026-03-23T17:28:36.025+0900][9.703s][info][gc,marking  ] GC(173) Concurrent Scan Root Regions
[2026-03-23T17:28:36.025+0900][9.703s][info][gc,marking  ] GC(173) Concurrent Scan Root Regions 0.075ms
[2026-03-23T17:28:36.025+0900][9.703s][info][gc,marking  ] GC(173) Concurrent Mark
[2026-03-23T17:28:36.025+0900][9.703s][info][gc,marking  ] GC(173) Concurrent Mark From Roots
[2026-03-23T17:28:36.025+0900][9.703s][info][gc,task     ] GC(173) Using 3 workers of 3 for marking
[2026-03-23T17:28:36.028+0900][9.706s][info][gc,marking  ] GC(173) Concurrent Mark From Roots 2.892ms
[2026-03-23T17:28:36.028+0900][9.706s][info][gc,marking  ] GC(173) Concurrent Preclean
[2026-03-23T17:28:36.028+0900][9.706s][info][gc,marking  ] GC(173) Concurrent Preclean 0.019ms
[2026-03-23T17:28:36.028+0900][9.706s][info][gc,start    ] GC(173) Pause Remark
[2026-03-23T17:28:36.028+0900][9.706s][info][gc          ] GC(173) Pause Remark 125M->124M(424M) 0.481ms
[2026-03-23T17:28:36.028+0900][9.706s][info][gc,cpu      ] GC(173) User=0.00s Sys=0.00s Real=0.00s
[2026-03-23T17:28:36.029+0900][9.706s][info][gc,marking  ] GC(173) Concurrent Mark 3.579ms
[2026-03-23T17:28:36.029+0900][9.706s][info][gc,marking  ] GC(173) Concurrent Rebuild Remembered Sets and Scrub Regions
[2026-03-23T17:28:36.029+0900][9.707s][info][gc,marking  ] GC(173) Concurrent Rebuild Remembered Sets and Scrub Regions 0.561ms
[2026-03-23T17:28:36.029+0900][9.707s][info][gc,start    ] GC(173) Pause Cleanup
[2026-03-23T17:28:36.029+0900][9.707s][info][gc          ] GC(173) Pause Cleanup 124M->124M(424M) 0.088ms
[2026-03-23T17:28:36.029+0900][9.707s][info][gc,cpu      ] GC(173) User=0.00s Sys=0.00s Real=0.00s
[2026-03-23T17:28:36.029+0900][9.707s][info][gc,marking  ] GC(173) Concurrent Clear Claimed Marks
[2026-03-23T17:28:36.029+0900][9.707s][info][gc,marking  ] GC(173) Concurrent Clear Claimed Marks 0.010ms
[2026-03-23T17:28:36.029+0900][9.707s][info][gc,marking  ] GC(173) Concurrent Cleanup for Next Mark
[2026-03-23T17:28:36.030+0900][9.707s][info][gc,marking  ] GC(173) Concurrent Cleanup for Next Mark 0.275ms
[2026-03-23T17:28:36.030+0900][9.707s][info][gc          ] GC(173) Concurrent Mark Cycle 4.870ms
[2026-03-23T17:28:36.759+0900][10.437s][info][gc,start    ] GC(174) Pause Young (Prepare Mixed) (G1 Humongous Allocation)
[2026-03-23T17:28:36.760+0900][10.437s][info][gc,task     ] GC(174) Using 11 workers of 11 for evacuation
[2026-03-23T17:28:36.761+0900][10.439s][info][gc,phases   ] GC(174)   Pre Evacuate Collection Set: 0.16ms
[2026-03-23T17:28:36.761+0900][10.439s][info][gc,phases   ] GC(174)   Merge Heap Roots: 0.07ms
[2026-03-23T17:28:36.761+0900][10.439s][info][gc,phases   ] GC(174)   Evacuate Collection Set: 0.19ms
[2026-03-23T17:28:36.761+0900][10.439s][info][gc,phases   ] GC(174)   Post Evacuate Collection Set: 0.70ms
[2026-03-23T17:28:36.761+0900][10.439s][info][gc,phases   ] GC(174)   Other: 0.12ms
[2026-03-23T17:28:36.761+0900][10.439s][info][gc,heap     ] GC(174) Eden regions: 1->0(307)
[2026-03-23T17:28:36.761+0900][10.439s][info][gc,heap     ] GC(174) Survivor regions: 1->0(0)
[2026-03-23T17:28:36.761+0900][10.439s][info][gc,heap     ] GC(174) Old regions: 4->5
[2026-03-23T17:28:36.761+0900][10.439s][info][gc,heap     ] GC(174) Humongous regions: 506->123
[2026-03-23T17:28:36.761+0900][10.439s][info][gc,metaspace] GC(174) Metaspace: 243K(448K)->243K(448K) NonClass: 228K(320K)->228K(320K) Class: 14K(128K)->14K(128K)
[2026-03-23T17:28:36.761+0900][10.439s][info][gc          ] GC(174) Pause Young (Prepare Mixed) (G1 Humongous Allocation) (Evacuation Failure) 508M->125M(512M) 1.778ms
[2026-03-23T17:28:36.761+0900][10.439s][info][gc,cpu      ] GC(174) User=0.00s Sys=0.00s Real=0.01s
[2026-03-23T17:28:37.479+0900][11.157s][info][gc,start    ] GC(175) Pause Young (Mixed) (G1 Humongous Allocation)
[2026-03-23T17:28:37.488+0900][11.166s][info][gc,task     ] GC(175) Using 11 workers of 11 for evacuation
[2026-03-23T17:28:37.489+0900][11.167s][info][gc,phases   ] GC(175)   Pre Evacuate Collection Set: 0.21ms
[2026-03-23T17:28:37.492+0900][11.170s][info][gc,phases   ] GC(175)   Merge Heap Roots: 0.07ms
[2026-03-23T17:28:37.492+0900][11.170s][info][gc,phases   ] GC(175)   Evacuate Collection Set: 0.21ms
[2026-03-23T17:28:37.492+0900][11.170s][info][gc,phases   ] GC(175)   Post Evacuate Collection Set: 0.46ms
[2026-03-23T17:28:37.492+0900][11.170s][info][gc,phases   ] GC(175)   Other: 0.09ms
[2026-03-23T17:28:37.492+0900][11.170s][info][gc,heap     ] GC(175) Eden regions: 1->0(306)
[2026-03-23T17:28:37.492+0900][11.170s][info][gc,heap     ] GC(175) Survivor regions: 0->1(1)
[2026-03-23T17:28:37.492+0900][11.170s][info][gc,heap     ] GC(175) Old regions: 5->4
[2026-03-23T17:28:37.492+0900][11.170s][info][gc,heap     ] GC(175) Humongous regions: 505->122
[2026-03-23T17:28:37.492+0900][11.170s][info][gc,metaspace] GC(175) Metaspace: 243K(448K)->243K(448K) NonClass: 228K(320K)->228K(320K) Class: 14K(128K)->14K(128K)
[2026-03-23T17:28:37.492+0900][11.170s][info][gc          ] GC(175) Pause Young (Mixed) (G1 Humongous Allocation) 507M->123M(512M) 13.209ms
[2026-03-23T17:28:37.492+0900][11.170s][info][gc,cpu      ] GC(175) User=0.00s Sys=0.00s Real=0.02s
[2026-03-23T17:28:37.498+0900][11.175s][info][gc,start    ] GC(176) Pause Young (Concurrent Start) (G1 Humongous Allocation)
[2026-03-23T17:28:37.498+0900][11.176s][info][gc,task     ] GC(176) Using 11 workers of 11 for evacuation
[2026-03-23T17:28:37.498+0900][11.176s][info][gc,phases   ] GC(176)   Pre Evacuate Collection Set: 0.15ms
[2026-03-23T17:28:37.498+0900][11.176s][info][gc,phases   ] GC(176)   Merge Heap Roots: 0.04ms
[2026-03-23T17:28:37.498+0900][11.176s][info][gc,phases   ] GC(176)   Evacuate Collection Set: 0.15ms
[2026-03-23T17:28:37.498+0900][11.176s][info][gc,phases   ] GC(176)   Post Evacuate Collection Set: 0.13ms
[2026-03-23T17:28:37.498+0900][11.176s][info][gc,phases   ] GC(176)   Other: 0.05ms
[2026-03-23T17:28:37.498+0900][11.176s][info][gc,heap     ] GC(176) Eden regions: 1->0(306)
[2026-03-23T17:28:37.498+0900][11.176s][info][gc,heap     ] GC(176) Survivor regions: 1->1(39)
[2026-03-23T17:28:37.498+0900][11.176s][info][gc,heap     ] GC(176) Old regions: 4->4
[2026-03-23T17:28:37.498+0900][11.176s][info][gc,heap     ] GC(176) Humongous regions: 124->121
[2026-03-23T17:28:37.498+0900][11.176s][info][gc,metaspace] GC(176) Metaspace: 243K(448K)->243K(448K) NonClass: 228K(320K)->228K(320K) Class: 14K(128K)->14K(128K)
[2026-03-23T17:28:37.498+0900][11.176s][info][gc          ] GC(176) Pause Young (Concurrent Start) (G1 Humongous Allocation) 126M->122M(512M) 0.701ms
[2026-03-23T17:28:37.498+0900][11.176s][info][gc,cpu      ] GC(176) User=0.00s Sys=0.00s Real=0.00s
[2026-03-23T17:28:37.498+0900][11.176s][info][gc          ] GC(177) Concurrent Mark Cycle
[2026-03-23T17:28:37.498+0900][11.176s][info][gc,marking  ] GC(177) Concurrent Scan Root Regions
[2026-03-23T17:28:37.499+0900][11.176s][info][gc,marking  ] GC(177) Concurrent Scan Root Regions 0.045ms
[2026-03-23T17:28:37.499+0900][11.176s][info][gc,marking  ] GC(177) Concurrent Mark
[2026-03-23T17:28:37.499+0900][11.176s][info][gc,marking  ] GC(177) Concurrent Mark From Roots
[2026-03-23T17:28:37.499+0900][11.176s][info][gc,task     ] GC(177) Using 3 workers of 3 for marking
[2026-03-23T17:28:37.500+0900][11.178s][info][gc,marking  ] GC(177) Concurrent Mark From Roots 1.246ms
[2026-03-23T17:28:37.500+0900][11.178s][info][gc,marking  ] GC(177) Concurrent Preclean
[2026-03-23T17:28:37.500+0900][11.178s][info][gc,marking  ] GC(177) Concurrent Preclean 0.015ms
[2026-03-23T17:28:37.500+0900][11.178s][info][gc,start    ] GC(177) Pause Remark
[2026-03-23T17:28:37.500+0900][11.178s][info][gc          ] GC(177) Pause Remark 126M->60M(256M) 0.440ms
[2026-03-23T17:28:37.500+0900][11.178s][info][gc,cpu      ] GC(177) User=0.00s Sys=0.00s Real=0.00s
[2026-03-23T17:28:37.500+0900][11.178s][info][gc,marking  ] GC(177) Concurrent Mark 1.795ms
[2026-03-23T17:28:37.500+0900][11.178s][info][gc,marking  ] GC(177) Concurrent Rebuild Remembered Sets and Scrub Regions
[2026-03-23T17:28:37.501+0900][11.179s][info][gc,marking  ] GC(177) Concurrent Rebuild Remembered Sets and Scrub Regions 0.446ms
[2026-03-23T17:28:37.501+0900][11.179s][info][gc,start    ] GC(177) Pause Cleanup
[2026-03-23T17:28:37.501+0900][11.179s][info][gc          ] GC(177) Pause Cleanup 60M->60M(256M) 0.100ms
[2026-03-23T17:28:37.501+0900][11.179s][info][gc,cpu      ] GC(177) User=0.00s Sys=0.00s Real=0.00s
[2026-03-23T17:28:37.501+0900][11.179s][info][gc,marking  ] GC(177) Concurrent Clear Claimed Marks
[2026-03-23T17:28:37.501+0900][11.179s][info][gc,marking  ] GC(177) Concurrent Clear Claimed Marks 0.007ms
[2026-03-23T17:28:37.501+0900][11.179s][info][gc,marking  ] GC(177) Concurrent Cleanup for Next Mark
[2026-03-23T17:28:37.501+0900][11.179s][info][gc,marking  ] GC(177) Concurrent Cleanup for Next Mark 0.095ms
[2026-03-23T17:28:37.501+0900][11.179s][info][gc          ] GC(177) Concurrent Mark Cycle 2.619ms
[2026-03-23T17:28:38.355+0900][12.032s][info][gc,start    ] GC(178) Pause Young (Prepare Mixed) (G1 Humongous Allocation)
[2026-03-23T17:28:38.355+0900][12.033s][info][gc,task     ] GC(178) Using 11 workers of 11 for evacuation
[2026-03-23T17:28:38.357+0900][12.034s][info][gc,phases   ] GC(178)   Pre Evacuate Collection Set: 0.25ms
[2026-03-23T17:28:38.357+0900][12.034s][info][gc,phases   ] GC(178)   Merge Heap Roots: 0.07ms
[2026-03-23T17:28:38.357+0900][12.034s][info][gc,phases   ] GC(178)   Evacuate Collection Set: 0.28ms
[2026-03-23T17:28:38.357+0900][12.034s][info][gc,phases   ] GC(178)   Post Evacuate Collection Set: 1.00ms
[2026-03-23T17:28:38.357+0900][12.034s][info][gc,phases   ] GC(178)   Other: 0.08ms
[2026-03-23T17:28:38.357+0900][12.034s][info][gc,heap     ] GC(178) Eden regions: 1->0(306)
[2026-03-23T17:28:38.357+0900][12.034s][info][gc,heap     ] GC(178) Survivor regions: 1->1(1)
[2026-03-23T17:28:38.357+0900][12.034s][info][gc,heap     ] GC(178) Old regions: 3->3
[2026-03-23T17:28:38.357+0900][12.034s][info][gc,heap     ] GC(178) Humongous regions: 506->103
[2026-03-23T17:28:38.357+0900][12.034s][info][gc,metaspace] GC(178) Metaspace: 243K(448K)->243K(448K) NonClass: 228K(320K)->228K(320K) Class: 14K(128K)->14K(128K)
[2026-03-23T17:28:38.357+0900][12.034s][info][gc          ] GC(178) Pause Young (Prepare Mixed) (G1 Humongous Allocation) 508M->104M(512M) 1.985ms
[2026-03-23T17:28:38.357+0900][12.034s][info][gc,cpu      ] GC(178) User=0.00s Sys=0.00s Real=0.00s
[2026-03-23T17:28:39.124+0900][12.802s][info][gc,start    ] GC(179) Pause Young (Mixed) (G1 Humongous Allocation)
[2026-03-23T17:28:39.124+0900][12.802s][info][gc,task     ] GC(179) Using 11 workers of 11 for evacuation
[2026-03-23T17:28:39.125+0900][12.803s][info][gc,phases   ] GC(179)   Pre Evacuate Collection Set: 0.18ms
[2026-03-23T17:28:39.125+0900][12.803s][info][gc,phases   ] GC(179)   Merge Heap Roots: 0.06ms
[2026-03-23T17:28:39.125+0900][12.803s][info][gc,phases   ] GC(179)   Evacuate Collection Set: 0.25ms
[2026-03-23T17:28:39.125+0900][12.803s][info][gc,phases   ] GC(179)   Post Evacuate Collection Set: 0.43ms
[2026-03-23T17:28:39.125+0900][12.803s][info][gc,phases   ] GC(179)   Other: 0.05ms
[2026-03-23T17:28:39.125+0900][12.803s][info][gc,heap     ] GC(179) Eden regions: 1->0(307)
[2026-03-23T17:28:39.125+0900][12.803s][info][gc,heap     ] GC(179) Survivor regions: 1->0(0)
[2026-03-23T17:28:39.125+0900][12.803s][info][gc,heap     ] GC(179) Old regions: 3->5
[2026-03-23T17:28:39.125+0900][12.803s][info][gc,heap     ] GC(179) Humongous regions: 507->147
[2026-03-23T17:28:39.125+0900][12.803s][info][gc,metaspace] GC(179) Metaspace: 243K(448K)->243K(448K) NonClass: 228K(320K)->228K(320K) Class: 14K(128K)->14K(128K)
[2026-03-23T17:28:39.125+0900][12.803s][info][gc          ] GC(179) Pause Young (Mixed) (G1 Humongous Allocation) (Evacuation Failure) 509M->149M(512M) 1.231ms
[2026-03-23T17:28:39.125+0900][12.803s][info][gc,cpu      ] GC(179) User=0.01s Sys=0.00s Real=0.00s
[2026-03-23T17:28:39.125+0900][12.803s][info][gc,start    ] GC(180) Pause Young (Concurrent Start) (G1 Humongous Allocation)
[2026-03-23T17:28:39.125+0900][12.803s][info][gc,task     ] GC(180) Using 11 workers of 11 for evacuation
[2026-03-23T17:28:39.126+0900][12.804s][info][gc,phases   ] GC(180)   Pre Evacuate Collection Set: 0.17ms
[2026-03-23T17:28:39.126+0900][12.804s][info][gc,phases   ] GC(180)   Merge Heap Roots: 0.04ms
[2026-03-23T17:28:39.126+0900][12.804s][info][gc,phases   ] GC(180)   Evacuate Collection Set: 0.15ms
[2026-03-23T17:28:39.126+0900][12.804s][info][gc,phases   ] GC(180)   Post Evacuate Collection Set: 0.13ms
[2026-03-23T17:28:39.126+0900][12.804s][info][gc,phases   ] GC(180)   Other: 0.05ms
[2026-03-23T17:28:39.126+0900][12.804s][info][gc,heap     ] GC(180) Eden regions: 1->0(306)
[2026-03-23T17:28:39.126+0900][12.804s][info][gc,heap     ] GC(180) Survivor regions: 0->1(39)
[2026-03-23T17:28:39.126+0900][12.804s][info][gc,heap     ] GC(180) Old regions: 5->5
[2026-03-23T17:28:39.126+0900][12.804s][info][gc,heap     ] GC(180) Humongous regions: 148->148
[2026-03-23T17:28:39.126+0900][12.804s][info][gc,metaspace] GC(180) Metaspace: 243K(448K)->243K(448K) NonClass: 228K(320K)->228K(320K) Class: 14K(128K)->14K(128K)
[2026-03-23T17:28:39.126+0900][12.804s][info][gc          ] GC(180) Pause Young (Concurrent Start) (G1 Humongous Allocation) 150M->150M(512M) 0.704ms
[2026-03-23T17:28:39.126+0900][12.804s][info][gc,cpu      ] GC(180) User=0.00s Sys=0.00s Real=0.00s
[2026-03-23T17:28:39.126+0900][12.804s][info][gc          ] GC(181) Concurrent Mark Cycle
[2026-03-23T17:28:39.126+0900][12.804s][info][gc,marking  ] GC(181) Concurrent Scan Root Regions
[2026-03-23T17:28:39.126+0900][12.804s][info][gc,marking  ] GC(181) Concurrent Scan Root Regions 0.029ms
[2026-03-23T17:28:39.126+0900][12.804s][info][gc,marking  ] GC(181) Concurrent Mark
[2026-03-23T17:28:39.126+0900][12.804s][info][gc,marking  ] GC(181) Concurrent Mark From Roots
[2026-03-23T17:28:39.126+0900][12.804s][info][gc,task     ] GC(181) Using 3 workers of 3 for marking
[2026-03-23T17:28:39.128+0900][12.806s][info][gc,marking  ] GC(181) Concurrent Mark From Roots 1.620ms
[2026-03-23T17:28:39.128+0900][12.806s][info][gc,marking  ] GC(181) Concurrent Preclean
[2026-03-23T17:28:39.128+0900][12.806s][info][gc,marking  ] GC(181) Concurrent Preclean 0.019ms
[2026-03-23T17:28:39.128+0900][12.806s][info][gc,start    ] GC(181) Pause Remark
[2026-03-23T17:28:39.129+0900][12.806s][info][gc          ] GC(181) Pause Remark 152M->152M(512M) 0.558ms
[2026-03-23T17:28:39.129+0900][12.806s][info][gc,cpu      ] GC(181) User=0.00s Sys=0.00s Real=0.00s
[2026-03-23T17:28:39.129+0900][12.806s][info][gc,marking  ] GC(181) Concurrent Mark 2.400ms
[2026-03-23T17:28:39.129+0900][12.806s][info][gc,marking  ] GC(181) Concurrent Rebuild Remembered Sets and Scrub Regions
[2026-03-23T17:28:39.129+0900][12.807s][info][gc,marking  ] GC(181) Concurrent Rebuild Remembered Sets and Scrub Regions 0.532ms
[2026-03-23T17:28:39.129+0900][12.807s][info][gc,start    ] GC(181) Pause Cleanup
[2026-03-23T17:28:39.129+0900][12.807s][info][gc          ] GC(181) Pause Cleanup 152M->152M(512M) 0.083ms
[2026-03-23T17:28:39.129+0900][12.807s][info][gc,cpu      ] GC(181) User=0.00s Sys=0.00s Real=0.00s
[2026-03-23T17:28:39.129+0900][12.807s][info][gc,marking  ] GC(181) Concurrent Clear Claimed Marks
[2026-03-23T17:28:39.129+0900][12.807s][info][gc,marking  ] GC(181) Concurrent Clear Claimed Marks 0.011ms
[2026-03-23T17:28:39.129+0900][12.807s][info][gc,marking  ] GC(181) Concurrent Cleanup for Next Mark
[2026-03-23T17:28:39.130+0900][12.807s][info][gc,marking  ] GC(181) Concurrent Cleanup for Next Mark 0.299ms
[2026-03-23T17:28:39.130+0900][12.807s][info][gc          ] GC(181) Concurrent Mark Cycle 3.571ms
[2026-03-23T17:28:39.181+0900][12.859s][info][gc,heap,exit] Heap
[2026-03-23T17:28:39.181+0900][12.859s][info][gc,heap,exit]  garbage-first heap   total 524288K, used 184551K [0x000000058a800000, 0x00000005aa800000)
[2026-03-23T17:28:39.181+0900][12.859s][info][gc,heap,exit]   region size 1024K, 2 young (2048K), 1 survivors (1024K)
[2026-03-23T17:28:39.181+0900][12.859s][info][gc,heap,exit]  Metaspace       used 243K, committed 448K, reserved 1114112K
[2026-03-23T17:28:39.181+0900][12.859s][info][gc,heap,exit]   class space    used 14K, committed 128K, reserved 1048576K
