[2026-03-23T13:55:56.827+0900][0.003s][info][gc,init] CardTable entry size: 512
[2026-03-23T13:55:56.827+0900][0.003s][info][gc     ] Using Parallel
[2026-03-23T13:55:56.827+0900][0.003s][info][gc,init] Version: 21.0.9+10-LTS (release)
[2026-03-23T13:55:56.827+0900][0.003s][info][gc,init] CPUs: 14 total, 14 available
[2026-03-23T13:55:56.827+0900][0.003s][info][gc,init] Memory: 49152M
[2026-03-23T13:55:56.827+0900][0.003s][info][gc,init] Large Page Support: Disabled
[2026-03-23T13:55:56.827+0900][0.003s][info][gc,init] NUMA Support: Disabled
[2026-03-23T13:55:56.827+0900][0.003s][info][gc,init] Compressed Oops: Enabled (Zero based)
[2026-03-23T13:55:56.827+0900][0.003s][info][gc,init] Alignments: Space 512K, Generation 512K, Heap 8M
[2026-03-23T13:55:56.827+0900][0.003s][info][gc,init] Heap Min Capacity: 256M
[2026-03-23T13:55:56.827+0900][0.003s][info][gc,init] Heap Initial Capacity: 256M
[2026-03-23T13:55:56.827+0900][0.003s][info][gc,init] Heap Max Capacity: 512M
[2026-03-23T13:55:56.827+0900][0.003s][info][gc,init] Pre-touch: Disabled
[2026-03-23T13:55:56.827+0900][0.003s][info][gc,init] Parallel Workers: 11
[2026-03-23T13:55:56.830+0900][0.006s][info][gc,metaspace] CDS archive(s) mapped at: [0x0000007000000000-0x0000007000c9c000-0x0000007000c9c000), size 13221888, SharedBaseAddress: 0x0000007000000000, ArchiveRelocationMode: 1.
[2026-03-23T13:55:56.830+0900][0.006s][info][gc,metaspace] Compressed class space mapped at: 0x0000007001000000-0x0000007041000000, reserved size: 1073741824
[2026-03-23T13:55:56.830+0900][0.006s][info][gc,metaspace] Narrow klass base: 0x0000007000000000, Narrow klass shift: 0, Narrow klass range: 0x100000000
[2026-03-23T13:55:57.905+0900][1.082s][info][gc,start    ] GC(0) Pause Young (Allocation Failure)
[2026-03-23T13:55:57.909+0900][1.085s][info][gc,heap     ] GC(0) PSYoungGen: 65435K(76288K)->7936K(76288K) Eden: 65435K(65536K)->0K(65536K) From: 0K(10752K)->7936K(10752K)
[2026-03-23T13:55:57.909+0900][1.085s][info][gc,heap     ] GC(0) ParOldGen: 1056K(175104K)->1064K(175104K)
[2026-03-23T13:55:57.909+0900][1.085s][info][gc,metaspace] GC(0) Metaspace: 213K(384K)->213K(384K) NonClass: 198K(256K)->198K(256K) Class: 14K(128K)->14K(128K)
[2026-03-23T13:55:57.909+0900][1.085s][info][gc          ] GC(0) Pause Young (Allocation Failure) 64M->8M(245M) 3.429ms
[2026-03-23T13:55:57.909+0900][1.085s][info][gc,cpu      ] GC(0) User=0.00s Sys=0.00s Real=0.00s
[2026-03-23T13:55:59.092+0900][2.269s][info][gc,start    ] GC(1) Pause Young (Allocation Failure)
[2026-03-23T13:55:59.096+0900][2.273s][info][gc,heap     ] GC(1) PSYoungGen: 73183K(76288K)->10512K(76288K) Eden: 65247K(65536K)->0K(65536K) From: 7936K(10752K)->10512K(10752K)
[2026-03-23T13:55:59.096+0900][2.273s][info][gc,heap     ] GC(1) ParOldGen: 1064K(175104K)->6696K(175104K)
[2026-03-23T13:55:59.096+0900][2.273s][info][gc,metaspace] GC(1) Metaspace: 213K(384K)->213K(384K) NonClass: 198K(256K)->198K(256K) Class: 14K(128K)->14K(128K)
[2026-03-23T13:55:59.096+0900][2.273s][info][gc          ] GC(1) Pause Young (Allocation Failure) 72M->16M(245M) 4.132ms
[2026-03-23T13:55:59.096+0900][2.273s][info][gc,cpu      ] GC(1) User=0.00s Sys=0.00s Real=0.00s
[2026-03-23T13:56:00.292+0900][3.469s][info][gc,start    ] GC(2) Pause Young (Allocation Failure)
[2026-03-23T13:56:00.294+0900][3.470s][info][gc,heap     ] GC(2) PSYoungGen: 75780K(76288K)->10512K(76288K) Eden: 65267K(65536K)->0K(65536K) From: 10512K(10752K)->10512K(10752K)
[2026-03-23T13:56:00.294+0900][3.470s][info][gc,heap     ] GC(2) ParOldGen: 6696K(175104K)->15408K(175104K)
[2026-03-23T13:56:00.294+0900][3.470s][info][gc,metaspace] GC(2) Metaspace: 213K(384K)->213K(384K) NonClass: 199K(256K)->199K(256K) Class: 14K(128K)->14K(128K)
[2026-03-23T13:56:00.294+0900][3.470s][info][gc          ] GC(2) Pause Young (Allocation Failure) 80M->25M(245M) 1.564ms
[2026-03-23T13:56:00.294+0900][3.470s][info][gc,cpu      ] GC(2) User=0.00s Sys=0.01s Real=0.00s
[2026-03-23T13:56:01.515+0900][4.692s][info][gc,start    ] GC(3) Pause Young (Allocation Failure)
[2026-03-23T13:56:01.519+0900][4.696s][info][gc,heap     ] GC(3) PSYoungGen: 75794K(76288K)->10464K(76288K) Eden: 65282K(65536K)->0K(65536K) From: 10512K(10752K)->10464K(10752K)
[2026-03-23T13:56:01.519+0900][4.696s][info][gc,heap     ] GC(3) ParOldGen: 15408K(175104K)->21561K(175104K)
[2026-03-23T13:56:01.519+0900][4.696s][info][gc,metaspace] GC(3) Metaspace: 216K(384K)->216K(384K) NonClass: 202K(256K)->202K(256K) Class: 14K(128K)->14K(128K)
[2026-03-23T13:56:01.519+0900][4.696s][info][gc          ] GC(3) Pause Young (Allocation Failure) 89M->31M(245M) 4.212ms
[2026-03-23T13:56:01.519+0900][4.696s][info][gc,cpu      ] GC(3) User=0.01s Sys=0.00s Real=0.00s
[2026-03-23T13:56:02.721+0900][5.897s][info][gc,start    ] GC(4) Pause Young (Allocation Failure)
[2026-03-23T13:56:02.722+0900][5.898s][info][gc,heap     ] GC(4) PSYoungGen: 75755K(76288K)->10496K(74752K) Eden: 65291K(65536K)->0K(64000K) From: 10464K(10752K)->10496K(10752K)
[2026-03-23T13:56:02.722+0900][5.898s][info][gc,heap     ] GC(4) ParOldGen: 21561K(175104K)->27705K(175104K)
[2026-03-23T13:56:02.722+0900][5.898s][info][gc,metaspace] GC(4) Metaspace: 221K(384K)->221K(384K) NonClass: 207K(256K)->207K(256K) Class: 14K(128K)->14K(128K)
[2026-03-23T13:56:02.722+0900][5.898s][info][gc          ] GC(4) Pause Young (Allocation Failure) 95M->37M(244M) 1.225ms
[2026-03-23T13:56:02.722+0900][5.898s][info][gc,cpu      ] GC(4) User=0.01s Sys=0.01s Real=0.00s
[2026-03-23T13:56:03.869+0900][7.045s][info][gc,start    ] GC(5) Pause Young (Allocation Failure)
[2026-03-23T13:56:03.877+0900][7.054s][info][gc,heap     ] GC(5) PSYoungGen: 74226K(74752K)->12032K(74752K) Eden: 63730K(64000K)->0K(62464K) From: 10496K(10752K)->12032K(12288K)
[2026-03-23T13:56:03.877+0900][7.054s][info][gc,heap     ] GC(5) ParOldGen: 27705K(175104K)->33857K(175104K)
[2026-03-23T13:56:03.877+0900][7.054s][info][gc,metaspace] GC(5) Metaspace: 224K(384K)->224K(384K) NonClass: 210K(256K)->210K(256K) Class: 14K(128K)->14K(128K)
[2026-03-23T13:56:03.877+0900][7.054s][info][gc          ] GC(5) Pause Young (Allocation Failure) 99M->44M(244M) 8.544ms
[2026-03-23T13:56:03.877+0900][7.054s][info][gc,cpu      ] GC(5) User=0.00s Sys=0.00s Real=0.01s
[2026-03-23T13:56:04.966+0900][8.142s][info][gc,start    ] GC(6) Pause Young (Allocation Failure)
[2026-03-23T13:56:04.969+0900][8.146s][info][gc,heap     ] GC(6) PSYoungGen: 74200K(74752K)->12416K(74240K) Eden: 62167K(62464K)->0K(61440K) From: 12032K(12288K)->12416K(12800K)
[2026-03-23T13:56:04.970+0900][8.146s][info][gc,heap     ] GC(6) ParOldGen: 33857K(175104K)->41717K(175104K)
[2026-03-23T13:56:04.970+0900][8.146s][info][gc,metaspace] GC(6) Metaspace: 229K(384K)->229K(384K) NonClass: 214K(256K)->214K(256K) Class: 14K(128K)->14K(128K)
[2026-03-23T13:56:04.970+0900][8.146s][info][gc          ] GC(6) Pause Young (Allocation Failure) 105M->52M(243M) 3.671ms
[2026-03-23T13:56:04.970+0900][8.146s][info][gc,cpu      ] GC(6) User=0.00s Sys=0.01s Real=0.01s
[2026-03-23T13:56:06.133+0900][9.310s][info][gc,start    ] GC(7) Pause Young (Allocation Failure)
[2026-03-23T13:56:06.136+0900][9.313s][info][gc,heap     ] GC(7) PSYoungGen: 73542K(74240K)->12928K(73728K) Eden: 61126K(61440K)->0K(60416K) From: 12416K(12800K)->12928K(13312K)
[2026-03-23T13:56:06.136+0900][9.313s][info][gc,heap     ] GC(7) ParOldGen: 41717K(175104K)->46869K(175104K)
[2026-03-23T13:56:06.136+0900][9.313s][info][gc,metaspace] GC(7) Metaspace: 229K(384K)->229K(384K) NonClass: 214K(256K)->214K(256K) Class: 14K(128K)->14K(128K)
[2026-03-23T13:56:06.136+0900][9.313s][info][gc          ] GC(7) Pause Young (Allocation Failure) 112M->58M(243M) 2.748ms
[2026-03-23T13:56:06.136+0900][9.313s][info][gc,cpu      ] GC(7) User=0.01s Sys=0.00s Real=0.00s
[2026-03-23T13:56:07.196+0900][10.372s][info][gc,start    ] GC(8) Pause Young (Allocation Failure)
[2026-03-23T13:56:07.199+0900][10.376s][info][gc,heap     ] GC(8) PSYoungGen: 73011K(73728K)->13984K(73728K) Eden: 60083K(60416K)->0K(59392K) From: 12928K(13312K)->13984K(14336K)
[2026-03-23T13:56:07.199+0900][10.376s][info][gc,heap     ] GC(8) ParOldGen: 46869K(175104K)->54070K(175104K)
[2026-03-23T13:56:07.199+0900][10.376s][info][gc,metaspace] GC(8) Metaspace: 229K(384K)->229K(384K) NonClass: 214K(256K)->214K(256K) Class: 14K(128K)->14K(128K)
[2026-03-23T13:56:07.200+0900][10.376s][info][gc          ] GC(8) Pause Young (Allocation Failure) 117M->66M(243M) 3.904ms
[2026-03-23T13:56:07.200+0900][10.376s][info][gc,cpu      ] GC(8) User=0.01s Sys=0.01s Real=0.01s
[2026-03-23T13:56:08.320+0900][11.496s][info][gc,start    ] GC(9) Pause Young (Allocation Failure)
[2026-03-23T13:56:08.323+0900][11.500s][info][gc,heap     ] GC(9) PSYoungGen: 73024K(73728K)->10784K(71680K) Eden: 59040K(59392K)->0K(58368K) From: 13984K(14336K)->10784K(13312K)
[2026-03-23T13:56:08.323+0900][11.500s][info][gc,heap     ] GC(9) ParOldGen: 54070K(175104K)->62814K(175104K)
[2026-03-23T13:56:08.323+0900][11.500s][info][gc,metaspace] GC(9) Metaspace: 234K(448K)->234K(448K) NonClass: 219K(320K)->219K(320K) Class: 14K(128K)->14K(128K)
[2026-03-23T13:56:08.323+0900][11.500s][info][gc          ] GC(9) Pause Young (Allocation Failure) 124M->71M(241M) 3.602ms
[2026-03-23T13:56:08.324+0900][11.500s][info][gc,cpu      ] GC(9) User=0.01s Sys=0.00s Real=0.00s
[2026-03-23T13:56:09.081+0900][12.257s][info][gc,heap,exit] Heap
[2026-03-23T13:56:09.081+0900][12.257s][info][gc,heap,exit]  PSYoungGen      total 71680K, used 53051K [0x000000034a580000, 0x000000034fb80000, 0x0000000355000000)
[2026-03-23T13:56:09.081+0900][12.257s][info][gc,heap,exit]   eden space 58368K, 72% used [0x000000034a580000,0x000000034cec6e48,0x000000034de80000)
[2026-03-23T13:56:09.081+0900][12.257s][info][gc,heap,exit]   from space 13312K, 81% used [0x000000034ee80000,0x000000034f908150,0x000000034fb80000)
[2026-03-23T13:56:09.081+0900][12.257s][info][gc,heap,exit]   to   space 14848K, 0% used [0x000000034de80000,0x000000034de80000,0x000000034ed00000)
[2026-03-23T13:56:09.081+0900][12.257s][info][gc,heap,exit]  ParOldGen       total 175104K, used 62814K [0x0000000335000000, 0x000000033fb00000, 0x000000034a580000)
[2026-03-23T13:56:09.081+0900][12.257s][info][gc,heap,exit]   object space 175104K, 35% used [0x0000000335000000,0x0000000338d579e0,0x000000033fb00000)
[2026-03-23T13:56:09.081+0900][12.257s][info][gc,heap,exit]  Metaspace       used 235K, committed 448K, reserved 1114112K
[2026-03-23T13:56:09.081+0900][12.257s][info][gc,heap,exit]   class space    used 15K, committed 128K, reserved 1048576K
