[2026-03-23T13:56:21.827+0900][0.003s][info][gc,init] CardTable entry size: 512
[2026-03-23T13:56:21.827+0900][0.003s][info][gc     ] Using Parallel
[2026-03-23T13:56:21.827+0900][0.003s][info][gc,init] Version: 21.0.9+10-LTS (release)
[2026-03-23T13:56:21.828+0900][0.003s][info][gc,init] CPUs: 14 total, 14 available
[2026-03-23T13:56:21.828+0900][0.003s][info][gc,init] Memory: 49152M
[2026-03-23T13:56:21.828+0900][0.003s][info][gc,init] Large Page Support: Disabled
[2026-03-23T13:56:21.828+0900][0.003s][info][gc,init] NUMA Support: Disabled
[2026-03-23T13:56:21.828+0900][0.003s][info][gc,init] Compressed Oops: Enabled (Zero based)
[2026-03-23T13:56:21.828+0900][0.003s][info][gc,init] Alignments: Space 512K, Generation 512K, Heap 8M
[2026-03-23T13:56:21.828+0900][0.003s][info][gc,init] Heap Min Capacity: 256M
[2026-03-23T13:56:21.828+0900][0.003s][info][gc,init] Heap Initial Capacity: 256M
[2026-03-23T13:56:21.828+0900][0.003s][info][gc,init] Heap Max Capacity: 512M
[2026-03-23T13:56:21.828+0900][0.003s][info][gc,init] Pre-touch: Disabled
[2026-03-23T13:56:21.828+0900][0.003s][info][gc,init] Parallel Workers: 11
[2026-03-23T13:56:21.830+0900][0.006s][info][gc,metaspace] CDS archive(s) mapped at: [0x000000b000000000-0x000000b000c9c000-0x000000b000c9c000), size 13221888, SharedBaseAddress: 0x000000b000000000, ArchiveRelocationMode: 1.
[2026-03-23T13:56:21.830+0900][0.006s][info][gc,metaspace] Compressed class space mapped at: 0x000000b001000000-0x000000b041000000, reserved size: 1073741824
[2026-03-23T13:56:21.830+0900][0.006s][info][gc,metaspace] Narrow klass base: 0x000000b000000000, Narrow klass shift: 0, Narrow klass range: 0x100000000
[2026-03-23T13:56:22.915+0900][1.091s][info][gc,start    ] GC(0) Pause Young (Allocation Failure)
[2026-03-23T13:56:22.918+0900][1.094s][info][gc,heap     ] GC(0) PSYoungGen: 65435K(76288K)->7920K(76288K) Eden: 65435K(65536K)->0K(65536K) From: 0K(10752K)->7920K(10752K)
[2026-03-23T13:56:22.918+0900][1.094s][info][gc,heap     ] GC(0) ParOldGen: 1056K(175104K)->1064K(175104K)
[2026-03-23T13:56:22.918+0900][1.094s][info][gc,metaspace] GC(0) Metaspace: 220K(384K)->220K(384K) NonClass: 206K(256K)->206K(256K) Class: 14K(128K)->14K(128K)
[2026-03-23T13:56:22.918+0900][1.094s][info][gc          ] GC(0) Pause Young (Allocation Failure) 64M->8M(245M) 2.939ms
[2026-03-23T13:56:22.918+0900][1.094s][info][gc,cpu      ] GC(0) User=0.00s Sys=0.00s Real=0.00s
[2026-03-23T13:56:24.076+0900][2.252s][info][gc,start    ] GC(1) Pause Young (Allocation Failure)
[2026-03-23T13:56:24.081+0900][2.257s][info][gc,heap     ] GC(1) PSYoungGen: 73167K(76288K)->10448K(76288K) Eden: 65247K(65536K)->0K(65536K) From: 7920K(10752K)->10448K(10752K)
[2026-03-23T13:56:24.081+0900][2.257s][info][gc,heap     ] GC(1) ParOldGen: 1064K(175104K)->6696K(175104K)
[2026-03-23T13:56:24.081+0900][2.257s][info][gc,metaspace] GC(1) Metaspace: 221K(384K)->221K(384K) NonClass: 206K(256K)->206K(256K) Class: 14K(128K)->14K(128K)
[2026-03-23T13:56:24.081+0900][2.257s][info][gc          ] GC(1) Pause Young (Allocation Failure) 72M->16M(245M) 5.044ms
[2026-03-23T13:56:24.081+0900][2.257s][info][gc,cpu      ] GC(1) User=0.00s Sys=0.01s Real=0.01s
[2026-03-23T13:56:25.256+0900][3.431s][info][gc,start    ] GC(2) Pause Young (Allocation Failure)
[2026-03-23T13:56:25.260+0900][3.436s][info][gc,heap     ] GC(2) PSYoungGen: 75716K(76288K)->10496K(76288K) Eden: 65267K(65536K)->0K(65536K) From: 10448K(10752K)->10496K(10752K)
[2026-03-23T13:56:25.260+0900][3.436s][info][gc,heap     ] GC(2) ParOldGen: 6696K(175104K)->15400K(175104K)
[2026-03-23T13:56:25.260+0900][3.436s][info][gc,metaspace] GC(2) Metaspace: 221K(384K)->221K(384K) NonClass: 207K(256K)->207K(256K) Class: 14K(128K)->14K(128K)
[2026-03-23T13:56:25.260+0900][3.436s][info][gc          ] GC(2) Pause Young (Allocation Failure) 80M->25M(245M) 4.397ms
[2026-03-23T13:56:25.260+0900][3.436s][info][gc,cpu      ] GC(2) User=0.01s Sys=0.01s Real=0.01s
[2026-03-23T13:56:26.474+0900][4.649s][info][gc,start    ] GC(3) Pause Young (Allocation Failure)
[2026-03-23T13:56:26.477+0900][4.653s][info][gc,heap     ] GC(3) PSYoungGen: 75778K(76288K)->10512K(76288K) Eden: 65282K(65536K)->0K(65536K) From: 10496K(10752K)->10512K(10752K)
[2026-03-23T13:56:26.477+0900][4.653s][info][gc,heap     ] GC(3) ParOldGen: 15400K(175104K)->21553K(175104K)
[2026-03-23T13:56:26.477+0900][4.653s][info][gc,metaspace] GC(3) Metaspace: 224K(384K)->224K(384K) NonClass: 210K(256K)->210K(256K) Class: 14K(128K)->14K(128K)
[2026-03-23T13:56:26.477+0900][4.653s][info][gc          ] GC(3) Pause Young (Allocation Failure) 89M->31M(245M) 3.507ms
[2026-03-23T13:56:26.477+0900][4.653s][info][gc,cpu      ] GC(3) User=0.00s Sys=0.00s Real=0.00s
[2026-03-23T13:56:27.681+0900][5.856s][info][gc,start    ] GC(4) Pause Young (Allocation Failure)
[2026-03-23T13:56:27.684+0900][5.860s][info][gc,heap     ] GC(4) PSYoungGen: 75803K(76288K)->10512K(74752K) Eden: 65291K(65536K)->0K(64000K) From: 10512K(10752K)->10512K(10752K)
[2026-03-23T13:56:27.684+0900][5.860s][info][gc,heap     ] GC(4) ParOldGen: 21553K(175104K)->27697K(175104K)
[2026-03-23T13:56:27.684+0900][5.860s][info][gc,metaspace] GC(4) Metaspace: 229K(448K)->229K(448K) NonClass: 215K(320K)->215K(320K) Class: 14K(128K)->14K(128K)
[2026-03-23T13:56:27.684+0900][5.860s][info][gc          ] GC(4) Pause Young (Allocation Failure) 95M->37M(244M) 3.895ms
[2026-03-23T13:56:27.684+0900][5.860s][info][gc,cpu      ] GC(4) User=0.01s Sys=0.01s Real=0.00s
[2026-03-23T13:56:28.827+0900][7.003s][info][gc,start    ] GC(5) Pause Young (Allocation Failure)
[2026-03-23T13:56:28.833+0900][7.009s][info][gc,heap     ] GC(5) PSYoungGen: 74242K(74752K)->12064K(74752K) Eden: 63730K(64000K)->0K(62464K) From: 10512K(10752K)->12064K(12288K)
[2026-03-23T13:56:28.833+0900][7.009s][info][gc,heap     ] GC(5) ParOldGen: 27697K(175104K)->33849K(175104K)
[2026-03-23T13:56:28.833+0900][7.009s][info][gc,metaspace] GC(5) Metaspace: 232K(448K)->232K(448K) NonClass: 218K(320K)->218K(320K) Class: 14K(128K)->14K(128K)
[2026-03-23T13:56:28.833+0900][7.009s][info][gc          ] GC(5) Pause Young (Allocation Failure) 99M->44M(244M) 6.066ms
[2026-03-23T13:56:28.833+0900][7.009s][info][gc,cpu      ] GC(5) User=0.01s Sys=0.00s Real=0.01s
[2026-03-23T13:56:29.905+0900][8.080s][info][gc,start    ] GC(6) Pause Young (Allocation Failure)
[2026-03-23T13:56:29.907+0900][8.083s][info][gc,heap     ] GC(6) PSYoungGen: 74232K(74752K)->12960K(74752K) Eden: 62167K(62464K)->0K(61440K) From: 12064K(12288K)->12960K(13312K)
[2026-03-23T13:56:29.907+0900][8.083s][info][gc,heap     ] GC(6) ParOldGen: 33849K(175104K)->41205K(175104K)
[2026-03-23T13:56:29.907+0900][8.083s][info][gc,metaspace] GC(6) Metaspace: 236K(448K)->236K(448K) NonClass: 221K(320K)->221K(320K) Class: 14K(128K)->14K(128K)
[2026-03-23T13:56:29.907+0900][8.083s][info][gc          ] GC(6) Pause Young (Allocation Failure) 105M->52M(244M) 2.746ms
[2026-03-23T13:56:29.907+0900][8.083s][info][gc,cpu      ] GC(6) User=0.01s Sys=0.01s Real=0.00s
[2026-03-23T13:56:31.071+0900][9.247s][info][gc,start    ] GC(7) Pause Young (Allocation Failure)
[2026-03-23T13:56:31.076+0900][9.252s][info][gc,heap     ] GC(7) PSYoungGen: 74086K(74752K)->12928K(73728K) Eden: 61126K(61440K)->0K(60416K) From: 12960K(13312K)->12928K(13312K)
[2026-03-23T13:56:31.076+0900][9.252s][info][gc,heap     ] GC(7) ParOldGen: 41205K(175104K)->46870K(175104K)
[2026-03-23T13:56:31.076+0900][9.252s][info][gc,metaspace] GC(7) Metaspace: 236K(448K)->236K(448K) NonClass: 221K(320K)->221K(320K) Class: 14K(128K)->14K(128K)
[2026-03-23T13:56:31.077+0900][9.252s][info][gc          ] GC(7) Pause Young (Allocation Failure) 112M->58M(243M) 5.466ms
[2026-03-23T13:56:31.077+0900][9.252s][info][gc,cpu      ] GC(7) User=0.01s Sys=0.00s Real=0.00s
[2026-03-23T13:56:32.101+0900][10.277s][info][gc,start    ] GC(8) Pause Young (Allocation Failure)
[2026-03-23T13:56:32.105+0900][10.281s][info][gc,heap     ] GC(8) PSYoungGen: 73011K(73728K)->14464K(74240K) Eden: 60083K(60416K)->0K(59392K) From: 12928K(13312K)->14464K(14848K)
[2026-03-23T13:56:32.105+0900][10.281s][info][gc,heap     ] GC(8) ParOldGen: 46870K(175104K)->53550K(175104K)
[2026-03-23T13:56:32.105+0900][10.281s][info][gc,metaspace] GC(8) Metaspace: 236K(448K)->236K(448K) NonClass: 221K(320K)->221K(320K) Class: 14K(128K)->14K(128K)
[2026-03-23T13:56:32.105+0900][10.281s][info][gc          ] GC(8) Pause Young (Allocation Failure) 117M->66M(243M) 4.424ms
[2026-03-23T13:56:32.105+0900][10.281s][info][gc,cpu      ] GC(8) User=0.01s Sys=0.00s Real=0.00s
[2026-03-23T13:56:33.251+0900][11.427s][info][gc,start    ] GC(9) Pause Young (Allocation Failure)
[2026-03-23T13:56:33.255+0900][11.431s][info][gc,heap     ] GC(9) PSYoungGen: 73504K(74240K)->13440K(73216K) Eden: 59040K(59392K)->0K(58368K) From: 14464K(14848K)->13440K(14848K)
[2026-03-23T13:56:33.255+0900][11.431s][info][gc,heap     ] GC(9) ParOldGen: 53550K(175104K)->60246K(175104K)
[2026-03-23T13:56:33.255+0900][11.431s][info][gc,metaspace] GC(9) Metaspace: 242K(448K)->242K(448K) NonClass: 227K(320K)->227K(320K) Class: 14K(128K)->14K(128K)
[2026-03-23T13:56:33.255+0900][11.431s][info][gc          ] GC(9) Pause Young (Allocation Failure) 124M->71M(242M) 4.033ms
[2026-03-23T13:56:33.255+0900][11.431s][info][gc,cpu      ] GC(9) User=0.00s Sys=0.00s Real=0.00s
[2026-03-23T13:56:34.002+0900][12.178s][info][gc,heap,exit] Heap
[2026-03-23T13:56:34.002+0900][12.178s][info][gc,heap,exit]  PSYoungGen      total 73216K, used 55707K [0x00000007f5580000, 0x00000007fad80000, 0x0000000800000000)
[2026-03-23T13:56:34.002+0900][12.178s][info][gc,heap,exit]   eden space 58368K, 72% used [0x00000007f5580000,0x00000007f7ec6e48,0x00000007f8e80000)
[2026-03-23T13:56:34.002+0900][12.178s][info][gc,heap,exit]   from space 14848K, 90% used [0x00000007f9f00000,0x00000007fac20198,0x00000007fad80000)
[2026-03-23T13:56:34.002+0900][12.178s][info][gc,heap,exit]   to   space 15872K, 0% used [0x00000007f8e80000,0x00000007f8e80000,0x00000007f9e00000)
[2026-03-23T13:56:34.002+0900][12.178s][info][gc,heap,exit]  ParOldGen       total 175104K, used 60246K [0x00000007e0000000, 0x00000007eab00000, 0x00000007f5580000)
[2026-03-23T13:56:34.002+0900][12.178s][info][gc,heap,exit]   object space 175104K, 34% used [0x00000007e0000000,0x00000007e3ad5998,0x00000007eab00000)
[2026-03-23T13:56:34.002+0900][12.178s][info][gc,heap,exit]  Metaspace       used 243K, committed 448K, reserved 1114112K
[2026-03-23T13:56:34.002+0900][12.178s][info][gc,heap,exit]   class space    used 15K, committed 128K, reserved 1048576K
