[2026-03-23T13:56:34.291+0900][0.004s][info][gc,init] CardTable entry size: 512
[2026-03-23T13:56:34.291+0900][0.004s][info][gc     ] Using Parallel
[2026-03-23T13:56:34.291+0900][0.004s][info][gc,init] Version: 21.0.9+10-LTS (release)
[2026-03-23T13:56:34.291+0900][0.004s][info][gc,init] CPUs: 14 total, 14 available
[2026-03-23T13:56:34.291+0900][0.004s][info][gc,init] Memory: 49152M
[2026-03-23T13:56:34.291+0900][0.004s][info][gc,init] Large Page Support: Disabled
[2026-03-23T13:56:34.291+0900][0.004s][info][gc,init] NUMA Support: Disabled
[2026-03-23T13:56:34.291+0900][0.004s][info][gc,init] Compressed Oops: Enabled (Zero based)
[2026-03-23T13:56:34.291+0900][0.004s][info][gc,init] Alignments: Space 512K, Generation 512K, Heap 8M
[2026-03-23T13:56:34.291+0900][0.004s][info][gc,init] Heap Min Capacity: 256M
[2026-03-23T13:56:34.291+0900][0.004s][info][gc,init] Heap Initial Capacity: 256M
[2026-03-23T13:56:34.291+0900][0.004s][info][gc,init] Heap Max Capacity: 512M
[2026-03-23T13:56:34.291+0900][0.004s][info][gc,init] Pre-touch: Disabled
[2026-03-23T13:56:34.291+0900][0.004s][info][gc,init] Parallel Workers: 11
[2026-03-23T13:56:34.295+0900][0.007s][info][gc,metaspace] CDS archive(s) mapped at: [0x000000f800000000-0x000000f800c9c000-0x000000f800c9c000), size 13221888, SharedBaseAddress: 0x000000f800000000, ArchiveRelocationMode: 1.
[2026-03-23T13:56:34.295+0900][0.007s][info][gc,metaspace] Compressed class space mapped at: 0x000000f801000000-0x000000f841000000, reserved size: 1073741824
[2026-03-23T13:56:34.295+0900][0.007s][info][gc,metaspace] Narrow klass base: 0x000000f800000000, Narrow klass shift: 0, Narrow klass range: 0x100000000
[2026-03-23T13:56:35.350+0900][1.062s][info][gc,start    ] GC(0) Pause Young (Allocation Failure)
[2026-03-23T13:56:35.351+0900][1.064s][info][gc,heap     ] GC(0) PSYoungGen: 65435K(76288K)->7952K(70656K) Eden: 65435K(65536K)->0K(62464K) From: 0K(10752K)->7952K(8192K)
[2026-03-23T13:56:35.351+0900][1.064s][info][gc,heap     ] GC(0) ParOldGen: 1056K(175104K)->1064K(175104K)
[2026-03-23T13:56:35.351+0900][1.064s][info][gc,metaspace] GC(0) Metaspace: 215K(384K)->215K(384K) NonClass: 201K(256K)->201K(256K) Class: 14K(128K)->14K(128K)
[2026-03-23T13:56:35.351+0900][1.064s][info][gc          ] GC(0) Pause Young (Allocation Failure) 64M->8M(240M) 1.636ms
[2026-03-23T13:56:35.351+0900][1.064s][info][gc,cpu      ] GC(0) User=0.01s Sys=0.00s Real=0.00s
[2026-03-23T13:56:36.488+0900][2.200s][info][gc,start    ] GC(1) Pause Young (Allocation Failure)
[2026-03-23T13:56:36.491+0900][2.203s][info][gc,heap     ] GC(1) PSYoungGen: 70069K(70656K)->9984K(72704K) Eden: 62116K(62464K)->0K(62464K) From: 7952K(8192K)->9984K(10240K)
[2026-03-23T13:56:36.491+0900][2.203s][info][gc,heap     ] GC(1) ParOldGen: 1064K(175104K)->6704K(175104K)
[2026-03-23T13:56:36.491+0900][2.203s][info][gc,metaspace] GC(1) Metaspace: 215K(384K)->215K(384K) NonClass: 201K(256K)->201K(256K) Class: 14K(128K)->14K(128K)
[2026-03-23T13:56:36.491+0900][2.203s][info][gc          ] GC(1) Pause Young (Allocation Failure) 69M->16M(242M) 2.950ms
[2026-03-23T13:56:36.491+0900][2.203s][info][gc,cpu      ] GC(1) User=0.00s Sys=0.00s Real=0.01s
[2026-03-23T13:56:37.653+0900][3.365s][info][gc,start    ] GC(2) Pause Young (Allocation Failure)
[2026-03-23T13:56:37.654+0900][3.366s][info][gc,heap     ] GC(2) PSYoungGen: 72121K(72704K)->10448K(73216K) Eden: 62136K(62464K)->0K(62464K) From: 9984K(10240K)->10448K(10752K)
[2026-03-23T13:56:37.654+0900][3.367s][info][gc,heap     ] GC(2) ParOldGen: 6704K(175104K)->12336K(175104K)
[2026-03-23T13:56:37.654+0900][3.367s][info][gc,metaspace] GC(2) Metaspace: 216K(384K)->216K(384K) NonClass: 201K(256K)->201K(256K) Class: 14K(128K)->14K(128K)
[2026-03-23T13:56:37.654+0900][3.367s][info][gc          ] GC(2) Pause Young (Allocation Failure) 76M->22M(242M) 1.336ms
[2026-03-23T13:56:37.654+0900][3.367s][info][gc,cpu      ] GC(2) User=0.00s Sys=0.00s Real=0.00s
[2026-03-23T13:56:38.744+0900][4.457s][info][gc,start    ] GC(3) Pause Young (Allocation Failure)
[2026-03-23T13:56:38.748+0900][4.461s][info][gc,heap     ] GC(3) PSYoungGen: 72598K(73216K)->10528K(73216K) Eden: 62150K(62464K)->0K(62464K) From: 10448K(10752K)->10528K(10752K)
[2026-03-23T13:56:38.748+0900][4.461s][info][gc,heap     ] GC(3) ParOldGen: 12336K(175104K)->20529K(175104K)
[2026-03-23T13:56:38.748+0900][4.461s][info][gc,metaspace] GC(3) Metaspace: 216K(384K)->216K(384K) NonClass: 201K(256K)->201K(256K) Class: 14K(128K)->14K(128K)
[2026-03-23T13:56:38.748+0900][4.461s][info][gc          ] GC(3) Pause Young (Allocation Failure) 82M->30M(242M) 4.053ms
[2026-03-23T13:56:38.748+0900][4.461s][info][gc,cpu      ] GC(3) User=0.01s Sys=0.00s Real=0.00s
[2026-03-23T13:56:39.905+0900][5.617s][info][gc,start    ] GC(4) Pause Young (Allocation Failure)
[2026-03-23T13:56:39.908+0900][5.620s][info][gc,heap     ] GC(4) PSYoungGen: 72687K(73216K)->10512K(73216K) Eden: 62159K(62464K)->0K(62464K) From: 10528K(10752K)->10512K(10752K)
[2026-03-23T13:56:39.909+0900][5.621s][info][gc,heap     ] GC(4) ParOldGen: 20529K(175104K)->27193K(175104K)
[2026-03-23T13:56:39.909+0900][5.621s][info][gc,metaspace] GC(4) Metaspace: 224K(384K)->224K(384K) NonClass: 209K(256K)->209K(256K) Class: 14K(128K)->14K(128K)
[2026-03-23T13:56:39.909+0900][5.621s][info][gc          ] GC(4) Pause Young (Allocation Failure) 91M->36M(242M) 4.058ms
[2026-03-23T13:56:39.909+0900][5.621s][info][gc,cpu      ] GC(4) User=0.00s Sys=0.00s Real=0.00s
[2026-03-23T13:56:41.034+0900][6.747s][info][gc,start    ] GC(5) Pause Young (Allocation Failure)
[2026-03-23T13:56:41.037+0900][6.750s][info][gc,heap     ] GC(5) PSYoungGen: 72677K(73216K)->12048K(73728K) Eden: 62164K(62464K)->0K(61440K) From: 10512K(10752K)->12048K(12288K)
[2026-03-23T13:56:41.037+0900][6.750s][info][gc,heap     ] GC(5) ParOldGen: 27193K(175104K)->32833K(175104K)
[2026-03-23T13:56:41.037+0900][6.750s][info][gc,metaspace] GC(5) Metaspace: 227K(384K)->227K(384K) NonClass: 212K(256K)->212K(256K) Class: 14K(128K)->14K(128K)
[2026-03-23T13:56:41.037+0900][6.750s][info][gc          ] GC(5) Pause Young (Allocation Failure) 97M->43M(243M) 2.940ms
[2026-03-23T13:56:41.037+0900][6.750s][info][gc,cpu      ] GC(5) User=0.01s Sys=0.01s Real=0.00s
[2026-03-23T13:56:42.132+0900][7.845s][info][gc,start    ] GC(6) Pause Young (Allocation Failure)
[2026-03-23T13:56:42.138+0900][7.850s][info][gc,heap     ] GC(6) PSYoungGen: 73172K(73728K)->12896K(74752K) Eden: 61124K(61440K)->0K(61440K) From: 12048K(12288K)->12896K(13312K)
[2026-03-23T13:56:42.138+0900][7.850s][info][gc,heap     ] GC(6) ParOldGen: 32833K(175104K)->39173K(175104K)
[2026-03-23T13:56:42.139+0900][7.852s][info][gc,metaspace] GC(6) Metaspace: 231K(448K)->231K(448K) NonClass: 216K(320K)->216K(320K) Class: 14K(128K)->14K(128K)
[2026-03-23T13:56:42.139+0900][7.852s][info][gc          ] GC(6) Pause Young (Allocation Failure) 103M->50M(244M) 7.319ms
[2026-03-23T13:56:42.139+0900][7.852s][info][gc,cpu      ] GC(6) User=0.00s Sys=0.00s Real=0.00s
[2026-03-23T13:56:43.269+0900][8.982s][info][gc,start    ] GC(7) Pause Young (Allocation Failure)
[2026-03-23T13:56:43.273+0900][8.986s][info][gc,heap     ] GC(7) PSYoungGen: 74023K(74752K)->13472K(74240K) Eden: 61126K(61440K)->0K(60416K) From: 12896K(13312K)->13472K(13824K)
[2026-03-23T13:56:43.273+0900][8.986s][info][gc,heap     ] GC(7) ParOldGen: 39173K(175104K)->45333K(175104K)
[2026-03-23T13:56:43.274+0900][8.986s][info][gc,metaspace] GC(7) Metaspace: 231K(448K)->231K(448K) NonClass: 216K(320K)->216K(320K) Class: 14K(128K)->14K(128K)
[2026-03-23T13:56:43.274+0900][8.986s][info][gc          ] GC(7) Pause Young (Allocation Failure) 110M->57M(243M) 4.230ms
[2026-03-23T13:56:43.274+0900][8.986s][info][gc,cpu      ] GC(7) User=0.00s Sys=0.01s Real=0.01s
[2026-03-23T13:56:44.334+0900][10.047s][info][gc,start    ] GC(8) Pause Young (Allocation Failure)
[2026-03-23T13:56:44.338+0900][10.050s][info][gc,heap     ] GC(8) PSYoungGen: 73556K(74240K)->14464K(75264K) Eden: 60083K(60416K)->0K(60416K) From: 13472K(13824K)->14464K(14848K)
[2026-03-23T13:56:44.341+0900][10.053s][info][gc,heap     ] GC(8) ParOldGen: 45333K(175104K)->51510K(175104K)
[2026-03-23T13:56:44.341+0900][10.054s][info][gc,metaspace] GC(8) Metaspace: 231K(448K)->231K(448K) NonClass: 216K(320K)->216K(320K) Class: 14K(128K)->14K(128K)
[2026-03-23T13:56:44.341+0900][10.054s][info][gc          ] GC(8) Pause Young (Allocation Failure) 116M->64M(244M) 7.011ms
[2026-03-23T13:56:44.341+0900][10.054s][info][gc,cpu      ] GC(8) User=0.01s Sys=0.00s Real=0.01s
[2026-03-23T13:56:45.447+0900][11.160s][info][gc,start    ] GC(9) Pause Young (Allocation Failure)
[2026-03-23T13:56:45.458+0900][11.170s][info][gc,heap     ] GC(9) PSYoungGen: 74549K(75264K)->10784K(75264K) Eden: 60084K(60416K)->0K(60416K) From: 14464K(14848K)->10784K(14848K)
[2026-03-23T13:56:45.458+0900][11.170s][info][gc,heap     ] GC(9) ParOldGen: 51510K(175104K)->61758K(175104K)
[2026-03-23T13:56:45.458+0900][11.170s][info][gc,metaspace] GC(9) Metaspace: 237K(448K)->237K(448K) NonClass: 222K(320K)->222K(320K) Class: 14K(128K)->14K(128K)
[2026-03-23T13:56:45.458+0900][11.170s][info][gc          ] GC(9) Pause Young (Allocation Failure) 123M->70M(244M) 10.643ms
[2026-03-23T13:56:45.458+0900][11.170s][info][gc,cpu      ] GC(9) User=0.01s Sys=0.00s Real=0.01s
[2026-03-23T13:56:46.468+0900][12.181s][info][gc,heap,exit] Heap
[2026-03-23T13:56:46.468+0900][12.181s][info][gc,heap,exit]  PSYoungGen      total 75264K, used 66958K [0x00000007f5580000, 0x00000007fae80000, 0x0000000800000000)
[2026-03-23T13:56:46.468+0900][12.181s][info][gc,heap,exit]   eden space 60416K, 92% used [0x00000007f5580000,0x00000007f8c5b750,0x00000007f9080000)
[2026-03-23T13:56:46.468+0900][12.181s][info][gc,heap,exit]   from space 14848K, 72% used [0x00000007fa000000,0x00000007faa88148,0x00000007fae80000)
[2026-03-23T13:56:46.468+0900][12.181s][info][gc,heap,exit]   to   space 15360K, 0% used [0x00000007f9080000,0x00000007f9080000,0x00000007f9f80000)
[2026-03-23T13:56:46.468+0900][12.181s][info][gc,heap,exit]  ParOldGen       total 175104K, used 61758K [0x00000007e0000000, 0x00000007eab00000, 0x00000007f5580000)
[2026-03-23T13:56:46.468+0900][12.181s][info][gc,heap,exit]   object space 175104K, 35% used [0x00000007e0000000,0x00000007e3c4f9c8,0x00000007eab00000)
[2026-03-23T13:56:46.468+0900][12.181s][info][gc,heap,exit]  Metaspace       used 238K, committed 448K, reserved 1114112K
[2026-03-23T13:56:46.468+0900][12.181s][info][gc,heap,exit]   class space    used 15K, committed 128K, reserved 1048576K
