[2026-03-23T13:59:03.175+0900][0.004s][info][gc,init] CardTable entry size: 512
[2026-03-23T13:59:03.175+0900][0.004s][info][gc     ] Using Parallel
[2026-03-23T13:59:03.175+0900][0.004s][info][gc,init] Version: 21.0.9+10-LTS (release)
[2026-03-23T13:59:03.175+0900][0.004s][info][gc,init] CPUs: 14 total, 14 available
[2026-03-23T13:59:03.175+0900][0.004s][info][gc,init] Memory: 49152M
[2026-03-23T13:59:03.175+0900][0.004s][info][gc,init] Large Page Support: Disabled
[2026-03-23T13:59:03.175+0900][0.004s][info][gc,init] NUMA Support: Disabled
[2026-03-23T13:59:03.175+0900][0.004s][info][gc,init] Compressed Oops: Enabled (Zero based)
[2026-03-23T13:59:03.175+0900][0.004s][info][gc,init] Alignments: Space 512K, Generation 512K, Heap 8M
[2026-03-23T13:59:03.175+0900][0.004s][info][gc,init] Heap Min Capacity: 256M
[2026-03-23T13:59:03.175+0900][0.004s][info][gc,init] Heap Initial Capacity: 256M
[2026-03-23T13:59:03.175+0900][0.004s][info][gc,init] Heap Max Capacity: 512M
[2026-03-23T13:59:03.175+0900][0.004s][info][gc,init] Pre-touch: Disabled
[2026-03-23T13:59:03.175+0900][0.004s][info][gc,init] Parallel Workers: 11
[2026-03-23T13:59:03.179+0900][0.008s][info][gc,metaspace] CDS archive(s) mapped at: [0x0000009000000000-0x0000009000c9c000-0x0000009000c9c000), size 13221888, SharedBaseAddress: 0x0000009000000000, ArchiveRelocationMode: 1.
[2026-03-23T13:59:03.179+0900][0.008s][info][gc,metaspace] Compressed class space mapped at: 0x0000009001000000-0x0000009041000000, reserved size: 1073741824
[2026-03-23T13:59:03.179+0900][0.008s][info][gc,metaspace] Narrow klass base: 0x0000009000000000, Narrow klass shift: 0, Narrow klass range: 0x100000000
[2026-03-23T13:59:04.255+0900][1.084s][info][gc,start    ] GC(0) Pause Young (Allocation Failure)
[2026-03-23T13:59:04.259+0900][1.088s][info][gc,heap     ] GC(0) PSYoungGen: 65435K(76288K)->7920K(76288K) Eden: 65435K(65536K)->0K(65536K) From: 0K(10752K)->7920K(10752K)
[2026-03-23T13:59:04.259+0900][1.088s][info][gc,heap     ] GC(0) ParOldGen: 1056K(175104K)->1064K(175104K)
[2026-03-23T13:59:04.259+0900][1.088s][info][gc,metaspace] GC(0) Metaspace: 215K(384K)->215K(384K) NonClass: 201K(256K)->201K(256K) Class: 14K(128K)->14K(128K)
[2026-03-23T13:59:04.259+0900][1.088s][info][gc          ] GC(0) Pause Young (Allocation Failure) 64M->8M(245M) 4.129ms
[2026-03-23T13:59:04.259+0900][1.088s][info][gc,cpu      ] GC(0) User=0.00s Sys=0.00s Real=0.00s
[2026-03-23T13:59:05.415+0900][2.244s][info][gc,start    ] GC(1) Pause Young (Allocation Failure)
[2026-03-23T13:59:05.416+0900][2.245s][info][gc,heap     ] GC(1) PSYoungGen: 73167K(76288K)->10528K(141824K) Eden: 65247K(65536K)->0K(131072K) From: 7920K(10752K)->10528K(10752K)
[2026-03-23T13:59:05.416+0900][2.245s][info][gc,heap     ] GC(1) ParOldGen: 1064K(175104K)->6704K(175104K)
[2026-03-23T13:59:05.416+0900][2.245s][info][gc,metaspace] GC(1) Metaspace: 215K(384K)->215K(384K) NonClass: 201K(256K)->201K(256K) Class: 14K(128K)->14K(128K)
[2026-03-23T13:59:05.416+0900][2.245s][info][gc          ] GC(1) Pause Young (Allocation Failure) 72M->16M(309M) 1.247ms
[2026-03-23T13:59:05.416+0900][2.245s][info][gc,cpu      ] GC(1) User=0.00s Sys=0.00s Real=0.00s
[2026-03-23T13:59:07.792+0900][4.620s][info][gc,start    ] GC(2) Pause Young (Allocation Failure)
[2026-03-23T13:59:07.799+0900][4.628s][info][gc,heap     ] GC(2) PSYoungGen: 141576K(141824K)->10560K(141824K) Eden: 131047K(131072K)->0K(131072K) From: 10528K(10752K)->10560K(10752K)
[2026-03-23T13:59:07.799+0900][4.628s][info][gc,heap     ] GC(2) ParOldGen: 6704K(175104K)->22073K(175104K)
[2026-03-23T13:59:07.799+0900][4.628s][info][gc,metaspace] GC(2) Metaspace: 219K(384K)->219K(384K) NonClass: 205K(256K)->205K(256K) Class: 14K(128K)->14K(128K)
[2026-03-23T13:59:07.799+0900][4.628s][info][gc          ] GC(2) Pause Young (Allocation Failure) 144M->31M(309M) 7.494ms
[2026-03-23T13:59:07.799+0900][4.628s][info][gc,cpu      ] GC(2) User=0.00s Sys=0.01s Real=0.00s
[2026-03-23T13:59:10.198+0900][7.027s][info][gc,start    ] GC(3) Pause Young (Allocation Failure)
[2026-03-23T13:59:10.203+0900][7.032s][info][gc,heap     ] GC(3) PSYoungGen: 141629K(141824K)->10576K(163840K) Eden: 131068K(131072K)->0K(153088K) From: 10560K(10752K)->10576K(10752K)
[2026-03-23T13:59:10.204+0900][7.032s][info][gc,heap     ] GC(3) ParOldGen: 22073K(175104K)->35905K(175104K)
[2026-03-23T13:59:10.204+0900][7.032s][info][gc,metaspace] GC(3) Metaspace: 227K(384K)->227K(384K) NonClass: 212K(256K)->212K(256K) Class: 14K(128K)->14K(128K)
[2026-03-23T13:59:10.204+0900][7.032s][info][gc          ] GC(3) Pause Young (Allocation Failure) 159M->45M(331M) 5.638ms
[2026-03-23T13:59:10.204+0900][7.033s][info][gc,cpu      ] GC(3) User=0.00s Sys=0.02s Real=0.01s
[2026-03-23T13:59:12.941+0900][9.770s][info][gc,start    ] GC(4) Pause Young (Allocation Failure)
[2026-03-23T13:59:12.950+0900][9.779s][info][gc,heap     ] GC(4) PSYoungGen: 163602K(163840K)->10576K(163840K) Eden: 153026K(153088K)->0K(153088K) From: 10576K(10752K)->10576K(10752K)
[2026-03-23T13:59:12.950+0900][9.779s][info][gc,heap     ] GC(4) ParOldGen: 35905K(175104K)->54338K(175104K)
[2026-03-23T13:59:12.950+0900][9.779s][info][gc,metaspace] GC(4) Metaspace: 230K(448K)->230K(448K) NonClass: 216K(320K)->216K(320K) Class: 14K(128K)->14K(128K)
[2026-03-23T13:59:12.950+0900][9.779s][info][gc          ] GC(4) Pause Young (Allocation Failure) 194M->63M(331M) 8.663ms
[2026-03-23T13:59:12.950+0900][9.779s][info][gc,cpu      ] GC(4) User=0.01s Sys=0.01s Real=0.01s
[2026-03-23T13:59:15.340+0900][12.168s][info][gc,heap,exit] Heap
[2026-03-23T13:59:15.340+0900][12.168s][info][gc,heap,exit]  PSYoungGen      total 163840K, used 141589K [0x000000034a580000, 0x0000000355000000, 0x0000000355000000)
[2026-03-23T13:59:15.340+0900][12.168s][info][gc,heap,exit]   eden space 153088K, 85% used [0x000000034a580000,0x00000003525712c8,0x0000000353b00000)
[2026-03-23T13:59:15.340+0900][12.168s][info][gc,heap,exit]   from space 10752K, 98% used [0x0000000353b00000,0x0000000354554158,0x0000000354580000)
[2026-03-23T13:59:15.340+0900][12.168s][info][gc,heap,exit]   to   space 10752K, 0% used [0x0000000354580000,0x0000000354580000,0x0000000355000000)
[2026-03-23T13:59:15.340+0900][12.168s][info][gc,heap,exit]  ParOldGen       total 175104K, used 54338K [0x0000000335000000, 0x000000033fb00000, 0x000000034a580000)
[2026-03-23T13:59:15.340+0900][12.168s][info][gc,heap,exit]   object space 175104K, 31% used [0x0000000335000000,0x00000003385108a8,0x000000033fb00000)
[2026-03-23T13:59:15.340+0900][12.169s][info][gc,heap,exit]  Metaspace       used 237K, committed 448K, reserved 1114112K
[2026-03-23T13:59:15.340+0900][12.169s][info][gc,heap,exit]   class space    used 15K, committed 128K, reserved 1048576K
