[2026-03-23T13:58:50.795+0900][0.005s][info][gc,init] CardTable entry size: 512
[2026-03-23T13:58:50.795+0900][0.005s][info][gc     ] Using Parallel
[2026-03-23T13:58:50.795+0900][0.005s][info][gc,init] Version: 21.0.9+10-LTS (release)
[2026-03-23T13:58:50.795+0900][0.005s][info][gc,init] CPUs: 14 total, 14 available
[2026-03-23T13:58:50.795+0900][0.005s][info][gc,init] Memory: 49152M
[2026-03-23T13:58:50.795+0900][0.005s][info][gc,init] Large Page Support: Disabled
[2026-03-23T13:58:50.795+0900][0.005s][info][gc,init] NUMA Support: Disabled
[2026-03-23T13:58:50.795+0900][0.005s][info][gc,init] Compressed Oops: Enabled (Zero based)
[2026-03-23T13:58:50.795+0900][0.005s][info][gc,init] Alignments: Space 512K, Generation 512K, Heap 8M
[2026-03-23T13:58:50.795+0900][0.005s][info][gc,init] Heap Min Capacity: 256M
[2026-03-23T13:58:50.795+0900][0.005s][info][gc,init] Heap Initial Capacity: 256M
[2026-03-23T13:58:50.795+0900][0.005s][info][gc,init] Heap Max Capacity: 512M
[2026-03-23T13:58:50.795+0900][0.005s][info][gc,init] Pre-touch: Disabled
[2026-03-23T13:58:50.795+0900][0.005s][info][gc,init] Parallel Workers: 14
[2026-03-23T13:58:50.798+0900][0.008s][info][gc,metaspace] CDS archive(s) mapped at: [0x000000b800000000-0x000000b800c9c000-0x000000b800c9c000), size 13221888, SharedBaseAddress: 0x000000b800000000, ArchiveRelocationMode: 1.
[2026-03-23T13:58:50.798+0900][0.008s][info][gc,metaspace] Compressed class space mapped at: 0x000000b801000000-0x000000b841000000, reserved size: 1073741824
[2026-03-23T13:58:50.798+0900][0.008s][info][gc,metaspace] Narrow klass base: 0x000000b800000000, Narrow klass shift: 0, Narrow klass range: 0x100000000
[2026-03-23T13:58:51.874+0900][1.084s][info][gc,start    ] GC(0) Pause Young (Allocation Failure)
[2026-03-23T13:58:51.878+0900][1.088s][info][gc,heap     ] GC(0) PSYoungGen: 65435K(76288K)->8144K(76288K) Eden: 65435K(65536K)->0K(65536K) From: 0K(10752K)->8144K(10752K)
[2026-03-23T13:58:51.878+0900][1.088s][info][gc,heap     ] GC(0) ParOldGen: 1056K(175104K)->1064K(175104K)
[2026-03-23T13:58:51.879+0900][1.088s][info][gc,metaspace] GC(0) Metaspace: 216K(384K)->216K(384K) NonClass: 201K(256K)->201K(256K) Class: 14K(128K)->14K(128K)
[2026-03-23T13:58:51.879+0900][1.088s][info][gc          ] GC(0) Pause Young (Allocation Failure) 64M->8M(245M) 4.115ms
[2026-03-23T13:58:51.879+0900][1.088s][info][gc,cpu      ] GC(0) User=0.00s Sys=0.00s Real=0.00s
[2026-03-23T13:58:53.052+0900][2.262s][info][gc,start    ] GC(1) Pause Young (Allocation Failure)
[2026-03-23T13:58:53.057+0900][2.267s][info][gc,heap     ] GC(1) PSYoungGen: 73391K(76288K)->10736K(76288K) Eden: 65247K(65536K)->0K(65536K) From: 8144K(10752K)->10736K(10752K)
[2026-03-23T13:58:53.057+0900][2.267s][info][gc,heap     ] GC(1) ParOldGen: 1064K(175104K)->6696K(175104K)
[2026-03-23T13:58:53.057+0900][2.267s][info][gc,metaspace] GC(1) Metaspace: 216K(384K)->216K(384K) NonClass: 201K(256K)->201K(256K) Class: 14K(128K)->14K(128K)
[2026-03-23T13:58:53.057+0900][2.267s][info][gc          ] GC(1) Pause Young (Allocation Failure) 72M->17M(245M) 5.310ms
[2026-03-23T13:58:53.057+0900][2.267s][info][gc,cpu      ] GC(1) User=0.00s Sys=0.00s Real=0.00s
[2026-03-23T13:58:54.243+0900][3.453s][info][gc,start    ] GC(2) Pause Young (Allocation Failure)
[2026-03-23T13:58:54.248+0900][3.457s][info][gc,heap     ] GC(2) PSYoungGen: 76004K(76288K)->10704K(76288K) Eden: 65267K(65536K)->0K(65536K) From: 10736K(10752K)->10704K(10752K)
[2026-03-23T13:58:54.248+0900][3.458s][info][gc,heap     ] GC(2) ParOldGen: 6696K(175104K)->15400K(175104K)
[2026-03-23T13:58:54.248+0900][3.458s][info][gc,metaspace] GC(2) Metaspace: 217K(384K)->217K(384K) NonClass: 202K(256K)->202K(256K) Class: 14K(128K)->14K(128K)
[2026-03-23T13:58:54.248+0900][3.458s][info][gc          ] GC(2) Pause Young (Allocation Failure) 80M->25M(245M) 4.798ms
[2026-03-23T13:58:54.248+0900][3.458s][info][gc,cpu      ] GC(2) User=0.00s Sys=0.00s Real=0.00s
[2026-03-23T13:58:55.444+0900][4.653s][info][gc,start    ] GC(3) Pause Young (Allocation Failure)
[2026-03-23T13:58:55.448+0900][4.658s][info][gc,heap     ] GC(3) PSYoungGen: 75986K(76288K)->10624K(76288K) Eden: 65282K(65536K)->0K(65536K) From: 10704K(10752K)->10624K(10752K)
[2026-03-23T13:58:55.448+0900][4.658s][info][gc,heap     ] GC(3) ParOldGen: 15400K(175104K)->21553K(175104K)
[2026-03-23T13:58:55.449+0900][4.658s][info][gc,metaspace] GC(3) Metaspace: 219K(384K)->219K(384K) NonClass: 205K(256K)->205K(256K) Class: 14K(128K)->14K(128K)
[2026-03-23T13:58:55.449+0900][4.658s][info][gc          ] GC(3) Pause Young (Allocation Failure) 89M->31M(245M) 4.943ms
[2026-03-23T13:58:55.449+0900][4.658s][info][gc,cpu      ] GC(3) User=0.01s Sys=0.00s Real=0.00s
[2026-03-23T13:58:56.675+0900][5.885s][info][gc,start    ] GC(4) Pause Young (Allocation Failure)
[2026-03-23T13:58:56.681+0900][5.891s][info][gc,heap     ] GC(4) PSYoungGen: 75915K(76288K)->10704K(74752K) Eden: 65291K(65536K)->0K(64000K) From: 10624K(10752K)->10704K(10752K)
[2026-03-23T13:58:56.682+0900][5.891s][info][gc,heap     ] GC(4) ParOldGen: 21553K(175104K)->27697K(175104K)
[2026-03-23T13:58:56.682+0900][5.891s][info][gc,metaspace] GC(4) Metaspace: 225K(384K)->225K(384K) NonClass: 210K(256K)->210K(256K) Class: 14K(128K)->14K(128K)
[2026-03-23T13:58:56.682+0900][5.891s][info][gc          ] GC(4) Pause Young (Allocation Failure) 95M->37M(244M) 6.318ms
[2026-03-23T13:58:56.682+0900][5.891s][info][gc,cpu      ] GC(4) User=0.01s Sys=0.01s Real=0.01s
[2026-03-23T13:58:57.799+0900][7.009s][info][gc,start    ] GC(5) Pause Young (Allocation Failure)
[2026-03-23T13:58:57.801+0900][7.011s][info][gc,heap     ] GC(5) PSYoungGen: 74434K(74752K)->12176K(74752K) Eden: 63730K(64000K)->0K(62464K) From: 10704K(10752K)->12176K(12288K)
[2026-03-23T13:58:57.801+0900][7.011s][info][gc,heap     ] GC(5) ParOldGen: 27697K(175104K)->33849K(175104K)
[2026-03-23T13:58:57.801+0900][7.011s][info][gc,metaspace] GC(5) Metaspace: 227K(384K)->227K(384K) NonClass: 213K(256K)->213K(256K) Class: 14K(128K)->14K(128K)
[2026-03-23T13:58:57.801+0900][7.011s][info][gc          ] GC(5) Pause Young (Allocation Failure) 99M->44M(244M) 1.752ms
[2026-03-23T13:58:57.801+0900][7.011s][info][gc,cpu      ] GC(5) User=0.00s Sys=0.00s Real=0.01s
[2026-03-23T13:58:58.875+0900][8.085s][info][gc,start    ] GC(6) Pause Young (Allocation Failure)
[2026-03-23T13:58:58.877+0900][8.087s][info][gc,heap     ] GC(6) PSYoungGen: 74344K(74752K)->12960K(74752K) Eden: 62167K(62464K)->0K(61440K) From: 12176K(12288K)->12960K(13312K)
[2026-03-23T13:58:58.877+0900][8.087s][info][gc,heap     ] GC(6) ParOldGen: 33849K(175104K)->41253K(175104K)
[2026-03-23T13:58:58.877+0900][8.087s][info][gc,metaspace] GC(6) Metaspace: 231K(448K)->231K(448K) NonClass: 217K(320K)->217K(320K) Class: 14K(128K)->14K(128K)
[2026-03-23T13:58:58.877+0900][8.087s][info][gc          ] GC(6) Pause Young (Allocation Failure) 105M->52M(244M) 1.774ms
[2026-03-23T13:58:58.877+0900][8.087s][info][gc,cpu      ] GC(6) User=0.01s Sys=0.00s Real=0.00s
[2026-03-23T13:59:00.026+0900][9.236s][info][gc,start    ] GC(7) Pause Young (Allocation Failure)
[2026-03-23T13:59:00.027+0900][9.237s][info][gc,heap     ] GC(7) PSYoungGen: 74086K(74752K)->14176K(74752K) Eden: 61126K(61440K)->0K(60416K) From: 12960K(13312K)->14176K(14336K)
[2026-03-23T13:59:00.027+0900][9.237s][info][gc,heap     ] GC(7) ParOldGen: 41253K(175104K)->45933K(175104K)
[2026-03-23T13:59:00.027+0900][9.237s][info][gc,metaspace] GC(7) Metaspace: 231K(448K)->231K(448K) NonClass: 217K(320K)->217K(320K) Class: 14K(128K)->14K(128K)
[2026-03-23T13:59:00.027+0900][9.237s][info][gc          ] GC(7) Pause Young (Allocation Failure) 112M->58M(244M) 0.766ms
[2026-03-23T13:59:00.027+0900][9.237s][info][gc,cpu      ] GC(7) User=0.01s Sys=0.00s Real=0.00s
[2026-03-23T13:59:01.030+0900][10.240s][info][gc,start    ] GC(8) Pause Young (Allocation Failure)
[2026-03-23T13:59:01.032+0900][10.241s][info][gc,heap     ] GC(8) PSYoungGen: 74259K(74752K)->15104K(74752K) Eden: 60083K(60416K)->0K(59392K) From: 14176K(14336K)->15104K(15360K)
[2026-03-23T13:59:01.032+0900][10.242s][info][gc,heap     ] GC(8) ParOldGen: 45933K(175104K)->53166K(175104K)
[2026-03-23T13:59:01.032+0900][10.242s][info][gc,metaspace] GC(8) Metaspace: 231K(448K)->231K(448K) NonClass: 217K(320K)->217K(320K) Class: 14K(128K)->14K(128K)
[2026-03-23T13:59:01.032+0900][10.242s][info][gc          ] GC(8) Pause Young (Allocation Failure) 117M->66M(244M) 2.058ms
[2026-03-23T13:59:01.032+0900][10.242s][info][gc,cpu      ] GC(8) User=0.01s Sys=0.00s Real=0.00s
[2026-03-23T13:59:02.150+0900][11.360s][info][gc,start    ] GC(9) Pause Young (Allocation Failure)
[2026-03-23T13:59:02.152+0900][11.362s][info][gc,heap     ] GC(9) PSYoungGen: 74144K(74752K)->11328K(72704K) Eden: 59040K(59392K)->0K(58368K) From: 15104K(15360K)->11328K(14336K)
[2026-03-23T13:59:02.152+0900][11.362s][info][gc,heap     ] GC(9) ParOldGen: 53166K(175104K)->62494K(175104K)
[2026-03-23T13:59:02.152+0900][11.362s][info][gc,metaspace] GC(9) Metaspace: 237K(448K)->237K(448K) NonClass: 223K(320K)->223K(320K) Class: 14K(128K)->14K(128K)
[2026-03-23T13:59:02.152+0900][11.362s][info][gc          ] GC(9) Pause Young (Allocation Failure) 124M->72M(242M) 2.460ms
[2026-03-23T13:59:02.152+0900][11.362s][info][gc,cpu      ] GC(9) User=0.01s Sys=0.02s Real=0.00s
[2026-03-23T13:59:02.889+0900][12.099s][info][gc,heap,exit] Heap
[2026-03-23T13:59:02.889+0900][12.099s][info][gc,heap,exit]  PSYoungGen      total 72704K, used 53595K [0x000000059fd80000, 0x00000005a5580000, 0x00000005aa800000)
[2026-03-23T13:59:02.889+0900][12.099s][info][gc,heap,exit]   eden space 58368K, 72% used [0x000000059fd80000,0x00000005a26c6e48,0x00000005a3680000)
[2026-03-23T13:59:02.889+0900][12.099s][info][gc,heap,exit]   from space 14336K, 79% used [0x00000005a4780000,0x00000005a5290168,0x00000005a5580000)
[2026-03-23T13:59:02.889+0900][12.099s][info][gc,heap,exit]   to   space 15872K, 0% used [0x00000005a3680000,0x00000005a3680000,0x00000005a4600000)
[2026-03-23T13:59:02.889+0900][12.099s][info][gc,heap,exit]  ParOldGen       total 175104K, used 62494K [0x000000058a800000, 0x0000000595300000, 0x000000059fd80000)
[2026-03-23T13:59:02.889+0900][12.099s][info][gc,heap,exit]   object space 175104K, 35% used [0x000000058a800000,0x000000058e5079c8,0x0000000595300000)
[2026-03-23T13:59:02.889+0900][12.099s][info][gc,heap,exit]  Metaspace       used 238K, committed 448K, reserved 1114112K
[2026-03-23T13:59:02.889+0900][12.099s][info][gc,heap,exit]   class space    used 15K, committed 128K, reserved 1048576K
