[2026-03-23T15:51:17.332+0900][0.003s][info][gc,init] CardTable entry size: 512
[2026-03-23T15:51:17.332+0900][0.003s][info][gc     ] Using Parallel
[2026-03-23T15:51:17.332+0900][0.004s][info][gc,init] Version: 21.0.9+10-LTS (release)
[2026-03-23T15:51:17.332+0900][0.004s][info][gc,init] CPUs: 14 total, 14 available
[2026-03-23T15:51:17.332+0900][0.004s][info][gc,init] Memory: 49152M
[2026-03-23T15:51:17.332+0900][0.004s][info][gc,init] Large Page Support: Disabled
[2026-03-23T15:51:17.332+0900][0.004s][info][gc,init] NUMA Support: Disabled
[2026-03-23T15:51:17.332+0900][0.004s][info][gc,init] Compressed Oops: Enabled (Zero based)
[2026-03-23T15:51:17.332+0900][0.004s][info][gc,init] Alignments: Space 512K, Generation 512K, Heap 8M
[2026-03-23T15:51:17.332+0900][0.004s][info][gc,init] Heap Min Capacity: 256M
[2026-03-23T15:51:17.332+0900][0.004s][info][gc,init] Heap Initial Capacity: 256M
[2026-03-23T15:51:17.332+0900][0.004s][info][gc,init] Heap Max Capacity: 512M
[2026-03-23T15:51:17.332+0900][0.004s][info][gc,init] Pre-touch: Disabled
[2026-03-23T15:51:17.332+0900][0.004s][info][gc,init] Parallel Workers: 11
[2026-03-23T15:51:17.335+0900][0.006s][info][gc,metaspace] CDS archive(s) mapped at: [0x000000f000000000-0x000000f000c9c000-0x000000f000c9c000), size 13221888, SharedBaseAddress: 0x000000f000000000, ArchiveRelocationMode: 1.
[2026-03-23T15:51:17.335+0900][0.006s][info][gc,metaspace] Compressed class space mapped at: 0x000000f001000000-0x000000f041000000, reserved size: 1073741824
[2026-03-23T15:51:17.335+0900][0.006s][info][gc,metaspace] Narrow klass base: 0x000000f000000000, Narrow klass shift: 0, Narrow klass range: 0x100000000
[2026-03-23T15:51:17.559+0900][0.230s][info][gc,start    ] GC(0) Pause Young (Allocation Failure)
[2026-03-23T15:51:17.560+0900][0.231s][info][gc,heap     ] GC(0) PSYoungGen: 64923K(76288K)->8448K(76288K) Eden: 64923K(65536K)->0K(65536K) From: 0K(10752K)->8448K(10752K)
[2026-03-23T15:51:17.560+0900][0.231s][info][gc,heap     ] GC(0) ParOldGen: 1056K(175104K)->1064K(175104K)
[2026-03-23T15:51:17.560+0900][0.231s][info][gc,metaspace] GC(0) Metaspace: 218K(384K)->218K(384K) NonClass: 204K(256K)->204K(256K) Class: 14K(128K)->14K(128K)
[2026-03-23T15:51:17.560+0900][0.231s][info][gc          ] GC(0) Pause Young (Allocation Failure) 64M->9M(245M) 0.807ms
[2026-03-23T15:51:17.560+0900][0.231s][info][gc,cpu      ] GC(0) User=0.00s Sys=0.00s Real=0.01s
[2026-03-23T15:51:17.798+0900][0.469s][info][gc,start    ] GC(1) Pause Young (Allocation Failure)
[2026-03-23T15:51:17.800+0900][0.471s][info][gc,heap     ] GC(1) PSYoungGen: 73182K(76288K)->10544K(76288K) Eden: 64734K(65536K)->0K(65536K) From: 8448K(10752K)->10544K(10752K)
[2026-03-23T15:51:17.800+0900][0.471s][info][gc,heap     ] GC(1) ParOldGen: 1064K(175104K)->5168K(175104K)
[2026-03-23T15:51:17.800+0900][0.471s][info][gc,metaspace] GC(1) Metaspace: 220K(384K)->220K(384K) NonClass: 205K(256K)->205K(256K) Class: 14K(128K)->14K(128K)
[2026-03-23T15:51:17.800+0900][0.471s][info][gc          ] GC(1) Pause Young (Allocation Failure) 72M->15M(245M) 1.547ms
[2026-03-23T15:51:17.800+0900][0.471s][info][gc,cpu      ] GC(1) User=0.01s Sys=0.00s Real=0.01s
[2026-03-23T15:51:18.030+0900][0.701s][info][gc,start    ] GC(2) Pause Young (Allocation Failure)
[2026-03-23T15:51:18.031+0900][0.702s][info][gc,heap     ] GC(2) PSYoungGen: 75299K(76288K)->10528K(76288K) Eden: 64755K(65536K)->0K(65536K) From: 10544K(10752K)->10528K(10752K)
[2026-03-23T15:51:18.031+0900][0.702s][info][gc,heap     ] GC(2) ParOldGen: 5168K(175104K)->12856K(175104K)
[2026-03-23T15:51:18.031+0900][0.702s][info][gc,metaspace] GC(2) Metaspace: 224K(384K)->224K(384K) NonClass: 209K(256K)->209K(256K) Class: 14K(128K)->14K(128K)
[2026-03-23T15:51:18.031+0900][0.702s][info][gc          ] GC(2) Pause Young (Allocation Failure) 78M->22M(245M) 1.455ms
[2026-03-23T15:51:18.031+0900][0.702s][info][gc,cpu      ] GC(2) User=0.00s Sys=0.01s Real=0.00s
[2026-03-23T15:51:18.270+0900][0.942s][info][gc,start    ] GC(3) Pause Young (Allocation Failure)
[2026-03-23T15:51:18.271+0900][0.942s][info][gc,heap     ] GC(3) PSYoungGen: 75297K(76288K)->10512K(76288K) Eden: 64769K(65536K)->0K(65536K) From: 10528K(10752K)->10512K(10752K)
[2026-03-23T15:51:18.271+0900][0.942s][info][gc,heap     ] GC(3) ParOldGen: 12856K(175104K)->19001K(175104K)
[2026-03-23T15:51:18.271+0900][0.942s][info][gc,metaspace] GC(3) Metaspace: 227K(384K)->227K(384K) NonClass: 212K(256K)->212K(256K) Class: 14K(128K)->14K(128K)
[2026-03-23T15:51:18.271+0900][0.942s][info][gc          ] GC(3) Pause Young (Allocation Failure) 86M->28M(245M) 0.782ms
[2026-03-23T15:51:18.271+0900][0.942s][info][gc,cpu      ] GC(3) User=0.00s Sys=0.00s Real=0.00s
[2026-03-23T15:51:18.509+0900][1.180s][info][gc,start    ] GC(4) Pause Young (Allocation Failure)
[2026-03-23T15:51:18.509+0900][1.181s][info][gc,heap     ] GC(4) PSYoungGen: 75290K(76288K)->10512K(74752K) Eden: 64778K(65536K)->0K(64000K) From: 10512K(10752K)->10512K(10752K)
[2026-03-23T15:51:18.509+0900][1.181s][info][gc,heap     ] GC(4) ParOldGen: 19001K(175104K)->25145K(175104K)
[2026-03-23T15:51:18.509+0900][1.181s][info][gc,metaspace] GC(4) Metaspace: 231K(448K)->231K(448K) NonClass: 216K(320K)->216K(320K) Class: 14K(128K)->14K(128K)
[2026-03-23T15:51:18.509+0900][1.181s][info][gc          ] GC(4) Pause Young (Allocation Failure) 92M->34M(244M) 0.733ms
[2026-03-23T15:51:18.510+0900][1.181s][info][gc,cpu      ] GC(4) User=0.00s Sys=0.00s Real=0.01s
[2026-03-23T15:51:18.740+0900][1.412s][info][gc,start    ] GC(5) Pause Young (Allocation Failure)
[2026-03-23T15:51:18.741+0900][1.412s][info][gc,heap     ] GC(5) PSYoungGen: 73730K(74752K)->11024K(73728K) Eden: 63218K(64000K)->0K(62464K) From: 10512K(10752K)->11024K(11264K)
[2026-03-23T15:51:18.741+0900][1.412s][info][gc,heap     ] GC(5) ParOldGen: 25145K(175104K)->30777K(175104K)
[2026-03-23T15:51:18.741+0900][1.412s][info][gc,metaspace] GC(5) Metaspace: 231K(448K)->231K(448K) NonClass: 216K(320K)->216K(320K) Class: 14K(128K)->14K(128K)
[2026-03-23T15:51:18.741+0900][1.412s][info][gc          ] GC(5) Pause Young (Allocation Failure) 96M->40M(243M) 0.631ms
[2026-03-23T15:51:18.741+0900][1.412s][info][gc,cpu      ] GC(5) User=0.00s Sys=0.00s Real=0.00s
[2026-03-23T15:51:18.962+0900][1.634s][info][gc,start    ] GC(6) Pause Young (Allocation Failure)
[2026-03-23T15:51:18.965+0900][1.636s][info][gc,heap     ] GC(6) PSYoungGen: 72679K(73728K)->11424K(73216K) Eden: 61655K(62464K)->0K(61440K) From: 11024K(11264K)->11424K(11776K)
[2026-03-23T15:51:18.965+0900][1.636s][info][gc,heap     ] GC(6) ParOldGen: 30777K(175104K)->36593K(175104K)
[2026-03-23T15:51:18.965+0900][1.636s][info][gc,metaspace] GC(6) Metaspace: 239K(448K)->239K(448K) NonClass: 225K(320K)->225K(320K) Class: 14K(128K)->14K(128K)
[2026-03-23T15:51:18.965+0900][1.636s][info][gc          ] GC(6) Pause Young (Allocation Failure) 101M->46M(242M) 2.121ms
[2026-03-23T15:51:18.965+0900][1.636s][info][gc,cpu      ] GC(6) User=0.00s Sys=0.01s Real=0.00s
[2026-03-23T15:51:19.193+0900][1.865s][info][gc,start    ] GC(7) Pause Young (Allocation Failure)
[2026-03-23T15:51:19.196+0900][1.867s][info][gc,heap     ] GC(7) PSYoungGen: 72550K(73216K)->11936K(72704K) Eden: 61125K(61440K)->0K(60416K) From: 11424K(11776K)->11936K(12288K)
[2026-03-23T15:51:19.196+0900][1.868s][info][gc,heap     ] GC(7) ParOldGen: 36593K(175104K)->41737K(175104K)
[2026-03-23T15:51:19.196+0900][1.868s][info][gc,metaspace] GC(7) Metaspace: 239K(448K)->239K(448K) NonClass: 225K(320K)->225K(320K) Class: 14K(128K)->14K(128K)
[2026-03-23T15:51:19.196+0900][1.868s][info][gc          ] GC(7) Pause Young (Allocation Failure) 106M->52M(242M) 2.946ms
[2026-03-23T15:51:19.196+0900][1.868s][info][gc,cpu      ] GC(7) User=0.00s Sys=0.00s Real=0.00s
[2026-03-23T15:51:19.416+0900][2.087s][info][gc,start    ] GC(8) Pause Young (Allocation Failure)
[2026-03-23T15:51:19.417+0900][2.088s][info][gc,heap     ] GC(8) PSYoungGen: 72019K(72704K)->12448K(72192K) Eden: 60083K(60416K)->0K(59392K) From: 11936K(12288K)->12448K(12800K)
[2026-03-23T15:51:19.417+0900][2.088s][info][gc,heap     ] GC(8) ParOldGen: 41737K(175104K)->47401K(175104K)
[2026-03-23T15:51:19.417+0900][2.088s][info][gc,metaspace] GC(8) Metaspace: 239K(448K)->239K(448K) NonClass: 225K(320K)->225K(320K) Class: 14K(128K)->14K(128K)
[2026-03-23T15:51:19.417+0900][2.088s][info][gc          ] GC(8) Pause Young (Allocation Failure) 111M->58M(241M) 0.727ms
[2026-03-23T15:51:19.417+0900][2.088s][info][gc,cpu      ] GC(8) User=0.00s Sys=0.00s Real=0.00s
[2026-03-23T15:51:19.632+0900][2.303s][info][gc,start    ] GC(9) Pause Young (Allocation Failure)
[2026-03-23T15:51:19.633+0900][2.304s][info][gc,heap     ] GC(9) PSYoungGen: 71488K(72192K)->11392K(70144K) Eden: 59039K(59392K)->0K(58368K) From: 12448K(12800K)->11392K(11776K)
[2026-03-23T15:51:19.633+0900][2.304s][info][gc,heap     ] GC(9) ParOldGen: 47401K(175104K)->55114K(175104K)
[2026-03-23T15:51:19.633+0900][2.304s][info][gc,metaspace] GC(9) Metaspace: 239K(448K)->239K(448K) NonClass: 225K(320K)->225K(320K) Class: 14K(128K)->14K(128K)
[2026-03-23T15:51:19.633+0900][2.304s][info][gc          ] GC(9) Pause Young (Allocation Failure) 116M->64M(239M) 0.674ms
[2026-03-23T15:51:19.633+0900][2.304s][info][gc,cpu      ] GC(9) User=0.00s Sys=0.01s Real=0.00s
[2026-03-23T15:51:19.847+0900][2.518s][info][gc,start    ] GC(10) Pause Young (Allocation Failure)
[2026-03-23T15:51:19.848+0900][2.519s][info][gc,heap     ] GC(10) PSYoungGen: 69388K(70144K)->6208K(64000K) Eden: 57996K(58368K)->0K(57344K) From: 11392K(11776K)->6208K(6656K)
[2026-03-23T15:51:19.848+0900][2.519s][info][gc,heap     ] GC(10) ParOldGen: 55114K(175104K)->65906K(175104K)
[2026-03-23T15:51:19.848+0900][2.519s][info][gc,metaspace] GC(10) Metaspace: 239K(448K)->239K(448K) NonClass: 225K(320K)->225K(320K) Class: 14K(128K)->14K(128K)
[2026-03-23T15:51:19.848+0900][2.519s][info][gc          ] GC(10) Pause Young (Allocation Failure) 121M->70M(233M) 1.090ms
[2026-03-23T15:51:19.848+0900][2.519s][info][gc,cpu      ] GC(10) User=0.00s Sys=0.00s Real=0.00s
[2026-03-23T15:51:20.060+0900][2.731s][info][gc,start    ] GC(11) Pause Young (Allocation Failure)
[2026-03-23T15:51:20.062+0900][2.733s][info][gc,heap     ] GC(11) PSYoungGen: 63160K(64000K)->6208K(70144K) Eden: 56952K(57344K)->0K(56320K) From: 6208K(6656K)->6208K(13824K)
[2026-03-23T15:51:20.062+0900][2.733s][info][gc,heap     ] GC(11) ParOldGen: 65906K(175104K)->70538K(175104K)
[2026-03-23T15:51:20.062+0900][2.733s][info][gc,metaspace] GC(11) Metaspace: 239K(448K)->239K(448K) NonClass: 225K(320K)->225K(320K) Class: 14K(128K)->14K(128K)
[2026-03-23T15:51:20.062+0900][2.733s][info][gc          ] GC(11) Pause Young (Allocation Failure) 126M->74M(239M) 1.731ms
[2026-03-23T15:51:20.062+0900][2.733s][info][gc,cpu      ] GC(11) User=0.00s Sys=0.00s Real=0.00s
[2026-03-23T15:51:20.262+0900][2.933s][info][gc,start    ] GC(12) Pause Young (Allocation Failure)
[2026-03-23T15:51:20.263+0900][2.934s][info][gc,heap     ] GC(12) PSYoungGen: 62116K(70144K)->6720K(62464K) Eden: 55908K(56320K)->0K(55296K) From: 6208K(13824K)->6720K(7168K)
[2026-03-23T15:51:20.263+0900][2.934s][info][gc,heap     ] GC(12) ParOldGen: 70538K(175104K)->76722K(175104K)
[2026-03-23T15:51:20.263+0900][2.934s][info][gc,metaspace] GC(12) Metaspace: 239K(448K)->239K(448K) NonClass: 225K(320K)->225K(320K) Class: 14K(128K)->14K(128K)
[2026-03-23T15:51:20.263+0900][2.934s][info][gc          ] GC(12) Pause Young (Allocation Failure) 129M->81M(232M) 0.777ms
[2026-03-23T15:51:20.263+0900][2.934s][info][gc,cpu      ] GC(12) User=0.00s Sys=0.00s Real=0.00s
[2026-03-23T15:51:20.468+0900][3.139s][info][gc,start    ] GC(13) Pause Young (Allocation Failure)
[2026-03-23T15:51:20.470+0900][3.141s][info][gc,heap     ] GC(13) PSYoungGen: 61584K(62464K)->4704K(68608K) Eden: 54864K(55296K)->0K(54272K) From: 6720K(7168K)->4704K(14336K)
[2026-03-23T15:51:20.470+0900][3.141s][info][gc,heap     ] GC(13) ParOldGen: 76722K(175104K)->82907K(175104K)
[2026-03-23T15:51:20.470+0900][3.141s][info][gc,metaspace] GC(13) Metaspace: 239K(448K)->239K(448K) NonClass: 225K(320K)->225K(320K) Class: 14K(128K)->14K(128K)
[2026-03-23T15:51:20.470+0900][3.141s][info][gc          ] GC(13) Pause Young (Allocation Failure) 135M->85M(238M) 1.352ms
[2026-03-23T15:51:20.470+0900][3.141s][info][gc,cpu      ] GC(13) User=0.00s Sys=0.01s Real=0.01s
[2026-03-23T15:51:20.665+0900][3.336s][info][gc,start    ] GC(14) Pause Young (Allocation Failure)
[2026-03-23T15:51:20.666+0900][3.337s][info][gc,heap     ] GC(14) PSYoungGen: 58524K(68608K)->6208K(59904K) Eden: 53820K(54272K)->0K(53248K) From: 4704K(14336K)->6208K(6656K)
[2026-03-23T15:51:20.666+0900][3.337s][info][gc,heap     ] GC(14) ParOldGen: 82907K(175104K)->87547K(175104K)
[2026-03-23T15:51:20.666+0900][3.337s][info][gc,metaspace] GC(14) Metaspace: 239K(448K)->239K(448K) NonClass: 225K(320K)->225K(320K) Class: 14K(128K)->14K(128K)
[2026-03-23T15:51:20.666+0900][3.337s][info][gc          ] GC(14) Pause Young (Allocation Failure) 138M->91M(229M) 1.097ms
[2026-03-23T15:51:20.666+0900][3.337s][info][gc,cpu      ] GC(14) User=0.01s Sys=0.00s Real=0.00s
[2026-03-23T15:51:20.857+0900][3.528s][info][gc,start    ] GC(15) Pause Young (Allocation Failure)
[2026-03-23T15:51:20.858+0900][3.529s][info][gc,heap     ] GC(15) PSYoungGen: 58984K(59904K)->5184K(66048K) Eden: 52776K(53248K)->0K(52224K) From: 6208K(6656K)->5184K(13824K)
[2026-03-23T15:51:20.858+0900][3.529s][info][gc,heap     ] GC(15) ParOldGen: 87547K(175104K)->93731K(175104K)
[2026-03-23T15:51:20.858+0900][3.529s][info][gc,metaspace] GC(15) Metaspace: 239K(448K)->239K(448K) NonClass: 225K(320K)->225K(320K) Class: 14K(128K)->14K(128K)
[2026-03-23T15:51:20.858+0900][3.529s][info][gc          ] GC(15) Pause Young (Allocation Failure) 143M->96M(235M) 1.318ms
[2026-03-23T15:51:20.858+0900][3.529s][info][gc,cpu      ] GC(15) User=0.00s Sys=0.00s Real=0.00s
[2026-03-23T15:51:21.047+0900][3.718s][info][gc,start    ] GC(16) Pause Young (Allocation Failure)
[2026-03-23T15:51:21.047+0900][3.718s][info][gc,heap     ] GC(16) PSYoungGen: 56954K(66048K)->6240K(57856K) Eden: 51770K(52224K)->0K(51200K) From: 5184K(13824K)->6240K(6656K)
[2026-03-23T15:51:21.047+0900][3.718s][info][gc,heap     ] GC(16) ParOldGen: 93731K(175104K)->98371K(175104K)
[2026-03-23T15:51:21.047+0900][3.718s][info][gc,metaspace] GC(16) Metaspace: 239K(448K)->239K(448K) NonClass: 225K(320K)->225K(320K) Class: 14K(128K)->14K(128K)
[2026-03-23T15:51:21.047+0900][3.718s][info][gc          ] GC(16) Pause Young (Allocation Failure) 147M->102M(227M) 0.734ms
[2026-03-23T15:51:21.047+0900][3.718s][info][gc,cpu      ] GC(16) User=0.01s Sys=0.00s Real=0.00s
[2026-03-23T15:51:21.234+0900][3.905s][info][gc,start    ] GC(17) Pause Young (Allocation Failure)
[2026-03-23T15:51:21.236+0900][3.907s][info][gc,heap     ] GC(17) PSYoungGen: 57433K(57856K)->4672K(64000K) Eden: 51193K(51200K)->0K(50176K) From: 6240K(6656K)->4672K(13824K)
[2026-03-23T15:51:21.236+0900][3.907s][info][gc,heap     ] GC(17) ParOldGen: 98371K(175104K)->104547K(175104K)
[2026-03-23T15:51:21.236+0900][3.907s][info][gc,metaspace] GC(17) Metaspace: 239K(448K)->239K(448K) NonClass: 225K(320K)->225K(320K) Class: 14K(128K)->14K(128K)
[2026-03-23T15:51:21.236+0900][3.907s][info][gc          ] GC(17) Pause Young (Allocation Failure) 152M->106M(233M) 1.784ms
[2026-03-23T15:51:21.236+0900][3.907s][info][gc,cpu      ] GC(17) User=0.00s Sys=0.00s Real=0.00s
[2026-03-23T15:51:21.417+0900][4.088s][info][gc,start    ] GC(18) Pause Young (Allocation Failure)
[2026-03-23T15:51:21.418+0900][4.089s][info][gc,heap     ] GC(18) PSYoungGen: 54823K(64000K)->5184K(54784K) Eden: 50151K(50176K)->0K(49152K) From: 4672K(13824K)->5184K(5632K)
[2026-03-23T15:51:21.418+0900][4.089s][info][gc,heap     ] GC(18) ParOldGen: 104547K(175104K)->109187K(175104K)
[2026-03-23T15:51:21.418+0900][4.089s][info][gc,metaspace] GC(18) Metaspace: 239K(448K)->239K(448K) NonClass: 225K(320K)->225K(320K) Class: 14K(128K)->14K(128K)
[2026-03-23T15:51:21.418+0900][4.089s][info][gc          ] GC(18) Pause Young (Allocation Failure) 155M->111M(224M) 0.843ms
[2026-03-23T15:51:21.418+0900][4.089s][info][gc,cpu      ] GC(18) User=0.00s Sys=0.01s Real=0.00s
[2026-03-23T15:51:21.598+0900][4.269s][info][gc,start    ] GC(19) Pause Young (Allocation Failure)
[2026-03-23T15:51:21.600+0900][4.271s][info][gc,heap     ] GC(19) PSYoungGen: 54289K(54784K)->4704K(61440K) Eden: 49105K(49152K)->0K(48128K) From: 5184K(5632K)->4704K(13312K)
[2026-03-23T15:51:21.600+0900][4.271s][info][gc,heap     ] GC(19) ParOldGen: 109187K(175104K)->113827K(175104K)
[2026-03-23T15:51:21.600+0900][4.271s][info][gc,metaspace] GC(19) Metaspace: 239K(448K)->239K(448K) NonClass: 225K(320K)->225K(320K) Class: 14K(128K)->14K(128K)
[2026-03-23T15:51:21.600+0900][4.271s][info][gc          ] GC(19) Pause Young (Allocation Failure) 159M->115M(231M) 1.973ms
[2026-03-23T15:51:21.600+0900][4.271s][info][gc,cpu      ] GC(19) User=0.00s Sys=0.00s Real=0.01s
[2026-03-23T15:51:21.770+0900][4.441s][info][gc,start    ] GC(20) Pause Young (Allocation Failure)
[2026-03-23T15:51:21.771+0900][4.442s][info][gc,heap     ] GC(20) PSYoungGen: 52764K(61440K)->6208K(54272K) Eden: 48060K(48128K)->0K(47616K) From: 4704K(13312K)->6208K(6656K)
[2026-03-23T15:51:21.771+0900][4.442s][info][gc,heap     ] GC(20) ParOldGen: 113827K(175104K)->118476K(175104K)
[2026-03-23T15:51:21.771+0900][4.442s][info][gc,metaspace] GC(20) Metaspace: 239K(448K)->239K(448K) NonClass: 225K(320K)->225K(320K) Class: 14K(128K)->14K(128K)
[2026-03-23T15:51:21.771+0900][4.442s][info][gc          ] GC(20) Pause Young (Allocation Failure) 162M->121M(224M) 0.505ms
[2026-03-23T15:51:21.771+0900][4.442s][info][gc,cpu      ] GC(20) User=0.00s Sys=0.00s Real=0.00s
[2026-03-23T15:51:21.941+0900][4.613s][info][gc,start    ] GC(21) Pause Young (Allocation Failure)
[2026-03-23T15:51:21.943+0900][4.614s][info][gc,heap     ] GC(21) PSYoungGen: 53234K(54272K)->6784K(59392K) Eden: 47025K(47616K)->0K(47104K) From: 6208K(6656K)->6784K(12288K)
[2026-03-23T15:51:21.943+0900][4.614s][info][gc,heap     ] GC(21) ParOldGen: 118476K(175104K)->123116K(175104K)
[2026-03-23T15:51:21.943+0900][4.614s][info][gc,metaspace] GC(21) Metaspace: 239K(448K)->239K(448K) NonClass: 225K(320K)->225K(320K) Class: 14K(128K)->14K(128K)
[2026-03-23T15:51:21.943+0900][4.614s][info][gc          ] GC(21) Pause Young (Allocation Failure) 167M->126M(229M) 1.424ms
[2026-03-23T15:51:21.943+0900][4.614s][info][gc,cpu      ] GC(21) User=0.00s Sys=0.00s Real=0.00s
[2026-03-23T15:51:22.113+0900][4.784s][info][gc,start    ] GC(22) Pause Young (Allocation Failure)
[2026-03-23T15:51:22.115+0900][4.786s][info][gc,heap     ] GC(22) PSYoungGen: 53287K(59392K)->6208K(53248K) Eden: 46503K(47104K)->0K(46592K) From: 6784K(12288K)->6208K(6656K)
[2026-03-23T15:51:22.115+0900][4.787s][info][gc,heap     ] GC(22) ParOldGen: 123116K(175104K)->128276K(175104K)
[2026-03-23T15:51:22.115+0900][4.787s][info][gc,metaspace] GC(22) Metaspace: 239K(448K)->239K(448K) NonClass: 225K(320K)->225K(320K) Class: 14K(128K)->14K(128K)
[2026-03-23T15:51:22.115+0900][4.787s][info][gc          ] GC(22) Pause Young (Allocation Failure) 172M->131M(223M) 2.729ms
[2026-03-23T15:51:22.115+0900][4.787s][info][gc,cpu      ] GC(22) User=0.00s Sys=0.01s Real=0.00s
[2026-03-23T15:51:22.284+0900][4.955s][info][gc,start    ] GC(23) Pause Young (Allocation Failure)
[2026-03-23T15:51:22.286+0900][4.957s][info][gc,heap     ] GC(23) PSYoungGen: 52701K(53248K)->6240K(57344K) Eden: 46493K(46592K)->0K(46080K) From: 6208K(6656K)->6240K(11264K)
[2026-03-23T15:51:22.286+0900][4.957s][info][gc,heap     ] GC(23) ParOldGen: 128276K(175104K)->132924K(175104K)
[2026-03-23T15:51:22.286+0900][4.957s][info][gc,metaspace] GC(23) Metaspace: 239K(448K)->239K(448K) NonClass: 225K(320K)->225K(320K) Class: 14K(128K)->14K(128K)
[2026-03-23T15:51:22.286+0900][4.957s][info][gc          ] GC(23) Pause Young (Allocation Failure) 176M->135M(227M) 2.041ms
[2026-03-23T15:51:22.286+0900][4.957s][info][gc,cpu      ] GC(23) User=0.00s Sys=0.00s Real=0.00s
[2026-03-23T15:51:22.464+0900][5.135s][info][gc,start    ] GC(24) Pause Young (Allocation Failure)
[2026-03-23T15:51:22.466+0900][5.137s][info][gc,heap     ] GC(24) PSYoungGen: 52211K(57344K)->5792K(51712K) Eden: 45970K(46080K)->0K(45568K) From: 6240K(11264K)->5792K(6144K)
[2026-03-23T15:51:22.466+0900][5.137s][info][gc,heap     ] GC(24) ParOldGen: 132924K(175104K)->137572K(175104K)
[2026-03-23T15:51:22.466+0900][5.137s][info][gc,metaspace] GC(24) Metaspace: 239K(448K)->239K(448K) NonClass: 225K(320K)->225K(320K) Class: 14K(128K)->14K(128K)
[2026-03-23T15:51:22.466+0900][5.137s][info][gc          ] GC(24) Pause Young (Allocation Failure) 180M->140M(221M) 2.196ms
[2026-03-23T15:51:22.466+0900][5.137s][info][gc,cpu      ] GC(24) User=0.00s Sys=0.00s Real=0.00s
[2026-03-23T15:51:22.636+0900][5.307s][info][gc,start    ] GC(25) Pause Young (Allocation Failure)
[2026-03-23T15:51:22.638+0900][5.309s][info][gc,heap     ] GC(25) PSYoungGen: 51240K(51712K)->5184K(55808K) Eden: 45448K(45568K)->0K(45056K) From: 5792K(6144K)->5184K(10752K)
[2026-03-23T15:51:22.638+0900][5.309s][info][gc,heap     ] GC(25) ParOldGen: 137572K(175104K)->141708K(175104K)
[2026-03-23T15:51:22.638+0900][5.309s][info][gc,metaspace] GC(25) Metaspace: 241K(448K)->241K(448K) NonClass: 226K(320K)->226K(320K) Class: 14K(128K)->14K(128K)
[2026-03-23T15:51:22.638+0900][5.309s][info][gc          ] GC(25) Pause Young (Allocation Failure) 184M->143M(225M) 1.749ms
[2026-03-23T15:51:22.638+0900][5.309s][info][gc,cpu      ] GC(25) User=0.01s Sys=0.00s Real=0.00s
[2026-03-23T15:51:22.801+0900][5.472s][info][gc,start    ] GC(26) Pause Young (Allocation Failure)
[2026-03-23T15:51:22.802+0900][5.473s][info][gc,heap     ] GC(26) PSYoungGen: 50110K(55808K)->5184K(50176K) Eden: 44926K(45056K)->0K(44544K) From: 5184K(10752K)->5184K(5632K)
[2026-03-23T15:51:22.802+0900][5.473s][info][gc,heap     ] GC(26) ParOldGen: 141708K(175104K)->146340K(175104K)
[2026-03-23T15:51:22.802+0900][5.473s][info][gc,metaspace] GC(26) Metaspace: 241K(448K)->241K(448K) NonClass: 226K(320K)->226K(320K) Class: 14K(128K)->14K(128K)
[2026-03-23T15:51:22.802+0900][5.473s][info][gc          ] GC(26) Pause Young (Allocation Failure) 187M->147M(220M) 0.796ms
[2026-03-23T15:51:22.802+0900][5.473s][info][gc,cpu      ] GC(26) User=0.00s Sys=0.00s Real=0.00s
[2026-03-23T15:51:22.962+0900][5.633s][info][gc,start    ] GC(27) Pause Young (Allocation Failure)
[2026-03-23T15:51:22.963+0900][5.634s][info][gc,heap     ] GC(27) PSYoungGen: 49588K(50176K)->4672K(55296K) Eden: 44404K(44544K)->0K(44032K) From: 5184K(5632K)->4672K(11264K)
[2026-03-23T15:51:22.963+0900][5.634s][info][gc,heap     ] GC(27) ParOldGen: 146340K(175104K)->150989K(175104K)
[2026-03-23T15:51:22.963+0900][5.634s][info][gc,metaspace] GC(27) Metaspace: 241K(448K)->241K(448K) NonClass: 226K(320K)->226K(320K) Class: 14K(128K)->14K(128K)
[2026-03-23T15:51:22.963+0900][5.634s][info][gc          ] GC(27) Pause Young (Allocation Failure) 191M->152M(225M) 0.698ms
[2026-03-23T15:51:22.963+0900][5.634s][info][gc,cpu      ] GC(27) User=0.01s Sys=0.00s Real=0.00s
[2026-03-23T15:51:23.119+0900][5.790s][info][gc,start    ] GC(28) Pause Young (Allocation Failure)
[2026-03-23T15:51:23.120+0900][5.791s][info][gc,heap     ] GC(28) PSYoungGen: 48554K(55296K)->5184K(49152K) Eden: 43882K(44032K)->0K(43520K) From: 4672K(11264K)->5184K(5632K)
[2026-03-23T15:51:23.120+0900][5.791s][info][gc,heap     ] GC(28) ParOldGen: 150989K(175104K)->155629K(175104K)
[2026-03-23T15:51:23.120+0900][5.791s][info][gc,metaspace] GC(28) Metaspace: 241K(448K)->241K(448K) NonClass: 226K(320K)->226K(320K) Class: 14K(128K)->14K(128K)
[2026-03-23T15:51:23.120+0900][5.791s][info][gc          ] GC(28) Pause Young (Allocation Failure) 194M->157M(219M) 0.635ms
[2026-03-23T15:51:23.120+0900][5.791s][info][gc,cpu      ] GC(28) User=0.00s Sys=0.00s Real=0.01s
[2026-03-23T15:51:23.276+0900][5.947s][info][gc,start    ] GC(29) Pause Young (Allocation Failure)
[2026-03-23T15:51:23.277+0900][5.948s][info][gc,heap     ] GC(29) PSYoungGen: 48544K(49152K)->5184K(52736K) Eden: 43360K(43520K)->0K(43008K) From: 5184K(5632K)->5184K(9728K)
[2026-03-23T15:51:23.277+0900][5.948s][info][gc,heap     ] GC(29) ParOldGen: 155629K(175104K)->160269K(175104K)
[2026-03-23T15:51:23.277+0900][5.948s][info][gc,metaspace] GC(29) Metaspace: 241K(448K)->241K(448K) NonClass: 226K(320K)->226K(320K) Class: 14K(128K)->14K(128K)
[2026-03-23T15:51:23.277+0900][5.948s][info][gc          ] GC(29) Pause Young (Allocation Failure) 199M->161M(222M) 1.197ms
[2026-03-23T15:51:23.277+0900][5.948s][info][gc,cpu      ] GC(29) User=0.00s Sys=0.00s Real=0.00s
[2026-03-23T15:51:23.435+0900][6.106s][info][gc,start    ] GC(30) Pause Young (Allocation Failure)
[2026-03-23T15:51:23.436+0900][6.107s][info][gc,heap     ] GC(30) PSYoungGen: 48022K(52736K)->4672K(47616K) Eden: 42838K(43008K)->0K(42496K) From: 5184K(9728K)->4672K(5120K)
[2026-03-23T15:51:23.436+0900][6.107s][info][gc,heap     ] GC(30) ParOldGen: 160269K(175104K)->164909K(175104K)
[2026-03-23T15:51:23.436+0900][6.107s][info][gc,metaspace] GC(30) Metaspace: 241K(448K)->241K(448K) NonClass: 226K(320K)->226K(320K) Class: 14K(128K)->14K(128K)
[2026-03-23T15:51:23.436+0900][6.107s][info][gc          ] GC(30) Pause Young (Allocation Failure) 203M->165M(217M) 0.844ms
[2026-03-23T15:51:23.436+0900][6.107s][info][gc,cpu      ] GC(30) User=0.00s Sys=0.00s Real=0.00s
[2026-03-23T15:51:23.593+0900][6.265s][info][gc,start    ] GC(31) Pause Young (Allocation Failure)
[2026-03-23T15:51:23.597+0900][6.268s][info][gc,heap     ] GC(31) PSYoungGen: 46988K(47616K)->3680K(52224K) Eden: 42316K(42496K)->0K(41984K) From: 4672K(5120K)->3680K(10240K)
[2026-03-23T15:51:23.597+0900][6.268s][info][gc,heap     ] GC(31) ParOldGen: 164909K(175104K)->169549K(175104K)
[2026-03-23T15:51:23.597+0900][6.268s][info][gc,metaspace] GC(31) Metaspace: 241K(448K)->241K(448K) NonClass: 226K(320K)->226K(320K) Class: 14K(128K)->14K(128K)
[2026-03-23T15:51:23.597+0900][6.268s][info][gc          ] GC(31) Pause Young (Allocation Failure) 206M->169M(222M) 3.642ms
[2026-03-23T15:51:23.597+0900][6.268s][info][gc,cpu      ] GC(31) User=0.00s Sys=0.00s Real=0.00s
[2026-03-23T15:51:23.747+0900][6.418s][info][gc,start    ] GC(32) Pause Young (Allocation Failure)
[2026-03-23T15:51:23.749+0900][6.420s][info][gc,heap     ] GC(32) PSYoungGen: 45474K(52224K)->5216K(47104K) Eden: 41794K(41984K)->0K(41472K) From: 3680K(10240K)->5216K(5632K)
[2026-03-23T15:51:23.749+0900][6.420s][info][gc,heap     ] GC(32) ParOldGen: 169549K(175104K)->172645K(175104K)
[2026-03-23T15:51:23.749+0900][6.420s][info][gc,metaspace] GC(32) Metaspace: 241K(448K)->241K(448K) NonClass: 226K(320K)->226K(320K) Class: 14K(128K)->14K(128K)
[2026-03-23T15:51:23.749+0900][6.420s][info][gc          ] GC(32) Pause Young (Allocation Failure) 209M->173M(217M) 1.665ms
[2026-03-23T15:51:23.749+0900][6.420s][info][gc,cpu      ] GC(32) User=0.00s Sys=0.00s Real=0.00s
[2026-03-23T15:51:23.920+0900][6.591s][info][gc,start    ] GC(33) Pause Young (Allocation Failure)
[2026-03-23T15:51:23.922+0900][6.593s][info][gc,heap     ] GC(33) PSYoungGen: 46488K(47104K)->4672K(50688K) Eden: 41272K(41472K)->0K(40960K) From: 5216K(5632K)->4672K(9728K)
[2026-03-23T15:51:23.922+0900][6.593s][info][gc,heap     ] GC(33) ParOldGen: 172645K(175104K)->177269K(178176K)
[2026-03-23T15:51:23.922+0900][6.593s][info][gc,metaspace] GC(33) Metaspace: 241K(448K)->241K(448K) NonClass: 226K(320K)->226K(320K) Class: 14K(128K)->14K(128K)
[2026-03-23T15:51:23.922+0900][6.593s][info][gc          ] GC(33) Pause Young (Allocation Failure) 213M->177M(223M) 2.002ms
[2026-03-23T15:51:23.922+0900][6.593s][info][gc,cpu      ] GC(33) User=0.01s Sys=0.01s Real=0.00s
[2026-03-23T15:51:24.077+0900][6.748s][info][gc,start    ] GC(34) Pause Young (Allocation Failure)
[2026-03-23T15:51:24.080+0900][6.751s][info][gc,heap     ] GC(34) PSYoungGen: 45422K(50688K)->3680K(44544K) Eden: 40750K(40960K)->0K(40448K) From: 4672K(9728K)->3680K(4096K)
[2026-03-23T15:51:24.080+0900][6.751s][info][gc,heap     ] GC(34) ParOldGen: 177269K(178176K)->181910K(182784K)
[2026-03-23T15:51:24.080+0900][6.751s][info][gc,metaspace] GC(34) Metaspace: 241K(448K)->241K(448K) NonClass: 226K(320K)->226K(320K) Class: 14K(128K)->14K(128K)
[2026-03-23T15:51:24.080+0900][6.752s][info][gc          ] GC(34) Pause Young (Allocation Failure) 217M->181M(222M) 3.066ms
[2026-03-23T15:51:24.080+0900][6.752s][info][gc,cpu      ] GC(34) User=0.00s Sys=0.00s Real=0.01s
[2026-03-23T15:51:24.231+0900][6.902s][info][gc,start    ] GC(35) Pause Young (Allocation Failure)
[2026-03-23T15:51:24.232+0900][6.904s][info][gc,heap     ] GC(35) PSYoungGen: 43908K(44544K)->5216K(49152K) Eden: 40228K(40448K)->0K(39936K) From: 3680K(4096K)->5216K(9216K)
[2026-03-23T15:51:24.233+0900][6.904s][info][gc,heap     ] GC(35) ParOldGen: 181910K(182784K)->185006K(185856K)
[2026-03-23T15:51:24.233+0900][6.904s][info][gc,metaspace] GC(35) Metaspace: 241K(448K)->241K(448K) NonClass: 226K(320K)->226K(320K) Class: 14K(128K)->14K(128K)
[2026-03-23T15:51:24.233+0900][6.904s][info][gc          ] GC(35) Pause Young (Allocation Failure) 220M->185M(229M) 1.486ms
[2026-03-23T15:51:24.233+0900][6.904s][info][gc,cpu      ] GC(35) User=0.00s Sys=0.00s Real=0.00s
[2026-03-23T15:51:24.377+0900][7.048s][info][gc,start    ] GC(36) Pause Young (Allocation Failure)
[2026-03-23T15:51:24.378+0900][7.049s][info][gc,heap     ] GC(36) PSYoungGen: 44922K(49152K)->4704K(44544K) Eden: 39705K(39936K)->0K(39424K) From: 5216K(9216K)->4704K(5120K)
[2026-03-23T15:51:24.378+0900][7.049s][info][gc,heap     ] GC(36) ParOldGen: 185006K(185856K)->189654K(190464K)
[2026-03-23T15:51:24.378+0900][7.049s][info][gc,metaspace] GC(36) Metaspace: 241K(448K)->241K(448K) NonClass: 226K(320K)->226K(320K) Class: 14K(128K)->14K(128K)
[2026-03-23T15:51:24.378+0900][7.049s][info][gc          ] GC(36) Pause Young (Allocation Failure) 224M->189M(229M) 1.359ms
[2026-03-23T15:51:24.378+0900][7.049s][info][gc,cpu      ] GC(36) User=0.01s Sys=0.00s Real=0.00s
[2026-03-23T15:51:24.528+0900][7.199s][info][gc,start    ] GC(37) Pause Young (Allocation Failure)
[2026-03-23T15:51:24.529+0900][7.200s][info][gc,heap     ] GC(37) PSYoungGen: 43888K(44544K)->5216K(46592K) Eden: 39183K(39424K)->0K(38912K) From: 4704K(5120K)->5216K(7680K)
[2026-03-23T15:51:24.529+0900][7.200s][info][gc,heap     ] GC(37) ParOldGen: 189654K(190464K)->192766K(193536K)
[2026-03-23T15:51:24.529+0900][7.200s][info][gc,metaspace] GC(37) Metaspace: 241K(448K)->241K(448K) NonClass: 226K(320K)->226K(320K) Class: 14K(128K)->14K(128K)
[2026-03-23T15:51:24.529+0900][7.200s][info][gc          ] GC(37) Pause Young (Allocation Failure) 228M->193M(234M) 0.844ms
[2026-03-23T15:51:24.529+0900][7.200s][info][gc,cpu      ] GC(37) User=0.00s Sys=0.00s Real=0.00s
[2026-03-23T15:51:24.672+0900][7.344s][info][gc,start    ] GC(38) Pause Young (Allocation Failure)
[2026-03-23T15:51:24.674+0900][7.346s][info][gc,heap     ] GC(38) PSYoungGen: 43878K(46592K)->5184K(44032K) Eden: 38661K(38912K)->0K(38400K) From: 5216K(7680K)->5184K(5632K)
[2026-03-23T15:51:24.675+0900][7.346s][info][gc,heap     ] GC(38) ParOldGen: 192766K(193536K)->197390K(198144K)
[2026-03-23T15:51:24.675+0900][7.346s][info][gc,metaspace] GC(38) Metaspace: 241K(448K)->241K(448K) NonClass: 226K(320K)->226K(320K) Class: 14K(128K)->14K(128K)
[2026-03-23T15:51:24.675+0900][7.346s][info][gc          ] GC(38) Pause Young (Allocation Failure) 231M->197M(236M) 2.213ms
[2026-03-23T15:51:24.675+0900][7.346s][info][gc,cpu      ] GC(38) User=0.00s Sys=0.01s Real=0.00s
[2026-03-23T15:51:24.818+0900][7.490s][info][gc,start    ] GC(39) Pause Young (Allocation Failure)
[2026-03-23T15:51:24.822+0900][7.493s][info][gc,heap     ] GC(39) PSYoungGen: 43323K(44032K)->4192K(46080K) Eden: 38139K(38400K)->0K(37888K) From: 5184K(5632K)->4192K(8192K)
[2026-03-23T15:51:24.822+0900][7.493s][info][gc,heap     ] GC(39) ParOldGen: 197390K(198144K)->201006K(202240K)
[2026-03-23T15:51:24.822+0900][7.493s][info][gc,metaspace] GC(39) Metaspace: 241K(448K)->241K(448K) NonClass: 226K(320K)->226K(320K) Class: 14K(128K)->14K(128K)
[2026-03-23T15:51:24.822+0900][7.493s][info][gc          ] GC(39) Pause Young (Allocation Failure) 235M->200M(242M) 3.812ms
[2026-03-23T15:51:24.822+0900][7.493s][info][gc,cpu      ] GC(39) User=0.01s Sys=0.00s Real=0.01s
[2026-03-23T15:51:24.962+0900][7.633s][info][gc,start    ] GC(40) Pause Young (Allocation Failure)
[2026-03-23T15:51:24.964+0900][7.635s][info][gc,heap     ] GC(40) PSYoungGen: 41809K(46080K)->3648K(41472K) Eden: 37617K(37888K)->0K(37376K) From: 4192K(8192K)->3648K(4096K)
[2026-03-23T15:51:24.964+0900][7.635s][info][gc,heap     ] GC(40) ParOldGen: 201006K(202240K)->205134K(206336K)
[2026-03-23T15:51:24.964+0900][7.635s][info][gc,metaspace] GC(40) Metaspace: 241K(448K)->241K(448K) NonClass: 226K(320K)->226K(320K) Class: 14K(128K)->14K(128K)
[2026-03-23T15:51:24.964+0900][7.635s][info][gc          ] GC(40) Pause Young (Allocation Failure) 237M->203M(242M) 2.301ms
[2026-03-23T15:51:24.964+0900][7.635s][info][gc,cpu      ] GC(40) User=0.00s Sys=0.00s Real=0.00s
[2026-03-23T15:51:25.096+0900][7.767s][info][gc,start    ] GC(41) Pause Young (Allocation Failure)
[2026-03-23T15:51:25.097+0900][7.768s][info][gc,heap     ] GC(41) PSYoungGen: 40743K(41472K)->5216K(44032K) Eden: 37095K(37376K)->0K(36864K) From: 3648K(4096K)->5216K(7168K)
[2026-03-23T15:51:25.097+0900][7.768s][info][gc,heap     ] GC(41) ParOldGen: 205134K(206336K)->208238K(209408K)
[2026-03-23T15:51:25.097+0900][7.768s][info][gc,metaspace] GC(41) Metaspace: 241K(448K)->241K(448K) NonClass: 226K(320K)->226K(320K) Class: 14K(128K)->14K(128K)
[2026-03-23T15:51:25.097+0900][7.768s][info][gc          ] GC(41) Pause Young (Allocation Failure) 240M->208M(247M) 0.621ms
[2026-03-23T15:51:25.097+0900][7.768s][info][gc,cpu      ] GC(41) User=0.00s Sys=0.00s Real=0.00s
[2026-03-23T15:51:25.238+0900][7.909s][info][gc,start    ] GC(42) Pause Young (Allocation Failure)
[2026-03-23T15:51:25.241+0900][7.912s][info][gc,heap     ] GC(42) PSYoungGen: 41789K(44032K)->3104K(39936K) Eden: 36573K(36864K)->0K(36352K) From: 5216K(7168K)->3104K(3584K)
[2026-03-23T15:51:25.241+0900][7.912s][info][gc,heap     ] GC(42) ParOldGen: 208238K(209408K)->212862K(214016K)
[2026-03-23T15:51:25.241+0900][7.912s][info][gc,metaspace] GC(42) Metaspace: 241K(448K)->241K(448K) NonClass: 226K(320K)->226K(320K) Class: 14K(128K)->14K(128K)
[2026-03-23T15:51:25.241+0900][7.912s][info][gc          ] GC(42) Pause Young (Allocation Failure) 244M->210M(248M) 2.615ms
[2026-03-23T15:51:25.241+0900][7.912s][info][gc,cpu      ] GC(42) User=0.00s Sys=0.00s Real=0.01s
[2026-03-23T15:51:25.369+0900][8.040s][info][gc,start    ] GC(43) Pause Young (Allocation Failure)
[2026-03-23T15:51:25.374+0900][8.045s][info][gc,heap     ] GC(43) PSYoungGen: 39155K(39936K)->5152K(43520K) Eden: 36051K(36352K)->0K(35840K) From: 3104K(3584K)->5152K(7680K)
[2026-03-23T15:51:25.374+0900][8.046s][info][gc,heap     ] GC(43) ParOldGen: 212862K(214016K)->215951K(217088K)
[2026-03-23T15:51:25.374+0900][8.046s][info][gc,metaspace] GC(43) Metaspace: 241K(448K)->241K(448K) NonClass: 226K(320K)->226K(320K) Class: 14K(128K)->14K(128K)
[2026-03-23T15:51:25.374+0900][8.046s][info][gc          ] GC(43) Pause Young (Allocation Failure) 246M->215M(254M) 5.739ms
[2026-03-23T15:51:25.374+0900][8.046s][info][gc,cpu      ] GC(43) User=0.00s Sys=0.00s Real=0.01s
[2026-03-23T15:51:25.506+0900][8.178s][info][gc,start    ] GC(44) Pause Young (Allocation Failure)
[2026-03-23T15:51:25.509+0900][8.180s][info][gc,heap     ] GC(44) PSYoungGen: 40681K(43520K)->4704K(40448K) Eden: 35529K(35840K)->0K(35328K) From: 5152K(7680K)->4704K(5120K)
[2026-03-23T15:51:25.509+0900][8.180s][info][gc,heap     ] GC(44) ParOldGen: 215951K(217088K)->219575K(220160K)
[2026-03-23T15:51:25.509+0900][8.180s][info][gc,metaspace] GC(44) Metaspace: 241K(448K)->241K(448K) NonClass: 226K(320K)->226K(320K) Class: 14K(128K)->14K(128K)
[2026-03-23T15:51:25.509+0900][8.180s][info][gc          ] GC(44) Pause Young (Allocation Failure) 250M->219M(254M) 2.163ms
[2026-03-23T15:51:25.509+0900][8.180s][info][gc,cpu      ] GC(44) User=0.01s Sys=0.01s Real=0.00s
[2026-03-23T15:51:25.643+0900][8.314s][info][gc,start    ] GC(45) Pause Young (Allocation Failure)
[2026-03-23T15:51:25.645+0900][8.316s][info][gc,heap     ] GC(45) PSYoungGen: 39711K(40448K)->3136K(41984K) Eden: 35007K(35328K)->0K(34816K) From: 4704K(5120K)->3136K(7168K)
[2026-03-23T15:51:25.645+0900][8.316s][info][gc,heap     ] GC(45) ParOldGen: 219575K(220160K)->223711K(224768K)
[2026-03-23T15:51:25.645+0900][8.316s][info][gc,metaspace] GC(45) Metaspace: 241K(448K)->241K(448K) NonClass: 226K(320K)->226K(320K) Class: 14K(128K)->14K(128K)
[2026-03-23T15:51:25.645+0900][8.316s][info][gc          ] GC(45) Pause Young (Allocation Failure) 253M->221M(260M) 1.285ms
[2026-03-23T15:51:25.645+0900][8.316s][info][gc,cpu      ] GC(45) User=0.00s Sys=0.00s Real=0.00s
[2026-03-23T15:51:25.771+0900][8.442s][info][gc,start    ] GC(46) Pause Young (Allocation Failure)
[2026-03-23T15:51:25.775+0900][8.446s][info][gc,heap     ] GC(46) PSYoungGen: 37621K(41984K)->3648K(38400K) Eden: 34485K(34816K)->0K(34304K) From: 3136K(7168K)->3648K(4096K)
[2026-03-23T15:51:25.775+0900][8.446s][info][gc,heap     ] GC(46) ParOldGen: 223711K(224768K)->226799K(227328K)
[2026-03-23T15:51:25.775+0900][8.447s][info][gc,metaspace] GC(46) Metaspace: 241K(448K)->241K(448K) NonClass: 226K(320K)->226K(320K) Class: 14K(128K)->14K(128K)
[2026-03-23T15:51:25.775+0900][8.447s][info][gc          ] GC(46) Pause Young (Allocation Failure) 255M->225M(259M) 4.561ms
[2026-03-23T15:51:25.775+0900][8.447s][info][gc,cpu      ] GC(46) User=0.00s Sys=0.00s Real=0.00s
[2026-03-23T15:51:25.895+0900][8.567s][info][gc,start    ] GC(47) Pause Young (Allocation Failure)
[2026-03-23T15:51:25.897+0900][8.568s][info][gc,heap     ] GC(47) PSYoungGen: 37611K(38400K)->5216K(40960K) Eden: 33963K(34304K)->0K(33792K) From: 3648K(4096K)->5216K(7168K)
[2026-03-23T15:51:25.897+0900][8.568s][info][gc,heap     ] GC(47) ParOldGen: 226799K(227328K)->229895K(230912K)
[2026-03-23T15:51:25.897+0900][8.569s][info][gc,metaspace] GC(47) Metaspace: 241K(448K)->241K(448K) NonClass: 226K(320K)->226K(320K) Class: 14K(128K)->14K(128K)
[2026-03-23T15:51:25.897+0900][8.569s][info][gc          ] GC(47) Pause Young (Allocation Failure) 258M->229M(265M) 1.918ms
[2026-03-23T15:51:25.897+0900][8.569s][info][gc,cpu      ] GC(47) User=0.01s Sys=0.00s Real=0.00s
[2026-03-23T15:51:26.019+0900][8.691s][info][gc,start    ] GC(48) Pause Young (Allocation Failure)
[2026-03-23T15:51:26.020+0900][8.691s][info][gc,heap     ] GC(48) PSYoungGen: 38657K(40960K)->4160K(37888K) Eden: 33441K(33792K)->0K(33280K) From: 5216K(7168K)->4160K(4608K)
[2026-03-23T15:51:26.020+0900][8.691s][info][gc,heap     ] GC(48) ParOldGen: 229895K(230912K)->233527K(233984K)
[2026-03-23T15:51:26.020+0900][8.691s][info][gc,metaspace] GC(48) Metaspace: 241K(448K)->241K(448K) NonClass: 226K(320K)->226K(320K) Class: 14K(128K)->14K(128K)
[2026-03-23T15:51:26.020+0900][8.691s][info][gc          ] GC(48) Pause Young (Allocation Failure) 262M->232M(265M) 0.799ms
[2026-03-23T15:51:26.020+0900][8.691s][info][gc,cpu      ] GC(48) User=0.00s Sys=0.00s Real=0.01s
[2026-03-23T15:51:26.141+0900][8.812s][info][gc,start    ] GC(49) Pause Young (Allocation Failure)
[2026-03-23T15:51:26.142+0900][8.813s][info][gc,heap     ] GC(49) PSYoungGen: 37079K(37888K)->3648K(38912K) Eden: 32919K(33280K)->0K(32768K) From: 4160K(4608K)->3648K(6144K)
[2026-03-23T15:51:26.142+0900][8.813s][info][gc,heap     ] GC(49) ParOldGen: 233527K(233984K)->237663K(238592K)
[2026-03-23T15:51:26.142+0900][8.813s][info][gc,metaspace] GC(49) Metaspace: 241K(448K)->241K(448K) NonClass: 226K(320K)->226K(320K) Class: 14K(128K)->14K(128K)
[2026-03-23T15:51:26.142+0900][8.813s][info][gc          ] GC(49) Pause Young (Allocation Failure) 264M->235M(271M) 0.878ms
[2026-03-23T15:51:26.142+0900][8.813s][info][gc,cpu      ] GC(49) User=0.01s Sys=0.00s Real=0.00s
[2026-03-23T15:51:26.262+0900][8.933s][info][gc,start    ] GC(50) Pause Young (Allocation Failure)
[2026-03-23T15:51:26.264+0900][8.935s][info][gc,heap     ] GC(50) PSYoungGen: 36045K(38912K)->3616K(36352K) Eden: 32397K(32768K)->0K(32256K) From: 3648K(6144K)->3616K(4096K)
[2026-03-23T15:51:26.264+0900][8.935s][info][gc,heap     ] GC(50) ParOldGen: 237663K(238592K)->240751K(241664K)
[2026-03-23T15:51:26.264+0900][8.935s][info][gc,metaspace] GC(50) Metaspace: 241K(448K)->241K(448K) NonClass: 226K(320K)->226K(320K) Class: 14K(128K)->14K(128K)
[2026-03-23T15:51:26.264+0900][8.935s][info][gc          ] GC(50) Pause Young (Allocation Failure) 267M->238M(271M) 1.864ms
[2026-03-23T15:51:26.264+0900][8.935s][info][gc,cpu      ] GC(50) User=0.00s Sys=0.01s Real=0.00s
[2026-03-23T15:51:26.385+0900][9.056s][info][gc,start    ] GC(51) Pause Young (Allocation Failure)
[2026-03-23T15:51:26.387+0900][9.059s][info][gc,heap     ] GC(51) PSYoungGen: 35491K(36352K)->3168K(38400K) Eden: 31875K(32256K)->0K(31744K) From: 3616K(4096K)->3168K(6656K)
[2026-03-23T15:51:26.388+0900][9.059s][info][gc,heap     ] GC(51) ParOldGen: 240751K(241664K)->243847K(244736K)
[2026-03-23T15:51:26.388+0900][9.059s][info][gc,metaspace] GC(51) Metaspace: 241K(448K)->241K(448K) NonClass: 226K(320K)->226K(320K) Class: 14K(128K)->14K(128K)
[2026-03-23T15:51:26.388+0900][9.059s][info][gc          ] GC(51) Pause Young (Allocation Failure) 269M->241M(276M) 2.683ms
[2026-03-23T15:51:26.388+0900][9.059s][info][gc,cpu      ] GC(51) User=0.00s Sys=0.00s Real=0.00s
[2026-03-23T15:51:26.504+0900][9.175s][info][gc,start    ] GC(52) Pause Young (Allocation Failure)
[2026-03-23T15:51:26.506+0900][9.177s][info][gc,heap     ] GC(52) PSYoungGen: 34521K(38400K)->3616K(35328K) Eden: 31353K(31744K)->0K(31232K) From: 3168K(6656K)->3616K(4096K)
[2026-03-23T15:51:26.506+0900][9.177s][info][gc,heap     ] GC(52) ParOldGen: 243847K(244736K)->246936K(247808K)
[2026-03-23T15:51:26.506+0900][9.177s][info][gc,metaspace] GC(52) Metaspace: 241K(448K)->241K(448K) NonClass: 226K(320K)->226K(320K) Class: 14K(128K)->14K(128K)
[2026-03-23T15:51:26.506+0900][9.177s][info][gc          ] GC(52) Pause Young (Allocation Failure) 271M->244M(276M) 2.110ms
[2026-03-23T15:51:26.506+0900][9.177s][info][gc,cpu      ] GC(52) User=0.01s Sys=0.00s Real=0.00s
[2026-03-23T15:51:26.622+0900][9.294s][info][gc,start    ] GC(53) Pause Young (Allocation Failure)
[2026-03-23T15:51:26.624+0900][9.295s][info][gc,heap     ] GC(53) PSYoungGen: 34447K(35328K)->3680K(37376K) Eden: 30830K(31232K)->0K(31232K) From: 3616K(4096K)->3680K(6144K)
[2026-03-23T15:51:26.624+0900][9.295s][info][gc,heap     ] GC(53) ParOldGen: 246936K(247808K)->250032K(250880K)
[2026-03-23T15:51:26.624+0900][9.295s][info][gc,metaspace] GC(53) Metaspace: 241K(448K)->241K(448K) NonClass: 226K(320K)->226K(320K) Class: 14K(128K)->14K(128K)
[2026-03-23T15:51:26.624+0900][9.295s][info][gc          ] GC(53) Pause Young (Allocation Failure) 274M->247M(281M) 1.593ms
[2026-03-23T15:51:26.624+0900][9.295s][info][gc,cpu      ] GC(53) User=0.00s Sys=0.00s Real=0.00s
[2026-03-23T15:51:26.744+0900][9.415s][info][gc,start    ] GC(54) Pause Young (Allocation Failure)
[2026-03-23T15:51:26.748+0900][9.419s][info][gc,heap     ] GC(54) PSYoungGen: 34511K(37376K)->3648K(37888K) Eden: 30831K(31232K)->0K(31232K) From: 3680K(6144K)->3648K(6656K)
[2026-03-23T15:51:26.748+0900][9.419s][info][gc,heap     ] GC(54) ParOldGen: 250032K(250880K)->253128K(253952K)
[2026-03-23T15:51:26.748+0900][9.419s][info][gc,metaspace] GC(54) Metaspace: 241K(448K)->241K(448K) NonClass: 226K(320K)->226K(320K) Class: 14K(128K)->14K(128K)
[2026-03-23T15:51:26.748+0900][9.419s][info][gc          ] GC(54) Pause Young (Allocation Failure) 277M->250M(285M) 4.175ms
[2026-03-23T15:51:26.748+0900][9.419s][info][gc,cpu      ] GC(54) User=0.00s Sys=0.00s Real=0.00s
[2026-03-23T15:51:26.862+0900][9.533s][info][gc,start    ] GC(55) Pause Young (Allocation Failure)
[2026-03-23T15:51:26.863+0900][9.534s][info][gc,heap     ] GC(55) PSYoungGen: 34479K(37888K)->3648K(37888K) Eden: 30831K(31232K)->0K(31232K) From: 3648K(6656K)->3648K(6656K)
[2026-03-23T15:51:26.863+0900][9.534s][info][gc,heap     ] GC(55) ParOldGen: 253128K(253952K)->256232K(257024K)
[2026-03-23T15:51:26.863+0900][9.534s][info][gc,metaspace] GC(55) Metaspace: 241K(448K)->241K(448K) NonClass: 226K(320K)->226K(320K) Class: 14K(128K)->14K(128K)
[2026-03-23T15:51:26.863+0900][9.534s][info][gc          ] GC(55) Pause Young (Allocation Failure) 280M->253M(288M) 0.959ms
[2026-03-23T15:51:26.863+0900][9.534s][info][gc,cpu      ] GC(55) User=0.01s Sys=0.00s Real=0.00s
[2026-03-23T15:51:26.983+0900][9.654s][info][gc,start    ] GC(56) Pause Young (Allocation Failure)
[2026-03-23T15:51:26.985+0900][9.656s][info][gc,heap     ] GC(56) PSYoungGen: 34479K(37888K)->3680K(37888K) Eden: 30831K(31232K)->0K(31232K) From: 3648K(6656K)->3680K(6656K)
[2026-03-23T15:51:26.985+0900][9.656s][info][gc,heap     ] GC(56) ParOldGen: 256232K(257024K)->259336K(259584K)
[2026-03-23T15:51:26.985+0900][9.656s][info][gc,metaspace] GC(56) Metaspace: 241K(448K)->241K(448K) NonClass: 226K(320K)->226K(320K) Class: 14K(128K)->14K(128K)
[2026-03-23T15:51:26.985+0900][9.656s][info][gc          ] GC(56) Pause Young (Allocation Failure) 283M->256M(290M) 1.536ms
[2026-03-23T15:51:26.985+0900][9.656s][info][gc,cpu      ] GC(56) User=0.00s Sys=0.01s Real=0.00s
[2026-03-23T15:51:27.097+0900][9.768s][info][gc,start    ] GC(57) Pause Young (Allocation Failure)
[2026-03-23T15:51:27.099+0900][9.770s][info][gc,heap     ] GC(57) PSYoungGen: 34511K(37888K)->3680K(36864K) Eden: 30831K(31232K)->0K(31232K) From: 3680K(6656K)->3680K(5632K)
[2026-03-23T15:51:27.099+0900][9.770s][info][gc,heap     ] GC(57) ParOldGen: 259336K(259584K)->262440K(263680K)
[2026-03-23T15:51:27.099+0900][9.770s][info][gc,metaspace] GC(57) Metaspace: 241K(448K)->241K(448K) NonClass: 226K(320K)->226K(320K) Class: 14K(128K)->14K(128K)
[2026-03-23T15:51:27.099+0900][9.770s][info][gc          ] GC(57) Pause Young (Allocation Failure) 286M->259M(293M) 1.690ms
[2026-03-23T15:51:27.099+0900][9.770s][info][gc,cpu      ] GC(57) User=0.00s Sys=0.00s Real=0.00s
[2026-03-23T15:51:27.213+0900][9.884s][info][gc,start    ] GC(58) Pause Young (Allocation Failure)
[2026-03-23T15:51:27.214+0900][9.885s][info][gc,heap     ] GC(58) PSYoungGen: 34511K(36864K)->3680K(37376K) Eden: 30831K(31232K)->0K(31232K) From: 3680K(5632K)->3680K(6144K)
[2026-03-23T15:51:27.214+0900][9.885s][info][gc,heap     ] GC(58) ParOldGen: 262440K(263680K)->265544K(266752K)
[2026-03-23T15:51:27.214+0900][9.885s][info][gc,metaspace] GC(58) Metaspace: 241K(448K)->241K(448K) NonClass: 226K(320K)->226K(320K) Class: 14K(128K)->14K(128K)
[2026-03-23T15:51:27.214+0900][9.885s][info][gc          ] GC(58) Pause Young (Allocation Failure) 289M->262M(297M) 1.068ms
[2026-03-23T15:51:27.214+0900][9.885s][info][gc,cpu      ] GC(58) User=0.01s Sys=0.00s Real=0.00s
[2026-03-23T15:51:27.331+0900][10.002s][info][gc,start    ] GC(59) Pause Young (Allocation Failure)
[2026-03-23T15:51:27.333+0900][10.004s][info][gc,heap     ] GC(59) PSYoungGen: 34511K(37376K)->3680K(37376K) Eden: 30831K(31232K)->0K(31232K) From: 3680K(6144K)->3680K(6144K)
[2026-03-23T15:51:27.333+0900][10.004s][info][gc,heap     ] GC(59) ParOldGen: 265544K(266752K)->268632K(269824K)
[2026-03-23T15:51:27.333+0900][10.004s][info][gc,metaspace] GC(59) Metaspace: 241K(448K)->241K(448K) NonClass: 226K(320K)->226K(320K) Class: 14K(128K)->14K(128K)
[2026-03-23T15:51:27.333+0900][10.004s][info][gc          ] GC(59) Pause Young (Allocation Failure) 293M->265M(300M) 2.119ms
[2026-03-23T15:51:27.333+0900][10.004s][info][gc,cpu      ] GC(59) User=0.01s Sys=0.00s Real=0.00s
[2026-03-23T15:51:27.452+0900][10.123s][info][gc,start    ] GC(60) Pause Young (Allocation Failure)
[2026-03-23T15:51:27.456+0900][10.127s][info][gc,heap     ] GC(60) PSYoungGen: 34511K(37376K)->3648K(35328K) Eden: 30831K(31232K)->0K(31232K) From: 3680K(6144K)->3648K(4096K)
[2026-03-23T15:51:27.456+0900][10.127s][info][gc,heap     ] GC(60) ParOldGen: 268632K(269824K)->271720K(272896K)
[2026-03-23T15:51:27.456+0900][10.127s][info][gc,metaspace] GC(60) Metaspace: 241K(448K)->241K(448K) NonClass: 226K(320K)->226K(320K) Class: 14K(128K)->14K(128K)
[2026-03-23T15:51:27.456+0900][10.127s][info][gc          ] GC(60) Pause Young (Allocation Failure) 296M->268M(301M) 4.507ms
[2026-03-23T15:51:27.456+0900][10.128s][info][gc,cpu      ] GC(60) User=0.00s Sys=0.00s Real=0.00s
[2026-03-23T15:51:27.577+0900][10.248s][info][gc,start    ] GC(61) Pause Young (Allocation Failure)
[2026-03-23T15:51:27.581+0900][10.252s][info][gc,heap     ] GC(61) PSYoungGen: 34479K(35328K)->3648K(36864K) Eden: 30831K(31232K)->0K(31232K) From: 3648K(4096K)->3648K(5632K)
[2026-03-23T15:51:27.581+0900][10.252s][info][gc,heap     ] GC(61) ParOldGen: 271720K(272896K)->274808K(275456K)
[2026-03-23T15:51:27.581+0900][10.252s][info][gc,metaspace] GC(61) Metaspace: 241K(448K)->241K(448K) NonClass: 226K(320K)->226K(320K) Class: 14K(128K)->14K(128K)
[2026-03-23T15:51:27.581+0900][10.252s][info][gc          ] GC(61) Pause Young (Allocation Failure) 299M->271M(305M) 4.322ms
[2026-03-23T15:51:27.581+0900][10.252s][info][gc,cpu      ] GC(61) User=0.00s Sys=0.01s Real=0.01s
[2026-03-23T15:51:27.698+0900][10.369s][info][gc,start    ] GC(62) Pause Young (Allocation Failure)
[2026-03-23T15:51:27.700+0900][10.371s][info][gc,heap     ] GC(62) PSYoungGen: 34479K(36864K)->3648K(36864K) Eden: 30831K(31232K)->0K(31232K) From: 3648K(5632K)->3648K(5632K)
[2026-03-23T15:51:27.700+0900][10.371s][info][gc,heap     ] GC(62) ParOldGen: 274808K(275456K)->277904K(278528K)
[2026-03-23T15:51:27.700+0900][10.371s][info][gc,metaspace] GC(62) Metaspace: 241K(448K)->241K(448K) NonClass: 226K(320K)->226K(320K) Class: 14K(128K)->14K(128K)
[2026-03-23T15:51:27.700+0900][10.371s][info][gc          ] GC(62) Pause Young (Allocation Failure) 302M->274M(308M) 1.749ms
[2026-03-23T15:51:27.700+0900][10.371s][info][gc,cpu      ] GC(62) User=0.01s Sys=0.00s Real=0.01s
[2026-03-23T15:51:27.820+0900][10.491s][info][gc,start    ] GC(63) Pause Young (Allocation Failure)
[2026-03-23T15:51:27.822+0900][10.494s][info][gc,heap     ] GC(63) PSYoungGen: 34479K(36864K)->3680K(36864K) Eden: 30831K(31232K)->0K(31232K) From: 3648K(5632K)->3680K(5632K)
[2026-03-23T15:51:27.822+0900][10.494s][info][gc,heap     ] GC(63) ParOldGen: 277904K(278528K)->281001K(281600K)
[2026-03-23T15:51:27.823+0900][10.494s][info][gc,metaspace] GC(63) Metaspace: 241K(448K)->241K(448K) NonClass: 226K(320K)->226K(320K) Class: 14K(128K)->14K(128K)
[2026-03-23T15:51:27.823+0900][10.494s][info][gc          ] GC(63) Pause Young (Allocation Failure) 305M->278M(311M) 3.003ms
[2026-03-23T15:51:27.823+0900][10.494s][info][gc,cpu      ] GC(63) User=0.01s Sys=0.00s Real=0.00s
[2026-03-23T15:51:27.937+0900][10.608s][info][gc,start    ] GC(64) Pause Young (Allocation Failure)
[2026-03-23T15:51:27.938+0900][10.610s][info][gc,heap     ] GC(64) PSYoungGen: 34511K(36864K)->3680K(36864K) Eden: 30831K(31232K)->0K(31232K) From: 3680K(5632K)->3680K(5632K)
[2026-03-23T15:51:27.938+0900][10.610s][info][gc,heap     ] GC(64) ParOldGen: 281001K(281600K)->284105K(284160K)
[2026-03-23T15:51:27.939+0900][10.610s][info][gc,metaspace] GC(64) Metaspace: 241K(448K)->241K(448K) NonClass: 226K(320K)->226K(320K) Class: 14K(128K)->14K(128K)
[2026-03-23T15:51:27.939+0900][10.610s][info][gc          ] GC(64) Pause Young (Allocation Failure) 308M->281M(313M) 1.262ms
[2026-03-23T15:51:27.939+0900][10.610s][info][gc,cpu      ] GC(64) User=0.00s Sys=0.00s Real=0.00s
[2026-03-23T15:51:28.053+0900][10.724s][info][gc,start    ] GC(65) Pause Young (Allocation Failure)
[2026-03-23T15:51:28.057+0900][10.728s][info][gc,heap     ] GC(65) PSYoungGen: 34511K(36864K)->3616K(35840K) Eden: 30831K(31232K)->0K(31232K) From: 3680K(5632K)->3616K(4608K)
[2026-03-23T15:51:28.057+0900][10.728s][info][gc,heap     ] GC(65) ParOldGen: 284105K(284160K)->287201K(287744K)
[2026-03-23T15:51:28.057+0900][10.728s][info][gc,metaspace] GC(65) Metaspace: 241K(448K)->241K(448K) NonClass: 226K(320K)->226K(320K) Class: 14K(128K)->14K(128K)
[2026-03-23T15:51:28.057+0900][10.728s][info][gc          ] GC(65) Pause Young (Allocation Failure) 311M->284M(316M) 3.561ms
[2026-03-23T15:51:28.057+0900][10.728s][info][gc,cpu      ] GC(65) User=0.00s Sys=0.00s Real=0.00s
[2026-03-23T15:51:28.177+0900][10.848s][info][gc,start    ] GC(66) Pause Young (Allocation Failure)
[2026-03-23T15:51:28.183+0900][10.854s][info][gc,heap     ] GC(66) PSYoungGen: 34447K(35840K)->3648K(36352K) Eden: 30831K(31232K)->0K(31232K) From: 3616K(4608K)->3648K(5120K)
[2026-03-23T15:51:28.183+0900][10.854s][info][gc,heap     ] GC(66) ParOldGen: 287201K(287744K)->290289K(290816K)
[2026-03-23T15:51:28.183+0900][10.854s][info][gc,metaspace] GC(66) Metaspace: 241K(448K)->241K(448K) NonClass: 226K(320K)->226K(320K) Class: 14K(128K)->14K(128K)
[2026-03-23T15:51:28.183+0900][10.854s][info][gc          ] GC(66) Pause Young (Allocation Failure) 314M->287M(319M) 5.940ms
[2026-03-23T15:51:28.183+0900][10.854s][info][gc,cpu      ] GC(66) User=0.01s Sys=0.01s Real=0.01s
[2026-03-23T15:51:28.298+0900][10.970s][info][gc,start    ] GC(67) Pause Young (Allocation Failure)
[2026-03-23T15:51:28.300+0900][10.971s][info][gc,heap     ] GC(67) PSYoungGen: 34479K(36352K)->3680K(36352K) Eden: 30831K(31232K)->0K(31232K) From: 3648K(5120K)->3680K(5120K)
[2026-03-23T15:51:28.300+0900][10.971s][info][gc,heap     ] GC(67) ParOldGen: 290289K(290816K)->293385K(294400K)
[2026-03-23T15:51:28.300+0900][10.971s][info][gc,metaspace] GC(67) Metaspace: 241K(448K)->241K(448K) NonClass: 226K(320K)->226K(320K) Class: 14K(128K)->14K(128K)
[2026-03-23T15:51:28.300+0900][10.971s][info][gc          ] GC(67) Pause Young (Allocation Failure) 317M->290M(323M) 1.962ms
[2026-03-23T15:51:28.300+0900][10.972s][info][gc,cpu      ] GC(67) User=0.01s Sys=0.00s Real=0.01s
[2026-03-23T15:51:28.417+0900][11.088s][info][gc,start    ] GC(68) Pause Young (Allocation Failure)
[2026-03-23T15:51:28.421+0900][11.093s][info][gc,heap     ] GC(68) PSYoungGen: 34511K(36352K)->3648K(36352K) Eden: 30831K(31232K)->0K(31232K) From: 3680K(5120K)->3648K(5120K)
[2026-03-23T15:51:28.422+0900][11.093s][info][gc,heap     ] GC(68) ParOldGen: 293385K(294400K)->296489K(297472K)
[2026-03-23T15:51:28.422+0900][11.093s][info][gc,metaspace] GC(68) Metaspace: 241K(448K)->241K(448K) NonClass: 226K(320K)->226K(320K) Class: 14K(128K)->14K(128K)
[2026-03-23T15:51:28.422+0900][11.093s][info][gc          ] GC(68) Pause Young (Allocation Failure) 320M->293M(326M) 4.937ms
[2026-03-23T15:51:28.422+0900][11.093s][info][gc,cpu      ] GC(68) User=0.00s Sys=0.00s Real=0.01s
[2026-03-23T15:51:28.538+0900][11.210s][info][gc,start    ] GC(69) Pause Young (Allocation Failure)
[2026-03-23T15:51:28.540+0900][11.212s][info][gc,heap     ] GC(69) PSYoungGen: 34479K(36352K)->3616K(36352K) Eden: 30831K(31232K)->0K(31232K) From: 3648K(5120K)->3616K(5120K)
[2026-03-23T15:51:28.540+0900][11.212s][info][gc,heap     ] GC(69) ParOldGen: 296489K(297472K)->299577K(300544K)
[2026-03-23T15:51:28.540+0900][11.212s][info][gc,metaspace] GC(69) Metaspace: 241K(448K)->241K(448K) NonClass: 226K(320K)->226K(320K) Class: 14K(128K)->14K(128K)
[2026-03-23T15:51:28.540+0900][11.212s][info][gc          ] GC(69) Pause Young (Allocation Failure) 323M->296M(329M) 2.122ms
[2026-03-23T15:51:28.541+0900][11.212s][info][gc,cpu      ] GC(69) User=0.00s Sys=0.00s Real=0.01s
[2026-03-23T15:51:28.656+0900][11.328s][info][gc,start    ] GC(70) Pause Young (Allocation Failure)
[2026-03-23T15:51:28.658+0900][11.329s][info][gc,heap     ] GC(70) PSYoungGen: 34447K(36352K)->3680K(35328K) Eden: 30831K(31232K)->0K(31232K) From: 3616K(5120K)->3680K(4096K)
[2026-03-23T15:51:28.658+0900][11.329s][info][gc,heap     ] GC(70) ParOldGen: 299577K(300544K)->302681K(303616K)
[2026-03-23T15:51:28.658+0900][11.329s][info][gc,metaspace] GC(70) Metaspace: 241K(448K)->241K(448K) NonClass: 226K(320K)->226K(320K) Class: 14K(128K)->14K(128K)
[2026-03-23T15:51:28.658+0900][11.329s][info][gc          ] GC(70) Pause Young (Allocation Failure) 326M->299M(331M) 1.886ms
[2026-03-23T15:51:28.658+0900][11.330s][info][gc,cpu      ] GC(70) User=0.00s Sys=0.00s Real=0.00s
[2026-03-23T15:51:28.776+0900][11.447s][info][gc,start    ] GC(71) Pause Young (Allocation Failure)
[2026-03-23T15:51:28.779+0900][11.450s][info][gc,heap     ] GC(71) PSYoungGen: 34511K(35328K)->3680K(35840K) Eden: 30831K(31232K)->0K(31232K) From: 3680K(4096K)->3680K(4608K)
[2026-03-23T15:51:28.779+0900][11.450s][info][gc,heap     ] GC(71) ParOldGen: 302681K(303616K)->305785K(306688K)
[2026-03-23T15:51:28.779+0900][11.450s][info][gc,metaspace] GC(71) Metaspace: 241K(448K)->241K(448K) NonClass: 226K(320K)->226K(320K) Class: 14K(128K)->14K(128K)
[2026-03-23T15:51:28.779+0900][11.450s][info][gc          ] GC(71) Pause Young (Allocation Failure) 329M->302M(334M) 2.845ms
[2026-03-23T15:51:28.779+0900][11.450s][info][gc,cpu      ] GC(71) User=0.01s Sys=0.00s Real=0.00s
[2026-03-23T15:51:28.898+0900][11.569s][info][gc,start    ] GC(72) Pause Young (Allocation Failure)
[2026-03-23T15:51:28.900+0900][11.571s][info][gc,heap     ] GC(72) PSYoungGen: 34511K(35840K)->3648K(35840K) Eden: 30831K(31232K)->0K(31232K) From: 3680K(4608K)->3648K(4608K)
[2026-03-23T15:51:28.900+0900][11.571s][info][gc,heap     ] GC(72) ParOldGen: 305785K(306688K)->308881K(309760K)
[2026-03-23T15:51:28.900+0900][11.571s][info][gc,metaspace] GC(72) Metaspace: 241K(448K)->241K(448K) NonClass: 226K(320K)->226K(320K) Class: 14K(128K)->14K(128K)
[2026-03-23T15:51:28.900+0900][11.571s][info][gc          ] GC(72) Pause Young (Allocation Failure) 332M->305M(337M) 2.267ms
[2026-03-23T15:51:28.900+0900][11.571s][info][gc,cpu      ] GC(72) User=0.01s Sys=0.00s Real=0.01s
[2026-03-23T15:51:29.014+0900][11.685s][info][gc,start    ] GC(73) Pause Young (Allocation Failure)
[2026-03-23T15:51:29.017+0900][11.688s][info][gc,heap     ] GC(73) PSYoungGen: 34479K(35840K)->3712K(35840K) Eden: 30831K(31232K)->0K(31232K) From: 3648K(4608K)->3712K(4608K)
[2026-03-23T15:51:29.017+0900][11.688s][info][gc,heap     ] GC(73) ParOldGen: 308881K(309760K)->311985K(312832K)
[2026-03-23T15:51:29.017+0900][11.688s][info][gc,metaspace] GC(73) Metaspace: 241K(448K)->241K(448K) NonClass: 226K(320K)->226K(320K) Class: 14K(128K)->14K(128K)
[2026-03-23T15:51:29.017+0900][11.688s][info][gc          ] GC(73) Pause Young (Allocation Failure) 335M->308M(340M) 2.541ms
[2026-03-23T15:51:29.017+0900][11.688s][info][gc,cpu      ] GC(73) User=0.00s Sys=0.00s Real=0.00s
[2026-03-23T15:51:29.130+0900][11.802s][info][gc,start    ] GC(74) Pause Young (Allocation Failure)
[2026-03-23T15:51:29.132+0900][11.803s][info][gc,heap     ] GC(74) PSYoungGen: 34543K(35840K)->3712K(35840K) Eden: 30831K(31232K)->0K(31232K) From: 3712K(4608K)->3712K(4608K)
[2026-03-23T15:51:29.132+0900][11.803s][info][gc,heap     ] GC(74) ParOldGen: 311985K(312832K)->315090K(315904K)
[2026-03-23T15:51:29.132+0900][11.803s][info][gc,metaspace] GC(74) Metaspace: 241K(448K)->241K(448K) NonClass: 226K(320K)->226K(320K) Class: 14K(128K)->14K(128K)
[2026-03-23T15:51:29.132+0900][11.803s][info][gc          ] GC(74) Pause Young (Allocation Failure) 338M->311M(343M) 1.920ms
[2026-03-23T15:51:29.132+0900][11.803s][info][gc,cpu      ] GC(74) User=0.00s Sys=0.00s Real=0.00s
[2026-03-23T15:51:29.250+0900][11.921s][info][gc,start    ] GC(75) Pause Young (Allocation Failure)
[2026-03-23T15:51:29.254+0900][11.925s][info][gc,heap     ] GC(75) PSYoungGen: 34543K(35840K)->3616K(35840K) Eden: 30831K(31232K)->0K(31232K) From: 3712K(4608K)->3616K(4608K)
[2026-03-23T15:51:29.254+0900][11.925s][info][gc,heap     ] GC(75) ParOldGen: 315090K(315904K)->318178K(318976K)
[2026-03-23T15:51:29.254+0900][11.925s][info][gc,metaspace] GC(75) Metaspace: 241K(448K)->241K(448K) NonClass: 226K(320K)->226K(320K) Class: 14K(128K)->14K(128K)
[2026-03-23T15:51:29.254+0900][11.925s][info][gc          ] GC(75) Pause Young (Allocation Failure) 341M->314M(346M) 4.170ms
[2026-03-23T15:51:29.254+0900][11.925s][info][gc,cpu      ] GC(75) User=0.00s Sys=0.00s Real=0.00s
[2026-03-23T15:51:29.368+0900][12.039s][info][gc,start    ] GC(76) Pause Young (Allocation Failure)
[2026-03-23T15:51:29.374+0900][12.045s][info][gc,heap     ] GC(76) PSYoungGen: 34447K(35840K)->3680K(35840K) Eden: 30831K(31232K)->0K(31232K) From: 3616K(4608K)->3680K(4608K)
[2026-03-23T15:51:29.374+0900][12.045s][info][gc,heap     ] GC(76) ParOldGen: 318178K(318976K)->321282K(322048K)
[2026-03-23T15:51:29.374+0900][12.045s][info][gc,metaspace] GC(76) Metaspace: 241K(448K)->241K(448K) NonClass: 226K(320K)->226K(320K) Class: 14K(128K)->14K(128K)
[2026-03-23T15:51:29.374+0900][12.045s][info][gc          ] GC(76) Pause Young (Allocation Failure) 344M->317M(349M) 5.556ms
[2026-03-23T15:51:29.374+0900][12.045s][info][gc,cpu      ] GC(76) User=0.01s Sys=0.00s Real=0.01s
[2026-03-23T15:51:29.490+0900][12.162s][info][gc,start    ] GC(77) Pause Young (Allocation Failure)
[2026-03-23T15:51:29.492+0900][12.163s][info][gc,heap     ] GC(77) PSYoungGen: 34511K(35840K)->3680K(35840K) Eden: 30831K(31232K)->0K(31232K) From: 3680K(4608K)->3680K(4608K)
[2026-03-23T15:51:29.492+0900][12.163s][info][gc,heap     ] GC(77) ParOldGen: 321282K(322048K)->324386K(325120K)
[2026-03-23T15:51:29.492+0900][12.163s][info][gc,metaspace] GC(77) Metaspace: 241K(448K)->241K(448K) NonClass: 226K(320K)->226K(320K) Class: 14K(128K)->14K(128K)
[2026-03-23T15:51:29.492+0900][12.163s][info][gc          ] GC(77) Pause Young (Allocation Failure) 347M->320M(352M) 1.772ms
[2026-03-23T15:51:29.492+0900][12.163s][info][gc,cpu      ] GC(77) User=0.01s Sys=0.00s Real=0.00s
[2026-03-23T15:51:29.610+0900][12.281s][info][gc,start    ] GC(78) Pause Young (Allocation Failure)
[2026-03-23T15:51:29.614+0900][12.285s][info][gc,heap     ] GC(78) PSYoungGen: 34511K(35840K)->3648K(35840K) Eden: 30831K(31232K)->0K(31232K) From: 3680K(4608K)->3648K(4608K)
[2026-03-23T15:51:29.614+0900][12.285s][info][gc,heap     ] GC(78) ParOldGen: 324386K(325120K)->327482K(328192K)
[2026-03-23T15:51:29.614+0900][12.285s][info][gc,metaspace] GC(78) Metaspace: 241K(448K)->241K(448K) NonClass: 226K(320K)->226K(320K) Class: 14K(128K)->14K(128K)
[2026-03-23T15:51:29.614+0900][12.285s][info][gc          ] GC(78) Pause Young (Allocation Failure) 350M->323M(355M) 4.416ms
[2026-03-23T15:51:29.614+0900][12.285s][info][gc,cpu      ] GC(78) User=0.01s Sys=0.00s Real=0.00s
[2026-03-23T15:51:29.731+0900][12.402s][info][gc,start    ] GC(79) Pause Young (Allocation Failure)
[2026-03-23T15:51:29.733+0900][12.404s][info][gc,heap     ] GC(79) PSYoungGen: 34479K(35840K)->3680K(35840K) Eden: 30831K(31232K)->0K(31232K) From: 3648K(4608K)->3680K(4608K)
[2026-03-23T15:51:29.733+0900][12.404s][info][gc,heap     ] GC(79) ParOldGen: 327482K(328192K)->330586K(331264K)
[2026-03-23T15:51:29.733+0900][12.404s][info][gc,metaspace] GC(79) Metaspace: 241K(448K)->241K(448K) NonClass: 226K(320K)->226K(320K) Class: 14K(128K)->14K(128K)
[2026-03-23T15:51:29.733+0900][12.404s][info][gc          ] GC(79) Pause Young (Allocation Failure) 353M->326M(358M) 2.126ms
[2026-03-23T15:51:29.733+0900][12.404s][info][gc,cpu      ] GC(79) User=0.00s Sys=0.00s Real=0.00s
[2026-03-23T15:51:29.851+0900][12.522s][info][gc,start    ] GC(80) Pause Young (Allocation Failure)
[2026-03-23T15:51:29.854+0900][12.525s][info][gc,heap     ] GC(80) PSYoungGen: 34511K(35840K)->3648K(35328K) Eden: 30831K(31232K)->0K(31232K) From: 3680K(4608K)->3648K(4096K)
[2026-03-23T15:51:29.854+0900][12.525s][info][gc,heap     ] GC(80) ParOldGen: 330586K(331264K)->333674K(334336K)
[2026-03-23T15:51:29.854+0900][12.525s][info][gc,metaspace] GC(80) Metaspace: 241K(448K)->241K(448K) NonClass: 226K(320K)->226K(320K) Class: 14K(128K)->14K(128K)
[2026-03-23T15:51:29.854+0900][12.525s][info][gc          ] GC(80) Pause Young (Allocation Failure) 356M->329M(361M) 3.416ms
[2026-03-23T15:51:29.854+0900][12.525s][info][gc,cpu      ] GC(80) User=0.00s Sys=0.00s Real=0.00s
[2026-03-23T15:51:29.967+0900][12.638s][info][gc,start    ] GC(81) Pause Young (Allocation Failure)
[2026-03-23T15:51:29.971+0900][12.642s][info][gc,heap     ] GC(81) PSYoungGen: 34479K(35328K)->3648K(35328K) Eden: 30831K(31232K)->0K(31232K) From: 3648K(4096K)->3648K(4096K)
[2026-03-23T15:51:29.971+0900][12.642s][info][gc,heap     ] GC(81) ParOldGen: 333674K(334336K)->336770K(337408K)
[2026-03-23T15:51:29.971+0900][12.642s][info][gc,metaspace] GC(81) Metaspace: 241K(448K)->241K(448K) NonClass: 226K(320K)->226K(320K) Class: 14K(128K)->14K(128K)
[2026-03-23T15:51:29.971+0900][12.642s][info][gc          ] GC(81) Pause Young (Allocation Failure) 359M->332M(364M) 4.000ms
[2026-03-23T15:51:29.971+0900][12.642s][info][gc,cpu      ] GC(81) User=0.00s Sys=0.00s Real=0.01s
[2026-03-23T15:51:30.085+0900][12.756s][info][gc,start    ] GC(82) Pause Young (Allocation Failure)
[2026-03-23T15:51:30.089+0900][12.760s][info][gc,heap     ] GC(82) PSYoungGen: 34479K(35328K)->3680K(35328K) Eden: 30831K(31232K)->0K(31232K) From: 3648K(4096K)->3680K(4096K)
[2026-03-23T15:51:30.089+0900][12.760s][info][gc,heap     ] GC(82) ParOldGen: 336770K(337408K)->339874K(340480K)
[2026-03-23T15:51:30.089+0900][12.760s][info][gc,metaspace] GC(82) Metaspace: 241K(448K)->241K(448K) NonClass: 226K(320K)->226K(320K) Class: 14K(128K)->14K(128K)
[2026-03-23T15:51:30.089+0900][12.760s][info][gc          ] GC(82) Pause Young (Allocation Failure) 362M->335M(367M) 3.728ms
[2026-03-23T15:51:30.089+0900][12.760s][info][gc,cpu      ] GC(82) User=0.01s Sys=0.01s Real=0.00s
[2026-03-23T15:51:30.204+0900][12.876s][info][gc,start    ] GC(83) Pause Young (Allocation Failure)
[2026-03-23T15:51:30.207+0900][12.878s][info][gc,heap     ] GC(83) PSYoungGen: 34511K(35328K)->3680K(35328K) Eden: 30831K(31232K)->0K(31232K) From: 3680K(4096K)->3680K(4096K)
[2026-03-23T15:51:30.207+0900][12.878s][info][gc,heap     ] GC(83) ParOldGen: 339874K(340480K)->342970K(343552K)
[2026-03-23T15:51:30.207+0900][12.878s][info][gc,metaspace] GC(83) Metaspace: 241K(448K)->241K(448K) NonClass: 226K(320K)->226K(320K) Class: 14K(128K)->14K(128K)
[2026-03-23T15:51:30.207+0900][12.878s][info][gc          ] GC(83) Pause Young (Allocation Failure) 365M->338M(370M) 2.310ms
[2026-03-23T15:51:30.207+0900][12.878s][info][gc,cpu      ] GC(83) User=0.01s Sys=0.00s Real=0.00s
[2026-03-23T15:51:30.245+0900][12.917s][info][gc,heap,exit] Heap
[2026-03-23T15:51:30.246+0900][12.917s][info][gc,heap,exit]  PSYoungGen      total 35328K, used 14655K [0x00000007f5580000, 0x00000007f7c00000, 0x0000000800000000)
[2026-03-23T15:51:30.246+0900][12.917s][info][gc,heap,exit]   eden space 31232K, 35% used [0x00000007f5580000,0x00000007f6037df0,0x00000007f7400000)
[2026-03-23T15:51:30.246+0900][12.917s][info][gc,heap,exit]   from space 4096K, 89% used [0x00000007f7800000,0x00000007f7b98078,0x00000007f7c00000)
[2026-03-23T15:51:30.246+0900][12.917s][info][gc,heap,exit]   to   space 4096K, 0% used [0x00000007f7400000,0x00000007f7400000,0x00000007f7800000)
[2026-03-23T15:51:30.246+0900][12.917s][info][gc,heap,exit]  ParOldGen       total 343552K, used 342970K [0x00000007e0000000, 0x00000007f4f80000, 0x00000007f5580000)
[2026-03-23T15:51:30.246+0900][12.917s][info][gc,heap,exit]   object space 343552K, 99% used [0x00000007e0000000,0x00000007f4eeebb0,0x00000007f4f80000)
[2026-03-23T15:51:30.246+0900][12.917s][info][gc,heap,exit]  Metaspace       used 242K, committed 448K, reserved 1114112K
[2026-03-23T15:51:30.246+0900][12.917s][info][gc,heap,exit]   class space    used 15K, committed 128K, reserved 1048576K
