[2026-03-23T15:51:04.400+0900][0.003s][info][gc,init] CardTable entry size: 512
[2026-03-23T15:51:04.400+0900][0.003s][info][gc     ] Using Parallel
[2026-03-23T15:51:04.401+0900][0.003s][info][gc,init] Version: 21.0.9+10-LTS (release)
[2026-03-23T15:51:04.401+0900][0.003s][info][gc,init] CPUs: 14 total, 14 available
[2026-03-23T15:51:04.401+0900][0.003s][info][gc,init] Memory: 49152M
[2026-03-23T15:51:04.401+0900][0.003s][info][gc,init] Large Page Support: Disabled
[2026-03-23T15:51:04.401+0900][0.003s][info][gc,init] NUMA Support: Disabled
[2026-03-23T15:51:04.401+0900][0.003s][info][gc,init] Compressed Oops: Enabled (Zero based)
[2026-03-23T15:51:04.401+0900][0.003s][info][gc,init] Alignments: Space 512K, Generation 512K, Heap 8M
[2026-03-23T15:51:04.401+0900][0.003s][info][gc,init] Heap Min Capacity: 256M
[2026-03-23T15:51:04.401+0900][0.003s][info][gc,init] Heap Initial Capacity: 256M
[2026-03-23T15:51:04.401+0900][0.003s][info][gc,init] Heap Max Capacity: 512M
[2026-03-23T15:51:04.401+0900][0.003s][info][gc,init] Pre-touch: Disabled
[2026-03-23T15:51:04.401+0900][0.003s][info][gc,init] Parallel Workers: 1
[2026-03-23T15:51:04.403+0900][0.006s][info][gc,metaspace] CDS archive(s) mapped at: [0x0000007000000000-0x0000007000c9c000-0x0000007000c9c000), size 13221888, SharedBaseAddress: 0x0000007000000000, ArchiveRelocationMode: 1.
[2026-03-23T15:51:04.403+0900][0.006s][info][gc,metaspace] Compressed class space mapped at: 0x0000007001000000-0x0000007041000000, reserved size: 1073741824
[2026-03-23T15:51:04.403+0900][0.006s][info][gc,metaspace] Narrow klass base: 0x0000007000000000, Narrow klass shift: 0, Narrow klass range: 0x100000000
[2026-03-23T15:51:04.629+0900][0.231s][info][gc,start    ] GC(0) Pause Young (Allocation Failure)
[2026-03-23T15:51:04.631+0900][0.233s][info][gc,heap     ] GC(0) PSYoungGen: 64923K(76288K)->8368K(76288K) Eden: 64923K(65536K)->0K(65536K) From: 0K(10752K)->8368K(10752K)
[2026-03-23T15:51:04.631+0900][0.233s][info][gc,heap     ] GC(0) ParOldGen: 1056K(175104K)->1056K(175104K)
[2026-03-23T15:51:04.631+0900][0.234s][info][gc,metaspace] GC(0) Metaspace: 216K(384K)->216K(384K) NonClass: 201K(256K)->201K(256K) Class: 14K(128K)->14K(128K)
[2026-03-23T15:51:04.631+0900][0.234s][info][gc          ] GC(0) Pause Young (Allocation Failure) 64M->9M(245M) 2.349ms
[2026-03-23T15:51:04.631+0900][0.234s][info][gc,cpu      ] GC(0) User=0.00s Sys=0.00s Real=0.01s
[2026-03-23T15:51:04.871+0900][0.473s][info][gc,start    ] GC(1) Pause Young (Allocation Failure)
[2026-03-23T15:51:04.875+0900][0.478s][info][gc,heap     ] GC(1) PSYoungGen: 73102K(76288K)->10416K(76288K) Eden: 64734K(65536K)->0K(65536K) From: 8368K(10752K)->10416K(10752K)
[2026-03-23T15:51:04.875+0900][0.478s][info][gc,heap     ] GC(1) ParOldGen: 1056K(175104K)->5152K(175104K)
[2026-03-23T15:51:04.875+0900][0.478s][info][gc,metaspace] GC(1) Metaspace: 217K(384K)->217K(384K) NonClass: 202K(256K)->202K(256K) Class: 14K(128K)->14K(128K)
[2026-03-23T15:51:04.875+0900][0.478s][info][gc          ] GC(1) Pause Young (Allocation Failure) 72M->15M(245M) 4.441ms
[2026-03-23T15:51:04.875+0900][0.478s][info][gc,cpu      ] GC(1) User=0.01s Sys=0.00s Real=0.00s
[2026-03-23T15:51:05.108+0900][0.710s][info][gc,start    ] GC(2) Pause Young (Allocation Failure)
[2026-03-23T15:51:05.111+0900][0.714s][info][gc,heap     ] GC(2) PSYoungGen: 75171K(76288K)->10416K(76288K) Eden: 64755K(65536K)->0K(65536K) From: 10416K(10752K)->10416K(10752K)
[2026-03-23T15:51:05.111+0900][0.714s][info][gc,heap     ] GC(2) ParOldGen: 5152K(175104K)->13344K(175104K)
[2026-03-23T15:51:05.111+0900][0.714s][info][gc,metaspace] GC(2) Metaspace: 220K(384K)->220K(384K) NonClass: 206K(256K)->206K(256K) Class: 14K(128K)->14K(128K)
[2026-03-23T15:51:05.111+0900][0.714s][info][gc          ] GC(2) Pause Young (Allocation Failure) 78M->23M(245M) 3.191ms
[2026-03-23T15:51:05.111+0900][0.714s][info][gc,cpu      ] GC(2) User=0.00s Sys=0.00s Real=0.01s
[2026-03-23T15:51:05.351+0900][0.954s][info][gc,start    ] GC(3) Pause Young (Allocation Failure)
[2026-03-23T15:51:05.355+0900][0.957s][info][gc,heap     ] GC(3) PSYoungGen: 75185K(76288K)->10416K(141824K) Eden: 64769K(65536K)->0K(131072K) From: 10416K(10752K)->10416K(10752K)
[2026-03-23T15:51:05.355+0900][0.957s][info][gc,heap     ] GC(3) ParOldGen: 13344K(175104K)->21025K(175104K)
[2026-03-23T15:51:05.355+0900][0.957s][info][gc,metaspace] GC(3) Metaspace: 223K(384K)->223K(384K) NonClass: 209K(256K)->209K(256K) Class: 14K(128K)->14K(128K)
[2026-03-23T15:51:05.355+0900][0.957s][info][gc          ] GC(3) Pause Young (Allocation Failure) 86M->30M(309M) 3.491ms
[2026-03-23T15:51:05.355+0900][0.957s][info][gc,cpu      ] GC(3) User=0.00s Sys=0.01s Real=0.00s
[2026-03-23T15:51:05.835+0900][1.437s][info][gc,start    ] GC(4) Pause Young (Allocation Failure)
[2026-03-23T15:51:05.842+0900][1.444s][info][gc,heap     ] GC(4) PSYoungGen: 141488K(141824K)->10416K(141824K) Eden: 131072K(131072K)->0K(131072K) From: 10416K(10752K)->10416K(10752K)
[2026-03-23T15:51:05.842+0900][1.444s][info][gc,heap     ] GC(4) ParOldGen: 21025K(175104K)->33825K(175104K)
[2026-03-23T15:51:05.842+0900][1.444s][info][gc,metaspace] GC(4) Metaspace: 228K(384K)->228K(384K) NonClass: 213K(256K)->213K(256K) Class: 14K(128K)->14K(128K)
[2026-03-23T15:51:05.842+0900][1.444s][info][gc          ] GC(4) Pause Young (Allocation Failure) 158M->43M(309M) 6.969ms
[2026-03-23T15:51:05.842+0900][1.444s][info][gc,cpu      ] GC(4) User=0.00s Sys=0.00s Real=0.01s
[2026-03-23T15:51:06.325+0900][1.928s][info][gc,start    ] GC(5) Pause Young (Allocation Failure)
[2026-03-23T15:51:06.329+0900][1.931s][info][gc,heap     ] GC(5) PSYoungGen: 141488K(141824K)->11440K(161792K) Eden: 131072K(131072K)->0K(150016K) From: 10416K(10752K)->11440K(11776K)
[2026-03-23T15:51:06.329+0900][1.931s][info][gc,heap     ] GC(5) ParOldGen: 33825K(175104K)->46625K(175104K)
[2026-03-23T15:51:06.329+0900][1.931s][info][gc,metaspace] GC(5) Metaspace: 236K(448K)->236K(448K) NonClass: 221K(320K)->221K(320K) Class: 14K(128K)->14K(128K)
[2026-03-23T15:51:06.329+0900][1.932s][info][gc          ] GC(5) Pause Young (Allocation Failure) 171M->56M(329M) 3.811ms
[2026-03-23T15:51:06.329+0900][1.932s][info][gc,cpu      ] GC(5) User=0.01s Sys=0.00s Real=0.00s
[2026-03-23T15:51:06.869+0900][2.471s][info][gc,start    ] GC(6) Pause Young (Allocation Failure)
[2026-03-23T15:51:06.872+0900][2.475s][info][gc,heap     ] GC(6) PSYoungGen: 161351K(161792K)->11808K(162304K) Eden: 149911K(150016K)->0K(150016K) From: 11440K(11776K)->11808K(12288K)
[2026-03-23T15:51:06.873+0900][2.475s][info][gc,heap     ] GC(6) ParOldGen: 46625K(175104K)->60618K(175104K)
[2026-03-23T15:51:06.873+0900][2.475s][info][gc,metaspace] GC(6) Metaspace: 236K(448K)->236K(448K) NonClass: 221K(320K)->221K(320K) Class: 14K(128K)->14K(128K)
[2026-03-23T15:51:06.873+0900][2.475s][info][gc          ] GC(6) Pause Young (Allocation Failure) 203M->70M(329M) 4.025ms
[2026-03-23T15:51:06.873+0900][2.475s][info][gc,cpu      ] GC(6) User=0.00s Sys=0.01s Real=0.01s
[2026-03-23T15:51:07.416+0900][3.019s][info][gc,start    ] GC(7) Pause Young (Allocation Failure)
[2026-03-23T15:51:07.418+0900][3.021s][info][gc,heap     ] GC(7) PSYoungGen: 161207K(162304K)->11808K(157184K) Eden: 149398K(150016K)->0K(144896K) From: 11808K(12288K)->11808K(12288K)
[2026-03-23T15:51:07.418+0900][3.021s][info][gc,heap     ] GC(7) ParOldGen: 60618K(175104K)->76498K(175104K)
[2026-03-23T15:51:07.418+0900][3.021s][info][gc,metaspace] GC(7) Metaspace: 236K(448K)->236K(448K) NonClass: 221K(320K)->221K(320K) Class: 14K(128K)->14K(128K)
[2026-03-23T15:51:07.418+0900][3.021s][info][gc          ] GC(7) Pause Young (Allocation Failure) 216M->86M(324M) 2.072ms
[2026-03-23T15:51:07.418+0900][3.021s][info][gc,cpu      ] GC(7) User=0.01s Sys=0.00s Real=0.00s
[2026-03-23T15:51:07.930+0900][3.533s][info][gc,start    ] GC(8) Pause Young (Allocation Failure)
[2026-03-23T15:51:07.933+0900][3.536s][info][gc,heap     ] GC(8) PSYoungGen: 156508K(157184K)->12832K(153600K) Eden: 144699K(144896K)->0K(140288K) From: 11808K(12288K)->12832K(13312K)
[2026-03-23T15:51:07.933+0900][3.536s][info][gc,heap     ] GC(8) ParOldGen: 76498K(175104K)->91355K(175104K)
[2026-03-23T15:51:07.933+0900][3.536s][info][gc,metaspace] GC(8) Metaspace: 236K(448K)->236K(448K) NonClass: 221K(320K)->221K(320K) Class: 14K(128K)->14K(128K)
[2026-03-23T15:51:07.934+0900][3.536s][info][gc          ] GC(8) Pause Young (Allocation Failure) 227M->101M(321M) 3.161ms
[2026-03-23T15:51:07.934+0900][3.536s][info][gc,cpu      ] GC(8) User=0.00s Sys=0.00s Real=0.00s
[2026-03-23T15:51:08.440+0900][4.042s][info][gc,start    ] GC(9) Pause Young (Allocation Failure)
[2026-03-23T15:51:08.442+0900][4.045s][info][gc,heap     ] GC(9) PSYoungGen: 152839K(153600K)->6176K(142336K) Eden: 140007K(140288K)->0K(135680K) From: 12832K(13312K)->6176K(6656K)
[2026-03-23T15:51:08.442+0900][4.045s][info][gc,heap     ] GC(9) ParOldGen: 91355K(175104K)->113380K(175104K)
[2026-03-23T15:51:08.442+0900][4.045s][info][gc,metaspace] GC(9) Metaspace: 236K(448K)->236K(448K) NonClass: 221K(320K)->221K(320K) Class: 14K(128K)->14K(128K)
[2026-03-23T15:51:08.442+0900][4.045s][info][gc          ] GC(9) Pause Young (Allocation Failure) 238M->116M(310M) 2.764ms
[2026-03-23T15:51:08.442+0900][4.045s][info][gc,cpu      ] GC(9) User=0.00s Sys=0.00s Real=0.00s
[2026-03-23T15:51:08.939+0900][4.541s][info][gc,start    ] GC(10) Pause Young (Allocation Failure)
[2026-03-23T15:51:08.941+0900][4.543s][info][gc,heap     ] GC(10) PSYoungGen: 141488K(142336K)->12832K(144896K) Eden: 135312K(135680K)->0K(131584K) From: 6176K(6656K)->12832K(13312K)
[2026-03-23T15:51:08.941+0900][4.543s][info][gc,heap     ] GC(10) ParOldGen: 113380K(175104K)->119532K(175104K)
[2026-03-23T15:51:08.941+0900][4.543s][info][gc,metaspace] GC(10) Metaspace: 236K(448K)->236K(448K) NonClass: 221K(320K)->221K(320K) Class: 14K(128K)->14K(128K)
[2026-03-23T15:51:08.941+0900][4.543s][info][gc          ] GC(10) Pause Young (Allocation Failure) 248M->129M(312M) 1.962ms
[2026-03-23T15:51:08.941+0900][4.543s][info][gc,cpu      ] GC(10) User=0.00s Sys=0.00s Real=0.01s
[2026-03-23T15:51:09.427+0900][5.030s][info][gc,start    ] GC(11) Pause Young (Allocation Failure)
[2026-03-23T15:51:09.432+0900][5.035s][info][gc,heap     ] GC(11) PSYoungGen: 143458K(144896K)->8736K(136704K) Eden: 130626K(131584K)->0K(127488K) From: 12832K(13312K)->8736K(9216K)
[2026-03-23T15:51:09.432+0900][5.035s][info][gc,heap     ] GC(11) ParOldGen: 119532K(175104K)->137460K(175104K)
[2026-03-23T15:51:09.432+0900][5.035s][info][gc,metaspace] GC(11) Metaspace: 236K(448K)->236K(448K) NonClass: 221K(320K)->221K(320K) Class: 14K(128K)->14K(128K)
[2026-03-23T15:51:09.432+0900][5.035s][info][gc          ] GC(11) Pause Young (Allocation Failure) 256M->142M(304M) 5.116ms
[2026-03-23T15:51:09.432+0900][5.035s][info][gc,cpu      ] GC(11) User=0.00s Sys=0.00s Real=0.01s
[2026-03-23T15:51:09.898+0900][5.501s][info][gc,start    ] GC(12) Pause Young (Allocation Failure)
[2026-03-23T15:51:09.901+0900][5.503s][info][gc,heap     ] GC(12) PSYoungGen: 136211K(136704K)->12320K(136192K) Eden: 127475K(127488K)->0K(123392K) From: 8736K(9216K)->12320K(12800K)
[2026-03-23T15:51:09.901+0900][5.504s][info][gc,heap     ] GC(12) ParOldGen: 137460K(175104K)->146173K(175104K)
[2026-03-23T15:51:09.901+0900][5.504s][info][gc,metaspace] GC(12) Metaspace: 238K(448K)->238K(448K) NonClass: 223K(320K)->223K(320K) Class: 14K(128K)->14K(128K)
[2026-03-23T15:51:09.901+0900][5.504s][info][gc          ] GC(12) Pause Young (Allocation Failure) 267M->154M(304M) 2.620ms
[2026-03-23T15:51:09.901+0900][5.504s][info][gc,cpu      ] GC(12) User=0.00s Sys=0.00s Real=0.01s
[2026-03-23T15:51:10.354+0900][5.956s][info][gc,start    ] GC(13) Pause Young (Allocation Failure)
[2026-03-23T15:51:10.356+0900][5.959s][info][gc,heap     ] GC(13) PSYoungGen: 135620K(136192K)->8736K(129024K) Eden: 123299K(123392K)->0K(119808K) From: 12320K(12800K)->8736K(9216K)
[2026-03-23T15:51:10.357+0900][5.959s][info][gc,heap     ] GC(13) ParOldGen: 146173K(175104K)->162053K(175104K)
[2026-03-23T15:51:10.357+0900][5.959s][info][gc,metaspace] GC(13) Metaspace: 238K(448K)->238K(448K) NonClass: 223K(320K)->223K(320K) Class: 14K(128K)->14K(128K)
[2026-03-23T15:51:10.357+0900][5.959s][info][gc          ] GC(13) Pause Young (Allocation Failure) 275M->166M(297M) 2.820ms
[2026-03-23T15:51:10.357+0900][5.959s][info][gc,cpu      ] GC(13) User=0.00s Sys=0.00s Real=0.00s
[2026-03-23T15:51:10.789+0900][6.391s][info][gc,start    ] GC(14) Pause Young (Allocation Failure)
[2026-03-23T15:51:10.790+0900][6.392s][info][gc,heap     ] GC(14) PSYoungGen: 127866K(129024K)->12832K(129536K) Eden: 119130K(119808K)->0K(116224K) From: 8736K(9216K)->12832K(13312K)
[2026-03-23T15:51:10.790+0900][6.392s][info][gc,heap     ] GC(14) ParOldGen: 162053K(175104K)->170765K(175104K)
[2026-03-23T15:51:10.790+0900][6.392s][info][gc,metaspace] GC(14) Metaspace: 238K(448K)->238K(448K) NonClass: 223K(320K)->223K(320K) Class: 14K(128K)->14K(128K)
[2026-03-23T15:51:10.790+0900][6.392s][info][gc          ] GC(14) Pause Young (Allocation Failure) 283M->179M(297M) 1.277ms
[2026-03-23T15:51:10.790+0900][6.392s][info][gc,cpu      ] GC(14) User=0.00s Sys=0.00s Real=0.01s
[2026-03-23T15:51:11.215+0900][6.818s][info][gc,start    ] GC(15) Pause Young (Allocation Failure)
[2026-03-23T15:51:11.221+0900][6.823s][info][gc,heap     ] GC(15) PSYoungGen: 128306K(129536K)->8736K(121856K) Eden: 115474K(116224K)->0K(112640K) From: 12832K(13312K)->8736K(9216K)
[2026-03-23T15:51:11.221+0900][6.823s][info][gc,heap     ] GC(15) ParOldGen: 170765K(175104K)->185622K(185856K)
[2026-03-23T15:51:11.221+0900][6.823s][info][gc,metaspace] GC(15) Metaspace: 238K(448K)->238K(448K) NonClass: 223K(320K)->223K(320K) Class: 14K(128K)->14K(128K)
[2026-03-23T15:51:11.221+0900][6.823s][info][gc          ] GC(15) Pause Young (Allocation Failure) 292M->189M(300M) 5.516ms
[2026-03-23T15:51:11.221+0900][6.823s][info][gc,cpu      ] GC(15) User=0.00s Sys=0.00s Real=0.01s
[2026-03-23T15:51:11.626+0900][7.229s][info][gc,start    ] GC(16) Pause Young (Allocation Failure)
[2026-03-23T15:51:11.627+0900][7.230s][info][gc,heap     ] GC(16) PSYoungGen: 121067K(121856K)->12832K(122880K) Eden: 112330K(112640K)->0K(109568K) From: 8736K(9216K)->12832K(13312K)
[2026-03-23T15:51:11.627+0900][7.230s][info][gc,heap     ] GC(16) ParOldGen: 185622K(185856K)->194334K(195072K)
[2026-03-23T15:51:11.627+0900][7.230s][info][gc,metaspace] GC(16) Metaspace: 238K(448K)->238K(448K) NonClass: 223K(320K)->223K(320K) Class: 14K(128K)->14K(128K)
[2026-03-23T15:51:11.627+0900][7.230s][info][gc          ] GC(16) Pause Young (Allocation Failure) 299M->202M(310M) 1.295ms
[2026-03-23T15:51:11.627+0900][7.230s][info][gc,cpu      ] GC(16) User=0.00s Sys=0.00s Real=0.00s
[2026-03-23T15:51:12.028+0900][7.631s][info][gc,start    ] GC(17) Pause Young (Allocation Failure)
[2026-03-23T15:51:12.033+0900][7.636s][info][gc,heap     ] GC(17) PSYoungGen: 122030K(122880K)->11296K(118272K) Eden: 109197K(109568K)->0K(106496K) From: 12832K(13312K)->11296K(11776K)
[2026-03-23T15:51:12.033+0900][7.636s][info][gc,heap     ] GC(17) ParOldGen: 194334K(195072K)->206630K(207360K)
[2026-03-23T15:51:12.033+0900][7.636s][info][gc,metaspace] GC(17) Metaspace: 238K(448K)->238K(448K) NonClass: 223K(320K)->223K(320K) Class: 14K(128K)->14K(128K)
[2026-03-23T15:51:12.033+0900][7.636s][info][gc          ] GC(17) Pause Young (Allocation Failure) 308M->212M(318M) 5.210ms
[2026-03-23T15:51:12.033+0900][7.636s][info][gc,cpu      ] GC(17) User=0.00s Sys=0.00s Real=0.01s
[2026-03-23T15:51:12.428+0900][8.031s][info][gc,start    ] GC(18) Pause Young (Allocation Failure)
[2026-03-23T15:51:12.433+0900][8.036s][info][gc,heap     ] GC(18) PSYoungGen: 117361K(118272K)->11296K(115200K) Eden: 106065K(106496K)->0K(103424K) From: 11296K(11776K)->11296K(11776K)
[2026-03-23T15:51:12.433+0900][8.036s][info][gc,heap     ] GC(18) ParOldGen: 206630K(207360K)->217391K(218112K)
[2026-03-23T15:51:12.433+0900][8.036s][info][gc,metaspace] GC(18) Metaspace: 238K(448K)->238K(448K) NonClass: 223K(320K)->223K(320K) Class: 14K(128K)->14K(128K)
[2026-03-23T15:51:12.433+0900][8.036s][info][gc          ] GC(18) Pause Young (Allocation Failure) 316M->223M(325M) 5.252ms
[2026-03-23T15:51:12.433+0900][8.036s][info][gc,cpu      ] GC(18) User=0.00s Sys=0.00s Real=0.01s
[2026-03-23T15:51:12.816+0900][8.419s][info][gc,start    ] GC(19) Pause Young (Allocation Failure)
[2026-03-23T15:51:12.821+0900][8.424s][info][gc,heap     ] GC(19) PSYoungGen: 114720K(115200K)->9248K(110080K) Eden: 103424K(103424K)->0K(100352K) From: 11296K(11776K)->9248K(9728K)
[2026-03-23T15:51:12.821+0900][8.424s][info][gc,heap     ] GC(19) ParOldGen: 217391K(218112K)->228151K(228864K)
[2026-03-23T15:51:12.821+0900][8.424s][info][gc,metaspace] GC(19) Metaspace: 238K(448K)->238K(448K) NonClass: 223K(320K)->223K(320K) Class: 14K(128K)->14K(128K)
[2026-03-23T15:51:12.821+0900][8.424s][info][gc          ] GC(19) Pause Young (Allocation Failure) 324M->231M(331M) 4.994ms
[2026-03-23T15:51:12.822+0900][8.424s][info][gc,cpu      ] GC(19) User=0.00s Sys=0.00s Real=0.01s
[2026-03-23T15:51:13.187+0900][8.789s][info][gc,start    ] GC(20) Pause Young (Allocation Failure)
[2026-03-23T15:51:13.192+0900][8.794s][info][gc,heap     ] GC(20) PSYoungGen: 109560K(110080K)->10784K(117248K) Eden: 100312K(100352K)->0K(102400K) From: 9248K(9728K)->10784K(14848K)
[2026-03-23T15:51:13.192+0900][8.794s][info][gc,heap     ] GC(20) ParOldGen: 228151K(228864K)->237375K(238080K)
[2026-03-23T15:51:13.192+0900][8.794s][info][gc,metaspace] GC(20) Metaspace: 238K(448K)->238K(448K) NonClass: 223K(320K)->223K(320K) Class: 14K(128K)->14K(128K)
[2026-03-23T15:51:13.192+0900][8.794s][info][gc          ] GC(20) Pause Young (Allocation Failure) 329M->242M(347M) 4.889ms
[2026-03-23T15:51:13.192+0900][8.794s][info][gc,cpu      ] GC(20) User=0.01s Sys=0.00s Real=0.01s
[2026-03-23T15:51:13.563+0900][9.166s][info][gc,start    ] GC(21) Pause Young (Allocation Failure)
[2026-03-23T15:51:13.568+0900][9.171s][info][gc,heap     ] GC(21) PSYoungGen: 113179K(117248K)->11296K(156160K) Eden: 102394K(102400K)->0K(141312K) From: 10784K(14848K)->11296K(14848K)
[2026-03-23T15:51:13.568+0900][9.171s][info][gc,heap     ] GC(21) ParOldGen: 237375K(238080K)->248136K(248832K)
[2026-03-23T15:51:13.568+0900][9.171s][info][gc,metaspace] GC(21) Metaspace: 238K(448K)->238K(448K) NonClass: 223K(320K)->223K(320K) Class: 14K(128K)->14K(128K)
[2026-03-23T15:51:13.568+0900][9.171s][info][gc          ] GC(21) Pause Young (Allocation Failure) 342M->253M(395M) 5.394ms
[2026-03-23T15:51:13.568+0900][9.171s][info][gc,cpu      ] GC(21) User=0.00s Sys=0.00s Real=0.00s
[2026-03-23T15:51:14.093+0900][9.696s][info][gc,start    ] GC(22) Pause Young (Allocation Failure)
[2026-03-23T15:51:14.099+0900][9.702s][info][gc,heap     ] GC(22) PSYoungGen: 152354K(156160K)->13856K(155648K) Eden: 141058K(141312K)->0K(141312K) From: 11296K(14848K)->13856K(14336K)
[2026-03-23T15:51:14.099+0900][9.702s][info][gc,heap     ] GC(22) ParOldGen: 248136K(248832K)->258896K(259584K)
[2026-03-23T15:51:14.099+0900][9.702s][info][gc,metaspace] GC(22) Metaspace: 238K(448K)->238K(448K) NonClass: 223K(320K)->223K(320K) Class: 14K(128K)->14K(128K)
[2026-03-23T15:51:14.099+0900][9.702s][info][gc          ] GC(22) Pause Young (Allocation Failure) 391M->266M(405M) 6.162ms
[2026-03-23T15:51:14.099+0900][9.702s][info][gc,cpu      ] GC(22) User=0.01s Sys=0.00s Real=0.00s
[2026-03-23T15:51:14.619+0900][10.221s][info][gc,start    ] GC(23) Pause Young (Allocation Failure)
[2026-03-23T15:51:14.626+0900][10.229s][info][gc,heap     ] GC(23) PSYoungGen: 154398K(155648K)->14368K(157184K) Eden: 140541K(141312K)->0K(141824K) From: 13856K(14336K)->14368K(15360K)
[2026-03-23T15:51:14.626+0900][10.229s][info][gc,heap     ] GC(23) ParOldGen: 258896K(259584K)->272728K(273408K)
[2026-03-23T15:51:14.626+0900][10.229s][info][gc,metaspace] GC(23) Metaspace: 238K(448K)->238K(448K) NonClass: 223K(320K)->223K(320K) Class: 14K(128K)->14K(128K)
[2026-03-23T15:51:14.626+0900][10.229s][info][gc          ] GC(23) Pause Young (Allocation Failure) 403M->280M(420M) 7.622ms
[2026-03-23T15:51:14.626+0900][10.229s][info][gc,cpu      ] GC(23) User=0.00s Sys=0.00s Real=0.01s
[2026-03-23T15:51:15.158+0900][10.760s][info][gc,start    ] GC(24) Pause Young (Allocation Failure)
[2026-03-23T15:51:15.164+0900][10.766s][info][gc,heap     ] GC(24) PSYoungGen: 155948K(157184K)->14368K(156672K) Eden: 141580K(141824K)->0K(141824K) From: 14368K(15360K)->14368K(14848K)
[2026-03-23T15:51:15.164+0900][10.766s][info][gc,heap     ] GC(24) ParOldGen: 272728K(273408K)->286561K(287232K)
[2026-03-23T15:51:15.164+0900][10.766s][info][gc,metaspace] GC(24) Metaspace: 238K(448K)->238K(448K) NonClass: 223K(320K)->223K(320K) Class: 14K(128K)->14K(128K)
[2026-03-23T15:51:15.164+0900][10.766s][info][gc          ] GC(24) Pause Young (Allocation Failure) 418M->293M(433M) 6.064ms
[2026-03-23T15:51:15.164+0900][10.766s][info][gc,cpu      ] GC(24) User=0.00s Sys=0.00s Real=0.01s
[2026-03-23T15:51:15.682+0900][11.285s][info][gc,start    ] GC(25) Pause Young (Allocation Failure)
[2026-03-23T15:51:15.687+0900][11.289s][info][gc,heap     ] GC(25) PSYoungGen: 155951K(156672K)->14368K(156672K) Eden: 141582K(141824K)->0K(139776K) From: 14368K(14848K)->14368K(16896K)
[2026-03-23T15:51:15.687+0900][11.289s][info][gc,heap     ] GC(25) ParOldGen: 286561K(287232K)->300393K(301056K)
[2026-03-23T15:51:15.687+0900][11.289s][info][gc,metaspace] GC(25) Metaspace: 238K(448K)->238K(448K) NonClass: 223K(320K)->223K(320K) Class: 14K(128K)->14K(128K)
[2026-03-23T15:51:15.687+0900][11.289s][info][gc          ] GC(25) Pause Young (Allocation Failure) 432M->307M(447M) 4.149ms
[2026-03-23T15:51:15.687+0900][11.289s][info][gc,cpu      ] GC(25) User=0.00s Sys=0.00s Real=0.00s
[2026-03-23T15:51:16.198+0900][11.800s][info][gc,start    ] GC(26) Pause Young (Allocation Failure)
[2026-03-23T15:51:16.200+0900][11.802s][info][gc,heap     ] GC(26) PSYoungGen: 153863K(156672K)->13856K(149504K) Eden: 139495K(139776K)->0K(135168K) From: 14368K(16896K)->13856K(14336K)
[2026-03-23T15:51:16.200+0900][11.802s][info][gc,heap     ] GC(26) ParOldGen: 300393K(301056K)->314226K(314880K)
[2026-03-23T15:51:16.200+0900][11.802s][info][gc,metaspace] GC(26) Metaspace: 238K(448K)->238K(448K) NonClass: 223K(320K)->223K(320K) Class: 14K(128K)->14K(128K)
[2026-03-23T15:51:16.200+0900][11.802s][info][gc          ] GC(26) Pause Young (Allocation Failure) 443M->320M(453M) 2.165ms
[2026-03-23T15:51:16.200+0900][11.802s][info][gc,cpu      ] GC(26) User=0.00s Sys=0.00s Real=0.01s
[2026-03-23T15:51:16.687+0900][12.290s][info][gc,start    ] GC(27) Pause Young (Allocation Failure)
[2026-03-23T15:51:16.689+0900][12.292s][info][gc,heap     ] GC(27) PSYoungGen: 148141K(149504K)->14368K(145920K) Eden: 134284K(135168K)->0K(131072K) From: 13856K(14336K)->14368K(14848K)
[2026-03-23T15:51:16.689+0900][12.292s][info][gc,heap     ] GC(27) ParOldGen: 314226K(314880K)->328058K(328704K)
[2026-03-23T15:51:16.689+0900][12.292s][info][gc,metaspace] GC(27) Metaspace: 238K(448K)->238K(448K) NonClass: 223K(320K)->223K(320K) Class: 14K(128K)->14K(128K)
[2026-03-23T15:51:16.689+0900][12.292s][info][gc          ] GC(27) Pause Young (Allocation Failure) 451M->334M(463M) 1.898ms
[2026-03-23T15:51:16.689+0900][12.292s][info][gc,cpu      ] GC(27) User=0.00s Sys=0.00s Real=0.00s
[2026-03-23T15:51:17.064+0900][12.667s][info][gc,heap,exit] Heap
[2026-03-23T15:51:17.064+0900][12.667s][info][gc,heap,exit]  PSYoungGen      total 145920K, used 119449K [0x000000034a580000, 0x0000000354a80000, 0x0000000355000000)
[2026-03-23T15:51:17.064+0900][12.667s][info][gc,heap,exit]   eden space 131072K, 80% used [0x000000034a580000,0x0000000350c1e3d0,0x0000000352580000)
[2026-03-23T15:51:17.064+0900][12.667s][info][gc,heap,exit]   from space 14848K, 96% used [0x0000000353c00000,0x0000000354a081c8,0x0000000354a80000)
[2026-03-23T15:51:17.064+0900][12.667s][info][gc,heap,exit]   to   space 17920K, 0% used [0x0000000352780000,0x0000000352780000,0x0000000353900000)
[2026-03-23T15:51:17.065+0900][12.667s][info][gc,heap,exit]  ParOldGen       total 328704K, used 328058K [0x0000000335000000, 0x0000000349100000, 0x000000034a580000)
[2026-03-23T15:51:17.065+0900][12.667s][info][gc,heap,exit]   object space 328704K, 99% used [0x0000000335000000,0x000000034905ea60,0x0000000349100000)
[2026-03-23T15:51:17.065+0900][12.667s][info][gc,heap,exit]  Metaspace       used 238K, committed 448K, reserved 1114112K
[2026-03-23T15:51:17.065+0900][12.667s][info][gc,heap,exit]   class space    used 15K, committed 128K, reserved 1048576K
