[2026-03-22T17:18:10.369+0900][0.008s][info][gc] Using Parallel
[2026-03-22T17:18:10.370+0900][0.009s][info][gc,init] Version: 17.0.17+10 (release)
[2026-03-22T17:18:10.370+0900][0.009s][info][gc,init] CPUs: 18 total, 18 available
[2026-03-22T17:18:10.370+0900][0.009s][info][gc,init] Memory: 15964M
[2026-03-22T17:18:10.370+0900][0.009s][info][gc,init] Large Page Support: Disabled
[2026-03-22T17:18:10.370+0900][0.009s][info][gc,init] NUMA Support: Disabled
[2026-03-22T17:18:10.370+0900][0.009s][info][gc,init] Compressed Oops: Enabled (32-bit)
[2026-03-22T17:18:10.370+0900][0.009s][info][gc,init] Alignments: Space 512K, Generation 512K, Heap 2M
[2026-03-22T17:18:10.370+0900][0.009s][info][gc,init] Heap Min Capacity: 256M
[2026-03-22T17:18:10.370+0900][0.010s][info][gc,init] Heap Initial Capacity: 256M
[2026-03-22T17:18:10.370+0900][0.010s][info][gc,init] Heap Max Capacity: 512M
[2026-03-22T17:18:10.370+0900][0.010s][info][gc,init] Pre-touch: Disabled
[2026-03-22T17:18:10.370+0900][0.010s][info][gc,init] Parallel Workers: 4
[2026-03-22T17:18:10.377+0900][0.017s][info][gc,metaspace] CDS archive(s) mapped at: [0x0000018380000000-0x0000018380bb0000-0x0000018380bb0000), size 12255232, SharedBaseAddress: 0x0000018380000000, ArchiveRelocationMode: 1.
[2026-03-22T17:18:10.377+0900][0.017s][info][gc,metaspace] Compressed class space mapped at: 0x0000018381000000-0x00000183c1000000, reserved size: 1073741824
[2026-03-22T17:18:10.377+0900][0.017s][info][gc,metaspace] Narrow klass base: 0x0000018380000000, Narrow klass shift: 0, Narrow klass range: 0x100000000
[2026-03-22T17:18:10.411+0900][0.050s][info][gc,heap,exit] Heap
[2026-03-22T17:18:10.411+0900][0.050s][info][gc,heap,exit]  PSYoungGen      total 76288K, used 6553K [0x00000000f5580000, 0x00000000faa80000, 0x0000000100000000)
[2026-03-22T17:18:10.411+0900][0.050s][info][gc,heap,exit]   eden space 65536K, 10% used [0x00000000f5580000,0x00000000f5be67e8,0x00000000f9580000)
[2026-03-22T17:18:10.411+0900][0.050s][info][gc,heap,exit]   from space 10752K, 0% used [0x00000000fa000000,0x00000000fa000000,0x00000000faa80000)
[2026-03-22T17:18:10.411+0900][0.050s][info][gc,heap,exit]   to   space 10752K, 0% used [0x00000000f9580000,0x00000000f9580000,0x00000000fa000000)
[2026-03-22T17:18:10.411+0900][0.050s][info][gc,heap,exit]  ParOldGen       total 175104K, used 0K [0x00000000e0000000, 0x00000000eab00000, 0x00000000f5580000)
[2026-03-22T17:18:10.411+0900][0.050s][info][gc,heap,exit]   object space 175104K, 0% used [0x00000000e0000000,0x00000000e0000000,0x00000000eab00000)
[2026-03-22T17:18:10.411+0900][0.050s][info][gc,heap,exit]  Metaspace       used 332K, committed 384K, reserved 1114112K
[2026-03-22T17:18:10.411+0900][0.050s][info][gc,heap,exit]   class space    used 22K, committed 64K, reserved 1048576K
