[2026-03-22T17:33:04.249+0900][0.012s][info][gc] Using Parallel
[2026-03-22T17:33:04.250+0900][0.013s][info][gc,init] Version: 17.0.17+10 (release)
[2026-03-22T17:33:04.250+0900][0.013s][info][gc,init] CPUs: 18 total, 18 available
[2026-03-22T17:33:04.250+0900][0.013s][info][gc,init] Memory: 15964M
[2026-03-22T17:33:04.250+0900][0.013s][info][gc,init] Large Page Support: Disabled
[2026-03-22T17:33:04.250+0900][0.013s][info][gc,init] NUMA Support: Disabled
[2026-03-22T17:33:04.250+0900][0.013s][info][gc,init] Compressed Oops: Enabled (32-bit)
[2026-03-22T17:33:04.250+0900][0.013s][info][gc,init] Alignments: Space 512K, Generation 512K, Heap 2M
[2026-03-22T17:33:04.259+0900][0.023s][info][gc,init] Heap Min Capacity: 256M
[2026-03-22T17:33:04.259+0900][0.023s][info][gc,init] Heap Initial Capacity: 256M
[2026-03-22T17:33:04.259+0900][0.023s][info][gc,init] Heap Max Capacity: 512M
[2026-03-22T17:33:04.259+0900][0.023s][info][gc,init] Pre-touch: Disabled
[2026-03-22T17:33:04.259+0900][0.023s][info][gc,init] Parallel Workers: 4
[2026-03-22T17:33:04.270+0900][0.035s][info][gc,metaspace] CDS archive(s) mapped at: [0x000001f200000000-0x000001f200bb0000-0x000001f200bb0000), size 12255232, SharedBaseAddress: 0x000001f200000000, ArchiveRelocationMode: 1.
[2026-03-22T17:33:04.270+0900][0.035s][info][gc,metaspace] Compressed class space mapped at: 0x000001f201000000-0x000001f241000000, reserved size: 1073741824
[2026-03-22T17:33:04.270+0900][0.035s][info][gc,metaspace] Narrow klass base: 0x000001f200000000, Narrow klass shift: 0, Narrow klass range: 0x100000000
[2026-03-22T17:33:04.338+0900][0.103s][info][gc,start    ] GC(0) Pause Young (Allocation Failure)
[2026-03-22T17:33:04.348+0900][0.111s][info][gc,heap     ] GC(0) PSYoungGen: 64635K(76288K)->9065K(76288K) Eden: 64635K(65536K)->0K(65536K) From: 0K(10752K)->9065K(10752K)
[2026-03-22T17:33:04.348+0900][0.111s][info][gc,heap     ] GC(0) ParOldGen: 0K(175104K)->51208K(175104K)
[2026-03-22T17:33:04.348+0900][0.111s][info][gc,metaspace] GC(0) Metaspace: 283K(448K)->283K(448K) NonClass: 267K(320K)->267K(320K) Class: 15K(128K)->15K(128K)
[2026-03-22T17:33:04.348+0900][0.111s][info][gc          ] GC(0) Pause Young (Allocation Failure) 63M->58M(245M) 8.400ms
[2026-03-22T17:33:04.348+0900][0.111s][info][gc,cpu      ] GC(0) User=0.00s Sys=0.00s Real=0.01s
[2026-03-22T17:33:04.365+0900][0.129s][info][gc,start    ] GC(1) Pause Young (Allocation Failure)
[2026-03-22T17:33:04.373+0900][0.137s][info][gc,heap     ] GC(1) PSYoungGen: 74467K(76288K)->9065K(141824K) Eden: 65401K(65536K)->0K(131072K) From: 9065K(10752K)->9065K(10752K)
[2026-03-22T17:33:04.373+0900][0.137s][info][gc,heap     ] GC(1) ParOldGen: 51208K(175104K)->108560K(175104K)
[2026-03-22T17:33:04.373+0900][0.137s][info][gc,metaspace] GC(1) Metaspace: 325K(512K)->325K(512K) NonClass: 307K(384K)->307K(384K) Class: 17K(128K)->17K(128K)
[2026-03-22T17:33:04.373+0900][0.137s][info][gc          ] GC(1) Pause Young (Allocation Failure) 122M->114M(309M) 8.287ms
[2026-03-22T17:33:04.373+0900][0.137s][info][gc,cpu      ] GC(1) User=0.03s Sys=0.03s Real=0.01s
[2026-03-22T17:33:04.418+0900][0.182s][info][gc,start    ] GC(2) Pause Young (Allocation Failure)
[2026-03-22T17:33:04.430+0900][0.194s][info][gc,heap     ] GC(2) PSYoungGen: 139567K(141824K)->9033K(141824K) Eden: 130501K(131072K)->0K(131072K) From: 9065K(10752K)->9033K(10752K)
[2026-03-22T17:33:04.430+0900][0.194s][info][gc,heap     ] GC(2) ParOldGen: 108560K(175104K)->202777K(203264K)
[2026-03-22T17:33:04.430+0900][0.194s][info][gc,metaspace] GC(2) Metaspace: 327K(512K)->327K(512K) NonClass: 309K(384K)->309K(384K) Class: 17K(128K)->17K(128K)
[2026-03-22T17:33:04.430+0900][0.194s][info][gc          ] GC(2) Pause Young (Allocation Failure) 242M->206M(337M) 12.365ms
[2026-03-22T17:33:04.430+0900][0.194s][info][gc,cpu      ] GC(2) User=0.00s Sys=0.00s Real=0.01s
[2026-03-22T17:33:04.446+0900][0.210s][info][gc,start    ] GC(3) Pause Full (Ergonomics)
[2026-03-22T17:33:04.446+0900][0.210s][info][gc,phases,start] GC(3) Marking Phase
[2026-03-22T17:33:04.447+0900][0.211s][info][gc,phases      ] GC(3) Marking Phase 1.109ms
[2026-03-22T17:33:04.447+0900][0.211s][info][gc,phases,start] GC(3) Summary Phase
[2026-03-22T17:33:04.447+0900][0.211s][info][gc,phases      ] GC(3) Summary Phase 0.030ms
[2026-03-22T17:33:04.447+0900][0.211s][info][gc,phases,start] GC(3) Adjust Roots
[2026-03-22T17:33:04.447+0900][0.212s][info][gc,phases      ] GC(3) Adjust Roots 0.275ms
[2026-03-22T17:33:04.447+0900][0.212s][info][gc,phases,start] GC(3) Compaction Phase
[2026-03-22T17:33:04.453+0900][0.218s][info][gc,phases      ] GC(3) Compaction Phase 6.013ms
[2026-03-22T17:33:04.453+0900][0.218s][info][gc,phases,start] GC(3) Post Compact
[2026-03-22T17:33:04.457+0900][0.221s][info][gc,phases      ] GC(3) Post Compact 3.405ms
[2026-03-22T17:33:04.457+0900][0.221s][info][gc,heap        ] GC(3) PSYoungGen: 139527K(141824K)->0K(163840K) Eden: 130493K(131072K)->0K(153088K) From: 9033K(10752K)->0K(10752K)
[2026-03-22T17:33:04.457+0900][0.221s][info][gc,heap        ] GC(3) ParOldGen: 202777K(203264K)->103706K(280576K)
[2026-03-22T17:33:04.457+0900][0.221s][info][gc,metaspace   ] GC(3) Metaspace: 328K(512K)->328K(512K) NonClass: 310K(384K)->310K(384K) Class: 17K(128K)->17K(128K)
[2026-03-22T17:33:04.457+0900][0.221s][info][gc             ] GC(3) Pause Full (Ergonomics) 334M->101M(434M) 11.324ms
[2026-03-22T17:33:04.457+0900][0.221s][info][gc,cpu         ] GC(3) User=0.03s Sys=0.05s Real=0.01s
[2026-03-22T17:33:04.475+0900][0.240s][info][gc,start       ] GC(4) Pause Young (Allocation Failure)
[2026-03-22T17:33:04.481+0900][0.245s][info][gc,heap        ] GC(4) PSYoungGen: 151399K(163840K)->10464K(163840K) Eden: 151399K(153088K)->0K(153088K) From: 0K(10752K)->10464K(10752K)
[2026-03-22T17:33:04.481+0900][0.245s][info][gc,heap        ] GC(4) ParOldGen: 103706K(280576K)->197915K(280576K)
[2026-03-22T17:33:04.481+0900][0.245s][info][gc,metaspace   ] GC(4) Metaspace: 329K(512K)->329K(512K) NonClass: 311K(384K)->311K(384K) Class: 17K(128K)->17K(128K)
[2026-03-22T17:33:04.481+0900][0.245s][info][gc             ] GC(4) Pause Young (Allocation Failure) 249M->203M(434M) 5.567ms
[2026-03-22T17:33:04.481+0900][0.245s][info][gc,cpu         ] GC(4) User=0.06s Sys=0.00s Real=0.01s
[2026-03-22T17:33:04.500+0900][0.264s][info][gc,start       ] GC(5) Pause Full (Ergonomics)
[2026-03-22T17:33:04.500+0900][0.264s][info][gc,phases,start] GC(5) Marking Phase
[2026-03-22T17:33:04.501+0900][0.265s][info][gc,phases      ] GC(5) Marking Phase 1.161ms
[2026-03-22T17:33:04.501+0900][0.265s][info][gc,phases,start] GC(5) Summary Phase
[2026-03-22T17:33:04.501+0900][0.265s][info][gc,phases      ] GC(5) Summary Phase 0.025ms
[2026-03-22T17:33:04.502+0900][0.265s][info][gc,phases,start] GC(5) Adjust Roots
[2026-03-22T17:33:04.502+0900][0.266s][info][gc,phases      ] GC(5) Adjust Roots 0.428ms
[2026-03-22T17:33:04.502+0900][0.266s][info][gc,phases,start] GC(5) Compaction Phase
[2026-03-22T17:33:04.509+0900][0.273s][info][gc,phases      ] GC(5) Compaction Phase 7.139ms
[2026-03-22T17:33:04.509+0900][0.273s][info][gc,phases,start] GC(5) Post Compact
[2026-03-22T17:33:04.510+0900][0.274s][info][gc,phases      ] GC(5) Post Compact 1.191ms
[2026-03-22T17:33:04.510+0900][0.274s][info][gc,heap        ] GC(5) PSYoungGen: 161897K(163840K)->0K(163840K) Eden: 151433K(153088K)->0K(153088K) From: 10464K(10752K)->0K(10752K)
[2026-03-22T17:33:04.510+0900][0.274s][info][gc,heap        ] GC(5) ParOldGen: 197915K(280576K)->103194K(327168K)
[2026-03-22T17:33:04.510+0900][0.274s][info][gc,metaspace   ] GC(5) Metaspace: 331K(512K)->331K(512K) NonClass: 313K(384K)->313K(384K) Class: 17K(128K)->17K(128K)
[2026-03-22T17:33:04.510+0900][0.274s][info][gc             ] GC(5) Pause Full (Ergonomics) 351M->100M(479M) 10.369ms
[2026-03-22T17:33:04.510+0900][0.274s][info][gc,cpu         ] GC(5) User=0.00s Sys=0.02s Real=0.01s
[2026-03-22T17:33:04.528+0900][0.291s][info][gc,start       ] GC(6) Pause Young (Allocation Failure)
[2026-03-22T17:33:04.533+0900][0.297s][info][gc,heap        ] GC(6) PSYoungGen: 152529K(163840K)->10496K(163840K) Eden: 152529K(153088K)->0K(153088K) From: 0K(10752K)->10496K(10752K)
[2026-03-22T17:33:04.533+0900][0.297s][info][gc,heap        ] GC(6) ParOldGen: 103194K(327168K)->197403K(327168K)
[2026-03-22T17:33:04.533+0900][0.297s][info][gc,metaspace   ] GC(6) Metaspace: 331K(512K)->331K(512K) NonClass: 313K(384K)->313K(384K) Class: 17K(128K)->17K(128K)
[2026-03-22T17:33:04.533+0900][0.297s][info][gc             ] GC(6) Pause Young (Allocation Failure) 249M->203M(479M) 5.463ms
[2026-03-22T17:33:04.533+0900][0.297s][info][gc,cpu         ] GC(6) User=0.00s Sys=0.00s Real=0.00s
[2026-03-22T17:33:04.548+0900][0.312s][info][gc,start       ] GC(7) Pause Young (Allocation Failure)
[2026-03-22T17:33:04.559+0900][0.323s][info][gc,heap        ] GC(7) PSYoungGen: 163038K(163840K)->10656K(162816K) Eden: 152542K(153088K)->0K(152064K) From: 10496K(10752K)->10656K(10752K)
[2026-03-22T17:33:04.559+0900][0.323s][info][gc,heap        ] GC(7) ParOldGen: 197403K(327168K)->291612K(327168K)
[2026-03-22T17:33:04.559+0900][0.323s][info][gc,metaspace   ] GC(7) Metaspace: 331K(512K)->331K(512K) NonClass: 313K(384K)->313K(384K) Class: 17K(128K)->17K(128K)
[2026-03-22T17:33:04.559+0900][0.323s][info][gc             ] GC(7) Pause Young (Allocation Failure) 351M->295M(478M) 11.460ms
[2026-03-22T17:33:04.559+0900][0.323s][info][gc,cpu         ] GC(7) User=0.06s Sys=0.00s Real=0.01s
[2026-03-22T17:33:04.574+0900][0.338s][info][gc,start       ] GC(8) Pause Full (Ergonomics)
[2026-03-22T17:33:04.574+0900][0.338s][info][gc,phases,start] GC(8) Marking Phase
[2026-03-22T17:33:04.575+0900][0.339s][info][gc,phases      ] GC(8) Marking Phase 1.175ms
[2026-03-22T17:33:04.576+0900][0.339s][info][gc,phases,start] GC(8) Summary Phase
[2026-03-22T17:33:04.576+0900][0.339s][info][gc,phases      ] GC(8) Summary Phase 0.017ms
[2026-03-22T17:33:04.576+0900][0.339s][info][gc,phases,start] GC(8) Adjust Roots
[2026-03-22T17:33:04.576+0900][0.340s][info][gc,phases      ] GC(8) Adjust Roots 0.216ms
[2026-03-22T17:33:04.576+0900][0.340s][info][gc,phases,start] GC(8) Compaction Phase
[2026-03-22T17:33:04.581+0900][0.345s][info][gc,phases      ] GC(8) Compaction Phase 5.504ms
[2026-03-22T17:33:04.581+0900][0.345s][info][gc,phases,start] GC(8) Post Compact
[2026-03-22T17:33:04.583+0900][0.347s][info][gc,phases      ] GC(8) Post Compact 1.980ms
[2026-03-22T17:33:04.583+0900][0.347s][info][gc,heap        ] GC(8) PSYoungGen: 161137K(162816K)->0K(163328K) Eden: 150481K(152064K)->0K(152064K) From: 10656K(10752K)->0K(11264K)
[2026-03-22T17:33:04.583+0900][0.347s][info][gc,heap        ] GC(8) ParOldGen: 291612K(327168K)->103194K(349696K)
[2026-03-22T17:33:04.583+0900][0.347s][info][gc,metaspace   ] GC(8) Metaspace: 331K(512K)->331K(512K) NonClass: 313K(384K)->313K(384K) Class: 17K(128K)->17K(128K)
[2026-03-22T17:33:04.583+0900][0.347s][info][gc             ] GC(8) Pause Full (Ergonomics) 442M->100M(501M) 9.179ms
[2026-03-22T17:33:04.583+0900][0.347s][info][gc,cpu         ] GC(8) User=0.00s Sys=0.00s Real=0.01s
[2026-03-22T17:33:04.598+0900][0.362s][info][gc,start       ] GC(9) Pause Young (Allocation Failure)
[2026-03-22T17:33:04.603+0900][0.367s][info][gc,heap        ] GC(9) PSYoungGen: 150486K(163328K)->10496K(162304K) Eden: 150486K(152064K)->0K(151040K) From: 0K(11264K)->10496K(11264K)
[2026-03-22T17:33:04.603+0900][0.367s][info][gc,heap        ] GC(9) ParOldGen: 103194K(349696K)->197403K(349696K)
[2026-03-22T17:33:04.603+0900][0.367s][info][gc,metaspace   ] GC(9) Metaspace: 331K(512K)->331K(512K) NonClass: 313K(384K)->313K(384K) Class: 17K(128K)->17K(128K)
[2026-03-22T17:33:04.603+0900][0.367s][info][gc             ] GC(9) Pause Young (Allocation Failure) 247M->203M(500M) 4.781ms
[2026-03-22T17:33:04.603+0900][0.367s][info][gc,cpu         ] GC(9) User=0.02s Sys=0.00s Real=0.00s
[2026-03-22T17:33:04.619+0900][0.384s][info][gc,start       ] GC(10) Pause Young (Allocation Failure)
[2026-03-22T17:33:04.624+0900][0.388s][info][gc,heap        ] GC(10) PSYoungGen: 159898K(162304K)->10624K(162816K) Eden: 149402K(151040K)->0K(151040K) From: 10496K(11264K)->10624K(11776K)
[2026-03-22T17:33:04.624+0900][0.388s][info][gc,heap        ] GC(10) ParOldGen: 197403K(349696K)->291620K(349696K)
[2026-03-22T17:33:04.624+0900][0.388s][info][gc,metaspace   ] GC(10) Metaspace: 336K(512K)->336K(512K) NonClass: 318K(384K)->318K(384K) Class: 17K(128K)->17K(128K)
[2026-03-22T17:33:04.624+0900][0.388s][info][gc             ] GC(10) Pause Young (Allocation Failure) 348M->295M(500M) 4.887ms
[2026-03-22T17:33:04.624+0900][0.389s][info][gc,cpu         ] GC(10) User=0.00s Sys=0.00s Real=0.01s
[2026-03-22T17:33:04.639+0900][0.403s][info][gc,start       ] GC(11) Pause Full (Ergonomics)
[2026-03-22T17:33:04.639+0900][0.403s][info][gc,phases,start] GC(11) Marking Phase
[2026-03-22T17:33:04.640+0900][0.404s][info][gc,phases      ] GC(11) Marking Phase 1.141ms
[2026-03-22T17:33:04.640+0900][0.404s][info][gc,phases,start] GC(11) Summary Phase
[2026-03-22T17:33:04.640+0900][0.404s][info][gc,phases      ] GC(11) Summary Phase 0.015ms
[2026-03-22T17:33:04.640+0900][0.404s][info][gc,phases,start] GC(11) Adjust Roots
[2026-03-22T17:33:04.640+0900][0.404s][info][gc,phases      ] GC(11) Adjust Roots 0.175ms
[2026-03-22T17:33:04.640+0900][0.404s][info][gc,phases,start] GC(11) Compaction Phase
[2026-03-22T17:33:04.646+0900][0.410s][info][gc,phases      ] GC(11) Compaction Phase 5.611ms
[2026-03-22T17:33:04.646+0900][0.410s][info][gc,phases,start] GC(11) Post Compact
[2026-03-22T17:33:04.648+0900][0.412s][info][gc,phases      ] GC(11) Post Compact 1.560ms
[2026-03-22T17:33:04.648+0900][0.412s][info][gc,heap        ] GC(11) PSYoungGen: 161087K(162816K)->0K(162816K) Eden: 150463K(151040K)->0K(151040K) From: 10624K(11776K)->0K(11776K)
[2026-03-22T17:33:04.648+0900][0.412s][info][gc,heap        ] GC(11) ParOldGen: 291620K(349696K)->103430K(349696K)
[2026-03-22T17:33:04.648+0900][0.412s][info][gc,metaspace   ] GC(11) Metaspace: 336K(512K)->336K(512K) NonClass: 318K(384K)->318K(384K) Class: 17K(128K)->17K(128K)
[2026-03-22T17:33:04.648+0900][0.412s][info][gc             ] GC(11) Pause Full (Ergonomics) 442M->101M(500M) 8.741ms
[2026-03-22T17:33:04.648+0900][0.412s][info][gc,cpu         ] GC(11) User=0.00s Sys=0.00s Real=0.01s
[2026-03-22T17:33:04.662+0900][0.426s][info][gc,start       ] GC(12) Pause Young (Allocation Failure)
[2026-03-22T17:33:04.666+0900][0.431s][info][gc,heap        ] GC(12) PSYoungGen: 150466K(162816K)->10496K(162816K) Eden: 150466K(151040K)->0K(151040K) From: 0K(11776K)->10496K(11776K)
[2026-03-22T17:33:04.666+0900][0.431s][info][gc,heap        ] GC(12) ParOldGen: 103430K(349696K)->197638K(349696K)
[2026-03-22T17:33:04.666+0900][0.431s][info][gc,metaspace   ] GC(12) Metaspace: 336K(512K)->336K(512K) NonClass: 318K(384K)->318K(384K) Class: 17K(128K)->17K(128K)
[2026-03-22T17:33:04.666+0900][0.431s][info][gc             ] GC(12) Pause Young (Allocation Failure) 247M->203M(500M) 4.562ms
[2026-03-22T17:33:04.666+0900][0.431s][info][gc,cpu         ] GC(12) User=0.06s Sys=0.00s Real=0.00s
[2026-03-22T17:33:04.681+0900][0.445s][info][gc,start       ] GC(13) Pause Young (Allocation Failure)
[2026-03-22T17:33:04.686+0900][0.450s][info][gc,heap        ] GC(13) PSYoungGen: 160965K(162816K)->10624K(162816K) Eden: 150469K(151040K)->0K(151040K) From: 10496K(11776K)->10624K(11776K)
[2026-03-22T17:33:04.686+0900][0.450s][info][gc,heap        ] GC(13) ParOldGen: 197638K(349696K)->291847K(349696K)
[2026-03-22T17:33:04.687+0900][0.450s][info][gc,metaspace   ] GC(13) Metaspace: 336K(512K)->336K(512K) NonClass: 318K(384K)->318K(384K) Class: 17K(128K)->17K(128K)
[2026-03-22T17:33:04.687+0900][0.450s][info][gc             ] GC(13) Pause Young (Allocation Failure) 350M->295M(500M) 4.966ms
[2026-03-22T17:33:04.687+0900][0.450s][info][gc,cpu         ] GC(13) User=0.02s Sys=0.00s Real=0.01s
[2026-03-22T17:33:04.701+0900][0.465s][info][gc,start       ] GC(14) Pause Full (Ergonomics)
[2026-03-22T17:33:04.701+0900][0.465s][info][gc,phases,start] GC(14) Marking Phase
[2026-03-22T17:33:04.702+0900][0.466s][info][gc,phases      ] GC(14) Marking Phase 1.068ms
[2026-03-22T17:33:04.702+0900][0.466s][info][gc,phases,start] GC(14) Summary Phase
[2026-03-22T17:33:04.702+0900][0.466s][info][gc,phases      ] GC(14) Summary Phase 0.076ms
[2026-03-22T17:33:04.702+0900][0.466s][info][gc,phases,start] GC(14) Adjust Roots
[2026-03-22T17:33:04.702+0900][0.466s][info][gc,phases      ] GC(14) Adjust Roots 0.166ms
[2026-03-22T17:33:04.702+0900][0.466s][info][gc,phases,start] GC(14) Compaction Phase
[2026-03-22T17:33:04.709+0900][0.473s][info][gc,phases      ] GC(14) Compaction Phase 6.454ms
[2026-03-22T17:33:04.709+0900][0.473s][info][gc,phases,start] GC(14) Post Compact
[2026-03-22T17:33:04.710+0900][0.474s][info][gc,phases      ] GC(14) Post Compact 1.355ms
[2026-03-22T17:33:04.710+0900][0.474s][info][gc,heap        ] GC(14) PSYoungGen: 161094K(162816K)->0K(162816K) Eden: 150470K(151040K)->0K(151040K) From: 10624K(11776K)->0K(11776K)
[2026-03-22T17:33:04.710+0900][0.474s][info][gc,heap        ] GC(14) ParOldGen: 291847K(349696K)->103430K(349696K)
[2026-03-22T17:33:04.710+0900][0.474s][info][gc,metaspace   ] GC(14) Metaspace: 336K(512K)->336K(512K) NonClass: 318K(384K)->318K(384K) Class: 17K(128K)->17K(128K)
[2026-03-22T17:33:04.710+0900][0.474s][info][gc             ] GC(14) Pause Full (Ergonomics) 442M->101M(500M) 9.352ms
[2026-03-22T17:33:04.710+0900][0.474s][info][gc,cpu         ] GC(14) User=0.00s Sys=0.00s Real=0.01s
[2026-03-22T17:33:04.725+0900][0.489s][info][gc,start       ] GC(15) Pause Young (Allocation Failure)
[2026-03-22T17:33:04.730+0900][0.495s][info][gc,heap        ] GC(15) PSYoungGen: 150471K(162816K)->10496K(162816K) Eden: 150471K(151040K)->0K(151040K) From: 0K(11776K)->10496K(11776K)
[2026-03-22T17:33:04.730+0900][0.495s][info][gc,heap        ] GC(15) ParOldGen: 103430K(349696K)->197638K(349696K)
[2026-03-22T17:33:04.730+0900][0.495s][info][gc,metaspace   ] GC(15) Metaspace: 336K(512K)->336K(512K) NonClass: 318K(384K)->318K(384K) Class: 17K(128K)->17K(128K)
[2026-03-22T17:33:04.730+0900][0.495s][info][gc             ] GC(15) Pause Young (Allocation Failure) 247M->203M(500M) 5.260ms
[2026-03-22T17:33:04.730+0900][0.495s][info][gc,cpu         ] GC(15) User=0.05s Sys=0.00s Real=0.01s
[2026-03-22T17:33:04.746+0900][0.510s][info][gc,start       ] GC(16) Pause Young (Allocation Failure)
[2026-03-22T17:33:04.751+0900][0.515s][info][gc,heap        ] GC(16) PSYoungGen: 160968K(162816K)->10496K(162816K) Eden: 150472K(151040K)->0K(151040K) From: 10496K(11776K)->10496K(11776K)
[2026-03-22T17:33:04.751+0900][0.515s][info][gc,heap        ] GC(16) ParOldGen: 197638K(349696K)->291991K(349696K)
[2026-03-22T17:33:04.751+0900][0.515s][info][gc,metaspace   ] GC(16) Metaspace: 336K(512K)->336K(512K) NonClass: 318K(384K)->318K(384K) Class: 17K(128K)->17K(128K)
[2026-03-22T17:33:04.751+0900][0.515s][info][gc             ] GC(16) Pause Young (Allocation Failure) 350M->295M(500M) 4.798ms
[2026-03-22T17:33:04.751+0900][0.515s][info][gc,cpu         ] GC(16) User=0.00s Sys=0.00s Real=0.00s
[2026-03-22T17:33:04.765+0900][0.529s][info][gc,start       ] GC(17) Pause Full (Ergonomics)
[2026-03-22T17:33:04.765+0900][0.529s][info][gc,phases,start] GC(17) Marking Phase
[2026-03-22T17:33:04.767+0900][0.530s][info][gc,phases      ] GC(17) Marking Phase 1.252ms
[2026-03-22T17:33:04.767+0900][0.530s][info][gc,phases,start] GC(17) Summary Phase
[2026-03-22T17:33:04.767+0900][0.530s][info][gc,phases      ] GC(17) Summary Phase 0.015ms
[2026-03-22T17:33:04.767+0900][0.531s][info][gc,phases,start] GC(17) Adjust Roots
[2026-03-22T17:33:04.767+0900][0.531s][info][gc,phases      ] GC(17) Adjust Roots 0.170ms
[2026-03-22T17:33:04.767+0900][0.531s][info][gc,phases,start] GC(17) Compaction Phase
[2026-03-22T17:33:04.773+0900][0.537s][info][gc,phases      ] GC(17) Compaction Phase 5.849ms
[2026-03-22T17:33:04.773+0900][0.537s][info][gc,phases,start] GC(17) Post Compact
[2026-03-22T17:33:04.774+0900][0.538s][info][gc,phases      ] GC(17) Post Compact 1.412ms
[2026-03-22T17:33:04.774+0900][0.538s][info][gc,heap        ] GC(17) PSYoungGen: 160968K(162816K)->0K(162816K) Eden: 150472K(151040K)->0K(151040K) From: 10496K(11776K)->0K(11776K)
[2026-03-22T17:33:04.774+0900][0.538s][info][gc,heap        ] GC(17) ParOldGen: 291991K(349696K)->103430K(349696K)
[2026-03-22T17:33:04.774+0900][0.538s][info][gc,metaspace   ] GC(17) Metaspace: 336K(512K)->336K(512K) NonClass: 318K(384K)->318K(384K) Class: 17K(128K)->17K(128K)
[2026-03-22T17:33:04.774+0900][0.538s][info][gc             ] GC(17) Pause Full (Ergonomics) 442M->101M(500M) 8.922ms
[2026-03-22T17:33:04.774+0900][0.538s][info][gc,cpu         ] GC(17) User=0.00s Sys=0.00s Real=0.01s
[2026-03-22T17:33:04.788+0900][0.553s][info][gc,start       ] GC(18) Pause Young (Allocation Failure)
[2026-03-22T17:33:04.793+0900][0.558s][info][gc,heap        ] GC(18) PSYoungGen: 150472K(162816K)->10464K(162816K) Eden: 150472K(151040K)->0K(151040K) From: 0K(11776K)->10464K(11776K)
[2026-03-22T17:33:04.793+0900][0.558s][info][gc,heap        ] GC(18) ParOldGen: 103430K(349696K)->197638K(349696K)
[2026-03-22T17:33:04.793+0900][0.558s][info][gc,metaspace   ] GC(18) Metaspace: 336K(512K)->336K(512K) NonClass: 318K(384K)->318K(384K) Class: 17K(128K)->17K(128K)
[2026-03-22T17:33:04.794+0900][0.558s][info][gc             ] GC(18) Pause Young (Allocation Failure) 247M->203M(500M) 5.047ms
[2026-03-22T17:33:04.794+0900][0.558s][info][gc,cpu         ] GC(18) User=0.05s Sys=0.00s Real=0.01s
[2026-03-22T17:33:04.808+0900][0.573s][info][gc,start       ] GC(19) Pause Young (Allocation Failure)
[2026-03-22T17:33:04.814+0900][0.578s][info][gc,heap        ] GC(19) PSYoungGen: 160937K(162816K)->10496K(162816K) Eden: 150473K(151040K)->0K(151040K) From: 10464K(11776K)->10496K(11776K)
[2026-03-22T17:33:04.814+0900][0.578s][info][gc,heap        ] GC(19) ParOldGen: 197638K(349696K)->291991K(349696K)
[2026-03-22T17:33:04.814+0900][0.578s][info][gc,metaspace   ] GC(19) Metaspace: 336K(512K)->336K(512K) NonClass: 318K(384K)->318K(384K) Class: 17K(128K)->17K(128K)
[2026-03-22T17:33:04.814+0900][0.578s][info][gc             ] GC(19) Pause Young (Allocation Failure) 350M->295M(500M) 4.963ms
[2026-03-22T17:33:04.814+0900][0.578s][info][gc,cpu         ] GC(19) User=0.00s Sys=0.00s Real=0.01s
[2026-03-22T17:33:04.829+0900][0.593s][info][gc,start       ] GC(20) Pause Full (Ergonomics)
[2026-03-22T17:33:04.829+0900][0.593s][info][gc,phases,start] GC(20) Marking Phase
[2026-03-22T17:33:04.830+0900][0.595s][info][gc,phases      ] GC(20) Marking Phase 1.409ms
[2026-03-22T17:33:04.830+0900][0.595s][info][gc,phases,start] GC(20) Summary Phase
[2026-03-22T17:33:04.830+0900][0.595s][info][gc,phases      ] GC(20) Summary Phase 0.015ms
[2026-03-22T17:33:04.830+0900][0.595s][info][gc,phases,start] GC(20) Adjust Roots
[2026-03-22T17:33:04.831+0900][0.595s][info][gc,phases      ] GC(20) Adjust Roots 0.174ms
[2026-03-22T17:33:04.831+0900][0.595s][info][gc,phases,start] GC(20) Compaction Phase
[2026-03-22T17:33:04.837+0900][0.601s][info][gc,phases      ] GC(20) Compaction Phase 6.119ms
[2026-03-22T17:33:04.837+0900][0.601s][info][gc,phases,start] GC(20) Post Compact
[2026-03-22T17:33:04.838+0900][0.603s][info][gc,phases      ] GC(20) Post Compact 1.480ms
[2026-03-22T17:33:04.838+0900][0.603s][info][gc,heap        ] GC(20) PSYoungGen: 160969K(162816K)->0K(162816K) Eden: 150473K(151040K)->0K(151040K) From: 10496K(11776K)->0K(11776K)
[2026-03-22T17:33:04.838+0900][0.603s][info][gc,heap        ] GC(20) ParOldGen: 291991K(349696K)->103430K(349696K)
[2026-03-22T17:33:04.838+0900][0.603s][info][gc,metaspace   ] GC(20) Metaspace: 336K(512K)->336K(512K) NonClass: 318K(384K)->318K(384K) Class: 17K(128K)->17K(128K)
[2026-03-22T17:33:04.838+0900][0.603s][info][gc             ] GC(20) Pause Full (Ergonomics) 442M->101M(500M) 9.625ms
[2026-03-22T17:33:04.838+0900][0.603s][info][gc,cpu         ] GC(20) User=0.00s Sys=0.02s Real=0.01s
[2026-03-22T17:33:04.854+0900][0.617s][info][gc,start       ] GC(21) Pause Young (Allocation Failure)
[2026-03-22T17:33:04.858+0900][0.622s][info][gc,heap        ] GC(21) PSYoungGen: 150473K(162816K)->10496K(162816K) Eden: 150473K(151040K)->0K(151040K) From: 0K(11776K)->10496K(11776K)
[2026-03-22T17:33:04.858+0900][0.622s][info][gc,heap        ] GC(21) ParOldGen: 103430K(349696K)->197638K(349696K)
[2026-03-22T17:33:04.858+0900][0.622s][info][gc,metaspace   ] GC(21) Metaspace: 336K(512K)->336K(512K) NonClass: 318K(384K)->318K(384K) Class: 17K(128K)->17K(128K)
[2026-03-22T17:33:04.858+0900][0.622s][info][gc             ] GC(21) Pause Young (Allocation Failure) 247M->203M(500M) 5.124ms
[2026-03-22T17:33:04.858+0900][0.622s][info][gc,cpu         ] GC(21) User=0.00s Sys=0.00s Real=0.00s
[2026-03-22T17:33:04.873+0900][0.637s][info][gc,start       ] GC(22) Pause Young (Allocation Failure)
[2026-03-22T17:33:04.878+0900][0.642s][info][gc,heap        ] GC(22) PSYoungGen: 160969K(162816K)->10496K(162816K) Eden: 150473K(151040K)->0K(151040K) From: 10496K(11776K)->10496K(11776K)
[2026-03-22T17:33:04.878+0900][0.642s][info][gc,heap        ] GC(22) ParOldGen: 197638K(349696K)->291991K(349696K)
[2026-03-22T17:33:04.878+0900][0.642s][info][gc,metaspace   ] GC(22) Metaspace: 336K(512K)->336K(512K) NonClass: 318K(384K)->318K(384K) Class: 17K(128K)->17K(128K)
[2026-03-22T17:33:04.878+0900][0.642s][info][gc             ] GC(22) Pause Young (Allocation Failure) 350M->295M(500M) 5.171ms
[2026-03-22T17:33:04.878+0900][0.642s][info][gc,cpu         ] GC(22) User=0.00s Sys=0.00s Real=0.01s
[2026-03-22T17:33:04.892+0900][0.656s][info][gc,start       ] GC(23) Pause Full (Ergonomics)
[2026-03-22T17:33:04.892+0900][0.656s][info][gc,phases,start] GC(23) Marking Phase
[2026-03-22T17:33:04.893+0900][0.657s][info][gc,phases      ] GC(23) Marking Phase 1.127ms
[2026-03-22T17:33:04.893+0900][0.657s][info][gc,phases,start] GC(23) Summary Phase
[2026-03-22T17:33:04.893+0900][0.657s][info][gc,phases      ] GC(23) Summary Phase 0.015ms
[2026-03-22T17:33:04.893+0900][0.657s][info][gc,phases,start] GC(23) Adjust Roots
[2026-03-22T17:33:04.893+0900][0.658s][info][gc,phases      ] GC(23) Adjust Roots 0.192ms
[2026-03-22T17:33:04.893+0900][0.658s][info][gc,phases,start] GC(23) Compaction Phase
[2026-03-22T17:33:04.899+0900][0.664s][info][gc,phases      ] GC(23) Compaction Phase 6.518ms
[2026-03-22T17:33:04.903+0900][0.667s][info][gc,phases,start] GC(23) Post Compact
[2026-03-22T17:33:04.905+0900][0.669s][info][gc,phases      ] GC(23) Post Compact 1.865ms
[2026-03-22T17:33:04.905+0900][0.669s][info][gc,heap        ] GC(23) PSYoungGen: 160969K(162816K)->0K(162816K) Eden: 150473K(151040K)->0K(151040K) From: 10496K(11776K)->0K(11776K)
[2026-03-22T17:33:04.905+0900][0.669s][info][gc,heap        ] GC(23) ParOldGen: 291991K(349696K)->103430K(349696K)
[2026-03-22T17:33:04.905+0900][0.669s][info][gc,metaspace   ] GC(23) Metaspace: 336K(512K)->336K(512K) NonClass: 318K(384K)->318K(384K) Class: 17K(128K)->17K(128K)
[2026-03-22T17:33:04.905+0900][0.669s][info][gc             ] GC(23) Pause Full (Ergonomics) 442M->101M(500M) 12.945ms
[2026-03-22T17:33:04.905+0900][0.669s][info][gc,cpu         ] GC(23) User=0.02s Sys=0.00s Real=0.01s
[2026-03-22T17:33:04.919+0900][0.684s][info][gc,start       ] GC(24) Pause Young (Allocation Failure)
[2026-03-22T17:33:04.925+0900][0.689s][info][gc,heap        ] GC(24) PSYoungGen: 150473K(162816K)->10496K(162816K) Eden: 150473K(151040K)->0K(151040K) From: 0K(11776K)->10496K(11776K)
[2026-03-22T17:33:04.925+0900][0.689s][info][gc,heap        ] GC(24) ParOldGen: 103430K(349696K)->197638K(349696K)
[2026-03-22T17:33:04.926+0900][0.689s][info][gc,metaspace   ] GC(24) Metaspace: 336K(512K)->336K(512K) NonClass: 318K(384K)->318K(384K) Class: 17K(128K)->17K(128K)
[2026-03-22T17:33:04.926+0900][0.689s][info][gc             ] GC(24) Pause Young (Allocation Failure) 247M->203M(500M) 5.587ms
[2026-03-22T17:33:04.926+0900][0.689s][info][gc,cpu         ] GC(24) User=0.00s Sys=0.00s Real=0.01s
[2026-03-22T17:33:04.939+0900][0.704s][info][gc,start       ] GC(25) Pause Young (Allocation Failure)
[2026-03-22T17:33:04.944+0900][0.709s][info][gc,heap        ] GC(25) PSYoungGen: 160969K(162816K)->10496K(162816K) Eden: 150473K(151040K)->0K(151040K) From: 10496K(11776K)->10496K(11776K)
[2026-03-22T17:33:04.945+0900][0.709s][info][gc,heap        ] GC(25) ParOldGen: 197638K(349696K)->291991K(349696K)
[2026-03-22T17:33:04.945+0900][0.709s][info][gc,metaspace   ] GC(25) Metaspace: 336K(512K)->336K(512K) NonClass: 318K(384K)->318K(384K) Class: 17K(128K)->17K(128K)
[2026-03-22T17:33:04.945+0900][0.709s][info][gc             ] GC(25) Pause Young (Allocation Failure) 350M->295M(500M) 5.068ms
[2026-03-22T17:33:04.945+0900][0.709s][info][gc,cpu         ] GC(25) User=0.00s Sys=0.00s Real=0.01s
[2026-03-22T17:33:04.959+0900][0.723s][info][gc,start       ] GC(26) Pause Full (Ergonomics)
[2026-03-22T17:33:04.959+0900][0.723s][info][gc,phases,start] GC(26) Marking Phase
[2026-03-22T17:33:04.961+0900][0.724s][info][gc,phases      ] GC(26) Marking Phase 1.102ms
[2026-03-22T17:33:04.961+0900][0.724s][info][gc,phases,start] GC(26) Summary Phase
[2026-03-22T17:33:04.961+0900][0.724s][info][gc,phases      ] GC(26) Summary Phase 0.013ms
[2026-03-22T17:33:04.961+0900][0.724s][info][gc,phases,start] GC(26) Adjust Roots
[2026-03-22T17:33:04.961+0900][0.724s][info][gc,phases      ] GC(26) Adjust Roots 0.171ms
[2026-03-22T17:33:04.961+0900][0.725s][info][gc,phases,start] GC(26) Compaction Phase
[2026-03-22T17:33:04.966+0900][0.731s][info][gc,phases      ] GC(26) Compaction Phase 6.047ms
[2026-03-22T17:33:04.966+0900][0.731s][info][gc,phases,start] GC(26) Post Compact
[2026-03-22T17:33:04.968+0900][0.732s][info][gc,phases      ] GC(26) Post Compact 1.367ms
[2026-03-22T17:33:04.968+0900][0.732s][info][gc,heap        ] GC(26) PSYoungGen: 160969K(162816K)->0K(162816K) Eden: 150473K(151040K)->0K(151040K) From: 10496K(11776K)->0K(11776K)
[2026-03-22T17:33:04.968+0900][0.732s][info][gc,heap        ] GC(26) ParOldGen: 291991K(349696K)->103430K(349696K)
[2026-03-22T17:33:04.968+0900][0.732s][info][gc,metaspace   ] GC(26) Metaspace: 336K(512K)->336K(512K) NonClass: 318K(384K)->318K(384K) Class: 17K(128K)->17K(128K)
[2026-03-22T17:33:04.968+0900][0.732s][info][gc             ] GC(26) Pause Full (Ergonomics) 442M->101M(500M) 8.972ms
[2026-03-22T17:33:04.968+0900][0.732s][info][gc,cpu         ] GC(26) User=0.06s Sys=0.00s Real=0.01s
[2026-03-22T17:33:04.982+0900][0.746s][info][gc,start       ] GC(27) Pause Young (Allocation Failure)
[2026-03-22T17:33:04.987+0900][0.751s][info][gc,heap        ] GC(27) PSYoungGen: 150473K(162816K)->10496K(162816K) Eden: 150473K(151040K)->0K(151040K) From: 0K(11776K)->10496K(11776K)
[2026-03-22T17:33:04.987+0900][0.751s][info][gc,heap        ] GC(27) ParOldGen: 103430K(349696K)->197638K(349696K)
[2026-03-22T17:33:04.987+0900][0.751s][info][gc,metaspace   ] GC(27) Metaspace: 336K(512K)->336K(512K) NonClass: 318K(384K)->318K(384K) Class: 17K(128K)->17K(128K)
[2026-03-22T17:33:04.987+0900][0.751s][info][gc             ] GC(27) Pause Young (Allocation Failure) 247M->203M(500M) 4.741ms
[2026-03-22T17:33:04.987+0900][0.751s][info][gc,cpu         ] GC(27) User=0.00s Sys=0.00s Real=0.00s
[2026-03-22T17:33:05.001+0900][0.765s][info][gc,start       ] GC(28) Pause Young (Allocation Failure)
[2026-03-22T17:33:05.006+0900][0.770s][info][gc,heap        ] GC(28) PSYoungGen: 160969K(162816K)->10496K(162816K) Eden: 150473K(151040K)->0K(151040K) From: 10496K(11776K)->10496K(11776K)
[2026-03-22T17:33:05.006+0900][0.770s][info][gc,heap        ] GC(28) ParOldGen: 197638K(349696K)->291991K(349696K)
[2026-03-22T17:33:05.006+0900][0.770s][info][gc,metaspace   ] GC(28) Metaspace: 336K(512K)->336K(512K) NonClass: 318K(384K)->318K(384K) Class: 17K(128K)->17K(128K)
[2026-03-22T17:33:05.006+0900][0.770s][info][gc             ] GC(28) Pause Young (Allocation Failure) 350M->295M(500M) 5.121ms
[2026-03-22T17:33:05.006+0900][0.770s][info][gc,cpu         ] GC(28) User=0.00s Sys=0.00s Real=0.01s
[2026-03-22T17:33:05.020+0900][0.784s][info][gc,start       ] GC(29) Pause Full (Ergonomics)
[2026-03-22T17:33:05.020+0900][0.784s][info][gc,phases,start] GC(29) Marking Phase
[2026-03-22T17:33:05.022+0900][0.785s][info][gc,phases      ] GC(29) Marking Phase 1.339ms
[2026-03-22T17:33:05.022+0900][0.786s][info][gc,phases,start] GC(29) Summary Phase
[2026-03-22T17:33:05.022+0900][0.786s][info][gc,phases      ] GC(29) Summary Phase 0.054ms
[2026-03-22T17:33:05.022+0900][0.786s][info][gc,phases,start] GC(29) Adjust Roots
[2026-03-22T17:33:05.022+0900][0.786s][info][gc,phases      ] GC(29) Adjust Roots 0.195ms
[2026-03-22T17:33:05.022+0900][0.786s][info][gc,phases,start] GC(29) Compaction Phase
[2026-03-22T17:33:05.028+0900][0.792s][info][gc,phases      ] GC(29) Compaction Phase 5.853ms
[2026-03-22T17:33:05.028+0900][0.792s][info][gc,phases,start] GC(29) Post Compact
[2026-03-22T17:33:05.029+0900][0.793s][info][gc,phases      ] GC(29) Post Compact 1.389ms
[2026-03-22T17:33:05.030+0900][0.793s][info][gc,heap        ] GC(29) PSYoungGen: 160969K(162816K)->0K(162816K) Eden: 150473K(151040K)->0K(151040K) From: 10496K(11776K)->0K(11776K)
[2026-03-22T17:33:05.030+0900][0.793s][info][gc,heap        ] GC(29) ParOldGen: 291991K(349696K)->103430K(349696K)
[2026-03-22T17:33:05.030+0900][0.793s][info][gc,metaspace   ] GC(29) Metaspace: 336K(512K)->336K(512K) NonClass: 318K(384K)->318K(384K) Class: 17K(128K)->17K(128K)
[2026-03-22T17:33:05.030+0900][0.793s][info][gc             ] GC(29) Pause Full (Ergonomics) 442M->101M(500M) 9.295ms
[2026-03-22T17:33:05.030+0900][0.793s][info][gc,cpu         ] GC(29) User=0.06s Sys=0.00s Real=0.01s
[2026-03-22T17:33:05.044+0900][0.808s][info][gc,start       ] GC(30) Pause Young (Allocation Failure)
[2026-03-22T17:33:05.050+0900][0.814s][info][gc,heap        ] GC(30) PSYoungGen: 150473K(162816K)->10496K(161792K) Eden: 150473K(151040K)->0K(151040K) From: 0K(11776K)->10496K(10752K)
[2026-03-22T17:33:05.050+0900][0.814s][info][gc,heap        ] GC(30) ParOldGen: 103430K(349696K)->197638K(349696K)
[2026-03-22T17:33:05.050+0900][0.814s][info][gc,metaspace   ] GC(30) Metaspace: 336K(512K)->336K(512K) NonClass: 318K(384K)->318K(384K) Class: 17K(128K)->17K(128K)
[2026-03-22T17:33:05.050+0900][0.814s][info][gc             ] GC(30) Pause Young (Allocation Failure) 247M->203M(499M) 5.914ms
[2026-03-22T17:33:05.050+0900][0.814s][info][gc,cpu         ] GC(30) User=0.00s Sys=0.00s Real=0.01s
[2026-03-22T17:33:05.064+0900][0.829s][info][gc,start       ] GC(31) Pause Young (Allocation Failure)
[2026-03-22T17:33:05.070+0900][0.834s][info][gc,heap        ] GC(31) PSYoungGen: 160969K(161792K)->10496K(162304K) Eden: 150473K(151040K)->0K(151040K) From: 10496K(10752K)->10496K(11264K)
[2026-03-22T17:33:05.070+0900][0.834s][info][gc,heap        ] GC(31) ParOldGen: 197638K(349696K)->291991K(349696K)
[2026-03-22T17:33:05.070+0900][0.834s][info][gc,metaspace   ] GC(31) Metaspace: 336K(512K)->336K(512K) NonClass: 318K(384K)->318K(384K) Class: 17K(128K)->17K(128K)
[2026-03-22T17:33:05.070+0900][0.834s][info][gc             ] GC(31) Pause Young (Allocation Failure) 350M->295M(500M) 4.973ms
[2026-03-22T17:33:05.070+0900][0.834s][info][gc,cpu         ] GC(31) User=0.00s Sys=0.00s Real=0.01s
[2026-03-22T17:33:05.084+0900][0.848s][info][gc,start       ] GC(32) Pause Full (Ergonomics)
[2026-03-22T17:33:05.084+0900][0.848s][info][gc,phases,start] GC(32) Marking Phase
[2026-03-22T17:33:05.085+0900][0.849s][info][gc,phases      ] GC(32) Marking Phase 1.081ms
[2026-03-22T17:33:05.085+0900][0.850s][info][gc,phases,start] GC(32) Summary Phase
[2026-03-22T17:33:05.085+0900][0.850s][info][gc,phases      ] GC(32) Summary Phase 0.014ms
[2026-03-22T17:33:05.085+0900][0.850s][info][gc,phases,start] GC(32) Adjust Roots
[2026-03-22T17:33:05.085+0900][0.850s][info][gc,phases      ] GC(32) Adjust Roots 0.164ms
[2026-03-22T17:33:05.085+0900][0.850s][info][gc,phases,start] GC(32) Compaction Phase
[2026-03-22T17:33:05.093+0900][0.856s][info][gc,phases      ] GC(32) Compaction Phase 6.634ms
[2026-03-22T17:33:05.093+0900][0.856s][info][gc,phases,start] GC(32) Post Compact
[2026-03-22T17:33:05.094+0900][0.858s][info][gc,phases      ] GC(32) Post Compact 1.352ms
[2026-03-22T17:33:05.094+0900][0.858s][info][gc,heap        ] GC(32) PSYoungGen: 160969K(162304K)->0K(162304K) Eden: 150473K(151040K)->0K(151040K) From: 10496K(11264K)->0K(11264K)
[2026-03-22T17:33:05.094+0900][0.858s][info][gc,heap        ] GC(32) ParOldGen: 291991K(349696K)->103430K(349696K)
[2026-03-22T17:33:05.094+0900][0.858s][info][gc,metaspace   ] GC(32) Metaspace: 336K(512K)->336K(512K) NonClass: 318K(384K)->318K(384K) Class: 17K(128K)->17K(128K)
[2026-03-22T17:33:05.094+0900][0.858s][info][gc             ] GC(32) Pause Full (Ergonomics) 442M->101M(500M) 9.514ms
[2026-03-22T17:33:05.094+0900][0.858s][info][gc,cpu         ] GC(32) User=0.06s Sys=0.00s Real=0.01s
[2026-03-22T17:33:05.108+0900][0.872s][info][gc,start       ] GC(33) Pause Young (Allocation Failure)
[2026-03-22T17:33:05.113+0900][0.877s][info][gc,heap        ] GC(33) PSYoungGen: 150473K(162304K)->10496K(163328K) Eden: 150473K(151040K)->0K(152064K) From: 0K(11264K)->10496K(11264K)
[2026-03-22T17:33:05.113+0900][0.877s][info][gc,heap        ] GC(33) ParOldGen: 103430K(349696K)->197638K(349696K)
[2026-03-22T17:33:05.113+0900][0.877s][info][gc,metaspace   ] GC(33) Metaspace: 336K(512K)->336K(512K) NonClass: 318K(384K)->318K(384K) Class: 17K(128K)->17K(128K)
[2026-03-22T17:33:05.113+0900][0.877s][info][gc             ] GC(33) Pause Young (Allocation Failure) 247M->203M(501M) 4.752ms
[2026-03-22T17:33:05.113+0900][0.877s][info][gc,cpu         ] GC(33) User=0.00s Sys=0.00s Real=0.00s
[2026-03-22T17:33:05.128+0900][0.892s][info][gc,start       ] GC(34) Pause Young (Allocation Failure)
[2026-03-22T17:33:05.134+0900][0.897s][info][gc,heap        ] GC(34) PSYoungGen: 160989K(163328K)->10496K(163328K) Eden: 150493K(152064K)->0K(152064K) From: 10496K(11264K)->10496K(11264K)
[2026-03-22T17:33:05.134+0900][0.897s][info][gc,heap        ] GC(34) ParOldGen: 197638K(349696K)->291991K(349696K)
[2026-03-22T17:33:05.134+0900][0.897s][info][gc,metaspace   ] GC(34) Metaspace: 336K(512K)->336K(512K) NonClass: 318K(384K)->318K(384K) Class: 17K(128K)->17K(128K)
[2026-03-22T17:33:05.134+0900][0.897s][info][gc             ] GC(34) Pause Young (Allocation Failure) 350M->295M(501M) 5.592ms
[2026-03-22T17:33:05.134+0900][0.897s][info][gc,cpu         ] GC(34) User=0.00s Sys=0.00s Real=0.01s
[2026-03-22T17:33:05.149+0900][0.914s][info][gc,start       ] GC(35) Pause Full (Ergonomics)
[2026-03-22T17:33:05.149+0900][0.914s][info][gc,phases,start] GC(35) Marking Phase
[2026-03-22T17:33:05.151+0900][0.915s][info][gc,phases      ] GC(35) Marking Phase 1.349ms
[2026-03-22T17:33:05.151+0900][0.915s][info][gc,phases,start] GC(35) Summary Phase
[2026-03-22T17:33:05.151+0900][0.915s][info][gc,phases      ] GC(35) Summary Phase 0.024ms
[2026-03-22T17:33:05.151+0900][0.915s][info][gc,phases,start] GC(35) Adjust Roots
[2026-03-22T17:33:05.151+0900][0.915s][info][gc,phases      ] GC(35) Adjust Roots 0.374ms
[2026-03-22T17:33:05.152+0900][0.916s][info][gc,phases,start] GC(35) Compaction Phase
[2026-03-22T17:33:05.159+0900][0.922s][info][gc,phases      ] GC(35) Compaction Phase 6.691ms
[2026-03-22T17:33:05.159+0900][0.922s][info][gc,phases,start] GC(35) Post Compact
[2026-03-22T17:33:05.160+0900][0.924s][info][gc,phases      ] GC(35) Post Compact 1.572ms
[2026-03-22T17:33:05.160+0900][0.924s][info][gc,heap        ] GC(35) PSYoungGen: 160989K(163328K)->0K(163328K) Eden: 150493K(152064K)->0K(152064K) From: 10496K(11264K)->0K(11264K)
[2026-03-22T17:33:05.160+0900][0.924s][info][gc,heap        ] GC(35) ParOldGen: 291991K(349696K)->103430K(349696K)
[2026-03-22T17:33:05.160+0900][0.924s][info][gc,metaspace   ] GC(35) Metaspace: 336K(512K)->336K(512K) NonClass: 318K(384K)->318K(384K) Class: 17K(128K)->17K(128K)
[2026-03-22T17:33:05.160+0900][0.924s][info][gc             ] GC(35) Pause Full (Ergonomics) 442M->101M(501M) 10.386ms
[2026-03-22T17:33:05.160+0900][0.924s][info][gc,cpu         ] GC(35) User=0.06s Sys=0.00s Real=0.01s
[2026-03-22T17:33:05.175+0900][0.939s][info][gc,start       ] GC(36) Pause Young (Allocation Failure)
[2026-03-22T17:33:05.179+0900][0.944s][info][gc,heap        ] GC(36) PSYoungGen: 150493K(163328K)->10496K(163328K) Eden: 150493K(152064K)->0K(152064K) From: 0K(11264K)->10496K(11264K)
[2026-03-22T17:33:05.179+0900][0.944s][info][gc,heap        ] GC(36) ParOldGen: 103430K(349696K)->197638K(349696K)
[2026-03-22T17:33:05.179+0900][0.944s][info][gc,metaspace   ] GC(36) Metaspace: 336K(512K)->336K(512K) NonClass: 318K(384K)->318K(384K) Class: 17K(128K)->17K(128K)
[2026-03-22T17:33:05.179+0900][0.944s][info][gc             ] GC(36) Pause Young (Allocation Failure) 247M->203M(501M) 4.707ms
[2026-03-22T17:33:05.179+0900][0.944s][info][gc,cpu         ] GC(36) User=0.00s Sys=0.00s Real=0.00s
[2026-03-22T17:33:05.194+0900][0.958s][info][gc,start       ] GC(37) Pause Young (Allocation Failure)
[2026-03-22T17:33:05.199+0900][0.963s][info][gc,heap        ] GC(37) PSYoungGen: 160989K(163328K)->10496K(163328K) Eden: 150493K(152064K)->0K(152064K) From: 10496K(11264K)->10496K(11264K)
[2026-03-22T17:33:05.199+0900][0.963s][info][gc,heap        ] GC(37) ParOldGen: 197638K(349696K)->291991K(349696K)
[2026-03-22T17:33:05.199+0900][0.963s][info][gc,metaspace   ] GC(37) Metaspace: 336K(512K)->336K(512K) NonClass: 318K(384K)->318K(384K) Class: 17K(128K)->17K(128K)
[2026-03-22T17:33:05.199+0900][0.963s][info][gc             ] GC(37) Pause Young (Allocation Failure) 350M->295M(501M) 4.934ms
[2026-03-22T17:33:05.199+0900][0.963s][info][gc,cpu         ] GC(37) User=0.06s Sys=0.00s Real=0.00s
[2026-03-22T17:33:05.215+0900][0.979s][info][gc,start       ] GC(38) Pause Full (Ergonomics)
[2026-03-22T17:33:05.215+0900][0.979s][info][gc,phases,start] GC(38) Marking Phase
[2026-03-22T17:33:05.216+0900][0.980s][info][gc,phases      ] GC(38) Marking Phase 0.988ms
[2026-03-22T17:33:05.216+0900][0.980s][info][gc,phases,start] GC(38) Summary Phase
[2026-03-22T17:33:05.216+0900][0.980s][info][gc,phases      ] GC(38) Summary Phase 0.015ms
[2026-03-22T17:33:05.216+0900][0.980s][info][gc,phases,start] GC(38) Adjust Roots
[2026-03-22T17:33:05.216+0900][0.980s][info][gc,phases      ] GC(38) Adjust Roots 0.184ms
[2026-03-22T17:33:05.216+0900][0.980s][info][gc,phases,start] GC(38) Compaction Phase
[2026-03-22T17:33:05.222+0900][0.986s][info][gc,phases      ] GC(38) Compaction Phase 5.895ms
[2026-03-22T17:33:05.222+0900][0.986s][info][gc,phases,start] GC(38) Post Compact
[2026-03-22T17:33:05.224+0900][0.988s][info][gc,phases      ] GC(38) Post Compact 1.695ms
[2026-03-22T17:33:05.224+0900][0.988s][info][gc,heap        ] GC(38) PSYoungGen: 160989K(163328K)->0K(163328K) Eden: 150493K(152064K)->0K(152064K) From: 10496K(11264K)->0K(11264K)
[2026-03-22T17:33:05.224+0900][0.988s][info][gc,heap        ] GC(38) ParOldGen: 291991K(349696K)->103430K(349696K)
[2026-03-22T17:33:05.224+0900][0.988s][info][gc,metaspace   ] GC(38) Metaspace: 336K(512K)->336K(512K) NonClass: 318K(384K)->318K(384K) Class: 17K(128K)->17K(128K)
[2026-03-22T17:33:05.224+0900][0.988s][info][gc             ] GC(38) Pause Full (Ergonomics) 442M->101M(501M) 9.111ms
[2026-03-22T17:33:05.224+0900][0.988s][info][gc,cpu         ] GC(38) User=0.00s Sys=0.00s Real=0.01s
[2026-03-22T17:33:05.239+0900][1.003s][info][gc,start       ] GC(39) Pause Young (Allocation Failure)
[2026-03-22T17:33:05.244+0900][1.008s][info][gc,heap        ] GC(39) PSYoungGen: 150493K(163328K)->10496K(163328K) Eden: 150493K(152064K)->0K(152064K) From: 0K(11264K)->10496K(11264K)
[2026-03-22T17:33:05.244+0900][1.008s][info][gc,heap        ] GC(39) ParOldGen: 103430K(349696K)->197638K(349696K)
[2026-03-22T17:33:05.244+0900][1.008s][info][gc,metaspace   ] GC(39) Metaspace: 336K(512K)->336K(512K) NonClass: 318K(384K)->318K(384K) Class: 17K(128K)->17K(128K)
[2026-03-22T17:33:05.244+0900][1.008s][info][gc             ] GC(39) Pause Young (Allocation Failure) 247M->203M(501M) 5.071ms
[2026-03-22T17:33:05.244+0900][1.008s][info][gc,cpu         ] GC(39) User=0.03s Sys=0.00s Real=0.00s
[2026-03-22T17:33:05.260+0900][1.024s][info][gc,start       ] GC(40) Pause Young (Allocation Failure)
[2026-03-22T17:33:05.265+0900][1.029s][info][gc,heap        ] GC(40) PSYoungGen: 160989K(163328K)->10496K(163328K) Eden: 150493K(152064K)->0K(152064K) From: 10496K(11264K)->10496K(11264K)
[2026-03-22T17:33:05.265+0900][1.029s][info][gc,heap        ] GC(40) ParOldGen: 197638K(349696K)->291991K(349696K)
[2026-03-22T17:33:05.265+0900][1.029s][info][gc,metaspace   ] GC(40) Metaspace: 336K(512K)->336K(512K) NonClass: 318K(384K)->318K(384K) Class: 17K(128K)->17K(128K)
[2026-03-22T17:33:05.265+0900][1.029s][info][gc             ] GC(40) Pause Young (Allocation Failure) 350M->295M(501M) 5.378ms
[2026-03-22T17:33:05.265+0900][1.029s][info][gc,cpu         ] GC(40) User=0.00s Sys=0.00s Real=0.01s
[2026-03-22T17:33:05.280+0900][1.044s][info][gc,start       ] GC(41) Pause Full (Ergonomics)
[2026-03-22T17:33:05.280+0900][1.045s][info][gc,phases,start] GC(41) Marking Phase
[2026-03-22T17:33:05.282+0900][1.046s][info][gc,phases      ] GC(41) Marking Phase 1.130ms
[2026-03-22T17:33:05.282+0900][1.046s][info][gc,phases,start] GC(41) Summary Phase
[2026-03-22T17:33:05.282+0900][1.046s][info][gc,phases      ] GC(41) Summary Phase 0.015ms
[2026-03-22T17:33:05.282+0900][1.046s][info][gc,phases,start] GC(41) Adjust Roots
[2026-03-22T17:33:05.282+0900][1.046s][info][gc,phases      ] GC(41) Adjust Roots 0.176ms
[2026-03-22T17:33:05.282+0900][1.046s][info][gc,phases,start] GC(41) Compaction Phase
[2026-03-22T17:33:05.288+0900][1.052s][info][gc,phases      ] GC(41) Compaction Phase 6.023ms
[2026-03-22T17:33:05.288+0900][1.052s][info][gc,phases,start] GC(41) Post Compact
[2026-03-22T17:33:05.289+0900][1.054s][info][gc,phases      ] GC(41) Post Compact 1.621ms
[2026-03-22T17:33:05.289+0900][1.054s][info][gc,heap        ] GC(41) PSYoungGen: 160989K(163328K)->0K(163328K) Eden: 150493K(152064K)->0K(152064K) From: 10496K(11264K)->0K(11264K)
[2026-03-22T17:33:05.289+0900][1.054s][info][gc,heap        ] GC(41) ParOldGen: 291991K(349696K)->103430K(349696K)
[2026-03-22T17:33:05.289+0900][1.054s][info][gc,metaspace   ] GC(41) Metaspace: 336K(512K)->336K(512K) NonClass: 318K(384K)->318K(384K) Class: 17K(128K)->17K(128K)
[2026-03-22T17:33:05.289+0900][1.054s][info][gc             ] GC(41) Pause Full (Ergonomics) 442M->101M(501M) 9.325ms
[2026-03-22T17:33:05.289+0900][1.054s][info][gc,cpu         ] GC(41) User=0.00s Sys=0.00s Real=0.01s
[2026-03-22T17:33:05.305+0900][1.069s][info][gc,start       ] GC(42) Pause Young (Allocation Failure)
[2026-03-22T17:33:05.311+0900][1.075s][info][gc,heap        ] GC(42) PSYoungGen: 150493K(163328K)->10496K(163328K) Eden: 150493K(152064K)->0K(152064K) From: 0K(11264K)->10496K(11264K)
[2026-03-22T17:33:05.311+0900][1.075s][info][gc,heap        ] GC(42) ParOldGen: 103430K(349696K)->197638K(349696K)
[2026-03-22T17:33:05.311+0900][1.075s][info][gc,metaspace   ] GC(42) Metaspace: 336K(512K)->336K(512K) NonClass: 318K(384K)->318K(384K) Class: 17K(128K)->17K(128K)
[2026-03-22T17:33:05.311+0900][1.075s][info][gc             ] GC(42) Pause Young (Allocation Failure) 247M->203M(501M) 5.386ms
[2026-03-22T17:33:05.311+0900][1.075s][info][gc,cpu         ] GC(42) User=0.05s Sys=0.00s Real=0.01s
[2026-03-22T17:33:05.326+0900][1.090s][info][gc,start       ] GC(43) Pause Young (Allocation Failure)
[2026-03-22T17:33:05.331+0900][1.095s][info][gc,heap        ] GC(43) PSYoungGen: 160989K(163328K)->10496K(163328K) Eden: 150493K(152064K)->0K(152064K) From: 10496K(11264K)->10496K(11264K)
[2026-03-22T17:33:05.331+0900][1.095s][info][gc,heap        ] GC(43) ParOldGen: 197638K(349696K)->291991K(349696K)
[2026-03-22T17:33:05.331+0900][1.095s][info][gc,metaspace   ] GC(43) Metaspace: 336K(512K)->336K(512K) NonClass: 318K(384K)->318K(384K) Class: 17K(128K)->17K(128K)
[2026-03-22T17:33:05.331+0900][1.095s][info][gc             ] GC(43) Pause Young (Allocation Failure) 350M->295M(501M) 4.933ms
[2026-03-22T17:33:05.331+0900][1.095s][info][gc,cpu         ] GC(43) User=0.00s Sys=0.00s Real=0.01s
[2026-03-22T17:33:05.346+0900][1.110s][info][gc,start       ] GC(44) Pause Full (Ergonomics)
[2026-03-22T17:33:05.346+0900][1.110s][info][gc,phases,start] GC(44) Marking Phase
[2026-03-22T17:33:05.347+0900][1.111s][info][gc,phases      ] GC(44) Marking Phase 1.152ms
[2026-03-22T17:33:05.347+0900][1.112s][info][gc,phases,start] GC(44) Summary Phase
[2026-03-22T17:33:05.347+0900][1.112s][info][gc,phases      ] GC(44) Summary Phase 0.015ms
[2026-03-22T17:33:05.347+0900][1.112s][info][gc,phases,start] GC(44) Adjust Roots
[2026-03-22T17:33:05.348+0900][1.112s][info][gc,phases      ] GC(44) Adjust Roots 0.235ms
[2026-03-22T17:33:05.348+0900][1.112s][info][gc,phases,start] GC(44) Compaction Phase
[2026-03-22T17:33:05.353+0900][1.117s][info][gc,phases      ] GC(44) Compaction Phase 5.464ms
[2026-03-22T17:33:05.353+0900][1.117s][info][gc,phases,start] GC(44) Post Compact
[2026-03-22T17:33:05.355+0900][1.119s][info][gc,phases      ] GC(44) Post Compact 1.499ms
[2026-03-22T17:33:05.355+0900][1.119s][info][gc,heap        ] GC(44) PSYoungGen: 160989K(163328K)->0K(163328K) Eden: 150493K(152064K)->0K(152064K) From: 10496K(11264K)->0K(11264K)
[2026-03-22T17:33:05.355+0900][1.119s][info][gc,heap        ] GC(44) ParOldGen: 291991K(349696K)->103430K(349696K)
[2026-03-22T17:33:05.355+0900][1.119s][info][gc,metaspace   ] GC(44) Metaspace: 336K(512K)->336K(512K) NonClass: 318K(384K)->318K(384K) Class: 17K(128K)->17K(128K)
[2026-03-22T17:33:05.355+0900][1.119s][info][gc             ] GC(44) Pause Full (Ergonomics) 442M->101M(501M) 8.685ms
[2026-03-22T17:33:05.355+0900][1.119s][info][gc,cpu         ] GC(44) User=0.06s Sys=0.00s Real=0.01s
[2026-03-22T17:33:05.370+0900][1.134s][info][gc,start       ] GC(45) Pause Young (Allocation Failure)
[2026-03-22T17:33:05.374+0900][1.139s][info][gc,heap        ] GC(45) PSYoungGen: 150493K(163328K)->10496K(163328K) Eden: 150493K(152064K)->0K(152064K) From: 0K(11264K)->10496K(11264K)
[2026-03-22T17:33:05.374+0900][1.139s][info][gc,heap        ] GC(45) ParOldGen: 103430K(349696K)->197638K(349696K)
[2026-03-22T17:33:05.374+0900][1.139s][info][gc,metaspace   ] GC(45) Metaspace: 336K(512K)->336K(512K) NonClass: 318K(384K)->318K(384K) Class: 17K(128K)->17K(128K)
[2026-03-22T17:33:05.374+0900][1.139s][info][gc             ] GC(45) Pause Young (Allocation Failure) 247M->203M(501M) 4.986ms
[2026-03-22T17:33:05.374+0900][1.139s][info][gc,cpu         ] GC(45) User=0.00s Sys=0.00s Real=0.00s
[2026-03-22T17:33:05.389+0900][1.154s][info][gc,start       ] GC(46) Pause Young (Allocation Failure)
[2026-03-22T17:33:05.395+0900][1.159s][info][gc,heap        ] GC(46) PSYoungGen: 160989K(163328K)->10496K(163328K) Eden: 150493K(152064K)->0K(152064K) From: 10496K(11264K)->10496K(11264K)
[2026-03-22T17:33:05.395+0900][1.159s][info][gc,heap        ] GC(46) ParOldGen: 197638K(349696K)->291991K(349696K)
[2026-03-22T17:33:05.395+0900][1.159s][info][gc,metaspace   ] GC(46) Metaspace: 336K(512K)->336K(512K) NonClass: 318K(384K)->318K(384K) Class: 17K(128K)->17K(128K)
[2026-03-22T17:33:05.395+0900][1.159s][info][gc             ] GC(46) Pause Young (Allocation Failure) 350M->295M(501M) 4.875ms
[2026-03-22T17:33:05.395+0900][1.159s][info][gc,cpu         ] GC(46) User=0.00s Sys=0.00s Real=0.01s
[2026-03-22T17:33:05.409+0900][1.173s][info][gc,start       ] GC(47) Pause Full (Ergonomics)
[2026-03-22T17:33:05.410+0900][1.174s][info][gc,phases,start] GC(47) Marking Phase
[2026-03-22T17:33:05.411+0900][1.175s][info][gc,phases      ] GC(47) Marking Phase 1.054ms
[2026-03-22T17:33:05.411+0900][1.175s][info][gc,phases,start] GC(47) Summary Phase
[2026-03-22T17:33:05.411+0900][1.175s][info][gc,phases      ] GC(47) Summary Phase 0.014ms
[2026-03-22T17:33:05.411+0900][1.175s][info][gc,phases,start] GC(47) Adjust Roots
[2026-03-22T17:33:05.411+0900][1.175s][info][gc,phases      ] GC(47) Adjust Roots 0.177ms
[2026-03-22T17:33:05.411+0900][1.175s][info][gc,phases,start] GC(47) Compaction Phase
[2026-03-22T17:33:05.417+0900][1.181s][info][gc,phases      ] GC(47) Compaction Phase 6.406ms
[2026-03-22T17:33:05.417+0900][1.181s][info][gc,phases,start] GC(47) Post Compact
[2026-03-22T17:33:05.418+0900][1.183s][info][gc,phases      ] GC(47) Post Compact 1.393ms
[2026-03-22T17:33:05.418+0900][1.183s][info][gc,heap        ] GC(47) PSYoungGen: 160989K(163328K)->0K(163328K) Eden: 150493K(152064K)->0K(152064K) From: 10496K(11264K)->0K(11264K)
[2026-03-22T17:33:05.418+0900][1.183s][info][gc,heap        ] GC(47) ParOldGen: 291991K(349696K)->103430K(349696K)
[2026-03-22T17:33:05.418+0900][1.183s][info][gc,metaspace   ] GC(47) Metaspace: 336K(512K)->336K(512K) NonClass: 318K(384K)->318K(384K) Class: 17K(128K)->17K(128K)
[2026-03-22T17:33:05.418+0900][1.183s][info][gc             ] GC(47) Pause Full (Ergonomics) 442M->101M(501M) 9.460ms
[2026-03-22T17:33:05.418+0900][1.183s][info][gc,cpu         ] GC(47) User=0.06s Sys=0.00s Real=0.01s
[2026-03-22T17:33:05.435+0900][1.198s][info][gc,start       ] GC(48) Pause Young (Allocation Failure)
[2026-03-22T17:33:05.439+0900][1.203s][info][gc,heap        ] GC(48) PSYoungGen: 150493K(163328K)->10496K(163328K) Eden: 150493K(152064K)->0K(152064K) From: 0K(11264K)->10496K(11264K)
[2026-03-22T17:33:05.440+0900][1.203s][info][gc,heap        ] GC(48) ParOldGen: 103430K(349696K)->197638K(349696K)
[2026-03-22T17:33:05.440+0900][1.203s][info][gc,metaspace   ] GC(48) Metaspace: 336K(512K)->336K(512K) NonClass: 318K(384K)->318K(384K) Class: 17K(128K)->17K(128K)
[2026-03-22T17:33:05.440+0900][1.203s][info][gc             ] GC(48) Pause Young (Allocation Failure) 247M->203M(501M) 4.947ms
[2026-03-22T17:33:05.440+0900][1.203s][info][gc,cpu         ] GC(48) User=0.00s Sys=0.00s Real=0.01s
[2026-03-22T17:33:05.454+0900][1.218s][info][gc,start       ] GC(49) Pause Young (Allocation Failure)
[2026-03-22T17:33:05.458+0900][1.222s][info][gc,heap        ] GC(49) PSYoungGen: 160989K(163328K)->10496K(163328K) Eden: 150493K(152064K)->0K(152064K) From: 10496K(11264K)->10496K(11264K)
[2026-03-22T17:33:05.458+0900][1.222s][info][gc,heap        ] GC(49) ParOldGen: 197638K(349696K)->291991K(349696K)
[2026-03-22T17:33:05.458+0900][1.222s][info][gc,metaspace   ] GC(49) Metaspace: 336K(512K)->336K(512K) NonClass: 318K(384K)->318K(384K) Class: 17K(128K)->17K(128K)
[2026-03-22T17:33:05.458+0900][1.222s][info][gc             ] GC(49) Pause Young (Allocation Failure) 350M->295M(501M) 4.837ms
[2026-03-22T17:33:05.458+0900][1.222s][info][gc,cpu         ] GC(49) User=0.00s Sys=0.00s Real=0.00s
[2026-03-22T17:33:05.473+0900][1.237s][info][gc,start       ] GC(50) Pause Full (Ergonomics)
[2026-03-22T17:33:05.473+0900][1.237s][info][gc,phases,start] GC(50) Marking Phase
[2026-03-22T17:33:05.474+0900][1.238s][info][gc,phases      ] GC(50) Marking Phase 0.952ms
[2026-03-22T17:33:05.474+0900][1.238s][info][gc,phases,start] GC(50) Summary Phase
[2026-03-22T17:33:05.474+0900][1.238s][info][gc,phases      ] GC(50) Summary Phase 0.014ms
[2026-03-22T17:33:05.474+0900][1.238s][info][gc,phases,start] GC(50) Adjust Roots
[2026-03-22T17:33:05.474+0900][1.239s][info][gc,phases      ] GC(50) Adjust Roots 0.197ms
[2026-03-22T17:33:05.474+0900][1.239s][info][gc,phases,start] GC(50) Compaction Phase
[2026-03-22T17:33:05.480+0900][1.245s][info][gc,phases      ] GC(50) Compaction Phase 6.057ms
[2026-03-22T17:33:05.480+0900][1.245s][info][gc,phases,start] GC(50) Post Compact
[2026-03-22T17:33:05.482+0900][1.246s][info][gc,phases      ] GC(50) Post Compact 1.440ms
[2026-03-22T17:33:05.482+0900][1.246s][info][gc,heap        ] GC(50) PSYoungGen: 160989K(163328K)->0K(163328K) Eden: 150493K(152064K)->0K(152064K) From: 10496K(11264K)->0K(11264K)
[2026-03-22T17:33:05.482+0900][1.246s][info][gc,heap        ] GC(50) ParOldGen: 291991K(349696K)->103430K(349696K)
[2026-03-22T17:33:05.482+0900][1.246s][info][gc,metaspace   ] GC(50) Metaspace: 336K(512K)->336K(512K) NonClass: 318K(384K)->318K(384K) Class: 17K(128K)->17K(128K)
[2026-03-22T17:33:05.482+0900][1.246s][info][gc             ] GC(50) Pause Full (Ergonomics) 442M->101M(501M) 8.941ms
[2026-03-22T17:33:05.482+0900][1.246s][info][gc,cpu         ] GC(50) User=0.05s Sys=0.00s Real=0.01s
[2026-03-22T17:33:05.497+0900][1.261s][info][gc,start       ] GC(51) Pause Young (Allocation Failure)
[2026-03-22T17:33:05.502+0900][1.266s][info][gc,heap        ] GC(51) PSYoungGen: 150493K(163328K)->10496K(163328K) Eden: 150493K(152064K)->0K(152064K) From: 0K(11264K)->10496K(11264K)
[2026-03-22T17:33:05.502+0900][1.266s][info][gc,heap        ] GC(51) ParOldGen: 103430K(349696K)->197638K(349696K)
[2026-03-22T17:33:05.502+0900][1.266s][info][gc,metaspace   ] GC(51) Metaspace: 336K(512K)->336K(512K) NonClass: 318K(384K)->318K(384K) Class: 17K(128K)->17K(128K)
[2026-03-22T17:33:05.502+0900][1.266s][info][gc             ] GC(51) Pause Young (Allocation Failure) 247M->203M(501M) 4.744ms
[2026-03-22T17:33:05.502+0900][1.266s][info][gc,cpu         ] GC(51) User=0.00s Sys=0.00s Real=0.01s
[2026-03-22T17:33:05.516+0900][1.281s][info][gc,start       ] GC(52) Pause Young (Allocation Failure)
[2026-03-22T17:33:05.521+0900][1.286s][info][gc,heap        ] GC(52) PSYoungGen: 160989K(163328K)->10496K(163328K) Eden: 150493K(152064K)->0K(152064K) From: 10496K(11264K)->10496K(11264K)
[2026-03-22T17:33:05.521+0900][1.286s][info][gc,heap        ] GC(52) ParOldGen: 197638K(349696K)->291991K(349696K)
[2026-03-22T17:33:05.521+0900][1.286s][info][gc,metaspace   ] GC(52) Metaspace: 336K(512K)->336K(512K) NonClass: 318K(384K)->318K(384K) Class: 17K(128K)->17K(128K)
[2026-03-22T17:33:05.521+0900][1.286s][info][gc             ] GC(52) Pause Young (Allocation Failure) 350M->295M(501M) 5.022ms
[2026-03-22T17:33:05.521+0900][1.286s][info][gc,cpu         ] GC(52) User=0.00s Sys=0.00s Real=0.00s
[2026-03-22T17:33:05.536+0900][1.301s][info][gc,start       ] GC(53) Pause Full (Ergonomics)
[2026-03-22T17:33:05.536+0900][1.301s][info][gc,phases,start] GC(53) Marking Phase
[2026-03-22T17:33:05.537+0900][1.302s][info][gc,phases      ] GC(53) Marking Phase 1.043ms
[2026-03-22T17:33:05.537+0900][1.302s][info][gc,phases,start] GC(53) Summary Phase
[2026-03-22T17:33:05.537+0900][1.302s][info][gc,phases      ] GC(53) Summary Phase 0.015ms
[2026-03-22T17:33:05.537+0900][1.302s][info][gc,phases,start] GC(53) Adjust Roots
[2026-03-22T17:33:05.538+0900][1.302s][info][gc,phases      ] GC(53) Adjust Roots 0.308ms
[2026-03-22T17:33:05.538+0900][1.302s][info][gc,phases,start] GC(53) Compaction Phase
[2026-03-22T17:33:05.544+0900][1.307s][info][gc,phases      ] GC(53) Compaction Phase 5.323ms
[2026-03-22T17:33:05.544+0900][1.307s][info][gc,phases,start] GC(53) Post Compact
[2026-03-22T17:33:05.545+0900][1.309s][info][gc,phases      ] GC(53) Post Compact 1.376ms
[2026-03-22T17:33:05.545+0900][1.309s][info][gc,heap        ] GC(53) PSYoungGen: 160989K(163328K)->0K(163328K) Eden: 150493K(152064K)->0K(152064K) From: 10496K(11264K)->0K(11264K)
[2026-03-22T17:33:05.545+0900][1.309s][info][gc,heap        ] GC(53) ParOldGen: 291991K(349696K)->103430K(349696K)
[2026-03-22T17:33:05.545+0900][1.309s][info][gc,metaspace   ] GC(53) Metaspace: 336K(512K)->336K(512K) NonClass: 318K(384K)->318K(384K) Class: 17K(128K)->17K(128K)
[2026-03-22T17:33:05.545+0900][1.309s][info][gc             ] GC(53) Pause Full (Ergonomics) 442M->101M(501M) 8.393ms
[2026-03-22T17:33:05.545+0900][1.309s][info][gc,cpu         ] GC(53) User=0.06s Sys=0.00s Real=0.01s
[2026-03-22T17:33:05.559+0900][1.323s][info][gc,start       ] GC(54) Pause Young (Allocation Failure)
[2026-03-22T17:33:05.564+0900][1.328s][info][gc,heap        ] GC(54) PSYoungGen: 150493K(163328K)->10496K(162816K) Eden: 150493K(152064K)->0K(152064K) From: 0K(11264K)->10496K(10752K)
[2026-03-22T17:33:05.564+0900][1.328s][info][gc,heap        ] GC(54) ParOldGen: 103430K(349696K)->197638K(349696K)
[2026-03-22T17:33:05.564+0900][1.328s][info][gc,metaspace   ] GC(54) Metaspace: 336K(512K)->336K(512K) NonClass: 318K(384K)->318K(384K) Class: 17K(128K)->17K(128K)
[2026-03-22T17:33:05.564+0900][1.328s][info][gc             ] GC(54) Pause Young (Allocation Failure) 247M->203M(500M) 4.679ms
[2026-03-22T17:33:05.564+0900][1.328s][info][gc,cpu         ] GC(54) User=0.00s Sys=0.00s Real=0.00s
[2026-03-22T17:33:05.579+0900][1.342s][info][gc,start       ] GC(55) Pause Young (Allocation Failure)
[2026-03-22T17:33:05.583+0900][1.347s][info][gc,heap        ] GC(55) PSYoungGen: 160989K(162816K)->10496K(162816K) Eden: 150493K(152064K)->0K(152064K) From: 10496K(10752K)->10496K(10752K)
[2026-03-22T17:33:05.583+0900][1.347s][info][gc,heap        ] GC(55) ParOldGen: 197638K(349696K)->291991K(349696K)
[2026-03-22T17:33:05.583+0900][1.347s][info][gc,metaspace   ] GC(55) Metaspace: 336K(512K)->336K(512K) NonClass: 318K(384K)->318K(384K) Class: 17K(128K)->17K(128K)
[2026-03-22T17:33:05.584+0900][1.347s][info][gc             ] GC(55) Pause Young (Allocation Failure) 350M->295M(500M) 4.903ms
[2026-03-22T17:33:05.584+0900][1.347s][info][gc,cpu         ] GC(55) User=0.00s Sys=0.00s Real=0.01s
[2026-03-22T17:33:05.599+0900][1.362s][info][gc,start       ] GC(56) Pause Full (Ergonomics)
[2026-03-22T17:33:05.599+0900][1.363s][info][gc,phases,start] GC(56) Marking Phase
[2026-03-22T17:33:05.600+0900][1.364s][info][gc,phases      ] GC(56) Marking Phase 1.132ms
[2026-03-22T17:33:05.600+0900][1.364s][info][gc,phases,start] GC(56) Summary Phase
[2026-03-22T17:33:05.600+0900][1.364s][info][gc,phases      ] GC(56) Summary Phase 0.017ms
[2026-03-22T17:33:05.600+0900][1.364s][info][gc,phases,start] GC(56) Adjust Roots
[2026-03-22T17:33:05.600+0900][1.364s][info][gc,phases      ] GC(56) Adjust Roots 0.182ms
[2026-03-22T17:33:05.600+0900][1.364s][info][gc,phases,start] GC(56) Compaction Phase
[2026-03-22T17:33:05.607+0900][1.371s][info][gc,phases      ] GC(56) Compaction Phase 6.834ms
[2026-03-22T17:33:05.607+0900][1.371s][info][gc,phases,start] GC(56) Post Compact
[2026-03-22T17:33:05.609+0900][1.372s][info][gc,phases      ] GC(56) Post Compact 1.516ms
[2026-03-22T17:33:05.609+0900][1.373s][info][gc,heap        ] GC(56) PSYoungGen: 160989K(162816K)->0K(162816K) Eden: 150493K(152064K)->0K(152064K) From: 10496K(10752K)->0K(10752K)
[2026-03-22T17:33:05.609+0900][1.373s][info][gc,heap        ] GC(56) ParOldGen: 291991K(349696K)->103430K(349696K)
[2026-03-22T17:33:05.609+0900][1.373s][info][gc,metaspace   ] GC(56) Metaspace: 336K(512K)->336K(512K) NonClass: 318K(384K)->318K(384K) Class: 17K(128K)->17K(128K)
[2026-03-22T17:33:05.609+0900][1.373s][info][gc             ] GC(56) Pause Full (Ergonomics) 442M->101M(500M) 10.064ms
[2026-03-22T17:33:05.609+0900][1.373s][info][gc,cpu         ] GC(56) User=0.06s Sys=0.00s Real=0.01s
[2026-03-22T17:33:05.624+0900][1.389s][info][gc,start       ] GC(57) Pause Young (Allocation Failure)
[2026-03-22T17:33:05.629+0900][1.393s][info][gc,heap        ] GC(57) PSYoungGen: 150493K(162816K)->10464K(163840K) Eden: 150493K(152064K)->0K(153088K) From: 0K(10752K)->10464K(10752K)
[2026-03-22T17:33:05.629+0900][1.394s][info][gc,heap        ] GC(57) ParOldGen: 103430K(349696K)->197638K(349696K)
[2026-03-22T17:33:05.629+0900][1.394s][info][gc,metaspace   ] GC(57) Metaspace: 336K(512K)->336K(512K) NonClass: 318K(384K)->318K(384K) Class: 17K(128K)->17K(128K)
[2026-03-22T17:33:05.629+0900][1.394s][info][gc             ] GC(57) Pause Young (Allocation Failure) 247M->203M(501M) 5.023ms
[2026-03-22T17:33:05.629+0900][1.394s][info][gc,cpu         ] GC(57) User=0.00s Sys=0.00s Real=0.00s
[2026-03-22T17:33:05.645+0900][1.409s][info][gc,start       ] GC(58) Pause Young (Allocation Failure)
[2026-03-22T17:33:05.651+0900][1.415s][info][gc,heap        ] GC(58) PSYoungGen: 163025K(163840K)->10496K(163840K) Eden: 152561K(153088K)->0K(153088K) From: 10464K(10752K)->10496K(10752K)
[2026-03-22T17:33:05.651+0900][1.415s][info][gc,heap        ] GC(58) ParOldGen: 197638K(349696K)->291991K(349696K)
[2026-03-22T17:33:05.651+0900][1.415s][info][gc,metaspace   ] GC(58) Metaspace: 336K(512K)->336K(512K) NonClass: 318K(384K)->318K(384K) Class: 17K(128K)->17K(128K)
[2026-03-22T17:33:05.651+0900][1.415s][info][gc             ] GC(58) Pause Young (Allocation Failure) 352M->295M(501M) 5.949ms
[2026-03-22T17:33:05.651+0900][1.415s][info][gc,cpu         ] GC(58) User=0.06s Sys=0.00s Real=0.01s
[2026-03-22T17:33:05.670+0900][1.434s][info][gc,start       ] GC(59) Pause Full (Ergonomics)
[2026-03-22T17:33:05.670+0900][1.434s][info][gc,phases,start] GC(59) Marking Phase
[2026-03-22T17:33:05.671+0900][1.435s][info][gc,phases      ] GC(59) Marking Phase 1.133ms
[2026-03-22T17:33:05.671+0900][1.435s][info][gc,phases,start] GC(59) Summary Phase
[2026-03-22T17:33:05.671+0900][1.435s][info][gc,phases      ] GC(59) Summary Phase 0.026ms
[2026-03-22T17:33:05.671+0900][1.435s][info][gc,phases,start] GC(59) Adjust Roots
[2026-03-22T17:33:05.672+0900][1.435s][info][gc,phases      ] GC(59) Adjust Roots 0.282ms
[2026-03-22T17:33:05.672+0900][1.435s][info][gc,phases,start] GC(59) Compaction Phase
[2026-03-22T17:33:05.679+0900][1.443s][info][gc,phases      ] GC(59) Compaction Phase 7.914ms
[2026-03-22T17:33:05.679+0900][1.444s][info][gc,phases,start] GC(59) Post Compact
[2026-03-22T17:33:05.681+0900][1.446s][info][gc,phases      ] GC(59) Post Compact 2.012ms
[2026-03-22T17:33:05.681+0900][1.446s][info][gc,heap        ] GC(59) PSYoungGen: 163057K(163840K)->0K(163840K) Eden: 152561K(153088K)->0K(153088K) From: 10496K(10752K)->0K(10752K)
[2026-03-22T17:33:05.681+0900][1.446s][info][gc,heap        ] GC(59) ParOldGen: 291991K(349696K)->103430K(349696K)
[2026-03-22T17:33:05.681+0900][1.446s][info][gc,metaspace   ] GC(59) Metaspace: 336K(512K)->336K(512K) NonClass: 318K(384K)->318K(384K) Class: 17K(128K)->17K(128K)
[2026-03-22T17:33:05.681+0900][1.446s][info][gc             ] GC(59) Pause Full (Ergonomics) 444M->101M(501M) 11.967ms
[2026-03-22T17:33:05.681+0900][1.446s][info][gc,cpu         ] GC(59) User=0.02s Sys=0.00s Real=0.01s
[2026-03-22T17:33:05.699+0900][1.462s][info][gc,start       ] GC(60) Pause Young (Allocation Failure)
[2026-03-22T17:33:05.704+0900][1.468s][info][gc,heap        ] GC(60) PSYoungGen: 152561K(163840K)->10496K(163840K) Eden: 152561K(153088K)->0K(153088K) From: 0K(10752K)->10496K(10752K)
[2026-03-22T17:33:05.704+0900][1.468s][info][gc,heap        ] GC(60) ParOldGen: 103430K(349696K)->197638K(349696K)
[2026-03-22T17:33:05.704+0900][1.468s][info][gc,metaspace   ] GC(60) Metaspace: 336K(512K)->336K(512K) NonClass: 318K(384K)->318K(384K) Class: 17K(128K)->17K(128K)
[2026-03-22T17:33:05.704+0900][1.468s][info][gc             ] GC(60) Pause Young (Allocation Failure) 249M->203M(501M) 5.237ms
[2026-03-22T17:33:05.704+0900][1.468s][info][gc,cpu         ] GC(60) User=0.00s Sys=0.00s Real=0.01s
[2026-03-22T17:33:05.720+0900][1.483s][info][gc,start       ] GC(61) Pause Young (Allocation Failure)
[2026-03-22T17:33:05.725+0900][1.489s][info][gc,heap        ] GC(61) PSYoungGen: 163057K(163840K)->10496K(163840K) Eden: 152561K(153088K)->0K(153088K) From: 10496K(10752K)->10496K(10752K)
[2026-03-22T17:33:05.725+0900][1.489s][info][gc,heap        ] GC(61) ParOldGen: 197638K(349696K)->291999K(349696K)
[2026-03-22T17:33:05.725+0900][1.489s][info][gc,metaspace   ] GC(61) Metaspace: 336K(512K)->336K(512K) NonClass: 318K(384K)->318K(384K) Class: 17K(128K)->17K(128K)
[2026-03-22T17:33:05.725+0900][1.489s][info][gc             ] GC(61) Pause Young (Allocation Failure) 352M->295M(501M) 5.558ms
[2026-03-22T17:33:05.725+0900][1.489s][info][gc,cpu         ] GC(61) User=0.00s Sys=0.00s Real=0.00s
[2026-03-22T17:33:05.743+0900][1.506s][info][gc,start       ] GC(62) Pause Full (Ergonomics)
[2026-03-22T17:33:05.743+0900][1.506s][info][gc,phases,start] GC(62) Marking Phase
[2026-03-22T17:33:05.744+0900][1.508s][info][gc,phases      ] GC(62) Marking Phase 1.305ms
[2026-03-22T17:33:05.744+0900][1.508s][info][gc,phases,start] GC(62) Summary Phase
[2026-03-22T17:33:05.744+0900][1.508s][info][gc,phases      ] GC(62) Summary Phase 0.015ms
[2026-03-22T17:33:05.744+0900][1.508s][info][gc,phases,start] GC(62) Adjust Roots
[2026-03-22T17:33:05.744+0900][1.508s][info][gc,phases      ] GC(62) Adjust Roots 0.321ms
[2026-03-22T17:33:05.744+0900][1.508s][info][gc,phases,start] GC(62) Compaction Phase
[2026-03-22T17:33:05.750+0900][1.514s][info][gc,phases      ] GC(62) Compaction Phase 5.909ms
[2026-03-22T17:33:05.750+0900][1.514s][info][gc,phases,start] GC(62) Post Compact
[2026-03-22T17:33:05.751+0900][1.516s][info][gc,phases      ] GC(62) Post Compact 1.446ms
[2026-03-22T17:33:05.751+0900][1.516s][info][gc,heap        ] GC(62) PSYoungGen: 163057K(163840K)->0K(163840K) Eden: 152561K(153088K)->0K(153088K) From: 10496K(10752K)->0K(10752K)
[2026-03-22T17:33:05.751+0900][1.516s][info][gc,heap        ] GC(62) ParOldGen: 291999K(349696K)->103430K(349696K)
[2026-03-22T17:33:05.751+0900][1.516s][info][gc,metaspace   ] GC(62) Metaspace: 336K(512K)->336K(512K) NonClass: 318K(384K)->318K(384K) Class: 17K(128K)->17K(128K)
[2026-03-22T17:33:05.751+0900][1.516s][info][gc             ] GC(62) Pause Full (Ergonomics) 444M->101M(501M) 9.489ms
[2026-03-22T17:33:05.752+0900][1.516s][info][gc,cpu         ] GC(62) User=0.00s Sys=0.02s Real=0.01s
[2026-03-22T17:33:05.767+0900][1.531s][info][gc,start       ] GC(63) Pause Young (Allocation Failure)
[2026-03-22T17:33:05.772+0900][1.536s][info][gc,heap        ] GC(63) PSYoungGen: 152561K(163840K)->10496K(163840K) Eden: 152561K(153088K)->0K(153088K) From: 0K(10752K)->10496K(10752K)
[2026-03-22T17:33:05.772+0900][1.536s][info][gc,heap        ] GC(63) ParOldGen: 103430K(349696K)->197638K(349696K)
[2026-03-22T17:33:05.772+0900][1.536s][info][gc,metaspace   ] GC(63) Metaspace: 336K(512K)->336K(512K) NonClass: 318K(384K)->318K(384K) Class: 17K(128K)->17K(128K)
[2026-03-22T17:33:05.772+0900][1.536s][info][gc             ] GC(63) Pause Young (Allocation Failure) 249M->203M(501M) 4.784ms
[2026-03-22T17:33:05.772+0900][1.536s][info][gc,cpu         ] GC(63) User=0.00s Sys=0.00s Real=0.01s
[2026-03-22T17:33:05.786+0900][1.551s][info][gc,start       ] GC(64) Pause Young (Allocation Failure)
[2026-03-22T17:33:05.791+0900][1.555s][info][gc,heap        ] GC(64) PSYoungGen: 163057K(163840K)->10496K(163840K) Eden: 152561K(153088K)->0K(153088K) From: 10496K(10752K)->10496K(10752K)
[2026-03-22T17:33:05.791+0900][1.555s][info][gc,heap        ] GC(64) ParOldGen: 197638K(349696K)->291999K(349696K)
[2026-03-22T17:33:05.791+0900][1.555s][info][gc,metaspace   ] GC(64) Metaspace: 336K(512K)->336K(512K) NonClass: 318K(384K)->318K(384K) Class: 17K(128K)->17K(128K)
[2026-03-22T17:33:05.791+0900][1.555s][info][gc             ] GC(64) Pause Young (Allocation Failure) 352M->295M(501M) 4.842ms
[2026-03-22T17:33:05.791+0900][1.555s][info][gc,cpu         ] GC(64) User=0.06s Sys=0.00s Real=0.00s
[2026-03-22T17:33:05.807+0900][1.571s][info][gc,start       ] GC(65) Pause Full (Ergonomics)
[2026-03-22T17:33:05.807+0900][1.571s][info][gc,phases,start] GC(65) Marking Phase
[2026-03-22T17:33:05.808+0900][1.572s][info][gc,phases      ] GC(65) Marking Phase 0.994ms
[2026-03-22T17:33:05.808+0900][1.572s][info][gc,phases,start] GC(65) Summary Phase
[2026-03-22T17:33:05.808+0900][1.572s][info][gc,phases      ] GC(65) Summary Phase 0.015ms
[2026-03-22T17:33:05.808+0900][1.572s][info][gc,phases,start] GC(65) Adjust Roots
[2026-03-22T17:33:05.808+0900][1.572s][info][gc,phases      ] GC(65) Adjust Roots 0.161ms
[2026-03-22T17:33:05.808+0900][1.572s][info][gc,phases,start] GC(65) Compaction Phase
[2026-03-22T17:33:05.813+0900][1.578s][info][gc,phases      ] GC(65) Compaction Phase 5.515ms
[2026-03-22T17:33:05.813+0900][1.578s][info][gc,phases,start] GC(65) Post Compact
[2026-03-22T17:33:05.815+0900][1.579s][info][gc,phases      ] GC(65) Post Compact 1.536ms
[2026-03-22T17:33:05.815+0900][1.579s][info][gc,heap        ] GC(65) PSYoungGen: 163057K(163840K)->0K(163840K) Eden: 152561K(153088K)->0K(153088K) From: 10496K(10752K)->0K(10752K)
[2026-03-22T17:33:05.815+0900][1.579s][info][gc,heap        ] GC(65) ParOldGen: 291999K(349696K)->103430K(349696K)
[2026-03-22T17:33:05.815+0900][1.579s][info][gc,metaspace   ] GC(65) Metaspace: 336K(512K)->336K(512K) NonClass: 318K(384K)->318K(384K) Class: 17K(128K)->17K(128K)
[2026-03-22T17:33:05.815+0900][1.579s][info][gc             ] GC(65) Pause Full (Ergonomics) 444M->101M(501M) 8.519ms
[2026-03-22T17:33:05.815+0900][1.579s][info][gc,cpu         ] GC(65) User=0.00s Sys=0.00s Real=0.01s
[2026-03-22T17:33:05.830+0900][1.594s][info][gc,start       ] GC(66) Pause Young (Allocation Failure)
[2026-03-22T17:33:05.835+0900][1.599s][info][gc,heap        ] GC(66) PSYoungGen: 152561K(163840K)->10496K(163840K) Eden: 152561K(153088K)->0K(153088K) From: 0K(10752K)->10496K(10752K)
[2026-03-22T17:33:05.835+0900][1.599s][info][gc,heap        ] GC(66) ParOldGen: 103430K(349696K)->197638K(349696K)
[2026-03-22T17:33:05.835+0900][1.599s][info][gc,metaspace   ] GC(66) Metaspace: 336K(512K)->336K(512K) NonClass: 318K(384K)->318K(384K) Class: 17K(128K)->17K(128K)
[2026-03-22T17:33:05.835+0900][1.599s][info][gc             ] GC(66) Pause Young (Allocation Failure) 249M->203M(501M) 5.129ms
[2026-03-22T17:33:05.835+0900][1.599s][info][gc,cpu         ] GC(66) User=0.00s Sys=0.00s Real=0.01s
[2026-03-22T17:33:05.851+0900][1.615s][info][gc,start       ] GC(67) Pause Young (Allocation Failure)
[2026-03-22T17:33:05.855+0900][1.619s][info][gc,heap        ] GC(67) PSYoungGen: 163057K(163840K)->10496K(163840K) Eden: 152561K(153088K)->0K(153088K) From: 10496K(10752K)->10496K(10752K)
[2026-03-22T17:33:05.855+0900][1.619s][info][gc,heap        ] GC(67) ParOldGen: 197638K(349696K)->291999K(349696K)
[2026-03-22T17:33:05.855+0900][1.619s][info][gc,metaspace   ] GC(67) Metaspace: 336K(512K)->336K(512K) NonClass: 318K(384K)->318K(384K) Class: 17K(128K)->17K(128K)
[2026-03-22T17:33:05.855+0900][1.619s][info][gc             ] GC(67) Pause Young (Allocation Failure) 352M->295M(501M) 4.696ms
[2026-03-22T17:33:05.855+0900][1.619s][info][gc,cpu         ] GC(67) User=0.06s Sys=0.00s Real=0.00s
[2026-03-22T17:33:05.870+0900][1.634s][info][gc,start       ] GC(68) Pause Full (Ergonomics)
[2026-03-22T17:33:05.870+0900][1.634s][info][gc,phases,start] GC(68) Marking Phase
[2026-03-22T17:33:05.871+0900][1.635s][info][gc,phases      ] GC(68) Marking Phase 1.064ms
[2026-03-22T17:33:05.871+0900][1.635s][info][gc,phases,start] GC(68) Summary Phase
[2026-03-22T17:33:05.871+0900][1.635s][info][gc,phases      ] GC(68) Summary Phase 0.015ms
[2026-03-22T17:33:05.871+0900][1.635s][info][gc,phases,start] GC(68) Adjust Roots
[2026-03-22T17:33:05.871+0900][1.636s][info][gc,phases      ] GC(68) Adjust Roots 0.251ms
[2026-03-22T17:33:05.871+0900][1.636s][info][gc,phases,start] GC(68) Compaction Phase
[2026-03-22T17:33:05.877+0900][1.641s][info][gc,phases      ] GC(68) Compaction Phase 5.467ms
[2026-03-22T17:33:05.877+0900][1.641s][info][gc,phases,start] GC(68) Post Compact
[2026-03-22T17:33:05.879+0900][1.643s][info][gc,phases      ] GC(68) Post Compact 1.402ms
[2026-03-22T17:33:05.879+0900][1.643s][info][gc,heap        ] GC(68) PSYoungGen: 163057K(163840K)->0K(163840K) Eden: 152561K(153088K)->0K(153088K) From: 10496K(10752K)->0K(10752K)
[2026-03-22T17:33:05.879+0900][1.643s][info][gc,heap        ] GC(68) ParOldGen: 291999K(349696K)->103430K(349696K)
[2026-03-22T17:33:05.879+0900][1.643s][info][gc,metaspace   ] GC(68) Metaspace: 336K(512K)->336K(512K) NonClass: 318K(384K)->318K(384K) Class: 17K(128K)->17K(128K)
[2026-03-22T17:33:05.879+0900][1.643s][info][gc             ] GC(68) Pause Full (Ergonomics) 444M->101M(501M) 8.479ms
[2026-03-22T17:33:05.879+0900][1.643s][info][gc,cpu         ] GC(68) User=0.00s Sys=0.00s Real=0.01s
[2026-03-22T17:33:05.894+0900][1.657s][info][gc,start       ] GC(69) Pause Young (Allocation Failure)
[2026-03-22T17:33:05.898+0900][1.662s][info][gc,heap        ] GC(69) PSYoungGen: 152561K(163840K)->10496K(163840K) Eden: 152561K(153088K)->0K(153088K) From: 0K(10752K)->10496K(10752K)
[2026-03-22T17:33:05.898+0900][1.662s][info][gc,heap        ] GC(69) ParOldGen: 103430K(349696K)->197638K(349696K)
[2026-03-22T17:33:05.898+0900][1.662s][info][gc,metaspace   ] GC(69) Metaspace: 336K(512K)->336K(512K) NonClass: 318K(384K)->318K(384K) Class: 17K(128K)->17K(128K)
[2026-03-22T17:33:05.898+0900][1.662s][info][gc             ] GC(69) Pause Young (Allocation Failure) 249M->203M(501M) 4.509ms
[2026-03-22T17:33:05.898+0900][1.662s][info][gc,cpu         ] GC(69) User=0.00s Sys=0.00s Real=0.00s
[2026-03-22T17:33:05.912+0900][1.677s][info][gc,start       ] GC(70) Pause Young (Allocation Failure)
[2026-03-22T17:33:05.917+0900][1.681s][info][gc,heap        ] GC(70) PSYoungGen: 163057K(163840K)->10496K(163840K) Eden: 152561K(153088K)->0K(153088K) From: 10496K(10752K)->10496K(10752K)
[2026-03-22T17:33:05.917+0900][1.681s][info][gc,heap        ] GC(70) ParOldGen: 197638K(349696K)->291999K(349696K)
[2026-03-22T17:33:05.917+0900][1.681s][info][gc,metaspace   ] GC(70) Metaspace: 336K(512K)->336K(512K) NonClass: 318K(384K)->318K(384K) Class: 17K(128K)->17K(128K)
[2026-03-22T17:33:05.917+0900][1.681s][info][gc             ] GC(70) Pause Young (Allocation Failure) 352M->295M(501M) 4.647ms
[2026-03-22T17:33:05.917+0900][1.681s][info][gc,cpu         ] GC(70) User=0.06s Sys=0.00s Real=0.01s
[2026-03-22T17:33:05.932+0900][1.696s][info][gc,start       ] GC(71) Pause Full (Ergonomics)
[2026-03-22T17:33:05.932+0900][1.696s][info][gc,phases,start] GC(71) Marking Phase
[2026-03-22T17:33:05.933+0900][1.697s][info][gc,phases      ] GC(71) Marking Phase 1.238ms
[2026-03-22T17:33:05.933+0900][1.697s][info][gc,phases,start] GC(71) Summary Phase
[2026-03-22T17:33:05.933+0900][1.697s][info][gc,phases      ] GC(71) Summary Phase 0.023ms
[2026-03-22T17:33:05.933+0900][1.697s][info][gc,phases,start] GC(71) Adjust Roots
[2026-03-22T17:33:05.933+0900][1.698s][info][gc,phases      ] GC(71) Adjust Roots 0.280ms
[2026-03-22T17:33:05.933+0900][1.698s][info][gc,phases,start] GC(71) Compaction Phase
[2026-03-22T17:33:05.939+0900][1.703s][info][gc,phases      ] GC(71) Compaction Phase 5.590ms
[2026-03-22T17:33:05.939+0900][1.703s][info][gc,phases,start] GC(71) Post Compact
[2026-03-22T17:33:05.940+0900][1.705s][info][gc,phases      ] GC(71) Post Compact 1.425ms
[2026-03-22T17:33:05.940+0900][1.705s][info][gc,heap        ] GC(71) PSYoungGen: 163057K(163840K)->0K(163840K) Eden: 152561K(153088K)->0K(153088K) From: 10496K(10752K)->0K(10752K)
[2026-03-22T17:33:05.940+0900][1.705s][info][gc,heap        ] GC(71) ParOldGen: 291999K(349696K)->103194K(349696K)
[2026-03-22T17:33:05.940+0900][1.705s][info][gc,metaspace   ] GC(71) Metaspace: 336K(512K)->336K(512K) NonClass: 318K(384K)->318K(384K) Class: 17K(128K)->17K(128K)
[2026-03-22T17:33:05.940+0900][1.705s][info][gc             ] GC(71) Pause Full (Ergonomics) 444M->100M(501M) 8.843ms
[2026-03-22T17:33:05.940+0900][1.705s][info][gc,cpu         ] GC(71) User=0.00s Sys=0.00s Real=0.01s
[2026-03-22T17:33:05.957+0900][1.720s][info][gc,start       ] GC(72) Pause Young (Allocation Failure)
[2026-03-22T17:33:05.962+0900][1.725s][info][gc,heap        ] GC(72) PSYoungGen: 152561K(163840K)->10496K(163840K) Eden: 152561K(153088K)->0K(153088K) From: 0K(10752K)->10496K(10752K)
[2026-03-22T17:33:05.962+0900][1.725s][info][gc,heap        ] GC(72) ParOldGen: 103194K(349696K)->197403K(349696K)
[2026-03-22T17:33:05.962+0900][1.725s][info][gc,metaspace   ] GC(72) Metaspace: 336K(512K)->336K(512K) NonClass: 318K(384K)->318K(384K) Class: 17K(128K)->17K(128K)
[2026-03-22T17:33:05.962+0900][1.725s][info][gc             ] GC(72) Pause Young (Allocation Failure) 249M->203M(501M) 5.128ms
[2026-03-22T17:33:05.962+0900][1.725s][info][gc,cpu         ] GC(72) User=0.00s Sys=0.00s Real=0.00s
[2026-03-22T17:33:05.977+0900][1.741s][info][gc,start       ] GC(73) Pause Young (Allocation Failure)
[2026-03-22T17:33:05.982+0900][1.746s][info][gc,heap        ] GC(73) PSYoungGen: 163057K(163840K)->10496K(163840K) Eden: 152561K(153088K)->0K(153088K) From: 10496K(10752K)->10496K(10752K)
[2026-03-22T17:33:05.982+0900][1.746s][info][gc,heap        ] GC(73) ParOldGen: 197403K(349696K)->291764K(349696K)
[2026-03-22T17:33:05.982+0900][1.746s][info][gc,metaspace   ] GC(73) Metaspace: 336K(512K)->336K(512K) NonClass: 318K(384K)->318K(384K) Class: 17K(128K)->17K(128K)
[2026-03-22T17:33:05.982+0900][1.746s][info][gc             ] GC(73) Pause Young (Allocation Failure) 352M->295M(501M) 5.350ms
[2026-03-22T17:33:05.982+0900][1.746s][info][gc,cpu         ] GC(73) User=0.06s Sys=0.00s Real=0.01s
[2026-03-22T17:33:05.998+0900][1.762s][info][gc,start       ] GC(74) Pause Full (Ergonomics)
[2026-03-22T17:33:05.998+0900][1.762s][info][gc,phases,start] GC(74) Marking Phase
[2026-03-22T17:33:05.999+0900][1.763s][info][gc,phases      ] GC(74) Marking Phase 1.323ms
[2026-03-22T17:33:05.999+0900][1.763s][info][gc,phases,start] GC(74) Summary Phase
[2026-03-22T17:33:05.999+0900][1.763s][info][gc,phases      ] GC(74) Summary Phase 0.042ms
[2026-03-22T17:33:05.999+0900][1.763s][info][gc,phases,start] GC(74) Adjust Roots
[2026-03-22T17:33:06.000+0900][1.764s][info][gc,phases      ] GC(74) Adjust Roots 0.220ms
[2026-03-22T17:33:06.000+0900][1.764s][info][gc,phases,start] GC(74) Compaction Phase
[2026-03-22T17:33:06.005+0900][1.769s][info][gc,phases      ] GC(74) Compaction Phase 5.791ms
[2026-03-22T17:33:06.005+0900][1.769s][info][gc,phases,start] GC(74) Post Compact
[2026-03-22T17:33:06.007+0900][1.771s][info][gc,phases      ] GC(74) Post Compact 1.794ms
[2026-03-22T17:33:06.007+0900][1.771s][info][gc,heap        ] GC(74) PSYoungGen: 163057K(163840K)->0K(163840K) Eden: 152561K(153088K)->0K(153088K) From: 10496K(10752K)->0K(10752K)
[2026-03-22T17:33:06.007+0900][1.771s][info][gc,heap        ] GC(74) ParOldGen: 291764K(349696K)->103429K(349696K)
[2026-03-22T17:33:06.007+0900][1.771s][info][gc,metaspace   ] GC(74) Metaspace: 336K(512K)->336K(512K) NonClass: 318K(384K)->318K(384K) Class: 17K(128K)->17K(128K)
[2026-03-22T17:33:06.007+0900][1.771s][info][gc             ] GC(74) Pause Full (Ergonomics) 444M->101M(501M) 9.590ms
[2026-03-22T17:33:06.007+0900][1.771s][info][gc,cpu         ] GC(74) User=0.00s Sys=0.00s Real=0.01s
[2026-03-22T17:33:06.022+0900][1.787s][info][gc,start       ] GC(75) Pause Young (Allocation Failure)
[2026-03-22T17:33:06.027+0900][1.792s][info][gc,heap        ] GC(75) PSYoungGen: 152561K(163840K)->10496K(163840K) Eden: 152561K(153088K)->0K(153088K) From: 0K(10752K)->10496K(10752K)
[2026-03-22T17:33:06.027+0900][1.792s][info][gc,heap        ] GC(75) ParOldGen: 103429K(349696K)->197638K(349696K)
[2026-03-22T17:33:06.027+0900][1.792s][info][gc,metaspace   ] GC(75) Metaspace: 336K(512K)->336K(512K) NonClass: 318K(384K)->318K(384K) Class: 17K(128K)->17K(128K)
[2026-03-22T17:33:06.027+0900][1.792s][info][gc             ] GC(75) Pause Young (Allocation Failure) 249M->203M(501M) 5.080ms
[2026-03-22T17:33:06.027+0900][1.792s][info][gc,cpu         ] GC(75) User=0.06s Sys=0.00s Real=0.00s
[2026-03-22T17:33:06.044+0900][1.807s][info][gc,start       ] GC(76) Pause Young (Allocation Failure)
[2026-03-22T17:33:06.049+0900][1.813s][info][gc,heap        ] GC(76) PSYoungGen: 163057K(163840K)->10496K(163840K) Eden: 152561K(153088K)->0K(153088K) From: 10496K(10752K)->10496K(10752K)
[2026-03-22T17:33:06.049+0900][1.813s][info][gc,heap        ] GC(76) ParOldGen: 197638K(349696K)->291999K(349696K)
[2026-03-22T17:33:06.049+0900][1.813s][info][gc,metaspace   ] GC(76) Metaspace: 336K(512K)->336K(512K) NonClass: 318K(384K)->318K(384K) Class: 17K(128K)->17K(128K)
[2026-03-22T17:33:06.049+0900][1.813s][info][gc             ] GC(76) Pause Young (Allocation Failure) 352M->295M(501M) 5.405ms
[2026-03-22T17:33:06.049+0900][1.813s][info][gc,cpu         ] GC(76) User=0.00s Sys=0.00s Real=0.01s
[2026-03-22T17:33:06.065+0900][1.829s][info][gc,start       ] GC(77) Pause Full (Ergonomics)
[2026-03-22T17:33:06.065+0900][1.830s][info][gc,phases,start] GC(77) Marking Phase
[2026-03-22T17:33:06.067+0900][1.831s][info][gc,phases      ] GC(77) Marking Phase 1.144ms
[2026-03-22T17:33:06.067+0900][1.831s][info][gc,phases,start] GC(77) Summary Phase
[2026-03-22T17:33:06.067+0900][1.831s][info][gc,phases      ] GC(77) Summary Phase 0.015ms
[2026-03-22T17:33:06.067+0900][1.831s][info][gc,phases,start] GC(77) Adjust Roots
[2026-03-22T17:33:06.067+0900][1.831s][info][gc,phases      ] GC(77) Adjust Roots 0.183ms
[2026-03-22T17:33:06.067+0900][1.831s][info][gc,phases,start] GC(77) Compaction Phase
[2026-03-22T17:33:06.074+0900][1.839s][info][gc,phases      ] GC(77) Compaction Phase 7.657ms
[2026-03-22T17:33:06.074+0900][1.839s][info][gc,phases,start] GC(77) Post Compact
[2026-03-22T17:33:06.076+0900][1.840s][info][gc,phases      ] GC(77) Post Compact 1.466ms
[2026-03-22T17:33:06.076+0900][1.840s][info][gc,heap        ] GC(77) PSYoungGen: 163057K(163840K)->0K(163840K) Eden: 152561K(153088K)->0K(153088K) From: 10496K(10752K)->0K(10752K)
[2026-03-22T17:33:06.076+0900][1.840s][info][gc,heap        ] GC(77) ParOldGen: 291999K(349696K)->103429K(349696K)
[2026-03-22T17:33:06.076+0900][1.840s][info][gc,metaspace   ] GC(77) Metaspace: 336K(512K)->336K(512K) NonClass: 318K(384K)->318K(384K) Class: 17K(128K)->17K(128K)
[2026-03-22T17:33:06.076+0900][1.840s][info][gc             ] GC(77) Pause Full (Ergonomics) 444M->101M(501M) 10.870ms
[2026-03-22T17:33:06.076+0900][1.840s][info][gc,cpu         ] GC(77) User=0.06s Sys=0.00s Real=0.01s
[2026-03-22T17:33:06.093+0900][1.857s][info][gc,start       ] GC(78) Pause Young (Allocation Failure)
[2026-03-22T17:33:06.097+0900][1.862s][info][gc,heap        ] GC(78) PSYoungGen: 152561K(163840K)->10496K(163840K) Eden: 152561K(153088K)->0K(153088K) From: 0K(10752K)->10496K(10752K)
[2026-03-22T17:33:06.099+0900][1.862s][info][gc,heap        ] GC(78) ParOldGen: 103429K(349696K)->197638K(349696K)
[2026-03-22T17:33:06.099+0900][1.862s][info][gc,metaspace   ] GC(78) Metaspace: 336K(512K)->336K(512K) NonClass: 318K(384K)->318K(384K) Class: 17K(128K)->17K(128K)
[2026-03-22T17:33:06.099+0900][1.862s][info][gc             ] GC(78) Pause Young (Allocation Failure) 249M->203M(501M) 5.423ms
[2026-03-22T17:33:06.099+0900][1.862s][info][gc,cpu         ] GC(78) User=0.00s Sys=0.00s Real=0.01s
[2026-03-22T17:33:06.114+0900][1.879s][info][gc,start       ] GC(79) Pause Young (Allocation Failure)
[2026-03-22T17:33:06.120+0900][1.884s][info][gc,heap        ] GC(79) PSYoungGen: 163057K(163840K)->10496K(163840K) Eden: 152561K(153088K)->0K(153088K) From: 10496K(10752K)->10496K(10752K)
[2026-03-22T17:33:06.120+0900][1.885s][info][gc,heap        ] GC(79) ParOldGen: 197638K(349696K)->291999K(349696K)
[2026-03-22T17:33:06.120+0900][1.885s][info][gc,metaspace   ] GC(79) Metaspace: 336K(512K)->336K(512K) NonClass: 318K(384K)->318K(384K) Class: 17K(128K)->17K(128K)
[2026-03-22T17:33:06.120+0900][1.885s][info][gc             ] GC(79) Pause Young (Allocation Failure) 352M->295M(501M) 5.800ms
[2026-03-22T17:33:06.120+0900][1.885s][info][gc,cpu         ] GC(79) User=0.06s Sys=0.00s Real=0.01s
[2026-03-22T17:33:06.136+0900][1.900s][info][gc,start       ] GC(80) Pause Full (Ergonomics)
[2026-03-22T17:33:06.136+0900][1.900s][info][gc,phases,start] GC(80) Marking Phase
[2026-03-22T17:33:06.137+0900][1.901s][info][gc,phases      ] GC(80) Marking Phase 0.982ms
[2026-03-22T17:33:06.137+0900][1.901s][info][gc,phases,start] GC(80) Summary Phase
[2026-03-22T17:33:06.137+0900][1.901s][info][gc,phases      ] GC(80) Summary Phase 0.015ms
[2026-03-22T17:33:06.137+0900][1.901s][info][gc,phases,start] GC(80) Adjust Roots
[2026-03-22T17:33:06.137+0900][1.901s][info][gc,phases      ] GC(80) Adjust Roots 0.218ms
[2026-03-22T17:33:06.137+0900][1.901s][info][gc,phases,start] GC(80) Compaction Phase
[2026-03-22T17:33:06.143+0900][1.907s][info][gc,phases      ] GC(80) Compaction Phase 6.072ms
[2026-03-22T17:33:06.143+0900][1.907s][info][gc,phases,start] GC(80) Post Compact
[2026-03-22T17:33:06.145+0900][1.909s][info][gc,phases      ] GC(80) Post Compact 1.661ms
[2026-03-22T17:33:06.145+0900][1.909s][info][gc,heap        ] GC(80) PSYoungGen: 163057K(163840K)->0K(163840K) Eden: 152561K(153088K)->0K(153088K) From: 10496K(10752K)->0K(10752K)
[2026-03-22T17:33:06.145+0900][1.909s][info][gc,heap        ] GC(80) ParOldGen: 291999K(349696K)->103429K(349696K)
[2026-03-22T17:33:06.145+0900][1.909s][info][gc,metaspace   ] GC(80) Metaspace: 336K(512K)->336K(512K) NonClass: 318K(384K)->318K(384K) Class: 17K(128K)->17K(128K)
[2026-03-22T17:33:06.145+0900][1.909s][info][gc             ] GC(80) Pause Full (Ergonomics) 444M->101M(501M) 9.352ms
[2026-03-22T17:33:06.145+0900][1.909s][info][gc,cpu         ] GC(80) User=0.00s Sys=0.00s Real=0.01s
[2026-03-22T17:33:06.161+0900][1.925s][info][gc,start       ] GC(81) Pause Young (Allocation Failure)
[2026-03-22T17:33:06.165+0900][1.929s][info][gc,heap        ] GC(81) PSYoungGen: 152561K(163840K)->10496K(163840K) Eden: 152561K(153088K)->0K(153088K) From: 0K(10752K)->10496K(10752K)
[2026-03-22T17:33:06.165+0900][1.929s][info][gc,heap        ] GC(81) ParOldGen: 103429K(349696K)->197638K(349696K)
[2026-03-22T17:33:06.165+0900][1.929s][info][gc,metaspace   ] GC(81) Metaspace: 336K(512K)->336K(512K) NonClass: 318K(384K)->318K(384K) Class: 17K(128K)->17K(128K)
[2026-03-22T17:33:06.165+0900][1.929s][info][gc             ] GC(81) Pause Young (Allocation Failure) 249M->203M(501M) 4.792ms
[2026-03-22T17:33:06.165+0900][1.929s][info][gc,cpu         ] GC(81) User=0.00s Sys=0.00s Real=0.00s
[2026-03-22T17:33:06.180+0900][1.944s][info][gc,start       ] GC(82) Pause Young (Allocation Failure)
[2026-03-22T17:33:06.185+0900][1.949s][info][gc,heap        ] GC(82) PSYoungGen: 163057K(163840K)->10496K(163840K) Eden: 152561K(153088K)->0K(153088K) From: 10496K(10752K)->10496K(10752K)
[2026-03-22T17:33:06.185+0900][1.949s][info][gc,heap        ] GC(82) ParOldGen: 197638K(349696K)->291999K(349696K)
[2026-03-22T17:33:06.185+0900][1.949s][info][gc,metaspace   ] GC(82) Metaspace: 336K(512K)->336K(512K) NonClass: 318K(384K)->318K(384K) Class: 17K(128K)->17K(128K)
[2026-03-22T17:33:06.185+0900][1.949s][info][gc             ] GC(82) Pause Young (Allocation Failure) 352M->295M(501M) 4.826ms
[2026-03-22T17:33:06.185+0900][1.949s][info][gc,cpu         ] GC(82) User=0.06s Sys=0.00s Real=0.00s
[2026-03-22T17:33:06.200+0900][1.964s][info][gc,start       ] GC(83) Pause Full (Ergonomics)
[2026-03-22T17:33:06.200+0900][1.964s][info][gc,phases,start] GC(83) Marking Phase
[2026-03-22T17:33:06.201+0900][1.965s][info][gc,phases      ] GC(83) Marking Phase 0.981ms
[2026-03-22T17:33:06.201+0900][1.965s][info][gc,phases,start] GC(83) Summary Phase
[2026-03-22T17:33:06.201+0900][1.965s][info][gc,phases      ] GC(83) Summary Phase 0.016ms
[2026-03-22T17:33:06.201+0900][1.965s][info][gc,phases,start] GC(83) Adjust Roots
[2026-03-22T17:33:06.201+0900][1.965s][info][gc,phases      ] GC(83) Adjust Roots 0.161ms
[2026-03-22T17:33:06.201+0900][1.965s][info][gc,phases,start] GC(83) Compaction Phase
[2026-03-22T17:33:06.206+0900][1.970s][info][gc,phases      ] GC(83) Compaction Phase 5.304ms
[2026-03-22T17:33:06.206+0900][1.970s][info][gc,phases,start] GC(83) Post Compact
[2026-03-22T17:33:06.208+0900][1.972s][info][gc,phases      ] GC(83) Post Compact 1.424ms
[2026-03-22T17:33:06.208+0900][1.972s][info][gc,heap        ] GC(83) PSYoungGen: 163057K(163840K)->0K(163840K) Eden: 152561K(153088K)->0K(153088K) From: 10496K(10752K)->0K(10752K)
[2026-03-22T17:33:06.208+0900][1.972s][info][gc,heap        ] GC(83) ParOldGen: 291999K(349696K)->103429K(349696K)
[2026-03-22T17:33:06.208+0900][1.972s][info][gc,metaspace   ] GC(83) Metaspace: 336K(512K)->336K(512K) NonClass: 318K(384K)->318K(384K) Class: 17K(128K)->17K(128K)
[2026-03-22T17:33:06.208+0900][1.972s][info][gc             ] GC(83) Pause Full (Ergonomics) 444M->101M(501M) 8.183ms
[2026-03-22T17:33:06.208+0900][1.972s][info][gc,cpu         ] GC(83) User=0.00s Sys=0.00s Real=0.01s
[2026-03-22T17:33:06.222+0900][1.987s][info][gc,start       ] GC(84) Pause Young (Allocation Failure)
[2026-03-22T17:33:06.227+0900][1.991s][info][gc,heap        ] GC(84) PSYoungGen: 152561K(163840K)->10496K(163840K) Eden: 152561K(153088K)->0K(153088K) From: 0K(10752K)->10496K(10752K)
[2026-03-22T17:33:06.227+0900][1.991s][info][gc,heap        ] GC(84) ParOldGen: 103429K(349696K)->197638K(349696K)
[2026-03-22T17:33:06.227+0900][1.991s][info][gc,metaspace   ] GC(84) Metaspace: 336K(512K)->336K(512K) NonClass: 318K(384K)->318K(384K) Class: 17K(128K)->17K(128K)
[2026-03-22T17:33:06.227+0900][1.991s][info][gc             ] GC(84) Pause Young (Allocation Failure) 249M->203M(501M) 4.593ms
[2026-03-22T17:33:06.227+0900][1.991s][info][gc,cpu         ] GC(84) User=0.00s Sys=0.00s Real=0.01s
[2026-03-22T17:33:06.242+0900][2.006s][info][gc,start       ] GC(85) Pause Young (Allocation Failure)
[2026-03-22T17:33:06.247+0900][2.011s][info][gc,heap        ] GC(85) PSYoungGen: 163057K(163840K)->10496K(163840K) Eden: 152561K(153088K)->0K(153088K) From: 10496K(10752K)->10496K(10752K)
[2026-03-22T17:33:06.247+0900][2.011s][info][gc,heap        ] GC(85) ParOldGen: 197638K(349696K)->291999K(349696K)
[2026-03-22T17:33:06.247+0900][2.011s][info][gc,metaspace   ] GC(85) Metaspace: 336K(512K)->336K(512K) NonClass: 318K(384K)->318K(384K) Class: 17K(128K)->17K(128K)
[2026-03-22T17:33:06.247+0900][2.011s][info][gc             ] GC(85) Pause Young (Allocation Failure) 352M->295M(501M) 4.907ms
[2026-03-22T17:33:06.247+0900][2.011s][info][gc,cpu         ] GC(85) User=0.06s Sys=0.00s Real=0.00s
[2026-03-22T17:33:06.262+0900][2.026s][info][gc,start       ] GC(86) Pause Full (Ergonomics)
[2026-03-22T17:33:06.262+0900][2.026s][info][gc,phases,start] GC(86) Marking Phase
[2026-03-22T17:33:06.264+0900][2.027s][info][gc,phases      ] GC(86) Marking Phase 1.041ms
[2026-03-22T17:33:06.264+0900][2.027s][info][gc,phases,start] GC(86) Summary Phase
[2026-03-22T17:33:06.264+0900][2.028s][info][gc,phases      ] GC(86) Summary Phase 0.015ms
[2026-03-22T17:33:06.264+0900][2.028s][info][gc,phases,start] GC(86) Adjust Roots
[2026-03-22T17:33:06.264+0900][2.028s][info][gc,phases      ] GC(86) Adjust Roots 0.160ms
[2026-03-22T17:33:06.264+0900][2.028s][info][gc,phases,start] GC(86) Compaction Phase
[2026-03-22T17:33:06.271+0900][2.035s][info][gc,phases      ] GC(86) Compaction Phase 7.376ms
[2026-03-22T17:33:06.271+0900][2.035s][info][gc,phases,start] GC(86) Post Compact
[2026-03-22T17:33:06.273+0900][2.037s][info][gc,phases      ] GC(86) Post Compact 1.538ms
[2026-03-22T17:33:06.273+0900][2.037s][info][gc,heap        ] GC(86) PSYoungGen: 163057K(163840K)->0K(163840K) Eden: 152561K(153088K)->0K(153088K) From: 10496K(10752K)->0K(10752K)
[2026-03-22T17:33:06.273+0900][2.037s][info][gc,heap        ] GC(86) ParOldGen: 291999K(349696K)->103429K(349696K)
[2026-03-22T17:33:06.273+0900][2.037s][info][gc,metaspace   ] GC(86) Metaspace: 336K(512K)->336K(512K) NonClass: 318K(384K)->318K(384K) Class: 17K(128K)->17K(128K)
[2026-03-22T17:33:06.273+0900][2.037s][info][gc             ] GC(86) Pause Full (Ergonomics) 444M->101M(501M) 10.557ms
[2026-03-22T17:33:06.273+0900][2.037s][info][gc,cpu         ] GC(86) User=0.00s Sys=0.00s Real=0.01s
[2026-03-22T17:33:06.289+0900][2.053s][info][gc,start       ] GC(87) Pause Young (Allocation Failure)
[2026-03-22T17:33:06.294+0900][2.058s][info][gc,heap        ] GC(87) PSYoungGen: 152561K(163840K)->10496K(163840K) Eden: 152561K(153088K)->0K(153088K) From: 0K(10752K)->10496K(10752K)
[2026-03-22T17:33:06.294+0900][2.058s][info][gc,heap        ] GC(87) ParOldGen: 103429K(349696K)->197638K(349696K)
[2026-03-22T17:33:06.294+0900][2.058s][info][gc,metaspace   ] GC(87) Metaspace: 336K(512K)->336K(512K) NonClass: 318K(384K)->318K(384K) Class: 17K(128K)->17K(128K)
[2026-03-22T17:33:06.294+0900][2.058s][info][gc             ] GC(87) Pause Young (Allocation Failure) 249M->203M(501M) 5.016ms
[2026-03-22T17:33:06.294+0900][2.059s][info][gc,cpu         ] GC(87) User=0.06s Sys=0.00s Real=0.00s
[2026-03-22T17:33:06.309+0900][2.074s][info][gc,start       ] GC(88) Pause Young (Allocation Failure)
[2026-03-22T17:33:06.316+0900][2.079s][info][gc,heap        ] GC(88) PSYoungGen: 163057K(163840K)->10496K(163840K) Eden: 152561K(153088K)->0K(153088K) From: 10496K(10752K)->10496K(10752K)
[2026-03-22T17:33:06.316+0900][2.079s][info][gc,heap        ] GC(88) ParOldGen: 197638K(349696K)->291999K(349696K)
[2026-03-22T17:33:06.316+0900][2.079s][info][gc,metaspace   ] GC(88) Metaspace: 336K(512K)->336K(512K) NonClass: 318K(384K)->318K(384K) Class: 17K(128K)->17K(128K)
[2026-03-22T17:33:06.316+0900][2.079s][info][gc             ] GC(88) Pause Young (Allocation Failure) 352M->295M(501M) 5.393ms
[2026-03-22T17:33:06.316+0900][2.079s][info][gc,cpu         ] GC(88) User=0.00s Sys=0.00s Real=0.01s
[2026-03-22T17:33:06.329+0900][2.094s][info][gc,start       ] GC(89) Pause Full (Ergonomics)
[2026-03-22T17:33:06.329+0900][2.094s][info][gc,phases,start] GC(89) Marking Phase
[2026-03-22T17:33:06.330+0900][2.095s][info][gc,phases      ] GC(89) Marking Phase 0.978ms
[2026-03-22T17:33:06.330+0900][2.095s][info][gc,phases,start] GC(89) Summary Phase
[2026-03-22T17:33:06.330+0900][2.095s][info][gc,phases      ] GC(89) Summary Phase 0.012ms
[2026-03-22T17:33:06.330+0900][2.095s][info][gc,phases,start] GC(89) Adjust Roots
[2026-03-22T17:33:06.331+0900][2.095s][info][gc,phases      ] GC(89) Adjust Roots 0.137ms
[2026-03-22T17:33:06.331+0900][2.095s][info][gc,phases,start] GC(89) Compaction Phase
[2026-03-22T17:33:06.336+0900][2.100s][info][gc,phases      ] GC(89) Compaction Phase 5.015ms
[2026-03-22T17:33:06.336+0900][2.100s][info][gc,phases,start] GC(89) Post Compact
[2026-03-22T17:33:06.337+0900][2.101s][info][gc,phases      ] GC(89) Post Compact 1.371ms
[2026-03-22T17:33:06.337+0900][2.101s][info][gc,heap        ] GC(89) PSYoungGen: 163057K(163840K)->0K(163840K) Eden: 152561K(153088K)->0K(153088K) From: 10496K(10752K)->0K(10752K)
[2026-03-22T17:33:06.337+0900][2.101s][info][gc,heap        ] GC(89) ParOldGen: 291999K(349696K)->103429K(349696K)
[2026-03-22T17:33:06.337+0900][2.101s][info][gc,metaspace   ] GC(89) Metaspace: 336K(512K)->336K(512K) NonClass: 318K(384K)->318K(384K) Class: 17K(128K)->17K(128K)
[2026-03-22T17:33:06.337+0900][2.101s][info][gc             ] GC(89) Pause Full (Ergonomics) 444M->101M(501M) 7.719ms
[2026-03-22T17:33:06.337+0900][2.101s][info][gc,cpu         ] GC(89) User=0.00s Sys=0.00s Real=0.01s
[2026-03-22T17:33:06.351+0900][2.115s][info][gc,start       ] GC(90) Pause Young (Allocation Failure)
[2026-03-22T17:33:06.356+0900][2.120s][info][gc,heap        ] GC(90) PSYoungGen: 152561K(163840K)->10496K(163840K) Eden: 152561K(153088K)->0K(153088K) From: 0K(10752K)->10496K(10752K)
[2026-03-22T17:33:06.356+0900][2.120s][info][gc,heap        ] GC(90) ParOldGen: 103429K(349696K)->197638K(349696K)
[2026-03-22T17:33:06.356+0900][2.120s][info][gc,metaspace   ] GC(90) Metaspace: 336K(512K)->336K(512K) NonClass: 318K(384K)->318K(384K) Class: 17K(128K)->17K(128K)
[2026-03-22T17:33:06.356+0900][2.120s][info][gc             ] GC(90) Pause Young (Allocation Failure) 249M->203M(501M) 4.666ms
[2026-03-22T17:33:06.356+0900][2.120s][info][gc,cpu         ] GC(90) User=0.06s Sys=0.00s Real=0.00s
[2026-03-22T17:33:06.370+0900][2.134s][info][gc,start       ] GC(91) Pause Young (Allocation Failure)
[2026-03-22T17:33:06.375+0900][2.139s][info][gc,heap        ] GC(91) PSYoungGen: 163057K(163840K)->10496K(163840K) Eden: 152561K(153088K)->0K(153088K) From: 10496K(10752K)->10496K(10752K)
[2026-03-22T17:33:06.375+0900][2.139s][info][gc,heap        ] GC(91) ParOldGen: 197638K(349696K)->291999K(349696K)
[2026-03-22T17:33:06.375+0900][2.139s][info][gc,metaspace   ] GC(91) Metaspace: 336K(512K)->336K(512K) NonClass: 318K(384K)->318K(384K) Class: 17K(128K)->17K(128K)
[2026-03-22T17:33:06.375+0900][2.139s][info][gc             ] GC(91) Pause Young (Allocation Failure) 352M->295M(501M) 4.862ms
[2026-03-22T17:33:06.375+0900][2.139s][info][gc,cpu         ] GC(91) User=0.00s Sys=0.00s Real=0.01s
[2026-03-22T17:33:06.389+0900][2.153s][info][gc,start       ] GC(92) Pause Full (Ergonomics)
[2026-03-22T17:33:06.389+0900][2.153s][info][gc,phases,start] GC(92) Marking Phase
[2026-03-22T17:33:06.390+0900][2.154s][info][gc,phases      ] GC(92) Marking Phase 1.011ms
[2026-03-22T17:33:06.390+0900][2.154s][info][gc,phases,start] GC(92) Summary Phase
[2026-03-22T17:33:06.390+0900][2.154s][info][gc,phases      ] GC(92) Summary Phase 0.014ms
[2026-03-22T17:33:06.390+0900][2.154s][info][gc,phases,start] GC(92) Adjust Roots
[2026-03-22T17:33:06.390+0900][2.154s][info][gc,phases      ] GC(92) Adjust Roots 0.149ms
[2026-03-22T17:33:06.390+0900][2.154s][info][gc,phases,start] GC(92) Compaction Phase
[2026-03-22T17:33:06.395+0900][2.159s][info][gc,phases      ] GC(92) Compaction Phase 5.145ms
[2026-03-22T17:33:06.395+0900][2.159s][info][gc,phases,start] GC(92) Post Compact
[2026-03-22T17:33:06.397+0900][2.161s][info][gc,phases      ] GC(92) Post Compact 1.318ms
[2026-03-22T17:33:06.397+0900][2.161s][info][gc,heap        ] GC(92) PSYoungGen: 163057K(163840K)->0K(163840K) Eden: 152561K(153088K)->0K(153088K) From: 10496K(10752K)->0K(10752K)
[2026-03-22T17:33:06.397+0900][2.161s][info][gc,heap        ] GC(92) ParOldGen: 291999K(349696K)->103429K(349696K)
[2026-03-22T17:33:06.397+0900][2.161s][info][gc,metaspace   ] GC(92) Metaspace: 336K(512K)->336K(512K) NonClass: 318K(384K)->318K(384K) Class: 17K(128K)->17K(128K)
[2026-03-22T17:33:06.397+0900][2.161s][info][gc             ] GC(92) Pause Full (Ergonomics) 444M->101M(501M) 8.064ms
[2026-03-22T17:33:06.397+0900][2.161s][info][gc,cpu         ] GC(92) User=0.00s Sys=0.00s Real=0.01s
[2026-03-22T17:33:06.411+0900][2.175s][info][gc,start       ] GC(93) Pause Young (Allocation Failure)
[2026-03-22T17:33:06.416+0900][2.180s][info][gc,heap        ] GC(93) PSYoungGen: 152561K(163840K)->10496K(163840K) Eden: 152561K(153088K)->0K(153088K) From: 0K(10752K)->10496K(10752K)
[2026-03-22T17:33:06.416+0900][2.180s][info][gc,heap        ] GC(93) ParOldGen: 103429K(349696K)->197638K(349696K)
[2026-03-22T17:33:06.416+0900][2.180s][info][gc,metaspace   ] GC(93) Metaspace: 336K(512K)->336K(512K) NonClass: 318K(384K)->318K(384K) Class: 17K(128K)->17K(128K)
[2026-03-22T17:33:06.416+0900][2.180s][info][gc             ] GC(93) Pause Young (Allocation Failure) 249M->203M(501M) 4.687ms
[2026-03-22T17:33:06.416+0900][2.180s][info][gc,cpu         ] GC(93) User=0.00s Sys=0.00s Real=0.00s
[2026-03-22T17:33:06.430+0900][2.194s][info][gc,start       ] GC(94) Pause Young (Allocation Failure)
[2026-03-22T17:33:06.434+0900][2.198s][info][gc,heap        ] GC(94) PSYoungGen: 163057K(163840K)->10496K(163840K) Eden: 152561K(153088K)->0K(153088K) From: 10496K(10752K)->10496K(10752K)
[2026-03-22T17:33:06.434+0900][2.198s][info][gc,heap        ] GC(94) ParOldGen: 197638K(349696K)->291999K(349696K)
[2026-03-22T17:33:06.434+0900][2.198s][info][gc,metaspace   ] GC(94) Metaspace: 336K(512K)->336K(512K) NonClass: 318K(384K)->318K(384K) Class: 17K(128K)->17K(128K)
[2026-03-22T17:33:06.434+0900][2.198s][info][gc             ] GC(94) Pause Young (Allocation Failure) 352M->295M(501M) 4.558ms
[2026-03-22T17:33:06.434+0900][2.198s][info][gc,cpu         ] GC(94) User=0.06s Sys=0.00s Real=0.00s
[2026-03-22T17:33:06.449+0900][2.213s][info][gc,start       ] GC(95) Pause Full (Ergonomics)
[2026-03-22T17:33:06.449+0900][2.213s][info][gc,phases,start] GC(95) Marking Phase
[2026-03-22T17:33:06.450+0900][2.214s][info][gc,phases      ] GC(95) Marking Phase 1.202ms
[2026-03-22T17:33:06.450+0900][2.214s][info][gc,phases,start] GC(95) Summary Phase
[2026-03-22T17:33:06.450+0900][2.214s][info][gc,phases      ] GC(95) Summary Phase 0.025ms
[2026-03-22T17:33:06.450+0900][2.214s][info][gc,phases,start] GC(95) Adjust Roots
[2026-03-22T17:33:06.450+0900][2.214s][info][gc,phases      ] GC(95) Adjust Roots 0.214ms
[2026-03-22T17:33:06.450+0900][2.214s][info][gc,phases,start] GC(95) Compaction Phase
[2026-03-22T17:33:06.456+0900][2.220s][info][gc,phases      ] GC(95) Compaction Phase 5.599ms
[2026-03-22T17:33:06.456+0900][2.220s][info][gc,phases,start] GC(95) Post Compact
[2026-03-22T17:33:06.458+0900][2.221s][info][gc,phases      ] GC(95) Post Compact 1.297ms
[2026-03-22T17:33:06.458+0900][2.221s][info][gc,heap        ] GC(95) PSYoungGen: 163057K(163840K)->0K(163840K) Eden: 152561K(153088K)->0K(153088K) From: 10496K(10752K)->0K(10752K)
[2026-03-22T17:33:06.458+0900][2.221s][info][gc,heap        ] GC(95) ParOldGen: 291999K(349696K)->103429K(349696K)
[2026-03-22T17:33:06.458+0900][2.221s][info][gc,metaspace   ] GC(95) Metaspace: 336K(512K)->336K(512K) NonClass: 318K(384K)->318K(384K) Class: 17K(128K)->17K(128K)
[2026-03-22T17:33:06.458+0900][2.221s][info][gc             ] GC(95) Pause Full (Ergonomics) 444M->101M(501M) 8.740ms
[2026-03-22T17:33:06.458+0900][2.221s][info][gc,cpu         ] GC(95) User=0.00s Sys=0.00s Real=0.01s
[2026-03-22T17:33:06.471+0900][2.235s][info][gc,start       ] GC(96) Pause Young (Allocation Failure)
[2026-03-22T17:33:06.475+0900][2.240s][info][gc,heap        ] GC(96) PSYoungGen: 152561K(163840K)->10496K(163840K) Eden: 152561K(153088K)->0K(153088K) From: 0K(10752K)->10496K(10752K)
[2026-03-22T17:33:06.475+0900][2.240s][info][gc,heap        ] GC(96) ParOldGen: 103429K(349696K)->197638K(349696K)
[2026-03-22T17:33:06.475+0900][2.240s][info][gc,metaspace   ] GC(96) Metaspace: 336K(512K)->336K(512K) NonClass: 318K(384K)->318K(384K) Class: 17K(128K)->17K(128K)
[2026-03-22T17:33:06.475+0900][2.240s][info][gc             ] GC(96) Pause Young (Allocation Failure) 249M->203M(501M) 4.508ms
[2026-03-22T17:33:06.475+0900][2.240s][info][gc,cpu         ] GC(96) User=0.00s Sys=0.00s Real=0.00s
[2026-03-22T17:33:06.489+0900][2.254s][info][gc,start       ] GC(97) Pause Young (Allocation Failure)
[2026-03-22T17:33:06.494+0900][2.258s][info][gc,heap        ] GC(97) PSYoungGen: 163057K(163840K)->10496K(163840K) Eden: 152561K(153088K)->0K(153088K) From: 10496K(10752K)->10496K(10752K)
[2026-03-22T17:33:06.494+0900][2.258s][info][gc,heap        ] GC(97) ParOldGen: 197638K(349696K)->291999K(349696K)
[2026-03-22T17:33:06.494+0900][2.258s][info][gc,metaspace   ] GC(97) Metaspace: 336K(512K)->336K(512K) NonClass: 318K(384K)->318K(384K) Class: 17K(128K)->17K(128K)
[2026-03-22T17:33:06.494+0900][2.258s][info][gc             ] GC(97) Pause Young (Allocation Failure) 352M->295M(501M) 4.479ms
[2026-03-22T17:33:06.494+0900][2.258s][info][gc,cpu         ] GC(97) User=0.06s Sys=0.00s Real=0.00s
[2026-03-22T17:33:06.508+0900][2.272s][info][gc,start       ] GC(98) Pause Full (Ergonomics)
[2026-03-22T17:33:06.508+0900][2.272s][info][gc,phases,start] GC(98) Marking Phase
[2026-03-22T17:33:06.509+0900][2.273s][info][gc,phases      ] GC(98) Marking Phase 1.063ms
[2026-03-22T17:33:06.509+0900][2.274s][info][gc,phases,start] GC(98) Summary Phase
[2026-03-22T17:33:06.509+0900][2.274s][info][gc,phases      ] GC(98) Summary Phase 0.015ms
[2026-03-22T17:33:06.509+0900][2.274s][info][gc,phases,start] GC(98) Adjust Roots
[2026-03-22T17:33:06.509+0900][2.274s][info][gc,phases      ] GC(98) Adjust Roots 0.237ms
[2026-03-22T17:33:06.509+0900][2.274s][info][gc,phases,start] GC(98) Compaction Phase
[2026-03-22T17:33:06.517+0900][2.281s][info][gc,phases      ] GC(98) Compaction Phase 7.299ms
[2026-03-22T17:33:06.517+0900][2.281s][info][gc,phases,start] GC(98) Post Compact
[2026-03-22T17:33:06.518+0900][2.283s][info][gc,phases      ] GC(98) Post Compact 1.324ms
[2026-03-22T17:33:06.519+0900][2.283s][info][gc,heap        ] GC(98) PSYoungGen: 163057K(163840K)->0K(163840K) Eden: 152561K(153088K)->0K(153088K) From: 10496K(10752K)->0K(10752K)
[2026-03-22T17:33:06.519+0900][2.283s][info][gc,heap        ] GC(98) ParOldGen: 291999K(349696K)->103429K(349696K)
[2026-03-22T17:33:06.519+0900][2.283s][info][gc,metaspace   ] GC(98) Metaspace: 336K(512K)->336K(512K) NonClass: 318K(384K)->318K(384K) Class: 17K(128K)->17K(128K)
[2026-03-22T17:33:06.519+0900][2.283s][info][gc             ] GC(98) Pause Full (Ergonomics) 444M->101M(501M) 10.233ms
[2026-03-22T17:33:06.519+0900][2.283s][info][gc,cpu         ] GC(98) User=0.00s Sys=0.00s Real=0.01s
[2026-03-22T17:33:06.533+0900][2.297s][info][gc,start       ] GC(99) Pause Young (Allocation Failure)
[2026-03-22T17:33:06.538+0900][2.302s][info][gc,heap        ] GC(99) PSYoungGen: 152561K(163840K)->10496K(163840K) Eden: 152561K(153088K)->0K(153088K) From: 0K(10752K)->10496K(10752K)
[2026-03-22T17:33:06.538+0900][2.302s][info][gc,heap        ] GC(99) ParOldGen: 103429K(349696K)->197638K(349696K)
[2026-03-22T17:33:06.538+0900][2.302s][info][gc,metaspace   ] GC(99) Metaspace: 336K(512K)->336K(512K) NonClass: 318K(384K)->318K(384K) Class: 17K(128K)->17K(128K)
[2026-03-22T17:33:06.538+0900][2.302s][info][gc             ] GC(99) Pause Young (Allocation Failure) 249M->203M(501M) 4.468ms
[2026-03-22T17:33:06.538+0900][2.302s][info][gc,cpu         ] GC(99) User=0.00s Sys=0.00s Real=0.01s
[2026-03-22T17:33:06.552+0900][2.316s][info][gc,start       ] GC(100) Pause Young (Allocation Failure)
[2026-03-22T17:33:06.557+0900][2.321s][info][gc,heap        ] GC(100) PSYoungGen: 163057K(163840K)->10496K(163840K) Eden: 152561K(153088K)->0K(153088K) From: 10496K(10752K)->10496K(10752K)
[2026-03-22T17:33:06.557+0900][2.321s][info][gc,heap        ] GC(100) ParOldGen: 197638K(349696K)->291999K(349696K)
[2026-03-22T17:33:06.557+0900][2.321s][info][gc,metaspace   ] GC(100) Metaspace: 336K(512K)->336K(512K) NonClass: 318K(384K)->318K(384K) Class: 17K(128K)->17K(128K)
[2026-03-22T17:33:06.557+0900][2.321s][info][gc             ] GC(100) Pause Young (Allocation Failure) 352M->295M(501M) 4.645ms
[2026-03-22T17:33:06.557+0900][2.321s][info][gc,cpu         ] GC(100) User=0.06s Sys=0.00s Real=0.00s
[2026-03-22T17:33:06.570+0900][2.334s][info][gc,start       ] GC(101) Pause Full (Ergonomics)
[2026-03-22T17:33:06.570+0900][2.335s][info][gc,phases,start] GC(101) Marking Phase
[2026-03-22T17:33:06.572+0900][2.336s][info][gc,phases      ] GC(101) Marking Phase 1.149ms
[2026-03-22T17:33:06.572+0900][2.336s][info][gc,phases,start] GC(101) Summary Phase
[2026-03-22T17:33:06.572+0900][2.336s][info][gc,phases      ] GC(101) Summary Phase 0.013ms
[2026-03-22T17:33:06.572+0900][2.336s][info][gc,phases,start] GC(101) Adjust Roots
[2026-03-22T17:33:06.572+0900][2.336s][info][gc,phases      ] GC(101) Adjust Roots 0.157ms
[2026-03-22T17:33:06.572+0900][2.336s][info][gc,phases,start] GC(101) Compaction Phase
[2026-03-22T17:33:06.577+0900][2.341s][info][gc,phases      ] GC(101) Compaction Phase 5.151ms
[2026-03-22T17:33:06.577+0900][2.341s][info][gc,phases,start] GC(101) Post Compact
[2026-03-22T17:33:06.578+0900][2.342s][info][gc,phases      ] GC(101) Post Compact 1.321ms
[2026-03-22T17:33:06.578+0900][2.342s][info][gc,heap        ] GC(101) PSYoungGen: 163057K(163840K)->0K(163840K) Eden: 152561K(153088K)->0K(153088K) From: 10496K(10752K)->0K(10752K)
[2026-03-22T17:33:06.578+0900][2.342s][info][gc,heap        ] GC(101) ParOldGen: 291999K(349696K)->103429K(349696K)
[2026-03-22T17:33:06.578+0900][2.342s][info][gc,metaspace   ] GC(101) Metaspace: 336K(512K)->336K(512K) NonClass: 318K(384K)->318K(384K) Class: 17K(128K)->17K(128K)
[2026-03-22T17:33:06.578+0900][2.342s][info][gc             ] GC(101) Pause Full (Ergonomics) 444M->101M(501M) 7.984ms
[2026-03-22T17:33:06.578+0900][2.342s][info][gc,cpu         ] GC(101) User=0.02s Sys=0.00s Real=0.01s
[2026-03-22T17:33:06.592+0900][2.357s][info][gc,start       ] GC(102) Pause Young (Allocation Failure)
[2026-03-22T17:33:06.597+0900][2.361s][info][gc,heap        ] GC(102) PSYoungGen: 152561K(163840K)->10496K(163840K) Eden: 152561K(153088K)->0K(153088K) From: 0K(10752K)->10496K(10752K)
[2026-03-22T17:33:06.597+0900][2.361s][info][gc,heap        ] GC(102) ParOldGen: 103429K(349696K)->197638K(349696K)
[2026-03-22T17:33:06.597+0900][2.361s][info][gc,metaspace   ] GC(102) Metaspace: 336K(512K)->336K(512K) NonClass: 318K(384K)->318K(384K) Class: 17K(128K)->17K(128K)
[2026-03-22T17:33:06.597+0900][2.361s][info][gc             ] GC(102) Pause Young (Allocation Failure) 249M->203M(501M) 4.631ms
[2026-03-22T17:33:06.597+0900][2.361s][info][gc,cpu         ] GC(102) User=0.00s Sys=0.00s Real=0.00s
[2026-03-22T17:33:06.612+0900][2.376s][info][gc,start       ] GC(103) Pause Young (Allocation Failure)
[2026-03-22T17:33:06.616+0900][2.380s][info][gc,heap        ] GC(103) PSYoungGen: 163057K(163840K)->10496K(163840K) Eden: 152561K(153088K)->0K(153088K) From: 10496K(10752K)->10496K(10752K)
[2026-03-22T17:33:06.616+0900][2.380s][info][gc,heap        ] GC(103) ParOldGen: 197638K(349696K)->291999K(349696K)
[2026-03-22T17:33:06.616+0900][2.380s][info][gc,metaspace   ] GC(103) Metaspace: 336K(512K)->336K(512K) NonClass: 318K(384K)->318K(384K) Class: 17K(128K)->17K(128K)
[2026-03-22T17:33:06.616+0900][2.380s][info][gc             ] GC(103) Pause Young (Allocation Failure) 352M->295M(501M) 4.535ms
[2026-03-22T17:33:06.616+0900][2.380s][info][gc,cpu         ] GC(103) User=0.00s Sys=0.00s Real=0.00s
[2026-03-22T17:33:06.630+0900][2.394s][info][gc,start       ] GC(104) Pause Full (Ergonomics)
[2026-03-22T17:33:06.630+0900][2.394s][info][gc,phases,start] GC(104) Marking Phase
[2026-03-22T17:33:06.631+0900][2.395s][info][gc,phases      ] GC(104) Marking Phase 0.941ms
[2026-03-22T17:33:06.631+0900][2.395s][info][gc,phases,start] GC(104) Summary Phase
[2026-03-22T17:33:06.631+0900][2.395s][info][gc,phases      ] GC(104) Summary Phase 0.013ms
[2026-03-22T17:33:06.631+0900][2.395s][info][gc,phases,start] GC(104) Adjust Roots
[2026-03-22T17:33:06.631+0900][2.395s][info][gc,phases      ] GC(104) Adjust Roots 0.139ms
[2026-03-22T17:33:06.631+0900][2.395s][info][gc,phases,start] GC(104) Compaction Phase
[2026-03-22T17:33:06.636+0900][2.400s][info][gc,phases      ] GC(104) Compaction Phase 5.276ms
[2026-03-22T17:33:06.636+0900][2.401s][info][gc,phases,start] GC(104) Post Compact
[2026-03-22T17:33:06.638+0900][2.402s][info][gc,phases      ] GC(104) Post Compact 1.350ms
[2026-03-22T17:33:06.638+0900][2.402s][info][gc,heap        ] GC(104) PSYoungGen: 163057K(163840K)->0K(163840K) Eden: 152561K(153088K)->0K(153088K) From: 10496K(10752K)->0K(10752K)
[2026-03-22T17:33:06.638+0900][2.402s][info][gc,heap        ] GC(104) ParOldGen: 291999K(349696K)->103429K(349696K)
[2026-03-22T17:33:06.638+0900][2.402s][info][gc,metaspace   ] GC(104) Metaspace: 336K(512K)->336K(512K) NonClass: 318K(384K)->318K(384K) Class: 17K(128K)->17K(128K)
[2026-03-22T17:33:06.638+0900][2.402s][info][gc             ] GC(104) Pause Full (Ergonomics) 444M->101M(501M) 7.920ms
[2026-03-22T17:33:06.638+0900][2.402s][info][gc,cpu         ] GC(104) User=0.06s Sys=0.00s Real=0.01s
[2026-03-22T17:33:06.652+0900][2.416s][info][gc,start       ] GC(105) Pause Young (Allocation Failure)
[2026-03-22T17:33:06.656+0900][2.421s][info][gc,heap        ] GC(105) PSYoungGen: 152561K(163840K)->10496K(163840K) Eden: 152561K(153088K)->0K(153088K) From: 0K(10752K)->10496K(10752K)
[2026-03-22T17:33:06.656+0900][2.421s][info][gc,heap        ] GC(105) ParOldGen: 103429K(349696K)->197638K(349696K)
[2026-03-22T17:33:06.656+0900][2.421s][info][gc,metaspace   ] GC(105) Metaspace: 336K(512K)->336K(512K) NonClass: 318K(384K)->318K(384K) Class: 17K(128K)->17K(128K)
[2026-03-22T17:33:06.656+0900][2.421s][info][gc             ] GC(105) Pause Young (Allocation Failure) 249M->203M(501M) 5.040ms
[2026-03-22T17:33:06.656+0900][2.421s][info][gc,cpu         ] GC(105) User=0.00s Sys=0.00s Real=0.00s
[2026-03-22T17:33:06.671+0900][2.434s][info][gc,start       ] GC(106) Pause Young (Allocation Failure)
[2026-03-22T17:33:06.675+0900][2.440s][info][gc,heap        ] GC(106) PSYoungGen: 163057K(163840K)->10496K(163840K) Eden: 152561K(153088K)->0K(153088K) From: 10496K(10752K)->10496K(10752K)
[2026-03-22T17:33:06.676+0900][2.440s][info][gc,heap        ] GC(106) ParOldGen: 197638K(349696K)->291999K(349696K)
[2026-03-22T17:33:06.676+0900][2.440s][info][gc,metaspace   ] GC(106) Metaspace: 336K(512K)->336K(512K) NonClass: 318K(384K)->318K(384K) Class: 17K(128K)->17K(128K)
[2026-03-22T17:33:06.676+0900][2.440s][info][gc             ] GC(106) Pause Young (Allocation Failure) 352M->295M(501M) 5.397ms
[2026-03-22T17:33:06.676+0900][2.440s][info][gc,cpu         ] GC(106) User=0.00s Sys=0.00s Real=0.01s
[2026-03-22T17:33:06.691+0900][2.455s][info][gc,start       ] GC(107) Pause Full (Ergonomics)
[2026-03-22T17:33:06.691+0900][2.455s][info][gc,phases,start] GC(107) Marking Phase
[2026-03-22T17:33:06.692+0900][2.456s][info][gc,phases      ] GC(107) Marking Phase 0.982ms
[2026-03-22T17:33:06.692+0900][2.456s][info][gc,phases,start] GC(107) Summary Phase
[2026-03-22T17:33:06.692+0900][2.456s][info][gc,phases      ] GC(107) Summary Phase 0.013ms
[2026-03-22T17:33:06.692+0900][2.456s][info][gc,phases,start] GC(107) Adjust Roots
[2026-03-22T17:33:06.692+0900][2.456s][info][gc,phases      ] GC(107) Adjust Roots 0.275ms
[2026-03-22T17:33:06.692+0900][2.456s][info][gc,phases,start] GC(107) Compaction Phase
[2026-03-22T17:33:06.698+0900][2.463s][info][gc,phases      ] GC(107) Compaction Phase 6.481ms
[2026-03-22T17:33:06.698+0900][2.463s][info][gc,phases,start] GC(107) Post Compact
[2026-03-22T17:33:06.700+0900][2.464s][info][gc,phases      ] GC(107) Post Compact 1.370ms
[2026-03-22T17:33:06.700+0900][2.464s][info][gc,heap        ] GC(107) PSYoungGen: 163057K(163840K)->0K(163840K) Eden: 152561K(153088K)->0K(153088K) From: 10496K(10752K)->0K(10752K)
[2026-03-22T17:33:06.700+0900][2.464s][info][gc,heap        ] GC(107) ParOldGen: 291999K(349696K)->103429K(349696K)
[2026-03-22T17:33:06.700+0900][2.464s][info][gc,metaspace   ] GC(107) Metaspace: 336K(512K)->336K(512K) NonClass: 318K(384K)->318K(384K) Class: 17K(128K)->17K(128K)
[2026-03-22T17:33:06.700+0900][2.464s][info][gc             ] GC(107) Pause Full (Ergonomics) 444M->101M(501M) 9.411ms
[2026-03-22T17:33:06.700+0900][2.464s][info][gc,cpu         ] GC(107) User=0.06s Sys=0.00s Real=0.01s
[2026-03-22T17:33:06.717+0900][2.480s][info][gc,start       ] GC(108) Pause Young (Allocation Failure)
[2026-03-22T17:33:06.722+0900][2.485s][info][gc,heap        ] GC(108) PSYoungGen: 152561K(163840K)->10496K(163840K) Eden: 152561K(153088K)->0K(153088K) From: 0K(10752K)->10496K(10752K)
[2026-03-22T17:33:06.722+0900][2.485s][info][gc,heap        ] GC(108) ParOldGen: 103429K(349696K)->197638K(349696K)
[2026-03-22T17:33:06.722+0900][2.485s][info][gc,metaspace   ] GC(108) Metaspace: 336K(512K)->336K(512K) NonClass: 318K(384K)->318K(384K) Class: 17K(128K)->17K(128K)
[2026-03-22T17:33:06.722+0900][2.486s][info][gc             ] GC(108) Pause Young (Allocation Failure) 249M->203M(501M) 5.200ms
[2026-03-22T17:33:06.722+0900][2.486s][info][gc,cpu         ] GC(108) User=0.00s Sys=0.00s Real=0.00s
[2026-03-22T17:33:06.737+0900][2.501s][info][gc,start       ] GC(109) Pause Young (Allocation Failure)
[2026-03-22T17:33:06.742+0900][2.505s][info][gc,heap        ] GC(109) PSYoungGen: 163057K(163840K)->10496K(163840K) Eden: 152561K(153088K)->0K(153088K) From: 10496K(10752K)->10496K(10752K)
[2026-03-22T17:33:06.742+0900][2.505s][info][gc,heap        ] GC(109) ParOldGen: 197638K(349696K)->291999K(349696K)
[2026-03-22T17:33:06.742+0900][2.505s][info][gc,metaspace   ] GC(109) Metaspace: 336K(512K)->336K(512K) NonClass: 318K(384K)->318K(384K) Class: 17K(128K)->17K(128K)
[2026-03-22T17:33:06.742+0900][2.505s][info][gc             ] GC(109) Pause Young (Allocation Failure) 352M->295M(501M) 4.877ms
[2026-03-22T17:33:06.742+0900][2.505s][info][gc,cpu         ] GC(109) User=0.00s Sys=0.00s Real=0.01s
[2026-03-22T17:33:06.756+0900][2.520s][info][gc,start       ] GC(110) Pause Full (Ergonomics)
[2026-03-22T17:33:06.756+0900][2.520s][info][gc,phases,start] GC(110) Marking Phase
[2026-03-22T17:33:06.758+0900][2.522s][info][gc,phases      ] GC(110) Marking Phase 1.064ms
[2026-03-22T17:33:06.758+0900][2.522s][info][gc,phases,start] GC(110) Summary Phase
[2026-03-22T17:33:06.758+0900][2.522s][info][gc,phases      ] GC(110) Summary Phase 0.026ms
[2026-03-22T17:33:06.758+0900][2.522s][info][gc,phases,start] GC(110) Adjust Roots
[2026-03-22T17:33:06.758+0900][2.522s][info][gc,phases      ] GC(110) Adjust Roots 0.191ms
[2026-03-22T17:33:06.758+0900][2.522s][info][gc,phases,start] GC(110) Compaction Phase
[2026-03-22T17:33:06.764+0900][2.528s][info][gc,phases      ] GC(110) Compaction Phase 6.378ms
[2026-03-22T17:33:06.764+0900][2.528s][info][gc,phases,start] GC(110) Post Compact
[2026-03-22T17:33:06.766+0900][2.530s][info][gc,phases      ] GC(110) Post Compact 1.488ms
[2026-03-22T17:33:06.766+0900][2.530s][info][gc,heap        ] GC(110) PSYoungGen: 163057K(163840K)->0K(163840K) Eden: 152561K(153088K)->0K(153088K) From: 10496K(10752K)->0K(10752K)
[2026-03-22T17:33:06.766+0900][2.530s][info][gc,heap        ] GC(110) ParOldGen: 291999K(349696K)->103429K(349696K)
[2026-03-22T17:33:06.766+0900][2.530s][info][gc,metaspace   ] GC(110) Metaspace: 336K(512K)->336K(512K) NonClass: 318K(384K)->318K(384K) Class: 17K(128K)->17K(128K)
[2026-03-22T17:33:06.766+0900][2.530s][info][gc             ] GC(110) Pause Full (Ergonomics) 444M->101M(501M) 9.473ms
[2026-03-22T17:33:06.766+0900][2.530s][info][gc,cpu         ] GC(110) User=0.06s Sys=0.00s Real=0.01s
[2026-03-22T17:33:06.781+0900][2.544s][info][gc,start       ] GC(111) Pause Young (Allocation Failure)
[2026-03-22T17:33:06.785+0900][2.549s][info][gc,heap        ] GC(111) PSYoungGen: 152561K(163840K)->10496K(163840K) Eden: 152561K(153088K)->0K(153088K) From: 0K(10752K)->10496K(10752K)
[2026-03-22T17:33:06.785+0900][2.549s][info][gc,heap        ] GC(111) ParOldGen: 103429K(349696K)->197638K(349696K)
[2026-03-22T17:33:06.785+0900][2.549s][info][gc,metaspace   ] GC(111) Metaspace: 336K(512K)->336K(512K) NonClass: 318K(384K)->318K(384K) Class: 17K(128K)->17K(128K)
[2026-03-22T17:33:06.785+0900][2.549s][info][gc             ] GC(111) Pause Young (Allocation Failure) 249M->203M(501M) 4.654ms
[2026-03-22T17:33:06.785+0900][2.549s][info][gc,cpu         ] GC(111) User=0.00s Sys=0.00s Real=0.00s
[2026-03-22T17:33:06.800+0900][2.563s][info][gc,start       ] GC(112) Pause Young (Allocation Failure)
[2026-03-22T17:33:06.804+0900][2.568s][info][gc,heap        ] GC(112) PSYoungGen: 163057K(163840K)->10496K(163840K) Eden: 152561K(153088K)->0K(153088K) From: 10496K(10752K)->10496K(10752K)
[2026-03-22T17:33:06.804+0900][2.568s][info][gc,heap        ] GC(112) ParOldGen: 197638K(349696K)->291999K(349696K)
[2026-03-22T17:33:06.804+0900][2.568s][info][gc,metaspace   ] GC(112) Metaspace: 336K(512K)->336K(512K) NonClass: 318K(384K)->318K(384K) Class: 17K(128K)->17K(128K)
[2026-03-22T17:33:06.804+0900][2.568s][info][gc             ] GC(112) Pause Young (Allocation Failure) 352M->295M(501M) 4.771ms
[2026-03-22T17:33:06.804+0900][2.568s][info][gc,cpu         ] GC(112) User=0.00s Sys=0.00s Real=0.00s
[2026-03-22T17:33:06.819+0900][2.583s][info][gc,start       ] GC(113) Pause Full (Ergonomics)
[2026-03-22T17:33:06.819+0900][2.583s][info][gc,phases,start] GC(113) Marking Phase
[2026-03-22T17:33:06.819+0900][2.584s][info][gc,phases      ] GC(113) Marking Phase 0.951ms
[2026-03-22T17:33:06.819+0900][2.584s][info][gc,phases,start] GC(113) Summary Phase
[2026-03-22T17:33:06.819+0900][2.584s][info][gc,phases      ] GC(113) Summary Phase 0.014ms
[2026-03-22T17:33:06.819+0900][2.584s][info][gc,phases,start] GC(113) Adjust Roots
[2026-03-22T17:33:06.820+0900][2.584s][info][gc,phases      ] GC(113) Adjust Roots 0.169ms
[2026-03-22T17:33:06.820+0900][2.584s][info][gc,phases,start] GC(113) Compaction Phase
[2026-03-22T17:33:06.826+0900][2.590s][info][gc,phases      ] GC(113) Compaction Phase 5.921ms
[2026-03-22T17:33:06.826+0900][2.590s][info][gc,phases,start] GC(113) Post Compact
[2026-03-22T17:33:06.827+0900][2.591s][info][gc,phases      ] GC(113) Post Compact 1.402ms
[2026-03-22T17:33:06.827+0900][2.592s][info][gc,heap        ] GC(113) PSYoungGen: 163057K(163840K)->0K(163840K) Eden: 152561K(153088K)->0K(153088K) From: 10496K(10752K)->0K(10752K)
[2026-03-22T17:33:06.827+0900][2.592s][info][gc,heap        ] GC(113) ParOldGen: 291999K(349696K)->103429K(349696K)
[2026-03-22T17:33:06.827+0900][2.592s][info][gc,metaspace   ] GC(113) Metaspace: 336K(512K)->336K(512K) NonClass: 318K(384K)->318K(384K) Class: 17K(128K)->17K(128K)
[2026-03-22T17:33:06.827+0900][2.592s][info][gc             ] GC(113) Pause Full (Ergonomics) 444M->101M(501M) 8.700ms
[2026-03-22T17:33:06.827+0900][2.592s][info][gc,cpu         ] GC(113) User=0.05s Sys=0.00s Real=0.01s
[2026-03-22T17:33:06.842+0900][2.606s][info][gc,start       ] GC(114) Pause Young (Allocation Failure)
[2026-03-22T17:33:06.847+0900][2.611s][info][gc,heap        ] GC(114) PSYoungGen: 152561K(163840K)->10496K(163840K) Eden: 152561K(153088K)->0K(153088K) From: 0K(10752K)->10496K(10752K)
[2026-03-22T17:33:06.847+0900][2.611s][info][gc,heap        ] GC(114) ParOldGen: 103429K(349696K)->197638K(349696K)
[2026-03-22T17:33:06.847+0900][2.611s][info][gc,metaspace   ] GC(114) Metaspace: 336K(512K)->336K(512K) NonClass: 318K(384K)->318K(384K) Class: 17K(128K)->17K(128K)
[2026-03-22T17:33:06.847+0900][2.611s][info][gc             ] GC(114) Pause Young (Allocation Failure) 249M->203M(501M) 4.822ms
[2026-03-22T17:33:06.847+0900][2.611s][info][gc,cpu         ] GC(114) User=0.00s Sys=0.00s Real=0.00s
[2026-03-22T17:33:06.861+0900][2.625s][info][gc,start       ] GC(115) Pause Young (Allocation Failure)
[2026-03-22T17:33:06.865+0900][2.629s][info][gc,heap        ] GC(115) PSYoungGen: 163057K(163840K)->10496K(163840K) Eden: 152561K(153088K)->0K(153088K) From: 10496K(10752K)->10496K(10752K)
[2026-03-22T17:33:06.865+0900][2.629s][info][gc,heap        ] GC(115) ParOldGen: 197638K(349696K)->291999K(349696K)
[2026-03-22T17:33:06.865+0900][2.629s][info][gc,metaspace   ] GC(115) Metaspace: 336K(512K)->336K(512K) NonClass: 318K(384K)->318K(384K) Class: 17K(128K)->17K(128K)
[2026-03-22T17:33:06.865+0900][2.630s][info][gc             ] GC(115) Pause Young (Allocation Failure) 352M->295M(501M) 4.578ms
[2026-03-22T17:33:06.865+0900][2.630s][info][gc,cpu         ] GC(115) User=0.00s Sys=0.00s Real=0.00s
[2026-03-22T17:33:06.880+0900][2.644s][info][gc,start       ] GC(116) Pause Full (Ergonomics)
[2026-03-22T17:33:06.880+0900][2.644s][info][gc,phases,start] GC(116) Marking Phase
[2026-03-22T17:33:06.881+0900][2.645s][info][gc,phases      ] GC(116) Marking Phase 1.234ms
[2026-03-22T17:33:06.881+0900][2.645s][info][gc,phases,start] GC(116) Summary Phase
[2026-03-22T17:33:06.881+0900][2.645s][info][gc,phases      ] GC(116) Summary Phase 0.013ms
[2026-03-22T17:33:06.881+0900][2.645s][info][gc,phases,start] GC(116) Adjust Roots
[2026-03-22T17:33:06.881+0900][2.645s][info][gc,phases      ] GC(116) Adjust Roots 0.155ms
[2026-03-22T17:33:06.881+0900][2.645s][info][gc,phases,start] GC(116) Compaction Phase
[2026-03-22T17:33:06.887+0900][2.650s][info][gc,phases      ] GC(116) Compaction Phase 5.180ms
[2026-03-22T17:33:06.887+0900][2.650s][info][gc,phases,start] GC(116) Post Compact
[2026-03-22T17:33:06.888+0900][2.652s][info][gc,phases      ] GC(116) Post Compact 1.362ms
[2026-03-22T17:33:06.888+0900][2.652s][info][gc,heap        ] GC(116) PSYoungGen: 163057K(163840K)->0K(163840K) Eden: 152561K(153088K)->0K(153088K) From: 10496K(10752K)->0K(10752K)
[2026-03-22T17:33:06.888+0900][2.652s][info][gc,heap        ] GC(116) ParOldGen: 291999K(349696K)->103429K(349696K)
[2026-03-22T17:33:06.888+0900][2.652s][info][gc,metaspace   ] GC(116) Metaspace: 336K(512K)->336K(512K) NonClass: 318K(384K)->318K(384K) Class: 17K(128K)->17K(128K)
[2026-03-22T17:33:06.888+0900][2.652s][info][gc             ] GC(116) Pause Full (Ergonomics) 444M->101M(501M) 8.177ms
[2026-03-22T17:33:06.888+0900][2.652s][info][gc,cpu         ] GC(116) User=0.05s Sys=0.02s Real=0.01s
[2026-03-22T17:33:06.902+0900][2.666s][info][gc,start       ] GC(117) Pause Young (Allocation Failure)
[2026-03-22T17:33:06.907+0900][2.671s][info][gc,heap        ] GC(117) PSYoungGen: 152561K(163840K)->10496K(163840K) Eden: 152561K(153088K)->0K(153088K) From: 0K(10752K)->10496K(10752K)
[2026-03-22T17:33:06.907+0900][2.671s][info][gc,heap        ] GC(117) ParOldGen: 103429K(349696K)->197638K(349696K)
[2026-03-22T17:33:06.907+0900][2.671s][info][gc,metaspace   ] GC(117) Metaspace: 336K(512K)->336K(512K) NonClass: 318K(384K)->318K(384K) Class: 17K(128K)->17K(128K)
[2026-03-22T17:33:06.907+0900][2.671s][info][gc             ] GC(117) Pause Young (Allocation Failure) 249M->203M(501M) 5.022ms
[2026-03-22T17:33:06.907+0900][2.671s][info][gc,cpu         ] GC(117) User=0.00s Sys=0.00s Real=0.01s
[2026-03-22T17:33:06.923+0900][2.687s][info][gc,start       ] GC(118) Pause Young (Allocation Failure)
[2026-03-22T17:33:06.927+0900][2.692s][info][gc,heap        ] GC(118) PSYoungGen: 163057K(163840K)->10496K(163840K) Eden: 152561K(153088K)->0K(153088K) From: 10496K(10752K)->10496K(10752K)
[2026-03-22T17:33:06.928+0900][2.692s][info][gc,heap        ] GC(118) ParOldGen: 197638K(349696K)->291999K(349696K)
[2026-03-22T17:33:06.928+0900][2.692s][info][gc,metaspace   ] GC(118) Metaspace: 336K(512K)->336K(512K) NonClass: 318K(384K)->318K(384K) Class: 17K(128K)->17K(128K)
[2026-03-22T17:33:06.928+0900][2.692s][info][gc             ] GC(118) Pause Young (Allocation Failure) 352M->295M(501M) 5.022ms
[2026-03-22T17:33:06.928+0900][2.692s][info][gc,cpu         ] GC(118) User=0.00s Sys=0.00s Real=0.00s
[2026-03-22T17:33:06.942+0900][2.706s][info][gc,start       ] GC(119) Pause Full (Ergonomics)
[2026-03-22T17:33:06.942+0900][2.706s][info][gc,phases,start] GC(119) Marking Phase
[2026-03-22T17:33:06.942+0900][2.707s][info][gc,phases      ] GC(119) Marking Phase 0.873ms
[2026-03-22T17:33:06.942+0900][2.707s][info][gc,phases,start] GC(119) Summary Phase
[2026-03-22T17:33:06.942+0900][2.707s][info][gc,phases      ] GC(119) Summary Phase 0.014ms
[2026-03-22T17:33:06.942+0900][2.707s][info][gc,phases,start] GC(119) Adjust Roots
[2026-03-22T17:33:06.944+0900][2.707s][info][gc,phases      ] GC(119) Adjust Roots 0.142ms
[2026-03-22T17:33:06.944+0900][2.707s][info][gc,phases,start] GC(119) Compaction Phase
[2026-03-22T17:33:06.949+0900][2.713s][info][gc,phases      ] GC(119) Compaction Phase 5.872ms
[2026-03-22T17:33:06.949+0900][2.713s][info][gc,phases,start] GC(119) Post Compact
[2026-03-22T17:33:06.950+0900][2.715s][info][gc,phases      ] GC(119) Post Compact 1.365ms
[2026-03-22T17:33:06.950+0900][2.715s][info][gc,heap        ] GC(119) PSYoungGen: 163057K(163840K)->0K(163840K) Eden: 152561K(153088K)->0K(153088K) From: 10496K(10752K)->0K(10752K)
[2026-03-22T17:33:06.950+0900][2.715s][info][gc,heap        ] GC(119) ParOldGen: 291999K(349696K)->103429K(349696K)
[2026-03-22T17:33:06.950+0900][2.715s][info][gc,metaspace   ] GC(119) Metaspace: 336K(512K)->336K(512K) NonClass: 318K(384K)->318K(384K) Class: 17K(128K)->17K(128K)
[2026-03-22T17:33:06.950+0900][2.715s][info][gc             ] GC(119) Pause Full (Ergonomics) 444M->101M(501M) 8.587ms
[2026-03-22T17:33:06.950+0900][2.715s][info][gc,cpu         ] GC(119) User=0.06s Sys=0.00s Real=0.01s
[2026-03-22T17:33:06.965+0900][2.729s][info][gc,start       ] GC(120) Pause Young (Allocation Failure)
[2026-03-22T17:33:06.969+0900][2.733s][info][gc,heap        ] GC(120) PSYoungGen: 152561K(163840K)->10496K(163840K) Eden: 152561K(153088K)->0K(153088K) From: 0K(10752K)->10496K(10752K)
[2026-03-22T17:33:06.969+0900][2.734s][info][gc,heap        ] GC(120) ParOldGen: 103429K(349696K)->197638K(349696K)
[2026-03-22T17:33:06.969+0900][2.734s][info][gc,metaspace   ] GC(120) Metaspace: 336K(512K)->336K(512K) NonClass: 318K(384K)->318K(384K) Class: 17K(128K)->17K(128K)
[2026-03-22T17:33:06.969+0900][2.734s][info][gc             ] GC(120) Pause Young (Allocation Failure) 249M->203M(501M) 4.613ms
[2026-03-22T17:33:06.969+0900][2.734s][info][gc,cpu         ] GC(120) User=0.00s Sys=0.00s Real=0.00s
[2026-03-22T17:33:06.984+0900][2.748s][info][gc,start       ] GC(121) Pause Young (Allocation Failure)
[2026-03-22T17:33:06.988+0900][2.752s][info][gc,heap        ] GC(121) PSYoungGen: 163057K(163840K)->10496K(163840K) Eden: 152561K(153088K)->0K(153088K) From: 10496K(10752K)->10496K(10752K)
[2026-03-22T17:33:06.988+0900][2.752s][info][gc,heap        ] GC(121) ParOldGen: 197638K(349696K)->291999K(349696K)
[2026-03-22T17:33:06.988+0900][2.752s][info][gc,metaspace   ] GC(121) Metaspace: 336K(512K)->336K(512K) NonClass: 318K(384K)->318K(384K) Class: 17K(128K)->17K(128K)
[2026-03-22T17:33:06.988+0900][2.752s][info][gc             ] GC(121) Pause Young (Allocation Failure) 352M->295M(501M) 4.640ms
[2026-03-22T17:33:06.988+0900][2.752s][info][gc,cpu         ] GC(121) User=0.00s Sys=0.00s Real=0.00s
[2026-03-22T17:33:07.003+0900][2.767s][info][gc,start       ] GC(122) Pause Full (Ergonomics)
[2026-03-22T17:33:07.003+0900][2.767s][info][gc,phases,start] GC(122) Marking Phase
[2026-03-22T17:33:07.005+0900][2.768s][info][gc,phases      ] GC(122) Marking Phase 1.199ms
[2026-03-22T17:33:07.005+0900][2.768s][info][gc,phases,start] GC(122) Summary Phase
[2026-03-22T17:33:07.005+0900][2.768s][info][gc,phases      ] GC(122) Summary Phase 0.028ms
[2026-03-22T17:33:07.005+0900][2.768s][info][gc,phases,start] GC(122) Adjust Roots
[2026-03-22T17:33:07.005+0900][2.769s][info][gc,phases      ] GC(122) Adjust Roots 0.235ms
[2026-03-22T17:33:07.005+0900][2.769s][info][gc,phases,start] GC(122) Compaction Phase
[2026-03-22T17:33:07.012+0900][2.775s][info][gc,phases      ] GC(122) Compaction Phase 6.431ms
[2026-03-22T17:33:07.012+0900][2.775s][info][gc,phases,start] GC(122) Post Compact
[2026-03-22T17:33:07.013+0900][2.777s][info][gc,phases      ] GC(122) Post Compact 1.526ms
[2026-03-22T17:33:07.013+0900][2.777s][info][gc,heap        ] GC(122) PSYoungGen: 163057K(163840K)->0K(163840K) Eden: 152561K(153088K)->0K(153088K) From: 10496K(10752K)->0K(10752K)
[2026-03-22T17:33:07.013+0900][2.777s][info][gc,heap        ] GC(122) ParOldGen: 291999K(349696K)->103429K(349696K)
[2026-03-22T17:33:07.013+0900][2.777s][info][gc,metaspace   ] GC(122) Metaspace: 336K(512K)->336K(512K) NonClass: 318K(384K)->318K(384K) Class: 17K(128K)->17K(128K)
[2026-03-22T17:33:07.013+0900][2.777s][info][gc             ] GC(122) Pause Full (Ergonomics) 444M->101M(501M) 10.057ms
[2026-03-22T17:33:07.013+0900][2.777s][info][gc,cpu         ] GC(122) User=0.06s Sys=0.00s Real=0.01s
[2026-03-22T17:33:07.028+0900][2.792s][info][gc,start       ] GC(123) Pause Young (Allocation Failure)
[2026-03-22T17:33:07.033+0900][2.797s][info][gc,heap        ] GC(123) PSYoungGen: 152561K(163840K)->10496K(163840K) Eden: 152561K(153088K)->0K(153088K) From: 0K(10752K)->10496K(10752K)
[2026-03-22T17:33:07.033+0900][2.797s][info][gc,heap        ] GC(123) ParOldGen: 103429K(349696K)->197638K(349696K)
[2026-03-22T17:33:07.033+0900][2.797s][info][gc,metaspace   ] GC(123) Metaspace: 336K(512K)->336K(512K) NonClass: 318K(384K)->318K(384K) Class: 17K(128K)->17K(128K)
[2026-03-22T17:33:07.033+0900][2.797s][info][gc             ] GC(123) Pause Young (Allocation Failure) 249M->203M(501M) 5.201ms
[2026-03-22T17:33:07.033+0900][2.797s][info][gc,cpu         ] GC(123) User=0.00s Sys=0.00s Real=0.00s
[2026-03-22T17:33:07.048+0900][2.813s][info][gc,start       ] GC(124) Pause Young (Allocation Failure)
[2026-03-22T17:33:07.054+0900][2.817s][info][gc,heap        ] GC(124) PSYoungGen: 163057K(163840K)->10496K(163840K) Eden: 152561K(153088K)->0K(153088K) From: 10496K(10752K)->10496K(10752K)
[2026-03-22T17:33:07.054+0900][2.818s][info][gc,heap        ] GC(124) ParOldGen: 197638K(349696K)->291999K(349696K)
[2026-03-22T17:33:07.054+0900][2.818s][info][gc,metaspace   ] GC(124) Metaspace: 336K(512K)->336K(512K) NonClass: 318K(384K)->318K(384K) Class: 17K(128K)->17K(128K)
[2026-03-22T17:33:07.054+0900][2.818s][info][gc             ] GC(124) Pause Young (Allocation Failure) 352M->295M(501M) 4.975ms
[2026-03-22T17:33:07.054+0900][2.818s][info][gc,cpu         ] GC(124) User=0.00s Sys=0.00s Real=0.01s
[2026-03-22T17:33:07.068+0900][2.832s][info][gc,start       ] GC(125) Pause Full (Ergonomics)
[2026-03-22T17:33:07.068+0900][2.832s][info][gc,phases,start] GC(125) Marking Phase
[2026-03-22T17:33:07.069+0900][2.833s][info][gc,phases      ] GC(125) Marking Phase 1.024ms
[2026-03-22T17:33:07.069+0900][2.833s][info][gc,phases,start] GC(125) Summary Phase
[2026-03-22T17:33:07.069+0900][2.833s][info][gc,phases      ] GC(125) Summary Phase 0.014ms
[2026-03-22T17:33:07.069+0900][2.833s][info][gc,phases,start] GC(125) Adjust Roots
[2026-03-22T17:33:07.069+0900][2.833s][info][gc,phases      ] GC(125) Adjust Roots 0.155ms
[2026-03-22T17:33:07.069+0900][2.833s][info][gc,phases,start] GC(125) Compaction Phase
[2026-03-22T17:33:07.075+0900][2.839s][info][gc,phases      ] GC(125) Compaction Phase 5.905ms
[2026-03-22T17:33:07.075+0900][2.839s][info][gc,phases,start] GC(125) Post Compact
[2026-03-22T17:33:07.076+0900][2.841s][info][gc,phases      ] GC(125) Post Compact 1.377ms
[2026-03-22T17:33:07.076+0900][2.841s][info][gc,heap        ] GC(125) PSYoungGen: 163057K(163840K)->0K(163840K) Eden: 152561K(153088K)->0K(153088K) From: 10496K(10752K)->0K(10752K)
[2026-03-22T17:33:07.076+0900][2.841s][info][gc,heap        ] GC(125) ParOldGen: 291999K(349696K)->103429K(349696K)
[2026-03-22T17:33:07.076+0900][2.841s][info][gc,metaspace   ] GC(125) Metaspace: 336K(512K)->336K(512K) NonClass: 318K(384K)->318K(384K) Class: 17K(128K)->17K(128K)
[2026-03-22T17:33:07.076+0900][2.841s][info][gc             ] GC(125) Pause Full (Ergonomics) 444M->101M(501M) 8.754ms
[2026-03-22T17:33:07.076+0900][2.841s][info][gc,cpu         ] GC(125) User=0.06s Sys=0.00s Real=0.01s
[2026-03-22T17:33:07.090+0900][2.855s][info][gc,start       ] GC(126) Pause Young (Allocation Failure)
[2026-03-22T17:33:07.096+0900][2.860s][info][gc,heap        ] GC(126) PSYoungGen: 152561K(163840K)->10496K(163840K) Eden: 152561K(153088K)->0K(153088K) From: 0K(10752K)->10496K(10752K)
[2026-03-22T17:33:07.096+0900][2.860s][info][gc,heap        ] GC(126) ParOldGen: 103429K(349696K)->197638K(349696K)
[2026-03-22T17:33:07.096+0900][2.860s][info][gc,metaspace   ] GC(126) Metaspace: 336K(512K)->336K(512K) NonClass: 318K(384K)->318K(384K) Class: 17K(128K)->17K(128K)
[2026-03-22T17:33:07.096+0900][2.860s][info][gc             ] GC(126) Pause Young (Allocation Failure) 249M->203M(501M) 4.862ms
[2026-03-22T17:33:07.096+0900][2.860s][info][gc,cpu         ] GC(126) User=0.00s Sys=0.00s Real=0.01s
[2026-03-22T17:33:07.110+0900][2.874s][info][gc,start       ] GC(127) Pause Young (Allocation Failure)
[2026-03-22T17:33:07.115+0900][2.880s][info][gc,heap        ] GC(127) PSYoungGen: 163057K(163840K)->10496K(163840K) Eden: 152561K(153088K)->0K(153088K) From: 10496K(10752K)->10496K(10752K)
[2026-03-22T17:33:07.115+0900][2.880s][info][gc,heap        ] GC(127) ParOldGen: 197638K(349696K)->291999K(349696K)
[2026-03-22T17:33:07.115+0900][2.880s][info][gc,metaspace   ] GC(127) Metaspace: 336K(512K)->336K(512K) NonClass: 318K(384K)->318K(384K) Class: 17K(128K)->17K(128K)
[2026-03-22T17:33:07.115+0900][2.880s][info][gc             ] GC(127) Pause Young (Allocation Failure) 352M->295M(501M) 5.487ms
[2026-03-22T17:33:07.115+0900][2.880s][info][gc,cpu         ] GC(127) User=0.00s Sys=0.00s Real=0.01s
[2026-03-22T17:33:07.130+0900][2.894s][info][gc,start       ] GC(128) Pause Full (Ergonomics)
[2026-03-22T17:33:07.130+0900][2.894s][info][gc,phases,start] GC(128) Marking Phase
[2026-03-22T17:33:07.131+0900][2.895s][info][gc,phases      ] GC(128) Marking Phase 0.995ms
[2026-03-22T17:33:07.131+0900][2.895s][info][gc,phases,start] GC(128) Summary Phase
[2026-03-22T17:33:07.131+0900][2.895s][info][gc,phases      ] GC(128) Summary Phase 0.014ms
[2026-03-22T17:33:07.131+0900][2.895s][info][gc,phases,start] GC(128) Adjust Roots
[2026-03-22T17:33:07.131+0900][2.895s][info][gc,phases      ] GC(128) Adjust Roots 0.141ms
[2026-03-22T17:33:07.131+0900][2.895s][info][gc,phases,start] GC(128) Compaction Phase
[2026-03-22T17:33:07.137+0900][2.900s][info][gc,phases      ] GC(128) Compaction Phase 5.096ms
[2026-03-22T17:33:07.137+0900][2.900s][info][gc,phases,start] GC(128) Post Compact
[2026-03-22T17:33:07.138+0900][2.902s][info][gc,phases      ] GC(128) Post Compact 1.393ms
[2026-03-22T17:33:07.138+0900][2.902s][info][gc,heap        ] GC(128) PSYoungGen: 163057K(163840K)->0K(163840K) Eden: 152561K(153088K)->0K(153088K) From: 10496K(10752K)->0K(10752K)
[2026-03-22T17:33:07.138+0900][2.902s][info][gc,heap        ] GC(128) ParOldGen: 291999K(349696K)->103429K(349696K)
[2026-03-22T17:33:07.138+0900][2.902s][info][gc,metaspace   ] GC(128) Metaspace: 336K(512K)->336K(512K) NonClass: 318K(384K)->318K(384K) Class: 17K(128K)->17K(128K)
[2026-03-22T17:33:07.138+0900][2.902s][info][gc             ] GC(128) Pause Full (Ergonomics) 444M->101M(501M) 7.882ms
[2026-03-22T17:33:07.138+0900][2.902s][info][gc,cpu         ] GC(128) User=0.06s Sys=0.00s Real=0.01s
[2026-03-22T17:33:07.152+0900][2.917s][info][gc,start       ] GC(129) Pause Young (Allocation Failure)
[2026-03-22T17:33:07.158+0900][2.922s][info][gc,heap        ] GC(129) PSYoungGen: 152561K(163840K)->10496K(163840K) Eden: 152561K(153088K)->0K(153088K) From: 0K(10752K)->10496K(10752K)
[2026-03-22T17:33:07.158+0900][2.922s][info][gc,heap        ] GC(129) ParOldGen: 103429K(349696K)->197638K(349696K)
[2026-03-22T17:33:07.158+0900][2.922s][info][gc,metaspace   ] GC(129) Metaspace: 336K(512K)->336K(512K) NonClass: 318K(384K)->318K(384K) Class: 17K(128K)->17K(128K)
[2026-03-22T17:33:07.158+0900][2.922s][info][gc             ] GC(129) Pause Young (Allocation Failure) 249M->203M(501M) 5.411ms
[2026-03-22T17:33:07.158+0900][2.922s][info][gc,cpu         ] GC(129) User=0.00s Sys=0.00s Real=0.01s
[2026-03-22T17:33:07.172+0900][2.936s][info][gc,start       ] GC(130) Pause Young (Allocation Failure)
[2026-03-22T17:33:07.176+0900][2.940s][info][gc,heap        ] GC(130) PSYoungGen: 163057K(163840K)->10496K(163840K) Eden: 152561K(153088K)->0K(153088K) From: 10496K(10752K)->10496K(10752K)
[2026-03-22T17:33:07.176+0900][2.940s][info][gc,heap        ] GC(130) ParOldGen: 197638K(349696K)->291999K(349696K)
[2026-03-22T17:33:07.176+0900][2.940s][info][gc,metaspace   ] GC(130) Metaspace: 336K(512K)->336K(512K) NonClass: 318K(384K)->318K(384K) Class: 17K(128K)->17K(128K)
[2026-03-22T17:33:07.176+0900][2.940s][info][gc             ] GC(130) Pause Young (Allocation Failure) 352M->295M(501M) 4.276ms
[2026-03-22T17:33:07.176+0900][2.940s][info][gc,cpu         ] GC(130) User=0.00s Sys=0.00s Real=0.00s
[2026-03-22T17:33:07.190+0900][2.954s][info][gc,start       ] GC(131) Pause Full (Ergonomics)
[2026-03-22T17:33:07.190+0900][2.954s][info][gc,phases,start] GC(131) Marking Phase
[2026-03-22T17:33:07.191+0900][2.955s][info][gc,phases      ] GC(131) Marking Phase 1.027ms
[2026-03-22T17:33:07.191+0900][2.955s][info][gc,phases,start] GC(131) Summary Phase
[2026-03-22T17:33:07.191+0900][2.955s][info][gc,phases      ] GC(131) Summary Phase 0.012ms
[2026-03-22T17:33:07.191+0900][2.955s][info][gc,phases,start] GC(131) Adjust Roots
[2026-03-22T17:33:07.191+0900][2.955s][info][gc,phases      ] GC(131) Adjust Roots 0.146ms
[2026-03-22T17:33:07.191+0900][2.955s][info][gc,phases,start] GC(131) Compaction Phase
[2026-03-22T17:33:07.196+0900][2.960s][info][gc,phases      ] GC(131) Compaction Phase 5.120ms
[2026-03-22T17:33:07.196+0900][2.961s][info][gc,phases,start] GC(131) Post Compact
[2026-03-22T17:33:07.197+0900][2.962s][info][gc,phases      ] GC(131) Post Compact 1.316ms
[2026-03-22T17:33:07.197+0900][2.962s][info][gc,heap        ] GC(131) PSYoungGen: 163057K(163840K)->0K(163840K) Eden: 152561K(153088K)->0K(153088K) From: 10496K(10752K)->0K(10752K)
[2026-03-22T17:33:07.198+0900][2.962s][info][gc,heap        ] GC(131) ParOldGen: 291999K(349696K)->103429K(349696K)
[2026-03-22T17:33:07.198+0900][2.962s][info][gc,metaspace   ] GC(131) Metaspace: 336K(512K)->336K(512K) NonClass: 318K(384K)->318K(384K) Class: 17K(128K)->17K(128K)
[2026-03-22T17:33:07.198+0900][2.962s][info][gc             ] GC(131) Pause Full (Ergonomics) 444M->101M(501M) 7.837ms
[2026-03-22T17:33:07.198+0900][2.962s][info][gc,cpu         ] GC(131) User=0.00s Sys=0.02s Real=0.01s
[2026-03-22T17:33:07.212+0900][2.976s][info][gc,start       ] GC(132) Pause Young (Allocation Failure)
[2026-03-22T17:33:07.217+0900][2.980s][info][gc,heap        ] GC(132) PSYoungGen: 152561K(163840K)->10496K(163840K) Eden: 152561K(153088K)->0K(153088K) From: 0K(10752K)->10496K(10752K)
[2026-03-22T17:33:07.217+0900][2.980s][info][gc,heap        ] GC(132) ParOldGen: 103429K(349696K)->197638K(349696K)
[2026-03-22T17:33:07.217+0900][2.980s][info][gc,metaspace   ] GC(132) Metaspace: 336K(512K)->336K(512K) NonClass: 318K(384K)->318K(384K) Class: 17K(128K)->17K(128K)
[2026-03-22T17:33:07.217+0900][2.980s][info][gc             ] GC(132) Pause Young (Allocation Failure) 249M->203M(501M) 4.837ms
[2026-03-22T17:33:07.217+0900][2.981s][info][gc,cpu         ] GC(132) User=0.05s Sys=0.00s Real=0.01s
[2026-03-22T17:33:07.231+0900][2.995s][info][gc,start       ] GC(133) Pause Young (Allocation Failure)
[2026-03-22T17:33:07.236+0900][3.000s][info][gc,heap        ] GC(133) PSYoungGen: 163057K(163840K)->10496K(163840K) Eden: 152561K(153088K)->0K(153088K) From: 10496K(10752K)->10496K(10752K)
[2026-03-22T17:33:07.236+0900][3.000s][info][gc,heap        ] GC(133) ParOldGen: 197638K(349696K)->291999K(349696K)
[2026-03-22T17:33:07.236+0900][3.000s][info][gc,metaspace   ] GC(133) Metaspace: 336K(512K)->336K(512K) NonClass: 318K(384K)->318K(384K) Class: 17K(128K)->17K(128K)
[2026-03-22T17:33:07.236+0900][3.000s][info][gc             ] GC(133) Pause Young (Allocation Failure) 352M->295M(501M) 5.036ms
[2026-03-22T17:33:07.236+0900][3.000s][info][gc,cpu         ] GC(133) User=0.00s Sys=0.00s Real=0.01s
[2026-03-22T17:33:07.251+0900][3.015s][info][gc,start       ] GC(134) Pause Full (Ergonomics)
[2026-03-22T17:33:07.251+0900][3.015s][info][gc,phases,start] GC(134) Marking Phase
[2026-03-22T17:33:07.253+0900][3.016s][info][gc,phases      ] GC(134) Marking Phase 1.097ms
[2026-03-22T17:33:07.253+0900][3.016s][info][gc,phases,start] GC(134) Summary Phase
[2026-03-22T17:33:07.253+0900][3.016s][info][gc,phases      ] GC(134) Summary Phase 0.011ms
[2026-03-22T17:33:07.253+0900][3.016s][info][gc,phases,start] GC(134) Adjust Roots
[2026-03-22T17:33:07.253+0900][3.017s][info][gc,phases      ] GC(134) Adjust Roots 0.179ms
[2026-03-22T17:33:07.253+0900][3.017s][info][gc,phases,start] GC(134) Compaction Phase
[2026-03-22T17:33:07.258+0900][3.023s][info][gc,phases      ] GC(134) Compaction Phase 5.985ms
[2026-03-22T17:33:07.258+0900][3.023s][info][gc,phases,start] GC(134) Post Compact
[2026-03-22T17:33:07.259+0900][3.024s][info][gc,phases      ] GC(134) Post Compact 1.295ms
[2026-03-22T17:33:07.259+0900][3.024s][info][gc,heap        ] GC(134) PSYoungGen: 163057K(163840K)->0K(163840K) Eden: 152561K(153088K)->0K(153088K) From: 10496K(10752K)->0K(10752K)
[2026-03-22T17:33:07.260+0900][3.024s][info][gc,heap        ] GC(134) ParOldGen: 291999K(349696K)->103194K(349696K)
[2026-03-22T17:33:07.260+0900][3.024s][info][gc,metaspace   ] GC(134) Metaspace: 336K(512K)->336K(512K) NonClass: 318K(384K)->318K(384K) Class: 17K(128K)->17K(128K)
[2026-03-22T17:33:07.260+0900][3.024s][info][gc             ] GC(134) Pause Full (Ergonomics) 444M->100M(501M) 8.948ms
[2026-03-22T17:33:07.260+0900][3.024s][info][gc,cpu         ] GC(134) User=0.02s Sys=0.00s Real=0.01s
[2026-03-22T17:33:07.274+0900][3.038s][info][gc,start       ] GC(135) Pause Young (Allocation Failure)
[2026-03-22T17:33:07.278+0900][3.042s][info][gc,heap        ] GC(135) PSYoungGen: 152561K(163840K)->10496K(163840K) Eden: 152561K(153088K)->0K(153088K) From: 0K(10752K)->10496K(10752K)
[2026-03-22T17:33:07.278+0900][3.042s][info][gc,heap        ] GC(135) ParOldGen: 103194K(349696K)->197403K(349696K)
[2026-03-22T17:33:07.278+0900][3.042s][info][gc,metaspace   ] GC(135) Metaspace: 336K(512K)->336K(512K) NonClass: 318K(384K)->318K(384K) Class: 17K(128K)->17K(128K)
[2026-03-22T17:33:07.278+0900][3.042s][info][gc             ] GC(135) Pause Young (Allocation Failure) 249M->203M(501M) 4.442ms
[2026-03-22T17:33:07.278+0900][3.042s][info][gc,cpu         ] GC(135) User=0.06s Sys=0.00s Real=0.00s
[2026-03-22T17:33:07.293+0900][3.057s][info][gc,start       ] GC(136) Pause Young (Allocation Failure)
[2026-03-22T17:33:07.298+0900][3.062s][info][gc,heap        ] GC(136) PSYoungGen: 163057K(163840K)->10496K(163840K) Eden: 152561K(153088K)->0K(153088K) From: 10496K(10752K)->10496K(10752K)
[2026-03-22T17:33:07.298+0900][3.062s][info][gc,heap        ] GC(136) ParOldGen: 197403K(349696K)->291764K(349696K)
[2026-03-22T17:33:07.298+0900][3.062s][info][gc,metaspace   ] GC(136) Metaspace: 336K(512K)->336K(512K) NonClass: 318K(384K)->318K(384K) Class: 17K(128K)->17K(128K)
[2026-03-22T17:33:07.298+0900][3.062s][info][gc             ] GC(136) Pause Young (Allocation Failure) 352M->295M(501M) 5.099ms
[2026-03-22T17:33:07.298+0900][3.062s][info][gc,cpu         ] GC(136) User=0.00s Sys=0.00s Real=0.01s
[2026-03-22T17:33:07.315+0900][3.079s][info][gc,start       ] GC(137) Pause Full (Ergonomics)
[2026-03-22T17:33:07.315+0900][3.079s][info][gc,phases,start] GC(137) Marking Phase
[2026-03-22T17:33:07.316+0900][3.080s][info][gc,phases      ] GC(137) Marking Phase 1.020ms
[2026-03-22T17:33:07.316+0900][3.080s][info][gc,phases,start] GC(137) Summary Phase
[2026-03-22T17:33:07.316+0900][3.080s][info][gc,phases      ] GC(137) Summary Phase 0.015ms
[2026-03-22T17:33:07.316+0900][3.080s][info][gc,phases,start] GC(137) Adjust Roots
[2026-03-22T17:33:07.317+0900][3.080s][info][gc,phases      ] GC(137) Adjust Roots 0.160ms
[2026-03-22T17:33:07.317+0900][3.080s][info][gc,phases,start] GC(137) Compaction Phase
[2026-03-22T17:33:07.323+0900][3.087s][info][gc,phases      ] GC(137) Compaction Phase 7.101ms
[2026-03-22T17:33:07.323+0900][3.087s][info][gc,phases,start] GC(137) Post Compact
[2026-03-22T17:33:07.324+0900][3.089s][info][gc,phases      ] GC(137) Post Compact 1.426ms
[2026-03-22T17:33:07.325+0900][3.089s][info][gc,heap        ] GC(137) PSYoungGen: 163057K(163840K)->0K(163840K) Eden: 152561K(153088K)->0K(153088K) From: 10496K(10752K)->0K(10752K)
[2026-03-22T17:33:07.325+0900][3.089s][info][gc,heap        ] GC(137) ParOldGen: 291764K(349696K)->103429K(349696K)
[2026-03-22T17:33:07.325+0900][3.089s][info][gc,metaspace   ] GC(137) Metaspace: 336K(512K)->336K(512K) NonClass: 318K(384K)->318K(384K) Class: 17K(128K)->17K(128K)
[2026-03-22T17:33:07.325+0900][3.089s][info][gc             ] GC(137) Pause Full (Ergonomics) 444M->101M(501M) 10.202ms
[2026-03-22T17:33:07.325+0900][3.089s][info][gc,cpu         ] GC(137) User=0.06s Sys=0.00s Real=0.01s
[2026-03-22T17:33:07.339+0900][3.103s][info][gc,start       ] GC(138) Pause Young (Allocation Failure)
[2026-03-22T17:33:07.344+0900][3.108s][info][gc,heap        ] GC(138) PSYoungGen: 152561K(163840K)->10496K(163840K) Eden: 152561K(153088K)->0K(153088K) From: 0K(10752K)->10496K(10752K)
[2026-03-22T17:33:07.344+0900][3.108s][info][gc,heap        ] GC(138) ParOldGen: 103429K(349696K)->197638K(349696K)
[2026-03-22T17:33:07.344+0900][3.108s][info][gc,metaspace   ] GC(138) Metaspace: 336K(512K)->336K(512K) NonClass: 318K(384K)->318K(384K) Class: 17K(128K)->17K(128K)
[2026-03-22T17:33:07.344+0900][3.108s][info][gc             ] GC(138) Pause Young (Allocation Failure) 249M->203M(501M) 4.818ms
[2026-03-22T17:33:07.344+0900][3.108s][info][gc,cpu         ] GC(138) User=0.00s Sys=0.00s Real=0.01s
[2026-03-22T17:33:07.358+0900][3.122s][info][gc,start       ] GC(139) Pause Young (Allocation Failure)
[2026-03-22T17:33:07.363+0900][3.127s][info][gc,heap        ] GC(139) PSYoungGen: 163057K(163840K)->10496K(163840K) Eden: 152561K(153088K)->0K(153088K) From: 10496K(10752K)->10496K(10752K)
[2026-03-22T17:33:07.363+0900][3.127s][info][gc,heap        ] GC(139) ParOldGen: 197638K(349696K)->291999K(349696K)
[2026-03-22T17:33:07.363+0900][3.127s][info][gc,metaspace   ] GC(139) Metaspace: 336K(512K)->336K(512K) NonClass: 318K(384K)->318K(384K) Class: 17K(128K)->17K(128K)
[2026-03-22T17:33:07.363+0900][3.127s][info][gc             ] GC(139) Pause Young (Allocation Failure) 352M->295M(501M) 5.018ms
[2026-03-22T17:33:07.363+0900][3.127s][info][gc,cpu         ] GC(139) User=0.00s Sys=0.00s Real=0.00s
[2026-03-22T17:33:07.378+0900][3.141s][info][gc,start       ] GC(140) Pause Full (Ergonomics)
[2026-03-22T17:33:07.378+0900][3.141s][info][gc,phases,start] GC(140) Marking Phase
[2026-03-22T17:33:07.378+0900][3.142s][info][gc,phases      ] GC(140) Marking Phase 0.916ms
[2026-03-22T17:33:07.378+0900][3.142s][info][gc,phases,start] GC(140) Summary Phase
[2026-03-22T17:33:07.379+0900][3.142s][info][gc,phases      ] GC(140) Summary Phase 0.013ms
[2026-03-22T17:33:07.379+0900][3.142s][info][gc,phases,start] GC(140) Adjust Roots
[2026-03-22T17:33:07.379+0900][3.142s][info][gc,phases      ] GC(140) Adjust Roots 0.159ms
[2026-03-22T17:33:07.379+0900][3.142s][info][gc,phases,start] GC(140) Compaction Phase
[2026-03-22T17:33:07.384+0900][3.148s][info][gc,phases      ] GC(140) Compaction Phase 5.501ms
[2026-03-22T17:33:07.384+0900][3.148s][info][gc,phases,start] GC(140) Post Compact
[2026-03-22T17:33:07.385+0900][3.149s][info][gc,phases      ] GC(140) Post Compact 1.254ms
[2026-03-22T17:33:07.386+0900][3.149s][info][gc,heap        ] GC(140) PSYoungGen: 163057K(163840K)->0K(163840K) Eden: 152561K(153088K)->0K(153088K) From: 10496K(10752K)->0K(10752K)
[2026-03-22T17:33:07.386+0900][3.149s][info][gc,heap        ] GC(140) ParOldGen: 291999K(349696K)->103430K(349696K)
[2026-03-22T17:33:07.386+0900][3.149s][info][gc,metaspace   ] GC(140) Metaspace: 336K(512K)->336K(512K) NonClass: 318K(384K)->318K(384K) Class: 17K(128K)->17K(128K)
[2026-03-22T17:33:07.386+0900][3.149s][info][gc             ] GC(140) Pause Full (Ergonomics) 444M->101M(501M) 8.034ms
[2026-03-22T17:33:07.386+0900][3.149s][info][gc,cpu         ] GC(140) User=0.02s Sys=0.00s Real=0.01s
[2026-03-22T17:33:07.399+0900][3.163s][info][gc,start       ] GC(141) Pause Young (Allocation Failure)
[2026-03-22T17:33:07.403+0900][3.167s][info][gc,heap        ] GC(141) PSYoungGen: 152561K(163840K)->10496K(163840K) Eden: 152561K(153088K)->0K(153088K) From: 0K(10752K)->10496K(10752K)
[2026-03-22T17:33:07.403+0900][3.167s][info][gc,heap        ] GC(141) ParOldGen: 103430K(349696K)->197639K(349696K)
[2026-03-22T17:33:07.403+0900][3.167s][info][gc,metaspace   ] GC(141) Metaspace: 336K(512K)->336K(512K) NonClass: 318K(384K)->318K(384K) Class: 17K(128K)->17K(128K)
[2026-03-22T17:33:07.403+0900][3.167s][info][gc             ] GC(141) Pause Young (Allocation Failure) 249M->203M(501M) 4.470ms
[2026-03-22T17:33:07.404+0900][3.167s][info][gc,cpu         ] GC(141) User=0.06s Sys=0.00s Real=0.01s
[2026-03-22T17:33:07.417+0900][3.181s][info][gc,start       ] GC(142) Pause Young (Allocation Failure)
[2026-03-22T17:33:07.422+0900][3.186s][info][gc,heap        ] GC(142) PSYoungGen: 163057K(163840K)->10496K(163840K) Eden: 152561K(153088K)->0K(153088K) From: 10496K(10752K)->10496K(10752K)
[2026-03-22T17:33:07.422+0900][3.186s][info][gc,heap        ] GC(142) ParOldGen: 197639K(349696K)->291999K(349696K)
[2026-03-22T17:33:07.422+0900][3.186s][info][gc,metaspace   ] GC(142) Metaspace: 336K(512K)->336K(512K) NonClass: 318K(384K)->318K(384K) Class: 17K(128K)->17K(128K)
[2026-03-22T17:33:07.422+0900][3.186s][info][gc             ] GC(142) Pause Young (Allocation Failure) 352M->295M(501M) 4.706ms
[2026-03-22T17:33:07.422+0900][3.186s][info][gc,cpu         ] GC(142) User=0.00s Sys=0.00s Real=0.00s
[2026-03-22T17:33:07.436+0900][3.200s][info][gc,start       ] GC(143) Pause Full (Ergonomics)
[2026-03-22T17:33:07.436+0900][3.200s][info][gc,phases,start] GC(143) Marking Phase
[2026-03-22T17:33:07.437+0900][3.201s][info][gc,phases      ] GC(143) Marking Phase 1.116ms
[2026-03-22T17:33:07.437+0900][3.201s][info][gc,phases,start] GC(143) Summary Phase
[2026-03-22T17:33:07.437+0900][3.201s][info][gc,phases      ] GC(143) Summary Phase 0.021ms
[2026-03-22T17:33:07.437+0900][3.201s][info][gc,phases,start] GC(143) Adjust Roots
[2026-03-22T17:33:07.437+0900][3.202s][info][gc,phases      ] GC(143) Adjust Roots 0.155ms
[2026-03-22T17:33:07.437+0900][3.202s][info][gc,phases,start] GC(143) Compaction Phase
[2026-03-22T17:33:07.443+0900][3.207s][info][gc,phases      ] GC(143) Compaction Phase 5.692ms
[2026-03-22T17:33:07.443+0900][3.207s][info][gc,phases,start] GC(143) Post Compact
[2026-03-22T17:33:07.445+0900][3.209s][info][gc,phases      ] GC(143) Post Compact 1.282ms
[2026-03-22T17:33:07.445+0900][3.209s][info][gc,heap        ] GC(143) PSYoungGen: 163057K(163840K)->0K(163840K) Eden: 152561K(153088K)->0K(153088K) From: 10496K(10752K)->0K(10752K)
[2026-03-22T17:33:07.445+0900][3.209s][info][gc,heap        ] GC(143) ParOldGen: 291999K(349696K)->103430K(349696K)
[2026-03-22T17:33:07.445+0900][3.209s][info][gc,metaspace   ] GC(143) Metaspace: 336K(512K)->336K(512K) NonClass: 318K(384K)->318K(384K) Class: 17K(128K)->17K(128K)
[2026-03-22T17:33:07.445+0900][3.209s][info][gc             ] GC(143) Pause Full (Ergonomics) 444M->101M(501M) 8.532ms
[2026-03-22T17:33:07.445+0900][3.209s][info][gc,cpu         ] GC(143) User=0.00s Sys=0.00s Real=0.01s
[2026-03-22T17:33:07.458+0900][3.222s][info][gc,start       ] GC(144) Pause Young (Allocation Failure)
[2026-03-22T17:33:07.463+0900][3.227s][info][gc,heap        ] GC(144) PSYoungGen: 152561K(163840K)->10496K(163840K) Eden: 152561K(153088K)->0K(153088K) From: 0K(10752K)->10496K(10752K)
[2026-03-22T17:33:07.463+0900][3.227s][info][gc,heap        ] GC(144) ParOldGen: 103430K(349696K)->197639K(349696K)
[2026-03-22T17:33:07.463+0900][3.227s][info][gc,metaspace   ] GC(144) Metaspace: 336K(512K)->336K(512K) NonClass: 318K(384K)->318K(384K) Class: 17K(128K)->17K(128K)
[2026-03-22T17:33:07.463+0900][3.227s][info][gc             ] GC(144) Pause Young (Allocation Failure) 249M->203M(501M) 4.534ms
[2026-03-22T17:33:07.463+0900][3.227s][info][gc,cpu         ] GC(144) User=0.06s Sys=0.00s Real=0.01s
[2026-03-22T17:33:07.477+0900][3.241s][info][gc,start       ] GC(145) Pause Young (Allocation Failure)
[2026-03-22T17:33:07.481+0900][3.246s][info][gc,heap        ] GC(145) PSYoungGen: 163057K(163840K)->10496K(163840K) Eden: 152561K(153088K)->0K(153088K) From: 10496K(10752K)->10496K(10752K)
[2026-03-22T17:33:07.481+0900][3.246s][info][gc,heap        ] GC(145) ParOldGen: 197639K(349696K)->291999K(349696K)
[2026-03-22T17:33:07.481+0900][3.246s][info][gc,metaspace   ] GC(145) Metaspace: 336K(512K)->336K(512K) NonClass: 318K(384K)->318K(384K) Class: 17K(128K)->17K(128K)
[2026-03-22T17:33:07.482+0900][3.246s][info][gc             ] GC(145) Pause Young (Allocation Failure) 352M->295M(501M) 4.742ms
[2026-03-22T17:33:07.482+0900][3.246s][info][gc,cpu         ] GC(145) User=0.06s Sys=0.00s Real=0.01s
[2026-03-22T17:33:07.495+0900][3.260s][info][gc,start       ] GC(146) Pause Full (Ergonomics)
[2026-03-22T17:33:07.496+0900][3.260s][info][gc,phases,start] GC(146) Marking Phase
[2026-03-22T17:33:07.497+0900][3.261s][info][gc,phases      ] GC(146) Marking Phase 1.071ms
[2026-03-22T17:33:07.497+0900][3.261s][info][gc,phases,start] GC(146) Summary Phase
[2026-03-22T17:33:07.497+0900][3.261s][info][gc,phases      ] GC(146) Summary Phase 0.056ms
[2026-03-22T17:33:07.497+0900][3.261s][info][gc,phases,start] GC(146) Adjust Roots
[2026-03-22T17:33:07.497+0900][3.261s][info][gc,phases      ] GC(146) Adjust Roots 0.192ms
[2026-03-22T17:33:07.497+0900][3.261s][info][gc,phases,start] GC(146) Compaction Phase
[2026-03-22T17:33:07.502+0900][3.266s][info][gc,phases      ] GC(146) Compaction Phase 5.150ms
[2026-03-22T17:33:07.502+0900][3.266s][info][gc,phases,start] GC(146) Post Compact
[2026-03-22T17:33:07.504+0900][3.268s][info][gc,phases      ] GC(146) Post Compact 1.486ms
[2026-03-22T17:33:07.504+0900][3.268s][info][gc,heap        ] GC(146) PSYoungGen: 163057K(163840K)->0K(163840K) Eden: 152561K(153088K)->0K(153088K) From: 10496K(10752K)->0K(10752K)
[2026-03-22T17:33:07.504+0900][3.268s][info][gc,heap        ] GC(146) ParOldGen: 291999K(349696K)->103430K(349696K)
[2026-03-22T17:33:07.504+0900][3.268s][info][gc,metaspace   ] GC(146) Metaspace: 336K(512K)->336K(512K) NonClass: 318K(384K)->318K(384K) Class: 17K(128K)->17K(128K)
[2026-03-22T17:33:07.504+0900][3.268s][info][gc             ] GC(146) Pause Full (Ergonomics) 444M->101M(501M) 8.176ms
[2026-03-22T17:33:07.504+0900][3.268s][info][gc,cpu         ] GC(146) User=0.00s Sys=0.00s Real=0.01s
[2026-03-22T17:33:07.519+0900][3.282s][info][gc,start       ] GC(147) Pause Young (Allocation Failure)
[2026-03-22T17:33:07.523+0900][3.287s][info][gc,heap        ] GC(147) PSYoungGen: 152561K(163840K)->10464K(163840K) Eden: 152561K(153088K)->0K(153088K) From: 0K(10752K)->10464K(10752K)
[2026-03-22T17:33:07.523+0900][3.287s][info][gc,heap        ] GC(147) ParOldGen: 103430K(349696K)->197639K(349696K)
[2026-03-22T17:33:07.523+0900][3.287s][info][gc,metaspace   ] GC(147) Metaspace: 336K(512K)->336K(512K) NonClass: 318K(384K)->318K(384K) Class: 17K(128K)->17K(128K)
[2026-03-22T17:33:07.523+0900][3.287s][info][gc             ] GC(147) Pause Young (Allocation Failure) 249M->203M(501M) 4.550ms
[2026-03-22T17:33:07.523+0900][3.287s][info][gc,cpu         ] GC(147) User=0.00s Sys=0.00s Real=0.00s
[2026-03-22T17:33:07.536+0900][3.301s][info][gc,start       ] GC(148) Pause Young (Allocation Failure)
[2026-03-22T17:33:07.542+0900][3.306s][info][gc,heap        ] GC(148) PSYoungGen: 163025K(163840K)->10496K(163840K) Eden: 152561K(153088K)->0K(153088K) From: 10464K(10752K)->10496K(10752K)
[2026-03-22T17:33:07.542+0900][3.306s][info][gc,heap        ] GC(148) ParOldGen: 197639K(349696K)->291999K(349696K)
[2026-03-22T17:33:07.542+0900][3.306s][info][gc,metaspace   ] GC(148) Metaspace: 336K(512K)->336K(512K) NonClass: 318K(384K)->318K(384K) Class: 17K(128K)->17K(128K)
[2026-03-22T17:33:07.542+0900][3.306s][info][gc             ] GC(148) Pause Young (Allocation Failure) 352M->295M(501M) 4.822ms
[2026-03-22T17:33:07.542+0900][3.306s][info][gc,cpu         ] GC(148) User=0.06s Sys=0.00s Real=0.01s
[2026-03-22T17:33:07.556+0900][3.320s][info][gc,start       ] GC(149) Pause Full (Ergonomics)
[2026-03-22T17:33:07.556+0900][3.320s][info][gc,phases,start] GC(149) Marking Phase
[2026-03-22T17:33:07.557+0900][3.321s][info][gc,phases      ] GC(149) Marking Phase 1.099ms
[2026-03-22T17:33:07.557+0900][3.321s][info][gc,phases,start] GC(149) Summary Phase
[2026-03-22T17:33:07.557+0900][3.321s][info][gc,phases      ] GC(149) Summary Phase 0.013ms
[2026-03-22T17:33:07.557+0900][3.321s][info][gc,phases,start] GC(149) Adjust Roots
[2026-03-22T17:33:07.558+0900][3.321s][info][gc,phases      ] GC(149) Adjust Roots 0.153ms
[2026-03-22T17:33:07.558+0900][3.321s][info][gc,phases,start] GC(149) Compaction Phase
[2026-03-22T17:33:07.564+0900][3.327s][info][gc,phases      ] GC(149) Compaction Phase 6.020ms
[2026-03-22T17:33:07.564+0900][3.327s][info][gc,phases,start] GC(149) Post Compact
[2026-03-22T17:33:07.565+0900][3.329s][info][gc,phases      ] GC(149) Post Compact 1.538ms
[2026-03-22T17:33:07.565+0900][3.329s][info][gc,heap        ] GC(149) PSYoungGen: 163057K(163840K)->0K(163840K) Eden: 152561K(153088K)->0K(153088K) From: 10496K(10752K)->0K(10752K)
[2026-03-22T17:33:07.565+0900][3.329s][info][gc,heap        ] GC(149) ParOldGen: 291999K(349696K)->103430K(349696K)
[2026-03-22T17:33:07.565+0900][3.329s][info][gc,metaspace   ] GC(149) Metaspace: 336K(512K)->336K(512K) NonClass: 318K(384K)->318K(384K) Class: 17K(128K)->17K(128K)
[2026-03-22T17:33:07.565+0900][3.329s][info][gc             ] GC(149) Pause Full (Ergonomics) 444M->101M(501M) 9.115ms
[2026-03-22T17:33:07.565+0900][3.329s][info][gc,cpu         ] GC(149) User=0.06s Sys=0.00s Real=0.01s
[2026-03-22T17:33:07.579+0900][3.343s][info][gc,start       ] GC(150) Pause Young (Allocation Failure)
[2026-03-22T17:33:07.584+0900][3.348s][info][gc,heap        ] GC(150) PSYoungGen: 152561K(163840K)->10496K(163840K) Eden: 152561K(153088K)->0K(153088K) From: 0K(10752K)->10496K(10752K)
[2026-03-22T17:33:07.584+0900][3.348s][info][gc,heap        ] GC(150) ParOldGen: 103430K(349696K)->197639K(349696K)
[2026-03-22T17:33:07.584+0900][3.348s][info][gc,metaspace   ] GC(150) Metaspace: 336K(512K)->336K(512K) NonClass: 318K(384K)->318K(384K) Class: 17K(128K)->17K(128K)
[2026-03-22T17:33:07.584+0900][3.348s][info][gc             ] GC(150) Pause Young (Allocation Failure) 249M->203M(501M) 4.785ms
[2026-03-22T17:33:07.584+0900][3.348s][info][gc,cpu         ] GC(150) User=0.00s Sys=0.00s Real=0.01s
[2026-03-22T17:33:07.598+0900][3.363s][info][gc,start       ] GC(151) Pause Young (Allocation Failure)
[2026-03-22T17:33:07.603+0900][3.368s][info][gc,heap        ] GC(151) PSYoungGen: 163057K(163840K)->10496K(163840K) Eden: 152561K(153088K)->0K(153088K) From: 10496K(10752K)->10496K(10752K)
[2026-03-22T17:33:07.603+0900][3.368s][info][gc,heap        ] GC(151) ParOldGen: 197639K(349696K)->291999K(349696K)
[2026-03-22T17:33:07.603+0900][3.368s][info][gc,metaspace   ] GC(151) Metaspace: 336K(512K)->336K(512K) NonClass: 318K(384K)->318K(384K) Class: 17K(128K)->17K(128K)
[2026-03-22T17:33:07.603+0900][3.368s][info][gc             ] GC(151) Pause Young (Allocation Failure) 352M->295M(501M) 5.069ms
[2026-03-22T17:33:07.603+0900][3.368s][info][gc,cpu         ] GC(151) User=0.05s Sys=0.00s Real=0.00s
[2026-03-22T17:33:07.619+0900][3.382s][info][gc,start       ] GC(152) Pause Full (Ergonomics)
[2026-03-22T17:33:07.621+0900][3.385s][info][gc,phases,start] GC(152) Marking Phase
[2026-03-22T17:33:07.622+0900][3.386s][info][gc,phases      ] GC(152) Marking Phase 1.001ms
[2026-03-22T17:33:07.622+0900][3.386s][info][gc,phases,start] GC(152) Summary Phase
[2026-03-22T17:33:07.622+0900][3.386s][info][gc,phases      ] GC(152) Summary Phase 0.013ms
[2026-03-22T17:33:07.622+0900][3.386s][info][gc,phases,start] GC(152) Adjust Roots
[2026-03-22T17:33:07.622+0900][3.386s][info][gc,phases      ] GC(152) Adjust Roots 0.143ms
[2026-03-22T17:33:07.622+0900][3.386s][info][gc,phases,start] GC(152) Compaction Phase
[2026-03-22T17:33:07.628+0900][3.392s][info][gc,phases      ] GC(152) Compaction Phase 5.689ms
[2026-03-22T17:33:07.628+0900][3.392s][info][gc,phases,start] GC(152) Post Compact
[2026-03-22T17:33:07.629+0900][3.393s][info][gc,phases      ] GC(152) Post Compact 1.320ms
[2026-03-22T17:33:07.629+0900][3.393s][info][gc,heap        ] GC(152) PSYoungGen: 163057K(163840K)->0K(163840K) Eden: 152561K(153088K)->0K(153088K) From: 10496K(10752K)->0K(10752K)
[2026-03-22T17:33:07.629+0900][3.393s][info][gc,heap        ] GC(152) ParOldGen: 291999K(349696K)->103430K(349696K)
[2026-03-22T17:33:07.629+0900][3.393s][info][gc,metaspace   ] GC(152) Metaspace: 336K(512K)->336K(512K) NonClass: 318K(384K)->318K(384K) Class: 17K(128K)->17K(128K)
[2026-03-22T17:33:07.629+0900][3.393s][info][gc             ] GC(152) Pause Full (Ergonomics) 444M->101M(501M) 11.058ms
[2026-03-22T17:33:07.629+0900][3.393s][info][gc,cpu         ] GC(152) User=0.00s Sys=0.00s Real=0.01s
[2026-03-22T17:33:07.643+0900][3.407s][info][gc,start       ] GC(153) Pause Young (Allocation Failure)
[2026-03-22T17:33:07.648+0900][3.412s][info][gc,heap        ] GC(153) PSYoungGen: 152561K(163840K)->10496K(163840K) Eden: 152561K(153088K)->0K(153088K) From: 0K(10752K)->10496K(10752K)
[2026-03-22T17:33:07.648+0900][3.412s][info][gc,heap        ] GC(153) ParOldGen: 103430K(349696K)->197639K(349696K)
[2026-03-22T17:33:07.648+0900][3.412s][info][gc,metaspace   ] GC(153) Metaspace: 336K(512K)->336K(512K) NonClass: 318K(384K)->318K(384K) Class: 17K(128K)->17K(128K)
[2026-03-22T17:33:07.648+0900][3.412s][info][gc             ] GC(153) Pause Young (Allocation Failure) 249M->203M(501M) 4.831ms
[2026-03-22T17:33:07.648+0900][3.412s][info][gc,cpu         ] GC(153) User=0.00s Sys=0.00s Real=0.01s
[2026-03-22T17:33:07.662+0900][3.426s][info][gc,start       ] GC(154) Pause Young (Allocation Failure)
[2026-03-22T17:33:07.667+0900][3.431s][info][gc,heap        ] GC(154) PSYoungGen: 163057K(163840K)->10496K(163840K) Eden: 152561K(153088K)->0K(153088K) From: 10496K(10752K)->10496K(10752K)
[2026-03-22T17:33:07.667+0900][3.431s][info][gc,heap        ] GC(154) ParOldGen: 197639K(349696K)->291999K(349696K)
[2026-03-22T17:33:07.667+0900][3.431s][info][gc,metaspace   ] GC(154) Metaspace: 336K(512K)->336K(512K) NonClass: 318K(384K)->318K(384K) Class: 17K(128K)->17K(128K)
[2026-03-22T17:33:07.667+0900][3.431s][info][gc             ] GC(154) Pause Young (Allocation Failure) 352M->295M(501M) 4.885ms
[2026-03-22T17:33:07.667+0900][3.431s][info][gc,cpu         ] GC(154) User=0.06s Sys=0.00s Real=0.01s
[2026-03-22T17:33:07.680+0900][3.445s][info][gc,start       ] GC(155) Pause Full (Ergonomics)
[2026-03-22T17:33:07.680+0900][3.445s][info][gc,phases,start] GC(155) Marking Phase
[2026-03-22T17:33:07.682+0900][3.446s][info][gc,phases      ] GC(155) Marking Phase 1.084ms
[2026-03-22T17:33:07.682+0900][3.446s][info][gc,phases,start] GC(155) Summary Phase
[2026-03-22T17:33:07.682+0900][3.446s][info][gc,phases      ] GC(155) Summary Phase 0.024ms
[2026-03-22T17:33:07.682+0900][3.446s][info][gc,phases,start] GC(155) Adjust Roots
[2026-03-22T17:33:07.682+0900][3.446s][info][gc,phases      ] GC(155) Adjust Roots 0.163ms
[2026-03-22T17:33:07.682+0900][3.446s][info][gc,phases,start] GC(155) Compaction Phase
[2026-03-22T17:33:07.687+0900][3.452s][info][gc,phases      ] GC(155) Compaction Phase 5.247ms
[2026-03-22T17:33:07.687+0900][3.452s][info][gc,phases,start] GC(155) Post Compact
[2026-03-22T17:33:07.689+0900][3.453s][info][gc,phases      ] GC(155) Post Compact 1.366ms
[2026-03-22T17:33:07.689+0900][3.453s][info][gc,heap        ] GC(155) PSYoungGen: 163057K(163840K)->0K(163840K) Eden: 152561K(153088K)->0K(153088K) From: 10496K(10752K)->0K(10752K)
[2026-03-22T17:33:07.689+0900][3.453s][info][gc,heap        ] GC(155) ParOldGen: 291999K(349696K)->103430K(349696K)
[2026-03-22T17:33:07.689+0900][3.453s][info][gc,metaspace   ] GC(155) Metaspace: 336K(512K)->336K(512K) NonClass: 318K(384K)->318K(384K) Class: 17K(128K)->17K(128K)
[2026-03-22T17:33:07.689+0900][3.453s][info][gc             ] GC(155) Pause Full (Ergonomics) 444M->101M(501M) 8.198ms
[2026-03-22T17:33:07.689+0900][3.453s][info][gc,cpu         ] GC(155) User=0.06s Sys=0.00s Real=0.01s
[2026-03-22T17:33:07.704+0900][3.467s][info][gc,start       ] GC(156) Pause Young (Allocation Failure)
[2026-03-22T17:33:07.708+0900][3.472s][info][gc,heap        ] GC(156) PSYoungGen: 152561K(163840K)->10496K(163840K) Eden: 152561K(153088K)->0K(153088K) From: 0K(10752K)->10496K(10752K)
[2026-03-22T17:33:07.708+0900][3.472s][info][gc,heap        ] GC(156) ParOldGen: 103430K(349696K)->197639K(349696K)
[2026-03-22T17:33:07.708+0900][3.472s][info][gc,metaspace   ] GC(156) Metaspace: 336K(512K)->336K(512K) NonClass: 318K(384K)->318K(384K) Class: 17K(128K)->17K(128K)
[2026-03-22T17:33:07.708+0900][3.472s][info][gc             ] GC(156) Pause Young (Allocation Failure) 249M->203M(501M) 4.928ms
[2026-03-22T17:33:07.708+0900][3.472s][info][gc,cpu         ] GC(156) User=0.00s Sys=0.00s Real=0.00s
[2026-03-22T17:33:07.722+0900][3.486s][info][gc,start       ] GC(157) Pause Young (Allocation Failure)
[2026-03-22T17:33:07.726+0900][3.491s][info][gc,heap        ] GC(157) PSYoungGen: 163057K(163840K)->10464K(163840K) Eden: 152561K(153088K)->0K(153088K) From: 10496K(10752K)->10464K(10752K)
[2026-03-22T17:33:07.726+0900][3.491s][info][gc,heap        ] GC(157) ParOldGen: 197639K(349696K)->291999K(349696K)
[2026-03-22T17:33:07.726+0900][3.491s][info][gc,metaspace   ] GC(157) Metaspace: 336K(512K)->336K(512K) NonClass: 318K(384K)->318K(384K) Class: 17K(128K)->17K(128K)
[2026-03-22T17:33:07.726+0900][3.491s][info][gc             ] GC(157) Pause Young (Allocation Failure) 352M->295M(501M) 4.638ms
[2026-03-22T17:33:07.726+0900][3.491s][info][gc,cpu         ] GC(157) User=0.00s Sys=0.00s Real=0.00s
[2026-03-22T17:33:07.741+0900][3.505s][info][gc,start       ] GC(158) Pause Full (Ergonomics)
[2026-03-22T17:33:07.741+0900][3.505s][info][gc,phases,start] GC(158) Marking Phase
[2026-03-22T17:33:07.742+0900][3.506s][info][gc,phases      ] GC(158) Marking Phase 1.086ms
[2026-03-22T17:33:07.742+0900][3.506s][info][gc,phases,start] GC(158) Summary Phase
[2026-03-22T17:33:07.743+0900][3.506s][info][gc,phases      ] GC(158) Summary Phase 0.014ms
[2026-03-22T17:33:07.743+0900][3.506s][info][gc,phases,start] GC(158) Adjust Roots
[2026-03-22T17:33:07.743+0900][3.507s][info][gc,phases      ] GC(158) Adjust Roots 0.206ms
[2026-03-22T17:33:07.743+0900][3.507s][info][gc,phases,start] GC(158) Compaction Phase
[2026-03-22T17:33:07.749+0900][3.513s][info][gc,phases      ] GC(158) Compaction Phase 6.388ms
[2026-03-22T17:33:07.749+0900][3.513s][info][gc,phases,start] GC(158) Post Compact
[2026-03-22T17:33:07.750+0900][3.514s][info][gc,phases      ] GC(158) Post Compact 1.263ms
[2026-03-22T17:33:07.750+0900][3.514s][info][gc,heap        ] GC(158) PSYoungGen: 163025K(163840K)->0K(163840K) Eden: 152561K(153088K)->0K(153088K) From: 10464K(10752K)->0K(10752K)
[2026-03-22T17:33:07.751+0900][3.514s][info][gc,heap        ] GC(158) ParOldGen: 291999K(349696K)->103430K(349696K)
[2026-03-22T17:33:07.751+0900][3.514s][info][gc,metaspace   ] GC(158) Metaspace: 336K(512K)->336K(512K) NonClass: 318K(384K)->318K(384K) Class: 17K(128K)->17K(128K)
[2026-03-22T17:33:07.751+0900][3.514s][info][gc             ] GC(158) Pause Full (Ergonomics) 444M->101M(501M) 9.217ms
[2026-03-22T17:33:07.751+0900][3.514s][info][gc,cpu         ] GC(158) User=0.06s Sys=0.00s Real=0.01s
[2026-03-22T17:33:07.765+0900][3.529s][info][gc,start       ] GC(159) Pause Young (Allocation Failure)
[2026-03-22T17:33:07.770+0900][3.534s][info][gc,heap        ] GC(159) PSYoungGen: 152561K(163840K)->10496K(163840K) Eden: 152561K(153088K)->0K(153088K) From: 0K(10752K)->10496K(10752K)
[2026-03-22T17:33:07.770+0900][3.534s][info][gc,heap        ] GC(159) ParOldGen: 103430K(349696K)->197639K(349696K)
[2026-03-22T17:33:07.770+0900][3.534s][info][gc,metaspace   ] GC(159) Metaspace: 336K(512K)->336K(512K) NonClass: 318K(384K)->318K(384K) Class: 17K(128K)->17K(128K)
[2026-03-22T17:33:07.770+0900][3.534s][info][gc             ] GC(159) Pause Young (Allocation Failure) 249M->203M(501M) 4.585ms
[2026-03-22T17:33:07.770+0900][3.534s][info][gc,cpu         ] GC(159) User=0.00s Sys=0.00s Real=0.00s
[2026-03-22T17:33:07.784+0900][3.548s][info][gc,start       ] GC(160) Pause Young (Allocation Failure)
[2026-03-22T17:33:07.789+0900][3.553s][info][gc,heap        ] GC(160) PSYoungGen: 163057K(163840K)->10496K(163840K) Eden: 152561K(153088K)->0K(153088K) From: 10496K(10752K)->10496K(10752K)
[2026-03-22T17:33:07.789+0900][3.553s][info][gc,heap        ] GC(160) ParOldGen: 197639K(349696K)->291999K(349696K)
[2026-03-22T17:33:07.789+0900][3.553s][info][gc,metaspace   ] GC(160) Metaspace: 336K(512K)->336K(512K) NonClass: 318K(384K)->318K(384K) Class: 17K(128K)->17K(128K)
[2026-03-22T17:33:07.789+0900][3.553s][info][gc             ] GC(160) Pause Young (Allocation Failure) 352M->295M(501M) 5.032ms
[2026-03-22T17:33:07.789+0900][3.553s][info][gc,cpu         ] GC(160) User=0.00s Sys=0.00s Real=0.01s
[2026-03-22T17:33:07.805+0900][3.568s][info][gc,start       ] GC(161) Pause Full (Ergonomics)
[2026-03-22T17:33:07.805+0900][3.568s][info][gc,phases,start] GC(161) Marking Phase
[2026-03-22T17:33:07.806+0900][3.570s][info][gc,phases      ] GC(161) Marking Phase 1.478ms
[2026-03-22T17:33:07.806+0900][3.570s][info][gc,phases,start] GC(161) Summary Phase
[2026-03-22T17:33:07.806+0900][3.570s][info][gc,phases      ] GC(161) Summary Phase 0.027ms
[2026-03-22T17:33:07.806+0900][3.570s][info][gc,phases,start] GC(161) Adjust Roots
[2026-03-22T17:33:07.807+0900][3.570s][info][gc,phases      ] GC(161) Adjust Roots 0.360ms
[2026-03-22T17:33:07.807+0900][3.570s][info][gc,phases,start] GC(161) Compaction Phase
[2026-03-22T17:33:07.815+0900][3.579s][info][gc,phases      ] GC(161) Compaction Phase 8.827ms
[2026-03-22T17:33:07.816+0900][3.579s][info][gc,phases,start] GC(161) Post Compact
[2026-03-22T17:33:07.817+0900][3.581s][info][gc,phases      ] GC(161) Post Compact 1.399ms
[2026-03-22T17:33:07.817+0900][3.581s][info][gc,heap        ] GC(161) PSYoungGen: 163057K(163840K)->0K(163840K) Eden: 152561K(153088K)->0K(153088K) From: 10496K(10752K)->0K(10752K)
[2026-03-22T17:33:07.817+0900][3.581s][info][gc,heap        ] GC(161) ParOldGen: 291999K(349696K)->103430K(349696K)
[2026-03-22T17:33:07.817+0900][3.581s][info][gc,metaspace   ] GC(161) Metaspace: 336K(512K)->336K(512K) NonClass: 318K(384K)->318K(384K) Class: 17K(128K)->17K(128K)
[2026-03-22T17:33:07.817+0900][3.581s][info][gc             ] GC(161) Pause Full (Ergonomics) 444M->101M(501M) 12.478ms
[2026-03-22T17:33:07.817+0900][3.581s][info][gc,cpu         ] GC(161) User=0.02s Sys=0.00s Real=0.01s
[2026-03-22T17:33:07.831+0900][3.595s][info][gc,start       ] GC(162) Pause Young (Allocation Failure)
[2026-03-22T17:33:07.837+0900][3.600s][info][gc,heap        ] GC(162) PSYoungGen: 152561K(163840K)->10496K(163840K) Eden: 152561K(153088K)->0K(153088K) From: 0K(10752K)->10496K(10752K)
[2026-03-22T17:33:07.837+0900][3.601s][info][gc,heap        ] GC(162) ParOldGen: 103430K(349696K)->197639K(349696K)
[2026-03-22T17:33:07.837+0900][3.601s][info][gc,metaspace   ] GC(162) Metaspace: 336K(512K)->336K(512K) NonClass: 318K(384K)->318K(384K) Class: 17K(128K)->17K(128K)
[2026-03-22T17:33:07.837+0900][3.601s][info][gc             ] GC(162) Pause Young (Allocation Failure) 249M->203M(501M) 5.095ms
[2026-03-22T17:33:07.837+0900][3.601s][info][gc,cpu         ] GC(162) User=0.00s Sys=0.00s Real=0.01s
[2026-03-22T17:33:07.853+0900][3.616s][info][gc,start       ] GC(163) Pause Young (Allocation Failure)
[2026-03-22T17:33:07.858+0900][3.622s][info][gc,heap        ] GC(163) PSYoungGen: 163057K(163840K)->10496K(163840K) Eden: 152561K(153088K)->0K(153088K) From: 10496K(10752K)->10496K(10752K)
[2026-03-22T17:33:07.858+0900][3.622s][info][gc,heap        ] GC(163) ParOldGen: 197639K(349696K)->291999K(349696K)
[2026-03-22T17:33:07.858+0900][3.622s][info][gc,metaspace   ] GC(163) Metaspace: 336K(512K)->336K(512K) NonClass: 318K(384K)->318K(384K) Class: 17K(128K)->17K(128K)
[2026-03-22T17:33:07.858+0900][3.622s][info][gc             ] GC(163) Pause Young (Allocation Failure) 352M->295M(501M) 5.789ms
[2026-03-22T17:33:07.858+0900][3.622s][info][gc,cpu         ] GC(163) User=0.05s Sys=0.00s Real=0.01s
[2026-03-22T17:33:07.873+0900][3.637s][info][gc,start       ] GC(164) Pause Full (Ergonomics)
[2026-03-22T17:33:07.873+0900][3.637s][info][gc,phases,start] GC(164) Marking Phase
[2026-03-22T17:33:07.874+0900][3.638s][info][gc,phases      ] GC(164) Marking Phase 0.861ms
[2026-03-22T17:33:07.874+0900][3.638s][info][gc,phases,start] GC(164) Summary Phase
[2026-03-22T17:33:07.874+0900][3.638s][info][gc,phases      ] GC(164) Summary Phase 0.013ms
[2026-03-22T17:33:07.874+0900][3.638s][info][gc,phases,start] GC(164) Adjust Roots
[2026-03-22T17:33:07.874+0900][3.638s][info][gc,phases      ] GC(164) Adjust Roots 0.244ms
[2026-03-22T17:33:07.874+0900][3.638s][info][gc,phases,start] GC(164) Compaction Phase
[2026-03-22T17:33:07.879+0900][3.644s][info][gc,phases      ] GC(164) Compaction Phase 5.370ms
[2026-03-22T17:33:07.879+0900][3.644s][info][gc,phases,start] GC(164) Post Compact
[2026-03-22T17:33:07.881+0900][3.645s][info][gc,phases      ] GC(164) Post Compact 1.804ms
[2026-03-22T17:33:07.881+0900][3.646s][info][gc,heap        ] GC(164) PSYoungGen: 163057K(163840K)->0K(163840K) Eden: 152561K(153088K)->0K(153088K) From: 10496K(10752K)->0K(10752K)
[2026-03-22T17:33:07.881+0900][3.646s][info][gc,heap        ] GC(164) ParOldGen: 291999K(349696K)->103430K(349696K)
[2026-03-22T17:33:07.881+0900][3.646s][info][gc,metaspace   ] GC(164) Metaspace: 336K(512K)->336K(512K) NonClass: 318K(384K)->318K(384K) Class: 17K(128K)->17K(128K)
[2026-03-22T17:33:07.881+0900][3.646s][info][gc             ] GC(164) Pause Full (Ergonomics) 444M->101M(501M) 8.603ms
[2026-03-22T17:33:07.881+0900][3.646s][info][gc,cpu         ] GC(164) User=0.00s Sys=0.00s Real=0.01s
[2026-03-22T17:33:07.898+0900][3.662s][info][gc,start       ] GC(165) Pause Young (Allocation Failure)
[2026-03-22T17:33:07.903+0900][3.667s][info][gc,heap        ] GC(165) PSYoungGen: 152561K(163840K)->10496K(163840K) Eden: 152561K(153088K)->0K(153088K) From: 0K(10752K)->10496K(10752K)
[2026-03-22T17:33:07.903+0900][3.667s][info][gc,heap        ] GC(165) ParOldGen: 103430K(349696K)->197639K(349696K)
[2026-03-22T17:33:07.903+0900][3.667s][info][gc,metaspace   ] GC(165) Metaspace: 336K(512K)->336K(512K) NonClass: 318K(384K)->318K(384K) Class: 17K(128K)->17K(128K)
[2026-03-22T17:33:07.903+0900][3.667s][info][gc             ] GC(165) Pause Young (Allocation Failure) 249M->203M(501M) 5.391ms
[2026-03-22T17:33:07.903+0900][3.667s][info][gc,cpu         ] GC(165) User=0.06s Sys=0.00s Real=0.01s
[2026-03-22T17:33:07.918+0900][3.682s][info][gc,start       ] GC(166) Pause Young (Allocation Failure)
[2026-03-22T17:33:07.923+0900][3.687s][info][gc,heap        ] GC(166) PSYoungGen: 163057K(163840K)->10496K(163840K) Eden: 152561K(153088K)->0K(153088K) From: 10496K(10752K)->10496K(10752K)
[2026-03-22T17:33:07.923+0900][3.687s][info][gc,heap        ] GC(166) ParOldGen: 197639K(349696K)->291999K(349696K)
[2026-03-22T17:33:07.923+0900][3.687s][info][gc,metaspace   ] GC(166) Metaspace: 336K(512K)->336K(512K) NonClass: 318K(384K)->318K(384K) Class: 17K(128K)->17K(128K)
[2026-03-22T17:33:07.923+0900][3.687s][info][gc             ] GC(166) Pause Young (Allocation Failure) 352M->295M(501M) 4.938ms
[2026-03-22T17:33:07.923+0900][3.687s][info][gc,cpu         ] GC(166) User=0.00s Sys=0.00s Real=0.01s
[2026-03-22T17:33:07.938+0900][3.702s][info][gc,start       ] GC(167) Pause Full (Ergonomics)
[2026-03-22T17:33:07.938+0900][3.702s][info][gc,phases,start] GC(167) Marking Phase
[2026-03-22T17:33:07.939+0900][3.703s][info][gc,phases      ] GC(167) Marking Phase 1.002ms
[2026-03-22T17:33:07.939+0900][3.703s][info][gc,phases,start] GC(167) Summary Phase
[2026-03-22T17:33:07.939+0900][3.703s][info][gc,phases      ] GC(167) Summary Phase 0.017ms
[2026-03-22T17:33:07.939+0900][3.703s][info][gc,phases,start] GC(167) Adjust Roots
[2026-03-22T17:33:07.940+0900][3.703s][info][gc,phases      ] GC(167) Adjust Roots 0.150ms
[2026-03-22T17:33:07.940+0900][3.703s][info][gc,phases,start] GC(167) Compaction Phase
[2026-03-22T17:33:07.945+0900][3.709s][info][gc,phases      ] GC(167) Compaction Phase 5.728ms
[2026-03-22T17:33:07.945+0900][3.709s][info][gc,phases,start] GC(167) Post Compact
[2026-03-22T17:33:07.947+0900][3.711s][info][gc,phases      ] GC(167) Post Compact 1.941ms
[2026-03-22T17:33:07.947+0900][3.711s][info][gc,heap        ] GC(167) PSYoungGen: 163057K(163840K)->0K(163840K) Eden: 152561K(153088K)->0K(153088K) From: 10496K(10752K)->0K(10752K)
[2026-03-22T17:33:07.947+0900][3.711s][info][gc,heap        ] GC(167) ParOldGen: 291999K(349696K)->103430K(349696K)
[2026-03-22T17:33:07.947+0900][3.711s][info][gc,metaspace   ] GC(167) Metaspace: 336K(512K)->336K(512K) NonClass: 318K(384K)->318K(384K) Class: 17K(128K)->17K(128K)
[2026-03-22T17:33:07.947+0900][3.711s][info][gc             ] GC(167) Pause Full (Ergonomics) 444M->101M(501M) 9.165ms
[2026-03-22T17:33:07.947+0900][3.711s][info][gc,cpu         ] GC(167) User=0.02s Sys=0.00s Real=0.01s
[2026-03-22T17:33:07.962+0900][3.726s][info][gc,start       ] GC(168) Pause Young (Allocation Failure)
[2026-03-22T17:33:07.967+0900][3.731s][info][gc,heap        ] GC(168) PSYoungGen: 152561K(163840K)->10496K(163840K) Eden: 152561K(153088K)->0K(153088K) From: 0K(10752K)->10496K(10752K)
[2026-03-22T17:33:07.967+0900][3.731s][info][gc,heap        ] GC(168) ParOldGen: 103430K(349696K)->197639K(349696K)
[2026-03-22T17:33:07.967+0900][3.731s][info][gc,metaspace   ] GC(168) Metaspace: 336K(512K)->336K(512K) NonClass: 318K(384K)->318K(384K) Class: 17K(128K)->17K(128K)
[2026-03-22T17:33:07.967+0900][3.731s][info][gc             ] GC(168) Pause Young (Allocation Failure) 249M->203M(501M) 5.370ms
[2026-03-22T17:33:07.967+0900][3.731s][info][gc,cpu         ] GC(168) User=0.05s Sys=0.00s Real=0.01s
[2026-03-22T17:33:07.981+0900][3.745s][info][gc,start       ] GC(169) Pause Young (Allocation Failure)
[2026-03-22T17:33:07.986+0900][3.750s][info][gc,heap        ] GC(169) PSYoungGen: 163057K(163840K)->10496K(163840K) Eden: 152561K(153088K)->0K(153088K) From: 10496K(10752K)->10496K(10752K)
[2026-03-22T17:33:07.986+0900][3.750s][info][gc,heap        ] GC(169) ParOldGen: 197639K(349696K)->291999K(349696K)
[2026-03-22T17:33:07.986+0900][3.750s][info][gc,metaspace   ] GC(169) Metaspace: 336K(512K)->336K(512K) NonClass: 318K(384K)->318K(384K) Class: 17K(128K)->17K(128K)
[2026-03-22T17:33:07.986+0900][3.750s][info][gc             ] GC(169) Pause Young (Allocation Failure) 352M->295M(501M) 4.584ms
[2026-03-22T17:33:07.986+0900][3.750s][info][gc,cpu         ] GC(169) User=0.00s Sys=0.00s Real=0.01s
[2026-03-22T17:33:08.001+0900][3.765s][info][gc,start       ] GC(170) Pause Full (Ergonomics)
[2026-03-22T17:33:08.001+0900][3.765s][info][gc,phases,start] GC(170) Marking Phase
[2026-03-22T17:33:08.002+0900][3.766s][info][gc,phases      ] GC(170) Marking Phase 0.857ms
[2026-03-22T17:33:08.002+0900][3.766s][info][gc,phases,start] GC(170) Summary Phase
[2026-03-22T17:33:08.002+0900][3.766s][info][gc,phases      ] GC(170) Summary Phase 0.013ms
[2026-03-22T17:33:08.002+0900][3.766s][info][gc,phases,start] GC(170) Adjust Roots
[2026-03-22T17:33:08.002+0900][3.766s][info][gc,phases      ] GC(170) Adjust Roots 0.138ms
[2026-03-22T17:33:08.002+0900][3.766s][info][gc,phases,start] GC(170) Compaction Phase
[2026-03-22T17:33:08.008+0900][3.772s][info][gc,phases      ] GC(170) Compaction Phase 5.848ms
[2026-03-22T17:33:08.008+0900][3.772s][info][gc,phases,start] GC(170) Post Compact
[2026-03-22T17:33:08.010+0900][3.773s][info][gc,phases      ] GC(170) Post Compact 1.508ms
[2026-03-22T17:33:08.010+0900][3.773s][info][gc,heap        ] GC(170) PSYoungGen: 163057K(163840K)->0K(163840K) Eden: 152561K(153088K)->0K(153088K) From: 10496K(10752K)->0K(10752K)
[2026-03-22T17:33:08.010+0900][3.773s][info][gc,heap        ] GC(170) ParOldGen: 291999K(349696K)->103430K(349696K)
[2026-03-22T17:33:08.010+0900][3.773s][info][gc,metaspace   ] GC(170) Metaspace: 336K(512K)->336K(512K) NonClass: 318K(384K)->318K(384K) Class: 17K(128K)->17K(128K)
[2026-03-22T17:33:08.010+0900][3.773s][info][gc             ] GC(170) Pause Full (Ergonomics) 444M->101M(501M) 8.615ms
[2026-03-22T17:33:08.010+0900][3.773s][info][gc,cpu         ] GC(170) User=0.00s Sys=0.00s Real=0.01s
[2026-03-22T17:33:08.024+0900][3.788s][info][gc,start       ] GC(171) Pause Young (Allocation Failure)
[2026-03-22T17:33:08.029+0900][3.794s][info][gc,heap        ] GC(171) PSYoungGen: 152561K(163840K)->10496K(163840K) Eden: 152561K(153088K)->0K(153088K) From: 0K(10752K)->10496K(10752K)
[2026-03-22T17:33:08.029+0900][3.794s][info][gc,heap        ] GC(171) ParOldGen: 103430K(349696K)->197639K(349696K)
[2026-03-22T17:33:08.029+0900][3.794s][info][gc,metaspace   ] GC(171) Metaspace: 336K(512K)->336K(512K) NonClass: 318K(384K)->318K(384K) Class: 17K(128K)->17K(128K)
[2026-03-22T17:33:08.029+0900][3.794s][info][gc             ] GC(171) Pause Young (Allocation Failure) 249M->203M(501M) 5.319ms
[2026-03-22T17:33:08.029+0900][3.794s][info][gc,cpu         ] GC(171) User=0.06s Sys=0.00s Real=0.01s
[2026-03-22T17:33:08.044+0900][3.809s][info][gc,start       ] GC(172) Pause Young (Allocation Failure)
[2026-03-22T17:33:08.050+0900][3.814s][info][gc,heap        ] GC(172) PSYoungGen: 163057K(163840K)->10496K(163840K) Eden: 152561K(153088K)->0K(153088K) From: 10496K(10752K)->10496K(10752K)
[2026-03-22T17:33:08.050+0900][3.814s][info][gc,heap        ] GC(172) ParOldGen: 197639K(349696K)->291999K(349696K)
[2026-03-22T17:33:08.050+0900][3.814s][info][gc,metaspace   ] GC(172) Metaspace: 336K(512K)->336K(512K) NonClass: 318K(384K)->318K(384K) Class: 17K(128K)->17K(128K)
[2026-03-22T17:33:08.050+0900][3.814s][info][gc             ] GC(172) Pause Young (Allocation Failure) 352M->295M(501M) 5.613ms
[2026-03-22T17:33:08.050+0900][3.814s][info][gc,cpu         ] GC(172) User=0.00s Sys=0.00s Real=0.01s
[2026-03-22T17:33:08.065+0900][3.829s][info][gc,start       ] GC(173) Pause Full (Ergonomics)
[2026-03-22T17:33:08.065+0900][3.829s][info][gc,phases,start] GC(173) Marking Phase
[2026-03-22T17:33:08.066+0900][3.830s][info][gc,phases      ] GC(173) Marking Phase 0.919ms
[2026-03-22T17:33:08.066+0900][3.830s][info][gc,phases,start] GC(173) Summary Phase
[2026-03-22T17:33:08.066+0900][3.830s][info][gc,phases      ] GC(173) Summary Phase 0.012ms
[2026-03-22T17:33:08.066+0900][3.830s][info][gc,phases,start] GC(173) Adjust Roots
[2026-03-22T17:33:08.066+0900][3.830s][info][gc,phases      ] GC(173) Adjust Roots 0.150ms
[2026-03-22T17:33:08.066+0900][3.830s][info][gc,phases,start] GC(173) Compaction Phase
[2026-03-22T17:33:08.072+0900][3.836s][info][gc,phases      ] GC(173) Compaction Phase 5.542ms
[2026-03-22T17:33:08.072+0900][3.836s][info][gc,phases,start] GC(173) Post Compact
[2026-03-22T17:33:08.073+0900][3.837s][info][gc,phases      ] GC(173) Post Compact 1.714ms
[2026-03-22T17:33:08.074+0900][3.837s][info][gc,heap        ] GC(173) PSYoungGen: 163057K(163840K)->0K(163840K) Eden: 152561K(153088K)->0K(153088K) From: 10496K(10752K)->0K(10752K)
[2026-03-22T17:33:08.074+0900][3.837s][info][gc,heap        ] GC(173) ParOldGen: 291999K(349696K)->103430K(349696K)
[2026-03-22T17:33:08.074+0900][3.837s][info][gc,metaspace   ] GC(173) Metaspace: 336K(512K)->336K(512K) NonClass: 318K(384K)->318K(384K) Class: 17K(128K)->17K(128K)
[2026-03-22T17:33:08.074+0900][3.837s][info][gc             ] GC(173) Pause Full (Ergonomics) 444M->101M(501M) 8.644ms
[2026-03-22T17:33:08.074+0900][3.837s][info][gc,cpu         ] GC(173) User=0.02s Sys=0.00s Real=0.01s
[2026-03-22T17:33:08.088+0900][3.852s][info][gc,start       ] GC(174) Pause Young (Allocation Failure)
[2026-03-22T17:33:08.093+0900][3.857s][info][gc,heap        ] GC(174) PSYoungGen: 152561K(163840K)->10496K(163840K) Eden: 152561K(153088K)->0K(153088K) From: 0K(10752K)->10496K(10752K)
[2026-03-22T17:33:08.093+0900][3.857s][info][gc,heap        ] GC(174) ParOldGen: 103430K(349696K)->197639K(349696K)
[2026-03-22T17:33:08.093+0900][3.857s][info][gc,metaspace   ] GC(174) Metaspace: 336K(512K)->336K(512K) NonClass: 318K(384K)->318K(384K) Class: 17K(128K)->17K(128K)
[2026-03-22T17:33:08.093+0900][3.857s][info][gc             ] GC(174) Pause Young (Allocation Failure) 249M->203M(501M) 5.034ms
[2026-03-22T17:33:08.093+0900][3.857s][info][gc,cpu         ] GC(174) User=0.00s Sys=0.00s Real=0.00s
[2026-03-22T17:33:08.108+0900][3.872s][info][gc,start       ] GC(175) Pause Young (Allocation Failure)
[2026-03-22T17:33:08.113+0900][3.877s][info][gc,heap        ] GC(175) PSYoungGen: 163057K(163840K)->10496K(163840K) Eden: 152561K(153088K)->0K(153088K) From: 10496K(10752K)->10496K(10752K)
[2026-03-22T17:33:08.113+0900][3.877s][info][gc,heap        ] GC(175) ParOldGen: 197639K(349696K)->291999K(349696K)
[2026-03-22T17:33:08.113+0900][3.877s][info][gc,metaspace   ] GC(175) Metaspace: 336K(512K)->336K(512K) NonClass: 318K(384K)->318K(384K) Class: 17K(128K)->17K(128K)
[2026-03-22T17:33:08.113+0900][3.877s][info][gc             ] GC(175) Pause Young (Allocation Failure) 352M->295M(501M) 4.842ms
[2026-03-22T17:33:08.113+0900][3.877s][info][gc,cpu         ] GC(175) User=0.00s Sys=0.00s Real=0.00s
[2026-03-22T17:33:08.128+0900][3.892s][info][gc,start       ] GC(176) Pause Full (Ergonomics)
[2026-03-22T17:33:08.128+0900][3.892s][info][gc,phases,start] GC(176) Marking Phase
[2026-03-22T17:33:08.129+0900][3.893s][info][gc,phases      ] GC(176) Marking Phase 1.065ms
[2026-03-22T17:33:08.129+0900][3.893s][info][gc,phases,start] GC(176) Summary Phase
[2026-03-22T17:33:08.129+0900][3.893s][info][gc,phases      ] GC(176) Summary Phase 0.014ms
[2026-03-22T17:33:08.129+0900][3.893s][info][gc,phases,start] GC(176) Adjust Roots
[2026-03-22T17:33:08.130+0900][3.893s][info][gc,phases      ] GC(176) Adjust Roots 0.237ms
[2026-03-22T17:33:08.130+0900][3.893s][info][gc,phases,start] GC(176) Compaction Phase
[2026-03-22T17:33:08.136+0900][3.900s][info][gc,phases      ] GC(176) Compaction Phase 6.947ms
[2026-03-22T17:33:08.136+0900][3.900s][info][gc,phases,start] GC(176) Post Compact
[2026-03-22T17:33:08.137+0900][3.902s][info][gc,phases      ] GC(176) Post Compact 1.409ms
[2026-03-22T17:33:08.137+0900][3.902s][info][gc,heap        ] GC(176) PSYoungGen: 163057K(163840K)->0K(163840K) Eden: 152561K(153088K)->0K(153088K) From: 10496K(10752K)->0K(10752K)
[2026-03-22T17:33:08.137+0900][3.902s][info][gc,heap        ] GC(176) ParOldGen: 291999K(349696K)->103430K(349696K)
[2026-03-22T17:33:08.137+0900][3.902s][info][gc,metaspace   ] GC(176) Metaspace: 336K(512K)->336K(512K) NonClass: 318K(384K)->318K(384K) Class: 17K(128K)->17K(128K)
[2026-03-22T17:33:08.137+0900][3.902s][info][gc             ] GC(176) Pause Full (Ergonomics) 444M->101M(501M) 9.986ms
[2026-03-22T17:33:08.137+0900][3.902s][info][gc,cpu         ] GC(176) User=0.06s Sys=0.00s Real=0.01s
[2026-03-22T17:33:08.153+0900][3.917s][info][gc,start       ] GC(177) Pause Young (Allocation Failure)
[2026-03-22T17:33:08.158+0900][3.923s][info][gc,heap        ] GC(177) PSYoungGen: 152561K(163840K)->10496K(163840K) Eden: 152561K(153088K)->0K(153088K) From: 0K(10752K)->10496K(10752K)
[2026-03-22T17:33:08.158+0900][3.923s][info][gc,heap        ] GC(177) ParOldGen: 103430K(349696K)->197639K(349696K)
[2026-03-22T17:33:08.158+0900][3.923s][info][gc,metaspace   ] GC(177) Metaspace: 336K(512K)->336K(512K) NonClass: 318K(384K)->318K(384K) Class: 17K(128K)->17K(128K)
[2026-03-22T17:33:08.158+0900][3.923s][info][gc             ] GC(177) Pause Young (Allocation Failure) 249M->203M(501M) 5.632ms
[2026-03-22T17:33:08.158+0900][3.923s][info][gc,cpu         ] GC(177) User=0.00s Sys=0.00s Real=0.00s
[2026-03-22T17:33:08.174+0900][3.937s][info][gc,start       ] GC(178) Pause Young (Allocation Failure)
[2026-03-22T17:33:08.179+0900][3.943s][info][gc,heap        ] GC(178) PSYoungGen: 163057K(163840K)->10496K(163840K) Eden: 152561K(153088K)->0K(153088K) From: 10496K(10752K)->10496K(10752K)
[2026-03-22T17:33:08.179+0900][3.943s][info][gc,heap        ] GC(178) ParOldGen: 197639K(349696K)->291999K(349696K)
[2026-03-22T17:33:08.179+0900][3.943s][info][gc,metaspace   ] GC(178) Metaspace: 336K(512K)->336K(512K) NonClass: 318K(384K)->318K(384K) Class: 17K(128K)->17K(128K)
[2026-03-22T17:33:08.179+0900][3.943s][info][gc             ] GC(178) Pause Young (Allocation Failure) 352M->295M(501M) 5.335ms
[2026-03-22T17:33:08.179+0900][3.943s][info][gc,cpu         ] GC(178) User=0.00s Sys=0.00s Real=0.00s
[2026-03-22T17:33:08.194+0900][3.957s][info][gc,start       ] GC(179) Pause Full (Ergonomics)
[2026-03-22T17:33:08.194+0900][3.958s][info][gc,phases,start] GC(179) Marking Phase
[2026-03-22T17:33:08.195+0900][3.959s][info][gc,phases      ] GC(179) Marking Phase 1.051ms
[2026-03-22T17:33:08.195+0900][3.959s][info][gc,phases,start] GC(179) Summary Phase
[2026-03-22T17:33:08.195+0900][3.959s][info][gc,phases      ] GC(179) Summary Phase 0.013ms
[2026-03-22T17:33:08.195+0900][3.959s][info][gc,phases,start] GC(179) Adjust Roots
[2026-03-22T17:33:08.195+0900][3.959s][info][gc,phases      ] GC(179) Adjust Roots 0.170ms
[2026-03-22T17:33:08.195+0900][3.959s][info][gc,phases,start] GC(179) Compaction Phase
[2026-03-22T17:33:08.202+0900][3.966s][info][gc,phases      ] GC(179) Compaction Phase 6.726ms
[2026-03-22T17:33:08.202+0900][3.966s][info][gc,phases,start] GC(179) Post Compact
[2026-03-22T17:33:08.203+0900][3.967s][info][gc,phases      ] GC(179) Post Compact 1.359ms
[2026-03-22T17:33:08.203+0900][3.967s][info][gc,heap        ] GC(179) PSYoungGen: 163057K(163840K)->0K(163840K) Eden: 152561K(153088K)->0K(153088K) From: 10496K(10752K)->0K(10752K)
[2026-03-22T17:33:08.203+0900][3.967s][info][gc,heap        ] GC(179) ParOldGen: 291999K(349696K)->103430K(349696K)
[2026-03-22T17:33:08.203+0900][3.967s][info][gc,metaspace   ] GC(179) Metaspace: 336K(512K)->336K(512K) NonClass: 318K(384K)->318K(384K) Class: 17K(128K)->17K(128K)
[2026-03-22T17:33:08.203+0900][3.967s][info][gc             ] GC(179) Pause Full (Ergonomics) 444M->101M(501M) 9.621ms
[2026-03-22T17:33:08.203+0900][3.967s][info][gc,cpu         ] GC(179) User=0.06s Sys=0.00s Real=0.01s
[2026-03-22T17:33:08.219+0900][3.982s][info][gc,start       ] GC(180) Pause Young (Allocation Failure)
[2026-03-22T17:33:08.224+0900][3.987s][info][gc,heap        ] GC(180) PSYoungGen: 152561K(163840K)->10496K(163840K) Eden: 152561K(153088K)->0K(153088K) From: 0K(10752K)->10496K(10752K)
[2026-03-22T17:33:08.224+0900][3.987s][info][gc,heap        ] GC(180) ParOldGen: 103430K(349696K)->197639K(349696K)
[2026-03-22T17:33:08.224+0900][3.987s][info][gc,metaspace   ] GC(180) Metaspace: 336K(512K)->336K(512K) NonClass: 318K(384K)->318K(384K) Class: 17K(128K)->17K(128K)
[2026-03-22T17:33:08.224+0900][3.987s][info][gc             ] GC(180) Pause Young (Allocation Failure) 249M->203M(501M) 4.980ms
[2026-03-22T17:33:08.224+0900][3.987s][info][gc,cpu         ] GC(180) User=0.00s Sys=0.00s Real=0.00s
[2026-03-22T17:33:08.238+0900][4.002s][info][gc,start       ] GC(181) Pause Young (Allocation Failure)
[2026-03-22T17:33:08.243+0900][4.007s][info][gc,heap        ] GC(181) PSYoungGen: 163057K(163840K)->10496K(163840K) Eden: 152561K(153088K)->0K(153088K) From: 10496K(10752K)->10496K(10752K)
[2026-03-22T17:33:08.243+0900][4.007s][info][gc,heap        ] GC(181) ParOldGen: 197639K(349696K)->291999K(349696K)
[2026-03-22T17:33:08.243+0900][4.007s][info][gc,metaspace   ] GC(181) Metaspace: 336K(512K)->336K(512K) NonClass: 318K(384K)->318K(384K) Class: 17K(128K)->17K(128K)
[2026-03-22T17:33:08.243+0900][4.007s][info][gc             ] GC(181) Pause Young (Allocation Failure) 352M->295M(501M) 5.286ms
[2026-03-22T17:33:08.243+0900][4.007s][info][gc,cpu         ] GC(181) User=0.00s Sys=0.00s Real=0.01s
[2026-03-22T17:33:08.258+0900][4.022s][info][gc,start       ] GC(182) Pause Full (Ergonomics)
[2026-03-22T17:33:08.258+0900][4.022s][info][gc,phases,start] GC(182) Marking Phase
[2026-03-22T17:33:08.259+0900][4.023s][info][gc,phases      ] GC(182) Marking Phase 1.096ms
[2026-03-22T17:33:08.259+0900][4.023s][info][gc,phases,start] GC(182) Summary Phase
[2026-03-22T17:33:08.259+0900][4.023s][info][gc,phases      ] GC(182) Summary Phase 0.051ms
[2026-03-22T17:33:08.259+0900][4.023s][info][gc,phases,start] GC(182) Adjust Roots
[2026-03-22T17:33:08.259+0900][4.024s][info][gc,phases      ] GC(182) Adjust Roots 0.206ms
[2026-03-22T17:33:08.259+0900][4.024s][info][gc,phases,start] GC(182) Compaction Phase
[2026-03-22T17:33:08.267+0900][4.030s][info][gc,phases      ] GC(182) Compaction Phase 6.720ms
[2026-03-22T17:33:08.267+0900][4.030s][info][gc,phases,start] GC(182) Post Compact
[2026-03-22T17:33:08.268+0900][4.032s][info][gc,phases      ] GC(182) Post Compact 1.324ms
[2026-03-22T17:33:08.268+0900][4.032s][info][gc,heap        ] GC(182) PSYoungGen: 163057K(163840K)->0K(163840K) Eden: 152561K(153088K)->0K(153088K) From: 10496K(10752K)->0K(10752K)
[2026-03-22T17:33:08.268+0900][4.032s][info][gc,heap        ] GC(182) ParOldGen: 291999K(349696K)->103430K(349696K)
[2026-03-22T17:33:08.268+0900][4.032s][info][gc,metaspace   ] GC(182) Metaspace: 336K(512K)->336K(512K) NonClass: 318K(384K)->318K(384K) Class: 17K(128K)->17K(128K)
[2026-03-22T17:33:08.268+0900][4.032s][info][gc             ] GC(182) Pause Full (Ergonomics) 444M->101M(501M) 9.816ms
[2026-03-22T17:33:08.268+0900][4.032s][info][gc,cpu         ] GC(182) User=0.02s Sys=0.00s Real=0.01s
[2026-03-22T17:33:08.284+0900][4.048s][info][gc,start       ] GC(183) Pause Young (Allocation Failure)
[2026-03-22T17:33:08.289+0900][4.053s][info][gc,heap        ] GC(183) PSYoungGen: 152561K(163840K)->10496K(163840K) Eden: 152561K(153088K)->0K(153088K) From: 0K(10752K)->10496K(10752K)
[2026-03-22T17:33:08.289+0900][4.053s][info][gc,heap        ] GC(183) ParOldGen: 103430K(349696K)->197639K(349696K)
[2026-03-22T17:33:08.289+0900][4.053s][info][gc,metaspace   ] GC(183) Metaspace: 336K(512K)->336K(512K) NonClass: 318K(384K)->318K(384K) Class: 17K(128K)->17K(128K)
[2026-03-22T17:33:08.289+0900][4.053s][info][gc             ] GC(183) Pause Young (Allocation Failure) 249M->203M(501M) 5.088ms
[2026-03-22T17:33:08.289+0900][4.053s][info][gc,cpu         ] GC(183) User=0.00s Sys=0.00s Real=0.01s
[2026-03-22T17:33:08.304+0900][4.068s][info][gc,start       ] GC(184) Pause Young (Allocation Failure)
[2026-03-22T17:33:08.310+0900][4.074s][info][gc,heap        ] GC(184) PSYoungGen: 163057K(163840K)->10496K(163840K) Eden: 152561K(153088K)->0K(153088K) From: 10496K(10752K)->10496K(10752K)
[2026-03-22T17:33:08.310+0900][4.074s][info][gc,heap        ] GC(184) ParOldGen: 197639K(349696K)->291999K(349696K)
[2026-03-22T17:33:08.310+0900][4.074s][info][gc,metaspace   ] GC(184) Metaspace: 336K(512K)->336K(512K) NonClass: 318K(384K)->318K(384K) Class: 17K(128K)->17K(128K)
[2026-03-22T17:33:08.310+0900][4.074s][info][gc             ] GC(184) Pause Young (Allocation Failure) 352M->295M(501M) 5.741ms
[2026-03-22T17:33:08.310+0900][4.074s][info][gc,cpu         ] GC(184) User=0.06s Sys=0.00s Real=0.01s
[2026-03-22T17:33:08.324+0900][4.089s][info][gc,start       ] GC(185) Pause Full (Ergonomics)
[2026-03-22T17:33:08.324+0900][4.089s][info][gc,phases,start] GC(185) Marking Phase
[2026-03-22T17:33:08.325+0900][4.090s][info][gc,phases      ] GC(185) Marking Phase 0.881ms
[2026-03-22T17:33:08.325+0900][4.090s][info][gc,phases,start] GC(185) Summary Phase
[2026-03-22T17:33:08.325+0900][4.090s][info][gc,phases      ] GC(185) Summary Phase 0.013ms
[2026-03-22T17:33:08.325+0900][4.090s][info][gc,phases,start] GC(185) Adjust Roots
[2026-03-22T17:33:08.325+0900][4.090s][info][gc,phases      ] GC(185) Adjust Roots 0.142ms
[2026-03-22T17:33:08.325+0900][4.090s][info][gc,phases,start] GC(185) Compaction Phase
[2026-03-22T17:33:08.331+0900][4.095s][info][gc,phases      ] GC(185) Compaction Phase 5.459ms
[2026-03-22T17:33:08.331+0900][4.095s][info][gc,phases,start] GC(185) Post Compact
[2026-03-22T17:33:08.333+0900][4.097s][info][gc,phases      ] GC(185) Post Compact 1.435ms
[2026-03-22T17:33:08.333+0900][4.097s][info][gc,heap        ] GC(185) PSYoungGen: 163057K(163840K)->0K(163840K) Eden: 152561K(153088K)->0K(153088K) From: 10496K(10752K)->0K(10752K)
[2026-03-22T17:33:08.333+0900][4.097s][info][gc,heap        ] GC(185) ParOldGen: 291999K(349696K)->103430K(349696K)
[2026-03-22T17:33:08.333+0900][4.097s][info][gc,metaspace   ] GC(185) Metaspace: 336K(512K)->336K(512K) NonClass: 318K(384K)->318K(384K) Class: 17K(128K)->17K(128K)
[2026-03-22T17:33:08.333+0900][4.097s][info][gc             ] GC(185) Pause Full (Ergonomics) 444M->101M(501M) 8.234ms
[2026-03-22T17:33:08.333+0900][4.097s][info][gc,cpu         ] GC(185) User=0.00s Sys=0.00s Real=0.01s
[2026-03-22T17:33:08.348+0900][4.111s][info][gc,start       ] GC(186) Pause Young (Allocation Failure)
[2026-03-22T17:33:08.353+0900][4.116s][info][gc,heap        ] GC(186) PSYoungGen: 152561K(163840K)->10496K(163840K) Eden: 152561K(153088K)->0K(153088K) From: 0K(10752K)->10496K(10752K)
[2026-03-22T17:33:08.353+0900][4.116s][info][gc,heap        ] GC(186) ParOldGen: 103430K(349696K)->197639K(349696K)
[2026-03-22T17:33:08.353+0900][4.116s][info][gc,metaspace   ] GC(186) Metaspace: 336K(512K)->336K(512K) NonClass: 318K(384K)->318K(384K) Class: 17K(128K)->17K(128K)
[2026-03-22T17:33:08.353+0900][4.116s][info][gc             ] GC(186) Pause Young (Allocation Failure) 249M->203M(501M) 4.810ms
[2026-03-22T17:33:08.353+0900][4.116s][info][gc,cpu         ] GC(186) User=0.00s Sys=0.00s Real=0.00s
[2026-03-22T17:33:08.367+0900][4.131s][info][gc,start       ] GC(187) Pause Young (Allocation Failure)
[2026-03-22T17:33:08.371+0900][4.135s][info][gc,heap        ] GC(187) PSYoungGen: 163057K(163840K)->10496K(163840K) Eden: 152561K(153088K)->0K(153088K) From: 10496K(10752K)->10496K(10752K)
[2026-03-22T17:33:08.371+0900][4.136s][info][gc,heap        ] GC(187) ParOldGen: 197639K(349696K)->291999K(349696K)
[2026-03-22T17:33:08.371+0900][4.136s][info][gc,metaspace   ] GC(187) Metaspace: 336K(512K)->336K(512K) NonClass: 318K(384K)->318K(384K) Class: 17K(128K)->17K(128K)
[2026-03-22T17:33:08.372+0900][4.136s][info][gc             ] GC(187) Pause Young (Allocation Failure) 352M->295M(501M) 4.861ms
[2026-03-22T17:33:08.372+0900][4.136s][info][gc,cpu         ] GC(187) User=0.05s Sys=0.02s Real=0.00s
[2026-03-22T17:33:08.386+0900][4.150s][info][gc,start       ] GC(188) Pause Full (Ergonomics)
[2026-03-22T17:33:08.386+0900][4.150s][info][gc,phases,start] GC(188) Marking Phase
[2026-03-22T17:33:08.387+0900][4.151s][info][gc,phases      ] GC(188) Marking Phase 0.870ms
[2026-03-22T17:33:08.387+0900][4.151s][info][gc,phases,start] GC(188) Summary Phase
[2026-03-22T17:33:08.387+0900][4.151s][info][gc,phases      ] GC(188) Summary Phase 0.049ms
[2026-03-22T17:33:08.387+0900][4.151s][info][gc,phases,start] GC(188) Adjust Roots
[2026-03-22T17:33:08.387+0900][4.151s][info][gc,phases      ] GC(188) Adjust Roots 0.252ms
[2026-03-22T17:33:08.387+0900][4.151s][info][gc,phases,start] GC(188) Compaction Phase
[2026-03-22T17:33:08.393+0900][4.157s][info][gc,phases      ] GC(188) Compaction Phase 5.459ms
[2026-03-22T17:33:08.393+0900][4.157s][info][gc,phases,start] GC(188) Post Compact
[2026-03-22T17:33:08.394+0900][4.158s][info][gc,phases      ] GC(188) Post Compact 1.395ms
[2026-03-22T17:33:08.394+0900][4.158s][info][gc,heap        ] GC(188) PSYoungGen: 163057K(163840K)->0K(163840K) Eden: 152561K(153088K)->0K(153088K) From: 10496K(10752K)->0K(10752K)
[2026-03-22T17:33:08.394+0900][4.158s][info][gc,heap        ] GC(188) ParOldGen: 291999K(349696K)->103430K(349696K)
[2026-03-22T17:33:08.394+0900][4.158s][info][gc,metaspace   ] GC(188) Metaspace: 336K(512K)->336K(512K) NonClass: 318K(384K)->318K(384K) Class: 17K(128K)->17K(128K)
[2026-03-22T17:33:08.394+0900][4.158s][info][gc             ] GC(188) Pause Full (Ergonomics) 444M->101M(501M) 8.315ms
[2026-03-22T17:33:08.394+0900][4.158s][info][gc,cpu         ] GC(188) User=0.00s Sys=0.00s Real=0.01s
[2026-03-22T17:33:08.409+0900][4.173s][info][gc,start       ] GC(189) Pause Young (Allocation Failure)
[2026-03-22T17:33:08.415+0900][4.179s][info][gc,heap        ] GC(189) PSYoungGen: 152561K(163840K)->10464K(163840K) Eden: 152561K(153088K)->0K(153088K) From: 0K(10752K)->10464K(10752K)
[2026-03-22T17:33:08.415+0900][4.179s][info][gc,heap        ] GC(189) ParOldGen: 103430K(349696K)->197639K(349696K)
[2026-03-22T17:33:08.415+0900][4.179s][info][gc,metaspace   ] GC(189) Metaspace: 336K(512K)->336K(512K) NonClass: 318K(384K)->318K(384K) Class: 17K(128K)->17K(128K)
[2026-03-22T17:33:08.415+0900][4.179s][info][gc             ] GC(189) Pause Young (Allocation Failure) 249M->203M(501M) 5.265ms
[2026-03-22T17:33:08.415+0900][4.179s][info][gc,cpu         ] GC(189) User=0.00s Sys=0.00s Real=0.01s
[2026-03-22T17:33:08.429+0900][4.193s][info][gc,start       ] GC(190) Pause Young (Allocation Failure)
[2026-03-22T17:33:08.434+0900][4.198s][info][gc,heap        ] GC(190) PSYoungGen: 163025K(163840K)->10464K(163840K) Eden: 152561K(153088K)->0K(153088K) From: 10464K(10752K)->10464K(10752K)
[2026-03-22T17:33:08.434+0900][4.198s][info][gc,heap        ] GC(190) ParOldGen: 197639K(349696K)->291999K(349696K)
[2026-03-22T17:33:08.434+0900][4.198s][info][gc,metaspace   ] GC(190) Metaspace: 336K(512K)->336K(512K) NonClass: 318K(384K)->318K(384K) Class: 17K(128K)->17K(128K)
[2026-03-22T17:33:08.434+0900][4.198s][info][gc             ] GC(190) Pause Young (Allocation Failure) 352M->295M(501M) 5.336ms
[2026-03-22T17:33:08.434+0900][4.198s][info][gc,cpu         ] GC(190) User=0.06s Sys=0.00s Real=0.01s
[2026-03-22T17:33:08.448+0900][4.212s][info][gc,start       ] GC(191) Pause Full (Ergonomics)
[2026-03-22T17:33:08.449+0900][4.212s][info][gc,phases,start] GC(191) Marking Phase
[2026-03-22T17:33:08.449+0900][4.213s][info][gc,phases      ] GC(191) Marking Phase 0.907ms
[2026-03-22T17:33:08.449+0900][4.213s][info][gc,phases,start] GC(191) Summary Phase
[2026-03-22T17:33:08.449+0900][4.213s][info][gc,phases      ] GC(191) Summary Phase 0.012ms
[2026-03-22T17:33:08.449+0900][4.213s][info][gc,phases,start] GC(191) Adjust Roots
[2026-03-22T17:33:08.450+0900][4.213s][info][gc,phases      ] GC(191) Adjust Roots 0.142ms
[2026-03-22T17:33:08.450+0900][4.213s][info][gc,phases,start] GC(191) Compaction Phase
[2026-03-22T17:33:08.455+0900][4.219s][info][gc,phases      ] GC(191) Compaction Phase 5.168ms
[2026-03-22T17:33:08.455+0900][4.219s][info][gc,phases,start] GC(191) Post Compact
[2026-03-22T17:33:08.456+0900][4.220s][info][gc,phases      ] GC(191) Post Compact 1.425ms
[2026-03-22T17:33:08.456+0900][4.220s][info][gc,heap        ] GC(191) PSYoungGen: 163025K(163840K)->0K(163840K) Eden: 152561K(153088K)->0K(153088K) From: 10464K(10752K)->0K(10752K)
[2026-03-22T17:33:08.456+0900][4.220s][info][gc,heap        ] GC(191) ParOldGen: 291999K(349696K)->103430K(349696K)
[2026-03-22T17:33:08.456+0900][4.220s][info][gc,metaspace   ] GC(191) Metaspace: 336K(512K)->336K(512K) NonClass: 318K(384K)->318K(384K) Class: 17K(128K)->17K(128K)
[2026-03-22T17:33:08.456+0900][4.220s][info][gc             ] GC(191) Pause Full (Ergonomics) 444M->101M(501M) 7.852ms
[2026-03-22T17:33:08.456+0900][4.220s][info][gc,cpu         ] GC(191) User=0.00s Sys=0.00s Real=0.01s
[2026-03-22T17:33:08.470+0900][4.234s][info][gc,start       ] GC(192) Pause Young (Allocation Failure)
[2026-03-22T17:33:08.475+0900][4.239s][info][gc,heap        ] GC(192) PSYoungGen: 152561K(163840K)->10496K(163840K) Eden: 152561K(153088K)->0K(153088K) From: 0K(10752K)->10496K(10752K)
[2026-03-22T17:33:08.475+0900][4.239s][info][gc,heap        ] GC(192) ParOldGen: 103430K(349696K)->197639K(349696K)
[2026-03-22T17:33:08.475+0900][4.239s][info][gc,metaspace   ] GC(192) Metaspace: 336K(512K)->336K(512K) NonClass: 318K(384K)->318K(384K) Class: 17K(128K)->17K(128K)
[2026-03-22T17:33:08.475+0900][4.239s][info][gc             ] GC(192) Pause Young (Allocation Failure) 249M->203M(501M) 4.862ms
[2026-03-22T17:33:08.475+0900][4.239s][info][gc,cpu         ] GC(192) User=0.00s Sys=0.00s Real=0.00s
[2026-03-22T17:33:08.489+0900][4.253s][info][gc,start       ] GC(193) Pause Young (Allocation Failure)
[2026-03-22T17:33:08.494+0900][4.258s][info][gc,heap        ] GC(193) PSYoungGen: 163057K(163840K)->10496K(163840K) Eden: 152561K(153088K)->0K(153088K) From: 10496K(10752K)->10496K(10752K)
[2026-03-22T17:33:08.494+0900][4.258s][info][gc,heap        ] GC(193) ParOldGen: 197639K(349696K)->291999K(349696K)
[2026-03-22T17:33:08.494+0900][4.258s][info][gc,metaspace   ] GC(193) Metaspace: 336K(512K)->336K(512K) NonClass: 318K(384K)->318K(384K) Class: 17K(128K)->17K(128K)
[2026-03-22T17:33:08.494+0900][4.258s][info][gc             ] GC(193) Pause Young (Allocation Failure) 352M->295M(501M) 4.801ms
[2026-03-22T17:33:08.494+0900][4.258s][info][gc,cpu         ] GC(193) User=0.00s Sys=0.00s Real=0.00s
[2026-03-22T17:33:08.509+0900][4.273s][info][gc,start       ] GC(194) Pause Full (Ergonomics)
[2026-03-22T17:33:08.509+0900][4.273s][info][gc,phases,start] GC(194) Marking Phase
[2026-03-22T17:33:08.510+0900][4.274s][info][gc,phases      ] GC(194) Marking Phase 0.984ms
[2026-03-22T17:33:08.510+0900][4.274s][info][gc,phases,start] GC(194) Summary Phase
[2026-03-22T17:33:08.510+0900][4.274s][info][gc,phases      ] GC(194) Summary Phase 0.014ms
[2026-03-22T17:33:08.510+0900][4.274s][info][gc,phases,start] GC(194) Adjust Roots
[2026-03-22T17:33:08.510+0900][4.274s][info][gc,phases      ] GC(194) Adjust Roots 0.160ms
[2026-03-22T17:33:08.510+0900][4.274s][info][gc,phases,start] GC(194) Compaction Phase
[2026-03-22T17:33:08.516+0900][4.280s][info][gc,phases      ] GC(194) Compaction Phase 5.288ms
[2026-03-22T17:33:08.516+0900][4.280s][info][gc,phases,start] GC(194) Post Compact
[2026-03-22T17:33:08.517+0900][4.281s][info][gc,phases      ] GC(194) Post Compact 1.356ms
[2026-03-22T17:33:08.517+0900][4.281s][info][gc,heap        ] GC(194) PSYoungGen: 163057K(163840K)->0K(163840K) Eden: 152561K(153088K)->0K(153088K) From: 10496K(10752K)->0K(10752K)
[2026-03-22T17:33:08.517+0900][4.281s][info][gc,heap        ] GC(194) ParOldGen: 291999K(349696K)->103430K(349696K)
[2026-03-22T17:33:08.517+0900][4.281s][info][gc,metaspace   ] GC(194) Metaspace: 336K(512K)->336K(512K) NonClass: 318K(384K)->318K(384K) Class: 17K(128K)->17K(128K)
[2026-03-22T17:33:08.517+0900][4.281s][info][gc             ] GC(194) Pause Full (Ergonomics) 444M->101M(501M) 8.020ms
[2026-03-22T17:33:08.517+0900][4.281s][info][gc,cpu         ] GC(194) User=0.06s Sys=0.00s Real=0.01s
[2026-03-22T17:33:08.531+0900][4.295s][info][gc,start       ] GC(195) Pause Young (Allocation Failure)
[2026-03-22T17:33:08.536+0900][4.300s][info][gc,heap        ] GC(195) PSYoungGen: 152561K(163840K)->10496K(163840K) Eden: 152561K(153088K)->0K(153088K) From: 0K(10752K)->10496K(10752K)
[2026-03-22T17:33:08.536+0900][4.300s][info][gc,heap        ] GC(195) ParOldGen: 103430K(349696K)->197639K(349696K)
[2026-03-22T17:33:08.536+0900][4.300s][info][gc,metaspace   ] GC(195) Metaspace: 336K(512K)->336K(512K) NonClass: 318K(384K)->318K(384K) Class: 17K(128K)->17K(128K)
[2026-03-22T17:33:08.536+0900][4.300s][info][gc             ] GC(195) Pause Young (Allocation Failure) 249M->203M(501M) 4.779ms
[2026-03-22T17:33:08.536+0900][4.300s][info][gc,cpu         ] GC(195) User=0.00s Sys=0.00s Real=0.01s
[2026-03-22T17:33:08.549+0900][4.314s][info][gc,start       ] GC(196) Pause Young (Allocation Failure)
[2026-03-22T17:33:08.554+0900][4.319s][info][gc,heap        ] GC(196) PSYoungGen: 163057K(163840K)->10496K(163840K) Eden: 152561K(153088K)->0K(153088K) From: 10496K(10752K)->10496K(10752K)
[2026-03-22T17:33:08.554+0900][4.319s][info][gc,heap        ] GC(196) ParOldGen: 197639K(349696K)->291999K(349696K)
[2026-03-22T17:33:08.554+0900][4.319s][info][gc,metaspace   ] GC(196) Metaspace: 336K(512K)->336K(512K) NonClass: 318K(384K)->318K(384K) Class: 17K(128K)->17K(128K)
[2026-03-22T17:33:08.554+0900][4.319s][info][gc             ] GC(196) Pause Young (Allocation Failure) 352M->295M(501M) 4.799ms
[2026-03-22T17:33:08.554+0900][4.319s][info][gc,cpu         ] GC(196) User=0.00s Sys=0.00s Real=0.00s
[2026-03-22T17:33:08.568+0900][4.333s][info][gc,start       ] GC(197) Pause Full (Ergonomics)
[2026-03-22T17:33:08.568+0900][4.333s][info][gc,phases,start] GC(197) Marking Phase
[2026-03-22T17:33:08.569+0900][4.334s][info][gc,phases      ] GC(197) Marking Phase 1.027ms
[2026-03-22T17:33:08.569+0900][4.334s][info][gc,phases,start] GC(197) Summary Phase
[2026-03-22T17:33:08.569+0900][4.334s][info][gc,phases      ] GC(197) Summary Phase 0.011ms
[2026-03-22T17:33:08.569+0900][4.334s][info][gc,phases,start] GC(197) Adjust Roots
[2026-03-22T17:33:08.570+0900][4.334s][info][gc,phases      ] GC(197) Adjust Roots 0.195ms
[2026-03-22T17:33:08.570+0900][4.334s][info][gc,phases,start] GC(197) Compaction Phase
[2026-03-22T17:33:08.576+0900][4.339s][info][gc,phases      ] GC(197) Compaction Phase 5.441ms
[2026-03-22T17:33:08.576+0900][4.340s][info][gc,phases,start] GC(197) Post Compact
[2026-03-22T17:33:08.577+0900][4.341s][info][gc,phases      ] GC(197) Post Compact 1.340ms
[2026-03-22T17:33:08.577+0900][4.341s][info][gc,heap        ] GC(197) PSYoungGen: 163057K(163840K)->0K(163840K) Eden: 152561K(153088K)->0K(153088K) From: 10496K(10752K)->0K(10752K)
[2026-03-22T17:33:08.577+0900][4.341s][info][gc,heap        ] GC(197) ParOldGen: 291999K(349696K)->103195K(349696K)
[2026-03-22T17:33:08.577+0900][4.341s][info][gc,metaspace   ] GC(197) Metaspace: 336K(512K)->336K(512K) NonClass: 318K(384K)->318K(384K) Class: 17K(128K)->17K(128K)
[2026-03-22T17:33:08.577+0900][4.341s][info][gc             ] GC(197) Pause Full (Ergonomics) 444M->100M(501M) 8.255ms
[2026-03-22T17:33:08.577+0900][4.341s][info][gc,cpu         ] GC(197) User=0.05s Sys=0.00s Real=0.01s
[2026-03-22T17:33:08.591+0900][4.355s][info][gc,start       ] GC(198) Pause Young (Allocation Failure)
[2026-03-22T17:33:08.596+0900][4.360s][info][gc,heap        ] GC(198) PSYoungGen: 152561K(163840K)->10496K(163840K) Eden: 152561K(153088K)->0K(153088K) From: 0K(10752K)->10496K(10752K)
[2026-03-22T17:33:08.596+0900][4.360s][info][gc,heap        ] GC(198) ParOldGen: 103195K(349696K)->197403K(349696K)
[2026-03-22T17:33:08.596+0900][4.360s][info][gc,metaspace   ] GC(198) Metaspace: 336K(512K)->336K(512K) NonClass: 318K(384K)->318K(384K) Class: 17K(128K)->17K(128K)
[2026-03-22T17:33:08.596+0900][4.360s][info][gc             ] GC(198) Pause Young (Allocation Failure) 249M->203M(501M) 4.722ms
[2026-03-22T17:33:08.596+0900][4.360s][info][gc,cpu         ] GC(198) User=0.00s Sys=0.00s Real=0.00s
[2026-03-22T17:33:08.610+0900][4.374s][info][gc,start       ] GC(199) Pause Young (Allocation Failure)
[2026-03-22T17:33:08.615+0900][4.379s][info][gc,heap        ] GC(199) PSYoungGen: 163057K(163840K)->10496K(163840K) Eden: 152561K(153088K)->0K(153088K) From: 10496K(10752K)->10496K(10752K)
[2026-03-22T17:33:08.615+0900][4.379s][info][gc,heap        ] GC(199) ParOldGen: 197403K(349696K)->291764K(349696K)
[2026-03-22T17:33:08.615+0900][4.379s][info][gc,metaspace   ] GC(199) Metaspace: 336K(512K)->336K(512K) NonClass: 318K(384K)->318K(384K) Class: 17K(128K)->17K(128K)
[2026-03-22T17:33:08.615+0900][4.379s][info][gc             ] GC(199) Pause Young (Allocation Failure) 352M->295M(501M) 4.780ms
[2026-03-22T17:33:08.615+0900][4.379s][info][gc,cpu         ] GC(199) User=0.00s Sys=0.00s Real=0.01s
[2026-03-22T17:33:08.629+0900][4.393s][info][gc,start       ] GC(200) Pause Full (Ergonomics)
[2026-03-22T17:33:08.629+0900][4.393s][info][gc,phases,start] GC(200) Marking Phase
[2026-03-22T17:33:08.630+0900][4.394s][info][gc,phases      ] GC(200) Marking Phase 1.037ms
[2026-03-22T17:33:08.630+0900][4.394s][info][gc,phases,start] GC(200) Summary Phase
[2026-03-22T17:33:08.630+0900][4.394s][info][gc,phases      ] GC(200) Summary Phase 0.013ms
[2026-03-22T17:33:08.630+0900][4.394s][info][gc,phases,start] GC(200) Adjust Roots
[2026-03-22T17:33:08.631+0900][4.394s][info][gc,phases      ] GC(200) Adjust Roots 0.148ms
[2026-03-22T17:33:08.631+0900][4.394s][info][gc,phases,start] GC(200) Compaction Phase
[2026-03-22T17:33:08.636+0900][4.400s][info][gc,phases      ] GC(200) Compaction Phase 5.320ms
[2026-03-22T17:33:08.636+0900][4.400s][info][gc,phases,start] GC(200) Post Compact
[2026-03-22T17:33:08.637+0900][4.401s][info][gc,phases      ] GC(200) Post Compact 1.358ms
[2026-03-22T17:33:08.637+0900][4.401s][info][gc,heap        ] GC(200) PSYoungGen: 163057K(163840K)->0K(163840K) Eden: 152561K(153088K)->0K(153088K) From: 10496K(10752K)->0K(10752K)
[2026-03-22T17:33:08.637+0900][4.401s][info][gc,heap        ] GC(200) ParOldGen: 291764K(349696K)->103430K(349696K)
[2026-03-22T17:33:08.637+0900][4.401s][info][gc,metaspace   ] GC(200) Metaspace: 336K(512K)->336K(512K) NonClass: 318K(384K)->318K(384K) Class: 17K(128K)->17K(128K)
[2026-03-22T17:33:08.637+0900][4.401s][info][gc             ] GC(200) Pause Full (Ergonomics) 444M->101M(501M) 8.106ms
[2026-03-22T17:33:08.637+0900][4.401s][info][gc,cpu         ] GC(200) User=0.06s Sys=0.00s Real=0.01s
[2026-03-22T17:33:08.651+0900][4.415s][info][gc,start       ] GC(201) Pause Young (Allocation Failure)
[2026-03-22T17:33:08.656+0900][4.420s][info][gc,heap        ] GC(201) PSYoungGen: 152561K(163840K)->10496K(163840K) Eden: 152561K(153088K)->0K(153088K) From: 0K(10752K)->10496K(10752K)
[2026-03-22T17:33:08.656+0900][4.420s][info][gc,heap        ] GC(201) ParOldGen: 103430K(349696K)->197639K(349696K)
[2026-03-22T17:33:08.656+0900][4.420s][info][gc,metaspace   ] GC(201) Metaspace: 336K(512K)->336K(512K) NonClass: 318K(384K)->318K(384K) Class: 17K(128K)->17K(128K)
[2026-03-22T17:33:08.656+0900][4.420s][info][gc             ] GC(201) Pause Young (Allocation Failure) 249M->203M(501M) 4.938ms
[2026-03-22T17:33:08.656+0900][4.420s][info][gc,cpu         ] GC(201) User=0.00s Sys=0.00s Real=0.00s
[2026-03-22T17:33:08.670+0900][4.434s][info][gc,start       ] GC(202) Pause Young (Allocation Failure)
[2026-03-22T17:33:08.675+0900][4.439s][info][gc,heap        ] GC(202) PSYoungGen: 163057K(163840K)->10496K(163840K) Eden: 152561K(153088K)->0K(153088K) From: 10496K(10752K)->10496K(10752K)
[2026-03-22T17:33:08.675+0900][4.439s][info][gc,heap        ] GC(202) ParOldGen: 197639K(349696K)->291999K(349696K)
[2026-03-22T17:33:08.675+0900][4.439s][info][gc,metaspace   ] GC(202) Metaspace: 336K(512K)->336K(512K) NonClass: 318K(384K)->318K(384K) Class: 17K(128K)->17K(128K)
[2026-03-22T17:33:08.675+0900][4.439s][info][gc             ] GC(202) Pause Young (Allocation Failure) 352M->295M(501M) 4.737ms
[2026-03-22T17:33:08.675+0900][4.439s][info][gc,cpu         ] GC(202) User=0.00s Sys=0.00s Real=0.00s
[2026-03-22T17:33:08.689+0900][4.452s][info][gc,start       ] GC(203) Pause Full (Ergonomics)
[2026-03-22T17:33:08.689+0900][4.452s][info][gc,phases,start] GC(203) Marking Phase
[2026-03-22T17:33:08.690+0900][4.453s][info][gc,phases      ] GC(203) Marking Phase 0.923ms
[2026-03-22T17:33:08.690+0900][4.453s][info][gc,phases,start] GC(203) Summary Phase
[2026-03-22T17:33:08.690+0900][4.453s][info][gc,phases      ] GC(203) Summary Phase 0.012ms
[2026-03-22T17:33:08.690+0900][4.453s][info][gc,phases,start] GC(203) Adjust Roots
[2026-03-22T17:33:08.690+0900][4.454s][info][gc,phases      ] GC(203) Adjust Roots 0.175ms
[2026-03-22T17:33:08.690+0900][4.454s][info][gc,phases,start] GC(203) Compaction Phase
[2026-03-22T17:33:08.695+0900][4.459s][info][gc,phases      ] GC(203) Compaction Phase 5.227ms
[2026-03-22T17:33:08.695+0900][4.459s][info][gc,phases,start] GC(203) Post Compact
[2026-03-22T17:33:08.696+0900][4.460s][info][gc,phases      ] GC(203) Post Compact 1.345ms
[2026-03-22T17:33:08.696+0900][4.460s][info][gc,heap        ] GC(203) PSYoungGen: 163057K(163840K)->0K(163840K) Eden: 152561K(153088K)->0K(153088K) From: 10496K(10752K)->0K(10752K)
[2026-03-22T17:33:08.696+0900][4.460s][info][gc,heap        ] GC(203) ParOldGen: 291999K(349696K)->103430K(349696K)
[2026-03-22T17:33:08.696+0900][4.460s][info][gc,metaspace   ] GC(203) Metaspace: 336K(512K)->336K(512K) NonClass: 318K(384K)->318K(384K) Class: 17K(128K)->17K(128K)
[2026-03-22T17:33:08.696+0900][4.460s][info][gc             ] GC(203) Pause Full (Ergonomics) 444M->101M(501M) 7.880ms
[2026-03-22T17:33:08.696+0900][4.460s][info][gc,cpu         ] GC(203) User=0.00s Sys=0.00s Real=0.01s
[2026-03-22T17:33:08.710+0900][4.474s][info][gc,start       ] GC(204) Pause Young (Allocation Failure)
[2026-03-22T17:33:08.715+0900][4.479s][info][gc,heap        ] GC(204) PSYoungGen: 152561K(163840K)->10496K(163840K) Eden: 152561K(153088K)->0K(153088K) From: 0K(10752K)->10496K(10752K)
[2026-03-22T17:33:08.715+0900][4.479s][info][gc,heap        ] GC(204) ParOldGen: 103430K(349696K)->197639K(349696K)
[2026-03-22T17:33:08.715+0900][4.479s][info][gc,metaspace   ] GC(204) Metaspace: 336K(512K)->336K(512K) NonClass: 318K(384K)->318K(384K) Class: 17K(128K)->17K(128K)
[2026-03-22T17:33:08.715+0900][4.479s][info][gc             ] GC(204) Pause Young (Allocation Failure) 249M->203M(501M) 4.640ms
[2026-03-22T17:33:08.715+0900][4.479s][info][gc,cpu         ] GC(204) User=0.06s Sys=0.00s Real=0.00s
[2026-03-22T17:33:08.729+0900][4.493s][info][gc,start       ] GC(205) Pause Young (Allocation Failure)
[2026-03-22T17:33:08.734+0900][4.498s][info][gc,heap        ] GC(205) PSYoungGen: 163057K(163840K)->10496K(163840K) Eden: 152561K(153088K)->0K(153088K) From: 10496K(10752K)->10496K(10752K)
[2026-03-22T17:33:08.734+0900][4.498s][info][gc,heap        ] GC(205) ParOldGen: 197639K(349696K)->291999K(349696K)
[2026-03-22T17:33:08.734+0900][4.498s][info][gc,metaspace   ] GC(205) Metaspace: 336K(512K)->336K(512K) NonClass: 318K(384K)->318K(384K) Class: 17K(128K)->17K(128K)
[2026-03-22T17:33:08.734+0900][4.498s][info][gc             ] GC(205) Pause Young (Allocation Failure) 352M->295M(501M) 4.585ms
[2026-03-22T17:33:08.734+0900][4.498s][info][gc,cpu         ] GC(205) User=0.00s Sys=0.00s Real=0.00s
[2026-03-22T17:33:08.748+0900][4.512s][info][gc,start       ] GC(206) Pause Full (Ergonomics)
[2026-03-22T17:33:08.748+0900][4.512s][info][gc,phases,start] GC(206) Marking Phase
[2026-03-22T17:33:08.749+0900][4.513s][info][gc,phases      ] GC(206) Marking Phase 1.193ms
[2026-03-22T17:33:08.749+0900][4.513s][info][gc,phases,start] GC(206) Summary Phase
[2026-03-22T17:33:08.749+0900][4.513s][info][gc,phases      ] GC(206) Summary Phase 0.014ms
[2026-03-22T17:33:08.749+0900][4.513s][info][gc,phases,start] GC(206) Adjust Roots
[2026-03-22T17:33:08.749+0900][4.513s][info][gc,phases      ] GC(206) Adjust Roots 0.167ms
[2026-03-22T17:33:08.749+0900][4.513s][info][gc,phases,start] GC(206) Compaction Phase
[2026-03-22T17:33:08.754+0900][4.519s][info][gc,phases      ] GC(206) Compaction Phase 5.248ms
[2026-03-22T17:33:08.754+0900][4.519s][info][gc,phases,start] GC(206) Post Compact
[2026-03-22T17:33:08.756+0900][4.520s][info][gc,phases      ] GC(206) Post Compact 1.392ms
[2026-03-22T17:33:08.756+0900][4.520s][info][gc,heap        ] GC(206) PSYoungGen: 163057K(163840K)->0K(163840K) Eden: 152561K(153088K)->0K(153088K) From: 10496K(10752K)->0K(10752K)
[2026-03-22T17:33:08.756+0900][4.520s][info][gc,heap        ] GC(206) ParOldGen: 291999K(349696K)->103430K(349696K)
[2026-03-22T17:33:08.756+0900][4.520s][info][gc,metaspace   ] GC(206) Metaspace: 336K(512K)->336K(512K) NonClass: 318K(384K)->318K(384K) Class: 17K(128K)->17K(128K)
[2026-03-22T17:33:08.756+0900][4.520s][info][gc             ] GC(206) Pause Full (Ergonomics) 444M->101M(501M) 8.347ms
[2026-03-22T17:33:08.756+0900][4.520s][info][gc,cpu         ] GC(206) User=0.00s Sys=0.00s Real=0.01s
[2026-03-22T17:33:08.769+0900][4.533s][info][gc,start       ] GC(207) Pause Young (Allocation Failure)
[2026-03-22T17:33:08.774+0900][4.538s][info][gc,heap        ] GC(207) PSYoungGen: 152561K(163840K)->10496K(163840K) Eden: 152561K(153088K)->0K(153088K) From: 0K(10752K)->10496K(10752K)
[2026-03-22T17:33:08.774+0900][4.538s][info][gc,heap        ] GC(207) ParOldGen: 103430K(349696K)->197639K(349696K)
[2026-03-22T17:33:08.774+0900][4.538s][info][gc,metaspace   ] GC(207) Metaspace: 336K(512K)->336K(512K) NonClass: 318K(384K)->318K(384K) Class: 17K(128K)->17K(128K)
[2026-03-22T17:33:08.774+0900][4.538s][info][gc             ] GC(207) Pause Young (Allocation Failure) 249M->203M(501M) 4.748ms
[2026-03-22T17:33:08.774+0900][4.538s][info][gc,cpu         ] GC(207) User=0.00s Sys=0.00s Real=0.00s
[2026-03-22T17:33:08.788+0900][4.552s][info][gc,start       ] GC(208) Pause Young (Allocation Failure)
[2026-03-22T17:33:08.792+0900][4.556s][info][gc,heap        ] GC(208) PSYoungGen: 163057K(163840K)->10496K(163840K) Eden: 152561K(153088K)->0K(153088K) From: 10496K(10752K)->10496K(10752K)
[2026-03-22T17:33:08.792+0900][4.556s][info][gc,heap        ] GC(208) ParOldGen: 197639K(349696K)->291999K(349696K)
[2026-03-22T17:33:08.792+0900][4.556s][info][gc,metaspace   ] GC(208) Metaspace: 336K(512K)->336K(512K) NonClass: 318K(384K)->318K(384K) Class: 17K(128K)->17K(128K)
[2026-03-22T17:33:08.792+0900][4.556s][info][gc             ] GC(208) Pause Young (Allocation Failure) 352M->295M(501M) 4.535ms
[2026-03-22T17:33:08.792+0900][4.556s][info][gc,cpu         ] GC(208) User=0.05s Sys=0.02s Real=0.00s
[2026-03-22T17:33:08.806+0900][4.570s][info][gc,start       ] GC(209) Pause Full (Ergonomics)
[2026-03-22T17:33:08.806+0900][4.570s][info][gc,phases,start] GC(209) Marking Phase
[2026-03-22T17:33:08.807+0900][4.571s][info][gc,phases      ] GC(209) Marking Phase 1.005ms
[2026-03-22T17:33:08.807+0900][4.571s][info][gc,phases,start] GC(209) Summary Phase
[2026-03-22T17:33:08.807+0900][4.571s][info][gc,phases      ] GC(209) Summary Phase 0.021ms
[2026-03-22T17:33:08.807+0900][4.571s][info][gc,phases,start] GC(209) Adjust Roots
[2026-03-22T17:33:08.807+0900][4.572s][info][gc,phases      ] GC(209) Adjust Roots 0.146ms
[2026-03-22T17:33:08.807+0900][4.572s][info][gc,phases,start] GC(209) Compaction Phase
[2026-03-22T17:33:08.812+0900][4.577s][info][gc,phases      ] GC(209) Compaction Phase 5.065ms
[2026-03-22T17:33:08.812+0900][4.577s][info][gc,phases,start] GC(209) Post Compact
[2026-03-22T17:33:08.814+0900][4.578s][info][gc,phases      ] GC(209) Post Compact 1.250ms
[2026-03-22T17:33:08.814+0900][4.578s][info][gc,heap        ] GC(209) PSYoungGen: 163057K(163840K)->0K(163840K) Eden: 152561K(153088K)->0K(153088K) From: 10496K(10752K)->0K(10752K)
[2026-03-22T17:33:08.814+0900][4.578s][info][gc,heap        ] GC(209) ParOldGen: 291999K(349696K)->103430K(349696K)
[2026-03-22T17:33:08.814+0900][4.578s][info][gc,metaspace   ] GC(209) Metaspace: 336K(512K)->336K(512K) NonClass: 318K(384K)->318K(384K) Class: 17K(128K)->17K(128K)
[2026-03-22T17:33:08.814+0900][4.578s][info][gc             ] GC(209) Pause Full (Ergonomics) 444M->101M(501M) 7.664ms
[2026-03-22T17:33:08.814+0900][4.578s][info][gc,cpu         ] GC(209) User=0.00s Sys=0.00s Real=0.01s
[2026-03-22T17:33:08.827+0900][4.592s][info][gc,start       ] GC(210) Pause Young (Allocation Failure)
[2026-03-22T17:33:08.832+0900][4.596s][info][gc,heap        ] GC(210) PSYoungGen: 152561K(163840K)->10496K(163840K) Eden: 152561K(153088K)->0K(153088K) From: 0K(10752K)->10496K(10752K)
[2026-03-22T17:33:08.832+0900][4.596s][info][gc,heap        ] GC(210) ParOldGen: 103430K(349696K)->197639K(349696K)
[2026-03-22T17:33:08.832+0900][4.596s][info][gc,metaspace   ] GC(210) Metaspace: 336K(512K)->336K(512K) NonClass: 318K(384K)->318K(384K) Class: 17K(128K)->17K(128K)
[2026-03-22T17:33:08.832+0900][4.596s][info][gc             ] GC(210) Pause Young (Allocation Failure) 249M->203M(501M) 4.372ms
[2026-03-22T17:33:08.832+0900][4.596s][info][gc,cpu         ] GC(210) User=0.00s Sys=0.00s Real=0.01s
[2026-03-22T17:33:08.845+0900][4.610s][info][gc,start       ] GC(211) Pause Young (Allocation Failure)
[2026-03-22T17:33:08.850+0900][4.614s][info][gc,heap        ] GC(211) PSYoungGen: 163057K(163840K)->10496K(163840K) Eden: 152561K(153088K)->0K(153088K) From: 10496K(10752K)->10496K(10752K)
[2026-03-22T17:33:08.850+0900][4.614s][info][gc,heap        ] GC(211) ParOldGen: 197639K(349696K)->291999K(349696K)
[2026-03-22T17:33:08.850+0900][4.614s][info][gc,metaspace   ] GC(211) Metaspace: 336K(512K)->336K(512K) NonClass: 318K(384K)->318K(384K) Class: 17K(128K)->17K(128K)
[2026-03-22T17:33:08.850+0900][4.614s][info][gc             ] GC(211) Pause Young (Allocation Failure) 352M->295M(501M) 4.384ms
[2026-03-22T17:33:08.850+0900][4.614s][info][gc,cpu         ] GC(211) User=0.00s Sys=0.00s Real=0.00s
[2026-03-22T17:33:08.865+0900][4.629s][info][gc,start       ] GC(212) Pause Full (Ergonomics)
[2026-03-22T17:33:08.865+0900][4.629s][info][gc,phases,start] GC(212) Marking Phase
[2026-03-22T17:33:08.866+0900][4.630s][info][gc,phases      ] GC(212) Marking Phase 1.051ms
[2026-03-22T17:33:08.866+0900][4.630s][info][gc,phases,start] GC(212) Summary Phase
[2026-03-22T17:33:08.866+0900][4.630s][info][gc,phases      ] GC(212) Summary Phase 0.013ms
[2026-03-22T17:33:08.866+0900][4.630s][info][gc,phases,start] GC(212) Adjust Roots
[2026-03-22T17:33:08.866+0900][4.630s][info][gc,phases      ] GC(212) Adjust Roots 0.196ms
[2026-03-22T17:33:08.866+0900][4.630s][info][gc,phases,start] GC(212) Compaction Phase
[2026-03-22T17:33:08.871+0900][4.636s][info][gc,phases      ] GC(212) Compaction Phase 5.812ms
[2026-03-22T17:33:08.871+0900][4.636s][info][gc,phases,start] GC(212) Post Compact
[2026-03-22T17:33:08.873+0900][4.637s][info][gc,phases      ] GC(212) Post Compact 1.277ms
[2026-03-22T17:33:08.873+0900][4.637s][info][gc,heap        ] GC(212) PSYoungGen: 163057K(163840K)->0K(163840K) Eden: 152561K(153088K)->0K(153088K) From: 10496K(10752K)->0K(10752K)
[2026-03-22T17:33:08.873+0900][4.637s][info][gc,heap        ] GC(212) ParOldGen: 291999K(349696K)->103430K(349696K)
[2026-03-22T17:33:08.873+0900][4.637s][info][gc,metaspace   ] GC(212) Metaspace: 336K(512K)->336K(512K) NonClass: 318K(384K)->318K(384K) Class: 17K(128K)->17K(128K)
[2026-03-22T17:33:08.873+0900][4.637s][info][gc             ] GC(212) Pause Full (Ergonomics) 444M->101M(501M) 8.662ms
[2026-03-22T17:33:08.873+0900][4.637s][info][gc,cpu         ] GC(212) User=0.06s Sys=0.00s Real=0.01s
[2026-03-22T17:33:08.887+0900][4.651s][info][gc,start       ] GC(213) Pause Young (Allocation Failure)
[2026-03-22T17:33:08.892+0900][4.656s][info][gc,heap        ] GC(213) PSYoungGen: 152561K(163840K)->10496K(163840K) Eden: 152561K(153088K)->0K(153088K) From: 0K(10752K)->10496K(10752K)
[2026-03-22T17:33:08.892+0900][4.656s][info][gc,heap        ] GC(213) ParOldGen: 103430K(349696K)->197639K(349696K)
[2026-03-22T17:33:08.892+0900][4.656s][info][gc,metaspace   ] GC(213) Metaspace: 336K(512K)->336K(512K) NonClass: 318K(384K)->318K(384K) Class: 17K(128K)->17K(128K)
[2026-03-22T17:33:08.892+0900][4.656s][info][gc             ] GC(213) Pause Young (Allocation Failure) 249M->203M(501M) 5.050ms
[2026-03-22T17:33:08.892+0900][4.656s][info][gc,cpu         ] GC(213) User=0.00s Sys=0.00s Real=0.00s
[2026-03-22T17:33:08.906+0900][4.670s][info][gc,start       ] GC(214) Pause Young (Allocation Failure)
[2026-03-22T17:33:08.911+0900][4.674s][info][gc,heap        ] GC(214) PSYoungGen: 163057K(163840K)->10496K(163840K) Eden: 152561K(153088K)->0K(153088K) From: 10496K(10752K)->10496K(10752K)
[2026-03-22T17:33:08.911+0900][4.674s][info][gc,heap        ] GC(214) ParOldGen: 197639K(349696K)->291999K(349696K)
[2026-03-22T17:33:08.911+0900][4.674s][info][gc,metaspace   ] GC(214) Metaspace: 336K(512K)->336K(512K) NonClass: 318K(384K)->318K(384K) Class: 17K(128K)->17K(128K)
[2026-03-22T17:33:08.911+0900][4.674s][info][gc             ] GC(214) Pause Young (Allocation Failure) 352M->295M(501M) 4.699ms
[2026-03-22T17:33:08.911+0900][4.674s][info][gc,cpu         ] GC(214) User=0.00s Sys=0.00s Real=0.01s
[2026-03-22T17:33:08.925+0900][4.689s][info][gc,start       ] GC(215) Pause Full (Ergonomics)
[2026-03-22T17:33:08.925+0900][4.689s][info][gc,phases,start] GC(215) Marking Phase
[2026-03-22T17:33:08.926+0900][4.690s][info][gc,phases      ] GC(215) Marking Phase 0.950ms
[2026-03-22T17:33:08.926+0900][4.690s][info][gc,phases,start] GC(215) Summary Phase
[2026-03-22T17:33:08.926+0900][4.690s][info][gc,phases      ] GC(215) Summary Phase 0.015ms
[2026-03-22T17:33:08.926+0900][4.690s][info][gc,phases,start] GC(215) Adjust Roots
[2026-03-22T17:33:08.926+0900][4.690s][info][gc,phases      ] GC(215) Adjust Roots 0.209ms
[2026-03-22T17:33:08.926+0900][4.690s][info][gc,phases,start] GC(215) Compaction Phase
[2026-03-22T17:33:08.933+0900][4.697s][info][gc,phases      ] GC(215) Compaction Phase 6.757ms
[2026-03-22T17:33:08.933+0900][4.697s][info][gc,phases,start] GC(215) Post Compact
[2026-03-22T17:33:08.935+0900][4.698s][info][gc,phases      ] GC(215) Post Compact 1.353ms
[2026-03-22T17:33:08.935+0900][4.698s][info][gc,heap        ] GC(215) PSYoungGen: 163057K(163840K)->0K(163840K) Eden: 152561K(153088K)->0K(153088K) From: 10496K(10752K)->0K(10752K)
[2026-03-22T17:33:08.935+0900][4.698s][info][gc,heap        ] GC(215) ParOldGen: 291999K(349696K)->103430K(349696K)
[2026-03-22T17:33:08.935+0900][4.698s][info][gc,metaspace   ] GC(215) Metaspace: 336K(512K)->336K(512K) NonClass: 318K(384K)->318K(384K) Class: 17K(128K)->17K(128K)
[2026-03-22T17:33:08.935+0900][4.698s][info][gc             ] GC(215) Pause Full (Ergonomics) 444M->101M(501M) 9.566ms
[2026-03-22T17:33:08.935+0900][4.698s][info][gc,cpu         ] GC(215) User=0.06s Sys=0.00s Real=0.01s
[2026-03-22T17:33:08.948+0900][4.712s][info][gc,start       ] GC(216) Pause Young (Allocation Failure)
[2026-03-22T17:33:08.953+0900][4.717s][info][gc,heap        ] GC(216) PSYoungGen: 152561K(163840K)->10496K(163840K) Eden: 152561K(153088K)->0K(153088K) From: 0K(10752K)->10496K(10752K)
[2026-03-22T17:33:08.953+0900][4.717s][info][gc,heap        ] GC(216) ParOldGen: 103430K(349696K)->197639K(349696K)
[2026-03-22T17:33:08.953+0900][4.717s][info][gc,metaspace   ] GC(216) Metaspace: 336K(512K)->336K(512K) NonClass: 318K(384K)->318K(384K) Class: 17K(128K)->17K(128K)
[2026-03-22T17:33:08.953+0900][4.717s][info][gc             ] GC(216) Pause Young (Allocation Failure) 249M->203M(501M) 4.496ms
[2026-03-22T17:33:08.953+0900][4.717s][info][gc,cpu         ] GC(216) User=0.00s Sys=0.00s Real=0.01s
[2026-03-22T17:33:08.966+0900][4.731s][info][gc,start       ] GC(217) Pause Young (Allocation Failure)
[2026-03-22T17:33:08.971+0900][4.735s][info][gc,heap        ] GC(217) PSYoungGen: 163057K(163840K)->10496K(163840K) Eden: 152561K(153088K)->0K(153088K) From: 10496K(10752K)->10496K(10752K)
[2026-03-22T17:33:08.971+0900][4.735s][info][gc,heap        ] GC(217) ParOldGen: 197639K(349696K)->291999K(349696K)
[2026-03-22T17:33:08.971+0900][4.735s][info][gc,metaspace   ] GC(217) Metaspace: 336K(512K)->336K(512K) NonClass: 318K(384K)->318K(384K) Class: 17K(128K)->17K(128K)
[2026-03-22T17:33:08.971+0900][4.735s][info][gc             ] GC(217) Pause Young (Allocation Failure) 352M->295M(501M) 4.638ms
[2026-03-22T17:33:08.971+0900][4.735s][info][gc,cpu         ] GC(217) User=0.00s Sys=0.00s Real=0.00s
[2026-03-22T17:33:08.985+0900][4.749s][info][gc,start       ] GC(218) Pause Full (Ergonomics)
[2026-03-22T17:33:08.986+0900][4.750s][info][gc,phases,start] GC(218) Marking Phase
[2026-03-22T17:33:08.987+0900][4.751s][info][gc,phases      ] GC(218) Marking Phase 1.015ms
[2026-03-22T17:33:08.987+0900][4.751s][info][gc,phases,start] GC(218) Summary Phase
[2026-03-22T17:33:08.987+0900][4.751s][info][gc,phases      ] GC(218) Summary Phase 0.013ms
[2026-03-22T17:33:08.987+0900][4.751s][info][gc,phases,start] GC(218) Adjust Roots
[2026-03-22T17:33:08.987+0900][4.751s][info][gc,phases      ] GC(218) Adjust Roots 0.143ms
[2026-03-22T17:33:08.987+0900][4.751s][info][gc,phases,start] GC(218) Compaction Phase
[2026-03-22T17:33:08.992+0900][4.756s][info][gc,phases      ] GC(218) Compaction Phase 5.458ms
[2026-03-22T17:33:08.992+0900][4.756s][info][gc,phases,start] GC(218) Post Compact
[2026-03-22T17:33:08.994+0900][4.758s][info][gc,phases      ] GC(218) Post Compact 1.334ms
[2026-03-22T17:33:08.994+0900][4.758s][info][gc,heap        ] GC(218) PSYoungGen: 163057K(163840K)->0K(163840K) Eden: 152561K(153088K)->0K(153088K) From: 10496K(10752K)->0K(10752K)
[2026-03-22T17:33:08.994+0900][4.758s][info][gc,heap        ] GC(218) ParOldGen: 291999K(349696K)->103430K(349696K)
[2026-03-22T17:33:08.994+0900][4.758s][info][gc,metaspace   ] GC(218) Metaspace: 336K(512K)->336K(512K) NonClass: 318K(384K)->318K(384K) Class: 17K(128K)->17K(128K)
[2026-03-22T17:33:08.994+0900][4.758s][info][gc             ] GC(218) Pause Full (Ergonomics) 444M->101M(501M) 8.180ms
[2026-03-22T17:33:08.994+0900][4.758s][info][gc,cpu         ] GC(218) User=0.00s Sys=0.00s Real=0.01s
[2026-03-22T17:33:09.008+0900][4.772s][info][gc,start       ] GC(219) Pause Young (Allocation Failure)
[2026-03-22T17:33:09.012+0900][4.777s][info][gc,heap        ] GC(219) PSYoungGen: 152561K(163840K)->10464K(163840K) Eden: 152561K(153088K)->0K(153088K) From: 0K(10752K)->10464K(10752K)
[2026-03-22T17:33:09.012+0900][4.777s][info][gc,heap        ] GC(219) ParOldGen: 103430K(349696K)->197639K(349696K)
[2026-03-22T17:33:09.012+0900][4.777s][info][gc,metaspace   ] GC(219) Metaspace: 336K(512K)->336K(512K) NonClass: 318K(384K)->318K(384K) Class: 17K(128K)->17K(128K)
[2026-03-22T17:33:09.012+0900][4.777s][info][gc             ] GC(219) Pause Young (Allocation Failure) 249M->203M(501M) 4.459ms
[2026-03-22T17:33:09.012+0900][4.777s][info][gc,cpu         ] GC(219) User=0.06s Sys=0.00s Real=0.00s
[2026-03-22T17:33:09.028+0900][4.791s][info][gc,start       ] GC(220) Pause Young (Allocation Failure)
[2026-03-22T17:33:09.032+0900][4.796s][info][gc,heap        ] GC(220) PSYoungGen: 163025K(163840K)->10432K(163840K) Eden: 152561K(153088K)->0K(153088K) From: 10464K(10752K)->10432K(10752K)
[2026-03-22T17:33:09.032+0900][4.796s][info][gc,heap        ] GC(220) ParOldGen: 197639K(349696K)->291999K(349696K)
[2026-03-22T17:33:09.032+0900][4.796s][info][gc,metaspace   ] GC(220) Metaspace: 336K(512K)->336K(512K) NonClass: 318K(384K)->318K(384K) Class: 17K(128K)->17K(128K)
[2026-03-22T17:33:09.032+0900][4.796s][info][gc             ] GC(220) Pause Young (Allocation Failure) 352M->295M(501M) 4.664ms
[2026-03-22T17:33:09.032+0900][4.796s][info][gc,cpu         ] GC(220) User=0.00s Sys=0.00s Real=0.00s
[2026-03-22T17:33:09.046+0900][4.810s][info][gc,start       ] GC(221) Pause Full (Ergonomics)
[2026-03-22T17:33:09.046+0900][4.810s][info][gc,phases,start] GC(221) Marking Phase
[2026-03-22T17:33:09.047+0900][4.811s][info][gc,phases      ] GC(221) Marking Phase 0.994ms
[2026-03-22T17:33:09.047+0900][4.812s][info][gc,phases,start] GC(221) Summary Phase
[2026-03-22T17:33:09.047+0900][4.812s][info][gc,phases      ] GC(221) Summary Phase 0.020ms
[2026-03-22T17:33:09.047+0900][4.812s][info][gc,phases,start] GC(221) Adjust Roots
[2026-03-22T17:33:09.048+0900][4.812s][info][gc,phases      ] GC(221) Adjust Roots 0.226ms
[2026-03-22T17:33:09.048+0900][4.812s][info][gc,phases,start] GC(221) Compaction Phase
[2026-03-22T17:33:09.054+0900][4.817s][info][gc,phases      ] GC(221) Compaction Phase 5.567ms
[2026-03-22T17:33:09.054+0900][4.817s][info][gc,phases,start] GC(221) Post Compact
[2026-03-22T17:33:09.055+0900][4.819s][info][gc,phases      ] GC(221) Post Compact 1.450ms
[2026-03-22T17:33:09.055+0900][4.819s][info][gc,heap        ] GC(221) PSYoungGen: 162993K(163840K)->0K(163840K) Eden: 152561K(153088K)->0K(153088K) From: 10432K(10752K)->0K(10752K)
[2026-03-22T17:33:09.055+0900][4.819s][info][gc,heap        ] GC(221) ParOldGen: 291999K(349696K)->103430K(349696K)
[2026-03-22T17:33:09.055+0900][4.819s][info][gc,metaspace   ] GC(221) Metaspace: 336K(512K)->336K(512K) NonClass: 318K(384K)->318K(384K) Class: 17K(128K)->17K(128K)
[2026-03-22T17:33:09.055+0900][4.819s][info][gc             ] GC(221) Pause Full (Ergonomics) 444M->101M(501M) 8.611ms
[2026-03-22T17:33:09.055+0900][4.819s][info][gc,cpu         ] GC(221) User=0.00s Sys=0.00s Real=0.01s
[2026-03-22T17:33:09.069+0900][4.833s][info][gc,start       ] GC(222) Pause Young (Allocation Failure)
[2026-03-22T17:33:09.074+0900][4.838s][info][gc,heap        ] GC(222) PSYoungGen: 152561K(163840K)->10496K(163840K) Eden: 152561K(153088K)->0K(153088K) From: 0K(10752K)->10496K(10752K)
[2026-03-22T17:33:09.074+0900][4.838s][info][gc,heap        ] GC(222) ParOldGen: 103430K(349696K)->197639K(349696K)
[2026-03-22T17:33:09.074+0900][4.838s][info][gc,metaspace   ] GC(222) Metaspace: 336K(512K)->336K(512K) NonClass: 318K(384K)->318K(384K) Class: 17K(128K)->17K(128K)
[2026-03-22T17:33:09.074+0900][4.838s][info][gc             ] GC(222) Pause Young (Allocation Failure) 249M->203M(501M) 5.102ms
[2026-03-22T17:33:09.074+0900][4.838s][info][gc,cpu         ] GC(222) User=0.06s Sys=0.00s Real=0.00s
[2026-03-22T17:33:09.088+0900][4.852s][info][gc,start       ] GC(223) Pause Young (Allocation Failure)
[2026-03-22T17:33:09.093+0900][4.857s][info][gc,heap        ] GC(223) PSYoungGen: 163057K(163840K)->10496K(163840K) Eden: 152561K(153088K)->0K(153088K) From: 10496K(10752K)->10496K(10752K)
[2026-03-22T17:33:09.093+0900][4.857s][info][gc,heap        ] GC(223) ParOldGen: 197639K(349696K)->291999K(349696K)
[2026-03-22T17:33:09.093+0900][4.857s][info][gc,metaspace   ] GC(223) Metaspace: 336K(512K)->336K(512K) NonClass: 318K(384K)->318K(384K) Class: 17K(128K)->17K(128K)
[2026-03-22T17:33:09.093+0900][4.857s][info][gc             ] GC(223) Pause Young (Allocation Failure) 352M->295M(501M) 4.641ms
[2026-03-22T17:33:09.093+0900][4.857s][info][gc,cpu         ] GC(223) User=0.00s Sys=0.00s Real=0.00s
[2026-03-22T17:33:09.107+0900][4.871s][info][gc,start       ] GC(224) Pause Full (Ergonomics)
[2026-03-22T17:33:09.107+0900][4.871s][info][gc,phases,start] GC(224) Marking Phase
[2026-03-22T17:33:09.109+0900][4.872s][info][gc,phases      ] GC(224) Marking Phase 1.046ms
[2026-03-22T17:33:09.109+0900][4.872s][info][gc,phases,start] GC(224) Summary Phase
[2026-03-22T17:33:09.109+0900][4.872s][info][gc,phases      ] GC(224) Summary Phase 0.017ms
[2026-03-22T17:33:09.109+0900][4.872s][info][gc,phases,start] GC(224) Adjust Roots
[2026-03-22T17:33:09.109+0900][4.873s][info][gc,phases      ] GC(224) Adjust Roots 0.153ms
[2026-03-22T17:33:09.109+0900][4.873s][info][gc,phases,start] GC(224) Compaction Phase
[2026-03-22T17:33:09.114+0900][4.878s][info][gc,phases      ] GC(224) Compaction Phase 5.230ms
[2026-03-22T17:33:09.114+0900][4.878s][info][gc,phases,start] GC(224) Post Compact
[2026-03-22T17:33:09.115+0900][4.879s][info][gc,phases      ] GC(224) Post Compact 1.353ms
[2026-03-22T17:33:09.115+0900][4.879s][info][gc,heap        ] GC(224) PSYoungGen: 163057K(163840K)->0K(163840K) Eden: 152561K(153088K)->0K(153088K) From: 10496K(10752K)->0K(10752K)
[2026-03-22T17:33:09.115+0900][4.879s][info][gc,heap        ] GC(224) ParOldGen: 291999K(349696K)->103430K(349696K)
[2026-03-22T17:33:09.115+0900][4.879s][info][gc,metaspace   ] GC(224) Metaspace: 336K(512K)->336K(512K) NonClass: 318K(384K)->318K(384K) Class: 17K(128K)->17K(128K)
[2026-03-22T17:33:09.115+0900][4.879s][info][gc             ] GC(224) Pause Full (Ergonomics) 444M->101M(501M) 8.015ms
[2026-03-22T17:33:09.115+0900][4.879s][info][gc,cpu         ] GC(224) User=0.00s Sys=0.00s Real=0.01s
[2026-03-22T17:33:09.130+0900][4.894s][info][gc,start       ] GC(225) Pause Young (Allocation Failure)
[2026-03-22T17:33:09.134+0900][4.899s][info][gc,heap        ] GC(225) PSYoungGen: 152561K(163840K)->10496K(163840K) Eden: 152561K(153088K)->0K(153088K) From: 0K(10752K)->10496K(10752K)
[2026-03-22T17:33:09.134+0900][4.899s][info][gc,heap        ] GC(225) ParOldGen: 103430K(349696K)->197639K(349696K)
[2026-03-22T17:33:09.134+0900][4.899s][info][gc,metaspace   ] GC(225) Metaspace: 336K(512K)->336K(512K) NonClass: 318K(384K)->318K(384K) Class: 17K(128K)->17K(128K)
[2026-03-22T17:33:09.134+0900][4.899s][info][gc             ] GC(225) Pause Young (Allocation Failure) 249M->203M(501M) 4.903ms
[2026-03-22T17:33:09.134+0900][4.899s][info][gc,cpu         ] GC(225) User=0.00s Sys=0.00s Real=0.00s
[2026-03-22T17:33:09.149+0900][4.913s][info][gc,start       ] GC(226) Pause Young (Allocation Failure)
[2026-03-22T17:33:09.155+0900][4.918s][info][gc,heap        ] GC(226) PSYoungGen: 163057K(163840K)->10496K(163840K) Eden: 152561K(153088K)->0K(153088K) From: 10496K(10752K)->10496K(10752K)
[2026-03-22T17:33:09.155+0900][4.918s][info][gc,heap        ] GC(226) ParOldGen: 197639K(349696K)->291999K(349696K)
[2026-03-22T17:33:09.155+0900][4.918s][info][gc,metaspace   ] GC(226) Metaspace: 336K(512K)->336K(512K) NonClass: 318K(384K)->318K(384K) Class: 17K(128K)->17K(128K)
[2026-03-22T17:33:09.155+0900][4.918s][info][gc             ] GC(226) Pause Young (Allocation Failure) 352M->295M(501M) 5.367ms
[2026-03-22T17:33:09.155+0900][4.918s][info][gc,cpu         ] GC(226) User=0.06s Sys=0.00s Real=0.01s
[2026-03-22T17:33:09.169+0900][4.933s][info][gc,start       ] GC(227) Pause Full (Ergonomics)
[2026-03-22T17:33:09.169+0900][4.933s][info][gc,phases,start] GC(227) Marking Phase
[2026-03-22T17:33:09.170+0900][4.934s][info][gc,phases      ] GC(227) Marking Phase 1.179ms
[2026-03-22T17:33:09.171+0900][4.934s][info][gc,phases,start] GC(227) Summary Phase
[2026-03-22T17:33:09.171+0900][4.934s][info][gc,phases      ] GC(227) Summary Phase 0.021ms
[2026-03-22T17:33:09.171+0900][4.934s][info][gc,phases,start] GC(227) Adjust Roots
[2026-03-22T17:33:09.171+0900][4.935s][info][gc,phases      ] GC(227) Adjust Roots 0.478ms
[2026-03-22T17:33:09.171+0900][4.935s][info][gc,phases,start] GC(227) Compaction Phase
[2026-03-22T17:33:09.177+0900][4.941s][info][gc,phases      ] GC(227) Compaction Phase 5.856ms
[2026-03-22T17:33:09.177+0900][4.941s][info][gc,phases,start] GC(227) Post Compact
[2026-03-22T17:33:09.178+0900][4.942s][info][gc,phases      ] GC(227) Post Compact 1.283ms
[2026-03-22T17:33:09.178+0900][4.942s][info][gc,heap        ] GC(227) PSYoungGen: 163057K(163840K)->0K(163840K) Eden: 152561K(153088K)->0K(153088K) From: 10496K(10752K)->0K(10752K)
[2026-03-22T17:33:09.178+0900][4.942s][info][gc,heap        ] GC(227) ParOldGen: 291999K(349696K)->103430K(349696K)
[2026-03-22T17:33:09.178+0900][4.942s][info][gc,metaspace   ] GC(227) Metaspace: 336K(512K)->336K(512K) NonClass: 318K(384K)->318K(384K) Class: 17K(128K)->17K(128K)
[2026-03-22T17:33:09.178+0900][4.942s][info][gc             ] GC(227) Pause Full (Ergonomics) 444M->101M(501M) 9.128ms
[2026-03-22T17:33:09.178+0900][4.942s][info][gc,cpu         ] GC(227) User=0.00s Sys=0.00s Real=0.01s
[2026-03-22T17:33:09.192+0900][4.956s][info][gc,start       ] GC(228) Pause Young (Allocation Failure)
[2026-03-22T17:33:09.197+0900][4.961s][info][gc,heap        ] GC(228) PSYoungGen: 152561K(163840K)->10496K(163840K) Eden: 152561K(153088K)->0K(153088K) From: 0K(10752K)->10496K(10752K)
[2026-03-22T17:33:09.197+0900][4.961s][info][gc,heap        ] GC(228) ParOldGen: 103430K(349696K)->197639K(349696K)
[2026-03-22T17:33:09.197+0900][4.961s][info][gc,metaspace   ] GC(228) Metaspace: 336K(512K)->336K(512K) NonClass: 318K(384K)->318K(384K) Class: 17K(128K)->17K(128K)
[2026-03-22T17:33:09.197+0900][4.961s][info][gc             ] GC(228) Pause Young (Allocation Failure) 249M->203M(501M) 4.969ms
[2026-03-22T17:33:09.197+0900][4.961s][info][gc,cpu         ] GC(228) User=0.00s Sys=0.00s Real=0.01s
[2026-03-22T17:33:09.211+0900][4.975s][info][gc,start       ] GC(229) Pause Young (Allocation Failure)
[2026-03-22T17:33:09.215+0900][4.979s][info][gc,heap        ] GC(229) PSYoungGen: 163057K(163840K)->10496K(163840K) Eden: 152561K(153088K)->0K(153088K) From: 10496K(10752K)->10496K(10752K)
[2026-03-22T17:33:09.215+0900][4.979s][info][gc,heap        ] GC(229) ParOldGen: 197639K(349696K)->291999K(349696K)
[2026-03-22T17:33:09.215+0900][4.979s][info][gc,metaspace   ] GC(229) Metaspace: 336K(512K)->336K(512K) NonClass: 318K(384K)->318K(384K) Class: 17K(128K)->17K(128K)
[2026-03-22T17:33:09.215+0900][4.979s][info][gc             ] GC(229) Pause Young (Allocation Failure) 352M->295M(501M) 4.478ms
[2026-03-22T17:33:09.215+0900][4.979s][info][gc,cpu         ] GC(229) User=0.06s Sys=0.00s Real=0.00s
[2026-03-22T17:33:09.229+0900][4.993s][info][gc,start       ] GC(230) Pause Full (Ergonomics)
[2026-03-22T17:33:09.229+0900][4.993s][info][gc,phases,start] GC(230) Marking Phase
[2026-03-22T17:33:09.230+0900][4.994s][info][gc,phases      ] GC(230) Marking Phase 1.019ms
[2026-03-22T17:33:09.230+0900][4.994s][info][gc,phases,start] GC(230) Summary Phase
[2026-03-22T17:33:09.230+0900][4.994s][info][gc,phases      ] GC(230) Summary Phase 0.013ms
[2026-03-22T17:33:09.230+0900][4.994s][info][gc,phases,start] GC(230) Adjust Roots
[2026-03-22T17:33:09.230+0900][4.994s][info][gc,phases      ] GC(230) Adjust Roots 0.143ms
[2026-03-22T17:33:09.230+0900][4.994s][info][gc,phases,start] GC(230) Compaction Phase
[2026-03-22T17:33:09.236+0900][5.000s][info][gc,phases      ] GC(230) Compaction Phase 5.240ms
[2026-03-22T17:33:09.236+0900][5.000s][info][gc,phases,start] GC(230) Post Compact
[2026-03-22T17:33:09.237+0900][5.001s][info][gc,phases      ] GC(230) Post Compact 1.272ms
[2026-03-22T17:33:09.237+0900][5.001s][info][gc,heap        ] GC(230) PSYoungGen: 163057K(163840K)->0K(163840K) Eden: 152561K(153088K)->0K(153088K) From: 10496K(10752K)->0K(10752K)
[2026-03-22T17:33:09.237+0900][5.001s][info][gc,heap        ] GC(230) ParOldGen: 291999K(349696K)->103430K(349696K)
[2026-03-22T17:33:09.237+0900][5.001s][info][gc,metaspace   ] GC(230) Metaspace: 336K(512K)->336K(512K) NonClass: 318K(384K)->318K(384K) Class: 17K(128K)->17K(128K)
[2026-03-22T17:33:09.237+0900][5.001s][info][gc             ] GC(230) Pause Full (Ergonomics) 444M->101M(501M) 7.869ms
[2026-03-22T17:33:09.237+0900][5.001s][info][gc,cpu         ] GC(230) User=0.00s Sys=0.00s Real=0.01s
[2026-03-22T17:33:09.251+0900][5.015s][info][gc,start       ] GC(231) Pause Young (Allocation Failure)
[2026-03-22T17:33:09.256+0900][5.019s][info][gc,heap        ] GC(231) PSYoungGen: 152561K(163840K)->10496K(163840K) Eden: 152561K(153088K)->0K(153088K) From: 0K(10752K)->10496K(10752K)
[2026-03-22T17:33:09.256+0900][5.019s][info][gc,heap        ] GC(231) ParOldGen: 103430K(349696K)->197639K(349696K)
[2026-03-22T17:33:09.256+0900][5.019s][info][gc,metaspace   ] GC(231) Metaspace: 336K(512K)->336K(512K) NonClass: 318K(384K)->318K(384K) Class: 17K(128K)->17K(128K)
[2026-03-22T17:33:09.256+0900][5.019s][info][gc             ] GC(231) Pause Young (Allocation Failure) 249M->203M(501M) 4.527ms
[2026-03-22T17:33:09.256+0900][5.019s][info][gc,cpu         ] GC(231) User=0.00s Sys=0.00s Real=0.01s
[2026-03-22T17:33:09.269+0900][5.033s][info][gc,start       ] GC(232) Pause Young (Allocation Failure)
[2026-03-22T17:33:09.273+0900][5.038s][info][gc,heap        ] GC(232) PSYoungGen: 163057K(163840K)->10496K(163840K) Eden: 152561K(153088K)->0K(153088K) From: 10496K(10752K)->10496K(10752K)
[2026-03-22T17:33:09.273+0900][5.038s][info][gc,heap        ] GC(232) ParOldGen: 197639K(349696K)->291999K(349696K)
[2026-03-22T17:33:09.273+0900][5.038s][info][gc,metaspace   ] GC(232) Metaspace: 336K(512K)->336K(512K) NonClass: 318K(384K)->318K(384K) Class: 17K(128K)->17K(128K)
[2026-03-22T17:33:09.273+0900][5.038s][info][gc             ] GC(232) Pause Young (Allocation Failure) 352M->295M(501M) 4.722ms
[2026-03-22T17:33:09.273+0900][5.038s][info][gc,cpu         ] GC(232) User=0.00s Sys=0.00s Real=0.00s
[2026-03-22T17:33:09.288+0900][5.051s][info][gc,start       ] GC(233) Pause Full (Ergonomics)
[2026-03-22T17:33:09.288+0900][5.052s][info][gc,phases,start] GC(233) Marking Phase
[2026-03-22T17:33:09.289+0900][5.053s][info][gc,phases      ] GC(233) Marking Phase 1.286ms
[2026-03-22T17:33:09.289+0900][5.053s][info][gc,phases,start] GC(233) Summary Phase
[2026-03-22T17:33:09.289+0900][5.053s][info][gc,phases      ] GC(233) Summary Phase 0.013ms
[2026-03-22T17:33:09.289+0900][5.053s][info][gc,phases,start] GC(233) Adjust Roots
[2026-03-22T17:33:09.289+0900][5.053s][info][gc,phases      ] GC(233) Adjust Roots 0.138ms
[2026-03-22T17:33:09.289+0900][5.053s][info][gc,phases,start] GC(233) Compaction Phase
[2026-03-22T17:33:09.294+0900][5.058s][info][gc,phases      ] GC(233) Compaction Phase 5.222ms
[2026-03-22T17:33:09.294+0900][5.058s][info][gc,phases,start] GC(233) Post Compact
[2026-03-22T17:33:09.295+0900][5.060s][info][gc,phases      ] GC(233) Post Compact 1.313ms
[2026-03-22T17:33:09.296+0900][5.060s][info][gc,heap        ] GC(233) PSYoungGen: 163057K(163840K)->0K(163840K) Eden: 152561K(153088K)->0K(153088K) From: 10496K(10752K)->0K(10752K)
[2026-03-22T17:33:09.296+0900][5.060s][info][gc,heap        ] GC(233) ParOldGen: 291999K(349696K)->103430K(349696K)
[2026-03-22T17:33:09.296+0900][5.060s][info][gc,metaspace   ] GC(233) Metaspace: 336K(512K)->336K(512K) NonClass: 318K(384K)->318K(384K) Class: 17K(128K)->17K(128K)
[2026-03-22T17:33:09.296+0900][5.060s][info][gc             ] GC(233) Pause Full (Ergonomics) 444M->101M(501M) 8.182ms
[2026-03-22T17:33:09.296+0900][5.060s][info][gc,cpu         ] GC(233) User=0.06s Sys=0.00s Real=0.01s
[2026-03-22T17:33:09.312+0900][5.075s][info][gc,start       ] GC(234) Pause Young (Allocation Failure)
[2026-03-22T17:33:09.316+0900][5.080s][info][gc,heap        ] GC(234) PSYoungGen: 152561K(163840K)->10496K(163840K) Eden: 152561K(153088K)->0K(153088K) From: 0K(10752K)->10496K(10752K)
[2026-03-22T17:33:09.316+0900][5.080s][info][gc,heap        ] GC(234) ParOldGen: 103430K(349696K)->197639K(349696K)
[2026-03-22T17:33:09.316+0900][5.080s][info][gc,metaspace   ] GC(234) Metaspace: 336K(512K)->336K(512K) NonClass: 318K(384K)->318K(384K) Class: 17K(128K)->17K(128K)
[2026-03-22T17:33:09.316+0900][5.080s][info][gc             ] GC(234) Pause Young (Allocation Failure) 249M->203M(501M) 4.513ms
[2026-03-22T17:33:09.316+0900][5.080s][info][gc,cpu         ] GC(234) User=0.00s Sys=0.00s Real=0.00s
[2026-03-22T17:33:09.331+0900][5.094s][info][gc,start       ] GC(235) Pause Young (Allocation Failure)
[2026-03-22T17:33:09.335+0900][5.099s][info][gc,heap        ] GC(235) PSYoungGen: 163057K(163840K)->10496K(163840K) Eden: 152561K(153088K)->0K(153088K) From: 10496K(10752K)->10496K(10752K)
[2026-03-22T17:33:09.335+0900][5.099s][info][gc,heap        ] GC(235) ParOldGen: 197639K(349696K)->291999K(349696K)
[2026-03-22T17:33:09.335+0900][5.099s][info][gc,metaspace   ] GC(235) Metaspace: 336K(512K)->336K(512K) NonClass: 318K(384K)->318K(384K) Class: 17K(128K)->17K(128K)
[2026-03-22T17:33:09.335+0900][5.099s][info][gc             ] GC(235) Pause Young (Allocation Failure) 352M->295M(501M) 4.690ms
[2026-03-22T17:33:09.335+0900][5.099s][info][gc,cpu         ] GC(235) User=0.00s Sys=0.00s Real=0.00s
[2026-03-22T17:33:09.350+0900][5.113s][info][gc,start       ] GC(236) Pause Full (Ergonomics)
[2026-03-22T17:33:09.350+0900][5.113s][info][gc,phases,start] GC(236) Marking Phase
[2026-03-22T17:33:09.351+0900][5.114s][info][gc,phases      ] GC(236) Marking Phase 1.017ms
[2026-03-22T17:33:09.351+0900][5.114s][info][gc,phases,start] GC(236) Summary Phase
[2026-03-22T17:33:09.351+0900][5.114s][info][gc,phases      ] GC(236) Summary Phase 0.021ms
[2026-03-22T17:33:09.351+0900][5.114s][info][gc,phases,start] GC(236) Adjust Roots
[2026-03-22T17:33:09.351+0900][5.115s][info][gc,phases      ] GC(236) Adjust Roots 0.195ms
[2026-03-22T17:33:09.351+0900][5.115s][info][gc,phases,start] GC(236) Compaction Phase
[2026-03-22T17:33:09.356+0900][5.120s][info][gc,phases      ] GC(236) Compaction Phase 5.523ms
[2026-03-22T17:33:09.356+0900][5.120s][info][gc,phases,start] GC(236) Post Compact
[2026-03-22T17:33:09.358+0900][5.122s][info][gc,phases      ] GC(236) Post Compact 1.347ms
[2026-03-22T17:33:09.358+0900][5.122s][info][gc,heap        ] GC(236) PSYoungGen: 163057K(163840K)->0K(163840K) Eden: 152561K(153088K)->0K(153088K) From: 10496K(10752K)->0K(10752K)
[2026-03-22T17:33:09.358+0900][5.122s][info][gc,heap        ] GC(236) ParOldGen: 291999K(349696K)->103430K(349696K)
[2026-03-22T17:33:09.358+0900][5.122s][info][gc,metaspace   ] GC(236) Metaspace: 336K(512K)->336K(512K) NonClass: 318K(384K)->318K(384K) Class: 17K(128K)->17K(128K)
[2026-03-22T17:33:09.358+0900][5.122s][info][gc             ] GC(236) Pause Full (Ergonomics) 444M->101M(501M) 8.347ms
[2026-03-22T17:33:09.358+0900][5.122s][info][gc,cpu         ] GC(236) User=0.06s Sys=0.02s Real=0.01s
[2026-03-22T17:33:09.372+0900][5.136s][info][gc,start       ] GC(237) Pause Young (Allocation Failure)
[2026-03-22T17:33:09.377+0900][5.140s][info][gc,heap        ] GC(237) PSYoungGen: 152561K(163840K)->10496K(163840K) Eden: 152561K(153088K)->0K(153088K) From: 0K(10752K)->10496K(10752K)
[2026-03-22T17:33:09.377+0900][5.140s][info][gc,heap        ] GC(237) ParOldGen: 103430K(349696K)->197639K(349696K)
[2026-03-22T17:33:09.377+0900][5.140s][info][gc,metaspace   ] GC(237) Metaspace: 336K(512K)->336K(512K) NonClass: 318K(384K)->318K(384K) Class: 17K(128K)->17K(128K)
[2026-03-22T17:33:09.377+0900][5.140s][info][gc             ] GC(237) Pause Young (Allocation Failure) 249M->203M(501M) 4.568ms
[2026-03-22T17:33:09.377+0900][5.141s][info][gc,cpu         ] GC(237) User=0.00s Sys=0.00s Real=0.01s
[2026-03-22T17:33:09.392+0900][5.155s][info][gc,start       ] GC(238) Pause Young (Allocation Failure)
[2026-03-22T17:33:09.397+0900][5.161s][info][gc,heap        ] GC(238) PSYoungGen: 163057K(163840K)->10496K(163840K) Eden: 152561K(153088K)->0K(153088K) From: 10496K(10752K)->10496K(10752K)
[2026-03-22T17:33:09.397+0900][5.161s][info][gc,heap        ] GC(238) ParOldGen: 197639K(349696K)->291999K(349696K)
[2026-03-22T17:33:09.397+0900][5.161s][info][gc,metaspace   ] GC(238) Metaspace: 336K(512K)->336K(512K) NonClass: 318K(384K)->318K(384K) Class: 17K(128K)->17K(128K)
[2026-03-22T17:33:09.397+0900][5.161s][info][gc             ] GC(238) Pause Young (Allocation Failure) 352M->295M(501M) 5.249ms
[2026-03-22T17:33:09.397+0900][5.161s][info][gc,cpu         ] GC(238) User=0.00s Sys=0.00s Real=0.01s
[2026-03-22T17:33:09.412+0900][5.175s][info][gc,start       ] GC(239) Pause Full (Ergonomics)
[2026-03-22T17:33:09.412+0900][5.175s][info][gc,phases,start] GC(239) Marking Phase
[2026-03-22T17:33:09.413+0900][5.177s][info][gc,phases      ] GC(239) Marking Phase 1.132ms
[2026-03-22T17:33:09.413+0900][5.177s][info][gc,phases,start] GC(239) Summary Phase
[2026-03-22T17:33:09.413+0900][5.177s][info][gc,phases      ] GC(239) Summary Phase 0.022ms
[2026-03-22T17:33:09.413+0900][5.177s][info][gc,phases,start] GC(239) Adjust Roots
[2026-03-22T17:33:09.413+0900][5.177s][info][gc,phases      ] GC(239) Adjust Roots 0.204ms
[2026-03-22T17:33:09.413+0900][5.177s][info][gc,phases,start] GC(239) Compaction Phase
[2026-03-22T17:33:09.418+0900][5.183s][info][gc,phases      ] GC(239) Compaction Phase 5.689ms
[2026-03-22T17:33:09.418+0900][5.183s][info][gc,phases,start] GC(239) Post Compact
[2026-03-22T17:33:09.420+0900][5.184s][info][gc,phases      ] GC(239) Post Compact 1.372ms
[2026-03-22T17:33:09.420+0900][5.184s][info][gc,heap        ] GC(239) PSYoungGen: 163057K(163840K)->0K(163840K) Eden: 152561K(153088K)->0K(153088K) From: 10496K(10752K)->0K(10752K)
[2026-03-22T17:33:09.420+0900][5.184s][info][gc,heap        ] GC(239) ParOldGen: 291999K(349696K)->103430K(349696K)
[2026-03-22T17:33:09.420+0900][5.184s][info][gc,metaspace   ] GC(239) Metaspace: 336K(512K)->336K(512K) NonClass: 318K(384K)->318K(384K) Class: 17K(128K)->17K(128K)
[2026-03-22T17:33:09.420+0900][5.184s][info][gc             ] GC(239) Pause Full (Ergonomics) 444M->101M(501M) 8.784ms
[2026-03-22T17:33:09.420+0900][5.184s][info][gc,cpu         ] GC(239) User=0.06s Sys=0.00s Real=0.01s
[2026-03-22T17:33:09.435+0900][5.199s][info][gc,start       ] GC(240) Pause Young (Allocation Failure)
[2026-03-22T17:33:09.440+0900][5.204s][info][gc,heap        ] GC(240) PSYoungGen: 152561K(163840K)->10496K(163840K) Eden: 152561K(153088K)->0K(153088K) From: 0K(10752K)->10496K(10752K)
[2026-03-22T17:33:09.440+0900][5.204s][info][gc,heap        ] GC(240) ParOldGen: 103430K(349696K)->197639K(349696K)
[2026-03-22T17:33:09.440+0900][5.204s][info][gc,metaspace   ] GC(240) Metaspace: 336K(512K)->336K(512K) NonClass: 318K(384K)->318K(384K) Class: 17K(128K)->17K(128K)
[2026-03-22T17:33:09.440+0900][5.204s][info][gc             ] GC(240) Pause Young (Allocation Failure) 249M->203M(501M) 5.033ms
[2026-03-22T17:33:09.440+0900][5.204s][info][gc,cpu         ] GC(240) User=0.00s Sys=0.00s Real=0.01s
[2026-03-22T17:33:09.455+0900][5.219s][info][gc,start       ] GC(241) Pause Young (Allocation Failure)
[2026-03-22T17:33:09.460+0900][5.224s][info][gc,heap        ] GC(241) PSYoungGen: 163057K(163840K)->10496K(163840K) Eden: 152561K(153088K)->0K(153088K) From: 10496K(10752K)->10496K(10752K)
[2026-03-22T17:33:09.460+0900][5.224s][info][gc,heap        ] GC(241) ParOldGen: 197639K(349696K)->291999K(349696K)
[2026-03-22T17:33:09.460+0900][5.224s][info][gc,metaspace   ] GC(241) Metaspace: 336K(512K)->336K(512K) NonClass: 318K(384K)->318K(384K) Class: 17K(128K)->17K(128K)
[2026-03-22T17:33:09.460+0900][5.224s][info][gc             ] GC(241) Pause Young (Allocation Failure) 352M->295M(501M) 4.787ms
[2026-03-22T17:33:09.460+0900][5.224s][info][gc,cpu         ] GC(241) User=0.00s Sys=0.00s Real=0.01s
[2026-03-22T17:33:09.475+0900][5.239s][info][gc,start       ] GC(242) Pause Full (Ergonomics)
[2026-03-22T17:33:09.475+0900][5.239s][info][gc,phases,start] GC(242) Marking Phase
[2026-03-22T17:33:09.476+0900][5.240s][info][gc,phases      ] GC(242) Marking Phase 1.149ms
[2026-03-22T17:33:09.476+0900][5.240s][info][gc,phases,start] GC(242) Summary Phase
[2026-03-22T17:33:09.476+0900][5.240s][info][gc,phases      ] GC(242) Summary Phase 0.015ms
[2026-03-22T17:33:09.476+0900][5.240s][info][gc,phases,start] GC(242) Adjust Roots
[2026-03-22T17:33:09.477+0900][5.240s][info][gc,phases      ] GC(242) Adjust Roots 0.222ms
[2026-03-22T17:33:09.477+0900][5.240s][info][gc,phases,start] GC(242) Compaction Phase
[2026-03-22T17:33:09.482+0900][5.246s][info][gc,phases      ] GC(242) Compaction Phase 5.631ms
[2026-03-22T17:33:09.482+0900][5.246s][info][gc,phases,start] GC(242) Post Compact
[2026-03-22T17:33:09.483+0900][5.247s][info][gc,phases      ] GC(242) Post Compact 1.336ms
[2026-03-22T17:33:09.483+0900][5.247s][info][gc,heap        ] GC(242) PSYoungGen: 163057K(163840K)->0K(163840K) Eden: 152561K(153088K)->0K(153088K) From: 10496K(10752K)->0K(10752K)
[2026-03-22T17:33:09.483+0900][5.247s][info][gc,heap        ] GC(242) ParOldGen: 291999K(349696K)->103430K(349696K)
[2026-03-22T17:33:09.483+0900][5.247s][info][gc,metaspace   ] GC(242) Metaspace: 336K(512K)->336K(512K) NonClass: 318K(384K)->318K(384K) Class: 17K(128K)->17K(128K)
[2026-03-22T17:33:09.483+0900][5.247s][info][gc             ] GC(242) Pause Full (Ergonomics) 444M->101M(501M) 8.625ms
[2026-03-22T17:33:09.483+0900][5.247s][info][gc,cpu         ] GC(242) User=0.05s Sys=0.00s Real=0.01s
[2026-03-22T17:33:09.498+0900][5.262s][info][gc,start       ] GC(243) Pause Young (Allocation Failure)
[2026-03-22T17:33:09.503+0900][5.267s][info][gc,heap        ] GC(243) PSYoungGen: 152561K(163840K)->10496K(163840K) Eden: 152561K(153088K)->0K(153088K) From: 0K(10752K)->10496K(10752K)
[2026-03-22T17:33:09.503+0900][5.267s][info][gc,heap        ] GC(243) ParOldGen: 103430K(349696K)->197639K(349696K)
[2026-03-22T17:33:09.503+0900][5.267s][info][gc,metaspace   ] GC(243) Metaspace: 336K(512K)->336K(512K) NonClass: 318K(384K)->318K(384K) Class: 17K(128K)->17K(128K)
[2026-03-22T17:33:09.503+0900][5.267s][info][gc             ] GC(243) Pause Young (Allocation Failure) 249M->203M(501M) 4.792ms
[2026-03-22T17:33:09.503+0900][5.267s][info][gc,cpu         ] GC(243) User=0.00s Sys=0.00s Real=0.01s
[2026-03-22T17:33:09.517+0900][5.281s][info][gc,start       ] GC(244) Pause Young (Allocation Failure)
[2026-03-22T17:33:09.522+0900][5.286s][info][gc,heap        ] GC(244) PSYoungGen: 163057K(163840K)->10496K(163840K) Eden: 152561K(153088K)->0K(153088K) From: 10496K(10752K)->10496K(10752K)
[2026-03-22T17:33:09.522+0900][5.286s][info][gc,heap        ] GC(244) ParOldGen: 197639K(349696K)->291999K(349696K)
[2026-03-22T17:33:09.522+0900][5.286s][info][gc,metaspace   ] GC(244) Metaspace: 336K(512K)->336K(512K) NonClass: 318K(384K)->318K(384K) Class: 17K(128K)->17K(128K)
[2026-03-22T17:33:09.522+0900][5.286s][info][gc             ] GC(244) Pause Young (Allocation Failure) 352M->295M(501M) 5.025ms
[2026-03-22T17:33:09.522+0900][5.286s][info][gc,cpu         ] GC(244) User=0.00s Sys=0.00s Real=0.01s
[2026-03-22T17:33:09.537+0900][5.301s][info][gc,start       ] GC(245) Pause Full (Ergonomics)
[2026-03-22T17:33:09.537+0900][5.301s][info][gc,phases,start] GC(245) Marking Phase
[2026-03-22T17:33:09.538+0900][5.303s][info][gc,phases      ] GC(245) Marking Phase 1.333ms
[2026-03-22T17:33:09.539+0900][5.303s][info][gc,phases,start] GC(245) Summary Phase
[2026-03-22T17:33:09.539+0900][5.303s][info][gc,phases      ] GC(245) Summary Phase 0.016ms
[2026-03-22T17:33:09.539+0900][5.303s][info][gc,phases,start] GC(245) Adjust Roots
[2026-03-22T17:33:09.539+0900][5.303s][info][gc,phases      ] GC(245) Adjust Roots 0.168ms
[2026-03-22T17:33:09.539+0900][5.303s][info][gc,phases,start] GC(245) Compaction Phase
[2026-03-22T17:33:09.544+0900][5.309s][info][gc,phases      ] GC(245) Compaction Phase 5.526ms
[2026-03-22T17:33:09.544+0900][5.309s][info][gc,phases,start] GC(245) Post Compact
[2026-03-22T17:33:09.546+0900][5.310s][info][gc,phases      ] GC(245) Post Compact 1.415ms
[2026-03-22T17:33:09.546+0900][5.310s][info][gc,heap        ] GC(245) PSYoungGen: 163057K(163840K)->0K(163840K) Eden: 152561K(153088K)->0K(153088K) From: 10496K(10752K)->0K(10752K)
[2026-03-22T17:33:09.546+0900][5.310s][info][gc,heap        ] GC(245) ParOldGen: 291999K(349696K)->103430K(349696K)
[2026-03-22T17:33:09.546+0900][5.310s][info][gc,metaspace   ] GC(245) Metaspace: 336K(512K)->336K(512K) NonClass: 318K(384K)->318K(384K) Class: 17K(128K)->17K(128K)
[2026-03-22T17:33:09.546+0900][5.310s][info][gc             ] GC(245) Pause Full (Ergonomics) 444M->101M(501M) 8.731ms
[2026-03-22T17:33:09.546+0900][5.310s][info][gc,cpu         ] GC(245) User=0.06s Sys=0.00s Real=0.01s
[2026-03-22T17:33:09.562+0900][5.325s][info][gc,start       ] GC(246) Pause Young (Allocation Failure)
[2026-03-22T17:33:09.566+0900][5.330s][info][gc,heap        ] GC(246) PSYoungGen: 152561K(163840K)->10496K(163840K) Eden: 152561K(153088K)->0K(153088K) From: 0K(10752K)->10496K(10752K)
[2026-03-22T17:33:09.566+0900][5.330s][info][gc,heap        ] GC(246) ParOldGen: 103430K(349696K)->197639K(349696K)
[2026-03-22T17:33:09.566+0900][5.330s][info][gc,metaspace   ] GC(246) Metaspace: 336K(512K)->336K(512K) NonClass: 318K(384K)->318K(384K) Class: 17K(128K)->17K(128K)
[2026-03-22T17:33:09.566+0900][5.330s][info][gc             ] GC(246) Pause Young (Allocation Failure) 249M->203M(501M) 4.786ms
[2026-03-22T17:33:09.566+0900][5.330s][info][gc,cpu         ] GC(246) User=0.00s Sys=0.00s Real=0.00s
[2026-03-22T17:33:09.581+0900][5.345s][info][gc,start       ] GC(247) Pause Young (Allocation Failure)
[2026-03-22T17:33:09.585+0900][5.349s][info][gc,heap        ] GC(247) PSYoungGen: 163057K(163840K)->10496K(163840K) Eden: 152561K(153088K)->0K(153088K) From: 10496K(10752K)->10496K(10752K)
[2026-03-22T17:33:09.586+0900][5.349s][info][gc,heap        ] GC(247) ParOldGen: 197639K(349696K)->291999K(349696K)
[2026-03-22T17:33:09.586+0900][5.349s][info][gc,metaspace   ] GC(247) Metaspace: 336K(512K)->336K(512K) NonClass: 318K(384K)->318K(384K) Class: 17K(128K)->17K(128K)
[2026-03-22T17:33:09.586+0900][5.350s][info][gc             ] GC(247) Pause Young (Allocation Failure) 352M->295M(501M) 4.770ms
[2026-03-22T17:33:09.586+0900][5.350s][info][gc,cpu         ] GC(247) User=0.00s Sys=0.00s Real=0.00s
[2026-03-22T17:33:09.600+0900][5.364s][info][gc,start       ] GC(248) Pause Full (Ergonomics)
[2026-03-22T17:33:09.600+0900][5.364s][info][gc,phases,start] GC(248) Marking Phase
[2026-03-22T17:33:09.602+0900][5.366s][info][gc,phases      ] GC(248) Marking Phase 1.278ms
[2026-03-22T17:33:09.602+0900][5.366s][info][gc,phases,start] GC(248) Summary Phase
[2026-03-22T17:33:09.602+0900][5.366s][info][gc,phases      ] GC(248) Summary Phase 0.014ms
[2026-03-22T17:33:09.602+0900][5.366s][info][gc,phases,start] GC(248) Adjust Roots
[2026-03-22T17:33:09.602+0900][5.366s][info][gc,phases      ] GC(248) Adjust Roots 0.244ms
[2026-03-22T17:33:09.602+0900][5.366s][info][gc,phases,start] GC(248) Compaction Phase
[2026-03-22T17:33:09.609+0900][5.373s][info][gc,phases      ] GC(248) Compaction Phase 6.986ms
[2026-03-22T17:33:09.609+0900][5.373s][info][gc,phases,start] GC(248) Post Compact
[2026-03-22T17:33:09.610+0900][5.374s][info][gc,phases      ] GC(248) Post Compact 1.368ms
[2026-03-22T17:33:09.611+0900][5.374s][info][gc,heap        ] GC(248) PSYoungGen: 163057K(163840K)->0K(163840K) Eden: 152561K(153088K)->0K(153088K) From: 10496K(10752K)->0K(10752K)
[2026-03-22T17:33:09.611+0900][5.374s][info][gc,heap        ] GC(248) ParOldGen: 291999K(349696K)->103430K(349696K)
[2026-03-22T17:33:09.611+0900][5.374s][info][gc,metaspace   ] GC(248) Metaspace: 336K(512K)->336K(512K) NonClass: 318K(384K)->318K(384K) Class: 17K(128K)->17K(128K)
[2026-03-22T17:33:09.611+0900][5.374s][info][gc             ] GC(248) Pause Full (Ergonomics) 444M->101M(501M) 10.156ms
[2026-03-22T17:33:09.611+0900][5.374s][info][gc,cpu         ] GC(248) User=0.05s Sys=0.00s Real=0.01s
[2026-03-22T17:33:09.625+0900][5.389s][info][gc,start       ] GC(249) Pause Young (Allocation Failure)
[2026-03-22T17:33:09.629+0900][5.394s][info][gc,heap        ] GC(249) PSYoungGen: 152561K(163840K)->10496K(163840K) Eden: 152561K(153088K)->0K(153088K) From: 0K(10752K)->10496K(10752K)
[2026-03-22T17:33:09.629+0900][5.394s][info][gc,heap        ] GC(249) ParOldGen: 103430K(349696K)->197639K(349696K)
[2026-03-22T17:33:09.629+0900][5.394s][info][gc,metaspace   ] GC(249) Metaspace: 336K(512K)->336K(512K) NonClass: 318K(384K)->318K(384K) Class: 17K(128K)->17K(128K)
[2026-03-22T17:33:09.629+0900][5.394s][info][gc             ] GC(249) Pause Young (Allocation Failure) 249M->203M(501M) 4.693ms
[2026-03-22T17:33:09.629+0900][5.394s][info][gc,cpu         ] GC(249) User=0.00s Sys=0.00s Real=0.00s
[2026-03-22T17:33:09.644+0900][5.408s][info][gc,start       ] GC(250) Pause Young (Allocation Failure)
[2026-03-22T17:33:09.648+0900][5.413s][info][gc,heap        ] GC(250) PSYoungGen: 163057K(163840K)->10496K(163840K) Eden: 152561K(153088K)->0K(153088K) From: 10496K(10752K)->10496K(10752K)
[2026-03-22T17:33:09.648+0900][5.413s][info][gc,heap        ] GC(250) ParOldGen: 197639K(349696K)->291999K(349696K)
[2026-03-22T17:33:09.648+0900][5.413s][info][gc,metaspace   ] GC(250) Metaspace: 336K(512K)->336K(512K) NonClass: 318K(384K)->318K(384K) Class: 17K(128K)->17K(128K)
[2026-03-22T17:33:09.648+0900][5.413s][info][gc             ] GC(250) Pause Young (Allocation Failure) 352M->295M(501M) 4.862ms
[2026-03-22T17:33:09.648+0900][5.413s][info][gc,cpu         ] GC(250) User=0.00s Sys=0.00s Real=0.00s
[2026-03-22T17:33:09.663+0900][5.428s][info][gc,start       ] GC(251) Pause Full (Ergonomics)
[2026-03-22T17:33:09.663+0900][5.428s][info][gc,phases,start] GC(251) Marking Phase
[2026-03-22T17:33:09.665+0900][5.429s][info][gc,phases      ] GC(251) Marking Phase 1.500ms
[2026-03-22T17:33:09.665+0900][5.429s][info][gc,phases,start] GC(251) Summary Phase
[2026-03-22T17:33:09.665+0900][5.429s][info][gc,phases      ] GC(251) Summary Phase 0.037ms
[2026-03-22T17:33:09.665+0900][5.430s][info][gc,phases,start] GC(251) Adjust Roots
[2026-03-22T17:33:09.665+0900][5.430s][info][gc,phases      ] GC(251) Adjust Roots 0.234ms
[2026-03-22T17:33:09.665+0900][5.430s][info][gc,phases,start] GC(251) Compaction Phase
[2026-03-22T17:33:09.672+0900][5.436s][info][gc,phases      ] GC(251) Compaction Phase 6.165ms
[2026-03-22T17:33:09.672+0900][5.436s][info][gc,phases,start] GC(251) Post Compact
[2026-03-22T17:33:09.673+0900][5.437s][info][gc,phases      ] GC(251) Post Compact 1.357ms
[2026-03-22T17:33:09.674+0900][5.437s][info][gc,heap        ] GC(251) PSYoungGen: 163057K(163840K)->0K(163840K) Eden: 152561K(153088K)->0K(153088K) From: 10496K(10752K)->0K(10752K)
[2026-03-22T17:33:09.674+0900][5.437s][info][gc,heap        ] GC(251) ParOldGen: 291999K(349696K)->103430K(349696K)
[2026-03-22T17:33:09.674+0900][5.437s][info][gc,metaspace   ] GC(251) Metaspace: 336K(512K)->336K(512K) NonClass: 318K(384K)->318K(384K) Class: 17K(128K)->17K(128K)
[2026-03-22T17:33:09.674+0900][5.438s][info][gc             ] GC(251) Pause Full (Ergonomics) 444M->101M(501M) 9.702ms
[2026-03-22T17:33:09.674+0900][5.438s][info][gc,cpu         ] GC(251) User=0.02s Sys=0.00s Real=0.01s
[2026-03-22T17:33:09.688+0900][5.452s][info][gc,start       ] GC(252) Pause Young (Allocation Failure)
[2026-03-22T17:33:09.692+0900][5.457s][info][gc,heap        ] GC(252) PSYoungGen: 152561K(163840K)->10496K(163840K) Eden: 152561K(153088K)->0K(153088K) From: 0K(10752K)->10496K(10752K)
[2026-03-22T17:33:09.692+0900][5.457s][info][gc,heap        ] GC(252) ParOldGen: 103430K(349696K)->197639K(349696K)
[2026-03-22T17:33:09.692+0900][5.457s][info][gc,metaspace   ] GC(252) Metaspace: 336K(512K)->336K(512K) NonClass: 318K(384K)->318K(384K) Class: 17K(128K)->17K(128K)
[2026-03-22T17:33:09.693+0900][5.457s][info][gc             ] GC(252) Pause Young (Allocation Failure) 249M->203M(501M) 4.953ms
[2026-03-22T17:33:09.693+0900][5.457s][info][gc,cpu         ] GC(252) User=0.00s Sys=0.00s Real=0.01s
[2026-03-22T17:33:09.707+0900][5.472s][info][gc,start       ] GC(253) Pause Young (Allocation Failure)
[2026-03-22T17:33:09.712+0900][5.477s][info][gc,heap        ] GC(253) PSYoungGen: 163057K(163840K)->10496K(163840K) Eden: 152561K(153088K)->0K(153088K) From: 10496K(10752K)->10496K(10752K)
[2026-03-22T17:33:09.712+0900][5.477s][info][gc,heap        ] GC(253) ParOldGen: 197639K(349696K)->291999K(349696K)
[2026-03-22T17:33:09.712+0900][5.477s][info][gc,metaspace   ] GC(253) Metaspace: 336K(512K)->336K(512K) NonClass: 318K(384K)->318K(384K) Class: 17K(128K)->17K(128K)
[2026-03-22T17:33:09.712+0900][5.477s][info][gc             ] GC(253) Pause Young (Allocation Failure) 352M->295M(501M) 5.284ms
[2026-03-22T17:33:09.712+0900][5.477s][info][gc,cpu         ] GC(253) User=0.05s Sys=0.00s Real=0.00s
[2026-03-22T17:33:09.728+0900][5.492s][info][gc,start       ] GC(254) Pause Full (Ergonomics)
[2026-03-22T17:33:09.728+0900][5.492s][info][gc,phases,start] GC(254) Marking Phase
[2026-03-22T17:33:09.729+0900][5.493s][info][gc,phases      ] GC(254) Marking Phase 1.373ms
[2026-03-22T17:33:09.729+0900][5.493s][info][gc,phases,start] GC(254) Summary Phase
[2026-03-22T17:33:09.729+0900][5.493s][info][gc,phases      ] GC(254) Summary Phase 0.016ms
[2026-03-22T17:33:09.729+0900][5.493s][info][gc,phases,start] GC(254) Adjust Roots
[2026-03-22T17:33:09.729+0900][5.494s][info][gc,phases      ] GC(254) Adjust Roots 0.188ms
[2026-03-22T17:33:09.729+0900][5.494s][info][gc,phases,start] GC(254) Compaction Phase
[2026-03-22T17:33:09.736+0900][5.499s][info][gc,phases      ] GC(254) Compaction Phase 5.742ms
[2026-03-22T17:33:09.736+0900][5.499s][info][gc,phases,start] GC(254) Post Compact
[2026-03-22T17:33:09.737+0900][5.501s][info][gc,phases      ] GC(254) Post Compact 1.306ms
[2026-03-22T17:33:09.737+0900][5.501s][info][gc,heap        ] GC(254) PSYoungGen: 163057K(163840K)->0K(163840K) Eden: 152561K(153088K)->0K(153088K) From: 10496K(10752K)->0K(10752K)
[2026-03-22T17:33:09.737+0900][5.501s][info][gc,heap        ] GC(254) ParOldGen: 291999K(349696K)->103430K(349696K)
[2026-03-22T17:33:09.737+0900][5.501s][info][gc,metaspace   ] GC(254) Metaspace: 336K(512K)->336K(512K) NonClass: 318K(384K)->318K(384K) Class: 17K(128K)->17K(128K)
[2026-03-22T17:33:09.737+0900][5.501s][info][gc             ] GC(254) Pause Full (Ergonomics) 444M->101M(501M) 8.943ms
[2026-03-22T17:33:09.737+0900][5.501s][info][gc,cpu         ] GC(254) User=0.02s Sys=0.00s Real=0.01s
[2026-03-22T17:33:09.752+0900][5.516s][info][gc,start       ] GC(255) Pause Young (Allocation Failure)
[2026-03-22T17:33:09.757+0900][5.521s][info][gc,heap        ] GC(255) PSYoungGen: 152561K(163840K)->10496K(163840K) Eden: 152561K(153088K)->0K(153088K) From: 0K(10752K)->10496K(10752K)
[2026-03-22T17:33:09.757+0900][5.521s][info][gc,heap        ] GC(255) ParOldGen: 103430K(349696K)->197639K(349696K)
[2026-03-22T17:33:09.757+0900][5.521s][info][gc,metaspace   ] GC(255) Metaspace: 336K(512K)->336K(512K) NonClass: 318K(384K)->318K(384K) Class: 17K(128K)->17K(128K)
[2026-03-22T17:33:09.757+0900][5.521s][info][gc             ] GC(255) Pause Young (Allocation Failure) 249M->203M(501M) 4.984ms
[2026-03-22T17:33:09.757+0900][5.521s][info][gc,cpu         ] GC(255) User=0.00s Sys=0.00s Real=0.00s
[2026-03-22T17:33:09.773+0900][5.538s][info][gc,start       ] GC(256) Pause Young (Allocation Failure)
[2026-03-22T17:33:09.778+0900][5.542s][info][gc,heap        ] GC(256) PSYoungGen: 163057K(163840K)->10496K(163840K) Eden: 152561K(153088K)->0K(153088K) From: 10496K(10752K)->10496K(10752K)
[2026-03-22T17:33:09.778+0900][5.542s][info][gc,heap        ] GC(256) ParOldGen: 197639K(349696K)->291999K(349696K)
[2026-03-22T17:33:09.778+0900][5.542s][info][gc,metaspace   ] GC(256) Metaspace: 336K(512K)->336K(512K) NonClass: 318K(384K)->318K(384K) Class: 17K(128K)->17K(128K)
[2026-03-22T17:33:09.778+0900][5.542s][info][gc             ] GC(256) Pause Young (Allocation Failure) 352M->295M(501M) 4.881ms
[2026-03-22T17:33:09.778+0900][5.542s][info][gc,cpu         ] GC(256) User=0.06s Sys=0.00s Real=0.01s
[2026-03-22T17:33:09.793+0900][5.557s][info][gc,start       ] GC(257) Pause Full (Ergonomics)
[2026-03-22T17:33:09.793+0900][5.557s][info][gc,phases,start] GC(257) Marking Phase
[2026-03-22T17:33:09.794+0900][5.558s][info][gc,phases      ] GC(257) Marking Phase 1.434ms
[2026-03-22T17:33:09.794+0900][5.558s][info][gc,phases,start] GC(257) Summary Phase
[2026-03-22T17:33:09.794+0900][5.558s][info][gc,phases      ] GC(257) Summary Phase 0.034ms
[2026-03-22T17:33:09.794+0900][5.558s][info][gc,phases,start] GC(257) Adjust Roots
[2026-03-22T17:33:09.795+0900][5.559s][info][gc,phases      ] GC(257) Adjust Roots 0.265ms
[2026-03-22T17:33:09.795+0900][5.559s][info][gc,phases,start] GC(257) Compaction Phase
[2026-03-22T17:33:09.800+0900][5.564s][info][gc,phases      ] GC(257) Compaction Phase 5.755ms
[2026-03-22T17:33:09.800+0900][5.564s][info][gc,phases,start] GC(257) Post Compact
[2026-03-22T17:33:09.802+0900][5.566s][info][gc,phases      ] GC(257) Post Compact 1.302ms
[2026-03-22T17:33:09.802+0900][5.566s][info][gc,heap        ] GC(257) PSYoungGen: 163057K(163840K)->0K(163840K) Eden: 152561K(153088K)->0K(153088K) From: 10496K(10752K)->0K(10752K)
[2026-03-22T17:33:09.802+0900][5.566s][info][gc,heap        ] GC(257) ParOldGen: 291999K(349696K)->103430K(349696K)
[2026-03-22T17:33:09.802+0900][5.566s][info][gc,metaspace   ] GC(257) Metaspace: 336K(512K)->336K(512K) NonClass: 318K(384K)->318K(384K) Class: 17K(128K)->17K(128K)
[2026-03-22T17:33:09.802+0900][5.566s][info][gc             ] GC(257) Pause Full (Ergonomics) 444M->101M(501M) 9.110ms
[2026-03-22T17:33:09.802+0900][5.566s][info][gc,cpu         ] GC(257) User=0.00s Sys=0.00s Real=0.01s
[2026-03-22T17:33:09.818+0900][5.582s][info][gc,start       ] GC(258) Pause Young (Allocation Failure)
[2026-03-22T17:33:09.823+0900][5.587s][info][gc,heap        ] GC(258) PSYoungGen: 152561K(163840K)->10496K(163840K) Eden: 152561K(153088K)->0K(153088K) From: 0K(10752K)->10496K(10752K)
[2026-03-22T17:33:09.823+0900][5.587s][info][gc,heap        ] GC(258) ParOldGen: 103430K(349696K)->197639K(349696K)
[2026-03-22T17:33:09.823+0900][5.587s][info][gc,metaspace   ] GC(258) Metaspace: 336K(512K)->336K(512K) NonClass: 318K(384K)->318K(384K) Class: 17K(128K)->17K(128K)
[2026-03-22T17:33:09.823+0900][5.588s][info][gc             ] GC(258) Pause Young (Allocation Failure) 249M->203M(501M) 5.463ms
[2026-03-22T17:33:09.823+0900][5.588s][info][gc,cpu         ] GC(258) User=0.06s Sys=0.00s Real=0.00s
[2026-03-22T17:33:09.838+0900][5.602s][info][gc,start       ] GC(259) Pause Young (Allocation Failure)
[2026-03-22T17:33:09.844+0900][5.607s][info][gc,heap        ] GC(259) PSYoungGen: 163057K(163840K)->10496K(163840K) Eden: 152561K(153088K)->0K(153088K) From: 10496K(10752K)->10496K(10752K)
[2026-03-22T17:33:09.844+0900][5.607s][info][gc,heap        ] GC(259) ParOldGen: 197639K(349696K)->291999K(349696K)
[2026-03-22T17:33:09.844+0900][5.607s][info][gc,metaspace   ] GC(259) Metaspace: 336K(512K)->336K(512K) NonClass: 318K(384K)->318K(384K) Class: 17K(128K)->17K(128K)
[2026-03-22T17:33:09.844+0900][5.607s][info][gc             ] GC(259) Pause Young (Allocation Failure) 352M->295M(501M) 5.317ms
[2026-03-22T17:33:09.844+0900][5.607s][info][gc,cpu         ] GC(259) User=0.00s Sys=0.00s Real=0.01s
[2026-03-22T17:33:09.860+0900][5.624s][info][gc,start       ] GC(260) Pause Full (Ergonomics)
[2026-03-22T17:33:09.860+0900][5.624s][info][gc,phases,start] GC(260) Marking Phase
[2026-03-22T17:33:09.861+0900][5.625s][info][gc,phases      ] GC(260) Marking Phase 1.060ms
[2026-03-22T17:33:09.861+0900][5.625s][info][gc,phases,start] GC(260) Summary Phase
[2026-03-22T17:33:09.861+0900][5.625s][info][gc,phases      ] GC(260) Summary Phase 0.013ms
[2026-03-22T17:33:09.861+0900][5.625s][info][gc,phases,start] GC(260) Adjust Roots
[2026-03-22T17:33:09.861+0900][5.625s][info][gc,phases      ] GC(260) Adjust Roots 0.255ms
[2026-03-22T17:33:09.861+0900][5.625s][info][gc,phases,start] GC(260) Compaction Phase
[2026-03-22T17:33:09.867+0900][5.631s][info][gc,phases      ] GC(260) Compaction Phase 5.837ms
[2026-03-22T17:33:09.867+0900][5.631s][info][gc,phases,start] GC(260) Post Compact
[2026-03-22T17:33:09.869+0900][5.633s][info][gc,phases      ] GC(260) Post Compact 1.369ms
[2026-03-22T17:33:09.869+0900][5.633s][info][gc,heap        ] GC(260) PSYoungGen: 163057K(163840K)->0K(163840K) Eden: 152561K(153088K)->0K(153088K) From: 10496K(10752K)->0K(10752K)
[2026-03-22T17:33:09.869+0900][5.633s][info][gc,heap        ] GC(260) ParOldGen: 291999K(349696K)->103195K(349696K)
[2026-03-22T17:33:09.869+0900][5.633s][info][gc,metaspace   ] GC(260) Metaspace: 336K(512K)->336K(512K) NonClass: 318K(384K)->318K(384K) Class: 17K(128K)->17K(128K)
[2026-03-22T17:33:09.869+0900][5.633s][info][gc             ] GC(260) Pause Full (Ergonomics) 444M->100M(501M) 8.722ms
[2026-03-22T17:33:09.869+0900][5.633s][info][gc,cpu         ] GC(260) User=0.00s Sys=0.00s Real=0.01s
[2026-03-22T17:33:09.885+0900][5.649s][info][gc,start       ] GC(261) Pause Young (Allocation Failure)
[2026-03-22T17:33:09.890+0900][5.654s][info][gc,heap        ] GC(261) PSYoungGen: 152561K(163840K)->10496K(163840K) Eden: 152561K(153088K)->0K(153088K) From: 0K(10752K)->10496K(10752K)
[2026-03-22T17:33:09.890+0900][5.654s][info][gc,heap        ] GC(261) ParOldGen: 103195K(349696K)->197403K(349696K)
[2026-03-22T17:33:09.890+0900][5.654s][info][gc,metaspace   ] GC(261) Metaspace: 336K(512K)->336K(512K) NonClass: 318K(384K)->318K(384K) Class: 17K(128K)->17K(128K)
[2026-03-22T17:33:09.890+0900][5.654s][info][gc             ] GC(261) Pause Young (Allocation Failure) 249M->203M(501M) 5.121ms
[2026-03-22T17:33:09.890+0900][5.654s][info][gc,cpu         ] GC(261) User=0.00s Sys=0.00s Real=0.01s
[2026-03-22T17:33:09.906+0900][5.670s][info][gc,start       ] GC(262) Pause Young (Allocation Failure)
[2026-03-22T17:33:09.911+0900][5.674s][info][gc,heap        ] GC(262) PSYoungGen: 163057K(163840K)->10496K(163840K) Eden: 152561K(153088K)->0K(153088K) From: 10496K(10752K)->10496K(10752K)
[2026-03-22T17:33:09.911+0900][5.674s][info][gc,heap        ] GC(262) ParOldGen: 197403K(349696K)->291764K(349696K)
[2026-03-22T17:33:09.911+0900][5.674s][info][gc,metaspace   ] GC(262) Metaspace: 336K(512K)->336K(512K) NonClass: 318K(384K)->318K(384K) Class: 17K(128K)->17K(128K)
[2026-03-22T17:33:09.911+0900][5.674s][info][gc             ] GC(262) Pause Young (Allocation Failure) 352M->295M(501M) 4.697ms
[2026-03-22T17:33:09.911+0900][5.674s][info][gc,cpu         ] GC(262) User=0.00s Sys=0.00s Real=0.01s
[2026-03-22T17:33:09.926+0900][5.690s][info][gc,start       ] GC(263) Pause Full (Ergonomics)
[2026-03-22T17:33:09.926+0900][5.690s][info][gc,phases,start] GC(263) Marking Phase
[2026-03-22T17:33:09.927+0900][5.691s][info][gc,phases      ] GC(263) Marking Phase 1.098ms
[2026-03-22T17:33:09.927+0900][5.691s][info][gc,phases,start] GC(263) Summary Phase
[2026-03-22T17:33:09.927+0900][5.691s][info][gc,phases      ] GC(263) Summary Phase 0.015ms
[2026-03-22T17:33:09.927+0900][5.691s][info][gc,phases,start] GC(263) Adjust Roots
[2026-03-22T17:33:09.927+0900][5.691s][info][gc,phases      ] GC(263) Adjust Roots 0.208ms
[2026-03-22T17:33:09.927+0900][5.691s][info][gc,phases,start] GC(263) Compaction Phase
[2026-03-22T17:33:09.933+0900][5.697s][info][gc,phases      ] GC(263) Compaction Phase 5.553ms
[2026-03-22T17:33:09.933+0900][5.697s][info][gc,phases,start] GC(263) Post Compact
[2026-03-22T17:33:09.935+0900][5.698s][info][gc,phases      ] GC(263) Post Compact 1.533ms
[2026-03-22T17:33:09.935+0900][5.698s][info][gc,heap        ] GC(263) PSYoungGen: 163057K(163840K)->0K(163840K) Eden: 152561K(153088K)->0K(153088K) From: 10496K(10752K)->0K(10752K)
[2026-03-22T17:33:09.935+0900][5.698s][info][gc,heap        ] GC(263) ParOldGen: 291764K(349696K)->103430K(349696K)
[2026-03-22T17:33:09.935+0900][5.698s][info][gc,metaspace   ] GC(263) Metaspace: 336K(512K)->336K(512K) NonClass: 318K(384K)->318K(384K) Class: 17K(128K)->17K(128K)
[2026-03-22T17:33:09.935+0900][5.698s][info][gc             ] GC(263) Pause Full (Ergonomics) 444M->101M(501M) 8.717ms
[2026-03-22T17:33:09.935+0900][5.698s][info][gc,cpu         ] GC(263) User=0.06s Sys=0.00s Real=0.01s
[2026-03-22T17:33:09.950+0900][5.714s][info][gc,start       ] GC(264) Pause Young (Allocation Failure)
[2026-03-22T17:33:09.955+0900][5.719s][info][gc,heap        ] GC(264) PSYoungGen: 152561K(163840K)->10496K(163840K) Eden: 152561K(153088K)->0K(153088K) From: 0K(10752K)->10496K(10752K)
[2026-03-22T17:33:09.955+0900][5.719s][info][gc,heap        ] GC(264) ParOldGen: 103430K(349696K)->197639K(349696K)
[2026-03-22T17:33:09.955+0900][5.719s][info][gc,metaspace   ] GC(264) Metaspace: 336K(512K)->336K(512K) NonClass: 318K(384K)->318K(384K) Class: 17K(128K)->17K(128K)
[2026-03-22T17:33:09.955+0900][5.719s][info][gc             ] GC(264) Pause Young (Allocation Failure) 249M->203M(501M) 4.808ms
[2026-03-22T17:33:09.955+0900][5.719s][info][gc,cpu         ] GC(264) User=0.00s Sys=0.00s Real=0.00s
[2026-03-22T17:33:09.971+0900][5.735s][info][gc,start       ] GC(265) Pause Young (Allocation Failure)
[2026-03-22T17:33:09.975+0900][5.740s][info][gc,heap        ] GC(265) PSYoungGen: 163057K(163840K)->10496K(163840K) Eden: 152561K(153088K)->0K(153088K) From: 10496K(10752K)->10496K(10752K)
[2026-03-22T17:33:09.976+0900][5.740s][info][gc,heap        ] GC(265) ParOldGen: 197639K(349696K)->291999K(349696K)
[2026-03-22T17:33:09.976+0900][5.740s][info][gc,metaspace   ] GC(265) Metaspace: 336K(512K)->336K(512K) NonClass: 318K(384K)->318K(384K) Class: 17K(128K)->17K(128K)
[2026-03-22T17:33:09.976+0900][5.740s][info][gc             ] GC(265) Pause Young (Allocation Failure) 352M->295M(501M) 5.276ms
[2026-03-22T17:33:09.976+0900][5.740s][info][gc,cpu         ] GC(265) User=0.00s Sys=0.00s Real=0.01s
[2026-03-22T17:33:09.991+0900][5.754s][info][gc,start       ] GC(266) Pause Full (Ergonomics)
[2026-03-22T17:33:09.991+0900][5.754s][info][gc,phases,start] GC(266) Marking Phase
[2026-03-22T17:33:09.992+0900][5.756s][info][gc,phases      ] GC(266) Marking Phase 1.438ms
[2026-03-22T17:33:09.992+0900][5.756s][info][gc,phases,start] GC(266) Summary Phase
[2026-03-22T17:33:09.992+0900][5.756s][info][gc,phases      ] GC(266) Summary Phase 0.037ms
[2026-03-22T17:33:09.992+0900][5.756s][info][gc,phases,start] GC(266) Adjust Roots
[2026-03-22T17:33:09.993+0900][5.756s][info][gc,phases      ] GC(266) Adjust Roots 0.287ms
[2026-03-22T17:33:09.993+0900][5.756s][info][gc,phases,start] GC(266) Compaction Phase
[2026-03-22T17:33:09.999+0900][5.762s][info][gc,phases      ] GC(266) Compaction Phase 6.109ms
[2026-03-22T17:33:09.999+0900][5.763s][info][gc,phases,start] GC(266) Post Compact
[2026-03-22T17:33:10.001+0900][5.764s][info][gc,phases      ] GC(266) Post Compact 1.712ms
[2026-03-22T17:33:10.001+0900][5.764s][info][gc,heap        ] GC(266) PSYoungGen: 163057K(163840K)->0K(163840K) Eden: 152561K(153088K)->0K(153088K) From: 10496K(10752K)->0K(10752K)
[2026-03-22T17:33:10.001+0900][5.764s][info][gc,heap        ] GC(266) ParOldGen: 291999K(349696K)->103430K(349696K)
[2026-03-22T17:33:10.001+0900][5.764s][info][gc,metaspace   ] GC(266) Metaspace: 336K(512K)->336K(512K) NonClass: 318K(384K)->318K(384K) Class: 17K(128K)->17K(128K)
[2026-03-22T17:33:10.001+0900][5.764s][info][gc             ] GC(266) Pause Full (Ergonomics) 444M->101M(501M) 9.987ms
[2026-03-22T17:33:10.001+0900][5.764s][info][gc,cpu         ] GC(266) User=0.06s Sys=0.00s Real=0.01s
[2026-03-22T17:33:10.017+0900][5.781s][info][gc,start       ] GC(267) Pause Young (Allocation Failure)
[2026-03-22T17:33:10.022+0900][5.786s][info][gc,heap        ] GC(267) PSYoungGen: 152561K(163840K)->10496K(163840K) Eden: 152561K(153088K)->0K(153088K) From: 0K(10752K)->10496K(10752K)
[2026-03-22T17:33:10.022+0900][5.786s][info][gc,heap        ] GC(267) ParOldGen: 103430K(349696K)->197639K(349696K)
[2026-03-22T17:33:10.022+0900][5.786s][info][gc,metaspace   ] GC(267) Metaspace: 336K(512K)->336K(512K) NonClass: 318K(384K)->318K(384K) Class: 17K(128K)->17K(128K)
[2026-03-22T17:33:10.022+0900][5.786s][info][gc             ] GC(267) Pause Young (Allocation Failure) 249M->203M(501M) 5.042ms
[2026-03-22T17:33:10.022+0900][5.786s][info][gc,cpu         ] GC(267) User=0.00s Sys=0.00s Real=0.01s
[2026-03-22T17:33:10.037+0900][5.801s][info][gc,start       ] GC(268) Pause Young (Allocation Failure)
[2026-03-22T17:33:10.042+0900][5.806s][info][gc,heap        ] GC(268) PSYoungGen: 163057K(163840K)->10496K(163840K) Eden: 152561K(153088K)->0K(153088K) From: 10496K(10752K)->10496K(10752K)
[2026-03-22T17:33:10.042+0900][5.806s][info][gc,heap        ] GC(268) ParOldGen: 197639K(349696K)->291999K(349696K)
[2026-03-22T17:33:10.042+0900][5.806s][info][gc,metaspace   ] GC(268) Metaspace: 336K(512K)->336K(512K) NonClass: 318K(384K)->318K(384K) Class: 17K(128K)->17K(128K)
[2026-03-22T17:33:10.042+0900][5.806s][info][gc             ] GC(268) Pause Young (Allocation Failure) 352M->295M(501M) 5.008ms
[2026-03-22T17:33:10.042+0900][5.806s][info][gc,cpu         ] GC(268) User=0.05s Sys=0.00s Real=0.01s
[2026-03-22T17:33:10.059+0900][5.823s][info][gc,start       ] GC(269) Pause Full (Ergonomics)
[2026-03-22T17:33:10.059+0900][5.823s][info][gc,phases,start] GC(269) Marking Phase
[2026-03-22T17:33:10.061+0900][5.824s][info][gc,phases      ] GC(269) Marking Phase 1.569ms
[2026-03-22T17:33:10.061+0900][5.825s][info][gc,phases,start] GC(269) Summary Phase
[2026-03-22T17:33:10.061+0900][5.825s][info][gc,phases      ] GC(269) Summary Phase 0.034ms
[2026-03-22T17:33:10.061+0900][5.825s][info][gc,phases,start] GC(269) Adjust Roots
[2026-03-22T17:33:10.061+0900][5.825s][info][gc,phases      ] GC(269) Adjust Roots 0.293ms
[2026-03-22T17:33:10.061+0900][5.825s][info][gc,phases,start] GC(269) Compaction Phase
[2026-03-22T17:33:10.067+0900][5.830s][info][gc,phases      ] GC(269) Compaction Phase 5.600ms
[2026-03-22T17:33:10.067+0900][5.831s][info][gc,phases,start] GC(269) Post Compact
[2026-03-22T17:33:10.068+0900][5.832s][info][gc,phases      ] GC(269) Post Compact 1.384ms
[2026-03-22T17:33:10.068+0900][5.832s][info][gc,heap        ] GC(269) PSYoungGen: 163057K(163840K)->0K(163840K) Eden: 152561K(153088K)->0K(153088K) From: 10496K(10752K)->0K(10752K)
[2026-03-22T17:33:10.068+0900][5.832s][info][gc,heap        ] GC(269) ParOldGen: 291999K(349696K)->103430K(349696K)
[2026-03-22T17:33:10.068+0900][5.832s][info][gc,metaspace   ] GC(269) Metaspace: 336K(512K)->336K(512K) NonClass: 318K(384K)->318K(384K) Class: 17K(128K)->17K(128K)
[2026-03-22T17:33:10.068+0900][5.832s][info][gc             ] GC(269) Pause Full (Ergonomics) 444M->101M(501M) 9.172ms
[2026-03-22T17:33:10.068+0900][5.832s][info][gc,cpu         ] GC(269) User=0.00s Sys=0.00s Real=0.01s
[2026-03-22T17:33:10.083+0900][5.847s][info][gc,start       ] GC(270) Pause Young (Allocation Failure)
[2026-03-22T17:33:10.088+0900][5.852s][info][gc,heap        ] GC(270) PSYoungGen: 152561K(163840K)->10496K(163840K) Eden: 152561K(153088K)->0K(153088K) From: 0K(10752K)->10496K(10752K)
[2026-03-22T17:33:10.088+0900][5.852s][info][gc,heap        ] GC(270) ParOldGen: 103430K(349696K)->197639K(349696K)
[2026-03-22T17:33:10.088+0900][5.852s][info][gc,metaspace   ] GC(270) Metaspace: 336K(512K)->336K(512K) NonClass: 318K(384K)->318K(384K) Class: 17K(128K)->17K(128K)
[2026-03-22T17:33:10.088+0900][5.853s][info][gc             ] GC(270) Pause Young (Allocation Failure) 249M->203M(501M) 5.113ms
[2026-03-22T17:33:10.088+0900][5.853s][info][gc,cpu         ] GC(270) User=0.06s Sys=0.00s Real=0.01s
[2026-03-22T17:33:10.106+0900][5.870s][info][gc,start       ] GC(271) Pause Young (Allocation Failure)
[2026-03-22T17:33:10.111+0900][5.875s][info][gc,heap        ] GC(271) PSYoungGen: 163057K(163840K)->10496K(163840K) Eden: 152561K(153088K)->0K(153088K) From: 10496K(10752K)->10496K(10752K)
[2026-03-22T17:33:10.111+0900][5.875s][info][gc,heap        ] GC(271) ParOldGen: 197639K(349696K)->291999K(349696K)
[2026-03-22T17:33:10.111+0900][5.875s][info][gc,metaspace   ] GC(271) Metaspace: 336K(512K)->336K(512K) NonClass: 318K(384K)->318K(384K) Class: 17K(128K)->17K(128K)
[2026-03-22T17:33:10.111+0900][5.875s][info][gc             ] GC(271) Pause Young (Allocation Failure) 352M->295M(501M) 4.865ms
[2026-03-22T17:33:10.111+0900][5.875s][info][gc,cpu         ] GC(271) User=0.00s Sys=0.00s Real=0.01s
[2026-03-22T17:33:10.127+0900][5.890s][info][gc,start       ] GC(272) Pause Full (Ergonomics)
[2026-03-22T17:33:10.127+0900][5.890s][info][gc,phases,start] GC(272) Marking Phase
[2026-03-22T17:33:10.128+0900][5.892s][info][gc,phases      ] GC(272) Marking Phase 1.179ms
[2026-03-22T17:33:10.128+0900][5.892s][info][gc,phases,start] GC(272) Summary Phase
[2026-03-22T17:33:10.128+0900][5.892s][info][gc,phases      ] GC(272) Summary Phase 0.016ms
[2026-03-22T17:33:10.128+0900][5.892s][info][gc,phases,start] GC(272) Adjust Roots
[2026-03-22T17:33:10.128+0900][5.892s][info][gc,phases      ] GC(272) Adjust Roots 0.174ms
[2026-03-22T17:33:10.128+0900][5.892s][info][gc,phases,start] GC(272) Compaction Phase
[2026-03-22T17:33:10.134+0900][5.898s][info][gc,phases      ] GC(272) Compaction Phase 5.662ms
[2026-03-22T17:33:10.134+0900][5.898s][info][gc,phases,start] GC(272) Post Compact
[2026-03-22T17:33:10.135+0900][5.899s][info][gc,phases      ] GC(272) Post Compact 1.539ms
[2026-03-22T17:33:10.135+0900][5.899s][info][gc,heap        ] GC(272) PSYoungGen: 163057K(163840K)->0K(163840K) Eden: 152561K(153088K)->0K(153088K) From: 10496K(10752K)->0K(10752K)
[2026-03-22T17:33:10.135+0900][5.899s][info][gc,heap        ] GC(272) ParOldGen: 291999K(349696K)->103430K(349696K)
[2026-03-22T17:33:10.135+0900][5.899s][info][gc,metaspace   ] GC(272) Metaspace: 336K(512K)->336K(512K) NonClass: 318K(384K)->318K(384K) Class: 17K(128K)->17K(128K)
[2026-03-22T17:33:10.135+0900][5.899s][info][gc             ] GC(272) Pause Full (Ergonomics) 444M->101M(501M) 8.885ms
[2026-03-22T17:33:10.136+0900][5.899s][info][gc,cpu         ] GC(272) User=0.02s Sys=0.00s Real=0.01s
[2026-03-22T17:33:10.150+0900][5.914s][info][gc,start       ] GC(273) Pause Young (Allocation Failure)
[2026-03-22T17:33:10.155+0900][5.919s][info][gc,heap        ] GC(273) PSYoungGen: 152561K(163840K)->10496K(163840K) Eden: 152561K(153088K)->0K(153088K) From: 0K(10752K)->10496K(10752K)
[2026-03-22T17:33:10.155+0900][5.919s][info][gc,heap        ] GC(273) ParOldGen: 103430K(349696K)->197639K(349696K)
[2026-03-22T17:33:10.155+0900][5.919s][info][gc,metaspace   ] GC(273) Metaspace: 336K(512K)->336K(512K) NonClass: 318K(384K)->318K(384K) Class: 17K(128K)->17K(128K)
[2026-03-22T17:33:10.155+0900][5.919s][info][gc             ] GC(273) Pause Young (Allocation Failure) 249M->203M(501M) 4.868ms
[2026-03-22T17:33:10.155+0900][5.919s][info][gc,cpu         ] GC(273) User=0.00s Sys=0.00s Real=0.00s
[2026-03-22T17:33:10.171+0900][5.935s][info][gc,start       ] GC(274) Pause Young (Allocation Failure)
[2026-03-22T17:33:10.176+0900][5.940s][info][gc,heap        ] GC(274) PSYoungGen: 163057K(163840K)->10496K(163840K) Eden: 152561K(153088K)->0K(153088K) From: 10496K(10752K)->10496K(10752K)
[2026-03-22T17:33:10.176+0900][5.940s][info][gc,heap        ] GC(274) ParOldGen: 197639K(349696K)->291999K(349696K)
[2026-03-22T17:33:10.176+0900][5.940s][info][gc,metaspace   ] GC(274) Metaspace: 336K(512K)->336K(512K) NonClass: 318K(384K)->318K(384K) Class: 17K(128K)->17K(128K)
[2026-03-22T17:33:10.176+0900][5.940s][info][gc             ] GC(274) Pause Young (Allocation Failure) 352M->295M(501M) 4.774ms
[2026-03-22T17:33:10.176+0900][5.940s][info][gc,cpu         ] GC(274) User=0.00s Sys=0.00s Real=0.01s
[2026-03-22T17:33:10.192+0900][5.956s][info][gc,start       ] GC(275) Pause Full (Ergonomics)
[2026-03-22T17:33:10.192+0900][5.956s][info][gc,phases,start] GC(275) Marking Phase
[2026-03-22T17:33:10.193+0900][5.957s][info][gc,phases      ] GC(275) Marking Phase 1.047ms
[2026-03-22T17:33:10.193+0900][5.957s][info][gc,phases,start] GC(275) Summary Phase
[2026-03-22T17:33:10.193+0900][5.957s][info][gc,phases      ] GC(275) Summary Phase 0.015ms
[2026-03-22T17:33:10.193+0900][5.957s][info][gc,phases,start] GC(275) Adjust Roots
[2026-03-22T17:33:10.193+0900][5.957s][info][gc,phases      ] GC(275) Adjust Roots 0.181ms
[2026-03-22T17:33:10.193+0900][5.957s][info][gc,phases,start] GC(275) Compaction Phase
[2026-03-22T17:33:10.199+0900][5.963s][info][gc,phases      ] GC(275) Compaction Phase 5.561ms
[2026-03-22T17:33:10.199+0900][5.963s][info][gc,phases,start] GC(275) Post Compact
[2026-03-22T17:33:10.201+0900][5.964s][info][gc,phases      ] GC(275) Post Compact 1.531ms
[2026-03-22T17:33:10.201+0900][5.964s][info][gc,heap        ] GC(275) PSYoungGen: 163057K(163840K)->0K(163840K) Eden: 152561K(153088K)->0K(153088K) From: 10496K(10752K)->0K(10752K)
[2026-03-22T17:33:10.201+0900][5.964s][info][gc,heap        ] GC(275) ParOldGen: 291999K(349696K)->103430K(349696K)
[2026-03-22T17:33:10.201+0900][5.964s][info][gc,metaspace   ] GC(275) Metaspace: 336K(512K)->336K(512K) NonClass: 318K(384K)->318K(384K) Class: 17K(128K)->17K(128K)
[2026-03-22T17:33:10.201+0900][5.965s][info][gc             ] GC(275) Pause Full (Ergonomics) 444M->101M(501M) 8.593ms
[2026-03-22T17:33:10.201+0900][5.965s][info][gc,cpu         ] GC(275) User=0.06s Sys=0.00s Real=0.01s
[2026-03-22T17:33:10.215+0900][5.980s][info][gc,start       ] GC(276) Pause Young (Allocation Failure)
[2026-03-22T17:33:10.221+0900][5.985s][info][gc,heap        ] GC(276) PSYoungGen: 152561K(163840K)->10464K(163840K) Eden: 152561K(153088K)->0K(153088K) From: 0K(10752K)->10464K(10752K)
[2026-03-22T17:33:10.221+0900][5.985s][info][gc,heap        ] GC(276) ParOldGen: 103430K(349696K)->197639K(349696K)
[2026-03-22T17:33:10.221+0900][5.985s][info][gc,metaspace   ] GC(276) Metaspace: 336K(512K)->336K(512K) NonClass: 318K(384K)->318K(384K) Class: 17K(128K)->17K(128K)
[2026-03-22T17:33:10.221+0900][5.985s][info][gc             ] GC(276) Pause Young (Allocation Failure) 249M->203M(501M) 5.553ms
[2026-03-22T17:33:10.221+0900][5.985s][info][gc,cpu         ] GC(276) User=0.00s Sys=0.00s Real=0.01s
[2026-03-22T17:33:10.236+0900][6.000s][info][gc,start       ] GC(277) Pause Young (Allocation Failure)
[2026-03-22T17:33:10.241+0900][6.004s][info][gc,heap        ] GC(277) PSYoungGen: 163025K(163840K)->10496K(163840K) Eden: 152561K(153088K)->0K(153088K) From: 10464K(10752K)->10496K(10752K)
[2026-03-22T17:33:10.241+0900][6.005s][info][gc,heap        ] GC(277) ParOldGen: 197639K(349696K)->291999K(349696K)
[2026-03-22T17:33:10.241+0900][6.005s][info][gc,metaspace   ] GC(277) Metaspace: 336K(512K)->336K(512K) NonClass: 318K(384K)->318K(384K) Class: 17K(128K)->17K(128K)
[2026-03-22T17:33:10.241+0900][6.005s][info][gc             ] GC(277) Pause Young (Allocation Failure) 352M->295M(501M) 4.581ms
[2026-03-22T17:33:10.241+0900][6.005s][info][gc,cpu         ] GC(277) User=0.00s Sys=0.00s Real=0.00s
[2026-03-22T17:33:10.255+0900][6.019s][info][gc,start       ] GC(278) Pause Full (Ergonomics)
[2026-03-22T17:33:10.255+0900][6.019s][info][gc,phases,start] GC(278) Marking Phase
[2026-03-22T17:33:10.256+0900][6.020s][info][gc,phases      ] GC(278) Marking Phase 0.973ms
[2026-03-22T17:33:10.256+0900][6.020s][info][gc,phases,start] GC(278) Summary Phase
[2026-03-22T17:33:10.256+0900][6.020s][info][gc,phases      ] GC(278) Summary Phase 0.015ms
[2026-03-22T17:33:10.256+0900][6.020s][info][gc,phases,start] GC(278) Adjust Roots
[2026-03-22T17:33:10.257+0900][6.020s][info][gc,phases      ] GC(278) Adjust Roots 0.171ms
[2026-03-22T17:33:10.257+0900][6.020s][info][gc,phases,start] GC(278) Compaction Phase
[2026-03-22T17:33:10.262+0900][6.026s][info][gc,phases      ] GC(278) Compaction Phase 5.713ms
[2026-03-22T17:33:10.262+0900][6.026s][info][gc,phases,start] GC(278) Post Compact
[2026-03-22T17:33:10.264+0900][6.028s][info][gc,phases      ] GC(278) Post Compact 1.642ms
[2026-03-22T17:33:10.264+0900][6.028s][info][gc,heap        ] GC(278) PSYoungGen: 163057K(163840K)->0K(163840K) Eden: 152561K(153088K)->0K(153088K) From: 10496K(10752K)->0K(10752K)
[2026-03-22T17:33:10.264+0900][6.028s][info][gc,heap        ] GC(278) ParOldGen: 291999K(349696K)->103430K(349696K)
[2026-03-22T17:33:10.264+0900][6.028s][info][gc,metaspace   ] GC(278) Metaspace: 336K(512K)->336K(512K) NonClass: 318K(384K)->318K(384K) Class: 17K(128K)->17K(128K)
[2026-03-22T17:33:10.264+0900][6.028s][info][gc             ] GC(278) Pause Full (Ergonomics) 444M->101M(501M) 8.807ms
[2026-03-22T17:33:10.264+0900][6.028s][info][gc,cpu         ] GC(278) User=0.06s Sys=0.00s Real=0.01s
[2026-03-22T17:33:10.281+0900][6.044s][info][gc,start       ] GC(279) Pause Young (Allocation Failure)
[2026-03-22T17:33:10.285+0900][6.049s][info][gc,heap        ] GC(279) PSYoungGen: 152561K(163840K)->10496K(163840K) Eden: 152561K(153088K)->0K(153088K) From: 0K(10752K)->10496K(10752K)
[2026-03-22T17:33:10.285+0900][6.049s][info][gc,heap        ] GC(279) ParOldGen: 103430K(349696K)->197639K(349696K)
[2026-03-22T17:33:10.285+0900][6.049s][info][gc,metaspace   ] GC(279) Metaspace: 336K(512K)->336K(512K) NonClass: 318K(384K)->318K(384K) Class: 17K(128K)->17K(128K)
[2026-03-22T17:33:10.285+0900][6.049s][info][gc             ] GC(279) Pause Young (Allocation Failure) 249M->203M(501M) 4.726ms
[2026-03-22T17:33:10.285+0900][6.049s][info][gc,cpu         ] GC(279) User=0.00s Sys=0.00s Real=0.00s
[2026-03-22T17:33:10.299+0900][6.064s][info][gc,start       ] GC(280) Pause Young (Allocation Failure)
[2026-03-22T17:33:10.304+0900][6.068s][info][gc,heap        ] GC(280) PSYoungGen: 163057K(163840K)->10496K(163840K) Eden: 152561K(153088K)->0K(153088K) From: 10496K(10752K)->10496K(10752K)
[2026-03-22T17:33:10.304+0900][6.068s][info][gc,heap        ] GC(280) ParOldGen: 197639K(349696K)->291999K(349696K)
[2026-03-22T17:33:10.305+0900][6.069s][info][gc,metaspace   ] GC(280) Metaspace: 336K(512K)->336K(512K) NonClass: 318K(384K)->318K(384K) Class: 17K(128K)->17K(128K)
[2026-03-22T17:33:10.305+0900][6.069s][info][gc             ] GC(280) Pause Young (Allocation Failure) 352M->295M(501M) 5.076ms
[2026-03-22T17:33:10.305+0900][6.069s][info][gc,cpu         ] GC(280) User=0.00s Sys=0.00s Real=0.01s
[2026-03-22T17:33:10.323+0900][6.087s][info][gc,start       ] GC(281) Pause Full (Ergonomics)
[2026-03-22T17:33:10.323+0900][6.087s][info][gc,phases,start] GC(281) Marking Phase
[2026-03-22T17:33:10.324+0900][6.088s][info][gc,phases      ] GC(281) Marking Phase 1.473ms
[2026-03-22T17:33:10.325+0900][6.088s][info][gc,phases,start] GC(281) Summary Phase
[2026-03-22T17:33:10.325+0900][6.088s][info][gc,phases      ] GC(281) Summary Phase 0.028ms
[2026-03-22T17:33:10.325+0900][6.088s][info][gc,phases,start] GC(281) Adjust Roots
[2026-03-22T17:33:10.325+0900][6.089s][info][gc,phases      ] GC(281) Adjust Roots 0.313ms
[2026-03-22T17:33:10.325+0900][6.089s][info][gc,phases,start] GC(281) Compaction Phase
[2026-03-22T17:33:10.330+0900][6.094s][info][gc,phases      ] GC(281) Compaction Phase 5.479ms
[2026-03-22T17:33:10.331+0900][6.094s][info][gc,phases,start] GC(281) Post Compact
[2026-03-22T17:33:10.332+0900][6.096s][info][gc,phases      ] GC(281) Post Compact 1.580ms
[2026-03-22T17:33:10.332+0900][6.096s][info][gc,heap        ] GC(281) PSYoungGen: 163057K(163840K)->0K(163840K) Eden: 152561K(153088K)->0K(153088K) From: 10496K(10752K)->0K(10752K)
[2026-03-22T17:33:10.332+0900][6.096s][info][gc,heap        ] GC(281) ParOldGen: 291999K(349696K)->103430K(349696K)
[2026-03-22T17:33:10.332+0900][6.096s][info][gc,metaspace   ] GC(281) Metaspace: 336K(512K)->336K(512K) NonClass: 318K(384K)->318K(384K) Class: 17K(128K)->17K(128K)
[2026-03-22T17:33:10.332+0900][6.096s][info][gc             ] GC(281) Pause Full (Ergonomics) 444M->101M(501M) 9.368ms
[2026-03-22T17:33:10.332+0900][6.096s][info][gc,cpu         ] GC(281) User=0.00s Sys=0.00s Real=0.01s
[2026-03-22T17:33:10.348+0900][6.112s][info][gc,start       ] GC(282) Pause Young (Allocation Failure)
[2026-03-22T17:33:10.353+0900][6.117s][info][gc,heap        ] GC(282) PSYoungGen: 152561K(163840K)->10496K(163840K) Eden: 152561K(153088K)->0K(153088K) From: 0K(10752K)->10496K(10752K)
[2026-03-22T17:33:10.353+0900][6.117s][info][gc,heap        ] GC(282) ParOldGen: 103430K(349696K)->197639K(349696K)
[2026-03-22T17:33:10.353+0900][6.117s][info][gc,metaspace   ] GC(282) Metaspace: 336K(512K)->336K(512K) NonClass: 318K(384K)->318K(384K) Class: 17K(128K)->17K(128K)
[2026-03-22T17:33:10.353+0900][6.117s][info][gc             ] GC(282) Pause Young (Allocation Failure) 249M->203M(501M) 5.110ms
[2026-03-22T17:33:10.353+0900][6.117s][info][gc,cpu         ] GC(282) User=0.00s Sys=0.00s Real=0.00s
[2026-03-22T17:33:10.370+0900][6.134s][info][gc,start       ] GC(283) Pause Young (Allocation Failure)
[2026-03-22T17:33:10.375+0900][6.139s][info][gc,heap        ] GC(283) PSYoungGen: 163057K(163840K)->10496K(163840K) Eden: 152561K(153088K)->0K(153088K) From: 10496K(10752K)->10496K(10752K)
[2026-03-22T17:33:10.375+0900][6.139s][info][gc,heap        ] GC(283) ParOldGen: 197639K(349696K)->291999K(349696K)
[2026-03-22T17:33:10.375+0900][6.139s][info][gc,metaspace   ] GC(283) Metaspace: 336K(512K)->336K(512K) NonClass: 318K(384K)->318K(384K) Class: 17K(128K)->17K(128K)
[2026-03-22T17:33:10.375+0900][6.139s][info][gc             ] GC(283) Pause Young (Allocation Failure) 352M->295M(501M) 4.879ms
[2026-03-22T17:33:10.375+0900][6.139s][info][gc,cpu         ] GC(283) User=0.00s Sys=0.00s Real=0.01s
[2026-03-22T17:33:10.391+0900][6.155s][info][gc,start       ] GC(284) Pause Full (Ergonomics)
[2026-03-22T17:33:10.391+0900][6.155s][info][gc,phases,start] GC(284) Marking Phase
[2026-03-22T17:33:10.392+0900][6.157s][info][gc,phases      ] GC(284) Marking Phase 1.063ms
[2026-03-22T17:33:10.392+0900][6.157s][info][gc,phases,start] GC(284) Summary Phase
[2026-03-22T17:33:10.392+0900][6.157s][info][gc,phases      ] GC(284) Summary Phase 0.016ms
[2026-03-22T17:33:10.392+0900][6.157s][info][gc,phases,start] GC(284) Adjust Roots
[2026-03-22T17:33:10.392+0900][6.157s][info][gc,phases      ] GC(284) Adjust Roots 0.181ms
[2026-03-22T17:33:10.393+0900][6.157s][info][gc,phases,start] GC(284) Compaction Phase
[2026-03-22T17:33:10.398+0900][6.162s][info][gc,phases      ] GC(284) Compaction Phase 5.633ms
[2026-03-22T17:33:10.398+0900][6.162s][info][gc,phases,start] GC(284) Post Compact
[2026-03-22T17:33:10.400+0900][6.164s][info][gc,phases      ] GC(284) Post Compact 1.488ms
[2026-03-22T17:33:10.400+0900][6.164s][info][gc,heap        ] GC(284) PSYoungGen: 163057K(163840K)->0K(163840K) Eden: 152561K(153088K)->0K(153088K) From: 10496K(10752K)->0K(10752K)
[2026-03-22T17:33:10.400+0900][6.164s][info][gc,heap        ] GC(284) ParOldGen: 291999K(349696K)->103430K(349696K)
[2026-03-22T17:33:10.400+0900][6.164s][info][gc,metaspace   ] GC(284) Metaspace: 336K(512K)->336K(512K) NonClass: 318K(384K)->318K(384K) Class: 17K(128K)->17K(128K)
[2026-03-22T17:33:10.400+0900][6.164s][info][gc             ] GC(284) Pause Full (Ergonomics) 444M->101M(501M) 8.649ms
[2026-03-22T17:33:10.400+0900][6.164s][info][gc,cpu         ] GC(284) User=0.02s Sys=0.00s Real=0.01s
[2026-03-22T17:33:10.416+0900][6.180s][info][gc,start       ] GC(285) Pause Young (Allocation Failure)
[2026-03-22T17:33:10.421+0900][6.185s][info][gc,heap        ] GC(285) PSYoungGen: 152561K(163840K)->10464K(163840K) Eden: 152561K(153088K)->0K(153088K) From: 0K(10752K)->10464K(10752K)
[2026-03-22T17:33:10.421+0900][6.185s][info][gc,heap        ] GC(285) ParOldGen: 103430K(349696K)->197639K(349696K)
[2026-03-22T17:33:10.421+0900][6.185s][info][gc,metaspace   ] GC(285) Metaspace: 336K(512K)->336K(512K) NonClass: 318K(384K)->318K(384K) Class: 17K(128K)->17K(128K)
[2026-03-22T17:33:10.421+0900][6.185s][info][gc             ] GC(285) Pause Young (Allocation Failure) 249M->203M(501M) 4.698ms
[2026-03-22T17:33:10.421+0900][6.185s][info][gc,cpu         ] GC(285) User=0.00s Sys=0.00s Real=0.01s
[2026-03-22T17:33:10.437+0900][6.200s][info][gc,start       ] GC(286) Pause Young (Allocation Failure)
[2026-03-22T17:33:10.441+0900][6.205s][info][gc,heap        ] GC(286) PSYoungGen: 163025K(163840K)->10496K(163840K) Eden: 152561K(153088K)->0K(153088K) From: 10464K(10752K)->10496K(10752K)
[2026-03-22T17:33:10.441+0900][6.205s][info][gc,heap        ] GC(286) ParOldGen: 197639K(349696K)->291999K(349696K)
[2026-03-22T17:33:10.441+0900][6.205s][info][gc,metaspace   ] GC(286) Metaspace: 336K(512K)->336K(512K) NonClass: 318K(384K)->318K(384K) Class: 17K(128K)->17K(128K)
[2026-03-22T17:33:10.441+0900][6.205s][info][gc             ] GC(286) Pause Young (Allocation Failure) 352M->295M(501M) 4.838ms
[2026-03-22T17:33:10.441+0900][6.205s][info][gc,cpu         ] GC(286) User=0.00s Sys=0.00s Real=0.00s
[2026-03-22T17:33:10.455+0900][6.219s][info][gc,start       ] GC(287) Pause Full (Ergonomics)
[2026-03-22T17:33:10.455+0900][6.219s][info][gc,phases,start] GC(287) Marking Phase
[2026-03-22T17:33:10.456+0900][6.221s][info][gc,phases      ] GC(287) Marking Phase 1.280ms
[2026-03-22T17:33:10.456+0900][6.221s][info][gc,phases,start] GC(287) Summary Phase
[2026-03-22T17:33:10.456+0900][6.221s][info][gc,phases      ] GC(287) Summary Phase 0.023ms
[2026-03-22T17:33:10.456+0900][6.221s][info][gc,phases,start] GC(287) Adjust Roots
[2026-03-22T17:33:10.457+0900][6.221s][info][gc,phases      ] GC(287) Adjust Roots 0.240ms
[2026-03-22T17:33:10.457+0900][6.221s][info][gc,phases,start] GC(287) Compaction Phase
[2026-03-22T17:33:10.462+0900][6.226s][info][gc,phases      ] GC(287) Compaction Phase 5.282ms
[2026-03-22T17:33:10.462+0900][6.226s][info][gc,phases,start] GC(287) Post Compact
[2026-03-22T17:33:10.464+0900][6.228s][info][gc,phases      ] GC(287) Post Compact 1.779ms
[2026-03-22T17:33:10.464+0900][6.228s][info][gc,heap        ] GC(287) PSYoungGen: 163057K(163840K)->0K(163840K) Eden: 152561K(153088K)->0K(153088K) From: 10496K(10752K)->0K(10752K)
[2026-03-22T17:33:10.464+0900][6.228s][info][gc,heap        ] GC(287) ParOldGen: 291999K(349696K)->103430K(349696K)
[2026-03-22T17:33:10.464+0900][6.228s][info][gc,metaspace   ] GC(287) Metaspace: 336K(512K)->336K(512K) NonClass: 318K(384K)->318K(384K) Class: 17K(128K)->17K(128K)
[2026-03-22T17:33:10.464+0900][6.228s][info][gc             ] GC(287) Pause Full (Ergonomics) 444M->101M(501M) 8.883ms
[2026-03-22T17:33:10.464+0900][6.228s][info][gc,cpu         ] GC(287) User=0.02s Sys=0.00s Real=0.01s
[2026-03-22T17:33:10.479+0900][6.243s][info][gc,start       ] GC(288) Pause Young (Allocation Failure)
[2026-03-22T17:33:10.483+0900][6.247s][info][gc,heap        ] GC(288) PSYoungGen: 152561K(163840K)->10496K(163840K) Eden: 152561K(153088K)->0K(153088K) From: 0K(10752K)->10496K(10752K)
[2026-03-22T17:33:10.484+0900][6.247s][info][gc,heap        ] GC(288) ParOldGen: 103430K(349696K)->197639K(349696K)
[2026-03-22T17:33:10.484+0900][6.247s][info][gc,metaspace   ] GC(288) Metaspace: 336K(512K)->336K(512K) NonClass: 318K(384K)->318K(384K) Class: 17K(128K)->17K(128K)
[2026-03-22T17:33:10.484+0900][6.247s][info][gc             ] GC(288) Pause Young (Allocation Failure) 249M->203M(501M) 4.635ms
[2026-03-22T17:33:10.484+0900][6.247s][info][gc,cpu         ] GC(288) User=0.00s Sys=0.00s Real=0.00s
[2026-03-22T17:33:10.499+0900][6.263s][info][gc,start       ] GC(289) Pause Young (Allocation Failure)
[2026-03-22T17:33:10.504+0900][6.267s][info][gc,heap        ] GC(289) PSYoungGen: 163057K(163840K)->10496K(163840K) Eden: 152561K(153088K)->0K(153088K) From: 10496K(10752K)->10496K(10752K)
[2026-03-22T17:33:10.504+0900][6.268s][info][gc,heap        ] GC(289) ParOldGen: 197639K(349696K)->291999K(349696K)
[2026-03-22T17:33:10.504+0900][6.268s][info][gc,metaspace   ] GC(289) Metaspace: 336K(512K)->336K(512K) NonClass: 318K(384K)->318K(384K) Class: 17K(128K)->17K(128K)
[2026-03-22T17:33:10.504+0900][6.268s][info][gc             ] GC(289) Pause Young (Allocation Failure) 352M->295M(501M) 4.914ms
[2026-03-22T17:33:10.504+0900][6.268s][info][gc,cpu         ] GC(289) User=0.00s Sys=0.00s Real=0.00s
[2026-03-22T17:33:10.521+0900][6.285s][info][gc,start       ] GC(290) Pause Full (Ergonomics)
[2026-03-22T17:33:10.521+0900][6.285s][info][gc,phases,start] GC(290) Marking Phase
[2026-03-22T17:33:10.522+0900][6.286s][info][gc,phases      ] GC(290) Marking Phase 1.421ms
[2026-03-22T17:33:10.522+0900][6.286s][info][gc,phases,start] GC(290) Summary Phase
[2026-03-22T17:33:10.522+0900][6.286s][info][gc,phases      ] GC(290) Summary Phase 0.029ms
[2026-03-22T17:33:10.522+0900][6.286s][info][gc,phases,start] GC(290) Adjust Roots
[2026-03-22T17:33:10.522+0900][6.287s][info][gc,phases      ] GC(290) Adjust Roots 0.237ms
[2026-03-22T17:33:10.523+0900][6.287s][info][gc,phases,start] GC(290) Compaction Phase
[2026-03-22T17:33:10.528+0900][6.293s][info][gc,phases      ] GC(290) Compaction Phase 5.948ms
[2026-03-22T17:33:10.529+0900][6.293s][info][gc,phases,start] GC(290) Post Compact
[2026-03-22T17:33:10.530+0900][6.294s][info][gc,phases      ] GC(290) Post Compact 1.435ms
[2026-03-22T17:33:10.530+0900][6.294s][info][gc,heap        ] GC(290) PSYoungGen: 163057K(163840K)->0K(163840K) Eden: 152561K(153088K)->0K(153088K) From: 10496K(10752K)->0K(10752K)
[2026-03-22T17:33:10.530+0900][6.294s][info][gc,heap        ] GC(290) ParOldGen: 291999K(349696K)->103430K(349696K)
[2026-03-22T17:33:10.530+0900][6.294s][info][gc,metaspace   ] GC(290) Metaspace: 336K(512K)->336K(512K) NonClass: 318K(384K)->318K(384K) Class: 17K(128K)->17K(128K)
[2026-03-22T17:33:10.530+0900][6.294s][info][gc             ] GC(290) Pause Full (Ergonomics) 444M->101M(501M) 9.370ms
[2026-03-22T17:33:10.530+0900][6.294s][info][gc,cpu         ] GC(290) User=0.05s Sys=0.00s Real=0.01s
[2026-03-22T17:33:10.547+0900][6.311s][info][gc,start       ] GC(291) Pause Young (Allocation Failure)
[2026-03-22T17:33:10.552+0900][6.316s][info][gc,heap        ] GC(291) PSYoungGen: 152561K(163840K)->10496K(163840K) Eden: 152561K(153088K)->0K(153088K) From: 0K(10752K)->10496K(10752K)
[2026-03-22T17:33:10.552+0900][6.316s][info][gc,heap        ] GC(291) ParOldGen: 103430K(349696K)->197639K(349696K)
[2026-03-22T17:33:10.552+0900][6.316s][info][gc,metaspace   ] GC(291) Metaspace: 336K(512K)->336K(512K) NonClass: 318K(384K)->318K(384K) Class: 17K(128K)->17K(128K)
[2026-03-22T17:33:10.552+0900][6.316s][info][gc             ] GC(291) Pause Young (Allocation Failure) 249M->203M(501M) 4.468ms
[2026-03-22T17:33:10.552+0900][6.316s][info][gc,cpu         ] GC(291) User=0.00s Sys=0.00s Real=0.01s
[2026-03-22T17:33:10.567+0900][6.331s][info][gc,start       ] GC(292) Pause Young (Allocation Failure)
[2026-03-22T17:33:10.572+0900][6.336s][info][gc,heap        ] GC(292) PSYoungGen: 163057K(163840K)->10496K(163840K) Eden: 152561K(153088K)->0K(153088K) From: 10496K(10752K)->10496K(10752K)
[2026-03-22T17:33:10.572+0900][6.336s][info][gc,heap        ] GC(292) ParOldGen: 197639K(349696K)->291999K(349696K)
[2026-03-22T17:33:10.572+0900][6.336s][info][gc,metaspace   ] GC(292) Metaspace: 336K(512K)->336K(512K) NonClass: 318K(384K)->318K(384K) Class: 17K(128K)->17K(128K)
[2026-03-22T17:33:10.572+0900][6.336s][info][gc             ] GC(292) Pause Young (Allocation Failure) 352M->295M(501M) 5.098ms
[2026-03-22T17:33:10.572+0900][6.336s][info][gc,cpu         ] GC(292) User=0.00s Sys=0.00s Real=0.01s
[2026-03-22T17:33:10.586+0900][6.350s][info][gc,start       ] GC(293) Pause Full (Ergonomics)
[2026-03-22T17:33:10.586+0900][6.350s][info][gc,phases,start] GC(293) Marking Phase
[2026-03-22T17:33:10.588+0900][6.352s][info][gc,phases      ] GC(293) Marking Phase 1.365ms
[2026-03-22T17:33:10.588+0900][6.352s][info][gc,phases,start] GC(293) Summary Phase
[2026-03-22T17:33:10.588+0900][6.352s][info][gc,phases      ] GC(293) Summary Phase 0.015ms
[2026-03-22T17:33:10.588+0900][6.352s][info][gc,phases,start] GC(293) Adjust Roots
[2026-03-22T17:33:10.588+0900][6.352s][info][gc,phases      ] GC(293) Adjust Roots 0.187ms
[2026-03-22T17:33:10.588+0900][6.352s][info][gc,phases,start] GC(293) Compaction Phase
[2026-03-22T17:33:10.593+0900][6.357s][info][gc,phases      ] GC(293) Compaction Phase 5.441ms
[2026-03-22T17:33:10.593+0900][6.357s][info][gc,phases,start] GC(293) Post Compact
[2026-03-22T17:33:10.595+0900][6.359s][info][gc,phases      ] GC(293) Post Compact 1.421ms
[2026-03-22T17:33:10.595+0900][6.359s][info][gc,heap        ] GC(293) PSYoungGen: 163057K(163840K)->0K(163840K) Eden: 152561K(153088K)->0K(153088K) From: 10496K(10752K)->0K(10752K)
[2026-03-22T17:33:10.595+0900][6.359s][info][gc,heap        ] GC(293) ParOldGen: 291999K(349696K)->103430K(349696K)
[2026-03-22T17:33:10.595+0900][6.359s][info][gc,metaspace   ] GC(293) Metaspace: 336K(512K)->336K(512K) NonClass: 318K(384K)->318K(384K) Class: 17K(128K)->17K(128K)
[2026-03-22T17:33:10.595+0900][6.359s][info][gc             ] GC(293) Pause Full (Ergonomics) 444M->101M(501M) 8.684ms
[2026-03-22T17:33:10.595+0900][6.359s][info][gc,cpu         ] GC(293) User=0.02s Sys=0.00s Real=0.01s
[2026-03-22T17:33:10.612+0900][6.376s][info][gc,start       ] GC(294) Pause Young (Allocation Failure)
[2026-03-22T17:33:10.618+0900][6.381s][info][gc,heap        ] GC(294) PSYoungGen: 152561K(163840K)->10432K(163840K) Eden: 152561K(153088K)->0K(153088K) From: 0K(10752K)->10432K(10752K)
[2026-03-22T17:33:10.618+0900][6.381s][info][gc,heap        ] GC(294) ParOldGen: 103430K(349696K)->197639K(349696K)
[2026-03-22T17:33:10.618+0900][6.381s][info][gc,metaspace   ] GC(294) Metaspace: 336K(512K)->336K(512K) NonClass: 318K(384K)->318K(384K) Class: 17K(128K)->17K(128K)
[2026-03-22T17:33:10.618+0900][6.381s][info][gc             ] GC(294) Pause Young (Allocation Failure) 249M->203M(501M) 5.027ms
[2026-03-22T17:33:10.618+0900][6.381s][info][gc,cpu         ] GC(294) User=0.00s Sys=0.00s Real=0.01s
[2026-03-22T17:33:10.632+0900][6.396s][info][gc,start       ] GC(295) Pause Young (Allocation Failure)
[2026-03-22T17:33:10.636+0900][6.401s][info][gc,heap        ] GC(295) PSYoungGen: 162993K(163840K)->10496K(163840K) Eden: 152561K(153088K)->0K(153088K) From: 10432K(10752K)->10496K(10752K)
[2026-03-22T17:33:10.637+0900][6.401s][info][gc,heap        ] GC(295) ParOldGen: 197639K(349696K)->291999K(349696K)
[2026-03-22T17:33:10.637+0900][6.401s][info][gc,metaspace   ] GC(295) Metaspace: 336K(512K)->336K(512K) NonClass: 318K(384K)->318K(384K) Class: 17K(128K)->17K(128K)
[2026-03-22T17:33:10.637+0900][6.401s][info][gc             ] GC(295) Pause Young (Allocation Failure) 352M->295M(501M) 5.101ms
[2026-03-22T17:33:10.637+0900][6.401s][info][gc,cpu         ] GC(295) User=0.06s Sys=0.00s Real=0.01s
[2026-03-22T17:33:10.654+0900][6.419s][info][gc,start       ] GC(296) Pause Full (Ergonomics)
[2026-03-22T17:33:10.655+0900][6.419s][info][gc,phases,start] GC(296) Marking Phase
[2026-03-22T17:33:10.656+0900][6.420s][info][gc,phases      ] GC(296) Marking Phase 1.337ms
[2026-03-22T17:33:10.656+0900][6.420s][info][gc,phases,start] GC(296) Summary Phase
[2026-03-22T17:33:10.656+0900][6.420s][info][gc,phases      ] GC(296) Summary Phase 0.020ms
[2026-03-22T17:33:10.656+0900][6.420s][info][gc,phases,start] GC(296) Adjust Roots
[2026-03-22T17:33:10.656+0900][6.420s][info][gc,phases      ] GC(296) Adjust Roots 0.214ms
[2026-03-22T17:33:10.656+0900][6.420s][info][gc,phases,start] GC(296) Compaction Phase
[2026-03-22T17:33:10.662+0900][6.426s][info][gc,phases      ] GC(296) Compaction Phase 5.684ms
[2026-03-22T17:33:10.662+0900][6.426s][info][gc,phases,start] GC(296) Post Compact
[2026-03-22T17:33:10.663+0900][6.428s][info][gc,phases      ] GC(296) Post Compact 1.564ms
[2026-03-22T17:33:10.663+0900][6.428s][info][gc,heap        ] GC(296) PSYoungGen: 163057K(163840K)->0K(163840K) Eden: 152561K(153088K)->0K(153088K) From: 10496K(10752K)->0K(10752K)
[2026-03-22T17:33:10.663+0900][6.428s][info][gc,heap        ] GC(296) ParOldGen: 291999K(349696K)->103430K(349696K)
[2026-03-22T17:33:10.663+0900][6.428s][info][gc,metaspace   ] GC(296) Metaspace: 336K(512K)->336K(512K) NonClass: 318K(384K)->318K(384K) Class: 17K(128K)->17K(128K)
[2026-03-22T17:33:10.663+0900][6.428s][info][gc             ] GC(296) Pause Full (Ergonomics) 444M->101M(501M) 9.097ms
[2026-03-22T17:33:10.663+0900][6.428s][info][gc,cpu         ] GC(296) User=0.00s Sys=0.00s Real=0.01s
[2026-03-22T17:33:10.680+0900][6.444s][info][gc,start       ] GC(297) Pause Young (Allocation Failure)
[2026-03-22T17:33:10.685+0900][6.449s][info][gc,heap        ] GC(297) PSYoungGen: 152561K(163840K)->10496K(163840K) Eden: 152561K(153088K)->0K(153088K) From: 0K(10752K)->10496K(10752K)
[2026-03-22T17:33:10.685+0900][6.449s][info][gc,heap        ] GC(297) ParOldGen: 103430K(349696K)->197639K(349696K)
[2026-03-22T17:33:10.685+0900][6.449s][info][gc,metaspace   ] GC(297) Metaspace: 336K(512K)->336K(512K) NonClass: 318K(384K)->318K(384K) Class: 17K(128K)->17K(128K)
[2026-03-22T17:33:10.685+0900][6.449s][info][gc             ] GC(297) Pause Young (Allocation Failure) 249M->203M(501M) 5.195ms
[2026-03-22T17:33:10.685+0900][6.449s][info][gc,cpu         ] GC(297) User=0.05s Sys=0.00s Real=0.00s
[2026-03-22T17:33:10.701+0900][6.466s][info][gc,start       ] GC(298) Pause Young (Allocation Failure)
[2026-03-22T17:33:10.707+0900][6.471s][info][gc,heap        ] GC(298) PSYoungGen: 163057K(163840K)->10496K(163840K) Eden: 152561K(153088K)->0K(153088K) From: 10496K(10752K)->10496K(10752K)
[2026-03-22T17:33:10.707+0900][6.472s][info][gc,heap        ] GC(298) ParOldGen: 197639K(349696K)->291999K(349696K)
[2026-03-22T17:33:10.707+0900][6.472s][info][gc,metaspace   ] GC(298) Metaspace: 336K(512K)->336K(512K) NonClass: 318K(384K)->318K(384K) Class: 17K(128K)->17K(128K)
[2026-03-22T17:33:10.708+0900][6.472s][info][gc             ] GC(298) Pause Young (Allocation Failure) 352M->295M(501M) 6.020ms
[2026-03-22T17:33:10.708+0900][6.472s][info][gc,cpu         ] GC(298) User=0.00s Sys=0.00s Real=0.01s
[2026-03-22T17:33:10.724+0900][6.488s][info][gc,start       ] GC(299) Pause Full (Ergonomics)
[2026-03-22T17:33:10.724+0900][6.488s][info][gc,phases,start] GC(299) Marking Phase
[2026-03-22T17:33:10.726+0900][6.490s][info][gc,phases      ] GC(299) Marking Phase 1.296ms
[2026-03-22T17:33:10.726+0900][6.490s][info][gc,phases,start] GC(299) Summary Phase
[2026-03-22T17:33:10.726+0900][6.490s][info][gc,phases      ] GC(299) Summary Phase 0.020ms
[2026-03-22T17:33:10.726+0900][6.490s][info][gc,phases,start] GC(299) Adjust Roots
[2026-03-22T17:33:10.726+0900][6.490s][info][gc,phases      ] GC(299) Adjust Roots 0.218ms
[2026-03-22T17:33:10.726+0900][6.490s][info][gc,phases,start] GC(299) Compaction Phase
[2026-03-22T17:33:10.733+0900][6.496s][info][gc,phases      ] GC(299) Compaction Phase 6.563ms
[2026-03-22T17:33:10.733+0900][6.496s][info][gc,phases,start] GC(299) Post Compact
[2026-03-22T17:33:10.734+0900][6.498s][info][gc,phases      ] GC(299) Post Compact 1.558ms
[2026-03-22T17:33:10.734+0900][6.498s][info][gc,heap        ] GC(299) PSYoungGen: 163057K(163840K)->0K(163840K) Eden: 152561K(153088K)->0K(153088K) From: 10496K(10752K)->0K(10752K)
[2026-03-22T17:33:10.734+0900][6.498s][info][gc,heap        ] GC(299) ParOldGen: 291999K(349696K)->103430K(349696K)
[2026-03-22T17:33:10.734+0900][6.498s][info][gc,metaspace   ] GC(299) Metaspace: 336K(512K)->336K(512K) NonClass: 318K(384K)->318K(384K) Class: 17K(128K)->17K(128K)
[2026-03-22T17:33:10.734+0900][6.498s][info][gc             ] GC(299) Pause Full (Ergonomics) 444M->101M(501M) 9.930ms
[2026-03-22T17:33:10.734+0900][6.498s][info][gc,cpu         ] GC(299) User=0.05s Sys=0.00s Real=0.01s
[2026-03-22T17:33:10.751+0900][6.515s][info][gc,start       ] GC(300) Pause Young (Allocation Failure)
[2026-03-22T17:33:10.756+0900][6.520s][info][gc,heap        ] GC(300) PSYoungGen: 152561K(163840K)->10496K(163840K) Eden: 152561K(153088K)->0K(153088K) From: 0K(10752K)->10496K(10752K)
[2026-03-22T17:33:10.756+0900][6.520s][info][gc,heap        ] GC(300) ParOldGen: 103430K(349696K)->197639K(349696K)
[2026-03-22T17:33:10.756+0900][6.520s][info][gc,metaspace   ] GC(300) Metaspace: 336K(512K)->336K(512K) NonClass: 318K(384K)->318K(384K) Class: 17K(128K)->17K(128K)
[2026-03-22T17:33:10.756+0900][6.520s][info][gc             ] GC(300) Pause Young (Allocation Failure) 249M->203M(501M) 5.093ms
[2026-03-22T17:33:10.756+0900][6.520s][info][gc,cpu         ] GC(300) User=0.00s Sys=0.00s Real=0.01s
[2026-03-22T17:33:10.772+0900][6.536s][info][gc,start       ] GC(301) Pause Young (Allocation Failure)
[2026-03-22T17:33:10.776+0900][6.540s][info][gc,heap        ] GC(301) PSYoungGen: 163057K(163840K)->10496K(163840K) Eden: 152561K(153088K)->0K(153088K) From: 10496K(10752K)->10496K(10752K)
[2026-03-22T17:33:10.776+0900][6.540s][info][gc,heap        ] GC(301) ParOldGen: 197639K(349696K)->291999K(349696K)
[2026-03-22T17:33:10.776+0900][6.540s][info][gc,metaspace   ] GC(301) Metaspace: 336K(512K)->336K(512K) NonClass: 318K(384K)->318K(384K) Class: 17K(128K)->17K(128K)
[2026-03-22T17:33:10.776+0900][6.540s][info][gc             ] GC(301) Pause Young (Allocation Failure) 352M->295M(501M) 4.658ms
[2026-03-22T17:33:10.776+0900][6.541s][info][gc,cpu         ] GC(301) User=0.06s Sys=0.00s Real=0.00s
[2026-03-22T17:33:10.794+0900][6.557s][info][gc,start       ] GC(302) Pause Full (Ergonomics)
[2026-03-22T17:33:10.794+0900][6.558s][info][gc,phases,start] GC(302) Marking Phase
[2026-03-22T17:33:10.795+0900][6.559s][info][gc,phases      ] GC(302) Marking Phase 1.484ms
[2026-03-22T17:33:10.795+0900][6.559s][info][gc,phases,start] GC(302) Summary Phase
[2026-03-22T17:33:10.795+0900][6.559s][info][gc,phases      ] GC(302) Summary Phase 0.041ms
[2026-03-22T17:33:10.795+0900][6.559s][info][gc,phases,start] GC(302) Adjust Roots
[2026-03-22T17:33:10.796+0900][6.560s][info][gc,phases      ] GC(302) Adjust Roots 0.267ms
[2026-03-22T17:33:10.796+0900][6.560s][info][gc,phases,start] GC(302) Compaction Phase
[2026-03-22T17:33:10.802+0900][6.565s][info][gc,phases      ] GC(302) Compaction Phase 5.912ms
[2026-03-22T17:33:10.802+0900][6.566s][info][gc,phases,start] GC(302) Post Compact
[2026-03-22T17:33:10.803+0900][6.567s][info][gc,phases      ] GC(302) Post Compact 1.726ms
[2026-03-22T17:33:10.803+0900][6.567s][info][gc,heap        ] GC(302) PSYoungGen: 163057K(163840K)->0K(163840K) Eden: 152561K(153088K)->0K(153088K) From: 10496K(10752K)->0K(10752K)
[2026-03-22T17:33:10.803+0900][6.567s][info][gc,heap        ] GC(302) ParOldGen: 291999K(349696K)->103430K(349696K)
[2026-03-22T17:33:10.803+0900][6.567s][info][gc,metaspace   ] GC(302) Metaspace: 336K(512K)->336K(512K) NonClass: 318K(384K)->318K(384K) Class: 17K(128K)->17K(128K)
[2026-03-22T17:33:10.803+0900][6.567s][info][gc             ] GC(302) Pause Full (Ergonomics) 444M->101M(501M) 9.963ms
[2026-03-22T17:33:10.804+0900][6.567s][info][gc,cpu         ] GC(302) User=0.00s Sys=0.00s Real=0.01s
[2026-03-22T17:33:10.820+0900][6.584s][info][gc,start       ] GC(303) Pause Young (Allocation Failure)
[2026-03-22T17:33:10.825+0900][6.589s][info][gc,heap        ] GC(303) PSYoungGen: 152561K(163840K)->10496K(163840K) Eden: 152561K(153088K)->0K(153088K) From: 0K(10752K)->10496K(10752K)
[2026-03-22T17:33:10.825+0900][6.589s][info][gc,heap        ] GC(303) ParOldGen: 103430K(349696K)->197639K(349696K)
[2026-03-22T17:33:10.825+0900][6.589s][info][gc,metaspace   ] GC(303) Metaspace: 336K(512K)->336K(512K) NonClass: 318K(384K)->318K(384K) Class: 17K(128K)->17K(128K)
[2026-03-22T17:33:10.825+0900][6.589s][info][gc             ] GC(303) Pause Young (Allocation Failure) 249M->203M(501M) 5.287ms
[2026-03-22T17:33:10.825+0900][6.589s][info][gc,cpu         ] GC(303) User=0.06s Sys=0.00s Real=0.01s
[2026-03-22T17:33:10.841+0900][6.606s][info][gc,start       ] GC(304) Pause Young (Allocation Failure)
[2026-03-22T17:33:10.846+0900][6.611s][info][gc,heap        ] GC(304) PSYoungGen: 163057K(163840K)->10496K(163840K) Eden: 152561K(153088K)->0K(153088K) From: 10496K(10752K)->10496K(10752K)
[2026-03-22T17:33:10.846+0900][6.611s][info][gc,heap        ] GC(304) ParOldGen: 197639K(349696K)->291999K(349696K)
[2026-03-22T17:33:10.846+0900][6.611s][info][gc,metaspace   ] GC(304) Metaspace: 336K(512K)->336K(512K) NonClass: 318K(384K)->318K(384K) Class: 17K(128K)->17K(128K)
[2026-03-22T17:33:10.846+0900][6.611s][info][gc             ] GC(304) Pause Young (Allocation Failure) 352M->295M(501M) 5.214ms
[2026-03-22T17:33:10.846+0900][6.611s][info][gc,cpu         ] GC(304) User=0.00s Sys=0.00s Real=0.00s
[2026-03-22T17:33:10.864+0900][6.627s][info][gc,start       ] GC(305) Pause Full (Ergonomics)
[2026-03-22T17:33:10.864+0900][6.627s][info][gc,phases,start] GC(305) Marking Phase
[2026-03-22T17:33:10.865+0900][6.629s][info][gc,phases      ] GC(305) Marking Phase 1.324ms
[2026-03-22T17:33:10.865+0900][6.629s][info][gc,phases,start] GC(305) Summary Phase
[2026-03-22T17:33:10.865+0900][6.629s][info][gc,phases      ] GC(305) Summary Phase 0.021ms
[2026-03-22T17:33:10.865+0900][6.629s][info][gc,phases,start] GC(305) Adjust Roots
[2026-03-22T17:33:10.865+0900][6.629s][info][gc,phases      ] GC(305) Adjust Roots 0.229ms
[2026-03-22T17:33:10.865+0900][6.629s][info][gc,phases,start] GC(305) Compaction Phase
[2026-03-22T17:33:10.871+0900][6.635s][info][gc,phases      ] GC(305) Compaction Phase 6.279ms
[2026-03-22T17:33:10.871+0900][6.635s][info][gc,phases,start] GC(305) Post Compact
[2026-03-22T17:33:10.873+0900][6.637s][info][gc,phases      ] GC(305) Post Compact 1.657ms
[2026-03-22T17:33:10.873+0900][6.637s][info][gc,heap        ] GC(305) PSYoungGen: 163057K(163840K)->0K(163840K) Eden: 152561K(153088K)->0K(153088K) From: 10496K(10752K)->0K(10752K)
[2026-03-22T17:33:10.873+0900][6.637s][info][gc,heap        ] GC(305) ParOldGen: 291999K(349696K)->103430K(349696K)
[2026-03-22T17:33:10.873+0900][6.637s][info][gc,metaspace   ] GC(305) Metaspace: 336K(512K)->336K(512K) NonClass: 318K(384K)->318K(384K) Class: 17K(128K)->17K(128K)
[2026-03-22T17:33:10.873+0900][6.637s][info][gc             ] GC(305) Pause Full (Ergonomics) 444M->101M(501M) 9.897ms
[2026-03-22T17:33:10.873+0900][6.637s][info][gc,cpu         ] GC(305) User=0.06s Sys=0.00s Real=0.01s
[2026-03-22T17:33:10.890+0900][6.654s][info][gc,start       ] GC(306) Pause Young (Allocation Failure)
[2026-03-22T17:33:10.895+0900][6.659s][info][gc,heap        ] GC(306) PSYoungGen: 152561K(163840K)->10496K(163840K) Eden: 152561K(153088K)->0K(153088K) From: 0K(10752K)->10496K(10752K)
[2026-03-22T17:33:10.895+0900][6.659s][info][gc,heap        ] GC(306) ParOldGen: 103430K(349696K)->197639K(349696K)
[2026-03-22T17:33:10.895+0900][6.659s][info][gc,metaspace   ] GC(306) Metaspace: 336K(512K)->336K(512K) NonClass: 318K(384K)->318K(384K) Class: 17K(128K)->17K(128K)
[2026-03-22T17:33:10.895+0900][6.659s][info][gc             ] GC(306) Pause Young (Allocation Failure) 249M->203M(501M) 5.029ms
[2026-03-22T17:33:10.895+0900][6.659s][info][gc,cpu         ] GC(306) User=0.00s Sys=0.00s Real=0.00s
[2026-03-22T17:33:10.910+0900][6.674s][info][gc,start       ] GC(307) Pause Young (Allocation Failure)
[2026-03-22T17:33:10.915+0900][6.679s][info][gc,heap        ] GC(307) PSYoungGen: 163057K(163840K)->10496K(163840K) Eden: 152561K(153088K)->0K(153088K) From: 10496K(10752K)->10496K(10752K)
[2026-03-22T17:33:10.915+0900][6.680s][info][gc,heap        ] GC(307) ParOldGen: 197639K(349696K)->291999K(349696K)
[2026-03-22T17:33:10.916+0900][6.680s][info][gc,metaspace   ] GC(307) Metaspace: 336K(512K)->336K(512K) NonClass: 318K(384K)->318K(384K) Class: 17K(128K)->17K(128K)
[2026-03-22T17:33:10.916+0900][6.680s][info][gc             ] GC(307) Pause Young (Allocation Failure) 352M->295M(501M) 5.138ms
[2026-03-22T17:33:10.916+0900][6.680s][info][gc,cpu         ] GC(307) User=0.00s Sys=0.00s Real=0.01s
[2026-03-22T17:33:10.930+0900][6.694s][info][gc,start       ] GC(308) Pause Full (Ergonomics)
[2026-03-22T17:33:10.930+0900][6.695s][info][gc,phases,start] GC(308) Marking Phase
[2026-03-22T17:33:10.932+0900][6.696s][info][gc,phases      ] GC(308) Marking Phase 1.388ms
[2026-03-22T17:33:10.932+0900][6.696s][info][gc,phases,start] GC(308) Summary Phase
[2026-03-22T17:33:10.932+0900][6.696s][info][gc,phases      ] GC(308) Summary Phase 0.023ms
[2026-03-22T17:33:10.932+0900][6.696s][info][gc,phases,start] GC(308) Adjust Roots
[2026-03-22T17:33:10.933+0900][6.696s][info][gc,phases      ] GC(308) Adjust Roots 0.446ms
[2026-03-22T17:33:10.933+0900][6.696s][info][gc,phases,start] GC(308) Compaction Phase
[2026-03-22T17:33:10.939+0900][6.703s][info][gc,phases      ] GC(308) Compaction Phase 6.040ms
[2026-03-22T17:33:10.939+0900][6.703s][info][gc,phases,start] GC(308) Post Compact
[2026-03-22T17:33:10.941+0900][6.704s][info][gc,phases      ] GC(308) Post Compact 1.470ms
[2026-03-22T17:33:10.941+0900][6.704s][info][gc,heap        ] GC(308) PSYoungGen: 163057K(163840K)->0K(163840K) Eden: 152561K(153088K)->0K(153088K) From: 10496K(10752K)->0K(10752K)
[2026-03-22T17:33:10.941+0900][6.704s][info][gc,heap        ] GC(308) ParOldGen: 291999K(349696K)->103430K(349696K)
[2026-03-22T17:33:10.941+0900][6.704s][info][gc,metaspace   ] GC(308) Metaspace: 336K(512K)->336K(512K) NonClass: 318K(384K)->318K(384K) Class: 17K(128K)->17K(128K)
[2026-03-22T17:33:10.941+0900][6.704s][info][gc             ] GC(308) Pause Full (Ergonomics) 444M->101M(501M) 9.784ms
[2026-03-22T17:33:10.941+0900][6.704s][info][gc,cpu         ] GC(308) User=0.06s Sys=0.00s Real=0.01s
[2026-03-22T17:33:10.958+0900][6.722s][info][gc,start       ] GC(309) Pause Young (Allocation Failure)
[2026-03-22T17:33:10.962+0900][6.727s][info][gc,heap        ] GC(309) PSYoungGen: 152561K(163840K)->10496K(163840K) Eden: 152561K(153088K)->0K(153088K) From: 0K(10752K)->10496K(10752K)
[2026-03-22T17:33:10.962+0900][6.727s][info][gc,heap        ] GC(309) ParOldGen: 103430K(349696K)->197639K(349696K)
[2026-03-22T17:33:10.963+0900][6.727s][info][gc,metaspace   ] GC(309) Metaspace: 336K(512K)->336K(512K) NonClass: 318K(384K)->318K(384K) Class: 17K(128K)->17K(128K)
[2026-03-22T17:33:10.963+0900][6.727s][info][gc             ] GC(309) Pause Young (Allocation Failure) 249M->203M(501M) 4.918ms
[2026-03-22T17:33:10.963+0900][6.727s][info][gc,cpu         ] GC(309) User=0.00s Sys=0.00s Real=0.01s
[2026-03-22T17:33:10.980+0900][6.743s][info][gc,start       ] GC(310) Pause Young (Allocation Failure)
[2026-03-22T17:33:10.984+0900][6.748s][info][gc,heap        ] GC(310) PSYoungGen: 163057K(163840K)->10496K(163840K) Eden: 152561K(153088K)->0K(153088K) From: 10496K(10752K)->10496K(10752K)
[2026-03-22T17:33:10.984+0900][6.748s][info][gc,heap        ] GC(310) ParOldGen: 197639K(349696K)->291999K(349696K)
[2026-03-22T17:33:10.984+0900][6.748s][info][gc,metaspace   ] GC(310) Metaspace: 336K(512K)->336K(512K) NonClass: 318K(384K)->318K(384K) Class: 17K(128K)->17K(128K)
[2026-03-22T17:33:10.984+0900][6.748s][info][gc             ] GC(310) Pause Young (Allocation Failure) 352M->295M(501M) 4.853ms
[2026-03-22T17:33:10.984+0900][6.748s][info][gc,cpu         ] GC(310) User=0.00s Sys=0.00s Real=0.00s
[2026-03-22T17:33:10.999+0900][6.764s][info][gc,start       ] GC(311) Pause Full (Ergonomics)
[2026-03-22T17:33:11.000+0900][6.764s][info][gc,phases,start] GC(311) Marking Phase
[2026-03-22T17:33:11.001+0900][6.765s][info][gc,phases      ] GC(311) Marking Phase 1.302ms
[2026-03-22T17:33:11.001+0900][6.765s][info][gc,phases,start] GC(311) Summary Phase
[2026-03-22T17:33:11.001+0900][6.765s][info][gc,phases      ] GC(311) Summary Phase 0.024ms
[2026-03-22T17:33:11.001+0900][6.765s][info][gc,phases,start] GC(311) Adjust Roots
[2026-03-22T17:33:11.001+0900][6.765s][info][gc,phases      ] GC(311) Adjust Roots 0.288ms
[2026-03-22T17:33:11.001+0900][6.765s][info][gc,phases,start] GC(311) Compaction Phase
[2026-03-22T17:33:11.008+0900][6.772s][info][gc,phases      ] GC(311) Compaction Phase 6.602ms
[2026-03-22T17:33:11.008+0900][6.772s][info][gc,phases,start] GC(311) Post Compact
[2026-03-22T17:33:11.010+0900][6.774s][info][gc,phases      ] GC(311) Post Compact 1.706ms
[2026-03-22T17:33:11.010+0900][6.774s][info][gc,heap        ] GC(311) PSYoungGen: 163057K(163840K)->0K(163840K) Eden: 152561K(153088K)->0K(153088K) From: 10496K(10752K)->0K(10752K)
[2026-03-22T17:33:11.010+0900][6.774s][info][gc,heap        ] GC(311) ParOldGen: 291999K(349696K)->103430K(349696K)
[2026-03-22T17:33:11.010+0900][6.774s][info][gc,metaspace   ] GC(311) Metaspace: 336K(512K)->336K(512K) NonClass: 318K(384K)->318K(384K) Class: 17K(128K)->17K(128K)
[2026-03-22T17:33:11.010+0900][6.774s][info][gc             ] GC(311) Pause Full (Ergonomics) 444M->101M(501M) 10.206ms
[2026-03-22T17:33:11.010+0900][6.774s][info][gc,cpu         ] GC(311) User=0.02s Sys=0.00s Real=0.01s
[2026-03-22T17:33:11.026+0900][6.791s][info][gc,start       ] GC(312) Pause Young (Allocation Failure)
[2026-03-22T17:33:11.032+0900][6.796s][info][gc,heap        ] GC(312) PSYoungGen: 152561K(163840K)->10464K(163840K) Eden: 152561K(153088K)->0K(153088K) From: 0K(10752K)->10464K(10752K)
[2026-03-22T17:33:11.032+0900][6.796s][info][gc,heap        ] GC(312) ParOldGen: 103430K(349696K)->197639K(349696K)
[2026-03-22T17:33:11.032+0900][6.796s][info][gc,metaspace   ] GC(312) Metaspace: 336K(512K)->336K(512K) NonClass: 318K(384K)->318K(384K) Class: 17K(128K)->17K(128K)
[2026-03-22T17:33:11.032+0900][6.796s][info][gc             ] GC(312) Pause Young (Allocation Failure) 249M->203M(501M) 5.588ms
[2026-03-22T17:33:11.032+0900][6.796s][info][gc,cpu         ] GC(312) User=0.00s Sys=0.00s Real=0.01s
[2026-03-22T17:33:11.049+0900][6.813s][info][gc,start       ] GC(313) Pause Young (Allocation Failure)
[2026-03-22T17:33:11.054+0900][6.818s][info][gc,heap        ] GC(313) PSYoungGen: 163025K(163840K)->10496K(163840K) Eden: 152561K(153088K)->0K(153088K) From: 10464K(10752K)->10496K(10752K)
[2026-03-22T17:33:11.054+0900][6.818s][info][gc,heap        ] GC(313) ParOldGen: 197639K(349696K)->291999K(349696K)
[2026-03-22T17:33:11.054+0900][6.818s][info][gc,metaspace   ] GC(313) Metaspace: 336K(512K)->336K(512K) NonClass: 318K(384K)->318K(384K) Class: 17K(128K)->17K(128K)
[2026-03-22T17:33:11.054+0900][6.818s][info][gc             ] GC(313) Pause Young (Allocation Failure) 352M->295M(501M) 4.945ms
[2026-03-22T17:33:11.054+0900][6.818s][info][gc,cpu         ] GC(313) User=0.00s Sys=0.00s Real=0.00s
[2026-03-22T17:33:11.073+0900][6.836s][info][gc,start       ] GC(314) Pause Full (Ergonomics)
[2026-03-22T17:33:11.073+0900][6.836s][info][gc,phases,start] GC(314) Marking Phase
[2026-03-22T17:33:11.074+0900][6.838s][info][gc,phases      ] GC(314) Marking Phase 1.491ms
[2026-03-22T17:33:11.074+0900][6.838s][info][gc,phases,start] GC(314) Summary Phase
[2026-03-22T17:33:11.074+0900][6.838s][info][gc,phases      ] GC(314) Summary Phase 0.043ms
[2026-03-22T17:33:11.074+0900][6.838s][info][gc,phases,start] GC(314) Adjust Roots
[2026-03-22T17:33:11.075+0900][6.838s][info][gc,phases      ] GC(314) Adjust Roots 0.342ms
[2026-03-22T17:33:11.075+0900][6.838s][info][gc,phases,start] GC(314) Compaction Phase
[2026-03-22T17:33:11.081+0900][6.845s][info][gc,phases      ] GC(314) Compaction Phase 6.296ms
[2026-03-22T17:33:11.081+0900][6.845s][info][gc,phases,start] GC(314) Post Compact
[2026-03-22T17:33:11.083+0900][6.846s][info][gc,phases      ] GC(314) Post Compact 1.563ms
[2026-03-22T17:33:11.083+0900][6.846s][info][gc,heap        ] GC(314) PSYoungGen: 163057K(163840K)->0K(163840K) Eden: 152561K(153088K)->0K(153088K) From: 10496K(10752K)->0K(10752K)
[2026-03-22T17:33:11.083+0900][6.846s][info][gc,heap        ] GC(314) ParOldGen: 291999K(349696K)->103430K(349696K)
[2026-03-22T17:33:11.083+0900][6.846s][info][gc,metaspace   ] GC(314) Metaspace: 336K(512K)->336K(512K) NonClass: 318K(384K)->318K(384K) Class: 17K(128K)->17K(128K)
[2026-03-22T17:33:11.083+0900][6.846s][info][gc             ] GC(314) Pause Full (Ergonomics) 444M->101M(501M) 10.033ms
[2026-03-22T17:33:11.083+0900][6.846s][info][gc,cpu         ] GC(314) User=0.00s Sys=0.00s Real=0.01s
[2026-03-22T17:33:11.100+0900][6.864s][info][gc,start       ] GC(315) Pause Young (Allocation Failure)
[2026-03-22T17:33:11.104+0900][6.869s][info][gc,heap        ] GC(315) PSYoungGen: 152561K(163840K)->10496K(163840K) Eden: 152561K(153088K)->0K(153088K) From: 0K(10752K)->10496K(10752K)
[2026-03-22T17:33:11.105+0900][6.869s][info][gc,heap        ] GC(315) ParOldGen: 103430K(349696K)->197639K(349696K)
[2026-03-22T17:33:11.105+0900][6.869s][info][gc,metaspace   ] GC(315) Metaspace: 336K(512K)->336K(512K) NonClass: 318K(384K)->318K(384K) Class: 17K(128K)->17K(128K)
[2026-03-22T17:33:11.105+0900][6.869s][info][gc             ] GC(315) Pause Young (Allocation Failure) 249M->203M(501M) 5.108ms
[2026-03-22T17:33:11.105+0900][6.869s][info][gc,cpu         ] GC(315) User=0.06s Sys=0.00s Real=0.01s
[2026-03-22T17:33:11.122+0900][6.886s][info][gc,start       ] GC(316) Pause Young (Allocation Failure)
[2026-03-22T17:33:11.127+0900][6.891s][info][gc,heap        ] GC(316) PSYoungGen: 163057K(163840K)->10496K(163840K) Eden: 152561K(153088K)->0K(153088K) From: 10496K(10752K)->10496K(10752K)
[2026-03-22T17:33:11.127+0900][6.891s][info][gc,heap        ] GC(316) ParOldGen: 197639K(349696K)->291999K(349696K)
[2026-03-22T17:33:11.127+0900][6.891s][info][gc,metaspace   ] GC(316) Metaspace: 336K(512K)->336K(512K) NonClass: 318K(384K)->318K(384K) Class: 17K(128K)->17K(128K)
[2026-03-22T17:33:11.127+0900][6.891s][info][gc             ] GC(316) Pause Young (Allocation Failure) 352M->295M(501M) 5.105ms
[2026-03-22T17:33:11.127+0900][6.891s][info][gc,cpu         ] GC(316) User=0.00s Sys=0.00s Real=0.01s
[2026-03-22T17:33:11.143+0900][6.907s][info][gc,start       ] GC(317) Pause Full (Ergonomics)
[2026-03-22T17:33:11.144+0900][6.907s][info][gc,phases,start] GC(317) Marking Phase
[2026-03-22T17:33:11.145+0900][6.909s][info][gc,phases      ] GC(317) Marking Phase 1.516ms
[2026-03-22T17:33:11.145+0900][6.909s][info][gc,phases,start] GC(317) Summary Phase
[2026-03-22T17:33:11.145+0900][6.909s][info][gc,phases      ] GC(317) Summary Phase 0.024ms
[2026-03-22T17:33:11.145+0900][6.909s][info][gc,phases,start] GC(317) Adjust Roots
[2026-03-22T17:33:11.145+0900][6.909s][info][gc,phases      ] GC(317) Adjust Roots 0.299ms
[2026-03-22T17:33:11.145+0900][6.909s][info][gc,phases,start] GC(317) Compaction Phase
[2026-03-22T17:33:11.151+0900][6.915s][info][gc,phases      ] GC(317) Compaction Phase 6.030ms
[2026-03-22T17:33:11.152+0900][6.915s][info][gc,phases,start] GC(317) Post Compact
[2026-03-22T17:33:11.153+0900][6.917s][info][gc,phases      ] GC(317) Post Compact 1.808ms
[2026-03-22T17:33:11.153+0900][6.917s][info][gc,heap        ] GC(317) PSYoungGen: 163057K(163840K)->0K(163840K) Eden: 152561K(153088K)->0K(153088K) From: 10496K(10752K)->0K(10752K)
[2026-03-22T17:33:11.153+0900][6.917s][info][gc,heap        ] GC(317) ParOldGen: 291999K(349696K)->103430K(349696K)
[2026-03-22T17:33:11.153+0900][6.917s][info][gc,metaspace   ] GC(317) Metaspace: 336K(512K)->336K(512K) NonClass: 318K(384K)->318K(384K) Class: 17K(128K)->17K(128K)
[2026-03-22T17:33:11.153+0900][6.917s][info][gc             ] GC(317) Pause Full (Ergonomics) 444M->101M(501M) 10.015ms
[2026-03-22T17:33:11.153+0900][6.917s][info][gc,cpu         ] GC(317) User=0.06s Sys=0.00s Real=0.01s
[2026-03-22T17:33:11.169+0900][6.933s][info][gc,start       ] GC(318) Pause Young (Allocation Failure)
[2026-03-22T17:33:11.174+0900][6.938s][info][gc,heap        ] GC(318) PSYoungGen: 152561K(163840K)->10496K(163840K) Eden: 152561K(153088K)->0K(153088K) From: 0K(10752K)->10496K(10752K)
[2026-03-22T17:33:11.174+0900][6.938s][info][gc,heap        ] GC(318) ParOldGen: 103430K(349696K)->197639K(349696K)
[2026-03-22T17:33:11.174+0900][6.938s][info][gc,metaspace   ] GC(318) Metaspace: 336K(512K)->336K(512K) NonClass: 318K(384K)->318K(384K) Class: 17K(128K)->17K(128K)
[2026-03-22T17:33:11.174+0900][6.938s][info][gc             ] GC(318) Pause Young (Allocation Failure) 249M->203M(501M) 5.268ms
[2026-03-22T17:33:11.174+0900][6.938s][info][gc,cpu         ] GC(318) User=0.00s Sys=0.00s Real=0.01s
[2026-03-22T17:33:11.189+0900][6.954s][info][gc,start       ] GC(319) Pause Young (Allocation Failure)
[2026-03-22T17:33:11.194+0900][6.959s][info][gc,heap        ] GC(319) PSYoungGen: 163057K(163840K)->10496K(163840K) Eden: 152561K(153088K)->0K(153088K) From: 10496K(10752K)->10496K(10752K)
[2026-03-22T17:33:11.194+0900][6.959s][info][gc,heap        ] GC(319) ParOldGen: 197639K(349696K)->291999K(349696K)
[2026-03-22T17:33:11.194+0900][6.959s][info][gc,metaspace   ] GC(319) Metaspace: 336K(512K)->336K(512K) NonClass: 318K(384K)->318K(384K) Class: 17K(128K)->17K(128K)
[2026-03-22T17:33:11.194+0900][6.959s][info][gc             ] GC(319) Pause Young (Allocation Failure) 352M->295M(501M) 5.076ms
[2026-03-22T17:33:11.194+0900][6.959s][info][gc,cpu         ] GC(319) User=0.00s Sys=0.00s Real=0.01s
[2026-03-22T17:33:11.210+0900][6.974s][info][gc,start       ] GC(320) Pause Full (Ergonomics)
[2026-03-22T17:33:11.210+0900][6.974s][info][gc,phases,start] GC(320) Marking Phase
[2026-03-22T17:33:11.212+0900][6.976s][info][gc,phases      ] GC(320) Marking Phase 1.334ms
[2026-03-22T17:33:11.212+0900][6.976s][info][gc,phases,start] GC(320) Summary Phase
[2026-03-22T17:33:11.212+0900][6.976s][info][gc,phases      ] GC(320) Summary Phase 0.089ms
[2026-03-22T17:33:11.212+0900][6.976s][info][gc,phases,start] GC(320) Adjust Roots
[2026-03-22T17:33:11.212+0900][6.976s][info][gc,phases      ] GC(320) Adjust Roots 0.359ms
[2026-03-22T17:33:11.212+0900][6.976s][info][gc,phases,start] GC(320) Compaction Phase
[2026-03-22T17:33:11.218+0900][6.982s][info][gc,phases      ] GC(320) Compaction Phase 6.286ms
[2026-03-22T17:33:11.218+0900][6.983s][info][gc,phases,start] GC(320) Post Compact
[2026-03-22T17:33:11.220+0900][6.985s][info][gc,phases      ] GC(320) Post Compact 1.945ms
[2026-03-22T17:33:11.220+0900][6.985s][info][gc,heap        ] GC(320) PSYoungGen: 163057K(163840K)->0K(163840K) Eden: 152561K(153088K)->0K(153088K) From: 10496K(10752K)->0K(10752K)
[2026-03-22T17:33:11.220+0900][6.985s][info][gc,heap        ] GC(320) ParOldGen: 291999K(349696K)->103430K(349696K)
[2026-03-22T17:33:11.220+0900][6.985s][info][gc,metaspace   ] GC(320) Metaspace: 336K(512K)->336K(512K) NonClass: 318K(384K)->318K(384K) Class: 17K(128K)->17K(128K)
[2026-03-22T17:33:11.220+0900][6.985s][info][gc             ] GC(320) Pause Full (Ergonomics) 444M->101M(501M) 10.445ms
[2026-03-22T17:33:11.220+0900][6.985s][info][gc,cpu         ] GC(320) User=0.05s Sys=0.00s Real=0.01s
[2026-03-22T17:33:11.237+0900][7.001s][info][gc,start       ] GC(321) Pause Young (Allocation Failure)
[2026-03-22T17:33:11.242+0900][7.006s][info][gc,heap        ] GC(321) PSYoungGen: 152561K(163840K)->10496K(163840K) Eden: 152561K(153088K)->0K(153088K) From: 0K(10752K)->10496K(10752K)
[2026-03-22T17:33:11.242+0900][7.006s][info][gc,heap        ] GC(321) ParOldGen: 103430K(349696K)->197639K(349696K)
[2026-03-22T17:33:11.242+0900][7.006s][info][gc,metaspace   ] GC(321) Metaspace: 336K(512K)->336K(512K) NonClass: 318K(384K)->318K(384K) Class: 17K(128K)->17K(128K)
[2026-03-22T17:33:11.242+0900][7.006s][info][gc             ] GC(321) Pause Young (Allocation Failure) 249M->203M(501M) 5.267ms
[2026-03-22T17:33:11.242+0900][7.006s][info][gc,cpu         ] GC(321) User=0.00s Sys=0.00s Real=0.01s
[2026-03-22T17:33:11.258+0900][7.023s][info][gc,start       ] GC(322) Pause Young (Allocation Failure)
[2026-03-22T17:33:11.263+0900][7.027s][info][gc,heap        ] GC(322) PSYoungGen: 163057K(163840K)->10496K(163840K) Eden: 152561K(153088K)->0K(153088K) From: 10496K(10752K)->10496K(10752K)
[2026-03-22T17:33:11.263+0900][7.028s][info][gc,heap        ] GC(322) ParOldGen: 197639K(349696K)->291999K(349696K)
[2026-03-22T17:33:11.263+0900][7.028s][info][gc,metaspace   ] GC(322) Metaspace: 336K(512K)->336K(512K) NonClass: 318K(384K)->318K(384K) Class: 17K(128K)->17K(128K)
[2026-03-22T17:33:11.264+0900][7.028s][info][gc             ] GC(322) Pause Young (Allocation Failure) 352M->295M(501M) 5.204ms
[2026-03-22T17:33:11.264+0900][7.028s][info][gc,cpu         ] GC(322) User=0.06s Sys=0.00s Real=0.01s
[2026-03-22T17:33:11.280+0900][7.044s][info][gc,start       ] GC(323) Pause Full (Ergonomics)
[2026-03-22T17:33:11.280+0900][7.045s][info][gc,phases,start] GC(323) Marking Phase
[2026-03-22T17:33:11.282+0900][7.046s][info][gc,phases      ] GC(323) Marking Phase 1.563ms
[2026-03-22T17:33:11.282+0900][7.046s][info][gc,phases,start] GC(323) Summary Phase
[2026-03-22T17:33:11.282+0900][7.046s][info][gc,phases      ] GC(323) Summary Phase 0.030ms
[2026-03-22T17:33:11.282+0900][7.046s][info][gc,phases,start] GC(323) Adjust Roots
[2026-03-22T17:33:11.283+0900][7.047s][info][gc,phases      ] GC(323) Adjust Roots 0.469ms
[2026-03-22T17:33:11.283+0900][7.047s][info][gc,phases,start] GC(323) Compaction Phase
[2026-03-22T17:33:11.290+0900][7.053s][info][gc,phases      ] GC(323) Compaction Phase 6.473ms
[2026-03-22T17:33:11.290+0900][7.053s][info][gc,phases,start] GC(323) Post Compact
[2026-03-22T17:33:11.292+0900][7.055s][info][gc,phases      ] GC(323) Post Compact 1.912ms
[2026-03-22T17:33:11.292+0900][7.055s][info][gc,heap        ] GC(323) PSYoungGen: 163057K(163840K)->0K(163840K) Eden: 152561K(153088K)->0K(153088K) From: 10496K(10752K)->0K(10752K)
[2026-03-22T17:33:11.292+0900][7.055s][info][gc,heap        ] GC(323) ParOldGen: 291999K(349696K)->103195K(349696K)
[2026-03-22T17:33:11.292+0900][7.055s][info][gc,metaspace   ] GC(323) Metaspace: 336K(512K)->336K(512K) NonClass: 318K(384K)->318K(384K) Class: 17K(128K)->17K(128K)
[2026-03-22T17:33:11.292+0900][7.055s][info][gc             ] GC(323) Pause Full (Ergonomics) 444M->100M(501M) 10.886ms
[2026-03-22T17:33:11.292+0900][7.055s][info][gc,cpu         ] GC(323) User=0.02s Sys=0.00s Real=0.01s
[2026-03-22T17:33:11.308+0900][7.073s][info][gc,start       ] GC(324) Pause Young (Allocation Failure)
[2026-03-22T17:33:11.314+0900][7.078s][info][gc,heap        ] GC(324) PSYoungGen: 152561K(163840K)->10496K(163840K) Eden: 152561K(153088K)->0K(153088K) From: 0K(10752K)->10496K(10752K)
[2026-03-22T17:33:11.314+0900][7.078s][info][gc,heap        ] GC(324) ParOldGen: 103195K(349696K)->197403K(349696K)
[2026-03-22T17:33:11.314+0900][7.078s][info][gc,metaspace   ] GC(324) Metaspace: 336K(512K)->336K(512K) NonClass: 318K(384K)->318K(384K) Class: 17K(128K)->17K(128K)
[2026-03-22T17:33:11.314+0900][7.078s][info][gc             ] GC(324) Pause Young (Allocation Failure) 249M->203M(501M) 5.220ms
[2026-03-22T17:33:11.314+0900][7.078s][info][gc,cpu         ] GC(324) User=0.00s Sys=0.00s Real=0.01s
[2026-03-22T17:33:11.331+0900][7.095s][info][gc,start       ] GC(325) Pause Young (Allocation Failure)
[2026-03-22T17:33:11.335+0900][7.099s][info][gc,heap        ] GC(325) PSYoungGen: 163057K(163840K)->10496K(163840K) Eden: 152561K(153088K)->0K(153088K) From: 10496K(10752K)->10496K(10752K)
[2026-03-22T17:33:11.335+0900][7.099s][info][gc,heap        ] GC(325) ParOldGen: 197403K(349696K)->291764K(349696K)
[2026-03-22T17:33:11.335+0900][7.099s][info][gc,metaspace   ] GC(325) Metaspace: 336K(512K)->336K(512K) NonClass: 318K(384K)->318K(384K) Class: 17K(128K)->17K(128K)
[2026-03-22T17:33:11.335+0900][7.099s][info][gc             ] GC(325) Pause Young (Allocation Failure) 352M->295M(501M) 4.567ms
[2026-03-22T17:33:11.335+0900][7.099s][info][gc,cpu         ] GC(325) User=0.00s Sys=0.00s Real=0.00s
[2026-03-22T17:33:11.352+0900][7.116s][info][gc,start       ] GC(326) Pause Full (Ergonomics)
[2026-03-22T17:33:11.352+0900][7.116s][info][gc,phases,start] GC(326) Marking Phase
[2026-03-22T17:33:11.354+0900][7.118s][info][gc,phases      ] GC(326) Marking Phase 1.529ms
[2026-03-22T17:33:11.354+0900][7.118s][info][gc,phases,start] GC(326) Summary Phase
[2026-03-22T17:33:11.354+0900][7.118s][info][gc,phases      ] GC(326) Summary Phase 0.036ms
[2026-03-22T17:33:11.354+0900][7.118s][info][gc,phases,start] GC(326) Adjust Roots
[2026-03-22T17:33:11.354+0900][7.118s][info][gc,phases      ] GC(326) Adjust Roots 0.269ms
[2026-03-22T17:33:11.354+0900][7.119s][info][gc,phases,start] GC(326) Compaction Phase
[2026-03-22T17:33:11.360+0900][7.124s][info][gc,phases      ] GC(326) Compaction Phase 5.845ms
[2026-03-22T17:33:11.360+0900][7.124s][info][gc,phases,start] GC(326) Post Compact
[2026-03-22T17:33:11.362+0900][7.126s][info][gc,phases      ] GC(326) Post Compact 1.631ms
[2026-03-22T17:33:11.362+0900][7.126s][info][gc,heap        ] GC(326) PSYoungGen: 163057K(163840K)->0K(163840K) Eden: 152561K(153088K)->0K(153088K) From: 10496K(10752K)->0K(10752K)
[2026-03-22T17:33:11.362+0900][7.126s][info][gc,heap        ] GC(326) ParOldGen: 291764K(349696K)->103430K(349696K)
[2026-03-22T17:33:11.362+0900][7.126s][info][gc,metaspace   ] GC(326) Metaspace: 336K(512K)->336K(512K) NonClass: 318K(384K)->318K(384K) Class: 17K(128K)->17K(128K)
[2026-03-22T17:33:11.362+0900][7.126s][info][gc             ] GC(326) Pause Full (Ergonomics) 444M->101M(501M) 9.999ms
[2026-03-22T17:33:11.362+0900][7.126s][info][gc,cpu         ] GC(326) User=0.06s Sys=0.00s Real=0.01s
[2026-03-22T17:33:11.380+0900][7.143s][info][gc,start       ] GC(327) Pause Young (Allocation Failure)
[2026-03-22T17:33:11.384+0900][7.148s][info][gc,heap        ] GC(327) PSYoungGen: 152561K(163840K)->10496K(163840K) Eden: 152561K(153088K)->0K(153088K) From: 0K(10752K)->10496K(10752K)
[2026-03-22T17:33:11.384+0900][7.148s][info][gc,heap        ] GC(327) ParOldGen: 103430K(349696K)->197639K(349696K)
[2026-03-22T17:33:11.384+0900][7.148s][info][gc,metaspace   ] GC(327) Metaspace: 336K(512K)->336K(512K) NonClass: 318K(384K)->318K(384K) Class: 17K(128K)->17K(128K)
[2026-03-22T17:33:11.384+0900][7.148s][info][gc             ] GC(327) Pause Young (Allocation Failure) 249M->203M(501M) 4.568ms
[2026-03-22T17:33:11.384+0900][7.148s][info][gc,cpu         ] GC(327) User=0.00s Sys=0.00s Real=0.00s
[2026-03-22T17:33:11.401+0900][7.165s][info][gc,start       ] GC(328) Pause Young (Allocation Failure)
[2026-03-22T17:33:11.407+0900][7.171s][info][gc,heap        ] GC(328) PSYoungGen: 163057K(163840K)->10496K(163840K) Eden: 152561K(153088K)->0K(153088K) From: 10496K(10752K)->10496K(10752K)
[2026-03-22T17:33:11.407+0900][7.171s][info][gc,heap        ] GC(328) ParOldGen: 197639K(349696K)->291999K(349696K)
[2026-03-22T17:33:11.407+0900][7.171s][info][gc,metaspace   ] GC(328) Metaspace: 336K(512K)->336K(512K) NonClass: 318K(384K)->318K(384K) Class: 17K(128K)->17K(128K)
[2026-03-22T17:33:11.407+0900][7.171s][info][gc             ] GC(328) Pause Young (Allocation Failure) 352M->295M(501M) 5.977ms
[2026-03-22T17:33:11.407+0900][7.171s][info][gc,cpu         ] GC(328) User=0.00s Sys=0.00s Real=0.01s
[2026-03-22T17:33:11.424+0900][7.188s][info][gc,start       ] GC(329) Pause Full (Ergonomics)
[2026-03-22T17:33:11.424+0900][7.188s][info][gc,phases,start] GC(329) Marking Phase
[2026-03-22T17:33:11.426+0900][7.190s][info][gc,phases      ] GC(329) Marking Phase 1.659ms
[2026-03-22T17:33:11.426+0900][7.190s][info][gc,phases,start] GC(329) Summary Phase
[2026-03-22T17:33:11.426+0900][7.190s][info][gc,phases      ] GC(329) Summary Phase 0.020ms
[2026-03-22T17:33:11.426+0900][7.190s][info][gc,phases,start] GC(329) Adjust Roots
[2026-03-22T17:33:11.426+0900][7.190s][info][gc,phases      ] GC(329) Adjust Roots 0.251ms
[2026-03-22T17:33:11.426+0900][7.190s][info][gc,phases,start] GC(329) Compaction Phase
[2026-03-22T17:33:11.432+0900][7.196s][info][gc,phases      ] GC(329) Compaction Phase 6.161ms
[2026-03-22T17:33:11.432+0900][7.196s][info][gc,phases,start] GC(329) Post Compact
[2026-03-22T17:33:11.434+0900][7.198s][info][gc,phases      ] GC(329) Post Compact 1.916ms
[2026-03-22T17:33:11.434+0900][7.198s][info][gc,heap        ] GC(329) PSYoungGen: 163057K(163840K)->0K(163840K) Eden: 152561K(153088K)->0K(153088K) From: 10496K(10752K)->0K(10752K)
[2026-03-22T17:33:11.434+0900][7.198s][info][gc,heap        ] GC(329) ParOldGen: 291999K(349696K)->103430K(349696K)
[2026-03-22T17:33:11.434+0900][7.198s][info][gc,metaspace   ] GC(329) Metaspace: 336K(512K)->336K(512K) NonClass: 318K(384K)->318K(384K) Class: 17K(128K)->17K(128K)
[2026-03-22T17:33:11.434+0900][7.198s][info][gc             ] GC(329) Pause Full (Ergonomics) 444M->101M(501M) 10.389ms
[2026-03-22T17:33:11.434+0900][7.198s][info][gc,cpu         ] GC(329) User=0.06s Sys=0.00s Real=0.01s
[2026-03-22T17:33:11.452+0900][7.216s][info][gc,start       ] GC(330) Pause Young (Allocation Failure)
[2026-03-22T17:33:11.456+0900][7.221s][info][gc,heap        ] GC(330) PSYoungGen: 152561K(163840K)->10496K(163840K) Eden: 152561K(153088K)->0K(153088K) From: 0K(10752K)->10496K(10752K)
[2026-03-22T17:33:11.456+0900][7.221s][info][gc,heap        ] GC(330) ParOldGen: 103430K(349696K)->197639K(349696K)
[2026-03-22T17:33:11.457+0900][7.221s][info][gc,metaspace   ] GC(330) Metaspace: 336K(512K)->336K(512K) NonClass: 318K(384K)->318K(384K) Class: 17K(128K)->17K(128K)
[2026-03-22T17:33:11.457+0900][7.221s][info][gc             ] GC(330) Pause Young (Allocation Failure) 249M->203M(501M) 5.038ms
[2026-03-22T17:33:11.457+0900][7.221s][info][gc,cpu         ] GC(330) User=0.00s Sys=0.00s Real=0.01s
[2026-03-22T17:33:11.473+0900][7.237s][info][gc,start       ] GC(331) Pause Young (Allocation Failure)
[2026-03-22T17:33:11.478+0900][7.242s][info][gc,heap        ] GC(331) PSYoungGen: 163057K(163840K)->10496K(163840K) Eden: 152561K(153088K)->0K(153088K) From: 10496K(10752K)->10496K(10752K)
[2026-03-22T17:33:11.478+0900][7.242s][info][gc,heap        ] GC(331) ParOldGen: 197639K(349696K)->291999K(349696K)
[2026-03-22T17:33:11.478+0900][7.242s][info][gc,metaspace   ] GC(331) Metaspace: 336K(512K)->336K(512K) NonClass: 318K(384K)->318K(384K) Class: 17K(128K)->17K(128K)
[2026-03-22T17:33:11.478+0900][7.242s][info][gc             ] GC(331) Pause Young (Allocation Failure) 352M->295M(501M) 5.263ms
[2026-03-22T17:33:11.478+0900][7.242s][info][gc,cpu         ] GC(331) User=0.00s Sys=0.00s Real=0.00s
[2026-03-22T17:33:11.496+0900][7.259s][info][gc,start       ] GC(332) Pause Full (Ergonomics)
[2026-03-22T17:33:11.496+0900][7.259s][info][gc,phases,start] GC(332) Marking Phase
[2026-03-22T17:33:11.497+0900][7.261s][info][gc,phases      ] GC(332) Marking Phase 1.597ms
[2026-03-22T17:33:11.497+0900][7.261s][info][gc,phases,start] GC(332) Summary Phase
[2026-03-22T17:33:11.497+0900][7.261s][info][gc,phases      ] GC(332) Summary Phase 0.020ms
[2026-03-22T17:33:11.497+0900][7.261s][info][gc,phases,start] GC(332) Adjust Roots
[2026-03-22T17:33:11.497+0900][7.261s][info][gc,phases      ] GC(332) Adjust Roots 0.228ms
[2026-03-22T17:33:11.497+0900][7.261s][info][gc,phases,start] GC(332) Compaction Phase
[2026-03-22T17:33:11.504+0900][7.268s][info][gc,phases      ] GC(332) Compaction Phase 6.726ms
[2026-03-22T17:33:11.504+0900][7.268s][info][gc,phases,start] GC(332) Post Compact
[2026-03-22T17:33:11.506+0900][7.270s][info][gc,phases      ] GC(332) Post Compact 1.737ms
[2026-03-22T17:33:11.506+0900][7.270s][info][gc,heap        ] GC(332) PSYoungGen: 163057K(163840K)->0K(163840K) Eden: 152561K(153088K)->0K(153088K) From: 10496K(10752K)->0K(10752K)
[2026-03-22T17:33:11.506+0900][7.270s][info][gc,heap        ] GC(332) ParOldGen: 291999K(349696K)->103430K(349696K)
[2026-03-22T17:33:11.506+0900][7.270s][info][gc,metaspace   ] GC(332) Metaspace: 336K(512K)->336K(512K) NonClass: 318K(384K)->318K(384K) Class: 17K(128K)->17K(128K)
[2026-03-22T17:33:11.506+0900][7.270s][info][gc             ] GC(332) Pause Full (Ergonomics) 444M->101M(501M) 10.729ms
[2026-03-22T17:33:11.506+0900][7.270s][info][gc,cpu         ] GC(332) User=0.00s Sys=0.00s Real=0.01s
[2026-03-22T17:33:11.523+0900][7.287s][info][gc,start       ] GC(333) Pause Young (Allocation Failure)
[2026-03-22T17:33:11.527+0900][7.292s][info][gc,heap        ] GC(333) PSYoungGen: 152561K(163840K)->10496K(163840K) Eden: 152561K(153088K)->0K(153088K) From: 0K(10752K)->10496K(10752K)
[2026-03-22T17:33:11.527+0900][7.292s][info][gc,heap        ] GC(333) ParOldGen: 103430K(349696K)->197639K(349696K)
[2026-03-22T17:33:11.527+0900][7.292s][info][gc,metaspace   ] GC(333) Metaspace: 336K(512K)->336K(512K) NonClass: 318K(384K)->318K(384K) Class: 17K(128K)->17K(128K)
[2026-03-22T17:33:11.527+0900][7.292s][info][gc             ] GC(333) Pause Young (Allocation Failure) 249M->203M(501M) 5.294ms
[2026-03-22T17:33:11.527+0900][7.292s][info][gc,cpu         ] GC(333) User=0.06s Sys=0.00s Real=0.00s
[2026-03-22T17:33:11.546+0900][7.310s][info][gc,start       ] GC(334) Pause Young (Allocation Failure)
[2026-03-22T17:33:11.551+0900][7.315s][info][gc,heap        ] GC(334) PSYoungGen: 163057K(163840K)->10496K(163840K) Eden: 152561K(153088K)->0K(153088K) From: 10496K(10752K)->10496K(10752K)
[2026-03-22T17:33:11.552+0900][7.315s][info][gc,heap        ] GC(334) ParOldGen: 197639K(349696K)->291999K(349696K)
[2026-03-22T17:33:11.552+0900][7.315s][info][gc,metaspace   ] GC(334) Metaspace: 336K(512K)->336K(512K) NonClass: 318K(384K)->318K(384K) Class: 17K(128K)->17K(128K)
[2026-03-22T17:33:11.552+0900][7.315s][info][gc             ] GC(334) Pause Young (Allocation Failure) 352M->295M(501M) 5.490ms
[2026-03-22T17:33:11.552+0900][7.315s][info][gc,cpu         ] GC(334) User=0.00s Sys=0.00s Real=0.01s
[2026-03-22T17:33:11.568+0900][7.332s][info][gc,start       ] GC(335) Pause Full (Ergonomics)
[2026-03-22T17:33:11.568+0900][7.332s][info][gc,phases,start] GC(335) Marking Phase
[2026-03-22T17:33:11.569+0900][7.333s][info][gc,phases      ] GC(335) Marking Phase 1.530ms
[2026-03-22T17:33:11.569+0900][7.333s][info][gc,phases,start] GC(335) Summary Phase
[2026-03-22T17:33:11.569+0900][7.333s][info][gc,phases      ] GC(335) Summary Phase 0.034ms
[2026-03-22T17:33:11.569+0900][7.333s][info][gc,phases,start] GC(335) Adjust Roots
[2026-03-22T17:33:11.570+0900][7.334s][info][gc,phases      ] GC(335) Adjust Roots 0.286ms
[2026-03-22T17:33:11.570+0900][7.334s][info][gc,phases,start] GC(335) Compaction Phase
[2026-03-22T17:33:11.577+0900][7.341s][info][gc,phases      ] GC(335) Compaction Phase 7.375ms
[2026-03-22T17:33:11.577+0900][7.341s][info][gc,phases,start] GC(335) Post Compact
[2026-03-22T17:33:11.579+0900][7.343s][info][gc,phases      ] GC(335) Post Compact 1.661ms
[2026-03-22T17:33:11.579+0900][7.343s][info][gc,heap        ] GC(335) PSYoungGen: 163057K(163840K)->0K(163840K) Eden: 152561K(153088K)->0K(153088K) From: 10496K(10752K)->0K(10752K)
[2026-03-22T17:33:11.579+0900][7.343s][info][gc,heap        ] GC(335) ParOldGen: 291999K(349696K)->103430K(349696K)
[2026-03-22T17:33:11.579+0900][7.343s][info][gc,metaspace   ] GC(335) Metaspace: 336K(512K)->336K(512K) NonClass: 318K(384K)->318K(384K) Class: 17K(128K)->17K(128K)
[2026-03-22T17:33:11.579+0900][7.343s][info][gc             ] GC(335) Pause Full (Ergonomics) 444M->101M(501M) 11.256ms
[2026-03-22T17:33:11.579+0900][7.343s][info][gc,cpu         ] GC(335) User=0.06s Sys=0.00s Real=0.01s
[2026-03-22T17:33:11.596+0900][7.360s][info][gc,start       ] GC(336) Pause Young (Allocation Failure)
[2026-03-22T17:33:11.601+0900][7.365s][info][gc,heap        ] GC(336) PSYoungGen: 152561K(163840K)->10496K(163840K) Eden: 152561K(153088K)->0K(153088K) From: 0K(10752K)->10496K(10752K)
[2026-03-22T17:33:11.601+0900][7.365s][info][gc,heap        ] GC(336) ParOldGen: 103430K(349696K)->197639K(349696K)
[2026-03-22T17:33:11.601+0900][7.365s][info][gc,metaspace   ] GC(336) Metaspace: 336K(512K)->336K(512K) NonClass: 318K(384K)->318K(384K) Class: 17K(128K)->17K(128K)
[2026-03-22T17:33:11.601+0900][7.365s][info][gc             ] GC(336) Pause Young (Allocation Failure) 249M->203M(501M) 4.828ms
[2026-03-22T17:33:11.601+0900][7.365s][info][gc,cpu         ] GC(336) User=0.00s Sys=0.00s Real=0.01s
[2026-03-22T17:33:11.617+0900][7.381s][info][gc,start       ] GC(337) Pause Young (Allocation Failure)
[2026-03-22T17:33:11.623+0900][7.387s][info][gc,heap        ] GC(337) PSYoungGen: 163057K(163840K)->10496K(163840K) Eden: 152561K(153088K)->0K(153088K) From: 10496K(10752K)->10496K(10752K)
[2026-03-22T17:33:11.623+0900][7.387s][info][gc,heap        ] GC(337) ParOldGen: 197639K(349696K)->291999K(349696K)
[2026-03-22T17:33:11.623+0900][7.387s][info][gc,metaspace   ] GC(337) Metaspace: 336K(512K)->336K(512K) NonClass: 318K(384K)->318K(384K) Class: 17K(128K)->17K(128K)
[2026-03-22T17:33:11.623+0900][7.387s][info][gc             ] GC(337) Pause Young (Allocation Failure) 352M->295M(501M) 5.369ms
[2026-03-22T17:33:11.623+0900][7.387s][info][gc,cpu         ] GC(337) User=0.06s Sys=0.00s Real=0.01s
[2026-03-22T17:33:11.637+0900][7.401s][info][gc,start       ] GC(338) Pause Full (Ergonomics)
[2026-03-22T17:33:11.637+0900][7.401s][info][gc,phases,start] GC(338) Marking Phase
[2026-03-22T17:33:11.639+0900][7.402s][info][gc,phases      ] GC(338) Marking Phase 1.193ms
[2026-03-22T17:33:11.639+0900][7.403s][info][gc,phases,start] GC(338) Summary Phase
[2026-03-22T17:33:11.639+0900][7.403s][info][gc,phases      ] GC(338) Summary Phase 0.015ms
[2026-03-22T17:33:11.639+0900][7.403s][info][gc,phases,start] GC(338) Adjust Roots
[2026-03-22T17:33:11.639+0900][7.403s][info][gc,phases      ] GC(338) Adjust Roots 0.162ms
[2026-03-22T17:33:11.639+0900][7.403s][info][gc,phases,start] GC(338) Compaction Phase
[2026-03-22T17:33:11.645+0900][7.408s][info][gc,phases      ] GC(338) Compaction Phase 5.518ms
[2026-03-22T17:33:11.645+0900][7.408s][info][gc,phases,start] GC(338) Post Compact
[2026-03-22T17:33:11.647+0900][7.410s][info][gc,phases      ] GC(338) Post Compact 1.832ms
[2026-03-22T17:33:11.647+0900][7.410s][info][gc,heap        ] GC(338) PSYoungGen: 163057K(163840K)->0K(163840K) Eden: 152561K(153088K)->0K(153088K) From: 10496K(10752K)->0K(10752K)
[2026-03-22T17:33:11.647+0900][7.410s][info][gc,heap        ] GC(338) ParOldGen: 291999K(349696K)->103430K(349696K)
[2026-03-22T17:33:11.647+0900][7.410s][info][gc,metaspace   ] GC(338) Metaspace: 336K(512K)->336K(512K) NonClass: 318K(384K)->318K(384K) Class: 17K(128K)->17K(128K)
[2026-03-22T17:33:11.647+0900][7.410s][info][gc             ] GC(338) Pause Full (Ergonomics) 444M->101M(501M) 9.143ms
[2026-03-22T17:33:11.647+0900][7.410s][info][gc,cpu         ] GC(338) User=0.00s Sys=0.00s Real=0.01s
[2026-03-22T17:33:11.662+0900][7.426s][info][gc,start       ] GC(339) Pause Young (Allocation Failure)
[2026-03-22T17:33:11.666+0900][7.431s][info][gc,heap        ] GC(339) PSYoungGen: 152561K(163840K)->10496K(163840K) Eden: 152561K(153088K)->0K(153088K) From: 0K(10752K)->10496K(10752K)
[2026-03-22T17:33:11.666+0900][7.431s][info][gc,heap        ] GC(339) ParOldGen: 103430K(349696K)->197639K(349696K)
[2026-03-22T17:33:11.666+0900][7.431s][info][gc,metaspace   ] GC(339) Metaspace: 336K(512K)->336K(512K) NonClass: 318K(384K)->318K(384K) Class: 17K(128K)->17K(128K)
[2026-03-22T17:33:11.666+0900][7.431s][info][gc             ] GC(339) Pause Young (Allocation Failure) 249M->203M(501M) 4.888ms
[2026-03-22T17:33:11.666+0900][7.431s][info][gc,cpu         ] GC(339) User=0.06s Sys=0.00s Real=0.00s
[2026-03-22T17:33:11.682+0900][7.446s][info][gc,start       ] GC(340) Pause Young (Allocation Failure)
[2026-03-22T17:33:11.686+0900][7.451s][info][gc,heap        ] GC(340) PSYoungGen: 163057K(163840K)->10496K(163840K) Eden: 152561K(153088K)->0K(153088K) From: 10496K(10752K)->10496K(10752K)
[2026-03-22T17:33:11.686+0900][7.451s][info][gc,heap        ] GC(340) ParOldGen: 197639K(349696K)->291999K(349696K)
[2026-03-22T17:33:11.686+0900][7.451s][info][gc,metaspace   ] GC(340) Metaspace: 336K(512K)->336K(512K) NonClass: 318K(384K)->318K(384K) Class: 17K(128K)->17K(128K)
[2026-03-22T17:33:11.686+0900][7.451s][info][gc             ] GC(340) Pause Young (Allocation Failure) 352M->295M(501M) 4.771ms
[2026-03-22T17:33:11.686+0900][7.451s][info][gc,cpu         ] GC(340) User=0.00s Sys=0.00s Real=0.00s
[2026-03-22T17:33:11.702+0900][7.466s][info][gc,start       ] GC(341) Pause Full (Ergonomics)
[2026-03-22T17:33:11.711+0900][7.475s][info][gc,phases,start] GC(341) Marking Phase
[2026-03-22T17:33:11.712+0900][7.476s][info][gc,phases      ] GC(341) Marking Phase 1.354ms
[2026-03-22T17:33:11.712+0900][7.476s][info][gc,phases,start] GC(341) Summary Phase
[2026-03-22T17:33:11.712+0900][7.476s][info][gc,phases      ] GC(341) Summary Phase 0.019ms
[2026-03-22T17:33:11.712+0900][7.476s][info][gc,phases,start] GC(341) Adjust Roots
[2026-03-22T17:33:11.713+0900][7.476s][info][gc,phases      ] GC(341) Adjust Roots 0.228ms
[2026-03-22T17:33:11.713+0900][7.476s][info][gc,phases,start] GC(341) Compaction Phase
[2026-03-22T17:33:11.719+0900][7.483s][info][gc,phases      ] GC(341) Compaction Phase 7.087ms
[2026-03-22T17:33:11.719+0900][7.484s][info][gc,phases,start] GC(341) Post Compact
[2026-03-22T17:33:11.720+0900][7.485s][info][gc,phases      ] GC(341) Post Compact 1.544ms
[2026-03-22T17:33:11.720+0900][7.485s][info][gc,heap        ] GC(341) PSYoungGen: 163057K(163840K)->0K(163840K) Eden: 152561K(153088K)->0K(153088K) From: 10496K(10752K)->0K(10752K)
[2026-03-22T17:33:11.720+0900][7.485s][info][gc,heap        ] GC(341) ParOldGen: 291999K(349696K)->103430K(349696K)
[2026-03-22T17:33:11.722+0900][7.485s][info][gc,metaspace   ] GC(341) Metaspace: 336K(512K)->336K(512K) NonClass: 318K(384K)->318K(384K) Class: 17K(128K)->17K(128K)
[2026-03-22T17:33:11.722+0900][7.485s][info][gc             ] GC(341) Pause Full (Ergonomics) 444M->101M(501M) 19.123ms
[2026-03-22T17:33:11.722+0900][7.485s][info][gc,cpu         ] GC(341) User=0.02s Sys=0.00s Real=0.02s
[2026-03-22T17:33:11.737+0900][7.501s][info][gc,start       ] GC(342) Pause Young (Allocation Failure)
[2026-03-22T17:33:11.742+0900][7.506s][info][gc,heap        ] GC(342) PSYoungGen: 152561K(163840K)->10496K(163840K) Eden: 152561K(153088K)->0K(153088K) From: 0K(10752K)->10496K(10752K)
[2026-03-22T17:33:11.742+0900][7.506s][info][gc,heap        ] GC(342) ParOldGen: 103430K(349696K)->197639K(349696K)
[2026-03-22T17:33:11.742+0900][7.506s][info][gc,metaspace   ] GC(342) Metaspace: 336K(512K)->336K(512K) NonClass: 318K(384K)->318K(384K) Class: 17K(128K)->17K(128K)
[2026-03-22T17:33:11.742+0900][7.506s][info][gc             ] GC(342) Pause Young (Allocation Failure) 249M->203M(501M) 5.236ms
[2026-03-22T17:33:11.742+0900][7.506s][info][gc,cpu         ] GC(342) User=0.00s Sys=0.00s Real=0.01s
[2026-03-22T17:33:11.758+0900][7.522s][info][gc,start       ] GC(343) Pause Young (Allocation Failure)
[2026-03-22T17:33:11.763+0900][7.527s][info][gc,heap        ] GC(343) PSYoungGen: 163057K(163840K)->10496K(163840K) Eden: 152561K(153088K)->0K(153088K) From: 10496K(10752K)->10496K(10752K)
[2026-03-22T17:33:11.763+0900][7.527s][info][gc,heap        ] GC(343) ParOldGen: 197639K(349696K)->291999K(349696K)
[2026-03-22T17:33:11.763+0900][7.527s][info][gc,metaspace   ] GC(343) Metaspace: 336K(512K)->336K(512K) NonClass: 318K(384K)->318K(384K) Class: 17K(128K)->17K(128K)
[2026-03-22T17:33:11.763+0900][7.527s][info][gc             ] GC(343) Pause Young (Allocation Failure) 352M->295M(501M) 4.962ms
[2026-03-22T17:33:11.763+0900][7.527s][info][gc,cpu         ] GC(343) User=0.06s Sys=0.00s Real=0.01s
[2026-03-22T17:33:11.779+0900][7.542s][info][gc,start       ] GC(344) Pause Full (Ergonomics)
[2026-03-22T17:33:11.779+0900][7.542s][info][gc,phases,start] GC(344) Marking Phase
[2026-03-22T17:33:11.780+0900][7.544s][info][gc,phases      ] GC(344) Marking Phase 1.245ms
[2026-03-22T17:33:11.780+0900][7.544s][info][gc,phases,start] GC(344) Summary Phase
[2026-03-22T17:33:11.780+0900][7.544s][info][gc,phases      ] GC(344) Summary Phase 0.015ms
[2026-03-22T17:33:11.780+0900][7.544s][info][gc,phases,start] GC(344) Adjust Roots
[2026-03-22T17:33:11.780+0900][7.544s][info][gc,phases      ] GC(344) Adjust Roots 0.256ms
[2026-03-22T17:33:11.780+0900][7.544s][info][gc,phases,start] GC(344) Compaction Phase
[2026-03-22T17:33:11.786+0900][7.550s][info][gc,phases      ] GC(344) Compaction Phase 5.936ms
[2026-03-22T17:33:11.786+0900][7.550s][info][gc,phases,start] GC(344) Post Compact
[2026-03-22T17:33:11.787+0900][7.551s][info][gc,phases      ] GC(344) Post Compact 1.469ms
[2026-03-22T17:33:11.788+0900][7.551s][info][gc,heap        ] GC(344) PSYoungGen: 163057K(163840K)->0K(163840K) Eden: 152561K(153088K)->0K(153088K) From: 10496K(10752K)->0K(10752K)
[2026-03-22T17:33:11.788+0900][7.552s][info][gc,heap        ] GC(344) ParOldGen: 291999K(349696K)->103430K(349696K)
[2026-03-22T17:33:11.788+0900][7.552s][info][gc,metaspace   ] GC(344) Metaspace: 336K(512K)->336K(512K) NonClass: 318K(384K)->318K(384K) Class: 17K(128K)->17K(128K)
[2026-03-22T17:33:11.788+0900][7.552s][info][gc             ] GC(344) Pause Full (Ergonomics) 444M->101M(501M) 9.226ms
[2026-03-22T17:33:11.788+0900][7.552s][info][gc,cpu         ] GC(344) User=0.00s Sys=0.00s Real=0.01s
[2026-03-22T17:33:11.802+0900][7.566s][info][gc,start       ] GC(345) Pause Young (Allocation Failure)
[2026-03-22T17:33:11.808+0900][7.572s][info][gc,heap        ] GC(345) PSYoungGen: 152561K(163840K)->10496K(163840K) Eden: 152561K(153088K)->0K(153088K) From: 0K(10752K)->10496K(10752K)
[2026-03-22T17:33:11.808+0900][7.572s][info][gc,heap        ] GC(345) ParOldGen: 103430K(349696K)->197639K(349696K)
[2026-03-22T17:33:11.808+0900][7.572s][info][gc,metaspace   ] GC(345) Metaspace: 336K(512K)->336K(512K) NonClass: 318K(384K)->318K(384K) Class: 17K(128K)->17K(128K)
[2026-03-22T17:33:11.808+0900][7.572s][info][gc             ] GC(345) Pause Young (Allocation Failure) 249M->203M(501M) 5.513ms
[2026-03-22T17:33:11.808+0900][7.572s][info][gc,cpu         ] GC(345) User=0.06s Sys=0.00s Real=0.01s
[2026-03-22T17:33:11.824+0900][7.588s][info][gc,start       ] GC(346) Pause Young (Allocation Failure)
[2026-03-22T17:33:11.829+0900][7.593s][info][gc,heap        ] GC(346) PSYoungGen: 163057K(163840K)->10496K(163840K) Eden: 152561K(153088K)->0K(153088K) From: 10496K(10752K)->10496K(10752K)
[2026-03-22T17:33:11.829+0900][7.593s][info][gc,heap        ] GC(346) ParOldGen: 197639K(349696K)->291999K(349696K)
[2026-03-22T17:33:11.829+0900][7.593s][info][gc,metaspace   ] GC(346) Metaspace: 336K(512K)->336K(512K) NonClass: 318K(384K)->318K(384K) Class: 17K(128K)->17K(128K)
[2026-03-22T17:33:11.829+0900][7.593s][info][gc             ] GC(346) Pause Young (Allocation Failure) 352M->295M(501M) 5.649ms
[2026-03-22T17:33:11.829+0900][7.593s][info][gc,cpu         ] GC(346) User=0.00s Sys=0.00s Real=0.01s
[2026-03-22T17:33:11.846+0900][7.609s][info][gc,start       ] GC(347) Pause Full (Ergonomics)
[2026-03-22T17:33:11.846+0900][7.609s][info][gc,phases,start] GC(347) Marking Phase
[2026-03-22T17:33:11.847+0900][7.611s][info][gc,phases      ] GC(347) Marking Phase 1.538ms
[2026-03-22T17:33:11.847+0900][7.611s][info][gc,phases,start] GC(347) Summary Phase
[2026-03-22T17:33:11.847+0900][7.611s][info][gc,phases      ] GC(347) Summary Phase 0.016ms
[2026-03-22T17:33:11.847+0900][7.611s][info][gc,phases,start] GC(347) Adjust Roots
[2026-03-22T17:33:11.847+0900][7.611s][info][gc,phases      ] GC(347) Adjust Roots 0.180ms
[2026-03-22T17:33:11.847+0900][7.611s][info][gc,phases,start] GC(347) Compaction Phase
[2026-03-22T17:33:11.853+0900][7.617s][info][gc,phases      ] GC(347) Compaction Phase 5.883ms
[2026-03-22T17:33:11.853+0900][7.617s][info][gc,phases,start] GC(347) Post Compact
[2026-03-22T17:33:11.855+0900][7.618s][info][gc,phases      ] GC(347) Post Compact 1.435ms
[2026-03-22T17:33:11.855+0900][7.618s][info][gc,heap        ] GC(347) PSYoungGen: 163057K(163840K)->0K(163840K) Eden: 152561K(153088K)->0K(153088K) From: 10496K(10752K)->0K(10752K)
[2026-03-22T17:33:11.855+0900][7.618s][info][gc,heap        ] GC(347) ParOldGen: 291999K(349696K)->103430K(349696K)
[2026-03-22T17:33:11.855+0900][7.618s][info][gc,metaspace   ] GC(347) Metaspace: 336K(512K)->336K(512K) NonClass: 318K(384K)->318K(384K) Class: 17K(128K)->17K(128K)
[2026-03-22T17:33:11.855+0900][7.618s][info][gc             ] GC(347) Pause Full (Ergonomics) 444M->101M(501M) 9.278ms
[2026-03-22T17:33:11.855+0900][7.618s][info][gc,cpu         ] GC(347) User=0.00s Sys=0.02s Real=0.01s
[2026-03-22T17:33:11.871+0900][7.634s][info][gc,start       ] GC(348) Pause Young (Allocation Failure)
[2026-03-22T17:33:11.875+0900][7.639s][info][gc,heap        ] GC(348) PSYoungGen: 152561K(163840K)->10464K(163840K) Eden: 152561K(153088K)->0K(153088K) From: 0K(10752K)->10464K(10752K)
[2026-03-22T17:33:11.875+0900][7.639s][info][gc,heap        ] GC(348) ParOldGen: 103430K(349696K)->197639K(349696K)
[2026-03-22T17:33:11.875+0900][7.639s][info][gc,metaspace   ] GC(348) Metaspace: 336K(512K)->336K(512K) NonClass: 318K(384K)->318K(384K) Class: 17K(128K)->17K(128K)
[2026-03-22T17:33:11.875+0900][7.639s][info][gc             ] GC(348) Pause Young (Allocation Failure) 249M->203M(501M) 5.005ms
[2026-03-22T17:33:11.875+0900][7.639s][info][gc,cpu         ] GC(348) User=0.00s Sys=0.00s Real=0.00s
[2026-03-22T17:33:11.890+0900][7.654s][info][gc,start       ] GC(349) Pause Young (Allocation Failure)
[2026-03-22T17:33:11.894+0900][7.659s][info][gc,heap        ] GC(349) PSYoungGen: 163025K(163840K)->10496K(163840K) Eden: 152561K(153088K)->0K(153088K) From: 10464K(10752K)->10496K(10752K)
[2026-03-22T17:33:11.894+0900][7.659s][info][gc,heap        ] GC(349) ParOldGen: 197639K(349696K)->291999K(349696K)
[2026-03-22T17:33:11.894+0900][7.659s][info][gc,metaspace   ] GC(349) Metaspace: 336K(512K)->336K(512K) NonClass: 318K(384K)->318K(384K) Class: 17K(128K)->17K(128K)
[2026-03-22T17:33:11.896+0900][7.659s][info][gc             ] GC(349) Pause Young (Allocation Failure) 352M->295M(501M) 4.781ms
[2026-03-22T17:33:11.896+0900][7.659s][info][gc,cpu         ] GC(349) User=0.00s Sys=0.00s Real=0.01s
[2026-03-22T17:33:11.909+0900][7.674s][info][gc,start       ] GC(350) Pause Full (Ergonomics)
[2026-03-22T17:33:11.910+0900][7.674s][info][gc,phases,start] GC(350) Marking Phase
[2026-03-22T17:33:11.911+0900][7.675s][info][gc,phases      ] GC(350) Marking Phase 1.158ms
[2026-03-22T17:33:11.911+0900][7.675s][info][gc,phases,start] GC(350) Summary Phase
[2026-03-22T17:33:11.911+0900][7.675s][info][gc,phases      ] GC(350) Summary Phase 0.016ms
[2026-03-22T17:33:11.911+0900][7.675s][info][gc,phases,start] GC(350) Adjust Roots
[2026-03-22T17:33:11.911+0900][7.675s][info][gc,phases      ] GC(350) Adjust Roots 0.176ms
[2026-03-22T17:33:11.911+0900][7.675s][info][gc,phases,start] GC(350) Compaction Phase
[2026-03-22T17:33:11.917+0900][7.681s][info][gc,phases      ] GC(350) Compaction Phase 5.785ms
[2026-03-22T17:33:11.917+0900][7.681s][info][gc,phases,start] GC(350) Post Compact
[2026-03-22T17:33:11.919+0900][7.683s][info][gc,phases      ] GC(350) Post Compact 1.742ms
[2026-03-22T17:33:11.919+0900][7.683s][info][gc,heap        ] GC(350) PSYoungGen: 163057K(163840K)->0K(163840K) Eden: 152561K(153088K)->0K(153088K) From: 10496K(10752K)->0K(10752K)
[2026-03-22T17:33:11.919+0900][7.683s][info][gc,heap        ] GC(350) ParOldGen: 291999K(349696K)->103430K(349696K)
[2026-03-22T17:33:11.919+0900][7.683s][info][gc,metaspace   ] GC(350) Metaspace: 336K(512K)->336K(512K) NonClass: 318K(384K)->318K(384K) Class: 17K(128K)->17K(128K)
[2026-03-22T17:33:11.919+0900][7.683s][info][gc             ] GC(350) Pause Full (Ergonomics) 444M->101M(501M) 9.223ms
[2026-03-22T17:33:11.919+0900][7.683s][info][gc,cpu         ] GC(350) User=0.06s Sys=0.00s Real=0.01s
[2026-03-22T17:33:11.934+0900][7.698s][info][gc,start       ] GC(351) Pause Young (Allocation Failure)
[2026-03-22T17:33:11.939+0900][7.703s][info][gc,heap        ] GC(351) PSYoungGen: 152561K(163840K)->10496K(163840K) Eden: 152561K(153088K)->0K(153088K) From: 0K(10752K)->10496K(10752K)
[2026-03-22T17:33:11.939+0900][7.703s][info][gc,heap        ] GC(351) ParOldGen: 103430K(349696K)->197639K(349696K)
[2026-03-22T17:33:11.939+0900][7.703s][info][gc,metaspace   ] GC(351) Metaspace: 336K(512K)->336K(512K) NonClass: 318K(384K)->318K(384K) Class: 17K(128K)->17K(128K)
[2026-03-22T17:33:11.939+0900][7.703s][info][gc             ] GC(351) Pause Young (Allocation Failure) 249M->203M(501M) 5.153ms
[2026-03-22T17:33:11.939+0900][7.703s][info][gc,cpu         ] GC(351) User=0.00s Sys=0.00s Real=0.00s
[2026-03-22T17:33:11.955+0900][7.719s][info][gc,start       ] GC(352) Pause Young (Allocation Failure)
[2026-03-22T17:33:11.960+0900][7.724s][info][gc,heap        ] GC(352) PSYoungGen: 163057K(163840K)->10496K(163840K) Eden: 152561K(153088K)->0K(153088K) From: 10496K(10752K)->10496K(10752K)
[2026-03-22T17:33:11.960+0900][7.724s][info][gc,heap        ] GC(352) ParOldGen: 197639K(349696K)->291999K(349696K)
[2026-03-22T17:33:11.960+0900][7.724s][info][gc,metaspace   ] GC(352) Metaspace: 336K(512K)->336K(512K) NonClass: 318K(384K)->318K(384K) Class: 17K(128K)->17K(128K)
[2026-03-22T17:33:11.960+0900][7.724s][info][gc             ] GC(352) Pause Young (Allocation Failure) 352M->295M(501M) 4.812ms
[2026-03-22T17:33:11.960+0900][7.724s][info][gc,cpu         ] GC(352) User=0.00s Sys=0.00s Real=0.01s
[2026-03-22T17:33:11.977+0900][7.741s][info][gc,start       ] GC(353) Pause Full (Ergonomics)
[2026-03-22T17:33:11.977+0900][7.741s][info][gc,phases,start] GC(353) Marking Phase
[2026-03-22T17:33:11.978+0900][7.742s][info][gc,phases      ] GC(353) Marking Phase 1.404ms
[2026-03-22T17:33:11.978+0900][7.742s][info][gc,phases,start] GC(353) Summary Phase
[2026-03-22T17:33:11.978+0900][7.742s][info][gc,phases      ] GC(353) Summary Phase 0.017ms
[2026-03-22T17:33:11.978+0900][7.742s][info][gc,phases,start] GC(353) Adjust Roots
[2026-03-22T17:33:11.978+0900][7.742s][info][gc,phases      ] GC(353) Adjust Roots 0.184ms
[2026-03-22T17:33:11.978+0900][7.742s][info][gc,phases,start] GC(353) Compaction Phase
[2026-03-22T17:33:11.984+0900][7.748s][info][gc,phases      ] GC(353) Compaction Phase 5.617ms
[2026-03-22T17:33:11.984+0900][7.748s][info][gc,phases,start] GC(353) Post Compact
[2026-03-22T17:33:11.985+0900][7.749s][info][gc,phases      ] GC(353) Post Compact 1.519ms
[2026-03-22T17:33:11.986+0900][7.750s][info][gc,heap        ] GC(353) PSYoungGen: 163057K(163840K)->0K(163840K) Eden: 152561K(153088K)->0K(153088K) From: 10496K(10752K)->0K(10752K)
[2026-03-22T17:33:11.986+0900][7.750s][info][gc,heap        ] GC(353) ParOldGen: 291999K(349696K)->103430K(349696K)
[2026-03-22T17:33:11.986+0900][7.750s][info][gc,metaspace   ] GC(353) Metaspace: 336K(512K)->336K(512K) NonClass: 318K(384K)->318K(384K) Class: 17K(128K)->17K(128K)
[2026-03-22T17:33:11.986+0900][7.750s][info][gc             ] GC(353) Pause Full (Ergonomics) 444M->101M(501M) 9.012ms
[2026-03-22T17:33:11.986+0900][7.750s][info][gc,cpu         ] GC(353) User=0.00s Sys=0.02s Real=0.01s
[2026-03-22T17:33:12.000+0900][7.764s][info][gc,start       ] GC(354) Pause Young (Allocation Failure)
[2026-03-22T17:33:12.005+0900][7.769s][info][gc,heap        ] GC(354) PSYoungGen: 152561K(163840K)->10496K(163840K) Eden: 152561K(153088K)->0K(153088K) From: 0K(10752K)->10496K(10752K)
[2026-03-22T17:33:12.005+0900][7.769s][info][gc,heap        ] GC(354) ParOldGen: 103430K(349696K)->197639K(349696K)
[2026-03-22T17:33:12.005+0900][7.769s][info][gc,metaspace   ] GC(354) Metaspace: 336K(512K)->336K(512K) NonClass: 318K(384K)->318K(384K) Class: 17K(128K)->17K(128K)
[2026-03-22T17:33:12.005+0900][7.769s][info][gc             ] GC(354) Pause Young (Allocation Failure) 249M->203M(501M) 5.096ms
[2026-03-22T17:33:12.005+0900][7.769s][info][gc,cpu         ] GC(354) User=0.00s Sys=0.00s Real=0.01s
[2026-03-22T17:33:12.022+0900][7.786s][info][gc,start       ] GC(355) Pause Young (Allocation Failure)
[2026-03-22T17:33:12.027+0900][7.791s][info][gc,heap        ] GC(355) PSYoungGen: 163057K(163840K)->10496K(163840K) Eden: 152561K(153088K)->0K(153088K) From: 10496K(10752K)->10496K(10752K)
[2026-03-22T17:33:12.027+0900][7.791s][info][gc,heap        ] GC(355) ParOldGen: 197639K(349696K)->291999K(349696K)
[2026-03-22T17:33:12.027+0900][7.791s][info][gc,metaspace   ] GC(355) Metaspace: 336K(512K)->336K(512K) NonClass: 318K(384K)->318K(384K) Class: 17K(128K)->17K(128K)
[2026-03-22T17:33:12.027+0900][7.791s][info][gc             ] GC(355) Pause Young (Allocation Failure) 352M->295M(501M) 4.952ms
[2026-03-22T17:33:12.027+0900][7.791s][info][gc,cpu         ] GC(355) User=0.06s Sys=0.00s Real=0.00s
[2026-03-22T17:33:12.044+0900][7.808s][info][gc,start       ] GC(356) Pause Full (Ergonomics)
[2026-03-22T17:33:12.044+0900][7.808s][info][gc,phases,start] GC(356) Marking Phase
[2026-03-22T17:33:12.045+0900][7.809s][info][gc,phases      ] GC(356) Marking Phase 1.180ms
[2026-03-22T17:33:12.045+0900][7.809s][info][gc,phases,start] GC(356) Summary Phase
[2026-03-22T17:33:12.045+0900][7.809s][info][gc,phases      ] GC(356) Summary Phase 0.017ms
[2026-03-22T17:33:12.045+0900][7.809s][info][gc,phases,start] GC(356) Adjust Roots
[2026-03-22T17:33:12.045+0900][7.809s][info][gc,phases      ] GC(356) Adjust Roots 0.175ms
[2026-03-22T17:33:12.045+0900][7.809s][info][gc,phases,start] GC(356) Compaction Phase
[2026-03-22T17:33:12.051+0900][7.815s][info][gc,phases      ] GC(356) Compaction Phase 5.575ms
[2026-03-22T17:33:12.051+0900][7.815s][info][gc,phases,start] GC(356) Post Compact
[2026-03-22T17:33:12.053+0900][7.816s][info][gc,phases      ] GC(356) Post Compact 1.672ms
[2026-03-22T17:33:12.053+0900][7.817s][info][gc,heap        ] GC(356) PSYoungGen: 163057K(163840K)->0K(163840K) Eden: 152561K(153088K)->0K(153088K) From: 10496K(10752K)->0K(10752K)
[2026-03-22T17:33:12.053+0900][7.817s][info][gc,heap        ] GC(356) ParOldGen: 291999K(349696K)->103430K(349696K)
[2026-03-22T17:33:12.053+0900][7.817s][info][gc,metaspace   ] GC(356) Metaspace: 336K(512K)->336K(512K) NonClass: 318K(384K)->318K(384K) Class: 17K(128K)->17K(128K)
[2026-03-22T17:33:12.053+0900][7.817s][info][gc             ] GC(356) Pause Full (Ergonomics) 444M->101M(501M) 8.922ms
[2026-03-22T17:33:12.053+0900][7.817s][info][gc,cpu         ] GC(356) User=0.00s Sys=0.00s Real=0.01s
[2026-03-22T17:33:12.069+0900][7.832s][info][gc,start       ] GC(357) Pause Young (Allocation Failure)
[2026-03-22T17:33:12.074+0900][7.837s][info][gc,heap        ] GC(357) PSYoungGen: 152561K(163840K)->10496K(163840K) Eden: 152561K(153088K)->0K(153088K) From: 0K(10752K)->10496K(10752K)
[2026-03-22T17:33:12.074+0900][7.837s][info][gc,heap        ] GC(357) ParOldGen: 103430K(349696K)->197639K(349696K)
[2026-03-22T17:33:12.074+0900][7.837s][info][gc,metaspace   ] GC(357) Metaspace: 336K(512K)->336K(512K) NonClass: 318K(384K)->318K(384K) Class: 17K(128K)->17K(128K)
[2026-03-22T17:33:12.074+0900][7.837s][info][gc             ] GC(357) Pause Young (Allocation Failure) 249M->203M(501M) 5.135ms
[2026-03-22T17:33:12.074+0900][7.838s][info][gc,cpu         ] GC(357) User=0.06s Sys=0.00s Real=0.00s
[2026-03-22T17:33:12.089+0900][7.853s][info][gc,start       ] GC(358) Pause Young (Allocation Failure)
[2026-03-22T17:33:12.094+0900][7.858s][info][gc,heap        ] GC(358) PSYoungGen: 163057K(163840K)->10496K(163840K) Eden: 152561K(153088K)->0K(153088K) From: 10496K(10752K)->10496K(10752K)
[2026-03-22T17:33:12.094+0900][7.858s][info][gc,heap        ] GC(358) ParOldGen: 197639K(349696K)->291999K(349696K)
[2026-03-22T17:33:12.094+0900][7.858s][info][gc,metaspace   ] GC(358) Metaspace: 336K(512K)->336K(512K) NonClass: 318K(384K)->318K(384K) Class: 17K(128K)->17K(128K)
[2026-03-22T17:33:12.094+0900][7.858s][info][gc             ] GC(358) Pause Young (Allocation Failure) 352M->295M(501M) 4.856ms
[2026-03-22T17:33:12.094+0900][7.858s][info][gc,cpu         ] GC(358) User=0.00s Sys=0.00s Real=0.01s
[2026-03-22T17:33:12.111+0900][7.875s][info][gc,start       ] GC(359) Pause Full (Ergonomics)
[2026-03-22T17:33:12.111+0900][7.875s][info][gc,phases,start] GC(359) Marking Phase
[2026-03-22T17:33:12.112+0900][7.876s][info][gc,phases      ] GC(359) Marking Phase 1.271ms
[2026-03-22T17:33:12.112+0900][7.876s][info][gc,phases,start] GC(359) Summary Phase
[2026-03-22T17:33:12.112+0900][7.876s][info][gc,phases      ] GC(359) Summary Phase 0.018ms
[2026-03-22T17:33:12.112+0900][7.876s][info][gc,phases,start] GC(359) Adjust Roots
[2026-03-22T17:33:12.112+0900][7.876s][info][gc,phases      ] GC(359) Adjust Roots 0.226ms
[2026-03-22T17:33:12.112+0900][7.876s][info][gc,phases,start] GC(359) Compaction Phase
[2026-03-22T17:33:12.119+0900][7.882s][info][gc,phases      ] GC(359) Compaction Phase 5.830ms
[2026-03-22T17:33:12.119+0900][7.882s][info][gc,phases,start] GC(359) Post Compact
[2026-03-22T17:33:12.120+0900][7.884s][info][gc,phases      ] GC(359) Post Compact 1.553ms
[2026-03-22T17:33:12.120+0900][7.884s][info][gc,heap        ] GC(359) PSYoungGen: 163057K(163840K)->0K(163840K) Eden: 152561K(153088K)->0K(153088K) From: 10496K(10752K)->0K(10752K)
[2026-03-22T17:33:12.120+0900][7.884s][info][gc,heap        ] GC(359) ParOldGen: 291999K(349696K)->103430K(349696K)
[2026-03-22T17:33:12.120+0900][7.884s][info][gc,metaspace   ] GC(359) Metaspace: 336K(512K)->336K(512K) NonClass: 318K(384K)->318K(384K) Class: 17K(128K)->17K(128K)
[2026-03-22T17:33:12.120+0900][7.884s][info][gc             ] GC(359) Pause Full (Ergonomics) 444M->101M(501M) 9.160ms
[2026-03-22T17:33:12.120+0900][7.884s][info][gc,cpu         ] GC(359) User=0.02s Sys=0.00s Real=0.01s
[2026-03-22T17:33:12.136+0900][7.900s][info][gc,start       ] GC(360) Pause Young (Allocation Failure)
[2026-03-22T17:33:12.141+0900][7.904s][info][gc,heap        ] GC(360) PSYoungGen: 152561K(163840K)->10496K(163840K) Eden: 152561K(153088K)->0K(153088K) From: 0K(10752K)->10496K(10752K)
[2026-03-22T17:33:12.141+0900][7.905s][info][gc,heap        ] GC(360) ParOldGen: 103430K(349696K)->197639K(349696K)
[2026-03-22T17:33:12.141+0900][7.905s][info][gc,metaspace   ] GC(360) Metaspace: 336K(512K)->336K(512K) NonClass: 318K(384K)->318K(384K) Class: 17K(128K)->17K(128K)
[2026-03-22T17:33:12.141+0900][7.905s][info][gc             ] GC(360) Pause Young (Allocation Failure) 249M->203M(501M) 5.029ms
[2026-03-22T17:33:12.141+0900][7.905s][info][gc,cpu         ] GC(360) User=0.00s Sys=0.00s Real=0.01s
[2026-03-22T17:33:12.157+0900][7.921s][info][gc,start       ] GC(361) Pause Young (Allocation Failure)
[2026-03-22T17:33:12.162+0900][7.926s][info][gc,heap        ] GC(361) PSYoungGen: 163057K(163840K)->10496K(163840K) Eden: 152561K(153088K)->0K(153088K) From: 10496K(10752K)->10496K(10752K)
[2026-03-22T17:33:12.162+0900][7.926s][info][gc,heap        ] GC(361) ParOldGen: 197639K(349696K)->291999K(349696K)
[2026-03-22T17:33:12.162+0900][7.926s][info][gc,metaspace   ] GC(361) Metaspace: 336K(512K)->336K(512K) NonClass: 318K(384K)->318K(384K) Class: 17K(128K)->17K(128K)
[2026-03-22T17:33:12.162+0900][7.926s][info][gc             ] GC(361) Pause Young (Allocation Failure) 352M->295M(501M) 4.888ms
[2026-03-22T17:33:12.162+0900][7.926s][info][gc,cpu         ] GC(361) User=0.00s Sys=0.00s Real=0.00s
[2026-03-22T17:33:12.178+0900][7.942s][info][gc,start       ] GC(362) Pause Full (Ergonomics)
[2026-03-22T17:33:12.178+0900][7.942s][info][gc,phases,start] GC(362) Marking Phase
[2026-03-22T17:33:12.179+0900][7.943s][info][gc,phases      ] GC(362) Marking Phase 1.091ms
[2026-03-22T17:33:12.179+0900][7.943s][info][gc,phases,start] GC(362) Summary Phase
[2026-03-22T17:33:12.179+0900][7.943s][info][gc,phases      ] GC(362) Summary Phase 0.020ms
[2026-03-22T17:33:12.179+0900][7.943s][info][gc,phases,start] GC(362) Adjust Roots
[2026-03-22T17:33:12.179+0900][7.943s][info][gc,phases      ] GC(362) Adjust Roots 0.242ms
[2026-03-22T17:33:12.179+0900][7.943s][info][gc,phases,start] GC(362) Compaction Phase
[2026-03-22T17:33:12.185+0900][7.949s][info][gc,phases      ] GC(362) Compaction Phase 5.758ms
[2026-03-22T17:33:12.185+0900][7.949s][info][gc,phases,start] GC(362) Post Compact
[2026-03-22T17:33:12.187+0900][7.950s][info][gc,phases      ] GC(362) Post Compact 1.572ms
[2026-03-22T17:33:12.187+0900][7.951s][info][gc,heap        ] GC(362) PSYoungGen: 163057K(163840K)->0K(163840K) Eden: 152561K(153088K)->0K(153088K) From: 10496K(10752K)->0K(10752K)
[2026-03-22T17:33:12.187+0900][7.951s][info][gc,heap        ] GC(362) ParOldGen: 291999K(349696K)->103430K(349696K)
[2026-03-22T17:33:12.187+0900][7.951s][info][gc,metaspace   ] GC(362) Metaspace: 336K(512K)->336K(512K) NonClass: 318K(384K)->318K(384K) Class: 17K(128K)->17K(128K)
[2026-03-22T17:33:12.187+0900][7.951s][info][gc             ] GC(362) Pause Full (Ergonomics) 444M->101M(501M) 8.921ms
[2026-03-22T17:33:12.187+0900][7.951s][info][gc,cpu         ] GC(362) User=0.06s Sys=0.00s Real=0.01s
[2026-03-22T17:33:12.203+0900][7.967s][info][gc,start       ] GC(363) Pause Young (Allocation Failure)
[2026-03-22T17:33:12.209+0900][7.973s][info][gc,heap        ] GC(363) PSYoungGen: 152561K(163840K)->10496K(163840K) Eden: 152561K(153088K)->0K(153088K) From: 0K(10752K)->10496K(10752K)
[2026-03-22T17:33:12.209+0900][7.973s][info][gc,heap        ] GC(363) ParOldGen: 103430K(349696K)->197639K(349696K)
[2026-03-22T17:33:12.209+0900][7.973s][info][gc,metaspace   ] GC(363) Metaspace: 336K(512K)->336K(512K) NonClass: 318K(384K)->318K(384K) Class: 17K(128K)->17K(128K)
[2026-03-22T17:33:12.209+0900][7.973s][info][gc             ] GC(363) Pause Young (Allocation Failure) 249M->203M(501M) 5.577ms
[2026-03-22T17:33:12.209+0900][7.973s][info][gc,cpu         ] GC(363) User=0.00s Sys=0.00s Real=0.01s
[2026-03-22T17:33:12.225+0900][7.989s][info][gc,start       ] GC(364) Pause Young (Allocation Failure)
[2026-03-22T17:33:12.230+0900][7.994s][info][gc,heap        ] GC(364) PSYoungGen: 163057K(163840K)->10496K(163840K) Eden: 152561K(153088K)->0K(153088K) From: 10496K(10752K)->10496K(10752K)
[2026-03-22T17:33:12.230+0900][7.994s][info][gc,heap        ] GC(364) ParOldGen: 197639K(349696K)->291999K(349696K)
[2026-03-22T17:33:12.230+0900][7.994s][info][gc,metaspace   ] GC(364) Metaspace: 336K(512K)->336K(512K) NonClass: 318K(384K)->318K(384K) Class: 17K(128K)->17K(128K)
[2026-03-22T17:33:12.230+0900][7.994s][info][gc             ] GC(364) Pause Young (Allocation Failure) 352M->295M(501M) 5.088ms
[2026-03-22T17:33:12.230+0900][7.994s][info][gc,cpu         ] GC(364) User=0.06s Sys=0.00s Real=0.01s
[2026-03-22T17:33:12.244+0900][8.009s][info][gc,start       ] GC(365) Pause Full (Ergonomics)
[2026-03-22T17:33:12.245+0900][8.009s][info][gc,phases,start] GC(365) Marking Phase
[2026-03-22T17:33:12.246+0900][8.010s][info][gc,phases      ] GC(365) Marking Phase 1.329ms
[2026-03-22T17:33:12.246+0900][8.010s][info][gc,phases,start] GC(365) Summary Phase
[2026-03-22T17:33:12.246+0900][8.010s][info][gc,phases      ] GC(365) Summary Phase 0.022ms
[2026-03-22T17:33:12.246+0900][8.010s][info][gc,phases,start] GC(365) Adjust Roots
[2026-03-22T17:33:12.246+0900][8.010s][info][gc,phases      ] GC(365) Adjust Roots 0.282ms
[2026-03-22T17:33:12.246+0900][8.010s][info][gc,phases,start] GC(365) Compaction Phase
[2026-03-22T17:33:12.253+0900][8.016s][info][gc,phases      ] GC(365) Compaction Phase 5.992ms
[2026-03-22T17:33:12.253+0900][8.016s][info][gc,phases,start] GC(365) Post Compact
[2026-03-22T17:33:12.254+0900][8.018s][info][gc,phases      ] GC(365) Post Compact 1.482ms
[2026-03-22T17:33:12.254+0900][8.018s][info][gc,heap        ] GC(365) PSYoungGen: 163057K(163840K)->0K(163840K) Eden: 152561K(153088K)->0K(153088K) From: 10496K(10752K)->0K(10752K)
[2026-03-22T17:33:12.254+0900][8.018s][info][gc,heap        ] GC(365) ParOldGen: 291999K(349696K)->103430K(349696K)
[2026-03-22T17:33:12.254+0900][8.018s][info][gc,metaspace   ] GC(365) Metaspace: 336K(512K)->336K(512K) NonClass: 318K(384K)->318K(384K) Class: 17K(128K)->17K(128K)
[2026-03-22T17:33:12.254+0900][8.018s][info][gc             ] GC(365) Pause Full (Ergonomics) 444M->101M(501M) 9.447ms
[2026-03-22T17:33:12.254+0900][8.018s][info][gc,cpu         ] GC(365) User=0.00s Sys=0.00s Real=0.01s
[2026-03-22T17:33:12.270+0900][8.034s][info][gc,start       ] GC(366) Pause Young (Allocation Failure)
[2026-03-22T17:33:12.275+0900][8.039s][info][gc,heap        ] GC(366) PSYoungGen: 152561K(163840K)->10496K(163840K) Eden: 152561K(153088K)->0K(153088K) From: 0K(10752K)->10496K(10752K)
[2026-03-22T17:33:12.276+0900][8.039s][info][gc,heap        ] GC(366) ParOldGen: 103430K(349696K)->197639K(349696K)
[2026-03-22T17:33:12.276+0900][8.039s][info][gc,metaspace   ] GC(366) Metaspace: 336K(512K)->336K(512K) NonClass: 318K(384K)->318K(384K) Class: 17K(128K)->17K(128K)
[2026-03-22T17:33:12.276+0900][8.039s][info][gc             ] GC(366) Pause Young (Allocation Failure) 249M->203M(501M) 5.459ms
[2026-03-22T17:33:12.276+0900][8.039s][info][gc,cpu         ] GC(366) User=0.00s Sys=0.00s Real=0.01s
[2026-03-22T17:33:12.292+0900][8.056s][info][gc,start       ] GC(367) Pause Young (Allocation Failure)
[2026-03-22T17:33:12.298+0900][8.061s][info][gc,heap        ] GC(367) PSYoungGen: 163057K(163840K)->10496K(163840K) Eden: 152561K(153088K)->0K(153088K) From: 10496K(10752K)->10496K(10752K)
[2026-03-22T17:33:12.298+0900][8.061s][info][gc,heap        ] GC(367) ParOldGen: 197639K(349696K)->291999K(349696K)
[2026-03-22T17:33:12.298+0900][8.061s][info][gc,metaspace   ] GC(367) Metaspace: 336K(512K)->336K(512K) NonClass: 318K(384K)->318K(384K) Class: 17K(128K)->17K(128K)
[2026-03-22T17:33:12.298+0900][8.061s][info][gc             ] GC(367) Pause Young (Allocation Failure) 352M->295M(501M) 5.110ms
[2026-03-22T17:33:12.298+0900][8.061s][info][gc,cpu         ] GC(367) User=0.00s Sys=0.00s Real=0.01s
[2026-03-22T17:33:12.313+0900][8.078s][info][gc,start       ] GC(368) Pause Full (Ergonomics)
[2026-03-22T17:33:12.314+0900][8.078s][info][gc,phases,start] GC(368) Marking Phase
[2026-03-22T17:33:12.315+0900][8.079s][info][gc,phases      ] GC(368) Marking Phase 1.654ms
[2026-03-22T17:33:12.315+0900][8.079s][info][gc,phases,start] GC(368) Summary Phase
[2026-03-22T17:33:12.315+0900][8.079s][info][gc,phases      ] GC(368) Summary Phase 0.019ms
[2026-03-22T17:33:12.315+0900][8.079s][info][gc,phases,start] GC(368) Adjust Roots
[2026-03-22T17:33:12.315+0900][8.080s][info][gc,phases      ] GC(368) Adjust Roots 0.190ms
[2026-03-22T17:33:12.315+0900][8.080s][info][gc,phases,start] GC(368) Compaction Phase
[2026-03-22T17:33:12.321+0900][8.085s][info][gc,phases      ] GC(368) Compaction Phase 5.763ms
[2026-03-22T17:33:12.321+0900][8.085s][info][gc,phases,start] GC(368) Post Compact
[2026-03-22T17:33:12.323+0900][8.087s][info][gc,phases      ] GC(368) Post Compact 1.589ms
[2026-03-22T17:33:12.323+0900][8.087s][info][gc,heap        ] GC(368) PSYoungGen: 163057K(163840K)->0K(163840K) Eden: 152561K(153088K)->0K(153088K) From: 10496K(10752K)->0K(10752K)
[2026-03-22T17:33:12.323+0900][8.087s][info][gc,heap        ] GC(368) ParOldGen: 291999K(349696K)->103430K(349696K)
[2026-03-22T17:33:12.323+0900][8.087s][info][gc,metaspace   ] GC(368) Metaspace: 336K(512K)->336K(512K) NonClass: 318K(384K)->318K(384K) Class: 17K(128K)->17K(128K)
[2026-03-22T17:33:12.323+0900][8.087s][info][gc             ] GC(368) Pause Full (Ergonomics) 444M->101M(501M) 9.583ms
[2026-03-22T17:33:12.323+0900][8.087s][info][gc,cpu         ] GC(368) User=0.02s Sys=0.00s Real=0.01s
[2026-03-22T17:33:12.337+0900][8.102s][info][gc,start       ] GC(369) Pause Young (Allocation Failure)
[2026-03-22T17:33:12.343+0900][8.106s][info][gc,heap        ] GC(369) PSYoungGen: 152561K(163840K)->10496K(163840K) Eden: 152561K(153088K)->0K(153088K) From: 0K(10752K)->10496K(10752K)
[2026-03-22T17:33:12.343+0900][8.106s][info][gc,heap        ] GC(369) ParOldGen: 103430K(349696K)->197639K(349696K)
[2026-03-22T17:33:12.343+0900][8.107s][info][gc,metaspace   ] GC(369) Metaspace: 336K(512K)->336K(512K) NonClass: 318K(384K)->318K(384K) Class: 17K(128K)->17K(128K)
[2026-03-22T17:33:12.343+0900][8.107s][info][gc             ] GC(369) Pause Young (Allocation Failure) 249M->203M(501M) 4.814ms
[2026-03-22T17:33:12.343+0900][8.107s][info][gc,cpu         ] GC(369) User=0.00s Sys=0.00s Real=0.01s
[2026-03-22T17:33:12.359+0900][8.123s][info][gc,start       ] GC(370) Pause Young (Allocation Failure)
[2026-03-22T17:33:12.364+0900][8.128s][info][gc,heap        ] GC(370) PSYoungGen: 163057K(163840K)->10496K(163840K) Eden: 152561K(153088K)->0K(153088K) From: 10496K(10752K)->10496K(10752K)
[2026-03-22T17:33:12.364+0900][8.128s][info][gc,heap        ] GC(370) ParOldGen: 197639K(349696K)->291999K(349696K)
[2026-03-22T17:33:12.364+0900][8.128s][info][gc,metaspace   ] GC(370) Metaspace: 336K(512K)->336K(512K) NonClass: 318K(384K)->318K(384K) Class: 17K(128K)->17K(128K)
[2026-03-22T17:33:12.364+0900][8.128s][info][gc             ] GC(370) Pause Young (Allocation Failure) 352M->295M(501M) 5.150ms
[2026-03-22T17:33:12.364+0900][8.128s][info][gc,cpu         ] GC(370) User=0.00s Sys=0.00s Real=0.01s
[2026-03-22T17:33:12.380+0900][8.144s][info][gc,start       ] GC(371) Pause Full (Ergonomics)
[2026-03-22T17:33:12.380+0900][8.144s][info][gc,phases,start] GC(371) Marking Phase
[2026-03-22T17:33:12.381+0900][8.145s][info][gc,phases      ] GC(371) Marking Phase 1.197ms
[2026-03-22T17:33:12.381+0900][8.145s][info][gc,phases,start] GC(371) Summary Phase
[2026-03-22T17:33:12.381+0900][8.145s][info][gc,phases      ] GC(371) Summary Phase 0.018ms
[2026-03-22T17:33:12.381+0900][8.145s][info][gc,phases,start] GC(371) Adjust Roots
[2026-03-22T17:33:12.381+0900][8.145s][info][gc,phases      ] GC(371) Adjust Roots 0.191ms
[2026-03-22T17:33:12.381+0900][8.145s][info][gc,phases,start] GC(371) Compaction Phase
[2026-03-22T17:33:12.387+0900][8.151s][info][gc,phases      ] GC(371) Compaction Phase 5.429ms
[2026-03-22T17:33:12.387+0900][8.151s][info][gc,phases,start] GC(371) Post Compact
[2026-03-22T17:33:12.388+0900][8.152s][info][gc,phases      ] GC(371) Post Compact 1.525ms
[2026-03-22T17:33:12.388+0900][8.152s][info][gc,heap        ] GC(371) PSYoungGen: 163057K(163840K)->0K(163840K) Eden: 152561K(153088K)->0K(153088K) From: 10496K(10752K)->0K(10752K)
[2026-03-22T17:33:12.388+0900][8.152s][info][gc,heap        ] GC(371) ParOldGen: 291999K(349696K)->103430K(349696K)
[2026-03-22T17:33:12.388+0900][8.152s][info][gc,metaspace   ] GC(371) Metaspace: 336K(512K)->336K(512K) NonClass: 318K(384K)->318K(384K) Class: 17K(128K)->17K(128K)
[2026-03-22T17:33:12.388+0900][8.152s][info][gc             ] GC(371) Pause Full (Ergonomics) 444M->101M(501M) 8.636ms
[2026-03-22T17:33:12.388+0900][8.152s][info][gc,cpu         ] GC(371) User=0.06s Sys=0.00s Real=0.01s
[2026-03-22T17:33:12.403+0900][8.167s][info][gc,start       ] GC(372) Pause Young (Allocation Failure)
[2026-03-22T17:33:12.409+0900][8.173s][info][gc,heap        ] GC(372) PSYoungGen: 152561K(163840K)->10464K(163840K) Eden: 152561K(153088K)->0K(153088K) From: 0K(10752K)->10464K(10752K)
[2026-03-22T17:33:12.409+0900][8.173s][info][gc,heap        ] GC(372) ParOldGen: 103430K(349696K)->197639K(349696K)
[2026-03-22T17:33:12.409+0900][8.173s][info][gc,metaspace   ] GC(372) Metaspace: 336K(512K)->336K(512K) NonClass: 318K(384K)->318K(384K) Class: 17K(128K)->17K(128K)
[2026-03-22T17:33:12.409+0900][8.173s][info][gc             ] GC(372) Pause Young (Allocation Failure) 249M->203M(501M) 5.417ms
[2026-03-22T17:33:12.409+0900][8.173s][info][gc,cpu         ] GC(372) User=0.00s Sys=0.00s Real=0.01s
[2026-03-22T17:33:12.424+0900][8.188s][info][gc,start       ] GC(373) Pause Young (Allocation Failure)
[2026-03-22T17:33:12.429+0900][8.193s][info][gc,heap        ] GC(373) PSYoungGen: 163025K(163840K)->10496K(163840K) Eden: 152561K(153088K)->0K(153088K) From: 10464K(10752K)->10496K(10752K)
[2026-03-22T17:33:12.429+0900][8.193s][info][gc,heap        ] GC(373) ParOldGen: 197639K(349696K)->291999K(349696K)
[2026-03-22T17:33:12.429+0900][8.193s][info][gc,metaspace   ] GC(373) Metaspace: 336K(512K)->336K(512K) NonClass: 318K(384K)->318K(384K) Class: 17K(128K)->17K(128K)
[2026-03-22T17:33:12.429+0900][8.193s][info][gc             ] GC(373) Pause Young (Allocation Failure) 352M->295M(501M) 5.066ms
[2026-03-22T17:33:12.429+0900][8.193s][info][gc,cpu         ] GC(373) User=0.00s Sys=0.00s Real=0.00s
[2026-03-22T17:33:12.444+0900][8.208s][info][gc,start       ] GC(374) Pause Full (Ergonomics)
[2026-03-22T17:33:12.444+0900][8.208s][info][gc,phases,start] GC(374) Marking Phase
[2026-03-22T17:33:12.445+0900][8.209s][info][gc,phases      ] GC(374) Marking Phase 1.295ms
[2026-03-22T17:33:12.445+0900][8.209s][info][gc,phases,start] GC(374) Summary Phase
[2026-03-22T17:33:12.445+0900][8.210s][info][gc,phases      ] GC(374) Summary Phase 0.072ms
[2026-03-22T17:33:12.445+0900][8.210s][info][gc,phases,start] GC(374) Adjust Roots
[2026-03-22T17:33:12.446+0900][8.210s][info][gc,phases      ] GC(374) Adjust Roots 0.234ms
[2026-03-22T17:33:12.446+0900][8.210s][info][gc,phases,start] GC(374) Compaction Phase
[2026-03-22T17:33:12.451+0900][8.215s][info][gc,phases      ] GC(374) Compaction Phase 5.497ms
[2026-03-22T17:33:12.451+0900][8.215s][info][gc,phases,start] GC(374) Post Compact
[2026-03-22T17:33:12.453+0900][8.217s][info][gc,phases      ] GC(374) Post Compact 1.385ms
[2026-03-22T17:33:12.453+0900][8.217s][info][gc,heap        ] GC(374) PSYoungGen: 163057K(163840K)->0K(163840K) Eden: 152561K(153088K)->0K(153088K) From: 10496K(10752K)->0K(10752K)
[2026-03-22T17:33:12.453+0900][8.217s][info][gc,heap        ] GC(374) ParOldGen: 291999K(349696K)->103430K(349696K)
[2026-03-22T17:33:12.453+0900][8.217s][info][gc,metaspace   ] GC(374) Metaspace: 336K(512K)->336K(512K) NonClass: 318K(384K)->318K(384K) Class: 17K(128K)->17K(128K)
[2026-03-22T17:33:12.453+0900][8.217s][info][gc             ] GC(374) Pause Full (Ergonomics) 444M->101M(501M) 8.722ms
[2026-03-22T17:33:12.453+0900][8.217s][info][gc,cpu         ] GC(374) User=0.03s Sys=0.02s Real=0.01s
[2026-03-22T17:33:12.468+0900][8.232s][info][gc,start       ] GC(375) Pause Young (Allocation Failure)
[2026-03-22T17:33:12.473+0900][8.237s][info][gc,heap        ] GC(375) PSYoungGen: 152561K(163840K)->10496K(163840K) Eden: 152561K(153088K)->0K(153088K) From: 0K(10752K)->10496K(10752K)
[2026-03-22T17:33:12.473+0900][8.237s][info][gc,heap        ] GC(375) ParOldGen: 103430K(349696K)->197639K(349696K)
[2026-03-22T17:33:12.473+0900][8.237s][info][gc,metaspace   ] GC(375) Metaspace: 336K(512K)->336K(512K) NonClass: 318K(384K)->318K(384K) Class: 17K(128K)->17K(128K)
[2026-03-22T17:33:12.473+0900][8.237s][info][gc             ] GC(375) Pause Young (Allocation Failure) 249M->203M(501M) 5.141ms
[2026-03-22T17:33:12.473+0900][8.237s][info][gc,cpu         ] GC(375) User=0.00s Sys=0.00s Real=0.01s
[2026-03-22T17:33:12.488+0900][8.252s][info][gc,start       ] GC(376) Pause Young (Allocation Failure)
[2026-03-22T17:33:12.493+0900][8.257s][info][gc,heap        ] GC(376) PSYoungGen: 163057K(163840K)->10496K(163840K) Eden: 152561K(153088K)->0K(153088K) From: 10496K(10752K)->10496K(10752K)
[2026-03-22T17:33:12.493+0900][8.257s][info][gc,heap        ] GC(376) ParOldGen: 197639K(349696K)->291999K(349696K)
[2026-03-22T17:33:12.493+0900][8.257s][info][gc,metaspace   ] GC(376) Metaspace: 336K(512K)->336K(512K) NonClass: 318K(384K)->318K(384K) Class: 17K(128K)->17K(128K)
[2026-03-22T17:33:12.493+0900][8.257s][info][gc             ] GC(376) Pause Young (Allocation Failure) 352M->295M(501M) 4.965ms
[2026-03-22T17:33:12.493+0900][8.257s][info][gc,cpu         ] GC(376) User=0.00s Sys=0.00s Real=0.01s
[2026-03-22T17:33:12.508+0900][8.272s][info][gc,start       ] GC(377) Pause Full (Ergonomics)
[2026-03-22T17:33:12.508+0900][8.272s][info][gc,phases,start] GC(377) Marking Phase
[2026-03-22T17:33:12.509+0900][8.273s][info][gc,phases      ] GC(377) Marking Phase 1.404ms
[2026-03-22T17:33:12.509+0900][8.273s][info][gc,phases,start] GC(377) Summary Phase
[2026-03-22T17:33:12.509+0900][8.273s][info][gc,phases      ] GC(377) Summary Phase 0.017ms
[2026-03-22T17:33:12.509+0900][8.273s][info][gc,phases,start] GC(377) Adjust Roots
[2026-03-22T17:33:12.509+0900][8.274s][info][gc,phases      ] GC(377) Adjust Roots 0.225ms
[2026-03-22T17:33:12.509+0900][8.274s][info][gc,phases,start] GC(377) Compaction Phase
[2026-03-22T17:33:12.515+0900][8.279s][info][gc,phases      ] GC(377) Compaction Phase 5.828ms
[2026-03-22T17:33:12.515+0900][8.279s][info][gc,phases,start] GC(377) Post Compact
[2026-03-22T17:33:12.517+0900][8.281s][info][gc,phases      ] GC(377) Post Compact 1.379ms
[2026-03-22T17:33:12.517+0900][8.281s][info][gc,heap        ] GC(377) PSYoungGen: 163057K(163840K)->0K(163840K) Eden: 152561K(153088K)->0K(153088K) From: 10496K(10752K)->0K(10752K)
[2026-03-22T17:33:12.517+0900][8.281s][info][gc,heap        ] GC(377) ParOldGen: 291999K(349696K)->103430K(349696K)
[2026-03-22T17:33:12.517+0900][8.281s][info][gc,metaspace   ] GC(377) Metaspace: 336K(512K)->336K(512K) NonClass: 318K(384K)->318K(384K) Class: 17K(128K)->17K(128K)
[2026-03-22T17:33:12.517+0900][8.281s][info][gc             ] GC(377) Pause Full (Ergonomics) 444M->101M(501M) 9.087ms
[2026-03-22T17:33:12.517+0900][8.281s][info][gc,cpu         ] GC(377) User=0.02s Sys=0.00s Real=0.01s
[2026-03-22T17:33:12.533+0900][8.298s][info][gc,start       ] GC(378) Pause Young (Allocation Failure)
[2026-03-22T17:33:12.538+0900][8.302s][info][gc,heap        ] GC(378) PSYoungGen: 152561K(163840K)->10496K(163840K) Eden: 152561K(153088K)->0K(153088K) From: 0K(10752K)->10496K(10752K)
[2026-03-22T17:33:12.538+0900][8.303s][info][gc,heap        ] GC(378) ParOldGen: 103430K(349696K)->197639K(349696K)
[2026-03-22T17:33:12.538+0900][8.303s][info][gc,metaspace   ] GC(378) Metaspace: 336K(512K)->336K(512K) NonClass: 318K(384K)->318K(384K) Class: 17K(128K)->17K(128K)
[2026-03-22T17:33:12.538+0900][8.303s][info][gc             ] GC(378) Pause Young (Allocation Failure) 249M->203M(501M) 4.918ms
[2026-03-22T17:33:12.538+0900][8.303s][info][gc,cpu         ] GC(378) User=0.00s Sys=0.00s Real=0.01s
[2026-03-22T17:33:12.555+0900][8.319s][info][gc,start       ] GC(379) Pause Young (Allocation Failure)
[2026-03-22T17:33:12.560+0900][8.324s][info][gc,heap        ] GC(379) PSYoungGen: 163057K(163840K)->10496K(163840K) Eden: 152561K(153088K)->0K(153088K) From: 10496K(10752K)->10496K(10752K)
[2026-03-22T17:33:12.560+0900][8.324s][info][gc,heap        ] GC(379) ParOldGen: 197639K(349696K)->291999K(349696K)
[2026-03-22T17:33:12.560+0900][8.324s][info][gc,metaspace   ] GC(379) Metaspace: 336K(512K)->336K(512K) NonClass: 318K(384K)->318K(384K) Class: 17K(128K)->17K(128K)
[2026-03-22T17:33:12.560+0900][8.324s][info][gc             ] GC(379) Pause Young (Allocation Failure) 352M->295M(501M) 4.956ms
[2026-03-22T17:33:12.560+0900][8.324s][info][gc,cpu         ] GC(379) User=0.06s Sys=0.00s Real=0.00s
[2026-03-22T17:33:12.575+0900][8.339s][info][gc,start       ] GC(380) Pause Full (Ergonomics)
[2026-03-22T17:33:12.575+0900][8.339s][info][gc,phases,start] GC(380) Marking Phase
[2026-03-22T17:33:12.576+0900][8.340s][info][gc,phases      ] GC(380) Marking Phase 1.113ms
[2026-03-22T17:33:12.576+0900][8.340s][info][gc,phases,start] GC(380) Summary Phase
[2026-03-22T17:33:12.576+0900][8.340s][info][gc,phases      ] GC(380) Summary Phase 0.014ms
[2026-03-22T17:33:12.576+0900][8.340s][info][gc,phases,start] GC(380) Adjust Roots
[2026-03-22T17:33:12.576+0900][8.340s][info][gc,phases      ] GC(380) Adjust Roots 0.164ms
[2026-03-22T17:33:12.576+0900][8.340s][info][gc,phases,start] GC(380) Compaction Phase
[2026-03-22T17:33:12.582+0900][8.346s][info][gc,phases      ] GC(380) Compaction Phase 5.622ms
[2026-03-22T17:33:12.582+0900][8.346s][info][gc,phases,start] GC(380) Post Compact
[2026-03-22T17:33:12.583+0900][8.348s][info][gc,phases      ] GC(380) Post Compact 1.445ms
[2026-03-22T17:33:12.583+0900][8.348s][info][gc,heap        ] GC(380) PSYoungGen: 163057K(163840K)->0K(163840K) Eden: 152561K(153088K)->0K(153088K) From: 10496K(10752K)->0K(10752K)
[2026-03-22T17:33:12.583+0900][8.348s][info][gc,heap        ] GC(380) ParOldGen: 291999K(349696K)->103430K(349696K)
[2026-03-22T17:33:12.583+0900][8.348s][info][gc,metaspace   ] GC(380) Metaspace: 336K(512K)->336K(512K) NonClass: 318K(384K)->318K(384K) Class: 17K(128K)->17K(128K)
[2026-03-22T17:33:12.583+0900][8.348s][info][gc             ] GC(380) Pause Full (Ergonomics) 444M->101M(501M) 8.605ms
[2026-03-22T17:33:12.583+0900][8.348s][info][gc,cpu         ] GC(380) User=0.00s Sys=0.00s Real=0.01s
[2026-03-22T17:33:12.598+0900][8.362s][info][gc,start       ] GC(381) Pause Young (Allocation Failure)
[2026-03-22T17:33:12.603+0900][8.367s][info][gc,heap        ] GC(381) PSYoungGen: 152561K(163840K)->10496K(163840K) Eden: 152561K(153088K)->0K(153088K) From: 0K(10752K)->10496K(10752K)
[2026-03-22T17:33:12.603+0900][8.367s][info][gc,heap        ] GC(381) ParOldGen: 103430K(349696K)->197639K(349696K)
[2026-03-22T17:33:12.603+0900][8.367s][info][gc,metaspace   ] GC(381) Metaspace: 336K(512K)->336K(512K) NonClass: 318K(384K)->318K(384K) Class: 17K(128K)->17K(128K)
[2026-03-22T17:33:12.603+0900][8.367s][info][gc             ] GC(381) Pause Young (Allocation Failure) 249M->203M(501M) 5.110ms
[2026-03-22T17:33:12.603+0900][8.367s][info][gc,cpu         ] GC(381) User=0.00s Sys=0.00s Real=0.00s
[2026-03-22T17:33:12.619+0900][8.383s][info][gc,start       ] GC(382) Pause Young (Allocation Failure)
[2026-03-22T17:33:12.624+0900][8.388s][info][gc,heap        ] GC(382) PSYoungGen: 163057K(163840K)->10496K(163840K) Eden: 152561K(153088K)->0K(153088K) From: 10496K(10752K)->10496K(10752K)
[2026-03-22T17:33:12.624+0900][8.388s][info][gc,heap        ] GC(382) ParOldGen: 197639K(349696K)->291999K(349696K)
[2026-03-22T17:33:12.624+0900][8.388s][info][gc,metaspace   ] GC(382) Metaspace: 336K(512K)->336K(512K) NonClass: 318K(384K)->318K(384K) Class: 17K(128K)->17K(128K)
[2026-03-22T17:33:12.624+0900][8.388s][info][gc             ] GC(382) Pause Young (Allocation Failure) 352M->295M(501M) 5.257ms
[2026-03-22T17:33:12.624+0900][8.388s][info][gc,cpu         ] GC(382) User=0.00s Sys=0.00s Real=0.01s
[2026-03-22T17:33:12.642+0900][8.406s][info][gc,start       ] GC(383) Pause Full (Ergonomics)
[2026-03-22T17:33:12.642+0900][8.406s][info][gc,phases,start] GC(383) Marking Phase
[2026-03-22T17:33:12.644+0900][8.408s][info][gc,phases      ] GC(383) Marking Phase 1.346ms
[2026-03-22T17:33:12.644+0900][8.408s][info][gc,phases,start] GC(383) Summary Phase
[2026-03-22T17:33:12.644+0900][8.408s][info][gc,phases      ] GC(383) Summary Phase 0.015ms
[2026-03-22T17:33:12.644+0900][8.408s][info][gc,phases,start] GC(383) Adjust Roots
[2026-03-22T17:33:12.644+0900][8.408s][info][gc,phases      ] GC(383) Adjust Roots 0.253ms
[2026-03-22T17:33:12.644+0900][8.408s][info][gc,phases,start] GC(383) Compaction Phase
[2026-03-22T17:33:12.650+0900][8.414s][info][gc,phases      ] GC(383) Compaction Phase 5.834ms
[2026-03-22T17:33:12.650+0900][8.414s][info][gc,phases,start] GC(383) Post Compact
[2026-03-22T17:33:12.652+0900][8.416s][info][gc,phases      ] GC(383) Post Compact 1.683ms
[2026-03-22T17:33:12.652+0900][8.416s][info][gc,heap        ] GC(383) PSYoungGen: 163057K(163840K)->0K(163840K) Eden: 152561K(153088K)->0K(153088K) From: 10496K(10752K)->0K(10752K)
[2026-03-22T17:33:12.652+0900][8.416s][info][gc,heap        ] GC(383) ParOldGen: 291999K(349696K)->103430K(349696K)
[2026-03-22T17:33:12.652+0900][8.416s][info][gc,metaspace   ] GC(383) Metaspace: 336K(512K)->336K(512K) NonClass: 318K(384K)->318K(384K) Class: 17K(128K)->17K(128K)
[2026-03-22T17:33:12.652+0900][8.416s][info][gc             ] GC(383) Pause Full (Ergonomics) 444M->101M(501M) 9.441ms
[2026-03-22T17:33:12.652+0900][8.416s][info][gc,cpu         ] GC(383) User=0.02s Sys=0.00s Real=0.01s
[2026-03-22T17:33:12.667+0900][8.431s][info][gc,start       ] GC(384) Pause Young (Allocation Failure)
[2026-03-22T17:33:12.672+0900][8.436s][info][gc,heap        ] GC(384) PSYoungGen: 152561K(163840K)->10496K(163840K) Eden: 152561K(153088K)->0K(153088K) From: 0K(10752K)->10496K(10752K)
[2026-03-22T17:33:12.672+0900][8.436s][info][gc,heap        ] GC(384) ParOldGen: 103430K(349696K)->197639K(349696K)
[2026-03-22T17:33:12.672+0900][8.436s][info][gc,metaspace   ] GC(384) Metaspace: 336K(512K)->336K(512K) NonClass: 318K(384K)->318K(384K) Class: 17K(128K)->17K(128K)
[2026-03-22T17:33:12.672+0900][8.436s][info][gc             ] GC(384) Pause Young (Allocation Failure) 249M->203M(501M) 5.029ms
[2026-03-22T17:33:12.672+0900][8.436s][info][gc,cpu         ] GC(384) User=0.00s Sys=0.00s Real=0.00s
[2026-03-22T17:33:12.686+0900][8.450s][info][gc,start       ] GC(385) Pause Young (Allocation Failure)
[2026-03-22T17:33:12.691+0900][8.455s][info][gc,heap        ] GC(385) PSYoungGen: 163057K(163840K)->10496K(163840K) Eden: 152561K(153088K)->0K(153088K) From: 10496K(10752K)->10496K(10752K)
[2026-03-22T17:33:12.691+0900][8.455s][info][gc,heap        ] GC(385) ParOldGen: 197639K(349696K)->291999K(349696K)
[2026-03-22T17:33:12.691+0900][8.455s][info][gc,metaspace   ] GC(385) Metaspace: 336K(512K)->336K(512K) NonClass: 318K(384K)->318K(384K) Class: 17K(128K)->17K(128K)
[2026-03-22T17:33:12.691+0900][8.455s][info][gc             ] GC(385) Pause Young (Allocation Failure) 352M->295M(501M) 5.214ms
[2026-03-22T17:33:12.691+0900][8.455s][info][gc,cpu         ] GC(385) User=0.00s Sys=0.00s Real=0.00s
[2026-03-22T17:33:12.706+0900][8.470s][info][gc,start       ] GC(386) Pause Full (Ergonomics)
[2026-03-22T17:33:12.706+0900][8.470s][info][gc,phases,start] GC(386) Marking Phase
[2026-03-22T17:33:12.708+0900][8.471s][info][gc,phases      ] GC(386) Marking Phase 1.198ms
[2026-03-22T17:33:12.708+0900][8.471s][info][gc,phases,start] GC(386) Summary Phase
[2026-03-22T17:33:12.708+0900][8.471s][info][gc,phases      ] GC(386) Summary Phase 0.015ms
[2026-03-22T17:33:12.708+0900][8.471s][info][gc,phases,start] GC(386) Adjust Roots
[2026-03-22T17:33:12.708+0900][8.472s][info][gc,phases      ] GC(386) Adjust Roots 0.333ms
[2026-03-22T17:33:12.708+0900][8.472s][info][gc,phases,start] GC(386) Compaction Phase
[2026-03-22T17:33:12.716+0900][8.480s][info][gc,phases      ] GC(386) Compaction Phase 7.938ms
[2026-03-22T17:33:12.716+0900][8.480s][info][gc,phases,start] GC(386) Post Compact
[2026-03-22T17:33:12.717+0900][8.482s][info][gc,phases      ] GC(386) Post Compact 1.716ms
[2026-03-22T17:33:12.717+0900][8.482s][info][gc,heap        ] GC(386) PSYoungGen: 163057K(163840K)->0K(163840K) Eden: 152561K(153088K)->0K(153088K) From: 10496K(10752K)->0K(10752K)
[2026-03-22T17:33:12.717+0900][8.482s][info][gc,heap        ] GC(386) ParOldGen: 291999K(349696K)->103195K(349696K)
[2026-03-22T17:33:12.717+0900][8.482s][info][gc,metaspace   ] GC(386) Metaspace: 336K(512K)->336K(512K) NonClass: 318K(384K)->318K(384K) Class: 17K(128K)->17K(128K)
[2026-03-22T17:33:12.717+0900][8.482s][info][gc             ] GC(386) Pause Full (Ergonomics) 444M->100M(501M) 11.621ms
[2026-03-22T17:33:12.717+0900][8.482s][info][gc,cpu         ] GC(386) User=0.05s Sys=0.02s Real=0.01s
[2026-03-22T17:33:12.733+0900][8.498s][info][gc,start       ] GC(387) Pause Young (Allocation Failure)
[2026-03-22T17:33:12.738+0900][8.502s][info][gc,heap        ] GC(387) PSYoungGen: 152561K(163840K)->10496K(163840K) Eden: 152561K(153088K)->0K(153088K) From: 0K(10752K)->10496K(10752K)
[2026-03-22T17:33:12.738+0900][8.502s][info][gc,heap        ] GC(387) ParOldGen: 103195K(349696K)->197403K(349696K)
[2026-03-22T17:33:12.738+0900][8.502s][info][gc,metaspace   ] GC(387) Metaspace: 336K(512K)->336K(512K) NonClass: 318K(384K)->318K(384K) Class: 17K(128K)->17K(128K)
[2026-03-22T17:33:12.738+0900][8.502s][info][gc             ] GC(387) Pause Young (Allocation Failure) 249M->203M(501M) 4.881ms
[2026-03-22T17:33:12.738+0900][8.502s][info][gc,cpu         ] GC(387) User=0.00s Sys=0.00s Real=0.00s
[2026-03-22T17:33:12.754+0900][8.518s][info][gc,start       ] GC(388) Pause Young (Allocation Failure)
[2026-03-22T17:33:12.759+0900][8.524s][info][gc,heap        ] GC(388) PSYoungGen: 163057K(163840K)->10496K(163840K) Eden: 152561K(153088K)->0K(153088K) From: 10496K(10752K)->10496K(10752K)
[2026-03-22T17:33:12.760+0900][8.524s][info][gc,heap        ] GC(388) ParOldGen: 197403K(349696K)->291764K(349696K)
[2026-03-22T17:33:12.760+0900][8.524s][info][gc,metaspace   ] GC(388) Metaspace: 336K(512K)->336K(512K) NonClass: 318K(384K)->318K(384K) Class: 17K(128K)->17K(128K)
[2026-03-22T17:33:12.760+0900][8.524s][info][gc             ] GC(388) Pause Young (Allocation Failure) 352M->295M(501M) 5.354ms
[2026-03-22T17:33:12.760+0900][8.524s][info][gc,cpu         ] GC(388) User=0.00s Sys=0.00s Real=0.01s
[2026-03-22T17:33:12.776+0900][8.540s][info][gc,start       ] GC(389) Pause Full (Ergonomics)
[2026-03-22T17:33:12.776+0900][8.540s][info][gc,phases,start] GC(389) Marking Phase
[2026-03-22T17:33:12.777+0900][8.541s][info][gc,phases      ] GC(389) Marking Phase 1.384ms
[2026-03-22T17:33:12.777+0900][8.541s][info][gc,phases,start] GC(389) Summary Phase
[2026-03-22T17:33:12.777+0900][8.541s][info][gc,phases      ] GC(389) Summary Phase 0.035ms
[2026-03-22T17:33:12.777+0900][8.541s][info][gc,phases,start] GC(389) Adjust Roots
[2026-03-22T17:33:12.778+0900][8.541s][info][gc,phases      ] GC(389) Adjust Roots 0.232ms
[2026-03-22T17:33:12.778+0900][8.541s][info][gc,phases,start] GC(389) Compaction Phase
[2026-03-22T17:33:12.783+0900][8.547s][info][gc,phases      ] GC(389) Compaction Phase 5.649ms
[2026-03-22T17:33:12.783+0900][8.547s][info][gc,phases,start] GC(389) Post Compact
[2026-03-22T17:33:12.785+0900][8.549s][info][gc,phases      ] GC(389) Post Compact 1.438ms
[2026-03-22T17:33:12.785+0900][8.549s][info][gc,heap        ] GC(389) PSYoungGen: 163057K(163840K)->0K(163840K) Eden: 152561K(153088K)->0K(153088K) From: 10496K(10752K)->0K(10752K)
[2026-03-22T17:33:12.785+0900][8.549s][info][gc,heap        ] GC(389) ParOldGen: 291764K(349696K)->103430K(349696K)
[2026-03-22T17:33:12.785+0900][8.549s][info][gc,metaspace   ] GC(389) Metaspace: 336K(512K)->336K(512K) NonClass: 318K(384K)->318K(384K) Class: 17K(128K)->17K(128K)
[2026-03-22T17:33:12.785+0900][8.549s][info][gc             ] GC(389) Pause Full (Ergonomics) 444M->101M(501M) 9.033ms
[2026-03-22T17:33:12.785+0900][8.549s][info][gc,cpu         ] GC(389) User=0.00s Sys=0.00s Real=0.01s
[2026-03-22T17:33:12.800+0900][8.564s][info][gc,start       ] GC(390) Pause Young (Allocation Failure)
[2026-03-22T17:33:12.804+0900][8.569s][info][gc,heap        ] GC(390) PSYoungGen: 152561K(163840K)->10496K(163840K) Eden: 152561K(153088K)->0K(153088K) From: 0K(10752K)->10496K(10752K)
[2026-03-22T17:33:12.805+0900][8.569s][info][gc,heap        ] GC(390) ParOldGen: 103430K(349696K)->197639K(349696K)
[2026-03-22T17:33:12.805+0900][8.569s][info][gc,metaspace   ] GC(390) Metaspace: 336K(512K)->336K(512K) NonClass: 318K(384K)->318K(384K) Class: 17K(128K)->17K(128K)
[2026-03-22T17:33:12.805+0900][8.569s][info][gc             ] GC(390) Pause Young (Allocation Failure) 249M->203M(501M) 4.706ms
[2026-03-22T17:33:12.805+0900][8.569s][info][gc,cpu         ] GC(390) User=0.00s Sys=0.00s Real=0.01s
[2026-03-22T17:33:12.819+0900][8.583s][info][gc,start       ] GC(391) Pause Young (Allocation Failure)
[2026-03-22T17:33:12.824+0900][8.588s][info][gc,heap        ] GC(391) PSYoungGen: 163057K(163840K)->10496K(163840K) Eden: 152561K(153088K)->0K(153088K) From: 10496K(10752K)->10496K(10752K)
[2026-03-22T17:33:12.824+0900][8.588s][info][gc,heap        ] GC(391) ParOldGen: 197639K(349696K)->291999K(349696K)
[2026-03-22T17:33:12.824+0900][8.588s][info][gc,metaspace   ] GC(391) Metaspace: 336K(512K)->336K(512K) NonClass: 318K(384K)->318K(384K) Class: 17K(128K)->17K(128K)
[2026-03-22T17:33:12.824+0900][8.588s][info][gc             ] GC(391) Pause Young (Allocation Failure) 352M->295M(501M) 4.898ms
[2026-03-22T17:33:12.824+0900][8.588s][info][gc,cpu         ] GC(391) User=0.06s Sys=0.00s Real=0.00s
[2026-03-22T17:33:12.841+0900][8.605s][info][gc,start       ] GC(392) Pause Full (Ergonomics)
[2026-03-22T17:33:12.841+0900][8.605s][info][gc,phases,start] GC(392) Marking Phase
[2026-03-22T17:33:12.842+0900][8.606s][info][gc,phases      ] GC(392) Marking Phase 1.418ms
[2026-03-22T17:33:12.842+0900][8.607s][info][gc,phases,start] GC(392) Summary Phase
[2026-03-22T17:33:12.842+0900][8.607s][info][gc,phases      ] GC(392) Summary Phase 0.036ms
[2026-03-22T17:33:12.842+0900][8.607s][info][gc,phases,start] GC(392) Adjust Roots
[2026-03-22T17:33:12.843+0900][8.607s][info][gc,phases      ] GC(392) Adjust Roots 0.368ms
[2026-03-22T17:33:12.843+0900][8.607s][info][gc,phases,start] GC(392) Compaction Phase
[2026-03-22T17:33:12.851+0900][8.615s][info][gc,phases      ] GC(392) Compaction Phase 7.502ms
[2026-03-22T17:33:12.851+0900][8.615s][info][gc,phases,start] GC(392) Post Compact
[2026-03-22T17:33:12.852+0900][8.616s][info][gc,phases      ] GC(392) Post Compact 1.379ms
[2026-03-22T17:33:12.852+0900][8.616s][info][gc,heap        ] GC(392) PSYoungGen: 163057K(163840K)->0K(163840K) Eden: 152561K(153088K)->0K(153088K) From: 10496K(10752K)->0K(10752K)
[2026-03-22T17:33:12.852+0900][8.616s][info][gc,heap        ] GC(392) ParOldGen: 291999K(349696K)->103430K(349696K)
[2026-03-22T17:33:12.852+0900][8.616s][info][gc,metaspace   ] GC(392) Metaspace: 336K(512K)->336K(512K) NonClass: 318K(384K)->318K(384K) Class: 17K(128K)->17K(128K)
[2026-03-22T17:33:12.852+0900][8.616s][info][gc             ] GC(392) Pause Full (Ergonomics) 444M->101M(501M) 11.135ms
[2026-03-22T17:33:12.852+0900][8.616s][info][gc,cpu         ] GC(392) User=0.00s Sys=0.00s Real=0.01s
[2026-03-22T17:33:12.868+0900][8.633s][info][gc,start       ] GC(393) Pause Young (Allocation Failure)
[2026-03-22T17:33:12.873+0900][8.637s][info][gc,heap        ] GC(393) PSYoungGen: 152561K(163840K)->10496K(163840K) Eden: 152561K(153088K)->0K(153088K) From: 0K(10752K)->10496K(10752K)
[2026-03-22T17:33:12.873+0900][8.637s][info][gc,heap        ] GC(393) ParOldGen: 103430K(349696K)->197639K(349696K)
[2026-03-22T17:33:12.873+0900][8.637s][info][gc,metaspace   ] GC(393) Metaspace: 336K(512K)->336K(512K) NonClass: 318K(384K)->318K(384K) Class: 17K(128K)->17K(128K)
[2026-03-22T17:33:12.873+0900][8.638s][info][gc             ] GC(393) Pause Young (Allocation Failure) 249M->203M(501M) 4.878ms
[2026-03-22T17:33:12.873+0900][8.638s][info][gc,cpu         ] GC(393) User=0.02s Sys=0.00s Real=0.00s
[2026-03-22T17:33:12.889+0900][8.653s][info][gc,start       ] GC(394) Pause Young (Allocation Failure)
[2026-03-22T17:33:12.893+0900][8.658s][info][gc,heap        ] GC(394) PSYoungGen: 163057K(163840K)->10496K(163840K) Eden: 152561K(153088K)->0K(153088K) From: 10496K(10752K)->10496K(10752K)
[2026-03-22T17:33:12.893+0900][8.658s][info][gc,heap        ] GC(394) ParOldGen: 197639K(349696K)->291999K(349696K)
[2026-03-22T17:33:12.893+0900][8.658s][info][gc,metaspace   ] GC(394) Metaspace: 336K(512K)->336K(512K) NonClass: 318K(384K)->318K(384K) Class: 17K(128K)->17K(128K)
[2026-03-22T17:33:12.893+0900][8.658s][info][gc             ] GC(394) Pause Young (Allocation Failure) 352M->295M(501M) 4.759ms
[2026-03-22T17:33:12.893+0900][8.658s][info][gc,cpu         ] GC(394) User=0.00s Sys=0.00s Real=0.00s
[2026-03-22T17:33:12.909+0900][8.673s][info][gc,start       ] GC(395) Pause Full (Ergonomics)
[2026-03-22T17:33:12.909+0900][8.673s][info][gc,phases,start] GC(395) Marking Phase
[2026-03-22T17:33:12.910+0900][8.674s][info][gc,phases      ] GC(395) Marking Phase 1.046ms
[2026-03-22T17:33:12.910+0900][8.674s][info][gc,phases,start] GC(395) Summary Phase
[2026-03-22T17:33:12.910+0900][8.674s][info][gc,phases      ] GC(395) Summary Phase 0.016ms
[2026-03-22T17:33:12.910+0900][8.674s][info][gc,phases,start] GC(395) Adjust Roots
[2026-03-22T17:33:12.910+0900][8.674s][info][gc,phases      ] GC(395) Adjust Roots 0.191ms
[2026-03-22T17:33:12.910+0900][8.674s][info][gc,phases,start] GC(395) Compaction Phase
[2026-03-22T17:33:12.917+0900][8.681s][info][gc,phases      ] GC(395) Compaction Phase 6.614ms
[2026-03-22T17:33:12.917+0900][8.681s][info][gc,phases,start] GC(395) Post Compact
[2026-03-22T17:33:12.918+0900][8.682s][info][gc,phases      ] GC(395) Post Compact 1.404ms
[2026-03-22T17:33:12.918+0900][8.682s][info][gc,heap        ] GC(395) PSYoungGen: 163057K(163840K)->0K(163840K) Eden: 152561K(153088K)->0K(153088K) From: 10496K(10752K)->0K(10752K)
[2026-03-22T17:33:12.918+0900][8.682s][info][gc,heap        ] GC(395) ParOldGen: 291999K(349696K)->103430K(349696K)
[2026-03-22T17:33:12.918+0900][8.682s][info][gc,metaspace   ] GC(395) Metaspace: 336K(512K)->336K(512K) NonClass: 318K(384K)->318K(384K) Class: 17K(128K)->17K(128K)
[2026-03-22T17:33:12.918+0900][8.682s][info][gc             ] GC(395) Pause Full (Ergonomics) 444M->101M(501M) 9.621ms
[2026-03-22T17:33:12.918+0900][8.682s][info][gc,cpu         ] GC(395) User=0.06s Sys=0.00s Real=0.01s
[2026-03-22T17:33:12.934+0900][8.698s][info][gc,start       ] GC(396) Pause Young (Allocation Failure)
[2026-03-22T17:33:12.938+0900][8.702s][info][gc,heap        ] GC(396) PSYoungGen: 152561K(163840K)->10496K(163840K) Eden: 152561K(153088K)->0K(153088K) From: 0K(10752K)->10496K(10752K)
[2026-03-22T17:33:12.939+0900][8.702s][info][gc,heap        ] GC(396) ParOldGen: 103430K(349696K)->197639K(349696K)
[2026-03-22T17:33:12.939+0900][8.702s][info][gc,metaspace   ] GC(396) Metaspace: 336K(512K)->336K(512K) NonClass: 318K(384K)->318K(384K) Class: 17K(128K)->17K(128K)
[2026-03-22T17:33:12.939+0900][8.702s][info][gc             ] GC(396) Pause Young (Allocation Failure) 249M->203M(501M) 4.823ms
[2026-03-22T17:33:12.939+0900][8.702s][info][gc,cpu         ] GC(396) User=0.00s Sys=0.00s Real=0.00s
[2026-03-22T17:33:12.953+0900][8.717s][info][gc,start       ] GC(397) Pause Young (Allocation Failure)
[2026-03-22T17:33:12.958+0900][8.722s][info][gc,heap        ] GC(397) PSYoungGen: 163057K(163840K)->10496K(163840K) Eden: 152561K(153088K)->0K(153088K) From: 10496K(10752K)->10496K(10752K)
[2026-03-22T17:33:12.958+0900][8.722s][info][gc,heap        ] GC(397) ParOldGen: 197639K(349696K)->291999K(349696K)
[2026-03-22T17:33:12.958+0900][8.722s][info][gc,metaspace   ] GC(397) Metaspace: 336K(512K)->336K(512K) NonClass: 318K(384K)->318K(384K) Class: 17K(128K)->17K(128K)
[2026-03-22T17:33:12.958+0900][8.722s][info][gc             ] GC(397) Pause Young (Allocation Failure) 352M->295M(501M) 4.992ms
[2026-03-22T17:33:12.958+0900][8.722s][info][gc,cpu         ] GC(397) User=0.00s Sys=0.00s Real=0.00s
[2026-03-22T17:33:12.973+0900][8.737s][info][gc,start       ] GC(398) Pause Full (Ergonomics)
[2026-03-22T17:33:12.973+0900][8.737s][info][gc,phases,start] GC(398) Marking Phase
[2026-03-22T17:33:12.974+0900][8.738s][info][gc,phases      ] GC(398) Marking Phase 1.081ms
[2026-03-22T17:33:12.974+0900][8.738s][info][gc,phases,start] GC(398) Summary Phase
[2026-03-22T17:33:12.974+0900][8.738s][info][gc,phases      ] GC(398) Summary Phase 0.015ms
[2026-03-22T17:33:12.974+0900][8.738s][info][gc,phases,start] GC(398) Adjust Roots
[2026-03-22T17:33:12.974+0900][8.738s][info][gc,phases      ] GC(398) Adjust Roots 0.202ms
[2026-03-22T17:33:12.974+0900][8.738s][info][gc,phases,start] GC(398) Compaction Phase
[2026-03-22T17:33:12.980+0900][8.744s][info][gc,phases      ] GC(398) Compaction Phase 5.715ms
[2026-03-22T17:33:12.980+0900][8.744s][info][gc,phases,start] GC(398) Post Compact
[2026-03-22T17:33:12.982+0900][8.745s][info][gc,phases      ] GC(398) Post Compact 1.363ms
[2026-03-22T17:33:12.982+0900][8.745s][info][gc,heap        ] GC(398) PSYoungGen: 163057K(163840K)->0K(163840K) Eden: 152561K(153088K)->0K(153088K) From: 10496K(10752K)->0K(10752K)
[2026-03-22T17:33:12.982+0900][8.745s][info][gc,heap        ] GC(398) ParOldGen: 291999K(349696K)->103430K(349696K)
[2026-03-22T17:33:12.982+0900][8.745s][info][gc,metaspace   ] GC(398) Metaspace: 336K(512K)->336K(512K) NonClass: 318K(384K)->318K(384K) Class: 17K(128K)->17K(128K)
[2026-03-22T17:33:12.982+0900][8.745s][info][gc             ] GC(398) Pause Full (Ergonomics) 444M->101M(501M) 8.613ms
[2026-03-22T17:33:12.982+0900][8.745s][info][gc,cpu         ] GC(398) User=0.06s Sys=0.00s Real=0.01s
[2026-03-22T17:33:13.000+0900][8.764s][info][gc,start       ] GC(399) Pause Young (Allocation Failure)
[2026-03-22T17:33:13.005+0900][8.768s][info][gc,heap        ] GC(399) PSYoungGen: 152561K(163840K)->10496K(163840K) Eden: 152561K(153088K)->0K(153088K) From: 0K(10752K)->10496K(10752K)
[2026-03-22T17:33:13.005+0900][8.769s][info][gc,heap        ] GC(399) ParOldGen: 103430K(349696K)->197639K(349696K)
[2026-03-22T17:33:13.005+0900][8.769s][info][gc,metaspace   ] GC(399) Metaspace: 336K(512K)->336K(512K) NonClass: 318K(384K)->318K(384K) Class: 17K(128K)->17K(128K)
[2026-03-22T17:33:13.005+0900][8.769s][info][gc             ] GC(399) Pause Young (Allocation Failure) 249M->203M(501M) 5.187ms
[2026-03-22T17:33:13.005+0900][8.769s][info][gc,cpu         ] GC(399) User=0.00s Sys=0.00s Real=0.01s
[2026-03-22T17:33:13.019+0900][8.783s][info][gc,start       ] GC(400) Pause Young (Allocation Failure)
[2026-03-22T17:33:13.024+0900][8.788s][info][gc,heap        ] GC(400) PSYoungGen: 163057K(163840K)->10496K(163840K) Eden: 152561K(153088K)->0K(153088K) From: 10496K(10752K)->10496K(10752K)
[2026-03-22T17:33:13.024+0900][8.788s][info][gc,heap        ] GC(400) ParOldGen: 197639K(349696K)->291999K(349696K)
[2026-03-22T17:33:13.024+0900][8.788s][info][gc,metaspace   ] GC(400) Metaspace: 336K(512K)->336K(512K) NonClass: 318K(384K)->318K(384K) Class: 17K(128K)->17K(128K)
[2026-03-22T17:33:13.024+0900][8.788s][info][gc             ] GC(400) Pause Young (Allocation Failure) 352M->295M(501M) 4.995ms
[2026-03-22T17:33:13.024+0900][8.788s][info][gc,cpu         ] GC(400) User=0.00s Sys=0.00s Real=0.00s
[2026-03-22T17:33:13.040+0900][8.804s][info][gc,start       ] GC(401) Pause Full (Ergonomics)
[2026-03-22T17:33:13.040+0900][8.804s][info][gc,phases,start] GC(401) Marking Phase
[2026-03-22T17:33:13.041+0900][8.806s][info][gc,phases      ] GC(401) Marking Phase 1.177ms
[2026-03-22T17:33:13.041+0900][8.806s][info][gc,phases,start] GC(401) Summary Phase
[2026-03-22T17:33:13.041+0900][8.806s][info][gc,phases      ] GC(401) Summary Phase 0.016ms
[2026-03-22T17:33:13.041+0900][8.806s][info][gc,phases,start] GC(401) Adjust Roots
[2026-03-22T17:33:13.042+0900][8.806s][info][gc,phases      ] GC(401) Adjust Roots 0.274ms
[2026-03-22T17:33:13.042+0900][8.806s][info][gc,phases,start] GC(401) Compaction Phase
[2026-03-22T17:33:13.048+0900][8.812s][info][gc,phases      ] GC(401) Compaction Phase 6.254ms
[2026-03-22T17:33:13.048+0900][8.812s][info][gc,phases,start] GC(401) Post Compact
[2026-03-22T17:33:13.050+0900][8.814s][info][gc,phases      ] GC(401) Post Compact 1.987ms
[2026-03-22T17:33:13.050+0900][8.814s][info][gc,heap        ] GC(401) PSYoungGen: 163057K(163840K)->0K(163840K) Eden: 152561K(153088K)->0K(153088K) From: 10496K(10752K)->0K(10752K)
[2026-03-22T17:33:13.050+0900][8.814s][info][gc,heap        ] GC(401) ParOldGen: 291999K(349696K)->103430K(349696K)
[2026-03-22T17:33:13.050+0900][8.814s][info][gc,metaspace   ] GC(401) Metaspace: 336K(512K)->336K(512K) NonClass: 318K(384K)->318K(384K) Class: 17K(128K)->17K(128K)
[2026-03-22T17:33:13.050+0900][8.814s][info][gc             ] GC(401) Pause Full (Ergonomics) 444M->101M(501M) 10.077ms
[2026-03-22T17:33:13.050+0900][8.814s][info][gc,cpu         ] GC(401) User=0.06s Sys=0.00s Real=0.01s
[2026-03-22T17:33:13.067+0900][8.832s][info][gc,start       ] GC(402) Pause Young (Allocation Failure)
[2026-03-22T17:33:13.081+0900][8.845s][info][gc,heap        ] GC(402) PSYoungGen: 152561K(163840K)->10496K(163840K) Eden: 152561K(153088K)->0K(153088K) From: 0K(10752K)->10496K(10752K)
[2026-03-22T17:33:13.081+0900][8.845s][info][gc,heap        ] GC(402) ParOldGen: 103430K(349696K)->197639K(349696K)
[2026-03-22T17:33:13.081+0900][8.845s][info][gc,metaspace   ] GC(402) Metaspace: 336K(512K)->336K(512K) NonClass: 318K(384K)->318K(384K) Class: 17K(128K)->17K(128K)
[2026-03-22T17:33:13.081+0900][8.845s][info][gc             ] GC(402) Pause Young (Allocation Failure) 249M->203M(501M) 13.324ms
[2026-03-22T17:33:13.082+0900][8.845s][info][gc,cpu         ] GC(402) User=0.00s Sys=0.00s Real=0.02s
[2026-03-22T17:33:13.097+0900][8.861s][info][gc,start       ] GC(403) Pause Young (Allocation Failure)
[2026-03-22T17:33:13.102+0900][8.866s][info][gc,heap        ] GC(403) PSYoungGen: 163057K(163840K)->10496K(163840K) Eden: 152561K(153088K)->0K(153088K) From: 10496K(10752K)->10496K(10752K)
[2026-03-22T17:33:13.102+0900][8.866s][info][gc,heap        ] GC(403) ParOldGen: 197639K(349696K)->291999K(349696K)
[2026-03-22T17:33:13.102+0900][8.866s][info][gc,metaspace   ] GC(403) Metaspace: 336K(512K)->336K(512K) NonClass: 318K(384K)->318K(384K) Class: 17K(128K)->17K(128K)
[2026-03-22T17:33:13.102+0900][8.866s][info][gc             ] GC(403) Pause Young (Allocation Failure) 352M->295M(501M) 4.963ms
[2026-03-22T17:33:13.102+0900][8.866s][info][gc,cpu         ] GC(403) User=0.00s Sys=0.00s Real=0.01s
[2026-03-22T17:33:13.119+0900][8.883s][info][gc,start       ] GC(404) Pause Full (Ergonomics)
[2026-03-22T17:33:13.119+0900][8.883s][info][gc,phases,start] GC(404) Marking Phase
[2026-03-22T17:33:13.121+0900][8.884s][info][gc,phases      ] GC(404) Marking Phase 1.372ms
[2026-03-22T17:33:13.121+0900][8.884s][info][gc,phases,start] GC(404) Summary Phase
[2026-03-22T17:33:13.121+0900][8.884s][info][gc,phases      ] GC(404) Summary Phase 0.018ms
[2026-03-22T17:33:13.121+0900][8.884s][info][gc,phases,start] GC(404) Adjust Roots
[2026-03-22T17:33:13.121+0900][8.885s][info][gc,phases      ] GC(404) Adjust Roots 0.271ms
[2026-03-22T17:33:13.121+0900][8.885s][info][gc,phases,start] GC(404) Compaction Phase
[2026-03-22T17:33:13.127+0900][8.891s][info][gc,phases      ] GC(404) Compaction Phase 6.390ms
[2026-03-22T17:33:13.127+0900][8.891s][info][gc,phases,start] GC(404) Post Compact
[2026-03-22T17:33:13.129+0900][8.893s][info][gc,phases      ] GC(404) Post Compact 1.560ms
[2026-03-22T17:33:13.129+0900][8.893s][info][gc,heap        ] GC(404) PSYoungGen: 163057K(163840K)->0K(163840K) Eden: 152561K(153088K)->0K(153088K) From: 10496K(10752K)->0K(10752K)
[2026-03-22T17:33:13.129+0900][8.893s][info][gc,heap        ] GC(404) ParOldGen: 291999K(349696K)->103430K(349696K)
[2026-03-22T17:33:13.129+0900][8.893s][info][gc,metaspace   ] GC(404) Metaspace: 336K(512K)->336K(512K) NonClass: 318K(384K)->318K(384K) Class: 17K(128K)->17K(128K)
[2026-03-22T17:33:13.129+0900][8.893s][info][gc             ] GC(404) Pause Full (Ergonomics) 444M->101M(501M) 10.001ms
[2026-03-22T17:33:13.129+0900][8.893s][info][gc,cpu         ] GC(404) User=0.00s Sys=0.00s Real=0.01s
[2026-03-22T17:33:13.146+0900][8.910s][info][gc,start       ] GC(405) Pause Young (Allocation Failure)
[2026-03-22T17:33:13.151+0900][8.915s][info][gc,heap        ] GC(405) PSYoungGen: 152561K(163840K)->10496K(163840K) Eden: 152561K(153088K)->0K(153088K) From: 0K(10752K)->10496K(10752K)
[2026-03-22T17:33:13.151+0900][8.915s][info][gc,heap        ] GC(405) ParOldGen: 103430K(349696K)->197639K(349696K)
[2026-03-22T17:33:13.151+0900][8.915s][info][gc,metaspace   ] GC(405) Metaspace: 336K(512K)->336K(512K) NonClass: 318K(384K)->318K(384K) Class: 17K(128K)->17K(128K)
[2026-03-22T17:33:13.151+0900][8.915s][info][gc             ] GC(405) Pause Young (Allocation Failure) 249M->203M(501M) 4.993ms
[2026-03-22T17:33:13.151+0900][8.915s][info][gc,cpu         ] GC(405) User=0.06s Sys=0.00s Real=0.01s
[2026-03-22T17:33:13.167+0900][8.931s][info][gc,start       ] GC(406) Pause Young (Allocation Failure)
[2026-03-22T17:33:13.173+0900][8.936s][info][gc,heap        ] GC(406) PSYoungGen: 163057K(163840K)->10496K(163840K) Eden: 152561K(153088K)->0K(153088K) From: 10496K(10752K)->10496K(10752K)
[2026-03-22T17:33:13.173+0900][8.936s][info][gc,heap        ] GC(406) ParOldGen: 197639K(349696K)->291999K(349696K)
[2026-03-22T17:33:13.173+0900][8.937s][info][gc,metaspace   ] GC(406) Metaspace: 336K(512K)->336K(512K) NonClass: 318K(384K)->318K(384K) Class: 17K(128K)->17K(128K)
[2026-03-22T17:33:13.173+0900][8.937s][info][gc             ] GC(406) Pause Young (Allocation Failure) 352M->295M(501M) 5.269ms
[2026-03-22T17:33:13.173+0900][8.937s][info][gc,cpu         ] GC(406) User=0.00s Sys=0.00s Real=0.01s
[2026-03-22T17:33:13.189+0900][8.953s][info][gc,start       ] GC(407) Pause Full (Ergonomics)
[2026-03-22T17:33:13.189+0900][8.953s][info][gc,phases,start] GC(407) Marking Phase
[2026-03-22T17:33:13.190+0900][8.954s][info][gc,phases      ] GC(407) Marking Phase 1.361ms
[2026-03-22T17:33:13.190+0900][8.954s][info][gc,phases,start] GC(407) Summary Phase
[2026-03-22T17:33:13.190+0900][8.954s][info][gc,phases      ] GC(407) Summary Phase 0.029ms
[2026-03-22T17:33:13.190+0900][8.954s][info][gc,phases,start] GC(407) Adjust Roots
[2026-03-22T17:33:13.191+0900][8.955s][info][gc,phases      ] GC(407) Adjust Roots 0.557ms
[2026-03-22T17:33:13.191+0900][8.955s][info][gc,phases,start] GC(407) Compaction Phase
[2026-03-22T17:33:13.197+0900][8.961s][info][gc,phases      ] GC(407) Compaction Phase 6.227ms
[2026-03-22T17:33:13.197+0900][8.961s][info][gc,phases,start] GC(407) Post Compact
[2026-03-22T17:33:13.199+0900][8.963s][info][gc,phases      ] GC(407) Post Compact 1.653ms
[2026-03-22T17:33:13.199+0900][8.963s][info][gc,heap        ] GC(407) PSYoungGen: 163057K(163840K)->0K(163840K) Eden: 152561K(153088K)->0K(153088K) From: 10496K(10752K)->0K(10752K)
[2026-03-22T17:33:13.199+0900][8.963s][info][gc,heap        ] GC(407) ParOldGen: 291999K(349696K)->103430K(349696K)
[2026-03-22T17:33:13.199+0900][8.963s][info][gc,metaspace   ] GC(407) Metaspace: 336K(512K)->336K(512K) NonClass: 318K(384K)->318K(384K) Class: 17K(128K)->17K(128K)
[2026-03-22T17:33:13.199+0900][8.963s][info][gc             ] GC(407) Pause Full (Ergonomics) 444M->101M(501M) 10.189ms
[2026-03-22T17:33:13.199+0900][8.963s][info][gc,cpu         ] GC(407) User=0.05s Sys=0.00s Real=0.01s
[2026-03-22T17:33:13.215+0900][8.979s][info][gc,start       ] GC(408) Pause Young (Allocation Failure)
[2026-03-22T17:33:13.220+0900][8.984s][info][gc,heap        ] GC(408) PSYoungGen: 152561K(163840K)->10496K(163840K) Eden: 152561K(153088K)->0K(153088K) From: 0K(10752K)->10496K(10752K)
[2026-03-22T17:33:13.220+0900][8.984s][info][gc,heap        ] GC(408) ParOldGen: 103430K(349696K)->197639K(349696K)
[2026-03-22T17:33:13.220+0900][8.984s][info][gc,metaspace   ] GC(408) Metaspace: 336K(512K)->336K(512K) NonClass: 318K(384K)->318K(384K) Class: 17K(128K)->17K(128K)
[2026-03-22T17:33:13.220+0900][8.984s][info][gc             ] GC(408) Pause Young (Allocation Failure) 249M->203M(501M) 4.777ms
[2026-03-22T17:33:13.220+0900][8.984s][info][gc,cpu         ] GC(408) User=0.00s Sys=0.00s Real=0.01s
[2026-03-22T17:33:13.236+0900][9.000s][info][gc,start       ] GC(409) Pause Young (Allocation Failure)
[2026-03-22T17:33:13.241+0900][9.006s][info][gc,heap        ] GC(409) PSYoungGen: 163057K(163840K)->10496K(163840K) Eden: 152561K(153088K)->0K(153088K) From: 10496K(10752K)->10496K(10752K)
[2026-03-22T17:33:13.241+0900][9.006s][info][gc,heap        ] GC(409) ParOldGen: 197639K(349696K)->291999K(349696K)
[2026-03-22T17:33:13.241+0900][9.006s][info][gc,metaspace   ] GC(409) Metaspace: 336K(512K)->336K(512K) NonClass: 318K(384K)->318K(384K) Class: 17K(128K)->17K(128K)
[2026-03-22T17:33:13.241+0900][9.006s][info][gc             ] GC(409) Pause Young (Allocation Failure) 352M->295M(501M) 5.471ms
[2026-03-22T17:33:13.241+0900][9.006s][info][gc,cpu         ] GC(409) User=0.00s Sys=0.00s Real=0.00s
[2026-03-22T17:33:13.258+0900][9.022s][info][gc,start       ] GC(410) Pause Full (Ergonomics)
[2026-03-22T17:33:13.258+0900][9.022s][info][gc,phases,start] GC(410) Marking Phase
[2026-03-22T17:33:13.259+0900][9.023s][info][gc,phases      ] GC(410) Marking Phase 1.246ms
[2026-03-22T17:33:13.259+0900][9.023s][info][gc,phases,start] GC(410) Summary Phase
[2026-03-22T17:33:13.259+0900][9.023s][info][gc,phases      ] GC(410) Summary Phase 0.015ms
[2026-03-22T17:33:13.259+0900][9.023s][info][gc,phases,start] GC(410) Adjust Roots
[2026-03-22T17:33:13.260+0900][9.024s][info][gc,phases      ] GC(410) Adjust Roots 0.189ms
[2026-03-22T17:33:13.260+0900][9.024s][info][gc,phases,start] GC(410) Compaction Phase
[2026-03-22T17:33:13.265+0900][9.029s][info][gc,phases      ] GC(410) Compaction Phase 5.640ms
[2026-03-22T17:33:13.265+0900][9.029s][info][gc,phases,start] GC(410) Post Compact
[2026-03-22T17:33:13.267+0900][9.031s][info][gc,phases      ] GC(410) Post Compact 1.376ms
[2026-03-22T17:33:13.267+0900][9.031s][info][gc,heap        ] GC(410) PSYoungGen: 163057K(163840K)->0K(163840K) Eden: 152561K(153088K)->0K(153088K) From: 10496K(10752K)->0K(10752K)
[2026-03-22T17:33:13.267+0900][9.031s][info][gc,heap        ] GC(410) ParOldGen: 291999K(349696K)->103430K(349696K)
[2026-03-22T17:33:13.267+0900][9.031s][info][gc,metaspace   ] GC(410) Metaspace: 336K(512K)->336K(512K) NonClass: 318K(384K)->318K(384K) Class: 17K(128K)->17K(128K)
[2026-03-22T17:33:13.267+0900][9.031s][info][gc             ] GC(410) Pause Full (Ergonomics) 444M->101M(501M) 8.724ms
[2026-03-22T17:33:13.267+0900][9.031s][info][gc,cpu         ] GC(410) User=0.02s Sys=0.00s Real=0.01s
[2026-03-22T17:33:13.282+0900][9.046s][info][gc,start       ] GC(411) Pause Young (Allocation Failure)
[2026-03-22T17:33:13.287+0900][9.051s][info][gc,heap        ] GC(411) PSYoungGen: 152561K(163840K)->10496K(163840K) Eden: 152561K(153088K)->0K(153088K) From: 0K(10752K)->10496K(10752K)
[2026-03-22T17:33:13.287+0900][9.051s][info][gc,heap        ] GC(411) ParOldGen: 103430K(349696K)->197639K(349696K)
[2026-03-22T17:33:13.287+0900][9.051s][info][gc,metaspace   ] GC(411) Metaspace: 336K(512K)->336K(512K) NonClass: 318K(384K)->318K(384K) Class: 17K(128K)->17K(128K)
[2026-03-22T17:33:13.287+0900][9.051s][info][gc             ] GC(411) Pause Young (Allocation Failure) 249M->203M(501M) 5.056ms
[2026-03-22T17:33:13.287+0900][9.051s][info][gc,cpu         ] GC(411) User=0.00s Sys=0.00s Real=0.00s
[2026-03-22T17:33:13.301+0900][9.065s][info][gc,start       ] GC(412) Pause Young (Allocation Failure)
[2026-03-22T17:33:13.307+0900][9.071s][info][gc,heap        ] GC(412) PSYoungGen: 163057K(163840K)->10496K(163840K) Eden: 152561K(153088K)->0K(153088K) From: 10496K(10752K)->10496K(10752K)
[2026-03-22T17:33:13.307+0900][9.071s][info][gc,heap        ] GC(412) ParOldGen: 197639K(349696K)->291999K(349696K)
[2026-03-22T17:33:13.307+0900][9.071s][info][gc,metaspace   ] GC(412) Metaspace: 336K(512K)->336K(512K) NonClass: 318K(384K)->318K(384K) Class: 17K(128K)->17K(128K)
[2026-03-22T17:33:13.307+0900][9.071s][info][gc             ] GC(412) Pause Young (Allocation Failure) 352M->295M(501M) 5.978ms
[2026-03-22T17:33:13.307+0900][9.071s][info][gc,cpu         ] GC(412) User=0.06s Sys=0.00s Real=0.01s
[2026-03-22T17:33:13.322+0900][9.085s][info][gc,start       ] GC(413) Pause Full (Ergonomics)
[2026-03-22T17:33:13.322+0900][9.085s][info][gc,phases,start] GC(413) Marking Phase
[2026-03-22T17:33:13.322+0900][9.087s][info][gc,phases      ] GC(413) Marking Phase 1.409ms
[2026-03-22T17:33:13.322+0900][9.087s][info][gc,phases,start] GC(413) Summary Phase
[2026-03-22T17:33:13.322+0900][9.087s][info][gc,phases      ] GC(413) Summary Phase 0.015ms
[2026-03-22T17:33:13.322+0900][9.087s][info][gc,phases,start] GC(413) Adjust Roots
[2026-03-22T17:33:13.323+0900][9.087s][info][gc,phases      ] GC(413) Adjust Roots 0.221ms
[2026-03-22T17:33:13.323+0900][9.087s][info][gc,phases,start] GC(413) Compaction Phase
[2026-03-22T17:33:13.330+0900][9.094s][info][gc,phases      ] GC(413) Compaction Phase 6.761ms
[2026-03-22T17:33:13.330+0900][9.094s][info][gc,phases,start] GC(413) Post Compact
[2026-03-22T17:33:13.332+0900][9.096s][info][gc,phases      ] GC(413) Post Compact 1.941ms
[2026-03-22T17:33:13.332+0900][9.096s][info][gc,heap        ] GC(413) PSYoungGen: 163057K(163840K)->0K(163840K) Eden: 152561K(153088K)->0K(153088K) From: 10496K(10752K)->0K(10752K)
[2026-03-22T17:33:13.332+0900][9.096s][info][gc,heap        ] GC(413) ParOldGen: 291999K(349696K)->103430K(349696K)
[2026-03-22T17:33:13.332+0900][9.096s][info][gc,metaspace   ] GC(413) Metaspace: 336K(512K)->336K(512K) NonClass: 318K(384K)->318K(384K) Class: 17K(128K)->17K(128K)
[2026-03-22T17:33:13.332+0900][9.096s][info][gc             ] GC(413) Pause Full (Ergonomics) 444M->101M(501M) 10.649ms
[2026-03-22T17:33:13.332+0900][9.096s][info][gc,cpu         ] GC(413) User=0.06s Sys=0.00s Real=0.01s
[2026-03-22T17:33:13.346+0900][9.110s][info][gc,start       ] GC(414) Pause Young (Allocation Failure)
[2026-03-22T17:33:13.352+0900][9.115s][info][gc,heap        ] GC(414) PSYoungGen: 152561K(163840K)->10496K(163840K) Eden: 152561K(153088K)->0K(153088K) From: 0K(10752K)->10496K(10752K)
[2026-03-22T17:33:13.352+0900][9.115s][info][gc,heap        ] GC(414) ParOldGen: 103430K(349696K)->197639K(349696K)
[2026-03-22T17:33:13.352+0900][9.116s][info][gc,metaspace   ] GC(414) Metaspace: 336K(512K)->336K(512K) NonClass: 318K(384K)->318K(384K) Class: 17K(128K)->17K(128K)
[2026-03-22T17:33:13.352+0900][9.116s][info][gc             ] GC(414) Pause Young (Allocation Failure) 249M->203M(501M) 5.139ms
[2026-03-22T17:33:13.352+0900][9.116s][info][gc,cpu         ] GC(414) User=0.00s Sys=0.00s Real=0.01s
[2026-03-22T17:33:13.369+0900][9.133s][info][gc,start       ] GC(415) Pause Young (Allocation Failure)
[2026-03-22T17:33:13.374+0900][9.138s][info][gc,heap        ] GC(415) PSYoungGen: 163057K(163840K)->10496K(163840K) Eden: 152561K(153088K)->0K(153088K) From: 10496K(10752K)->10496K(10752K)
[2026-03-22T17:33:13.374+0900][9.138s][info][gc,heap        ] GC(415) ParOldGen: 197639K(349696K)->291999K(349696K)
[2026-03-22T17:33:13.374+0900][9.138s][info][gc,metaspace   ] GC(415) Metaspace: 336K(512K)->336K(512K) NonClass: 318K(384K)->318K(384K) Class: 17K(128K)->17K(128K)
[2026-03-22T17:33:13.374+0900][9.138s][info][gc             ] GC(415) Pause Young (Allocation Failure) 352M->295M(501M) 5.293ms
[2026-03-22T17:33:13.374+0900][9.138s][info][gc,cpu         ] GC(415) User=0.00s Sys=0.00s Real=0.01s
[2026-03-22T17:33:13.390+0900][9.153s][info][gc,start       ] GC(416) Pause Full (Ergonomics)
[2026-03-22T17:33:13.390+0900][9.153s][info][gc,phases,start] GC(416) Marking Phase
[2026-03-22T17:33:13.391+0900][9.155s][info][gc,phases      ] GC(416) Marking Phase 1.194ms
[2026-03-22T17:33:13.391+0900][9.155s][info][gc,phases,start] GC(416) Summary Phase
[2026-03-22T17:33:13.391+0900][9.155s][info][gc,phases      ] GC(416) Summary Phase 0.014ms
[2026-03-22T17:33:13.391+0900][9.155s][info][gc,phases,start] GC(416) Adjust Roots
[2026-03-22T17:33:13.391+0900][9.155s][info][gc,phases      ] GC(416) Adjust Roots 0.202ms
[2026-03-22T17:33:13.391+0900][9.155s][info][gc,phases,start] GC(416) Compaction Phase
[2026-03-22T17:33:13.397+0900][9.161s][info][gc,phases      ] GC(416) Compaction Phase 5.817ms
[2026-03-22T17:33:13.397+0900][9.161s][info][gc,phases,start] GC(416) Post Compact
[2026-03-22T17:33:13.398+0900][9.163s][info][gc,phases      ] GC(416) Post Compact 1.769ms
[2026-03-22T17:33:13.398+0900][9.163s][info][gc,heap        ] GC(416) PSYoungGen: 163057K(163840K)->0K(163840K) Eden: 152561K(153088K)->0K(153088K) From: 10496K(10752K)->0K(10752K)
[2026-03-22T17:33:13.398+0900][9.163s][info][gc,heap        ] GC(416) ParOldGen: 291999K(349696K)->103430K(349696K)
[2026-03-22T17:33:13.398+0900][9.163s][info][gc,metaspace   ] GC(416) Metaspace: 336K(512K)->336K(512K) NonClass: 318K(384K)->318K(384K) Class: 17K(128K)->17K(128K)
[2026-03-22T17:33:13.398+0900][9.163s][info][gc             ] GC(416) Pause Full (Ergonomics) 444M->101M(501M) 9.277ms
[2026-03-22T17:33:13.398+0900][9.163s][info][gc,cpu         ] GC(416) User=0.00s Sys=0.00s Real=0.01s
[2026-03-22T17:33:13.415+0900][9.179s][info][gc,start       ] GC(417) Pause Young (Allocation Failure)
[2026-03-22T17:33:13.419+0900][9.184s][info][gc,heap        ] GC(417) PSYoungGen: 152561K(163840K)->10496K(163840K) Eden: 152561K(153088K)->0K(153088K) From: 0K(10752K)->10496K(10752K)
[2026-03-22T17:33:13.419+0900][9.184s][info][gc,heap        ] GC(417) ParOldGen: 103430K(349696K)->197639K(349696K)
[2026-03-22T17:33:13.419+0900][9.184s][info][gc,metaspace   ] GC(417) Metaspace: 336K(512K)->336K(512K) NonClass: 318K(384K)->318K(384K) Class: 17K(128K)->17K(128K)
[2026-03-22T17:33:13.419+0900][9.184s][info][gc             ] GC(417) Pause Young (Allocation Failure) 249M->203M(501M) 5.063ms
[2026-03-22T17:33:13.419+0900][9.184s][info][gc,cpu         ] GC(417) User=0.06s Sys=0.00s Real=0.00s
[2026-03-22T17:33:13.436+0900][9.199s][info][gc,start       ] GC(418) Pause Young (Allocation Failure)
[2026-03-22T17:33:13.441+0900][9.204s][info][gc,heap        ] GC(418) PSYoungGen: 163057K(163840K)->10496K(163840K) Eden: 152561K(153088K)->0K(153088K) From: 10496K(10752K)->10496K(10752K)
[2026-03-22T17:33:13.441+0900][9.205s][info][gc,heap        ] GC(418) ParOldGen: 197639K(349696K)->291999K(349696K)
[2026-03-22T17:33:13.441+0900][9.205s][info][gc,metaspace   ] GC(418) Metaspace: 336K(512K)->336K(512K) NonClass: 318K(384K)->318K(384K) Class: 17K(128K)->17K(128K)
[2026-03-22T17:33:13.441+0900][9.205s][info][gc             ] GC(418) Pause Young (Allocation Failure) 352M->295M(501M) 5.255ms
[2026-03-22T17:33:13.441+0900][9.205s][info][gc,cpu         ] GC(418) User=0.00s Sys=0.00s Real=0.00s
[2026-03-22T17:33:13.455+0900][9.219s][info][gc,start       ] GC(419) Pause Full (Ergonomics)
[2026-03-22T17:33:13.455+0900][9.220s][info][gc,phases,start] GC(419) Marking Phase
[2026-03-22T17:33:13.457+0900][9.221s][info][gc,phases      ] GC(419) Marking Phase 1.718ms
[2026-03-22T17:33:13.457+0900][9.221s][info][gc,phases,start] GC(419) Summary Phase
[2026-03-22T17:33:13.457+0900][9.221s][info][gc,phases      ] GC(419) Summary Phase 0.025ms
[2026-03-22T17:33:13.457+0900][9.221s][info][gc,phases,start] GC(419) Adjust Roots
[2026-03-22T17:33:13.457+0900][9.222s][info][gc,phases      ] GC(419) Adjust Roots 0.204ms
[2026-03-22T17:33:13.457+0900][9.222s][info][gc,phases,start] GC(419) Compaction Phase
[2026-03-22T17:33:13.463+0900][9.227s][info][gc,phases      ] GC(419) Compaction Phase 5.682ms
[2026-03-22T17:33:13.463+0900][9.227s][info][gc,phases,start] GC(419) Post Compact
[2026-03-22T17:33:13.465+0900][9.229s][info][gc,phases      ] GC(419) Post Compact 1.387ms
[2026-03-22T17:33:13.465+0900][9.229s][info][gc,heap        ] GC(419) PSYoungGen: 163057K(163840K)->0K(163840K) Eden: 152561K(153088K)->0K(153088K) From: 10496K(10752K)->0K(10752K)
[2026-03-22T17:33:13.465+0900][9.229s][info][gc,heap        ] GC(419) ParOldGen: 291999K(349696K)->103430K(349696K)
[2026-03-22T17:33:13.465+0900][9.229s][info][gc,metaspace   ] GC(419) Metaspace: 336K(512K)->336K(512K) NonClass: 318K(384K)->318K(384K) Class: 17K(128K)->17K(128K)
[2026-03-22T17:33:13.465+0900][9.229s][info][gc             ] GC(419) Pause Full (Ergonomics) 444M->101M(501M) 9.347ms
[2026-03-22T17:33:13.465+0900][9.229s][info][gc,cpu         ] GC(419) User=0.06s Sys=0.00s Real=0.01s
[2026-03-22T17:33:13.481+0900][9.245s][info][gc,start       ] GC(420) Pause Young (Allocation Failure)
[2026-03-22T17:33:13.486+0900][9.250s][info][gc,heap        ] GC(420) PSYoungGen: 152561K(163840K)->10496K(163840K) Eden: 152561K(153088K)->0K(153088K) From: 0K(10752K)->10496K(10752K)
[2026-03-22T17:33:13.486+0900][9.250s][info][gc,heap        ] GC(420) ParOldGen: 103430K(349696K)->197639K(349696K)
[2026-03-22T17:33:13.486+0900][9.250s][info][gc,metaspace   ] GC(420) Metaspace: 336K(512K)->336K(512K) NonClass: 318K(384K)->318K(384K) Class: 17K(128K)->17K(128K)
[2026-03-22T17:33:13.486+0900][9.250s][info][gc             ] GC(420) Pause Young (Allocation Failure) 249M->203M(501M) 4.916ms
[2026-03-22T17:33:13.486+0900][9.250s][info][gc,cpu         ] GC(420) User=0.00s Sys=0.00s Real=0.01s
[2026-03-22T17:33:13.503+0900][9.268s][info][gc,start       ] GC(421) Pause Young (Allocation Failure)
[2026-03-22T17:33:13.510+0900][9.273s][info][gc,heap        ] GC(421) PSYoungGen: 163057K(163840K)->10464K(163840K) Eden: 152561K(153088K)->0K(153088K) From: 10496K(10752K)->10464K(10752K)
[2026-03-22T17:33:13.510+0900][9.273s][info][gc,heap        ] GC(421) ParOldGen: 197639K(349696K)->291999K(349696K)
[2026-03-22T17:33:13.510+0900][9.273s][info][gc,metaspace   ] GC(421) Metaspace: 336K(512K)->336K(512K) NonClass: 318K(384K)->318K(384K) Class: 17K(128K)->17K(128K)
[2026-03-22T17:33:13.510+0900][9.273s][info][gc             ] GC(421) Pause Young (Allocation Failure) 352M->295M(501M) 5.834ms
[2026-03-22T17:33:13.510+0900][9.273s][info][gc,cpu         ] GC(421) User=0.00s Sys=0.00s Real=0.01s
[2026-03-22T17:33:13.525+0900][9.289s][info][gc,start       ] GC(422) Pause Full (Ergonomics)
[2026-03-22T17:33:13.525+0900][9.289s][info][gc,phases,start] GC(422) Marking Phase
[2026-03-22T17:33:13.527+0900][9.291s][info][gc,phases      ] GC(422) Marking Phase 1.431ms
[2026-03-22T17:33:13.527+0900][9.291s][info][gc,phases,start] GC(422) Summary Phase
[2026-03-22T17:33:13.527+0900][9.291s][info][gc,phases      ] GC(422) Summary Phase 0.041ms
[2026-03-22T17:33:13.527+0900][9.291s][info][gc,phases,start] GC(422) Adjust Roots
[2026-03-22T17:33:13.527+0900][9.291s][info][gc,phases      ] GC(422) Adjust Roots 0.316ms
[2026-03-22T17:33:13.527+0900][9.291s][info][gc,phases,start] GC(422) Compaction Phase
[2026-03-22T17:33:13.533+0900][9.298s][info][gc,phases      ] GC(422) Compaction Phase 6.356ms
[2026-03-22T17:33:13.533+0900][9.298s][info][gc,phases,start] GC(422) Post Compact
[2026-03-22T17:33:13.535+0900][9.299s][info][gc,phases      ] GC(422) Post Compact 1.419ms
[2026-03-22T17:33:13.535+0900][9.299s][info][gc,heap        ] GC(422) PSYoungGen: 163025K(163840K)->0K(163840K) Eden: 152561K(153088K)->0K(153088K) From: 10464K(10752K)->0K(10752K)
[2026-03-22T17:33:13.535+0900][9.299s][info][gc,heap        ] GC(422) ParOldGen: 291999K(349696K)->103430K(349696K)
[2026-03-22T17:33:13.535+0900][9.299s][info][gc,metaspace   ] GC(422) Metaspace: 336K(512K)->336K(512K) NonClass: 318K(384K)->318K(384K) Class: 17K(128K)->17K(128K)
[2026-03-22T17:33:13.535+0900][9.299s][info][gc             ] GC(422) Pause Full (Ergonomics) 444M->101M(501M) 9.913ms
[2026-03-22T17:33:13.535+0900][9.299s][info][gc,cpu         ] GC(422) User=0.00s Sys=0.00s Real=0.01s
[2026-03-22T17:33:13.550+0900][9.314s][info][gc,start       ] GC(423) Pause Young (Allocation Failure)
[2026-03-22T17:33:13.555+0900][9.319s][info][gc,heap        ] GC(423) PSYoungGen: 152561K(163840K)->10496K(163840K) Eden: 152561K(153088K)->0K(153088K) From: 0K(10752K)->10496K(10752K)
[2026-03-22T17:33:13.555+0900][9.319s][info][gc,heap        ] GC(423) ParOldGen: 103430K(349696K)->197639K(349696K)
[2026-03-22T17:33:13.555+0900][9.319s][info][gc,metaspace   ] GC(423) Metaspace: 336K(512K)->336K(512K) NonClass: 318K(384K)->318K(384K) Class: 17K(128K)->17K(128K)
[2026-03-22T17:33:13.555+0900][9.319s][info][gc             ] GC(423) Pause Young (Allocation Failure) 249M->203M(501M) 5.204ms
[2026-03-22T17:33:13.555+0900][9.319s][info][gc,cpu         ] GC(423) User=0.00s Sys=0.00s Real=0.01s
[2026-03-22T17:33:13.571+0900][9.335s][info][gc,start       ] GC(424) Pause Young (Allocation Failure)
[2026-03-22T17:33:13.576+0900][9.340s][info][gc,heap        ] GC(424) PSYoungGen: 163057K(163840K)->10496K(163840K) Eden: 152561K(153088K)->0K(153088K) From: 10496K(10752K)->10496K(10752K)
[2026-03-22T17:33:13.576+0900][9.340s][info][gc,heap        ] GC(424) ParOldGen: 197639K(349696K)->291999K(349696K)
[2026-03-22T17:33:13.576+0900][9.340s][info][gc,metaspace   ] GC(424) Metaspace: 336K(512K)->336K(512K) NonClass: 318K(384K)->318K(384K) Class: 17K(128K)->17K(128K)
[2026-03-22T17:33:13.576+0900][9.340s][info][gc             ] GC(424) Pause Young (Allocation Failure) 352M->295M(501M) 5.243ms
[2026-03-22T17:33:13.576+0900][9.340s][info][gc,cpu         ] GC(424) User=0.05s Sys=0.00s Real=0.00s
[2026-03-22T17:33:13.591+0900][9.356s][info][gc,start       ] GC(425) Pause Full (Ergonomics)
[2026-03-22T17:33:13.592+0900][9.356s][info][gc,phases,start] GC(425) Marking Phase
[2026-03-22T17:33:13.593+0900][9.357s][info][gc,phases      ] GC(425) Marking Phase 1.186ms
[2026-03-22T17:33:13.593+0900][9.357s][info][gc,phases,start] GC(425) Summary Phase
[2026-03-22T17:33:13.593+0900][9.357s][info][gc,phases      ] GC(425) Summary Phase 0.015ms
[2026-03-22T17:33:13.593+0900][9.357s][info][gc,phases,start] GC(425) Adjust Roots
[2026-03-22T17:33:13.593+0900][9.357s][info][gc,phases      ] GC(425) Adjust Roots 0.181ms
[2026-03-22T17:33:13.593+0900][9.357s][info][gc,phases,start] GC(425) Compaction Phase
[2026-03-22T17:33:13.599+0900][9.363s][info][gc,phases      ] GC(425) Compaction Phase 5.605ms
[2026-03-22T17:33:13.599+0900][9.363s][info][gc,phases,start] GC(425) Post Compact
[2026-03-22T17:33:13.600+0900][9.365s][info][gc,phases      ] GC(425) Post Compact 1.585ms
[2026-03-22T17:33:13.600+0900][9.365s][info][gc,heap        ] GC(425) PSYoungGen: 163057K(163840K)->0K(163840K) Eden: 152561K(153088K)->0K(153088K) From: 10496K(10752K)->0K(10752K)
[2026-03-22T17:33:13.600+0900][9.365s][info][gc,heap        ] GC(425) ParOldGen: 291999K(349696K)->103430K(349696K)
[2026-03-22T17:33:13.600+0900][9.365s][info][gc,metaspace   ] GC(425) Metaspace: 336K(512K)->336K(512K) NonClass: 318K(384K)->318K(384K) Class: 17K(128K)->17K(128K)
[2026-03-22T17:33:13.600+0900][9.365s][info][gc             ] GC(425) Pause Full (Ergonomics) 444M->101M(501M) 8.860ms
[2026-03-22T17:33:13.600+0900][9.365s][info][gc,cpu         ] GC(425) User=0.00s Sys=0.00s Real=0.01s
[2026-03-22T17:33:13.616+0900][9.381s][info][gc,start       ] GC(426) Pause Young (Allocation Failure)
[2026-03-22T17:33:13.622+0900][9.386s][info][gc,heap        ] GC(426) PSYoungGen: 152561K(163840K)->10464K(163840K) Eden: 152561K(153088K)->0K(153088K) From: 0K(10752K)->10464K(10752K)
[2026-03-22T17:33:13.622+0900][9.386s][info][gc,heap        ] GC(426) ParOldGen: 103430K(349696K)->197639K(349696K)
[2026-03-22T17:33:13.622+0900][9.386s][info][gc,metaspace   ] GC(426) Metaspace: 336K(512K)->336K(512K) NonClass: 318K(384K)->318K(384K) Class: 17K(128K)->17K(128K)
[2026-03-22T17:33:13.622+0900][9.386s][info][gc             ] GC(426) Pause Young (Allocation Failure) 249M->203M(501M) 5.524ms
[2026-03-22T17:33:13.622+0900][9.386s][info][gc,cpu         ] GC(426) User=0.06s Sys=0.00s Real=0.01s
[2026-03-22T17:33:13.638+0900][9.402s][info][gc,start       ] GC(427) Pause Young (Allocation Failure)
[2026-03-22T17:33:13.643+0900][9.407s][info][gc,heap        ] GC(427) PSYoungGen: 163025K(163840K)->10496K(163840K) Eden: 152561K(153088K)->0K(153088K) From: 10464K(10752K)->10496K(10752K)
[2026-03-22T17:33:13.643+0900][9.407s][info][gc,heap        ] GC(427) ParOldGen: 197639K(349696K)->291999K(349696K)
[2026-03-22T17:33:13.643+0900][9.407s][info][gc,metaspace   ] GC(427) Metaspace: 336K(512K)->336K(512K) NonClass: 318K(384K)->318K(384K) Class: 17K(128K)->17K(128K)
[2026-03-22T17:33:13.643+0900][9.407s][info][gc             ] GC(427) Pause Young (Allocation Failure) 352M->295M(501M) 5.017ms
[2026-03-22T17:33:13.643+0900][9.407s][info][gc,cpu         ] GC(427) User=0.00s Sys=0.00s Real=0.00s
[2026-03-22T17:33:13.657+0900][9.422s][info][gc,start       ] GC(428) Pause Full (Ergonomics)
[2026-03-22T17:33:13.657+0900][9.422s][info][gc,phases,start] GC(428) Marking Phase
[2026-03-22T17:33:13.659+0900][9.423s][info][gc,phases      ] GC(428) Marking Phase 1.254ms
[2026-03-22T17:33:13.659+0900][9.423s][info][gc,phases,start] GC(428) Summary Phase
[2026-03-22T17:33:13.659+0900][9.423s][info][gc,phases      ] GC(428) Summary Phase 0.019ms
[2026-03-22T17:33:13.659+0900][9.423s][info][gc,phases,start] GC(428) Adjust Roots
[2026-03-22T17:33:13.659+0900][9.423s][info][gc,phases      ] GC(428) Adjust Roots 0.231ms
[2026-03-22T17:33:13.659+0900][9.423s][info][gc,phases,start] GC(428) Compaction Phase
[2026-03-22T17:33:13.665+0900][9.429s][info][gc,phases      ] GC(428) Compaction Phase 5.670ms
[2026-03-22T17:33:13.665+0900][9.429s][info][gc,phases,start] GC(428) Post Compact
[2026-03-22T17:33:13.666+0900][9.431s][info][gc,phases      ] GC(428) Post Compact 1.370ms
[2026-03-22T17:33:13.666+0900][9.431s][info][gc,heap        ] GC(428) PSYoungGen: 163057K(163840K)->0K(163840K) Eden: 152561K(153088K)->0K(153088K) From: 10496K(10752K)->0K(10752K)
[2026-03-22T17:33:13.666+0900][9.431s][info][gc,heap        ] GC(428) ParOldGen: 291999K(349696K)->103430K(349696K)
[2026-03-22T17:33:13.666+0900][9.431s][info][gc,metaspace   ] GC(428) Metaspace: 336K(512K)->336K(512K) NonClass: 318K(384K)->318K(384K) Class: 17K(128K)->17K(128K)
[2026-03-22T17:33:13.666+0900][9.431s][info][gc             ] GC(428) Pause Full (Ergonomics) 444M->101M(501M) 8.786ms
[2026-03-22T17:33:13.666+0900][9.431s][info][gc,cpu         ] GC(428) User=0.02s Sys=0.00s Real=0.01s
[2026-03-22T17:33:13.683+0900][9.446s][info][gc,start       ] GC(429) Pause Young (Allocation Failure)
[2026-03-22T17:33:13.688+0900][9.451s][info][gc,heap        ] GC(429) PSYoungGen: 152561K(163840K)->10496K(163840K) Eden: 152561K(153088K)->0K(153088K) From: 0K(10752K)->10496K(10752K)
[2026-03-22T17:33:13.688+0900][9.451s][info][gc,heap        ] GC(429) ParOldGen: 103430K(349696K)->197639K(349696K)
[2026-03-22T17:33:13.688+0900][9.451s][info][gc,metaspace   ] GC(429) Metaspace: 336K(512K)->336K(512K) NonClass: 318K(384K)->318K(384K) Class: 17K(128K)->17K(128K)
[2026-03-22T17:33:13.688+0900][9.451s][info][gc             ] GC(429) Pause Young (Allocation Failure) 249M->203M(501M) 5.050ms
[2026-03-22T17:33:13.688+0900][9.451s][info][gc,cpu         ] GC(429) User=0.00s Sys=0.00s Real=0.00s
[2026-03-22T17:33:13.702+0900][9.466s][info][gc,start       ] GC(430) Pause Young (Allocation Failure)
[2026-03-22T17:33:13.708+0900][9.472s][info][gc,heap        ] GC(430) PSYoungGen: 163057K(163840K)->10496K(163840K) Eden: 152561K(153088K)->0K(153088K) From: 10496K(10752K)->10496K(10752K)
[2026-03-22T17:33:13.708+0900][9.472s][info][gc,heap        ] GC(430) ParOldGen: 197639K(349696K)->291999K(349696K)
[2026-03-22T17:33:13.708+0900][9.472s][info][gc,metaspace   ] GC(430) Metaspace: 336K(512K)->336K(512K) NonClass: 318K(384K)->318K(384K) Class: 17K(128K)->17K(128K)
[2026-03-22T17:33:13.708+0900][9.472s][info][gc             ] GC(430) Pause Young (Allocation Failure) 352M->295M(501M) 5.845ms
[2026-03-22T17:33:13.708+0900][9.472s][info][gc,cpu         ] GC(430) User=0.00s Sys=0.00s Real=0.01s
[2026-03-22T17:33:13.723+0900][9.487s][info][gc,start       ] GC(431) Pause Full (Ergonomics)
[2026-03-22T17:33:13.723+0900][9.487s][info][gc,phases,start] GC(431) Marking Phase
[2026-03-22T17:33:13.724+0900][9.488s][info][gc,phases      ] GC(431) Marking Phase 1.604ms
[2026-03-22T17:33:13.725+0900][9.488s][info][gc,phases,start] GC(431) Summary Phase
[2026-03-22T17:33:13.725+0900][9.488s][info][gc,phases      ] GC(431) Summary Phase 0.036ms
[2026-03-22T17:33:13.725+0900][9.488s][info][gc,phases,start] GC(431) Adjust Roots
[2026-03-22T17:33:13.725+0900][9.489s][info][gc,phases      ] GC(431) Adjust Roots 0.333ms
[2026-03-22T17:33:13.725+0900][9.489s][info][gc,phases,start] GC(431) Compaction Phase
[2026-03-22T17:33:13.732+0900][9.496s][info][gc,phases      ] GC(431) Compaction Phase 6.807ms
[2026-03-22T17:33:13.732+0900][9.496s][info][gc,phases,start] GC(431) Post Compact
[2026-03-22T17:33:13.733+0900][9.497s][info][gc,phases      ] GC(431) Post Compact 1.379ms
[2026-03-22T17:33:13.733+0900][9.497s][info][gc,heap        ] GC(431) PSYoungGen: 163057K(163840K)->0K(163840K) Eden: 152561K(153088K)->0K(153088K) From: 10496K(10752K)->0K(10752K)
[2026-03-22T17:33:13.733+0900][9.497s][info][gc,heap        ] GC(431) ParOldGen: 291999K(349696K)->103430K(349696K)
[2026-03-22T17:33:13.733+0900][9.497s][info][gc,metaspace   ] GC(431) Metaspace: 336K(512K)->336K(512K) NonClass: 318K(384K)->318K(384K) Class: 17K(128K)->17K(128K)
[2026-03-22T17:33:13.733+0900][9.497s][info][gc             ] GC(431) Pause Full (Ergonomics) 444M->101M(501M) 10.568ms
[2026-03-22T17:33:13.733+0900][9.497s][info][gc,cpu         ] GC(431) User=0.06s Sys=0.00s Real=0.01s
[2026-03-22T17:33:13.749+0900][9.512s][info][gc,start       ] GC(432) Pause Young (Allocation Failure)
[2026-03-22T17:33:13.753+0900][9.517s][info][gc,heap        ] GC(432) PSYoungGen: 152561K(163840K)->10496K(163840K) Eden: 152561K(153088K)->0K(153088K) From: 0K(10752K)->10496K(10752K)
[2026-03-22T17:33:13.753+0900][9.517s][info][gc,heap        ] GC(432) ParOldGen: 103430K(349696K)->197639K(349696K)
[2026-03-22T17:33:13.753+0900][9.517s][info][gc,metaspace   ] GC(432) Metaspace: 336K(512K)->336K(512K) NonClass: 318K(384K)->318K(384K) Class: 17K(128K)->17K(128K)
[2026-03-22T17:33:13.753+0900][9.517s][info][gc             ] GC(432) Pause Young (Allocation Failure) 249M->203M(501M) 4.548ms
[2026-03-22T17:33:13.753+0900][9.517s][info][gc,cpu         ] GC(432) User=0.00s Sys=0.00s Real=0.00s
[2026-03-22T17:33:13.768+0900][9.532s][info][gc,start       ] GC(433) Pause Young (Allocation Failure)
[2026-03-22T17:33:13.773+0900][9.537s][info][gc,heap        ] GC(433) PSYoungGen: 163057K(163840K)->10496K(163840K) Eden: 152561K(153088K)->0K(153088K) From: 10496K(10752K)->10496K(10752K)
[2026-03-22T17:33:13.774+0900][9.537s][info][gc,heap        ] GC(433) ParOldGen: 197639K(349696K)->291999K(349696K)
[2026-03-22T17:33:13.774+0900][9.537s][info][gc,metaspace   ] GC(433) Metaspace: 336K(512K)->336K(512K) NonClass: 318K(384K)->318K(384K) Class: 17K(128K)->17K(128K)
[2026-03-22T17:33:13.774+0900][9.537s][info][gc             ] GC(433) Pause Young (Allocation Failure) 352M->295M(501M) 5.235ms
[2026-03-22T17:33:13.774+0900][9.537s][info][gc,cpu         ] GC(433) User=0.00s Sys=0.00s Real=0.01s
[2026-03-22T17:33:13.790+0900][9.555s][info][gc,start       ] GC(434) Pause Full (Ergonomics)
[2026-03-22T17:33:13.791+0900][9.555s][info][gc,phases,start] GC(434) Marking Phase
[2026-03-22T17:33:13.792+0900][9.556s][info][gc,phases      ] GC(434) Marking Phase 1.117ms
[2026-03-22T17:33:13.792+0900][9.556s][info][gc,phases,start] GC(434) Summary Phase
[2026-03-22T17:33:13.792+0900][9.556s][info][gc,phases      ] GC(434) Summary Phase 0.023ms
[2026-03-22T17:33:13.792+0900][9.556s][info][gc,phases,start] GC(434) Adjust Roots
[2026-03-22T17:33:13.792+0900][9.556s][info][gc,phases      ] GC(434) Adjust Roots 0.213ms
[2026-03-22T17:33:13.792+0900][9.556s][info][gc,phases,start] GC(434) Compaction Phase
[2026-03-22T17:33:13.797+0900][9.562s][info][gc,phases      ] GC(434) Compaction Phase 5.439ms
[2026-03-22T17:33:13.797+0900][9.562s][info][gc,phases,start] GC(434) Post Compact
[2026-03-22T17:33:13.799+0900][9.563s][info][gc,phases      ] GC(434) Post Compact 1.365ms
[2026-03-22T17:33:13.799+0900][9.563s][info][gc,heap        ] GC(434) PSYoungGen: 163057K(163840K)->0K(163840K) Eden: 152561K(153088K)->0K(153088K) From: 10496K(10752K)->0K(10752K)
[2026-03-22T17:33:13.799+0900][9.563s][info][gc,heap        ] GC(434) ParOldGen: 291999K(349696K)->103430K(349696K)
[2026-03-22T17:33:13.799+0900][9.563s][info][gc,metaspace   ] GC(434) Metaspace: 336K(512K)->336K(512K) NonClass: 318K(384K)->318K(384K) Class: 17K(128K)->17K(128K)
[2026-03-22T17:33:13.799+0900][9.563s][info][gc             ] GC(434) Pause Full (Ergonomics) 444M->101M(501M) 8.433ms
[2026-03-22T17:33:13.799+0900][9.563s][info][gc,cpu         ] GC(434) User=0.00s Sys=0.02s Real=0.01s
[2026-03-22T17:33:13.816+0900][9.580s][info][gc,start       ] GC(435) Pause Young (Allocation Failure)
[2026-03-22T17:33:13.820+0900][9.584s][info][gc,heap        ] GC(435) PSYoungGen: 152561K(163840K)->10496K(163840K) Eden: 152561K(153088K)->0K(153088K) From: 0K(10752K)->10496K(10752K)
[2026-03-22T17:33:13.820+0900][9.584s][info][gc,heap        ] GC(435) ParOldGen: 103430K(349696K)->197639K(349696K)
[2026-03-22T17:33:13.820+0900][9.584s][info][gc,metaspace   ] GC(435) Metaspace: 336K(512K)->336K(512K) NonClass: 318K(384K)->318K(384K) Class: 17K(128K)->17K(128K)
[2026-03-22T17:33:13.820+0900][9.584s][info][gc             ] GC(435) Pause Young (Allocation Failure) 249M->203M(501M) 4.574ms
[2026-03-22T17:33:13.820+0900][9.584s][info][gc,cpu         ] GC(435) User=0.00s Sys=0.00s Real=0.00s
[2026-03-22T17:33:13.835+0900][9.599s][info][gc,start       ] GC(436) Pause Young (Allocation Failure)
[2026-03-22T17:33:13.840+0900][9.604s][info][gc,heap        ] GC(436) PSYoungGen: 163057K(163840K)->10496K(163840K) Eden: 152561K(153088K)->0K(153088K) From: 10496K(10752K)->10496K(10752K)
[2026-03-22T17:33:13.841+0900][9.604s][info][gc,heap        ] GC(436) ParOldGen: 197639K(349696K)->291999K(349696K)
[2026-03-22T17:33:13.841+0900][9.604s][info][gc,metaspace   ] GC(436) Metaspace: 336K(512K)->336K(512K) NonClass: 318K(384K)->318K(384K) Class: 17K(128K)->17K(128K)
[2026-03-22T17:33:13.841+0900][9.604s][info][gc             ] GC(436) Pause Young (Allocation Failure) 352M->295M(501M) 5.297ms
[2026-03-22T17:33:13.841+0900][9.604s][info][gc,cpu         ] GC(436) User=0.05s Sys=0.02s Real=0.01s
[2026-03-22T17:33:13.856+0900][9.620s][info][gc,start       ] GC(437) Pause Full (Ergonomics)
[2026-03-22T17:33:13.857+0900][9.620s][info][gc,phases,start] GC(437) Marking Phase
[2026-03-22T17:33:13.858+0900][9.621s][info][gc,phases      ] GC(437) Marking Phase 0.980ms
[2026-03-22T17:33:13.858+0900][9.621s][info][gc,phases,start] GC(437) Summary Phase
[2026-03-22T17:33:13.858+0900][9.621s][info][gc,phases      ] GC(437) Summary Phase 0.018ms
[2026-03-22T17:33:13.858+0900][9.621s][info][gc,phases,start] GC(437) Adjust Roots
[2026-03-22T17:33:13.858+0900][9.621s][info][gc,phases      ] GC(437) Adjust Roots 0.230ms
[2026-03-22T17:33:13.858+0900][9.622s][info][gc,phases,start] GC(437) Compaction Phase
[2026-03-22T17:33:13.863+0900][9.627s][info][gc,phases      ] GC(437) Compaction Phase 5.358ms
[2026-03-22T17:33:13.863+0900][9.627s][info][gc,phases,start] GC(437) Post Compact
[2026-03-22T17:33:13.865+0900][9.629s][info][gc,phases      ] GC(437) Post Compact 1.569ms
[2026-03-22T17:33:13.865+0900][9.629s][info][gc,heap        ] GC(437) PSYoungGen: 163057K(163840K)->0K(163840K) Eden: 152561K(153088K)->0K(153088K) From: 10496K(10752K)->0K(10752K)
[2026-03-22T17:33:13.865+0900][9.629s][info][gc,heap        ] GC(437) ParOldGen: 291999K(349696K)->103430K(349696K)
[2026-03-22T17:33:13.865+0900][9.629s][info][gc,metaspace   ] GC(437) Metaspace: 336K(512K)->336K(512K) NonClass: 318K(384K)->318K(384K) Class: 17K(128K)->17K(128K)
[2026-03-22T17:33:13.865+0900][9.629s][info][gc             ] GC(437) Pause Full (Ergonomics) 444M->101M(501M) 8.526ms
[2026-03-22T17:33:13.865+0900][9.629s][info][gc,cpu         ] GC(437) User=0.00s Sys=0.00s Real=0.01s
[2026-03-22T17:33:13.880+0900][9.644s][info][gc,start       ] GC(438) Pause Young (Allocation Failure)
[2026-03-22T17:33:13.885+0900][9.648s][info][gc,heap        ] GC(438) PSYoungGen: 152561K(163840K)->10496K(163840K) Eden: 152561K(153088K)->0K(153088K) From: 0K(10752K)->10496K(10752K)
[2026-03-22T17:33:13.885+0900][9.648s][info][gc,heap        ] GC(438) ParOldGen: 103430K(349696K)->197639K(349696K)
[2026-03-22T17:33:13.885+0900][9.648s][info][gc,metaspace   ] GC(438) Metaspace: 336K(512K)->336K(512K) NonClass: 318K(384K)->318K(384K) Class: 17K(128K)->17K(128K)
[2026-03-22T17:33:13.885+0900][9.648s][info][gc             ] GC(438) Pause Young (Allocation Failure) 249M->203M(501M) 4.612ms
[2026-03-22T17:33:13.885+0900][9.648s][info][gc,cpu         ] GC(438) User=0.00s Sys=0.00s Real=0.00s
[2026-03-22T17:33:13.902+0900][9.665s][info][gc,start       ] GC(439) Pause Young (Allocation Failure)
[2026-03-22T17:33:13.907+0900][9.671s][info][gc,heap        ] GC(439) PSYoungGen: 163057K(163840K)->10464K(163840K) Eden: 152561K(153088K)->0K(153088K) From: 10496K(10752K)->10464K(10752K)
[2026-03-22T17:33:13.907+0900][9.671s][info][gc,heap        ] GC(439) ParOldGen: 197639K(349696K)->291999K(349696K)
[2026-03-22T17:33:13.907+0900][9.671s][info][gc,metaspace   ] GC(439) Metaspace: 336K(512K)->336K(512K) NonClass: 318K(384K)->318K(384K) Class: 17K(128K)->17K(128K)
[2026-03-22T17:33:13.907+0900][9.671s][info][gc             ] GC(439) Pause Young (Allocation Failure) 352M->295M(501M) 6.022ms
[2026-03-22T17:33:13.907+0900][9.671s][info][gc,cpu         ] GC(439) User=0.00s Sys=0.00s Real=0.01s
[2026-03-22T17:33:13.924+0900][9.688s][info][gc,start       ] GC(440) Pause Full (Ergonomics)
[2026-03-22T17:33:13.924+0900][9.688s][info][gc,phases,start] GC(440) Marking Phase
[2026-03-22T17:33:13.925+0900][9.689s][info][gc,phases      ] GC(440) Marking Phase 1.190ms
[2026-03-22T17:33:13.925+0900][9.689s][info][gc,phases,start] GC(440) Summary Phase
[2026-03-22T17:33:13.925+0900][9.689s][info][gc,phases      ] GC(440) Summary Phase 0.015ms
[2026-03-22T17:33:13.925+0900][9.689s][info][gc,phases,start] GC(440) Adjust Roots
[2026-03-22T17:33:13.925+0900][9.689s][info][gc,phases      ] GC(440) Adjust Roots 0.169ms
[2026-03-22T17:33:13.925+0900][9.689s][info][gc,phases,start] GC(440) Compaction Phase
[2026-03-22T17:33:13.930+0900][9.695s][info][gc,phases      ] GC(440) Compaction Phase 5.482ms
[2026-03-22T17:33:13.930+0900][9.695s][info][gc,phases,start] GC(440) Post Compact
[2026-03-22T17:33:13.932+0900][9.696s][info][gc,phases      ] GC(440) Post Compact 1.408ms
[2026-03-22T17:33:13.932+0900][9.696s][info][gc,heap        ] GC(440) PSYoungGen: 163025K(163840K)->0K(163840K) Eden: 152561K(153088K)->0K(153088K) From: 10464K(10752K)->0K(10752K)
[2026-03-22T17:33:13.932+0900][9.696s][info][gc,heap        ] GC(440) ParOldGen: 291999K(349696K)->103430K(349696K)
[2026-03-22T17:33:13.932+0900][9.696s][info][gc,metaspace   ] GC(440) Metaspace: 336K(512K)->336K(512K) NonClass: 318K(384K)->318K(384K) Class: 17K(128K)->17K(128K)
[2026-03-22T17:33:13.932+0900][9.696s][info][gc             ] GC(440) Pause Full (Ergonomics) 444M->101M(501M) 8.581ms
[2026-03-22T17:33:13.932+0900][9.696s][info][gc,cpu         ] GC(440) User=0.02s Sys=0.00s Real=0.01s
[2026-03-22T17:33:13.949+0900][9.713s][info][gc,start       ] GC(441) Pause Young (Allocation Failure)
[2026-03-22T17:33:13.953+0900][9.717s][info][gc,heap        ] GC(441) PSYoungGen: 152561K(163840K)->10496K(163840K) Eden: 152561K(153088K)->0K(153088K) From: 0K(10752K)->10496K(10752K)
[2026-03-22T17:33:13.953+0900][9.717s][info][gc,heap        ] GC(441) ParOldGen: 103430K(349696K)->197639K(349696K)
[2026-03-22T17:33:13.953+0900][9.717s][info][gc,metaspace   ] GC(441) Metaspace: 336K(512K)->336K(512K) NonClass: 318K(384K)->318K(384K) Class: 17K(128K)->17K(128K)
[2026-03-22T17:33:13.953+0900][9.717s][info][gc             ] GC(441) Pause Young (Allocation Failure) 249M->203M(501M) 4.930ms
[2026-03-22T17:33:13.953+0900][9.718s][info][gc,cpu         ] GC(441) User=0.00s Sys=0.00s Real=0.00s
[2026-03-22T17:33:13.969+0900][9.732s][info][gc,start       ] GC(442) Pause Young (Allocation Failure)
[2026-03-22T17:33:13.974+0900][9.737s][info][gc,heap        ] GC(442) PSYoungGen: 163057K(163840K)->10496K(163840K) Eden: 152561K(153088K)->0K(153088K) From: 10496K(10752K)->10496K(10752K)
[2026-03-22T17:33:13.974+0900][9.738s][info][gc,heap        ] GC(442) ParOldGen: 197639K(349696K)->291999K(349696K)
[2026-03-22T17:33:13.974+0900][9.738s][info][gc,metaspace   ] GC(442) Metaspace: 336K(512K)->336K(512K) NonClass: 318K(384K)->318K(384K) Class: 17K(128K)->17K(128K)
[2026-03-22T17:33:13.974+0900][9.738s][info][gc             ] GC(442) Pause Young (Allocation Failure) 352M->295M(501M) 5.088ms
[2026-03-22T17:33:13.974+0900][9.738s][info][gc,cpu         ] GC(442) User=0.00s Sys=0.00s Real=0.00s
[2026-03-22T17:33:13.991+0900][9.755s][info][gc,start       ] GC(443) Pause Full (Ergonomics)
[2026-03-22T17:33:13.991+0900][9.755s][info][gc,phases,start] GC(443) Marking Phase
[2026-03-22T17:33:13.993+0900][9.756s][info][gc,phases      ] GC(443) Marking Phase 1.479ms
[2026-03-22T17:33:13.993+0900][9.756s][info][gc,phases,start] GC(443) Summary Phase
[2026-03-22T17:33:13.993+0900][9.756s][info][gc,phases      ] GC(443) Summary Phase 0.036ms
[2026-03-22T17:33:13.993+0900][9.757s][info][gc,phases,start] GC(443) Adjust Roots
[2026-03-22T17:33:13.993+0900][9.757s][info][gc,phases      ] GC(443) Adjust Roots 0.271ms
[2026-03-22T17:33:13.993+0900][9.757s][info][gc,phases,start] GC(443) Compaction Phase
[2026-03-22T17:33:13.999+0900][9.763s][info][gc,phases      ] GC(443) Compaction Phase 5.954ms
[2026-03-22T17:33:13.999+0900][9.763s][info][gc,phases,start] GC(443) Post Compact
[2026-03-22T17:33:14.001+0900][9.764s][info][gc,phases      ] GC(443) Post Compact 1.519ms
[2026-03-22T17:33:14.001+0900][9.764s][info][gc,heap        ] GC(443) PSYoungGen: 163057K(163840K)->0K(163840K) Eden: 152561K(153088K)->0K(153088K) From: 10496K(10752K)->0K(10752K)
[2026-03-22T17:33:14.001+0900][9.764s][info][gc,heap        ] GC(443) ParOldGen: 291999K(349696K)->103430K(349696K)
[2026-03-22T17:33:14.001+0900][9.764s][info][gc,metaspace   ] GC(443) Metaspace: 336K(512K)->336K(512K) NonClass: 318K(384K)->318K(384K) Class: 17K(128K)->17K(128K)
[2026-03-22T17:33:14.001+0900][9.764s][info][gc             ] GC(443) Pause Full (Ergonomics) 444M->101M(501M) 9.585ms
[2026-03-22T17:33:14.001+0900][9.764s][info][gc,cpu         ] GC(443) User=0.06s Sys=0.00s Real=0.01s
[2026-03-22T17:33:14.017+0900][9.781s][info][gc,start       ] GC(444) Pause Young (Allocation Failure)
[2026-03-22T17:33:14.022+0900][9.786s][info][gc,heap        ] GC(444) PSYoungGen: 152561K(163840K)->10496K(163840K) Eden: 152561K(153088K)->0K(153088K) From: 0K(10752K)->10496K(10752K)
[2026-03-22T17:33:14.022+0900][9.786s][info][gc,heap        ] GC(444) ParOldGen: 103430K(349696K)->197639K(349696K)
[2026-03-22T17:33:14.022+0900][9.787s][info][gc,metaspace   ] GC(444) Metaspace: 336K(512K)->336K(512K) NonClass: 318K(384K)->318K(384K) Class: 17K(128K)->17K(128K)
[2026-03-22T17:33:14.022+0900][9.787s][info][gc             ] GC(444) Pause Young (Allocation Failure) 249M->203M(501M) 5.328ms
[2026-03-22T17:33:14.022+0900][9.787s][info][gc,cpu         ] GC(444) User=0.00s Sys=0.00s Real=0.01s
[2026-03-22T17:33:14.039+0900][9.802s][info][gc,start       ] GC(445) Pause Young (Allocation Failure)
[2026-03-22T17:33:14.044+0900][9.808s][info][gc,heap        ] GC(445) PSYoungGen: 163057K(163840K)->10496K(163840K) Eden: 152561K(153088K)->0K(153088K) From: 10496K(10752K)->10496K(10752K)
[2026-03-22T17:33:14.044+0900][9.808s][info][gc,heap        ] GC(445) ParOldGen: 197639K(349696K)->291999K(349696K)
[2026-03-22T17:33:14.044+0900][9.808s][info][gc,metaspace   ] GC(445) Metaspace: 336K(512K)->336K(512K) NonClass: 318K(384K)->318K(384K) Class: 17K(128K)->17K(128K)
[2026-03-22T17:33:14.044+0900][9.808s][info][gc             ] GC(445) Pause Young (Allocation Failure) 352M->295M(501M) 5.213ms
[2026-03-22T17:33:14.044+0900][9.808s][info][gc,cpu         ] GC(445) User=0.06s Sys=0.00s Real=0.00s
[2026-03-22T17:33:14.059+0900][9.823s][info][gc,start       ] GC(446) Pause Full (Ergonomics)
[2026-03-22T17:33:14.059+0900][9.823s][info][gc,phases,start] GC(446) Marking Phase
[2026-03-22T17:33:14.060+0900][9.825s][info][gc,phases      ] GC(446) Marking Phase 1.278ms
[2026-03-22T17:33:14.060+0900][9.825s][info][gc,phases,start] GC(446) Summary Phase
[2026-03-22T17:33:14.060+0900][9.825s][info][gc,phases      ] GC(446) Summary Phase 0.024ms
[2026-03-22T17:33:14.060+0900][9.825s][info][gc,phases,start] GC(446) Adjust Roots
[2026-03-22T17:33:14.061+0900][9.825s][info][gc,phases      ] GC(446) Adjust Roots 0.205ms
[2026-03-22T17:33:14.061+0900][9.825s][info][gc,phases,start] GC(446) Compaction Phase
[2026-03-22T17:33:14.067+0900][9.831s][info][gc,phases      ] GC(446) Compaction Phase 6.075ms
[2026-03-22T17:33:14.067+0900][9.831s][info][gc,phases,start] GC(446) Post Compact
[2026-03-22T17:33:14.069+0900][9.833s][info][gc,phases      ] GC(446) Post Compact 2.096ms
[2026-03-22T17:33:14.069+0900][9.833s][info][gc,heap        ] GC(446) PSYoungGen: 163057K(163840K)->0K(163840K) Eden: 152561K(153088K)->0K(153088K) From: 10496K(10752K)->0K(10752K)
[2026-03-22T17:33:14.069+0900][9.833s][info][gc,heap        ] GC(446) ParOldGen: 291999K(349696K)->103430K(349696K)
[2026-03-22T17:33:14.069+0900][9.833s][info][gc,metaspace   ] GC(446) Metaspace: 336K(512K)->336K(512K) NonClass: 318K(384K)->318K(384K) Class: 17K(128K)->17K(128K)
[2026-03-22T17:33:14.069+0900][9.833s][info][gc             ] GC(446) Pause Full (Ergonomics) 444M->101M(501M) 10.103ms
[2026-03-22T17:33:14.069+0900][9.833s][info][gc,cpu         ] GC(446) User=0.00s Sys=0.00s Real=0.01s
[2026-03-22T17:33:14.086+0900][9.850s][info][gc,start       ] GC(447) Pause Young (Allocation Failure)
[2026-03-22T17:33:14.091+0900][9.855s][info][gc,heap        ] GC(447) PSYoungGen: 152561K(163840K)->10496K(163840K) Eden: 152561K(153088K)->0K(153088K) From: 0K(10752K)->10496K(10752K)
[2026-03-22T17:33:14.091+0900][9.855s][info][gc,heap        ] GC(447) ParOldGen: 103430K(349696K)->197639K(349696K)
[2026-03-22T17:33:14.091+0900][9.856s][info][gc,metaspace   ] GC(447) Metaspace: 336K(512K)->336K(512K) NonClass: 318K(384K)->318K(384K) Class: 17K(128K)->17K(128K)
[2026-03-22T17:33:14.091+0900][9.856s][info][gc             ] GC(447) Pause Young (Allocation Failure) 249M->203M(501M) 5.312ms
[2026-03-22T17:33:14.091+0900][9.856s][info][gc,cpu         ] GC(447) User=0.06s Sys=0.00s Real=0.01s
[2026-03-22T17:33:14.107+0900][9.871s][info][gc,start       ] GC(448) Pause Young (Allocation Failure)
[2026-03-22T17:33:14.113+0900][9.877s][info][gc,heap        ] GC(448) PSYoungGen: 163057K(163840K)->10496K(163840K) Eden: 152561K(153088K)->0K(153088K) From: 10496K(10752K)->10496K(10752K)
[2026-03-22T17:33:14.113+0900][9.877s][info][gc,heap        ] GC(448) ParOldGen: 197639K(349696K)->291999K(349696K)
[2026-03-22T17:33:14.113+0900][9.877s][info][gc,metaspace   ] GC(448) Metaspace: 336K(512K)->336K(512K) NonClass: 318K(384K)->318K(384K) Class: 17K(128K)->17K(128K)
[2026-03-22T17:33:14.113+0900][9.877s][info][gc             ] GC(448) Pause Young (Allocation Failure) 352M->295M(501M) 5.181ms
[2026-03-22T17:33:14.113+0900][9.877s][info][gc,cpu         ] GC(448) User=0.00s Sys=0.00s Real=0.01s
[2026-03-22T17:33:14.129+0900][9.893s][info][gc,start       ] GC(449) Pause Full (Ergonomics)
[2026-03-22T17:33:14.129+0900][9.893s][info][gc,phases,start] GC(449) Marking Phase
[2026-03-22T17:33:14.130+0900][9.894s][info][gc,phases      ] GC(449) Marking Phase 1.295ms
[2026-03-22T17:33:14.130+0900][9.894s][info][gc,phases,start] GC(449) Summary Phase
[2026-03-22T17:33:14.130+0900][9.894s][info][gc,phases      ] GC(449) Summary Phase 0.034ms
[2026-03-22T17:33:14.130+0900][9.894s][info][gc,phases,start] GC(449) Adjust Roots
[2026-03-22T17:33:14.131+0900][9.895s][info][gc,phases      ] GC(449) Adjust Roots 0.370ms
[2026-03-22T17:33:14.131+0900][9.895s][info][gc,phases,start] GC(449) Compaction Phase
[2026-03-22T17:33:14.136+0900][9.901s][info][gc,phases      ] GC(449) Compaction Phase 5.874ms
[2026-03-22T17:33:14.137+0900][9.901s][info][gc,phases,start] GC(449) Post Compact
[2026-03-22T17:33:14.138+0900][9.903s][info][gc,phases      ] GC(449) Post Compact 1.821ms
[2026-03-22T17:33:14.138+0900][9.903s][info][gc,heap        ] GC(449) PSYoungGen: 163057K(163840K)->0K(163840K) Eden: 152561K(153088K)->0K(153088K) From: 10496K(10752K)->0K(10752K)
[2026-03-22T17:33:14.138+0900][9.903s][info][gc,heap        ] GC(449) ParOldGen: 291999K(349696K)->103195K(349696K)
[2026-03-22T17:33:14.138+0900][9.903s][info][gc,metaspace   ] GC(449) Metaspace: 336K(512K)->336K(512K) NonClass: 318K(384K)->318K(384K) Class: 17K(128K)->17K(128K)
[2026-03-22T17:33:14.138+0900][9.903s][info][gc             ] GC(449) Pause Full (Ergonomics) 444M->100M(501M) 9.775ms
[2026-03-22T17:33:14.138+0900][9.903s][info][gc,cpu         ] GC(449) User=0.06s Sys=0.00s Real=0.01s
[2026-03-22T17:33:14.154+0900][9.918s][info][gc,start       ] GC(450) Pause Young (Allocation Failure)
[2026-03-22T17:33:14.159+0900][9.923s][info][gc,heap        ] GC(450) PSYoungGen: 152561K(163840K)->10496K(163840K) Eden: 152561K(153088K)->0K(153088K) From: 0K(10752K)->10496K(10752K)
[2026-03-22T17:33:14.159+0900][9.923s][info][gc,heap        ] GC(450) ParOldGen: 103195K(349696K)->197403K(349696K)
[2026-03-22T17:33:14.159+0900][9.923s][info][gc,metaspace   ] GC(450) Metaspace: 336K(512K)->336K(512K) NonClass: 318K(384K)->318K(384K) Class: 17K(128K)->17K(128K)
[2026-03-22T17:33:14.159+0900][9.923s][info][gc             ] GC(450) Pause Young (Allocation Failure) 249M->203M(501M) 4.900ms
[2026-03-22T17:33:14.159+0900][9.923s][info][gc,cpu         ] GC(450) User=0.00s Sys=0.00s Real=0.00s
[2026-03-22T17:33:14.175+0900][9.939s][info][gc,start       ] GC(451) Pause Young (Allocation Failure)
[2026-03-22T17:33:14.180+0900][9.944s][info][gc,heap        ] GC(451) PSYoungGen: 163057K(163840K)->10496K(163840K) Eden: 152561K(153088K)->0K(153088K) From: 10496K(10752K)->10496K(10752K)
[2026-03-22T17:33:14.180+0900][9.944s][info][gc,heap        ] GC(451) ParOldGen: 197403K(349696K)->291764K(349696K)
[2026-03-22T17:33:14.180+0900][9.944s][info][gc,metaspace   ] GC(451) Metaspace: 336K(512K)->336K(512K) NonClass: 318K(384K)->318K(384K) Class: 17K(128K)->17K(128K)
[2026-03-22T17:33:14.180+0900][9.944s][info][gc             ] GC(451) Pause Young (Allocation Failure) 352M->295M(501M) 5.051ms
[2026-03-22T17:33:14.180+0900][9.944s][info][gc,cpu         ] GC(451) User=0.00s Sys=0.00s Real=0.01s
[2026-03-22T17:33:14.196+0900][9.960s][info][gc,start       ] GC(452) Pause Full (Ergonomics)
[2026-03-22T17:33:14.196+0900][9.960s][info][gc,phases,start] GC(452) Marking Phase
[2026-03-22T17:33:14.198+0900][9.962s][info][gc,phases      ] GC(452) Marking Phase 1.531ms
[2026-03-22T17:33:14.198+0900][9.962s][info][gc,phases,start] GC(452) Summary Phase
[2026-03-22T17:33:14.198+0900][9.962s][info][gc,phases      ] GC(452) Summary Phase 0.041ms
[2026-03-22T17:33:14.198+0900][9.962s][info][gc,phases,start] GC(452) Adjust Roots
[2026-03-22T17:33:14.198+0900][9.962s][info][gc,phases      ] GC(452) Adjust Roots 0.231ms
[2026-03-22T17:33:14.198+0900][9.962s][info][gc,phases,start] GC(452) Compaction Phase
[2026-03-22T17:33:14.204+0900][9.968s][info][gc,phases      ] GC(452) Compaction Phase 5.863ms
[2026-03-22T17:33:14.204+0900][9.968s][info][gc,phases,start] GC(452) Post Compact
[2026-03-22T17:33:14.206+0900][9.970s][info][gc,phases      ] GC(452) Post Compact 1.919ms
[2026-03-22T17:33:14.206+0900][9.970s][info][gc,heap        ] GC(452) PSYoungGen: 163057K(163840K)->0K(163840K) Eden: 152561K(153088K)->0K(153088K) From: 10496K(10752K)->0K(10752K)
[2026-03-22T17:33:14.206+0900][9.970s][info][gc,heap        ] GC(452) ParOldGen: 291764K(349696K)->103430K(349696K)
[2026-03-22T17:33:14.206+0900][9.970s][info][gc,metaspace   ] GC(452) Metaspace: 336K(512K)->336K(512K) NonClass: 318K(384K)->318K(384K) Class: 17K(128K)->17K(128K)
[2026-03-22T17:33:14.206+0900][9.970s][info][gc             ] GC(452) Pause Full (Ergonomics) 444M->101M(501M) 9.943ms
[2026-03-22T17:33:14.206+0900][9.970s][info][gc,cpu         ] GC(452) User=0.06s Sys=0.00s Real=0.01s
[2026-03-22T17:33:14.221+0900][9.985s][info][gc,start       ] GC(453) Pause Young (Allocation Failure)
[2026-03-22T17:33:14.226+0900][9.990s][info][gc,heap        ] GC(453) PSYoungGen: 152561K(163840K)->10496K(163840K) Eden: 152561K(153088K)->0K(153088K) From: 0K(10752K)->10496K(10752K)
[2026-03-22T17:33:14.226+0900][9.990s][info][gc,heap        ] GC(453) ParOldGen: 103430K(349696K)->197639K(349696K)
[2026-03-22T17:33:14.226+0900][9.990s][info][gc,metaspace   ] GC(453) Metaspace: 336K(512K)->336K(512K) NonClass: 318K(384K)->318K(384K) Class: 17K(128K)->17K(128K)
[2026-03-22T17:33:14.226+0900][9.990s][info][gc             ] GC(453) Pause Young (Allocation Failure) 249M->203M(501M) 4.982ms
[2026-03-22T17:33:14.226+0900][9.990s][info][gc,cpu         ] GC(453) User=0.00s Sys=0.00s Real=0.01s
[2026-03-22T17:33:14.243+0900][10.007s][info][gc,start       ] GC(454) Pause Young (Allocation Failure)
[2026-03-22T17:33:14.248+0900][10.012s][info][gc,heap        ] GC(454) PSYoungGen: 163057K(163840K)->10496K(163840K) Eden: 152561K(153088K)->0K(153088K) From: 10496K(10752K)->10496K(10752K)
[2026-03-22T17:33:14.248+0900][10.012s][info][gc,heap        ] GC(454) ParOldGen: 197639K(349696K)->291999K(349696K)
[2026-03-22T17:33:14.248+0900][10.012s][info][gc,metaspace   ] GC(454) Metaspace: 336K(512K)->336K(512K) NonClass: 318K(384K)->318K(384K) Class: 17K(128K)->17K(128K)
[2026-03-22T17:33:14.248+0900][10.012s][info][gc             ] GC(454) Pause Young (Allocation Failure) 352M->295M(501M) 5.037ms
[2026-03-22T17:33:14.248+0900][10.012s][info][gc,cpu         ] GC(454) User=0.06s Sys=0.00s Real=0.00s
[2026-03-22T17:33:14.266+0900][10.029s][info][gc,start       ] GC(455) Pause Full (Ergonomics)
[2026-03-22T17:33:14.266+0900][10.029s][info][gc,phases,start] GC(455) Marking Phase
[2026-03-22T17:33:14.267+0900][10.031s][info][gc,phases      ] GC(455) Marking Phase 1.310ms
[2026-03-22T17:33:14.267+0900][10.031s][info][gc,phases,start] GC(455) Summary Phase
[2026-03-22T17:33:14.267+0900][10.031s][info][gc,phases      ] GC(455) Summary Phase 0.024ms
[2026-03-22T17:33:14.267+0900][10.031s][info][gc,phases,start] GC(455) Adjust Roots
[2026-03-22T17:33:14.267+0900][10.031s][info][gc,phases      ] GC(455) Adjust Roots 0.265ms
[2026-03-22T17:33:14.267+0900][10.031s][info][gc,phases,start] GC(455) Compaction Phase
[2026-03-22T17:33:14.273+0900][10.037s][info][gc,phases      ] GC(455) Compaction Phase 6.139ms
[2026-03-22T17:33:14.273+0900][10.037s][info][gc,phases,start] GC(455) Post Compact
[2026-03-22T17:33:14.275+0900][10.039s][info][gc,phases      ] GC(455) Post Compact 1.576ms
[2026-03-22T17:33:14.275+0900][10.039s][info][gc,heap        ] GC(455) PSYoungGen: 163057K(163840K)->0K(163840K) Eden: 152561K(153088K)->0K(153088K) From: 10496K(10752K)->0K(10752K)
[2026-03-22T17:33:14.275+0900][10.039s][info][gc,heap        ] GC(455) ParOldGen: 291999K(349696K)->103430K(349696K)
[2026-03-22T17:33:14.275+0900][10.039s][info][gc,metaspace   ] GC(455) Metaspace: 336K(512K)->336K(512K) NonClass: 318K(384K)->318K(384K) Class: 17K(128K)->17K(128K)
[2026-03-22T17:33:14.275+0900][10.039s][info][gc             ] GC(455) Pause Full (Ergonomics) 444M->101M(501M) 9.616ms
[2026-03-22T17:33:14.275+0900][10.039s][info][gc,cpu         ] GC(455) User=0.00s Sys=0.00s Real=0.01s
[2026-03-22T17:33:14.291+0900][10.055s][info][gc,start       ] GC(456) Pause Young (Allocation Failure)
[2026-03-22T17:33:14.295+0900][10.060s][info][gc,heap        ] GC(456) PSYoungGen: 152561K(163840K)->10496K(163840K) Eden: 152561K(153088K)->0K(153088K) From: 0K(10752K)->10496K(10752K)
[2026-03-22T17:33:14.295+0900][10.060s][info][gc,heap        ] GC(456) ParOldGen: 103430K(349696K)->197639K(349696K)
[2026-03-22T17:33:14.295+0900][10.060s][info][gc,metaspace   ] GC(456) Metaspace: 336K(512K)->336K(512K) NonClass: 318K(384K)->318K(384K) Class: 17K(128K)->17K(128K)
[2026-03-22T17:33:14.295+0900][10.060s][info][gc             ] GC(456) Pause Young (Allocation Failure) 249M->203M(501M) 4.755ms
[2026-03-22T17:33:14.295+0900][10.060s][info][gc,cpu         ] GC(456) User=0.00s Sys=0.00s Real=0.00s
[2026-03-22T17:33:14.311+0900][10.075s][info][gc,start       ] GC(457) Pause Young (Allocation Failure)
[2026-03-22T17:33:14.317+0900][10.081s][info][gc,heap        ] GC(457) PSYoungGen: 163057K(163840K)->10496K(163840K) Eden: 152561K(153088K)->0K(153088K) From: 10496K(10752K)->10496K(10752K)
[2026-03-22T17:33:14.317+0900][10.081s][info][gc,heap        ] GC(457) ParOldGen: 197639K(349696K)->291999K(349696K)
[2026-03-22T17:33:14.317+0900][10.081s][info][gc,metaspace   ] GC(457) Metaspace: 336K(512K)->336K(512K) NonClass: 318K(384K)->318K(384K) Class: 17K(128K)->17K(128K)
[2026-03-22T17:33:14.317+0900][10.081s][info][gc             ] GC(457) Pause Young (Allocation Failure) 352M->295M(501M) 5.652ms
[2026-03-22T17:33:14.317+0900][10.081s][info][gc,cpu         ] GC(457) User=0.00s Sys=0.00s Real=0.01s
[2026-03-22T17:33:14.334+0900][10.098s][info][gc,start       ] GC(458) Pause Full (Ergonomics)
[2026-03-22T17:33:14.334+0900][10.098s][info][gc,phases,start] GC(458) Marking Phase
[2026-03-22T17:33:14.336+0900][10.099s][info][gc,phases      ] GC(458) Marking Phase 1.229ms
[2026-03-22T17:33:14.336+0900][10.100s][info][gc,phases,start] GC(458) Summary Phase
[2026-03-22T17:33:14.336+0900][10.100s][info][gc,phases      ] GC(458) Summary Phase 0.018ms
[2026-03-22T17:33:14.336+0900][10.100s][info][gc,phases,start] GC(458) Adjust Roots
[2026-03-22T17:33:14.336+0900][10.100s][info][gc,phases      ] GC(458) Adjust Roots 0.217ms
[2026-03-22T17:33:14.336+0900][10.100s][info][gc,phases,start] GC(458) Compaction Phase
[2026-03-22T17:33:14.341+0900][10.106s][info][gc,phases      ] GC(458) Compaction Phase 5.880ms
[2026-03-22T17:33:14.342+0900][10.106s][info][gc,phases,start] GC(458) Post Compact
[2026-03-22T17:33:14.343+0900][10.107s][info][gc,phases      ] GC(458) Post Compact 1.538ms
[2026-03-22T17:33:14.343+0900][10.107s][info][gc,heap        ] GC(458) PSYoungGen: 163057K(163840K)->0K(163840K) Eden: 152561K(153088K)->0K(153088K) From: 10496K(10752K)->0K(10752K)
[2026-03-22T17:33:14.343+0900][10.107s][info][gc,heap        ] GC(458) ParOldGen: 291999K(349696K)->103430K(349696K)
[2026-03-22T17:33:14.343+0900][10.107s][info][gc,metaspace   ] GC(458) Metaspace: 336K(512K)->336K(512K) NonClass: 318K(384K)->318K(384K) Class: 17K(128K)->17K(128K)
[2026-03-22T17:33:14.343+0900][10.107s][info][gc             ] GC(458) Pause Full (Ergonomics) 444M->101M(501M) 9.168ms
[2026-03-22T17:33:14.343+0900][10.107s][info][gc,cpu         ] GC(458) User=0.05s Sys=0.00s Real=0.01s
[2026-03-22T17:33:14.359+0900][10.123s][info][gc,start       ] GC(459) Pause Young (Allocation Failure)
[2026-03-22T17:33:14.363+0900][10.127s][info][gc,heap        ] GC(459) PSYoungGen: 152561K(163840K)->10496K(163840K) Eden: 152561K(153088K)->0K(153088K) From: 0K(10752K)->10496K(10752K)
[2026-03-22T17:33:14.363+0900][10.127s][info][gc,heap        ] GC(459) ParOldGen: 103430K(349696K)->197639K(349696K)
[2026-03-22T17:33:14.363+0900][10.127s][info][gc,metaspace   ] GC(459) Metaspace: 336K(512K)->336K(512K) NonClass: 318K(384K)->318K(384K) Class: 17K(128K)->17K(128K)
[2026-03-22T17:33:14.363+0900][10.127s][info][gc             ] GC(459) Pause Young (Allocation Failure) 249M->203M(501M) 4.537ms
[2026-03-22T17:33:14.363+0900][10.127s][info][gc,cpu         ] GC(459) User=0.00s Sys=0.00s Real=0.00s
[2026-03-22T17:33:14.380+0900][10.144s][info][gc,start       ] GC(460) Pause Young (Allocation Failure)
[2026-03-22T17:33:14.385+0900][10.149s][info][gc,heap        ] GC(460) PSYoungGen: 163057K(163840K)->10496K(163840K) Eden: 152561K(153088K)->0K(153088K) From: 10496K(10752K)->10496K(10752K)
[2026-03-22T17:33:14.385+0900][10.149s][info][gc,heap        ] GC(460) ParOldGen: 197639K(349696K)->291999K(349696K)
[2026-03-22T17:33:14.385+0900][10.149s][info][gc,metaspace   ] GC(460) Metaspace: 336K(512K)->336K(512K) NonClass: 318K(384K)->318K(384K) Class: 17K(128K)->17K(128K)
[2026-03-22T17:33:14.385+0900][10.149s][info][gc             ] GC(460) Pause Young (Allocation Failure) 352M->295M(501M) 5.210ms
[2026-03-22T17:33:14.386+0900][10.149s][info][gc,cpu         ] GC(460) User=0.06s Sys=0.00s Real=0.00s
[2026-03-22T17:33:14.401+0900][10.165s][info][gc,start       ] GC(461) Pause Full (Ergonomics)
[2026-03-22T17:33:14.401+0900][10.165s][info][gc,phases,start] GC(461) Marking Phase
[2026-03-22T17:33:14.403+0900][10.167s][info][gc,phases      ] GC(461) Marking Phase 1.240ms
[2026-03-22T17:33:14.403+0900][10.167s][info][gc,phases,start] GC(461) Summary Phase
[2026-03-22T17:33:14.403+0900][10.167s][info][gc,phases      ] GC(461) Summary Phase 0.018ms
[2026-03-22T17:33:14.403+0900][10.167s][info][gc,phases,start] GC(461) Adjust Roots
[2026-03-22T17:33:14.403+0900][10.167s][info][gc,phases      ] GC(461) Adjust Roots 0.188ms
[2026-03-22T17:33:14.403+0900][10.167s][info][gc,phases,start] GC(461) Compaction Phase
[2026-03-22T17:33:14.409+0900][10.172s][info][gc,phases      ] GC(461) Compaction Phase 5.597ms
[2026-03-22T17:33:14.409+0900][10.173s][info][gc,phases,start] GC(461) Post Compact
[2026-03-22T17:33:14.410+0900][10.174s][info][gc,phases      ] GC(461) Post Compact 1.492ms
[2026-03-22T17:33:14.410+0900][10.174s][info][gc,heap        ] GC(461) PSYoungGen: 163057K(163840K)->0K(163840K) Eden: 152561K(153088K)->0K(153088K) From: 10496K(10752K)->0K(10752K)
[2026-03-22T17:33:14.410+0900][10.174s][info][gc,heap        ] GC(461) ParOldGen: 291999K(349696K)->103430K(349696K)
[2026-03-22T17:33:14.410+0900][10.174s][info][gc,metaspace   ] GC(461) Metaspace: 336K(512K)->336K(512K) NonClass: 318K(384K)->318K(384K) Class: 17K(128K)->17K(128K)
[2026-03-22T17:33:14.410+0900][10.174s][info][gc             ] GC(461) Pause Full (Ergonomics) 444M->101M(501M) 8.791ms
[2026-03-22T17:33:14.410+0900][10.174s][info][gc,cpu         ] GC(461) User=0.00s Sys=0.00s Real=0.01s
[2026-03-22T17:33:14.425+0900][10.190s][info][gc,start       ] GC(462) Pause Young (Allocation Failure)
[2026-03-22T17:33:14.430+0900][10.194s][info][gc,heap        ] GC(462) PSYoungGen: 152561K(163840K)->10464K(163840K) Eden: 152561K(153088K)->0K(153088K) From: 0K(10752K)->10464K(10752K)
[2026-03-22T17:33:14.430+0900][10.195s][info][gc,heap        ] GC(462) ParOldGen: 103430K(349696K)->197639K(349696K)
[2026-03-22T17:33:14.430+0900][10.195s][info][gc,metaspace   ] GC(462) Metaspace: 336K(512K)->336K(512K) NonClass: 318K(384K)->318K(384K) Class: 17K(128K)->17K(128K)
[2026-03-22T17:33:14.430+0900][10.195s][info][gc             ] GC(462) Pause Young (Allocation Failure) 249M->203M(501M) 4.816ms
[2026-03-22T17:33:14.430+0900][10.195s][info][gc,cpu         ] GC(462) User=0.00s Sys=0.00s Real=0.01s
[2026-03-22T17:33:14.446+0900][10.210s][info][gc,start       ] GC(463) Pause Young (Allocation Failure)
[2026-03-22T17:33:14.451+0900][10.215s][info][gc,heap        ] GC(463) PSYoungGen: 163025K(163840K)->10464K(163840K) Eden: 152561K(153088K)->0K(153088K) From: 10464K(10752K)->10464K(10752K)
[2026-03-22T17:33:14.451+0900][10.215s][info][gc,heap        ] GC(463) ParOldGen: 197639K(349696K)->291999K(349696K)
[2026-03-22T17:33:14.451+0900][10.215s][info][gc,metaspace   ] GC(463) Metaspace: 336K(512K)->336K(512K) NonClass: 318K(384K)->318K(384K) Class: 17K(128K)->17K(128K)
[2026-03-22T17:33:14.451+0900][10.215s][info][gc             ] GC(463) Pause Young (Allocation Failure) 352M->295M(501M) 4.974ms
[2026-03-22T17:33:14.451+0900][10.215s][info][gc,cpu         ] GC(463) User=0.06s Sys=0.00s Real=0.00s
[2026-03-22T17:33:14.466+0900][10.229s][info][gc,start       ] GC(464) Pause Full (Ergonomics)
[2026-03-22T17:33:14.466+0900][10.229s][info][gc,phases,start] GC(464) Marking Phase
[2026-03-22T17:33:14.467+0900][10.231s][info][gc,phases      ] GC(464) Marking Phase 1.176ms
[2026-03-22T17:33:14.467+0900][10.231s][info][gc,phases,start] GC(464) Summary Phase
[2026-03-22T17:33:14.467+0900][10.231s][info][gc,phases      ] GC(464) Summary Phase 0.019ms
[2026-03-22T17:33:14.467+0900][10.231s][info][gc,phases,start] GC(464) Adjust Roots
[2026-03-22T17:33:14.467+0900][10.231s][info][gc,phases      ] GC(464) Adjust Roots 0.239ms
[2026-03-22T17:33:14.467+0900][10.231s][info][gc,phases,start] GC(464) Compaction Phase
[2026-03-22T17:33:14.473+0900][10.236s][info][gc,phases      ] GC(464) Compaction Phase 5.288ms
[2026-03-22T17:33:14.473+0900][10.236s][info][gc,phases,start] GC(464) Post Compact
[2026-03-22T17:33:14.474+0900][10.238s][info][gc,phases      ] GC(464) Post Compact 1.585ms
[2026-03-22T17:33:14.474+0900][10.238s][info][gc,heap        ] GC(464) PSYoungGen: 163025K(163840K)->0K(163840K) Eden: 152561K(153088K)->0K(153088K) From: 10464K(10752K)->0K(10752K)
[2026-03-22T17:33:14.474+0900][10.238s][info][gc,heap        ] GC(464) ParOldGen: 291999K(349696K)->103430K(349696K)
[2026-03-22T17:33:14.474+0900][10.238s][info][gc,metaspace   ] GC(464) Metaspace: 336K(512K)->336K(512K) NonClass: 318K(384K)->318K(384K) Class: 17K(128K)->17K(128K)
[2026-03-22T17:33:14.474+0900][10.238s][info][gc             ] GC(464) Pause Full (Ergonomics) 444M->101M(501M) 8.583ms
[2026-03-22T17:33:14.474+0900][10.238s][info][gc,cpu         ] GC(464) User=0.00s Sys=0.00s Real=0.01s
[2026-03-22T17:33:14.489+0900][10.254s][info][gc,start       ] GC(465) Pause Young (Allocation Failure)
[2026-03-22T17:33:14.494+0900][10.259s][info][gc,heap        ] GC(465) PSYoungGen: 152561K(163840K)->10496K(163840K) Eden: 152561K(153088K)->0K(153088K) From: 0K(10752K)->10496K(10752K)
[2026-03-22T17:33:14.495+0900][10.259s][info][gc,heap        ] GC(465) ParOldGen: 103430K(349696K)->197639K(349696K)
[2026-03-22T17:33:14.495+0900][10.259s][info][gc,metaspace   ] GC(465) Metaspace: 336K(512K)->336K(512K) NonClass: 318K(384K)->318K(384K) Class: 17K(128K)->17K(128K)
[2026-03-22T17:33:14.495+0900][10.259s][info][gc             ] GC(465) Pause Young (Allocation Failure) 249M->203M(501M) 5.197ms
[2026-03-22T17:33:14.495+0900][10.259s][info][gc,cpu         ] GC(465) User=0.06s Sys=0.00s Real=0.01s
[2026-03-22T17:33:14.513+0900][10.276s][info][gc,start       ] GC(466) Pause Young (Allocation Failure)
[2026-03-22T17:33:14.517+0900][10.281s][info][gc,heap        ] GC(466) PSYoungGen: 163057K(163840K)->10496K(163840K) Eden: 152561K(153088K)->0K(153088K) From: 10496K(10752K)->10496K(10752K)
[2026-03-22T17:33:14.517+0900][10.281s][info][gc,heap        ] GC(466) ParOldGen: 197639K(349696K)->291999K(349696K)
[2026-03-22T17:33:14.517+0900][10.281s][info][gc,metaspace   ] GC(466) Metaspace: 336K(512K)->336K(512K) NonClass: 318K(384K)->318K(384K) Class: 17K(128K)->17K(128K)
[2026-03-22T17:33:14.517+0900][10.281s][info][gc             ] GC(466) Pause Young (Allocation Failure) 352M->295M(501M) 5.053ms
[2026-03-22T17:33:14.517+0900][10.281s][info][gc,cpu         ] GC(466) User=0.00s Sys=0.00s Real=0.00s
[2026-03-22T17:33:14.533+0900][10.297s][info][gc,start       ] GC(467) Pause Full (Ergonomics)
[2026-03-22T17:33:14.533+0900][10.297s][info][gc,phases,start] GC(467) Marking Phase
[2026-03-22T17:33:14.535+0900][10.299s][info][gc,phases      ] GC(467) Marking Phase 1.491ms
[2026-03-22T17:33:14.535+0900][10.299s][info][gc,phases,start] GC(467) Summary Phase
[2026-03-22T17:33:14.535+0900][10.299s][info][gc,phases      ] GC(467) Summary Phase 0.019ms
[2026-03-22T17:33:14.535+0900][10.299s][info][gc,phases,start] GC(467) Adjust Roots
[2026-03-22T17:33:14.535+0900][10.299s][info][gc,phases      ] GC(467) Adjust Roots 0.205ms
[2026-03-22T17:33:14.535+0900][10.299s][info][gc,phases,start] GC(467) Compaction Phase
[2026-03-22T17:33:14.541+0900][10.305s][info][gc,phases      ] GC(467) Compaction Phase 6.094ms
[2026-03-22T17:33:14.541+0900][10.305s][info][gc,phases,start] GC(467) Post Compact
[2026-03-22T17:33:14.543+0900][10.307s][info][gc,phases      ] GC(467) Post Compact 1.522ms
[2026-03-22T17:33:14.543+0900][10.307s][info][gc,heap        ] GC(467) PSYoungGen: 163057K(163840K)->0K(163840K) Eden: 152561K(153088K)->0K(153088K) From: 10496K(10752K)->0K(10752K)
[2026-03-22T17:33:14.543+0900][10.307s][info][gc,heap        ] GC(467) ParOldGen: 291999K(349696K)->103430K(349696K)
[2026-03-22T17:33:14.543+0900][10.307s][info][gc,metaspace   ] GC(467) Metaspace: 336K(512K)->336K(512K) NonClass: 318K(384K)->318K(384K) Class: 17K(128K)->17K(128K)
[2026-03-22T17:33:14.543+0900][10.307s][info][gc             ] GC(467) Pause Full (Ergonomics) 444M->101M(501M) 9.656ms
[2026-03-22T17:33:14.543+0900][10.307s][info][gc,cpu         ] GC(467) User=0.06s Sys=0.00s Real=0.01s
[2026-03-22T17:33:14.557+0900][10.321s][info][gc,start       ] GC(468) Pause Young (Allocation Failure)
[2026-03-22T17:33:14.562+0900][10.326s][info][gc,heap        ] GC(468) PSYoungGen: 152561K(163840K)->10496K(163840K) Eden: 152561K(153088K)->0K(153088K) From: 0K(10752K)->10496K(10752K)
[2026-03-22T17:33:14.562+0900][10.326s][info][gc,heap        ] GC(468) ParOldGen: 103430K(349696K)->197639K(349696K)
[2026-03-22T17:33:14.562+0900][10.326s][info][gc,metaspace   ] GC(468) Metaspace: 336K(512K)->336K(512K) NonClass: 318K(384K)->318K(384K) Class: 17K(128K)->17K(128K)
[2026-03-22T17:33:14.562+0900][10.326s][info][gc             ] GC(468) Pause Young (Allocation Failure) 249M->203M(501M) 4.742ms
[2026-03-22T17:33:14.562+0900][10.326s][info][gc,cpu         ] GC(468) User=0.00s Sys=0.00s Real=0.01s
[2026-03-22T17:33:14.578+0900][10.342s][info][gc,start       ] GC(469) Pause Young (Allocation Failure)
[2026-03-22T17:33:14.583+0900][10.347s][info][gc,heap        ] GC(469) PSYoungGen: 163057K(163840K)->10496K(163840K) Eden: 152561K(153088K)->0K(153088K) From: 10496K(10752K)->10496K(10752K)
[2026-03-22T17:33:14.583+0900][10.347s][info][gc,heap        ] GC(469) ParOldGen: 197639K(349696K)->291999K(349696K)
[2026-03-22T17:33:14.583+0900][10.347s][info][gc,metaspace   ] GC(469) Metaspace: 336K(512K)->336K(512K) NonClass: 318K(384K)->318K(384K) Class: 17K(128K)->17K(128K)
[2026-03-22T17:33:14.583+0900][10.347s][info][gc             ] GC(469) Pause Young (Allocation Failure) 352M->295M(501M) 4.912ms
[2026-03-22T17:33:14.583+0900][10.347s][info][gc,cpu         ] GC(469) User=0.00s Sys=0.00s Real=0.00s
[2026-03-22T17:33:14.597+0900][10.362s][info][gc,start       ] GC(470) Pause Full (Ergonomics)
[2026-03-22T17:33:14.598+0900][10.362s][info][gc,phases,start] GC(470) Marking Phase
[2026-03-22T17:33:14.599+0900][10.363s][info][gc,phases      ] GC(470) Marking Phase 1.439ms
[2026-03-22T17:33:14.599+0900][10.363s][info][gc,phases,start] GC(470) Summary Phase
[2026-03-22T17:33:14.599+0900][10.363s][info][gc,phases      ] GC(470) Summary Phase 0.023ms
[2026-03-22T17:33:14.599+0900][10.363s][info][gc,phases,start] GC(470) Adjust Roots
[2026-03-22T17:33:14.599+0900][10.363s][info][gc,phases      ] GC(470) Adjust Roots 0.255ms
[2026-03-22T17:33:14.599+0900][10.363s][info][gc,phases,start] GC(470) Compaction Phase
[2026-03-22T17:33:14.605+0900][10.370s][info][gc,phases      ] GC(470) Compaction Phase 6.105ms
[2026-03-22T17:33:14.606+0900][10.370s][info][gc,phases,start] GC(470) Post Compact
[2026-03-22T17:33:14.607+0900][10.372s][info][gc,phases      ] GC(470) Post Compact 2.086ms
[2026-03-22T17:33:14.607+0900][10.372s][info][gc,heap        ] GC(470) PSYoungGen: 163057K(163840K)->0K(163840K) Eden: 152561K(153088K)->0K(153088K) From: 10496K(10752K)->0K(10752K)
[2026-03-22T17:33:14.607+0900][10.372s][info][gc,heap        ] GC(470) ParOldGen: 291999K(349696K)->103430K(349696K)
[2026-03-22T17:33:14.607+0900][10.372s][info][gc,metaspace   ] GC(470) Metaspace: 336K(512K)->336K(512K) NonClass: 318K(384K)->318K(384K) Class: 17K(128K)->17K(128K)
[2026-03-22T17:33:14.607+0900][10.372s][info][gc             ] GC(470) Pause Full (Ergonomics) 444M->101M(501M) 10.353ms
[2026-03-22T17:33:14.607+0900][10.372s][info][gc,cpu         ] GC(470) User=0.05s Sys=0.00s Real=0.01s
[2026-03-22T17:33:14.625+0900][10.389s][info][gc,start       ] GC(471) Pause Young (Allocation Failure)
[2026-03-22T17:33:14.630+0900][10.394s][info][gc,heap        ] GC(471) PSYoungGen: 152561K(163840K)->10496K(163840K) Eden: 152561K(153088K)->0K(153088K) From: 0K(10752K)->10496K(10752K)
[2026-03-22T17:33:14.630+0900][10.394s][info][gc,heap        ] GC(471) ParOldGen: 103430K(349696K)->197639K(349696K)
[2026-03-22T17:33:14.630+0900][10.394s][info][gc,metaspace   ] GC(471) Metaspace: 336K(512K)->336K(512K) NonClass: 318K(384K)->318K(384K) Class: 17K(128K)->17K(128K)
[2026-03-22T17:33:14.630+0900][10.394s][info][gc             ] GC(471) Pause Young (Allocation Failure) 249M->203M(501M) 5.102ms
[2026-03-22T17:33:14.630+0900][10.394s][info][gc,cpu         ] GC(471) User=0.00s Sys=0.00s Real=0.01s
[2026-03-22T17:33:14.645+0900][10.409s][info][gc,start       ] GC(472) Pause Young (Allocation Failure)
[2026-03-22T17:33:14.650+0900][10.414s][info][gc,heap        ] GC(472) PSYoungGen: 163057K(163840K)->10496K(163840K) Eden: 152561K(153088K)->0K(153088K) From: 10496K(10752K)->10496K(10752K)
[2026-03-22T17:33:14.650+0900][10.414s][info][gc,heap        ] GC(472) ParOldGen: 197639K(349696K)->291999K(349696K)
[2026-03-22T17:33:14.650+0900][10.414s][info][gc,metaspace   ] GC(472) Metaspace: 336K(512K)->336K(512K) NonClass: 318K(384K)->318K(384K) Class: 17K(128K)->17K(128K)
[2026-03-22T17:33:14.650+0900][10.414s][info][gc             ] GC(472) Pause Young (Allocation Failure) 352M->295M(501M) 5.051ms
[2026-03-22T17:33:14.650+0900][10.414s][info][gc,cpu         ] GC(472) User=0.00s Sys=0.00s Real=0.01s
[2026-03-22T17:33:14.667+0900][10.431s][info][gc,start       ] GC(473) Pause Full (Ergonomics)
[2026-03-22T17:33:14.667+0900][10.431s][info][gc,phases,start] GC(473) Marking Phase
[2026-03-22T17:33:14.668+0900][10.433s][info][gc,phases      ] GC(473) Marking Phase 1.367ms
[2026-03-22T17:33:14.668+0900][10.433s][info][gc,phases,start] GC(473) Summary Phase
[2026-03-22T17:33:14.668+0900][10.433s][info][gc,phases      ] GC(473) Summary Phase 0.035ms
[2026-03-22T17:33:14.668+0900][10.433s][info][gc,phases,start] GC(473) Adjust Roots
[2026-03-22T17:33:14.669+0900][10.433s][info][gc,phases      ] GC(473) Adjust Roots 0.283ms
[2026-03-22T17:33:14.669+0900][10.433s][info][gc,phases,start] GC(473) Compaction Phase
[2026-03-22T17:33:14.675+0900][10.439s][info][gc,phases      ] GC(473) Compaction Phase 5.925ms
[2026-03-22T17:33:14.675+0900][10.439s][info][gc,phases,start] GC(473) Post Compact
[2026-03-22T17:33:14.676+0900][10.441s][info][gc,phases      ] GC(473) Post Compact 1.571ms
[2026-03-22T17:33:14.676+0900][10.441s][info][gc,heap        ] GC(473) PSYoungGen: 163057K(163840K)->0K(163840K) Eden: 152561K(153088K)->0K(153088K) From: 10496K(10752K)->0K(10752K)
[2026-03-22T17:33:14.676+0900][10.441s][info][gc,heap        ] GC(473) ParOldGen: 291999K(349696K)->103430K(349696K)
[2026-03-22T17:33:14.676+0900][10.441s][info][gc,metaspace   ] GC(473) Metaspace: 336K(512K)->336K(512K) NonClass: 318K(384K)->318K(384K) Class: 17K(128K)->17K(128K)
[2026-03-22T17:33:14.676+0900][10.441s][info][gc             ] GC(473) Pause Full (Ergonomics) 444M->101M(501M) 9.488ms
[2026-03-22T17:33:14.676+0900][10.441s][info][gc,cpu         ] GC(473) User=0.00s Sys=0.00s Real=0.01s
[2026-03-22T17:33:14.691+0900][10.455s][info][gc,start       ] GC(474) Pause Young (Allocation Failure)
[2026-03-22T17:33:14.696+0900][10.460s][info][gc,heap        ] GC(474) PSYoungGen: 152561K(163840K)->10496K(163840K) Eden: 152561K(153088K)->0K(153088K) From: 0K(10752K)->10496K(10752K)
[2026-03-22T17:33:14.696+0900][10.460s][info][gc,heap        ] GC(474) ParOldGen: 103430K(349696K)->197639K(349696K)
[2026-03-22T17:33:14.696+0900][10.460s][info][gc,metaspace   ] GC(474) Metaspace: 336K(512K)->336K(512K) NonClass: 318K(384K)->318K(384K) Class: 17K(128K)->17K(128K)
[2026-03-22T17:33:14.696+0900][10.460s][info][gc             ] GC(474) Pause Young (Allocation Failure) 249M->203M(501M) 4.809ms
[2026-03-22T17:33:14.696+0900][10.460s][info][gc,cpu         ] GC(474) User=0.00s Sys=0.00s Real=0.01s
[2026-03-22T17:33:14.713+0900][10.477s][info][gc,start       ] GC(475) Pause Young (Allocation Failure)
[2026-03-22T17:33:14.718+0900][10.482s][info][gc,heap        ] GC(475) PSYoungGen: 163057K(163840K)->10464K(163840K) Eden: 152561K(153088K)->0K(153088K) From: 10496K(10752K)->10464K(10752K)
[2026-03-22T17:33:14.718+0900][10.483s][info][gc,heap        ] GC(475) ParOldGen: 197639K(349696K)->291999K(349696K)
[2026-03-22T17:33:14.718+0900][10.483s][info][gc,metaspace   ] GC(475) Metaspace: 336K(512K)->336K(512K) NonClass: 318K(384K)->318K(384K) Class: 17K(128K)->17K(128K)
[2026-03-22T17:33:14.718+0900][10.483s][info][gc             ] GC(475) Pause Young (Allocation Failure) 352M->295M(501M) 5.550ms
[2026-03-22T17:33:14.718+0900][10.483s][info][gc,cpu         ] GC(475) User=0.00s Sys=0.00s Real=0.00s
[2026-03-22T17:33:14.735+0900][10.499s][info][gc,start       ] GC(476) Pause Full (Ergonomics)
[2026-03-22T17:33:14.735+0900][10.499s][info][gc,phases,start] GC(476) Marking Phase
[2026-03-22T17:33:14.736+0900][10.500s][info][gc,phases      ] GC(476) Marking Phase 1.147ms
[2026-03-22T17:33:14.736+0900][10.500s][info][gc,phases,start] GC(476) Summary Phase
[2026-03-22T17:33:14.736+0900][10.500s][info][gc,phases      ] GC(476) Summary Phase 0.019ms
[2026-03-22T17:33:14.736+0900][10.500s][info][gc,phases,start] GC(476) Adjust Roots
[2026-03-22T17:33:14.737+0900][10.501s][info][gc,phases      ] GC(476) Adjust Roots 0.200ms
[2026-03-22T17:33:14.737+0900][10.501s][info][gc,phases,start] GC(476) Compaction Phase
[2026-03-22T17:33:14.742+0900][10.506s][info][gc,phases      ] GC(476) Compaction Phase 5.707ms
[2026-03-22T17:33:14.742+0900][10.506s][info][gc,phases,start] GC(476) Post Compact
[2026-03-22T17:33:14.744+0900][10.508s][info][gc,phases      ] GC(476) Post Compact 1.531ms
[2026-03-22T17:33:14.744+0900][10.508s][info][gc,heap        ] GC(476) PSYoungGen: 163025K(163840K)->0K(163840K) Eden: 152561K(153088K)->0K(153088K) From: 10464K(10752K)->0K(10752K)
[2026-03-22T17:33:14.744+0900][10.508s][info][gc,heap        ] GC(476) ParOldGen: 291999K(349696K)->103430K(349696K)
[2026-03-22T17:33:14.744+0900][10.508s][info][gc,metaspace   ] GC(476) Metaspace: 336K(512K)->336K(512K) NonClass: 318K(384K)->318K(384K) Class: 17K(128K)->17K(128K)
[2026-03-22T17:33:14.744+0900][10.508s][info][gc             ] GC(476) Pause Full (Ergonomics) 444M->101M(501M) 8.865ms
[2026-03-22T17:33:14.744+0900][10.508s][info][gc,cpu         ] GC(476) User=0.00s Sys=0.00s Real=0.01s
[2026-03-22T17:33:14.758+0900][10.522s][info][gc,start       ] GC(477) Pause Young (Allocation Failure)
[2026-03-22T17:33:14.763+0900][10.527s][info][gc,heap        ] GC(477) PSYoungGen: 152561K(163840K)->10496K(163840K) Eden: 152561K(153088K)->0K(153088K) From: 0K(10752K)->10496K(10752K)
[2026-03-22T17:33:14.763+0900][10.527s][info][gc,heap        ] GC(477) ParOldGen: 103430K(349696K)->197639K(349696K)
[2026-03-22T17:33:14.763+0900][10.527s][info][gc,metaspace   ] GC(477) Metaspace: 336K(512K)->336K(512K) NonClass: 318K(384K)->318K(384K) Class: 17K(128K)->17K(128K)
[2026-03-22T17:33:14.763+0900][10.527s][info][gc             ] GC(477) Pause Young (Allocation Failure) 249M->203M(501M) 4.868ms
[2026-03-22T17:33:14.763+0900][10.528s][info][gc,cpu         ] GC(477) User=0.06s Sys=0.00s Real=0.01s
[2026-03-22T17:33:14.778+0900][10.542s][info][gc,start       ] GC(478) Pause Young (Allocation Failure)
[2026-03-22T17:33:14.783+0900][10.547s][info][gc,heap        ] GC(478) PSYoungGen: 163057K(163840K)->10496K(163840K) Eden: 152561K(153088K)->0K(153088K) From: 10496K(10752K)->10496K(10752K)
[2026-03-22T17:33:14.783+0900][10.547s][info][gc,heap        ] GC(478) ParOldGen: 197639K(349696K)->291999K(349696K)
[2026-03-22T17:33:14.783+0900][10.547s][info][gc,metaspace   ] GC(478) Metaspace: 336K(512K)->336K(512K) NonClass: 318K(384K)->318K(384K) Class: 17K(128K)->17K(128K)
[2026-03-22T17:33:14.783+0900][10.547s][info][gc             ] GC(478) Pause Young (Allocation Failure) 352M->295M(501M) 5.199ms
[2026-03-22T17:33:14.783+0900][10.547s][info][gc,cpu         ] GC(478) User=0.00s Sys=0.00s Real=0.00s
[2026-03-22T17:33:14.799+0900][10.563s][info][gc,start       ] GC(479) Pause Full (Ergonomics)
[2026-03-22T17:33:14.799+0900][10.563s][info][gc,phases,start] GC(479) Marking Phase
[2026-03-22T17:33:14.800+0900][10.564s][info][gc,phases      ] GC(479) Marking Phase 1.253ms
[2026-03-22T17:33:14.800+0900][10.564s][info][gc,phases,start] GC(479) Summary Phase
[2026-03-22T17:33:14.800+0900][10.564s][info][gc,phases      ] GC(479) Summary Phase 0.024ms
[2026-03-22T17:33:14.800+0900][10.564s][info][gc,phases,start] GC(479) Adjust Roots
[2026-03-22T17:33:14.800+0900][10.564s][info][gc,phases      ] GC(479) Adjust Roots 0.253ms
[2026-03-22T17:33:14.801+0900][10.564s][info][gc,phases,start] GC(479) Compaction Phase
[2026-03-22T17:33:14.806+0900][10.570s][info][gc,phases      ] GC(479) Compaction Phase 5.780ms
[2026-03-22T17:33:14.806+0900][10.570s][info][gc,phases,start] GC(479) Post Compact
[2026-03-22T17:33:14.808+0900][10.572s][info][gc,phases      ] GC(479) Post Compact 1.776ms
[2026-03-22T17:33:14.808+0900][10.572s][info][gc,heap        ] GC(479) PSYoungGen: 163057K(163840K)->0K(163840K) Eden: 152561K(153088K)->0K(153088K) From: 10496K(10752K)->0K(10752K)
[2026-03-22T17:33:14.808+0900][10.572s][info][gc,heap        ] GC(479) ParOldGen: 291999K(349696K)->103430K(349696K)
[2026-03-22T17:33:14.808+0900][10.572s][info][gc,metaspace   ] GC(479) Metaspace: 336K(512K)->336K(512K) NonClass: 318K(384K)->318K(384K) Class: 17K(128K)->17K(128K)
[2026-03-22T17:33:14.808+0900][10.572s][info][gc             ] GC(479) Pause Full (Ergonomics) 444M->101M(501M) 9.429ms
[2026-03-22T17:33:14.808+0900][10.572s][info][gc,cpu         ] GC(479) User=0.03s Sys=0.00s Real=0.01s
[2026-03-22T17:33:14.823+0900][10.587s][info][gc,start       ] GC(480) Pause Young (Allocation Failure)
[2026-03-22T17:33:14.828+0900][10.593s][info][gc,heap        ] GC(480) PSYoungGen: 152561K(163840K)->10464K(163840K) Eden: 152561K(153088K)->0K(153088K) From: 0K(10752K)->10464K(10752K)
[2026-03-22T17:33:14.828+0900][10.593s][info][gc,heap        ] GC(480) ParOldGen: 103430K(349696K)->197639K(349696K)
[2026-03-22T17:33:14.828+0900][10.593s][info][gc,metaspace   ] GC(480) Metaspace: 336K(512K)->336K(512K) NonClass: 318K(384K)->318K(384K) Class: 17K(128K)->17K(128K)
[2026-03-22T17:33:14.828+0900][10.593s][info][gc             ] GC(480) Pause Young (Allocation Failure) 249M->203M(501M) 5.583ms
[2026-03-22T17:33:14.828+0900][10.593s][info][gc,cpu         ] GC(480) User=0.00s Sys=0.00s Real=0.01s
[2026-03-22T17:33:14.846+0900][10.610s][info][gc,start       ] GC(481) Pause Young (Allocation Failure)
[2026-03-22T17:33:14.851+0900][10.615s][info][gc,heap        ] GC(481) PSYoungGen: 163025K(163840K)->10496K(163840K) Eden: 152561K(153088K)->0K(153088K) From: 10464K(10752K)->10496K(10752K)
[2026-03-22T17:33:14.851+0900][10.615s][info][gc,heap        ] GC(481) ParOldGen: 197639K(349696K)->291999K(349696K)
[2026-03-22T17:33:14.851+0900][10.615s][info][gc,metaspace   ] GC(481) Metaspace: 336K(512K)->336K(512K) NonClass: 318K(384K)->318K(384K) Class: 17K(128K)->17K(128K)
[2026-03-22T17:33:14.851+0900][10.615s][info][gc             ] GC(481) Pause Young (Allocation Failure) 352M->295M(501M) 4.986ms
[2026-03-22T17:33:14.851+0900][10.615s][info][gc,cpu         ] GC(481) User=0.00s Sys=0.00s Real=0.01s
[2026-03-22T17:33:14.866+0900][10.630s][info][gc,start       ] GC(482) Pause Full (Ergonomics)
[2026-03-22T17:33:14.866+0900][10.630s][info][gc,phases,start] GC(482) Marking Phase
[2026-03-22T17:33:14.867+0900][10.632s][info][gc,phases      ] GC(482) Marking Phase 1.385ms
[2026-03-22T17:33:14.867+0900][10.632s][info][gc,phases,start] GC(482) Summary Phase
[2026-03-22T17:33:14.867+0900][10.632s][info][gc,phases      ] GC(482) Summary Phase 0.029ms
[2026-03-22T17:33:14.867+0900][10.632s][info][gc,phases,start] GC(482) Adjust Roots
[2026-03-22T17:33:14.868+0900][10.632s][info][gc,phases      ] GC(482) Adjust Roots 0.247ms
[2026-03-22T17:33:14.868+0900][10.632s][info][gc,phases,start] GC(482) Compaction Phase
[2026-03-22T17:33:14.874+0900][10.638s][info][gc,phases      ] GC(482) Compaction Phase 5.828ms
[2026-03-22T17:33:14.874+0900][10.638s][info][gc,phases,start] GC(482) Post Compact
[2026-03-22T17:33:14.876+0900][10.640s][info][gc,phases      ] GC(482) Post Compact 1.885ms
[2026-03-22T17:33:14.876+0900][10.640s][info][gc,heap        ] GC(482) PSYoungGen: 163057K(163840K)->0K(163840K) Eden: 152561K(153088K)->0K(153088K) From: 10496K(10752K)->0K(10752K)
[2026-03-22T17:33:14.876+0900][10.640s][info][gc,heap        ] GC(482) ParOldGen: 291999K(349696K)->103430K(349696K)
[2026-03-22T17:33:14.876+0900][10.640s][info][gc,metaspace   ] GC(482) Metaspace: 336K(512K)->336K(512K) NonClass: 318K(384K)->318K(384K) Class: 17K(128K)->17K(128K)
[2026-03-22T17:33:14.876+0900][10.640s][info][gc             ] GC(482) Pause Full (Ergonomics) 444M->101M(501M) 9.729ms
[2026-03-22T17:33:14.876+0900][10.640s][info][gc,cpu         ] GC(482) User=0.06s Sys=0.00s Real=0.01s
[2026-03-22T17:33:14.891+0900][10.655s][info][gc,start       ] GC(483) Pause Young (Allocation Failure)
[2026-03-22T17:33:14.896+0900][10.660s][info][gc,heap        ] GC(483) PSYoungGen: 152561K(163840K)->10496K(163840K) Eden: 152561K(153088K)->0K(153088K) From: 0K(10752K)->10496K(10752K)
[2026-03-22T17:33:14.896+0900][10.660s][info][gc,heap        ] GC(483) ParOldGen: 103430K(349696K)->197639K(349696K)
[2026-03-22T17:33:14.896+0900][10.660s][info][gc,metaspace   ] GC(483) Metaspace: 336K(512K)->336K(512K) NonClass: 318K(384K)->318K(384K) Class: 17K(128K)->17K(128K)
[2026-03-22T17:33:14.896+0900][10.660s][info][gc             ] GC(483) Pause Young (Allocation Failure) 249M->203M(501M) 5.140ms
[2026-03-22T17:33:14.896+0900][10.661s][info][gc,cpu         ] GC(483) User=0.00s Sys=0.00s Real=0.00s
[2026-03-22T17:33:14.911+0900][10.675s][info][gc,start       ] GC(484) Pause Young (Allocation Failure)
[2026-03-22T17:33:14.915+0900][10.680s][info][gc,heap        ] GC(484) PSYoungGen: 163057K(163840K)->10496K(163840K) Eden: 152561K(153088K)->0K(153088K) From: 10496K(10752K)->10496K(10752K)
[2026-03-22T17:33:14.915+0900][10.680s][info][gc,heap        ] GC(484) ParOldGen: 197639K(349696K)->291999K(349696K)
[2026-03-22T17:33:14.915+0900][10.680s][info][gc,metaspace   ] GC(484) Metaspace: 336K(512K)->336K(512K) NonClass: 318K(384K)->318K(384K) Class: 17K(128K)->17K(128K)
[2026-03-22T17:33:14.915+0900][10.680s][info][gc             ] GC(484) Pause Young (Allocation Failure) 352M->295M(501M) 5.007ms
[2026-03-22T17:33:14.915+0900][10.680s][info][gc,cpu         ] GC(484) User=0.03s Sys=0.00s Real=0.00s
[2026-03-22T17:33:14.933+0900][10.697s][info][gc,start       ] GC(485) Pause Full (Ergonomics)
[2026-03-22T17:33:14.933+0900][10.697s][info][gc,phases,start] GC(485) Marking Phase
[2026-03-22T17:33:14.934+0900][10.698s][info][gc,phases      ] GC(485) Marking Phase 1.132ms
[2026-03-22T17:33:14.934+0900][10.698s][info][gc,phases,start] GC(485) Summary Phase
[2026-03-22T17:33:14.934+0900][10.698s][info][gc,phases      ] GC(485) Summary Phase 0.022ms
[2026-03-22T17:33:14.934+0900][10.698s][info][gc,phases,start] GC(485) Adjust Roots
[2026-03-22T17:33:14.934+0900][10.698s][info][gc,phases      ] GC(485) Adjust Roots 0.181ms
[2026-03-22T17:33:14.935+0900][10.698s][info][gc,phases,start] GC(485) Compaction Phase
[2026-03-22T17:33:14.940+0900][10.704s][info][gc,phases      ] GC(485) Compaction Phase 5.471ms
[2026-03-22T17:33:14.940+0900][10.704s][info][gc,phases,start] GC(485) Post Compact
[2026-03-22T17:33:14.941+0900][10.705s][info][gc,phases      ] GC(485) Post Compact 1.544ms
[2026-03-22T17:33:14.941+0900][10.705s][info][gc,heap        ] GC(485) PSYoungGen: 163057K(163840K)->0K(163840K) Eden: 152561K(153088K)->0K(153088K) From: 10496K(10752K)->0K(10752K)
[2026-03-22T17:33:14.941+0900][10.705s][info][gc,heap        ] GC(485) ParOldGen: 291999K(349696K)->103430K(349696K)
[2026-03-22T17:33:14.941+0900][10.705s][info][gc,metaspace   ] GC(485) Metaspace: 336K(512K)->336K(512K) NonClass: 318K(384K)->318K(384K) Class: 17K(128K)->17K(128K)
[2026-03-22T17:33:14.941+0900][10.705s][info][gc             ] GC(485) Pause Full (Ergonomics) 444M->101M(501M) 8.708ms
[2026-03-22T17:33:14.941+0900][10.706s][info][gc,cpu         ] GC(485) User=0.00s Sys=0.00s Real=0.01s
[2026-03-22T17:33:14.956+0900][10.721s][info][gc,start       ] GC(486) Pause Young (Allocation Failure)
[2026-03-22T17:33:14.961+0900][10.725s][info][gc,heap        ] GC(486) PSYoungGen: 152561K(163840K)->10496K(163840K) Eden: 152561K(153088K)->0K(153088K) From: 0K(10752K)->10496K(10752K)
[2026-03-22T17:33:14.961+0900][10.725s][info][gc,heap        ] GC(486) ParOldGen: 103430K(349696K)->197639K(349696K)
[2026-03-22T17:33:14.961+0900][10.725s][info][gc,metaspace   ] GC(486) Metaspace: 336K(512K)->336K(512K) NonClass: 318K(384K)->318K(384K) Class: 17K(128K)->17K(128K)
[2026-03-22T17:33:14.961+0900][10.725s][info][gc             ] GC(486) Pause Young (Allocation Failure) 249M->203M(501M) 4.851ms
[2026-03-22T17:33:14.961+0900][10.725s][info][gc,cpu         ] GC(486) User=0.00s Sys=0.00s Real=0.00s
[2026-03-22T17:33:14.976+0900][10.740s][info][gc,start       ] GC(487) Pause Young (Allocation Failure)
[2026-03-22T17:33:14.980+0900][10.745s][info][gc,heap        ] GC(487) PSYoungGen: 163057K(163840K)->10496K(163840K) Eden: 152561K(153088K)->0K(153088K) From: 10496K(10752K)->10496K(10752K)
[2026-03-22T17:33:14.980+0900][10.745s][info][gc,heap        ] GC(487) ParOldGen: 197639K(349696K)->291999K(349696K)
[2026-03-22T17:33:14.980+0900][10.745s][info][gc,metaspace   ] GC(487) Metaspace: 336K(512K)->336K(512K) NonClass: 318K(384K)->318K(384K) Class: 17K(128K)->17K(128K)
[2026-03-22T17:33:14.980+0900][10.745s][info][gc             ] GC(487) Pause Young (Allocation Failure) 352M->295M(501M) 4.804ms
[2026-03-22T17:33:14.980+0900][10.745s][info][gc,cpu         ] GC(487) User=0.06s Sys=0.00s Real=0.00s
[2026-03-22T17:33:14.998+0900][10.762s][info][gc,start       ] GC(488) Pause Full (Ergonomics)
[2026-03-22T17:33:14.998+0900][10.763s][info][gc,phases,start] GC(488) Marking Phase
[2026-03-22T17:33:15.000+0900][10.764s][info][gc,phases      ] GC(488) Marking Phase 1.253ms
[2026-03-22T17:33:15.000+0900][10.764s][info][gc,phases,start] GC(488) Summary Phase
[2026-03-22T17:33:15.000+0900][10.764s][info][gc,phases      ] GC(488) Summary Phase 0.021ms
[2026-03-22T17:33:15.000+0900][10.764s][info][gc,phases,start] GC(488) Adjust Roots
[2026-03-22T17:33:15.000+0900][10.764s][info][gc,phases      ] GC(488) Adjust Roots 0.219ms
[2026-03-22T17:33:15.000+0900][10.764s][info][gc,phases,start] GC(488) Compaction Phase
[2026-03-22T17:33:15.006+0900][10.770s][info][gc,phases      ] GC(488) Compaction Phase 5.573ms
[2026-03-22T17:33:15.006+0900][10.770s][info][gc,phases,start] GC(488) Post Compact
[2026-03-22T17:33:15.007+0900][10.771s][info][gc,phases      ] GC(488) Post Compact 1.390ms
[2026-03-22T17:33:15.007+0900][10.771s][info][gc,heap        ] GC(488) PSYoungGen: 163057K(163840K)->0K(163840K) Eden: 152561K(153088K)->0K(153088K) From: 10496K(10752K)->0K(10752K)
[2026-03-22T17:33:15.007+0900][10.771s][info][gc,heap        ] GC(488) ParOldGen: 291999K(349696K)->103430K(349696K)
[2026-03-22T17:33:15.007+0900][10.771s][info][gc,metaspace   ] GC(488) Metaspace: 336K(512K)->336K(512K) NonClass: 318K(384K)->318K(384K) Class: 17K(128K)->17K(128K)
[2026-03-22T17:33:15.007+0900][10.771s][info][gc             ] GC(488) Pause Full (Ergonomics) 444M->101M(501M) 8.747ms
[2026-03-22T17:33:15.007+0900][10.771s][info][gc,cpu         ] GC(488) User=0.00s Sys=0.00s Real=0.01s
[2026-03-22T17:33:15.023+0900][10.787s][info][gc,start       ] GC(489) Pause Young (Allocation Failure)
[2026-03-22T17:33:15.028+0900][10.792s][info][gc,heap        ] GC(489) PSYoungGen: 152561K(163840K)->10496K(163840K) Eden: 152561K(153088K)->0K(153088K) From: 0K(10752K)->10496K(10752K)
[2026-03-22T17:33:15.028+0900][10.792s][info][gc,heap        ] GC(489) ParOldGen: 103430K(349696K)->197639K(349696K)
[2026-03-22T17:33:15.028+0900][10.792s][info][gc,metaspace   ] GC(489) Metaspace: 336K(512K)->336K(512K) NonClass: 318K(384K)->318K(384K) Class: 17K(128K)->17K(128K)
[2026-03-22T17:33:15.028+0900][10.792s][info][gc             ] GC(489) Pause Young (Allocation Failure) 249M->203M(501M) 4.746ms
[2026-03-22T17:33:15.028+0900][10.792s][info][gc,cpu         ] GC(489) User=0.05s Sys=0.00s Real=0.01s
[2026-03-22T17:33:15.044+0900][10.808s][info][gc,start       ] GC(490) Pause Young (Allocation Failure)
[2026-03-22T17:33:15.048+0900][10.812s][info][gc,heap        ] GC(490) PSYoungGen: 163057K(163840K)->10496K(163840K) Eden: 152561K(153088K)->0K(153088K) From: 10496K(10752K)->10496K(10752K)
[2026-03-22T17:33:15.048+0900][10.812s][info][gc,heap        ] GC(490) ParOldGen: 197639K(349696K)->291999K(349696K)
[2026-03-22T17:33:15.048+0900][10.812s][info][gc,metaspace   ] GC(490) Metaspace: 336K(512K)->336K(512K) NonClass: 318K(384K)->318K(384K) Class: 17K(128K)->17K(128K)
[2026-03-22T17:33:15.048+0900][10.812s][info][gc             ] GC(490) Pause Young (Allocation Failure) 352M->295M(501M) 4.887ms
[2026-03-22T17:33:15.048+0900][10.812s][info][gc,cpu         ] GC(490) User=0.00s Sys=0.00s Real=0.00s
[2026-03-22T17:33:15.063+0900][10.827s][info][gc,start       ] GC(491) Pause Full (Ergonomics)
[2026-03-22T17:33:15.063+0900][10.827s][info][gc,phases,start] GC(491) Marking Phase
[2026-03-22T17:33:15.064+0900][10.828s][info][gc,phases      ] GC(491) Marking Phase 1.367ms
[2026-03-22T17:33:15.064+0900][10.829s][info][gc,phases,start] GC(491) Summary Phase
[2026-03-22T17:33:15.064+0900][10.829s][info][gc,phases      ] GC(491) Summary Phase 0.024ms
[2026-03-22T17:33:15.064+0900][10.829s][info][gc,phases,start] GC(491) Adjust Roots
[2026-03-22T17:33:15.064+0900][10.829s][info][gc,phases      ] GC(491) Adjust Roots 0.269ms
[2026-03-22T17:33:15.064+0900][10.829s][info][gc,phases,start] GC(491) Compaction Phase
[2026-03-22T17:33:15.070+0900][10.835s][info][gc,phases      ] GC(491) Compaction Phase 5.684ms
[2026-03-22T17:33:15.070+0900][10.835s][info][gc,phases,start] GC(491) Post Compact
[2026-03-22T17:33:15.072+0900][10.836s][info][gc,phases      ] GC(491) Post Compact 1.548ms
[2026-03-22T17:33:15.072+0900][10.836s][info][gc,heap        ] GC(491) PSYoungGen: 163057K(163840K)->0K(163840K) Eden: 152561K(153088K)->0K(153088K) From: 10496K(10752K)->0K(10752K)
[2026-03-22T17:33:15.072+0900][10.836s][info][gc,heap        ] GC(491) ParOldGen: 291999K(349696K)->103430K(349696K)
[2026-03-22T17:33:15.072+0900][10.836s][info][gc,metaspace   ] GC(491) Metaspace: 336K(512K)->336K(512K) NonClass: 318K(384K)->318K(384K) Class: 17K(128K)->17K(128K)
[2026-03-22T17:33:15.072+0900][10.836s][info][gc             ] GC(491) Pause Full (Ergonomics) 444M->101M(501M) 9.251ms
[2026-03-22T17:33:15.072+0900][10.836s][info][gc,cpu         ] GC(491) User=0.00s Sys=0.02s Real=0.01s
[2026-03-22T17:33:15.089+0900][10.854s][info][gc,start       ] GC(492) Pause Young (Allocation Failure)
[2026-03-22T17:33:15.095+0900][10.859s][info][gc,heap        ] GC(492) PSYoungGen: 152561K(163840K)->10496K(163840K) Eden: 152561K(153088K)->0K(153088K) From: 0K(10752K)->10496K(10752K)
[2026-03-22T17:33:15.095+0900][10.859s][info][gc,heap        ] GC(492) ParOldGen: 103430K(349696K)->197639K(349696K)
[2026-03-22T17:33:15.095+0900][10.859s][info][gc,metaspace   ] GC(492) Metaspace: 336K(512K)->336K(512K) NonClass: 318K(384K)->318K(384K) Class: 17K(128K)->17K(128K)
[2026-03-22T17:33:15.095+0900][10.859s][info][gc             ] GC(492) Pause Young (Allocation Failure) 249M->203M(501M) 4.862ms
[2026-03-22T17:33:15.095+0900][10.859s][info][gc,cpu         ] GC(492) User=0.00s Sys=0.00s Real=0.01s
[2026-03-22T17:33:15.110+0900][10.874s][info][gc,start       ] GC(493) Pause Young (Allocation Failure)
[2026-03-22T17:33:15.115+0900][10.879s][info][gc,heap        ] GC(493) PSYoungGen: 163057K(163840K)->10496K(163840K) Eden: 152561K(153088K)->0K(153088K) From: 10496K(10752K)->10496K(10752K)
[2026-03-22T17:33:15.115+0900][10.879s][info][gc,heap        ] GC(493) ParOldGen: 197639K(349696K)->291999K(349696K)
[2026-03-22T17:33:15.115+0900][10.879s][info][gc,metaspace   ] GC(493) Metaspace: 336K(512K)->336K(512K) NonClass: 318K(384K)->318K(384K) Class: 17K(128K)->17K(128K)
[2026-03-22T17:33:15.115+0900][10.879s][info][gc             ] GC(493) Pause Young (Allocation Failure) 352M->295M(501M) 5.082ms
[2026-03-22T17:33:15.115+0900][10.879s][info][gc,cpu         ] GC(493) User=0.00s Sys=0.00s Real=0.01s
[2026-03-22T17:33:15.130+0900][10.894s][info][gc,start       ] GC(494) Pause Full (Ergonomics)
[2026-03-22T17:33:15.130+0900][10.894s][info][gc,phases,start] GC(494) Marking Phase
[2026-03-22T17:33:15.131+0900][10.895s][info][gc,phases      ] GC(494) Marking Phase 1.174ms
[2026-03-22T17:33:15.131+0900][10.895s][info][gc,phases,start] GC(494) Summary Phase
[2026-03-22T17:33:15.132+0900][10.895s][info][gc,phases      ] GC(494) Summary Phase 0.023ms
[2026-03-22T17:33:15.132+0900][10.895s][info][gc,phases,start] GC(494) Adjust Roots
[2026-03-22T17:33:15.132+0900][10.896s][info][gc,phases      ] GC(494) Adjust Roots 0.279ms
[2026-03-22T17:33:15.132+0900][10.896s][info][gc,phases,start] GC(494) Compaction Phase
[2026-03-22T17:33:15.137+0900][10.901s][info][gc,phases      ] GC(494) Compaction Phase 5.529ms
[2026-03-22T17:33:15.137+0900][10.901s][info][gc,phases,start] GC(494) Post Compact
[2026-03-22T17:33:15.139+0900][10.903s][info][gc,phases      ] GC(494) Post Compact 2.061ms
[2026-03-22T17:33:15.139+0900][10.903s][info][gc,heap        ] GC(494) PSYoungGen: 163057K(163840K)->0K(163840K) Eden: 152561K(153088K)->0K(153088K) From: 10496K(10752K)->0K(10752K)
[2026-03-22T17:33:15.139+0900][10.903s][info][gc,heap        ] GC(494) ParOldGen: 291999K(349696K)->103430K(349696K)
[2026-03-22T17:33:15.139+0900][10.904s][info][gc,metaspace   ] GC(494) Metaspace: 336K(512K)->336K(512K) NonClass: 318K(384K)->318K(384K) Class: 17K(128K)->17K(128K)
[2026-03-22T17:33:15.140+0900][10.904s][info][gc             ] GC(494) Pause Full (Ergonomics) 444M->101M(501M) 9.488ms
[2026-03-22T17:33:15.140+0900][10.904s][info][gc,cpu         ] GC(494) User=0.06s Sys=0.00s Real=0.01s
[2026-03-22T17:33:15.156+0900][10.920s][info][gc,start       ] GC(495) Pause Young (Allocation Failure)
[2026-03-22T17:33:15.160+0900][10.925s][info][gc,heap        ] GC(495) PSYoungGen: 152561K(163840K)->10496K(163840K) Eden: 152561K(153088K)->0K(153088K) From: 0K(10752K)->10496K(10752K)
[2026-03-22T17:33:15.160+0900][10.925s][info][gc,heap        ] GC(495) ParOldGen: 103430K(349696K)->197639K(349696K)
[2026-03-22T17:33:15.160+0900][10.925s][info][gc,metaspace   ] GC(495) Metaspace: 336K(512K)->336K(512K) NonClass: 318K(384K)->318K(384K) Class: 17K(128K)->17K(128K)
[2026-03-22T17:33:15.160+0900][10.925s][info][gc             ] GC(495) Pause Young (Allocation Failure) 249M->203M(501M) 4.418ms
[2026-03-22T17:33:15.160+0900][10.925s][info][gc,cpu         ] GC(495) User=0.00s Sys=0.00s Real=0.00s
[2026-03-22T17:33:15.177+0900][10.941s][info][gc,start       ] GC(496) Pause Young (Allocation Failure)
[2026-03-22T17:33:15.181+0900][10.945s][info][gc,heap        ] GC(496) PSYoungGen: 163057K(163840K)->10496K(163840K) Eden: 152561K(153088K)->0K(153088K) From: 10496K(10752K)->10496K(10752K)
[2026-03-22T17:33:15.181+0900][10.945s][info][gc,heap        ] GC(496) ParOldGen: 197639K(349696K)->291999K(349696K)
[2026-03-22T17:33:15.181+0900][10.945s][info][gc,metaspace   ] GC(496) Metaspace: 336K(512K)->336K(512K) NonClass: 318K(384K)->318K(384K) Class: 17K(128K)->17K(128K)
[2026-03-22T17:33:15.181+0900][10.945s][info][gc             ] GC(496) Pause Young (Allocation Failure) 352M->295M(501M) 4.717ms
[2026-03-22T17:33:15.181+0900][10.945s][info][gc,cpu         ] GC(496) User=0.02s Sys=0.00s Real=0.00s
[2026-03-22T17:33:15.197+0900][10.961s][info][gc,start       ] GC(497) Pause Full (Ergonomics)
[2026-03-22T17:33:15.197+0900][10.961s][info][gc,phases,start] GC(497) Marking Phase
[2026-03-22T17:33:15.199+0900][10.963s][info][gc,phases      ] GC(497) Marking Phase 1.227ms
[2026-03-22T17:33:15.199+0900][10.963s][info][gc,phases,start] GC(497) Summary Phase
[2026-03-22T17:33:15.199+0900][10.963s][info][gc,phases      ] GC(497) Summary Phase 0.019ms
[2026-03-22T17:33:15.199+0900][10.963s][info][gc,phases,start] GC(497) Adjust Roots
[2026-03-22T17:33:15.199+0900][10.963s][info][gc,phases      ] GC(497) Adjust Roots 0.222ms
[2026-03-22T17:33:15.199+0900][10.963s][info][gc,phases,start] GC(497) Compaction Phase
[2026-03-22T17:33:15.205+0900][10.969s][info][gc,phases      ] GC(497) Compaction Phase 6.011ms
[2026-03-22T17:33:15.205+0900][10.969s][info][gc,phases,start] GC(497) Post Compact
[2026-03-22T17:33:15.207+0900][10.971s][info][gc,phases      ] GC(497) Post Compact 1.699ms
[2026-03-22T17:33:15.207+0900][10.971s][info][gc,heap        ] GC(497) PSYoungGen: 163057K(163840K)->0K(163840K) Eden: 152561K(153088K)->0K(153088K) From: 10496K(10752K)->0K(10752K)
[2026-03-22T17:33:15.207+0900][10.971s][info][gc,heap        ] GC(497) ParOldGen: 291999K(349696K)->103430K(349696K)
[2026-03-22T17:33:15.207+0900][10.971s][info][gc,metaspace   ] GC(497) Metaspace: 336K(512K)->336K(512K) NonClass: 318K(384K)->318K(384K) Class: 17K(128K)->17K(128K)
[2026-03-22T17:33:15.207+0900][10.971s][info][gc             ] GC(497) Pause Full (Ergonomics) 444M->101M(501M) 9.529ms
[2026-03-22T17:33:15.207+0900][10.971s][info][gc,cpu         ] GC(497) User=0.00s Sys=0.00s Real=0.01s
[2026-03-22T17:33:15.224+0900][10.987s][info][gc,start       ] GC(498) Pause Young (Allocation Failure)
[2026-03-22T17:33:15.229+0900][10.992s][info][gc,heap        ] GC(498) PSYoungGen: 152561K(163840K)->10464K(163840K) Eden: 152561K(153088K)->0K(153088K) From: 0K(10752K)->10464K(10752K)
[2026-03-22T17:33:15.229+0900][10.993s][info][gc,heap        ] GC(498) ParOldGen: 103430K(349696K)->197639K(349696K)
[2026-03-22T17:33:15.229+0900][10.993s][info][gc,metaspace   ] GC(498) Metaspace: 336K(512K)->336K(512K) NonClass: 318K(384K)->318K(384K) Class: 17K(128K)->17K(128K)
[2026-03-22T17:33:15.229+0900][10.993s][info][gc             ] GC(498) Pause Young (Allocation Failure) 249M->203M(501M) 5.232ms
[2026-03-22T17:33:15.229+0900][10.993s][info][gc,cpu         ] GC(498) User=0.03s Sys=0.02s Real=0.01s
[2026-03-22T17:33:15.245+0900][11.010s][info][gc,start       ] GC(499) Pause Young (Allocation Failure)
[2026-03-22T17:33:15.251+0900][11.015s][info][gc,heap        ] GC(499) PSYoungGen: 163025K(163840K)->10496K(163840K) Eden: 152561K(153088K)->0K(153088K) From: 10464K(10752K)->10496K(10752K)
[2026-03-22T17:33:15.251+0900][11.015s][info][gc,heap        ] GC(499) ParOldGen: 197639K(349696K)->291999K(349696K)
[2026-03-22T17:33:15.251+0900][11.015s][info][gc,metaspace   ] GC(499) Metaspace: 336K(512K)->336K(512K) NonClass: 318K(384K)->318K(384K) Class: 17K(128K)->17K(128K)
[2026-03-22T17:33:15.251+0900][11.015s][info][gc             ] GC(499) Pause Young (Allocation Failure) 352M->295M(501M) 5.547ms
[2026-03-22T17:33:15.251+0900][11.015s][info][gc,cpu         ] GC(499) User=0.00s Sys=0.00s Real=0.01s
[2026-03-22T17:33:15.268+0900][11.032s][info][gc,start       ] GC(500) Pause Full (Ergonomics)
[2026-03-22T17:33:15.268+0900][11.032s][info][gc,phases,start] GC(500) Marking Phase
[2026-03-22T17:33:15.269+0900][11.033s][info][gc,phases      ] GC(500) Marking Phase 1.075ms
[2026-03-22T17:33:15.269+0900][11.033s][info][gc,phases,start] GC(500) Summary Phase
[2026-03-22T17:33:15.269+0900][11.033s][info][gc,phases      ] GC(500) Summary Phase 0.022ms
[2026-03-22T17:33:15.269+0900][11.033s][info][gc,phases,start] GC(500) Adjust Roots
[2026-03-22T17:33:15.269+0900][11.033s][info][gc,phases      ] GC(500) Adjust Roots 0.275ms
[2026-03-22T17:33:15.269+0900][11.034s][info][gc,phases,start] GC(500) Compaction Phase
[2026-03-22T17:33:15.276+0900][11.040s][info][gc,phases      ] GC(500) Compaction Phase 6.320ms
[2026-03-22T17:33:15.276+0900][11.040s][info][gc,phases,start] GC(500) Post Compact
[2026-03-22T17:33:15.277+0900][11.041s][info][gc,phases      ] GC(500) Post Compact 1.428ms
[2026-03-22T17:33:15.277+0900][11.041s][info][gc,heap        ] GC(500) PSYoungGen: 163057K(163840K)->0K(163840K) Eden: 152561K(153088K)->0K(153088K) From: 10496K(10752K)->0K(10752K)
[2026-03-22T17:33:15.277+0900][11.041s][info][gc,heap        ] GC(500) ParOldGen: 291999K(349696K)->103430K(349696K)
[2026-03-22T17:33:15.277+0900][11.041s][info][gc,metaspace   ] GC(500) Metaspace: 336K(512K)->336K(512K) NonClass: 318K(384K)->318K(384K) Class: 17K(128K)->17K(128K)
[2026-03-22T17:33:15.277+0900][11.041s][info][gc             ] GC(500) Pause Full (Ergonomics) 444M->101M(501M) 9.557ms
[2026-03-22T17:33:15.277+0900][11.041s][info][gc,cpu         ] GC(500) User=0.06s Sys=0.00s Real=0.01s
[2026-03-22T17:33:15.293+0900][11.057s][info][gc,start       ] GC(501) Pause Young (Allocation Failure)
[2026-03-22T17:33:15.298+0900][11.062s][info][gc,heap        ] GC(501) PSYoungGen: 152561K(163840K)->10496K(163840K) Eden: 152561K(153088K)->0K(153088K) From: 0K(10752K)->10496K(10752K)
[2026-03-22T17:33:15.298+0900][11.062s][info][gc,heap        ] GC(501) ParOldGen: 103430K(349696K)->197639K(349696K)
[2026-03-22T17:33:15.298+0900][11.062s][info][gc,metaspace   ] GC(501) Metaspace: 336K(512K)->336K(512K) NonClass: 318K(384K)->318K(384K) Class: 17K(128K)->17K(128K)
[2026-03-22T17:33:15.298+0900][11.062s][info][gc             ] GC(501) Pause Young (Allocation Failure) 249M->203M(501M) 5.236ms
[2026-03-22T17:33:15.298+0900][11.062s][info][gc,cpu         ] GC(501) User=0.00s Sys=0.00s Real=0.01s
[2026-03-22T17:33:15.314+0900][11.079s][info][gc,start       ] GC(502) Pause Young (Allocation Failure)
[2026-03-22T17:33:15.320+0900][11.084s][info][gc,heap        ] GC(502) PSYoungGen: 163057K(163840K)->10496K(163840K) Eden: 152561K(153088K)->0K(153088K) From: 10496K(10752K)->10496K(10752K)
[2026-03-22T17:33:15.320+0900][11.084s][info][gc,heap        ] GC(502) ParOldGen: 197639K(349696K)->291999K(349696K)
[2026-03-22T17:33:15.320+0900][11.084s][info][gc,metaspace   ] GC(502) Metaspace: 336K(512K)->336K(512K) NonClass: 318K(384K)->318K(384K) Class: 17K(128K)->17K(128K)
[2026-03-22T17:33:15.320+0900][11.084s][info][gc             ] GC(502) Pause Young (Allocation Failure) 352M->295M(501M) 5.341ms
[2026-03-22T17:33:15.320+0900][11.084s][info][gc,cpu         ] GC(502) User=0.00s Sys=0.00s Real=0.01s
[2026-03-22T17:33:15.336+0900][11.099s][info][gc,start       ] GC(503) Pause Full (Ergonomics)
[2026-03-22T17:33:15.336+0900][11.099s][info][gc,phases,start] GC(503) Marking Phase
[2026-03-22T17:33:15.337+0900][11.101s][info][gc,phases      ] GC(503) Marking Phase 1.335ms
[2026-03-22T17:33:15.337+0900][11.101s][info][gc,phases,start] GC(503) Summary Phase
[2026-03-22T17:33:15.337+0900][11.101s][info][gc,phases      ] GC(503) Summary Phase 0.036ms
[2026-03-22T17:33:15.337+0900][11.101s][info][gc,phases,start] GC(503) Adjust Roots
[2026-03-22T17:33:15.337+0900][11.101s][info][gc,phases      ] GC(503) Adjust Roots 0.342ms
[2026-03-22T17:33:15.338+0900][11.101s][info][gc,phases,start] GC(503) Compaction Phase
[2026-03-22T17:33:15.343+0900][11.107s][info][gc,phases      ] GC(503) Compaction Phase 5.485ms
[2026-03-22T17:33:15.343+0900][11.107s][info][gc,phases,start] GC(503) Post Compact
[2026-03-22T17:33:15.344+0900][11.109s][info][gc,phases      ] GC(503) Post Compact 1.529ms
[2026-03-22T17:33:15.344+0900][11.109s][info][gc,heap        ] GC(503) PSYoungGen: 163057K(163840K)->0K(163840K) Eden: 152561K(153088K)->0K(153088K) From: 10496K(10752K)->0K(10752K)
[2026-03-22T17:33:15.344+0900][11.109s][info][gc,heap        ] GC(503) ParOldGen: 291999K(349696K)->103430K(349696K)
[2026-03-22T17:33:15.344+0900][11.109s][info][gc,metaspace   ] GC(503) Metaspace: 336K(512K)->336K(512K) NonClass: 318K(384K)->318K(384K) Class: 17K(128K)->17K(128K)
[2026-03-22T17:33:15.344+0900][11.109s][info][gc             ] GC(503) Pause Full (Ergonomics) 444M->101M(501M) 9.214ms
[2026-03-22T17:33:15.344+0900][11.109s][info][gc,cpu         ] GC(503) User=0.00s Sys=0.02s Real=0.01s
[2026-03-22T17:33:15.360+0900][11.124s][info][gc,start       ] GC(504) Pause Young (Allocation Failure)
[2026-03-22T17:33:15.365+0900][11.130s][info][gc,heap        ] GC(504) PSYoungGen: 152561K(163840K)->10496K(163840K) Eden: 152561K(153088K)->0K(153088K) From: 0K(10752K)->10496K(10752K)
[2026-03-22T17:33:15.365+0900][11.130s][info][gc,heap        ] GC(504) ParOldGen: 103430K(349696K)->197639K(349696K)
[2026-03-22T17:33:15.365+0900][11.130s][info][gc,metaspace   ] GC(504) Metaspace: 336K(512K)->336K(512K) NonClass: 318K(384K)->318K(384K) Class: 17K(128K)->17K(128K)
[2026-03-22T17:33:15.365+0900][11.130s][info][gc             ] GC(504) Pause Young (Allocation Failure) 249M->203M(501M) 5.434ms
[2026-03-22T17:33:15.365+0900][11.130s][info][gc,cpu         ] GC(504) User=0.00s Sys=0.00s Real=0.01s
[2026-03-22T17:33:15.381+0900][11.145s][info][gc,start       ] GC(505) Pause Young (Allocation Failure)
[2026-03-22T17:33:15.386+0900][11.150s][info][gc,heap        ] GC(505) PSYoungGen: 163057K(163840K)->10496K(163840K) Eden: 152561K(153088K)->0K(153088K) From: 10496K(10752K)->10496K(10752K)
[2026-03-22T17:33:15.386+0900][11.150s][info][gc,heap        ] GC(505) ParOldGen: 197639K(349696K)->291999K(349696K)
[2026-03-22T17:33:15.386+0900][11.150s][info][gc,metaspace   ] GC(505) Metaspace: 336K(512K)->336K(512K) NonClass: 318K(384K)->318K(384K) Class: 17K(128K)->17K(128K)
[2026-03-22T17:33:15.386+0900][11.150s][info][gc             ] GC(505) Pause Young (Allocation Failure) 352M->295M(501M) 4.895ms
[2026-03-22T17:33:15.386+0900][11.150s][info][gc,cpu         ] GC(505) User=0.06s Sys=0.00s Real=0.00s
[2026-03-22T17:33:15.401+0900][11.165s][info][gc,start       ] GC(506) Pause Full (Ergonomics)
[2026-03-22T17:33:15.401+0900][11.165s][info][gc,phases,start] GC(506) Marking Phase
[2026-03-22T17:33:15.402+0900][11.167s][info][gc,phases      ] GC(506) Marking Phase 1.229ms
[2026-03-22T17:33:15.402+0900][11.167s][info][gc,phases,start] GC(506) Summary Phase
[2026-03-22T17:33:15.402+0900][11.167s][info][gc,phases      ] GC(506) Summary Phase 0.018ms
[2026-03-22T17:33:15.402+0900][11.167s][info][gc,phases,start] GC(506) Adjust Roots
[2026-03-22T17:33:15.403+0900][11.167s][info][gc,phases      ] GC(506) Adjust Roots 0.217ms
[2026-03-22T17:33:15.403+0900][11.167s][info][gc,phases,start] GC(506) Compaction Phase
[2026-03-22T17:33:15.409+0900][11.173s][info][gc,phases      ] GC(506) Compaction Phase 6.183ms
[2026-03-22T17:33:15.409+0900][11.173s][info][gc,phases,start] GC(506) Post Compact
[2026-03-22T17:33:15.410+0900][11.175s][info][gc,phases      ] GC(506) Post Compact 1.390ms
[2026-03-22T17:33:15.410+0900][11.175s][info][gc,heap        ] GC(506) PSYoungGen: 163057K(163840K)->0K(163840K) Eden: 152561K(153088K)->0K(153088K) From: 10496K(10752K)->0K(10752K)
[2026-03-22T17:33:15.410+0900][11.175s][info][gc,heap        ] GC(506) ParOldGen: 291999K(349696K)->103430K(349696K)
[2026-03-22T17:33:15.410+0900][11.175s][info][gc,metaspace   ] GC(506) Metaspace: 336K(512K)->336K(512K) NonClass: 318K(384K)->318K(384K) Class: 17K(128K)->17K(128K)
[2026-03-22T17:33:15.410+0900][11.175s][info][gc             ] GC(506) Pause Full (Ergonomics) 444M->101M(501M) 9.378ms
[2026-03-22T17:33:15.410+0900][11.175s][info][gc,cpu         ] GC(506) User=0.00s Sys=0.00s Real=0.01s
[2026-03-22T17:33:15.426+0900][11.190s][info][gc,start       ] GC(507) Pause Young (Allocation Failure)
[2026-03-22T17:33:15.431+0900][11.195s][info][gc,heap        ] GC(507) PSYoungGen: 152561K(163840K)->10496K(163840K) Eden: 152561K(153088K)->0K(153088K) From: 0K(10752K)->10496K(10752K)
[2026-03-22T17:33:15.431+0900][11.195s][info][gc,heap        ] GC(507) ParOldGen: 103430K(349696K)->197639K(349696K)
[2026-03-22T17:33:15.431+0900][11.195s][info][gc,metaspace   ] GC(507) Metaspace: 336K(512K)->336K(512K) NonClass: 318K(384K)->318K(384K) Class: 17K(128K)->17K(128K)
[2026-03-22T17:33:15.431+0900][11.195s][info][gc             ] GC(507) Pause Young (Allocation Failure) 249M->203M(501M) 5.168ms
[2026-03-22T17:33:15.431+0900][11.195s][info][gc,cpu         ] GC(507) User=0.00s Sys=0.00s Real=0.00s
[2026-03-22T17:33:15.447+0900][11.211s][info][gc,start       ] GC(508) Pause Young (Allocation Failure)
[2026-03-22T17:33:15.451+0900][11.216s][info][gc,heap        ] GC(508) PSYoungGen: 163057K(163840K)->10496K(163840K) Eden: 152561K(153088K)->0K(153088K) From: 10496K(10752K)->10496K(10752K)
[2026-03-22T17:33:15.451+0900][11.216s][info][gc,heap        ] GC(508) ParOldGen: 197639K(349696K)->291999K(349696K)
[2026-03-22T17:33:15.451+0900][11.216s][info][gc,metaspace   ] GC(508) Metaspace: 336K(512K)->336K(512K) NonClass: 318K(384K)->318K(384K) Class: 17K(128K)->17K(128K)
[2026-03-22T17:33:15.451+0900][11.216s][info][gc             ] GC(508) Pause Young (Allocation Failure) 352M->295M(501M) 4.935ms
[2026-03-22T17:33:15.451+0900][11.216s][info][gc,cpu         ] GC(508) User=0.02s Sys=0.00s Real=0.00s
[2026-03-22T17:33:15.466+0900][11.230s][info][gc,start       ] GC(509) Pause Full (Ergonomics)
[2026-03-22T17:33:15.466+0900][11.230s][info][gc,phases,start] GC(509) Marking Phase
[2026-03-22T17:33:15.468+0900][11.232s][info][gc,phases      ] GC(509) Marking Phase 1.152ms
[2026-03-22T17:33:15.468+0900][11.232s][info][gc,phases,start] GC(509) Summary Phase
[2026-03-22T17:33:15.468+0900][11.232s][info][gc,phases      ] GC(509) Summary Phase 0.015ms
[2026-03-22T17:33:15.468+0900][11.232s][info][gc,phases,start] GC(509) Adjust Roots
[2026-03-22T17:33:15.468+0900][11.232s][info][gc,phases      ] GC(509) Adjust Roots 0.196ms
[2026-03-22T17:33:15.468+0900][11.232s][info][gc,phases,start] GC(509) Compaction Phase
[2026-03-22T17:33:15.473+0900][11.238s][info][gc,phases      ] GC(509) Compaction Phase 5.803ms
[2026-03-22T17:33:15.473+0900][11.238s][info][gc,phases,start] GC(509) Post Compact
[2026-03-22T17:33:15.475+0900][11.239s][info][gc,phases      ] GC(509) Post Compact 1.598ms
[2026-03-22T17:33:15.475+0900][11.239s][info][gc,heap        ] GC(509) PSYoungGen: 163057K(163840K)->0K(163840K) Eden: 152561K(153088K)->0K(153088K) From: 10496K(10752K)->0K(10752K)
[2026-03-22T17:33:15.475+0900][11.239s][info][gc,heap        ] GC(509) ParOldGen: 291999K(349696K)->103430K(349696K)
[2026-03-22T17:33:15.475+0900][11.239s][info][gc,metaspace   ] GC(509) Metaspace: 336K(512K)->336K(512K) NonClass: 318K(384K)->318K(384K) Class: 17K(128K)->17K(128K)
[2026-03-22T17:33:15.475+0900][11.240s][info][gc             ] GC(509) Pause Full (Ergonomics) 444M->101M(501M) 9.102ms
[2026-03-22T17:33:15.475+0900][11.240s][info][gc,cpu         ] GC(509) User=0.00s Sys=0.00s Real=0.01s
[2026-03-22T17:33:15.490+0900][11.254s][info][gc,start       ] GC(510) Pause Young (Allocation Failure)
[2026-03-22T17:33:15.495+0900][11.259s][info][gc,heap        ] GC(510) PSYoungGen: 152561K(163840K)->10496K(163840K) Eden: 152561K(153088K)->0K(153088K) From: 0K(10752K)->10496K(10752K)
[2026-03-22T17:33:15.495+0900][11.259s][info][gc,heap        ] GC(510) ParOldGen: 103430K(349696K)->197639K(349696K)
[2026-03-22T17:33:15.495+0900][11.259s][info][gc,metaspace   ] GC(510) Metaspace: 336K(512K)->336K(512K) NonClass: 318K(384K)->318K(384K) Class: 17K(128K)->17K(128K)
[2026-03-22T17:33:15.495+0900][11.259s][info][gc             ] GC(510) Pause Young (Allocation Failure) 249M->203M(501M) 5.073ms
[2026-03-22T17:33:15.495+0900][11.259s][info][gc,cpu         ] GC(510) User=0.06s Sys=0.00s Real=0.00s
[2026-03-22T17:33:15.511+0900][11.274s][info][gc,start       ] GC(511) Pause Young (Allocation Failure)
[2026-03-22T17:33:15.516+0900][11.280s][info][gc,heap        ] GC(511) PSYoungGen: 163057K(163840K)->10496K(163840K) Eden: 152561K(153088K)->0K(153088K) From: 10496K(10752K)->10496K(10752K)
[2026-03-22T17:33:15.516+0900][11.280s][info][gc,heap        ] GC(511) ParOldGen: 197639K(349696K)->291999K(349696K)
[2026-03-22T17:33:15.516+0900][11.280s][info][gc,metaspace   ] GC(511) Metaspace: 336K(512K)->336K(512K) NonClass: 318K(384K)->318K(384K) Class: 17K(128K)->17K(128K)
[2026-03-22T17:33:15.516+0900][11.280s][info][gc             ] GC(511) Pause Young (Allocation Failure) 352M->295M(501M) 5.490ms
[2026-03-22T17:33:15.516+0900][11.280s][info][gc,cpu         ] GC(511) User=0.00s Sys=0.00s Real=0.01s
[2026-03-22T17:33:15.531+0900][11.296s][info][gc,start       ] GC(512) Pause Full (Ergonomics)
[2026-03-22T17:33:15.532+0900][11.296s][info][gc,phases,start] GC(512) Marking Phase
[2026-03-22T17:33:15.533+0900][11.297s][info][gc,phases      ] GC(512) Marking Phase 1.293ms
[2026-03-22T17:33:15.533+0900][11.297s][info][gc,phases,start] GC(512) Summary Phase
[2026-03-22T17:33:15.533+0900][11.297s][info][gc,phases      ] GC(512) Summary Phase 0.015ms
[2026-03-22T17:33:15.533+0900][11.297s][info][gc,phases,start] GC(512) Adjust Roots
[2026-03-22T17:33:15.533+0900][11.297s][info][gc,phases      ] GC(512) Adjust Roots 0.363ms
[2026-03-22T17:33:15.533+0900][11.298s][info][gc,phases,start] GC(512) Compaction Phase
[2026-03-22T17:33:15.540+0900][11.305s][info][gc,phases      ] GC(512) Compaction Phase 7.077ms
[2026-03-22T17:33:15.540+0900][11.305s][info][gc,phases,start] GC(512) Post Compact
[2026-03-22T17:33:15.542+0900][11.306s][info][gc,phases      ] GC(512) Post Compact 1.534ms
[2026-03-22T17:33:15.542+0900][11.306s][info][gc,heap        ] GC(512) PSYoungGen: 163057K(163840K)->0K(163840K) Eden: 152561K(153088K)->0K(153088K) From: 10496K(10752K)->0K(10752K)
[2026-03-22T17:33:15.542+0900][11.306s][info][gc,heap        ] GC(512) ParOldGen: 291999K(349696K)->103195K(349696K)
[2026-03-22T17:33:15.542+0900][11.306s][info][gc,metaspace   ] GC(512) Metaspace: 336K(512K)->336K(512K) NonClass: 318K(384K)->318K(384K) Class: 17K(128K)->17K(128K)
[2026-03-22T17:33:15.542+0900][11.306s][info][gc             ] GC(512) Pause Full (Ergonomics) 444M->100M(501M) 10.684ms
[2026-03-22T17:33:15.542+0900][11.306s][info][gc,cpu         ] GC(512) User=0.02s Sys=0.00s Real=0.01s
[2026-03-22T17:33:15.558+0900][11.323s][info][gc,start       ] GC(513) Pause Young (Allocation Failure)
[2026-03-22T17:33:15.564+0900][11.328s][info][gc,heap        ] GC(513) PSYoungGen: 152561K(163840K)->10496K(163840K) Eden: 152561K(153088K)->0K(153088K) From: 0K(10752K)->10496K(10752K)
[2026-03-22T17:33:15.564+0900][11.328s][info][gc,heap        ] GC(513) ParOldGen: 103195K(349696K)->197403K(349696K)
[2026-03-22T17:33:15.564+0900][11.328s][info][gc,metaspace   ] GC(513) Metaspace: 336K(512K)->336K(512K) NonClass: 318K(384K)->318K(384K) Class: 17K(128K)->17K(128K)
[2026-03-22T17:33:15.564+0900][11.328s][info][gc             ] GC(513) Pause Young (Allocation Failure) 249M->203M(501M) 5.678ms
[2026-03-22T17:33:15.564+0900][11.328s][info][gc,cpu         ] GC(513) User=0.00s Sys=0.00s Real=0.01s
[2026-03-22T17:33:15.580+0900][11.345s][info][gc,start       ] GC(514) Pause Young (Allocation Failure)
[2026-03-22T17:33:15.585+0900][11.350s][info][gc,heap        ] GC(514) PSYoungGen: 163057K(163840K)->10496K(163840K) Eden: 152561K(153088K)->0K(153088K) From: 10496K(10752K)->10496K(10752K)
[2026-03-22T17:33:15.586+0900][11.350s][info][gc,heap        ] GC(514) ParOldGen: 197403K(349696K)->291764K(349696K)
[2026-03-22T17:33:15.586+0900][11.350s][info][gc,metaspace   ] GC(514) Metaspace: 336K(512K)->336K(512K) NonClass: 318K(384K)->318K(384K) Class: 17K(128K)->17K(128K)
[2026-03-22T17:33:15.586+0900][11.350s][info][gc             ] GC(514) Pause Young (Allocation Failure) 352M->295M(501M) 5.314ms
[2026-03-22T17:33:15.586+0900][11.350s][info][gc,cpu         ] GC(514) User=0.00s Sys=0.00s Real=0.01s
[2026-03-22T17:33:15.603+0900][11.367s][info][gc,start       ] GC(515) Pause Full (Ergonomics)
[2026-03-22T17:33:15.603+0900][11.367s][info][gc,phases,start] GC(515) Marking Phase
[2026-03-22T17:33:15.605+0900][11.368s][info][gc,phases      ] GC(515) Marking Phase 1.655ms
[2026-03-22T17:33:15.605+0900][11.368s][info][gc,phases,start] GC(515) Summary Phase
[2026-03-22T17:33:15.605+0900][11.368s][info][gc,phases      ] GC(515) Summary Phase 0.026ms
[2026-03-22T17:33:15.605+0900][11.369s][info][gc,phases,start] GC(515) Adjust Roots
[2026-03-22T17:33:15.605+0900][11.369s][info][gc,phases      ] GC(515) Adjust Roots 0.313ms
[2026-03-22T17:33:15.605+0900][11.369s][info][gc,phases,start] GC(515) Compaction Phase
[2026-03-22T17:33:15.614+0900][11.378s][info][gc,phases      ] GC(515) Compaction Phase 8.711ms
[2026-03-22T17:33:15.614+0900][11.378s][info][gc,phases,start] GC(515) Post Compact
[2026-03-22T17:33:15.615+0900][11.380s][info][gc,phases      ] GC(515) Post Compact 1.841ms
[2026-03-22T17:33:15.615+0900][11.380s][info][gc,heap        ] GC(515) PSYoungGen: 163057K(163840K)->0K(163840K) Eden: 152561K(153088K)->0K(153088K) From: 10496K(10752K)->0K(10752K)
[2026-03-22T17:33:15.615+0900][11.380s][info][gc,heap        ] GC(515) ParOldGen: 291764K(349696K)->103430K(349696K)
[2026-03-22T17:33:15.615+0900][11.380s][info][gc,metaspace   ] GC(515) Metaspace: 336K(512K)->336K(512K) NonClass: 318K(384K)->318K(384K) Class: 17K(128K)->17K(128K)
[2026-03-22T17:33:15.615+0900][11.380s][info][gc             ] GC(515) Pause Full (Ergonomics) 444M->101M(501M) 13.358ms
[2026-03-22T17:33:15.615+0900][11.380s][info][gc,cpu         ] GC(515) User=0.06s Sys=0.00s Real=0.01s
[2026-03-22T17:33:15.634+0900][11.398s][info][gc,start       ] GC(516) Pause Young (Allocation Failure)
[2026-03-22T17:33:15.640+0900][11.404s][info][gc,heap        ] GC(516) PSYoungGen: 152561K(163840K)->10496K(163840K) Eden: 152561K(153088K)->0K(153088K) From: 0K(10752K)->10496K(10752K)
[2026-03-22T17:33:15.640+0900][11.404s][info][gc,heap        ] GC(516) ParOldGen: 103430K(349696K)->197639K(349696K)
[2026-03-22T17:33:15.640+0900][11.404s][info][gc,metaspace   ] GC(516) Metaspace: 336K(512K)->336K(512K) NonClass: 318K(384K)->318K(384K) Class: 17K(128K)->17K(128K)
[2026-03-22T17:33:15.640+0900][11.404s][info][gc             ] GC(516) Pause Young (Allocation Failure) 249M->203M(501M) 5.696ms
[2026-03-22T17:33:15.640+0900][11.404s][info][gc,cpu         ] GC(516) User=0.05s Sys=0.00s Real=0.01s
[2026-03-22T17:33:15.656+0900][11.420s][info][gc,start       ] GC(517) Pause Young (Allocation Failure)
[2026-03-22T17:33:15.661+0900][11.425s][info][gc,heap        ] GC(517) PSYoungGen: 163057K(163840K)->10496K(163840K) Eden: 152561K(153088K)->0K(153088K) From: 10496K(10752K)->10496K(10752K)
[2026-03-22T17:33:15.661+0900][11.425s][info][gc,heap        ] GC(517) ParOldGen: 197639K(349696K)->291999K(349696K)
[2026-03-22T17:33:15.661+0900][11.425s][info][gc,metaspace   ] GC(517) Metaspace: 336K(512K)->336K(512K) NonClass: 318K(384K)->318K(384K) Class: 17K(128K)->17K(128K)
[2026-03-22T17:33:15.661+0900][11.425s][info][gc             ] GC(517) Pause Young (Allocation Failure) 352M->295M(501M) 5.378ms
[2026-03-22T17:33:15.661+0900][11.425s][info][gc,cpu         ] GC(517) User=0.00s Sys=0.00s Real=0.01s
[2026-03-22T17:33:15.676+0900][11.440s][info][gc,start       ] GC(518) Pause Full (Ergonomics)
[2026-03-22T17:33:15.676+0900][11.440s][info][gc,phases,start] GC(518) Marking Phase
[2026-03-22T17:33:15.678+0900][11.442s][info][gc,phases      ] GC(518) Marking Phase 1.216ms
[2026-03-22T17:33:15.678+0900][11.442s][info][gc,phases,start] GC(518) Summary Phase
[2026-03-22T17:33:15.678+0900][11.442s][info][gc,phases      ] GC(518) Summary Phase 0.017ms
[2026-03-22T17:33:15.678+0900][11.442s][info][gc,phases,start] GC(518) Adjust Roots
[2026-03-22T17:33:15.678+0900][11.442s][info][gc,phases      ] GC(518) Adjust Roots 0.180ms
[2026-03-22T17:33:15.678+0900][11.442s][info][gc,phases,start] GC(518) Compaction Phase
[2026-03-22T17:33:15.684+0900][11.448s][info][gc,phases      ] GC(518) Compaction Phase 5.850ms
[2026-03-22T17:33:15.684+0900][11.448s][info][gc,phases,start] GC(518) Post Compact
[2026-03-22T17:33:15.685+0900][11.449s][info][gc,phases      ] GC(518) Post Compact 1.498ms
[2026-03-22T17:33:15.686+0900][11.449s][info][gc,heap        ] GC(518) PSYoungGen: 163057K(163840K)->0K(163840K) Eden: 152561K(153088K)->0K(153088K) From: 10496K(10752K)->0K(10752K)
[2026-03-22T17:33:15.686+0900][11.449s][info][gc,heap        ] GC(518) ParOldGen: 291999K(349696K)->103430K(349696K)
[2026-03-22T17:33:15.686+0900][11.449s][info][gc,metaspace   ] GC(518) Metaspace: 336K(512K)->336K(512K) NonClass: 318K(384K)->318K(384K) Class: 17K(128K)->17K(128K)
[2026-03-22T17:33:15.686+0900][11.449s][info][gc             ] GC(518) Pause Full (Ergonomics) 444M->101M(501M) 9.171ms
[2026-03-22T17:33:15.686+0900][11.449s][info][gc,cpu         ] GC(518) User=0.06s Sys=0.00s Real=0.01s
[2026-03-22T17:33:15.701+0900][11.465s][info][gc,start       ] GC(519) Pause Young (Allocation Failure)
[2026-03-22T17:33:15.707+0900][11.470s][info][gc,heap        ] GC(519) PSYoungGen: 152561K(163840K)->10464K(163840K) Eden: 152561K(153088K)->0K(153088K) From: 0K(10752K)->10464K(10752K)
[2026-03-22T17:33:15.707+0900][11.471s][info][gc,heap        ] GC(519) ParOldGen: 103430K(349696K)->197639K(349696K)
[2026-03-22T17:33:15.707+0900][11.471s][info][gc,metaspace   ] GC(519) Metaspace: 336K(512K)->336K(512K) NonClass: 318K(384K)->318K(384K) Class: 17K(128K)->17K(128K)
[2026-03-22T17:33:15.707+0900][11.471s][info][gc             ] GC(519) Pause Young (Allocation Failure) 249M->203M(501M) 5.789ms
[2026-03-22T17:33:15.707+0900][11.471s][info][gc,cpu         ] GC(519) User=0.00s Sys=0.00s Real=0.01s
[2026-03-22T17:33:15.722+0900][11.486s][info][gc,start       ] GC(520) Pause Young (Allocation Failure)
[2026-03-22T17:33:15.727+0900][11.491s][info][gc,heap        ] GC(520) PSYoungGen: 163025K(163840K)->10496K(163840K) Eden: 152561K(153088K)->0K(153088K) From: 10464K(10752K)->10496K(10752K)
[2026-03-22T17:33:15.727+0900][11.491s][info][gc,heap        ] GC(520) ParOldGen: 197639K(349696K)->291999K(349696K)
[2026-03-22T17:33:15.727+0900][11.491s][info][gc,metaspace   ] GC(520) Metaspace: 336K(512K)->336K(512K) NonClass: 318K(384K)->318K(384K) Class: 17K(128K)->17K(128K)
[2026-03-22T17:33:15.727+0900][11.491s][info][gc             ] GC(520) Pause Young (Allocation Failure) 352M->295M(501M) 5.238ms
[2026-03-22T17:33:15.727+0900][11.491s][info][gc,cpu         ] GC(520) User=0.00s Sys=0.00s Real=0.01s
[2026-03-22T17:33:15.743+0900][11.507s][info][gc,start       ] GC(521) Pause Full (Ergonomics)
[2026-03-22T17:33:15.743+0900][11.507s][info][gc,phases,start] GC(521) Marking Phase
[2026-03-22T17:33:15.745+0900][11.508s][info][gc,phases      ] GC(521) Marking Phase 1.531ms
[2026-03-22T17:33:15.745+0900][11.508s][info][gc,phases,start] GC(521) Summary Phase
[2026-03-22T17:33:15.745+0900][11.509s][info][gc,phases      ] GC(521) Summary Phase 0.032ms
[2026-03-22T17:33:15.745+0900][11.509s][info][gc,phases,start] GC(521) Adjust Roots
[2026-03-22T17:33:15.745+0900][11.509s][info][gc,phases      ] GC(521) Adjust Roots 0.222ms
[2026-03-22T17:33:15.745+0900][11.509s][info][gc,phases,start] GC(521) Compaction Phase
[2026-03-22T17:33:15.751+0900][11.515s][info][gc,phases      ] GC(521) Compaction Phase 6.104ms
[2026-03-22T17:33:15.751+0900][11.515s][info][gc,phases,start] GC(521) Post Compact
[2026-03-22T17:33:15.752+0900][11.516s][info][gc,phases      ] GC(521) Post Compact 1.409ms
[2026-03-22T17:33:15.752+0900][11.516s][info][gc,heap        ] GC(521) PSYoungGen: 163057K(163840K)->0K(163840K) Eden: 152561K(153088K)->0K(153088K) From: 10496K(10752K)->0K(10752K)
[2026-03-22T17:33:15.752+0900][11.516s][info][gc,heap        ] GC(521) ParOldGen: 291999K(349696K)->103430K(349696K)
[2026-03-22T17:33:15.752+0900][11.516s][info][gc,metaspace   ] GC(521) Metaspace: 336K(512K)->336K(512K) NonClass: 318K(384K)->318K(384K) Class: 17K(128K)->17K(128K)
[2026-03-22T17:33:15.752+0900][11.517s][info][gc             ] GC(521) Pause Full (Ergonomics) 444M->101M(501M) 9.695ms
[2026-03-22T17:33:15.752+0900][11.517s][info][gc,cpu         ] GC(521) User=0.03s Sys=0.00s Real=0.01s
[2026-03-22T17:33:15.768+0900][11.532s][info][gc,start       ] GC(522) Pause Young (Allocation Failure)
[2026-03-22T17:33:15.773+0900][11.537s][info][gc,heap        ] GC(522) PSYoungGen: 152561K(163840K)->10496K(163840K) Eden: 152561K(153088K)->0K(153088K) From: 0K(10752K)->10496K(10752K)
[2026-03-22T17:33:15.773+0900][11.537s][info][gc,heap        ] GC(522) ParOldGen: 103430K(349696K)->197639K(349696K)
[2026-03-22T17:33:15.773+0900][11.537s][info][gc,metaspace   ] GC(522) Metaspace: 336K(512K)->336K(512K) NonClass: 318K(384K)->318K(384K) Class: 17K(128K)->17K(128K)
[2026-03-22T17:33:15.773+0900][11.537s][info][gc             ] GC(522) Pause Young (Allocation Failure) 249M->203M(501M) 5.008ms
[2026-03-22T17:33:15.773+0900][11.537s][info][gc,cpu         ] GC(522) User=0.00s Sys=0.00s Real=0.01s
[2026-03-22T17:33:15.788+0900][11.552s][info][gc,start       ] GC(523) Pause Young (Allocation Failure)
[2026-03-22T17:33:15.793+0900][11.557s][info][gc,heap        ] GC(523) PSYoungGen: 163057K(163840K)->10496K(163840K) Eden: 152561K(153088K)->0K(153088K) From: 10496K(10752K)->10496K(10752K)
[2026-03-22T17:33:15.801+0900][11.565s][info][gc,heap        ] GC(523) ParOldGen: 197639K(349696K)->291999K(349696K)
[2026-03-22T17:33:15.801+0900][11.566s][info][gc,metaspace   ] GC(523) Metaspace: 336K(512K)->336K(512K) NonClass: 318K(384K)->318K(384K) Class: 17K(128K)->17K(128K)
[2026-03-22T17:33:15.801+0900][11.566s][info][gc             ] GC(523) Pause Young (Allocation Failure) 352M->295M(501M) 13.388ms
[2026-03-22T17:33:15.801+0900][11.566s][info][gc,cpu         ] GC(523) User=0.06s Sys=0.00s Real=0.01s
[2026-03-22T17:33:15.817+0900][11.581s][info][gc,start       ] GC(524) Pause Full (Ergonomics)
[2026-03-22T17:33:15.817+0900][11.581s][info][gc,phases,start] GC(524) Marking Phase
[2026-03-22T17:33:15.818+0900][11.582s][info][gc,phases      ] GC(524) Marking Phase 1.178ms
[2026-03-22T17:33:15.818+0900][11.582s][info][gc,phases,start] GC(524) Summary Phase
[2026-03-22T17:33:15.818+0900][11.582s][info][gc,phases      ] GC(524) Summary Phase 0.033ms
[2026-03-22T17:33:15.818+0900][11.582s][info][gc,phases,start] GC(524) Adjust Roots
[2026-03-22T17:33:15.818+0900][11.582s][info][gc,phases      ] GC(524) Adjust Roots 0.166ms
[2026-03-22T17:33:15.818+0900][11.582s][info][gc,phases,start] GC(524) Compaction Phase
[2026-03-22T17:33:15.824+0900][11.588s][info][gc,phases      ] GC(524) Compaction Phase 6.100ms
[2026-03-22T17:33:15.824+0900][11.588s][info][gc,phases,start] GC(524) Post Compact
[2026-03-22T17:33:15.825+0900][11.590s][info][gc,phases      ] GC(524) Post Compact 1.461ms
[2026-03-22T17:33:15.826+0900][11.590s][info][gc,heap        ] GC(524) PSYoungGen: 163057K(163840K)->0K(163840K) Eden: 152561K(153088K)->0K(153088K) From: 10496K(10752K)->0K(10752K)
[2026-03-22T17:33:15.826+0900][11.590s][info][gc,heap        ] GC(524) ParOldGen: 291999K(349696K)->103430K(349696K)
[2026-03-22T17:33:15.826+0900][11.590s][info][gc,metaspace   ] GC(524) Metaspace: 336K(512K)->336K(512K) NonClass: 318K(384K)->318K(384K) Class: 17K(128K)->17K(128K)
[2026-03-22T17:33:15.826+0900][11.590s][info][gc             ] GC(524) Pause Full (Ergonomics) 444M->101M(501M) 9.288ms
[2026-03-22T17:33:15.826+0900][11.590s][info][gc,cpu         ] GC(524) User=0.03s Sys=0.02s Real=0.01s
[2026-03-22T17:33:15.840+0900][11.605s][info][gc,start       ] GC(525) Pause Young (Allocation Failure)
[2026-03-22T17:33:15.845+0900][11.610s][info][gc,heap        ] GC(525) PSYoungGen: 152561K(163840K)->10464K(163840K) Eden: 152561K(153088K)->0K(153088K) From: 0K(10752K)->10464K(10752K)
[2026-03-22T17:33:15.845+0900][11.610s][info][gc,heap        ] GC(525) ParOldGen: 103430K(349696K)->197639K(349696K)
[2026-03-22T17:33:15.845+0900][11.610s][info][gc,metaspace   ] GC(525) Metaspace: 336K(512K)->336K(512K) NonClass: 318K(384K)->318K(384K) Class: 17K(128K)->17K(128K)
[2026-03-22T17:33:15.845+0900][11.610s][info][gc             ] GC(525) Pause Young (Allocation Failure) 249M->203M(501M) 4.960ms
[2026-03-22T17:33:15.845+0900][11.610s][info][gc,cpu         ] GC(525) User=0.00s Sys=0.00s Real=0.01s
[2026-03-22T17:33:15.860+0900][11.624s][info][gc,start       ] GC(526) Pause Young (Allocation Failure)
[2026-03-22T17:33:15.865+0900][11.629s][info][gc,heap        ] GC(526) PSYoungGen: 163025K(163840K)->10496K(163840K) Eden: 152561K(153088K)->0K(153088K) From: 10464K(10752K)->10496K(10752K)
[2026-03-22T17:33:15.865+0900][11.629s][info][gc,heap        ] GC(526) ParOldGen: 197639K(349696K)->291999K(349696K)
[2026-03-22T17:33:15.865+0900][11.629s][info][gc,metaspace   ] GC(526) Metaspace: 336K(512K)->336K(512K) NonClass: 318K(384K)->318K(384K) Class: 17K(128K)->17K(128K)
[2026-03-22T17:33:15.865+0900][11.629s][info][gc             ] GC(526) Pause Young (Allocation Failure) 352M->295M(501M) 4.859ms
[2026-03-22T17:33:15.865+0900][11.629s][info][gc,cpu         ] GC(526) User=0.00s Sys=0.00s Real=0.01s
[2026-03-22T17:33:15.880+0900][11.644s][info][gc,start       ] GC(527) Pause Full (Ergonomics)
[2026-03-22T17:33:15.880+0900][11.644s][info][gc,phases,start] GC(527) Marking Phase
[2026-03-22T17:33:15.881+0900][11.645s][info][gc,phases      ] GC(527) Marking Phase 1.180ms
[2026-03-22T17:33:15.881+0900][11.645s][info][gc,phases,start] GC(527) Summary Phase
[2026-03-22T17:33:15.881+0900][11.645s][info][gc,phases      ] GC(527) Summary Phase 0.015ms
[2026-03-22T17:33:15.881+0900][11.645s][info][gc,phases,start] GC(527) Adjust Roots
[2026-03-22T17:33:15.882+0900][11.646s][info][gc,phases      ] GC(527) Adjust Roots 0.168ms
[2026-03-22T17:33:15.882+0900][11.646s][info][gc,phases,start] GC(527) Compaction Phase
[2026-03-22T17:33:15.888+0900][11.652s][info][gc,phases      ] GC(527) Compaction Phase 5.861ms
[2026-03-22T17:33:15.888+0900][11.652s][info][gc,phases,start] GC(527) Post Compact
[2026-03-22T17:33:15.889+0900][11.653s][info][gc,phases      ] GC(527) Post Compact 1.594ms
[2026-03-22T17:33:15.889+0900][11.653s][info][gc,heap        ] GC(527) PSYoungGen: 163057K(163840K)->0K(163840K) Eden: 152561K(153088K)->0K(153088K) From: 10496K(10752K)->0K(10752K)
[2026-03-22T17:33:15.889+0900][11.653s][info][gc,heap        ] GC(527) ParOldGen: 291999K(349696K)->103430K(349696K)
[2026-03-22T17:33:15.889+0900][11.653s][info][gc,metaspace   ] GC(527) Metaspace: 336K(512K)->336K(512K) NonClass: 318K(384K)->318K(384K) Class: 17K(128K)->17K(128K)
[2026-03-22T17:33:15.889+0900][11.653s][info][gc             ] GC(527) Pause Full (Ergonomics) 444M->101M(501M) 9.119ms
[2026-03-22T17:33:15.889+0900][11.653s][info][gc,cpu         ] GC(527) User=0.06s Sys=0.00s Real=0.01s
[2026-03-22T17:33:15.904+0900][11.669s][info][gc,start       ] GC(528) Pause Young (Allocation Failure)
[2026-03-22T17:33:15.909+0900][11.674s][info][gc,heap        ] GC(528) PSYoungGen: 152561K(163840K)->10496K(163840K) Eden: 152561K(153088K)->0K(153088K) From: 0K(10752K)->10496K(10752K)
[2026-03-22T17:33:15.909+0900][11.674s][info][gc,heap        ] GC(528) ParOldGen: 103430K(349696K)->197639K(349696K)
[2026-03-22T17:33:15.909+0900][11.674s][info][gc,metaspace   ] GC(528) Metaspace: 336K(512K)->336K(512K) NonClass: 318K(384K)->318K(384K) Class: 17K(128K)->17K(128K)
[2026-03-22T17:33:15.909+0900][11.674s][info][gc             ] GC(528) Pause Young (Allocation Failure) 249M->203M(501M) 5.039ms
[2026-03-22T17:33:15.909+0900][11.674s][info][gc,cpu         ] GC(528) User=0.00s Sys=0.00s Real=0.00s
[2026-03-22T17:33:15.925+0900][11.688s][info][gc,start       ] GC(529) Pause Young (Allocation Failure)
[2026-03-22T17:33:15.930+0900][11.694s][info][gc,heap        ] GC(529) PSYoungGen: 163057K(163840K)->10464K(163840K) Eden: 152561K(153088K)->0K(153088K) From: 10496K(10752K)->10464K(10752K)
[2026-03-22T17:33:15.930+0900][11.694s][info][gc,heap        ] GC(529) ParOldGen: 197639K(349696K)->292007K(349696K)
[2026-03-22T17:33:15.930+0900][11.694s][info][gc,metaspace   ] GC(529) Metaspace: 336K(512K)->336K(512K) NonClass: 318K(384K)->318K(384K) Class: 17K(128K)->17K(128K)
[2026-03-22T17:33:15.930+0900][11.694s][info][gc             ] GC(529) Pause Young (Allocation Failure) 352M->295M(501M) 5.354ms
[2026-03-22T17:33:15.930+0900][11.694s][info][gc,cpu         ] GC(529) User=0.00s Sys=0.00s Real=0.01s
[2026-03-22T17:33:15.944+0900][11.708s][info][gc,start       ] GC(530) Pause Full (Ergonomics)
[2026-03-22T17:33:15.944+0900][11.708s][info][gc,phases,start] GC(530) Marking Phase
[2026-03-22T17:33:15.945+0900][11.709s][info][gc,phases      ] GC(530) Marking Phase 1.038ms
[2026-03-22T17:33:15.945+0900][11.709s][info][gc,phases,start] GC(530) Summary Phase
[2026-03-22T17:33:15.945+0900][11.709s][info][gc,phases      ] GC(530) Summary Phase 0.017ms
[2026-03-22T17:33:15.945+0900][11.709s][info][gc,phases,start] GC(530) Adjust Roots
[2026-03-22T17:33:15.946+0900][11.709s][info][gc,phases      ] GC(530) Adjust Roots 0.248ms
[2026-03-22T17:33:15.946+0900][11.710s][info][gc,phases,start] GC(530) Compaction Phase
[2026-03-22T17:33:15.952+0900][11.715s][info][gc,phases      ] GC(530) Compaction Phase 5.678ms
[2026-03-22T17:33:15.952+0900][11.715s][info][gc,phases,start] GC(530) Post Compact
[2026-03-22T17:33:15.953+0900][11.717s][info][gc,phases      ] GC(530) Post Compact 1.432ms
[2026-03-22T17:33:15.953+0900][11.717s][info][gc,heap        ] GC(530) PSYoungGen: 163025K(163840K)->0K(163840K) Eden: 152561K(153088K)->0K(153088K) From: 10464K(10752K)->0K(10752K)
[2026-03-22T17:33:15.953+0900][11.717s][info][gc,heap        ] GC(530) ParOldGen: 292007K(349696K)->103430K(349696K)
[2026-03-22T17:33:15.953+0900][11.717s][info][gc,metaspace   ] GC(530) Metaspace: 336K(512K)->336K(512K) NonClass: 318K(384K)->318K(384K) Class: 17K(128K)->17K(128K)
[2026-03-22T17:33:15.953+0900][11.717s][info][gc             ] GC(530) Pause Full (Ergonomics) 444M->101M(501M) 8.784ms
[2026-03-22T17:33:15.953+0900][11.717s][info][gc,cpu         ] GC(530) User=0.06s Sys=0.00s Real=0.01s
[2026-03-22T17:33:15.967+0900][11.731s][info][gc,start       ] GC(531) Pause Young (Allocation Failure)
[2026-03-22T17:33:15.972+0900][11.736s][info][gc,heap        ] GC(531) PSYoungGen: 152561K(163840K)->10496K(163840K) Eden: 152561K(153088K)->0K(153088K) From: 0K(10752K)->10496K(10752K)
[2026-03-22T17:33:15.972+0900][11.736s][info][gc,heap        ] GC(531) ParOldGen: 103430K(349696K)->197639K(349696K)
[2026-03-22T17:33:15.972+0900][11.736s][info][gc,metaspace   ] GC(531) Metaspace: 336K(512K)->336K(512K) NonClass: 318K(384K)->318K(384K) Class: 17K(128K)->17K(128K)
[2026-03-22T17:33:15.972+0900][11.736s][info][gc             ] GC(531) Pause Young (Allocation Failure) 249M->203M(501M) 4.755ms
[2026-03-22T17:33:15.972+0900][11.736s][info][gc,cpu         ] GC(531) User=0.00s Sys=0.00s Real=0.00s
[2026-03-22T17:33:15.988+0900][11.751s][info][gc,start       ] GC(532) Pause Young (Allocation Failure)
[2026-03-22T17:33:15.993+0900][11.756s][info][gc,heap        ] GC(532) PSYoungGen: 163057K(163840K)->10496K(163840K) Eden: 152561K(153088K)->0K(153088K) From: 10496K(10752K)->10496K(10752K)
[2026-03-22T17:33:15.993+0900][11.756s][info][gc,heap        ] GC(532) ParOldGen: 197639K(349696K)->291999K(349696K)
[2026-03-22T17:33:15.993+0900][11.756s][info][gc,metaspace   ] GC(532) Metaspace: 336K(512K)->336K(512K) NonClass: 318K(384K)->318K(384K) Class: 17K(128K)->17K(128K)
[2026-03-22T17:33:15.993+0900][11.756s][info][gc             ] GC(532) Pause Young (Allocation Failure) 352M->295M(501M) 4.840ms
[2026-03-22T17:33:15.993+0900][11.756s][info][gc,cpu         ] GC(532) User=0.00s Sys=0.00s Real=0.01s
[2026-03-22T17:33:16.008+0900][11.772s][info][gc,start       ] GC(533) Pause Full (Ergonomics)
[2026-03-22T17:33:16.008+0900][11.772s][info][gc,phases,start] GC(533) Marking Phase
[2026-03-22T17:33:16.010+0900][11.774s][info][gc,phases      ] GC(533) Marking Phase 1.539ms
[2026-03-22T17:33:16.010+0900][11.774s][info][gc,phases,start] GC(533) Summary Phase
[2026-03-22T17:33:16.010+0900][11.774s][info][gc,phases      ] GC(533) Summary Phase 0.036ms
[2026-03-22T17:33:16.010+0900][11.774s][info][gc,phases,start] GC(533) Adjust Roots
[2026-03-22T17:33:16.010+0900][11.774s][info][gc,phases      ] GC(533) Adjust Roots 0.366ms
[2026-03-22T17:33:16.010+0900][11.774s][info][gc,phases,start] GC(533) Compaction Phase
[2026-03-22T17:33:16.019+0900][11.783s][info][gc,phases      ] GC(533) Compaction Phase 8.424ms
[2026-03-22T17:33:16.019+0900][11.783s][info][gc,phases,start] GC(533) Post Compact
[2026-03-22T17:33:16.021+0900][11.785s][info][gc,phases      ] GC(533) Post Compact 1.720ms
[2026-03-22T17:33:16.021+0900][11.785s][info][gc,heap        ] GC(533) PSYoungGen: 163057K(163840K)->0K(163840K) Eden: 152561K(153088K)->0K(153088K) From: 10496K(10752K)->0K(10752K)
[2026-03-22T17:33:16.021+0900][11.785s][info][gc,heap        ] GC(533) ParOldGen: 291999K(349696K)->103430K(349696K)
[2026-03-22T17:33:16.021+0900][11.785s][info][gc,metaspace   ] GC(533) Metaspace: 336K(512K)->336K(512K) NonClass: 318K(384K)->318K(384K) Class: 17K(128K)->17K(128K)
[2026-03-22T17:33:16.021+0900][11.785s][info][gc             ] GC(533) Pause Full (Ergonomics) 444M->101M(501M) 12.691ms
[2026-03-22T17:33:16.021+0900][11.785s][info][gc,cpu         ] GC(533) User=0.06s Sys=0.00s Real=0.01s
[2026-03-22T17:33:16.037+0900][11.801s][info][gc,start       ] GC(534) Pause Young (Allocation Failure)
[2026-03-22T17:33:16.042+0900][11.806s][info][gc,heap        ] GC(534) PSYoungGen: 152561K(163840K)->10496K(163840K) Eden: 152561K(153088K)->0K(153088K) From: 0K(10752K)->10496K(10752K)
[2026-03-22T17:33:16.042+0900][11.806s][info][gc,heap        ] GC(534) ParOldGen: 103430K(349696K)->197639K(349696K)
[2026-03-22T17:33:16.042+0900][11.806s][info][gc,metaspace   ] GC(534) Metaspace: 336K(512K)->336K(512K) NonClass: 318K(384K)->318K(384K) Class: 17K(128K)->17K(128K)
[2026-03-22T17:33:16.042+0900][11.806s][info][gc             ] GC(534) Pause Young (Allocation Failure) 249M->203M(501M) 4.875ms
[2026-03-22T17:33:16.042+0900][11.806s][info][gc,cpu         ] GC(534) User=0.06s Sys=0.00s Real=0.01s
[2026-03-22T17:33:16.057+0900][11.821s][info][gc,start       ] GC(535) Pause Young (Allocation Failure)
[2026-03-22T17:33:16.061+0900][11.826s][info][gc,heap        ] GC(535) PSYoungGen: 163057K(163840K)->10496K(163840K) Eden: 152561K(153088K)->0K(153088K) From: 10496K(10752K)->10496K(10752K)
[2026-03-22T17:33:16.061+0900][11.826s][info][gc,heap        ] GC(535) ParOldGen: 197639K(349696K)->291999K(349696K)
[2026-03-22T17:33:16.061+0900][11.826s][info][gc,metaspace   ] GC(535) Metaspace: 336K(512K)->336K(512K) NonClass: 318K(384K)->318K(384K) Class: 17K(128K)->17K(128K)
[2026-03-22T17:33:16.061+0900][11.826s][info][gc             ] GC(535) Pause Young (Allocation Failure) 352M->295M(501M) 4.903ms
[2026-03-22T17:33:16.061+0900][11.826s][info][gc,cpu         ] GC(535) User=0.00s Sys=0.00s Real=0.00s
[2026-03-22T17:33:16.077+0900][11.841s][info][gc,start       ] GC(536) Pause Full (Ergonomics)
[2026-03-22T17:33:16.077+0900][11.841s][info][gc,phases,start] GC(536) Marking Phase
[2026-03-22T17:33:16.078+0900][11.843s][info][gc,phases      ] GC(536) Marking Phase 1.469ms
[2026-03-22T17:33:16.078+0900][11.843s][info][gc,phases,start] GC(536) Summary Phase
[2026-03-22T17:33:16.078+0900][11.843s][info][gc,phases      ] GC(536) Summary Phase 0.036ms
[2026-03-22T17:33:16.078+0900][11.843s][info][gc,phases,start] GC(536) Adjust Roots
[2026-03-22T17:33:16.079+0900][11.843s][info][gc,phases      ] GC(536) Adjust Roots 0.543ms
[2026-03-22T17:33:16.079+0900][11.844s][info][gc,phases,start] GC(536) Compaction Phase
[2026-03-22T17:33:16.085+0900][11.850s][info][gc,phases      ] GC(536) Compaction Phase 6.345ms
[2026-03-22T17:33:16.085+0900][11.850s][info][gc,phases,start] GC(536) Post Compact
[2026-03-22T17:33:16.087+0900][11.851s][info][gc,phases      ] GC(536) Post Compact 1.461ms
[2026-03-22T17:33:16.087+0900][11.851s][info][gc,heap        ] GC(536) PSYoungGen: 163057K(163840K)->0K(163840K) Eden: 152561K(153088K)->0K(153088K) From: 10496K(10752K)->0K(10752K)
[2026-03-22T17:33:16.087+0900][11.851s][info][gc,heap        ] GC(536) ParOldGen: 291999K(349696K)->103430K(349696K)
[2026-03-22T17:33:16.087+0900][11.851s][info][gc,metaspace   ] GC(536) Metaspace: 336K(512K)->336K(512K) NonClass: 318K(384K)->318K(384K) Class: 17K(128K)->17K(128K)
[2026-03-22T17:33:16.087+0900][11.851s][info][gc             ] GC(536) Pause Full (Ergonomics) 444M->101M(501M) 10.303ms
[2026-03-22T17:33:16.087+0900][11.852s][info][gc,cpu         ] GC(536) User=0.00s Sys=0.00s Real=0.01s
[2026-03-22T17:33:16.103+0900][11.867s][info][gc,start       ] GC(537) Pause Young (Allocation Failure)
[2026-03-22T17:33:16.108+0900][11.873s][info][gc,heap        ] GC(537) PSYoungGen: 152561K(163840K)->10496K(163840K) Eden: 152561K(153088K)->0K(153088K) From: 0K(10752K)->10496K(10752K)
[2026-03-22T17:33:16.108+0900][11.873s][info][gc,heap        ] GC(537) ParOldGen: 103430K(349696K)->197639K(349696K)
[2026-03-22T17:33:16.108+0900][11.873s][info][gc,metaspace   ] GC(537) Metaspace: 336K(512K)->336K(512K) NonClass: 318K(384K)->318K(384K) Class: 17K(128K)->17K(128K)
[2026-03-22T17:33:16.108+0900][11.873s][info][gc             ] GC(537) Pause Young (Allocation Failure) 249M->203M(501M) 5.751ms
[2026-03-22T17:33:16.108+0900][11.873s][info][gc,cpu         ] GC(537) User=0.02s Sys=0.00s Real=0.01s
[2026-03-22T17:33:16.125+0900][11.889s][info][gc,start       ] GC(538) Pause Young (Allocation Failure)
[2026-03-22T17:33:16.130+0900][11.894s][info][gc,heap        ] GC(538) PSYoungGen: 163057K(163840K)->10496K(163840K) Eden: 152561K(153088K)->0K(153088K) From: 10496K(10752K)->10496K(10752K)
[2026-03-22T17:33:16.130+0900][11.894s][info][gc,heap        ] GC(538) ParOldGen: 197639K(349696K)->291999K(349696K)
[2026-03-22T17:33:16.130+0900][11.894s][info][gc,metaspace   ] GC(538) Metaspace: 336K(512K)->336K(512K) NonClass: 318K(384K)->318K(384K) Class: 17K(128K)->17K(128K)
[2026-03-22T17:33:16.131+0900][11.894s][info][gc             ] GC(538) Pause Young (Allocation Failure) 352M->295M(501M) 5.649ms
[2026-03-22T17:33:16.131+0900][11.894s][info][gc,cpu         ] GC(538) User=0.00s Sys=0.00s Real=0.01s
[2026-03-22T17:33:16.147+0900][11.911s][info][gc,start       ] GC(539) Pause Full (Ergonomics)
[2026-03-22T17:33:16.147+0900][11.912s][info][gc,phases,start] GC(539) Marking Phase
[2026-03-22T17:33:16.149+0900][11.913s][info][gc,phases      ] GC(539) Marking Phase 1.364ms
[2026-03-22T17:33:16.149+0900][11.913s][info][gc,phases,start] GC(539) Summary Phase
[2026-03-22T17:33:16.149+0900][11.913s][info][gc,phases      ] GC(539) Summary Phase 0.017ms
[2026-03-22T17:33:16.149+0900][11.913s][info][gc,phases,start] GC(539) Adjust Roots
[2026-03-22T17:33:16.149+0900][11.913s][info][gc,phases      ] GC(539) Adjust Roots 0.217ms
[2026-03-22T17:33:16.149+0900][11.913s][info][gc,phases,start] GC(539) Compaction Phase
[2026-03-22T17:33:16.155+0900][11.919s][info][gc,phases      ] GC(539) Compaction Phase 6.152ms
[2026-03-22T17:33:16.155+0900][11.920s][info][gc,phases,start] GC(539) Post Compact
[2026-03-22T17:33:16.157+0900][11.921s][info][gc,phases      ] GC(539) Post Compact 1.872ms
[2026-03-22T17:33:16.157+0900][11.922s][info][gc,heap        ] GC(539) PSYoungGen: 163057K(163840K)->0K(163840K) Eden: 152561K(153088K)->0K(153088K) From: 10496K(10752K)->0K(10752K)
[2026-03-22T17:33:16.157+0900][11.922s][info][gc,heap        ] GC(539) ParOldGen: 291999K(349696K)->103430K(349696K)
[2026-03-22T17:33:16.157+0900][11.922s][info][gc,metaspace   ] GC(539) Metaspace: 336K(512K)->336K(512K) NonClass: 318K(384K)->318K(384K) Class: 17K(128K)->17K(128K)
[2026-03-22T17:33:16.157+0900][11.922s][info][gc             ] GC(539) Pause Full (Ergonomics) 444M->101M(501M) 10.131ms
[2026-03-22T17:33:16.157+0900][11.922s][info][gc,cpu         ] GC(539) User=0.06s Sys=0.00s Real=0.01s
[2026-03-22T17:33:16.173+0900][11.938s][info][gc,start       ] GC(540) Pause Young (Allocation Failure)
[2026-03-22T17:33:16.179+0900][11.943s][info][gc,heap        ] GC(540) PSYoungGen: 152561K(163840K)->10496K(163840K) Eden: 152561K(153088K)->0K(153088K) From: 0K(10752K)->10496K(10752K)
[2026-03-22T17:33:16.179+0900][11.944s][info][gc,heap        ] GC(540) ParOldGen: 103430K(349696K)->197639K(349696K)
[2026-03-22T17:33:16.179+0900][11.944s][info][gc,metaspace   ] GC(540) Metaspace: 336K(512K)->336K(512K) NonClass: 318K(384K)->318K(384K) Class: 17K(128K)->17K(128K)
[2026-03-22T17:33:16.179+0900][11.944s][info][gc             ] GC(540) Pause Young (Allocation Failure) 249M->203M(501M) 5.860ms
[2026-03-22T17:33:16.179+0900][11.944s][info][gc,cpu         ] GC(540) User=0.00s Sys=0.00s Real=0.01s
[2026-03-22T17:33:16.194+0900][11.959s][info][gc,start       ] GC(541) Pause Young (Allocation Failure)
[2026-03-22T17:33:16.200+0900][11.964s][info][gc,heap        ] GC(541) PSYoungGen: 163057K(163840K)->10496K(163840K) Eden: 152561K(153088K)->0K(153088K) From: 10496K(10752K)->10496K(10752K)
[2026-03-22T17:33:16.200+0900][11.964s][info][gc,heap        ] GC(541) ParOldGen: 197639K(349696K)->291999K(349696K)
[2026-03-22T17:33:16.200+0900][11.964s][info][gc,metaspace   ] GC(541) Metaspace: 336K(512K)->336K(512K) NonClass: 318K(384K)->318K(384K) Class: 17K(128K)->17K(128K)
[2026-03-22T17:33:16.200+0900][11.964s][info][gc             ] GC(541) Pause Young (Allocation Failure) 352M->295M(501M) 5.231ms
[2026-03-22T17:33:16.200+0900][11.964s][info][gc,cpu         ] GC(541) User=0.05s Sys=0.02s Real=0.01s
[2026-03-22T17:33:16.216+0900][11.980s][info][gc,start       ] GC(542) Pause Full (Ergonomics)
[2026-03-22T17:33:16.216+0900][11.980s][info][gc,phases,start] GC(542) Marking Phase
[2026-03-22T17:33:16.217+0900][11.981s][info][gc,phases      ] GC(542) Marking Phase 1.323ms
[2026-03-22T17:33:16.218+0900][11.981s][info][gc,phases,start] GC(542) Summary Phase
[2026-03-22T17:33:16.218+0900][11.981s][info][gc,phases      ] GC(542) Summary Phase 0.037ms
[2026-03-22T17:33:16.218+0900][11.981s][info][gc,phases,start] GC(542) Adjust Roots
[2026-03-22T17:33:16.218+0900][11.981s][info][gc,phases      ] GC(542) Adjust Roots 0.208ms
[2026-03-22T17:33:16.218+0900][11.981s][info][gc,phases,start] GC(542) Compaction Phase
[2026-03-22T17:33:16.223+0900][11.987s][info][gc,phases      ] GC(542) Compaction Phase 5.860ms
[2026-03-22T17:33:16.223+0900][11.987s][info][gc,phases,start] GC(542) Post Compact
[2026-03-22T17:33:16.225+0900][11.989s][info][gc,phases      ] GC(542) Post Compact 1.509ms
[2026-03-22T17:33:16.225+0900][11.989s][info][gc,heap        ] GC(542) PSYoungGen: 163057K(163840K)->0K(163840K) Eden: 152561K(153088K)->0K(153088K) From: 10496K(10752K)->0K(10752K)
[2026-03-22T17:33:16.225+0900][11.989s][info][gc,heap        ] GC(542) ParOldGen: 291999K(349696K)->103430K(349696K)
[2026-03-22T17:33:16.225+0900][11.989s][info][gc,metaspace   ] GC(542) Metaspace: 336K(512K)->336K(512K) NonClass: 318K(384K)->318K(384K) Class: 17K(128K)->17K(128K)
[2026-03-22T17:33:16.225+0900][11.989s][info][gc             ] GC(542) Pause Full (Ergonomics) 444M->101M(501M) 9.360ms
[2026-03-22T17:33:16.225+0900][11.989s][info][gc,cpu         ] GC(542) User=0.00s Sys=0.00s Real=0.01s
[2026-03-22T17:33:16.241+0900][12.004s][info][gc,start       ] GC(543) Pause Young (Allocation Failure)
[2026-03-22T17:33:16.246+0900][12.010s][info][gc,heap        ] GC(543) PSYoungGen: 152561K(163840K)->10496K(163840K) Eden: 152561K(153088K)->0K(153088K) From: 0K(10752K)->10496K(10752K)
[2026-03-22T17:33:16.246+0900][12.010s][info][gc,heap        ] GC(543) ParOldGen: 103430K(349696K)->197639K(349696K)
[2026-03-22T17:33:16.246+0900][12.010s][info][gc,metaspace   ] GC(543) Metaspace: 336K(512K)->336K(512K) NonClass: 318K(384K)->318K(384K) Class: 17K(128K)->17K(128K)
[2026-03-22T17:33:16.246+0900][12.010s][info][gc             ] GC(543) Pause Young (Allocation Failure) 249M->203M(501M) 5.603ms
[2026-03-22T17:33:16.246+0900][12.010s][info][gc,cpu         ] GC(543) User=0.06s Sys=0.00s Real=0.01s
[2026-03-22T17:33:16.261+0900][12.025s][info][gc,start       ] GC(544) Pause Young (Allocation Failure)
[2026-03-22T17:33:16.267+0900][12.031s][info][gc,heap        ] GC(544) PSYoungGen: 163057K(163840K)->10496K(163840K) Eden: 152561K(153088K)->0K(153088K) From: 10496K(10752K)->10496K(10752K)
[2026-03-22T17:33:16.267+0900][12.031s][info][gc,heap        ] GC(544) ParOldGen: 197639K(349696K)->291999K(349696K)
[2026-03-22T17:33:16.267+0900][12.031s][info][gc,metaspace   ] GC(544) Metaspace: 336K(512K)->336K(512K) NonClass: 318K(384K)->318K(384K) Class: 17K(128K)->17K(128K)
[2026-03-22T17:33:16.267+0900][12.031s][info][gc             ] GC(544) Pause Young (Allocation Failure) 352M->295M(501M) 6.188ms
[2026-03-22T17:33:16.267+0900][12.031s][info][gc,cpu         ] GC(544) User=0.00s Sys=0.00s Real=0.01s
[2026-03-22T17:33:16.285+0900][12.049s][info][gc,start       ] GC(545) Pause Full (Ergonomics)
[2026-03-22T17:33:16.285+0900][12.049s][info][gc,phases,start] GC(545) Marking Phase
[2026-03-22T17:33:16.286+0900][12.051s][info][gc,phases      ] GC(545) Marking Phase 1.162ms
[2026-03-22T17:33:16.286+0900][12.051s][info][gc,phases,start] GC(545) Summary Phase
[2026-03-22T17:33:16.286+0900][12.051s][info][gc,phases      ] GC(545) Summary Phase 0.016ms
[2026-03-22T17:33:16.286+0900][12.051s][info][gc,phases,start] GC(545) Adjust Roots
[2026-03-22T17:33:16.286+0900][12.051s][info][gc,phases      ] GC(545) Adjust Roots 0.193ms
[2026-03-22T17:33:16.286+0900][12.051s][info][gc,phases,start] GC(545) Compaction Phase
[2026-03-22T17:33:16.293+0900][12.057s][info][gc,phases      ] GC(545) Compaction Phase 6.111ms
[2026-03-22T17:33:16.293+0900][12.057s][info][gc,phases,start] GC(545) Post Compact
[2026-03-22T17:33:16.294+0900][12.058s][info][gc,phases      ] GC(545) Post Compact 1.444ms
[2026-03-22T17:33:16.294+0900][12.058s][info][gc,heap        ] GC(545) PSYoungGen: 163057K(163840K)->0K(163840K) Eden: 152561K(153088K)->0K(153088K) From: 10496K(10752K)->0K(10752K)
[2026-03-22T17:33:16.294+0900][12.058s][info][gc,heap        ] GC(545) ParOldGen: 291999K(349696K)->103430K(349696K)
[2026-03-22T17:33:16.294+0900][12.058s][info][gc,metaspace   ] GC(545) Metaspace: 336K(512K)->336K(512K) NonClass: 318K(384K)->318K(384K) Class: 17K(128K)->17K(128K)
[2026-03-22T17:33:16.294+0900][12.058s][info][gc             ] GC(545) Pause Full (Ergonomics) 444M->101M(501M) 9.175ms
[2026-03-22T17:33:16.294+0900][12.058s][info][gc,cpu         ] GC(545) User=0.06s Sys=0.00s Real=0.01s
[2026-03-22T17:33:16.310+0900][12.074s][info][gc,start       ] GC(546) Pause Young (Allocation Failure)
[2026-03-22T17:33:16.315+0900][12.079s][info][gc,heap        ] GC(546) PSYoungGen: 152561K(163840K)->10496K(163840K) Eden: 152561K(153088K)->0K(153088K) From: 0K(10752K)->10496K(10752K)
[2026-03-22T17:33:16.315+0900][12.079s][info][gc,heap        ] GC(546) ParOldGen: 103430K(349696K)->197639K(349696K)
[2026-03-22T17:33:16.315+0900][12.079s][info][gc,metaspace   ] GC(546) Metaspace: 336K(512K)->336K(512K) NonClass: 318K(384K)->318K(384K) Class: 17K(128K)->17K(128K)
[2026-03-22T17:33:16.315+0900][12.079s][info][gc             ] GC(546) Pause Young (Allocation Failure) 249M->203M(501M) 5.420ms
[2026-03-22T17:33:16.315+0900][12.079s][info][gc,cpu         ] GC(546) User=0.00s Sys=0.00s Real=0.01s
[2026-03-22T17:33:16.331+0900][12.094s][info][gc,start       ] GC(547) Pause Young (Allocation Failure)
[2026-03-22T17:33:16.335+0900][12.099s][info][gc,heap        ] GC(547) PSYoungGen: 163057K(163840K)->10496K(163840K) Eden: 152561K(153088K)->0K(153088K) From: 10496K(10752K)->10496K(10752K)
[2026-03-22T17:33:16.336+0900][12.099s][info][gc,heap        ] GC(547) ParOldGen: 197639K(349696K)->291999K(349696K)
[2026-03-22T17:33:16.336+0900][12.099s][info][gc,metaspace   ] GC(547) Metaspace: 336K(512K)->336K(512K) NonClass: 318K(384K)->318K(384K) Class: 17K(128K)->17K(128K)
[2026-03-22T17:33:16.336+0900][12.099s][info][gc             ] GC(547) Pause Young (Allocation Failure) 352M->295M(501M) 4.856ms
[2026-03-22T17:33:16.336+0900][12.099s][info][gc,cpu         ] GC(547) User=0.00s Sys=0.00s Real=0.00s
[2026-03-22T17:33:16.351+0900][12.115s][info][gc,start       ] GC(548) Pause Full (Ergonomics)
[2026-03-22T17:33:16.351+0900][12.115s][info][gc,phases,start] GC(548) Marking Phase
[2026-03-22T17:33:16.352+0900][12.116s][info][gc,phases      ] GC(548) Marking Phase 1.035ms
[2026-03-22T17:33:16.352+0900][12.116s][info][gc,phases,start] GC(548) Summary Phase
[2026-03-22T17:33:16.352+0900][12.116s][info][gc,phases      ] GC(548) Summary Phase 0.015ms
[2026-03-22T17:33:16.352+0900][12.116s][info][gc,phases,start] GC(548) Adjust Roots
[2026-03-22T17:33:16.352+0900][12.116s][info][gc,phases      ] GC(548) Adjust Roots 0.233ms
[2026-03-22T17:33:16.352+0900][12.116s][info][gc,phases,start] GC(548) Compaction Phase
[2026-03-22T17:33:16.358+0900][12.122s][info][gc,phases      ] GC(548) Compaction Phase 5.577ms
[2026-03-22T17:33:16.358+0900][12.122s][info][gc,phases,start] GC(548) Post Compact
[2026-03-22T17:33:16.359+0900][12.123s][info][gc,phases      ] GC(548) Post Compact 1.512ms
[2026-03-22T17:33:16.359+0900][12.123s][info][gc,heap        ] GC(548) PSYoungGen: 163057K(163840K)->0K(163840K) Eden: 152561K(153088K)->0K(153088K) From: 10496K(10752K)->0K(10752K)
[2026-03-22T17:33:16.359+0900][12.123s][info][gc,heap        ] GC(548) ParOldGen: 291999K(349696K)->103430K(349696K)
[2026-03-22T17:33:16.359+0900][12.123s][info][gc,metaspace   ] GC(548) Metaspace: 336K(512K)->336K(512K) NonClass: 318K(384K)->318K(384K) Class: 17K(128K)->17K(128K)
[2026-03-22T17:33:16.359+0900][12.123s][info][gc             ] GC(548) Pause Full (Ergonomics) 444M->101M(501M) 8.687ms
[2026-03-22T17:33:16.359+0900][12.123s][info][gc,cpu         ] GC(548) User=0.06s Sys=0.00s Real=0.01s
[2026-03-22T17:33:16.375+0900][12.138s][info][gc,start       ] GC(549) Pause Young (Allocation Failure)
[2026-03-22T17:33:16.379+0900][12.144s][info][gc,heap        ] GC(549) PSYoungGen: 152561K(163840K)->10496K(163840K) Eden: 152561K(153088K)->0K(153088K) From: 0K(10752K)->10496K(10752K)
[2026-03-22T17:33:16.379+0900][12.144s][info][gc,heap        ] GC(549) ParOldGen: 103430K(349696K)->197639K(349696K)
[2026-03-22T17:33:16.379+0900][12.144s][info][gc,metaspace   ] GC(549) Metaspace: 336K(512K)->336K(512K) NonClass: 318K(384K)->318K(384K) Class: 17K(128K)->17K(128K)
[2026-03-22T17:33:16.379+0900][12.144s][info][gc             ] GC(549) Pause Young (Allocation Failure) 249M->203M(501M) 5.650ms
[2026-03-22T17:33:16.380+0900][12.144s][info][gc,cpu         ] GC(549) User=0.00s Sys=0.00s Real=0.01s
[2026-03-22T17:33:16.395+0900][12.159s][info][gc,start       ] GC(550) Pause Young (Allocation Failure)
[2026-03-22T17:33:16.400+0900][12.165s][info][gc,heap        ] GC(550) PSYoungGen: 163057K(163840K)->10496K(163840K) Eden: 152561K(153088K)->0K(153088K) From: 10496K(10752K)->10496K(10752K)
[2026-03-22T17:33:16.400+0900][12.165s][info][gc,heap        ] GC(550) ParOldGen: 197639K(349696K)->291999K(349696K)
[2026-03-22T17:33:16.400+0900][12.165s][info][gc,metaspace   ] GC(550) Metaspace: 336K(512K)->336K(512K) NonClass: 318K(384K)->318K(384K) Class: 17K(128K)->17K(128K)
[2026-03-22T17:33:16.400+0900][12.165s][info][gc             ] GC(550) Pause Young (Allocation Failure) 352M->295M(501M) 5.170ms
[2026-03-22T17:33:16.400+0900][12.165s][info][gc,cpu         ] GC(550) User=0.06s Sys=0.00s Real=0.01s
[2026-03-22T17:33:16.416+0900][12.180s][info][gc,start       ] GC(551) Pause Full (Ergonomics)
[2026-03-22T17:33:16.416+0900][12.180s][info][gc,phases,start] GC(551) Marking Phase
[2026-03-22T17:33:16.418+0900][12.182s][info][gc,phases      ] GC(551) Marking Phase 1.168ms
[2026-03-22T17:33:16.418+0900][12.182s][info][gc,phases,start] GC(551) Summary Phase
[2026-03-22T17:33:16.418+0900][12.182s][info][gc,phases      ] GC(551) Summary Phase 0.015ms
[2026-03-22T17:33:16.418+0900][12.182s][info][gc,phases,start] GC(551) Adjust Roots
[2026-03-22T17:33:16.418+0900][12.182s][info][gc,phases      ] GC(551) Adjust Roots 0.168ms
[2026-03-22T17:33:16.418+0900][12.182s][info][gc,phases,start] GC(551) Compaction Phase
[2026-03-22T17:33:16.423+0900][12.187s][info][gc,phases      ] GC(551) Compaction Phase 5.491ms
[2026-03-22T17:33:16.424+0900][12.187s][info][gc,phases,start] GC(551) Post Compact
[2026-03-22T17:33:16.425+0900][12.189s][info][gc,phases      ] GC(551) Post Compact 1.481ms
[2026-03-22T17:33:16.425+0900][12.189s][info][gc,heap        ] GC(551) PSYoungGen: 163057K(163840K)->0K(163840K) Eden: 152561K(153088K)->0K(153088K) From: 10496K(10752K)->0K(10752K)
[2026-03-22T17:33:16.425+0900][12.189s][info][gc,heap        ] GC(551) ParOldGen: 291999K(349696K)->103430K(349696K)
[2026-03-22T17:33:16.425+0900][12.189s][info][gc,metaspace   ] GC(551) Metaspace: 336K(512K)->336K(512K) NonClass: 318K(384K)->318K(384K) Class: 17K(128K)->17K(128K)
[2026-03-22T17:33:16.425+0900][12.189s][info][gc             ] GC(551) Pause Full (Ergonomics) 444M->101M(501M) 8.673ms
[2026-03-22T17:33:16.425+0900][12.189s][info][gc,cpu         ] GC(551) User=0.00s Sys=0.00s Real=0.01s
[2026-03-22T17:33:16.441+0900][12.204s][info][gc,start       ] GC(552) Pause Young (Allocation Failure)
[2026-03-22T17:33:16.444+0900][12.209s][info][gc,heap        ] GC(552) PSYoungGen: 152561K(163840K)->10496K(163840K) Eden: 152561K(153088K)->0K(153088K) From: 0K(10752K)->10496K(10752K)
[2026-03-22T17:33:16.444+0900][12.209s][info][gc,heap        ] GC(552) ParOldGen: 103430K(349696K)->197639K(349696K)
[2026-03-22T17:33:16.444+0900][12.209s][info][gc,metaspace   ] GC(552) Metaspace: 336K(512K)->336K(512K) NonClass: 318K(384K)->318K(384K) Class: 17K(128K)->17K(128K)
[2026-03-22T17:33:16.444+0900][12.209s][info][gc             ] GC(552) Pause Young (Allocation Failure) 249M->203M(501M) 4.635ms
[2026-03-22T17:33:16.444+0900][12.209s][info][gc,cpu         ] GC(552) User=0.00s Sys=0.00s Real=0.00s
[2026-03-22T17:33:16.460+0900][12.225s][info][gc,start       ] GC(553) Pause Young (Allocation Failure)
[2026-03-22T17:33:16.465+0900][12.230s][info][gc,heap        ] GC(553) PSYoungGen: 163057K(163840K)->10496K(163840K) Eden: 152561K(153088K)->0K(153088K) From: 10496K(10752K)->10496K(10752K)
[2026-03-22T17:33:16.465+0900][12.230s][info][gc,heap        ] GC(553) ParOldGen: 197639K(349696K)->291999K(349696K)
[2026-03-22T17:33:16.465+0900][12.230s][info][gc,metaspace   ] GC(553) Metaspace: 336K(512K)->336K(512K) NonClass: 318K(384K)->318K(384K) Class: 17K(128K)->17K(128K)
[2026-03-22T17:33:16.465+0900][12.230s][info][gc             ] GC(553) Pause Young (Allocation Failure) 352M->295M(501M) 5.308ms
[2026-03-22T17:33:16.465+0900][12.230s][info][gc,cpu         ] GC(553) User=0.06s Sys=0.00s Real=0.00s
[2026-03-22T17:33:16.481+0900][12.245s][info][gc,start       ] GC(554) Pause Full (Ergonomics)
[2026-03-22T17:33:16.481+0900][12.245s][info][gc,phases,start] GC(554) Marking Phase
[2026-03-22T17:33:16.482+0900][12.247s][info][gc,phases      ] GC(554) Marking Phase 1.124ms
[2026-03-22T17:33:16.482+0900][12.247s][info][gc,phases,start] GC(554) Summary Phase
[2026-03-22T17:33:16.482+0900][12.247s][info][gc,phases      ] GC(554) Summary Phase 0.014ms
[2026-03-22T17:33:16.482+0900][12.247s][info][gc,phases,start] GC(554) Adjust Roots
[2026-03-22T17:33:16.482+0900][12.247s][info][gc,phases      ] GC(554) Adjust Roots 0.193ms
[2026-03-22T17:33:16.482+0900][12.247s][info][gc,phases,start] GC(554) Compaction Phase
[2026-03-22T17:33:16.488+0900][12.253s][info][gc,phases      ] GC(554) Compaction Phase 6.006ms
[2026-03-22T17:33:16.488+0900][12.253s][info][gc,phases,start] GC(554) Post Compact
[2026-03-22T17:33:16.490+0900][12.254s][info][gc,phases      ] GC(554) Post Compact 1.398ms
[2026-03-22T17:33:16.490+0900][12.254s][info][gc,heap        ] GC(554) PSYoungGen: 163057K(163840K)->0K(163840K) Eden: 152561K(153088K)->0K(153088K) From: 10496K(10752K)->0K(10752K)
[2026-03-22T17:33:16.490+0900][12.254s][info][gc,heap        ] GC(554) ParOldGen: 291999K(349696K)->103430K(349696K)
[2026-03-22T17:33:16.490+0900][12.254s][info][gc,metaspace   ] GC(554) Metaspace: 336K(512K)->336K(512K) NonClass: 318K(384K)->318K(384K) Class: 17K(128K)->17K(128K)
[2026-03-22T17:33:16.490+0900][12.254s][info][gc             ] GC(554) Pause Full (Ergonomics) 444M->101M(501M) 9.022ms
[2026-03-22T17:33:16.490+0900][12.254s][info][gc,cpu         ] GC(554) User=0.00s Sys=0.00s Real=0.01s
[2026-03-22T17:33:16.507+0900][12.271s][info][gc,start       ] GC(555) Pause Young (Allocation Failure)
[2026-03-22T17:33:16.512+0900][12.276s][info][gc,heap        ] GC(555) PSYoungGen: 152561K(163840K)->10496K(163840K) Eden: 152561K(153088K)->0K(153088K) From: 0K(10752K)->10496K(10752K)
[2026-03-22T17:33:16.512+0900][12.276s][info][gc,heap        ] GC(555) ParOldGen: 103430K(349696K)->197639K(349696K)
[2026-03-22T17:33:16.512+0900][12.276s][info][gc,metaspace   ] GC(555) Metaspace: 336K(512K)->336K(512K) NonClass: 318K(384K)->318K(384K) Class: 17K(128K)->17K(128K)
[2026-03-22T17:33:16.512+0900][12.276s][info][gc             ] GC(555) Pause Young (Allocation Failure) 249M->203M(501M) 5.250ms
[2026-03-22T17:33:16.512+0900][12.276s][info][gc,cpu         ] GC(555) User=0.06s Sys=0.00s Real=0.01s
[2026-03-22T17:33:16.529+0900][12.293s][info][gc,start       ] GC(556) Pause Young (Allocation Failure)
[2026-03-22T17:33:16.534+0900][12.298s][info][gc,heap        ] GC(556) PSYoungGen: 163057K(163840K)->10496K(163840K) Eden: 152561K(153088K)->0K(153088K) From: 10496K(10752K)->10496K(10752K)
[2026-03-22T17:33:16.534+0900][12.298s][info][gc,heap        ] GC(556) ParOldGen: 197639K(349696K)->291999K(349696K)
[2026-03-22T17:33:16.534+0900][12.298s][info][gc,metaspace   ] GC(556) Metaspace: 336K(512K)->336K(512K) NonClass: 318K(384K)->318K(384K) Class: 17K(128K)->17K(128K)
[2026-03-22T17:33:16.534+0900][12.298s][info][gc             ] GC(556) Pause Young (Allocation Failure) 352M->295M(501M) 5.514ms
[2026-03-22T17:33:16.534+0900][12.298s][info][gc,cpu         ] GC(556) User=0.00s Sys=0.00s Real=0.00s
[2026-03-22T17:33:16.550+0900][12.314s][info][gc,start       ] GC(557) Pause Full (Ergonomics)
[2026-03-22T17:33:16.550+0900][12.314s][info][gc,phases,start] GC(557) Marking Phase
[2026-03-22T17:33:16.551+0900][12.315s][info][gc,phases      ] GC(557) Marking Phase 1.154ms
[2026-03-22T17:33:16.551+0900][12.315s][info][gc,phases,start] GC(557) Summary Phase
[2026-03-22T17:33:16.551+0900][12.315s][info][gc,phases      ] GC(557) Summary Phase 0.015ms
[2026-03-22T17:33:16.551+0900][12.315s][info][gc,phases,start] GC(557) Adjust Roots
[2026-03-22T17:33:16.551+0900][12.315s][info][gc,phases      ] GC(557) Adjust Roots 0.172ms
[2026-03-22T17:33:16.551+0900][12.315s][info][gc,phases,start] GC(557) Compaction Phase
[2026-03-22T17:33:16.556+0900][12.321s][info][gc,phases      ] GC(557) Compaction Phase 5.412ms
[2026-03-22T17:33:16.556+0900][12.321s][info][gc,phases,start] GC(557) Post Compact
[2026-03-22T17:33:16.558+0900][12.322s][info][gc,phases      ] GC(557) Post Compact 1.661ms
[2026-03-22T17:33:16.558+0900][12.322s][info][gc,heap        ] GC(557) PSYoungGen: 163057K(163840K)->0K(163840K) Eden: 152561K(153088K)->0K(153088K) From: 10496K(10752K)->0K(10752K)
[2026-03-22T17:33:16.558+0900][12.322s][info][gc,heap        ] GC(557) ParOldGen: 291999K(349696K)->103430K(349696K)
[2026-03-22T17:33:16.558+0900][12.322s][info][gc,metaspace   ] GC(557) Metaspace: 336K(512K)->336K(512K) NonClass: 318K(384K)->318K(384K) Class: 17K(128K)->17K(128K)
[2026-03-22T17:33:16.558+0900][12.322s][info][gc             ] GC(557) Pause Full (Ergonomics) 444M->101M(501M) 8.684ms
[2026-03-22T17:33:16.558+0900][12.322s][info][gc,cpu         ] GC(557) User=0.05s Sys=0.00s Real=0.01s
[2026-03-22T17:33:16.573+0900][12.337s][info][gc,start       ] GC(558) Pause Young (Allocation Failure)
[2026-03-22T17:33:16.578+0900][12.342s][info][gc,heap        ] GC(558) PSYoungGen: 152561K(163840K)->10496K(163840K) Eden: 152561K(153088K)->0K(153088K) From: 0K(10752K)->10496K(10752K)
[2026-03-22T17:33:16.578+0900][12.342s][info][gc,heap        ] GC(558) ParOldGen: 103430K(349696K)->197639K(349696K)
[2026-03-22T17:33:16.578+0900][12.342s][info][gc,metaspace   ] GC(558) Metaspace: 336K(512K)->336K(512K) NonClass: 318K(384K)->318K(384K) Class: 17K(128K)->17K(128K)
[2026-03-22T17:33:16.578+0900][12.342s][info][gc             ] GC(558) Pause Young (Allocation Failure) 249M->203M(501M) 5.242ms
[2026-03-22T17:33:16.578+0900][12.343s][info][gc,cpu         ] GC(558) User=0.00s Sys=0.00s Real=0.01s
[2026-03-22T17:33:16.596+0900][12.360s][info][gc,start       ] GC(559) Pause Young (Allocation Failure)
[2026-03-22T17:33:16.601+0900][12.365s][info][gc,heap        ] GC(559) PSYoungGen: 163057K(163840K)->10496K(163840K) Eden: 152561K(153088K)->0K(153088K) From: 10496K(10752K)->10496K(10752K)
[2026-03-22T17:33:16.601+0900][12.365s][info][gc,heap        ] GC(559) ParOldGen: 197639K(349696K)->291999K(349696K)
[2026-03-22T17:33:16.601+0900][12.365s][info][gc,metaspace   ] GC(559) Metaspace: 336K(512K)->336K(512K) NonClass: 318K(384K)->318K(384K) Class: 17K(128K)->17K(128K)
[2026-03-22T17:33:16.601+0900][12.365s][info][gc             ] GC(559) Pause Young (Allocation Failure) 352M->295M(501M) 5.311ms
[2026-03-22T17:33:16.601+0900][12.365s][info][gc,cpu         ] GC(559) User=0.00s Sys=0.00s Real=0.01s
[2026-03-22T17:33:16.620+0900][12.384s][info][gc,start       ] GC(560) Pause Full (Ergonomics)
[2026-03-22T17:33:16.620+0900][12.384s][info][gc,phases,start] GC(560) Marking Phase
[2026-03-22T17:33:16.621+0900][12.386s][info][gc,phases      ] GC(560) Marking Phase 1.448ms
[2026-03-22T17:33:16.621+0900][12.386s][info][gc,phases,start] GC(560) Summary Phase
[2026-03-22T17:33:16.621+0900][12.386s][info][gc,phases      ] GC(560) Summary Phase 0.020ms
[2026-03-22T17:33:16.621+0900][12.386s][info][gc,phases,start] GC(560) Adjust Roots
[2026-03-22T17:33:16.622+0900][12.386s][info][gc,phases      ] GC(560) Adjust Roots 0.339ms
[2026-03-22T17:33:16.622+0900][12.386s][info][gc,phases,start] GC(560) Compaction Phase
[2026-03-22T17:33:16.629+0900][12.393s][info][gc,phases      ] GC(560) Compaction Phase 6.958ms
[2026-03-22T17:33:16.629+0900][12.393s][info][gc,phases,start] GC(560) Post Compact
[2026-03-22T17:33:16.630+0900][12.395s][info][gc,phases      ] GC(560) Post Compact 1.614ms
[2026-03-22T17:33:16.630+0900][12.395s][info][gc,heap        ] GC(560) PSYoungGen: 163057K(163840K)->0K(163840K) Eden: 152561K(153088K)->0K(153088K) From: 10496K(10752K)->0K(10752K)
[2026-03-22T17:33:16.630+0900][12.395s][info][gc,heap        ] GC(560) ParOldGen: 291999K(349696K)->103430K(349696K)
[2026-03-22T17:33:16.630+0900][12.395s][info][gc,metaspace   ] GC(560) Metaspace: 336K(512K)->336K(512K) NonClass: 318K(384K)->318K(384K) Class: 17K(128K)->17K(128K)
[2026-03-22T17:33:16.631+0900][12.395s][info][gc             ] GC(560) Pause Full (Ergonomics) 444M->101M(501M) 10.791ms
[2026-03-22T17:33:16.631+0900][12.395s][info][gc,cpu         ] GC(560) User=0.00s Sys=0.00s Real=0.01s
[2026-03-22T17:33:16.647+0900][12.411s][info][gc,start       ] GC(561) Pause Young (Allocation Failure)
[2026-03-22T17:33:16.652+0900][12.416s][info][gc,heap        ] GC(561) PSYoungGen: 152561K(163840K)->10496K(163840K) Eden: 152561K(153088K)->0K(153088K) From: 0K(10752K)->10496K(10752K)
[2026-03-22T17:33:16.652+0900][12.416s][info][gc,heap        ] GC(561) ParOldGen: 103430K(349696K)->197639K(349696K)
[2026-03-22T17:33:16.652+0900][12.416s][info][gc,metaspace   ] GC(561) Metaspace: 336K(512K)->336K(512K) NonClass: 318K(384K)->318K(384K) Class: 17K(128K)->17K(128K)
[2026-03-22T17:33:16.652+0900][12.416s][info][gc             ] GC(561) Pause Young (Allocation Failure) 249M->203M(501M) 4.870ms
[2026-03-22T17:33:16.652+0900][12.416s][info][gc,cpu         ] GC(561) User=0.06s Sys=0.00s Real=0.00s
[2026-03-22T17:33:16.667+0900][12.432s][info][gc,start       ] GC(562) Pause Young (Allocation Failure)
[2026-03-22T17:33:16.672+0900][12.436s][info][gc,heap        ] GC(562) PSYoungGen: 163057K(163840K)->10496K(163840K) Eden: 152561K(153088K)->0K(153088K) From: 10496K(10752K)->10496K(10752K)
[2026-03-22T17:33:16.672+0900][12.436s][info][gc,heap        ] GC(562) ParOldGen: 197639K(349696K)->291999K(349696K)
[2026-03-22T17:33:16.672+0900][12.436s][info][gc,metaspace   ] GC(562) Metaspace: 336K(512K)->336K(512K) NonClass: 318K(384K)->318K(384K) Class: 17K(128K)->17K(128K)
[2026-03-22T17:33:16.672+0900][12.437s][info][gc             ] GC(562) Pause Young (Allocation Failure) 352M->295M(501M) 4.916ms
[2026-03-22T17:33:16.672+0900][12.437s][info][gc,cpu         ] GC(562) User=0.00s Sys=0.00s Real=0.00s
[2026-03-22T17:33:16.688+0900][12.452s][info][gc,start       ] GC(563) Pause Full (Ergonomics)
[2026-03-22T17:33:16.688+0900][12.452s][info][gc,phases,start] GC(563) Marking Phase
[2026-03-22T17:33:16.690+0900][12.454s][info][gc,phases      ] GC(563) Marking Phase 1.345ms
[2026-03-22T17:33:16.690+0900][12.454s][info][gc,phases,start] GC(563) Summary Phase
[2026-03-22T17:33:16.690+0900][12.454s][info][gc,phases      ] GC(563) Summary Phase 0.151ms
[2026-03-22T17:33:16.690+0900][12.454s][info][gc,phases,start] GC(563) Adjust Roots
[2026-03-22T17:33:16.690+0900][12.454s][info][gc,phases      ] GC(563) Adjust Roots 0.229ms
[2026-03-22T17:33:16.690+0900][12.454s][info][gc,phases,start] GC(563) Compaction Phase
[2026-03-22T17:33:16.696+0900][12.460s][info][gc,phases      ] GC(563) Compaction Phase 6.123ms
[2026-03-22T17:33:16.696+0900][12.460s][info][gc,phases,start] GC(563) Post Compact
[2026-03-22T17:33:16.698+0900][12.462s][info][gc,phases      ] GC(563) Post Compact 1.671ms
[2026-03-22T17:33:16.698+0900][12.462s][info][gc,heap        ] GC(563) PSYoungGen: 163057K(163840K)->0K(163840K) Eden: 152561K(153088K)->0K(153088K) From: 10496K(10752K)->0K(10752K)
[2026-03-22T17:33:16.698+0900][12.462s][info][gc,heap        ] GC(563) ParOldGen: 291999K(349696K)->103430K(349696K)
[2026-03-22T17:33:16.698+0900][12.462s][info][gc,metaspace   ] GC(563) Metaspace: 336K(512K)->336K(512K) NonClass: 318K(384K)->318K(384K) Class: 17K(128K)->17K(128K)
[2026-03-22T17:33:16.698+0900][12.462s][info][gc             ] GC(563) Pause Full (Ergonomics) 444M->101M(501M) 9.919ms
[2026-03-22T17:33:16.698+0900][12.462s][info][gc,cpu         ] GC(563) User=0.02s Sys=0.00s Real=0.01s
[2026-03-22T17:33:16.716+0900][12.480s][info][gc,start       ] GC(564) Pause Young (Allocation Failure)
[2026-03-22T17:33:16.722+0900][12.486s][info][gc,heap        ] GC(564) PSYoungGen: 152561K(163840K)->10464K(163840K) Eden: 152561K(153088K)->0K(153088K) From: 0K(10752K)->10464K(10752K)
[2026-03-22T17:33:16.722+0900][12.486s][info][gc,heap        ] GC(564) ParOldGen: 103430K(349696K)->197639K(349696K)
[2026-03-22T17:33:16.722+0900][12.486s][info][gc,metaspace   ] GC(564) Metaspace: 336K(512K)->336K(512K) NonClass: 318K(384K)->318K(384K) Class: 17K(128K)->17K(128K)
[2026-03-22T17:33:16.722+0900][12.486s][info][gc             ] GC(564) Pause Young (Allocation Failure) 249M->203M(501M) 5.761ms
[2026-03-22T17:33:16.722+0900][12.486s][info][gc,cpu         ] GC(564) User=0.00s Sys=0.00s Real=0.01s
[2026-03-22T17:33:16.738+0900][12.502s][info][gc,start       ] GC(565) Pause Young (Allocation Failure)
[2026-03-22T17:33:16.743+0900][12.507s][info][gc,heap        ] GC(565) PSYoungGen: 163025K(163840K)->10496K(163840K) Eden: 152561K(153088K)->0K(153088K) From: 10464K(10752K)->10496K(10752K)
[2026-03-22T17:33:16.743+0900][12.507s][info][gc,heap        ] GC(565) ParOldGen: 197639K(349696K)->291999K(349696K)
[2026-03-22T17:33:16.743+0900][12.507s][info][gc,metaspace   ] GC(565) Metaspace: 336K(512K)->336K(512K) NonClass: 318K(384K)->318K(384K) Class: 17K(128K)->17K(128K)
[2026-03-22T17:33:16.743+0900][12.507s][info][gc             ] GC(565) Pause Young (Allocation Failure) 352M->295M(501M) 4.929ms
[2026-03-22T17:33:16.743+0900][12.507s][info][gc,cpu         ] GC(565) User=0.00s Sys=0.00s Real=0.01s
[2026-03-22T17:33:16.759+0900][12.523s][info][gc,start       ] GC(566) Pause Full (Ergonomics)
[2026-03-22T17:33:16.759+0900][12.523s][info][gc,phases,start] GC(566) Marking Phase
[2026-03-22T17:33:16.761+0900][12.525s][info][gc,phases      ] GC(566) Marking Phase 1.613ms
[2026-03-22T17:33:16.761+0900][12.525s][info][gc,phases,start] GC(566) Summary Phase
[2026-03-22T17:33:16.761+0900][12.525s][info][gc,phases      ] GC(566) Summary Phase 0.036ms
[2026-03-22T17:33:16.761+0900][12.525s][info][gc,phases,start] GC(566) Adjust Roots
[2026-03-22T17:33:16.761+0900][12.525s][info][gc,phases      ] GC(566) Adjust Roots 0.226ms
[2026-03-22T17:33:16.761+0900][12.525s][info][gc,phases,start] GC(566) Compaction Phase
[2026-03-22T17:33:16.767+0900][12.531s][info][gc,phases      ] GC(566) Compaction Phase 6.306ms
[2026-03-22T17:33:16.767+0900][12.531s][info][gc,phases,start] GC(566) Post Compact
[2026-03-22T17:33:16.769+0900][12.533s][info][gc,phases      ] GC(566) Post Compact 1.482ms
[2026-03-22T17:33:16.769+0900][12.533s][info][gc,heap        ] GC(566) PSYoungGen: 163057K(163840K)->0K(163840K) Eden: 152561K(153088K)->0K(153088K) From: 10496K(10752K)->0K(10752K)
[2026-03-22T17:33:16.769+0900][12.533s][info][gc,heap        ] GC(566) ParOldGen: 291999K(349696K)->103430K(349696K)
[2026-03-22T17:33:16.769+0900][12.533s][info][gc,metaspace   ] GC(566) Metaspace: 336K(512K)->336K(512K) NonClass: 318K(384K)->318K(384K) Class: 17K(128K)->17K(128K)
[2026-03-22T17:33:16.769+0900][12.533s][info][gc             ] GC(566) Pause Full (Ergonomics) 444M->101M(501M) 10.093ms
[2026-03-22T17:33:16.769+0900][12.533s][info][gc,cpu         ] GC(566) User=0.06s Sys=0.00s Real=0.01s
[2026-03-22T17:33:16.785+0900][12.549s][info][gc,start       ] GC(567) Pause Young (Allocation Failure)
[2026-03-22T17:33:16.790+0900][12.554s][info][gc,heap        ] GC(567) PSYoungGen: 152561K(163840K)->10496K(163840K) Eden: 152561K(153088K)->0K(153088K) From: 0K(10752K)->10496K(10752K)
[2026-03-22T17:33:16.790+0900][12.554s][info][gc,heap        ] GC(567) ParOldGen: 103430K(349696K)->197639K(349696K)
[2026-03-22T17:33:16.790+0900][12.554s][info][gc,metaspace   ] GC(567) Metaspace: 336K(512K)->336K(512K) NonClass: 318K(384K)->318K(384K) Class: 17K(128K)->17K(128K)
[2026-03-22T17:33:16.790+0900][12.554s][info][gc             ] GC(567) Pause Young (Allocation Failure) 249M->203M(501M) 4.857ms
[2026-03-22T17:33:16.790+0900][12.554s][info][gc,cpu         ] GC(567) User=0.00s Sys=0.00s Real=0.00s
[2026-03-22T17:33:16.809+0900][12.573s][info][gc,start       ] GC(568) Pause Young (Allocation Failure)
[2026-03-22T17:33:16.815+0900][12.579s][info][gc,heap        ] GC(568) PSYoungGen: 163057K(163840K)->10496K(163840K) Eden: 152561K(153088K)->0K(153088K) From: 10496K(10752K)->10496K(10752K)
[2026-03-22T17:33:16.815+0900][12.579s][info][gc,heap        ] GC(568) ParOldGen: 197639K(349696K)->291999K(349696K)
[2026-03-22T17:33:16.816+0900][12.579s][info][gc,metaspace   ] GC(568) Metaspace: 336K(512K)->336K(512K) NonClass: 318K(384K)->318K(384K) Class: 17K(128K)->17K(128K)
[2026-03-22T17:33:16.816+0900][12.579s][info][gc             ] GC(568) Pause Young (Allocation Failure) 352M->295M(501M) 6.357ms
[2026-03-22T17:33:16.816+0900][12.579s][info][gc,cpu         ] GC(568) User=0.00s Sys=0.00s Real=0.01s
[2026-03-22T17:33:16.832+0900][12.596s][info][gc,start       ] GC(569) Pause Full (Ergonomics)
[2026-03-22T17:33:16.832+0900][12.596s][info][gc,phases,start] GC(569) Marking Phase
[2026-03-22T17:33:16.833+0900][12.598s][info][gc,phases      ] GC(569) Marking Phase 1.304ms
[2026-03-22T17:33:16.833+0900][12.598s][info][gc,phases,start] GC(569) Summary Phase
[2026-03-22T17:33:16.833+0900][12.598s][info][gc,phases      ] GC(569) Summary Phase 0.016ms
[2026-03-22T17:33:16.833+0900][12.598s][info][gc,phases,start] GC(569) Adjust Roots
[2026-03-22T17:33:16.834+0900][12.598s][info][gc,phases      ] GC(569) Adjust Roots 0.225ms
[2026-03-22T17:33:16.834+0900][12.598s][info][gc,phases,start] GC(569) Compaction Phase
[2026-03-22T17:33:16.840+0900][12.604s][info][gc,phases      ] GC(569) Compaction Phase 6.264ms
[2026-03-22T17:33:16.840+0900][12.604s][info][gc,phases,start] GC(569) Post Compact
[2026-03-22T17:33:16.842+0900][12.606s][info][gc,phases      ] GC(569) Post Compact 1.457ms
[2026-03-22T17:33:16.842+0900][12.606s][info][gc,heap        ] GC(569) PSYoungGen: 163057K(163840K)->0K(163840K) Eden: 152561K(153088K)->0K(153088K) From: 10496K(10752K)->0K(10752K)
[2026-03-22T17:33:16.842+0900][12.606s][info][gc,heap        ] GC(569) ParOldGen: 291999K(349696K)->103430K(349696K)
[2026-03-22T17:33:16.842+0900][12.606s][info][gc,metaspace   ] GC(569) Metaspace: 336K(512K)->336K(512K) NonClass: 318K(384K)->318K(384K) Class: 17K(128K)->17K(128K)
[2026-03-22T17:33:16.842+0900][12.606s][info][gc             ] GC(569) Pause Full (Ergonomics) 444M->101M(501M) 9.682ms
[2026-03-22T17:33:16.842+0900][12.606s][info][gc,cpu         ] GC(569) User=0.06s Sys=0.00s Real=0.01s
[2026-03-22T17:33:16.856+0900][12.620s][info][gc,start       ] GC(570) Pause Young (Allocation Failure)
[2026-03-22T17:33:16.861+0900][12.625s][info][gc,heap        ] GC(570) PSYoungGen: 152561K(163840K)->10496K(163840K) Eden: 152561K(153088K)->0K(153088K) From: 0K(10752K)->10496K(10752K)
[2026-03-22T17:33:16.861+0900][12.625s][info][gc,heap        ] GC(570) ParOldGen: 103430K(349696K)->197639K(349696K)
[2026-03-22T17:33:16.861+0900][12.625s][info][gc,metaspace   ] GC(570) Metaspace: 336K(512K)->336K(512K) NonClass: 318K(384K)->318K(384K) Class: 17K(128K)->17K(128K)
[2026-03-22T17:33:16.861+0900][12.625s][info][gc             ] GC(570) Pause Young (Allocation Failure) 249M->203M(501M) 5.071ms
[2026-03-22T17:33:16.861+0900][12.625s][info][gc,cpu         ] GC(570) User=0.00s Sys=0.00s Real=0.01s
[2026-03-22T17:33:16.876+0900][12.640s][info][gc,start       ] GC(571) Pause Young (Allocation Failure)
[2026-03-22T17:33:16.881+0900][12.645s][info][gc,heap        ] GC(571) PSYoungGen: 163057K(163840K)->10496K(163840K) Eden: 152561K(153088K)->0K(153088K) From: 10496K(10752K)->10496K(10752K)
[2026-03-22T17:33:16.881+0900][12.645s][info][gc,heap        ] GC(571) ParOldGen: 197639K(349696K)->291999K(349696K)
[2026-03-22T17:33:16.881+0900][12.645s][info][gc,metaspace   ] GC(571) Metaspace: 336K(512K)->336K(512K) NonClass: 318K(384K)->318K(384K) Class: 17K(128K)->17K(128K)
[2026-03-22T17:33:16.881+0900][12.645s][info][gc             ] GC(571) Pause Young (Allocation Failure) 352M->295M(501M) 4.906ms
[2026-03-22T17:33:16.881+0900][12.645s][info][gc,cpu         ] GC(571) User=0.00s Sys=0.00s Real=0.01s
[2026-03-22T17:33:16.898+0900][12.662s][info][gc,start       ] GC(572) Pause Full (Ergonomics)
[2026-03-22T17:33:16.898+0900][12.662s][info][gc,phases,start] GC(572) Marking Phase
[2026-03-22T17:33:16.899+0900][12.663s][info][gc,phases      ] GC(572) Marking Phase 1.186ms
[2026-03-22T17:33:16.899+0900][12.663s][info][gc,phases,start] GC(572) Summary Phase
[2026-03-22T17:33:16.899+0900][12.663s][info][gc,phases      ] GC(572) Summary Phase 0.017ms
[2026-03-22T17:33:16.899+0900][12.663s][info][gc,phases,start] GC(572) Adjust Roots
[2026-03-22T17:33:16.899+0900][12.663s][info][gc,phases      ] GC(572) Adjust Roots 0.200ms
[2026-03-22T17:33:16.899+0900][12.663s][info][gc,phases,start] GC(572) Compaction Phase
[2026-03-22T17:33:16.905+0900][12.669s][info][gc,phases      ] GC(572) Compaction Phase 5.543ms
[2026-03-22T17:33:16.905+0900][12.669s][info][gc,phases,start] GC(572) Post Compact
[2026-03-22T17:33:16.907+0900][12.671s][info][gc,phases      ] GC(572) Post Compact 2.135ms
[2026-03-22T17:33:16.907+0900][12.671s][info][gc,heap        ] GC(572) PSYoungGen: 163057K(163840K)->0K(163840K) Eden: 152561K(153088K)->0K(153088K) From: 10496K(10752K)->0K(10752K)
[2026-03-22T17:33:16.907+0900][12.671s][info][gc,heap        ] GC(572) ParOldGen: 291999K(349696K)->103430K(349696K)
[2026-03-22T17:33:16.907+0900][12.671s][info][gc,metaspace   ] GC(572) Metaspace: 336K(512K)->336K(512K) NonClass: 318K(384K)->318K(384K) Class: 17K(128K)->17K(128K)
[2026-03-22T17:33:16.907+0900][12.671s][info][gc             ] GC(572) Pause Full (Ergonomics) 444M->101M(501M) 9.392ms
[2026-03-22T17:33:16.907+0900][12.671s][info][gc,cpu         ] GC(572) User=0.06s Sys=0.00s Real=0.01s
[2026-03-22T17:33:16.924+0900][12.688s][info][gc,start       ] GC(573) Pause Young (Allocation Failure)
[2026-03-22T17:33:16.928+0900][12.692s][info][gc,heap        ] GC(573) PSYoungGen: 152561K(163840K)->10496K(163840K) Eden: 152561K(153088K)->0K(153088K) From: 0K(10752K)->10496K(10752K)
[2026-03-22T17:33:16.929+0900][12.693s][info][gc,heap        ] GC(573) ParOldGen: 103430K(349696K)->197639K(349696K)
[2026-03-22T17:33:16.929+0900][12.693s][info][gc,metaspace   ] GC(573) Metaspace: 336K(512K)->336K(512K) NonClass: 318K(384K)->318K(384K) Class: 17K(128K)->17K(128K)
[2026-03-22T17:33:16.929+0900][12.693s][info][gc             ] GC(573) Pause Young (Allocation Failure) 249M->203M(501M) 5.063ms
[2026-03-22T17:33:16.929+0900][12.693s][info][gc,cpu         ] GC(573) User=0.00s Sys=0.00s Real=0.00s
[2026-03-22T17:33:16.944+0900][12.709s][info][gc,start       ] GC(574) Pause Young (Allocation Failure)
[2026-03-22T17:33:16.950+0900][12.714s][info][gc,heap        ] GC(574) PSYoungGen: 163057K(163840K)->10496K(163840K) Eden: 152561K(153088K)->0K(153088K) From: 10496K(10752K)->10496K(10752K)
[2026-03-22T17:33:16.950+0900][12.714s][info][gc,heap        ] GC(574) ParOldGen: 197639K(349696K)->291999K(349696K)
[2026-03-22T17:33:16.950+0900][12.714s][info][gc,metaspace   ] GC(574) Metaspace: 336K(512K)->336K(512K) NonClass: 318K(384K)->318K(384K) Class: 17K(128K)->17K(128K)
[2026-03-22T17:33:16.950+0900][12.714s][info][gc             ] GC(574) Pause Young (Allocation Failure) 352M->295M(501M) 5.669ms
[2026-03-22T17:33:16.950+0900][12.714s][info][gc,cpu         ] GC(574) User=0.06s Sys=0.00s Real=0.01s
[2026-03-22T17:33:16.966+0900][12.730s][info][gc,start       ] GC(575) Pause Full (Ergonomics)
[2026-03-22T17:33:16.966+0900][12.730s][info][gc,phases,start] GC(575) Marking Phase
[2026-03-22T17:33:16.967+0900][12.731s][info][gc,phases      ] GC(575) Marking Phase 1.435ms
[2026-03-22T17:33:16.968+0900][12.731s][info][gc,phases,start] GC(575) Summary Phase
[2026-03-22T17:33:16.968+0900][12.731s][info][gc,phases      ] GC(575) Summary Phase 0.033ms
[2026-03-22T17:33:16.968+0900][12.731s][info][gc,phases,start] GC(575) Adjust Roots
[2026-03-22T17:33:16.968+0900][12.732s][info][gc,phases      ] GC(575) Adjust Roots 0.319ms
[2026-03-22T17:33:16.968+0900][12.732s][info][gc,phases,start] GC(575) Compaction Phase
[2026-03-22T17:33:16.974+0900][12.738s][info][gc,phases      ] GC(575) Compaction Phase 6.254ms
[2026-03-22T17:33:16.974+0900][12.738s][info][gc,phases,start] GC(575) Post Compact
[2026-03-22T17:33:16.976+0900][12.739s][info][gc,phases      ] GC(575) Post Compact 1.372ms
[2026-03-22T17:33:16.976+0900][12.740s][info][gc,heap        ] GC(575) PSYoungGen: 163057K(163840K)->0K(163840K) Eden: 152561K(153088K)->0K(153088K) From: 10496K(10752K)->0K(10752K)
[2026-03-22T17:33:16.976+0900][12.740s][info][gc,heap        ] GC(575) ParOldGen: 291999K(349696K)->103195K(349696K)
[2026-03-22T17:33:16.976+0900][12.740s][info][gc,metaspace   ] GC(575) Metaspace: 336K(512K)->336K(512K) NonClass: 318K(384K)->318K(384K) Class: 17K(128K)->17K(128K)
[2026-03-22T17:33:16.976+0900][12.740s][info][gc             ] GC(575) Pause Full (Ergonomics) 444M->100M(501M) 9.725ms
[2026-03-22T17:33:16.976+0900][12.740s][info][gc,cpu         ] GC(575) User=0.00s Sys=0.00s Real=0.01s
[2026-03-22T17:33:16.992+0900][12.756s][info][gc,start       ] GC(576) Pause Young (Allocation Failure)
[2026-03-22T17:33:16.997+0900][12.761s][info][gc,heap        ] GC(576) PSYoungGen: 152561K(163840K)->10496K(163840K) Eden: 152561K(153088K)->0K(153088K) From: 0K(10752K)->10496K(10752K)
[2026-03-22T17:33:16.998+0900][12.761s][info][gc,heap        ] GC(576) ParOldGen: 103195K(349696K)->197403K(349696K)
[2026-03-22T17:33:16.998+0900][12.761s][info][gc,metaspace   ] GC(576) Metaspace: 336K(512K)->336K(512K) NonClass: 318K(384K)->318K(384K) Class: 17K(128K)->17K(128K)
[2026-03-22T17:33:16.998+0900][12.761s][info][gc             ] GC(576) Pause Young (Allocation Failure) 249M->203M(501M) 5.512ms
[2026-03-22T17:33:16.998+0900][12.761s][info][gc,cpu         ] GC(576) User=0.06s Sys=0.00s Real=0.01s
[2026-03-22T17:33:17.014+0900][12.778s][info][gc,start       ] GC(577) Pause Young (Allocation Failure)
[2026-03-22T17:33:17.019+0900][12.783s][info][gc,heap        ] GC(577) PSYoungGen: 163057K(163840K)->10496K(163840K) Eden: 152561K(153088K)->0K(153088K) From: 10496K(10752K)->10496K(10752K)
[2026-03-22T17:33:17.019+0900][12.783s][info][gc,heap        ] GC(577) ParOldGen: 197403K(349696K)->291764K(349696K)
[2026-03-22T17:33:17.019+0900][12.783s][info][gc,metaspace   ] GC(577) Metaspace: 336K(512K)->336K(512K) NonClass: 318K(384K)->318K(384K) Class: 17K(128K)->17K(128K)
[2026-03-22T17:33:17.019+0900][12.783s][info][gc             ] GC(577) Pause Young (Allocation Failure) 352M->295M(501M) 5.207ms
[2026-03-22T17:33:17.019+0900][12.783s][info][gc,cpu         ] GC(577) User=0.00s Sys=0.00s Real=0.01s
[2026-03-22T17:33:17.036+0900][12.800s][info][gc,start       ] GC(578) Pause Full (Ergonomics)
[2026-03-22T17:33:17.036+0900][12.800s][info][gc,phases,start] GC(578) Marking Phase
[2026-03-22T17:33:17.038+0900][12.801s][info][gc,phases      ] GC(578) Marking Phase 1.644ms
[2026-03-22T17:33:17.038+0900][12.801s][info][gc,phases,start] GC(578) Summary Phase
[2026-03-22T17:33:17.038+0900][12.801s][info][gc,phases      ] GC(578) Summary Phase 0.020ms
[2026-03-22T17:33:17.038+0900][12.801s][info][gc,phases,start] GC(578) Adjust Roots
[2026-03-22T17:33:17.038+0900][12.802s][info][gc,phases      ] GC(578) Adjust Roots 0.228ms
[2026-03-22T17:33:17.038+0900][12.802s][info][gc,phases,start] GC(578) Compaction Phase
[2026-03-22T17:33:17.044+0900][12.808s][info][gc,phases      ] GC(578) Compaction Phase 5.946ms
[2026-03-22T17:33:17.044+0900][12.808s][info][gc,phases,start] GC(578) Post Compact
[2026-03-22T17:33:17.046+0900][12.809s][info][gc,phases      ] GC(578) Post Compact 1.597ms
[2026-03-22T17:33:17.046+0900][12.809s][info][gc,heap        ] GC(578) PSYoungGen: 163057K(163840K)->0K(163840K) Eden: 152561K(153088K)->0K(153088K) From: 10496K(10752K)->0K(10752K)
[2026-03-22T17:33:17.046+0900][12.809s][info][gc,heap        ] GC(578) ParOldGen: 291764K(349696K)->103430K(349696K)
[2026-03-22T17:33:17.046+0900][12.809s][info][gc,metaspace   ] GC(578) Metaspace: 336K(512K)->336K(512K) NonClass: 318K(384K)->318K(384K) Class: 17K(128K)->17K(128K)
[2026-03-22T17:33:17.046+0900][12.809s][info][gc             ] GC(578) Pause Full (Ergonomics) 444M->101M(501M) 9.752ms
[2026-03-22T17:33:17.046+0900][12.809s][info][gc,cpu         ] GC(578) User=0.06s Sys=0.00s Real=0.01s
[2026-03-22T17:33:17.063+0900][12.827s][info][gc,start       ] GC(579) Pause Young (Allocation Failure)
[2026-03-22T17:33:17.068+0900][12.832s][info][gc,heap        ] GC(579) PSYoungGen: 152561K(163840K)->10496K(163840K) Eden: 152561K(153088K)->0K(153088K) From: 0K(10752K)->10496K(10752K)
[2026-03-22T17:33:17.068+0900][12.832s][info][gc,heap        ] GC(579) ParOldGen: 103430K(349696K)->197639K(349696K)
[2026-03-22T17:33:17.068+0900][12.832s][info][gc,metaspace   ] GC(579) Metaspace: 336K(512K)->336K(512K) NonClass: 318K(384K)->318K(384K) Class: 17K(128K)->17K(128K)
[2026-03-22T17:33:17.068+0900][12.832s][info][gc             ] GC(579) Pause Young (Allocation Failure) 249M->203M(501M) 5.277ms
[2026-03-22T17:33:17.068+0900][12.832s][info][gc,cpu         ] GC(579) User=0.00s Sys=0.00s Real=0.01s
[2026-03-22T17:33:17.084+0900][12.848s][info][gc,start       ] GC(580) Pause Young (Allocation Failure)
[2026-03-22T17:33:17.089+0900][12.853s][info][gc,heap        ] GC(580) PSYoungGen: 163057K(163840K)->10496K(163840K) Eden: 152561K(153088K)->0K(153088K) From: 10496K(10752K)->10496K(10752K)
[2026-03-22T17:33:17.089+0900][12.853s][info][gc,heap        ] GC(580) ParOldGen: 197639K(349696K)->291999K(349696K)
[2026-03-22T17:33:17.089+0900][12.853s][info][gc,metaspace   ] GC(580) Metaspace: 336K(512K)->336K(512K) NonClass: 318K(384K)->318K(384K) Class: 17K(128K)->17K(128K)
[2026-03-22T17:33:17.089+0900][12.853s][info][gc             ] GC(580) Pause Young (Allocation Failure) 352M->295M(501M) 5.053ms
[2026-03-22T17:33:17.089+0900][12.853s][info][gc,cpu         ] GC(580) User=0.06s Sys=0.00s Real=0.00s
[2026-03-22T17:33:17.105+0900][12.869s][info][gc,start       ] GC(581) Pause Full (Ergonomics)
[2026-03-22T17:33:17.105+0900][12.869s][info][gc,phases,start] GC(581) Marking Phase
[2026-03-22T17:33:17.106+0900][12.871s][info][gc,phases      ] GC(581) Marking Phase 1.724ms
[2026-03-22T17:33:17.107+0900][12.871s][info][gc,phases,start] GC(581) Summary Phase
[2026-03-22T17:33:17.107+0900][12.871s][info][gc,phases      ] GC(581) Summary Phase 0.026ms
[2026-03-22T17:33:17.107+0900][12.871s][info][gc,phases,start] GC(581) Adjust Roots
[2026-03-22T17:33:17.107+0900][12.871s][info][gc,phases      ] GC(581) Adjust Roots 0.265ms
[2026-03-22T17:33:17.107+0900][12.871s][info][gc,phases,start] GC(581) Compaction Phase
[2026-03-22T17:33:17.115+0900][12.879s][info][gc,phases      ] GC(581) Compaction Phase 7.824ms
[2026-03-22T17:33:17.115+0900][12.879s][info][gc,phases,start] GC(581) Post Compact
[2026-03-22T17:33:17.117+0900][12.881s][info][gc,phases      ] GC(581) Post Compact 2.422ms
[2026-03-22T17:33:17.117+0900][12.882s][info][gc,heap        ] GC(581) PSYoungGen: 163057K(163840K)->0K(163840K) Eden: 152561K(153088K)->0K(153088K) From: 10496K(10752K)->0K(10752K)
[2026-03-22T17:33:17.118+0900][12.882s][info][gc,heap        ] GC(581) ParOldGen: 291999K(349696K)->103430K(349696K)
[2026-03-22T17:33:17.118+0900][12.882s][info][gc,metaspace   ] GC(581) Metaspace: 336K(512K)->336K(512K) NonClass: 318K(384K)->318K(384K) Class: 17K(128K)->17K(128K)
[2026-03-22T17:33:17.118+0900][12.882s][info][gc             ] GC(581) Pause Full (Ergonomics) 444M->101M(501M) 12.855ms
[2026-03-22T17:33:17.118+0900][12.882s][info][gc,cpu         ] GC(581) User=0.00s Sys=0.00s Real=0.01s
[2026-03-22T17:33:17.136+0900][12.899s][info][gc,start       ] GC(582) Pause Young (Allocation Failure)
[2026-03-22T17:33:17.140+0900][12.904s][info][gc,heap        ] GC(582) PSYoungGen: 152561K(163840K)->10496K(163840K) Eden: 152561K(153088K)->0K(153088K) From: 0K(10752K)->10496K(10752K)
[2026-03-22T17:33:17.140+0900][12.904s][info][gc,heap        ] GC(582) ParOldGen: 103430K(349696K)->197639K(349696K)
[2026-03-22T17:33:17.140+0900][12.904s][info][gc,metaspace   ] GC(582) Metaspace: 336K(512K)->336K(512K) NonClass: 318K(384K)->318K(384K) Class: 17K(128K)->17K(128K)
[2026-03-22T17:33:17.140+0900][12.904s][info][gc             ] GC(582) Pause Young (Allocation Failure) 249M->203M(501M) 4.728ms
[2026-03-22T17:33:17.140+0900][12.904s][info][gc,cpu         ] GC(582) User=0.00s Sys=0.00s Real=0.00s
[2026-03-22T17:33:17.156+0900][12.921s][info][gc,start       ] GC(583) Pause Young (Allocation Failure)
[2026-03-22T17:33:17.162+0900][12.926s][info][gc,heap        ] GC(583) PSYoungGen: 163057K(163840K)->10496K(163840K) Eden: 152561K(153088K)->0K(153088K) From: 10496K(10752K)->10496K(10752K)
[2026-03-22T17:33:17.168+0900][12.932s][info][gc,heap        ] GC(583) ParOldGen: 197639K(349696K)->291999K(349696K)
[2026-03-22T17:33:17.168+0900][12.932s][info][gc,metaspace   ] GC(583) Metaspace: 336K(512K)->336K(512K) NonClass: 318K(384K)->318K(384K) Class: 17K(128K)->17K(128K)
[2026-03-22T17:33:17.168+0900][12.932s][info][gc             ] GC(583) Pause Young (Allocation Failure) 352M->295M(501M) 11.426ms
[2026-03-22T17:33:17.168+0900][12.932s][info][gc,cpu         ] GC(583) User=0.00s Sys=0.00s Real=0.01s
[2026-03-22T17:33:17.185+0900][12.948s][info][gc,start       ] GC(584) Pause Full (Ergonomics)
[2026-03-22T17:33:17.185+0900][12.948s][info][gc,phases,start] GC(584) Marking Phase
[2026-03-22T17:33:17.186+0900][12.950s][info][gc,phases      ] GC(584) Marking Phase 1.381ms
[2026-03-22T17:33:17.186+0900][12.950s][info][gc,phases,start] GC(584) Summary Phase
[2026-03-22T17:33:17.186+0900][12.950s][info][gc,phases      ] GC(584) Summary Phase 0.039ms
[2026-03-22T17:33:17.186+0900][12.950s][info][gc,phases,start] GC(584) Adjust Roots
[2026-03-22T17:33:17.186+0900][12.950s][info][gc,phases      ] GC(584) Adjust Roots 0.314ms
[2026-03-22T17:33:17.186+0900][12.950s][info][gc,phases,start] GC(584) Compaction Phase
[2026-03-22T17:33:17.193+0900][12.956s][info][gc,phases      ] GC(584) Compaction Phase 6.084ms
[2026-03-22T17:33:17.193+0900][12.956s][info][gc,phases,start] GC(584) Post Compact
[2026-03-22T17:33:17.194+0900][12.958s][info][gc,phases      ] GC(584) Post Compact 1.622ms
[2026-03-22T17:33:17.194+0900][12.958s][info][gc,heap        ] GC(584) PSYoungGen: 163057K(163840K)->0K(163840K) Eden: 152561K(153088K)->0K(153088K) From: 10496K(10752K)->0K(10752K)
[2026-03-22T17:33:17.194+0900][12.958s][info][gc,heap        ] GC(584) ParOldGen: 291999K(349696K)->103430K(349696K)
[2026-03-22T17:33:17.194+0900][12.958s][info][gc,metaspace   ] GC(584) Metaspace: 336K(512K)->336K(512K) NonClass: 318K(384K)->318K(384K) Class: 17K(128K)->17K(128K)
[2026-03-22T17:33:17.194+0900][12.958s][info][gc             ] GC(584) Pause Full (Ergonomics) 444M->101M(501M) 9.772ms
[2026-03-22T17:33:17.194+0900][12.958s][info][gc,cpu         ] GC(584) User=0.00s Sys=0.00s Real=0.01s
[2026-03-22T17:33:17.212+0900][12.977s][info][gc,start       ] GC(585) Pause Young (Allocation Failure)
[2026-03-22T17:33:17.218+0900][12.982s][info][gc,heap        ] GC(585) PSYoungGen: 152561K(163840K)->10496K(163840K) Eden: 152561K(153088K)->0K(153088K) From: 0K(10752K)->10496K(10752K)
[2026-03-22T17:33:17.218+0900][12.982s][info][gc,heap        ] GC(585) ParOldGen: 103430K(349696K)->197639K(349696K)
[2026-03-22T17:33:17.218+0900][12.982s][info][gc,metaspace   ] GC(585) Metaspace: 336K(512K)->336K(512K) NonClass: 318K(384K)->318K(384K) Class: 17K(128K)->17K(128K)
[2026-03-22T17:33:17.218+0900][12.982s][info][gc             ] GC(585) Pause Young (Allocation Failure) 249M->203M(501M) 5.186ms
[2026-03-22T17:33:17.218+0900][12.982s][info][gc,cpu         ] GC(585) User=0.00s Sys=0.00s Real=0.01s
[2026-03-22T17:33:17.235+0900][12.999s][info][gc,start       ] GC(586) Pause Young (Allocation Failure)
[2026-03-22T17:33:17.240+0900][13.004s][info][gc,heap        ] GC(586) PSYoungGen: 163057K(163840K)->10496K(163840K) Eden: 152561K(153088K)->0K(153088K) From: 10496K(10752K)->10496K(10752K)
[2026-03-22T17:33:17.240+0900][13.004s][info][gc,heap        ] GC(586) ParOldGen: 197639K(349696K)->291999K(349696K)
[2026-03-22T17:33:17.240+0900][13.004s][info][gc,metaspace   ] GC(586) Metaspace: 336K(512K)->336K(512K) NonClass: 318K(384K)->318K(384K) Class: 17K(128K)->17K(128K)
[2026-03-22T17:33:17.240+0900][13.004s][info][gc             ] GC(586) Pause Young (Allocation Failure) 352M->295M(501M) 5.218ms
[2026-03-22T17:33:17.240+0900][13.004s][info][gc,cpu         ] GC(586) User=0.00s Sys=0.00s Real=0.01s
[2026-03-22T17:33:17.256+0900][13.020s][info][gc,start       ] GC(587) Pause Full (Ergonomics)
[2026-03-22T17:33:17.256+0900][13.020s][info][gc,phases,start] GC(587) Marking Phase
[2026-03-22T17:33:17.257+0900][13.021s][info][gc,phases      ] GC(587) Marking Phase 1.226ms
[2026-03-22T17:33:17.257+0900][13.021s][info][gc,phases,start] GC(587) Summary Phase
[2026-03-22T17:33:17.257+0900][13.021s][info][gc,phases      ] GC(587) Summary Phase 0.019ms
[2026-03-22T17:33:17.257+0900][13.021s][info][gc,phases,start] GC(587) Adjust Roots
[2026-03-22T17:33:17.258+0900][13.022s][info][gc,phases      ] GC(587) Adjust Roots 0.225ms
[2026-03-22T17:33:17.258+0900][13.022s][info][gc,phases,start] GC(587) Compaction Phase
[2026-03-22T17:33:17.264+0900][13.028s][info][gc,phases      ] GC(587) Compaction Phase 6.358ms
[2026-03-22T17:33:17.264+0900][13.028s][info][gc,phases,start] GC(587) Post Compact
[2026-03-22T17:33:17.266+0900][13.030s][info][gc,phases      ] GC(587) Post Compact 1.625ms
[2026-03-22T17:33:17.266+0900][13.030s][info][gc,heap        ] GC(587) PSYoungGen: 163057K(163840K)->0K(163840K) Eden: 152561K(153088K)->0K(153088K) From: 10496K(10752K)->0K(10752K)
[2026-03-22T17:33:17.266+0900][13.030s][info][gc,heap        ] GC(587) ParOldGen: 291999K(349696K)->103430K(349696K)
[2026-03-22T17:33:17.266+0900][13.030s][info][gc,metaspace   ] GC(587) Metaspace: 336K(512K)->336K(512K) NonClass: 318K(384K)->318K(384K) Class: 17K(128K)->17K(128K)
[2026-03-22T17:33:17.266+0900][13.030s][info][gc             ] GC(587) Pause Full (Ergonomics) 444M->101M(501M) 9.746ms
[2026-03-22T17:33:17.266+0900][13.030s][info][gc,cpu         ] GC(587) User=0.06s Sys=0.00s Real=0.01s
[2026-03-22T17:33:17.281+0900][13.045s][info][gc,start       ] GC(588) Pause Young (Allocation Failure)
[2026-03-22T17:33:17.286+0900][13.050s][info][gc,heap        ] GC(588) PSYoungGen: 152561K(163840K)->10496K(163840K) Eden: 152561K(153088K)->0K(153088K) From: 0K(10752K)->10496K(10752K)
[2026-03-22T17:33:17.286+0900][13.050s][info][gc,heap        ] GC(588) ParOldGen: 103430K(349696K)->197639K(349696K)
[2026-03-22T17:33:17.286+0900][13.050s][info][gc,metaspace   ] GC(588) Metaspace: 336K(512K)->336K(512K) NonClass: 318K(384K)->318K(384K) Class: 17K(128K)->17K(128K)
[2026-03-22T17:33:17.286+0900][13.050s][info][gc             ] GC(588) Pause Young (Allocation Failure) 249M->203M(501M) 5.043ms
[2026-03-22T17:33:17.286+0900][13.050s][info][gc,cpu         ] GC(588) User=0.00s Sys=0.00s Real=0.01s
[2026-03-22T17:33:17.302+0900][13.066s][info][gc,start       ] GC(589) Pause Young (Allocation Failure)
[2026-03-22T17:33:17.308+0900][13.072s][info][gc,heap        ] GC(589) PSYoungGen: 163057K(163840K)->10496K(163840K) Eden: 152561K(153088K)->0K(153088K) From: 10496K(10752K)->10496K(10752K)
[2026-03-22T17:33:17.308+0900][13.072s][info][gc,heap        ] GC(589) ParOldGen: 197639K(349696K)->291999K(349696K)
[2026-03-22T17:33:17.308+0900][13.072s][info][gc,metaspace   ] GC(589) Metaspace: 336K(512K)->336K(512K) NonClass: 318K(384K)->318K(384K) Class: 17K(128K)->17K(128K)
[2026-03-22T17:33:17.308+0900][13.072s][info][gc             ] GC(589) Pause Young (Allocation Failure) 352M->295M(501M) 6.028ms
[2026-03-22T17:33:17.308+0900][13.072s][info][gc,cpu         ] GC(589) User=0.06s Sys=0.00s Real=0.01s
[2026-03-22T17:33:17.325+0900][13.089s][info][gc,start       ] GC(590) Pause Full (Ergonomics)
[2026-03-22T17:33:17.325+0900][13.090s][info][gc,phases,start] GC(590) Marking Phase
[2026-03-22T17:33:17.327+0900][13.091s][info][gc,phases      ] GC(590) Marking Phase 1.506ms
[2026-03-22T17:33:17.327+0900][13.091s][info][gc,phases,start] GC(590) Summary Phase
[2026-03-22T17:33:17.327+0900][13.091s][info][gc,phases      ] GC(590) Summary Phase 0.024ms
[2026-03-22T17:33:17.327+0900][13.091s][info][gc,phases,start] GC(590) Adjust Roots
[2026-03-22T17:33:17.327+0900][13.091s][info][gc,phases      ] GC(590) Adjust Roots 0.298ms
[2026-03-22T17:33:17.327+0900][13.092s][info][gc,phases,start] GC(590) Compaction Phase
[2026-03-22T17:33:17.334+0900][13.098s][info][gc,phases      ] GC(590) Compaction Phase 6.806ms
[2026-03-22T17:33:17.334+0900][13.098s][info][gc,phases,start] GC(590) Post Compact
[2026-03-22T17:33:17.336+0900][13.100s][info][gc,phases      ] GC(590) Post Compact 1.559ms
[2026-03-22T17:33:17.336+0900][13.100s][info][gc,heap        ] GC(590) PSYoungGen: 163057K(163840K)->0K(163840K) Eden: 152561K(153088K)->0K(153088K) From: 10496K(10752K)->0K(10752K)
[2026-03-22T17:33:17.336+0900][13.100s][info][gc,heap        ] GC(590) ParOldGen: 291999K(349696K)->103430K(349696K)
[2026-03-22T17:33:17.336+0900][13.100s][info][gc,metaspace   ] GC(590) Metaspace: 336K(512K)->336K(512K) NonClass: 318K(384K)->318K(384K) Class: 17K(128K)->17K(128K)
[2026-03-22T17:33:17.336+0900][13.100s][info][gc             ] GC(590) Pause Full (Ergonomics) 444M->101M(501M) 10.810ms
[2026-03-22T17:33:17.336+0900][13.100s][info][gc,cpu         ] GC(590) User=0.00s Sys=0.00s Real=0.01s
[2026-03-22T17:33:17.352+0900][13.116s][info][gc,start       ] GC(591) Pause Young (Allocation Failure)
[2026-03-22T17:33:17.356+0900][13.121s][info][gc,heap        ] GC(591) PSYoungGen: 152561K(163840K)->10496K(163840K) Eden: 152561K(153088K)->0K(153088K) From: 0K(10752K)->10496K(10752K)
[2026-03-22T17:33:17.356+0900][13.121s][info][gc,heap        ] GC(591) ParOldGen: 103430K(349696K)->197639K(349696K)
[2026-03-22T17:33:17.356+0900][13.121s][info][gc,metaspace   ] GC(591) Metaspace: 336K(512K)->336K(512K) NonClass: 318K(384K)->318K(384K) Class: 17K(128K)->17K(128K)
[2026-03-22T17:33:17.356+0900][13.121s][info][gc             ] GC(591) Pause Young (Allocation Failure) 249M->203M(501M) 4.957ms
[2026-03-22T17:33:17.356+0900][13.121s][info][gc,cpu         ] GC(591) User=0.05s Sys=0.00s Real=0.00s
[2026-03-22T17:33:17.374+0900][13.137s][info][gc,start       ] GC(592) Pause Young (Allocation Failure)
[2026-03-22T17:33:17.379+0900][13.144s][info][gc,heap        ] GC(592) PSYoungGen: 163057K(163840K)->10496K(163840K) Eden: 152561K(153088K)->0K(153088K) From: 10496K(10752K)->10496K(10752K)
[2026-03-22T17:33:17.379+0900][13.144s][info][gc,heap        ] GC(592) ParOldGen: 197639K(349696K)->291999K(349696K)
[2026-03-22T17:33:17.379+0900][13.144s][info][gc,metaspace   ] GC(592) Metaspace: 336K(512K)->336K(512K) NonClass: 318K(384K)->318K(384K) Class: 17K(128K)->17K(128K)
[2026-03-22T17:33:17.379+0900][13.144s][info][gc             ] GC(592) Pause Young (Allocation Failure) 352M->295M(501M) 6.400ms
[2026-03-22T17:33:17.379+0900][13.144s][info][gc,cpu         ] GC(592) User=0.00s Sys=0.00s Real=0.00s
[2026-03-22T17:33:17.399+0900][13.162s][info][gc,start       ] GC(593) Pause Full (Ergonomics)
[2026-03-22T17:33:17.399+0900][13.162s][info][gc,phases,start] GC(593) Marking Phase
[2026-03-22T17:33:17.400+0900][13.164s][info][gc,phases      ] GC(593) Marking Phase 1.570ms
[2026-03-22T17:33:17.400+0900][13.164s][info][gc,phases,start] GC(593) Summary Phase
[2026-03-22T17:33:17.400+0900][13.164s][info][gc,phases      ] GC(593) Summary Phase 0.018ms
[2026-03-22T17:33:17.400+0900][13.164s][info][gc,phases,start] GC(593) Adjust Roots
[2026-03-22T17:33:17.401+0900][13.164s][info][gc,phases      ] GC(593) Adjust Roots 0.221ms
[2026-03-22T17:33:17.401+0900][13.164s][info][gc,phases,start] GC(593) Compaction Phase
[2026-03-22T17:33:17.408+0900][13.172s][info][gc,phases      ] GC(593) Compaction Phase 7.709ms
[2026-03-22T17:33:17.408+0900][13.172s][info][gc,phases,start] GC(593) Post Compact
[2026-03-22T17:33:17.411+0900][13.175s][info][gc,phases      ] GC(593) Post Compact 2.464ms
[2026-03-22T17:33:17.411+0900][13.175s][info][gc,heap        ] GC(593) PSYoungGen: 163057K(163840K)->0K(163840K) Eden: 152561K(153088K)->0K(153088K) From: 10496K(10752K)->0K(10752K)
[2026-03-22T17:33:17.411+0900][13.175s][info][gc,heap        ] GC(593) ParOldGen: 291999K(349696K)->103430K(349696K)
[2026-03-22T17:33:17.411+0900][13.175s][info][gc,metaspace   ] GC(593) Metaspace: 336K(512K)->336K(512K) NonClass: 318K(384K)->318K(384K) Class: 17K(128K)->17K(128K)
[2026-03-22T17:33:17.411+0900][13.175s][info][gc             ] GC(593) Pause Full (Ergonomics) 444M->101M(501M) 12.499ms
[2026-03-22T17:33:17.411+0900][13.175s][info][gc,cpu         ] GC(593) User=0.02s Sys=0.00s Real=0.01s
[2026-03-22T17:33:17.430+0900][13.195s][info][gc,start       ] GC(594) Pause Young (Allocation Failure)
[2026-03-22T17:33:17.435+0900][13.200s][info][gc,heap        ] GC(594) PSYoungGen: 152561K(163840K)->10496K(163840K) Eden: 152561K(153088K)->0K(153088K) From: 0K(10752K)->10496K(10752K)
[2026-03-22T17:33:17.435+0900][13.200s][info][gc,heap        ] GC(594) ParOldGen: 103430K(349696K)->197639K(349696K)
[2026-03-22T17:33:17.435+0900][13.200s][info][gc,metaspace   ] GC(594) Metaspace: 336K(512K)->336K(512K) NonClass: 318K(384K)->318K(384K) Class: 17K(128K)->17K(128K)
[2026-03-22T17:33:17.435+0900][13.200s][info][gc             ] GC(594) Pause Young (Allocation Failure) 249M->203M(501M) 4.942ms
[2026-03-22T17:33:17.435+0900][13.200s][info][gc,cpu         ] GC(594) User=0.05s Sys=0.02s Real=0.00s
[2026-03-22T17:33:17.452+0900][13.216s][info][gc,start       ] GC(595) Pause Young (Allocation Failure)
[2026-03-22T17:33:17.458+0900][13.221s][info][gc,heap        ] GC(595) PSYoungGen: 163057K(163840K)->10496K(163840K) Eden: 152561K(153088K)->0K(153088K) From: 10496K(10752K)->10496K(10752K)
[2026-03-22T17:33:17.458+0900][13.222s][info][gc,heap        ] GC(595) ParOldGen: 197639K(349696K)->291999K(349696K)
[2026-03-22T17:33:17.458+0900][13.222s][info][gc,metaspace   ] GC(595) Metaspace: 336K(512K)->336K(512K) NonClass: 318K(384K)->318K(384K) Class: 17K(128K)->17K(128K)
[2026-03-22T17:33:17.458+0900][13.222s][info][gc             ] GC(595) Pause Young (Allocation Failure) 352M->295M(501M) 5.548ms
[2026-03-22T17:33:17.458+0900][13.222s][info][gc,cpu         ] GC(595) User=0.00s Sys=0.00s Real=0.01s
[2026-03-22T17:33:17.474+0900][13.237s][info][gc,start       ] GC(596) Pause Full (Ergonomics)
[2026-03-22T17:33:17.474+0900][13.238s][info][gc,phases,start] GC(596) Marking Phase
[2026-03-22T17:33:17.475+0900][13.239s][info][gc,phases      ] GC(596) Marking Phase 1.386ms
[2026-03-22T17:33:17.475+0900][13.239s][info][gc,phases,start] GC(596) Summary Phase
[2026-03-22T17:33:17.475+0900][13.239s][info][gc,phases      ] GC(596) Summary Phase 0.016ms
[2026-03-22T17:33:17.475+0900][13.239s][info][gc,phases,start] GC(596) Adjust Roots
[2026-03-22T17:33:17.475+0900][13.239s][info][gc,phases      ] GC(596) Adjust Roots 0.216ms
[2026-03-22T17:33:17.475+0900][13.239s][info][gc,phases,start] GC(596) Compaction Phase
[2026-03-22T17:33:17.481+0900][13.245s][info][gc,phases      ] GC(596) Compaction Phase 6.127ms
[2026-03-22T17:33:17.482+0900][13.245s][info][gc,phases,start] GC(596) Post Compact
[2026-03-22T17:33:17.483+0900][13.247s][info][gc,phases      ] GC(596) Post Compact 1.632ms
[2026-03-22T17:33:17.483+0900][13.247s][info][gc,heap        ] GC(596) PSYoungGen: 163057K(163840K)->0K(163840K) Eden: 152561K(153088K)->0K(153088K) From: 10496K(10752K)->0K(10752K)
[2026-03-22T17:33:17.483+0900][13.247s][info][gc,heap        ] GC(596) ParOldGen: 291999K(349696K)->103430K(349696K)
[2026-03-22T17:33:17.483+0900][13.247s][info][gc,metaspace   ] GC(596) Metaspace: 336K(512K)->336K(512K) NonClass: 318K(384K)->318K(384K) Class: 17K(128K)->17K(128K)
[2026-03-22T17:33:17.483+0900][13.247s][info][gc             ] GC(596) Pause Full (Ergonomics) 444M->101M(501M) 9.716ms
[2026-03-22T17:33:17.483+0900][13.247s][info][gc,cpu         ] GC(596) User=0.05s Sys=0.02s Real=0.01s
[2026-03-22T17:33:17.498+0900][13.262s][info][gc,start       ] GC(597) Pause Young (Allocation Failure)
[2026-03-22T17:33:17.503+0900][13.267s][info][gc,heap        ] GC(597) PSYoungGen: 152561K(163840K)->10496K(163840K) Eden: 152561K(153088K)->0K(153088K) From: 0K(10752K)->10496K(10752K)
[2026-03-22T17:33:17.503+0900][13.267s][info][gc,heap        ] GC(597) ParOldGen: 103430K(349696K)->197639K(349696K)
[2026-03-22T17:33:17.503+0900][13.267s][info][gc,metaspace   ] GC(597) Metaspace: 336K(512K)->336K(512K) NonClass: 318K(384K)->318K(384K) Class: 17K(128K)->17K(128K)
[2026-03-22T17:33:17.503+0900][13.267s][info][gc             ] GC(597) Pause Young (Allocation Failure) 249M->203M(501M) 5.121ms
[2026-03-22T17:33:17.503+0900][13.267s][info][gc,cpu         ] GC(597) User=0.00s Sys=0.00s Real=0.01s
[2026-03-22T17:33:17.518+0900][13.283s][info][gc,start       ] GC(598) Pause Young (Allocation Failure)
[2026-03-22T17:33:17.525+0900][13.289s][info][gc,heap        ] GC(598) PSYoungGen: 163057K(163840K)->10496K(163840K) Eden: 152561K(153088K)->0K(153088K) From: 10496K(10752K)->10496K(10752K)
[2026-03-22T17:33:17.525+0900][13.289s][info][gc,heap        ] GC(598) ParOldGen: 197639K(349696K)->291999K(349696K)
[2026-03-22T17:33:17.525+0900][13.289s][info][gc,metaspace   ] GC(598) Metaspace: 336K(512K)->336K(512K) NonClass: 318K(384K)->318K(384K) Class: 17K(128K)->17K(128K)
[2026-03-22T17:33:17.525+0900][13.289s][info][gc             ] GC(598) Pause Young (Allocation Failure) 352M->295M(501M) 6.319ms
[2026-03-22T17:33:17.525+0900][13.289s][info][gc,cpu         ] GC(598) User=0.00s Sys=0.00s Real=0.01s
[2026-03-22T17:33:17.541+0900][13.304s][info][gc,start       ] GC(599) Pause Full (Ergonomics)
[2026-03-22T17:33:17.541+0900][13.304s][info][gc,phases,start] GC(599) Marking Phase
[2026-03-22T17:33:17.542+0900][13.306s][info][gc,phases      ] GC(599) Marking Phase 1.461ms
[2026-03-22T17:33:17.542+0900][13.306s][info][gc,phases,start] GC(599) Summary Phase
[2026-03-22T17:33:17.542+0900][13.306s][info][gc,phases      ] GC(599) Summary Phase 0.034ms
[2026-03-22T17:33:17.542+0900][13.306s][info][gc,phases,start] GC(599) Adjust Roots
[2026-03-22T17:33:17.542+0900][13.306s][info][gc,phases      ] GC(599) Adjust Roots 0.239ms
[2026-03-22T17:33:17.543+0900][13.306s][info][gc,phases,start] GC(599) Compaction Phase
[2026-03-22T17:33:17.548+0900][13.312s][info][gc,phases      ] GC(599) Compaction Phase 5.902ms
[2026-03-22T17:33:17.548+0900][13.312s][info][gc,phases,start] GC(599) Post Compact
[2026-03-22T17:33:17.550+0900][13.314s][info][gc,phases      ] GC(599) Post Compact 1.620ms
[2026-03-22T17:33:17.550+0900][13.314s][info][gc,heap        ] GC(599) PSYoungGen: 163057K(163840K)->0K(163840K) Eden: 152561K(153088K)->0K(153088K) From: 10496K(10752K)->0K(10752K)
[2026-03-22T17:33:17.550+0900][13.314s][info][gc,heap        ] GC(599) ParOldGen: 291999K(349696K)->103430K(349696K)
[2026-03-22T17:33:17.550+0900][13.314s][info][gc,metaspace   ] GC(599) Metaspace: 336K(512K)->336K(512K) NonClass: 318K(384K)->318K(384K) Class: 17K(128K)->17K(128K)
[2026-03-22T17:33:17.550+0900][13.314s][info][gc             ] GC(599) Pause Full (Ergonomics) 444M->101M(501M) 9.634ms
[2026-03-22T17:33:17.550+0900][13.314s][info][gc,cpu         ] GC(599) User=0.06s Sys=0.00s Real=0.01s
[2026-03-22T17:33:17.564+0900][13.328s][info][gc,start       ] GC(600) Pause Young (Allocation Failure)
[2026-03-22T17:33:17.569+0900][13.333s][info][gc,heap        ] GC(600) PSYoungGen: 152561K(163840K)->10496K(163840K) Eden: 152561K(153088K)->0K(153088K) From: 0K(10752K)->10496K(10752K)
[2026-03-22T17:33:17.569+0900][13.333s][info][gc,heap        ] GC(600) ParOldGen: 103430K(349696K)->197639K(349696K)
[2026-03-22T17:33:17.569+0900][13.333s][info][gc,metaspace   ] GC(600) Metaspace: 336K(512K)->336K(512K) NonClass: 318K(384K)->318K(384K) Class: 17K(128K)->17K(128K)
[2026-03-22T17:33:17.569+0900][13.333s][info][gc             ] GC(600) Pause Young (Allocation Failure) 249M->203M(501M) 4.962ms
[2026-03-22T17:33:17.569+0900][13.333s][info][gc,cpu         ] GC(600) User=0.00s Sys=0.00s Real=0.01s
[2026-03-22T17:33:17.584+0900][13.348s][info][gc,start       ] GC(601) Pause Young (Allocation Failure)
[2026-03-22T17:33:17.589+0900][13.353s][info][gc,heap        ] GC(601) PSYoungGen: 163057K(163840K)->10496K(163840K) Eden: 152561K(153088K)->0K(153088K) From: 10496K(10752K)->10496K(10752K)
[2026-03-22T17:33:17.589+0900][13.353s][info][gc,heap        ] GC(601) ParOldGen: 197639K(349696K)->291999K(349696K)
[2026-03-22T17:33:17.589+0900][13.353s][info][gc,metaspace   ] GC(601) Metaspace: 336K(512K)->336K(512K) NonClass: 318K(384K)->318K(384K) Class: 17K(128K)->17K(128K)
[2026-03-22T17:33:17.589+0900][13.353s][info][gc             ] GC(601) Pause Young (Allocation Failure) 352M->295M(501M) 4.988ms
[2026-03-22T17:33:17.589+0900][13.353s][info][gc,cpu         ] GC(601) User=0.05s Sys=0.00s Real=0.00s
[2026-03-22T17:33:17.603+0900][13.368s][info][gc,start       ] GC(602) Pause Full (Ergonomics)
[2026-03-22T17:33:17.604+0900][13.368s][info][gc,phases,start] GC(602) Marking Phase
[2026-03-22T17:33:17.605+0900][13.369s][info][gc,phases      ] GC(602) Marking Phase 1.705ms
[2026-03-22T17:33:17.605+0900][13.369s][info][gc,phases,start] GC(602) Summary Phase
[2026-03-22T17:33:17.605+0900][13.370s][info][gc,phases      ] GC(602) Summary Phase 0.016ms
[2026-03-22T17:33:17.605+0900][13.370s][info][gc,phases,start] GC(602) Adjust Roots
[2026-03-22T17:33:17.606+0900][13.370s][info][gc,phases      ] GC(602) Adjust Roots 0.320ms
[2026-03-22T17:33:17.606+0900][13.370s][info][gc,phases,start] GC(602) Compaction Phase
[2026-03-22T17:33:17.612+0900][13.376s][info][gc,phases      ] GC(602) Compaction Phase 5.914ms
[2026-03-22T17:33:17.612+0900][13.376s][info][gc,phases,start] GC(602) Post Compact
[2026-03-22T17:33:17.613+0900][13.377s][info][gc,phases      ] GC(602) Post Compact 1.423ms
[2026-03-22T17:33:17.613+0900][13.377s][info][gc,heap        ] GC(602) PSYoungGen: 163057K(163840K)->0K(163840K) Eden: 152561K(153088K)->0K(153088K) From: 10496K(10752K)->0K(10752K)
[2026-03-22T17:33:17.613+0900][13.377s][info][gc,heap        ] GC(602) ParOldGen: 291999K(349696K)->103430K(349696K)
[2026-03-22T17:33:17.613+0900][13.377s][info][gc,metaspace   ] GC(602) Metaspace: 336K(512K)->336K(512K) NonClass: 318K(384K)->318K(384K) Class: 17K(128K)->17K(128K)
[2026-03-22T17:33:17.613+0900][13.377s][info][gc             ] GC(602) Pause Full (Ergonomics) 444M->101M(501M) 9.832ms
[2026-03-22T17:33:17.613+0900][13.377s][info][gc,cpu         ] GC(602) User=0.00s Sys=0.00s Real=0.01s
[2026-03-22T17:33:17.628+0900][13.392s][info][gc,start       ] GC(603) Pause Young (Allocation Failure)
[2026-03-22T17:33:17.633+0900][13.397s][info][gc,heap        ] GC(603) PSYoungGen: 152561K(163840K)->10496K(163840K) Eden: 152561K(153088K)->0K(153088K) From: 0K(10752K)->10496K(10752K)
[2026-03-22T17:33:17.633+0900][13.397s][info][gc,heap        ] GC(603) ParOldGen: 103430K(349696K)->197639K(349696K)
[2026-03-22T17:33:17.633+0900][13.397s][info][gc,metaspace   ] GC(603) Metaspace: 336K(512K)->336K(512K) NonClass: 318K(384K)->318K(384K) Class: 17K(128K)->17K(128K)
[2026-03-22T17:33:17.633+0900][13.397s][info][gc             ] GC(603) Pause Young (Allocation Failure) 249M->203M(501M) 4.590ms
[2026-03-22T17:33:17.633+0900][13.397s][info][gc,cpu         ] GC(603) User=0.00s Sys=0.00s Real=0.00s
[2026-03-22T17:33:17.648+0900][13.412s][info][gc,start       ] GC(604) Pause Young (Allocation Failure)
[2026-03-22T17:33:17.654+0900][13.417s][info][gc,heap        ] GC(604) PSYoungGen: 163057K(163840K)->10496K(163840K) Eden: 152561K(153088K)->0K(153088K) From: 10496K(10752K)->10496K(10752K)
[2026-03-22T17:33:17.654+0900][13.417s][info][gc,heap        ] GC(604) ParOldGen: 197639K(349696K)->291999K(349696K)
[2026-03-22T17:33:17.654+0900][13.417s][info][gc,metaspace   ] GC(604) Metaspace: 336K(512K)->336K(512K) NonClass: 318K(384K)->318K(384K) Class: 17K(128K)->17K(128K)
[2026-03-22T17:33:17.654+0900][13.417s][info][gc             ] GC(604) Pause Young (Allocation Failure) 352M->295M(501M) 5.261ms
[2026-03-22T17:33:17.654+0900][13.418s][info][gc,cpu         ] GC(604) User=0.06s Sys=0.00s Real=0.01s
[2026-03-22T17:33:17.668+0900][13.432s][info][gc,start       ] GC(605) Pause Full (Ergonomics)
[2026-03-22T17:33:17.668+0900][13.432s][info][gc,phases,start] GC(605) Marking Phase
[2026-03-22T17:33:17.669+0900][13.434s][info][gc,phases      ] GC(605) Marking Phase 1.133ms
[2026-03-22T17:33:17.669+0900][13.434s][info][gc,phases,start] GC(605) Summary Phase
[2026-03-22T17:33:17.669+0900][13.434s][info][gc,phases      ] GC(605) Summary Phase 0.014ms
[2026-03-22T17:33:17.669+0900][13.434s][info][gc,phases,start] GC(605) Adjust Roots
[2026-03-22T17:33:17.670+0900][13.434s][info][gc,phases      ] GC(605) Adjust Roots 0.191ms
[2026-03-22T17:33:17.670+0900][13.434s][info][gc,phases,start] GC(605) Compaction Phase
[2026-03-22T17:33:17.677+0900][13.441s][info][gc,phases      ] GC(605) Compaction Phase 6.771ms
[2026-03-22T17:33:17.677+0900][13.441s][info][gc,phases,start] GC(605) Post Compact
[2026-03-22T17:33:17.678+0900][13.442s][info][gc,phases      ] GC(605) Post Compact 1.554ms
[2026-03-22T17:33:17.678+0900][13.442s][info][gc,heap        ] GC(605) PSYoungGen: 163057K(163840K)->0K(163840K) Eden: 152561K(153088K)->0K(153088K) From: 10496K(10752K)->0K(10752K)
[2026-03-22T17:33:17.678+0900][13.442s][info][gc,heap        ] GC(605) ParOldGen: 291999K(349696K)->103430K(349696K)
[2026-03-22T17:33:17.678+0900][13.442s][info][gc,metaspace   ] GC(605) Metaspace: 336K(512K)->336K(512K) NonClass: 318K(384K)->318K(384K) Class: 17K(128K)->17K(128K)
[2026-03-22T17:33:17.678+0900][13.442s][info][gc             ] GC(605) Pause Full (Ergonomics) 444M->101M(501M) 10.051ms
[2026-03-22T17:33:17.678+0900][13.442s][info][gc,cpu         ] GC(605) User=0.00s Sys=0.00s Real=0.01s
[2026-03-22T17:33:17.693+0900][13.457s][info][gc,start       ] GC(606) Pause Young (Allocation Failure)
[2026-03-22T17:33:17.698+0900][13.462s][info][gc,heap        ] GC(606) PSYoungGen: 152561K(163840K)->10496K(163840K) Eden: 152561K(153088K)->0K(153088K) From: 0K(10752K)->10496K(10752K)
[2026-03-22T17:33:17.698+0900][13.462s][info][gc,heap        ] GC(606) ParOldGen: 103430K(349696K)->197639K(349696K)
[2026-03-22T17:33:17.698+0900][13.462s][info][gc,metaspace   ] GC(606) Metaspace: 336K(512K)->336K(512K) NonClass: 318K(384K)->318K(384K) Class: 17K(128K)->17K(128K)
[2026-03-22T17:33:17.698+0900][13.462s][info][gc             ] GC(606) Pause Young (Allocation Failure) 249M->203M(501M) 4.987ms
[2026-03-22T17:33:17.698+0900][13.462s][info][gc,cpu         ] GC(606) User=0.06s Sys=0.00s Real=0.00s
[2026-03-22T17:33:17.714+0900][13.478s][info][gc,start       ] GC(607) Pause Young (Allocation Failure)
[2026-03-22T17:33:17.719+0900][13.483s][info][gc,heap        ] GC(607) PSYoungGen: 163057K(163840K)->10496K(163840K) Eden: 152561K(153088K)->0K(153088K) From: 10496K(10752K)->10496K(10752K)
[2026-03-22T17:33:17.719+0900][13.483s][info][gc,heap        ] GC(607) ParOldGen: 197639K(349696K)->291999K(349696K)
[2026-03-22T17:33:17.719+0900][13.483s][info][gc,metaspace   ] GC(607) Metaspace: 336K(512K)->336K(512K) NonClass: 318K(384K)->318K(384K) Class: 17K(128K)->17K(128K)
[2026-03-22T17:33:17.719+0900][13.483s][info][gc             ] GC(607) Pause Young (Allocation Failure) 352M->295M(501M) 4.941ms
[2026-03-22T17:33:17.719+0900][13.483s][info][gc,cpu         ] GC(607) User=0.00s Sys=0.00s Real=0.01s
[2026-03-22T17:33:17.733+0900][13.498s][info][gc,start       ] GC(608) Pause Full (Ergonomics)
[2026-03-22T17:33:17.733+0900][13.498s][info][gc,phases,start] GC(608) Marking Phase
[2026-03-22T17:33:17.735+0900][13.499s][info][gc,phases      ] GC(608) Marking Phase 1.215ms
[2026-03-22T17:33:17.735+0900][13.499s][info][gc,phases,start] GC(608) Summary Phase
[2026-03-22T17:33:17.735+0900][13.499s][info][gc,phases      ] GC(608) Summary Phase 0.015ms
[2026-03-22T17:33:17.735+0900][13.499s][info][gc,phases,start] GC(608) Adjust Roots
[2026-03-22T17:33:17.735+0900][13.499s][info][gc,phases      ] GC(608) Adjust Roots 0.226ms
[2026-03-22T17:33:17.735+0900][13.499s][info][gc,phases,start] GC(608) Compaction Phase
[2026-03-22T17:33:17.741+0900][13.505s][info][gc,phases      ] GC(608) Compaction Phase 5.955ms
[2026-03-22T17:33:17.741+0900][13.505s][info][gc,phases,start] GC(608) Post Compact
[2026-03-22T17:33:17.742+0900][13.507s][info][gc,phases      ] GC(608) Post Compact 1.535ms
[2026-03-22T17:33:17.742+0900][13.507s][info][gc,heap        ] GC(608) PSYoungGen: 163057K(163840K)->0K(163840K) Eden: 152561K(153088K)->0K(153088K) From: 10496K(10752K)->0K(10752K)
[2026-03-22T17:33:17.743+0900][13.507s][info][gc,heap        ] GC(608) ParOldGen: 291999K(349696K)->103430K(349696K)
[2026-03-22T17:33:17.743+0900][13.507s][info][gc,metaspace   ] GC(608) Metaspace: 336K(512K)->336K(512K) NonClass: 318K(384K)->318K(384K) Class: 17K(128K)->17K(128K)
[2026-03-22T17:33:17.743+0900][13.507s][info][gc             ] GC(608) Pause Full (Ergonomics) 444M->101M(501M) 9.258ms
[2026-03-22T17:33:17.743+0900][13.507s][info][gc,cpu         ] GC(608) User=0.00s Sys=0.00s Real=0.01s
[2026-03-22T17:33:17.757+0900][13.521s][info][gc,start       ] GC(609) Pause Young (Allocation Failure)
[2026-03-22T17:33:17.762+0900][13.526s][info][gc,heap        ] GC(609) PSYoungGen: 152561K(163840K)->10496K(163840K) Eden: 152561K(153088K)->0K(153088K) From: 0K(10752K)->10496K(10752K)
[2026-03-22T17:33:17.762+0900][13.526s][info][gc,heap        ] GC(609) ParOldGen: 103430K(349696K)->197639K(349696K)
[2026-03-22T17:33:17.762+0900][13.526s][info][gc,metaspace   ] GC(609) Metaspace: 336K(512K)->336K(512K) NonClass: 318K(384K)->318K(384K) Class: 17K(128K)->17K(128K)
[2026-03-22T17:33:17.762+0900][13.526s][info][gc             ] GC(609) Pause Young (Allocation Failure) 249M->203M(501M) 4.791ms
[2026-03-22T17:33:17.762+0900][13.526s][info][gc,cpu         ] GC(609) User=0.06s Sys=0.00s Real=0.01s
[2026-03-22T17:33:17.776+0900][13.541s][info][gc,start       ] GC(610) Pause Young (Allocation Failure)
[2026-03-22T17:33:17.781+0900][13.546s][info][gc,heap        ] GC(610) PSYoungGen: 163057K(163840K)->10496K(163840K) Eden: 152561K(153088K)->0K(153088K) From: 10496K(10752K)->10496K(10752K)
[2026-03-22T17:33:17.781+0900][13.546s][info][gc,heap        ] GC(610) ParOldGen: 197639K(349696K)->291999K(349696K)
[2026-03-22T17:33:17.781+0900][13.546s][info][gc,metaspace   ] GC(610) Metaspace: 336K(512K)->336K(512K) NonClass: 318K(384K)->318K(384K) Class: 17K(128K)->17K(128K)
[2026-03-22T17:33:17.781+0900][13.546s][info][gc             ] GC(610) Pause Young (Allocation Failure) 352M->295M(501M) 4.802ms
[2026-03-22T17:33:17.781+0900][13.546s][info][gc,cpu         ] GC(610) User=0.00s Sys=0.00s Real=0.00s
[2026-03-22T17:33:17.796+0900][13.560s][info][gc,start       ] GC(611) Pause Full (Ergonomics)
[2026-03-22T17:33:17.796+0900][13.560s][info][gc,phases,start] GC(611) Marking Phase
[2026-03-22T17:33:17.797+0900][13.561s][info][gc,phases      ] GC(611) Marking Phase 1.359ms
[2026-03-22T17:33:17.797+0900][13.561s][info][gc,phases,start] GC(611) Summary Phase
[2026-03-22T17:33:17.797+0900][13.561s][info][gc,phases      ] GC(611) Summary Phase 0.015ms
[2026-03-22T17:33:17.797+0900][13.561s][info][gc,phases,start] GC(611) Adjust Roots
[2026-03-22T17:33:17.798+0900][13.561s][info][gc,phases      ] GC(611) Adjust Roots 0.209ms
[2026-03-22T17:33:17.798+0900][13.562s][info][gc,phases,start] GC(611) Compaction Phase
[2026-03-22T17:33:17.804+0900][13.567s][info][gc,phases      ] GC(611) Compaction Phase 5.842ms
[2026-03-22T17:33:17.804+0900][13.567s][info][gc,phases,start] GC(611) Post Compact
[2026-03-22T17:33:17.805+0900][13.569s][info][gc,phases      ] GC(611) Post Compact 1.658ms
[2026-03-22T17:33:17.805+0900][13.569s][info][gc,heap        ] GC(611) PSYoungGen: 163057K(163840K)->0K(163840K) Eden: 152561K(153088K)->0K(153088K) From: 10496K(10752K)->0K(10752K)
[2026-03-22T17:33:17.805+0900][13.569s][info][gc,heap        ] GC(611) ParOldGen: 291999K(349696K)->103430K(349696K)
[2026-03-22T17:33:17.805+0900][13.569s][info][gc,metaspace   ] GC(611) Metaspace: 336K(512K)->336K(512K) NonClass: 318K(384K)->318K(384K) Class: 17K(128K)->17K(128K)
[2026-03-22T17:33:17.805+0900][13.569s][info][gc             ] GC(611) Pause Full (Ergonomics) 444M->101M(501M) 9.428ms
[2026-03-22T17:33:17.805+0900][13.569s][info][gc,cpu         ] GC(611) User=0.00s Sys=0.00s Real=0.01s
[2026-03-22T17:33:17.823+0900][13.586s][info][gc,start       ] GC(612) Pause Young (Allocation Failure)
[2026-03-22T17:33:17.828+0900][13.591s][info][gc,heap        ] GC(612) PSYoungGen: 152561K(163840K)->10464K(163840K) Eden: 152561K(153088K)->0K(153088K) From: 0K(10752K)->10464K(10752K)
[2026-03-22T17:33:17.828+0900][13.591s][info][gc,heap        ] GC(612) ParOldGen: 103430K(349696K)->197639K(349696K)
[2026-03-22T17:33:17.828+0900][13.591s][info][gc,metaspace   ] GC(612) Metaspace: 336K(512K)->336K(512K) NonClass: 318K(384K)->318K(384K) Class: 17K(128K)->17K(128K)
[2026-03-22T17:33:17.828+0900][13.592s][info][gc             ] GC(612) Pause Young (Allocation Failure) 249M->203M(501M) 5.064ms
[2026-03-22T17:33:17.828+0900][13.592s][info][gc,cpu         ] GC(612) User=0.00s Sys=0.00s Real=0.01s
[2026-03-22T17:33:17.845+0900][13.609s][info][gc,start       ] GC(613) Pause Young (Allocation Failure)
[2026-03-22T17:33:17.852+0900][13.615s][info][gc,heap        ] GC(613) PSYoungGen: 163025K(163840K)->10432K(163840K) Eden: 152561K(153088K)->0K(153088K) From: 10464K(10752K)->10432K(10752K)
[2026-03-22T17:33:17.852+0900][13.615s][info][gc,heap        ] GC(613) ParOldGen: 197639K(349696K)->291999K(349696K)
[2026-03-22T17:33:17.852+0900][13.615s][info][gc,metaspace   ] GC(613) Metaspace: 336K(512K)->336K(512K) NonClass: 318K(384K)->318K(384K) Class: 17K(128K)->17K(128K)
[2026-03-22T17:33:17.852+0900][13.615s][info][gc             ] GC(613) Pause Young (Allocation Failure) 352M->295M(501M) 6.357ms
[2026-03-22T17:33:17.852+0900][13.615s][info][gc,cpu         ] GC(613) User=0.00s Sys=0.00s Real=0.01s
[2026-03-22T17:33:17.866+0900][13.631s][info][gc,start       ] GC(614) Pause Full (Ergonomics)
[2026-03-22T17:33:17.867+0900][13.631s][info][gc,phases,start] GC(614) Marking Phase
[2026-03-22T17:33:17.868+0900][13.632s][info][gc,phases      ] GC(614) Marking Phase 1.344ms
[2026-03-22T17:33:17.868+0900][13.632s][info][gc,phases,start] GC(614) Summary Phase
[2026-03-22T17:33:17.868+0900][13.632s][info][gc,phases      ] GC(614) Summary Phase 0.015ms
[2026-03-22T17:33:17.868+0900][13.632s][info][gc,phases,start] GC(614) Adjust Roots
[2026-03-22T17:33:17.868+0900][13.633s][info][gc,phases      ] GC(614) Adjust Roots 0.176ms
[2026-03-22T17:33:17.868+0900][13.633s][info][gc,phases,start] GC(614) Compaction Phase
[2026-03-22T17:33:17.875+0900][13.640s][info][gc,phases      ] GC(614) Compaction Phase 6.871ms
[2026-03-22T17:33:17.875+0900][13.640s][info][gc,phases,start] GC(614) Post Compact
[2026-03-22T17:33:17.876+0900][13.641s][info][gc,phases      ] GC(614) Post Compact 1.603ms
[2026-03-22T17:33:17.876+0900][13.641s][info][gc,heap        ] GC(614) PSYoungGen: 162993K(163840K)->0K(163840K) Eden: 152561K(153088K)->0K(153088K) From: 10432K(10752K)->0K(10752K)
[2026-03-22T17:33:17.876+0900][13.641s][info][gc,heap        ] GC(614) ParOldGen: 291999K(349696K)->103430K(349696K)
[2026-03-22T17:33:17.876+0900][13.641s][info][gc,metaspace   ] GC(614) Metaspace: 336K(512K)->336K(512K) NonClass: 318K(384K)->318K(384K) Class: 17K(128K)->17K(128K)
[2026-03-22T17:33:17.876+0900][13.641s][info][gc             ] GC(614) Pause Full (Ergonomics) 444M->101M(501M) 10.391ms
[2026-03-22T17:33:17.876+0900][13.641s][info][gc,cpu         ] GC(614) User=0.02s Sys=0.00s Real=0.01s
[2026-03-22T17:33:17.895+0900][13.659s][info][gc,start       ] GC(615) Pause Young (Allocation Failure)
[2026-03-22T17:33:17.901+0900][13.665s][info][gc,heap        ] GC(615) PSYoungGen: 152561K(163840K)->10464K(163840K) Eden: 152561K(153088K)->0K(153088K) From: 0K(10752K)->10464K(10752K)
[2026-03-22T17:33:17.901+0900][13.665s][info][gc,heap        ] GC(615) ParOldGen: 103430K(349696K)->197639K(349696K)
[2026-03-22T17:33:17.901+0900][13.665s][info][gc,metaspace   ] GC(615) Metaspace: 336K(512K)->336K(512K) NonClass: 318K(384K)->318K(384K) Class: 17K(128K)->17K(128K)
[2026-03-22T17:33:17.901+0900][13.665s][info][gc             ] GC(615) Pause Young (Allocation Failure) 249M->203M(501M) 6.332ms
[2026-03-22T17:33:17.901+0900][13.665s][info][gc,cpu         ] GC(615) User=0.06s Sys=0.00s Real=0.01s
[2026-03-22T17:33:17.918+0900][13.681s][info][gc,start       ] GC(616) Pause Young (Allocation Failure)
[2026-03-22T17:33:17.923+0900][13.687s][info][gc,heap        ] GC(616) PSYoungGen: 163025K(163840K)->10496K(163840K) Eden: 152561K(153088K)->0K(153088K) From: 10464K(10752K)->10496K(10752K)
[2026-03-22T17:33:17.923+0900][13.687s][info][gc,heap        ] GC(616) ParOldGen: 197639K(349696K)->291999K(349696K)
[2026-03-22T17:33:17.923+0900][13.687s][info][gc,metaspace   ] GC(616) Metaspace: 336K(512K)->336K(512K) NonClass: 318K(384K)->318K(384K) Class: 17K(128K)->17K(128K)
[2026-03-22T17:33:17.923+0900][13.687s][info][gc             ] GC(616) Pause Young (Allocation Failure) 352M->295M(501M) 5.424ms
[2026-03-22T17:33:17.923+0900][13.687s][info][gc,cpu         ] GC(616) User=0.00s Sys=0.00s Real=0.01s
[2026-03-22T17:33:17.939+0900][13.703s][info][gc,start       ] GC(617) Pause Full (Ergonomics)
[2026-03-22T17:33:17.939+0900][13.703s][info][gc,phases,start] GC(617) Marking Phase
[2026-03-22T17:33:17.940+0900][13.704s][info][gc,phases      ] GC(617) Marking Phase 1.430ms
[2026-03-22T17:33:17.940+0900][13.704s][info][gc,phases,start] GC(617) Summary Phase
[2026-03-22T17:33:17.940+0900][13.704s][info][gc,phases      ] GC(617) Summary Phase 0.038ms
[2026-03-22T17:33:17.940+0900][13.704s][info][gc,phases,start] GC(617) Adjust Roots
[2026-03-22T17:33:17.940+0900][13.705s][info][gc,phases      ] GC(617) Adjust Roots 0.327ms
[2026-03-22T17:33:17.941+0900][13.705s][info][gc,phases,start] GC(617) Compaction Phase
[2026-03-22T17:33:17.948+0900][13.712s][info][gc,phases      ] GC(617) Compaction Phase 6.890ms
[2026-03-22T17:33:17.948+0900][13.712s][info][gc,phases,start] GC(617) Post Compact
[2026-03-22T17:33:17.950+0900][13.714s][info][gc,phases      ] GC(617) Post Compact 1.984ms
[2026-03-22T17:33:17.950+0900][13.714s][info][gc,heap        ] GC(617) PSYoungGen: 163057K(163840K)->0K(163840K) Eden: 152561K(153088K)->0K(153088K) From: 10496K(10752K)->0K(10752K)
[2026-03-22T17:33:17.950+0900][13.714s][info][gc,heap        ] GC(617) ParOldGen: 291999K(349696K)->103430K(349696K)
[2026-03-22T17:33:17.950+0900][13.714s][info][gc,metaspace   ] GC(617) Metaspace: 336K(512K)->336K(512K) NonClass: 318K(384K)->318K(384K) Class: 17K(128K)->17K(128K)
[2026-03-22T17:33:17.950+0900][13.714s][info][gc             ] GC(617) Pause Full (Ergonomics) 444M->101M(501M) 11.128ms
[2026-03-22T17:33:17.950+0900][13.714s][info][gc,cpu         ] GC(617) User=0.06s Sys=0.00s Real=0.01s
[2026-03-22T17:33:17.966+0900][13.729s][info][gc,start       ] GC(618) Pause Young (Allocation Failure)
[2026-03-22T17:33:17.970+0900][13.734s][info][gc,heap        ] GC(618) PSYoungGen: 152561K(163840K)->10496K(163840K) Eden: 152561K(153088K)->0K(153088K) From: 0K(10752K)->10496K(10752K)
[2026-03-22T17:33:17.970+0900][13.734s][info][gc,heap        ] GC(618) ParOldGen: 103430K(349696K)->197639K(349696K)
[2026-03-22T17:33:17.970+0900][13.735s][info][gc,metaspace   ] GC(618) Metaspace: 336K(512K)->336K(512K) NonClass: 318K(384K)->318K(384K) Class: 17K(128K)->17K(128K)
[2026-03-22T17:33:17.970+0900][13.735s][info][gc             ] GC(618) Pause Young (Allocation Failure) 249M->203M(501M) 5.138ms
[2026-03-22T17:33:17.970+0900][13.735s][info][gc,cpu         ] GC(618) User=0.00s Sys=0.00s Real=0.00s
[2026-03-22T17:33:17.986+0900][13.750s][info][gc,start       ] GC(619) Pause Young (Allocation Failure)
[2026-03-22T17:33:17.992+0900][13.756s][info][gc,heap        ] GC(619) PSYoungGen: 163057K(163840K)->10496K(163840K) Eden: 152561K(153088K)->0K(153088K) From: 10496K(10752K)->10496K(10752K)
[2026-03-22T17:33:17.992+0900][13.756s][info][gc,heap        ] GC(619) ParOldGen: 197639K(349696K)->291999K(349696K)
[2026-03-22T17:33:17.992+0900][13.756s][info][gc,metaspace   ] GC(619) Metaspace: 336K(512K)->336K(512K) NonClass: 318K(384K)->318K(384K) Class: 17K(128K)->17K(128K)
[2026-03-22T17:33:17.992+0900][13.756s][info][gc             ] GC(619) Pause Young (Allocation Failure) 352M->295M(501M) 5.990ms
[2026-03-22T17:33:17.992+0900][13.756s][info][gc,cpu         ] GC(619) User=0.00s Sys=0.00s Real=0.01s
[2026-03-22T17:33:18.007+0900][13.772s][info][gc,start       ] GC(620) Pause Full (Ergonomics)
[2026-03-22T17:33:18.007+0900][13.772s][info][gc,phases,start] GC(620) Marking Phase
[2026-03-22T17:33:18.009+0900][13.773s][info][gc,phases      ] GC(620) Marking Phase 1.299ms
[2026-03-22T17:33:18.009+0900][13.773s][info][gc,phases,start] GC(620) Summary Phase
[2026-03-22T17:33:18.009+0900][13.773s][info][gc,phases      ] GC(620) Summary Phase 0.016ms
[2026-03-22T17:33:18.009+0900][13.773s][info][gc,phases,start] GC(620) Adjust Roots
[2026-03-22T17:33:18.009+0900][13.773s][info][gc,phases      ] GC(620) Adjust Roots 0.175ms
[2026-03-22T17:33:18.009+0900][13.773s][info][gc,phases,start] GC(620) Compaction Phase
[2026-03-22T17:33:18.015+0900][13.780s][info][gc,phases      ] GC(620) Compaction Phase 6.383ms
[2026-03-22T17:33:18.015+0900][13.780s][info][gc,phases,start] GC(620) Post Compact
[2026-03-22T17:33:18.017+0900][13.781s][info][gc,phases      ] GC(620) Post Compact 1.494ms
[2026-03-22T17:33:18.017+0900][13.781s][info][gc,heap        ] GC(620) PSYoungGen: 163057K(163840K)->0K(163840K) Eden: 152561K(153088K)->0K(153088K) From: 10496K(10752K)->0K(10752K)
[2026-03-22T17:33:18.017+0900][13.781s][info][gc,heap        ] GC(620) ParOldGen: 291999K(349696K)->103430K(349696K)
[2026-03-22T17:33:18.017+0900][13.781s][info][gc,metaspace   ] GC(620) Metaspace: 336K(512K)->336K(512K) NonClass: 318K(384K)->318K(384K) Class: 17K(128K)->17K(128K)
[2026-03-22T17:33:18.017+0900][13.781s][info][gc             ] GC(620) Pause Full (Ergonomics) 444M->101M(501M) 9.760ms
[2026-03-22T17:33:18.017+0900][13.781s][info][gc,cpu         ] GC(620) User=0.02s Sys=0.00s Real=0.01s
[2026-03-22T17:33:18.034+0900][13.797s][info][gc,start       ] GC(621) Pause Young (Allocation Failure)
[2026-03-22T17:33:18.039+0900][13.803s][info][gc,heap        ] GC(621) PSYoungGen: 152561K(163840K)->10496K(163840K) Eden: 152561K(153088K)->0K(153088K) From: 0K(10752K)->10496K(10752K)
[2026-03-22T17:33:18.039+0900][13.804s][info][gc,heap        ] GC(621) ParOldGen: 103430K(349696K)->197639K(349696K)
[2026-03-22T17:33:18.039+0900][13.804s][info][gc,metaspace   ] GC(621) Metaspace: 336K(512K)->336K(512K) NonClass: 318K(384K)->318K(384K) Class: 17K(128K)->17K(128K)
[2026-03-22T17:33:18.039+0900][13.804s][info][gc             ] GC(621) Pause Young (Allocation Failure) 249M->203M(501M) 6.294ms
[2026-03-22T17:33:18.039+0900][13.804s][info][gc,cpu         ] GC(621) User=0.00s Sys=0.00s Real=0.01s
[2026-03-22T17:33:18.056+0900][13.820s][info][gc,start       ] GC(622) Pause Young (Allocation Failure)
[2026-03-22T17:33:18.061+0900][13.825s][info][gc,heap        ] GC(622) PSYoungGen: 163057K(163840K)->10496K(163840K) Eden: 152561K(153088K)->0K(153088K) From: 10496K(10752K)->10496K(10752K)
[2026-03-22T17:33:18.061+0900][13.825s][info][gc,heap        ] GC(622) ParOldGen: 197639K(349696K)->291999K(349696K)
[2026-03-22T17:33:18.061+0900][13.825s][info][gc,metaspace   ] GC(622) Metaspace: 336K(512K)->336K(512K) NonClass: 318K(384K)->318K(384K) Class: 17K(128K)->17K(128K)
[2026-03-22T17:33:18.061+0900][13.825s][info][gc             ] GC(622) Pause Young (Allocation Failure) 352M->295M(501M) 5.319ms
[2026-03-22T17:33:18.061+0900][13.825s][info][gc,cpu         ] GC(622) User=0.02s Sys=0.00s Real=0.01s
[2026-03-22T17:33:18.076+0900][13.840s][info][gc,start       ] GC(623) Pause Full (Ergonomics)
[2026-03-22T17:33:18.076+0900][13.840s][info][gc,phases,start] GC(623) Marking Phase
[2026-03-22T17:33:18.078+0900][13.842s][info][gc,phases      ] GC(623) Marking Phase 1.256ms
[2026-03-22T17:33:18.078+0900][13.842s][info][gc,phases,start] GC(623) Summary Phase
[2026-03-22T17:33:18.078+0900][13.842s][info][gc,phases      ] GC(623) Summary Phase 0.016ms
[2026-03-22T17:33:18.078+0900][13.842s][info][gc,phases,start] GC(623) Adjust Roots
[2026-03-22T17:33:18.078+0900][13.842s][info][gc,phases      ] GC(623) Adjust Roots 0.204ms
[2026-03-22T17:33:18.078+0900][13.842s][info][gc,phases,start] GC(623) Compaction Phase
[2026-03-22T17:33:18.084+0900][13.848s][info][gc,phases      ] GC(623) Compaction Phase 5.798ms
[2026-03-22T17:33:18.084+0900][13.848s][info][gc,phases,start] GC(623) Post Compact
[2026-03-22T17:33:18.085+0900][13.849s][info][gc,phases      ] GC(623) Post Compact 1.375ms
[2026-03-22T17:33:18.085+0900][13.849s][info][gc,heap        ] GC(623) PSYoungGen: 163057K(163840K)->0K(163840K) Eden: 152561K(153088K)->0K(153088K) From: 10496K(10752K)->0K(10752K)
[2026-03-22T17:33:18.085+0900][13.849s][info][gc,heap        ] GC(623) ParOldGen: 291999K(349696K)->103430K(349696K)
[2026-03-22T17:33:18.085+0900][13.849s][info][gc,metaspace   ] GC(623) Metaspace: 336K(512K)->336K(512K) NonClass: 318K(384K)->318K(384K) Class: 17K(128K)->17K(128K)
[2026-03-22T17:33:18.085+0900][13.849s][info][gc             ] GC(623) Pause Full (Ergonomics) 444M->101M(501M) 8.881ms
[2026-03-22T17:33:18.085+0900][13.849s][info][gc,cpu         ] GC(623) User=0.00s Sys=0.00s Real=0.01s
[2026-03-22T17:33:18.101+0900][13.865s][info][gc,start       ] GC(624) Pause Young (Allocation Failure)
[2026-03-22T17:33:18.106+0900][13.870s][info][gc,heap        ] GC(624) PSYoungGen: 152561K(163840K)->10496K(163840K) Eden: 152561K(153088K)->0K(153088K) From: 0K(10752K)->10496K(10752K)
[2026-03-22T17:33:18.106+0900][13.870s][info][gc,heap        ] GC(624) ParOldGen: 103430K(349696K)->197639K(349696K)
[2026-03-22T17:33:18.106+0900][13.870s][info][gc,metaspace   ] GC(624) Metaspace: 336K(512K)->336K(512K) NonClass: 318K(384K)->318K(384K) Class: 17K(128K)->17K(128K)
[2026-03-22T17:33:18.106+0900][13.870s][info][gc             ] GC(624) Pause Young (Allocation Failure) 249M->203M(501M) 5.379ms
[2026-03-22T17:33:18.106+0900][13.870s][info][gc,cpu         ] GC(624) User=0.06s Sys=0.00s Real=0.00s
[2026-03-22T17:33:18.121+0900][13.885s][info][gc,start       ] GC(625) Pause Young (Allocation Failure)
[2026-03-22T17:33:18.125+0900][13.890s][info][gc,heap        ] GC(625) PSYoungGen: 163057K(163840K)->10496K(163840K) Eden: 152561K(153088K)->0K(153088K) From: 10496K(10752K)->10496K(10752K)
[2026-03-22T17:33:18.125+0900][13.890s][info][gc,heap        ] GC(625) ParOldGen: 197639K(349696K)->291999K(349696K)
[2026-03-22T17:33:18.125+0900][13.890s][info][gc,metaspace   ] GC(625) Metaspace: 336K(512K)->336K(512K) NonClass: 318K(384K)->318K(384K) Class: 17K(128K)->17K(128K)
[2026-03-22T17:33:18.125+0900][13.890s][info][gc             ] GC(625) Pause Young (Allocation Failure) 352M->295M(501M) 4.725ms
[2026-03-22T17:33:18.125+0900][13.890s][info][gc,cpu         ] GC(625) User=0.00s Sys=0.00s Real=0.00s
[2026-03-22T17:33:18.141+0900][13.905s][info][gc,start       ] GC(626) Pause Full (Ergonomics)
[2026-03-22T17:33:18.142+0900][13.905s][info][gc,phases,start] GC(626) Marking Phase
[2026-03-22T17:33:18.143+0900][13.907s][info][gc,phases      ] GC(626) Marking Phase 1.245ms
[2026-03-22T17:33:18.143+0900][13.907s][info][gc,phases,start] GC(626) Summary Phase
[2026-03-22T17:33:18.143+0900][13.907s][info][gc,phases      ] GC(626) Summary Phase 0.017ms
[2026-03-22T17:33:18.143+0900][13.907s][info][gc,phases,start] GC(626) Adjust Roots
[2026-03-22T17:33:18.143+0900][13.907s][info][gc,phases      ] GC(626) Adjust Roots 0.168ms
[2026-03-22T17:33:18.143+0900][13.907s][info][gc,phases,start] GC(626) Compaction Phase
[2026-03-22T17:33:18.148+0900][13.913s][info][gc,phases      ] GC(626) Compaction Phase 6.130ms
[2026-03-22T17:33:18.148+0900][13.913s][info][gc,phases,start] GC(626) Post Compact
[2026-03-22T17:33:18.151+0900][13.915s][info][gc,phases      ] GC(626) Post Compact 1.417ms
[2026-03-22T17:33:18.151+0900][13.915s][info][gc,heap        ] GC(626) PSYoungGen: 163057K(163840K)->0K(163840K) Eden: 152561K(153088K)->0K(153088K) From: 10496K(10752K)->0K(10752K)
[2026-03-22T17:33:18.151+0900][13.915s][info][gc,heap        ] GC(626) ParOldGen: 291999K(349696K)->103430K(349696K)
[2026-03-22T17:33:18.151+0900][13.915s][info][gc,metaspace   ] GC(626) Metaspace: 336K(512K)->336K(512K) NonClass: 318K(384K)->318K(384K) Class: 17K(128K)->17K(128K)
[2026-03-22T17:33:18.151+0900][13.915s][info][gc             ] GC(626) Pause Full (Ergonomics) 444M->101M(501M) 9.328ms
[2026-03-22T17:33:18.151+0900][13.915s][info][gc,cpu         ] GC(626) User=0.00s Sys=0.02s Real=0.01s
[2026-03-22T17:33:18.165+0900][13.929s][info][gc,start       ] GC(627) Pause Young (Allocation Failure)
[2026-03-22T17:33:18.169+0900][13.934s][info][gc,heap        ] GC(627) PSYoungGen: 152561K(163840K)->10496K(163840K) Eden: 152561K(153088K)->0K(153088K) From: 0K(10752K)->10496K(10752K)
[2026-03-22T17:33:18.169+0900][13.934s][info][gc,heap        ] GC(627) ParOldGen: 103430K(349696K)->197639K(349696K)
[2026-03-22T17:33:18.169+0900][13.934s][info][gc,metaspace   ] GC(627) Metaspace: 336K(512K)->336K(512K) NonClass: 318K(384K)->318K(384K) Class: 17K(128K)->17K(128K)
[2026-03-22T17:33:18.171+0900][13.935s][info][gc             ] GC(627) Pause Young (Allocation Failure) 249M->203M(501M) 5.311ms
[2026-03-22T17:33:18.171+0900][13.935s][info][gc,cpu         ] GC(627) User=0.06s Sys=0.00s Real=0.01s
[2026-03-22T17:33:18.186+0900][13.950s][info][gc,start       ] GC(628) Pause Young (Allocation Failure)
[2026-03-22T17:33:18.191+0900][13.955s][info][gc,heap        ] GC(628) PSYoungGen: 163057K(163840K)->10496K(163840K) Eden: 152561K(153088K)->0K(153088K) From: 10496K(10752K)->10496K(10752K)
[2026-03-22T17:33:18.191+0900][13.955s][info][gc,heap        ] GC(628) ParOldGen: 197639K(349696K)->291999K(349696K)
[2026-03-22T17:33:18.191+0900][13.955s][info][gc,metaspace   ] GC(628) Metaspace: 336K(512K)->336K(512K) NonClass: 318K(384K)->318K(384K) Class: 17K(128K)->17K(128K)
[2026-03-22T17:33:18.191+0900][13.955s][info][gc             ] GC(628) Pause Young (Allocation Failure) 352M->295M(501M) 4.914ms
[2026-03-22T17:33:18.191+0900][13.955s][info][gc,cpu         ] GC(628) User=0.00s Sys=0.00s Real=0.00s
[2026-03-22T17:33:18.206+0900][13.970s][info][gc,start       ] GC(629) Pause Full (Ergonomics)
[2026-03-22T17:33:18.206+0900][13.970s][info][gc,phases,start] GC(629) Marking Phase
[2026-03-22T17:33:18.208+0900][13.972s][info][gc,phases      ] GC(629) Marking Phase 1.237ms
[2026-03-22T17:33:18.208+0900][13.972s][info][gc,phases,start] GC(629) Summary Phase
[2026-03-22T17:33:18.208+0900][13.972s][info][gc,phases      ] GC(629) Summary Phase 0.016ms
[2026-03-22T17:33:18.208+0900][13.972s][info][gc,phases,start] GC(629) Adjust Roots
[2026-03-22T17:33:18.208+0900][13.972s][info][gc,phases      ] GC(629) Adjust Roots 0.185ms
[2026-03-22T17:33:18.208+0900][13.972s][info][gc,phases,start] GC(629) Compaction Phase
[2026-03-22T17:33:18.214+0900][13.978s][info][gc,phases      ] GC(629) Compaction Phase 5.602ms
[2026-03-22T17:33:18.214+0900][13.978s][info][gc,phases,start] GC(629) Post Compact
[2026-03-22T17:33:18.216+0900][13.979s][info][gc,phases      ] GC(629) Post Compact 1.637ms
[2026-03-22T17:33:18.216+0900][13.979s][info][gc,heap        ] GC(629) PSYoungGen: 163057K(163840K)->0K(163840K) Eden: 152561K(153088K)->0K(153088K) From: 10496K(10752K)->0K(10752K)
[2026-03-22T17:33:18.216+0900][13.979s][info][gc,heap        ] GC(629) ParOldGen: 291999K(349696K)->103430K(349696K)
[2026-03-22T17:33:18.216+0900][13.979s][info][gc,metaspace   ] GC(629) Metaspace: 336K(512K)->336K(512K) NonClass: 318K(384K)->318K(384K) Class: 17K(128K)->17K(128K)
[2026-03-22T17:33:18.216+0900][13.979s][info][gc             ] GC(629) Pause Full (Ergonomics) 444M->101M(501M) 8.996ms
[2026-03-22T17:33:18.216+0900][13.979s][info][gc,cpu         ] GC(629) User=0.05s Sys=0.02s Real=0.01s
[2026-03-22T17:33:18.230+0900][13.994s][info][gc,start       ] GC(630) Pause Young (Allocation Failure)
[2026-03-22T17:33:18.235+0900][13.999s][info][gc,heap        ] GC(630) PSYoungGen: 152561K(163840K)->10496K(163840K) Eden: 152561K(153088K)->0K(153088K) From: 0K(10752K)->10496K(10752K)
[2026-03-22T17:33:18.235+0900][13.999s][info][gc,heap        ] GC(630) ParOldGen: 103430K(349696K)->197639K(349696K)
[2026-03-22T17:33:18.235+0900][13.999s][info][gc,metaspace   ] GC(630) Metaspace: 336K(512K)->336K(512K) NonClass: 318K(384K)->318K(384K) Class: 17K(128K)->17K(128K)
[2026-03-22T17:33:18.235+0900][13.999s][info][gc             ] GC(630) Pause Young (Allocation Failure) 249M->203M(501M) 4.913ms
[2026-03-22T17:33:18.235+0900][13.999s][info][gc,cpu         ] GC(630) User=0.00s Sys=0.00s Real=0.00s
[2026-03-22T17:33:18.251+0900][14.015s][info][gc,start       ] GC(631) Pause Young (Allocation Failure)
[2026-03-22T17:33:18.256+0900][14.020s][info][gc,heap        ] GC(631) PSYoungGen: 163057K(163840K)->10496K(163840K) Eden: 152561K(153088K)->0K(153088K) From: 10496K(10752K)->10496K(10752K)
[2026-03-22T17:33:18.256+0900][14.020s][info][gc,heap        ] GC(631) ParOldGen: 197639K(349696K)->291999K(349696K)
[2026-03-22T17:33:18.256+0900][14.020s][info][gc,metaspace   ] GC(631) Metaspace: 336K(512K)->336K(512K) NonClass: 318K(384K)->318K(384K) Class: 17K(128K)->17K(128K)
[2026-03-22T17:33:18.256+0900][14.020s][info][gc             ] GC(631) Pause Young (Allocation Failure) 352M->295M(501M) 5.037ms
[2026-03-22T17:33:18.256+0900][14.020s][info][gc,cpu         ] GC(631) User=0.00s Sys=0.00s Real=0.01s
[2026-03-22T17:33:18.272+0900][14.036s][info][gc,start       ] GC(632) Pause Full (Ergonomics)
[2026-03-22T17:33:18.272+0900][14.036s][info][gc,phases,start] GC(632) Marking Phase
[2026-03-22T17:33:18.274+0900][14.037s][info][gc,phases      ] GC(632) Marking Phase 1.431ms
[2026-03-22T17:33:18.274+0900][14.038s][info][gc,phases,start] GC(632) Summary Phase
[2026-03-22T17:33:18.274+0900][14.038s][info][gc,phases      ] GC(632) Summary Phase 0.016ms
[2026-03-22T17:33:18.274+0900][14.038s][info][gc,phases,start] GC(632) Adjust Roots
[2026-03-22T17:33:18.274+0900][14.038s][info][gc,phases      ] GC(632) Adjust Roots 0.294ms
[2026-03-22T17:33:18.274+0900][14.038s][info][gc,phases,start] GC(632) Compaction Phase
[2026-03-22T17:33:18.280+0900][14.044s][info][gc,phases      ] GC(632) Compaction Phase 5.984ms
[2026-03-22T17:33:18.280+0900][14.044s][info][gc,phases,start] GC(632) Post Compact
[2026-03-22T17:33:18.282+0900][14.046s][info][gc,phases      ] GC(632) Post Compact 2.119ms
[2026-03-22T17:33:18.282+0900][14.046s][info][gc,heap        ] GC(632) PSYoungGen: 163057K(163840K)->0K(163840K) Eden: 152561K(153088K)->0K(153088K) From: 10496K(10752K)->0K(10752K)
[2026-03-22T17:33:18.282+0900][14.046s][info][gc,heap        ] GC(632) ParOldGen: 291999K(349696K)->103430K(349696K)
[2026-03-22T17:33:18.282+0900][14.046s][info][gc,metaspace   ] GC(632) Metaspace: 336K(512K)->336K(512K) NonClass: 318K(384K)->318K(384K) Class: 17K(128K)->17K(128K)
[2026-03-22T17:33:18.282+0900][14.046s][info][gc             ] GC(632) Pause Full (Ergonomics) 444M->101M(501M) 10.272ms
[2026-03-22T17:33:18.282+0900][14.046s][info][gc,cpu         ] GC(632) User=0.05s Sys=0.00s Real=0.01s
[2026-03-22T17:33:18.298+0900][14.062s][info][gc,start       ] GC(633) Pause Young (Allocation Failure)
[2026-03-22T17:33:18.303+0900][14.067s][info][gc,heap        ] GC(633) PSYoungGen: 152561K(163840K)->10496K(163840K) Eden: 152561K(153088K)->0K(153088K) From: 0K(10752K)->10496K(10752K)
[2026-03-22T17:33:18.303+0900][14.067s][info][gc,heap        ] GC(633) ParOldGen: 103430K(349696K)->197639K(349696K)
[2026-03-22T17:33:18.303+0900][14.067s][info][gc,metaspace   ] GC(633) Metaspace: 336K(512K)->336K(512K) NonClass: 318K(384K)->318K(384K) Class: 17K(128K)->17K(128K)
[2026-03-22T17:33:18.303+0900][14.067s][info][gc             ] GC(633) Pause Young (Allocation Failure) 249M->203M(501M) 4.780ms
[2026-03-22T17:33:18.303+0900][14.067s][info][gc,cpu         ] GC(633) User=0.00s Sys=0.00s Real=0.00s
[2026-03-22T17:33:18.318+0900][14.082s][info][gc,start       ] GC(634) Pause Young (Allocation Failure)
[2026-03-22T17:33:18.323+0900][14.087s][info][gc,heap        ] GC(634) PSYoungGen: 163057K(163840K)->10464K(163840K) Eden: 152561K(153088K)->0K(153088K) From: 10496K(10752K)->10464K(10752K)
[2026-03-22T17:33:18.323+0900][14.087s][info][gc,heap        ] GC(634) ParOldGen: 197639K(349696K)->291999K(349696K)
[2026-03-22T17:33:18.323+0900][14.087s][info][gc,metaspace   ] GC(634) Metaspace: 336K(512K)->336K(512K) NonClass: 318K(384K)->318K(384K) Class: 17K(128K)->17K(128K)
[2026-03-22T17:33:18.323+0900][14.087s][info][gc             ] GC(634) Pause Young (Allocation Failure) 352M->295M(501M) 5.227ms
[2026-03-22T17:33:18.323+0900][14.087s][info][gc,cpu         ] GC(634) User=0.05s Sys=0.00s Real=0.00s
[2026-03-22T17:33:18.339+0900][14.103s][info][gc,start       ] GC(635) Pause Full (Ergonomics)
[2026-03-22T17:33:18.339+0900][14.103s][info][gc,phases,start] GC(635) Marking Phase
[2026-03-22T17:33:18.340+0900][14.104s][info][gc,phases      ] GC(635) Marking Phase 1.228ms
[2026-03-22T17:33:18.340+0900][14.104s][info][gc,phases,start] GC(635) Summary Phase
[2026-03-22T17:33:18.340+0900][14.104s][info][gc,phases      ] GC(635) Summary Phase 0.017ms
[2026-03-22T17:33:18.340+0900][14.104s][info][gc,phases,start] GC(635) Adjust Roots
[2026-03-22T17:33:18.341+0900][14.104s][info][gc,phases      ] GC(635) Adjust Roots 0.186ms
[2026-03-22T17:33:18.341+0900][14.104s][info][gc,phases,start] GC(635) Compaction Phase
[2026-03-22T17:33:18.347+0900][14.110s][info][gc,phases      ] GC(635) Compaction Phase 5.980ms
[2026-03-22T17:33:18.347+0900][14.110s][info][gc,phases,start] GC(635) Post Compact
[2026-03-22T17:33:18.348+0900][14.112s][info][gc,phases      ] GC(635) Post Compact 1.580ms
[2026-03-22T17:33:18.348+0900][14.112s][info][gc,heap        ] GC(635) PSYoungGen: 163025K(163840K)->0K(163840K) Eden: 152561K(153088K)->0K(153088K) From: 10464K(10752K)->0K(10752K)
[2026-03-22T17:33:18.348+0900][14.112s][info][gc,heap        ] GC(635) ParOldGen: 291999K(349696K)->103430K(349696K)
[2026-03-22T17:33:18.348+0900][14.112s][info][gc,metaspace   ] GC(635) Metaspace: 336K(512K)->336K(512K) NonClass: 318K(384K)->318K(384K) Class: 17K(128K)->17K(128K)
[2026-03-22T17:33:18.348+0900][14.112s][info][gc             ] GC(635) Pause Full (Ergonomics) 444M->101M(501M) 9.353ms
[2026-03-22T17:33:18.348+0900][14.112s][info][gc,cpu         ] GC(635) User=0.00s Sys=0.00s Real=0.01s
[2026-03-22T17:33:18.363+0900][14.128s][info][gc,start       ] GC(636) Pause Young (Allocation Failure)
[2026-03-22T17:33:18.368+0900][14.132s][info][gc,heap        ] GC(636) PSYoungGen: 152561K(163840K)->10496K(163840K) Eden: 152561K(153088K)->0K(153088K) From: 0K(10752K)->10496K(10752K)
[2026-03-22T17:33:18.368+0900][14.132s][info][gc,heap        ] GC(636) ParOldGen: 103430K(349696K)->197639K(349696K)
[2026-03-22T17:33:18.368+0900][14.132s][info][gc,metaspace   ] GC(636) Metaspace: 336K(512K)->336K(512K) NonClass: 318K(384K)->318K(384K) Class: 17K(128K)->17K(128K)
[2026-03-22T17:33:18.368+0900][14.132s][info][gc             ] GC(636) Pause Young (Allocation Failure) 249M->203M(501M) 4.827ms
[2026-03-22T17:33:18.368+0900][14.132s][info][gc,cpu         ] GC(636) User=0.00s Sys=0.00s Real=0.01s
[2026-03-22T17:33:18.383+0900][14.147s][info][gc,start       ] GC(637) Pause Young (Allocation Failure)
[2026-03-22T17:33:18.388+0900][14.152s][info][gc,heap        ] GC(637) PSYoungGen: 163057K(163840K)->10496K(163840K) Eden: 152561K(153088K)->0K(153088K) From: 10496K(10752K)->10496K(10752K)
[2026-03-22T17:33:18.388+0900][14.153s][info][gc,heap        ] GC(637) ParOldGen: 197639K(349696K)->291999K(349696K)
[2026-03-22T17:33:18.388+0900][14.153s][info][gc,metaspace   ] GC(637) Metaspace: 336K(512K)->336K(512K) NonClass: 318K(384K)->318K(384K) Class: 17K(128K)->17K(128K)
[2026-03-22T17:33:18.388+0900][14.153s][info][gc             ] GC(637) Pause Young (Allocation Failure) 352M->295M(501M) 5.120ms
[2026-03-22T17:33:18.388+0900][14.153s][info][gc,cpu         ] GC(637) User=0.06s Sys=0.00s Real=0.01s
[2026-03-22T17:33:18.405+0900][14.169s][info][gc,start       ] GC(638) Pause Full (Ergonomics)
[2026-03-22T17:33:18.405+0900][14.169s][info][gc,phases,start] GC(638) Marking Phase
[2026-03-22T17:33:18.406+0900][14.170s][info][gc,phases      ] GC(638) Marking Phase 1.491ms
[2026-03-22T17:33:18.406+0900][14.170s][info][gc,phases,start] GC(638) Summary Phase
[2026-03-22T17:33:18.406+0900][14.170s][info][gc,phases      ] GC(638) Summary Phase 0.018ms
[2026-03-22T17:33:18.406+0900][14.170s][info][gc,phases,start] GC(638) Adjust Roots
[2026-03-22T17:33:18.406+0900][14.171s][info][gc,phases      ] GC(638) Adjust Roots 0.275ms
[2026-03-22T17:33:18.406+0900][14.171s][info][gc,phases,start] GC(638) Compaction Phase
[2026-03-22T17:33:18.413+0900][14.177s][info][gc,phases      ] GC(638) Compaction Phase 6.135ms
[2026-03-22T17:33:18.413+0900][14.177s][info][gc,phases,start] GC(638) Post Compact
[2026-03-22T17:33:18.415+0900][14.179s][info][gc,phases      ] GC(638) Post Compact 1.812ms
[2026-03-22T17:33:18.415+0900][14.179s][info][gc,heap        ] GC(638) PSYoungGen: 163057K(163840K)->0K(163840K) Eden: 152561K(153088K)->0K(153088K) From: 10496K(10752K)->0K(10752K)
[2026-03-22T17:33:18.415+0900][14.179s][info][gc,heap        ] GC(638) ParOldGen: 291999K(349696K)->103195K(349696K)
[2026-03-22T17:33:18.415+0900][14.179s][info][gc,metaspace   ] GC(638) Metaspace: 336K(512K)->336K(512K) NonClass: 318K(384K)->318K(384K) Class: 17K(128K)->17K(128K)
[2026-03-22T17:33:18.415+0900][14.179s][info][gc             ] GC(638) Pause Full (Ergonomics) 444M->100M(501M) 10.107ms
[2026-03-22T17:33:18.415+0900][14.179s][info][gc,cpu         ] GC(638) User=0.00s Sys=0.00s Real=0.01s
[2026-03-22T17:33:18.431+0900][14.195s][info][gc,start       ] GC(639) Pause Young (Allocation Failure)
[2026-03-22T17:33:18.436+0900][14.200s][info][gc,heap        ] GC(639) PSYoungGen: 152561K(163840K)->10496K(163840K) Eden: 152561K(153088K)->0K(153088K) From: 0K(10752K)->10496K(10752K)
[2026-03-22T17:33:18.436+0900][14.200s][info][gc,heap        ] GC(639) ParOldGen: 103195K(349696K)->197403K(349696K)
[2026-03-22T17:33:18.436+0900][14.200s][info][gc,metaspace   ] GC(639) Metaspace: 336K(512K)->336K(512K) NonClass: 318K(384K)->318K(384K) Class: 17K(128K)->17K(128K)
[2026-03-22T17:33:18.436+0900][14.200s][info][gc             ] GC(639) Pause Young (Allocation Failure) 249M->203M(501M) 5.046ms
[2026-03-22T17:33:18.436+0900][14.200s][info][gc,cpu         ] GC(639) User=0.02s Sys=0.00s Real=0.01s
[2026-03-22T17:33:18.452+0900][14.216s][info][gc,start       ] GC(640) Pause Young (Allocation Failure)
[2026-03-22T17:33:18.457+0900][14.221s][info][gc,heap        ] GC(640) PSYoungGen: 163057K(163840K)->10496K(163840K) Eden: 152561K(153088K)->0K(153088K) From: 10496K(10752K)->10496K(10752K)
[2026-03-22T17:33:18.457+0900][14.221s][info][gc,heap        ] GC(640) ParOldGen: 197403K(349696K)->291764K(349696K)
[2026-03-22T17:33:18.457+0900][14.221s][info][gc,metaspace   ] GC(640) Metaspace: 336K(512K)->336K(512K) NonClass: 318K(384K)->318K(384K) Class: 17K(128K)->17K(128K)
[2026-03-22T17:33:18.457+0900][14.221s][info][gc             ] GC(640) Pause Young (Allocation Failure) 352M->295M(501M) 5.049ms
[2026-03-22T17:33:18.457+0900][14.221s][info][gc,cpu         ] GC(640) User=0.00s Sys=0.00s Real=0.01s
[2026-03-22T17:33:18.473+0900][14.237s][info][gc,start       ] GC(641) Pause Full (Ergonomics)
[2026-03-22T17:33:18.473+0900][14.237s][info][gc,phases,start] GC(641) Marking Phase
[2026-03-22T17:33:18.474+0900][14.238s][info][gc,phases      ] GC(641) Marking Phase 1.230ms
[2026-03-22T17:33:18.474+0900][14.238s][info][gc,phases,start] GC(641) Summary Phase
[2026-03-22T17:33:18.474+0900][14.238s][info][gc,phases      ] GC(641) Summary Phase 0.025ms
[2026-03-22T17:33:18.474+0900][14.238s][info][gc,phases,start] GC(641) Adjust Roots
[2026-03-22T17:33:18.474+0900][14.239s][info][gc,phases      ] GC(641) Adjust Roots 0.173ms
[2026-03-22T17:33:18.474+0900][14.239s][info][gc,phases,start] GC(641) Compaction Phase
[2026-03-22T17:33:18.480+0900][14.244s][info][gc,phases      ] GC(641) Compaction Phase 5.510ms
[2026-03-22T17:33:18.480+0900][14.244s][info][gc,phases,start] GC(641) Post Compact
[2026-03-22T17:33:18.482+0900][14.246s][info][gc,phases      ] GC(641) Post Compact 1.657ms
[2026-03-22T17:33:18.482+0900][14.246s][info][gc,heap        ] GC(641) PSYoungGen: 163057K(163840K)->0K(163840K) Eden: 152561K(153088K)->0K(153088K) From: 10496K(10752K)->0K(10752K)
[2026-03-22T17:33:18.482+0900][14.246s][info][gc,heap        ] GC(641) ParOldGen: 291764K(349696K)->103430K(349696K)
[2026-03-22T17:33:18.482+0900][14.246s][info][gc,metaspace   ] GC(641) Metaspace: 336K(512K)->336K(512K) NonClass: 318K(384K)->318K(384K) Class: 17K(128K)->17K(128K)
[2026-03-22T17:33:18.482+0900][14.246s][info][gc             ] GC(641) Pause Full (Ergonomics) 444M->101M(501M) 8.992ms
[2026-03-22T17:33:18.482+0900][14.246s][info][gc,cpu         ] GC(641) User=0.05s Sys=0.02s Real=0.01s
[2026-03-22T17:33:18.497+0900][14.261s][info][gc,start       ] GC(642) Pause Young (Allocation Failure)
[2026-03-22T17:33:18.502+0900][14.265s][info][gc,heap        ] GC(642) PSYoungGen: 152561K(163840K)->10496K(163840K) Eden: 152561K(153088K)->0K(153088K) From: 0K(10752K)->10496K(10752K)
[2026-03-22T17:33:18.502+0900][14.266s][info][gc,heap        ] GC(642) ParOldGen: 103430K(349696K)->197639K(349696K)
[2026-03-22T17:33:18.502+0900][14.266s][info][gc,metaspace   ] GC(642) Metaspace: 336K(512K)->336K(512K) NonClass: 318K(384K)->318K(384K) Class: 17K(128K)->17K(128K)
[2026-03-22T17:33:18.502+0900][14.266s][info][gc             ] GC(642) Pause Young (Allocation Failure) 249M->203M(501M) 5.033ms
[2026-03-22T17:33:18.502+0900][14.266s][info][gc,cpu         ] GC(642) User=0.00s Sys=0.00s Real=0.01s
[2026-03-22T17:33:18.517+0900][14.281s][info][gc,start       ] GC(643) Pause Young (Allocation Failure)
[2026-03-22T17:33:18.523+0900][14.286s][info][gc,heap        ] GC(643) PSYoungGen: 163057K(163840K)->10496K(163840K) Eden: 152561K(153088K)->0K(153088K) From: 10496K(10752K)->10496K(10752K)
[2026-03-22T17:33:18.523+0900][14.286s][info][gc,heap        ] GC(643) ParOldGen: 197639K(349696K)->291999K(349696K)
[2026-03-22T17:33:18.523+0900][14.286s][info][gc,metaspace   ] GC(643) Metaspace: 336K(512K)->336K(512K) NonClass: 318K(384K)->318K(384K) Class: 17K(128K)->17K(128K)
[2026-03-22T17:33:18.523+0900][14.286s][info][gc             ] GC(643) Pause Young (Allocation Failure) 352M->295M(501M) 5.051ms
[2026-03-22T17:33:18.523+0900][14.286s][info][gc,cpu         ] GC(643) User=0.00s Sys=0.00s Real=0.01s
[2026-03-22T17:33:18.537+0900][14.301s][info][gc,start       ] GC(644) Pause Full (Ergonomics)
[2026-03-22T17:33:18.537+0900][14.301s][info][gc,phases,start] GC(644) Marking Phase
[2026-03-22T17:33:18.538+0900][14.302s][info][gc,phases      ] GC(644) Marking Phase 1.387ms
[2026-03-22T17:33:18.538+0900][14.302s][info][gc,phases,start] GC(644) Summary Phase
[2026-03-22T17:33:18.538+0900][14.302s][info][gc,phases      ] GC(644) Summary Phase 0.028ms
[2026-03-22T17:33:18.538+0900][14.302s][info][gc,phases,start] GC(644) Adjust Roots
[2026-03-22T17:33:18.539+0900][14.302s][info][gc,phases      ] GC(644) Adjust Roots 0.215ms
[2026-03-22T17:33:18.539+0900][14.302s][info][gc,phases,start] GC(644) Compaction Phase
[2026-03-22T17:33:18.544+0900][14.308s][info][gc,phases      ] GC(644) Compaction Phase 5.762ms
[2026-03-22T17:33:18.544+0900][14.308s][info][gc,phases,start] GC(644) Post Compact
[2026-03-22T17:33:18.546+0900][14.310s][info][gc,phases      ] GC(644) Post Compact 1.504ms
[2026-03-22T17:33:18.546+0900][14.310s][info][gc,heap        ] GC(644) PSYoungGen: 163057K(163840K)->0K(163840K) Eden: 152561K(153088K)->0K(153088K) From: 10496K(10752K)->0K(10752K)
[2026-03-22T17:33:18.546+0900][14.310s][info][gc,heap        ] GC(644) ParOldGen: 291999K(349696K)->103430K(349696K)
[2026-03-22T17:33:18.546+0900][14.310s][info][gc,metaspace   ] GC(644) Metaspace: 336K(512K)->336K(512K) NonClass: 318K(384K)->318K(384K) Class: 17K(128K)->17K(128K)
[2026-03-22T17:33:18.546+0900][14.310s][info][gc             ] GC(644) Pause Full (Ergonomics) 444M->101M(501M) 9.264ms
[2026-03-22T17:33:18.546+0900][14.310s][info][gc,cpu         ] GC(644) User=0.05s Sys=0.02s Real=0.01s
[2026-03-22T17:33:18.562+0900][14.327s][info][gc,start       ] GC(645) Pause Young (Allocation Failure)
[2026-03-22T17:33:18.567+0900][14.331s][info][gc,heap        ] GC(645) PSYoungGen: 152561K(163840K)->10496K(163840K) Eden: 152561K(153088K)->0K(153088K) From: 0K(10752K)->10496K(10752K)
[2026-03-22T17:33:18.567+0900][14.331s][info][gc,heap        ] GC(645) ParOldGen: 103430K(349696K)->197639K(349696K)
[2026-03-22T17:33:18.567+0900][14.331s][info][gc,metaspace   ] GC(645) Metaspace: 336K(512K)->336K(512K) NonClass: 318K(384K)->318K(384K) Class: 17K(128K)->17K(128K)
[2026-03-22T17:33:18.567+0900][14.331s][info][gc             ] GC(645) Pause Young (Allocation Failure) 249M->203M(501M) 4.725ms
[2026-03-22T17:33:18.567+0900][14.331s][info][gc,cpu         ] GC(645) User=0.00s Sys=0.00s Real=0.00s
[2026-03-22T17:33:18.583+0900][14.347s][info][gc,start       ] GC(646) Pause Young (Allocation Failure)
[2026-03-22T17:33:18.588+0900][14.352s][info][gc,heap        ] GC(646) PSYoungGen: 163057K(163840K)->10496K(163840K) Eden: 152561K(153088K)->0K(153088K) From: 10496K(10752K)->10496K(10752K)
[2026-03-22T17:33:18.588+0900][14.352s][info][gc,heap        ] GC(646) ParOldGen: 197639K(349696K)->291999K(349696K)
[2026-03-22T17:33:18.588+0900][14.352s][info][gc,metaspace   ] GC(646) Metaspace: 336K(512K)->336K(512K) NonClass: 318K(384K)->318K(384K) Class: 17K(128K)->17K(128K)
[2026-03-22T17:33:18.588+0900][14.352s][info][gc             ] GC(646) Pause Young (Allocation Failure) 352M->295M(501M) 4.819ms
[2026-03-22T17:33:18.588+0900][14.352s][info][gc,cpu         ] GC(646) User=0.05s Sys=0.02s Real=0.01s
[2026-03-22T17:33:18.604+0900][14.368s][info][gc,start       ] GC(647) Pause Full (Ergonomics)
[2026-03-22T17:33:18.604+0900][14.368s][info][gc,phases,start] GC(647) Marking Phase
[2026-03-22T17:33:18.605+0900][14.370s][info][gc,phases      ] GC(647) Marking Phase 1.329ms
[2026-03-22T17:33:18.605+0900][14.370s][info][gc,phases,start] GC(647) Summary Phase
[2026-03-22T17:33:18.605+0900][14.370s][info][gc,phases      ] GC(647) Summary Phase 0.043ms
[2026-03-22T17:33:18.605+0900][14.370s][info][gc,phases,start] GC(647) Adjust Roots
[2026-03-22T17:33:18.606+0900][14.370s][info][gc,phases      ] GC(647) Adjust Roots 0.249ms
[2026-03-22T17:33:18.606+0900][14.370s][info][gc,phases,start] GC(647) Compaction Phase
[2026-03-22T17:33:18.612+0900][14.377s][info][gc,phases      ] GC(647) Compaction Phase 6.386ms
[2026-03-22T17:33:18.612+0900][14.377s][info][gc,phases,start] GC(647) Post Compact
[2026-03-22T17:33:18.615+0900][14.378s][info][gc,phases      ] GC(647) Post Compact 1.612ms
[2026-03-22T17:33:18.615+0900][14.378s][info][gc,heap        ] GC(647) PSYoungGen: 163057K(163840K)->0K(163840K) Eden: 152561K(153088K)->0K(153088K) From: 10496K(10752K)->0K(10752K)
[2026-03-22T17:33:18.615+0900][14.378s][info][gc,heap        ] GC(647) ParOldGen: 291999K(349696K)->103430K(349696K)
[2026-03-22T17:33:18.615+0900][14.378s][info][gc,metaspace   ] GC(647) Metaspace: 336K(512K)->336K(512K) NonClass: 318K(384K)->318K(384K) Class: 17K(128K)->17K(128K)
[2026-03-22T17:33:18.615+0900][14.378s][info][gc             ] GC(647) Pause Full (Ergonomics) 444M->101M(501M) 10.012ms
[2026-03-22T17:33:18.615+0900][14.378s][info][gc,cpu         ] GC(647) User=0.00s Sys=0.00s Real=0.01s
[2026-03-22T17:33:18.631+0900][14.395s][info][gc,start       ] GC(648) Pause Young (Allocation Failure)
[2026-03-22T17:33:18.636+0900][14.399s][info][gc,heap        ] GC(648) PSYoungGen: 152561K(163840K)->10496K(163840K) Eden: 152561K(153088K)->0K(153088K) From: 0K(10752K)->10496K(10752K)
[2026-03-22T17:33:18.636+0900][14.399s][info][gc,heap        ] GC(648) ParOldGen: 103430K(349696K)->197639K(349696K)
[2026-03-22T17:33:18.636+0900][14.399s][info][gc,metaspace   ] GC(648) Metaspace: 336K(512K)->336K(512K) NonClass: 318K(384K)->318K(384K) Class: 17K(128K)->17K(128K)
[2026-03-22T17:33:18.636+0900][14.400s][info][gc             ] GC(648) Pause Young (Allocation Failure) 249M->203M(501M) 4.343ms
[2026-03-22T17:33:18.636+0900][14.400s][info][gc,cpu         ] GC(648) User=0.06s Sys=0.00s Real=0.00s
[2026-03-22T17:33:18.650+0900][14.414s][info][gc,start       ] GC(649) Pause Young (Allocation Failure)
[2026-03-22T17:33:18.655+0900][14.419s][info][gc,heap        ] GC(649) PSYoungGen: 163057K(163840K)->10496K(163840K) Eden: 152561K(153088K)->0K(153088K) From: 10496K(10752K)->10496K(10752K)
[2026-03-22T17:33:18.655+0900][14.419s][info][gc,heap        ] GC(649) ParOldGen: 197639K(349696K)->291999K(349696K)
[2026-03-22T17:33:18.655+0900][14.419s][info][gc,metaspace   ] GC(649) Metaspace: 336K(512K)->336K(512K) NonClass: 318K(384K)->318K(384K) Class: 17K(128K)->17K(128K)
[2026-03-22T17:33:18.656+0900][14.419s][info][gc             ] GC(649) Pause Young (Allocation Failure) 352M->295M(501M) 4.919ms
[2026-03-22T17:33:18.656+0900][14.419s][info][gc,cpu         ] GC(649) User=0.00s Sys=0.00s Real=0.01s
[2026-03-22T17:33:18.670+0900][14.434s][info][gc,start       ] GC(650) Pause Full (Ergonomics)
[2026-03-22T17:33:18.670+0900][14.434s][info][gc,phases,start] GC(650) Marking Phase
[2026-03-22T17:33:18.671+0900][14.435s][info][gc,phases      ] GC(650) Marking Phase 1.292ms
[2026-03-22T17:33:18.671+0900][14.436s][info][gc,phases,start] GC(650) Summary Phase
[2026-03-22T17:33:18.671+0900][14.436s][info][gc,phases      ] GC(650) Summary Phase 0.025ms
[2026-03-22T17:33:18.671+0900][14.436s][info][gc,phases,start] GC(650) Adjust Roots
[2026-03-22T17:33:18.672+0900][14.436s][info][gc,phases      ] GC(650) Adjust Roots 0.195ms
[2026-03-22T17:33:18.672+0900][14.436s][info][gc,phases,start] GC(650) Compaction Phase
[2026-03-22T17:33:18.678+0900][14.442s][info][gc,phases      ] GC(650) Compaction Phase 6.499ms
[2026-03-22T17:33:18.678+0900][14.442s][info][gc,phases,start] GC(650) Post Compact
[2026-03-22T17:33:18.680+0900][14.444s][info][gc,phases      ] GC(650) Post Compact 1.588ms
[2026-03-22T17:33:18.680+0900][14.444s][info][gc,heap        ] GC(650) PSYoungGen: 163057K(163840K)->0K(163840K) Eden: 152561K(153088K)->0K(153088K) From: 10496K(10752K)->0K(10752K)
[2026-03-22T17:33:18.680+0900][14.444s][info][gc,heap        ] GC(650) ParOldGen: 291999K(349696K)->103430K(349696K)
[2026-03-22T17:33:18.680+0900][14.444s][info][gc,metaspace   ] GC(650) Metaspace: 336K(512K)->336K(512K) NonClass: 318K(384K)->318K(384K) Class: 17K(128K)->17K(128K)
[2026-03-22T17:33:18.680+0900][14.444s][info][gc             ] GC(650) Pause Full (Ergonomics) 444M->101M(501M) 9.945ms
[2026-03-22T17:33:18.680+0900][14.444s][info][gc,cpu         ] GC(650) User=0.00s Sys=0.00s Real=0.01s
[2026-03-22T17:33:18.697+0900][14.461s][info][gc,start       ] GC(651) Pause Young (Allocation Failure)
[2026-03-22T17:33:18.702+0900][14.466s][info][gc,heap        ] GC(651) PSYoungGen: 152561K(163840K)->10496K(163840K) Eden: 152561K(153088K)->0K(153088K) From: 0K(10752K)->10496K(10752K)
[2026-03-22T17:33:18.702+0900][14.466s][info][gc,heap        ] GC(651) ParOldGen: 103430K(349696K)->197639K(349696K)
[2026-03-22T17:33:18.702+0900][14.466s][info][gc,metaspace   ] GC(651) Metaspace: 336K(512K)->336K(512K) NonClass: 318K(384K)->318K(384K) Class: 17K(128K)->17K(128K)
[2026-03-22T17:33:18.702+0900][14.466s][info][gc             ] GC(651) Pause Young (Allocation Failure) 249M->203M(501M) 4.905ms
[2026-03-22T17:33:18.702+0900][14.466s][info][gc,cpu         ] GC(651) User=0.00s Sys=0.00s Real=0.00s
[2026-03-22T17:33:18.718+0900][14.482s][info][gc,start       ] GC(652) Pause Young (Allocation Failure)
[2026-03-22T17:33:18.723+0900][14.487s][info][gc,heap        ] GC(652) PSYoungGen: 163057K(163840K)->10496K(163840K) Eden: 152561K(153088K)->0K(153088K) From: 10496K(10752K)->10496K(10752K)
[2026-03-22T17:33:18.723+0900][14.487s][info][gc,heap        ] GC(652) ParOldGen: 197639K(349696K)->291999K(349696K)
[2026-03-22T17:33:18.724+0900][14.487s][info][gc,metaspace   ] GC(652) Metaspace: 336K(512K)->336K(512K) NonClass: 318K(384K)->318K(384K) Class: 17K(128K)->17K(128K)
[2026-03-22T17:33:18.724+0900][14.487s][info][gc             ] GC(652) Pause Young (Allocation Failure) 352M->295M(501M) 5.242ms
[2026-03-22T17:33:18.724+0900][14.487s][info][gc,cpu         ] GC(652) User=0.00s Sys=0.00s Real=0.01s
[2026-03-22T17:33:18.741+0900][14.505s][info][gc,start       ] GC(653) Pause Full (Ergonomics)
[2026-03-22T17:33:18.741+0900][14.505s][info][gc,phases,start] GC(653) Marking Phase
[2026-03-22T17:33:18.742+0900][14.506s][info][gc,phases      ] GC(653) Marking Phase 1.406ms
[2026-03-22T17:33:18.742+0900][14.506s][info][gc,phases,start] GC(653) Summary Phase
[2026-03-22T17:33:18.742+0900][14.507s][info][gc,phases      ] GC(653) Summary Phase 0.041ms
[2026-03-22T17:33:18.742+0900][14.507s][info][gc,phases,start] GC(653) Adjust Roots
[2026-03-22T17:33:18.742+0900][14.507s][info][gc,phases      ] GC(653) Adjust Roots 0.246ms
[2026-03-22T17:33:18.743+0900][14.507s][info][gc,phases,start] GC(653) Compaction Phase
[2026-03-22T17:33:18.748+0900][14.513s][info][gc,phases      ] GC(653) Compaction Phase 5.767ms
[2026-03-22T17:33:18.748+0900][14.513s][info][gc,phases,start] GC(653) Post Compact
[2026-03-22T17:33:18.750+0900][14.514s][info][gc,phases      ] GC(653) Post Compact 1.402ms
[2026-03-22T17:33:18.750+0900][14.514s][info][gc,heap        ] GC(653) PSYoungGen: 163057K(163840K)->0K(163840K) Eden: 152561K(153088K)->0K(153088K) From: 10496K(10752K)->0K(10752K)
[2026-03-22T17:33:18.750+0900][14.514s][info][gc,heap        ] GC(653) ParOldGen: 291999K(349696K)->103430K(349696K)
[2026-03-22T17:33:18.750+0900][14.514s][info][gc,metaspace   ] GC(653) Metaspace: 336K(512K)->336K(512K) NonClass: 318K(384K)->318K(384K) Class: 17K(128K)->17K(128K)
[2026-03-22T17:33:18.750+0900][14.514s][info][gc             ] GC(653) Pause Full (Ergonomics) 444M->101M(501M) 9.265ms
[2026-03-22T17:33:18.750+0900][14.514s][info][gc,cpu         ] GC(653) User=0.06s Sys=0.00s Real=0.01s
[2026-03-22T17:33:18.765+0900][14.530s][info][gc,start       ] GC(654) Pause Young (Allocation Failure)
[2026-03-22T17:33:18.769+0900][14.534s][info][gc,heap        ] GC(654) PSYoungGen: 152561K(163840K)->10496K(163840K) Eden: 152561K(153088K)->0K(153088K) From: 0K(10752K)->10496K(10752K)
[2026-03-22T17:33:18.769+0900][14.534s][info][gc,heap        ] GC(654) ParOldGen: 103430K(349696K)->197639K(349696K)
[2026-03-22T17:33:18.769+0900][14.534s][info][gc,metaspace   ] GC(654) Metaspace: 336K(512K)->336K(512K) NonClass: 318K(384K)->318K(384K) Class: 17K(128K)->17K(128K)
[2026-03-22T17:33:18.769+0900][14.534s][info][gc             ] GC(654) Pause Young (Allocation Failure) 249M->203M(501M) 4.512ms
[2026-03-22T17:33:18.770+0900][14.534s][info][gc,cpu         ] GC(654) User=0.00s Sys=0.00s Real=0.00s
[2026-03-22T17:33:18.785+0900][14.548s][info][gc,start       ] GC(655) Pause Young (Allocation Failure)
[2026-03-22T17:33:18.790+0900][14.553s][info][gc,heap        ] GC(655) PSYoungGen: 163057K(163840K)->10496K(163840K) Eden: 152561K(153088K)->0K(153088K) From: 10496K(10752K)->10496K(10752K)
[2026-03-22T17:33:18.790+0900][14.553s][info][gc,heap        ] GC(655) ParOldGen: 197639K(349696K)->291999K(349696K)
[2026-03-22T17:33:18.790+0900][14.553s][info][gc,metaspace   ] GC(655) Metaspace: 336K(512K)->336K(512K) NonClass: 318K(384K)->318K(384K) Class: 17K(128K)->17K(128K)
[2026-03-22T17:33:18.790+0900][14.553s][info][gc             ] GC(655) Pause Young (Allocation Failure) 352M->295M(501M) 4.760ms
[2026-03-22T17:33:18.790+0900][14.553s][info][gc,cpu         ] GC(655) User=0.00s Sys=0.00s Real=0.00s
[2026-03-22T17:33:18.804+0900][14.568s][info][gc,start       ] GC(656) Pause Full (Ergonomics)
[2026-03-22T17:33:18.804+0900][14.568s][info][gc,phases,start] GC(656) Marking Phase
[2026-03-22T17:33:18.805+0900][14.570s][info][gc,phases      ] GC(656) Marking Phase 1.103ms
[2026-03-22T17:33:18.805+0900][14.570s][info][gc,phases,start] GC(656) Summary Phase
[2026-03-22T17:33:18.805+0900][14.570s][info][gc,phases      ] GC(656) Summary Phase 0.017ms
[2026-03-22T17:33:18.805+0900][14.570s][info][gc,phases,start] GC(656) Adjust Roots
[2026-03-22T17:33:18.806+0900][14.570s][info][gc,phases      ] GC(656) Adjust Roots 0.286ms
[2026-03-22T17:33:18.806+0900][14.570s][info][gc,phases,start] GC(656) Compaction Phase
[2026-03-22T17:33:18.813+0900][14.577s][info][gc,phases      ] GC(656) Compaction Phase 6.928ms
[2026-03-22T17:33:18.813+0900][14.577s][info][gc,phases,start] GC(656) Post Compact
[2026-03-22T17:33:18.815+0900][14.579s][info][gc,phases      ] GC(656) Post Compact 1.925ms
[2026-03-22T17:33:18.815+0900][14.579s][info][gc,heap        ] GC(656) PSYoungGen: 163057K(163840K)->0K(163840K) Eden: 152561K(153088K)->0K(153088K) From: 10496K(10752K)->0K(10752K)
[2026-03-22T17:33:18.815+0900][14.579s][info][gc,heap        ] GC(656) ParOldGen: 291999K(349696K)->103430K(349696K)
[2026-03-22T17:33:18.815+0900][14.579s][info][gc,metaspace   ] GC(656) Metaspace: 336K(512K)->336K(512K) NonClass: 318K(384K)->318K(384K) Class: 17K(128K)->17K(128K)
[2026-03-22T17:33:18.815+0900][14.579s][info][gc             ] GC(656) Pause Full (Ergonomics) 444M->101M(501M) 10.746ms
[2026-03-22T17:33:18.815+0900][14.579s][info][gc,cpu         ] GC(656) User=0.02s Sys=0.00s Real=0.01s
[2026-03-22T17:33:18.831+0900][14.595s][info][gc,start       ] GC(657) Pause Young (Allocation Failure)
[2026-03-22T17:33:18.836+0900][14.600s][info][gc,heap        ] GC(657) PSYoungGen: 152561K(163840K)->10496K(163840K) Eden: 152561K(153088K)->0K(153088K) From: 0K(10752K)->10496K(10752K)
[2026-03-22T17:33:18.836+0900][14.600s][info][gc,heap        ] GC(657) ParOldGen: 103430K(349696K)->197639K(349696K)
[2026-03-22T17:33:18.836+0900][14.600s][info][gc,metaspace   ] GC(657) Metaspace: 336K(512K)->336K(512K) NonClass: 318K(384K)->318K(384K) Class: 17K(128K)->17K(128K)
[2026-03-22T17:33:18.836+0900][14.600s][info][gc             ] GC(657) Pause Young (Allocation Failure) 249M->203M(501M) 5.079ms
[2026-03-22T17:33:18.837+0900][14.600s][info][gc,cpu         ] GC(657) User=0.00s Sys=0.00s Real=0.01s
[2026-03-22T17:33:18.851+0900][14.615s][info][gc,start       ] GC(658) Pause Young (Allocation Failure)
[2026-03-22T17:33:18.856+0900][14.620s][info][gc,heap        ] GC(658) PSYoungGen: 163057K(163840K)->10496K(163840K) Eden: 152561K(153088K)->0K(153088K) From: 10496K(10752K)->10496K(10752K)
[2026-03-22T17:33:18.856+0900][14.620s][info][gc,heap        ] GC(658) ParOldGen: 197639K(349696K)->291999K(349696K)
[2026-03-22T17:33:18.856+0900][14.620s][info][gc,metaspace   ] GC(658) Metaspace: 336K(512K)->336K(512K) NonClass: 318K(384K)->318K(384K) Class: 17K(128K)->17K(128K)
[2026-03-22T17:33:18.856+0900][14.620s][info][gc             ] GC(658) Pause Young (Allocation Failure) 352M->295M(501M) 4.860ms
[2026-03-22T17:33:18.856+0900][14.620s][info][gc,cpu         ] GC(658) User=0.05s Sys=0.00s Real=0.00s
[2026-03-22T17:33:18.872+0900][14.636s][info][gc,start       ] GC(659) Pause Full (Ergonomics)
[2026-03-22T17:33:18.872+0900][14.636s][info][gc,phases,start] GC(659) Marking Phase
[2026-03-22T17:33:18.874+0900][14.637s][info][gc,phases      ] GC(659) Marking Phase 1.308ms
[2026-03-22T17:33:18.874+0900][14.637s][info][gc,phases,start] GC(659) Summary Phase
[2026-03-22T17:33:18.874+0900][14.637s][info][gc,phases      ] GC(659) Summary Phase 0.023ms
[2026-03-22T17:33:18.874+0900][14.637s][info][gc,phases,start] GC(659) Adjust Roots
[2026-03-22T17:33:18.874+0900][14.638s][info][gc,phases      ] GC(659) Adjust Roots 0.249ms
[2026-03-22T17:33:18.874+0900][14.638s][info][gc,phases,start] GC(659) Compaction Phase
[2026-03-22T17:33:18.880+0900][14.644s][info][gc,phases      ] GC(659) Compaction Phase 5.917ms
[2026-03-22T17:33:18.880+0900][14.644s][info][gc,phases,start] GC(659) Post Compact
[2026-03-22T17:33:18.881+0900][14.645s][info][gc,phases      ] GC(659) Post Compact 1.411ms
[2026-03-22T17:33:18.881+0900][14.645s][info][gc,heap        ] GC(659) PSYoungGen: 163057K(163840K)->0K(163840K) Eden: 152561K(153088K)->0K(153088K) From: 10496K(10752K)->0K(10752K)
[2026-03-22T17:33:18.881+0900][14.645s][info][gc,heap        ] GC(659) ParOldGen: 291999K(349696K)->103430K(349696K)
[2026-03-22T17:33:18.881+0900][14.645s][info][gc,metaspace   ] GC(659) Metaspace: 336K(512K)->336K(512K) NonClass: 318K(384K)->318K(384K) Class: 17K(128K)->17K(128K)
[2026-03-22T17:33:18.881+0900][14.645s][info][gc             ] GC(659) Pause Full (Ergonomics) 444M->101M(501M) 9.163ms
[2026-03-22T17:33:18.881+0900][14.645s][info][gc,cpu         ] GC(659) User=0.00s Sys=0.00s Real=0.01s
[2026-03-22T17:33:18.897+0900][14.661s][info][gc,start       ] GC(660) Pause Young (Allocation Failure)
[2026-03-22T17:33:18.902+0900][14.666s][info][gc,heap        ] GC(660) PSYoungGen: 152561K(163840K)->10496K(163840K) Eden: 152561K(153088K)->0K(153088K) From: 0K(10752K)->10496K(10752K)
[2026-03-22T17:33:18.902+0900][14.666s][info][gc,heap        ] GC(660) ParOldGen: 103430K(349696K)->197639K(349696K)
[2026-03-22T17:33:18.902+0900][14.666s][info][gc,metaspace   ] GC(660) Metaspace: 336K(512K)->336K(512K) NonClass: 318K(384K)->318K(384K) Class: 17K(128K)->17K(128K)
[2026-03-22T17:33:18.902+0900][14.666s][info][gc             ] GC(660) Pause Young (Allocation Failure) 249M->203M(501M) 4.737ms
[2026-03-22T17:33:18.902+0900][14.666s][info][gc,cpu         ] GC(660) User=0.06s Sys=0.00s Real=0.00s
[2026-03-22T17:33:18.916+0900][14.680s][info][gc,start       ] GC(661) Pause Young (Allocation Failure)
[2026-03-22T17:33:18.922+0900][14.685s][info][gc,heap        ] GC(661) PSYoungGen: 163057K(163840K)->10496K(163840K) Eden: 152561K(153088K)->0K(153088K) From: 10496K(10752K)->10496K(10752K)
[2026-03-22T17:33:18.922+0900][14.685s][info][gc,heap        ] GC(661) ParOldGen: 197639K(349696K)->291999K(349696K)
[2026-03-22T17:33:18.922+0900][14.685s][info][gc,metaspace   ] GC(661) Metaspace: 336K(512K)->336K(512K) NonClass: 318K(384K)->318K(384K) Class: 17K(128K)->17K(128K)
[2026-03-22T17:33:18.922+0900][14.685s][info][gc             ] GC(661) Pause Young (Allocation Failure) 352M->295M(501M) 5.150ms
[2026-03-22T17:33:18.922+0900][14.686s][info][gc,cpu         ] GC(661) User=0.00s Sys=0.00s Real=0.01s
[2026-03-22T17:33:18.936+0900][14.700s][info][gc,start       ] GC(662) Pause Full (Ergonomics)
[2026-03-22T17:33:18.936+0900][14.700s][info][gc,phases,start] GC(662) Marking Phase
[2026-03-22T17:33:18.938+0900][14.701s][info][gc,phases      ] GC(662) Marking Phase 1.405ms
[2026-03-22T17:33:18.938+0900][14.701s][info][gc,phases,start] GC(662) Summary Phase
[2026-03-22T17:33:18.938+0900][14.702s][info][gc,phases      ] GC(662) Summary Phase 0.024ms
[2026-03-22T17:33:18.938+0900][14.702s][info][gc,phases,start] GC(662) Adjust Roots
[2026-03-22T17:33:18.938+0900][14.702s][info][gc,phases      ] GC(662) Adjust Roots 0.333ms
[2026-03-22T17:33:18.938+0900][14.702s][info][gc,phases,start] GC(662) Compaction Phase
[2026-03-22T17:33:18.944+0900][14.708s][info][gc,phases      ] GC(662) Compaction Phase 6.166ms
[2026-03-22T17:33:18.944+0900][14.708s][info][gc,phases,start] GC(662) Post Compact
[2026-03-22T17:33:18.946+0900][14.710s][info][gc,phases      ] GC(662) Post Compact 1.976ms
[2026-03-22T17:33:18.946+0900][14.710s][info][gc,heap        ] GC(662) PSYoungGen: 163057K(163840K)->0K(163840K) Eden: 152561K(153088K)->0K(153088K) From: 10496K(10752K)->0K(10752K)
[2026-03-22T17:33:18.946+0900][14.710s][info][gc,heap        ] GC(662) ParOldGen: 291999K(349696K)->103430K(349696K)
[2026-03-22T17:33:18.946+0900][14.710s][info][gc,metaspace   ] GC(662) Metaspace: 336K(512K)->336K(512K) NonClass: 318K(384K)->318K(384K) Class: 17K(128K)->17K(128K)
[2026-03-22T17:33:18.946+0900][14.710s][info][gc             ] GC(662) Pause Full (Ergonomics) 444M->101M(501M) 10.323ms
[2026-03-22T17:33:18.946+0900][14.710s][info][gc,cpu         ] GC(662) User=0.00s Sys=0.00s Real=0.01s
[2026-03-22T17:33:18.961+0900][14.725s][info][gc,start       ] GC(663) Pause Young (Allocation Failure)
[2026-03-22T17:33:18.967+0900][14.731s][info][gc,heap        ] GC(663) PSYoungGen: 152561K(163840K)->10496K(163840K) Eden: 152561K(153088K)->0K(153088K) From: 0K(10752K)->10496K(10752K)
[2026-03-22T17:33:18.967+0900][14.731s][info][gc,heap        ] GC(663) ParOldGen: 103430K(349696K)->197639K(349696K)
[2026-03-22T17:33:18.967+0900][14.731s][info][gc,metaspace   ] GC(663) Metaspace: 336K(512K)->336K(512K) NonClass: 318K(384K)->318K(384K) Class: 17K(128K)->17K(128K)
[2026-03-22T17:33:18.967+0900][14.731s][info][gc             ] GC(663) Pause Young (Allocation Failure) 249M->203M(501M) 5.691ms
[2026-03-22T17:33:18.967+0900][14.731s][info][gc,cpu         ] GC(663) User=0.05s Sys=0.00s Real=0.01s
[2026-03-22T17:33:18.982+0900][14.746s][info][gc,start       ] GC(664) Pause Young (Allocation Failure)
[2026-03-22T17:33:18.987+0900][14.751s][info][gc,heap        ] GC(664) PSYoungGen: 163057K(163840K)->10496K(163840K) Eden: 152561K(153088K)->0K(153088K) From: 10496K(10752K)->10496K(10752K)
[2026-03-22T17:33:18.987+0900][14.751s][info][gc,heap        ] GC(664) ParOldGen: 197639K(349696K)->291999K(349696K)
[2026-03-22T17:33:18.987+0900][14.751s][info][gc,metaspace   ] GC(664) Metaspace: 336K(512K)->336K(512K) NonClass: 318K(384K)->318K(384K) Class: 17K(128K)->17K(128K)
[2026-03-22T17:33:18.987+0900][14.751s][info][gc             ] GC(664) Pause Young (Allocation Failure) 352M->295M(501M) 5.303ms
[2026-03-22T17:33:18.987+0900][14.751s][info][gc,cpu         ] GC(664) User=0.00s Sys=0.00s Real=0.00s
[2026-03-22T17:33:19.002+0900][14.766s][info][gc,start       ] GC(665) Pause Full (Ergonomics)
[2026-03-22T17:33:19.002+0900][14.766s][info][gc,phases,start] GC(665) Marking Phase
[2026-03-22T17:33:19.004+0900][14.768s][info][gc,phases      ] GC(665) Marking Phase 1.495ms
[2026-03-22T17:33:19.004+0900][14.768s][info][gc,phases,start] GC(665) Summary Phase
[2026-03-22T17:33:19.004+0900][14.768s][info][gc,phases      ] GC(665) Summary Phase 0.025ms
[2026-03-22T17:33:19.004+0900][14.768s][info][gc,phases,start] GC(665) Adjust Roots
[2026-03-22T17:33:19.004+0900][14.768s][info][gc,phases      ] GC(665) Adjust Roots 0.267ms
[2026-03-22T17:33:19.004+0900][14.768s][info][gc,phases,start] GC(665) Compaction Phase
[2026-03-22T17:33:19.010+0900][14.774s][info][gc,phases      ] GC(665) Compaction Phase 6.084ms
[2026-03-22T17:33:19.010+0900][14.774s][info][gc,phases,start] GC(665) Post Compact
[2026-03-22T17:33:19.012+0900][14.776s][info][gc,phases      ] GC(665) Post Compact 1.974ms
[2026-03-22T17:33:19.012+0900][14.776s][info][gc,heap        ] GC(665) PSYoungGen: 163057K(163840K)->0K(163840K) Eden: 152561K(153088K)->0K(153088K) From: 10496K(10752K)->0K(10752K)
[2026-03-22T17:33:19.012+0900][14.776s][info][gc,heap        ] GC(665) ParOldGen: 291999K(349696K)->103430K(349696K)
[2026-03-22T17:33:19.012+0900][14.776s][info][gc,metaspace   ] GC(665) Metaspace: 336K(512K)->336K(512K) NonClass: 318K(384K)->318K(384K) Class: 17K(128K)->17K(128K)
[2026-03-22T17:33:19.012+0900][14.777s][info][gc             ] GC(665) Pause Full (Ergonomics) 444M->101M(501M) 10.298ms
[2026-03-22T17:33:19.012+0900][14.777s][info][gc,cpu         ] GC(665) User=0.06s Sys=0.00s Real=0.01s
[2026-03-22T17:33:19.027+0900][14.791s][info][gc,start       ] GC(666) Pause Young (Allocation Failure)
[2026-03-22T17:33:19.032+0900][14.796s][info][gc,heap        ] GC(666) PSYoungGen: 152561K(163840K)->10496K(163840K) Eden: 152561K(153088K)->0K(153088K) From: 0K(10752K)->10496K(10752K)
[2026-03-22T17:33:19.032+0900][14.796s][info][gc,heap        ] GC(666) ParOldGen: 103430K(349696K)->197639K(349696K)
[2026-03-22T17:33:19.032+0900][14.796s][info][gc,metaspace   ] GC(666) Metaspace: 336K(512K)->336K(512K) NonClass: 318K(384K)->318K(384K) Class: 17K(128K)->17K(128K)
[2026-03-22T17:33:19.032+0900][14.796s][info][gc             ] GC(666) Pause Young (Allocation Failure) 249M->203M(501M) 4.828ms
[2026-03-22T17:33:19.032+0900][14.796s][info][gc,cpu         ] GC(666) User=0.00s Sys=0.00s Real=0.01s
[2026-03-22T17:33:19.047+0900][14.811s][info][gc,start       ] GC(667) Pause Young (Allocation Failure)
[2026-03-22T17:33:19.052+0900][14.816s][info][gc,heap        ] GC(667) PSYoungGen: 163057K(163840K)->10496K(163840K) Eden: 152561K(153088K)->0K(153088K) From: 10496K(10752K)->10496K(10752K)
[2026-03-22T17:33:19.052+0900][14.816s][info][gc,heap        ] GC(667) ParOldGen: 197639K(349696K)->291999K(349696K)
[2026-03-22T17:33:19.052+0900][14.816s][info][gc,metaspace   ] GC(667) Metaspace: 336K(512K)->336K(512K) NonClass: 318K(384K)->318K(384K) Class: 17K(128K)->17K(128K)
[2026-03-22T17:33:19.052+0900][14.816s][info][gc             ] GC(667) Pause Young (Allocation Failure) 352M->295M(501M) 5.089ms
[2026-03-22T17:33:19.052+0900][14.816s][info][gc,cpu         ] GC(667) User=0.00s Sys=0.00s Real=0.01s
[2026-03-22T17:33:19.069+0900][14.833s][info][gc,start       ] GC(668) Pause Full (Ergonomics)
[2026-03-22T17:33:19.069+0900][14.833s][info][gc,phases,start] GC(668) Marking Phase
[2026-03-22T17:33:19.071+0900][14.835s][info][gc,phases      ] GC(668) Marking Phase 1.341ms
[2026-03-22T17:33:19.071+0900][14.835s][info][gc,phases,start] GC(668) Summary Phase
[2026-03-22T17:33:19.071+0900][14.835s][info][gc,phases      ] GC(668) Summary Phase 0.034ms
[2026-03-22T17:33:19.071+0900][14.835s][info][gc,phases,start] GC(668) Adjust Roots
[2026-03-22T17:33:19.071+0900][14.835s][info][gc,phases      ] GC(668) Adjust Roots 0.342ms
[2026-03-22T17:33:19.071+0900][14.835s][info][gc,phases,start] GC(668) Compaction Phase
[2026-03-22T17:33:19.077+0900][14.841s][info][gc,phases      ] GC(668) Compaction Phase 6.231ms
[2026-03-22T17:33:19.077+0900][14.841s][info][gc,phases,start] GC(668) Post Compact
[2026-03-22T17:33:19.079+0900][14.843s][info][gc,phases      ] GC(668) Post Compact 1.762ms
[2026-03-22T17:33:19.079+0900][14.843s][info][gc,heap        ] GC(668) PSYoungGen: 163057K(163840K)->0K(163840K) Eden: 152561K(153088K)->0K(153088K) From: 10496K(10752K)->0K(10752K)
[2026-03-22T17:33:19.079+0900][14.843s][info][gc,heap        ] GC(668) ParOldGen: 291999K(349696K)->103430K(349696K)
[2026-03-22T17:33:19.079+0900][14.843s][info][gc,metaspace   ] GC(668) Metaspace: 336K(512K)->336K(512K) NonClass: 318K(384K)->318K(384K) Class: 17K(128K)->17K(128K)
[2026-03-22T17:33:19.079+0900][14.843s][info][gc             ] GC(668) Pause Full (Ergonomics) 444M->101M(501M) 10.084ms
[2026-03-22T17:33:19.079+0900][14.843s][info][gc,cpu         ] GC(668) User=0.06s Sys=0.00s Real=0.01s
[2026-03-22T17:33:19.096+0900][14.859s][info][gc,start       ] GC(669) Pause Young (Allocation Failure)
[2026-03-22T17:33:19.100+0900][14.864s][info][gc,heap        ] GC(669) PSYoungGen: 152561K(163840K)->10496K(163840K) Eden: 152561K(153088K)->0K(153088K) From: 0K(10752K)->10496K(10752K)
[2026-03-22T17:33:19.101+0900][14.864s][info][gc,heap        ] GC(669) ParOldGen: 103430K(349696K)->197639K(349696K)
[2026-03-22T17:33:19.101+0900][14.864s][info][gc,metaspace   ] GC(669) Metaspace: 336K(512K)->336K(512K) NonClass: 318K(384K)->318K(384K) Class: 17K(128K)->17K(128K)
[2026-03-22T17:33:19.101+0900][14.864s][info][gc             ] GC(669) Pause Young (Allocation Failure) 249M->203M(501M) 4.929ms
[2026-03-22T17:33:19.101+0900][14.864s][info][gc,cpu         ] GC(669) User=0.00s Sys=0.00s Real=0.01s
[2026-03-22T17:33:19.116+0900][14.881s][info][gc,start       ] GC(670) Pause Young (Allocation Failure)
[2026-03-22T17:33:19.122+0900][14.886s][info][gc,heap        ] GC(670) PSYoungGen: 163057K(163840K)->10496K(163840K) Eden: 152561K(153088K)->0K(153088K) From: 10496K(10752K)->10496K(10752K)
[2026-03-22T17:33:19.122+0900][14.886s][info][gc,heap        ] GC(670) ParOldGen: 197639K(349696K)->291999K(349696K)
[2026-03-22T17:33:19.122+0900][14.886s][info][gc,metaspace   ] GC(670) Metaspace: 336K(512K)->336K(512K) NonClass: 318K(384K)->318K(384K) Class: 17K(128K)->17K(128K)
[2026-03-22T17:33:19.122+0900][14.886s][info][gc             ] GC(670) Pause Young (Allocation Failure) 352M->295M(501M) 5.254ms
[2026-03-22T17:33:19.122+0900][14.886s][info][gc,cpu         ] GC(670) User=0.05s Sys=0.00s Real=0.01s
[2026-03-22T17:33:19.138+0900][14.902s][info][gc,start       ] GC(671) Pause Full (Ergonomics)
[2026-03-22T17:33:19.138+0900][14.902s][info][gc,phases,start] GC(671) Marking Phase
[2026-03-22T17:33:19.139+0900][14.903s][info][gc,phases      ] GC(671) Marking Phase 1.523ms
[2026-03-22T17:33:19.139+0900][14.903s][info][gc,phases,start] GC(671) Summary Phase
[2026-03-22T17:33:19.140+0900][14.903s][info][gc,phases      ] GC(671) Summary Phase 0.028ms
[2026-03-22T17:33:19.140+0900][14.903s][info][gc,phases,start] GC(671) Adjust Roots
[2026-03-22T17:33:19.140+0900][14.904s][info][gc,phases      ] GC(671) Adjust Roots 0.331ms
[2026-03-22T17:33:19.140+0900][14.904s][info][gc,phases,start] GC(671) Compaction Phase
[2026-03-22T17:33:19.146+0900][14.910s][info][gc,phases      ] GC(671) Compaction Phase 6.198ms
[2026-03-22T17:33:19.146+0900][14.910s][info][gc,phases,start] GC(671) Post Compact
[2026-03-22T17:33:19.148+0900][14.912s][info][gc,phases      ] GC(671) Post Compact 2.066ms
[2026-03-22T17:33:19.148+0900][14.912s][info][gc,heap        ] GC(671) PSYoungGen: 163057K(163840K)->0K(163840K) Eden: 152561K(153088K)->0K(153088K) From: 10496K(10752K)->0K(10752K)
[2026-03-22T17:33:19.148+0900][14.912s][info][gc,heap        ] GC(671) ParOldGen: 291999K(349696K)->103430K(349696K)
[2026-03-22T17:33:19.148+0900][14.912s][info][gc,metaspace   ] GC(671) Metaspace: 336K(512K)->336K(512K) NonClass: 318K(384K)->318K(384K) Class: 17K(128K)->17K(128K)
[2026-03-22T17:33:19.148+0900][14.912s][info][gc             ] GC(671) Pause Full (Ergonomics) 444M->101M(501M) 10.592ms
[2026-03-22T17:33:19.148+0900][14.912s][info][gc,cpu         ] GC(671) User=0.00s Sys=0.00s Real=0.01s
[2026-03-22T17:33:19.163+0900][14.928s][info][gc,start       ] GC(672) Pause Young (Allocation Failure)
[2026-03-22T17:33:19.169+0900][14.933s][info][gc,heap        ] GC(672) PSYoungGen: 152561K(163840K)->10496K(163840K) Eden: 152561K(153088K)->0K(153088K) From: 0K(10752K)->10496K(10752K)
[2026-03-22T17:33:19.169+0900][14.933s][info][gc,heap        ] GC(672) ParOldGen: 103430K(349696K)->197639K(349696K)
[2026-03-22T17:33:19.169+0900][14.933s][info][gc,metaspace   ] GC(672) Metaspace: 336K(512K)->336K(512K) NonClass: 318K(384K)->318K(384K) Class: 17K(128K)->17K(128K)
[2026-03-22T17:33:19.169+0900][14.933s][info][gc             ] GC(672) Pause Young (Allocation Failure) 249M->203M(501M) 5.426ms
[2026-03-22T17:33:19.169+0900][14.933s][info][gc,cpu         ] GC(672) User=0.06s Sys=0.00s Real=0.01s
[2026-03-22T17:33:19.184+0900][14.948s][info][gc,start       ] GC(673) Pause Young (Allocation Failure)
[2026-03-22T17:33:19.189+0900][14.953s][info][gc,heap        ] GC(673) PSYoungGen: 163057K(163840K)->10496K(163840K) Eden: 152561K(153088K)->0K(153088K) From: 10496K(10752K)->10496K(10752K)
[2026-03-22T17:33:19.189+0900][14.953s][info][gc,heap        ] GC(673) ParOldGen: 197639K(349696K)->291999K(349696K)
[2026-03-22T17:33:19.189+0900][14.953s][info][gc,metaspace   ] GC(673) Metaspace: 336K(512K)->336K(512K) NonClass: 318K(384K)->318K(384K) Class: 17K(128K)->17K(128K)
[2026-03-22T17:33:19.189+0900][14.953s][info][gc             ] GC(673) Pause Young (Allocation Failure) 352M->295M(501M) 5.211ms
[2026-03-22T17:33:19.189+0900][14.953s][info][gc,cpu         ] GC(673) User=0.00s Sys=0.00s Real=0.00s
[2026-03-22T17:33:19.205+0900][14.968s][info][gc,start       ] GC(674) Pause Full (Ergonomics)
[2026-03-22T17:33:19.205+0900][14.968s][info][gc,phases,start] GC(674) Marking Phase
[2026-03-22T17:33:19.206+0900][14.970s][info][gc,phases      ] GC(674) Marking Phase 1.438ms
[2026-03-22T17:33:19.206+0900][14.970s][info][gc,phases,start] GC(674) Summary Phase
[2026-03-22T17:33:19.206+0900][14.970s][info][gc,phases      ] GC(674) Summary Phase 0.024ms
[2026-03-22T17:33:19.206+0900][14.970s][info][gc,phases,start] GC(674) Adjust Roots
[2026-03-22T17:33:19.207+0900][14.970s][info][gc,phases      ] GC(674) Adjust Roots 0.361ms
[2026-03-22T17:33:19.207+0900][14.970s][info][gc,phases,start] GC(674) Compaction Phase
[2026-03-22T17:33:19.213+0900][14.976s][info][gc,phases      ] GC(674) Compaction Phase 6.080ms
[2026-03-22T17:33:19.213+0900][14.976s][info][gc,phases,start] GC(674) Post Compact
[2026-03-22T17:33:19.214+0900][14.978s][info][gc,phases      ] GC(674) Post Compact 1.748ms
[2026-03-22T17:33:19.215+0900][14.978s][info][gc,heap        ] GC(674) PSYoungGen: 163057K(163840K)->0K(163840K) Eden: 152561K(153088K)->0K(153088K) From: 10496K(10752K)->0K(10752K)
[2026-03-22T17:33:19.215+0900][14.978s][info][gc,heap        ] GC(674) ParOldGen: 291999K(349696K)->103430K(349696K)
[2026-03-22T17:33:19.215+0900][14.978s][info][gc,metaspace   ] GC(674) Metaspace: 336K(512K)->336K(512K) NonClass: 318K(384K)->318K(384K) Class: 17K(128K)->17K(128K)
[2026-03-22T17:33:19.215+0900][14.978s][info][gc             ] GC(674) Pause Full (Ergonomics) 444M->101M(501M) 10.030ms
[2026-03-22T17:33:19.215+0900][14.978s][info][gc,cpu         ] GC(674) User=0.02s Sys=0.00s Real=0.01s
[2026-03-22T17:33:19.229+0900][14.993s][info][gc,start       ] GC(675) Pause Young (Allocation Failure)
[2026-03-22T17:33:19.235+0900][14.999s][info][gc,heap        ] GC(675) PSYoungGen: 152561K(163840K)->10496K(163840K) Eden: 152561K(153088K)->0K(153088K) From: 0K(10752K)->10496K(10752K)
[2026-03-22T17:33:19.235+0900][14.999s][info][gc,heap        ] GC(675) ParOldGen: 103430K(349696K)->197639K(349696K)
[2026-03-22T17:33:19.235+0900][14.999s][info][gc,metaspace   ] GC(675) Metaspace: 336K(512K)->336K(512K) NonClass: 318K(384K)->318K(384K) Class: 17K(128K)->17K(128K)
[2026-03-22T17:33:19.235+0900][14.999s][info][gc             ] GC(675) Pause Young (Allocation Failure) 249M->203M(501M) 5.569ms
[2026-03-22T17:33:19.235+0900][14.999s][info][gc,cpu         ] GC(675) User=0.00s Sys=0.00s Real=0.01s
[2026-03-22T17:33:19.254+0900][15.018s][info][gc,start       ] GC(676) Pause Young (Allocation Failure)
[2026-03-22T17:33:19.259+0900][15.023s][info][gc,heap        ] GC(676) PSYoungGen: 163057K(163840K)->10496K(163840K) Eden: 152561K(153088K)->0K(153088K) From: 10496K(10752K)->10496K(10752K)
[2026-03-22T17:33:19.259+0900][15.023s][info][gc,heap        ] GC(676) ParOldGen: 197639K(349696K)->291999K(349696K)
[2026-03-22T17:33:19.259+0900][15.023s][info][gc,metaspace   ] GC(676) Metaspace: 336K(512K)->336K(512K) NonClass: 318K(384K)->318K(384K) Class: 17K(128K)->17K(128K)
[2026-03-22T17:33:19.259+0900][15.023s][info][gc             ] GC(676) Pause Young (Allocation Failure) 352M->295M(501M) 4.931ms
[2026-03-22T17:33:19.259+0900][15.023s][info][gc,cpu         ] GC(676) User=0.00s Sys=0.00s Real=0.01s
[2026-03-22T17:33:19.275+0900][15.039s][info][gc,start       ] GC(677) Pause Full (Ergonomics)
[2026-03-22T17:33:19.275+0900][15.039s][info][gc,phases,start] GC(677) Marking Phase
[2026-03-22T17:33:19.276+0900][15.040s][info][gc,phases      ] GC(677) Marking Phase 1.301ms
[2026-03-22T17:33:19.276+0900][15.040s][info][gc,phases,start] GC(677) Summary Phase
[2026-03-22T17:33:19.276+0900][15.040s][info][gc,phases      ] GC(677) Summary Phase 0.020ms
[2026-03-22T17:33:19.276+0900][15.040s][info][gc,phases,start] GC(677) Adjust Roots
[2026-03-22T17:33:19.276+0900][15.040s][info][gc,phases      ] GC(677) Adjust Roots 0.178ms
[2026-03-22T17:33:19.276+0900][15.040s][info][gc,phases,start] GC(677) Compaction Phase
[2026-03-22T17:33:19.282+0900][15.046s][info][gc,phases      ] GC(677) Compaction Phase 5.890ms
[2026-03-22T17:33:19.282+0900][15.046s][info][gc,phases,start] GC(677) Post Compact
[2026-03-22T17:33:19.283+0900][15.048s][info][gc,phases      ] GC(677) Post Compact 1.550ms
[2026-03-22T17:33:19.283+0900][15.048s][info][gc,heap        ] GC(677) PSYoungGen: 163057K(163840K)->0K(163840K) Eden: 152561K(153088K)->0K(153088K) From: 10496K(10752K)->0K(10752K)
[2026-03-22T17:33:19.283+0900][15.048s][info][gc,heap        ] GC(677) ParOldGen: 291999K(349696K)->103430K(349696K)
[2026-03-22T17:33:19.283+0900][15.048s][info][gc,metaspace   ] GC(677) Metaspace: 336K(512K)->336K(512K) NonClass: 318K(384K)->318K(384K) Class: 17K(128K)->17K(128K)
[2026-03-22T17:33:19.284+0900][15.048s][info][gc             ] GC(677) Pause Full (Ergonomics) 444M->101M(501M) 9.228ms
[2026-03-22T17:33:19.284+0900][15.048s][info][gc,cpu         ] GC(677) User=0.05s Sys=0.00s Real=0.01s
[2026-03-22T17:33:19.299+0900][15.063s][info][gc,start       ] GC(678) Pause Young (Allocation Failure)
[2026-03-22T17:33:19.305+0900][15.069s][info][gc,heap        ] GC(678) PSYoungGen: 152561K(163840K)->10496K(163840K) Eden: 152561K(153088K)->0K(153088K) From: 0K(10752K)->10496K(10752K)
[2026-03-22T17:33:19.305+0900][15.069s][info][gc,heap        ] GC(678) ParOldGen: 103430K(349696K)->197639K(349696K)
[2026-03-22T17:33:19.305+0900][15.069s][info][gc,metaspace   ] GC(678) Metaspace: 336K(512K)->336K(512K) NonClass: 318K(384K)->318K(384K) Class: 17K(128K)->17K(128K)
[2026-03-22T17:33:19.305+0900][15.069s][info][gc             ] GC(678) Pause Young (Allocation Failure) 249M->203M(501M) 5.380ms
[2026-03-22T17:33:19.305+0900][15.069s][info][gc,cpu         ] GC(678) User=0.00s Sys=0.00s Real=0.01s
[2026-03-22T17:33:19.321+0900][15.085s][info][gc,start       ] GC(679) Pause Young (Allocation Failure)
[2026-03-22T17:33:19.326+0900][15.090s][info][gc,heap        ] GC(679) PSYoungGen: 163057K(163840K)->10496K(163840K) Eden: 152561K(153088K)->0K(153088K) From: 10496K(10752K)->10496K(10752K)
[2026-03-22T17:33:19.326+0900][15.090s][info][gc,heap        ] GC(679) ParOldGen: 197639K(349696K)->291999K(349696K)
[2026-03-22T17:33:19.326+0900][15.090s][info][gc,metaspace   ] GC(679) Metaspace: 336K(512K)->336K(512K) NonClass: 318K(384K)->318K(384K) Class: 17K(128K)->17K(128K)
[2026-03-22T17:33:19.326+0900][15.090s][info][gc             ] GC(679) Pause Young (Allocation Failure) 352M->295M(501M) 5.200ms
[2026-03-22T17:33:19.326+0900][15.090s][info][gc,cpu         ] GC(679) User=0.06s Sys=0.00s Real=0.00s
[2026-03-22T17:33:19.343+0900][15.107s][info][gc,start       ] GC(680) Pause Full (Ergonomics)
[2026-03-22T17:33:19.343+0900][15.107s][info][gc,phases,start] GC(680) Marking Phase
[2026-03-22T17:33:19.345+0900][15.109s][info][gc,phases      ] GC(680) Marking Phase 1.459ms
[2026-03-22T17:33:19.345+0900][15.109s][info][gc,phases,start] GC(680) Summary Phase
[2026-03-22T17:33:19.345+0900][15.109s][info][gc,phases      ] GC(680) Summary Phase 0.020ms
[2026-03-22T17:33:19.345+0900][15.109s][info][gc,phases,start] GC(680) Adjust Roots
[2026-03-22T17:33:19.345+0900][15.109s][info][gc,phases      ] GC(680) Adjust Roots 0.206ms
[2026-03-22T17:33:19.345+0900][15.109s][info][gc,phases,start] GC(680) Compaction Phase
[2026-03-22T17:33:19.351+0900][15.115s][info][gc,phases      ] GC(680) Compaction Phase 6.015ms
[2026-03-22T17:33:19.351+0900][15.115s][info][gc,phases,start] GC(680) Post Compact
[2026-03-22T17:33:19.353+0900][15.117s][info][gc,phases      ] GC(680) Post Compact 1.589ms
[2026-03-22T17:33:19.353+0900][15.117s][info][gc,heap        ] GC(680) PSYoungGen: 163057K(163840K)->0K(163840K) Eden: 152561K(153088K)->0K(153088K) From: 10496K(10752K)->0K(10752K)
[2026-03-22T17:33:19.353+0900][15.117s][info][gc,heap        ] GC(680) ParOldGen: 291999K(349696K)->103430K(349696K)
[2026-03-22T17:33:19.353+0900][15.117s][info][gc,metaspace   ] GC(680) Metaspace: 336K(512K)->336K(512K) NonClass: 318K(384K)->318K(384K) Class: 17K(128K)->17K(128K)
[2026-03-22T17:33:19.353+0900][15.117s][info][gc             ] GC(680) Pause Full (Ergonomics) 444M->101M(501M) 9.637ms
[2026-03-22T17:33:19.353+0900][15.117s][info][gc,cpu         ] GC(680) User=0.00s Sys=0.00s Real=0.01s
[2026-03-22T17:33:19.355+0900][15.119s][info][gc,heap,exit   ] Heap
[2026-03-22T17:33:19.355+0900][15.119s][info][gc,heap,exit   ]  PSYoungGen      total 163840K, used 8166K [0x00000000f5580000, 0x0000000100000000, 0x0000000100000000)
[2026-03-22T17:33:19.355+0900][15.119s][info][gc,heap,exit   ]   eden space 153088K, 5% used [0x00000000f5580000,0x00000000f5d79ad0,0x00000000feb00000)
[2026-03-22T17:33:19.355+0900][15.119s][info][gc,heap,exit   ]   from space 10752K, 0% used [0x00000000feb00000,0x00000000feb00000,0x00000000ff580000)
[2026-03-22T17:33:19.355+0900][15.119s][info][gc,heap,exit   ]   to   space 10752K, 0% used [0x00000000ff580000,0x00000000ff580000,0x0000000100000000)
[2026-03-22T17:33:19.355+0900][15.119s][info][gc,heap,exit   ]  ParOldGen       total 349696K, used 103430K [0x00000000e0000000, 0x00000000f5580000, 0x00000000f5580000)
[2026-03-22T17:33:19.355+0900][15.119s][info][gc,heap,exit   ]   object space 349696K, 29% used [0x00000000e0000000,0x00000000e6501968,0x00000000f5580000)
[2026-03-22T17:33:19.355+0900][15.119s][info][gc,heap,exit   ]  Metaspace       used 337K, committed 512K, reserved 1114112K
[2026-03-22T17:33:19.355+0900][15.119s][info][gc,heap,exit   ]   class space    used 17K, committed 128K, reserved 1048576K
