[2026-03-22T17:32:34.943+0900][0.009s][info][gc] Using Parallel
[2026-03-22T17:32:34.944+0900][0.010s][info][gc,init] Version: 17.0.17+10 (release)
[2026-03-22T17:32:34.944+0900][0.010s][info][gc,init] CPUs: 18 total, 18 available
[2026-03-22T17:32:34.944+0900][0.010s][info][gc,init] Memory: 15964M
[2026-03-22T17:32:34.944+0900][0.010s][info][gc,init] Large Page Support: Disabled
[2026-03-22T17:32:34.944+0900][0.010s][info][gc,init] NUMA Support: Disabled
[2026-03-22T17:32:34.944+0900][0.010s][info][gc,init] Compressed Oops: Enabled (32-bit)
[2026-03-22T17:32:34.944+0900][0.010s][info][gc,init] Alignments: Space 512K, Generation 512K, Heap 2M
[2026-03-22T17:32:34.944+0900][0.010s][info][gc,init] Heap Min Capacity: 256M
[2026-03-22T17:32:34.944+0900][0.010s][info][gc,init] Heap Initial Capacity: 256M
[2026-03-22T17:32:34.944+0900][0.010s][info][gc,init] Heap Max Capacity: 512M
[2026-03-22T17:32:34.944+0900][0.010s][info][gc,init] Pre-touch: Disabled
[2026-03-22T17:32:34.944+0900][0.010s][info][gc,init] Parallel Workers: 4
[2026-03-22T17:32:34.951+0900][0.017s][info][gc,metaspace] CDS archive(s) mapped at: [0x0000021c39000000-0x0000021c39bb0000-0x0000021c39bb0000), size 12255232, SharedBaseAddress: 0x0000021c39000000, ArchiveRelocationMode: 1.
[2026-03-22T17:32:34.951+0900][0.017s][info][gc,metaspace] Compressed class space mapped at: 0x0000021c3a000000-0x0000021c7a000000, reserved size: 1073741824
[2026-03-22T17:32:34.952+0900][0.017s][info][gc,metaspace] Narrow klass base: 0x0000021c39000000, Narrow klass shift: 0, Narrow klass range: 0x100000000
[2026-03-22T17:32:35.003+0900][0.069s][info][gc,start    ] GC(0) Pause Young (Allocation Failure)
[2026-03-22T17:32:35.011+0900][0.077s][info][gc,heap     ] GC(0) PSYoungGen: 64635K(76288K)->9065K(76288K) Eden: 64635K(65536K)->0K(65536K) From: 0K(10752K)->9065K(10752K)
[2026-03-22T17:32:35.011+0900][0.077s][info][gc,heap     ] GC(0) ParOldGen: 0K(175104K)->51208K(175104K)
[2026-03-22T17:32:35.011+0900][0.077s][info][gc,metaspace] GC(0) Metaspace: 284K(448K)->284K(448K) NonClass: 269K(320K)->269K(320K) Class: 15K(128K)->15K(128K)
[2026-03-22T17:32:35.011+0900][0.077s][info][gc          ] GC(0) Pause Young (Allocation Failure) 63M->58M(245M) 8.240ms
[2026-03-22T17:32:35.011+0900][0.077s][info][gc,cpu      ] GC(0) User=0.03s Sys=0.03s Real=0.01s
[2026-03-22T17:32:35.027+0900][0.093s][info][gc,start    ] GC(1) Pause Young (Allocation Failure)
[2026-03-22T17:32:35.036+0900][0.102s][info][gc,heap     ] GC(1) PSYoungGen: 74467K(76288K)->9033K(141824K) Eden: 65401K(65536K)->0K(131072K) From: 9065K(10752K)->9033K(10752K)
[2026-03-22T17:32:35.036+0900][0.102s][info][gc,heap     ] GC(1) ParOldGen: 51208K(175104K)->112656K(175104K)
[2026-03-22T17:32:35.036+0900][0.102s][info][gc,metaspace] GC(1) Metaspace: 329K(512K)->329K(512K) NonClass: 311K(384K)->311K(384K) Class: 17K(128K)->17K(128K)
[2026-03-22T17:32:35.036+0900][0.102s][info][gc          ] GC(1) Pause Young (Allocation Failure) 122M->118M(309M) 8.268ms
[2026-03-22T17:32:35.036+0900][0.102s][info][gc,cpu      ] GC(1) User=0.00s Sys=0.00s Real=0.01s
[2026-03-22T17:32:35.067+0900][0.133s][info][gc,start    ] GC(2) Pause Full (Ergonomics)
[2026-03-22T17:32:35.068+0900][0.133s][info][gc,phases,start] GC(2) Marking Phase
[2026-03-22T17:32:35.068+0900][0.134s][info][gc,phases      ] GC(2) Marking Phase 0.878ms
[2026-03-22T17:32:35.068+0900][0.134s][info][gc,phases,start] GC(2) Summary Phase
[2026-03-22T17:32:35.068+0900][0.134s][info][gc,phases      ] GC(2) Summary Phase 0.018ms
[2026-03-22T17:32:35.068+0900][0.134s][info][gc,phases,start] GC(2) Adjust Roots
[2026-03-22T17:32:35.068+0900][0.134s][info][gc,phases      ] GC(2) Adjust Roots 0.262ms
[2026-03-22T17:32:35.068+0900][0.134s][info][gc,phases,start] GC(2) Compaction Phase
[2026-03-22T17:32:35.076+0900][0.141s][info][gc,phases      ] GC(2) Compaction Phase 6.803ms
[2026-03-22T17:32:35.076+0900][0.141s][info][gc,phases,start] GC(2) Post Compact
[2026-03-22T17:32:35.079+0900][0.144s][info][gc,phases      ] GC(2) Post Compact 2.834ms
[2026-03-22T17:32:35.079+0900][0.144s][info][gc,heap        ] GC(2) PSYoungGen: 139535K(141824K)->0K(141824K) Eden: 130501K(131072K)->0K(131072K) From: 9033K(10752K)->0K(10752K)
[2026-03-22T17:32:35.079+0900][0.144s][info][gc,heap        ] GC(2) ParOldGen: 112656K(175104K)->103705K(251392K)
[2026-03-22T17:32:35.079+0900][0.144s][info][gc,metaspace   ] GC(2) Metaspace: 329K(512K)->329K(512K) NonClass: 311K(384K)->311K(384K) Class: 17K(128K)->17K(128K)
[2026-03-22T17:32:35.079+0900][0.144s][info][gc             ] GC(2) Pause Full (Ergonomics) 246M->101M(384M) 11.380ms
[2026-03-22T17:32:35.079+0900][0.144s][info][gc,cpu         ] GC(2) User=0.02s Sys=0.03s Real=0.01s
[2026-03-22T17:32:35.100+0900][0.166s][info][gc,start       ] GC(3) Pause Young (Allocation Failure)
[2026-03-22T17:32:35.125+0900][0.191s][info][gc,heap        ] GC(3) PSYoungGen: 131072K(141824K)->10464K(163840K) Eden: 131072K(131072K)->0K(153088K) From: 0K(10752K)->10464K(10752K)
[2026-03-22T17:32:35.125+0900][0.191s][info][gc,heap        ] GC(3) ParOldGen: 103705K(251392K)->197914K(251392K)
[2026-03-22T17:32:35.125+0900][0.191s][info][gc,metaspace   ] GC(3) Metaspace: 331K(512K)->331K(512K) NonClass: 313K(384K)->313K(384K) Class: 17K(128K)->17K(128K)
[2026-03-22T17:32:35.125+0900][0.191s][info][gc             ] GC(3) Pause Young (Allocation Failure) 229M->203M(405M) 25.225ms
[2026-03-22T17:32:35.125+0900][0.191s][info][gc,cpu         ] GC(3) User=0.06s Sys=0.06s Real=0.03s
[2026-03-22T17:32:35.143+0900][0.209s][info][gc,start       ] GC(4) Pause Full (Ergonomics)
[2026-03-22T17:32:35.143+0900][0.209s][info][gc,phases,start] GC(4) Marking Phase
[2026-03-22T17:32:35.145+0900][0.211s][info][gc,phases      ] GC(4) Marking Phase 1.143ms
[2026-03-22T17:32:35.145+0900][0.211s][info][gc,phases,start] GC(4) Summary Phase
[2026-03-22T17:32:35.145+0900][0.211s][info][gc,phases      ] GC(4) Summary Phase 0.015ms
[2026-03-22T17:32:35.145+0900][0.211s][info][gc,phases,start] GC(4) Adjust Roots
[2026-03-22T17:32:35.145+0900][0.211s][info][gc,phases      ] GC(4) Adjust Roots 0.354ms
[2026-03-22T17:32:35.145+0900][0.211s][info][gc,phases,start] GC(4) Compaction Phase
[2026-03-22T17:32:35.151+0900][0.217s][info][gc,phases      ] GC(4) Compaction Phase 5.735ms
[2026-03-22T17:32:35.151+0900][0.217s][info][gc,phases,start] GC(4) Post Compact
[2026-03-22T17:32:35.153+0900][0.219s][info][gc,phases      ] GC(4) Post Compact 1.853ms
[2026-03-22T17:32:35.153+0900][0.219s][info][gc,heap        ] GC(4) PSYoungGen: 162967K(163840K)->0K(163840K) Eden: 152503K(153088K)->0K(153088K) From: 10464K(10752K)->0K(10752K)
[2026-03-22T17:32:35.153+0900][0.219s][info][gc,heap        ] GC(4) ParOldGen: 197914K(251392K)->103194K(311296K)
[2026-03-22T17:32:35.153+0900][0.219s][info][gc,metaspace   ] GC(4) Metaspace: 331K(512K)->331K(512K) NonClass: 314K(384K)->314K(384K) Class: 17K(128K)->17K(128K)
[2026-03-22T17:32:35.153+0900][0.219s][info][gc             ] GC(4) Pause Full (Ergonomics) 352M->100M(464M) 9.485ms
[2026-03-22T17:32:35.153+0900][0.219s][info][gc,cpu         ] GC(4) User=0.02s Sys=0.05s Real=0.01s
[2026-03-22T17:32:35.168+0900][0.234s][info][gc,start       ] GC(5) Pause Young (Allocation Failure)
[2026-03-22T17:32:35.173+0900][0.239s][info][gc,heap        ] GC(5) PSYoungGen: 152518K(163840K)->10496K(163840K) Eden: 152518K(153088K)->0K(153088K) From: 0K(10752K)->10496K(10752K)
[2026-03-22T17:32:35.173+0900][0.239s][info][gc,heap        ] GC(5) ParOldGen: 103194K(311296K)->197403K(311296K)
[2026-03-22T17:32:35.173+0900][0.239s][info][gc,metaspace   ] GC(5) Metaspace: 332K(512K)->332K(512K) NonClass: 314K(384K)->314K(384K) Class: 17K(128K)->17K(128K)
[2026-03-22T17:32:35.173+0900][0.239s][info][gc             ] GC(5) Pause Young (Allocation Failure) 249M->203M(464M) 4.546ms
[2026-03-22T17:32:35.173+0900][0.239s][info][gc,cpu         ] GC(5) User=0.00s Sys=0.00s Real=0.01s
[2026-03-22T17:32:35.189+0900][0.255s][info][gc,start       ] GC(6) Pause Young (Allocation Failure)
[2026-03-22T17:32:35.220+0900][0.285s][info][gc,heap        ] GC(6) PSYoungGen: 163030K(163840K)->10656K(163840K) Eden: 152534K(153088K)->0K(153088K) From: 10496K(10752K)->10656K(10752K)
[2026-03-22T17:32:35.220+0900][0.285s][info][gc,heap        ] GC(6) ParOldGen: 197403K(311296K)->291611K(311296K)
[2026-03-22T17:32:35.220+0900][0.285s][info][gc,metaspace   ] GC(6) Metaspace: 332K(512K)->332K(512K) NonClass: 314K(384K)->314K(384K) Class: 17K(128K)->17K(128K)
[2026-03-22T17:32:35.220+0900][0.285s][info][gc             ] GC(6) Pause Young (Allocation Failure) 351M->295M(464M) 30.835ms
[2026-03-22T17:32:35.220+0900][0.285s][info][gc,cpu         ] GC(6) User=0.02s Sys=0.11s Real=0.03s
[2026-03-22T17:32:35.235+0900][0.301s][info][gc,start       ] GC(7) Pause Full (Ergonomics)
[2026-03-22T17:32:35.235+0900][0.301s][info][gc,phases,start] GC(7) Marking Phase
[2026-03-22T17:32:35.237+0900][0.302s][info][gc,phases      ] GC(7) Marking Phase 1.258ms
[2026-03-22T17:32:35.237+0900][0.302s][info][gc,phases,start] GC(7) Summary Phase
[2026-03-22T17:32:35.237+0900][0.302s][info][gc,phases      ] GC(7) Summary Phase 0.030ms
[2026-03-22T17:32:35.237+0900][0.302s][info][gc,phases,start] GC(7) Adjust Roots
[2026-03-22T17:32:35.237+0900][0.303s][info][gc,phases      ] GC(7) Adjust Roots 0.420ms
[2026-03-22T17:32:35.237+0900][0.303s][info][gc,phases,start] GC(7) Compaction Phase
[2026-03-22T17:32:35.244+0900][0.309s][info][gc,phases      ] GC(7) Compaction Phase 6.550ms
[2026-03-22T17:32:35.244+0900][0.309s][info][gc,phases,start] GC(7) Post Compact
[2026-03-22T17:32:35.246+0900][0.312s][info][gc,phases      ] GC(7) Post Compact 2.295ms
[2026-03-22T17:32:35.246+0900][0.312s][info][gc,heap        ] GC(7) PSYoungGen: 163200K(163840K)->0K(161792K) Eden: 152543K(153088K)->0K(151040K) From: 10656K(10752K)->0K(10752K)
[2026-03-22T17:32:35.246+0900][0.312s][info][gc,heap        ] GC(7) ParOldGen: 291611K(311296K)->103194K(346624K)
[2026-03-22T17:32:35.246+0900][0.312s][info][gc,metaspace   ] GC(7) Metaspace: 332K(512K)->332K(512K) NonClass: 314K(384K)->314K(384K) Class: 17K(128K)->17K(128K)
[2026-03-22T17:32:35.246+0900][0.312s][info][gc             ] GC(7) Pause Full (Ergonomics) 444M->100M(496M) 11.114ms
[2026-03-22T17:32:35.246+0900][0.312s][info][gc,cpu         ] GC(7) User=0.02s Sys=0.00s Real=0.01s
[2026-03-22T17:32:35.260+0900][0.327s][info][gc,start       ] GC(8) Pause Young (Allocation Failure)
[2026-03-22T17:32:35.265+0900][0.331s][info][gc,heap        ] GC(8) PSYoungGen: 150461K(161792K)->10496K(162816K) Eden: 150461K(151040K)->0K(151040K) From: 0K(10752K)->10496K(11776K)
[2026-03-22T17:32:35.265+0900][0.331s][info][gc,heap        ] GC(8) ParOldGen: 103194K(346624K)->197403K(346624K)
[2026-03-22T17:32:35.265+0900][0.331s][info][gc,metaspace   ] GC(8) Metaspace: 332K(512K)->332K(512K) NonClass: 314K(384K)->314K(384K) Class: 17K(128K)->17K(128K)
[2026-03-22T17:32:35.265+0900][0.331s][info][gc             ] GC(8) Pause Young (Allocation Failure) 247M->203M(497M) 4.446ms
[2026-03-22T17:32:35.265+0900][0.331s][info][gc,cpu         ] GC(8) User=0.00s Sys=0.00s Real=0.01s
[2026-03-22T17:32:35.280+0900][0.346s][info][gc,start       ] GC(9) Pause Young (Allocation Failure)
[2026-03-22T17:32:35.284+0900][0.350s][info][gc,heap        ] GC(9) PSYoungGen: 160961K(162816K)->10624K(162816K) Eden: 150465K(151040K)->0K(151040K) From: 10496K(11776K)->10624K(11776K)
[2026-03-22T17:32:35.284+0900][0.350s][info][gc,heap        ] GC(9) ParOldGen: 197403K(346624K)->291611K(346624K)
[2026-03-22T17:32:35.284+0900][0.350s][info][gc,metaspace   ] GC(9) Metaspace: 332K(512K)->332K(512K) NonClass: 314K(384K)->314K(384K) Class: 17K(128K)->17K(128K)
[2026-03-22T17:32:35.284+0900][0.350s][info][gc             ] GC(9) Pause Young (Allocation Failure) 349M->295M(497M) 4.587ms
[2026-03-22T17:32:35.284+0900][0.350s][info][gc,cpu         ] GC(9) User=0.00s Sys=0.00s Real=0.00s
[2026-03-22T17:32:35.300+0900][0.366s][info][gc,start       ] GC(10) Pause Full (Ergonomics)
[2026-03-22T17:32:35.300+0900][0.366s][info][gc,phases,start] GC(10) Marking Phase
[2026-03-22T17:32:35.302+0900][0.367s][info][gc,phases      ] GC(10) Marking Phase 1.234ms
[2026-03-22T17:32:35.302+0900][0.367s][info][gc,phases,start] GC(10) Summary Phase
[2026-03-22T17:32:35.302+0900][0.367s][info][gc,phases      ] GC(10) Summary Phase 0.032ms
[2026-03-22T17:32:35.302+0900][0.367s][info][gc,phases,start] GC(10) Adjust Roots
[2026-03-22T17:32:35.302+0900][0.368s][info][gc,phases      ] GC(10) Adjust Roots 0.201ms
[2026-03-22T17:32:35.302+0900][0.368s][info][gc,phases,start] GC(10) Compaction Phase
[2026-03-22T17:32:35.308+0900][0.373s][info][gc,phases      ] GC(10) Compaction Phase 5.544ms
[2026-03-22T17:32:35.308+0900][0.373s][info][gc,phases,start] GC(10) Post Compact
[2026-03-22T17:32:35.309+0900][0.374s][info][gc,phases      ] GC(10) Post Compact 1.286ms
[2026-03-22T17:32:35.309+0900][0.374s][info][gc,heap        ] GC(10) PSYoungGen: 160051K(162816K)->0K(162816K) Eden: 149427K(151040K)->0K(151040K) From: 10624K(11776K)->0K(11776K)
[2026-03-22T17:32:35.309+0900][0.375s][info][gc,heap        ] GC(10) ParOldGen: 291611K(346624K)->103430K(349696K)
[2026-03-22T17:32:35.309+0900][0.375s][info][gc,metaspace   ] GC(10) Metaspace: 338K(512K)->338K(512K) NonClass: 320K(384K)->320K(384K) Class: 17K(128K)->17K(128K)
[2026-03-22T17:32:35.309+0900][0.375s][info][gc             ] GC(10) Pause Full (Ergonomics) 441M->101M(500M) 8.645ms
[2026-03-22T17:32:35.309+0900][0.375s][info][gc,cpu         ] GC(10) User=0.05s Sys=0.02s Real=0.01s
[2026-03-22T17:32:35.323+0900][0.389s][info][gc,start       ] GC(11) Pause Young (Allocation Failure)
[2026-03-22T17:32:35.328+0900][0.393s][info][gc,heap        ] GC(11) PSYoungGen: 150463K(162816K)->10496K(162816K) Eden: 150463K(151040K)->0K(151040K) From: 0K(11776K)->10496K(11776K)
[2026-03-22T17:32:35.328+0900][0.393s][info][gc,heap        ] GC(11) ParOldGen: 103430K(349696K)->197638K(349696K)
[2026-03-22T17:32:35.328+0900][0.393s][info][gc,metaspace   ] GC(11) Metaspace: 338K(512K)->338K(512K) NonClass: 320K(384K)->320K(384K) Class: 17K(128K)->17K(128K)
[2026-03-22T17:32:35.328+0900][0.393s][info][gc             ] GC(11) Pause Young (Allocation Failure) 247M->203M(500M) 4.727ms
[2026-03-22T17:32:35.328+0900][0.393s][info][gc,cpu         ] GC(11) User=0.00s Sys=0.00s Real=0.01s
[2026-03-22T17:32:35.342+0900][0.408s][info][gc,start       ] GC(12) Pause Young (Allocation Failure)
[2026-03-22T17:32:35.347+0900][0.412s][info][gc,heap        ] GC(12) PSYoungGen: 160962K(162816K)->10624K(162816K) Eden: 150466K(151040K)->0K(151040K) From: 10496K(11776K)->10624K(11776K)
[2026-03-22T17:32:35.347+0900][0.412s][info][gc,heap        ] GC(12) ParOldGen: 197638K(349696K)->291847K(349696K)
[2026-03-22T17:32:35.347+0900][0.412s][info][gc,metaspace   ] GC(12) Metaspace: 338K(512K)->338K(512K) NonClass: 320K(384K)->320K(384K) Class: 17K(128K)->17K(128K)
[2026-03-22T17:32:35.347+0900][0.412s][info][gc             ] GC(12) Pause Young (Allocation Failure) 350M->295M(500M) 4.799ms
[2026-03-22T17:32:35.347+0900][0.412s][info][gc,cpu         ] GC(12) User=0.00s Sys=0.00s Real=0.00s
[2026-03-22T17:32:35.361+0900][0.427s][info][gc,start       ] GC(13) Pause Full (Ergonomics)
[2026-03-22T17:32:35.361+0900][0.427s][info][gc,phases,start] GC(13) Marking Phase
[2026-03-22T17:32:35.362+0900][0.428s][info][gc,phases      ] GC(13) Marking Phase 1.118ms
[2026-03-22T17:32:35.362+0900][0.428s][info][gc,phases,start] GC(13) Summary Phase
[2026-03-22T17:32:35.362+0900][0.428s][info][gc,phases      ] GC(13) Summary Phase 0.014ms
[2026-03-22T17:32:35.362+0900][0.428s][info][gc,phases,start] GC(13) Adjust Roots
[2026-03-22T17:32:35.362+0900][0.428s][info][gc,phases      ] GC(13) Adjust Roots 0.146ms
[2026-03-22T17:32:35.362+0900][0.428s][info][gc,phases,start] GC(13) Compaction Phase
[2026-03-22T17:32:35.368+0900][0.434s][info][gc,phases      ] GC(13) Compaction Phase 5.653ms
[2026-03-22T17:32:35.368+0900][0.434s][info][gc,phases,start] GC(13) Post Compact
[2026-03-22T17:32:35.369+0900][0.435s][info][gc,phases      ] GC(13) Post Compact 1.273ms
[2026-03-22T17:32:35.369+0900][0.435s][info][gc,heap        ] GC(13) PSYoungGen: 161093K(162816K)->0K(162816K) Eden: 150469K(151040K)->0K(151040K) From: 10624K(11776K)->0K(11776K)
[2026-03-22T17:32:35.369+0900][0.435s][info][gc,heap        ] GC(13) ParOldGen: 291847K(349696K)->103430K(349696K)
[2026-03-22T17:32:35.370+0900][0.435s][info][gc,metaspace   ] GC(13) Metaspace: 338K(512K)->338K(512K) NonClass: 320K(384K)->320K(384K) Class: 17K(128K)->17K(128K)
[2026-03-22T17:32:35.370+0900][0.435s][info][gc             ] GC(13) Pause Full (Ergonomics) 442M->101M(500M) 8.518ms
[2026-03-22T17:32:35.370+0900][0.435s][info][gc,cpu         ] GC(13) User=0.02s Sys=0.00s Real=0.01s
[2026-03-22T17:32:35.383+0900][0.449s][info][gc,start       ] GC(14) Pause Young (Allocation Failure)
[2026-03-22T17:32:35.388+0900][0.454s][info][gc,heap        ] GC(14) PSYoungGen: 150470K(162816K)->10496K(162816K) Eden: 150470K(151040K)->0K(151040K) From: 0K(11776K)->10496K(11776K)
[2026-03-22T17:32:35.388+0900][0.454s][info][gc,heap        ] GC(14) ParOldGen: 103430K(349696K)->197638K(349696K)
[2026-03-22T17:32:35.388+0900][0.454s][info][gc,metaspace   ] GC(14) Metaspace: 338K(512K)->338K(512K) NonClass: 320K(384K)->320K(384K) Class: 17K(128K)->17K(128K)
[2026-03-22T17:32:35.388+0900][0.454s][info][gc             ] GC(14) Pause Young (Allocation Failure) 247M->203M(500M) 4.934ms
[2026-03-22T17:32:35.388+0900][0.454s][info][gc,cpu         ] GC(14) User=0.05s Sys=0.02s Real=0.01s
[2026-03-22T17:32:35.403+0900][0.469s][info][gc,start       ] GC(15) Pause Young (Allocation Failure)
[2026-03-22T17:32:35.408+0900][0.474s][info][gc,heap        ] GC(15) PSYoungGen: 160967K(162816K)->10496K(162816K) Eden: 150471K(151040K)->0K(151040K) From: 10496K(11776K)->10496K(11776K)
[2026-03-22T17:32:35.408+0900][0.474s][info][gc,heap        ] GC(15) ParOldGen: 197638K(349696K)->291991K(349696K)
[2026-03-22T17:32:35.408+0900][0.474s][info][gc,metaspace   ] GC(15) Metaspace: 338K(512K)->338K(512K) NonClass: 320K(384K)->320K(384K) Class: 17K(128K)->17K(128K)
[2026-03-22T17:32:35.408+0900][0.474s][info][gc             ] GC(15) Pause Young (Allocation Failure) 350M->295M(500M) 5.255ms
[2026-03-22T17:32:35.408+0900][0.474s][info][gc,cpu         ] GC(15) User=0.00s Sys=0.00s Real=0.00s
[2026-03-22T17:32:35.423+0900][0.489s][info][gc,start       ] GC(16) Pause Full (Ergonomics)
[2026-03-22T17:32:35.423+0900][0.489s][info][gc,phases,start] GC(16) Marking Phase
[2026-03-22T17:32:35.424+0900][0.490s][info][gc,phases      ] GC(16) Marking Phase 0.915ms
[2026-03-22T17:32:35.424+0900][0.490s][info][gc,phases,start] GC(16) Summary Phase
[2026-03-22T17:32:35.424+0900][0.490s][info][gc,phases      ] GC(16) Summary Phase 0.014ms
[2026-03-22T17:32:35.424+0900][0.490s][info][gc,phases,start] GC(16) Adjust Roots
[2026-03-22T17:32:35.424+0900][0.491s][info][gc,phases      ] GC(16) Adjust Roots 0.269ms
[2026-03-22T17:32:35.424+0900][0.491s][info][gc,phases,start] GC(16) Compaction Phase
[2026-03-22T17:32:35.430+0900][0.496s][info][gc,phases      ] GC(16) Compaction Phase 5.523ms
[2026-03-22T17:32:35.430+0900][0.496s][info][gc,phases,start] GC(16) Post Compact
[2026-03-22T17:32:35.432+0900][0.498s][info][gc,phases      ] GC(16) Post Compact 1.681ms
[2026-03-22T17:32:35.432+0900][0.498s][info][gc,heap        ] GC(16) PSYoungGen: 160968K(162816K)->0K(162816K) Eden: 150472K(151040K)->0K(151040K) From: 10496K(11776K)->0K(11776K)
[2026-03-22T17:32:35.432+0900][0.498s][info][gc,heap        ] GC(16) ParOldGen: 291991K(349696K)->103430K(349696K)
[2026-03-22T17:32:35.432+0900][0.498s][info][gc,metaspace   ] GC(16) Metaspace: 338K(512K)->338K(512K) NonClass: 320K(384K)->320K(384K) Class: 17K(128K)->17K(128K)
[2026-03-22T17:32:35.432+0900][0.498s][info][gc             ] GC(16) Pause Full (Ergonomics) 442M->101M(500M) 8.724ms
[2026-03-22T17:32:35.432+0900][0.498s][info][gc,cpu         ] GC(16) User=0.00s Sys=0.02s Real=0.01s
[2026-03-22T17:32:35.447+0900][0.512s][info][gc,start       ] GC(17) Pause Young (Allocation Failure)
[2026-03-22T17:32:35.451+0900][0.517s][info][gc,heap        ] GC(17) PSYoungGen: 150472K(162816K)->10496K(162816K) Eden: 150472K(151040K)->0K(151040K) From: 0K(11776K)->10496K(11776K)
[2026-03-22T17:32:35.451+0900][0.517s][info][gc,heap        ] GC(17) ParOldGen: 103430K(349696K)->197638K(349696K)
[2026-03-22T17:32:35.451+0900][0.517s][info][gc,metaspace   ] GC(17) Metaspace: 338K(512K)->338K(512K) NonClass: 320K(384K)->320K(384K) Class: 17K(128K)->17K(128K)
[2026-03-22T17:32:35.451+0900][0.517s][info][gc             ] GC(17) Pause Young (Allocation Failure) 247M->203M(500M) 4.740ms
[2026-03-22T17:32:35.452+0900][0.517s][info][gc,cpu         ] GC(17) User=0.06s Sys=0.00s Real=0.00s
[2026-03-22T17:32:35.465+0900][0.531s][info][gc,start       ] GC(18) Pause Young (Allocation Failure)
[2026-03-22T17:32:35.470+0900][0.536s][info][gc,heap        ] GC(18) PSYoungGen: 160968K(162816K)->10496K(162816K) Eden: 150472K(151040K)->0K(151040K) From: 10496K(11776K)->10496K(11776K)
[2026-03-22T17:32:35.470+0900][0.536s][info][gc,heap        ] GC(18) ParOldGen: 197638K(349696K)->291991K(349696K)
[2026-03-22T17:32:35.470+0900][0.536s][info][gc,metaspace   ] GC(18) Metaspace: 338K(512K)->338K(512K) NonClass: 320K(384K)->320K(384K) Class: 17K(128K)->17K(128K)
[2026-03-22T17:32:35.470+0900][0.536s][info][gc             ] GC(18) Pause Young (Allocation Failure) 350M->295M(500M) 4.835ms
[2026-03-22T17:32:35.470+0900][0.536s][info][gc,cpu         ] GC(18) User=0.00s Sys=0.00s Real=0.01s
[2026-03-22T17:32:35.484+0900][0.550s][info][gc,start       ] GC(19) Pause Full (Ergonomics)
[2026-03-22T17:32:35.484+0900][0.550s][info][gc,phases,start] GC(19) Marking Phase
[2026-03-22T17:32:35.485+0900][0.551s][info][gc,phases      ] GC(19) Marking Phase 0.896ms
[2026-03-22T17:32:35.485+0900][0.551s][info][gc,phases,start] GC(19) Summary Phase
[2026-03-22T17:32:35.485+0900][0.551s][info][gc,phases      ] GC(19) Summary Phase 0.014ms
[2026-03-22T17:32:35.485+0900][0.551s][info][gc,phases,start] GC(19) Adjust Roots
[2026-03-22T17:32:35.485+0900][0.551s][info][gc,phases      ] GC(19) Adjust Roots 0.148ms
[2026-03-22T17:32:35.485+0900][0.551s][info][gc,phases,start] GC(19) Compaction Phase
[2026-03-22T17:32:35.491+0900][0.556s][info][gc,phases      ] GC(19) Compaction Phase 5.364ms
[2026-03-22T17:32:35.491+0900][0.556s][info][gc,phases,start] GC(19) Post Compact
[2026-03-22T17:32:35.492+0900][0.558s][info][gc,phases      ] GC(19) Post Compact 1.321ms
[2026-03-22T17:32:35.492+0900][0.558s][info][gc,heap        ] GC(19) PSYoungGen: 160969K(162816K)->0K(162816K) Eden: 150473K(151040K)->0K(151040K) From: 10496K(11776K)->0K(11776K)
[2026-03-22T17:32:35.492+0900][0.558s][info][gc,heap        ] GC(19) ParOldGen: 291991K(349696K)->103430K(349696K)
[2026-03-22T17:32:35.492+0900][0.558s][info][gc,metaspace   ] GC(19) Metaspace: 338K(512K)->338K(512K) NonClass: 320K(384K)->320K(384K) Class: 17K(128K)->17K(128K)
[2026-03-22T17:32:35.492+0900][0.558s][info][gc             ] GC(19) Pause Full (Ergonomics) 442M->101M(500M) 7.965ms
[2026-03-22T17:32:35.492+0900][0.558s][info][gc,cpu         ] GC(19) User=0.00s Sys=0.00s Real=0.01s
[2026-03-22T17:32:35.506+0900][0.572s][info][gc,start       ] GC(20) Pause Young (Allocation Failure)
[2026-03-22T17:32:35.510+0900][0.576s][info][gc,heap        ] GC(20) PSYoungGen: 150473K(162816K)->10496K(162816K) Eden: 150473K(151040K)->0K(151040K) From: 0K(11776K)->10496K(11776K)
[2026-03-22T17:32:35.510+0900][0.576s][info][gc,heap        ] GC(20) ParOldGen: 103430K(349696K)->197638K(349696K)
[2026-03-22T17:32:35.510+0900][0.576s][info][gc,metaspace   ] GC(20) Metaspace: 338K(512K)->338K(512K) NonClass: 320K(384K)->320K(384K) Class: 17K(128K)->17K(128K)
[2026-03-22T17:32:35.510+0900][0.576s][info][gc             ] GC(20) Pause Young (Allocation Failure) 247M->203M(500M) 4.471ms
[2026-03-22T17:32:35.510+0900][0.576s][info][gc,cpu         ] GC(20) User=0.05s Sys=0.02s Real=0.00s
[2026-03-22T17:32:35.525+0900][0.591s][info][gc,start       ] GC(21) Pause Young (Allocation Failure)
[2026-03-22T17:32:35.529+0900][0.595s][info][gc,heap        ] GC(21) PSYoungGen: 160969K(162816K)->10496K(162816K) Eden: 150473K(151040K)->0K(151040K) From: 10496K(11776K)->10496K(11776K)
[2026-03-22T17:32:35.529+0900][0.595s][info][gc,heap        ] GC(21) ParOldGen: 197638K(349696K)->291991K(349696K)
[2026-03-22T17:32:35.529+0900][0.595s][info][gc,metaspace   ] GC(21) Metaspace: 338K(512K)->338K(512K) NonClass: 320K(384K)->320K(384K) Class: 17K(128K)->17K(128K)
[2026-03-22T17:32:35.529+0900][0.595s][info][gc             ] GC(21) Pause Young (Allocation Failure) 350M->295M(500M) 4.559ms
[2026-03-22T17:32:35.529+0900][0.595s][info][gc,cpu         ] GC(21) User=0.00s Sys=0.00s Real=0.00s
[2026-03-22T17:32:35.544+0900][0.610s][info][gc,start       ] GC(22) Pause Full (Ergonomics)
[2026-03-22T17:32:35.544+0900][0.610s][info][gc,phases,start] GC(22) Marking Phase
[2026-03-22T17:32:35.545+0900][0.611s][info][gc,phases      ] GC(22) Marking Phase 1.079ms
[2026-03-22T17:32:35.545+0900][0.611s][info][gc,phases,start] GC(22) Summary Phase
[2026-03-22T17:32:35.545+0900][0.611s][info][gc,phases      ] GC(22) Summary Phase 0.014ms
[2026-03-22T17:32:35.545+0900][0.611s][info][gc,phases,start] GC(22) Adjust Roots
[2026-03-22T17:32:35.545+0900][0.611s][info][gc,phases      ] GC(22) Adjust Roots 0.266ms
[2026-03-22T17:32:35.545+0900][0.611s][info][gc,phases,start] GC(22) Compaction Phase
[2026-03-22T17:32:35.550+0900][0.617s][info][gc,phases      ] GC(22) Compaction Phase 5.354ms
[2026-03-22T17:32:35.550+0900][0.617s][info][gc,phases,start] GC(22) Post Compact
[2026-03-22T17:32:35.553+0900][0.618s][info][gc,phases      ] GC(22) Post Compact 1.432ms
[2026-03-22T17:32:35.553+0900][0.618s][info][gc,heap        ] GC(22) PSYoungGen: 160969K(162816K)->0K(162816K) Eden: 150473K(151040K)->0K(151040K) From: 10496K(11776K)->0K(11776K)
[2026-03-22T17:32:35.553+0900][0.618s][info][gc,heap        ] GC(22) ParOldGen: 291991K(349696K)->103430K(349696K)
[2026-03-22T17:32:35.553+0900][0.618s][info][gc,metaspace   ] GC(22) Metaspace: 338K(512K)->338K(512K) NonClass: 320K(384K)->320K(384K) Class: 17K(128K)->17K(128K)
[2026-03-22T17:32:35.553+0900][0.618s][info][gc             ] GC(22) Pause Full (Ergonomics) 442M->101M(500M) 8.420ms
[2026-03-22T17:32:35.553+0900][0.618s][info][gc,cpu         ] GC(22) User=0.00s Sys=0.00s Real=0.01s
[2026-03-22T17:32:35.566+0900][0.632s][info][gc,start       ] GC(23) Pause Young (Allocation Failure)
[2026-03-22T17:32:35.571+0900][0.636s][info][gc,heap        ] GC(23) PSYoungGen: 150473K(162816K)->10496K(162816K) Eden: 150473K(151040K)->0K(151040K) From: 0K(11776K)->10496K(11776K)
[2026-03-22T17:32:35.571+0900][0.636s][info][gc,heap        ] GC(23) ParOldGen: 103430K(349696K)->197638K(349696K)
[2026-03-22T17:32:35.571+0900][0.636s][info][gc,metaspace   ] GC(23) Metaspace: 338K(512K)->338K(512K) NonClass: 320K(384K)->320K(384K) Class: 17K(128K)->17K(128K)
[2026-03-22T17:32:35.571+0900][0.636s][info][gc             ] GC(23) Pause Young (Allocation Failure) 247M->203M(500M) 4.062ms
[2026-03-22T17:32:35.571+0900][0.636s][info][gc,cpu         ] GC(23) User=0.00s Sys=0.00s Real=0.01s
[2026-03-22T17:32:35.584+0900][0.650s][info][gc,start       ] GC(24) Pause Young (Allocation Failure)
[2026-03-22T17:32:35.588+0900][0.654s][info][gc,heap        ] GC(24) PSYoungGen: 160969K(162816K)->10496K(161792K) Eden: 150473K(151040K)->0K(151040K) From: 10496K(11776K)->10496K(10752K)
[2026-03-22T17:32:35.588+0900][0.654s][info][gc,heap        ] GC(24) ParOldGen: 197638K(349696K)->291991K(349696K)
[2026-03-22T17:32:35.588+0900][0.655s][info][gc,metaspace   ] GC(24) Metaspace: 338K(512K)->338K(512K) NonClass: 320K(384K)->320K(384K) Class: 17K(128K)->17K(128K)
[2026-03-22T17:32:35.588+0900][0.655s][info][gc             ] GC(24) Pause Young (Allocation Failure) 350M->295M(499M) 4.325ms
[2026-03-22T17:32:35.588+0900][0.655s][info][gc,cpu         ] GC(24) User=0.06s Sys=0.00s Real=0.00s
[2026-03-22T17:32:35.602+0900][0.668s][info][gc,start       ] GC(25) Pause Full (Ergonomics)
[2026-03-22T17:32:35.602+0900][0.668s][info][gc,phases,start] GC(25) Marking Phase
[2026-03-22T17:32:35.603+0900][0.669s][info][gc,phases      ] GC(25) Marking Phase 0.916ms
[2026-03-22T17:32:35.603+0900][0.669s][info][gc,phases,start] GC(25) Summary Phase
[2026-03-22T17:32:35.603+0900][0.669s][info][gc,phases      ] GC(25) Summary Phase 0.023ms
[2026-03-22T17:32:35.603+0900][0.669s][info][gc,phases,start] GC(25) Adjust Roots
[2026-03-22T17:32:35.603+0900][0.669s][info][gc,phases      ] GC(25) Adjust Roots 0.163ms
[2026-03-22T17:32:35.603+0900][0.669s][info][gc,phases,start] GC(25) Compaction Phase
[2026-03-22T17:32:35.609+0900][0.675s][info][gc,phases      ] GC(25) Compaction Phase 5.414ms
[2026-03-22T17:32:35.609+0900][0.675s][info][gc,phases,start] GC(25) Post Compact
[2026-03-22T17:32:35.610+0900][0.676s][info][gc,phases      ] GC(25) Post Compact 1.442ms
[2026-03-22T17:32:35.610+0900][0.676s][info][gc,heap        ] GC(25) PSYoungGen: 160969K(161792K)->0K(162304K) Eden: 150473K(151040K)->0K(151040K) From: 10496K(10752K)->0K(11264K)
[2026-03-22T17:32:35.610+0900][0.676s][info][gc,heap        ] GC(25) ParOldGen: 291991K(349696K)->103430K(349696K)
[2026-03-22T17:32:35.610+0900][0.676s][info][gc,metaspace   ] GC(25) Metaspace: 338K(512K)->338K(512K) NonClass: 320K(384K)->320K(384K) Class: 17K(128K)->17K(128K)
[2026-03-22T17:32:35.610+0900][0.676s][info][gc             ] GC(25) Pause Full (Ergonomics) 442M->101M(500M) 8.199ms
[2026-03-22T17:32:35.610+0900][0.676s][info][gc,cpu         ] GC(25) User=0.06s Sys=0.00s Real=0.01s
[2026-03-22T17:32:35.624+0900][0.691s][info][gc,start       ] GC(26) Pause Young (Allocation Failure)
[2026-03-22T17:32:35.629+0900][0.695s][info][gc,heap        ] GC(26) PSYoungGen: 150473K(162304K)->10496K(162304K) Eden: 150473K(151040K)->0K(151040K) From: 0K(11264K)->10496K(11264K)
[2026-03-22T17:32:35.629+0900][0.695s][info][gc,heap        ] GC(26) ParOldGen: 103430K(349696K)->197638K(349696K)
[2026-03-22T17:32:35.629+0900][0.695s][info][gc,metaspace   ] GC(26) Metaspace: 338K(512K)->338K(512K) NonClass: 320K(384K)->320K(384K) Class: 17K(128K)->17K(128K)
[2026-03-22T17:32:35.629+0900][0.695s][info][gc             ] GC(26) Pause Young (Allocation Failure) 247M->203M(500M) 4.890ms
[2026-03-22T17:32:35.629+0900][0.695s][info][gc,cpu         ] GC(26) User=0.00s Sys=0.00s Real=0.00s
[2026-03-22T17:32:35.643+0900][0.709s][info][gc,start       ] GC(27) Pause Young (Allocation Failure)
[2026-03-22T17:32:35.648+0900][0.714s][info][gc,heap        ] GC(27) PSYoungGen: 160969K(162304K)->10496K(163328K) Eden: 150473K(151040K)->0K(152064K) From: 10496K(11264K)->10496K(11264K)
[2026-03-22T17:32:35.648+0900][0.714s][info][gc,heap        ] GC(27) ParOldGen: 197638K(349696K)->291991K(349696K)
[2026-03-22T17:32:35.648+0900][0.714s][info][gc,metaspace   ] GC(27) Metaspace: 338K(512K)->338K(512K) NonClass: 320K(384K)->320K(384K) Class: 17K(128K)->17K(128K)
[2026-03-22T17:32:35.648+0900][0.714s][info][gc             ] GC(27) Pause Young (Allocation Failure) 350M->295M(501M) 5.140ms
[2026-03-22T17:32:35.648+0900][0.714s][info][gc,cpu         ] GC(27) User=0.00s Sys=0.00s Real=0.01s
[2026-03-22T17:32:35.663+0900][0.729s][info][gc,start       ] GC(28) Pause Full (Ergonomics)
[2026-03-22T17:32:35.663+0900][0.729s][info][gc,phases,start] GC(28) Marking Phase
[2026-03-22T17:32:35.664+0900][0.730s][info][gc,phases      ] GC(28) Marking Phase 1.246ms
[2026-03-22T17:32:35.664+0900][0.730s][info][gc,phases,start] GC(28) Summary Phase
[2026-03-22T17:32:35.664+0900][0.730s][info][gc,phases      ] GC(28) Summary Phase 0.020ms
[2026-03-22T17:32:35.664+0900][0.730s][info][gc,phases,start] GC(28) Adjust Roots
[2026-03-22T17:32:35.664+0900][0.730s][info][gc,phases      ] GC(28) Adjust Roots 0.361ms
[2026-03-22T17:32:35.664+0900][0.730s][info][gc,phases,start] GC(28) Compaction Phase
[2026-03-22T17:32:35.670+0900][0.736s][info][gc,phases      ] GC(28) Compaction Phase 5.571ms
[2026-03-22T17:32:35.670+0900][0.736s][info][gc,phases,start] GC(28) Post Compact
[2026-03-22T17:32:35.672+0900][0.738s][info][gc,phases      ] GC(28) Post Compact 1.758ms
[2026-03-22T17:32:35.672+0900][0.738s][info][gc,heap        ] GC(28) PSYoungGen: 160989K(163328K)->0K(163328K) Eden: 150493K(152064K)->0K(152064K) From: 10496K(11264K)->0K(11264K)
[2026-03-22T17:32:35.672+0900][0.738s][info][gc,heap        ] GC(28) ParOldGen: 291991K(349696K)->103430K(349696K)
[2026-03-22T17:32:35.672+0900][0.738s][info][gc,metaspace   ] GC(28) Metaspace: 338K(512K)->338K(512K) NonClass: 320K(384K)->320K(384K) Class: 17K(128K)->17K(128K)
[2026-03-22T17:32:35.672+0900][0.738s][info][gc             ] GC(28) Pause Full (Ergonomics) 442M->101M(501M) 9.442ms
[2026-03-22T17:32:35.672+0900][0.738s][info][gc,cpu         ] GC(28) User=0.06s Sys=0.00s Real=0.01s
[2026-03-22T17:32:35.686+0900][0.752s][info][gc,start       ] GC(29) Pause Young (Allocation Failure)
[2026-03-22T17:32:35.691+0900][0.757s][info][gc,heap        ] GC(29) PSYoungGen: 150493K(163328K)->10496K(163328K) Eden: 150493K(152064K)->0K(152064K) From: 0K(11264K)->10496K(11264K)
[2026-03-22T17:32:35.691+0900][0.757s][info][gc,heap        ] GC(29) ParOldGen: 103430K(349696K)->197638K(349696K)
[2026-03-22T17:32:35.691+0900][0.757s][info][gc,metaspace   ] GC(29) Metaspace: 338K(512K)->338K(512K) NonClass: 320K(384K)->320K(384K) Class: 17K(128K)->17K(128K)
[2026-03-22T17:32:35.691+0900][0.757s][info][gc             ] GC(29) Pause Young (Allocation Failure) 247M->203M(501M) 4.855ms
[2026-03-22T17:32:35.691+0900][0.757s][info][gc,cpu         ] GC(29) User=0.00s Sys=0.00s Real=0.00s
[2026-03-22T17:32:35.705+0900][0.770s][info][gc,start       ] GC(30) Pause Young (Allocation Failure)
[2026-03-22T17:32:35.710+0900][0.775s][info][gc,heap        ] GC(30) PSYoungGen: 160989K(163328K)->10496K(163328K) Eden: 150493K(152064K)->0K(152064K) From: 10496K(11264K)->10496K(11264K)
[2026-03-22T17:32:35.710+0900][0.775s][info][gc,heap        ] GC(30) ParOldGen: 197638K(349696K)->291991K(349696K)
[2026-03-22T17:32:35.710+0900][0.775s][info][gc,metaspace   ] GC(30) Metaspace: 338K(512K)->338K(512K) NonClass: 320K(384K)->320K(384K) Class: 17K(128K)->17K(128K)
[2026-03-22T17:32:35.710+0900][0.775s][info][gc             ] GC(30) Pause Young (Allocation Failure) 350M->295M(501M) 4.999ms
[2026-03-22T17:32:35.710+0900][0.775s][info][gc,cpu         ] GC(30) User=0.00s Sys=0.00s Real=0.01s
[2026-03-22T17:32:35.727+0900][0.794s][info][gc,start       ] GC(31) Pause Full (Ergonomics)
[2026-03-22T17:32:35.727+0900][0.794s][info][gc,phases,start] GC(31) Marking Phase
[2026-03-22T17:32:35.729+0900][0.795s][info][gc,phases      ] GC(31) Marking Phase 1.076ms
[2026-03-22T17:32:35.729+0900][0.795s][info][gc,phases,start] GC(31) Summary Phase
[2026-03-22T17:32:35.729+0900][0.795s][info][gc,phases      ] GC(31) Summary Phase 0.013ms
[2026-03-22T17:32:35.729+0900][0.795s][info][gc,phases,start] GC(31) Adjust Roots
[2026-03-22T17:32:35.729+0900][0.795s][info][gc,phases      ] GC(31) Adjust Roots 0.261ms
[2026-03-22T17:32:35.729+0900][0.795s][info][gc,phases,start] GC(31) Compaction Phase
[2026-03-22T17:32:35.734+0900][0.801s][info][gc,phases      ] GC(31) Compaction Phase 5.489ms
[2026-03-22T17:32:35.734+0900][0.801s][info][gc,phases,start] GC(31) Post Compact
[2026-03-22T17:32:35.736+0900][0.802s][info][gc,phases      ] GC(31) Post Compact 1.681ms
[2026-03-22T17:32:35.736+0900][0.802s][info][gc,heap        ] GC(31) PSYoungGen: 160989K(163328K)->0K(163328K) Eden: 150493K(152064K)->0K(152064K) From: 10496K(11264K)->0K(11264K)
[2026-03-22T17:32:35.736+0900][0.802s][info][gc,heap        ] GC(31) ParOldGen: 291991K(349696K)->103430K(349696K)
[2026-03-22T17:32:35.736+0900][0.802s][info][gc,metaspace   ] GC(31) Metaspace: 338K(512K)->338K(512K) NonClass: 320K(384K)->320K(384K) Class: 17K(128K)->17K(128K)
[2026-03-22T17:32:35.736+0900][0.802s][info][gc             ] GC(31) Pause Full (Ergonomics) 442M->101M(501M) 8.876ms
[2026-03-22T17:32:35.736+0900][0.802s][info][gc,cpu         ] GC(31) User=0.05s Sys=0.00s Real=0.01s
[2026-03-22T17:32:35.753+0900][0.818s][info][gc,start       ] GC(32) Pause Young (Allocation Failure)
[2026-03-22T17:32:35.758+0900][0.823s][info][gc,heap        ] GC(32) PSYoungGen: 150493K(163328K)->10496K(163328K) Eden: 150493K(152064K)->0K(152064K) From: 0K(11264K)->10496K(11264K)
[2026-03-22T17:32:35.758+0900][0.823s][info][gc,heap        ] GC(32) ParOldGen: 103430K(349696K)->197638K(349696K)
[2026-03-22T17:32:35.758+0900][0.823s][info][gc,metaspace   ] GC(32) Metaspace: 338K(512K)->338K(512K) NonClass: 320K(384K)->320K(384K) Class: 17K(128K)->17K(128K)
[2026-03-22T17:32:35.758+0900][0.823s][info][gc             ] GC(32) Pause Young (Allocation Failure) 247M->203M(501M) 4.911ms
[2026-03-22T17:32:35.758+0900][0.823s][info][gc,cpu         ] GC(32) User=0.00s Sys=0.00s Real=0.00s
[2026-03-22T17:32:35.774+0900][0.840s][info][gc,start       ] GC(33) Pause Young (Allocation Failure)
[2026-03-22T17:32:35.779+0900][0.845s][info][gc,heap        ] GC(33) PSYoungGen: 160989K(163328K)->10496K(163328K) Eden: 150493K(152064K)->0K(152064K) From: 10496K(11264K)->10496K(11264K)
[2026-03-22T17:32:35.779+0900][0.845s][info][gc,heap        ] GC(33) ParOldGen: 197638K(349696K)->291991K(349696K)
[2026-03-22T17:32:35.779+0900][0.845s][info][gc,metaspace   ] GC(33) Metaspace: 338K(512K)->338K(512K) NonClass: 320K(384K)->320K(384K) Class: 17K(128K)->17K(128K)
[2026-03-22T17:32:35.779+0900][0.845s][info][gc             ] GC(33) Pause Young (Allocation Failure) 350M->295M(501M) 5.024ms
[2026-03-22T17:32:35.779+0900][0.845s][info][gc,cpu         ] GC(33) User=0.06s Sys=0.00s Real=0.01s
[2026-03-22T17:32:35.795+0900][0.861s][info][gc,start       ] GC(34) Pause Full (Ergonomics)
[2026-03-22T17:32:35.795+0900][0.861s][info][gc,phases,start] GC(34) Marking Phase
[2026-03-22T17:32:35.795+0900][0.862s][info][gc,phases      ] GC(34) Marking Phase 1.325ms
[2026-03-22T17:32:35.797+0900][0.862s][info][gc,phases,start] GC(34) Summary Phase
[2026-03-22T17:32:35.797+0900][0.862s][info][gc,phases      ] GC(34) Summary Phase 0.021ms
[2026-03-22T17:32:35.797+0900][0.862s][info][gc,phases,start] GC(34) Adjust Roots
[2026-03-22T17:32:35.797+0900][0.863s][info][gc,phases      ] GC(34) Adjust Roots 0.360ms
[2026-03-22T17:32:35.797+0900][0.863s][info][gc,phases,start] GC(34) Compaction Phase
[2026-03-22T17:32:35.802+0900][0.868s][info][gc,phases      ] GC(34) Compaction Phase 5.520ms
[2026-03-22T17:32:35.802+0900][0.868s][info][gc,phases,start] GC(34) Post Compact
[2026-03-22T17:32:35.804+0900][0.870s][info][gc,phases      ] GC(34) Post Compact 1.592ms
[2026-03-22T17:32:35.804+0900][0.870s][info][gc,heap        ] GC(34) PSYoungGen: 160989K(163328K)->0K(163328K) Eden: 150493K(152064K)->0K(152064K) From: 10496K(11264K)->0K(11264K)
[2026-03-22T17:32:35.804+0900][0.870s][info][gc,heap        ] GC(34) ParOldGen: 291991K(349696K)->103430K(349696K)
[2026-03-22T17:32:35.804+0900][0.870s][info][gc,metaspace   ] GC(34) Metaspace: 338K(512K)->338K(512K) NonClass: 320K(384K)->320K(384K) Class: 17K(128K)->17K(128K)
[2026-03-22T17:32:35.804+0900][0.870s][info][gc             ] GC(34) Pause Full (Ergonomics) 442M->101M(501M) 9.179ms
[2026-03-22T17:32:35.804+0900][0.870s][info][gc,cpu         ] GC(34) User=0.00s Sys=0.00s Real=0.01s
[2026-03-22T17:32:35.820+0900][0.886s][info][gc,start       ] GC(35) Pause Young (Allocation Failure)
[2026-03-22T17:32:35.824+0900][0.890s][info][gc,heap        ] GC(35) PSYoungGen: 150493K(163328K)->10496K(163328K) Eden: 150493K(152064K)->0K(152064K) From: 0K(11264K)->10496K(11264K)
[2026-03-22T17:32:35.824+0900][0.891s][info][gc,heap        ] GC(35) ParOldGen: 103430K(349696K)->197638K(349696K)
[2026-03-22T17:32:35.824+0900][0.891s][info][gc,metaspace   ] GC(35) Metaspace: 338K(512K)->338K(512K) NonClass: 320K(384K)->320K(384K) Class: 17K(128K)->17K(128K)
[2026-03-22T17:32:35.824+0900][0.891s][info][gc             ] GC(35) Pause Young (Allocation Failure) 247M->203M(501M) 4.597ms
[2026-03-22T17:32:35.824+0900][0.891s][info][gc,cpu         ] GC(35) User=0.06s Sys=0.00s Real=0.00s
[2026-03-22T17:32:35.840+0900][0.906s][info][gc,start       ] GC(36) Pause Young (Allocation Failure)
[2026-03-22T17:32:35.845+0900][0.910s][info][gc,heap        ] GC(36) PSYoungGen: 160989K(163328K)->10496K(163328K) Eden: 150493K(152064K)->0K(152064K) From: 10496K(11264K)->10496K(11264K)
[2026-03-22T17:32:35.845+0900][0.910s][info][gc,heap        ] GC(36) ParOldGen: 197638K(349696K)->289943K(349696K)
[2026-03-22T17:32:35.845+0900][0.910s][info][gc,metaspace   ] GC(36) Metaspace: 338K(512K)->338K(512K) NonClass: 320K(384K)->320K(384K) Class: 17K(128K)->17K(128K)
[2026-03-22T17:32:35.845+0900][0.911s][info][gc             ] GC(36) Pause Young (Allocation Failure) 350M->293M(501M) 4.548ms
[2026-03-22T17:32:35.845+0900][0.911s][info][gc,cpu         ] GC(36) User=0.00s Sys=0.00s Real=0.01s
[2026-03-22T17:32:35.859+0900][0.925s][info][gc,start       ] GC(37) Pause Full (Ergonomics)
[2026-03-22T17:32:35.859+0900][0.925s][info][gc,phases,start] GC(37) Marking Phase
[2026-03-22T17:32:35.860+0900][0.926s][info][gc,phases      ] GC(37) Marking Phase 1.062ms
[2026-03-22T17:32:35.860+0900][0.926s][info][gc,phases,start] GC(37) Summary Phase
[2026-03-22T17:32:35.860+0900][0.926s][info][gc,phases      ] GC(37) Summary Phase 0.015ms
[2026-03-22T17:32:35.860+0900][0.926s][info][gc,phases,start] GC(37) Adjust Roots
[2026-03-22T17:32:35.861+0900][0.926s][info][gc,phases      ] GC(37) Adjust Roots 0.158ms
[2026-03-22T17:32:35.861+0900][0.926s][info][gc,phases,start] GC(37) Compaction Phase
[2026-03-22T17:32:35.866+0900][0.932s][info][gc,phases      ] GC(37) Compaction Phase 5.270ms
[2026-03-22T17:32:35.866+0900][0.932s][info][gc,phases,start] GC(37) Post Compact
[2026-03-22T17:32:35.867+0900][0.933s][info][gc,phases      ] GC(37) Post Compact 1.347ms
[2026-03-22T17:32:35.867+0900][0.933s][info][gc,heap        ] GC(37) PSYoungGen: 160989K(163328K)->0K(163328K) Eden: 150493K(152064K)->0K(152064K) From: 10496K(11264K)->0K(11264K)
[2026-03-22T17:32:35.867+0900][0.933s][info][gc,heap        ] GC(37) ParOldGen: 289943K(349696K)->103430K(349696K)
[2026-03-22T17:32:35.867+0900][0.933s][info][gc,metaspace   ] GC(37) Metaspace: 338K(512K)->338K(512K) NonClass: 320K(384K)->320K(384K) Class: 17K(128K)->17K(128K)
[2026-03-22T17:32:35.867+0900][0.933s][info][gc             ] GC(37) Pause Full (Ergonomics) 440M->101M(501M) 8.111ms
[2026-03-22T17:32:35.867+0900][0.933s][info][gc,cpu         ] GC(37) User=0.00s Sys=0.00s Real=0.01s
[2026-03-22T17:32:35.882+0900][0.948s][info][gc,start       ] GC(38) Pause Young (Allocation Failure)
[2026-03-22T17:32:35.887+0900][0.953s][info][gc,heap        ] GC(38) PSYoungGen: 150493K(163328K)->10496K(163328K) Eden: 150493K(152064K)->0K(152064K) From: 0K(11264K)->10496K(11264K)
[2026-03-22T17:32:35.887+0900][0.953s][info][gc,heap        ] GC(38) ParOldGen: 103430K(349696K)->197638K(349696K)
[2026-03-22T17:32:35.887+0900][0.953s][info][gc,metaspace   ] GC(38) Metaspace: 338K(512K)->338K(512K) NonClass: 320K(384K)->320K(384K) Class: 17K(128K)->17K(128K)
[2026-03-22T17:32:35.887+0900][0.953s][info][gc             ] GC(38) Pause Young (Allocation Failure) 247M->203M(501M) 4.464ms
[2026-03-22T17:32:35.887+0900][0.953s][info][gc,cpu         ] GC(38) User=0.06s Sys=0.00s Real=0.01s
[2026-03-22T17:32:35.901+0900][0.967s][info][gc,start       ] GC(39) Pause Young (Allocation Failure)
[2026-03-22T17:32:35.906+0900][0.972s][info][gc,heap        ] GC(39) PSYoungGen: 160989K(163328K)->10496K(163328K) Eden: 150493K(152064K)->0K(152064K) From: 10496K(11264K)->10496K(11264K)
[2026-03-22T17:32:35.906+0900][0.972s][info][gc,heap        ] GC(39) ParOldGen: 197638K(349696K)->291991K(349696K)
[2026-03-22T17:32:35.906+0900][0.972s][info][gc,metaspace   ] GC(39) Metaspace: 338K(512K)->338K(512K) NonClass: 320K(384K)->320K(384K) Class: 17K(128K)->17K(128K)
[2026-03-22T17:32:35.906+0900][0.972s][info][gc             ] GC(39) Pause Young (Allocation Failure) 350M->295M(501M) 5.092ms
[2026-03-22T17:32:35.907+0900][0.972s][info][gc,cpu         ] GC(39) User=0.00s Sys=0.00s Real=0.01s
[2026-03-22T17:32:35.920+0900][0.986s][info][gc,start       ] GC(40) Pause Full (Ergonomics)
[2026-03-22T17:32:35.920+0900][0.986s][info][gc,phases,start] GC(40) Marking Phase
[2026-03-22T17:32:35.922+0900][0.987s][info][gc,phases      ] GC(40) Marking Phase 1.348ms
[2026-03-22T17:32:35.922+0900][0.988s][info][gc,phases,start] GC(40) Summary Phase
[2026-03-22T17:32:35.922+0900][0.988s][info][gc,phases      ] GC(40) Summary Phase 0.023ms
[2026-03-22T17:32:35.922+0900][0.988s][info][gc,phases,start] GC(40) Adjust Roots
[2026-03-22T17:32:35.922+0900][0.988s][info][gc,phases      ] GC(40) Adjust Roots 0.202ms
[2026-03-22T17:32:35.922+0900][0.988s][info][gc,phases,start] GC(40) Compaction Phase
[2026-03-22T17:32:35.927+0900][0.993s][info][gc,phases      ] GC(40) Compaction Phase 5.353ms
[2026-03-22T17:32:35.927+0900][0.993s][info][gc,phases,start] GC(40) Post Compact
[2026-03-22T17:32:35.929+0900][0.995s][info][gc,phases      ] GC(40) Post Compact 1.648ms
[2026-03-22T17:32:35.929+0900][0.995s][info][gc,heap        ] GC(40) PSYoungGen: 160989K(163328K)->0K(163328K) Eden: 150493K(152064K)->0K(152064K) From: 10496K(11264K)->0K(11264K)
[2026-03-22T17:32:35.929+0900][0.995s][info][gc,heap        ] GC(40) ParOldGen: 291991K(349696K)->103430K(349696K)
[2026-03-22T17:32:35.929+0900][0.995s][info][gc,metaspace   ] GC(40) Metaspace: 338K(512K)->338K(512K) NonClass: 320K(384K)->320K(384K) Class: 17K(128K)->17K(128K)
[2026-03-22T17:32:35.929+0900][0.995s][info][gc             ] GC(40) Pause Full (Ergonomics) 442M->101M(501M) 8.916ms
[2026-03-22T17:32:35.929+0900][0.995s][info][gc,cpu         ] GC(40) User=0.00s Sys=0.00s Real=0.01s
[2026-03-22T17:32:35.944+0900][1.010s][info][gc,start       ] GC(41) Pause Young (Allocation Failure)
[2026-03-22T17:32:35.948+0900][1.014s][info][gc,heap        ] GC(41) PSYoungGen: 150493K(163328K)->10496K(163328K) Eden: 150493K(152064K)->0K(152064K) From: 0K(11264K)->10496K(11264K)
[2026-03-22T17:32:35.948+0900][1.014s][info][gc,heap        ] GC(41) ParOldGen: 103430K(349696K)->197638K(349696K)
[2026-03-22T17:32:35.948+0900][1.014s][info][gc,metaspace   ] GC(41) Metaspace: 338K(512K)->338K(512K) NonClass: 320K(384K)->320K(384K) Class: 17K(128K)->17K(128K)
[2026-03-22T17:32:35.948+0900][1.014s][info][gc             ] GC(41) Pause Young (Allocation Failure) 247M->203M(501M) 4.375ms
[2026-03-22T17:32:35.948+0900][1.014s][info][gc,cpu         ] GC(41) User=0.06s Sys=0.00s Real=0.00s
[2026-03-22T17:32:35.964+0900][1.030s][info][gc,start       ] GC(42) Pause Young (Allocation Failure)
[2026-03-22T17:32:35.969+0900][1.034s][info][gc,heap        ] GC(42) PSYoungGen: 160989K(163328K)->10496K(163328K) Eden: 150493K(152064K)->0K(152064K) From: 10496K(11264K)->10496K(11264K)
[2026-03-22T17:32:35.969+0900][1.034s][info][gc,heap        ] GC(42) ParOldGen: 197638K(349696K)->291991K(349696K)
[2026-03-22T17:32:35.969+0900][1.034s][info][gc,metaspace   ] GC(42) Metaspace: 338K(512K)->338K(512K) NonClass: 320K(384K)->320K(384K) Class: 17K(128K)->17K(128K)
[2026-03-22T17:32:35.969+0900][1.034s][info][gc             ] GC(42) Pause Young (Allocation Failure) 350M->295M(501M) 4.510ms
[2026-03-22T17:32:35.969+0900][1.034s][info][gc,cpu         ] GC(42) User=0.00s Sys=0.00s Real=0.01s
[2026-03-22T17:32:35.983+0900][1.049s][info][gc,start       ] GC(43) Pause Full (Ergonomics)
[2026-03-22T17:32:35.983+0900][1.049s][info][gc,phases,start] GC(43) Marking Phase
[2026-03-22T17:32:35.985+0900][1.050s][info][gc,phases      ] GC(43) Marking Phase 1.332ms
[2026-03-22T17:32:35.985+0900][1.050s][info][gc,phases,start] GC(43) Summary Phase
[2026-03-22T17:32:35.985+0900][1.050s][info][gc,phases      ] GC(43) Summary Phase 0.032ms
[2026-03-22T17:32:35.985+0900][1.050s][info][gc,phases,start] GC(43) Adjust Roots
[2026-03-22T17:32:35.985+0900][1.050s][info][gc,phases      ] GC(43) Adjust Roots 0.229ms
[2026-03-22T17:32:35.985+0900][1.051s][info][gc,phases,start] GC(43) Compaction Phase
[2026-03-22T17:32:35.991+0900][1.056s][info][gc,phases      ] GC(43) Compaction Phase 5.634ms
[2026-03-22T17:32:35.991+0900][1.056s][info][gc,phases,start] GC(43) Post Compact
[2026-03-22T17:32:35.992+0900][1.058s][info][gc,phases      ] GC(43) Post Compact 1.331ms
[2026-03-22T17:32:35.992+0900][1.058s][info][gc,heap        ] GC(43) PSYoungGen: 160989K(163328K)->0K(163328K) Eden: 150493K(152064K)->0K(152064K) From: 10496K(11264K)->0K(11264K)
[2026-03-22T17:32:35.992+0900][1.058s][info][gc,heap        ] GC(43) ParOldGen: 291991K(349696K)->103430K(349696K)
[2026-03-22T17:32:35.992+0900][1.058s][info][gc,metaspace   ] GC(43) Metaspace: 338K(512K)->338K(512K) NonClass: 320K(384K)->320K(384K) Class: 17K(128K)->17K(128K)
[2026-03-22T17:32:35.992+0900][1.058s][info][gc             ] GC(43) Pause Full (Ergonomics) 442M->101M(501M) 8.852ms
[2026-03-22T17:32:35.992+0900][1.058s][info][gc,cpu         ] GC(43) User=0.00s Sys=0.00s Real=0.01s
[2026-03-22T17:32:36.009+0900][1.075s][info][gc,start       ] GC(44) Pause Young (Allocation Failure)
[2026-03-22T17:32:36.014+0900][1.079s][info][gc,heap        ] GC(44) PSYoungGen: 150493K(163328K)->10496K(163328K) Eden: 150493K(152064K)->0K(152064K) From: 0K(11264K)->10496K(11264K)
[2026-03-22T17:32:36.014+0900][1.079s][info][gc,heap        ] GC(44) ParOldGen: 103430K(349696K)->197638K(349696K)
[2026-03-22T17:32:36.014+0900][1.079s][info][gc,metaspace   ] GC(44) Metaspace: 338K(512K)->338K(512K) NonClass: 320K(384K)->320K(384K) Class: 17K(128K)->17K(128K)
[2026-03-22T17:32:36.014+0900][1.079s][info][gc             ] GC(44) Pause Young (Allocation Failure) 247M->203M(501M) 4.529ms
[2026-03-22T17:32:36.014+0900][1.079s][info][gc,cpu         ] GC(44) User=0.06s Sys=0.00s Real=0.00s
[2026-03-22T17:32:36.030+0900][1.096s][info][gc,start       ] GC(45) Pause Young (Allocation Failure)
[2026-03-22T17:32:36.035+0900][1.101s][info][gc,heap        ] GC(45) PSYoungGen: 160989K(163328K)->10496K(163328K) Eden: 150493K(152064K)->0K(152064K) From: 10496K(11264K)->10496K(11264K)
[2026-03-22T17:32:36.035+0900][1.101s][info][gc,heap        ] GC(45) ParOldGen: 197638K(349696K)->291991K(349696K)
[2026-03-22T17:32:36.035+0900][1.101s][info][gc,metaspace   ] GC(45) Metaspace: 338K(512K)->338K(512K) NonClass: 320K(384K)->320K(384K) Class: 17K(128K)->17K(128K)
[2026-03-22T17:32:36.035+0900][1.101s][info][gc             ] GC(45) Pause Young (Allocation Failure) 350M->295M(501M) 5.045ms
[2026-03-22T17:32:36.035+0900][1.101s][info][gc,cpu         ] GC(45) User=0.00s Sys=0.00s Real=0.01s
[2026-03-22T17:32:36.050+0900][1.116s][info][gc,start       ] GC(46) Pause Full (Ergonomics)
[2026-03-22T17:32:36.050+0900][1.116s][info][gc,phases,start] GC(46) Marking Phase
[2026-03-22T17:32:36.051+0900][1.117s][info][gc,phases      ] GC(46) Marking Phase 1.166ms
[2026-03-22T17:32:36.051+0900][1.117s][info][gc,phases,start] GC(46) Summary Phase
[2026-03-22T17:32:36.051+0900][1.117s][info][gc,phases      ] GC(46) Summary Phase 0.016ms
[2026-03-22T17:32:36.051+0900][1.117s][info][gc,phases,start] GC(46) Adjust Roots
[2026-03-22T17:32:36.051+0900][1.118s][info][gc,phases      ] GC(46) Adjust Roots 0.164ms
[2026-03-22T17:32:36.051+0900][1.118s][info][gc,phases,start] GC(46) Compaction Phase
[2026-03-22T17:32:36.057+0900][1.123s][info][gc,phases      ] GC(46) Compaction Phase 5.418ms
[2026-03-22T17:32:36.057+0900][1.123s][info][gc,phases,start] GC(46) Post Compact
[2026-03-22T17:32:36.058+0900][1.125s][info][gc,phases      ] GC(46) Post Compact 1.590ms
[2026-03-22T17:32:36.058+0900][1.125s][info][gc,heap        ] GC(46) PSYoungGen: 160989K(163328K)->0K(163328K) Eden: 150493K(152064K)->0K(152064K) From: 10496K(11264K)->0K(11264K)
[2026-03-22T17:32:36.058+0900][1.125s][info][gc,heap        ] GC(46) ParOldGen: 291991K(349696K)->103430K(349696K)
[2026-03-22T17:32:36.059+0900][1.125s][info][gc,metaspace   ] GC(46) Metaspace: 338K(512K)->338K(512K) NonClass: 320K(384K)->320K(384K) Class: 17K(128K)->17K(128K)
[2026-03-22T17:32:36.059+0900][1.125s][info][gc             ] GC(46) Pause Full (Ergonomics) 442M->101M(501M) 8.777ms
[2026-03-22T17:32:36.059+0900][1.125s][info][gc,cpu         ] GC(46) User=0.06s Sys=0.00s Real=0.01s
[2026-03-22T17:32:36.074+0900][1.140s][info][gc,start       ] GC(47) Pause Young (Allocation Failure)
[2026-03-22T17:32:36.079+0900][1.144s][info][gc,heap        ] GC(47) PSYoungGen: 150493K(163328K)->10496K(163328K) Eden: 150493K(152064K)->0K(152064K) From: 0K(11264K)->10496K(11264K)
[2026-03-22T17:32:36.079+0900][1.144s][info][gc,heap        ] GC(47) ParOldGen: 103430K(349696K)->197638K(349696K)
[2026-03-22T17:32:36.079+0900][1.144s][info][gc,metaspace   ] GC(47) Metaspace: 338K(512K)->338K(512K) NonClass: 320K(384K)->320K(384K) Class: 17K(128K)->17K(128K)
[2026-03-22T17:32:36.079+0900][1.144s][info][gc             ] GC(47) Pause Young (Allocation Failure) 247M->203M(501M) 4.483ms
[2026-03-22T17:32:36.079+0900][1.144s][info][gc,cpu         ] GC(47) User=0.00s Sys=0.00s Real=0.01s
[2026-03-22T17:32:36.094+0900][1.159s][info][gc,start       ] GC(48) Pause Young (Allocation Failure)
[2026-03-22T17:32:36.099+0900][1.165s][info][gc,heap        ] GC(48) PSYoungGen: 160989K(163328K)->10496K(162816K) Eden: 150493K(152064K)->0K(152064K) From: 10496K(11264K)->10496K(10752K)
[2026-03-22T17:32:36.099+0900][1.165s][info][gc,heap        ] GC(48) ParOldGen: 197638K(349696K)->291991K(349696K)
[2026-03-22T17:32:36.099+0900][1.165s][info][gc,metaspace   ] GC(48) Metaspace: 338K(512K)->338K(512K) NonClass: 320K(384K)->320K(384K) Class: 17K(128K)->17K(128K)
[2026-03-22T17:32:36.099+0900][1.165s][info][gc             ] GC(48) Pause Young (Allocation Failure) 350M->295M(500M) 5.584ms
[2026-03-22T17:32:36.099+0900][1.165s][info][gc,cpu         ] GC(48) User=0.00s Sys=0.00s Real=0.00s
[2026-03-22T17:32:36.115+0900][1.181s][info][gc,start       ] GC(49) Pause Full (Ergonomics)
[2026-03-22T17:32:36.115+0900][1.181s][info][gc,phases,start] GC(49) Marking Phase
[2026-03-22T17:32:36.117+0900][1.183s][info][gc,phases      ] GC(49) Marking Phase 1.495ms
[2026-03-22T17:32:36.117+0900][1.183s][info][gc,phases,start] GC(49) Summary Phase
[2026-03-22T17:32:36.117+0900][1.183s][info][gc,phases      ] GC(49) Summary Phase 0.020ms
[2026-03-22T17:32:36.117+0900][1.183s][info][gc,phases,start] GC(49) Adjust Roots
[2026-03-22T17:32:36.117+0900][1.183s][info][gc,phases      ] GC(49) Adjust Roots 0.295ms
[2026-03-22T17:32:36.117+0900][1.183s][info][gc,phases,start] GC(49) Compaction Phase
[2026-03-22T17:32:36.125+0900][1.192s][info][gc,phases      ] GC(49) Compaction Phase 8.291ms
[2026-03-22T17:32:36.126+0900][1.192s][info][gc,phases,start] GC(49) Post Compact
[2026-03-22T17:32:36.127+0900][1.193s][info][gc,phases      ] GC(49) Post Compact 1.510ms
[2026-03-22T17:32:36.127+0900][1.193s][info][gc,heap        ] GC(49) PSYoungGen: 160989K(162816K)->0K(162816K) Eden: 150493K(152064K)->0K(152064K) From: 10496K(10752K)->0K(10752K)
[2026-03-22T17:32:36.127+0900][1.193s][info][gc,heap        ] GC(49) ParOldGen: 291991K(349696K)->103430K(349696K)
[2026-03-22T17:32:36.127+0900][1.193s][info][gc,metaspace   ] GC(49) Metaspace: 338K(512K)->338K(512K) NonClass: 320K(384K)->320K(384K) Class: 17K(128K)->17K(128K)
[2026-03-22T17:32:36.127+0900][1.193s][info][gc             ] GC(49) Pause Full (Ergonomics) 442M->101M(500M) 11.951ms
[2026-03-22T17:32:36.127+0900][1.193s][info][gc,cpu         ] GC(49) User=0.03s Sys=0.00s Real=0.01s
[2026-03-22T17:32:36.142+0900][1.208s][info][gc,start       ] GC(50) Pause Young (Allocation Failure)
[2026-03-22T17:32:36.147+0900][1.213s][info][gc,heap        ] GC(50) PSYoungGen: 150493K(162816K)->10496K(162816K) Eden: 150493K(152064K)->0K(152064K) From: 0K(10752K)->10496K(10752K)
[2026-03-22T17:32:36.147+0900][1.213s][info][gc,heap        ] GC(50) ParOldGen: 103430K(349696K)->197638K(349696K)
[2026-03-22T17:32:36.147+0900][1.213s][info][gc,metaspace   ] GC(50) Metaspace: 338K(512K)->338K(512K) NonClass: 320K(384K)->320K(384K) Class: 17K(128K)->17K(128K)
[2026-03-22T17:32:36.147+0900][1.213s][info][gc             ] GC(50) Pause Young (Allocation Failure) 247M->203M(500M) 4.969ms
[2026-03-22T17:32:36.147+0900][1.213s][info][gc,cpu         ] GC(50) User=0.00s Sys=0.00s Real=0.01s
[2026-03-22T17:32:36.163+0900][1.229s][info][gc,start       ] GC(51) Pause Young (Allocation Failure)
[2026-03-22T17:32:36.168+0900][1.233s][info][gc,heap        ] GC(51) PSYoungGen: 160989K(162816K)->10496K(163840K) Eden: 150493K(152064K)->0K(153088K) From: 10496K(10752K)->10496K(10752K)
[2026-03-22T17:32:36.168+0900][1.233s][info][gc,heap        ] GC(51) ParOldGen: 197638K(349696K)->291991K(349696K)
[2026-03-22T17:32:36.168+0900][1.233s][info][gc,metaspace   ] GC(51) Metaspace: 338K(512K)->338K(512K) NonClass: 320K(384K)->320K(384K) Class: 17K(128K)->17K(128K)
[2026-03-22T17:32:36.168+0900][1.233s][info][gc             ] GC(51) Pause Young (Allocation Failure) 350M->295M(501M) 4.646ms
[2026-03-22T17:32:36.168+0900][1.233s][info][gc,cpu         ] GC(51) User=0.06s Sys=0.00s Real=0.00s
[2026-03-22T17:32:36.182+0900][1.248s][info][gc,start       ] GC(52) Pause Full (Ergonomics)
[2026-03-22T17:32:36.182+0900][1.248s][info][gc,phases,start] GC(52) Marking Phase
[2026-03-22T17:32:36.183+0900][1.250s][info][gc,phases      ] GC(52) Marking Phase 1.217ms
[2026-03-22T17:32:36.184+0900][1.250s][info][gc,phases,start] GC(52) Summary Phase
[2026-03-22T17:32:36.184+0900][1.250s][info][gc,phases      ] GC(52) Summary Phase 0.033ms
[2026-03-22T17:32:36.184+0900][1.250s][info][gc,phases,start] GC(52) Adjust Roots
[2026-03-22T17:32:36.184+0900][1.250s][info][gc,phases      ] GC(52) Adjust Roots 0.236ms
[2026-03-22T17:32:36.184+0900][1.250s][info][gc,phases,start] GC(52) Compaction Phase
[2026-03-22T17:32:36.190+0900][1.256s][info][gc,phases      ] GC(52) Compaction Phase 5.597ms
[2026-03-22T17:32:36.190+0900][1.256s][info][gc,phases,start] GC(52) Post Compact
[2026-03-22T17:32:36.191+0900][1.257s][info][gc,phases      ] GC(52) Post Compact 1.508ms
[2026-03-22T17:32:36.191+0900][1.257s][info][gc,heap        ] GC(52) PSYoungGen: 163057K(163840K)->0K(163840K) Eden: 152561K(153088K)->0K(153088K) From: 10496K(10752K)->0K(10752K)
[2026-03-22T17:32:36.191+0900][1.257s][info][gc,heap        ] GC(52) ParOldGen: 291991K(349696K)->103430K(349696K)
[2026-03-22T17:32:36.192+0900][1.257s][info][gc,metaspace   ] GC(52) Metaspace: 338K(512K)->338K(512K) NonClass: 320K(384K)->320K(384K) Class: 17K(128K)->17K(128K)
[2026-03-22T17:32:36.192+0900][1.257s][info][gc             ] GC(52) Pause Full (Ergonomics) 444M->101M(501M) 8.900ms
[2026-03-22T17:32:36.192+0900][1.257s][info][gc,cpu         ] GC(52) User=0.00s Sys=0.00s Real=0.01s
[2026-03-22T17:32:36.208+0900][1.274s][info][gc,start       ] GC(53) Pause Young (Allocation Failure)
[2026-03-22T17:32:36.212+0900][1.278s][info][gc,heap        ] GC(53) PSYoungGen: 152561K(163840K)->10496K(163840K) Eden: 152561K(153088K)->0K(153088K) From: 0K(10752K)->10496K(10752K)
[2026-03-22T17:32:36.212+0900][1.278s][info][gc,heap        ] GC(53) ParOldGen: 103430K(349696K)->197638K(349696K)
[2026-03-22T17:32:36.212+0900][1.278s][info][gc,metaspace   ] GC(53) Metaspace: 338K(512K)->338K(512K) NonClass: 320K(384K)->320K(384K) Class: 17K(128K)->17K(128K)
[2026-03-22T17:32:36.212+0900][1.278s][info][gc             ] GC(53) Pause Young (Allocation Failure) 249M->203M(501M) 4.406ms
[2026-03-22T17:32:36.212+0900][1.278s][info][gc,cpu         ] GC(53) User=0.03s Sys=0.00s Real=0.00s
[2026-03-22T17:32:36.227+0900][1.293s][info][gc,start       ] GC(54) Pause Young (Allocation Failure)
[2026-03-22T17:32:36.232+0900][1.298s][info][gc,heap        ] GC(54) PSYoungGen: 163057K(163840K)->10496K(163840K) Eden: 152561K(153088K)->0K(153088K) From: 10496K(10752K)->10496K(10752K)
[2026-03-22T17:32:36.232+0900][1.298s][info][gc,heap        ] GC(54) ParOldGen: 197638K(349696K)->291999K(349696K)
[2026-03-22T17:32:36.232+0900][1.298s][info][gc,metaspace   ] GC(54) Metaspace: 338K(512K)->338K(512K) NonClass: 320K(384K)->320K(384K) Class: 17K(128K)->17K(128K)
[2026-03-22T17:32:36.232+0900][1.298s][info][gc             ] GC(54) Pause Young (Allocation Failure) 352M->295M(501M) 4.915ms
[2026-03-22T17:32:36.232+0900][1.298s][info][gc,cpu         ] GC(54) User=0.06s Sys=0.00s Real=0.01s
[2026-03-22T17:32:36.248+0900][1.313s][info][gc,start       ] GC(55) Pause Full (Ergonomics)
[2026-03-22T17:32:36.248+0900][1.313s][info][gc,phases,start] GC(55) Marking Phase
[2026-03-22T17:32:36.249+0900][1.315s][info][gc,phases      ] GC(55) Marking Phase 1.157ms
[2026-03-22T17:32:36.249+0900][1.315s][info][gc,phases,start] GC(55) Summary Phase
[2026-03-22T17:32:36.249+0900][1.315s][info][gc,phases      ] GC(55) Summary Phase 0.015ms
[2026-03-22T17:32:36.249+0900][1.315s][info][gc,phases,start] GC(55) Adjust Roots
[2026-03-22T17:32:36.249+0900][1.315s][info][gc,phases      ] GC(55) Adjust Roots 0.246ms
[2026-03-22T17:32:36.249+0900][1.315s][info][gc,phases,start] GC(55) Compaction Phase
[2026-03-22T17:32:36.255+0900][1.321s][info][gc,phases      ] GC(55) Compaction Phase 5.607ms
[2026-03-22T17:32:36.255+0900][1.321s][info][gc,phases,start] GC(55) Post Compact
[2026-03-22T17:32:36.257+0900][1.322s][info][gc,phases      ] GC(55) Post Compact 1.625ms
[2026-03-22T17:32:36.257+0900][1.322s][info][gc,heap        ] GC(55) PSYoungGen: 163057K(163840K)->0K(163840K) Eden: 152561K(153088K)->0K(153088K) From: 10496K(10752K)->0K(10752K)
[2026-03-22T17:32:36.257+0900][1.322s][info][gc,heap        ] GC(55) ParOldGen: 291999K(349696K)->103430K(349696K)
[2026-03-22T17:32:36.257+0900][1.322s][info][gc,metaspace   ] GC(55) Metaspace: 338K(512K)->338K(512K) NonClass: 320K(384K)->320K(384K) Class: 17K(128K)->17K(128K)
[2026-03-22T17:32:36.257+0900][1.322s][info][gc             ] GC(55) Pause Full (Ergonomics) 444M->101M(501M) 8.927ms
[2026-03-22T17:32:36.257+0900][1.322s][info][gc,cpu         ] GC(55) User=0.00s Sys=0.00s Real=0.01s
[2026-03-22T17:32:36.272+0900][1.337s][info][gc,start       ] GC(56) Pause Young (Allocation Failure)
[2026-03-22T17:32:36.283+0900][1.349s][info][gc,heap        ] GC(56) PSYoungGen: 152561K(163840K)->10496K(163840K) Eden: 152561K(153088K)->0K(153088K) From: 0K(10752K)->10496K(10752K)
[2026-03-22T17:32:36.283+0900][1.350s][info][gc,heap        ] GC(56) ParOldGen: 103430K(349696K)->197638K(349696K)
[2026-03-22T17:32:36.283+0900][1.350s][info][gc,metaspace   ] GC(56) Metaspace: 338K(512K)->338K(512K) NonClass: 320K(384K)->320K(384K) Class: 17K(128K)->17K(128K)
[2026-03-22T17:32:36.283+0900][1.350s][info][gc             ] GC(56) Pause Young (Allocation Failure) 249M->203M(501M) 12.075ms
[2026-03-22T17:32:36.283+0900][1.350s][info][gc,cpu         ] GC(56) User=0.00s Sys=0.00s Real=0.01s
[2026-03-22T17:32:36.298+0900][1.364s][info][gc,start       ] GC(57) Pause Young (Allocation Failure)
[2026-03-22T17:32:36.303+0900][1.369s][info][gc,heap        ] GC(57) PSYoungGen: 163057K(163840K)->10496K(163840K) Eden: 152561K(153088K)->0K(153088K) From: 10496K(10752K)->10496K(10752K)
[2026-03-22T17:32:36.303+0900][1.369s][info][gc,heap        ] GC(57) ParOldGen: 197638K(349696K)->291999K(349696K)
[2026-03-22T17:32:36.303+0900][1.369s][info][gc,metaspace   ] GC(57) Metaspace: 338K(512K)->338K(512K) NonClass: 320K(384K)->320K(384K) Class: 17K(128K)->17K(128K)
[2026-03-22T17:32:36.303+0900][1.369s][info][gc             ] GC(57) Pause Young (Allocation Failure) 352M->295M(501M) 4.877ms
[2026-03-22T17:32:36.303+0900][1.369s][info][gc,cpu         ] GC(57) User=0.00s Sys=0.00s Real=0.00s
[2026-03-22T17:32:36.321+0900][1.386s][info][gc,start       ] GC(58) Pause Full (Ergonomics)
[2026-03-22T17:32:36.321+0900][1.386s][info][gc,phases,start] GC(58) Marking Phase
[2026-03-22T17:32:36.322+0900][1.388s][info][gc,phases      ] GC(58) Marking Phase 1.375ms
[2026-03-22T17:32:36.322+0900][1.388s][info][gc,phases,start] GC(58) Summary Phase
[2026-03-22T17:32:36.323+0900][1.388s][info][gc,phases      ] GC(58) Summary Phase 0.041ms
[2026-03-22T17:32:36.323+0900][1.388s][info][gc,phases,start] GC(58) Adjust Roots
[2026-03-22T17:32:36.323+0900][1.388s][info][gc,phases      ] GC(58) Adjust Roots 0.202ms
[2026-03-22T17:32:36.323+0900][1.388s][info][gc,phases,start] GC(58) Compaction Phase
[2026-03-22T17:32:36.328+0900][1.394s][info][gc,phases      ] GC(58) Compaction Phase 5.549ms
[2026-03-22T17:32:36.328+0900][1.394s][info][gc,phases,start] GC(58) Post Compact
[2026-03-22T17:32:36.330+0900][1.395s][info][gc,phases      ] GC(58) Post Compact 1.376ms
[2026-03-22T17:32:36.330+0900][1.395s][info][gc,heap        ] GC(58) PSYoungGen: 163057K(163840K)->0K(163840K) Eden: 152561K(153088K)->0K(153088K) From: 10496K(10752K)->0K(10752K)
[2026-03-22T17:32:36.330+0900][1.395s][info][gc,heap        ] GC(58) ParOldGen: 291999K(349696K)->103430K(349696K)
[2026-03-22T17:32:36.330+0900][1.395s][info][gc,metaspace   ] GC(58) Metaspace: 338K(512K)->338K(512K) NonClass: 320K(384K)->320K(384K) Class: 17K(128K)->17K(128K)
[2026-03-22T17:32:36.330+0900][1.395s][info][gc             ] GC(58) Pause Full (Ergonomics) 444M->101M(501M) 9.143ms
[2026-03-22T17:32:36.330+0900][1.395s][info][gc,cpu         ] GC(58) User=0.00s Sys=0.02s Real=0.01s
[2026-03-22T17:32:36.345+0900][1.410s][info][gc,start       ] GC(59) Pause Young (Allocation Failure)
[2026-03-22T17:32:36.350+0900][1.415s][info][gc,heap        ] GC(59) PSYoungGen: 152561K(163840K)->10496K(163840K) Eden: 152561K(153088K)->0K(153088K) From: 0K(10752K)->10496K(10752K)
[2026-03-22T17:32:36.350+0900][1.415s][info][gc,heap        ] GC(59) ParOldGen: 103430K(349696K)->197638K(349696K)
[2026-03-22T17:32:36.350+0900][1.415s][info][gc,metaspace   ] GC(59) Metaspace: 338K(512K)->338K(512K) NonClass: 320K(384K)->320K(384K) Class: 17K(128K)->17K(128K)
[2026-03-22T17:32:36.350+0900][1.415s][info][gc             ] GC(59) Pause Young (Allocation Failure) 249M->203M(501M) 4.764ms
[2026-03-22T17:32:36.350+0900][1.415s][info][gc,cpu         ] GC(59) User=0.00s Sys=0.00s Real=0.00s
[2026-03-22T17:32:36.365+0900][1.431s][info][gc,start       ] GC(60) Pause Young (Allocation Failure)
[2026-03-22T17:32:36.370+0900][1.436s][info][gc,heap        ] GC(60) PSYoungGen: 163057K(163840K)->10496K(163840K) Eden: 152561K(153088K)->0K(153088K) From: 10496K(10752K)->10496K(10752K)
[2026-03-22T17:32:36.370+0900][1.436s][info][gc,heap        ] GC(60) ParOldGen: 197638K(349696K)->291999K(349696K)
[2026-03-22T17:32:36.370+0900][1.436s][info][gc,metaspace   ] GC(60) Metaspace: 338K(512K)->338K(512K) NonClass: 320K(384K)->320K(384K) Class: 17K(128K)->17K(128K)
[2026-03-22T17:32:36.370+0900][1.436s][info][gc             ] GC(60) Pause Young (Allocation Failure) 352M->295M(501M) 4.865ms
[2026-03-22T17:32:36.370+0900][1.436s][info][gc,cpu         ] GC(60) User=0.06s Sys=0.00s Real=0.00s
[2026-03-22T17:32:36.384+0900][1.450s][info][gc,start       ] GC(61) Pause Full (Ergonomics)
[2026-03-22T17:32:36.384+0900][1.451s][info][gc,phases,start] GC(61) Marking Phase
[2026-03-22T17:32:36.386+0900][1.452s][info][gc,phases      ] GC(61) Marking Phase 1.207ms
[2026-03-22T17:32:36.386+0900][1.452s][info][gc,phases,start] GC(61) Summary Phase
[2026-03-22T17:32:36.386+0900][1.452s][info][gc,phases      ] GC(61) Summary Phase 0.015ms
[2026-03-22T17:32:36.386+0900][1.452s][info][gc,phases,start] GC(61) Adjust Roots
[2026-03-22T17:32:36.386+0900][1.452s][info][gc,phases      ] GC(61) Adjust Roots 0.178ms
[2026-03-22T17:32:36.386+0900][1.452s][info][gc,phases,start] GC(61) Compaction Phase
[2026-03-22T17:32:36.392+0900][1.458s][info][gc,phases      ] GC(61) Compaction Phase 6.159ms
[2026-03-22T17:32:36.392+0900][1.458s][info][gc,phases,start] GC(61) Post Compact
[2026-03-22T17:32:36.393+0900][1.460s][info][gc,phases      ] GC(61) Post Compact 1.391ms
[2026-03-22T17:32:36.394+0900][1.460s][info][gc,heap        ] GC(61) PSYoungGen: 163057K(163840K)->0K(163840K) Eden: 152561K(153088K)->0K(153088K) From: 10496K(10752K)->0K(10752K)
[2026-03-22T17:32:36.394+0900][1.460s][info][gc,heap        ] GC(61) ParOldGen: 291999K(349696K)->103430K(349696K)
[2026-03-22T17:32:36.394+0900][1.460s][info][gc,metaspace   ] GC(61) Metaspace: 338K(512K)->338K(512K) NonClass: 320K(384K)->320K(384K) Class: 17K(128K)->17K(128K)
[2026-03-22T17:32:36.394+0900][1.460s][info][gc             ] GC(61) Pause Full (Ergonomics) 444M->101M(501M) 9.219ms
[2026-03-22T17:32:36.394+0900][1.460s][info][gc,cpu         ] GC(61) User=0.00s Sys=0.00s Real=0.01s
[2026-03-22T17:32:36.409+0900][1.475s][info][gc,start       ] GC(62) Pause Young (Allocation Failure)
[2026-03-22T17:32:36.414+0900][1.479s][info][gc,heap        ] GC(62) PSYoungGen: 152561K(163840K)->10496K(163840K) Eden: 152561K(153088K)->0K(153088K) From: 0K(10752K)->10496K(10752K)
[2026-03-22T17:32:36.414+0900][1.479s][info][gc,heap        ] GC(62) ParOldGen: 103430K(349696K)->197638K(349696K)
[2026-03-22T17:32:36.414+0900][1.479s][info][gc,metaspace   ] GC(62) Metaspace: 338K(512K)->338K(512K) NonClass: 320K(384K)->320K(384K) Class: 17K(128K)->17K(128K)
[2026-03-22T17:32:36.414+0900][1.479s][info][gc             ] GC(62) Pause Young (Allocation Failure) 249M->203M(501M) 4.695ms
[2026-03-22T17:32:36.414+0900][1.479s][info][gc,cpu         ] GC(62) User=0.00s Sys=0.00s Real=0.01s
[2026-03-22T17:32:36.429+0900][1.494s][info][gc,start       ] GC(63) Pause Young (Allocation Failure)
[2026-03-22T17:32:36.434+0900][1.499s][info][gc,heap        ] GC(63) PSYoungGen: 163057K(163840K)->10496K(163840K) Eden: 152561K(153088K)->0K(153088K) From: 10496K(10752K)->10496K(10752K)
[2026-03-22T17:32:36.434+0900][1.499s][info][gc,heap        ] GC(63) ParOldGen: 197638K(349696K)->291999K(349696K)
[2026-03-22T17:32:36.434+0900][1.499s][info][gc,metaspace   ] GC(63) Metaspace: 338K(512K)->338K(512K) NonClass: 320K(384K)->320K(384K) Class: 17K(128K)->17K(128K)
[2026-03-22T17:32:36.434+0900][1.500s][info][gc             ] GC(63) Pause Young (Allocation Failure) 352M->295M(501M) 5.235ms
[2026-03-22T17:32:36.434+0900][1.500s][info][gc,cpu         ] GC(63) User=0.06s Sys=0.00s Real=0.01s
[2026-03-22T17:32:36.448+0900][1.514s][info][gc,start       ] GC(64) Pause Full (Ergonomics)
[2026-03-22T17:32:36.448+0900][1.514s][info][gc,phases,start] GC(64) Marking Phase
[2026-03-22T17:32:36.450+0900][1.516s][info][gc,phases      ] GC(64) Marking Phase 1.344ms
[2026-03-22T17:32:36.450+0900][1.516s][info][gc,phases,start] GC(64) Summary Phase
[2026-03-22T17:32:36.450+0900][1.516s][info][gc,phases      ] GC(64) Summary Phase 0.015ms
[2026-03-22T17:32:36.450+0900][1.516s][info][gc,phases,start] GC(64) Adjust Roots
[2026-03-22T17:32:36.450+0900][1.516s][info][gc,phases      ] GC(64) Adjust Roots 0.278ms
[2026-03-22T17:32:36.450+0900][1.516s][info][gc,phases,start] GC(64) Compaction Phase
[2026-03-22T17:32:36.456+0900][1.522s][info][gc,phases      ] GC(64) Compaction Phase 6.037ms
[2026-03-22T17:32:36.456+0900][1.522s][info][gc,phases,start] GC(64) Post Compact
[2026-03-22T17:32:36.458+0900][1.523s][info][gc,phases      ] GC(64) Post Compact 1.293ms
[2026-03-22T17:32:36.458+0900][1.523s][info][gc,heap        ] GC(64) PSYoungGen: 163057K(163840K)->0K(163840K) Eden: 152561K(153088K)->0K(153088K) From: 10496K(10752K)->0K(10752K)
[2026-03-22T17:32:36.458+0900][1.523s][info][gc,heap        ] GC(64) ParOldGen: 291999K(349696K)->103430K(349696K)
[2026-03-22T17:32:36.458+0900][1.524s][info][gc,metaspace   ] GC(64) Metaspace: 338K(512K)->338K(512K) NonClass: 320K(384K)->320K(384K) Class: 17K(128K)->17K(128K)
[2026-03-22T17:32:36.458+0900][1.524s][info][gc             ] GC(64) Pause Full (Ergonomics) 444M->101M(501M) 9.273ms
[2026-03-22T17:32:36.458+0900][1.524s][info][gc,cpu         ] GC(64) User=0.00s Sys=0.00s Real=0.01s
[2026-03-22T17:32:36.472+0900][1.538s][info][gc,start       ] GC(65) Pause Young (Allocation Failure)
[2026-03-22T17:32:36.477+0900][1.543s][info][gc,heap        ] GC(65) PSYoungGen: 152561K(163840K)->10496K(163840K) Eden: 152561K(153088K)->0K(153088K) From: 0K(10752K)->10496K(10752K)
[2026-03-22T17:32:36.477+0900][1.543s][info][gc,heap        ] GC(65) ParOldGen: 103430K(349696K)->197638K(349696K)
[2026-03-22T17:32:36.477+0900][1.543s][info][gc,metaspace   ] GC(65) Metaspace: 338K(512K)->338K(512K) NonClass: 320K(384K)->320K(384K) Class: 17K(128K)->17K(128K)
[2026-03-22T17:32:36.477+0900][1.543s][info][gc             ] GC(65) Pause Young (Allocation Failure) 249M->203M(501M) 4.772ms
[2026-03-22T17:32:36.477+0900][1.543s][info][gc,cpu         ] GC(65) User=0.00s Sys=0.00s Real=0.01s
[2026-03-22T17:32:36.493+0900][1.559s][info][gc,start       ] GC(66) Pause Young (Allocation Failure)
[2026-03-22T17:32:36.498+0900][1.564s][info][gc,heap        ] GC(66) PSYoungGen: 163057K(163840K)->10496K(163840K) Eden: 152561K(153088K)->0K(153088K) From: 10496K(10752K)->10496K(10752K)
[2026-03-22T17:32:36.498+0900][1.564s][info][gc,heap        ] GC(66) ParOldGen: 197638K(349696K)->291999K(349696K)
[2026-03-22T17:32:36.498+0900][1.564s][info][gc,metaspace   ] GC(66) Metaspace: 338K(512K)->338K(512K) NonClass: 320K(384K)->320K(384K) Class: 17K(128K)->17K(128K)
[2026-03-22T17:32:36.498+0900][1.564s][info][gc             ] GC(66) Pause Young (Allocation Failure) 352M->295M(501M) 5.027ms
[2026-03-22T17:32:36.498+0900][1.564s][info][gc,cpu         ] GC(66) User=0.05s Sys=0.00s Real=0.00s
[2026-03-22T17:32:36.512+0900][1.579s][info][gc,start       ] GC(67) Pause Full (Ergonomics)
[2026-03-22T17:32:36.513+0900][1.579s][info][gc,phases,start] GC(67) Marking Phase
[2026-03-22T17:32:36.514+0900][1.580s][info][gc,phases      ] GC(67) Marking Phase 1.349ms
[2026-03-22T17:32:36.514+0900][1.580s][info][gc,phases,start] GC(67) Summary Phase
[2026-03-22T17:32:36.514+0900][1.580s][info][gc,phases      ] GC(67) Summary Phase 0.014ms
[2026-03-22T17:32:36.514+0900][1.580s][info][gc,phases,start] GC(67) Adjust Roots
[2026-03-22T17:32:36.514+0900][1.580s][info][gc,phases      ] GC(67) Adjust Roots 0.180ms
[2026-03-22T17:32:36.514+0900][1.580s][info][gc,phases,start] GC(67) Compaction Phase
[2026-03-22T17:32:36.521+0900][1.587s][info][gc,phases      ] GC(67) Compaction Phase 6.708ms
[2026-03-22T17:32:36.521+0900][1.587s][info][gc,phases,start] GC(67) Post Compact
[2026-03-22T17:32:36.523+0900][1.589s][info][gc,phases      ] GC(67) Post Compact 1.540ms
[2026-03-22T17:32:36.523+0900][1.589s][info][gc,heap        ] GC(67) PSYoungGen: 163057K(163840K)->0K(163840K) Eden: 152561K(153088K)->0K(153088K) From: 10496K(10752K)->0K(10752K)
[2026-03-22T17:32:36.523+0900][1.589s][info][gc,heap        ] GC(67) ParOldGen: 291999K(349696K)->103430K(349696K)
[2026-03-22T17:32:36.523+0900][1.589s][info][gc,metaspace   ] GC(67) Metaspace: 338K(512K)->338K(512K) NonClass: 320K(384K)->320K(384K) Class: 17K(128K)->17K(128K)
[2026-03-22T17:32:36.523+0900][1.589s][info][gc             ] GC(67) Pause Full (Ergonomics) 444M->101M(501M) 10.150ms
[2026-03-22T17:32:36.523+0900][1.589s][info][gc,cpu         ] GC(67) User=0.00s Sys=0.00s Real=0.01s
[2026-03-22T17:32:36.538+0900][1.605s][info][gc,start       ] GC(68) Pause Young (Allocation Failure)
[2026-03-22T17:32:36.544+0900][1.610s][info][gc,heap        ] GC(68) PSYoungGen: 152561K(163840K)->10496K(163840K) Eden: 152561K(153088K)->0K(153088K) From: 0K(10752K)->10496K(10752K)
[2026-03-22T17:32:36.544+0900][1.610s][info][gc,heap        ] GC(68) ParOldGen: 103430K(349696K)->197638K(349696K)
[2026-03-22T17:32:36.544+0900][1.610s][info][gc,metaspace   ] GC(68) Metaspace: 338K(512K)->338K(512K) NonClass: 320K(384K)->320K(384K) Class: 17K(128K)->17K(128K)
[2026-03-22T17:32:36.544+0900][1.610s][info][gc             ] GC(68) Pause Young (Allocation Failure) 249M->203M(501M) 5.359ms
[2026-03-22T17:32:36.544+0900][1.610s][info][gc,cpu         ] GC(68) User=0.05s Sys=0.00s Real=0.01s
[2026-03-22T17:32:36.559+0900][1.624s][info][gc,start       ] GC(69) Pause Young (Allocation Failure)
[2026-03-22T17:32:36.563+0900][1.630s][info][gc,heap        ] GC(69) PSYoungGen: 163057K(163840K)->10496K(163840K) Eden: 152561K(153088K)->0K(153088K) From: 10496K(10752K)->10496K(10752K)
[2026-03-22T17:32:36.563+0900][1.630s][info][gc,heap        ] GC(69) ParOldGen: 197638K(349696K)->291999K(349696K)
[2026-03-22T17:32:36.563+0900][1.630s][info][gc,metaspace   ] GC(69) Metaspace: 338K(512K)->338K(512K) NonClass: 320K(384K)->320K(384K) Class: 17K(128K)->17K(128K)
[2026-03-22T17:32:36.565+0900][1.630s][info][gc             ] GC(69) Pause Young (Allocation Failure) 352M->295M(501M) 5.594ms
[2026-03-22T17:32:36.565+0900][1.630s][info][gc,cpu         ] GC(69) User=0.00s Sys=0.00s Real=0.01s
[2026-03-22T17:32:36.580+0900][1.645s][info][gc,start       ] GC(70) Pause Full (Ergonomics)
[2026-03-22T17:32:36.580+0900][1.645s][info][gc,phases,start] GC(70) Marking Phase
[2026-03-22T17:32:36.581+0900][1.646s][info][gc,phases      ] GC(70) Marking Phase 1.205ms
[2026-03-22T17:32:36.581+0900][1.646s][info][gc,phases,start] GC(70) Summary Phase
[2026-03-22T17:32:36.581+0900][1.646s][info][gc,phases      ] GC(70) Summary Phase 0.019ms
[2026-03-22T17:32:36.581+0900][1.646s][info][gc,phases,start] GC(70) Adjust Roots
[2026-03-22T17:32:36.581+0900][1.647s][info][gc,phases      ] GC(70) Adjust Roots 0.225ms
[2026-03-22T17:32:36.581+0900][1.647s][info][gc,phases,start] GC(70) Compaction Phase
[2026-03-22T17:32:36.587+0900][1.653s][info][gc,phases      ] GC(70) Compaction Phase 6.527ms
[2026-03-22T17:32:36.587+0900][1.653s][info][gc,phases,start] GC(70) Post Compact
[2026-03-22T17:32:36.590+0900][1.655s][info][gc,phases      ] GC(70) Post Compact 1.746ms
[2026-03-22T17:32:36.590+0900][1.655s][info][gc,heap        ] GC(70) PSYoungGen: 163057K(163840K)->0K(163840K) Eden: 152561K(153088K)->0K(153088K) From: 10496K(10752K)->0K(10752K)
[2026-03-22T17:32:36.590+0900][1.655s][info][gc,heap        ] GC(70) ParOldGen: 291999K(349696K)->103194K(349696K)
[2026-03-22T17:32:36.590+0900][1.655s][info][gc,metaspace   ] GC(70) Metaspace: 338K(512K)->338K(512K) NonClass: 320K(384K)->320K(384K) Class: 17K(128K)->17K(128K)
[2026-03-22T17:32:36.590+0900][1.655s][info][gc             ] GC(70) Pause Full (Ergonomics) 444M->100M(501M) 10.094ms
[2026-03-22T17:32:36.590+0900][1.655s][info][gc,cpu         ] GC(70) User=0.00s Sys=0.02s Real=0.01s
[2026-03-22T17:32:36.604+0900][1.670s][info][gc,start       ] GC(71) Pause Young (Allocation Failure)
[2026-03-22T17:32:36.609+0900][1.675s][info][gc,heap        ] GC(71) PSYoungGen: 152561K(163840K)->10496K(163840K) Eden: 152561K(153088K)->0K(153088K) From: 0K(10752K)->10496K(10752K)
[2026-03-22T17:32:36.609+0900][1.675s][info][gc,heap        ] GC(71) ParOldGen: 103194K(349696K)->197403K(349696K)
[2026-03-22T17:32:36.609+0900][1.675s][info][gc,metaspace   ] GC(71) Metaspace: 338K(512K)->338K(512K) NonClass: 320K(384K)->320K(384K) Class: 17K(128K)->17K(128K)
[2026-03-22T17:32:36.609+0900][1.675s][info][gc             ] GC(71) Pause Young (Allocation Failure) 249M->203M(501M) 4.953ms
[2026-03-22T17:32:36.609+0900][1.675s][info][gc,cpu         ] GC(71) User=0.00s Sys=0.00s Real=0.00s
[2026-03-22T17:32:36.625+0900][1.691s][info][gc,start       ] GC(72) Pause Young (Allocation Failure)
[2026-03-22T17:32:36.630+0900][1.696s][info][gc,heap        ] GC(72) PSYoungGen: 163057K(163840K)->10496K(163840K) Eden: 152561K(153088K)->0K(153088K) From: 10496K(10752K)->10496K(10752K)
[2026-03-22T17:32:36.630+0900][1.696s][info][gc,heap        ] GC(72) ParOldGen: 197403K(349696K)->291764K(349696K)
[2026-03-22T17:32:36.630+0900][1.696s][info][gc,metaspace   ] GC(72) Metaspace: 338K(512K)->338K(512K) NonClass: 320K(384K)->320K(384K) Class: 17K(128K)->17K(128K)
[2026-03-22T17:32:36.630+0900][1.696s][info][gc             ] GC(72) Pause Young (Allocation Failure) 352M->295M(501M) 5.185ms
[2026-03-22T17:32:36.630+0900][1.696s][info][gc,cpu         ] GC(72) User=0.00s Sys=0.00s Real=0.01s
[2026-03-22T17:32:36.645+0900][1.710s][info][gc,start       ] GC(73) Pause Full (Ergonomics)
[2026-03-22T17:32:36.645+0900][1.711s][info][gc,phases,start] GC(73) Marking Phase
[2026-03-22T17:32:36.646+0900][1.712s][info][gc,phases      ] GC(73) Marking Phase 1.391ms
[2026-03-22T17:32:36.646+0900][1.712s][info][gc,phases,start] GC(73) Summary Phase
[2026-03-22T17:32:36.646+0900][1.712s][info][gc,phases      ] GC(73) Summary Phase 0.021ms
[2026-03-22T17:32:36.646+0900][1.712s][info][gc,phases,start] GC(73) Adjust Roots
[2026-03-22T17:32:36.646+0900][1.712s][info][gc,phases      ] GC(73) Adjust Roots 0.210ms
[2026-03-22T17:32:36.646+0900][1.712s][info][gc,phases,start] GC(73) Compaction Phase
[2026-03-22T17:32:36.652+0900][1.719s][info][gc,phases      ] GC(73) Compaction Phase 6.229ms
[2026-03-22T17:32:36.652+0900][1.719s][info][gc,phases,start] GC(73) Post Compact
[2026-03-22T17:32:36.655+0900][1.720s][info][gc,phases      ] GC(73) Post Compact 1.383ms
[2026-03-22T17:32:36.655+0900][1.720s][info][gc,heap        ] GC(73) PSYoungGen: 163057K(163840K)->0K(163840K) Eden: 152561K(153088K)->0K(153088K) From: 10496K(10752K)->0K(10752K)
[2026-03-22T17:32:36.655+0900][1.720s][info][gc,heap        ] GC(73) ParOldGen: 291764K(349696K)->103429K(349696K)
[2026-03-22T17:32:36.655+0900][1.720s][info][gc,metaspace   ] GC(73) Metaspace: 338K(512K)->338K(512K) NonClass: 320K(384K)->320K(384K) Class: 17K(128K)->17K(128K)
[2026-03-22T17:32:36.655+0900][1.720s][info][gc             ] GC(73) Pause Full (Ergonomics) 444M->101M(501M) 9.659ms
[2026-03-22T17:32:36.655+0900][1.720s][info][gc,cpu         ] GC(73) User=0.05s Sys=0.00s Real=0.01s
[2026-03-22T17:32:36.670+0900][1.736s][info][gc,start       ] GC(74) Pause Young (Allocation Failure)
[2026-03-22T17:32:36.675+0900][1.741s][info][gc,heap        ] GC(74) PSYoungGen: 152561K(163840K)->10496K(163840K) Eden: 152561K(153088K)->0K(153088K) From: 0K(10752K)->10496K(10752K)
[2026-03-22T17:32:36.675+0900][1.741s][info][gc,heap        ] GC(74) ParOldGen: 103429K(349696K)->197638K(349696K)
[2026-03-22T17:32:36.675+0900][1.741s][info][gc,metaspace   ] GC(74) Metaspace: 338K(512K)->338K(512K) NonClass: 320K(384K)->320K(384K) Class: 17K(128K)->17K(128K)
[2026-03-22T17:32:36.675+0900][1.741s][info][gc             ] GC(74) Pause Young (Allocation Failure) 249M->203M(501M) 5.165ms
[2026-03-22T17:32:36.675+0900][1.741s][info][gc,cpu         ] GC(74) User=0.00s Sys=0.00s Real=0.00s
[2026-03-22T17:32:36.689+0900][1.755s][info][gc,start       ] GC(75) Pause Young (Allocation Failure)
[2026-03-22T17:32:36.695+0900][1.760s][info][gc,heap        ] GC(75) PSYoungGen: 163057K(163840K)->10496K(163840K) Eden: 152561K(153088K)->0K(153088K) From: 10496K(10752K)->10496K(10752K)
[2026-03-22T17:32:36.695+0900][1.760s][info][gc,heap        ] GC(75) ParOldGen: 197638K(349696K)->291999K(349696K)
[2026-03-22T17:32:36.695+0900][1.760s][info][gc,metaspace   ] GC(75) Metaspace: 338K(512K)->338K(512K) NonClass: 320K(384K)->320K(384K) Class: 17K(128K)->17K(128K)
[2026-03-22T17:32:36.695+0900][1.760s][info][gc             ] GC(75) Pause Young (Allocation Failure) 352M->295M(501M) 4.895ms
[2026-03-22T17:32:36.695+0900][1.760s][info][gc,cpu         ] GC(75) User=0.00s Sys=0.00s Real=0.01s
[2026-03-22T17:32:36.710+0900][1.775s][info][gc,start       ] GC(76) Pause Full (Ergonomics)
[2026-03-22T17:32:36.710+0900][1.775s][info][gc,phases,start] GC(76) Marking Phase
[2026-03-22T17:32:36.711+0900][1.777s][info][gc,phases      ] GC(76) Marking Phase 1.252ms
[2026-03-22T17:32:36.711+0900][1.777s][info][gc,phases,start] GC(76) Summary Phase
[2026-03-22T17:32:36.711+0900][1.777s][info][gc,phases      ] GC(76) Summary Phase 0.018ms
[2026-03-22T17:32:36.711+0900][1.777s][info][gc,phases,start] GC(76) Adjust Roots
[2026-03-22T17:32:36.711+0900][1.777s][info][gc,phases      ] GC(76) Adjust Roots 0.189ms
[2026-03-22T17:32:36.711+0900][1.777s][info][gc,phases,start] GC(76) Compaction Phase
[2026-03-22T17:32:36.719+0900][1.785s][info][gc,phases      ] GC(76) Compaction Phase 7.994ms
[2026-03-22T17:32:36.719+0900][1.785s][info][gc,phases,start] GC(76) Post Compact
[2026-03-22T17:32:36.720+0900][1.787s][info][gc,phases      ] GC(76) Post Compact 1.477ms
[2026-03-22T17:32:36.720+0900][1.787s][info][gc,heap        ] GC(76) PSYoungGen: 163057K(163840K)->0K(163840K) Eden: 152561K(153088K)->0K(153088K) From: 10496K(10752K)->0K(10752K)
[2026-03-22T17:32:36.720+0900][1.787s][info][gc,heap        ] GC(76) ParOldGen: 291999K(349696K)->103429K(349696K)
[2026-03-22T17:32:36.720+0900][1.787s][info][gc,metaspace   ] GC(76) Metaspace: 338K(512K)->338K(512K) NonClass: 320K(384K)->320K(384K) Class: 17K(128K)->17K(128K)
[2026-03-22T17:32:36.720+0900][1.787s][info][gc             ] GC(76) Pause Full (Ergonomics) 444M->101M(501M) 11.314ms
[2026-03-22T17:32:36.720+0900][1.787s][info][gc,cpu         ] GC(76) User=0.05s Sys=0.00s Real=0.01s
[2026-03-22T17:32:36.736+0900][1.802s][info][gc,start       ] GC(77) Pause Young (Allocation Failure)
[2026-03-22T17:32:36.741+0900][1.807s][info][gc,heap        ] GC(77) PSYoungGen: 152561K(163840K)->10496K(163840K) Eden: 152561K(153088K)->0K(153088K) From: 0K(10752K)->10496K(10752K)
[2026-03-22T17:32:36.741+0900][1.807s][info][gc,heap        ] GC(77) ParOldGen: 103429K(349696K)->197638K(349696K)
[2026-03-22T17:32:36.741+0900][1.807s][info][gc,metaspace   ] GC(77) Metaspace: 338K(512K)->338K(512K) NonClass: 320K(384K)->320K(384K) Class: 17K(128K)->17K(128K)
[2026-03-22T17:32:36.741+0900][1.807s][info][gc             ] GC(77) Pause Young (Allocation Failure) 249M->203M(501M) 5.213ms
[2026-03-22T17:32:36.741+0900][1.807s][info][gc,cpu         ] GC(77) User=0.00s Sys=0.00s Real=0.00s
[2026-03-22T17:32:36.756+0900][1.822s][info][gc,start       ] GC(78) Pause Young (Allocation Failure)
[2026-03-22T17:32:36.761+0900][1.827s][info][gc,heap        ] GC(78) PSYoungGen: 163057K(163840K)->10496K(163840K) Eden: 152561K(153088K)->0K(153088K) From: 10496K(10752K)->10496K(10752K)
[2026-03-22T17:32:36.761+0900][1.827s][info][gc,heap        ] GC(78) ParOldGen: 197638K(349696K)->291999K(349696K)
[2026-03-22T17:32:36.761+0900][1.827s][info][gc,metaspace   ] GC(78) Metaspace: 338K(512K)->338K(512K) NonClass: 320K(384K)->320K(384K) Class: 17K(128K)->17K(128K)
[2026-03-22T17:32:36.761+0900][1.827s][info][gc             ] GC(78) Pause Young (Allocation Failure) 352M->295M(501M) 5.494ms
[2026-03-22T17:32:36.761+0900][1.827s][info][gc,cpu         ] GC(78) User=0.06s Sys=0.00s Real=0.00s
[2026-03-22T17:32:36.776+0900][1.842s][info][gc,start       ] GC(79) Pause Full (Ergonomics)
[2026-03-22T17:32:36.776+0900][1.842s][info][gc,phases,start] GC(79) Marking Phase
[2026-03-22T17:32:36.778+0900][1.844s][info][gc,phases      ] GC(79) Marking Phase 1.194ms
[2026-03-22T17:32:36.778+0900][1.844s][info][gc,phases,start] GC(79) Summary Phase
[2026-03-22T17:32:36.778+0900][1.844s][info][gc,phases      ] GC(79) Summary Phase 0.016ms
[2026-03-22T17:32:36.778+0900][1.844s][info][gc,phases,start] GC(79) Adjust Roots
[2026-03-22T17:32:36.779+0900][1.844s][info][gc,phases      ] GC(79) Adjust Roots 0.374ms
[2026-03-22T17:32:36.779+0900][1.844s][info][gc,phases,start] GC(79) Compaction Phase
[2026-03-22T17:32:36.785+0900][1.851s][info][gc,phases      ] GC(79) Compaction Phase 6.459ms
[2026-03-22T17:32:36.785+0900][1.851s][info][gc,phases,start] GC(79) Post Compact
[2026-03-22T17:32:36.786+0900][1.852s][info][gc,phases      ] GC(79) Post Compact 1.382ms
[2026-03-22T17:32:36.787+0900][1.852s][info][gc,heap        ] GC(79) PSYoungGen: 163057K(163840K)->0K(163840K) Eden: 152561K(153088K)->0K(153088K) From: 10496K(10752K)->0K(10752K)
[2026-03-22T17:32:36.787+0900][1.852s][info][gc,heap        ] GC(79) ParOldGen: 291999K(349696K)->103429K(349696K)
[2026-03-22T17:32:36.787+0900][1.852s][info][gc,metaspace   ] GC(79) Metaspace: 338K(512K)->338K(512K) NonClass: 320K(384K)->320K(384K) Class: 17K(128K)->17K(128K)
[2026-03-22T17:32:36.787+0900][1.852s][info][gc             ] GC(79) Pause Full (Ergonomics) 444M->101M(501M) 9.679ms
[2026-03-22T17:32:36.787+0900][1.852s][info][gc,cpu         ] GC(79) User=0.00s Sys=0.00s Real=0.01s
[2026-03-22T17:32:36.802+0900][1.868s][info][gc,start       ] GC(80) Pause Young (Allocation Failure)
[2026-03-22T17:32:36.807+0900][1.873s][info][gc,heap        ] GC(80) PSYoungGen: 152561K(163840K)->10496K(163840K) Eden: 152561K(153088K)->0K(153088K) From: 0K(10752K)->10496K(10752K)
[2026-03-22T17:32:36.807+0900][1.873s][info][gc,heap        ] GC(80) ParOldGen: 103429K(349696K)->197638K(349696K)
[2026-03-22T17:32:36.807+0900][1.873s][info][gc,metaspace   ] GC(80) Metaspace: 338K(512K)->338K(512K) NonClass: 320K(384K)->320K(384K) Class: 17K(128K)->17K(128K)
[2026-03-22T17:32:36.807+0900][1.873s][info][gc             ] GC(80) Pause Young (Allocation Failure) 249M->203M(501M) 5.800ms
[2026-03-22T17:32:36.807+0900][1.873s][info][gc,cpu         ] GC(80) User=0.06s Sys=0.00s Real=0.00s
[2026-03-22T17:32:36.824+0900][1.889s][info][gc,start       ] GC(81) Pause Young (Allocation Failure)
[2026-03-22T17:32:36.829+0900][1.894s][info][gc,heap        ] GC(81) PSYoungGen: 163057K(163840K)->10496K(163840K) Eden: 152561K(153088K)->0K(153088K) From: 10496K(10752K)->10496K(10752K)
[2026-03-22T17:32:36.829+0900][1.894s][info][gc,heap        ] GC(81) ParOldGen: 197638K(349696K)->291999K(349696K)
[2026-03-22T17:32:36.829+0900][1.894s][info][gc,metaspace   ] GC(81) Metaspace: 338K(512K)->338K(512K) NonClass: 320K(384K)->320K(384K) Class: 17K(128K)->17K(128K)
[2026-03-22T17:32:36.829+0900][1.894s][info][gc             ] GC(81) Pause Young (Allocation Failure) 352M->295M(501M) 5.308ms
[2026-03-22T17:32:36.829+0900][1.895s][info][gc,cpu         ] GC(81) User=0.00s Sys=0.00s Real=0.01s
[2026-03-22T17:32:36.844+0900][1.910s][info][gc,start       ] GC(82) Pause Full (Ergonomics)
[2026-03-22T17:32:36.844+0900][1.910s][info][gc,phases,start] GC(82) Marking Phase
[2026-03-22T17:32:36.846+0900][1.911s][info][gc,phases      ] GC(82) Marking Phase 1.291ms
[2026-03-22T17:32:36.846+0900][1.911s][info][gc,phases,start] GC(82) Summary Phase
[2026-03-22T17:32:36.846+0900][1.911s][info][gc,phases      ] GC(82) Summary Phase 0.015ms
[2026-03-22T17:32:36.846+0900][1.911s][info][gc,phases,start] GC(82) Adjust Roots
[2026-03-22T17:32:36.846+0900][1.911s][info][gc,phases      ] GC(82) Adjust Roots 0.236ms
[2026-03-22T17:32:36.846+0900][1.911s][info][gc,phases,start] GC(82) Compaction Phase
[2026-03-22T17:32:36.852+0900][1.918s][info][gc,phases      ] GC(82) Compaction Phase 6.494ms
[2026-03-22T17:32:36.852+0900][1.918s][info][gc,phases,start] GC(82) Post Compact
[2026-03-22T17:32:36.853+0900][1.919s][info][gc,phases      ] GC(82) Post Compact 1.391ms
[2026-03-22T17:32:36.853+0900][1.919s][info][gc,heap        ] GC(82) PSYoungGen: 163057K(163840K)->0K(163840K) Eden: 152561K(153088K)->0K(153088K) From: 10496K(10752K)->0K(10752K)
[2026-03-22T17:32:36.853+0900][1.919s][info][gc,heap        ] GC(82) ParOldGen: 291999K(349696K)->103429K(349696K)
[2026-03-22T17:32:36.853+0900][1.919s][info][gc,metaspace   ] GC(82) Metaspace: 338K(512K)->338K(512K) NonClass: 320K(384K)->320K(384K) Class: 17K(128K)->17K(128K)
[2026-03-22T17:32:36.853+0900][1.919s][info][gc             ] GC(82) Pause Full (Ergonomics) 444M->101M(501M) 9.775ms
[2026-03-22T17:32:36.853+0900][1.920s][info][gc,cpu         ] GC(82) User=0.02s Sys=0.00s Real=0.01s
[2026-03-22T17:32:36.869+0900][1.935s][info][gc,start       ] GC(83) Pause Young (Allocation Failure)
[2026-03-22T17:32:36.873+0900][1.939s][info][gc,heap        ] GC(83) PSYoungGen: 152561K(163840K)->10496K(163840K) Eden: 152561K(153088K)->0K(153088K) From: 0K(10752K)->10496K(10752K)
[2026-03-22T17:32:36.873+0900][1.939s][info][gc,heap        ] GC(83) ParOldGen: 103429K(349696K)->197638K(349696K)
[2026-03-22T17:32:36.873+0900][1.939s][info][gc,metaspace   ] GC(83) Metaspace: 338K(512K)->338K(512K) NonClass: 320K(384K)->320K(384K) Class: 17K(128K)->17K(128K)
[2026-03-22T17:32:36.873+0900][1.939s][info][gc             ] GC(83) Pause Young (Allocation Failure) 249M->203M(501M) 4.837ms
[2026-03-22T17:32:36.874+0900][1.939s][info][gc,cpu         ] GC(83) User=0.00s Sys=0.00s Real=0.00s
[2026-03-22T17:32:36.889+0900][1.955s][info][gc,start       ] GC(84) Pause Young (Allocation Failure)
[2026-03-22T17:32:36.894+0900][1.960s][info][gc,heap        ] GC(84) PSYoungGen: 163057K(163840K)->10496K(163840K) Eden: 152561K(153088K)->0K(153088K) From: 10496K(10752K)->10496K(10752K)
[2026-03-22T17:32:36.894+0900][1.960s][info][gc,heap        ] GC(84) ParOldGen: 197638K(349696K)->291999K(349696K)
[2026-03-22T17:32:36.894+0900][1.960s][info][gc,metaspace   ] GC(84) Metaspace: 338K(512K)->338K(512K) NonClass: 320K(384K)->320K(384K) Class: 17K(128K)->17K(128K)
[2026-03-22T17:32:36.894+0900][1.960s][info][gc             ] GC(84) Pause Young (Allocation Failure) 352M->295M(501M) 5.099ms
[2026-03-22T17:32:36.894+0900][1.960s][info][gc,cpu         ] GC(84) User=0.00s Sys=0.00s Real=0.01s
[2026-03-22T17:32:36.909+0900][1.975s][info][gc,start       ] GC(85) Pause Full (Ergonomics)
[2026-03-22T17:32:36.909+0900][1.975s][info][gc,phases,start] GC(85) Marking Phase
[2026-03-22T17:32:36.911+0900][1.976s][info][gc,phases      ] GC(85) Marking Phase 1.120ms
[2026-03-22T17:32:36.911+0900][1.976s][info][gc,phases,start] GC(85) Summary Phase
[2026-03-22T17:32:36.911+0900][1.976s][info][gc,phases      ] GC(85) Summary Phase 0.060ms
[2026-03-22T17:32:36.911+0900][1.976s][info][gc,phases,start] GC(85) Adjust Roots
[2026-03-22T17:32:36.911+0900][1.977s][info][gc,phases      ] GC(85) Adjust Roots 0.303ms
[2026-03-22T17:32:36.911+0900][1.977s][info][gc,phases,start] GC(85) Compaction Phase
[2026-03-22T17:32:36.917+0900][1.983s][info][gc,phases      ] GC(85) Compaction Phase 6.028ms
[2026-03-22T17:32:36.917+0900][1.983s][info][gc,phases,start] GC(85) Post Compact
[2026-03-22T17:32:36.918+0900][1.984s][info][gc,phases      ] GC(85) Post Compact 1.430ms
[2026-03-22T17:32:36.918+0900][1.984s][info][gc,heap        ] GC(85) PSYoungGen: 163057K(163840K)->0K(163840K) Eden: 152561K(153088K)->0K(153088K) From: 10496K(10752K)->0K(10752K)
[2026-03-22T17:32:36.918+0900][1.984s][info][gc,heap        ] GC(85) ParOldGen: 291999K(349696K)->103429K(349696K)
[2026-03-22T17:32:36.918+0900][1.984s][info][gc,metaspace   ] GC(85) Metaspace: 338K(512K)->338K(512K) NonClass: 320K(384K)->320K(384K) Class: 17K(128K)->17K(128K)
[2026-03-22T17:32:36.918+0900][1.984s][info][gc             ] GC(85) Pause Full (Ergonomics) 444M->101M(501M) 9.295ms
[2026-03-22T17:32:36.918+0900][1.984s][info][gc,cpu         ] GC(85) User=0.06s Sys=0.00s Real=0.01s
[2026-03-22T17:32:36.934+0900][2.000s][info][gc,start       ] GC(86) Pause Young (Allocation Failure)
[2026-03-22T17:32:36.939+0900][2.005s][info][gc,heap        ] GC(86) PSYoungGen: 152561K(163840K)->10496K(163840K) Eden: 152561K(153088K)->0K(153088K) From: 0K(10752K)->10496K(10752K)
[2026-03-22T17:32:36.939+0900][2.005s][info][gc,heap        ] GC(86) ParOldGen: 103429K(349696K)->197638K(349696K)
[2026-03-22T17:32:36.939+0900][2.005s][info][gc,metaspace   ] GC(86) Metaspace: 338K(512K)->338K(512K) NonClass: 320K(384K)->320K(384K) Class: 17K(128K)->17K(128K)
[2026-03-22T17:32:36.939+0900][2.005s][info][gc             ] GC(86) Pause Young (Allocation Failure) 249M->203M(501M) 5.093ms
[2026-03-22T17:32:36.939+0900][2.005s][info][gc,cpu         ] GC(86) User=0.00s Sys=0.00s Real=0.00s
[2026-03-22T17:32:36.955+0900][2.021s][info][gc,start       ] GC(87) Pause Young (Allocation Failure)
[2026-03-22T17:32:36.959+0900][2.025s][info][gc,heap        ] GC(87) PSYoungGen: 163057K(163840K)->10496K(163840K) Eden: 152561K(153088K)->0K(153088K) From: 10496K(10752K)->10496K(10752K)
[2026-03-22T17:32:36.959+0900][2.025s][info][gc,heap        ] GC(87) ParOldGen: 197638K(349696K)->291999K(349696K)
[2026-03-22T17:32:36.959+0900][2.025s][info][gc,metaspace   ] GC(87) Metaspace: 338K(512K)->338K(512K) NonClass: 320K(384K)->320K(384K) Class: 17K(128K)->17K(128K)
[2026-03-22T17:32:36.959+0900][2.025s][info][gc             ] GC(87) Pause Young (Allocation Failure) 352M->295M(501M) 4.906ms
[2026-03-22T17:32:36.959+0900][2.025s][info][gc,cpu         ] GC(87) User=0.00s Sys=0.00s Real=0.00s
[2026-03-22T17:32:36.974+0900][2.040s][info][gc,start       ] GC(88) Pause Full (Ergonomics)
[2026-03-22T17:32:36.974+0900][2.040s][info][gc,phases,start] GC(88) Marking Phase
[2026-03-22T17:32:36.975+0900][2.041s][info][gc,phases      ] GC(88) Marking Phase 1.106ms
[2026-03-22T17:32:36.976+0900][2.041s][info][gc,phases,start] GC(88) Summary Phase
[2026-03-22T17:32:36.976+0900][2.041s][info][gc,phases      ] GC(88) Summary Phase 0.017ms
[2026-03-22T17:32:36.976+0900][2.041s][info][gc,phases,start] GC(88) Adjust Roots
[2026-03-22T17:32:36.976+0900][2.042s][info][gc,phases      ] GC(88) Adjust Roots 0.346ms
[2026-03-22T17:32:36.976+0900][2.042s][info][gc,phases,start] GC(88) Compaction Phase
[2026-03-22T17:32:36.982+0900][2.048s][info][gc,phases      ] GC(88) Compaction Phase 6.190ms
[2026-03-22T17:32:36.982+0900][2.048s][info][gc,phases,start] GC(88) Post Compact
[2026-03-22T17:32:36.983+0900][2.049s][info][gc,phases      ] GC(88) Post Compact 1.383ms
[2026-03-22T17:32:36.983+0900][2.049s][info][gc,heap        ] GC(88) PSYoungGen: 163057K(163840K)->0K(163840K) Eden: 152561K(153088K)->0K(153088K) From: 10496K(10752K)->0K(10752K)
[2026-03-22T17:32:36.983+0900][2.049s][info][gc,heap        ] GC(88) ParOldGen: 291999K(349696K)->103429K(349696K)
[2026-03-22T17:32:36.983+0900][2.049s][info][gc,metaspace   ] GC(88) Metaspace: 338K(512K)->338K(512K) NonClass: 320K(384K)->320K(384K) Class: 17K(128K)->17K(128K)
[2026-03-22T17:32:36.983+0900][2.049s][info][gc             ] GC(88) Pause Full (Ergonomics) 444M->101M(501M) 9.322ms
[2026-03-22T17:32:36.983+0900][2.049s][info][gc,cpu         ] GC(88) User=0.05s Sys=0.02s Real=0.01s
[2026-03-22T17:32:36.999+0900][2.064s][info][gc,start       ] GC(89) Pause Young (Allocation Failure)
[2026-03-22T17:32:37.002+0900][2.069s][info][gc,heap        ] GC(89) PSYoungGen: 152561K(163840K)->10496K(163840K) Eden: 152561K(153088K)->0K(153088K) From: 0K(10752K)->10496K(10752K)
[2026-03-22T17:32:37.004+0900][2.069s][info][gc,heap        ] GC(89) ParOldGen: 103429K(349696K)->197638K(349696K)
[2026-03-22T17:32:37.004+0900][2.069s][info][gc,metaspace   ] GC(89) Metaspace: 338K(512K)->338K(512K) NonClass: 320K(384K)->320K(384K) Class: 17K(128K)->17K(128K)
[2026-03-22T17:32:37.004+0900][2.069s][info][gc             ] GC(89) Pause Young (Allocation Failure) 249M->203M(501M) 4.829ms
[2026-03-22T17:32:37.004+0900][2.069s][info][gc,cpu         ] GC(89) User=0.00s Sys=0.00s Real=0.00s
[2026-03-22T17:32:37.019+0900][2.084s][info][gc,start       ] GC(90) Pause Young (Allocation Failure)
[2026-03-22T17:32:37.023+0900][2.089s][info][gc,heap        ] GC(90) PSYoungGen: 163057K(163840K)->10496K(163840K) Eden: 152561K(153088K)->0K(153088K) From: 10496K(10752K)->10496K(10752K)
[2026-03-22T17:32:37.024+0900][2.089s][info][gc,heap        ] GC(90) ParOldGen: 197638K(349696K)->291999K(349696K)
[2026-03-22T17:32:37.024+0900][2.089s][info][gc,metaspace   ] GC(90) Metaspace: 338K(512K)->338K(512K) NonClass: 320K(384K)->320K(384K) Class: 17K(128K)->17K(128K)
[2026-03-22T17:32:37.024+0900][2.089s][info][gc             ] GC(90) Pause Young (Allocation Failure) 352M->295M(501M) 5.163ms
[2026-03-22T17:32:37.024+0900][2.089s][info][gc,cpu         ] GC(90) User=0.00s Sys=0.00s Real=0.00s
[2026-03-22T17:32:37.038+0900][2.104s][info][gc,start       ] GC(91) Pause Full (Ergonomics)
[2026-03-22T17:32:37.038+0900][2.104s][info][gc,phases,start] GC(91) Marking Phase
[2026-03-22T17:32:37.040+0900][2.105s][info][gc,phases      ] GC(91) Marking Phase 1.333ms
[2026-03-22T17:32:37.040+0900][2.105s][info][gc,phases,start] GC(91) Summary Phase
[2026-03-22T17:32:37.040+0900][2.105s][info][gc,phases      ] GC(91) Summary Phase 0.047ms
[2026-03-22T17:32:37.040+0900][2.106s][info][gc,phases,start] GC(91) Adjust Roots
[2026-03-22T17:32:37.040+0900][2.106s][info][gc,phases      ] GC(91) Adjust Roots 0.297ms
[2026-03-22T17:32:37.040+0900][2.106s][info][gc,phases,start] GC(91) Compaction Phase
[2026-03-22T17:32:37.047+0900][2.113s][info][gc,phases      ] GC(91) Compaction Phase 6.940ms
[2026-03-22T17:32:37.048+0900][2.113s][info][gc,phases,start] GC(91) Post Compact
[2026-03-22T17:32:37.049+0900][2.114s][info][gc,phases      ] GC(91) Post Compact 1.488ms
[2026-03-22T17:32:37.049+0900][2.114s][info][gc,heap        ] GC(91) PSYoungGen: 163057K(163840K)->0K(163840K) Eden: 152561K(153088K)->0K(153088K) From: 10496K(10752K)->0K(10752K)
[2026-03-22T17:32:37.049+0900][2.114s][info][gc,heap        ] GC(91) ParOldGen: 291999K(349696K)->103429K(349696K)
[2026-03-22T17:32:37.049+0900][2.114s][info][gc,metaspace   ] GC(91) Metaspace: 338K(512K)->338K(512K) NonClass: 320K(384K)->320K(384K) Class: 17K(128K)->17K(128K)
[2026-03-22T17:32:37.049+0900][2.115s][info][gc             ] GC(91) Pause Full (Ergonomics) 444M->101M(501M) 10.544ms
[2026-03-22T17:32:37.049+0900][2.115s][info][gc,cpu         ] GC(91) User=0.05s Sys=0.00s Real=0.01s
[2026-03-22T17:32:37.064+0900][2.129s][info][gc,start       ] GC(92) Pause Young (Allocation Failure)
[2026-03-22T17:32:37.069+0900][2.134s][info][gc,heap        ] GC(92) PSYoungGen: 152561K(163840K)->10496K(163840K) Eden: 152561K(153088K)->0K(153088K) From: 0K(10752K)->10496K(10752K)
[2026-03-22T17:32:37.069+0900][2.134s][info][gc,heap        ] GC(92) ParOldGen: 103429K(349696K)->197638K(349696K)
[2026-03-22T17:32:37.069+0900][2.135s][info][gc,metaspace   ] GC(92) Metaspace: 338K(512K)->338K(512K) NonClass: 320K(384K)->320K(384K) Class: 17K(128K)->17K(128K)
[2026-03-22T17:32:37.069+0900][2.135s][info][gc             ] GC(92) Pause Young (Allocation Failure) 249M->203M(501M) 5.053ms
[2026-03-22T17:32:37.069+0900][2.135s][info][gc,cpu         ] GC(92) User=0.00s Sys=0.00s Real=0.01s
[2026-03-22T17:32:37.083+0900][2.149s][info][gc,start       ] GC(93) Pause Young (Allocation Failure)
[2026-03-22T17:32:37.089+0900][2.154s][info][gc,heap        ] GC(93) PSYoungGen: 163057K(163840K)->10496K(163840K) Eden: 152561K(153088K)->0K(153088K) From: 10496K(10752K)->10496K(10752K)
[2026-03-22T17:32:37.089+0900][2.154s][info][gc,heap        ] GC(93) ParOldGen: 197638K(349696K)->291999K(349696K)
[2026-03-22T17:32:37.089+0900][2.154s][info][gc,metaspace   ] GC(93) Metaspace: 338K(512K)->338K(512K) NonClass: 320K(384K)->320K(384K) Class: 17K(128K)->17K(128K)
[2026-03-22T17:32:37.089+0900][2.154s][info][gc             ] GC(93) Pause Young (Allocation Failure) 352M->295M(501M) 4.848ms
[2026-03-22T17:32:37.089+0900][2.154s][info][gc,cpu         ] GC(93) User=0.06s Sys=0.00s Real=0.01s
[2026-03-22T17:32:37.103+0900][2.169s][info][gc,start       ] GC(94) Pause Full (Ergonomics)
[2026-03-22T17:32:37.103+0900][2.169s][info][gc,phases,start] GC(94) Marking Phase
[2026-03-22T17:32:37.106+0900][2.171s][info][gc,phases      ] GC(94) Marking Phase 1.542ms
[2026-03-22T17:32:37.106+0900][2.171s][info][gc,phases,start] GC(94) Summary Phase
[2026-03-22T17:32:37.106+0900][2.171s][info][gc,phases      ] GC(94) Summary Phase 0.019ms
[2026-03-22T17:32:37.106+0900][2.171s][info][gc,phases,start] GC(94) Adjust Roots
[2026-03-22T17:32:37.106+0900][2.171s][info][gc,phases      ] GC(94) Adjust Roots 0.192ms
[2026-03-22T17:32:37.106+0900][2.171s][info][gc,phases,start] GC(94) Compaction Phase
[2026-03-22T17:32:37.112+0900][2.178s][info][gc,phases      ] GC(94) Compaction Phase 6.556ms
[2026-03-22T17:32:37.112+0900][2.178s][info][gc,phases,start] GC(94) Post Compact
[2026-03-22T17:32:37.114+0900][2.179s][info][gc,phases      ] GC(94) Post Compact 1.553ms
[2026-03-22T17:32:37.114+0900][2.179s][info][gc,heap        ] GC(94) PSYoungGen: 163057K(163840K)->0K(163840K) Eden: 152561K(153088K)->0K(153088K) From: 10496K(10752K)->0K(10752K)
[2026-03-22T17:32:37.114+0900][2.179s][info][gc,heap        ] GC(94) ParOldGen: 291999K(349696K)->103429K(349696K)
[2026-03-22T17:32:37.114+0900][2.179s][info][gc,metaspace   ] GC(94) Metaspace: 338K(512K)->338K(512K) NonClass: 320K(384K)->320K(384K) Class: 17K(128K)->17K(128K)
[2026-03-22T17:32:37.114+0900][2.180s][info][gc             ] GC(94) Pause Full (Ergonomics) 444M->101M(501M) 10.182ms
[2026-03-22T17:32:37.114+0900][2.180s][info][gc,cpu         ] GC(94) User=0.00s Sys=0.00s Real=0.01s
[2026-03-22T17:32:37.129+0900][2.194s][info][gc,start       ] GC(95) Pause Young (Allocation Failure)
[2026-03-22T17:32:37.134+0900][2.200s][info][gc,heap        ] GC(95) PSYoungGen: 152561K(163840K)->10496K(163840K) Eden: 152561K(153088K)->0K(153088K) From: 0K(10752K)->10496K(10752K)
[2026-03-22T17:32:37.134+0900][2.200s][info][gc,heap        ] GC(95) ParOldGen: 103429K(349696K)->197638K(349696K)
[2026-03-22T17:32:37.134+0900][2.200s][info][gc,metaspace   ] GC(95) Metaspace: 338K(512K)->338K(512K) NonClass: 320K(384K)->320K(384K) Class: 17K(128K)->17K(128K)
[2026-03-22T17:32:37.134+0900][2.200s][info][gc             ] GC(95) Pause Young (Allocation Failure) 249M->203M(501M) 5.228ms
[2026-03-22T17:32:37.134+0900][2.200s][info][gc,cpu         ] GC(95) User=0.00s Sys=0.00s Real=0.01s
[2026-03-22T17:32:37.148+0900][2.215s][info][gc,start       ] GC(96) Pause Young (Allocation Failure)
[2026-03-22T17:32:37.153+0900][2.220s][info][gc,heap        ] GC(96) PSYoungGen: 163057K(163840K)->10496K(163840K) Eden: 152561K(153088K)->0K(153088K) From: 10496K(10752K)->10496K(10752K)
[2026-03-22T17:32:37.153+0900][2.220s][info][gc,heap        ] GC(96) ParOldGen: 197638K(349696K)->291999K(349696K)
[2026-03-22T17:32:37.153+0900][2.220s][info][gc,metaspace   ] GC(96) Metaspace: 338K(512K)->338K(512K) NonClass: 320K(384K)->320K(384K) Class: 17K(128K)->17K(128K)
[2026-03-22T17:32:37.153+0900][2.220s][info][gc             ] GC(96) Pause Young (Allocation Failure) 352M->295M(501M) 4.942ms
[2026-03-22T17:32:37.153+0900][2.220s][info][gc,cpu         ] GC(96) User=0.06s Sys=0.00s Real=0.01s
[2026-03-22T17:32:37.169+0900][2.234s][info][gc,start       ] GC(97) Pause Full (Ergonomics)
[2026-03-22T17:32:37.169+0900][2.235s][info][gc,phases,start] GC(97) Marking Phase
[2026-03-22T17:32:37.170+0900][2.236s][info][gc,phases      ] GC(97) Marking Phase 1.138ms
[2026-03-22T17:32:37.170+0900][2.236s][info][gc,phases,start] GC(97) Summary Phase
[2026-03-22T17:32:37.170+0900][2.236s][info][gc,phases      ] GC(97) Summary Phase 0.015ms
[2026-03-22T17:32:37.170+0900][2.236s][info][gc,phases,start] GC(97) Adjust Roots
[2026-03-22T17:32:37.170+0900][2.236s][info][gc,phases      ] GC(97) Adjust Roots 0.158ms
[2026-03-22T17:32:37.170+0900][2.236s][info][gc,phases,start] GC(97) Compaction Phase
[2026-03-22T17:32:37.176+0900][2.242s][info][gc,phases      ] GC(97) Compaction Phase 6.161ms
[2026-03-22T17:32:37.176+0900][2.242s][info][gc,phases,start] GC(97) Post Compact
[2026-03-22T17:32:37.178+0900][2.243s][info][gc,phases      ] GC(97) Post Compact 1.375ms
[2026-03-22T17:32:37.178+0900][2.244s][info][gc,heap        ] GC(97) PSYoungGen: 163057K(163840K)->0K(163840K) Eden: 152561K(153088K)->0K(153088K) From: 10496K(10752K)->0K(10752K)
[2026-03-22T17:32:37.178+0900][2.244s][info][gc,heap        ] GC(97) ParOldGen: 291999K(349696K)->103429K(349696K)
[2026-03-22T17:32:37.178+0900][2.244s][info][gc,metaspace   ] GC(97) Metaspace: 338K(512K)->338K(512K) NonClass: 320K(384K)->320K(384K) Class: 17K(128K)->17K(128K)
[2026-03-22T17:32:37.178+0900][2.244s][info][gc             ] GC(97) Pause Full (Ergonomics) 444M->101M(501M) 9.126ms
[2026-03-22T17:32:37.178+0900][2.244s][info][gc,cpu         ] GC(97) User=0.00s Sys=0.00s Real=0.01s
[2026-03-22T17:32:37.193+0900][2.258s][info][gc,start       ] GC(98) Pause Young (Allocation Failure)
[2026-03-22T17:32:37.197+0900][2.263s][info][gc,heap        ] GC(98) PSYoungGen: 152561K(163840K)->10496K(163840K) Eden: 152561K(153088K)->0K(153088K) From: 0K(10752K)->10496K(10752K)
[2026-03-22T17:32:37.197+0900][2.263s][info][gc,heap        ] GC(98) ParOldGen: 103429K(349696K)->197638K(349696K)
[2026-03-22T17:32:37.197+0900][2.263s][info][gc,metaspace   ] GC(98) Metaspace: 338K(512K)->338K(512K) NonClass: 320K(384K)->320K(384K) Class: 17K(128K)->17K(128K)
[2026-03-22T17:32:37.197+0900][2.263s][info][gc             ] GC(98) Pause Young (Allocation Failure) 249M->203M(501M) 4.836ms
[2026-03-22T17:32:37.197+0900][2.263s][info][gc,cpu         ] GC(98) User=0.00s Sys=0.00s Real=0.00s
[2026-03-22T17:32:37.213+0900][2.278s][info][gc,start       ] GC(99) Pause Young (Allocation Failure)
[2026-03-22T17:32:37.218+0900][2.283s][info][gc,heap        ] GC(99) PSYoungGen: 163057K(163840K)->10496K(163840K) Eden: 152561K(153088K)->0K(153088K) From: 10496K(10752K)->10496K(10752K)
[2026-03-22T17:32:37.218+0900][2.284s][info][gc,heap        ] GC(99) ParOldGen: 197638K(349696K)->291999K(349696K)
[2026-03-22T17:32:37.218+0900][2.284s][info][gc,metaspace   ] GC(99) Metaspace: 338K(512K)->338K(512K) NonClass: 320K(384K)->320K(384K) Class: 17K(128K)->17K(128K)
[2026-03-22T17:32:37.218+0900][2.284s][info][gc             ] GC(99) Pause Young (Allocation Failure) 352M->295M(501M) 5.699ms
[2026-03-22T17:32:37.218+0900][2.284s][info][gc,cpu         ] GC(99) User=0.05s Sys=0.00s Real=0.00s
[2026-03-22T17:32:37.233+0900][2.299s][info][gc,start       ] GC(100) Pause Full (Ergonomics)
[2026-03-22T17:32:37.233+0900][2.299s][info][gc,phases,start] GC(100) Marking Phase
[2026-03-22T17:32:37.234+0900][2.301s][info][gc,phases      ] GC(100) Marking Phase 1.287ms
[2026-03-22T17:32:37.234+0900][2.301s][info][gc,phases,start] GC(100) Summary Phase
[2026-03-22T17:32:37.234+0900][2.301s][info][gc,phases      ] GC(100) Summary Phase 0.028ms
[2026-03-22T17:32:37.234+0900][2.301s][info][gc,phases,start] GC(100) Adjust Roots
[2026-03-22T17:32:37.234+0900][2.301s][info][gc,phases      ] GC(100) Adjust Roots 0.203ms
[2026-03-22T17:32:37.234+0900][2.301s][info][gc,phases,start] GC(100) Compaction Phase
[2026-03-22T17:32:37.240+0900][2.307s][info][gc,phases      ] GC(100) Compaction Phase 5.575ms
[2026-03-22T17:32:37.240+0900][2.307s][info][gc,phases,start] GC(100) Post Compact
[2026-03-22T17:32:37.243+0900][2.308s][info][gc,phases      ] GC(100) Post Compact 1.387ms
[2026-03-22T17:32:37.243+0900][2.308s][info][gc,heap        ] GC(100) PSYoungGen: 163057K(163840K)->0K(163840K) Eden: 152561K(153088K)->0K(153088K) From: 10496K(10752K)->0K(10752K)
[2026-03-22T17:32:37.243+0900][2.308s][info][gc,heap        ] GC(100) ParOldGen: 291999K(349696K)->103429K(349696K)
[2026-03-22T17:32:37.243+0900][2.308s][info][gc,metaspace   ] GC(100) Metaspace: 338K(512K)->338K(512K) NonClass: 320K(384K)->320K(384K) Class: 17K(128K)->17K(128K)
[2026-03-22T17:32:37.243+0900][2.308s][info][gc             ] GC(100) Pause Full (Ergonomics) 444M->101M(501M) 8.840ms
[2026-03-22T17:32:37.243+0900][2.308s][info][gc,cpu         ] GC(100) User=0.00s Sys=0.00s Real=0.01s
[2026-03-22T17:32:37.257+0900][2.323s][info][gc,start       ] GC(101) Pause Young (Allocation Failure)
[2026-03-22T17:32:37.262+0900][2.328s][info][gc,heap        ] GC(101) PSYoungGen: 152561K(163840K)->10496K(163840K) Eden: 152561K(153088K)->0K(153088K) From: 0K(10752K)->10496K(10752K)
[2026-03-22T17:32:37.262+0900][2.328s][info][gc,heap        ] GC(101) ParOldGen: 103429K(349696K)->197638K(349696K)
[2026-03-22T17:32:37.262+0900][2.328s][info][gc,metaspace   ] GC(101) Metaspace: 338K(512K)->338K(512K) NonClass: 320K(384K)->320K(384K) Class: 17K(128K)->17K(128K)
[2026-03-22T17:32:37.262+0900][2.328s][info][gc             ] GC(101) Pause Young (Allocation Failure) 249M->203M(501M) 4.912ms
[2026-03-22T17:32:37.262+0900][2.328s][info][gc,cpu         ] GC(101) User=0.06s Sys=0.00s Real=0.01s
[2026-03-22T17:32:37.277+0900][2.342s][info][gc,start       ] GC(102) Pause Young (Allocation Failure)
[2026-03-22T17:32:37.282+0900][2.347s][info][gc,heap        ] GC(102) PSYoungGen: 163057K(163840K)->10496K(163840K) Eden: 152561K(153088K)->0K(153088K) From: 10496K(10752K)->10496K(10752K)
[2026-03-22T17:32:37.282+0900][2.347s][info][gc,heap        ] GC(102) ParOldGen: 197638K(349696K)->291999K(349696K)
[2026-03-22T17:32:37.282+0900][2.347s][info][gc,metaspace   ] GC(102) Metaspace: 338K(512K)->338K(512K) NonClass: 320K(384K)->320K(384K) Class: 17K(128K)->17K(128K)
[2026-03-22T17:32:37.282+0900][2.347s][info][gc             ] GC(102) Pause Young (Allocation Failure) 352M->295M(501M) 4.649ms
[2026-03-22T17:32:37.282+0900][2.347s][info][gc,cpu         ] GC(102) User=0.00s Sys=0.00s Real=0.01s
[2026-03-22T17:32:37.297+0900][2.362s][info][gc,start       ] GC(103) Pause Full (Ergonomics)
[2026-03-22T17:32:37.297+0900][2.362s][info][gc,phases,start] GC(103) Marking Phase
[2026-03-22T17:32:37.298+0900][2.363s][info][gc,phases      ] GC(103) Marking Phase 1.161ms
[2026-03-22T17:32:37.298+0900][2.363s][info][gc,phases,start] GC(103) Summary Phase
[2026-03-22T17:32:37.298+0900][2.363s][info][gc,phases      ] GC(103) Summary Phase 0.014ms
[2026-03-22T17:32:37.298+0900][2.363s][info][gc,phases,start] GC(103) Adjust Roots
[2026-03-22T17:32:37.298+0900][2.364s][info][gc,phases      ] GC(103) Adjust Roots 0.290ms
[2026-03-22T17:32:37.298+0900][2.364s][info][gc,phases,start] GC(103) Compaction Phase
[2026-03-22T17:32:37.304+0900][2.369s][info][gc,phases      ] GC(103) Compaction Phase 5.347ms
[2026-03-22T17:32:37.304+0900][2.369s][info][gc,phases,start] GC(103) Post Compact
[2026-03-22T17:32:37.305+0900][2.371s][info][gc,phases      ] GC(103) Post Compact 1.457ms
[2026-03-22T17:32:37.305+0900][2.371s][info][gc,heap        ] GC(103) PSYoungGen: 163057K(163840K)->0K(163840K) Eden: 152561K(153088K)->0K(153088K) From: 10496K(10752K)->0K(10752K)
[2026-03-22T17:32:37.305+0900][2.371s][info][gc,heap        ] GC(103) ParOldGen: 291999K(349696K)->103429K(349696K)
[2026-03-22T17:32:37.305+0900][2.371s][info][gc,metaspace   ] GC(103) Metaspace: 338K(512K)->338K(512K) NonClass: 320K(384K)->320K(384K) Class: 17K(128K)->17K(128K)
[2026-03-22T17:32:37.305+0900][2.371s][info][gc             ] GC(103) Pause Full (Ergonomics) 444M->101M(501M) 8.565ms
[2026-03-22T17:32:37.305+0900][2.371s][info][gc,cpu         ] GC(103) User=0.00s Sys=0.00s Real=0.01s
[2026-03-22T17:32:37.319+0900][2.385s][info][gc,start       ] GC(104) Pause Young (Allocation Failure)
[2026-03-22T17:32:37.323+0900][2.390s][info][gc,heap        ] GC(104) PSYoungGen: 152561K(163840K)->10496K(163840K) Eden: 152561K(153088K)->0K(153088K) From: 0K(10752K)->10496K(10752K)
[2026-03-22T17:32:37.323+0900][2.390s][info][gc,heap        ] GC(104) ParOldGen: 103429K(349696K)->197638K(349696K)
[2026-03-22T17:32:37.323+0900][2.390s][info][gc,metaspace   ] GC(104) Metaspace: 338K(512K)->338K(512K) NonClass: 320K(384K)->320K(384K) Class: 17K(128K)->17K(128K)
[2026-03-22T17:32:37.323+0900][2.390s][info][gc             ] GC(104) Pause Young (Allocation Failure) 249M->203M(501M) 4.973ms
[2026-03-22T17:32:37.325+0900][2.390s][info][gc,cpu         ] GC(104) User=0.05s Sys=0.00s Real=0.01s
[2026-03-22T17:32:37.339+0900][2.405s][info][gc,start       ] GC(105) Pause Young (Allocation Failure)
[2026-03-22T17:32:37.344+0900][2.410s][info][gc,heap        ] GC(105) PSYoungGen: 163057K(163840K)->10496K(163840K) Eden: 152561K(153088K)->0K(153088K) From: 10496K(10752K)->10496K(10752K)
[2026-03-22T17:32:37.344+0900][2.410s][info][gc,heap        ] GC(105) ParOldGen: 197638K(349696K)->291999K(349696K)
[2026-03-22T17:32:37.344+0900][2.410s][info][gc,metaspace   ] GC(105) Metaspace: 338K(512K)->338K(512K) NonClass: 320K(384K)->320K(384K) Class: 17K(128K)->17K(128K)
[2026-03-22T17:32:37.344+0900][2.410s][info][gc             ] GC(105) Pause Young (Allocation Failure) 352M->295M(501M) 4.785ms
[2026-03-22T17:32:37.344+0900][2.410s][info][gc,cpu         ] GC(105) User=0.00s Sys=0.00s Real=0.01s
[2026-03-22T17:32:37.358+0900][2.424s][info][gc,start       ] GC(106) Pause Full (Ergonomics)
[2026-03-22T17:32:37.358+0900][2.424s][info][gc,phases,start] GC(106) Marking Phase
[2026-03-22T17:32:37.360+0900][2.426s][info][gc,phases      ] GC(106) Marking Phase 1.283ms
[2026-03-22T17:32:37.360+0900][2.426s][info][gc,phases,start] GC(106) Summary Phase
[2026-03-22T17:32:37.360+0900][2.426s][info][gc,phases      ] GC(106) Summary Phase 0.035ms
[2026-03-22T17:32:37.360+0900][2.426s][info][gc,phases,start] GC(106) Adjust Roots
[2026-03-22T17:32:37.360+0900][2.426s][info][gc,phases      ] GC(106) Adjust Roots 0.221ms
[2026-03-22T17:32:37.360+0900][2.426s][info][gc,phases,start] GC(106) Compaction Phase
[2026-03-22T17:32:37.366+0900][2.432s][info][gc,phases      ] GC(106) Compaction Phase 5.711ms
[2026-03-22T17:32:37.366+0900][2.432s][info][gc,phases,start] GC(106) Post Compact
[2026-03-22T17:32:37.368+0900][2.433s][info][gc,phases      ] GC(106) Post Compact 1.412ms
[2026-03-22T17:32:37.368+0900][2.433s][info][gc,heap        ] GC(106) PSYoungGen: 163057K(163840K)->0K(163840K) Eden: 152561K(153088K)->0K(153088K) From: 10496K(10752K)->0K(10752K)
[2026-03-22T17:32:37.368+0900][2.433s][info][gc,heap        ] GC(106) ParOldGen: 291999K(349696K)->103429K(349696K)
[2026-03-22T17:32:37.368+0900][2.433s][info][gc,metaspace   ] GC(106) Metaspace: 338K(512K)->338K(512K) NonClass: 320K(384K)->320K(384K) Class: 17K(128K)->17K(128K)
[2026-03-22T17:32:37.368+0900][2.433s][info][gc             ] GC(106) Pause Full (Ergonomics) 444M->101M(501M) 8.958ms
[2026-03-22T17:32:37.368+0900][2.433s][info][gc,cpu         ] GC(106) User=0.00s Sys=0.00s Real=0.01s
[2026-03-22T17:32:37.382+0900][2.448s][info][gc,start       ] GC(107) Pause Young (Allocation Failure)
[2026-03-22T17:32:37.387+0900][2.453s][info][gc,heap        ] GC(107) PSYoungGen: 152561K(163840K)->10496K(163840K) Eden: 152561K(153088K)->0K(153088K) From: 0K(10752K)->10496K(10752K)
[2026-03-22T17:32:37.387+0900][2.453s][info][gc,heap        ] GC(107) ParOldGen: 103429K(349696K)->197638K(349696K)
[2026-03-22T17:32:37.387+0900][2.453s][info][gc,metaspace   ] GC(107) Metaspace: 338K(512K)->338K(512K) NonClass: 320K(384K)->320K(384K) Class: 17K(128K)->17K(128K)
[2026-03-22T17:32:37.387+0900][2.453s][info][gc             ] GC(107) Pause Young (Allocation Failure) 249M->203M(501M) 4.598ms
[2026-03-22T17:32:37.387+0900][2.453s][info][gc,cpu         ] GC(107) User=0.06s Sys=0.00s Real=0.01s
[2026-03-22T17:32:37.402+0900][2.468s][info][gc,start       ] GC(108) Pause Young (Allocation Failure)
[2026-03-22T17:32:37.407+0900][2.473s][info][gc,heap        ] GC(108) PSYoungGen: 163057K(163840K)->10496K(163840K) Eden: 152561K(153088K)->0K(153088K) From: 10496K(10752K)->10496K(10752K)
[2026-03-22T17:32:37.407+0900][2.473s][info][gc,heap        ] GC(108) ParOldGen: 197638K(349696K)->291999K(349696K)
[2026-03-22T17:32:37.407+0900][2.473s][info][gc,metaspace   ] GC(108) Metaspace: 338K(512K)->338K(512K) NonClass: 320K(384K)->320K(384K) Class: 17K(128K)->17K(128K)
[2026-03-22T17:32:37.407+0900][2.473s][info][gc             ] GC(108) Pause Young (Allocation Failure) 352M->295M(501M) 5.031ms
[2026-03-22T17:32:37.407+0900][2.473s][info][gc,cpu         ] GC(108) User=0.00s Sys=0.00s Real=0.01s
[2026-03-22T17:32:37.422+0900][2.488s][info][gc,start       ] GC(109) Pause Full (Ergonomics)
[2026-03-22T17:32:37.422+0900][2.488s][info][gc,phases,start] GC(109) Marking Phase
[2026-03-22T17:32:37.423+0900][2.489s][info][gc,phases      ] GC(109) Marking Phase 1.526ms
[2026-03-22T17:32:37.423+0900][2.489s][info][gc,phases,start] GC(109) Summary Phase
[2026-03-22T17:32:37.423+0900][2.489s][info][gc,phases      ] GC(109) Summary Phase 0.016ms
[2026-03-22T17:32:37.423+0900][2.489s][info][gc,phases,start] GC(109) Adjust Roots
[2026-03-22T17:32:37.423+0900][2.489s][info][gc,phases      ] GC(109) Adjust Roots 0.173ms
[2026-03-22T17:32:37.423+0900][2.490s][info][gc,phases,start] GC(109) Compaction Phase
[2026-03-22T17:32:37.429+0900][2.495s][info][gc,phases      ] GC(109) Compaction Phase 5.960ms
[2026-03-22T17:32:37.430+0900][2.496s][info][gc,phases,start] GC(109) Post Compact
[2026-03-22T17:32:37.431+0900][2.497s][info][gc,phases      ] GC(109) Post Compact 1.635ms
[2026-03-22T17:32:37.431+0900][2.497s][info][gc,heap        ] GC(109) PSYoungGen: 163057K(163840K)->0K(163840K) Eden: 152561K(153088K)->0K(153088K) From: 10496K(10752K)->0K(10752K)
[2026-03-22T17:32:37.431+0900][2.497s][info][gc,heap        ] GC(109) ParOldGen: 291999K(349696K)->103429K(349696K)
[2026-03-22T17:32:37.431+0900][2.497s][info][gc,metaspace   ] GC(109) Metaspace: 338K(512K)->338K(512K) NonClass: 320K(384K)->320K(384K) Class: 17K(128K)->17K(128K)
[2026-03-22T17:32:37.431+0900][2.497s][info][gc             ] GC(109) Pause Full (Ergonomics) 444M->101M(501M) 9.695ms
[2026-03-22T17:32:37.431+0900][2.497s][info][gc,cpu         ] GC(109) User=0.02s Sys=0.00s Real=0.01s
[2026-03-22T17:32:37.446+0900][2.513s][info][gc,start       ] GC(110) Pause Young (Allocation Failure)
[2026-03-22T17:32:37.451+0900][2.517s][info][gc,heap        ] GC(110) PSYoungGen: 152561K(163840K)->10464K(163840K) Eden: 152561K(153088K)->0K(153088K) From: 0K(10752K)->10464K(10752K)
[2026-03-22T17:32:37.451+0900][2.517s][info][gc,heap        ] GC(110) ParOldGen: 103429K(349696K)->197638K(349696K)
[2026-03-22T17:32:37.451+0900][2.517s][info][gc,metaspace   ] GC(110) Metaspace: 338K(512K)->338K(512K) NonClass: 320K(384K)->320K(384K) Class: 17K(128K)->17K(128K)
[2026-03-22T17:32:37.451+0900][2.517s][info][gc             ] GC(110) Pause Young (Allocation Failure) 249M->203M(501M) 4.807ms
[2026-03-22T17:32:37.451+0900][2.517s][info][gc,cpu         ] GC(110) User=0.00s Sys=0.00s Real=0.00s
[2026-03-22T17:32:37.467+0900][2.533s][info][gc,start       ] GC(111) Pause Young (Allocation Failure)
[2026-03-22T17:32:37.471+0900][2.538s][info][gc,heap        ] GC(111) PSYoungGen: 163025K(163840K)->10496K(163840K) Eden: 152561K(153088K)->0K(153088K) From: 10464K(10752K)->10496K(10752K)
[2026-03-22T17:32:37.471+0900][2.538s][info][gc,heap        ] GC(111) ParOldGen: 197638K(349696K)->291999K(349696K)
[2026-03-22T17:32:37.471+0900][2.538s][info][gc,metaspace   ] GC(111) Metaspace: 338K(512K)->338K(512K) NonClass: 320K(384K)->320K(384K) Class: 17K(128K)->17K(128K)
[2026-03-22T17:32:37.471+0900][2.538s][info][gc             ] GC(111) Pause Young (Allocation Failure) 352M->295M(501M) 5.153ms
[2026-03-22T17:32:37.471+0900][2.538s][info][gc,cpu         ] GC(111) User=0.00s Sys=0.00s Real=0.00s
[2026-03-22T17:32:37.487+0900][2.553s][info][gc,start       ] GC(112) Pause Full (Ergonomics)
[2026-03-22T17:32:37.487+0900][2.553s][info][gc,phases,start] GC(112) Marking Phase
[2026-03-22T17:32:37.488+0900][2.555s][info][gc,phases      ] GC(112) Marking Phase 1.357ms
[2026-03-22T17:32:37.488+0900][2.555s][info][gc,phases,start] GC(112) Summary Phase
[2026-03-22T17:32:37.488+0900][2.555s][info][gc,phases      ] GC(112) Summary Phase 0.017ms
[2026-03-22T17:32:37.488+0900][2.555s][info][gc,phases,start] GC(112) Adjust Roots
[2026-03-22T17:32:37.489+0900][2.555s][info][gc,phases      ] GC(112) Adjust Roots 0.243ms
[2026-03-22T17:32:37.489+0900][2.555s][info][gc,phases,start] GC(112) Compaction Phase
[2026-03-22T17:32:37.495+0900][2.561s][info][gc,phases      ] GC(112) Compaction Phase 5.902ms
[2026-03-22T17:32:37.495+0900][2.561s][info][gc,phases,start] GC(112) Post Compact
[2026-03-22T17:32:37.496+0900][2.562s][info][gc,phases      ] GC(112) Post Compact 1.481ms
[2026-03-22T17:32:37.496+0900][2.562s][info][gc,heap        ] GC(112) PSYoungGen: 163057K(163840K)->0K(163840K) Eden: 152561K(153088K)->0K(153088K) From: 10496K(10752K)->0K(10752K)
[2026-03-22T17:32:37.496+0900][2.562s][info][gc,heap        ] GC(112) ParOldGen: 291999K(349696K)->103429K(349696K)
[2026-03-22T17:32:37.496+0900][2.562s][info][gc,metaspace   ] GC(112) Metaspace: 338K(512K)->338K(512K) NonClass: 320K(384K)->320K(384K) Class: 17K(128K)->17K(128K)
[2026-03-22T17:32:37.496+0900][2.562s][info][gc             ] GC(112) Pause Full (Ergonomics) 444M->101M(501M) 9.274ms
[2026-03-22T17:32:37.496+0900][2.562s][info][gc,cpu         ] GC(112) User=0.06s Sys=0.00s Real=0.01s
[2026-03-22T17:32:37.513+0900][2.579s][info][gc,start       ] GC(113) Pause Young (Allocation Failure)
[2026-03-22T17:32:37.518+0900][2.583s][info][gc,heap        ] GC(113) PSYoungGen: 152561K(163840K)->10496K(163840K) Eden: 152561K(153088K)->0K(153088K) From: 0K(10752K)->10496K(10752K)
[2026-03-22T17:32:37.518+0900][2.584s][info][gc,heap        ] GC(113) ParOldGen: 103429K(349696K)->197638K(349696K)
[2026-03-22T17:32:37.518+0900][2.584s][info][gc,metaspace   ] GC(113) Metaspace: 338K(512K)->338K(512K) NonClass: 320K(384K)->320K(384K) Class: 17K(128K)->17K(128K)
[2026-03-22T17:32:37.518+0900][2.584s][info][gc             ] GC(113) Pause Young (Allocation Failure) 249M->203M(501M) 4.902ms
[2026-03-22T17:32:37.518+0900][2.584s][info][gc,cpu         ] GC(113) User=0.00s Sys=0.00s Real=0.00s
[2026-03-22T17:32:37.534+0900][2.600s][info][gc,start       ] GC(114) Pause Young (Allocation Failure)
[2026-03-22T17:32:37.540+0900][2.605s][info][gc,heap        ] GC(114) PSYoungGen: 163057K(163840K)->10496K(163840K) Eden: 152561K(153088K)->0K(153088K) From: 10496K(10752K)->10496K(10752K)
[2026-03-22T17:32:37.540+0900][2.605s][info][gc,heap        ] GC(114) ParOldGen: 197638K(349696K)->291999K(349696K)
[2026-03-22T17:32:37.540+0900][2.605s][info][gc,metaspace   ] GC(114) Metaspace: 338K(512K)->338K(512K) NonClass: 320K(384K)->320K(384K) Class: 17K(128K)->17K(128K)
[2026-03-22T17:32:37.540+0900][2.605s][info][gc             ] GC(114) Pause Young (Allocation Failure) 352M->295M(501M) 5.533ms
[2026-03-22T17:32:37.540+0900][2.605s][info][gc,cpu         ] GC(114) User=0.00s Sys=0.00s Real=0.01s
[2026-03-22T17:32:37.554+0900][2.620s][info][gc,start       ] GC(115) Pause Full (Ergonomics)
[2026-03-22T17:32:37.555+0900][2.620s][info][gc,phases,start] GC(115) Marking Phase
[2026-03-22T17:32:37.556+0900][2.621s][info][gc,phases      ] GC(115) Marking Phase 1.412ms
[2026-03-22T17:32:37.556+0900][2.621s][info][gc,phases,start] GC(115) Summary Phase
[2026-03-22T17:32:37.556+0900][2.621s][info][gc,phases      ] GC(115) Summary Phase 0.018ms
[2026-03-22T17:32:37.556+0900][2.622s][info][gc,phases,start] GC(115) Adjust Roots
[2026-03-22T17:32:37.556+0900][2.622s][info][gc,phases      ] GC(115) Adjust Roots 0.238ms
[2026-03-22T17:32:37.556+0900][2.622s][info][gc,phases,start] GC(115) Compaction Phase
[2026-03-22T17:32:37.563+0900][2.628s][info][gc,phases      ] GC(115) Compaction Phase 6.454ms
[2026-03-22T17:32:37.563+0900][2.628s][info][gc,phases,start] GC(115) Post Compact
[2026-03-22T17:32:37.564+0900][2.630s][info][gc,phases      ] GC(115) Post Compact 1.394ms
[2026-03-22T17:32:37.564+0900][2.630s][info][gc,heap        ] GC(115) PSYoungGen: 163057K(163840K)->0K(163840K) Eden: 152561K(153088K)->0K(153088K) From: 10496K(10752K)->0K(10752K)
[2026-03-22T17:32:37.564+0900][2.630s][info][gc,heap        ] GC(115) ParOldGen: 291999K(349696K)->103429K(349696K)
[2026-03-22T17:32:37.564+0900][2.630s][info][gc,metaspace   ] GC(115) Metaspace: 338K(512K)->338K(512K) NonClass: 320K(384K)->320K(384K) Class: 17K(128K)->17K(128K)
[2026-03-22T17:32:37.564+0900][2.630s][info][gc             ] GC(115) Pause Full (Ergonomics) 444M->101M(501M) 9.834ms
[2026-03-22T17:32:37.564+0900][2.630s][info][gc,cpu         ] GC(115) User=0.02s Sys=0.00s Real=0.01s
[2026-03-22T17:32:37.580+0900][2.646s][info][gc,start       ] GC(116) Pause Young (Allocation Failure)
[2026-03-22T17:32:37.585+0900][2.651s][info][gc,heap        ] GC(116) PSYoungGen: 152561K(163840K)->10496K(163840K) Eden: 152561K(153088K)->0K(153088K) From: 0K(10752K)->10496K(10752K)
[2026-03-22T17:32:37.585+0900][2.651s][info][gc,heap        ] GC(116) ParOldGen: 103429K(349696K)->197638K(349696K)
[2026-03-22T17:32:37.585+0900][2.651s][info][gc,metaspace   ] GC(116) Metaspace: 338K(512K)->338K(512K) NonClass: 320K(384K)->320K(384K) Class: 17K(128K)->17K(128K)
[2026-03-22T17:32:37.585+0900][2.651s][info][gc             ] GC(116) Pause Young (Allocation Failure) 249M->203M(501M) 5.011ms
[2026-03-22T17:32:37.585+0900][2.651s][info][gc,cpu         ] GC(116) User=0.00s Sys=0.00s Real=0.01s
[2026-03-22T17:32:37.600+0900][2.666s][info][gc,start       ] GC(117) Pause Young (Allocation Failure)
[2026-03-22T17:32:37.605+0900][2.671s][info][gc,heap        ] GC(117) PSYoungGen: 163057K(163840K)->10496K(163840K) Eden: 152561K(153088K)->0K(153088K) From: 10496K(10752K)->10496K(10752K)
[2026-03-22T17:32:37.605+0900][2.672s][info][gc,heap        ] GC(117) ParOldGen: 197638K(349696K)->291999K(349696K)
[2026-03-22T17:32:37.606+0900][2.672s][info][gc,metaspace   ] GC(117) Metaspace: 338K(512K)->338K(512K) NonClass: 320K(384K)->320K(384K) Class: 17K(128K)->17K(128K)
[2026-03-22T17:32:37.606+0900][2.672s][info][gc             ] GC(117) Pause Young (Allocation Failure) 352M->295M(501M) 5.246ms
[2026-03-22T17:32:37.606+0900][2.672s][info][gc,cpu         ] GC(117) User=0.06s Sys=0.00s Real=0.01s
[2026-03-22T17:32:37.621+0900][2.687s][info][gc,start       ] GC(118) Pause Full (Ergonomics)
[2026-03-22T17:32:37.627+0900][2.693s][info][gc,phases,start] GC(118) Marking Phase
[2026-03-22T17:32:37.630+0900][2.696s][info][gc,phases      ] GC(118) Marking Phase 2.958ms
[2026-03-22T17:32:37.630+0900][2.696s][info][gc,phases,start] GC(118) Summary Phase
[2026-03-22T17:32:37.630+0900][2.696s][info][gc,phases      ] GC(118) Summary Phase 0.018ms
[2026-03-22T17:32:37.630+0900][2.696s][info][gc,phases,start] GC(118) Adjust Roots
[2026-03-22T17:32:37.630+0900][2.696s][info][gc,phases      ] GC(118) Adjust Roots 0.373ms
[2026-03-22T17:32:37.630+0900][2.696s][info][gc,phases,start] GC(118) Compaction Phase
[2026-03-22T17:32:37.637+0900][2.703s][info][gc,phases      ] GC(118) Compaction Phase 6.880ms
[2026-03-22T17:32:37.637+0900][2.703s][info][gc,phases,start] GC(118) Post Compact
[2026-03-22T17:32:37.639+0900][2.705s][info][gc,phases      ] GC(118) Post Compact 2.017ms
[2026-03-22T17:32:37.639+0900][2.705s][info][gc,heap        ] GC(118) PSYoungGen: 163057K(163840K)->0K(163840K) Eden: 152561K(153088K)->0K(153088K) From: 10496K(10752K)->0K(10752K)
[2026-03-22T17:32:37.639+0900][2.705s][info][gc,heap        ] GC(118) ParOldGen: 291999K(349696K)->103429K(349696K)
[2026-03-22T17:32:37.639+0900][2.705s][info][gc,metaspace   ] GC(118) Metaspace: 338K(512K)->338K(512K) NonClass: 320K(384K)->320K(384K) Class: 17K(128K)->17K(128K)
[2026-03-22T17:32:37.639+0900][2.705s][info][gc             ] GC(118) Pause Full (Ergonomics) 444M->101M(501M) 18.326ms
[2026-03-22T17:32:37.639+0900][2.705s][info][gc,cpu         ] GC(118) User=0.06s Sys=0.00s Real=0.02s
[2026-03-22T17:32:37.654+0900][2.720s][info][gc,start       ] GC(119) Pause Young (Allocation Failure)
[2026-03-22T17:32:37.659+0900][2.725s][info][gc,heap        ] GC(119) PSYoungGen: 152561K(163840K)->10496K(163840K) Eden: 152561K(153088K)->0K(153088K) From: 0K(10752K)->10496K(10752K)
[2026-03-22T17:32:37.659+0900][2.725s][info][gc,heap        ] GC(119) ParOldGen: 103429K(349696K)->197638K(349696K)
[2026-03-22T17:32:37.659+0900][2.725s][info][gc,metaspace   ] GC(119) Metaspace: 338K(512K)->338K(512K) NonClass: 320K(384K)->320K(384K) Class: 17K(128K)->17K(128K)
[2026-03-22T17:32:37.659+0900][2.725s][info][gc             ] GC(119) Pause Young (Allocation Failure) 249M->203M(501M) 5.151ms
[2026-03-22T17:32:37.659+0900][2.725s][info][gc,cpu         ] GC(119) User=0.00s Sys=0.00s Real=0.00s
[2026-03-22T17:32:37.675+0900][2.741s][info][gc,start       ] GC(120) Pause Young (Allocation Failure)
[2026-03-22T17:32:37.680+0900][2.746s][info][gc,heap        ] GC(120) PSYoungGen: 163057K(163840K)->10496K(163840K) Eden: 152561K(153088K)->0K(153088K) From: 10496K(10752K)->10496K(10752K)
[2026-03-22T17:32:37.680+0900][2.746s][info][gc,heap        ] GC(120) ParOldGen: 197638K(349696K)->291999K(349696K)
[2026-03-22T17:32:37.681+0900][2.746s][info][gc,metaspace   ] GC(120) Metaspace: 338K(512K)->338K(512K) NonClass: 320K(384K)->320K(384K) Class: 17K(128K)->17K(128K)
[2026-03-22T17:32:37.681+0900][2.746s][info][gc             ] GC(120) Pause Young (Allocation Failure) 352M->295M(501M) 5.080ms
[2026-03-22T17:32:37.681+0900][2.746s][info][gc,cpu         ] GC(120) User=0.00s Sys=0.00s Real=0.01s
[2026-03-22T17:32:37.697+0900][2.763s][info][gc,start       ] GC(121) Pause Full (Ergonomics)
[2026-03-22T17:32:37.697+0900][2.763s][info][gc,phases,start] GC(121) Marking Phase
[2026-03-22T17:32:37.699+0900][2.764s][info][gc,phases      ] GC(121) Marking Phase 1.504ms
[2026-03-22T17:32:37.699+0900][2.764s][info][gc,phases,start] GC(121) Summary Phase
[2026-03-22T17:32:37.699+0900][2.764s][info][gc,phases      ] GC(121) Summary Phase 0.018ms
[2026-03-22T17:32:37.699+0900][2.764s][info][gc,phases,start] GC(121) Adjust Roots
[2026-03-22T17:32:37.699+0900][2.765s][info][gc,phases      ] GC(121) Adjust Roots 0.211ms
[2026-03-22T17:32:37.699+0900][2.765s][info][gc,phases,start] GC(121) Compaction Phase
[2026-03-22T17:32:37.705+0900][2.771s][info][gc,phases      ] GC(121) Compaction Phase 6.291ms
[2026-03-22T17:32:37.705+0900][2.771s][info][gc,phases,start] GC(121) Post Compact
[2026-03-22T17:32:37.706+0900][2.773s][info][gc,phases      ] GC(121) Post Compact 1.613ms
[2026-03-22T17:32:37.706+0900][2.773s][info][gc,heap        ] GC(121) PSYoungGen: 163057K(163840K)->0K(163840K) Eden: 152561K(153088K)->0K(153088K) From: 10496K(10752K)->0K(10752K)
[2026-03-22T17:32:37.706+0900][2.773s][info][gc,heap        ] GC(121) ParOldGen: 291999K(349696K)->103429K(349696K)
[2026-03-22T17:32:37.706+0900][2.773s][info][gc,metaspace   ] GC(121) Metaspace: 338K(512K)->338K(512K) NonClass: 320K(384K)->320K(384K) Class: 17K(128K)->17K(128K)
[2026-03-22T17:32:37.706+0900][2.773s][info][gc             ] GC(121) Pause Full (Ergonomics) 444M->101M(501M) 9.925ms
[2026-03-22T17:32:37.706+0900][2.773s][info][gc,cpu         ] GC(121) User=0.00s Sys=0.00s Real=0.01s
[2026-03-22T17:32:37.723+0900][2.788s][info][gc,start       ] GC(122) Pause Young (Allocation Failure)
[2026-03-22T17:32:37.728+0900][2.793s][info][gc,heap        ] GC(122) PSYoungGen: 152561K(163840K)->10496K(163840K) Eden: 152561K(153088K)->0K(153088K) From: 0K(10752K)->10496K(10752K)
[2026-03-22T17:32:37.728+0900][2.794s][info][gc,heap        ] GC(122) ParOldGen: 103429K(349696K)->197638K(349696K)
[2026-03-22T17:32:37.728+0900][2.794s][info][gc,metaspace   ] GC(122) Metaspace: 338K(512K)->338K(512K) NonClass: 320K(384K)->320K(384K) Class: 17K(128K)->17K(128K)
[2026-03-22T17:32:37.728+0900][2.794s][info][gc             ] GC(122) Pause Young (Allocation Failure) 249M->203M(501M) 5.247ms
[2026-03-22T17:32:37.728+0900][2.794s][info][gc,cpu         ] GC(122) User=0.00s Sys=0.00s Real=0.00s
[2026-03-22T17:32:37.743+0900][2.809s][info][gc,start       ] GC(123) Pause Young (Allocation Failure)
[2026-03-22T17:32:37.748+0900][2.814s][info][gc,heap        ] GC(123) PSYoungGen: 163057K(163840K)->10496K(163840K) Eden: 152561K(153088K)->0K(153088K) From: 10496K(10752K)->10496K(10752K)
[2026-03-22T17:32:37.748+0900][2.814s][info][gc,heap        ] GC(123) ParOldGen: 197638K(349696K)->291999K(349696K)
[2026-03-22T17:32:37.748+0900][2.814s][info][gc,metaspace   ] GC(123) Metaspace: 338K(512K)->338K(512K) NonClass: 320K(384K)->320K(384K) Class: 17K(128K)->17K(128K)
[2026-03-22T17:32:37.748+0900][2.814s][info][gc             ] GC(123) Pause Young (Allocation Failure) 352M->295M(501M) 5.398ms
[2026-03-22T17:32:37.748+0900][2.814s][info][gc,cpu         ] GC(123) User=0.05s Sys=0.00s Real=0.00s
[2026-03-22T17:32:37.763+0900][2.829s][info][gc,start       ] GC(124) Pause Full (Ergonomics)
[2026-03-22T17:32:37.763+0900][2.829s][info][gc,phases,start] GC(124) Marking Phase
[2026-03-22T17:32:37.765+0900][2.830s][info][gc,phases      ] GC(124) Marking Phase 1.206ms
[2026-03-22T17:32:37.765+0900][2.830s][info][gc,phases,start] GC(124) Summary Phase
[2026-03-22T17:32:37.765+0900][2.830s][info][gc,phases      ] GC(124) Summary Phase 0.015ms
[2026-03-22T17:32:37.765+0900][2.830s][info][gc,phases,start] GC(124) Adjust Roots
[2026-03-22T17:32:37.765+0900][2.830s][info][gc,phases      ] GC(124) Adjust Roots 0.178ms
[2026-03-22T17:32:37.765+0900][2.830s][info][gc,phases,start] GC(124) Compaction Phase
[2026-03-22T17:32:37.771+0900][2.836s][info][gc,phases      ] GC(124) Compaction Phase 5.854ms
[2026-03-22T17:32:37.771+0900][2.836s][info][gc,phases,start] GC(124) Post Compact
[2026-03-22T17:32:37.772+0900][2.838s][info][gc,phases      ] GC(124) Post Compact 1.407ms
[2026-03-22T17:32:37.772+0900][2.838s][info][gc,heap        ] GC(124) PSYoungGen: 163057K(163840K)->0K(163840K) Eden: 152561K(153088K)->0K(153088K) From: 10496K(10752K)->0K(10752K)
[2026-03-22T17:32:37.772+0900][2.838s][info][gc,heap        ] GC(124) ParOldGen: 291999K(349696K)->103429K(349696K)
[2026-03-22T17:32:37.772+0900][2.838s][info][gc,metaspace   ] GC(124) Metaspace: 338K(512K)->338K(512K) NonClass: 320K(384K)->320K(384K) Class: 17K(128K)->17K(128K)
[2026-03-22T17:32:37.772+0900][2.838s][info][gc             ] GC(124) Pause Full (Ergonomics) 444M->101M(501M) 8.869ms
[2026-03-22T17:32:37.772+0900][2.838s][info][gc,cpu         ] GC(124) User=0.00s Sys=0.00s Real=0.01s
[2026-03-22T17:32:37.787+0900][2.853s][info][gc,start       ] GC(125) Pause Young (Allocation Failure)
[2026-03-22T17:32:37.792+0900][2.858s][info][gc,heap        ] GC(125) PSYoungGen: 152561K(163840K)->10496K(163840K) Eden: 152561K(153088K)->0K(153088K) From: 0K(10752K)->10496K(10752K)
[2026-03-22T17:32:37.792+0900][2.858s][info][gc,heap        ] GC(125) ParOldGen: 103429K(349696K)->197638K(349696K)
[2026-03-22T17:32:37.792+0900][2.858s][info][gc,metaspace   ] GC(125) Metaspace: 338K(512K)->338K(512K) NonClass: 320K(384K)->320K(384K) Class: 17K(128K)->17K(128K)
[2026-03-22T17:32:37.792+0900][2.858s][info][gc             ] GC(125) Pause Young (Allocation Failure) 249M->203M(501M) 5.435ms
[2026-03-22T17:32:37.792+0900][2.858s][info][gc,cpu         ] GC(125) User=0.06s Sys=0.00s Real=0.01s
[2026-03-22T17:32:37.807+0900][2.873s][info][gc,start       ] GC(126) Pause Young (Allocation Failure)
[2026-03-22T17:32:37.812+0900][2.878s][info][gc,heap        ] GC(126) PSYoungGen: 163057K(163840K)->10496K(163840K) Eden: 152561K(153088K)->0K(153088K) From: 10496K(10752K)->10496K(10752K)
[2026-03-22T17:32:37.812+0900][2.878s][info][gc,heap        ] GC(126) ParOldGen: 197638K(349696K)->291999K(349696K)
[2026-03-22T17:32:37.812+0900][2.878s][info][gc,metaspace   ] GC(126) Metaspace: 338K(512K)->338K(512K) NonClass: 320K(384K)->320K(384K) Class: 17K(128K)->17K(128K)
[2026-03-22T17:32:37.812+0900][2.878s][info][gc             ] GC(126) Pause Young (Allocation Failure) 352M->295M(501M) 5.100ms
[2026-03-22T17:32:37.812+0900][2.879s][info][gc,cpu         ] GC(126) User=0.00s Sys=0.00s Real=0.01s
[2026-03-22T17:32:37.827+0900][2.893s][info][gc,start       ] GC(127) Pause Full (Ergonomics)
[2026-03-22T17:32:37.827+0900][2.893s][info][gc,phases,start] GC(127) Marking Phase
[2026-03-22T17:32:37.828+0900][2.894s][info][gc,phases      ] GC(127) Marking Phase 1.340ms
[2026-03-22T17:32:37.828+0900][2.894s][info][gc,phases,start] GC(127) Summary Phase
[2026-03-22T17:32:37.828+0900][2.894s][info][gc,phases      ] GC(127) Summary Phase 0.034ms
[2026-03-22T17:32:37.828+0900][2.894s][info][gc,phases,start] GC(127) Adjust Roots
[2026-03-22T17:32:37.829+0900][2.895s][info][gc,phases      ] GC(127) Adjust Roots 0.307ms
[2026-03-22T17:32:37.829+0900][2.895s][info][gc,phases,start] GC(127) Compaction Phase
[2026-03-22T17:32:37.835+0900][2.901s][info][gc,phases      ] GC(127) Compaction Phase 6.183ms
[2026-03-22T17:32:37.835+0900][2.901s][info][gc,phases,start] GC(127) Post Compact
[2026-03-22T17:32:37.836+0900][2.902s][info][gc,phases      ] GC(127) Post Compact 1.361ms
[2026-03-22T17:32:37.836+0900][2.902s][info][gc,heap        ] GC(127) PSYoungGen: 163057K(163840K)->0K(163840K) Eden: 152561K(153088K)->0K(153088K) From: 10496K(10752K)->0K(10752K)
[2026-03-22T17:32:37.836+0900][2.902s][info][gc,heap        ] GC(127) ParOldGen: 291999K(349696K)->103429K(349696K)
[2026-03-22T17:32:37.836+0900][2.902s][info][gc,metaspace   ] GC(127) Metaspace: 338K(512K)->338K(512K) NonClass: 320K(384K)->320K(384K) Class: 17K(128K)->17K(128K)
[2026-03-22T17:32:37.836+0900][2.902s][info][gc             ] GC(127) Pause Full (Ergonomics) 444M->101M(501M) 9.503ms
[2026-03-22T17:32:37.836+0900][2.902s][info][gc,cpu         ] GC(127) User=0.00s Sys=0.00s Real=0.01s
[2026-03-22T17:32:37.854+0900][2.920s][info][gc,start       ] GC(128) Pause Young (Allocation Failure)
[2026-03-22T17:32:37.859+0900][2.925s][info][gc,heap        ] GC(128) PSYoungGen: 152561K(163840K)->10496K(163840K) Eden: 152561K(153088K)->0K(153088K) From: 0K(10752K)->10496K(10752K)
[2026-03-22T17:32:37.859+0900][2.925s][info][gc,heap        ] GC(128) ParOldGen: 103429K(349696K)->197638K(349696K)
[2026-03-22T17:32:37.859+0900][2.925s][info][gc,metaspace   ] GC(128) Metaspace: 338K(512K)->338K(512K) NonClass: 320K(384K)->320K(384K) Class: 17K(128K)->17K(128K)
[2026-03-22T17:32:37.859+0900][2.925s][info][gc             ] GC(128) Pause Young (Allocation Failure) 249M->203M(501M) 4.918ms
[2026-03-22T17:32:37.859+0900][2.925s][info][gc,cpu         ] GC(128) User=0.00s Sys=0.00s Real=0.00s
[2026-03-22T17:32:37.876+0900][2.941s][info][gc,start       ] GC(129) Pause Young (Allocation Failure)
[2026-03-22T17:32:37.881+0900][2.946s][info][gc,heap        ] GC(129) PSYoungGen: 163057K(163840K)->10496K(163840K) Eden: 152561K(153088K)->0K(153088K) From: 10496K(10752K)->10496K(10752K)
[2026-03-22T17:32:37.881+0900][2.946s][info][gc,heap        ] GC(129) ParOldGen: 197638K(349696K)->291999K(349696K)
[2026-03-22T17:32:37.881+0900][2.946s][info][gc,metaspace   ] GC(129) Metaspace: 338K(512K)->338K(512K) NonClass: 320K(384K)->320K(384K) Class: 17K(128K)->17K(128K)
[2026-03-22T17:32:37.881+0900][2.946s][info][gc             ] GC(129) Pause Young (Allocation Failure) 352M->295M(501M) 4.970ms
[2026-03-22T17:32:37.881+0900][2.946s][info][gc,cpu         ] GC(129) User=0.00s Sys=0.00s Real=0.01s
[2026-03-22T17:32:37.895+0900][2.961s][info][gc,start       ] GC(130) Pause Full (Ergonomics)
[2026-03-22T17:32:37.895+0900][2.961s][info][gc,phases,start] GC(130) Marking Phase
[2026-03-22T17:32:37.897+0900][2.962s][info][gc,phases      ] GC(130) Marking Phase 1.260ms
[2026-03-22T17:32:37.897+0900][2.962s][info][gc,phases,start] GC(130) Summary Phase
[2026-03-22T17:32:37.897+0900][2.962s][info][gc,phases      ] GC(130) Summary Phase 0.014ms
[2026-03-22T17:32:37.897+0900][2.962s][info][gc,phases,start] GC(130) Adjust Roots
[2026-03-22T17:32:37.897+0900][2.963s][info][gc,phases      ] GC(130) Adjust Roots 0.169ms
[2026-03-22T17:32:37.897+0900][2.963s][info][gc,phases,start] GC(130) Compaction Phase
[2026-03-22T17:32:37.903+0900][2.969s][info][gc,phases      ] GC(130) Compaction Phase 6.172ms
[2026-03-22T17:32:37.903+0900][2.969s][info][gc,phases,start] GC(130) Post Compact
[2026-03-22T17:32:37.905+0900][2.971s][info][gc,phases      ] GC(130) Post Compact 1.684ms
[2026-03-22T17:32:37.905+0900][2.971s][info][gc,heap        ] GC(130) PSYoungGen: 163057K(163840K)->0K(163840K) Eden: 152561K(153088K)->0K(153088K) From: 10496K(10752K)->0K(10752K)
[2026-03-22T17:32:37.905+0900][2.971s][info][gc,heap        ] GC(130) ParOldGen: 291999K(349696K)->103429K(349696K)
[2026-03-22T17:32:37.905+0900][2.971s][info][gc,metaspace   ] GC(130) Metaspace: 338K(512K)->338K(512K) NonClass: 320K(384K)->320K(384K) Class: 17K(128K)->17K(128K)
[2026-03-22T17:32:37.905+0900][2.971s][info][gc             ] GC(130) Pause Full (Ergonomics) 444M->101M(501M) 9.713ms
[2026-03-22T17:32:37.905+0900][2.971s][info][gc,cpu         ] GC(130) User=0.06s Sys=0.00s Real=0.01s
[2026-03-22T17:32:37.921+0900][2.987s][info][gc,start       ] GC(131) Pause Young (Allocation Failure)
[2026-03-22T17:32:37.926+0900][2.992s][info][gc,heap        ] GC(131) PSYoungGen: 152561K(163840K)->10496K(163840K) Eden: 152561K(153088K)->0K(153088K) From: 0K(10752K)->10496K(10752K)
[2026-03-22T17:32:37.926+0900][2.992s][info][gc,heap        ] GC(131) ParOldGen: 103429K(349696K)->197638K(349696K)
[2026-03-22T17:32:37.926+0900][2.992s][info][gc,metaspace   ] GC(131) Metaspace: 338K(512K)->338K(512K) NonClass: 320K(384K)->320K(384K) Class: 17K(128K)->17K(128K)
[2026-03-22T17:32:37.926+0900][2.992s][info][gc             ] GC(131) Pause Young (Allocation Failure) 249M->203M(501M) 5.091ms
[2026-03-22T17:32:37.926+0900][2.992s][info][gc,cpu         ] GC(131) User=0.00s Sys=0.00s Real=0.01s
[2026-03-22T17:32:37.942+0900][3.009s][info][gc,start       ] GC(132) Pause Young (Allocation Failure)
[2026-03-22T17:32:37.948+0900][3.014s][info][gc,heap        ] GC(132) PSYoungGen: 163057K(163840K)->10496K(163840K) Eden: 152561K(153088K)->0K(153088K) From: 10496K(10752K)->10496K(10752K)
[2026-03-22T17:32:37.948+0900][3.014s][info][gc,heap        ] GC(132) ParOldGen: 197638K(349696K)->291999K(349696K)
[2026-03-22T17:32:37.948+0900][3.014s][info][gc,metaspace   ] GC(132) Metaspace: 338K(512K)->338K(512K) NonClass: 320K(384K)->320K(384K) Class: 17K(128K)->17K(128K)
[2026-03-22T17:32:37.948+0900][3.014s][info][gc             ] GC(132) Pause Young (Allocation Failure) 352M->295M(501M) 4.999ms
[2026-03-22T17:32:37.948+0900][3.014s][info][gc,cpu         ] GC(132) User=0.06s Sys=0.00s Real=0.01s
[2026-03-22T17:32:37.965+0900][3.030s][info][gc,start       ] GC(133) Pause Full (Ergonomics)
[2026-03-22T17:32:37.965+0900][3.030s][info][gc,phases,start] GC(133) Marking Phase
[2026-03-22T17:32:37.966+0900][3.031s][info][gc,phases      ] GC(133) Marking Phase 1.111ms
[2026-03-22T17:32:37.966+0900][3.031s][info][gc,phases,start] GC(133) Summary Phase
[2026-03-22T17:32:37.966+0900][3.031s][info][gc,phases      ] GC(133) Summary Phase 0.014ms
[2026-03-22T17:32:37.966+0900][3.031s][info][gc,phases,start] GC(133) Adjust Roots
[2026-03-22T17:32:37.966+0900][3.031s][info][gc,phases      ] GC(133) Adjust Roots 0.289ms
[2026-03-22T17:32:37.966+0900][3.032s][info][gc,phases,start] GC(133) Compaction Phase
[2026-03-22T17:32:37.971+0900][3.037s][info][gc,phases      ] GC(133) Compaction Phase 5.830ms
[2026-03-22T17:32:37.971+0900][3.037s][info][gc,phases,start] GC(133) Post Compact
[2026-03-22T17:32:37.973+0900][3.039s][info][gc,phases      ] GC(133) Post Compact 1.664ms
[2026-03-22T17:32:37.973+0900][3.039s][info][gc,heap        ] GC(133) PSYoungGen: 163057K(163840K)->0K(163840K) Eden: 152561K(153088K)->0K(153088K) From: 10496K(10752K)->0K(10752K)
[2026-03-22T17:32:37.973+0900][3.039s][info][gc,heap        ] GC(133) ParOldGen: 291999K(349696K)->103194K(349696K)
[2026-03-22T17:32:37.973+0900][3.039s][info][gc,metaspace   ] GC(133) Metaspace: 338K(512K)->338K(512K) NonClass: 320K(384K)->320K(384K) Class: 17K(128K)->17K(128K)
[2026-03-22T17:32:37.973+0900][3.039s][info][gc             ] GC(133) Pause Full (Ergonomics) 444M->100M(501M) 9.277ms
[2026-03-22T17:32:37.973+0900][3.039s][info][gc,cpu         ] GC(133) User=0.00s Sys=0.00s Real=0.01s
[2026-03-22T17:32:37.989+0900][3.055s][info][gc,start       ] GC(134) Pause Young (Allocation Failure)
[2026-03-22T17:32:37.994+0900][3.059s][info][gc,heap        ] GC(134) PSYoungGen: 152561K(163840K)->10496K(163840K) Eden: 152561K(153088K)->0K(153088K) From: 0K(10752K)->10496K(10752K)
[2026-03-22T17:32:37.994+0900][3.059s][info][gc,heap        ] GC(134) ParOldGen: 103194K(349696K)->197403K(349696K)
[2026-03-22T17:32:37.994+0900][3.060s][info][gc,metaspace   ] GC(134) Metaspace: 338K(512K)->338K(512K) NonClass: 320K(384K)->320K(384K) Class: 17K(128K)->17K(128K)
[2026-03-22T17:32:37.994+0900][3.060s][info][gc             ] GC(134) Pause Young (Allocation Failure) 249M->203M(501M) 4.856ms
[2026-03-22T17:32:37.994+0900][3.060s][info][gc,cpu         ] GC(134) User=0.00s Sys=0.02s Real=0.00s
[2026-03-22T17:32:38.009+0900][3.075s][info][gc,start       ] GC(135) Pause Young (Allocation Failure)
[2026-03-22T17:32:38.014+0900][3.080s][info][gc,heap        ] GC(135) PSYoungGen: 163057K(163840K)->10496K(163840K) Eden: 152561K(153088K)->0K(153088K) From: 10496K(10752K)->10496K(10752K)
[2026-03-22T17:32:38.014+0900][3.080s][info][gc,heap        ] GC(135) ParOldGen: 197403K(349696K)->291764K(349696K)
[2026-03-22T17:32:38.014+0900][3.080s][info][gc,metaspace   ] GC(135) Metaspace: 338K(512K)->338K(512K) NonClass: 320K(384K)->320K(384K) Class: 17K(128K)->17K(128K)
[2026-03-22T17:32:38.014+0900][3.080s][info][gc             ] GC(135) Pause Young (Allocation Failure) 352M->295M(501M) 4.853ms
[2026-03-22T17:32:38.014+0900][3.080s][info][gc,cpu         ] GC(135) User=0.02s Sys=0.00s Real=0.00s
[2026-03-22T17:32:38.031+0900][3.096s][info][gc,start       ] GC(136) Pause Full (Ergonomics)
[2026-03-22T17:32:38.031+0900][3.096s][info][gc,phases,start] GC(136) Marking Phase
[2026-03-22T17:32:38.032+0900][3.098s][info][gc,phases      ] GC(136) Marking Phase 1.256ms
[2026-03-22T17:32:38.032+0900][3.098s][info][gc,phases,start] GC(136) Summary Phase
[2026-03-22T17:32:38.032+0900][3.098s][info][gc,phases      ] GC(136) Summary Phase 0.015ms
[2026-03-22T17:32:38.032+0900][3.098s][info][gc,phases,start] GC(136) Adjust Roots
[2026-03-22T17:32:38.032+0900][3.098s][info][gc,phases      ] GC(136) Adjust Roots 0.235ms
[2026-03-22T17:32:38.032+0900][3.098s][info][gc,phases,start] GC(136) Compaction Phase
[2026-03-22T17:32:38.038+0900][3.104s][info][gc,phases      ] GC(136) Compaction Phase 5.585ms
[2026-03-22T17:32:38.038+0900][3.104s][info][gc,phases,start] GC(136) Post Compact
[2026-03-22T17:32:38.040+0900][3.105s][info][gc,phases      ] GC(136) Post Compact 1.773ms
[2026-03-22T17:32:38.040+0900][3.105s][info][gc,heap        ] GC(136) PSYoungGen: 163057K(163840K)->0K(163840K) Eden: 152561K(153088K)->0K(153088K) From: 10496K(10752K)->0K(10752K)
[2026-03-22T17:32:38.040+0900][3.105s][info][gc,heap        ] GC(136) ParOldGen: 291764K(349696K)->103429K(349696K)
[2026-03-22T17:32:38.040+0900][3.105s][info][gc,metaspace   ] GC(136) Metaspace: 338K(512K)->338K(512K) NonClass: 320K(384K)->320K(384K) Class: 17K(128K)->17K(128K)
[2026-03-22T17:32:38.040+0900][3.105s][info][gc             ] GC(136) Pause Full (Ergonomics) 444M->101M(501M) 9.221ms
[2026-03-22T17:32:38.040+0900][3.105s][info][gc,cpu         ] GC(136) User=0.00s Sys=0.00s Real=0.01s
[2026-03-22T17:32:38.057+0900][3.123s][info][gc,start       ] GC(137) Pause Young (Allocation Failure)
[2026-03-22T17:32:38.062+0900][3.127s][info][gc,heap        ] GC(137) PSYoungGen: 152561K(163840K)->10496K(163840K) Eden: 152561K(153088K)->0K(153088K) From: 0K(10752K)->10496K(10752K)
[2026-03-22T17:32:38.062+0900][3.127s][info][gc,heap        ] GC(137) ParOldGen: 103429K(349696K)->197638K(349696K)
[2026-03-22T17:32:38.062+0900][3.127s][info][gc,metaspace   ] GC(137) Metaspace: 338K(512K)->338K(512K) NonClass: 320K(384K)->320K(384K) Class: 17K(128K)->17K(128K)
[2026-03-22T17:32:38.062+0900][3.128s][info][gc             ] GC(137) Pause Young (Allocation Failure) 249M->203M(501M) 4.877ms
[2026-03-22T17:32:38.062+0900][3.128s][info][gc,cpu         ] GC(137) User=0.00s Sys=0.00s Real=0.01s
[2026-03-22T17:32:38.079+0900][3.145s][info][gc,start       ] GC(138) Pause Young (Allocation Failure)
[2026-03-22T17:32:38.084+0900][3.149s][info][gc,heap        ] GC(138) PSYoungGen: 163057K(163840K)->10496K(163840K) Eden: 152561K(153088K)->0K(153088K) From: 10496K(10752K)->10496K(10752K)
[2026-03-22T17:32:38.084+0900][3.149s][info][gc,heap        ] GC(138) ParOldGen: 197638K(349696K)->291999K(349696K)
[2026-03-22T17:32:38.084+0900][3.149s][info][gc,metaspace   ] GC(138) Metaspace: 338K(512K)->338K(512K) NonClass: 320K(384K)->320K(384K) Class: 17K(128K)->17K(128K)
[2026-03-22T17:32:38.084+0900][3.150s][info][gc             ] GC(138) Pause Young (Allocation Failure) 352M->295M(501M) 4.747ms
[2026-03-22T17:32:38.084+0900][3.150s][info][gc,cpu         ] GC(138) User=0.00s Sys=0.00s Real=0.01s
[2026-03-22T17:32:38.099+0900][3.165s][info][gc,start       ] GC(139) Pause Full (Ergonomics)
[2026-03-22T17:32:38.099+0900][3.165s][info][gc,phases,start] GC(139) Marking Phase
[2026-03-22T17:32:38.100+0900][3.166s][info][gc,phases      ] GC(139) Marking Phase 1.130ms
[2026-03-22T17:32:38.100+0900][3.166s][info][gc,phases,start] GC(139) Summary Phase
[2026-03-22T17:32:38.100+0900][3.166s][info][gc,phases      ] GC(139) Summary Phase 0.015ms
[2026-03-22T17:32:38.100+0900][3.166s][info][gc,phases,start] GC(139) Adjust Roots
[2026-03-22T17:32:38.100+0900][3.166s][info][gc,phases      ] GC(139) Adjust Roots 0.169ms
[2026-03-22T17:32:38.100+0900][3.166s][info][gc,phases,start] GC(139) Compaction Phase
[2026-03-22T17:32:38.106+0900][3.173s][info][gc,phases      ] GC(139) Compaction Phase 6.130ms
[2026-03-22T17:32:38.106+0900][3.173s][info][gc,phases,start] GC(139) Post Compact
[2026-03-22T17:32:38.108+0900][3.174s][info][gc,phases      ] GC(139) Post Compact 1.481ms
[2026-03-22T17:32:38.108+0900][3.174s][info][gc,heap        ] GC(139) PSYoungGen: 163057K(163840K)->0K(163840K) Eden: 152561K(153088K)->0K(153088K) From: 10496K(10752K)->0K(10752K)
[2026-03-22T17:32:38.108+0900][3.174s][info][gc,heap        ] GC(139) ParOldGen: 291999K(349696K)->103430K(349696K)
[2026-03-22T17:32:38.108+0900][3.174s][info][gc,metaspace   ] GC(139) Metaspace: 338K(512K)->338K(512K) NonClass: 320K(384K)->320K(384K) Class: 17K(128K)->17K(128K)
[2026-03-22T17:32:38.108+0900][3.174s][info][gc             ] GC(139) Pause Full (Ergonomics) 444M->101M(501M) 9.239ms
[2026-03-22T17:32:38.108+0900][3.174s][info][gc,cpu         ] GC(139) User=0.06s Sys=0.00s Real=0.01s
[2026-03-22T17:32:38.124+0900][3.190s][info][gc,start       ] GC(140) Pause Young (Allocation Failure)
[2026-03-22T17:32:38.129+0900][3.195s][info][gc,heap        ] GC(140) PSYoungGen: 152561K(163840K)->10496K(163840K) Eden: 152561K(153088K)->0K(153088K) From: 0K(10752K)->10496K(10752K)
[2026-03-22T17:32:38.129+0900][3.195s][info][gc,heap        ] GC(140) ParOldGen: 103430K(349696K)->197639K(349696K)
[2026-03-22T17:32:38.129+0900][3.195s][info][gc,metaspace   ] GC(140) Metaspace: 338K(512K)->338K(512K) NonClass: 320K(384K)->320K(384K) Class: 17K(128K)->17K(128K)
[2026-03-22T17:32:38.129+0900][3.195s][info][gc             ] GC(140) Pause Young (Allocation Failure) 249M->203M(501M) 4.845ms
[2026-03-22T17:32:38.129+0900][3.195s][info][gc,cpu         ] GC(140) User=0.00s Sys=0.00s Real=0.00s
[2026-03-22T17:32:38.145+0900][3.210s][info][gc,start       ] GC(141) Pause Young (Allocation Failure)
[2026-03-22T17:32:38.150+0900][3.215s][info][gc,heap        ] GC(141) PSYoungGen: 163057K(163840K)->10496K(163840K) Eden: 152561K(153088K)->0K(153088K) From: 10496K(10752K)->10496K(10752K)
[2026-03-22T17:32:38.150+0900][3.215s][info][gc,heap        ] GC(141) ParOldGen: 197639K(349696K)->291999K(349696K)
[2026-03-22T17:32:38.150+0900][3.215s][info][gc,metaspace   ] GC(141) Metaspace: 338K(512K)->338K(512K) NonClass: 320K(384K)->320K(384K) Class: 17K(128K)->17K(128K)
[2026-03-22T17:32:38.150+0900][3.216s][info][gc             ] GC(141) Pause Young (Allocation Failure) 352M->295M(501M) 5.129ms
[2026-03-22T17:32:38.150+0900][3.216s][info][gc,cpu         ] GC(141) User=0.00s Sys=0.00s Real=0.01s
[2026-03-22T17:32:38.166+0900][3.231s][info][gc,start       ] GC(142) Pause Full (Ergonomics)
[2026-03-22T17:32:38.166+0900][3.231s][info][gc,phases,start] GC(142) Marking Phase
[2026-03-22T17:32:38.167+0900][3.233s][info][gc,phases      ] GC(142) Marking Phase 1.172ms
[2026-03-22T17:32:38.167+0900][3.233s][info][gc,phases,start] GC(142) Summary Phase
[2026-03-22T17:32:38.167+0900][3.233s][info][gc,phases      ] GC(142) Summary Phase 0.015ms
[2026-03-22T17:32:38.167+0900][3.233s][info][gc,phases,start] GC(142) Adjust Roots
[2026-03-22T17:32:38.167+0900][3.233s][info][gc,phases      ] GC(142) Adjust Roots 0.206ms
[2026-03-22T17:32:38.167+0900][3.233s][info][gc,phases,start] GC(142) Compaction Phase
[2026-03-22T17:32:38.173+0900][3.239s][info][gc,phases      ] GC(142) Compaction Phase 5.922ms
[2026-03-22T17:32:38.173+0900][3.239s][info][gc,phases,start] GC(142) Post Compact
[2026-03-22T17:32:38.174+0900][3.240s][info][gc,phases      ] GC(142) Post Compact 1.426ms
[2026-03-22T17:32:38.174+0900][3.240s][info][gc,heap        ] GC(142) PSYoungGen: 163057K(163840K)->0K(163840K) Eden: 152561K(153088K)->0K(153088K) From: 10496K(10752K)->0K(10752K)
[2026-03-22T17:32:38.174+0900][3.240s][info][gc,heap        ] GC(142) ParOldGen: 291999K(349696K)->103430K(349696K)
[2026-03-22T17:32:38.174+0900][3.240s][info][gc,metaspace   ] GC(142) Metaspace: 338K(512K)->338K(512K) NonClass: 320K(384K)->320K(384K) Class: 17K(128K)->17K(128K)
[2026-03-22T17:32:38.174+0900][3.240s][info][gc             ] GC(142) Pause Full (Ergonomics) 444M->101M(501M) 9.001ms
[2026-03-22T17:32:38.174+0900][3.240s][info][gc,cpu         ] GC(142) User=0.02s Sys=0.00s Real=0.01s
[2026-03-22T17:32:38.189+0900][3.255s][info][gc,start       ] GC(143) Pause Young (Allocation Failure)
[2026-03-22T17:32:38.194+0900][3.260s][info][gc,heap        ] GC(143) PSYoungGen: 152561K(163840K)->10496K(163840K) Eden: 152561K(153088K)->0K(153088K) From: 0K(10752K)->10496K(10752K)
[2026-03-22T17:32:38.194+0900][3.260s][info][gc,heap        ] GC(143) ParOldGen: 103430K(349696K)->197639K(349696K)
[2026-03-22T17:32:38.194+0900][3.260s][info][gc,metaspace   ] GC(143) Metaspace: 338K(512K)->338K(512K) NonClass: 320K(384K)->320K(384K) Class: 17K(128K)->17K(128K)
[2026-03-22T17:32:38.194+0900][3.260s][info][gc             ] GC(143) Pause Young (Allocation Failure) 249M->203M(501M) 5.172ms
[2026-03-22T17:32:38.194+0900][3.260s][info][gc,cpu         ] GC(143) User=0.00s Sys=0.00s Real=0.01s
[2026-03-22T17:32:38.211+0900][3.277s][info][gc,start       ] GC(144) Pause Young (Allocation Failure)
[2026-03-22T17:32:38.216+0900][3.282s][info][gc,heap        ] GC(144) PSYoungGen: 163057K(163840K)->10496K(163840K) Eden: 152561K(153088K)->0K(153088K) From: 10496K(10752K)->10496K(10752K)
[2026-03-22T17:32:38.216+0900][3.282s][info][gc,heap        ] GC(144) ParOldGen: 197639K(349696K)->291999K(349696K)
[2026-03-22T17:32:38.216+0900][3.282s][info][gc,metaspace   ] GC(144) Metaspace: 338K(512K)->338K(512K) NonClass: 320K(384K)->320K(384K) Class: 17K(128K)->17K(128K)
[2026-03-22T17:32:38.216+0900][3.282s][info][gc             ] GC(144) Pause Young (Allocation Failure) 352M->295M(501M) 5.222ms
[2026-03-22T17:32:38.216+0900][3.283s][info][gc,cpu         ] GC(144) User=0.06s Sys=0.00s Real=0.01s
[2026-03-22T17:32:38.233+0900][3.298s][info][gc,start       ] GC(145) Pause Full (Ergonomics)
[2026-03-22T17:32:38.233+0900][3.299s][info][gc,phases,start] GC(145) Marking Phase
[2026-03-22T17:32:38.234+0900][3.300s][info][gc,phases      ] GC(145) Marking Phase 1.261ms
[2026-03-22T17:32:38.234+0900][3.300s][info][gc,phases,start] GC(145) Summary Phase
[2026-03-22T17:32:38.234+0900][3.300s][info][gc,phases      ] GC(145) Summary Phase 0.016ms
[2026-03-22T17:32:38.234+0900][3.300s][info][gc,phases,start] GC(145) Adjust Roots
[2026-03-22T17:32:38.235+0900][3.300s][info][gc,phases      ] GC(145) Adjust Roots 0.182ms
[2026-03-22T17:32:38.235+0900][3.300s][info][gc,phases,start] GC(145) Compaction Phase
[2026-03-22T17:32:38.240+0900][3.306s][info][gc,phases      ] GC(145) Compaction Phase 5.334ms
[2026-03-22T17:32:38.240+0900][3.306s][info][gc,phases,start] GC(145) Post Compact
[2026-03-22T17:32:38.242+0900][3.307s][info][gc,phases      ] GC(145) Post Compact 1.675ms
[2026-03-22T17:32:38.242+0900][3.307s][info][gc,heap        ] GC(145) PSYoungGen: 163057K(163840K)->0K(163840K) Eden: 152561K(153088K)->0K(153088K) From: 10496K(10752K)->0K(10752K)
[2026-03-22T17:32:38.242+0900][3.307s][info][gc,heap        ] GC(145) ParOldGen: 291999K(349696K)->103430K(349696K)
[2026-03-22T17:32:38.242+0900][3.307s][info][gc,metaspace   ] GC(145) Metaspace: 338K(512K)->338K(512K) NonClass: 320K(384K)->320K(384K) Class: 17K(128K)->17K(128K)
[2026-03-22T17:32:38.242+0900][3.307s][info][gc             ] GC(145) Pause Full (Ergonomics) 444M->101M(501M) 8.919ms
[2026-03-22T17:32:38.242+0900][3.307s][info][gc,cpu         ] GC(145) User=0.00s Sys=0.00s Real=0.01s
[2026-03-22T17:32:38.257+0900][3.322s][info][gc,start       ] GC(146) Pause Young (Allocation Failure)
[2026-03-22T17:32:38.261+0900][3.327s][info][gc,heap        ] GC(146) PSYoungGen: 152561K(163840K)->10496K(163840K) Eden: 152561K(153088K)->0K(153088K) From: 0K(10752K)->10496K(10752K)
[2026-03-22T17:32:38.261+0900][3.327s][info][gc,heap        ] GC(146) ParOldGen: 103430K(349696K)->197639K(349696K)
[2026-03-22T17:32:38.261+0900][3.327s][info][gc,metaspace   ] GC(146) Metaspace: 338K(512K)->338K(512K) NonClass: 320K(384K)->320K(384K) Class: 17K(128K)->17K(128K)
[2026-03-22T17:32:38.261+0900][3.327s][info][gc             ] GC(146) Pause Young (Allocation Failure) 249M->203M(501M) 4.455ms
[2026-03-22T17:32:38.261+0900][3.327s][info][gc,cpu         ] GC(146) User=0.06s Sys=0.00s Real=0.00s
[2026-03-22T17:32:38.277+0900][3.343s][info][gc,start       ] GC(147) Pause Young (Allocation Failure)
[2026-03-22T17:32:38.282+0900][3.347s][info][gc,heap        ] GC(147) PSYoungGen: 163057K(163840K)->10496K(163840K) Eden: 152561K(153088K)->0K(153088K) From: 10496K(10752K)->10496K(10752K)
[2026-03-22T17:32:38.282+0900][3.348s][info][gc,heap        ] GC(147) ParOldGen: 197639K(349696K)->291999K(349696K)
[2026-03-22T17:32:38.282+0900][3.348s][info][gc,metaspace   ] GC(147) Metaspace: 338K(512K)->338K(512K) NonClass: 320K(384K)->320K(384K) Class: 17K(128K)->17K(128K)
[2026-03-22T17:32:38.282+0900][3.348s][info][gc             ] GC(147) Pause Young (Allocation Failure) 352M->295M(501M) 4.901ms
[2026-03-22T17:32:38.282+0900][3.348s][info][gc,cpu         ] GC(147) User=0.00s Sys=0.00s Real=0.01s
[2026-03-22T17:32:38.297+0900][3.363s][info][gc,start       ] GC(148) Pause Full (Ergonomics)
[2026-03-22T17:32:38.297+0900][3.363s][info][gc,phases,start] GC(148) Marking Phase
[2026-03-22T17:32:38.299+0900][3.364s][info][gc,phases      ] GC(148) Marking Phase 1.058ms
[2026-03-22T17:32:38.299+0900][3.364s][info][gc,phases,start] GC(148) Summary Phase
[2026-03-22T17:32:38.299+0900][3.364s][info][gc,phases      ] GC(148) Summary Phase 0.014ms
[2026-03-22T17:32:38.299+0900][3.364s][info][gc,phases,start] GC(148) Adjust Roots
[2026-03-22T17:32:38.299+0900][3.365s][info][gc,phases      ] GC(148) Adjust Roots 0.151ms
[2026-03-22T17:32:38.299+0900][3.365s][info][gc,phases,start] GC(148) Compaction Phase
[2026-03-22T17:32:38.304+0900][3.370s][info][gc,phases      ] GC(148) Compaction Phase 5.765ms
[2026-03-22T17:32:38.304+0900][3.370s][info][gc,phases,start] GC(148) Post Compact
[2026-03-22T17:32:38.307+0900][3.372s][info][gc,phases      ] GC(148) Post Compact 1.786ms
[2026-03-22T17:32:38.307+0900][3.372s][info][gc,heap        ] GC(148) PSYoungGen: 163057K(163840K)->0K(163840K) Eden: 152561K(153088K)->0K(153088K) From: 10496K(10752K)->0K(10752K)
[2026-03-22T17:32:38.307+0900][3.372s][info][gc,heap        ] GC(148) ParOldGen: 291999K(349696K)->103430K(349696K)
[2026-03-22T17:32:38.307+0900][3.372s][info][gc,metaspace   ] GC(148) Metaspace: 338K(512K)->338K(512K) NonClass: 320K(384K)->320K(384K) Class: 17K(128K)->17K(128K)
[2026-03-22T17:32:38.307+0900][3.372s][info][gc             ] GC(148) Pause Full (Ergonomics) 444M->101M(501M) 9.113ms
[2026-03-22T17:32:38.307+0900][3.372s][info][gc,cpu         ] GC(148) User=0.02s Sys=0.00s Real=0.01s
[2026-03-22T17:32:38.323+0900][3.389s][info][gc,start       ] GC(149) Pause Young (Allocation Failure)
[2026-03-22T17:32:38.327+0900][3.393s][info][gc,heap        ] GC(149) PSYoungGen: 152561K(163840K)->10496K(163840K) Eden: 152561K(153088K)->0K(153088K) From: 0K(10752K)->10496K(10752K)
[2026-03-22T17:32:38.327+0900][3.393s][info][gc,heap        ] GC(149) ParOldGen: 103430K(349696K)->197639K(349696K)
[2026-03-22T17:32:38.327+0900][3.393s][info][gc,metaspace   ] GC(149) Metaspace: 338K(512K)->338K(512K) NonClass: 320K(384K)->320K(384K) Class: 17K(128K)->17K(128K)
[2026-03-22T17:32:38.327+0900][3.393s][info][gc             ] GC(149) Pause Young (Allocation Failure) 249M->203M(501M) 4.483ms
[2026-03-22T17:32:38.327+0900][3.393s][info][gc,cpu         ] GC(149) User=0.00s Sys=0.00s Real=0.00s
[2026-03-22T17:32:38.343+0900][3.409s][info][gc,start       ] GC(150) Pause Young (Allocation Failure)
[2026-03-22T17:32:38.347+0900][3.413s][info][gc,heap        ] GC(150) PSYoungGen: 163057K(163840K)->10496K(163840K) Eden: 152561K(153088K)->0K(153088K) From: 10496K(10752K)->10496K(10752K)
[2026-03-22T17:32:38.347+0900][3.413s][info][gc,heap        ] GC(150) ParOldGen: 197639K(349696K)->291999K(349696K)
[2026-03-22T17:32:38.347+0900][3.413s][info][gc,metaspace   ] GC(150) Metaspace: 338K(512K)->338K(512K) NonClass: 320K(384K)->320K(384K) Class: 17K(128K)->17K(128K)
[2026-03-22T17:32:38.347+0900][3.413s][info][gc             ] GC(150) Pause Young (Allocation Failure) 352M->295M(501M) 4.551ms
[2026-03-22T17:32:38.347+0900][3.413s][info][gc,cpu         ] GC(150) User=0.00s Sys=0.00s Real=0.00s
[2026-03-22T17:32:38.363+0900][3.429s][info][gc,start       ] GC(151) Pause Full (Ergonomics)
[2026-03-22T17:32:38.363+0900][3.429s][info][gc,phases,start] GC(151) Marking Phase
[2026-03-22T17:32:38.364+0900][3.430s][info][gc,phases      ] GC(151) Marking Phase 1.112ms
[2026-03-22T17:32:38.364+0900][3.430s][info][gc,phases,start] GC(151) Summary Phase
[2026-03-22T17:32:38.364+0900][3.430s][info][gc,phases      ] GC(151) Summary Phase 0.018ms
[2026-03-22T17:32:38.364+0900][3.430s][info][gc,phases,start] GC(151) Adjust Roots
[2026-03-22T17:32:38.365+0900][3.430s][info][gc,phases      ] GC(151) Adjust Roots 0.199ms
[2026-03-22T17:32:38.365+0900][3.430s][info][gc,phases,start] GC(151) Compaction Phase
[2026-03-22T17:32:38.370+0900][3.435s][info][gc,phases      ] GC(151) Compaction Phase 5.202ms
[2026-03-22T17:32:38.370+0900][3.435s][info][gc,phases,start] GC(151) Post Compact
[2026-03-22T17:32:38.371+0900][3.437s][info][gc,phases      ] GC(151) Post Compact 1.580ms
[2026-03-22T17:32:38.372+0900][3.437s][info][gc,heap        ] GC(151) PSYoungGen: 163057K(163840K)->0K(163840K) Eden: 152561K(153088K)->0K(153088K) From: 10496K(10752K)->0K(10752K)
[2026-03-22T17:32:38.372+0900][3.437s][info][gc,heap        ] GC(151) ParOldGen: 291999K(349696K)->103430K(349696K)
[2026-03-22T17:32:38.372+0900][3.437s][info][gc,metaspace   ] GC(151) Metaspace: 338K(512K)->338K(512K) NonClass: 320K(384K)->320K(384K) Class: 17K(128K)->17K(128K)
[2026-03-22T17:32:38.372+0900][3.437s][info][gc             ] GC(151) Pause Full (Ergonomics) 444M->101M(501M) 8.385ms
[2026-03-22T17:32:38.372+0900][3.437s][info][gc,cpu         ] GC(151) User=0.06s Sys=0.00s Real=0.01s
[2026-03-22T17:32:38.387+0900][3.453s][info][gc,start       ] GC(152) Pause Young (Allocation Failure)
[2026-03-22T17:32:38.392+0900][3.457s][info][gc,heap        ] GC(152) PSYoungGen: 152561K(163840K)->10496K(163840K) Eden: 152561K(153088K)->0K(153088K) From: 0K(10752K)->10496K(10752K)
[2026-03-22T17:32:38.392+0900][3.457s][info][gc,heap        ] GC(152) ParOldGen: 103430K(349696K)->197639K(349696K)
[2026-03-22T17:32:38.392+0900][3.457s][info][gc,metaspace   ] GC(152) Metaspace: 338K(512K)->338K(512K) NonClass: 320K(384K)->320K(384K) Class: 17K(128K)->17K(128K)
[2026-03-22T17:32:38.392+0900][3.457s][info][gc             ] GC(152) Pause Young (Allocation Failure) 249M->203M(501M) 4.807ms
[2026-03-22T17:32:38.392+0900][3.457s][info][gc,cpu         ] GC(152) User=0.00s Sys=0.00s Real=0.00s
[2026-03-22T17:32:38.407+0900][3.472s][info][gc,start       ] GC(153) Pause Young (Allocation Failure)
[2026-03-22T17:32:38.412+0900][3.477s][info][gc,heap        ] GC(153) PSYoungGen: 163057K(163840K)->10496K(163840K) Eden: 152561K(153088K)->0K(153088K) From: 10496K(10752K)->10496K(10752K)
[2026-03-22T17:32:38.412+0900][3.477s][info][gc,heap        ] GC(153) ParOldGen: 197639K(349696K)->291999K(349696K)
[2026-03-22T17:32:38.412+0900][3.477s][info][gc,metaspace   ] GC(153) Metaspace: 338K(512K)->338K(512K) NonClass: 320K(384K)->320K(384K) Class: 17K(128K)->17K(128K)
[2026-03-22T17:32:38.412+0900][3.477s][info][gc             ] GC(153) Pause Young (Allocation Failure) 352M->295M(501M) 4.664ms
[2026-03-22T17:32:38.412+0900][3.477s][info][gc,cpu         ] GC(153) User=0.00s Sys=0.00s Real=0.00s
[2026-03-22T17:32:38.428+0900][3.493s][info][gc,start       ] GC(154) Pause Full (Ergonomics)
[2026-03-22T17:32:38.428+0900][3.493s][info][gc,phases,start] GC(154) Marking Phase
[2026-03-22T17:32:38.429+0900][3.495s][info][gc,phases      ] GC(154) Marking Phase 1.200ms
[2026-03-22T17:32:38.429+0900][3.495s][info][gc,phases,start] GC(154) Summary Phase
[2026-03-22T17:32:38.429+0900][3.495s][info][gc,phases      ] GC(154) Summary Phase 0.023ms
[2026-03-22T17:32:38.429+0900][3.495s][info][gc,phases,start] GC(154) Adjust Roots
[2026-03-22T17:32:38.430+0900][3.495s][info][gc,phases      ] GC(154) Adjust Roots 0.227ms
[2026-03-22T17:32:38.430+0900][3.495s][info][gc,phases,start] GC(154) Compaction Phase
[2026-03-22T17:32:38.435+0900][3.501s][info][gc,phases      ] GC(154) Compaction Phase 5.667ms
[2026-03-22T17:32:38.435+0900][3.501s][info][gc,phases,start] GC(154) Post Compact
[2026-03-22T17:32:38.437+0900][3.502s][info][gc,phases      ] GC(154) Post Compact 1.707ms
[2026-03-22T17:32:38.437+0900][3.502s][info][gc,heap        ] GC(154) PSYoungGen: 163057K(163840K)->0K(163840K) Eden: 152561K(153088K)->0K(153088K) From: 10496K(10752K)->0K(10752K)
[2026-03-22T17:32:38.437+0900][3.502s][info][gc,heap        ] GC(154) ParOldGen: 291999K(349696K)->103430K(349696K)
[2026-03-22T17:32:38.437+0900][3.502s][info][gc,metaspace   ] GC(154) Metaspace: 338K(512K)->338K(512K) NonClass: 320K(384K)->320K(384K) Class: 17K(128K)->17K(128K)
[2026-03-22T17:32:38.437+0900][3.502s][info][gc             ] GC(154) Pause Full (Ergonomics) 444M->101M(501M) 9.184ms
[2026-03-22T17:32:38.437+0900][3.503s][info][gc,cpu         ] GC(154) User=0.06s Sys=0.00s Real=0.01s
[2026-03-22T17:32:38.453+0900][3.519s][info][gc,start       ] GC(155) Pause Young (Allocation Failure)
[2026-03-22T17:32:38.458+0900][3.524s][info][gc,heap        ] GC(155) PSYoungGen: 152561K(163840K)->10496K(163840K) Eden: 152561K(153088K)->0K(153088K) From: 0K(10752K)->10496K(10752K)
[2026-03-22T17:32:38.458+0900][3.524s][info][gc,heap        ] GC(155) ParOldGen: 103430K(349696K)->197639K(349696K)
[2026-03-22T17:32:38.458+0900][3.524s][info][gc,metaspace   ] GC(155) Metaspace: 338K(512K)->338K(512K) NonClass: 320K(384K)->320K(384K) Class: 17K(128K)->17K(128K)
[2026-03-22T17:32:38.458+0900][3.524s][info][gc             ] GC(155) Pause Young (Allocation Failure) 249M->203M(501M) 4.980ms
[2026-03-22T17:32:38.458+0900][3.524s][info][gc,cpu         ] GC(155) User=0.00s Sys=0.00s Real=0.00s
[2026-03-22T17:32:38.474+0900][3.540s][info][gc,start       ] GC(156) Pause Young (Allocation Failure)
[2026-03-22T17:32:38.478+0900][3.545s][info][gc,heap        ] GC(156) PSYoungGen: 163057K(163840K)->10496K(163840K) Eden: 152561K(153088K)->0K(153088K) From: 10496K(10752K)->10496K(10752K)
[2026-03-22T17:32:38.479+0900][3.545s][info][gc,heap        ] GC(156) ParOldGen: 197639K(349696K)->291999K(349696K)
[2026-03-22T17:32:38.479+0900][3.545s][info][gc,metaspace   ] GC(156) Metaspace: 338K(512K)->338K(512K) NonClass: 320K(384K)->320K(384K) Class: 17K(128K)->17K(128K)
[2026-03-22T17:32:38.479+0900][3.545s][info][gc             ] GC(156) Pause Young (Allocation Failure) 352M->295M(501M) 4.842ms
[2026-03-22T17:32:38.479+0900][3.545s][info][gc,cpu         ] GC(156) User=0.05s Sys=0.00s Real=0.01s
[2026-03-22T17:32:38.496+0900][3.562s][info][gc,start       ] GC(157) Pause Full (Ergonomics)
[2026-03-22T17:32:38.496+0900][3.562s][info][gc,phases,start] GC(157) Marking Phase
[2026-03-22T17:32:38.498+0900][3.563s][info][gc,phases      ] GC(157) Marking Phase 1.435ms
[2026-03-22T17:32:38.498+0900][3.564s][info][gc,phases,start] GC(157) Summary Phase
[2026-03-22T17:32:38.498+0900][3.564s][info][gc,phases      ] GC(157) Summary Phase 0.040ms
[2026-03-22T17:32:38.498+0900][3.564s][info][gc,phases,start] GC(157) Adjust Roots
[2026-03-22T17:32:38.498+0900][3.564s][info][gc,phases      ] GC(157) Adjust Roots 0.250ms
[2026-03-22T17:32:38.498+0900][3.564s][info][gc,phases,start] GC(157) Compaction Phase
[2026-03-22T17:32:38.505+0900][3.570s][info][gc,phases      ] GC(157) Compaction Phase 6.299ms
[2026-03-22T17:32:38.505+0900][3.570s][info][gc,phases,start] GC(157) Post Compact
[2026-03-22T17:32:38.506+0900][3.572s][info][gc,phases      ] GC(157) Post Compact 1.757ms
[2026-03-22T17:32:38.506+0900][3.572s][info][gc,heap        ] GC(157) PSYoungGen: 163057K(163840K)->0K(163840K) Eden: 152561K(153088K)->0K(153088K) From: 10496K(10752K)->0K(10752K)
[2026-03-22T17:32:38.506+0900][3.572s][info][gc,heap        ] GC(157) ParOldGen: 291999K(349696K)->103430K(349696K)
[2026-03-22T17:32:38.506+0900][3.572s][info][gc,metaspace   ] GC(157) Metaspace: 338K(512K)->338K(512K) NonClass: 320K(384K)->320K(384K) Class: 17K(128K)->17K(128K)
[2026-03-22T17:32:38.506+0900][3.572s][info][gc             ] GC(157) Pause Full (Ergonomics) 444M->101M(501M) 10.227ms
[2026-03-22T17:32:38.506+0900][3.572s][info][gc,cpu         ] GC(157) User=0.00s Sys=0.00s Real=0.01s
[2026-03-22T17:32:38.523+0900][3.589s][info][gc,start       ] GC(158) Pause Young (Allocation Failure)
[2026-03-22T17:32:38.528+0900][3.593s][info][gc,heap        ] GC(158) PSYoungGen: 152561K(163840K)->10496K(163840K) Eden: 152561K(153088K)->0K(153088K) From: 0K(10752K)->10496K(10752K)
[2026-03-22T17:32:38.528+0900][3.594s][info][gc,heap        ] GC(158) ParOldGen: 103430K(349696K)->197639K(349696K)
[2026-03-22T17:32:38.528+0900][3.594s][info][gc,metaspace   ] GC(158) Metaspace: 338K(512K)->338K(512K) NonClass: 320K(384K)->320K(384K) Class: 17K(128K)->17K(128K)
[2026-03-22T17:32:38.528+0900][3.594s][info][gc             ] GC(158) Pause Young (Allocation Failure) 249M->203M(501M) 4.757ms
[2026-03-22T17:32:38.528+0900][3.594s][info][gc,cpu         ] GC(158) User=0.05s Sys=0.02s Real=0.01s
[2026-03-22T17:32:38.545+0900][3.611s][info][gc,start       ] GC(159) Pause Young (Allocation Failure)
[2026-03-22T17:32:38.550+0900][3.615s][info][gc,heap        ] GC(159) PSYoungGen: 163057K(163840K)->10496K(163840K) Eden: 152561K(153088K)->0K(153088K) From: 10496K(10752K)->10496K(10752K)
[2026-03-22T17:32:38.550+0900][3.615s][info][gc,heap        ] GC(159) ParOldGen: 197639K(349696K)->291999K(349696K)
[2026-03-22T17:32:38.550+0900][3.616s][info][gc,metaspace   ] GC(159) Metaspace: 338K(512K)->338K(512K) NonClass: 320K(384K)->320K(384K) Class: 17K(128K)->17K(128K)
[2026-03-22T17:32:38.550+0900][3.616s][info][gc             ] GC(159) Pause Young (Allocation Failure) 352M->295M(501M) 4.838ms
[2026-03-22T17:32:38.550+0900][3.616s][info][gc,cpu         ] GC(159) User=0.00s Sys=0.00s Real=0.00s
[2026-03-22T17:32:38.566+0900][3.632s][info][gc,start       ] GC(160) Pause Full (Ergonomics)
[2026-03-22T17:32:38.566+0900][3.632s][info][gc,phases,start] GC(160) Marking Phase
[2026-03-22T17:32:38.568+0900][3.633s][info][gc,phases      ] GC(160) Marking Phase 1.135ms
[2026-03-22T17:32:38.568+0900][3.634s][info][gc,phases,start] GC(160) Summary Phase
[2026-03-22T17:32:38.568+0900][3.634s][info][gc,phases      ] GC(160) Summary Phase 0.021ms
[2026-03-22T17:32:38.568+0900][3.634s][info][gc,phases,start] GC(160) Adjust Roots
[2026-03-22T17:32:38.568+0900][3.634s][info][gc,phases      ] GC(160) Adjust Roots 0.228ms
[2026-03-22T17:32:38.568+0900][3.634s][info][gc,phases,start] GC(160) Compaction Phase
[2026-03-22T17:32:38.574+0900][3.640s][info][gc,phases      ] GC(160) Compaction Phase 5.965ms
[2026-03-22T17:32:38.574+0900][3.640s][info][gc,phases,start] GC(160) Post Compact
[2026-03-22T17:32:38.576+0900][3.641s][info][gc,phases      ] GC(160) Post Compact 1.517ms
[2026-03-22T17:32:38.576+0900][3.641s][info][gc,heap        ] GC(160) PSYoungGen: 163057K(163840K)->0K(163840K) Eden: 152561K(153088K)->0K(153088K) From: 10496K(10752K)->0K(10752K)
[2026-03-22T17:32:38.576+0900][3.641s][info][gc,heap        ] GC(160) ParOldGen: 291999K(349696K)->103430K(349696K)
[2026-03-22T17:32:38.576+0900][3.641s][info][gc,metaspace   ] GC(160) Metaspace: 338K(512K)->338K(512K) NonClass: 320K(384K)->320K(384K) Class: 17K(128K)->17K(128K)
[2026-03-22T17:32:38.576+0900][3.641s][info][gc             ] GC(160) Pause Full (Ergonomics) 444M->101M(501M) 9.216ms
[2026-03-22T17:32:38.576+0900][3.642s][info][gc,cpu         ] GC(160) User=0.06s Sys=0.00s Real=0.01s
[2026-03-22T17:32:38.593+0900][3.659s][info][gc,start       ] GC(161) Pause Young (Allocation Failure)
[2026-03-22T17:32:38.598+0900][3.663s][info][gc,heap        ] GC(161) PSYoungGen: 152561K(163840K)->10496K(163840K) Eden: 152561K(153088K)->0K(153088K) From: 0K(10752K)->10496K(10752K)
[2026-03-22T17:32:38.598+0900][3.663s][info][gc,heap        ] GC(161) ParOldGen: 103430K(349696K)->197639K(349696K)
[2026-03-22T17:32:38.598+0900][3.663s][info][gc,metaspace   ] GC(161) Metaspace: 338K(512K)->338K(512K) NonClass: 320K(384K)->320K(384K) Class: 17K(128K)->17K(128K)
[2026-03-22T17:32:38.598+0900][3.663s][info][gc             ] GC(161) Pause Young (Allocation Failure) 249M->203M(501M) 4.484ms
[2026-03-22T17:32:38.598+0900][3.663s][info][gc,cpu         ] GC(161) User=0.00s Sys=0.00s Real=0.01s
[2026-03-22T17:32:38.614+0900][3.680s][info][gc,start       ] GC(162) Pause Young (Allocation Failure)
[2026-03-22T17:32:38.619+0900][3.685s][info][gc,heap        ] GC(162) PSYoungGen: 163057K(163840K)->10496K(163840K) Eden: 152561K(153088K)->0K(153088K) From: 10496K(10752K)->10496K(10752K)
[2026-03-22T17:32:38.619+0900][3.685s][info][gc,heap        ] GC(162) ParOldGen: 197639K(349696K)->291999K(349696K)
[2026-03-22T17:32:38.619+0900][3.685s][info][gc,metaspace   ] GC(162) Metaspace: 338K(512K)->338K(512K) NonClass: 320K(384K)->320K(384K) Class: 17K(128K)->17K(128K)
[2026-03-22T17:32:38.619+0900][3.685s][info][gc             ] GC(162) Pause Young (Allocation Failure) 352M->295M(501M) 4.749ms
[2026-03-22T17:32:38.619+0900][3.685s][info][gc,cpu         ] GC(162) User=0.05s Sys=0.00s Real=0.00s
[2026-03-22T17:32:38.636+0900][3.702s][info][gc,start       ] GC(163) Pause Full (Ergonomics)
[2026-03-22T17:32:38.636+0900][3.702s][info][gc,phases,start] GC(163) Marking Phase
[2026-03-22T17:32:38.638+0900][3.704s][info][gc,phases      ] GC(163) Marking Phase 1.629ms
[2026-03-22T17:32:38.638+0900][3.704s][info][gc,phases,start] GC(163) Summary Phase
[2026-03-22T17:32:38.638+0900][3.704s][info][gc,phases      ] GC(163) Summary Phase 0.022ms
[2026-03-22T17:32:38.638+0900][3.704s][info][gc,phases,start] GC(163) Adjust Roots
[2026-03-22T17:32:38.638+0900][3.704s][info][gc,phases      ] GC(163) Adjust Roots 0.286ms
[2026-03-22T17:32:38.638+0900][3.704s][info][gc,phases,start] GC(163) Compaction Phase
[2026-03-22T17:32:38.644+0900][3.710s][info][gc,phases      ] GC(163) Compaction Phase 5.686ms
[2026-03-22T17:32:38.644+0900][3.710s][info][gc,phases,start] GC(163) Post Compact
[2026-03-22T17:32:38.645+0900][3.712s][info][gc,phases      ] GC(163) Post Compact 1.560ms
[2026-03-22T17:32:38.645+0900][3.712s][info][gc,heap        ] GC(163) PSYoungGen: 163057K(163840K)->0K(163840K) Eden: 152561K(153088K)->0K(153088K) From: 10496K(10752K)->0K(10752K)
[2026-03-22T17:32:38.645+0900][3.712s][info][gc,heap        ] GC(163) ParOldGen: 291999K(349696K)->103430K(349696K)
[2026-03-22T17:32:38.645+0900][3.712s][info][gc,metaspace   ] GC(163) Metaspace: 338K(512K)->338K(512K) NonClass: 320K(384K)->320K(384K) Class: 17K(128K)->17K(128K)
[2026-03-22T17:32:38.645+0900][3.712s][info][gc             ] GC(163) Pause Full (Ergonomics) 444M->101M(501M) 9.653ms
[2026-03-22T17:32:38.645+0900][3.712s][info][gc,cpu         ] GC(163) User=0.00s Sys=0.00s Real=0.01s
[2026-03-22T17:32:38.663+0900][3.728s][info][gc,start       ] GC(164) Pause Young (Allocation Failure)
[2026-03-22T17:32:38.667+0900][3.733s][info][gc,heap        ] GC(164) PSYoungGen: 152561K(163840K)->10496K(163840K) Eden: 152561K(153088K)->0K(153088K) From: 0K(10752K)->10496K(10752K)
[2026-03-22T17:32:38.667+0900][3.733s][info][gc,heap        ] GC(164) ParOldGen: 103430K(349696K)->197639K(349696K)
[2026-03-22T17:32:38.667+0900][3.733s][info][gc,metaspace   ] GC(164) Metaspace: 338K(512K)->338K(512K) NonClass: 320K(384K)->320K(384K) Class: 17K(128K)->17K(128K)
[2026-03-22T17:32:38.667+0900][3.733s][info][gc             ] GC(164) Pause Young (Allocation Failure) 249M->203M(501M) 4.870ms
[2026-03-22T17:32:38.667+0900][3.733s][info][gc,cpu         ] GC(164) User=0.06s Sys=0.00s Real=0.00s
[2026-03-22T17:32:38.684+0900][3.750s][info][gc,start       ] GC(165) Pause Young (Allocation Failure)
[2026-03-22T17:32:38.689+0900][3.755s][info][gc,heap        ] GC(165) PSYoungGen: 163057K(163840K)->10496K(163840K) Eden: 152561K(153088K)->0K(153088K) From: 10496K(10752K)->10496K(10752K)
[2026-03-22T17:32:38.689+0900][3.755s][info][gc,heap        ] GC(165) ParOldGen: 197639K(349696K)->291999K(349696K)
[2026-03-22T17:32:38.689+0900][3.755s][info][gc,metaspace   ] GC(165) Metaspace: 338K(512K)->338K(512K) NonClass: 320K(384K)->320K(384K) Class: 17K(128K)->17K(128K)
[2026-03-22T17:32:38.689+0900][3.755s][info][gc             ] GC(165) Pause Young (Allocation Failure) 352M->295M(501M) 4.720ms
[2026-03-22T17:32:38.689+0900][3.755s][info][gc,cpu         ] GC(165) User=0.00s Sys=0.00s Real=0.00s
[2026-03-22T17:32:38.704+0900][3.770s][info][gc,start       ] GC(166) Pause Full (Ergonomics)
[2026-03-22T17:32:38.704+0900][3.770s][info][gc,phases,start] GC(166) Marking Phase
[2026-03-22T17:32:38.706+0900][3.771s][info][gc,phases      ] GC(166) Marking Phase 1.411ms
[2026-03-22T17:32:38.706+0900][3.771s][info][gc,phases,start] GC(166) Summary Phase
[2026-03-22T17:32:38.706+0900][3.771s][info][gc,phases      ] GC(166) Summary Phase 0.024ms
[2026-03-22T17:32:38.706+0900][3.771s][info][gc,phases,start] GC(166) Adjust Roots
[2026-03-22T17:32:38.706+0900][3.772s][info][gc,phases      ] GC(166) Adjust Roots 0.298ms
[2026-03-22T17:32:38.706+0900][3.772s][info][gc,phases,start] GC(166) Compaction Phase
[2026-03-22T17:32:38.711+0900][3.777s][info][gc,phases      ] GC(166) Compaction Phase 5.458ms
[2026-03-22T17:32:38.711+0900][3.777s][info][gc,phases,start] GC(166) Post Compact
[2026-03-22T17:32:38.713+0900][3.779s][info][gc,phases      ] GC(166) Post Compact 1.829ms
[2026-03-22T17:32:38.713+0900][3.779s][info][gc,heap        ] GC(166) PSYoungGen: 163057K(163840K)->0K(163840K) Eden: 152561K(153088K)->0K(153088K) From: 10496K(10752K)->0K(10752K)
[2026-03-22T17:32:38.713+0900][3.779s][info][gc,heap        ] GC(166) ParOldGen: 291999K(349696K)->103430K(349696K)
[2026-03-22T17:32:38.713+0900][3.779s][info][gc,metaspace   ] GC(166) Metaspace: 338K(512K)->338K(512K) NonClass: 320K(384K)->320K(384K) Class: 17K(128K)->17K(128K)
[2026-03-22T17:32:38.713+0900][3.779s][info][gc             ] GC(166) Pause Full (Ergonomics) 444M->101M(501M) 9.400ms
[2026-03-22T17:32:38.713+0900][3.779s][info][gc,cpu         ] GC(166) User=0.02s Sys=0.00s Real=0.01s
[2026-03-22T17:32:38.729+0900][3.796s][info][gc,start       ] GC(167) Pause Young (Allocation Failure)
[2026-03-22T17:32:38.734+0900][3.800s][info][gc,heap        ] GC(167) PSYoungGen: 152561K(163840K)->10496K(163840K) Eden: 152561K(153088K)->0K(153088K) From: 0K(10752K)->10496K(10752K)
[2026-03-22T17:32:38.734+0900][3.800s][info][gc,heap        ] GC(167) ParOldGen: 103430K(349696K)->197639K(349696K)
[2026-03-22T17:32:38.734+0900][3.800s][info][gc,metaspace   ] GC(167) Metaspace: 338K(512K)->338K(512K) NonClass: 320K(384K)->320K(384K) Class: 17K(128K)->17K(128K)
[2026-03-22T17:32:38.734+0900][3.800s][info][gc             ] GC(167) Pause Young (Allocation Failure) 249M->203M(501M) 4.900ms
[2026-03-22T17:32:38.734+0900][3.800s][info][gc,cpu         ] GC(167) User=0.00s Sys=0.00s Real=0.00s
[2026-03-22T17:32:38.752+0900][3.817s][info][gc,start       ] GC(168) Pause Young (Allocation Failure)
[2026-03-22T17:32:38.756+0900][3.822s][info][gc,heap        ] GC(168) PSYoungGen: 163057K(163840K)->10496K(163840K) Eden: 152561K(153088K)->0K(153088K) From: 10496K(10752K)->10496K(10752K)
[2026-03-22T17:32:38.756+0900][3.822s][info][gc,heap        ] GC(168) ParOldGen: 197639K(349696K)->291999K(349696K)
[2026-03-22T17:32:38.756+0900][3.822s][info][gc,metaspace   ] GC(168) Metaspace: 338K(512K)->338K(512K) NonClass: 320K(384K)->320K(384K) Class: 17K(128K)->17K(128K)
[2026-03-22T17:32:38.756+0900][3.822s][info][gc             ] GC(168) Pause Young (Allocation Failure) 352M->295M(501M) 4.809ms
[2026-03-22T17:32:38.756+0900][3.822s][info][gc,cpu         ] GC(168) User=0.00s Sys=0.00s Real=0.00s
[2026-03-22T17:32:38.772+0900][3.838s][info][gc,start       ] GC(169) Pause Full (Ergonomics)
[2026-03-22T17:32:38.772+0900][3.838s][info][gc,phases,start] GC(169) Marking Phase
[2026-03-22T17:32:38.773+0900][3.839s][info][gc,phases      ] GC(169) Marking Phase 1.166ms
[2026-03-22T17:32:38.773+0900][3.839s][info][gc,phases,start] GC(169) Summary Phase
[2026-03-22T17:32:38.773+0900][3.839s][info][gc,phases      ] GC(169) Summary Phase 0.018ms
[2026-03-22T17:32:38.773+0900][3.839s][info][gc,phases,start] GC(169) Adjust Roots
[2026-03-22T17:32:38.773+0900][3.840s][info][gc,phases      ] GC(169) Adjust Roots 0.206ms
[2026-03-22T17:32:38.773+0900][3.840s][info][gc,phases,start] GC(169) Compaction Phase
[2026-03-22T17:32:38.779+0900][3.845s][info][gc,phases      ] GC(169) Compaction Phase 5.494ms
[2026-03-22T17:32:38.779+0900][3.845s][info][gc,phases,start] GC(169) Post Compact
[2026-03-22T17:32:38.781+0900][3.847s][info][gc,phases      ] GC(169) Post Compact 1.488ms
[2026-03-22T17:32:38.781+0900][3.847s][info][gc,heap        ] GC(169) PSYoungGen: 163057K(163840K)->0K(163840K) Eden: 152561K(153088K)->0K(153088K) From: 10496K(10752K)->0K(10752K)
[2026-03-22T17:32:38.781+0900][3.847s][info][gc,heap        ] GC(169) ParOldGen: 291999K(349696K)->103430K(349696K)
[2026-03-22T17:32:38.781+0900][3.847s][info][gc,metaspace   ] GC(169) Metaspace: 338K(512K)->338K(512K) NonClass: 320K(384K)->320K(384K) Class: 17K(128K)->17K(128K)
[2026-03-22T17:32:38.781+0900][3.847s][info][gc             ] GC(169) Pause Full (Ergonomics) 444M->101M(501M) 8.692ms
[2026-03-22T17:32:38.781+0900][3.847s][info][gc,cpu         ] GC(169) User=0.06s Sys=0.00s Real=0.01s
[2026-03-22T17:32:38.798+0900][3.864s][info][gc,start       ] GC(170) Pause Young (Allocation Failure)
[2026-03-22T17:32:38.802+0900][3.868s][info][gc,heap        ] GC(170) PSYoungGen: 152561K(163840K)->10496K(163840K) Eden: 152561K(153088K)->0K(153088K) From: 0K(10752K)->10496K(10752K)
[2026-03-22T17:32:38.802+0900][3.868s][info][gc,heap        ] GC(170) ParOldGen: 103430K(349696K)->197639K(349696K)
[2026-03-22T17:32:38.802+0900][3.868s][info][gc,metaspace   ] GC(170) Metaspace: 338K(512K)->338K(512K) NonClass: 320K(384K)->320K(384K) Class: 17K(128K)->17K(128K)
[2026-03-22T17:32:38.802+0900][3.868s][info][gc             ] GC(170) Pause Young (Allocation Failure) 249M->203M(501M) 4.591ms
[2026-03-22T17:32:38.802+0900][3.868s][info][gc,cpu         ] GC(170) User=0.00s Sys=0.00s Real=0.00s
[2026-03-22T17:32:38.820+0900][3.885s][info][gc,start       ] GC(171) Pause Young (Allocation Failure)
[2026-03-22T17:32:38.824+0900][3.890s][info][gc,heap        ] GC(171) PSYoungGen: 163057K(163840K)->10496K(163840K) Eden: 152561K(153088K)->0K(153088K) From: 10496K(10752K)->10496K(10752K)
[2026-03-22T17:32:38.824+0900][3.890s][info][gc,heap        ] GC(171) ParOldGen: 197639K(349696K)->291999K(349696K)
[2026-03-22T17:32:38.824+0900][3.890s][info][gc,metaspace   ] GC(171) Metaspace: 338K(512K)->338K(512K) NonClass: 320K(384K)->320K(384K) Class: 17K(128K)->17K(128K)
[2026-03-22T17:32:38.824+0900][3.890s][info][gc             ] GC(171) Pause Young (Allocation Failure) 352M->295M(501M) 5.022ms
[2026-03-22T17:32:38.824+0900][3.890s][info][gc,cpu         ] GC(171) User=0.06s Sys=0.00s Real=0.00s
[2026-03-22T17:32:38.841+0900][3.906s][info][gc,start       ] GC(172) Pause Full (Ergonomics)
[2026-03-22T17:32:38.841+0900][3.907s][info][gc,phases,start] GC(172) Marking Phase
[2026-03-22T17:32:38.842+0900][3.908s][info][gc,phases      ] GC(172) Marking Phase 1.239ms
[2026-03-22T17:32:38.842+0900][3.908s][info][gc,phases,start] GC(172) Summary Phase
[2026-03-22T17:32:38.842+0900][3.908s][info][gc,phases      ] GC(172) Summary Phase 0.016ms
[2026-03-22T17:32:38.842+0900][3.908s][info][gc,phases,start] GC(172) Adjust Roots
[2026-03-22T17:32:38.842+0900][3.908s][info][gc,phases      ] GC(172) Adjust Roots 0.193ms
[2026-03-22T17:32:38.842+0900][3.908s][info][gc,phases,start] GC(172) Compaction Phase
[2026-03-22T17:32:38.849+0900][3.914s][info][gc,phases      ] GC(172) Compaction Phase 6.131ms
[2026-03-22T17:32:38.849+0900][3.914s][info][gc,phases,start] GC(172) Post Compact
[2026-03-22T17:32:38.850+0900][3.916s][info][gc,phases      ] GC(172) Post Compact 1.708ms
[2026-03-22T17:32:38.850+0900][3.916s][info][gc,heap        ] GC(172) PSYoungGen: 163057K(163840K)->0K(163840K) Eden: 152561K(153088K)->0K(153088K) From: 10496K(10752K)->0K(10752K)
[2026-03-22T17:32:38.850+0900][3.916s][info][gc,heap        ] GC(172) ParOldGen: 291999K(349696K)->103430K(349696K)
[2026-03-22T17:32:38.850+0900][3.916s][info][gc,metaspace   ] GC(172) Metaspace: 338K(512K)->338K(512K) NonClass: 320K(384K)->320K(384K) Class: 17K(128K)->17K(128K)
[2026-03-22T17:32:38.850+0900][3.916s][info][gc             ] GC(172) Pause Full (Ergonomics) 444M->101M(501M) 9.605ms
[2026-03-22T17:32:38.850+0900][3.916s][info][gc,cpu         ] GC(172) User=0.00s Sys=0.00s Real=0.01s
[2026-03-22T17:32:38.866+0900][3.932s][info][gc,start       ] GC(173) Pause Young (Allocation Failure)
[2026-03-22T17:32:38.872+0900][3.937s][info][gc,heap        ] GC(173) PSYoungGen: 152561K(163840K)->10496K(163840K) Eden: 152561K(153088K)->0K(153088K) From: 0K(10752K)->10496K(10752K)
[2026-03-22T17:32:38.872+0900][3.937s][info][gc,heap        ] GC(173) ParOldGen: 103430K(349696K)->197639K(349696K)
[2026-03-22T17:32:38.872+0900][3.937s][info][gc,metaspace   ] GC(173) Metaspace: 338K(512K)->338K(512K) NonClass: 320K(384K)->320K(384K) Class: 17K(128K)->17K(128K)
[2026-03-22T17:32:38.872+0900][3.937s][info][gc             ] GC(173) Pause Young (Allocation Failure) 249M->203M(501M) 5.064ms
[2026-03-22T17:32:38.872+0900][3.937s][info][gc,cpu         ] GC(173) User=0.06s Sys=0.00s Real=0.01s
[2026-03-22T17:32:38.887+0900][3.953s][info][gc,start       ] GC(174) Pause Young (Allocation Failure)
[2026-03-22T17:32:38.893+0900][3.958s][info][gc,heap        ] GC(174) PSYoungGen: 163057K(163840K)->10496K(163840K) Eden: 152561K(153088K)->0K(153088K) From: 10496K(10752K)->10496K(10752K)
[2026-03-22T17:32:38.893+0900][3.958s][info][gc,heap        ] GC(174) ParOldGen: 197639K(349696K)->291999K(349696K)
[2026-03-22T17:32:38.893+0900][3.958s][info][gc,metaspace   ] GC(174) Metaspace: 338K(512K)->338K(512K) NonClass: 320K(384K)->320K(384K) Class: 17K(128K)->17K(128K)
[2026-03-22T17:32:38.893+0900][3.958s][info][gc             ] GC(174) Pause Young (Allocation Failure) 352M->295M(501M) 5.197ms
[2026-03-22T17:32:38.893+0900][3.959s][info][gc,cpu         ] GC(174) User=0.00s Sys=0.00s Real=0.01s
[2026-03-22T17:32:38.910+0900][3.975s][info][gc,start       ] GC(175) Pause Full (Ergonomics)
[2026-03-22T17:32:38.910+0900][3.976s][info][gc,phases,start] GC(175) Marking Phase
[2026-03-22T17:32:38.911+0900][3.977s][info][gc,phases      ] GC(175) Marking Phase 1.380ms
[2026-03-22T17:32:38.911+0900][3.977s][info][gc,phases,start] GC(175) Summary Phase
[2026-03-22T17:32:38.911+0900][3.977s][info][gc,phases      ] GC(175) Summary Phase 0.020ms
[2026-03-22T17:32:38.911+0900][3.977s][info][gc,phases,start] GC(175) Adjust Roots
[2026-03-22T17:32:38.912+0900][3.977s][info][gc,phases      ] GC(175) Adjust Roots 0.371ms
[2026-03-22T17:32:38.912+0900][3.977s][info][gc,phases,start] GC(175) Compaction Phase
[2026-03-22T17:32:38.918+0900][3.983s][info][gc,phases      ] GC(175) Compaction Phase 5.971ms
[2026-03-22T17:32:38.918+0900][3.983s][info][gc,phases,start] GC(175) Post Compact
[2026-03-22T17:32:38.919+0900][3.985s][info][gc,phases      ] GC(175) Post Compact 1.558ms
[2026-03-22T17:32:38.919+0900][3.985s][info][gc,heap        ] GC(175) PSYoungGen: 163057K(163840K)->0K(163840K) Eden: 152561K(153088K)->0K(153088K) From: 10496K(10752K)->0K(10752K)
[2026-03-22T17:32:38.919+0900][3.985s][info][gc,heap        ] GC(175) ParOldGen: 291999K(349696K)->103430K(349696K)
[2026-03-22T17:32:38.919+0900][3.985s][info][gc,metaspace   ] GC(175) Metaspace: 338K(512K)->338K(512K) NonClass: 320K(384K)->320K(384K) Class: 17K(128K)->17K(128K)
[2026-03-22T17:32:38.919+0900][3.985s][info][gc             ] GC(175) Pause Full (Ergonomics) 444M->101M(501M) 9.631ms
[2026-03-22T17:32:38.919+0900][3.985s][info][gc,cpu         ] GC(175) User=0.06s Sys=0.00s Real=0.01s
[2026-03-22T17:32:38.936+0900][4.002s][info][gc,start       ] GC(176) Pause Young (Allocation Failure)
[2026-03-22T17:32:38.941+0900][4.007s][info][gc,heap        ] GC(176) PSYoungGen: 152561K(163840K)->10496K(163840K) Eden: 152561K(153088K)->0K(153088K) From: 0K(10752K)->10496K(10752K)
[2026-03-22T17:32:38.941+0900][4.007s][info][gc,heap        ] GC(176) ParOldGen: 103430K(349696K)->197639K(349696K)
[2026-03-22T17:32:38.941+0900][4.007s][info][gc,metaspace   ] GC(176) Metaspace: 338K(512K)->338K(512K) NonClass: 320K(384K)->320K(384K) Class: 17K(128K)->17K(128K)
[2026-03-22T17:32:38.941+0900][4.007s][info][gc             ] GC(176) Pause Young (Allocation Failure) 249M->203M(501M) 5.075ms
[2026-03-22T17:32:38.941+0900][4.007s][info][gc,cpu         ] GC(176) User=0.00s Sys=0.00s Real=0.00s
[2026-03-22T17:32:38.957+0900][4.023s][info][gc,start       ] GC(177) Pause Young (Allocation Failure)
[2026-03-22T17:32:38.962+0900][4.028s][info][gc,heap        ] GC(177) PSYoungGen: 163057K(163840K)->10496K(163840K) Eden: 152561K(153088K)->0K(153088K) From: 10496K(10752K)->10496K(10752K)
[2026-03-22T17:32:38.962+0900][4.028s][info][gc,heap        ] GC(177) ParOldGen: 197639K(349696K)->291999K(349696K)
[2026-03-22T17:32:38.962+0900][4.028s][info][gc,metaspace   ] GC(177) Metaspace: 338K(512K)->338K(512K) NonClass: 320K(384K)->320K(384K) Class: 17K(128K)->17K(128K)
[2026-03-22T17:32:38.962+0900][4.028s][info][gc             ] GC(177) Pause Young (Allocation Failure) 352M->295M(501M) 5.197ms
[2026-03-22T17:32:38.962+0900][4.028s][info][gc,cpu         ] GC(177) User=0.00s Sys=0.00s Real=0.00s
[2026-03-22T17:32:38.979+0900][4.045s][info][gc,start       ] GC(178) Pause Full (Ergonomics)
[2026-03-22T17:32:38.979+0900][4.045s][info][gc,phases,start] GC(178) Marking Phase
[2026-03-22T17:32:38.980+0900][4.046s][info][gc,phases      ] GC(178) Marking Phase 1.209ms
[2026-03-22T17:32:38.980+0900][4.046s][info][gc,phases,start] GC(178) Summary Phase
[2026-03-22T17:32:38.980+0900][4.046s][info][gc,phases      ] GC(178) Summary Phase 0.016ms
[2026-03-22T17:32:38.980+0900][4.046s][info][gc,phases,start] GC(178) Adjust Roots
[2026-03-22T17:32:38.980+0900][4.046s][info][gc,phases      ] GC(178) Adjust Roots 0.207ms
[2026-03-22T17:32:38.980+0900][4.046s][info][gc,phases,start] GC(178) Compaction Phase
[2026-03-22T17:32:38.987+0900][4.052s][info][gc,phases      ] GC(178) Compaction Phase 5.624ms
[2026-03-22T17:32:38.987+0900][4.052s][info][gc,phases,start] GC(178) Post Compact
[2026-03-22T17:32:38.988+0900][4.053s][info][gc,phases      ] GC(178) Post Compact 1.441ms
[2026-03-22T17:32:38.988+0900][4.053s][info][gc,heap        ] GC(178) PSYoungGen: 163057K(163840K)->0K(163840K) Eden: 152561K(153088K)->0K(153088K) From: 10496K(10752K)->0K(10752K)
[2026-03-22T17:32:38.988+0900][4.053s][info][gc,heap        ] GC(178) ParOldGen: 291999K(349696K)->103430K(349696K)
[2026-03-22T17:32:38.988+0900][4.053s][info][gc,metaspace   ] GC(178) Metaspace: 338K(512K)->338K(512K) NonClass: 320K(384K)->320K(384K) Class: 17K(128K)->17K(128K)
[2026-03-22T17:32:38.988+0900][4.053s][info][gc             ] GC(178) Pause Full (Ergonomics) 444M->101M(501M) 8.805ms
[2026-03-22T17:32:38.988+0900][4.054s][info][gc,cpu         ] GC(178) User=0.00s Sys=0.00s Real=0.01s
[2026-03-22T17:32:39.005+0900][4.071s][info][gc,start       ] GC(179) Pause Young (Allocation Failure)
[2026-03-22T17:32:39.011+0900][4.077s][info][gc,heap        ] GC(179) PSYoungGen: 152561K(163840K)->10496K(163840K) Eden: 152561K(153088K)->0K(153088K) From: 0K(10752K)->10496K(10752K)
[2026-03-22T17:32:39.011+0900][4.077s][info][gc,heap        ] GC(179) ParOldGen: 103430K(349696K)->197639K(349696K)
[2026-03-22T17:32:39.011+0900][4.077s][info][gc,metaspace   ] GC(179) Metaspace: 338K(512K)->338K(512K) NonClass: 320K(384K)->320K(384K) Class: 17K(128K)->17K(128K)
[2026-03-22T17:32:39.011+0900][4.077s][info][gc             ] GC(179) Pause Young (Allocation Failure) 249M->203M(501M) 5.736ms
[2026-03-22T17:32:39.011+0900][4.077s][info][gc,cpu         ] GC(179) User=0.06s Sys=0.00s Real=0.01s
[2026-03-22T17:32:39.027+0900][4.093s][info][gc,start       ] GC(180) Pause Young (Allocation Failure)
[2026-03-22T17:32:39.044+0900][4.110s][info][gc,heap        ] GC(180) PSYoungGen: 163057K(163840K)->10496K(163840K) Eden: 152561K(153088K)->0K(153088K) From: 10496K(10752K)->10496K(10752K)
[2026-03-22T17:32:39.044+0900][4.110s][info][gc,heap        ] GC(180) ParOldGen: 197639K(349696K)->291999K(349696K)
[2026-03-22T17:32:39.044+0900][4.110s][info][gc,metaspace   ] GC(180) Metaspace: 338K(512K)->338K(512K) NonClass: 320K(384K)->320K(384K) Class: 17K(128K)->17K(128K)
[2026-03-22T17:32:39.044+0900][4.110s][info][gc             ] GC(180) Pause Young (Allocation Failure) 352M->295M(501M) 17.204ms
[2026-03-22T17:32:39.044+0900][4.110s][info][gc,cpu         ] GC(180) User=0.05s Sys=0.02s Real=0.02s
[2026-03-22T17:32:39.061+0900][4.126s][info][gc,start       ] GC(181) Pause Full (Ergonomics)
[2026-03-22T17:32:39.061+0900][4.127s][info][gc,phases,start] GC(181) Marking Phase
[2026-03-22T17:32:39.062+0900][4.128s][info][gc,phases      ] GC(181) Marking Phase 1.476ms
[2026-03-22T17:32:39.062+0900][4.128s][info][gc,phases,start] GC(181) Summary Phase
[2026-03-22T17:32:39.062+0900][4.128s][info][gc,phases      ] GC(181) Summary Phase 0.019ms
[2026-03-22T17:32:39.062+0900][4.128s][info][gc,phases,start] GC(181) Adjust Roots
[2026-03-22T17:32:39.062+0900][4.128s][info][gc,phases      ] GC(181) Adjust Roots 0.186ms
[2026-03-22T17:32:39.062+0900][4.128s][info][gc,phases,start] GC(181) Compaction Phase
[2026-03-22T17:32:39.069+0900][4.134s][info][gc,phases      ] GC(181) Compaction Phase 6.176ms
[2026-03-22T17:32:39.069+0900][4.135s][info][gc,phases,start] GC(181) Post Compact
[2026-03-22T17:32:39.071+0900][4.136s][info][gc,phases      ] GC(181) Post Compact 1.570ms
[2026-03-22T17:32:39.071+0900][4.136s][info][gc,heap        ] GC(181) PSYoungGen: 163057K(163840K)->0K(163840K) Eden: 152561K(153088K)->0K(153088K) From: 10496K(10752K)->0K(10752K)
[2026-03-22T17:32:39.071+0900][4.136s][info][gc,heap        ] GC(181) ParOldGen: 291999K(349696K)->103430K(349696K)
[2026-03-22T17:32:39.071+0900][4.136s][info][gc,metaspace   ] GC(181) Metaspace: 338K(512K)->338K(512K) NonClass: 320K(384K)->320K(384K) Class: 17K(128K)->17K(128K)
[2026-03-22T17:32:39.071+0900][4.136s][info][gc             ] GC(181) Pause Full (Ergonomics) 444M->101M(501M) 9.762ms
[2026-03-22T17:32:39.071+0900][4.136s][info][gc,cpu         ] GC(181) User=0.00s Sys=0.00s Real=0.01s
[2026-03-22T17:32:39.086+0900][4.152s][info][gc,start       ] GC(182) Pause Young (Allocation Failure)
[2026-03-22T17:32:39.091+0900][4.157s][info][gc,heap        ] GC(182) PSYoungGen: 152561K(163840K)->10496K(163840K) Eden: 152561K(153088K)->0K(153088K) From: 0K(10752K)->10496K(10752K)
[2026-03-22T17:32:39.091+0900][4.157s][info][gc,heap        ] GC(182) ParOldGen: 103430K(349696K)->197639K(349696K)
[2026-03-22T17:32:39.091+0900][4.157s][info][gc,metaspace   ] GC(182) Metaspace: 338K(512K)->338K(512K) NonClass: 320K(384K)->320K(384K) Class: 17K(128K)->17K(128K)
[2026-03-22T17:32:39.091+0900][4.157s][info][gc             ] GC(182) Pause Young (Allocation Failure) 249M->203M(501M) 4.896ms
[2026-03-22T17:32:39.091+0900][4.157s][info][gc,cpu         ] GC(182) User=0.03s Sys=0.02s Real=0.01s
[2026-03-22T17:32:39.106+0900][4.173s][info][gc,start       ] GC(183) Pause Young (Allocation Failure)
[2026-03-22T17:32:39.111+0900][4.178s][info][gc,heap        ] GC(183) PSYoungGen: 163057K(163840K)->10464K(163840K) Eden: 152561K(153088K)->0K(153088K) From: 10496K(10752K)->10464K(10752K)
[2026-03-22T17:32:39.111+0900][4.178s][info][gc,heap        ] GC(183) ParOldGen: 197639K(349696K)->291999K(349696K)
[2026-03-22T17:32:39.111+0900][4.178s][info][gc,metaspace   ] GC(183) Metaspace: 338K(512K)->338K(512K) NonClass: 320K(384K)->320K(384K) Class: 17K(128K)->17K(128K)
[2026-03-22T17:32:39.111+0900][4.178s][info][gc             ] GC(183) Pause Young (Allocation Failure) 352M->295M(501M) 4.986ms
[2026-03-22T17:32:39.111+0900][4.178s][info][gc,cpu         ] GC(183) User=0.00s Sys=0.00s Real=0.01s
[2026-03-22T17:32:39.127+0900][4.193s][info][gc,start       ] GC(184) Pause Full (Ergonomics)
[2026-03-22T17:32:39.127+0900][4.193s][info][gc,phases,start] GC(184) Marking Phase
[2026-03-22T17:32:39.128+0900][4.195s][info][gc,phases      ] GC(184) Marking Phase 1.214ms
[2026-03-22T17:32:39.128+0900][4.195s][info][gc,phases,start] GC(184) Summary Phase
[2026-03-22T17:32:39.128+0900][4.195s][info][gc,phases      ] GC(184) Summary Phase 0.017ms
[2026-03-22T17:32:39.128+0900][4.195s][info][gc,phases,start] GC(184) Adjust Roots
[2026-03-22T17:32:39.129+0900][4.195s][info][gc,phases      ] GC(184) Adjust Roots 0.233ms
[2026-03-22T17:32:39.129+0900][4.195s][info][gc,phases,start] GC(184) Compaction Phase
[2026-03-22T17:32:39.135+0900][4.201s][info][gc,phases      ] GC(184) Compaction Phase 6.008ms
[2026-03-22T17:32:39.135+0900][4.201s][info][gc,phases,start] GC(184) Post Compact
[2026-03-22T17:32:39.137+0900][4.202s][info][gc,phases      ] GC(184) Post Compact 1.506ms
[2026-03-22T17:32:39.137+0900][4.202s][info][gc,heap        ] GC(184) PSYoungGen: 163025K(163840K)->0K(163840K) Eden: 152561K(153088K)->0K(153088K) From: 10464K(10752K)->0K(10752K)
[2026-03-22T17:32:39.137+0900][4.202s][info][gc,heap        ] GC(184) ParOldGen: 291999K(349696K)->103430K(349696K)
[2026-03-22T17:32:39.137+0900][4.202s][info][gc,metaspace   ] GC(184) Metaspace: 338K(512K)->338K(512K) NonClass: 320K(384K)->320K(384K) Class: 17K(128K)->17K(128K)
[2026-03-22T17:32:39.137+0900][4.202s][info][gc             ] GC(184) Pause Full (Ergonomics) 444M->101M(501M) 9.245ms
[2026-03-22T17:32:39.137+0900][4.202s][info][gc,cpu         ] GC(184) User=0.02s Sys=0.05s Real=0.01s
[2026-03-22T17:32:39.152+0900][4.218s][info][gc,start       ] GC(185) Pause Young (Allocation Failure)
[2026-03-22T17:32:39.156+0900][4.223s][info][gc,heap        ] GC(185) PSYoungGen: 152561K(163840K)->10496K(163840K) Eden: 152561K(153088K)->0K(153088K) From: 0K(10752K)->10496K(10752K)
[2026-03-22T17:32:39.156+0900][4.223s][info][gc,heap        ] GC(185) ParOldGen: 103430K(349696K)->197639K(349696K)
[2026-03-22T17:32:39.156+0900][4.223s][info][gc,metaspace   ] GC(185) Metaspace: 338K(512K)->338K(512K) NonClass: 320K(384K)->320K(384K) Class: 17K(128K)->17K(128K)
[2026-03-22T17:32:39.156+0900][4.223s][info][gc             ] GC(185) Pause Young (Allocation Failure) 249M->203M(501M) 5.043ms
[2026-03-22T17:32:39.156+0900][4.223s][info][gc,cpu         ] GC(185) User=0.00s Sys=0.00s Real=0.00s
[2026-03-22T17:32:39.173+0900][4.239s][info][gc,start       ] GC(186) Pause Young (Allocation Failure)
[2026-03-22T17:32:39.178+0900][4.243s][info][gc,heap        ] GC(186) PSYoungGen: 163057K(163840K)->10496K(163840K) Eden: 152561K(153088K)->0K(153088K) From: 10496K(10752K)->10496K(10752K)
[2026-03-22T17:32:39.178+0900][4.243s][info][gc,heap        ] GC(186) ParOldGen: 197639K(349696K)->291999K(349696K)
[2026-03-22T17:32:39.178+0900][4.243s][info][gc,metaspace   ] GC(186) Metaspace: 338K(512K)->338K(512K) NonClass: 320K(384K)->320K(384K) Class: 17K(128K)->17K(128K)
[2026-03-22T17:32:39.178+0900][4.243s][info][gc             ] GC(186) Pause Young (Allocation Failure) 352M->295M(501M) 4.842ms
[2026-03-22T17:32:39.178+0900][4.244s][info][gc,cpu         ] GC(186) User=0.00s Sys=0.00s Real=0.00s
[2026-03-22T17:32:39.193+0900][4.259s][info][gc,start       ] GC(187) Pause Full (Ergonomics)
[2026-03-22T17:32:39.193+0900][4.259s][info][gc,phases,start] GC(187) Marking Phase
[2026-03-22T17:32:39.194+0900][4.260s][info][gc,phases      ] GC(187) Marking Phase 1.265ms
[2026-03-22T17:32:39.194+0900][4.260s][info][gc,phases,start] GC(187) Summary Phase
[2026-03-22T17:32:39.194+0900][4.260s][info][gc,phases      ] GC(187) Summary Phase 0.020ms
[2026-03-22T17:32:39.194+0900][4.260s][info][gc,phases,start] GC(187) Adjust Roots
[2026-03-22T17:32:39.194+0900][4.260s][info][gc,phases      ] GC(187) Adjust Roots 0.224ms
[2026-03-22T17:32:39.194+0900][4.260s][info][gc,phases,start] GC(187) Compaction Phase
[2026-03-22T17:32:39.200+0900][4.266s][info][gc,phases      ] GC(187) Compaction Phase 5.349ms
[2026-03-22T17:32:39.200+0900][4.266s][info][gc,phases,start] GC(187) Post Compact
[2026-03-22T17:32:39.201+0900][4.267s][info][gc,phases      ] GC(187) Post Compact 1.543ms
[2026-03-22T17:32:39.201+0900][4.267s][info][gc,heap        ] GC(187) PSYoungGen: 163057K(163840K)->0K(163840K) Eden: 152561K(153088K)->0K(153088K) From: 10496K(10752K)->0K(10752K)
[2026-03-22T17:32:39.201+0900][4.267s][info][gc,heap        ] GC(187) ParOldGen: 291999K(349696K)->103430K(349696K)
[2026-03-22T17:32:39.201+0900][4.267s][info][gc,metaspace   ] GC(187) Metaspace: 338K(512K)->338K(512K) NonClass: 320K(384K)->320K(384K) Class: 17K(128K)->17K(128K)
[2026-03-22T17:32:39.201+0900][4.267s][info][gc             ] GC(187) Pause Full (Ergonomics) 444M->101M(501M) 8.644ms
[2026-03-22T17:32:39.201+0900][4.267s][info][gc,cpu         ] GC(187) User=0.06s Sys=0.00s Real=0.01s
[2026-03-22T17:32:39.217+0900][4.283s][info][gc,start       ] GC(188) Pause Young (Allocation Failure)
[2026-03-22T17:32:39.226+0900][4.292s][info][gc,heap        ] GC(188) PSYoungGen: 152561K(163840K)->10496K(163840K) Eden: 152561K(153088K)->0K(153088K) From: 0K(10752K)->10496K(10752K)
[2026-03-22T17:32:39.226+0900][4.292s][info][gc,heap        ] GC(188) ParOldGen: 103430K(349696K)->197639K(349696K)
[2026-03-22T17:32:39.226+0900][4.292s][info][gc,metaspace   ] GC(188) Metaspace: 338K(512K)->338K(512K) NonClass: 320K(384K)->320K(384K) Class: 17K(128K)->17K(128K)
[2026-03-22T17:32:39.226+0900][4.292s][info][gc             ] GC(188) Pause Young (Allocation Failure) 249M->203M(501M) 9.045ms
[2026-03-22T17:32:39.226+0900][4.292s][info][gc,cpu         ] GC(188) User=0.00s Sys=0.00s Real=0.01s
[2026-03-22T17:32:39.242+0900][4.307s][info][gc,start       ] GC(189) Pause Young (Allocation Failure)
[2026-03-22T17:32:39.247+0900][4.312s][info][gc,heap        ] GC(189) PSYoungGen: 163057K(163840K)->10496K(163840K) Eden: 152561K(153088K)->0K(153088K) From: 10496K(10752K)->10496K(10752K)
[2026-03-22T17:32:39.247+0900][4.313s][info][gc,heap        ] GC(189) ParOldGen: 197639K(349696K)->291999K(349696K)
[2026-03-22T17:32:39.247+0900][4.313s][info][gc,metaspace   ] GC(189) Metaspace: 338K(512K)->338K(512K) NonClass: 320K(384K)->320K(384K) Class: 17K(128K)->17K(128K)
[2026-03-22T17:32:39.247+0900][4.313s][info][gc             ] GC(189) Pause Young (Allocation Failure) 352M->295M(501M) 5.196ms
[2026-03-22T17:32:39.247+0900][4.313s][info][gc,cpu         ] GC(189) User=0.05s Sys=0.02s Real=0.00s
[2026-03-22T17:32:39.261+0900][4.327s][info][gc,start       ] GC(190) Pause Full (Ergonomics)
[2026-03-22T17:32:39.262+0900][4.327s][info][gc,phases,start] GC(190) Marking Phase
[2026-03-22T17:32:39.262+0900][4.328s][info][gc,phases      ] GC(190) Marking Phase 1.180ms
[2026-03-22T17:32:39.262+0900][4.329s][info][gc,phases,start] GC(190) Summary Phase
[2026-03-22T17:32:39.262+0900][4.329s][info][gc,phases      ] GC(190) Summary Phase 0.023ms
[2026-03-22T17:32:39.262+0900][4.329s][info][gc,phases,start] GC(190) Adjust Roots
[2026-03-22T17:32:39.263+0900][4.329s][info][gc,phases      ] GC(190) Adjust Roots 0.174ms
[2026-03-22T17:32:39.263+0900][4.329s][info][gc,phases,start] GC(190) Compaction Phase
[2026-03-22T17:32:39.268+0900][4.334s][info][gc,phases      ] GC(190) Compaction Phase 5.516ms
[2026-03-22T17:32:39.268+0900][4.334s][info][gc,phases,start] GC(190) Post Compact
[2026-03-22T17:32:39.269+0900][4.336s][info][gc,phases      ] GC(190) Post Compact 1.316ms
[2026-03-22T17:32:39.269+0900][4.336s][info][gc,heap        ] GC(190) PSYoungGen: 163057K(163840K)->0K(163840K) Eden: 152561K(153088K)->0K(153088K) From: 10496K(10752K)->0K(10752K)
[2026-03-22T17:32:39.269+0900][4.336s][info][gc,heap        ] GC(190) ParOldGen: 291999K(349696K)->103430K(349696K)
[2026-03-22T17:32:39.269+0900][4.336s][info][gc,metaspace   ] GC(190) Metaspace: 338K(512K)->338K(512K) NonClass: 320K(384K)->320K(384K) Class: 17K(128K)->17K(128K)
[2026-03-22T17:32:39.269+0900][4.336s][info][gc             ] GC(190) Pause Full (Ergonomics) 444M->101M(501M) 8.511ms
[2026-03-22T17:32:39.269+0900][4.336s][info][gc,cpu         ] GC(190) User=0.00s Sys=0.00s Real=0.01s
[2026-03-22T17:32:39.287+0900][4.353s][info][gc,start       ] GC(191) Pause Young (Allocation Failure)
[2026-03-22T17:32:39.293+0900][4.358s][info][gc,heap        ] GC(191) PSYoungGen: 152561K(163840K)->10496K(163840K) Eden: 152561K(153088K)->0K(153088K) From: 0K(10752K)->10496K(10752K)
[2026-03-22T17:32:39.293+0900][4.358s][info][gc,heap        ] GC(191) ParOldGen: 103430K(349696K)->197639K(349696K)
[2026-03-22T17:32:39.293+0900][4.358s][info][gc,metaspace   ] GC(191) Metaspace: 338K(512K)->338K(512K) NonClass: 320K(384K)->320K(384K) Class: 17K(128K)->17K(128K)
[2026-03-22T17:32:39.293+0900][4.358s][info][gc             ] GC(191) Pause Young (Allocation Failure) 249M->203M(501M) 4.817ms
[2026-03-22T17:32:39.293+0900][4.358s][info][gc,cpu         ] GC(191) User=0.06s Sys=0.00s Real=0.01s
[2026-03-22T17:32:39.308+0900][4.374s][info][gc,start       ] GC(192) Pause Young (Allocation Failure)
[2026-03-22T17:32:39.313+0900][4.378s][info][gc,heap        ] GC(192) PSYoungGen: 163057K(163840K)->10464K(163840K) Eden: 152561K(153088K)->0K(153088K) From: 10496K(10752K)->10464K(10752K)
[2026-03-22T17:32:39.313+0900][4.379s][info][gc,heap        ] GC(192) ParOldGen: 197639K(349696K)->291999K(349696K)
[2026-03-22T17:32:39.313+0900][4.379s][info][gc,metaspace   ] GC(192) Metaspace: 338K(512K)->338K(512K) NonClass: 320K(384K)->320K(384K) Class: 17K(128K)->17K(128K)
[2026-03-22T17:32:39.313+0900][4.379s][info][gc             ] GC(192) Pause Young (Allocation Failure) 352M->295M(501M) 4.970ms
[2026-03-22T17:32:39.313+0900][4.379s][info][gc,cpu         ] GC(192) User=0.00s Sys=0.00s Real=0.00s
[2026-03-22T17:32:39.328+0900][4.393s][info][gc,start       ] GC(193) Pause Full (Ergonomics)
[2026-03-22T17:32:39.328+0900][4.394s][info][gc,phases,start] GC(193) Marking Phase
[2026-03-22T17:32:39.329+0900][4.395s][info][gc,phases      ] GC(193) Marking Phase 1.163ms
[2026-03-22T17:32:39.329+0900][4.395s][info][gc,phases,start] GC(193) Summary Phase
[2026-03-22T17:32:39.329+0900][4.395s][info][gc,phases      ] GC(193) Summary Phase 0.015ms
[2026-03-22T17:32:39.329+0900][4.395s][info][gc,phases,start] GC(193) Adjust Roots
[2026-03-22T17:32:39.329+0900][4.395s][info][gc,phases      ] GC(193) Adjust Roots 0.177ms
[2026-03-22T17:32:39.329+0900][4.395s][info][gc,phases,start] GC(193) Compaction Phase
[2026-03-22T17:32:39.335+0900][4.401s][info][gc,phases      ] GC(193) Compaction Phase 6.002ms
[2026-03-22T17:32:39.335+0900][4.401s][info][gc,phases,start] GC(193) Post Compact
[2026-03-22T17:32:39.337+0900][4.402s][info][gc,phases      ] GC(193) Post Compact 1.400ms
[2026-03-22T17:32:39.337+0900][4.402s][info][gc,heap        ] GC(193) PSYoungGen: 163025K(163840K)->0K(163840K) Eden: 152561K(153088K)->0K(153088K) From: 10464K(10752K)->0K(10752K)
[2026-03-22T17:32:39.337+0900][4.402s][info][gc,heap        ] GC(193) ParOldGen: 291999K(349696K)->103430K(349696K)
[2026-03-22T17:32:39.337+0900][4.402s][info][gc,metaspace   ] GC(193) Metaspace: 338K(512K)->338K(512K) NonClass: 320K(384K)->320K(384K) Class: 17K(128K)->17K(128K)
[2026-03-22T17:32:39.337+0900][4.402s][info][gc             ] GC(193) Pause Full (Ergonomics) 444M->101M(501M) 9.035ms
[2026-03-22T17:32:39.337+0900][4.402s][info][gc,cpu         ] GC(193) User=0.00s Sys=0.00s Real=0.01s
[2026-03-22T17:32:39.352+0900][4.418s][info][gc,start       ] GC(194) Pause Young (Allocation Failure)
[2026-03-22T17:32:39.358+0900][4.423s][info][gc,heap        ] GC(194) PSYoungGen: 152561K(163840K)->10496K(163840K) Eden: 152561K(153088K)->0K(153088K) From: 0K(10752K)->10496K(10752K)
[2026-03-22T17:32:39.358+0900][4.423s][info][gc,heap        ] GC(194) ParOldGen: 103430K(349696K)->197639K(349696K)
[2026-03-22T17:32:39.358+0900][4.423s][info][gc,metaspace   ] GC(194) Metaspace: 338K(512K)->338K(512K) NonClass: 320K(384K)->320K(384K) Class: 17K(128K)->17K(128K)
[2026-03-22T17:32:39.358+0900][4.423s][info][gc             ] GC(194) Pause Young (Allocation Failure) 249M->203M(501M) 5.141ms
[2026-03-22T17:32:39.358+0900][4.423s][info][gc,cpu         ] GC(194) User=0.05s Sys=0.00s Real=0.01s
[2026-03-22T17:32:39.373+0900][4.439s][info][gc,start       ] GC(195) Pause Young (Allocation Failure)
[2026-03-22T17:32:39.378+0900][4.443s][info][gc,heap        ] GC(195) PSYoungGen: 163057K(163840K)->10496K(163840K) Eden: 152561K(153088K)->0K(153088K) From: 10496K(10752K)->10496K(10752K)
[2026-03-22T17:32:39.378+0900][4.443s][info][gc,heap        ] GC(195) ParOldGen: 197639K(349696K)->291999K(349696K)
[2026-03-22T17:32:39.378+0900][4.444s][info][gc,metaspace   ] GC(195) Metaspace: 338K(512K)->338K(512K) NonClass: 320K(384K)->320K(384K) Class: 17K(128K)->17K(128K)
[2026-03-22T17:32:39.378+0900][4.444s][info][gc             ] GC(195) Pause Young (Allocation Failure) 352M->295M(501M) 4.495ms
[2026-03-22T17:32:39.378+0900][4.444s][info][gc,cpu         ] GC(195) User=0.00s Sys=0.00s Real=0.01s
[2026-03-22T17:32:39.393+0900][4.459s][info][gc,start       ] GC(196) Pause Full (Ergonomics)
[2026-03-22T17:32:39.393+0900][4.459s][info][gc,phases,start] GC(196) Marking Phase
[2026-03-22T17:32:39.394+0900][4.460s][info][gc,phases      ] GC(196) Marking Phase 1.150ms
[2026-03-22T17:32:39.394+0900][4.460s][info][gc,phases,start] GC(196) Summary Phase
[2026-03-22T17:32:39.394+0900][4.460s][info][gc,phases      ] GC(196) Summary Phase 0.022ms
[2026-03-22T17:32:39.394+0900][4.460s][info][gc,phases,start] GC(196) Adjust Roots
[2026-03-22T17:32:39.394+0900][4.460s][info][gc,phases      ] GC(196) Adjust Roots 0.255ms
[2026-03-22T17:32:39.394+0900][4.460s][info][gc,phases,start] GC(196) Compaction Phase
[2026-03-22T17:32:39.400+0900][4.466s][info][gc,phases      ] GC(196) Compaction Phase 5.388ms
[2026-03-22T17:32:39.400+0900][4.466s][info][gc,phases,start] GC(196) Post Compact
[2026-03-22T17:32:39.401+0900][4.468s][info][gc,phases      ] GC(196) Post Compact 1.666ms
[2026-03-22T17:32:39.401+0900][4.468s][info][gc,heap        ] GC(196) PSYoungGen: 163057K(163840K)->0K(163840K) Eden: 152561K(153088K)->0K(153088K) From: 10496K(10752K)->0K(10752K)
[2026-03-22T17:32:39.401+0900][4.468s][info][gc,heap        ] GC(196) ParOldGen: 291999K(349696K)->103195K(349696K)
[2026-03-22T17:32:39.401+0900][4.468s][info][gc,metaspace   ] GC(196) Metaspace: 338K(512K)->338K(512K) NonClass: 320K(384K)->320K(384K) Class: 17K(128K)->17K(128K)
[2026-03-22T17:32:39.402+0900][4.468s][info][gc             ] GC(196) Pause Full (Ergonomics) 444M->100M(501M) 8.793ms
[2026-03-22T17:32:39.402+0900][4.468s][info][gc,cpu         ] GC(196) User=0.06s Sys=0.00s Real=0.01s
[2026-03-22T17:32:39.416+0900][4.482s][info][gc,start       ] GC(197) Pause Young (Allocation Failure)
[2026-03-22T17:32:39.423+0900][4.490s][info][gc,heap        ] GC(197) PSYoungGen: 152561K(163840K)->10496K(163840K) Eden: 152561K(153088K)->0K(153088K) From: 0K(10752K)->10496K(10752K)
[2026-03-22T17:32:39.424+0900][4.490s][info][gc,heap        ] GC(197) ParOldGen: 103195K(349696K)->197403K(349696K)
[2026-03-22T17:32:39.424+0900][4.490s][info][gc,metaspace   ] GC(197) Metaspace: 338K(512K)->338K(512K) NonClass: 320K(384K)->320K(384K) Class: 17K(128K)->17K(128K)
[2026-03-22T17:32:39.424+0900][4.490s][info][gc             ] GC(197) Pause Young (Allocation Failure) 249M->203M(501M) 7.414ms
[2026-03-22T17:32:39.424+0900][4.490s][info][gc,cpu         ] GC(197) User=0.00s Sys=0.00s Real=0.01s
[2026-03-22T17:32:39.441+0900][4.507s][info][gc,start       ] GC(198) Pause Young (Allocation Failure)
[2026-03-22T17:32:39.446+0900][4.512s][info][gc,heap        ] GC(198) PSYoungGen: 163057K(163840K)->10496K(163840K) Eden: 152561K(153088K)->0K(153088K) From: 10496K(10752K)->10496K(10752K)
[2026-03-22T17:32:39.446+0900][4.512s][info][gc,heap        ] GC(198) ParOldGen: 197403K(349696K)->291764K(349696K)
[2026-03-22T17:32:39.446+0900][4.512s][info][gc,metaspace   ] GC(198) Metaspace: 338K(512K)->338K(512K) NonClass: 320K(384K)->320K(384K) Class: 17K(128K)->17K(128K)
[2026-03-22T17:32:39.446+0900][4.512s][info][gc             ] GC(198) Pause Young (Allocation Failure) 352M->295M(501M) 4.797ms
[2026-03-22T17:32:39.446+0900][4.512s][info][gc,cpu         ] GC(198) User=0.00s Sys=0.00s Real=0.01s
[2026-03-22T17:32:39.462+0900][4.528s][info][gc,start       ] GC(199) Pause Full (Ergonomics)
[2026-03-22T17:32:39.462+0900][4.528s][info][gc,phases,start] GC(199) Marking Phase
[2026-03-22T17:32:39.464+0900][4.529s][info][gc,phases      ] GC(199) Marking Phase 1.168ms
[2026-03-22T17:32:39.464+0900][4.529s][info][gc,phases,start] GC(199) Summary Phase
[2026-03-22T17:32:39.464+0900][4.529s][info][gc,phases      ] GC(199) Summary Phase 0.034ms
[2026-03-22T17:32:39.464+0900][4.529s][info][gc,phases,start] GC(199) Adjust Roots
[2026-03-22T17:32:39.464+0900][4.530s][info][gc,phases      ] GC(199) Adjust Roots 0.259ms
[2026-03-22T17:32:39.464+0900][4.530s][info][gc,phases,start] GC(199) Compaction Phase
[2026-03-22T17:32:39.468+0900][4.535s][info][gc,phases      ] GC(199) Compaction Phase 5.153ms
[2026-03-22T17:32:39.468+0900][4.535s][info][gc,phases,start] GC(199) Post Compact
[2026-03-22T17:32:39.471+0900][4.536s][info][gc,phases      ] GC(199) Post Compact 1.532ms
[2026-03-22T17:32:39.471+0900][4.536s][info][gc,heap        ] GC(199) PSYoungGen: 163057K(163840K)->0K(163840K) Eden: 152561K(153088K)->0K(153088K) From: 10496K(10752K)->0K(10752K)
[2026-03-22T17:32:39.471+0900][4.536s][info][gc,heap        ] GC(199) ParOldGen: 291764K(349696K)->103430K(349696K)
[2026-03-22T17:32:39.471+0900][4.536s][info][gc,metaspace   ] GC(199) Metaspace: 338K(512K)->338K(512K) NonClass: 320K(384K)->320K(384K) Class: 17K(128K)->17K(128K)
[2026-03-22T17:32:39.471+0900][4.536s][info][gc             ] GC(199) Pause Full (Ergonomics) 444M->101M(501M) 8.490ms
[2026-03-22T17:32:39.471+0900][4.536s][info][gc,cpu         ] GC(199) User=0.03s Sys=0.03s Real=0.01s
[2026-03-22T17:32:39.487+0900][4.553s][info][gc,start       ] GC(200) Pause Young (Allocation Failure)
[2026-03-22T17:32:39.493+0900][4.558s][info][gc,heap        ] GC(200) PSYoungGen: 152561K(163840K)->10496K(163840K) Eden: 152561K(153088K)->0K(153088K) From: 0K(10752K)->10496K(10752K)
[2026-03-22T17:32:39.493+0900][4.558s][info][gc,heap        ] GC(200) ParOldGen: 103430K(349696K)->197639K(349696K)
[2026-03-22T17:32:39.493+0900][4.558s][info][gc,metaspace   ] GC(200) Metaspace: 338K(512K)->338K(512K) NonClass: 320K(384K)->320K(384K) Class: 17K(128K)->17K(128K)
[2026-03-22T17:32:39.493+0900][4.558s][info][gc             ] GC(200) Pause Young (Allocation Failure) 249M->203M(501M) 5.412ms
[2026-03-22T17:32:39.493+0900][4.558s][info][gc,cpu         ] GC(200) User=0.00s Sys=0.00s Real=0.01s
[2026-03-22T17:32:39.509+0900][4.574s][info][gc,start       ] GC(201) Pause Young (Allocation Failure)
[2026-03-22T17:32:39.526+0900][4.592s][info][gc,heap        ] GC(201) PSYoungGen: 163057K(163840K)->10496K(163840K) Eden: 152561K(153088K)->0K(153088K) From: 10496K(10752K)->10496K(10752K)
[2026-03-22T17:32:39.526+0900][4.592s][info][gc,heap        ] GC(201) ParOldGen: 197639K(349696K)->291999K(349696K)
[2026-03-22T17:32:39.526+0900][4.592s][info][gc,metaspace   ] GC(201) Metaspace: 338K(512K)->338K(512K) NonClass: 320K(384K)->320K(384K) Class: 17K(128K)->17K(128K)
[2026-03-22T17:32:39.526+0900][4.592s][info][gc             ] GC(201) Pause Young (Allocation Failure) 352M->295M(501M) 17.747ms
[2026-03-22T17:32:39.526+0900][4.592s][info][gc,cpu         ] GC(201) User=0.09s Sys=0.02s Real=0.02s
[2026-03-22T17:32:39.542+0900][4.609s][info][gc,start       ] GC(202) Pause Full (Ergonomics)
[2026-03-22T17:32:39.542+0900][4.609s][info][gc,phases,start] GC(202) Marking Phase
[2026-03-22T17:32:39.544+0900][4.610s][info][gc,phases      ] GC(202) Marking Phase 1.420ms
[2026-03-22T17:32:39.544+0900][4.610s][info][gc,phases,start] GC(202) Summary Phase
[2026-03-22T17:32:39.544+0900][4.610s][info][gc,phases      ] GC(202) Summary Phase 0.019ms
[2026-03-22T17:32:39.544+0900][4.610s][info][gc,phases,start] GC(202) Adjust Roots
[2026-03-22T17:32:39.544+0900][4.610s][info][gc,phases      ] GC(202) Adjust Roots 0.218ms
[2026-03-22T17:32:39.544+0900][4.610s][info][gc,phases,start] GC(202) Compaction Phase
[2026-03-22T17:32:39.550+0900][4.616s][info][gc,phases      ] GC(202) Compaction Phase 5.637ms
[2026-03-22T17:32:39.550+0900][4.616s][info][gc,phases,start] GC(202) Post Compact
[2026-03-22T17:32:39.551+0900][4.618s][info][gc,phases      ] GC(202) Post Compact 1.488ms
[2026-03-22T17:32:39.551+0900][4.618s][info][gc,heap        ] GC(202) PSYoungGen: 163057K(163840K)->0K(163840K) Eden: 152561K(153088K)->0K(153088K) From: 10496K(10752K)->0K(10752K)
[2026-03-22T17:32:39.551+0900][4.618s][info][gc,heap        ] GC(202) ParOldGen: 291999K(349696K)->103430K(349696K)
[2026-03-22T17:32:39.551+0900][4.618s][info][gc,metaspace   ] GC(202) Metaspace: 338K(512K)->338K(512K) NonClass: 320K(384K)->320K(384K) Class: 17K(128K)->17K(128K)
[2026-03-22T17:32:39.551+0900][4.618s][info][gc             ] GC(202) Pause Full (Ergonomics) 444M->101M(501M) 9.137ms
[2026-03-22T17:32:39.551+0900][4.618s][info][gc,cpu         ] GC(202) User=0.00s Sys=0.00s Real=0.01s
[2026-03-22T17:32:39.568+0900][4.634s][info][gc,start       ] GC(203) Pause Young (Allocation Failure)
[2026-03-22T17:32:39.572+0900][4.638s][info][gc,heap        ] GC(203) PSYoungGen: 152561K(163840K)->10496K(163840K) Eden: 152561K(153088K)->0K(153088K) From: 0K(10752K)->10496K(10752K)
[2026-03-22T17:32:39.572+0900][4.638s][info][gc,heap        ] GC(203) ParOldGen: 103430K(349696K)->197639K(349696K)
[2026-03-22T17:32:39.572+0900][4.638s][info][gc,metaspace   ] GC(203) Metaspace: 338K(512K)->338K(512K) NonClass: 320K(384K)->320K(384K) Class: 17K(128K)->17K(128K)
[2026-03-22T17:32:39.572+0900][4.638s][info][gc             ] GC(203) Pause Young (Allocation Failure) 249M->203M(501M) 4.689ms
[2026-03-22T17:32:39.572+0900][4.638s][info][gc,cpu         ] GC(203) User=0.02s Sys=0.05s Real=0.00s
[2026-03-22T17:32:39.588+0900][4.654s][info][gc,start       ] GC(204) Pause Young (Allocation Failure)
[2026-03-22T17:32:39.593+0900][4.659s][info][gc,heap        ] GC(204) PSYoungGen: 163057K(163840K)->10496K(163840K) Eden: 152561K(153088K)->0K(153088K) From: 10496K(10752K)->10496K(10752K)
[2026-03-22T17:32:39.593+0900][4.659s][info][gc,heap        ] GC(204) ParOldGen: 197639K(349696K)->291999K(349696K)
[2026-03-22T17:32:39.593+0900][4.659s][info][gc,metaspace   ] GC(204) Metaspace: 338K(512K)->338K(512K) NonClass: 320K(384K)->320K(384K) Class: 17K(128K)->17K(128K)
[2026-03-22T17:32:39.593+0900][4.659s][info][gc             ] GC(204) Pause Young (Allocation Failure) 352M->295M(501M) 4.993ms
[2026-03-22T17:32:39.593+0900][4.659s][info][gc,cpu         ] GC(204) User=0.00s Sys=0.00s Real=0.00s
[2026-03-22T17:32:39.610+0900][4.676s][info][gc,start       ] GC(205) Pause Full (Ergonomics)
[2026-03-22T17:32:39.610+0900][4.676s][info][gc,phases,start] GC(205) Marking Phase
[2026-03-22T17:32:39.611+0900][4.677s][info][gc,phases      ] GC(205) Marking Phase 1.177ms
[2026-03-22T17:32:39.611+0900][4.677s][info][gc,phases,start] GC(205) Summary Phase
[2026-03-22T17:32:39.611+0900][4.677s][info][gc,phases      ] GC(205) Summary Phase 0.030ms
[2026-03-22T17:32:39.611+0900][4.677s][info][gc,phases,start] GC(205) Adjust Roots
[2026-03-22T17:32:39.611+0900][4.677s][info][gc,phases      ] GC(205) Adjust Roots 0.210ms
[2026-03-22T17:32:39.611+0900][4.677s][info][gc,phases,start] GC(205) Compaction Phase
[2026-03-22T17:32:39.617+0900][4.683s][info][gc,phases      ] GC(205) Compaction Phase 5.389ms
[2026-03-22T17:32:39.617+0900][4.683s][info][gc,phases,start] GC(205) Post Compact
[2026-03-22T17:32:39.618+0900][4.684s][info][gc,phases      ] GC(205) Post Compact 1.630ms
[2026-03-22T17:32:39.618+0900][4.684s][info][gc,heap        ] GC(205) PSYoungGen: 163057K(163840K)->0K(163840K) Eden: 152561K(153088K)->0K(153088K) From: 10496K(10752K)->0K(10752K)
[2026-03-22T17:32:39.618+0900][4.684s][info][gc,heap        ] GC(205) ParOldGen: 291999K(349696K)->103430K(349696K)
[2026-03-22T17:32:39.618+0900][4.684s][info][gc,metaspace   ] GC(205) Metaspace: 338K(512K)->338K(512K) NonClass: 320K(384K)->320K(384K) Class: 17K(128K)->17K(128K)
[2026-03-22T17:32:39.618+0900][4.684s][info][gc             ] GC(205) Pause Full (Ergonomics) 444M->101M(501M) 8.784ms
[2026-03-22T17:32:39.618+0900][4.684s][info][gc,cpu         ] GC(205) User=0.00s Sys=0.00s Real=0.01s
[2026-03-22T17:32:39.635+0900][4.701s][info][gc,start       ] GC(206) Pause Young (Allocation Failure)
[2026-03-22T17:32:39.640+0900][4.706s][info][gc,heap        ] GC(206) PSYoungGen: 152561K(163840K)->10496K(163840K) Eden: 152561K(153088K)->0K(153088K) From: 0K(10752K)->10496K(10752K)
[2026-03-22T17:32:39.640+0900][4.706s][info][gc,heap        ] GC(206) ParOldGen: 103430K(349696K)->197639K(349696K)
[2026-03-22T17:32:39.640+0900][4.706s][info][gc,metaspace   ] GC(206) Metaspace: 338K(512K)->338K(512K) NonClass: 320K(384K)->320K(384K) Class: 17K(128K)->17K(128K)
[2026-03-22T17:32:39.640+0900][4.706s][info][gc             ] GC(206) Pause Young (Allocation Failure) 249M->203M(501M) 4.816ms
[2026-03-22T17:32:39.640+0900][4.706s][info][gc,cpu         ] GC(206) User=0.00s Sys=0.00s Real=0.01s
[2026-03-22T17:32:39.655+0900][4.721s][info][gc,start       ] GC(207) Pause Young (Allocation Failure)
[2026-03-22T17:32:39.660+0900][4.726s][info][gc,heap        ] GC(207) PSYoungGen: 163057K(163840K)->10496K(163840K) Eden: 152561K(153088K)->0K(153088K) From: 10496K(10752K)->10496K(10752K)
[2026-03-22T17:32:39.660+0900][4.726s][info][gc,heap        ] GC(207) ParOldGen: 197639K(349696K)->291999K(349696K)
[2026-03-22T17:32:39.660+0900][4.726s][info][gc,metaspace   ] GC(207) Metaspace: 338K(512K)->338K(512K) NonClass: 320K(384K)->320K(384K) Class: 17K(128K)->17K(128K)
[2026-03-22T17:32:39.660+0900][4.726s][info][gc             ] GC(207) Pause Young (Allocation Failure) 352M->295M(501M) 4.748ms
[2026-03-22T17:32:39.660+0900][4.726s][info][gc,cpu         ] GC(207) User=0.00s Sys=0.00s Real=0.01s
[2026-03-22T17:32:39.677+0900][4.743s][info][gc,start       ] GC(208) Pause Full (Ergonomics)
[2026-03-22T17:32:39.677+0900][4.743s][info][gc,phases,start] GC(208) Marking Phase
[2026-03-22T17:32:39.679+0900][4.745s][info][gc,phases      ] GC(208) Marking Phase 1.506ms
[2026-03-22T17:32:39.679+0900][4.745s][info][gc,phases,start] GC(208) Summary Phase
[2026-03-22T17:32:39.679+0900][4.745s][info][gc,phases      ] GC(208) Summary Phase 0.036ms
[2026-03-22T17:32:39.679+0900][4.745s][info][gc,phases,start] GC(208) Adjust Roots
[2026-03-22T17:32:39.679+0900][4.745s][info][gc,phases      ] GC(208) Adjust Roots 0.296ms
[2026-03-22T17:32:39.679+0900][4.745s][info][gc,phases,start] GC(208) Compaction Phase
[2026-03-22T17:32:39.686+0900][4.752s][info][gc,phases      ] GC(208) Compaction Phase 6.698ms
[2026-03-22T17:32:39.686+0900][4.752s][info][gc,phases,start] GC(208) Post Compact
[2026-03-22T17:32:39.688+0900][4.754s][info][gc,phases      ] GC(208) Post Compact 1.687ms
[2026-03-22T17:32:39.688+0900][4.754s][info][gc,heap        ] GC(208) PSYoungGen: 163057K(163840K)->0K(163840K) Eden: 152561K(153088K)->0K(153088K) From: 10496K(10752K)->0K(10752K)
[2026-03-22T17:32:39.688+0900][4.754s][info][gc,heap        ] GC(208) ParOldGen: 291999K(349696K)->103430K(349696K)
[2026-03-22T17:32:39.688+0900][4.754s][info][gc,metaspace   ] GC(208) Metaspace: 338K(512K)->338K(512K) NonClass: 320K(384K)->320K(384K) Class: 17K(128K)->17K(128K)
[2026-03-22T17:32:39.688+0900][4.754s][info][gc             ] GC(208) Pause Full (Ergonomics) 444M->101M(501M) 10.684ms
[2026-03-22T17:32:39.688+0900][4.754s][info][gc,cpu         ] GC(208) User=0.03s Sys=0.03s Real=0.01s
[2026-03-22T17:32:39.705+0900][4.770s][info][gc,start       ] GC(209) Pause Young (Allocation Failure)
[2026-03-22T17:32:39.710+0900][4.775s][info][gc,heap        ] GC(209) PSYoungGen: 152561K(163840K)->10496K(163840K) Eden: 152561K(153088K)->0K(153088K) From: 0K(10752K)->10496K(10752K)
[2026-03-22T17:32:39.710+0900][4.775s][info][gc,heap        ] GC(209) ParOldGen: 103430K(349696K)->197639K(349696K)
[2026-03-22T17:32:39.710+0900][4.775s][info][gc,metaspace   ] GC(209) Metaspace: 338K(512K)->338K(512K) NonClass: 320K(384K)->320K(384K) Class: 17K(128K)->17K(128K)
[2026-03-22T17:32:39.710+0900][4.776s][info][gc             ] GC(209) Pause Young (Allocation Failure) 249M->203M(501M) 5.144ms
[2026-03-22T17:32:39.710+0900][4.776s][info][gc,cpu         ] GC(209) User=0.00s Sys=0.00s Real=0.01s
[2026-03-22T17:32:39.725+0900][4.791s][info][gc,start       ] GC(210) Pause Young (Allocation Failure)
[2026-03-22T17:32:39.730+0900][4.796s][info][gc,heap        ] GC(210) PSYoungGen: 163057K(163840K)->10496K(163840K) Eden: 152561K(153088K)->0K(153088K) From: 10496K(10752K)->10496K(10752K)
[2026-03-22T17:32:39.730+0900][4.796s][info][gc,heap        ] GC(210) ParOldGen: 197639K(349696K)->291999K(349696K)
[2026-03-22T17:32:39.730+0900][4.796s][info][gc,metaspace   ] GC(210) Metaspace: 338K(512K)->338K(512K) NonClass: 320K(384K)->320K(384K) Class: 17K(128K)->17K(128K)
[2026-03-22T17:32:39.730+0900][4.796s][info][gc             ] GC(210) Pause Young (Allocation Failure) 352M->295M(501M) 5.325ms
[2026-03-22T17:32:39.730+0900][4.796s][info][gc,cpu         ] GC(210) User=0.06s Sys=0.00s Real=0.01s
[2026-03-22T17:32:39.746+0900][4.811s][info][gc,start       ] GC(211) Pause Full (Ergonomics)
[2026-03-22T17:32:39.746+0900][4.811s][info][gc,phases,start] GC(211) Marking Phase
[2026-03-22T17:32:39.747+0900][4.812s][info][gc,phases      ] GC(211) Marking Phase 1.216ms
[2026-03-22T17:32:39.747+0900][4.812s][info][gc,phases,start] GC(211) Summary Phase
[2026-03-22T17:32:39.747+0900][4.812s][info][gc,phases      ] GC(211) Summary Phase 0.014ms
[2026-03-22T17:32:39.747+0900][4.812s][info][gc,phases,start] GC(211) Adjust Roots
[2026-03-22T17:32:39.747+0900][4.813s][info][gc,phases      ] GC(211) Adjust Roots 0.234ms
[2026-03-22T17:32:39.747+0900][4.813s][info][gc,phases,start] GC(211) Compaction Phase
[2026-03-22T17:32:39.753+0900][4.818s][info][gc,phases      ] GC(211) Compaction Phase 5.569ms
[2026-03-22T17:32:39.753+0900][4.818s][info][gc,phases,start] GC(211) Post Compact
[2026-03-22T17:32:39.754+0900][4.820s][info][gc,phases      ] GC(211) Post Compact 1.363ms
[2026-03-22T17:32:39.754+0900][4.820s][info][gc,heap        ] GC(211) PSYoungGen: 163057K(163840K)->0K(163840K) Eden: 152561K(153088K)->0K(153088K) From: 10496K(10752K)->0K(10752K)
[2026-03-22T17:32:39.754+0900][4.820s][info][gc,heap        ] GC(211) ParOldGen: 291999K(349696K)->103430K(349696K)
[2026-03-22T17:32:39.754+0900][4.820s][info][gc,metaspace   ] GC(211) Metaspace: 338K(512K)->338K(512K) NonClass: 320K(384K)->320K(384K) Class: 17K(128K)->17K(128K)
[2026-03-22T17:32:39.754+0900][4.820s][info][gc             ] GC(211) Pause Full (Ergonomics) 444M->101M(501M) 8.623ms
[2026-03-22T17:32:39.754+0900][4.820s][info][gc,cpu         ] GC(211) User=0.00s Sys=0.00s Real=0.01s
[2026-03-22T17:32:39.771+0900][4.837s][info][gc,start       ] GC(212) Pause Young (Allocation Failure)
[2026-03-22T17:32:39.776+0900][4.842s][info][gc,heap        ] GC(212) PSYoungGen: 152561K(163840K)->10496K(163840K) Eden: 152561K(153088K)->0K(153088K) From: 0K(10752K)->10496K(10752K)
[2026-03-22T17:32:39.776+0900][4.842s][info][gc,heap        ] GC(212) ParOldGen: 103430K(349696K)->197639K(349696K)
[2026-03-22T17:32:39.776+0900][4.842s][info][gc,metaspace   ] GC(212) Metaspace: 338K(512K)->338K(512K) NonClass: 320K(384K)->320K(384K) Class: 17K(128K)->17K(128K)
[2026-03-22T17:32:39.776+0900][4.842s][info][gc             ] GC(212) Pause Young (Allocation Failure) 249M->203M(501M) 5.404ms
[2026-03-22T17:32:39.776+0900][4.842s][info][gc,cpu         ] GC(212) User=0.05s Sys=0.02s Real=0.01s
[2026-03-22T17:32:39.793+0900][4.858s][info][gc,start       ] GC(213) Pause Young (Allocation Failure)
[2026-03-22T17:32:39.798+0900][4.863s][info][gc,heap        ] GC(213) PSYoungGen: 163057K(163840K)->10496K(163840K) Eden: 152561K(153088K)->0K(153088K) From: 10496K(10752K)->10496K(10752K)
[2026-03-22T17:32:39.798+0900][4.863s][info][gc,heap        ] GC(213) ParOldGen: 197639K(349696K)->291999K(349696K)
[2026-03-22T17:32:39.798+0900][4.863s][info][gc,metaspace   ] GC(213) Metaspace: 338K(512K)->338K(512K) NonClass: 320K(384K)->320K(384K) Class: 17K(128K)->17K(128K)
[2026-03-22T17:32:39.798+0900][4.863s][info][gc             ] GC(213) Pause Young (Allocation Failure) 352M->295M(501M) 4.864ms
[2026-03-22T17:32:39.798+0900][4.863s][info][gc,cpu         ] GC(213) User=0.00s Sys=0.00s Real=0.01s
[2026-03-22T17:32:39.814+0900][4.880s][info][gc,start       ] GC(214) Pause Full (Ergonomics)
[2026-03-22T17:32:39.814+0900][4.880s][info][gc,phases,start] GC(214) Marking Phase
[2026-03-22T17:32:39.815+0900][4.881s][info][gc,phases      ] GC(214) Marking Phase 1.317ms
[2026-03-22T17:32:39.815+0900][4.881s][info][gc,phases,start] GC(214) Summary Phase
[2026-03-22T17:32:39.815+0900][4.881s][info][gc,phases      ] GC(214) Summary Phase 0.017ms
[2026-03-22T17:32:39.815+0900][4.881s][info][gc,phases,start] GC(214) Adjust Roots
[2026-03-22T17:32:39.815+0900][4.881s][info][gc,phases      ] GC(214) Adjust Roots 0.188ms
[2026-03-22T17:32:39.815+0900][4.881s][info][gc,phases,start] GC(214) Compaction Phase
[2026-03-22T17:32:39.822+0900][4.889s][info][gc,phases      ] GC(214) Compaction Phase 7.165ms
[2026-03-22T17:32:39.822+0900][4.889s][info][gc,phases,start] GC(214) Post Compact
[2026-03-22T17:32:39.824+0900][4.890s][info][gc,phases      ] GC(214) Post Compact 1.615ms
[2026-03-22T17:32:39.824+0900][4.890s][info][gc,heap        ] GC(214) PSYoungGen: 163057K(163840K)->0K(163840K) Eden: 152561K(153088K)->0K(153088K) From: 10496K(10752K)->0K(10752K)
[2026-03-22T17:32:39.824+0900][4.890s][info][gc,heap        ] GC(214) ParOldGen: 291999K(349696K)->103430K(349696K)
[2026-03-22T17:32:39.824+0900][4.890s][info][gc,metaspace   ] GC(214) Metaspace: 338K(512K)->338K(512K) NonClass: 320K(384K)->320K(384K) Class: 17K(128K)->17K(128K)
[2026-03-22T17:32:39.824+0900][4.891s][info][gc             ] GC(214) Pause Full (Ergonomics) 444M->101M(501M) 10.741ms
[2026-03-22T17:32:39.824+0900][4.891s][info][gc,cpu         ] GC(214) User=0.05s Sys=0.00s Real=0.01s
[2026-03-22T17:32:39.839+0900][4.906s][info][gc,start       ] GC(215) Pause Young (Allocation Failure)
[2026-03-22T17:32:39.844+0900][4.911s][info][gc,heap        ] GC(215) PSYoungGen: 152561K(163840K)->10496K(163840K) Eden: 152561K(153088K)->0K(153088K) From: 0K(10752K)->10496K(10752K)
[2026-03-22T17:32:39.844+0900][4.911s][info][gc,heap        ] GC(215) ParOldGen: 103430K(349696K)->197639K(349696K)
[2026-03-22T17:32:39.844+0900][4.911s][info][gc,metaspace   ] GC(215) Metaspace: 338K(512K)->338K(512K) NonClass: 320K(384K)->320K(384K) Class: 17K(128K)->17K(128K)
[2026-03-22T17:32:39.844+0900][4.911s][info][gc             ] GC(215) Pause Young (Allocation Failure) 249M->203M(501M) 5.002ms
[2026-03-22T17:32:39.845+0900][4.911s][info][gc,cpu         ] GC(215) User=0.00s Sys=0.00s Real=0.01s
[2026-03-22T17:32:39.861+0900][4.927s][info][gc,start       ] GC(216) Pause Young (Allocation Failure)
[2026-03-22T17:32:39.865+0900][4.931s][info][gc,heap        ] GC(216) PSYoungGen: 163057K(163840K)->10496K(163840K) Eden: 152561K(153088K)->0K(153088K) From: 10496K(10752K)->10496K(10752K)
[2026-03-22T17:32:39.866+0900][4.931s][info][gc,heap        ] GC(216) ParOldGen: 197639K(349696K)->291999K(349696K)
[2026-03-22T17:32:39.866+0900][4.931s][info][gc,metaspace   ] GC(216) Metaspace: 338K(512K)->338K(512K) NonClass: 320K(384K)->320K(384K) Class: 17K(128K)->17K(128K)
[2026-03-22T17:32:39.866+0900][4.931s][info][gc             ] GC(216) Pause Young (Allocation Failure) 352M->295M(501M) 4.801ms
[2026-03-22T17:32:39.866+0900][4.931s][info][gc,cpu         ] GC(216) User=0.00s Sys=0.00s Real=0.00s
[2026-03-22T17:32:39.882+0900][4.948s][info][gc,start       ] GC(217) Pause Full (Ergonomics)
[2026-03-22T17:32:39.882+0900][4.948s][info][gc,phases,start] GC(217) Marking Phase
[2026-03-22T17:32:39.884+0900][4.949s][info][gc,phases      ] GC(217) Marking Phase 1.223ms
[2026-03-22T17:32:39.884+0900][4.949s][info][gc,phases,start] GC(217) Summary Phase
[2026-03-22T17:32:39.884+0900][4.949s][info][gc,phases      ] GC(217) Summary Phase 0.016ms
[2026-03-22T17:32:39.884+0900][4.949s][info][gc,phases,start] GC(217) Adjust Roots
[2026-03-22T17:32:39.884+0900][4.949s][info][gc,phases      ] GC(217) Adjust Roots 0.192ms
[2026-03-22T17:32:39.884+0900][4.949s][info][gc,phases,start] GC(217) Compaction Phase
[2026-03-22T17:32:39.889+0900][4.955s][info][gc,phases      ] GC(217) Compaction Phase 5.698ms
[2026-03-22T17:32:39.889+0900][4.955s][info][gc,phases,start] GC(217) Post Compact
[2026-03-22T17:32:39.891+0900][4.957s][info][gc,phases      ] GC(217) Post Compact 1.369ms
[2026-03-22T17:32:39.891+0900][4.957s][info][gc,heap        ] GC(217) PSYoungGen: 163057K(163840K)->0K(163840K) Eden: 152561K(153088K)->0K(153088K) From: 10496K(10752K)->0K(10752K)
[2026-03-22T17:32:39.891+0900][4.957s][info][gc,heap        ] GC(217) ParOldGen: 291999K(349696K)->103430K(349696K)
[2026-03-22T17:32:39.891+0900][4.957s][info][gc,metaspace   ] GC(217) Metaspace: 338K(512K)->338K(512K) NonClass: 320K(384K)->320K(384K) Class: 17K(128K)->17K(128K)
[2026-03-22T17:32:39.891+0900][4.957s][info][gc             ] GC(217) Pause Full (Ergonomics) 444M->101M(501M) 8.736ms
[2026-03-22T17:32:39.891+0900][4.957s][info][gc,cpu         ] GC(217) User=0.06s Sys=0.00s Real=0.01s
[2026-03-22T17:32:39.907+0900][4.973s][info][gc,start       ] GC(218) Pause Young (Allocation Failure)
[2026-03-22T17:32:39.912+0900][4.978s][info][gc,heap        ] GC(218) PSYoungGen: 152561K(163840K)->10464K(163840K) Eden: 152561K(153088K)->0K(153088K) From: 0K(10752K)->10464K(10752K)
[2026-03-22T17:32:39.912+0900][4.978s][info][gc,heap        ] GC(218) ParOldGen: 103430K(349696K)->197639K(349696K)
[2026-03-22T17:32:39.912+0900][4.978s][info][gc,metaspace   ] GC(218) Metaspace: 338K(512K)->338K(512K) NonClass: 320K(384K)->320K(384K) Class: 17K(128K)->17K(128K)
[2026-03-22T17:32:39.912+0900][4.978s][info][gc             ] GC(218) Pause Young (Allocation Failure) 249M->203M(501M) 4.886ms
[2026-03-22T17:32:39.912+0900][4.978s][info][gc,cpu         ] GC(218) User=0.00s Sys=0.00s Real=0.00s
[2026-03-22T17:32:39.928+0900][4.994s][info][gc,start       ] GC(219) Pause Young (Allocation Failure)
[2026-03-22T17:32:39.933+0900][4.999s][info][gc,heap        ] GC(219) PSYoungGen: 163025K(163840K)->10464K(163840K) Eden: 152561K(153088K)->0K(153088K) From: 10464K(10752K)->10464K(10752K)
[2026-03-22T17:32:39.933+0900][4.999s][info][gc,heap        ] GC(219) ParOldGen: 197639K(349696K)->291999K(349696K)
[2026-03-22T17:32:39.933+0900][4.999s][info][gc,metaspace   ] GC(219) Metaspace: 338K(512K)->338K(512K) NonClass: 320K(384K)->320K(384K) Class: 17K(128K)->17K(128K)
[2026-03-22T17:32:39.933+0900][4.999s][info][gc             ] GC(219) Pause Young (Allocation Failure) 352M->295M(501M) 5.282ms
[2026-03-22T17:32:39.933+0900][4.999s][info][gc,cpu         ] GC(219) User=0.05s Sys=0.00s Real=0.01s
[2026-03-22T17:32:39.949+0900][5.014s][info][gc,start       ] GC(220) Pause Full (Ergonomics)
[2026-03-22T17:32:39.949+0900][5.014s][info][gc,phases,start] GC(220) Marking Phase
[2026-03-22T17:32:39.950+0900][5.015s][info][gc,phases      ] GC(220) Marking Phase 1.291ms
[2026-03-22T17:32:39.950+0900][5.015s][info][gc,phases,start] GC(220) Summary Phase
[2026-03-22T17:32:39.950+0900][5.015s][info][gc,phases      ] GC(220) Summary Phase 0.020ms
[2026-03-22T17:32:39.950+0900][5.015s][info][gc,phases,start] GC(220) Adjust Roots
[2026-03-22T17:32:39.950+0900][5.016s][info][gc,phases      ] GC(220) Adjust Roots 0.255ms
[2026-03-22T17:32:39.950+0900][5.016s][info][gc,phases,start] GC(220) Compaction Phase
[2026-03-22T17:32:39.956+0900][5.022s][info][gc,phases      ] GC(220) Compaction Phase 5.819ms
[2026-03-22T17:32:39.956+0900][5.022s][info][gc,phases,start] GC(220) Post Compact
[2026-03-22T17:32:39.958+0900][5.023s][info][gc,phases      ] GC(220) Post Compact 1.662ms
[2026-03-22T17:32:39.958+0900][5.023s][info][gc,heap        ] GC(220) PSYoungGen: 163025K(163840K)->0K(163840K) Eden: 152561K(153088K)->0K(153088K) From: 10464K(10752K)->0K(10752K)
[2026-03-22T17:32:39.958+0900][5.023s][info][gc,heap        ] GC(220) ParOldGen: 291999K(349696K)->103430K(349696K)
[2026-03-22T17:32:39.958+0900][5.023s][info][gc,metaspace   ] GC(220) Metaspace: 338K(512K)->338K(512K) NonClass: 320K(384K)->320K(384K) Class: 17K(128K)->17K(128K)
[2026-03-22T17:32:39.958+0900][5.023s][info][gc             ] GC(220) Pause Full (Ergonomics) 444M->101M(501M) 9.315ms
[2026-03-22T17:32:39.958+0900][5.023s][info][gc,cpu         ] GC(220) User=0.00s Sys=0.00s Real=0.01s
[2026-03-22T17:32:39.973+0900][5.039s][info][gc,start       ] GC(221) Pause Young (Allocation Failure)
[2026-03-22T17:32:39.978+0900][5.044s][info][gc,heap        ] GC(221) PSYoungGen: 152561K(163840K)->10496K(163840K) Eden: 152561K(153088K)->0K(153088K) From: 0K(10752K)->10496K(10752K)
[2026-03-22T17:32:39.978+0900][5.044s][info][gc,heap        ] GC(221) ParOldGen: 103430K(349696K)->197639K(349696K)
[2026-03-22T17:32:39.978+0900][5.044s][info][gc,metaspace   ] GC(221) Metaspace: 338K(512K)->338K(512K) NonClass: 320K(384K)->320K(384K) Class: 17K(128K)->17K(128K)
[2026-03-22T17:32:39.978+0900][5.044s][info][gc             ] GC(221) Pause Young (Allocation Failure) 249M->203M(501M) 5.210ms
[2026-03-22T17:32:39.978+0900][5.044s][info][gc,cpu         ] GC(221) User=0.02s Sys=0.00s Real=0.00s
[2026-03-22T17:32:39.995+0900][5.061s][info][gc,start       ] GC(222) Pause Young (Allocation Failure)
[2026-03-22T17:32:39.999+0900][5.065s][info][gc,heap        ] GC(222) PSYoungGen: 163057K(163840K)->10496K(163840K) Eden: 152561K(153088K)->0K(153088K) From: 10496K(10752K)->10496K(10752K)
[2026-03-22T17:32:39.999+0900][5.065s][info][gc,heap        ] GC(222) ParOldGen: 197639K(349696K)->291999K(349696K)
[2026-03-22T17:32:39.999+0900][5.065s][info][gc,metaspace   ] GC(222) Metaspace: 338K(512K)->338K(512K) NonClass: 320K(384K)->320K(384K) Class: 17K(128K)->17K(128K)
[2026-03-22T17:32:39.999+0900][5.065s][info][gc             ] GC(222) Pause Young (Allocation Failure) 352M->295M(501M) 4.572ms
[2026-03-22T17:32:39.999+0900][5.065s][info][gc,cpu         ] GC(222) User=0.00s Sys=0.00s Real=0.00s
[2026-03-22T17:32:40.015+0900][5.080s][info][gc,start       ] GC(223) Pause Full (Ergonomics)
[2026-03-22T17:32:40.015+0900][5.080s][info][gc,phases,start] GC(223) Marking Phase
[2026-03-22T17:32:40.016+0900][5.082s][info][gc,phases      ] GC(223) Marking Phase 1.231ms
[2026-03-22T17:32:40.016+0900][5.082s][info][gc,phases,start] GC(223) Summary Phase
[2026-03-22T17:32:40.016+0900][5.082s][info][gc,phases      ] GC(223) Summary Phase 0.015ms
[2026-03-22T17:32:40.016+0900][5.082s][info][gc,phases,start] GC(223) Adjust Roots
[2026-03-22T17:32:40.016+0900][5.082s][info][gc,phases      ] GC(223) Adjust Roots 0.173ms
[2026-03-22T17:32:40.016+0900][5.082s][info][gc,phases,start] GC(223) Compaction Phase
[2026-03-22T17:32:40.022+0900][5.088s][info][gc,phases      ] GC(223) Compaction Phase 5.919ms
[2026-03-22T17:32:40.022+0900][5.088s][info][gc,phases,start] GC(223) Post Compact
[2026-03-22T17:32:40.024+0900][5.090s][info][gc,phases      ] GC(223) Post Compact 1.797ms
[2026-03-22T17:32:40.024+0900][5.090s][info][gc,heap        ] GC(223) PSYoungGen: 163057K(163840K)->0K(163840K) Eden: 152561K(153088K)->0K(153088K) From: 10496K(10752K)->0K(10752K)
[2026-03-22T17:32:40.024+0900][5.090s][info][gc,heap        ] GC(223) ParOldGen: 291999K(349696K)->103430K(349696K)
[2026-03-22T17:32:40.024+0900][5.090s][info][gc,metaspace   ] GC(223) Metaspace: 338K(512K)->338K(512K) NonClass: 320K(384K)->320K(384K) Class: 17K(128K)->17K(128K)
[2026-03-22T17:32:40.024+0900][5.090s][info][gc             ] GC(223) Pause Full (Ergonomics) 444M->101M(501M) 9.491ms
[2026-03-22T17:32:40.024+0900][5.090s][info][gc,cpu         ] GC(223) User=0.00s Sys=0.00s Real=0.01s
[2026-03-22T17:32:40.038+0900][5.104s][info][gc,start       ] GC(224) Pause Young (Allocation Failure)
[2026-03-22T17:32:40.044+0900][5.110s][info][gc,heap        ] GC(224) PSYoungGen: 152561K(163840K)->10496K(163840K) Eden: 152561K(153088K)->0K(153088K) From: 0K(10752K)->10496K(10752K)
[2026-03-22T17:32:40.044+0900][5.110s][info][gc,heap        ] GC(224) ParOldGen: 103430K(349696K)->197639K(349696K)
[2026-03-22T17:32:40.044+0900][5.110s][info][gc,metaspace   ] GC(224) Metaspace: 338K(512K)->338K(512K) NonClass: 320K(384K)->320K(384K) Class: 17K(128K)->17K(128K)
[2026-03-22T17:32:40.044+0900][5.110s][info][gc             ] GC(224) Pause Young (Allocation Failure) 249M->203M(501M) 5.278ms
[2026-03-22T17:32:40.044+0900][5.110s][info][gc,cpu         ] GC(224) User=0.06s Sys=0.00s Real=0.01s
[2026-03-22T17:32:40.058+0900][5.125s][info][gc,start       ] GC(225) Pause Young (Allocation Failure)
[2026-03-22T17:32:40.063+0900][5.129s][info][gc,heap        ] GC(225) PSYoungGen: 163057K(163840K)->10496K(163840K) Eden: 152561K(153088K)->0K(153088K) From: 10496K(10752K)->10496K(10752K)
[2026-03-22T17:32:40.063+0900][5.129s][info][gc,heap        ] GC(225) ParOldGen: 197639K(349696K)->291999K(349696K)
[2026-03-22T17:32:40.063+0900][5.129s][info][gc,metaspace   ] GC(225) Metaspace: 338K(512K)->338K(512K) NonClass: 320K(384K)->320K(384K) Class: 17K(128K)->17K(128K)
[2026-03-22T17:32:40.063+0900][5.130s][info][gc             ] GC(225) Pause Young (Allocation Failure) 352M->295M(501M) 4.787ms
[2026-03-22T17:32:40.063+0900][5.130s][info][gc,cpu         ] GC(225) User=0.00s Sys=0.00s Real=0.00s
[2026-03-22T17:32:40.080+0900][5.146s][info][gc,start       ] GC(226) Pause Full (Ergonomics)
[2026-03-22T17:32:40.080+0900][5.146s][info][gc,phases,start] GC(226) Marking Phase
[2026-03-22T17:32:40.081+0900][5.147s][info][gc,phases      ] GC(226) Marking Phase 1.214ms
[2026-03-22T17:32:40.081+0900][5.147s][info][gc,phases,start] GC(226) Summary Phase
[2026-03-22T17:32:40.081+0900][5.147s][info][gc,phases      ] GC(226) Summary Phase 0.014ms
[2026-03-22T17:32:40.081+0900][5.147s][info][gc,phases,start] GC(226) Adjust Roots
[2026-03-22T17:32:40.081+0900][5.147s][info][gc,phases      ] GC(226) Adjust Roots 0.185ms
[2026-03-22T17:32:40.081+0900][5.147s][info][gc,phases,start] GC(226) Compaction Phase
[2026-03-22T17:32:40.087+0900][5.153s][info][gc,phases      ] GC(226) Compaction Phase 5.641ms
[2026-03-22T17:32:40.087+0900][5.153s][info][gc,phases,start] GC(226) Post Compact
[2026-03-22T17:32:40.088+0900][5.154s][info][gc,phases      ] GC(226) Post Compact 1.390ms
[2026-03-22T17:32:40.088+0900][5.154s][info][gc,heap        ] GC(226) PSYoungGen: 163057K(163840K)->0K(163840K) Eden: 152561K(153088K)->0K(153088K) From: 10496K(10752K)->0K(10752K)
[2026-03-22T17:32:40.088+0900][5.154s][info][gc,heap        ] GC(226) ParOldGen: 291999K(349696K)->103430K(349696K)
[2026-03-22T17:32:40.088+0900][5.154s][info][gc,metaspace   ] GC(226) Metaspace: 338K(512K)->338K(512K) NonClass: 320K(384K)->320K(384K) Class: 17K(128K)->17K(128K)
[2026-03-22T17:32:40.088+0900][5.154s][info][gc             ] GC(226) Pause Full (Ergonomics) 444M->101M(501M) 8.731ms
[2026-03-22T17:32:40.088+0900][5.154s][info][gc,cpu         ] GC(226) User=0.02s Sys=0.00s Real=0.01s
[2026-03-22T17:32:40.106+0900][5.171s][info][gc,start       ] GC(227) Pause Young (Allocation Failure)
[2026-03-22T17:32:40.110+0900][5.176s][info][gc,heap        ] GC(227) PSYoungGen: 152561K(163840K)->10496K(163840K) Eden: 152561K(153088K)->0K(153088K) From: 0K(10752K)->10496K(10752K)
[2026-03-22T17:32:40.110+0900][5.176s][info][gc,heap        ] GC(227) ParOldGen: 103430K(349696K)->197639K(349696K)
[2026-03-22T17:32:40.110+0900][5.176s][info][gc,metaspace   ] GC(227) Metaspace: 338K(512K)->338K(512K) NonClass: 320K(384K)->320K(384K) Class: 17K(128K)->17K(128K)
[2026-03-22T17:32:40.110+0900][5.176s][info][gc             ] GC(227) Pause Young (Allocation Failure) 249M->203M(501M) 4.809ms
[2026-03-22T17:32:40.110+0900][5.176s][info][gc,cpu         ] GC(227) User=0.00s Sys=0.00s Real=0.00s
[2026-03-22T17:32:40.125+0900][5.192s][info][gc,start       ] GC(228) Pause Young (Allocation Failure)
[2026-03-22T17:32:40.130+0900][5.196s][info][gc,heap        ] GC(228) PSYoungGen: 163057K(163840K)->10496K(163840K) Eden: 152561K(153088K)->0K(153088K) From: 10496K(10752K)->10496K(10752K)
[2026-03-22T17:32:40.130+0900][5.196s][info][gc,heap        ] GC(228) ParOldGen: 197639K(349696K)->291999K(349696K)
[2026-03-22T17:32:40.130+0900][5.196s][info][gc,metaspace   ] GC(228) Metaspace: 338K(512K)->338K(512K) NonClass: 320K(384K)->320K(384K) Class: 17K(128K)->17K(128K)
[2026-03-22T17:32:40.130+0900][5.196s][info][gc             ] GC(228) Pause Young (Allocation Failure) 352M->295M(501M) 4.910ms
[2026-03-22T17:32:40.130+0900][5.196s][info][gc,cpu         ] GC(228) User=0.00s Sys=0.00s Real=0.01s
[2026-03-22T17:32:40.145+0900][5.211s][info][gc,start       ] GC(229) Pause Full (Ergonomics)
[2026-03-22T17:32:40.145+0900][5.211s][info][gc,phases,start] GC(229) Marking Phase
[2026-03-22T17:32:40.146+0900][5.212s][info][gc,phases      ] GC(229) Marking Phase 1.205ms
[2026-03-22T17:32:40.146+0900][5.212s][info][gc,phases,start] GC(229) Summary Phase
[2026-03-22T17:32:40.146+0900][5.212s][info][gc,phases      ] GC(229) Summary Phase 0.016ms
[2026-03-22T17:32:40.146+0900][5.212s][info][gc,phases,start] GC(229) Adjust Roots
[2026-03-22T17:32:40.146+0900][5.213s][info][gc,phases      ] GC(229) Adjust Roots 0.194ms
[2026-03-22T17:32:40.146+0900][5.213s][info][gc,phases,start] GC(229) Compaction Phase
[2026-03-22T17:32:40.152+0900][5.218s][info][gc,phases      ] GC(229) Compaction Phase 5.663ms
[2026-03-22T17:32:40.152+0900][5.218s][info][gc,phases,start] GC(229) Post Compact
[2026-03-22T17:32:40.154+0900][5.220s][info][gc,phases      ] GC(229) Post Compact 1.365ms
[2026-03-22T17:32:40.154+0900][5.220s][info][gc,heap        ] GC(229) PSYoungGen: 163057K(163840K)->0K(163840K) Eden: 152561K(153088K)->0K(153088K) From: 10496K(10752K)->0K(10752K)
[2026-03-22T17:32:40.154+0900][5.220s][info][gc,heap        ] GC(229) ParOldGen: 291999K(349696K)->103430K(349696K)
[2026-03-22T17:32:40.154+0900][5.220s][info][gc,metaspace   ] GC(229) Metaspace: 338K(512K)->338K(512K) NonClass: 320K(384K)->320K(384K) Class: 17K(128K)->17K(128K)
[2026-03-22T17:32:40.154+0900][5.220s][info][gc             ] GC(229) Pause Full (Ergonomics) 444M->101M(501M) 8.712ms
[2026-03-22T17:32:40.154+0900][5.220s][info][gc,cpu         ] GC(229) User=0.06s Sys=0.00s Real=0.01s
[2026-03-22T17:32:40.171+0900][5.237s][info][gc,start       ] GC(230) Pause Young (Allocation Failure)
[2026-03-22T17:32:40.176+0900][5.242s][info][gc,heap        ] GC(230) PSYoungGen: 152561K(163840K)->10496K(163840K) Eden: 152561K(153088K)->0K(153088K) From: 0K(10752K)->10496K(10752K)
[2026-03-22T17:32:40.176+0900][5.242s][info][gc,heap        ] GC(230) ParOldGen: 103430K(349696K)->197639K(349696K)
[2026-03-22T17:32:40.176+0900][5.242s][info][gc,metaspace   ] GC(230) Metaspace: 338K(512K)->338K(512K) NonClass: 320K(384K)->320K(384K) Class: 17K(128K)->17K(128K)
[2026-03-22T17:32:40.176+0900][5.242s][info][gc             ] GC(230) Pause Young (Allocation Failure) 249M->203M(501M) 4.996ms
[2026-03-22T17:32:40.176+0900][5.242s][info][gc,cpu         ] GC(230) User=0.00s Sys=0.00s Real=0.01s
[2026-03-22T17:32:40.193+0900][5.258s][info][gc,start       ] GC(231) Pause Young (Allocation Failure)
[2026-03-22T17:32:40.198+0900][5.263s][info][gc,heap        ] GC(231) PSYoungGen: 163057K(163840K)->10496K(163840K) Eden: 152561K(153088K)->0K(153088K) From: 10496K(10752K)->10496K(10752K)
[2026-03-22T17:32:40.198+0900][5.263s][info][gc,heap        ] GC(231) ParOldGen: 197639K(349696K)->291999K(349696K)
[2026-03-22T17:32:40.198+0900][5.263s][info][gc,metaspace   ] GC(231) Metaspace: 338K(512K)->338K(512K) NonClass: 320K(384K)->320K(384K) Class: 17K(128K)->17K(128K)
[2026-03-22T17:32:40.198+0900][5.263s][info][gc             ] GC(231) Pause Young (Allocation Failure) 352M->295M(501M) 5.188ms
[2026-03-22T17:32:40.198+0900][5.263s][info][gc,cpu         ] GC(231) User=0.06s Sys=0.00s Real=0.00s
[2026-03-22T17:32:40.214+0900][5.280s][info][gc,start       ] GC(232) Pause Full (Ergonomics)
[2026-03-22T17:32:40.214+0900][5.280s][info][gc,phases,start] GC(232) Marking Phase
[2026-03-22T17:32:40.216+0900][5.281s][info][gc,phases      ] GC(232) Marking Phase 1.395ms
[2026-03-22T17:32:40.216+0900][5.281s][info][gc,phases,start] GC(232) Summary Phase
[2026-03-22T17:32:40.216+0900][5.281s][info][gc,phases      ] GC(232) Summary Phase 0.018ms
[2026-03-22T17:32:40.216+0900][5.281s][info][gc,phases,start] GC(232) Adjust Roots
[2026-03-22T17:32:40.216+0900][5.281s][info][gc,phases      ] GC(232) Adjust Roots 0.191ms
[2026-03-22T17:32:40.216+0900][5.281s][info][gc,phases,start] GC(232) Compaction Phase
[2026-03-22T17:32:40.222+0900][5.287s][info][gc,phases      ] GC(232) Compaction Phase 5.927ms
[2026-03-22T17:32:40.222+0900][5.287s][info][gc,phases,start] GC(232) Post Compact
[2026-03-22T17:32:40.224+0900][5.289s][info][gc,phases      ] GC(232) Post Compact 1.729ms
[2026-03-22T17:32:40.224+0900][5.289s][info][gc,heap        ] GC(232) PSYoungGen: 163057K(163840K)->0K(163840K) Eden: 152561K(153088K)->0K(153088K) From: 10496K(10752K)->0K(10752K)
[2026-03-22T17:32:40.224+0900][5.289s][info][gc,heap        ] GC(232) ParOldGen: 291999K(349696K)->103430K(349696K)
[2026-03-22T17:32:40.224+0900][5.289s][info][gc,metaspace   ] GC(232) Metaspace: 338K(512K)->338K(512K) NonClass: 320K(384K)->320K(384K) Class: 17K(128K)->17K(128K)
[2026-03-22T17:32:40.224+0900][5.289s][info][gc             ] GC(232) Pause Full (Ergonomics) 444M->101M(501M) 9.686ms
[2026-03-22T17:32:40.224+0900][5.289s][info][gc,cpu         ] GC(232) User=0.00s Sys=0.00s Real=0.01s
[2026-03-22T17:32:40.240+0900][5.306s][info][gc,start       ] GC(233) Pause Young (Allocation Failure)
[2026-03-22T17:32:40.245+0900][5.311s][info][gc,heap        ] GC(233) PSYoungGen: 152561K(163840K)->10496K(163840K) Eden: 152561K(153088K)->0K(153088K) From: 0K(10752K)->10496K(10752K)
[2026-03-22T17:32:40.245+0900][5.311s][info][gc,heap        ] GC(233) ParOldGen: 103430K(349696K)->197639K(349696K)
[2026-03-22T17:32:40.245+0900][5.311s][info][gc,metaspace   ] GC(233) Metaspace: 338K(512K)->338K(512K) NonClass: 320K(384K)->320K(384K) Class: 17K(128K)->17K(128K)
[2026-03-22T17:32:40.245+0900][5.311s][info][gc             ] GC(233) Pause Young (Allocation Failure) 249M->203M(501M) 5.125ms
[2026-03-22T17:32:40.245+0900][5.311s][info][gc,cpu         ] GC(233) User=0.06s Sys=0.00s Real=0.00s
[2026-03-22T17:32:40.259+0900][5.325s][info][gc,start       ] GC(234) Pause Young (Allocation Failure)
[2026-03-22T17:32:40.265+0900][5.331s][info][gc,heap        ] GC(234) PSYoungGen: 163057K(163840K)->10496K(163840K) Eden: 152561K(153088K)->0K(153088K) From: 10496K(10752K)->10496K(10752K)
[2026-03-22T17:32:40.265+0900][5.331s][info][gc,heap        ] GC(234) ParOldGen: 197639K(349696K)->291999K(349696K)
[2026-03-22T17:32:40.265+0900][5.331s][info][gc,metaspace   ] GC(234) Metaspace: 338K(512K)->338K(512K) NonClass: 320K(384K)->320K(384K) Class: 17K(128K)->17K(128K)
[2026-03-22T17:32:40.265+0900][5.331s][info][gc             ] GC(234) Pause Young (Allocation Failure) 352M->295M(501M) 5.378ms
[2026-03-22T17:32:40.265+0900][5.331s][info][gc,cpu         ] GC(234) User=0.00s Sys=0.00s Real=0.01s
[2026-03-22T17:32:40.281+0900][5.347s][info][gc,start       ] GC(235) Pause Full (Ergonomics)
[2026-03-22T17:32:40.281+0900][5.347s][info][gc,phases,start] GC(235) Marking Phase
[2026-03-22T17:32:40.283+0900][5.349s][info][gc,phases      ] GC(235) Marking Phase 1.533ms
[2026-03-22T17:32:40.283+0900][5.349s][info][gc,phases,start] GC(235) Summary Phase
[2026-03-22T17:32:40.283+0900][5.349s][info][gc,phases      ] GC(235) Summary Phase 0.015ms
[2026-03-22T17:32:40.283+0900][5.349s][info][gc,phases,start] GC(235) Adjust Roots
[2026-03-22T17:32:40.283+0900][5.349s][info][gc,phases      ] GC(235) Adjust Roots 0.211ms
[2026-03-22T17:32:40.283+0900][5.349s][info][gc,phases,start] GC(235) Compaction Phase
[2026-03-22T17:32:40.289+0900][5.355s][info][gc,phases      ] GC(235) Compaction Phase 5.945ms
[2026-03-22T17:32:40.289+0900][5.355s][info][gc,phases,start] GC(235) Post Compact
[2026-03-22T17:32:40.291+0900][5.357s][info][gc,phases      ] GC(235) Post Compact 1.635ms
[2026-03-22T17:32:40.291+0900][5.357s][info][gc,heap        ] GC(235) PSYoungGen: 163057K(163840K)->0K(163840K) Eden: 152561K(153088K)->0K(153088K) From: 10496K(10752K)->0K(10752K)
[2026-03-22T17:32:40.291+0900][5.357s][info][gc,heap        ] GC(235) ParOldGen: 291999K(349696K)->103430K(349696K)
[2026-03-22T17:32:40.291+0900][5.357s][info][gc,metaspace   ] GC(235) Metaspace: 338K(512K)->338K(512K) NonClass: 320K(384K)->320K(384K) Class: 17K(128K)->17K(128K)
[2026-03-22T17:32:40.291+0900][5.357s][info][gc             ] GC(235) Pause Full (Ergonomics) 444M->101M(501M) 9.859ms
[2026-03-22T17:32:40.291+0900][5.357s][info][gc,cpu         ] GC(235) User=0.02s Sys=0.00s Real=0.01s
[2026-03-22T17:32:40.305+0900][5.372s][info][gc,start       ] GC(236) Pause Young (Allocation Failure)
[2026-03-22T17:32:40.310+0900][5.376s][info][gc,heap        ] GC(236) PSYoungGen: 152561K(163840K)->10496K(163840K) Eden: 152561K(153088K)->0K(153088K) From: 0K(10752K)->10496K(10752K)
[2026-03-22T17:32:40.310+0900][5.376s][info][gc,heap        ] GC(236) ParOldGen: 103430K(349696K)->197639K(349696K)
[2026-03-22T17:32:40.310+0900][5.376s][info][gc,metaspace   ] GC(236) Metaspace: 338K(512K)->338K(512K) NonClass: 320K(384K)->320K(384K) Class: 17K(128K)->17K(128K)
[2026-03-22T17:32:40.310+0900][5.377s][info][gc             ] GC(236) Pause Young (Allocation Failure) 249M->203M(501M) 4.919ms
[2026-03-22T17:32:40.310+0900][5.377s][info][gc,cpu         ] GC(236) User=0.06s Sys=0.00s Real=0.00s
[2026-03-22T17:32:40.326+0900][5.392s][info][gc,start       ] GC(237) Pause Young (Allocation Failure)
[2026-03-22T17:32:40.330+0900][5.397s][info][gc,heap        ] GC(237) PSYoungGen: 163057K(163840K)->10496K(163840K) Eden: 152561K(153088K)->0K(153088K) From: 10496K(10752K)->10496K(10752K)
[2026-03-22T17:32:40.330+0900][5.397s][info][gc,heap        ] GC(237) ParOldGen: 197639K(349696K)->291999K(349696K)
[2026-03-22T17:32:40.330+0900][5.397s][info][gc,metaspace   ] GC(237) Metaspace: 338K(512K)->338K(512K) NonClass: 320K(384K)->320K(384K) Class: 17K(128K)->17K(128K)
[2026-03-22T17:32:40.330+0900][5.397s][info][gc             ] GC(237) Pause Young (Allocation Failure) 352M->295M(501M) 4.977ms
[2026-03-22T17:32:40.331+0900][5.397s][info][gc,cpu         ] GC(237) User=0.00s Sys=0.00s Real=0.01s
[2026-03-22T17:32:40.348+0900][5.414s][info][gc,start       ] GC(238) Pause Full (Ergonomics)
[2026-03-22T17:32:40.348+0900][5.414s][info][gc,phases,start] GC(238) Marking Phase
[2026-03-22T17:32:40.348+0900][5.415s][info][gc,phases      ] GC(238) Marking Phase 1.242ms
[2026-03-22T17:32:40.348+0900][5.415s][info][gc,phases,start] GC(238) Summary Phase
[2026-03-22T17:32:40.348+0900][5.415s][info][gc,phases      ] GC(238) Summary Phase 0.016ms
[2026-03-22T17:32:40.348+0900][5.415s][info][gc,phases,start] GC(238) Adjust Roots
[2026-03-22T17:32:40.350+0900][5.415s][info][gc,phases      ] GC(238) Adjust Roots 0.197ms
[2026-03-22T17:32:40.350+0900][5.415s][info][gc,phases,start] GC(238) Compaction Phase
[2026-03-22T17:32:40.355+0900][5.421s][info][gc,phases      ] GC(238) Compaction Phase 5.974ms
[2026-03-22T17:32:40.365+0900][5.430s][info][gc,phases,start] GC(238) Post Compact
[2026-03-22T17:32:40.367+0900][5.432s][info][gc,phases      ] GC(238) Post Compact 2.178ms
[2026-03-22T17:32:40.367+0900][5.433s][info][gc,heap        ] GC(238) PSYoungGen: 163057K(163840K)->0K(163840K) Eden: 152561K(153088K)->0K(153088K) From: 10496K(10752K)->0K(10752K)
[2026-03-22T17:32:40.367+0900][5.433s][info][gc,heap        ] GC(238) ParOldGen: 291999K(349696K)->103430K(349696K)
[2026-03-22T17:32:40.367+0900][5.433s][info][gc,metaspace   ] GC(238) Metaspace: 338K(512K)->338K(512K) NonClass: 320K(384K)->320K(384K) Class: 17K(128K)->17K(128K)
[2026-03-22T17:32:40.367+0900][5.433s][info][gc             ] GC(238) Pause Full (Ergonomics) 444M->101M(501M) 18.956ms
[2026-03-22T17:32:40.367+0900][5.433s][info][gc,cpu         ] GC(238) User=0.06s Sys=0.00s Real=0.02s
[2026-03-22T17:32:40.384+0900][5.450s][info][gc,start       ] GC(239) Pause Young (Allocation Failure)
[2026-03-22T17:32:40.389+0900][5.455s][info][gc,heap        ] GC(239) PSYoungGen: 152561K(163840K)->10496K(163840K) Eden: 152561K(153088K)->0K(153088K) From: 0K(10752K)->10496K(10752K)
[2026-03-22T17:32:40.389+0900][5.455s][info][gc,heap        ] GC(239) ParOldGen: 103430K(349696K)->197639K(349696K)
[2026-03-22T17:32:40.389+0900][5.455s][info][gc,metaspace   ] GC(239) Metaspace: 338K(512K)->338K(512K) NonClass: 320K(384K)->320K(384K) Class: 17K(128K)->17K(128K)
[2026-03-22T17:32:40.389+0900][5.455s][info][gc             ] GC(239) Pause Young (Allocation Failure) 249M->203M(501M) 5.396ms
[2026-03-22T17:32:40.389+0900][5.455s][info][gc,cpu         ] GC(239) User=0.05s Sys=0.00s Real=0.00s
[2026-03-22T17:32:40.406+0900][5.472s][info][gc,start       ] GC(240) Pause Young (Allocation Failure)
[2026-03-22T17:32:40.411+0900][5.477s][info][gc,heap        ] GC(240) PSYoungGen: 163057K(163840K)->10496K(163840K) Eden: 152561K(153088K)->0K(153088K) From: 10496K(10752K)->10496K(10752K)
[2026-03-22T17:32:40.411+0900][5.477s][info][gc,heap        ] GC(240) ParOldGen: 197639K(349696K)->291999K(349696K)
[2026-03-22T17:32:40.411+0900][5.477s][info][gc,metaspace   ] GC(240) Metaspace: 338K(512K)->338K(512K) NonClass: 320K(384K)->320K(384K) Class: 17K(128K)->17K(128K)
[2026-03-22T17:32:40.411+0900][5.477s][info][gc             ] GC(240) Pause Young (Allocation Failure) 352M->295M(501M) 5.041ms
[2026-03-22T17:32:40.411+0900][5.477s][info][gc,cpu         ] GC(240) User=0.00s Sys=0.00s Real=0.01s
[2026-03-22T17:32:40.427+0900][5.493s][info][gc,start       ] GC(241) Pause Full (Ergonomics)
[2026-03-22T17:32:40.427+0900][5.493s][info][gc,phases,start] GC(241) Marking Phase
[2026-03-22T17:32:40.429+0900][5.495s][info][gc,phases      ] GC(241) Marking Phase 1.492ms
[2026-03-22T17:32:40.429+0900][5.495s][info][gc,phases,start] GC(241) Summary Phase
[2026-03-22T17:32:40.429+0900][5.495s][info][gc,phases      ] GC(241) Summary Phase 0.020ms
[2026-03-22T17:32:40.429+0900][5.495s][info][gc,phases,start] GC(241) Adjust Roots
[2026-03-22T17:32:40.429+0900][5.495s][info][gc,phases      ] GC(241) Adjust Roots 0.247ms
[2026-03-22T17:32:40.429+0900][5.495s][info][gc,phases,start] GC(241) Compaction Phase
[2026-03-22T17:32:40.435+0900][5.501s][info][gc,phases      ] GC(241) Compaction Phase 6.132ms
[2026-03-22T17:32:40.436+0900][5.501s][info][gc,phases,start] GC(241) Post Compact
[2026-03-22T17:32:40.437+0900][5.503s][info][gc,phases      ] GC(241) Post Compact 1.696ms
[2026-03-22T17:32:40.437+0900][5.503s][info][gc,heap        ] GC(241) PSYoungGen: 163057K(163840K)->0K(163840K) Eden: 152561K(153088K)->0K(153088K) From: 10496K(10752K)->0K(10752K)
[2026-03-22T17:32:40.437+0900][5.503s][info][gc,heap        ] GC(241) ParOldGen: 291999K(349696K)->103430K(349696K)
[2026-03-22T17:32:40.437+0900][5.503s][info][gc,metaspace   ] GC(241) Metaspace: 338K(512K)->338K(512K) NonClass: 320K(384K)->320K(384K) Class: 17K(128K)->17K(128K)
[2026-03-22T17:32:40.437+0900][5.503s][info][gc             ] GC(241) Pause Full (Ergonomics) 444M->101M(501M) 9.927ms
[2026-03-22T17:32:40.437+0900][5.503s][info][gc,cpu         ] GC(241) User=0.06s Sys=0.00s Real=0.01s
[2026-03-22T17:32:40.454+0900][5.519s][info][gc,start       ] GC(242) Pause Young (Allocation Failure)
[2026-03-22T17:32:40.460+0900][5.525s][info][gc,heap        ] GC(242) PSYoungGen: 152561K(163840K)->10496K(163840K) Eden: 152561K(153088K)->0K(153088K) From: 0K(10752K)->10496K(10752K)
[2026-03-22T17:32:40.460+0900][5.525s][info][gc,heap        ] GC(242) ParOldGen: 103430K(349696K)->197639K(349696K)
[2026-03-22T17:32:40.460+0900][5.525s][info][gc,metaspace   ] GC(242) Metaspace: 338K(512K)->338K(512K) NonClass: 320K(384K)->320K(384K) Class: 17K(128K)->17K(128K)
[2026-03-22T17:32:40.460+0900][5.525s][info][gc             ] GC(242) Pause Young (Allocation Failure) 249M->203M(501M) 5.652ms
[2026-03-22T17:32:40.460+0900][5.525s][info][gc,cpu         ] GC(242) User=0.00s Sys=0.00s Real=0.01s
[2026-03-22T17:32:40.475+0900][5.540s][info][gc,start       ] GC(243) Pause Young (Allocation Failure)
[2026-03-22T17:32:40.480+0900][5.545s][info][gc,heap        ] GC(243) PSYoungGen: 163057K(163840K)->10496K(163840K) Eden: 152561K(153088K)->0K(153088K) From: 10496K(10752K)->10496K(10752K)
[2026-03-22T17:32:40.480+0900][5.545s][info][gc,heap        ] GC(243) ParOldGen: 197639K(349696K)->291999K(349696K)
[2026-03-22T17:32:40.480+0900][5.545s][info][gc,metaspace   ] GC(243) Metaspace: 338K(512K)->338K(512K) NonClass: 320K(384K)->320K(384K) Class: 17K(128K)->17K(128K)
[2026-03-22T17:32:40.480+0900][5.545s][info][gc             ] GC(243) Pause Young (Allocation Failure) 352M->295M(501M) 5.382ms
[2026-03-22T17:32:40.480+0900][5.545s][info][gc,cpu         ] GC(243) User=0.06s Sys=0.00s Real=0.01s
[2026-03-22T17:32:40.496+0900][5.562s][info][gc,start       ] GC(244) Pause Full (Ergonomics)
[2026-03-22T17:32:40.496+0900][5.562s][info][gc,phases,start] GC(244) Marking Phase
[2026-03-22T17:32:40.498+0900][5.564s][info][gc,phases      ] GC(244) Marking Phase 1.506ms
[2026-03-22T17:32:40.498+0900][5.564s][info][gc,phases,start] GC(244) Summary Phase
[2026-03-22T17:32:40.498+0900][5.564s][info][gc,phases      ] GC(244) Summary Phase 0.034ms
[2026-03-22T17:32:40.498+0900][5.564s][info][gc,phases,start] GC(244) Adjust Roots
[2026-03-22T17:32:40.498+0900][5.564s][info][gc,phases      ] GC(244) Adjust Roots 0.273ms
[2026-03-22T17:32:40.498+0900][5.564s][info][gc,phases,start] GC(244) Compaction Phase
[2026-03-22T17:32:40.504+0900][5.570s][info][gc,phases      ] GC(244) Compaction Phase 6.051ms
[2026-03-22T17:32:40.504+0900][5.570s][info][gc,phases,start] GC(244) Post Compact
[2026-03-22T17:32:40.506+0900][5.572s][info][gc,phases      ] GC(244) Post Compact 1.556ms
[2026-03-22T17:32:40.506+0900][5.572s][info][gc,heap        ] GC(244) PSYoungGen: 163057K(163840K)->0K(163840K) Eden: 152561K(153088K)->0K(153088K) From: 10496K(10752K)->0K(10752K)
[2026-03-22T17:32:40.506+0900][5.572s][info][gc,heap        ] GC(244) ParOldGen: 291999K(349696K)->103430K(349696K)
[2026-03-22T17:32:40.506+0900][5.572s][info][gc,metaspace   ] GC(244) Metaspace: 338K(512K)->338K(512K) NonClass: 320K(384K)->320K(384K) Class: 17K(128K)->17K(128K)
[2026-03-22T17:32:40.506+0900][5.572s][info][gc             ] GC(244) Pause Full (Ergonomics) 444M->101M(501M) 9.722ms
[2026-03-22T17:32:40.506+0900][5.572s][info][gc,cpu         ] GC(244) User=0.00s Sys=0.00s Real=0.01s
[2026-03-22T17:32:40.522+0900][5.588s][info][gc,start       ] GC(245) Pause Young (Allocation Failure)
[2026-03-22T17:32:40.527+0900][5.593s][info][gc,heap        ] GC(245) PSYoungGen: 152561K(163840K)->10496K(163840K) Eden: 152561K(153088K)->0K(153088K) From: 0K(10752K)->10496K(10752K)
[2026-03-22T17:32:40.527+0900][5.593s][info][gc,heap        ] GC(245) ParOldGen: 103430K(349696K)->197639K(349696K)
[2026-03-22T17:32:40.527+0900][5.593s][info][gc,metaspace   ] GC(245) Metaspace: 338K(512K)->338K(512K) NonClass: 320K(384K)->320K(384K) Class: 17K(128K)->17K(128K)
[2026-03-22T17:32:40.527+0900][5.593s][info][gc             ] GC(245) Pause Young (Allocation Failure) 249M->203M(501M) 5.084ms
[2026-03-22T17:32:40.527+0900][5.593s][info][gc,cpu         ] GC(245) User=0.06s Sys=0.00s Real=0.00s
[2026-03-22T17:32:40.544+0900][5.610s][info][gc,start       ] GC(246) Pause Young (Allocation Failure)
[2026-03-22T17:32:40.549+0900][5.615s][info][gc,heap        ] GC(246) PSYoungGen: 163057K(163840K)->10496K(163840K) Eden: 152561K(153088K)->0K(153088K) From: 10496K(10752K)->10496K(10752K)
[2026-03-22T17:32:40.549+0900][5.615s][info][gc,heap        ] GC(246) ParOldGen: 197639K(349696K)->291999K(349696K)
[2026-03-22T17:32:40.549+0900][5.615s][info][gc,metaspace   ] GC(246) Metaspace: 338K(512K)->338K(512K) NonClass: 320K(384K)->320K(384K) Class: 17K(128K)->17K(128K)
[2026-03-22T17:32:40.549+0900][5.615s][info][gc             ] GC(246) Pause Young (Allocation Failure) 352M->295M(501M) 5.205ms
[2026-03-22T17:32:40.549+0900][5.615s][info][gc,cpu         ] GC(246) User=0.00s Sys=0.00s Real=0.01s
[2026-03-22T17:32:40.565+0900][5.631s][info][gc,start       ] GC(247) Pause Full (Ergonomics)
[2026-03-22T17:32:40.565+0900][5.631s][info][gc,phases,start] GC(247) Marking Phase
[2026-03-22T17:32:40.567+0900][5.632s][info][gc,phases      ] GC(247) Marking Phase 1.319ms
[2026-03-22T17:32:40.567+0900][5.632s][info][gc,phases,start] GC(247) Summary Phase
[2026-03-22T17:32:40.567+0900][5.632s][info][gc,phases      ] GC(247) Summary Phase 0.018ms
[2026-03-22T17:32:40.567+0900][5.632s][info][gc,phases,start] GC(247) Adjust Roots
[2026-03-22T17:32:40.567+0900][5.632s][info][gc,phases      ] GC(247) Adjust Roots 0.262ms
[2026-03-22T17:32:40.567+0900][5.632s][info][gc,phases,start] GC(247) Compaction Phase
[2026-03-22T17:32:40.573+0900][5.639s][info][gc,phases      ] GC(247) Compaction Phase 6.033ms
[2026-03-22T17:32:40.573+0900][5.639s][info][gc,phases,start] GC(247) Post Compact
[2026-03-22T17:32:40.574+0900][5.640s][info][gc,phases      ] GC(247) Post Compact 1.594ms
[2026-03-22T17:32:40.574+0900][5.640s][info][gc,heap        ] GC(247) PSYoungGen: 163057K(163840K)->0K(163840K) Eden: 152561K(153088K)->0K(153088K) From: 10496K(10752K)->0K(10752K)
[2026-03-22T17:32:40.574+0900][5.640s][info][gc,heap        ] GC(247) ParOldGen: 291999K(349696K)->103430K(349696K)
[2026-03-22T17:32:40.574+0900][5.640s][info][gc,metaspace   ] GC(247) Metaspace: 338K(512K)->338K(512K) NonClass: 320K(384K)->320K(384K) Class: 17K(128K)->17K(128K)
[2026-03-22T17:32:40.574+0900][5.640s][info][gc             ] GC(247) Pause Full (Ergonomics) 444M->101M(501M) 9.555ms
[2026-03-22T17:32:40.574+0900][5.640s][info][gc,cpu         ] GC(247) User=0.06s Sys=0.00s Real=0.01s
[2026-03-22T17:32:40.591+0900][5.657s][info][gc,start       ] GC(248) Pause Young (Allocation Failure)
[2026-03-22T17:32:40.596+0900][5.662s][info][gc,heap        ] GC(248) PSYoungGen: 152561K(163840K)->10496K(163840K) Eden: 152561K(153088K)->0K(153088K) From: 0K(10752K)->10496K(10752K)
[2026-03-22T17:32:40.596+0900][5.662s][info][gc,heap        ] GC(248) ParOldGen: 103430K(349696K)->197639K(349696K)
[2026-03-22T17:32:40.596+0900][5.662s][info][gc,metaspace   ] GC(248) Metaspace: 338K(512K)->338K(512K) NonClass: 320K(384K)->320K(384K) Class: 17K(128K)->17K(128K)
[2026-03-22T17:32:40.596+0900][5.662s][info][gc             ] GC(248) Pause Young (Allocation Failure) 249M->203M(501M) 4.932ms
[2026-03-22T17:32:40.596+0900][5.662s][info][gc,cpu         ] GC(248) User=0.00s Sys=0.00s Real=0.00s
[2026-03-22T17:32:40.612+0900][5.678s][info][gc,start       ] GC(249) Pause Young (Allocation Failure)
[2026-03-22T17:32:40.617+0900][5.683s][info][gc,heap        ] GC(249) PSYoungGen: 163057K(163840K)->10496K(163840K) Eden: 152561K(153088K)->0K(153088K) From: 10496K(10752K)->10496K(10752K)
[2026-03-22T17:32:40.617+0900][5.683s][info][gc,heap        ] GC(249) ParOldGen: 197639K(349696K)->291999K(349696K)
[2026-03-22T17:32:40.617+0900][5.683s][info][gc,metaspace   ] GC(249) Metaspace: 338K(512K)->338K(512K) NonClass: 320K(384K)->320K(384K) Class: 17K(128K)->17K(128K)
[2026-03-22T17:32:40.617+0900][5.683s][info][gc             ] GC(249) Pause Young (Allocation Failure) 352M->295M(501M) 5.038ms
[2026-03-22T17:32:40.617+0900][5.683s][info][gc,cpu         ] GC(249) User=0.00s Sys=0.00s Real=0.01s
[2026-03-22T17:32:40.635+0900][5.701s][info][gc,start       ] GC(250) Pause Full (Ergonomics)
[2026-03-22T17:32:40.635+0900][5.701s][info][gc,phases,start] GC(250) Marking Phase
[2026-03-22T17:32:40.636+0900][5.702s][info][gc,phases      ] GC(250) Marking Phase 1.484ms
[2026-03-22T17:32:40.636+0900][5.702s][info][gc,phases,start] GC(250) Summary Phase
[2026-03-22T17:32:40.636+0900][5.702s][info][gc,phases      ] GC(250) Summary Phase 0.052ms
[2026-03-22T17:32:40.636+0900][5.702s][info][gc,phases,start] GC(250) Adjust Roots
[2026-03-22T17:32:40.636+0900][5.702s][info][gc,phases      ] GC(250) Adjust Roots 0.249ms
[2026-03-22T17:32:40.636+0900][5.703s][info][gc,phases,start] GC(250) Compaction Phase
[2026-03-22T17:32:40.642+0900][5.709s][info][gc,phases      ] GC(250) Compaction Phase 6.055ms
[2026-03-22T17:32:40.642+0900][5.709s][info][gc,phases,start] GC(250) Post Compact
[2026-03-22T17:32:40.643+0900][5.710s][info][gc,phases      ] GC(250) Post Compact 1.518ms
[2026-03-22T17:32:40.643+0900][5.710s][info][gc,heap        ] GC(250) PSYoungGen: 163057K(163840K)->0K(163840K) Eden: 152561K(153088K)->0K(153088K) From: 10496K(10752K)->0K(10752K)
[2026-03-22T17:32:40.643+0900][5.710s][info][gc,heap        ] GC(250) ParOldGen: 291999K(349696K)->103430K(349696K)
[2026-03-22T17:32:40.643+0900][5.710s][info][gc,metaspace   ] GC(250) Metaspace: 338K(512K)->338K(512K) NonClass: 320K(384K)->320K(384K) Class: 17K(128K)->17K(128K)
[2026-03-22T17:32:40.643+0900][5.710s][info][gc             ] GC(250) Pause Full (Ergonomics) 444M->101M(501M) 9.648ms
[2026-03-22T17:32:40.643+0900][5.710s][info][gc,cpu         ] GC(250) User=0.00s Sys=0.00s Real=0.01s
[2026-03-22T17:32:40.660+0900][5.725s][info][gc,start       ] GC(251) Pause Young (Allocation Failure)
[2026-03-22T17:32:40.665+0900][5.730s][info][gc,heap        ] GC(251) PSYoungGen: 152561K(163840K)->10496K(163840K) Eden: 152561K(153088K)->0K(153088K) From: 0K(10752K)->10496K(10752K)
[2026-03-22T17:32:40.665+0900][5.730s][info][gc,heap        ] GC(251) ParOldGen: 103430K(349696K)->197639K(349696K)
[2026-03-22T17:32:40.665+0900][5.730s][info][gc,metaspace   ] GC(251) Metaspace: 338K(512K)->338K(512K) NonClass: 320K(384K)->320K(384K) Class: 17K(128K)->17K(128K)
[2026-03-22T17:32:40.665+0900][5.730s][info][gc             ] GC(251) Pause Young (Allocation Failure) 249M->203M(501M) 4.812ms
[2026-03-22T17:32:40.665+0900][5.730s][info][gc,cpu         ] GC(251) User=0.00s Sys=0.00s Real=0.00s
[2026-03-22T17:32:40.679+0900][5.745s][info][gc,start       ] GC(252) Pause Young (Allocation Failure)
[2026-03-22T17:32:40.684+0900][5.750s][info][gc,heap        ] GC(252) PSYoungGen: 163057K(163840K)->10496K(163840K) Eden: 152561K(153088K)->0K(153088K) From: 10496K(10752K)->10496K(10752K)
[2026-03-22T17:32:40.684+0900][5.750s][info][gc,heap        ] GC(252) ParOldGen: 197639K(349696K)->291999K(349696K)
[2026-03-22T17:32:40.684+0900][5.750s][info][gc,metaspace   ] GC(252) Metaspace: 338K(512K)->338K(512K) NonClass: 320K(384K)->320K(384K) Class: 17K(128K)->17K(128K)
[2026-03-22T17:32:40.684+0900][5.750s][info][gc             ] GC(252) Pause Young (Allocation Failure) 352M->295M(501M) 5.003ms
[2026-03-22T17:32:40.684+0900][5.750s][info][gc,cpu         ] GC(252) User=0.06s Sys=0.00s Real=0.01s
[2026-03-22T17:32:40.698+0900][5.764s][info][gc,start       ] GC(253) Pause Full (Ergonomics)
[2026-03-22T17:32:40.698+0900][5.764s][info][gc,phases,start] GC(253) Marking Phase
[2026-03-22T17:32:40.700+0900][5.766s][info][gc,phases      ] GC(253) Marking Phase 1.446ms
[2026-03-22T17:32:40.700+0900][5.766s][info][gc,phases,start] GC(253) Summary Phase
[2026-03-22T17:32:40.700+0900][5.766s][info][gc,phases      ] GC(253) Summary Phase 0.025ms
[2026-03-22T17:32:40.700+0900][5.766s][info][gc,phases,start] GC(253) Adjust Roots
[2026-03-22T17:32:40.700+0900][5.766s][info][gc,phases      ] GC(253) Adjust Roots 0.327ms
[2026-03-22T17:32:40.700+0900][5.766s][info][gc,phases,start] GC(253) Compaction Phase
[2026-03-22T17:32:40.707+0900][5.773s][info][gc,phases      ] GC(253) Compaction Phase 6.652ms
[2026-03-22T17:32:40.707+0900][5.773s][info][gc,phases,start] GC(253) Post Compact
[2026-03-22T17:32:40.709+0900][5.775s][info][gc,phases      ] GC(253) Post Compact 1.615ms
[2026-03-22T17:32:40.709+0900][5.775s][info][gc,heap        ] GC(253) PSYoungGen: 163057K(163840K)->0K(163840K) Eden: 152561K(153088K)->0K(153088K) From: 10496K(10752K)->0K(10752K)
[2026-03-22T17:32:40.709+0900][5.775s][info][gc,heap        ] GC(253) ParOldGen: 291999K(349696K)->103430K(349696K)
[2026-03-22T17:32:40.709+0900][5.775s][info][gc,metaspace   ] GC(253) Metaspace: 338K(512K)->338K(512K) NonClass: 320K(384K)->320K(384K) Class: 17K(128K)->17K(128K)
[2026-03-22T17:32:40.709+0900][5.775s][info][gc             ] GC(253) Pause Full (Ergonomics) 444M->101M(501M) 10.440ms
[2026-03-22T17:32:40.709+0900][5.775s][info][gc,cpu         ] GC(253) User=0.00s Sys=0.00s Real=0.01s
[2026-03-22T17:32:40.727+0900][5.792s][info][gc,start       ] GC(254) Pause Young (Allocation Failure)
[2026-03-22T17:32:40.735+0900][5.801s][info][gc,heap        ] GC(254) PSYoungGen: 152561K(163840K)->10496K(163840K) Eden: 152561K(153088K)->0K(153088K) From: 0K(10752K)->10496K(10752K)
[2026-03-22T17:32:40.735+0900][5.801s][info][gc,heap        ] GC(254) ParOldGen: 103430K(349696K)->197639K(349696K)
[2026-03-22T17:32:40.735+0900][5.801s][info][gc,metaspace   ] GC(254) Metaspace: 338K(512K)->338K(512K) NonClass: 320K(384K)->320K(384K) Class: 17K(128K)->17K(128K)
[2026-03-22T17:32:40.735+0900][5.801s][info][gc             ] GC(254) Pause Young (Allocation Failure) 249M->203M(501M) 8.613ms
[2026-03-22T17:32:40.735+0900][5.801s][info][gc,cpu         ] GC(254) User=0.05s Sys=0.00s Real=0.01s
[2026-03-22T17:32:40.750+0900][5.817s][info][gc,start       ] GC(255) Pause Young (Allocation Failure)
[2026-03-22T17:32:40.756+0900][5.822s][info][gc,heap        ] GC(255) PSYoungGen: 163057K(163840K)->10496K(163840K) Eden: 152561K(153088K)->0K(153088K) From: 10496K(10752K)->10496K(10752K)
[2026-03-22T17:32:40.757+0900][5.822s][info][gc,heap        ] GC(255) ParOldGen: 197639K(349696K)->291999K(349696K)
[2026-03-22T17:32:40.757+0900][5.822s][info][gc,metaspace   ] GC(255) Metaspace: 338K(512K)->338K(512K) NonClass: 320K(384K)->320K(384K) Class: 17K(128K)->17K(128K)
[2026-03-22T17:32:40.757+0900][5.822s][info][gc             ] GC(255) Pause Young (Allocation Failure) 352M->295M(501M) 5.195ms
[2026-03-22T17:32:40.757+0900][5.822s][info][gc,cpu         ] GC(255) User=0.00s Sys=0.00s Real=0.01s
[2026-03-22T17:32:40.772+0900][5.838s][info][gc,start       ] GC(256) Pause Full (Ergonomics)
[2026-03-22T17:32:40.772+0900][5.838s][info][gc,phases,start] GC(256) Marking Phase
[2026-03-22T17:32:40.773+0900][5.839s][info][gc,phases      ] GC(256) Marking Phase 1.117ms
[2026-03-22T17:32:40.773+0900][5.839s][info][gc,phases,start] GC(256) Summary Phase
[2026-03-22T17:32:40.773+0900][5.839s][info][gc,phases      ] GC(256) Summary Phase 0.019ms
[2026-03-22T17:32:40.773+0900][5.839s][info][gc,phases,start] GC(256) Adjust Roots
[2026-03-22T17:32:40.773+0900][5.839s][info][gc,phases      ] GC(256) Adjust Roots 0.205ms
[2026-03-22T17:32:40.773+0900][5.839s][info][gc,phases,start] GC(256) Compaction Phase
[2026-03-22T17:32:40.779+0900][5.845s][info][gc,phases      ] GC(256) Compaction Phase 5.753ms
[2026-03-22T17:32:40.779+0900][5.845s][info][gc,phases,start] GC(256) Post Compact
[2026-03-22T17:32:40.780+0900][5.847s][info][gc,phases      ] GC(256) Post Compact 1.590ms
[2026-03-22T17:32:40.781+0900][5.847s][info][gc,heap        ] GC(256) PSYoungGen: 163057K(163840K)->0K(163840K) Eden: 152561K(153088K)->0K(153088K) From: 10496K(10752K)->0K(10752K)
[2026-03-22T17:32:40.781+0900][5.847s][info][gc,heap        ] GC(256) ParOldGen: 291999K(349696K)->103430K(349696K)
[2026-03-22T17:32:40.781+0900][5.847s][info][gc,metaspace   ] GC(256) Metaspace: 338K(512K)->338K(512K) NonClass: 320K(384K)->320K(384K) Class: 17K(128K)->17K(128K)
[2026-03-22T17:32:40.781+0900][5.847s][info][gc             ] GC(256) Pause Full (Ergonomics) 444M->101M(501M) 8.999ms
[2026-03-22T17:32:40.781+0900][5.847s][info][gc,cpu         ] GC(256) User=0.06s Sys=0.00s Real=0.01s
[2026-03-22T17:32:40.796+0900][5.862s][info][gc,start       ] GC(257) Pause Young (Allocation Failure)
[2026-03-22T17:32:40.801+0900][5.867s][info][gc,heap        ] GC(257) PSYoungGen: 152561K(163840K)->10496K(163840K) Eden: 152561K(153088K)->0K(153088K) From: 0K(10752K)->10496K(10752K)
[2026-03-22T17:32:40.801+0900][5.867s][info][gc,heap        ] GC(257) ParOldGen: 103430K(349696K)->197639K(349696K)
[2026-03-22T17:32:40.801+0900][5.867s][info][gc,metaspace   ] GC(257) Metaspace: 338K(512K)->338K(512K) NonClass: 320K(384K)->320K(384K) Class: 17K(128K)->17K(128K)
[2026-03-22T17:32:40.801+0900][5.867s][info][gc             ] GC(257) Pause Young (Allocation Failure) 249M->203M(501M) 5.133ms
[2026-03-22T17:32:40.801+0900][5.867s][info][gc,cpu         ] GC(257) User=0.00s Sys=0.00s Real=0.01s
[2026-03-22T17:32:40.817+0900][5.883s][info][gc,start       ] GC(258) Pause Young (Allocation Failure)
[2026-03-22T17:32:40.822+0900][5.888s][info][gc,heap        ] GC(258) PSYoungGen: 163057K(163840K)->10496K(163840K) Eden: 152561K(153088K)->0K(153088K) From: 10496K(10752K)->10496K(10752K)
[2026-03-22T17:32:40.822+0900][5.888s][info][gc,heap        ] GC(258) ParOldGen: 197639K(349696K)->291999K(349696K)
[2026-03-22T17:32:40.822+0900][5.888s][info][gc,metaspace   ] GC(258) Metaspace: 338K(512K)->338K(512K) NonClass: 320K(384K)->320K(384K) Class: 17K(128K)->17K(128K)
[2026-03-22T17:32:40.822+0900][5.888s][info][gc             ] GC(258) Pause Young (Allocation Failure) 352M->295M(501M) 5.129ms
[2026-03-22T17:32:40.822+0900][5.888s][info][gc,cpu         ] GC(258) User=0.03s Sys=0.02s Real=0.01s
[2026-03-22T17:32:40.836+0900][5.903s][info][gc,start       ] GC(259) Pause Full (Ergonomics)
[2026-03-22T17:32:40.836+0900][5.903s][info][gc,phases,start] GC(259) Marking Phase
[2026-03-22T17:32:40.838+0900][5.904s][info][gc,phases      ] GC(259) Marking Phase 1.466ms
[2026-03-22T17:32:40.838+0900][5.904s][info][gc,phases,start] GC(259) Summary Phase
[2026-03-22T17:32:40.838+0900][5.904s][info][gc,phases      ] GC(259) Summary Phase 0.021ms
[2026-03-22T17:32:40.838+0900][5.904s][info][gc,phases,start] GC(259) Adjust Roots
[2026-03-22T17:32:40.838+0900][5.905s][info][gc,phases      ] GC(259) Adjust Roots 0.433ms
[2026-03-22T17:32:40.838+0900][5.905s][info][gc,phases,start] GC(259) Compaction Phase
[2026-03-22T17:32:40.845+0900][5.911s][info][gc,phases      ] GC(259) Compaction Phase 5.925ms
[2026-03-22T17:32:40.845+0900][5.911s][info][gc,phases,start] GC(259) Post Compact
[2026-03-22T17:32:40.846+0900][5.912s][info][gc,phases      ] GC(259) Post Compact 1.720ms
[2026-03-22T17:32:40.846+0900][5.912s][info][gc,heap        ] GC(259) PSYoungGen: 163057K(163840K)->0K(163840K) Eden: 152561K(153088K)->0K(153088K) From: 10496K(10752K)->0K(10752K)
[2026-03-22T17:32:40.846+0900][5.912s][info][gc,heap        ] GC(259) ParOldGen: 291999K(349696K)->103195K(349696K)
[2026-03-22T17:32:40.846+0900][5.913s][info][gc,metaspace   ] GC(259) Metaspace: 338K(512K)->338K(512K) NonClass: 320K(384K)->320K(384K) Class: 17K(128K)->17K(128K)
[2026-03-22T17:32:40.846+0900][5.913s][info][gc             ] GC(259) Pause Full (Ergonomics) 444M->100M(501M) 9.933ms
[2026-03-22T17:32:40.846+0900][5.913s][info][gc,cpu         ] GC(259) User=0.05s Sys=0.00s Real=0.01s
[2026-03-22T17:32:40.861+0900][5.927s][info][gc,start       ] GC(260) Pause Young (Allocation Failure)
[2026-03-22T17:32:40.866+0900][5.932s][info][gc,heap        ] GC(260) PSYoungGen: 152561K(163840K)->10496K(163840K) Eden: 152561K(153088K)->0K(153088K) From: 0K(10752K)->10496K(10752K)
[2026-03-22T17:32:40.866+0900][5.932s][info][gc,heap        ] GC(260) ParOldGen: 103195K(349696K)->197403K(349696K)
[2026-03-22T17:32:40.866+0900][5.932s][info][gc,metaspace   ] GC(260) Metaspace: 338K(512K)->338K(512K) NonClass: 320K(384K)->320K(384K) Class: 17K(128K)->17K(128K)
[2026-03-22T17:32:40.866+0900][5.932s][info][gc             ] GC(260) Pause Young (Allocation Failure) 249M->203M(501M) 4.742ms
[2026-03-22T17:32:40.866+0900][5.932s][info][gc,cpu         ] GC(260) User=0.00s Sys=0.00s Real=0.00s
[2026-03-22T17:32:40.882+0900][5.948s][info][gc,start       ] GC(261) Pause Young (Allocation Failure)
[2026-03-22T17:32:40.887+0900][5.953s][info][gc,heap        ] GC(261) PSYoungGen: 163057K(163840K)->10496K(163840K) Eden: 152561K(153088K)->0K(153088K) From: 10496K(10752K)->10496K(10752K)
[2026-03-22T17:32:40.887+0900][5.953s][info][gc,heap        ] GC(261) ParOldGen: 197403K(349696K)->291764K(349696K)
[2026-03-22T17:32:40.887+0900][5.953s][info][gc,metaspace   ] GC(261) Metaspace: 338K(512K)->338K(512K) NonClass: 320K(384K)->320K(384K) Class: 17K(128K)->17K(128K)
[2026-03-22T17:32:40.887+0900][5.953s][info][gc             ] GC(261) Pause Young (Allocation Failure) 352M->295M(501M) 4.701ms
[2026-03-22T17:32:40.887+0900][5.953s][info][gc,cpu         ] GC(261) User=0.06s Sys=0.00s Real=0.01s
[2026-03-22T17:32:40.901+0900][5.967s][info][gc,start       ] GC(262) Pause Full (Ergonomics)
[2026-03-22T17:32:40.901+0900][5.968s][info][gc,phases,start] GC(262) Marking Phase
[2026-03-22T17:32:40.903+0900][5.969s][info][gc,phases      ] GC(262) Marking Phase 1.364ms
[2026-03-22T17:32:40.903+0900][5.969s][info][gc,phases,start] GC(262) Summary Phase
[2026-03-22T17:32:40.903+0900][5.969s][info][gc,phases      ] GC(262) Summary Phase 0.028ms
[2026-03-22T17:32:40.903+0900][5.969s][info][gc,phases,start] GC(262) Adjust Roots
[2026-03-22T17:32:40.903+0900][5.969s][info][gc,phases      ] GC(262) Adjust Roots 0.215ms
[2026-03-22T17:32:40.903+0900][5.969s][info][gc,phases,start] GC(262) Compaction Phase
[2026-03-22T17:32:40.910+0900][5.976s][info][gc,phases      ] GC(262) Compaction Phase 6.514ms
[2026-03-22T17:32:40.910+0900][5.976s][info][gc,phases,start] GC(262) Post Compact
[2026-03-22T17:32:40.912+0900][5.978s][info][gc,phases      ] GC(262) Post Compact 1.871ms
[2026-03-22T17:32:40.912+0900][5.978s][info][gc,heap        ] GC(262) PSYoungGen: 163057K(163840K)->0K(163840K) Eden: 152561K(153088K)->0K(153088K) From: 10496K(10752K)->0K(10752K)
[2026-03-22T17:32:40.912+0900][5.978s][info][gc,heap        ] GC(262) ParOldGen: 291764K(349696K)->103430K(349696K)
[2026-03-22T17:32:40.912+0900][5.978s][info][gc,metaspace   ] GC(262) Metaspace: 338K(512K)->338K(512K) NonClass: 320K(384K)->320K(384K) Class: 17K(128K)->17K(128K)
[2026-03-22T17:32:40.912+0900][5.978s][info][gc             ] GC(262) Pause Full (Ergonomics) 444M->101M(501M) 10.384ms
[2026-03-22T17:32:40.912+0900][5.978s][info][gc,cpu         ] GC(262) User=0.00s Sys=0.00s Real=0.01s
[2026-03-22T17:32:40.928+0900][5.994s][info][gc,start       ] GC(263) Pause Young (Allocation Failure)
[2026-03-22T17:32:40.933+0900][5.999s][info][gc,heap        ] GC(263) PSYoungGen: 152561K(163840K)->10464K(163840K) Eden: 152561K(153088K)->0K(153088K) From: 0K(10752K)->10464K(10752K)
[2026-03-22T17:32:40.933+0900][5.999s][info][gc,heap        ] GC(263) ParOldGen: 103430K(349696K)->197639K(349696K)
[2026-03-22T17:32:40.933+0900][5.999s][info][gc,metaspace   ] GC(263) Metaspace: 338K(512K)->338K(512K) NonClass: 320K(384K)->320K(384K) Class: 17K(128K)->17K(128K)
[2026-03-22T17:32:40.933+0900][5.999s][info][gc             ] GC(263) Pause Young (Allocation Failure) 249M->203M(501M) 4.998ms
[2026-03-22T17:32:40.933+0900][5.999s][info][gc,cpu         ] GC(263) User=0.05s Sys=0.00s Real=0.01s
[2026-03-22T17:32:40.948+0900][6.014s][info][gc,start       ] GC(264) Pause Young (Allocation Failure)
[2026-03-22T17:32:40.953+0900][6.019s][info][gc,heap        ] GC(264) PSYoungGen: 163025K(163840K)->10496K(163840K) Eden: 152561K(153088K)->0K(153088K) From: 10464K(10752K)->10496K(10752K)
[2026-03-22T17:32:40.953+0900][6.019s][info][gc,heap        ] GC(264) ParOldGen: 197639K(349696K)->291999K(349696K)
[2026-03-22T17:32:40.953+0900][6.019s][info][gc,metaspace   ] GC(264) Metaspace: 338K(512K)->338K(512K) NonClass: 320K(384K)->320K(384K) Class: 17K(128K)->17K(128K)
[2026-03-22T17:32:40.953+0900][6.019s][info][gc             ] GC(264) Pause Young (Allocation Failure) 352M->295M(501M) 5.197ms
[2026-03-22T17:32:40.953+0900][6.019s][info][gc,cpu         ] GC(264) User=0.00s Sys=0.00s Real=0.01s
[2026-03-22T17:32:40.969+0900][6.036s][info][gc,start       ] GC(265) Pause Full (Ergonomics)
[2026-03-22T17:32:40.969+0900][6.036s][info][gc,phases,start] GC(265) Marking Phase
[2026-03-22T17:32:40.972+0900][6.037s][info][gc,phases      ] GC(265) Marking Phase 1.481ms
[2026-03-22T17:32:40.972+0900][6.037s][info][gc,phases,start] GC(265) Summary Phase
[2026-03-22T17:32:40.972+0900][6.037s][info][gc,phases      ] GC(265) Summary Phase 0.020ms
[2026-03-22T17:32:40.972+0900][6.037s][info][gc,phases,start] GC(265) Adjust Roots
[2026-03-22T17:32:40.972+0900][6.037s][info][gc,phases      ] GC(265) Adjust Roots 0.264ms
[2026-03-22T17:32:40.972+0900][6.037s][info][gc,phases,start] GC(265) Compaction Phase
[2026-03-22T17:32:40.977+0900][6.043s][info][gc,phases      ] GC(265) Compaction Phase 5.674ms
[2026-03-22T17:32:40.977+0900][6.043s][info][gc,phases,start] GC(265) Post Compact
[2026-03-22T17:32:40.979+0900][6.045s][info][gc,phases      ] GC(265) Post Compact 1.554ms
[2026-03-22T17:32:40.979+0900][6.045s][info][gc,heap        ] GC(265) PSYoungGen: 163057K(163840K)->0K(163840K) Eden: 152561K(153088K)->0K(153088K) From: 10496K(10752K)->0K(10752K)
[2026-03-22T17:32:40.979+0900][6.045s][info][gc,heap        ] GC(265) ParOldGen: 291999K(349696K)->103430K(349696K)
[2026-03-22T17:32:40.979+0900][6.045s][info][gc,metaspace   ] GC(265) Metaspace: 338K(512K)->338K(512K) NonClass: 320K(384K)->320K(384K) Class: 17K(128K)->17K(128K)
[2026-03-22T17:32:40.979+0900][6.045s][info][gc             ] GC(265) Pause Full (Ergonomics) 444M->101M(501M) 9.269ms
[2026-03-22T17:32:40.979+0900][6.045s][info][gc,cpu         ] GC(265) User=0.02s Sys=0.00s Real=0.01s
[2026-03-22T17:32:40.996+0900][6.061s][info][gc,start       ] GC(266) Pause Young (Allocation Failure)
[2026-03-22T17:32:41.000+0900][6.066s][info][gc,heap        ] GC(266) PSYoungGen: 152561K(163840K)->10496K(163840K) Eden: 152561K(153088K)->0K(153088K) From: 0K(10752K)->10496K(10752K)
[2026-03-22T17:32:41.000+0900][6.066s][info][gc,heap        ] GC(266) ParOldGen: 103430K(349696K)->197639K(349696K)
[2026-03-22T17:32:41.000+0900][6.066s][info][gc,metaspace   ] GC(266) Metaspace: 338K(512K)->338K(512K) NonClass: 320K(384K)->320K(384K) Class: 17K(128K)->17K(128K)
[2026-03-22T17:32:41.000+0900][6.066s][info][gc             ] GC(266) Pause Young (Allocation Failure) 249M->203M(501M) 4.841ms
[2026-03-22T17:32:41.000+0900][6.066s][info][gc,cpu         ] GC(266) User=0.00s Sys=0.00s Real=0.01s
[2026-03-22T17:32:41.017+0900][6.083s][info][gc,start       ] GC(267) Pause Young (Allocation Failure)
[2026-03-22T17:32:41.022+0900][6.087s][info][gc,heap        ] GC(267) PSYoungGen: 163057K(163840K)->10496K(163840K) Eden: 152561K(153088K)->0K(153088K) From: 10496K(10752K)->10496K(10752K)
[2026-03-22T17:32:41.022+0900][6.087s][info][gc,heap        ] GC(267) ParOldGen: 197639K(349696K)->291999K(349696K)
[2026-03-22T17:32:41.022+0900][6.087s][info][gc,metaspace   ] GC(267) Metaspace: 338K(512K)->338K(512K) NonClass: 320K(384K)->320K(384K) Class: 17K(128K)->17K(128K)
[2026-03-22T17:32:41.022+0900][6.087s][info][gc             ] GC(267) Pause Young (Allocation Failure) 352M->295M(501M) 4.939ms
[2026-03-22T17:32:41.022+0900][6.088s][info][gc,cpu         ] GC(267) User=0.00s Sys=0.00s Real=0.01s
[2026-03-22T17:32:41.036+0900][6.102s][info][gc,start       ] GC(268) Pause Full (Ergonomics)
[2026-03-22T17:32:41.036+0900][6.102s][info][gc,phases,start] GC(268) Marking Phase
[2026-03-22T17:32:41.038+0900][6.104s][info][gc,phases      ] GC(268) Marking Phase 1.928ms
[2026-03-22T17:32:41.038+0900][6.104s][info][gc,phases,start] GC(268) Summary Phase
[2026-03-22T17:32:41.038+0900][6.104s][info][gc,phases      ] GC(268) Summary Phase 0.017ms
[2026-03-22T17:32:41.038+0900][6.104s][info][gc,phases,start] GC(268) Adjust Roots
[2026-03-22T17:32:41.038+0900][6.104s][info][gc,phases      ] GC(268) Adjust Roots 0.176ms
[2026-03-22T17:32:41.039+0900][6.104s][info][gc,phases,start] GC(268) Compaction Phase
[2026-03-22T17:32:41.045+0900][6.111s][info][gc,phases      ] GC(268) Compaction Phase 6.598ms
[2026-03-22T17:32:41.045+0900][6.111s][info][gc,phases,start] GC(268) Post Compact
[2026-03-22T17:32:41.047+0900][6.113s][info][gc,phases      ] GC(268) Post Compact 1.652ms
[2026-03-22T17:32:41.047+0900][6.113s][info][gc,heap        ] GC(268) PSYoungGen: 163057K(163840K)->0K(163840K) Eden: 152561K(153088K)->0K(153088K) From: 10496K(10752K)->0K(10752K)
[2026-03-22T17:32:41.047+0900][6.113s][info][gc,heap        ] GC(268) ParOldGen: 291999K(349696K)->103430K(349696K)
[2026-03-22T17:32:41.047+0900][6.113s][info][gc,metaspace   ] GC(268) Metaspace: 338K(512K)->338K(512K) NonClass: 320K(384K)->320K(384K) Class: 17K(128K)->17K(128K)
[2026-03-22T17:32:41.047+0900][6.113s][info][gc             ] GC(268) Pause Full (Ergonomics) 444M->101M(501M) 10.713ms
[2026-03-22T17:32:41.047+0900][6.113s][info][gc,cpu         ] GC(268) User=0.05s Sys=0.00s Real=0.01s
[2026-03-22T17:32:41.062+0900][6.128s][info][gc,start       ] GC(269) Pause Young (Allocation Failure)
[2026-03-22T17:32:41.067+0900][6.133s][info][gc,heap        ] GC(269) PSYoungGen: 152561K(163840K)->10496K(163840K) Eden: 152561K(153088K)->0K(153088K) From: 0K(10752K)->10496K(10752K)
[2026-03-22T17:32:41.067+0900][6.133s][info][gc,heap        ] GC(269) ParOldGen: 103430K(349696K)->197639K(349696K)
[2026-03-22T17:32:41.067+0900][6.133s][info][gc,metaspace   ] GC(269) Metaspace: 338K(512K)->338K(512K) NonClass: 320K(384K)->320K(384K) Class: 17K(128K)->17K(128K)
[2026-03-22T17:32:41.067+0900][6.133s][info][gc             ] GC(269) Pause Young (Allocation Failure) 249M->203M(501M) 5.306ms
[2026-03-22T17:32:41.067+0900][6.133s][info][gc,cpu         ] GC(269) User=0.00s Sys=0.00s Real=0.00s
[2026-03-22T17:32:41.083+0900][6.149s][info][gc,start       ] GC(270) Pause Young (Allocation Failure)
[2026-03-22T17:32:41.088+0900][6.154s][info][gc,heap        ] GC(270) PSYoungGen: 163057K(163840K)->10496K(163840K) Eden: 152561K(153088K)->0K(153088K) From: 10496K(10752K)->10496K(10752K)
[2026-03-22T17:32:41.088+0900][6.154s][info][gc,heap        ] GC(270) ParOldGen: 197639K(349696K)->291999K(349696K)
[2026-03-22T17:32:41.088+0900][6.154s][info][gc,metaspace   ] GC(270) Metaspace: 338K(512K)->338K(512K) NonClass: 320K(384K)->320K(384K) Class: 17K(128K)->17K(128K)
[2026-03-22T17:32:41.088+0900][6.154s][info][gc             ] GC(270) Pause Young (Allocation Failure) 352M->295M(501M) 4.829ms
[2026-03-22T17:32:41.088+0900][6.154s][info][gc,cpu         ] GC(270) User=0.05s Sys=0.00s Real=0.01s
[2026-03-22T17:32:41.104+0900][6.170s][info][gc,start       ] GC(271) Pause Full (Ergonomics)
[2026-03-22T17:32:41.104+0900][6.170s][info][gc,phases,start] GC(271) Marking Phase
[2026-03-22T17:32:41.106+0900][6.172s][info][gc,phases      ] GC(271) Marking Phase 1.498ms
[2026-03-22T17:32:41.106+0900][6.172s][info][gc,phases,start] GC(271) Summary Phase
[2026-03-22T17:32:41.106+0900][6.172s][info][gc,phases      ] GC(271) Summary Phase 0.041ms
[2026-03-22T17:32:41.106+0900][6.172s][info][gc,phases,start] GC(271) Adjust Roots
[2026-03-22T17:32:41.106+0900][6.172s][info][gc,phases      ] GC(271) Adjust Roots 0.237ms
[2026-03-22T17:32:41.106+0900][6.172s][info][gc,phases,start] GC(271) Compaction Phase
[2026-03-22T17:32:41.113+0900][6.179s][info][gc,phases      ] GC(271) Compaction Phase 6.597ms
[2026-03-22T17:32:41.113+0900][6.179s][info][gc,phases,start] GC(271) Post Compact
[2026-03-22T17:32:41.114+0900][6.180s][info][gc,phases      ] GC(271) Post Compact 1.493ms
[2026-03-22T17:32:41.114+0900][6.180s][info][gc,heap        ] GC(271) PSYoungGen: 163057K(163840K)->0K(163840K) Eden: 152561K(153088K)->0K(153088K) From: 10496K(10752K)->0K(10752K)
[2026-03-22T17:32:41.114+0900][6.180s][info][gc,heap        ] GC(271) ParOldGen: 291999K(349696K)->103430K(349696K)
[2026-03-22T17:32:41.114+0900][6.180s][info][gc,metaspace   ] GC(271) Metaspace: 338K(512K)->338K(512K) NonClass: 320K(384K)->320K(384K) Class: 17K(128K)->17K(128K)
[2026-03-22T17:32:41.114+0900][6.180s][info][gc             ] GC(271) Pause Full (Ergonomics) 444M->101M(501M) 10.198ms
[2026-03-22T17:32:41.115+0900][6.180s][info][gc,cpu         ] GC(271) User=0.00s Sys=0.00s Real=0.01s
[2026-03-22T17:32:41.131+0900][6.197s][info][gc,start       ] GC(272) Pause Young (Allocation Failure)
[2026-03-22T17:32:41.140+0900][6.206s][info][gc,heap        ] GC(272) PSYoungGen: 152561K(163840K)->10496K(163840K) Eden: 152561K(153088K)->0K(153088K) From: 0K(10752K)->10496K(10752K)
[2026-03-22T17:32:41.140+0900][6.206s][info][gc,heap        ] GC(272) ParOldGen: 103430K(349696K)->197639K(349696K)
[2026-03-22T17:32:41.140+0900][6.206s][info][gc,metaspace   ] GC(272) Metaspace: 338K(512K)->338K(512K) NonClass: 320K(384K)->320K(384K) Class: 17K(128K)->17K(128K)
[2026-03-22T17:32:41.140+0900][6.206s][info][gc             ] GC(272) Pause Young (Allocation Failure) 249M->203M(501M) 9.137ms
[2026-03-22T17:32:41.140+0900][6.206s][info][gc,cpu         ] GC(272) User=0.05s Sys=0.00s Real=0.01s
[2026-03-22T17:32:41.156+0900][6.221s][info][gc,start       ] GC(273) Pause Young (Allocation Failure)
[2026-03-22T17:32:41.161+0900][6.226s][info][gc,heap        ] GC(273) PSYoungGen: 163057K(163840K)->10496K(163840K) Eden: 152561K(153088K)->0K(153088K) From: 10496K(10752K)->10496K(10752K)
[2026-03-22T17:32:41.161+0900][6.226s][info][gc,heap        ] GC(273) ParOldGen: 197639K(349696K)->291999K(349696K)
[2026-03-22T17:32:41.161+0900][6.226s][info][gc,metaspace   ] GC(273) Metaspace: 338K(512K)->338K(512K) NonClass: 320K(384K)->320K(384K) Class: 17K(128K)->17K(128K)
[2026-03-22T17:32:41.161+0900][6.226s][info][gc             ] GC(273) Pause Young (Allocation Failure) 352M->295M(501M) 4.973ms
[2026-03-22T17:32:41.161+0900][6.226s][info][gc,cpu         ] GC(273) User=0.00s Sys=0.00s Real=0.01s
[2026-03-22T17:32:41.177+0900][6.243s][info][gc,start       ] GC(274) Pause Full (Ergonomics)
[2026-03-22T17:32:41.177+0900][6.243s][info][gc,phases,start] GC(274) Marking Phase
[2026-03-22T17:32:41.179+0900][6.245s][info][gc,phases      ] GC(274) Marking Phase 1.436ms
[2026-03-22T17:32:41.179+0900][6.245s][info][gc,phases,start] GC(274) Summary Phase
[2026-03-22T17:32:41.179+0900][6.245s][info][gc,phases      ] GC(274) Summary Phase 0.017ms
[2026-03-22T17:32:41.179+0900][6.245s][info][gc,phases,start] GC(274) Adjust Roots
[2026-03-22T17:32:41.179+0900][6.245s][info][gc,phases      ] GC(274) Adjust Roots 0.211ms
[2026-03-22T17:32:41.179+0900][6.245s][info][gc,phases,start] GC(274) Compaction Phase
[2026-03-22T17:32:41.185+0900][6.251s][info][gc,phases      ] GC(274) Compaction Phase 6.047ms
[2026-03-22T17:32:41.185+0900][6.251s][info][gc,phases,start] GC(274) Post Compact
[2026-03-22T17:32:41.187+0900][6.252s][info][gc,phases      ] GC(274) Post Compact 1.421ms
[2026-03-22T17:32:41.187+0900][6.252s][info][gc,heap        ] GC(274) PSYoungGen: 163057K(163840K)->0K(163840K) Eden: 152561K(153088K)->0K(153088K) From: 10496K(10752K)->0K(10752K)
[2026-03-22T17:32:41.187+0900][6.252s][info][gc,heap        ] GC(274) ParOldGen: 291999K(349696K)->103430K(349696K)
[2026-03-22T17:32:41.187+0900][6.252s][info][gc,metaspace   ] GC(274) Metaspace: 338K(512K)->338K(512K) NonClass: 320K(384K)->320K(384K) Class: 17K(128K)->17K(128K)
[2026-03-22T17:32:41.187+0900][6.252s][info][gc             ] GC(274) Pause Full (Ergonomics) 444M->101M(501M) 9.389ms
[2026-03-22T17:32:41.187+0900][6.253s][info][gc,cpu         ] GC(274) User=0.06s Sys=0.00s Real=0.01s
[2026-03-22T17:32:41.202+0900][6.268s][info][gc,start       ] GC(275) Pause Young (Allocation Failure)
[2026-03-22T17:32:41.208+0900][6.274s][info][gc,heap        ] GC(275) PSYoungGen: 152561K(163840K)->10496K(163840K) Eden: 152561K(153088K)->0K(153088K) From: 0K(10752K)->10496K(10752K)
[2026-03-22T17:32:41.208+0900][6.274s][info][gc,heap        ] GC(275) ParOldGen: 103430K(349696K)->197639K(349696K)
[2026-03-22T17:32:41.208+0900][6.274s][info][gc,metaspace   ] GC(275) Metaspace: 338K(512K)->338K(512K) NonClass: 320K(384K)->320K(384K) Class: 17K(128K)->17K(128K)
[2026-03-22T17:32:41.208+0900][6.274s][info][gc             ] GC(275) Pause Young (Allocation Failure) 249M->203M(501M) 5.530ms
[2026-03-22T17:32:41.208+0900][6.274s][info][gc,cpu         ] GC(275) User=0.00s Sys=0.00s Real=0.01s
[2026-03-22T17:32:41.224+0900][6.289s][info][gc,start       ] GC(276) Pause Young (Allocation Failure)
[2026-03-22T17:32:41.229+0900][6.294s][info][gc,heap        ] GC(276) PSYoungGen: 163057K(163840K)->10496K(163840K) Eden: 152561K(153088K)->0K(153088K) From: 10496K(10752K)->10496K(10752K)
[2026-03-22T17:32:41.229+0900][6.294s][info][gc,heap        ] GC(276) ParOldGen: 197639K(349696K)->291999K(349696K)
[2026-03-22T17:32:41.229+0900][6.294s][info][gc,metaspace   ] GC(276) Metaspace: 338K(512K)->338K(512K) NonClass: 320K(384K)->320K(384K) Class: 17K(128K)->17K(128K)
[2026-03-22T17:32:41.229+0900][6.294s][info][gc             ] GC(276) Pause Young (Allocation Failure) 352M->295M(501M) 5.053ms
[2026-03-22T17:32:41.229+0900][6.294s][info][gc,cpu         ] GC(276) User=0.00s Sys=0.00s Real=0.01s
[2026-03-22T17:32:41.243+0900][6.309s][info][gc,start       ] GC(277) Pause Full (Ergonomics)
[2026-03-22T17:32:41.243+0900][6.309s][info][gc,phases,start] GC(277) Marking Phase
[2026-03-22T17:32:41.245+0900][6.310s][info][gc,phases      ] GC(277) Marking Phase 1.214ms
[2026-03-22T17:32:41.245+0900][6.310s][info][gc,phases,start] GC(277) Summary Phase
[2026-03-22T17:32:41.245+0900][6.310s][info][gc,phases      ] GC(277) Summary Phase 0.014ms
[2026-03-22T17:32:41.245+0900][6.310s][info][gc,phases,start] GC(277) Adjust Roots
[2026-03-22T17:32:41.245+0900][6.310s][info][gc,phases      ] GC(277) Adjust Roots 0.162ms
[2026-03-22T17:32:41.245+0900][6.310s][info][gc,phases,start] GC(277) Compaction Phase
[2026-03-22T17:32:41.250+0900][6.316s][info][gc,phases      ] GC(277) Compaction Phase 5.706ms
[2026-03-22T17:32:41.250+0900][6.316s][info][gc,phases,start] GC(277) Post Compact
[2026-03-22T17:32:41.252+0900][6.318s][info][gc,phases      ] GC(277) Post Compact 1.697ms
[2026-03-22T17:32:41.252+0900][6.318s][info][gc,heap        ] GC(277) PSYoungGen: 163057K(163840K)->0K(163840K) Eden: 152561K(153088K)->0K(153088K) From: 10496K(10752K)->0K(10752K)
[2026-03-22T17:32:41.252+0900][6.318s][info][gc,heap        ] GC(277) ParOldGen: 291999K(349696K)->103430K(349696K)
[2026-03-22T17:32:41.252+0900][6.318s][info][gc,metaspace   ] GC(277) Metaspace: 338K(512K)->338K(512K) NonClass: 320K(384K)->320K(384K) Class: 17K(128K)->17K(128K)
[2026-03-22T17:32:41.252+0900][6.318s][info][gc             ] GC(277) Pause Full (Ergonomics) 444M->101M(501M) 9.147ms
[2026-03-22T17:32:41.252+0900][6.318s][info][gc,cpu         ] GC(277) User=0.03s Sys=0.03s Real=0.01s
[2026-03-22T17:32:41.266+0900][6.332s][info][gc,start       ] GC(278) Pause Young (Allocation Failure)
[2026-03-22T17:32:41.271+0900][6.337s][info][gc,heap        ] GC(278) PSYoungGen: 152561K(163840K)->10496K(163840K) Eden: 152561K(153088K)->0K(153088K) From: 0K(10752K)->10496K(10752K)
[2026-03-22T17:32:41.271+0900][6.337s][info][gc,heap        ] GC(278) ParOldGen: 103430K(349696K)->197639K(349696K)
[2026-03-22T17:32:41.271+0900][6.337s][info][gc,metaspace   ] GC(278) Metaspace: 338K(512K)->338K(512K) NonClass: 320K(384K)->320K(384K) Class: 17K(128K)->17K(128K)
[2026-03-22T17:32:41.271+0900][6.337s][info][gc             ] GC(278) Pause Young (Allocation Failure) 249M->203M(501M) 4.828ms
[2026-03-22T17:32:41.271+0900][6.337s][info][gc,cpu         ] GC(278) User=0.00s Sys=0.00s Real=0.00s
[2026-03-22T17:32:41.287+0900][6.352s][info][gc,start       ] GC(279) Pause Young (Allocation Failure)
[2026-03-22T17:32:41.292+0900][6.357s][info][gc,heap        ] GC(279) PSYoungGen: 163057K(163840K)->10496K(163840K) Eden: 152561K(153088K)->0K(153088K) From: 10496K(10752K)->10496K(10752K)
[2026-03-22T17:32:41.292+0900][6.357s][info][gc,heap        ] GC(279) ParOldGen: 197639K(349696K)->291999K(349696K)
[2026-03-22T17:32:41.292+0900][6.357s][info][gc,metaspace   ] GC(279) Metaspace: 338K(512K)->338K(512K) NonClass: 320K(384K)->320K(384K) Class: 17K(128K)->17K(128K)
[2026-03-22T17:32:41.292+0900][6.357s][info][gc             ] GC(279) Pause Young (Allocation Failure) 352M->295M(501M) 5.026ms
[2026-03-22T17:32:41.292+0900][6.357s][info][gc,cpu         ] GC(279) User=0.05s Sys=0.00s Real=0.01s
[2026-03-22T17:32:41.307+0900][6.372s][info][gc,start       ] GC(280) Pause Full (Ergonomics)
[2026-03-22T17:32:41.307+0900][6.372s][info][gc,phases,start] GC(280) Marking Phase
[2026-03-22T17:32:41.308+0900][6.373s][info][gc,phases      ] GC(280) Marking Phase 1.185ms
[2026-03-22T17:32:41.308+0900][6.374s][info][gc,phases,start] GC(280) Summary Phase
[2026-03-22T17:32:41.308+0900][6.374s][info][gc,phases      ] GC(280) Summary Phase 0.016ms
[2026-03-22T17:32:41.308+0900][6.374s][info][gc,phases,start] GC(280) Adjust Roots
[2026-03-22T17:32:41.308+0900][6.374s][info][gc,phases      ] GC(280) Adjust Roots 0.285ms
[2026-03-22T17:32:41.308+0900][6.374s][info][gc,phases,start] GC(280) Compaction Phase
[2026-03-22T17:32:41.316+0900][6.381s][info][gc,phases      ] GC(280) Compaction Phase 7.231ms
[2026-03-22T17:32:41.316+0900][6.381s][info][gc,phases,start] GC(280) Post Compact
[2026-03-22T17:32:41.317+0900][6.383s][info][gc,phases      ] GC(280) Post Compact 1.391ms
[2026-03-22T17:32:41.317+0900][6.383s][info][gc,heap        ] GC(280) PSYoungGen: 163057K(163840K)->0K(163840K) Eden: 152561K(153088K)->0K(153088K) From: 10496K(10752K)->0K(10752K)
[2026-03-22T17:32:41.317+0900][6.383s][info][gc,heap        ] GC(280) ParOldGen: 291999K(349696K)->103430K(349696K)
[2026-03-22T17:32:41.317+0900][6.383s][info][gc,metaspace   ] GC(280) Metaspace: 338K(512K)->338K(512K) NonClass: 320K(384K)->320K(384K) Class: 17K(128K)->17K(128K)
[2026-03-22T17:32:41.317+0900][6.383s][info][gc             ] GC(280) Pause Full (Ergonomics) 444M->101M(501M) 10.499ms
[2026-03-22T17:32:41.317+0900][6.383s][info][gc,cpu         ] GC(280) User=0.00s Sys=0.00s Real=0.01s
[2026-03-22T17:32:41.334+0900][6.400s][info][gc,start       ] GC(281) Pause Young (Allocation Failure)
[2026-03-22T17:32:41.339+0900][6.405s][info][gc,heap        ] GC(281) PSYoungGen: 152561K(163840K)->10496K(163840K) Eden: 152561K(153088K)->0K(153088K) From: 0K(10752K)->10496K(10752K)
[2026-03-22T17:32:41.339+0900][6.405s][info][gc,heap        ] GC(281) ParOldGen: 103430K(349696K)->197639K(349696K)
[2026-03-22T17:32:41.339+0900][6.405s][info][gc,metaspace   ] GC(281) Metaspace: 338K(512K)->338K(512K) NonClass: 320K(384K)->320K(384K) Class: 17K(128K)->17K(128K)
[2026-03-22T17:32:41.339+0900][6.405s][info][gc             ] GC(281) Pause Young (Allocation Failure) 249M->203M(501M) 5.268ms
[2026-03-22T17:32:41.339+0900][6.405s][info][gc,cpu         ] GC(281) User=0.06s Sys=0.00s Real=0.00s
[2026-03-22T17:32:41.355+0900][6.421s][info][gc,start       ] GC(282) Pause Young (Allocation Failure)
[2026-03-22T17:32:41.360+0900][6.426s][info][gc,heap        ] GC(282) PSYoungGen: 163057K(163840K)->10496K(163840K) Eden: 152561K(153088K)->0K(153088K) From: 10496K(10752K)->10496K(10752K)
[2026-03-22T17:32:41.360+0900][6.426s][info][gc,heap        ] GC(282) ParOldGen: 197639K(349696K)->291999K(349696K)
[2026-03-22T17:32:41.360+0900][6.426s][info][gc,metaspace   ] GC(282) Metaspace: 338K(512K)->338K(512K) NonClass: 320K(384K)->320K(384K) Class: 17K(128K)->17K(128K)
[2026-03-22T17:32:41.360+0900][6.426s][info][gc             ] GC(282) Pause Young (Allocation Failure) 352M->295M(501M) 4.708ms
[2026-03-22T17:32:41.360+0900][6.426s][info][gc,cpu         ] GC(282) User=0.00s Sys=0.00s Real=0.00s
[2026-03-22T17:32:41.376+0900][6.442s][info][gc,start       ] GC(283) Pause Full (Ergonomics)
[2026-03-22T17:32:41.376+0900][6.442s][info][gc,phases,start] GC(283) Marking Phase
[2026-03-22T17:32:41.378+0900][6.443s][info][gc,phases      ] GC(283) Marking Phase 1.259ms
[2026-03-22T17:32:41.378+0900][6.443s][info][gc,phases,start] GC(283) Summary Phase
[2026-03-22T17:32:41.378+0900][6.443s][info][gc,phases      ] GC(283) Summary Phase 0.021ms
[2026-03-22T17:32:41.378+0900][6.443s][info][gc,phases,start] GC(283) Adjust Roots
[2026-03-22T17:32:41.378+0900][6.443s][info][gc,phases      ] GC(283) Adjust Roots 0.231ms
[2026-03-22T17:32:41.378+0900][6.443s][info][gc,phases,start] GC(283) Compaction Phase
[2026-03-22T17:32:41.384+0900][6.449s][info][gc,phases      ] GC(283) Compaction Phase 5.375ms
[2026-03-22T17:32:41.384+0900][6.449s][info][gc,phases,start] GC(283) Post Compact
[2026-03-22T17:32:41.385+0900][6.451s][info][gc,phases      ] GC(283) Post Compact 1.615ms
[2026-03-22T17:32:41.385+0900][6.451s][info][gc,heap        ] GC(283) PSYoungGen: 163057K(163840K)->0K(163840K) Eden: 152561K(153088K)->0K(153088K) From: 10496K(10752K)->0K(10752K)
[2026-03-22T17:32:41.385+0900][6.451s][info][gc,heap        ] GC(283) ParOldGen: 291999K(349696K)->103430K(349696K)
[2026-03-22T17:32:41.385+0900][6.451s][info][gc,metaspace   ] GC(283) Metaspace: 338K(512K)->338K(512K) NonClass: 320K(384K)->320K(384K) Class: 17K(128K)->17K(128K)
[2026-03-22T17:32:41.385+0900][6.451s][info][gc             ] GC(283) Pause Full (Ergonomics) 444M->101M(501M) 8.803ms
[2026-03-22T17:32:41.385+0900][6.451s][info][gc,cpu         ] GC(283) User=0.00s Sys=0.02s Real=0.01s
[2026-03-22T17:32:41.401+0900][6.467s][info][gc,start       ] GC(284) Pause Young (Allocation Failure)
[2026-03-22T17:32:41.407+0900][6.473s][info][gc,heap        ] GC(284) PSYoungGen: 152561K(163840K)->10496K(163840K) Eden: 152561K(153088K)->0K(153088K) From: 0K(10752K)->10496K(10752K)
[2026-03-22T17:32:41.408+0900][6.473s][info][gc,heap        ] GC(284) ParOldGen: 103430K(349696K)->197639K(349696K)
[2026-03-22T17:32:41.408+0900][6.473s][info][gc,metaspace   ] GC(284) Metaspace: 338K(512K)->338K(512K) NonClass: 320K(384K)->320K(384K) Class: 17K(128K)->17K(128K)
[2026-03-22T17:32:41.408+0900][6.474s][info][gc             ] GC(284) Pause Young (Allocation Failure) 249M->203M(501M) 6.849ms
[2026-03-22T17:32:41.408+0900][6.474s][info][gc,cpu         ] GC(284) User=0.00s Sys=0.00s Real=0.01s
[2026-03-22T17:32:41.425+0900][6.491s][info][gc,start       ] GC(285) Pause Young (Allocation Failure)
[2026-03-22T17:32:41.431+0900][6.496s][info][gc,heap        ] GC(285) PSYoungGen: 163057K(163840K)->10496K(163840K) Eden: 152561K(153088K)->0K(153088K) From: 10496K(10752K)->10496K(10752K)
[2026-03-22T17:32:41.431+0900][6.496s][info][gc,heap        ] GC(285) ParOldGen: 197639K(349696K)->291999K(349696K)
[2026-03-22T17:32:41.431+0900][6.496s][info][gc,metaspace   ] GC(285) Metaspace: 338K(512K)->338K(512K) NonClass: 320K(384K)->320K(384K) Class: 17K(128K)->17K(128K)
[2026-03-22T17:32:41.431+0900][6.497s][info][gc             ] GC(285) Pause Young (Allocation Failure) 352M->295M(501M) 5.203ms
[2026-03-22T17:32:41.431+0900][6.497s][info][gc,cpu         ] GC(285) User=0.00s Sys=0.00s Real=0.01s
[2026-03-22T17:32:41.448+0900][6.513s][info][gc,start       ] GC(286) Pause Full (Ergonomics)
[2026-03-22T17:32:41.448+0900][6.513s][info][gc,phases,start] GC(286) Marking Phase
[2026-03-22T17:32:41.449+0900][6.514s][info][gc,phases      ] GC(286) Marking Phase 1.332ms
[2026-03-22T17:32:41.449+0900][6.514s][info][gc,phases,start] GC(286) Summary Phase
[2026-03-22T17:32:41.449+0900][6.515s][info][gc,phases      ] GC(286) Summary Phase 0.020ms
[2026-03-22T17:32:41.449+0900][6.515s][info][gc,phases,start] GC(286) Adjust Roots
[2026-03-22T17:32:41.449+0900][6.515s][info][gc,phases      ] GC(286) Adjust Roots 0.275ms
[2026-03-22T17:32:41.449+0900][6.515s][info][gc,phases,start] GC(286) Compaction Phase
[2026-03-22T17:32:41.455+0900][6.520s][info][gc,phases      ] GC(286) Compaction Phase 5.563ms
[2026-03-22T17:32:41.455+0900][6.521s][info][gc,phases,start] GC(286) Post Compact
[2026-03-22T17:32:41.457+0900][6.523s][info][gc,phases      ] GC(286) Post Compact 1.911ms
[2026-03-22T17:32:41.457+0900][6.523s][info][gc,heap        ] GC(286) PSYoungGen: 163057K(163840K)->0K(163840K) Eden: 152561K(153088K)->0K(153088K) From: 10496K(10752K)->0K(10752K)
[2026-03-22T17:32:41.457+0900][6.523s][info][gc,heap        ] GC(286) ParOldGen: 291999K(349696K)->103430K(349696K)
[2026-03-22T17:32:41.457+0900][6.523s][info][gc,metaspace   ] GC(286) Metaspace: 338K(512K)->338K(512K) NonClass: 320K(384K)->320K(384K) Class: 17K(128K)->17K(128K)
[2026-03-22T17:32:41.457+0900][6.523s][info][gc             ] GC(286) Pause Full (Ergonomics) 444M->101M(501M) 9.578ms
[2026-03-22T17:32:41.457+0900][6.523s][info][gc,cpu         ] GC(286) User=0.00s Sys=0.00s Real=0.01s
[2026-03-22T17:32:41.474+0900][6.539s][info][gc,start       ] GC(287) Pause Young (Allocation Failure)
[2026-03-22T17:32:41.478+0900][6.543s][info][gc,heap        ] GC(287) PSYoungGen: 152561K(163840K)->10496K(163840K) Eden: 152561K(153088K)->0K(153088K) From: 0K(10752K)->10496K(10752K)
[2026-03-22T17:32:41.478+0900][6.544s][info][gc,heap        ] GC(287) ParOldGen: 103430K(349696K)->197639K(349696K)
[2026-03-22T17:32:41.478+0900][6.544s][info][gc,metaspace   ] GC(287) Metaspace: 338K(512K)->338K(512K) NonClass: 320K(384K)->320K(384K) Class: 17K(128K)->17K(128K)
[2026-03-22T17:32:41.478+0900][6.544s][info][gc             ] GC(287) Pause Young (Allocation Failure) 249M->203M(501M) 4.388ms
[2026-03-22T17:32:41.478+0900][6.544s][info][gc,cpu         ] GC(287) User=0.00s Sys=0.00s Real=0.00s
[2026-03-22T17:32:41.493+0900][6.559s][info][gc,start       ] GC(288) Pause Young (Allocation Failure)
[2026-03-22T17:32:41.498+0900][6.564s][info][gc,heap        ] GC(288) PSYoungGen: 163057K(163840K)->10496K(163840K) Eden: 152561K(153088K)->0K(153088K) From: 10496K(10752K)->10496K(10752K)
[2026-03-22T17:32:41.498+0900][6.564s][info][gc,heap        ] GC(288) ParOldGen: 197639K(349696K)->291999K(349696K)
[2026-03-22T17:32:41.498+0900][6.564s][info][gc,metaspace   ] GC(288) Metaspace: 338K(512K)->338K(512K) NonClass: 320K(384K)->320K(384K) Class: 17K(128K)->17K(128K)
[2026-03-22T17:32:41.498+0900][6.564s][info][gc             ] GC(288) Pause Young (Allocation Failure) 352M->295M(501M) 5.105ms
[2026-03-22T17:32:41.498+0900][6.564s][info][gc,cpu         ] GC(288) User=0.06s Sys=0.00s Real=0.00s
[2026-03-22T17:32:41.516+0900][6.582s][info][gc,start       ] GC(289) Pause Full (Ergonomics)
[2026-03-22T17:32:41.516+0900][6.582s][info][gc,phases,start] GC(289) Marking Phase
[2026-03-22T17:32:41.518+0900][6.584s][info][gc,phases      ] GC(289) Marking Phase 1.480ms
[2026-03-22T17:32:41.518+0900][6.584s][info][gc,phases,start] GC(289) Summary Phase
[2026-03-22T17:32:41.518+0900][6.584s][info][gc,phases      ] GC(289) Summary Phase 0.020ms
[2026-03-22T17:32:41.518+0900][6.584s][info][gc,phases,start] GC(289) Adjust Roots
[2026-03-22T17:32:41.518+0900][6.584s][info][gc,phases      ] GC(289) Adjust Roots 0.222ms
[2026-03-22T17:32:41.518+0900][6.584s][info][gc,phases,start] GC(289) Compaction Phase
[2026-03-22T17:32:41.524+0900][6.590s][info][gc,phases      ] GC(289) Compaction Phase 6.000ms
[2026-03-22T17:32:41.524+0900][6.590s][info][gc,phases,start] GC(289) Post Compact
[2026-03-22T17:32:41.526+0900][6.592s][info][gc,phases      ] GC(289) Post Compact 1.560ms
[2026-03-22T17:32:41.526+0900][6.592s][info][gc,heap        ] GC(289) PSYoungGen: 163057K(163840K)->0K(163840K) Eden: 152561K(153088K)->0K(153088K) From: 10496K(10752K)->0K(10752K)
[2026-03-22T17:32:41.526+0900][6.592s][info][gc,heap        ] GC(289) ParOldGen: 291999K(349696K)->103430K(349696K)
[2026-03-22T17:32:41.526+0900][6.592s][info][gc,metaspace   ] GC(289) Metaspace: 338K(512K)->338K(512K) NonClass: 320K(384K)->320K(384K) Class: 17K(128K)->17K(128K)
[2026-03-22T17:32:41.526+0900][6.592s][info][gc             ] GC(289) Pause Full (Ergonomics) 444M->101M(501M) 9.625ms
[2026-03-22T17:32:41.526+0900][6.592s][info][gc,cpu         ] GC(289) User=0.00s Sys=0.02s Real=0.01s
[2026-03-22T17:32:41.542+0900][6.608s][info][gc,start       ] GC(290) Pause Young (Allocation Failure)
[2026-03-22T17:32:41.547+0900][6.613s][info][gc,heap        ] GC(290) PSYoungGen: 152561K(163840K)->10496K(163840K) Eden: 152561K(153088K)->0K(153088K) From: 0K(10752K)->10496K(10752K)
[2026-03-22T17:32:41.547+0900][6.613s][info][gc,heap        ] GC(290) ParOldGen: 103430K(349696K)->197639K(349696K)
[2026-03-22T17:32:41.548+0900][6.613s][info][gc,metaspace   ] GC(290) Metaspace: 338K(512K)->338K(512K) NonClass: 320K(384K)->320K(384K) Class: 17K(128K)->17K(128K)
[2026-03-22T17:32:41.548+0900][6.613s][info][gc             ] GC(290) Pause Young (Allocation Failure) 249M->203M(501M) 4.774ms
[2026-03-22T17:32:41.548+0900][6.613s][info][gc,cpu         ] GC(290) User=0.00s Sys=0.00s Real=0.01s
[2026-03-22T17:32:41.564+0900][6.630s][info][gc,start       ] GC(291) Pause Young (Allocation Failure)
[2026-03-22T17:32:41.569+0900][6.635s][info][gc,heap        ] GC(291) PSYoungGen: 163057K(163840K)->10496K(163840K) Eden: 152561K(153088K)->0K(153088K) From: 10496K(10752K)->10496K(10752K)
[2026-03-22T17:32:41.569+0900][6.635s][info][gc,heap        ] GC(291) ParOldGen: 197639K(349696K)->291999K(349696K)
[2026-03-22T17:32:41.569+0900][6.635s][info][gc,metaspace   ] GC(291) Metaspace: 338K(512K)->338K(512K) NonClass: 320K(384K)->320K(384K) Class: 17K(128K)->17K(128K)
[2026-03-22T17:32:41.569+0900][6.635s][info][gc             ] GC(291) Pause Young (Allocation Failure) 352M->295M(501M) 5.238ms
[2026-03-22T17:32:41.569+0900][6.635s][info][gc,cpu         ] GC(291) User=0.00s Sys=0.00s Real=0.01s
[2026-03-22T17:32:41.584+0900][6.650s][info][gc,start       ] GC(292) Pause Full (Ergonomics)
[2026-03-22T17:32:41.584+0900][6.650s][info][gc,phases,start] GC(292) Marking Phase
[2026-03-22T17:32:41.586+0900][6.652s][info][gc,phases      ] GC(292) Marking Phase 1.455ms
[2026-03-22T17:32:41.586+0900][6.652s][info][gc,phases,start] GC(292) Summary Phase
[2026-03-22T17:32:41.586+0900][6.652s][info][gc,phases      ] GC(292) Summary Phase 0.024ms
[2026-03-22T17:32:41.586+0900][6.652s][info][gc,phases,start] GC(292) Adjust Roots
[2026-03-22T17:32:41.586+0900][6.652s][info][gc,phases      ] GC(292) Adjust Roots 0.406ms
[2026-03-22T17:32:41.586+0900][6.652s][info][gc,phases,start] GC(292) Compaction Phase
[2026-03-22T17:32:41.592+0900][6.658s][info][gc,phases      ] GC(292) Compaction Phase 5.781ms
[2026-03-22T17:32:41.592+0900][6.658s][info][gc,phases,start] GC(292) Post Compact
[2026-03-22T17:32:41.594+0900][6.660s][info][gc,phases      ] GC(292) Post Compact 1.496ms
[2026-03-22T17:32:41.594+0900][6.660s][info][gc,heap        ] GC(292) PSYoungGen: 163057K(163840K)->0K(163840K) Eden: 152561K(153088K)->0K(153088K) From: 10496K(10752K)->0K(10752K)
[2026-03-22T17:32:41.594+0900][6.660s][info][gc,heap        ] GC(292) ParOldGen: 291999K(349696K)->103430K(349696K)
[2026-03-22T17:32:41.594+0900][6.660s][info][gc,metaspace   ] GC(292) Metaspace: 338K(512K)->338K(512K) NonClass: 320K(384K)->320K(384K) Class: 17K(128K)->17K(128K)
[2026-03-22T17:32:41.594+0900][6.660s][info][gc             ] GC(292) Pause Full (Ergonomics) 444M->101M(501M) 9.475ms
[2026-03-22T17:32:41.594+0900][6.660s][info][gc,cpu         ] GC(292) User=0.05s Sys=0.00s Real=0.01s
[2026-03-22T17:32:41.610+0900][6.675s][info][gc,start       ] GC(293) Pause Young (Allocation Failure)
[2026-03-22T17:32:41.616+0900][6.682s][info][gc,heap        ] GC(293) PSYoungGen: 152561K(163840K)->10496K(163840K) Eden: 152561K(153088K)->0K(153088K) From: 0K(10752K)->10496K(10752K)
[2026-03-22T17:32:41.616+0900][6.682s][info][gc,heap        ] GC(293) ParOldGen: 103430K(349696K)->197639K(349696K)
[2026-03-22T17:32:41.616+0900][6.682s][info][gc,metaspace   ] GC(293) Metaspace: 338K(512K)->338K(512K) NonClass: 320K(384K)->320K(384K) Class: 17K(128K)->17K(128K)
[2026-03-22T17:32:41.616+0900][6.682s][info][gc             ] GC(293) Pause Young (Allocation Failure) 249M->203M(501M) 6.780ms
[2026-03-22T17:32:41.616+0900][6.682s][info][gc,cpu         ] GC(293) User=0.00s Sys=0.00s Real=0.01s
[2026-03-22T17:32:41.633+0900][6.699s][info][gc,start       ] GC(294) Pause Young (Allocation Failure)
[2026-03-22T17:32:41.639+0900][6.704s][info][gc,heap        ] GC(294) PSYoungGen: 163057K(163840K)->10464K(163840K) Eden: 152561K(153088K)->0K(153088K) From: 10496K(10752K)->10464K(10752K)
[2026-03-22T17:32:41.639+0900][6.704s][info][gc,heap        ] GC(294) ParOldGen: 197639K(349696K)->291999K(349696K)
[2026-03-22T17:32:41.639+0900][6.704s][info][gc,metaspace   ] GC(294) Metaspace: 338K(512K)->338K(512K) NonClass: 320K(384K)->320K(384K) Class: 17K(128K)->17K(128K)
[2026-03-22T17:32:41.639+0900][6.704s][info][gc             ] GC(294) Pause Young (Allocation Failure) 352M->295M(501M) 5.465ms
[2026-03-22T17:32:41.639+0900][6.705s][info][gc,cpu         ] GC(294) User=0.05s Sys=0.00s Real=0.01s
[2026-03-22T17:32:41.654+0900][6.719s][info][gc,start       ] GC(295) Pause Full (Ergonomics)
[2026-03-22T17:32:41.654+0900][6.720s][info][gc,phases,start] GC(295) Marking Phase
[2026-03-22T17:32:41.655+0900][6.721s][info][gc,phases      ] GC(295) Marking Phase 1.003ms
[2026-03-22T17:32:41.655+0900][6.721s][info][gc,phases,start] GC(295) Summary Phase
[2026-03-22T17:32:41.655+0900][6.721s][info][gc,phases      ] GC(295) Summary Phase 0.015ms
[2026-03-22T17:32:41.655+0900][6.721s][info][gc,phases,start] GC(295) Adjust Roots
[2026-03-22T17:32:41.655+0900][6.721s][info][gc,phases      ] GC(295) Adjust Roots 0.401ms
[2026-03-22T17:32:41.655+0900][6.721s][info][gc,phases,start] GC(295) Compaction Phase
[2026-03-22T17:32:41.660+0900][6.727s][info][gc,phases      ] GC(295) Compaction Phase 5.472ms
[2026-03-22T17:32:41.660+0900][6.727s][info][gc,phases,start] GC(295) Post Compact
[2026-03-22T17:32:41.662+0900][6.728s][info][gc,phases      ] GC(295) Post Compact 1.504ms
[2026-03-22T17:32:41.662+0900][6.728s][info][gc,heap        ] GC(295) PSYoungGen: 163025K(163840K)->0K(163840K) Eden: 152561K(153088K)->0K(153088K) From: 10464K(10752K)->0K(10752K)
[2026-03-22T17:32:41.662+0900][6.728s][info][gc,heap        ] GC(295) ParOldGen: 291999K(349696K)->103430K(349696K)
[2026-03-22T17:32:41.662+0900][6.728s][info][gc,metaspace   ] GC(295) Metaspace: 338K(512K)->338K(512K) NonClass: 320K(384K)->320K(384K) Class: 17K(128K)->17K(128K)
[2026-03-22T17:32:41.662+0900][6.728s][info][gc             ] GC(295) Pause Full (Ergonomics) 444M->101M(501M) 8.757ms
[2026-03-22T17:32:41.662+0900][6.728s][info][gc,cpu         ] GC(295) User=0.00s Sys=0.00s Real=0.01s
[2026-03-22T17:32:41.678+0900][6.744s][info][gc,start       ] GC(296) Pause Young (Allocation Failure)
[2026-03-22T17:32:41.683+0900][6.748s][info][gc,heap        ] GC(296) PSYoungGen: 152561K(163840K)->10496K(163840K) Eden: 152561K(153088K)->0K(153088K) From: 0K(10752K)->10496K(10752K)
[2026-03-22T17:32:41.683+0900][6.748s][info][gc,heap        ] GC(296) ParOldGen: 103430K(349696K)->197639K(349696K)
[2026-03-22T17:32:41.683+0900][6.748s][info][gc,metaspace   ] GC(296) Metaspace: 338K(512K)->338K(512K) NonClass: 320K(384K)->320K(384K) Class: 17K(128K)->17K(128K)
[2026-03-22T17:32:41.683+0900][6.749s][info][gc             ] GC(296) Pause Young (Allocation Failure) 249M->203M(501M) 4.801ms
[2026-03-22T17:32:41.683+0900][6.749s][info][gc,cpu         ] GC(296) User=0.06s Sys=0.00s Real=0.01s
[2026-03-22T17:32:41.700+0900][6.765s][info][gc,start       ] GC(297) Pause Young (Allocation Failure)
[2026-03-22T17:32:41.704+0900][6.770s][info][gc,heap        ] GC(297) PSYoungGen: 163057K(163840K)->10496K(163840K) Eden: 152561K(153088K)->0K(153088K) From: 10496K(10752K)->10496K(10752K)
[2026-03-22T17:32:41.704+0900][6.770s][info][gc,heap        ] GC(297) ParOldGen: 197639K(349696K)->291999K(349696K)
[2026-03-22T17:32:41.704+0900][6.770s][info][gc,metaspace   ] GC(297) Metaspace: 338K(512K)->338K(512K) NonClass: 320K(384K)->320K(384K) Class: 17K(128K)->17K(128K)
[2026-03-22T17:32:41.704+0900][6.770s][info][gc             ] GC(297) Pause Young (Allocation Failure) 352M->295M(501M) 4.942ms
[2026-03-22T17:32:41.704+0900][6.770s][info][gc,cpu         ] GC(297) User=0.00s Sys=0.00s Real=0.00s
[2026-03-22T17:32:41.719+0900][6.785s][info][gc,start       ] GC(298) Pause Full (Ergonomics)
[2026-03-22T17:32:41.719+0900][6.785s][info][gc,phases,start] GC(298) Marking Phase
[2026-03-22T17:32:41.721+0900][6.786s][info][gc,phases      ] GC(298) Marking Phase 1.201ms
[2026-03-22T17:32:41.721+0900][6.786s][info][gc,phases,start] GC(298) Summary Phase
[2026-03-22T17:32:41.721+0900][6.786s][info][gc,phases      ] GC(298) Summary Phase 0.015ms
[2026-03-22T17:32:41.721+0900][6.786s][info][gc,phases,start] GC(298) Adjust Roots
[2026-03-22T17:32:41.721+0900][6.786s][info][gc,phases      ] GC(298) Adjust Roots 0.170ms
[2026-03-22T17:32:41.721+0900][6.786s][info][gc,phases,start] GC(298) Compaction Phase
[2026-03-22T17:32:41.727+0900][6.793s][info][gc,phases      ] GC(298) Compaction Phase 6.146ms
[2026-03-22T17:32:41.727+0900][6.793s][info][gc,phases,start] GC(298) Post Compact
[2026-03-22T17:32:41.729+0900][6.795s][info][gc,phases      ] GC(298) Post Compact 2.318ms
[2026-03-22T17:32:41.729+0900][6.795s][info][gc,heap        ] GC(298) PSYoungGen: 163057K(163840K)->0K(163840K) Eden: 152561K(153088K)->0K(153088K) From: 10496K(10752K)->0K(10752K)
[2026-03-22T17:32:41.729+0900][6.795s][info][gc,heap        ] GC(298) ParOldGen: 291999K(349696K)->103430K(349696K)
[2026-03-22T17:32:41.729+0900][6.795s][info][gc,metaspace   ] GC(298) Metaspace: 338K(512K)->338K(512K) NonClass: 320K(384K)->320K(384K) Class: 17K(128K)->17K(128K)
[2026-03-22T17:32:41.729+0900][6.795s][info][gc             ] GC(298) Pause Full (Ergonomics) 444M->101M(501M) 10.214ms
[2026-03-22T17:32:41.729+0900][6.795s][info][gc,cpu         ] GC(298) User=0.00s Sys=0.02s Real=0.01s
[2026-03-22T17:32:41.744+0900][6.811s][info][gc,start       ] GC(299) Pause Young (Allocation Failure)
[2026-03-22T17:32:41.750+0900][6.815s][info][gc,heap        ] GC(299) PSYoungGen: 152561K(163840K)->10496K(163840K) Eden: 152561K(153088K)->0K(153088K) From: 0K(10752K)->10496K(10752K)
[2026-03-22T17:32:41.750+0900][6.815s][info][gc,heap        ] GC(299) ParOldGen: 103430K(349696K)->197639K(349696K)
[2026-03-22T17:32:41.750+0900][6.815s][info][gc,metaspace   ] GC(299) Metaspace: 338K(512K)->338K(512K) NonClass: 320K(384K)->320K(384K) Class: 17K(128K)->17K(128K)
[2026-03-22T17:32:41.750+0900][6.815s][info][gc             ] GC(299) Pause Young (Allocation Failure) 249M->203M(501M) 4.800ms
[2026-03-22T17:32:41.750+0900][6.815s][info][gc,cpu         ] GC(299) User=0.00s Sys=0.00s Real=0.01s
[2026-03-22T17:32:41.764+0900][6.830s][info][gc,start       ] GC(300) Pause Young (Allocation Failure)
[2026-03-22T17:32:41.769+0900][6.835s][info][gc,heap        ] GC(300) PSYoungGen: 163057K(163840K)->10496K(163840K) Eden: 152561K(153088K)->0K(153088K) From: 10496K(10752K)->10496K(10752K)
[2026-03-22T17:32:41.769+0900][6.835s][info][gc,heap        ] GC(300) ParOldGen: 197639K(349696K)->291999K(349696K)
[2026-03-22T17:32:41.769+0900][6.835s][info][gc,metaspace   ] GC(300) Metaspace: 338K(512K)->338K(512K) NonClass: 320K(384K)->320K(384K) Class: 17K(128K)->17K(128K)
[2026-03-22T17:32:41.769+0900][6.835s][info][gc             ] GC(300) Pause Young (Allocation Failure) 352M->295M(501M) 4.692ms
[2026-03-22T17:32:41.769+0900][6.835s][info][gc,cpu         ] GC(300) User=0.00s Sys=0.00s Real=0.01s
[2026-03-22T17:32:41.786+0900][6.851s][info][gc,start       ] GC(301) Pause Full (Ergonomics)
[2026-03-22T17:32:41.786+0900][6.851s][info][gc,phases,start] GC(301) Marking Phase
[2026-03-22T17:32:41.787+0900][6.852s][info][gc,phases      ] GC(301) Marking Phase 1.326ms
[2026-03-22T17:32:41.787+0900][6.853s][info][gc,phases,start] GC(301) Summary Phase
[2026-03-22T17:32:41.787+0900][6.853s][info][gc,phases      ] GC(301) Summary Phase 0.028ms
[2026-03-22T17:32:41.787+0900][6.853s][info][gc,phases,start] GC(301) Adjust Roots
[2026-03-22T17:32:41.787+0900][6.853s][info][gc,phases      ] GC(301) Adjust Roots 0.188ms
[2026-03-22T17:32:41.787+0900][6.853s][info][gc,phases,start] GC(301) Compaction Phase
[2026-03-22T17:32:41.793+0900][6.859s][info][gc,phases      ] GC(301) Compaction Phase 5.904ms
[2026-03-22T17:32:41.793+0900][6.859s][info][gc,phases,start] GC(301) Post Compact
[2026-03-22T17:32:41.795+0900][6.860s][info][gc,phases      ] GC(301) Post Compact 1.381ms
[2026-03-22T17:32:41.795+0900][6.860s][info][gc,heap        ] GC(301) PSYoungGen: 163057K(163840K)->0K(163840K) Eden: 152561K(153088K)->0K(153088K) From: 10496K(10752K)->0K(10752K)
[2026-03-22T17:32:41.795+0900][6.860s][info][gc,heap        ] GC(301) ParOldGen: 291999K(349696K)->103430K(349696K)
[2026-03-22T17:32:41.795+0900][6.860s][info][gc,metaspace   ] GC(301) Metaspace: 338K(512K)->338K(512K) NonClass: 320K(384K)->320K(384K) Class: 17K(128K)->17K(128K)
[2026-03-22T17:32:41.795+0900][6.860s][info][gc             ] GC(301) Pause Full (Ergonomics) 444M->101M(501M) 9.088ms
[2026-03-22T17:32:41.795+0900][6.860s][info][gc,cpu         ] GC(301) User=0.06s Sys=0.00s Real=0.01s
[2026-03-22T17:32:41.810+0900][6.876s][info][gc,start       ] GC(302) Pause Young (Allocation Failure)
[2026-03-22T17:32:41.819+0900][6.885s][info][gc,heap        ] GC(302) PSYoungGen: 152561K(163840K)->10496K(163840K) Eden: 152561K(153088K)->0K(153088K) From: 0K(10752K)->10496K(10752K)
[2026-03-22T17:32:41.819+0900][6.885s][info][gc,heap        ] GC(302) ParOldGen: 103430K(349696K)->197639K(349696K)
[2026-03-22T17:32:41.819+0900][6.885s][info][gc,metaspace   ] GC(302) Metaspace: 338K(512K)->338K(512K) NonClass: 320K(384K)->320K(384K) Class: 17K(128K)->17K(128K)
[2026-03-22T17:32:41.819+0900][6.885s][info][gc             ] GC(302) Pause Young (Allocation Failure) 249M->203M(501M) 8.947ms
[2026-03-22T17:32:41.819+0900][6.885s][info][gc,cpu         ] GC(302) User=0.00s Sys=0.00s Real=0.01s
[2026-03-22T17:32:41.834+0900][6.900s][info][gc,start       ] GC(303) Pause Young (Allocation Failure)
[2026-03-22T17:32:41.839+0900][6.905s][info][gc,heap        ] GC(303) PSYoungGen: 163057K(163840K)->10496K(163840K) Eden: 152561K(153088K)->0K(153088K) From: 10496K(10752K)->10496K(10752K)
[2026-03-22T17:32:41.839+0900][6.905s][info][gc,heap        ] GC(303) ParOldGen: 197639K(349696K)->291999K(349696K)
[2026-03-22T17:32:41.839+0900][6.905s][info][gc,metaspace   ] GC(303) Metaspace: 338K(512K)->338K(512K) NonClass: 320K(384K)->320K(384K) Class: 17K(128K)->17K(128K)
[2026-03-22T17:32:41.839+0900][6.905s][info][gc             ] GC(303) Pause Young (Allocation Failure) 352M->295M(501M) 4.789ms
[2026-03-22T17:32:41.839+0900][6.905s][info][gc,cpu         ] GC(303) User=0.05s Sys=0.00s Real=0.00s
[2026-03-22T17:32:41.854+0900][6.919s][info][gc,start       ] GC(304) Pause Full (Ergonomics)
[2026-03-22T17:32:41.854+0900][6.919s][info][gc,phases,start] GC(304) Marking Phase
[2026-03-22T17:32:41.855+0900][6.921s][info][gc,phases      ] GC(304) Marking Phase 1.310ms
[2026-03-22T17:32:41.855+0900][6.921s][info][gc,phases,start] GC(304) Summary Phase
[2026-03-22T17:32:41.855+0900][6.921s][info][gc,phases      ] GC(304) Summary Phase 0.066ms
[2026-03-22T17:32:41.855+0900][6.921s][info][gc,phases,start] GC(304) Adjust Roots
[2026-03-22T17:32:41.856+0900][6.921s][info][gc,phases      ] GC(304) Adjust Roots 0.225ms
[2026-03-22T17:32:41.856+0900][6.921s][info][gc,phases,start] GC(304) Compaction Phase
[2026-03-22T17:32:41.861+0900][6.927s][info][gc,phases      ] GC(304) Compaction Phase 5.585ms
[2026-03-22T17:32:41.861+0900][6.927s][info][gc,phases,start] GC(304) Post Compact
[2026-03-22T17:32:41.862+0900][6.928s][info][gc,phases      ] GC(304) Post Compact 1.462ms
[2026-03-22T17:32:41.862+0900][6.928s][info][gc,heap        ] GC(304) PSYoungGen: 163057K(163840K)->0K(163840K) Eden: 152561K(153088K)->0K(153088K) From: 10496K(10752K)->0K(10752K)
[2026-03-22T17:32:41.862+0900][6.928s][info][gc,heap        ] GC(304) ParOldGen: 291999K(349696K)->103430K(349696K)
[2026-03-22T17:32:41.862+0900][6.928s][info][gc,metaspace   ] GC(304) Metaspace: 338K(512K)->338K(512K) NonClass: 320K(384K)->320K(384K) Class: 17K(128K)->17K(128K)
[2026-03-22T17:32:41.862+0900][6.928s][info][gc             ] GC(304) Pause Full (Ergonomics) 444M->101M(501M) 9.068ms
[2026-03-22T17:32:41.862+0900][6.928s][info][gc,cpu         ] GC(304) User=0.00s Sys=0.00s Real=0.01s
[2026-03-22T17:32:41.879+0900][6.944s][info][gc,start       ] GC(305) Pause Young (Allocation Failure)
[2026-03-22T17:32:41.883+0900][6.949s][info][gc,heap        ] GC(305) PSYoungGen: 152561K(163840K)->10496K(163840K) Eden: 152561K(153088K)->0K(153088K) From: 0K(10752K)->10496K(10752K)
[2026-03-22T17:32:41.883+0900][6.949s][info][gc,heap        ] GC(305) ParOldGen: 103430K(349696K)->197639K(349696K)
[2026-03-22T17:32:41.883+0900][6.949s][info][gc,metaspace   ] GC(305) Metaspace: 338K(512K)->338K(512K) NonClass: 320K(384K)->320K(384K) Class: 17K(128K)->17K(128K)
[2026-03-22T17:32:41.883+0900][6.949s][info][gc             ] GC(305) Pause Young (Allocation Failure) 249M->203M(501M) 4.526ms
[2026-03-22T17:32:41.883+0900][6.949s][info][gc,cpu         ] GC(305) User=0.00s Sys=0.00s Real=0.00s
[2026-03-22T17:32:41.899+0900][6.964s][info][gc,start       ] GC(306) Pause Young (Allocation Failure)
[2026-03-22T17:32:41.903+0900][6.969s][info][gc,heap        ] GC(306) PSYoungGen: 163057K(163840K)->10496K(163840K) Eden: 152561K(153088K)->0K(153088K) From: 10496K(10752K)->10496K(10752K)
[2026-03-22T17:32:41.904+0900][6.969s][info][gc,heap        ] GC(306) ParOldGen: 197639K(349696K)->291999K(349696K)
[2026-03-22T17:32:41.904+0900][6.969s][info][gc,metaspace   ] GC(306) Metaspace: 338K(512K)->338K(512K) NonClass: 320K(384K)->320K(384K) Class: 17K(128K)->17K(128K)
[2026-03-22T17:32:41.904+0900][6.969s][info][gc             ] GC(306) Pause Young (Allocation Failure) 352M->295M(501M) 4.787ms
[2026-03-22T17:32:41.904+0900][6.969s][info][gc,cpu         ] GC(306) User=0.06s Sys=0.00s Real=0.01s
[2026-03-22T17:32:41.918+0900][6.984s][info][gc,start       ] GC(307) Pause Full (Ergonomics)
[2026-03-22T17:32:41.918+0900][6.984s][info][gc,phases,start] GC(307) Marking Phase
[2026-03-22T17:32:41.919+0900][6.985s][info][gc,phases      ] GC(307) Marking Phase 1.169ms
[2026-03-22T17:32:41.919+0900][6.985s][info][gc,phases,start] GC(307) Summary Phase
[2026-03-22T17:32:41.919+0900][6.985s][info][gc,phases      ] GC(307) Summary Phase 0.015ms
[2026-03-22T17:32:41.919+0900][6.985s][info][gc,phases,start] GC(307) Adjust Roots
[2026-03-22T17:32:41.920+0900][6.985s][info][gc,phases      ] GC(307) Adjust Roots 0.182ms
[2026-03-22T17:32:41.920+0900][6.985s][info][gc,phases,start] GC(307) Compaction Phase
[2026-03-22T17:32:41.925+0900][6.991s][info][gc,phases      ] GC(307) Compaction Phase 5.769ms
[2026-03-22T17:32:41.926+0900][6.991s][info][gc,phases,start] GC(307) Post Compact
[2026-03-22T17:32:41.927+0900][6.993s][info][gc,phases      ] GC(307) Post Compact 1.657ms
[2026-03-22T17:32:41.927+0900][6.993s][info][gc,heap        ] GC(307) PSYoungGen: 163057K(163840K)->0K(163840K) Eden: 152561K(153088K)->0K(153088K) From: 10496K(10752K)->0K(10752K)
[2026-03-22T17:32:41.927+0900][6.993s][info][gc,heap        ] GC(307) ParOldGen: 291999K(349696K)->103430K(349696K)
[2026-03-22T17:32:41.927+0900][6.993s][info][gc,metaspace   ] GC(307) Metaspace: 338K(512K)->338K(512K) NonClass: 320K(384K)->320K(384K) Class: 17K(128K)->17K(128K)
[2026-03-22T17:32:41.927+0900][6.993s][info][gc             ] GC(307) Pause Full (Ergonomics) 444M->101M(501M) 9.151ms
[2026-03-22T17:32:41.927+0900][6.993s][info][gc,cpu         ] GC(307) User=0.00s Sys=0.00s Real=0.01s
[2026-03-22T17:32:41.943+0900][7.008s][info][gc,start       ] GC(308) Pause Young (Allocation Failure)
[2026-03-22T17:32:41.947+0900][7.013s][info][gc,heap        ] GC(308) PSYoungGen: 152561K(163840K)->10496K(163840K) Eden: 152561K(153088K)->0K(153088K) From: 0K(10752K)->10496K(10752K)
[2026-03-22T17:32:41.947+0900][7.013s][info][gc,heap        ] GC(308) ParOldGen: 103430K(349696K)->197639K(349696K)
[2026-03-22T17:32:41.947+0900][7.013s][info][gc,metaspace   ] GC(308) Metaspace: 338K(512K)->338K(512K) NonClass: 320K(384K)->320K(384K) Class: 17K(128K)->17K(128K)
[2026-03-22T17:32:41.947+0900][7.013s][info][gc             ] GC(308) Pause Young (Allocation Failure) 249M->203M(501M) 4.745ms
[2026-03-22T17:32:41.947+0900][7.013s][info][gc,cpu         ] GC(308) User=0.00s Sys=0.00s Real=0.00s
[2026-03-22T17:32:41.963+0900][7.029s][info][gc,start       ] GC(309) Pause Young (Allocation Failure)
[2026-03-22T17:32:41.968+0900][7.034s][info][gc,heap        ] GC(309) PSYoungGen: 163057K(163840K)->10496K(163840K) Eden: 152561K(153088K)->0K(153088K) From: 10496K(10752K)->10496K(10752K)
[2026-03-22T17:32:41.968+0900][7.034s][info][gc,heap        ] GC(309) ParOldGen: 197639K(349696K)->291999K(349696K)
[2026-03-22T17:32:41.968+0900][7.034s][info][gc,metaspace   ] GC(309) Metaspace: 338K(512K)->338K(512K) NonClass: 320K(384K)->320K(384K) Class: 17K(128K)->17K(128K)
[2026-03-22T17:32:41.968+0900][7.034s][info][gc             ] GC(309) Pause Young (Allocation Failure) 352M->295M(501M) 4.978ms
[2026-03-22T17:32:41.968+0900][7.034s][info][gc,cpu         ] GC(309) User=0.00s Sys=0.00s Real=0.00s
[2026-03-22T17:32:41.984+0900][7.050s][info][gc,start       ] GC(310) Pause Full (Ergonomics)
[2026-03-22T17:32:41.984+0900][7.050s][info][gc,phases,start] GC(310) Marking Phase
[2026-03-22T17:32:41.985+0900][7.051s][info][gc,phases      ] GC(310) Marking Phase 1.168ms
[2026-03-22T17:32:41.985+0900][7.051s][info][gc,phases,start] GC(310) Summary Phase
[2026-03-22T17:32:41.985+0900][7.051s][info][gc,phases      ] GC(310) Summary Phase 0.014ms
[2026-03-22T17:32:41.985+0900][7.051s][info][gc,phases,start] GC(310) Adjust Roots
[2026-03-22T17:32:41.986+0900][7.051s][info][gc,phases      ] GC(310) Adjust Roots 0.375ms
[2026-03-22T17:32:41.986+0900][7.051s][info][gc,phases,start] GC(310) Compaction Phase
[2026-03-22T17:32:41.992+0900][7.057s][info][gc,phases      ] GC(310) Compaction Phase 5.975ms
[2026-03-22T17:32:41.992+0900][7.057s][info][gc,phases,start] GC(310) Post Compact
[2026-03-22T17:32:41.993+0900][7.059s][info][gc,phases      ] GC(310) Post Compact 1.392ms
[2026-03-22T17:32:41.993+0900][7.059s][info][gc,heap        ] GC(310) PSYoungGen: 163057K(163840K)->0K(163840K) Eden: 152561K(153088K)->0K(153088K) From: 10496K(10752K)->0K(10752K)
[2026-03-22T17:32:41.993+0900][7.059s][info][gc,heap        ] GC(310) ParOldGen: 291999K(349696K)->103430K(349696K)
[2026-03-22T17:32:41.993+0900][7.059s][info][gc,metaspace   ] GC(310) Metaspace: 338K(512K)->338K(512K) NonClass: 320K(384K)->320K(384K) Class: 17K(128K)->17K(128K)
[2026-03-22T17:32:41.993+0900][7.059s][info][gc             ] GC(310) Pause Full (Ergonomics) 444M->101M(501M) 9.172ms
[2026-03-22T17:32:41.993+0900][7.059s][info][gc,cpu         ] GC(310) User=0.00s Sys=0.00s Real=0.01s
[2026-03-22T17:32:42.010+0900][7.076s][info][gc,start       ] GC(311) Pause Young (Allocation Failure)
[2026-03-22T17:32:42.014+0900][7.081s][info][gc,heap        ] GC(311) PSYoungGen: 152561K(163840K)->10496K(163840K) Eden: 152561K(153088K)->0K(153088K) From: 0K(10752K)->10496K(10752K)
[2026-03-22T17:32:42.014+0900][7.081s][info][gc,heap        ] GC(311) ParOldGen: 103430K(349696K)->197639K(349696K)
[2026-03-22T17:32:42.014+0900][7.081s][info][gc,metaspace   ] GC(311) Metaspace: 338K(512K)->338K(512K) NonClass: 320K(384K)->320K(384K) Class: 17K(128K)->17K(128K)
[2026-03-22T17:32:42.014+0900][7.081s][info][gc             ] GC(311) Pause Young (Allocation Failure) 249M->203M(501M) 4.824ms
[2026-03-22T17:32:42.014+0900][7.081s][info][gc,cpu         ] GC(311) User=0.00s Sys=0.00s Real=0.00s
[2026-03-22T17:32:42.031+0900][7.097s][info][gc,start       ] GC(312) Pause Young (Allocation Failure)
[2026-03-22T17:32:42.036+0900][7.102s][info][gc,heap        ] GC(312) PSYoungGen: 163057K(163840K)->10496K(163840K) Eden: 152561K(153088K)->0K(153088K) From: 10496K(10752K)->10496K(10752K)
[2026-03-22T17:32:42.036+0900][7.102s][info][gc,heap        ] GC(312) ParOldGen: 197639K(349696K)->291999K(349696K)
[2026-03-22T17:32:42.036+0900][7.102s][info][gc,metaspace   ] GC(312) Metaspace: 338K(512K)->338K(512K) NonClass: 320K(384K)->320K(384K) Class: 17K(128K)->17K(128K)
[2026-03-22T17:32:42.036+0900][7.102s][info][gc             ] GC(312) Pause Young (Allocation Failure) 352M->295M(501M) 5.258ms
[2026-03-22T17:32:42.036+0900][7.102s][info][gc,cpu         ] GC(312) User=0.00s Sys=0.00s Real=0.01s
[2026-03-22T17:32:42.052+0900][7.118s][info][gc,start       ] GC(313) Pause Full (Ergonomics)
[2026-03-22T17:32:42.052+0900][7.118s][info][gc,phases,start] GC(313) Marking Phase
[2026-03-22T17:32:42.053+0900][7.119s][info][gc,phases      ] GC(313) Marking Phase 1.291ms
[2026-03-22T17:32:42.053+0900][7.119s][info][gc,phases,start] GC(313) Summary Phase
[2026-03-22T17:32:42.053+0900][7.119s][info][gc,phases      ] GC(313) Summary Phase 0.016ms
[2026-03-22T17:32:42.053+0900][7.119s][info][gc,phases,start] GC(313) Adjust Roots
[2026-03-22T17:32:42.053+0900][7.120s][info][gc,phases      ] GC(313) Adjust Roots 0.199ms
[2026-03-22T17:32:42.053+0900][7.120s][info][gc,phases,start] GC(313) Compaction Phase
[2026-03-22T17:32:42.059+0900][7.125s][info][gc,phases      ] GC(313) Compaction Phase 5.444ms
[2026-03-22T17:32:42.059+0900][7.125s][info][gc,phases,start] GC(313) Post Compact
[2026-03-22T17:32:42.061+0900][7.127s][info][gc,phases      ] GC(313) Post Compact 1.398ms
[2026-03-22T17:32:42.061+0900][7.127s][info][gc,heap        ] GC(313) PSYoungGen: 163057K(163840K)->0K(163840K) Eden: 152561K(153088K)->0K(153088K) From: 10496K(10752K)->0K(10752K)
[2026-03-22T17:32:42.061+0900][7.127s][info][gc,heap        ] GC(313) ParOldGen: 291999K(349696K)->103430K(349696K)
[2026-03-22T17:32:42.061+0900][7.127s][info][gc,metaspace   ] GC(313) Metaspace: 338K(512K)->338K(512K) NonClass: 320K(384K)->320K(384K) Class: 17K(128K)->17K(128K)
[2026-03-22T17:32:42.061+0900][7.127s][info][gc             ] GC(313) Pause Full (Ergonomics) 444M->101M(501M) 8.674ms
[2026-03-22T17:32:42.061+0900][7.127s][info][gc,cpu         ] GC(313) User=0.06s Sys=0.00s Real=0.01s
[2026-03-22T17:32:42.077+0900][7.143s][info][gc,start       ] GC(314) Pause Young (Allocation Failure)
[2026-03-22T17:32:42.082+0900][7.148s][info][gc,heap        ] GC(314) PSYoungGen: 152561K(163840K)->10496K(163840K) Eden: 152561K(153088K)->0K(153088K) From: 0K(10752K)->10496K(10752K)
[2026-03-22T17:32:42.082+0900][7.148s][info][gc,heap        ] GC(314) ParOldGen: 103430K(349696K)->197639K(349696K)
[2026-03-22T17:32:42.082+0900][7.148s][info][gc,metaspace   ] GC(314) Metaspace: 338K(512K)->338K(512K) NonClass: 320K(384K)->320K(384K) Class: 17K(128K)->17K(128K)
[2026-03-22T17:32:42.082+0900][7.148s][info][gc             ] GC(314) Pause Young (Allocation Failure) 249M->203M(501M) 5.007ms
[2026-03-22T17:32:42.082+0900][7.148s][info][gc,cpu         ] GC(314) User=0.00s Sys=0.00s Real=0.01s
[2026-03-22T17:32:42.098+0900][7.164s][info][gc,start       ] GC(315) Pause Young (Allocation Failure)
[2026-03-22T17:32:42.103+0900][7.169s][info][gc,heap        ] GC(315) PSYoungGen: 163057K(163840K)->10496K(163840K) Eden: 152561K(153088K)->0K(153088K) From: 10496K(10752K)->10496K(10752K)
[2026-03-22T17:32:42.103+0900][7.169s][info][gc,heap        ] GC(315) ParOldGen: 197639K(349696K)->291999K(349696K)
[2026-03-22T17:32:42.103+0900][7.169s][info][gc,metaspace   ] GC(315) Metaspace: 338K(512K)->338K(512K) NonClass: 320K(384K)->320K(384K) Class: 17K(128K)->17K(128K)
[2026-03-22T17:32:42.103+0900][7.169s][info][gc             ] GC(315) Pause Young (Allocation Failure) 352M->295M(501M) 5.052ms
[2026-03-22T17:32:42.103+0900][7.169s][info][gc,cpu         ] GC(315) User=0.00s Sys=0.00s Real=0.00s
[2026-03-22T17:32:42.118+0900][7.184s][info][gc,start       ] GC(316) Pause Full (Ergonomics)
[2026-03-22T17:32:42.119+0900][7.185s][info][gc,phases,start] GC(316) Marking Phase
[2026-03-22T17:32:42.120+0900][7.186s][info][gc,phases      ] GC(316) Marking Phase 1.227ms
[2026-03-22T17:32:42.120+0900][7.186s][info][gc,phases,start] GC(316) Summary Phase
[2026-03-22T17:32:42.120+0900][7.186s][info][gc,phases      ] GC(316) Summary Phase 0.016ms
[2026-03-22T17:32:42.120+0900][7.186s][info][gc,phases,start] GC(316) Adjust Roots
[2026-03-22T17:32:42.120+0900][7.186s][info][gc,phases      ] GC(316) Adjust Roots 0.291ms
[2026-03-22T17:32:42.120+0900][7.186s][info][gc,phases,start] GC(316) Compaction Phase
[2026-03-22T17:32:42.128+0900][7.194s][info][gc,phases      ] GC(316) Compaction Phase 7.994ms
[2026-03-22T17:32:42.128+0900][7.194s][info][gc,phases,start] GC(316) Post Compact
[2026-03-22T17:32:42.131+0900][7.196s][info][gc,phases      ] GC(316) Post Compact 1.507ms
[2026-03-22T17:32:42.131+0900][7.196s][info][gc,heap        ] GC(316) PSYoungGen: 163057K(163840K)->0K(163840K) Eden: 152561K(153088K)->0K(153088K) From: 10496K(10752K)->0K(10752K)
[2026-03-22T17:32:42.131+0900][7.196s][info][gc,heap        ] GC(316) ParOldGen: 291999K(349696K)->103430K(349696K)
[2026-03-22T17:32:42.131+0900][7.196s][info][gc,metaspace   ] GC(316) Metaspace: 338K(512K)->338K(512K) NonClass: 320K(384K)->320K(384K) Class: 17K(128K)->17K(128K)
[2026-03-22T17:32:42.131+0900][7.196s][info][gc             ] GC(316) Pause Full (Ergonomics) 444M->101M(501M) 11.481ms
[2026-03-22T17:32:42.131+0900][7.196s][info][gc,cpu         ] GC(316) User=0.02s Sys=0.00s Real=0.01s
[2026-03-22T17:32:42.145+0900][7.211s][info][gc,start       ] GC(317) Pause Young (Allocation Failure)
[2026-03-22T17:32:42.150+0900][7.216s][info][gc,heap        ] GC(317) PSYoungGen: 152561K(163840K)->10496K(163840K) Eden: 152561K(153088K)->0K(153088K) From: 0K(10752K)->10496K(10752K)
[2026-03-22T17:32:42.150+0900][7.216s][info][gc,heap        ] GC(317) ParOldGen: 103430K(349696K)->197639K(349696K)
[2026-03-22T17:32:42.150+0900][7.216s][info][gc,metaspace   ] GC(317) Metaspace: 338K(512K)->338K(512K) NonClass: 320K(384K)->320K(384K) Class: 17K(128K)->17K(128K)
[2026-03-22T17:32:42.150+0900][7.216s][info][gc             ] GC(317) Pause Young (Allocation Failure) 249M->203M(501M) 4.857ms
[2026-03-22T17:32:42.150+0900][7.216s][info][gc,cpu         ] GC(317) User=0.02s Sys=0.00s Real=0.01s
[2026-03-22T17:32:42.166+0900][7.232s][info][gc,start       ] GC(318) Pause Young (Allocation Failure)
[2026-03-22T17:32:42.171+0900][7.237s][info][gc,heap        ] GC(318) PSYoungGen: 163057K(163840K)->10496K(163840K) Eden: 152561K(153088K)->0K(153088K) From: 10496K(10752K)->10496K(10752K)
[2026-03-22T17:32:42.172+0900][7.237s][info][gc,heap        ] GC(318) ParOldGen: 197639K(349696K)->291999K(349696K)
[2026-03-22T17:32:42.172+0900][7.237s][info][gc,metaspace   ] GC(318) Metaspace: 338K(512K)->338K(512K) NonClass: 320K(384K)->320K(384K) Class: 17K(128K)->17K(128K)
[2026-03-22T17:32:42.172+0900][7.237s][info][gc             ] GC(318) Pause Young (Allocation Failure) 352M->295M(501M) 5.246ms
[2026-03-22T17:32:42.172+0900][7.237s][info][gc,cpu         ] GC(318) User=0.00s Sys=0.00s Real=0.01s
[2026-03-22T17:32:42.186+0900][7.252s][info][gc,start       ] GC(319) Pause Full (Ergonomics)
[2026-03-22T17:32:42.186+0900][7.252s][info][gc,phases,start] GC(319) Marking Phase
[2026-03-22T17:32:42.187+0900][7.253s][info][gc,phases      ] GC(319) Marking Phase 1.176ms
[2026-03-22T17:32:42.187+0900][7.253s][info][gc,phases,start] GC(319) Summary Phase
[2026-03-22T17:32:42.187+0900][7.253s][info][gc,phases      ] GC(319) Summary Phase 0.014ms
[2026-03-22T17:32:42.187+0900][7.253s][info][gc,phases,start] GC(319) Adjust Roots
[2026-03-22T17:32:42.188+0900][7.253s][info][gc,phases      ] GC(319) Adjust Roots 0.506ms
[2026-03-22T17:32:42.188+0900][7.253s][info][gc,phases,start] GC(319) Compaction Phase
[2026-03-22T17:32:42.194+0900][7.260s][info][gc,phases      ] GC(319) Compaction Phase 6.368ms
[2026-03-22T17:32:42.194+0900][7.260s][info][gc,phases,start] GC(319) Post Compact
[2026-03-22T17:32:42.195+0900][7.261s][info][gc,phases      ] GC(319) Post Compact 1.383ms
[2026-03-22T17:32:42.195+0900][7.261s][info][gc,heap        ] GC(319) PSYoungGen: 163057K(163840K)->0K(163840K) Eden: 152561K(153088K)->0K(153088K) From: 10496K(10752K)->0K(10752K)
[2026-03-22T17:32:42.195+0900][7.261s][info][gc,heap        ] GC(319) ParOldGen: 291999K(349696K)->103430K(349696K)
[2026-03-22T17:32:42.195+0900][7.261s][info][gc,metaspace   ] GC(319) Metaspace: 338K(512K)->338K(512K) NonClass: 320K(384K)->320K(384K) Class: 17K(128K)->17K(128K)
[2026-03-22T17:32:42.195+0900][7.261s][info][gc             ] GC(319) Pause Full (Ergonomics) 444M->101M(501M) 9.767ms
[2026-03-22T17:32:42.195+0900][7.261s][info][gc,cpu         ] GC(319) User=0.00s Sys=0.00s Real=0.01s
[2026-03-22T17:32:42.213+0900][7.279s][info][gc,start       ] GC(320) Pause Young (Allocation Failure)
[2026-03-22T17:32:42.218+0900][7.284s][info][gc,heap        ] GC(320) PSYoungGen: 152561K(163840K)->10496K(163840K) Eden: 152561K(153088K)->0K(153088K) From: 0K(10752K)->10496K(10752K)
[2026-03-22T17:32:42.218+0900][7.284s][info][gc,heap        ] GC(320) ParOldGen: 103430K(349696K)->197639K(349696K)
[2026-03-22T17:32:42.218+0900][7.284s][info][gc,metaspace   ] GC(320) Metaspace: 338K(512K)->338K(512K) NonClass: 320K(384K)->320K(384K) Class: 17K(128K)->17K(128K)
[2026-03-22T17:32:42.218+0900][7.284s][info][gc             ] GC(320) Pause Young (Allocation Failure) 249M->203M(501M) 4.954ms
[2026-03-22T17:32:42.218+0900][7.284s][info][gc,cpu         ] GC(320) User=0.00s Sys=0.00s Real=0.00s
[2026-03-22T17:32:42.233+0900][7.299s][info][gc,start       ] GC(321) Pause Young (Allocation Failure)
[2026-03-22T17:32:42.238+0900][7.304s][info][gc,heap        ] GC(321) PSYoungGen: 163057K(163840K)->10496K(163840K) Eden: 152561K(153088K)->0K(153088K) From: 10496K(10752K)->10496K(10752K)
[2026-03-22T17:32:42.238+0900][7.304s][info][gc,heap        ] GC(321) ParOldGen: 197639K(349696K)->291999K(349696K)
[2026-03-22T17:32:42.238+0900][7.304s][info][gc,metaspace   ] GC(321) Metaspace: 338K(512K)->338K(512K) NonClass: 320K(384K)->320K(384K) Class: 17K(128K)->17K(128K)
[2026-03-22T17:32:42.238+0900][7.304s][info][gc             ] GC(321) Pause Young (Allocation Failure) 352M->295M(501M) 4.907ms
[2026-03-22T17:32:42.238+0900][7.304s][info][gc,cpu         ] GC(321) User=0.00s Sys=0.00s Real=0.00s
[2026-03-22T17:32:42.254+0900][7.319s][info][gc,start       ] GC(322) Pause Full (Ergonomics)
[2026-03-22T17:32:42.254+0900][7.320s][info][gc,phases,start] GC(322) Marking Phase
[2026-03-22T17:32:42.256+0900][7.321s][info][gc,phases      ] GC(322) Marking Phase 1.884ms
[2026-03-22T17:32:42.256+0900][7.321s][info][gc,phases,start] GC(322) Summary Phase
[2026-03-22T17:32:42.256+0900][7.321s][info][gc,phases      ] GC(322) Summary Phase 0.019ms
[2026-03-22T17:32:42.256+0900][7.321s][info][gc,phases,start] GC(322) Adjust Roots
[2026-03-22T17:32:42.256+0900][7.322s][info][gc,phases      ] GC(322) Adjust Roots 0.287ms
[2026-03-22T17:32:42.256+0900][7.322s][info][gc,phases,start] GC(322) Compaction Phase
[2026-03-22T17:32:42.262+0900][7.328s][info][gc,phases      ] GC(322) Compaction Phase 5.923ms
[2026-03-22T17:32:42.262+0900][7.328s][info][gc,phases,start] GC(322) Post Compact
[2026-03-22T17:32:42.264+0900][7.329s][info][gc,phases      ] GC(322) Post Compact 1.380ms
[2026-03-22T17:32:42.264+0900][7.329s][info][gc,heap        ] GC(322) PSYoungGen: 163057K(163840K)->0K(163840K) Eden: 152561K(153088K)->0K(153088K) From: 10496K(10752K)->0K(10752K)
[2026-03-22T17:32:42.264+0900][7.329s][info][gc,heap        ] GC(322) ParOldGen: 291999K(349696K)->103195K(349696K)
[2026-03-22T17:32:42.264+0900][7.329s][info][gc,metaspace   ] GC(322) Metaspace: 338K(512K)->338K(512K) NonClass: 320K(384K)->320K(384K) Class: 17K(128K)->17K(128K)
[2026-03-22T17:32:42.264+0900][7.329s][info][gc             ] GC(322) Pause Full (Ergonomics) 444M->100M(501M) 9.790ms
[2026-03-22T17:32:42.264+0900][7.329s][info][gc,cpu         ] GC(322) User=0.06s Sys=0.00s Real=0.01s
[2026-03-22T17:32:42.279+0900][7.345s][info][gc,start       ] GC(323) Pause Young (Allocation Failure)
[2026-03-22T17:32:42.285+0900][7.350s][info][gc,heap        ] GC(323) PSYoungGen: 152561K(163840K)->10496K(163840K) Eden: 152561K(153088K)->0K(153088K) From: 0K(10752K)->10496K(10752K)
[2026-03-22T17:32:42.285+0900][7.350s][info][gc,heap        ] GC(323) ParOldGen: 103195K(349696K)->197403K(349696K)
[2026-03-22T17:32:42.285+0900][7.350s][info][gc,metaspace   ] GC(323) Metaspace: 338K(512K)->338K(512K) NonClass: 320K(384K)->320K(384K) Class: 17K(128K)->17K(128K)
[2026-03-22T17:32:42.285+0900][7.350s][info][gc             ] GC(323) Pause Young (Allocation Failure) 249M->203M(501M) 4.946ms
[2026-03-22T17:32:42.285+0900][7.350s][info][gc,cpu         ] GC(323) User=0.00s Sys=0.00s Real=0.01s
[2026-03-22T17:32:42.300+0900][7.366s][info][gc,start       ] GC(324) Pause Young (Allocation Failure)
[2026-03-22T17:32:42.306+0900][7.372s][info][gc,heap        ] GC(324) PSYoungGen: 163057K(163840K)->10496K(163840K) Eden: 152561K(153088K)->0K(153088K) From: 10496K(10752K)->10496K(10752K)
[2026-03-22T17:32:42.306+0900][7.372s][info][gc,heap        ] GC(324) ParOldGen: 197403K(349696K)->291764K(349696K)
[2026-03-22T17:32:42.306+0900][7.372s][info][gc,metaspace   ] GC(324) Metaspace: 338K(512K)->338K(512K) NonClass: 320K(384K)->320K(384K) Class: 17K(128K)->17K(128K)
[2026-03-22T17:32:42.306+0900][7.372s][info][gc             ] GC(324) Pause Young (Allocation Failure) 352M->295M(501M) 5.765ms
[2026-03-22T17:32:42.306+0900][7.372s][info][gc,cpu         ] GC(324) User=0.00s Sys=0.00s Real=0.01s
[2026-03-22T17:32:42.321+0900][7.387s][info][gc,start       ] GC(325) Pause Full (Ergonomics)
[2026-03-22T17:32:42.321+0900][7.387s][info][gc,phases,start] GC(325) Marking Phase
[2026-03-22T17:32:42.322+0900][7.388s][info][gc,phases      ] GC(325) Marking Phase 1.352ms
[2026-03-22T17:32:42.322+0900][7.388s][info][gc,phases,start] GC(325) Summary Phase
[2026-03-22T17:32:42.322+0900][7.388s][info][gc,phases      ] GC(325) Summary Phase 0.018ms
[2026-03-22T17:32:42.322+0900][7.388s][info][gc,phases,start] GC(325) Adjust Roots
[2026-03-22T17:32:42.322+0900][7.389s][info][gc,phases      ] GC(325) Adjust Roots 0.192ms
[2026-03-22T17:32:42.322+0900][7.389s][info][gc,phases,start] GC(325) Compaction Phase
[2026-03-22T17:32:42.329+0900][7.394s][info][gc,phases      ] GC(325) Compaction Phase 5.774ms
[2026-03-22T17:32:42.329+0900][7.394s][info][gc,phases,start] GC(325) Post Compact
[2026-03-22T17:32:42.330+0900][7.396s][info][gc,phases      ] GC(325) Post Compact 1.526ms
[2026-03-22T17:32:42.330+0900][7.396s][info][gc,heap        ] GC(325) PSYoungGen: 163057K(163840K)->0K(163840K) Eden: 152561K(153088K)->0K(153088K) From: 10496K(10752K)->0K(10752K)
[2026-03-22T17:32:42.330+0900][7.396s][info][gc,heap        ] GC(325) ParOldGen: 291764K(349696K)->103430K(349696K)
[2026-03-22T17:32:42.330+0900][7.396s][info][gc,metaspace   ] GC(325) Metaspace: 338K(512K)->338K(512K) NonClass: 320K(384K)->320K(384K) Class: 17K(128K)->17K(128K)
[2026-03-22T17:32:42.330+0900][7.396s][info][gc             ] GC(325) Pause Full (Ergonomics) 444M->101M(501M) 9.117ms
[2026-03-22T17:32:42.330+0900][7.396s][info][gc,cpu         ] GC(325) User=0.06s Sys=0.00s Real=0.01s
[2026-03-22T17:32:42.346+0900][7.411s][info][gc,start       ] GC(326) Pause Young (Allocation Failure)
[2026-03-22T17:32:42.351+0900][7.416s][info][gc,heap        ] GC(326) PSYoungGen: 152561K(163840K)->10496K(163840K) Eden: 152561K(153088K)->0K(153088K) From: 0K(10752K)->10496K(10752K)
[2026-03-22T17:32:42.351+0900][7.416s][info][gc,heap        ] GC(326) ParOldGen: 103430K(349696K)->197639K(349696K)
[2026-03-22T17:32:42.351+0900][7.416s][info][gc,metaspace   ] GC(326) Metaspace: 338K(512K)->338K(512K) NonClass: 320K(384K)->320K(384K) Class: 17K(128K)->17K(128K)
[2026-03-22T17:32:42.351+0900][7.416s][info][gc             ] GC(326) Pause Young (Allocation Failure) 249M->203M(501M) 4.828ms
[2026-03-22T17:32:42.351+0900][7.416s][info][gc,cpu         ] GC(326) User=0.00s Sys=0.00s Real=0.01s
[2026-03-22T17:32:42.366+0900][7.432s][info][gc,start       ] GC(327) Pause Young (Allocation Failure)
[2026-03-22T17:32:42.371+0900][7.437s][info][gc,heap        ] GC(327) PSYoungGen: 163057K(163840K)->10496K(163840K) Eden: 152561K(153088K)->0K(153088K) From: 10496K(10752K)->10496K(10752K)
[2026-03-22T17:32:42.371+0900][7.437s][info][gc,heap        ] GC(327) ParOldGen: 197639K(349696K)->291999K(349696K)
[2026-03-22T17:32:42.371+0900][7.437s][info][gc,metaspace   ] GC(327) Metaspace: 338K(512K)->338K(512K) NonClass: 320K(384K)->320K(384K) Class: 17K(128K)->17K(128K)
[2026-03-22T17:32:42.371+0900][7.437s][info][gc             ] GC(327) Pause Young (Allocation Failure) 352M->295M(501M) 5.009ms
[2026-03-22T17:32:42.371+0900][7.437s][info][gc,cpu         ] GC(327) User=0.06s Sys=0.00s Real=0.01s
[2026-03-22T17:32:42.387+0900][7.452s][info][gc,start       ] GC(328) Pause Full (Ergonomics)
[2026-03-22T17:32:42.387+0900][7.452s][info][gc,phases,start] GC(328) Marking Phase
[2026-03-22T17:32:42.388+0900][7.454s][info][gc,phases      ] GC(328) Marking Phase 1.593ms
[2026-03-22T17:32:42.388+0900][7.454s][info][gc,phases,start] GC(328) Summary Phase
[2026-03-22T17:32:42.388+0900][7.454s][info][gc,phases      ] GC(328) Summary Phase 0.015ms
[2026-03-22T17:32:42.388+0900][7.454s][info][gc,phases,start] GC(328) Adjust Roots
[2026-03-22T17:32:42.388+0900][7.454s][info][gc,phases      ] GC(328) Adjust Roots 0.311ms
[2026-03-22T17:32:42.388+0900][7.454s][info][gc,phases,start] GC(328) Compaction Phase
[2026-03-22T17:32:42.394+0900][7.460s][info][gc,phases      ] GC(328) Compaction Phase 5.886ms
[2026-03-22T17:32:42.394+0900][7.460s][info][gc,phases,start] GC(328) Post Compact
[2026-03-22T17:32:42.397+0900][7.462s][info][gc,phases      ] GC(328) Post Compact 1.828ms
[2026-03-22T17:32:42.397+0900][7.462s][info][gc,heap        ] GC(328) PSYoungGen: 163057K(163840K)->0K(163840K) Eden: 152561K(153088K)->0K(153088K) From: 10496K(10752K)->0K(10752K)
[2026-03-22T17:32:42.397+0900][7.462s][info][gc,heap        ] GC(328) ParOldGen: 291999K(349696K)->103430K(349696K)
[2026-03-22T17:32:42.397+0900][7.462s][info][gc,metaspace   ] GC(328) Metaspace: 338K(512K)->338K(512K) NonClass: 320K(384K)->320K(384K) Class: 17K(128K)->17K(128K)
[2026-03-22T17:32:42.397+0900][7.462s][info][gc             ] GC(328) Pause Full (Ergonomics) 444M->101M(501M) 10.167ms
[2026-03-22T17:32:42.397+0900][7.462s][info][gc,cpu         ] GC(328) User=0.00s Sys=0.00s Real=0.01s
[2026-03-22T17:32:42.414+0900][7.479s][info][gc,start       ] GC(329) Pause Young (Allocation Failure)
[2026-03-22T17:32:42.419+0900][7.484s][info][gc,heap        ] GC(329) PSYoungGen: 152561K(163840K)->10464K(163840K) Eden: 152561K(153088K)->0K(153088K) From: 0K(10752K)->10464K(10752K)
[2026-03-22T17:32:42.419+0900][7.484s][info][gc,heap        ] GC(329) ParOldGen: 103430K(349696K)->197639K(349696K)
[2026-03-22T17:32:42.419+0900][7.484s][info][gc,metaspace   ] GC(329) Metaspace: 338K(512K)->338K(512K) NonClass: 320K(384K)->320K(384K) Class: 17K(128K)->17K(128K)
[2026-03-22T17:32:42.419+0900][7.484s][info][gc             ] GC(329) Pause Young (Allocation Failure) 249M->203M(501M) 5.229ms
[2026-03-22T17:32:42.419+0900][7.484s][info][gc,cpu         ] GC(329) User=0.05s Sys=0.00s Real=0.00s
[2026-03-22T17:32:42.435+0900][7.501s][info][gc,start       ] GC(330) Pause Young (Allocation Failure)
[2026-03-22T17:32:42.440+0900][7.506s][info][gc,heap        ] GC(330) PSYoungGen: 163025K(163840K)->10496K(163840K) Eden: 152561K(153088K)->0K(153088K) From: 10464K(10752K)->10496K(10752K)
[2026-03-22T17:32:42.440+0900][7.506s][info][gc,heap        ] GC(330) ParOldGen: 197639K(349696K)->291999K(349696K)
[2026-03-22T17:32:42.441+0900][7.506s][info][gc,metaspace   ] GC(330) Metaspace: 338K(512K)->338K(512K) NonClass: 320K(384K)->320K(384K) Class: 17K(128K)->17K(128K)
[2026-03-22T17:32:42.441+0900][7.506s][info][gc             ] GC(330) Pause Young (Allocation Failure) 352M->295M(501M) 5.236ms
[2026-03-22T17:32:42.441+0900][7.506s][info][gc,cpu         ] GC(330) User=0.00s Sys=0.00s Real=0.01s
[2026-03-22T17:32:42.457+0900][7.522s][info][gc,start       ] GC(331) Pause Full (Ergonomics)
[2026-03-22T17:32:42.457+0900][7.522s][info][gc,phases,start] GC(331) Marking Phase
[2026-03-22T17:32:42.458+0900][7.524s][info][gc,phases      ] GC(331) Marking Phase 1.284ms
[2026-03-22T17:32:42.458+0900][7.524s][info][gc,phases,start] GC(331) Summary Phase
[2026-03-22T17:32:42.458+0900][7.524s][info][gc,phases      ] GC(331) Summary Phase 0.018ms
[2026-03-22T17:32:42.458+0900][7.524s][info][gc,phases,start] GC(331) Adjust Roots
[2026-03-22T17:32:42.458+0900][7.524s][info][gc,phases      ] GC(331) Adjust Roots 0.269ms
[2026-03-22T17:32:42.458+0900][7.524s][info][gc,phases,start] GC(331) Compaction Phase
[2026-03-22T17:32:42.465+0900][7.531s][info][gc,phases      ] GC(331) Compaction Phase 6.443ms
[2026-03-22T17:32:42.465+0900][7.531s][info][gc,phases,start] GC(331) Post Compact
[2026-03-22T17:32:42.466+0900][7.532s][info][gc,phases      ] GC(331) Post Compact 1.612ms
[2026-03-22T17:32:42.466+0900][7.532s][info][gc,heap        ] GC(331) PSYoungGen: 163057K(163840K)->0K(163840K) Eden: 152561K(153088K)->0K(153088K) From: 10496K(10752K)->0K(10752K)
[2026-03-22T17:32:42.466+0900][7.532s][info][gc,heap        ] GC(331) ParOldGen: 291999K(349696K)->103430K(349696K)
[2026-03-22T17:32:42.466+0900][7.532s][info][gc,metaspace   ] GC(331) Metaspace: 338K(512K)->338K(512K) NonClass: 320K(384K)->320K(384K) Class: 17K(128K)->17K(128K)
[2026-03-22T17:32:42.466+0900][7.532s][info][gc             ] GC(331) Pause Full (Ergonomics) 444M->101M(501M) 9.999ms
[2026-03-22T17:32:42.466+0900][7.532s][info][gc,cpu         ] GC(331) User=0.05s Sys=0.00s Real=0.01s
[2026-03-22T17:32:42.484+0900][7.550s][info][gc,start       ] GC(332) Pause Young (Allocation Failure)
[2026-03-22T17:32:42.488+0900][7.555s][info][gc,heap        ] GC(332) PSYoungGen: 152561K(163840K)->10496K(163840K) Eden: 152561K(153088K)->0K(153088K) From: 0K(10752K)->10496K(10752K)
[2026-03-22T17:32:42.488+0900][7.555s][info][gc,heap        ] GC(332) ParOldGen: 103430K(349696K)->197639K(349696K)
[2026-03-22T17:32:42.488+0900][7.555s][info][gc,metaspace   ] GC(332) Metaspace: 338K(512K)->338K(512K) NonClass: 320K(384K)->320K(384K) Class: 17K(128K)->17K(128K)
[2026-03-22T17:32:42.488+0900][7.555s][info][gc             ] GC(332) Pause Young (Allocation Failure) 249M->203M(501M) 5.064ms
[2026-03-22T17:32:42.488+0900][7.555s][info][gc,cpu         ] GC(332) User=0.00s Sys=0.00s Real=0.00s
[2026-03-22T17:32:42.505+0900][7.571s][info][gc,start       ] GC(333) Pause Young (Allocation Failure)
[2026-03-22T17:32:42.510+0900][7.576s][info][gc,heap        ] GC(333) PSYoungGen: 163057K(163840K)->10496K(163840K) Eden: 152561K(153088K)->0K(153088K) From: 10496K(10752K)->10496K(10752K)
[2026-03-22T17:32:42.510+0900][7.576s][info][gc,heap        ] GC(333) ParOldGen: 197639K(349696K)->291999K(349696K)
[2026-03-22T17:32:42.510+0900][7.576s][info][gc,metaspace   ] GC(333) Metaspace: 338K(512K)->338K(512K) NonClass: 320K(384K)->320K(384K) Class: 17K(128K)->17K(128K)
[2026-03-22T17:32:42.510+0900][7.576s][info][gc             ] GC(333) Pause Young (Allocation Failure) 352M->295M(501M) 5.168ms
[2026-03-22T17:32:42.510+0900][7.576s][info][gc,cpu         ] GC(333) User=0.06s Sys=0.00s Real=0.00s
[2026-03-22T17:32:42.526+0900][7.592s][info][gc,start       ] GC(334) Pause Full (Ergonomics)
[2026-03-22T17:32:42.526+0900][7.592s][info][gc,phases,start] GC(334) Marking Phase
[2026-03-22T17:32:42.527+0900][7.593s][info][gc,phases      ] GC(334) Marking Phase 1.315ms
[2026-03-22T17:32:42.528+0900][7.593s][info][gc,phases,start] GC(334) Summary Phase
[2026-03-22T17:32:42.528+0900][7.593s][info][gc,phases      ] GC(334) Summary Phase 0.024ms
[2026-03-22T17:32:42.528+0900][7.593s][info][gc,phases,start] GC(334) Adjust Roots
[2026-03-22T17:32:42.528+0900][7.593s][info][gc,phases      ] GC(334) Adjust Roots 0.276ms
[2026-03-22T17:32:42.528+0900][7.593s][info][gc,phases,start] GC(334) Compaction Phase
[2026-03-22T17:32:42.533+0900][7.599s][info][gc,phases      ] GC(334) Compaction Phase 5.959ms
[2026-03-22T17:32:42.533+0900][7.599s][info][gc,phases,start] GC(334) Post Compact
[2026-03-22T17:32:42.535+0900][7.601s][info][gc,phases      ] GC(334) Post Compact 1.822ms
[2026-03-22T17:32:42.535+0900][7.601s][info][gc,heap        ] GC(334) PSYoungGen: 163057K(163840K)->0K(163840K) Eden: 152561K(153088K)->0K(153088K) From: 10496K(10752K)->0K(10752K)
[2026-03-22T17:32:42.535+0900][7.601s][info][gc,heap        ] GC(334) ParOldGen: 291999K(349696K)->103430K(349696K)
[2026-03-22T17:32:42.535+0900][7.601s][info][gc,metaspace   ] GC(334) Metaspace: 338K(512K)->338K(512K) NonClass: 320K(384K)->320K(384K) Class: 17K(128K)->17K(128K)
[2026-03-22T17:32:42.535+0900][7.601s][info][gc             ] GC(334) Pause Full (Ergonomics) 444M->101M(501M) 9.700ms
[2026-03-22T17:32:42.535+0900][7.601s][info][gc,cpu         ] GC(334) User=0.00s Sys=0.00s Real=0.01s
[2026-03-22T17:32:42.552+0900][7.618s][info][gc,start       ] GC(335) Pause Young (Allocation Failure)
[2026-03-22T17:32:42.558+0900][7.623s][info][gc,heap        ] GC(335) PSYoungGen: 152561K(163840K)->10496K(163840K) Eden: 152561K(153088K)->0K(153088K) From: 0K(10752K)->10496K(10752K)
[2026-03-22T17:32:42.558+0900][7.623s][info][gc,heap        ] GC(335) ParOldGen: 103430K(349696K)->197639K(349696K)
[2026-03-22T17:32:42.558+0900][7.623s][info][gc,metaspace   ] GC(335) Metaspace: 338K(512K)->338K(512K) NonClass: 320K(384K)->320K(384K) Class: 17K(128K)->17K(128K)
[2026-03-22T17:32:42.558+0900][7.623s][info][gc             ] GC(335) Pause Young (Allocation Failure) 249M->203M(501M) 5.042ms
[2026-03-22T17:32:42.558+0900][7.623s][info][gc,cpu         ] GC(335) User=0.06s Sys=0.00s Real=0.01s
[2026-03-22T17:32:42.573+0900][7.639s][info][gc,start       ] GC(336) Pause Young (Allocation Failure)
[2026-03-22T17:32:42.578+0900][7.644s][info][gc,heap        ] GC(336) PSYoungGen: 163057K(163840K)->10496K(163840K) Eden: 152561K(153088K)->0K(153088K) From: 10496K(10752K)->10496K(10752K)
[2026-03-22T17:32:42.578+0900][7.644s][info][gc,heap        ] GC(336) ParOldGen: 197639K(349696K)->291999K(349696K)
[2026-03-22T17:32:42.578+0900][7.644s][info][gc,metaspace   ] GC(336) Metaspace: 338K(512K)->338K(512K) NonClass: 320K(384K)->320K(384K) Class: 17K(128K)->17K(128K)
[2026-03-22T17:32:42.578+0900][7.644s][info][gc             ] GC(336) Pause Young (Allocation Failure) 352M->295M(501M) 5.019ms
[2026-03-22T17:32:42.578+0900][7.644s][info][gc,cpu         ] GC(336) User=0.00s Sys=0.00s Real=0.01s
[2026-03-22T17:32:42.595+0900][7.660s][info][gc,start       ] GC(337) Pause Full (Ergonomics)
[2026-03-22T17:32:42.595+0900][7.660s][info][gc,phases,start] GC(337) Marking Phase
[2026-03-22T17:32:42.596+0900][7.662s][info][gc,phases      ] GC(337) Marking Phase 1.452ms
[2026-03-22T17:32:42.596+0900][7.662s][info][gc,phases,start] GC(337) Summary Phase
[2026-03-22T17:32:42.596+0900][7.662s][info][gc,phases      ] GC(337) Summary Phase 0.034ms
[2026-03-22T17:32:42.596+0900][7.662s][info][gc,phases,start] GC(337) Adjust Roots
[2026-03-22T17:32:42.596+0900][7.662s][info][gc,phases      ] GC(337) Adjust Roots 0.247ms
[2026-03-22T17:32:42.596+0900][7.662s][info][gc,phases,start] GC(337) Compaction Phase
[2026-03-22T17:32:42.602+0900][7.668s][info][gc,phases      ] GC(337) Compaction Phase 5.811ms
[2026-03-22T17:32:42.602+0900][7.668s][info][gc,phases,start] GC(337) Post Compact
[2026-03-22T17:32:42.604+0900][7.669s][info][gc,phases      ] GC(337) Post Compact 1.467ms
[2026-03-22T17:32:42.604+0900][7.669s][info][gc,heap        ] GC(337) PSYoungGen: 163057K(163840K)->0K(163840K) Eden: 152561K(153088K)->0K(153088K) From: 10496K(10752K)->0K(10752K)
[2026-03-22T17:32:42.604+0900][7.669s][info][gc,heap        ] GC(337) ParOldGen: 291999K(349696K)->103430K(349696K)
[2026-03-22T17:32:42.604+0900][7.669s][info][gc,metaspace   ] GC(337) Metaspace: 338K(512K)->338K(512K) NonClass: 320K(384K)->320K(384K) Class: 17K(128K)->17K(128K)
[2026-03-22T17:32:42.604+0900][7.669s][info][gc             ] GC(337) Pause Full (Ergonomics) 444M->101M(501M) 9.348ms
[2026-03-22T17:32:42.604+0900][7.669s][info][gc,cpu         ] GC(337) User=0.00s Sys=0.02s Real=0.01s
[2026-03-22T17:32:42.620+0900][7.686s][info][gc,start       ] GC(338) Pause Young (Allocation Failure)
[2026-03-22T17:32:42.625+0900][7.691s][info][gc,heap        ] GC(338) PSYoungGen: 152561K(163840K)->10496K(163840K) Eden: 152561K(153088K)->0K(153088K) From: 0K(10752K)->10496K(10752K)
[2026-03-22T17:32:42.625+0900][7.691s][info][gc,heap        ] GC(338) ParOldGen: 103430K(349696K)->197639K(349696K)
[2026-03-22T17:32:42.625+0900][7.691s][info][gc,metaspace   ] GC(338) Metaspace: 338K(512K)->338K(512K) NonClass: 320K(384K)->320K(384K) Class: 17K(128K)->17K(128K)
[2026-03-22T17:32:42.626+0900][7.691s][info][gc             ] GC(338) Pause Young (Allocation Failure) 249M->203M(501M) 5.314ms
[2026-03-22T17:32:42.626+0900][7.691s][info][gc,cpu         ] GC(338) User=0.00s Sys=0.00s Real=0.01s
[2026-03-22T17:32:42.642+0900][7.708s][info][gc,start       ] GC(339) Pause Young (Allocation Failure)
[2026-03-22T17:32:42.647+0900][7.712s][info][gc,heap        ] GC(339) PSYoungGen: 163057K(163840K)->10496K(163840K) Eden: 152561K(153088K)->0K(153088K) From: 10496K(10752K)->10496K(10752K)
[2026-03-22T17:32:42.647+0900][7.713s][info][gc,heap        ] GC(339) ParOldGen: 197639K(349696K)->291999K(349696K)
[2026-03-22T17:32:42.647+0900][7.713s][info][gc,metaspace   ] GC(339) Metaspace: 338K(512K)->338K(512K) NonClass: 320K(384K)->320K(384K) Class: 17K(128K)->17K(128K)
[2026-03-22T17:32:42.647+0900][7.713s][info][gc             ] GC(339) Pause Young (Allocation Failure) 352M->295M(501M) 5.133ms
[2026-03-22T17:32:42.647+0900][7.713s][info][gc,cpu         ] GC(339) User=0.00s Sys=0.00s Real=0.01s
[2026-03-22T17:32:42.663+0900][7.728s][info][gc,start       ] GC(340) Pause Full (Ergonomics)
[2026-03-22T17:32:42.663+0900][7.728s][info][gc,phases,start] GC(340) Marking Phase
[2026-03-22T17:32:42.664+0900][7.730s][info][gc,phases      ] GC(340) Marking Phase 1.177ms
[2026-03-22T17:32:42.664+0900][7.730s][info][gc,phases,start] GC(340) Summary Phase
[2026-03-22T17:32:42.664+0900][7.730s][info][gc,phases      ] GC(340) Summary Phase 0.019ms
[2026-03-22T17:32:42.664+0900][7.730s][info][gc,phases,start] GC(340) Adjust Roots
[2026-03-22T17:32:42.664+0900][7.730s][info][gc,phases      ] GC(340) Adjust Roots 0.216ms
[2026-03-22T17:32:42.664+0900][7.730s][info][gc,phases,start] GC(340) Compaction Phase
[2026-03-22T17:32:42.670+0900][7.736s][info][gc,phases      ] GC(340) Compaction Phase 5.622ms
[2026-03-22T17:32:42.670+0900][7.736s][info][gc,phases,start] GC(340) Post Compact
[2026-03-22T17:32:42.671+0900][7.737s][info][gc,phases      ] GC(340) Post Compact 1.529ms
[2026-03-22T17:32:42.671+0900][7.737s][info][gc,heap        ] GC(340) PSYoungGen: 163057K(163840K)->0K(163840K) Eden: 152561K(153088K)->0K(153088K) From: 10496K(10752K)->0K(10752K)
[2026-03-22T17:32:42.671+0900][7.737s][info][gc,heap        ] GC(340) ParOldGen: 291999K(349696K)->103430K(349696K)
[2026-03-22T17:32:42.671+0900][7.737s][info][gc,metaspace   ] GC(340) Metaspace: 338K(512K)->338K(512K) NonClass: 320K(384K)->320K(384K) Class: 17K(128K)->17K(128K)
[2026-03-22T17:32:42.671+0900][7.737s][info][gc             ] GC(340) Pause Full (Ergonomics) 444M->101M(501M) 8.879ms
[2026-03-22T17:32:42.671+0900][7.737s][info][gc,cpu         ] GC(340) User=0.06s Sys=0.00s Real=0.01s
[2026-03-22T17:32:42.686+0900][7.752s][info][gc,start       ] GC(341) Pause Young (Allocation Failure)
[2026-03-22T17:32:42.691+0900][7.757s][info][gc,heap        ] GC(341) PSYoungGen: 152561K(163840K)->10496K(163840K) Eden: 152561K(153088K)->0K(153088K) From: 0K(10752K)->10496K(10752K)
[2026-03-22T17:32:42.691+0900][7.757s][info][gc,heap        ] GC(341) ParOldGen: 103430K(349696K)->197639K(349696K)
[2026-03-22T17:32:42.691+0900][7.757s][info][gc,metaspace   ] GC(341) Metaspace: 338K(512K)->338K(512K) NonClass: 320K(384K)->320K(384K) Class: 17K(128K)->17K(128K)
[2026-03-22T17:32:42.691+0900][7.757s][info][gc             ] GC(341) Pause Young (Allocation Failure) 249M->203M(501M) 4.855ms
[2026-03-22T17:32:42.691+0900][7.757s][info][gc,cpu         ] GC(341) User=0.00s Sys=0.00s Real=0.00s
[2026-03-22T17:32:42.706+0900][7.772s][info][gc,start       ] GC(342) Pause Young (Allocation Failure)
[2026-03-22T17:32:42.711+0900][7.777s][info][gc,heap        ] GC(342) PSYoungGen: 163057K(163840K)->10496K(163840K) Eden: 152561K(153088K)->0K(153088K) From: 10496K(10752K)->10496K(10752K)
[2026-03-22T17:32:42.711+0900][7.777s][info][gc,heap        ] GC(342) ParOldGen: 197639K(349696K)->291999K(349696K)
[2026-03-22T17:32:42.711+0900][7.777s][info][gc,metaspace   ] GC(342) Metaspace: 338K(512K)->338K(512K) NonClass: 320K(384K)->320K(384K) Class: 17K(128K)->17K(128K)
[2026-03-22T17:32:42.711+0900][7.777s][info][gc             ] GC(342) Pause Young (Allocation Failure) 352M->295M(501M) 4.915ms
[2026-03-22T17:32:42.711+0900][7.777s][info][gc,cpu         ] GC(342) User=0.00s Sys=0.00s Real=0.00s
[2026-03-22T17:32:42.729+0900][7.795s][info][gc,start       ] GC(343) Pause Full (Ergonomics)
[2026-03-22T17:32:42.729+0900][7.795s][info][gc,phases,start] GC(343) Marking Phase
[2026-03-22T17:32:42.730+0900][7.797s][info][gc,phases      ] GC(343) Marking Phase 1.569ms
[2026-03-22T17:32:42.730+0900][7.797s][info][gc,phases,start] GC(343) Summary Phase
[2026-03-22T17:32:42.730+0900][7.797s][info][gc,phases      ] GC(343) Summary Phase 0.021ms
[2026-03-22T17:32:42.730+0900][7.797s][info][gc,phases,start] GC(343) Adjust Roots
[2026-03-22T17:32:42.731+0900][7.797s][info][gc,phases      ] GC(343) Adjust Roots 0.232ms
[2026-03-22T17:32:42.731+0900][7.797s][info][gc,phases,start] GC(343) Compaction Phase
[2026-03-22T17:32:42.737+0900][7.804s][info][gc,phases      ] GC(343) Compaction Phase 6.733ms
[2026-03-22T17:32:42.738+0900][7.804s][info][gc,phases,start] GC(343) Post Compact
[2026-03-22T17:32:42.739+0900][7.805s][info][gc,phases      ] GC(343) Post Compact 1.799ms
[2026-03-22T17:32:42.739+0900][7.806s][info][gc,heap        ] GC(343) PSYoungGen: 163057K(163840K)->0K(163840K) Eden: 152561K(153088K)->0K(153088K) From: 10496K(10752K)->0K(10752K)
[2026-03-22T17:32:42.739+0900][7.806s][info][gc,heap        ] GC(343) ParOldGen: 291999K(349696K)->103430K(349696K)
[2026-03-22T17:32:42.739+0900][7.806s][info][gc,metaspace   ] GC(343) Metaspace: 338K(512K)->338K(512K) NonClass: 320K(384K)->320K(384K) Class: 17K(128K)->17K(128K)
[2026-03-22T17:32:42.739+0900][7.806s][info][gc             ] GC(343) Pause Full (Ergonomics) 444M->101M(501M) 10.708ms
[2026-03-22T17:32:42.739+0900][7.806s][info][gc,cpu         ] GC(343) User=0.00s Sys=0.00s Real=0.01s
[2026-03-22T17:32:42.756+0900][7.822s][info][gc,start       ] GC(344) Pause Young (Allocation Failure)
[2026-03-22T17:32:42.761+0900][7.827s][info][gc,heap        ] GC(344) PSYoungGen: 152561K(163840K)->10496K(163840K) Eden: 152561K(153088K)->0K(153088K) From: 0K(10752K)->10496K(10752K)
[2026-03-22T17:32:42.761+0900][7.827s][info][gc,heap        ] GC(344) ParOldGen: 103430K(349696K)->197639K(349696K)
[2026-03-22T17:32:42.761+0900][7.827s][info][gc,metaspace   ] GC(344) Metaspace: 338K(512K)->338K(512K) NonClass: 320K(384K)->320K(384K) Class: 17K(128K)->17K(128K)
[2026-03-22T17:32:42.761+0900][7.827s][info][gc             ] GC(344) Pause Young (Allocation Failure) 249M->203M(501M) 5.045ms
[2026-03-22T17:32:42.761+0900][7.827s][info][gc,cpu         ] GC(344) User=0.06s Sys=0.00s Real=0.00s
[2026-03-22T17:32:42.779+0900][7.844s][info][gc,start       ] GC(345) Pause Young (Allocation Failure)
[2026-03-22T17:32:42.783+0900][7.849s][info][gc,heap        ] GC(345) PSYoungGen: 163057K(163840K)->10496K(163840K) Eden: 152561K(153088K)->0K(153088K) From: 10496K(10752K)->10496K(10752K)
[2026-03-22T17:32:42.783+0900][7.849s][info][gc,heap        ] GC(345) ParOldGen: 197639K(349696K)->291999K(349696K)
[2026-03-22T17:32:42.783+0900][7.849s][info][gc,metaspace   ] GC(345) Metaspace: 338K(512K)->338K(512K) NonClass: 320K(384K)->320K(384K) Class: 17K(128K)->17K(128K)
[2026-03-22T17:32:42.783+0900][7.849s][info][gc             ] GC(345) Pause Young (Allocation Failure) 352M->295M(501M) 4.705ms
[2026-03-22T17:32:42.783+0900][7.849s][info][gc,cpu         ] GC(345) User=0.00s Sys=0.00s Real=0.00s
[2026-03-22T17:32:42.799+0900][7.865s][info][gc,start       ] GC(346) Pause Full (Ergonomics)
[2026-03-22T17:32:42.799+0900][7.865s][info][gc,phases,start] GC(346) Marking Phase
[2026-03-22T17:32:42.800+0900][7.866s][info][gc,phases      ] GC(346) Marking Phase 1.317ms
[2026-03-22T17:32:42.800+0900][7.866s][info][gc,phases,start] GC(346) Summary Phase
[2026-03-22T17:32:42.800+0900][7.866s][info][gc,phases      ] GC(346) Summary Phase 0.033ms
[2026-03-22T17:32:42.800+0900][7.866s][info][gc,phases,start] GC(346) Adjust Roots
[2026-03-22T17:32:42.800+0900][7.866s][info][gc,phases      ] GC(346) Adjust Roots 0.277ms
[2026-03-22T17:32:42.800+0900][7.867s][info][gc,phases,start] GC(346) Compaction Phase
[2026-03-22T17:32:42.807+0900][7.873s][info][gc,phases      ] GC(346) Compaction Phase 6.489ms
[2026-03-22T17:32:42.807+0900][7.873s][info][gc,phases,start] GC(346) Post Compact
[2026-03-22T17:32:42.809+0900][7.875s][info][gc,phases      ] GC(346) Post Compact 1.593ms
[2026-03-22T17:32:42.809+0900][7.875s][info][gc,heap        ] GC(346) PSYoungGen: 163057K(163840K)->0K(163840K) Eden: 152561K(153088K)->0K(153088K) From: 10496K(10752K)->0K(10752K)
[2026-03-22T17:32:42.809+0900][7.875s][info][gc,heap        ] GC(346) ParOldGen: 291999K(349696K)->103430K(349696K)
[2026-03-22T17:32:42.809+0900][7.875s][info][gc,metaspace   ] GC(346) Metaspace: 338K(512K)->338K(512K) NonClass: 320K(384K)->320K(384K) Class: 17K(128K)->17K(128K)
[2026-03-22T17:32:42.809+0900][7.875s][info][gc             ] GC(346) Pause Full (Ergonomics) 444M->101M(501M) 10.111ms
[2026-03-22T17:32:42.809+0900][7.875s][info][gc,cpu         ] GC(346) User=0.03s Sys=0.00s Real=0.01s
[2026-03-22T17:32:42.826+0900][7.892s][info][gc,start       ] GC(347) Pause Young (Allocation Failure)
[2026-03-22T17:32:42.831+0900][7.896s][info][gc,heap        ] GC(347) PSYoungGen: 152561K(163840K)->10496K(163840K) Eden: 152561K(153088K)->0K(153088K) From: 0K(10752K)->10496K(10752K)
[2026-03-22T17:32:42.831+0900][7.896s][info][gc,heap        ] GC(347) ParOldGen: 103430K(349696K)->197639K(349696K)
[2026-03-22T17:32:42.831+0900][7.896s][info][gc,metaspace   ] GC(347) Metaspace: 338K(512K)->338K(512K) NonClass: 320K(384K)->320K(384K) Class: 17K(128K)->17K(128K)
[2026-03-22T17:32:42.831+0900][7.896s][info][gc             ] GC(347) Pause Young (Allocation Failure) 249M->203M(501M) 4.945ms
[2026-03-22T17:32:42.831+0900][7.896s][info][gc,cpu         ] GC(347) User=0.00s Sys=0.00s Real=0.01s
[2026-03-22T17:32:42.848+0900][7.913s][info][gc,start       ] GC(348) Pause Young (Allocation Failure)
[2026-03-22T17:32:42.852+0900][7.918s][info][gc,heap        ] GC(348) PSYoungGen: 163057K(163840K)->10496K(163840K) Eden: 152561K(153088K)->0K(153088K) From: 10496K(10752K)->10496K(10752K)
[2026-03-22T17:32:42.852+0900][7.919s][info][gc,heap        ] GC(348) ParOldGen: 197639K(349696K)->291999K(349696K)
[2026-03-22T17:32:42.852+0900][7.919s][info][gc,metaspace   ] GC(348) Metaspace: 338K(512K)->338K(512K) NonClass: 320K(384K)->320K(384K) Class: 17K(128K)->17K(128K)
[2026-03-22T17:32:42.852+0900][7.919s][info][gc             ] GC(348) Pause Young (Allocation Failure) 352M->295M(501M) 5.309ms
[2026-03-22T17:32:42.853+0900][7.919s][info][gc,cpu         ] GC(348) User=0.00s Sys=0.00s Real=0.00s
[2026-03-22T17:32:42.869+0900][7.935s][info][gc,start       ] GC(349) Pause Full (Ergonomics)
[2026-03-22T17:32:42.869+0900][7.935s][info][gc,phases,start] GC(349) Marking Phase
[2026-03-22T17:32:42.870+0900][7.936s][info][gc,phases      ] GC(349) Marking Phase 1.256ms
[2026-03-22T17:32:42.871+0900][7.936s][info][gc,phases,start] GC(349) Summary Phase
[2026-03-22T17:32:42.871+0900][7.936s][info][gc,phases      ] GC(349) Summary Phase 0.048ms
[2026-03-22T17:32:42.871+0900][7.936s][info][gc,phases,start] GC(349) Adjust Roots
[2026-03-22T17:32:42.871+0900][7.937s][info][gc,phases      ] GC(349) Adjust Roots 0.253ms
[2026-03-22T17:32:42.871+0900][7.937s][info][gc,phases,start] GC(349) Compaction Phase
[2026-03-22T17:32:42.876+0900][7.942s][info][gc,phases      ] GC(349) Compaction Phase 5.651ms
[2026-03-22T17:32:42.876+0900][7.942s][info][gc,phases,start] GC(349) Post Compact
[2026-03-22T17:32:42.879+0900][7.944s][info][gc,phases      ] GC(349) Post Compact 1.604ms
[2026-03-22T17:32:42.879+0900][7.944s][info][gc,heap        ] GC(349) PSYoungGen: 163057K(163840K)->0K(163840K) Eden: 152561K(153088K)->0K(153088K) From: 10496K(10752K)->0K(10752K)
[2026-03-22T17:32:42.879+0900][7.944s][info][gc,heap        ] GC(349) ParOldGen: 291999K(349696K)->103430K(349696K)
[2026-03-22T17:32:42.879+0900][7.944s][info][gc,metaspace   ] GC(349) Metaspace: 338K(512K)->338K(512K) NonClass: 320K(384K)->320K(384K) Class: 17K(128K)->17K(128K)
[2026-03-22T17:32:42.879+0900][7.944s][info][gc             ] GC(349) Pause Full (Ergonomics) 444M->101M(501M) 9.156ms
[2026-03-22T17:32:42.879+0900][7.944s][info][gc,cpu         ] GC(349) User=0.00s Sys=0.00s Real=0.01s
[2026-03-22T17:32:42.894+0900][7.960s][info][gc,start       ] GC(350) Pause Young (Allocation Failure)
[2026-03-22T17:32:42.899+0900][7.965s][info][gc,heap        ] GC(350) PSYoungGen: 152561K(163840K)->10496K(163840K) Eden: 152561K(153088K)->0K(153088K) From: 0K(10752K)->10496K(10752K)
[2026-03-22T17:32:42.899+0900][7.965s][info][gc,heap        ] GC(350) ParOldGen: 103430K(349696K)->197639K(349696K)
[2026-03-22T17:32:42.899+0900][7.965s][info][gc,metaspace   ] GC(350) Metaspace: 338K(512K)->338K(512K) NonClass: 320K(384K)->320K(384K) Class: 17K(128K)->17K(128K)
[2026-03-22T17:32:42.899+0900][7.965s][info][gc             ] GC(350) Pause Young (Allocation Failure) 249M->203M(501M) 4.952ms
[2026-03-22T17:32:42.899+0900][7.965s][info][gc,cpu         ] GC(350) User=0.00s Sys=0.00s Real=0.00s
[2026-03-22T17:32:42.915+0900][7.981s][info][gc,start       ] GC(351) Pause Young (Allocation Failure)
[2026-03-22T17:32:42.920+0900][7.986s][info][gc,heap        ] GC(351) PSYoungGen: 163057K(163840K)->10496K(163840K) Eden: 152561K(153088K)->0K(153088K) From: 10496K(10752K)->10496K(10752K)
[2026-03-22T17:32:42.920+0900][7.986s][info][gc,heap        ] GC(351) ParOldGen: 197639K(349696K)->291999K(349696K)
[2026-03-22T17:32:42.920+0900][7.986s][info][gc,metaspace   ] GC(351) Metaspace: 338K(512K)->338K(512K) NonClass: 320K(384K)->320K(384K) Class: 17K(128K)->17K(128K)
[2026-03-22T17:32:42.920+0900][7.986s][info][gc             ] GC(351) Pause Young (Allocation Failure) 352M->295M(501M) 4.950ms
[2026-03-22T17:32:42.920+0900][7.986s][info][gc,cpu         ] GC(351) User=0.06s Sys=0.00s Real=0.01s
[2026-03-22T17:32:42.935+0900][8.001s][info][gc,start       ] GC(352) Pause Full (Ergonomics)
[2026-03-22T17:32:42.935+0900][8.001s][info][gc,phases,start] GC(352) Marking Phase
[2026-03-22T17:32:42.936+0900][8.002s][info][gc,phases      ] GC(352) Marking Phase 1.206ms
[2026-03-22T17:32:42.936+0900][8.002s][info][gc,phases,start] GC(352) Summary Phase
[2026-03-22T17:32:42.936+0900][8.002s][info][gc,phases      ] GC(352) Summary Phase 0.036ms
[2026-03-22T17:32:42.936+0900][8.002s][info][gc,phases,start] GC(352) Adjust Roots
[2026-03-22T17:32:42.936+0900][8.003s][info][gc,phases      ] GC(352) Adjust Roots 0.278ms
[2026-03-22T17:32:42.936+0900][8.003s][info][gc,phases,start] GC(352) Compaction Phase
[2026-03-22T17:32:42.943+0900][8.009s][info][gc,phases      ] GC(352) Compaction Phase 5.977ms
[2026-03-22T17:32:42.943+0900][8.009s][info][gc,phases,start] GC(352) Post Compact
[2026-03-22T17:32:42.944+0900][8.010s][info][gc,phases      ] GC(352) Post Compact 1.416ms
[2026-03-22T17:32:42.944+0900][8.010s][info][gc,heap        ] GC(352) PSYoungGen: 163057K(163840K)->0K(163840K) Eden: 152561K(153088K)->0K(153088K) From: 10496K(10752K)->0K(10752K)
[2026-03-22T17:32:42.944+0900][8.010s][info][gc,heap        ] GC(352) ParOldGen: 291999K(349696K)->103430K(349696K)
[2026-03-22T17:32:42.944+0900][8.010s][info][gc,metaspace   ] GC(352) Metaspace: 338K(512K)->338K(512K) NonClass: 320K(384K)->320K(384K) Class: 17K(128K)->17K(128K)
[2026-03-22T17:32:42.944+0900][8.010s][info][gc             ] GC(352) Pause Full (Ergonomics) 444M->101M(501M) 9.351ms
[2026-03-22T17:32:42.944+0900][8.010s][info][gc,cpu         ] GC(352) User=0.00s Sys=0.00s Real=0.01s
[2026-03-22T17:32:42.961+0900][8.028s][info][gc,start       ] GC(353) Pause Young (Allocation Failure)
[2026-03-22T17:32:42.966+0900][8.032s][info][gc,heap        ] GC(353) PSYoungGen: 152561K(163840K)->10496K(163840K) Eden: 152561K(153088K)->0K(153088K) From: 0K(10752K)->10496K(10752K)
[2026-03-22T17:32:42.966+0900][8.032s][info][gc,heap        ] GC(353) ParOldGen: 103430K(349696K)->197639K(349696K)
[2026-03-22T17:32:42.966+0900][8.032s][info][gc,metaspace   ] GC(353) Metaspace: 338K(512K)->338K(512K) NonClass: 320K(384K)->320K(384K) Class: 17K(128K)->17K(128K)
[2026-03-22T17:32:42.966+0900][8.032s][info][gc             ] GC(353) Pause Young (Allocation Failure) 249M->203M(501M) 4.889ms
[2026-03-22T17:32:42.966+0900][8.032s][info][gc,cpu         ] GC(353) User=0.06s Sys=0.00s Real=0.01s
[2026-03-22T17:32:42.982+0900][8.049s][info][gc,start       ] GC(354) Pause Young (Allocation Failure)
[2026-03-22T17:32:42.988+0900][8.053s][info][gc,heap        ] GC(354) PSYoungGen: 163057K(163840K)->10496K(163840K) Eden: 152561K(153088K)->0K(153088K) From: 10496K(10752K)->10496K(10752K)
[2026-03-22T17:32:42.988+0900][8.054s][info][gc,heap        ] GC(354) ParOldGen: 197639K(349696K)->291999K(349696K)
[2026-03-22T17:32:42.988+0900][8.054s][info][gc,metaspace   ] GC(354) Metaspace: 338K(512K)->338K(512K) NonClass: 320K(384K)->320K(384K) Class: 17K(128K)->17K(128K)
[2026-03-22T17:32:42.988+0900][8.054s][info][gc             ] GC(354) Pause Young (Allocation Failure) 352M->295M(501M) 5.054ms
[2026-03-22T17:32:42.988+0900][8.054s][info][gc,cpu         ] GC(354) User=0.00s Sys=0.00s Real=0.01s
[2026-03-22T17:32:43.002+0900][8.068s][info][gc,start       ] GC(355) Pause Full (Ergonomics)
[2026-03-22T17:32:43.002+0900][8.069s][info][gc,phases,start] GC(355) Marking Phase
[2026-03-22T17:32:43.004+0900][8.071s][info][gc,phases      ] GC(355) Marking Phase 1.994ms
[2026-03-22T17:32:43.004+0900][8.071s][info][gc,phases,start] GC(355) Summary Phase
[2026-03-22T17:32:43.004+0900][8.071s][info][gc,phases      ] GC(355) Summary Phase 0.021ms
[2026-03-22T17:32:43.004+0900][8.071s][info][gc,phases,start] GC(355) Adjust Roots
[2026-03-22T17:32:43.006+0900][8.071s][info][gc,phases      ] GC(355) Adjust Roots 0.250ms
[2026-03-22T17:32:43.006+0900][8.071s][info][gc,phases,start] GC(355) Compaction Phase
[2026-03-22T17:32:43.013+0900][8.079s][info][gc,phases      ] GC(355) Compaction Phase 7.577ms
[2026-03-22T17:32:43.013+0900][8.079s][info][gc,phases,start] GC(355) Post Compact
[2026-03-22T17:32:43.015+0900][8.080s][info][gc,phases      ] GC(355) Post Compact 1.438ms
[2026-03-22T17:32:43.015+0900][8.080s][info][gc,heap        ] GC(355) PSYoungGen: 163057K(163840K)->0K(163840K) Eden: 152561K(153088K)->0K(153088K) From: 10496K(10752K)->0K(10752K)
[2026-03-22T17:32:43.015+0900][8.080s][info][gc,heap        ] GC(355) ParOldGen: 291999K(349696K)->103430K(349696K)
[2026-03-22T17:32:43.015+0900][8.080s][info][gc,metaspace   ] GC(355) Metaspace: 338K(512K)->338K(512K) NonClass: 320K(384K)->320K(384K) Class: 17K(128K)->17K(128K)
[2026-03-22T17:32:43.015+0900][8.080s][info][gc             ] GC(355) Pause Full (Ergonomics) 444M->101M(501M) 11.851ms
[2026-03-22T17:32:43.015+0900][8.080s][info][gc,cpu         ] GC(355) User=0.05s Sys=0.00s Real=0.01s
[2026-03-22T17:32:43.032+0900][8.098s][info][gc,start       ] GC(356) Pause Young (Allocation Failure)
[2026-03-22T17:32:43.039+0900][8.104s][info][gc,heap        ] GC(356) PSYoungGen: 152561K(163840K)->10496K(163840K) Eden: 152561K(153088K)->0K(153088K) From: 0K(10752K)->10496K(10752K)
[2026-03-22T17:32:43.039+0900][8.104s][info][gc,heap        ] GC(356) ParOldGen: 103430K(349696K)->197639K(349696K)
[2026-03-22T17:32:43.039+0900][8.104s][info][gc,metaspace   ] GC(356) Metaspace: 338K(512K)->338K(512K) NonClass: 320K(384K)->320K(384K) Class: 17K(128K)->17K(128K)
[2026-03-22T17:32:43.039+0900][8.104s][info][gc             ] GC(356) Pause Young (Allocation Failure) 249M->203M(501M) 6.712ms
[2026-03-22T17:32:43.039+0900][8.104s][info][gc,cpu         ] GC(356) User=0.00s Sys=0.00s Real=0.01s
[2026-03-22T17:32:43.053+0900][8.119s][info][gc,start       ] GC(357) Pause Young (Allocation Failure)
[2026-03-22T17:32:43.058+0900][8.124s][info][gc,heap        ] GC(357) PSYoungGen: 163057K(163840K)->10496K(163840K) Eden: 152561K(153088K)->0K(153088K) From: 10496K(10752K)->10496K(10752K)
[2026-03-22T17:32:43.058+0900][8.124s][info][gc,heap        ] GC(357) ParOldGen: 197639K(349696K)->291999K(349696K)
[2026-03-22T17:32:43.058+0900][8.124s][info][gc,metaspace   ] GC(357) Metaspace: 338K(512K)->338K(512K) NonClass: 320K(384K)->320K(384K) Class: 17K(128K)->17K(128K)
[2026-03-22T17:32:43.058+0900][8.124s][info][gc             ] GC(357) Pause Young (Allocation Failure) 352M->295M(501M) 5.085ms
[2026-03-22T17:32:43.058+0900][8.124s][info][gc,cpu         ] GC(357) User=0.05s Sys=0.00s Real=0.01s
[2026-03-22T17:32:43.074+0900][8.139s][info][gc,start       ] GC(358) Pause Full (Ergonomics)
[2026-03-22T17:32:43.074+0900][8.140s][info][gc,phases,start] GC(358) Marking Phase
[2026-03-22T17:32:43.075+0900][8.141s][info][gc,phases      ] GC(358) Marking Phase 1.246ms
[2026-03-22T17:32:43.075+0900][8.141s][info][gc,phases,start] GC(358) Summary Phase
[2026-03-22T17:32:43.075+0900][8.141s][info][gc,phases      ] GC(358) Summary Phase 0.014ms
[2026-03-22T17:32:43.075+0900][8.141s][info][gc,phases,start] GC(358) Adjust Roots
[2026-03-22T17:32:43.075+0900][8.141s][info][gc,phases      ] GC(358) Adjust Roots 0.244ms
[2026-03-22T17:32:43.075+0900][8.141s][info][gc,phases,start] GC(358) Compaction Phase
[2026-03-22T17:32:43.081+0900][8.147s][info][gc,phases      ] GC(358) Compaction Phase 5.710ms
[2026-03-22T17:32:43.090+0900][8.156s][info][gc,phases,start] GC(358) Post Compact
[2026-03-22T17:32:43.092+0900][8.158s][info][gc,phases      ] GC(358) Post Compact 2.221ms
[2026-03-22T17:32:43.092+0900][8.158s][info][gc,heap        ] GC(358) PSYoungGen: 163057K(163840K)->0K(163840K) Eden: 152561K(153088K)->0K(153088K) From: 10496K(10752K)->0K(10752K)
[2026-03-22T17:32:43.092+0900][8.158s][info][gc,heap        ] GC(358) ParOldGen: 291999K(349696K)->103430K(349696K)
[2026-03-22T17:32:43.092+0900][8.158s][info][gc,metaspace   ] GC(358) Metaspace: 338K(512K)->338K(512K) NonClass: 320K(384K)->320K(384K) Class: 17K(128K)->17K(128K)
[2026-03-22T17:32:43.092+0900][8.158s][info][gc             ] GC(358) Pause Full (Ergonomics) 444M->101M(501M) 18.753ms
[2026-03-22T17:32:43.092+0900][8.158s][info][gc,cpu         ] GC(358) User=0.00s Sys=0.00s Real=0.02s
[2026-03-22T17:32:43.111+0900][8.177s][info][gc,start       ] GC(359) Pause Young (Allocation Failure)
[2026-03-22T17:32:43.116+0900][8.182s][info][gc,heap        ] GC(359) PSYoungGen: 152561K(163840K)->10496K(163840K) Eden: 152561K(153088K)->0K(153088K) From: 0K(10752K)->10496K(10752K)
[2026-03-22T17:32:43.116+0900][8.182s][info][gc,heap        ] GC(359) ParOldGen: 103430K(349696K)->197639K(349696K)
[2026-03-22T17:32:43.116+0900][8.182s][info][gc,metaspace   ] GC(359) Metaspace: 338K(512K)->338K(512K) NonClass: 320K(384K)->320K(384K) Class: 17K(128K)->17K(128K)
[2026-03-22T17:32:43.116+0900][8.182s][info][gc             ] GC(359) Pause Young (Allocation Failure) 249M->203M(501M) 4.792ms
[2026-03-22T17:32:43.116+0900][8.182s][info][gc,cpu         ] GC(359) User=0.00s Sys=0.00s Real=0.00s
[2026-03-22T17:32:43.133+0900][8.199s][info][gc,start       ] GC(360) Pause Young (Allocation Failure)
[2026-03-22T17:32:43.140+0900][8.206s][info][gc,heap        ] GC(360) PSYoungGen: 163057K(163840K)->10496K(163840K) Eden: 152561K(153088K)->0K(153088K) From: 10496K(10752K)->10496K(10752K)
[2026-03-22T17:32:43.140+0900][8.206s][info][gc,heap        ] GC(360) ParOldGen: 197639K(349696K)->291999K(349696K)
[2026-03-22T17:32:43.140+0900][8.206s][info][gc,metaspace   ] GC(360) Metaspace: 338K(512K)->338K(512K) NonClass: 320K(384K)->320K(384K) Class: 17K(128K)->17K(128K)
[2026-03-22T17:32:43.140+0900][8.206s][info][gc             ] GC(360) Pause Young (Allocation Failure) 352M->295M(501M) 7.131ms
[2026-03-22T17:32:43.140+0900][8.206s][info][gc,cpu         ] GC(360) User=0.05s Sys=0.00s Real=0.01s
[2026-03-22T17:32:43.155+0900][8.220s][info][gc,start       ] GC(361) Pause Full (Ergonomics)
[2026-03-22T17:32:43.155+0900][8.221s][info][gc,phases,start] GC(361) Marking Phase
[2026-03-22T17:32:43.156+0900][8.222s][info][gc,phases      ] GC(361) Marking Phase 1.176ms
[2026-03-22T17:32:43.156+0900][8.222s][info][gc,phases,start] GC(361) Summary Phase
[2026-03-22T17:32:43.156+0900][8.222s][info][gc,phases      ] GC(361) Summary Phase 0.034ms
[2026-03-22T17:32:43.156+0900][8.222s][info][gc,phases,start] GC(361) Adjust Roots
[2026-03-22T17:32:43.156+0900][8.222s][info][gc,phases      ] GC(361) Adjust Roots 0.271ms
[2026-03-22T17:32:43.156+0900][8.222s][info][gc,phases,start] GC(361) Compaction Phase
[2026-03-22T17:32:43.163+0900][8.228s][info][gc,phases      ] GC(361) Compaction Phase 5.844ms
[2026-03-22T17:32:43.163+0900][8.228s][info][gc,phases,start] GC(361) Post Compact
[2026-03-22T17:32:43.164+0900][8.229s][info][gc,phases      ] GC(361) Post Compact 1.377ms
[2026-03-22T17:32:43.164+0900][8.229s][info][gc,heap        ] GC(361) PSYoungGen: 163057K(163840K)->0K(163840K) Eden: 152561K(153088K)->0K(153088K) From: 10496K(10752K)->0K(10752K)
[2026-03-22T17:32:43.164+0900][8.229s][info][gc,heap        ] GC(361) ParOldGen: 291999K(349696K)->103430K(349696K)
[2026-03-22T17:32:43.164+0900][8.229s][info][gc,metaspace   ] GC(361) Metaspace: 338K(512K)->338K(512K) NonClass: 320K(384K)->320K(384K) Class: 17K(128K)->17K(128K)
[2026-03-22T17:32:43.164+0900][8.229s][info][gc             ] GC(361) Pause Full (Ergonomics) 444M->101M(501M) 9.030ms
[2026-03-22T17:32:43.164+0900][8.229s][info][gc,cpu         ] GC(361) User=0.00s Sys=0.00s Real=0.01s
[2026-03-22T17:32:43.181+0900][8.246s][info][gc,start       ] GC(362) Pause Young (Allocation Failure)
[2026-03-22T17:32:43.186+0900][8.251s][info][gc,heap        ] GC(362) PSYoungGen: 152561K(163840K)->10496K(163840K) Eden: 152561K(153088K)->0K(153088K) From: 0K(10752K)->10496K(10752K)
[2026-03-22T17:32:43.186+0900][8.251s][info][gc,heap        ] GC(362) ParOldGen: 103430K(349696K)->197639K(349696K)
[2026-03-22T17:32:43.186+0900][8.251s][info][gc,metaspace   ] GC(362) Metaspace: 338K(512K)->338K(512K) NonClass: 320K(384K)->320K(384K) Class: 17K(128K)->17K(128K)
[2026-03-22T17:32:43.186+0900][8.251s][info][gc             ] GC(362) Pause Young (Allocation Failure) 249M->203M(501M) 4.793ms
[2026-03-22T17:32:43.186+0900][8.251s][info][gc,cpu         ] GC(362) User=0.06s Sys=0.00s Real=0.01s
[2026-03-22T17:32:43.202+0900][8.268s][info][gc,start       ] GC(363) Pause Young (Allocation Failure)
[2026-03-22T17:32:43.207+0900][8.273s][info][gc,heap        ] GC(363) PSYoungGen: 163057K(163840K)->10496K(163840K) Eden: 152561K(153088K)->0K(153088K) From: 10496K(10752K)->10496K(10752K)
[2026-03-22T17:32:43.207+0900][8.273s][info][gc,heap        ] GC(363) ParOldGen: 197639K(349696K)->291999K(349696K)
[2026-03-22T17:32:43.207+0900][8.273s][info][gc,metaspace   ] GC(363) Metaspace: 338K(512K)->338K(512K) NonClass: 320K(384K)->320K(384K) Class: 17K(128K)->17K(128K)
[2026-03-22T17:32:43.207+0900][8.273s][info][gc             ] GC(363) Pause Young (Allocation Failure) 352M->295M(501M) 5.502ms
[2026-03-22T17:32:43.207+0900][8.273s][info][gc,cpu         ] GC(363) User=0.00s Sys=0.00s Real=0.01s
[2026-03-22T17:32:43.224+0900][8.290s][info][gc,start       ] GC(364) Pause Full (Ergonomics)
[2026-03-22T17:32:43.224+0900][8.290s][info][gc,phases,start] GC(364) Marking Phase
[2026-03-22T17:32:43.226+0900][8.291s][info][gc,phases      ] GC(364) Marking Phase 1.286ms
[2026-03-22T17:32:43.226+0900][8.291s][info][gc,phases,start] GC(364) Summary Phase
[2026-03-22T17:32:43.226+0900][8.291s][info][gc,phases      ] GC(364) Summary Phase 0.022ms
[2026-03-22T17:32:43.226+0900][8.291s][info][gc,phases,start] GC(364) Adjust Roots
[2026-03-22T17:32:43.226+0900][8.292s][info][gc,phases      ] GC(364) Adjust Roots 0.235ms
[2026-03-22T17:32:43.226+0900][8.292s][info][gc,phases,start] GC(364) Compaction Phase
[2026-03-22T17:32:43.233+0900][8.298s][info][gc,phases      ] GC(364) Compaction Phase 6.740ms
[2026-03-22T17:32:43.233+0900][8.298s][info][gc,phases,start] GC(364) Post Compact
[2026-03-22T17:32:43.234+0900][8.300s][info][gc,phases      ] GC(364) Post Compact 1.569ms
[2026-03-22T17:32:43.234+0900][8.300s][info][gc,heap        ] GC(364) PSYoungGen: 163057K(163840K)->0K(163840K) Eden: 152561K(153088K)->0K(153088K) From: 10496K(10752K)->0K(10752K)
[2026-03-22T17:32:43.234+0900][8.300s][info][gc,heap        ] GC(364) ParOldGen: 291999K(349696K)->103430K(349696K)
[2026-03-22T17:32:43.235+0900][8.300s][info][gc,metaspace   ] GC(364) Metaspace: 338K(512K)->338K(512K) NonClass: 320K(384K)->320K(384K) Class: 17K(128K)->17K(128K)
[2026-03-22T17:32:43.235+0900][8.300s][info][gc             ] GC(364) Pause Full (Ergonomics) 444M->101M(501M) 10.180ms
[2026-03-22T17:32:43.235+0900][8.300s][info][gc,cpu         ] GC(364) User=0.05s Sys=0.00s Real=0.01s
[2026-03-22T17:32:43.251+0900][8.317s][info][gc,start       ] GC(365) Pause Young (Allocation Failure)
[2026-03-22T17:32:43.256+0900][8.322s][info][gc,heap        ] GC(365) PSYoungGen: 152561K(163840K)->10496K(163840K) Eden: 152561K(153088K)->0K(153088K) From: 0K(10752K)->10496K(10752K)
[2026-03-22T17:32:43.256+0900][8.322s][info][gc,heap        ] GC(365) ParOldGen: 103430K(349696K)->197639K(349696K)
[2026-03-22T17:32:43.256+0900][8.322s][info][gc,metaspace   ] GC(365) Metaspace: 338K(512K)->338K(512K) NonClass: 320K(384K)->320K(384K) Class: 17K(128K)->17K(128K)
[2026-03-22T17:32:43.256+0900][8.322s][info][gc             ] GC(365) Pause Young (Allocation Failure) 249M->203M(501M) 5.163ms
[2026-03-22T17:32:43.256+0900][8.322s][info][gc,cpu         ] GC(365) User=0.00s Sys=0.00s Real=0.01s
[2026-03-22T17:32:43.272+0900][8.338s][info][gc,start       ] GC(366) Pause Young (Allocation Failure)
[2026-03-22T17:32:43.277+0900][8.343s][info][gc,heap        ] GC(366) PSYoungGen: 163057K(163840K)->10496K(163840K) Eden: 152561K(153088K)->0K(153088K) From: 10496K(10752K)->10496K(10752K)
[2026-03-22T17:32:43.277+0900][8.343s][info][gc,heap        ] GC(366) ParOldGen: 197639K(349696K)->291999K(349696K)
[2026-03-22T17:32:43.277+0900][8.343s][info][gc,metaspace   ] GC(366) Metaspace: 338K(512K)->338K(512K) NonClass: 320K(384K)->320K(384K) Class: 17K(128K)->17K(128K)
[2026-03-22T17:32:43.277+0900][8.343s][info][gc             ] GC(366) Pause Young (Allocation Failure) 352M->295M(501M) 4.949ms
[2026-03-22T17:32:43.277+0900][8.343s][info][gc,cpu         ] GC(366) User=0.06s Sys=0.00s Real=0.00s
[2026-03-22T17:32:43.293+0900][8.359s][info][gc,start       ] GC(367) Pause Full (Ergonomics)
[2026-03-22T17:32:43.293+0900][8.359s][info][gc,phases,start] GC(367) Marking Phase
[2026-03-22T17:32:43.294+0900][8.360s][info][gc,phases      ] GC(367) Marking Phase 1.218ms
[2026-03-22T17:32:43.294+0900][8.360s][info][gc,phases,start] GC(367) Summary Phase
[2026-03-22T17:32:43.294+0900][8.360s][info][gc,phases      ] GC(367) Summary Phase 0.018ms
[2026-03-22T17:32:43.294+0900][8.360s][info][gc,phases,start] GC(367) Adjust Roots
[2026-03-22T17:32:43.294+0900][8.361s][info][gc,phases      ] GC(367) Adjust Roots 0.212ms
[2026-03-22T17:32:43.294+0900][8.361s][info][gc,phases,start] GC(367) Compaction Phase
[2026-03-22T17:32:43.301+0900][8.367s][info][gc,phases      ] GC(367) Compaction Phase 6.093ms
[2026-03-22T17:32:43.301+0900][8.367s][info][gc,phases,start] GC(367) Post Compact
[2026-03-22T17:32:43.302+0900][8.369s][info][gc,phases      ] GC(367) Post Compact 1.884ms
[2026-03-22T17:32:43.303+0900][8.369s][info][gc,heap        ] GC(367) PSYoungGen: 163057K(163840K)->0K(163840K) Eden: 152561K(153088K)->0K(153088K) From: 10496K(10752K)->0K(10752K)
[2026-03-22T17:32:43.303+0900][8.369s][info][gc,heap        ] GC(367) ParOldGen: 291999K(349696K)->103430K(349696K)
[2026-03-22T17:32:43.303+0900][8.369s][info][gc,metaspace   ] GC(367) Metaspace: 338K(512K)->338K(512K) NonClass: 320K(384K)->320K(384K) Class: 17K(128K)->17K(128K)
[2026-03-22T17:32:43.303+0900][8.369s][info][gc             ] GC(367) Pause Full (Ergonomics) 444M->101M(501M) 9.762ms
[2026-03-22T17:32:43.303+0900][8.369s][info][gc,cpu         ] GC(367) User=0.00s Sys=0.00s Real=0.01s
[2026-03-22T17:32:43.318+0900][8.385s][info][gc,start       ] GC(368) Pause Young (Allocation Failure)
[2026-03-22T17:32:43.323+0900][8.389s][info][gc,heap        ] GC(368) PSYoungGen: 152561K(163840K)->10496K(163840K) Eden: 152561K(153088K)->0K(153088K) From: 0K(10752K)->10496K(10752K)
[2026-03-22T17:32:43.323+0900][8.389s][info][gc,heap        ] GC(368) ParOldGen: 103430K(349696K)->197639K(349696K)
[2026-03-22T17:32:43.323+0900][8.389s][info][gc,metaspace   ] GC(368) Metaspace: 338K(512K)->338K(512K) NonClass: 320K(384K)->320K(384K) Class: 17K(128K)->17K(128K)
[2026-03-22T17:32:43.323+0900][8.390s][info][gc             ] GC(368) Pause Young (Allocation Failure) 249M->203M(501M) 4.988ms
[2026-03-22T17:32:43.323+0900][8.390s][info][gc,cpu         ] GC(368) User=0.06s Sys=0.00s Real=0.00s
[2026-03-22T17:32:43.339+0900][8.405s][info][gc,start       ] GC(369) Pause Young (Allocation Failure)
[2026-03-22T17:32:43.344+0900][8.410s][info][gc,heap        ] GC(369) PSYoungGen: 163057K(163840K)->10496K(163840K) Eden: 152561K(153088K)->0K(153088K) From: 10496K(10752K)->10496K(10752K)
[2026-03-22T17:32:43.345+0900][8.410s][info][gc,heap        ] GC(369) ParOldGen: 197639K(349696K)->291999K(349696K)
[2026-03-22T17:32:43.345+0900][8.410s][info][gc,metaspace   ] GC(369) Metaspace: 338K(512K)->338K(512K) NonClass: 320K(384K)->320K(384K) Class: 17K(128K)->17K(128K)
[2026-03-22T17:32:43.345+0900][8.410s][info][gc             ] GC(369) Pause Young (Allocation Failure) 352M->295M(501M) 5.377ms
[2026-03-22T17:32:43.345+0900][8.410s][info][gc,cpu         ] GC(369) User=0.00s Sys=0.00s Real=0.01s
[2026-03-22T17:32:43.360+0900][8.426s][info][gc,start       ] GC(370) Pause Full (Ergonomics)
[2026-03-22T17:32:43.360+0900][8.426s][info][gc,phases,start] GC(370) Marking Phase
[2026-03-22T17:32:43.361+0900][8.427s][info][gc,phases      ] GC(370) Marking Phase 1.351ms
[2026-03-22T17:32:43.361+0900][8.427s][info][gc,phases,start] GC(370) Summary Phase
[2026-03-22T17:32:43.361+0900][8.427s][info][gc,phases      ] GC(370) Summary Phase 0.034ms
[2026-03-22T17:32:43.361+0900][8.427s][info][gc,phases,start] GC(370) Adjust Roots
[2026-03-22T17:32:43.362+0900][8.428s][info][gc,phases      ] GC(370) Adjust Roots 0.300ms
[2026-03-22T17:32:43.362+0900][8.428s][info][gc,phases,start] GC(370) Compaction Phase
[2026-03-22T17:32:43.368+0900][8.433s][info][gc,phases      ] GC(370) Compaction Phase 5.681ms
[2026-03-22T17:32:43.368+0900][8.433s][info][gc,phases,start] GC(370) Post Compact
[2026-03-22T17:32:43.370+0900][8.435s][info][gc,phases      ] GC(370) Post Compact 1.791ms
[2026-03-22T17:32:43.370+0900][8.435s][info][gc,heap        ] GC(370) PSYoungGen: 163057K(163840K)->0K(163840K) Eden: 152561K(153088K)->0K(153088K) From: 10496K(10752K)->0K(10752K)
[2026-03-22T17:32:43.370+0900][8.435s][info][gc,heap        ] GC(370) ParOldGen: 291999K(349696K)->103430K(349696K)
[2026-03-22T17:32:43.370+0900][8.435s][info][gc,metaspace   ] GC(370) Metaspace: 338K(512K)->338K(512K) NonClass: 320K(384K)->320K(384K) Class: 17K(128K)->17K(128K)
[2026-03-22T17:32:43.370+0900][8.435s][info][gc             ] GC(370) Pause Full (Ergonomics) 444M->101M(501M) 9.509ms
[2026-03-22T17:32:43.370+0900][8.435s][info][gc,cpu         ] GC(370) User=0.02s Sys=0.00s Real=0.01s
[2026-03-22T17:32:43.384+0900][8.450s][info][gc,start       ] GC(371) Pause Young (Allocation Failure)
[2026-03-22T17:32:43.390+0900][8.455s][info][gc,heap        ] GC(371) PSYoungGen: 152561K(163840K)->10496K(163840K) Eden: 152561K(153088K)->0K(153088K) From: 0K(10752K)->10496K(10752K)
[2026-03-22T17:32:43.390+0900][8.455s][info][gc,heap        ] GC(371) ParOldGen: 103430K(349696K)->197639K(349696K)
[2026-03-22T17:32:43.390+0900][8.455s][info][gc,metaspace   ] GC(371) Metaspace: 338K(512K)->338K(512K) NonClass: 320K(384K)->320K(384K) Class: 17K(128K)->17K(128K)
[2026-03-22T17:32:43.390+0900][8.456s][info][gc             ] GC(371) Pause Young (Allocation Failure) 249M->203M(501M) 5.108ms
[2026-03-22T17:32:43.390+0900][8.456s][info][gc,cpu         ] GC(371) User=0.00s Sys=0.00s Real=0.01s
[2026-03-22T17:32:43.404+0900][8.470s][info][gc,start       ] GC(372) Pause Young (Allocation Failure)
[2026-03-22T17:32:43.409+0900][8.475s][info][gc,heap        ] GC(372) PSYoungGen: 163057K(163840K)->10496K(163840K) Eden: 152561K(153088K)->0K(153088K) From: 10496K(10752K)->10496K(10752K)
[2026-03-22T17:32:43.409+0900][8.475s][info][gc,heap        ] GC(372) ParOldGen: 197639K(349696K)->291999K(349696K)
[2026-03-22T17:32:43.409+0900][8.475s][info][gc,metaspace   ] GC(372) Metaspace: 338K(512K)->338K(512K) NonClass: 320K(384K)->320K(384K) Class: 17K(128K)->17K(128K)
[2026-03-22T17:32:43.409+0900][8.475s][info][gc             ] GC(372) Pause Young (Allocation Failure) 352M->295M(501M) 5.322ms
[2026-03-22T17:32:43.409+0900][8.475s][info][gc,cpu         ] GC(372) User=0.00s Sys=0.00s Real=0.00s
[2026-03-22T17:32:43.427+0900][8.493s][info][gc,start       ] GC(373) Pause Full (Ergonomics)
[2026-03-22T17:32:43.427+0900][8.493s][info][gc,phases,start] GC(373) Marking Phase
[2026-03-22T17:32:43.428+0900][8.494s][info][gc,phases      ] GC(373) Marking Phase 1.202ms
[2026-03-22T17:32:43.428+0900][8.494s][info][gc,phases,start] GC(373) Summary Phase
[2026-03-22T17:32:43.428+0900][8.494s][info][gc,phases      ] GC(373) Summary Phase 0.021ms
[2026-03-22T17:32:43.428+0900][8.494s][info][gc,phases,start] GC(373) Adjust Roots
[2026-03-22T17:32:43.428+0900][8.494s][info][gc,phases      ] GC(373) Adjust Roots 0.206ms
[2026-03-22T17:32:43.428+0900][8.494s][info][gc,phases,start] GC(373) Compaction Phase
[2026-03-22T17:32:43.434+0900][8.500s][info][gc,phases      ] GC(373) Compaction Phase 5.481ms
[2026-03-22T17:32:43.434+0900][8.500s][info][gc,phases,start] GC(373) Post Compact
[2026-03-22T17:32:43.435+0900][8.501s][info][gc,phases      ] GC(373) Post Compact 1.554ms
[2026-03-22T17:32:43.435+0900][8.502s][info][gc,heap        ] GC(373) PSYoungGen: 163057K(163840K)->0K(163840K) Eden: 152561K(153088K)->0K(153088K) From: 10496K(10752K)->0K(10752K)
[2026-03-22T17:32:43.435+0900][8.502s][info][gc,heap        ] GC(373) ParOldGen: 291999K(349696K)->103430K(349696K)
[2026-03-22T17:32:43.435+0900][8.502s][info][gc,metaspace   ] GC(373) Metaspace: 338K(512K)->338K(512K) NonClass: 320K(384K)->320K(384K) Class: 17K(128K)->17K(128K)
[2026-03-22T17:32:43.435+0900][8.502s][info][gc             ] GC(373) Pause Full (Ergonomics) 444M->101M(501M) 8.788ms
[2026-03-22T17:32:43.436+0900][8.502s][info][gc,cpu         ] GC(373) User=0.06s Sys=0.00s Real=0.01s
[2026-03-22T17:32:43.450+0900][8.517s][info][gc,start       ] GC(374) Pause Young (Allocation Failure)
[2026-03-22T17:32:43.455+0900][8.522s][info][gc,heap        ] GC(374) PSYoungGen: 152561K(163840K)->10496K(163840K) Eden: 152561K(153088K)->0K(153088K) From: 0K(10752K)->10496K(10752K)
[2026-03-22T17:32:43.455+0900][8.522s][info][gc,heap        ] GC(374) ParOldGen: 103430K(349696K)->197639K(349696K)
[2026-03-22T17:32:43.455+0900][8.522s][info][gc,metaspace   ] GC(374) Metaspace: 338K(512K)->338K(512K) NonClass: 320K(384K)->320K(384K) Class: 17K(128K)->17K(128K)
[2026-03-22T17:32:43.455+0900][8.522s][info][gc             ] GC(374) Pause Young (Allocation Failure) 249M->203M(501M) 5.044ms
[2026-03-22T17:32:43.455+0900][8.522s][info][gc,cpu         ] GC(374) User=0.00s Sys=0.00s Real=0.00s
[2026-03-22T17:32:43.473+0900][8.539s][info][gc,start       ] GC(375) Pause Young (Allocation Failure)
[2026-03-22T17:32:43.478+0900][8.544s][info][gc,heap        ] GC(375) PSYoungGen: 163057K(163840K)->10496K(163840K) Eden: 152561K(153088K)->0K(153088K) From: 10496K(10752K)->10496K(10752K)
[2026-03-22T17:32:43.478+0900][8.544s][info][gc,heap        ] GC(375) ParOldGen: 197639K(349696K)->291999K(349696K)
[2026-03-22T17:32:43.478+0900][8.544s][info][gc,metaspace   ] GC(375) Metaspace: 338K(512K)->338K(512K) NonClass: 320K(384K)->320K(384K) Class: 17K(128K)->17K(128K)
[2026-03-22T17:32:43.478+0900][8.544s][info][gc             ] GC(375) Pause Young (Allocation Failure) 352M->295M(501M) 4.896ms
[2026-03-22T17:32:43.478+0900][8.544s][info][gc,cpu         ] GC(375) User=0.00s Sys=0.00s Real=0.00s
[2026-03-22T17:32:43.494+0900][8.560s][info][gc,start       ] GC(376) Pause Full (Ergonomics)
[2026-03-22T17:32:43.494+0900][8.560s][info][gc,phases,start] GC(376) Marking Phase
[2026-03-22T17:32:43.496+0900][8.561s][info][gc,phases      ] GC(376) Marking Phase 1.302ms
[2026-03-22T17:32:43.496+0900][8.561s][info][gc,phases,start] GC(376) Summary Phase
[2026-03-22T17:32:43.496+0900][8.561s][info][gc,phases      ] GC(376) Summary Phase 0.020ms
[2026-03-22T17:32:43.496+0900][8.561s][info][gc,phases,start] GC(376) Adjust Roots
[2026-03-22T17:32:43.496+0900][8.562s][info][gc,phases      ] GC(376) Adjust Roots 0.260ms
[2026-03-22T17:32:43.496+0900][8.562s][info][gc,phases,start] GC(376) Compaction Phase
[2026-03-22T17:32:43.502+0900][8.568s][info][gc,phases      ] GC(376) Compaction Phase 5.708ms
[2026-03-22T17:32:43.502+0900][8.568s][info][gc,phases,start] GC(376) Post Compact
[2026-03-22T17:32:43.503+0900][8.569s][info][gc,phases      ] GC(376) Post Compact 1.568ms
[2026-03-22T17:32:43.503+0900][8.569s][info][gc,heap        ] GC(376) PSYoungGen: 163057K(163840K)->0K(163840K) Eden: 152561K(153088K)->0K(153088K) From: 10496K(10752K)->0K(10752K)
[2026-03-22T17:32:43.503+0900][8.569s][info][gc,heap        ] GC(376) ParOldGen: 291999K(349696K)->103430K(349696K)
[2026-03-22T17:32:43.503+0900][8.569s][info][gc,metaspace   ] GC(376) Metaspace: 338K(512K)->338K(512K) NonClass: 320K(384K)->320K(384K) Class: 17K(128K)->17K(128K)
[2026-03-22T17:32:43.503+0900][8.569s][info][gc             ] GC(376) Pause Full (Ergonomics) 444M->101M(501M) 9.232ms
[2026-03-22T17:32:43.503+0900][8.569s][info][gc,cpu         ] GC(376) User=0.00s Sys=0.00s Real=0.01s
[2026-03-22T17:32:43.520+0900][8.586s][info][gc,start       ] GC(377) Pause Young (Allocation Failure)
[2026-03-22T17:32:43.525+0900][8.591s][info][gc,heap        ] GC(377) PSYoungGen: 152561K(163840K)->10496K(163840K) Eden: 152561K(153088K)->0K(153088K) From: 0K(10752K)->10496K(10752K)
[2026-03-22T17:32:43.525+0900][8.591s][info][gc,heap        ] GC(377) ParOldGen: 103430K(349696K)->197639K(349696K)
[2026-03-22T17:32:43.525+0900][8.591s][info][gc,metaspace   ] GC(377) Metaspace: 338K(512K)->338K(512K) NonClass: 320K(384K)->320K(384K) Class: 17K(128K)->17K(128K)
[2026-03-22T17:32:43.525+0900][8.591s][info][gc             ] GC(377) Pause Young (Allocation Failure) 249M->203M(501M) 5.088ms
[2026-03-22T17:32:43.525+0900][8.591s][info][gc,cpu         ] GC(377) User=0.00s Sys=0.00s Real=0.01s
[2026-03-22T17:32:43.542+0900][8.607s][info][gc,start       ] GC(378) Pause Young (Allocation Failure)
[2026-03-22T17:32:43.547+0900][8.612s][info][gc,heap        ] GC(378) PSYoungGen: 163057K(163840K)->10496K(163840K) Eden: 152561K(153088K)->0K(153088K) From: 10496K(10752K)->10496K(10752K)
[2026-03-22T17:32:43.547+0900][8.612s][info][gc,heap        ] GC(378) ParOldGen: 197639K(349696K)->291999K(349696K)
[2026-03-22T17:32:43.547+0900][8.612s][info][gc,metaspace   ] GC(378) Metaspace: 338K(512K)->338K(512K) NonClass: 320K(384K)->320K(384K) Class: 17K(128K)->17K(128K)
[2026-03-22T17:32:43.547+0900][8.612s][info][gc             ] GC(378) Pause Young (Allocation Failure) 352M->295M(501M) 5.111ms
[2026-03-22T17:32:43.547+0900][8.613s][info][gc,cpu         ] GC(378) User=0.00s Sys=0.00s Real=0.00s
[2026-03-22T17:32:43.562+0900][8.628s][info][gc,start       ] GC(379) Pause Full (Ergonomics)
[2026-03-22T17:32:43.562+0900][8.628s][info][gc,phases,start] GC(379) Marking Phase
[2026-03-22T17:32:43.563+0900][8.629s][info][gc,phases      ] GC(379) Marking Phase 1.357ms
[2026-03-22T17:32:43.563+0900][8.629s][info][gc,phases,start] GC(379) Summary Phase
[2026-03-22T17:32:43.563+0900][8.629s][info][gc,phases      ] GC(379) Summary Phase 0.023ms
[2026-03-22T17:32:43.563+0900][8.629s][info][gc,phases,start] GC(379) Adjust Roots
[2026-03-22T17:32:43.563+0900][8.629s][info][gc,phases      ] GC(379) Adjust Roots 0.217ms
[2026-03-22T17:32:43.563+0900][8.629s][info][gc,phases,start] GC(379) Compaction Phase
[2026-03-22T17:32:43.569+0900][8.635s][info][gc,phases      ] GC(379) Compaction Phase 5.904ms
[2026-03-22T17:32:43.569+0900][8.635s][info][gc,phases,start] GC(379) Post Compact
[2026-03-22T17:32:43.571+0900][8.637s][info][gc,phases      ] GC(379) Post Compact 1.764ms
[2026-03-22T17:32:43.571+0900][8.637s][info][gc,heap        ] GC(379) PSYoungGen: 163057K(163840K)->0K(163840K) Eden: 152561K(153088K)->0K(153088K) From: 10496K(10752K)->0K(10752K)
[2026-03-22T17:32:43.571+0900][8.637s][info][gc,heap        ] GC(379) ParOldGen: 291999K(349696K)->103430K(349696K)
[2026-03-22T17:32:43.571+0900][8.637s][info][gc,metaspace   ] GC(379) Metaspace: 338K(512K)->338K(512K) NonClass: 320K(384K)->320K(384K) Class: 17K(128K)->17K(128K)
[2026-03-22T17:32:43.571+0900][8.637s][info][gc             ] GC(379) Pause Full (Ergonomics) 444M->101M(501M) 9.590ms
[2026-03-22T17:32:43.571+0900][8.637s][info][gc,cpu         ] GC(379) User=0.00s Sys=0.00s Real=0.01s
[2026-03-22T17:32:43.589+0900][8.654s][info][gc,start       ] GC(380) Pause Young (Allocation Failure)
[2026-03-22T17:32:43.593+0900][8.659s][info][gc,heap        ] GC(380) PSYoungGen: 152561K(163840K)->10496K(163840K) Eden: 152561K(153088K)->0K(153088K) From: 0K(10752K)->10496K(10752K)
[2026-03-22T17:32:43.593+0900][8.659s][info][gc,heap        ] GC(380) ParOldGen: 103430K(349696K)->197639K(349696K)
[2026-03-22T17:32:43.593+0900][8.659s][info][gc,metaspace   ] GC(380) Metaspace: 338K(512K)->338K(512K) NonClass: 320K(384K)->320K(384K) Class: 17K(128K)->17K(128K)
[2026-03-22T17:32:43.593+0900][8.659s][info][gc             ] GC(380) Pause Young (Allocation Failure) 249M->203M(501M) 4.968ms
[2026-03-22T17:32:43.593+0900][8.659s][info][gc,cpu         ] GC(380) User=0.00s Sys=0.00s Real=0.00s
[2026-03-22T17:32:43.610+0900][8.676s][info][gc,start       ] GC(381) Pause Young (Allocation Failure)
[2026-03-22T17:32:43.615+0900][8.681s][info][gc,heap        ] GC(381) PSYoungGen: 163057K(163840K)->10496K(163840K) Eden: 152561K(153088K)->0K(153088K) From: 10496K(10752K)->10496K(10752K)
[2026-03-22T17:32:43.615+0900][8.681s][info][gc,heap        ] GC(381) ParOldGen: 197639K(349696K)->291999K(349696K)
[2026-03-22T17:32:43.615+0900][8.681s][info][gc,metaspace   ] GC(381) Metaspace: 338K(512K)->338K(512K) NonClass: 320K(384K)->320K(384K) Class: 17K(128K)->17K(128K)
[2026-03-22T17:32:43.615+0900][8.681s][info][gc             ] GC(381) Pause Young (Allocation Failure) 352M->295M(501M) 5.348ms
[2026-03-22T17:32:43.615+0900][8.681s][info][gc,cpu         ] GC(381) User=0.00s Sys=0.00s Real=0.01s
[2026-03-22T17:32:43.632+0900][8.698s][info][gc,start       ] GC(382) Pause Full (Ergonomics)
[2026-03-22T17:32:43.632+0900][8.698s][info][gc,phases,start] GC(382) Marking Phase
[2026-03-22T17:32:43.633+0900][8.699s][info][gc,phases      ] GC(382) Marking Phase 1.435ms
[2026-03-22T17:32:43.633+0900][8.699s][info][gc,phases,start] GC(382) Summary Phase
[2026-03-22T17:32:43.633+0900][8.699s][info][gc,phases      ] GC(382) Summary Phase 0.020ms
[2026-03-22T17:32:43.633+0900][8.699s][info][gc,phases,start] GC(382) Adjust Roots
[2026-03-22T17:32:43.634+0900][8.700s][info][gc,phases      ] GC(382) Adjust Roots 0.217ms
[2026-03-22T17:32:43.634+0900][8.700s][info][gc,phases,start] GC(382) Compaction Phase
[2026-03-22T17:32:43.640+0900][8.706s][info][gc,phases      ] GC(382) Compaction Phase 6.329ms
[2026-03-22T17:32:43.640+0900][8.706s][info][gc,phases,start] GC(382) Post Compact
[2026-03-22T17:32:43.642+0900][8.708s][info][gc,phases      ] GC(382) Post Compact 1.653ms
[2026-03-22T17:32:43.642+0900][8.708s][info][gc,heap        ] GC(382) PSYoungGen: 163057K(163840K)->0K(163840K) Eden: 152561K(153088K)->0K(153088K) From: 10496K(10752K)->0K(10752K)
[2026-03-22T17:32:43.642+0900][8.708s][info][gc,heap        ] GC(382) ParOldGen: 291999K(349696K)->103430K(349696K)
[2026-03-22T17:32:43.642+0900][8.708s][info][gc,metaspace   ] GC(382) Metaspace: 338K(512K)->338K(512K) NonClass: 320K(384K)->320K(384K) Class: 17K(128K)->17K(128K)
[2026-03-22T17:32:43.642+0900][8.708s][info][gc             ] GC(382) Pause Full (Ergonomics) 444M->101M(501M) 9.959ms
[2026-03-22T17:32:43.642+0900][8.708s][info][gc,cpu         ] GC(382) User=0.06s Sys=0.00s Real=0.01s
[2026-03-22T17:32:43.658+0900][8.724s][info][gc,start       ] GC(383) Pause Young (Allocation Failure)
[2026-03-22T17:32:43.663+0900][8.729s][info][gc,heap        ] GC(383) PSYoungGen: 152561K(163840K)->10496K(163840K) Eden: 152561K(153088K)->0K(153088K) From: 0K(10752K)->10496K(10752K)
[2026-03-22T17:32:43.663+0900][8.729s][info][gc,heap        ] GC(383) ParOldGen: 103430K(349696K)->197639K(349696K)
[2026-03-22T17:32:43.663+0900][8.729s][info][gc,metaspace   ] GC(383) Metaspace: 338K(512K)->338K(512K) NonClass: 320K(384K)->320K(384K) Class: 17K(128K)->17K(128K)
[2026-03-22T17:32:43.663+0900][8.729s][info][gc             ] GC(383) Pause Young (Allocation Failure) 249M->203M(501M) 5.008ms
[2026-03-22T17:32:43.663+0900][8.729s][info][gc,cpu         ] GC(383) User=0.00s Sys=0.00s Real=0.01s
[2026-03-22T17:32:43.680+0900][8.746s][info][gc,start       ] GC(384) Pause Young (Allocation Failure)
[2026-03-22T17:32:43.684+0900][8.751s][info][gc,heap        ] GC(384) PSYoungGen: 163057K(163840K)->10496K(163840K) Eden: 152561K(153088K)->0K(153088K) From: 10496K(10752K)->10496K(10752K)
[2026-03-22T17:32:43.684+0900][8.751s][info][gc,heap        ] GC(384) ParOldGen: 197639K(349696K)->291999K(349696K)
[2026-03-22T17:32:43.685+0900][8.751s][info][gc,metaspace   ] GC(384) Metaspace: 338K(512K)->338K(512K) NonClass: 320K(384K)->320K(384K) Class: 17K(128K)->17K(128K)
[2026-03-22T17:32:43.685+0900][8.751s][info][gc             ] GC(384) Pause Young (Allocation Failure) 352M->295M(501M) 5.102ms
[2026-03-22T17:32:43.685+0900][8.751s][info][gc,cpu         ] GC(384) User=0.06s Sys=0.00s Real=0.00s
[2026-03-22T17:32:43.701+0900][8.767s][info][gc,start       ] GC(385) Pause Full (Ergonomics)
[2026-03-22T17:32:43.701+0900][8.767s][info][gc,phases,start] GC(385) Marking Phase
[2026-03-22T17:32:43.702+0900][8.768s][info][gc,phases      ] GC(385) Marking Phase 1.262ms
[2026-03-22T17:32:43.702+0900][8.768s][info][gc,phases,start] GC(385) Summary Phase
[2026-03-22T17:32:43.702+0900][8.768s][info][gc,phases      ] GC(385) Summary Phase 0.016ms
[2026-03-22T17:32:43.702+0900][8.768s][info][gc,phases,start] GC(385) Adjust Roots
[2026-03-22T17:32:43.703+0900][8.768s][info][gc,phases      ] GC(385) Adjust Roots 0.249ms
[2026-03-22T17:32:43.703+0900][8.768s][info][gc,phases,start] GC(385) Compaction Phase
[2026-03-22T17:32:43.709+0900][8.775s][info][gc,phases      ] GC(385) Compaction Phase 6.698ms
[2026-03-22T17:32:43.710+0900][8.775s][info][gc,phases,start] GC(385) Post Compact
[2026-03-22T17:32:43.711+0900][8.777s][info][gc,phases      ] GC(385) Post Compact 1.565ms
[2026-03-22T17:32:43.711+0900][8.777s][info][gc,heap        ] GC(385) PSYoungGen: 163057K(163840K)->0K(163840K) Eden: 152561K(153088K)->0K(153088K) From: 10496K(10752K)->0K(10752K)
[2026-03-22T17:32:43.711+0900][8.777s][info][gc,heap        ] GC(385) ParOldGen: 291999K(349696K)->103195K(349696K)
[2026-03-22T17:32:43.711+0900][8.777s][info][gc,metaspace   ] GC(385) Metaspace: 338K(512K)->338K(512K) NonClass: 320K(384K)->320K(384K) Class: 17K(128K)->17K(128K)
[2026-03-22T17:32:43.711+0900][8.777s][info][gc             ] GC(385) Pause Full (Ergonomics) 444M->100M(501M) 10.163ms
[2026-03-22T17:32:43.711+0900][8.777s][info][gc,cpu         ] GC(385) User=0.00s Sys=0.00s Real=0.01s
[2026-03-22T17:32:43.728+0900][8.794s][info][gc,start       ] GC(386) Pause Young (Allocation Failure)
[2026-03-22T17:32:43.733+0900][8.799s][info][gc,heap        ] GC(386) PSYoungGen: 152561K(163840K)->10496K(163840K) Eden: 152561K(153088K)->0K(153088K) From: 0K(10752K)->10496K(10752K)
[2026-03-22T17:32:43.733+0900][8.799s][info][gc,heap        ] GC(386) ParOldGen: 103195K(349696K)->197403K(349696K)
[2026-03-22T17:32:43.733+0900][8.799s][info][gc,metaspace   ] GC(386) Metaspace: 338K(512K)->338K(512K) NonClass: 320K(384K)->320K(384K) Class: 17K(128K)->17K(128K)
[2026-03-22T17:32:43.733+0900][8.799s][info][gc             ] GC(386) Pause Young (Allocation Failure) 249M->203M(501M) 5.014ms
[2026-03-22T17:32:43.733+0900][8.799s][info][gc,cpu         ] GC(386) User=0.00s Sys=0.00s Real=0.01s
[2026-03-22T17:32:43.750+0900][8.816s][info][gc,start       ] GC(387) Pause Young (Allocation Failure)
[2026-03-22T17:32:43.755+0900][8.821s][info][gc,heap        ] GC(387) PSYoungGen: 163057K(163840K)->10496K(163840K) Eden: 152561K(153088K)->0K(153088K) From: 10496K(10752K)->10496K(10752K)
[2026-03-22T17:32:43.755+0900][8.821s][info][gc,heap        ] GC(387) ParOldGen: 197403K(349696K)->291764K(349696K)
[2026-03-22T17:32:43.755+0900][8.821s][info][gc,metaspace   ] GC(387) Metaspace: 338K(512K)->338K(512K) NonClass: 320K(384K)->320K(384K) Class: 17K(128K)->17K(128K)
[2026-03-22T17:32:43.755+0900][8.821s][info][gc             ] GC(387) Pause Young (Allocation Failure) 352M->295M(501M) 4.760ms
[2026-03-22T17:32:43.755+0900][8.821s][info][gc,cpu         ] GC(387) User=0.00s Sys=0.00s Real=0.01s
[2026-03-22T17:32:43.772+0900][8.838s][info][gc,start       ] GC(388) Pause Full (Ergonomics)
[2026-03-22T17:32:43.772+0900][8.838s][info][gc,phases,start] GC(388) Marking Phase
[2026-03-22T17:32:43.774+0900][8.840s][info][gc,phases      ] GC(388) Marking Phase 1.469ms
[2026-03-22T17:32:43.774+0900][8.840s][info][gc,phases,start] GC(388) Summary Phase
[2026-03-22T17:32:43.774+0900][8.840s][info][gc,phases      ] GC(388) Summary Phase 0.021ms
[2026-03-22T17:32:43.774+0900][8.840s][info][gc,phases,start] GC(388) Adjust Roots
[2026-03-22T17:32:43.774+0900][8.840s][info][gc,phases      ] GC(388) Adjust Roots 0.242ms
[2026-03-22T17:32:43.774+0900][8.840s][info][gc,phases,start] GC(388) Compaction Phase
[2026-03-22T17:32:43.780+0900][8.846s][info][gc,phases      ] GC(388) Compaction Phase 5.774ms
[2026-03-22T17:32:43.780+0900][8.846s][info][gc,phases,start] GC(388) Post Compact
[2026-03-22T17:32:43.782+0900][8.847s][info][gc,phases      ] GC(388) Post Compact 1.603ms
[2026-03-22T17:32:43.782+0900][8.847s][info][gc,heap        ] GC(388) PSYoungGen: 163057K(163840K)->0K(163840K) Eden: 152561K(153088K)->0K(153088K) From: 10496K(10752K)->0K(10752K)
[2026-03-22T17:32:43.782+0900][8.847s][info][gc,heap        ] GC(388) ParOldGen: 291764K(349696K)->103430K(349696K)
[2026-03-22T17:32:43.782+0900][8.847s][info][gc,metaspace   ] GC(388) Metaspace: 338K(512K)->338K(512K) NonClass: 320K(384K)->320K(384K) Class: 17K(128K)->17K(128K)
[2026-03-22T17:32:43.782+0900][8.847s][info][gc             ] GC(388) Pause Full (Ergonomics) 444M->101M(501M) 9.467ms
[2026-03-22T17:32:43.782+0900][8.847s][info][gc,cpu         ] GC(388) User=0.06s Sys=0.00s Real=0.01s
[2026-03-22T17:32:43.798+0900][8.864s][info][gc,start       ] GC(389) Pause Young (Allocation Failure)
[2026-03-22T17:32:43.803+0900][8.869s][info][gc,heap        ] GC(389) PSYoungGen: 152561K(163840K)->10496K(163840K) Eden: 152561K(153088K)->0K(153088K) From: 0K(10752K)->10496K(10752K)
[2026-03-22T17:32:43.804+0900][8.869s][info][gc,heap        ] GC(389) ParOldGen: 103430K(349696K)->197639K(349696K)
[2026-03-22T17:32:43.804+0900][8.869s][info][gc,metaspace   ] GC(389) Metaspace: 338K(512K)->338K(512K) NonClass: 320K(384K)->320K(384K) Class: 17K(128K)->17K(128K)
[2026-03-22T17:32:43.804+0900][8.869s][info][gc             ] GC(389) Pause Young (Allocation Failure) 249M->203M(501M) 5.325ms
[2026-03-22T17:32:43.804+0900][8.869s][info][gc,cpu         ] GC(389) User=0.00s Sys=0.00s Real=0.01s
[2026-03-22T17:32:43.819+0900][8.886s][info][gc,start       ] GC(390) Pause Young (Allocation Failure)
[2026-03-22T17:32:43.825+0900][8.891s][info][gc,heap        ] GC(390) PSYoungGen: 163057K(163840K)->10496K(163840K) Eden: 152561K(153088K)->0K(153088K) From: 10496K(10752K)->10496K(10752K)
[2026-03-22T17:32:43.825+0900][8.891s][info][gc,heap        ] GC(390) ParOldGen: 197639K(349696K)->291999K(349696K)
[2026-03-22T17:32:43.825+0900][8.891s][info][gc,metaspace   ] GC(390) Metaspace: 338K(512K)->338K(512K) NonClass: 320K(384K)->320K(384K) Class: 17K(128K)->17K(128K)
[2026-03-22T17:32:43.825+0900][8.891s][info][gc             ] GC(390) Pause Young (Allocation Failure) 352M->295M(501M) 5.249ms
[2026-03-22T17:32:43.825+0900][8.891s][info][gc,cpu         ] GC(390) User=0.05s Sys=0.00s Real=0.01s
[2026-03-22T17:32:43.841+0900][8.908s][info][gc,start       ] GC(391) Pause Full (Ergonomics)
[2026-03-22T17:32:43.841+0900][8.908s][info][gc,phases,start] GC(391) Marking Phase
[2026-03-22T17:32:43.843+0900][8.909s][info][gc,phases      ] GC(391) Marking Phase 1.522ms
[2026-03-22T17:32:43.843+0900][8.909s][info][gc,phases,start] GC(391) Summary Phase
[2026-03-22T17:32:43.843+0900][8.909s][info][gc,phases      ] GC(391) Summary Phase 0.033ms
[2026-03-22T17:32:43.843+0900][8.909s][info][gc,phases,start] GC(391) Adjust Roots
[2026-03-22T17:32:43.843+0900][8.910s][info][gc,phases      ] GC(391) Adjust Roots 0.287ms
[2026-03-22T17:32:43.843+0900][8.910s][info][gc,phases,start] GC(391) Compaction Phase
[2026-03-22T17:32:43.850+0900][8.916s][info][gc,phases      ] GC(391) Compaction Phase 6.120ms
[2026-03-22T17:32:43.850+0900][8.916s][info][gc,phases,start] GC(391) Post Compact
[2026-03-22T17:32:43.852+0900][8.917s][info][gc,phases      ] GC(391) Post Compact 1.585ms
[2026-03-22T17:32:43.852+0900][8.917s][info][gc,heap        ] GC(391) PSYoungGen: 163057K(163840K)->0K(163840K) Eden: 152561K(153088K)->0K(153088K) From: 10496K(10752K)->0K(10752K)
[2026-03-22T17:32:43.852+0900][8.917s][info][gc,heap        ] GC(391) ParOldGen: 291999K(349696K)->103430K(349696K)
[2026-03-22T17:32:43.852+0900][8.917s][info][gc,metaspace   ] GC(391) Metaspace: 338K(512K)->338K(512K) NonClass: 320K(384K)->320K(384K) Class: 17K(128K)->17K(128K)
[2026-03-22T17:32:43.852+0900][8.918s][info][gc             ] GC(391) Pause Full (Ergonomics) 444M->101M(501M) 9.925ms
[2026-03-22T17:32:43.852+0900][8.918s][info][gc,cpu         ] GC(391) User=0.00s Sys=0.00s Real=0.01s
[2026-03-22T17:32:43.867+0900][8.932s][info][gc,start       ] GC(392) Pause Young (Allocation Failure)
[2026-03-22T17:32:43.871+0900][8.937s][info][gc,heap        ] GC(392) PSYoungGen: 152561K(163840K)->10496K(163840K) Eden: 152561K(153088K)->0K(153088K) From: 0K(10752K)->10496K(10752K)
[2026-03-22T17:32:43.871+0900][8.937s][info][gc,heap        ] GC(392) ParOldGen: 103430K(349696K)->197639K(349696K)
[2026-03-22T17:32:43.871+0900][8.937s][info][gc,metaspace   ] GC(392) Metaspace: 338K(512K)->338K(512K) NonClass: 320K(384K)->320K(384K) Class: 17K(128K)->17K(128K)
[2026-03-22T17:32:43.871+0900][8.937s][info][gc             ] GC(392) Pause Young (Allocation Failure) 249M->203M(501M) 4.897ms
[2026-03-22T17:32:43.871+0900][8.937s][info][gc,cpu         ] GC(392) User=0.05s Sys=0.02s Real=0.00s
[2026-03-22T17:32:43.886+0900][8.951s][info][gc,start       ] GC(393) Pause Young (Allocation Failure)
[2026-03-22T17:32:43.891+0900][8.956s][info][gc,heap        ] GC(393) PSYoungGen: 163057K(163840K)->10496K(163840K) Eden: 152561K(153088K)->0K(153088K) From: 10496K(10752K)->10496K(10752K)
[2026-03-22T17:32:43.891+0900][8.956s][info][gc,heap        ] GC(393) ParOldGen: 197639K(349696K)->291999K(349696K)
[2026-03-22T17:32:43.891+0900][8.956s][info][gc,metaspace   ] GC(393) Metaspace: 338K(512K)->338K(512K) NonClass: 320K(384K)->320K(384K) Class: 17K(128K)->17K(128K)
[2026-03-22T17:32:43.891+0900][8.956s][info][gc             ] GC(393) Pause Young (Allocation Failure) 352M->295M(501M) 5.047ms
[2026-03-22T17:32:43.891+0900][8.956s][info][gc,cpu         ] GC(393) User=0.00s Sys=0.00s Real=0.01s
[2026-03-22T17:32:43.907+0900][8.972s][info][gc,start       ] GC(394) Pause Full (Ergonomics)
[2026-03-22T17:32:43.907+0900][8.972s][info][gc,phases,start] GC(394) Marking Phase
[2026-03-22T17:32:43.908+0900][8.974s][info][gc,phases      ] GC(394) Marking Phase 1.381ms
[2026-03-22T17:32:43.908+0900][8.974s][info][gc,phases,start] GC(394) Summary Phase
[2026-03-22T17:32:43.908+0900][8.974s][info][gc,phases      ] GC(394) Summary Phase 0.025ms
[2026-03-22T17:32:43.908+0900][8.974s][info][gc,phases,start] GC(394) Adjust Roots
[2026-03-22T17:32:43.908+0900][8.974s][info][gc,phases      ] GC(394) Adjust Roots 0.262ms
[2026-03-22T17:32:43.908+0900][8.974s][info][gc,phases,start] GC(394) Compaction Phase
[2026-03-22T17:32:43.914+0900][8.980s][info][gc,phases      ] GC(394) Compaction Phase 6.177ms
[2026-03-22T17:32:43.914+0900][8.980s][info][gc,phases,start] GC(394) Post Compact
[2026-03-22T17:32:43.916+0900][8.982s][info][gc,phases      ] GC(394) Post Compact 1.691ms
[2026-03-22T17:32:43.916+0900][8.982s][info][gc,heap        ] GC(394) PSYoungGen: 163057K(163840K)->0K(163840K) Eden: 152561K(153088K)->0K(153088K) From: 10496K(10752K)->0K(10752K)
[2026-03-22T17:32:43.916+0900][8.982s][info][gc,heap        ] GC(394) ParOldGen: 291999K(349696K)->103430K(349696K)
[2026-03-22T17:32:43.916+0900][8.982s][info][gc,metaspace   ] GC(394) Metaspace: 338K(512K)->338K(512K) NonClass: 320K(384K)->320K(384K) Class: 17K(128K)->17K(128K)
[2026-03-22T17:32:43.916+0900][8.982s][info][gc             ] GC(394) Pause Full (Ergonomics) 444M->101M(501M) 9.870ms
[2026-03-22T17:32:43.916+0900][8.982s][info][gc,cpu         ] GC(394) User=0.00s Sys=0.02s Real=0.01s
[2026-03-22T17:32:43.934+0900][8.999s][info][gc,start       ] GC(395) Pause Young (Allocation Failure)
[2026-03-22T17:32:43.939+0900][9.004s][info][gc,heap        ] GC(395) PSYoungGen: 152561K(163840K)->10464K(163840K) Eden: 152561K(153088K)->0K(153088K) From: 0K(10752K)->10464K(10752K)
[2026-03-22T17:32:43.939+0900][9.004s][info][gc,heap        ] GC(395) ParOldGen: 103430K(349696K)->197639K(349696K)
[2026-03-22T17:32:43.939+0900][9.004s][info][gc,metaspace   ] GC(395) Metaspace: 338K(512K)->338K(512K) NonClass: 320K(384K)->320K(384K) Class: 17K(128K)->17K(128K)
[2026-03-22T17:32:43.939+0900][9.004s][info][gc             ] GC(395) Pause Young (Allocation Failure) 249M->203M(501M) 4.998ms
[2026-03-22T17:32:43.939+0900][9.004s][info][gc,cpu         ] GC(395) User=0.00s Sys=0.00s Real=0.00s
[2026-03-22T17:32:43.955+0900][9.021s][info][gc,start       ] GC(396) Pause Young (Allocation Failure)
[2026-03-22T17:32:43.960+0900][9.026s][info][gc,heap        ] GC(396) PSYoungGen: 163025K(163840K)->10496K(163840K) Eden: 152561K(153088K)->0K(153088K) From: 10464K(10752K)->10496K(10752K)
[2026-03-22T17:32:43.960+0900][9.026s][info][gc,heap        ] GC(396) ParOldGen: 197639K(349696K)->291999K(349696K)
[2026-03-22T17:32:43.960+0900][9.026s][info][gc,metaspace   ] GC(396) Metaspace: 338K(512K)->338K(512K) NonClass: 320K(384K)->320K(384K) Class: 17K(128K)->17K(128K)
[2026-03-22T17:32:43.960+0900][9.026s][info][gc             ] GC(396) Pause Young (Allocation Failure) 352M->295M(501M) 5.191ms
[2026-03-22T17:32:43.960+0900][9.026s][info][gc,cpu         ] GC(396) User=0.00s Sys=0.00s Real=0.01s
[2026-03-22T17:32:43.977+0900][9.042s][info][gc,start       ] GC(397) Pause Full (Ergonomics)
[2026-03-22T17:32:43.977+0900][9.042s][info][gc,phases,start] GC(397) Marking Phase
[2026-03-22T17:32:43.978+0900][9.043s][info][gc,phases      ] GC(397) Marking Phase 1.272ms
[2026-03-22T17:32:43.978+0900][9.043s][info][gc,phases,start] GC(397) Summary Phase
[2026-03-22T17:32:43.978+0900][9.043s][info][gc,phases      ] GC(397) Summary Phase 0.019ms
[2026-03-22T17:32:43.978+0900][9.043s][info][gc,phases,start] GC(397) Adjust Roots
[2026-03-22T17:32:43.978+0900][9.044s][info][gc,phases      ] GC(397) Adjust Roots 0.203ms
[2026-03-22T17:32:43.978+0900][9.044s][info][gc,phases,start] GC(397) Compaction Phase
[2026-03-22T17:32:43.984+0900][9.049s][info][gc,phases      ] GC(397) Compaction Phase 5.785ms
[2026-03-22T17:32:43.984+0900][9.049s][info][gc,phases,start] GC(397) Post Compact
[2026-03-22T17:32:43.986+0900][9.051s][info][gc,phases      ] GC(397) Post Compact 1.548ms
[2026-03-22T17:32:43.986+0900][9.051s][info][gc,heap        ] GC(397) PSYoungGen: 163057K(163840K)->0K(163840K) Eden: 152561K(153088K)->0K(153088K) From: 10496K(10752K)->0K(10752K)
[2026-03-22T17:32:43.986+0900][9.051s][info][gc,heap        ] GC(397) ParOldGen: 291999K(349696K)->103430K(349696K)
[2026-03-22T17:32:43.986+0900][9.051s][info][gc,metaspace   ] GC(397) Metaspace: 338K(512K)->338K(512K) NonClass: 320K(384K)->320K(384K) Class: 17K(128K)->17K(128K)
[2026-03-22T17:32:43.986+0900][9.051s][info][gc             ] GC(397) Pause Full (Ergonomics) 444M->101M(501M) 9.170ms
[2026-03-22T17:32:43.986+0900][9.051s][info][gc,cpu         ] GC(397) User=0.03s Sys=0.02s Real=0.01s
[2026-03-22T17:32:44.002+0900][9.068s][info][gc,start       ] GC(398) Pause Young (Allocation Failure)
[2026-03-22T17:32:44.008+0900][9.074s][info][gc,heap        ] GC(398) PSYoungGen: 152561K(163840K)->10496K(163840K) Eden: 152561K(153088K)->0K(153088K) From: 0K(10752K)->10496K(10752K)
[2026-03-22T17:32:44.008+0900][9.074s][info][gc,heap        ] GC(398) ParOldGen: 103430K(349696K)->197639K(349696K)
[2026-03-22T17:32:44.008+0900][9.074s][info][gc,metaspace   ] GC(398) Metaspace: 338K(512K)->338K(512K) NonClass: 320K(384K)->320K(384K) Class: 17K(128K)->17K(128K)
[2026-03-22T17:32:44.008+0900][9.074s][info][gc             ] GC(398) Pause Young (Allocation Failure) 249M->203M(501M) 6.158ms
[2026-03-22T17:32:44.008+0900][9.074s][info][gc,cpu         ] GC(398) User=0.00s Sys=0.00s Real=0.01s
[2026-03-22T17:32:44.026+0900][9.092s][info][gc,start       ] GC(399) Pause Young (Allocation Failure)
[2026-03-22T17:32:44.031+0900][9.097s][info][gc,heap        ] GC(399) PSYoungGen: 163057K(163840K)->10496K(163840K) Eden: 152561K(153088K)->0K(153088K) From: 10496K(10752K)->10496K(10752K)
[2026-03-22T17:32:44.031+0900][9.097s][info][gc,heap        ] GC(399) ParOldGen: 197639K(349696K)->291999K(349696K)
[2026-03-22T17:32:44.031+0900][9.097s][info][gc,metaspace   ] GC(399) Metaspace: 338K(512K)->338K(512K) NonClass: 320K(384K)->320K(384K) Class: 17K(128K)->17K(128K)
[2026-03-22T17:32:44.031+0900][9.097s][info][gc             ] GC(399) Pause Young (Allocation Failure) 352M->295M(501M) 5.406ms
[2026-03-22T17:32:44.031+0900][9.097s][info][gc,cpu         ] GC(399) User=0.00s Sys=0.00s Real=0.00s
[2026-03-22T17:32:44.047+0900][9.113s][info][gc,start       ] GC(400) Pause Full (Ergonomics)
[2026-03-22T17:32:44.047+0900][9.113s][info][gc,phases,start] GC(400) Marking Phase
[2026-03-22T17:32:44.049+0900][9.114s][info][gc,phases      ] GC(400) Marking Phase 1.489ms
[2026-03-22T17:32:44.049+0900][9.114s][info][gc,phases,start] GC(400) Summary Phase
[2026-03-22T17:32:44.049+0900][9.114s][info][gc,phases      ] GC(400) Summary Phase 0.035ms
[2026-03-22T17:32:44.049+0900][9.114s][info][gc,phases,start] GC(400) Adjust Roots
[2026-03-22T17:32:44.049+0900][9.115s][info][gc,phases      ] GC(400) Adjust Roots 0.242ms
[2026-03-22T17:32:44.049+0900][9.115s][info][gc,phases,start] GC(400) Compaction Phase
[2026-03-22T17:32:44.055+0900][9.121s][info][gc,phases      ] GC(400) Compaction Phase 6.132ms
[2026-03-22T17:32:44.055+0900][9.121s][info][gc,phases,start] GC(400) Post Compact
[2026-03-22T17:32:44.057+0900][9.123s][info][gc,phases      ] GC(400) Post Compact 1.592ms
[2026-03-22T17:32:44.057+0900][9.123s][info][gc,heap        ] GC(400) PSYoungGen: 163057K(163840K)->0K(163840K) Eden: 152561K(153088K)->0K(153088K) From: 10496K(10752K)->0K(10752K)
[2026-03-22T17:32:44.057+0900][9.123s][info][gc,heap        ] GC(400) ParOldGen: 291999K(349696K)->103430K(349696K)
[2026-03-22T17:32:44.057+0900][9.123s][info][gc,metaspace   ] GC(400) Metaspace: 338K(512K)->338K(512K) NonClass: 320K(384K)->320K(384K) Class: 17K(128K)->17K(128K)
[2026-03-22T17:32:44.057+0900][9.123s][info][gc             ] GC(400) Pause Full (Ergonomics) 444M->101M(501M) 9.899ms
[2026-03-22T17:32:44.057+0900][9.123s][info][gc,cpu         ] GC(400) User=0.00s Sys=0.02s Real=0.01s
[2026-03-22T17:32:44.073+0900][9.139s][info][gc,start       ] GC(401) Pause Young (Allocation Failure)
[2026-03-22T17:32:44.079+0900][9.144s][info][gc,heap        ] GC(401) PSYoungGen: 152561K(163840K)->10496K(163840K) Eden: 152561K(153088K)->0K(153088K) From: 0K(10752K)->10496K(10752K)
[2026-03-22T17:32:44.079+0900][9.144s][info][gc,heap        ] GC(401) ParOldGen: 103430K(349696K)->197639K(349696K)
[2026-03-22T17:32:44.079+0900][9.144s][info][gc,metaspace   ] GC(401) Metaspace: 338K(512K)->338K(512K) NonClass: 320K(384K)->320K(384K) Class: 17K(128K)->17K(128K)
[2026-03-22T17:32:44.079+0900][9.144s][info][gc             ] GC(401) Pause Young (Allocation Failure) 249M->203M(501M) 4.842ms
[2026-03-22T17:32:44.079+0900][9.144s][info][gc,cpu         ] GC(401) User=0.00s Sys=0.00s Real=0.01s
[2026-03-22T17:32:44.094+0900][9.160s][info][gc,start       ] GC(402) Pause Young (Allocation Failure)
[2026-03-22T17:32:44.100+0900][9.165s][info][gc,heap        ] GC(402) PSYoungGen: 163057K(163840K)->10496K(163840K) Eden: 152561K(153088K)->0K(153088K) From: 10496K(10752K)->10496K(10752K)
[2026-03-22T17:32:44.100+0900][9.165s][info][gc,heap        ] GC(402) ParOldGen: 197639K(349696K)->291999K(349696K)
[2026-03-22T17:32:44.100+0900][9.165s][info][gc,metaspace   ] GC(402) Metaspace: 338K(512K)->338K(512K) NonClass: 320K(384K)->320K(384K) Class: 17K(128K)->17K(128K)
[2026-03-22T17:32:44.100+0900][9.165s][info][gc             ] GC(402) Pause Young (Allocation Failure) 352M->295M(501M) 5.145ms
[2026-03-22T17:32:44.100+0900][9.165s][info][gc,cpu         ] GC(402) User=0.00s Sys=0.00s Real=0.01s
[2026-03-22T17:32:44.115+0900][9.181s][info][gc,start       ] GC(403) Pause Full (Ergonomics)
[2026-03-22T17:32:44.115+0900][9.181s][info][gc,phases,start] GC(403) Marking Phase
[2026-03-22T17:32:44.116+0900][9.182s][info][gc,phases      ] GC(403) Marking Phase 1.526ms
[2026-03-22T17:32:44.116+0900][9.182s][info][gc,phases,start] GC(403) Summary Phase
[2026-03-22T17:32:44.116+0900][9.182s][info][gc,phases      ] GC(403) Summary Phase 0.028ms
[2026-03-22T17:32:44.116+0900][9.182s][info][gc,phases,start] GC(403) Adjust Roots
[2026-03-22T17:32:44.117+0900][9.182s][info][gc,phases      ] GC(403) Adjust Roots 0.208ms
[2026-03-22T17:32:44.117+0900][9.182s][info][gc,phases,start] GC(403) Compaction Phase
[2026-03-22T17:32:44.123+0900][9.189s][info][gc,phases      ] GC(403) Compaction Phase 6.291ms
[2026-03-22T17:32:44.123+0900][9.189s][info][gc,phases,start] GC(403) Post Compact
[2026-03-22T17:32:44.125+0900][9.190s][info][gc,phases      ] GC(403) Post Compact 1.550ms
[2026-03-22T17:32:44.125+0900][9.190s][info][gc,heap        ] GC(403) PSYoungGen: 163057K(163840K)->0K(163840K) Eden: 152561K(153088K)->0K(153088K) From: 10496K(10752K)->0K(10752K)
[2026-03-22T17:32:44.125+0900][9.190s][info][gc,heap        ] GC(403) ParOldGen: 291999K(349696K)->103430K(349696K)
[2026-03-22T17:32:44.125+0900][9.190s][info][gc,metaspace   ] GC(403) Metaspace: 338K(512K)->338K(512K) NonClass: 320K(384K)->320K(384K) Class: 17K(128K)->17K(128K)
[2026-03-22T17:32:44.125+0900][9.190s][info][gc             ] GC(403) Pause Full (Ergonomics) 444M->101M(501M) 9.933ms
[2026-03-22T17:32:44.125+0900][9.191s][info][gc,cpu         ] GC(403) User=0.05s Sys=0.00s Real=0.01s
[2026-03-22T17:32:44.141+0900][9.207s][info][gc,start       ] GC(404) Pause Young (Allocation Failure)
[2026-03-22T17:32:44.145+0900][9.212s][info][gc,heap        ] GC(404) PSYoungGen: 152561K(163840K)->10496K(163840K) Eden: 152561K(153088K)->0K(153088K) From: 0K(10752K)->10496K(10752K)
[2026-03-22T17:32:44.146+0900][9.212s][info][gc,heap        ] GC(404) ParOldGen: 103430K(349696K)->197639K(349696K)
[2026-03-22T17:32:44.146+0900][9.212s][info][gc,metaspace   ] GC(404) Metaspace: 338K(512K)->338K(512K) NonClass: 320K(384K)->320K(384K) Class: 17K(128K)->17K(128K)
[2026-03-22T17:32:44.146+0900][9.212s][info][gc             ] GC(404) Pause Young (Allocation Failure) 249M->203M(501M) 5.042ms
[2026-03-22T17:32:44.146+0900][9.212s][info][gc,cpu         ] GC(404) User=0.00s Sys=0.00s Real=0.00s
[2026-03-22T17:32:44.161+0900][9.227s][info][gc,start       ] GC(405) Pause Young (Allocation Failure)
[2026-03-22T17:32:44.167+0900][9.232s][info][gc,heap        ] GC(405) PSYoungGen: 163057K(163840K)->10496K(163840K) Eden: 152561K(153088K)->0K(153088K) From: 10496K(10752K)->10496K(10752K)
[2026-03-22T17:32:44.167+0900][9.232s][info][gc,heap        ] GC(405) ParOldGen: 197639K(349696K)->291999K(349696K)
[2026-03-22T17:32:44.167+0900][9.232s][info][gc,metaspace   ] GC(405) Metaspace: 338K(512K)->338K(512K) NonClass: 320K(384K)->320K(384K) Class: 17K(128K)->17K(128K)
[2026-03-22T17:32:44.167+0900][9.232s][info][gc             ] GC(405) Pause Young (Allocation Failure) 352M->295M(501M) 5.036ms
[2026-03-22T17:32:44.167+0900][9.232s][info][gc,cpu         ] GC(405) User=0.06s Sys=0.00s Real=0.01s
[2026-03-22T17:32:44.181+0900][9.247s][info][gc,start       ] GC(406) Pause Full (Ergonomics)
[2026-03-22T17:32:44.181+0900][9.247s][info][gc,phases,start] GC(406) Marking Phase
[2026-03-22T17:32:44.182+0900][9.248s][info][gc,phases      ] GC(406) Marking Phase 1.551ms
[2026-03-22T17:32:44.182+0900][9.248s][info][gc,phases,start] GC(406) Summary Phase
[2026-03-22T17:32:44.182+0900][9.248s][info][gc,phases      ] GC(406) Summary Phase 0.035ms
[2026-03-22T17:32:44.182+0900][9.248s][info][gc,phases,start] GC(406) Adjust Roots
[2026-03-22T17:32:44.183+0900][9.249s][info][gc,phases      ] GC(406) Adjust Roots 0.274ms
[2026-03-22T17:32:44.183+0900][9.249s][info][gc,phases,start] GC(406) Compaction Phase
[2026-03-22T17:32:44.188+0900][9.254s][info][gc,phases      ] GC(406) Compaction Phase 5.616ms
[2026-03-22T17:32:44.188+0900][9.254s][info][gc,phases,start] GC(406) Post Compact
[2026-03-22T17:32:44.190+0900][9.256s][info][gc,phases      ] GC(406) Post Compact 1.553ms
[2026-03-22T17:32:44.190+0900][9.256s][info][gc,heap        ] GC(406) PSYoungGen: 163057K(163840K)->0K(163840K) Eden: 152561K(153088K)->0K(153088K) From: 10496K(10752K)->0K(10752K)
[2026-03-22T17:32:44.190+0900][9.256s][info][gc,heap        ] GC(406) ParOldGen: 291999K(349696K)->103430K(349696K)
[2026-03-22T17:32:44.190+0900][9.256s][info][gc,metaspace   ] GC(406) Metaspace: 338K(512K)->338K(512K) NonClass: 320K(384K)->320K(384K) Class: 17K(128K)->17K(128K)
[2026-03-22T17:32:44.190+0900][9.256s][info][gc             ] GC(406) Pause Full (Ergonomics) 444M->101M(501M) 9.357ms
[2026-03-22T17:32:44.190+0900][9.256s][info][gc,cpu         ] GC(406) User=0.06s Sys=0.00s Real=0.01s
[2026-03-22T17:32:44.207+0900][9.273s][info][gc,start       ] GC(407) Pause Young (Allocation Failure)
[2026-03-22T17:32:44.212+0900][9.278s][info][gc,heap        ] GC(407) PSYoungGen: 152561K(163840K)->10496K(163840K) Eden: 152561K(153088K)->0K(153088K) From: 0K(10752K)->10496K(10752K)
[2026-03-22T17:32:44.212+0900][9.278s][info][gc,heap        ] GC(407) ParOldGen: 103430K(349696K)->197639K(349696K)
[2026-03-22T17:32:44.212+0900][9.278s][info][gc,metaspace   ] GC(407) Metaspace: 338K(512K)->338K(512K) NonClass: 320K(384K)->320K(384K) Class: 17K(128K)->17K(128K)
[2026-03-22T17:32:44.213+0900][9.278s][info][gc             ] GC(407) Pause Young (Allocation Failure) 249M->203M(501M) 5.533ms
[2026-03-22T17:32:44.213+0900][9.278s][info][gc,cpu         ] GC(407) User=0.00s Sys=0.00s Real=0.01s
[2026-03-22T17:32:44.228+0900][9.294s][info][gc,start       ] GC(408) Pause Young (Allocation Failure)
[2026-03-22T17:32:44.233+0900][9.299s][info][gc,heap        ] GC(408) PSYoungGen: 163057K(163840K)->10464K(163840K) Eden: 152561K(153088K)->0K(153088K) From: 10496K(10752K)->10464K(10752K)
[2026-03-22T17:32:44.233+0900][9.299s][info][gc,heap        ] GC(408) ParOldGen: 197639K(349696K)->291999K(349696K)
[2026-03-22T17:32:44.233+0900][9.299s][info][gc,metaspace   ] GC(408) Metaspace: 338K(512K)->338K(512K) NonClass: 320K(384K)->320K(384K) Class: 17K(128K)->17K(128K)
[2026-03-22T17:32:44.233+0900][9.299s][info][gc             ] GC(408) Pause Young (Allocation Failure) 352M->295M(501M) 5.267ms
[2026-03-22T17:32:44.233+0900][9.299s][info][gc,cpu         ] GC(408) User=0.00s Sys=0.02s Real=0.01s
[2026-03-22T17:32:44.249+0900][9.315s][info][gc,start       ] GC(409) Pause Full (Ergonomics)
[2026-03-22T17:32:44.249+0900][9.315s][info][gc,phases,start] GC(409) Marking Phase
[2026-03-22T17:32:44.250+0900][9.316s][info][gc,phases      ] GC(409) Marking Phase 1.203ms
[2026-03-22T17:32:44.250+0900][9.316s][info][gc,phases,start] GC(409) Summary Phase
[2026-03-22T17:32:44.250+0900][9.316s][info][gc,phases      ] GC(409) Summary Phase 0.019ms
[2026-03-22T17:32:44.250+0900][9.316s][info][gc,phases,start] GC(409) Adjust Roots
[2026-03-22T17:32:44.250+0900][9.316s][info][gc,phases      ] GC(409) Adjust Roots 0.215ms
[2026-03-22T17:32:44.250+0900][9.316s][info][gc,phases,start] GC(409) Compaction Phase
[2026-03-22T17:32:44.256+0900][9.322s][info][gc,phases      ] GC(409) Compaction Phase 5.497ms
[2026-03-22T17:32:44.256+0900][9.322s][info][gc,phases,start] GC(409) Post Compact
[2026-03-22T17:32:44.258+0900][9.323s][info][gc,phases      ] GC(409) Post Compact 1.549ms
[2026-03-22T17:32:44.258+0900][9.324s][info][gc,heap        ] GC(409) PSYoungGen: 163025K(163840K)->0K(163840K) Eden: 152561K(153088K)->0K(153088K) From: 10464K(10752K)->0K(10752K)
[2026-03-22T17:32:44.258+0900][9.324s][info][gc,heap        ] GC(409) ParOldGen: 291999K(349696K)->103430K(349696K)
[2026-03-22T17:32:44.258+0900][9.324s][info][gc,metaspace   ] GC(409) Metaspace: 338K(512K)->338K(512K) NonClass: 320K(384K)->320K(384K) Class: 17K(128K)->17K(128K)
[2026-03-22T17:32:44.258+0900][9.324s][info][gc             ] GC(409) Pause Full (Ergonomics) 444M->101M(501M) 8.807ms
[2026-03-22T17:32:44.258+0900][9.324s][info][gc,cpu         ] GC(409) User=0.00s Sys=0.00s Real=0.01s
[2026-03-22T17:32:44.274+0900][9.339s][info][gc,start       ] GC(410) Pause Young (Allocation Failure)
[2026-03-22T17:32:44.278+0900][9.344s][info][gc,heap        ] GC(410) PSYoungGen: 152561K(163840K)->10496K(163840K) Eden: 152561K(153088K)->0K(153088K) From: 0K(10752K)->10496K(10752K)
[2026-03-22T17:32:44.278+0900][9.344s][info][gc,heap        ] GC(410) ParOldGen: 103430K(349696K)->197639K(349696K)
[2026-03-22T17:32:44.278+0900][9.344s][info][gc,metaspace   ] GC(410) Metaspace: 338K(512K)->338K(512K) NonClass: 320K(384K)->320K(384K) Class: 17K(128K)->17K(128K)
[2026-03-22T17:32:44.278+0900][9.344s][info][gc             ] GC(410) Pause Young (Allocation Failure) 249M->203M(501M) 4.964ms
[2026-03-22T17:32:44.278+0900][9.344s][info][gc,cpu         ] GC(410) User=0.06s Sys=0.00s Real=0.00s
[2026-03-22T17:32:44.293+0900][9.359s][info][gc,start       ] GC(411) Pause Young (Allocation Failure)
[2026-03-22T17:32:44.297+0900][9.363s][info][gc,heap        ] GC(411) PSYoungGen: 163057K(163840K)->10496K(163840K) Eden: 152561K(153088K)->0K(153088K) From: 10496K(10752K)->10496K(10752K)
[2026-03-22T17:32:44.297+0900][9.363s][info][gc,heap        ] GC(411) ParOldGen: 197639K(349696K)->291999K(349696K)
[2026-03-22T17:32:44.297+0900][9.363s][info][gc,metaspace   ] GC(411) Metaspace: 338K(512K)->338K(512K) NonClass: 320K(384K)->320K(384K) Class: 17K(128K)->17K(128K)
[2026-03-22T17:32:44.297+0900][9.363s][info][gc             ] GC(411) Pause Young (Allocation Failure) 352M->295M(501M) 4.544ms
[2026-03-22T17:32:44.297+0900][9.363s][info][gc,cpu         ] GC(411) User=0.00s Sys=0.00s Real=0.00s
[2026-03-22T17:32:44.313+0900][9.378s][info][gc,start       ] GC(412) Pause Full (Ergonomics)
[2026-03-22T17:32:44.313+0900][9.378s][info][gc,phases,start] GC(412) Marking Phase
[2026-03-22T17:32:44.314+0900][9.380s][info][gc,phases      ] GC(412) Marking Phase 1.408ms
[2026-03-22T17:32:44.314+0900][9.380s][info][gc,phases,start] GC(412) Summary Phase
[2026-03-22T17:32:44.314+0900][9.380s][info][gc,phases      ] GC(412) Summary Phase 0.024ms
[2026-03-22T17:32:44.314+0900][9.380s][info][gc,phases,start] GC(412) Adjust Roots
[2026-03-22T17:32:44.314+0900][9.380s][info][gc,phases      ] GC(412) Adjust Roots 0.260ms
[2026-03-22T17:32:44.314+0900][9.380s][info][gc,phases,start] GC(412) Compaction Phase
[2026-03-22T17:32:44.321+0900][9.387s][info][gc,phases      ] GC(412) Compaction Phase 6.776ms
[2026-03-22T17:32:44.321+0900][9.387s][info][gc,phases,start] GC(412) Post Compact
[2026-03-22T17:32:44.323+0900][9.389s][info][gc,phases      ] GC(412) Post Compact 2.114ms
[2026-03-22T17:32:44.323+0900][9.389s][info][gc,heap        ] GC(412) PSYoungGen: 163057K(163840K)->0K(163840K) Eden: 152561K(153088K)->0K(153088K) From: 10496K(10752K)->0K(10752K)
[2026-03-22T17:32:44.323+0900][9.389s][info][gc,heap        ] GC(412) ParOldGen: 291999K(349696K)->103430K(349696K)
[2026-03-22T17:32:44.323+0900][9.389s][info][gc,metaspace   ] GC(412) Metaspace: 338K(512K)->338K(512K) NonClass: 320K(384K)->320K(384K) Class: 17K(128K)->17K(128K)
[2026-03-22T17:32:44.323+0900][9.389s][info][gc             ] GC(412) Pause Full (Ergonomics) 444M->101M(501M) 10.915ms
[2026-03-22T17:32:44.324+0900][9.389s][info][gc,cpu         ] GC(412) User=0.02s Sys=0.00s Real=0.01s
[2026-03-22T17:32:44.338+0900][9.404s][info][gc,start       ] GC(413) Pause Young (Allocation Failure)
[2026-03-22T17:32:44.343+0900][9.409s][info][gc,heap        ] GC(413) PSYoungGen: 152561K(163840K)->10496K(163840K) Eden: 152561K(153088K)->0K(153088K) From: 0K(10752K)->10496K(10752K)
[2026-03-22T17:32:44.343+0900][9.409s][info][gc,heap        ] GC(413) ParOldGen: 103430K(349696K)->197639K(349696K)
[2026-03-22T17:32:44.343+0900][9.409s][info][gc,metaspace   ] GC(413) Metaspace: 338K(512K)->338K(512K) NonClass: 320K(384K)->320K(384K) Class: 17K(128K)->17K(128K)
[2026-03-22T17:32:44.344+0900][9.410s][info][gc             ] GC(413) Pause Young (Allocation Failure) 249M->203M(501M) 5.420ms
[2026-03-22T17:32:44.344+0900][9.410s][info][gc,cpu         ] GC(413) User=0.00s Sys=0.00s Real=0.01s
[2026-03-22T17:32:44.360+0900][9.426s][info][gc,start       ] GC(414) Pause Young (Allocation Failure)
[2026-03-22T17:32:44.365+0900][9.431s][info][gc,heap        ] GC(414) PSYoungGen: 163057K(163840K)->10496K(163840K) Eden: 152561K(153088K)->0K(153088K) From: 10496K(10752K)->10496K(10752K)
[2026-03-22T17:32:44.365+0900][9.431s][info][gc,heap        ] GC(414) ParOldGen: 197639K(349696K)->291999K(349696K)
[2026-03-22T17:32:44.365+0900][9.431s][info][gc,metaspace   ] GC(414) Metaspace: 338K(512K)->338K(512K) NonClass: 320K(384K)->320K(384K) Class: 17K(128K)->17K(128K)
[2026-03-22T17:32:44.365+0900][9.431s][info][gc             ] GC(414) Pause Young (Allocation Failure) 352M->295M(501M) 4.849ms
[2026-03-22T17:32:44.365+0900][9.431s][info][gc,cpu         ] GC(414) User=0.00s Sys=0.00s Real=0.01s
[2026-03-22T17:32:44.381+0900][9.447s][info][gc,start       ] GC(415) Pause Full (Ergonomics)
[2026-03-22T17:32:44.381+0900][9.447s][info][gc,phases,start] GC(415) Marking Phase
[2026-03-22T17:32:44.382+0900][9.448s][info][gc,phases      ] GC(415) Marking Phase 1.271ms
[2026-03-22T17:32:44.382+0900][9.448s][info][gc,phases,start] GC(415) Summary Phase
[2026-03-22T17:32:44.382+0900][9.448s][info][gc,phases      ] GC(415) Summary Phase 0.021ms
[2026-03-22T17:32:44.382+0900][9.448s][info][gc,phases,start] GC(415) Adjust Roots
[2026-03-22T17:32:44.382+0900][9.448s][info][gc,phases      ] GC(415) Adjust Roots 0.240ms
[2026-03-22T17:32:44.382+0900][9.448s][info][gc,phases,start] GC(415) Compaction Phase
[2026-03-22T17:32:44.387+0900][9.454s][info][gc,phases      ] GC(415) Compaction Phase 5.184ms
[2026-03-22T17:32:44.387+0900][9.454s][info][gc,phases,start] GC(415) Post Compact
[2026-03-22T17:32:44.389+0900][9.455s][info][gc,phases      ] GC(415) Post Compact 1.536ms
[2026-03-22T17:32:44.389+0900][9.455s][info][gc,heap        ] GC(415) PSYoungGen: 163057K(163840K)->0K(163840K) Eden: 152561K(153088K)->0K(153088K) From: 10496K(10752K)->0K(10752K)
[2026-03-22T17:32:44.389+0900][9.455s][info][gc,heap        ] GC(415) ParOldGen: 291999K(349696K)->103430K(349696K)
[2026-03-22T17:32:44.389+0900][9.455s][info][gc,metaspace   ] GC(415) Metaspace: 338K(512K)->338K(512K) NonClass: 320K(384K)->320K(384K) Class: 17K(128K)->17K(128K)
[2026-03-22T17:32:44.389+0900][9.455s][info][gc             ] GC(415) Pause Full (Ergonomics) 444M->101M(501M) 8.536ms
[2026-03-22T17:32:44.389+0900][9.455s][info][gc,cpu         ] GC(415) User=0.06s Sys=0.00s Real=0.01s
[2026-03-22T17:32:44.403+0900][9.469s][info][gc,start       ] GC(416) Pause Young (Allocation Failure)
[2026-03-22T17:32:44.408+0900][9.474s][info][gc,heap        ] GC(416) PSYoungGen: 152561K(163840K)->10496K(163840K) Eden: 152561K(153088K)->0K(153088K) From: 0K(10752K)->10496K(10752K)
[2026-03-22T17:32:44.408+0900][9.474s][info][gc,heap        ] GC(416) ParOldGen: 103430K(349696K)->197639K(349696K)
[2026-03-22T17:32:44.408+0900][9.474s][info][gc,metaspace   ] GC(416) Metaspace: 338K(512K)->338K(512K) NonClass: 320K(384K)->320K(384K) Class: 17K(128K)->17K(128K)
[2026-03-22T17:32:44.408+0900][9.474s][info][gc             ] GC(416) Pause Young (Allocation Failure) 249M->203M(501M) 4.949ms
[2026-03-22T17:32:44.408+0900][9.474s][info][gc,cpu         ] GC(416) User=0.00s Sys=0.00s Real=0.00s
[2026-03-22T17:32:44.425+0900][9.491s][info][gc,start       ] GC(417) Pause Young (Allocation Failure)
[2026-03-22T17:32:44.430+0900][9.496s][info][gc,heap        ] GC(417) PSYoungGen: 163057K(163840K)->10496K(163840K) Eden: 152561K(153088K)->0K(153088K) From: 10496K(10752K)->10496K(10752K)
[2026-03-22T17:32:44.430+0900][9.496s][info][gc,heap        ] GC(417) ParOldGen: 197639K(349696K)->291999K(349696K)
[2026-03-22T17:32:44.430+0900][9.496s][info][gc,metaspace   ] GC(417) Metaspace: 338K(512K)->338K(512K) NonClass: 320K(384K)->320K(384K) Class: 17K(128K)->17K(128K)
[2026-03-22T17:32:44.430+0900][9.496s][info][gc             ] GC(417) Pause Young (Allocation Failure) 352M->295M(501M) 5.224ms
[2026-03-22T17:32:44.430+0900][9.496s][info][gc,cpu         ] GC(417) User=0.00s Sys=0.00s Real=0.01s
[2026-03-22T17:32:44.446+0900][9.511s][info][gc,start       ] GC(418) Pause Full (Ergonomics)
[2026-03-22T17:32:44.453+0900][9.519s][info][gc,phases,start] GC(418) Marking Phase
[2026-03-22T17:32:44.454+0900][9.520s][info][gc,phases      ] GC(418) Marking Phase 1.206ms
[2026-03-22T17:32:44.454+0900][9.520s][info][gc,phases,start] GC(418) Summary Phase
[2026-03-22T17:32:44.454+0900][9.520s][info][gc,phases      ] GC(418) Summary Phase 0.043ms
[2026-03-22T17:32:44.454+0900][9.520s][info][gc,phases,start] GC(418) Adjust Roots
[2026-03-22T17:32:44.455+0900][9.521s][info][gc,phases      ] GC(418) Adjust Roots 0.399ms
[2026-03-22T17:32:44.455+0900][9.521s][info][gc,phases,start] GC(418) Compaction Phase
[2026-03-22T17:32:44.460+0900][9.527s][info][gc,phases      ] GC(418) Compaction Phase 5.681ms
[2026-03-22T17:32:44.460+0900][9.527s][info][gc,phases,start] GC(418) Post Compact
[2026-03-22T17:32:44.463+0900][9.528s][info][gc,phases      ] GC(418) Post Compact 1.574ms
[2026-03-22T17:32:44.463+0900][9.528s][info][gc,heap        ] GC(418) PSYoungGen: 163057K(163840K)->0K(163840K) Eden: 152561K(153088K)->0K(153088K) From: 10496K(10752K)->0K(10752K)
[2026-03-22T17:32:44.463+0900][9.528s][info][gc,heap        ] GC(418) ParOldGen: 291999K(349696K)->103430K(349696K)
[2026-03-22T17:32:44.463+0900][9.528s][info][gc,metaspace   ] GC(418) Metaspace: 338K(512K)->338K(512K) NonClass: 320K(384K)->320K(384K) Class: 17K(128K)->17K(128K)
[2026-03-22T17:32:44.463+0900][9.528s][info][gc             ] GC(418) Pause Full (Ergonomics) 444M->101M(501M) 17.089ms
[2026-03-22T17:32:44.463+0900][9.528s][info][gc,cpu         ] GC(418) User=0.00s Sys=0.00s Real=0.02s
[2026-03-22T17:32:44.478+0900][9.544s][info][gc,start       ] GC(419) Pause Young (Allocation Failure)
[2026-03-22T17:32:44.482+0900][9.549s][info][gc,heap        ] GC(419) PSYoungGen: 152561K(163840K)->10496K(163840K) Eden: 152561K(153088K)->0K(153088K) From: 0K(10752K)->10496K(10752K)
[2026-03-22T17:32:44.482+0900][9.549s][info][gc,heap        ] GC(419) ParOldGen: 103430K(349696K)->197639K(349696K)
[2026-03-22T17:32:44.482+0900][9.549s][info][gc,metaspace   ] GC(419) Metaspace: 338K(512K)->338K(512K) NonClass: 320K(384K)->320K(384K) Class: 17K(128K)->17K(128K)
[2026-03-22T17:32:44.482+0900][9.549s][info][gc             ] GC(419) Pause Young (Allocation Failure) 249M->203M(501M) 4.816ms
[2026-03-22T17:32:44.482+0900][9.549s][info][gc,cpu         ] GC(419) User=0.02s Sys=0.00s Real=0.00s
[2026-03-22T17:32:44.499+0900][9.565s][info][gc,start       ] GC(420) Pause Young (Allocation Failure)
[2026-03-22T17:32:44.504+0900][9.570s][info][gc,heap        ] GC(420) PSYoungGen: 163057K(163840K)->10496K(163840K) Eden: 152561K(153088K)->0K(153088K) From: 10496K(10752K)->10496K(10752K)
[2026-03-22T17:32:44.504+0900][9.570s][info][gc,heap        ] GC(420) ParOldGen: 197639K(349696K)->291999K(349696K)
[2026-03-22T17:32:44.504+0900][9.570s][info][gc,metaspace   ] GC(420) Metaspace: 338K(512K)->338K(512K) NonClass: 320K(384K)->320K(384K) Class: 17K(128K)->17K(128K)
[2026-03-22T17:32:44.504+0900][9.570s][info][gc             ] GC(420) Pause Young (Allocation Failure) 352M->295M(501M) 4.730ms
[2026-03-22T17:32:44.504+0900][9.570s][info][gc,cpu         ] GC(420) User=0.00s Sys=0.00s Real=0.00s
[2026-03-22T17:32:44.520+0900][9.586s][info][gc,start       ] GC(421) Pause Full (Ergonomics)
[2026-03-22T17:32:44.520+0900][9.586s][info][gc,phases,start] GC(421) Marking Phase
[2026-03-22T17:32:44.521+0900][9.587s][info][gc,phases      ] GC(421) Marking Phase 1.501ms
[2026-03-22T17:32:44.521+0900][9.587s][info][gc,phases,start] GC(421) Summary Phase
[2026-03-22T17:32:44.521+0900][9.587s][info][gc,phases      ] GC(421) Summary Phase 0.018ms
[2026-03-22T17:32:44.521+0900][9.587s][info][gc,phases,start] GC(421) Adjust Roots
[2026-03-22T17:32:44.521+0900][9.587s][info][gc,phases      ] GC(421) Adjust Roots 0.209ms
[2026-03-22T17:32:44.521+0900][9.587s][info][gc,phases,start] GC(421) Compaction Phase
[2026-03-22T17:32:44.527+0900][9.593s][info][gc,phases      ] GC(421) Compaction Phase 5.723ms
[2026-03-22T17:32:44.527+0900][9.593s][info][gc,phases,start] GC(421) Post Compact
[2026-03-22T17:32:44.529+0900][9.595s][info][gc,phases      ] GC(421) Post Compact 1.809ms
[2026-03-22T17:32:44.529+0900][9.595s][info][gc,heap        ] GC(421) PSYoungGen: 163057K(163840K)->0K(163840K) Eden: 152561K(153088K)->0K(153088K) From: 10496K(10752K)->0K(10752K)
[2026-03-22T17:32:44.529+0900][9.595s][info][gc,heap        ] GC(421) ParOldGen: 291999K(349696K)->103430K(349696K)
[2026-03-22T17:32:44.529+0900][9.595s][info][gc,metaspace   ] GC(421) Metaspace: 338K(512K)->338K(512K) NonClass: 320K(384K)->320K(384K) Class: 17K(128K)->17K(128K)
[2026-03-22T17:32:44.529+0900][9.595s][info][gc             ] GC(421) Pause Full (Ergonomics) 444M->101M(501M) 9.661ms
[2026-03-22T17:32:44.529+0900][9.595s][info][gc,cpu         ] GC(421) User=0.06s Sys=0.00s Real=0.01s
[2026-03-22T17:32:44.546+0900][9.612s][info][gc,start       ] GC(422) Pause Young (Allocation Failure)
[2026-03-22T17:32:44.551+0900][9.617s][info][gc,heap        ] GC(422) PSYoungGen: 152561K(163840K)->10496K(163840K) Eden: 152561K(153088K)->0K(153088K) From: 0K(10752K)->10496K(10752K)
[2026-03-22T17:32:44.551+0900][9.617s][info][gc,heap        ] GC(422) ParOldGen: 103430K(349696K)->197639K(349696K)
[2026-03-22T17:32:44.551+0900][9.617s][info][gc,metaspace   ] GC(422) Metaspace: 338K(512K)->338K(512K) NonClass: 320K(384K)->320K(384K) Class: 17K(128K)->17K(128K)
[2026-03-22T17:32:44.551+0900][9.617s][info][gc             ] GC(422) Pause Young (Allocation Failure) 249M->203M(501M) 4.905ms
[2026-03-22T17:32:44.551+0900][9.617s][info][gc,cpu         ] GC(422) User=0.00s Sys=0.00s Real=0.01s
[2026-03-22T17:32:44.567+0900][9.633s][info][gc,start       ] GC(423) Pause Young (Allocation Failure)
[2026-03-22T17:32:44.572+0900][9.638s][info][gc,heap        ] GC(423) PSYoungGen: 163057K(163840K)->10496K(163840K) Eden: 152561K(153088K)->0K(153088K) From: 10496K(10752K)->10496K(10752K)
[2026-03-22T17:32:44.572+0900][9.638s][info][gc,heap        ] GC(423) ParOldGen: 197639K(349696K)->291999K(349696K)
[2026-03-22T17:32:44.572+0900][9.638s][info][gc,metaspace   ] GC(423) Metaspace: 338K(512K)->338K(512K) NonClass: 320K(384K)->320K(384K) Class: 17K(128K)->17K(128K)
[2026-03-22T17:32:44.572+0900][9.638s][info][gc             ] GC(423) Pause Young (Allocation Failure) 352M->295M(501M) 4.881ms
[2026-03-22T17:32:44.572+0900][9.638s][info][gc,cpu         ] GC(423) User=0.00s Sys=0.00s Real=0.01s
[2026-03-22T17:32:44.589+0900][9.654s][info][gc,start       ] GC(424) Pause Full (Ergonomics)
[2026-03-22T17:32:44.589+0900][9.655s][info][gc,phases,start] GC(424) Marking Phase
[2026-03-22T17:32:44.590+0900][9.656s][info][gc,phases      ] GC(424) Marking Phase 1.493ms
[2026-03-22T17:32:44.591+0900][9.656s][info][gc,phases,start] GC(424) Summary Phase
[2026-03-22T17:32:44.591+0900][9.656s][info][gc,phases      ] GC(424) Summary Phase 0.020ms
[2026-03-22T17:32:44.591+0900][9.656s][info][gc,phases,start] GC(424) Adjust Roots
[2026-03-22T17:32:44.591+0900][9.656s][info][gc,phases      ] GC(424) Adjust Roots 0.257ms
[2026-03-22T17:32:44.591+0900][9.656s][info][gc,phases,start] GC(424) Compaction Phase
[2026-03-22T17:32:44.597+0900][9.662s][info][gc,phases      ] GC(424) Compaction Phase 6.071ms
[2026-03-22T17:32:44.597+0900][9.663s][info][gc,phases,start] GC(424) Post Compact
[2026-03-22T17:32:44.599+0900][9.664s][info][gc,phases      ] GC(424) Post Compact 1.595ms
[2026-03-22T17:32:44.599+0900][9.664s][info][gc,heap        ] GC(424) PSYoungGen: 163057K(163840K)->0K(163840K) Eden: 152561K(153088K)->0K(153088K) From: 10496K(10752K)->0K(10752K)
[2026-03-22T17:32:44.599+0900][9.664s][info][gc,heap        ] GC(424) ParOldGen: 291999K(349696K)->103430K(349696K)
[2026-03-22T17:32:44.599+0900][9.664s][info][gc,metaspace   ] GC(424) Metaspace: 338K(512K)->338K(512K) NonClass: 320K(384K)->320K(384K) Class: 17K(128K)->17K(128K)
[2026-03-22T17:32:44.599+0900][9.664s][info][gc             ] GC(424) Pause Full (Ergonomics) 444M->101M(501M) 9.735ms
[2026-03-22T17:32:44.599+0900][9.664s][info][gc,cpu         ] GC(424) User=0.00s Sys=0.00s Real=0.01s
[2026-03-22T17:32:44.615+0900][9.680s][info][gc,start       ] GC(425) Pause Young (Allocation Failure)
[2026-03-22T17:32:44.620+0900][9.685s][info][gc,heap        ] GC(425) PSYoungGen: 152561K(163840K)->10496K(163840K) Eden: 152561K(153088K)->0K(153088K) From: 0K(10752K)->10496K(10752K)
[2026-03-22T17:32:44.620+0900][9.685s][info][gc,heap        ] GC(425) ParOldGen: 103430K(349696K)->197639K(349696K)
[2026-03-22T17:32:44.620+0900][9.685s][info][gc,metaspace   ] GC(425) Metaspace: 338K(512K)->338K(512K) NonClass: 320K(384K)->320K(384K) Class: 17K(128K)->17K(128K)
[2026-03-22T17:32:44.620+0900][9.685s][info][gc             ] GC(425) Pause Young (Allocation Failure) 249M->203M(501M) 5.211ms
[2026-03-22T17:32:44.620+0900][9.686s][info][gc,cpu         ] GC(425) User=0.06s Sys=0.00s Real=0.00s
[2026-03-22T17:32:44.635+0900][9.700s][info][gc,start       ] GC(426) Pause Young (Allocation Failure)
[2026-03-22T17:32:44.640+0900][9.706s][info][gc,heap        ] GC(426) PSYoungGen: 163057K(163840K)->10496K(163840K) Eden: 152561K(153088K)->0K(153088K) From: 10496K(10752K)->10496K(10752K)
[2026-03-22T17:32:44.640+0900][9.706s][info][gc,heap        ] GC(426) ParOldGen: 197639K(349696K)->291999K(349696K)
[2026-03-22T17:32:44.640+0900][9.706s][info][gc,metaspace   ] GC(426) Metaspace: 338K(512K)->338K(512K) NonClass: 320K(384K)->320K(384K) Class: 17K(128K)->17K(128K)
[2026-03-22T17:32:44.640+0900][9.706s][info][gc             ] GC(426) Pause Young (Allocation Failure) 352M->295M(501M) 5.295ms
[2026-03-22T17:32:44.640+0900][9.706s][info][gc,cpu         ] GC(426) User=0.00s Sys=0.00s Real=0.01s
[2026-03-22T17:32:44.655+0900][9.720s][info][gc,start       ] GC(427) Pause Full (Ergonomics)
[2026-03-22T17:32:44.655+0900][9.720s][info][gc,phases,start] GC(427) Marking Phase
[2026-03-22T17:32:44.656+0900][9.721s][info][gc,phases      ] GC(427) Marking Phase 1.179ms
[2026-03-22T17:32:44.656+0900][9.721s][info][gc,phases,start] GC(427) Summary Phase
[2026-03-22T17:32:44.656+0900][9.722s][info][gc,phases      ] GC(427) Summary Phase 0.016ms
[2026-03-22T17:32:44.656+0900][9.722s][info][gc,phases,start] GC(427) Adjust Roots
[2026-03-22T17:32:44.656+0900][9.722s][info][gc,phases      ] GC(427) Adjust Roots 0.182ms
[2026-03-22T17:32:44.656+0900][9.722s][info][gc,phases,start] GC(427) Compaction Phase
[2026-03-22T17:32:44.662+0900][9.727s][info][gc,phases      ] GC(427) Compaction Phase 5.710ms
[2026-03-22T17:32:44.662+0900][9.727s][info][gc,phases,start] GC(427) Post Compact
[2026-03-22T17:32:44.663+0900][9.729s][info][gc,phases      ] GC(427) Post Compact 1.386ms
[2026-03-22T17:32:44.663+0900][9.729s][info][gc,heap        ] GC(427) PSYoungGen: 163057K(163840K)->0K(163840K) Eden: 152561K(153088K)->0K(153088K) From: 10496K(10752K)->0K(10752K)
[2026-03-22T17:32:44.663+0900][9.729s][info][gc,heap        ] GC(427) ParOldGen: 291999K(349696K)->103430K(349696K)
[2026-03-22T17:32:44.663+0900][9.729s][info][gc,metaspace   ] GC(427) Metaspace: 338K(512K)->338K(512K) NonClass: 320K(384K)->320K(384K) Class: 17K(128K)->17K(128K)
[2026-03-22T17:32:44.663+0900][9.729s][info][gc             ] GC(427) Pause Full (Ergonomics) 444M->101M(501M) 8.739ms
[2026-03-22T17:32:44.663+0900][9.729s][info][gc,cpu         ] GC(427) User=0.00s Sys=0.00s Real=0.01s
[2026-03-22T17:32:44.678+0900][9.744s][info][gc,start       ] GC(428) Pause Young (Allocation Failure)
[2026-03-22T17:32:44.683+0900][9.748s][info][gc,heap        ] GC(428) PSYoungGen: 152561K(163840K)->10496K(163840K) Eden: 152561K(153088K)->0K(153088K) From: 0K(10752K)->10496K(10752K)
[2026-03-22T17:32:44.683+0900][9.748s][info][gc,heap        ] GC(428) ParOldGen: 103430K(349696K)->197639K(349696K)
[2026-03-22T17:32:44.683+0900][9.748s][info][gc,metaspace   ] GC(428) Metaspace: 338K(512K)->338K(512K) NonClass: 320K(384K)->320K(384K) Class: 17K(128K)->17K(128K)
[2026-03-22T17:32:44.683+0900][9.748s][info][gc             ] GC(428) Pause Young (Allocation Failure) 249M->203M(501M) 4.854ms
[2026-03-22T17:32:44.683+0900][9.748s][info][gc,cpu         ] GC(428) User=0.06s Sys=0.00s Real=0.01s
[2026-03-22T17:32:44.697+0900][9.763s][info][gc,start       ] GC(429) Pause Young (Allocation Failure)
[2026-03-22T17:32:44.701+0900][9.767s][info][gc,heap        ] GC(429) PSYoungGen: 163057K(163840K)->10496K(163840K) Eden: 152561K(153088K)->0K(153088K) From: 10496K(10752K)->10496K(10752K)
[2026-03-22T17:32:44.701+0900][9.767s][info][gc,heap        ] GC(429) ParOldGen: 197639K(349696K)->291999K(349696K)
[2026-03-22T17:32:44.701+0900][9.768s][info][gc,metaspace   ] GC(429) Metaspace: 338K(512K)->338K(512K) NonClass: 320K(384K)->320K(384K) Class: 17K(128K)->17K(128K)
[2026-03-22T17:32:44.701+0900][9.768s][info][gc             ] GC(429) Pause Young (Allocation Failure) 352M->295M(501M) 4.861ms
[2026-03-22T17:32:44.701+0900][9.768s][info][gc,cpu         ] GC(429) User=0.00s Sys=0.00s Real=0.00s
[2026-03-22T17:32:44.717+0900][9.784s][info][gc,start       ] GC(430) Pause Full (Ergonomics)
[2026-03-22T17:32:44.718+0900][9.784s][info][gc,phases,start] GC(430) Marking Phase
[2026-03-22T17:32:44.719+0900][9.785s][info][gc,phases      ] GC(430) Marking Phase 1.168ms
[2026-03-22T17:32:44.719+0900][9.785s][info][gc,phases,start] GC(430) Summary Phase
[2026-03-22T17:32:44.719+0900][9.785s][info][gc,phases      ] GC(430) Summary Phase 0.014ms
[2026-03-22T17:32:44.719+0900][9.785s][info][gc,phases,start] GC(430) Adjust Roots
[2026-03-22T17:32:44.719+0900][9.785s][info][gc,phases      ] GC(430) Adjust Roots 0.172ms
[2026-03-22T17:32:44.719+0900][9.785s][info][gc,phases,start] GC(430) Compaction Phase
[2026-03-22T17:32:44.725+0900][9.791s][info][gc,phases      ] GC(430) Compaction Phase 6.049ms
[2026-03-22T17:32:44.726+0900][9.791s][info][gc,phases,start] GC(430) Post Compact
[2026-03-22T17:32:44.727+0900][9.793s][info][gc,phases      ] GC(430) Post Compact 1.389ms
[2026-03-22T17:32:44.727+0900][9.793s][info][gc,heap        ] GC(430) PSYoungGen: 163057K(163840K)->0K(163840K) Eden: 152561K(153088K)->0K(153088K) From: 10496K(10752K)->0K(10752K)
[2026-03-22T17:32:44.727+0900][9.793s][info][gc,heap        ] GC(430) ParOldGen: 291999K(349696K)->103430K(349696K)
[2026-03-22T17:32:44.727+0900][9.793s][info][gc,metaspace   ] GC(430) Metaspace: 338K(512K)->338K(512K) NonClass: 320K(384K)->320K(384K) Class: 17K(128K)->17K(128K)
[2026-03-22T17:32:44.727+0900][9.793s][info][gc             ] GC(430) Pause Full (Ergonomics) 444M->101M(501M) 9.032ms
[2026-03-22T17:32:44.727+0900][9.793s][info][gc,cpu         ] GC(430) User=0.00s Sys=0.00s Real=0.01s
[2026-03-22T17:32:44.741+0900][9.807s][info][gc,start       ] GC(431) Pause Young (Allocation Failure)
[2026-03-22T17:32:44.746+0900][9.812s][info][gc,heap        ] GC(431) PSYoungGen: 152561K(163840K)->10496K(163840K) Eden: 152561K(153088K)->0K(153088K) From: 0K(10752K)->10496K(10752K)
[2026-03-22T17:32:44.746+0900][9.812s][info][gc,heap        ] GC(431) ParOldGen: 103430K(349696K)->197639K(349696K)
[2026-03-22T17:32:44.746+0900][9.812s][info][gc,metaspace   ] GC(431) Metaspace: 338K(512K)->338K(512K) NonClass: 320K(384K)->320K(384K) Class: 17K(128K)->17K(128K)
[2026-03-22T17:32:44.746+0900][9.812s][info][gc             ] GC(431) Pause Young (Allocation Failure) 249M->203M(501M) 5.001ms
[2026-03-22T17:32:44.746+0900][9.812s][info][gc,cpu         ] GC(431) User=0.06s Sys=0.00s Real=0.01s
[2026-03-22T17:32:44.762+0900][9.828s][info][gc,start       ] GC(432) Pause Young (Allocation Failure)
[2026-03-22T17:32:44.768+0900][9.833s][info][gc,heap        ] GC(432) PSYoungGen: 163057K(163840K)->10496K(163840K) Eden: 152561K(153088K)->0K(153088K) From: 10496K(10752K)->10496K(10752K)
[2026-03-22T17:32:44.768+0900][9.833s][info][gc,heap        ] GC(432) ParOldGen: 197639K(349696K)->291999K(349696K)
[2026-03-22T17:32:44.768+0900][9.833s][info][gc,metaspace   ] GC(432) Metaspace: 338K(512K)->338K(512K) NonClass: 320K(384K)->320K(384K) Class: 17K(128K)->17K(128K)
[2026-03-22T17:32:44.768+0900][9.833s][info][gc             ] GC(432) Pause Young (Allocation Failure) 352M->295M(501M) 5.022ms
[2026-03-22T17:32:44.768+0900][9.833s][info][gc,cpu         ] GC(432) User=0.00s Sys=0.00s Real=0.01s
[2026-03-22T17:32:44.785+0900][9.850s][info][gc,start       ] GC(433) Pause Full (Ergonomics)
[2026-03-22T17:32:44.785+0900][9.851s][info][gc,phases,start] GC(433) Marking Phase
[2026-03-22T17:32:44.786+0900][9.852s][info][gc,phases      ] GC(433) Marking Phase 1.158ms
[2026-03-22T17:32:44.786+0900][9.852s][info][gc,phases,start] GC(433) Summary Phase
[2026-03-22T17:32:44.786+0900][9.852s][info][gc,phases      ] GC(433) Summary Phase 0.015ms
[2026-03-22T17:32:44.786+0900][9.852s][info][gc,phases,start] GC(433) Adjust Roots
[2026-03-22T17:32:44.786+0900][9.852s][info][gc,phases      ] GC(433) Adjust Roots 0.187ms
[2026-03-22T17:32:44.786+0900][9.852s][info][gc,phases,start] GC(433) Compaction Phase
[2026-03-22T17:32:44.793+0900][9.858s][info][gc,phases      ] GC(433) Compaction Phase 6.314ms
[2026-03-22T17:32:44.793+0900][9.858s][info][gc,phases,start] GC(433) Post Compact
[2026-03-22T17:32:44.794+0900][9.860s][info][gc,phases      ] GC(433) Post Compact 1.569ms
[2026-03-22T17:32:44.794+0900][9.860s][info][gc,heap        ] GC(433) PSYoungGen: 163057K(163840K)->0K(163840K) Eden: 152561K(153088K)->0K(153088K) From: 10496K(10752K)->0K(10752K)
[2026-03-22T17:32:44.794+0900][9.860s][info][gc,heap        ] GC(433) ParOldGen: 291999K(349696K)->103430K(349696K)
[2026-03-22T17:32:44.794+0900][9.860s][info][gc,metaspace   ] GC(433) Metaspace: 338K(512K)->338K(512K) NonClass: 320K(384K)->320K(384K) Class: 17K(128K)->17K(128K)
[2026-03-22T17:32:44.794+0900][9.860s][info][gc             ] GC(433) Pause Full (Ergonomics) 444M->101M(501M) 9.540ms
[2026-03-22T17:32:44.794+0900][9.860s][info][gc,cpu         ] GC(433) User=0.06s Sys=0.00s Real=0.01s
[2026-03-22T17:32:44.809+0900][9.876s][info][gc,start       ] GC(434) Pause Young (Allocation Failure)
[2026-03-22T17:32:44.814+0900][9.881s][info][gc,heap        ] GC(434) PSYoungGen: 152561K(163840K)->10464K(163840K) Eden: 152561K(153088K)->0K(153088K) From: 0K(10752K)->10464K(10752K)
[2026-03-22T17:32:44.814+0900][9.881s][info][gc,heap        ] GC(434) ParOldGen: 103430K(349696K)->197639K(349696K)
[2026-03-22T17:32:44.814+0900][9.881s][info][gc,metaspace   ] GC(434) Metaspace: 338K(512K)->338K(512K) NonClass: 320K(384K)->320K(384K) Class: 17K(128K)->17K(128K)
[2026-03-22T17:32:44.814+0900][9.881s][info][gc             ] GC(434) Pause Young (Allocation Failure) 249M->203M(501M) 4.919ms
[2026-03-22T17:32:44.814+0900][9.881s][info][gc,cpu         ] GC(434) User=0.00s Sys=0.00s Real=0.00s
[2026-03-22T17:32:44.830+0900][9.896s][info][gc,start       ] GC(435) Pause Young (Allocation Failure)
[2026-03-22T17:32:44.835+0900][9.901s][info][gc,heap        ] GC(435) PSYoungGen: 163025K(163840K)->10496K(163840K) Eden: 152561K(153088K)->0K(153088K) From: 10464K(10752K)->10496K(10752K)
[2026-03-22T17:32:44.835+0900][9.901s][info][gc,heap        ] GC(435) ParOldGen: 197639K(349696K)->291999K(349696K)
[2026-03-22T17:32:44.835+0900][9.901s][info][gc,metaspace   ] GC(435) Metaspace: 338K(512K)->338K(512K) NonClass: 320K(384K)->320K(384K) Class: 17K(128K)->17K(128K)
[2026-03-22T17:32:44.835+0900][9.901s][info][gc             ] GC(435) Pause Young (Allocation Failure) 352M->295M(501M) 4.930ms
[2026-03-22T17:32:44.835+0900][9.901s][info][gc,cpu         ] GC(435) User=0.00s Sys=0.00s Real=0.01s
[2026-03-22T17:32:44.850+0900][9.916s][info][gc,start       ] GC(436) Pause Full (Ergonomics)
[2026-03-22T17:32:44.850+0900][9.916s][info][gc,phases,start] GC(436) Marking Phase
[2026-03-22T17:32:44.852+0900][9.917s][info][gc,phases      ] GC(436) Marking Phase 1.459ms
[2026-03-22T17:32:44.852+0900][9.917s][info][gc,phases,start] GC(436) Summary Phase
[2026-03-22T17:32:44.852+0900][9.918s][info][gc,phases      ] GC(436) Summary Phase 0.035ms
[2026-03-22T17:32:44.852+0900][9.918s][info][gc,phases,start] GC(436) Adjust Roots
[2026-03-22T17:32:44.852+0900][9.918s][info][gc,phases      ] GC(436) Adjust Roots 0.224ms
[2026-03-22T17:32:44.852+0900][9.918s][info][gc,phases,start] GC(436) Compaction Phase
[2026-03-22T17:32:44.858+0900][9.924s][info][gc,phases      ] GC(436) Compaction Phase 6.070ms
[2026-03-22T17:32:44.858+0900][9.924s][info][gc,phases,start] GC(436) Post Compact
[2026-03-22T17:32:44.859+0900][9.925s][info][gc,phases      ] GC(436) Post Compact 1.501ms
[2026-03-22T17:32:44.859+0900][9.925s][info][gc,heap        ] GC(436) PSYoungGen: 163057K(163840K)->0K(163840K) Eden: 152561K(153088K)->0K(153088K) From: 10496K(10752K)->0K(10752K)
[2026-03-22T17:32:44.859+0900][9.925s][info][gc,heap        ] GC(436) ParOldGen: 291999K(349696K)->103430K(349696K)
[2026-03-22T17:32:44.859+0900][9.925s][info][gc,metaspace   ] GC(436) Metaspace: 338K(512K)->338K(512K) NonClass: 320K(384K)->320K(384K) Class: 17K(128K)->17K(128K)
[2026-03-22T17:32:44.859+0900][9.926s][info][gc             ] GC(436) Pause Full (Ergonomics) 444M->101M(501M) 9.684ms
[2026-03-22T17:32:44.859+0900][9.926s][info][gc,cpu         ] GC(436) User=0.06s Sys=0.00s Real=0.01s
[2026-03-22T17:32:44.875+0900][9.940s][info][gc,start       ] GC(437) Pause Young (Allocation Failure)
[2026-03-22T17:32:44.879+0900][9.945s][info][gc,heap        ] GC(437) PSYoungGen: 152561K(163840K)->10496K(163840K) Eden: 152561K(153088K)->0K(153088K) From: 0K(10752K)->10496K(10752K)
[2026-03-22T17:32:44.879+0900][9.945s][info][gc,heap        ] GC(437) ParOldGen: 103430K(349696K)->197639K(349696K)
[2026-03-22T17:32:44.879+0900][9.945s][info][gc,metaspace   ] GC(437) Metaspace: 338K(512K)->338K(512K) NonClass: 320K(384K)->320K(384K) Class: 17K(128K)->17K(128K)
[2026-03-22T17:32:44.879+0900][9.945s][info][gc             ] GC(437) Pause Young (Allocation Failure) 249M->203M(501M) 4.718ms
[2026-03-22T17:32:44.879+0900][9.945s][info][gc,cpu         ] GC(437) User=0.00s Sys=0.00s Real=0.00s
[2026-03-22T17:32:44.894+0900][9.960s][info][gc,start       ] GC(438) Pause Young (Allocation Failure)
[2026-03-22T17:32:44.898+0900][9.964s][info][gc,heap        ] GC(438) PSYoungGen: 163057K(163840K)->10496K(163840K) Eden: 152561K(153088K)->0K(153088K) From: 10496K(10752K)->10496K(10752K)
[2026-03-22T17:32:44.898+0900][9.965s][info][gc,heap        ] GC(438) ParOldGen: 197639K(349696K)->291999K(349696K)
[2026-03-22T17:32:44.898+0900][9.965s][info][gc,metaspace   ] GC(438) Metaspace: 338K(512K)->338K(512K) NonClass: 320K(384K)->320K(384K) Class: 17K(128K)->17K(128K)
[2026-03-22T17:32:44.898+0900][9.965s][info][gc             ] GC(438) Pause Young (Allocation Failure) 352M->295M(501M) 4.811ms
[2026-03-22T17:32:44.898+0900][9.965s][info][gc,cpu         ] GC(438) User=0.00s Sys=0.00s Real=0.00s
[2026-03-22T17:32:44.913+0900][9.979s][info][gc,start       ] GC(439) Pause Full (Ergonomics)
[2026-03-22T17:32:44.913+0900][9.979s][info][gc,phases,start] GC(439) Marking Phase
[2026-03-22T17:32:44.914+0900][9.980s][info][gc,phases      ] GC(439) Marking Phase 1.235ms
[2026-03-22T17:32:44.914+0900][9.980s][info][gc,phases,start] GC(439) Summary Phase
[2026-03-22T17:32:44.914+0900][9.980s][info][gc,phases      ] GC(439) Summary Phase 0.015ms
[2026-03-22T17:32:44.914+0900][9.980s][info][gc,phases,start] GC(439) Adjust Roots
[2026-03-22T17:32:44.914+0900][9.980s][info][gc,phases      ] GC(439) Adjust Roots 0.172ms
[2026-03-22T17:32:44.914+0900][9.980s][info][gc,phases,start] GC(439) Compaction Phase
[2026-03-22T17:32:44.921+0900][9.987s][info][gc,phases      ] GC(439) Compaction Phase 6.712ms
[2026-03-22T17:32:44.921+0900][9.987s][info][gc,phases,start] GC(439) Post Compact
[2026-03-22T17:32:44.923+0900][9.989s][info][gc,phases      ] GC(439) Post Compact 1.576ms
[2026-03-22T17:32:44.923+0900][9.989s][info][gc,heap        ] GC(439) PSYoungGen: 163057K(163840K)->0K(163840K) Eden: 152561K(153088K)->0K(153088K) From: 10496K(10752K)->0K(10752K)
[2026-03-22T17:32:44.923+0900][9.989s][info][gc,heap        ] GC(439) ParOldGen: 291999K(349696K)->103430K(349696K)
[2026-03-22T17:32:44.923+0900][9.989s][info][gc,metaspace   ] GC(439) Metaspace: 338K(512K)->338K(512K) NonClass: 320K(384K)->320K(384K) Class: 17K(128K)->17K(128K)
[2026-03-22T17:32:44.923+0900][9.989s][info][gc             ] GC(439) Pause Full (Ergonomics) 444M->101M(501M) 10.051ms
[2026-03-22T17:32:44.923+0900][9.989s][info][gc,cpu         ] GC(439) User=0.05s Sys=0.02s Real=0.01s
[2026-03-22T17:32:44.940+0900][10.006s][info][gc,start       ] GC(440) Pause Young (Allocation Failure)
[2026-03-22T17:32:44.945+0900][10.011s][info][gc,heap        ] GC(440) PSYoungGen: 152561K(163840K)->10496K(163840K) Eden: 152561K(153088K)->0K(153088K) From: 0K(10752K)->10496K(10752K)
[2026-03-22T17:32:44.945+0900][10.011s][info][gc,heap        ] GC(440) ParOldGen: 103430K(349696K)->197639K(349696K)
[2026-03-22T17:32:44.945+0900][10.011s][info][gc,metaspace   ] GC(440) Metaspace: 338K(512K)->338K(512K) NonClass: 320K(384K)->320K(384K) Class: 17K(128K)->17K(128K)
[2026-03-22T17:32:44.945+0900][10.011s][info][gc             ] GC(440) Pause Young (Allocation Failure) 249M->203M(501M) 4.636ms
[2026-03-22T17:32:44.945+0900][10.011s][info][gc,cpu         ] GC(440) User=0.00s Sys=0.00s Real=0.00s
[2026-03-22T17:32:44.960+0900][10.026s][info][gc,start       ] GC(441) Pause Young (Allocation Failure)
[2026-03-22T17:32:44.966+0900][10.032s][info][gc,heap        ] GC(441) PSYoungGen: 163057K(163840K)->10496K(163840K) Eden: 152561K(153088K)->0K(153088K) From: 10496K(10752K)->10496K(10752K)
[2026-03-22T17:32:44.966+0900][10.032s][info][gc,heap        ] GC(441) ParOldGen: 197639K(349696K)->291999K(349696K)
[2026-03-22T17:32:44.966+0900][10.032s][info][gc,metaspace   ] GC(441) Metaspace: 338K(512K)->338K(512K) NonClass: 320K(384K)->320K(384K) Class: 17K(128K)->17K(128K)
[2026-03-22T17:32:44.966+0900][10.032s][info][gc             ] GC(441) Pause Young (Allocation Failure) 352M->295M(501M) 5.252ms
[2026-03-22T17:32:44.966+0900][10.032s][info][gc,cpu         ] GC(441) User=0.06s Sys=0.00s Real=0.01s
[2026-03-22T17:32:44.982+0900][10.048s][info][gc,start       ] GC(442) Pause Full (Ergonomics)
[2026-03-22T17:32:44.982+0900][10.048s][info][gc,phases,start] GC(442) Marking Phase
[2026-03-22T17:32:44.983+0900][10.049s][info][gc,phases      ] GC(442) Marking Phase 1.224ms
[2026-03-22T17:32:44.983+0900][10.049s][info][gc,phases,start] GC(442) Summary Phase
[2026-03-22T17:32:44.983+0900][10.049s][info][gc,phases      ] GC(442) Summary Phase 0.014ms
[2026-03-22T17:32:44.983+0900][10.049s][info][gc,phases,start] GC(442) Adjust Roots
[2026-03-22T17:32:44.984+0900][10.049s][info][gc,phases      ] GC(442) Adjust Roots 0.192ms
[2026-03-22T17:32:44.984+0900][10.049s][info][gc,phases,start] GC(442) Compaction Phase
[2026-03-22T17:32:44.989+0900][10.055s][info][gc,phases      ] GC(442) Compaction Phase 5.801ms
[2026-03-22T17:32:44.989+0900][10.055s][info][gc,phases,start] GC(442) Post Compact
[2026-03-22T17:32:44.991+0900][10.056s][info][gc,phases      ] GC(442) Post Compact 1.365ms
[2026-03-22T17:32:44.991+0900][10.056s][info][gc,heap        ] GC(442) PSYoungGen: 163057K(163840K)->0K(163840K) Eden: 152561K(153088K)->0K(153088K) From: 10496K(10752K)->0K(10752K)
[2026-03-22T17:32:44.991+0900][10.056s][info][gc,heap        ] GC(442) ParOldGen: 291999K(349696K)->103430K(349696K)
[2026-03-22T17:32:44.991+0900][10.056s][info][gc,metaspace   ] GC(442) Metaspace: 338K(512K)->338K(512K) NonClass: 320K(384K)->320K(384K) Class: 17K(128K)->17K(128K)
[2026-03-22T17:32:44.991+0900][10.056s][info][gc             ] GC(442) Pause Full (Ergonomics) 444M->101M(501M) 8.809ms
[2026-03-22T17:32:44.991+0900][10.056s][info][gc,cpu         ] GC(442) User=0.00s Sys=0.00s Real=0.01s
[2026-03-22T17:32:45.007+0900][10.073s][info][gc,start       ] GC(443) Pause Young (Allocation Failure)
[2026-03-22T17:32:45.012+0900][10.078s][info][gc,heap        ] GC(443) PSYoungGen: 152561K(163840K)->10496K(163840K) Eden: 152561K(153088K)->0K(153088K) From: 0K(10752K)->10496K(10752K)
[2026-03-22T17:32:45.012+0900][10.078s][info][gc,heap        ] GC(443) ParOldGen: 103430K(349696K)->197639K(349696K)
[2026-03-22T17:32:45.012+0900][10.078s][info][gc,metaspace   ] GC(443) Metaspace: 338K(512K)->338K(512K) NonClass: 320K(384K)->320K(384K) Class: 17K(128K)->17K(128K)
[2026-03-22T17:32:45.012+0900][10.078s][info][gc             ] GC(443) Pause Young (Allocation Failure) 249M->203M(501M) 4.874ms
[2026-03-22T17:32:45.012+0900][10.078s][info][gc,cpu         ] GC(443) User=0.06s Sys=0.00s Real=0.01s
[2026-03-22T17:32:45.029+0900][10.094s][info][gc,start       ] GC(444) Pause Young (Allocation Failure)
[2026-03-22T17:32:45.033+0900][10.099s][info][gc,heap        ] GC(444) PSYoungGen: 163057K(163840K)->10496K(163840K) Eden: 152561K(153088K)->0K(153088K) From: 10496K(10752K)->10496K(10752K)
[2026-03-22T17:32:45.033+0900][10.099s][info][gc,heap        ] GC(444) ParOldGen: 197639K(349696K)->291999K(349696K)
[2026-03-22T17:32:45.034+0900][10.099s][info][gc,metaspace   ] GC(444) Metaspace: 338K(512K)->338K(512K) NonClass: 320K(384K)->320K(384K) Class: 17K(128K)->17K(128K)
[2026-03-22T17:32:45.034+0900][10.099s][info][gc             ] GC(444) Pause Young (Allocation Failure) 352M->295M(501M) 5.043ms
[2026-03-22T17:32:45.034+0900][10.099s][info][gc,cpu         ] GC(444) User=0.00s Sys=0.00s Real=0.00s
[2026-03-22T17:32:45.050+0900][10.115s][info][gc,start       ] GC(445) Pause Full (Ergonomics)
[2026-03-22T17:32:45.050+0900][10.115s][info][gc,phases,start] GC(445) Marking Phase
[2026-03-22T17:32:45.051+0900][10.117s][info][gc,phases      ] GC(445) Marking Phase 1.252ms
[2026-03-22T17:32:45.051+0900][10.117s][info][gc,phases,start] GC(445) Summary Phase
[2026-03-22T17:32:45.051+0900][10.117s][info][gc,phases      ] GC(445) Summary Phase 0.021ms
[2026-03-22T17:32:45.051+0900][10.117s][info][gc,phases,start] GC(445) Adjust Roots
[2026-03-22T17:32:45.051+0900][10.117s][info][gc,phases      ] GC(445) Adjust Roots 0.209ms
[2026-03-22T17:32:45.051+0900][10.117s][info][gc,phases,start] GC(445) Compaction Phase
[2026-03-22T17:32:45.058+0900][10.123s][info][gc,phases      ] GC(445) Compaction Phase 6.408ms
[2026-03-22T17:32:45.058+0900][10.123s][info][gc,phases,start] GC(445) Post Compact
[2026-03-22T17:32:45.060+0900][10.125s][info][gc,phases      ] GC(445) Post Compact 1.579ms
[2026-03-22T17:32:45.060+0900][10.125s][info][gc,heap        ] GC(445) PSYoungGen: 163057K(163840K)->0K(163840K) Eden: 152561K(153088K)->0K(153088K) From: 10496K(10752K)->0K(10752K)
[2026-03-22T17:32:45.060+0900][10.125s][info][gc,heap        ] GC(445) ParOldGen: 291999K(349696K)->103430K(349696K)
[2026-03-22T17:32:45.060+0900][10.125s][info][gc,metaspace   ] GC(445) Metaspace: 338K(512K)->338K(512K) NonClass: 320K(384K)->320K(384K) Class: 17K(128K)->17K(128K)
[2026-03-22T17:32:45.060+0900][10.125s][info][gc             ] GC(445) Pause Full (Ergonomics) 444M->101M(501M) 9.752ms
[2026-03-22T17:32:45.060+0900][10.125s][info][gc,cpu         ] GC(445) User=0.03s Sys=0.00s Real=0.01s
[2026-03-22T17:32:45.075+0900][10.141s][info][gc,start       ] GC(446) Pause Young (Allocation Failure)
[2026-03-22T17:32:45.079+0900][10.145s][info][gc,heap        ] GC(446) PSYoungGen: 152561K(163840K)->10496K(163840K) Eden: 152561K(153088K)->0K(153088K) From: 0K(10752K)->10496K(10752K)
[2026-03-22T17:32:45.079+0900][10.146s][info][gc,heap        ] GC(446) ParOldGen: 103430K(349696K)->197639K(349696K)
[2026-03-22T17:32:45.079+0900][10.146s][info][gc,metaspace   ] GC(446) Metaspace: 338K(512K)->338K(512K) NonClass: 320K(384K)->320K(384K) Class: 17K(128K)->17K(128K)
[2026-03-22T17:32:45.079+0900][10.146s][info][gc             ] GC(446) Pause Young (Allocation Failure) 249M->203M(501M) 5.000ms
[2026-03-22T17:32:45.079+0900][10.146s][info][gc,cpu         ] GC(446) User=0.00s Sys=0.00s Real=0.00s
[2026-03-22T17:32:45.095+0900][10.161s][info][gc,start       ] GC(447) Pause Young (Allocation Failure)
[2026-03-22T17:32:45.100+0900][10.165s][info][gc,heap        ] GC(447) PSYoungGen: 163057K(163840K)->10496K(163840K) Eden: 152561K(153088K)->0K(153088K) From: 10496K(10752K)->10496K(10752K)
[2026-03-22T17:32:45.100+0900][10.165s][info][gc,heap        ] GC(447) ParOldGen: 197639K(349696K)->291999K(349696K)
[2026-03-22T17:32:45.100+0900][10.165s][info][gc,metaspace   ] GC(447) Metaspace: 338K(512K)->338K(512K) NonClass: 320K(384K)->320K(384K) Class: 17K(128K)->17K(128K)
[2026-03-22T17:32:45.100+0900][10.166s][info][gc             ] GC(447) Pause Young (Allocation Failure) 352M->295M(501M) 5.006ms
[2026-03-22T17:32:45.100+0900][10.166s][info][gc,cpu         ] GC(447) User=0.00s Sys=0.00s Real=0.00s
[2026-03-22T17:32:45.114+0900][10.180s][info][gc,start       ] GC(448) Pause Full (Ergonomics)
[2026-03-22T17:32:45.114+0900][10.180s][info][gc,phases,start] GC(448) Marking Phase
[2026-03-22T17:32:45.115+0900][10.181s][info][gc,phases      ] GC(448) Marking Phase 1.374ms
[2026-03-22T17:32:45.115+0900][10.181s][info][gc,phases,start] GC(448) Summary Phase
[2026-03-22T17:32:45.116+0900][10.181s][info][gc,phases      ] GC(448) Summary Phase 0.021ms
[2026-03-22T17:32:45.116+0900][10.181s][info][gc,phases,start] GC(448) Adjust Roots
[2026-03-22T17:32:45.116+0900][10.182s][info][gc,phases      ] GC(448) Adjust Roots 0.284ms
[2026-03-22T17:32:45.116+0900][10.182s][info][gc,phases,start] GC(448) Compaction Phase
[2026-03-22T17:32:45.122+0900][10.188s][info][gc,phases      ] GC(448) Compaction Phase 6.422ms
[2026-03-22T17:32:45.122+0900][10.188s][info][gc,phases,start] GC(448) Post Compact
[2026-03-22T17:32:45.124+0900][10.190s][info][gc,phases      ] GC(448) Post Compact 1.775ms
[2026-03-22T17:32:45.124+0900][10.190s][info][gc,heap        ] GC(448) PSYoungGen: 163057K(163840K)->0K(163840K) Eden: 152561K(153088K)->0K(153088K) From: 10496K(10752K)->0K(10752K)
[2026-03-22T17:32:45.124+0900][10.190s][info][gc,heap        ] GC(448) ParOldGen: 291999K(349696K)->103195K(349696K)
[2026-03-22T17:32:45.124+0900][10.190s][info][gc,metaspace   ] GC(448) Metaspace: 338K(512K)->338K(512K) NonClass: 320K(384K)->320K(384K) Class: 17K(128K)->17K(128K)
[2026-03-22T17:32:45.124+0900][10.190s][info][gc             ] GC(448) Pause Full (Ergonomics) 444M->100M(501M) 10.207ms
[2026-03-22T17:32:45.124+0900][10.190s][info][gc,cpu         ] GC(448) User=0.05s Sys=0.00s Real=0.01s
[2026-03-22T17:32:45.141+0900][10.207s][info][gc,start       ] GC(449) Pause Young (Allocation Failure)
[2026-03-22T17:32:45.146+0900][10.212s][info][gc,heap        ] GC(449) PSYoungGen: 152561K(163840K)->10464K(163840K) Eden: 152561K(153088K)->0K(153088K) From: 0K(10752K)->10464K(10752K)
[2026-03-22T17:32:45.146+0900][10.212s][info][gc,heap        ] GC(449) ParOldGen: 103195K(349696K)->197403K(349696K)
[2026-03-22T17:32:45.146+0900][10.212s][info][gc,metaspace   ] GC(449) Metaspace: 338K(512K)->338K(512K) NonClass: 320K(384K)->320K(384K) Class: 17K(128K)->17K(128K)
[2026-03-22T17:32:45.146+0900][10.212s][info][gc             ] GC(449) Pause Young (Allocation Failure) 249M->202M(501M) 4.656ms
[2026-03-22T17:32:45.146+0900][10.212s][info][gc,cpu         ] GC(449) User=0.00s Sys=0.00s Real=0.00s
[2026-03-22T17:32:45.161+0900][10.227s][info][gc,start       ] GC(450) Pause Young (Allocation Failure)
[2026-03-22T17:32:45.166+0900][10.232s][info][gc,heap        ] GC(450) PSYoungGen: 163025K(163840K)->10496K(163840K) Eden: 152561K(153088K)->0K(153088K) From: 10464K(10752K)->10496K(10752K)
[2026-03-22T17:32:45.166+0900][10.232s][info][gc,heap        ] GC(450) ParOldGen: 197403K(349696K)->291764K(349696K)
[2026-03-22T17:32:45.166+0900][10.232s][info][gc,metaspace   ] GC(450) Metaspace: 338K(512K)->338K(512K) NonClass: 320K(384K)->320K(384K) Class: 17K(128K)->17K(128K)
[2026-03-22T17:32:45.166+0900][10.232s][info][gc             ] GC(450) Pause Young (Allocation Failure) 351M->295M(501M) 4.723ms
[2026-03-22T17:32:45.166+0900][10.232s][info][gc,cpu         ] GC(450) User=0.06s Sys=0.00s Real=0.00s
[2026-03-22T17:32:45.181+0900][10.247s][info][gc,start       ] GC(451) Pause Full (Ergonomics)
[2026-03-22T17:32:45.181+0900][10.247s][info][gc,phases,start] GC(451) Marking Phase
[2026-03-22T17:32:45.182+0900][10.248s][info][gc,phases      ] GC(451) Marking Phase 1.138ms
[2026-03-22T17:32:45.182+0900][10.248s][info][gc,phases,start] GC(451) Summary Phase
[2026-03-22T17:32:45.182+0900][10.248s][info][gc,phases      ] GC(451) Summary Phase 0.014ms
[2026-03-22T17:32:45.182+0900][10.248s][info][gc,phases,start] GC(451) Adjust Roots
[2026-03-22T17:32:45.182+0900][10.248s][info][gc,phases      ] GC(451) Adjust Roots 0.166ms
[2026-03-22T17:32:45.182+0900][10.248s][info][gc,phases,start] GC(451) Compaction Phase
[2026-03-22T17:32:45.188+0900][10.254s][info][gc,phases      ] GC(451) Compaction Phase 5.509ms
[2026-03-22T17:32:45.188+0900][10.254s][info][gc,phases,start] GC(451) Post Compact
[2026-03-22T17:32:45.189+0900][10.255s][info][gc,phases      ] GC(451) Post Compact 1.566ms
[2026-03-22T17:32:45.190+0900][10.256s][info][gc,heap        ] GC(451) PSYoungGen: 163057K(163840K)->0K(163840K) Eden: 152561K(153088K)->0K(153088K) From: 10496K(10752K)->0K(10752K)
[2026-03-22T17:32:45.190+0900][10.256s][info][gc,heap        ] GC(451) ParOldGen: 291764K(349696K)->103430K(349696K)
[2026-03-22T17:32:45.190+0900][10.256s][info][gc,metaspace   ] GC(451) Metaspace: 338K(512K)->338K(512K) NonClass: 320K(384K)->320K(384K) Class: 17K(128K)->17K(128K)
[2026-03-22T17:32:45.190+0900][10.256s][info][gc             ] GC(451) Pause Full (Ergonomics) 444M->101M(501M) 8.735ms
[2026-03-22T17:32:45.190+0900][10.256s][info][gc,cpu         ] GC(451) User=0.02s Sys=0.00s Real=0.01s
[2026-03-22T17:32:45.204+0900][10.270s][info][gc,start       ] GC(452) Pause Young (Allocation Failure)
[2026-03-22T17:32:45.210+0900][10.275s][info][gc,heap        ] GC(452) PSYoungGen: 152561K(163840K)->10496K(163840K) Eden: 152561K(153088K)->0K(153088K) From: 0K(10752K)->10496K(10752K)
[2026-03-22T17:32:45.210+0900][10.275s][info][gc,heap        ] GC(452) ParOldGen: 103430K(349696K)->197639K(349696K)
[2026-03-22T17:32:45.210+0900][10.275s][info][gc,metaspace   ] GC(452) Metaspace: 338K(512K)->338K(512K) NonClass: 320K(384K)->320K(384K) Class: 17K(128K)->17K(128K)
[2026-03-22T17:32:45.210+0900][10.275s][info][gc             ] GC(452) Pause Young (Allocation Failure) 249M->203M(501M) 5.011ms
[2026-03-22T17:32:45.210+0900][10.275s][info][gc,cpu         ] GC(452) User=0.00s Sys=0.00s Real=0.01s
[2026-03-22T17:32:45.224+0900][10.290s][info][gc,start       ] GC(453) Pause Young (Allocation Failure)
[2026-03-22T17:32:45.229+0900][10.295s][info][gc,heap        ] GC(453) PSYoungGen: 163057K(163840K)->10496K(163840K) Eden: 152561K(153088K)->0K(153088K) From: 10496K(10752K)->10496K(10752K)
[2026-03-22T17:32:45.229+0900][10.295s][info][gc,heap        ] GC(453) ParOldGen: 197639K(349696K)->291999K(349696K)
[2026-03-22T17:32:45.229+0900][10.295s][info][gc,metaspace   ] GC(453) Metaspace: 338K(512K)->338K(512K) NonClass: 320K(384K)->320K(384K) Class: 17K(128K)->17K(128K)
[2026-03-22T17:32:45.229+0900][10.295s][info][gc             ] GC(453) Pause Young (Allocation Failure) 352M->295M(501M) 4.829ms
[2026-03-22T17:32:45.229+0900][10.295s][info][gc,cpu         ] GC(453) User=0.05s Sys=0.02s Real=0.01s
[2026-03-22T17:32:45.244+0900][10.310s][info][gc,start       ] GC(454) Pause Full (Ergonomics)
[2026-03-22T17:32:45.244+0900][10.310s][info][gc,phases,start] GC(454) Marking Phase
[2026-03-22T17:32:45.245+0900][10.311s][info][gc,phases      ] GC(454) Marking Phase 1.343ms
[2026-03-22T17:32:45.245+0900][10.311s][info][gc,phases,start] GC(454) Summary Phase
[2026-03-22T17:32:45.246+0900][10.311s][info][gc,phases      ] GC(454) Summary Phase 0.034ms
[2026-03-22T17:32:45.246+0900][10.311s][info][gc,phases,start] GC(454) Adjust Roots
[2026-03-22T17:32:45.246+0900][10.311s][info][gc,phases      ] GC(454) Adjust Roots 0.229ms
[2026-03-22T17:32:45.246+0900][10.311s][info][gc,phases,start] GC(454) Compaction Phase
[2026-03-22T17:32:45.251+0900][10.317s][info][gc,phases      ] GC(454) Compaction Phase 5.454ms
[2026-03-22T17:32:45.251+0900][10.317s][info][gc,phases,start] GC(454) Post Compact
[2026-03-22T17:32:45.252+0900][10.318s][info][gc,phases      ] GC(454) Post Compact 1.418ms
[2026-03-22T17:32:45.252+0900][10.318s][info][gc,heap        ] GC(454) PSYoungGen: 163057K(163840K)->0K(163840K) Eden: 152561K(153088K)->0K(153088K) From: 10496K(10752K)->0K(10752K)
[2026-03-22T17:32:45.252+0900][10.318s][info][gc,heap        ] GC(454) ParOldGen: 291999K(349696K)->103430K(349696K)
[2026-03-22T17:32:45.252+0900][10.318s][info][gc,metaspace   ] GC(454) Metaspace: 338K(512K)->338K(512K) NonClass: 320K(384K)->320K(384K) Class: 17K(128K)->17K(128K)
[2026-03-22T17:32:45.252+0900][10.318s][info][gc             ] GC(454) Pause Full (Ergonomics) 444M->101M(501M) 8.748ms
[2026-03-22T17:32:45.252+0900][10.318s][info][gc,cpu         ] GC(454) User=0.00s Sys=0.00s Real=0.01s
[2026-03-22T17:32:45.268+0900][10.334s][info][gc,start       ] GC(455) Pause Young (Allocation Failure)
[2026-03-22T17:32:45.273+0900][10.339s][info][gc,heap        ] GC(455) PSYoungGen: 152561K(163840K)->10496K(163840K) Eden: 152561K(153088K)->0K(153088K) From: 0K(10752K)->10496K(10752K)
[2026-03-22T17:32:45.273+0900][10.339s][info][gc,heap        ] GC(455) ParOldGen: 103430K(349696K)->197639K(349696K)
[2026-03-22T17:32:45.273+0900][10.339s][info][gc,metaspace   ] GC(455) Metaspace: 338K(512K)->338K(512K) NonClass: 320K(384K)->320K(384K) Class: 17K(128K)->17K(128K)
[2026-03-22T17:32:45.273+0900][10.339s][info][gc             ] GC(455) Pause Young (Allocation Failure) 249M->203M(501M) 4.751ms
[2026-03-22T17:32:45.273+0900][10.339s][info][gc,cpu         ] GC(455) User=0.00s Sys=0.00s Real=0.01s
[2026-03-22T17:32:45.288+0900][10.354s][info][gc,start       ] GC(456) Pause Young (Allocation Failure)
[2026-03-22T17:32:45.293+0900][10.359s][info][gc,heap        ] GC(456) PSYoungGen: 163057K(163840K)->10496K(163840K) Eden: 152561K(153088K)->0K(153088K) From: 10496K(10752K)->10496K(10752K)
[2026-03-22T17:32:45.293+0900][10.359s][info][gc,heap        ] GC(456) ParOldGen: 197639K(349696K)->291999K(349696K)
[2026-03-22T17:32:45.293+0900][10.359s][info][gc,metaspace   ] GC(456) Metaspace: 338K(512K)->338K(512K) NonClass: 320K(384K)->320K(384K) Class: 17K(128K)->17K(128K)
[2026-03-22T17:32:45.293+0900][10.359s][info][gc             ] GC(456) Pause Young (Allocation Failure) 352M->295M(501M) 4.864ms
[2026-03-22T17:32:45.293+0900][10.359s][info][gc,cpu         ] GC(456) User=0.06s Sys=0.00s Real=0.00s
[2026-03-22T17:32:45.309+0900][10.375s][info][gc,start       ] GC(457) Pause Full (Ergonomics)
[2026-03-22T17:32:45.309+0900][10.375s][info][gc,phases,start] GC(457) Marking Phase
[2026-03-22T17:32:45.310+0900][10.377s][info][gc,phases      ] GC(457) Marking Phase 1.307ms
[2026-03-22T17:32:45.310+0900][10.377s][info][gc,phases,start] GC(457) Summary Phase
[2026-03-22T17:32:45.310+0900][10.377s][info][gc,phases      ] GC(457) Summary Phase 0.018ms
[2026-03-22T17:32:45.310+0900][10.377s][info][gc,phases,start] GC(457) Adjust Roots
[2026-03-22T17:32:45.311+0900][10.377s][info][gc,phases      ] GC(457) Adjust Roots 0.206ms
[2026-03-22T17:32:45.311+0900][10.377s][info][gc,phases,start] GC(457) Compaction Phase
[2026-03-22T17:32:45.317+0900][10.383s][info][gc,phases      ] GC(457) Compaction Phase 5.796ms
[2026-03-22T17:32:45.317+0900][10.383s][info][gc,phases,start] GC(457) Post Compact
[2026-03-22T17:32:45.318+0900][10.384s][info][gc,phases      ] GC(457) Post Compact 1.525ms
[2026-03-22T17:32:45.318+0900][10.384s][info][gc,heap        ] GC(457) PSYoungGen: 163057K(163840K)->0K(163840K) Eden: 152561K(153088K)->0K(153088K) From: 10496K(10752K)->0K(10752K)
[2026-03-22T17:32:45.318+0900][10.384s][info][gc,heap        ] GC(457) ParOldGen: 291999K(349696K)->103430K(349696K)
[2026-03-22T17:32:45.318+0900][10.384s][info][gc,metaspace   ] GC(457) Metaspace: 338K(512K)->338K(512K) NonClass: 320K(384K)->320K(384K) Class: 17K(128K)->17K(128K)
[2026-03-22T17:32:45.318+0900][10.384s][info][gc             ] GC(457) Pause Full (Ergonomics) 444M->101M(501M) 9.111ms
[2026-03-22T17:32:45.318+0900][10.384s][info][gc,cpu         ] GC(457) User=0.00s Sys=0.00s Real=0.01s
[2026-03-22T17:32:45.335+0900][10.401s][info][gc,start       ] GC(458) Pause Young (Allocation Failure)
[2026-03-22T17:32:45.340+0900][10.406s][info][gc,heap        ] GC(458) PSYoungGen: 152561K(163840K)->10496K(163840K) Eden: 152561K(153088K)->0K(153088K) From: 0K(10752K)->10496K(10752K)
[2026-03-22T17:32:45.340+0900][10.406s][info][gc,heap        ] GC(458) ParOldGen: 103430K(349696K)->197639K(349696K)
[2026-03-22T17:32:45.341+0900][10.406s][info][gc,metaspace   ] GC(458) Metaspace: 338K(512K)->338K(512K) NonClass: 320K(384K)->320K(384K) Class: 17K(128K)->17K(128K)
[2026-03-22T17:32:45.341+0900][10.406s][info][gc             ] GC(458) Pause Young (Allocation Failure) 249M->203M(501M) 5.675ms
[2026-03-22T17:32:45.341+0900][10.406s][info][gc,cpu         ] GC(458) User=0.05s Sys=0.00s Real=0.01s
[2026-03-22T17:32:45.358+0900][10.423s][info][gc,start       ] GC(459) Pause Young (Allocation Failure)
[2026-03-22T17:32:45.362+0900][10.428s][info][gc,heap        ] GC(459) PSYoungGen: 163057K(163840K)->10496K(163840K) Eden: 152561K(153088K)->0K(153088K) From: 10496K(10752K)->10496K(10752K)
[2026-03-22T17:32:45.362+0900][10.428s][info][gc,heap        ] GC(459) ParOldGen: 197639K(349696K)->291999K(349696K)
[2026-03-22T17:32:45.363+0900][10.428s][info][gc,metaspace   ] GC(459) Metaspace: 338K(512K)->338K(512K) NonClass: 320K(384K)->320K(384K) Class: 17K(128K)->17K(128K)
[2026-03-22T17:32:45.363+0900][10.428s][info][gc             ] GC(459) Pause Young (Allocation Failure) 352M->295M(501M) 5.034ms
[2026-03-22T17:32:45.363+0900][10.428s][info][gc,cpu         ] GC(459) User=0.00s Sys=0.00s Real=0.00s
[2026-03-22T17:32:45.379+0900][10.444s][info][gc,start       ] GC(460) Pause Full (Ergonomics)
[2026-03-22T17:32:45.379+0900][10.444s][info][gc,phases,start] GC(460) Marking Phase
[2026-03-22T17:32:45.381+0900][10.446s][info][gc,phases      ] GC(460) Marking Phase 1.569ms
[2026-03-22T17:32:45.381+0900][10.446s][info][gc,phases,start] GC(460) Summary Phase
[2026-03-22T17:32:45.381+0900][10.446s][info][gc,phases      ] GC(460) Summary Phase 0.078ms
[2026-03-22T17:32:45.381+0900][10.446s][info][gc,phases,start] GC(460) Adjust Roots
[2026-03-22T17:32:45.381+0900][10.446s][info][gc,phases      ] GC(460) Adjust Roots 0.197ms
[2026-03-22T17:32:45.381+0900][10.446s][info][gc,phases,start] GC(460) Compaction Phase
[2026-03-22T17:32:45.386+0900][10.452s][info][gc,phases      ] GC(460) Compaction Phase 5.708ms
[2026-03-22T17:32:45.386+0900][10.452s][info][gc,phases,start] GC(460) Post Compact
[2026-03-22T17:32:45.388+0900][10.454s][info][gc,phases      ] GC(460) Post Compact 1.614ms
[2026-03-22T17:32:45.388+0900][10.454s][info][gc,heap        ] GC(460) PSYoungGen: 163057K(163840K)->0K(163840K) Eden: 152561K(153088K)->0K(153088K) From: 10496K(10752K)->0K(10752K)
[2026-03-22T17:32:45.388+0900][10.454s][info][gc,heap        ] GC(460) ParOldGen: 291999K(349696K)->103430K(349696K)
[2026-03-22T17:32:45.388+0900][10.454s][info][gc,metaspace   ] GC(460) Metaspace: 338K(512K)->338K(512K) NonClass: 320K(384K)->320K(384K) Class: 17K(128K)->17K(128K)
[2026-03-22T17:32:45.388+0900][10.454s][info][gc             ] GC(460) Pause Full (Ergonomics) 444M->101M(501M) 9.495ms
[2026-03-22T17:32:45.388+0900][10.454s][info][gc,cpu         ] GC(460) User=0.06s Sys=0.00s Real=0.01s
[2026-03-22T17:32:45.405+0900][10.470s][info][gc,start       ] GC(461) Pause Young (Allocation Failure)
[2026-03-22T17:32:45.409+0900][10.475s][info][gc,heap        ] GC(461) PSYoungGen: 152561K(163840K)->10496K(163840K) Eden: 152561K(153088K)->0K(153088K) From: 0K(10752K)->10496K(10752K)
[2026-03-22T17:32:45.409+0900][10.475s][info][gc,heap        ] GC(461) ParOldGen: 103430K(349696K)->197639K(349696K)
[2026-03-22T17:32:45.409+0900][10.475s][info][gc,metaspace   ] GC(461) Metaspace: 338K(512K)->338K(512K) NonClass: 320K(384K)->320K(384K) Class: 17K(128K)->17K(128K)
[2026-03-22T17:32:45.409+0900][10.475s][info][gc             ] GC(461) Pause Young (Allocation Failure) 249M->203M(501M) 5.208ms
[2026-03-22T17:32:45.409+0900][10.475s][info][gc,cpu         ] GC(461) User=0.00s Sys=0.00s Real=0.00s
[2026-03-22T17:32:45.425+0900][10.491s][info][gc,start       ] GC(462) Pause Young (Allocation Failure)
[2026-03-22T17:32:45.430+0900][10.496s][info][gc,heap        ] GC(462) PSYoungGen: 163057K(163840K)->10496K(163840K) Eden: 152561K(153088K)->0K(153088K) From: 10496K(10752K)->10496K(10752K)
[2026-03-22T17:32:45.430+0900][10.496s][info][gc,heap        ] GC(462) ParOldGen: 197639K(349696K)->291999K(349696K)
[2026-03-22T17:32:45.430+0900][10.496s][info][gc,metaspace   ] GC(462) Metaspace: 338K(512K)->338K(512K) NonClass: 320K(384K)->320K(384K) Class: 17K(128K)->17K(128K)
[2026-03-22T17:32:45.430+0900][10.497s][info][gc             ] GC(462) Pause Young (Allocation Failure) 352M->295M(501M) 5.044ms
[2026-03-22T17:32:45.430+0900][10.497s][info][gc,cpu         ] GC(462) User=0.00s Sys=0.00s Real=0.01s
[2026-03-22T17:32:45.446+0900][10.513s][info][gc,start       ] GC(463) Pause Full (Ergonomics)
[2026-03-22T17:32:45.446+0900][10.513s][info][gc,phases,start] GC(463) Marking Phase
[2026-03-22T17:32:45.448+0900][10.514s][info][gc,phases      ] GC(463) Marking Phase 1.315ms
[2026-03-22T17:32:45.448+0900][10.514s][info][gc,phases,start] GC(463) Summary Phase
[2026-03-22T17:32:45.448+0900][10.514s][info][gc,phases      ] GC(463) Summary Phase 0.018ms
[2026-03-22T17:32:45.448+0900][10.514s][info][gc,phases,start] GC(463) Adjust Roots
[2026-03-22T17:32:45.448+0900][10.514s][info][gc,phases      ] GC(463) Adjust Roots 0.349ms
[2026-03-22T17:32:45.448+0900][10.514s][info][gc,phases,start] GC(463) Compaction Phase
[2026-03-22T17:32:45.454+0900][10.520s][info][gc,phases      ] GC(463) Compaction Phase 5.947ms
[2026-03-22T17:32:45.454+0900][10.521s][info][gc,phases,start] GC(463) Post Compact
[2026-03-22T17:32:45.456+0900][10.522s][info][gc,phases      ] GC(463) Post Compact 1.630ms
[2026-03-22T17:32:45.456+0900][10.522s][info][gc,heap        ] GC(463) PSYoungGen: 163057K(163840K)->0K(163840K) Eden: 152561K(153088K)->0K(153088K) From: 10496K(10752K)->0K(10752K)
[2026-03-22T17:32:45.456+0900][10.522s][info][gc,heap        ] GC(463) ParOldGen: 291999K(349696K)->103430K(349696K)
[2026-03-22T17:32:45.456+0900][10.522s][info][gc,metaspace   ] GC(463) Metaspace: 338K(512K)->338K(512K) NonClass: 320K(384K)->320K(384K) Class: 17K(128K)->17K(128K)
[2026-03-22T17:32:45.456+0900][10.522s][info][gc             ] GC(463) Pause Full (Ergonomics) 444M->101M(501M) 9.621ms
[2026-03-22T17:32:45.456+0900][10.522s][info][gc,cpu         ] GC(463) User=0.00s Sys=0.00s Real=0.01s
[2026-03-22T17:32:45.473+0900][10.539s][info][gc,start       ] GC(464) Pause Young (Allocation Failure)
[2026-03-22T17:32:45.478+0900][10.544s][info][gc,heap        ] GC(464) PSYoungGen: 152561K(163840K)->10496K(163840K) Eden: 152561K(153088K)->0K(153088K) From: 0K(10752K)->10496K(10752K)
[2026-03-22T17:32:45.478+0900][10.544s][info][gc,heap        ] GC(464) ParOldGen: 103430K(349696K)->197639K(349696K)
[2026-03-22T17:32:45.478+0900][10.544s][info][gc,metaspace   ] GC(464) Metaspace: 338K(512K)->338K(512K) NonClass: 320K(384K)->320K(384K) Class: 17K(128K)->17K(128K)
[2026-03-22T17:32:45.478+0900][10.544s][info][gc             ] GC(464) Pause Young (Allocation Failure) 249M->203M(501M) 5.016ms
[2026-03-22T17:32:45.478+0900][10.544s][info][gc,cpu         ] GC(464) User=0.00s Sys=0.00s Real=0.00s
[2026-03-22T17:32:45.494+0900][10.560s][info][gc,start       ] GC(465) Pause Young (Allocation Failure)
[2026-03-22T17:32:45.499+0900][10.565s][info][gc,heap        ] GC(465) PSYoungGen: 163057K(163840K)->10496K(163840K) Eden: 152561K(153088K)->0K(153088K) From: 10496K(10752K)->10496K(10752K)
[2026-03-22T17:32:45.500+0900][10.565s][info][gc,heap        ] GC(465) ParOldGen: 197639K(349696K)->291999K(349696K)
[2026-03-22T17:32:45.500+0900][10.565s][info][gc,metaspace   ] GC(465) Metaspace: 338K(512K)->338K(512K) NonClass: 320K(384K)->320K(384K) Class: 17K(128K)->17K(128K)
[2026-03-22T17:32:45.500+0900][10.565s][info][gc             ] GC(465) Pause Young (Allocation Failure) 352M->295M(501M) 5.155ms
[2026-03-22T17:32:45.500+0900][10.565s][info][gc,cpu         ] GC(465) User=0.00s Sys=0.00s Real=0.01s
[2026-03-22T17:32:45.516+0900][10.581s][info][gc,start       ] GC(466) Pause Full (Ergonomics)
[2026-03-22T17:32:45.516+0900][10.581s][info][gc,phases,start] GC(466) Marking Phase
[2026-03-22T17:32:45.517+0900][10.583s][info][gc,phases      ] GC(466) Marking Phase 1.382ms
[2026-03-22T17:32:45.517+0900][10.583s][info][gc,phases,start] GC(466) Summary Phase
[2026-03-22T17:32:45.517+0900][10.583s][info][gc,phases      ] GC(466) Summary Phase 0.019ms
[2026-03-22T17:32:45.517+0900][10.583s][info][gc,phases,start] GC(466) Adjust Roots
[2026-03-22T17:32:45.517+0900][10.583s][info][gc,phases      ] GC(466) Adjust Roots 0.204ms
[2026-03-22T17:32:45.517+0900][10.583s][info][gc,phases,start] GC(466) Compaction Phase
[2026-03-22T17:32:45.524+0900][10.589s][info][gc,phases      ] GC(466) Compaction Phase 6.397ms
[2026-03-22T17:32:45.524+0900][10.589s][info][gc,phases,start] GC(466) Post Compact
[2026-03-22T17:32:45.525+0900][10.591s][info][gc,phases      ] GC(466) Post Compact 1.576ms
[2026-03-22T17:32:45.525+0900][10.591s][info][gc,heap        ] GC(466) PSYoungGen: 163057K(163840K)->0K(163840K) Eden: 152561K(153088K)->0K(153088K) From: 10496K(10752K)->0K(10752K)
[2026-03-22T17:32:45.525+0900][10.591s][info][gc,heap        ] GC(466) ParOldGen: 291999K(349696K)->103430K(349696K)
[2026-03-22T17:32:45.525+0900][10.591s][info][gc,metaspace   ] GC(466) Metaspace: 338K(512K)->338K(512K) NonClass: 320K(384K)->320K(384K) Class: 17K(128K)->17K(128K)
[2026-03-22T17:32:45.525+0900][10.591s][info][gc             ] GC(466) Pause Full (Ergonomics) 444M->101M(501M) 9.862ms
[2026-03-22T17:32:45.525+0900][10.591s][info][gc,cpu         ] GC(466) User=0.00s Sys=0.02s Real=0.01s
[2026-03-22T17:32:45.541+0900][10.607s][info][gc,start       ] GC(467) Pause Young (Allocation Failure)
[2026-03-22T17:32:45.546+0900][10.612s][info][gc,heap        ] GC(467) PSYoungGen: 152561K(163840K)->10496K(163840K) Eden: 152561K(153088K)->0K(153088K) From: 0K(10752K)->10496K(10752K)
[2026-03-22T17:32:45.546+0900][10.612s][info][gc,heap        ] GC(467) ParOldGen: 103430K(349696K)->197639K(349696K)
[2026-03-22T17:32:45.546+0900][10.612s][info][gc,metaspace   ] GC(467) Metaspace: 338K(512K)->338K(512K) NonClass: 320K(384K)->320K(384K) Class: 17K(128K)->17K(128K)
[2026-03-22T17:32:45.546+0900][10.612s][info][gc             ] GC(467) Pause Young (Allocation Failure) 249M->203M(501M) 5.120ms
[2026-03-22T17:32:45.546+0900][10.612s][info][gc,cpu         ] GC(467) User=0.00s Sys=0.00s Real=0.01s
[2026-03-22T17:32:45.564+0900][10.629s][info][gc,start       ] GC(468) Pause Young (Allocation Failure)
[2026-03-22T17:32:45.569+0900][10.634s][info][gc,heap        ] GC(468) PSYoungGen: 163057K(163840K)->10496K(163840K) Eden: 152561K(153088K)->0K(153088K) From: 10496K(10752K)->10496K(10752K)
[2026-03-22T17:32:45.569+0900][10.635s][info][gc,heap        ] GC(468) ParOldGen: 197639K(349696K)->291999K(349696K)
[2026-03-22T17:32:45.569+0900][10.635s][info][gc,metaspace   ] GC(468) Metaspace: 338K(512K)->338K(512K) NonClass: 320K(384K)->320K(384K) Class: 17K(128K)->17K(128K)
[2026-03-22T17:32:45.569+0900][10.635s][info][gc             ] GC(468) Pause Young (Allocation Failure) 352M->295M(501M) 5.185ms
[2026-03-22T17:32:45.569+0900][10.635s][info][gc,cpu         ] GC(468) User=0.00s Sys=0.00s Real=0.01s
[2026-03-22T17:32:45.586+0900][10.651s][info][gc,start       ] GC(469) Pause Full (Ergonomics)
[2026-03-22T17:32:45.586+0900][10.651s][info][gc,phases,start] GC(469) Marking Phase
[2026-03-22T17:32:45.587+0900][10.653s][info][gc,phases      ] GC(469) Marking Phase 1.801ms
[2026-03-22T17:32:45.587+0900][10.653s][info][gc,phases,start] GC(469) Summary Phase
[2026-03-22T17:32:45.587+0900][10.653s][info][gc,phases      ] GC(469) Summary Phase 0.042ms
[2026-03-22T17:32:45.587+0900][10.653s][info][gc,phases,start] GC(469) Adjust Roots
[2026-03-22T17:32:45.587+0900][10.654s][info][gc,phases      ] GC(469) Adjust Roots 0.386ms
[2026-03-22T17:32:45.587+0900][10.654s][info][gc,phases,start] GC(469) Compaction Phase
[2026-03-22T17:32:45.594+0900][10.660s][info][gc,phases      ] GC(469) Compaction Phase 6.157ms
[2026-03-22T17:32:45.594+0900][10.660s][info][gc,phases,start] GC(469) Post Compact
[2026-03-22T17:32:45.596+0900][10.662s][info][gc,phases      ] GC(469) Post Compact 1.629ms
[2026-03-22T17:32:45.596+0900][10.662s][info][gc,heap        ] GC(469) PSYoungGen: 163057K(163840K)->0K(163840K) Eden: 152561K(153088K)->0K(153088K) From: 10496K(10752K)->0K(10752K)
[2026-03-22T17:32:45.596+0900][10.662s][info][gc,heap        ] GC(469) ParOldGen: 291999K(349696K)->103430K(349696K)
[2026-03-22T17:32:45.596+0900][10.662s][info][gc,metaspace   ] GC(469) Metaspace: 338K(512K)->338K(512K) NonClass: 320K(384K)->320K(384K) Class: 17K(128K)->17K(128K)
[2026-03-22T17:32:45.596+0900][10.662s][info][gc             ] GC(469) Pause Full (Ergonomics) 444M->101M(501M) 10.425ms
[2026-03-22T17:32:45.596+0900][10.662s][info][gc,cpu         ] GC(469) User=0.00s Sys=0.02s Real=0.01s
[2026-03-22T17:32:45.613+0900][10.679s][info][gc,start       ] GC(470) Pause Young (Allocation Failure)
[2026-03-22T17:32:45.618+0900][10.684s][info][gc,heap        ] GC(470) PSYoungGen: 152561K(163840K)->10496K(163840K) Eden: 152561K(153088K)->0K(153088K) From: 0K(10752K)->10496K(10752K)
[2026-03-22T17:32:45.618+0900][10.684s][info][gc,heap        ] GC(470) ParOldGen: 103430K(349696K)->197639K(349696K)
[2026-03-22T17:32:45.618+0900][10.684s][info][gc,metaspace   ] GC(470) Metaspace: 338K(512K)->338K(512K) NonClass: 320K(384K)->320K(384K) Class: 17K(128K)->17K(128K)
[2026-03-22T17:32:45.618+0900][10.684s][info][gc             ] GC(470) Pause Young (Allocation Failure) 249M->203M(501M) 4.962ms
[2026-03-22T17:32:45.618+0900][10.684s][info][gc,cpu         ] GC(470) User=0.00s Sys=0.00s Real=0.01s
[2026-03-22T17:32:45.634+0900][10.700s][info][gc,start       ] GC(471) Pause Young (Allocation Failure)
[2026-03-22T17:32:45.639+0900][10.705s][info][gc,heap        ] GC(471) PSYoungGen: 163057K(163840K)->10496K(163840K) Eden: 152561K(153088K)->0K(153088K) From: 10496K(10752K)->10496K(10752K)
[2026-03-22T17:32:45.639+0900][10.705s][info][gc,heap        ] GC(471) ParOldGen: 197639K(349696K)->291999K(349696K)
[2026-03-22T17:32:45.639+0900][10.705s][info][gc,metaspace   ] GC(471) Metaspace: 338K(512K)->338K(512K) NonClass: 320K(384K)->320K(384K) Class: 17K(128K)->17K(128K)
[2026-03-22T17:32:45.639+0900][10.705s][info][gc             ] GC(471) Pause Young (Allocation Failure) 352M->295M(501M) 5.258ms
[2026-03-22T17:32:45.639+0900][10.705s][info][gc,cpu         ] GC(471) User=0.02s Sys=0.00s Real=0.00s
[2026-03-22T17:32:45.654+0900][10.720s][info][gc,start       ] GC(472) Pause Full (Ergonomics)
[2026-03-22T17:32:45.655+0900][10.720s][info][gc,phases,start] GC(472) Marking Phase
[2026-03-22T17:32:45.656+0900][10.722s][info][gc,phases      ] GC(472) Marking Phase 1.340ms
[2026-03-22T17:32:45.656+0900][10.722s][info][gc,phases,start] GC(472) Summary Phase
[2026-03-22T17:32:45.656+0900][10.722s][info][gc,phases      ] GC(472) Summary Phase 0.015ms
[2026-03-22T17:32:45.656+0900][10.722s][info][gc,phases,start] GC(472) Adjust Roots
[2026-03-22T17:32:45.656+0900][10.722s][info][gc,phases      ] GC(472) Adjust Roots 0.216ms
[2026-03-22T17:32:45.656+0900][10.722s][info][gc,phases,start] GC(472) Compaction Phase
[2026-03-22T17:32:45.662+0900][10.728s][info][gc,phases      ] GC(472) Compaction Phase 5.692ms
[2026-03-22T17:32:45.662+0900][10.728s][info][gc,phases,start] GC(472) Post Compact
[2026-03-22T17:32:45.663+0900][10.729s][info][gc,phases      ] GC(472) Post Compact 1.337ms
[2026-03-22T17:32:45.663+0900][10.729s][info][gc,heap        ] GC(472) PSYoungGen: 163057K(163840K)->0K(163840K) Eden: 152561K(153088K)->0K(153088K) From: 10496K(10752K)->0K(10752K)
[2026-03-22T17:32:45.663+0900][10.729s][info][gc,heap        ] GC(472) ParOldGen: 291999K(349696K)->103430K(349696K)
[2026-03-22T17:32:45.663+0900][10.729s][info][gc,metaspace   ] GC(472) Metaspace: 338K(512K)->338K(512K) NonClass: 320K(384K)->320K(384K) Class: 17K(128K)->17K(128K)
[2026-03-22T17:32:45.663+0900][10.729s][info][gc             ] GC(472) Pause Full (Ergonomics) 444M->101M(501M) 8.807ms
[2026-03-22T17:32:45.663+0900][10.729s][info][gc,cpu         ] GC(472) User=0.00s Sys=0.00s Real=0.01s
[2026-03-22T17:32:45.678+0900][10.744s][info][gc,start       ] GC(473) Pause Young (Allocation Failure)
[2026-03-22T17:32:45.683+0900][10.748s][info][gc,heap        ] GC(473) PSYoungGen: 152561K(163840K)->10496K(163840K) Eden: 152561K(153088K)->0K(153088K) From: 0K(10752K)->10496K(10752K)
[2026-03-22T17:32:45.683+0900][10.748s][info][gc,heap        ] GC(473) ParOldGen: 103430K(349696K)->197639K(349696K)
[2026-03-22T17:32:45.683+0900][10.748s][info][gc,metaspace   ] GC(473) Metaspace: 338K(512K)->338K(512K) NonClass: 320K(384K)->320K(384K) Class: 17K(128K)->17K(128K)
[2026-03-22T17:32:45.683+0900][10.748s][info][gc             ] GC(473) Pause Young (Allocation Failure) 249M->203M(501M) 4.772ms
[2026-03-22T17:32:45.683+0900][10.748s][info][gc,cpu         ] GC(473) User=0.06s Sys=0.00s Real=0.01s
[2026-03-22T17:32:45.697+0900][10.763s][info][gc,start       ] GC(474) Pause Young (Allocation Failure)
[2026-03-22T17:32:45.703+0900][10.768s][info][gc,heap        ] GC(474) PSYoungGen: 163057K(163840K)->10496K(163840K) Eden: 152561K(153088K)->0K(153088K) From: 10496K(10752K)->10496K(10752K)
[2026-03-22T17:32:45.703+0900][10.768s][info][gc,heap        ] GC(474) ParOldGen: 197639K(349696K)->291999K(349696K)
[2026-03-22T17:32:45.703+0900][10.768s][info][gc,metaspace   ] GC(474) Metaspace: 338K(512K)->338K(512K) NonClass: 320K(384K)->320K(384K) Class: 17K(128K)->17K(128K)
[2026-03-22T17:32:45.703+0900][10.768s][info][gc             ] GC(474) Pause Young (Allocation Failure) 352M->295M(501M) 5.155ms
[2026-03-22T17:32:45.703+0900][10.768s][info][gc,cpu         ] GC(474) User=0.00s Sys=0.00s Real=0.01s
[2026-03-22T17:32:45.718+0900][10.783s][info][gc,start       ] GC(475) Pause Full (Ergonomics)
[2026-03-22T17:32:45.718+0900][10.784s][info][gc,phases,start] GC(475) Marking Phase
[2026-03-22T17:32:45.719+0900][10.785s][info][gc,phases      ] GC(475) Marking Phase 1.158ms
[2026-03-22T17:32:45.719+0900][10.785s][info][gc,phases,start] GC(475) Summary Phase
[2026-03-22T17:32:45.719+0900][10.785s][info][gc,phases      ] GC(475) Summary Phase 0.016ms
[2026-03-22T17:32:45.719+0900][10.785s][info][gc,phases,start] GC(475) Adjust Roots
[2026-03-22T17:32:45.719+0900][10.785s][info][gc,phases      ] GC(475) Adjust Roots 0.173ms
[2026-03-22T17:32:45.719+0900][10.785s][info][gc,phases,start] GC(475) Compaction Phase
[2026-03-22T17:32:45.726+0900][10.791s][info][gc,phases      ] GC(475) Compaction Phase 6.192ms
[2026-03-22T17:32:45.726+0900][10.791s][info][gc,phases,start] GC(475) Post Compact
[2026-03-22T17:32:45.727+0900][10.793s][info][gc,phases      ] GC(475) Post Compact 1.373ms
[2026-03-22T17:32:45.727+0900][10.793s][info][gc,heap        ] GC(475) PSYoungGen: 163057K(163840K)->0K(163840K) Eden: 152561K(153088K)->0K(153088K) From: 10496K(10752K)->0K(10752K)
[2026-03-22T17:32:45.727+0900][10.793s][info][gc,heap        ] GC(475) ParOldGen: 291999K(349696K)->103430K(349696K)
[2026-03-22T17:32:45.727+0900][10.793s][info][gc,metaspace   ] GC(475) Metaspace: 338K(512K)->338K(512K) NonClass: 320K(384K)->320K(384K) Class: 17K(128K)->17K(128K)
[2026-03-22T17:32:45.727+0900][10.793s][info][gc             ] GC(475) Pause Full (Ergonomics) 444M->101M(501M) 9.163ms
[2026-03-22T17:32:45.727+0900][10.793s][info][gc,cpu         ] GC(475) User=0.00s Sys=0.00s Real=0.01s
[2026-03-22T17:32:45.742+0900][10.808s][info][gc,start       ] GC(476) Pause Young (Allocation Failure)
[2026-03-22T17:32:45.747+0900][10.812s][info][gc,heap        ] GC(476) PSYoungGen: 152561K(163840K)->10464K(163840K) Eden: 152561K(153088K)->0K(153088K) From: 0K(10752K)->10464K(10752K)
[2026-03-22T17:32:45.747+0900][10.813s][info][gc,heap        ] GC(476) ParOldGen: 103430K(349696K)->197639K(349696K)
[2026-03-22T17:32:45.747+0900][10.813s][info][gc,metaspace   ] GC(476) Metaspace: 338K(512K)->338K(512K) NonClass: 320K(384K)->320K(384K) Class: 17K(128K)->17K(128K)
[2026-03-22T17:32:45.747+0900][10.813s][info][gc             ] GC(476) Pause Young (Allocation Failure) 249M->203M(501M) 5.147ms
[2026-03-22T17:32:45.747+0900][10.813s][info][gc,cpu         ] GC(476) User=0.05s Sys=0.00s Real=0.00s
[2026-03-22T17:32:45.762+0900][10.827s][info][gc,start       ] GC(477) Pause Young (Allocation Failure)
[2026-03-22T17:32:45.766+0900][10.832s][info][gc,heap        ] GC(477) PSYoungGen: 163025K(163840K)->10496K(163840K) Eden: 152561K(153088K)->0K(153088K) From: 10464K(10752K)->10496K(10752K)
[2026-03-22T17:32:45.766+0900][10.832s][info][gc,heap        ] GC(477) ParOldGen: 197639K(349696K)->291999K(349696K)
[2026-03-22T17:32:45.766+0900][10.832s][info][gc,metaspace   ] GC(477) Metaspace: 338K(512K)->338K(512K) NonClass: 320K(384K)->320K(384K) Class: 17K(128K)->17K(128K)
[2026-03-22T17:32:45.766+0900][10.832s][info][gc             ] GC(477) Pause Young (Allocation Failure) 352M->295M(501M) 4.898ms
[2026-03-22T17:32:45.766+0900][10.832s][info][gc,cpu         ] GC(477) User=0.00s Sys=0.00s Real=0.00s
[2026-03-22T17:32:45.782+0900][10.849s][info][gc,start       ] GC(478) Pause Full (Ergonomics)
[2026-03-22T17:32:45.782+0900][10.849s][info][gc,phases,start] GC(478) Marking Phase
[2026-03-22T17:32:45.784+0900][10.850s][info][gc,phases      ] GC(478) Marking Phase 1.134ms
[2026-03-22T17:32:45.784+0900][10.850s][info][gc,phases,start] GC(478) Summary Phase
[2026-03-22T17:32:45.784+0900][10.850s][info][gc,phases      ] GC(478) Summary Phase 0.014ms
[2026-03-22T17:32:45.784+0900][10.850s][info][gc,phases,start] GC(478) Adjust Roots
[2026-03-22T17:32:45.784+0900][10.850s][info][gc,phases      ] GC(478) Adjust Roots 0.168ms
[2026-03-22T17:32:45.784+0900][10.850s][info][gc,phases,start] GC(478) Compaction Phase
[2026-03-22T17:32:45.790+0900][10.856s][info][gc,phases      ] GC(478) Compaction Phase 5.933ms
[2026-03-22T17:32:45.790+0900][10.856s][info][gc,phases,start] GC(478) Post Compact
[2026-03-22T17:32:45.792+0900][10.857s][info][gc,phases      ] GC(478) Post Compact 1.409ms
[2026-03-22T17:32:45.792+0900][10.857s][info][gc,heap        ] GC(478) PSYoungGen: 163057K(163840K)->0K(163840K) Eden: 152561K(153088K)->0K(153088K) From: 10496K(10752K)->0K(10752K)
[2026-03-22T17:32:45.792+0900][10.857s][info][gc,heap        ] GC(478) ParOldGen: 291999K(349696K)->103430K(349696K)
[2026-03-22T17:32:45.792+0900][10.857s][info][gc,metaspace   ] GC(478) Metaspace: 338K(512K)->338K(512K) NonClass: 320K(384K)->320K(384K) Class: 17K(128K)->17K(128K)
[2026-03-22T17:32:45.792+0900][10.857s][info][gc             ] GC(478) Pause Full (Ergonomics) 444M->101M(501M) 8.898ms
[2026-03-22T17:32:45.792+0900][10.857s][info][gc,cpu         ] GC(478) User=0.02s Sys=0.00s Real=0.01s
[2026-03-22T17:32:45.809+0900][10.874s][info][gc,start       ] GC(479) Pause Young (Allocation Failure)
[2026-03-22T17:32:45.814+0900][10.880s][info][gc,heap        ] GC(479) PSYoungGen: 152561K(163840K)->10496K(163840K) Eden: 152561K(153088K)->0K(153088K) From: 0K(10752K)->10496K(10752K)
[2026-03-22T17:32:45.819+0900][10.884s][info][gc,heap        ] GC(479) ParOldGen: 103430K(349696K)->197639K(349696K)
[2026-03-22T17:32:45.819+0900][10.884s][info][gc,metaspace   ] GC(479) Metaspace: 338K(512K)->338K(512K) NonClass: 320K(384K)->320K(384K) Class: 17K(128K)->17K(128K)
[2026-03-22T17:32:45.819+0900][10.884s][info][gc             ] GC(479) Pause Young (Allocation Failure) 249M->203M(501M) 10.292ms
[2026-03-22T17:32:45.819+0900][10.885s][info][gc,cpu         ] GC(479) User=0.00s Sys=0.00s Real=0.01s
[2026-03-22T17:32:45.834+0900][10.900s][info][gc,start       ] GC(480) Pause Young (Allocation Failure)
[2026-03-22T17:32:45.839+0900][10.905s][info][gc,heap        ] GC(480) PSYoungGen: 163057K(163840K)->10496K(163840K) Eden: 152561K(153088K)->0K(153088K) From: 10496K(10752K)->10496K(10752K)
[2026-03-22T17:32:45.839+0900][10.905s][info][gc,heap        ] GC(480) ParOldGen: 197639K(349696K)->291999K(349696K)
[2026-03-22T17:32:45.839+0900][10.905s][info][gc,metaspace   ] GC(480) Metaspace: 338K(512K)->338K(512K) NonClass: 320K(384K)->320K(384K) Class: 17K(128K)->17K(128K)
[2026-03-22T17:32:45.839+0900][10.905s][info][gc             ] GC(480) Pause Young (Allocation Failure) 352M->295M(501M) 5.259ms
[2026-03-22T17:32:45.839+0900][10.905s][info][gc,cpu         ] GC(480) User=0.05s Sys=0.00s Real=0.00s
[2026-03-22T17:32:45.854+0900][10.920s][info][gc,start       ] GC(481) Pause Full (Ergonomics)
[2026-03-22T17:32:45.854+0900][10.920s][info][gc,phases,start] GC(481) Marking Phase
[2026-03-22T17:32:45.856+0900][10.922s][info][gc,phases      ] GC(481) Marking Phase 1.500ms
[2026-03-22T17:32:45.856+0900][10.922s][info][gc,phases,start] GC(481) Summary Phase
[2026-03-22T17:32:45.856+0900][10.922s][info][gc,phases      ] GC(481) Summary Phase 0.016ms
[2026-03-22T17:32:45.856+0900][10.922s][info][gc,phases,start] GC(481) Adjust Roots
[2026-03-22T17:32:45.856+0900][10.922s][info][gc,phases      ] GC(481) Adjust Roots 0.178ms
[2026-03-22T17:32:45.856+0900][10.922s][info][gc,phases,start] GC(481) Compaction Phase
[2026-03-22T17:32:45.862+0900][10.928s][info][gc,phases      ] GC(481) Compaction Phase 6.179ms
[2026-03-22T17:32:45.862+0900][10.928s][info][gc,phases,start] GC(481) Post Compact
[2026-03-22T17:32:45.864+0900][10.930s][info][gc,phases      ] GC(481) Post Compact 1.381ms
[2026-03-22T17:32:45.864+0900][10.930s][info][gc,heap        ] GC(481) PSYoungGen: 163057K(163840K)->0K(163840K) Eden: 152561K(153088K)->0K(153088K) From: 10496K(10752K)->0K(10752K)
[2026-03-22T17:32:45.864+0900][10.930s][info][gc,heap        ] GC(481) ParOldGen: 291999K(349696K)->103430K(349696K)
[2026-03-22T17:32:45.864+0900][10.930s][info][gc,metaspace   ] GC(481) Metaspace: 338K(512K)->338K(512K) NonClass: 320K(384K)->320K(384K) Class: 17K(128K)->17K(128K)
[2026-03-22T17:32:45.864+0900][10.930s][info][gc             ] GC(481) Pause Full (Ergonomics) 444M->101M(501M) 9.538ms
[2026-03-22T17:32:45.864+0900][10.930s][info][gc,cpu         ] GC(481) User=0.00s Sys=0.00s Real=0.01s
[2026-03-22T17:32:45.880+0900][10.946s][info][gc,start       ] GC(482) Pause Young (Allocation Failure)
[2026-03-22T17:32:45.885+0900][10.951s][info][gc,heap        ] GC(482) PSYoungGen: 152561K(163840K)->10496K(163840K) Eden: 152561K(153088K)->0K(153088K) From: 0K(10752K)->10496K(10752K)
[2026-03-22T17:32:45.885+0900][10.951s][info][gc,heap        ] GC(482) ParOldGen: 103430K(349696K)->197639K(349696K)
[2026-03-22T17:32:45.885+0900][10.951s][info][gc,metaspace   ] GC(482) Metaspace: 338K(512K)->338K(512K) NonClass: 320K(384K)->320K(384K) Class: 17K(128K)->17K(128K)
[2026-03-22T17:32:45.885+0900][10.951s][info][gc             ] GC(482) Pause Young (Allocation Failure) 249M->203M(501M) 4.862ms
[2026-03-22T17:32:45.885+0900][10.951s][info][gc,cpu         ] GC(482) User=0.06s Sys=0.00s Real=0.00s
[2026-03-22T17:32:45.901+0900][10.967s][info][gc,start       ] GC(483) Pause Young (Allocation Failure)
[2026-03-22T17:32:45.906+0900][10.972s][info][gc,heap        ] GC(483) PSYoungGen: 163057K(163840K)->10496K(163840K) Eden: 152561K(153088K)->0K(153088K) From: 10496K(10752K)->10496K(10752K)
[2026-03-22T17:32:45.906+0900][10.972s][info][gc,heap        ] GC(483) ParOldGen: 197639K(349696K)->291999K(349696K)
[2026-03-22T17:32:45.906+0900][10.972s][info][gc,metaspace   ] GC(483) Metaspace: 338K(512K)->338K(512K) NonClass: 320K(384K)->320K(384K) Class: 17K(128K)->17K(128K)
[2026-03-22T17:32:45.906+0900][10.972s][info][gc             ] GC(483) Pause Young (Allocation Failure) 352M->295M(501M) 5.252ms
[2026-03-22T17:32:45.906+0900][10.972s][info][gc,cpu         ] GC(483) User=0.00s Sys=0.00s Real=0.00s
[2026-03-22T17:32:45.921+0900][10.987s][info][gc,start       ] GC(484) Pause Full (Ergonomics)
[2026-03-22T17:32:45.921+0900][10.987s][info][gc,phases,start] GC(484) Marking Phase
[2026-03-22T17:32:45.923+0900][10.988s][info][gc,phases      ] GC(484) Marking Phase 1.649ms
[2026-03-22T17:32:45.923+0900][10.989s][info][gc,phases,start] GC(484) Summary Phase
[2026-03-22T17:32:45.923+0900][10.989s][info][gc,phases      ] GC(484) Summary Phase 0.033ms
[2026-03-22T17:32:45.923+0900][10.989s][info][gc,phases,start] GC(484) Adjust Roots
[2026-03-22T17:32:45.923+0900][10.989s][info][gc,phases      ] GC(484) Adjust Roots 0.200ms
[2026-03-22T17:32:45.923+0900][10.989s][info][gc,phases,start] GC(484) Compaction Phase
[2026-03-22T17:32:45.931+0900][10.996s][info][gc,phases      ] GC(484) Compaction Phase 7.632ms
[2026-03-22T17:32:45.931+0900][10.997s][info][gc,phases,start] GC(484) Post Compact
[2026-03-22T17:32:45.933+0900][10.998s][info][gc,phases      ] GC(484) Post Compact 1.390ms
[2026-03-22T17:32:45.933+0900][10.998s][info][gc,heap        ] GC(484) PSYoungGen: 163057K(163840K)->0K(163840K) Eden: 152561K(153088K)->0K(153088K) From: 10496K(10752K)->0K(10752K)
[2026-03-22T17:32:45.933+0900][10.998s][info][gc,heap        ] GC(484) ParOldGen: 291999K(349696K)->103430K(349696K)
[2026-03-22T17:32:45.933+0900][10.998s][info][gc,metaspace   ] GC(484) Metaspace: 338K(512K)->338K(512K) NonClass: 320K(384K)->320K(384K) Class: 17K(128K)->17K(128K)
[2026-03-22T17:32:45.933+0900][10.998s][info][gc             ] GC(484) Pause Full (Ergonomics) 444M->101M(501M) 11.358ms
[2026-03-22T17:32:45.933+0900][10.998s][info][gc,cpu         ] GC(484) User=0.02s Sys=0.00s Real=0.01s
[2026-03-22T17:32:45.948+0900][11.013s][info][gc,start       ] GC(485) Pause Young (Allocation Failure)
[2026-03-22T17:32:45.953+0900][11.018s][info][gc,heap        ] GC(485) PSYoungGen: 152561K(163840K)->10496K(163840K) Eden: 152561K(153088K)->0K(153088K) From: 0K(10752K)->10496K(10752K)
[2026-03-22T17:32:45.953+0900][11.018s][info][gc,heap        ] GC(485) ParOldGen: 103430K(349696K)->197639K(349696K)
[2026-03-22T17:32:45.953+0900][11.018s][info][gc,metaspace   ] GC(485) Metaspace: 338K(512K)->338K(512K) NonClass: 320K(384K)->320K(384K) Class: 17K(128K)->17K(128K)
[2026-03-22T17:32:45.953+0900][11.018s][info][gc             ] GC(485) Pause Young (Allocation Failure) 249M->203M(501M) 4.875ms
[2026-03-22T17:32:45.953+0900][11.018s][info][gc,cpu         ] GC(485) User=0.00s Sys=0.00s Real=0.01s
[2026-03-22T17:32:45.967+0900][11.033s][info][gc,start       ] GC(486) Pause Young (Allocation Failure)
[2026-03-22T17:32:45.973+0900][11.038s][info][gc,heap        ] GC(486) PSYoungGen: 163057K(163840K)->10496K(163840K) Eden: 152561K(153088K)->0K(153088K) From: 10496K(10752K)->10496K(10752K)
[2026-03-22T17:32:45.973+0900][11.038s][info][gc,heap        ] GC(486) ParOldGen: 197639K(349696K)->291999K(349696K)
[2026-03-22T17:32:45.973+0900][11.038s][info][gc,metaspace   ] GC(486) Metaspace: 338K(512K)->338K(512K) NonClass: 320K(384K)->320K(384K) Class: 17K(128K)->17K(128K)
[2026-03-22T17:32:45.973+0900][11.038s][info][gc             ] GC(486) Pause Young (Allocation Failure) 352M->295M(501M) 5.425ms
[2026-03-22T17:32:45.973+0900][11.038s][info][gc,cpu         ] GC(486) User=0.00s Sys=0.00s Real=0.01s
[2026-03-22T17:32:45.987+0900][11.053s][info][gc,start       ] GC(487) Pause Full (Ergonomics)
[2026-03-22T17:32:45.987+0900][11.053s][info][gc,phases,start] GC(487) Marking Phase
[2026-03-22T17:32:45.988+0900][11.054s][info][gc,phases      ] GC(487) Marking Phase 1.243ms
[2026-03-22T17:32:45.988+0900][11.054s][info][gc,phases,start] GC(487) Summary Phase
[2026-03-22T17:32:45.988+0900][11.054s][info][gc,phases      ] GC(487) Summary Phase 0.015ms
[2026-03-22T17:32:45.988+0900][11.054s][info][gc,phases,start] GC(487) Adjust Roots
[2026-03-22T17:32:45.988+0900][11.054s][info][gc,phases      ] GC(487) Adjust Roots 0.272ms
[2026-03-22T17:32:45.988+0900][11.054s][info][gc,phases,start] GC(487) Compaction Phase
[2026-03-22T17:32:45.996+0900][11.062s][info][gc,phases      ] GC(487) Compaction Phase 7.611ms
[2026-03-22T17:32:45.996+0900][11.062s][info][gc,phases,start] GC(487) Post Compact
[2026-03-22T17:32:45.998+0900][11.064s][info][gc,phases      ] GC(487) Post Compact 1.861ms
[2026-03-22T17:32:45.998+0900][11.064s][info][gc,heap        ] GC(487) PSYoungGen: 163057K(163840K)->0K(163840K) Eden: 152561K(153088K)->0K(153088K) From: 10496K(10752K)->0K(10752K)
[2026-03-22T17:32:45.998+0900][11.064s][info][gc,heap        ] GC(487) ParOldGen: 291999K(349696K)->103430K(349696K)
[2026-03-22T17:32:45.998+0900][11.064s][info][gc,metaspace   ] GC(487) Metaspace: 338K(512K)->338K(512K) NonClass: 320K(384K)->320K(384K) Class: 17K(128K)->17K(128K)
[2026-03-22T17:32:45.998+0900][11.064s][info][gc             ] GC(487) Pause Full (Ergonomics) 444M->101M(501M) 11.393ms
[2026-03-22T17:32:45.998+0900][11.064s][info][gc,cpu         ] GC(487) User=0.06s Sys=0.00s Real=0.01s
[2026-03-22T17:32:46.014+0900][11.079s][info][gc,start       ] GC(488) Pause Young (Allocation Failure)
[2026-03-22T17:32:46.018+0900][11.084s][info][gc,heap        ] GC(488) PSYoungGen: 152561K(163840K)->10496K(163840K) Eden: 152561K(153088K)->0K(153088K) From: 0K(10752K)->10496K(10752K)
[2026-03-22T17:32:46.018+0900][11.084s][info][gc,heap        ] GC(488) ParOldGen: 103430K(349696K)->197639K(349696K)
[2026-03-22T17:32:46.018+0900][11.084s][info][gc,metaspace   ] GC(488) Metaspace: 338K(512K)->338K(512K) NonClass: 320K(384K)->320K(384K) Class: 17K(128K)->17K(128K)
[2026-03-22T17:32:46.018+0900][11.084s][info][gc             ] GC(488) Pause Young (Allocation Failure) 249M->203M(501M) 5.062ms
[2026-03-22T17:32:46.018+0900][11.084s][info][gc,cpu         ] GC(488) User=0.00s Sys=0.00s Real=0.00s
[2026-03-22T17:32:46.037+0900][11.102s][info][gc,start       ] GC(489) Pause Young (Allocation Failure)
[2026-03-22T17:32:46.042+0900][11.108s][info][gc,heap        ] GC(489) PSYoungGen: 163057K(163840K)->10496K(163840K) Eden: 152561K(153088K)->0K(153088K) From: 10496K(10752K)->10496K(10752K)
[2026-03-22T17:32:46.042+0900][11.108s][info][gc,heap        ] GC(489) ParOldGen: 197639K(349696K)->291999K(349696K)
[2026-03-22T17:32:46.042+0900][11.108s][info][gc,metaspace   ] GC(489) Metaspace: 338K(512K)->338K(512K) NonClass: 320K(384K)->320K(384K) Class: 17K(128K)->17K(128K)
[2026-03-22T17:32:46.042+0900][11.108s][info][gc             ] GC(489) Pause Young (Allocation Failure) 352M->295M(501M) 5.464ms
[2026-03-22T17:32:46.042+0900][11.108s][info][gc,cpu         ] GC(489) User=0.06s Sys=0.00s Real=0.01s
[2026-03-22T17:32:46.058+0900][11.124s][info][gc,start       ] GC(490) Pause Full (Ergonomics)
[2026-03-22T17:32:46.059+0900][11.124s][info][gc,phases,start] GC(490) Marking Phase
[2026-03-22T17:32:46.060+0900][11.125s][info][gc,phases      ] GC(490) Marking Phase 1.276ms
[2026-03-22T17:32:46.060+0900][11.125s][info][gc,phases,start] GC(490) Summary Phase
[2026-03-22T17:32:46.060+0900][11.125s][info][gc,phases      ] GC(490) Summary Phase 0.015ms
[2026-03-22T17:32:46.060+0900][11.125s][info][gc,phases,start] GC(490) Adjust Roots
[2026-03-22T17:32:46.060+0900][11.125s][info][gc,phases      ] GC(490) Adjust Roots 0.173ms
[2026-03-22T17:32:46.060+0900][11.125s][info][gc,phases,start] GC(490) Compaction Phase
[2026-03-22T17:32:46.066+0900][11.131s][info][gc,phases      ] GC(490) Compaction Phase 5.729ms
[2026-03-22T17:32:46.066+0900][11.131s][info][gc,phases,start] GC(490) Post Compact
[2026-03-22T17:32:46.067+0900][11.133s][info][gc,phases      ] GC(490) Post Compact 1.412ms
[2026-03-22T17:32:46.067+0900][11.133s][info][gc,heap        ] GC(490) PSYoungGen: 163057K(163840K)->0K(163840K) Eden: 152561K(153088K)->0K(153088K) From: 10496K(10752K)->0K(10752K)
[2026-03-22T17:32:46.067+0900][11.133s][info][gc,heap        ] GC(490) ParOldGen: 291999K(349696K)->103430K(349696K)
[2026-03-22T17:32:46.067+0900][11.133s][info][gc,metaspace   ] GC(490) Metaspace: 338K(512K)->338K(512K) NonClass: 320K(384K)->320K(384K) Class: 17K(128K)->17K(128K)
[2026-03-22T17:32:46.067+0900][11.133s][info][gc             ] GC(490) Pause Full (Ergonomics) 444M->101M(501M) 8.926ms
[2026-03-22T17:32:46.067+0900][11.133s][info][gc,cpu         ] GC(490) User=0.00s Sys=0.00s Real=0.01s
[2026-03-22T17:32:46.083+0900][11.148s][info][gc,start       ] GC(491) Pause Young (Allocation Failure)
[2026-03-22T17:32:46.088+0900][11.153s][info][gc,heap        ] GC(491) PSYoungGen: 152561K(163840K)->10496K(163840K) Eden: 152561K(153088K)->0K(153088K) From: 0K(10752K)->10496K(10752K)
[2026-03-22T17:32:46.088+0900][11.153s][info][gc,heap        ] GC(491) ParOldGen: 103430K(349696K)->197639K(349696K)
[2026-03-22T17:32:46.088+0900][11.153s][info][gc,metaspace   ] GC(491) Metaspace: 338K(512K)->338K(512K) NonClass: 320K(384K)->320K(384K) Class: 17K(128K)->17K(128K)
[2026-03-22T17:32:46.088+0900][11.153s][info][gc             ] GC(491) Pause Young (Allocation Failure) 249M->203M(501M) 5.143ms
[2026-03-22T17:32:46.088+0900][11.153s][info][gc,cpu         ] GC(491) User=0.00s Sys=0.00s Real=0.01s
[2026-03-22T17:32:46.103+0900][11.168s][info][gc,start       ] GC(492) Pause Young (Allocation Failure)
[2026-03-22T17:32:46.108+0900][11.173s][info][gc,heap        ] GC(492) PSYoungGen: 163057K(163840K)->10496K(163840K) Eden: 152561K(153088K)->0K(153088K) From: 10496K(10752K)->10496K(10752K)
[2026-03-22T17:32:46.108+0900][11.173s][info][gc,heap        ] GC(492) ParOldGen: 197639K(349696K)->291999K(349696K)
[2026-03-22T17:32:46.108+0900][11.173s][info][gc,metaspace   ] GC(492) Metaspace: 338K(512K)->338K(512K) NonClass: 320K(384K)->320K(384K) Class: 17K(128K)->17K(128K)
[2026-03-22T17:32:46.108+0900][11.173s][info][gc             ] GC(492) Pause Young (Allocation Failure) 352M->295M(501M) 5.093ms
[2026-03-22T17:32:46.108+0900][11.173s][info][gc,cpu         ] GC(492) User=0.06s Sys=0.00s Real=0.01s
[2026-03-22T17:32:46.123+0900][11.189s][info][gc,start       ] GC(493) Pause Full (Ergonomics)
[2026-03-22T17:32:46.123+0900][11.189s][info][gc,phases,start] GC(493) Marking Phase
[2026-03-22T17:32:46.124+0900][11.190s][info][gc,phases      ] GC(493) Marking Phase 1.194ms
[2026-03-22T17:32:46.125+0900][11.190s][info][gc,phases,start] GC(493) Summary Phase
[2026-03-22T17:32:46.125+0900][11.190s][info][gc,phases      ] GC(493) Summary Phase 0.018ms
[2026-03-22T17:32:46.125+0900][11.190s][info][gc,phases,start] GC(493) Adjust Roots
[2026-03-22T17:32:46.125+0900][11.190s][info][gc,phases      ] GC(493) Adjust Roots 0.183ms
[2026-03-22T17:32:46.125+0900][11.190s][info][gc,phases,start] GC(493) Compaction Phase
[2026-03-22T17:32:46.130+0900][11.196s][info][gc,phases      ] GC(493) Compaction Phase 5.540ms
[2026-03-22T17:32:46.130+0900][11.196s][info][gc,phases,start] GC(493) Post Compact
[2026-03-22T17:32:46.132+0900][11.197s][info][gc,phases      ] GC(493) Post Compact 1.480ms
[2026-03-22T17:32:46.132+0900][11.197s][info][gc,heap        ] GC(493) PSYoungGen: 163057K(163840K)->0K(163840K) Eden: 152561K(153088K)->0K(153088K) From: 10496K(10752K)->0K(10752K)
[2026-03-22T17:32:46.132+0900][11.197s][info][gc,heap        ] GC(493) ParOldGen: 291999K(349696K)->103430K(349696K)
[2026-03-22T17:32:46.132+0900][11.197s][info][gc,metaspace   ] GC(493) Metaspace: 338K(512K)->338K(512K) NonClass: 320K(384K)->320K(384K) Class: 17K(128K)->17K(128K)
[2026-03-22T17:32:46.132+0900][11.197s][info][gc             ] GC(493) Pause Full (Ergonomics) 444M->101M(501M) 8.834ms
[2026-03-22T17:32:46.132+0900][11.198s][info][gc,cpu         ] GC(493) User=0.00s Sys=0.00s Real=0.01s
[2026-03-22T17:32:46.147+0900][11.213s][info][gc,start       ] GC(494) Pause Young (Allocation Failure)
[2026-03-22T17:32:46.152+0900][11.218s][info][gc,heap        ] GC(494) PSYoungGen: 152561K(163840K)->10496K(163840K) Eden: 152561K(153088K)->0K(153088K) From: 0K(10752K)->10496K(10752K)
[2026-03-22T17:32:46.152+0900][11.218s][info][gc,heap        ] GC(494) ParOldGen: 103430K(349696K)->197639K(349696K)
[2026-03-22T17:32:46.152+0900][11.218s][info][gc,metaspace   ] GC(494) Metaspace: 338K(512K)->338K(512K) NonClass: 320K(384K)->320K(384K) Class: 17K(128K)->17K(128K)
[2026-03-22T17:32:46.152+0900][11.218s][info][gc             ] GC(494) Pause Young (Allocation Failure) 249M->203M(501M) 4.768ms
[2026-03-22T17:32:46.152+0900][11.218s][info][gc,cpu         ] GC(494) User=0.06s Sys=0.00s Real=0.00s
[2026-03-22T17:32:46.168+0900][11.233s][info][gc,start       ] GC(495) Pause Young (Allocation Failure)
[2026-03-22T17:32:46.172+0900][11.238s][info][gc,heap        ] GC(495) PSYoungGen: 163057K(163840K)->10496K(163840K) Eden: 152561K(153088K)->0K(153088K) From: 10496K(10752K)->10496K(10752K)
[2026-03-22T17:32:46.172+0900][11.238s][info][gc,heap        ] GC(495) ParOldGen: 197639K(349696K)->291999K(349696K)
[2026-03-22T17:32:46.172+0900][11.238s][info][gc,metaspace   ] GC(495) Metaspace: 338K(512K)->338K(512K) NonClass: 320K(384K)->320K(384K) Class: 17K(128K)->17K(128K)
[2026-03-22T17:32:46.172+0900][11.238s][info][gc             ] GC(495) Pause Young (Allocation Failure) 352M->295M(501M) 4.578ms
[2026-03-22T17:32:46.172+0900][11.238s][info][gc,cpu         ] GC(495) User=0.00s Sys=0.00s Real=0.00s
[2026-03-22T17:32:46.187+0900][11.252s][info][gc,start       ] GC(496) Pause Full (Ergonomics)
[2026-03-22T17:32:46.187+0900][11.252s][info][gc,phases,start] GC(496) Marking Phase
[2026-03-22T17:32:46.187+0900][11.254s][info][gc,phases      ] GC(496) Marking Phase 1.335ms
[2026-03-22T17:32:46.189+0900][11.254s][info][gc,phases,start] GC(496) Summary Phase
[2026-03-22T17:32:46.189+0900][11.254s][info][gc,phases      ] GC(496) Summary Phase 0.020ms
[2026-03-22T17:32:46.189+0900][11.254s][info][gc,phases,start] GC(496) Adjust Roots
[2026-03-22T17:32:46.189+0900][11.254s][info][gc,phases      ] GC(496) Adjust Roots 0.423ms
[2026-03-22T17:32:46.189+0900][11.254s][info][gc,phases,start] GC(496) Compaction Phase
[2026-03-22T17:32:46.194+0900][11.260s][info][gc,phases      ] GC(496) Compaction Phase 5.552ms
[2026-03-22T17:32:46.194+0900][11.260s][info][gc,phases,start] GC(496) Post Compact
[2026-03-22T17:32:46.196+0900][11.261s][info][gc,phases      ] GC(496) Post Compact 1.390ms
[2026-03-22T17:32:46.196+0900][11.261s][info][gc,heap        ] GC(496) PSYoungGen: 163057K(163840K)->0K(163840K) Eden: 152561K(153088K)->0K(153088K) From: 10496K(10752K)->0K(10752K)
[2026-03-22T17:32:46.196+0900][11.261s][info][gc,heap        ] GC(496) ParOldGen: 291999K(349696K)->103430K(349696K)
[2026-03-22T17:32:46.196+0900][11.262s][info][gc,metaspace   ] GC(496) Metaspace: 338K(512K)->338K(512K) NonClass: 320K(384K)->320K(384K) Class: 17K(128K)->17K(128K)
[2026-03-22T17:32:46.196+0900][11.262s][info][gc             ] GC(496) Pause Full (Ergonomics) 444M->101M(501M) 9.144ms
[2026-03-22T17:32:46.196+0900][11.262s][info][gc,cpu         ] GC(496) User=0.00s Sys=0.00s Real=0.01s
[2026-03-22T17:32:46.213+0900][11.278s][info][gc,start       ] GC(497) Pause Young (Allocation Failure)
[2026-03-22T17:32:46.216+0900][11.283s][info][gc,heap        ] GC(497) PSYoungGen: 152561K(163840K)->10496K(163840K) Eden: 152561K(153088K)->0K(153088K) From: 0K(10752K)->10496K(10752K)
[2026-03-22T17:32:46.216+0900][11.283s][info][gc,heap        ] GC(497) ParOldGen: 103430K(349696K)->197639K(349696K)
[2026-03-22T17:32:46.216+0900][11.283s][info][gc,metaspace   ] GC(497) Metaspace: 338K(512K)->338K(512K) NonClass: 320K(384K)->320K(384K) Class: 17K(128K)->17K(128K)
[2026-03-22T17:32:46.216+0900][11.283s][info][gc             ] GC(497) Pause Young (Allocation Failure) 249M->203M(501M) 4.732ms
[2026-03-22T17:32:46.216+0900][11.283s][info][gc,cpu         ] GC(497) User=0.05s Sys=0.02s Real=0.00s
[2026-03-22T17:32:46.232+0900][11.298s][info][gc,start       ] GC(498) Pause Young (Allocation Failure)
[2026-03-22T17:32:46.237+0900][11.302s][info][gc,heap        ] GC(498) PSYoungGen: 163057K(163840K)->10496K(163840K) Eden: 152561K(153088K)->0K(153088K) From: 10496K(10752K)->10496K(10752K)
[2026-03-22T17:32:46.237+0900][11.302s][info][gc,heap        ] GC(498) ParOldGen: 197639K(349696K)->291999K(349696K)
[2026-03-22T17:32:46.237+0900][11.303s][info][gc,metaspace   ] GC(498) Metaspace: 338K(512K)->338K(512K) NonClass: 320K(384K)->320K(384K) Class: 17K(128K)->17K(128K)
[2026-03-22T17:32:46.237+0900][11.303s][info][gc             ] GC(498) Pause Young (Allocation Failure) 352M->295M(501M) 4.672ms
[2026-03-22T17:32:46.237+0900][11.303s][info][gc,cpu         ] GC(498) User=0.00s Sys=0.00s Real=0.00s
[2026-03-22T17:32:46.253+0900][11.318s][info][gc,start       ] GC(499) Pause Full (Ergonomics)
[2026-03-22T17:32:46.253+0900][11.319s][info][gc,phases,start] GC(499) Marking Phase
[2026-03-22T17:32:46.255+0900][11.320s][info][gc,phases      ] GC(499) Marking Phase 1.756ms
[2026-03-22T17:32:46.255+0900][11.320s][info][gc,phases,start] GC(499) Summary Phase
[2026-03-22T17:32:46.255+0900][11.320s][info][gc,phases      ] GC(499) Summary Phase 0.017ms
[2026-03-22T17:32:46.255+0900][11.320s][info][gc,phases,start] GC(499) Adjust Roots
[2026-03-22T17:32:46.255+0900][11.321s][info][gc,phases      ] GC(499) Adjust Roots 0.230ms
[2026-03-22T17:32:46.255+0900][11.321s][info][gc,phases,start] GC(499) Compaction Phase
[2026-03-22T17:32:46.261+0900][11.326s][info][gc,phases      ] GC(499) Compaction Phase 5.677ms
[2026-03-22T17:32:46.261+0900][11.326s][info][gc,phases,start] GC(499) Post Compact
[2026-03-22T17:32:46.262+0900][11.328s][info][gc,phases      ] GC(499) Post Compact 1.609ms
[2026-03-22T17:32:46.262+0900][11.328s][info][gc,heap        ] GC(499) PSYoungGen: 163057K(163840K)->0K(163840K) Eden: 152561K(153088K)->0K(153088K) From: 10496K(10752K)->0K(10752K)
[2026-03-22T17:32:46.262+0900][11.328s][info][gc,heap        ] GC(499) ParOldGen: 291999K(349696K)->103430K(349696K)
[2026-03-22T17:32:46.262+0900][11.328s][info][gc,metaspace   ] GC(499) Metaspace: 338K(512K)->338K(512K) NonClass: 320K(384K)->320K(384K) Class: 17K(128K)->17K(128K)
[2026-03-22T17:32:46.262+0900][11.328s][info][gc             ] GC(499) Pause Full (Ergonomics) 444M->101M(501M) 9.589ms
[2026-03-22T17:32:46.262+0900][11.328s][info][gc,cpu         ] GC(499) User=0.06s Sys=0.00s Real=0.01s
[2026-03-22T17:32:46.277+0900][11.344s][info][gc,start       ] GC(500) Pause Young (Allocation Failure)
[2026-03-22T17:32:46.282+0900][11.348s][info][gc,heap        ] GC(500) PSYoungGen: 152561K(163840K)->10496K(163840K) Eden: 152561K(153088K)->0K(153088K) From: 0K(10752K)->10496K(10752K)
[2026-03-22T17:32:46.282+0900][11.348s][info][gc,heap        ] GC(500) ParOldGen: 103430K(349696K)->197639K(349696K)
[2026-03-22T17:32:46.282+0900][11.348s][info][gc,metaspace   ] GC(500) Metaspace: 338K(512K)->338K(512K) NonClass: 320K(384K)->320K(384K) Class: 17K(128K)->17K(128K)
[2026-03-22T17:32:46.282+0900][11.348s][info][gc             ] GC(500) Pause Young (Allocation Failure) 249M->203M(501M) 4.773ms
[2026-03-22T17:32:46.282+0900][11.348s][info][gc,cpu         ] GC(500) User=0.00s Sys=0.00s Real=0.01s
[2026-03-22T17:32:46.297+0900][11.363s][info][gc,start       ] GC(501) Pause Young (Allocation Failure)
[2026-03-22T17:32:46.301+0900][11.368s][info][gc,heap        ] GC(501) PSYoungGen: 163057K(163840K)->10496K(163840K) Eden: 152561K(153088K)->0K(153088K) From: 10496K(10752K)->10496K(10752K)
[2026-03-22T17:32:46.301+0900][11.368s][info][gc,heap        ] GC(501) ParOldGen: 197639K(349696K)->291999K(349696K)
[2026-03-22T17:32:46.301+0900][11.368s][info][gc,metaspace   ] GC(501) Metaspace: 338K(512K)->338K(512K) NonClass: 320K(384K)->320K(384K) Class: 17K(128K)->17K(128K)
[2026-03-22T17:32:46.302+0900][11.368s][info][gc             ] GC(501) Pause Young (Allocation Failure) 352M->295M(501M) 4.956ms
[2026-03-22T17:32:46.302+0900][11.368s][info][gc,cpu         ] GC(501) User=0.00s Sys=0.00s Real=0.01s
[2026-03-22T17:32:46.317+0900][11.383s][info][gc,start       ] GC(502) Pause Full (Ergonomics)
[2026-03-22T17:32:46.318+0900][11.383s][info][gc,phases,start] GC(502) Marking Phase
[2026-03-22T17:32:46.319+0900][11.385s][info][gc,phases      ] GC(502) Marking Phase 1.408ms
[2026-03-22T17:32:46.319+0900][11.385s][info][gc,phases,start] GC(502) Summary Phase
[2026-03-22T17:32:46.319+0900][11.385s][info][gc,phases      ] GC(502) Summary Phase 0.026ms
[2026-03-22T17:32:46.319+0900][11.385s][info][gc,phases,start] GC(502) Adjust Roots
[2026-03-22T17:32:46.319+0900][11.385s][info][gc,phases      ] GC(502) Adjust Roots 0.294ms
[2026-03-22T17:32:46.319+0900][11.385s][info][gc,phases,start] GC(502) Compaction Phase
[2026-03-22T17:32:46.325+0900][11.391s][info][gc,phases      ] GC(502) Compaction Phase 6.001ms
[2026-03-22T17:32:46.325+0900][11.391s][info][gc,phases,start] GC(502) Post Compact
[2026-03-22T17:32:46.327+0900][11.393s][info][gc,phases      ] GC(502) Post Compact 1.857ms
[2026-03-22T17:32:46.327+0900][11.393s][info][gc,heap        ] GC(502) PSYoungGen: 163057K(163840K)->0K(163840K) Eden: 152561K(153088K)->0K(153088K) From: 10496K(10752K)->0K(10752K)
[2026-03-22T17:32:46.327+0900][11.393s][info][gc,heap        ] GC(502) ParOldGen: 291999K(349696K)->103430K(349696K)
[2026-03-22T17:32:46.327+0900][11.393s][info][gc,metaspace   ] GC(502) Metaspace: 338K(512K)->338K(512K) NonClass: 320K(384K)->320K(384K) Class: 17K(128K)->17K(128K)
[2026-03-22T17:32:46.327+0900][11.393s][info][gc             ] GC(502) Pause Full (Ergonomics) 444M->101M(501M) 9.984ms
[2026-03-22T17:32:46.327+0900][11.393s][info][gc,cpu         ] GC(502) User=0.06s Sys=0.00s Real=0.01s
[2026-03-22T17:32:46.342+0900][11.408s][info][gc,start       ] GC(503) Pause Young (Allocation Failure)
[2026-03-22T17:32:46.346+0900][11.413s][info][gc,heap        ] GC(503) PSYoungGen: 152561K(163840K)->10496K(163840K) Eden: 152561K(153088K)->0K(153088K) From: 0K(10752K)->10496K(10752K)
[2026-03-22T17:32:46.346+0900][11.413s][info][gc,heap        ] GC(503) ParOldGen: 103430K(349696K)->197639K(349696K)
[2026-03-22T17:32:46.346+0900][11.413s][info][gc,metaspace   ] GC(503) Metaspace: 338K(512K)->338K(512K) NonClass: 320K(384K)->320K(384K) Class: 17K(128K)->17K(128K)
[2026-03-22T17:32:46.346+0900][11.413s][info][gc             ] GC(503) Pause Young (Allocation Failure) 249M->203M(501M) 5.026ms
[2026-03-22T17:32:46.346+0900][11.413s][info][gc,cpu         ] GC(503) User=0.00s Sys=0.00s Real=0.00s
[2026-03-22T17:32:46.362+0900][11.428s][info][gc,start       ] GC(504) Pause Young (Allocation Failure)
[2026-03-22T17:32:46.366+0900][11.432s][info][gc,heap        ] GC(504) PSYoungGen: 163057K(163840K)->10496K(163840K) Eden: 152561K(153088K)->0K(153088K) From: 10496K(10752K)->10496K(10752K)
[2026-03-22T17:32:46.366+0900][11.433s][info][gc,heap        ] GC(504) ParOldGen: 197639K(349696K)->291999K(349696K)
[2026-03-22T17:32:46.366+0900][11.433s][info][gc,metaspace   ] GC(504) Metaspace: 338K(512K)->338K(512K) NonClass: 320K(384K)->320K(384K) Class: 17K(128K)->17K(128K)
[2026-03-22T17:32:46.366+0900][11.433s][info][gc             ] GC(504) Pause Young (Allocation Failure) 352M->295M(501M) 4.895ms
[2026-03-22T17:32:46.366+0900][11.433s][info][gc,cpu         ] GC(504) User=0.00s Sys=0.00s Real=0.00s
[2026-03-22T17:32:46.381+0900][11.447s][info][gc,start       ] GC(505) Pause Full (Ergonomics)
[2026-03-22T17:32:46.381+0900][11.447s][info][gc,phases,start] GC(505) Marking Phase
[2026-03-22T17:32:46.382+0900][11.449s][info][gc,phases      ] GC(505) Marking Phase 1.086ms
[2026-03-22T17:32:46.382+0900][11.449s][info][gc,phases,start] GC(505) Summary Phase
[2026-03-22T17:32:46.382+0900][11.449s][info][gc,phases      ] GC(505) Summary Phase 0.024ms
[2026-03-22T17:32:46.382+0900][11.449s][info][gc,phases,start] GC(505) Adjust Roots
[2026-03-22T17:32:46.382+0900][11.449s][info][gc,phases      ] GC(505) Adjust Roots 0.220ms
[2026-03-22T17:32:46.382+0900][11.449s][info][gc,phases,start] GC(505) Compaction Phase
[2026-03-22T17:32:46.389+0900][11.455s][info][gc,phases      ] GC(505) Compaction Phase 5.638ms
[2026-03-22T17:32:46.389+0900][11.455s][info][gc,phases,start] GC(505) Post Compact
[2026-03-22T17:32:46.391+0900][11.456s][info][gc,phases      ] GC(505) Post Compact 1.907ms
[2026-03-22T17:32:46.391+0900][11.457s][info][gc,heap        ] GC(505) PSYoungGen: 163057K(163840K)->0K(163840K) Eden: 152561K(153088K)->0K(153088K) From: 10496K(10752K)->0K(10752K)
[2026-03-22T17:32:46.391+0900][11.457s][info][gc,heap        ] GC(505) ParOldGen: 291999K(349696K)->103430K(349696K)
[2026-03-22T17:32:46.391+0900][11.457s][info][gc,metaspace   ] GC(505) Metaspace: 338K(512K)->338K(512K) NonClass: 320K(384K)->320K(384K) Class: 17K(128K)->17K(128K)
[2026-03-22T17:32:46.391+0900][11.457s][info][gc             ] GC(505) Pause Full (Ergonomics) 444M->101M(501M) 9.295ms
[2026-03-22T17:32:46.391+0900][11.457s][info][gc,cpu         ] GC(505) User=0.06s Sys=0.00s Real=0.01s
[2026-03-22T17:32:46.406+0900][11.472s][info][gc,start       ] GC(506) Pause Young (Allocation Failure)
[2026-03-22T17:32:46.412+0900][11.478s][info][gc,heap        ] GC(506) PSYoungGen: 152561K(163840K)->10496K(163840K) Eden: 152561K(153088K)->0K(153088K) From: 0K(10752K)->10496K(10752K)
[2026-03-22T17:32:46.412+0900][11.478s][info][gc,heap        ] GC(506) ParOldGen: 103430K(349696K)->197639K(349696K)
[2026-03-22T17:32:46.412+0900][11.478s][info][gc,metaspace   ] GC(506) Metaspace: 338K(512K)->338K(512K) NonClass: 320K(384K)->320K(384K) Class: 17K(128K)->17K(128K)
[2026-03-22T17:32:46.412+0900][11.478s][info][gc             ] GC(506) Pause Young (Allocation Failure) 249M->203M(501M) 6.136ms
[2026-03-22T17:32:46.412+0900][11.478s][info][gc,cpu         ] GC(506) User=0.00s Sys=0.00s Real=0.01s
[2026-03-22T17:32:46.430+0900][11.495s][info][gc,start       ] GC(507) Pause Young (Allocation Failure)
[2026-03-22T17:32:46.434+0900][11.500s][info][gc,heap        ] GC(507) PSYoungGen: 163057K(163840K)->10496K(163840K) Eden: 152561K(153088K)->0K(153088K) From: 10496K(10752K)->10496K(10752K)
[2026-03-22T17:32:46.434+0900][11.500s][info][gc,heap        ] GC(507) ParOldGen: 197639K(349696K)->291999K(349696K)
[2026-03-22T17:32:46.434+0900][11.500s][info][gc,metaspace   ] GC(507) Metaspace: 338K(512K)->338K(512K) NonClass: 320K(384K)->320K(384K) Class: 17K(128K)->17K(128K)
[2026-03-22T17:32:46.434+0900][11.500s][info][gc             ] GC(507) Pause Young (Allocation Failure) 352M->295M(501M) 4.549ms
[2026-03-22T17:32:46.434+0900][11.500s][info][gc,cpu         ] GC(507) User=0.06s Sys=0.00s Real=0.00s
[2026-03-22T17:32:46.451+0900][11.516s][info][gc,start       ] GC(508) Pause Full (Ergonomics)
[2026-03-22T17:32:46.451+0900][11.516s][info][gc,phases,start] GC(508) Marking Phase
[2026-03-22T17:32:46.452+0900][11.518s][info][gc,phases      ] GC(508) Marking Phase 1.161ms
[2026-03-22T17:32:46.452+0900][11.518s][info][gc,phases,start] GC(508) Summary Phase
[2026-03-22T17:32:46.452+0900][11.518s][info][gc,phases      ] GC(508) Summary Phase 0.021ms
[2026-03-22T17:32:46.452+0900][11.518s][info][gc,phases,start] GC(508) Adjust Roots
[2026-03-22T17:32:46.452+0900][11.518s][info][gc,phases      ] GC(508) Adjust Roots 0.221ms
[2026-03-22T17:32:46.452+0900][11.518s][info][gc,phases,start] GC(508) Compaction Phase
[2026-03-22T17:32:46.458+0900][11.524s][info][gc,phases      ] GC(508) Compaction Phase 5.855ms
[2026-03-22T17:32:46.458+0900][11.524s][info][gc,phases,start] GC(508) Post Compact
[2026-03-22T17:32:46.459+0900][11.525s][info][gc,phases      ] GC(508) Post Compact 1.545ms
[2026-03-22T17:32:46.459+0900][11.525s][info][gc,heap        ] GC(508) PSYoungGen: 163057K(163840K)->0K(163840K) Eden: 152561K(153088K)->0K(153088K) From: 10496K(10752K)->0K(10752K)
[2026-03-22T17:32:46.459+0900][11.525s][info][gc,heap        ] GC(508) ParOldGen: 291999K(349696K)->103430K(349696K)
[2026-03-22T17:32:46.459+0900][11.525s][info][gc,metaspace   ] GC(508) Metaspace: 338K(512K)->338K(512K) NonClass: 320K(384K)->320K(384K) Class: 17K(128K)->17K(128K)
[2026-03-22T17:32:46.459+0900][11.526s][info][gc             ] GC(508) Pause Full (Ergonomics) 444M->101M(501M) 9.124ms
[2026-03-22T17:32:46.459+0900][11.526s][info][gc,cpu         ] GC(508) User=0.00s Sys=0.00s Real=0.01s
[2026-03-22T17:32:46.477+0900][11.542s][info][gc,start       ] GC(509) Pause Young (Allocation Failure)
[2026-03-22T17:32:46.480+0900][11.546s][info][gc,heap        ] GC(509) PSYoungGen: 152561K(163840K)->10496K(163840K) Eden: 152561K(153088K)->0K(153088K) From: 0K(10752K)->10496K(10752K)
[2026-03-22T17:32:46.480+0900][11.546s][info][gc,heap        ] GC(509) ParOldGen: 103430K(349696K)->197639K(349696K)
[2026-03-22T17:32:46.480+0900][11.546s][info][gc,metaspace   ] GC(509) Metaspace: 338K(512K)->338K(512K) NonClass: 320K(384K)->320K(384K) Class: 17K(128K)->17K(128K)
[2026-03-22T17:32:46.480+0900][11.546s][info][gc             ] GC(509) Pause Young (Allocation Failure) 249M->203M(501M) 4.461ms
[2026-03-22T17:32:46.480+0900][11.546s][info][gc,cpu         ] GC(509) User=0.06s Sys=0.00s Real=0.00s
[2026-03-22T17:32:46.495+0900][11.561s][info][gc,start       ] GC(510) Pause Young (Allocation Failure)
[2026-03-22T17:32:46.500+0900][11.566s][info][gc,heap        ] GC(510) PSYoungGen: 163057K(163840K)->10496K(163840K) Eden: 152561K(153088K)->0K(153088K) From: 10496K(10752K)->10496K(10752K)
[2026-03-22T17:32:46.500+0900][11.566s][info][gc,heap        ] GC(510) ParOldGen: 197639K(349696K)->291999K(349696K)
[2026-03-22T17:32:46.500+0900][11.566s][info][gc,metaspace   ] GC(510) Metaspace: 338K(512K)->338K(512K) NonClass: 320K(384K)->320K(384K) Class: 17K(128K)->17K(128K)
[2026-03-22T17:32:46.500+0900][11.566s][info][gc             ] GC(510) Pause Young (Allocation Failure) 352M->295M(501M) 4.837ms
[2026-03-22T17:32:46.500+0900][11.566s][info][gc,cpu         ] GC(510) User=0.00s Sys=0.00s Real=0.01s
[2026-03-22T17:32:46.517+0900][11.583s][info][gc,start       ] GC(511) Pause Full (Ergonomics)
[2026-03-22T17:32:46.517+0900][11.583s][info][gc,phases,start] GC(511) Marking Phase
[2026-03-22T17:32:46.518+0900][11.584s][info][gc,phases      ] GC(511) Marking Phase 1.027ms
[2026-03-22T17:32:46.518+0900][11.584s][info][gc,phases,start] GC(511) Summary Phase
[2026-03-22T17:32:46.518+0900][11.584s][info][gc,phases      ] GC(511) Summary Phase 0.018ms
[2026-03-22T17:32:46.518+0900][11.584s][info][gc,phases,start] GC(511) Adjust Roots
[2026-03-22T17:32:46.518+0900][11.584s][info][gc,phases      ] GC(511) Adjust Roots 0.259ms
[2026-03-22T17:32:46.518+0900][11.584s][info][gc,phases,start] GC(511) Compaction Phase
[2026-03-22T17:32:46.524+0900][11.590s][info][gc,phases      ] GC(511) Compaction Phase 5.820ms
[2026-03-22T17:32:46.524+0900][11.590s][info][gc,phases,start] GC(511) Post Compact
[2026-03-22T17:32:46.526+0900][11.592s][info][gc,phases      ] GC(511) Post Compact 1.578ms
[2026-03-22T17:32:46.526+0900][11.592s][info][gc,heap        ] GC(511) PSYoungGen: 163057K(163840K)->0K(163840K) Eden: 152561K(153088K)->0K(153088K) From: 10496K(10752K)->0K(10752K)
[2026-03-22T17:32:46.526+0900][11.592s][info][gc,heap        ] GC(511) ParOldGen: 291999K(349696K)->103195K(349696K)
[2026-03-22T17:32:46.526+0900][11.592s][info][gc,metaspace   ] GC(511) Metaspace: 338K(512K)->338K(512K) NonClass: 320K(384K)->320K(384K) Class: 17K(128K)->17K(128K)
[2026-03-22T17:32:46.526+0900][11.592s][info][gc             ] GC(511) Pause Full (Ergonomics) 444M->100M(501M) 9.021ms
[2026-03-22T17:32:46.526+0900][11.592s][info][gc,cpu         ] GC(511) User=0.02s Sys=0.00s Real=0.01s
[2026-03-22T17:32:46.542+0900][11.608s][info][gc,start       ] GC(512) Pause Young (Allocation Failure)
[2026-03-22T17:32:46.546+0900][11.612s][info][gc,heap        ] GC(512) PSYoungGen: 152561K(163840K)->10496K(163840K) Eden: 152561K(153088K)->0K(153088K) From: 0K(10752K)->10496K(10752K)
[2026-03-22T17:32:46.546+0900][11.612s][info][gc,heap        ] GC(512) ParOldGen: 103195K(349696K)->197403K(349696K)
[2026-03-22T17:32:46.546+0900][11.612s][info][gc,metaspace   ] GC(512) Metaspace: 338K(512K)->338K(512K) NonClass: 320K(384K)->320K(384K) Class: 17K(128K)->17K(128K)
[2026-03-22T17:32:46.546+0900][11.612s][info][gc             ] GC(512) Pause Young (Allocation Failure) 249M->203M(501M) 4.458ms
[2026-03-22T17:32:46.546+0900][11.612s][info][gc,cpu         ] GC(512) User=0.00s Sys=0.00s Real=0.00s
[2026-03-22T17:32:46.562+0900][11.628s][info][gc,start       ] GC(513) Pause Young (Allocation Failure)
[2026-03-22T17:32:46.566+0900][11.632s][info][gc,heap        ] GC(513) PSYoungGen: 163057K(163840K)->10496K(163840K) Eden: 152561K(153088K)->0K(153088K) From: 10496K(10752K)->10496K(10752K)
[2026-03-22T17:32:46.566+0900][11.632s][info][gc,heap        ] GC(513) ParOldGen: 197403K(349696K)->291764K(349696K)
[2026-03-22T17:32:46.566+0900][11.632s][info][gc,metaspace   ] GC(513) Metaspace: 338K(512K)->338K(512K) NonClass: 320K(384K)->320K(384K) Class: 17K(128K)->17K(128K)
[2026-03-22T17:32:46.566+0900][11.632s][info][gc             ] GC(513) Pause Young (Allocation Failure) 352M->295M(501M) 4.604ms
[2026-03-22T17:32:46.566+0900][11.632s][info][gc,cpu         ] GC(513) User=0.00s Sys=0.00s Real=0.00s
[2026-03-22T17:32:46.583+0900][11.649s][info][gc,start       ] GC(514) Pause Full (Ergonomics)
[2026-03-22T17:32:46.583+0900][11.649s][info][gc,phases,start] GC(514) Marking Phase
[2026-03-22T17:32:46.585+0900][11.651s][info][gc,phases      ] GC(514) Marking Phase 1.318ms
[2026-03-22T17:32:46.585+0900][11.651s][info][gc,phases,start] GC(514) Summary Phase
[2026-03-22T17:32:46.585+0900][11.651s][info][gc,phases      ] GC(514) Summary Phase 0.021ms
[2026-03-22T17:32:46.585+0900][11.651s][info][gc,phases,start] GC(514) Adjust Roots
[2026-03-22T17:32:46.585+0900][11.651s][info][gc,phases      ] GC(514) Adjust Roots 0.221ms
[2026-03-22T17:32:46.585+0900][11.651s][info][gc,phases,start] GC(514) Compaction Phase
[2026-03-22T17:32:46.591+0900][11.657s][info][gc,phases      ] GC(514) Compaction Phase 6.618ms
[2026-03-22T17:32:46.592+0900][11.658s][info][gc,phases,start] GC(514) Post Compact
[2026-03-22T17:32:46.593+0900][11.659s][info][gc,phases      ] GC(514) Post Compact 1.554ms
[2026-03-22T17:32:46.593+0900][11.659s][info][gc,heap        ] GC(514) PSYoungGen: 163057K(163840K)->0K(163840K) Eden: 152561K(153088K)->0K(153088K) From: 10496K(10752K)->0K(10752K)
[2026-03-22T17:32:46.593+0900][11.659s][info][gc,heap        ] GC(514) ParOldGen: 291764K(349696K)->103430K(349696K)
[2026-03-22T17:32:46.593+0900][11.659s][info][gc,metaspace   ] GC(514) Metaspace: 338K(512K)->338K(512K) NonClass: 320K(384K)->320K(384K) Class: 17K(128K)->17K(128K)
[2026-03-22T17:32:46.593+0900][11.659s][info][gc             ] GC(514) Pause Full (Ergonomics) 444M->101M(501M) 10.046ms
[2026-03-22T17:32:46.593+0900][11.659s][info][gc,cpu         ] GC(514) User=0.03s Sys=0.00s Real=0.01s
[2026-03-22T17:32:46.610+0900][11.676s][info][gc,start       ] GC(515) Pause Young (Allocation Failure)
[2026-03-22T17:32:46.615+0900][11.681s][info][gc,heap        ] GC(515) PSYoungGen: 152561K(163840K)->10496K(163840K) Eden: 152561K(153088K)->0K(153088K) From: 0K(10752K)->10496K(10752K)
[2026-03-22T17:32:46.615+0900][11.681s][info][gc,heap        ] GC(515) ParOldGen: 103430K(349696K)->197639K(349696K)
[2026-03-22T17:32:46.615+0900][11.681s][info][gc,metaspace   ] GC(515) Metaspace: 338K(512K)->338K(512K) NonClass: 320K(384K)->320K(384K) Class: 17K(128K)->17K(128K)
[2026-03-22T17:32:46.615+0900][11.681s][info][gc             ] GC(515) Pause Young (Allocation Failure) 249M->203M(501M) 5.072ms
[2026-03-22T17:32:46.615+0900][11.681s][info][gc,cpu         ] GC(515) User=0.00s Sys=0.00s Real=0.01s
[2026-03-22T17:32:46.630+0900][11.697s][info][gc,start       ] GC(516) Pause Young (Allocation Failure)
[2026-03-22T17:32:46.635+0900][11.701s][info][gc,heap        ] GC(516) PSYoungGen: 163057K(163840K)->10496K(163840K) Eden: 152561K(153088K)->0K(153088K) From: 10496K(10752K)->10496K(10752K)
[2026-03-22T17:32:46.635+0900][11.701s][info][gc,heap        ] GC(516) ParOldGen: 197639K(349696K)->289951K(349696K)
[2026-03-22T17:32:46.635+0900][11.701s][info][gc,metaspace   ] GC(516) Metaspace: 338K(512K)->338K(512K) NonClass: 320K(384K)->320K(384K) Class: 17K(128K)->17K(128K)
[2026-03-22T17:32:46.635+0900][11.701s][info][gc             ] GC(516) Pause Young (Allocation Failure) 352M->293M(501M) 4.263ms
[2026-03-22T17:32:46.635+0900][11.701s][info][gc,cpu         ] GC(516) User=0.06s Sys=0.00s Real=0.00s
[2026-03-22T17:32:46.651+0900][11.717s][info][gc,start       ] GC(517) Pause Full (Ergonomics)
[2026-03-22T17:32:46.651+0900][11.717s][info][gc,phases,start] GC(517) Marking Phase
[2026-03-22T17:32:46.652+0900][11.718s][info][gc,phases      ] GC(517) Marking Phase 1.026ms
[2026-03-22T17:32:46.652+0900][11.718s][info][gc,phases,start] GC(517) Summary Phase
[2026-03-22T17:32:46.652+0900][11.718s][info][gc,phases      ] GC(517) Summary Phase 0.018ms
[2026-03-22T17:32:46.652+0900][11.718s][info][gc,phases,start] GC(517) Adjust Roots
[2026-03-22T17:32:46.652+0900][11.718s][info][gc,phases      ] GC(517) Adjust Roots 0.212ms
[2026-03-22T17:32:46.652+0900][11.718s][info][gc,phases,start] GC(517) Compaction Phase
[2026-03-22T17:32:46.658+0900][11.724s][info][gc,phases      ] GC(517) Compaction Phase 5.598ms
[2026-03-22T17:32:46.658+0900][11.724s][info][gc,phases,start] GC(517) Post Compact
[2026-03-22T17:32:46.659+0900][11.725s][info][gc,phases      ] GC(517) Post Compact 1.459ms
[2026-03-22T17:32:46.659+0900][11.725s][info][gc,heap        ] GC(517) PSYoungGen: 163057K(163840K)->0K(163840K) Eden: 152561K(153088K)->0K(153088K) From: 10496K(10752K)->0K(10752K)
[2026-03-22T17:32:46.659+0900][11.725s][info][gc,heap        ] GC(517) ParOldGen: 289951K(349696K)->103430K(349696K)
[2026-03-22T17:32:46.659+0900][11.725s][info][gc,metaspace   ] GC(517) Metaspace: 338K(512K)->338K(512K) NonClass: 320K(384K)->320K(384K) Class: 17K(128K)->17K(128K)
[2026-03-22T17:32:46.659+0900][11.725s][info][gc             ] GC(517) Pause Full (Ergonomics) 442M->101M(501M) 8.672ms
[2026-03-22T17:32:46.659+0900][11.725s][info][gc,cpu         ] GC(517) User=0.00s Sys=0.00s Real=0.01s
[2026-03-22T17:32:46.675+0900][11.741s][info][gc,start       ] GC(518) Pause Young (Allocation Failure)
[2026-03-22T17:32:46.680+0900][11.746s][info][gc,heap        ] GC(518) PSYoungGen: 152561K(163840K)->10496K(163840K) Eden: 152561K(153088K)->0K(153088K) From: 0K(10752K)->10496K(10752K)
[2026-03-22T17:32:46.680+0900][11.746s][info][gc,heap        ] GC(518) ParOldGen: 103430K(349696K)->197639K(349696K)
[2026-03-22T17:32:46.680+0900][11.746s][info][gc,metaspace   ] GC(518) Metaspace: 338K(512K)->338K(512K) NonClass: 320K(384K)->320K(384K) Class: 17K(128K)->17K(128K)
[2026-03-22T17:32:46.680+0900][11.746s][info][gc             ] GC(518) Pause Young (Allocation Failure) 249M->203M(501M) 4.506ms
[2026-03-22T17:32:46.680+0900][11.746s][info][gc,cpu         ] GC(518) User=0.00s Sys=0.00s Real=0.01s
[2026-03-22T17:32:46.696+0900][11.762s][info][gc,start       ] GC(519) Pause Young (Allocation Failure)
[2026-03-22T17:32:46.700+0900][11.766s][info][gc,heap        ] GC(519) PSYoungGen: 163057K(163840K)->10496K(163840K) Eden: 152561K(153088K)->0K(153088K) From: 10496K(10752K)->10496K(10752K)
[2026-03-22T17:32:46.700+0900][11.766s][info][gc,heap        ] GC(519) ParOldGen: 197639K(349696K)->291999K(349696K)
[2026-03-22T17:32:46.700+0900][11.766s][info][gc,metaspace   ] GC(519) Metaspace: 338K(512K)->338K(512K) NonClass: 320K(384K)->320K(384K) Class: 17K(128K)->17K(128K)
[2026-03-22T17:32:46.700+0900][11.766s][info][gc             ] GC(519) Pause Young (Allocation Failure) 352M->295M(501M) 4.778ms
[2026-03-22T17:32:46.700+0900][11.767s][info][gc,cpu         ] GC(519) User=0.06s Sys=0.00s Real=0.00s
[2026-03-22T17:32:46.716+0900][11.782s][info][gc,start       ] GC(520) Pause Full (Ergonomics)
[2026-03-22T17:32:46.717+0900][11.782s][info][gc,phases,start] GC(520) Marking Phase
[2026-03-22T17:32:46.718+0900][11.783s][info][gc,phases      ] GC(520) Marking Phase 1.089ms
[2026-03-22T17:32:46.718+0900][11.783s][info][gc,phases,start] GC(520) Summary Phase
[2026-03-22T17:32:46.718+0900][11.783s][info][gc,phases      ] GC(520) Summary Phase 0.020ms
[2026-03-22T17:32:46.718+0900][11.783s][info][gc,phases,start] GC(520) Adjust Roots
[2026-03-22T17:32:46.718+0900][11.784s][info][gc,phases      ] GC(520) Adjust Roots 0.214ms
[2026-03-22T17:32:46.718+0900][11.784s][info][gc,phases,start] GC(520) Compaction Phase
[2026-03-22T17:32:46.724+0900][11.790s][info][gc,phases      ] GC(520) Compaction Phase 6.473ms
[2026-03-22T17:32:46.725+0900][11.790s][info][gc,phases,start] GC(520) Post Compact
[2026-03-22T17:32:46.726+0900][11.792s][info][gc,phases      ] GC(520) Post Compact 1.561ms
[2026-03-22T17:32:46.726+0900][11.792s][info][gc,heap        ] GC(520) PSYoungGen: 163057K(163840K)->0K(163840K) Eden: 152561K(153088K)->0K(153088K) From: 10496K(10752K)->0K(10752K)
[2026-03-22T17:32:46.726+0900][11.792s][info][gc,heap        ] GC(520) ParOldGen: 291999K(349696K)->103430K(349696K)
[2026-03-22T17:32:46.726+0900][11.792s][info][gc,metaspace   ] GC(520) Metaspace: 338K(512K)->338K(512K) NonClass: 320K(384K)->320K(384K) Class: 17K(128K)->17K(128K)
[2026-03-22T17:32:46.726+0900][11.792s][info][gc             ] GC(520) Pause Full (Ergonomics) 444M->101M(501M) 9.750ms
[2026-03-22T17:32:46.726+0900][11.792s][info][gc,cpu         ] GC(520) User=0.00s Sys=0.00s Real=0.01s
[2026-03-22T17:32:46.742+0900][11.807s][info][gc,start       ] GC(521) Pause Young (Allocation Failure)
[2026-03-22T17:32:46.746+0900][11.812s][info][gc,heap        ] GC(521) PSYoungGen: 152561K(163840K)->10496K(163840K) Eden: 152561K(153088K)->0K(153088K) From: 0K(10752K)->10496K(10752K)
[2026-03-22T17:32:46.746+0900][11.812s][info][gc,heap        ] GC(521) ParOldGen: 103430K(349696K)->197639K(349696K)
[2026-03-22T17:32:46.746+0900][11.812s][info][gc,metaspace   ] GC(521) Metaspace: 338K(512K)->338K(512K) NonClass: 320K(384K)->320K(384K) Class: 17K(128K)->17K(128K)
[2026-03-22T17:32:46.746+0900][11.812s][info][gc             ] GC(521) Pause Young (Allocation Failure) 249M->203M(501M) 4.617ms
[2026-03-22T17:32:46.746+0900][11.812s][info][gc,cpu         ] GC(521) User=0.06s Sys=0.00s Real=0.00s
[2026-03-22T17:32:46.762+0900][11.828s][info][gc,start       ] GC(522) Pause Young (Allocation Failure)
[2026-03-22T17:32:46.767+0900][11.833s][info][gc,heap        ] GC(522) PSYoungGen: 163057K(163840K)->10496K(163840K) Eden: 152561K(153088K)->0K(153088K) From: 10496K(10752K)->10496K(10752K)
[2026-03-22T17:32:46.767+0900][11.833s][info][gc,heap        ] GC(522) ParOldGen: 197639K(349696K)->291999K(349696K)
[2026-03-22T17:32:46.767+0900][11.833s][info][gc,metaspace   ] GC(522) Metaspace: 338K(512K)->338K(512K) NonClass: 320K(384K)->320K(384K) Class: 17K(128K)->17K(128K)
[2026-03-22T17:32:46.767+0900][11.833s][info][gc             ] GC(522) Pause Young (Allocation Failure) 352M->295M(501M) 5.291ms
[2026-03-22T17:32:46.767+0900][11.833s][info][gc,cpu         ] GC(522) User=0.00s Sys=0.00s Real=0.00s
[2026-03-22T17:32:46.783+0900][11.849s][info][gc,start       ] GC(523) Pause Full (Ergonomics)
[2026-03-22T17:32:46.783+0900][11.849s][info][gc,phases,start] GC(523) Marking Phase
[2026-03-22T17:32:46.785+0900][11.850s][info][gc,phases      ] GC(523) Marking Phase 1.117ms
[2026-03-22T17:32:46.785+0900][11.850s][info][gc,phases,start] GC(523) Summary Phase
[2026-03-22T17:32:46.785+0900][11.850s][info][gc,phases      ] GC(523) Summary Phase 0.020ms
[2026-03-22T17:32:46.785+0900][11.850s][info][gc,phases,start] GC(523) Adjust Roots
[2026-03-22T17:32:46.785+0900][11.850s][info][gc,phases      ] GC(523) Adjust Roots 0.221ms
[2026-03-22T17:32:46.785+0900][11.850s][info][gc,phases,start] GC(523) Compaction Phase
[2026-03-22T17:32:46.790+0900][11.856s][info][gc,phases      ] GC(523) Compaction Phase 6.012ms
[2026-03-22T17:32:46.790+0900][11.856s][info][gc,phases,start] GC(523) Post Compact
[2026-03-22T17:32:46.792+0900][11.858s][info][gc,phases      ] GC(523) Post Compact 1.381ms
[2026-03-22T17:32:46.792+0900][11.858s][info][gc,heap        ] GC(523) PSYoungGen: 163057K(163840K)->0K(163840K) Eden: 152561K(153088K)->0K(153088K) From: 10496K(10752K)->0K(10752K)
[2026-03-22T17:32:46.792+0900][11.858s][info][gc,heap        ] GC(523) ParOldGen: 291999K(349696K)->103430K(349696K)
[2026-03-22T17:32:46.792+0900][11.858s][info][gc,metaspace   ] GC(523) Metaspace: 338K(512K)->338K(512K) NonClass: 320K(384K)->320K(384K) Class: 17K(128K)->17K(128K)
[2026-03-22T17:32:46.792+0900][11.858s][info][gc             ] GC(523) Pause Full (Ergonomics) 444M->101M(501M) 9.059ms
[2026-03-22T17:32:46.792+0900][11.858s][info][gc,cpu         ] GC(523) User=0.00s Sys=0.02s Real=0.01s
[2026-03-22T17:32:46.808+0900][11.874s][info][gc,start       ] GC(524) Pause Young (Allocation Failure)
[2026-03-22T17:32:46.813+0900][11.879s][info][gc,heap        ] GC(524) PSYoungGen: 152561K(163840K)->10496K(163840K) Eden: 152561K(153088K)->0K(153088K) From: 0K(10752K)->10496K(10752K)
[2026-03-22T17:32:46.813+0900][11.879s][info][gc,heap        ] GC(524) ParOldGen: 103430K(349696K)->197639K(349696K)
[2026-03-22T17:32:46.813+0900][11.879s][info][gc,metaspace   ] GC(524) Metaspace: 338K(512K)->338K(512K) NonClass: 320K(384K)->320K(384K) Class: 17K(128K)->17K(128K)
[2026-03-22T17:32:46.813+0900][11.879s][info][gc             ] GC(524) Pause Young (Allocation Failure) 249M->203M(501M) 5.518ms
[2026-03-22T17:32:46.813+0900][11.879s][info][gc,cpu         ] GC(524) User=0.00s Sys=0.00s Real=0.00s
[2026-03-22T17:32:46.831+0900][11.896s][info][gc,start       ] GC(525) Pause Young (Allocation Failure)
[2026-03-22T17:32:46.836+0900][11.902s][info][gc,heap        ] GC(525) PSYoungGen: 163057K(163840K)->10496K(163840K) Eden: 152561K(153088K)->0K(153088K) From: 10496K(10752K)->10496K(10752K)
[2026-03-22T17:32:46.836+0900][11.902s][info][gc,heap        ] GC(525) ParOldGen: 197639K(349696K)->291999K(349696K)
[2026-03-22T17:32:46.836+0900][11.902s][info][gc,metaspace   ] GC(525) Metaspace: 338K(512K)->338K(512K) NonClass: 320K(384K)->320K(384K) Class: 17K(128K)->17K(128K)
[2026-03-22T17:32:46.836+0900][11.902s][info][gc             ] GC(525) Pause Young (Allocation Failure) 352M->295M(501M) 5.171ms
[2026-03-22T17:32:46.836+0900][11.902s][info][gc,cpu         ] GC(525) User=0.00s Sys=0.00s Real=0.00s
[2026-03-22T17:32:46.851+0900][11.917s][info][gc,start       ] GC(526) Pause Full (Ergonomics)
[2026-03-22T17:32:46.851+0900][11.917s][info][gc,phases,start] GC(526) Marking Phase
[2026-03-22T17:32:46.852+0900][11.918s][info][gc,phases      ] GC(526) Marking Phase 1.235ms
[2026-03-22T17:32:46.852+0900][11.918s][info][gc,phases,start] GC(526) Summary Phase
[2026-03-22T17:32:46.853+0900][11.918s][info][gc,phases      ] GC(526) Summary Phase 0.049ms
[2026-03-22T17:32:46.853+0900][11.918s][info][gc,phases,start] GC(526) Adjust Roots
[2026-03-22T17:32:46.853+0900][11.919s][info][gc,phases      ] GC(526) Adjust Roots 0.186ms
[2026-03-22T17:32:46.853+0900][11.919s][info][gc,phases,start] GC(526) Compaction Phase
[2026-03-22T17:32:46.858+0900][11.924s][info][gc,phases      ] GC(526) Compaction Phase 5.595ms
[2026-03-22T17:32:46.858+0900][11.924s][info][gc,phases,start] GC(526) Post Compact
[2026-03-22T17:32:46.860+0900][11.926s][info][gc,phases      ] GC(526) Post Compact 1.484ms
[2026-03-22T17:32:46.860+0900][11.926s][info][gc,heap        ] GC(526) PSYoungGen: 163057K(163840K)->0K(163840K) Eden: 152561K(153088K)->0K(153088K) From: 10496K(10752K)->0K(10752K)
[2026-03-22T17:32:46.860+0900][11.926s][info][gc,heap        ] GC(526) ParOldGen: 291999K(349696K)->103430K(349696K)
[2026-03-22T17:32:46.860+0900][11.926s][info][gc,metaspace   ] GC(526) Metaspace: 338K(512K)->338K(512K) NonClass: 320K(384K)->320K(384K) Class: 17K(128K)->17K(128K)
[2026-03-22T17:32:46.860+0900][11.926s][info][gc             ] GC(526) Pause Full (Ergonomics) 444M->101M(501M) 8.857ms
[2026-03-22T17:32:46.860+0900][11.926s][info][gc,cpu         ] GC(526) User=0.02s Sys=0.00s Real=0.01s
[2026-03-22T17:32:46.874+0900][11.940s][info][gc,start       ] GC(527) Pause Young (Allocation Failure)
[2026-03-22T17:32:46.879+0900][11.945s][info][gc,heap        ] GC(527) PSYoungGen: 152561K(163840K)->10496K(163840K) Eden: 152561K(153088K)->0K(153088K) From: 0K(10752K)->10496K(10752K)
[2026-03-22T17:32:46.879+0900][11.945s][info][gc,heap        ] GC(527) ParOldGen: 103430K(349696K)->197639K(349696K)
[2026-03-22T17:32:46.879+0900][11.945s][info][gc,metaspace   ] GC(527) Metaspace: 338K(512K)->338K(512K) NonClass: 320K(384K)->320K(384K) Class: 17K(128K)->17K(128K)
[2026-03-22T17:32:46.879+0900][11.945s][info][gc             ] GC(527) Pause Young (Allocation Failure) 249M->203M(501M) 4.792ms
[2026-03-22T17:32:46.879+0900][11.945s][info][gc,cpu         ] GC(527) User=0.00s Sys=0.00s Real=0.00s
[2026-03-22T17:32:46.894+0900][11.960s][info][gc,start       ] GC(528) Pause Young (Allocation Failure)
[2026-03-22T17:32:46.899+0900][11.965s][info][gc,heap        ] GC(528) PSYoungGen: 163057K(163840K)->10496K(163840K) Eden: 152561K(153088K)->0K(153088K) From: 10496K(10752K)->10496K(10752K)
[2026-03-22T17:32:46.899+0900][11.965s][info][gc,heap        ] GC(528) ParOldGen: 197639K(349696K)->291999K(349696K)
[2026-03-22T17:32:46.899+0900][11.965s][info][gc,metaspace   ] GC(528) Metaspace: 338K(512K)->338K(512K) NonClass: 320K(384K)->320K(384K) Class: 17K(128K)->17K(128K)
[2026-03-22T17:32:46.899+0900][11.965s][info][gc             ] GC(528) Pause Young (Allocation Failure) 352M->295M(501M) 5.211ms
[2026-03-22T17:32:46.899+0900][11.965s][info][gc,cpu         ] GC(528) User=0.00s Sys=0.00s Real=0.00s
[2026-03-22T17:32:46.915+0900][11.981s][info][gc,start       ] GC(529) Pause Full (Ergonomics)
[2026-03-22T17:32:46.915+0900][11.981s][info][gc,phases,start] GC(529) Marking Phase
[2026-03-22T17:32:46.916+0900][11.982s][info][gc,phases      ] GC(529) Marking Phase 1.161ms
[2026-03-22T17:32:46.916+0900][11.982s][info][gc,phases,start] GC(529) Summary Phase
[2026-03-22T17:32:46.916+0900][11.982s][info][gc,phases      ] GC(529) Summary Phase 0.015ms
[2026-03-22T17:32:46.916+0900][11.982s][info][gc,phases,start] GC(529) Adjust Roots
[2026-03-22T17:32:46.916+0900][11.982s][info][gc,phases      ] GC(529) Adjust Roots 0.202ms
[2026-03-22T17:32:46.916+0900][11.982s][info][gc,phases,start] GC(529) Compaction Phase
[2026-03-22T17:32:46.923+0900][11.989s][info][gc,phases      ] GC(529) Compaction Phase 6.270ms
[2026-03-22T17:32:46.923+0900][11.989s][info][gc,phases,start] GC(529) Post Compact
[2026-03-22T17:32:46.924+0900][11.990s][info][gc,phases      ] GC(529) Post Compact 1.406ms
[2026-03-22T17:32:46.924+0900][11.990s][info][gc,heap        ] GC(529) PSYoungGen: 163057K(163840K)->0K(163840K) Eden: 152561K(153088K)->0K(153088K) From: 10496K(10752K)->0K(10752K)
[2026-03-22T17:32:46.924+0900][11.990s][info][gc,heap        ] GC(529) ParOldGen: 291999K(349696K)->103430K(349696K)
[2026-03-22T17:32:46.924+0900][11.990s][info][gc,metaspace   ] GC(529) Metaspace: 338K(512K)->338K(512K) NonClass: 320K(384K)->320K(384K) Class: 17K(128K)->17K(128K)
[2026-03-22T17:32:46.924+0900][11.990s][info][gc             ] GC(529) Pause Full (Ergonomics) 444M->101M(501M) 9.349ms
[2026-03-22T17:32:46.924+0900][11.990s][info][gc,cpu         ] GC(529) User=0.06s Sys=0.00s Real=0.01s
[2026-03-22T17:32:46.941+0900][12.006s][info][gc,start       ] GC(530) Pause Young (Allocation Failure)
[2026-03-22T17:32:46.945+0900][12.011s][info][gc,heap        ] GC(530) PSYoungGen: 152561K(163840K)->10496K(163840K) Eden: 152561K(153088K)->0K(153088K) From: 0K(10752K)->10496K(10752K)
[2026-03-22T17:32:46.945+0900][12.011s][info][gc,heap        ] GC(530) ParOldGen: 103430K(349696K)->197639K(349696K)
[2026-03-22T17:32:46.945+0900][12.011s][info][gc,metaspace   ] GC(530) Metaspace: 338K(512K)->338K(512K) NonClass: 320K(384K)->320K(384K) Class: 17K(128K)->17K(128K)
[2026-03-22T17:32:46.945+0900][12.011s][info][gc             ] GC(530) Pause Young (Allocation Failure) 249M->203M(501M) 5.045ms
[2026-03-22T17:32:46.945+0900][12.011s][info][gc,cpu         ] GC(530) User=0.00s Sys=0.00s Real=0.00s
[2026-03-22T17:32:46.961+0900][12.027s][info][gc,start       ] GC(531) Pause Young (Allocation Failure)
[2026-03-22T17:32:46.966+0900][12.032s][info][gc,heap        ] GC(531) PSYoungGen: 163057K(163840K)->10496K(163840K) Eden: 152561K(153088K)->0K(153088K) From: 10496K(10752K)->10496K(10752K)
[2026-03-22T17:32:46.966+0900][12.032s][info][gc,heap        ] GC(531) ParOldGen: 197639K(349696K)->291999K(349696K)
[2026-03-22T17:32:46.966+0900][12.032s][info][gc,metaspace   ] GC(531) Metaspace: 338K(512K)->338K(512K) NonClass: 320K(384K)->320K(384K) Class: 17K(128K)->17K(128K)
[2026-03-22T17:32:46.967+0900][12.032s][info][gc             ] GC(531) Pause Young (Allocation Failure) 352M->295M(501M) 5.014ms
[2026-03-22T17:32:46.967+0900][12.032s][info][gc,cpu         ] GC(531) User=0.06s Sys=0.00s Real=0.01s
[2026-03-22T17:32:46.982+0900][12.048s][info][gc,start       ] GC(532) Pause Full (Ergonomics)
[2026-03-22T17:32:46.982+0900][12.048s][info][gc,phases,start] GC(532) Marking Phase
[2026-03-22T17:32:46.983+0900][12.049s][info][gc,phases      ] GC(532) Marking Phase 1.007ms
[2026-03-22T17:32:46.983+0900][12.049s][info][gc,phases,start] GC(532) Summary Phase
[2026-03-22T17:32:46.983+0900][12.049s][info][gc,phases      ] GC(532) Summary Phase 0.016ms
[2026-03-22T17:32:46.983+0900][12.049s][info][gc,phases,start] GC(532) Adjust Roots
[2026-03-22T17:32:46.983+0900][12.049s][info][gc,phases      ] GC(532) Adjust Roots 0.211ms
[2026-03-22T17:32:46.983+0900][12.049s][info][gc,phases,start] GC(532) Compaction Phase
[2026-03-22T17:32:46.989+0900][12.055s][info][gc,phases      ] GC(532) Compaction Phase 5.732ms
[2026-03-22T17:32:46.989+0900][12.055s][info][gc,phases,start] GC(532) Post Compact
[2026-03-22T17:32:46.990+0900][12.056s][info][gc,phases      ] GC(532) Post Compact 1.387ms
[2026-03-22T17:32:46.990+0900][12.056s][info][gc,heap        ] GC(532) PSYoungGen: 163057K(163840K)->0K(163840K) Eden: 152561K(153088K)->0K(153088K) From: 10496K(10752K)->0K(10752K)
[2026-03-22T17:32:46.990+0900][12.056s][info][gc,heap        ] GC(532) ParOldGen: 291999K(349696K)->103430K(349696K)
[2026-03-22T17:32:46.990+0900][12.056s][info][gc,metaspace   ] GC(532) Metaspace: 338K(512K)->338K(512K) NonClass: 320K(384K)->320K(384K) Class: 17K(128K)->17K(128K)
[2026-03-22T17:32:46.990+0900][12.056s][info][gc             ] GC(532) Pause Full (Ergonomics) 444M->101M(501M) 8.653ms
[2026-03-22T17:32:46.990+0900][12.056s][info][gc,cpu         ] GC(532) User=0.00s Sys=0.00s Real=0.01s
[2026-03-22T17:32:47.005+0900][12.071s][info][gc,start       ] GC(533) Pause Young (Allocation Failure)
[2026-03-22T17:32:47.011+0900][12.077s][info][gc,heap        ] GC(533) PSYoungGen: 152561K(163840K)->10496K(163840K) Eden: 152561K(153088K)->0K(153088K) From: 0K(10752K)->10496K(10752K)
[2026-03-22T17:32:47.011+0900][12.077s][info][gc,heap        ] GC(533) ParOldGen: 103430K(349696K)->197639K(349696K)
[2026-03-22T17:32:47.011+0900][12.077s][info][gc,metaspace   ] GC(533) Metaspace: 338K(512K)->338K(512K) NonClass: 320K(384K)->320K(384K) Class: 17K(128K)->17K(128K)
[2026-03-22T17:32:47.011+0900][12.077s][info][gc             ] GC(533) Pause Young (Allocation Failure) 249M->203M(501M) 5.799ms
[2026-03-22T17:32:47.011+0900][12.077s][info][gc,cpu         ] GC(533) User=0.06s Sys=0.00s Real=0.01s
[2026-03-22T17:32:47.027+0900][12.092s][info][gc,start       ] GC(534) Pause Young (Allocation Failure)
[2026-03-22T17:32:47.032+0900][12.097s][info][gc,heap        ] GC(534) PSYoungGen: 163057K(163840K)->10496K(163840K) Eden: 152561K(153088K)->0K(153088K) From: 10496K(10752K)->10496K(10752K)
[2026-03-22T17:32:47.032+0900][12.098s][info][gc,heap        ] GC(534) ParOldGen: 197639K(349696K)->291999K(349696K)
[2026-03-22T17:32:47.032+0900][12.098s][info][gc,metaspace   ] GC(534) Metaspace: 338K(512K)->338K(512K) NonClass: 320K(384K)->320K(384K) Class: 17K(128K)->17K(128K)
[2026-03-22T17:32:47.032+0900][12.098s][info][gc             ] GC(534) Pause Young (Allocation Failure) 352M->295M(501M) 5.073ms
[2026-03-22T17:32:47.032+0900][12.098s][info][gc,cpu         ] GC(534) User=0.00s Sys=0.00s Real=0.01s
[2026-03-22T17:32:47.048+0900][12.113s][info][gc,start       ] GC(535) Pause Full (Ergonomics)
[2026-03-22T17:32:47.048+0900][12.113s][info][gc,phases,start] GC(535) Marking Phase
[2026-03-22T17:32:47.049+0900][12.114s][info][gc,phases      ] GC(535) Marking Phase 1.023ms
[2026-03-22T17:32:47.049+0900][12.114s][info][gc,phases,start] GC(535) Summary Phase
[2026-03-22T17:32:47.049+0900][12.114s][info][gc,phases      ] GC(535) Summary Phase 0.017ms
[2026-03-22T17:32:47.049+0900][12.114s][info][gc,phases,start] GC(535) Adjust Roots
[2026-03-22T17:32:47.049+0900][12.115s][info][gc,phases      ] GC(535) Adjust Roots 0.229ms
[2026-03-22T17:32:47.049+0900][12.115s][info][gc,phases,start] GC(535) Compaction Phase
[2026-03-22T17:32:47.054+0900][12.120s][info][gc,phases      ] GC(535) Compaction Phase 5.526ms
[2026-03-22T17:32:47.054+0900][12.120s][info][gc,phases,start] GC(535) Post Compact
[2026-03-22T17:32:47.056+0900][12.122s][info][gc,phases      ] GC(535) Post Compact 1.432ms
[2026-03-22T17:32:47.056+0900][12.122s][info][gc,heap        ] GC(535) PSYoungGen: 163057K(163840K)->0K(163840K) Eden: 152561K(153088K)->0K(153088K) From: 10496K(10752K)->0K(10752K)
[2026-03-22T17:32:47.056+0900][12.122s][info][gc,heap        ] GC(535) ParOldGen: 291999K(349696K)->103430K(349696K)
[2026-03-22T17:32:47.056+0900][12.122s][info][gc,metaspace   ] GC(535) Metaspace: 338K(512K)->338K(512K) NonClass: 320K(384K)->320K(384K) Class: 17K(128K)->17K(128K)
[2026-03-22T17:32:47.056+0900][12.122s][info][gc             ] GC(535) Pause Full (Ergonomics) 444M->101M(501M) 8.580ms
[2026-03-22T17:32:47.056+0900][12.122s][info][gc,cpu         ] GC(535) User=0.00s Sys=0.00s Real=0.01s
[2026-03-22T17:32:47.071+0900][12.137s][info][gc,start       ] GC(536) Pause Young (Allocation Failure)
[2026-03-22T17:32:47.075+0900][12.141s][info][gc,heap        ] GC(536) PSYoungGen: 152561K(163840K)->10496K(163840K) Eden: 152561K(153088K)->0K(153088K) From: 0K(10752K)->10496K(10752K)
[2026-03-22T17:32:47.075+0900][12.141s][info][gc,heap        ] GC(536) ParOldGen: 103430K(349696K)->197639K(349696K)
[2026-03-22T17:32:47.075+0900][12.141s][info][gc,metaspace   ] GC(536) Metaspace: 338K(512K)->338K(512K) NonClass: 320K(384K)->320K(384K) Class: 17K(128K)->17K(128K)
[2026-03-22T17:32:47.075+0900][12.141s][info][gc             ] GC(536) Pause Young (Allocation Failure) 249M->203M(501M) 4.834ms
[2026-03-22T17:32:47.075+0900][12.141s][info][gc,cpu         ] GC(536) User=0.06s Sys=0.00s Real=0.00s
[2026-03-22T17:32:47.090+0900][12.156s][info][gc,start       ] GC(537) Pause Young (Allocation Failure)
[2026-03-22T17:32:47.095+0900][12.160s][info][gc,heap        ] GC(537) PSYoungGen: 163057K(163840K)->10496K(163840K) Eden: 152561K(153088K)->0K(153088K) From: 10496K(10752K)->10496K(10752K)
[2026-03-22T17:32:47.095+0900][12.160s][info][gc,heap        ] GC(537) ParOldGen: 197639K(349696K)->291999K(349696K)
[2026-03-22T17:32:47.095+0900][12.160s][info][gc,metaspace   ] GC(537) Metaspace: 338K(512K)->338K(512K) NonClass: 320K(384K)->320K(384K) Class: 17K(128K)->17K(128K)
[2026-03-22T17:32:47.095+0900][12.160s][info][gc             ] GC(537) Pause Young (Allocation Failure) 352M->295M(501M) 4.505ms
[2026-03-22T17:32:47.095+0900][12.160s][info][gc,cpu         ] GC(537) User=0.00s Sys=0.00s Real=0.01s
[2026-03-22T17:32:47.110+0900][12.175s][info][gc,start       ] GC(538) Pause Full (Ergonomics)
[2026-03-22T17:32:47.110+0900][12.175s][info][gc,phases,start] GC(538) Marking Phase
[2026-03-22T17:32:47.111+0900][12.176s][info][gc,phases      ] GC(538) Marking Phase 1.108ms
[2026-03-22T17:32:47.111+0900][12.176s][info][gc,phases,start] GC(538) Summary Phase
[2026-03-22T17:32:47.111+0900][12.176s][info][gc,phases      ] GC(538) Summary Phase 0.015ms
[2026-03-22T17:32:47.111+0900][12.176s][info][gc,phases,start] GC(538) Adjust Roots
[2026-03-22T17:32:47.111+0900][12.176s][info][gc,phases      ] GC(538) Adjust Roots 0.167ms
[2026-03-22T17:32:47.111+0900][12.176s][info][gc,phases,start] GC(538) Compaction Phase
[2026-03-22T17:32:47.117+0900][12.182s][info][gc,phases      ] GC(538) Compaction Phase 5.481ms
[2026-03-22T17:32:47.117+0900][12.182s][info][gc,phases,start] GC(538) Post Compact
[2026-03-22T17:32:47.118+0900][12.183s][info][gc,phases      ] GC(538) Post Compact 1.450ms
[2026-03-22T17:32:47.118+0900][12.183s][info][gc,heap        ] GC(538) PSYoungGen: 163057K(163840K)->0K(163840K) Eden: 152561K(153088K)->0K(153088K) From: 10496K(10752K)->0K(10752K)
[2026-03-22T17:32:47.118+0900][12.183s][info][gc,heap        ] GC(538) ParOldGen: 291999K(349696K)->103430K(349696K)
[2026-03-22T17:32:47.118+0900][12.183s][info][gc,metaspace   ] GC(538) Metaspace: 338K(512K)->338K(512K) NonClass: 320K(384K)->320K(384K) Class: 17K(128K)->17K(128K)
[2026-03-22T17:32:47.118+0900][12.183s][info][gc             ] GC(538) Pause Full (Ergonomics) 444M->101M(501M) 8.476ms
[2026-03-22T17:32:47.118+0900][12.183s][info][gc,cpu         ] GC(538) User=0.00s Sys=0.00s Real=0.01s
[2026-03-22T17:32:47.133+0900][12.198s][info][gc,start       ] GC(539) Pause Young (Allocation Failure)
[2026-03-22T17:32:47.137+0900][12.203s][info][gc,heap        ] GC(539) PSYoungGen: 152561K(163840K)->10496K(163840K) Eden: 152561K(153088K)->0K(153088K) From: 0K(10752K)->10496K(10752K)
[2026-03-22T17:32:47.137+0900][12.203s][info][gc,heap        ] GC(539) ParOldGen: 103430K(349696K)->197639K(349696K)
[2026-03-22T17:32:47.137+0900][12.203s][info][gc,metaspace   ] GC(539) Metaspace: 338K(512K)->338K(512K) NonClass: 320K(384K)->320K(384K) Class: 17K(128K)->17K(128K)
[2026-03-22T17:32:47.137+0900][12.203s][info][gc             ] GC(539) Pause Young (Allocation Failure) 249M->203M(501M) 4.831ms
[2026-03-22T17:32:47.137+0900][12.203s][info][gc,cpu         ] GC(539) User=0.06s Sys=0.00s Real=0.00s
[2026-03-22T17:32:47.152+0900][12.217s][info][gc,start       ] GC(540) Pause Young (Allocation Failure)
[2026-03-22T17:32:47.156+0900][12.222s][info][gc,heap        ] GC(540) PSYoungGen: 163057K(163840K)->10496K(163840K) Eden: 152561K(153088K)->0K(153088K) From: 10496K(10752K)->10496K(10752K)
[2026-03-22T17:32:47.156+0900][12.222s][info][gc,heap        ] GC(540) ParOldGen: 197639K(349696K)->291999K(349696K)
[2026-03-22T17:32:47.156+0900][12.222s][info][gc,metaspace   ] GC(540) Metaspace: 338K(512K)->338K(512K) NonClass: 320K(384K)->320K(384K) Class: 17K(128K)->17K(128K)
[2026-03-22T17:32:47.156+0900][12.222s][info][gc             ] GC(540) Pause Young (Allocation Failure) 352M->295M(501M) 4.949ms
[2026-03-22T17:32:47.156+0900][12.222s][info][gc,cpu         ] GC(540) User=0.00s Sys=0.00s Real=0.00s
[2026-03-22T17:32:47.170+0900][12.237s][info][gc,start       ] GC(541) Pause Full (Ergonomics)
[2026-03-22T17:32:47.174+0900][12.240s][info][gc,phases,start] GC(541) Marking Phase
[2026-03-22T17:32:47.175+0900][12.241s][info][gc,phases      ] GC(541) Marking Phase 1.079ms
[2026-03-22T17:32:47.175+0900][12.241s][info][gc,phases,start] GC(541) Summary Phase
[2026-03-22T17:32:47.175+0900][12.241s][info][gc,phases      ] GC(541) Summary Phase 0.015ms
[2026-03-22T17:32:47.175+0900][12.241s][info][gc,phases,start] GC(541) Adjust Roots
[2026-03-22T17:32:47.175+0900][12.241s][info][gc,phases      ] GC(541) Adjust Roots 0.167ms
[2026-03-22T17:32:47.175+0900][12.241s][info][gc,phases,start] GC(541) Compaction Phase
[2026-03-22T17:32:47.181+0900][12.247s][info][gc,phases      ] GC(541) Compaction Phase 5.437ms
[2026-03-22T17:32:47.181+0900][12.247s][info][gc,phases,start] GC(541) Post Compact
[2026-03-22T17:32:47.182+0900][12.248s][info][gc,phases      ] GC(541) Post Compact 1.401ms
[2026-03-22T17:32:47.182+0900][12.248s][info][gc,heap        ] GC(541) PSYoungGen: 163057K(163840K)->0K(163840K) Eden: 152561K(153088K)->0K(153088K) From: 10496K(10752K)->0K(10752K)
[2026-03-22T17:32:47.182+0900][12.248s][info][gc,heap        ] GC(541) ParOldGen: 291999K(349696K)->103430K(349696K)
[2026-03-22T17:32:47.182+0900][12.248s][info][gc,metaspace   ] GC(541) Metaspace: 338K(512K)->338K(512K) NonClass: 320K(384K)->320K(384K) Class: 17K(128K)->17K(128K)
[2026-03-22T17:32:47.182+0900][12.248s][info][gc             ] GC(541) Pause Full (Ergonomics) 444M->101M(501M) 11.569ms
[2026-03-22T17:32:47.182+0900][12.248s][info][gc,cpu         ] GC(541) User=0.00s Sys=0.02s Real=0.01s
[2026-03-22T17:32:47.197+0900][12.263s][info][gc,start       ] GC(542) Pause Young (Allocation Failure)
[2026-03-22T17:32:47.201+0900][12.267s][info][gc,heap        ] GC(542) PSYoungGen: 152561K(163840K)->10496K(163840K) Eden: 152561K(153088K)->0K(153088K) From: 0K(10752K)->10496K(10752K)
[2026-03-22T17:32:47.201+0900][12.267s][info][gc,heap        ] GC(542) ParOldGen: 103430K(349696K)->197639K(349696K)
[2026-03-22T17:32:47.201+0900][12.268s][info][gc,metaspace   ] GC(542) Metaspace: 338K(512K)->338K(512K) NonClass: 320K(384K)->320K(384K) Class: 17K(128K)->17K(128K)
[2026-03-22T17:32:47.201+0900][12.268s][info][gc             ] GC(542) Pause Young (Allocation Failure) 249M->203M(501M) 4.523ms
[2026-03-22T17:32:47.201+0900][12.268s][info][gc,cpu         ] GC(542) User=0.00s Sys=0.00s Real=0.00s
[2026-03-22T17:32:47.218+0900][12.283s][info][gc,start       ] GC(543) Pause Young (Allocation Failure)
[2026-03-22T17:32:47.223+0900][12.288s][info][gc,heap        ] GC(543) PSYoungGen: 163057K(163840K)->10496K(163840K) Eden: 152561K(153088K)->0K(153088K) From: 10496K(10752K)->10496K(10752K)
[2026-03-22T17:32:47.223+0900][12.288s][info][gc,heap        ] GC(543) ParOldGen: 197639K(349696K)->291999K(349696K)
[2026-03-22T17:32:47.223+0900][12.288s][info][gc,metaspace   ] GC(543) Metaspace: 338K(512K)->338K(512K) NonClass: 320K(384K)->320K(384K) Class: 17K(128K)->17K(128K)
[2026-03-22T17:32:47.223+0900][12.288s][info][gc             ] GC(543) Pause Young (Allocation Failure) 352M->295M(501M) 5.174ms
[2026-03-22T17:32:47.223+0900][12.288s][info][gc,cpu         ] GC(543) User=0.00s Sys=0.00s Real=0.01s
[2026-03-22T17:32:47.237+0900][12.304s][info][gc,start       ] GC(544) Pause Full (Ergonomics)
[2026-03-22T17:32:47.238+0900][12.304s][info][gc,phases,start] GC(544) Marking Phase
[2026-03-22T17:32:47.239+0900][12.305s][info][gc,phases      ] GC(544) Marking Phase 1.082ms
[2026-03-22T17:32:47.239+0900][12.305s][info][gc,phases,start] GC(544) Summary Phase
[2026-03-22T17:32:47.239+0900][12.305s][info][gc,phases      ] GC(544) Summary Phase 0.016ms
[2026-03-22T17:32:47.239+0900][12.305s][info][gc,phases,start] GC(544) Adjust Roots
[2026-03-22T17:32:47.239+0900][12.305s][info][gc,phases      ] GC(544) Adjust Roots 0.222ms
[2026-03-22T17:32:47.239+0900][12.305s][info][gc,phases,start] GC(544) Compaction Phase
[2026-03-22T17:32:47.245+0900][12.310s][info][gc,phases      ] GC(544) Compaction Phase 5.435ms
[2026-03-22T17:32:47.245+0900][12.310s][info][gc,phases,start] GC(544) Post Compact
[2026-03-22T17:32:47.246+0900][12.312s][info][gc,phases      ] GC(544) Post Compact 1.412ms
[2026-03-22T17:32:47.246+0900][12.312s][info][gc,heap        ] GC(544) PSYoungGen: 163057K(163840K)->0K(163840K) Eden: 152561K(153088K)->0K(153088K) From: 10496K(10752K)->0K(10752K)
[2026-03-22T17:32:47.246+0900][12.312s][info][gc,heap        ] GC(544) ParOldGen: 291999K(349696K)->103430K(349696K)
[2026-03-22T17:32:47.246+0900][12.312s][info][gc,metaspace   ] GC(544) Metaspace: 338K(512K)->338K(512K) NonClass: 320K(384K)->320K(384K) Class: 17K(128K)->17K(128K)
[2026-03-22T17:32:47.246+0900][12.312s][info][gc             ] GC(544) Pause Full (Ergonomics) 444M->101M(501M) 8.440ms
[2026-03-22T17:32:47.246+0900][12.312s][info][gc,cpu         ] GC(544) User=0.05s Sys=0.02s Real=0.01s
[2026-03-22T17:32:47.261+0900][12.327s][info][gc,start       ] GC(545) Pause Young (Allocation Failure)
[2026-03-22T17:32:47.265+0900][12.331s][info][gc,heap        ] GC(545) PSYoungGen: 152561K(163840K)->10496K(163840K) Eden: 152561K(153088K)->0K(153088K) From: 0K(10752K)->10496K(10752K)
[2026-03-22T17:32:47.265+0900][12.331s][info][gc,heap        ] GC(545) ParOldGen: 103430K(349696K)->197639K(349696K)
[2026-03-22T17:32:47.265+0900][12.331s][info][gc,metaspace   ] GC(545) Metaspace: 338K(512K)->338K(512K) NonClass: 320K(384K)->320K(384K) Class: 17K(128K)->17K(128K)
[2026-03-22T17:32:47.266+0900][12.331s][info][gc             ] GC(545) Pause Young (Allocation Failure) 249M->203M(501M) 4.762ms
[2026-03-22T17:32:47.266+0900][12.331s][info][gc,cpu         ] GC(545) User=0.00s Sys=0.00s Real=0.01s
[2026-03-22T17:32:47.280+0900][12.346s][info][gc,start       ] GC(546) Pause Young (Allocation Failure)
[2026-03-22T17:32:47.285+0900][12.351s][info][gc,heap        ] GC(546) PSYoungGen: 163057K(163840K)->10464K(163840K) Eden: 152561K(153088K)->0K(153088K) From: 10496K(10752K)->10464K(10752K)
[2026-03-22T17:32:47.285+0900][12.351s][info][gc,heap        ] GC(546) ParOldGen: 197639K(349696K)->291999K(349696K)
[2026-03-22T17:32:47.285+0900][12.351s][info][gc,metaspace   ] GC(546) Metaspace: 338K(512K)->338K(512K) NonClass: 320K(384K)->320K(384K) Class: 17K(128K)->17K(128K)
[2026-03-22T17:32:47.285+0900][12.351s][info][gc             ] GC(546) Pause Young (Allocation Failure) 352M->295M(501M) 4.717ms
[2026-03-22T17:32:47.285+0900][12.351s][info][gc,cpu         ] GC(546) User=0.00s Sys=0.00s Real=0.01s
[2026-03-22T17:32:47.300+0900][12.366s][info][gc,start       ] GC(547) Pause Full (Ergonomics)
[2026-03-22T17:32:47.300+0900][12.366s][info][gc,phases,start] GC(547) Marking Phase
[2026-03-22T17:32:47.302+0900][12.368s][info][gc,phases      ] GC(547) Marking Phase 1.068ms
[2026-03-22T17:32:47.302+0900][12.368s][info][gc,phases,start] GC(547) Summary Phase
[2026-03-22T17:32:47.302+0900][12.368s][info][gc,phases      ] GC(547) Summary Phase 0.015ms
[2026-03-22T17:32:47.302+0900][12.368s][info][gc,phases,start] GC(547) Adjust Roots
[2026-03-22T17:32:47.302+0900][12.368s][info][gc,phases      ] GC(547) Adjust Roots 0.181ms
[2026-03-22T17:32:47.302+0900][12.368s][info][gc,phases,start] GC(547) Compaction Phase
[2026-03-22T17:32:47.308+0900][12.374s][info][gc,phases      ] GC(547) Compaction Phase 6.074ms
[2026-03-22T17:32:47.309+0900][12.374s][info][gc,phases,start] GC(547) Post Compact
[2026-03-22T17:32:47.310+0900][12.376s][info][gc,phases      ] GC(547) Post Compact 1.690ms
[2026-03-22T17:32:47.310+0900][12.376s][info][gc,heap        ] GC(547) PSYoungGen: 163025K(163840K)->0K(163840K) Eden: 152561K(153088K)->0K(153088K) From: 10464K(10752K)->0K(10752K)
[2026-03-22T17:32:47.310+0900][12.376s][info][gc,heap        ] GC(547) ParOldGen: 291999K(349696K)->103430K(349696K)
[2026-03-22T17:32:47.310+0900][12.376s][info][gc,metaspace   ] GC(547) Metaspace: 338K(512K)->338K(512K) NonClass: 320K(384K)->320K(384K) Class: 17K(128K)->17K(128K)
[2026-03-22T17:32:47.310+0900][12.376s][info][gc             ] GC(547) Pause Full (Ergonomics) 444M->101M(501M) 9.487ms
[2026-03-22T17:32:47.310+0900][12.376s][info][gc,cpu         ] GC(547) User=0.05s Sys=0.00s Real=0.01s
[2026-03-22T17:32:47.327+0900][12.392s][info][gc,start       ] GC(548) Pause Young (Allocation Failure)
[2026-03-22T17:32:47.332+0900][12.397s][info][gc,heap        ] GC(548) PSYoungGen: 152561K(163840K)->10496K(163840K) Eden: 152561K(153088K)->0K(153088K) From: 0K(10752K)->10496K(10752K)
[2026-03-22T17:32:47.332+0900][12.397s][info][gc,heap        ] GC(548) ParOldGen: 103430K(349696K)->197639K(349696K)
[2026-03-22T17:32:47.332+0900][12.397s][info][gc,metaspace   ] GC(548) Metaspace: 338K(512K)->338K(512K) NonClass: 320K(384K)->320K(384K) Class: 17K(128K)->17K(128K)
[2026-03-22T17:32:47.332+0900][12.397s][info][gc             ] GC(548) Pause Young (Allocation Failure) 249M->203M(501M) 4.653ms
[2026-03-22T17:32:47.332+0900][12.397s][info][gc,cpu         ] GC(548) User=0.00s Sys=0.00s Real=0.01s
[2026-03-22T17:32:47.347+0900][12.413s][info][gc,start       ] GC(549) Pause Young (Allocation Failure)
[2026-03-22T17:32:47.351+0900][12.417s][info][gc,heap        ] GC(549) PSYoungGen: 163057K(163840K)->10496K(163840K) Eden: 152561K(153088K)->0K(153088K) From: 10496K(10752K)->10496K(10752K)
[2026-03-22T17:32:47.351+0900][12.417s][info][gc,heap        ] GC(549) ParOldGen: 197639K(349696K)->291999K(349696K)
[2026-03-22T17:32:47.351+0900][12.417s][info][gc,metaspace   ] GC(549) Metaspace: 338K(512K)->338K(512K) NonClass: 320K(384K)->320K(384K) Class: 17K(128K)->17K(128K)
[2026-03-22T17:32:47.351+0900][12.417s][info][gc             ] GC(549) Pause Young (Allocation Failure) 352M->295M(501M) 4.656ms
[2026-03-22T17:32:47.351+0900][12.417s][info][gc,cpu         ] GC(549) User=0.00s Sys=0.00s Real=0.00s
[2026-03-22T17:32:47.366+0900][12.432s][info][gc,start       ] GC(550) Pause Full (Ergonomics)
[2026-03-22T17:32:47.366+0900][12.432s][info][gc,phases,start] GC(550) Marking Phase
[2026-03-22T17:32:47.367+0900][12.433s][info][gc,phases      ] GC(550) Marking Phase 0.910ms
[2026-03-22T17:32:47.367+0900][12.433s][info][gc,phases,start] GC(550) Summary Phase
[2026-03-22T17:32:47.367+0900][12.433s][info][gc,phases      ] GC(550) Summary Phase 0.016ms
[2026-03-22T17:32:47.367+0900][12.433s][info][gc,phases,start] GC(550) Adjust Roots
[2026-03-22T17:32:47.367+0900][12.433s][info][gc,phases      ] GC(550) Adjust Roots 0.224ms
[2026-03-22T17:32:47.367+0900][12.433s][info][gc,phases,start] GC(550) Compaction Phase
[2026-03-22T17:32:47.373+0900][12.439s][info][gc,phases      ] GC(550) Compaction Phase 5.579ms
[2026-03-22T17:32:47.373+0900][12.439s][info][gc,phases,start] GC(550) Post Compact
[2026-03-22T17:32:47.374+0900][12.440s][info][gc,phases      ] GC(550) Post Compact 1.407ms
[2026-03-22T17:32:47.374+0900][12.440s][info][gc,heap        ] GC(550) PSYoungGen: 163057K(163840K)->0K(163840K) Eden: 152561K(153088K)->0K(153088K) From: 10496K(10752K)->0K(10752K)
[2026-03-22T17:32:47.374+0900][12.440s][info][gc,heap        ] GC(550) ParOldGen: 291999K(349696K)->103430K(349696K)
[2026-03-22T17:32:47.374+0900][12.440s][info][gc,metaspace   ] GC(550) Metaspace: 338K(512K)->338K(512K) NonClass: 320K(384K)->320K(384K) Class: 17K(128K)->17K(128K)
[2026-03-22T17:32:47.374+0900][12.440s][info][gc             ] GC(550) Pause Full (Ergonomics) 444M->101M(501M) 8.432ms
[2026-03-22T17:32:47.374+0900][12.440s][info][gc,cpu         ] GC(550) User=0.03s Sys=0.02s Real=0.01s
[2026-03-22T17:32:47.389+0900][12.455s][info][gc,start       ] GC(551) Pause Young (Allocation Failure)
[2026-03-22T17:32:47.394+0900][12.459s][info][gc,heap        ] GC(551) PSYoungGen: 152561K(163840K)->10496K(163840K) Eden: 152561K(153088K)->0K(153088K) From: 0K(10752K)->10496K(10752K)
[2026-03-22T17:32:47.394+0900][12.459s][info][gc,heap        ] GC(551) ParOldGen: 103430K(349696K)->197639K(349696K)
[2026-03-22T17:32:47.394+0900][12.459s][info][gc,metaspace   ] GC(551) Metaspace: 338K(512K)->338K(512K) NonClass: 320K(384K)->320K(384K) Class: 17K(128K)->17K(128K)
[2026-03-22T17:32:47.394+0900][12.459s][info][gc             ] GC(551) Pause Young (Allocation Failure) 249M->203M(501M) 4.392ms
[2026-03-22T17:32:47.394+0900][12.459s][info][gc,cpu         ] GC(551) User=0.00s Sys=0.00s Real=0.01s
[2026-03-22T17:32:47.409+0900][12.474s][info][gc,start       ] GC(552) Pause Young (Allocation Failure)
[2026-03-22T17:32:47.413+0900][12.479s][info][gc,heap        ] GC(552) PSYoungGen: 163057K(163840K)->10496K(163840K) Eden: 152561K(153088K)->0K(153088K) From: 10496K(10752K)->10496K(10752K)
[2026-03-22T17:32:47.413+0900][12.479s][info][gc,heap        ] GC(552) ParOldGen: 197639K(349696K)->291999K(349696K)
[2026-03-22T17:32:47.413+0900][12.479s][info][gc,metaspace   ] GC(552) Metaspace: 338K(512K)->338K(512K) NonClass: 320K(384K)->320K(384K) Class: 17K(128K)->17K(128K)
[2026-03-22T17:32:47.413+0900][12.479s][info][gc             ] GC(552) Pause Young (Allocation Failure) 352M->295M(501M) 4.894ms
[2026-03-22T17:32:47.413+0900][12.479s][info][gc,cpu         ] GC(552) User=0.00s Sys=0.00s Real=0.00s
[2026-03-22T17:32:47.429+0900][12.495s][info][gc,start       ] GC(553) Pause Full (Ergonomics)
[2026-03-22T17:32:47.429+0900][12.495s][info][gc,phases,start] GC(553) Marking Phase
[2026-03-22T17:32:47.430+0900][12.496s][info][gc,phases      ] GC(553) Marking Phase 1.383ms
[2026-03-22T17:32:47.430+0900][12.496s][info][gc,phases,start] GC(553) Summary Phase
[2026-03-22T17:32:47.430+0900][12.496s][info][gc,phases      ] GC(553) Summary Phase 0.027ms
[2026-03-22T17:32:47.430+0900][12.496s][info][gc,phases,start] GC(553) Adjust Roots
[2026-03-22T17:32:47.431+0900][12.496s][info][gc,phases      ] GC(553) Adjust Roots 0.341ms
[2026-03-22T17:32:47.431+0900][12.496s][info][gc,phases,start] GC(553) Compaction Phase
[2026-03-22T17:32:47.437+0900][12.502s][info][gc,phases      ] GC(553) Compaction Phase 5.633ms
[2026-03-22T17:32:47.437+0900][12.502s][info][gc,phases,start] GC(553) Post Compact
[2026-03-22T17:32:47.438+0900][12.504s][info][gc,phases      ] GC(553) Post Compact 1.624ms
[2026-03-22T17:32:47.438+0900][12.504s][info][gc,heap        ] GC(553) PSYoungGen: 163057K(163840K)->0K(163840K) Eden: 152561K(153088K)->0K(153088K) From: 10496K(10752K)->0K(10752K)
[2026-03-22T17:32:47.438+0900][12.504s][info][gc,heap        ] GC(553) ParOldGen: 291999K(349696K)->103430K(349696K)
[2026-03-22T17:32:47.438+0900][12.504s][info][gc,metaspace   ] GC(553) Metaspace: 338K(512K)->338K(512K) NonClass: 320K(384K)->320K(384K) Class: 17K(128K)->17K(128K)
[2026-03-22T17:32:47.438+0900][12.504s][info][gc             ] GC(553) Pause Full (Ergonomics) 444M->101M(501M) 9.490ms
[2026-03-22T17:32:47.438+0900][12.504s][info][gc,cpu         ] GC(553) User=0.06s Sys=0.00s Real=0.01s
[2026-03-22T17:32:47.452+0900][12.519s][info][gc,start       ] GC(554) Pause Young (Allocation Failure)
[2026-03-22T17:32:47.457+0900][12.523s][info][gc,heap        ] GC(554) PSYoungGen: 152561K(163840K)->10496K(163840K) Eden: 152561K(153088K)->0K(153088K) From: 0K(10752K)->10496K(10752K)
[2026-03-22T17:32:47.457+0900][12.523s][info][gc,heap        ] GC(554) ParOldGen: 103430K(349696K)->197639K(349696K)
[2026-03-22T17:32:47.457+0900][12.523s][info][gc,metaspace   ] GC(554) Metaspace: 338K(512K)->338K(512K) NonClass: 320K(384K)->320K(384K) Class: 17K(128K)->17K(128K)
[2026-03-22T17:32:47.457+0900][12.523s][info][gc             ] GC(554) Pause Young (Allocation Failure) 249M->203M(501M) 4.413ms
[2026-03-22T17:32:47.457+0900][12.523s][info][gc,cpu         ] GC(554) User=0.00s Sys=0.00s Real=0.01s
[2026-03-22T17:32:47.471+0900][12.538s][info][gc,start       ] GC(555) Pause Young (Allocation Failure)
[2026-03-22T17:32:47.476+0900][12.542s][info][gc,heap        ] GC(555) PSYoungGen: 163057K(163840K)->10496K(163840K) Eden: 152561K(153088K)->0K(153088K) From: 10496K(10752K)->10496K(10752K)
[2026-03-22T17:32:47.476+0900][12.542s][info][gc,heap        ] GC(555) ParOldGen: 197639K(349696K)->291999K(349696K)
[2026-03-22T17:32:47.476+0900][12.542s][info][gc,metaspace   ] GC(555) Metaspace: 338K(512K)->338K(512K) NonClass: 320K(384K)->320K(384K) Class: 17K(128K)->17K(128K)
[2026-03-22T17:32:47.476+0900][12.542s][info][gc             ] GC(555) Pause Young (Allocation Failure) 352M->295M(501M) 4.716ms
[2026-03-22T17:32:47.476+0900][12.542s][info][gc,cpu         ] GC(555) User=0.00s Sys=0.00s Real=0.01s
[2026-03-22T17:32:47.492+0900][12.558s][info][gc,start       ] GC(556) Pause Full (Ergonomics)
[2026-03-22T17:32:47.492+0900][12.558s][info][gc,phases,start] GC(556) Marking Phase
[2026-03-22T17:32:47.493+0900][12.559s][info][gc,phases      ] GC(556) Marking Phase 0.971ms
[2026-03-22T17:32:47.493+0900][12.559s][info][gc,phases,start] GC(556) Summary Phase
[2026-03-22T17:32:47.493+0900][12.559s][info][gc,phases      ] GC(556) Summary Phase 0.015ms
[2026-03-22T17:32:47.493+0900][12.559s][info][gc,phases,start] GC(556) Adjust Roots
[2026-03-22T17:32:47.493+0900][12.559s][info][gc,phases      ] GC(556) Adjust Roots 0.200ms
[2026-03-22T17:32:47.493+0900][12.559s][info][gc,phases,start] GC(556) Compaction Phase
[2026-03-22T17:32:47.499+0900][12.564s][info][gc,phases      ] GC(556) Compaction Phase 5.435ms
[2026-03-22T17:32:47.499+0900][12.564s][info][gc,phases,start] GC(556) Post Compact
[2026-03-22T17:32:47.501+0900][12.566s][info][gc,phases      ] GC(556) Post Compact 1.589ms
[2026-03-22T17:32:47.501+0900][12.566s][info][gc,heap        ] GC(556) PSYoungGen: 163057K(163840K)->0K(163840K) Eden: 152561K(153088K)->0K(153088K) From: 10496K(10752K)->0K(10752K)
[2026-03-22T17:32:47.501+0900][12.566s][info][gc,heap        ] GC(556) ParOldGen: 291999K(349696K)->103430K(349696K)
[2026-03-22T17:32:47.501+0900][12.566s][info][gc,metaspace   ] GC(556) Metaspace: 338K(512K)->338K(512K) NonClass: 320K(384K)->320K(384K) Class: 17K(128K)->17K(128K)
[2026-03-22T17:32:47.501+0900][12.566s][info][gc             ] GC(556) Pause Full (Ergonomics) 444M->101M(501M) 8.478ms
[2026-03-22T17:32:47.501+0900][12.566s][info][gc,cpu         ] GC(556) User=0.06s Sys=0.00s Real=0.01s
[2026-03-22T17:32:47.515+0900][12.581s][info][gc,start       ] GC(557) Pause Young (Allocation Failure)
[2026-03-22T17:32:47.520+0900][12.586s][info][gc,heap        ] GC(557) PSYoungGen: 152561K(163840K)->10496K(163840K) Eden: 152561K(153088K)->0K(153088K) From: 0K(10752K)->10496K(10752K)
[2026-03-22T17:32:47.520+0900][12.586s][info][gc,heap        ] GC(557) ParOldGen: 103430K(349696K)->197639K(349696K)
[2026-03-22T17:32:47.520+0900][12.586s][info][gc,metaspace   ] GC(557) Metaspace: 338K(512K)->338K(512K) NonClass: 320K(384K)->320K(384K) Class: 17K(128K)->17K(128K)
[2026-03-22T17:32:47.520+0900][12.586s][info][gc             ] GC(557) Pause Young (Allocation Failure) 249M->203M(501M) 4.782ms
[2026-03-22T17:32:47.520+0900][12.586s][info][gc,cpu         ] GC(557) User=0.00s Sys=0.00s Real=0.00s
[2026-03-22T17:32:47.535+0900][12.601s][info][gc,start       ] GC(558) Pause Young (Allocation Failure)
[2026-03-22T17:32:47.540+0900][12.606s][info][gc,heap        ] GC(558) PSYoungGen: 163057K(163840K)->10496K(163840K) Eden: 152561K(153088K)->0K(153088K) From: 10496K(10752K)->10496K(10752K)
[2026-03-22T17:32:47.540+0900][12.606s][info][gc,heap        ] GC(558) ParOldGen: 197639K(349696K)->291999K(349696K)
[2026-03-22T17:32:47.540+0900][12.606s][info][gc,metaspace   ] GC(558) Metaspace: 338K(512K)->338K(512K) NonClass: 320K(384K)->320K(384K) Class: 17K(128K)->17K(128K)
[2026-03-22T17:32:47.540+0900][12.606s][info][gc             ] GC(558) Pause Young (Allocation Failure) 352M->295M(501M) 4.826ms
[2026-03-22T17:32:47.540+0900][12.606s][info][gc,cpu         ] GC(558) User=0.00s Sys=0.00s Real=0.00s
[2026-03-22T17:32:47.556+0900][12.623s][info][gc,start       ] GC(559) Pause Full (Ergonomics)
[2026-03-22T17:32:47.556+0900][12.623s][info][gc,phases,start] GC(559) Marking Phase
[2026-03-22T17:32:47.558+0900][12.624s][info][gc,phases      ] GC(559) Marking Phase 1.093ms
[2026-03-22T17:32:47.558+0900][12.624s][info][gc,phases,start] GC(559) Summary Phase
[2026-03-22T17:32:47.558+0900][12.624s][info][gc,phases      ] GC(559) Summary Phase 0.018ms
[2026-03-22T17:32:47.558+0900][12.624s][info][gc,phases,start] GC(559) Adjust Roots
[2026-03-22T17:32:47.558+0900][12.624s][info][gc,phases      ] GC(559) Adjust Roots 0.163ms
[2026-03-22T17:32:47.558+0900][12.624s][info][gc,phases,start] GC(559) Compaction Phase
[2026-03-22T17:32:47.563+0900][12.629s][info][gc,phases      ] GC(559) Compaction Phase 5.490ms
[2026-03-22T17:32:47.564+0900][12.629s][info][gc,phases,start] GC(559) Post Compact
[2026-03-22T17:32:47.565+0900][12.631s][info][gc,phases      ] GC(559) Post Compact 1.494ms
[2026-03-22T17:32:47.565+0900][12.631s][info][gc,heap        ] GC(559) PSYoungGen: 163057K(163840K)->0K(163840K) Eden: 152561K(153088K)->0K(153088K) From: 10496K(10752K)->0K(10752K)
[2026-03-22T17:32:47.565+0900][12.631s][info][gc,heap        ] GC(559) ParOldGen: 291999K(349696K)->103430K(349696K)
[2026-03-22T17:32:47.565+0900][12.631s][info][gc,metaspace   ] GC(559) Metaspace: 338K(512K)->338K(512K) NonClass: 320K(384K)->320K(384K) Class: 17K(128K)->17K(128K)
[2026-03-22T17:32:47.565+0900][12.631s][info][gc             ] GC(559) Pause Full (Ergonomics) 444M->101M(501M) 8.573ms
[2026-03-22T17:32:47.565+0900][12.631s][info][gc,cpu         ] GC(559) User=0.00s Sys=0.00s Real=0.01s
[2026-03-22T17:32:47.581+0900][12.647s][info][gc,start       ] GC(560) Pause Young (Allocation Failure)
[2026-03-22T17:32:47.585+0900][12.651s][info][gc,heap        ] GC(560) PSYoungGen: 152561K(163840K)->10496K(163840K) Eden: 152561K(153088K)->0K(153088K) From: 0K(10752K)->10496K(10752K)
[2026-03-22T17:32:47.585+0900][12.651s][info][gc,heap        ] GC(560) ParOldGen: 103430K(349696K)->197639K(349696K)
[2026-03-22T17:32:47.585+0900][12.651s][info][gc,metaspace   ] GC(560) Metaspace: 338K(512K)->338K(512K) NonClass: 320K(384K)->320K(384K) Class: 17K(128K)->17K(128K)
[2026-03-22T17:32:47.585+0900][12.651s][info][gc             ] GC(560) Pause Young (Allocation Failure) 249M->203M(501M) 4.436ms
[2026-03-22T17:32:47.585+0900][12.651s][info][gc,cpu         ] GC(560) User=0.00s Sys=0.00s Real=0.00s
[2026-03-22T17:32:47.601+0900][12.667s][info][gc,start       ] GC(561) Pause Young (Allocation Failure)
[2026-03-22T17:32:47.606+0900][12.672s][info][gc,heap        ] GC(561) PSYoungGen: 163057K(163840K)->10496K(163840K) Eden: 152561K(153088K)->0K(153088K) From: 10496K(10752K)->10496K(10752K)
[2026-03-22T17:32:47.606+0900][12.672s][info][gc,heap        ] GC(561) ParOldGen: 197639K(349696K)->291999K(349696K)
[2026-03-22T17:32:47.606+0900][12.672s][info][gc,metaspace   ] GC(561) Metaspace: 338K(512K)->338K(512K) NonClass: 320K(384K)->320K(384K) Class: 17K(128K)->17K(128K)
[2026-03-22T17:32:47.606+0900][12.672s][info][gc             ] GC(561) Pause Young (Allocation Failure) 352M->295M(501M) 4.851ms
[2026-03-22T17:32:47.606+0900][12.672s][info][gc,cpu         ] GC(561) User=0.06s Sys=0.00s Real=0.00s
[2026-03-22T17:32:47.621+0900][12.687s][info][gc,start       ] GC(562) Pause Full (Ergonomics)
[2026-03-22T17:32:47.621+0900][12.687s][info][gc,phases,start] GC(562) Marking Phase
[2026-03-22T17:32:47.622+0900][12.689s][info][gc,phases      ] GC(562) Marking Phase 1.257ms
[2026-03-22T17:32:47.623+0900][12.689s][info][gc,phases,start] GC(562) Summary Phase
[2026-03-22T17:32:47.623+0900][12.689s][info][gc,phases      ] GC(562) Summary Phase 0.035ms
[2026-03-22T17:32:47.623+0900][12.689s][info][gc,phases,start] GC(562) Adjust Roots
[2026-03-22T17:32:47.623+0900][12.689s][info][gc,phases      ] GC(562) Adjust Roots 0.305ms
[2026-03-22T17:32:47.623+0900][12.689s][info][gc,phases,start] GC(562) Compaction Phase
[2026-03-22T17:32:47.631+0900][12.697s][info][gc,phases      ] GC(562) Compaction Phase 8.006ms
[2026-03-22T17:32:47.631+0900][12.697s][info][gc,phases,start] GC(562) Post Compact
[2026-03-22T17:32:47.632+0900][12.699s][info][gc,phases      ] GC(562) Post Compact 1.416ms
[2026-03-22T17:32:47.632+0900][12.699s][info][gc,heap        ] GC(562) PSYoungGen: 163057K(163840K)->0K(163840K) Eden: 152561K(153088K)->0K(153088K) From: 10496K(10752K)->0K(10752K)
[2026-03-22T17:32:47.632+0900][12.699s][info][gc,heap        ] GC(562) ParOldGen: 291999K(349696K)->103430K(349696K)
[2026-03-22T17:32:47.632+0900][12.699s][info][gc,metaspace   ] GC(562) Metaspace: 338K(512K)->338K(512K) NonClass: 320K(384K)->320K(384K) Class: 17K(128K)->17K(128K)
[2026-03-22T17:32:47.632+0900][12.699s][info][gc             ] GC(562) Pause Full (Ergonomics) 444M->101M(501M) 11.326ms
[2026-03-22T17:32:47.632+0900][12.699s][info][gc,cpu         ] GC(562) User=0.00s Sys=0.00s Real=0.01s
[2026-03-22T17:32:47.649+0900][12.714s][info][gc,start       ] GC(563) Pause Young (Allocation Failure)
[2026-03-22T17:32:47.654+0900][12.719s][info][gc,heap        ] GC(563) PSYoungGen: 152561K(163840K)->10496K(163840K) Eden: 152561K(153088K)->0K(153088K) From: 0K(10752K)->10496K(10752K)
[2026-03-22T17:32:47.654+0900][12.719s][info][gc,heap        ] GC(563) ParOldGen: 103430K(349696K)->197639K(349696K)
[2026-03-22T17:32:47.654+0900][12.719s][info][gc,metaspace   ] GC(563) Metaspace: 338K(512K)->338K(512K) NonClass: 320K(384K)->320K(384K) Class: 17K(128K)->17K(128K)
[2026-03-22T17:32:47.654+0900][12.719s][info][gc             ] GC(563) Pause Young (Allocation Failure) 249M->203M(501M) 5.070ms
[2026-03-22T17:32:47.654+0900][12.719s][info][gc,cpu         ] GC(563) User=0.06s Sys=0.00s Real=0.01s
[2026-03-22T17:32:47.669+0900][12.735s][info][gc,start       ] GC(564) Pause Young (Allocation Failure)
[2026-03-22T17:32:47.674+0900][12.740s][info][gc,heap        ] GC(564) PSYoungGen: 163057K(163840K)->10496K(163840K) Eden: 152561K(153088K)->0K(153088K) From: 10496K(10752K)->10496K(10752K)
[2026-03-22T17:32:47.675+0900][12.740s][info][gc,heap        ] GC(564) ParOldGen: 197639K(349696K)->291999K(349696K)
[2026-03-22T17:32:47.675+0900][12.740s][info][gc,metaspace   ] GC(564) Metaspace: 338K(512K)->338K(512K) NonClass: 320K(384K)->320K(384K) Class: 17K(128K)->17K(128K)
[2026-03-22T17:32:47.675+0900][12.740s][info][gc             ] GC(564) Pause Young (Allocation Failure) 352M->295M(501M) 5.314ms
[2026-03-22T17:32:47.675+0900][12.740s][info][gc,cpu         ] GC(564) User=0.00s Sys=0.00s Real=0.01s
[2026-03-22T17:32:47.689+0900][12.755s][info][gc,start       ] GC(565) Pause Full (Ergonomics)
[2026-03-22T17:32:47.689+0900][12.755s][info][gc,phases,start] GC(565) Marking Phase
[2026-03-22T17:32:47.691+0900][12.756s][info][gc,phases      ] GC(565) Marking Phase 1.007ms
[2026-03-22T17:32:47.691+0900][12.756s][info][gc,phases,start] GC(565) Summary Phase
[2026-03-22T17:32:47.691+0900][12.756s][info][gc,phases      ] GC(565) Summary Phase 0.021ms
[2026-03-22T17:32:47.691+0900][12.756s][info][gc,phases,start] GC(565) Adjust Roots
[2026-03-22T17:32:47.691+0900][12.756s][info][gc,phases      ] GC(565) Adjust Roots 0.147ms
[2026-03-22T17:32:47.691+0900][12.756s][info][gc,phases,start] GC(565) Compaction Phase
[2026-03-22T17:32:47.697+0900][12.762s][info][gc,phases      ] GC(565) Compaction Phase 5.921ms
[2026-03-22T17:32:47.697+0900][12.762s][info][gc,phases,start] GC(565) Post Compact
[2026-03-22T17:32:47.698+0900][12.764s][info][gc,phases      ] GC(565) Post Compact 1.458ms
[2026-03-22T17:32:47.698+0900][12.764s][info][gc,heap        ] GC(565) PSYoungGen: 163057K(163840K)->0K(163840K) Eden: 152561K(153088K)->0K(153088K) From: 10496K(10752K)->0K(10752K)
[2026-03-22T17:32:47.698+0900][12.764s][info][gc,heap        ] GC(565) ParOldGen: 291999K(349696K)->103430K(349696K)
[2026-03-22T17:32:47.698+0900][12.764s][info][gc,metaspace   ] GC(565) Metaspace: 338K(512K)->338K(512K) NonClass: 320K(384K)->320K(384K) Class: 17K(128K)->17K(128K)
[2026-03-22T17:32:47.698+0900][12.764s][info][gc             ] GC(565) Pause Full (Ergonomics) 444M->101M(501M) 8.826ms
[2026-03-22T17:32:47.698+0900][12.764s][info][gc,cpu         ] GC(565) User=0.00s Sys=0.00s Real=0.01s
[2026-03-22T17:32:47.712+0900][12.778s][info][gc,start       ] GC(566) Pause Young (Allocation Failure)
[2026-03-22T17:32:47.717+0900][12.782s][info][gc,heap        ] GC(566) PSYoungGen: 152561K(163840K)->10496K(163840K) Eden: 152561K(153088K)->0K(153088K) From: 0K(10752K)->10496K(10752K)
[2026-03-22T17:32:47.717+0900][12.782s][info][gc,heap        ] GC(566) ParOldGen: 103430K(349696K)->197639K(349696K)
[2026-03-22T17:32:47.717+0900][12.782s][info][gc,metaspace   ] GC(566) Metaspace: 338K(512K)->338K(512K) NonClass: 320K(384K)->320K(384K) Class: 17K(128K)->17K(128K)
[2026-03-22T17:32:47.717+0900][12.782s][info][gc             ] GC(566) Pause Young (Allocation Failure) 249M->203M(501M) 4.758ms
[2026-03-22T17:32:47.717+0900][12.782s][info][gc,cpu         ] GC(566) User=0.05s Sys=0.00s Real=0.01s
[2026-03-22T17:32:47.730+0900][12.797s][info][gc,start       ] GC(567) Pause Young (Allocation Failure)
[2026-03-22T17:32:47.736+0900][12.801s][info][gc,heap        ] GC(567) PSYoungGen: 163057K(163840K)->10496K(163840K) Eden: 152561K(153088K)->0K(153088K) From: 10496K(10752K)->10496K(10752K)
[2026-03-22T17:32:47.736+0900][12.801s][info][gc,heap        ] GC(567) ParOldGen: 197639K(349696K)->291999K(349696K)
[2026-03-22T17:32:47.736+0900][12.801s][info][gc,metaspace   ] GC(567) Metaspace: 338K(512K)->338K(512K) NonClass: 320K(384K)->320K(384K) Class: 17K(128K)->17K(128K)
[2026-03-22T17:32:47.736+0900][12.801s][info][gc             ] GC(567) Pause Young (Allocation Failure) 352M->295M(501M) 4.455ms
[2026-03-22T17:32:47.736+0900][12.801s][info][gc,cpu         ] GC(567) User=0.00s Sys=0.00s Real=0.01s
[2026-03-22T17:32:47.748+0900][12.815s][info][gc,start       ] GC(568) Pause Full (Ergonomics)
[2026-03-22T17:32:47.749+0900][12.815s][info][gc,phases,start] GC(568) Marking Phase
[2026-03-22T17:32:47.750+0900][12.816s][info][gc,phases      ] GC(568) Marking Phase 1.023ms
[2026-03-22T17:32:47.750+0900][12.816s][info][gc,phases,start] GC(568) Summary Phase
[2026-03-22T17:32:47.750+0900][12.816s][info][gc,phases      ] GC(568) Summary Phase 0.012ms
[2026-03-22T17:32:47.750+0900][12.816s][info][gc,phases,start] GC(568) Adjust Roots
[2026-03-22T17:32:47.750+0900][12.816s][info][gc,phases      ] GC(568) Adjust Roots 0.162ms
[2026-03-22T17:32:47.750+0900][12.816s][info][gc,phases,start] GC(568) Compaction Phase
[2026-03-22T17:32:47.756+0900][12.821s][info][gc,phases      ] GC(568) Compaction Phase 5.378ms
[2026-03-22T17:32:47.756+0900][12.821s][info][gc,phases,start] GC(568) Post Compact
[2026-03-22T17:32:47.757+0900][12.823s][info][gc,phases      ] GC(568) Post Compact 1.362ms
[2026-03-22T17:32:47.757+0900][12.823s][info][gc,heap        ] GC(568) PSYoungGen: 163057K(163840K)->0K(163840K) Eden: 152561K(153088K)->0K(153088K) From: 10496K(10752K)->0K(10752K)
[2026-03-22T17:32:47.757+0900][12.823s][info][gc,heap        ] GC(568) ParOldGen: 291999K(349696K)->103430K(349696K)
[2026-03-22T17:32:47.757+0900][12.823s][info][gc,metaspace   ] GC(568) Metaspace: 338K(512K)->338K(512K) NonClass: 320K(384K)->320K(384K) Class: 17K(128K)->17K(128K)
[2026-03-22T17:32:47.757+0900][12.823s][info][gc             ] GC(568) Pause Full (Ergonomics) 444M->101M(501M) 8.117ms
[2026-03-22T17:32:47.757+0900][12.823s][info][gc,cpu         ] GC(568) User=0.00s Sys=0.00s Real=0.01s
[2026-03-22T17:32:47.771+0900][12.837s][info][gc,start       ] GC(569) Pause Young (Allocation Failure)
[2026-03-22T17:32:47.775+0900][12.841s][info][gc,heap        ] GC(569) PSYoungGen: 152561K(163840K)->10496K(163840K) Eden: 152561K(153088K)->0K(153088K) From: 0K(10752K)->10496K(10752K)
[2026-03-22T17:32:47.775+0900][12.841s][info][gc,heap        ] GC(569) ParOldGen: 103430K(349696K)->197639K(349696K)
[2026-03-22T17:32:47.775+0900][12.841s][info][gc,metaspace   ] GC(569) Metaspace: 338K(512K)->338K(512K) NonClass: 320K(384K)->320K(384K) Class: 17K(128K)->17K(128K)
[2026-03-22T17:32:47.775+0900][12.841s][info][gc             ] GC(569) Pause Young (Allocation Failure) 249M->203M(501M) 4.522ms
[2026-03-22T17:32:47.775+0900][12.841s][info][gc,cpu         ] GC(569) User=0.05s Sys=0.00s Real=0.00s
[2026-03-22T17:32:47.789+0900][12.855s][info][gc,start       ] GC(570) Pause Young (Allocation Failure)
[2026-03-22T17:32:47.794+0900][12.859s][info][gc,heap        ] GC(570) PSYoungGen: 163057K(163840K)->10496K(163840K) Eden: 152561K(153088K)->0K(153088K) From: 10496K(10752K)->10496K(10752K)
[2026-03-22T17:32:47.794+0900][12.859s][info][gc,heap        ] GC(570) ParOldGen: 197639K(349696K)->291999K(349696K)
[2026-03-22T17:32:47.794+0900][12.859s][info][gc,metaspace   ] GC(570) Metaspace: 338K(512K)->338K(512K) NonClass: 320K(384K)->320K(384K) Class: 17K(128K)->17K(128K)
[2026-03-22T17:32:47.794+0900][12.859s][info][gc             ] GC(570) Pause Young (Allocation Failure) 352M->295M(501M) 4.338ms
[2026-03-22T17:32:47.794+0900][12.859s][info][gc,cpu         ] GC(570) User=0.05s Sys=0.02s Real=0.00s
[2026-03-22T17:32:47.807+0900][12.873s][info][gc,start       ] GC(571) Pause Full (Ergonomics)
[2026-03-22T17:32:47.807+0900][12.873s][info][gc,phases,start] GC(571) Marking Phase
[2026-03-22T17:32:47.808+0900][12.874s][info][gc,phases      ] GC(571) Marking Phase 0.833ms
[2026-03-22T17:32:47.808+0900][12.874s][info][gc,phases,start] GC(571) Summary Phase
[2026-03-22T17:32:47.808+0900][12.874s][info][gc,phases      ] GC(571) Summary Phase 0.013ms
[2026-03-22T17:32:47.808+0900][12.874s][info][gc,phases,start] GC(571) Adjust Roots
[2026-03-22T17:32:47.809+0900][12.874s][info][gc,phases      ] GC(571) Adjust Roots 0.257ms
[2026-03-22T17:32:47.809+0900][12.874s][info][gc,phases,start] GC(571) Compaction Phase
[2026-03-22T17:32:47.815+0900][12.880s][info][gc,phases      ] GC(571) Compaction Phase 5.888ms
[2026-03-22T17:32:47.815+0900][12.880s][info][gc,phases,start] GC(571) Post Compact
[2026-03-22T17:32:47.816+0900][12.881s][info][gc,phases      ] GC(571) Post Compact 1.278ms
[2026-03-22T17:32:47.816+0900][12.881s][info][gc,heap        ] GC(571) PSYoungGen: 163057K(163840K)->0K(163840K) Eden: 152561K(153088K)->0K(153088K) From: 10496K(10752K)->0K(10752K)
[2026-03-22T17:32:47.816+0900][12.881s][info][gc,heap        ] GC(571) ParOldGen: 291999K(349696K)->103430K(349696K)
[2026-03-22T17:32:47.816+0900][12.881s][info][gc,metaspace   ] GC(571) Metaspace: 338K(512K)->338K(512K) NonClass: 320K(384K)->320K(384K) Class: 17K(128K)->17K(128K)
[2026-03-22T17:32:47.816+0900][12.881s][info][gc             ] GC(571) Pause Full (Ergonomics) 444M->101M(501M) 8.511ms
[2026-03-22T17:32:47.816+0900][12.881s][info][gc,cpu         ] GC(571) User=0.00s Sys=0.00s Real=0.01s
[2026-03-22T17:32:47.829+0900][12.895s][info][gc,start       ] GC(572) Pause Young (Allocation Failure)
[2026-03-22T17:32:47.834+0900][12.900s][info][gc,heap        ] GC(572) PSYoungGen: 152561K(163840K)->10496K(163840K) Eden: 152561K(153088K)->0K(153088K) From: 0K(10752K)->10496K(10752K)
[2026-03-22T17:32:47.834+0900][12.900s][info][gc,heap        ] GC(572) ParOldGen: 103430K(349696K)->197639K(349696K)
[2026-03-22T17:32:47.834+0900][12.900s][info][gc,metaspace   ] GC(572) Metaspace: 338K(512K)->338K(512K) NonClass: 320K(384K)->320K(384K) Class: 17K(128K)->17K(128K)
[2026-03-22T17:32:47.834+0900][12.900s][info][gc             ] GC(572) Pause Young (Allocation Failure) 249M->203M(501M) 5.001ms
[2026-03-22T17:32:47.834+0900][12.900s][info][gc,cpu         ] GC(572) User=0.00s Sys=0.00s Real=0.01s
[2026-03-22T17:32:47.849+0900][12.915s][info][gc,start       ] GC(573) Pause Young (Allocation Failure)
[2026-03-22T17:32:47.853+0900][12.919s][info][gc,heap        ] GC(573) PSYoungGen: 163057K(163840K)->10496K(163840K) Eden: 152561K(153088K)->0K(153088K) From: 10496K(10752K)->10496K(10752K)
[2026-03-22T17:32:47.853+0900][12.919s][info][gc,heap        ] GC(573) ParOldGen: 197639K(349696K)->291999K(349696K)
[2026-03-22T17:32:47.853+0900][12.919s][info][gc,metaspace   ] GC(573) Metaspace: 338K(512K)->338K(512K) NonClass: 320K(384K)->320K(384K) Class: 17K(128K)->17K(128K)
[2026-03-22T17:32:47.853+0900][12.919s][info][gc             ] GC(573) Pause Young (Allocation Failure) 352M->295M(501M) 4.346ms
[2026-03-22T17:32:47.853+0900][12.919s][info][gc,cpu         ] GC(573) User=0.00s Sys=0.00s Real=0.00s
[2026-03-22T17:32:47.868+0900][12.933s][info][gc,start       ] GC(574) Pause Full (Ergonomics)
[2026-03-22T17:32:47.868+0900][12.933s][info][gc,phases,start] GC(574) Marking Phase
[2026-03-22T17:32:47.869+0900][12.934s][info][gc,phases      ] GC(574) Marking Phase 0.999ms
[2026-03-22T17:32:47.869+0900][12.934s][info][gc,phases,start] GC(574) Summary Phase
[2026-03-22T17:32:47.869+0900][12.935s][info][gc,phases      ] GC(574) Summary Phase 0.021ms
[2026-03-22T17:32:47.869+0900][12.935s][info][gc,phases,start] GC(574) Adjust Roots
[2026-03-22T17:32:47.869+0900][12.935s][info][gc,phases      ] GC(574) Adjust Roots 0.212ms
[2026-03-22T17:32:47.869+0900][12.935s][info][gc,phases,start] GC(574) Compaction Phase
[2026-03-22T17:32:47.875+0900][12.941s][info][gc,phases      ] GC(574) Compaction Phase 5.976ms
[2026-03-22T17:32:47.875+0900][12.941s][info][gc,phases,start] GC(574) Post Compact
[2026-03-22T17:32:47.876+0900][12.942s][info][gc,phases      ] GC(574) Post Compact 1.257ms
[2026-03-22T17:32:47.876+0900][12.942s][info][gc,heap        ] GC(574) PSYoungGen: 163057K(163840K)->0K(163840K) Eden: 152561K(153088K)->0K(153088K) From: 10496K(10752K)->0K(10752K)
[2026-03-22T17:32:47.876+0900][12.942s][info][gc,heap        ] GC(574) ParOldGen: 291999K(349696K)->103195K(349696K)
[2026-03-22T17:32:47.876+0900][12.942s][info][gc,metaspace   ] GC(574) Metaspace: 338K(512K)->338K(512K) NonClass: 320K(384K)->320K(384K) Class: 17K(128K)->17K(128K)
[2026-03-22T17:32:47.876+0900][12.942s][info][gc             ] GC(574) Pause Full (Ergonomics) 444M->100M(501M) 8.728ms
[2026-03-22T17:32:47.876+0900][12.942s][info][gc,cpu         ] GC(574) User=0.02s Sys=0.00s Real=0.01s
[2026-03-22T17:32:47.891+0900][12.957s][info][gc,start       ] GC(575) Pause Young (Allocation Failure)
[2026-03-22T17:32:47.895+0900][12.961s][info][gc,heap        ] GC(575) PSYoungGen: 152561K(163840K)->10464K(163840K) Eden: 152561K(153088K)->0K(153088K) From: 0K(10752K)->10464K(10752K)
[2026-03-22T17:32:47.895+0900][12.961s][info][gc,heap        ] GC(575) ParOldGen: 103195K(349696K)->197403K(349696K)
[2026-03-22T17:32:47.895+0900][12.961s][info][gc,metaspace   ] GC(575) Metaspace: 338K(512K)->338K(512K) NonClass: 320K(384K)->320K(384K) Class: 17K(128K)->17K(128K)
[2026-03-22T17:32:47.895+0900][12.961s][info][gc             ] GC(575) Pause Young (Allocation Failure) 249M->202M(501M) 4.608ms
[2026-03-22T17:32:47.895+0900][12.961s][info][gc,cpu         ] GC(575) User=0.00s Sys=0.00s Real=0.00s
[2026-03-22T17:32:47.910+0900][12.976s][info][gc,start       ] GC(576) Pause Young (Allocation Failure)
[2026-03-22T17:32:47.919+0900][12.984s][info][gc,heap        ] GC(576) PSYoungGen: 163025K(163840K)->10464K(163840K) Eden: 152561K(153088K)->0K(153088K) From: 10464K(10752K)->10464K(10752K)
[2026-03-22T17:32:47.919+0900][12.984s][info][gc,heap        ] GC(576) ParOldGen: 197403K(349696K)->291764K(349696K)
[2026-03-22T17:32:47.919+0900][12.984s][info][gc,metaspace   ] GC(576) Metaspace: 338K(512K)->338K(512K) NonClass: 320K(384K)->320K(384K) Class: 17K(128K)->17K(128K)
[2026-03-22T17:32:47.919+0900][12.984s][info][gc             ] GC(576) Pause Young (Allocation Failure) 351M->295M(501M) 8.811ms
[2026-03-22T17:32:47.919+0900][12.984s][info][gc,cpu         ] GC(576) User=0.06s Sys=0.00s Real=0.01s
[2026-03-22T17:32:47.933+0900][12.998s][info][gc,start       ] GC(577) Pause Full (Ergonomics)
[2026-03-22T17:32:47.933+0900][12.999s][info][gc,phases,start] GC(577) Marking Phase
[2026-03-22T17:32:47.934+0900][13.000s][info][gc,phases      ] GC(577) Marking Phase 1.013ms
[2026-03-22T17:32:47.934+0900][13.000s][info][gc,phases,start] GC(577) Summary Phase
[2026-03-22T17:32:47.934+0900][13.000s][info][gc,phases      ] GC(577) Summary Phase 0.014ms
[2026-03-22T17:32:47.934+0900][13.000s][info][gc,phases,start] GC(577) Adjust Roots
[2026-03-22T17:32:47.934+0900][13.000s][info][gc,phases      ] GC(577) Adjust Roots 0.156ms
[2026-03-22T17:32:47.934+0900][13.000s][info][gc,phases,start] GC(577) Compaction Phase
[2026-03-22T17:32:47.939+0900][13.005s][info][gc,phases      ] GC(577) Compaction Phase 5.335ms
[2026-03-22T17:32:47.939+0900][13.005s][info][gc,phases,start] GC(577) Post Compact
[2026-03-22T17:32:47.941+0900][13.006s][info][gc,phases      ] GC(577) Post Compact 1.362ms
[2026-03-22T17:32:47.941+0900][13.007s][info][gc,heap        ] GC(577) PSYoungGen: 163025K(163840K)->0K(163840K) Eden: 152561K(153088K)->0K(153088K) From: 10464K(10752K)->0K(10752K)
[2026-03-22T17:32:47.941+0900][13.007s][info][gc,heap        ] GC(577) ParOldGen: 291764K(349696K)->103430K(349696K)
[2026-03-22T17:32:47.941+0900][13.007s][info][gc,metaspace   ] GC(577) Metaspace: 338K(512K)->338K(512K) NonClass: 320K(384K)->320K(384K) Class: 17K(128K)->17K(128K)
[2026-03-22T17:32:47.941+0900][13.007s][info][gc             ] GC(577) Pause Full (Ergonomics) 444M->101M(501M) 8.107ms
[2026-03-22T17:32:47.941+0900][13.007s][info][gc,cpu         ] GC(577) User=0.00s Sys=0.00s Real=0.01s
[2026-03-22T17:32:47.955+0900][13.021s][info][gc,start       ] GC(578) Pause Young (Allocation Failure)
[2026-03-22T17:32:47.959+0900][13.025s][info][gc,heap        ] GC(578) PSYoungGen: 152561K(163840K)->10496K(163840K) Eden: 152561K(153088K)->0K(153088K) From: 0K(10752K)->10496K(10752K)
[2026-03-22T17:32:47.959+0900][13.025s][info][gc,heap        ] GC(578) ParOldGen: 103430K(349696K)->197639K(349696K)
[2026-03-22T17:32:47.959+0900][13.025s][info][gc,metaspace   ] GC(578) Metaspace: 338K(512K)->338K(512K) NonClass: 320K(384K)->320K(384K) Class: 17K(128K)->17K(128K)
[2026-03-22T17:32:47.959+0900][13.025s][info][gc             ] GC(578) Pause Young (Allocation Failure) 249M->203M(501M) 4.508ms
[2026-03-22T17:32:47.959+0900][13.025s][info][gc,cpu         ] GC(578) User=0.00s Sys=0.00s Real=0.00s
[2026-03-22T17:32:47.973+0900][13.039s][info][gc,start       ] GC(579) Pause Young (Allocation Failure)
[2026-03-22T17:32:47.978+0900][13.043s][info][gc,heap        ] GC(579) PSYoungGen: 163057K(163840K)->10496K(163840K) Eden: 152561K(153088K)->0K(153088K) From: 10496K(10752K)->10496K(10752K)
[2026-03-22T17:32:47.978+0900][13.043s][info][gc,heap        ] GC(579) ParOldGen: 197639K(349696K)->291999K(349696K)
[2026-03-22T17:32:47.978+0900][13.043s][info][gc,metaspace   ] GC(579) Metaspace: 338K(512K)->338K(512K) NonClass: 320K(384K)->320K(384K) Class: 17K(128K)->17K(128K)
[2026-03-22T17:32:47.978+0900][13.043s][info][gc             ] GC(579) Pause Young (Allocation Failure) 352M->295M(501M) 4.458ms
[2026-03-22T17:32:47.978+0900][13.043s][info][gc,cpu         ] GC(579) User=0.00s Sys=0.00s Real=0.00s
[2026-03-22T17:32:47.992+0900][13.057s][info][gc,start       ] GC(580) Pause Full (Ergonomics)
[2026-03-22T17:32:47.992+0900][13.057s][info][gc,phases,start] GC(580) Marking Phase
[2026-03-22T17:32:47.993+0900][13.058s][info][gc,phases      ] GC(580) Marking Phase 1.306ms
[2026-03-22T17:32:47.993+0900][13.058s][info][gc,phases,start] GC(580) Summary Phase
[2026-03-22T17:32:47.993+0900][13.059s][info][gc,phases      ] GC(580) Summary Phase 0.025ms
[2026-03-22T17:32:47.993+0900][13.059s][info][gc,phases,start] GC(580) Adjust Roots
[2026-03-22T17:32:47.993+0900][13.059s][info][gc,phases      ] GC(580) Adjust Roots 0.165ms
[2026-03-22T17:32:47.993+0900][13.059s][info][gc,phases,start] GC(580) Compaction Phase
[2026-03-22T17:32:47.999+0900][13.064s][info][gc,phases      ] GC(580) Compaction Phase 5.741ms
[2026-03-22T17:32:47.999+0900][13.065s][info][gc,phases,start] GC(580) Post Compact
[2026-03-22T17:32:48.000+0900][13.066s][info][gc,phases      ] GC(580) Post Compact 1.256ms
[2026-03-22T17:32:48.000+0900][13.066s][info][gc,heap        ] GC(580) PSYoungGen: 163057K(163840K)->0K(163840K) Eden: 152561K(153088K)->0K(153088K) From: 10496K(10752K)->0K(10752K)
[2026-03-22T17:32:48.000+0900][13.066s][info][gc,heap        ] GC(580) ParOldGen: 291999K(349696K)->103430K(349696K)
[2026-03-22T17:32:48.000+0900][13.066s][info][gc,metaspace   ] GC(580) Metaspace: 338K(512K)->338K(512K) NonClass: 320K(384K)->320K(384K) Class: 17K(128K)->17K(128K)
[2026-03-22T17:32:48.000+0900][13.066s][info][gc             ] GC(580) Pause Full (Ergonomics) 444M->101M(501M) 8.800ms
[2026-03-22T17:32:48.000+0900][13.066s][info][gc,cpu         ] GC(580) User=0.05s Sys=0.02s Real=0.01s
[2026-03-22T17:32:48.014+0900][13.080s][info][gc,start       ] GC(581) Pause Young (Allocation Failure)
[2026-03-22T17:32:48.018+0900][13.084s][info][gc,heap        ] GC(581) PSYoungGen: 152561K(163840K)->10496K(163840K) Eden: 152561K(153088K)->0K(153088K) From: 0K(10752K)->10496K(10752K)
[2026-03-22T17:32:48.018+0900][13.084s][info][gc,heap        ] GC(581) ParOldGen: 103430K(349696K)->197639K(349696K)
[2026-03-22T17:32:48.018+0900][13.084s][info][gc,metaspace   ] GC(581) Metaspace: 338K(512K)->338K(512K) NonClass: 320K(384K)->320K(384K) Class: 17K(128K)->17K(128K)
[2026-03-22T17:32:48.018+0900][13.084s][info][gc             ] GC(581) Pause Young (Allocation Failure) 249M->203M(501M) 4.485ms
[2026-03-22T17:32:48.018+0900][13.084s][info][gc,cpu         ] GC(581) User=0.00s Sys=0.00s Real=0.00s
[2026-03-22T17:32:48.032+0900][13.098s][info][gc,start       ] GC(582) Pause Young (Allocation Failure)
[2026-03-22T17:32:48.036+0900][13.102s][info][gc,heap        ] GC(582) PSYoungGen: 163057K(163840K)->10496K(163840K) Eden: 152561K(153088K)->0K(153088K) From: 10496K(10752K)->10496K(10752K)
[2026-03-22T17:32:48.036+0900][13.102s][info][gc,heap        ] GC(582) ParOldGen: 197639K(349696K)->291999K(349696K)
[2026-03-22T17:32:48.036+0900][13.102s][info][gc,metaspace   ] GC(582) Metaspace: 338K(512K)->338K(512K) NonClass: 320K(384K)->320K(384K) Class: 17K(128K)->17K(128K)
[2026-03-22T17:32:48.036+0900][13.102s][info][gc             ] GC(582) Pause Young (Allocation Failure) 352M->295M(501M) 4.301ms
[2026-03-22T17:32:48.036+0900][13.102s][info][gc,cpu         ] GC(582) User=0.00s Sys=0.00s Real=0.00s
[2026-03-22T17:32:48.051+0900][13.117s][info][gc,start       ] GC(583) Pause Full (Ergonomics)
[2026-03-22T17:32:48.051+0900][13.117s][info][gc,phases,start] GC(583) Marking Phase
[2026-03-22T17:32:48.053+0900][13.118s][info][gc,phases      ] GC(583) Marking Phase 1.037ms
[2026-03-22T17:32:48.053+0900][13.118s][info][gc,phases,start] GC(583) Summary Phase
[2026-03-22T17:32:48.053+0900][13.118s][info][gc,phases      ] GC(583) Summary Phase 0.013ms
[2026-03-22T17:32:48.053+0900][13.118s][info][gc,phases,start] GC(583) Adjust Roots
[2026-03-22T17:32:48.053+0900][13.118s][info][gc,phases      ] GC(583) Adjust Roots 0.154ms
[2026-03-22T17:32:48.053+0900][13.118s][info][gc,phases,start] GC(583) Compaction Phase
[2026-03-22T17:32:48.058+0900][13.124s][info][gc,phases      ] GC(583) Compaction Phase 5.645ms
[2026-03-22T17:32:48.058+0900][13.124s][info][gc,phases,start] GC(583) Post Compact
[2026-03-22T17:32:48.059+0900][13.125s][info][gc,phases      ] GC(583) Post Compact 1.330ms
[2026-03-22T17:32:48.059+0900][13.126s][info][gc,heap        ] GC(583) PSYoungGen: 163057K(163840K)->0K(163840K) Eden: 152561K(153088K)->0K(153088K) From: 10496K(10752K)->0K(10752K)
[2026-03-22T17:32:48.059+0900][13.126s][info][gc,heap        ] GC(583) ParOldGen: 291999K(349696K)->103430K(349696K)
[2026-03-22T17:32:48.059+0900][13.126s][info][gc,metaspace   ] GC(583) Metaspace: 338K(512K)->338K(512K) NonClass: 320K(384K)->320K(384K) Class: 17K(128K)->17K(128K)
[2026-03-22T17:32:48.059+0900][13.126s][info][gc             ] GC(583) Pause Full (Ergonomics) 444M->101M(501M) 8.494ms
[2026-03-22T17:32:48.059+0900][13.126s][info][gc,cpu         ] GC(583) User=0.06s Sys=0.00s Real=0.01s
[2026-03-22T17:32:48.073+0900][13.140s][info][gc,start       ] GC(584) Pause Young (Allocation Failure)
[2026-03-22T17:32:48.078+0900][13.144s][info][gc,heap        ] GC(584) PSYoungGen: 152561K(163840K)->10496K(163840K) Eden: 152561K(153088K)->0K(153088K) From: 0K(10752K)->10496K(10752K)
[2026-03-22T17:32:48.078+0900][13.144s][info][gc,heap        ] GC(584) ParOldGen: 103430K(349696K)->197639K(349696K)
[2026-03-22T17:32:48.078+0900][13.144s][info][gc,metaspace   ] GC(584) Metaspace: 338K(512K)->338K(512K) NonClass: 320K(384K)->320K(384K) Class: 17K(128K)->17K(128K)
[2026-03-22T17:32:48.078+0900][13.144s][info][gc             ] GC(584) Pause Young (Allocation Failure) 249M->203M(501M) 4.702ms
[2026-03-22T17:32:48.078+0900][13.144s][info][gc,cpu         ] GC(584) User=0.00s Sys=0.00s Real=0.01s
[2026-03-22T17:32:48.092+0900][13.158s][info][gc,start       ] GC(585) Pause Young (Allocation Failure)
[2026-03-22T17:32:48.097+0900][13.163s][info][gc,heap        ] GC(585) PSYoungGen: 163057K(163840K)->10496K(163840K) Eden: 152561K(153088K)->0K(153088K) From: 10496K(10752K)->10496K(10752K)
[2026-03-22T17:32:48.097+0900][13.163s][info][gc,heap        ] GC(585) ParOldGen: 197639K(349696K)->291999K(349696K)
[2026-03-22T17:32:48.097+0900][13.163s][info][gc,metaspace   ] GC(585) Metaspace: 338K(512K)->338K(512K) NonClass: 320K(384K)->320K(384K) Class: 17K(128K)->17K(128K)
[2026-03-22T17:32:48.097+0900][13.163s][info][gc             ] GC(585) Pause Young (Allocation Failure) 352M->295M(501M) 4.509ms
[2026-03-22T17:32:48.097+0900][13.163s][info][gc,cpu         ] GC(585) User=0.00s Sys=0.00s Real=0.00s
[2026-03-22T17:32:48.111+0900][13.177s][info][gc,start       ] GC(586) Pause Full (Ergonomics)
[2026-03-22T17:32:48.111+0900][13.177s][info][gc,phases,start] GC(586) Marking Phase
[2026-03-22T17:32:48.112+0900][13.178s][info][gc,phases      ] GC(586) Marking Phase 1.204ms
[2026-03-22T17:32:48.112+0900][13.178s][info][gc,phases,start] GC(586) Summary Phase
[2026-03-22T17:32:48.112+0900][13.178s][info][gc,phases      ] GC(586) Summary Phase 0.022ms
[2026-03-22T17:32:48.112+0900][13.178s][info][gc,phases,start] GC(586) Adjust Roots
[2026-03-22T17:32:48.112+0900][13.178s][info][gc,phases      ] GC(586) Adjust Roots 0.202ms
[2026-03-22T17:32:48.112+0900][13.178s][info][gc,phases,start] GC(586) Compaction Phase
[2026-03-22T17:32:48.118+0900][13.184s][info][gc,phases      ] GC(586) Compaction Phase 5.468ms
[2026-03-22T17:32:48.118+0900][13.184s][info][gc,phases,start] GC(586) Post Compact
[2026-03-22T17:32:48.119+0900][13.185s][info][gc,phases      ] GC(586) Post Compact 1.302ms
[2026-03-22T17:32:48.119+0900][13.185s][info][gc,heap        ] GC(586) PSYoungGen: 163057K(163840K)->0K(163840K) Eden: 152561K(153088K)->0K(153088K) From: 10496K(10752K)->0K(10752K)
[2026-03-22T17:32:48.119+0900][13.185s][info][gc,heap        ] GC(586) ParOldGen: 291999K(349696K)->103430K(349696K)
[2026-03-22T17:32:48.119+0900][13.185s][info][gc,metaspace   ] GC(586) Metaspace: 338K(512K)->338K(512K) NonClass: 320K(384K)->320K(384K) Class: 17K(128K)->17K(128K)
[2026-03-22T17:32:48.119+0900][13.185s][info][gc             ] GC(586) Pause Full (Ergonomics) 444M->101M(501M) 8.523ms
[2026-03-22T17:32:48.119+0900][13.185s][info][gc,cpu         ] GC(586) User=0.00s Sys=0.00s Real=0.01s
[2026-03-22T17:32:48.133+0900][13.199s][info][gc,start       ] GC(587) Pause Young (Allocation Failure)
[2026-03-22T17:32:48.138+0900][13.204s][info][gc,heap        ] GC(587) PSYoungGen: 152561K(163840K)->10496K(163840K) Eden: 152561K(153088K)->0K(153088K) From: 0K(10752K)->10496K(10752K)
[2026-03-22T17:32:48.138+0900][13.204s][info][gc,heap        ] GC(587) ParOldGen: 103430K(349696K)->197639K(349696K)
[2026-03-22T17:32:48.138+0900][13.204s][info][gc,metaspace   ] GC(587) Metaspace: 338K(512K)->338K(512K) NonClass: 320K(384K)->320K(384K) Class: 17K(128K)->17K(128K)
[2026-03-22T17:32:48.138+0900][13.204s][info][gc             ] GC(587) Pause Young (Allocation Failure) 249M->203M(501M) 5.090ms
[2026-03-22T17:32:48.138+0900][13.204s][info][gc,cpu         ] GC(587) User=0.06s Sys=0.00s Real=0.01s
[2026-03-22T17:32:48.152+0900][13.218s][info][gc,start       ] GC(588) Pause Young (Allocation Failure)
[2026-03-22T17:32:48.157+0900][13.222s][info][gc,heap        ] GC(588) PSYoungGen: 163057K(163840K)->10496K(163840K) Eden: 152561K(153088K)->0K(153088K) From: 10496K(10752K)->10496K(10752K)
[2026-03-22T17:32:48.157+0900][13.222s][info][gc,heap        ] GC(588) ParOldGen: 197639K(349696K)->291999K(349696K)
[2026-03-22T17:32:48.157+0900][13.222s][info][gc,metaspace   ] GC(588) Metaspace: 338K(512K)->338K(512K) NonClass: 320K(384K)->320K(384K) Class: 17K(128K)->17K(128K)
[2026-03-22T17:32:48.157+0900][13.222s][info][gc             ] GC(588) Pause Young (Allocation Failure) 352M->295M(501M) 4.678ms
[2026-03-22T17:32:48.157+0900][13.223s][info][gc,cpu         ] GC(588) User=0.00s Sys=0.00s Real=0.01s
[2026-03-22T17:32:48.170+0900][13.236s][info][gc,start       ] GC(589) Pause Full (Ergonomics)
[2026-03-22T17:32:48.171+0900][13.236s][info][gc,phases,start] GC(589) Marking Phase
[2026-03-22T17:32:48.172+0900][13.237s][info][gc,phases      ] GC(589) Marking Phase 1.275ms
[2026-03-22T17:32:48.172+0900][13.237s][info][gc,phases,start] GC(589) Summary Phase
[2026-03-22T17:32:48.172+0900][13.238s][info][gc,phases      ] GC(589) Summary Phase 0.033ms
[2026-03-22T17:32:48.172+0900][13.238s][info][gc,phases,start] GC(589) Adjust Roots
[2026-03-22T17:32:48.172+0900][13.238s][info][gc,phases      ] GC(589) Adjust Roots 0.170ms
[2026-03-22T17:32:48.172+0900][13.238s][info][gc,phases,start] GC(589) Compaction Phase
[2026-03-22T17:32:48.178+0900][13.243s][info][gc,phases      ] GC(589) Compaction Phase 5.293ms
[2026-03-22T17:32:48.178+0900][13.243s][info][gc,phases,start] GC(589) Post Compact
[2026-03-22T17:32:48.179+0900][13.244s][info][gc,phases      ] GC(589) Post Compact 1.255ms
[2026-03-22T17:32:48.179+0900][13.244s][info][gc,heap        ] GC(589) PSYoungGen: 163057K(163840K)->0K(163840K) Eden: 152561K(153088K)->0K(153088K) From: 10496K(10752K)->0K(10752K)
[2026-03-22T17:32:48.179+0900][13.244s][info][gc,heap        ] GC(589) ParOldGen: 291999K(349696K)->103430K(349696K)
[2026-03-22T17:32:48.179+0900][13.244s][info][gc,metaspace   ] GC(589) Metaspace: 338K(512K)->338K(512K) NonClass: 320K(384K)->320K(384K) Class: 17K(128K)->17K(128K)
[2026-03-22T17:32:48.179+0900][13.244s][info][gc             ] GC(589) Pause Full (Ergonomics) 444M->101M(501M) 8.250ms
[2026-03-22T17:32:48.179+0900][13.244s][info][gc,cpu         ] GC(589) User=0.00s Sys=0.00s Real=0.01s
[2026-03-22T17:32:48.192+0900][13.258s][info][gc,start       ] GC(590) Pause Young (Allocation Failure)
[2026-03-22T17:32:48.196+0900][13.262s][info][gc,heap        ] GC(590) PSYoungGen: 152561K(163840K)->10496K(163840K) Eden: 152561K(153088K)->0K(153088K) From: 0K(10752K)->10496K(10752K)
[2026-03-22T17:32:48.196+0900][13.262s][info][gc,heap        ] GC(590) ParOldGen: 103430K(349696K)->197639K(349696K)
[2026-03-22T17:32:48.196+0900][13.262s][info][gc,metaspace   ] GC(590) Metaspace: 338K(512K)->338K(512K) NonClass: 320K(384K)->320K(384K) Class: 17K(128K)->17K(128K)
[2026-03-22T17:32:48.196+0900][13.262s][info][gc             ] GC(590) Pause Young (Allocation Failure) 249M->203M(501M) 4.392ms
[2026-03-22T17:32:48.196+0900][13.262s][info][gc,cpu         ] GC(590) User=0.00s Sys=0.00s Real=0.00s
[2026-03-22T17:32:48.210+0900][13.276s][info][gc,start       ] GC(591) Pause Young (Allocation Failure)
[2026-03-22T17:32:48.216+0900][13.281s][info][gc,heap        ] GC(591) PSYoungGen: 163057K(163840K)->10496K(163840K) Eden: 152561K(153088K)->0K(153088K) From: 10496K(10752K)->10496K(10752K)
[2026-03-22T17:32:48.216+0900][13.281s][info][gc,heap        ] GC(591) ParOldGen: 197639K(349696K)->291999K(349696K)
[2026-03-22T17:32:48.216+0900][13.281s][info][gc,metaspace   ] GC(591) Metaspace: 338K(512K)->338K(512K) NonClass: 320K(384K)->320K(384K) Class: 17K(128K)->17K(128K)
[2026-03-22T17:32:48.216+0900][13.281s][info][gc             ] GC(591) Pause Young (Allocation Failure) 352M->295M(501M) 5.398ms
[2026-03-22T17:32:48.216+0900][13.281s][info][gc,cpu         ] GC(591) User=0.06s Sys=0.00s Real=0.01s
[2026-03-22T17:32:48.230+0900][13.295s][info][gc,start       ] GC(592) Pause Full (Ergonomics)
[2026-03-22T17:32:48.230+0900][13.295s][info][gc,phases,start] GC(592) Marking Phase
[2026-03-22T17:32:48.231+0900][13.296s][info][gc,phases      ] GC(592) Marking Phase 0.900ms
[2026-03-22T17:32:48.231+0900][13.296s][info][gc,phases,start] GC(592) Summary Phase
[2026-03-22T17:32:48.231+0900][13.296s][info][gc,phases      ] GC(592) Summary Phase 0.012ms
[2026-03-22T17:32:48.231+0900][13.296s][info][gc,phases,start] GC(592) Adjust Roots
[2026-03-22T17:32:48.231+0900][13.296s][info][gc,phases      ] GC(592) Adjust Roots 0.128ms
[2026-03-22T17:32:48.231+0900][13.296s][info][gc,phases,start] GC(592) Compaction Phase
[2026-03-22T17:32:48.236+0900][13.302s][info][gc,phases      ] GC(592) Compaction Phase 5.586ms
[2026-03-22T17:32:48.236+0900][13.302s][info][gc,phases,start] GC(592) Post Compact
[2026-03-22T17:32:48.238+0900][13.303s][info][gc,phases      ] GC(592) Post Compact 1.288ms
[2026-03-22T17:32:48.238+0900][13.303s][info][gc,heap        ] GC(592) PSYoungGen: 163057K(163840K)->0K(163840K) Eden: 152561K(153088K)->0K(153088K) From: 10496K(10752K)->0K(10752K)
[2026-03-22T17:32:48.238+0900][13.303s][info][gc,heap        ] GC(592) ParOldGen: 291999K(349696K)->103430K(349696K)
[2026-03-22T17:32:48.238+0900][13.303s][info][gc,metaspace   ] GC(592) Metaspace: 338K(512K)->338K(512K) NonClass: 320K(384K)->320K(384K) Class: 17K(128K)->17K(128K)
[2026-03-22T17:32:48.238+0900][13.303s][info][gc             ] GC(592) Pause Full (Ergonomics) 444M->101M(501M) 8.101ms
[2026-03-22T17:32:48.238+0900][13.303s][info][gc,cpu         ] GC(592) User=0.00s Sys=0.00s Real=0.01s
[2026-03-22T17:32:48.251+0900][13.317s][info][gc,start       ] GC(593) Pause Young (Allocation Failure)
[2026-03-22T17:32:48.256+0900][13.322s][info][gc,heap        ] GC(593) PSYoungGen: 152561K(163840K)->10496K(163840K) Eden: 152561K(153088K)->0K(153088K) From: 0K(10752K)->10496K(10752K)
[2026-03-22T17:32:48.256+0900][13.322s][info][gc,heap        ] GC(593) ParOldGen: 103430K(349696K)->197639K(349696K)
[2026-03-22T17:32:48.256+0900][13.322s][info][gc,metaspace   ] GC(593) Metaspace: 338K(512K)->338K(512K) NonClass: 320K(384K)->320K(384K) Class: 17K(128K)->17K(128K)
[2026-03-22T17:32:48.256+0900][13.322s][info][gc             ] GC(593) Pause Young (Allocation Failure) 249M->203M(501M) 4.514ms
[2026-03-22T17:32:48.256+0900][13.322s][info][gc,cpu         ] GC(593) User=0.00s Sys=0.00s Real=0.01s
[2026-03-22T17:32:48.270+0900][13.336s][info][gc,start       ] GC(594) Pause Young (Allocation Failure)
[2026-03-22T17:32:48.274+0900][13.341s][info][gc,heap        ] GC(594) PSYoungGen: 163057K(163840K)->10496K(163840K) Eden: 152561K(153088K)->0K(153088K) From: 10496K(10752K)->10496K(10752K)
[2026-03-22T17:32:48.275+0900][13.341s][info][gc,heap        ] GC(594) ParOldGen: 197639K(349696K)->291999K(349696K)
[2026-03-22T17:32:48.275+0900][13.341s][info][gc,metaspace   ] GC(594) Metaspace: 338K(512K)->338K(512K) NonClass: 320K(384K)->320K(384K) Class: 17K(128K)->17K(128K)
[2026-03-22T17:32:48.275+0900][13.341s][info][gc             ] GC(594) Pause Young (Allocation Failure) 352M->295M(501M) 4.923ms
[2026-03-22T17:32:48.275+0900][13.341s][info][gc,cpu         ] GC(594) User=0.00s Sys=0.00s Real=0.01s
[2026-03-22T17:32:48.289+0900][13.355s][info][gc,start       ] GC(595) Pause Full (Ergonomics)
[2026-03-22T17:32:48.289+0900][13.355s][info][gc,phases,start] GC(595) Marking Phase
[2026-03-22T17:32:48.290+0900][13.356s][info][gc,phases      ] GC(595) Marking Phase 1.021ms
[2026-03-22T17:32:48.290+0900][13.356s][info][gc,phases,start] GC(595) Summary Phase
[2026-03-22T17:32:48.290+0900][13.356s][info][gc,phases      ] GC(595) Summary Phase 0.021ms
[2026-03-22T17:32:48.290+0900][13.356s][info][gc,phases,start] GC(595) Adjust Roots
[2026-03-22T17:32:48.291+0900][13.356s][info][gc,phases      ] GC(595) Adjust Roots 0.198ms
[2026-03-22T17:32:48.291+0900][13.356s][info][gc,phases,start] GC(595) Compaction Phase
[2026-03-22T17:32:48.296+0900][13.361s][info][gc,phases      ] GC(595) Compaction Phase 5.205ms
[2026-03-22T17:32:48.296+0900][13.361s][info][gc,phases,start] GC(595) Post Compact
[2026-03-22T17:32:48.297+0900][13.363s][info][gc,phases      ] GC(595) Post Compact 1.267ms
[2026-03-22T17:32:48.297+0900][13.363s][info][gc,heap        ] GC(595) PSYoungGen: 163057K(163840K)->0K(163840K) Eden: 152561K(153088K)->0K(153088K) From: 10496K(10752K)->0K(10752K)
[2026-03-22T17:32:48.297+0900][13.363s][info][gc,heap        ] GC(595) ParOldGen: 291999K(349696K)->103430K(349696K)
[2026-03-22T17:32:48.297+0900][13.363s][info][gc,metaspace   ] GC(595) Metaspace: 338K(512K)->338K(512K) NonClass: 320K(384K)->320K(384K) Class: 17K(128K)->17K(128K)
[2026-03-22T17:32:48.297+0900][13.363s][info][gc             ] GC(595) Pause Full (Ergonomics) 444M->101M(501M) 8.000ms
[2026-03-22T17:32:48.297+0900][13.363s][info][gc,cpu         ] GC(595) User=0.06s Sys=0.00s Real=0.01s
[2026-03-22T17:32:48.311+0900][13.376s][info][gc,start       ] GC(596) Pause Young (Allocation Failure)
[2026-03-22T17:32:48.316+0900][13.381s][info][gc,heap        ] GC(596) PSYoungGen: 152561K(163840K)->10464K(163840K) Eden: 152561K(153088K)->0K(153088K) From: 0K(10752K)->10464K(10752K)
[2026-03-22T17:32:48.316+0900][13.381s][info][gc,heap        ] GC(596) ParOldGen: 103430K(349696K)->197639K(349696K)
[2026-03-22T17:32:48.316+0900][13.381s][info][gc,metaspace   ] GC(596) Metaspace: 338K(512K)->338K(512K) NonClass: 320K(384K)->320K(384K) Class: 17K(128K)->17K(128K)
[2026-03-22T17:32:48.316+0900][13.381s][info][gc             ] GC(596) Pause Young (Allocation Failure) 249M->203M(501M) 4.747ms
[2026-03-22T17:32:48.316+0900][13.381s][info][gc,cpu         ] GC(596) User=0.00s Sys=0.00s Real=0.00s
[2026-03-22T17:32:48.330+0900][13.395s][info][gc,start       ] GC(597) Pause Young (Allocation Failure)
[2026-03-22T17:32:48.335+0900][13.400s][info][gc,heap        ] GC(597) PSYoungGen: 163025K(163840K)->10496K(163840K) Eden: 152561K(153088K)->0K(153088K) From: 10464K(10752K)->10496K(10752K)
[2026-03-22T17:32:48.335+0900][13.400s][info][gc,heap        ] GC(597) ParOldGen: 197639K(349696K)->291999K(349696K)
[2026-03-22T17:32:48.335+0900][13.400s][info][gc,metaspace   ] GC(597) Metaspace: 338K(512K)->338K(512K) NonClass: 320K(384K)->320K(384K) Class: 17K(128K)->17K(128K)
[2026-03-22T17:32:48.335+0900][13.400s][info][gc             ] GC(597) Pause Young (Allocation Failure) 352M->295M(501M) 4.629ms
[2026-03-22T17:32:48.335+0900][13.400s][info][gc,cpu         ] GC(597) User=0.00s Sys=0.00s Real=0.01s
[2026-03-22T17:32:48.349+0900][13.414s][info][gc,start       ] GC(598) Pause Full (Ergonomics)
[2026-03-22T17:32:48.349+0900][13.414s][info][gc,phases,start] GC(598) Marking Phase
[2026-03-22T17:32:48.350+0900][13.415s][info][gc,phases      ] GC(598) Marking Phase 1.101ms
[2026-03-22T17:32:48.350+0900][13.415s][info][gc,phases,start] GC(598) Summary Phase
[2026-03-22T17:32:48.350+0900][13.415s][info][gc,phases      ] GC(598) Summary Phase 0.013ms
[2026-03-22T17:32:48.350+0900][13.415s][info][gc,phases,start] GC(598) Adjust Roots
[2026-03-22T17:32:48.350+0900][13.415s][info][gc,phases      ] GC(598) Adjust Roots 0.138ms
[2026-03-22T17:32:48.350+0900][13.416s][info][gc,phases,start] GC(598) Compaction Phase
[2026-03-22T17:32:48.355+0900][13.421s][info][gc,phases      ] GC(598) Compaction Phase 5.246ms
[2026-03-22T17:32:48.355+0900][13.421s][info][gc,phases,start] GC(598) Post Compact
[2026-03-22T17:32:48.357+0900][13.422s][info][gc,phases      ] GC(598) Post Compact 1.447ms
[2026-03-22T17:32:48.357+0900][13.422s][info][gc,heap        ] GC(598) PSYoungGen: 163057K(163840K)->0K(163840K) Eden: 152561K(153088K)->0K(153088K) From: 10496K(10752K)->0K(10752K)
[2026-03-22T17:32:48.357+0900][13.422s][info][gc,heap        ] GC(598) ParOldGen: 291999K(349696K)->103430K(349696K)
[2026-03-22T17:32:48.357+0900][13.422s][info][gc,metaspace   ] GC(598) Metaspace: 338K(512K)->338K(512K) NonClass: 320K(384K)->320K(384K) Class: 17K(128K)->17K(128K)
[2026-03-22T17:32:48.357+0900][13.422s][info][gc             ] GC(598) Pause Full (Ergonomics) 444M->101M(501M) 8.233ms
[2026-03-22T17:32:48.357+0900][13.422s][info][gc,cpu         ] GC(598) User=0.06s Sys=0.00s Real=0.01s
[2026-03-22T17:32:48.371+0900][13.437s][info][gc,start       ] GC(599) Pause Young (Allocation Failure)
[2026-03-22T17:32:48.376+0900][13.442s][info][gc,heap        ] GC(599) PSYoungGen: 152561K(163840K)->10496K(163840K) Eden: 152561K(153088K)->0K(153088K) From: 0K(10752K)->10496K(10752K)
[2026-03-22T17:32:48.376+0900][13.442s][info][gc,heap        ] GC(599) ParOldGen: 103430K(349696K)->197639K(349696K)
[2026-03-22T17:32:48.376+0900][13.442s][info][gc,metaspace   ] GC(599) Metaspace: 338K(512K)->338K(512K) NonClass: 320K(384K)->320K(384K) Class: 17K(128K)->17K(128K)
[2026-03-22T17:32:48.376+0900][13.442s][info][gc             ] GC(599) Pause Young (Allocation Failure) 249M->203M(501M) 4.860ms
[2026-03-22T17:32:48.376+0900][13.442s][info][gc,cpu         ] GC(599) User=0.00s Sys=0.00s Real=0.00s
[2026-03-22T17:32:48.391+0900][13.456s][info][gc,start       ] GC(600) Pause Young (Allocation Failure)
[2026-03-22T17:32:48.395+0900][13.461s][info][gc,heap        ] GC(600) PSYoungGen: 163057K(163840K)->10496K(163840K) Eden: 152561K(153088K)->0K(153088K) From: 10496K(10752K)->10496K(10752K)
[2026-03-22T17:32:48.395+0900][13.461s][info][gc,heap        ] GC(600) ParOldGen: 197639K(349696K)->291999K(349696K)
[2026-03-22T17:32:48.395+0900][13.461s][info][gc,metaspace   ] GC(600) Metaspace: 338K(512K)->338K(512K) NonClass: 320K(384K)->320K(384K) Class: 17K(128K)->17K(128K)
[2026-03-22T17:32:48.395+0900][13.461s][info][gc             ] GC(600) Pause Young (Allocation Failure) 352M->295M(501M) 4.685ms
[2026-03-22T17:32:48.395+0900][13.461s][info][gc,cpu         ] GC(600) User=0.00s Sys=0.00s Real=0.00s
[2026-03-22T17:32:48.410+0900][13.476s][info][gc,start       ] GC(601) Pause Full (Ergonomics)
[2026-03-22T17:32:48.410+0900][13.476s][info][gc,phases,start] GC(601) Marking Phase
[2026-03-22T17:32:48.411+0900][13.477s][info][gc,phases      ] GC(601) Marking Phase 1.017ms
[2026-03-22T17:32:48.411+0900][13.477s][info][gc,phases,start] GC(601) Summary Phase
[2026-03-22T17:32:48.411+0900][13.477s][info][gc,phases      ] GC(601) Summary Phase 0.014ms
[2026-03-22T17:32:48.411+0900][13.477s][info][gc,phases,start] GC(601) Adjust Roots
[2026-03-22T17:32:48.411+0900][13.477s][info][gc,phases      ] GC(601) Adjust Roots 0.163ms
[2026-03-22T17:32:48.411+0900][13.477s][info][gc,phases,start] GC(601) Compaction Phase
[2026-03-22T17:32:48.418+0900][13.485s][info][gc,phases      ] GC(601) Compaction Phase 7.611ms
[2026-03-22T17:32:48.418+0900][13.485s][info][gc,phases,start] GC(601) Post Compact
[2026-03-22T17:32:48.421+0900][13.486s][info][gc,phases      ] GC(601) Post Compact 1.296ms
[2026-03-22T17:32:48.421+0900][13.486s][info][gc,heap        ] GC(601) PSYoungGen: 163057K(163840K)->0K(163840K) Eden: 152561K(153088K)->0K(153088K) From: 10496K(10752K)->0K(10752K)
[2026-03-22T17:32:48.421+0900][13.486s][info][gc,heap        ] GC(601) ParOldGen: 291999K(349696K)->103430K(349696K)
[2026-03-22T17:32:48.421+0900][13.486s][info][gc,metaspace   ] GC(601) Metaspace: 338K(512K)->338K(512K) NonClass: 320K(384K)->320K(384K) Class: 17K(128K)->17K(128K)
[2026-03-22T17:32:48.421+0900][13.486s][info][gc             ] GC(601) Pause Full (Ergonomics) 444M->101M(501M) 10.417ms
[2026-03-22T17:32:48.421+0900][13.486s][info][gc,cpu         ] GC(601) User=0.06s Sys=0.00s Real=0.01s
[2026-03-22T17:32:48.435+0900][13.501s][info][gc,start       ] GC(602) Pause Young (Allocation Failure)
[2026-03-22T17:32:48.440+0900][13.506s][info][gc,heap        ] GC(602) PSYoungGen: 152561K(163840K)->10496K(163840K) Eden: 152561K(153088K)->0K(153088K) From: 0K(10752K)->10496K(10752K)
[2026-03-22T17:32:48.440+0900][13.506s][info][gc,heap        ] GC(602) ParOldGen: 103430K(349696K)->197639K(349696K)
[2026-03-22T17:32:48.440+0900][13.506s][info][gc,metaspace   ] GC(602) Metaspace: 338K(512K)->338K(512K) NonClass: 320K(384K)->320K(384K) Class: 17K(128K)->17K(128K)
[2026-03-22T17:32:48.440+0900][13.506s][info][gc             ] GC(602) Pause Young (Allocation Failure) 249M->203M(501M) 4.531ms
[2026-03-22T17:32:48.440+0900][13.506s][info][gc,cpu         ] GC(602) User=0.00s Sys=0.00s Real=0.01s
[2026-03-22T17:32:48.454+0900][13.520s][info][gc,start       ] GC(603) Pause Young (Allocation Failure)
[2026-03-22T17:32:48.459+0900][13.525s][info][gc,heap        ] GC(603) PSYoungGen: 163057K(163840K)->10496K(163840K) Eden: 152561K(153088K)->0K(153088K) From: 10496K(10752K)->10496K(10752K)
[2026-03-22T17:32:48.459+0900][13.525s][info][gc,heap        ] GC(603) ParOldGen: 197639K(349696K)->291999K(349696K)
[2026-03-22T17:32:48.459+0900][13.525s][info][gc,metaspace   ] GC(603) Metaspace: 338K(512K)->338K(512K) NonClass: 320K(384K)->320K(384K) Class: 17K(128K)->17K(128K)
[2026-03-22T17:32:48.459+0900][13.525s][info][gc             ] GC(603) Pause Young (Allocation Failure) 352M->295M(501M) 4.961ms
[2026-03-22T17:32:48.459+0900][13.525s][info][gc,cpu         ] GC(603) User=0.00s Sys=0.00s Real=0.01s
[2026-03-22T17:32:48.473+0900][13.539s][info][gc,start       ] GC(604) Pause Full (Ergonomics)
[2026-03-22T17:32:48.473+0900][13.539s][info][gc,phases,start] GC(604) Marking Phase
[2026-03-22T17:32:48.474+0900][13.540s][info][gc,phases      ] GC(604) Marking Phase 1.125ms
[2026-03-22T17:32:48.474+0900][13.540s][info][gc,phases,start] GC(604) Summary Phase
[2026-03-22T17:32:48.474+0900][13.540s][info][gc,phases      ] GC(604) Summary Phase 0.025ms
[2026-03-22T17:32:48.474+0900][13.540s][info][gc,phases,start] GC(604) Adjust Roots
[2026-03-22T17:32:48.475+0900][13.541s][info][gc,phases      ] GC(604) Adjust Roots 0.211ms
[2026-03-22T17:32:48.475+0900][13.541s][info][gc,phases,start] GC(604) Compaction Phase
[2026-03-22T17:32:48.481+0900][13.546s][info][gc,phases      ] GC(604) Compaction Phase 5.527ms
[2026-03-22T17:32:48.481+0900][13.546s][info][gc,phases,start] GC(604) Post Compact
[2026-03-22T17:32:48.482+0900][13.548s][info][gc,phases      ] GC(604) Post Compact 1.366ms
[2026-03-22T17:32:48.482+0900][13.548s][info][gc,heap        ] GC(604) PSYoungGen: 163057K(163840K)->0K(163840K) Eden: 152561K(153088K)->0K(153088K) From: 10496K(10752K)->0K(10752K)
[2026-03-22T17:32:48.482+0900][13.548s][info][gc,heap        ] GC(604) ParOldGen: 291999K(349696K)->103430K(349696K)
[2026-03-22T17:32:48.482+0900][13.548s][info][gc,metaspace   ] GC(604) Metaspace: 338K(512K)->338K(512K) NonClass: 320K(384K)->320K(384K) Class: 17K(128K)->17K(128K)
[2026-03-22T17:32:48.482+0900][13.548s][info][gc             ] GC(604) Pause Full (Ergonomics) 444M->101M(501M) 8.535ms
[2026-03-22T17:32:48.482+0900][13.548s][info][gc,cpu         ] GC(604) User=0.06s Sys=0.00s Real=0.01s
[2026-03-22T17:32:48.496+0900][13.562s][info][gc,start       ] GC(605) Pause Young (Allocation Failure)
[2026-03-22T17:32:48.500+0900][13.566s][info][gc,heap        ] GC(605) PSYoungGen: 152561K(163840K)->10496K(163840K) Eden: 152561K(153088K)->0K(153088K) From: 0K(10752K)->10496K(10752K)
[2026-03-22T17:32:48.500+0900][13.566s][info][gc,heap        ] GC(605) ParOldGen: 103430K(349696K)->197639K(349696K)
[2026-03-22T17:32:48.500+0900][13.567s][info][gc,metaspace   ] GC(605) Metaspace: 338K(512K)->338K(512K) NonClass: 320K(384K)->320K(384K) Class: 17K(128K)->17K(128K)
[2026-03-22T17:32:48.500+0900][13.567s][info][gc             ] GC(605) Pause Young (Allocation Failure) 249M->203M(501M) 4.651ms
[2026-03-22T17:32:48.500+0900][13.567s][info][gc,cpu         ] GC(605) User=0.00s Sys=0.00s Real=0.00s
[2026-03-22T17:32:48.516+0900][13.581s][info][gc,start       ] GC(606) Pause Young (Allocation Failure)
[2026-03-22T17:32:48.521+0900][13.586s][info][gc,heap        ] GC(606) PSYoungGen: 163057K(163840K)->10496K(163840K) Eden: 152561K(153088K)->0K(153088K) From: 10496K(10752K)->10496K(10752K)
[2026-03-22T17:32:48.521+0900][13.586s][info][gc,heap        ] GC(606) ParOldGen: 197639K(349696K)->291999K(349696K)
[2026-03-22T17:32:48.521+0900][13.586s][info][gc,metaspace   ] GC(606) Metaspace: 338K(512K)->338K(512K) NonClass: 320K(384K)->320K(384K) Class: 17K(128K)->17K(128K)
[2026-03-22T17:32:48.521+0900][13.586s][info][gc             ] GC(606) Pause Young (Allocation Failure) 352M->295M(501M) 5.333ms
[2026-03-22T17:32:48.521+0900][13.586s][info][gc,cpu         ] GC(606) User=0.00s Sys=0.00s Real=0.00s
[2026-03-22T17:32:48.535+0900][13.601s][info][gc,start       ] GC(607) Pause Full (Ergonomics)
[2026-03-22T17:32:48.535+0900][13.601s][info][gc,phases,start] GC(607) Marking Phase
[2026-03-22T17:32:48.537+0900][13.602s][info][gc,phases      ] GC(607) Marking Phase 1.150ms
[2026-03-22T17:32:48.537+0900][13.602s][info][gc,phases,start] GC(607) Summary Phase
[2026-03-22T17:32:48.537+0900][13.602s][info][gc,phases      ] GC(607) Summary Phase 0.022ms
[2026-03-22T17:32:48.537+0900][13.602s][info][gc,phases,start] GC(607) Adjust Roots
[2026-03-22T17:32:48.537+0900][13.602s][info][gc,phases      ] GC(607) Adjust Roots 0.161ms
[2026-03-22T17:32:48.537+0900][13.602s][info][gc,phases,start] GC(607) Compaction Phase
[2026-03-22T17:32:48.543+0900][13.608s][info][gc,phases      ] GC(607) Compaction Phase 5.747ms
[2026-03-22T17:32:48.543+0900][13.608s][info][gc,phases,start] GC(607) Post Compact
[2026-03-22T17:32:48.544+0900][13.609s][info][gc,phases      ] GC(607) Post Compact 1.307ms
[2026-03-22T17:32:48.544+0900][13.609s][info][gc,heap        ] GC(607) PSYoungGen: 163057K(163840K)->0K(163840K) Eden: 152561K(153088K)->0K(153088K) From: 10496K(10752K)->0K(10752K)
[2026-03-22T17:32:48.544+0900][13.609s][info][gc,heap        ] GC(607) ParOldGen: 291999K(349696K)->103430K(349696K)
[2026-03-22T17:32:48.544+0900][13.609s][info][gc,metaspace   ] GC(607) Metaspace: 338K(512K)->338K(512K) NonClass: 320K(384K)->320K(384K) Class: 17K(128K)->17K(128K)
[2026-03-22T17:32:48.544+0900][13.609s][info][gc             ] GC(607) Pause Full (Ergonomics) 444M->101M(501M) 8.667ms
[2026-03-22T17:32:48.544+0900][13.609s][info][gc,cpu         ] GC(607) User=0.06s Sys=0.00s Real=0.01s
[2026-03-22T17:32:48.558+0900][13.624s][info][gc,start       ] GC(608) Pause Young (Allocation Failure)
[2026-03-22T17:32:48.562+0900][13.628s][info][gc,heap        ] GC(608) PSYoungGen: 152561K(163840K)->10496K(163840K) Eden: 152561K(153088K)->0K(153088K) From: 0K(10752K)->10496K(10752K)
[2026-03-22T17:32:48.562+0900][13.628s][info][gc,heap        ] GC(608) ParOldGen: 103430K(349696K)->197639K(349696K)
[2026-03-22T17:32:48.562+0900][13.628s][info][gc,metaspace   ] GC(608) Metaspace: 338K(512K)->338K(512K) NonClass: 320K(384K)->320K(384K) Class: 17K(128K)->17K(128K)
[2026-03-22T17:32:48.562+0900][13.628s][info][gc             ] GC(608) Pause Young (Allocation Failure) 249M->203M(501M) 4.689ms
[2026-03-22T17:32:48.562+0900][13.628s][info][gc,cpu         ] GC(608) User=0.00s Sys=0.00s Real=0.00s
[2026-03-22T17:32:48.578+0900][13.644s][info][gc,start       ] GC(609) Pause Young (Allocation Failure)
[2026-03-22T17:32:48.583+0900][13.649s][info][gc,heap        ] GC(609) PSYoungGen: 163057K(163840K)->10496K(163840K) Eden: 152561K(153088K)->0K(153088K) From: 10496K(10752K)->10496K(10752K)
[2026-03-22T17:32:48.583+0900][13.649s][info][gc,heap        ] GC(609) ParOldGen: 197639K(349696K)->291999K(349696K)
[2026-03-22T17:32:48.583+0900][13.649s][info][gc,metaspace   ] GC(609) Metaspace: 338K(512K)->338K(512K) NonClass: 320K(384K)->320K(384K) Class: 17K(128K)->17K(128K)
[2026-03-22T17:32:48.583+0900][13.649s][info][gc             ] GC(609) Pause Young (Allocation Failure) 352M->295M(501M) 4.776ms
[2026-03-22T17:32:48.583+0900][13.649s][info][gc,cpu         ] GC(609) User=0.00s Sys=0.00s Real=0.00s
[2026-03-22T17:32:48.597+0900][13.664s][info][gc,start       ] GC(610) Pause Full (Ergonomics)
[2026-03-22T17:32:48.597+0900][13.664s][info][gc,phases,start] GC(610) Marking Phase
[2026-03-22T17:32:48.599+0900][13.665s][info][gc,phases      ] GC(610) Marking Phase 1.174ms
[2026-03-22T17:32:48.599+0900][13.665s][info][gc,phases,start] GC(610) Summary Phase
[2026-03-22T17:32:48.599+0900][13.665s][info][gc,phases      ] GC(610) Summary Phase 0.026ms
[2026-03-22T17:32:48.599+0900][13.665s][info][gc,phases,start] GC(610) Adjust Roots
[2026-03-22T17:32:48.599+0900][13.665s][info][gc,phases      ] GC(610) Adjust Roots 0.176ms
[2026-03-22T17:32:48.600+0900][13.665s][info][gc,phases,start] GC(610) Compaction Phase
[2026-03-22T17:32:48.605+0900][13.671s][info][gc,phases      ] GC(610) Compaction Phase 5.491ms
[2026-03-22T17:32:48.605+0900][13.671s][info][gc,phases,start] GC(610) Post Compact
[2026-03-22T17:32:48.606+0900][13.672s][info][gc,phases      ] GC(610) Post Compact 1.440ms
[2026-03-22T17:32:48.606+0900][13.672s][info][gc,heap        ] GC(610) PSYoungGen: 163057K(163840K)->0K(163840K) Eden: 152561K(153088K)->0K(153088K) From: 10496K(10752K)->0K(10752K)
[2026-03-22T17:32:48.606+0900][13.672s][info][gc,heap        ] GC(610) ParOldGen: 291999K(349696K)->103430K(349696K)
[2026-03-22T17:32:48.607+0900][13.672s][info][gc,metaspace   ] GC(610) Metaspace: 338K(512K)->338K(512K) NonClass: 320K(384K)->320K(384K) Class: 17K(128K)->17K(128K)
[2026-03-22T17:32:48.607+0900][13.672s][info][gc             ] GC(610) Pause Full (Ergonomics) 444M->101M(501M) 8.685ms
[2026-03-22T17:32:48.607+0900][13.672s][info][gc,cpu         ] GC(610) User=0.05s Sys=0.00s Real=0.01s
[2026-03-22T17:32:48.621+0900][13.687s][info][gc,start       ] GC(611) Pause Young (Allocation Failure)
[2026-03-22T17:32:48.626+0900][13.692s][info][gc,heap        ] GC(611) PSYoungGen: 152561K(163840K)->10496K(163840K) Eden: 152561K(153088K)->0K(153088K) From: 0K(10752K)->10496K(10752K)
[2026-03-22T17:32:48.626+0900][13.692s][info][gc,heap        ] GC(611) ParOldGen: 103430K(349696K)->197639K(349696K)
[2026-03-22T17:32:48.626+0900][13.692s][info][gc,metaspace   ] GC(611) Metaspace: 338K(512K)->338K(512K) NonClass: 320K(384K)->320K(384K) Class: 17K(128K)->17K(128K)
[2026-03-22T17:32:48.626+0900][13.692s][info][gc             ] GC(611) Pause Young (Allocation Failure) 249M->203M(501M) 5.237ms
[2026-03-22T17:32:48.626+0900][13.692s][info][gc,cpu         ] GC(611) User=0.00s Sys=0.00s Real=0.00s
[2026-03-22T17:32:48.641+0900][13.706s][info][gc,start       ] GC(612) Pause Young (Allocation Failure)
[2026-03-22T17:32:48.645+0900][13.711s][info][gc,heap        ] GC(612) PSYoungGen: 163057K(163840K)->10496K(163840K) Eden: 152561K(153088K)->0K(153088K) From: 10496K(10752K)->10496K(10752K)
[2026-03-22T17:32:48.645+0900][13.711s][info][gc,heap        ] GC(612) ParOldGen: 197639K(349696K)->291999K(349696K)
[2026-03-22T17:32:48.645+0900][13.711s][info][gc,metaspace   ] GC(612) Metaspace: 338K(512K)->338K(512K) NonClass: 320K(384K)->320K(384K) Class: 17K(128K)->17K(128K)
[2026-03-22T17:32:48.645+0900][13.711s][info][gc             ] GC(612) Pause Young (Allocation Failure) 352M->295M(501M) 4.411ms
[2026-03-22T17:32:48.645+0900][13.711s][info][gc,cpu         ] GC(612) User=0.00s Sys=0.00s Real=0.00s
[2026-03-22T17:32:48.660+0900][13.725s][info][gc,start       ] GC(613) Pause Full (Ergonomics)
[2026-03-22T17:32:48.660+0900][13.725s][info][gc,phases,start] GC(613) Marking Phase
[2026-03-22T17:32:48.660+0900][13.726s][info][gc,phases      ] GC(613) Marking Phase 0.853ms
[2026-03-22T17:32:48.661+0900][13.726s][info][gc,phases,start] GC(613) Summary Phase
[2026-03-22T17:32:48.661+0900][13.726s][info][gc,phases      ] GC(613) Summary Phase 0.013ms
[2026-03-22T17:32:48.661+0900][13.726s][info][gc,phases,start] GC(613) Adjust Roots
[2026-03-22T17:32:48.661+0900][13.726s][info][gc,phases      ] GC(613) Adjust Roots 0.153ms
[2026-03-22T17:32:48.661+0900][13.726s][info][gc,phases,start] GC(613) Compaction Phase
[2026-03-22T17:32:48.666+0900][13.733s][info][gc,phases      ] GC(613) Compaction Phase 6.242ms
[2026-03-22T17:32:48.666+0900][13.733s][info][gc,phases,start] GC(613) Post Compact
[2026-03-22T17:32:48.668+0900][13.734s][info][gc,phases      ] GC(613) Post Compact 1.291ms
[2026-03-22T17:32:48.668+0900][13.734s][info][gc,heap        ] GC(613) PSYoungGen: 163057K(163840K)->0K(163840K) Eden: 152561K(153088K)->0K(153088K) From: 10496K(10752K)->0K(10752K)
[2026-03-22T17:32:48.668+0900][13.734s][info][gc,heap        ] GC(613) ParOldGen: 291999K(349696K)->103430K(349696K)
[2026-03-22T17:32:48.668+0900][13.734s][info][gc,metaspace   ] GC(613) Metaspace: 338K(512K)->338K(512K) NonClass: 320K(384K)->320K(384K) Class: 17K(128K)->17K(128K)
[2026-03-22T17:32:48.668+0900][13.734s][info][gc             ] GC(613) Pause Full (Ergonomics) 444M->101M(501M) 8.784ms
[2026-03-22T17:32:48.668+0900][13.734s][info][gc,cpu         ] GC(613) User=0.06s Sys=0.00s Real=0.01s
[2026-03-22T17:32:48.683+0900][13.748s][info][gc,start       ] GC(614) Pause Young (Allocation Failure)
[2026-03-22T17:32:48.687+0900][13.752s][info][gc,heap        ] GC(614) PSYoungGen: 152561K(163840K)->10496K(163840K) Eden: 152561K(153088K)->0K(153088K) From: 0K(10752K)->10496K(10752K)
[2026-03-22T17:32:48.687+0900][13.752s][info][gc,heap        ] GC(614) ParOldGen: 103430K(349696K)->197639K(349696K)
[2026-03-22T17:32:48.687+0900][13.752s][info][gc,metaspace   ] GC(614) Metaspace: 338K(512K)->338K(512K) NonClass: 320K(384K)->320K(384K) Class: 17K(128K)->17K(128K)
[2026-03-22T17:32:48.687+0900][13.752s][info][gc             ] GC(614) Pause Young (Allocation Failure) 249M->203M(501M) 4.268ms
[2026-03-22T17:32:48.687+0900][13.752s][info][gc,cpu         ] GC(614) User=0.00s Sys=0.00s Real=0.00s
[2026-03-22T17:32:48.700+0900][13.766s][info][gc,start       ] GC(615) Pause Young (Allocation Failure)
[2026-03-22T17:32:48.705+0900][13.771s][info][gc,heap        ] GC(615) PSYoungGen: 163057K(163840K)->10496K(163840K) Eden: 152561K(153088K)->0K(153088K) From: 10496K(10752K)->10496K(10752K)
[2026-03-22T17:32:48.705+0900][13.771s][info][gc,heap        ] GC(615) ParOldGen: 197639K(349696K)->291999K(349696K)
[2026-03-22T17:32:48.705+0900][13.771s][info][gc,metaspace   ] GC(615) Metaspace: 338K(512K)->338K(512K) NonClass: 320K(384K)->320K(384K) Class: 17K(128K)->17K(128K)
[2026-03-22T17:32:48.705+0900][13.771s][info][gc             ] GC(615) Pause Young (Allocation Failure) 352M->295M(501M) 4.792ms
[2026-03-22T17:32:48.705+0900][13.771s][info][gc,cpu         ] GC(615) User=0.00s Sys=0.00s Real=0.00s
[2026-03-22T17:32:48.719+0900][13.785s][info][gc,start       ] GC(616) Pause Full (Ergonomics)
[2026-03-22T17:32:48.719+0900][13.785s][info][gc,phases,start] GC(616) Marking Phase
[2026-03-22T17:32:48.721+0900][13.787s][info][gc,phases      ] GC(616) Marking Phase 1.139ms
[2026-03-22T17:32:48.721+0900][13.787s][info][gc,phases,start] GC(616) Summary Phase
[2026-03-22T17:32:48.721+0900][13.787s][info][gc,phases      ] GC(616) Summary Phase 0.023ms
[2026-03-22T17:32:48.721+0900][13.787s][info][gc,phases,start] GC(616) Adjust Roots
[2026-03-22T17:32:48.722+0900][13.787s][info][gc,phases      ] GC(616) Adjust Roots 0.287ms
[2026-03-22T17:32:48.722+0900][13.787s][info][gc,phases,start] GC(616) Compaction Phase
[2026-03-22T17:32:48.727+0900][13.793s][info][gc,phases      ] GC(616) Compaction Phase 6.104ms
[2026-03-22T17:32:48.727+0900][13.793s][info][gc,phases,start] GC(616) Post Compact
[2026-03-22T17:32:48.728+0900][13.795s][info][gc,phases      ] GC(616) Post Compact 1.385ms
[2026-03-22T17:32:48.728+0900][13.795s][info][gc,heap        ] GC(616) PSYoungGen: 163057K(163840K)->0K(163840K) Eden: 152561K(153088K)->0K(153088K) From: 10496K(10752K)->0K(10752K)
[2026-03-22T17:32:48.728+0900][13.795s][info][gc,heap        ] GC(616) ParOldGen: 291999K(349696K)->103430K(349696K)
[2026-03-22T17:32:48.728+0900][13.795s][info][gc,metaspace   ] GC(616) Metaspace: 338K(512K)->338K(512K) NonClass: 320K(384K)->320K(384K) Class: 17K(128K)->17K(128K)
[2026-03-22T17:32:48.728+0900][13.795s][info][gc             ] GC(616) Pause Full (Ergonomics) 444M->101M(501M) 9.265ms
[2026-03-22T17:32:48.728+0900][13.795s][info][gc,cpu         ] GC(616) User=0.02s Sys=0.00s Real=0.01s
[2026-03-22T17:32:48.743+0900][13.809s][info][gc,start       ] GC(617) Pause Young (Allocation Failure)
[2026-03-22T17:32:48.747+0900][13.813s][info][gc,heap        ] GC(617) PSYoungGen: 152561K(163840K)->10496K(163840K) Eden: 152561K(153088K)->0K(153088K) From: 0K(10752K)->10496K(10752K)
[2026-03-22T17:32:48.747+0900][13.813s][info][gc,heap        ] GC(617) ParOldGen: 103430K(349696K)->197639K(349696K)
[2026-03-22T17:32:48.747+0900][13.813s][info][gc,metaspace   ] GC(617) Metaspace: 338K(512K)->338K(512K) NonClass: 320K(384K)->320K(384K) Class: 17K(128K)->17K(128K)
[2026-03-22T17:32:48.747+0900][13.813s][info][gc             ] GC(617) Pause Young (Allocation Failure) 249M->203M(501M) 4.598ms
[2026-03-22T17:32:48.747+0900][13.813s][info][gc,cpu         ] GC(617) User=0.06s Sys=0.00s Real=0.00s
[2026-03-22T17:32:48.761+0900][13.827s][info][gc,start       ] GC(618) Pause Young (Allocation Failure)
[2026-03-22T17:32:48.766+0900][13.832s][info][gc,heap        ] GC(618) PSYoungGen: 163057K(163840K)->10496K(163840K) Eden: 152561K(153088K)->0K(153088K) From: 10496K(10752K)->10496K(10752K)
[2026-03-22T17:32:48.766+0900][13.832s][info][gc,heap        ] GC(618) ParOldGen: 197639K(349696K)->291999K(349696K)
[2026-03-22T17:32:48.766+0900][13.832s][info][gc,metaspace   ] GC(618) Metaspace: 338K(512K)->338K(512K) NonClass: 320K(384K)->320K(384K) Class: 17K(128K)->17K(128K)
[2026-03-22T17:32:48.766+0900][13.832s][info][gc             ] GC(618) Pause Young (Allocation Failure) 352M->295M(501M) 4.619ms
[2026-03-22T17:32:48.766+0900][13.832s][info][gc,cpu         ] GC(618) User=0.00s Sys=0.00s Real=0.01s
[2026-03-22T17:32:48.780+0900][13.846s][info][gc,start       ] GC(619) Pause Full (Ergonomics)
[2026-03-22T17:32:48.780+0900][13.846s][info][gc,phases,start] GC(619) Marking Phase
[2026-03-22T17:32:48.781+0900][13.847s][info][gc,phases      ] GC(619) Marking Phase 0.879ms
[2026-03-22T17:32:48.781+0900][13.847s][info][gc,phases,start] GC(619) Summary Phase
[2026-03-22T17:32:48.781+0900][13.847s][info][gc,phases      ] GC(619) Summary Phase 0.012ms
[2026-03-22T17:32:48.781+0900][13.847s][info][gc,phases,start] GC(619) Adjust Roots
[2026-03-22T17:32:48.781+0900][13.847s][info][gc,phases      ] GC(619) Adjust Roots 0.126ms
[2026-03-22T17:32:48.781+0900][13.847s][info][gc,phases,start] GC(619) Compaction Phase
[2026-03-22T17:32:48.786+0900][13.852s][info][gc,phases      ] GC(619) Compaction Phase 5.019ms
[2026-03-22T17:32:48.786+0900][13.852s][info][gc,phases,start] GC(619) Post Compact
[2026-03-22T17:32:48.787+0900][13.853s][info][gc,phases      ] GC(619) Post Compact 1.340ms
[2026-03-22T17:32:48.787+0900][13.853s][info][gc,heap        ] GC(619) PSYoungGen: 163057K(163840K)->0K(163840K) Eden: 152561K(153088K)->0K(153088K) From: 10496K(10752K)->0K(10752K)
[2026-03-22T17:32:48.787+0900][13.853s][info][gc,heap        ] GC(619) ParOldGen: 291999K(349696K)->103430K(349696K)
[2026-03-22T17:32:48.787+0900][13.853s][info][gc,metaspace   ] GC(619) Metaspace: 338K(512K)->338K(512K) NonClass: 320K(384K)->320K(384K) Class: 17K(128K)->17K(128K)
[2026-03-22T17:32:48.787+0900][13.853s][info][gc             ] GC(619) Pause Full (Ergonomics) 444M->101M(501M) 7.569ms
[2026-03-22T17:32:48.787+0900][13.853s][info][gc,cpu         ] GC(619) User=0.00s Sys=0.00s Real=0.01s
[2026-03-22T17:32:48.802+0900][13.867s][info][gc,start       ] GC(620) Pause Young (Allocation Failure)
[2026-03-22T17:32:48.806+0900][13.872s][info][gc,heap        ] GC(620) PSYoungGen: 152561K(163840K)->10496K(163840K) Eden: 152561K(153088K)->0K(153088K) From: 0K(10752K)->10496K(10752K)
[2026-03-22T17:32:48.806+0900][13.872s][info][gc,heap        ] GC(620) ParOldGen: 103430K(349696K)->197639K(349696K)
[2026-03-22T17:32:48.807+0900][13.872s][info][gc,metaspace   ] GC(620) Metaspace: 338K(512K)->338K(512K) NonClass: 320K(384K)->320K(384K) Class: 17K(128K)->17K(128K)
[2026-03-22T17:32:48.807+0900][13.872s][info][gc             ] GC(620) Pause Young (Allocation Failure) 249M->203M(501M) 4.823ms
[2026-03-22T17:32:48.807+0900][13.872s][info][gc,cpu         ] GC(620) User=0.00s Sys=0.00s Real=0.00s
[2026-03-22T17:32:48.821+0900][13.886s][info][gc,start       ] GC(621) Pause Young (Allocation Failure)
[2026-03-22T17:32:48.825+0900][13.891s][info][gc,heap        ] GC(621) PSYoungGen: 163057K(163840K)->10496K(163840K) Eden: 152561K(153088K)->0K(153088K) From: 10496K(10752K)->10496K(10752K)
[2026-03-22T17:32:48.825+0900][13.891s][info][gc,heap        ] GC(621) ParOldGen: 197639K(349696K)->291999K(349696K)
[2026-03-22T17:32:48.825+0900][13.891s][info][gc,metaspace   ] GC(621) Metaspace: 338K(512K)->338K(512K) NonClass: 320K(384K)->320K(384K) Class: 17K(128K)->17K(128K)
[2026-03-22T17:32:48.825+0900][13.891s][info][gc             ] GC(621) Pause Young (Allocation Failure) 352M->295M(501M) 5.088ms
[2026-03-22T17:32:48.825+0900][13.891s][info][gc,cpu         ] GC(621) User=0.06s Sys=0.00s Real=0.00s
[2026-03-22T17:32:48.840+0900][13.905s][info][gc,start       ] GC(622) Pause Full (Ergonomics)
[2026-03-22T17:32:48.840+0900][13.906s][info][gc,phases,start] GC(622) Marking Phase
[2026-03-22T17:32:48.841+0900][13.906s][info][gc,phases      ] GC(622) Marking Phase 0.955ms
[2026-03-22T17:32:48.841+0900][13.907s][info][gc,phases,start] GC(622) Summary Phase
[2026-03-22T17:32:48.841+0900][13.907s][info][gc,phases      ] GC(622) Summary Phase 0.013ms
[2026-03-22T17:32:48.841+0900][13.907s][info][gc,phases,start] GC(622) Adjust Roots
[2026-03-22T17:32:48.841+0900][13.907s][info][gc,phases      ] GC(622) Adjust Roots 0.157ms
[2026-03-22T17:32:48.841+0900][13.907s][info][gc,phases,start] GC(622) Compaction Phase
[2026-03-22T17:32:48.846+0900][13.912s][info][gc,phases      ] GC(622) Compaction Phase 5.383ms
[2026-03-22T17:32:48.847+0900][13.912s][info][gc,phases,start] GC(622) Post Compact
[2026-03-22T17:32:48.848+0900][13.914s][info][gc,phases      ] GC(622) Post Compact 1.373ms
[2026-03-22T17:32:48.848+0900][13.914s][info][gc,heap        ] GC(622) PSYoungGen: 163057K(163840K)->0K(163840K) Eden: 152561K(153088K)->0K(153088K) From: 10496K(10752K)->0K(10752K)
[2026-03-22T17:32:48.848+0900][13.914s][info][gc,heap        ] GC(622) ParOldGen: 291999K(349696K)->103430K(349696K)
[2026-03-22T17:32:48.848+0900][13.914s][info][gc,metaspace   ] GC(622) Metaspace: 338K(512K)->338K(512K) NonClass: 320K(384K)->320K(384K) Class: 17K(128K)->17K(128K)
[2026-03-22T17:32:48.848+0900][13.914s][info][gc             ] GC(622) Pause Full (Ergonomics) 444M->101M(501M) 8.112ms
[2026-03-22T17:32:48.848+0900][13.914s][info][gc,cpu         ] GC(622) User=0.00s Sys=0.00s Real=0.01s
[2026-03-22T17:32:48.861+0900][13.928s][info][gc,start       ] GC(623) Pause Young (Allocation Failure)
[2026-03-22T17:32:48.866+0900][13.932s][info][gc,heap        ] GC(623) PSYoungGen: 152561K(163840K)->10496K(163840K) Eden: 152561K(153088K)->0K(153088K) From: 0K(10752K)->10496K(10752K)
[2026-03-22T17:32:48.866+0900][13.932s][info][gc,heap        ] GC(623) ParOldGen: 103430K(349696K)->197639K(349696K)
[2026-03-22T17:32:48.866+0900][13.932s][info][gc,metaspace   ] GC(623) Metaspace: 338K(512K)->338K(512K) NonClass: 320K(384K)->320K(384K) Class: 17K(128K)->17K(128K)
[2026-03-22T17:32:48.866+0900][13.932s][info][gc             ] GC(623) Pause Young (Allocation Failure) 249M->203M(501M) 4.928ms
[2026-03-22T17:32:48.866+0900][13.932s][info][gc,cpu         ] GC(623) User=0.00s Sys=0.00s Real=0.00s
[2026-03-22T17:32:48.882+0900][13.947s][info][gc,start       ] GC(624) Pause Young (Allocation Failure)
[2026-03-22T17:32:48.886+0900][13.952s][info][gc,heap        ] GC(624) PSYoungGen: 163057K(163840K)->10496K(163840K) Eden: 152561K(153088K)->0K(153088K) From: 10496K(10752K)->10496K(10752K)
[2026-03-22T17:32:48.886+0900][13.952s][info][gc,heap        ] GC(624) ParOldGen: 197639K(349696K)->291999K(349696K)
[2026-03-22T17:32:48.886+0900][13.952s][info][gc,metaspace   ] GC(624) Metaspace: 338K(512K)->338K(512K) NonClass: 320K(384K)->320K(384K) Class: 17K(128K)->17K(128K)
[2026-03-22T17:32:48.886+0900][13.952s][info][gc             ] GC(624) Pause Young (Allocation Failure) 352M->295M(501M) 4.603ms
[2026-03-22T17:32:48.886+0900][13.952s][info][gc,cpu         ] GC(624) User=0.06s Sys=0.00s Real=0.00s
[2026-03-22T17:32:48.901+0900][13.966s][info][gc,start       ] GC(625) Pause Full (Ergonomics)
[2026-03-22T17:32:48.901+0900][13.966s][info][gc,phases,start] GC(625) Marking Phase
[2026-03-22T17:32:48.902+0900][13.967s][info][gc,phases      ] GC(625) Marking Phase 1.020ms
[2026-03-22T17:32:48.902+0900][13.967s][info][gc,phases,start] GC(625) Summary Phase
[2026-03-22T17:32:48.902+0900][13.967s][info][gc,phases      ] GC(625) Summary Phase 0.013ms
[2026-03-22T17:32:48.902+0900][13.967s][info][gc,phases,start] GC(625) Adjust Roots
[2026-03-22T17:32:48.902+0900][13.967s][info][gc,phases      ] GC(625) Adjust Roots 0.171ms
[2026-03-22T17:32:48.902+0900][13.967s][info][gc,phases,start] GC(625) Compaction Phase
[2026-03-22T17:32:48.907+0900][13.973s][info][gc,phases      ] GC(625) Compaction Phase 5.216ms
[2026-03-22T17:32:48.907+0900][13.973s][info][gc,phases,start] GC(625) Post Compact
[2026-03-22T17:32:48.909+0900][13.974s][info][gc,phases      ] GC(625) Post Compact 1.375ms
[2026-03-22T17:32:48.909+0900][13.974s][info][gc,heap        ] GC(625) PSYoungGen: 163057K(163840K)->0K(163840K) Eden: 152561K(153088K)->0K(153088K) From: 10496K(10752K)->0K(10752K)
[2026-03-22T17:32:48.909+0900][13.974s][info][gc,heap        ] GC(625) ParOldGen: 291999K(349696K)->103430K(349696K)
[2026-03-22T17:32:48.909+0900][13.974s][info][gc,metaspace   ] GC(625) Metaspace: 338K(512K)->338K(512K) NonClass: 320K(384K)->320K(384K) Class: 17K(128K)->17K(128K)
[2026-03-22T17:32:48.909+0900][13.974s][info][gc             ] GC(625) Pause Full (Ergonomics) 444M->101M(501M) 8.077ms
[2026-03-22T17:32:48.909+0900][13.974s][info][gc,cpu         ] GC(625) User=0.00s Sys=0.00s Real=0.01s
[2026-03-22T17:32:48.923+0900][13.988s][info][gc,start       ] GC(626) Pause Young (Allocation Failure)
[2026-03-22T17:32:48.927+0900][13.993s][info][gc,heap        ] GC(626) PSYoungGen: 152561K(163840K)->10496K(163840K) Eden: 152561K(153088K)->0K(153088K) From: 0K(10752K)->10496K(10752K)
[2026-03-22T17:32:48.927+0900][13.993s][info][gc,heap        ] GC(626) ParOldGen: 103430K(349696K)->197639K(349696K)
[2026-03-22T17:32:48.927+0900][13.993s][info][gc,metaspace   ] GC(626) Metaspace: 338K(512K)->338K(512K) NonClass: 320K(384K)->320K(384K) Class: 17K(128K)->17K(128K)
[2026-03-22T17:32:48.927+0900][13.993s][info][gc             ] GC(626) Pause Young (Allocation Failure) 249M->203M(501M) 4.542ms
[2026-03-22T17:32:48.927+0900][13.993s][info][gc,cpu         ] GC(626) User=0.00s Sys=0.00s Real=0.00s
[2026-03-22T17:32:48.941+0900][14.007s][info][gc,start       ] GC(627) Pause Young (Allocation Failure)
[2026-03-22T17:32:48.945+0900][14.011s][info][gc,heap        ] GC(627) PSYoungGen: 163057K(163840K)->10496K(163840K) Eden: 152561K(153088K)->0K(153088K) From: 10496K(10752K)->10496K(10752K)
[2026-03-22T17:32:48.945+0900][14.011s][info][gc,heap        ] GC(627) ParOldGen: 197639K(349696K)->291999K(349696K)
[2026-03-22T17:32:48.945+0900][14.011s][info][gc,metaspace   ] GC(627) Metaspace: 338K(512K)->338K(512K) NonClass: 320K(384K)->320K(384K) Class: 17K(128K)->17K(128K)
[2026-03-22T17:32:48.945+0900][14.011s][info][gc             ] GC(627) Pause Young (Allocation Failure) 352M->295M(501M) 4.271ms
[2026-03-22T17:32:48.945+0900][14.011s][info][gc,cpu         ] GC(627) User=0.00s Sys=0.00s Real=0.00s
[2026-03-22T17:32:48.958+0900][14.024s][info][gc,start       ] GC(628) Pause Full (Ergonomics)
[2026-03-22T17:32:48.958+0900][14.025s][info][gc,phases,start] GC(628) Marking Phase
[2026-03-22T17:32:48.959+0900][14.025s][info][gc,phases      ] GC(628) Marking Phase 0.969ms
[2026-03-22T17:32:48.959+0900][14.026s][info][gc,phases,start] GC(628) Summary Phase
[2026-03-22T17:32:48.959+0900][14.026s][info][gc,phases      ] GC(628) Summary Phase 0.012ms
[2026-03-22T17:32:48.959+0900][14.026s][info][gc,phases,start] GC(628) Adjust Roots
[2026-03-22T17:32:48.960+0900][14.026s][info][gc,phases      ] GC(628) Adjust Roots 0.136ms
[2026-03-22T17:32:48.960+0900][14.026s][info][gc,phases,start] GC(628) Compaction Phase
[2026-03-22T17:32:48.965+0900][14.031s][info][gc,phases      ] GC(628) Compaction Phase 5.278ms
[2026-03-22T17:32:48.965+0900][14.031s][info][gc,phases,start] GC(628) Post Compact
[2026-03-22T17:32:48.966+0900][14.032s][info][gc,phases      ] GC(628) Post Compact 1.296ms
[2026-03-22T17:32:48.966+0900][14.032s][info][gc,heap        ] GC(628) PSYoungGen: 163057K(163840K)->0K(163840K) Eden: 152561K(153088K)->0K(153088K) From: 10496K(10752K)->0K(10752K)
[2026-03-22T17:32:48.966+0900][14.032s][info][gc,heap        ] GC(628) ParOldGen: 291999K(349696K)->103430K(349696K)
[2026-03-22T17:32:48.966+0900][14.032s][info][gc,metaspace   ] GC(628) Metaspace: 338K(512K)->338K(512K) NonClass: 320K(384K)->320K(384K) Class: 17K(128K)->17K(128K)
[2026-03-22T17:32:48.966+0900][14.032s][info][gc             ] GC(628) Pause Full (Ergonomics) 444M->101M(501M) 7.913ms
[2026-03-22T17:32:48.966+0900][14.032s][info][gc,cpu         ] GC(628) User=0.05s Sys=0.00s Real=0.01s
[2026-03-22T17:32:48.980+0900][14.046s][info][gc,start       ] GC(629) Pause Young (Allocation Failure)
[2026-03-22T17:32:48.984+0900][14.050s][info][gc,heap        ] GC(629) PSYoungGen: 152561K(163840K)->10496K(163840K) Eden: 152561K(153088K)->0K(153088K) From: 0K(10752K)->10496K(10752K)
[2026-03-22T17:32:48.984+0900][14.050s][info][gc,heap        ] GC(629) ParOldGen: 103430K(349696K)->197639K(349696K)
[2026-03-22T17:32:48.984+0900][14.050s][info][gc,metaspace   ] GC(629) Metaspace: 338K(512K)->338K(512K) NonClass: 320K(384K)->320K(384K) Class: 17K(128K)->17K(128K)
[2026-03-22T17:32:48.984+0900][14.050s][info][gc             ] GC(629) Pause Young (Allocation Failure) 249M->203M(501M) 4.440ms
[2026-03-22T17:32:48.984+0900][14.050s][info][gc,cpu         ] GC(629) User=0.00s Sys=0.00s Real=0.00s
[2026-03-22T17:32:48.999+0900][14.065s][info][gc,start       ] GC(630) Pause Young (Allocation Failure)
[2026-03-22T17:32:49.003+0900][14.069s][info][gc,heap        ] GC(630) PSYoungGen: 163057K(163840K)->10496K(163840K) Eden: 152561K(153088K)->0K(153088K) From: 10496K(10752K)->10496K(10752K)
[2026-03-22T17:32:49.003+0900][14.069s][info][gc,heap        ] GC(630) ParOldGen: 197639K(349696K)->291999K(349696K)
[2026-03-22T17:32:49.003+0900][14.069s][info][gc,metaspace   ] GC(630) Metaspace: 338K(512K)->338K(512K) NonClass: 320K(384K)->320K(384K) Class: 17K(128K)->17K(128K)
[2026-03-22T17:32:49.003+0900][14.069s][info][gc             ] GC(630) Pause Young (Allocation Failure) 352M->295M(501M) 4.509ms
[2026-03-22T17:32:49.003+0900][14.069s][info][gc,cpu         ] GC(630) User=0.00s Sys=0.00s Real=0.00s
[2026-03-22T17:32:49.017+0900][14.083s][info][gc,start       ] GC(631) Pause Full (Ergonomics)
[2026-03-22T17:32:49.018+0900][14.083s][info][gc,phases,start] GC(631) Marking Phase
[2026-03-22T17:32:49.019+0900][14.084s][info][gc,phases      ] GC(631) Marking Phase 1.000ms
[2026-03-22T17:32:49.019+0900][14.084s][info][gc,phases,start] GC(631) Summary Phase
[2026-03-22T17:32:49.019+0900][14.084s][info][gc,phases      ] GC(631) Summary Phase 0.014ms
[2026-03-22T17:32:49.019+0900][14.084s][info][gc,phases,start] GC(631) Adjust Roots
[2026-03-22T17:32:49.019+0900][14.085s][info][gc,phases      ] GC(631) Adjust Roots 0.143ms
[2026-03-22T17:32:49.019+0900][14.085s][info][gc,phases,start] GC(631) Compaction Phase
[2026-03-22T17:32:49.025+0900][14.090s][info][gc,phases      ] GC(631) Compaction Phase 5.835ms
[2026-03-22T17:32:49.025+0900][14.091s][info][gc,phases,start] GC(631) Post Compact
[2026-03-22T17:32:49.027+0900][14.092s][info][gc,phases      ] GC(631) Post Compact 1.467ms
[2026-03-22T17:32:49.027+0900][14.092s][info][gc,heap        ] GC(631) PSYoungGen: 163057K(163840K)->0K(163840K) Eden: 152561K(153088K)->0K(153088K) From: 10496K(10752K)->0K(10752K)
[2026-03-22T17:32:49.027+0900][14.092s][info][gc,heap        ] GC(631) ParOldGen: 291999K(349696K)->103430K(349696K)
[2026-03-22T17:32:49.027+0900][14.092s][info][gc,metaspace   ] GC(631) Metaspace: 338K(512K)->338K(512K) NonClass: 320K(384K)->320K(384K) Class: 17K(128K)->17K(128K)
[2026-03-22T17:32:49.027+0900][14.092s][info][gc             ] GC(631) Pause Full (Ergonomics) 444M->101M(501M) 8.790ms
[2026-03-22T17:32:49.027+0900][14.092s][info][gc,cpu         ] GC(631) User=0.00s Sys=0.00s Real=0.01s
[2026-03-22T17:32:49.041+0900][14.107s][info][gc,start       ] GC(632) Pause Young (Allocation Failure)
[2026-03-22T17:32:49.046+0900][14.112s][info][gc,heap        ] GC(632) PSYoungGen: 152561K(163840K)->10496K(163840K) Eden: 152561K(153088K)->0K(153088K) From: 0K(10752K)->10496K(10752K)
[2026-03-22T17:32:49.046+0900][14.112s][info][gc,heap        ] GC(632) ParOldGen: 103430K(349696K)->197639K(349696K)
[2026-03-22T17:32:49.046+0900][14.112s][info][gc,metaspace   ] GC(632) Metaspace: 338K(512K)->338K(512K) NonClass: 320K(384K)->320K(384K) Class: 17K(128K)->17K(128K)
[2026-03-22T17:32:49.046+0900][14.112s][info][gc             ] GC(632) Pause Young (Allocation Failure) 249M->203M(501M) 4.982ms
[2026-03-22T17:32:49.046+0900][14.112s][info][gc,cpu         ] GC(632) User=0.00s Sys=0.00s Real=0.01s
[2026-03-22T17:32:49.060+0900][14.126s][info][gc,start       ] GC(633) Pause Young (Allocation Failure)
[2026-03-22T17:32:49.065+0900][14.131s][info][gc,heap        ] GC(633) PSYoungGen: 163057K(163840K)->10496K(163840K) Eden: 152561K(153088K)->0K(153088K) From: 10496K(10752K)->10496K(10752K)
[2026-03-22T17:32:49.065+0900][14.131s][info][gc,heap        ] GC(633) ParOldGen: 197639K(349696K)->291999K(349696K)
[2026-03-22T17:32:49.065+0900][14.131s][info][gc,metaspace   ] GC(633) Metaspace: 338K(512K)->338K(512K) NonClass: 320K(384K)->320K(384K) Class: 17K(128K)->17K(128K)
[2026-03-22T17:32:49.065+0900][14.131s][info][gc             ] GC(633) Pause Young (Allocation Failure) 352M->295M(501M) 4.600ms
[2026-03-22T17:32:49.065+0900][14.131s][info][gc,cpu         ] GC(633) User=0.00s Sys=0.00s Real=0.01s
[2026-03-22T17:32:49.079+0900][14.145s][info][gc,start       ] GC(634) Pause Full (Ergonomics)
[2026-03-22T17:32:49.079+0900][14.145s][info][gc,phases,start] GC(634) Marking Phase
[2026-03-22T17:32:49.081+0900][14.146s][info][gc,phases      ] GC(634) Marking Phase 1.254ms
[2026-03-22T17:32:49.081+0900][14.146s][info][gc,phases,start] GC(634) Summary Phase
[2026-03-22T17:32:49.081+0900][14.147s][info][gc,phases      ] GC(634) Summary Phase 0.027ms
[2026-03-22T17:32:49.081+0900][14.147s][info][gc,phases,start] GC(634) Adjust Roots
[2026-03-22T17:32:49.081+0900][14.147s][info][gc,phases      ] GC(634) Adjust Roots 0.171ms
[2026-03-22T17:32:49.081+0900][14.147s][info][gc,phases,start] GC(634) Compaction Phase
[2026-03-22T17:32:49.086+0900][14.152s][info][gc,phases      ] GC(634) Compaction Phase 5.267ms
[2026-03-22T17:32:49.086+0900][14.152s][info][gc,phases,start] GC(634) Post Compact
[2026-03-22T17:32:49.088+0900][14.153s][info][gc,phases      ] GC(634) Post Compact 1.299ms
[2026-03-22T17:32:49.088+0900][14.153s][info][gc,heap        ] GC(634) PSYoungGen: 163057K(163840K)->0K(163840K) Eden: 152561K(153088K)->0K(153088K) From: 10496K(10752K)->0K(10752K)
[2026-03-22T17:32:49.088+0900][14.154s][info][gc,heap        ] GC(634) ParOldGen: 291999K(349696K)->103430K(349696K)
[2026-03-22T17:32:49.088+0900][14.154s][info][gc,metaspace   ] GC(634) Metaspace: 338K(512K)->338K(512K) NonClass: 320K(384K)->320K(384K) Class: 17K(128K)->17K(128K)
[2026-03-22T17:32:49.088+0900][14.154s][info][gc             ] GC(634) Pause Full (Ergonomics) 444M->101M(501M) 8.731ms
[2026-03-22T17:32:49.088+0900][14.154s][info][gc,cpu         ] GC(634) User=0.02s Sys=0.00s Real=0.01s
[2026-03-22T17:32:49.102+0900][14.167s][info][gc,start       ] GC(635) Pause Young (Allocation Failure)
[2026-03-22T17:32:49.106+0900][14.172s][info][gc,heap        ] GC(635) PSYoungGen: 152561K(163840K)->10496K(163840K) Eden: 152561K(153088K)->0K(153088K) From: 0K(10752K)->10496K(10752K)
[2026-03-22T17:32:49.106+0900][14.172s][info][gc,heap        ] GC(635) ParOldGen: 103430K(349696K)->197639K(349696K)
[2026-03-22T17:32:49.106+0900][14.172s][info][gc,metaspace   ] GC(635) Metaspace: 338K(512K)->338K(512K) NonClass: 320K(384K)->320K(384K) Class: 17K(128K)->17K(128K)
[2026-03-22T17:32:49.106+0900][14.172s][info][gc             ] GC(635) Pause Young (Allocation Failure) 249M->203M(501M) 4.792ms
[2026-03-22T17:32:49.106+0900][14.172s][info][gc,cpu         ] GC(635) User=0.06s Sys=0.00s Real=0.00s
[2026-03-22T17:32:49.120+0900][14.186s][info][gc,start       ] GC(636) Pause Young (Allocation Failure)
[2026-03-22T17:32:49.125+0900][14.191s][info][gc,heap        ] GC(636) PSYoungGen: 163057K(163840K)->10496K(163840K) Eden: 152561K(153088K)->0K(153088K) From: 10496K(10752K)->10496K(10752K)
[2026-03-22T17:32:49.125+0900][14.191s][info][gc,heap        ] GC(636) ParOldGen: 197639K(349696K)->291999K(349696K)
[2026-03-22T17:32:49.125+0900][14.191s][info][gc,metaspace   ] GC(636) Metaspace: 338K(512K)->338K(512K) NonClass: 320K(384K)->320K(384K) Class: 17K(128K)->17K(128K)
[2026-03-22T17:32:49.125+0900][14.191s][info][gc             ] GC(636) Pause Young (Allocation Failure) 352M->295M(501M) 4.903ms
[2026-03-22T17:32:49.125+0900][14.191s][info][gc,cpu         ] GC(636) User=0.00s Sys=0.00s Real=0.01s
[2026-03-22T17:32:49.139+0900][14.205s][info][gc,start       ] GC(637) Pause Full (Ergonomics)
[2026-03-22T17:32:49.139+0900][14.205s][info][gc,phases,start] GC(637) Marking Phase
[2026-03-22T17:32:49.141+0900][14.206s][info][gc,phases      ] GC(637) Marking Phase 0.952ms
[2026-03-22T17:32:49.141+0900][14.206s][info][gc,phases,start] GC(637) Summary Phase
[2026-03-22T17:32:49.141+0900][14.206s][info][gc,phases      ] GC(637) Summary Phase 0.011ms
[2026-03-22T17:32:49.141+0900][14.206s][info][gc,phases,start] GC(637) Adjust Roots
[2026-03-22T17:32:49.141+0900][14.206s][info][gc,phases      ] GC(637) Adjust Roots 0.204ms
[2026-03-22T17:32:49.141+0900][14.206s][info][gc,phases,start] GC(637) Compaction Phase
[2026-03-22T17:32:49.146+0900][14.212s][info][gc,phases      ] GC(637) Compaction Phase 5.287ms
[2026-03-22T17:32:49.146+0900][14.212s][info][gc,phases,start] GC(637) Post Compact
[2026-03-22T17:32:49.148+0900][14.213s][info][gc,phases      ] GC(637) Post Compact 1.357ms
[2026-03-22T17:32:49.148+0900][14.213s][info][gc,heap        ] GC(637) PSYoungGen: 163057K(163840K)->0K(163840K) Eden: 152561K(153088K)->0K(153088K) From: 10496K(10752K)->0K(10752K)
[2026-03-22T17:32:49.148+0900][14.213s][info][gc,heap        ] GC(637) ParOldGen: 291999K(349696K)->103195K(349696K)
[2026-03-22T17:32:49.148+0900][14.213s][info][gc,metaspace   ] GC(637) Metaspace: 338K(512K)->338K(512K) NonClass: 320K(384K)->320K(384K) Class: 17K(128K)->17K(128K)
[2026-03-22T17:32:49.148+0900][14.213s][info][gc             ] GC(637) Pause Full (Ergonomics) 444M->100M(501M) 8.039ms
[2026-03-22T17:32:49.148+0900][14.213s][info][gc,cpu         ] GC(637) User=0.00s Sys=0.00s Real=0.01s
[2026-03-22T17:32:49.161+0900][14.227s][info][gc,start       ] GC(638) Pause Young (Allocation Failure)
[2026-03-22T17:32:49.165+0900][14.231s][info][gc,heap        ] GC(638) PSYoungGen: 152561K(163840K)->10496K(163840K) Eden: 152561K(153088K)->0K(153088K) From: 0K(10752K)->10496K(10752K)
[2026-03-22T17:32:49.165+0900][14.231s][info][gc,heap        ] GC(638) ParOldGen: 103195K(349696K)->197403K(349696K)
[2026-03-22T17:32:49.165+0900][14.231s][info][gc,metaspace   ] GC(638) Metaspace: 338K(512K)->338K(512K) NonClass: 320K(384K)->320K(384K) Class: 17K(128K)->17K(128K)
[2026-03-22T17:32:49.165+0900][14.231s][info][gc             ] GC(638) Pause Young (Allocation Failure) 249M->203M(501M) 4.366ms
[2026-03-22T17:32:49.165+0900][14.231s][info][gc,cpu         ] GC(638) User=0.00s Sys=0.00s Real=0.00s
[2026-03-22T17:32:49.179+0900][14.245s][info][gc,start       ] GC(639) Pause Young (Allocation Failure)
[2026-03-22T17:32:49.184+0900][14.249s][info][gc,heap        ] GC(639) PSYoungGen: 163057K(163840K)->10496K(163840K) Eden: 152561K(153088K)->0K(153088K) From: 10496K(10752K)->10496K(10752K)
[2026-03-22T17:32:49.184+0900][14.249s][info][gc,heap        ] GC(639) ParOldGen: 197403K(349696K)->291764K(349696K)
[2026-03-22T17:32:49.184+0900][14.249s][info][gc,metaspace   ] GC(639) Metaspace: 338K(512K)->338K(512K) NonClass: 320K(384K)->320K(384K) Class: 17K(128K)->17K(128K)
[2026-03-22T17:32:49.184+0900][14.249s][info][gc             ] GC(639) Pause Young (Allocation Failure) 352M->295M(501M) 4.496ms
[2026-03-22T17:32:49.184+0900][14.249s][info][gc,cpu         ] GC(639) User=0.05s Sys=0.00s Real=0.01s
[2026-03-22T17:32:49.198+0900][14.263s][info][gc,start       ] GC(640) Pause Full (Ergonomics)
[2026-03-22T17:32:49.198+0900][14.263s][info][gc,phases,start] GC(640) Marking Phase
[2026-03-22T17:32:49.199+0900][14.264s][info][gc,phases      ] GC(640) Marking Phase 0.979ms
[2026-03-22T17:32:49.199+0900][14.264s][info][gc,phases,start] GC(640) Summary Phase
[2026-03-22T17:32:49.199+0900][14.264s][info][gc,phases      ] GC(640) Summary Phase 0.022ms
[2026-03-22T17:32:49.199+0900][14.264s][info][gc,phases,start] GC(640) Adjust Roots
[2026-03-22T17:32:49.199+0900][14.264s][info][gc,phases      ] GC(640) Adjust Roots 0.167ms
[2026-03-22T17:32:49.199+0900][14.264s][info][gc,phases,start] GC(640) Compaction Phase
[2026-03-22T17:32:49.204+0900][14.270s][info][gc,phases      ] GC(640) Compaction Phase 5.143ms
[2026-03-22T17:32:49.204+0900][14.270s][info][gc,phases,start] GC(640) Post Compact
[2026-03-22T17:32:49.206+0900][14.271s][info][gc,phases      ] GC(640) Post Compact 1.392ms
[2026-03-22T17:32:49.206+0900][14.271s][info][gc,heap        ] GC(640) PSYoungGen: 163057K(163840K)->0K(163840K) Eden: 152561K(153088K)->0K(153088K) From: 10496K(10752K)->0K(10752K)
[2026-03-22T17:32:49.206+0900][14.271s][info][gc,heap        ] GC(640) ParOldGen: 291764K(349696K)->103430K(349696K)
[2026-03-22T17:32:49.206+0900][14.271s][info][gc,metaspace   ] GC(640) Metaspace: 338K(512K)->338K(512K) NonClass: 320K(384K)->320K(384K) Class: 17K(128K)->17K(128K)
[2026-03-22T17:32:49.206+0900][14.271s][info][gc             ] GC(640) Pause Full (Ergonomics) 444M->101M(501M) 7.948ms
[2026-03-22T17:32:49.206+0900][14.271s][info][gc,cpu         ] GC(640) User=0.00s Sys=0.00s Real=0.01s
[2026-03-22T17:32:49.220+0900][14.286s][info][gc,start       ] GC(641) Pause Young (Allocation Failure)
[2026-03-22T17:32:49.224+0900][14.290s][info][gc,heap        ] GC(641) PSYoungGen: 152561K(163840K)->10496K(163840K) Eden: 152561K(153088K)->0K(153088K) From: 0K(10752K)->10496K(10752K)
[2026-03-22T17:32:49.224+0900][14.290s][info][gc,heap        ] GC(641) ParOldGen: 103430K(349696K)->197639K(349696K)
[2026-03-22T17:32:49.224+0900][14.290s][info][gc,metaspace   ] GC(641) Metaspace: 338K(512K)->338K(512K) NonClass: 320K(384K)->320K(384K) Class: 17K(128K)->17K(128K)
[2026-03-22T17:32:49.224+0900][14.290s][info][gc             ] GC(641) Pause Young (Allocation Failure) 249M->203M(501M) 4.489ms
[2026-03-22T17:32:49.224+0900][14.290s][info][gc,cpu         ] GC(641) User=0.00s Sys=0.00s Real=0.00s
[2026-03-22T17:32:49.239+0900][14.305s][info][gc,start       ] GC(642) Pause Young (Allocation Failure)
[2026-03-22T17:32:49.243+0900][14.309s][info][gc,heap        ] GC(642) PSYoungGen: 163057K(163840K)->10496K(163840K) Eden: 152561K(153088K)->0K(153088K) From: 10496K(10752K)->10496K(10752K)
[2026-03-22T17:32:49.243+0900][14.309s][info][gc,heap        ] GC(642) ParOldGen: 197639K(349696K)->291999K(349696K)
[2026-03-22T17:32:49.243+0900][14.309s][info][gc,metaspace   ] GC(642) Metaspace: 338K(512K)->338K(512K) NonClass: 320K(384K)->320K(384K) Class: 17K(128K)->17K(128K)
[2026-03-22T17:32:49.243+0900][14.309s][info][gc             ] GC(642) Pause Young (Allocation Failure) 352M->295M(501M) 4.504ms
[2026-03-22T17:32:49.243+0900][14.309s][info][gc,cpu         ] GC(642) User=0.00s Sys=0.00s Real=0.00s
[2026-03-22T17:32:49.258+0900][14.324s][info][gc,start       ] GC(643) Pause Full (Ergonomics)
[2026-03-22T17:32:49.258+0900][14.324s][info][gc,phases,start] GC(643) Marking Phase
[2026-03-22T17:32:49.259+0900][14.325s][info][gc,phases      ] GC(643) Marking Phase 1.016ms
[2026-03-22T17:32:49.259+0900][14.325s][info][gc,phases,start] GC(643) Summary Phase
[2026-03-22T17:32:49.259+0900][14.325s][info][gc,phases      ] GC(643) Summary Phase 0.021ms
[2026-03-22T17:32:49.259+0900][14.325s][info][gc,phases,start] GC(643) Adjust Roots
[2026-03-22T17:32:49.260+0900][14.325s][info][gc,phases      ] GC(643) Adjust Roots 0.224ms
[2026-03-22T17:32:49.260+0900][14.325s][info][gc,phases,start] GC(643) Compaction Phase
[2026-03-22T17:32:49.265+0900][14.331s][info][gc,phases      ] GC(643) Compaction Phase 5.364ms
[2026-03-22T17:32:49.265+0900][14.331s][info][gc,phases,start] GC(643) Post Compact
[2026-03-22T17:32:49.267+0900][14.332s][info][gc,phases      ] GC(643) Post Compact 1.478ms
[2026-03-22T17:32:49.267+0900][14.332s][info][gc,heap        ] GC(643) PSYoungGen: 163057K(163840K)->0K(163840K) Eden: 152561K(153088K)->0K(153088K) From: 10496K(10752K)->0K(10752K)
[2026-03-22T17:32:49.267+0900][14.332s][info][gc,heap        ] GC(643) ParOldGen: 291999K(349696K)->103430K(349696K)
[2026-03-22T17:32:49.267+0900][14.332s][info][gc,metaspace   ] GC(643) Metaspace: 338K(512K)->338K(512K) NonClass: 320K(384K)->320K(384K) Class: 17K(128K)->17K(128K)
[2026-03-22T17:32:49.267+0900][14.332s][info][gc             ] GC(643) Pause Full (Ergonomics) 444M->101M(501M) 8.398ms
[2026-03-22T17:32:49.267+0900][14.332s][info][gc,cpu         ] GC(643) User=0.02s Sys=0.00s Real=0.01s
[2026-03-22T17:32:49.281+0900][14.346s][info][gc,start       ] GC(644) Pause Young (Allocation Failure)
[2026-03-22T17:32:49.285+0900][14.350s][info][gc,heap        ] GC(644) PSYoungGen: 152561K(163840K)->10496K(163840K) Eden: 152561K(153088K)->0K(153088K) From: 0K(10752K)->10496K(10752K)
[2026-03-22T17:32:49.285+0900][14.350s][info][gc,heap        ] GC(644) ParOldGen: 103430K(349696K)->197639K(349696K)
[2026-03-22T17:32:49.285+0900][14.350s][info][gc,metaspace   ] GC(644) Metaspace: 338K(512K)->338K(512K) NonClass: 320K(384K)->320K(384K) Class: 17K(128K)->17K(128K)
[2026-03-22T17:32:49.285+0900][14.351s][info][gc             ] GC(644) Pause Young (Allocation Failure) 249M->203M(501M) 4.427ms
[2026-03-22T17:32:49.285+0900][14.351s][info][gc,cpu         ] GC(644) User=0.00s Sys=0.00s Real=0.00s
[2026-03-22T17:32:49.298+0900][14.364s][info][gc,start       ] GC(645) Pause Young (Allocation Failure)
[2026-03-22T17:32:49.303+0900][14.369s][info][gc,heap        ] GC(645) PSYoungGen: 163057K(163840K)->10496K(163840K) Eden: 152561K(153088K)->0K(153088K) From: 10496K(10752K)->10496K(10752K)
[2026-03-22T17:32:49.303+0900][14.369s][info][gc,heap        ] GC(645) ParOldGen: 197639K(349696K)->291999K(349696K)
[2026-03-22T17:32:49.303+0900][14.369s][info][gc,metaspace   ] GC(645) Metaspace: 338K(512K)->338K(512K) NonClass: 320K(384K)->320K(384K) Class: 17K(128K)->17K(128K)
[2026-03-22T17:32:49.303+0900][14.369s][info][gc             ] GC(645) Pause Young (Allocation Failure) 352M->295M(501M) 4.295ms
[2026-03-22T17:32:49.303+0900][14.369s][info][gc,cpu         ] GC(645) User=0.00s Sys=0.00s Real=0.00s
[2026-03-22T17:32:49.317+0900][14.383s][info][gc,start       ] GC(646) Pause Full (Ergonomics)
[2026-03-22T17:32:49.317+0900][14.383s][info][gc,phases,start] GC(646) Marking Phase
[2026-03-22T17:32:49.318+0900][14.384s][info][gc,phases      ] GC(646) Marking Phase 0.960ms
[2026-03-22T17:32:49.318+0900][14.384s][info][gc,phases,start] GC(646) Summary Phase
[2026-03-22T17:32:49.318+0900][14.384s][info][gc,phases      ] GC(646) Summary Phase 0.013ms
[2026-03-22T17:32:49.318+0900][14.384s][info][gc,phases,start] GC(646) Adjust Roots
[2026-03-22T17:32:49.318+0900][14.384s][info][gc,phases      ] GC(646) Adjust Roots 0.167ms
[2026-03-22T17:32:49.318+0900][14.384s][info][gc,phases,start] GC(646) Compaction Phase
[2026-03-22T17:32:49.326+0900][14.391s][info][gc,phases      ] GC(646) Compaction Phase 7.404ms
[2026-03-22T17:32:49.326+0900][14.391s][info][gc,phases,start] GC(646) Post Compact
[2026-03-22T17:32:49.327+0900][14.393s][info][gc,phases      ] GC(646) Post Compact 1.262ms
[2026-03-22T17:32:49.327+0900][14.393s][info][gc,heap        ] GC(646) PSYoungGen: 163057K(163840K)->0K(163840K) Eden: 152561K(153088K)->0K(153088K) From: 10496K(10752K)->0K(10752K)
[2026-03-22T17:32:49.327+0900][14.393s][info][gc,heap        ] GC(646) ParOldGen: 291999K(349696K)->103430K(349696K)
[2026-03-22T17:32:49.327+0900][14.393s][info][gc,metaspace   ] GC(646) Metaspace: 338K(512K)->338K(512K) NonClass: 320K(384K)->320K(384K) Class: 17K(128K)->17K(128K)
[2026-03-22T17:32:49.327+0900][14.393s][info][gc             ] GC(646) Pause Full (Ergonomics) 444M->101M(501M) 10.031ms
[2026-03-22T17:32:49.327+0900][14.393s][info][gc,cpu         ] GC(646) User=0.06s Sys=0.00s Real=0.01s
[2026-03-22T17:32:49.341+0900][14.407s][info][gc,start       ] GC(647) Pause Young (Allocation Failure)
[2026-03-22T17:32:49.345+0900][14.411s][info][gc,heap        ] GC(647) PSYoungGen: 152561K(163840K)->10496K(163840K) Eden: 152561K(153088K)->0K(153088K) From: 0K(10752K)->10496K(10752K)
[2026-03-22T17:32:49.345+0900][14.412s][info][gc,heap        ] GC(647) ParOldGen: 103430K(349696K)->197639K(349696K)
[2026-03-22T17:32:49.345+0900][14.412s][info][gc,metaspace   ] GC(647) Metaspace: 338K(512K)->338K(512K) NonClass: 320K(384K)->320K(384K) Class: 17K(128K)->17K(128K)
[2026-03-22T17:32:49.346+0900][14.412s][info][gc             ] GC(647) Pause Young (Allocation Failure) 249M->203M(501M) 4.634ms
[2026-03-22T17:32:49.346+0900][14.412s][info][gc,cpu         ] GC(647) User=0.00s Sys=0.00s Real=0.00s
[2026-03-22T17:32:49.360+0900][14.426s][info][gc,start       ] GC(648) Pause Young (Allocation Failure)
[2026-03-22T17:32:49.365+0900][14.431s][info][gc,heap        ] GC(648) PSYoungGen: 163057K(163840K)->10496K(163840K) Eden: 152561K(153088K)->0K(153088K) From: 10496K(10752K)->10496K(10752K)
[2026-03-22T17:32:49.365+0900][14.431s][info][gc,heap        ] GC(648) ParOldGen: 197639K(349696K)->291999K(349696K)
[2026-03-22T17:32:49.365+0900][14.431s][info][gc,metaspace   ] GC(648) Metaspace: 338K(512K)->338K(512K) NonClass: 320K(384K)->320K(384K) Class: 17K(128K)->17K(128K)
[2026-03-22T17:32:49.365+0900][14.431s][info][gc             ] GC(648) Pause Young (Allocation Failure) 352M->295M(501M) 4.835ms
[2026-03-22T17:32:49.365+0900][14.431s][info][gc,cpu         ] GC(648) User=0.00s Sys=0.00s Real=0.01s
[2026-03-22T17:32:49.379+0900][14.445s][info][gc,start       ] GC(649) Pause Full (Ergonomics)
[2026-03-22T17:32:49.379+0900][14.446s][info][gc,phases,start] GC(649) Marking Phase
[2026-03-22T17:32:49.381+0900][14.447s][info][gc,phases      ] GC(649) Marking Phase 1.319ms
[2026-03-22T17:32:49.381+0900][14.447s][info][gc,phases,start] GC(649) Summary Phase
[2026-03-22T17:32:49.381+0900][14.447s][info][gc,phases      ] GC(649) Summary Phase 0.023ms
[2026-03-22T17:32:49.381+0900][14.447s][info][gc,phases,start] GC(649) Adjust Roots
[2026-03-22T17:32:49.382+0900][14.447s][info][gc,phases      ] GC(649) Adjust Roots 0.195ms
[2026-03-22T17:32:49.382+0900][14.447s][info][gc,phases,start] GC(649) Compaction Phase
[2026-03-22T17:32:49.388+0900][14.453s][info][gc,phases      ] GC(649) Compaction Phase 5.883ms
[2026-03-22T17:32:49.388+0900][14.453s][info][gc,phases,start] GC(649) Post Compact
[2026-03-22T17:32:49.389+0900][14.455s][info][gc,phases      ] GC(649) Post Compact 1.496ms
[2026-03-22T17:32:49.389+0900][14.455s][info][gc,heap        ] GC(649) PSYoungGen: 163057K(163840K)->0K(163840K) Eden: 152561K(153088K)->0K(153088K) From: 10496K(10752K)->0K(10752K)
[2026-03-22T17:32:49.389+0900][14.455s][info][gc,heap        ] GC(649) ParOldGen: 291999K(349696K)->103430K(349696K)
[2026-03-22T17:32:49.389+0900][14.455s][info][gc,metaspace   ] GC(649) Metaspace: 338K(512K)->338K(512K) NonClass: 320K(384K)->320K(384K) Class: 17K(128K)->17K(128K)
[2026-03-22T17:32:49.389+0900][14.455s][info][gc             ] GC(649) Pause Full (Ergonomics) 444M->101M(501M) 9.287ms
[2026-03-22T17:32:49.389+0900][14.455s][info][gc,cpu         ] GC(649) User=0.06s Sys=0.00s Real=0.01s
[2026-03-22T17:32:49.403+0900][14.469s][info][gc,start       ] GC(650) Pause Young (Allocation Failure)
[2026-03-22T17:32:49.409+0900][14.475s][info][gc,heap        ] GC(650) PSYoungGen: 152561K(163840K)->10496K(163840K) Eden: 152561K(153088K)->0K(153088K) From: 0K(10752K)->10496K(10752K)
[2026-03-22T17:32:49.409+0900][14.475s][info][gc,heap        ] GC(650) ParOldGen: 103430K(349696K)->197639K(349696K)
[2026-03-22T17:32:49.409+0900][14.475s][info][gc,metaspace   ] GC(650) Metaspace: 338K(512K)->338K(512K) NonClass: 320K(384K)->320K(384K) Class: 17K(128K)->17K(128K)
[2026-03-22T17:32:49.409+0900][14.475s][info][gc             ] GC(650) Pause Young (Allocation Failure) 249M->203M(501M) 6.105ms
[2026-03-22T17:32:49.409+0900][14.475s][info][gc,cpu         ] GC(650) User=0.00s Sys=0.00s Real=0.01s
[2026-03-22T17:32:49.425+0900][14.491s][info][gc,start       ] GC(651) Pause Young (Allocation Failure)
[2026-03-22T17:32:49.429+0900][14.495s][info][gc,heap        ] GC(651) PSYoungGen: 163057K(163840K)->10496K(163840K) Eden: 152561K(153088K)->0K(153088K) From: 10496K(10752K)->10496K(10752K)
[2026-03-22T17:32:49.429+0900][14.495s][info][gc,heap        ] GC(651) ParOldGen: 197639K(349696K)->291999K(349696K)
[2026-03-22T17:32:49.429+0900][14.496s][info][gc,metaspace   ] GC(651) Metaspace: 338K(512K)->338K(512K) NonClass: 320K(384K)->320K(384K) Class: 17K(128K)->17K(128K)
[2026-03-22T17:32:49.429+0900][14.496s][info][gc             ] GC(651) Pause Young (Allocation Failure) 352M->295M(501M) 4.766ms
[2026-03-22T17:32:49.429+0900][14.496s][info][gc,cpu         ] GC(651) User=0.00s Sys=0.00s Real=0.00s
[2026-03-22T17:32:49.444+0900][14.510s][info][gc,start       ] GC(652) Pause Full (Ergonomics)
[2026-03-22T17:32:49.444+0900][14.510s][info][gc,phases,start] GC(652) Marking Phase
[2026-03-22T17:32:49.445+0900][14.511s][info][gc,phases      ] GC(652) Marking Phase 1.066ms
[2026-03-22T17:32:49.445+0900][14.511s][info][gc,phases,start] GC(652) Summary Phase
[2026-03-22T17:32:49.445+0900][14.511s][info][gc,phases      ] GC(652) Summary Phase 0.011ms
[2026-03-22T17:32:49.445+0900][14.511s][info][gc,phases,start] GC(652) Adjust Roots
[2026-03-22T17:32:49.446+0900][14.511s][info][gc,phases      ] GC(652) Adjust Roots 0.153ms
[2026-03-22T17:32:49.446+0900][14.511s][info][gc,phases,start] GC(652) Compaction Phase
[2026-03-22T17:32:49.452+0900][14.518s][info][gc,phases      ] GC(652) Compaction Phase 6.113ms
[2026-03-22T17:32:49.452+0900][14.518s][info][gc,phases,start] GC(652) Post Compact
[2026-03-22T17:32:49.453+0900][14.519s][info][gc,phases      ] GC(652) Post Compact 1.341ms
[2026-03-22T17:32:49.453+0900][14.519s][info][gc,heap        ] GC(652) PSYoungGen: 163057K(163840K)->0K(163840K) Eden: 152561K(153088K)->0K(153088K) From: 10496K(10752K)->0K(10752K)
[2026-03-22T17:32:49.453+0900][14.519s][info][gc,heap        ] GC(652) ParOldGen: 291999K(349696K)->103430K(349696K)
[2026-03-22T17:32:49.453+0900][14.519s][info][gc,metaspace   ] GC(652) Metaspace: 338K(512K)->338K(512K) NonClass: 320K(384K)->320K(384K) Class: 17K(128K)->17K(128K)
[2026-03-22T17:32:49.453+0900][14.519s][info][gc             ] GC(652) Pause Full (Ergonomics) 444M->101M(501M) 8.951ms
[2026-03-22T17:32:49.453+0900][14.519s][info][gc,cpu         ] GC(652) User=0.06s Sys=0.00s Real=0.01s
[2026-03-22T17:32:49.467+0900][14.533s][info][gc,start       ] GC(653) Pause Young (Allocation Failure)
[2026-03-22T17:32:49.472+0900][14.538s][info][gc,heap        ] GC(653) PSYoungGen: 152561K(163840K)->10496K(163840K) Eden: 152561K(153088K)->0K(153088K) From: 0K(10752K)->10496K(10752K)
[2026-03-22T17:32:49.472+0900][14.538s][info][gc,heap        ] GC(653) ParOldGen: 103430K(349696K)->197639K(349696K)
[2026-03-22T17:32:49.472+0900][14.538s][info][gc,metaspace   ] GC(653) Metaspace: 338K(512K)->338K(512K) NonClass: 320K(384K)->320K(384K) Class: 17K(128K)->17K(128K)
[2026-03-22T17:32:49.472+0900][14.538s][info][gc             ] GC(653) Pause Young (Allocation Failure) 249M->203M(501M) 4.808ms
[2026-03-22T17:32:49.472+0900][14.538s][info][gc,cpu         ] GC(653) User=0.00s Sys=0.00s Real=0.00s
[2026-03-22T17:32:49.486+0900][14.552s][info][gc,start       ] GC(654) Pause Young (Allocation Failure)
[2026-03-22T17:32:49.491+0900][14.557s][info][gc,heap        ] GC(654) PSYoungGen: 163057K(163840K)->10496K(163840K) Eden: 152561K(153088K)->0K(153088K) From: 10496K(10752K)->10496K(10752K)
[2026-03-22T17:32:49.491+0900][14.557s][info][gc,heap        ] GC(654) ParOldGen: 197639K(349696K)->291999K(349696K)
[2026-03-22T17:32:49.491+0900][14.557s][info][gc,metaspace   ] GC(654) Metaspace: 338K(512K)->338K(512K) NonClass: 320K(384K)->320K(384K) Class: 17K(128K)->17K(128K)
[2026-03-22T17:32:49.491+0900][14.557s][info][gc             ] GC(654) Pause Young (Allocation Failure) 352M->295M(501M) 4.744ms
[2026-03-22T17:32:49.491+0900][14.557s][info][gc,cpu         ] GC(654) User=0.00s Sys=0.00s Real=0.00s
[2026-03-22T17:32:49.505+0900][14.571s][info][gc,start       ] GC(655) Pause Full (Ergonomics)
[2026-03-22T17:32:49.505+0900][14.571s][info][gc,phases,start] GC(655) Marking Phase
[2026-03-22T17:32:49.506+0900][14.572s][info][gc,phases      ] GC(655) Marking Phase 1.071ms
[2026-03-22T17:32:49.506+0900][14.572s][info][gc,phases,start] GC(655) Summary Phase
[2026-03-22T17:32:49.506+0900][14.572s][info][gc,phases      ] GC(655) Summary Phase 0.014ms
[2026-03-22T17:32:49.506+0900][14.572s][info][gc,phases,start] GC(655) Adjust Roots
[2026-03-22T17:32:49.507+0900][14.573s][info][gc,phases      ] GC(655) Adjust Roots 0.285ms
[2026-03-22T17:32:49.507+0900][14.573s][info][gc,phases,start] GC(655) Compaction Phase
[2026-03-22T17:32:49.512+0900][14.578s][info][gc,phases      ] GC(655) Compaction Phase 5.546ms
[2026-03-22T17:32:49.513+0900][14.578s][info][gc,phases,start] GC(655) Post Compact
[2026-03-22T17:32:49.514+0900][14.580s][info][gc,phases      ] GC(655) Post Compact 1.320ms
[2026-03-22T17:32:49.514+0900][14.580s][info][gc,heap        ] GC(655) PSYoungGen: 163057K(163840K)->0K(163840K) Eden: 152561K(153088K)->0K(153088K) From: 10496K(10752K)->0K(10752K)
[2026-03-22T17:32:49.514+0900][14.580s][info][gc,heap        ] GC(655) ParOldGen: 291999K(349696K)->103430K(349696K)
[2026-03-22T17:32:49.514+0900][14.580s][info][gc,metaspace   ] GC(655) Metaspace: 338K(512K)->338K(512K) NonClass: 320K(384K)->320K(384K) Class: 17K(128K)->17K(128K)
[2026-03-22T17:32:49.514+0900][14.580s][info][gc             ] GC(655) Pause Full (Ergonomics) 444M->101M(501M) 8.500ms
[2026-03-22T17:32:49.514+0900][14.580s][info][gc,cpu         ] GC(655) User=0.06s Sys=0.00s Real=0.01s
[2026-03-22T17:32:49.527+0900][14.593s][info][gc,start       ] GC(656) Pause Young (Allocation Failure)
[2026-03-22T17:32:49.532+0900][14.598s][info][gc,heap        ] GC(656) PSYoungGen: 152561K(163840K)->10496K(163840K) Eden: 152561K(153088K)->0K(153088K) From: 0K(10752K)->10496K(10752K)
[2026-03-22T17:32:49.532+0900][14.598s][info][gc,heap        ] GC(656) ParOldGen: 103430K(349696K)->197639K(349696K)
[2026-03-22T17:32:49.532+0900][14.598s][info][gc,metaspace   ] GC(656) Metaspace: 338K(512K)->338K(512K) NonClass: 320K(384K)->320K(384K) Class: 17K(128K)->17K(128K)
[2026-03-22T17:32:49.532+0900][14.598s][info][gc             ] GC(656) Pause Young (Allocation Failure) 249M->203M(501M) 4.705ms
[2026-03-22T17:32:49.532+0900][14.598s][info][gc,cpu         ] GC(656) User=0.00s Sys=0.00s Real=0.01s
[2026-03-22T17:32:49.546+0900][14.612s][info][gc,start       ] GC(657) Pause Young (Allocation Failure)
[2026-03-22T17:32:49.550+0900][14.616s][info][gc,heap        ] GC(657) PSYoungGen: 163057K(163840K)->10496K(163840K) Eden: 152561K(153088K)->0K(153088K) From: 10496K(10752K)->10496K(10752K)
[2026-03-22T17:32:49.550+0900][14.616s][info][gc,heap        ] GC(657) ParOldGen: 197639K(349696K)->291999K(349696K)
[2026-03-22T17:32:49.550+0900][14.616s][info][gc,metaspace   ] GC(657) Metaspace: 338K(512K)->338K(512K) NonClass: 320K(384K)->320K(384K) Class: 17K(128K)->17K(128K)
[2026-03-22T17:32:49.550+0900][14.616s][info][gc             ] GC(657) Pause Young (Allocation Failure) 352M->295M(501M) 4.476ms
[2026-03-22T17:32:49.550+0900][14.616s][info][gc,cpu         ] GC(657) User=0.00s Sys=0.00s Real=0.00s
[2026-03-22T17:32:49.564+0900][14.630s][info][gc,start       ] GC(658) Pause Full (Ergonomics)
[2026-03-22T17:32:49.564+0900][14.630s][info][gc,phases,start] GC(658) Marking Phase
[2026-03-22T17:32:49.565+0900][14.631s][info][gc,phases      ] GC(658) Marking Phase 1.009ms
[2026-03-22T17:32:49.565+0900][14.631s][info][gc,phases,start] GC(658) Summary Phase
[2026-03-22T17:32:49.565+0900][14.631s][info][gc,phases      ] GC(658) Summary Phase 0.027ms
[2026-03-22T17:32:49.565+0900][14.631s][info][gc,phases,start] GC(658) Adjust Roots
[2026-03-22T17:32:49.565+0900][14.632s][info][gc,phases      ] GC(658) Adjust Roots 0.202ms
[2026-03-22T17:32:49.565+0900][14.632s][info][gc,phases,start] GC(658) Compaction Phase
[2026-03-22T17:32:49.571+0900][14.637s][info][gc,phases      ] GC(658) Compaction Phase 5.185ms
[2026-03-22T17:32:49.571+0900][14.637s][info][gc,phases,start] GC(658) Post Compact
[2026-03-22T17:32:49.572+0900][14.638s][info][gc,phases      ] GC(658) Post Compact 1.242ms
[2026-03-22T17:32:49.572+0900][14.638s][info][gc,heap        ] GC(658) PSYoungGen: 163057K(163840K)->0K(163840K) Eden: 152561K(153088K)->0K(153088K) From: 10496K(10752K)->0K(10752K)
[2026-03-22T17:32:49.572+0900][14.638s][info][gc,heap        ] GC(658) ParOldGen: 291999K(349696K)->103430K(349696K)
[2026-03-22T17:32:49.572+0900][14.638s][info][gc,metaspace   ] GC(658) Metaspace: 338K(512K)->338K(512K) NonClass: 320K(384K)->320K(384K) Class: 17K(128K)->17K(128K)
[2026-03-22T17:32:49.572+0900][14.638s][info][gc             ] GC(658) Pause Full (Ergonomics) 444M->101M(501M) 7.895ms
[2026-03-22T17:32:49.572+0900][14.638s][info][gc,cpu         ] GC(658) User=0.02s Sys=0.00s Real=0.01s
[2026-03-22T17:32:49.586+0900][14.651s][info][gc,start       ] GC(659) Pause Young (Allocation Failure)
[2026-03-22T17:32:49.590+0900][14.656s][info][gc,heap        ] GC(659) PSYoungGen: 152561K(163840K)->10496K(163840K) Eden: 152561K(153088K)->0K(153088K) From: 0K(10752K)->10496K(10752K)
[2026-03-22T17:32:49.590+0900][14.656s][info][gc,heap        ] GC(659) ParOldGen: 103430K(349696K)->197639K(349696K)
[2026-03-22T17:32:49.590+0900][14.656s][info][gc,metaspace   ] GC(659) Metaspace: 338K(512K)->338K(512K) NonClass: 320K(384K)->320K(384K) Class: 17K(128K)->17K(128K)
[2026-03-22T17:32:49.590+0900][14.656s][info][gc             ] GC(659) Pause Young (Allocation Failure) 249M->203M(501M) 4.488ms
[2026-03-22T17:32:49.590+0900][14.656s][info][gc,cpu         ] GC(659) User=0.06s Sys=0.00s Real=0.00s
[2026-03-22T17:32:49.604+0900][14.670s][info][gc,start       ] GC(660) Pause Young (Allocation Failure)
[2026-03-22T17:32:49.608+0900][14.674s][info][gc,heap        ] GC(660) PSYoungGen: 163057K(163840K)->10496K(163840K) Eden: 152561K(153088K)->0K(153088K) From: 10496K(10752K)->10496K(10752K)
[2026-03-22T17:32:49.608+0900][14.674s][info][gc,heap        ] GC(660) ParOldGen: 197639K(349696K)->291999K(349696K)
[2026-03-22T17:32:49.608+0900][14.674s][info][gc,metaspace   ] GC(660) Metaspace: 338K(512K)->338K(512K) NonClass: 320K(384K)->320K(384K) Class: 17K(128K)->17K(128K)
[2026-03-22T17:32:49.608+0900][14.674s][info][gc             ] GC(660) Pause Young (Allocation Failure) 352M->295M(501M) 4.451ms
[2026-03-22T17:32:49.608+0900][14.674s][info][gc,cpu         ] GC(660) User=0.00s Sys=0.00s Real=0.00s
[2026-03-22T17:32:49.622+0900][14.688s][info][gc,start       ] GC(661) Pause Full (Ergonomics)
[2026-03-22T17:32:49.622+0900][14.688s][info][gc,phases,start] GC(661) Marking Phase
[2026-03-22T17:32:49.623+0900][14.689s][info][gc,phases      ] GC(661) Marking Phase 0.848ms
[2026-03-22T17:32:49.623+0900][14.689s][info][gc,phases,start] GC(661) Summary Phase
[2026-03-22T17:32:49.623+0900][14.689s][info][gc,phases      ] GC(661) Summary Phase 0.012ms
[2026-03-22T17:32:49.623+0900][14.689s][info][gc,phases,start] GC(661) Adjust Roots
[2026-03-22T17:32:49.623+0900][14.689s][info][gc,phases      ] GC(661) Adjust Roots 0.128ms
[2026-03-22T17:32:49.623+0900][14.689s][info][gc,phases,start] GC(661) Compaction Phase
[2026-03-22T17:32:49.629+0900][14.695s][info][gc,phases      ] GC(661) Compaction Phase 5.601ms
[2026-03-22T17:32:49.630+0900][14.695s][info][gc,phases,start] GC(661) Post Compact
[2026-03-22T17:32:49.631+0900][14.696s][info][gc,phases      ] GC(661) Post Compact 1.490ms
[2026-03-22T17:32:49.631+0900][14.696s][info][gc,heap        ] GC(661) PSYoungGen: 163057K(163840K)->0K(163840K) Eden: 152561K(153088K)->0K(153088K) From: 10496K(10752K)->0K(10752K)
[2026-03-22T17:32:49.631+0900][14.696s][info][gc,heap        ] GC(661) ParOldGen: 291999K(349696K)->103430K(349696K)
[2026-03-22T17:32:49.631+0900][14.696s][info][gc,metaspace   ] GC(661) Metaspace: 338K(512K)->338K(512K) NonClass: 320K(384K)->320K(384K) Class: 17K(128K)->17K(128K)
[2026-03-22T17:32:49.631+0900][14.696s][info][gc             ] GC(661) Pause Full (Ergonomics) 444M->101M(501M) 8.282ms
[2026-03-22T17:32:49.631+0900][14.696s][info][gc,cpu         ] GC(661) User=0.00s Sys=0.00s Real=0.01s
[2026-03-22T17:32:49.644+0900][14.710s][info][gc,start       ] GC(662) Pause Young (Allocation Failure)
[2026-03-22T17:32:49.649+0900][14.714s][info][gc,heap        ] GC(662) PSYoungGen: 152561K(163840K)->10496K(163840K) Eden: 152561K(153088K)->0K(153088K) From: 0K(10752K)->10496K(10752K)
[2026-03-22T17:32:49.649+0900][14.714s][info][gc,heap        ] GC(662) ParOldGen: 103430K(349696K)->197639K(349696K)
[2026-03-22T17:32:49.649+0900][14.714s][info][gc,metaspace   ] GC(662) Metaspace: 338K(512K)->338K(512K) NonClass: 320K(384K)->320K(384K) Class: 17K(128K)->17K(128K)
[2026-03-22T17:32:49.649+0900][14.715s][info][gc             ] GC(662) Pause Young (Allocation Failure) 249M->203M(501M) 4.531ms
[2026-03-22T17:32:49.649+0900][14.715s][info][gc,cpu         ] GC(662) User=0.00s Sys=0.00s Real=0.00s
[2026-03-22T17:32:49.662+0900][14.728s][info][gc,start       ] GC(663) Pause Young (Allocation Failure)
[2026-03-22T17:32:49.667+0900][14.733s][info][gc,heap        ] GC(663) PSYoungGen: 163057K(163840K)->10496K(163840K) Eden: 152561K(153088K)->0K(153088K) From: 10496K(10752K)->10496K(10752K)
[2026-03-22T17:32:49.667+0900][14.733s][info][gc,heap        ] GC(663) ParOldGen: 197639K(349696K)->291999K(349696K)
[2026-03-22T17:32:49.667+0900][14.733s][info][gc,metaspace   ] GC(663) Metaspace: 338K(512K)->338K(512K) NonClass: 320K(384K)->320K(384K) Class: 17K(128K)->17K(128K)
[2026-03-22T17:32:49.667+0900][14.733s][info][gc             ] GC(663) Pause Young (Allocation Failure) 352M->295M(501M) 4.787ms
[2026-03-22T17:32:49.667+0900][14.733s][info][gc,cpu         ] GC(663) User=0.06s Sys=0.00s Real=0.01s
[2026-03-22T17:32:49.681+0900][14.747s][info][gc,start       ] GC(664) Pause Full (Ergonomics)
[2026-03-22T17:32:49.681+0900][14.747s][info][gc,phases,start] GC(664) Marking Phase
[2026-03-22T17:32:49.682+0900][14.748s][info][gc,phases      ] GC(664) Marking Phase 0.930ms
[2026-03-22T17:32:49.682+0900][14.748s][info][gc,phases,start] GC(664) Summary Phase
[2026-03-22T17:32:49.682+0900][14.748s][info][gc,phases      ] GC(664) Summary Phase 0.013ms
[2026-03-22T17:32:49.682+0900][14.748s][info][gc,phases,start] GC(664) Adjust Roots
[2026-03-22T17:32:49.683+0900][14.748s][info][gc,phases      ] GC(664) Adjust Roots 0.147ms
[2026-03-22T17:32:49.683+0900][14.748s][info][gc,phases,start] GC(664) Compaction Phase
[2026-03-22T17:32:49.689+0900][14.754s][info][gc,phases      ] GC(664) Compaction Phase 6.052ms
[2026-03-22T17:32:49.689+0900][14.754s][info][gc,phases,start] GC(664) Post Compact
[2026-03-22T17:32:49.691+0900][14.756s][info][gc,phases      ] GC(664) Post Compact 1.876ms
[2026-03-22T17:32:49.691+0900][14.756s][info][gc,heap        ] GC(664) PSYoungGen: 163057K(163840K)->0K(163840K) Eden: 152561K(153088K)->0K(153088K) From: 10496K(10752K)->0K(10752K)
[2026-03-22T17:32:49.691+0900][14.756s][info][gc,heap        ] GC(664) ParOldGen: 291999K(349696K)->103430K(349696K)
[2026-03-22T17:32:49.691+0900][14.756s][info][gc,metaspace   ] GC(664) Metaspace: 338K(512K)->338K(512K) NonClass: 320K(384K)->320K(384K) Class: 17K(128K)->17K(128K)
[2026-03-22T17:32:49.691+0900][14.756s][info][gc             ] GC(664) Pause Full (Ergonomics) 444M->101M(501M) 9.392ms
[2026-03-22T17:32:49.691+0900][14.756s][info][gc,cpu         ] GC(664) User=0.05s Sys=0.00s Real=0.01s
[2026-03-22T17:32:49.706+0900][14.772s][info][gc,start       ] GC(665) Pause Young (Allocation Failure)
[2026-03-22T17:32:49.711+0900][14.777s][info][gc,heap        ] GC(665) PSYoungGen: 152561K(163840K)->10496K(163840K) Eden: 152561K(153088K)->0K(153088K) From: 0K(10752K)->10496K(10752K)
[2026-03-22T17:32:49.711+0900][14.777s][info][gc,heap        ] GC(665) ParOldGen: 103430K(349696K)->197639K(349696K)
[2026-03-22T17:32:49.711+0900][14.777s][info][gc,metaspace   ] GC(665) Metaspace: 338K(512K)->338K(512K) NonClass: 320K(384K)->320K(384K) Class: 17K(128K)->17K(128K)
[2026-03-22T17:32:49.711+0900][14.777s][info][gc             ] GC(665) Pause Young (Allocation Failure) 249M->203M(501M) 4.669ms
[2026-03-22T17:32:49.711+0900][14.777s][info][gc,cpu         ] GC(665) User=0.00s Sys=0.00s Real=0.00s
[2026-03-22T17:32:49.726+0900][14.793s][info][gc,start       ] GC(666) Pause Young (Allocation Failure)
[2026-03-22T17:32:49.732+0900][14.798s][info][gc,heap        ] GC(666) PSYoungGen: 163057K(163840K)->10496K(163840K) Eden: 152561K(153088K)->0K(153088K) From: 10496K(10752K)->10496K(10752K)
[2026-03-22T17:32:49.732+0900][14.798s][info][gc,heap        ] GC(666) ParOldGen: 197639K(349696K)->291999K(349696K)
[2026-03-22T17:32:49.732+0900][14.798s][info][gc,metaspace   ] GC(666) Metaspace: 338K(512K)->338K(512K) NonClass: 320K(384K)->320K(384K) Class: 17K(128K)->17K(128K)
[2026-03-22T17:32:49.732+0900][14.798s][info][gc             ] GC(666) Pause Young (Allocation Failure) 352M->295M(501M) 5.025ms
[2026-03-22T17:32:49.732+0900][14.798s][info][gc,cpu         ] GC(666) User=0.06s Sys=0.00s Real=0.01s
[2026-03-22T17:32:49.746+0900][14.812s][info][gc,start       ] GC(667) Pause Full (Ergonomics)
[2026-03-22T17:32:49.746+0900][14.812s][info][gc,phases,start] GC(667) Marking Phase
[2026-03-22T17:32:49.748+0900][14.813s][info][gc,phases      ] GC(667) Marking Phase 1.162ms
[2026-03-22T17:32:49.748+0900][14.813s][info][gc,phases,start] GC(667) Summary Phase
[2026-03-22T17:32:49.748+0900][14.813s][info][gc,phases      ] GC(667) Summary Phase 0.014ms
[2026-03-22T17:32:49.748+0900][14.813s][info][gc,phases,start] GC(667) Adjust Roots
[2026-03-22T17:32:49.748+0900][14.814s][info][gc,phases      ] GC(667) Adjust Roots 0.144ms
[2026-03-22T17:32:49.748+0900][14.814s][info][gc,phases,start] GC(667) Compaction Phase
[2026-03-22T17:32:49.754+0900][14.819s][info][gc,phases      ] GC(667) Compaction Phase 5.716ms
[2026-03-22T17:32:49.754+0900][14.819s][info][gc,phases,start] GC(667) Post Compact
[2026-03-22T17:32:49.756+0900][14.821s][info][gc,phases      ] GC(667) Post Compact 1.527ms
[2026-03-22T17:32:49.756+0900][14.821s][info][gc,heap        ] GC(667) PSYoungGen: 163057K(163840K)->0K(163840K) Eden: 152561K(153088K)->0K(153088K) From: 10496K(10752K)->0K(10752K)
[2026-03-22T17:32:49.756+0900][14.821s][info][gc,heap        ] GC(667) ParOldGen: 291999K(349696K)->103430K(349696K)
[2026-03-22T17:32:49.756+0900][14.821s][info][gc,metaspace   ] GC(667) Metaspace: 338K(512K)->338K(512K) NonClass: 320K(384K)->320K(384K) Class: 17K(128K)->17K(128K)
[2026-03-22T17:32:49.756+0900][14.821s][info][gc             ] GC(667) Pause Full (Ergonomics) 444M->101M(501M) 8.923ms
[2026-03-22T17:32:49.756+0900][14.821s][info][gc,cpu         ] GC(667) User=0.00s Sys=0.00s Real=0.01s
[2026-03-22T17:32:49.770+0900][14.836s][info][gc,start       ] GC(668) Pause Young (Allocation Failure)
[2026-03-22T17:32:49.774+0900][14.841s][info][gc,heap        ] GC(668) PSYoungGen: 152561K(163840K)->10496K(163840K) Eden: 152561K(153088K)->0K(153088K) From: 0K(10752K)->10496K(10752K)
[2026-03-22T17:32:49.775+0900][14.841s][info][gc,heap        ] GC(668) ParOldGen: 103430K(349696K)->197639K(349696K)
[2026-03-22T17:32:49.775+0900][14.841s][info][gc,metaspace   ] GC(668) Metaspace: 338K(512K)->338K(512K) NonClass: 320K(384K)->320K(384K) Class: 17K(128K)->17K(128K)
[2026-03-22T17:32:49.775+0900][14.841s][info][gc             ] GC(668) Pause Young (Allocation Failure) 249M->203M(501M) 5.038ms
[2026-03-22T17:32:49.775+0900][14.841s][info][gc,cpu         ] GC(668) User=0.00s Sys=0.00s Real=0.01s
[2026-03-22T17:32:49.790+0900][14.856s][info][gc,start       ] GC(669) Pause Young (Allocation Failure)
[2026-03-22T17:32:49.795+0900][14.861s][info][gc,heap        ] GC(669) PSYoungGen: 163057K(163840K)->10496K(163840K) Eden: 152561K(153088K)->0K(153088K) From: 10496K(10752K)->10496K(10752K)
[2026-03-22T17:32:49.795+0900][14.861s][info][gc,heap        ] GC(669) ParOldGen: 197639K(349696K)->291999K(349696K)
[2026-03-22T17:32:49.795+0900][14.861s][info][gc,metaspace   ] GC(669) Metaspace: 338K(512K)->338K(512K) NonClass: 320K(384K)->320K(384K) Class: 17K(128K)->17K(128K)
[2026-03-22T17:32:49.795+0900][14.861s][info][gc             ] GC(669) Pause Young (Allocation Failure) 352M->295M(501M) 5.188ms
[2026-03-22T17:32:49.795+0900][14.861s][info][gc,cpu         ] GC(669) User=0.06s Sys=0.00s Real=0.01s
[2026-03-22T17:32:49.811+0900][14.877s][info][gc,start       ] GC(670) Pause Full (Ergonomics)
[2026-03-22T17:32:49.811+0900][14.877s][info][gc,phases,start] GC(670) Marking Phase
[2026-03-22T17:32:49.811+0900][14.878s][info][gc,phases      ] GC(670) Marking Phase 0.910ms
[2026-03-22T17:32:49.811+0900][14.878s][info][gc,phases,start] GC(670) Summary Phase
[2026-03-22T17:32:49.811+0900][14.878s][info][gc,phases      ] GC(670) Summary Phase 0.025ms
[2026-03-22T17:32:49.811+0900][14.878s][info][gc,phases,start] GC(670) Adjust Roots
[2026-03-22T17:32:49.813+0900][14.878s][info][gc,phases      ] GC(670) Adjust Roots 0.205ms
[2026-03-22T17:32:49.813+0900][14.878s][info][gc,phases,start] GC(670) Compaction Phase
[2026-03-22T17:32:49.819+0900][14.884s][info][gc,phases      ] GC(670) Compaction Phase 6.281ms
[2026-03-22T17:32:49.819+0900][14.884s][info][gc,phases,start] GC(670) Post Compact
[2026-03-22T17:32:49.820+0900][14.886s][info][gc,phases      ] GC(670) Post Compact 1.343ms
[2026-03-22T17:32:49.820+0900][14.886s][info][gc,heap        ] GC(670) PSYoungGen: 163057K(163840K)->0K(163840K) Eden: 152561K(153088K)->0K(153088K) From: 10496K(10752K)->0K(10752K)
[2026-03-22T17:32:49.820+0900][14.886s][info][gc,heap        ] GC(670) ParOldGen: 291999K(349696K)->103430K(349696K)
[2026-03-22T17:32:49.820+0900][14.886s][info][gc,metaspace   ] GC(670) Metaspace: 338K(512K)->338K(512K) NonClass: 320K(384K)->320K(384K) Class: 17K(128K)->17K(128K)
[2026-03-22T17:32:49.820+0900][14.886s][info][gc             ] GC(670) Pause Full (Ergonomics) 444M->101M(501M) 9.041ms
[2026-03-22T17:32:49.820+0900][14.886s][info][gc,cpu         ] GC(670) User=0.00s Sys=0.00s Real=0.01s
[2026-03-22T17:32:49.835+0900][14.901s][info][gc,start       ] GC(671) Pause Young (Allocation Failure)
[2026-03-22T17:32:49.840+0900][14.905s][info][gc,heap        ] GC(671) PSYoungGen: 152561K(163840K)->10496K(163840K) Eden: 152561K(153088K)->0K(153088K) From: 0K(10752K)->10496K(10752K)
[2026-03-22T17:32:49.840+0900][14.906s][info][gc,heap        ] GC(671) ParOldGen: 103430K(349696K)->197639K(349696K)
[2026-03-22T17:32:49.840+0900][14.906s][info][gc,metaspace   ] GC(671) Metaspace: 338K(512K)->338K(512K) NonClass: 320K(384K)->320K(384K) Class: 17K(128K)->17K(128K)
[2026-03-22T17:32:49.840+0900][14.906s][info][gc             ] GC(671) Pause Young (Allocation Failure) 249M->203M(501M) 4.759ms
[2026-03-22T17:32:49.840+0900][14.906s][info][gc,cpu         ] GC(671) User=0.05s Sys=0.00s Real=0.00s
[2026-03-22T17:32:49.854+0900][14.920s][info][gc,start       ] GC(672) Pause Young (Allocation Failure)
[2026-03-22T17:32:49.859+0900][14.925s][info][gc,heap        ] GC(672) PSYoungGen: 163057K(163840K)->10496K(163840K) Eden: 152561K(153088K)->0K(153088K) From: 10496K(10752K)->10496K(10752K)
[2026-03-22T17:32:49.859+0900][14.925s][info][gc,heap        ] GC(672) ParOldGen: 197639K(349696K)->291999K(349696K)
[2026-03-22T17:32:49.859+0900][14.925s][info][gc,metaspace   ] GC(672) Metaspace: 338K(512K)->338K(512K) NonClass: 320K(384K)->320K(384K) Class: 17K(128K)->17K(128K)
[2026-03-22T17:32:49.859+0900][14.925s][info][gc             ] GC(672) Pause Young (Allocation Failure) 352M->295M(501M) 5.179ms
[2026-03-22T17:32:49.859+0900][14.925s][info][gc,cpu         ] GC(672) User=0.00s Sys=0.00s Real=0.00s
[2026-03-22T17:32:49.873+0900][14.939s][info][gc,start       ] GC(673) Pause Full (Ergonomics)
[2026-03-22T17:32:49.873+0900][14.939s][info][gc,phases,start] GC(673) Marking Phase
[2026-03-22T17:32:49.874+0900][14.940s][info][gc,phases      ] GC(673) Marking Phase 0.984ms
[2026-03-22T17:32:49.874+0900][14.940s][info][gc,phases,start] GC(673) Summary Phase
[2026-03-22T17:32:49.874+0900][14.940s][info][gc,phases      ] GC(673) Summary Phase 0.013ms
[2026-03-22T17:32:49.874+0900][14.940s][info][gc,phases,start] GC(673) Adjust Roots
[2026-03-22T17:32:49.874+0900][14.940s][info][gc,phases      ] GC(673) Adjust Roots 0.139ms
[2026-03-22T17:32:49.874+0900][14.940s][info][gc,phases,start] GC(673) Compaction Phase
[2026-03-22T17:32:49.879+0900][14.945s][info][gc,phases      ] GC(673) Compaction Phase 5.139ms
[2026-03-22T17:32:49.879+0900][14.945s][info][gc,phases,start] GC(673) Post Compact
[2026-03-22T17:32:49.881+0900][14.947s][info][gc,phases      ] GC(673) Post Compact 1.366ms
[2026-03-22T17:32:49.881+0900][14.947s][info][gc,heap        ] GC(673) PSYoungGen: 163057K(163840K)->0K(163840K) Eden: 152561K(153088K)->0K(153088K) From: 10496K(10752K)->0K(10752K)
[2026-03-22T17:32:49.881+0900][14.947s][info][gc,heap        ] GC(673) ParOldGen: 291999K(349696K)->103430K(349696K)
[2026-03-22T17:32:49.881+0900][14.947s][info][gc,metaspace   ] GC(673) Metaspace: 338K(512K)->338K(512K) NonClass: 320K(384K)->320K(384K) Class: 17K(128K)->17K(128K)
[2026-03-22T17:32:49.881+0900][14.947s][info][gc             ] GC(673) Pause Full (Ergonomics) 444M->101M(501M) 7.866ms
[2026-03-22T17:32:49.881+0900][14.947s][info][gc,cpu         ] GC(673) User=0.00s Sys=0.00s Real=0.01s
[2026-03-22T17:32:49.895+0900][14.961s][info][gc,start       ] GC(674) Pause Young (Allocation Failure)
[2026-03-22T17:32:49.899+0900][14.965s][info][gc,heap        ] GC(674) PSYoungGen: 152561K(163840K)->10496K(163840K) Eden: 152561K(153088K)->0K(153088K) From: 0K(10752K)->10496K(10752K)
[2026-03-22T17:32:49.899+0900][14.965s][info][gc,heap        ] GC(674) ParOldGen: 103430K(349696K)->197639K(349696K)
[2026-03-22T17:32:49.899+0900][14.965s][info][gc,metaspace   ] GC(674) Metaspace: 338K(512K)->338K(512K) NonClass: 320K(384K)->320K(384K) Class: 17K(128K)->17K(128K)
[2026-03-22T17:32:49.899+0900][14.965s][info][gc             ] GC(674) Pause Young (Allocation Failure) 249M->203M(501M) 4.323ms
[2026-03-22T17:32:49.899+0900][14.965s][info][gc,cpu         ] GC(674) User=0.00s Sys=0.00s Real=0.00s
[2026-03-22T17:32:49.913+0900][14.979s][info][gc,start       ] GC(675) Pause Young (Allocation Failure)
[2026-03-22T17:32:49.918+0900][14.983s][info][gc,heap        ] GC(675) PSYoungGen: 163057K(163840K)->10496K(163840K) Eden: 152561K(153088K)->0K(153088K) From: 10496K(10752K)->10496K(10752K)
[2026-03-22T17:32:49.918+0900][14.983s][info][gc,heap        ] GC(675) ParOldGen: 197639K(349696K)->291999K(349696K)
[2026-03-22T17:32:49.918+0900][14.983s][info][gc,metaspace   ] GC(675) Metaspace: 338K(512K)->338K(512K) NonClass: 320K(384K)->320K(384K) Class: 17K(128K)->17K(128K)
[2026-03-22T17:32:49.918+0900][14.983s][info][gc             ] GC(675) Pause Young (Allocation Failure) 352M->295M(501M) 4.343ms
[2026-03-22T17:32:49.918+0900][14.983s][info][gc,cpu         ] GC(675) User=0.06s Sys=0.00s Real=0.00s
[2026-03-22T17:32:49.931+0900][14.997s][info][gc,start       ] GC(676) Pause Full (Ergonomics)
[2026-03-22T17:32:49.931+0900][14.997s][info][gc,phases,start] GC(676) Marking Phase
[2026-03-22T17:32:49.932+0900][14.998s][info][gc,phases      ] GC(676) Marking Phase 0.831ms
[2026-03-22T17:32:49.932+0900][14.998s][info][gc,phases,start] GC(676) Summary Phase
[2026-03-22T17:32:49.932+0900][14.998s][info][gc,phases      ] GC(676) Summary Phase 0.013ms
[2026-03-22T17:32:49.932+0900][14.998s][info][gc,phases,start] GC(676) Adjust Roots
[2026-03-22T17:32:49.932+0900][14.998s][info][gc,phases      ] GC(676) Adjust Roots 0.249ms
[2026-03-22T17:32:49.932+0900][14.998s][info][gc,phases,start] GC(676) Compaction Phase
[2026-03-22T17:32:49.938+0900][15.004s][info][gc,phases      ] GC(676) Compaction Phase 5.637ms
[2026-03-22T17:32:49.938+0900][15.004s][info][gc,phases,start] GC(676) Post Compact
[2026-03-22T17:32:49.940+0900][15.005s][info][gc,phases      ] GC(676) Post Compact 1.387ms
[2026-03-22T17:32:49.940+0900][15.005s][info][gc,heap        ] GC(676) PSYoungGen: 163057K(163840K)->0K(163840K) Eden: 152561K(153088K)->0K(153088K) From: 10496K(10752K)->0K(10752K)
[2026-03-22T17:32:49.940+0900][15.005s][info][gc,heap        ] GC(676) ParOldGen: 291999K(349696K)->103430K(349696K)
[2026-03-22T17:32:49.940+0900][15.005s][info][gc,metaspace   ] GC(676) Metaspace: 338K(512K)->338K(512K) NonClass: 320K(384K)->320K(384K) Class: 17K(128K)->17K(128K)
[2026-03-22T17:32:49.940+0900][15.005s][info][gc             ] GC(676) Pause Full (Ergonomics) 444M->101M(501M) 8.372ms
[2026-03-22T17:32:49.940+0900][15.006s][info][gc,cpu         ] GC(676) User=0.00s Sys=0.00s Real=0.01s
[2026-03-22T17:32:49.955+0900][15.020s][info][gc,start       ] GC(677) Pause Young (Allocation Failure)
[2026-03-22T17:32:49.959+0900][15.024s][info][gc,heap        ] GC(677) PSYoungGen: 152561K(163840K)->10496K(163840K) Eden: 152561K(153088K)->0K(153088K) From: 0K(10752K)->10496K(10752K)
[2026-03-22T17:32:49.959+0900][15.024s][info][gc,heap        ] GC(677) ParOldGen: 103430K(349696K)->197639K(349696K)
[2026-03-22T17:32:49.959+0900][15.024s][info][gc,metaspace   ] GC(677) Metaspace: 338K(512K)->338K(512K) NonClass: 320K(384K)->320K(384K) Class: 17K(128K)->17K(128K)
[2026-03-22T17:32:49.959+0900][15.025s][info][gc             ] GC(677) Pause Young (Allocation Failure) 249M->203M(501M) 4.314ms
[2026-03-22T17:32:49.959+0900][15.025s][info][gc,cpu         ] GC(677) User=0.00s Sys=0.00s Real=0.00s
[2026-03-22T17:32:49.973+0900][15.038s][info][gc,start       ] GC(678) Pause Young (Allocation Failure)
[2026-03-22T17:32:49.977+0900][15.043s][info][gc,heap        ] GC(678) PSYoungGen: 163057K(163840K)->10496K(163840K) Eden: 152561K(153088K)->0K(153088K) From: 10496K(10752K)->10496K(10752K)
[2026-03-22T17:32:49.977+0900][15.043s][info][gc,heap        ] GC(678) ParOldGen: 197639K(349696K)->291999K(349696K)
[2026-03-22T17:32:49.977+0900][15.043s][info][gc,metaspace   ] GC(678) Metaspace: 338K(512K)->338K(512K) NonClass: 320K(384K)->320K(384K) Class: 17K(128K)->17K(128K)
[2026-03-22T17:32:49.977+0900][15.043s][info][gc             ] GC(678) Pause Young (Allocation Failure) 352M->295M(501M) 4.215ms
[2026-03-22T17:32:49.977+0900][15.043s][info][gc,cpu         ] GC(678) User=0.00s Sys=0.00s Real=0.00s
[2026-03-22T17:32:49.991+0900][15.057s][info][gc,start       ] GC(679) Pause Full (Ergonomics)
[2026-03-22T17:32:49.991+0900][15.057s][info][gc,phases,start] GC(679) Marking Phase
[2026-03-22T17:32:49.992+0900][15.058s][info][gc,phases      ] GC(679) Marking Phase 0.963ms
[2026-03-22T17:32:49.992+0900][15.058s][info][gc,phases,start] GC(679) Summary Phase
[2026-03-22T17:32:49.992+0900][15.058s][info][gc,phases      ] GC(679) Summary Phase 0.021ms
[2026-03-22T17:32:49.992+0900][15.058s][info][gc,phases,start] GC(679) Adjust Roots
[2026-03-22T17:32:49.992+0900][15.058s][info][gc,phases      ] GC(679) Adjust Roots 0.186ms
[2026-03-22T17:32:49.992+0900][15.058s][info][gc,phases,start] GC(679) Compaction Phase
[2026-03-22T17:32:49.998+0900][15.063s][info][gc,phases      ] GC(679) Compaction Phase 5.278ms
[2026-03-22T17:32:49.998+0900][15.063s][info][gc,phases,start] GC(679) Post Compact
[2026-03-22T17:32:49.999+0900][15.065s][info][gc,phases      ] GC(679) Post Compact 1.325ms
[2026-03-22T17:32:49.999+0900][15.065s][info][gc,heap        ] GC(679) PSYoungGen: 163057K(163840K)->0K(163840K) Eden: 152561K(153088K)->0K(153088K) From: 10496K(10752K)->0K(10752K)
[2026-03-22T17:32:49.999+0900][15.065s][info][gc,heap        ] GC(679) ParOldGen: 291999K(349696K)->103430K(349696K)
[2026-03-22T17:32:49.999+0900][15.065s][info][gc,metaspace   ] GC(679) Metaspace: 338K(512K)->338K(512K) NonClass: 320K(384K)->320K(384K) Class: 17K(128K)->17K(128K)
[2026-03-22T17:32:49.999+0900][15.065s][info][gc             ] GC(679) Pause Full (Ergonomics) 444M->101M(501M) 8.030ms
[2026-03-22T17:32:49.999+0900][15.065s][info][gc,cpu         ] GC(679) User=0.06s Sys=0.00s Real=0.01s
[2026-03-22T17:32:50.013+0900][15.078s][info][gc,start       ] GC(680) Pause Young (Allocation Failure)
[2026-03-22T17:32:50.018+0900][15.083s][info][gc,heap        ] GC(680) PSYoungGen: 152561K(163840K)->10496K(163840K) Eden: 152561K(153088K)->0K(153088K) From: 0K(10752K)->10496K(10752K)
[2026-03-22T17:32:50.018+0900][15.083s][info][gc,heap        ] GC(680) ParOldGen: 103430K(349696K)->197639K(349696K)
[2026-03-22T17:32:50.018+0900][15.083s][info][gc,metaspace   ] GC(680) Metaspace: 338K(512K)->338K(512K) NonClass: 320K(384K)->320K(384K) Class: 17K(128K)->17K(128K)
[2026-03-22T17:32:50.018+0900][15.083s][info][gc             ] GC(680) Pause Young (Allocation Failure) 249M->203M(501M) 4.459ms
[2026-03-22T17:32:50.018+0900][15.083s][info][gc,cpu         ] GC(680) User=0.00s Sys=0.00s Real=0.00s
[2026-03-22T17:32:50.019+0900][15.084s][info][gc,heap,exit   ] Heap
[2026-03-22T17:32:50.019+0900][15.084s][info][gc,heap,exit   ]  PSYoungGen      total 163840K, used 18662K [0x00000000f5580000, 0x0000000100000000, 0x0000000100000000)
[2026-03-22T17:32:50.019+0900][15.084s][info][gc,heap,exit   ]   eden space 153088K, 5% used [0x00000000f5580000,0x00000000f5d79ad0,0x00000000feb00000)
[2026-03-22T17:32:50.019+0900][15.084s][info][gc,heap,exit   ]   from space 10752K, 97% used [0x00000000feb00000,0x00000000ff540050,0x00000000ff580000)
[2026-03-22T17:32:50.019+0900][15.084s][info][gc,heap,exit   ]   to   space 10752K, 0% used [0x00000000ff580000,0x00000000ff580000,0x0000000100000000)
[2026-03-22T17:32:50.019+0900][15.084s][info][gc,heap,exit   ]  ParOldGen       total 349696K, used 197639K [0x00000000e0000000, 0x00000000f5580000, 0x00000000f5580000)
[2026-03-22T17:32:50.019+0900][15.084s][info][gc,heap,exit   ]   object space 349696K, 56% used [0x00000000e0000000,0x00000000ec101c48,0x00000000f5580000)
[2026-03-22T17:32:50.019+0900][15.084s][info][gc,heap,exit   ]  Metaspace       used 339K, committed 512K, reserved 1114112K
[2026-03-22T17:32:50.019+0900][15.084s][info][gc,heap,exit   ]   class space    used 17K, committed 128K, reserved 1048576K
