[2026-03-22T17:21:13.775+0900][0.009s][info][gc] Using Parallel
[2026-03-22T17:21:13.776+0900][0.010s][info][gc,init] Version: 17.0.17+10 (release)
[2026-03-22T17:21:13.776+0900][0.010s][info][gc,init] CPUs: 18 total, 18 available
[2026-03-22T17:21:13.776+0900][0.010s][info][gc,init] Memory: 15964M
[2026-03-22T17:21:13.776+0900][0.010s][info][gc,init] Large Page Support: Disabled
[2026-03-22T17:21:13.776+0900][0.010s][info][gc,init] NUMA Support: Disabled
[2026-03-22T17:21:13.776+0900][0.010s][info][gc,init] Compressed Oops: Enabled (32-bit)
[2026-03-22T17:21:13.776+0900][0.010s][info][gc,init] Alignments: Space 512K, Generation 512K, Heap 2M
[2026-03-22T17:21:13.777+0900][0.011s][info][gc,init] Heap Min Capacity: 256M
[2026-03-22T17:21:13.777+0900][0.011s][info][gc,init] Heap Initial Capacity: 256M
[2026-03-22T17:21:13.777+0900][0.011s][info][gc,init] Heap Max Capacity: 512M
[2026-03-22T17:21:13.777+0900][0.011s][info][gc,init] Pre-touch: Disabled
[2026-03-22T17:21:13.777+0900][0.011s][info][gc,init] Parallel Workers: 4
[2026-03-22T17:21:13.786+0900][0.020s][info][gc,metaspace] CDS archive(s) mapped at: [0x0000018b54000000-0x0000018b54bb0000-0x0000018b54bb0000), size 12255232, SharedBaseAddress: 0x0000018b54000000, ArchiveRelocationMode: 1.
[2026-03-22T17:21:13.787+0900][0.020s][info][gc,metaspace] Compressed class space mapped at: 0x0000018b55000000-0x0000018b95000000, reserved size: 1073741824
[2026-03-22T17:21:13.787+0900][0.020s][info][gc,metaspace] Narrow klass base: 0x0000018b54000000, Narrow klass shift: 0, Narrow klass range: 0x100000000
[2026-03-22T17:21:13.868+0900][0.102s][info][gc,start    ] GC(0) Pause Young (Allocation Failure)
[2026-03-22T17:21:13.885+0900][0.120s][info][gc,heap     ] GC(0) PSYoungGen: 64635K(76288K)->9065K(76288K) Eden: 64635K(65536K)->0K(65536K) From: 0K(10752K)->9065K(10752K)
[2026-03-22T17:21:13.885+0900][0.120s][info][gc,heap     ] GC(0) ParOldGen: 0K(175104K)->51208K(175104K)
[2026-03-22T17:21:13.886+0900][0.120s][info][gc,metaspace] GC(0) Metaspace: 277K(448K)->277K(448K) NonClass: 261K(320K)->261K(320K) Class: 15K(128K)->15K(128K)
[2026-03-22T17:21:13.886+0900][0.120s][info][gc          ] GC(0) Pause Young (Allocation Failure) 63M->58M(245M) 17.937ms
[2026-03-22T17:21:13.886+0900][0.120s][info][gc,cpu      ] GC(0) User=0.06s Sys=0.02s Real=0.02s
[2026-03-22T17:21:13.894+0900][0.128s][info][gc,heap,exit] Heap
[2026-03-22T17:21:13.894+0900][0.128s][info][gc,heap,exit]  PSYoungGen      total 76288K, used 53768K [0x00000000f5580000, 0x00000000fea80000, 0x0000000100000000)
[2026-03-22T17:21:13.894+0900][0.128s][info][gc,heap,exit]   eden space 65536K, 68% used [0x00000000f5580000,0x00000000f8127cb0,0x00000000f9580000)
[2026-03-22T17:21:13.894+0900][0.128s][info][gc,heap,exit]   from space 10752K, 84% used [0x00000000f9580000,0x00000000f9e5a670,0x00000000fa000000)
[2026-03-22T17:21:13.894+0900][0.129s][info][gc,heap,exit]   to   space 10752K, 0% used [0x00000000fe000000,0x00000000fe000000,0x00000000fea80000)
[2026-03-22T17:21:13.894+0900][0.129s][info][gc,heap,exit]  ParOldGen       total 175104K, used 51208K [0x00000000e0000000, 0x00000000eab00000, 0x00000000f5580000)
[2026-03-22T17:21:13.894+0900][0.129s][info][gc,heap,exit]   object space 175104K, 29% used [0x00000000e0000000,0x00000000e3202190,0x00000000eab00000)
[2026-03-22T17:21:13.894+0900][0.129s][info][gc,heap,exit]  Metaspace       used 290K, committed 448K, reserved 1114112K
[2026-03-22T17:21:13.894+0900][0.129s][info][gc,heap,exit]   class space    used 17K, committed 128K, reserved 1048576K
