[2026-03-23T14:19:20.743+0900][0.004s][info][gc,init] CardTable entry size: 512
[2026-03-23T14:19:20.743+0900][0.004s][info][gc     ] Using Parallel
[2026-03-23T14:19:20.743+0900][0.004s][info][gc,init] Version: 21.0.9+10-LTS (release)
[2026-03-23T14:19:20.743+0900][0.004s][info][gc,init] CPUs: 14 total, 14 available
[2026-03-23T14:19:20.743+0900][0.004s][info][gc,init] Memory: 49152M
[2026-03-23T14:19:20.743+0900][0.004s][info][gc,init] Large Page Support: Disabled
[2026-03-23T14:19:20.743+0900][0.004s][info][gc,init] NUMA Support: Disabled
[2026-03-23T14:19:20.743+0900][0.004s][info][gc,init] Compressed Oops: Enabled (Zero based)
[2026-03-23T14:19:20.743+0900][0.004s][info][gc,init] Alignments: Space 512K, Generation 512K, Heap 8M
[2026-03-23T14:19:20.743+0900][0.004s][info][gc,init] Heap Min Capacity: 256M
[2026-03-23T14:19:20.743+0900][0.004s][info][gc,init] Heap Initial Capacity: 256M
[2026-03-23T14:19:20.743+0900][0.004s][info][gc,init] Heap Max Capacity: 512M
[2026-03-23T14:19:20.743+0900][0.004s][info][gc,init] Pre-touch: Disabled
[2026-03-23T14:19:20.743+0900][0.004s][info][gc,init] Parallel Workers: 11
[2026-03-23T14:19:20.747+0900][0.007s][info][gc,metaspace] CDS archive(s) mapped at: [0x0000007000000000-0x0000007000c9c000-0x0000007000c9c000), size 13221888, SharedBaseAddress: 0x0000007000000000, ArchiveRelocationMode: 1.
[2026-03-23T14:19:20.747+0900][0.007s][info][gc,metaspace] Compressed class space mapped at: 0x0000007001000000-0x0000007041000000, reserved size: 1073741824
[2026-03-23T14:19:20.747+0900][0.007s][info][gc,metaspace] Narrow klass base: 0x0000007000000000, Narrow klass shift: 0, Narrow klass range: 0x100000000
[2026-03-23T14:19:21.004+0900][0.264s][info][gc,start    ] GC(0) Pause Young (Allocation Failure)
[2026-03-23T14:19:21.005+0900][0.265s][info][gc,heap     ] GC(0) PSYoungGen: 65435K(76288K)->10496K(76288K) Eden: 65435K(65536K)->0K(65536K) From: 0K(10752K)->10496K(10752K)
[2026-03-23T14:19:21.005+0900][0.265s][info][gc,heap     ] GC(0) ParOldGen: 1056K(175104K)->3624K(175104K)
[2026-03-23T14:19:21.005+0900][0.265s][info][gc,metaspace] GC(0) Metaspace: 215K(384K)->215K(384K) NonClass: 201K(256K)->201K(256K) Class: 14K(128K)->14K(128K)
[2026-03-23T14:19:21.005+0900][0.265s][info][gc          ] GC(0) Pause Young (Allocation Failure) 64M->13M(245M) 1.009ms
[2026-03-23T14:19:21.005+0900][0.265s][info][gc,cpu      ] GC(0) User=0.00s Sys=0.00s Real=0.00s
[2026-03-23T14:19:21.268+0900][0.529s][info][gc,start    ] GC(1) Pause Young (Allocation Failure)
[2026-03-23T14:19:21.274+0900][0.534s][info][gc,heap     ] GC(1) PSYoungGen: 75743K(76288K)->10512K(76288K) Eden: 65247K(65536K)->0K(65536K) From: 10496K(10752K)->10512K(10752K)
[2026-03-23T14:19:21.274+0900][0.534s][info][gc,heap     ] GC(1) ParOldGen: 3624K(175104K)->15408K(175104K)
[2026-03-23T14:19:21.274+0900][0.534s][info][gc,metaspace] GC(1) Metaspace: 215K(384K)->215K(384K) NonClass: 201K(256K)->201K(256K) Class: 14K(128K)->14K(128K)
[2026-03-23T14:19:21.274+0900][0.535s][info][gc          ] GC(1) Pause Young (Allocation Failure) 77M->25M(245M) 5.970ms
[2026-03-23T14:19:21.274+0900][0.535s][info][gc,cpu      ] GC(1) User=0.00s Sys=0.01s Real=0.01s
[2026-03-23T14:19:21.523+0900][0.784s][info][gc,start    ] GC(2) Pause Young (Allocation Failure)
[2026-03-23T14:19:21.526+0900][0.786s][info][gc,heap     ] GC(2) PSYoungGen: 75780K(76288K)->10464K(76288K) Eden: 65267K(65536K)->0K(65536K) From: 10512K(10752K)->10464K(10752K)
[2026-03-23T14:19:21.526+0900][0.786s][info][gc,heap     ] GC(2) ParOldGen: 15408K(175104K)->27185K(175104K)
[2026-03-23T14:19:21.526+0900][0.786s][info][gc,metaspace] GC(2) Metaspace: 216K(384K)->216K(384K) NonClass: 201K(256K)->201K(256K) Class: 14K(128K)->14K(128K)
[2026-03-23T14:19:21.526+0900][0.786s][info][gc          ] GC(2) Pause Young (Allocation Failure) 89M->36M(245M) 2.452ms
[2026-03-23T14:19:21.526+0900][0.786s][info][gc,cpu      ] GC(2) User=0.00s Sys=0.00s Real=0.00s
[2026-03-23T14:19:21.775+0900][1.036s][info][gc,start    ] GC(3) Pause Young (Allocation Failure)
[2026-03-23T14:19:21.777+0900][1.038s][info][gc,heap     ] GC(3) PSYoungGen: 75746K(76288K)->10464K(141824K) Eden: 65281K(65536K)->0K(131072K) From: 10464K(10752K)->10464K(10752K)
[2026-03-23T14:19:21.777+0900][1.038s][info][gc,heap     ] GC(3) ParOldGen: 27185K(175104K)->39473K(175104K)
[2026-03-23T14:19:21.777+0900][1.038s][info][gc,metaspace] GC(3) Metaspace: 216K(384K)->216K(384K) NonClass: 201K(256K)->201K(256K) Class: 14K(128K)->14K(128K)
[2026-03-23T14:19:21.777+0900][1.038s][info][gc          ] GC(3) Pause Young (Allocation Failure) 100M->48M(309M) 2.063ms
[2026-03-23T14:19:21.777+0900][1.038s][info][gc,cpu      ] GC(3) User=0.01s Sys=0.01s Real=0.00s
[2026-03-23T14:19:22.286+0900][1.546s][info][gc,start    ] GC(4) Pause Young (Allocation Failure)
[2026-03-23T14:19:22.299+0900][1.560s][info][gc,heap     ] GC(4) PSYoungGen: 141078K(141824K)->10528K(141824K) Eden: 130614K(131072K)->0K(131072K) From: 10464K(10752K)->10528K(10752K)
[2026-03-23T14:19:22.299+0900][1.560s][info][gc,heap     ] GC(4) ParOldGen: 39473K(175104K)->64058K(175104K)
[2026-03-23T14:19:22.299+0900][1.560s][info][gc,metaspace] GC(4) Metaspace: 223K(384K)->223K(384K) NonClass: 209K(256K)->209K(256K) Class: 14K(128K)->14K(128K)
[2026-03-23T14:19:22.299+0900][1.560s][info][gc          ] GC(4) Pause Young (Allocation Failure) 176M->72M(309M) 13.855ms
[2026-03-23T14:19:22.300+0900][1.560s][info][gc,cpu      ] GC(4) User=0.01s Sys=0.02s Real=0.01s
[2026-03-23T14:19:22.807+0900][2.067s][info][gc,start    ] GC(5) Pause Young (Allocation Failure)
[2026-03-23T14:19:22.816+0900][2.076s][info][gc,heap     ] GC(5) PSYoungGen: 141600K(141824K)->10560K(163840K) Eden: 131072K(131072K)->0K(153088K) From: 10528K(10752K)->10560K(10752K)
[2026-03-23T14:19:22.816+0900][2.076s][info][gc,heap     ] GC(5) ParOldGen: 64058K(175104K)->88131K(175104K)
[2026-03-23T14:19:22.816+0900][2.076s][info][gc,metaspace] GC(5) Metaspace: 230K(448K)->230K(448K) NonClass: 216K(320K)->216K(320K) Class: 14K(128K)->14K(128K)
[2026-03-23T14:19:22.816+0900][2.076s][info][gc          ] GC(5) Pause Young (Allocation Failure) 200M->96M(331M) 9.291ms
[2026-03-23T14:19:22.816+0900][2.076s][info][gc,cpu      ] GC(5) User=0.01s Sys=0.02s Real=0.01s
[2026-03-23T14:19:23.402+0900][2.662s][info][gc,start    ] GC(6) Pause Young (Allocation Failure)
[2026-03-23T14:19:23.413+0900][2.674s][info][gc,heap     ] GC(6) PSYoungGen: 163596K(163840K)->10464K(163840K) Eden: 153036K(153088K)->0K(153088K) From: 10560K(10752K)->10464K(10752K)
[2026-03-23T14:19:23.414+0900][2.674s][info][gc,heap     ] GC(6) ParOldGen: 88131K(175104K)->119048K(175104K)
[2026-03-23T14:19:23.414+0900][2.674s][info][gc,metaspace] GC(6) Metaspace: 237K(448K)->237K(448K) NonClass: 222K(320K)->222K(320K) Class: 14K(128K)->14K(128K)
[2026-03-23T14:19:23.414+0900][2.674s][info][gc          ] GC(6) Pause Young (Allocation Failure) 245M->126M(331M) 11.536ms
[2026-03-23T14:19:23.414+0900][2.674s][info][gc,cpu      ] GC(6) User=0.01s Sys=0.02s Real=0.01s
[2026-03-23T14:19:24.033+0900][3.294s][info][gc,start    ] GC(7) Pause Young (Allocation Failure)
[2026-03-23T14:19:24.044+0900][3.304s][info][gc,heap     ] GC(7) PSYoungGen: 163506K(163840K)->10464K(163840K) Eden: 153042K(153088K)->0K(153088K) From: 10464K(10752K)->10464K(10752K)
[2026-03-23T14:19:24.044+0900][3.304s][info][gc,heap     ] GC(7) ParOldGen: 119048K(175104K)->145184K(175104K)
[2026-03-23T14:19:24.044+0900][3.304s][info][gc,metaspace] GC(7) Metaspace: 238K(448K)->238K(448K) NonClass: 224K(320K)->224K(320K) Class: 14K(128K)->14K(128K)
[2026-03-23T14:19:24.044+0900][3.304s][info][gc          ] GC(7) Pause Young (Allocation Failure) 275M->152M(331M) 10.596ms
[2026-03-23T14:19:24.044+0900][3.304s][info][gc,cpu      ] GC(7) User=0.01s Sys=0.01s Real=0.01s
[2026-03-23T14:19:24.632+0900][3.892s][info][gc,start    ] GC(8) Pause Young (Allocation Failure)
[2026-03-23T14:19:24.642+0900][3.902s][info][gc,heap     ] GC(8) PSYoungGen: 163517K(163840K)->10464K(163840K) Eden: 153053K(153088K)->0K(153088K) From: 10464K(10752K)->10464K(10752K)
[2026-03-23T14:19:24.642+0900][3.902s][info][gc,heap     ] GC(8) ParOldGen: 145184K(175104K)->174377K(175104K)
[2026-03-23T14:19:24.642+0900][3.902s][info][gc,metaspace] GC(8) Metaspace: 238K(448K)->238K(448K) NonClass: 224K(320K)->224K(320K) Class: 14K(128K)->14K(128K)
[2026-03-23T14:19:24.642+0900][3.902s][info][gc          ] GC(8) Pause Young (Allocation Failure) 301M->180M(331M) 10.307ms
[2026-03-23T14:19:24.642+0900][3.903s][info][gc,cpu      ] GC(8) User=0.01s Sys=0.02s Real=0.01s
[2026-03-23T14:19:25.234+0900][4.495s][info][gc,start    ] GC(9) Pause Young (Allocation Failure)
[2026-03-23T14:19:25.245+0900][4.506s][info][gc,heap     ] GC(9) PSYoungGen: 163524K(163840K)->10464K(163840K) Eden: 153060K(153088K)->0K(153088K) From: 10464K(10752K)->10464K(10752K)
[2026-03-23T14:19:25.245+0900][4.506s][info][gc,heap     ] GC(9) ParOldGen: 174377K(175104K)->204106K(204800K)
[2026-03-23T14:19:25.245+0900][4.506s][info][gc,metaspace] GC(9) Metaspace: 238K(448K)->238K(448K) NonClass: 224K(320K)->224K(320K) Class: 14K(128K)->14K(128K)
[2026-03-23T14:19:25.245+0900][4.506s][info][gc          ] GC(9) Pause Young (Allocation Failure) 329M->209M(360M) 10.956ms
[2026-03-23T14:19:25.245+0900][4.506s][info][gc,cpu      ] GC(9) User=0.01s Sys=0.01s Real=0.01s
[2026-03-23T14:19:25.871+0900][5.132s][info][gc,start    ] GC(10) Pause Young (Allocation Failure)
[2026-03-23T14:19:25.882+0900][5.143s][info][gc,heap     ] GC(10) PSYoungGen: 163529K(163840K)->10496K(163840K) Eden: 153064K(153088K)->0K(153088K) From: 10464K(10752K)->10496K(10752K)
[2026-03-23T14:19:25.882+0900][5.143s][info][gc,heap     ] GC(10) ParOldGen: 204106K(204800K)->231291K(231936K)
[2026-03-23T14:19:25.882+0900][5.143s][info][gc,metaspace] GC(10) Metaspace: 238K(448K)->238K(448K) NonClass: 224K(320K)->224K(320K) Class: 14K(128K)->14K(128K)
[2026-03-23T14:19:25.882+0900][5.143s][info][gc          ] GC(10) Pause Young (Allocation Failure) 359M->236M(386M) 11.123ms
[2026-03-23T14:19:25.882+0900][5.143s][info][gc,cpu      ] GC(10) User=0.01s Sys=0.01s Real=0.01s
[2026-03-23T14:19:26.472+0900][5.732s][info][gc,start    ] GC(11) Pause Young (Allocation Failure)
[2026-03-23T14:19:26.481+0900][5.741s][info][gc,heap     ] GC(11) PSYoungGen: 163564K(163840K)->10528K(163840K) Eden: 153067K(153088K)->0K(153088K) From: 10496K(10752K)->10528K(10752K)
[2026-03-23T14:19:26.481+0900][5.741s][info][gc,heap     ] GC(11) ParOldGen: 231291K(231936K)->260524K(260608K)
[2026-03-23T14:19:26.481+0900][5.741s][info][gc,metaspace] GC(11) Metaspace: 238K(448K)->238K(448K) NonClass: 224K(320K)->224K(320K) Class: 14K(128K)->14K(128K)
[2026-03-23T14:19:26.481+0900][5.741s][info][gc          ] GC(11) Pause Young (Allocation Failure) 385M->264M(414M) 9.055ms
[2026-03-23T14:19:26.481+0900][5.742s][info][gc,cpu      ] GC(11) User=0.02s Sys=0.01s Real=0.01s
[2026-03-23T14:19:27.078+0900][6.338s][info][gc,start    ] GC(12) Pause Young (Allocation Failure)
[2026-03-23T14:19:27.085+0900][6.346s][info][gc,heap     ] GC(12) PSYoungGen: 163598K(163840K)->10528K(163840K) Eden: 153069K(153088K)->0K(153088K) From: 10528K(10752K)->10528K(10752K)
[2026-03-23T14:19:27.086+0900][6.346s][info][gc,heap     ] GC(12) ParOldGen: 260524K(260608K)->289245K(289792K)
[2026-03-23T14:19:27.086+0900][6.346s][info][gc,metaspace] GC(12) Metaspace: 238K(448K)->238K(448K) NonClass: 224K(320K)->224K(320K) Class: 14K(128K)->14K(128K)
[2026-03-23T14:19:27.086+0900][6.346s][info][gc          ] GC(12) Pause Young (Allocation Failure) 414M->292M(443M) 7.596ms
[2026-03-23T14:19:27.086+0900][6.346s][info][gc,cpu      ] GC(12) User=0.01s Sys=0.01s Real=0.01s
[2026-03-23T14:19:27.694+0900][6.954s][info][gc,start    ] GC(13) Pause Young (Allocation Failure)
[2026-03-23T14:19:27.704+0900][6.965s][info][gc,heap     ] GC(13) PSYoungGen: 163599K(163840K)->10464K(163840K) Eden: 153070K(153088K)->0K(153088K) From: 10528K(10752K)->10464K(10752K)
[2026-03-23T14:19:27.705+0900][6.965s][info][gc,heap     ] GC(13) ParOldGen: 289245K(289792K)->317446K(317952K)
[2026-03-23T14:19:27.705+0900][6.965s][info][gc,metaspace] GC(13) Metaspace: 238K(448K)->238K(448K) NonClass: 224K(320K)->224K(320K) Class: 14K(128K)->14K(128K)
[2026-03-23T14:19:27.705+0900][6.965s][info][gc          ] GC(13) Pause Young (Allocation Failure) 442M->320M(470M) 10.624ms
[2026-03-23T14:19:27.705+0900][6.965s][info][gc,cpu      ] GC(13) User=0.02s Sys=0.02s Real=0.01s
[2026-03-23T14:19:28.315+0900][7.575s][info][gc,start    ] GC(14) Pause Full (Ergonomics)
[2026-03-23T14:19:28.315+0900][7.575s][info][gc,phases,start] GC(14) Marking Phase
[2026-03-23T14:19:28.320+0900][7.580s][info][gc,phases      ] GC(14) Marking Phase 5.208ms
[2026-03-23T14:19:28.320+0900][7.580s][info][gc,phases,start] GC(14) Summary Phase
[2026-03-23T14:19:28.320+0900][7.580s][info][gc,phases      ] GC(14) Summary Phase 0.029ms
[2026-03-23T14:19:28.320+0900][7.580s][info][gc,phases,start] GC(14) Adjust Roots
[2026-03-23T14:19:28.321+0900][7.581s][info][gc,phases      ] GC(14) Adjust Roots 0.413ms
[2026-03-23T14:19:28.321+0900][7.581s][info][gc,phases,start] GC(14) Compaction Phase
[2026-03-23T14:19:28.344+0900][7.604s][info][gc,phases      ] GC(14) Compaction Phase 23.256ms
[2026-03-23T14:19:28.344+0900][7.604s][info][gc,phases,start] GC(14) Post Compact
[2026-03-23T14:19:28.344+0900][7.605s][info][gc,phases      ] GC(14) Post Compact 0.399ms
[2026-03-23T14:19:28.344+0900][7.605s][info][gc,heap        ] GC(14) PSYoungGen: 163536K(163840K)->40450K(163840K) Eden: 153071K(153088K)->40450K(153088K) From: 10464K(10752K)->0K(10752K)
[2026-03-23T14:19:28.344+0900][7.605s][info][gc,heap        ] GC(14) ParOldGen: 317446K(317952K)->317143K(349696K)
[2026-03-23T14:19:28.344+0900][7.605s][info][gc,metaspace   ] GC(14) Metaspace: 238K(448K)->238K(448K) NonClass: 224K(320K)->224K(320K) Class: 14K(128K)->14K(128K)
[2026-03-23T14:19:28.344+0900][7.605s][info][gc             ] GC(14) Pause Full (Ergonomics) 469M->349M(501M) 29.694ms
[2026-03-23T14:19:28.344+0900][7.605s][info][gc,cpu         ] GC(14) User=0.09s Sys=0.03s Real=0.03s
[2026-03-23T14:19:28.784+0900][8.045s][info][gc,start       ] GC(15) Pause Full (Ergonomics)
[2026-03-23T14:19:28.784+0900][8.045s][info][gc,phases,start] GC(15) Marking Phase
[2026-03-23T14:19:28.787+0900][8.047s][info][gc,phases      ] GC(15) Marking Phase 2.499ms
[2026-03-23T14:19:28.787+0900][8.047s][info][gc,phases,start] GC(15) Summary Phase
[2026-03-23T14:19:28.787+0900][8.047s][info][gc,phases      ] GC(15) Summary Phase 0.049ms
[2026-03-23T14:19:28.787+0900][8.047s][info][gc,phases,start] GC(15) Adjust Roots
[2026-03-23T14:19:28.787+0900][8.048s][info][gc,phases      ] GC(15) Adjust Roots 0.365ms
[2026-03-23T14:19:28.788+0900][8.048s][info][gc,phases,start] GC(15) Compaction Phase
[2026-03-23T14:19:28.815+0900][8.075s][info][gc,phases      ] GC(15) Compaction Phase 27.045ms
[2026-03-23T14:19:28.815+0900][8.075s][info][gc,phases,start] GC(15) Post Compact
[2026-03-23T14:19:28.815+0900][8.075s][info][gc,phases      ] GC(15) Post Compact 0.197ms
[2026-03-23T14:19:28.815+0900][8.075s][info][gc,heap        ] GC(15) PSYoungGen: 153073K(163840K)->27138K(163840K) Eden: 153073K(153088K)->27138K(153088K) From: 0K(10752K)->0K(10752K)
[2026-03-23T14:19:28.815+0900][8.075s][info][gc,heap        ] GC(15) ParOldGen: 317143K(349696K)->349401K(349696K)
[2026-03-23T14:19:28.815+0900][8.075s][info][gc,metaspace   ] GC(15) Metaspace: 238K(448K)->238K(448K) NonClass: 224K(320K)->224K(320K) Class: 14K(128K)->14K(128K)
[2026-03-23T14:19:28.815+0900][8.075s][info][gc             ] GC(15) Pause Full (Ergonomics) 459M->367M(501M) 30.574ms
[2026-03-23T14:19:28.815+0900][8.075s][info][gc,cpu         ] GC(15) User=0.07s Sys=0.01s Real=0.03s
[2026-03-23T14:19:29.296+0900][8.557s][info][gc,start       ] GC(16) Pause Full (Ergonomics)
[2026-03-23T14:19:29.297+0900][8.557s][info][gc,phases,start] GC(16) Marking Phase
[2026-03-23T14:19:29.309+0900][8.569s][info][gc,phases      ] GC(16) Marking Phase 12.547ms
[2026-03-23T14:19:29.309+0900][8.570s][info][gc,phases,start] GC(16) Summary Phase
[2026-03-23T14:19:29.309+0900][8.570s][info][gc,phases      ] GC(16) Summary Phase 0.021ms
[2026-03-23T14:19:29.309+0900][8.570s][info][gc,phases,start] GC(16) Adjust Roots
[2026-03-23T14:19:29.309+0900][8.570s][info][gc,phases      ] GC(16) Adjust Roots 0.211ms
[2026-03-23T14:19:29.309+0900][8.570s][info][gc,phases,start] GC(16) Compaction Phase
[2026-03-23T14:19:29.311+0900][8.572s][info][gc,phases      ] GC(16) Compaction Phase 1.993ms
[2026-03-23T14:19:29.311+0900][8.572s][info][gc,phases,start] GC(16) Post Compact
[2026-03-23T14:19:29.312+0900][8.572s][info][gc,phases      ] GC(16) Post Compact 0.226ms
[2026-03-23T14:19:29.312+0900][8.572s][info][gc,heap        ] GC(16) PSYoungGen: 152790K(163840K)->52740K(163840K) Eden: 152790K(153088K)->52740K(153088K) From: 0K(10752K)->0K(10752K)
[2026-03-23T14:19:29.312+0900][8.572s][info][gc,heap        ] GC(16) ParOldGen: 349401K(349696K)->349401K(349696K)
[2026-03-23T14:19:29.312+0900][8.572s][info][gc,metaspace   ] GC(16) Metaspace: 238K(448K)->238K(448K) NonClass: 224K(320K)->224K(320K) Class: 14K(128K)->14K(128K)
[2026-03-23T14:19:29.312+0900][8.572s][info][gc             ] GC(16) Pause Full (Ergonomics) 490M->392M(501M) 15.367ms
[2026-03-23T14:19:29.312+0900][8.572s][info][gc,cpu         ] GC(16) User=0.02s Sys=0.00s Real=0.02s
[2026-03-23T14:19:29.709+0900][8.969s][info][gc,start       ] GC(17) Pause Full (Ergonomics)
[2026-03-23T14:19:29.709+0900][8.969s][info][gc,phases,start] GC(17) Marking Phase
[2026-03-23T14:19:29.711+0900][8.972s][info][gc,phases      ] GC(17) Marking Phase 2.553ms
[2026-03-23T14:19:29.711+0900][8.972s][info][gc,phases,start] GC(17) Summary Phase
[2026-03-23T14:19:29.711+0900][8.972s][info][gc,phases      ] GC(17) Summary Phase 0.044ms
[2026-03-23T14:19:29.711+0900][8.972s][info][gc,phases,start] GC(17) Adjust Roots
[2026-03-23T14:19:29.712+0900][8.972s][info][gc,phases      ] GC(17) Adjust Roots 0.289ms
[2026-03-23T14:19:29.712+0900][8.972s][info][gc,phases,start] GC(17) Compaction Phase
[2026-03-23T14:19:29.720+0900][8.981s][info][gc,phases      ] GC(17) Compaction Phase 8.536ms
[2026-03-23T14:19:29.720+0900][8.981s][info][gc,phases,start] GC(17) Post Compact
[2026-03-23T14:19:29.721+0900][8.981s][info][gc,phases      ] GC(17) Post Compact 0.387ms
[2026-03-23T14:19:29.721+0900][8.981s][info][gc,heap        ] GC(17) PSYoungGen: 152703K(163840K)->70149K(163840K) Eden: 152703K(153088K)->70149K(153088K) From: 0K(10752K)->0K(10752K)
[2026-03-23T14:19:29.721+0900][8.981s][info][gc,heap        ] GC(17) ParOldGen: 349401K(349696K)->349401K(349696K)
[2026-03-23T14:19:29.721+0900][8.981s][info][gc,metaspace   ] GC(17) Metaspace: 238K(448K)->238K(448K) NonClass: 224K(320K)->224K(320K) Class: 14K(128K)->14K(128K)
[2026-03-23T14:19:29.721+0900][8.981s][info][gc             ] GC(17) Pause Full (Ergonomics) 490M->409M(501M) 12.380ms
[2026-03-23T14:19:29.721+0900][8.981s][info][gc,cpu         ] GC(17) User=0.03s Sys=0.00s Real=0.02s
[2026-03-23T14:19:30.049+0900][9.309s][info][gc,start       ] GC(18) Pause Full (Ergonomics)
[2026-03-23T14:19:30.049+0900][9.309s][info][gc,phases,start] GC(18) Marking Phase
[2026-03-23T14:19:30.051+0900][9.312s][info][gc,phases      ] GC(18) Marking Phase 2.256ms
[2026-03-23T14:19:30.051+0900][9.312s][info][gc,phases,start] GC(18) Summary Phase
[2026-03-23T14:19:30.051+0900][9.312s][info][gc,phases      ] GC(18) Summary Phase 0.041ms
[2026-03-23T14:19:30.051+0900][9.312s][info][gc,phases,start] GC(18) Adjust Roots
[2026-03-23T14:19:30.052+0900][9.312s][info][gc,phases      ] GC(18) Adjust Roots 0.268ms
[2026-03-23T14:19:30.052+0900][9.312s][info][gc,phases,start] GC(18) Compaction Phase
[2026-03-23T14:19:30.063+0900][9.324s][info][gc,phases      ] GC(18) Compaction Phase 11.696ms
[2026-03-23T14:19:30.064+0900][9.324s][info][gc,phases,start] GC(18) Post Compact
[2026-03-23T14:19:30.064+0900][9.324s][info][gc,phases      ] GC(18) Post Compact 0.366ms
[2026-03-23T14:19:30.064+0900][9.324s][info][gc,heap        ] GC(18) PSYoungGen: 152978K(163840K)->85002K(163840K) Eden: 152978K(153088K)->85002K(153088K) From: 0K(10752K)->0K(10752K)
[2026-03-23T14:19:30.064+0900][9.324s][info][gc,heap        ] GC(18) ParOldGen: 349401K(349696K)->349399K(349696K)
[2026-03-23T14:19:30.064+0900][9.324s][info][gc,metaspace   ] GC(18) Metaspace: 238K(448K)->238K(448K) NonClass: 224K(320K)->224K(320K) Class: 14K(128K)->14K(128K)
[2026-03-23T14:19:30.064+0900][9.324s][info][gc             ] GC(18) Pause Full (Ergonomics) 490M->424M(501M) 15.193ms
[2026-03-23T14:19:30.064+0900][9.324s][info][gc,cpu         ] GC(18) User=0.03s Sys=0.01s Real=0.02s
[2026-03-23T14:19:30.343+0900][9.603s][info][gc,start       ] GC(19) Pause Full (Ergonomics)
[2026-03-23T14:19:30.343+0900][9.603s][info][gc,phases,start] GC(19) Marking Phase
[2026-03-23T14:19:30.346+0900][9.607s][info][gc,phases      ] GC(19) Marking Phase 3.047ms
[2026-03-23T14:19:30.346+0900][9.607s][info][gc,phases,start] GC(19) Summary Phase
[2026-03-23T14:19:30.346+0900][9.607s][info][gc,phases      ] GC(19) Summary Phase 0.021ms
[2026-03-23T14:19:30.346+0900][9.607s][info][gc,phases,start] GC(19) Adjust Roots
[2026-03-23T14:19:30.347+0900][9.607s][info][gc,phases      ] GC(19) Adjust Roots 0.214ms
[2026-03-23T14:19:30.347+0900][9.607s][info][gc,phases,start] GC(19) Compaction Phase
[2026-03-23T14:19:30.351+0900][9.611s][info][gc,phases      ] GC(19) Compaction Phase 4.287ms
[2026-03-23T14:19:30.351+0900][9.611s][info][gc,phases,start] GC(19) Post Compact
[2026-03-23T14:19:30.351+0900][9.612s][info][gc,phases      ] GC(19) Post Compact 0.484ms
[2026-03-23T14:19:30.351+0900][9.612s][info][gc,heap        ] GC(19) PSYoungGen: 152709K(163840K)->97291K(163840K) Eden: 152709K(153088K)->97291K(153088K) From: 0K(10752K)->0K(10752K)
[2026-03-23T14:19:30.351+0900][9.612s][info][gc,heap        ] GC(19) ParOldGen: 349399K(349696K)->349399K(349696K)
[2026-03-23T14:19:30.351+0900][9.612s][info][gc,metaspace   ] GC(19) Metaspace: 238K(448K)->238K(448K) NonClass: 224K(320K)->224K(320K) Class: 14K(128K)->14K(128K)
[2026-03-23T14:19:30.352+0900][9.612s][info][gc             ] GC(19) Pause Full (Ergonomics) 490M->436M(501M) 8.581ms
[2026-03-23T14:19:30.352+0900][9.612s][info][gc,cpu         ] GC(19) User=0.01s Sys=0.00s Real=0.01s
[2026-03-23T14:19:30.567+0900][9.827s][info][gc,start       ] GC(20) Pause Full (Ergonomics)
[2026-03-23T14:19:30.567+0900][9.827s][info][gc,phases,start] GC(20) Marking Phase
[2026-03-23T14:19:30.569+0900][9.829s][info][gc,phases      ] GC(20) Marking Phase 2.025ms
[2026-03-23T14:19:30.569+0900][9.829s][info][gc,phases,start] GC(20) Summary Phase
[2026-03-23T14:19:30.569+0900][9.829s][info][gc,phases      ] GC(20) Summary Phase 0.047ms
[2026-03-23T14:19:30.569+0900][9.829s][info][gc,phases,start] GC(20) Adjust Roots
[2026-03-23T14:19:30.569+0900][9.829s][info][gc,phases      ] GC(20) Adjust Roots 0.271ms
[2026-03-23T14:19:30.569+0900][9.830s][info][gc,phases,start] GC(20) Compaction Phase
[2026-03-23T14:19:30.572+0900][9.832s][info][gc,phases      ] GC(20) Compaction Phase 2.321ms
[2026-03-23T14:19:30.572+0900][9.832s][info][gc,phases,start] GC(20) Post Compact
[2026-03-23T14:19:30.572+0900][9.832s][info][gc,phases      ] GC(20) Post Compact 0.464ms
[2026-03-23T14:19:30.572+0900][9.832s][info][gc,heap        ] GC(20) PSYoungGen: 152937K(163840K)->108044K(163840K) Eden: 152937K(153088K)->108044K(153088K) From: 0K(10752K)->0K(10752K)
[2026-03-23T14:19:30.572+0900][9.832s][info][gc,heap        ] GC(20) ParOldGen: 349399K(349696K)->349399K(349696K)
[2026-03-23T14:19:30.572+0900][9.832s][info][gc,metaspace   ] GC(20) Metaspace: 238K(448K)->238K(448K) NonClass: 224K(320K)->224K(320K) Class: 14K(128K)->14K(128K)
[2026-03-23T14:19:30.572+0900][9.833s][info][gc             ] GC(20) Pause Full (Ergonomics) 490M->446M(501M) 5.599ms
[2026-03-23T14:19:30.572+0900][9.833s][info][gc,cpu         ] GC(20) User=0.02s Sys=0.00s Real=0.01s
[2026-03-23T14:19:30.749+0900][10.009s][info][gc,start       ] GC(21) Pause Full (Ergonomics)
[2026-03-23T14:19:30.749+0900][10.009s][info][gc,phases,start] GC(21) Marking Phase
[2026-03-23T14:19:30.751+0900][10.011s][info][gc,phases      ] GC(21) Marking Phase 1.595ms
[2026-03-23T14:19:30.751+0900][10.011s][info][gc,phases,start] GC(21) Summary Phase
[2026-03-23T14:19:30.751+0900][10.011s][info][gc,phases      ] GC(21) Summary Phase 0.019ms
[2026-03-23T14:19:30.751+0900][10.011s][info][gc,phases,start] GC(21) Adjust Roots
[2026-03-23T14:19:30.751+0900][10.011s][info][gc,phases      ] GC(21) Adjust Roots 0.253ms
[2026-03-23T14:19:30.751+0900][10.011s][info][gc,phases,start] GC(21) Compaction Phase
[2026-03-23T14:19:30.754+0900][10.014s][info][gc,phases      ] GC(21) Compaction Phase 2.482ms
[2026-03-23T14:19:30.754+0900][10.014s][info][gc,phases,start] GC(21) Post Compact
[2026-03-23T14:19:30.754+0900][10.014s][info][gc,phases      ] GC(21) Post Compact 0.468ms
[2026-03-23T14:19:30.754+0900][10.014s][info][gc,heap        ] GC(21) PSYoungGen: 152669K(163840K)->116236K(163840K) Eden: 152669K(153088K)->116236K(153088K) From: 0K(10752K)->0K(10752K)
[2026-03-23T14:19:30.754+0900][10.015s][info][gc,heap        ] GC(21) ParOldGen: 349399K(349696K)->349399K(349696K)
[2026-03-23T14:19:30.754+0900][10.015s][info][gc,metaspace   ] GC(21) Metaspace: 238K(448K)->238K(448K) NonClass: 224K(320K)->224K(320K) Class: 14K(128K)->14K(128K)
[2026-03-23T14:19:30.754+0900][10.015s][info][gc             ] GC(21) Pause Full (Ergonomics) 490M->454M(501M) 5.264ms
[2026-03-23T14:19:30.754+0900][10.015s][info][gc,cpu         ] GC(21) User=0.01s Sys=0.00s Real=0.01s
[2026-03-23T14:19:30.889+0900][10.149s][info][gc,start       ] GC(22) Pause Full (Ergonomics)
[2026-03-23T14:19:30.889+0900][10.150s][info][gc,phases,start] GC(22) Marking Phase
[2026-03-23T14:19:30.892+0900][10.152s][info][gc,phases      ] GC(22) Marking Phase 2.624ms
[2026-03-23T14:19:30.892+0900][10.152s][info][gc,phases,start] GC(22) Summary Phase
[2026-03-23T14:19:30.892+0900][10.152s][info][gc,phases      ] GC(22) Summary Phase 0.051ms
[2026-03-23T14:19:30.892+0900][10.152s][info][gc,phases,start] GC(22) Adjust Roots
[2026-03-23T14:19:30.892+0900][10.153s][info][gc,phases      ] GC(22) Adjust Roots 0.326ms
[2026-03-23T14:19:30.892+0900][10.153s][info][gc,phases,start] GC(22) Compaction Phase
[2026-03-23T14:19:30.896+0900][10.156s][info][gc,phases      ] GC(22) Compaction Phase 3.317ms
[2026-03-23T14:19:30.896+0900][10.156s][info][gc,phases,start] GC(22) Post Compact
[2026-03-23T14:19:30.896+0900][10.157s][info][gc,phases      ] GC(22) Post Compact 0.476ms
[2026-03-23T14:19:30.896+0900][10.157s][info][gc,heap        ] GC(22) PSYoungGen: 152928K(163840K)->123405K(163840K) Eden: 152928K(153088K)->123405K(153088K) From: 0K(10752K)->0K(10752K)
[2026-03-23T14:19:30.896+0900][10.157s][info][gc,heap        ] GC(22) ParOldGen: 349399K(349696K)->349399K(349696K)
[2026-03-23T14:19:30.896+0900][10.157s][info][gc,metaspace   ] GC(22) Metaspace: 238K(448K)->238K(448K) NonClass: 224K(320K)->224K(320K) Class: 14K(128K)->14K(128K)
[2026-03-23T14:19:30.896+0900][10.157s][info][gc             ] GC(22) Pause Full (Ergonomics) 490M->461M(501M) 7.362ms
[2026-03-23T14:19:30.896+0900][10.157s][info][gc,cpu         ] GC(22) User=0.01s Sys=0.01s Real=0.01s
[2026-03-23T14:19:31.020+0900][10.280s][info][gc,start       ] GC(23) Pause Full (Ergonomics)
[2026-03-23T14:19:31.020+0900][10.280s][info][gc,phases,start] GC(23) Marking Phase
[2026-03-23T14:19:31.022+0900][10.283s][info][gc,phases      ] GC(23) Marking Phase 2.380ms
[2026-03-23T14:19:31.022+0900][10.283s][info][gc,phases,start] GC(23) Summary Phase
[2026-03-23T14:19:31.022+0900][10.283s][info][gc,phases      ] GC(23) Summary Phase 0.044ms
[2026-03-23T14:19:31.022+0900][10.283s][info][gc,phases,start] GC(23) Adjust Roots
[2026-03-23T14:19:31.023+0900][10.283s][info][gc,phases      ] GC(23) Adjust Roots 0.267ms
[2026-03-23T14:19:31.023+0900][10.283s][info][gc,phases,start] GC(23) Compaction Phase
[2026-03-23T14:19:31.026+0900][10.287s][info][gc,phases      ] GC(23) Compaction Phase 3.638ms
[2026-03-23T14:19:31.026+0900][10.287s][info][gc,phases,start] GC(23) Post Compact
[2026-03-23T14:19:31.027+0900][10.287s][info][gc,phases      ] GC(23) Post Compact 0.465ms
[2026-03-23T14:19:31.027+0900][10.287s][info][gc,heap        ] GC(23) PSYoungGen: 152710K(163840K)->128525K(163840K) Eden: 152710K(153088K)->128525K(153088K) From: 0K(10752K)->0K(10752K)
[2026-03-23T14:19:31.027+0900][10.287s][info][gc,heap        ] GC(23) ParOldGen: 349399K(349696K)->349399K(349696K)
[2026-03-23T14:19:31.027+0900][10.287s][info][gc,metaspace   ] GC(23) Metaspace: 238K(448K)->238K(448K) NonClass: 224K(320K)->224K(320K) Class: 14K(128K)->14K(128K)
[2026-03-23T14:19:31.027+0900][10.287s][info][gc             ] GC(23) Pause Full (Ergonomics) 490M->466M(501M) 7.325ms
[2026-03-23T14:19:31.027+0900][10.287s][info][gc,cpu         ] GC(23) User=0.01s Sys=0.00s Real=0.00s
[2026-03-23T14:19:31.121+0900][10.381s][info][gc,start       ] GC(24) Pause Full (Ergonomics)
[2026-03-23T14:19:31.121+0900][10.381s][info][gc,phases,start] GC(24) Marking Phase
[2026-03-23T14:19:31.123+0900][10.384s][info][gc,phases      ] GC(24) Marking Phase 2.412ms
[2026-03-23T14:19:31.123+0900][10.384s][info][gc,phases,start] GC(24) Summary Phase
[2026-03-23T14:19:31.124+0900][10.384s][info][gc,phases      ] GC(24) Summary Phase 0.256ms
[2026-03-23T14:19:31.124+0900][10.384s][info][gc,phases,start] GC(24) Adjust Roots
[2026-03-23T14:19:31.124+0900][10.385s][info][gc,phases      ] GC(24) Adjust Roots 0.436ms
[2026-03-23T14:19:31.124+0900][10.385s][info][gc,phases,start] GC(24) Compaction Phase
[2026-03-23T14:19:31.129+0900][10.390s][info][gc,phases      ] GC(24) Compaction Phase 5.001ms
[2026-03-23T14:19:31.129+0900][10.390s][info][gc,phases,start] GC(24) Post Compact
[2026-03-23T14:19:31.130+0900][10.390s][info][gc,phases      ] GC(24) Post Compact 0.501ms
[2026-03-23T14:19:31.130+0900][10.390s][info][gc,heap        ] GC(24) PSYoungGen: 153027K(163840K)->132622K(163840K) Eden: 153027K(153088K)->132622K(153088K) From: 0K(10752K)->0K(10752K)
[2026-03-23T14:19:31.130+0900][10.390s][info][gc,heap        ] GC(24) ParOldGen: 349399K(349696K)->349399K(349696K)
[2026-03-23T14:19:31.130+0900][10.390s][info][gc,metaspace   ] GC(24) Metaspace: 238K(448K)->238K(448K) NonClass: 224K(320K)->224K(320K) Class: 14K(128K)->14K(128K)
[2026-03-23T14:19:31.130+0900][10.390s][info][gc             ] GC(24) Pause Full (Ergonomics) 490M->470M(501M) 9.334ms
[2026-03-23T14:19:31.130+0900][10.390s][info][gc,cpu         ] GC(24) User=0.01s Sys=0.00s Real=0.01s
[2026-03-23T14:19:31.196+0900][10.456s][info][gc,start       ] GC(25) Pause Full (Ergonomics)
[2026-03-23T14:19:31.196+0900][10.456s][info][gc,phases,start] GC(25) Marking Phase
[2026-03-23T14:19:31.197+0900][10.457s][info][gc,phases      ] GC(25) Marking Phase 1.483ms
[2026-03-23T14:19:31.197+0900][10.458s][info][gc,phases,start] GC(25) Summary Phase
[2026-03-23T14:19:31.197+0900][10.458s][info][gc,phases      ] GC(25) Summary Phase 0.037ms
[2026-03-23T14:19:31.197+0900][10.458s][info][gc,phases,start] GC(25) Adjust Roots
[2026-03-23T14:19:31.198+0900][10.458s][info][gc,phases      ] GC(25) Adjust Roots 0.266ms
[2026-03-23T14:19:31.198+0900][10.458s][info][gc,phases,start] GC(25) Compaction Phase
[2026-03-23T14:19:31.201+0900][10.461s][info][gc,phases      ] GC(25) Compaction Phase 3.150ms
[2026-03-23T14:19:31.201+0900][10.461s][info][gc,phases,start] GC(25) Post Compact
[2026-03-23T14:19:31.201+0900][10.462s][info][gc,phases      ] GC(25) Post Compact 0.565ms
[2026-03-23T14:19:31.201+0900][10.462s][info][gc,heap        ] GC(25) PSYoungGen: 152355K(163840K)->138766K(163840K) Eden: 152355K(153088K)->138766K(153088K) From: 0K(10752K)->0K(10752K)
[2026-03-23T14:19:31.201+0900][10.462s][info][gc,heap        ] GC(25) ParOldGen: 349399K(349696K)->349399K(349696K)
[2026-03-23T14:19:31.201+0900][10.462s][info][gc,metaspace   ] GC(25) Metaspace: 238K(448K)->238K(448K) NonClass: 224K(320K)->224K(320K) Class: 14K(128K)->14K(128K)
[2026-03-23T14:19:31.201+0900][10.462s][info][gc             ] GC(25) Pause Full (Ergonomics) 489M->476M(501M) 5.913ms
[2026-03-23T14:19:31.202+0900][10.462s][info][gc,cpu         ] GC(25) User=0.01s Sys=0.00s Real=0.01s
[2026-03-23T14:19:31.265+0900][10.526s][info][gc,start       ] GC(26) Pause Full (Ergonomics)
[2026-03-23T14:19:31.266+0900][10.526s][info][gc,phases,start] GC(26) Marking Phase
[2026-03-23T14:19:31.268+0900][10.529s][info][gc,phases      ] GC(26) Marking Phase 2.820ms
[2026-03-23T14:19:31.269+0900][10.529s][info][gc,phases,start] GC(26) Summary Phase
[2026-03-23T14:19:31.269+0900][10.529s][info][gc,phases      ] GC(26) Summary Phase 0.047ms
[2026-03-23T14:19:31.269+0900][10.529s][info][gc,phases,start] GC(26) Adjust Roots
[2026-03-23T14:19:31.269+0900][10.529s][info][gc,phases      ] GC(26) Adjust Roots 0.262ms
[2026-03-23T14:19:31.269+0900][10.529s][info][gc,phases,start] GC(26) Compaction Phase
[2026-03-23T14:19:31.271+0900][10.531s][info][gc,phases      ] GC(26) Compaction Phase 1.868ms
[2026-03-23T14:19:31.271+0900][10.531s][info][gc,phases,start] GC(26) Post Compact
[2026-03-23T14:19:31.271+0900][10.532s][info][gc,phases      ] GC(26) Post Compact 0.455ms
[2026-03-23T14:19:31.271+0900][10.532s][info][gc,heap        ] GC(26) PSYoungGen: 152728K(163840K)->139278K(163840K) Eden: 152728K(153088K)->139278K(153088K) From: 0K(10752K)->0K(10752K)
[2026-03-23T14:19:31.271+0900][10.532s][info][gc,heap        ] GC(26) ParOldGen: 349399K(349696K)->349399K(349696K)
[2026-03-23T14:19:31.271+0900][10.532s][info][gc,metaspace   ] GC(26) Metaspace: 238K(448K)->238K(448K) NonClass: 224K(320K)->224K(320K) Class: 14K(128K)->14K(128K)
[2026-03-23T14:19:31.271+0900][10.532s][info][gc             ] GC(26) Pause Full (Ergonomics) 490M->477M(501M) 5.969ms
[2026-03-23T14:19:31.271+0900][10.532s][info][gc,cpu         ] GC(26) User=0.01s Sys=0.00s Real=0.01s
[2026-03-23T14:19:31.317+0900][10.577s][info][gc,start       ] GC(27) Pause Full (Ergonomics)
[2026-03-23T14:19:31.317+0900][10.577s][info][gc,phases,start] GC(27) Marking Phase
[2026-03-23T14:19:31.319+0900][10.579s][info][gc,phases      ] GC(27) Marking Phase 2.046ms
[2026-03-23T14:19:31.319+0900][10.579s][info][gc,phases,start] GC(27) Summary Phase
[2026-03-23T14:19:31.319+0900][10.580s][info][gc,phases      ] GC(27) Summary Phase 0.019ms
[2026-03-23T14:19:31.319+0900][10.580s][info][gc,phases,start] GC(27) Adjust Roots
[2026-03-23T14:19:31.319+0900][10.580s][info][gc,phases      ] GC(27) Adjust Roots 0.162ms
[2026-03-23T14:19:31.319+0900][10.580s][info][gc,phases,start] GC(27) Compaction Phase
[2026-03-23T14:19:31.322+0900][10.582s][info][gc,phases      ] GC(27) Compaction Phase 2.163ms
[2026-03-23T14:19:31.322+0900][10.582s][info][gc,phases,start] GC(27) Post Compact
[2026-03-23T14:19:31.323+0900][10.583s][info][gc,phases      ] GC(27) Post Compact 1.056ms
[2026-03-23T14:19:31.323+0900][10.583s][info][gc,heap        ] GC(27) PSYoungGen: 152655K(163840K)->142351K(163840K) Eden: 152655K(153088K)->142351K(153088K) From: 0K(10752K)->0K(10752K)
[2026-03-23T14:19:31.323+0900][10.583s][info][gc,heap        ] GC(27) ParOldGen: 349399K(349696K)->349399K(349696K)
[2026-03-23T14:19:31.323+0900][10.583s][info][gc,metaspace   ] GC(27) Metaspace: 238K(448K)->238K(448K) NonClass: 224K(320K)->224K(320K) Class: 14K(128K)->14K(128K)
[2026-03-23T14:19:31.323+0900][10.583s][info][gc             ] GC(27) Pause Full (Ergonomics) 490M->480M(501M) 5.972ms
[2026-03-23T14:19:31.323+0900][10.583s][info][gc,cpu         ] GC(27) User=0.00s Sys=0.01s Real=0.01s
[2026-03-23T14:19:31.368+0900][10.628s][info][gc,start       ] GC(28) Pause Full (Ergonomics)
[2026-03-23T14:19:31.368+0900][10.628s][info][gc,phases,start] GC(28) Marking Phase
[2026-03-23T14:19:31.370+0900][10.631s][info][gc,phases      ] GC(28) Marking Phase 2.330ms
[2026-03-23T14:19:31.370+0900][10.631s][info][gc,phases,start] GC(28) Summary Phase
[2026-03-23T14:19:31.370+0900][10.631s][info][gc,phases      ] GC(28) Summary Phase 0.035ms
[2026-03-23T14:19:31.370+0900][10.631s][info][gc,phases,start] GC(28) Adjust Roots
[2026-03-23T14:19:31.371+0900][10.631s][info][gc,phases      ] GC(28) Adjust Roots 0.273ms
[2026-03-23T14:19:31.371+0900][10.631s][info][gc,phases,start] GC(28) Compaction Phase
[2026-03-23T14:19:31.372+0900][10.632s][info][gc,phases      ] GC(28) Compaction Phase 1.453ms
[2026-03-23T14:19:31.372+0900][10.633s][info][gc,phases,start] GC(28) Post Compact
[2026-03-23T14:19:31.373+0900][10.633s][info][gc,phases      ] GC(28) Post Compact 0.317ms
[2026-03-23T14:19:31.373+0900][10.633s][info][gc,heap        ] GC(28) PSYoungGen: 153025K(163840K)->143887K(163840K) Eden: 153025K(153088K)->143887K(153088K) From: 0K(10752K)->0K(10752K)
[2026-03-23T14:19:31.373+0900][10.633s][info][gc,heap        ] GC(28) ParOldGen: 349399K(349696K)->349399K(349696K)
[2026-03-23T14:19:31.373+0900][10.633s][info][gc,metaspace   ] GC(28) Metaspace: 238K(448K)->238K(448K) NonClass: 224K(320K)->224K(320K) Class: 14K(128K)->14K(128K)
[2026-03-23T14:19:31.373+0900][10.633s][info][gc             ] GC(28) Pause Full (Ergonomics) 490M->481M(501M) 4.890ms
[2026-03-23T14:19:31.373+0900][10.633s][info][gc,cpu         ] GC(28) User=0.01s Sys=0.00s Real=0.01s
[2026-03-23T14:19:31.411+0900][10.672s][info][gc,start       ] GC(29) Pause Full (Ergonomics)
[2026-03-23T14:19:31.411+0900][10.672s][info][gc,phases,start] GC(29) Marking Phase
[2026-03-23T14:19:31.414+0900][10.674s][info][gc,phases      ] GC(29) Marking Phase 2.438ms
[2026-03-23T14:19:31.414+0900][10.674s][info][gc,phases,start] GC(29) Summary Phase
[2026-03-23T14:19:31.414+0900][10.674s][info][gc,phases      ] GC(29) Summary Phase 0.036ms
[2026-03-23T14:19:31.414+0900][10.674s][info][gc,phases,start] GC(29) Adjust Roots
[2026-03-23T14:19:31.414+0900][10.674s][info][gc,phases      ] GC(29) Adjust Roots 0.235ms
[2026-03-23T14:19:31.414+0900][10.674s][info][gc,phases,start] GC(29) Compaction Phase
[2026-03-23T14:19:31.416+0900][10.676s][info][gc,phases      ] GC(29) Compaction Phase 1.566ms
[2026-03-23T14:19:31.416+0900][10.676s][info][gc,phases,start] GC(29) Post Compact
[2026-03-23T14:19:31.416+0900][10.676s][info][gc,phases      ] GC(29) Post Compact 0.329ms
[2026-03-23T14:19:31.416+0900][10.676s][info][gc,heap        ] GC(29) PSYoungGen: 152945K(163840K)->144911K(163840K) Eden: 152945K(153088K)->144911K(153088K) From: 0K(10752K)->0K(10752K)
[2026-03-23T14:19:31.416+0900][10.676s][info][gc,heap        ] GC(29) ParOldGen: 349399K(349696K)->349399K(349696K)
[2026-03-23T14:19:31.416+0900][10.676s][info][gc,metaspace   ] GC(29) Metaspace: 238K(448K)->238K(448K) NonClass: 224K(320K)->224K(320K) Class: 14K(128K)->14K(128K)
[2026-03-23T14:19:31.416+0900][10.677s][info][gc             ] GC(29) Pause Full (Ergonomics) 490M->482M(501M) 4.975ms
[2026-03-23T14:19:31.416+0900][10.677s][info][gc,cpu         ] GC(29) User=0.01s Sys=0.00s Real=0.00s
[2026-03-23T14:19:31.442+0900][10.702s][info][gc,start       ] GC(30) Pause Full (Ergonomics)
[2026-03-23T14:19:31.442+0900][10.702s][info][gc,phases,start] GC(30) Marking Phase
[2026-03-23T14:19:31.444+0900][10.705s][info][gc,phases      ] GC(30) Marking Phase 2.135ms
[2026-03-23T14:19:31.444+0900][10.705s][info][gc,phases,start] GC(30) Summary Phase
[2026-03-23T14:19:31.444+0900][10.705s][info][gc,phases      ] GC(30) Summary Phase 0.042ms
[2026-03-23T14:19:31.444+0900][10.705s][info][gc,phases,start] GC(30) Adjust Roots
[2026-03-23T14:19:31.445+0900][10.705s][info][gc,phases      ] GC(30) Adjust Roots 0.255ms
[2026-03-23T14:19:31.445+0900][10.705s][info][gc,phases,start] GC(30) Compaction Phase
[2026-03-23T14:19:31.448+0900][10.708s][info][gc,phases      ] GC(30) Compaction Phase 3.276ms
[2026-03-23T14:19:31.448+0900][10.708s][info][gc,phases,start] GC(30) Post Compact
[2026-03-23T14:19:31.448+0900][10.709s][info][gc,phases      ] GC(30) Post Compact 0.508ms
[2026-03-23T14:19:31.449+0900][10.709s][info][gc,heap        ] GC(30) PSYoungGen: 152882K(163840K)->146959K(163840K) Eden: 152882K(153088K)->146959K(153088K) From: 0K(10752K)->0K(10752K)
[2026-03-23T14:19:31.449+0900][10.709s][info][gc,heap        ] GC(30) ParOldGen: 349399K(349696K)->349399K(349696K)
[2026-03-23T14:19:31.449+0900][10.709s][info][gc,metaspace   ] GC(30) Metaspace: 238K(448K)->238K(448K) NonClass: 224K(320K)->224K(320K) Class: 14K(128K)->14K(128K)
[2026-03-23T14:19:31.449+0900][10.709s][info][gc             ] GC(30) Pause Full (Ergonomics) 490M->484M(501M) 6.705ms
[2026-03-23T14:19:31.449+0900][10.709s][info][gc,cpu         ] GC(30) User=0.01s Sys=0.00s Real=0.00s
[2026-03-23T14:19:31.468+0900][10.729s][info][gc,start       ] GC(31) Pause Full (Ergonomics)
[2026-03-23T14:19:31.468+0900][10.729s][info][gc,phases,start] GC(31) Marking Phase
[2026-03-23T14:19:31.470+0900][10.731s][info][gc,phases      ] GC(31) Marking Phase 2.009ms
[2026-03-23T14:19:31.470+0900][10.731s][info][gc,phases,start] GC(31) Summary Phase
[2026-03-23T14:19:31.471+0900][10.731s][info][gc,phases      ] GC(31) Summary Phase 0.079ms
[2026-03-23T14:19:31.471+0900][10.731s][info][gc,phases,start] GC(31) Adjust Roots
[2026-03-23T14:19:31.471+0900][10.731s][info][gc,phases      ] GC(31) Adjust Roots 0.181ms
[2026-03-23T14:19:31.471+0900][10.731s][info][gc,phases,start] GC(31) Compaction Phase
[2026-03-23T14:19:31.472+0900][10.732s][info][gc,phases      ] GC(31) Compaction Phase 0.976ms
[2026-03-23T14:19:31.472+0900][10.732s][info][gc,phases,start] GC(31) Post Compact
[2026-03-23T14:19:31.472+0900][10.733s][info][gc,phases      ] GC(31) Post Compact 0.355ms
[2026-03-23T14:19:31.472+0900][10.733s][info][gc,heap        ] GC(31) PSYoungGen: 152834K(163840K)->147983K(163840K) Eden: 152834K(153088K)->147983K(153088K) From: 0K(10752K)->0K(10752K)
[2026-03-23T14:19:31.472+0900][10.733s][info][gc,heap        ] GC(31) ParOldGen: 349399K(349696K)->349399K(349696K)
[2026-03-23T14:19:31.472+0900][10.733s][info][gc,metaspace   ] GC(31) Metaspace: 238K(448K)->238K(448K) NonClass: 224K(320K)->224K(320K) Class: 14K(128K)->14K(128K)
[2026-03-23T14:19:31.472+0900][10.733s][info][gc             ] GC(31) Pause Full (Ergonomics) 490M->485M(501M) 3.993ms
[2026-03-23T14:19:31.472+0900][10.733s][info][gc,cpu         ] GC(31) User=0.01s Sys=0.00s Real=0.01s
[2026-03-23T14:19:31.490+0900][10.751s][info][gc,start       ] GC(32) Pause Full (Ergonomics)
[2026-03-23T14:19:31.491+0900][10.751s][info][gc,phases,start] GC(32) Marking Phase
[2026-03-23T14:19:31.493+0900][10.753s][info][gc,phases      ] GC(32) Marking Phase 2.303ms
[2026-03-23T14:19:31.493+0900][10.753s][info][gc,phases,start] GC(32) Summary Phase
[2026-03-23T14:19:31.493+0900][10.753s][info][gc,phases      ] GC(32) Summary Phase 0.032ms
[2026-03-23T14:19:31.493+0900][10.753s][info][gc,phases,start] GC(32) Adjust Roots
[2026-03-23T14:19:31.493+0900][10.753s][info][gc,phases      ] GC(32) Adjust Roots 0.228ms
[2026-03-23T14:19:31.493+0900][10.754s][info][gc,phases,start] GC(32) Compaction Phase
[2026-03-23T14:19:31.494+0900][10.755s][info][gc,phases      ] GC(32) Compaction Phase 1.175ms
[2026-03-23T14:19:31.494+0900][10.755s][info][gc,phases,start] GC(32) Post Compact
[2026-03-23T14:19:31.495+0900][10.755s][info][gc,phases      ] GC(32) Post Compact 0.466ms
[2026-03-23T14:19:31.495+0900][10.755s][info][gc,heap        ] GC(32) PSYoungGen: 152789K(163840K)->149519K(163840K) Eden: 152789K(153088K)->149519K(153088K) From: 0K(10752K)->0K(10752K)
[2026-03-23T14:19:31.495+0900][10.755s][info][gc,heap        ] GC(32) ParOldGen: 349399K(349696K)->349399K(349696K)
[2026-03-23T14:19:31.495+0900][10.755s][info][gc,metaspace   ] GC(32) Metaspace: 238K(448K)->238K(448K) NonClass: 224K(320K)->224K(320K) Class: 14K(128K)->14K(128K)
[2026-03-23T14:19:31.495+0900][10.755s][info][gc             ] GC(32) Pause Full (Ergonomics) 490M->487M(501M) 4.634ms
[2026-03-23T14:19:31.495+0900][10.755s][info][gc,cpu         ] GC(32) User=0.01s Sys=0.00s Real=0.00s
[2026-03-23T14:19:31.502+0900][10.762s][info][gc,start       ] GC(33) Pause Full (Ergonomics)
[2026-03-23T14:19:31.502+0900][10.762s][info][gc,phases,start] GC(33) Marking Phase
[2026-03-23T14:19:31.505+0900][10.765s][info][gc,phases      ] GC(33) Marking Phase 2.944ms
[2026-03-23T14:19:31.505+0900][10.765s][info][gc,phases,start] GC(33) Summary Phase
[2026-03-23T14:19:31.505+0900][10.765s][info][gc,phases      ] GC(33) Summary Phase 0.024ms
[2026-03-23T14:19:31.505+0900][10.765s][info][gc,phases,start] GC(33) Adjust Roots
[2026-03-23T14:19:31.505+0900][10.766s][info][gc,phases      ] GC(33) Adjust Roots 0.182ms
[2026-03-23T14:19:31.505+0900][10.766s][info][gc,phases,start] GC(33) Compaction Phase
[2026-03-23T14:19:31.510+0900][10.770s][info][gc,phases      ] GC(33) Compaction Phase 4.922ms
[2026-03-23T14:19:31.510+0900][10.771s][info][gc,phases,start] GC(33) Post Compact
[2026-03-23T14:19:31.511+0900][10.771s][info][gc,phases      ] GC(33) Post Compact 0.470ms
[2026-03-23T14:19:31.511+0900][10.771s][info][gc,heap        ] GC(33) PSYoungGen: 152752K(163840K)->150031K(163840K) Eden: 152752K(153088K)->150031K(153088K) From: 0K(10752K)->0K(10752K)
[2026-03-23T14:19:31.511+0900][10.771s][info][gc,heap        ] GC(33) ParOldGen: 349399K(349696K)->349399K(349696K)
[2026-03-23T14:19:31.511+0900][10.771s][info][gc,metaspace   ] GC(33) Metaspace: 238K(448K)->238K(448K) NonClass: 224K(320K)->224K(320K) Class: 14K(128K)->14K(128K)
[2026-03-23T14:19:31.511+0900][10.771s][info][gc             ] GC(33) Pause Full (Ergonomics) 490M->487M(501M) 8.881ms
[2026-03-23T14:19:31.511+0900][10.771s][info][gc,cpu         ] GC(33) User=0.01s Sys=0.01s Real=0.01s
[2026-03-23T14:19:31.530+0900][10.790s][info][gc,start       ] GC(34) Pause Full (Ergonomics)
[2026-03-23T14:19:31.530+0900][10.790s][info][gc,phases,start] GC(34) Marking Phase
[2026-03-23T14:19:31.533+0900][10.793s][info][gc,phases      ] GC(34) Marking Phase 2.728ms
[2026-03-23T14:19:31.533+0900][10.793s][info][gc,phases,start] GC(34) Summary Phase
[2026-03-23T14:19:31.533+0900][10.793s][info][gc,phases      ] GC(34) Summary Phase 0.023ms
[2026-03-23T14:19:31.533+0900][10.793s][info][gc,phases,start] GC(34) Adjust Roots
[2026-03-23T14:19:31.533+0900][10.794s][info][gc,phases      ] GC(34) Adjust Roots 0.296ms
[2026-03-23T14:19:31.533+0900][10.794s][info][gc,phases,start] GC(34) Compaction Phase
[2026-03-23T14:19:31.534+0900][10.795s][info][gc,phases      ] GC(34) Compaction Phase 1.183ms
[2026-03-23T14:19:31.535+0900][10.795s][info][gc,phases,start] GC(34) Post Compact
[2026-03-23T14:19:31.535+0900][10.795s][info][gc,phases      ] GC(34) Post Compact 0.620ms
[2026-03-23T14:19:31.535+0900][10.796s][info][gc,heap        ] GC(34) PSYoungGen: 152717K(163840K)->149519K(163840K) Eden: 152717K(153088K)->149519K(153088K) From: 0K(10752K)->0K(10752K)
[2026-03-23T14:19:31.535+0900][10.796s][info][gc,heap        ] GC(34) ParOldGen: 349399K(349696K)->349399K(349696K)
[2026-03-23T14:19:31.535+0900][10.796s][info][gc,metaspace   ] GC(34) Metaspace: 238K(448K)->238K(448K) NonClass: 224K(320K)->224K(320K) Class: 14K(128K)->14K(128K)
[2026-03-23T14:19:31.535+0900][10.796s][info][gc             ] GC(34) Pause Full (Ergonomics) 490M->487M(501M) 5.313ms
[2026-03-23T14:19:31.535+0900][10.796s][info][gc,cpu         ] GC(34) User=0.01s Sys=0.00s Real=0.00s
[2026-03-23T14:19:31.542+0900][10.803s][info][gc,start       ] GC(35) Pause Full (Ergonomics)
[2026-03-23T14:19:31.542+0900][10.803s][info][gc,phases,start] GC(35) Marking Phase
[2026-03-23T14:19:31.545+0900][10.805s][info][gc,phases      ] GC(35) Marking Phase 2.788ms
[2026-03-23T14:19:31.545+0900][10.806s][info][gc,phases,start] GC(35) Summary Phase
[2026-03-23T14:19:31.545+0900][10.806s][info][gc,phases      ] GC(35) Summary Phase 0.021ms
[2026-03-23T14:19:31.545+0900][10.806s][info][gc,phases,start] GC(35) Adjust Roots
[2026-03-23T14:19:31.545+0900][10.806s][info][gc,phases      ] GC(35) Adjust Roots 0.184ms
[2026-03-23T14:19:31.545+0900][10.806s][info][gc,phases,start] GC(35) Compaction Phase
[2026-03-23T14:19:31.547+0900][10.807s][info][gc,phases      ] GC(35) Compaction Phase 1.446ms
[2026-03-23T14:19:31.547+0900][10.807s][info][gc,phases,start] GC(35) Post Compact
[2026-03-23T14:19:31.547+0900][10.808s][info][gc,phases      ] GC(35) Post Compact 0.416ms
[2026-03-23T14:19:31.547+0900][10.808s][info][gc,heap        ] GC(35) PSYoungGen: 152691K(163840K)->151567K(163840K) Eden: 152691K(153088K)->151567K(153088K) From: 0K(10752K)->0K(10752K)
[2026-03-23T14:19:31.547+0900][10.808s][info][gc,heap        ] GC(35) ParOldGen: 349399K(349696K)->349399K(349696K)
[2026-03-23T14:19:31.547+0900][10.808s][info][gc,metaspace   ] GC(35) Metaspace: 238K(448K)->238K(448K) NonClass: 224K(320K)->224K(320K) Class: 14K(128K)->14K(128K)
[2026-03-23T14:19:31.548+0900][10.808s][info][gc             ] GC(35) Pause Full (Ergonomics) 490M->489M(501M) 5.282ms
[2026-03-23T14:19:31.548+0900][10.808s][info][gc,cpu         ] GC(35) User=0.01s Sys=0.00s Real=0.00s
[2026-03-23T14:19:31.548+0900][10.808s][info][gc,start       ] GC(36) Pause Full (Ergonomics)
[2026-03-23T14:19:31.548+0900][10.808s][info][gc,phases,start] GC(36) Marking Phase
[2026-03-23T14:19:31.550+0900][10.811s][info][gc,phases      ] GC(36) Marking Phase 2.508ms
[2026-03-23T14:19:31.550+0900][10.811s][info][gc,phases,start] GC(36) Summary Phase
[2026-03-23T14:19:31.550+0900][10.811s][info][gc,phases      ] GC(36) Summary Phase 0.021ms
[2026-03-23T14:19:31.550+0900][10.811s][info][gc,phases,start] GC(36) Adjust Roots
[2026-03-23T14:19:31.551+0900][10.811s][info][gc,phases      ] GC(36) Adjust Roots 0.176ms
[2026-03-23T14:19:31.551+0900][10.811s][info][gc,phases,start] GC(36) Compaction Phase
[2026-03-23T14:19:31.552+0900][10.812s][info][gc,phases      ] GC(36) Compaction Phase 0.865ms
[2026-03-23T14:19:31.552+0900][10.812s][info][gc,phases,start] GC(36) Post Compact
[2026-03-23T14:19:31.552+0900][10.812s][info][gc,phases      ] GC(36) Post Compact 0.381ms
[2026-03-23T14:19:31.552+0900][10.812s][info][gc,heap        ] GC(36) PSYoungGen: 152678K(163840K)->152591K(163840K) Eden: 152678K(153088K)->152591K(153088K) From: 0K(10752K)->0K(10752K)
[2026-03-23T14:19:31.552+0900][10.812s][info][gc,heap        ] GC(36) ParOldGen: 349399K(349696K)->349399K(349696K)
[2026-03-23T14:19:31.552+0900][10.812s][info][gc,metaspace   ] GC(36) Metaspace: 238K(448K)->238K(448K) NonClass: 224K(320K)->224K(320K) Class: 14K(128K)->14K(128K)
[2026-03-23T14:19:31.552+0900][10.812s][info][gc             ] GC(36) Pause Full (Ergonomics) 490M->490M(501M) 4.236ms
[2026-03-23T14:19:31.552+0900][10.812s][info][gc,cpu         ] GC(36) User=0.01s Sys=0.00s Real=0.01s
[2026-03-23T14:19:31.552+0900][10.812s][info][gc,start       ] GC(37) Pause Full (Allocation Failure)
[2026-03-23T14:19:31.552+0900][10.813s][info][gc,phases,start] GC(37) Marking Phase
[2026-03-23T14:19:31.555+0900][10.815s][info][gc,phases      ] GC(37) Marking Phase 2.387ms
[2026-03-23T14:19:31.555+0900][10.815s][info][gc,phases,start] GC(37) Summary Phase
[2026-03-23T14:19:31.555+0900][10.815s][info][gc,phases      ] GC(37) Summary Phase 0.029ms
[2026-03-23T14:19:31.555+0900][10.815s][info][gc,phases,start] GC(37) Adjust Roots
[2026-03-23T14:19:31.555+0900][10.815s][info][gc,phases      ] GC(37) Adjust Roots 0.252ms
[2026-03-23T14:19:31.555+0900][10.815s][info][gc,phases,start] GC(37) Compaction Phase
[2026-03-23T14:19:31.572+0900][10.833s][info][gc,phases      ] GC(37) Compaction Phase 17.449ms
[2026-03-23T14:19:31.572+0900][10.833s][info][gc,phases,start] GC(37) Post Compact
[2026-03-23T14:19:31.573+0900][10.833s][info][gc,phases      ] GC(37) Post Compact 0.258ms
[2026-03-23T14:19:31.573+0900][10.833s][info][gc,heap        ] GC(37) PSYoungGen: 152591K(163840K)->152591K(163840K) Eden: 152591K(153088K)->152591K(153088K) From: 0K(10752K)->0K(10752K)
[2026-03-23T14:19:31.573+0900][10.833s][info][gc,heap        ] GC(37) ParOldGen: 349399K(349696K)->349393K(349696K)
[2026-03-23T14:19:31.573+0900][10.833s][info][gc,metaspace   ] GC(37) Metaspace: 238K(448K)->228K(448K) NonClass: 224K(320K)->216K(320K) Class: 14K(128K)->11K(128K)
[2026-03-23T14:19:31.573+0900][10.833s][info][gc             ] GC(37) Pause Full (Allocation Failure) 490M->490M(501M) 20.623ms
[2026-03-23T14:19:31.573+0900][10.833s][info][gc,cpu         ] GC(37) User=0.08s Sys=0.00s Real=0.02s
[2026-03-23T14:19:31.575+0900][10.835s][info][gc,heap,exit   ] Heap
[2026-03-23T14:19:31.575+0900][10.835s][info][gc,heap,exit   ]  PSYoungGen      total 163840K, used 153088K [0x000000059fd80000, 0x00000005aa800000, 0x00000005aa800000)
[2026-03-23T14:19:31.575+0900][10.835s][info][gc,heap,exit   ]   eden space 153088K, 100% used [0x000000059fd80000,0x00000005a9300000,0x00000005a9300000)
[2026-03-23T14:19:31.575+0900][10.835s][info][gc,heap,exit   ]   from space 10752K, 0% used [0x00000005a9d80000,0x00000005a9d80000,0x00000005aa800000)
[2026-03-23T14:19:31.575+0900][10.835s][info][gc,heap,exit   ]   to   space 10752K, 0% used [0x00000005a9300000,0x00000005a9300000,0x00000005a9d80000)
[2026-03-23T14:19:31.575+0900][10.835s][info][gc,heap,exit   ]  ParOldGen       total 349696K, used 349393K [0x000000058a800000, 0x000000059fd80000, 0x000000059fd80000)
[2026-03-23T14:19:31.575+0900][10.835s][info][gc,heap,exit   ]   object space 349696K, 99% used [0x000000058a800000,0x000000059fd344b8,0x000000059fd80000)
[2026-03-23T14:19:31.575+0900][10.835s][info][gc,heap,exit   ]  Metaspace       used 241K, committed 448K, reserved 1114112K
[2026-03-23T14:19:31.575+0900][10.835s][info][gc,heap,exit   ]   class space    used 12K, committed 128K, reserved 1048576K
