[2026-03-23T15:42:01.328+0900][0.003s][info][gc,init] CardTable entry size: 512
[2026-03-23T15:42:01.328+0900][0.003s][info][gc     ] Using Parallel
[2026-03-23T15:42:01.328+0900][0.003s][info][gc,init] Version: 21.0.9+10-LTS (release)
[2026-03-23T15:42:01.328+0900][0.003s][info][gc,init] CPUs: 14 total, 14 available
[2026-03-23T15:42:01.328+0900][0.003s][info][gc,init] Memory: 49152M
[2026-03-23T15:42:01.328+0900][0.003s][info][gc,init] Large Page Support: Disabled
[2026-03-23T15:42:01.328+0900][0.003s][info][gc,init] NUMA Support: Disabled
[2026-03-23T15:42:01.328+0900][0.003s][info][gc,init] Compressed Oops: Enabled (Zero based)
[2026-03-23T15:42:01.328+0900][0.003s][info][gc,init] Alignments: Space 512K, Generation 512K, Heap 8M
[2026-03-23T15:42:01.328+0900][0.003s][info][gc,init] Heap Min Capacity: 256M
[2026-03-23T15:42:01.328+0900][0.003s][info][gc,init] Heap Initial Capacity: 256M
[2026-03-23T15:42:01.328+0900][0.003s][info][gc,init] Heap Max Capacity: 512M
[2026-03-23T15:42:01.328+0900][0.003s][info][gc,init] Pre-touch: Disabled
[2026-03-23T15:42:01.328+0900][0.003s][info][gc,init] Parallel Workers: 11
[2026-03-23T15:42:01.331+0900][0.006s][info][gc,metaspace] CDS archive(s) mapped at: [0x0000007000000000-0x0000007000c9c000-0x0000007000c9c000), size 13221888, SharedBaseAddress: 0x0000007000000000, ArchiveRelocationMode: 1.
[2026-03-23T15:42:01.331+0900][0.006s][info][gc,metaspace] Compressed class space mapped at: 0x0000007001000000-0x0000007041000000, reserved size: 1073741824
[2026-03-23T15:42:01.331+0900][0.006s][info][gc,metaspace] Narrow klass base: 0x0000007000000000, Narrow klass shift: 0, Narrow klass range: 0x100000000
[2026-03-23T15:42:01.553+0900][0.228s][info][gc,start    ] GC(0) Pause Young (Allocation Failure)
[2026-03-23T15:42:01.555+0900][0.230s][info][gc,heap     ] GC(0) PSYoungGen: 64923K(76288K)->8448K(76288K) Eden: 64923K(65536K)->0K(65536K) From: 0K(10752K)->8448K(10752K)
[2026-03-23T15:42:01.555+0900][0.230s][info][gc,heap     ] GC(0) ParOldGen: 1056K(175104K)->1064K(175104K)
[2026-03-23T15:42:01.555+0900][0.230s][info][gc,metaspace] GC(0) Metaspace: 215K(384K)->215K(384K) NonClass: 201K(256K)->201K(256K) Class: 14K(128K)->14K(128K)
[2026-03-23T15:42:01.555+0900][0.230s][info][gc          ] GC(0) Pause Young (Allocation Failure) 64M->9M(245M) 1.490ms
[2026-03-23T15:42:01.555+0900][0.230s][info][gc,cpu      ] GC(0) User=0.00s Sys=0.00s Real=0.00s
[2026-03-23T15:42:01.793+0900][0.468s][info][gc,start    ] GC(1) Pause Young (Allocation Failure)
[2026-03-23T15:42:01.796+0900][0.471s][info][gc,heap     ] GC(1) PSYoungGen: 73182K(76288K)->10512K(76288K) Eden: 64734K(65536K)->0K(65536K) From: 8448K(10752K)->10512K(10752K)
[2026-03-23T15:42:01.797+0900][0.471s][info][gc,heap     ] GC(1) ParOldGen: 1064K(175104K)->5160K(175104K)
[2026-03-23T15:42:01.797+0900][0.471s][info][gc,metaspace] GC(1) Metaspace: 216K(384K)->216K(384K) NonClass: 201K(256K)->201K(256K) Class: 14K(128K)->14K(128K)
[2026-03-23T15:42:01.797+0900][0.471s][info][gc          ] GC(1) Pause Young (Allocation Failure) 72M->15M(245M) 3.059ms
[2026-03-23T15:42:01.797+0900][0.471s][info][gc,cpu      ] GC(1) User=0.00s Sys=0.00s Real=0.00s
[2026-03-23T15:42:02.047+0900][0.722s][info][gc,start    ] GC(2) Pause Young (Allocation Failure)
[2026-03-23T15:42:02.049+0900][0.724s][info][gc,heap     ] GC(2) PSYoungGen: 75267K(76288K)->10496K(76288K) Eden: 64755K(65536K)->0K(65536K) From: 10512K(10752K)->10496K(10752K)
[2026-03-23T15:42:02.049+0900][0.724s][info][gc,heap     ] GC(2) ParOldGen: 5160K(175104K)->9776K(175104K)
[2026-03-23T15:42:02.049+0900][0.724s][info][gc,metaspace] GC(2) Metaspace: 220K(384K)->220K(384K) NonClass: 206K(256K)->206K(256K) Class: 14K(128K)->14K(128K)
[2026-03-23T15:42:02.049+0900][0.724s][info][gc          ] GC(2) Pause Young (Allocation Failure) 78M->19M(245M) 2.232ms
[2026-03-23T15:42:02.049+0900][0.724s][info][gc,cpu      ] GC(2) User=0.00s Sys=0.00s Real=0.00s
[2026-03-23T15:42:02.288+0900][0.963s][info][gc,start    ] GC(3) Pause Young (Allocation Failure)
[2026-03-23T15:42:02.290+0900][0.965s][info][gc,heap     ] GC(3) PSYoungGen: 75265K(76288K)->10512K(76288K) Eden: 64769K(65536K)->0K(65536K) From: 10496K(10752K)->10512K(10752K)
[2026-03-23T15:42:02.290+0900][0.965s][info][gc,heap     ] GC(3) ParOldGen: 9776K(175104K)->15928K(175104K)
[2026-03-23T15:42:02.290+0900][0.965s][info][gc,metaspace] GC(3) Metaspace: 224K(384K)->224K(384K) NonClass: 210K(256K)->210K(256K) Class: 14K(128K)->14K(128K)
[2026-03-23T15:42:02.290+0900][0.965s][info][gc          ] GC(3) Pause Young (Allocation Failure) 83M->25M(245M) 2.497ms
[2026-03-23T15:42:02.290+0900][0.965s][info][gc,cpu      ] GC(3) User=0.01s Sys=0.00s Real=0.01s
[2026-03-23T15:42:02.530+0900][1.204s][info][gc,start    ] GC(4) Pause Young (Allocation Failure)
[2026-03-23T15:42:02.532+0900][1.207s][info][gc,heap     ] GC(4) PSYoungGen: 75290K(76288K)->10512K(74752K) Eden: 64778K(65536K)->0K(64000K) From: 10512K(10752K)->10512K(10752K)
[2026-03-23T15:42:02.532+0900][1.207s][info][gc,heap     ] GC(4) ParOldGen: 15928K(175104K)->22073K(175104K)
[2026-03-23T15:42:02.532+0900][1.207s][info][gc,metaspace] GC(4) Metaspace: 228K(384K)->228K(384K) NonClass: 213K(256K)->213K(256K) Class: 14K(128K)->14K(128K)
[2026-03-23T15:42:02.532+0900][1.207s][info][gc          ] GC(4) Pause Young (Allocation Failure) 89M->31M(244M) 2.774ms
[2026-03-23T15:42:02.532+0900][1.207s][info][gc,cpu      ] GC(4) User=0.00s Sys=0.01s Real=0.00s
[2026-03-23T15:42:02.771+0900][1.446s][info][gc,start    ] GC(5) Pause Young (Allocation Failure)
[2026-03-23T15:42:02.774+0900][1.449s][info][gc,heap     ] GC(5) PSYoungGen: 73730K(74752K)->10992K(73728K) Eden: 63218K(64000K)->0K(62464K) From: 10512K(10752K)->10992K(11264K)
[2026-03-23T15:42:02.774+0900][1.449s][info][gc,heap     ] GC(5) ParOldGen: 22073K(175104K)->27705K(175104K)
[2026-03-23T15:42:02.774+0900][1.449s][info][gc,metaspace] GC(5) Metaspace: 228K(384K)->228K(384K) NonClass: 213K(256K)->213K(256K) Class: 14K(128K)->14K(128K)
[2026-03-23T15:42:02.774+0900][1.449s][info][gc          ] GC(5) Pause Young (Allocation Failure) 93M->37M(243M) 2.623ms
[2026-03-23T15:42:02.774+0900][1.449s][info][gc,cpu      ] GC(5) User=0.01s Sys=0.00s Real=0.00s
[2026-03-23T15:42:03.011+0900][1.686s][info][gc,start    ] GC(6) Pause Young (Allocation Failure)
[2026-03-23T15:42:03.015+0900][1.690s][info][gc,heap     ] GC(6) PSYoungGen: 72647K(73728K)->11936K(73728K) Eden: 61655K(62464K)->0K(61440K) From: 10992K(11264K)->11936K(12288K)
[2026-03-23T15:42:03.015+0900][1.690s][info][gc,heap     ] GC(6) ParOldGen: 27705K(175104K)->31473K(175104K)
[2026-03-23T15:42:03.015+0900][1.690s][info][gc,metaspace] GC(6) Metaspace: 235K(448K)->235K(448K) NonClass: 221K(320K)->221K(320K) Class: 14K(128K)->14K(128K)
[2026-03-23T15:42:03.015+0900][1.690s][info][gc          ] GC(6) Pause Young (Allocation Failure) 98M->42M(243M) 3.625ms
[2026-03-23T15:42:03.015+0900][1.690s][info][gc,cpu      ] GC(6) User=0.01s Sys=0.01s Real=0.00s
[2026-03-23T15:42:03.244+0900][1.919s][info][gc,start    ] GC(7) Pause Young (Allocation Failure)
[2026-03-23T15:42:03.249+0900][1.924s][info][gc,heap     ] GC(7) PSYoungGen: 73062K(73728K)->11360K(72192K) Eden: 61125K(61440K)->0K(60416K) From: 11936K(12288K)->11360K(11776K)
[2026-03-23T15:42:03.249+0900][1.924s][info][gc,heap     ] GC(7) ParOldGen: 31473K(175104K)->37633K(175104K)
[2026-03-23T15:42:03.249+0900][1.924s][info][gc,metaspace] GC(7) Metaspace: 235K(448K)->235K(448K) NonClass: 221K(320K)->221K(320K) Class: 14K(128K)->14K(128K)
[2026-03-23T15:42:03.249+0900][1.924s][info][gc          ] GC(7) Pause Young (Allocation Failure) 102M->47M(241M) 4.821ms
[2026-03-23T15:42:03.249+0900][1.924s][info][gc,cpu      ] GC(7) User=0.01s Sys=0.00s Real=0.00s
[2026-03-23T15:42:03.470+0900][2.145s][info][gc,start    ] GC(8) Pause Young (Allocation Failure)
[2026-03-23T15:42:03.472+0900][2.147s][info][gc,heap     ] GC(8) PSYoungGen: 71443K(72192K)->12416K(72192K) Eden: 60083K(60416K)->0K(59392K) From: 11360K(11776K)->12416K(12800K)
[2026-03-23T15:42:03.472+0900][2.147s][info][gc,heap     ] GC(8) ParOldGen: 37633K(175104K)->42785K(175104K)
[2026-03-23T15:42:03.472+0900][2.147s][info][gc,metaspace] GC(8) Metaspace: 235K(448K)->235K(448K) NonClass: 221K(320K)->221K(320K) Class: 14K(128K)->14K(128K)
[2026-03-23T15:42:03.472+0900][2.147s][info][gc          ] GC(8) Pause Young (Allocation Failure) 106M->53M(241M) 2.036ms
[2026-03-23T15:42:03.472+0900][2.147s][info][gc,cpu      ] GC(8) User=0.00s Sys=0.00s Real=0.00s
[2026-03-23T15:42:03.695+0900][2.370s][info][gc,start    ] GC(9) Pause Young (Allocation Failure)
[2026-03-23T15:42:03.698+0900][2.372s][info][gc,heap     ] GC(9) PSYoungGen: 71456K(72192K)->11392K(70144K) Eden: 59039K(59392K)->0K(58368K) From: 12416K(12800K)->11392K(11776K)
[2026-03-23T15:42:03.698+0900][2.373s][info][gc,heap     ] GC(9) ParOldGen: 42785K(175104K)->48962K(175104K)
[2026-03-23T15:42:03.698+0900][2.373s][info][gc,metaspace] GC(9) Metaspace: 235K(448K)->235K(448K) NonClass: 221K(320K)->221K(320K) Class: 14K(128K)->14K(128K)
[2026-03-23T15:42:03.698+0900][2.373s][info][gc          ] GC(9) Pause Young (Allocation Failure) 111M->58M(239M) 2.210ms
[2026-03-23T15:42:03.698+0900][2.373s][info][gc,cpu      ] GC(9) User=0.00s Sys=0.01s Real=0.00s
[2026-03-23T15:42:03.915+0900][2.590s][info][gc,start    ] GC(10) Pause Young (Allocation Failure)
[2026-03-23T15:42:03.918+0900][2.592s][info][gc,heap     ] GC(10) PSYoungGen: 69388K(70144K)->6208K(64000K) Eden: 57996K(58368K)->0K(57344K) From: 11392K(11776K)->6208K(6656K)
[2026-03-23T15:42:03.918+0900][2.593s][info][gc,heap     ] GC(10) ParOldGen: 48962K(175104K)->59754K(175104K)
[2026-03-23T15:42:03.918+0900][2.593s][info][gc,metaspace] GC(10) Metaspace: 235K(448K)->235K(448K) NonClass: 221K(320K)->221K(320K) Class: 14K(128K)->14K(128K)
[2026-03-23T15:42:03.918+0900][2.593s][info][gc          ] GC(10) Pause Young (Allocation Failure) 115M->64M(233M) 2.991ms
[2026-03-23T15:42:03.918+0900][2.593s][info][gc,cpu      ] GC(10) User=0.00s Sys=0.00s Real=0.00s
[2026-03-23T15:42:04.135+0900][2.810s][info][gc,start    ] GC(11) Pause Young (Allocation Failure)
[2026-03-23T15:42:04.137+0900][2.811s][info][gc,heap     ] GC(11) PSYoungGen: 63160K(64000K)->6240K(70144K) Eden: 56952K(57344K)->0K(56320K) From: 6208K(6656K)->6240K(13824K)
[2026-03-23T15:42:04.137+0900][2.812s][info][gc,heap     ] GC(11) ParOldGen: 59754K(175104K)->64394K(175104K)
[2026-03-23T15:42:04.137+0900][2.812s][info][gc,metaspace] GC(11) Metaspace: 235K(448K)->235K(448K) NonClass: 221K(320K)->221K(320K) Class: 14K(128K)->14K(128K)
[2026-03-23T15:42:04.137+0900][2.812s][info][gc          ] GC(11) Pause Young (Allocation Failure) 120M->68M(239M) 2.101ms
[2026-03-23T15:42:04.137+0900][2.812s][info][gc,cpu      ] GC(11) User=0.00s Sys=0.00s Real=0.00s
[2026-03-23T15:42:04.343+0900][3.018s][info][gc,start    ] GC(12) Pause Young (Allocation Failure)
[2026-03-23T15:42:04.345+0900][3.020s][info][gc,heap     ] GC(12) PSYoungGen: 62148K(70144K)->5184K(60928K) Eden: 55908K(56320K)->0K(55296K) From: 6240K(13824K)->5184K(5632K)
[2026-03-23T15:42:04.345+0900][3.020s][info][gc,heap     ] GC(12) ParOldGen: 64394K(175104K)->70570K(175104K)
[2026-03-23T15:42:04.345+0900][3.020s][info][gc,metaspace] GC(12) Metaspace: 235K(448K)->235K(448K) NonClass: 221K(320K)->221K(320K) Class: 14K(128K)->14K(128K)
[2026-03-23T15:42:04.345+0900][3.020s][info][gc          ] GC(12) Pause Young (Allocation Failure) 123M->73M(230M) 1.975ms
[2026-03-23T15:42:04.345+0900][3.020s][info][gc,cpu      ] GC(12) User=0.01s Sys=0.00s Real=0.00s
[2026-03-23T15:42:04.553+0900][3.228s][info][gc,start    ] GC(13) Pause Young (Allocation Failure)
[2026-03-23T15:42:04.555+0900][3.230s][info][gc,heap     ] GC(13) PSYoungGen: 60048K(60928K)->4704K(68096K) Eden: 54864K(55296K)->0K(54272K) From: 5184K(5632K)->4704K(13824K)
[2026-03-23T15:42:04.555+0900][3.230s][info][gc,heap     ] GC(13) ParOldGen: 70570K(175104K)->75210K(175104K)
[2026-03-23T15:42:04.555+0900][3.230s][info][gc,metaspace] GC(13) Metaspace: 235K(448K)->235K(448K) NonClass: 221K(320K)->221K(320K) Class: 14K(128K)->14K(128K)
[2026-03-23T15:42:04.555+0900][3.230s][info][gc          ] GC(13) Pause Young (Allocation Failure) 127M->78M(237M) 2.022ms
[2026-03-23T15:42:04.555+0900][3.230s][info][gc,cpu      ] GC(13) User=0.01s Sys=0.00s Real=0.00s
[2026-03-23T15:42:04.757+0900][3.432s][info][gc,start    ] GC(14) Pause Young (Allocation Failure)
[2026-03-23T15:42:04.759+0900][3.433s][info][gc,heap     ] GC(14) PSYoungGen: 58524K(68096K)->6240K(59904K) Eden: 53820K(54272K)->0K(53248K) From: 4704K(13824K)->6240K(6656K)
[2026-03-23T15:42:04.759+0900][3.434s][info][gc,heap     ] GC(14) ParOldGen: 75210K(175104K)->79850K(175104K)
[2026-03-23T15:42:04.759+0900][3.434s][info][gc,metaspace] GC(14) Metaspace: 235K(448K)->235K(448K) NonClass: 221K(320K)->221K(320K) Class: 14K(128K)->14K(128K)
[2026-03-23T15:42:04.759+0900][3.434s][info][gc          ] GC(14) Pause Young (Allocation Failure) 130M->84M(229M) 1.768ms
[2026-03-23T15:42:04.759+0900][3.434s][info][gc,cpu      ] GC(14) User=0.00s Sys=0.00s Real=0.00s
[2026-03-23T15:42:04.954+0900][3.629s][info][gc,start    ] GC(15) Pause Young (Allocation Failure)
[2026-03-23T15:42:04.955+0900][3.630s][info][gc,heap     ] GC(15) PSYoungGen: 59016K(59904K)->5248K(66048K) Eden: 52776K(53248K)->0K(52224K) From: 6240K(6656K)->5248K(13824K)
[2026-03-23T15:42:04.955+0900][3.630s][info][gc,heap     ] GC(15) ParOldGen: 79850K(175104K)->86027K(175104K)
[2026-03-23T15:42:04.955+0900][3.630s][info][gc,metaspace] GC(15) Metaspace: 235K(448K)->235K(448K) NonClass: 221K(320K)->221K(320K) Class: 14K(128K)->14K(128K)
[2026-03-23T15:42:04.956+0900][3.630s][info][gc          ] GC(15) Pause Young (Allocation Failure) 135M->89M(235M) 1.846ms
[2026-03-23T15:42:04.956+0900][3.630s][info][gc,cpu      ] GC(15) User=0.00s Sys=0.00s Real=0.00s
[2026-03-23T15:42:05.153+0900][3.828s][info][gc,start    ] GC(16) Pause Young (Allocation Failure)
[2026-03-23T15:42:05.154+0900][3.829s][info][gc,heap     ] GC(16) PSYoungGen: 57018K(66048K)->4704K(56320K) Eden: 51770K(52224K)->0K(51200K) From: 5248K(13824K)->4704K(5120K)
[2026-03-23T15:42:05.154+0900][3.829s][info][gc,heap     ] GC(16) ParOldGen: 86027K(175104K)->90667K(175104K)
[2026-03-23T15:42:05.154+0900][3.829s][info][gc,metaspace] GC(16) Metaspace: 235K(448K)->235K(448K) NonClass: 221K(320K)->221K(320K) Class: 14K(128K)->14K(128K)
[2026-03-23T15:42:05.154+0900][3.829s][info][gc          ] GC(16) Pause Young (Allocation Failure) 139M->93M(226M) 1.182ms
[2026-03-23T15:42:05.154+0900][3.829s][info][gc,cpu      ] GC(16) User=0.00s Sys=0.00s Real=0.00s
[2026-03-23T15:42:05.343+0900][4.018s][info][gc,start    ] GC(17) Pause Young (Allocation Failure)
[2026-03-23T15:42:05.344+0900][4.019s][info][gc,heap     ] GC(17) PSYoungGen: 55897K(56320K)->4704K(64000K) Eden: 51193K(51200K)->0K(50176K) From: 4704K(5120K)->4704K(13824K)
[2026-03-23T15:42:05.345+0900][4.019s][info][gc,heap     ] GC(17) ParOldGen: 90667K(175104K)->95299K(175104K)
[2026-03-23T15:42:05.345+0900][4.019s][info][gc,metaspace] GC(17) Metaspace: 235K(448K)->235K(448K) NonClass: 221K(320K)->221K(320K) Class: 14K(128K)->14K(128K)
[2026-03-23T15:42:05.345+0900][4.019s][info][gc          ] GC(17) Pause Young (Allocation Failure) 143M->97M(233M) 1.925ms
[2026-03-23T15:42:05.345+0900][4.020s][info][gc,cpu      ] GC(17) User=0.01s Sys=0.00s Real=0.00s
[2026-03-23T15:42:05.530+0900][4.205s][info][gc,start    ] GC(18) Pause Young (Allocation Failure)
[2026-03-23T15:42:05.532+0900][4.206s][info][gc,heap     ] GC(18) PSYoungGen: 54855K(64000K)->5184K(54784K) Eden: 50151K(50176K)->0K(49152K) From: 4704K(13824K)->5184K(5632K)
[2026-03-23T15:42:05.532+0900][4.206s][info][gc,heap     ] GC(18) ParOldGen: 95299K(175104K)->99939K(175104K)
[2026-03-23T15:42:05.532+0900][4.207s][info][gc,metaspace] GC(18) Metaspace: 235K(448K)->235K(448K) NonClass: 221K(320K)->221K(320K) Class: 14K(128K)->14K(128K)
[2026-03-23T15:42:05.532+0900][4.207s][info][gc          ] GC(18) Pause Young (Allocation Failure) 146M->102M(224M) 1.998ms
[2026-03-23T15:42:05.532+0900][4.207s][info][gc,cpu      ] GC(18) User=0.01s Sys=0.01s Real=0.00s
[2026-03-23T15:42:05.714+0900][4.389s][info][gc,start    ] GC(19) Pause Young (Allocation Failure)
[2026-03-23T15:42:05.716+0900][4.391s][info][gc,heap     ] GC(19) PSYoungGen: 54289K(54784K)->4672K(61440K) Eden: 49105K(49152K)->0K(48128K) From: 5184K(5632K)->4672K(13312K)
[2026-03-23T15:42:05.716+0900][4.391s][info][gc,heap     ] GC(19) ParOldGen: 99939K(175104K)->104579K(175104K)
[2026-03-23T15:42:05.716+0900][4.391s][info][gc,metaspace] GC(19) Metaspace: 235K(448K)->235K(448K) NonClass: 221K(320K)->221K(320K) Class: 14K(128K)->14K(128K)
[2026-03-23T15:42:05.716+0900][4.391s][info][gc          ] GC(19) Pause Young (Allocation Failure) 150M->106M(231M) 2.012ms
[2026-03-23T15:42:05.716+0900][4.391s][info][gc,cpu      ] GC(19) User=0.00s Sys=0.00s Real=0.00s
[2026-03-23T15:42:05.902+0900][4.577s][info][gc,start    ] GC(20) Pause Young (Allocation Failure)
[2026-03-23T15:42:05.903+0900][4.578s][info][gc,heap     ] GC(20) PSYoungGen: 52732K(61440K)->3136K(51200K) Eden: 48060K(48128K)->0K(47616K) From: 4672K(13312K)->3136K(3584K)
[2026-03-23T15:42:05.903+0900][4.578s][info][gc,heap     ] GC(20) ParOldGen: 104579K(175104K)->109227K(175104K)
[2026-03-23T15:42:05.903+0900][4.578s][info][gc,metaspace] GC(20) Metaspace: 235K(448K)->235K(448K) NonClass: 221K(320K)->221K(320K) Class: 14K(128K)->14K(128K)
[2026-03-23T15:42:05.903+0900][4.578s][info][gc          ] GC(20) Pause Young (Allocation Failure) 153M->109M(221M) 1.177ms
[2026-03-23T15:42:05.903+0900][4.578s][info][gc,cpu      ] GC(20) User=0.00s Sys=0.00s Real=0.00s
[2026-03-23T15:42:06.074+0900][4.749s][info][gc,start    ] GC(21) Pause Young (Allocation Failure)
[2026-03-23T15:42:06.076+0900][4.750s][info][gc,heap     ] GC(21) PSYoungGen: 50162K(51200K)->5248K(59904K) Eden: 47025K(47616K)->0K(47104K) From: 3136K(3584K)->5248K(12800K)
[2026-03-23T15:42:06.076+0900][4.751s][info][gc,heap     ] GC(21) ParOldGen: 109227K(175104K)->112331K(175104K)
[2026-03-23T15:42:06.076+0900][4.751s][info][gc,metaspace] GC(21) Metaspace: 235K(448K)->235K(448K) NonClass: 221K(320K)->221K(320K) Class: 14K(128K)->14K(128K)
[2026-03-23T15:42:06.076+0900][4.751s][info][gc          ] GC(21) Pause Young (Allocation Failure) 155M->114M(229M) 1.692ms
[2026-03-23T15:42:06.076+0900][4.751s][info][gc,cpu      ] GC(21) User=0.01s Sys=0.00s Real=0.00s
[2026-03-23T15:42:06.247+0900][4.922s][info][gc,start    ] GC(22) Pause Young (Allocation Failure)
[2026-03-23T15:42:06.250+0900][4.924s][info][gc,heap     ] GC(22) PSYoungGen: 51751K(59904K)->5184K(52224K) Eden: 46503K(47104K)->0K(46592K) From: 5248K(12800K)->5184K(5632K)
[2026-03-23T15:42:06.250+0900][4.925s][info][gc,heap     ] GC(22) ParOldGen: 112331K(175104K)->116972K(175104K)
[2026-03-23T15:42:06.250+0900][4.925s][info][gc,metaspace] GC(22) Metaspace: 235K(448K)->235K(448K) NonClass: 221K(320K)->221K(320K) Class: 14K(128K)->14K(128K)
[2026-03-23T15:42:06.250+0900][4.925s][info][gc          ] GC(22) Pause Young (Allocation Failure) 160M->119M(222M) 2.264ms
[2026-03-23T15:42:06.250+0900][4.925s][info][gc,cpu      ] GC(22) User=0.00s Sys=0.01s Real=0.01s
[2026-03-23T15:42:06.417+0900][5.092s][info][gc,start    ] GC(23) Pause Young (Allocation Failure)
[2026-03-23T15:42:06.419+0900][5.094s][info][gc,heap     ] GC(23) PSYoungGen: 51677K(52224K)->5184K(57856K) Eden: 46493K(46592K)->0K(46080K) From: 5184K(5632K)->5184K(11776K)
[2026-03-23T15:42:06.419+0900][5.094s][info][gc,heap     ] GC(23) ParOldGen: 116972K(175104K)->121604K(175104K)
[2026-03-23T15:42:06.419+0900][5.094s][info][gc,metaspace] GC(23) Metaspace: 235K(448K)->235K(448K) NonClass: 221K(320K)->221K(320K) Class: 14K(128K)->14K(128K)
[2026-03-23T15:42:06.420+0900][5.094s][info][gc          ] GC(23) Pause Young (Allocation Failure) 164M->123M(227M) 2.168ms
[2026-03-23T15:42:06.420+0900][5.094s][info][gc,cpu      ] GC(23) User=0.00s Sys=0.00s Real=0.01s
[2026-03-23T15:42:06.596+0900][5.271s][info][gc,start    ] GC(24) Pause Young (Allocation Failure)
[2026-03-23T15:42:06.598+0900][5.273s][info][gc,heap     ] GC(24) PSYoungGen: 51155K(57856K)->3136K(49152K) Eden: 45970K(46080K)->0K(45568K) From: 5184K(11776K)->3136K(3584K)
[2026-03-23T15:42:06.598+0900][5.273s][info][gc,heap     ] GC(24) ParOldGen: 121604K(175104K)->126244K(175104K)
[2026-03-23T15:42:06.598+0900][5.273s][info][gc,metaspace] GC(24) Metaspace: 235K(448K)->235K(448K) NonClass: 221K(320K)->221K(320K) Class: 14K(128K)->14K(128K)
[2026-03-23T15:42:06.599+0900][5.273s][info][gc          ] GC(24) Pause Young (Allocation Failure) 168M->126M(219M) 2.128ms
[2026-03-23T15:42:06.599+0900][5.273s][info][gc,cpu      ] GC(24) User=0.00s Sys=0.00s Real=0.00s
[2026-03-23T15:42:06.762+0900][5.437s][info][gc,start    ] GC(25) Pause Young (Allocation Failure)
[2026-03-23T15:42:06.764+0900][5.439s][info][gc,heap     ] GC(25) PSYoungGen: 48584K(49152K)->5184K(56320K) Eden: 45448K(45568K)->0K(45056K) From: 3136K(3584K)->5184K(11264K)
[2026-03-23T15:42:06.764+0900][5.439s][info][gc,heap     ] GC(25) ParOldGen: 126244K(175104K)->129340K(175104K)
[2026-03-23T15:42:06.764+0900][5.439s][info][gc,metaspace] GC(25) Metaspace: 235K(448K)->235K(448K) NonClass: 221K(320K)->221K(320K) Class: 14K(128K)->14K(128K)
[2026-03-23T15:42:06.764+0900][5.439s][info][gc          ] GC(25) Pause Young (Allocation Failure) 170M->131M(226M) 1.972ms
[2026-03-23T15:42:06.764+0900][5.439s][info][gc,cpu      ] GC(25) User=0.00s Sys=0.00s Real=0.00s
[2026-03-23T15:42:06.928+0900][5.603s][info][gc,start    ] GC(26) Pause Young (Allocation Failure)
[2026-03-23T15:42:06.930+0900][5.605s][info][gc,heap     ] GC(26) PSYoungGen: 50110K(56320K)->5184K(50176K) Eden: 44926K(45056K)->0K(44544K) From: 5184K(11264K)->5184K(5632K)
[2026-03-23T15:42:06.930+0900][5.605s][info][gc,heap     ] GC(26) ParOldGen: 129340K(175104K)->133964K(175104K)
[2026-03-23T15:42:06.930+0900][5.605s][info][gc,metaspace] GC(26) Metaspace: 235K(448K)->235K(448K) NonClass: 221K(320K)->221K(320K) Class: 14K(128K)->14K(128K)
[2026-03-23T15:42:06.930+0900][5.605s][info][gc          ] GC(26) Pause Young (Allocation Failure) 175M->135M(220M) 2.025ms
[2026-03-23T15:42:06.930+0900][5.605s][info][gc,cpu      ] GC(26) User=0.00s Sys=0.00s Real=0.01s
[2026-03-23T15:42:07.103+0900][5.778s][info][gc,start    ] GC(27) Pause Young (Allocation Failure)
[2026-03-23T15:42:07.104+0900][5.779s][info][gc,heap     ] GC(27) PSYoungGen: 49588K(50176K)->3136K(55296K) Eden: 44404K(44544K)->0K(44032K) From: 5184K(5632K)->3136K(11264K)
[2026-03-23T15:42:07.104+0900][5.779s][info][gc,heap     ] GC(27) ParOldGen: 133964K(175104K)->138612K(175104K)
[2026-03-23T15:42:07.104+0900][5.779s][info][gc,metaspace] GC(27) Metaspace: 235K(448K)->235K(448K) NonClass: 221K(320K)->221K(320K) Class: 14K(128K)->14K(128K)
[2026-03-23T15:42:07.104+0900][5.779s][info][gc          ] GC(27) Pause Young (Allocation Failure) 179M->138M(225M) 0.652ms
[2026-03-23T15:42:07.104+0900][5.779s][info][gc,cpu      ] GC(27) User=0.00s Sys=0.00s Real=0.00s
[2026-03-23T15:42:07.259+0900][5.934s][info][gc,start    ] GC(28) Pause Young (Allocation Failure)
[2026-03-23T15:42:07.260+0900][5.935s][info][gc,heap     ] GC(28) PSYoungGen: 47018K(55296K)->5216K(49152K) Eden: 43882K(44032K)->0K(43520K) From: 3136K(11264K)->5216K(5632K)
[2026-03-23T15:42:07.260+0900][5.935s][info][gc,heap     ] GC(28) ParOldGen: 138612K(175104K)->141716K(175104K)
[2026-03-23T15:42:07.260+0900][5.935s][info][gc,metaspace] GC(28) Metaspace: 237K(448K)->237K(448K) NonClass: 222K(320K)->222K(320K) Class: 14K(128K)->14K(128K)
[2026-03-23T15:42:07.260+0900][5.935s][info][gc          ] GC(28) Pause Young (Allocation Failure) 181M->143M(219M) 1.246ms
[2026-03-23T15:42:07.260+0900][5.935s][info][gc,cpu      ] GC(28) User=0.00s Sys=0.00s Real=0.01s
[2026-03-23T15:42:07.424+0900][6.099s][info][gc,start    ] GC(29) Pause Young (Allocation Failure)
[2026-03-23T15:42:07.426+0900][6.101s][info][gc,heap     ] GC(29) PSYoungGen: 48576K(49152K)->3648K(52736K) Eden: 43360K(43520K)->0K(43008K) From: 5216K(5632K)->3648K(9728K)
[2026-03-23T15:42:07.426+0900][6.101s][info][gc,heap     ] GC(29) ParOldGen: 141716K(175104K)->146364K(175104K)
[2026-03-23T15:42:07.426+0900][6.101s][info][gc,metaspace] GC(29) Metaspace: 237K(448K)->237K(448K) NonClass: 222K(320K)->222K(320K) Class: 14K(128K)->14K(128K)
[2026-03-23T15:42:07.426+0900][6.101s][info][gc          ] GC(29) Pause Young (Allocation Failure) 185M->146M(222M) 2.164ms
[2026-03-23T15:42:07.426+0900][6.101s][info][gc,cpu      ] GC(29) User=0.00s Sys=0.01s Real=0.00s
[2026-03-23T15:42:07.584+0900][6.259s][info][gc,start    ] GC(30) Pause Young (Allocation Failure)
[2026-03-23T15:42:07.586+0900][6.261s][info][gc,heap     ] GC(30) PSYoungGen: 46486K(52736K)->4672K(47616K) Eden: 42838K(43008K)->0K(42496K) From: 3648K(9728K)->4672K(5120K)
[2026-03-23T15:42:07.586+0900][6.261s][info][gc,heap     ] GC(30) ParOldGen: 146364K(175104K)->149469K(175104K)
[2026-03-23T15:42:07.586+0900][6.261s][info][gc,metaspace] GC(30) Metaspace: 237K(448K)->237K(448K) NonClass: 222K(320K)->222K(320K) Class: 14K(128K)->14K(128K)
[2026-03-23T15:42:07.586+0900][6.261s][info][gc          ] GC(30) Pause Young (Allocation Failure) 188M->150M(217M) 2.038ms
[2026-03-23T15:42:07.587+0900][6.261s][info][gc,cpu      ] GC(30) User=0.00s Sys=0.00s Real=0.00s
[2026-03-23T15:42:07.748+0900][6.422s][info][gc,start    ] GC(31) Pause Young (Allocation Failure)
[2026-03-23T15:42:07.750+0900][6.425s][info][gc,heap     ] GC(31) PSYoungGen: 46988K(47616K)->3680K(51200K) Eden: 42316K(42496K)->0K(41984K) From: 4672K(5120K)->3680K(9216K)
[2026-03-23T15:42:07.750+0900][6.425s][info][gc,heap     ] GC(31) ParOldGen: 149469K(175104K)->154109K(175104K)
[2026-03-23T15:42:07.750+0900][6.425s][info][gc,metaspace] GC(31) Metaspace: 237K(448K)->237K(448K) NonClass: 222K(320K)->222K(320K) Class: 14K(128K)->14K(128K)
[2026-03-23T15:42:07.751+0900][6.425s][info][gc          ] GC(31) Pause Young (Allocation Failure) 191M->154M(221M) 2.938ms
[2026-03-23T15:42:07.751+0900][6.425s][info][gc,cpu      ] GC(31) User=0.00s Sys=0.00s Real=0.01s
[2026-03-23T15:42:07.904+0900][6.579s][info][gc,start    ] GC(32) Pause Young (Allocation Failure)
[2026-03-23T15:42:07.906+0900][6.581s][info][gc,heap     ] GC(32) PSYoungGen: 45474K(51200K)->5216K(47104K) Eden: 41794K(41984K)->0K(41472K) From: 3680K(9216K)->5216K(5632K)
[2026-03-23T15:42:07.906+0900][6.581s][info][gc,heap     ] GC(32) ParOldGen: 154109K(175104K)->157213K(175104K)
[2026-03-23T15:42:07.907+0900][6.581s][info][gc,metaspace] GC(32) Metaspace: 237K(448K)->237K(448K) NonClass: 222K(320K)->222K(320K) Class: 14K(128K)->14K(128K)
[2026-03-23T15:42:07.907+0900][6.581s][info][gc          ] GC(32) Pause Young (Allocation Failure) 194M->158M(217M) 2.213ms
[2026-03-23T15:42:07.907+0900][6.581s][info][gc,cpu      ] GC(32) User=0.00s Sys=0.00s Real=0.00s
[2026-03-23T15:42:08.066+0900][6.741s][info][gc,start    ] GC(33) Pause Young (Allocation Failure)
[2026-03-23T15:42:08.070+0900][6.745s][info][gc,heap     ] GC(33) PSYoungGen: 46488K(47104K)->3136K(50176K) Eden: 41272K(41472K)->0K(40960K) From: 5216K(5632K)->3136K(9216K)
[2026-03-23T15:42:08.070+0900][6.745s][info][gc,heap     ] GC(33) ParOldGen: 157213K(175104K)->161845K(175104K)
[2026-03-23T15:42:08.070+0900][6.745s][info][gc,metaspace] GC(33) Metaspace: 237K(448K)->237K(448K) NonClass: 222K(320K)->222K(320K) Class: 14K(128K)->14K(128K)
[2026-03-23T15:42:08.070+0900][6.745s][info][gc          ] GC(33) Pause Young (Allocation Failure) 198M->161M(220M) 3.700ms
[2026-03-23T15:42:08.070+0900][6.745s][info][gc,cpu      ] GC(33) User=0.00s Sys=0.01s Real=0.01s
[2026-03-23T15:42:08.214+0900][6.889s][info][gc,start    ] GC(34) Pause Young (Allocation Failure)
[2026-03-23T15:42:08.216+0900][6.891s][info][gc,heap     ] GC(34) PSYoungGen: 43886K(50176K)->5248K(46080K) Eden: 40750K(40960K)->0K(40448K) From: 3136K(9216K)->5248K(5632K)
[2026-03-23T15:42:08.216+0900][6.891s][info][gc,heap     ] GC(34) ParOldGen: 161845K(175104K)->164949K(175104K)
[2026-03-23T15:42:08.216+0900][6.891s][info][gc,metaspace] GC(34) Metaspace: 237K(448K)->237K(448K) NonClass: 222K(320K)->222K(320K) Class: 14K(128K)->14K(128K)
[2026-03-23T15:42:08.216+0900][6.891s][info][gc          ] GC(34) Pause Young (Allocation Failure) 200M->166M(216M) 2.093ms
[2026-03-23T15:42:08.216+0900][6.891s][info][gc,cpu      ] GC(34) User=0.00s Sys=0.00s Real=0.00s
[2026-03-23T15:42:08.369+0900][7.043s][info][gc,start    ] GC(35) Pause Young (Allocation Failure)
[2026-03-23T15:42:08.371+0900][7.045s][info][gc,heap     ] GC(35) PSYoungGen: 45476K(46080K)->3648K(48640K) Eden: 40228K(40448K)->0K(39936K) From: 5248K(5632K)->3648K(8704K)
[2026-03-23T15:42:08.371+0900][7.046s][info][gc,heap     ] GC(35) ParOldGen: 164949K(175104K)->169581K(175104K)
[2026-03-23T15:42:08.371+0900][7.046s][info][gc,metaspace] GC(35) Metaspace: 237K(448K)->237K(448K) NonClass: 222K(320K)->222K(320K) Class: 14K(128K)->14K(128K)
[2026-03-23T15:42:08.371+0900][7.046s][info][gc          ] GC(35) Pause Young (Allocation Failure) 205M->169M(218M) 2.246ms
[2026-03-23T15:42:08.371+0900][7.046s][info][gc,cpu      ] GC(35) User=0.00s Sys=0.00s Real=0.01s
[2026-03-23T15:42:08.519+0900][7.194s][info][gc,start    ] GC(36) Pause Young (Allocation Failure)
[2026-03-23T15:42:08.521+0900][7.195s][info][gc,heap     ] GC(36) PSYoungGen: 43354K(48640K)->3168K(43008K) Eden: 39705K(39936K)->0K(39424K) From: 3648K(8704K)->3168K(3584K)
[2026-03-23T15:42:08.521+0900][7.196s][info][gc,heap     ] GC(36) ParOldGen: 169581K(175104K)->172685K(175104K)
[2026-03-23T15:42:08.521+0900][7.196s][info][gc,metaspace] GC(36) Metaspace: 237K(448K)->237K(448K) NonClass: 222K(320K)->222K(320K) Class: 14K(128K)->14K(128K)
[2026-03-23T15:42:08.521+0900][7.196s][info][gc          ] GC(36) Pause Young (Allocation Failure) 207M->171M(213M) 1.921ms
[2026-03-23T15:42:08.521+0900][7.196s][info][gc,cpu      ] GC(36) User=0.01s Sys=0.00s Real=0.01s
[2026-03-23T15:42:08.661+0900][7.336s][info][gc,start    ] GC(37) Pause Young (Allocation Failure)
[2026-03-23T15:42:08.663+0900][7.338s][info][gc,heap     ] GC(37) PSYoungGen: 42352K(43008K)->5184K(46592K) Eden: 39183K(39424K)->0K(38912K) From: 3168K(3584K)->5184K(7680K)
[2026-03-23T15:42:08.663+0900][7.338s][info][gc,heap     ] GC(37) ParOldGen: 172685K(175104K)->175781K(176640K)
[2026-03-23T15:42:08.663+0900][7.338s][info][gc,metaspace] GC(37) Metaspace: 237K(448K)->237K(448K) NonClass: 222K(320K)->222K(320K) Class: 14K(128K)->14K(128K)
[2026-03-23T15:42:08.663+0900][7.338s][info][gc          ] GC(37) Pause Young (Allocation Failure) 209M->176M(218M) 1.966ms
[2026-03-23T15:42:08.663+0900][7.338s][info][gc,cpu      ] GC(37) User=0.01s Sys=0.01s Real=0.00s
[2026-03-23T15:42:08.809+0900][7.483s][info][gc,start    ] GC(38) Pause Young (Allocation Failure)
[2026-03-23T15:42:08.810+0900][7.485s][info][gc,heap     ] GC(38) PSYoungGen: 43846K(46592K)->3680K(42496K) Eden: 38661K(38912K)->0K(38400K) From: 5184K(7680K)->3680K(4096K)
[2026-03-23T15:42:08.811+0900][7.485s][info][gc,heap     ] GC(38) ParOldGen: 175781K(176640K)->180422K(181248K)
[2026-03-23T15:42:08.811+0900][7.485s][info][gc,metaspace] GC(38) Metaspace: 237K(448K)->237K(448K) NonClass: 222K(320K)->222K(320K) Class: 14K(128K)->14K(128K)
[2026-03-23T15:42:08.811+0900][7.485s][info][gc          ] GC(38) Pause Young (Allocation Failure) 214M->179M(218M) 1.940ms
[2026-03-23T15:42:08.811+0900][7.485s][info][gc,cpu      ] GC(38) User=0.01s Sys=0.00s Real=0.01s
[2026-03-23T15:42:08.959+0900][7.634s][info][gc,start    ] GC(39) Pause Young (Allocation Failure)
[2026-03-23T15:42:08.961+0900][7.635s][info][gc,heap     ] GC(39) PSYoungGen: 41819K(42496K)->3168K(46080K) Eden: 38139K(38400K)->0K(37888K) From: 3680K(4096K)->3168K(8192K)
[2026-03-23T15:42:08.961+0900][7.635s][info][gc,heap     ] GC(39) ParOldGen: 180422K(181248K)->183526K(183808K)
[2026-03-23T15:42:08.961+0900][7.636s][info][gc,metaspace] GC(39) Metaspace: 237K(448K)->237K(448K) NonClass: 222K(320K)->222K(320K) Class: 14K(128K)->14K(128K)
[2026-03-23T15:42:08.961+0900][7.636s][info][gc          ] GC(39) Pause Young (Allocation Failure) 217M->182M(224M) 1.767ms
[2026-03-23T15:42:08.961+0900][7.636s][info][gc,cpu      ] GC(39) User=0.01s Sys=0.00s Real=0.01s
[2026-03-23T15:42:09.100+0900][7.774s][info][gc,start    ] GC(40) Pause Young (Allocation Failure)
[2026-03-23T15:42:09.102+0900][7.777s][info][gc,heap     ] GC(40) PSYoungGen: 40785K(46080K)->3680K(41472K) Eden: 37617K(37888K)->0K(37376K) From: 3168K(8192K)->3680K(4096K)
[2026-03-23T15:42:09.102+0900][7.777s][info][gc,heap     ] GC(40) ParOldGen: 183526K(183808K)->186630K(187904K)
[2026-03-23T15:42:09.102+0900][7.777s][info][gc,metaspace] GC(40) Metaspace: 237K(448K)->237K(448K) NonClass: 222K(320K)->222K(320K) Class: 14K(128K)->14K(128K)
[2026-03-23T15:42:09.102+0900][7.777s][info][gc          ] GC(40) Pause Young (Allocation Failure) 219M->185M(224M) 2.475ms
[2026-03-23T15:42:09.102+0900][7.777s][info][gc,cpu      ] GC(40) User=0.00s Sys=0.00s Real=0.00s
[2026-03-23T15:42:09.236+0900][7.911s][info][gc,start    ] GC(41) Pause Young (Allocation Failure)
[2026-03-23T15:42:09.238+0900][7.913s][info][gc,heap     ] GC(41) PSYoungGen: 40775K(41472K)->5216K(44544K) Eden: 37095K(37376K)->0K(36864K) From: 3680K(4096K)->5216K(7680K)
[2026-03-23T15:42:09.238+0900][7.913s][info][gc,heap     ] GC(41) ParOldGen: 186630K(187904K)->189726K(190464K)
[2026-03-23T15:42:09.238+0900][7.913s][info][gc,metaspace] GC(41) Metaspace: 237K(448K)->237K(448K) NonClass: 222K(320K)->222K(320K) Class: 14K(128K)->14K(128K)
[2026-03-23T15:42:09.238+0900][7.913s][info][gc          ] GC(41) Pause Young (Allocation Failure) 222M->190M(229M) 2.250ms
[2026-03-23T15:42:09.238+0900][7.913s][info][gc,cpu      ] GC(41) User=0.00s Sys=0.01s Real=0.00s
[2026-03-23T15:42:09.377+0900][8.052s][info][gc,start    ] GC(42) Pause Young (Allocation Failure)
[2026-03-23T15:42:09.379+0900][8.054s][info][gc,heap     ] GC(42) PSYoungGen: 41789K(44544K)->4192K(40960K) Eden: 36573K(36864K)->0K(36352K) From: 5216K(7680K)->4192K(4608K)
[2026-03-23T15:42:09.379+0900][8.054s][info][gc,heap     ] GC(42) ParOldGen: 189726K(190464K)->193350K(193536K)
[2026-03-23T15:42:09.379+0900][8.054s][info][gc,metaspace] GC(42) Metaspace: 237K(448K)->237K(448K) NonClass: 222K(320K)->222K(320K) Class: 14K(128K)->14K(128K)
[2026-03-23T15:42:09.379+0900][8.054s][info][gc          ] GC(42) Pause Young (Allocation Failure) 226M->192M(229M) 1.925ms
[2026-03-23T15:42:09.379+0900][8.054s][info][gc,cpu      ] GC(42) User=0.00s Sys=0.00s Real=0.00s
[2026-03-23T15:42:09.512+0900][8.187s][info][gc,start    ] GC(43) Pause Young (Allocation Failure)
[2026-03-23T15:42:09.515+0900][8.189s][info][gc,heap     ] GC(43) PSYoungGen: 40243K(40960K)->3680K(43008K) Eden: 36051K(36352K)->0K(35840K) From: 4192K(4608K)->3680K(7168K)
[2026-03-23T15:42:09.515+0900][8.190s][info][gc,heap     ] GC(43) ParOldGen: 193350K(193536K)->197478K(198144K)
[2026-03-23T15:42:09.515+0900][8.190s][info][gc,metaspace] GC(43) Metaspace: 237K(448K)->237K(448K) NonClass: 222K(320K)->222K(320K) Class: 14K(128K)->14K(128K)
[2026-03-23T15:42:09.515+0900][8.190s][info][gc          ] GC(43) Pause Young (Allocation Failure) 228M->196M(235M) 2.571ms
[2026-03-23T15:42:09.515+0900][8.190s][info][gc,cpu      ] GC(43) User=0.00s Sys=0.00s Real=0.00s
[2026-03-23T15:42:09.646+0900][8.321s][info][gc,start    ] GC(44) Pause Young (Allocation Failure)
[2026-03-23T15:42:09.647+0900][8.322s][info][gc,heap     ] GC(44) PSYoungGen: 39209K(43008K)->3712K(39424K) Eden: 35529K(35840K)->0K(35328K) From: 3680K(7168K)->3712K(4096K)
[2026-03-23T15:42:09.647+0900][8.322s][info][gc,heap     ] GC(44) ParOldGen: 197478K(198144K)->200582K(201216K)
[2026-03-23T15:42:09.647+0900][8.322s][info][gc,metaspace] GC(44) Metaspace: 237K(448K)->237K(448K) NonClass: 222K(320K)->222K(320K) Class: 14K(128K)->14K(128K)
[2026-03-23T15:42:09.647+0900][8.322s][info][gc          ] GC(44) Pause Young (Allocation Failure) 231M->199M(235M) 1.405ms
[2026-03-23T15:42:09.647+0900][8.322s][info][gc,cpu      ] GC(44) User=0.00s Sys=0.00s Real=0.00s
[2026-03-23T15:42:09.779+0900][8.454s][info][gc,start    ] GC(45) Pause Young (Allocation Failure)
[2026-03-23T15:42:09.781+0900][8.456s][info][gc,heap     ] GC(45) PSYoungGen: 38719K(39424K)->3136K(41984K) Eden: 35007K(35328K)->0K(34816K) From: 3712K(4096K)->3136K(7168K)
[2026-03-23T15:42:09.781+0900][8.456s][info][gc,heap     ] GC(45) ParOldGen: 200582K(201216K)->203670K(204288K)
[2026-03-23T15:42:09.781+0900][8.456s][info][gc,metaspace] GC(45) Metaspace: 237K(448K)->237K(448K) NonClass: 222K(320K)->222K(320K) Class: 14K(128K)->14K(128K)
[2026-03-23T15:42:09.781+0900][8.456s][info][gc          ] GC(45) Pause Young (Allocation Failure) 233M->201M(240M) 2.412ms
[2026-03-23T15:42:09.781+0900][8.456s][info][gc,cpu      ] GC(45) User=0.00s Sys=0.00s Real=0.01s
[2026-03-23T15:42:09.909+0900][8.584s][info][gc,start    ] GC(46) Pause Young (Allocation Failure)
[2026-03-23T15:42:09.911+0900][8.586s][info][gc,heap     ] GC(46) PSYoungGen: 37621K(41984K)->3648K(38400K) Eden: 34485K(34816K)->0K(34304K) From: 3136K(7168K)->3648K(4096K)
[2026-03-23T15:42:09.911+0900][8.586s][info][gc,heap     ] GC(46) ParOldGen: 203670K(204288K)->206766K(207360K)
[2026-03-23T15:42:09.911+0900][8.586s][info][gc,metaspace] GC(46) Metaspace: 237K(448K)->237K(448K) NonClass: 222K(320K)->222K(320K) Class: 14K(128K)->14K(128K)
[2026-03-23T15:42:09.911+0900][8.586s][info][gc          ] GC(46) Pause Young (Allocation Failure) 235M->205M(240M) 1.832ms
[2026-03-23T15:42:09.911+0900][8.586s][info][gc,cpu      ] GC(46) User=0.01s Sys=0.01s Real=0.01s
[2026-03-23T15:42:10.036+0900][8.711s][info][gc,start    ] GC(47) Pause Young (Allocation Failure)
[2026-03-23T15:42:10.038+0900][8.713s][info][gc,heap     ] GC(47) PSYoungGen: 37611K(38400K)->3648K(40448K) Eden: 33963K(34304K)->0K(33792K) From: 3648K(4096K)->3648K(6656K)
[2026-03-23T15:42:10.038+0900][8.713s][info][gc,heap     ] GC(47) ParOldGen: 206766K(207360K)->209862K(210432K)
[2026-03-23T15:42:10.038+0900][8.713s][info][gc,metaspace] GC(47) Metaspace: 237K(448K)->237K(448K) NonClass: 222K(320K)->222K(320K) Class: 14K(128K)->14K(128K)
[2026-03-23T15:42:10.038+0900][8.713s][info][gc          ] GC(47) Pause Young (Allocation Failure) 238M->208M(245M) 1.458ms
[2026-03-23T15:42:10.038+0900][8.713s][info][gc,cpu      ] GC(47) User=0.01s Sys=0.00s Real=0.00s
[2026-03-23T15:42:10.162+0900][8.837s][info][gc,start    ] GC(48) Pause Young (Allocation Failure)
[2026-03-23T15:42:10.163+0900][8.838s][info][gc,heap     ] GC(48) PSYoungGen: 37089K(40448K)->3104K(36864K) Eden: 33441K(33792K)->0K(33280K) From: 3648K(6656K)->3104K(3584K)
[2026-03-23T15:42:10.163+0900][8.838s][info][gc,heap     ] GC(48) ParOldGen: 209862K(210432K)->212950K(213504K)
[2026-03-23T15:42:10.163+0900][8.838s][info][gc,metaspace] GC(48) Metaspace: 237K(448K)->237K(448K) NonClass: 222K(320K)->222K(320K) Class: 14K(128K)->14K(128K)
[2026-03-23T15:42:10.163+0900][8.838s][info][gc          ] GC(48) Pause Young (Allocation Failure) 241M->210M(244M) 1.341ms
[2026-03-23T15:42:10.163+0900][8.838s][info][gc,cpu      ] GC(48) User=0.00s Sys=0.00s Real=0.00s
[2026-03-23T15:42:10.287+0900][8.962s][info][gc,start    ] GC(49) Pause Young (Allocation Failure)
[2026-03-23T15:42:10.289+0900][8.964s][info][gc,heap     ] GC(49) PSYoungGen: 36023K(36864K)->3648K(38400K) Eden: 32919K(33280K)->0K(32768K) From: 3104K(3584K)->3648K(5632K)
[2026-03-23T15:42:10.289+0900][8.964s][info][gc,heap     ] GC(49) ParOldGen: 212950K(213504K)->216047K(216576K)
[2026-03-23T15:42:10.289+0900][8.964s][info][gc,metaspace] GC(49) Metaspace: 237K(448K)->237K(448K) NonClass: 222K(320K)->222K(320K) Class: 14K(128K)->14K(128K)
[2026-03-23T15:42:10.289+0900][8.964s][info][gc          ] GC(49) Pause Young (Allocation Failure) 243M->214M(249M) 1.990ms
[2026-03-23T15:42:10.289+0900][8.964s][info][gc,cpu      ] GC(49) User=0.00s Sys=0.00s Real=0.00s
[2026-03-23T15:42:10.414+0900][9.089s][info][gc,start    ] GC(50) Pause Young (Allocation Failure)
[2026-03-23T15:42:10.416+0900][9.091s][info][gc,heap     ] GC(50) PSYoungGen: 36045K(38400K)->3648K(36352K) Eden: 32397K(32768K)->0K(32256K) From: 3648K(5632K)->3648K(4096K)
[2026-03-23T15:42:10.416+0900][9.091s][info][gc,heap     ] GC(50) ParOldGen: 216047K(216576K)->219143K(219648K)
[2026-03-23T15:42:10.416+0900][9.091s][info][gc,metaspace] GC(50) Metaspace: 237K(448K)->237K(448K) NonClass: 222K(320K)->222K(320K) Class: 14K(128K)->14K(128K)
[2026-03-23T15:42:10.416+0900][9.091s][info][gc          ] GC(50) Pause Young (Allocation Failure) 246M->217M(250M) 1.926ms
[2026-03-23T15:42:10.416+0900][9.091s][info][gc,cpu      ] GC(50) User=0.00s Sys=0.00s Real=0.00s
[2026-03-23T15:42:10.536+0900][9.211s][info][gc,start    ] GC(51) Pause Young (Allocation Failure)
[2026-03-23T15:42:10.538+0900][9.213s][info][gc,heap     ] GC(51) PSYoungGen: 35523K(36352K)->3200K(37888K) Eden: 31875K(32256K)->0K(31744K) From: 3648K(4096K)->3200K(6144K)
[2026-03-23T15:42:10.539+0900][9.213s][info][gc,heap     ] GC(51) ParOldGen: 219143K(219648K)->222239K(223744K)
[2026-03-23T15:42:10.539+0900][9.213s][info][gc,metaspace] GC(51) Metaspace: 237K(448K)->237K(448K) NonClass: 222K(320K)->222K(320K) Class: 14K(128K)->14K(128K)
[2026-03-23T15:42:10.539+0900][9.213s][info][gc          ] GC(51) Pause Young (Allocation Failure) 248M->220M(255M) 2.420ms
[2026-03-23T15:42:10.539+0900][9.213s][info][gc,cpu      ] GC(51) User=0.00s Sys=0.01s Real=0.00s
[2026-03-23T15:42:10.652+0900][9.327s][info][gc,start    ] GC(52) Pause Young (Allocation Failure)
[2026-03-23T15:42:10.654+0900][9.329s][info][gc,heap     ] GC(52) PSYoungGen: 34553K(37888K)->3648K(35328K) Eden: 31353K(31744K)->0K(31232K) From: 3200K(6144K)->3648K(4096K)
[2026-03-23T15:42:10.654+0900][9.329s][info][gc,heap     ] GC(52) ParOldGen: 222239K(223744K)->225335K(226816K)
[2026-03-23T15:42:10.654+0900][9.329s][info][gc,metaspace] GC(52) Metaspace: 237K(448K)->237K(448K) NonClass: 222K(320K)->222K(320K) Class: 14K(128K)->14K(128K)
[2026-03-23T15:42:10.654+0900][9.329s][info][gc          ] GC(52) Pause Young (Allocation Failure) 250M->223M(256M) 1.935ms
[2026-03-23T15:42:10.654+0900][9.329s][info][gc,cpu      ] GC(52) User=0.00s Sys=0.00s Real=0.00s
[2026-03-23T15:42:10.773+0900][9.448s][info][gc,start    ] GC(53) Pause Young (Allocation Failure)
[2026-03-23T15:42:10.775+0900][9.450s][info][gc,heap     ] GC(53) PSYoungGen: 34479K(35328K)->3136K(37376K) Eden: 30830K(31232K)->0K(31232K) From: 3648K(4096K)->3136K(6144K)
[2026-03-23T15:42:10.775+0900][9.450s][info][gc,heap     ] GC(53) ParOldGen: 225335K(226816K)->227415K(228352K)
[2026-03-23T15:42:10.775+0900][9.450s][info][gc,metaspace] GC(53) Metaspace: 237K(448K)->237K(448K) NonClass: 222K(320K)->222K(320K) Class: 14K(128K)->14K(128K)
[2026-03-23T15:42:10.775+0900][9.450s][info][gc          ] GC(53) Pause Young (Allocation Failure) 253M->225M(259M) 2.262ms
[2026-03-23T15:42:10.775+0900][9.450s][info][gc,cpu      ] GC(53) User=0.00s Sys=0.00s Real=0.00s
[2026-03-23T15:42:10.890+0900][9.565s][info][gc,start    ] GC(54) Pause Young (Allocation Failure)
[2026-03-23T15:42:10.892+0900][9.567s][info][gc,heap     ] GC(54) PSYoungGen: 33967K(37376K)->3712K(37376K) Eden: 30831K(31232K)->0K(31232K) From: 3136K(6144K)->3712K(6144K)
[2026-03-23T15:42:10.892+0900][9.567s][info][gc,heap     ] GC(54) ParOldGen: 227415K(228352K)->229999K(231424K)
[2026-03-23T15:42:10.892+0900][9.567s][info][gc,metaspace] GC(54) Metaspace: 237K(448K)->237K(448K) NonClass: 222K(320K)->222K(320K) Class: 14K(128K)->14K(128K)
[2026-03-23T15:42:10.892+0900][9.567s][info][gc          ] GC(54) Pause Young (Allocation Failure) 255M->228M(262M) 1.912ms
[2026-03-23T15:42:10.892+0900][9.567s][info][gc,cpu      ] GC(54) User=0.01s Sys=0.00s Real=0.00s
[2026-03-23T15:42:11.008+0900][9.683s][info][gc,start    ] GC(55) Pause Young (Allocation Failure)
[2026-03-23T15:42:11.009+0900][9.684s][info][gc,heap     ] GC(55) PSYoungGen: 34543K(37376K)->3616K(36352K) Eden: 30831K(31232K)->0K(31232K) From: 3712K(6144K)->3616K(5120K)
[2026-03-23T15:42:11.010+0900][9.684s][info][gc,heap     ] GC(55) ParOldGen: 229999K(231424K)->233103K(234496K)
[2026-03-23T15:42:11.010+0900][9.684s][info][gc,metaspace] GC(55) Metaspace: 237K(448K)->237K(448K) NonClass: 222K(320K)->222K(320K) Class: 14K(128K)->14K(128K)
[2026-03-23T15:42:11.010+0900][9.684s][info][gc          ] GC(55) Pause Young (Allocation Failure) 258M->231M(264M) 1.846ms
[2026-03-23T15:42:11.010+0900][9.684s][info][gc,cpu      ] GC(55) User=0.01s Sys=0.00s Real=0.01s
[2026-03-23T15:42:11.126+0900][9.801s][info][gc,start    ] GC(56) Pause Young (Allocation Failure)
[2026-03-23T15:42:11.127+0900][9.802s][info][gc,heap     ] GC(56) PSYoungGen: 34447K(36352K)->3680K(36864K) Eden: 30831K(31232K)->0K(31232K) From: 3616K(5120K)->3680K(5632K)
[2026-03-23T15:42:11.128+0900][9.802s][info][gc,heap     ] GC(56) ParOldGen: 233103K(234496K)->236207K(237568K)
[2026-03-23T15:42:11.128+0900][9.802s][info][gc,metaspace] GC(56) Metaspace: 237K(448K)->237K(448K) NonClass: 222K(320K)->222K(320K) Class: 14K(128K)->14K(128K)
[2026-03-23T15:42:11.128+0900][9.802s][info][gc          ] GC(56) Pause Young (Allocation Failure) 261M->234M(268M) 1.893ms
[2026-03-23T15:42:11.128+0900][9.802s][info][gc,cpu      ] GC(56) User=0.01s Sys=0.00s Real=0.00s
[2026-03-23T15:42:11.246+0900][9.921s][info][gc,start    ] GC(57) Pause Young (Allocation Failure)
[2026-03-23T15:42:11.248+0900][9.923s][info][gc,heap     ] GC(57) PSYoungGen: 34511K(36864K)->3680K(36864K) Eden: 30831K(31232K)->0K(31232K) From: 3680K(5632K)->3680K(5632K)
[2026-03-23T15:42:11.248+0900][9.923s][info][gc,heap     ] GC(57) ParOldGen: 236207K(237568K)->239311K(240640K)
[2026-03-23T15:42:11.248+0900][9.923s][info][gc,metaspace] GC(57) Metaspace: 237K(448K)->237K(448K) NonClass: 222K(320K)->222K(320K) Class: 14K(128K)->14K(128K)
[2026-03-23T15:42:11.248+0900][9.923s][info][gc          ] GC(57) Pause Young (Allocation Failure) 264M->237M(271M) 1.927ms
[2026-03-23T15:42:11.248+0900][9.923s][info][gc,cpu      ] GC(57) User=0.00s Sys=0.00s Real=0.00s
[2026-03-23T15:42:11.371+0900][10.046s][info][gc,start    ] GC(58) Pause Young (Allocation Failure)
[2026-03-23T15:42:11.375+0900][10.050s][info][gc,heap     ] GC(58) PSYoungGen: 34511K(36864K)->2112K(36864K) Eden: 30831K(31232K)->0K(31232K) From: 3680K(5632K)->2112K(5632K)
[2026-03-23T15:42:11.375+0900][10.050s][info][gc,heap     ] GC(58) ParOldGen: 239311K(240640K)->242407K(243712K)
[2026-03-23T15:42:11.375+0900][10.050s][info][gc,metaspace] GC(58) Metaspace: 237K(448K)->237K(448K) NonClass: 222K(320K)->222K(320K) Class: 14K(128K)->14K(128K)
[2026-03-23T15:42:11.375+0900][10.050s][info][gc          ] GC(58) Pause Young (Allocation Failure) 267M->238M(274M) 3.767ms
[2026-03-23T15:42:11.375+0900][10.050s][info][gc,cpu      ] GC(58) User=0.00s Sys=0.00s Real=0.00s
[2026-03-23T15:42:11.487+0900][10.162s][info][gc,start    ] GC(59) Pause Young (Allocation Failure)
[2026-03-23T15:42:11.489+0900][10.164s][info][gc,heap     ] GC(59) PSYoungGen: 32943K(36864K)->3648K(36864K) Eden: 30831K(31232K)->0K(31232K) From: 2112K(5632K)->3648K(5632K)
[2026-03-23T15:42:11.489+0900][10.164s][info][gc,heap     ] GC(59) ParOldGen: 242407K(243712K)->243959K(245248K)
[2026-03-23T15:42:11.489+0900][10.164s][info][gc,metaspace] GC(59) Metaspace: 237K(448K)->237K(448K) NonClass: 222K(320K)->222K(320K) Class: 14K(128K)->14K(128K)
[2026-03-23T15:42:11.489+0900][10.164s][info][gc          ] GC(59) Pause Young (Allocation Failure) 268M->241M(275M) 2.289ms
[2026-03-23T15:42:11.489+0900][10.164s][info][gc,cpu      ] GC(59) User=0.00s Sys=0.00s Real=0.00s
[2026-03-23T15:42:11.605+0900][10.280s][info][gc,start    ] GC(60) Pause Young (Allocation Failure)
[2026-03-23T15:42:11.608+0900][10.283s][info][gc,heap     ] GC(60) PSYoungGen: 34479K(36864K)->3648K(35328K) Eden: 30831K(31232K)->0K(31232K) From: 3648K(5632K)->3648K(4096K)
[2026-03-23T15:42:11.608+0900][10.283s][info][gc,heap     ] GC(60) ParOldGen: 243959K(245248K)->247056K(248320K)
[2026-03-23T15:42:11.608+0900][10.283s][info][gc,metaspace] GC(60) Metaspace: 237K(448K)->237K(448K) NonClass: 222K(320K)->222K(320K) Class: 14K(128K)->14K(128K)
[2026-03-23T15:42:11.608+0900][10.283s][info][gc          ] GC(60) Pause Young (Allocation Failure) 271M->244M(277M) 2.702ms
[2026-03-23T15:42:11.608+0900][10.283s][info][gc,cpu      ] GC(60) User=0.00s Sys=0.00s Real=0.00s
[2026-03-23T15:42:11.734+0900][10.409s][info][gc,start    ] GC(61) Pause Young (Allocation Failure)
[2026-03-23T15:42:11.736+0900][10.411s][info][gc,heap     ] GC(61) PSYoungGen: 34479K(35328K)->3680K(36352K) Eden: 30831K(31232K)->0K(31232K) From: 3648K(4096K)->3680K(5120K)
[2026-03-23T15:42:11.736+0900][10.411s][info][gc,heap     ] GC(61) ParOldGen: 247056K(248320K)->250160K(251392K)
[2026-03-23T15:42:11.736+0900][10.411s][info][gc,metaspace] GC(61) Metaspace: 237K(448K)->237K(448K) NonClass: 222K(320K)->222K(320K) Class: 14K(128K)->14K(128K)
[2026-03-23T15:42:11.736+0900][10.411s][info][gc          ] GC(61) Pause Young (Allocation Failure) 274M->247M(281M) 2.104ms
[2026-03-23T15:42:11.736+0900][10.411s][info][gc,cpu      ] GC(61) User=0.01s Sys=0.00s Real=0.00s
[2026-03-23T15:42:11.853+0900][10.527s][info][gc,start    ] GC(62) Pause Young (Allocation Failure)
[2026-03-23T15:42:11.855+0900][10.530s][info][gc,heap     ] GC(62) PSYoungGen: 34511K(36352K)->3680K(36352K) Eden: 30831K(31232K)->0K(31232K) From: 3680K(5120K)->3680K(5120K)
[2026-03-23T15:42:11.855+0900][10.530s][info][gc,heap     ] GC(62) ParOldGen: 250160K(251392K)->253264K(254464K)
[2026-03-23T15:42:11.855+0900][10.530s][info][gc,metaspace] GC(62) Metaspace: 237K(448K)->237K(448K) NonClass: 222K(320K)->222K(320K) Class: 14K(128K)->14K(128K)
[2026-03-23T15:42:11.855+0900][10.530s][info][gc          ] GC(62) Pause Young (Allocation Failure) 277M->250M(284M) 2.300ms
[2026-03-23T15:42:11.855+0900][10.530s][info][gc,cpu      ] GC(62) User=0.01s Sys=0.00s Real=0.00s
[2026-03-23T15:42:11.969+0900][10.644s][info][gc,start    ] GC(63) Pause Young (Allocation Failure)
[2026-03-23T15:42:11.972+0900][10.647s][info][gc,heap     ] GC(63) PSYoungGen: 34511K(36352K)->3648K(36352K) Eden: 30831K(31232K)->0K(31232K) From: 3680K(5120K)->3648K(5120K)
[2026-03-23T15:42:11.972+0900][10.647s][info][gc,heap     ] GC(63) ParOldGen: 253264K(254464K)->256360K(257024K)
[2026-03-23T15:42:11.972+0900][10.647s][info][gc,metaspace] GC(63) Metaspace: 237K(448K)->237K(448K) NonClass: 222K(320K)->222K(320K) Class: 14K(128K)->14K(128K)
[2026-03-23T15:42:11.972+0900][10.647s][info][gc          ] GC(63) Pause Young (Allocation Failure) 281M->253M(286M) 2.352ms
[2026-03-23T15:42:11.972+0900][10.647s][info][gc,cpu      ] GC(63) User=0.01s Sys=0.00s Real=0.01s
[2026-03-23T15:42:12.091+0900][10.765s][info][gc,start    ] GC(64) Pause Young (Allocation Failure)
[2026-03-23T15:42:12.092+0900][10.767s][info][gc,heap     ] GC(64) PSYoungGen: 34479K(36352K)->3168K(36352K) Eden: 30831K(31232K)->0K(31232K) From: 3648K(5120K)->3168K(5120K)
[2026-03-23T15:42:12.092+0900][10.767s][info][gc,heap     ] GC(64) ParOldGen: 256360K(257024K)->258440K(259584K)
[2026-03-23T15:42:12.092+0900][10.767s][info][gc,metaspace] GC(64) Metaspace: 237K(448K)->237K(448K) NonClass: 222K(320K)->222K(320K) Class: 14K(128K)->14K(128K)
[2026-03-23T15:42:12.092+0900][10.767s][info][gc          ] GC(64) Pause Young (Allocation Failure) 284M->255M(289M) 1.579ms
[2026-03-23T15:42:12.092+0900][10.767s][info][gc,cpu      ] GC(64) User=0.00s Sys=0.00s Real=0.00s
[2026-03-23T15:42:12.205+0900][10.880s][info][gc,start    ] GC(65) Pause Young (Allocation Failure)
[2026-03-23T15:42:12.206+0900][10.881s][info][gc,heap     ] GC(65) PSYoungGen: 33999K(36352K)->3680K(36352K) Eden: 30831K(31232K)->0K(31232K) From: 3168K(5120K)->3680K(5120K)
[2026-03-23T15:42:12.206+0900][10.881s][info][gc,heap     ] GC(65) ParOldGen: 258440K(259584K)->261024K(261120K)
[2026-03-23T15:42:12.206+0900][10.881s][info][gc,metaspace] GC(65) Metaspace: 237K(448K)->237K(448K) NonClass: 222K(320K)->222K(320K) Class: 14K(128K)->14K(128K)
[2026-03-23T15:42:12.207+0900][10.881s][info][gc          ] GC(65) Pause Young (Allocation Failure) 285M->258M(290M) 1.635ms
[2026-03-23T15:42:12.207+0900][10.881s][info][gc,cpu      ] GC(65) User=0.00s Sys=0.00s Real=0.00s
[2026-03-23T15:42:12.316+0900][10.991s][info][gc,start    ] GC(66) Pause Young (Allocation Failure)
[2026-03-23T15:42:12.318+0900][10.993s][info][gc,heap     ] GC(66) PSYoungGen: 34511K(36352K)->3680K(35328K) Eden: 30831K(31232K)->0K(31232K) From: 3680K(5120K)->3680K(4096K)
[2026-03-23T15:42:12.318+0900][10.993s][info][gc,heap     ] GC(66) ParOldGen: 261024K(261120K)->264128K(265216K)
[2026-03-23T15:42:12.318+0900][10.993s][info][gc,metaspace] GC(66) Metaspace: 237K(448K)->237K(448K) NonClass: 222K(320K)->222K(320K) Class: 14K(128K)->14K(128K)
[2026-03-23T15:42:12.318+0900][10.993s][info][gc          ] GC(66) Pause Young (Allocation Failure) 288M->261M(293M) 2.183ms
[2026-03-23T15:42:12.318+0900][10.993s][info][gc,cpu      ] GC(66) User=0.00s Sys=0.01s Real=0.00s
[2026-03-23T15:42:12.435+0900][11.110s][info][gc,start    ] GC(67) Pause Young (Allocation Failure)
[2026-03-23T15:42:12.437+0900][11.112s][info][gc,heap     ] GC(67) PSYoungGen: 34511K(35328K)->3648K(35840K) Eden: 30831K(31232K)->0K(31232K) From: 3680K(4096K)->3648K(4608K)
[2026-03-23T15:42:12.437+0900][11.112s][info][gc,heap     ] GC(67) ParOldGen: 264128K(265216K)->267224K(268288K)
[2026-03-23T15:42:12.437+0900][11.112s][info][gc,metaspace] GC(67) Metaspace: 237K(448K)->237K(448K) NonClass: 222K(320K)->222K(320K) Class: 14K(128K)->14K(128K)
[2026-03-23T15:42:12.437+0900][11.112s][info][gc          ] GC(67) Pause Young (Allocation Failure) 291M->264M(297M) 1.836ms
[2026-03-23T15:42:12.437+0900][11.112s][info][gc,cpu      ] GC(67) User=0.01s Sys=0.00s Real=0.00s
[2026-03-23T15:42:12.554+0900][11.229s][info][gc,start    ] GC(68) Pause Young (Allocation Failure)
[2026-03-23T15:42:12.557+0900][11.231s][info][gc,heap     ] GC(68) PSYoungGen: 34479K(35840K)->3648K(35840K) Eden: 30831K(31232K)->0K(31232K) From: 3648K(4608K)->3648K(4608K)
[2026-03-23T15:42:12.557+0900][11.232s][info][gc,heap     ] GC(68) ParOldGen: 267224K(268288K)->270320K(271360K)
[2026-03-23T15:42:12.557+0900][11.232s][info][gc,metaspace] GC(68) Metaspace: 237K(448K)->237K(448K) NonClass: 222K(320K)->222K(320K) Class: 14K(128K)->14K(128K)
[2026-03-23T15:42:12.557+0900][11.232s][info][gc          ] GC(68) Pause Young (Allocation Failure) 294M->267M(300M) 2.787ms
[2026-03-23T15:42:12.557+0900][11.232s][info][gc,cpu      ] GC(68) User=0.01s Sys=0.00s Real=0.00s
[2026-03-23T15:42:12.677+0900][11.352s][info][gc,start    ] GC(69) Pause Young (Allocation Failure)
[2026-03-23T15:42:12.681+0900][11.356s][info][gc,heap     ] GC(69) PSYoungGen: 34479K(35840K)->2144K(35840K) Eden: 30831K(31232K)->0K(31232K) From: 3648K(4608K)->2144K(4608K)
[2026-03-23T15:42:12.681+0900][11.356s][info][gc,heap     ] GC(69) ParOldGen: 270320K(271360K)->273408K(274432K)
[2026-03-23T15:42:12.681+0900][11.356s][info][gc,metaspace] GC(69) Metaspace: 237K(448K)->237K(448K) NonClass: 222K(320K)->222K(320K) Class: 14K(128K)->14K(128K)
[2026-03-23T15:42:12.682+0900][11.356s][info][gc          ] GC(69) Pause Young (Allocation Failure) 297M->269M(303M) 4.639ms
[2026-03-23T15:42:12.682+0900][11.357s][info][gc,cpu      ] GC(69) User=0.01s Sys=0.00s Real=0.01s
[2026-03-23T15:42:12.795+0900][11.470s][info][gc,start    ] GC(70) Pause Young (Allocation Failure)
[2026-03-23T15:42:12.797+0900][11.472s][info][gc,heap     ] GC(70) PSYoungGen: 32975K(35840K)->3712K(35840K) Eden: 30831K(31232K)->0K(31232K) From: 2144K(4608K)->3712K(4608K)
[2026-03-23T15:42:12.798+0900][11.472s][info][gc,heap     ] GC(70) ParOldGen: 273408K(274432K)->274960K(275968K)
[2026-03-23T15:42:12.798+0900][11.472s][info][gc,metaspace] GC(70) Metaspace: 237K(448K)->237K(448K) NonClass: 222K(320K)->222K(320K) Class: 14K(128K)->14K(128K)
[2026-03-23T15:42:12.798+0900][11.472s][info][gc          ] GC(70) Pause Young (Allocation Failure) 299M->272M(304M) 2.823ms
[2026-03-23T15:42:12.798+0900][11.472s][info][gc,cpu      ] GC(70) User=0.01s Sys=0.00s Real=0.00s
[2026-03-23T15:42:12.914+0900][11.589s][info][gc,start    ] GC(71) Pause Young (Allocation Failure)
[2026-03-23T15:42:12.917+0900][11.591s][info][gc,heap     ] GC(71) PSYoungGen: 34543K(35840K)->3712K(35840K) Eden: 30831K(31232K)->0K(31232K) From: 3712K(4608K)->3712K(4608K)
[2026-03-23T15:42:12.917+0900][11.592s][info][gc,heap     ] GC(71) ParOldGen: 274960K(275968K)->278056K(279040K)
[2026-03-23T15:42:12.917+0900][11.592s][info][gc,metaspace] GC(71) Metaspace: 237K(448K)->237K(448K) NonClass: 222K(320K)->222K(320K) Class: 14K(128K)->14K(128K)
[2026-03-23T15:42:12.917+0900][11.592s][info][gc          ] GC(71) Pause Young (Allocation Failure) 302M->275M(307M) 2.821ms
[2026-03-23T15:42:12.917+0900][11.592s][info][gc,cpu      ] GC(71) User=0.01s Sys=0.01s Real=0.00s
[2026-03-23T15:42:13.031+0900][11.706s][info][gc,start    ] GC(72) Pause Young (Allocation Failure)
[2026-03-23T15:42:13.034+0900][11.708s][info][gc,heap     ] GC(72) PSYoungGen: 34543K(35840K)->3712K(35840K) Eden: 30831K(31232K)->0K(31232K) From: 3712K(4608K)->3712K(4608K)
[2026-03-23T15:42:13.034+0900][11.708s][info][gc,heap     ] GC(72) ParOldGen: 278056K(279040K)->281161K(282112K)
[2026-03-23T15:42:13.034+0900][11.709s][info][gc,metaspace] GC(72) Metaspace: 237K(448K)->237K(448K) NonClass: 222K(320K)->222K(320K) Class: 14K(128K)->14K(128K)
[2026-03-23T15:42:13.034+0900][11.709s][info][gc          ] GC(72) Pause Young (Allocation Failure) 305M->278M(310M) 2.931ms
[2026-03-23T15:42:13.034+0900][11.709s][info][gc,cpu      ] GC(72) User=0.01s Sys=0.00s Real=0.00s
[2026-03-23T15:42:13.149+0900][11.824s][info][gc,start    ] GC(73) Pause Young (Allocation Failure)
[2026-03-23T15:42:13.152+0900][11.827s][info][gc,heap     ] GC(73) PSYoungGen: 34543K(35840K)->3648K(35840K) Eden: 30831K(31232K)->0K(31232K) From: 3712K(4608K)->3648K(4608K)
[2026-03-23T15:42:13.152+0900][11.827s][info][gc,heap     ] GC(73) ParOldGen: 281161K(282112K)->284257K(285184K)
[2026-03-23T15:42:13.152+0900][11.827s][info][gc,metaspace] GC(73) Metaspace: 237K(448K)->237K(448K) NonClass: 222K(320K)->222K(320K) Class: 14K(128K)->14K(128K)
[2026-03-23T15:42:13.152+0900][11.827s][info][gc          ] GC(73) Pause Young (Allocation Failure) 308M->281M(313M) 3.078ms
[2026-03-23T15:42:13.152+0900][11.827s][info][gc,cpu      ] GC(73) User=0.01s Sys=0.00s Real=0.01s
[2026-03-23T15:42:13.264+0900][11.939s][info][gc,start    ] GC(74) Pause Young (Allocation Failure)
[2026-03-23T15:42:13.267+0900][11.942s][info][gc,heap     ] GC(74) PSYoungGen: 34479K(35840K)->3680K(35840K) Eden: 30831K(31232K)->0K(31232K) From: 3648K(4608K)->3680K(4608K)
[2026-03-23T15:42:13.267+0900][11.942s][info][gc,heap     ] GC(74) ParOldGen: 284257K(285184K)->287369K(288256K)
[2026-03-23T15:42:13.267+0900][11.942s][info][gc,metaspace] GC(74) Metaspace: 237K(448K)->237K(448K) NonClass: 222K(320K)->222K(320K) Class: 14K(128K)->14K(128K)
[2026-03-23T15:42:13.267+0900][11.942s][info][gc          ] GC(74) Pause Young (Allocation Failure) 311M->284M(316M) 2.464ms
[2026-03-23T15:42:13.267+0900][11.942s][info][gc,cpu      ] GC(74) User=0.00s Sys=0.00s Real=0.00s
[2026-03-23T15:42:13.386+0900][12.061s][info][gc,start    ] GC(75) Pause Young (Allocation Failure)
[2026-03-23T15:42:13.388+0900][12.063s][info][gc,heap     ] GC(75) PSYoungGen: 34511K(35840K)->3136K(35840K) Eden: 30831K(31232K)->0K(31232K) From: 3680K(4608K)->3136K(4608K)
[2026-03-23T15:42:13.388+0900][12.063s][info][gc,heap     ] GC(75) ParOldGen: 287369K(288256K)->289441K(289792K)
[2026-03-23T15:42:13.388+0900][12.063s][info][gc,metaspace] GC(75) Metaspace: 237K(448K)->237K(448K) NonClass: 222K(320K)->222K(320K) Class: 14K(128K)->14K(128K)
[2026-03-23T15:42:13.388+0900][12.063s][info][gc          ] GC(75) Pause Young (Allocation Failure) 314M->285M(318M) 2.596ms
[2026-03-23T15:42:13.389+0900][12.063s][info][gc,cpu      ] GC(75) User=0.00s Sys=0.01s Real=0.00s
[2026-03-23T15:42:13.501+0900][12.176s][info][gc,start    ] GC(76) Pause Young (Allocation Failure)
[2026-03-23T15:42:13.504+0900][12.178s][info][gc,heap     ] GC(76) PSYoungGen: 33967K(35840K)->3680K(35840K) Eden: 30831K(31232K)->0K(31232K) From: 3136K(4608K)->3680K(4608K)
[2026-03-23T15:42:13.504+0900][12.178s][info][gc,heap     ] GC(76) ParOldGen: 289441K(289792K)->292025K(292864K)
[2026-03-23T15:42:13.504+0900][12.178s][info][gc,metaspace] GC(76) Metaspace: 237K(448K)->237K(448K) NonClass: 222K(320K)->222K(320K) Class: 14K(128K)->14K(128K)
[2026-03-23T15:42:13.504+0900][12.179s][info][gc          ] GC(76) Pause Young (Allocation Failure) 315M->288M(321M) 2.739ms
[2026-03-23T15:42:13.504+0900][12.179s][info][gc,cpu      ] GC(76) User=0.01s Sys=0.00s Real=0.00s
[2026-03-23T15:42:13.620+0900][12.295s][info][gc,start    ] GC(77) Pause Young (Allocation Failure)
[2026-03-23T15:42:13.622+0900][12.297s][info][gc,heap     ] GC(77) PSYoungGen: 34511K(35840K)->3616K(35840K) Eden: 30831K(31232K)->0K(31232K) From: 3680K(4608K)->3616K(4608K)
[2026-03-23T15:42:13.622+0900][12.297s][info][gc,heap     ] GC(77) ParOldGen: 292025K(292864K)->295121K(295936K)
[2026-03-23T15:42:13.622+0900][12.297s][info][gc,metaspace] GC(77) Metaspace: 237K(448K)->237K(448K) NonClass: 222K(320K)->222K(320K) Class: 14K(128K)->14K(128K)
[2026-03-23T15:42:13.622+0900][12.297s][info][gc          ] GC(77) Pause Young (Allocation Failure) 318M->291M(324M) 2.546ms
[2026-03-23T15:42:13.622+0900][12.297s][info][gc,cpu      ] GC(77) User=0.01s Sys=0.00s Real=0.00s
[2026-03-23T15:42:13.739+0900][12.414s][info][gc,start    ] GC(78) Pause Young (Allocation Failure)
[2026-03-23T15:42:13.742+0900][12.416s][info][gc,heap     ] GC(78) PSYoungGen: 34447K(35840K)->3680K(35840K) Eden: 30831K(31232K)->0K(31232K) From: 3616K(4608K)->3680K(4608K)
[2026-03-23T15:42:13.742+0900][12.417s][info][gc,heap     ] GC(78) ParOldGen: 295121K(295936K)->298225K(299008K)
[2026-03-23T15:42:13.742+0900][12.417s][info][gc,metaspace] GC(78) Metaspace: 237K(448K)->237K(448K) NonClass: 222K(320K)->222K(320K) Class: 14K(128K)->14K(128K)
[2026-03-23T15:42:13.742+0900][12.417s][info][gc          ] GC(78) Pause Young (Allocation Failure) 321M->294M(327M) 3.089ms
[2026-03-23T15:42:13.742+0900][12.417s][info][gc,cpu      ] GC(78) User=0.01s Sys=0.00s Real=0.01s
[2026-03-23T15:42:13.859+0900][12.534s][info][gc,start    ] GC(79) Pause Young (Allocation Failure)
[2026-03-23T15:42:13.861+0900][12.536s][info][gc,heap     ] GC(79) PSYoungGen: 34511K(35840K)->3680K(35840K) Eden: 30831K(31232K)->0K(31232K) From: 3680K(4608K)->3680K(4608K)
[2026-03-23T15:42:13.861+0900][12.536s][info][gc,heap     ] GC(79) ParOldGen: 298225K(299008K)->301329K(301568K)
[2026-03-23T15:42:13.861+0900][12.536s][info][gc,metaspace] GC(79) Metaspace: 237K(448K)->237K(448K) NonClass: 222K(320K)->222K(320K) Class: 14K(128K)->14K(128K)
[2026-03-23T15:42:13.861+0900][12.536s][info][gc          ] GC(79) Pause Young (Allocation Failure) 324M->297M(329M) 2.227ms
[2026-03-23T15:42:13.861+0900][12.536s][info][gc,cpu      ] GC(79) User=0.01s Sys=0.00s Real=0.01s
[2026-03-23T15:42:13.982+0900][12.657s][info][gc,start    ] GC(80) Pause Young (Allocation Failure)
[2026-03-23T15:42:13.985+0900][12.660s][info][gc,heap     ] GC(80) PSYoungGen: 34511K(35840K)->2112K(35840K) Eden: 30831K(31232K)->0K(31232K) From: 3680K(4608K)->2112K(4608K)
[2026-03-23T15:42:13.985+0900][12.660s][info][gc,heap     ] GC(80) ParOldGen: 301329K(301568K)->304425K(305664K)
[2026-03-23T15:42:13.985+0900][12.660s][info][gc,metaspace] GC(80) Metaspace: 237K(448K)->237K(448K) NonClass: 222K(320K)->222K(320K) Class: 14K(128K)->14K(128K)
[2026-03-23T15:42:13.985+0900][12.660s][info][gc          ] GC(80) Pause Young (Allocation Failure) 327M->299M(333M) 2.894ms
[2026-03-23T15:42:13.985+0900][12.660s][info][gc,cpu      ] GC(80) User=0.01s Sys=0.01s Real=0.00s
[2026-03-23T15:42:14.100+0900][12.775s][info][gc,start    ] GC(81) Pause Young (Allocation Failure)
[2026-03-23T15:42:14.103+0900][12.778s][info][gc,heap     ] GC(81) PSYoungGen: 32943K(35840K)->3680K(35840K) Eden: 30831K(31232K)->0K(31232K) From: 2112K(4608K)->3680K(4608K)
[2026-03-23T15:42:14.103+0900][12.778s][info][gc,heap     ] GC(81) ParOldGen: 304425K(305664K)->305977K(307200K)
[2026-03-23T15:42:14.103+0900][12.778s][info][gc,metaspace] GC(81) Metaspace: 237K(448K)->237K(448K) NonClass: 222K(320K)->222K(320K) Class: 14K(128K)->14K(128K)
[2026-03-23T15:42:14.103+0900][12.778s][info][gc          ] GC(81) Pause Young (Allocation Failure) 329M->302M(335M) 3.158ms
[2026-03-23T15:42:14.103+0900][12.778s][info][gc,cpu      ] GC(81) User=0.01s Sys=0.00s Real=0.00s
[2026-03-23T15:42:14.214+0900][12.889s][info][gc,start    ] GC(82) Pause Young (Allocation Failure)
[2026-03-23T15:42:14.216+0900][12.891s][info][gc,heap     ] GC(82) PSYoungGen: 34511K(35840K)->3712K(35840K) Eden: 30831K(31232K)->0K(31232K) From: 3680K(4608K)->3712K(4608K)
[2026-03-23T15:42:14.216+0900][12.891s][info][gc,heap     ] GC(82) ParOldGen: 305977K(307200K)->309081K(310272K)
[2026-03-23T15:42:14.216+0900][12.891s][info][gc,metaspace] GC(82) Metaspace: 237K(448K)->237K(448K) NonClass: 222K(320K)->222K(320K) Class: 14K(128K)->14K(128K)
[2026-03-23T15:42:14.216+0900][12.891s][info][gc          ] GC(82) Pause Young (Allocation Failure) 332M->305M(338M) 2.162ms
[2026-03-23T15:42:14.216+0900][12.891s][info][gc,cpu      ] GC(82) User=0.01s Sys=0.00s Real=0.00s
[2026-03-23T15:42:14.242+0900][12.917s][info][gc,heap,exit] Heap
[2026-03-23T15:42:14.242+0900][12.917s][info][gc,heap,exit]  PSYoungGen      total 35840K, used 10079K [0x000000059fd80000, 0x00000005a2500000, 0x00000005aa800000)
[2026-03-23T15:42:14.242+0900][12.917s][info][gc,heap,exit]   eden space 31232K, 20% used [0x000000059fd80000,0x00000005a03b7d60,0x00000005a1c00000)
[2026-03-23T15:42:14.242+0900][12.917s][info][gc,heap,exit]   from space 4608K, 80% used [0x00000005a1c00000,0x00000005a1fa0078,0x00000005a2080000)
[2026-03-23T15:42:14.242+0900][12.917s][info][gc,heap,exit]   to   space 4608K, 0% used [0x00000005a2080000,0x00000005a2080000,0x00000005a2500000)
[2026-03-23T15:42:14.242+0900][12.917s][info][gc,heap,exit]  ParOldGen       total 310272K, used 309081K [0x000000058a800000, 0x000000059d700000, 0x000000059fd80000)
[2026-03-23T15:42:14.242+0900][12.917s][info][gc,heap,exit]   object space 310272K, 99% used [0x000000058a800000,0x000000059d5d6790,0x000000059d700000)
[2026-03-23T15:42:14.242+0900][12.917s][info][gc,heap,exit]  Metaspace       used 238K, committed 448K, reserved 1114112K
[2026-03-23T15:42:14.243+0900][12.917s][info][gc,heap,exit]   class space    used 15K, committed 128K, reserved 1048576K
