[2026-03-23T15:41:48.212+0900][0.003s][info][gc,init] CardTable entry size: 512
[2026-03-23T15:41:48.212+0900][0.003s][info][gc     ] Using Parallel
[2026-03-23T15:41:48.212+0900][0.003s][info][gc,init] Version: 21.0.9+10-LTS (release)
[2026-03-23T15:41:48.212+0900][0.003s][info][gc,init] CPUs: 14 total, 14 available
[2026-03-23T15:41:48.212+0900][0.003s][info][gc,init] Memory: 49152M
[2026-03-23T15:41:48.212+0900][0.003s][info][gc,init] Large Page Support: Disabled
[2026-03-23T15:41:48.212+0900][0.003s][info][gc,init] NUMA Support: Disabled
[2026-03-23T15:41:48.212+0900][0.003s][info][gc,init] Compressed Oops: Enabled (Zero based)
[2026-03-23T15:41:48.212+0900][0.003s][info][gc,init] Alignments: Space 512K, Generation 512K, Heap 8M
[2026-03-23T15:41:48.212+0900][0.003s][info][gc,init] Heap Min Capacity: 256M
[2026-03-23T15:41:48.212+0900][0.003s][info][gc,init] Heap Initial Capacity: 256M
[2026-03-23T15:41:48.212+0900][0.003s][info][gc,init] Heap Max Capacity: 512M
[2026-03-23T15:41:48.212+0900][0.003s][info][gc,init] Pre-touch: Disabled
[2026-03-23T15:41:48.212+0900][0.003s][info][gc,init] Parallel Workers: 1
[2026-03-23T15:41:48.215+0900][0.006s][info][gc,metaspace] CDS archive(s) mapped at: [0x0000007000000000-0x0000007000c9c000-0x0000007000c9c000), size 13221888, SharedBaseAddress: 0x0000007000000000, ArchiveRelocationMode: 1.
[2026-03-23T15:41:48.215+0900][0.006s][info][gc,metaspace] Compressed class space mapped at: 0x0000007001000000-0x0000007041000000, reserved size: 1073741824
[2026-03-23T15:41:48.215+0900][0.006s][info][gc,metaspace] Narrow klass base: 0x0000007000000000, Narrow klass shift: 0, Narrow klass range: 0x100000000
[2026-03-23T15:41:48.437+0900][0.229s][info][gc,start    ] GC(0) Pause Young (Allocation Failure)
[2026-03-23T15:41:48.439+0900][0.231s][info][gc,heap     ] GC(0) PSYoungGen: 64923K(76288K)->8368K(76288K) Eden: 64923K(65536K)->0K(65536K) From: 0K(10752K)->8368K(10752K)
[2026-03-23T15:41:48.439+0900][0.231s][info][gc,heap     ] GC(0) ParOldGen: 1056K(175104K)->1056K(175104K)
[2026-03-23T15:41:48.439+0900][0.231s][info][gc,metaspace] GC(0) Metaspace: 215K(384K)->215K(384K) NonClass: 201K(256K)->201K(256K) Class: 14K(128K)->14K(128K)
[2026-03-23T15:41:48.439+0900][0.231s][info][gc          ] GC(0) Pause Young (Allocation Failure) 64M->9M(245M) 2.171ms
[2026-03-23T15:41:48.439+0900][0.231s][info][gc,cpu      ] GC(0) User=0.00s Sys=0.00s Real=0.00s
[2026-03-23T15:41:48.683+0900][0.474s][info][gc,start    ] GC(1) Pause Young (Allocation Failure)
[2026-03-23T15:41:48.686+0900][0.477s][info][gc,heap     ] GC(1) PSYoungGen: 73102K(76288K)->10416K(76288K) Eden: 64734K(65536K)->0K(65536K) From: 8368K(10752K)->10416K(10752K)
[2026-03-23T15:41:48.686+0900][0.477s][info][gc,heap     ] GC(1) ParOldGen: 1056K(175104K)->5152K(175104K)
[2026-03-23T15:41:48.686+0900][0.478s][info][gc,metaspace] GC(1) Metaspace: 216K(384K)->216K(384K) NonClass: 202K(256K)->202K(256K) Class: 14K(128K)->14K(128K)
[2026-03-23T15:41:48.686+0900][0.478s][info][gc          ] GC(1) Pause Young (Allocation Failure) 72M->15M(245M) 3.461ms
[2026-03-23T15:41:48.686+0900][0.478s][info][gc,cpu      ] GC(1) User=0.00s Sys=0.00s Real=0.00s
[2026-03-23T15:41:48.934+0900][0.726s][info][gc,start    ] GC(2) Pause Young (Allocation Failure)
[2026-03-23T15:41:48.938+0900][0.729s][info][gc,heap     ] GC(2) PSYoungGen: 75171K(76288K)->10416K(76288K) Eden: 64755K(65536K)->0K(65536K) From: 10416K(10752K)->10416K(10752K)
[2026-03-23T15:41:48.938+0900][0.729s][info][gc,heap     ] GC(2) ParOldGen: 5152K(175104K)->10272K(175104K)
[2026-03-23T15:41:48.938+0900][0.729s][info][gc,metaspace] GC(2) Metaspace: 220K(384K)->220K(384K) NonClass: 205K(256K)->205K(256K) Class: 14K(128K)->14K(128K)
[2026-03-23T15:41:48.938+0900][0.729s][info][gc          ] GC(2) Pause Young (Allocation Failure) 78M->20M(245M) 3.237ms
[2026-03-23T15:41:48.938+0900][0.729s][info][gc,cpu      ] GC(2) User=0.00s Sys=0.00s Real=0.00s
[2026-03-23T15:41:49.179+0900][0.970s][info][gc,start    ] GC(3) Pause Young (Allocation Failure)
[2026-03-23T15:41:49.184+0900][0.975s][info][gc,heap     ] GC(3) PSYoungGen: 75185K(76288K)->10416K(141824K) Eden: 64769K(65536K)->0K(131072K) From: 10416K(10752K)->10416K(10752K)
[2026-03-23T15:41:49.184+0900][0.975s][info][gc,heap     ] GC(3) ParOldGen: 10272K(175104K)->16929K(175104K)
[2026-03-23T15:41:49.184+0900][0.976s][info][gc,metaspace] GC(3) Metaspace: 223K(384K)->223K(384K) NonClass: 208K(256K)->208K(256K) Class: 14K(128K)->14K(128K)
[2026-03-23T15:41:49.184+0900][0.976s][info][gc          ] GC(3) Pause Young (Allocation Failure) 83M->26M(309M) 5.198ms
[2026-03-23T15:41:49.184+0900][0.976s][info][gc,cpu      ] GC(3) User=0.00s Sys=0.01s Real=0.01s
[2026-03-23T15:41:49.681+0900][1.473s][info][gc,start    ] GC(4) Pause Young (Allocation Failure)
[2026-03-23T15:41:49.688+0900][1.480s][info][gc,heap     ] GC(4) PSYoungGen: 141488K(141824K)->10416K(141824K) Eden: 131072K(131072K)->0K(131072K) From: 10416K(10752K)->10416K(10752K)
[2026-03-23T15:41:49.688+0900][1.480s][info][gc,heap     ] GC(4) ParOldGen: 16929K(175104K)->29729K(175104K)
[2026-03-23T15:41:49.688+0900][1.480s][info][gc,metaspace] GC(4) Metaspace: 228K(384K)->228K(384K) NonClass: 213K(256K)->213K(256K) Class: 14K(128K)->14K(128K)
[2026-03-23T15:41:49.688+0900][1.480s][info][gc          ] GC(4) Pause Young (Allocation Failure) 154M->39M(309M) 7.277ms
[2026-03-23T15:41:49.689+0900][1.480s][info][gc,cpu      ] GC(4) User=0.01s Sys=0.00s Real=0.00s
[2026-03-23T15:41:50.177+0900][1.968s][info][gc,start    ] GC(5) Pause Young (Allocation Failure)
[2026-03-23T15:41:50.183+0900][1.975s][info][gc,heap     ] GC(5) PSYoungGen: 141488K(141824K)->11440K(161792K) Eden: 131072K(131072K)->0K(150016K) From: 10416K(10752K)->11440K(11776K)
[2026-03-23T15:41:50.183+0900][1.975s][info][gc,heap     ] GC(5) ParOldGen: 29729K(175104K)->40993K(175104K)
[2026-03-23T15:41:50.183+0900][1.975s][info][gc,metaspace] GC(5) Metaspace: 235K(448K)->235K(448K) NonClass: 221K(320K)->221K(320K) Class: 14K(128K)->14K(128K)
[2026-03-23T15:41:50.183+0900][1.975s][info][gc          ] GC(5) Pause Young (Allocation Failure) 167M->51M(329M) 6.476ms
[2026-03-23T15:41:50.183+0900][1.975s][info][gc,cpu      ] GC(5) User=0.00s Sys=0.01s Real=0.01s
[2026-03-23T15:41:50.743+0900][2.534s][info][gc,start    ] GC(6) Pause Young (Allocation Failure)
[2026-03-23T15:41:50.749+0900][2.541s][info][gc,heap     ] GC(6) PSYoungGen: 161351K(161792K)->11808K(162304K) Eden: 149911K(150016K)->0K(150016K) From: 11440K(11776K)->11808K(12288K)
[2026-03-23T15:41:50.749+0900][2.541s][info][gc,heap     ] GC(6) ParOldGen: 40993K(175104K)->54986K(175104K)
[2026-03-23T15:41:50.749+0900][2.541s][info][gc,metaspace] GC(6) Metaspace: 235K(448K)->235K(448K) NonClass: 221K(320K)->221K(320K) Class: 14K(128K)->14K(128K)
[2026-03-23T15:41:50.749+0900][2.541s][info][gc          ] GC(6) Pause Young (Allocation Failure) 197M->65M(329M) 6.869ms
[2026-03-23T15:41:50.749+0900][2.541s][info][gc,cpu      ] GC(6) User=0.01s Sys=0.00s Real=0.00s
[2026-03-23T15:41:51.315+0900][3.107s][info][gc,start    ] GC(7) Pause Young (Allocation Failure)
[2026-03-23T15:41:51.319+0900][3.111s][info][gc,heap     ] GC(7) PSYoungGen: 161207K(162304K)->11808K(160256K) Eden: 149398K(150016K)->0K(147968K) From: 11808K(12288K)->11808K(12288K)
[2026-03-23T15:41:51.320+0900][3.111s][info][gc,heap     ] GC(7) ParOldGen: 54986K(175104K)->68818K(175104K)
[2026-03-23T15:41:51.320+0900][3.111s][info][gc,metaspace] GC(7) Metaspace: 235K(448K)->235K(448K) NonClass: 221K(320K)->221K(320K) Class: 14K(128K)->14K(128K)
[2026-03-23T15:41:51.320+0900][3.111s][info][gc          ] GC(7) Pause Young (Allocation Failure) 211M->78M(327M) 4.497ms
[2026-03-23T15:41:51.320+0900][3.111s][info][gc,cpu      ] GC(7) User=0.00s Sys=0.00s Real=0.01s
[2026-03-23T15:41:51.871+0900][3.662s][info][gc,start    ] GC(8) Pause Young (Allocation Failure)
[2026-03-23T15:41:51.876+0900][3.667s][info][gc,heap     ] GC(8) PSYoungGen: 159641K(160256K)->12832K(161280K) Eden: 147832K(147968K)->0K(147968K) From: 11808K(12288K)->12832K(13312K)
[2026-03-23T15:41:51.876+0900][3.667s][info][gc,heap     ] GC(8) ParOldGen: 68818K(175104K)->82139K(175104K)
[2026-03-23T15:41:51.876+0900][3.667s][info][gc,metaspace] GC(8) Metaspace: 235K(448K)->235K(448K) NonClass: 221K(320K)->221K(320K) Class: 14K(128K)->14K(128K)
[2026-03-23T15:41:51.876+0900][3.667s][info][gc          ] GC(8) Pause Young (Allocation Failure) 223M->92M(328M) 5.174ms
[2026-03-23T15:41:51.876+0900][3.667s][info][gc,cpu      ] GC(8) User=0.01s Sys=0.00s Real=0.00s
[2026-03-23T15:41:52.435+0900][4.226s][info][gc,start    ] GC(9) Pause Young (Allocation Failure)
[2026-03-23T15:41:52.439+0900][4.231s][info][gc,heap     ] GC(9) PSYoungGen: 160671K(161280K)->12832K(159232K) Eden: 147839K(147968K)->0K(145920K) From: 12832K(13312K)->12832K(13312K)
[2026-03-23T15:41:52.439+0900][4.231s][info][gc,heap     ] GC(9) ParOldGen: 82139K(175104K)->96483K(175104K)
[2026-03-23T15:41:52.439+0900][4.231s][info][gc,metaspace] GC(9) Metaspace: 235K(448K)->235K(448K) NonClass: 221K(320K)->221K(320K) Class: 14K(128K)->14K(128K)
[2026-03-23T15:41:52.439+0900][4.231s][info][gc          ] GC(9) Pause Young (Allocation Failure) 237M->106M(326M) 4.622ms
[2026-03-23T15:41:52.439+0900][4.231s][info][gc,cpu      ] GC(9) User=0.01s Sys=0.01s Real=0.00s
[2026-03-23T15:41:52.997+0900][4.788s][info][gc,start    ] GC(10) Pause Young (Allocation Failure)
[2026-03-23T15:41:53.002+0900][4.794s][info][gc,heap     ] GC(10) PSYoungGen: 158587K(159232K)->12320K(154112K) Eden: 145755K(145920K)->0K(141312K) From: 12832K(13312K)->12320K(12800K)
[2026-03-23T15:41:53.002+0900][4.794s][info][gc,heap     ] GC(10) ParOldGen: 96483K(175104K)->109291K(175104K)
[2026-03-23T15:41:53.002+0900][4.794s][info][gc,metaspace] GC(10) Metaspace: 235K(448K)->235K(448K) NonClass: 221K(320K)->221K(320K) Class: 14K(128K)->14K(128K)
[2026-03-23T15:41:53.002+0900][4.794s][info][gc          ] GC(10) Pause Young (Allocation Failure) 249M->118M(321M) 5.577ms
[2026-03-23T15:41:53.002+0900][4.794s][info][gc,cpu      ] GC(10) User=0.00s Sys=0.00s Real=0.01s
[2026-03-23T15:41:53.525+0900][5.316s][info][gc,start    ] GC(11) Pause Young (Allocation Failure)
[2026-03-23T15:41:53.530+0900][5.322s][info][gc,heap     ] GC(11) PSYoungGen: 152866K(154112K)->10784K(147968K) Eden: 140546K(141312K)->0K(136704K) From: 12320K(12800K)->10784K(11264K)
[2026-03-23T15:41:53.530+0900][5.322s][info][gc,heap     ] GC(11) ParOldGen: 109291K(175104K)->125172K(175104K)
[2026-03-23T15:41:53.530+0900][5.322s][info][gc,metaspace] GC(11) Metaspace: 235K(448K)->235K(448K) NonClass: 221K(320K)->221K(320K) Class: 14K(128K)->14K(128K)
[2026-03-23T15:41:53.530+0900][5.322s][info][gc          ] GC(11) Pause Young (Allocation Failure) 256M->132M(315M) 5.457ms
[2026-03-23T15:41:53.530+0900][5.322s][info][gc,cpu      ] GC(11) User=0.00s Sys=0.00s Real=0.01s
[2026-03-23T15:41:54.051+0900][5.843s][info][gc,start    ] GC(12) Pause Young (Allocation Failure)
[2026-03-23T15:41:54.053+0900][5.845s][info][gc,heap     ] GC(12) PSYoungGen: 147145K(147968K)->12320K(144896K) Eden: 136360K(136704K)->0K(132096K) From: 10784K(11264K)->12320K(12800K)
[2026-03-23T15:41:54.053+0900][5.845s][info][gc,heap     ] GC(12) ParOldGen: 125172K(175104K)->135932K(175104K)
[2026-03-23T15:41:54.053+0900][5.845s][info][gc,metaspace] GC(12) Metaspace: 237K(448K)->237K(448K) NonClass: 222K(320K)->222K(320K) Class: 14K(128K)->14K(128K)
[2026-03-23T15:41:54.053+0900][5.845s][info][gc          ] GC(12) Pause Young (Allocation Failure) 265M->144M(312M) 1.724ms
[2026-03-23T15:41:54.053+0900][5.845s][info][gc,cpu      ] GC(12) User=0.00s Sys=0.00s Real=0.00s
[2026-03-23T15:41:54.536+0900][6.328s][info][gc,start    ] GC(13) Pause Young (Allocation Failure)
[2026-03-23T15:41:54.542+0900][6.334s][info][gc,heap     ] GC(13) PSYoungGen: 143471K(144896K)->6176K(134656K) Eden: 131151K(132096K)->0K(128000K) From: 12320K(12800K)->6176K(6656K)
[2026-03-23T15:41:54.542+0900][6.334s][info][gc,heap     ] GC(13) ParOldGen: 135932K(175104K)->154885K(175104K)
[2026-03-23T15:41:54.542+0900][6.334s][info][gc,metaspace] GC(13) Metaspace: 237K(448K)->237K(448K) NonClass: 222K(320K)->222K(320K) Class: 14K(128K)->14K(128K)
[2026-03-23T15:41:54.542+0900][6.334s][info][gc          ] GC(13) Pause Young (Allocation Failure) 272M->157M(302M) 5.717ms
[2026-03-23T15:41:54.542+0900][6.334s][info][gc,cpu      ] GC(13) User=0.01s Sys=0.00s Real=0.01s
[2026-03-23T15:41:55.029+0900][6.821s][info][gc,start    ] GC(14) Pause Young (Allocation Failure)
[2026-03-23T15:41:55.033+0900][6.825s][info][gc,heap     ] GC(14) PSYoungGen: 134175K(134656K)->12320K(136704K) Eden: 127999K(128000K)->0K(123904K) From: 6176K(6656K)->12320K(12800K)
[2026-03-23T15:41:55.033+0900][6.825s][info][gc,heap     ] GC(14) ParOldGen: 154885K(175104K)->161037K(175104K)
[2026-03-23T15:41:55.033+0900][6.825s][info][gc,metaspace] GC(14) Metaspace: 237K(448K)->237K(448K) NonClass: 222K(320K)->222K(320K) Class: 14K(128K)->14K(128K)
[2026-03-23T15:41:55.033+0900][6.825s][info][gc          ] GC(14) Pause Young (Allocation Failure) 282M->169M(304M) 4.169ms
[2026-03-23T15:41:55.033+0900][6.825s][info][gc,cpu      ] GC(14) User=0.01s Sys=0.00s Real=0.01s
[2026-03-23T15:41:55.489+0900][7.280s][info][gc,start    ] GC(15) Pause Young (Allocation Failure)
[2026-03-23T15:41:55.494+0900][7.286s][info][gc,heap     ] GC(15) PSYoungGen: 135631K(136704K)->10272K(131072K) Eden: 123310K(123904K)->0K(120320K) From: 12320K(12800K)->10272K(10752K)
[2026-03-23T15:41:55.494+0900][7.286s][info][gc,heap     ] GC(15) ParOldGen: 161037K(175104K)->173845K(175104K)
[2026-03-23T15:41:55.494+0900][7.286s][info][gc,metaspace] GC(15) Metaspace: 237K(448K)->237K(448K) NonClass: 222K(320K)->222K(320K) Class: 14K(128K)->14K(128K)
[2026-03-23T15:41:55.494+0900][7.286s][info][gc          ] GC(15) Pause Young (Allocation Failure) 289M->179M(299M) 5.494ms
[2026-03-23T15:41:55.494+0900][7.286s][info][gc,cpu      ] GC(15) User=0.01s Sys=0.00s Real=0.01s
[2026-03-23T15:41:55.947+0900][7.739s][info][gc,start    ] GC(16) Pause Young (Allocation Failure)
[2026-03-23T15:41:55.952+0900][7.744s][info][gc,heap     ] GC(16) PSYoungGen: 130437K(131072K)->11296K(128512K) Eden: 120165K(120320K)->0K(116736K) From: 10272K(10752K)->11296K(11776K)
[2026-03-23T15:41:55.952+0900][7.744s][info][gc,heap     ] GC(16) ParOldGen: 173845K(175104K)->184094K(185344K)
[2026-03-23T15:41:55.952+0900][7.744s][info][gc,metaspace] GC(16) Metaspace: 237K(448K)->237K(448K) NonClass: 222K(320K)->222K(320K) Class: 14K(128K)->14K(128K)
[2026-03-23T15:41:55.952+0900][7.744s][info][gc          ] GC(16) Pause Young (Allocation Failure) 297M->190M(306M) 5.002ms
[2026-03-23T15:41:55.952+0900][7.744s][info][gc,cpu      ] GC(16) User=0.01s Sys=0.00s Real=0.01s
[2026-03-23T15:41:56.391+0900][8.182s][info][gc,start    ] GC(17) Pause Young (Allocation Failure)
[2026-03-23T15:41:56.395+0900][8.187s][info][gc,heap     ] GC(17) PSYoungGen: 127805K(128512K)->9248K(122880K) Eden: 116508K(116736K)->0K(113152K) From: 11296K(11776K)->9248K(9728K)
[2026-03-23T15:41:56.395+0900][8.187s][info][gc,heap     ] GC(17) ParOldGen: 184094K(185344K)->196390K(197120K)
[2026-03-23T15:41:56.395+0900][8.187s][info][gc,metaspace] GC(17) Metaspace: 237K(448K)->237K(448K) NonClass: 222K(320K)->222K(320K) Class: 14K(128K)->14K(128K)
[2026-03-23T15:41:56.395+0900][8.187s][info][gc          ] GC(17) Pause Young (Allocation Failure) 304M->200M(312M) 4.538ms
[2026-03-23T15:41:56.395+0900][8.187s][info][gc,cpu      ] GC(17) User=0.01s Sys=0.00s Real=0.00s
[2026-03-23T15:41:56.813+0900][8.605s][info][gc,start    ] GC(18) Pause Young (Allocation Failure)
[2026-03-23T15:41:56.818+0900][8.609s][info][gc,heap     ] GC(18) PSYoungGen: 122101K(122880K)->11296K(121856K) Eden: 112853K(113152K)->0K(110080K) From: 9248K(9728K)->11296K(11776K)
[2026-03-23T15:41:56.818+0900][8.609s][info][gc,heap     ] GC(18) ParOldGen: 196390K(197120K)->205614K(206336K)
[2026-03-23T15:41:56.818+0900][8.609s][info][gc,metaspace] GC(18) Metaspace: 237K(448K)->237K(448K) NonClass: 222K(320K)->222K(320K) Class: 14K(128K)->14K(128K)
[2026-03-23T15:41:56.818+0900][8.610s][info][gc          ] GC(18) Pause Young (Allocation Failure) 311M->211M(320M) 4.603ms
[2026-03-23T15:41:56.818+0900][8.610s][info][gc,cpu      ] GC(18) User=0.00s Sys=0.00s Real=0.00s
[2026-03-23T15:41:57.232+0900][9.023s][info][gc,start    ] GC(19) Pause Young (Allocation Failure)
[2026-03-23T15:41:57.236+0900][9.028s][info][gc,heap     ] GC(19) PSYoungGen: 120504K(121856K)->8736K(116224K) Eden: 109208K(110080K)->0K(107008K) From: 11296K(11776K)->8736K(9216K)
[2026-03-23T15:41:57.237+0900][9.028s][info][gc,heap     ] GC(19) ParOldGen: 205614K(206336K)->217399K(218112K)
[2026-03-23T15:41:57.237+0900][9.028s][info][gc,metaspace] GC(19) Metaspace: 237K(448K)->237K(448K) NonClass: 222K(320K)->222K(320K) Class: 14K(128K)->14K(128K)
[2026-03-23T15:41:57.237+0900][9.028s][info][gc          ] GC(19) Pause Young (Allocation Failure) 318M->220M(326M) 4.923ms
[2026-03-23T15:41:57.237+0900][9.028s][info][gc,cpu      ] GC(19) User=0.00s Sys=0.00s Real=0.00s
[2026-03-23T15:41:57.621+0900][9.413s][info][gc,start    ] GC(20) Pause Young (Allocation Failure)
[2026-03-23T15:41:57.626+0900][9.417s][info][gc,heap     ] GC(20) PSYoungGen: 114811K(116224K)->11296K(124416K) Eden: 106075K(107008K)->0K(110080K) From: 8736K(9216K)->11296K(14336K)
[2026-03-23T15:41:57.626+0900][9.417s][info][gc,heap     ] GC(20) ParOldGen: 217399K(218112K)->226111K(227328K)
[2026-03-23T15:41:57.626+0900][9.417s][info][gc,metaspace] GC(20) Metaspace: 237K(448K)->237K(448K) NonClass: 222K(320K)->222K(320K) Class: 14K(128K)->14K(128K)
[2026-03-23T15:41:57.626+0900][9.417s][info][gc          ] GC(20) Pause Young (Allocation Failure) 324M->231M(343M) 4.701ms
[2026-03-23T15:41:57.626+0900][9.417s][info][gc,cpu      ] GC(20) User=0.00s Sys=0.00s Real=0.00s
[2026-03-23T15:41:58.039+0900][9.830s][info][gc,start    ] GC(21) Pause Young (Allocation Failure)
[2026-03-23T15:41:58.044+0900][9.835s][info][gc,heap     ] GC(21) PSYoungGen: 120505K(124416K)->9760K(160256K) Eden: 109209K(110080K)->0K(145920K) From: 11296K(14336K)->9760K(14336K)
[2026-03-23T15:41:58.044+0900][9.835s][info][gc,heap     ] GC(21) ParOldGen: 226111K(227328K)->236871K(237568K)
[2026-03-23T15:41:58.044+0900][9.835s][info][gc,metaspace] GC(21) Metaspace: 237K(448K)->237K(448K) NonClass: 222K(320K)->222K(320K) Class: 14K(128K)->14K(128K)
[2026-03-23T15:41:58.044+0900][9.835s][info][gc          ] GC(21) Pause Young (Allocation Failure) 338M->240M(388M) 5.101ms
[2026-03-23T15:41:58.044+0900][9.835s][info][gc,cpu      ] GC(21) User=0.01s Sys=0.00s Real=0.01s
[2026-03-23T15:41:58.587+0900][10.379s][info][gc,start    ] GC(22) Pause Young (Allocation Failure)
[2026-03-23T15:41:58.593+0900][10.385s][info][gc,heap     ] GC(22) PSYoungGen: 155526K(160256K)->13856K(160256K) Eden: 145766K(145920K)->0K(145920K) From: 9760K(14336K)->13856K(14336K)
[2026-03-23T15:41:58.593+0900][10.385s][info][gc,heap     ] GC(22) ParOldGen: 236871K(237568K)->246096K(246784K)
[2026-03-23T15:41:58.593+0900][10.385s][info][gc,metaspace] GC(22) Metaspace: 237K(448K)->237K(448K) NonClass: 222K(320K)->222K(320K) Class: 14K(128K)->14K(128K)
[2026-03-23T15:41:58.593+0900][10.385s][info][gc          ] GC(22) Pause Young (Allocation Failure) 383M->253M(397M) 6.151ms
[2026-03-23T15:41:58.594+0900][10.385s][info][gc,cpu      ] GC(22) User=0.00s Sys=0.00s Real=0.01s
[2026-03-23T15:41:59.130+0900][10.921s][info][gc,start    ] GC(23) Pause Young (Allocation Failure)
[2026-03-23T15:41:59.136+0900][10.928s][info][gc,heap     ] GC(23) PSYoungGen: 159106K(160256K)->12832K(158208K) Eden: 145250K(145920K)->0K(143872K) From: 13856K(14336K)->12832K(14336K)
[2026-03-23T15:41:59.136+0900][10.928s][info][gc,heap     ] GC(23) ParOldGen: 246096K(246784K)->259928K(260608K)
[2026-03-23T15:41:59.136+0900][10.928s][info][gc,metaspace] GC(23) Metaspace: 237K(448K)->237K(448K) NonClass: 222K(320K)->222K(320K) Class: 14K(128K)->14K(128K)
[2026-03-23T15:41:59.136+0900][10.928s][info][gc          ] GC(23) Pause Young (Allocation Failure) 395M->266M(409M) 6.653ms
[2026-03-23T15:41:59.136+0900][10.928s][info][gc,cpu      ] GC(23) User=0.01s Sys=0.00s Real=0.00s
[2026-03-23T15:41:59.671+0900][11.462s][info][gc,start    ] GC(24) Pause Young (Allocation Failure)
[2026-03-23T15:41:59.678+0900][11.470s][info][gc,heap     ] GC(24) PSYoungGen: 155994K(158208K)->14368K(158720K) Eden: 143161K(143872K)->0K(143872K) From: 12832K(14336K)->14368K(14848K)
[2026-03-23T15:41:59.678+0900][11.470s][info][gc,heap     ] GC(24) ParOldGen: 259928K(260608K)->272224K(272896K)
[2026-03-23T15:41:59.678+0900][11.470s][info][gc,metaspace] GC(24) Metaspace: 237K(448K)->237K(448K) NonClass: 222K(320K)->222K(320K) Class: 14K(128K)->14K(128K)
[2026-03-23T15:41:59.678+0900][11.470s][info][gc          ] GC(24) Pause Young (Allocation Failure) 406M->279M(421M) 7.586ms
[2026-03-23T15:41:59.678+0900][11.470s][info][gc,cpu      ] GC(24) User=0.00s Sys=0.00s Real=0.00s
[2026-03-23T15:42:00.214+0900][12.005s][info][gc,start    ] GC(25) Pause Young (Allocation Failure)
[2026-03-23T15:42:00.219+0900][12.011s][info][gc,heap     ] GC(25) PSYoungGen: 157530K(158720K)->12832K(157696K) Eden: 143162K(143872K)->0K(141824K) From: 14368K(14848K)->12832K(15872K)
[2026-03-23T15:42:00.219+0900][12.011s][info][gc,heap     ] GC(25) ParOldGen: 272224K(272896K)->286057K(286720K)
[2026-03-23T15:42:00.219+0900][12.011s][info][gc,metaspace] GC(25) Metaspace: 237K(448K)->237K(448K) NonClass: 222K(320K)->222K(320K) Class: 14K(128K)->14K(128K)
[2026-03-23T15:42:00.219+0900][12.011s][info][gc          ] GC(25) Pause Young (Allocation Failure) 419M->291M(434M) 5.429ms
[2026-03-23T15:42:00.219+0900][12.011s][info][gc,cpu      ] GC(25) User=0.01s Sys=0.01s Real=0.00s
[2026-03-23T15:42:00.741+0900][12.533s][info][gc,start    ] GC(26) Pause Young (Allocation Failure)
[2026-03-23T15:42:00.746+0900][12.537s][info][gc,heap     ] GC(26) PSYoungGen: 154418K(157696K)->14368K(156672K) Eden: 141585K(141824K)->0K(141824K) From: 12832K(15872K)->14368K(14848K)
[2026-03-23T15:42:00.746+0900][12.537s][info][gc,heap     ] GC(26) ParOldGen: 286057K(286720K)->298353K(299008K)
[2026-03-23T15:42:00.746+0900][12.537s][info][gc,metaspace] GC(26) Metaspace: 237K(448K)->237K(448K) NonClass: 222K(320K)->222K(320K) Class: 14K(128K)->14K(128K)
[2026-03-23T15:42:00.746+0900][12.537s][info][gc          ] GC(26) Pause Young (Allocation Failure) 430M->305M(445M) 4.289ms
[2026-03-23T15:42:00.746+0900][12.537s][info][gc,cpu      ] GC(26) User=0.00s Sys=0.00s Real=0.00s
[2026-03-23T15:42:01.057+0900][12.849s][info][gc,heap,exit] Heap
[2026-03-23T15:42:01.057+0900][12.849s][info][gc,heap,exit]  PSYoungGen      total 156672K, used 98373K [0x000000059fd80000, 0x00000005aa800000, 0x00000005aa800000)
[2026-03-23T15:42:01.057+0900][12.849s][info][gc,heap,exit]   eden space 141824K, 59% used [0x000000059fd80000,0x00000005a4f894e8,0x00000005a8800000)
[2026-03-23T15:42:01.057+0900][12.849s][info][gc,heap,exit]   from space 14848K, 96% used [0x00000005a8800000,0x00000005a96081c8,0x00000005a9680000)
[2026-03-23T15:42:01.058+0900][12.849s][info][gc,heap,exit]   to   space 16896K, 0% used [0x00000005a9780000,0x00000005a9780000,0x00000005aa800000)
[2026-03-23T15:42:01.058+0900][12.849s][info][gc,heap,exit]  ParOldGen       total 299008K, used 298353K [0x000000058a800000, 0x000000059cc00000, 0x000000059fd80000)
[2026-03-23T15:42:01.058+0900][12.849s][info][gc,heap,exit]   object space 299008K, 99% used [0x000000058a800000,0x000000059cb5c6d0,0x000000059cc00000)
[2026-03-23T15:42:01.058+0900][12.849s][info][gc,heap,exit]  Metaspace       used 238K, committed 448K, reserved 1114112K
[2026-03-23T15:42:01.058+0900][12.849s][info][gc,heap,exit]   class space    used 15K, committed 128K, reserved 1048576K
