[2026-03-27T00:30:08.097+0900][0.020s][info][gc,init] CardTable entry size: 512
[2026-03-27T00:30:08.097+0900][0.021s][info][gc     ] Using G1
[2026-03-27T00:30:08.101+0900][0.024s][info][gc,init] Version: 21.0.10+7-LTS (release)
[2026-03-27T00:30:08.101+0900][0.024s][info][gc,init] CPUs: 8 total, 8 available
[2026-03-27T00:30:08.101+0900][0.024s][info][gc,init] Memory: 15914M
[2026-03-27T00:30:08.101+0900][0.024s][info][gc,init] Large Page Support: Disabled
[2026-03-27T00:30:08.101+0900][0.024s][info][gc,init] NUMA Support: Disabled
[2026-03-27T00:30:08.101+0900][0.024s][info][gc,init] Compressed Oops: Enabled (32-bit)
[2026-03-27T00:30:08.101+0900][0.024s][info][gc,init] Heap Region Size: 1M
[2026-03-27T00:30:08.101+0900][0.024s][info][gc,init] Heap Min Capacity: 256M
[2026-03-27T00:30:08.101+0900][0.024s][info][gc,init] Heap Initial Capacity: 256M
[2026-03-27T00:30:08.101+0900][0.025s][info][gc,init] Heap Max Capacity: 512M
[2026-03-27T00:30:08.101+0900][0.025s][info][gc,init] Pre-touch: Disabled
[2026-03-27T00:30:08.101+0900][0.025s][info][gc,init] Parallel Workers: 8
[2026-03-27T00:30:08.101+0900][0.025s][info][gc,init] Concurrent Workers: 2
[2026-03-27T00:30:08.101+0900][0.025s][info][gc,init] Concurrent Refinement Workers: 8
[2026-03-27T00:30:08.101+0900][0.025s][info][gc,init] Periodic GC: Disabled
[2026-03-27T00:30:08.112+0900][0.036s][info][gc,metaspace] CDS archive(s) mapped at: [0x000001e255000000-0x000001e255c80000-0x000001e255c80000), size 13107200, SharedBaseAddress: 0x000001e255000000, ArchiveRelocationMode: 1.
[2026-03-27T00:30:08.112+0900][0.036s][info][gc,metaspace] Compressed class space mapped at: 0x000001e256000000-0x000001e296000000, reserved size: 1073741824
[2026-03-27T00:30:08.112+0900][0.036s][info][gc,metaspace] Narrow klass base: 0x000001e255000000, Narrow klass shift: 0, Narrow klass range: 0x100000000
[2026-03-27T00:30:11.520+0900][3.444s][info][gc,start    ] GC(0) Pause Young (Concurrent Start) (G1 Humongous Allocation)
[2026-03-27T00:30:11.521+0900][3.444s][info][gc,task     ] GC(0) Using 6 workers of 8 for evacuation
[2026-03-27T00:30:11.526+0900][3.450s][info][gc,phases   ] GC(0)   Pre Evacuate Collection Set: 0.59ms
[2026-03-27T00:30:11.526+0900][3.450s][info][gc,phases   ] GC(0)   Merge Heap Roots: 0.07ms
[2026-03-27T00:30:11.526+0900][3.450s][info][gc,phases   ] GC(0)   Evacuate Collection Set: 3.74ms
[2026-03-27T00:30:11.526+0900][3.450s][info][gc,phases   ] GC(0)   Post Evacuate Collection Set: 0.56ms
[2026-03-27T00:30:11.526+0900][3.450s][info][gc,phases   ] GC(0)   Other: 0.49ms
[2026-03-27T00:30:11.526+0900][3.450s][info][gc,heap     ] GC(0) Eden regions: 2->0(17)
[2026-03-27T00:30:11.526+0900][3.450s][info][gc,heap     ] GC(0) Survivor regions: 0->1(3)
[2026-03-27T00:30:11.527+0900][3.450s][info][gc,heap     ] GC(0) Old regions: 0->0
[2026-03-27T00:30:11.527+0900][3.450s][info][gc,heap     ] GC(0) Humongous regions: 116->12
[2026-03-27T00:30:11.527+0900][3.450s][info][gc,metaspace] GC(0) Metaspace: 248K(448K)->248K(448K) NonClass: 234K(320K)->234K(320K) Class: 13K(128K)->13K(128K)
[2026-03-27T00:30:11.527+0900][3.450s][info][gc          ] GC(0) Pause Young (Concurrent Start) (G1 Humongous Allocation) 118M->12M(256M) 6.230ms
[2026-03-27T00:30:11.527+0900][3.450s][info][gc,cpu      ] GC(0) User=0.00s Sys=0.00s Real=0.01s
[2026-03-27T00:30:11.527+0900][3.450s][info][gc          ] GC(1) Concurrent Undo Cycle
[2026-03-27T00:30:11.527+0900][3.450s][info][gc,marking  ] GC(1) Concurrent Clear Claimed Marks
[2026-03-27T00:30:11.527+0900][3.450s][info][gc,marking  ] GC(1) Concurrent Clear Claimed Marks 0.029ms
[2026-03-27T00:30:11.527+0900][3.450s][info][gc,marking  ] GC(1) Concurrent Cleanup for Next Mark
[2026-03-27T00:30:11.527+0900][3.450s][info][gc,marking  ] GC(1) Concurrent Cleanup for Next Mark 0.063ms
[2026-03-27T00:30:11.527+0900][3.450s][info][gc          ] GC(1) Concurrent Undo Cycle 0.240ms
[2026-03-27T00:30:12.388+0900][4.312s][info][gc,heap,exit] Heap
[2026-03-27T00:30:12.388+0900][4.312s][info][gc,heap,exit]  garbage-first heap   total 262144K, used 44989K [0x00000000e0000000, 0x0000000100000000)
[2026-03-27T00:30:12.388+0900][4.312s][info][gc,heap,exit]   region size 1024K, 3 young (3072K), 1 survivors (1024K)
[2026-03-27T00:30:12.388+0900][4.312s][info][gc,heap,exit]  Metaspace       used 392K, committed 576K, reserved 1114112K
[2026-03-27T00:30:12.388+0900][4.312s][info][gc,heap,exit]   class space    used 30K, committed 128K, reserved 1048576K
