[2026-03-27T00:29:36.021+0900][0.021s][info][gc,init] CardTable entry size: 512
[2026-03-27T00:29:36.021+0900][0.022s][info][gc     ] Using Parallel
[2026-03-27T00:29:36.023+0900][0.024s][info][gc,init] Version: 21.0.10+7-LTS (release)
[2026-03-27T00:29:36.023+0900][0.024s][info][gc,init] CPUs: 8 total, 8 available
[2026-03-27T00:29:36.023+0900][0.024s][info][gc,init] Memory: 15914M
[2026-03-27T00:29:36.023+0900][0.024s][info][gc,init] Large Page Support: Disabled
[2026-03-27T00:29:36.023+0900][0.024s][info][gc,init] NUMA Support: Disabled
[2026-03-27T00:29:36.023+0900][0.024s][info][gc,init] Compressed Oops: Enabled (32-bit)
[2026-03-27T00:29:36.024+0900][0.025s][info][gc,init] Alignments: Space 512K, Generation 512K, Heap 2M
[2026-03-27T00:29:36.024+0900][0.025s][info][gc,init] Heap Min Capacity: 256M
[2026-03-27T00:29:36.024+0900][0.025s][info][gc,init] Heap Initial Capacity: 256M
[2026-03-27T00:29:36.024+0900][0.025s][info][gc,init] Heap Max Capacity: 512M
[2026-03-27T00:29:36.024+0900][0.025s][info][gc,init] Pre-touch: Disabled
[2026-03-27T00:29:36.024+0900][0.025s][info][gc,init] Parallel Workers: 4
[2026-03-27T00:29:36.037+0900][0.037s][info][gc,metaspace] CDS archive(s) mapped at: [0x000002500f000000-0x000002500fc80000-0x000002500fc80000), size 13107200, SharedBaseAddress: 0x000002500f000000, ArchiveRelocationMode: 1.
[2026-03-27T00:29:36.037+0900][0.037s][info][gc,metaspace] Compressed class space mapped at: 0x0000025010000000-0x0000025050000000, reserved size: 1073741824
[2026-03-27T00:29:36.037+0900][0.038s][info][gc,metaspace] Narrow klass base: 0x000002500f000000, Narrow klass shift: 0, Narrow klass range: 0x100000000
[2026-03-27T00:29:39.373+0900][3.374s][info][gc,start    ] GC(0) Pause Young (Allocation Failure)
[2026-03-27T00:29:39.377+0900][3.378s][info][gc,heap     ] GC(0) PSYoungGen: 64922K(76288K)->6912K(76288K) Eden: 64922K(65536K)->0K(65536K) From: 0K(10752K)->6912K(10752K)
[2026-03-27T00:29:39.377+0900][3.378s][info][gc,heap     ] GC(0) ParOldGen: 0K(175104K)->8K(175104K)
[2026-03-27T00:29:39.377+0900][3.378s][info][gc,metaspace] GC(0) Metaspace: 254K(448K)->254K(448K) NonClass: 240K(320K)->240K(320K) Class: 13K(128K)->13K(128K)
[2026-03-27T00:29:39.377+0900][3.378s][info][gc          ] GC(0) Pause Young (Allocation Failure) 63M->6M(245M) 4.313ms
[2026-03-27T00:29:39.377+0900][3.378s][info][gc,cpu      ] GC(0) User=0.00s Sys=0.00s Real=0.00s
[2026-03-27T00:29:43.276+0900][7.277s][info][gc,start    ] GC(1) Pause Young (Allocation Failure)
[2026-03-27T00:29:43.279+0900][7.280s][info][gc,heap     ] GC(1) PSYoungGen: 72301K(76288K)->9984K(76288K) Eden: 65388K(65536K)->0K(65536K) From: 6912K(10752K)->9984K(10752K)
[2026-03-27T00:29:43.279+0900][7.280s][info][gc,heap     ] GC(1) ParOldGen: 8K(175104K)->2064K(175104K)
[2026-03-27T00:29:43.279+0900][7.280s][info][gc,metaspace] GC(1) Metaspace: 257K(448K)->257K(448K) NonClass: 243K(320K)->243K(320K) Class: 13K(128K)->13K(128K)
[2026-03-27T00:29:43.279+0900][7.280s][info][gc          ] GC(1) Pause Young (Allocation Failure) 70M->11M(245M) 3.388ms
[2026-03-27T00:29:43.279+0900][7.280s][info][gc,cpu      ] GC(1) User=0.00s Sys=0.00s Real=0.00s
[2026-03-27T00:29:46.822+0900][10.822s][info][gc,start    ] GC(2) Pause Young (Allocation Failure)
[2026-03-27T00:29:46.825+0900][10.825s][info][gc,heap     ] GC(2) PSYoungGen: 75159K(76288K)->9968K(76288K) Eden: 65175K(65536K)->0K(65536K) From: 9984K(10752K)->9968K(10752K)
[2026-03-27T00:29:46.825+0900][10.825s][info][gc,heap     ] GC(2) ParOldGen: 2064K(175104K)->8216K(175104K)
[2026-03-27T00:29:46.825+0900][10.825s][info][gc,metaspace] GC(2) Metaspace: 259K(448K)->259K(448K) NonClass: 245K(320K)->245K(320K) Class: 13K(128K)->13K(128K)
[2026-03-27T00:29:46.825+0900][10.825s][info][gc          ] GC(2) Pause Young (Allocation Failure) 75M->17M(245M) 3.199ms
[2026-03-27T00:29:46.825+0900][10.825s][info][gc,cpu      ] GC(2) User=0.00s Sys=0.00s Real=0.00s
[2026-03-27T00:29:50.381+0900][14.382s][info][gc,start    ] GC(3) Pause Young (Allocation Failure)
[2026-03-27T00:29:50.384+0900][14.385s][info][gc,heap     ] GC(3) PSYoungGen: 74730K(76288K)->9968K(76288K) Eden: 64762K(65536K)->0K(65536K) From: 9968K(10752K)->9968K(10752K)
[2026-03-27T00:29:50.384+0900][14.385s][info][gc,heap     ] GC(3) ParOldGen: 8216K(175104K)->14368K(175104K)
[2026-03-27T00:29:50.385+0900][14.385s][info][gc,metaspace] GC(3) Metaspace: 260K(448K)->260K(448K) NonClass: 246K(320K)->246K(320K) Class: 13K(128K)->13K(128K)
[2026-03-27T00:29:50.385+0900][14.385s][info][gc          ] GC(3) Pause Young (Allocation Failure) 81M->23M(245M) 3.260ms
[2026-03-27T00:29:50.385+0900][14.385s][info][gc,cpu      ] GC(3) User=0.02s Sys=0.02s Real=0.00s
[2026-03-27T00:29:53.986+0900][17.987s][info][gc,start    ] GC(4) Pause Young (Allocation Failure)
[2026-03-27T00:29:53.989+0900][17.990s][info][gc,heap     ] GC(4) PSYoungGen: 75018K(76288K)->10000K(74240K) Eden: 65050K(65536K)->0K(64000K) From: 9968K(10752K)->10000K(10240K)
[2026-03-27T00:29:53.989+0900][17.990s][info][gc,heap     ] GC(4) ParOldGen: 14368K(175104K)->20520K(175104K)
[2026-03-27T00:29:53.989+0900][17.990s][info][gc,metaspace] GC(4) Metaspace: 265K(448K)->265K(448K) NonClass: 251K(320K)->251K(320K) Class: 13K(128K)->13K(128K)
[2026-03-27T00:29:53.989+0900][17.990s][info][gc          ] GC(4) Pause Young (Allocation Failure) 87M->29M(243M) 3.286ms
[2026-03-27T00:29:53.989+0900][17.990s][info][gc,cpu      ] GC(4) User=0.00s Sys=0.00s Real=0.00s
[2026-03-27T00:29:57.538+0900][21.538s][info][gc,start    ] GC(5) Pause Young (Allocation Failure)
[2026-03-27T00:29:57.541+0900][21.542s][info][gc,heap     ] GC(5) PSYoungGen: 73725K(74240K)->10992K(73728K) Eden: 63724K(64000K)->0K(62464K) From: 10000K(10240K)->10992K(11264K)
[2026-03-27T00:29:57.541+0900][21.543s][info][gc,heap     ] GC(5) ParOldGen: 20520K(175104K)->24624K(175104K)
[2026-03-27T00:29:57.541+0900][21.543s][info][gc,metaspace] GC(5) Metaspace: 265K(448K)->265K(448K) NonClass: 251K(320K)->251K(320K) Class: 13K(128K)->13K(128K)
[2026-03-27T00:29:57.541+0900][21.543s][info][gc          ] GC(5) Pause Young (Allocation Failure) 92M->34M(243M) 4.078ms
[2026-03-27T00:29:57.541+0900][21.543s][info][gc,cpu      ] GC(5) User=0.03s Sys=0.02s Real=0.00s
[2026-03-27T00:30:00.967+0900][24.969s][info][gc,start    ] GC(6) Pause Young (Allocation Failure)
[2026-03-27T00:30:00.972+0900][24.973s][info][gc,heap     ] GC(6) PSYoungGen: 72644K(73728K)->11360K(73216K) Eden: 61651K(62464K)->0K(61440K) From: 10992K(11264K)->11360K(11776K)
[2026-03-27T00:30:00.972+0900][24.973s][info][gc,heap     ] GC(6) ParOldGen: 24624K(175104K)->30468K(175104K)
[2026-03-27T00:30:00.972+0900][24.973s][info][gc,metaspace] GC(6) Metaspace: 269K(448K)->269K(448K) NonClass: 255K(320K)->255K(320K) Class: 13K(128K)->13K(128K)
[2026-03-27T00:30:00.972+0900][24.973s][info][gc          ] GC(6) Pause Young (Allocation Failure) 94M->40M(242M) 4.435ms
[2026-03-27T00:30:00.972+0900][24.973s][info][gc,cpu      ] GC(6) User=0.00s Sys=0.00s Real=0.00s
[2026-03-27T00:30:04.546+0900][28.547s][info][gc,start    ] GC(7) Pause Young (Allocation Failure)
[2026-03-27T00:30:04.548+0900][28.549s][info][gc,heap     ] GC(7) PSYoungGen: 71971K(73216K)->12416K(73216K) Eden: 60611K(61440K)->0K(60416K) From: 11360K(11776K)->12416K(12800K)
[2026-03-27T00:30:04.548+0900][28.549s][info][gc,heap     ] GC(7) ParOldGen: 30468K(175104K)->34572K(175104K)
[2026-03-27T00:30:04.548+0900][28.549s][info][gc,metaspace] GC(7) Metaspace: 269K(448K)->269K(448K) NonClass: 255K(320K)->255K(320K) Class: 13K(128K)->13K(128K)
[2026-03-27T00:30:04.548+0900][28.549s][info][gc          ] GC(7) Pause Young (Allocation Failure) 100M->45M(242M) 1.385ms
[2026-03-27T00:30:04.548+0900][28.549s][info][gc,cpu      ] GC(7) User=0.00s Sys=0.00s Real=0.00s
[2026-03-27T00:30:07.876+0900][31.877s][info][gc,start    ] GC(8) Pause Young (Allocation Failure)
[2026-03-27T00:30:07.878+0900][31.879s][info][gc,heap     ] GC(8) PSYoungGen: 71985K(73216K)->13376K(73216K) Eden: 59569K(60416K)->0K(59392K) From: 12416K(12800K)->13376K(13824K)
[2026-03-27T00:30:07.878+0900][31.879s][info][gc,heap     ] GC(8) ParOldGen: 34572K(175104K)->38692K(175104K)
[2026-03-27T00:30:07.878+0900][31.879s][info][gc,metaspace] GC(8) Metaspace: 270K(448K)->270K(448K) NonClass: 256K(320K)->256K(320K) Class: 13K(128K)->13K(128K)
[2026-03-27T00:30:07.878+0900][31.879s][info][gc          ] GC(8) Pause Young (Allocation Failure) 104M->50M(242M) 1.976ms
[2026-03-27T00:30:07.878+0900][31.879s][info][gc,cpu      ] GC(8) User=0.00s Sys=0.00s Real=0.00s
[2026-03-27T00:30:08.001+0900][32.002s][info][gc,heap,exit] Heap
[2026-03-27T00:30:08.001+0900][32.002s][info][gc,heap,exit]  PSYoungGen      total 73216K, used 16769K [0x00000000f5580000, 0x00000000fac80000, 0x0000000100000000)
[2026-03-27T00:30:08.001+0900][32.002s][info][gc,heap,exit]   eden space 59392K, 5% used [0x00000000f5580000,0x00000000f58d05d8,0x00000000f8f80000)
[2026-03-27T00:30:08.001+0900][32.002s][info][gc,heap,exit]   from space 13824K, 96% used [0x00000000f9080000,0x00000000f9d900d0,0x00000000f9e00000)
[2026-03-27T00:30:08.001+0900][32.002s][info][gc,heap,exit]   to   space 14848K, 0% used [0x00000000f9e00000,0x00000000f9e00000,0x00000000fac80000)
[2026-03-27T00:30:08.001+0900][32.003s][info][gc,heap,exit]  ParOldGen       total 175104K, used 38692K [0x00000000e0000000, 0x00000000eab00000, 0x00000000f5580000)
[2026-03-27T00:30:08.001+0900][32.003s][info][gc,heap,exit]   object space 175104K, 22% used [0x00000000e0000000,0x00000000e25c9290,0x00000000eab00000)
[2026-03-27T00:30:08.002+0900][32.003s][info][gc,heap,exit]  Metaspace       used 271K, committed 448K, reserved 1114112K
[2026-03-27T00:30:08.002+0900][32.003s][info][gc,heap,exit]   class space    used 14K, committed 128K, reserved 1048576K
